08-05 01:25:07.091 10409 11042 D OkHttp  : {"by":"fpgaminer","id":23970275,"parent":23970116,"text":"I think this is the guide I used awhile back to disable the feature: <a href=\"https:&#x2F;&#x2F;lifehacker.com&#x2F;how-to-keep-spam-out-of-your-google-calendar-1835810050\" rel=\"nofollow\">https:&#x2F;&#x2F;lifehacker.com&#x2F;how-to-keep-spam-out-of-your-google-c...</a>","time":1595889685,"type":"comment"}
08-05 01:25:07.091 10409 11042 D OkHttp  : <-- END HTTP (369-byte body)
08-05 01:25:07.110 10409 11032 D OkHttp  : {"by":"fortran77","id":23969892,"kids":[23969948,23971257,23970499],"parent":23969822,"text":"Did you tell him? Lots of good music from De bussy<p><a href=\"https:&#x2F;&#x2F;en.wikipedia.org&#x2F;wiki&#x2F;Claude_Debussy\" rel=\"nofollow\">https:&#x2F;&#x2F;en.wikipedia.org&#x2F;wiki&#x2F;Claude_Debussy</a>","time":1595887108,"type":"comment"}
08-05 01:25:07.110 10409 11032 D OkHttp  : <-- END HTTP (346-byte body)
08-05 01:25:07.124 10409 10478 I art     : Explicit concurrent mark sweep GC freed 3108(370KB) AllocSpace objects, 4(88KB) LOS objects, 32% free, 33MB/49MB, paused 3.321ms total 61.553ms
08-05 01:25:07.165 10409 10409 I chromium: [INFO:CONSOLE(0)] "Access to XMLHttpRequest at 'https://play.google.com/log?format=json&hasfast=true&authuser=0' from origin 'https://support.google.com' has been blocked by CORS policy: Response to preflight request doesn't pass access control check: No 'Access-Control-Allow-Origin' header is present on the requested resource.", source: https://support.google.com/drive/thread/3708017?hl=en (0)
08-05 01:25:07.183 10409 10409 I chromium: [INFO:CONSOLE(0)] "Access to XMLHttpRequest at 'https://play.google.com/log?format=json&hasfast=true&authuser=0' from origin 'https://support.google.com' has been blocked by CORS policy: Response to preflight request doesn't pass access control check: No 'Access-Control-Allow-Origin' header is present on the requested resource.", source: https://support.google.com/drive/thread/3708017?hl=en (0)
08-05 01:25:07.294 10409 11091 D MYTAG   : interceptor 1
08-05 01:25:07.295 10409 11091 I NAPPA_EXPERIMENTATION: MetricNetworkRequestExecutionTime: REQUEST_DURATION_SYSTEM='69',REQUEST_DURATION_OKHTTP='69',REQUEST_SYNCHRONOUS='TRUE',RESPONSE_CODE='200',RESPONSE_METHOD='GET',RESPONSE_LENGTH_OKHTTP='370',RESPONSE_LENGTH_HEADER='-2',REQUEST_PROTOCOL='http/1.1',REQUEST_URL='https://hacker-news.firebaseio.com/v0/item/23970366.json',
08-05 01:25:07.298 10409 11091 D OkHttp  : <-- 200 OK https://hacker-news.firebaseio.com/v0/item/23970366.json (789ms)
08-05 01:25:07.298 10409 11091 D OkHttp  : Server: nginx
08-05 01:25:07.298 10409 11091 D OkHttp  : Date: Tue, 04 Aug 2020 23:25:03 GMT
08-05 01:25:07.298 10409 11091 D OkHttp  : Content-Type: application/json; charset=utf-8
08-05 01:25:07.299 10409 11091 D OkHttp  : Content-Length: 370
08-05 01:25:07.299 10409 11091 D OkHttp  : Connection: keep-alive
08-05 01:25:07.299 10409 11091 D OkHttp  : Access-Control-Allow-Origin: *
08-05 01:25:07.299 10409 11091 D OkHttp  : Strict-Transport-Security: max-age=31556926; includeSubDomains; preload
08-05 01:25:07.299 10409 11091 D OkHttp  : Cache-Control: Cache-Control: max-age=1800
08-05 01:25:07.330 10409 11091 D OkHttp  : {"by":"malwarebytess","id":23970366,"kids":[23970459],"parent":23970041,"text":"I still get this. It was bad enough on my &quot;sign up for shit&quot; email address that I had to disconnect that account from my smartphone because it kept spamming me with notifications in my calendar to &quot;earn $1500 a week working at home!&quot;","time":1595890440,"type":"comment"}
08-05 01:25:07.330 10409 11091 D OkHttp  : <-- END HTTP (370-byte body)
08-05 01:25:07.381 10409 11034 D OkHttp  : --> GET https://hacker-news.firebaseio.com/v0/item/23970459.json
08-05 01:25:07.381 10409 11034 D OkHttp  : Cache-Control: max-age=1800
08-05 01:25:07.381 10409 11034 D OkHttp  : --> END GET
08-05 01:25:07.419 10409 10483 D MYTAG   : interceptor 1
08-05 01:25:07.420 10409 10483 I NAPPA_EXPERIMENTATION: MetricNetworkRequestExecutionTime: REQUEST_DURATION_SYSTEM='169',REQUEST_DURATION_OKHTTP='169',REQUEST_SYNCHRONOUS='TRUE',RESPONSE_CODE='200',RESPONSE_METHOD='GET',RESPONSE_LENGTH_OKHTTP='294',RESPONSE_LENGTH_HEADER='-2',REQUEST_PROTOCOL='http/1.1',REQUEST_URL='https://hacker-news.firebaseio.com/v0/item/23971544.json',
08-05 01:25:07.424 10409 11044 D MYTAG   : interceptor 1
08-05 01:25:07.424 10409 11044 I NAPPA_EXPERIMENTATION: MetricNetworkRequestExecutionTime: REQUEST_DURATION_SYSTEM='196',REQUEST_DURATION_OKHTTP='196',REQUEST_SYNCHRONOUS='TRUE',RESPONSE_CODE='200',RESPONSE_METHOD='GET',RESPONSE_LENGTH_OKHTTP='290',RESPONSE_LENGTH_HEADER='-2',REQUEST_PROTOCOL='http/1.1',REQUEST_URL='https://hacker-news.firebaseio.com/v0/item/23970864.json',
08-05 01:25:07.425 10409 10488 D MYTAG   : interceptor 1
08-05 01:25:07.426 10409 10488 I NAPPA_EXPERIMENTATION: MetricNetworkRequestExecutionTime: REQUEST_DURATION_SYSTEM='173',REQUEST_DURATION_OKHTTP='173',REQUEST_SYNCHRONOUS='TRUE',RESPONSE_CODE='200',RESPONSE_METHOD='GET',RESPONSE_LENGTH_OKHTTP='211',RESPONSE_LENGTH_HEADER='-2',REQUEST_PROTOCOL='http/1.1',REQUEST_URL='https://hacker-news.firebaseio.com/v0/item/23970388.json',
08-05 01:25:07.429 10409 10488 D OkHttp  : <-- 200 OK https://hacker-news.firebaseio.com/v0/item/23970388.json (1030ms)
08-05 01:25:07.429 10409 10488 D OkHttp  : Server: nginx
08-05 01:25:07.429 10409 10488 D OkHttp  : Date: Tue, 04 Aug 2020 23:25:03 GMT
08-05 01:25:07.429 10409 10488 D OkHttp  : Content-Type: application/json; charset=utf-8
08-05 01:25:07.429 10409 10488 D OkHttp  : Content-Length: 211
08-05 01:25:07.429 10409 10488 D OkHttp  : Connection: keep-alive
08-05 01:25:07.429 10409 10488 D OkHttp  : Access-Control-Allow-Origin: *
08-05 01:25:07.429 10409 10488 D OkHttp  : Strict-Transport-Security: max-age=31556926; includeSubDomains; preload
08-05 01:25:07.429 10409 10488 D OkHttp  : Cache-Control: Cache-Control: max-age=1800
08-05 01:25:07.430 10409 10483 D OkHttp  : <-- 200 OK https://hacker-news.firebaseio.com/v0/item/23971544.json (938ms)
08-05 01:25:07.430 10409 10483 D OkHttp  : Server: nginx
08-05 01:25:07.430 10409 10483 D OkHttp  : Date: Tue, 04 Aug 2020 23:25:03 GMT
08-05 01:25:07.430 10409 10483 D OkHttp  : Content-Type: application/json; charset=utf-8
08-05 01:25:07.431 10409 10483 D OkHttp  : Content-Length: 294
08-05 01:25:07.431 10409 10483 D OkHttp  : Connection: keep-alive
08-05 01:25:07.431 10409 10483 D OkHttp  : Access-Control-Allow-Origin: *
08-05 01:25:07.431 10409 11044 D OkHttp  : <-- 200 OK https://hacker-news.firebaseio.com/v0/item/23970864.json (932ms)
08-05 01:25:07.431 10409 10483 D OkHttp  : Strict-Transport-Security: max-age=31556926; includeSubDomains; preload
08-05 01:25:07.431 10409 11044 D OkHttp  : Server: nginx
08-05 01:25:07.431 10409 10483 D OkHttp  : Cache-Control: Cache-Control: max-age=1800
08-05 01:25:07.431 10409 11044 D OkHttp  : Date: Tue, 04 Aug 2020 23:25:03 GMT
08-05 01:25:07.431 10409 11044 D OkHttp  : Content-Type: application/json; charset=utf-8
08-05 01:25:07.431 10409 11044 D OkHttp  : Content-Length: 290
08-05 01:25:07.431 10409 11044 D OkHttp  : Connection: keep-alive
08-05 01:25:07.431 10409 11044 D OkHttp  : Access-Control-Allow-Origin: *
08-05 01:25:07.431 10409 11044 D OkHttp  : Strict-Transport-Security: max-age=31556926; includeSubDomains; preload
08-05 01:25:07.431 10409 11044 D OkHttp  : Cache-Control: Cache-Control: max-age=1800
08-05 01:25:07.440 10409 11063 D MYTAG   : interceptor 1
08-05 01:25:07.440 10409 11063 I NAPPA_EXPERIMENTATION: MetricNetworkRequestExecutionTime: REQUEST_DURATION_SYSTEM='199',REQUEST_DURATION_OKHTTP='199',REQUEST_SYNCHRONOUS='TRUE',RESPONSE_CODE='200',RESPONSE_METHOD='GET',RESPONSE_LENGTH_OKHTTP='251',RESPONSE_LENGTH_HEADER='-2',REQUEST_PROTOCOL='http/1.1',REQUEST_URL='https://hacker-news.firebaseio.com/v0/item/23970080.json',
08-05 01:25:07.443 10409 11063 D OkHttp  : <-- 200 OK https://hacker-news.firebaseio.com/v0/item/23970080.json (959ms)
08-05 01:25:07.443 10409 11063 D OkHttp  : Server: nginx
08-05 01:25:07.443 10409 11063 D OkHttp  : Date: Tue, 04 Aug 2020 23:25:03 GMT
08-05 01:25:07.443 10409 11063 D OkHttp  : Content-Type: application/json; charset=utf-8
08-05 01:25:07.443 10409 11063 D OkHttp  : Content-Length: 251
08-05 01:25:07.443 10409 11063 D OkHttp  : Connection: keep-alive
08-05 01:25:07.443 10409 11063 D OkHttp  : Access-Control-Allow-Origin: *
08-05 01:25:07.443 10409 11063 D OkHttp  : Strict-Transport-Security: max-age=31556926; includeSubDomains; preload
08-05 01:25:07.443 10409 11063 D OkHttp  : Cache-Control: Cache-Control: max-age=1800
08-05 01:25:07.450 10409 11083 D MYTAG   : interceptor 1
08-05 01:25:07.450 10409 11083 I NAPPA_EXPERIMENTATION: MetricNetworkRequestExecutionTime: REQUEST_DURATION_SYSTEM='213',REQUEST_DURATION_OKHTTP='213',REQUEST_SYNCHRONOUS='TRUE',RESPONSE_CODE='200',RESPONSE_METHOD='GET',RESPONSE_LENGTH_OKHTTP='812',RESPONSE_LENGTH_HEADER='-2',REQUEST_PROTOCOL='http/1.1',REQUEST_URL='https://hacker-news.firebaseio.com/v0/item/23970705.json',
08-05 01:25:07.453 10409 11083 D OkHttp  : <-- 200 OK https://hacker-news.firebaseio.com/v0/item/23970705.json (1046ms)
08-05 01:25:07.453 10409 11083 D OkHttp  : Server: nginx
08-05 01:25:07.453 10409 11083 D OkHttp  : Date: Tue, 04 Aug 2020 23:25:03 GMT
08-05 01:25:07.453 10409 11083 D OkHttp  : Content-Type: application/json; charset=utf-8
08-05 01:25:07.453 10409 11083 D OkHttp  : Content-Length: 812
08-05 01:25:07.453 10409 11083 D OkHttp  : Connection: keep-alive
08-05 01:25:07.453 10409 11083 D OkHttp  : Access-Control-Allow-Origin: *
08-05 01:25:07.453 10409 11083 D OkHttp  : Strict-Transport-Security: max-age=31556926; includeSubDomains; preload
08-05 01:25:07.453 10409 11083 D OkHttp  : Cache-Control: Cache-Control: max-age=1800
08-05 01:25:07.461 10409 10483 D OkHttp  : {"by":"Simulacra","id":23971544,"kids":[23972258,23972889],"parent":23970041,"text":"Google has very little incentive to fix the problem, and outsourced support personnel have even less incentive to care. The entire google forums read like passing the buck.","time":1595901406,"type":"comment"}
08-05 01:25:07.461 10409 10483 D OkHttp  : <-- END HTTP (294-byte body)
08-05 01:25:07.462 10409 10488 D OkHttp  : {"by":"knolan","id":23970388,"kids":[23970666,23970539],"parent":23969879,"text":"This reminds me of the obnoxious know-it-all that lives under the bridge on the QNAP forums.","time":1595890639,"type":"comment"}
08-05 01:25:07.462 10409 10488 D OkHttp  : <-- END HTTP (211-byte body)
08-05 01:25:07.463 10409 11044 D OkHttp  : {"by":"wincy","id":23970864,"parent":23970041,"text":"You just reminded me why I decoupled my google calendar from my iPhone calendar a few years ago. Just the other day I was thinking I’d like them up, but something made me feel like I shouldn’t...","time":1595895125,"type":"comment"}
08-05 01:25:07.463 10409 11044 D OkHttp  : <-- END HTTP (290-byte body)
08-05 01:25:07.468 10409 10476 D MYTAG   : interceptor 1
08-05 01:25:07.468 10409 10476 I NAPPA_EXPERIMENTATION: MetricNetworkRequestExecutionTime: REQUEST_DURATION_SYSTEM='225',REQUEST_DURATION_OKHTTP='225',REQUEST_SYNCHRONOUS='TRUE',RESPONSE_CODE='200',RESPONSE_METHOD='GET',RESPONSE_LENGTH_OKHTTP='687',RESPONSE_LENGTH_HEADER='-2',REQUEST_PROTOCOL='http/1.1',REQUEST_URL='https://hacker-news.firebaseio.com/v0/item/23970204.json',
08-05 01:25:07.472 10409 10476 D OkHttp  : <-- 200 OK https://hacker-news.firebaseio.com/v0/item/23970204.json (995ms)
08-05 01:25:07.472 10409 10476 D OkHttp  : Server: nginx
08-05 01:25:07.472 10409 10476 D OkHttp  : Date: Tue, 04 Aug 2020 23:25:03 GMT
08-05 01:25:07.472 10409 10476 D OkHttp  : Content-Type: application/json; charset=utf-8
08-05 01:25:07.472 10409 10476 D OkHttp  : Content-Length: 687
08-05 01:25:07.472 10409 10476 D OkHttp  : Connection: keep-alive
08-05 01:25:07.472 10409 10476 D OkHttp  : Access-Control-Allow-Origin: *
08-05 01:25:07.472 10409 10476 D OkHttp  : Strict-Transport-Security: max-age=31556926; includeSubDomains; preload
08-05 01:25:07.472 10409 10476 D OkHttp  : Cache-Control: Cache-Control: max-age=1800
08-05 01:25:07.480 10409 11063 D OkHttp  : {"by":"mjayhn","id":23970080,"parent":23970041,"text":"This hit a bunch of us about a year ago, maybe two years, I forget. It was incredibly annoying and made me completely stop relying on gmail for calendar stuff.","time":1595888311,"type":"comment"}
08-05 01:25:07.480 10409 11063 D OkHttp  : <-- END HTTP (251-byte body)
08-05 01:25:07.490 10409 11083 D OkHttp  : {"by":"arthurcolle","id":23970705,"kids":[23971004,23970792],"parent":23969879,"text":"Yeah I asked why I couldnt download old emails between when I started the Gmail Pro or whatever subscription and then subscription lapsed and the genius bootlickers on Support duty said &quot;well its your fault for not continuing to pay, what do you expect?&quot;<p>Of course the data is available to download if I pay, but my previous 2 years of payment didn&#x27;t count. (mysterious)<p>Will literally never pay Google for anything ever again after that, its actually evil.<p>Compare that to the new service hey.com which claims you can download&#x2F;export forever.<p>Fuck Google. Just bought a new MacBook Pro yesterday and I will never install or use any Google products on it ever.","time":1595893722,"type":"comment"}
08-05 01:25:07.490 10409 11083 D OkHttp  : <-- END HTTP (812-byte body)
08-05 01:25:07.511 10409 10476 D OkHttp  : {"by":"aahhahahaaa","id":23970204,"kids":[23970271],"parent":23970041,"text":"They have not fixed it.<p>I wish I could turn off the feature entirely, but I still occasionally get Russian spam events on my calendar. They also try to notify me at ~3am (fortunately I turn notifications completely off at night).<p>The emails themselves land in my spam folder... but no one said &quot;hey, maybe calendar events shouldn&#x27;t be created from the spam folder&quot; at inception, so I guess it&#x27;ll never be implemented.<p>I report them as spam when I get them, but I also discovered that I can&#x27;t report calendar events as spam in the mobile app.","time":1595889206,"type":"comment"}
08-05 01:25:07.511 10409 10476 D OkHttp  : <-- END HTTP (687-byte body)
08-05 01:25:07.520 10409 10489 D OkHttp  : --> GET https://hacker-news.firebaseio.com/v0/item/23972258.json
08-05 01:25:07.521 10409 10489 D OkHttp  : Cache-Control: max-age=1800
08-05 01:25:07.521 10409 10489 D OkHttp  : --> END GET
08-05 01:25:07.522 10409 10479 D OkHttp  : --> GET https://hacker-news.firebaseio.com/v0/item/23972889.json
08-05 01:25:07.522 10409 10479 D OkHttp  : Cache-Control: max-age=1800
08-05 01:25:07.522 10409 10479 D OkHttp  : --> END GET
08-05 01:25:07.524 10409 10478 I art     : Starting a blocking GC Explicit
08-05 01:25:07.528 10296 10296 I ServiceManager: Waiting for service AtCmdFwd...
08-05 01:25:07.555 10409 10482 D MYTAG   : interceptor 1
08-05 01:25:07.556 10409 10482 I NAPPA_EXPERIMENTATION: MetricNetworkRequestExecutionTime: REQUEST_DURATION_SYSTEM='241',REQUEST_DURATION_OKHTTP='241',REQUEST_SYNCHRONOUS='TRUE',RESPONSE_CODE='200',RESPONSE_METHOD='GET',RESPONSE_LENGTH_OKHTTP='241',RESPONSE_LENGTH_HEADER='-2',REQUEST_PROTOCOL='http/1.1',REQUEST_URL='https://hacker-news.firebaseio.com/v0/item/23970574.json',
08-05 01:25:07.558 10409 10482 D OkHttp  : <-- 200 OK https://hacker-news.firebaseio.com/v0/item/23970574.json (1108ms)
08-05 01:25:07.558 10409 10482 D OkHttp  : Server: nginx
08-05 01:25:07.558 10409 10482 D OkHttp  : Date: Tue, 04 Aug 2020 23:25:03 GMT
08-05 01:25:07.558 10409 10482 D OkHttp  : Content-Type: application/json; charset=utf-8
08-05 01:25:07.558 10409 10482 D OkHttp  : Content-Length: 241
08-05 01:25:07.559 10409 10482 D OkHttp  : Connection: keep-alive
08-05 01:25:07.559 10409 10482 D OkHttp  : Access-Control-Allow-Origin: *
08-05 01:25:07.559 10409 10482 D OkHttp  : Strict-Transport-Security: max-age=31556926; includeSubDomains; preload
08-05 01:25:07.559 10409 10482 D OkHttp  : Cache-Control: Cache-Control: max-age=1800
08-05 01:25:07.560 10409 11038 D MYTAG   : interceptor 1
08-05 01:25:07.560 10409 11038 I NAPPA_EXPERIMENTATION: MetricNetworkRequestExecutionTime: REQUEST_DURATION_SYSTEM='257',REQUEST_DURATION_OKHTTP='257',REQUEST_SYNCHRONOUS='TRUE',RESPONSE_CODE='200',RESPONSE_METHOD='GET',RESPONSE_LENGTH_OKHTTP='501',RESPONSE_LENGTH_HEADER='-2',REQUEST_PROTOCOL='http/1.1',REQUEST_URL='https://hacker-news.firebaseio.com/v0/item/23970236.json',
08-05 01:25:07.563 10409 11034 D MYTAG   : interceptor 1
08-05 01:25:07.564 10409 11034 I NAPPA_EXPERIMENTATION: MetricNetworkRequestExecutionTime: REQUEST_DURATION_SYSTEM='181',REQUEST_DURATION_OKHTTP='181',REQUEST_SYNCHRONOUS='TRUE',RESPONSE_CODE='200',RESPONSE_METHOD='GET',RESPONSE_LENGTH_OKHTTP='300',RESPONSE_LENGTH_HEADER='-2',REQUEST_PROTOCOL='http/1.1',REQUEST_URL='https://hacker-news.firebaseio.com/v0/item/23970459.json',
08-05 01:25:07.564 10409 11038 D OkHttp  : <-- 200 OK https://hacker-news.firebaseio.com/v0/item/23970236.json (1097ms)
08-05 01:25:07.565 10409 11038 D OkHttp  : Server: nginx
08-05 01:25:07.565 10409 11038 D OkHttp  : Date: Tue, 04 Aug 2020 23:25:03 GMT
08-05 01:25:07.565 10409 11038 D OkHttp  : Content-Type: application/json; charset=utf-8
08-05 01:25:07.565 10409 11038 D OkHttp  : Content-Length: 501
08-05 01:25:07.565 10409 11038 D OkHttp  : Connection: keep-alive
08-05 01:25:07.565 10409 11038 D OkHttp  : Access-Control-Allow-Origin: *
08-05 01:25:07.565 10409 11038 D OkHttp  : Strict-Transport-Security: max-age=31556926; includeSubDomains; preload
08-05 01:25:07.565 10409 11038 D OkHttp  : Cache-Control: Cache-Control: max-age=1800
08-05 01:25:07.567 10409 11034 D OkHttp  : <-- 200 OK https://hacker-news.firebaseio.com/v0/item/23970459.json (185ms)
08-05 01:25:07.567 10409 11034 D OkHttp  : Server: nginx
08-05 01:25:07.567 10409 11034 D OkHttp  : Date: Tue, 04 Aug 2020 23:25:03 GMT
08-05 01:25:07.567 10409 11034 D OkHttp  : Content-Type: application/json; charset=utf-8
08-05 01:25:07.567 10409 11034 D OkHttp  : Content-Length: 300
08-05 01:25:07.567 10409 11034 D OkHttp  : Connection: keep-alive
08-05 01:25:07.567 10409 11034 D OkHttp  : Access-Control-Allow-Origin: *
08-05 01:25:07.567 10409 11034 D OkHttp  : Strict-Transport-Security: max-age=31556926; includeSubDomains; preload
08-05 01:25:07.567 10409 11034 D OkHttp  : Cache-Control: Cache-Control: max-age=1800
08-05 01:25:07.569 10409 11034 D OkHttp  : {"by":"unnouinceput","id":23970459,"kids":[23971841],"parent":23970366,"text":"Considering 40h&#x2F;week that would be 1500&#x2F;40 = $35&#x2F;h. Kinda low for a freelancer to work from home. Tell spammers their game is outdated, they should at least double it :P","time":1595891334,"type":"comment"}
08-05 01:25:07.569 10409 11034 D OkHttp  : <-- END HTTP (300-byte body)
08-05 01:25:07.579 10409 11079 D MYTAG   : interceptor 1
08-05 01:25:07.579 10409 11079 I NAPPA_EXPERIMENTATION: MetricNetworkRequestExecutionTime: REQUEST_DURATION_SYSTEM='216',REQUEST_DURATION_OKHTTP='216',REQUEST_SYNCHRONOUS='TRUE',RESPONSE_CODE='200',RESPONSE_METHOD='GET',RESPONSE_LENGTH_OKHTTP='526',RESPONSE_LENGTH_HEADER='-2',REQUEST_PROTOCOL='http/1.1',REQUEST_URL='https://hacker-news.firebaseio.com/v0/item/23970392.json',
08-05 01:25:07.585 10409 11079 D OkHttp  : <-- 200 OK https://hacker-news.firebaseio.com/v0/item/23970392.json (1162ms)
08-05 01:25:07.585 10409 11079 D OkHttp  : Server: nginx
08-05 01:25:07.585 10409 11079 D OkHttp  : Date: Tue, 04 Aug 2020 23:25:03 GMT
08-05 01:25:07.585 10409 11079 D OkHttp  : Content-Type: application/json; charset=utf-8
08-05 01:25:07.585 10409 11079 D OkHttp  : Content-Length: 526
08-05 01:25:07.585 10409 11079 D OkHttp  : Connection: keep-alive
08-05 01:25:07.585 10409 11079 D OkHttp  : Access-Control-Allow-Origin: *
08-05 01:25:07.585 10409 11079 D OkHttp  : Strict-Transport-Security: max-age=31556926; includeSubDomains; preload
08-05 01:25:07.586 10409 11079 D OkHttp  : Cache-Control: Cache-Control: max-age=1800
08-05 01:25:07.590 10409 10478 I art     : Explicit concurrent mark sweep GC freed 39971(2MB) AllocSpace objects, 9(180KB) LOS objects, 32% free, 33MB/49MB, paused 3.235ms total 65.990ms
08-05 01:25:07.590 10409 10482 D OkHttp  : {"by":"throwawaysea","id":23970574,"parent":23969879,"text":"Apple forums are also like this. There are a bunch of Apple apologists full of zeal, trivializing problems and giving people false workarounds.","time":1595892368,"type":"comment"}
08-05 01:25:07.590 10409 10482 D OkHttp  : <-- END HTTP (241-byte body)
08-05 01:25:07.595 10409 11069 D OkHttp  : --> GET https://hacker-news.firebaseio.com/v0/item/23970271.json
08-05 01:25:07.595 10409 11069 D OkHttp  : Cache-Control: max-age=1800
08-05 01:25:07.595 10409 11069 D OkHttp  : --> END GET
08-05 01:25:07.600 10409 11038 D OkHttp  : {"by":"erichurkman","id":23970236,"kids":[23971214,23971557,23970862,23970298],"parent":23970041,"text":"It&#x27;s used not just by spammers, but by sales reps, too.<p>Dell recently did this to about half a dozen people on my team. &#x27;Q2 Budget Review&#x27;, which sounds official, but is really a Dell rep trying to sell you junk that magically pops up on your calendar _even if you mark their message as spam_.<p>Dirty way to get by executive assistants, too.","time":1595889428,"type":"comment"}
08-05 01:25:07.600 10409 11038 D OkHttp  : <-- END HTTP (501-byte body)
08-05 01:25:07.605 10409 10478 I art     : Starting a blocking GC Explicit
08-05 01:25:07.611 10409 11079 D OkHttp  : {"by":"perennate","id":23970392,"kids":[23970436,23970406],"parent":23969879,"text":"When I read the recommended response in thread you linked, I just feel like they&#x27;re acknowledging the feature doesn&#x27;t exist and suggesting to use Send Feedback as a potential avenue to increase the chance that the feature gets implemented. It may be that important features are missing, but I don&#x27;t think the forum mods can do anything about that and the reply didn&#x27;t seem rude to me.","time":1595890674,"type":"comment"}
08-05 01:25:07.612 10409 11079 D OkHttp  : <-- END HTTP (526-byte body)
08-05 01:25:07.663 10409 10479 D MYTAG   : interceptor 1
08-05 01:25:07.663 10409 10479 I NAPPA_EXPERIMENTATION: MetricNetworkRequestExecutionTime: REQUEST_DURATION_SYSTEM='140',REQUEST_DURATION_OKHTTP='140',REQUEST_SYNCHRONOUS='TRUE',RESPONSE_CODE='200',RESPONSE_METHOD='GET',RESPONSE_LENGTH_OKHTTP='360',RESPONSE_LENGTH_HEADER='-2',REQUEST_PROTOCOL='http/1.1',REQUEST_URL='https://hacker-news.firebaseio.com/v0/item/23972889.json',
08-05 01:25:07.664 10409 10478 I art     : Explicit concurrent mark sweep GC freed 5534(398KB) AllocSpace objects, 3(60KB) LOS objects, 32% free, 33MB/49MB, paused 3.035ms total 59.225ms
08-05 01:25:07.666 10409 11101 D MYTAG   : interceptor 1
08-05 01:25:07.666 10409 11101 I NAPPA_EXPERIMENTATION: MetricNetworkRequestExecutionTime: REQUEST_DURATION_SYSTEM='240',REQUEST_DURATION_OKHTTP='239',REQUEST_SYNCHRONOUS='TRUE',RESPONSE_CODE='200',RESPONSE_METHOD='GET',RESPONSE_LENGTH_OKHTTP='854',RESPONSE_LENGTH_HEADER='-2',REQUEST_PROTOCOL='http/1.1',REQUEST_URL='https://hacker-news.firebaseio.com/v0/item/23971815.json',
08-05 01:25:07.667 10409 10479 D OkHttp  : <-- 200 OK https://hacker-news.firebaseio.com/v0/item/23972889.json (145ms)
08-05 01:25:07.667 10409 10479 D OkHttp  : Server: nginx
08-05 01:25:07.668 10409 10479 D OkHttp  : Date: Tue, 04 Aug 2020 23:25:03 GMT
08-05 01:25:07.668 10409 10479 D OkHttp  : Content-Type: application/json; charset=utf-8
08-05 01:25:07.668 10409 10479 D OkHttp  : Content-Length: 360
08-05 01:25:07.668 10409 10479 D OkHttp  : Connection: keep-alive
08-05 01:25:07.668 10409 10479 D OkHttp  : Access-Control-Allow-Origin: *
08-05 01:25:07.668 10409 10479 D OkHttp  : Strict-Transport-Security: max-age=31556926; includeSubDomains; preload
08-05 01:25:07.668 10409 10479 D OkHttp  : Cache-Control: Cache-Control: max-age=1800
08-05 01:25:07.669 10409 11101 D OkHttp  : <-- 200 OK https://hacker-news.firebaseio.com/v0/item/23971815.json (1143ms)
08-05 01:25:07.669 10409 11101 D OkHttp  : Server: nginx
08-05 01:25:07.669 10409 11101 D OkHttp  : Date: Tue, 04 Aug 2020 23:25:03 GMT
08-05 01:25:07.669 10409 11101 D OkHttp  : Content-Type: application/json; charset=utf-8
08-05 01:25:07.669 10409 11101 D OkHttp  : Content-Length: 854
08-05 01:25:07.669 10409 11101 D OkHttp  : Connection: keep-alive
08-05 01:25:07.669 10409 11101 D OkHttp  : Access-Control-Allow-Origin: *
08-05 01:25:07.669 10409 11101 D OkHttp  : Strict-Transport-Security: max-age=31556926; includeSubDomains; preload
08-05 01:25:07.669 10409 11101 D OkHttp  : Cache-Control: Cache-Control: max-age=1800
08-05 01:25:07.671 10409 10485 D MYTAG   : interceptor 1
08-05 01:25:07.671 10409 10485 I NAPPA_EXPERIMENTATION: MetricNetworkRequestExecutionTime: REQUEST_DURATION_SYSTEM='264',REQUEST_DURATION_OKHTTP='264',REQUEST_SYNCHRONOUS='TRUE',RESPONSE_CODE='200',RESPONSE_METHOD='GET',RESPONSE_LENGTH_OKHTTP='236',RESPONSE_LENGTH_HEADER='-2',REQUEST_PROTOCOL='http/1.1',REQUEST_URL='https://hacker-news.firebaseio.com/v0/item/23970063.json',
08-05 01:25:07.673 10409 11062 D OkHttp  : --> GET https://hacker-news.firebaseio.com/v0/item/23971214.json
08-05 01:25:07.674 10409 11062 D OkHttp  : Cache-Control: max-age=1800
08-05 01:25:07.674 10409 11062 D OkHttp  : --> END GET
08-05 01:25:07.674 10409 10485 D OkHttp  : <-- 200 OK https://hacker-news.firebaseio.com/v0/item/23970063.json (1215ms)
08-05 01:25:07.674 10409 10485 D OkHttp  : Server: nginx
08-05 01:25:07.674 10409 10485 D OkHttp  : Date: Tue, 04 Aug 2020 23:25:03 GMT
08-05 01:25:07.674 10409 10485 D OkHttp  : Content-Type: application/json; charset=utf-8
08-05 01:25:07.674 10409 10485 D OkHttp  : Content-Length: 236
08-05 01:25:07.674 10409 10485 D OkHttp  : Connection: keep-alive
08-05 01:25:07.674 10409 10485 D OkHttp  : Access-Control-Allow-Origin: *
08-05 01:25:07.674 10409 10485 D OkHttp  : Strict-Transport-Security: max-age=31556926; includeSubDomains; preload
08-05 01:25:07.674 10409 10485 D OkHttp  : Cache-Control: Cache-Control: max-age=1800
08-05 01:25:07.679 10409 10478 I art     : Starting a blocking GC Explicit
08-05 01:25:07.685 10409 11085 D OkHttp  : --> GET https://hacker-news.firebaseio.com/v0/item/23971557.json
08-05 01:25:07.685 10409 11085 D OkHttp  : Cache-Control: max-age=1800
08-05 01:25:07.685 10409 11085 D OkHttp  : --> END GET
08-05 01:25:07.689 10409 11046 D MYTAG   : interceptor 1
08-05 01:25:07.689 10409 11046 I NAPPA_EXPERIMENTATION: MetricNetworkRequestExecutionTime: REQUEST_DURATION_SYSTEM='259',REQUEST_DURATION_OKHTTP='259',REQUEST_SYNCHRONOUS='TRUE',RESPONSE_CODE='200',RESPONSE_METHOD='GET',RESPONSE_LENGTH_OKHTTP='530',RESPONSE_LENGTH_HEADER='-2',REQUEST_PROTOCOL='http/1.1',REQUEST_URL='https://hacker-news.firebaseio.com/v0/item/23970083.json',
08-05 01:25:07.692 10409 10491 D OkHttp  : --> GET https://hacker-news.firebaseio.com/v0/item/23970862.json
08-05 01:25:07.692 10409 11046 D OkHttp  : <-- 200 OK https://hacker-news.firebaseio.com/v0/item/23970083.json (1175ms)
08-05 01:25:07.692 10409 10491 D OkHttp  : Cache-Control: max-age=1800
08-05 01:25:07.692 10409 11046 D OkHttp  : Server: nginx
08-05 01:25:07.692 10409 10491 D OkHttp  : --> END GET
08-05 01:25:07.692 10409 11046 D OkHttp  : Date: Tue, 04 Aug 2020 23:25:03 GMT
08-05 01:25:07.692 10409 11046 D OkHttp  : Content-Type: application/json; charset=utf-8
08-05 01:25:07.692 10409 11046 D OkHttp  : Content-Length: 530
08-05 01:25:07.692 10409 11046 D OkHttp  : Connection: keep-alive
08-05 01:25:07.692 10409 11046 D OkHttp  : Access-Control-Allow-Origin: *
08-05 01:25:07.692 10409 11046 D OkHttp  : Strict-Transport-Security: max-age=31556926; includeSubDomains; preload
08-05 01:25:07.692 10409 11046 D OkHttp  : Cache-Control: Cache-Control: max-age=1800
08-05 01:25:07.695 10409 10480 D MYTAG   : interceptor 1
08-05 01:25:07.695 10409 10480 I NAPPA_EXPERIMENTATION: MetricNetworkRequestExecutionTime: REQUEST_DURATION_SYSTEM='267',REQUEST_DURATION_OKHTTP='267',REQUEST_SYNCHRONOUS='TRUE',RESPONSE_CODE='200',RESPONSE_METHOD='GET',RESPONSE_LENGTH_OKHTTP='252',RESPONSE_LENGTH_HEADER='-2',REQUEST_PROTOCOL='http/1.1',REQUEST_URL='https://hacker-news.firebaseio.com/v0/item/23970244.json',
08-05 01:25:07.698 10409 10480 D OkHttp  : <-- 200 OK https://hacker-news.firebaseio.com/v0/item/23970244.json (1284ms)
08-05 01:25:07.698 10409 10480 D OkHttp  : Server: nginx
08-05 01:25:07.700 10409 10480 D OkHttp  : Date: Tue, 04 Aug 2020 23:25:03 GMT
08-05 01:25:07.700 10409 10480 D OkHttp  : Content-Type: application/json; charset=utf-8
08-05 01:25:07.700 10409 10480 D OkHttp  : Content-Length: 252
08-05 01:25:07.700 10409 10480 D OkHttp  : Connection: keep-alive
08-05 01:25:07.700 10409 10480 D OkHttp  : Access-Control-Allow-Origin: *
08-05 01:25:07.700 10409 10480 D OkHttp  : Strict-Transport-Security: max-age=31556926; includeSubDomains; preload
08-05 01:25:07.700 10409 10480 D OkHttp  : Cache-Control: Cache-Control: max-age=1800
08-05 01:25:07.700 10409 11035 D OkHttp  : --> GET https://hacker-news.firebaseio.com/v0/item/23970298.json
08-05 01:25:07.700 10409 11035 D OkHttp  : Cache-Control: max-age=1800
08-05 01:25:07.701 10409 11035 D OkHttp  : --> END GET
08-05 01:25:07.701 10409 10479 D OkHttp  : {"by":"eximius","id":23972889,"kids":[23972983],"parent":23971544,"text":"Even internally this bug is not prioritized. In their defense, it&#x27;s not clear what the behaviour <i>should</i> be. Against them, there are options that, while not perfect, are better than the status quo, even if the user must manually set them.","time":1595917612,"type":"comment"}
08-05 01:25:07.701 10409 10479 D OkHttp  : <-- END HTTP (360-byte body)
08-05 01:25:07.702 10409 11101 D OkHttp  : {"by":"toss1","id":23971815,"kids":[23972704,23971966],"parent":23970041,"text":"Another lovely Google feature that lasted for about 10sec. after I discovered it:<p>Booked a flight, got the receipt through Gmail.  Google then auto-populated my calendar with the flights - fine.  They also populated it with a hotel reservation, and a link saying I hadn&#x27;t yet confirmed the reservation for Hilton.  I was going to stay with family, w&#x2F;no intention of staying in a hotel.  I couldn&#x27;t believe the blatant hijacking and spamming involved here from my private info - bad enough if they&#x27;d merely spammed a hotel advert for those dates.<p>Contacted Google, no way to turn it off without turning off the entire feature.  Done. Permanently.<p>I couldn&#x27;t believe anyone could think this was a good idea.","time":1595904352,"type":"comment"}
08-05 01:25:07.702 10409 11101 D OkHttp  : <-- END HTTP (854-byte body)
08-05 01:25:07.710 10409 10489 D MYTAG   : interceptor 1
08-05 01:25:07.710 10409 10489 I NAPPA_EXPERIMENTATION: MetricNetworkRequestExecutionTime: REQUEST_DURATION_SYSTEM='188',REQUEST_DURATION_OKHTTP='188',REQUEST_SYNCHRONOUS='TRUE',RESPONSE_CODE='200',RESPONSE_METHOD='GET',RESPONSE_LENGTH_OKHTTP='1074',RESPONSE_LENGTH_HEADER='-2',REQUEST_PROTOCOL='http/1.1',REQUEST_URL='https://hacker-news.firebaseio.com/v0/item/23972258.json',
08-05 01:25:07.712 10409 10485 D OkHttp  : {"by":"varjag","dead":true,"id":23970063,"kids":[23970144,23970365],"parent":23969879,"text":"Just shows how little talent there really is at Google. Everyone who can code are now on the doodle team.","time":1595888236,"type":"comment"}
08-05 01:25:07.712 10409 10485 D OkHttp  : <-- END HTTP (236-byte body)
08-05 01:25:07.714 10409 10489 D OkHttp  : <-- 200 OK https://hacker-news.firebaseio.com/v0/item/23972258.json (193ms)
08-05 01:25:07.714 10409 10489 D OkHttp  : Server: nginx
08-05 01:25:07.714 10409 10489 D OkHttp  : Date: Tue, 04 Aug 2020 23:25:02 GMT
08-05 01:25:07.714 10409 10489 D OkHttp  : Content-Type: application/json; charset=utf-8
08-05 01:25:07.714 10409 10489 D OkHttp  : Content-Length: 1074
08-05 01:25:07.714 10409 10489 D OkHttp  : Connection: keep-alive
08-05 01:25:07.714 10409 10489 D OkHttp  : Access-Control-Allow-Origin: *
08-05 01:25:07.714 10409 10489 D OkHttp  : Strict-Transport-Security: max-age=31556926; includeSubDomains; preload
08-05 01:25:07.714 10409 10489 D OkHttp  : Cache-Control: Cache-Control: max-age=1800
08-05 01:25:07.716 10409 10489 D OkHttp  : {"by":"fpgaminer","id":23972258,"kids":[23974089],"parent":23971544,"text":"&gt; Google has very little incentive to fix the problem<p>A long time ago, in an internet far, far away, Gmail was brand new.  The big feature?  No spam.  Back then we&#x27;d hide our email addresses in cryptic text and images.  It was a private thing, shared between friends.  If the light of the internet were to ever shine upon your unobfuscated email address, woe be onto you as the plague of SPAM descended.  There were even entire websites dedicate to the purpose of &quot;email address images&quot;.  It was ... a wild time.<p>Then, GMAIL!  For the first time since the dawn of SPAM we could post our addresses in plaintext, in the light of day.  We didn&#x27;t hide them like dirty underwear.  The whole WORLD could see our email addresses, and we didn&#x27;t have a care in the world.  The smell of fresh email was in the air, unbesmirched by SPAM.<p>Perhaps the young ones forget.  Perhaps Google has forgotten.  Lost to the sands of Calendar spam...","time":1595910396,"type":"comment"}
08-05 01:25:07.716 10409 10489 D OkHttp  : <-- END HTTP (1074-byte body)
08-05 01:25:07.731 10409 11046 D OkHttp  : {"by":"dmurray","id":23970083,"parent":23970041,"text":"I used to get these in Russian (I don&#x27;t speak Russian and have no links with Russia). The worst part was I couldn&#x27;t delete them from the Android app, which is like probably everyone else the only place I ever see my Google calendar. The functionality to delete them was hidden at calendar.google.com or somewhere I&#x27;d never had occasion to use. I don&#x27;t get this spam any more, so I guess Google fixed it at some level.","time":1595888359,"type":"comment"}
08-05 01:25:07.731 10409 11046 D OkHttp  : <-- END HTTP (530-byte body)
08-05 01:25:07.733 10409 11069 D MYTAG   : interceptor 1
08-05 01:25:07.733 10409 10480 D OkHttp  : {"by":"mey","id":23970244,"kids":[23970889,23970595,23970398],"parent":23969879,"text":"Even better, they make it pretty impossible to manage your online storage of photos since they split it out of drive.google.com","time":1595889478,"type":"comment"}
08-05 01:25:07.733 10409 10480 D OkHttp  : <-- END HTTP (252-byte body)
08-05 01:25:07.733 10409 11069 I NAPPA_EXPERIMENTATION: MetricNetworkRequestExecutionTime: REQUEST_DURATION_SYSTEM='137',REQUEST_DURATION_OKHTTP='137',REQUEST_SYNCHRONOUS='TRUE',RESPONSE_CODE='200',RESPONSE_METHOD='GET',RESPONSE_LENGTH_OKHTTP='623',RESPONSE_LENGTH_HEADER='-2',REQUEST_PROTOCOL='http/1.1',REQUEST_URL='https://hacker-news.firebaseio.com/v0/item/23970271.json',
08-05 01:25:07.740 10409 11069 D OkHttp  : <-- 200 OK https://hacker-news.firebaseio.com/v0/item/23970271.json (144ms)
08-05 01:25:07.740 10409 11069 D OkHttp  : Server: nginx
08-05 01:25:07.740 10409 11069 D OkHttp  : Date: Tue, 04 Aug 2020 23:25:03 GMT
08-05 01:25:07.740 10409 11069 D OkHttp  : Content-Type: application/json; charset=utf-8
08-05 01:25:07.740 10409 11069 D OkHttp  : Content-Length: 623
08-05 01:25:07.740 10409 11069 D OkHttp  : Connection: keep-alive
08-05 01:25:07.740 10409 11069 D OkHttp  : Access-Control-Allow-Origin: *
08-05 01:25:07.740 10409 10478 I art     : Explicit concurrent mark sweep GC freed 5539(672KB) AllocSpace objects, 6(120KB) LOS objects, 31% free, 34MB/50MB, paused 2.867ms total 60.466ms
08-05 01:25:07.740 10409 11069 D OkHttp  : Strict-Transport-Security: max-age=31556926; includeSubDomains; preload
08-05 01:25:07.740 10409 11069 D OkHttp  : Cache-Control: Cache-Control: max-age=1800
08-05 01:25:07.756 10409 10478 I art     : Starting a blocking GC Explicit
08-05 01:25:07.772 10409 11069 D OkHttp  : {"by":"fpgaminer","id":23970271,"parent":23970204,"text":"If it&#x27;s any help, I _think_ this is the guide I used to disable the feature: <a href=\"https:&#x2F;&#x2F;lifehacker.com&#x2F;how-to-keep-spam-out-of-your-google-calendar-1835810050\" rel=\"nofollow\">https:&#x2F;&#x2F;lifehacker.com&#x2F;how-to-keep-spam-out-of-your-google-c...</a><p>It was awhile ago, but that looks like the right link and jives with my current settings.  I don&#x27;t get any more spam on my calendar, but obviously need to manually respond Yes to any email invites to get them to show on the calendar.","time":1595889643,"type":"comment"}
08-05 01:25:07.772 10409 11069 D OkHttp  : <-- END HTTP (623-byte body)
08-05 01:25:07.800 10409 11085 D MYTAG   : interceptor 1
08-05 01:25:07.800 10409 11085 I NAPPA_EXPERIMENTATION: MetricNetworkRequestExecutionTime: REQUEST_DURATION_SYSTEM='114',REQUEST_DURATION_OKHTTP='114',REQUEST_SYNCHRONOUS='TRUE',RESPONSE_CODE='200',RESPONSE_METHOD='GET',RESPONSE_LENGTH_OKHTTP='375',RESPONSE_LENGTH_HEADER='-2',REQUEST_PROTOCOL='http/1.1',REQUEST_URL='https://hacker-news.firebaseio.com/v0/item/23971557.json',
08-05 01:25:07.803 10409 11085 D OkHttp  : <-- 200 OK https://hacker-news.firebaseio.com/v0/item/23971557.json (118ms)
08-05 01:25:07.803 10409 11085 D OkHttp  : Server: nginx
08-05 01:25:07.803 10409 11085 D OkHttp  : Date: Tue, 04 Aug 2020 23:25:03 GMT
08-05 01:25:07.803 10409 11085 D OkHttp  : Content-Type: application/json; charset=utf-8
08-05 01:25:07.803 10409 11085 D OkHttp  : Content-Length: 375
08-05 01:25:07.804 10409 11085 D OkHttp  : Connection: keep-alive
08-05 01:25:07.804 10409 11085 D OkHttp  : Access-Control-Allow-Origin: *
08-05 01:25:07.804 10409 11085 D OkHttp  : Strict-Transport-Security: max-age=31556926; includeSubDomains; preload
08-05 01:25:07.804 10409 11085 D OkHttp  : Cache-Control: Cache-Control: max-age=1800
08-05 01:25:07.805 10409 11085 D OkHttp  : {"by":"Simulacra","id":23971557,"kids":[23971897],"parent":23970236,"text":"We had someone try this at a company I worked at previously. The target was so angry they aggressively complained; the company fired the salesman. It boggles the mind why a sales person would do something that is likely to be seen as an invasion to the prospect.","time":1595901512,"type":"comment"}
08-05 01:25:07.806 10409 11085 D OkHttp  : <-- END HTTP (375-byte body)
08-05 01:25:07.814 10409 11062 D MYTAG   : interceptor 1
08-05 01:25:07.814 10409 10478 I art     : Explicit concurrent mark sweep GC freed 3290(328KB) AllocSpace objects, 2(40KB) LOS objects, 32% free, 33MB/49MB, paused 2.226ms total 58.240ms
08-05 01:25:07.814 10409 11062 I NAPPA_EXPERIMENTATION: MetricNetworkRequestExecutionTime: REQUEST_DURATION_SYSTEM='140',REQUEST_DURATION_OKHTTP='140',REQUEST_SYNCHRONOUS='TRUE',RESPONSE_CODE='200',RESPONSE_METHOD='GET',RESPONSE_LENGTH_OKHTTP='500',RESPONSE_LENGTH_HEADER='-2',REQUEST_PROTOCOL='http/1.1',REQUEST_URL='https://hacker-news.firebaseio.com/v0/item/23971214.json',
08-05 01:25:07.819 10409 10491 D MYTAG   : interceptor 1
08-05 01:25:07.819 10409 10491 I NAPPA_EXPERIMENTATION: MetricNetworkRequestExecutionTime: REQUEST_DURATION_SYSTEM='126',REQUEST_DURATION_OKHTTP='126',REQUEST_SYNCHRONOUS='TRUE',RESPONSE_CODE='200',RESPONSE_METHOD='GET',RESPONSE_LENGTH_OKHTTP='233',RESPONSE_LENGTH_HEADER='-2',REQUEST_PROTOCOL='http/1.1',REQUEST_URL='https://hacker-news.firebaseio.com/v0/item/23970862.json',
08-05 01:25:07.820 10409 11062 D OkHttp  : <-- 200 OK https://hacker-news.firebaseio.com/v0/item/23971214.json (146ms)
08-05 01:25:07.820 10409 11062 D OkHttp  : Server: nginx
08-05 01:25:07.820 10409 11062 D OkHttp  : Date: Tue, 04 Aug 2020 23:25:03 GMT
08-05 01:25:07.820 10409 11062 D OkHttp  : Content-Type: application/json; charset=utf-8
08-05 01:25:07.820 10409 11062 D OkHttp  : Content-Length: 500
08-05 01:25:07.820 10409 11062 D OkHttp  : Connection: keep-alive
08-05 01:25:07.820 10409 11062 D OkHttp  : Access-Control-Allow-Origin: *
08-05 01:25:07.820 10409 11062 D OkHttp  : Strict-Transport-Security: max-age=31556926; includeSubDomains; preload
08-05 01:25:07.820 10409 11062 D OkHttp  : Cache-Control: Cache-Control: max-age=1800
08-05 01:25:07.823 10409 11062 D OkHttp  : {"by":"WrtCdEvrydy","id":23971214,"kids":[23971924,23973978,23972234],"parent":23970236,"text":"&gt; Dell recently did this to about half a dozen people on my team. &#x27;Q2 Budget Review&#x27;,<p>If you put this shit on my calendar, I will never purchase a product from you. I will additionally, at my own discretion, use it as proof that you have had a data breach and are unable to keep your accounts safe since no real company would really do this on purpose.","time":1595898241,"type":"comment"}
08-05 01:25:07.823 10409 11062 D OkHttp  : <-- END HTTP (500-byte body)
08-05 01:25:07.824 10409 10491 D OkHttp  : <-- 200 OK https://hacker-news.firebaseio.com/v0/item/23970862.json (131ms)
08-05 01:25:07.824 10409 10491 D OkHttp  : Server: nginx
08-05 01:25:07.824 10409 10491 D OkHttp  : Date: Tue, 04 Aug 2020 23:25:03 GMT
08-05 01:25:07.824 10409 10491 D OkHttp  : Content-Type: application/json; charset=utf-8
08-05 01:25:07.824 10409 10491 D OkHttp  : Content-Length: 233
08-05 01:25:07.824 10409 10491 D OkHttp  : Connection: keep-alive
08-05 01:25:07.824 10409 10491 D OkHttp  : Access-Control-Allow-Origin: *
08-05 01:25:07.824 10409 10491 D OkHttp  : Strict-Transport-Security: max-age=31556926; includeSubDomains; preload
08-05 01:25:07.824 10409 10491 D OkHttp  : Cache-Control: Cache-Control: max-age=1800
08-05 01:25:07.830 10409 10478 I art     : Starting a blocking GC Explicit
08-05 01:25:07.834 10409 11035 D MYTAG   : interceptor 1
08-05 01:25:07.834 10409 11035 I NAPPA_EXPERIMENTATION: MetricNetworkRequestExecutionTime: REQUEST_DURATION_SYSTEM='132',REQUEST_DURATION_OKHTTP='132',REQUEST_SYNCHRONOUS='TRUE',RESPONSE_CODE='200',RESPONSE_METHOD='GET',RESPONSE_LENGTH_OKHTTP='199',RESPONSE_LENGTH_HEADER='-2',REQUEST_PROTOCOL='http/1.1',REQUEST_URL='https://hacker-news.firebaseio.com/v0/item/23970298.json',
08-05 01:25:07.835 10409 10491 D OkHttp  : {"by":"pavel_lishin","id":23970862,"kids":[23971030],"parent":23970236,"text":"&gt; <i>It&#x27;s used not just by spammers, but by sales reps, too.</i><p>Not sure there&#x27;s a distinction there.","time":1595895099,"type":"comment"}
08-05 01:25:07.836 10409 10491 D OkHttp  : <-- END HTTP (233-byte body)
08-05 01:25:07.839 10409 11035 D OkHttp  : <-- 200 OK https://hacker-news.firebaseio.com/v0/item/23970298.json (138ms)
08-05 01:25:07.839 10409 11035 D OkHttp  : Server: nginx
08-05 01:25:07.839 10409 11035 D OkHttp  : Date: Tue, 04 Aug 2020 23:25:03 GMT
08-05 01:25:07.839 10409 11035 D OkHttp  : Content-Type: application/json; charset=utf-8
08-05 01:25:07.839 10409 11035 D OkHttp  : Content-Length: 199
08-05 01:25:07.839 10409 11035 D OkHttp  : Connection: keep-alive
08-05 01:25:07.839 10409 11035 D OkHttp  : Access-Control-Allow-Origin: *
08-05 01:25:07.839 10409 11035 D OkHttp  : Strict-Transport-Security: max-age=31556926; includeSubDomains; preload
08-05 01:25:07.839 10409 11035 D OkHttp  : Cache-Control: Cache-Control: max-age=1800
08-05 01:25:07.870 10409 11035 D OkHttp  : {"by":"kstrauser","id":23970298,"kids":[23972381],"parent":23970236,"text":"That sounds like an excellent way to make me ban all inbound traffic from that vendor.","time":1595889859,"type":"comment"}
08-05 01:25:07.870 10409 11035 D OkHttp  : <-- END HTTP (199-byte body)
08-05 01:25:07.891 10409 10478 I art     : Explicit concurrent mark sweep GC freed 4585(430KB) AllocSpace objects, 4(88KB) LOS objects, 32% free, 33MB/49MB, paused 2.791ms total 60.999ms
08-05 01:25:07.891 10409 11089 D OkHttp  : --> GET https://hacker-news.firebaseio.com/v0/item/23971897.json
08-05 01:25:07.891 10409 11089 D OkHttp  : Cache-Control: max-age=1800
08-05 01:25:07.891 10409 11089 D OkHttp  : --> END GET
08-05 01:25:07.927 10409 11089 D MYTAG   : interceptor 1
08-05 01:25:07.928 10409 11089 I NAPPA_EXPERIMENTATION: MetricNetworkRequestExecutionTime: REQUEST_DURATION_SYSTEM='35',REQUEST_DURATION_OKHTTP='35',REQUEST_SYNCHRONOUS='TRUE',RESPONSE_CODE='200',RESPONSE_METHOD='GET',RESPONSE_LENGTH_OKHTTP='607',RESPONSE_LENGTH_HEADER='-2',REQUEST_PROTOCOL='http/1.1',REQUEST_URL='https://hacker-news.firebaseio.com/v0/item/23971897.json',
08-05 01:25:07.929 10409 10490 D OkHttp  : --> GET https://hacker-news.firebaseio.com/v0/item/23971924.json
08-05 01:25:07.929 10409 10490 D OkHttp  : Cache-Control: max-age=1800
08-05 01:25:07.930 10409 10490 D OkHttp  : --> END GET
08-05 01:25:07.931 10409 11089 D OkHttp  : <-- 200 OK https://hacker-news.firebaseio.com/v0/item/23971897.json (40ms)
08-05 01:25:07.931 10409 11089 D OkHttp  : Server: nginx
08-05 01:25:07.931 10409 11089 D OkHttp  : Date: Tue, 04 Aug 2020 23:25:03 GMT
08-05 01:25:07.931 10409 11089 D OkHttp  : Content-Type: application/json; charset=utf-8
08-05 01:25:07.932 10409 11089 D OkHttp  : Content-Length: 607
08-05 01:25:07.932 10409 11089 D OkHttp  : Connection: keep-alive
08-05 01:25:07.932 10409 11089 D OkHttp  : Access-Control-Allow-Origin: *
08-05 01:25:07.932 10409 11089 D OkHttp  : Strict-Transport-Security: max-age=31556926; includeSubDomains; preload
08-05 01:25:07.932 10409 11089 D OkHttp  : Cache-Control: Cache-Control: max-age=1800
08-05 01:25:07.934 10409 11089 D OkHttp  : {"by":"dreamcompiler","id":23971897,"kids":[23971961,23972074],"parent":23971557,"text":"&gt; It boggles the mind why a sales person would do something that is likely to be seen as an invasion to the prospect.<p>Sales droids don&#x27;t think the same way regular people do. A lot of them really believe everybody is as extroverted as they are and introverts are just pretending. And that everybody would be as excited about their product as they are, if they only knew about it. The best sales people can adopt the point of view of their prospects; mediocre ones cannot.","time":1595905474,"type":"comment"}
08-05 01:25:07.934 10409 11089 D OkHttp  : <-- END HTTP (607-byte body)
08-05 01:25:07.936 10409 10484 D OkHttp  : --> GET https://hacker-news.firebaseio.com/v0/item/23973978.json
08-05 01:25:07.936 10409 10484 D OkHttp  : Cache-Control: max-age=1800
08-05 01:25:07.936 10409 10484 D OkHttp  : --> END GET
08-05 01:25:07.945 10409 11066 D OkHttp  : --> GET https://hacker-news.firebaseio.com/v0/item/23972234.json
08-05 01:25:07.945 10409 11066 D OkHttp  : Cache-Control: max-age=1800
08-05 01:25:07.945 10409 11066 D OkHttp  : --> END GET
08-05 01:25:07.996 10409 10490 D MYTAG   : interceptor 1
08-05 01:25:07.997 10409 10490 I NAPPA_EXPERIMENTATION: MetricNetworkRequestExecutionTime: REQUEST_DURATION_SYSTEM='65',REQUEST_DURATION_OKHTTP='65',REQUEST_SYNCHRONOUS='TRUE',RESPONSE_CODE='200',RESPONSE_METHOD='GET',RESPONSE_LENGTH_OKHTTP='203',RESPONSE_LENGTH_HEADER='-2',REQUEST_PROTOCOL='http/1.1',REQUEST_URL='https://hacker-news.firebaseio.com/v0/item/23971924.json',
08-05 01:25:08.000 10409 10490 D OkHttp  : <-- 200 OK https://hacker-news.firebaseio.com/v0/item/23971924.json (70ms)
08-05 01:25:08.000 10409 10490 D OkHttp  : Server: nginx
08-05 01:25:08.000 10409 10490 D OkHttp  : Date: Tue, 04 Aug 2020 23:25:03 GMT
08-05 01:25:08.001 10409 10490 D OkHttp  : Content-Type: application/json; charset=utf-8
08-05 01:25:08.001 10409 10490 D OkHttp  : Content-Length: 203
08-05 01:25:08.001 10409 10490 D OkHttp  : Connection: keep-alive
08-05 01:25:08.001 10409 10490 D OkHttp  : Access-Control-Allow-Origin: *
08-05 01:25:08.001 10409 10490 D OkHttp  : Strict-Transport-Security: max-age=31556926; includeSubDomains; preload
08-05 01:25:08.001 10409 10490 D OkHttp  : Cache-Control: Cache-Control: max-age=1800
08-05 01:25:08.003 10409 10490 D OkHttp  : {"by":"o-__-o","id":23971924,"kids":[23972051],"parent":23971214,"text":"For every one person who vows to never purchase their product, 10 others become useful leads.","time":1595905948,"type":"comment"}
08-05 01:25:08.003 10409 10490 D OkHttp  : <-- END HTTP (203-byte body)
08-05 01:25:08.011 10409 11099 D OkHttp  : --> GET https://hacker-news.firebaseio.com/v0/item/23971030.json
08-05 01:25:08.011 10409 10484 D MYTAG   : interceptor 1
08-05 01:25:08.011 10409 11099 D OkHttp  : Cache-Control: max-age=1800
08-05 01:25:08.011 10409 10484 I NAPPA_EXPERIMENTATION: MetricNetworkRequestExecutionTime: REQUEST_DURATION_SYSTEM='73',REQUEST_DURATION_OKHTTP='73',REQUEST_SYNCHRONOUS='TRUE',RESPONSE_CODE='200',RESPONSE_METHOD='GET',RESPONSE_LENGTH_OKHTTP='83',RESPONSE_LENGTH_HEADER='-2',REQUEST_PROTOCOL='http/1.1',REQUEST_URL='https://hacker-news.firebaseio.com/v0/item/23973978.json',
08-05 01:25:08.011 10409 11099 D OkHttp  : --> END GET
08-05 01:25:08.015 10409 10484 D OkHttp  : <-- 200 OK https://hacker-news.firebaseio.com/v0/item/23973978.json (78ms)
08-05 01:25:08.016 10409 10484 D OkHttp  : Server: nginx
08-05 01:25:08.016 10409 10484 D OkHttp  : Date: Tue, 04 Aug 2020 23:25:03 GMT
08-05 01:25:08.016 10409 10484 D OkHttp  : Content-Type: application/json; charset=utf-8
08-05 01:25:08.016 10409 10484 D OkHttp  : Content-Length: 83
08-05 01:25:08.016 10409 10484 D OkHttp  : Connection: keep-alive
08-05 01:25:08.016 10409 10484 D OkHttp  : Access-Control-Allow-Origin: *
08-05 01:25:08.016 10409 10484 D OkHttp  : Strict-Transport-Security: max-age=31556926; includeSubDomains; preload
08-05 01:25:08.016 10409 10484 D OkHttp  : Cache-Control: Cache-Control: max-age=1800
08-05 01:25:08.051 10409 10484 D OkHttp  : {"deleted":true,"id":23973978,"parent":23971214,"time":1595928835,"type":"comment"}
08-05 01:25:08.051 10409 10484 D OkHttp  : <-- END HTTP (83-byte body)
08-05 01:25:08.054 10409 11066 D MYTAG   : interceptor 1
08-05 01:25:08.054 10409 11066 I NAPPA_EXPERIMENTATION: MetricNetworkRequestExecutionTime: REQUEST_DURATION_SYSTEM='108',REQUEST_DURATION_OKHTTP='108',REQUEST_SYNCHRONOUS='TRUE',RESPONSE_CODE='200',RESPONSE_METHOD='GET',RESPONSE_LENGTH_OKHTTP='262',RESPONSE_LENGTH_HEADER='-2',REQUEST_PROTOCOL='http/1.1',REQUEST_URL='https://hacker-news.firebaseio.com/v0/item/23972234.json',
