08-05 12:38:38.639 27251 27927 D OkHttp  : {"by":"ramosu","id":23969987,"kids":[23972337,23971444],"parent":23969442,"text":"It seems Google simply abandon some of their products.<p>I&#x27;ve been living with another issue since 2011: <a href=\"https:&#x2F;&#x2F;issuetracker.google.com&#x2F;issues&#x2F;35889152\" rel=\"nofollow\">https:&#x2F;&#x2F;issuetracker.google.com&#x2F;issues&#x2F;35889152</a>","time":1595887633,"type":"comment"}
08-05 12:38:38.639 27251 27927 D OkHttp  : <-- END HTTP (397-byte body)
08-05 12:38:38.640 27251 27929 D OkHttp  : {"by":"nikanj","id":23970185,"kids":[23970307],"parent":23969442,"text":"The same way you get any customer service from Google: Get your post on the front page of HN. This is probably going to get fixed shockingly fast now.","time":1595889085,"type":"comment"}
08-05 12:38:38.640 27251 27929 D OkHttp  : <-- END HTTP (260-byte body)
08-05 12:38:38.648 27251 27938 D MYTAG   : interceptor 1
08-05 12:38:38.648 27251 27938 I NAPPA_EXPERIMENTATION: MetricNetworkRequestExecutionTime: REQUEST_DURATION_SYSTEM='435',REQUEST_DURATION_OKHTTP='435',REQUEST_SYNCHRONOUS='TRUE',RESPONSE_CODE='200',RESPONSE_METHOD='GET',RESPONSE_LENGTH_OKHTTP='964',RESPONSE_LENGTH_HEADER='-2',REQUEST_PROTOCOL='http/1.1',REQUEST_URL='https://hacker-news.firebaseio.com/v0/item/23970932.json',
08-05 12:38:38.651 27251 27938 D OkHttp  : <-- 200 OK https://hacker-news.firebaseio.com/v0/item/23970932.json (1229ms)
08-05 12:38:38.651 27251 27938 D OkHttp  : Server: nginx
08-05 12:38:38.651 27251 27938 D OkHttp  : Date: Wed, 05 Aug 2020 10:38:33 GMT
08-05 12:38:38.651 27251 27938 D OkHttp  : Content-Type: application/json; charset=utf-8
08-05 12:38:38.651 27251 27938 D OkHttp  : Content-Length: 964
08-05 12:38:38.651 27251 27938 D OkHttp  : Connection: keep-alive
08-05 12:38:38.651 27251 27938 D OkHttp  : Access-Control-Allow-Origin: *
08-05 12:38:38.651 27251 27938 D OkHttp  : Strict-Transport-Security: max-age=31556926; includeSubDomains; preload
08-05 12:38:38.651 27251 27938 D OkHttp  : Cache-Control: Cache-Control: max-age=1800
08-05 12:38:38.660 27251 27916 D OkHttp  : {"by":"Wowfunhappy","id":23969718,"kids":[23969822,23970303,23972508],"parent":23969442,"text":"&gt; Keep getting spam shared on an account I don&#x27;t use much, but keep getting notifications. Not fun when my 9 yo son is on my phone and a notification pops up that someone shared &quot;eat my pussy baby&quot;. Google needs to address this.<p>Oh. That&#x27;s bad.","time":1595886039,"type":"comment"}
08-05 12:38:38.660 27251 27916 D OkHttp  : <-- END HTTP (402-byte body)
08-05 12:38:38.667 27251 27315 D MYTAG   : interceptor 1
08-05 12:38:38.668 27251 27315 I NAPPA_EXPERIMENTATION: MetricNetworkRequestExecutionTime: REQUEST_DURATION_SYSTEM='367',REQUEST_DURATION_OKHTTP='367',REQUEST_SYNCHRONOUS='TRUE',RESPONSE_CODE='200',RESPONSE_METHOD='GET',RESPONSE_LENGTH_OKHTTP='404',RESPONSE_LENGTH_HEADER='-2',REQUEST_PROTOCOL='http/1.1',REQUEST_URL='https://hacker-news.firebaseio.com/v0/item/23970172.json',
08-05 12:38:38.671 27251 27315 D OkHttp  : <-- 200 OK https://hacker-news.firebaseio.com/v0/item/23970172.json (1218ms)
08-05 12:38:38.671 27251 27315 D OkHttp  : Server: nginx
08-05 12:38:38.671 27251 27315 D OkHttp  : Date: Wed, 05 Aug 2020 10:38:34 GMT
08-05 12:38:38.671 27251 27315 D OkHttp  : Content-Type: application/json; charset=utf-8
08-05 12:38:38.671 27251 27315 D OkHttp  : Content-Length: 404
08-05 12:38:38.671 27251 27315 D OkHttp  : Connection: keep-alive
08-05 12:38:38.671 27251 27315 D OkHttp  : Access-Control-Allow-Origin: *
08-05 12:38:38.671 27251 27315 D OkHttp  : Strict-Transport-Security: max-age=31556926; includeSubDomains; preload
08-05 12:38:38.671 27251 27315 D OkHttp  : Cache-Control: Cache-Control: max-age=1800
08-05 12:38:38.680 13866 13866 I GoogleInputMethodServic: GoogleInputMethodService.onFinishInput():3138 
08-05 12:38:38.681 13866 13866 I GoogleInputMethodServic: GoogleInputMethodService.onStartInput():1808 
08-05 12:38:38.691 27251 27938 D OkHttp  : {"by":"rexreed","id":23970932,"parent":23969442,"text":"I fail to be surprised anymore at the lack of what should be OBVIOUS functionality in some of the largest functionality systems.<p>Whenever i think I might be stupid for missing what should be obvious functionality I submit a ticket to only realize that the functionality not only doesn&#x27;t exist but somehow my really basic suggestion is a &quot;unique&quot; or &quot;profound&quot; idea.<p>Honestly who is hiring these product managers? Who is coming up with these features? Why are what should be no-brainer obvious functionality items missing?<p>Is there something about product management and design I don&#x27;t understand? Why is it that you can&#x27;t get notifications on group calendars or background images on Google docs or lots of other things I&#x27;m forgetting now that at the time I was like &quot;wow I can&#x27;t believe you can&#x27;t do that&quot;","time":1595895791,"type":"comment"}
08-05 12:38:38.691 27251 27938 D OkHttp  : <-- END HTTP (964-byte body)
08-05 12:38:38.692 27251 27325 D OkHttp  : --> GET https://hacker-news.firebaseio.com/v0/item/23970236.json
08-05 12:38:38.692 27251 27325 D OkHttp  : Cache-Control: max-age=1800
08-05 12:38:38.692 27251 27325 D OkHttp  : --> END GET
08-05 12:38:38.693 27251 27319 D OkHttp  : --> GET https://hacker-news.firebaseio.com/v0/item/23970204.json
08-05 12:38:38.694 27251 27319 D OkHttp  : Cache-Control: max-age=1800
08-05 12:38:38.694 27251 27319 D OkHttp  : --> END GET
08-05 12:38:38.700 27251 27879 D OkHttp  : --> GET https://hacker-news.firebaseio.com/v0/item/23970080.json
08-05 12:38:38.700 27251 27879 D OkHttp  : Cache-Control: max-age=1800
08-05 12:38:38.700 27251 27879 D OkHttp  : --> END GET
08-05 12:38:38.707 27251 27911 D OkHttp  : --> GET https://hacker-news.firebaseio.com/v0/item/23971544.json
08-05 12:38:38.707 27251 27911 D OkHttp  : Cache-Control: max-age=1800
08-05 12:38:38.707 27251 27911 D OkHttp  : --> END GET
08-05 12:38:38.710 27251 27315 D OkHttp  : {"by":"dawnerd","id":23970172,"kids":[23970315,23970440],"parent":23969442,"text":"little side question, whats with these support forums that almost never have real employees answering but have community &#x27;support specialists&#x27; that never answer the question and only tell you to use the feedback forms but beg for props on their answers. I don&#x27;t get it.","time":1595888992,"type":"comment"}
08-05 12:38:38.710 27251 27315 D OkHttp  : <-- END HTTP (404-byte body)
08-05 12:38:38.714 27251 27923 D OkHttp  : --> GET https://hacker-news.firebaseio.com/v0/item/23970864.json
08-05 12:38:38.714 27251 27923 D OkHttp  : Cache-Control: max-age=1800
08-05 12:38:38.714 27251 27923 D OkHttp  : --> END GET
08-05 12:38:38.721 27251 27942 D OkHttp  : --> GET https://hacker-news.firebaseio.com/v0/item/23970366.json
08-05 12:38:38.721 27251 27942 D OkHttp  : Cache-Control: max-age=1800
08-05 12:38:38.721 27251 27942 D OkHttp  : --> END GET
08-05 12:38:38.727 27251 27934 D OkHttp  : --> GET https://hacker-news.firebaseio.com/v0/item/23970083.json
08-05 12:38:38.727 27251 27934 D OkHttp  : Cache-Control: max-age=1800
08-05 12:38:38.727 27251 27934 D OkHttp  : --> END GET
08-05 12:38:38.733 27251 27936 D OkHttp  : --> GET https://hacker-news.firebaseio.com/v0/item/23971815.json
08-05 12:38:38.733 27251 27936 D OkHttp  : Cache-Control: max-age=1800
08-05 12:38:38.733 27251 27936 D OkHttp  : --> END GET
08-05 12:38:38.740 27251 27316 D MYTAG   : interceptor 1
08-05 12:38:38.740 27251 27316 I NAPPA_EXPERIMENTATION: MetricNetworkRequestExecutionTime: REQUEST_DURATION_SYSTEM='451',REQUEST_DURATION_OKHTTP='451',REQUEST_SYNCHRONOUS='TRUE',RESPONSE_CODE='200',RESPONSE_METHOD='GET',RESPONSE_LENGTH_OKHTTP='383',RESPONSE_LENGTH_HEADER='-2',REQUEST_PROTOCOL='http/1.1',REQUEST_URL='https://hacker-news.firebaseio.com/v0/item/23969873.json',
08-05 12:38:38.743 27251 27316 D OkHttp  : <-- 200 OK https://hacker-news.firebaseio.com/v0/item/23969873.json (1379ms)
08-05 12:38:38.743 27251 27316 D OkHttp  : Server: nginx
08-05 12:38:38.743 27251 27316 D OkHttp  : Date: Wed, 05 Aug 2020 10:38:34 GMT
08-05 12:38:38.743 27251 27316 D OkHttp  : Content-Type: application/json; charset=utf-8
08-05 12:38:38.743 27251 27316 D OkHttp  : Content-Length: 383
08-05 12:38:38.743 27251 27316 D OkHttp  : Connection: keep-alive
08-05 12:38:38.743 27251 27316 D OkHttp  : Access-Control-Allow-Origin: *
08-05 12:38:38.743 27251 27316 D OkHttp  : Strict-Transport-Security: max-age=31556926; includeSubDomains; preload
08-05 12:38:38.743 27251 27316 D OkHttp  : Cache-Control: Cache-Control: max-age=1800
08-05 12:38:38.744 27251 27926 D OkHttp  : --> GET https://hacker-news.firebaseio.com/v0/item/23972060.json
08-05 12:38:38.744 27251 27926 D OkHttp  : Cache-Control: max-age=1800
08-05 12:38:38.744 27251 27926 D OkHttp  : --> END GET
08-05 12:38:38.747 27251 27952 D OkHttp  : --> GET https://hacker-news.firebaseio.com/v0/item/23970116.json
08-05 12:38:38.747 27251 27952 D OkHttp  : Cache-Control: max-age=1800
08-05 12:38:38.747 27251 27952 D OkHttp  : --> END GET
08-05 12:38:38.776 27251 27708 I art     : Starting a blocking GC Explicit
08-05 12:38:38.781 27251 27316 D OkHttp  : {"by":"agundy","id":23969873,"kids":[23970004],"parent":23969442,"text":"This can be so confusing for non-tech literate people too. My mother asked me to help her, saying she was hacked because there was porn in her Google Drive.<p>It can be really difficult for non-power users to even understand why this is happening or what to do to fix this.","time":1595886956,"type":"comment"}
08-05 12:38:38.781 27251 27316 D OkHttp  : <-- END HTTP (383-byte body)
08-05 12:38:38.791 27251 27251 I chromium: [INFO:CONSOLE(0)] "Access to XMLHttpRequest at 'https://play.google.com/log?format=json&hasfast=true&authuser=0' from origin 'https://support.google.com' has been blocked by CORS policy: Response to preflight request doesn't pass access control check: No 'Access-Control-Allow-Origin' header is present on the requested resource.", source: https://support.google.com/drive/thread/3708017?hl=en (0)
08-05 12:38:38.800 27251 27948 D OkHttp  : --> GET https://hacker-news.firebaseio.com/v0/item/23969822.json
08-05 12:38:38.801 27251 27948 D OkHttp  : Cache-Control: max-age=1800
08-05 12:38:38.801 27251 27948 D OkHttp  : --> END GET
08-05 12:38:38.846 27251 27708 I art     : Explicit concurrent mark sweep GC freed 19792(2033KB) AllocSpace objects, 15(300KB) LOS objects, 31% free, 35MB/51MB, paused 3.253ms total 69.840ms
08-05 12:38:38.857 27251 27251 I chromium: [INFO:CONSOLE(0)] "Access to XMLHttpRequest at 'https://play.google.com/log?format=json&hasfast=true&authuser=0' from origin 'https://support.google.com' has been blocked by CORS policy: Response to preflight request doesn't pass access control check: No 'Access-Control-Allow-Origin' header is present on the requested resource.", source: https://support.google.com/drive/thread/3708017?hl=en (0)
08-05 12:38:38.859 27251 27708 I art     : Starting a blocking GC Explicit
08-05 12:38:38.873 27251 27319 D MYTAG   : interceptor 1
08-05 12:38:38.873 27251 27319 I NAPPA_EXPERIMENTATION: MetricNetworkRequestExecutionTime: REQUEST_DURATION_SYSTEM='179',REQUEST_DURATION_OKHTTP='178',REQUEST_SYNCHRONOUS='TRUE',RESPONSE_CODE='200',RESPONSE_METHOD='GET',RESPONSE_LENGTH_OKHTTP='687',RESPONSE_LENGTH_HEADER='-2',REQUEST_PROTOCOL='http/1.1',REQUEST_URL='https://hacker-news.firebaseio.com/v0/item/23970204.json',
08-05 12:38:38.877 27251 27319 D OkHttp  : <-- 200 OK https://hacker-news.firebaseio.com/v0/item/23970204.json (183ms)
08-05 12:38:38.877 27251 27319 D OkHttp  : Server: nginx
08-05 12:38:38.877 27251 27319 D OkHttp  : Date: Wed, 05 Aug 2020 10:38:34 GMT
08-05 12:38:38.878 27251 27319 D OkHttp  : Content-Type: application/json; charset=utf-8
08-05 12:38:38.878 27251 27319 D OkHttp  : Content-Length: 687
08-05 12:38:38.878 27251 27319 D OkHttp  : Connection: keep-alive
08-05 12:38:38.878 27251 27319 D OkHttp  : Access-Control-Allow-Origin: *
08-05 12:38:38.878 27251 27319 D OkHttp  : Strict-Transport-Security: max-age=31556926; includeSubDomains; preload
08-05 12:38:38.878 27251 27319 D OkHttp  : Cache-Control: Cache-Control: max-age=1800
08-05 12:38:38.880 27251 27319 D OkHttp  : {"by":"aahhahahaaa","id":23970204,"kids":[23970271],"parent":23970041,"text":"They have not fixed it.<p>I wish I could turn off the feature entirely, but I still occasionally get Russian spam events on my calendar. They also try to notify me at ~3am (fortunately I turn notifications completely off at night).<p>The emails themselves land in my spam folder... but no one said &quot;hey, maybe calendar events shouldn&#x27;t be created from the spam folder&quot; at inception, so I guess it&#x27;ll never be implemented.<p>I report them as spam when I get them, but I also discovered that I can&#x27;t report calendar events as spam in the mobile app.","time":1595889206,"type":"comment"}
08-05 12:38:38.880 27251 27319 D OkHttp  : <-- END HTTP (687-byte body)
08-05 12:38:38.889 27251 27879 D MYTAG   : interceptor 1
08-05 12:38:38.890 27251 27879 I NAPPA_EXPERIMENTATION: MetricNetworkRequestExecutionTime: REQUEST_DURATION_SYSTEM='188',REQUEST_DURATION_OKHTTP='188',REQUEST_SYNCHRONOUS='TRUE',RESPONSE_CODE='200',RESPONSE_METHOD='GET',RESPONSE_LENGTH_OKHTTP='251',RESPONSE_LENGTH_HEADER='-2',REQUEST_PROTOCOL='http/1.1',REQUEST_URL='https://hacker-news.firebaseio.com/v0/item/23970080.json',
08-05 12:38:38.896 27251 27325 D MYTAG   : interceptor 1
08-05 12:38:38.897 27251 27325 I NAPPA_EXPERIMENTATION: MetricNetworkRequestExecutionTime: REQUEST_DURATION_SYSTEM='203',REQUEST_DURATION_OKHTTP='203',REQUEST_SYNCHRONOUS='TRUE',RESPONSE_CODE='200',RESPONSE_METHOD='GET',RESPONSE_LENGTH_OKHTTP='501',RESPONSE_LENGTH_HEADER='-2',REQUEST_PROTOCOL='http/1.1',REQUEST_URL='https://hacker-news.firebaseio.com/v0/item/23970236.json',
08-05 12:38:38.898 27251 27879 D OkHttp  : <-- 200 OK https://hacker-news.firebaseio.com/v0/item/23970080.json (197ms)
08-05 12:38:38.898 27251 27879 D OkHttp  : Server: nginx
08-05 12:38:38.898 27251 27879 D OkHttp  : Date: Wed, 05 Aug 2020 10:38:34 GMT
08-05 12:38:38.898 27251 27879 D OkHttp  : Content-Type: application/json; charset=utf-8
08-05 12:38:38.898 27251 27879 D OkHttp  : Content-Length: 251
08-05 12:38:38.899 27251 27879 D OkHttp  : Connection: keep-alive
08-05 12:38:38.899 27251 27879 D OkHttp  : Access-Control-Allow-Origin: *
08-05 12:38:38.899 27251 27879 D OkHttp  : Strict-Transport-Security: max-age=31556926; includeSubDomains; preload
08-05 12:38:38.899 27251 27879 D OkHttp  : Cache-Control: Cache-Control: max-age=1800
08-05 12:38:38.899 27251 27911 D MYTAG   : interceptor 1
08-05 12:38:38.899 27251 27911 I NAPPA_EXPERIMENTATION: MetricNetworkRequestExecutionTime: REQUEST_DURATION_SYSTEM='192',REQUEST_DURATION_OKHTTP='192',REQUEST_SYNCHRONOUS='TRUE',RESPONSE_CODE='200',RESPONSE_METHOD='GET',RESPONSE_LENGTH_OKHTTP='294',RESPONSE_LENGTH_HEADER='-2',REQUEST_PROTOCOL='http/1.1',REQUEST_URL='https://hacker-news.firebaseio.com/v0/item/23971544.json',
08-05 12:38:38.901 27251 27325 D OkHttp  : <-- 200 OK https://hacker-news.firebaseio.com/v0/item/23970236.json (209ms)
08-05 12:38:38.901 27251 27325 D OkHttp  : Server: nginx
08-05 12:38:38.902 27251 27325 D OkHttp  : Date: Wed, 05 Aug 2020 10:38:34 GMT
08-05 12:38:38.902 27251 27325 D OkHttp  : Content-Type: application/json; charset=utf-8
08-05 12:38:38.902 27251 27325 D OkHttp  : Content-Length: 501
08-05 12:38:38.903 27251 27911 D OkHttp  : <-- 200 OK https://hacker-news.firebaseio.com/v0/item/23971544.json (196ms)
08-05 12:38:38.903 27251 27911 D OkHttp  : Server: nginx
08-05 12:38:38.903 27251 27911 D OkHttp  : Date: Wed, 05 Aug 2020 10:38:34 GMT
08-05 12:38:38.903 27251 27911 D OkHttp  : Content-Type: application/json; charset=utf-8
08-05 12:38:38.903 27251 27911 D OkHttp  : Content-Length: 294
08-05 12:38:38.903 27251 27325 D OkHttp  : Connection: keep-alive
08-05 12:38:38.903 27251 27911 D OkHttp  : Connection: keep-alive
08-05 12:38:38.903 27251 27325 D OkHttp  : Access-Control-Allow-Origin: *
08-05 12:38:38.903 27251 27325 D OkHttp  : Strict-Transport-Security: max-age=31556926; includeSubDomains; preload
08-05 12:38:38.904 27251 27325 D OkHttp  : Cache-Control: Cache-Control: max-age=1800
08-05 12:38:38.904 27251 27911 D OkHttp  : Access-Control-Allow-Origin: *
08-05 12:38:38.904 27251 27911 D OkHttp  : Strict-Transport-Security: max-age=31556926; includeSubDomains; preload
08-05 12:38:38.904 27251 27911 D OkHttp  : Cache-Control: Cache-Control: max-age=1800
08-05 12:38:38.904 27251 27943 D OkHttp  : --> GET https://hacker-news.firebaseio.com/v0/item/23970303.json
08-05 12:38:38.904 27251 27943 D OkHttp  : Cache-Control: max-age=1800
08-05 12:38:38.904 27251 27943 D OkHttp  : --> END GET
08-05 12:38:38.906 27251 27911 D OkHttp  : {"by":"Simulacra","id":23971544,"kids":[23972258,23972889],"parent":23970041,"text":"Google has very little incentive to fix the problem, and outsourced support personnel have even less incentive to care. The entire google forums read like passing the buck.","time":1595901406,"type":"comment"}
08-05 12:38:38.906 27251 27911 D OkHttp  : <-- END HTTP (294-byte body)
08-05 12:38:38.909 27251 27942 D MYTAG   : interceptor 1
08-05 12:38:38.910 27251 27942 I NAPPA_EXPERIMENTATION: MetricNetworkRequestExecutionTime: REQUEST_DURATION_SYSTEM='187',REQUEST_DURATION_OKHTTP='187',REQUEST_SYNCHRONOUS='TRUE',RESPONSE_CODE='200',RESPONSE_METHOD='GET',RESPONSE_LENGTH_OKHTTP='370',RESPONSE_LENGTH_HEADER='-2',REQUEST_PROTOCOL='http/1.1',REQUEST_URL='https://hacker-news.firebaseio.com/v0/item/23970366.json',
08-05 12:38:38.916 27251 27942 D OkHttp  : <-- 200 OK https://hacker-news.firebaseio.com/v0/item/23970366.json (195ms)
08-05 12:38:38.916 27251 27942 D OkHttp  : Server: nginx
08-05 12:38:38.917 27251 27942 D OkHttp  : Date: Wed, 05 Aug 2020 10:38:34 GMT
08-05 12:38:38.917 27251 27942 D OkHttp  : Content-Type: application/json; charset=utf-8
08-05 12:38:38.917 27251 27942 D OkHttp  : Content-Length: 370
08-05 12:38:38.917 27251 27942 D OkHttp  : Connection: keep-alive
08-05 12:38:38.917 27251 27942 D OkHttp  : Access-Control-Allow-Origin: *
08-05 12:38:38.917 27251 27942 D OkHttp  : Strict-Transport-Security: max-age=31556926; includeSubDomains; preload
08-05 12:38:38.917 27251 27942 D OkHttp  : Cache-Control: Cache-Control: max-age=1800
08-05 12:38:38.917 27251 27708 I art     : Explicit concurrent mark sweep GC freed 11434(855KB) AllocSpace objects, 15(404KB) LOS objects, 31% free, 34MB/50MB, paused 3.688ms total 58.040ms
08-05 12:38:38.929 27251 27708 I art     : Starting a blocking GC Explicit
08-05 12:38:38.936 27251 27879 D OkHttp  : {"by":"mjayhn","id":23970080,"parent":23970041,"text":"This hit a bunch of us about a year ago, maybe two years, I forget. It was incredibly annoying and made me completely stop relying on gmail for calendar stuff.","time":1595888311,"type":"comment"}
08-05 12:38:38.936 27251 27879 D OkHttp  : <-- END HTTP (251-byte body)
08-05 12:38:38.937 27251 27325 D OkHttp  : {"by":"erichurkman","id":23970236,"kids":[23971214,23971557,23970862,23970298],"parent":23970041,"text":"It&#x27;s used not just by spammers, but by sales reps, too.<p>Dell recently did this to about half a dozen people on my team. &#x27;Q2 Budget Review&#x27;, which sounds official, but is really a Dell rep trying to sell you junk that magically pops up on your calendar _even if you mark their message as spam_.<p>Dirty way to get by executive assistants, too.","time":1595889428,"type":"comment"}
08-05 12:38:38.937 27251 27325 D OkHttp  : <-- END HTTP (501-byte body)
08-05 12:38:38.941 27251 27923 D MYTAG   : interceptor 1
08-05 12:38:38.942 27251 27923 I NAPPA_EXPERIMENTATION: MetricNetworkRequestExecutionTime: REQUEST_DURATION_SYSTEM='226',REQUEST_DURATION_OKHTTP='226',REQUEST_SYNCHRONOUS='TRUE',RESPONSE_CODE='200',RESPONSE_METHOD='GET',RESPONSE_LENGTH_OKHTTP='290',RESPONSE_LENGTH_HEADER='-2',REQUEST_PROTOCOL='http/1.1',REQUEST_URL='https://hacker-news.firebaseio.com/v0/item/23970864.json',
08-05 12:38:38.945 27251 27923 D OkHttp  : <-- 200 OK https://hacker-news.firebaseio.com/v0/item/23970864.json (231ms)
08-05 12:38:38.946 27251 27923 D OkHttp  : Server: nginx
08-05 12:38:38.946 27251 27923 D OkHttp  : Date: Wed, 05 Aug 2020 10:38:34 GMT
08-05 12:38:38.946 27251 27923 D OkHttp  : Content-Type: application/json; charset=utf-8
08-05 12:38:38.946 27251 27923 D OkHttp  : Content-Length: 290
08-05 12:38:38.946 27251 27923 D OkHttp  : Connection: keep-alive
08-05 12:38:38.946 27251 27923 D OkHttp  : Access-Control-Allow-Origin: *
08-05 12:38:38.946 27251 27923 D OkHttp  : Strict-Transport-Security: max-age=31556926; includeSubDomains; preload
08-05 12:38:38.946 27251 27923 D OkHttp  : Cache-Control: Cache-Control: max-age=1800
08-05 12:38:38.949 27251 27923 D OkHttp  : {"by":"wincy","id":23970864,"parent":23970041,"text":"You just reminded me why I decoupled my google calendar from my iPhone calendar a few years ago. Just the other day I was thinking I’d like them up, but something made me feel like I shouldn’t...","time":1595895125,"type":"comment"}
08-05 12:38:38.949 27251 27923 D OkHttp  : <-- END HTTP (290-byte body)
08-05 12:38:38.950 27251 27942 D OkHttp  : {"by":"malwarebytess","id":23970366,"kids":[23970459],"parent":23970041,"text":"I still get this. It was bad enough on my &quot;sign up for shit&quot; email address that I had to disconnect that account from my smartphone because it kept spamming me with notifications in my calendar to &quot;earn $1500 a week working at home!&quot;","time":1595890440,"type":"comment"}
08-05 12:38:38.950 27251 27942 D OkHttp  : <-- END HTTP (370-byte body)
08-05 12:38:38.956 27251 27953 D OkHttp  : --> GET https://hacker-news.firebaseio.com/v0/item/23970271.json
08-05 12:38:38.956 27251 27953 D OkHttp  : Cache-Control: max-age=1800
08-05 12:38:38.956 27251 27953 D OkHttp  : --> END GET
08-05 12:38:38.983 27251 27708 I art     : Explicit concurrent mark sweep GC freed 4189(379KB) AllocSpace objects, 4(80KB) LOS objects, 31% free, 34MB/50MB, paused 4.044ms total 54.257ms
08-05 12:38:38.985 27251 27948 D MYTAG   : interceptor 1
08-05 12:38:38.985 27251 27948 I NAPPA_EXPERIMENTATION: MetricNetworkRequestExecutionTime: REQUEST_DURATION_SYSTEM='183',REQUEST_DURATION_OKHTTP='183',REQUEST_SYNCHRONOUS='TRUE',RESPONSE_CODE='200',RESPONSE_METHOD='GET',RESPONSE_LENGTH_OKHTTP='440',RESPONSE_LENGTH_HEADER='-2',REQUEST_PROTOCOL='http/1.1',REQUEST_URL='https://hacker-news.firebaseio.com/v0/item/23969822.json',
08-05 12:38:38.988 27251 27948 D OkHttp  : <-- 200 OK https://hacker-news.firebaseio.com/v0/item/23969822.json (187ms)
08-05 12:38:38.988 27251 27948 D OkHttp  : Server: nginx
08-05 12:38:38.988 27251 27948 D OkHttp  : Date: Wed, 05 Aug 2020 10:38:34 GMT
08-05 12:38:38.988 27251 27948 D OkHttp  : Content-Type: application/json; charset=utf-8
08-05 12:38:38.988 27251 27948 D OkHttp  : Content-Length: 440
08-05 12:38:38.988 27251 27948 D OkHttp  : Connection: keep-alive
08-05 12:38:38.988 27251 27948 D OkHttp  : Access-Control-Allow-Origin: *
08-05 12:38:38.989 27251 27948 D OkHttp  : Strict-Transport-Security: max-age=31556926; includeSubDomains; preload
08-05 12:38:38.989 27251 27948 D OkHttp  : Cache-Control: Cache-Control: max-age=1800
08-05 12:38:38.996 27251 27708 I art     : Starting a blocking GC Explicit
08-05 12:38:39.022 27251 27948 D OkHttp  : {"by":"pedrocx486","id":23969822,"kids":[23969892],"parent":23969718,"text":"Oh god. I got COMPLETELY derailed by this last month. My girlfriend&#x27;s son was using my tablet (which is logged on my main Google account) and recently I was being victim of this, and suddenly he asked me &quot;what&#x27;s a bussy?&quot;<p>I never logged my account out of an device so fast. Google needs to fix this crap.","time":1595886642,"type":"comment"}
08-05 12:38:39.022 27251 27948 D OkHttp  : <-- END HTTP (440-byte body)
08-05 12:38:39.022 27251 27870 D OkHttp  : --> GET https://hacker-news.firebaseio.com/v0/item/23972258.json
08-05 12:38:39.022 27251 27870 D OkHttp  : Cache-Control: max-age=1800
08-05 12:38:39.023 27251 27870 D OkHttp  : --> END GET
08-05 12:38:39.050 27251 27953 D MYTAG   : interceptor 1
08-05 12:38:39.050 27251 27953 I NAPPA_EXPERIMENTATION: MetricNetworkRequestExecutionTime: REQUEST_DURATION_SYSTEM='93',REQUEST_DURATION_OKHTTP='93',REQUEST_SYNCHRONOUS='TRUE',RESPONSE_CODE='200',RESPONSE_METHOD='GET',RESPONSE_LENGTH_OKHTTP='623',RESPONSE_LENGTH_HEADER='-2',REQUEST_PROTOCOL='http/1.1',REQUEST_URL='https://hacker-news.firebaseio.com/v0/item/23970271.json',
08-05 12:38:39.050 27251 27931 D OkHttp  : --> GET https://hacker-news.firebaseio.com/v0/item/23972889.json
08-05 12:38:39.050 27251 27931 D OkHttp  : Cache-Control: max-age=1800
08-05 12:38:39.051 27251 27931 D OkHttp  : --> END GET
08-05 12:38:39.051 27251 27708 I art     : Explicit concurrent mark sweep GC freed 5538(340KB) AllocSpace objects, 1(20KB) LOS objects, 31% free, 34MB/50MB, paused 3.486ms total 55.229ms
08-05 12:38:39.053 27251 27953 D OkHttp  : <-- 200 OK https://hacker-news.firebaseio.com/v0/item/23970271.json (96ms)
08-05 12:38:39.053 27251 27943 D MYTAG   : interceptor 1
08-05 12:38:39.053 27251 27953 D OkHttp  : Server: nginx
08-05 12:38:39.053 27251 27953 D OkHttp  : Date: Wed, 05 Aug 2020 10:38:34 GMT
08-05 12:38:39.053 27251 27953 D OkHttp  : Content-Type: application/json; charset=utf-8
08-05 12:38:39.053 27251 27953 D OkHttp  : Content-Length: 623
08-05 12:38:39.053 27251 27953 D OkHttp  : Connection: keep-alive
08-05 12:38:39.053 27251 27943 I NAPPA_EXPERIMENTATION: MetricNetworkRequestExecutionTime: REQUEST_DURATION_SYSTEM='147',REQUEST_DURATION_OKHTTP='147',REQUEST_SYNCHRONOUS='TRUE',RESPONSE_CODE='200',RESPONSE_METHOD='GET',RESPONSE_LENGTH_OKHTTP='419',RESPONSE_LENGTH_HEADER='-2',REQUEST_PROTOCOL='http/1.1',REQUEST_URL='https://hacker-news.firebaseio.com/v0/item/23970303.json',
08-05 12:38:39.053 27251 27953 D OkHttp  : Access-Control-Allow-Origin: *
08-05 12:38:39.053 27251 27953 D OkHttp  : Strict-Transport-Security: max-age=31556926; includeSubDomains; preload
08-05 12:38:39.053 27251 27953 D OkHttp  : Cache-Control: Cache-Control: max-age=1800
08-05 12:38:39.056 27251 27901 D OkHttp  : --> GET https://hacker-news.firebaseio.com/v0/item/23971214.json
08-05 12:38:39.056 27251 27901 D OkHttp  : Cache-Control: max-age=1800
08-05 12:38:39.056 27251 27901 D OkHttp  : --> END GET
08-05 12:38:39.057 27251 27943 D OkHttp  : <-- 200 OK https://hacker-news.firebaseio.com/v0/item/23970303.json (152ms)
08-05 12:38:39.057 27251 27943 D OkHttp  : Server: nginx
08-05 12:38:39.057 27251 27943 D OkHttp  : Date: Wed, 05 Aug 2020 10:38:34 GMT
08-05 12:38:39.057 27251 27943 D OkHttp  : Content-Type: application/json; charset=utf-8
08-05 12:38:39.057 27251 27943 D OkHttp  : Content-Length: 419
08-05 12:38:39.057 27251 27943 D OkHttp  : Connection: keep-alive
08-05 12:38:39.058 27251 27943 D OkHttp  : Access-Control-Allow-Origin: *
08-05 12:38:39.058 27251 27943 D OkHttp  : Strict-Transport-Security: max-age=31556926; includeSubDomains; preload
08-05 12:38:39.058 27251 27943 D OkHttp  : Cache-Control: Cache-Control: max-age=1800
08-05 12:38:39.061 27251 27943 D OkHttp  : {"by":"bgorman","id":23970303,"parent":23969718,"text":"I have been getting documents with titles that seem like pornography shared with me recently as well. It is truly infuriating because I can&#x27;t tell where they are coming from. It seems like this started around ~6 months ago. I think there is a report as spam option, but it doesn&#x27;t seem to have stopped the onslaught.","time":1595889894,"type":"comment"}
08-05 12:38:39.061 27251 27943 D OkHttp  : <-- END HTTP (419-byte body)
08-05 12:38:39.063 27251 27946 D OkHttp  : --> GET https://hacker-news.firebaseio.com/v0/item/23971557.json
08-05 12:38:39.063 27251 27946 D OkHttp  : Cache-Control: max-age=1800
08-05 12:38:39.063 27251 27946 D OkHttp  : --> END GET
08-05 12:38:39.064 27251 27708 I art     : Starting a blocking GC Explicit
08-05 12:38:39.074 27251 27939 D OkHttp  : --> GET https://hacker-news.firebaseio.com/v0/item/23970862.json
08-05 12:38:39.075 27251 27939 D OkHttp  : Cache-Control: max-age=1800
08-05 12:38:39.075 27251 27939 D OkHttp  : --> END GET
08-05 12:38:39.082 27251 27927 D OkHttp  : --> GET https://hacker-news.firebaseio.com/v0/item/23970298.json
08-05 12:38:39.082 27251 27927 D OkHttp  : Cache-Control: max-age=1800
08-05 12:38:39.082 27251 27927 D OkHttp  : --> END GET
08-05 12:38:39.089 27251 27953 D OkHttp  : {"by":"fpgaminer","id":23970271,"parent":23970204,"text":"If it&#x27;s any help, I _think_ this is the guide I used to disable the feature: <a href=\"https:&#x2F;&#x2F;lifehacker.com&#x2F;how-to-keep-spam-out-of-your-google-calendar-1835810050\" rel=\"nofollow\">https:&#x2F;&#x2F;lifehacker.com&#x2F;how-to-keep-spam-out-of-your-google-c...</a><p>It was awhile ago, but that looks like the right link and jives with my current settings.  I don&#x27;t get any more spam on my calendar, but obviously need to manually respond Yes to any email invites to get them to show on the calendar.","time":1595889643,"type":"comment"}
08-05 12:38:39.090 27251 27953 D OkHttp  : <-- END HTTP (623-byte body)
08-05 12:38:39.119 27251 27708 I art     : Explicit concurrent mark sweep GC freed 5798(398KB) AllocSpace objects, 2(40KB) LOS objects, 31% free, 34MB/50MB, paused 3.622ms total 54.732ms
08-05 12:38:39.148 27251 27908 D OkHttp  : <-- HTTP FAILED: java.io.IOException: unexpected end of stream on https://hacker-news.firebaseio.com/...
08-05 12:38:39.210 27251 27870 D MYTAG   : interceptor 1
08-05 12:38:39.211 27251 27870 I NAPPA_EXPERIMENTATION: MetricNetworkRequestExecutionTime: REQUEST_DURATION_SYSTEM='187',REQUEST_DURATION_OKHTTP='187',REQUEST_SYNCHRONOUS='TRUE',RESPONSE_CODE='200',RESPONSE_METHOD='GET',RESPONSE_LENGTH_OKHTTP='1074',RESPONSE_LENGTH_HEADER='-2',REQUEST_PROTOCOL='http/1.1',REQUEST_URL='https://hacker-news.firebaseio.com/v0/item/23972258.json',
08-05 12:38:39.214 27251 27870 D OkHttp  : <-- 200 OK https://hacker-news.firebaseio.com/v0/item/23972258.json (191ms)
08-05 12:38:39.214 27251 27870 D OkHttp  : Server: nginx
08-05 12:38:39.214 27251 27870 D OkHttp  : Date: Wed, 05 Aug 2020 10:38:34 GMT
08-05 12:38:39.214 27251 27870 D OkHttp  : Content-Type: application/json; charset=utf-8
08-05 12:38:39.214 27251 27870 D OkHttp  : Content-Length: 1074
08-05 12:38:39.214 27251 27870 D OkHttp  : Connection: keep-alive
08-05 12:38:39.214 27251 27870 D OkHttp  : Access-Control-Allow-Origin: *
08-05 12:38:39.214 27251 27870 D OkHttp  : Strict-Transport-Security: max-age=31556926; includeSubDomains; preload
08-05 12:38:39.214 27251 27870 D OkHttp  : Cache-Control: Cache-Control: max-age=1800
08-05 12:38:39.216 27251 27870 D OkHttp  : {"by":"fpgaminer","id":23972258,"kids":[23974089],"parent":23971544,"text":"&gt; Google has very little incentive to fix the problem<p>A long time ago, in an internet far, far away, Gmail was brand new.  The big feature?  No spam.  Back then we&#x27;d hide our email addresses in cryptic text and images.  It was a private thing, shared between friends.  If the light of the internet were to ever shine upon your unobfuscated email address, woe be onto you as the plague of SPAM descended.  There were even entire websites dedicate to the purpose of &quot;email address images&quot;.  It was ... a wild time.<p>Then, GMAIL!  For the first time since the dawn of SPAM we could post our addresses in plaintext, in the light of day.  We didn&#x27;t hide them like dirty underwear.  The whole WORLD could see our email addresses, and we didn&#x27;t have a care in the world.  The smell of fresh email was in the air, unbesmirched by SPAM.<p>Perhaps the young ones forget.  Perhaps Google has forgotten.  Lost to the sands of Calendar spam...","time":1595910396,"type":"comment"}
08-05 12:38:39.216 27251 27870 D OkHttp  : <-- END HTTP (1074-byte body)
08-05 12:38:39.218 27251 27268 D MYTAG   : interceptor 1
08-05 12:38:39.218 27251 27268 I NAPPA_EXPERIMENTATION: MetricNetworkRequestExecutionTime: REQUEST_DURATION_SYSTEM='302',REQUEST_DURATION_OKHTTP='301',REQUEST_SYNCHRONOUS='TRUE',RESPONSE_CODE='200',RESPONSE_METHOD='GET',RESPONSE_LENGTH_OKHTTP='1399',RESPONSE_LENGTH_HEADER='-2',REQUEST_PROTOCOL='http/1.1',REQUEST_URL='https://hacker-news.firebaseio.com/v0/item/23972976.json',
08-05 12:38:39.220 27251 27268 D OkHttp  : <-- 200 OK https://hacker-news.firebaseio.com/v0/item/23972976.json (1158ms)
08-05 12:38:39.220 27251 27268 D OkHttp  : Server: nginx
08-05 12:38:39.221 27251 27268 D OkHttp  : Date: Wed, 05 Aug 2020 10:38:35 GMT
08-05 12:38:39.221 27251 27268 D OkHttp  : Content-Type: application/json; charset=utf-8
08-05 12:38:39.221 27251 27268 D OkHttp  : Content-Length: 1399
08-05 12:38:39.221 27251 27268 D OkHttp  : Connection: keep-alive
08-05 12:38:39.221 27251 27268 D OkHttp  : Access-Control-Allow-Origin: *
08-05 12:38:39.221 27251 27268 D OkHttp  : Strict-Transport-Security: max-age=31556926; includeSubDomains; preload
08-05 12:38:39.221 27251 27268 D OkHttp  : Cache-Control: Cache-Control: max-age=1800
08-05 12:38:39.229 27251 27931 D MYTAG   : interceptor 1
08-05 12:38:39.230 27251 27931 I NAPPA_EXPERIMENTATION: MetricNetworkRequestExecutionTime: REQUEST_DURATION_SYSTEM='178',REQUEST_DURATION_OKHTTP='178',REQUEST_SYNCHRONOUS='TRUE',RESPONSE_CODE='200',RESPONSE_METHOD='GET',RESPONSE_LENGTH_OKHTTP='360',RESPONSE_LENGTH_HEADER='-2',REQUEST_PROTOCOL='http/1.1',REQUEST_URL='https://hacker-news.firebaseio.com/v0/item/23972889.json',
08-05 12:38:39.233 27251 27931 D OkHttp  : <-- 200 OK https://hacker-news.firebaseio.com/v0/item/23972889.json (182ms)
08-05 12:38:39.233 27251 27931 D OkHttp  : Server: nginx
08-05 12:38:39.233 27251 27931 D OkHttp  : Date: Wed, 05 Aug 2020 10:38:34 GMT
08-05 12:38:39.233 27251 27931 D OkHttp  : Content-Type: application/json; charset=utf-8
08-05 12:38:39.233 27251 27931 D OkHttp  : Content-Length: 360
08-05 12:38:39.233 27251 27931 D OkHttp  : Connection: keep-alive
08-05 12:38:39.233 27251 27931 D OkHttp  : Access-Control-Allow-Origin: *
08-05 12:38:39.233 27251 27931 D OkHttp  : Strict-Transport-Security: max-age=31556926; includeSubDomains; preload
08-05 12:38:39.233 27251 27931 D OkHttp  : Cache-Control: Cache-Control: max-age=1800
08-05 12:38:39.235 27251 27931 D OkHttp  : {"by":"eximius","id":23972889,"kids":[23972983],"parent":23971544,"text":"Even internally this bug is not prioritized. In their defense, it&#x27;s not clear what the behaviour <i>should</i> be. Against them, there are options that, while not perfect, are better than the status quo, even if the user must manually set them.","time":1595917612,"type":"comment"}
08-05 12:38:39.235 27251 27931 D OkHttp  : <-- END HTTP (360-byte body)
08-05 12:38:39.236 27251 27318 D OkHttp  : <-- HTTP FAILED: java.io.IOException: unexpected end of stream on https://hacker-news.firebaseio.com/...
08-05 12:38:39.252 27251 27946 D MYTAG   : interceptor 1
08-05 12:38:39.252 27251 27946 I NAPPA_EXPERIMENTATION: MetricNetworkRequestExecutionTime: REQUEST_DURATION_SYSTEM='187',REQUEST_DURATION_OKHTTP='187',REQUEST_SYNCHRONOUS='TRUE',RESPONSE_CODE='200',RESPONSE_METHOD='GET',RESPONSE_LENGTH_OKHTTP='375',RESPONSE_LENGTH_HEADER='-2',REQUEST_PROTOCOL='http/1.1',REQUEST_URL='https://hacker-news.firebaseio.com/v0/item/23971557.json',
08-05 12:38:39.257 27251 27901 D MYTAG   : interceptor 1
08-05 12:38:39.258 27251 27901 I NAPPA_EXPERIMENTATION: MetricNetworkRequestExecutionTime: REQUEST_DURATION_SYSTEM='200',REQUEST_DURATION_OKHTTP='200',REQUEST_SYNCHRONOUS='TRUE',RESPONSE_CODE='200',RESPONSE_METHOD='GET',RESPONSE_LENGTH_OKHTTP='500',RESPONSE_LENGTH_HEADER='-2',REQUEST_PROTOCOL='http/1.1',REQUEST_URL='https://hacker-news.firebaseio.com/v0/item/23971214.json',
08-05 12:38:39.264 27251 27946 D OkHttp  : <-- 200 OK https://hacker-news.firebaseio.com/v0/item/23971557.json (200ms)
08-05 12:38:39.264 27251 27946 D OkHttp  : Server: nginx
08-05 12:38:39.264 27251 27946 D OkHttp  : Date: Wed, 05 Aug 2020 10:38:34 GMT
08-05 12:38:39.264 27251 27946 D OkHttp  : Content-Type: application/json; charset=utf-8
08-05 12:38:39.264 27251 27946 D OkHttp  : Content-Length: 375
08-05 12:38:39.264 27251 27946 D OkHttp  : Connection: keep-alive
08-05 12:38:39.264 27251 27946 D OkHttp  : Access-Control-Allow-Origin: *
08-05 12:38:39.264 27251 27946 D OkHttp  : Strict-Transport-Security: max-age=31556926; includeSubDomains; preload
08-05 12:38:39.264 27251 27946 D OkHttp  : Cache-Control: Cache-Control: max-age=1800
08-05 12:38:39.264 27251 27901 D OkHttp  : <-- 200 OK https://hacker-news.firebaseio.com/v0/item/23971214.json (208ms)
08-05 12:38:39.264 27251 27901 D OkHttp  : Server: nginx
08-05 12:38:39.264 27251 27901 D OkHttp  : Date: Wed, 05 Aug 2020 10:38:34 GMT
08-05 12:38:39.264 27251 27901 D OkHttp  : Content-Type: application/json; charset=utf-8
08-05 12:38:39.264 27251 27901 D OkHttp  : Content-Length: 500
08-05 12:38:39.264 27251 27901 D OkHttp  : Connection: keep-alive
08-05 12:38:39.264 27251 27901 D OkHttp  : Access-Control-Allow-Origin: *
08-05 12:38:39.264 27251 27901 D OkHttp  : Strict-Transport-Security: max-age=31556926; includeSubDomains; preload
08-05 12:38:39.264 27251 27901 D OkHttp  : Cache-Control: Cache-Control: max-age=1800
08-05 12:38:39.267 27251 27901 D OkHttp  : {"by":"WrtCdEvrydy","id":23971214,"kids":[23971924,23973978,23972234],"parent":23970236,"text":"&gt; Dell recently did this to about half a dozen people on my team. &#x27;Q2 Budget Review&#x27;,<p>If you put this shit on my calendar, I will never purchase a product from you. I will additionally, at my own discretion, use it as proof that you have had a data breach and are unable to keep your accounts safe since no real company would really do this on purpose.","time":1595898241,"type":"comment"}
08-05 12:38:39.267 27251 27901 D OkHttp  : <-- END HTTP (500-byte body)
08-05 12:38:39.268 27251 27268 D OkHttp  : {"by":"toast0","id":23972976,"kids":[23979056],"parent":23970276,"text":"G Suite says Enterprise but doesn&#x27;t actually do it.<p>For years, you had to turn of 2fa enforcement for the whole org, or do janky hacks with special groups and policy exceptions for groups to onboard new employees because they hadn&#x27;t gotten around to a first time login flow that had a mandatory 2fa enrollment; instead they&#x27;d just prompt for the 2fa code you couldn&#x27;t have setup.<p>There&#x27;s no way to merge two separate G Suite accounts, in case your company merges with another company. You&#x27;re just supposed to setup new users in the new org and close the old org account. Even more fun to be had if you want to keep the same usernames (I can&#x27;t imagine the collosal pain it would be if you also wanted google handling the email during that transititon).<p>Oh yeah: there&#x27;s no way to stop people from trying to setup consumer google accounts on your corporate domain. Most of those are spammers or idiots that won&#x27;t get confirmed, but some of them are employees doing things wrong, and can confirm them, but then you have things like two accounts with the same name that are different because one is a g suite (but you can&#x27;t register the domain for two different organizations, because three accounts with the same name would be too much)","time":1595918498,"type":"comment"}
08-05 12:38:39.268 27251 27268 D OkHttp  : <-- END HTTP (1399-byte body)
08-05 12:38:39.291 27251 27946 D OkHttp  : {"by":"Simulacra","id":23971557,"kids":[23971897],"parent":23970236,"text":"We had someone try this at a company I worked at previously. The target was so angry they aggressively complained; the company fired the salesman. It boggles the mind why a sales person would do something that is likely to be seen as an invasion to the prospect.","time":1595901512,"type":"comment"}
08-05 12:38:39.291 27251 27946 D OkHttp  : <-- END HTTP (375-byte body)
08-05 12:38:39.353 27251 27324 D MYTAG   : interceptor 1
08-05 12:38:39.353 27251 27324 I NAPPA_EXPERIMENTATION: MetricNetworkRequestExecutionTime: REQUEST_DURATION_SYSTEM='212',REQUEST_DURATION_OKHTTP='212',REQUEST_SYNCHRONOUS='TRUE',RESPONSE_CODE='200',RESPONSE_METHOD='GET',RESPONSE_LENGTH_OKHTTP='379',RESPONSE_LENGTH_HEADER='-2',REQUEST_PROTOCOL='http/1.1',REQUEST_URL='https://hacker-news.firebaseio.com/v0/item/23971099.json',
08-05 12:38:39.354 27251 27929 D OkHttp  : --> GET https://hacker-news.firebaseio.com/v0/item/23971924.json
08-05 12:38:39.354 27251 27929 D OkHttp  : Cache-Control: max-age=1800
08-05 12:38:39.354 27251 27929 D OkHttp  : --> END GET
08-05 12:38:39.356 27251 27324 D OkHttp  : <-- 200 OK https://hacker-news.firebaseio.com/v0/item/23971099.json (1286ms)
08-05 12:38:39.356 27251 27324 D OkHttp  : Server: nginx
08-05 12:38:39.356 27251 27927 D MYTAG   : interceptor 1
08-05 12:38:39.356 27251 27324 D OkHttp  : Date: Wed, 05 Aug 2020 10:38:35 GMT
08-05 12:38:39.356 27251 27324 D OkHttp  : Content-Type: application/json; charset=utf-8
08-05 12:38:39.356 27251 27324 D OkHttp  : Content-Length: 379
08-05 12:38:39.356 27251 27927 I NAPPA_EXPERIMENTATION: MetricNetworkRequestExecutionTime: REQUEST_DURATION_SYSTEM='273',REQUEST_DURATION_OKHTTP='273',REQUEST_SYNCHRONOUS='TRUE',RESPONSE_CODE='200',RESPONSE_METHOD='GET',RESPONSE_LENGTH_OKHTTP='199',RESPONSE_LENGTH_HEADER='-2',REQUEST_PROTOCOL='http/1.1',REQUEST_URL='https://hacker-news.firebaseio.com/v0/item/23970298.json',
08-05 12:38:39.356 27251 27324 D OkHttp  : Connection: keep-alive
08-05 12:38:39.356 27251 27324 D OkHttp  : Access-Control-Allow-Origin: *
08-05 12:38:39.356 27251 27324 D OkHttp  : Strict-Transport-Security: max-age=31556926; includeSubDomains; preload
08-05 12:38:39.356 27251 27324 D OkHttp  : Cache-Control: Cache-Control: max-age=1800
08-05 12:38:39.360 27251 27927 D OkHttp  : <-- 200 OK https://hacker-news.firebaseio.com/v0/item/23970298.json (278ms)
08-05 12:38:39.360 27251 27927 D OkHttp  : Server: nginx
08-05 12:38:39.360 27251 27927 D OkHttp  : Date: Wed, 05 Aug 2020 10:38:35 GMT
08-05 12:38:39.360 27251 27927 D OkHttp  : Content-Type: application/json; charset=utf-8
08-05 12:38:39.360 27251 27927 D OkHttp  : Content-Length: 199
08-05 12:38:39.360 27251 27927 D OkHttp  : Connection: keep-alive
08-05 12:38:39.360 27251 27927 D OkHttp  : Access-Control-Allow-Origin: *
08-05 12:38:39.360 27251 27927 D OkHttp  : Strict-Transport-Security: max-age=31556926; includeSubDomains; preload
08-05 12:38:39.361 27251 27927 D OkHttp  : Cache-Control: Cache-Control: max-age=1800
08-05 12:38:39.362 27251 27916 D OkHttp  : --> GET https://hacker-news.firebaseio.com/v0/item/23973978.json
08-05 12:38:39.362 27251 27916 D OkHttp  : Cache-Control: max-age=1800
08-05 12:38:39.362 27251 27916 D OkHttp  : --> END GET
08-05 12:38:39.363 27251 27927 D OkHttp  : {"by":"kstrauser","id":23970298,"kids":[23972381],"parent":23970236,"text":"That sounds like an excellent way to make me ban all inbound traffic from that vendor.","time":1595889859,"type":"comment"}
08-05 12:38:39.363 27251 27927 D OkHttp  : <-- END HTTP (199-byte body)
08-05 12:38:39.368 27251 27938 D OkHttp  : --> GET https://hacker-news.firebaseio.com/v0/item/23972234.json
08-05 12:38:39.368 27251 27938 D OkHttp  : Cache-Control: max-age=1800
08-05 12:38:39.368 27251 27938 D OkHttp  : --> END GET
08-05 12:38:39.373 27251 27939 D MYTAG   : interceptor 1
08-05 12:38:39.373 27251 27939 I NAPPA_EXPERIMENTATION: MetricNetworkRequestExecutionTime: REQUEST_DURATION_SYSTEM='297',REQUEST_DURATION_OKHTTP='297',REQUEST_SYNCHRONOUS='TRUE',RESPONSE_CODE='200',RESPONSE_METHOD='GET',RESPONSE_LENGTH_OKHTTP='233',RESPONSE_LENGTH_HEADER='-2',REQUEST_PROTOCOL='http/1.1',REQUEST_URL='https://hacker-news.firebaseio.com/v0/item/23970862.json',
08-05 12:38:39.376 27251 27939 D OkHttp  : <-- 200 OK https://hacker-news.firebaseio.com/v0/item/23970862.json (301ms)
08-05 12:38:39.376 27251 27939 D OkHttp  : Server: nginx
08-05 12:38:39.376 27251 27939 D OkHttp  : Date: Wed, 05 Aug 2020 10:38:35 GMT
08-05 12:38:39.376 27251 27939 D OkHttp  : Content-Type: application/json; charset=utf-8
08-05 12:38:39.377 27251 27939 D OkHttp  : Content-Length: 233
08-05 12:38:39.377 27251 27939 D OkHttp  : Connection: keep-alive
08-05 12:38:39.377 27251 27939 D OkHttp  : Access-Control-Allow-Origin: *
08-05 12:38:39.377 27251 27939 D OkHttp  : Strict-Transport-Security: max-age=31556926; includeSubDomains; preload
08-05 12:38:39.377 27251 27939 D OkHttp  : Cache-Control: Cache-Control: max-age=1800
08-05 12:38:39.378 27251 27939 D OkHttp  : {"by":"pavel_lishin","id":23970862,"kids":[23971030],"parent":23970236,"text":"&gt; <i>It&#x27;s used not just by spammers, but by sales reps, too.</i><p>Not sure there&#x27;s a distinction there.","time":1595895099,"type":"comment"}
08-05 12:38:39.378 27251 27939 D OkHttp  : <-- END HTTP (233-byte body)
08-05 12:38:39.384 27251 27315 D OkHttp  : --> GET https://hacker-news.firebaseio.com/v0/item/23971897.json
08-05 12:38:39.384 27251 27315 D OkHttp  : Cache-Control: max-age=1800
08-05 12:38:39.384 27251 27315 D OkHttp  : --> END GET
08-05 12:38:39.390 27251 27324 D OkHttp  : {"by":"jfaat","id":23971099,"parent":23970276,"text":"Shameless plug, but the product I&#x27;m currently working on does this: <a href=\"https:&#x2F;&#x2F;altitudenetworks.com&#x2F;offboarding.html\" rel=\"nofollow\">https:&#x2F;&#x2F;altitudenetworks.com&#x2F;offboarding.html</a><p>You&#x27;re definitely not the first company to want this!","time":1595897168,"type":"comment"}
08-05 12:38:39.390 27251 27324 D OkHttp  : <-- END HTTP (379-byte body)
08-05 12:38:39.412 27251 27877 D MYTAG   : interceptor 1
08-05 12:38:39.412 27251 27877 I NAPPA_EXPERIMENTATION: MetricNetworkRequestExecutionTime: REQUEST_DURATION_SYSTEM='228',REQUEST_DURATION_OKHTTP='228',REQUEST_SYNCHRONOUS='TRUE',RESPONSE_CODE='200',RESPONSE_METHOD='GET',RESPONSE_LENGTH_OKHTTP='389',RESPONSE_LENGTH_HEADER='-2',REQUEST_PROTOCOL='http/1.1',REQUEST_URL='https://hacker-news.firebaseio.com/v0/item/23970196.json',
08-05 12:38:39.414 27251 27877 D OkHttp  : <-- 200 OK https://hacker-news.firebaseio.com/v0/item/23970196.json (1186ms)
08-05 12:38:39.414 27251 27877 D OkHttp  : Server: nginx
08-05 12:38:39.414 27251 27877 D OkHttp  : Date: Wed, 05 Aug 2020 10:38:34 GMT
08-05 12:38:39.414 27251 27877 D OkHttp  : Content-Type: application/json; charset=utf-8
08-05 12:38:39.414 27251 27877 D OkHttp  : Content-Length: 389
08-05 12:38:39.414 27251 27877 D OkHttp  : Connection: keep-alive
08-05 12:38:39.414 27251 27877 D OkHttp  : Access-Control-Allow-Origin: *
08-05 12:38:39.414 27251 27877 D OkHttp  : Strict-Transport-Security: max-age=31556926; includeSubDomains; preload
08-05 12:38:39.414 27251 27877 D OkHttp  : Cache-Control: Cache-Control: max-age=1800
08-05 12:38:39.450 27251 27877 D OkHttp  : {"by":"xtracto","id":23970196,"kids":[23970458,23970522,23970318,23970547],"parent":23969879,"text":"Google support forums are terrible. Every time there is a missing feature (I usually find it in Google Spreadsheet) or a bug, the corresponding entry in the support forum would be answered with some pretext of why said feature will never be supported.","time":1595889178,"type":"comment"}
08-05 12:38:39.450 27251 27877 D OkHttp  : <-- END HTTP (389-byte body)
08-05 12:38:39.481 27251 27262 I art     : Starting a blocking GC Explicit
08-05 12:38:39.519 27251 27872 D MYTAG   : interceptor 1
08-05 12:38:39.519 27251 27872 I NAPPA_EXPERIMENTATION: MetricNetworkRequestExecutionTime: REQUEST_DURATION_SYSTEM='239',REQUEST_DURATION_OKHTTP='239',REQUEST_SYNCHRONOUS='TRUE',RESPONSE_CODE='200',RESPONSE_METHOD='GET',RESPONSE_LENGTH_OKHTTP='252',RESPONSE_LENGTH_HEADER='-2',REQUEST_PROTOCOL='http/1.1',REQUEST_URL='https://hacker-news.firebaseio.com/v0/item/23970244.json',
08-05 12:38:39.522 27251 27872 D OkHttp  : <-- 200 OK https://hacker-news.firebaseio.com/v0/item/23970244.json (1268ms)
08-05 12:38:39.522 27251 27872 D OkHttp  : Server: nginx
08-05 12:38:39.522 27251 27872 D OkHttp  : Date: Wed, 05 Aug 2020 10:38:35 GMT
08-05 12:38:39.522 27251 27872 D OkHttp  : Content-Type: application/json; charset=utf-8
08-05 12:38:39.522 27251 27872 D OkHttp  : Content-Length: 252
08-05 12:38:39.522 27251 27872 D OkHttp  : Connection: keep-alive
08-05 12:38:39.522 27251 27872 D OkHttp  : Access-Control-Allow-Origin: *
08-05 12:38:39.523 27251 27872 D OkHttp  : Strict-Transport-Security: max-age=31556926; includeSubDomains; preload
08-05 12:38:39.523 27251 27872 D OkHttp  : Cache-Control: Cache-Control: max-age=1800
08-05 12:38:39.539 27251 27916 D MYTAG   : interceptor 1
08-05 12:38:39.539 27251 27916 I NAPPA_EXPERIMENTATION: MetricNetworkRequestExecutionTime: REQUEST_DURATION_SYSTEM='176',REQUEST_DURATION_OKHTTP='176',REQUEST_SYNCHRONOUS='TRUE',RESPONSE_CODE='200',RESPONSE_METHOD='GET',RESPONSE_LENGTH_OKHTTP='83',RESPONSE_LENGTH_HEADER='-2',REQUEST_PROTOCOL='http/1.1',REQUEST_URL='https://hacker-news.firebaseio.com/v0/item/23973978.json',
08-05 12:38:39.540 27251 27262 I art     : Explicit concurrent mark sweep GC freed 40163(2MB) AllocSpace objects, 11(228KB) LOS objects, 31% free, 35MB/51MB, paused 2.529ms total 59.114ms
08-05 12:38:39.543 27251 27916 D OkHttp  : <-- 200 OK https://hacker-news.firebaseio.com/v0/item/23973978.json (180ms)
08-05 12:38:39.544 27251 27885 D MYTAG   : interceptor 1
08-05 12:38:39.545 27251 27885 I NAPPA_EXPERIMENTATION: MetricNetworkRequestExecutionTime: REQUEST_DURATION_SYSTEM='223',REQUEST_DURATION_OKHTTP='223',REQUEST_SYNCHRONOUS='TRUE',RESPONSE_CODE='200',RESPONSE_METHOD='GET',RESPONSE_LENGTH_OKHTTP='812',RESPONSE_LENGTH_HEADER='-2',REQUEST_PROTOCOL='http/1.1',REQUEST_URL='https://hacker-news.firebaseio.com/v0/item/23970705.json',
08-05 12:38:39.548 27251 27885 D OkHttp  : <-- 200 OK https://hacker-news.firebaseio.com/v0/item/23970705.json (1300ms)
08-05 12:38:39.548 27251 27885 D OkHttp  : Server: nginx
08-05 12:38:39.548 27251 27885 D OkHttp  : Date: Wed, 05 Aug 2020 10:38:35 GMT
