--------- beginning of main
--------- beginning of system
08-05 17:15:11.638 24542 24542 D Nappa   : Selected prefetching strategy STRATEGY_TFPR
08-05 17:15:11.681 24542  4620 D Nappa   : Updating activity map nappatfpr.com.newsblur.activity.Main: 1
08-05 17:15:11.681 24542  4620 D Nappa   : Updating activity map nappatfpr.com.newsblur.activity.GlobalSharedStoriesItemsList: 2
08-05 17:15:11.681 24542  4620 D Nappa   : Updating activity map nappatfpr.com.newsblur.activity.GlobalSharedStoriesReading: 3
08-05 17:15:11.681 24542  4620 D Nappa   : Updating activity map nappatfpr.com.newsblur.activity.AllSharedStoriesItemsList: 4
08-05 17:15:11.681 24542  4620 D Nappa   : Updating activity map nappatfpr.com.newsblur.activity.AllSharedStoriesReading: 5
08-05 17:15:11.783 24542  4620 D Nappa   : registerActivity: (already in) nappatfpr.com.newsblur.activity.Main
08-05 17:15:11.886 24542  4620 D Nappa   : registerActivity: (already in) nappatfpr.com.newsblur.activity.GlobalSharedStoriesItemsList
08-05 17:15:11.891 24542  4624 D Nappa   : {nappatfpr.com.newsblur.activity.GlobalSharedStoriesReading=3, nappatfpr.com.newsblur.activity.AllSharedStoriesItemsList=4, nappatfpr.com.newsblur.activity.AllSharedStoriesReading=5, nappatfpr.com.newsblur.activity.GlobalSharedStoriesItemsList=2, nappatfpr.com.newsblur.activity.Main=1}
08-05 17:15:11.990 24542  4620 D Nappa   : registerActivity: (already in) nappatfpr.com.newsblur.activity.AllSharedStoriesItemsList
08-05 17:15:11.992 24542  4624 D Nappa   : {nappatfpr.com.newsblur.activity.GlobalSharedStoriesReading=3, nappatfpr.com.newsblur.activity.AllSharedStoriesItemsList=4, nappatfpr.com.newsblur.activity.AllSharedStoriesReading=5, nappatfpr.com.newsblur.activity.GlobalSharedStoriesItemsList=2, nappatfpr.com.newsblur.activity.Main=1}
08-05 17:15:12.102 24542  4620 D Nappa   : registerActivity: (already in) nappatfpr.com.newsblur.activity.GlobalSharedStoriesItemsList
08-05 17:15:12.204 24542  4620 D Nappa   : registerActivity: (already in) nappatfpr.com.newsblur.activity.GlobalSharedStoriesReading
08-05 17:15:12.205 24542  4624 D Nappa   : {nappatfpr.com.newsblur.activity.GlobalSharedStoriesReading=3, nappatfpr.com.newsblur.activity.AllSharedStoriesItemsList=4, nappatfpr.com.newsblur.activity.AllSharedStoriesReading=5, nappatfpr.com.newsblur.activity.GlobalSharedStoriesItemsList=2, nappatfpr.com.newsblur.activity.Main=1}
08-05 17:15:12.309 24542  4620 D Nappa   : registerActivity: (already in) nappatfpr.com.newsblur.activity.GlobalSharedStoriesReading
08-05 17:15:12.415 24542  4620 D Nappa   : registerActivity: (already in) nappatfpr.com.newsblur.activity.AllSharedStoriesItemsList
08-05 17:15:12.519 24542  4620 D Nappa   : registerActivity: (already in) nappatfpr.com.newsblur.activity.AllSharedStoriesReading
08-05 17:15:12.521 24542  4624 D Nappa   : {nappatfpr.com.newsblur.activity.GlobalSharedStoriesReading=3, nappatfpr.com.newsblur.activity.AllSharedStoriesItemsList=4, nappatfpr.com.newsblur.activity.AllSharedStoriesReading=5, nappatfpr.com.newsblur.activity.GlobalSharedStoriesItemsList=2, nappatfpr.com.newsblur.activity.Main=1}
08-05 17:15:12.626 24542  4620 D Nappa   : registerActivity: (already in) nappatfpr.com.newsblur.activity.AllSharedStoriesReading
08-05 17:15:12.634 24542  4620 D Nappa   : Extended Startup-time: 996 ms
08-05 17:15:12.637 24542 24542 D Nappa   : Startup-time: 999 ms
08-05 17:15:13.102 24542 24542 D Nappa   : setCurrentActivity - MetricStrategyAccuracy - 
08-05 17:15:13.102 24542 24542 D Nappa   : madePredictionFromActivity = false, 
08-05 17:15:13.102 24542 24542 D Nappa   : fromActivity = null, 
08-05 17:15:13.102 24542 24542 D Nappa   : predictedNextActivityFromActivity = [], 
08-05 17:15:13.102 24542 24542 D Nappa   : activity.getClass().getCanonicalName() = nappatfpr.com.newsblur.activity.Main, 
08-05 17:15:13.102 24542 24542 D Nappa   : setCurrentActivity - MetricStrategyAccuracy - 
08-05 17:15:13.102 24542 24542 D Nappa   : madePredictionFromExtra = false, 
08-05 17:15:13.102 24542 24542 D Nappa   : fromActivity = null, 
08-05 17:15:13.102 24542 24542 D Nappa   : predictedNextActivityFromExtra = [], 
08-05 17:15:13.102 24542 24542 D Nappa   : activity.getClass().getCanonicalName() = nappatfpr.com.newsblur.activity.Main, 
08-05 17:15:13.102 24542 24542 D Nappa   : PREFETCH_ON_EXTRA - setCurrentActivity - logs - from activity - made prediction isfalse
08-05 17:15:13.203 24542 24542 D Nappa   : registerActivity: (already in) nappatfpr.com.newsblur.activity.Main
08-05 17:15:13.204 24542 24542 D Nappa   : SHOULD_PREFETCH false
08-05 17:15:13.204 24542 24542 D Nappa   : STATS Number of requests not prefetched: 0
08-05 17:15:13.204 24542 24542 D Nappa   : STATS Number of requests prefetched: 0
08-05 17:15:13.204 24542 24542 D Nappa   : STATS Time saved until now: 0.0
08-05 17:15:13.267 24542  4658 D Nappa   : TAG okHttpClient initialized
08-05 17:15:13.278 24542  4658 D Nappa   : TAG okHttpClient initialized
08-05 17:15:13.294 24542  4658 D Nappa   : F1_SCORE add_intercept_url - (new) - https://www.newsblur.com/reader/feeds/?update_counts=true
08-05 17:15:13.294 24542  4658 D Nappa   : F1_SCORE add_fn_url - (new) - https://www.newsblur.com/reader/feeds/?update_counts=true
08-05 17:15:13.294 24542  4658 D Nappa   : -------------F1_SCORE #0 -----------
08-05 17:15:13.294 24542  4658 D Nappa   : F1_SCORE - Intercept list (1)= [https://www.newsblur.com/reader/feeds/?update_counts=true]
08-05 17:15:13.295 24542  4658 D Nappa   : F1_SCORE - Prefetch list (0)= []
08-05 17:15:13.295 24542  4658 D Nappa   : F1_SCORE - TP list (0)= []
08-05 17:15:13.295 24542  4658 D Nappa   : F1_SCORE - FN list (1)= [https://www.newsblur.com/reader/feeds/?update_counts=true]
08-05 17:15:13.395 24542  4624 D Nappa   : registerActivity: (already in) nappatfpr.com.newsblur.activity.Main
08-05 17:15:13.395 24542  4624 D Nappa   : PARENTS 
08-05 17:15:13.395 24542  4624 D Nappa   : Of: nappatfpr.com.newsblur.activity.Main -> 
08-05 17:15:13.503 24542  4624 D Nappa   : PREFETCH_ON_EXTRA - setCurrentActivity - logs - from extra - made prediction isfalse
08-05 17:15:14.015 24542  4684 D Nappa   : F1_SCORE add_intercept_url - (new) - https://www.newsblur.com/reader/unread_story_hashes?include_timestamps=1
08-05 17:15:14.015 24542  4684 D Nappa   : F1_SCORE add_fn_url - (new) - https://www.newsblur.com/reader/unread_story_hashes?include_timestamps=1
08-05 17:15:14.015 24542  4684 D Nappa   : -------------F1_SCORE #1 -----------
08-05 17:15:14.015 24542  4684 D Nappa   : F1_SCORE - Intercept list (2)= [https://www.newsblur.com/reader/feeds/?update_counts=true, https://www.newsblur.com/reader/unread_story_hashes?include_timestamps=1]
08-05 17:15:14.015 24542  4684 D Nappa   : F1_SCORE - Prefetch list (0)= []
08-05 17:15:14.015 24542  4684 D Nappa   : F1_SCORE - TP list (0)= []
08-05 17:15:14.015 24542  4684 D Nappa   : F1_SCORE - FN list (2)= [https://www.newsblur.com/reader/feeds/?update_counts=true, https://www.newsblur.com/reader/unread_story_hashes?include_timestamps=1]
08-05 17:15:14.115 24542  4624 D Nappa   : registerActivity: (already in) nappatfpr.com.newsblur.activity.Main
08-05 17:15:14.116 24542  4624 D Nappa   : PARENTS 
08-05 17:15:14.116 24542  4624 D Nappa   : Of: nappatfpr.com.newsblur.activity.Main -> 
08-05 17:15:18.701 24542  4624 D Nappa   : PREFETCH_ON_EXTRA - notifyExtras- start
08-05 17:15:18.706 24542  4624 D Nappa   : PREFETCH_ON_EXTRA - notifyExtras- end
08-05 17:15:18.706 24542  4624 D Nappa   : PREFSTRAT2 ADDING NEW ACTEXTRADATA
08-05 17:15:18.716 24542 24542 D Nappa   : Stayed on nappatfpr.com.newsblur.activity.Main for 5512 ms
08-05 17:15:18.797 24542 24542 D Nappa   : setCurrentActivity - MetricStrategyAccuracy - 
08-05 17:15:18.797 24542 24542 D Nappa   : madePredictionFromActivity = false, 
08-05 17:15:18.797 24542 24542 D Nappa   : fromActivity = nappatfpr.com.newsblur.activity.Main, 
08-05 17:15:18.797 24542 24542 D Nappa   : predictedNextActivityFromActivity = [], 
08-05 17:15:18.797 24542 24542 D Nappa   : activity.getClass().getCanonicalName() = nappatfpr.com.newsblur.activity.GlobalSharedStoriesItemsList, 
08-05 17:15:18.797 24542 24542 D Nappa   : setCurrentActivity - MetricStrategyAccuracy - 
08-05 17:15:18.797 24542 24542 D Nappa   : madePredictionFromExtra = true, 
08-05 17:15:18.797 24542 24542 D Nappa   : fromActivity = nappatfpr.com.newsblur.activity.Main, 
08-05 17:15:18.797 24542 24542 D Nappa   : predictedNextActivityFromExtra = [nappatfpr.com.newsblur.activity.GlobalSharedStoriesItemsList, nappatfpr.com.newsblur.activity.AllSharedStoriesItemsList], 
08-05 17:15:18.797 24542 24542 D Nappa   : activity.getClass().getCanonicalName() = nappatfpr.com.newsblur.activity.GlobalSharedStoriesItemsList, 
08-05 17:15:18.797 24542 24542 D Nappa   : PREFETCH_ON_EXTRA - setCurrentActivity - logs - from activity - made prediction isfalse
08-05 17:15:18.897 24542 24542 D Nappa   : registerActivity: (already in) nappatfpr.com.newsblur.activity.GlobalSharedStoriesItemsList
08-05 17:15:18.899 24542 24542 D Nappa   : SHOULD_PREFETCH true
08-05 17:15:18.999 24542 24542 D Nappa   : registerActivity: (already in) nappatfpr.com.newsblur.activity.GlobalSharedStoriesItemsList
08-05 17:15:18.999 24542 24542 D Nappa   : SUCCESSORS nappatfpr.com.newsblur.activity.GlobalSharedStoriesReading
08-05 17:15:18.999 24542 24542 D Nappa   : STATS Number of requests not prefetched: 2
08-05 17:15:18.999 24542 24542 D Nappa   : STATS Number of requests prefetched: 0
08-05 17:15:18.999 24542 24542 D Nappa   : STATS Time saved until now: 0.0
08-05 17:15:19.059 24542  4849 D Nappa   : TAG okHttpClient initialized
08-05 17:15:19.068 24542  4849 D Nappa   : F1_SCORE add_intercept_url - (new) - https://www.newsblur.com/social/river_stories?order=newest&page=1&read_filter=all&global_feed=true
08-05 17:15:19.068 24542  4849 D Nappa   : F1_SCORE add_fn_url - (new) - https://www.newsblur.com/social/river_stories?order=newest&page=1&read_filter=all&global_feed=true
08-05 17:15:19.068 24542  4849 D Nappa   : -------------F1_SCORE #2 -----------
08-05 17:15:19.068 24542  4849 D Nappa   : F1_SCORE - Intercept list (3)= [https://www.newsblur.com/reader/feeds/?update_counts=true, https://www.newsblur.com/reader/unread_story_hashes?include_timestamps=1, https://www.newsblur.com/social/river_stories?order=newest&page=1&read_filter=all&global_feed=true]
08-05 17:15:19.068 24542  4849 D Nappa   : F1_SCORE - Prefetch list (0)= []
08-05 17:15:19.068 24542  4849 D Nappa   : F1_SCORE - TP list (0)= []
08-05 17:15:19.069 24542  4849 D Nappa   : F1_SCORE - FN list (3)= [https://www.newsblur.com/reader/feeds/?update_counts=true, https://www.newsblur.com/reader/unread_story_hashes?include_timestamps=1, https://www.newsblur.com/social/river_stories?order=newest&page=1&read_filter=all&global_feed=true]
08-05 17:15:19.168 24542  4624 D Nappa   : registerActivity: (already in) nappatfpr.com.newsblur.activity.GlobalSharedStoriesItemsList
08-05 17:15:19.168 24542  4624 D Nappa   : PARENTS 
08-05 17:15:19.168 24542  4624 D Nappa   : Of: nappatfpr.com.newsblur.activity.GlobalSharedStoriesItemsList -> 
08-05 17:15:19.168 24542  4624 D Nappa   : PARENTS nappatfpr.com.newsblur.activity.Main
08-05 17:15:19.168 24542  4624 D Nappa   : PARENTS has extra: (feed_set, nappatfpr.com.newsblur.util.FeedSet@e)
08-05 17:15:19.197 24542  4624 D Nappa   : PREFETCH_ON_EXTRA - setCurrentActivity - logs - from extra - made prediction istrue
08-05 17:15:19.198 24542  4624 D Nappa   : PREFETCH_ON_EXTRA - setCurrentActivity - logs - from extra - start
08-05 17:15:19.198 24542  4624 D Nappa   : setCurrentActivity - MetricStrategyAccuracy - checking prediction VS current activity for extras
08-05 17:15:19.198 24542  4624 D Nappa   : PREFETCH_ON_EXTRA - setCurrentActivity - logs - from extra- finished
08-05 17:15:19.499 24542  4624 D Nappa   : PREFETCH_ON_EXTRA - setCurrentActivity - starting new prediction
08-05 17:15:19.500 24542  4624 D Nappa   : Current node - currentActivityName - nappatfpr.com.newsblur.activity.GlobalSharedStoriesItemsList
08-05 17:15:19.500 24542  4624 D Nappa   : Current node - activityGraph.getCurrent() - nappatfpr.com.newsblur.activity.GlobalSharedStoriesItemsList
08-05 17:15:19.506 24542  4624 D Nappa   : PREFETCH_ON_EXTRA - setCurrentActivity - finished new prediction
08-05 17:15:19.783 24542  4876 D Nappa   : F1_SCORE add_intercept_url - (new) - https://www.newsblur.com/rss_feeds/icon/0
08-05 17:15:19.783 24542  4876 D Nappa   : F1_SCORE add_fn_url - (new) - https://www.newsblur.com/rss_feeds/icon/0
08-05 17:15:19.783 24542  4876 D Nappa   : -------------F1_SCORE #3 -----------
08-05 17:15:19.784 24542  4876 D Nappa   : F1_SCORE - Intercept list (4)= [https://www.newsblur.com/reader/feeds/?update_counts=true, https://www.newsblur.com/reader/unread_story_hashes?include_timestamps=1, https://www.newsblur.com/social/river_stories?order=newest&page=1&read_filter=all&global_feed=true, https://www.newsblur.com/rss_feeds/icon/0]
08-05 17:15:19.784 24542  4876 D Nappa   : F1_SCORE - Prefetch list (0)= []
08-05 17:15:19.784 24542  4876 D Nappa   : F1_SCORE - TP list (0)= []
08-05 17:15:19.784 24542  4876 D Nappa   : F1_SCORE - FN list (4)= [https://www.newsblur.com/reader/feeds/?update_counts=true, https://www.newsblur.com/reader/unread_story_hashes?include_timestamps=1, https://www.newsblur.com/social/river_stories?order=newest&page=1&read_filter=all&global_feed=true, https://www.newsblur.com/rss_feeds/icon/0]
08-05 17:15:19.799 24542  4877 D Nappa   : F1_SCORE add_intercept_url - (already in) - https://www.newsblur.com/rss_feeds/icon/0
08-05 17:15:19.799 24542  4877 D Nappa   : F1_SCORE add_fn_url - (already in) - https://www.newsblur.com/rss_feeds/icon/0
08-05 17:15:19.799 24542  4877 D Nappa   : -------------F1_SCORE #4 -----------
08-05 17:15:19.799 24542  4877 D Nappa   : F1_SCORE - Intercept list (4)= [https://www.newsblur.com/reader/feeds/?update_counts=true, https://www.newsblur.com/reader/unread_story_hashes?include_timestamps=1, https://www.newsblur.com/social/river_stories?order=newest&page=1&read_filter=all&global_feed=true, https://www.newsblur.com/rss_feeds/icon/0]
08-05 17:15:19.799 24542  4877 D Nappa   : F1_SCORE - Prefetch list (0)= []
08-05 17:15:19.800 24542  4877 D Nappa   : F1_SCORE - TP list (0)= []
08-05 17:15:19.800 24542  4877 D Nappa   : F1_SCORE - FN list (4)= [https://www.newsblur.com/reader/feeds/?update_counts=true, https://www.newsblur.com/reader/unread_story_hashes?include_timestamps=1, https://www.newsblur.com/social/river_stories?order=newest&page=1&read_filter=all&global_feed=true, https://www.newsblur.com/rss_feeds/icon/0]
08-05 17:15:19.805 24542  4879 D Nappa   : F1_SCORE add_intercept_url - (already in) - https://www.newsblur.com/rss_feeds/icon/0
08-05 17:15:19.805 24542  4879 D Nappa   : F1_SCORE add_fn_url - (already in) - https://www.newsblur.com/rss_feeds/icon/0
08-05 17:15:19.805 24542  4879 D Nappa   : -------------F1_SCORE #5 -----------
08-05 17:15:19.805 24542  4879 D Nappa   : F1_SCORE - Intercept list (4)= [https://www.newsblur.com/reader/feeds/?update_counts=true, https://www.newsblur.com/reader/unread_story_hashes?include_timestamps=1, https://www.newsblur.com/social/river_stories?order=newest&page=1&read_filter=all&global_feed=true, https://www.newsblur.com/rss_feeds/icon/0]
08-05 17:15:19.805 24542  4879 D Nappa   : F1_SCORE - Prefetch list (0)= []
08-05 17:15:19.805 24542  4879 D Nappa   : F1_SCORE - TP list (0)= []
08-05 17:15:19.805 24542  4879 D Nappa   : F1_SCORE - FN list (4)= [https://www.newsblur.com/reader/feeds/?update_counts=true, https://www.newsblur.com/reader/unread_story_hashes?include_timestamps=1, https://www.newsblur.com/social/river_stories?order=newest&page=1&read_filter=all&global_feed=true, https://www.newsblur.com/rss_feeds/icon/0]
08-05 17:15:19.812 24542  4880 D Nappa   : F1_SCORE add_intercept_url - (new) - https://s3.amazonaws.com/icons.newsblur.com/6882243.png
08-05 17:15:19.812 24542  4880 D Nappa   : F1_SCORE add_fn_url - (new) - https://s3.amazonaws.com/icons.newsblur.com/6882243.png
08-05 17:15:19.812 24542  4880 D Nappa   : -------------F1_SCORE #6 -----------
08-05 17:15:19.812 24542  4880 D Nappa   : F1_SCORE - Intercept list (5)= [https://www.newsblur.com/reader/feeds/?update_counts=true, https://www.newsblur.com/reader/unread_story_hashes?include_timestamps=1, https://www.newsblur.com/social/river_stories?order=newest&page=1&read_filter=all&global_feed=true, https://www.newsblur.com/rss_feeds/icon/0, https://s3.amazonaws.com/icons.newsblur.com/6882243.png]
08-05 17:15:19.812 24542  4880 D Nappa   : F1_SCORE - Prefetch list (0)= []
08-05 17:15:19.812 24542  4880 D Nappa   : F1_SCORE - TP list (0)= []
08-05 17:15:19.812 24542  4880 D Nappa   : F1_SCORE - FN list (5)= [https://www.newsblur.com/reader/feeds/?update_counts=true, https://www.newsblur.com/reader/unread_story_hashes?include_timestamps=1, https://www.newsblur.com/social/river_stories?order=newest&page=1&read_filter=all&global_feed=true, https://www.newsblur.com/rss_feeds/icon/0, https://s3.amazonaws.com/icons.newsblur.com/6882243.png]
08-05 17:15:19.819 24542  4883 D Nappa   : F1_SCORE add_intercept_url - (new) - https://s3.amazonaws.com/icons.newsblur.com/18178.png
08-05 17:15:19.819 24542  4883 D Nappa   : F1_SCORE add_fn_url - (new) - https://s3.amazonaws.com/icons.newsblur.com/18178.png
08-05 17:15:19.819 24542  4883 D Nappa   : -------------F1_SCORE #7 -----------
08-05 17:15:19.819 24542  4883 D Nappa   : F1_SCORE - Intercept list (6)= [https://www.newsblur.com/reader/feeds/?update_counts=true, https://www.newsblur.com/reader/unread_story_hashes?include_timestamps=1, https://www.newsblur.com/social/river_stories?order=newest&page=1&read_filter=all&global_feed=true, https://www.newsblur.com/rss_feeds/icon/0, https://s3.amazonaws.com/icons.newsblur.com/6882243.png, https://s3.amazonaws.com/icons.newsblur.com/18178.png]
08-05 17:15:19.819 24542  4883 D Nappa   : F1_SCORE - Prefetch list (0)= []
08-05 17:15:19.819 24542  4883 D Nappa   : F1_SCORE - TP list (0)= []
08-05 17:15:19.819 24542  4883 D Nappa   : F1_SCORE - FN list (6)= [https://www.newsblur.com/reader/feeds/?update_counts=true, https://www.newsblur.com/reader/unread_story_hashes?include_timestamps=1, https://www.newsblur.com/social/river_stories?order=newest&page=1&read_filter=all&global_feed=true, https://www.newsblur.com/rss_feeds/icon/0, https://s3.amazonaws.com/icons.newsblur.com/6882243.png, https://s3.amazonaws.com/icons.newsblur.com/18178.png]
08-05 17:15:19.828 24542  4885 D Nappa   : F1_SCORE add_intercept_url - (new) - https://s3.amazonaws.com/icons.newsblur.com/5762506.png
08-05 17:15:19.828 24542  4885 D Nappa   : F1_SCORE add_fn_url - (new) - https://s3.amazonaws.com/icons.newsblur.com/5762506.png
08-05 17:15:19.828 24542  4885 D Nappa   : -------------F1_SCORE #8 -----------
08-05 17:15:19.828 24542  4885 D Nappa   : F1_SCORE - Intercept list (7)= [https://www.newsblur.com/reader/feeds/?update_counts=true, https://www.newsblur.com/reader/unread_story_hashes?include_timestamps=1, https://www.newsblur.com/social/river_stories?order=newest&page=1&read_filter=all&global_feed=true, https://www.newsblur.com/rss_feeds/icon/0, https://s3.amazonaws.com/icons.newsblur.com/6882243.png, https://s3.amazonaws.com/icons.newsblur.com/18178.png, https://s3.amazonaws.com/icons.newsblur.com/5762506.png]
08-05 17:15:19.828 24542  4885 D Nappa   : F1_SCORE - Prefetch list (0)= []
08-05 17:15:19.828 24542  4885 D Nappa   : F1_SCORE - TP list (0)= []
08-05 17:15:19.828 24542  4885 D Nappa   : F1_SCORE - FN list (7)= [https://www.newsblur.com/reader/feeds/?update_counts=true, https://www.newsblur.com/reader/unread_story_hashes?include_timestamps=1, https://www.newsblur.com/social/river_stories?order=newest&page=1&read_filter=all&global_feed=true, https://www.newsblur.com/rss_feeds/icon/0, https://s3.amazonaws.com/icons.newsblur.com/6882243.png, https://s3.amazonaws.com/icons.newsblur.com/18178.png, https://s3.amazonaws.com/icons.newsblur.com/5762506.png]
08-05 17:15:19.839 24542  4881 D Nappa   : F1_SCORE add_intercept_url - (new) - http://feeds.feedburner.com/~r/retort/~4/UffaFMiJbNs
08-05 17:15:19.839 24542  4881 D Nappa   : F1_SCORE add_fn_url - (new) - http://feeds.feedburner.com/~r/retort/~4/UffaFMiJbNs
08-05 17:15:19.839 24542  4881 D Nappa   : -------------F1_SCORE #9 -----------
08-05 17:15:19.839 24542  4881 D Nappa   : F1_SCORE - Intercept list (8)= [https://www.newsblur.com/reader/feeds/?update_counts=true, https://www.newsblur.com/reader/unread_story_hashes?include_timestamps=1, https://www.newsblur.com/social/river_stories?order=newest&page=1&read_filter=all&global_feed=true, https://www.newsblur.com/rss_feeds/icon/0, https://s3.amazonaws.com/icons.newsblur.com/6882243.png, https://s3.amazonaws.com/icons.newsblur.com/18178.png, https://s3.amazonaws.com/icons.newsblur.com/5762506.png, http://feeds.feedburner.com/~r/retort/~4/UffaFMiJbNs]
08-05 17:15:19.839 24542  4881 D Nappa   : F1_SCORE - Prefetch list (0)= []
08-05 17:15:19.839 24542  4881 D Nappa   : F1_SCORE - TP list (0)= []
08-05 17:15:19.839 24542  4881 D Nappa   : F1_SCORE - FN list (8)= [https://www.newsblur.com/reader/feeds/?update_counts=true, https://www.newsblur.com/reader/unread_story_hashes?include_timestamps=1, https://www.newsblur.com/social/river_stories?order=newest&page=1&read_filter=all&global_feed=true, https://www.newsblur.com/rss_feeds/icon/0, https://s3.amazonaws.com/icons.newsblur.com/6882243.png, https://s3.amazonaws.com/icons.newsblur.com/18178.png, https://s3.amazonaws.com/icons.newsblur.com/5762506.png, http://feeds.feedburner.com/~r/retort/~4/UffaFMiJbNs]
08-05 17:15:19.848 24542  4884 D Nappa   : F1_SCORE add_intercept_url - (new) - https://images.fastcompany.net/image/upload/w_1280,q_auto,f_auto,fl_lossy/wp-cms/uploads/2020/07/p-1-90532920-this-chart-shows-how-effective-masks-can-be.png
08-05 17:15:19.848 24542  4884 D Nappa   : F1_SCORE add_fn_url - (new) - https://images.fastcompany.net/image/upload/w_1280,q_auto,f_auto,fl_lossy/wp-cms/uploads/2020/07/p-1-90532920-this-chart-shows-how-effective-masks-can-be.png
08-05 17:15:19.848 24542  4884 D Nappa   : -------------F1_SCORE #10 -----------
08-05 17:15:19.848 24542  4884 D Nappa   : F1_SCORE - Intercept list (9)= [https://www.newsblur.com/reader/feeds/?update_counts=true, https://www.newsblur.com/reader/unread_story_hashes?include_timestamps=1, https://www.newsblur.com/social/river_stories?order=newest&page=1&read_filter=all&global_feed=true, https://www.newsblur.com/rss_feeds/icon/0, https://s3.amazonaws.com/icons.newsblur.com/6882243.png, https://s3.amazonaws.com/icons.newsblur.com/18178.png, https://s3.amazonaws.com/icons.newsblur.com/5762506.png, http://feeds.feedburner.com/~r/retort/~4/UffaFMiJbNs, https://images.fastcompany.net/image/upload/w_1280,q_auto,f_auto,fl_lossy/wp-cms/uploads/2020/07/p-1-90532920-this-chart-shows-how-effective-masks-can-be.png]
08-05 17:15:19.848 24542  4884 D Nappa   : F1_SCORE - Prefetch list (0)= []
08-05 17:15:19.848 24542  4884 D Nappa   : F1_SCORE - TP list (0)= []
08-05 17:15:19.848 24542  4884 D Nappa   : F1_SCORE - FN list (9)= [https://www.newsblur.com/reader/feeds/?update_counts=true, https://www.newsblur.com/reader/unread_story_hashes?include_timestamps=1, https://www.newsblur.com/social/river_stories?order=newest&page=1&read_filter=all&global_feed=true, https://www.newsblur.com/rss_feeds/icon/0, https://s3.amazonaws.com/icons.newsblur.com/6882243.png, https://s3.amazonaws.com/icons.newsblur.com/18178.png, https://s3.amazonaws.com/icons.newsblur.com/5762506.png, http://feeds.feedburner.com/~r/retort/~4/UffaFMiJbNs, https://images.fastcompany.net/image/upload/w_1280,q_auto,f_auto,fl_lossy/wp-cms/uploads/2020/07/p-1-90532920-this-chart-shows-how-effective-masks-can-be.png]
08-05 17:15:19.883 24542  4624 D Nappa   : registerActivity: (already in) nappatfpr.com.newsblur.activity.GlobalSharedStoriesItemsList
08-05 17:15:19.883 24542  4624 D Nappa   : PARENTS 
08-05 17:15:19.883 24542  4624 D Nappa   : Of: nappatfpr.com.newsblur.activity.GlobalSharedStoriesItemsList -> 
08-05 17:15:19.883 24542  4624 D Nappa   : PARENTS nappatfpr.com.newsblur.activity.Main
08-05 17:15:19.884 24542  4624 D Nappa   : PARENTS has extra: (feed_set, nappatfpr.com.newsblur.util.FeedSet@e)
08-05 17:15:19.984 24542  4624 D Nappa   : registerActivity: (already in) nappatfpr.com.newsblur.activity.GlobalSharedStoriesItemsList
08-05 17:15:19.984 24542  4624 D Nappa   : PARENTS 
08-05 17:15:19.984 24542  4624 D Nappa   : Of: nappatfpr.com.newsblur.activity.GlobalSharedStoriesItemsList -> 
08-05 17:15:19.984 24542  4624 D Nappa   : PARENTS nappatfpr.com.newsblur.activity.Main
08-05 17:15:19.984 24542  4624 D Nappa   : PARENTS has extra: (feed_set, nappatfpr.com.newsblur.util.FeedSet@e)
08-05 17:15:20.084 24542  4624 D Nappa   : registerActivity: (already in) nappatfpr.com.newsblur.activity.GlobalSharedStoriesItemsList
08-05 17:15:20.084 24542  4624 D Nappa   : PARENTS 
08-05 17:15:20.084 24542  4624 D Nappa   : Of: nappatfpr.com.newsblur.activity.GlobalSharedStoriesItemsList -> 
08-05 17:15:20.084 24542  4624 D Nappa   : PARENTS nappatfpr.com.newsblur.activity.Main
08-05 17:15:20.085 24542  4624 D Nappa   : PARENTS has extra: (feed_set, nappatfpr.com.newsblur.util.FeedSet@e)
08-05 17:15:20.185 24542  4624 D Nappa   : registerActivity: (already in) nappatfpr.com.newsblur.activity.GlobalSharedStoriesItemsList
08-05 17:15:20.185 24542  4624 D Nappa   : PARENTS 
08-05 17:15:20.185 24542  4624 D Nappa   : Of: nappatfpr.com.newsblur.activity.GlobalSharedStoriesItemsList -> 
08-05 17:15:20.185 24542  4624 D Nappa   : PARENTS nappatfpr.com.newsblur.activity.Main
08-05 17:15:20.185 24542  4624 D Nappa   : PARENTS has extra: (feed_set, nappatfpr.com.newsblur.util.FeedSet@e)
08-05 17:15:20.285 24542  4624 D Nappa   : registerActivity: (already in) nappatfpr.com.newsblur.activity.GlobalSharedStoriesItemsList
08-05 17:15:20.285 24542  4624 D Nappa   : PARENTS 
08-05 17:15:20.285 24542  4624 D Nappa   : Of: nappatfpr.com.newsblur.activity.GlobalSharedStoriesItemsList -> 
08-05 17:15:20.285 24542  4624 D Nappa   : PARENTS nappatfpr.com.newsblur.activity.Main
08-05 17:15:20.286 24542  4624 D Nappa   : PARENTS has extra: (feed_set, nappatfpr.com.newsblur.util.FeedSet@e)
08-05 17:15:20.386 24542  4624 D Nappa   : registerActivity: (already in) nappatfpr.com.newsblur.activity.GlobalSharedStoriesItemsList
08-05 17:15:20.387 24542  4624 D Nappa   : PARENTS 
08-05 17:15:20.387 24542  4624 D Nappa   : Of: nappatfpr.com.newsblur.activity.GlobalSharedStoriesItemsList -> 
08-05 17:15:20.387 24542  4624 D Nappa   : PARENTS nappatfpr.com.newsblur.activity.Main
08-05 17:15:20.387 24542  4624 D Nappa   : PARENTS has extra: (feed_set, nappatfpr.com.newsblur.util.FeedSet@e)
08-05 17:15:20.487 24542  4624 D Nappa   : registerActivity: (already in) nappatfpr.com.newsblur.activity.GlobalSharedStoriesItemsList
08-05 17:15:20.488 24542  4624 D Nappa   : PARENTS 
08-05 17:15:20.488 24542  4624 D Nappa   : Of: nappatfpr.com.newsblur.activity.GlobalSharedStoriesItemsList -> 
08-05 17:15:20.488 24542  4624 D Nappa   : PARENTS nappatfpr.com.newsblur.activity.Main
08-05 17:15:20.488 24542  4624 D Nappa   : PARENTS has extra: (feed_set, nappatfpr.com.newsblur.util.FeedSet@e)
08-05 17:15:20.588 24542  4624 D Nappa   : registerActivity: (already in) nappatfpr.com.newsblur.activity.GlobalSharedStoriesItemsList
08-05 17:15:20.588 24542  4624 D Nappa   : PARENTS 
08-05 17:15:20.588 24542  4624 D Nappa   : Of: nappatfpr.com.newsblur.activity.GlobalSharedStoriesItemsList -> 
08-05 17:15:20.588 24542  4624 D Nappa   : PARENTS nappatfpr.com.newsblur.activity.Main
08-05 17:15:20.589 24542  4624 D Nappa   : PARENTS has extra: (feed_set, nappatfpr.com.newsblur.util.FeedSet@e)
08-05 17:15:29.445 24542  4624 D Nappa   : PREFETCH_ON_EXTRA - notifyExtras- start
08-05 17:15:29.452 24542  4624 D Nappa   : PREFETCH_ON_EXTRA - notifyExtras- end
08-05 17:15:29.453 24542  4624 D Nappa   : PREFSTRAT2 ADDING NEW ACTEXTRADATA
08-05 17:15:29.457 24542  4624 D Nappa   : PREFSTRAT2 ADDING NEW ACTEXTRADATA
08-05 17:15:29.458 24542 24542 D Nappa   : Stayed on nappatfpr.com.newsblur.activity.GlobalSharedStoriesItemsList for 10459 ms
08-05 17:15:29.584 24542 24542 D Nappa   : setCurrentActivity - MetricStrategyAccuracy - 
08-05 17:15:29.584 24542 24542 D Nappa   : madePredictionFromActivity = true, 
08-05 17:15:29.584 24542 24542 D Nappa   : fromActivity = nappatfpr.com.newsblur.activity.GlobalSharedStoriesItemsList, 
08-05 17:15:29.584 24542 24542 D Nappa   : predictedNextActivityFromActivity = [nappatfpr.com.newsblur.activity.GlobalSharedStoriesReading], 
08-05 17:15:29.584 24542 24542 D Nappa   : activity.getClass().getCanonicalName() = nappatfpr.com.newsblur.activity.GlobalSharedStoriesReading, 
08-05 17:15:29.585 24542 24542 D Nappa   : setCurrentActivity - MetricStrategyAccuracy - 
08-05 17:15:29.585 24542 24542 D Nappa   : madePredictionFromExtra = true, 
08-05 17:15:29.585 24542 24542 D Nappa   : fromActivity = nappatfpr.com.newsblur.activity.GlobalSharedStoriesItemsList, 
08-05 17:15:29.585 24542 24542 D Nappa   : predictedNextActivityFromExtra = [nappatfpr.com.newsblur.activity.GlobalSharedStoriesReading], 
08-05 17:15:29.585 24542 24542 D Nappa   : activity.getClass().getCanonicalName() = nappatfpr.com.newsblur.activity.GlobalSharedStoriesReading, 
08-05 17:15:29.585 24542 24542 D Nappa   : PREFETCH_ON_EXTRA - setCurrentActivity - logs - from activity - made prediction istrue
08-05 17:15:29.585 24542 24542 D Nappa   : PREFETCH_ON_EXTRA - setCurrentActivity - logs - from activity - start
08-05 17:15:29.585 24542 24542 D Nappa   : setCurrentActivity - MetricStrategyAccuracy - checking prediction VS current activity for activities
08-05 17:15:29.585 24542 24542 D Nappa   : PREFETCH_ON_EXTRA - setCurrentActivity - logs - from activity- finished
08-05 17:15:29.685 24542 24542 D Nappa   : registerActivity: (already in) nappatfpr.com.newsblur.activity.GlobalSharedStoriesReading
08-05 17:15:29.686 24542 24542 D Nappa   : SHOULD_PREFETCH true
08-05 17:15:29.786 24542 24542 D Nappa   : registerActivity: (already in) nappatfpr.com.newsblur.activity.GlobalSharedStoriesReading
08-05 17:15:29.786 24542 24542 D Nappa   : STATS Number of requests not prefetched: 8
08-05 17:15:29.786 24542 24542 D Nappa   : STATS Number of requests prefetched: 0
08-05 17:15:29.786 24542 24542 D Nappa   : STATS Time saved until now: 0.0
08-05 17:15:29.985 24542  4624 D Nappa   : PREFETCH_ON_EXTRA - setCurrentActivity - logs - from extra - made prediction istrue
08-05 17:15:29.986 24542  4624 D Nappa   : PREFETCH_ON_EXTRA - setCurrentActivity - logs - from extra - start
08-05 17:15:29.986 24542  4624 D Nappa   : setCurrentActivity - MetricStrategyAccuracy - checking prediction VS current activity for extras
08-05 17:15:29.986 24542  4624 D Nappa   : PREFETCH_ON_EXTRA - setCurrentActivity - logs - from extra- finished
08-05 17:15:30.171 24542  4880 D Nappa   : F1_SCORE add_intercept_url - (already in) - https://www.newsblur.com/rss_feeds/icon/0
08-05 17:15:30.171 24542  4880 D Nappa   : F1_SCORE add_fn_url - (already in) - https://www.newsblur.com/rss_feeds/icon/0
08-05 17:15:30.171 24542  4880 D Nappa   : -------------F1_SCORE #11 -----------
08-05 17:15:30.171 24542  4880 D Nappa   : F1_SCORE - Intercept list (9)= [https://www.newsblur.com/reader/feeds/?update_counts=true, https://www.newsblur.com/reader/unread_story_hashes?include_timestamps=1, https://www.newsblur.com/social/river_stories?order=newest&page=1&read_filter=all&global_feed=true, https://www.newsblur.com/rss_feeds/icon/0, https://s3.amazonaws.com/icons.newsblur.com/6882243.png, https://s3.amazonaws.com/icons.newsblur.com/18178.png, https://s3.amazonaws.com/icons.newsblur.com/5762506.png, http://feeds.feedburner.com/~r/retort/~4/UffaFMiJbNs, https://images.fastcompany.net/image/upload/w_1280,q_auto,f_auto,fl_lossy/wp-cms/uploads/2020/07/p-1-90532920-this-chart-shows-how-effective-masks-can-be.png]
08-05 17:15:30.171 24542  4880 D Nappa   : F1_SCORE - Prefetch list (0)= []
08-05 17:15:30.171 24542  4880 D Nappa   : F1_SCORE - TP list (0)= []
08-05 17:15:30.172 24542  4880 D Nappa   : F1_SCORE - FN list (9)= [https://www.newsblur.com/reader/feeds/?update_counts=true, https://www.newsblur.com/reader/unread_story_hashes?include_timestamps=1, https://www.newsblur.com/social/river_stories?order=newest&page=1&read_filter=all&global_feed=true, https://www.newsblur.com/rss_feeds/icon/0, https://s3.amazonaws.com/icons.newsblur.com/6882243.png, https://s3.amazonaws.com/icons.newsblur.com/18178.png, https://s3.amazonaws.com/icons.newsblur.com/5762506.png, http://feeds.feedburner.com/~r/retort/~4/UffaFMiJbNs, https://images.fastcompany.net/image/upload/w_1280,q_auto,f_auto,fl_lossy/wp-cms/uploads/2020/07/p-1-90532920-this-chart-shows-how-effective-masks-can-be.png]
08-05 17:15:30.198 24542  4885 D Nappa   : F1_SCORE add_intercept_url - (new) - https://www.gravatar.com/avatar/f5934485a0863578733c447016505547
08-05 17:15:30.198 24542  4885 D Nappa   : F1_SCORE add_fn_url - (new) - https://www.gravatar.com/avatar/f5934485a0863578733c447016505547
08-05 17:15:30.198 24542  4885 D Nappa   : -------------F1_SCORE #12 -----------
08-05 17:15:30.198 24542  4885 D Nappa   : F1_SCORE - Intercept list (10)= [https://www.newsblur.com/reader/feeds/?update_counts=true, https://www.newsblur.com/reader/unread_story_hashes?include_timestamps=1, https://www.newsblur.com/social/river_stories?order=newest&page=1&read_filter=all&global_feed=true, https://www.newsblur.com/rss_feeds/icon/0, https://s3.amazonaws.com/icons.newsblur.com/6882243.png, https://s3.amazonaws.com/icons.newsblur.com/18178.png, https://s3.amazonaws.com/icons.newsblur.com/5762506.png, http://feeds.feedburner.com/~r/retort/~4/UffaFMiJbNs, https://images.fastcompany.net/image/upload/w_1280,q_auto,f_auto,fl_lossy/wp-cms/uploads/2020/07/p-1-90532920-this-chart-shows-how-effective-masks-can-be.png, https://www.gravatar.com/avatar/f5934485a0863578733c447016505547]
08-05 17:15:30.198 24542  4885 D Nappa   : F1_SCORE - Prefetch list (0)= []
08-05 17:15:30.198 24542  4885 D Nappa   : F1_SCORE - TP list (0)= []
08-05 17:15:30.198 24542  4883 D Nappa   : F1_SCORE add_intercept_url - (already in) - https://www.gravatar.com/avatar/f5934485a0863578733c447016505547
08-05 17:15:30.198 24542  4885 D Nappa   : F1_SCORE - FN list (10)= [https://www.newsblur.com/reader/feeds/?update_counts=true, https://www.newsblur.com/reader/unread_story_hashes?include_timestamps=1, https://www.newsblur.com/social/river_stories?order=newest&page=1&read_filter=all&global_feed=true, https://www.newsblur.com/rss_feeds/icon/0, https://s3.amazonaws.com/icons.newsblur.com/6882243.png, https://s3.amazonaws.com/icons.newsblur.com/18178.png, https://s3.amazonaws.com/icons.newsblur.com/5762506.png, http://feeds.feedburner.com/~r/retort/~4/UffaFMiJbNs, https://images.fastcompany.net/image/upload/w_1280,q_auto,f_auto,fl_lossy/wp-cms/uploads/2020/07/p-1-90532920-this-chart-shows-how-effective-masks-can-be.png, https://www.gravatar.com/avatar/f5934485a0863578733c447016505547]
08-05 17:15:30.198 24542  4883 D Nappa   : F1_SCORE add_fn_url - (already in) - https://www.gravatar.com/avatar/f5934485a0863578733c447016505547
08-05 17:15:30.198 24542  4883 D Nappa   : -------------F1_SCORE #13 -----------
08-05 17:15:30.199 24542  4883 D Nappa   : F1_SCORE - Intercept list (10)= [https://www.newsblur.com/reader/feeds/?update_counts=true, https://www.newsblur.com/reader/unread_story_hashes?include_timestamps=1, https://www.newsblur.com/social/river_stories?order=newest&page=1&read_filter=all&global_feed=true, https://www.newsblur.com/rss_feeds/icon/0, https://s3.amazonaws.com/icons.newsblur.com/6882243.png, https://s3.amazonaws.com/icons.newsblur.com/18178.png, https://s3.amazonaws.com/icons.newsblur.com/5762506.png, http://feeds.feedburner.com/~r/retort/~4/UffaFMiJbNs, https://images.fastcompany.net/image/upload/w_1280,q_auto,f_auto,fl_lossy/wp-cms/uploads/2020/07/p-1-90532920-this-chart-shows-how-effective-masks-can-be.png, https://www.gravatar.com/avatar/f5934485a0863578733c447016505547]
08-05 17:15:30.199 24542  4883 D Nappa   : F1_SCORE - Prefetch list (0)= []
08-05 17:15:30.199 24542  4883 D Nappa   : F1_SCORE - TP list (0)= []
08-05 17:15:30.199 24542  4883 D Nappa   : F1_SCORE - FN list (10)= [https://www.newsblur.com/reader/feeds/?update_counts=true, https://www.newsblur.com/reader/unread_story_hashes?include_timestamps=1, https://www.newsblur.com/social/river_stories?order=newest&page=1&read_filter=all&global_feed=true, https://www.newsblur.com/rss_feeds/icon/0, https://s3.amazonaws.com/icons.newsblur.com/6882243.png, https://s3.amazonaws.com/icons.newsblur.com/18178.png, https://s3.amazonaws.com/icons.newsblur.com/5762506.png, http://feeds.feedburner.com/~r/retort/~4/UffaFMiJbNs, https://images.fastcompany.net/image/upload/w_1280,q_auto,f_auto,fl_lossy/wp-cms/uploads/2020/07/p-1-90532920-this-chart-shows-how-effective-masks-can-be.png, https://www.gravatar.com/avatar/f5934485a0863578733c447016505547]
08-05 17:15:30.202 24542  4876 D Nappa   : F1_SCORE add_intercept_url - (already in) - https://www.newsblur.com/rss_feeds/icon/0
08-05 17:15:30.202 24542  4876 D Nappa   : F1_SCORE add_fn_url - (already in) - https://www.newsblur.com/rss_feeds/icon/0
08-05 17:15:30.202 24542  4876 D Nappa   : -------------F1_SCORE #14 -----------
08-05 17:15:30.202 24542  4876 D Nappa   : F1_SCORE - Intercept list (10)= [https://www.newsblur.com/reader/feeds/?update_counts=true, https://www.newsblur.com/reader/unread_story_hashes?include_timestamps=1, https://www.newsblur.com/social/river_stories?order=newest&page=1&read_filter=all&global_feed=true, https://www.newsblur.com/rss_feeds/icon/0, https://s3.amazonaws.com/icons.newsblur.com/6882243.png, https://s3.amazonaws.com/icons.newsblur.com/18178.png, https://s3.amazonaws.com/icons.newsblur.com/5762506.png, http://feeds.feedburner.com/~r/retort/~4/UffaFMiJbNs, https://images.fastcompany.net/image/upload/w_1280,q_auto,f_auto,fl_lossy/wp-cms/uploads/2020/07/p-1-90532920-this-chart-shows-how-effective-masks-can-be.png, https://www.gravatar.com/avatar/f5934485a0863578733c447016505547]
08-05 17:15:30.202 24542  4876 D Nappa   : F1_SCORE - Prefetch list (0)= []
08-05 17:15:30.202 24542  4876 D Nappa   : F1_SCORE - TP list (0)= []
08-05 17:15:30.202 24542  4876 D Nappa   : F1_SCORE - FN list (10)= [https://www.newsblur.com/reader/feeds/?update_counts=true, https://www.newsblur.com/reader/unread_story_hashes?include_timestamps=1, https://www.newsblur.com/social/river_stories?order=newest&page=1&read_filter=all&global_feed=true, https://www.newsblur.com/rss_feeds/icon/0, https://s3.amazonaws.com/icons.newsblur.com/6882243.png, https://s3.amazonaws.com/icons.newsblur.com/18178.png, https://s3.amazonaws.com/icons.newsblur.com/5762506.png, http://feeds.feedburner.com/~r/retort/~4/UffaFMiJbNs, https://images.fastcompany.net/image/upload/w_1280,q_auto,f_auto,fl_lossy/wp-cms/uploads/2020/07/p-1-90532920-this-chart-shows-how-effective-masks-can-be.png, https://www.gravatar.com/avatar/f5934485a0863578733c447016505547]
08-05 17:15:30.212 24542  4877 D Nappa   : F1_SCORE add_intercept_url - (already in) - https://www.gravatar.com/avatar/f5934485a0863578733c447016505547
08-05 17:15:30.212 24542  4879 D Nappa   : F1_SCORE add_intercept_url - (already in) - https://www.gravatar.com/avatar/f5934485a0863578733c447016505547
08-05 17:15:30.213 24542  4877 D Nappa   : F1_SCORE add_fn_url - (already in) - https://www.gravatar.com/avatar/f5934485a0863578733c447016505547
08-05 17:15:30.213 24542  4879 D Nappa   : F1_SCORE add_fn_url - (already in) - https://www.gravatar.com/avatar/f5934485a0863578733c447016505547
08-05 17:15:30.213 24542  4879 D Nappa   : -------------F1_SCORE #15 -----------
08-05 17:15:30.213 24542  4879 D Nappa   : F1_SCORE - Intercept list (10)= [https://www.newsblur.com/reader/feeds/?update_counts=true, https://www.newsblur.com/reader/unread_story_hashes?include_timestamps=1, https://www.newsblur.com/social/river_stories?order=newest&page=1&read_filter=all&global_feed=true, https://www.newsblur.com/rss_feeds/icon/0, https://s3.amazonaws.com/icons.newsblur.com/6882243.png, https://s3.amazonaws.com/icons.newsblur.com/18178.png, https://s3.amazonaws.com/icons.newsblur.com/5762506.png, http://feeds.feedburner.com/~r/retort/~4/UffaFMiJbNs, https://images.fastcompany.net/image/upload/w_1280,q_auto,f_auto,fl_lossy/wp-cms/uploads/2020/07/p-1-90532920-this-chart-shows-how-effective-masks-can-be.png, https://www.gravatar.com/avatar/f5934485a0863578733c447016505547]
08-05 17:15:30.213 24542  4879 D Nappa   : F1_SCORE - Prefetch list (0)= []
08-05 17:15:30.213 24542  4877 D Nappa   : -------------F1_SCORE #15 -----------
08-05 17:15:30.213 24542  4879 D Nappa   : F1_SCORE - TP list (0)= []
08-05 17:15:30.213 24542  4877 D Nappa   : F1_SCORE - Intercept list (10)= [https://www.newsblur.com/reader/feeds/?update_counts=true, https://www.newsblur.com/reader/unread_story_hashes?include_timestamps=1, https://www.newsblur.com/social/river_stories?order=newest&page=1&read_filter=all&global_feed=true, https://www.newsblur.com/rss_feeds/icon/0, https://s3.amazonaws.com/icons.newsblur.com/6882243.png, https://s3.amazonaws.com/icons.newsblur.com/18178.png, https://s3.amazonaws.com/icons.newsblur.com/5762506.png, http://feeds.feedburner.com/~r/retort/~4/UffaFMiJbNs, https://images.fastcompany.net/image/upload/w_1280,q_auto,f_auto,fl_lossy/wp-cms/uploads/2020/07/p-1-90532920-this-chart-shows-how-effective-masks-can-be.png, https://www.gravatar.com/avatar/f5934485a0863578733c447016505547]
08-05 17:15:30.213 24542  4879 D Nappa   : F1_SCORE - FN list (10)= [https://www.newsblur.com/reader/feeds/?update_counts=true, https://www.newsblur.com/reader/unread_story_hashes?include_timestamps=1, https://www.newsblur.com/social/river_stories?order=newest&page=1&read_filter=all&global_feed=true, https://www.newsblur.com/rss_feeds/icon/0, https://s3.amazonaws.com/icons.newsblur.com/6882243.png, https://s3.amazonaws.com/icons.newsblur.com/18178.png, https://s3.amazonaws.com/icons.newsblur.com/5762506.png, http://feeds.feedburner.com/~r/retort/~4/UffaFMiJbNs, https://images.fastcompany.net/image/upload/w_1280,q_auto,f_auto,fl_lossy/wp-cms/uploads/2020/07/p-1-90532920-this-chart-shows-how-effective-masks-can-be.png, https://www.gravatar.com/avatar/f5934485a0863578733c447016505547]
08-05 17:15:30.213 24542  4877 D Nappa   : F1_SCORE - Prefetch list (0)= []
08-05 17:15:30.213 24542  4877 D Nappa   : F1_SCORE - TP list (0)= []
08-05 17:15:30.213 24542  4877 D Nappa   : F1_SCORE - FN list (10)= [https://www.newsblur.com/reader/feeds/?update_counts=true, https://www.newsblur.com/reader/unread_story_hashes?include_timestamps=1, https://www.newsblur.com/social/river_stories?order=newest&page=1&read_filter=all&global_feed=true, https://www.newsblur.com/rss_feeds/icon/0, https://s3.amazonaws.com/icons.newsblur.com/6882243.png, https://s3.amazonaws.com/icons.newsblur.com/18178.png, https://s3.amazonaws.com/icons.newsblur.com/5762506.png, http://feeds.feedburner.com/~r/retort/~4/UffaFMiJbNs, https://images.fastcompany.net/image/upload/w_1280,q_auto,f_auto,fl_lossy/wp-cms/uploads/2020/07/p-1-90532920-this-chart-shows-how-effective-masks-can-be.png, https://www.gravatar.com/avatar/f5934485a0863578733c447016505547]
08-05 17:15:30.271 24542  4624 D Nappa   : registerActivity: (already in) nappatfpr.com.newsblur.activity.GlobalSharedStoriesReading
08-05 17:15:30.271 24542  4624 D Nappa   : PARENTS 
08-05 17:15:30.271 24542  4624 D Nappa   : Of: nappatfpr.com.newsblur.activity.GlobalSharedStoriesReading -> 
08-05 17:15:30.271 24542  4624 D Nappa   : PARENTS nappatfpr.com.newsblur.activity.GlobalSharedStoriesItemsList
08-05 17:15:30.272 24542  4624 D Nappa   : PARENTS has extra: (story_hash, 0:65a6e4)
08-05 17:15:30.272 24542  4624 D Nappa   : PARENTS has extra: (feed_set, nappatfpr.com.newsblur.util.FeedSet@e)
08-05 17:15:30.272 24542  4624 D Nappa   : PARENTS nappatfpr.com.newsblur.activity.Main
08-05 17:15:30.272 24542  4624 D Nappa   : PARENTS has extra: (feed_set, nappatfpr.com.newsblur.util.FeedSet@e)
08-05 17:15:30.365 24542  5222 D Nappa   : TAG okHttpClient initialized
08-05 17:15:30.372 24542  4624 D Nappa   : registerActivity: (already in) nappatfpr.com.newsblur.activity.GlobalSharedStoriesReading
08-05 17:15:30.373 24542  4624 D Nappa   : PARENTS 
08-05 17:15:30.373 24542  4624 D Nappa   : Of: nappatfpr.com.newsblur.activity.GlobalSharedStoriesReading -> 
08-05 17:15:30.373 24542  4624 D Nappa   : PARENTS nappatfpr.com.newsblur.activity.GlobalSharedStoriesItemsList
08-05 17:15:30.373 24542  4624 D Nappa   : PARENTS has extra: (story_hash, 0:65a6e4)
08-05 17:15:30.373 24542  4624 D Nappa   : PARENTS has extra: (feed_set, nappatfpr.com.newsblur.util.FeedSet@e)
08-05 17:15:30.373 24542  4624 D Nappa   : PARENTS nappatfpr.com.newsblur.activity.Main
08-05 17:15:30.373 24542  4624 D Nappa   : PARENTS has extra: (feed_set, nappatfpr.com.newsblur.util.FeedSet@e)
08-05 17:15:30.474 24542  4624 D Nappa   : registerActivity: (already in) nappatfpr.com.newsblur.activity.GlobalSharedStoriesReading
08-05 17:15:30.474 24542  4624 D Nappa   : PARENTS 
08-05 17:15:30.474 24542  4624 D Nappa   : Of: nappatfpr.com.newsblur.activity.GlobalSharedStoriesReading -> 
08-05 17:15:30.475 24542  4624 D Nappa   : PARENTS nappatfpr.com.newsblur.activity.GlobalSharedStoriesItemsList
08-05 17:15:30.475 24542  4624 D Nappa   : PARENTS has extra: (story_hash, 0:65a6e4)
08-05 17:15:30.475 24542  4624 D Nappa   : PARENTS has extra: (feed_set, nappatfpr.com.newsblur.util.FeedSet@e)
08-05 17:15:30.475 24542  4624 D Nappa   : PARENTS nappatfpr.com.newsblur.activity.Main
08-05 17:15:30.475 24542  4624 D Nappa   : PARENTS has extra: (feed_set, nappatfpr.com.newsblur.util.FeedSet@e)
08-05 17:15:30.575 24542  4624 D Nappa   : registerActivity: (already in) nappatfpr.com.newsblur.activity.GlobalSharedStoriesReading
08-05 17:15:30.576 24542  4624 D Nappa   : PARENTS 
08-05 17:15:30.576 24542  4624 D Nappa   : Of: nappatfpr.com.newsblur.activity.GlobalSharedStoriesReading -> 
08-05 17:15:30.576 24542  4624 D Nappa   : PARENTS nappatfpr.com.newsblur.activity.GlobalSharedStoriesItemsList
08-05 17:15:30.576 24542  4624 D Nappa   : PARENTS has extra: (story_hash, 0:65a6e4)
08-05 17:15:30.576 24542  4624 D Nappa   : PARENTS has extra: (feed_set, nappatfpr.com.newsblur.util.FeedSet@e)
08-05 17:15:30.576 24542  4624 D Nappa   : PARENTS nappatfpr.com.newsblur.activity.Main
08-05 17:15:30.576 24542  4624 D Nappa   : PARENTS has extra: (feed_set, nappatfpr.com.newsblur.util.FeedSet@e)
08-05 17:15:30.676 24542  4624 D Nappa   : registerActivity: (already in) nappatfpr.com.newsblur.activity.GlobalSharedStoriesReading
08-05 17:15:30.676 24542  4624 D Nappa   : PARENTS 
08-05 17:15:30.676 24542  4624 D Nappa   : Of: nappatfpr.com.newsblur.activity.GlobalSharedStoriesReading -> 
08-05 17:15:30.677 24542  4624 D Nappa   : PARENTS nappatfpr.com.newsblur.activity.GlobalSharedStoriesItemsList
08-05 17:15:30.677 24542  4624 D Nappa   : PARENTS has extra: (story_hash, 0:65a6e4)
08-05 17:15:30.677 24542  4624 D Nappa   : PARENTS has extra: (feed_set, nappatfpr.com.newsblur.util.FeedSet@e)
08-05 17:15:30.677 24542  4624 D Nappa   : PARENTS nappatfpr.com.newsblur.activity.Main
08-05 17:15:30.677 24542  4624 D Nappa   : PARENTS has extra: (feed_set, nappatfpr.com.newsblur.util.FeedSet@e)
08-05 17:15:30.778 24542  4624 D Nappa   : registerActivity: (already in) nappatfpr.com.newsblur.activity.GlobalSharedStoriesReading
08-05 17:15:30.779 24542  4624 D Nappa   : PARENTS 
08-05 17:15:30.779 24542  4624 D Nappa   : Of: nappatfpr.com.newsblur.activity.GlobalSharedStoriesReading -> 
08-05 17:15:30.779 24542  4624 D Nappa   : PARENTS nappatfpr.com.newsblur.activity.GlobalSharedStoriesItemsList
08-05 17:15:30.779 24542  4624 D Nappa   : PARENTS has extra: (story_hash, 0:65a6e4)
08-05 17:15:30.779 24542  4624 D Nappa   : PARENTS has extra: (feed_set, nappatfpr.com.newsblur.util.FeedSet@e)
08-05 17:15:30.779 24542  4624 D Nappa   : PARENTS nappatfpr.com.newsblur.activity.Main
08-05 17:15:30.779 24542  4624 D Nappa   : PARENTS has extra: (feed_set, nappatfpr.com.newsblur.util.FeedSet@e)
08-05 17:15:30.779 24542  4624 D Nappa   : PREFETCH_ON_EXTRA - setCurrentActivity - starting new prediction
08-05 17:15:30.779 24542  4624 D Nappa   : Current node - currentActivityName - nappatfpr.com.newsblur.activity.GlobalSharedStoriesReading
08-05 17:15:30.779 24542  4624 D Nappa   : Current node - activityGraph.getCurrent() - nappatfpr.com.newsblur.activity.GlobalSharedStoriesReading
08-05 17:15:30.780 24542  4624 D Nappa   : PREFETCH_ON_EXTRA - setCurrentActivity - finished new prediction
08-05 17:15:30.983 24542  4880 D Nappa   : F1_SCORE add_intercept_url - (already in) - https://www.gravatar.com/avatar/f5934485a0863578733c447016505547
08-05 17:15:30.983 24542  4880 D Nappa   : F1_SCORE add_fn_url - (already in) - https://www.gravatar.com/avatar/f5934485a0863578733c447016505547
08-05 17:15:30.983 24542  4880 D Nappa   : -------------F1_SCORE #17 -----------
