08-04 03:10:15.758  5042  5767 D CustomInterceptor: CONTENT [{"id":2,"fact":"As early as in the year 1911, British announced to shift their capital from the then Calcutta to Delhi and it was shifted to Delhi in 1912.","source_text":"service sutra","source_url":"https://www.servicesutra.com/blog/20-amazing-interesting-facts-about-delhi/"},{"id":3,"fact":"It has a population of 11 million and metropolitan population of 16.3 million. This makes city the second most populous city in India.","source_text":"service sutra","source_url":"https://www.servicesutra.com/blog/20-amazing-interesting-facts-about-delhi/"},{"id":4,"fact":"Delhi has been inhabited since 6th It has been the capital of many empires, and this is the reason this city has been ransacked and built many times.","source_text":"service sutra","source_url":"https://www.servicesutra.com/blog/20-amazing-interesting-facts-about-delhi/"},{"id":5,"fact":"According to a survey 10,500 people die in Delhi due to pollution.","source_text":"service sutra","source_url":"https://www.servicesutra.com/blog/20-amazing-interesting-facts-about-delhi/"},{"id":6,"fact":"Delhi is largest commercial centre in Northern part of India. Delhi has countrys largest and fastest growing retail industries. Besides that manufacturing of several goods has considerably increased. Nearly 1,440,000 people work in various manufacturing sectors in and around Delhi.","source_text":"service sutra","source_url":"https://www.servicesutra.com/blog/20-amazing-interesting-facts-about-delhi/"},{"id":7,"fact":"Indira Gandhi National Airport of Delhi is the citys main gateway for citys domestic as well as International civilian air traffic. This is one of the busiest in south Asia.","source_text":"service sutra","source_url":"https://www.servicesutra.com/blog/20-amazing-interesting-facts-about-delhi/"}]
08-04 03:10:15.758  5042  5767 D CustomInterceptor: interceptor_finished : return_type #2 : request served from cache
08-04 03:10:15.759  5042  5767 I NAPPA_EXPERIMENTATION: MetricNetworkRequestExecutionTime: REQUEST_DURATION_SYSTEM='3',REQUEST_DURATION_OKHTTP='0',REQUEST_SYNCHRONOUS='FALSE',RESPONSE_CODE='200',RESPONSE_METHOD='GET',RESPONSE_LENGTH_OKHTTP='1793',RESPONSE_LENGTH_HEADER='-2',REQUEST_PROTOCOL='http/1.1',REQUEST_URL='https://project-travel-mate.herokuapp.com/api/get-city-facts/1',
08-04 03:10:15.759  5042  5767 V EXECUTING: https://project-travel-mate.herokuapp.com/api/get-city-images/1
08-04 03:10:15.760  5042  5767 D Nappa   : TAG okHttpClient initialized
08-04 03:10:15.761  5042  5768 D CustomInterceptor: NETWORK-PROVIDER https://project-travel-mate.herokuapp.com/api/get-city-images/1
08-04 03:10:15.761  5042  5768 D Nappa   : F1_SCORE add_intercept_url - (already in) - https://project-travel-mate.herokuapp.com/api/get-city-images/1
08-04 03:10:15.761  5042  5768 D Nappa   : F1_SCORE add_fn_url - (already in) - https://project-travel-mate.herokuapp.com/api/get-city-images/1
08-04 03:10:15.761  5042  5768 D Nappa   : -------------F1_SCORE #12 -----------
08-04 03:10:15.761  5042  5768 D Nappa   : F1_SCORE - Intercept list (8)= [https://project-travel-mate.herokuapp.com/api/get-user, https://project-travel-mate.herokuapp.com/api/get-all-cities/10, https://project-travel-mate.herokuapp.com/api/number-of-unread-notifications, https://project-travel-mate.herokuapp.com/api/get-city-weather/1, https://project-travel-mate.herokuapp.com/api/get-city/1, https://project-travel-mate.herokuapp.com/api/get-city-information/1, https://project-travel-mate.herokuapp.com/api/get-city-facts/1, https://project-travel-mate.herokuapp.com/api/get-city-images/1]
08-04 03:10:15.761  5042  5768 D Nappa   : F1_SCORE - Prefetch list (0)= []
08-04 03:10:15.761  5042  5768 D Nappa   : F1_SCORE - TP list (0)= []
08-04 03:10:15.761  5042  5768 D Nappa   : F1_SCORE - FN list (8)= [https://project-travel-mate.herokuapp.com/api/get-user, https://project-travel-mate.herokuapp.com/api/get-all-cities/10, https://project-travel-mate.herokuapp.com/api/number-of-unread-notifications, https://project-travel-mate.herokuapp.com/api/get-city-weather/1, https://project-travel-mate.herokuapp.com/api/get-city/1, https://project-travel-mate.herokuapp.com/api/get-city-information/1, https://project-travel-mate.herokuapp.com/api/get-city-facts/1, https://project-travel-mate.herokuapp.com/api/get-city-images/1]
08-04 03:10:15.761  5042  5768 I NAPPA_EXPERIMENTATION: MetricPrefetchingAccuracy: LOG_ID='13',F1_SCORE_1='0.0',F1_SCORE_2='0.0',TRUE_POSITIVE='0',FALSE_POSITIVE='0',FALSE_NEGATIVE='8',
08-04 03:10:15.761  5042  5768 D CustomInterceptor: HEADER REQUEST
08-04 03:10:15.761  5042  5768 D CustomInterceptor: Authorization Token e817cf733b7893037942a7dc5507f3c5a98408e6
08-04 03:10:15.761  5042  5768 D CustomInterceptor: Cache-Control max-age=300, max-stale=300
08-04 03:10:15.761  5042  5768 D CustomInterceptor: CACHED STATS: size = '8', maxSize = '100', hitCount = '9', createCount = '0', putCount = '8', evictionCount = '0', missCount = '8', toString = 'LruCache[maxSize=100,hits=9,misses=8,hitRate=52%]', 
08-04 03:10:15.761  5042  5768 D CustomInterceptor: PREFLIB GET REQUEST https://project-travel-mate.herokuapp.com/api/get-city-images/1
08-04 03:10:15.762  5042  5768 D CustomInterceptor: PREFLIB found https://project-travel-mate.herokuapp.com/api/get-city-images/1, sending it back
08-04 03:10:15.762  5042  5768 D CustomInterceptor: CONTENT [{"id":17,"image_url":"https://upload.wikimedia.org/wikipedia/commons/9/94/%E0%B4%96%E0%B5%81%E0%B4%A4%E0%B5%8D%E0%B4%AC%E0%B5%8D_%E0%B4%AE%E0%B4%BF%E0%B4%A8%E0%B4%BE%E0%B5%BC1.jpg"}]
08-04 03:10:15.762  5042  5768 D CustomInterceptor: interceptor_finished : return_type #2 : request served from cache
08-04 03:10:15.762  5042  5768 I NAPPA_EXPERIMENTATION: MetricNetworkRequestExecutionTime: REQUEST_DURATION_SYSTEM='2',REQUEST_DURATION_OKHTTP='0',REQUEST_SYNCHRONOUS='FALSE',RESPONSE_CODE='200',RESPONSE_METHOD='GET',RESPONSE_LENGTH_OKHTTP='183',RESPONSE_LENGTH_HEADER='-2',REQUEST_PROTOCOL='http/1.1',REQUEST_URL='https://project-travel-mate.herokuapp.com/api/get-city-images/1',
08-04 03:10:15.762  5042  5768 V RESPONSE: [{"id":17,"image_url":"https://upload.wikimedia.org/wikipedia/commons/9/94/%E0%B4%96%E0%B5%81%E0%B4%A4%E0%B5%8D%E0%B4%AC%E0%B5%8D_%E0%B4%AE%E0%B4%BF%E0%B4%A8%E0%B4%BE%E0%B5%BC1.jpg"}]
08-04 03:10:15.857  5042  5062 D Nappa   : registerActivity: (already in) nappatfpr.io.github.project_travel_mate.destinations.description.FinalCityInfoActivity
08-04 03:10:15.858  5042  5062 D Nappa   : PARENTS 
08-04 03:10:15.858  5042  5062 D Nappa   : Of: nappatfpr.io.github.project_travel_mate.destinations.description.FinalCityInfoActivity -> 
08-04 03:10:15.858  5042  5062 D Nappa   : PARENTS nappatfpr.io.github.project_travel_mate.MainActivity
08-04 03:10:15.858  5042  5062 D Nappa   : PARENTS has extra: (cityobject_, objects.City@f04e05c)
08-04 03:10:15.858  5042  5062 D Nappa   : PARENTS nappatfpr.io.github.project_travel_mate.SplashActivity
08-04 03:10:15.858  5042  5042 D Nappa   : registerActivity: (already in) nappatfpr.io.github.project_travel_mate.destinations.funfacts.FunFactsActivity
08-04 03:10:15.858  5042  5042 D ActivityNode: ACTNODE UPDATING AFTER LOADING FROM DB
08-04 03:10:15.858  5042  5042 D ActivityGraph: LARDataCalculatedUpdate nappatfpr.io.github.project_travel_mate.destinations.funfacts.FunFactsActivity Pagerank: 0.25 HITS-Authority: 1.0 HITS-Hub: 1.0 SALSA-Authority: 1.0 SALSA-Hub: 1.0
08-04 03:10:15.858  5042  5042 D Nappa   : SHOULD_PREFETCH true
08-04 03:10:15.943  5042  5055 I art     : Starting a blocking GC Explicit
08-04 03:10:15.958  5042  5062 D Nappa   : registerActivity: (already in) nappatfpr.io.github.project_travel_mate.destinations.funfacts.FunFactsActivity
08-04 03:10:15.958  5042  5062 D Nappa   : PARENTS 
08-04 03:10:15.958  5042  5062 D Nappa   : Of: nappatfpr.io.github.project_travel_mate.destinations.funfacts.FunFactsActivity -> 
08-04 03:10:15.958  5042  5062 D Nappa   : PARENTS nappatfpr.io.github.project_travel_mate.destinations.description.FinalCityInfoActivity
08-04 03:10:15.958  5042  5062 D Nappa   : PARENTS has extra: (cityobject_, objects.City@c3b0b92)
08-04 03:10:15.958  5042  5042 D Nappa   : registerActivity: (already in) nappatfpr.io.github.project_travel_mate.destinations.funfacts.FunFactsActivity
08-04 03:10:15.959  5042  5062 D Nappa   : PARENTS nappatfpr.io.github.project_travel_mate.MainActivity
08-04 03:10:15.959  5042  5062 D Nappa   : PARENTS has extra: (cityobject_, objects.City@f04e05c)
08-04 03:10:15.959  5042  5042 D Nappa   : STATS Number of requests not prefetched: 8
08-04 03:10:15.959  5042  5062 D Nappa   : PARENTS nappatfpr.io.github.project_travel_mate.SplashActivity
08-04 03:10:15.959  5042  5042 D Nappa   : STATS Number of requests prefetched: 2
08-04 03:10:15.959  5042  5042 D Nappa   : STATS Time saved until now: 0.060999997
08-04 03:10:15.962  5042  5042 D ActivityNode: Observer - intent extra - FunFactsActivity
08-04 03:10:15.962  5042  5042 D ActivityNode: Extras:
08-04 03:10:15.963  5042  5042 D ActivityNode: Observer - intent extra - ChecklistActivity
08-04 03:10:15.963  5042  5042 D ActivityNode: Extras:
08-04 03:10:15.963  5042  5042 D ActivityNode: Observer - intent extra - UpcomingWeekendsActivity
08-04 03:10:15.963  5042  5042 D ActivityNode: Extras:
08-04 03:10:15.963  5042  5042 D ActivityNode: Observer - intent extra - CompassActivity
08-04 03:10:15.963  5042  5042 D ActivityNode: Extras:
08-04 03:10:15.963  5042  5042 D ActivityNode: Observer - intent extra - NotificationsActivity
08-04 03:10:15.963  5042  5042 D ActivityNode: Extras:
08-04 03:10:15.978  5042  5055 I art     : Explicit concurrent mark sweep GC freed 6567(547KB) AllocSpace objects, 2(40KB) LOS objects, 28% free, 40MB/56MB, paused 1.151ms total 34.697ms
08-04 03:10:15.991  5042  5055 I art     : Starting a blocking GC Explicit
08-04 03:10:16.019  5042  5055 I art     : Explicit concurrent mark sweep GC freed 3963(154KB) AllocSpace objects, 0(0B) LOS objects, 28% free, 40MB/56MB, paused 1.180ms total 28.019ms
08-04 03:10:16.036  5042  5055 I art     : Starting a blocking GC Explicit
08-04 03:10:16.038  5042  5042 D ActivityNode: Observer - visit time - FinalCityInfoActivity - New aggregate visit time found is 41870 ms
08-04 03:10:16.038  5042  5042 D ActivityNode: Observer - successor visit time - SplashActivity - Updating the visit time from the successors list:
08-04 03:10:16.038  5042  5042 D ActivityNode: [AggregateVisitTimeByActivity{nappatfpr.io.github.project_travel_mate.MainActivity : 15416 ms}]
08-04 03:10:16.038  5042  5042 D ActivityNode: Observer - successor visit time - MainActivity - Updating the visit time from the successors list:
08-04 03:10:16.038  5042  5042 D ActivityNode: [AggregateVisitTimeByActivity{nappatfpr.io.github.project_travel_mate.destinations.description.FinalCityInfoActivity : 22240 ms}, AggregateVisitTimeByActivity{nappatfpr.io.github.project_travel_mate.utilities.ChecklistActivity : 18103 ms}, AggregateVisitTimeByActivity{nappatfpr.io.github.project_travel_mate.utilities.CompassActivity : 8849 ms}, AggregateVisitTimeByActivity{nappatfpr.io.github.project_travel_mate.utilities.UpcomingWeekendsActivity : 36728 ms}, AggregateVisitTimeByActivity{nappatfpr.io.github.project_travel_mate.notifications.NotificationsActivity : 18354 ms}]
08-04 03:10:16.039  5042  5042 D ActivityNode: Observer - successor visit time - FinalCityInfoActivity - Updating the visit time from the successors list:
08-04 03:10:16.039  5042  5042 D ActivityNode: [AggregateVisitTimeByActivity{nappatfpr.io.github.project_travel_mate.destinations.description.CityHistoryActivity : 31733 ms}, AggregateVisitTimeByActivity{nappatfpr.io.github.project_travel_mate.destinations.funfacts.FunFactsActivity : 12730 ms}]
08-04 03:10:16.043   918   936 I ActivityManager: Displayed nappatfpr.io.github.project_travel_mate/.destinations.funfacts.FunFactsActivity: +302ms
08-04 03:10:16.044 13866 13866 I GoogleInputMethodServic: GoogleInputMethodService.onFinishInput():3138 
08-04 03:10:16.044  5042  5042 D ActivityNode: Observer - session data - sourceSplashActivity
08-04 03:10:16.044  5042  5042 D ActivityNode: destinations:
08-04 03:10:16.044  5042  5042 D ActivityNode: 	nappatfpr.io.github.project_travel_mate.MainActivity( count 3)
08-04 03:10:16.044  5042  5042 D ActivityNode: Observer - session data - sourceFinalCityInfoActivity
08-04 03:10:16.044  5042  5042 D ActivityNode: destinations:
08-04 03:10:16.044  5042  5042 D ActivityNode: 	nappatfpr.io.github.project_travel_mate.destinations.description.CityHistoryActivity( count 7)
08-04 03:10:16.044  5042  5042 D ActivityNode: 	nappatfpr.io.github.project_travel_mate.destinations.funfacts.FunFactsActivity( count 6)
08-04 03:10:16.044 13866 13866 I GoogleInputMethodServic: GoogleInputMethodService.onStartInput():1808 
08-04 03:10:16.044  5042  5042 D ActivityNode: Observer - session data - sourceCityHistoryActivity
08-04 03:10:16.044  5042  5042 D ActivityNode: destinations:
08-04 03:10:16.044  5042  5042 D ActivityNode: Observer - session data - sourceMainActivity
08-04 03:10:16.044  5042  5042 D ActivityNode: destinations:
08-04 03:10:16.044  5042  5042 D ActivityNode: 	nappatfpr.io.github.project_travel_mate.destinations.description.FinalCityInfoActivity( count 5)
08-04 03:10:16.044  5042  5042 D ActivityNode: 	nappatfpr.io.github.project_travel_mate.utilities.ChecklistActivity( count 4)
08-04 03:10:16.044  5042  5042 D ActivityNode: 	nappatfpr.io.github.project_travel_mate.utilities.CompassActivity( count 4)
08-04 03:10:16.044  5042  5042 D ActivityNode: 	nappatfpr.io.github.project_travel_mate.utilities.UpcomingWeekendsActivity( count 8)
08-04 03:10:16.044  5042  5042 D ActivityNode: 	nappatfpr.io.github.project_travel_mate.notifications.NotificationsActivity( count 4)
08-04 03:10:16.044  5042  5042 D ActivityNode: Observer - session data - sourceFunFactsActivity
08-04 03:10:16.044  5042  5042 D ActivityNode: destinations:
08-04 03:10:16.044  5042  5042 D ActivityNode: Observer - session data - sourceChecklistActivity
08-04 03:10:16.044  5042  5042 D ActivityNode: destinations:
08-04 03:10:16.045  5042  5042 D ActivityNode: Observer - session data - sourceCompassActivity
08-04 03:10:16.045  5042  5042 D ActivityNode: destinations:
08-04 03:10:16.045  5042  5042 D ActivityNode: Observer - session data - sourceUpcomingWeekendsActivity
08-04 03:10:16.045  5042  5042 D ActivityNode: destinations:
08-04 03:10:16.045  5042  5042 D ActivityNode: Observer - session data - sourceNotificationsActivity
08-04 03:10:16.045  5042  5042 D ActivityNode: destinations:
08-04 03:10:16.064  5042  5055 I art     : Explicit concurrent mark sweep GC freed 1466(90KB) AllocSpace objects, 0(0B) LOS objects, 28% free, 40MB/56MB, paused 690us total 27.462ms
08-04 03:10:16.076  5042  5055 I art     : Starting a blocking GC Explicit
08-04 03:10:16.103  5042  5055 I art     : Explicit concurrent mark sweep GC freed 641(20KB) AllocSpace objects, 0(0B) LOS objects, 28% free, 40MB/56MB, paused 523us total 26.432ms
08-04 03:10:16.115  5042  5055 I art     : Starting a blocking GC Explicit
08-04 03:10:16.143  5042  5055 I art     : Explicit concurrent mark sweep GC freed 156(2880B) AllocSpace objects, 0(0B) LOS objects, 28% free, 40MB/56MB, paused 526us total 26.992ms
08-04 03:10:16.158  5042  5062 D Nappa   : PREFETCH_ON_EXTRA - setCurrentActivity - logs - from extra - made prediction istrue
08-04 03:10:16.158  5042  5062 D Nappa   : PREFETCH_ON_EXTRA - setCurrentActivity - logs - from extra - start
08-04 03:10:16.158  5042  5062 D Nappa   : setCurrentActivity - MetricStrategyAccuracy - checking prediction VS current activity for extras
08-04 03:10:16.158  5042  5062 D TfprPrefetchingStrategy: MetricStrategyAccuracy inc misses count1 | from extra
08-04 03:10:16.158  5042  5062 I NAPPA_EXPERIMENTATION: MetricStrategyAccuracy: LOG_ID='7',EXECUTION_COUNT='7',CASES_COUNT='7',HIT_PERCENTAGE_TOTAL='14.285714285714286',HIT_PERCENTAGE_WHEN_PREDICTED='33.333333333333336',HIT_COUNT='1',MISS_COUNT='2',INSUFFICIENT_SCORE_COUNT='2',EXCEPTION_COUNT='0',NO_SUCCESSOR_COUNT='2',
08-04 03:10:16.159  5042  5062 D Nappa   : PREFETCH_ON_EXTRA - setCurrentActivity - logs - from extra- finished
08-04 03:10:16.288   512  2967 D audio_hw_primary: disable_audio_route: reset and update mixer path: low-latency-playback speaker
08-04 03:10:16.291   512  2967 D audio_hw_primary: disable_snd_device: snd_device(2: speaker)
08-04 03:10:16.298   512  2967 I soundtrigger: audio_extn_sound_trigger_update_device_status: device 0x2 of type 0 for Event 0
08-04 03:10:16.300   380   380 W SurfaceFlinger: couldn't log to binary event log: overflow.
08-04 03:10:16.317 31541 31541 I ServiceManager: Waiting for service AtCmdFwd...
08-04 03:10:16.459  5042  5062 D Nappa   : PREFETCH_ON_EXTRA - setCurrentActivity - starting new prediction
08-04 03:10:16.459  5042  5062 D Nappa   : Current node - currentActivityName - nappatfpr.io.github.project_travel_mate.destinations.funfacts.FunFactsActivity
08-04 03:10:16.459  5042  5062 D Nappa   : Current node - activityGraph.getCurrent() - nappatfpr.io.github.project_travel_mate.destinations.funfacts.FunFactsActivity
08-04 03:10:16.459  5042  5062 I NAPPA_EXPERIMENTATION: MetricNappaPrefetchingStrategyExecutionTime: STRATEGY_CLASS='TfprPrefetchingStrategy',DURATION='990',NUMBER_OF_URLS='0',NUMBER_OF_SELECTED_CHILDREN_NODES='0',NUMBER_OF_CHILDREN_NODES='0',STRATEGY_RUN_SUCCESSFULLY='True',
08-04 03:10:16.459  5042  5062 D TfprPrefetchingStrategy: ==================================
08-04 03:10:16.459  5042  5062 D TfprPrefetchingStrategy: Starting Run #8
08-04 03:10:16.459  5042  5062 D TfprPrefetchingStrategy: ----------------------------------
08-04 03:10:16.459  5042  5062 D TfprPrefetchingStrategy: Node data FunFactsActivity 
08-04 03:10:16.459  5042  5062 D TfprPrefetchingStrategy: 	Successors:
08-04 03:10:16.459  5042  5062 D TfprPrefetchingStrategy: 
08-04 03:10:16.459  5042  5062 D TfprPrefetchingStrategy: 	Ancestors:
08-04 03:10:16.459  5042  5062 D TfprPrefetchingStrategy: 		FinalCityInfoActivity (0 hits)
08-04 03:10:16.459  5042  5062 D TfprPrefetchingStrategy: 
08-04 03:10:16.459  5042  5062 D TfprPrefetchingStrategy: MetricStrategyAccuracy inc execution count8 | act = true; extra = false
08-04 03:10:16.459  5042  5062 D TfprPrefetchingStrategy: MetricStrategyAccuracy inc no sucessor count3 | act = true; extra = false
08-04 03:10:16.459  5042  5062 D TfprPrefetchingStrategy: Node has no successor
08-04 03:10:16.459  5042  5062 D TfprPrefetchingStrategy: Next visited child will be []
08-04 03:10:16.459  5042  5062 D TfprPrefetchingStrategy: ==================================
08-04 03:10:16.459  5042  5062 D Nappa   : PREFETCH_ON_EXTRA - setCurrentActivity - finished new prediction
08-04 03:10:16.466  5042  5119 I art     : Starting a blocking GC Explicit
08-04 03:10:16.495  5042  5119 I art     : Explicit concurrent mark sweep GC freed 3516(155KB) AllocSpace objects, 2(40KB) LOS objects, 28% free, 40MB/56MB, paused 611us total 29.429ms
08-04 03:10:16.507  5042  5119 I art     : Starting a blocking GC Explicit
08-04 03:10:16.538  5042  5119 I art     : Explicit concurrent mark sweep GC freed 263(5KB) AllocSpace objects, 0(0B) LOS objects, 28% free, 40MB/56MB, paused 605us total 30.146ms
08-04 03:10:16.550  5042  5119 I art     : Starting a blocking GC Explicit
08-04 03:10:16.581  5042  5119 I art     : Explicit concurrent mark sweep GC freed 146(2464B) AllocSpace objects, 0(0B) LOS objects, 28% free, 40MB/56MB, paused 567us total 30.840ms
08-04 03:10:16.594  5042  5119 I art     : Starting a blocking GC Explicit
08-04 03:10:16.625  5042  5119 I art     : Explicit concurrent mark sweep GC freed 220(3KB) AllocSpace objects, 0(0B) LOS objects, 28% free, 40MB/56MB, paused 591us total 30.515ms
08-04 03:10:16.638  5042  5119 I art     : Starting a blocking GC Explicit
08-04 03:10:16.669  5042  5119 I art     : Explicit concurrent mark sweep GC freed 193(3KB) AllocSpace objects, 0(0B) LOS objects, 28% free, 40MB/56MB, paused 681us total 31.197ms
08-04 03:10:17.011  5042  5203 I art     : Starting a blocking GC Explicit
08-04 03:10:17.043  5042  5203 I art     : Explicit concurrent mark sweep GC freed 3235(123KB) AllocSpace objects, 2(40KB) LOS objects, 28% free, 40MB/56MB, paused 579us total 31.504ms
08-04 03:10:17.055  5042  5203 I art     : Starting a blocking GC Explicit
08-04 03:10:17.088  5042  5203 I art     : Explicit concurrent mark sweep GC freed 245(4KB) AllocSpace objects, 0(0B) LOS objects, 28% free, 40MB/56MB, paused 592us total 31.852ms
08-04 03:10:17.100  5042  5203 I art     : Starting a blocking GC Explicit
08-04 03:10:17.133  5042  5203 I art     : Explicit concurrent mark sweep GC freed 147(2496B) AllocSpace objects, 0(0B) LOS objects, 28% free, 40MB/56MB, paused 598us total 32.011ms
08-04 03:10:17.145  5042  5203 I art     : Starting a blocking GC Explicit
08-04 03:10:17.179  5042  5203 I art     : Explicit concurrent mark sweep GC freed 220(3KB) AllocSpace objects, 0(0B) LOS objects, 28% free, 40MB/56MB, paused 593us total 32.939ms
08-04 03:10:17.192  5042  5203 I art     : Starting a blocking GC Explicit
08-04 03:10:17.224  5042  5203 I art     : Explicit concurrent mark sweep GC freed 219(3KB) AllocSpace objects, 0(0B) LOS objects, 28% free, 40MB/56MB, paused 637us total 32.116ms
08-04 03:10:17.318 31541 31541 W Atfwd_Sendcmd: AtCmdFwd service not published, waiting... retryCnt : 4
08-04 03:10:17.576  5042  5204 I art     : Starting a blocking GC Explicit
08-04 03:10:17.612  5042  5204 I art     : Explicit concurrent mark sweep GC freed 3284(126KB) AllocSpace objects, 2(40KB) LOS objects, 28% free, 40MB/56MB, paused 670us total 34.967ms
08-04 03:10:17.626  5042  5204 I art     : Starting a blocking GC Explicit
08-04 03:10:17.656  5042  5204 I art     : Explicit concurrent mark sweep GC freed 246(4KB) AllocSpace objects, 0(0B) LOS objects, 28% free, 40MB/56MB, paused 618us total 29.831ms
08-04 03:10:17.669  5042  5204 I art     : Starting a blocking GC Explicit
08-04 03:10:17.700  5042  5204 I art     : Explicit concurrent mark sweep GC freed 146(2464B) AllocSpace objects, 0(0B) LOS objects, 28% free, 40MB/56MB, paused 579us total 30.967ms
08-04 03:10:17.713  5042  5204 I art     : Starting a blocking GC Explicit
08-04 03:10:17.743  5042  5204 I art     : Explicit concurrent mark sweep GC freed 220(3KB) AllocSpace objects, 0(0B) LOS objects, 28% free, 40MB/56MB, paused 619us total 30ms
08-04 03:10:17.755  5042  5204 I art     : Starting a blocking GC Explicit
08-04 03:10:17.787  5042  5204 I art     : Explicit concurrent mark sweep GC freed 186(3KB) AllocSpace objects, 0(0B) LOS objects, 28% free, 40MB/56MB, paused 801us total 31.295ms
08-04 03:10:18.137  5042  5056 I art     : Starting a blocking GC Explicit
08-04 03:10:18.170  5042  5056 I art     : Explicit concurrent mark sweep GC freed 3247(128KB) AllocSpace objects, 2(40KB) LOS objects, 28% free, 40MB/56MB, paused 691us total 32.469ms
08-04 03:10:18.183  5042  5056 I art     : Starting a blocking GC Explicit
08-04 03:10:18.214  5042  5056 I art     : Explicit concurrent mark sweep GC freed 246(4KB) AllocSpace objects, 0(0B) LOS objects, 28% free, 40MB/56MB, paused 585us total 30.378ms
08-04 03:10:18.226  5042  5056 I art     : Starting a blocking GC Explicit
08-04 03:10:18.256  5042  5056 I art     : Explicit concurrent mark sweep GC freed 219(3KB) AllocSpace objects, 0(0B) LOS objects, 28% free, 40MB/56MB, paused 578us total 29.801ms
08-04 03:10:18.269  5042  5056 I art     : Starting a blocking GC Explicit
08-04 03:10:18.300  5042  5056 I art     : Explicit concurrent mark sweep GC freed 146(2464B) AllocSpace objects, 0(0B) LOS objects, 28% free, 40MB/56MB, paused 580us total 31.238ms
08-04 03:10:18.313  5042  5056 I art     : Starting a blocking GC Explicit
08-04 03:10:18.342  5042  5056 I art     : Explicit concurrent mark sweep GC freed 220(3KB) AllocSpace objects, 0(0B) LOS objects, 28% free, 40MB/56MB, paused 626us total 29.527ms
08-04 03:10:18.414  5812  5812 D AndroidRuntime: >>>>>> START com.android.internal.os.RuntimeInit uid 2000 <<<<<<
08-04 03:10:18.419  5812  5812 D AndroidRuntime: CheckJNI is OFF
08-04 03:10:18.453  5812  5812 D ICU     : No timezone override file found: /data/misc/zoneinfo/current/icu/icu_tzdata.dat
08-04 03:10:18.486  5812  5812 I Radio-JNI: register_android_hardware_Radio DONE
08-04 03:10:18.508  5812  5812 D AndroidRuntime: Calling main entry com.android.commands.input.Input
08-04 03:10:18.510  5812  5812 I Input   : injectKeyEvent: KeyEvent { action=ACTION_DOWN, keyCode=KEYCODE_BACK, scanCode=0, metaState=0, flags=0x0, repeatCount=0, eventTime=673834923, downTime=673834923, deviceId=-1, source=0x101 }
08-04 03:10:18.515  5812  5812 I Input   : injectKeyEvent: KeyEvent { action=ACTION_UP, keyCode=KEYCODE_BACK, scanCode=0, metaState=0, flags=0x0, repeatCount=0, eventTime=673834923, downTime=673834923, deviceId=-1, source=0x101 }
08-04 03:10:18.523  5812  5812 D AndroidRuntime: Shutting down VM
08-04 03:10:18.523  5042  5042 D NappaLifecycleObserver: nappatfpr.io.github.project_travel_mate.destinations.funfacts.FunFactsActivity - onPause
08-04 03:10:18.523  5042  5042 D Nappa   : Stayed on nappatfpr.io.github.project_travel_mate.destinations.funfacts.FunFactsActivity for 2564 ms
08-04 03:10:18.531  5042  5042 D NappaLifecycleObserver: nappatfpr.io.github.project_travel_mate.destinations.description.FinalCityInfoActivity - onResume
08-04 03:10:18.531  5042  5042 D Nappa   : setCurrentActivity - MetricStrategyAccuracy - 
08-04 03:10:18.531  5042  5042 D Nappa   : madePredictionFromActivity = true, 
08-04 03:10:18.531  5042  5042 D Nappa   : fromActivity = nappatfpr.io.github.project_travel_mate.destinations.funfacts.FunFactsActivity, 
08-04 03:10:18.531  5042  5042 D Nappa   : predictedNextActivityFromActivity = [], 
08-04 03:10:18.531  5042  5042 D Nappa   : activity.getClass().getCanonicalName() = nappatfpr.io.github.project_travel_mate.destinations.description.FinalCityInfoActivity, 
08-04 03:10:18.531  5042  5042 D Nappa   : setCurrentActivity - MetricStrategyAccuracy - 
08-04 03:10:18.531  5042  5042 D Nappa   : madePredictionFromExtra = false, 
08-04 03:10:18.531  5042  5042 D Nappa   : fromActivity = nappatfpr.io.github.project_travel_mate.destinations.funfacts.FunFactsActivity, 
08-04 03:10:18.531  5042  5042 D Nappa   : predictedNextActivityFromExtra = [], 
08-04 03:10:18.531  5042  5042 D Nappa   : activity.getClass().getCanonicalName() = nappatfpr.io.github.project_travel_mate.destinations.description.FinalCityInfoActivity, 
08-04 03:10:18.531  5042  5042 D Nappa   : PREFETCH_ON_EXTRA - setCurrentActivity - logs - from activity - made prediction istrue
08-04 03:10:18.531  5042  5042 D Nappa   : PREFETCH_ON_EXTRA - setCurrentActivity - logs - from activity - start
08-04 03:10:18.531  5042  5042 I NAPPA_EXPERIMENTATION: MetricStrategyAccuracy: LOG_ID='8',EXECUTION_COUNT='8',CASES_COUNT='8',HIT_PERCENTAGE_TOTAL='12.5',HIT_PERCENTAGE_WHEN_PREDICTED='33.333333333333336',HIT_COUNT='1',MISS_COUNT='2',INSUFFICIENT_SCORE_COUNT='2',EXCEPTION_COUNT='0',NO_SUCCESSOR_COUNT='3',
08-04 03:10:18.532  5042  5042 D Nappa   : PREFETCH_ON_EXTRA - setCurrentActivity - logs - from activity- finished
08-04 03:10:18.632  5042  5042 D Nappa   : registerActivity: (already in) nappatfpr.io.github.project_travel_mate.destinations.description.FinalCityInfoActivity
08-04 03:10:18.632  5042  5042 D ActivityGraph: LARDataCalculatedUpdate nappatfpr.io.github.project_travel_mate.destinations.description.FinalCityInfoActivity Pagerank: 0.25 HITS-Authority: 1.0 HITS-Hub: 1.0 SALSA-Authority: 1.0 SALSA-Hub: 1.0
08-04 03:10:18.632  5042  5042 D Nappa   : SHOULD_PREFETCH false
08-04 03:10:18.632  5042  5042 D Nappa   : STATS Number of requests not prefetched: 8
08-04 03:10:18.632  5042  5042 D Nappa   : STATS Number of requests prefetched: 2
08-04 03:10:18.633  5042  5042 D Nappa   : STATS Time saved until now: 0.060999997
08-04 03:10:18.677  5042  5056 I art     : Starting a blocking GC Explicit
08-04 03:10:18.682  5042  5042 D ActivityNode: Observer - successor visit time - MainActivity - Updating the visit time from the successors list:
08-04 03:10:18.682  5042  5042 D ActivityNode: [AggregateVisitTimeByActivity{nappatfpr.io.github.project_travel_mate.destinations.description.FinalCityInfoActivity : 22240 ms}, AggregateVisitTimeByActivity{nappatfpr.io.github.project_travel_mate.utilities.ChecklistActivity : 18103 ms}, AggregateVisitTimeByActivity{nappatfpr.io.github.project_travel_mate.utilities.CompassActivity : 8849 ms}, AggregateVisitTimeByActivity{nappatfpr.io.github.project_travel_mate.utilities.UpcomingWeekendsActivity : 36728 ms}, AggregateVisitTimeByActivity{nappatfpr.io.github.project_travel_mate.notifications.NotificationsActivity : 18354 ms}]
08-04 03:10:18.682  5042  5042 D ActivityNode: Observer - successor visit time - SplashActivity - Updating the visit time from the successors list:
08-04 03:10:18.682  5042  5042 D ActivityNode: [AggregateVisitTimeByActivity{nappatfpr.io.github.project_travel_mate.MainActivity : 15416 ms}]
08-04 03:10:18.683  5042  5042 D ActivityNode: Observer - visit time - FunFactsActivity - New aggregate visit time found is 15294 ms
08-04 03:10:18.690 13866 13866 I GoogleInputMethodServic: GoogleInputMethodService.onFinishInput():3138 
08-04 03:10:18.690 13866 13866 I GoogleInputMethodServic: GoogleInputMethodService.onStartInput():1808 
08-04 03:10:18.691  5042  5042 D ActivityNode: Observer - successor visit time - FinalCityInfoActivity - Updating the visit time from the successors list:
08-04 03:10:18.691  5042  5042 D ActivityNode: [AggregateVisitTimeByActivity{nappatfpr.io.github.project_travel_mate.destinations.description.CityHistoryActivity : 31733 ms}, AggregateVisitTimeByActivity{nappatfpr.io.github.project_travel_mate.destinations.funfacts.FunFactsActivity : 15294 ms}]
08-04 03:10:18.708  5042  5056 I art     : Explicit concurrent mark sweep GC freed 3533(196KB) AllocSpace objects, 2(40KB) LOS objects, 28% free, 40MB/56MB, paused 1.321ms total 31.372ms
08-04 03:10:18.721  5042  5056 I art     : Starting a blocking GC Explicit
08-04 03:10:18.747  5042  5056 I art     : Explicit concurrent mark sweep GC freed 538(16KB) AllocSpace objects, 0(0B) LOS objects, 28% free, 40MB/56MB, paused 561us total 26.117ms
08-04 03:10:18.759  5042  5056 I art     : Starting a blocking GC Explicit
08-04 03:10:18.787  5042  5056 I art     : Explicit concurrent mark sweep GC freed 175(2944B) AllocSpace objects, 0(0B) LOS objects, 28% free, 40MB/56MB, paused 650us total 28.122ms
08-04 03:10:18.801  5042  5056 I art     : Starting a blocking GC Explicit
08-04 03:10:18.830  5042  5056 I art     : Explicit concurrent mark sweep GC freed 191(3KB) AllocSpace objects, 0(0B) LOS objects, 28% free, 40MB/56MB, paused 542us total 28.801ms
08-04 03:10:18.843  5042  5056 I art     : Starting a blocking GC Explicit
08-04 03:10:18.878  5042  5056 I art     : Explicit concurrent mark sweep GC freed 219(3KB) AllocSpace objects, 0(0B) LOS objects, 28% free, 40MB/56MB, paused 649us total 34.901ms
08-04 03:10:18.932  5042  5062 D Nappa   : PREFETCH_ON_EXTRA - setCurrentActivity - logs - from extra - made prediction isfalse
08-04 03:10:18.938  5042  5042 D NappaLifecycleObserver: nappatfpr.io.github.project_travel_mate.destinations.funfacts.FunFactsActivity - onDestroy
08-04 03:10:18.938  5042  5042 D NappaLifecycleObserver: -------------F1_SCORE #13 -----------
08-04 03:10:18.938  5042  5042 D NappaLifecycleObserver: F1_SCORE - Intercept list (8)= [https://project-travel-mate.herokuapp.com/api/get-user, https://project-travel-mate.herokuapp.com/api/get-all-cities/10, https://project-travel-mate.herokuapp.com/api/number-of-unread-notifications, https://project-travel-mate.herokuapp.com/api/get-city-weather/1, https://project-travel-mate.herokuapp.com/api/get-city/1, https://project-travel-mate.herokuapp.com/api/get-city-information/1, https://project-travel-mate.herokuapp.com/api/get-city-facts/1, https://project-travel-mate.herokuapp.com/api/get-city-images/1]
08-04 03:10:18.938  5042  5042 D NappaLifecycleObserver: F1_SCORE - Prefetch list (0)= []
08-04 03:10:18.938  5042  5042 D NappaLifecycleObserver: F1_SCORE - TP list (0)= []
08-04 03:10:18.939  5042  5042 D NappaLifecycleObserver: F1_SCORE - FN list (8)= [https://project-travel-mate.herokuapp.com/api/get-user, https://project-travel-mate.herokuapp.com/api/get-all-cities/10, https://project-travel-mate.herokuapp.com/api/number-of-unread-notifications, https://project-travel-mate.herokuapp.com/api/get-city-weather/1, https://project-travel-mate.herokuapp.com/api/get-city/1, https://project-travel-mate.herokuapp.com/api/get-city-information/1, https://project-travel-mate.herokuapp.com/api/get-city-facts/1, https://project-travel-mate.herokuapp.com/api/get-city-images/1]
08-04 03:10:18.939  5042  5042 I NAPPA_EXPERIMENTATION: MetricPrefetchingAccuracy: LOG_ID='14',F1_SCORE_1='0.0',F1_SCORE_2='0.0',TRUE_POSITIVE='0',FALSE_POSITIVE='0',FALSE_NEGATIVE='8',
08-04 03:10:18.954   380   380 W SurfaceFlinger: couldn't log to binary event log: overflow.
08-04 03:10:19.240  5042  5056 I art     : Starting a blocking GC Explicit
08-04 03:10:19.273  5042  5056 I art     : Explicit concurrent mark sweep GC freed 4067(189KB) AllocSpace objects, 2(40KB) LOS objects, 28% free, 40MB/56MB, paused 717us total 32.347ms
08-04 03:10:19.285  5042  5056 I art     : Starting a blocking GC Explicit
08-04 03:10:19.312  5042  5056 I art     : Explicit concurrent mark sweep GC freed 5359(266KB) AllocSpace objects, 1(28KB) LOS objects, 28% free, 40MB/56MB, paused 552us total 26.429ms
08-04 03:10:19.323  5042  5056 I art     : Starting a blocking GC Explicit
08-04 03:10:19.352  5042  5056 I art     : Explicit concurrent mark sweep GC freed 99(1696B) AllocSpace objects, 0(0B) LOS objects, 28% free, 40MB/56MB, paused 631us total 27.968ms
08-04 03:10:19.364  5042  5056 I art     : Starting a blocking GC Explicit
08-04 03:10:19.393  5042  5056 I art     : Explicit concurrent mark sweep GC freed 147(2496B) AllocSpace objects, 0(0B) LOS objects, 28% free, 40MB/56MB, paused 566us total 28.952ms
08-04 03:10:19.406  5042  5056 I art     : Starting a blocking GC Explicit
08-04 03:10:19.435  5042  5056 I art     : Explicit concurrent mark sweep GC freed 99(1696B) AllocSpace objects, 0(0B) LOS objects, 28% free, 40MB/56MB, paused 636us total 28.993ms
08-04 03:10:19.762  5042  5203 I art     : Starting a blocking GC Explicit
08-04 03:10:19.793  5042  5203 I art     : Explicit concurrent mark sweep GC freed 2678(111KB) AllocSpace objects, 2(40KB) LOS objects, 28% free, 40MB/56MB, paused 541us total 29.925ms
08-04 03:10:19.805  5042  5203 I art     : Starting a blocking GC Explicit
08-04 03:10:19.834  5042  5203 I art     : Explicit concurrent mark sweep GC freed 126(2704B) AllocSpace objects, 0(0B) LOS objects, 28% free, 40MB/56MB, paused 613us total 28.453ms
08-04 03:10:19.846  5042  5203 I art     : Starting a blocking GC Explicit
08-04 03:10:19.873  5042  5203 I art     : Explicit concurrent mark sweep GC freed 146(2464B) AllocSpace objects, 0(0B) LOS objects, 28% free, 40MB/56MB, paused 575us total 27.261ms
08-04 03:10:19.886  5042  5203 I art     : Starting a blocking GC Explicit
08-04 03:10:19.913  5042  5203 I art     : Explicit concurrent mark sweep GC freed 100(1728B) AllocSpace objects, 0(0B) LOS objects, 28% free, 40MB/56MB, paused 573us total 27.430ms
08-04 03:10:19.926  5042  5203 I art     : Starting a blocking GC Explicit
08-04 03:10:19.954  5042  5203 I art     : Explicit concurrent mark sweep GC freed 99(1696B) AllocSpace objects, 0(0B) LOS objects, 28% free, 40MB/56MB, paused 593us total 27.613ms
08-04 03:10:20.166  5864  5864 D AndroidRuntime: >>>>>> START com.android.internal.os.RuntimeInit uid 2000 <<<<<<
08-04 03:10:20.171  5864  5864 D AndroidRuntime: CheckJNI is OFF
08-04 03:10:20.204  5864  5864 D ICU     : No timezone override file found: /data/misc/zoneinfo/current/icu/icu_tzdata.dat
08-04 03:10:20.238  5864  5864 I Radio-JNI: register_android_hardware_Radio DONE
08-04 03:10:20.260  5864  5864 D AndroidRuntime: Calling main entry com.android.commands.input.Input
08-04 03:10:20.261  5864  5864 I Input   : injectMotionEvent: MotionEvent { action=ACTION_DOWN, actionButton=0, id[0]=0, x[0]=693.0, y[0]=1450.0, toolType[0]=TOOL_TYPE_UNKNOWN, buttonState=0, metaState=0, flags=0x0, edgeFlags=0x0, pointerCount=1, historySize=0, eventTime=673836674, downTime=673836674, deviceId=0, source=0x1002 }
08-04 03:10:20.266  5864  5864 I Input   : injectMotionEvent: MotionEvent { action=ACTION_UP, actionButton=0, id[0]=0, x[0]=693.0, y[0]=1450.0, toolType[0]=TOOL_TYPE_UNKNOWN, buttonState=0, metaState=0, flags=0x0, edgeFlags=0x0, pointerCount=1, historySize=0, eventTime=673836674, downTime=673836674, deviceId=0, source=0x1002 }
08-04 03:10:20.267  5042  5119 I art     : Starting a blocking GC Explicit
08-04 03:10:20.268  5864  5864 D AndroidRuntime: Shutting down VM
08-04 03:10:20.293  5042  5042 D NappaIntentExtras: ==================
08-04 03:10:20.294  5042  5042 D NappaIntentExtras: Log #6
08-04 03:10:20.294  5042  5042 D NappaIntentExtras: ------------------
08-04 03:10:20.294  5042  5042 D NappaIntentExtras: activity nappatfpr.io.github.project_travel_mate.SplashActivity
08-04 03:10:20.294  5042  5042 D NappaIntentExtras: 	- No extras registered
08-04 03:10:20.294  5042  5042 D NappaIntentExtras: activity nappatfpr.io.github.project_travel_mate.destinations.funfacts.FunFactsActivity
08-04 03:10:20.294  5042  5042 D NappaIntentExtras: 	- No extras registered
08-04 03:10:20.294  5042  5042 D NappaIntentExtras: activity nappatfpr.io.github.project_travel_mate.MainActivity
08-04 03:10:20.294  5042  5042 D NappaIntentExtras: 	- 1 extras registered
08-04 03:10:20.294  5042  5042 D NappaIntentExtras: 	- cityobject_ : objects.City@f04e05c
08-04 03:10:20.294  5042  5042 D NappaIntentExtras: activity nappatfpr.io.github.project_travel_mate.utilities.UpcomingWeekendsActivity
08-04 03:10:20.294  5042  5042 D NappaIntentExtras: 	- No extras registered
08-04 03:10:20.294  5042  5042 D NappaIntentExtras: activity nappatfpr.io.github.project_travel_mate.utilities.ChecklistActivity
08-04 03:10:20.294  5042  5042 D NappaIntentExtras: 	- No extras registered
08-04 03:10:20.294  5042  5042 D NappaIntentExtras: activity nappatfpr.io.github.project_travel_mate.utilities.CompassActivity
08-04 03:10:20.294  5042  5042 D NappaIntentExtras: 	- No extras registered
08-04 03:10:20.294  5042  5042 D NappaIntentExtras: activity nappatfpr.io.github.project_travel_mate.notifications.NotificationsActivity
08-04 03:10:20.294  5042  5042 D NappaIntentExtras: 	- No extras registered
08-04 03:10:20.294  5042  5042 D NappaIntentExtras: activity nappatfpr.io.github.project_travel_mate.destinations.description.CityHistoryActivity
08-04 03:10:20.295  5042  5042 D NappaIntentExtras: 	- No extras registered
08-04 03:10:20.295  5042  5042 D NappaIntentExtras: activity nappatfpr.io.github.project_travel_mate.destinations.description.FinalCityInfoActivity
08-04 03:10:20.295  5042  5042 D NappaIntentExtras: 	- 1 extras registered
08-04 03:10:20.295  5042  5042 D NappaIntentExtras: 	- cityobject_ : objects.City@c3b0b92
08-04 03:10:20.295  5042  5042 D NappaIntentExtras: ==================
08-04 03:10:20.295   512  2967 D audio_hw_primary: out_set_parameters: enter: usecase(1: low-latency-playback) kvpairs: routing=2
08-04 03:10:20.295   918  4413 I ActivityManager: START u0 {cmp=nappatfpr.io.github.project_travel_mate/.destinations.description.CityHistoryActivity} from uid 10656 on display 0
08-04 03:10:20.303  5042  5042 D NappaLifecycleObserver: nappatfpr.io.github.project_travel_mate.destinations.description.FinalCityInfoActivity - onPause
08-04 03:10:20.303  5042  5042 D Nappa   : Stayed on nappatfpr.io.github.project_travel_mate.destinations.description.FinalCityInfoActivity for 1670 ms
08-04 03:10:20.308   512  2967 D audio_hw_primary: select_devices: out_snd_device(2: speaker) in_snd_device(0: none)
08-04 03:10:20.308   512  2967 D msm8974_platform: platform_send_audio_calibration: sending audio calibration for snd_device(2) acdb_id(15)
08-04 03:10:20.308   512  2967 I soundtrigger: audio_extn_sound_trigger_update_device_status: device 0x2 of type 0 for Event 1
08-04 03:10:20.320   512  2967 D audio_hw_primary: enable_snd_device: snd_device(2: speaker)
08-04 03:10:20.322   512  2967 D audio_hw_primary: enable_audio_route: apply and update mixer path: low-latency-playback speaker
08-04 03:10:20.325  5042  5119 I art     : Explicit concurrent mark sweep GC freed 3040(135KB) AllocSpace objects, 2(40KB) LOS objects, 28% free, 40MB/56MB, paused 985us total 57.978ms
08-04 03:10:20.329  5042  5220 D Gabe    : call	returning from cache
08-04 03:10:20.331  5042  5042 V EXECUTING: https://project-travel-mate.herokuapp.com/api/get-city-information/1
08-04 03:10:20.332  5042  5042 D Nappa   : TAG okHttpClient initialized
08-04 03:10:20.333  5042  5888 D CustomInterceptor: NETWORK-PROVIDER https://project-travel-mate.herokuapp.com/api/get-city-information/1
08-04 03:10:20.333  5042  5888 D Nappa   : F1_SCORE add_intercept_url - (already in) - https://project-travel-mate.herokuapp.com/api/get-city-information/1
08-04 03:10:20.333  5042  5888 D Nappa   : F1_SCORE add_fn_url - (already in) - https://project-travel-mate.herokuapp.com/api/get-city-information/1
08-04 03:10:20.333  5042  5888 D Nappa   : -------------F1_SCORE #14 -----------
08-04 03:10:20.334  5042  5888 D Nappa   : F1_SCORE - Intercept list (8)= [https://project-travel-mate.herokuapp.com/api/get-user, https://project-travel-mate.herokuapp.com/api/get-all-cities/10, https://project-travel-mate.herokuapp.com/api/number-of-unread-notifications, https://project-travel-mate.herokuapp.com/api/get-city-weather/1, https://project-travel-mate.herokuapp.com/api/get-city/1, https://project-travel-mate.herokuapp.com/api/get-city-information/1, https://project-travel-mate.herokuapp.com/api/get-city-facts/1, https://project-travel-mate.herokuapp.com/api/get-city-images/1]
08-04 03:10:20.334  5042  5888 D Nappa   : F1_SCORE - Prefetch list (0)= []
08-04 03:10:20.334  5042  5888 D Nappa   : F1_SCORE - TP list (0)= []
08-04 03:10:20.334  5042  5042 D NappaLifecycleObserver: nappatfpr.io.github.project_travel_mate.destinations.description.CityHistoryActivity - onResume
08-04 03:10:20.334  5042  5888 D Nappa   : F1_SCORE - FN list (8)= [https://project-travel-mate.herokuapp.com/api/get-user, https://project-travel-mate.herokuapp.com/api/get-all-cities/10, https://project-travel-mate.herokuapp.com/api/number-of-unread-notifications, https://project-travel-mate.herokuapp.com/api/get-city-weather/1, https://project-travel-mate.herokuapp.com/api/get-city/1, https://project-travel-mate.herokuapp.com/api/get-city-information/1, https://project-travel-mate.herokuapp.com/api/get-city-facts/1, https://project-travel-mate.herokuapp.com/api/get-city-images/1]
08-04 03:10:20.334  5042  5042 D Nappa   : setCurrentActivity - MetricStrategyAccuracy - 
08-04 03:10:20.334  5042  5042 D Nappa   : madePredictionFromActivity = false, 
08-04 03:10:20.334  5042  5042 D Nappa   : fromActivity = nappatfpr.io.github.project_travel_mate.destinations.description.FinalCityInfoActivity, 
08-04 03:10:20.334  5042  5042 D Nappa   : predictedNextActivityFromActivity = [], 
08-04 03:10:20.334  5042  5042 D Nappa   : activity.getClass().getCanonicalName() = nappatfpr.io.github.project_travel_mate.destinations.description.CityHistoryActivity, 
08-04 03:10:20.334  5042  5888 I NAPPA_EXPERIMENTATION: MetricPrefetchingAccuracy: LOG_ID='15',F1_SCORE_1='0.0',F1_SCORE_2='0.0',TRUE_POSITIVE='0',FALSE_POSITIVE='0',FALSE_NEGATIVE='8',
08-04 03:10:20.334  5042  5042 D Nappa   : setCurrentActivity - MetricStrategyAccuracy - 
08-04 03:10:20.334  5042  5042 D Nappa   : madePredictionFromExtra = false, 
08-04 03:10:20.334  5042  5042 D Nappa   : fromActivity = nappatfpr.io.github.project_travel_mate.destinations.description.FinalCityInfoActivity, 
08-04 03:10:20.334  5042  5042 D Nappa   : predictedNextActivityFromExtra = [], 
08-04 03:10:20.334  5042  5042 D Nappa   : activity.getClass().getCanonicalName() = nappatfpr.io.github.project_travel_mate.destinations.description.CityHistoryActivity, 
08-04 03:10:20.334  5042  5888 D CustomInterceptor: HEADER REQUEST
08-04 03:10:20.334  5042  5042 D Nappa   : PREFETCH_ON_EXTRA - setCurrentActivity - logs - from activity - made prediction isfalse
08-04 03:10:20.334  5042  5888 D CustomInterceptor: Authorization Token e817cf733b7893037942a7dc5507f3c5a98408e6
08-04 03:10:20.334  5042  5888 D CustomInterceptor: Cache-Control max-age=300, max-stale=300
08-04 03:10:20.334  5042  5888 D CustomInterceptor: CACHED STATS: size = '8', maxSize = '100', hitCount = '10', createCount = '0', putCount = '8', evictionCount = '0', missCount = '8', toString = 'LruCache[maxSize=100,hits=10,misses=8,hitRate=55%]', 
08-04 03:10:20.334  5042  5888 D CustomInterceptor: PREFLIB GET REQUEST https://project-travel-mate.herokuapp.com/api/get-city-information/1
08-04 03:10:20.334  5042  5888 D CustomInterceptor: PREFLIB found https://project-travel-mate.herokuapp.com/api/get-city-information/1, sending it back
08-04 03:10:20.335  5042  5888 D CustomInterceptor: CONTENT {"Summary":"Delhi (English: ; Hindi: [dli] Dill; Punjabi: [dli] Dill; Urdu: [deli] Dhl), officially known as the National Capital Territory of Delhi (NCT), is a city and a union territory of India containing New Delhi, the capital of India.It is bordered by the state of Haryana on three sides and by Uttar Pradesh to the east. The NCT covers an area of 1,484 square kilometres (573 sq mi). According to the 2011 census, Delhi's city proper population was over 11 million, the second-highest in India after Mumbai, while the whole NCT's population was about 16.8 million. Delhi's urban area is now considered to extend beyond the NCT boundaries, and include the neighbouring satellite cities of Ghaziabad, Faridabad, Gurgaon and Noida in an area called the National Capital Region (NCR) and had an estimated 2016 population of over 26 million people, making it the world's second-largest urban area according to the United Nations. Recent estimates of the metro economy of its urban area have ranked Delhi either the most or second-most productive metro area of India. Delhi is the second-wealthiest city in India after Mumbai and is home to 18 billionaires and 23,000 millionaires. Delhi ranks fifth among the Indian states and union territories in human development index. Delhi has the second-highest GDP per capita in India. Delhi is of great historical significance as an important commercial, transport, and cultural hub, as well as the political centre of India.Delhi has been continuously inhabited since the 6th century BCE. Through most of its history, Delhi has served as a capital of various kingdoms and empires, most notably the Pandavas, the Delhi Sultanate and the Mughal Empire. The city has been captured, ransacked and rebuilt several times, particularly during the medieval period, and modern Delhi is a cluster of a number of cities spread across the metropolitan region. For many centuries Delhi has been a dominant trading and commercial centre in northern India, and after 1990s it has emerged as an important node in the international corporate and financial network.A union territory, the political administration of the NCT of Delhi today more closely resembles that of a state of India, with its own legislature, high court and an executive council of ministers headed by a Chief Minister. New Delhi is jointly administered by the federal government of India and the local government of Delhi, and serves as the capital of the nation as well as the NCT of Delhi. Delhi hosted the inaugural 1951 Asian Games, 1982 Asian Games, 1983 NAM Summit, 2010 Men's Hockey World Cup, 2010 Commonwealth Games, 2012 BRICS Summit and was one of the major host cities of the 2011 Cricket World Cup.Delhi is also the centre of the National Capital Region (NCR), which is a unique 'interstate regional planning' area created by the National Capital Region Planning Board Act of 1985.","Toponym":"There are a number of myths and legends associated with the origin of the name Delhi. One of them is derived from Dhillu or Dilu, a king who built a city at this location in 50 BCE and named it after himself. Another legend holds that the name of the city is based on the Hindi/Prakrit word dhili (loose) and that it was used by the Tomaras to refer to the city because the iron pillar of Delhi had a weak foundation and had to be moved. According to Panjab Notes and Queries, the name of the city at the time of King Prithviraj was  dilpat, and that dilpat and dilli are probably derived from the old Hindi word dil meaning eminence. The former director of the Archaeological Survey of India, Alexander Cunningham, mentioned that dilli later became dihli/dehli. Some suggest the coins in circulation in the region under the Tomaras were called dehliwal. According to the Bhavishya Purana, King Prithiviraja of Indraprastha built a new fort in the modern-day Purana Qila area for the convenience of all four castes in his kingdom. He ordered the construction of a gateway to the fort and later named the fort dehali.
08-04 03:10:20.335  5042  5888 D CustomInterceptor: interceptor_finished : return_type #2 : request served from cache
08-04 03:10:20.336  5042  5888 I NAPPA_EXPERIMENTATION: MetricNetworkRequestExecutionTime: REQUEST_DURATION_SYSTEM='4',REQUEST_DURATION_OKHTTP='0',REQUEST_SYNCHRONOUS='FALSE',RESPONSE_CODE='200',RESPONSE_METHOD='GET',RESPONSE_LENGTH_OKHTTP='55024',RESPONSE_LENGTH_HEADER='-2',REQUEST_PROTOCOL='http/1.1',REQUEST_URL='https://project-travel-mate.herokuapp.com/api/get-city-information/1',
08-04 03:10:20.339  5042  5119 I art     : Starting a blocking GC Explicit
