08-04 18:50:39.184 14743 14764 D TfprPrefetchingStrategy: node CompassActivity score = 0.038919378
08-04 18:50:39.184 14743 14764 D TfprPrefetchingStrategy: node NotificationsActivity score = 0.081643485
08-04 18:50:39.184 14743 14764 D TfprPrefetchingStrategy: node FinalCityInfoActivity score = 0.14231107
08-04 18:50:39.184 14743 14764 D TfprPrefetchingStrategy: ===
08-04 18:50:39.184 14743 14764 D TfprPrefetchingStrategy: ===
08-04 18:50:39.184 14743 14764 D TfprPrefetchingStrategy: getSuccessorListSortByTfprScore
08-04 18:50:39.184 14743 14764 D TfprPrefetchingStrategy: Successors before the sort [TfprNode{UpcomingWeekendsActivity : TFPR = 0.1617497}, TfprNode{ChecklistActivity : TFPR = 0.0810345}, TfprNode{FinalCityInfoActivity : TFPR = 0.14231107}, TfprNode{NotificationsActivity : TFPR = 0.081643485}, TfprNode{CompassActivity : TFPR = 0.038919378}]
08-04 18:50:39.184 14743 14764 D TfprPrefetchingStrategy: Successors sorted by highest to lowest score (N2 - N1 comparator) are [TfprNode{UpcomingWeekendsActivity : TFPR = 0.1617497}, TfprNode{FinalCityInfoActivity : TFPR = 0.14231107}, TfprNode{NotificationsActivity : TFPR = 0.081643485}, TfprNode{ChecklistActivity : TFPR = 0.0810345}, TfprNode{CompassActivity : TFPR = 0.038919378}]
08-04 18:50:39.185 14743 14764 D TfprPrefetchingStrategy: Successor with highest score is UpcomingWeekendsActivity with score 0.1617497
08-04 18:50:39.185 14743 14764 D TfprPrefetchingStrategy: The score threshold is 0.3
08-04 18:50:39.185 14743 14764 D TfprPrefetchingStrategy: successors with high score = []
08-04 18:50:39.185 14743 14764 D TfprPrefetchingStrategy: ===
08-04 18:50:39.185 14743 14764 D TfprPrefetchingStrategy: MetricStrategyAccuracy inc insufficient score count1 | act = true; extra = false
08-04 18:50:39.185 14743 14764 D TfprPrefetchingStrategy: Next visited child will be []
08-04 18:50:39.185 14743 14764 D TfprPrefetchingStrategy: ==================================
08-04 18:50:39.185 14743 14764 D Nappa   : PREFETCH_ON_EXTRA - setCurrentActivity - finished new prediction
08-04 18:50:39.210   380   380 W SurfaceFlinger: couldn't log to binary event log: overflow.
08-04 18:50:39.215 14743 14743 D CityFragment: get cities cities size = 10
08-04 18:50:39.224 14743 14754 I art     : Starting a blocking GC Explicit
08-04 18:50:39.242 14743 14754 I art     : Explicit concurrent mark sweep GC freed 13780(992KB) AllocSpace objects, 8(440KB) LOS objects, 33% free, 31MB/47MB, paused 464us total 17.843ms
08-04 18:50:39.250 14743 14754 I art     : Starting a blocking GC Explicit
08-04 18:50:39.265 14743 14754 I art     : Explicit concurrent mark sweep GC freed 2543(264KB) AllocSpace objects, 0(0B) LOS objects, 33% free, 31MB/47MB, paused 507us total 14.980ms
08-04 18:50:39.274 14743 14754 I art     : Starting a blocking GC Explicit
08-04 18:50:39.290 14743 14754 I art     : Explicit concurrent mark sweep GC freed 506(38KB) AllocSpace objects, 0(0B) LOS objects, 33% free, 31MB/47MB, paused 751us total 16.761ms
08-04 18:50:39.298 14743 14754 I art     : Starting a blocking GC Explicit
08-04 18:50:39.315 14743 14754 I art     : Explicit concurrent mark sweep GC freed 327(22KB) AllocSpace objects, 0(0B) LOS objects, 33% free, 31MB/47MB, paused 553us total 16.159ms
08-04 18:50:39.323 14743 14754 I art     : Starting a blocking GC Explicit
08-04 18:50:39.340 14743 14754 I art     : Explicit concurrent mark sweep GC freed 1410(94KB) AllocSpace objects, 2(120KB) LOS objects, 33% free, 31MB/47MB, paused 787us total 17.416ms
08-04 18:50:39.423 14743 14889 D CustomInterceptor: CACHE_CONTROL SETTING NEW MAX-AGE
08-04 18:50:39.424 14743 14889 D CustomInterceptor: HEADER RESPONSE
08-04 18:50:39.424 14743 14889 D CustomInterceptor: Allow GET, OPTIONS
08-04 18:50:39.424 14743 14889 D CustomInterceptor: Cache-Control public, immutable, max-age=300, only-if-cached, max-stale=300
08-04 18:50:39.424 14743 14889 D CustomInterceptor: Connection keep-alive
08-04 18:50:39.424 14743 14889 D CustomInterceptor: Content-Length 36
08-04 18:50:39.424 14743 14889 D CustomInterceptor: Content-Type application/json
08-04 18:50:39.424 14743 14889 D CustomInterceptor: Date Tue, 04 Aug 2020 16:50:34 GMT
08-04 18:50:39.424 14743 14889 D CustomInterceptor: Expires Tue, 04 Aug 2020 16:55:39 GMT+00:00
08-04 18:50:39.424 14743 14889 D CustomInterceptor: Server gunicorn/19.8.1
08-04 18:50:39.424 14743 14889 D CustomInterceptor: Vary Accept
08-04 18:50:39.424 14743 14889 D CustomInterceptor: Via 1.1 vegur
08-04 18:50:39.425 14743 14889 D CustomInterceptor: X-Frame-Options SAMEORIGIN
08-04 18:50:39.425 14743 14889 D CustomInterceptor: CACHEABLE true
08-04 18:50:39.425 14743 14889 D CustomInterceptor: REQ https://project-travel-mate.herokuapp.com/api/number-of-unread-notifications
08-04 18:50:39.425 14743 14889 D CustomInterceptor: REQ_SERV_BY net
08-04 18:50:39.425 14743 14889 D CustomInterceptor: PREFLIB Adding response to lrucache - https://project-travel-mate.herokuapp.com/api/number-of-unread-notifications
08-04 18:50:39.460 14743 14889 D CustomInterceptor: interceptor_finished : return_type #3 : request served from remote and added to cache
08-04 18:50:39.461 14743 14889 I NAPPA_EXPERIMENTATION: MetricNetworkRequestExecutionTime: REQUEST_DURATION_SYSTEM='508',REQUEST_DURATION_OKHTTP='0',REQUEST_SYNCHRONOUS='FALSE',RESPONSE_CODE='200',RESPONSE_METHOD='GET',RESPONSE_LENGTH_OKHTTP='36',RESPONSE_LENGTH_HEADER='-2',REQUEST_PROTOCOL='http/1.1',REQUEST_URL='https://project-travel-mate.herokuapp.com/api/number-of-unread-notifications',
08-04 18:50:39.479 14743 14743 D NappaLifecycleObserver: nappatfpr.io.github.project_travel_mate.SplashActivity - onDestroy
08-04 18:50:39.479 14743 14743 D NappaLifecycleObserver: -------------F1_SCORE #3 -----------
08-04 18:50:39.479 14743 14743 D NappaLifecycleObserver: F1_SCORE - Intercept list (3)= [https://project-travel-mate.herokuapp.com/api/get-user, https://project-travel-mate.herokuapp.com/api/get-all-cities/10, https://project-travel-mate.herokuapp.com/api/number-of-unread-notifications]
08-04 18:50:39.479 14743 14743 D NappaLifecycleObserver: F1_SCORE - Prefetch list (0)= []
08-04 18:50:39.479 14743 14743 D NappaLifecycleObserver: F1_SCORE - TP list (0)= []
08-04 18:50:39.479 14743 14743 D NappaLifecycleObserver: F1_SCORE - FN list (3)= [https://project-travel-mate.herokuapp.com/api/get-user, https://project-travel-mate.herokuapp.com/api/get-all-cities/10, https://project-travel-mate.herokuapp.com/api/number-of-unread-notifications]
08-04 18:50:39.479 14743 14743 I NAPPA_EXPERIMENTATION: MetricPrefetchingAccuracy: LOG_ID='4',F1_SCORE_1='0.0',F1_SCORE_2='0.0',TRUE_POSITIVE='0',FALSE_POSITIVE='0',FALSE_NEGATIVE='3',
08-04 18:50:39.617 14743 14754 I art     : Starting a blocking GC Explicit
08-04 18:50:39.640 14743 14754 I art     : Explicit concurrent mark sweep GC freed 16447(1462KB) AllocSpace objects, 14(4MB) LOS objects, 34% free, 30MB/46MB, paused 354us total 23.115ms
08-04 18:50:39.649 14743 14754 I art     : Starting a blocking GC Explicit
08-04 18:50:39.669 14743 14754 I art     : Explicit concurrent mark sweep GC freed 10494(520KB) AllocSpace objects, 0(0B) LOS objects, 34% free, 29MB/45MB, paused 446us total 20.070ms
08-04 18:50:39.678 14743 14754 I art     : Starting a blocking GC Explicit
08-04 18:50:39.697 14743 14754 I art     : Explicit concurrent mark sweep GC freed 3017(122KB) AllocSpace objects, 0(0B) LOS objects, 34% free, 29MB/45MB, paused 427us total 18.710ms
08-04 18:50:39.706 14743 14754 I art     : Starting a blocking GC Explicit
08-04 18:50:39.723 14743 14754 I art     : Explicit concurrent mark sweep GC freed 457(49KB) AllocSpace objects, 0(0B) LOS objects, 34% free, 31MB/47MB, paused 382us total 17.302ms
08-04 18:50:39.732 14743 14754 I art     : Starting a blocking GC Explicit
08-04 18:50:39.749 14743 14754 I art     : Explicit concurrent mark sweep GC freed 295(151KB) AllocSpace objects, 2(56KB) LOS objects, 33% free, 32MB/48MB, paused 372us total 17.375ms
08-04 18:50:40.059 14743 14754 I art     : Starting a blocking GC Explicit
08-04 18:50:40.081 14743 14754 I art     : Explicit concurrent mark sweep GC freed 9332(662KB) AllocSpace objects, 13(1620KB) LOS objects, 33% free, 32MB/48MB, paused 319us total 21.473ms
08-04 18:50:40.090 14743 14754 I art     : Starting a blocking GC Explicit
08-04 18:50:40.109 14743 14754 I art     : Explicit concurrent mark sweep GC freed 431(124KB) AllocSpace objects, 2(56KB) LOS objects, 32% free, 33MB/49MB, paused 325us total 19.057ms
08-04 18:50:40.119 14743 14754 I art     : Starting a blocking GC Explicit
08-04 18:50:40.137 14743 14754 I art     : Explicit concurrent mark sweep GC freed 226(33KB) AllocSpace objects, 2(88KB) LOS objects, 32% free, 33MB/49MB, paused 402us total 17.845ms
08-04 18:50:40.145 14743 14754 I art     : Starting a blocking GC Explicit
08-04 18:50:40.163 14743 14754 I art     : Explicit concurrent mark sweep GC freed 77(1728B) AllocSpace objects, 0(0B) LOS objects, 32% free, 33MB/49MB, paused 309us total 17.406ms
08-04 18:50:40.171 14743 14754 I art     : Starting a blocking GC Explicit
08-04 18:50:40.189 14743 14754 I art     : Explicit concurrent mark sweep GC freed 27(496B) AllocSpace objects, 0(0B) LOS objects, 32% free, 33MB/49MB, paused 315us total 17.451ms
08-04 18:50:40.541 14743 14755 I art     : Starting a blocking GC Explicit
08-04 18:50:40.562 14743 14755 I art     : Explicit concurrent mark sweep GC freed 2615(129KB) AllocSpace objects, 2(40KB) LOS objects, 32% free, 33MB/49MB, paused 385us total 20.435ms
08-04 18:50:40.572 14743 14755 I art     : Starting a blocking GC Explicit
08-04 18:50:40.591 14743 14755 I art     : Explicit concurrent mark sweep GC freed 69(2320B) AllocSpace objects, 0(0B) LOS objects, 32% free, 33MB/49MB, paused 345us total 18.790ms
08-04 18:50:40.600 14743 14755 I art     : Starting a blocking GC Explicit
08-04 18:50:40.617 14743 14755 I art     : Explicit concurrent mark sweep GC freed 52(960B) AllocSpace objects, 0(0B) LOS objects, 32% free, 33MB/49MB, paused 290us total 16.909ms
08-04 18:50:40.626 14743 14755 I art     : Starting a blocking GC Explicit
08-04 18:50:40.643 14743 14755 I art     : Explicit concurrent mark sweep GC freed 27(496B) AllocSpace objects, 0(0B) LOS objects, 32% free, 33MB/49MB, paused 290us total 16.240ms
08-04 18:50:40.651 14743 14755 I art     : Starting a blocking GC Explicit
08-04 18:50:40.669 14743 14755 I art     : Explicit concurrent mark sweep GC freed 51(896B) AllocSpace objects, 0(0B) LOS objects, 32% free, 33MB/49MB, paused 297us total 17.661ms
08-04 18:50:41.004 14743 14754 I art     : Starting a blocking GC Explicit
08-04 18:50:41.027 14743 14754 I art     : Explicit concurrent mark sweep GC freed 4116(315KB) AllocSpace objects, 6(184KB) LOS objects, 31% free, 34MB/50MB, paused 378us total 22.319ms
08-04 18:50:41.037 14743 14754 I art     : Starting a blocking GC Explicit
08-04 18:50:41.057 14743 14754 I art     : Explicit concurrent mark sweep GC freed 158(4KB) AllocSpace objects, 0(0B) LOS objects, 31% free, 34MB/50MB, paused 308us total 19.759ms
08-04 18:50:41.067 14743 14754 I art     : Starting a blocking GC Explicit
08-04 18:50:41.086 14743 14754 I art     : Explicit concurrent mark sweep GC freed 51(896B) AllocSpace objects, 0(0B) LOS objects, 31% free, 34MB/50MB, paused 278us total 18.559ms
08-04 18:50:41.095 14743 14754 I art     : Starting a blocking GC Explicit
08-04 18:50:41.114 14743 14754 I art     : Explicit concurrent mark sweep GC freed 42(720B) AllocSpace objects, 0(0B) LOS objects, 31% free, 34MB/50MB, paused 346us total 18.931ms
08-04 18:50:41.123 14743 14754 I art     : Starting a blocking GC Explicit
08-04 18:50:41.142 14743 14754 I art     : Explicit concurrent mark sweep GC freed 36(672B) AllocSpace objects, 0(0B) LOS objects, 31% free, 34MB/50MB, paused 295us total 18.908ms
08-04 18:50:41.484 14743 14810 I art     : Starting a blocking GC Explicit
08-04 18:50:41.502 14743 14810 I art     : Explicit concurrent mark sweep GC freed 2163(110KB) AllocSpace objects, 2(40KB) LOS objects, 31% free, 34MB/50MB, paused 276us total 16.993ms
08-04 18:50:41.510 14743 14810 I art     : Starting a blocking GC Explicit
08-04 18:50:41.527 14743 14810 I art     : Explicit concurrent mark sweep GC freed 54(1504B) AllocSpace objects, 0(0B) LOS objects, 31% free, 34MB/50MB, paused 324us total 16.386ms
08-04 18:50:41.535 14743 14810 I art     : Starting a blocking GC Explicit
08-04 18:50:41.551 14743 14810 I art     : Explicit concurrent mark sweep GC freed 51(896B) AllocSpace objects, 0(0B) LOS objects, 31% free, 34MB/50MB, paused 268us total 16.032ms
08-04 18:50:41.559 14743 14810 I art     : Starting a blocking GC Explicit
08-04 18:50:41.575 14743 14810 I art     : Explicit concurrent mark sweep GC freed 27(496B) AllocSpace objects, 0(0B) LOS objects, 31% free, 34MB/50MB, paused 257us total 15.903ms
08-04 18:50:41.584 14743 14810 I art     : Starting a blocking GC Explicit
08-04 18:50:41.600 14743 14810 I art     : Explicit concurrent mark sweep GC freed 51(896B) AllocSpace objects, 0(0B) LOS objects, 31% free, 34MB/50MB, paused 262us total 16.311ms
08-04 18:50:41.909 14743 14755 I art     : Starting a blocking GC Explicit
08-04 18:50:41.930 14743 14755 I art     : Explicit concurrent mark sweep GC freed 2091(105KB) AllocSpace objects, 2(40KB) LOS objects, 31% free, 34MB/50MB, paused 309us total 20.528ms
08-04 18:50:41.940 14743 14755 I art     : Starting a blocking GC Explicit
08-04 18:50:41.946   518   646 I ThermalEngine: ACTION: GPU - Setting GPU[0] to 510000000
08-04 18:50:41.963 14743 14755 I art     : Explicit concurrent mark sweep GC freed 78(1904B) AllocSpace objects, 0(0B) LOS objects, 31% free, 34MB/50MB, paused 429us total 23.013ms
08-04 18:50:41.975 14743 14755 I art     : Starting a blocking GC Explicit
08-04 18:50:41.999 14743 14755 I art     : Explicit concurrent mark sweep GC freed 53(928B) AllocSpace objects, 0(0B) LOS objects, 31% free, 34MB/50MB, paused 467us total 23.968ms
08-04 18:50:42.011 14743 14755 I art     : Starting a blocking GC Explicit
08-04 18:50:42.036 14743 14755 I art     : Explicit concurrent mark sweep GC freed 73(1264B) AllocSpace objects, 0(0B) LOS objects, 31% free, 34MB/50MB, paused 413us total 24.718ms
08-04 18:50:42.048 14743 14755 I art     : Starting a blocking GC Explicit
08-04 18:50:42.072 14743 14755 I art     : Explicit concurrent mark sweep GC freed 50(864B) AllocSpace objects, 0(0B) LOS objects, 31% free, 34MB/50MB, paused 419us total 24.029ms
08-04 18:50:42.460 14743 14810 I art     : Starting a blocking GC Explicit
08-04 18:50:42.484 14743 14810 I art     : Explicit concurrent mark sweep GC freed 2232(104KB) AllocSpace objects, 2(40KB) LOS objects, 31% free, 34MB/50MB, paused 407us total 24.424ms
08-04 18:50:42.496 14743 14810 I art     : Starting a blocking GC Explicit
08-04 18:50:42.521 14743 14810 I art     : Explicit concurrent mark sweep GC freed 80(1984B) AllocSpace objects, 0(0B) LOS objects, 31% free, 34MB/50MB, paused 432us total 24.390ms
08-04 18:50:42.533 14743 14810 I art     : Starting a blocking GC Explicit
08-04 18:50:42.557 14743 14810 I art     : Explicit concurrent mark sweep GC freed 52(928B) AllocSpace objects, 0(0B) LOS objects, 31% free, 34MB/50MB, paused 410us total 23.587ms
08-04 18:50:42.569 14743 14810 I art     : Starting a blocking GC Explicit
08-04 18:50:42.592 14743 14810 I art     : Explicit concurrent mark sweep GC freed 51(896B) AllocSpace objects, 0(0B) LOS objects, 31% free, 34MB/50MB, paused 417us total 23.720ms
08-04 18:50:42.604 14743 14810 I art     : Starting a blocking GC Explicit
08-04 18:50:42.628 14743 14810 I art     : Explicit concurrent mark sweep GC freed 51(896B) AllocSpace objects, 0(0B) LOS objects, 31% free, 34MB/50MB, paused 415us total 23.949ms
08-04 18:50:42.949 14743 14755 I art     : Starting a blocking GC Explicit
08-04 18:50:42.975 14743 14755 I art     : Explicit concurrent mark sweep GC freed 2134(103KB) AllocSpace objects, 2(40KB) LOS objects, 31% free, 34MB/50MB, paused 429us total 25.552ms
08-04 18:50:42.991 14743 14755 I art     : Starting a blocking GC Explicit
08-04 18:50:43.014 14743 14755 I art     : Explicit concurrent mark sweep GC freed 78(1904B) AllocSpace objects, 0(0B) LOS objects, 31% free, 34MB/50MB, paused 393us total 22.006ms
08-04 18:50:43.026 14743 14755 I art     : Starting a blocking GC Explicit
08-04 18:50:43.049 14743 14755 I art     : Explicit concurrent mark sweep GC freed 52(912B) AllocSpace objects, 0(0B) LOS objects, 31% free, 34MB/50MB, paused 445us total 22.726ms
08-04 18:50:43.060 14743 14755 I art     : Starting a blocking GC Explicit
08-04 18:50:43.084 14743 14755 I art     : Explicit concurrent mark sweep GC freed 72(1232B) AllocSpace objects, 0(0B) LOS objects, 31% free, 34MB/50MB, paused 423us total 23.258ms
08-04 18:50:43.095 14743 14755 I art     : Starting a blocking GC Explicit
08-04 18:50:43.119 14743 14755 I art     : Explicit concurrent mark sweep GC freed 51(896B) AllocSpace objects, 0(0B) LOS objects, 31% free, 34MB/50MB, paused 454us total 22.966ms
08-04 18:50:43.191 14994 14994 D AndroidRuntime: >>>>>> START com.android.internal.os.RuntimeInit uid 2000 <<<<<<
08-04 18:50:43.196 14994 14994 D AndroidRuntime: CheckJNI is OFF
08-04 18:50:43.228 14994 14994 D ICU     : No timezone override file found: /data/misc/zoneinfo/current/icu/icu_tzdata.dat
08-04 18:50:43.261 14994 14994 I Radio-JNI: register_android_hardware_Radio DONE
08-04 18:50:43.281 14994 14994 D AndroidRuntime: Calling main entry com.android.commands.input.Input
08-04 18:50:43.283 14994 14994 I Input   : injectMotionEvent: MotionEvent { action=ACTION_DOWN, actionButton=0, id[0]=0, x[0]=346.0, y[0]=709.0, toolType[0]=TOOL_TYPE_UNKNOWN, buttonState=0, metaState=0, flags=0x0, edgeFlags=0x0, pointerCount=1, historySize=0, eventTime=730259696, downTime=730259696, deviceId=0, source=0x1002 }
08-04 18:50:43.291 14994 14994 I Input   : injectMotionEvent: MotionEvent { action=ACTION_UP, actionButton=0, id[0]=0, x[0]=346.0, y[0]=709.0, toolType[0]=TOOL_TYPE_UNKNOWN, buttonState=0, metaState=0, flags=0x0, edgeFlags=0x0, pointerCount=1, historySize=0, eventTime=730259696, downTime=730259696, deviceId=0, source=0x1002 }
08-04 18:50:43.294 14743 14764 D Nappa   : PREFETCH_ON_EXTRA - notifyExtras- start
08-04 18:50:43.294 14743 14743 D NappaIntentExtras: ==================
08-04 18:50:43.294 14743 14743 D NappaIntentExtras: Log #2
08-04 18:50:43.294 14743 14743 D NappaIntentExtras: ------------------
08-04 18:50:43.294 14743 14743 D NappaIntentExtras: activity nappatfpr.io.github.project_travel_mate.SplashActivity
08-04 18:50:43.294 14743 14743 D NappaIntentExtras: 	- No extras registered
08-04 18:50:43.294 14743 14743 D NappaIntentExtras: activity nappatfpr.io.github.project_travel_mate.destinations.funfacts.FunFactsActivity
08-04 18:50:43.295 14743 14743 D NappaIntentExtras: 	- No extras registered
08-04 18:50:43.295 14743 14743 D NappaIntentExtras: activity nappatfpr.io.github.project_travel_mate.MainActivity
08-04 18:50:43.295 14743 14743 D NappaIntentExtras: 	- 1 extras registered
08-04 18:50:43.295 14743 14743 D NappaIntentExtras: 	- cityobject_ : objects.City@f04e05c
08-04 18:50:43.295 14743 14743 D NappaIntentExtras: activity nappatfpr.io.github.project_travel_mate.utilities.UpcomingWeekendsActivity
08-04 18:50:43.295 14743 14743 D NappaIntentExtras: 	- No extras registered
08-04 18:50:43.295 14743 14743 D NappaIntentExtras: activity nappatfpr.io.github.project_travel_mate.utilities.ChecklistActivity
08-04 18:50:43.295 14743 14743 D NappaIntentExtras: 	- No extras registered
08-04 18:50:43.295 14743 14743 D NappaIntentExtras: activity nappatfpr.io.github.project_travel_mate.utilities.CompassActivity
08-04 18:50:43.295 14743 14743 D NappaIntentExtras: 	- No extras registered
08-04 18:50:43.295 14743 14743 D NappaIntentExtras: activity nappatfpr.io.github.project_travel_mate.notifications.NotificationsActivity
08-04 18:50:43.295 14743 14743 D NappaIntentExtras: 	- No extras registered
08-04 18:50:43.295 14743 14743 D NappaIntentExtras: activity nappatfpr.io.github.project_travel_mate.destinations.description.CityHistoryActivity
08-04 18:50:43.295 14743 14743 D NappaIntentExtras: 	- No extras registered
08-04 18:50:43.295 14743 14743 D NappaIntentExtras: activity nappatfpr.io.github.project_travel_mate.destinations.description.FinalCityInfoActivity
08-04 18:50:43.295 14743 14743 D NappaIntentExtras: 	- No extras registered
08-04 18:50:43.295 14743 14743 D NappaIntentExtras: ==================
08-04 18:50:43.296 14743 14764 I NAPPA_EXPERIMENTATION: MetricNappaPrefetchingStrategyExecutionTime: STRATEGY_CLASS='TfprPrefetchingStrategy',DURATION='1343490',NUMBER_OF_URLS='0',NUMBER_OF_SELECTED_CHILDREN_NODES='0',NUMBER_OF_CHILDREN_NODES='5',STRATEGY_RUN_SUCCESSFULLY='True',
08-04 18:50:43.296 14743 14764 D TfprPrefetchingStrategy: ==================================
08-04 18:50:43.296 14743 14764 D TfprPrefetchingStrategy: Starting Run #2
08-04 18:50:43.296 14743 14764 D TfprPrefetchingStrategy: ----------------------------------
08-04 18:50:43.296 14743 14764 D TfprPrefetchingStrategy: Node data MainActivity 
08-04 18:50:43.296 14743 14764 D TfprPrefetchingStrategy: 	Successors:
08-04 18:50:43.296 14743 14764 D TfprPrefetchingStrategy: 		UpcomingWeekendsActivity (0 hits)
08-04 18:50:43.296 14743 14764 D TfprPrefetchingStrategy: 		ChecklistActivity (0 hits)
08-04 18:50:43.296 14743 14764 D TfprPrefetchingStrategy: 		FinalCityInfoActivity (0 hits)
08-04 18:50:43.296 14743 14764 D TfprPrefetchingStrategy: 		NotificationsActivity (0 hits)
08-04 18:50:43.296 14743 14764 D TfprPrefetchingStrategy: 		CompassActivity (0 hits)
08-04 18:50:43.296 14743 14764 D TfprPrefetchingStrategy: 	Ancestors:
08-04 18:50:43.296 14743 14764 D TfprPrefetchingStrategy: 		SplashActivity (0 hits)
08-04 18:50:43.296 14743 14764 D TfprPrefetchingStrategy: 
08-04 18:50:43.296 14743 14764 D TfprPrefetchingStrategy: MetricStrategyAccuracy inc execution count2 | act = false; extra = true
08-04 18:50:43.296 14743 14764 D TfprPrefetchingStrategy: ===
08-04 18:50:43.296 14743 14764 D TfprPrefetchingStrategy: calculateVisitTimeScores
08-04 18:50:43.296 14743 14764 D TfprPrefetchingStrategy: -------- Node MainActivity-----------
08-04 18:50:43.296 14743 14764 D TfprPrefetchingStrategy: tfprNode.aggregateVisitTime = 158810
08-04 18:50:43.296 14743 14764 D TfprPrefetchingStrategy: tfprNode.totalAggregateVisitTimeFromSuccessors = 149900
08-04 18:50:43.296 14743 14764 D TfprPrefetchingStrategy: tfprNode.aggregateVisitTimeFromSuccessors = {nappatfpr.io.github.project_travel_mate.utilities.UpcomingWeekendsActivity=54714, nappatfpr.io.github.project_travel_mate.utilities.ChecklistActivity=27411, nappatfpr.io.github.project_travel_mate.utilities.CompassActivity=13165, nappatfpr.io.github.project_travel_mate.notifications.NotificationsActivity=27617, nappatfpr.io.github.project_travel_mate.destinations.description.FinalCityInfoActivity=26993}
08-04 18:50:43.296 14743 14764 D TfprPrefetchingStrategy: -------- Node ChecklistActivity-----------
08-04 18:50:43.296 14743 14764 D TfprPrefetchingStrategy: tfprNode.aggregateVisitTime = 27411
08-04 18:50:43.296 14743 14764 D TfprPrefetchingStrategy: tfprNode.totalAggregateVisitTimeFromSuccessors = 0
08-04 18:50:43.296 14743 14764 D TfprPrefetchingStrategy: tfprNode.aggregateVisitTimeFromSuccessors = {}
08-04 18:50:43.296 14743 14764 D TfprPrefetchingStrategy: -------- Node UpcomingWeekendsActivity-----------
08-04 18:50:43.296 14743 14764 D TfprPrefetchingStrategy: tfprNode.aggregateVisitTime = 54714
08-04 18:50:43.296 14743 14764 D TfprPrefetchingStrategy: tfprNode.totalAggregateVisitTimeFromSuccessors = 0
08-04 18:50:43.297 14743 14764 D TfprPrefetchingStrategy: tfprNode.aggregateVisitTimeFromSuccessors = {}
08-04 18:50:43.297 14743 14764 D TfprPrefetchingStrategy: -------- Node CompassActivity-----------
08-04 18:50:43.297 14743 14764 D TfprPrefetchingStrategy: tfprNode.aggregateVisitTime = 13165
08-04 18:50:43.297 14743 14764 D TfprPrefetchingStrategy: tfprNode.totalAggregateVisitTimeFromSuccessors = 0
08-04 18:50:43.297 14743 14764 D TfprPrefetchingStrategy: tfprNode.aggregateVisitTimeFromSuccessors = {}
08-04 18:50:43.297 14743 14764 D TfprPrefetchingStrategy: -------- Node NotificationsActivity-----------
08-04 18:50:43.297 14743 14764 D TfprPrefetchingStrategy: tfprNode.aggregateVisitTime = 27617
08-04 18:50:43.297 14743 14764 D TfprPrefetchingStrategy: tfprNode.totalAggregateVisitTimeFromSuccessors = 0
08-04 18:50:43.297 14743 14764 D TfprPrefetchingStrategy: tfprNode.aggregateVisitTimeFromSuccessors = {}
08-04 18:50:43.297 14743 14764 D TfprPrefetchingStrategy: -------- Node FinalCityInfoActivity-----------
08-04 18:50:43.297 14743 14764 D TfprPrefetchingStrategy: tfprNode.aggregateVisitTime = 51499
08-04 18:50:43.297 14743 14764 D TfprPrefetchingStrategy: tfprNode.totalAggregateVisitTimeFromSuccessors = 55765
08-04 18:50:43.297 14743 14764 D TfprPrefetchingStrategy: tfprNode.aggregateVisitTimeFromSuccessors = {nappatfpr.io.github.project_travel_mate.destinations.funfacts.FunFactsActivity=15335, nappatfpr.io.github.project_travel_mate.destinations.description.CityHistoryActivity=40430}
08-04 18:50:43.297 14743 14764 D TfprPrefetchingStrategy: -------- Graph -----------
08-04 18:50:43.297 14743 14764 D TfprPrefetchingStrategy: tfprGraph.aggregateVisitTimeFromSuccessors = 333216
08-04 18:50:43.297 14743 14764 D TfprPrefetchingStrategy: ===
08-04 18:50:43.297 14743 14764 D TfprPrefetchingStrategy: ===
08-04 18:50:43.297 14743 14764 D TfprPrefetchingStrategy: runTfprAlgorithm
08-04 18:50:43.297 14743 14764 D TfprPrefetchingStrategy: ------------- TFPR calculation #1 of 10 -----------
08-04 18:50:43.297 14743 14764 D TfprPrefetchingStrategy: node MainActivity score = 0.4051081
08-04 18:50:43.297 14743 14764 D TfprPrefetchingStrategy: node ChecklistActivity score = 0.0810345
08-04 18:50:43.297 14743 14764 D TfprPrefetchingStrategy: node UpcomingWeekendsActivity score = 0.1617497
08-04 18:50:43.297 14743 14764 D TfprPrefetchingStrategy: node CompassActivity score = 0.038919378
08-04 18:50:43.298 14743 14764 D TfprPrefetchingStrategy: node NotificationsActivity score = 0.081643485
08-04 18:50:43.298 14743 14764 D TfprPrefetchingStrategy: node FinalCityInfoActivity score = 0.14231107
08-04 18:50:43.298 14743 14764 D TfprPrefetchingStrategy: ------------- TFPR calculation #2 of 10 -----------
08-04 18:50:43.298 14743 14764 D TfprPrefetchingStrategy: node MainActivity score = 0.4051081
08-04 18:50:43.298 14743 14764 D TfprPrefetchingStrategy: node ChecklistActivity score = 0.0810345
08-04 18:50:43.298 14743 14764 D TfprPrefetchingStrategy: node UpcomingWeekendsActivity score = 0.1617497
08-04 18:50:43.298 14743 14764 D TfprPrefetchingStrategy: node CompassActivity score = 0.038919378
08-04 18:50:43.298 14743 14764 D TfprPrefetchingStrategy: node NotificationsActivity score = 0.081643485
08-04 18:50:43.298 14743 14764 D TfprPrefetchingStrategy: node FinalCityInfoActivity score = 0.14231107
08-04 18:50:43.298 14743 14764 D TfprPrefetchingStrategy: ------------- TFPR calculation #3 of 10 -----------
08-04 18:50:43.298 14743 14764 D TfprPrefetchingStrategy: node MainActivity score = 0.4051081
08-04 18:50:43.298 14743 14764 D TfprPrefetchingStrategy: node ChecklistActivity score = 0.0810345
08-04 18:50:43.298 14743 14764 D TfprPrefetchingStrategy: node UpcomingWeekendsActivity score = 0.1617497
08-04 18:50:43.298 14743 14764 D TfprPrefetchingStrategy: node CompassActivity score = 0.038919378
08-04 18:50:43.298 14743 14764 D TfprPrefetchingStrategy: node NotificationsActivity score = 0.081643485
08-04 18:50:43.298 14743 14764 D TfprPrefetchingStrategy: node FinalCityInfoActivity score = 0.14231107
08-04 18:50:43.298 14743 14764 D TfprPrefetchingStrategy: ------------- TFPR calculation #4 of 10 -----------
08-04 18:50:43.298 14743 14764 D TfprPrefetchingStrategy: node MainActivity score = 0.4051081
08-04 18:50:43.298 14743 14764 D TfprPrefetchingStrategy: node ChecklistActivity score = 0.0810345
08-04 18:50:43.298 14743 14764 D TfprPrefetchingStrategy: node UpcomingWeekendsActivity score = 0.1617497
08-04 18:50:43.298 14743 14764 D TfprPrefetchingStrategy: node CompassActivity score = 0.038919378
08-04 18:50:43.298 14743 14764 D TfprPrefetchingStrategy: node NotificationsActivity score = 0.081643485
08-04 18:50:43.299 14743 14764 D TfprPrefetchingStrategy: node FinalCityInfoActivity score = 0.14231107
08-04 18:50:43.299 14743 14764 D TfprPrefetchingStrategy: ------------- TFPR calculation #5 of 10 -----------
08-04 18:50:43.299 14743 14764 D TfprPrefetchingStrategy: node MainActivity score = 0.4051081
08-04 18:50:43.299 14743 14764 D TfprPrefetchingStrategy: node ChecklistActivity score = 0.0810345
08-04 18:50:43.299 14743 14764 D TfprPrefetchingStrategy: node UpcomingWeekendsActivity score = 0.1617497
08-04 18:50:43.299 14743 14764 D TfprPrefetchingStrategy: node CompassActivity score = 0.038919378
08-04 18:50:43.299 14743 14764 D TfprPrefetchingStrategy: node NotificationsActivity score = 0.081643485
08-04 18:50:43.299 14743 14764 D TfprPrefetchingStrategy: node FinalCityInfoActivity score = 0.14231107
08-04 18:50:43.299 14743 14764 D TfprPrefetchingStrategy: ------------- TFPR calculation #6 of 10 -----------
08-04 18:50:43.299 14743 14764 D TfprPrefetchingStrategy: node MainActivity score = 0.4051081
08-04 18:50:43.299 14743 14764 D TfprPrefetchingStrategy: node ChecklistActivity score = 0.0810345
08-04 18:50:43.299 14743 14764 D TfprPrefetchingStrategy: node UpcomingWeekendsActivity score = 0.1617497
08-04 18:50:43.299 14743 14764 D TfprPrefetchingStrategy: node CompassActivity score = 0.038919378
08-04 18:50:43.299 14743 14764 D TfprPrefetchingStrategy: node NotificationsActivity score = 0.081643485
08-04 18:50:43.299 14743 14764 D TfprPrefetchingStrategy: node FinalCityInfoActivity score = 0.14231107
08-04 18:50:43.299 14743 14764 D TfprPrefetchingStrategy: ------------- TFPR calculation #7 of 10 -----------
08-04 18:50:43.299 14743 14764 D TfprPrefetchingStrategy: node MainActivity score = 0.4051081
08-04 18:50:43.299 14743 14764 D TfprPrefetchingStrategy: node ChecklistActivity score = 0.0810345
08-04 18:50:43.299 14743 14764 D TfprPrefetchingStrategy: node UpcomingWeekendsActivity score = 0.1617497
08-04 18:50:43.299 14743 14764 D TfprPrefetchingStrategy: node CompassActivity score = 0.038919378
08-04 18:50:43.299 14743 14764 D TfprPrefetchingStrategy: node NotificationsActivity score = 0.081643485
08-04 18:50:43.299 14743 14764 D TfprPrefetchingStrategy: node FinalCityInfoActivity score = 0.14231107
08-04 18:50:43.299 14743 14764 D TfprPrefetchingStrategy: ------------- TFPR calculation #8 of 10 -----------
08-04 18:50:43.299 14743 14764 D TfprPrefetchingStrategy: node MainActivity score = 0.4051081
08-04 18:50:43.299 14743 14764 D TfprPrefetchingStrategy: node ChecklistActivity score = 0.0810345
08-04 18:50:43.300 14743 14764 D TfprPrefetchingStrategy: node UpcomingWeekendsActivity score = 0.1617497
08-04 18:50:43.300 14743 14764 D TfprPrefetchingStrategy: node CompassActivity score = 0.038919378
08-04 18:50:43.300 14743 14764 D TfprPrefetchingStrategy: node NotificationsActivity score = 0.081643485
08-04 18:50:43.300 14743 14764 D TfprPrefetchingStrategy: node FinalCityInfoActivity score = 0.14231107
08-04 18:50:43.300 14743 14764 D TfprPrefetchingStrategy: ------------- TFPR calculation #9 of 10 -----------
08-04 18:50:43.300 14743 14764 D TfprPrefetchingStrategy: node MainActivity score = 0.4051081
08-04 18:50:43.300 14743 14764 D TfprPrefetchingStrategy: node ChecklistActivity score = 0.0810345
08-04 18:50:43.300 14743 14764 D TfprPrefetchingStrategy: node UpcomingWeekendsActivity score = 0.1617497
08-04 18:50:43.300 14743 14764 D TfprPrefetchingStrategy: node CompassActivity score = 0.038919378
08-04 18:50:43.300 14743 14764 D TfprPrefetchingStrategy: node NotificationsActivity score = 0.081643485
08-04 18:50:43.300 14743 14764 D TfprPrefetchingStrategy: node FinalCityInfoActivity score = 0.14231107
08-04 18:50:43.300 14743 14764 D TfprPrefetchingStrategy: ------------- TFPR calculation #10 of 10 -----------
08-04 18:50:43.300 14743 14764 D TfprPrefetchingStrategy: node MainActivity score = 0.4051081
08-04 18:50:43.300 14743 14764 D TfprPrefetchingStrategy: node ChecklistActivity score = 0.0810345
08-04 18:50:43.300 14743 14764 D TfprPrefetchingStrategy: node UpcomingWeekendsActivity score = 0.1617497
08-04 18:50:43.300 14743 14764 D TfprPrefetchingStrategy: node CompassActivity score = 0.038919378
08-04 18:50:43.300 14743 14764 D TfprPrefetchingStrategy: node NotificationsActivity score = 0.081643485
08-04 18:50:43.300 14743 14764 D TfprPrefetchingStrategy: node FinalCityInfoActivity score = 0.14231107
08-04 18:50:43.300 14743 14764 D TfprPrefetchingStrategy: ===
08-04 18:50:43.300 14743 14764 D TfprPrefetchingStrategy: ===
08-04 18:50:43.300 14743 14764 D TfprPrefetchingStrategy: getSuccessorListSortByTfprScore
08-04 18:50:43.300 14743 14764 D TfprPrefetchingStrategy: Successors before the sort [TfprNode{UpcomingWeekendsActivity : TFPR = 0.1617497}, TfprNode{ChecklistActivity : TFPR = 0.0810345}, TfprNode{FinalCityInfoActivity : TFPR = 0.14231107}, TfprNode{NotificationsActivity : TFPR = 0.081643485}, TfprNode{CompassActivity : TFPR = 0.038919378}]
08-04 18:50:43.301 14743 14764 D TfprPrefetchingStrategy: Successors sorted by highest to lowest score (N2 - N1 comparator) are [TfprNode{UpcomingWeekendsActivity : TFPR = 0.1617497}, TfprNode{FinalCityInfoActivity : TFPR = 0.14231107}, TfprNode{NotificationsActivity : TFPR = 0.081643485}, TfprNode{ChecklistActivity : TFPR = 0.0810345}, TfprNode{CompassActivity : TFPR = 0.038919378}]
08-04 18:50:43.301 14743 14764 D TfprPrefetchingStrategy: Successor with highest score is UpcomingWeekendsActivity with score 0.1617497
08-04 18:50:43.301 14743 14764 D TfprPrefetchingStrategy: The score threshold is 0.3
08-04 18:50:43.301 14743 14764 D TfprPrefetchingStrategy: successors with high score = []
08-04 18:50:43.301 14743 14764 D TfprPrefetchingStrategy: ===
08-04 18:50:43.301 14743 14764 D TfprPrefetchingStrategy: MetricStrategyAccuracy inc insufficient score count2 | act = false; extra = true
08-04 18:50:43.301 14743 14764 D TfprPrefetchingStrategy: Next visited child will be []
08-04 18:50:43.301 14743 14764 D TfprPrefetchingStrategy: ==================================
08-04 18:50:43.301 14743 14764 D Nappa   : PREFETCH_ON_EXTRA - notifyExtras- end
08-04 18:50:43.302 14743 14764 D Nappa   : PREFSTRAT2 ADDING NEW ACTEXTRADATA
08-04 18:50:43.306   918  5481 I ActivityManager: START u0 {cmp=nappatfpr.io.github.project_travel_mate/.destinations.description.FinalCityInfoActivity (has extras)} from uid 10656 on display 0
08-04 18:50:43.313 14994 14994 D AndroidRuntime: Shutting down VM
08-04 18:50:43.313 14743 14743 D NappaLifecycleObserver: nappatfpr.io.github.project_travel_mate.MainActivity - onPause
08-04 18:50:43.314 14743 14743 D Nappa   : Stayed on nappatfpr.io.github.project_travel_mate.MainActivity for 4638 ms
08-04 18:50:43.322 14743 14743 D ActivityNode: Observer - intent extra - SplashActivity
08-04 18:50:43.322 14743 14743 D ActivityNode: Extras:
08-04 18:50:43.339 14743 14874 D Gabe    : call	returning from cache
08-04 18:50:43.384 14743 14743 D Nappa   : TAG okHttpClient initialized
08-04 18:50:43.389 14743 14743 V EXECUTING: https://project-travel-mate.herokuapp.com/api/get-city-weather/1
08-04 18:50:43.390 14743 15028 D CustomInterceptor: NETWORK-PROVIDER https://project-travel-mate.herokuapp.com/api/get-city-weather/1
08-04 18:50:43.391 14743 15028 D Nappa   : F1_SCORE add_intercept_url - (new) - https://project-travel-mate.herokuapp.com/api/get-city-weather/1
08-04 18:50:43.391 14743 15028 D Nappa   : F1_SCORE add_fn_url - (new) - https://project-travel-mate.herokuapp.com/api/get-city-weather/1
08-04 18:50:43.391 14743 15028 D Nappa   : -------------F1_SCORE #4 -----------
08-04 18:50:43.391 14743 15028 D Nappa   : F1_SCORE - Intercept list (4)= [https://project-travel-mate.herokuapp.com/api/get-user, https://project-travel-mate.herokuapp.com/api/get-all-cities/10, https://project-travel-mate.herokuapp.com/api/number-of-unread-notifications, https://project-travel-mate.herokuapp.com/api/get-city-weather/1]
08-04 18:50:43.391 14743 15028 D Nappa   : F1_SCORE - Prefetch list (0)= []
08-04 18:50:43.391 14743 15028 D Nappa   : F1_SCORE - TP list (0)= []
08-04 18:50:43.391 14743 15028 D Nappa   : F1_SCORE - FN list (4)= [https://project-travel-mate.herokuapp.com/api/get-user, https://project-travel-mate.herokuapp.com/api/get-all-cities/10, https://project-travel-mate.herokuapp.com/api/number-of-unread-notifications, https://project-travel-mate.herokuapp.com/api/get-city-weather/1]
08-04 18:50:43.391 14743 15029 D CustomInterceptor: NETWORK-PROVIDER https://project-travel-mate.herokuapp.com/api/get-city/1
08-04 18:50:43.391 14743 15028 I NAPPA_EXPERIMENTATION: MetricPrefetchingAccuracy: LOG_ID='5',F1_SCORE_1='0.0',F1_SCORE_2='0.0',TRUE_POSITIVE='0',FALSE_POSITIVE='0',FALSE_NEGATIVE='4',
08-04 18:50:43.391 14743 15028 D CustomInterceptor: HEADER REQUEST
08-04 18:50:43.391 14743 15029 D Nappa   : F1_SCORE add_intercept_url - (new) - https://project-travel-mate.herokuapp.com/api/get-city/1
08-04 18:50:43.391 14743 15028 D CustomInterceptor: Authorization Token e817cf733b7893037942a7dc5507f3c5a98408e6
08-04 18:50:43.391 14743 15029 D Nappa   : F1_SCORE add_fn_url - (new) - https://project-travel-mate.herokuapp.com/api/get-city/1
08-04 18:50:43.391 14743 15028 D CustomInterceptor: Cache-Control max-age=300, max-stale=300
08-04 18:50:43.391 14743 15029 D Nappa   : -------------F1_SCORE #5 -----------
08-04 18:50:43.391 14743 14743 D NappaLifecycleObserver: nappatfpr.io.github.project_travel_mate.destinations.description.FinalCityInfoActivity - onResume
08-04 18:50:43.391 14743 15028 D CustomInterceptor: CACHED STATS: size = '3', maxSize = '100', hitCount = '3', createCount = '0', putCount = '3', evictionCount = '0', missCount = '3', toString = 'LruCache[maxSize=100,hits=3,misses=3,hitRate=50%]', 
08-04 18:50:43.391 14743 15029 D Nappa   : F1_SCORE - Intercept list (5)= [https://project-travel-mate.herokuapp.com/api/get-user, https://project-travel-mate.herokuapp.com/api/get-all-cities/10, https://project-travel-mate.herokuapp.com/api/number-of-unread-notifications, https://project-travel-mate.herokuapp.com/api/get-city-weather/1, https://project-travel-mate.herokuapp.com/api/get-city/1]
08-04 18:50:43.391 14743 15028 D CustomInterceptor: PREFLIB NOT A GET REQUEST OR NOT IN CACHEGET
08-04 18:50:43.391 14743 14743 D Nappa   : setCurrentActivity - MetricStrategyAccuracy - 
08-04 18:50:43.391 14743 14743 D Nappa   : madePredictionFromActivity = true, 
08-04 18:50:43.391 14743 14743 D Nappa   : fromActivity = nappatfpr.io.github.project_travel_mate.MainActivity, 
08-04 18:50:43.391 14743 14743 D Nappa   : predictedNextActivityFromActivity = [], 
08-04 18:50:43.391 14743 14743 D Nappa   : activity.getClass().getCanonicalName() = nappatfpr.io.github.project_travel_mate.destinations.description.FinalCityInfoActivity, 
08-04 18:50:43.391 14743 15029 D Nappa   : F1_SCORE - Prefetch list (0)= []
08-04 18:50:43.391 14743 15029 D Nappa   : F1_SCORE - TP list (0)= []
08-04 18:50:43.391 14743 14743 D Nappa   : setCurrentActivity - MetricStrategyAccuracy - 
08-04 18:50:43.391 14743 14743 D Nappa   : madePredictionFromExtra = true, 
08-04 18:50:43.391 14743 14743 D Nappa   : fromActivity = nappatfpr.io.github.project_travel_mate.MainActivity, 
08-04 18:50:43.391 14743 14743 D Nappa   : predictedNextActivityFromExtra = [], 
08-04 18:50:43.391 14743 14743 D Nappa   : activity.getClass().getCanonicalName() = nappatfpr.io.github.project_travel_mate.destinations.description.FinalCityInfoActivity, 
08-04 18:50:43.392 14743 15029 D Nappa   : F1_SCORE - FN list (5)= [https://project-travel-mate.herokuapp.com/api/get-user, https://project-travel-mate.herokuapp.com/api/get-all-cities/10, https://project-travel-mate.herokuapp.com/api/number-of-unread-notifications, https://project-travel-mate.herokuapp.com/api/get-city-weather/1, https://project-travel-mate.herokuapp.com/api/get-city/1]
08-04 18:50:43.392 14743 14743 D Nappa   : PREFETCH_ON_EXTRA - setCurrentActivity - logs - from activity - made prediction istrue
08-04 18:50:43.392 14743 14743 D Nappa   : PREFETCH_ON_EXTRA - setCurrentActivity - logs - from activity - start
08-04 18:50:43.392 14743 15029 I NAPPA_EXPERIMENTATION: MetricPrefetchingAccuracy: LOG_ID='6',F1_SCORE_1='0.0',F1_SCORE_2='0.0',TRUE_POSITIVE='0',FALSE_POSITIVE='0',FALSE_NEGATIVE='5',
08-04 18:50:43.392 14743 15029 D CustomInterceptor: HEADER REQUEST
08-04 18:50:43.392 14743 15029 D CustomInterceptor: Authorization Token e817cf733b7893037942a7dc5507f3c5a98408e6
08-04 18:50:43.392 14743 15029 D CustomInterceptor: Cache-Control max-age=300, max-stale=300
08-04 18:50:43.392 14743 14743 I NAPPA_EXPERIMENTATION: MetricStrategyAccuracy: LOG_ID='1',EXECUTION_COUNT='2',CASES_COUNT='2',HIT_PERCENTAGE_TOTAL='0.0',HIT_PERCENTAGE_WHEN_PREDICTED='0.0',HIT_COUNT='0',MISS_COUNT='0',INSUFFICIENT_SCORE_COUNT='2',EXCEPTION_COUNT='0',NO_SUCCESSOR_COUNT='0',
08-04 18:50:43.392 14743 14743 D Nappa   : PREFETCH_ON_EXTRA - setCurrentActivity - logs - from activity- finished
08-04 18:50:43.392 14743 15029 D CustomInterceptor: CACHED STATS: size = '3', maxSize = '100', hitCount = '3', createCount = '0', putCount = '3', evictionCount = '0', missCount = '4', toString = 'LruCache[maxSize=100,hits=3,misses=4,hitRate=42%]', 
08-04 18:50:43.392 14743 15029 D CustomInterceptor: PREFLIB NOT A GET REQUEST OR NOT IN CACHEGET
08-04 18:50:43.443 14743 14810 I art     : Starting a blocking GC Explicit
08-04 18:50:43.473 14743 14810 I art     : Explicit concurrent mark sweep GC freed 11188(783KB) AllocSpace objects, 2(40KB) LOS objects, 31% free, 34MB/50MB, paused 632us total 29.154ms
08-04 18:50:43.485 14743 14810 I art     : Starting a blocking GC Explicit
08-04 18:50:43.491 14743 14764 D Nappa   : registerActivity: (already in) nappatfpr.io.github.project_travel_mate.MainActivity
08-04 18:50:43.491 14743 14764 D Nappa   : PARENTS 
08-04 18:50:43.491 14743 14764 D Nappa   : Of: nappatfpr.io.github.project_travel_mate.MainActivity -> 
08-04 18:50:43.491 14743 14764 D Nappa   : PARENTS nappatfpr.io.github.project_travel_mate.SplashActivity
08-04 18:50:43.492 14743 14743 D Nappa   : registerActivity: (already in) nappatfpr.io.github.project_travel_mate.destinations.description.FinalCityInfoActivity
08-04 18:50:43.492 14743 14743 D ActivityNode: ACTNODE UPDATING AFTER LOADING FROM DB
08-04 18:50:43.492 14743 14743 D ActivityGraph: LARDataCalculatedUpdate nappatfpr.io.github.project_travel_mate.destinations.description.FinalCityInfoActivity Pagerank: 0.25 HITS-Authority: 1.0 HITS-Hub: 1.0 SALSA-Authority: 1.0 SALSA-Hub: 1.0
08-04 18:50:43.492 14743 14743 D Nappa   : SHOULD_PREFETCH true
08-04 18:50:43.510 14743 14810 I art     : Explicit concurrent mark sweep GC freed 1014(54KB) AllocSpace objects, 0(0B) LOS objects, 31% free, 34MB/50MB, paused 572us total 24.577ms
08-04 18:50:43.522 14743 14810 I art     : Starting a blocking GC Explicit
08-04 18:50:43.548 14743 14810 I art     : Explicit concurrent mark sweep GC freed 30(1600B) AllocSpace objects, 0(0B) LOS objects, 31% free, 34MB/50MB, paused 577us total 26.578ms
08-04 18:50:43.560 14743 14810 I art     : Starting a blocking GC Explicit
08-04 18:50:43.587 14743 14810 I art     : Explicit concurrent mark sweep GC freed 3(96B) AllocSpace objects, 0(0B) LOS objects, 31% free, 34MB/50MB, paused 621us total 26.726ms
08-04 18:50:43.591 14743 14764 D Nappa   : registerActivity: (already in) nappatfpr.io.github.project_travel_mate.destinations.description.FinalCityInfoActivity
08-04 18:50:43.591 14743 14764 D Nappa   : PARENTS 
08-04 18:50:43.591 14743 14764 D Nappa   : Of: nappatfpr.io.github.project_travel_mate.destinations.description.FinalCityInfoActivity -> 
08-04 18:50:43.591 14743 14764 D Nappa   : PARENTS nappatfpr.io.github.project_travel_mate.MainActivity
08-04 18:50:43.592 14743 14764 D Nappa   : PARENTS has extra: (cityobject_, objects.City@f04e05c)
08-04 18:50:43.592 14743 14764 D Nappa   : PARENTS nappatfpr.io.github.project_travel_mate.SplashActivity
08-04 18:50:43.593 14743 14743 D Nappa   : registerActivity: (already in) nappatfpr.io.github.project_travel_mate.destinations.description.FinalCityInfoActivity
08-04 18:50:43.593 14743 14743 D Nappa   : SUCCESSORS nappatfpr.io.github.project_travel_mate.destinations.funfacts.FunFactsActivity
08-04 18:50:43.593 14743 14743 D Nappa   : SUCCESSORS nappatfpr.io.github.project_travel_mate.destinations.description.CityHistoryActivity
08-04 18:50:43.593 14743 14743 D Nappa   : STATS Number of requests not prefetched: 3
08-04 18:50:43.593 14743 14743 D Nappa   : STATS Number of requests prefetched: 0
08-04 18:50:43.593 14743 14743 D Nappa   : STATS Time saved until now: 0.0
08-04 18:50:43.597 14743 14743 D ActivityNode: Observer - intent extra - MainActivity
08-04 18:50:43.597 14743 14743 D ActivityNode: Extras:
08-04 18:50:43.597 14743 14743 D ActivityNode: 	activity ID 2( key cityobject_)
08-04 18:50:43.597 14743 14743 D ActivityNode: 	activity ID 2( key cityobject_)
08-04 18:50:43.597 14743 14743 D ActivityNode: 	activity ID 2( key cityobject_)
08-04 18:50:43.597 14743 14743 D ActivityNode: 	activity ID 2( key cityobject_)
08-04 18:50:43.597 14743 14743 D ActivityNode: 	activity ID 2( key cityobject_)
08-04 18:50:43.597 14743 14743 D ActivityNode: 	activity ID 2( key cityobject_)
08-04 18:50:43.597 14743 14743 D ActivityNode: 	activity ID 2( key cityobject_)
08-04 18:50:43.597 14743 14743 D ActivityNode: 	activity ID 2( key cityobject_)
08-04 18:50:43.597 14743 14743 D ActivityNode: 	activity ID 2( key cityobject_)
08-04 18:50:43.597 14743 14743 D ActivityNode: 	activity ID 2( key cityobject_)
08-04 18:50:43.597 14743 14743 D ActivityNode: 	activity ID 2( key cityobject_)
08-04 18:50:43.597 14743 14743 D ActivityNode: 	activity ID 2( key cityobject_)
08-04 18:50:43.597 14743 14743 D ActivityNode: 	activity ID 2( key cityobject_)
08-04 18:50:43.597 14743 14743 D ActivityNode: 	activity ID 2( key cityobject_)
08-04 18:50:43.597 14743 14743 D ActivityNode: 	activity ID 2( key cityobject_)
08-04 18:50:43.597 14743 14743 D ActivityNode: 	activity ID 2( key cityobject_)
08-04 18:50:43.597 14743 14743 D ActivityNode: 	activity ID 2( key cityobject_)
08-04 18:50:43.597 14743 14743 D ActivityNode: 	activity ID 2( key cityobject_)
08-04 18:50:43.597 14743 14743 D ActivityNode: 	activity ID 2( key cityobject_)
08-04 18:50:43.597 14743 14743 D ActivityNode: 	activity ID 2( key cityobject_)
08-04 18:50:43.597 14743 14743 D ActivityNode: Observer - intent extra - CityHistoryActivity
08-04 18:50:43.597 14743 14743 D ActivityNode: Extras:
08-04 18:50:43.597 14743 14743 D ActivityNode: Observer - intent extra - FunFactsActivity
08-04 18:50:43.597 14743 14743 D ActivityNode: Extras:
08-04 18:50:43.597 14743 14743 D ActivityNode: Observer - intent extra - ChecklistActivity
08-04 18:50:43.597 14743 14743 D ActivityNode: Extras:
08-04 18:50:43.597 14743 14743 D ActivityNode: Observer - intent extra - FinalCityInfoActivity
08-04 18:50:43.597 14743 14743 D ActivityNode: Extras:
08-04 18:50:43.597 14743 14743 D ActivityNode: 	activity ID 3( key cityobject_)
08-04 18:50:43.597 14743 14743 D ActivityNode: 	activity ID 3( key cityobject_)
08-04 18:50:43.597 14743 14743 D ActivityNode: 	activity ID 3( key cityobject_)
08-04 18:50:43.597 14743 14743 D ActivityNode: 	activity ID 3( key cityobject_)
08-04 18:50:43.597 14743 14743 D ActivityNode: 	activity ID 3( key cityobject_)
08-04 18:50:43.597 14743 14743 D ActivityNode: 	activity ID 3( key cityobject_)
08-04 18:50:43.597 14743 14743 D ActivityNode: 	activity ID 3( key cityobject_)
08-04 18:50:43.597 14743 14743 D ActivityNode: 	activity ID 3( key cityobject_)
08-04 18:50:43.597 14743 14743 D ActivityNode: 	activity ID 3( key cityobject_)
08-04 18:50:43.597 14743 14743 D ActivityNode: 	activity ID 3( key cityobject_)
08-04 18:50:43.597 14743 14743 D ActivityNode: 	activity ID 3( key cityobject_)
08-04 18:50:43.597 14743 14743 D ActivityNode: 	activity ID 3( key cityobject_)
08-04 18:50:43.597 14743 14743 D ActivityNode: 	activity ID 3( key cityobject_)
08-04 18:50:43.597 14743 14743 D ActivityNode: 	activity ID 3( key cityobject_)
08-04 18:50:43.597 14743 14743 D ActivityNode: 	activity ID 3( key cityobject_)
08-04 18:50:43.597 14743 14743 D ActivityNode: 	activity ID 3( key cityobject_)
08-04 18:50:43.597 14743 14743 D ActivityNode: 	activity ID 3( key cityobject_)
08-04 18:50:43.597 14743 14743 D ActivityNode: 	activity ID 3( key cityobject_)
08-04 18:50:43.597 14743 14743 D ActivityNode: Observer - intent extra - CompassActivity
08-04 18:50:43.597 14743 14743 D ActivityNode: Extras:
08-04 18:50:43.597 14743 14743 D ActivityNode: Observer - intent extra - UpcomingWeekendsActivity
08-04 18:50:43.597 14743 14743 D ActivityNode: Extras:
08-04 18:50:43.597 14743 14743 D ActivityNode: Observer - intent extra - NotificationsActivity
08-04 18:50:43.597 14743 14743 D ActivityNode: Extras:
08-04 18:50:43.600 14743 14810 I art     : Starting a blocking GC Explicit
08-04 18:50:43.625 14743 14810 I art     : Explicit concurrent mark sweep GC freed 726(49KB) AllocSpace objects, 0(0B) LOS objects, 31% free, 34MB/50MB, paused 599us total 24.243ms
08-04 18:50:43.648 14743 14743 D ActivityNode: Observer - successor visit time - MainActivity - Updating the visit time from the successors list:
