--------- beginning of main
08-05 19:40:13.566 20269 20269 D AndroidRuntime: >>>>>> START com.android.internal.os.RuntimeInit uid 2000 <<<<<<
08-05 19:40:13.573 20269 20269 D AndroidRuntime: CheckJNI is OFF
08-05 19:40:13.604 20269 20269 D ICU     : No timezone override file found: /data/misc/zoneinfo/current/icu/icu_tzdata.dat
08-05 19:40:13.638 20269 20269 I Radio-JNI: register_android_hardware_Radio DONE
08-05 19:40:13.657 20269 20269 D AndroidRuntime: Calling main entry com.android.commands.monkey.Monkey
--------- beginning of system
08-05 19:40:13.676   918   931 W BroadcastQueue: Skipping deliver [background] BroadcastRecord{648c8f6 u-1 android.net.conn.CONNECTIVITY_CHANGE} to ReceiverList{8467f64 20269 (unknown name)/2000/u-1 remote:ca31fb8}: process crashing
08-05 19:40:13.687   918  3714 I ActivityManager: START u0 {act=android.intent.action.MAIN cat=[android.intent.category.LAUNCHER] flg=0x10200000 cmp=nappagreedy.appteam.nith.hillffair/.activities.SplashActivity} from uid 2000 on display 0
08-05 19:40:13.720 20278 20278 I art     : Late-enabling -Xcheck:jni
08-05 19:40:13.722   918  5952 I ActivityManager: Start proc 20278:nappagreedy.appteam.nith.hillffair/u0a678 for activity nappagreedy.appteam.nith.hillffair/.activities.SplashActivity
08-05 19:40:13.729 20269 20269 I art     : System.exit called, status: 0
08-05 19:40:13.729 20269 20269 I AndroidRuntime: VM exiting with result code 0.
08-05 19:40:13.796 16458 11127 I PBSessionCacheImpl: Deleted sessionId[72384646105454640] from persistence.
08-05 19:40:13.803 16458 16488 W SearchServiceCore: Abort, client detached.
08-05 19:40:13.804 16458 16488 I MicroDetectionState: Should stop hotword detection immediately - true
08-05 19:40:13.804 20278 20278 W System  : ClassLoader referenced unknown path: /data/app/nappagreedy.appteam.nith.hillffair-1/lib/arm64
08-05 19:40:13.919 20278 20278 W OneSignal: GCM Library detected, please upgrade to Firebase FCM library as GCM is deprecated!
08-05 19:40:14.025 20278 20278 W art     : Before Android 4.1, method android.graphics.PorterDuffColorFilter androidx.vectordrawable.graphics.drawable.VectorDrawableCompat.updateTintFilter(android.graphics.PorterDuffColorFilter, android.content.res.ColorStateList, android.graphics.PorterDuff$Mode) would have incorrectly overridden the package-private method in android.graphics.drawable.Drawable
08-05 19:40:14.059 20278 20278 D Nappa   : Selected prefetching strategy STRATEGY_GREEDY_VISIT_FREQUENCY_AND_TIME
08-05 19:40:14.092 20278 20302 D Nappa   : Updating activity map nappagreedy.appteam.nith.hillffair.activities.SplashActivity: 1
08-05 19:40:14.092 20278 20302 D Nappa   : Updating activity map nappagreedy.appteam.nith.hillffair.activities.HomeActivity: 2
08-05 19:40:14.092 20278 20302 D Nappa   : Updating activity map nappagreedy.appteam.nith.hillffair.activities.BattleDayActivity: 3
08-05 19:40:14.092 20278 20302 D Nappa   : Updating activity map nappagreedy.appteam.nith.hillffair.activities.ClubActivity: 4
08-05 19:40:14.092 20278 20302 D Nappa   : Updating activity map nappagreedy.appteam.nith.hillffair.activities.QuizActivity: 5
08-05 19:40:14.092 20278 20302 D Nappa   : Updating activity map nappagreedy.appteam.nith.hillffair.activities.LeaderBoardActivity: 6
08-05 19:40:14.092 20278 20302 D Nappa   : Updating activity map nappagreedy.appteam.nith.hillffair.activities.InformationActivity: 7
08-05 19:40:14.092 20278 20302 D Nappa   : Updating activity map nappagreedy.appteam.nith.hillffair.activities.EventActivity: 8
08-05 19:40:14.093 20278 20302 D ActivityGraph: ACT_GRAPH initNodes() fired for node: nappagreedy.appteam.nith.hillffair.activities.SplashActivity
08-05 19:40:14.194 20278 20302 D Nappa   : registerActivity: (already in) nappagreedy.appteam.nith.hillffair.activities.SplashActivity
08-05 19:40:14.200 20278 20302 D ActivityGraph: LARDataInitFetchDB nappagreedy.appteam.nith.hillffair.activities.SplashActivity Pagerank: 0.25 HITS-Authority: 1.0 HITS-Hub: 1.0 SALSA-Authority: 1.0 SALSA-Hub: 1.0
08-05 19:40:14.200 20278 20302 D ActivityGraph: LARDataInit node nappagreedy.appteam.nith.hillffair.activities.SplashActivity added to nodeList
08-05 19:40:14.204 20278 20302 D ActivityGraph: ACT_GRAPH Edges size: 1
08-05 19:40:14.295 20278 20310 W GCM     : GCM SDK is deprecated, nappagreedy.appteam.nith.hillffair should update to use FCM
08-05 19:40:14.305 20278 20302 D Nappa   : registerActivity: (already in) nappagreedy.appteam.nith.hillffair.activities.HomeActivity
08-05 19:40:14.306 20278 20302 D ActivityGraph: LARDataInitFetchDB nappagreedy.appteam.nith.hillffair.activities.SplashActivity Pagerank: 0.25 HITS-Authority: 1.0 HITS-Hub: 1.0 SALSA-Authority: 1.0 SALSA-Hub: 1.0 loaded following an edge
08-05 19:40:14.306 20278 20302 D ActivityGraph: ACT_GRAPH does not contain temp2
08-05 19:40:14.306 20278 20302 D ActivityGraph: LARDataInit node nappagreedy.appteam.nith.hillffair.activities.HomeActivity added to nodeList from edge
08-05 19:40:14.307 20278 20302 D ActivityGraph: ACT_GRAPH adding successors: nappagreedy.appteam.nith.hillffair.activities.SplashActivity -> nappagreedy.appteam.nith.hillffair.activities.HomeActivity
08-05 19:40:14.307 20278 20302 D FetchActivityLiveDataInfoHandler: activity  = SplashActivity
08-05 19:40:14.307 20278 20302 D FetchActivityLiveDataInfoHandler: shouldSetSessionAggregateLiveData  = true
08-05 19:40:14.308 20278 20311 D Nappa   : {nappagreedy.appteam.nith.hillffair.activities.QuizActivity=5, nappagreedy.appteam.nith.hillffair.activities.HomeActivity=2, nappagreedy.appteam.nith.hillffair.activities.ClubActivity=4, nappagreedy.appteam.nith.hillffair.activities.LeaderBoardActivity=6, nappagreedy.appteam.nith.hillffair.activities.InformationActivity=7, nappagreedy.appteam.nith.hillffair.activities.BattleDayActivity=3, nappagreedy.appteam.nith.hillffair.activities.EventActivity=8, nappagreedy.appteam.nith.hillffair.activities.SplashActivity=1}
08-05 19:40:14.308 20278 20302 D FetchActivityLiveDataInfoHandler: need/shouldSetSuccessorVisitTime  = true - true
08-05 19:40:14.308 20278 20302 D FetchActivityLiveDataInfoHandler: need/shouldSetSuccessorVisitTime  = false - true
08-05 19:40:14.308 20278 20302 D FetchActivityLiveDataInfoHandler: shouldSetUrlCandidateDbLiveDataLiveData  = true
08-05 19:40:14.308 20278 20302 D FetchActivityLiveDataInfoHandler: shouldSetActivityExtraLiveData  = true
08-05 19:40:14.309 20278 20304 D FetchSessionDataRunnable: SplashActivity Fetching session data for LAST_N_SESSIONS_FROM_ENTITY_SESSION
08-05 19:40:14.312 20278 20304 D FetchVisitTimeRunnable: SplashActivity Fetching session data for LAST_N_SESSIONS_FROM_ENTITY_SESSION
08-05 19:40:14.314 20278 20304 D FetchUrlCandidateRunnable: SplashActivity Fetching URL candidates
08-05 19:40:14.316 20278 20304 D FetchIntentExtraRunnable: SplashActivity Fetching intent extras
08-05 19:40:14.318 20278 20302 D ActivityGraph: ACT_GRAPH initNodes() fired for node: nappagreedy.appteam.nith.hillffair.activities.HomeActivity
08-05 19:40:14.351 24365 17236 W Conscrypt: Could not set socket write timeout: java.net.SocketException: Socket closed
08-05 19:40:14.351 24365 17236 E art     : invalid stream - problem with parameter iterator in /data/app/com.google.android.gms-2/base.apk:classes3.dex for method void com.google.android.gms.org.conscrypt.ConscryptFileDescriptorSocket.setSoWriteTimeout(int)
08-05 19:40:14.352 24365 17236 W Conscrypt: 	at com.google.android.gms.org.conscrypt.Platform.setSocketWriteTimeout(:com.google.android.gms@202614019@20.26.14 (040400-320008519):2)
08-05 19:40:14.352 24365 17236 W Conscrypt: 	at com.google.android.gms.org.conscrypt.ConscryptFileDescriptorSocket.setSoWriteTimeout(:com.google.android.gms@202614019@20.26.14 (040400-320008519))
08-05 19:40:14.366 24365 17236 W Conscrypt: Could not set socket write timeout: java.net.SocketException: Socket closed
08-05 19:40:14.366 24365 17236 E art     : invalid stream - problem with parameter iterator in /data/app/com.google.android.gms-2/base.apk:classes3.dex for method void com.google.android.gms.org.conscrypt.ConscryptFileDescriptorSocket.setSoWriteTimeout(int)
08-05 19:40:14.366 24365 17236 W Conscrypt: 	at com.google.android.gms.org.conscrypt.Platform.setSocketWriteTimeout(:com.google.android.gms@202614019@20.26.14 (040400-320008519):2)
08-05 19:40:14.366 24365 17236 W Conscrypt: 	at com.google.android.gms.org.conscrypt.ConscryptFileDescriptorSocket.setSoWriteTimeout(:com.google.android.gms@202614019@20.26.14 (040400-320008519))
08-05 19:40:14.418 20278 20302 D Nappa   : registerActivity: (already in) nappagreedy.appteam.nith.hillffair.activities.HomeActivity
08-05 19:40:14.419 20278 20302 D ActivityGraph: LARDataInitFetchDB nappagreedy.appteam.nith.hillffair.activities.HomeActivity Pagerank: 0.25 HITS-Authority: 1.0 HITS-Hub: 1.0 SALSA-Authority: 1.0 SALSA-Hub: 1.0
08-05 19:40:14.419 20278 20302 D ActivityGraph: LARDataInit already in nodeList
08-05 19:40:14.420 20278 20302 D ActivityGraph: ACT_GRAPH Edges size: 3
08-05 19:40:14.424 24365 17236 W Conscrypt: Could not set socket write timeout: java.net.SocketException: Socket closed
08-05 19:40:14.424 24365 17236 E art     : invalid stream - problem with parameter iterator in /data/app/com.google.android.gms-2/base.apk:classes3.dex for method void com.google.android.gms.org.conscrypt.ConscryptFileDescriptorSocket.setSoWriteTimeout(int)
08-05 19:40:14.424 24365 17236 W Conscrypt: 	at com.google.android.gms.org.conscrypt.Platform.setSocketWriteTimeout(:com.google.android.gms@202614019@20.26.14 (040400-320008519):2)
08-05 19:40:14.424 24365 17236 W Conscrypt: 	at com.google.android.gms.org.conscrypt.ConscryptFileDescriptorSocket.setSoWriteTimeout(:com.google.android.gms@202614019@20.26.14 (040400-320008519))
08-05 19:40:14.440 24365 17236 W Conscrypt: Could not set socket write timeout: java.net.SocketException: Socket closed
08-05 19:40:14.441 24365 17236 E art     : invalid stream - problem with parameter iterator in /data/app/com.google.android.gms-2/base.apk:classes3.dex for method void com.google.android.gms.org.conscrypt.ConscryptFileDescriptorSocket.setSoWriteTimeout(int)
08-05 19:40:14.441 24365 17236 W Conscrypt: 	at com.google.android.gms.org.conscrypt.Platform.setSocketWriteTimeout(:com.google.android.gms@202614019@20.26.14 (040400-320008519):2)
08-05 19:40:14.441 24365 17236 W Conscrypt: 	at com.google.android.gms.org.conscrypt.ConscryptFileDescriptorSocket.setSoWriteTimeout(:com.google.android.gms@202614019@20.26.14 (040400-320008519))
08-05 19:40:14.520 20278 20302 D Nappa   : registerActivity: (already in) nappagreedy.appteam.nith.hillffair.activities.BattleDayActivity
08-05 19:40:14.521 20278 20302 D ActivityGraph: LARDataInitFetchDB nappagreedy.appteam.nith.hillffair.activities.HomeActivity Pagerank: 0.25 HITS-Authority: 1.0 HITS-Hub: 1.0 SALSA-Authority: 1.0 SALSA-Hub: 1.0 loaded following an edge
08-05 19:40:14.521 20278 20302 D ActivityGraph: ACT_GRAPH does not contain temp2
08-05 19:40:14.521 20278 20302 D ActivityGraph: LARDataInit node nappagreedy.appteam.nith.hillffair.activities.BattleDayActivity added to nodeList from edge
08-05 19:40:14.521 20278 20302 D ActivityGraph: ACT_GRAPH adding successors: nappagreedy.appteam.nith.hillffair.activities.HomeActivity -> nappagreedy.appteam.nith.hillffair.activities.BattleDayActivity
08-05 19:40:14.522 20278 20311 D Nappa   : {nappagreedy.appteam.nith.hillffair.activities.QuizActivity=5, nappagreedy.appteam.nith.hillffair.activities.HomeActivity=2, nappagreedy.appteam.nith.hillffair.activities.ClubActivity=4, nappagreedy.appteam.nith.hillffair.activities.LeaderBoardActivity=6, nappagreedy.appteam.nith.hillffair.activities.InformationActivity=7, nappagreedy.appteam.nith.hillffair.activities.BattleDayActivity=3, nappagreedy.appteam.nith.hillffair.activities.EventActivity=8, nappagreedy.appteam.nith.hillffair.activities.SplashActivity=1}
08-05 19:40:14.622 20278 20302 D Nappa   : registerActivity: (already in) nappagreedy.appteam.nith.hillffair.activities.QuizActivity
08-05 19:40:14.622 20278 20302 D ActivityGraph: LARDataInitFetchDB nappagreedy.appteam.nith.hillffair.activities.HomeActivity Pagerank: 0.25 HITS-Authority: 1.0 HITS-Hub: 1.0 SALSA-Authority: 1.0 SALSA-Hub: 1.0 loaded following an edge
08-05 19:40:14.622 20278 20302 D ActivityGraph: ACT_GRAPH does not contain temp2
08-05 19:40:14.622 20278 20302 D ActivityGraph: LARDataInit node nappagreedy.appteam.nith.hillffair.activities.QuizActivity added to nodeList from edge
08-05 19:40:14.622 20278 20302 D ActivityGraph: ACT_GRAPH adding successors: nappagreedy.appteam.nith.hillffair.activities.HomeActivity -> nappagreedy.appteam.nith.hillffair.activities.QuizActivity
08-05 19:40:14.623 20278 20311 D Nappa   : {nappagreedy.appteam.nith.hillffair.activities.QuizActivity=5, nappagreedy.appteam.nith.hillffair.activities.HomeActivity=2, nappagreedy.appteam.nith.hillffair.activities.ClubActivity=4, nappagreedy.appteam.nith.hillffair.activities.LeaderBoardActivity=6, nappagreedy.appteam.nith.hillffair.activities.InformationActivity=7, nappagreedy.appteam.nith.hillffair.activities.BattleDayActivity=3, nappagreedy.appteam.nith.hillffair.activities.EventActivity=8, nappagreedy.appteam.nith.hillffair.activities.SplashActivity=1}
08-05 19:40:14.723 20278 20302 D Nappa   : registerActivity: (already in) nappagreedy.appteam.nith.hillffair.activities.EventActivity
08-05 19:40:14.724 20278 20302 D ActivityGraph: LARDataInitFetchDB nappagreedy.appteam.nith.hillffair.activities.HomeActivity Pagerank: 0.25 HITS-Authority: 1.0 HITS-Hub: 1.0 SALSA-Authority: 1.0 SALSA-Hub: 1.0 loaded following an edge
08-05 19:40:14.724 20278 20302 D ActivityGraph: ACT_GRAPH does not contain temp2
08-05 19:40:14.724 20278 20302 D ActivityGraph: LARDataInit node nappagreedy.appteam.nith.hillffair.activities.EventActivity added to nodeList from edge
08-05 19:40:14.724 20278 20302 D ActivityGraph: ACT_GRAPH adding successors: nappagreedy.appteam.nith.hillffair.activities.HomeActivity -> nappagreedy.appteam.nith.hillffair.activities.EventActivity
08-05 19:40:14.724 20278 20302 D FetchActivityLiveDataInfoHandler: activity  = HomeActivity
08-05 19:40:14.724 20278 20302 D FetchActivityLiveDataInfoHandler: shouldSetSessionAggregateLiveData  = true
08-05 19:40:14.724 20278 20302 D FetchActivityLiveDataInfoHandler: need/shouldSetSuccessorVisitTime  = true - true
08-05 19:40:14.724 20278 20302 D FetchActivityLiveDataInfoHandler: need/shouldSetSuccessorVisitTime  = false - true
08-05 19:40:14.724 20278 20302 D FetchActivityLiveDataInfoHandler: shouldSetUrlCandidateDbLiveDataLiveData  = true
08-05 19:40:14.725 20278 20302 D FetchActivityLiveDataInfoHandler: shouldSetActivityExtraLiveData  = true
08-05 19:40:14.725 20278 20304 D FetchSessionDataRunnable: HomeActivity Fetching session data for LAST_N_SESSIONS_FROM_ENTITY_SESSION
08-05 19:40:14.725 20278 20304 D FetchVisitTimeRunnable: HomeActivity Fetching session data for LAST_N_SESSIONS_FROM_ENTITY_SESSION
08-05 19:40:14.726 20278 20304 D FetchUrlCandidateRunnable: HomeActivity Fetching URL candidates
08-05 19:40:14.726 20278 20304 D FetchIntentExtraRunnable: HomeActivity Fetching intent extras
08-05 19:40:14.727 20278 20302 D ActivityGraph: ACT_GRAPH initNodes() fired for node: nappagreedy.appteam.nith.hillffair.activities.BattleDayActivity
08-05 19:40:14.728 20278 20311 D Nappa   : {nappagreedy.appteam.nith.hillffair.activities.QuizActivity=5, nappagreedy.appteam.nith.hillffair.activities.HomeActivity=2, nappagreedy.appteam.nith.hillffair.activities.ClubActivity=4, nappagreedy.appteam.nith.hillffair.activities.LeaderBoardActivity=6, nappagreedy.appteam.nith.hillffair.activities.InformationActivity=7, nappagreedy.appteam.nith.hillffair.activities.BattleDayActivity=3, nappagreedy.appteam.nith.hillffair.activities.EventActivity=8, nappagreedy.appteam.nith.hillffair.activities.SplashActivity=1}
08-05 19:40:14.827 20278 20302 D Nappa   : registerActivity: (already in) nappagreedy.appteam.nith.hillffair.activities.BattleDayActivity
08-05 19:40:14.829 20278 20302 D ActivityGraph: LARDataInitFetchDB nappagreedy.appteam.nith.hillffair.activities.BattleDayActivity Pagerank: 0.25 HITS-Authority: 1.0 HITS-Hub: 1.0 SALSA-Authority: 1.0 SALSA-Hub: 1.0
08-05 19:40:14.829 20278 20302 D ActivityGraph: LARDataInit already in nodeList
08-05 19:40:14.830 20278 20302 D ActivityGraph: ACT_GRAPH Edges size: 1
08-05 19:40:14.930 20278 20302 D Nappa   : registerActivity: (already in) nappagreedy.appteam.nith.hillffair.activities.ClubActivity
08-05 19:40:14.932 20278 20302 D ActivityGraph: LARDataInitFetchDB nappagreedy.appteam.nith.hillffair.activities.BattleDayActivity Pagerank: 0.25 HITS-Authority: 1.0 HITS-Hub: 1.0 SALSA-Authority: 1.0 SALSA-Hub: 1.0 loaded following an edge
08-05 19:40:14.932 20278 20302 D ActivityGraph: ACT_GRAPH does not contain temp2
08-05 19:40:14.932 20278 20302 D ActivityGraph: LARDataInit node nappagreedy.appteam.nith.hillffair.activities.ClubActivity added to nodeList from edge
08-05 19:40:14.932 20278 20302 D ActivityGraph: ACT_GRAPH adding successors: nappagreedy.appteam.nith.hillffair.activities.BattleDayActivity -> nappagreedy.appteam.nith.hillffair.activities.ClubActivity
08-05 19:40:14.932 20278 20302 D FetchActivityLiveDataInfoHandler: activity  = BattleDayActivity
08-05 19:40:14.932 20278 20311 D Nappa   : {nappagreedy.appteam.nith.hillffair.activities.QuizActivity=5, nappagreedy.appteam.nith.hillffair.activities.HomeActivity=2, nappagreedy.appteam.nith.hillffair.activities.ClubActivity=4, nappagreedy.appteam.nith.hillffair.activities.LeaderBoardActivity=6, nappagreedy.appteam.nith.hillffair.activities.InformationActivity=7, nappagreedy.appteam.nith.hillffair.activities.BattleDayActivity=3, nappagreedy.appteam.nith.hillffair.activities.EventActivity=8, nappagreedy.appteam.nith.hillffair.activities.SplashActivity=1}
08-05 19:40:14.932 20278 20302 D FetchActivityLiveDataInfoHandler: shouldSetSessionAggregateLiveData  = true
08-05 19:40:14.933 20278 20302 D FetchActivityLiveDataInfoHandler: need/shouldSetSuccessorVisitTime  = true - true
08-05 19:40:14.933 20278 20302 D FetchActivityLiveDataInfoHandler: need/shouldSetSuccessorVisitTime  = false - true
08-05 19:40:14.933 20278 20302 D FetchActivityLiveDataInfoHandler: shouldSetUrlCandidateDbLiveDataLiveData  = true
08-05 19:40:14.933 20278 20302 D FetchActivityLiveDataInfoHandler: shouldSetActivityExtraLiveData  = true
08-05 19:40:14.933 20278 20304 D FetchSessionDataRunnable: BattleDayActivity Fetching session data for LAST_N_SESSIONS_FROM_ENTITY_SESSION
08-05 19:40:14.934 20278 20304 D FetchVisitTimeRunnable: BattleDayActivity Fetching session data for LAST_N_SESSIONS_FROM_ENTITY_SESSION
08-05 19:40:14.934 20278 20304 D FetchUrlCandidateRunnable: BattleDayActivity Fetching URL candidates
08-05 19:40:14.935 20278 20304 D FetchIntentExtraRunnable: BattleDayActivity Fetching intent extras
08-05 19:40:14.935 20278 20302 D ActivityGraph: ACT_GRAPH initNodes() fired for node: nappagreedy.appteam.nith.hillffair.activities.ClubActivity
08-05 19:40:15.035 20278 20302 D Nappa   : registerActivity: (already in) nappagreedy.appteam.nith.hillffair.activities.ClubActivity
08-05 19:40:15.036 20278 20302 D ActivityGraph: LARDataInitFetchDB nappagreedy.appteam.nith.hillffair.activities.ClubActivity Pagerank: 0.25 HITS-Authority: 1.0 HITS-Hub: 1.0 SALSA-Authority: 1.0 SALSA-Hub: 1.0
08-05 19:40:15.036 20278 20302 D ActivityGraph: LARDataInit already in nodeList
08-05 19:40:15.037 20278 20302 D ActivityGraph: ACT_GRAPH Edges size: 0
08-05 19:40:15.037 20278 20302 D FetchActivityLiveDataInfoHandler: activity  = ClubActivity
08-05 19:40:15.037 20278 20302 D FetchActivityLiveDataInfoHandler: shouldSetSessionAggregateLiveData  = true
08-05 19:40:15.037 20278 20302 D FetchActivityLiveDataInfoHandler: need/shouldSetSuccessorVisitTime  = true - true
08-05 19:40:15.037 20278 20302 D FetchActivityLiveDataInfoHandler: need/shouldSetSuccessorVisitTime  = false - true
08-05 19:40:15.037 20278 20302 D FetchActivityLiveDataInfoHandler: shouldSetUrlCandidateDbLiveDataLiveData  = true
08-05 19:40:15.037 20278 20302 D FetchActivityLiveDataInfoHandler: shouldSetActivityExtraLiveData  = true
08-05 19:40:15.038 20278 20304 D FetchSessionDataRunnable: ClubActivity Fetching session data for LAST_N_SESSIONS_FROM_ENTITY_SESSION
08-05 19:40:15.038 20278 20304 D FetchVisitTimeRunnable: ClubActivity Fetching session data for LAST_N_SESSIONS_FROM_ENTITY_SESSION
08-05 19:40:15.038 20278 20304 D FetchUrlCandidateRunnable: ClubActivity Fetching URL candidates
08-05 19:40:15.038 20278 20304 D FetchIntentExtraRunnable: ClubActivity Fetching intent extras
08-05 19:40:15.038 20278 20302 D ActivityGraph: ACT_GRAPH initNodes() fired for node: nappagreedy.appteam.nith.hillffair.activities.QuizActivity
08-05 19:40:15.039 17695 17695 I ServiceManager: Waiting for service AtCmdFwd...
08-05 19:40:15.139 20278 20302 D Nappa   : registerActivity: (already in) nappagreedy.appteam.nith.hillffair.activities.QuizActivity
08-05 19:40:15.140 20278 20302 D ActivityGraph: LARDataInitFetchDB nappagreedy.appteam.nith.hillffair.activities.QuizActivity Pagerank: 0.25 HITS-Authority: 1.0 HITS-Hub: 1.0 SALSA-Authority: 1.0 SALSA-Hub: 1.0
08-05 19:40:15.140 20278 20302 D ActivityGraph: LARDataInit already in nodeList
08-05 19:40:15.141 20278 20302 D ActivityGraph: ACT_GRAPH Edges size: 2
08-05 19:40:15.242 20278 20302 D Nappa   : registerActivity: (already in) nappagreedy.appteam.nith.hillffair.activities.LeaderBoardActivity
08-05 19:40:15.244 20278 20302 D ActivityGraph: LARDataInitFetchDB nappagreedy.appteam.nith.hillffair.activities.QuizActivity Pagerank: 0.25 HITS-Authority: 1.0 HITS-Hub: 1.0 SALSA-Authority: 1.0 SALSA-Hub: 1.0 loaded following an edge
08-05 19:40:15.244 20278 20302 D ActivityGraph: ACT_GRAPH does not contain temp2
08-05 19:40:15.244 20278 20302 D ActivityGraph: LARDataInit node nappagreedy.appteam.nith.hillffair.activities.LeaderBoardActivity added to nodeList from edge
08-05 19:40:15.244 20278 20302 D ActivityGraph: ACT_GRAPH adding successors: nappagreedy.appteam.nith.hillffair.activities.QuizActivity -> nappagreedy.appteam.nith.hillffair.activities.LeaderBoardActivity
08-05 19:40:15.245 20278 20311 D Nappa   : {nappagreedy.appteam.nith.hillffair.activities.QuizActivity=5, nappagreedy.appteam.nith.hillffair.activities.HomeActivity=2, nappagreedy.appteam.nith.hillffair.activities.ClubActivity=4, nappagreedy.appteam.nith.hillffair.activities.LeaderBoardActivity=6, nappagreedy.appteam.nith.hillffair.activities.InformationActivity=7, nappagreedy.appteam.nith.hillffair.activities.BattleDayActivity=3, nappagreedy.appteam.nith.hillffair.activities.EventActivity=8, nappagreedy.appteam.nith.hillffair.activities.SplashActivity=1}
08-05 19:40:15.345 20278 20302 D Nappa   : registerActivity: (already in) nappagreedy.appteam.nith.hillffair.activities.InformationActivity
08-05 19:40:15.346 20278 20302 D ActivityGraph: LARDataInitFetchDB nappagreedy.appteam.nith.hillffair.activities.QuizActivity Pagerank: 0.25 HITS-Authority: 1.0 HITS-Hub: 1.0 SALSA-Authority: 1.0 SALSA-Hub: 1.0 loaded following an edge
08-05 19:40:15.347 20278 20302 D ActivityGraph: ACT_GRAPH does not contain temp2
08-05 19:40:15.347 20278 20302 D ActivityGraph: LARDataInit node nappagreedy.appteam.nith.hillffair.activities.InformationActivity added to nodeList from edge
08-05 19:40:15.347 20278 20302 D ActivityGraph: ACT_GRAPH adding successors: nappagreedy.appteam.nith.hillffair.activities.QuizActivity -> nappagreedy.appteam.nith.hillffair.activities.InformationActivity
08-05 19:40:15.347 20278 20302 D FetchActivityLiveDataInfoHandler: activity  = QuizActivity
08-05 19:40:15.347 20278 20302 D FetchActivityLiveDataInfoHandler: shouldSetSessionAggregateLiveData  = true
08-05 19:40:15.347 20278 20302 D FetchActivityLiveDataInfoHandler: need/shouldSetSuccessorVisitTime  = true - true
08-05 19:40:15.347 20278 20302 D FetchActivityLiveDataInfoHandler: need/shouldSetSuccessorVisitTime  = false - true
08-05 19:40:15.347 20278 20302 D FetchActivityLiveDataInfoHandler: shouldSetUrlCandidateDbLiveDataLiveData  = true
08-05 19:40:15.347 20278 20302 D FetchActivityLiveDataInfoHandler: shouldSetActivityExtraLiveData  = true
08-05 19:40:15.347 20278 20311 D Nappa   : {nappagreedy.appteam.nith.hillffair.activities.QuizActivity=5, nappagreedy.appteam.nith.hillffair.activities.HomeActivity=2, nappagreedy.appteam.nith.hillffair.activities.ClubActivity=4, nappagreedy.appteam.nith.hillffair.activities.LeaderBoardActivity=6, nappagreedy.appteam.nith.hillffair.activities.InformationActivity=7, nappagreedy.appteam.nith.hillffair.activities.BattleDayActivity=3, nappagreedy.appteam.nith.hillffair.activities.EventActivity=8, nappagreedy.appteam.nith.hillffair.activities.SplashActivity=1}
08-05 19:40:15.348 20278 20304 D FetchSessionDataRunnable: QuizActivity Fetching session data for LAST_N_SESSIONS_FROM_ENTITY_SESSION
08-05 19:40:15.348 20278 20304 D FetchVisitTimeRunnable: QuizActivity Fetching session data for LAST_N_SESSIONS_FROM_ENTITY_SESSION
08-05 19:40:15.348 20278 20304 D FetchUrlCandidateRunnable: QuizActivity Fetching URL candidates
08-05 19:40:15.349 20278 20304 D FetchIntentExtraRunnable: QuizActivity Fetching intent extras
08-05 19:40:15.349 20278 20302 D ActivityGraph: ACT_GRAPH initNodes() fired for node: nappagreedy.appteam.nith.hillffair.activities.LeaderBoardActivity
08-05 19:40:15.356 20327 20327 D AndroidRuntime: >>>>>> START com.android.internal.os.RuntimeInit uid 2000 <<<<<<
08-05 19:40:15.362 20327 20327 D AndroidRuntime: CheckJNI is OFF
08-05 19:40:15.393 20327 20327 D ICU     : No timezone override file found: /data/misc/zoneinfo/current/icu/icu_tzdata.dat
08-05 19:40:15.426 20327 20327 I Radio-JNI: register_android_hardware_Radio DONE
08-05 19:40:15.444 20327 20327 D AndroidRuntime: Calling main entry com.android.commands.am.Am
08-05 19:40:15.449 20278 20302 D Nappa   : registerActivity: (already in) nappagreedy.appteam.nith.hillffair.activities.LeaderBoardActivity
08-05 19:40:15.450 20278 20302 D ActivityGraph: LARDataInitFetchDB nappagreedy.appteam.nith.hillffair.activities.LeaderBoardActivity Pagerank: 0.25 HITS-Authority: 1.0 HITS-Hub: 1.0 SALSA-Authority: 1.0 SALSA-Hub: 1.0
08-05 19:40:15.450 20278 20302 D ActivityGraph: LARDataInit already in nodeList
08-05 19:40:15.450 20278 20302 D ActivityGraph: ACT_GRAPH Edges size: 0
08-05 19:40:15.450 20278 20302 D FetchActivityLiveDataInfoHandler: activity  = LeaderBoardActivity
08-05 19:40:15.450 20278 20302 D FetchActivityLiveDataInfoHandler: shouldSetSessionAggregateLiveData  = true
08-05 19:40:15.450 20278 20302 D FetchActivityLiveDataInfoHandler: need/shouldSetSuccessorVisitTime  = true - true
08-05 19:40:15.450 20278 20302 D FetchActivityLiveDataInfoHandler: need/shouldSetSuccessorVisitTime  = false - true
08-05 19:40:15.450 20278 20302 D FetchActivityLiveDataInfoHandler: shouldSetUrlCandidateDbLiveDataLiveData  = true
08-05 19:40:15.450 20278 20302 D FetchActivityLiveDataInfoHandler: shouldSetActivityExtraLiveData  = true
08-05 19:40:15.450 20278 20304 D FetchSessionDataRunnable: LeaderBoardActivity Fetching session data for LAST_N_SESSIONS_FROM_ENTITY_SESSION
08-05 19:40:15.451 20278 20304 D FetchVisitTimeRunnable: LeaderBoardActivity Fetching session data for LAST_N_SESSIONS_FROM_ENTITY_SESSION
08-05 19:40:15.451 20278 20304 D FetchUrlCandidateRunnable: LeaderBoardActivity Fetching URL candidates
08-05 19:40:15.451 20278 20304 D FetchIntentExtraRunnable: LeaderBoardActivity Fetching intent extras
08-05 19:40:15.451 20278 20302 D ActivityGraph: ACT_GRAPH initNodes() fired for node: nappagreedy.appteam.nith.hillffair.activities.InformationActivity
08-05 19:40:15.454  5615  5615 I Trepn   : Trepn 6.2s: Received intent: com.quicinc.trepn.start_profiling
08-05 19:40:15.551  5615  5615 W FileUtils: Failed to chmod(/storage/emulated/0/trepn/Trepn_2020.08.05_194015.db): android.system.ErrnoException: chmod failed: EPERM (Operation not permitted)
08-05 19:40:15.551 20278 20302 D Nappa   : registerActivity: (already in) nappagreedy.appteam.nith.hillffair.activities.InformationActivity
08-05 19:40:15.552 20278 20302 D ActivityGraph: LARDataInitFetchDB nappagreedy.appteam.nith.hillffair.activities.InformationActivity Pagerank: 0.25 HITS-Authority: 1.0 HITS-Hub: 1.0 SALSA-Authority: 1.0 SALSA-Hub: 1.0
08-05 19:40:15.552 20278 20302 D ActivityGraph: LARDataInit already in nodeList
08-05 19:40:15.553 20278 20302 D ActivityGraph: ACT_GRAPH Edges size: 0
08-05 19:40:15.553 20278 20302 D FetchActivityLiveDataInfoHandler: activity  = InformationActivity
08-05 19:40:15.553 20278 20302 D FetchActivityLiveDataInfoHandler: shouldSetSessionAggregateLiveData  = true
08-05 19:40:15.553 20278 20302 D FetchActivityLiveDataInfoHandler: need/shouldSetSuccessorVisitTime  = true - true
08-05 19:40:15.553 20278 20302 D FetchActivityLiveDataInfoHandler: need/shouldSetSuccessorVisitTime  = false - true
08-05 19:40:15.553 20278 20302 D FetchActivityLiveDataInfoHandler: shouldSetUrlCandidateDbLiveDataLiveData  = true
08-05 19:40:15.554 20278 20302 D FetchActivityLiveDataInfoHandler: shouldSetActivityExtraLiveData  = true
08-05 19:40:15.554 20278 20304 D FetchSessionDataRunnable: InformationActivity Fetching session data for LAST_N_SESSIONS_FROM_ENTITY_SESSION
08-05 19:40:15.554 20278 20304 D FetchVisitTimeRunnable: InformationActivity Fetching session data for LAST_N_SESSIONS_FROM_ENTITY_SESSION
08-05 19:40:15.555 20278 20304 D FetchUrlCandidateRunnable: InformationActivity Fetching URL candidates
08-05 19:40:15.555 20278 20304 D FetchIntentExtraRunnable: InformationActivity Fetching intent extras
08-05 19:40:15.555 20278 20302 D ActivityGraph: ACT_GRAPH initNodes() fired for node: nappagreedy.appteam.nith.hillffair.activities.EventActivity
08-05 19:40:15.631  5615  5615 I Trepn   : Trepn 6.2s: Trepn has Started Profiling.
08-05 19:40:15.633 20327 20327 D AndroidRuntime: Shutting down VM
08-05 19:40:15.656 20278 20302 D Nappa   : registerActivity: (already in) nappagreedy.appteam.nith.hillffair.activities.EventActivity
08-05 19:40:15.657 20278 20302 D ActivityGraph: LARDataInitFetchDB nappagreedy.appteam.nith.hillffair.activities.EventActivity Pagerank: 0.25 HITS-Authority: 1.0 HITS-Hub: 1.0 SALSA-Authority: 1.0 SALSA-Hub: 1.0
08-05 19:40:15.657 20278 20302 D ActivityGraph: LARDataInit already in nodeList
08-05 19:40:15.658 20278 20302 D ActivityGraph: ACT_GRAPH Edges size: 1
08-05 19:40:15.758 20278 20302 D Nappa   : registerActivity: (already in) nappagreedy.appteam.nith.hillffair.activities.ClubActivity
08-05 19:40:15.759 20278 20302 D ActivityGraph: LARDataInitFetchDB nappagreedy.appteam.nith.hillffair.activities.EventActivity Pagerank: 0.25 HITS-Authority: 1.0 HITS-Hub: 1.0 SALSA-Authority: 1.0 SALSA-Hub: 1.0 loaded following an edge
08-05 19:40:15.759 20278 20302 D ActivityGraph: ACT_GRAPH contains temp2
08-05 19:40:15.759 20278 20302 D ActivityGraph: LARDataInit already in nodeList from edge
08-05 19:40:15.759 20278 20302 D ActivityGraph: ACT_GRAPH adding successors: nappagreedy.appteam.nith.hillffair.activities.EventActivity -> nappagreedy.appteam.nith.hillffair.activities.ClubActivity
08-05 19:40:15.760 20278 20302 D FetchActivityLiveDataInfoHandler: activity  = EventActivity
08-05 19:40:15.760 20278 20311 D Nappa   : {nappagreedy.appteam.nith.hillffair.activities.QuizActivity=5, nappagreedy.appteam.nith.hillffair.activities.HomeActivity=2, nappagreedy.appteam.nith.hillffair.activities.ClubActivity=4, nappagreedy.appteam.nith.hillffair.activities.LeaderBoardActivity=6, nappagreedy.appteam.nith.hillffair.activities.InformationActivity=7, nappagreedy.appteam.nith.hillffair.activities.BattleDayActivity=3, nappagreedy.appteam.nith.hillffair.activities.EventActivity=8, nappagreedy.appteam.nith.hillffair.activities.SplashActivity=1}
08-05 19:40:15.760 20278 20302 D FetchActivityLiveDataInfoHandler: shouldSetSessionAggregateLiveData  = true
08-05 19:40:15.760 20278 20302 D FetchActivityLiveDataInfoHandler: need/shouldSetSuccessorVisitTime  = true - true
08-05 19:40:15.760 20278 20302 D FetchActivityLiveDataInfoHandler: need/shouldSetSuccessorVisitTime  = false - true
08-05 19:40:15.760 20278 20302 D FetchActivityLiveDataInfoHandler: shouldSetUrlCandidateDbLiveDataLiveData  = true
08-05 19:40:15.760 20278 20302 D FetchActivityLiveDataInfoHandler: shouldSetActivityExtraLiveData  = true
08-05 19:40:15.760 20278 20304 D FetchSessionDataRunnable: EventActivity Fetching session data for LAST_N_SESSIONS_FROM_ENTITY_SESSION
08-05 19:40:15.761 20278 20304 D FetchVisitTimeRunnable: EventActivity Fetching session data for LAST_N_SESSIONS_FROM_ENTITY_SESSION
08-05 19:40:15.761 20278 20304 D FetchUrlCandidateRunnable: EventActivity Fetching URL candidates
08-05 19:40:15.761 20278 20304 D FetchIntentExtraRunnable: EventActivity Fetching intent extras
08-05 19:40:15.762 20278 20302 D Nappa   : Extended Startup-time: 1703 ms
08-05 19:40:15.763 20278 20302 D InitGraphRunnable: Initialised graph ActivityGraph beginning
08-05 19:40:15.763 20278 20302 D InitGraphRunnable: 
08-05 19:40:15.763 20278 20302 D InitGraphRunnable: SplashActivity 
08-05 19:40:15.763 20278 20302 D InitGraphRunnable: 	Successors:
08-05 19:40:15.763 20278 20302 D InitGraphRunnable: 		HomeActivity (0 hits)
08-05 19:40:15.763 20278 20302 D InitGraphRunnable: 	Ancestors:
08-05 19:40:15.763 20278 20302 D InitGraphRunnable: 
08-05 19:40:15.763 20278 20302 D InitGraphRunnable: 
08-05 19:40:15.763 20278 20302 D InitGraphRunnable: HomeActivity 
08-05 19:40:15.763 20278 20302 D InitGraphRunnable: 	Successors:
08-05 19:40:15.763 20278 20302 D InitGraphRunnable: 		QuizActivity (0 hits)
08-05 19:40:15.763 20278 20302 D InitGraphRunnable: 		BattleDayActivity (0 hits)
08-05 19:40:15.763 20278 20302 D InitGraphRunnable: 		EventActivity (0 hits)
08-05 19:40:15.763 20278 20302 D InitGraphRunnable: 	Ancestors:
08-05 19:40:15.763 20278 20302 D InitGraphRunnable: 		SplashActivity (0 hits)
08-05 19:40:15.763 20278 20302 D InitGraphRunnable: 
08-05 19:40:15.763 20278 20302 D InitGraphRunnable: BattleDayActivity 
08-05 19:40:15.763 20278 20302 D InitGraphRunnable: 	Successors:
08-05 19:40:15.763 20278 20302 D InitGraphRunnable: 		ClubActivity (0 hits)
08-05 19:40:15.763 20278 20302 D InitGraphRunnable: 	Ancestors:
08-05 19:40:15.763 20278 20302 D InitGraphRunnable: 		HomeActivity (0 hits)
08-05 19:40:15.763 20278 20302 D InitGraphRunnable: 
08-05 19:40:15.763 20278 20302 D InitGraphRunnable: QuizActivity 
08-05 19:40:15.763 20278 20302 D InitGraphRunnable: 	Successors:
08-05 19:40:15.763 20278 20302 D InitGraphRunnable: 		LeaderBoardActivity (0 hits)
08-05 19:40:15.763 20278 20302 D InitGraphRunnable: 		InformationActivity (0 hits)
08-05 19:40:15.763 20278 20302 D InitGraphRunnable: 	Ancestors:
08-05 19:40:15.763 20278 20302 D InitGraphRunnable: 		HomeActivity (0 hits)
08-05 19:40:15.763 20278 20302 D InitGraphRunnable: 
08-05 19:40:15.763 20278 20302 D InitGraphRunnable: EventActivity 
08-05 19:40:15.763 20278 20302 D InitGraphRunnable: 	Successors:
08-05 19:40:15.763 20278 20302 D InitGraphRunnable: 		ClubActivity (0 hits)
08-05 19:40:15.763 20278 20302 D InitGraphRunnable: 	Ancestors:
08-05 19:40:15.763 20278 20302 D InitGraphRunnable: 		HomeActivity (0 hits)
08-05 19:40:15.763 20278 20302 D InitGraphRunnable: 
08-05 19:40:15.763 20278 20302 D InitGraphRunnable: ClubActivity 
08-05 19:40:15.763 20278 20302 D InitGraphRunnable: 	Successors:
08-05 19:40:15.763 20278 20302 D InitGraphRunnable: 
08-05 19:40:15.763 20278 20302 D InitGraphRunnable: 	Ancestors:
08-05 19:40:15.763 20278 20302 D InitGraphRunnable: 		BattleDayActivity (0 hits)
08-05 19:40:15.763 20278 20302 D InitGraphRunnable: 		EventActivity (0 hits)
08-05 19:40:15.763 20278 20302 D InitGraphRunnable: 
08-05 19:40:15.763 20278 20302 D InitGraphRunnable: LeaderBoardActivity 
08-05 19:40:15.763 20278 20302 D InitGraphRunnable: 	Successors:
08-05 19:40:15.763 20278 20302 D InitGraphRunnable: 
08-05 19:40:15.763 20278 20302 D InitGraphRunnable: 	Ancestors:
08-05 19:40:15.763 20278 20302 D InitGraphRunnable: 		QuizActivity (0 hits)
08-05 19:40:15.763 20278 20302 D InitGraphRunnable: 
08-05 19:40:15.763 20278 20302 D InitGraphRunnable: InformationActivity 
08-05 19:40:15.763 20278 20302 D InitGraphRunnable: 	Successors:
08-05 19:40:15.763 20278 20302 D InitGraphRunnable: 
08-05 19:40:15.763 20278 20302 D InitGraphRunnable: 	Ancestors:
08-05 19:40:15.763 20278 20302 D InitGraphRunnable: 		QuizActivity (0 hits)
08-05 19:40:15.763 20278 20302 D InitGraphRunnable: 
08-05 19:40:15.763 20278 20302 D InitGraphRunnable: ActivityGraph end
08-05 19:40:15.763 20278 20302 D InitGraphRunnable: 
08-05 19:40:15.764 20278 20278 D Nappa   : Startup-time: 1705 ms
08-05 19:40:15.790 20278 20278 I art     : Rejecting re-init on previously-failed class java.lang.Class<androidx.core.view.ViewCompat$2>
08-05 19:40:15.790 20278 20278 I art     : Rejecting re-init on previously-failed class java.lang.Class<androidx.core.view.ViewCompat$2>
08-05 19:40:15.859 20278 20278 D NappaLifecycleObserver: nappagreedy.appteam.nith.hillffair.activities.SplashActivity - onResume
08-05 19:40:15.859 20278 20278 D Nappa   : setCurrentActivity - MetricStrategyAccuracy - 
08-05 19:40:15.859 20278 20278 D Nappa   : madePredictionFromActivity = false, 
08-05 19:40:15.859 20278 20278 D Nappa   : fromActivity = null, 
08-05 19:40:15.859 20278 20278 D Nappa   : predictedNextActivityFromActivity = [], 
08-05 19:40:15.859 20278 20278 D Nappa   : activity.getClass().getCanonicalName() = nappagreedy.appteam.nith.hillffair.activities.SplashActivity, 
08-05 19:40:15.859 20278 20278 D Nappa   : setCurrentActivity - MetricStrategyAccuracy - 
08-05 19:40:15.859 20278 20278 D Nappa   : madePredictionFromExtra = false, 
08-05 19:40:15.859 20278 20278 D Nappa   : fromActivity = null, 
08-05 19:40:15.859 20278 20278 D Nappa   : predictedNextActivityFromExtra = [], 
08-05 19:40:15.859 20278 20278 D Nappa   : activity.getClass().getCanonicalName() = nappagreedy.appteam.nith.hillffair.activities.SplashActivity, 
08-05 19:40:15.859 20278 20278 D Nappa   : PREFETCH_ON_EXTRA - setCurrentActivity - logs - from activity - made prediction isfalse
08-05 19:40:15.960 20278 20278 D Nappa   : registerActivity: (already in) nappagreedy.appteam.nith.hillffair.activities.SplashActivity
08-05 19:40:15.960 20278 20278 D Nappa   : SHOULD_PREFETCH false
08-05 19:40:15.960 20278 20278 D Nappa   : STATS Number of requests not prefetched: 0
08-05 19:40:15.960 20278 20278 D Nappa   : STATS Number of requests prefetched: 0
08-05 19:40:15.960 20278 20278 D Nappa   : STATS Time saved until now: 0.0
08-05 19:40:15.970 20278 20349 D OpenGLRenderer: Use EGL_SWAP_BEHAVIOR_PRESERVED: true
08-05 19:40:15.983 20278 20278 D ActivityNode: Setting aggregate visit time live data for node SplashActivity
08-05 19:40:15.985 20278 20278 D ActivityNode: Setting aggregate visit time live data for node HomeActivity
08-05 19:40:15.985 20278 20278 D ActivityNode: Setting aggregate visit time live data for node BattleDayActivity
08-05 19:40:15.985 20278 20278 D ActivityNode: Setting aggregate visit time live data for node ClubActivity
08-05 19:40:15.986 20278 20278 D ActivityNode: Setting aggregate visit time live data for node QuizActivity
08-05 19:40:15.986 20278 20278 D ActivityNode: Setting aggregate visit time live data for node LeaderBoardActivity
08-05 19:40:15.986 20278 20278 D ActivityNode: Setting aggregate visit time live data for node InformationActivity
08-05 19:40:15.987 20278 20278 D ActivityNode: Setting aggregate visit time live data for node EventActivity
08-05 19:40:16.004 20278 20310 E OneSignal: Error Getting GCM Token
08-05 19:40:16.004 20278 20310 E OneSignal: java.io.IOException: INVALID_SENDER
08-05 19:40:16.004 20278 20310 E OneSignal: 	at com.google.android.gms.gcm.GoogleCloudMessaging.zzd(Unknown Source)
08-05 19:40:16.004 20278 20310 E OneSignal: 	at com.google.android.gms.gcm.GoogleCloudMessaging.register(Unknown Source)
08-05 19:40:16.004 20278 20310 E OneSignal: 	at com.onesignal.PushRegistratorGCM.getToken(PushRegistratorGCM.java:42)
08-05 19:40:16.004 20278 20310 E OneSignal: 	at com.onesignal.PushRegistratorAbstractGoogle.attemptRegistration(PushRegistratorAbstractGoogle.java:97)
08-05 19:40:16.004 20278 20310 E OneSignal: 	at com.onesignal.PushRegistratorAbstractGoogle.access$100(PushRegistratorAbstractGoogle.java:37)
08-05 19:40:16.004 20278 20310 E OneSignal: 	at com.onesignal.PushRegistratorAbstractGoogle$1.run(PushRegistratorAbstractGoogle.java:84)
08-05 19:40:16.004 20278 20310 E OneSignal: 	at java.lang.Thread.run(Thread.java:818)
08-05 19:40:16.024 20278 20349 I Adreno  : QUALCOMM build                   : fcf4852, I1af360237c
08-05 19:40:16.024 20278 20349 I Adreno  : Build Date                       : 09/23/15
08-05 19:40:16.024 20278 20349 I Adreno  : OpenGL ES Shader Compiler Version: XE031.05.13.02
08-05 19:40:16.024 20278 20349 I Adreno  : Local Branch                     : mybranch14465806
08-05 19:40:16.024 20278 20349 I Adreno  : Remote Branch                    : quic/LA.BF64.1.2.9_v2
08-05 19:40:16.024 20278 20349 I Adreno  : Remote Branch                    : NONE
08-05 19:40:16.024 20278 20349 I Adreno  : Reconstruct Branch               : NOTHING
08-05 19:40:16.024 20278 20354 I art     : Rejecting re-init on previously-failed class java.lang.Class<com.onesignal.OneSignalChromeTab$OneSignalCustomTabsServiceConnection>
08-05 19:40:16.025 20278 20354 I art     : Rejecting re-init on previously-failed class java.lang.Class<com.onesignal.OneSignalChromeTab$OneSignalCustomTabsServiceConnection>
08-05 19:40:16.029 20278 20349 I OpenGLRenderer: Initialized EGL, version 1.4
08-05 19:40:16.039 17695 17695 I ServiceManager: Waiting for service AtCmdFwd...
08-05 19:40:16.057 20278 20278 D PARAM   : COUNT: 0
08-05 19:40:16.057 20278 20278 D ActivityNode: Observer - URL candidate SplashActivity[]
08-05 19:40:16.057 20278 20278 D ActivityNode: Observer - session data - sourceHomeActivity
08-05 19:40:16.057 20278 20278 D ActivityNode: destinations:
08-05 19:40:16.057 20278 20278 D ActivityNode: 	nappagreedy.appteam.nith.hillffair.activities.BattleDayActivity( count 8)
08-05 19:40:16.057 20278 20278 D ActivityNode: 	nappagreedy.appteam.nith.hillffair.activities.QuizActivity( count 8)
08-05 19:40:16.057 20278 20278 D ActivityNode: 	nappagreedy.appteam.nith.hillffair.activities.EventActivity( count 8)
08-05 19:40:16.057 20278 20278 D ActivityNode: Observer - intent extra - SplashActivity
08-05 19:40:16.057 20278 20278 D ActivityNode: Extras:
08-05 19:40:16.057 20278 20278 D PARAM   : COUNT: 0
08-05 19:40:16.057 20278 20278 D ActivityNode: Observer - URL candidate HomeActivity[]
08-05 19:40:16.057 20278 20278 D ActivityNode: Observer - intent extra - HomeActivity
08-05 19:40:16.057 20278 20278 D ActivityNode: Extras:
08-05 19:40:16.058 20278 20278 D ActivityNode: Observer - session data - sourceBattleDayActivity
08-05 19:40:16.058 20278 20278 D ActivityNode: destinations:
08-05 19:40:16.058 20278 20278 D ActivityNode: 	nappagreedy.appteam.nith.hillffair.activities.ClubActivity( count 24)
08-05 19:40:16.058 20278 20278 D ActivityNode: Observer - visit time - HomeActivity - New aggregate visit time found is 44139 ms
08-05 19:40:16.058 20278 20278 D PARAM   : COUNT: 0
08-05 19:40:16.058 20278 20278 D ActivityNode: Observer - URL candidate BattleDayActivity[]
08-05 19:40:16.058 20278 20278 D ActivityNode: Observer - visit time - BattleDayActivity - New aggregate visit time found is 90135 ms
08-05 19:40:16.058 20278 20278 D ActivityNode: Observer - session data - sourceClubActivity
08-05 19:40:16.058 20278 20278 D ActivityNode: destinations:
08-05 19:40:16.058 20278 20278 D ActivityNode: Observer - visit time - SplashActivity - New aggregate visit time found is 5630 ms
08-05 19:40:16.058 20278 20278 D PARAM   : COUNT: 2
08-05 19:40:16.058 20278 20278 D PARAM   : ID_ACTIVITY: 4
08-05 19:40:16.058 20278 20278 D PARAM   : parameter.urlPiece = https://api-hillfair-2k16.herokuapp.com/api/app/events/special/event?id=
08-05 19:40:16.058 20278 20278 D PARAM   : parameter.type = 0
08-05 19:40:16.058 20278 20278 D PARAM   : parameter.urlOrder = 0
08-05 19:40:16.059 20278 20278 D PARAM   : ID_ACTIVITY: 4
08-05 19:40:16.059 20278 20278 D PARAM   : parameter.urlPiece = id
08-05 19:40:16.059 20278 20278 D PARAM   : parameter.type = 1
08-05 19:40:16.059 20278 20278 D PARAM   : parameter.urlOrder = 1
08-05 19:40:16.059 20278 20278 D ActivityNode: Observer - URL candidate ClubActivity[nl.vu.cs.s2group.nappa.room.dao.UrlCandidateDao$UrlCandidateToUrlParameter@2949391, nl.vu.cs.s2group.nappa.room.dao.UrlCandidateDao$UrlCandidateToUrlParameter@15f32f6]
08-05 19:40:16.059 20278 20278 D ActivityNode: Observer - intent extra - BattleDayActivity
08-05 19:40:16.059 20278 20278 D ActivityNode: Extras:
08-05 19:40:16.059 20278 20278 D ActivityNode: 	activity ID 3( key battleday)
08-05 19:40:16.059 20278 20278 D ActivityNode: 	activity ID 3( key id)
08-05 19:40:16.059 20278 20278 D ActivityNode: 	activity ID 3( key name)
08-05 19:40:16.059 20278 20278 D ActivityNode: 	activity ID 3( key battleday)
08-05 19:40:16.059 20278 20278 D ActivityNode: 	activity ID 3( key id)
08-05 19:40:16.059 20278 20278 D ActivityNode: 	activity ID 3( key name)
08-05 19:40:16.059 20278 20278 D ActivityNode: 	activity ID 3( key battleday)
08-05 19:40:16.059 20278 20278 D ActivityNode: 	activity ID 3( key id)
08-05 19:40:16.059 20278 20278 D ActivityNode: 	activity ID 3( key name)
08-05 19:40:16.059 20278 20278 D ActivityNode: 	activity ID 3( key battleday)
08-05 19:40:16.059 20278 20278 D ActivityNode: 	activity ID 3( key id)
08-05 19:40:16.059 20278 20278 D ActivityNode: 	activity ID 3( key name)
08-05 19:40:16.059 20278 20278 D ActivityNode: 	activity ID 3( key battleday)
08-05 19:40:16.059 20278 20278 D ActivityNode: 	activity ID 3( key id)
08-05 19:40:16.059 20278 20278 D ActivityNode: 	activity ID 3( key name)
08-05 19:40:16.059 20278 20278 D ActivityNode: 	activity ID 3( key battleday)
08-05 19:40:16.059 20278 20278 D ActivityNode: 	activity ID 3( key id)
08-05 19:40:16.059 20278 20278 D ActivityNode: 	activity ID 3( key name)
08-05 19:40:16.059 20278 20278 D ActivityNode: 	activity ID 3( key battleday)
08-05 19:40:16.059 20278 20278 D ActivityNode: 	activity ID 3( key id)
08-05 19:40:16.059 20278 20278 D ActivityNode: 	activity ID 3( key name)
08-05 19:40:16.059 20278 20278 D ActivityNode: 	activity ID 3( key battleday)
08-05 19:40:16.059 20278 20278 D ActivityNode: 	activity ID 3( key id)
08-05 19:40:16.059 20278 20278 D ActivityNode: 	activity ID 3( key name)
08-05 19:40:16.059 20278 20278 D ActivityNode: 	activity ID 3( key battleday)
08-05 19:40:16.059 20278 20278 D ActivityNode: 	activity ID 3( key id)
08-05 19:40:16.059 20278 20278 D ActivityNode: 	activity ID 3( key name)
08-05 19:40:16.059 20278 20278 D ActivityNode: 	activity ID 3( key battleday)
08-05 19:40:16.059 20278 20278 D ActivityNode: 	activity ID 3( key id)
08-05 19:40:16.059 20278 20278 D ActivityNode: 	activity ID 3( key name)
08-05 19:40:16.059 20278 20278 D ActivityNode: 	activity ID 3( key battleday)
08-05 19:40:16.059 20278 20278 D ActivityNode: 	activity ID 3( key id)
08-05 19:40:16.059 20278 20278 D ActivityNode: 	activity ID 3( key name)
08-05 19:40:16.059 20278 20278 D ActivityNode: 	activity ID 3( key battleday)
08-05 19:40:16.059 20278 20278 D ActivityNode: 	activity ID 3( key id)
08-05 19:40:16.059 20278 20278 D ActivityNode: 	activity ID 3( key name)
08-05 19:40:16.059 20278 20278 D ActivityNode: 	activity ID 3( key battleday)
08-05 19:40:16.059 20278 20278 D ActivityNode: 	activity ID 3( key id)
08-05 19:40:16.059 20278 20278 D ActivityNode: 	activity ID 3( key name)
08-05 19:40:16.059 20278 20278 D ActivityNode: 	activity ID 3( key battleday)
08-05 19:40:16.059 20278 20278 D ActivityNode: 	activity ID 3( key id)
08-05 19:40:16.059 20278 20278 D ActivityNode: 	activity ID 3( key name)
08-05 19:40:16.059 20278 20278 D ActivityNode: 	activity ID 3( key battleday)
08-05 19:40:16.059 20278 20278 D ActivityNode: 	activity ID 3( key id)
08-05 19:40:16.059 20278 20278 D ActivityNode: 	activity ID 3( key name)
08-05 19:40:16.059 20278 20278 D ActivityNode: 	activity ID 3( key battleday)
08-05 19:40:16.059 20278 20278 D ActivityNode: 	activity ID 3( key id)
08-05 19:40:16.059 20278 20278 D ActivityNode: 	activity ID 3( key name)
08-05 19:40:16.059 20278 20278 D ActivityNode: 	activity ID 3( key battleday)
08-05 19:40:16.059 20278 20278 D ActivityNode: 	activity ID 3( key id)
08-05 19:40:16.059 20278 20278 D ActivityNode: 	activity ID 3( key name)
08-05 19:40:16.059 20278 20278 D ActivityNode: 	activity ID 3( key battleday)
08-05 19:40:16.059 20278 20278 D ActivityNode: 	activity ID 3( key id)
08-05 19:40:16.059 20278 20278 D ActivityNode: 	activity ID 3( key name)
08-05 19:40:16.059 20278 20278 D ActivityNode: 	activity ID 3( key battleday)
08-05 19:40:16.059 20278 20278 D ActivityNode: 	activity ID 3( key id)
08-05 19:40:16.059 20278 20278 D ActivityNode: 	activity ID 3( key name)
08-05 19:40:16.059 20278 20278 D ActivityNode: 	activity ID 3( key battleday)
08-05 19:40:16.059 20278 20278 D ActivityNode: 	activity ID 3( key id)
08-05 19:40:16.059 20278 20278 D ActivityNode: 	activity ID 3( key name)
08-05 19:40:16.059 20278 20278 D ActivityNode: 	activity ID 3( key battleday)
08-05 19:40:16.059 20278 20278 D ActivityNode: 	activity ID 3( key id)
08-05 19:40:16.059 20278 20278 D ActivityNode: 	activity ID 3( key name)
08-05 19:40:16.059 20278 20278 D ActivityNode: 	activity ID 3( key battleday)
08-05 19:40:16.059 20278 20278 D ActivityNode: 	activity ID 3( key id)
08-05 19:40:16.059 20278 20278 D ActivityNode: 	activity ID 3( key name)
08-05 19:40:16.059 20278 20278 D ActivityNode: 	activity ID 3( key battleday)
08-05 19:40:16.059 20278 20278 D ActivityNode: 	activity ID 3( key id)
08-05 19:40:16.059 20278 20278 D ActivityNode: 	activity ID 3( key name)
