08-05 20:42:45.540 19872 20180 I art     : Explicit concurrent mark sweep GC freed 3(96B) AllocSpace objects, 0(0B) LOS objects, 23% free, 52MB/68MB, paused 297us total 17.116ms
08-05 20:42:45.804 19872 20604 W OneSignal: OneSignalRestClient: POST Error thrown from network stack. 
08-05 20:42:45.804 19872 20604 W OneSignal: java.io.IOException: unexpected end of stream on Connection{api.onesignal.com:443, proxy=HTTP@192.168.2.12:8080 hostAddress=192.168.2.12 cipherSuite=TLS_ECDHE_RSA_WITH_AES_128_GCM_SHA256 protocol=http/1.1} (recycle count=0)
08-05 20:42:45.804 19872 20604 W OneSignal: 	at com.android.okhttp.internal.http.HttpConnection.readResponse(HttpConnection.java:210)
08-05 20:42:45.804 19872 20604 W OneSignal: 	at com.android.okhttp.internal.http.HttpTransport.readResponseHeaders(HttpTransport.java:80)
08-05 20:42:45.804 19872 20604 W OneSignal: 	at com.android.okhttp.internal.http.HttpEngine.readNetworkResponse(HttpEngine.java:904)
08-05 20:42:45.804 19872 20604 W OneSignal: 	at com.android.okhttp.internal.http.HttpEngine.readResponse(HttpEngine.java:788)
08-05 20:42:45.804 19872 20604 W OneSignal: 	at com.android.okhttp.internal.huc.HttpURLConnectionImpl.execute(HttpURLConnectionImpl.java:439)
08-05 20:42:45.804 19872 20604 W OneSignal: 	at com.android.okhttp.internal.huc.HttpURLConnectionImpl.getResponse(HttpURLConnectionImpl.java:384)
08-05 20:42:45.804 19872 20604 W OneSignal: 	at com.android.okhttp.internal.huc.HttpURLConnectionImpl.getResponseCode(HttpURLConnectionImpl.java:497)
08-05 20:42:45.804 19872 20604 W OneSignal: 	at com.android.okhttp.internal.huc.DelegatingHttpsURLConnection.getResponseCode(DelegatingHttpsURLConnection.java:105)
08-05 20:42:45.804 19872 20604 W OneSignal: 	at com.android.okhttp.internal.huc.HttpsURLConnectionImpl.getResponseCode(HttpsURLConnectionImpl.java)
08-05 20:42:45.804 19872 20604 W OneSignal: 	at com.onesignal.OneSignalRestClient.startHTTPConnection(OneSignalRestClient.java:180)
08-05 20:42:45.804 19872 20604 W OneSignal: 	at com.onesignal.OneSignalRestClient.access$100(OneSignalRestClient.java:44)
08-05 20:42:45.804 19872 20604 W OneSignal: 	at com.onesignal.OneSignalRestClient$4.run(OneSignalRestClient.java:110)
08-05 20:42:45.804 19872 20604 W OneSignal: 	at java.lang.Thread.run(Thread.java:818)
08-05 20:42:45.804 19872 20604 W OneSignal: Caused by: java.io.EOFException: \n not found: size=0 content=...
08-05 20:42:45.804 19872 20604 W OneSignal: 	at com.android.okhttp.okio.RealBufferedSource.readUtf8LineStrict(RealBufferedSource.java:200)
08-05 20:42:45.804 19872 20604 W OneSignal: 	at com.android.okhttp.internal.http.HttpConnection.readResponse(HttpConnection.java:191)
08-05 20:42:45.804 19872 20604 W OneSignal: 	... 12 more
08-05 20:42:45.806 19872 20615 W OneSignal: Failed last request. statusCode: -1
08-05 20:42:45.806 19872 20615 W OneSignal: response: null
08-05 20:42:45.851 19872 19884 I art     : Starting a blocking GC Explicit
08-05 20:42:45.874 19872 19884 I art     : Explicit concurrent mark sweep GC freed 4120(257KB) AllocSpace objects, 1(20KB) LOS objects, 23% free, 52MB/68MB, paused 327us total 22.452ms
08-05 20:42:45.881 19872 19884 I art     : Starting a blocking GC Explicit
08-05 20:42:45.899 19872 19884 I art     : Explicit concurrent mark sweep GC freed 81(3024B) AllocSpace objects, 0(0B) LOS objects, 23% free, 52MB/68MB, paused 306us total 17.588ms
08-05 20:42:45.906 19872 19884 I art     : Starting a blocking GC Explicit
08-05 20:42:45.923 19872 19884 I art     : Explicit concurrent mark sweep GC freed 3(96B) AllocSpace objects, 0(0B) LOS objects, 23% free, 52MB/68MB, paused 341us total 17.008ms
08-05 20:42:45.930 19872 19884 I art     : Starting a blocking GC Explicit
08-05 20:42:45.946 19872 19884 I art     : Explicit concurrent mark sweep GC freed 3(96B) AllocSpace objects, 0(0B) LOS objects, 23% free, 52MB/68MB, paused 295us total 16.615ms
08-05 20:42:45.953 19872 19884 I art     : Starting a blocking GC Explicit
08-05 20:42:45.970 19872 19884 I art     : Explicit concurrent mark sweep GC freed 3(96B) AllocSpace objects, 0(0B) LOS objects, 23% free, 52MB/68MB, paused 299us total 16.477ms
08-05 20:42:46.287 19872 19974 I art     : Starting a blocking GC Explicit
08-05 20:42:46.317 19872 19974 I art     : Explicit concurrent mark sweep GC freed 1548(90KB) AllocSpace objects, 1(20KB) LOS objects, 23% free, 52MB/68MB, paused 405us total 29.150ms
08-05 20:42:46.325 19872 19974 I art     : Starting a blocking GC Explicit
08-05 20:42:46.344 19872 19974 I art     : Explicit concurrent mark sweep GC freed 28(1024B) AllocSpace objects, 0(0B) LOS objects, 23% free, 52MB/68MB, paused 300us total 17.655ms
08-05 20:42:46.351 19872 19974 I art     : Starting a blocking GC Explicit
08-05 20:42:46.368 19872 19974 I art     : Explicit concurrent mark sweep GC freed 3(96B) AllocSpace objects, 0(0B) LOS objects, 23% free, 52MB/68MB, paused 293us total 16.544ms
08-05 20:42:46.375 19872 19974 I art     : Starting a blocking GC Explicit
08-05 20:42:46.392 19872 19974 I art     : Explicit concurrent mark sweep GC freed 3(96B) AllocSpace objects, 0(0B) LOS objects, 23% free, 52MB/68MB, paused 294us total 16.597ms
08-05 20:42:46.398 19872 19974 I art     : Starting a blocking GC Explicit
08-05 20:42:46.415 19872 19974 I art     : Explicit concurrent mark sweep GC freed 3(96B) AllocSpace objects, 0(0B) LOS objects, 23% free, 52MB/68MB, paused 323us total 16.710ms
08-05 20:42:46.650 19467 19467 I ServiceManager: Waiting for service AtCmdFwd...
08-05 20:42:46.748 19872 19885 I art     : Starting a blocking GC Explicit
08-05 20:42:46.773 19872 19885 I art     : Explicit concurrent mark sweep GC freed 1548(90KB) AllocSpace objects, 1(20KB) LOS objects, 23% free, 52MB/68MB, paused 353us total 24.017ms
08-05 20:42:46.784 19872 19885 I art     : Starting a blocking GC Explicit
08-05 20:42:46.802 19872 19885 I art     : Explicit concurrent mark sweep GC freed 28(1024B) AllocSpace objects, 0(0B) LOS objects, 23% free, 52MB/68MB, paused 303us total 17.584ms
08-05 20:42:46.809 19872 19885 I art     : Starting a blocking GC Explicit
08-05 20:42:46.826 19872 19885 I art     : Explicit concurrent mark sweep GC freed 3(96B) AllocSpace objects, 0(0B) LOS objects, 23% free, 52MB/68MB, paused 297us total 16.962ms
08-05 20:42:46.833 19872 19885 I art     : Starting a blocking GC Explicit
08-05 20:42:46.850 19872 19885 I art     : Explicit concurrent mark sweep GC freed 3(96B) AllocSpace objects, 0(0B) LOS objects, 23% free, 52MB/68MB, paused 307us total 16.701ms
08-05 20:42:46.857 19872 19885 I art     : Starting a blocking GC Explicit
08-05 20:42:46.873 19872 19885 I art     : Explicit concurrent mark sweep GC freed 3(96B) AllocSpace objects, 0(0B) LOS objects, 23% free, 52MB/68MB, paused 300us total 16.647ms
08-05 20:42:47.200 19872 20180 I art     : Starting a blocking GC Explicit
08-05 20:42:47.228 19872 20180 I art     : Explicit concurrent mark sweep GC freed 1548(90KB) AllocSpace objects, 1(20KB) LOS objects, 23% free, 52MB/68MB, paused 590us total 27.905ms
08-05 20:42:47.238 19872 20180 I art     : Starting a blocking GC Explicit
08-05 20:42:47.256 19872 20180 I art     : Explicit concurrent mark sweep GC freed 28(1024B) AllocSpace objects, 0(0B) LOS objects, 23% free, 52MB/68MB, paused 300us total 17.097ms
08-05 20:42:47.263 19872 20180 I art     : Starting a blocking GC Explicit
08-05 20:42:47.280 19872 20180 I art     : Explicit concurrent mark sweep GC freed 3(96B) AllocSpace objects, 0(0B) LOS objects, 23% free, 52MB/68MB, paused 301us total 17.001ms
08-05 20:42:47.287 19872 20180 I art     : Starting a blocking GC Explicit
08-05 20:42:47.304 19872 20180 I art     : Explicit concurrent mark sweep GC freed 3(96B) AllocSpace objects, 0(0B) LOS objects, 23% free, 52MB/68MB, paused 294us total 17.038ms
08-05 20:42:47.311 19872 20180 I art     : Starting a blocking GC Explicit
08-05 20:42:47.327   918  1210 D NetlinkSocketObserver: NeighborEvent{elapsedMs=1806771202, 192.168.2.254, [7C3953A63323], RTM_NEWNEIGH, NUD_STALE}
08-05 20:42:47.328 19872 20180 I art     : Explicit concurrent mark sweep GC freed 3(96B) AllocSpace objects, 0(0B) LOS objects, 23% free, 52MB/68MB, paused 321us total 16.666ms
08-05 20:42:47.629 19872 19884 I art     : Starting a blocking GC Explicit
08-05 20:42:47.651 19467 19467 I ServiceManager: Waiting for service AtCmdFwd...
08-05 20:42:47.652 19872 19884 I art     : Explicit concurrent mark sweep GC freed 1548(90KB) AllocSpace objects, 1(20KB) LOS objects, 23% free, 52MB/68MB, paused 358us total 22.470ms
08-05 20:42:47.662 19872 19884 I art     : Starting a blocking GC Explicit
08-05 20:42:47.679 19872 19884 I art     : Explicit concurrent mark sweep GC freed 28(1024B) AllocSpace objects, 0(0B) LOS objects, 23% free, 52MB/68MB, paused 305us total 16.989ms
08-05 20:42:47.686 19872 19884 I art     : Starting a blocking GC Explicit
08-05 20:42:47.704 19872 19884 I art     : Explicit concurrent mark sweep GC freed 3(96B) AllocSpace objects, 0(0B) LOS objects, 23% free, 52MB/68MB, paused 298us total 16.974ms
08-05 20:42:47.711 19872 19884 I art     : Starting a blocking GC Explicit
08-05 20:42:47.728 19872 19884 I art     : Explicit concurrent mark sweep GC freed 3(96B) AllocSpace objects, 0(0B) LOS objects, 23% free, 52MB/68MB, paused 298us total 16.775ms
08-05 20:42:47.734 19872 19884 I art     : Starting a blocking GC Explicit
08-05 20:42:47.752 19872 19884 I art     : Explicit concurrent mark sweep GC freed 3(96B) AllocSpace objects, 0(0B) LOS objects, 23% free, 52MB/68MB, paused 299us total 17.142ms
08-05 20:42:48.069 19872 19974 I art     : Starting a blocking GC Explicit
08-05 20:42:48.095 19872 19974 I art     : Explicit concurrent mark sweep GC freed 1548(90KB) AllocSpace objects, 1(20KB) LOS objects, 23% free, 52MB/68MB, paused 410us total 26.339ms
08-05 20:42:48.106 19872 19974 I art     : Starting a blocking GC Explicit
08-05 20:42:48.125 19872 19974 I art     : Explicit concurrent mark sweep GC freed 28(1024B) AllocSpace objects, 0(0B) LOS objects, 23% free, 52MB/68MB, paused 274us total 18.329ms
08-05 20:42:48.132 19872 19974 I art     : Starting a blocking GC Explicit
08-05 20:42:48.150 19872 19974 I art     : Explicit concurrent mark sweep GC freed 3(96B) AllocSpace objects, 0(0B) LOS objects, 23% free, 52MB/68MB, paused 296us total 17.722ms
08-05 20:42:48.157 19872 19974 I art     : Starting a blocking GC Explicit
08-05 20:42:48.174 19872 19974 I art     : Explicit concurrent mark sweep GC freed 3(96B) AllocSpace objects, 0(0B) LOS objects, 23% free, 52MB/68MB, paused 284us total 16.439ms
08-05 20:42:48.181 19872 19974 I art     : Starting a blocking GC Explicit
08-05 20:42:48.197 19872 19974 I art     : Explicit concurrent mark sweep GC freed 3(96B) AllocSpace objects, 0(0B) LOS objects, 23% free, 52MB/68MB, paused 276us total 16.175ms
08-05 20:42:48.474 19872 19885 I art     : Starting a blocking GC Explicit
08-05 20:42:48.494 19872 19885 I art     : Explicit concurrent mark sweep GC freed 1548(90KB) AllocSpace objects, 1(20KB) LOS objects, 23% free, 52MB/68MB, paused 315us total 19.178ms
08-05 20:42:48.501 19872 19885 I art     : Starting a blocking GC Explicit
08-05 20:42:48.519 19872 19885 I art     : Explicit concurrent mark sweep GC freed 28(1024B) AllocSpace objects, 0(0B) LOS objects, 23% free, 52MB/68MB, paused 299us total 17.563ms
08-05 20:42:48.526 19872 19885 I art     : Starting a blocking GC Explicit
08-05 20:42:48.543 19872 19885 I art     : Explicit concurrent mark sweep GC freed 3(96B) AllocSpace objects, 0(0B) LOS objects, 23% free, 52MB/68MB, paused 299us total 16.638ms
08-05 20:42:48.550 19872 19885 I art     : Starting a blocking GC Explicit
08-05 20:42:48.567 19872 19885 I art     : Explicit concurrent mark sweep GC freed 3(96B) AllocSpace objects, 0(0B) LOS objects, 23% free, 52MB/68MB, paused 414us total 16.702ms
08-05 20:42:48.574 19872 19885 I art     : Starting a blocking GC Explicit
08-05 20:42:48.591 19872 19885 I art     : Explicit concurrent mark sweep GC freed 3(96B) AllocSpace objects, 0(0B) LOS objects, 23% free, 52MB/68MB, paused 298us total 16.599ms
08-05 20:42:48.652 19467 19467 I ServiceManager: Waiting for service AtCmdFwd...
08-05 20:42:48.915 19872 20180 I art     : Starting a blocking GC Explicit
08-05 20:42:48.942 19872 20180 I art     : Explicit concurrent mark sweep GC freed 1548(90KB) AllocSpace objects, 1(20KB) LOS objects, 23% free, 52MB/68MB, paused 464us total 26.371ms
08-05 20:42:48.952 19872 20180 I art     : Starting a blocking GC Explicit
08-05 20:42:48.970 19872 20180 I art     : Explicit concurrent mark sweep GC freed 28(1024B) AllocSpace objects, 0(0B) LOS objects, 23% free, 52MB/68MB, paused 312us total 17.754ms
08-05 20:42:48.977 19872 20180 I art     : Starting a blocking GC Explicit
08-05 20:42:48.994 19872 20180 I art     : Explicit concurrent mark sweep GC freed 3(96B) AllocSpace objects, 0(0B) LOS objects, 23% free, 52MB/68MB, paused 292us total 16.915ms
08-05 20:42:49.001 19872 20180 I art     : Starting a blocking GC Explicit
08-05 20:42:49.018 19872 20180 I art     : Explicit concurrent mark sweep GC freed 3(96B) AllocSpace objects, 0(0B) LOS objects, 23% free, 52MB/68MB, paused 292us total 16.980ms
08-05 20:42:49.025 19872 20180 I art     : Starting a blocking GC Explicit
08-05 20:42:49.042 19872 20180 I art     : Explicit concurrent mark sweep GC freed 3(96B) AllocSpace objects, 0(0B) LOS objects, 23% free, 52MB/68MB, paused 346us total 16.351ms
08-05 20:42:49.351 19872 19884 I art     : Starting a blocking GC Explicit
08-05 20:42:49.375 19872 19884 I art     : Explicit concurrent mark sweep GC freed 1548(90KB) AllocSpace objects, 1(20KB) LOS objects, 23% free, 52MB/68MB, paused 363us total 23.942ms
08-05 20:42:49.386 19872 19884 I art     : Starting a blocking GC Explicit
08-05 20:42:49.407 19872 19884 I art     : Explicit concurrent mark sweep GC freed 28(1024B) AllocSpace objects, 0(0B) LOS objects, 23% free, 52MB/68MB, paused 374us total 21.296ms
08-05 20:42:49.416 19872 19884 I art     : Starting a blocking GC Explicit
08-05 20:42:49.433 19872 19884 I art     : Explicit concurrent mark sweep GC freed 3(96B) AllocSpace objects, 0(0B) LOS objects, 23% free, 52MB/68MB, paused 305us total 17.454ms
08-05 20:42:49.441 19872 19884 I art     : Starting a blocking GC Explicit
08-05 20:42:49.458 19872 19884 I art     : Explicit concurrent mark sweep GC freed 3(96B) AllocSpace objects, 0(0B) LOS objects, 23% free, 52MB/68MB, paused 306us total 17.188ms
08-05 20:42:49.465 19872 19884 I art     : Starting a blocking GC Explicit
08-05 20:42:49.481 19872 19884 I art     : Explicit concurrent mark sweep GC freed 3(96B) AllocSpace objects, 0(0B) LOS objects, 23% free, 52MB/68MB, paused 301us total 16.586ms
08-05 20:42:49.653 19467 19467 I ServiceManager: Waiting for service AtCmdFwd...
08-05 20:42:49.799 19872 19974 I art     : Starting a blocking GC Explicit
08-05 20:42:49.824 19872 19974 I art     : Explicit concurrent mark sweep GC freed 1548(90KB) AllocSpace objects, 1(20KB) LOS objects, 23% free, 52MB/68MB, paused 354us total 24.841ms
08-05 20:42:49.835 19872 19974 I art     : Starting a blocking GC Explicit
08-05 20:42:49.852 19872 19974 I art     : Explicit concurrent mark sweep GC freed 28(1024B) AllocSpace objects, 0(0B) LOS objects, 23% free, 52MB/68MB, paused 302us total 17.382ms
08-05 20:42:49.859 19872 19974 I art     : Starting a blocking GC Explicit
08-05 20:42:49.877 19872 19974 I art     : Explicit concurrent mark sweep GC freed 3(96B) AllocSpace objects, 0(0B) LOS objects, 23% free, 52MB/68MB, paused 291us total 17.124ms
08-05 20:42:49.883 19872 19974 I art     : Starting a blocking GC Explicit
08-05 20:42:49.900 19872 19974 I art     : Explicit concurrent mark sweep GC freed 3(96B) AllocSpace objects, 0(0B) LOS objects, 23% free, 52MB/68MB, paused 315us total 16.557ms
08-05 20:42:49.907 19872 19974 I art     : Starting a blocking GC Explicit
08-05 20:42:49.924 19872 19974 I art     : Explicit concurrent mark sweep GC freed 3(96B) AllocSpace objects, 0(0B) LOS objects, 23% free, 52MB/68MB, paused 293us total 16.786ms
08-05 20:42:50.249 19872 19885 I art     : Starting a blocking GC Explicit
08-05 20:42:50.270 19872 19885 I art     : Explicit concurrent mark sweep GC freed 1548(90KB) AllocSpace objects, 1(20KB) LOS objects, 23% free, 52MB/68MB, paused 317us total 20.554ms
08-05 20:42:50.277 19872 19885 I art     : Starting a blocking GC Explicit
08-05 20:42:50.294 19872 19885 I art     : Explicit concurrent mark sweep GC freed 28(1024B) AllocSpace objects, 0(0B) LOS objects, 23% free, 52MB/68MB, paused 331us total 16.489ms
08-05 20:42:50.300 19872 19885 I art     : Starting a blocking GC Explicit
08-05 20:42:50.317 19872 19885 I art     : Explicit concurrent mark sweep GC freed 3(96B) AllocSpace objects, 0(0B) LOS objects, 23% free, 52MB/68MB, paused 317us total 16.512ms
08-05 20:42:50.324 19872 19885 I art     : Starting a blocking GC Explicit
08-05 20:42:50.341 19872 19885 I art     : Explicit concurrent mark sweep GC freed 3(96B) AllocSpace objects, 0(0B) LOS objects, 23% free, 52MB/68MB, paused 288us total 16.621ms
08-05 20:42:50.347 19872 19885 I art     : Starting a blocking GC Explicit
08-05 20:42:50.364 19872 19885 I art     : Explicit concurrent mark sweep GC freed 3(96B) AllocSpace objects, 0(0B) LOS objects, 23% free, 52MB/68MB, paused 298us total 16.651ms
08-05 20:42:50.654 19467 19467 I ServiceManager: Waiting for service AtCmdFwd...
08-05 20:42:50.686 19872 20180 I art     : Starting a blocking GC Explicit
08-05 20:42:50.713 19872 20180 I art     : Explicit concurrent mark sweep GC freed 1548(90KB) AllocSpace objects, 1(20KB) LOS objects, 23% free, 52MB/68MB, paused 363us total 27.040ms
08-05 20:42:50.724 19872 20180 I art     : Starting a blocking GC Explicit
08-05 20:42:50.742 19872 20180 I art     : Explicit concurrent mark sweep GC freed 28(1024B) AllocSpace objects, 0(0B) LOS objects, 23% free, 52MB/68MB, paused 305us total 17.439ms
08-05 20:42:50.749 19872 20180 I art     : Starting a blocking GC Explicit
08-05 20:42:50.766 19872 20180 I art     : Explicit concurrent mark sweep GC freed 3(96B) AllocSpace objects, 0(0B) LOS objects, 23% free, 52MB/68MB, paused 309us total 16.996ms
08-05 20:42:50.773 19872 20180 I art     : Starting a blocking GC Explicit
08-05 20:42:50.790 19872 20180 I art     : Explicit concurrent mark sweep GC freed 3(96B) AllocSpace objects, 0(0B) LOS objects, 23% free, 52MB/68MB, paused 302us total 16.847ms
08-05 20:42:50.797 19872 20180 I art     : Starting a blocking GC Explicit
08-05 20:42:50.813 19872 20180 I art     : Explicit concurrent mark sweep GC freed 3(96B) AllocSpace objects, 0(0B) LOS objects, 23% free, 52MB/68MB, paused 288us total 16.386ms
08-05 20:42:51.050   918  3261 D WifiStateMachine: starting scan for "H369AA63323"WPA_PSK with 2412,5180
08-05 20:42:51.125 19872 19884 I art     : Starting a blocking GC Explicit
08-05 20:42:51.144 19872 19884 I art     : Explicit concurrent mark sweep GC freed 1548(90KB) AllocSpace objects, 1(20KB) LOS objects, 23% free, 52MB/68MB, paused 333us total 19.191ms
08-05 20:42:51.151 19872 19884 I art     : Starting a blocking GC Explicit
08-05 20:42:51.169 19872 19884 I art     : Explicit concurrent mark sweep GC freed 28(1024B) AllocSpace objects, 0(0B) LOS objects, 23% free, 52MB/68MB, paused 303us total 17.390ms
08-05 20:42:51.176 19872 19884 I art     : Starting a blocking GC Explicit
08-05 20:42:51.192 19872 19884 I art     : Explicit concurrent mark sweep GC freed 3(96B) AllocSpace objects, 0(0B) LOS objects, 23% free, 52MB/68MB, paused 302us total 15.724ms
08-05 20:42:51.199 19872 19884 I art     : Starting a blocking GC Explicit
08-05 20:42:51.215 19872 19884 I art     : Explicit concurrent mark sweep GC freed 3(96B) AllocSpace objects, 0(0B) LOS objects, 23% free, 52MB/68MB, paused 351us total 15.596ms
08-05 20:42:51.221 19872 19884 I art     : Starting a blocking GC Explicit
08-05 20:42:51.237 19872 19884 I art     : Explicit concurrent mark sweep GC freed 3(96B) AllocSpace objects, 0(0B) LOS objects, 23% free, 52MB/68MB, paused 360us total 15.405ms
08-05 20:42:51.539 19872 19974 I art     : Starting a blocking GC Explicit
08-05 20:42:51.539 20736 20736 D AndroidRuntime: >>>>>> START com.android.internal.os.RuntimeInit uid 2000 <<<<<<
08-05 20:42:51.545 20736 20736 D AndroidRuntime: CheckJNI is OFF
08-05 20:42:51.559 19872 19974 I art     : Explicit concurrent mark sweep GC freed 1548(90KB) AllocSpace objects, 1(20KB) LOS objects, 23% free, 52MB/68MB, paused 387us total 20.480ms
08-05 20:42:51.566 19872 19974 I art     : Starting a blocking GC Explicit
08-05 20:42:51.577 20736 20736 D ICU     : No timezone override file found: /data/misc/zoneinfo/current/icu/icu_tzdata.dat
08-05 20:42:51.583 19872 19974 I art     : Explicit concurrent mark sweep GC freed 28(1024B) AllocSpace objects, 0(0B) LOS objects, 23% free, 52MB/68MB, paused 318us total 16.436ms
08-05 20:42:51.589 19872 19974 I art     : Starting a blocking GC Explicit
08-05 20:42:51.602 20736 20736 I Radio-JNI: register_android_hardware_Radio DONE
08-05 20:42:51.604 19872 19974 I art     : Explicit concurrent mark sweep GC freed 3(96B) AllocSpace objects, 0(0B) LOS objects, 23% free, 52MB/68MB, paused 298us total 14.750ms
08-05 20:42:51.610 19872 19974 I art     : Starting a blocking GC Explicit
08-05 20:42:51.618 20736 20736 D AndroidRuntime: Calling main entry com.android.commands.input.Input
08-05 20:42:51.619 20736 20736 I Input   : injectKeyEvent: KeyEvent { action=ACTION_DOWN, keyCode=KEYCODE_BACK, scanCode=0, metaState=0, flags=0x0, repeatCount=0, eventTime=823388032, downTime=823388032, deviceId=-1, source=0x101 }
08-05 20:42:51.625 19872 19974 I art     : Explicit concurrent mark sweep GC freed 3(96B) AllocSpace objects, 0(0B) LOS objects, 23% free, 52MB/68MB, paused 395us total 14.925ms
08-05 20:42:51.628 20736 20736 I Input   : injectKeyEvent: KeyEvent { action=ACTION_UP, keyCode=KEYCODE_BACK, scanCode=0, metaState=0, flags=0x0, repeatCount=0, eventTime=823388032, downTime=823388032, deviceId=-1, source=0x101 }
08-05 20:42:51.631 19872 19974 I art     : Starting a blocking GC Explicit
08-05 20:42:51.633 20736 20736 D AndroidRuntime: Shutting down VM
08-05 20:42:51.633 19872 19872 D NappaLifecycleObserver: nappatfpr.appteam.nith.hillffair.activities.ClubActivity - onPause
08-05 20:42:51.634 19872 19872 D Nappa   : Stayed on nappatfpr.appteam.nith.hillffair.activities.ClubActivity for 12456 ms
08-05 20:42:51.639 19872 19872 D NappaLifecycleObserver: nappatfpr.appteam.nith.hillffair.activities.BattleDayActivity - onResume
08-05 20:42:51.639 19872 19872 D Nappa   : setCurrentActivity - MetricStrategyAccuracy - 
08-05 20:42:51.639 19872 19872 D Nappa   : madePredictionFromActivity = true, 
08-05 20:42:51.639 19872 19872 D Nappa   : fromActivity = nappatfpr.appteam.nith.hillffair.activities.ClubActivity, 
08-05 20:42:51.639 19872 19872 D Nappa   : predictedNextActivityFromActivity = [], 
08-05 20:42:51.639 19872 19872 D Nappa   : activity.getClass().getCanonicalName() = nappatfpr.appteam.nith.hillffair.activities.BattleDayActivity, 
08-05 20:42:51.639 19872 19872 D Nappa   : setCurrentActivity - MetricStrategyAccuracy - 
08-05 20:42:51.639 19872 19872 D Nappa   : madePredictionFromExtra = false, 
08-05 20:42:51.639 19872 19872 D Nappa   : fromActivity = nappatfpr.appteam.nith.hillffair.activities.ClubActivity, 
08-05 20:42:51.639 19872 19872 D Nappa   : predictedNextActivityFromExtra = [], 
08-05 20:42:51.639 19872 19872 D Nappa   : activity.getClass().getCanonicalName() = nappatfpr.appteam.nith.hillffair.activities.BattleDayActivity, 
08-05 20:42:51.639 19872 19872 D Nappa   : PREFETCH_ON_EXTRA - setCurrentActivity - logs - from activity - made prediction istrue
08-05 20:42:51.639 19872 19872 D Nappa   : PREFETCH_ON_EXTRA - setCurrentActivity - logs - from activity - start
08-05 20:42:51.639 19872 19872 I NAPPA_EXPERIMENTATION: MetricStrategyAccuracy: LOG_ID='4',EXECUTION_COUNT='4',CASES_COUNT='4',HIT_PERCENTAGE_TOTAL='50.0',HIT_PERCENTAGE_WHEN_PREDICTED='100.0',HIT_COUNT='2',MISS_COUNT='0',INSUFFICIENT_SCORE_COUNT='1',EXCEPTION_COUNT='0',NO_SUCCESSOR_COUNT='1',
08-05 20:42:51.639 19872 19872 D Nappa   : PREFETCH_ON_EXTRA - setCurrentActivity - logs - from activity- finished
08-05 20:42:51.648 19872 19974 I art     : Explicit concurrent mark sweep GC freed 337(25KB) AllocSpace objects, 0(0B) LOS objects, 23% free, 52MB/68MB, paused 372us total 15.978ms
08-05 20:42:51.654 19467 19467 W Atfwd_Sendcmd: AtCmdFwd service not published, waiting... retryCnt : 3
08-05 20:42:51.740 19872 19872 D Nappa   : registerActivity: (already in) nappatfpr.appteam.nith.hillffair.activities.BattleDayActivity
08-05 20:42:51.740 19872 19872 D ActivityGraph: LARDataCalculatedUpdate nappatfpr.appteam.nith.hillffair.activities.BattleDayActivity Pagerank: 0.25 HITS-Authority: 1.0 HITS-Hub: 1.0 SALSA-Authority: 1.0 SALSA-Hub: 1.0
08-05 20:42:51.740 19872 19872 D Nappa   : SHOULD_PREFETCH false
08-05 20:42:51.740 19872 19872 D Nappa   : STATS Number of requests not prefetched: 2
08-05 20:42:51.740 19872 19872 D Nappa   : STATS Number of requests prefetched: 0
08-05 20:42:51.740 19872 19872 D Nappa   : STATS Time saved until now: 0.0
08-05 20:42:51.764 13866 13866 I GoogleInputMethodServic: GoogleInputMethodService.onFinishInput():3138 
08-05 20:42:51.764 19872 19872 D ActivityNode: Observer - successor visit time - SplashActivity - Updating the visit time from the successors list:
08-05 20:42:51.764 19872 19872 D ActivityNode: [AggregateVisitTimeByActivity{nappatfpr.appteam.nith.hillffair.activities.HomeActivity : 15047 ms}]
08-05 20:42:51.765 19872 19872 D ActivityNode: Observer - successor visit time - HomeActivity - Updating the visit time from the successors list:
08-05 20:42:51.765 19872 19872 D ActivityNode: [AggregateVisitTimeByActivity{nappatfpr.appteam.nith.hillffair.activities.BattleDayActivity : 60505 ms}, AggregateVisitTimeByActivity{nappatfpr.appteam.nith.hillffair.activities.QuizActivity : 21280 ms}, AggregateVisitTimeByActivity{nappatfpr.appteam.nith.hillffair.activities.EventActivity : 52907 ms}]
08-05 20:42:51.765 19872 19872 D ActivityNode: Observer - visit time - ClubActivity - New aggregate visit time found is 248681 ms
08-05 20:42:51.765 19872 19872 D ActivityNode: Observer - successor visit time - BattleDayActivity - Updating the visit time from the successors list:
08-05 20:42:51.765 19872 19872 D ActivityNode: [AggregateVisitTimeByActivity{nappatfpr.appteam.nith.hillffair.activities.ClubActivity : 137781 ms}]
08-05 20:42:51.765 19872 19872 D ActivityNode: Observer - successor visit time - QuizActivity - Updating the visit time from the successors list:
08-05 20:42:51.765 19872 19872 D ActivityNode: [AggregateVisitTimeByActivity{nappatfpr.appteam.nith.hillffair.activities.LeaderBoardActivity : 54903 ms}, AggregateVisitTimeByActivity{nappatfpr.appteam.nith.hillffair.activities.InformationActivity : 18480 ms}]
08-05 20:42:51.765 19872 19872 D ActivityNode: Observer - successor visit time - EventActivity - Updating the visit time from the successors list:
08-05 20:42:51.765 19872 19872 D ActivityNode: [AggregateVisitTimeByActivity{nappatfpr.appteam.nith.hillffair.activities.ClubActivity : 110900 ms}]
08-05 20:42:51.765 13866 13866 I GoogleInputMethodServic: GoogleInputMethodService.onStartInput():1808 
08-05 20:42:51.867 19872 20180 I art     : Starting a blocking GC Explicit
08-05 20:42:51.883 19872 20180 I art     : Explicit concurrent mark sweep GC freed 2116(132KB) AllocSpace objects, 1(20KB) LOS objects, 23% free, 52MB/68MB, paused 304us total 15.787ms
08-05 20:42:51.891 19872 20180 I art     : Starting a blocking GC Explicit
08-05 20:42:51.912 19872 20180 I art     : Explicit concurrent mark sweep GC freed 338(12KB) AllocSpace objects, 0(0B) LOS objects, 23% free, 52MB/68MB, paused 292us total 20.870ms
08-05 20:42:51.918 19872 20180 I art     : Starting a blocking GC Explicit
08-05 20:42:51.934 19872 20180 I art     : Explicit concurrent mark sweep GC freed 3(96B) AllocSpace objects, 0(0B) LOS objects, 23% free, 52MB/68MB, paused 277us total 15.713ms
08-05 20:42:51.942 19872 20180 I art     : Starting a blocking GC Explicit
08-05 20:42:51.958 19872 20180 I art     : Explicit concurrent mark sweep GC freed 3(96B) AllocSpace objects, 0(0B) LOS objects, 23% free, 52MB/68MB, paused 289us total 16.403ms
08-05 20:42:51.965 19872 20180 I art     : Starting a blocking GC Explicit
08-05 20:42:51.981 19872 20180 I art     : Explicit concurrent mark sweep GC freed 3(96B) AllocSpace objects, 0(0B) LOS objects, 23% free, 52MB/68MB, paused 315us total 16.089ms
08-05 20:42:52.040 19872 19904 D Nappa   : PREFETCH_ON_EXTRA - setCurrentActivity - logs - from extra - made prediction isfalse
08-05 20:42:52.051 19872 19872 D NappaLifecycleObserver: nappatfpr.appteam.nith.hillffair.activities.ClubActivity - onDestroy
08-05 20:42:52.051 19872 19872 D NappaLifecycleObserver: -------------F1_SCORE #5 -----------
08-05 20:42:52.051   380   380 W SurfaceFlinger: couldn't log to binary event log: overflow.
08-05 20:42:52.051 19872 19872 D NappaLifecycleObserver: F1_SCORE - Intercept list (1)= [https://api-hillfair-2k16.herokuapp.com/api/app/events/special]
08-05 20:42:52.051 19872 19872 D NappaLifecycleObserver: F1_SCORE - Prefetch list (1)= [https://api-hillfair-2k16.herokuapp.com/api/app/events/special/event?id=5806551bdcba0f490c70fd1f]
08-05 20:42:52.051 19872 19872 D NappaLifecycleObserver: F1_SCORE - TP list (0)= []
08-05 20:42:52.051 19872 19872 D NappaLifecycleObserver: F1_SCORE - FN list (1)= [https://api-hillfair-2k16.herokuapp.com/api/app/events/special]
08-05 20:42:52.051 19872 19872 I NAPPA_EXPERIMENTATION: MetricPrefetchingAccuracy: LOG_ID='6',F1_SCORE_1='0.0',F1_SCORE_2='0.0',TRUE_POSITIVE='0',FALSE_POSITIVE='1',FALSE_NEGATIVE='1',
08-05 20:42:52.258 19872 19974 I art     : Starting a blocking GC Explicit
08-05 20:42:52.287 19872 19974 I art     : Explicit concurrent mark sweep GC freed 1800(109KB) AllocSpace objects, 1(20KB) LOS objects, 23% free, 52MB/68MB, paused 359us total 28.300ms
08-05 20:42:52.299 19872 19974 I art     : Starting a blocking GC Explicit
08-05 20:42:52.316 19872 19974 I art     : Explicit concurrent mark sweep GC freed 1693(108KB) AllocSpace objects, 3(400KB) LOS objects, 23% free, 52MB/68MB, paused 296us total 17.029ms
08-05 20:42:52.323 19872 19974 I art     : Starting a blocking GC Explicit
08-05 20:42:52.340 19872 19974 I art     : Explicit concurrent mark sweep GC freed 3(96B) AllocSpace objects, 0(0B) LOS objects, 23% free, 52MB/68MB, paused 299us total 16.474ms
08-05 20:42:52.347 19872 19974 I art     : Starting a blocking GC Explicit
08-05 20:42:52.364 19872 19974 I art     : Explicit concurrent mark sweep GC freed 3(96B) AllocSpace objects, 0(0B) LOS objects, 23% free, 52MB/68MB, paused 309us total 16.155ms
08-05 20:42:52.370 19872 19974 I art     : Starting a blocking GC Explicit
08-05 20:42:52.387 19872 19974 I art     : Explicit concurrent mark sweep GC freed 3(96B) AllocSpace objects, 0(0B) LOS objects, 23% free, 52MB/68MB, paused 379us total 16.062ms
08-05 20:42:52.672 19872 19885 I art     : Starting a blocking GC Explicit
08-05 20:42:52.695 19872 19885 I art     : Explicit concurrent mark sweep GC freed 1546(89KB) AllocSpace objects, 1(20KB) LOS objects, 23% free, 52MB/68MB, paused 353us total 22.605ms
08-05 20:42:52.705 19872 19885 I art     : Starting a blocking GC Explicit
08-05 20:42:52.723 19872 19885 I art     : Explicit concurrent mark sweep GC freed 28(1024B) AllocSpace objects, 0(0B) LOS objects, 23% free, 52MB/68MB, paused 313us total 16.974ms
08-05 20:42:52.730 19872 19885 I art     : Starting a blocking GC Explicit
08-05 20:42:52.747 19872 19885 I art     : Explicit concurrent mark sweep GC freed 3(96B) AllocSpace objects, 0(0B) LOS objects, 23% free, 52MB/68MB, paused 421us total 16.853ms
08-05 20:42:52.753 19872 19885 I art     : Starting a blocking GC Explicit
08-05 20:42:52.769 19872 19885 I art     : Explicit concurrent mark sweep GC freed 3(96B) AllocSpace objects, 0(0B) LOS objects, 23% free, 52MB/68MB, paused 300us total 15.783ms
08-05 20:42:52.776 19872 19885 I art     : Starting a blocking GC Explicit
08-05 20:42:52.792 19872 19885 I art     : Explicit concurrent mark sweep GC freed 3(96B) AllocSpace objects, 0(0B) LOS objects, 23% free, 52MB/68MB, paused 298us total 15.839ms
08-05 20:42:53.033 19872 19884 I art     : Starting a blocking GC Explicit
08-05 20:42:53.050 19872 19884 I art     : Explicit concurrent mark sweep GC freed 1547(90KB) AllocSpace objects, 1(20KB) LOS objects, 23% free, 52MB/68MB, paused 318us total 16.724ms
08-05 20:42:53.057 19872 19884 I art     : Starting a blocking GC Explicit
08-05 20:42:53.074 19872 19884 I art     : Explicit concurrent mark sweep GC freed 28(1024B) AllocSpace objects, 0(0B) LOS objects, 23% free, 52MB/68MB, paused 311us total 16.485ms
08-05 20:42:53.081 19872 19884 I art     : Starting a blocking GC Explicit
08-05 20:42:53.097 19872 19884 I art     : Explicit concurrent mark sweep GC freed 3(96B) AllocSpace objects, 0(0B) LOS objects, 23% free, 52MB/68MB, paused 328us total 15.525ms
08-05 20:42:53.103 19872 19884 I art     : Starting a blocking GC Explicit
08-05 20:42:53.120 19872 19884 I art     : Explicit concurrent mark sweep GC freed 3(96B) AllocSpace objects, 0(0B) LOS objects, 23% free, 52MB/68MB, paused 290us total 16.009ms
08-05 20:42:53.126 19872 19884 I art     : Starting a blocking GC Explicit
08-05 20:42:53.141 19872 19884 I art     : Explicit concurrent mark sweep GC freed 3(96B) AllocSpace objects, 0(0B) LOS objects, 23% free, 52MB/68MB, paused 301us total 14.987ms
08-05 20:42:53.201 20792 20792 D AndroidRuntime: >>>>>> START com.android.internal.os.RuntimeInit uid 2000 <<<<<<
08-05 20:42:53.205 20792 20792 D AndroidRuntime: CheckJNI is OFF
08-05 20:42:53.234 20792 20792 D ICU     : No timezone override file found: /data/misc/zoneinfo/current/icu/icu_tzdata.dat
08-05 20:42:53.264 20792 20792 I Radio-JNI: register_android_hardware_Radio DONE
08-05 20:42:53.282 20792 20792 D AndroidRuntime: Calling main entry com.android.commands.input.Input
08-05 20:42:53.284 20792 20792 I Input   : injectMotionEvent: MotionEvent { action=ACTION_DOWN, actionButton=0, id[0]=0, x[0]=733.0, y[0]=1370.0, toolType[0]=TOOL_TYPE_UNKNOWN, buttonState=0, metaState=0, flags=0x0, edgeFlags=0x0, pointerCount=1, historySize=0, eventTime=823389696, downTime=823389696, deviceId=0, source=0x1002 }
08-05 20:42:53.290 20792 20792 I Input   : injectMotionEvent: MotionEvent { action=ACTION_UP, actionButton=0, id[0]=0, x[0]=733.0, y[0]=1370.0, toolType[0]=TOOL_TYPE_UNKNOWN, buttonState=0, metaState=0, flags=0x0, edgeFlags=0x0, pointerCount=1, historySize=0, eventTime=823389696, downTime=823389696, deviceId=0, source=0x1002 }
08-05 20:42:53.291 19872 19872 D NappaIntentExtras: ==================
08-05 20:42:53.291 19872 19904 D Nappa   : PREFETCH_ON_EXTRA - notifyExtras- start
08-05 20:42:53.291 19872 19872 D NappaIntentExtras: Log #5
08-05 20:42:53.291 19872 19872 D NappaIntentExtras: ------------------
08-05 20:42:53.291 19872 19872 D NappaIntentExtras: activity nappatfpr.appteam.nith.hillffair.activities.QuizActivity
08-05 20:42:53.291 19872 19872 D NappaIntentExtras: 	- No extras registered
08-05 20:42:53.292 19872 19872 D NappaIntentExtras: activity nappatfpr.appteam.nith.hillffair.activities.InformationActivity
08-05 20:42:53.292 19872 19872 D NappaIntentExtras: 	- No extras registered
08-05 20:42:53.292 19872 19872 D NappaIntentExtras: activity nappatfpr.appteam.nith.hillffair.activities.BattleDayActivity
08-05 20:42:53.292 19872 19872 D NappaIntentExtras: 	- 3 extras registered
08-05 20:42:53.292 19872 19872 D NappaIntentExtras: 	- name : Dance
08-05 20:42:53.292 19872 19872 D NappaIntentExtras: 	- id : 580655cddcba0f490c70fdd0
08-05 20:42:53.292 19872 19872 D NappaIntentExtras: 	- battleday : true
08-05 20:42:53.292 19872 19872 D NappaIntentExtras: activity nappatfpr.appteam.nith.hillffair.activities.HomeActivity
08-05 20:42:53.292 19872 19872 D NappaIntentExtras: 	- No extras registered
08-05 20:42:53.292 19872 19872 D NappaIntentExtras: activity nappatfpr.appteam.nith.hillffair.activities.ClubActivity
08-05 20:42:53.292 19872 19904 I NAPPA_EXPERIMENTATION: MetricNappaPrefetchingStrategyExecutionTime: STRATEGY_CLASS='TfprPrefetchingStrategy',DURATION='623281',NUMBER_OF_URLS='1',NUMBER_OF_SELECTED_CHILDREN_NODES='1',NUMBER_OF_CHILDREN_NODES='1',STRATEGY_RUN_SUCCESSFULLY='True',
08-05 20:42:53.292 19872 19872 D NappaIntentExtras: 	- No extras registered
08-05 20:42:53.292 19872 19904 D TfprPrefetchingStrategy: ==================================
08-05 20:42:53.292 19872 19872 D NappaIntentExtras: activity nappatfpr.appteam.nith.hillffair.activities.SplashActivity
08-05 20:42:53.292 19872 19904 D TfprPrefetchingStrategy: Starting Run #5
08-05 20:42:53.292 19872 19904 D TfprPrefetchingStrategy: ----------------------------------
08-05 20:42:53.292 19872 19872 D NappaIntentExtras: 	- No extras registered
08-05 20:42:53.292 19872 19904 D TfprPrefetchingStrategy: Node data BattleDayActivity 
08-05 20:42:53.292 19872 19904 D TfprPrefetchingStrategy: 	Successors:
08-05 20:42:53.292 19872 19904 D TfprPrefetchingStrategy: 		ClubActivity (1 hits)
08-05 20:42:53.292 19872 19904 D TfprPrefetchingStrategy: 	Ancestors:
08-05 20:42:53.292 19872 19904 D TfprPrefetchingStrategy: 		HomeActivity (0 hits)
08-05 20:42:53.292 19872 19904 D TfprPrefetchingStrategy: 
08-05 20:42:53.292 19872 19904 D TfprPrefetchingStrategy: MetricStrategyAccuracy inc execution count5 | act = false; extra = true
08-05 20:42:53.292 19872 19872 D NappaIntentExtras: activity nappatfpr.appteam.nith.hillffair.activities.EventActivity
08-05 20:42:53.292 19872 19904 D TfprPrefetchingStrategy: ===
08-05 20:42:53.292 19872 19872 D NappaIntentExtras: 	- No extras registered
08-05 20:42:53.292 19872 19904 D TfprPrefetchingStrategy: calculateVisitTimeScores
08-05 20:42:53.292 19872 19904 D TfprPrefetchingStrategy: -------- Node EventActivity-----------
08-05 20:42:53.292 19872 19872 D NappaIntentExtras: activity nappatfpr.appteam.nith.hillffair.activities.LeaderBoardActivity
08-05 20:42:53.292 19872 19904 D TfprPrefetchingStrategy: tfprNode.aggregateVisitTime = 94017
08-05 20:42:53.292 19872 19904 D TfprPrefetchingStrategy: tfprNode.totalAggregateVisitTimeFromSuccessors = 110900
08-05 20:42:53.293 19872 19872 D NappaIntentExtras: 	- No extras registered
08-05 20:42:53.293 19872 19904 D TfprPrefetchingStrategy: tfprNode.aggregateVisitTimeFromSuccessors = {nappatfpr.appteam.nith.hillffair.activities.ClubActivity=110900}
08-05 20:42:53.293 19872 19904 D TfprPrefetchingStrategy: -------- Node BattleDayActivity-----------
08-05 20:42:53.293 19872 19872 D NappaIntentExtras: ==================
08-05 20:42:53.293 19872 19904 D TfprPrefetchingStrategy: tfprNode.aggregateVisitTime = 100037
08-05 20:42:53.293 19872 19904 D TfprPrefetchingStrategy: tfprNode.totalAggregateVisitTimeFromSuccessors = 137781
08-05 20:42:53.293 19872 19904 D TfprPrefetchingStrategy: tfprNode.aggregateVisitTimeFromSuccessors = {nappatfpr.appteam.nith.hillffair.activities.ClubActivity=137781}
08-05 20:42:53.293 19872 19904 D TfprPrefetchingStrategy: -------- Node ClubActivity-----------
08-05 20:42:53.293 19872 19904 D TfprPrefetchingStrategy: tfprNode.aggregateVisitTime = 248681
08-05 20:42:53.293 19872 19904 D TfprPrefetchingStrategy: tfprNode.totalAggregateVisitTimeFromSuccessors = 0
08-05 20:42:53.293 19872 19904 D TfprPrefetchingStrategy: tfprNode.aggregateVisitTimeFromSuccessors = {}
08-05 20:42:53.293 19872 19904 D TfprPrefetchingStrategy: -------- Graph -----------
08-05 20:42:53.293 19872 19904 D TfprPrefetchingStrategy: tfprGraph.aggregateVisitTimeFromSuccessors = 442735
08-05 20:42:53.293 19872 19904 D TfprPrefetchingStrategy: ===
08-05 20:42:53.293 19872 19904 D TfprPrefetchingStrategy: ===
08-05 20:42:53.293 19872 19904 D TfprPrefetchingStrategy: runTfprAlgorithm
08-05 20:42:53.293 19872 19904 D TfprPrefetchingStrategy: ------------- TFPR calculation #1 of 10 -----------
08-05 20:42:53.293 19872 19904 D TfprPrefetchingStrategy: node EventActivity score = 0.18050177
08-05 20:42:53.293 19872 19904 D TfprPrefetchingStrategy: node BattleDayActivity score = 0.19205947
08-05 20:42:53.293 19872 19904 D TfprPrefetchingStrategy: node ClubActivity score = 0.53332293
08-05 20:42:53.293 19872 19904 D TfprPrefetchingStrategy: ------------- TFPR calculation #2 of 10 -----------
08-05 20:42:53.293 19872 19904 D TfprPrefetchingStrategy: node EventActivity score = 0.18050177
08-05 20:42:53.293 19872 19904 D TfprPrefetchingStrategy: node BattleDayActivity score = 0.19205947
08-05 20:42:53.293 19872 19904 D TfprPrefetchingStrategy: node ClubActivity score = 0.53332293
08-05 20:42:53.293 19872 19904 D TfprPrefetchingStrategy: ------------- TFPR calculation #3 of 10 -----------
08-05 20:42:53.293 19872 19904 D TfprPrefetchingStrategy: node EventActivity score = 0.18050177
08-05 20:42:53.293 19872 19904 D TfprPrefetchingStrategy: node BattleDayActivity score = 0.19205947
08-05 20:42:53.293 19872 19904 D TfprPrefetchingStrategy: node ClubActivity score = 0.53332293
08-05 20:42:53.293 19872 19904 D TfprPrefetchingStrategy: ------------- TFPR calculation #4 of 10 -----------
08-05 20:42:53.293 19872 19904 D TfprPrefetchingStrategy: node EventActivity score = 0.18050177
08-05 20:42:53.293 19872 19904 D TfprPrefetchingStrategy: node BattleDayActivity score = 0.19205947
08-05 20:42:53.293   918  3696 I ActivityManager: START u0 {cmp=nappatfpr.appteam.nith.hillffair/.activities.ClubActivity (has extras)} from uid 10681 on display 0
08-05 20:42:53.293 19872 19904 D TfprPrefetchingStrategy: node ClubActivity score = 0.53332293
08-05 20:42:53.293 19872 19904 D TfprPrefetchingStrategy: ------------- TFPR calculation #5 of 10 -----------
08-05 20:42:53.293 19872 19904 D TfprPrefetchingStrategy: node EventActivity score = 0.18050177
08-05 20:42:53.293 19872 19904 D TfprPrefetchingStrategy: node BattleDayActivity score = 0.19205947
08-05 20:42:53.293 19872 19904 D TfprPrefetchingStrategy: node ClubActivity score = 0.53332293
08-05 20:42:53.293 19872 19904 D TfprPrefetchingStrategy: ------------- TFPR calculation #6 of 10 -----------
08-05 20:42:53.294 19872 19904 D TfprPrefetchingStrategy: node EventActivity score = 0.18050177
08-05 20:42:53.294 19872 19904 D TfprPrefetchingStrategy: node BattleDayActivity score = 0.19205947
08-05 20:42:53.294 19872 19904 D TfprPrefetchingStrategy: node ClubActivity score = 0.53332293
08-05 20:42:53.294 19872 19904 D TfprPrefetchingStrategy: ------------- TFPR calculation #7 of 10 -----------
08-05 20:42:53.294 19872 19904 D TfprPrefetchingStrategy: node EventActivity score = 0.18050177
08-05 20:42:53.294 19872 19904 D TfprPrefetchingStrategy: node BattleDayActivity score = 0.19205947
08-05 20:42:53.294 19872 19904 D TfprPrefetchingStrategy: node ClubActivity score = 0.53332293
08-05 20:42:53.294 19872 19904 D TfprPrefetchingStrategy: ------------- TFPR calculation #8 of 10 -----------
08-05 20:42:53.294 19872 19904 D TfprPrefetchingStrategy: node EventActivity score = 0.18050177
08-05 20:42:53.294 19872 19904 D TfprPrefetchingStrategy: node BattleDayActivity score = 0.19205947
08-05 20:42:53.294 19872 19904 D TfprPrefetchingStrategy: node ClubActivity score = 0.53332293
08-05 20:42:53.294 19872 19904 D TfprPrefetchingStrategy: ------------- TFPR calculation #9 of 10 -----------
08-05 20:42:53.294 19872 19904 D TfprPrefetchingStrategy: node EventActivity score = 0.18050177
08-05 20:42:53.294 19872 19904 D TfprPrefetchingStrategy: node BattleDayActivity score = 0.19205947
08-05 20:42:53.294 19872 19904 D TfprPrefetchingStrategy: node ClubActivity score = 0.53332293
08-05 20:42:53.294 19872 19904 D TfprPrefetchingStrategy: ------------- TFPR calculation #10 of 10 -----------
08-05 20:42:53.294 19872 19904 D TfprPrefetchingStrategy: node EventActivity score = 0.18050177
08-05 20:42:53.294 19872 19904 D TfprPrefetchingStrategy: node BattleDayActivity score = 0.19205947
08-05 20:42:53.294 19872 19904 D TfprPrefetchingStrategy: node ClubActivity score = 0.53332293
08-05 20:42:53.294 19872 19904 D TfprPrefetchingStrategy: ===
08-05 20:42:53.294 19872 19904 D TfprPrefetchingStrategy: ===
08-05 20:42:53.294 19872 19904 D TfprPrefetchingStrategy: getSuccessorListSortByTfprScore
08-05 20:42:53.294 19872 19904 D TfprPrefetchingStrategy: Successors before the sort [TfprNode{ClubActivity : TFPR = 0.53332293}]
08-05 20:42:53.294 19872 19904 D TfprPrefetchingStrategy: Successors sorted by highest to lowest score (N2 - N1 comparator) are [TfprNode{ClubActivity : TFPR = 0.53332293}]
08-05 20:42:53.294 19872 19904 D TfprPrefetchingStrategy: Selected the following nodes:
08-05 20:42:53.294 19872 19904 D TfprPrefetchingStrategy: #1 - ClubActivity with score 0.53332293
08-05 20:42:53.294 19872 19904 D TfprPrefetchingStrategy: successors with high score = [ClubActivity 
08-05 20:42:53.294 19872 19904 D TfprPrefetchingStrategy: 	Successors:
08-05 20:42:53.294 19872 19904 D TfprPrefetchingStrategy: 
08-05 20:42:53.294 19872 19904 D TfprPrefetchingStrategy: 	Ancestors:
08-05 20:42:53.294 19872 19904 D TfprPrefetchingStrategy: 		BattleDayActivity (0 hits)
08-05 20:42:53.294 19872 19904 D TfprPrefetchingStrategy: 		EventActivity (0 hits)
08-05 20:42:53.294 19872 19904 D TfprPrefetchingStrategy: 
08-05 20:42:53.294 19872 19904 D TfprPrefetchingStrategy: ]
08-05 20:42:53.294 19872 19904 D TfprPrefetchingStrategy: ===
08-05 20:42:53.294 19872 19904 D TfprPrefetchingStrategy: Selected node ClubActivity containing the URLS [https://api-hillfair-2k16.herokuapp.com/api/app/events/special/event?id=580655cddcba0f490c70fdd0]
08-05 20:42:53.294 19872 19904 D TfprPrefetchingStrategy: Next visited child will be [nappatfpr.appteam.nith.hillffair.activities.ClubActivity]
08-05 20:42:53.294 19872 19904 D TfprPrefetchingStrategy: ==================================
08-05 20:42:53.294 19872 19904 D Nappa   : PREFETCH_ON_EXTRA - notifyExtras- end
08-05 20:42:53.294 19872 19904 D Nappa   : PREFSTRAT2 URL: https://api-hillfair-2k16.herokuapp.com/api/app/events/special/event?id=580655cddcba0f490c70fdd0
08-05 20:42:53.294 19872 19904 D Nappa   : F1_SCORE list_url_prefetched - (new) - https://api-hillfair-2k16.herokuapp.com/api/app/events/special/event?id=580655cddcba0f490c70fdd0
08-05 20:42:53.296 19872 19904 D CustomInterceptor: NETWORK-PROVIDER https://api-hillfair-2k16.herokuapp.com/api/app/events/special/event?id=580655cddcba0f490c70fdd0
08-05 20:42:53.296 19872 19904 D Nappa   : F1_SCORE list_url_prefetched - (already in) - https://api-hillfair-2k16.herokuapp.com/api/app/events/special/event?id=580655cddcba0f490c70fdd0
08-05 20:42:53.296 19872 19904 D Nappa   : -------------F1_SCORE #6 -----------
08-05 20:42:53.296 19872 19904 D Nappa   : F1_SCORE - Intercept list (1)= [https://api-hillfair-2k16.herokuapp.com/api/app/events/special]
08-05 20:42:53.296 19872 19904 D Nappa   : F1_SCORE - Prefetch list (2)= [https://api-hillfair-2k16.herokuapp.com/api/app/events/special/event?id=5806551bdcba0f490c70fd1f, https://api-hillfair-2k16.herokuapp.com/api/app/events/special/event?id=580655cddcba0f490c70fdd0]
08-05 20:42:53.296 19872 19904 D Nappa   : F1_SCORE - TP list (0)= []
08-05 20:42:53.296 19872 19904 D Nappa   : F1_SCORE - FN list (1)= [https://api-hillfair-2k16.herokuapp.com/api/app/events/special]
08-05 20:42:53.296 19872 19904 I NAPPA_EXPERIMENTATION: MetricPrefetchingAccuracy: LOG_ID='7',F1_SCORE_1='0.0',F1_SCORE_2='0.0',TRUE_POSITIVE='0',FALSE_POSITIVE='2',FALSE_NEGATIVE='1',
08-05 20:42:53.296 19872 19904 D CustomInterceptor: HEADER REQUEST
08-05 20:42:53.296 19872 19904 D CustomInterceptor: Cache-Control max-age=300, max-stale=300
08-05 20:42:53.296 19872 19904 D CustomInterceptor: CACHED STATS: size = '2', maxSize = '100', hitCount = '3', createCount = '0', putCount = '3', evictionCount = '0', missCount = '3', toString = 'LruCache[maxSize=100,hits=3,misses=3,hitRate=50%]', 
08-05 20:42:53.296 19872 19904 D CustomInterceptor: PREFLIB NOT A GET REQUEST OR NOT IN CACHEGET
08-05 20:42:53.297 19872 19904 D OkHttp  : --> GET https://api-hillfair-2k16.herokuapp.com/api/app/events/special/event?id=580655cddcba0f490c70fdd0 http/1.1
08-05 20:42:53.301 19872 19872 D NappaLifecycleObserver: nappatfpr.appteam.nith.hillffair.activities.BattleDayActivity - onPause
08-05 20:42:53.301 20792 20792 D AndroidRuntime: Shutting down VM
08-05 20:42:53.301 19872 19872 D Nappa   : Stayed on nappatfpr.appteam.nith.hillffair.activities.BattleDayActivity for 1561 ms
08-05 20:42:53.323 19872 19872 D Nappa   : TAG okHttpClient initialized
08-05 20:42:53.327 19872 19872 D NappaLifecycleObserver: nappatfpr.appteam.nith.hillffair.activities.ClubActivity - onResume
08-05 20:42:53.327 19872 19872 D Nappa   : setCurrentActivity - MetricStrategyAccuracy - 
08-05 20:42:53.327 19872 19872 D Nappa   : madePredictionFromActivity = false, 
08-05 20:42:53.327 19872 19872 D Nappa   : fromActivity = nappatfpr.appteam.nith.hillffair.activities.BattleDayActivity, 
08-05 20:42:53.327 19872 19872 D Nappa   : predictedNextActivityFromActivity = [], 
08-05 20:42:53.327 19872 19872 D Nappa   : activity.getClass().getCanonicalName() = nappatfpr.appteam.nith.hillffair.activities.ClubActivity, 
08-05 20:42:53.327 19872 20821 D CustomInterceptor: NETWORK-PROVIDER https://api-hillfair-2k16.herokuapp.com/api/app/events/special/event?id=580655cddcba0f490c70fdd0
08-05 20:42:53.327 19872 19872 D Nappa   : setCurrentActivity - MetricStrategyAccuracy - 
08-05 20:42:53.327 19872 19872 D Nappa   : madePredictionFromExtra = true, 
08-05 20:42:53.327 19872 19872 D Nappa   : fromActivity = nappatfpr.appteam.nith.hillffair.activities.BattleDayActivity, 
08-05 20:42:53.327 19872 19872 D Nappa   : predictedNextActivityFromExtra = [nappatfpr.appteam.nith.hillffair.activities.ClubActivity], 
08-05 20:42:53.327 19872 19872 D Nappa   : activity.getClass().getCanonicalName() = nappatfpr.appteam.nith.hillffair.activities.ClubActivity, 
