08-05 02:15:47.437 21477 21477 D Nappa   : setCurrentActivity - MetricStrategyAccuracy - 
08-05 02:15:47.437 21477 21477 D Nappa   : madePredictionFromActivity = true, 
08-05 02:15:47.437 21477 21477 D Nappa   : fromActivity = nappatfpr.appteam.nith.hillffair.activities.HomeActivity, 
08-05 02:15:47.437 21477 21477 D Nappa   : predictedNextActivityFromActivity = [], 
08-05 02:15:47.437 21477 21477 D Nappa   : activity.getClass().getCanonicalName() = nappatfpr.appteam.nith.hillffair.activities.BattleDayActivity, 
08-05 02:15:47.437 21477 21477 D Nappa   : setCurrentActivity - MetricStrategyAccuracy - 
08-05 02:15:47.437 21477 21477 D Nappa   : madePredictionFromExtra = false, 
08-05 02:15:47.437 21477 21477 D Nappa   : fromActivity = nappatfpr.appteam.nith.hillffair.activities.HomeActivity, 
08-05 02:15:47.437 21477 21477 D Nappa   : predictedNextActivityFromExtra = [], 
08-05 02:15:47.437 21477 21477 D Nappa   : activity.getClass().getCanonicalName() = nappatfpr.appteam.nith.hillffair.activities.BattleDayActivity, 
08-05 02:15:47.437 21477 21477 D Nappa   : PREFETCH_ON_EXTRA - setCurrentActivity - logs - from activity - made prediction istrue
08-05 02:15:47.437 21477 21477 D Nappa   : PREFETCH_ON_EXTRA - setCurrentActivity - logs - from activity - start
08-05 02:15:47.438 21477 21477 I NAPPA_EXPERIMENTATION: MetricStrategyAccuracy: LOG_ID='1',EXECUTION_COUNT='1',CASES_COUNT='1',HIT_PERCENTAGE_TOTAL='0.0',HIT_PERCENTAGE_WHEN_PREDICTED='0.0',HIT_COUNT='0',MISS_COUNT='0',INSUFFICIENT_SCORE_COUNT='0',EXCEPTION_COUNT='0',NO_SUCCESSOR_COUNT='1',
08-05 02:15:47.438 21477 21477 D Nappa   : PREFETCH_ON_EXTRA - setCurrentActivity - logs - from activity- finished
08-05 02:15:47.438 21477 21722 D CustomInterceptor: NETWORK-PROVIDER https://api-hillfair-2k16.herokuapp.com/api/app/events/special
08-05 02:15:47.438 21477 21722 D Nappa   : F1_SCORE add_intercept_url - (new) - https://api-hillfair-2k16.herokuapp.com/api/app/events/special
08-05 02:15:47.439 21477 21722 D Nappa   : F1_SCORE add_fn_url - (new) - https://api-hillfair-2k16.herokuapp.com/api/app/events/special
08-05 02:15:47.439 21477 21722 D Nappa   : -------------F1_SCORE #2 -----------
08-05 02:15:47.439 21477 21722 D Nappa   : F1_SCORE - Intercept list (1)= [https://api-hillfair-2k16.herokuapp.com/api/app/events/special]
08-05 02:15:47.439 21477 21722 D Nappa   : F1_SCORE - Prefetch list (0)= []
08-05 02:15:47.439 21477 21722 D Nappa   : F1_SCORE - TP list (0)= []
08-05 02:15:47.439 21477 21722 D Nappa   : F1_SCORE - FN list (1)= [https://api-hillfair-2k16.herokuapp.com/api/app/events/special]
08-05 02:15:47.439 21477 21722 I NAPPA_EXPERIMENTATION: MetricPrefetchingAccuracy: LOG_ID='3',F1_SCORE_1='0.0',F1_SCORE_2='0.0',TRUE_POSITIVE='0',FALSE_POSITIVE='0',FALSE_NEGATIVE='1',
08-05 02:15:47.439 21477 21722 D CustomInterceptor: HEADER REQUEST
08-05 02:15:47.439 21477 21722 D CustomInterceptor: Cache-Control max-age=300, max-stale=300
08-05 02:15:47.439 21477 21722 D CustomInterceptor: CACHED STATS: size = '0', maxSize = '100', hitCount = '0', createCount = '0', putCount = '0', evictionCount = '0', missCount = '0', toString = 'LruCache[maxSize=100,hits=0,misses=0,hitRate=0%]', 
08-05 02:15:47.439 21477 21722 D CustomInterceptor: PREFLIB NOT A GET REQUEST OR NOT IN CACHEGET
08-05 02:15:47.444 21477 21490 I art     : Starting a blocking GC Explicit
08-05 02:15:47.458 21477 21490 I art     : Explicit concurrent mark sweep GC freed 764(69KB) AllocSpace objects, 0(0B) LOS objects, 24% free, 48MB/64MB, paused 364us total 14.051ms
08-05 02:15:47.464 21477 21490 I art     : Starting a blocking GC Explicit
08-05 02:15:47.477 21477 21490 I art     : Explicit concurrent mark sweep GC freed 45(1792B) AllocSpace objects, 0(0B) LOS objects, 24% free, 48MB/64MB, paused 361us total 13.329ms
08-05 02:15:47.538 21477 21477 D Nappa   : registerActivity: (new) nappatfpr.appteam.nith.hillffair.activities.BattleDayActivity
08-05 02:15:47.539 21477 21507 D Nappa   : registerActivity: (new) nappatfpr.appteam.nith.hillffair.activities.BattleDayActivity
08-05 02:15:47.545 21477 21505 D RegisterNewActivityRunnable: activity = ActivityData{nappatfpr.appteam.nith.hillffair.activities.BattleDayActivity (#3)}
08-05 02:15:47.545 21477 21505 D RegisterNewActivityRunnable: graph.getCurrent() = HomeActivity 
08-05 02:15:47.545 21477 21505 D RegisterNewActivityRunnable: 	Successors:
08-05 02:15:47.545 21477 21505 D RegisterNewActivityRunnable: 
08-05 02:15:47.545 21477 21505 D RegisterNewActivityRunnable: 	Ancestors:
08-05 02:15:47.545 21477 21505 D RegisterNewActivityRunnable: 		SplashActivity (1 hits)
08-05 02:15:47.545 21477 21505 D RegisterNewActivityRunnable: 
08-05 02:15:47.545 21477 21505 D Nappa   : Updating activity map nappatfpr.appteam.nith.hillffair.activities.BattleDayActivity: 3
08-05 02:15:47.545 21477 21505 D RegisterNewActivityRunnable: Activity registered nappatfpr.appteam.nith.hillffair.activities.BattleDayActivity (#3)
08-05 02:15:47.545 21477 21477 D ActivityGraph: LARDataUpdate node nappatfpr.appteam.nith.hillffair.activities.BattleDayActivity added to nodelist
08-05 02:15:47.546 21477 21477 D ActivityGraph: LARDataUpdate  Pagerank: 0.25 HITS-Authority: 1.0 HITS-Hub: 1.0 SALSA-Authority: 1.0 SALSA-Hub: 1.0
08-05 02:15:47.546 21477 21477 D ActivityNode: ACTNODE CREATING, NOT IN DB
08-05 02:15:47.546 21477 21507 E NappaThreadPool: Exception caught on worker thread
08-05 02:15:47.546 21477 21507 E NappaThreadPool: Exceptiom: java.util.concurrent.ExecutionException: android.database.sqlite.SQLiteConstraintException: UNIQUE constraint failed: nappa_activity.activity_name (code 2067)
08-05 02:15:47.546 21477 21477 D ActivityGraph: LARDataCalculatedUpdate nappatfpr.appteam.nith.hillffair.activities.BattleDayActivity Pagerank: 0.25 HITS-Authority: 1.0 HITS-Hub: 1.0 SALSA-Authority: 1.0 SALSA-Hub: 1.0
08-05 02:15:47.546 21477 21477 D Nappa   : SHOULD_PREFETCH true
08-05 02:15:47.546 21477 21507 E NappaThreadPool: [java.util.concurrent.FutureTask.report(FutureTask.java:94)
08-05 02:15:47.546 21477 21507 E NappaThreadPool:  java.util.concurrent.FutureTask.get(FutureTask.java:164)
08-05 02:15:47.546 21477 21507 E NappaThreadPool:  nl.vu.cs.s2group.nappa.util.NappaThreadPool.submit(NappaThreadPool.java:55)
08-05 02:15:47.546 21477 21507 E NappaThreadPool:  nl.vu.cs.s2group.nappa.handler.activity.RegisterNewActivityHandler.run(RegisterNewActivityHandler.java:27)
08-05 02:15:47.546 21477 21507 E NappaThreadPool:  nl.vu.cs.s2group.nappa.Nappa.registerActivity(Nappa.java:202)
08-05 02:15:47.546 21477 21507 E NappaThreadPool:  nl.vu.cs.s2group.nappa.graph.ActivityNode.<init>(ActivityNode.java:73)
08-05 02:15:47.546 21477 21507 E NappaThreadPool:  nl.vu.cs.s2group.nappa.graph.ActivityGraph.getByName(ActivityGraph.java:177)
08-05 02:15:47.546 21477 21507 E NappaThreadPool:  nl.vu.cs.s2group.nappa.Nappa.lambda$checkUrlWithExtras$12(Nappa.java:644)
08-05 02:15:47.546 21477 21507 E NappaThreadPool:  nl.vu.cs.s2group.nappa.-$$Lambda$Nappa$aGFaDQ0M57UKe4ErtzOvHeCz8T4.run(lambda)
08-05 02:15:47.546 21477 21507 E NappaThreadPool:  java.util.concurrent.Executors$RunnableAdapter.call(Executors.java:423)
08-05 02:15:47.546 21477 21507 E NappaThreadPool:  java.util.concurrent.FutureTask.run(FutureTask.java:237)
08-05 02:15:47.546 21477 21507 E NappaThreadPool:  java.util.concurrent.ScheduledThreadPoolExecutor$ScheduledFutureTask.run(ScheduledThreadPoolExecutor.java:269)
08-05 02:15:47.546 21477 21507 E NappaThreadPool:  java.util.concurrent.ThreadPoolExecutor.runWorker(ThreadPoolExecutor.java:1113)
08-05 02:15:47.546 21477 21507 E NappaThreadPool:  java.util.concurrent.ThreadPoolExecutor$Worker.run(ThreadPoolExecutor.java:588)
08-05 02:15:47.546 21477 21507 E NappaThreadPool:  java.lang.Thread.run(Thread.java:818)]
08-05 02:15:47.546 21477 21507 D Nappa   : PARENTS 
08-05 02:15:47.546 21477 21507 D Nappa   : Of: nappatfpr.appteam.nith.hillffair.activities.BattleDayActivity -> 
08-05 02:15:47.546 21477 21507 D Nappa   : PARENTS nappatfpr.appteam.nith.hillffair.activities.HomeActivity
08-05 02:15:47.546 21477 21507 D Nappa   : PARENTS nappatfpr.appteam.nith.hillffair.activities.SplashActivity
08-05 02:15:47.546 21477 21507 D Nappa   : {nappatfpr.appteam.nith.hillffair.activities.BattleDayActivity=3, nappatfpr.appteam.nith.hillffair.activities.HomeActivity=2, nappatfpr.appteam.nith.hillffair.activities.SplashActivity=1}
08-05 02:15:47.646 21477 21477 D Nappa   : registerActivity: (already in) nappatfpr.appteam.nith.hillffair.activities.BattleDayActivity
08-05 02:15:47.646 21477 21724 D Nappa   : registerActivity: (already in) nappatfpr.appteam.nith.hillffair.activities.BattleDayActivity
08-05 02:15:47.646 21477 21724 D RegisterNewActivityRunnable: activity = ActivityData{nappatfpr.appteam.nith.hillffair.activities.BattleDayActivity (#3)}
08-05 02:15:47.646 21477 21477 D Nappa   : STATS Number of requests not prefetched: 0
08-05 02:15:47.647 21477 21477 D Nappa   : STATS Number of requests prefetched: 0
08-05 02:15:47.647 21477 21477 D Nappa   : STATS Time saved until now: 0.0
08-05 02:15:47.647 21477 21724 D RegisterNewActivityRunnable: graph.getByName(activityName) = BattleDayActivity 
08-05 02:15:47.647 21477 21724 D RegisterNewActivityRunnable: 	Successors:
08-05 02:15:47.647 21477 21724 D RegisterNewActivityRunnable: 
08-05 02:15:47.647 21477 21724 D RegisterNewActivityRunnable: 	Ancestors:
08-05 02:15:47.647 21477 21724 D RegisterNewActivityRunnable: 		HomeActivity (1 hits)
08-05 02:15:47.647 21477 21724 D RegisterNewActivityRunnable: 
08-05 02:15:47.647 21477 21724 D FetchActivityLiveDataInfoHandler: activity  = BattleDayActivity
08-05 02:15:47.647 21477 21724 D FetchActivityLiveDataInfoHandler: shouldSetSessionAggregateLiveData  = true
08-05 02:15:47.647 21477 21724 D FetchActivityLiveDataInfoHandler: need/shouldSetSuccessorVisitTime  = true - true
08-05 02:15:47.647 21477 21724 D FetchActivityLiveDataInfoHandler: need/shouldSetSuccessorVisitTime  = true - true
08-05 02:15:47.647 21477 21724 D FetchActivityLiveDataInfoHandler: shouldSetUrlCandidateDbLiveDataLiveData  = true
08-05 02:15:47.647 21477 21724 D FetchActivityLiveDataInfoHandler: shouldSetActivityExtraLiveData  = true
08-05 02:15:47.647 21477 21505 D FetchSessionDataRunnable: BattleDayActivity Fetching session data for LAST_N_SESSIONS_FROM_ENTITY_SESSION
08-05 02:15:47.647 21477 21500 D FetchVisitTimeRunnable: BattleDayActivity Fetching session data for LAST_N_SESSIONS_FROM_ENTITY_SESSION
08-05 02:15:47.648 21477 21505 D FetchSuccessorsVisitTimeRunnable: BattleDayActivity Fetching session data for LAST_N_SESSIONS_FROM_ENTITY_SESSION
08-05 02:15:47.648 21477 21500 D FetchUrlCandidateRunnable: BattleDayActivity Fetching URL candidates
08-05 02:15:47.648 21477 21505 D FetchIntentExtraRunnable: BattleDayActivity Fetching intent extras
08-05 02:15:47.649 21477 21724 D RegisterNewActivityRunnable: Current node is now available after 110 ms
08-05 02:15:47.649 21477 21724 D RegisterNewActivityRunnable: BattleDayActivity 
08-05 02:15:47.649 21477 21724 D RegisterNewActivityRunnable: 	Successors:
08-05 02:15:47.649 21477 21724 D RegisterNewActivityRunnable: 
08-05 02:15:47.649 21477 21724 D RegisterNewActivityRunnable: 	Ancestors:
08-05 02:15:47.649 21477 21724 D RegisterNewActivityRunnable: 		HomeActivity (1 hits)
08-05 02:15:47.649 21477 21724 D RegisterNewActivityRunnable: 
08-05 02:15:47.706 21477 21477 D ActivityNode: Setting aggregate visit time live data for node BattleDayActivity
08-05 02:15:47.706 21477 21489 I art     : Starting a blocking GC Explicit
08-05 02:15:47.708 21477 21477 D ActivityNode: Observer - visit time - HomeActivity - New aggregate visit time found is 4723 ms
08-05 02:15:47.709 21477 21477 D ActivityNode: Observer - successor visit time - SplashActivity - Updating the visit time from the successors list:
08-05 02:15:47.709 21477 21477 D ActivityNode: [AggregateVisitTimeByActivity{nappatfpr.appteam.nith.hillffair.activities.HomeActivity : 4723 ms}]
08-05 02:15:47.710 21477 21477 D ActivityNode: Observer - session data - sourceSplashActivity
08-05 02:15:47.710 21477 21477 D ActivityNode: destinations:
08-05 02:15:47.710 21477 21477 D ActivityNode: 	nappatfpr.appteam.nith.hillffair.activities.HomeActivity( count 1)
08-05 02:15:47.710 13866 13866 I GoogleInputMethodServic: GoogleInputMethodService.onFinishInput():3138 
08-05 02:15:47.710 21477 21477 D ActivityNode: Observer - successor visit time - SplashActivity - Updating the visit time from the successors list:
08-05 02:15:47.710 21477 21477 D ActivityNode: [AggregateVisitTimeByActivity{nappatfpr.appteam.nith.hillffair.activities.HomeActivity : 4723 ms}]
08-05 02:15:47.710 21477 21477 D ActivityNode: Observer - session data - sourceHomeActivity
08-05 02:15:47.710 21477 21477 D ActivityNode: destinations:
08-05 02:15:47.710 21477 21477 D ActivityNode: 	nappatfpr.appteam.nith.hillffair.activities.BattleDayActivity( count 1)
08-05 02:15:47.710 21477 21477 D ActivityNode: Observer - session data - sourceBattleDayActivity
08-05 02:15:47.710 21477 21477 D ActivityNode: destinations:
08-05 02:15:47.710 13866 13866 I GoogleInputMethodServic: GoogleInputMethodService.onStartInput():1808 
08-05 02:15:47.710 21477 21477 D ActivityNode: Observer - visit time - BattleDayActivity - Was not accessed in the last N sessions
08-05 02:15:47.711 21477 21477 D ActivityNode: Observer - intent extra - BattleDayActivity
08-05 02:15:47.711 21477 21477 D ActivityNode: Extras:
08-05 02:15:47.711 21477 21477 D PARAM   : COUNT: 0
08-05 02:15:47.711 21477 21477 D ActivityNode: Observer - URL candidate BattleDayActivity[]
08-05 02:15:47.724 21477 21489 I art     : Explicit concurrent mark sweep GC freed 3033(200KB) AllocSpace objects, 1(20KB) LOS objects, 24% free, 48MB/64MB, paused 352us total 17.761ms
08-05 02:15:47.732 21477 21489 I art     : Starting a blocking GC Explicit
08-05 02:15:47.736   918   936 I ActivityManager: Displayed nappatfpr.appteam.nith.hillffair/.activities.BattleDayActivity: +372ms
08-05 02:15:47.745 21477 21489 I art     : Explicit concurrent mark sweep GC freed 412(14KB) AllocSpace objects, 0(0B) LOS objects, 24% free, 48MB/64MB, paused 310us total 13.414ms
08-05 02:15:47.751 21477 21489 I art     : Starting a blocking GC Explicit
08-05 02:15:47.765 21477 21489 I art     : Explicit concurrent mark sweep GC freed 46(1712B) AllocSpace objects, 0(0B) LOS objects, 24% free, 48MB/64MB, paused 291us total 13.294ms
08-05 02:15:47.772 21477 21489 I art     : Starting a blocking GC Explicit
08-05 02:15:47.785 21477 21489 I art     : Explicit concurrent mark sweep GC freed 8(336B) AllocSpace objects, 0(0B) LOS objects, 24% free, 48MB/64MB, paused 280us total 12.905ms
08-05 02:15:47.792 21477 21489 I art     : Starting a blocking GC Explicit
08-05 02:15:47.804 21477 21489 I art     : Explicit concurrent mark sweep GC freed 3(96B) AllocSpace objects, 0(0B) LOS objects, 24% free, 48MB/64MB, paused 321us total 12.748ms
08-05 02:15:47.838 21477 21507 D Nappa   : PREFETCH_ON_EXTRA - setCurrentActivity - logs - from extra - made prediction isfalse
08-05 02:15:47.980   380   380 W SurfaceFlinger: couldn't log to binary event log: overflow.
08-05 02:15:48.067 21477 21519 I art     : Starting a blocking GC Explicit
08-05 02:15:48.083 21477 21519 I art     : Explicit concurrent mark sweep GC freed 1552(90KB) AllocSpace objects, 1(20KB) LOS objects, 24% free, 48MB/64MB, paused 353us total 15.541ms
08-05 02:15:48.089 21477 21519 I art     : Starting a blocking GC Explicit
08-05 02:15:48.103 21477 21519 I art     : Explicit concurrent mark sweep GC freed 28(1024B) AllocSpace objects, 0(0B) LOS objects, 24% free, 48MB/64MB, paused 299us total 13.133ms
08-05 02:15:48.109 21477 21519 I art     : Starting a blocking GC Explicit
08-05 02:15:48.122 21477 21519 I art     : Explicit concurrent mark sweep GC freed 82(5KB) AllocSpace objects, 0(0B) LOS objects, 24% free, 48MB/64MB, paused 325us total 13.497ms
08-05 02:15:48.128 21477 21519 I art     : Starting a blocking GC Explicit
08-05 02:15:48.140 21477 21519 I art     : Explicit concurrent mark sweep GC freed 53(5KB) AllocSpace objects, 0(0B) LOS objects, 24% free, 48MB/64MB, paused 274us total 11.922ms
08-05 02:15:48.146 21477 21519 I art     : Starting a blocking GC Explicit
08-05 02:15:48.147 21477 21507 D Nappa   : PREFETCH_ON_EXTRA - setCurrentActivity - starting new prediction
08-05 02:15:48.147 21477 21507 D Nappa   : Current node - currentActivityName - nappatfpr.appteam.nith.hillffair.activities.BattleDayActivity
08-05 02:15:48.147 21477 21507 D Nappa   : Current node - activityGraph.getCurrent() - nappatfpr.appteam.nith.hillffair.activities.BattleDayActivity
08-05 02:15:48.147 21477 21507 I NAPPA_EXPERIMENTATION: MetricNappaPrefetchingStrategyExecutionTime: STRATEGY_CLASS='TfprPrefetchingStrategy',DURATION='729',NUMBER_OF_URLS='0',NUMBER_OF_SELECTED_CHILDREN_NODES='0',NUMBER_OF_CHILDREN_NODES='0',STRATEGY_RUN_SUCCESSFULLY='True',
08-05 02:15:48.147 21477 21507 D TfprPrefetchingStrategy: ==================================
08-05 02:15:48.147 21477 21507 D TfprPrefetchingStrategy: Starting Run #2
08-05 02:15:48.148 21477 21507 D TfprPrefetchingStrategy: ----------------------------------
08-05 02:15:48.148 21477 21507 D TfprPrefetchingStrategy: Node data BattleDayActivity 
08-05 02:15:48.148 21477 21507 D TfprPrefetchingStrategy: 	Successors:
08-05 02:15:48.148 21477 21507 D TfprPrefetchingStrategy: 
08-05 02:15:48.148 21477 21507 D TfprPrefetchingStrategy: 	Ancestors:
08-05 02:15:48.148 21477 21507 D TfprPrefetchingStrategy: 		HomeActivity (1 hits)
08-05 02:15:48.148 21477 21507 D TfprPrefetchingStrategy: 
08-05 02:15:48.148 21477 21507 D TfprPrefetchingStrategy: MetricStrategyAccuracy inc execution count2 | act = true; extra = false
08-05 02:15:48.148 21477 21507 D TfprPrefetchingStrategy: MetricStrategyAccuracy inc no sucessor count2 | act = true; extra = false
08-05 02:15:48.148 21477 21507 D TfprPrefetchingStrategy: Node has no successor
08-05 02:15:48.148 21477 21507 D TfprPrefetchingStrategy: Next visited child will be []
08-05 02:15:48.148 21477 21507 D TfprPrefetchingStrategy: ==================================
08-05 02:15:48.148 21477 21507 D Nappa   : PREFETCH_ON_EXTRA - setCurrentActivity - finished new prediction
08-05 02:15:48.159 21477 21519 I art     : Explicit concurrent mark sweep GC freed 95(8KB) AllocSpace objects, 0(0B) LOS objects, 24% free, 48MB/64MB, paused 294us total 12.977ms
08-05 02:15:48.234 21477 21722 D OkHttp  : --> GET https://api-hillfair-2k16.herokuapp.com/api/app/events/special http/1.1
08-05 02:15:48.268 21477 21722 D OkHttp  : <-- 200 OK https://api-hillfair-2k16.herokuapp.com/api/app/events/special (34ms, 554-byte body)
08-05 02:15:48.281 21477 21722 D CustomInterceptor: CACHE_CONTROL SETTING NEW MAX-AGE
08-05 02:15:48.324 21477 21722 I System  : Loaded time zone names for "en" in 32ms (32ms in ICU)
08-05 02:15:48.324 21477 21722 D CustomInterceptor: HEADER RESPONSE
08-05 02:15:48.325 21477 21722 D CustomInterceptor: Cache-Control public, immutable, max-age=300, only-if-cached, max-stale=300
08-05 02:15:48.325 21477 21722 D CustomInterceptor: Connection keep-alive
08-05 02:15:48.325 21477 21722 D CustomInterceptor: Content-Length 554
08-05 02:15:48.325 21477 21722 D CustomInterceptor: Content-Type application/json; charset=utf-8
08-05 02:15:48.325 21477 21722 D CustomInterceptor: Date Wed, 05 Aug 2020 00:15:43 GMT
08-05 02:15:48.325 21477 21722 D CustomInterceptor: Etag W/"22a-CniDLZvDXhtykUGCdLB61Q"
08-05 02:15:48.325 21477 21722 D CustomInterceptor: Expires Wed, 05 Aug 2020 00:20:48 GMT+00:00
08-05 02:15:48.325 21477 21722 D CustomInterceptor: Server Cowboy
08-05 02:15:48.325 21477 21722 D CustomInterceptor: Via 1.1 vegur
08-05 02:15:48.325 21477 21722 D CustomInterceptor: X-Powered-By Express
08-05 02:15:48.325 21477 21722 D CustomInterceptor: CACHEABLE true
08-05 02:15:48.326 21477 21722 D CustomInterceptor: REQ https://api-hillfair-2k16.herokuapp.com/api/app/events/special
08-05 02:15:48.326 21477 21722 D CustomInterceptor: REQ_SERV_BY net
08-05 02:15:48.326 21477 21722 D CustomInterceptor: PREFLIB Adding response to lrucache - https://api-hillfair-2k16.herokuapp.com/api/app/events/special
08-05 02:15:48.328 21477 21722 D CustomInterceptor: interceptor_finished : return_type #3 : request served from remote and added to cache
08-05 02:15:48.332 21477 21477 I NAPPA_EXPERIMENTATION: MetricNetworkRequestExecutionTime: REQUEST_DURATION_SYSTEM='899',REQUEST_DURATION_OKHTTP='0',REQUEST_SYNCHRONOUS='FALSE',RESPONSE_CODE='200',RESPONSE_METHOD='GET',RESPONSE_LENGTH_OKHTTP='554',RESPONSE_LENGTH_HEADER='-2',REQUEST_PROTOCOL='http/1.1',REQUEST_URL='https://api-hillfair-2k16.herokuapp.com/api/app/events/special',
08-05 02:15:48.413 21477 21519 I art     : Starting a blocking GC Explicit
08-05 02:15:48.422   918   918 I JobServiceContext: Client timed out while executing (no jobFinished received). sending onStop. com.google.android.youtube/androidx.work.impl.background.systemjob.SystemJobService jId=998, u0
08-05 02:15:48.425   918  6112 I ActivityManager: Killing 13844:baseline.com.newsblur/u0a676 (adj 15): empty #17
08-05 02:15:48.431 21477 21519 I art     : Explicit concurrent mark sweep GC freed 7514(469KB) AllocSpace objects, 4(220KB) LOS objects, 24% free, 49MB/65MB, paused 457us total 17.072ms
08-05 02:15:48.438 21477 21519 I art     : Starting a blocking GC Explicit
08-05 02:15:48.452 21477 21519 I art     : Explicit concurrent mark sweep GC freed 1163(125KB) AllocSpace objects, 0(0B) LOS objects, 24% free, 49MB/65MB, paused 389us total 13.995ms
08-05 02:15:48.458 21477 21519 I art     : Starting a blocking GC Explicit
08-05 02:15:48.471 21477 21519 I art     : Explicit concurrent mark sweep GC freed 5(160B) AllocSpace objects, 0(0B) LOS objects, 24% free, 49MB/65MB, paused 347us total 12.664ms
08-05 02:15:48.477 21477 21519 I art     : Starting a blocking GC Explicit
08-05 02:15:48.490 21477 21519 I art     : Explicit concurrent mark sweep GC freed 3(96B) AllocSpace objects, 0(0B) LOS objects, 24% free, 49MB/65MB, paused 371us total 13.830ms
08-05 02:15:48.496 21477 21519 I art     : Starting a blocking GC Explicit
08-05 02:15:48.510 21477 21519 I art     : Explicit concurrent mark sweep GC freed 3(96B) AllocSpace objects, 0(0B) LOS objects, 24% free, 49MB/65MB, paused 365us total 13.081ms
08-05 02:15:48.584   918  3188 I hubconnection: sensorhub said: 'set_bias 3: -6.2400, 0.0000, 0.0000'
08-05 02:15:48.781 21477 21490 I art     : Starting a blocking GC Explicit
08-05 02:15:48.800 21477 21490 I art     : Explicit concurrent mark sweep GC freed 1541(89KB) AllocSpace objects, 1(20KB) LOS objects, 24% free, 49MB/65MB, paused 451us total 18.990ms
08-05 02:15:48.813 21477 21490 I art     : Starting a blocking GC Explicit
08-05 02:15:48.830 21477 21490 I art     : Explicit concurrent mark sweep GC freed 6259(248KB) AllocSpace objects, 0(0B) LOS objects, 24% free, 49MB/65MB, paused 608us total 15.982ms
08-05 02:15:48.836 21477 21490 I art     : Starting a blocking GC Explicit
08-05 02:15:48.850 21477 21490 I art     : Explicit concurrent mark sweep GC freed 1351(51KB) AllocSpace objects, 0(0B) LOS objects, 24% free, 49MB/65MB, paused 376us total 13.878ms
08-05 02:15:48.856 21477 21490 I art     : Starting a blocking GC Explicit
08-05 02:15:48.870 21477 21490 I art     : Explicit concurrent mark sweep GC freed 46(1872B) AllocSpace objects, 0(0B) LOS objects, 24% free, 49MB/65MB, paused 371us total 13.258ms
08-05 02:15:48.875 21477 21490 I art     : Starting a blocking GC Explicit
08-05 02:15:48.889 21477 21490 I art     : Explicit concurrent mark sweep GC freed 3(96B) AllocSpace objects, 0(0B) LOS objects, 24% free, 49MB/65MB, paused 370us total 13.932ms
08-05 02:15:49.153 21477 21519 I art     : Starting a blocking GC Explicit
08-05 02:15:49.173 21477 21519 I art     : Explicit concurrent mark sweep GC freed 2269(284KB) AllocSpace objects, 1(20KB) LOS objects, 23% free, 52MB/68MB, paused 355us total 19.225ms
08-05 02:15:49.180 21477 21519 I art     : Starting a blocking GC Explicit
08-05 02:15:49.196 21477 21519 I art     : Explicit concurrent mark sweep GC freed 119(4KB) AllocSpace objects, 0(0B) LOS objects, 23% free, 52MB/68MB, paused 323us total 15.424ms
08-05 02:15:49.202 21477 21519 I art     : Starting a blocking GC Explicit
08-05 02:15:49.218 21477 21519 I art     : Explicit concurrent mark sweep GC freed 3(96B) AllocSpace objects, 0(0B) LOS objects, 23% free, 52MB/68MB, paused 319us total 15.248ms
08-05 02:15:49.224 21477 21519 I art     : Starting a blocking GC Explicit
08-05 02:15:49.239 21477 21519 I art     : Explicit concurrent mark sweep GC freed 3(96B) AllocSpace objects, 0(0B) LOS objects, 23% free, 52MB/68MB, paused 312us total 14.844ms
08-05 02:15:49.246 21477 21519 I art     : Starting a blocking GC Explicit
08-05 02:15:49.261 21477 21519 I art     : Explicit concurrent mark sweep GC freed 3(96B) AllocSpace objects, 0(0B) LOS objects, 23% free, 52MB/68MB, paused 371us total 15.456ms
08-05 02:15:49.556 21477 21490 I art     : Starting a blocking GC Explicit
08-05 02:15:49.564 18832 18832 I ServiceManager: Waiting for service AtCmdFwd...
08-05 02:15:49.574 21477 21490 I art     : Explicit concurrent mark sweep GC freed 1542(92KB) AllocSpace objects, 1(20KB) LOS objects, 23% free, 52MB/68MB, paused 355us total 17.355ms
08-05 02:15:49.581 21477 21490 I art     : Starting a blocking GC Explicit
08-05 02:15:49.602 21477 21490 I art     : Explicit concurrent mark sweep GC freed 28(1024B) AllocSpace objects, 0(0B) LOS objects, 23% free, 52MB/68MB, paused 416us total 20.289ms
08-05 02:15:49.612 21477 21490 I art     : Starting a blocking GC Explicit
08-05 02:15:49.628 21477 21490 I art     : Explicit concurrent mark sweep GC freed 3(96B) AllocSpace objects, 0(0B) LOS objects, 23% free, 52MB/68MB, paused 339us total 15.787ms
08-05 02:15:49.634 21477 21490 I art     : Starting a blocking GC Explicit
08-05 02:15:49.650 21477 21490 I art     : Explicit concurrent mark sweep GC freed 3(96B) AllocSpace objects, 0(0B) LOS objects, 23% free, 52MB/68MB, paused 315us total 15.608ms
08-05 02:15:49.657 21477 21490 I art     : Starting a blocking GC Explicit
08-05 02:15:49.673 21477 21490 I art     : Explicit concurrent mark sweep GC freed 3(96B) AllocSpace objects, 0(0B) LOS objects, 23% free, 52MB/68MB, paused 311us total 15.395ms
08-05 02:15:49.989 21477 21489 I art     : Starting a blocking GC Explicit
08-05 02:15:50.015 21477 21489 I art     : Explicit concurrent mark sweep GC freed 1542(92KB) AllocSpace objects, 1(20KB) LOS objects, 23% free, 52MB/68MB, paused 493us total 25.299ms
08-05 02:15:50.026 21477 21489 I art     : Starting a blocking GC Explicit
08-05 02:15:50.042 21477 21489 I art     : Explicit concurrent mark sweep GC freed 28(1024B) AllocSpace objects, 0(0B) LOS objects, 23% free, 52MB/68MB, paused 315us total 15.718ms
08-05 02:15:50.048 21477 21489 I art     : Starting a blocking GC Explicit
08-05 02:15:50.064 21477 21489 I art     : Explicit concurrent mark sweep GC freed 3(96B) AllocSpace objects, 0(0B) LOS objects, 23% free, 52MB/68MB, paused 320us total 15.047ms
08-05 02:15:50.070 21477 21489 I art     : Starting a blocking GC Explicit
08-05 02:15:50.085 21477 21489 I art     : Explicit concurrent mark sweep GC freed 3(96B) AllocSpace objects, 0(0B) LOS objects, 23% free, 52MB/68MB, paused 308us total 15.178ms
08-05 02:15:50.092 21477 21489 I art     : Starting a blocking GC Explicit
08-05 02:15:50.107 21477 21489 I art     : Explicit concurrent mark sweep GC freed 3(96B) AllocSpace objects, 0(0B) LOS objects, 23% free, 52MB/68MB, paused 332us total 15.059ms
08-05 02:15:50.419 21477 21735 I art     : Starting a blocking GC Explicit
08-05 02:15:50.440 21477 21735 I art     : Explicit concurrent mark sweep GC freed 1543(91KB) AllocSpace objects, 1(20KB) LOS objects, 23% free, 52MB/68MB, paused 374us total 21.065ms
08-05 02:15:50.451 21477 21735 I art     : Starting a blocking GC Explicit
08-05 02:15:50.467 21477 21735 I art     : Explicit concurrent mark sweep GC freed 28(1024B) AllocSpace objects, 0(0B) LOS objects, 23% free, 52MB/68MB, paused 353us total 16.317ms
08-05 02:15:50.474 21477 21735 I art     : Starting a blocking GC Explicit
08-05 02:15:50.491 21477 21735 I art     : Explicit concurrent mark sweep GC freed 3(96B) AllocSpace objects, 0(0B) LOS objects, 23% free, 52MB/68MB, paused 325us total 16.130ms
08-05 02:15:50.498 21477 21735 I art     : Starting a blocking GC Explicit
08-05 02:15:50.513 21477 21735 I art     : Explicit concurrent mark sweep GC freed 3(96B) AllocSpace objects, 0(0B) LOS objects, 23% free, 52MB/68MB, paused 324us total 15.414ms
08-05 02:15:50.520 21477 21735 I art     : Starting a blocking GC Explicit
08-05 02:15:50.536 21477 21735 I art     : Explicit concurrent mark sweep GC freed 3(96B) AllocSpace objects, 0(0B) LOS objects, 23% free, 52MB/68MB, paused 325us total 15.648ms
08-05 02:15:50.565 18832 18832 I ServiceManager: Waiting for service AtCmdFwd...
08-05 02:15:50.850 21477 21519 I art     : Starting a blocking GC Explicit
08-05 02:15:50.872 21477 21519 I art     : Explicit concurrent mark sweep GC freed 1540(89KB) AllocSpace objects, 1(20KB) LOS objects, 23% free, 52MB/68MB, paused 374us total 21.265ms
08-05 02:15:50.882 21477 21519 I art     : Starting a blocking GC Explicit
08-05 02:15:50.899 21477 21519 I art     : Explicit concurrent mark sweep GC freed 28(1024B) AllocSpace objects, 0(0B) LOS objects, 23% free, 52MB/68MB, paused 322us total 16.031ms
08-05 02:15:50.906 21477 21519 I art     : Starting a blocking GC Explicit
08-05 02:15:50.921 21477 21519 I art     : Explicit concurrent mark sweep GC freed 3(96B) AllocSpace objects, 0(0B) LOS objects, 23% free, 52MB/68MB, paused 336us total 15.536ms
08-05 02:15:50.928 21477 21519 I art     : Starting a blocking GC Explicit
08-05 02:15:50.944 21477 21519 I art     : Explicit concurrent mark sweep GC freed 3(96B) AllocSpace objects, 0(0B) LOS objects, 23% free, 52MB/68MB, paused 328us total 15.517ms
08-05 02:15:50.944 21477 21488 I art     : WaitForGcToComplete blocked for 15.726ms for cause HeapTrim
08-05 02:15:50.951 21477 21519 I art     : Starting a blocking GC Explicit
08-05 02:15:50.966 21477 21519 I art     : Explicit concurrent mark sweep GC freed 3(96B) AllocSpace objects, 0(0B) LOS objects, 23% free, 52MB/68MB, paused 310us total 15.678ms
08-05 02:15:51.282 21477 21490 I art     : Starting a blocking GC Explicit
08-05 02:15:51.305 21477 21490 I art     : Explicit concurrent mark sweep GC freed 1540(89KB) AllocSpace objects, 1(20KB) LOS objects, 23% free, 52MB/68MB, paused 350us total 22.749ms
08-05 02:15:51.313 21477 21490 I art     : Starting a blocking GC Explicit
08-05 02:15:51.329 21477 21490 I art     : Explicit concurrent mark sweep GC freed 28(1024B) AllocSpace objects, 0(0B) LOS objects, 23% free, 52MB/68MB, paused 334us total 16.261ms
08-05 02:15:51.336 21477 21490 I art     : Starting a blocking GC Explicit
08-05 02:15:51.352 21477 21490 I art     : Explicit concurrent mark sweep GC freed 3(96B) AllocSpace objects, 0(0B) LOS objects, 23% free, 52MB/68MB, paused 317us total 15.684ms
08-05 02:15:51.358 21477 21490 I art     : Starting a blocking GC Explicit
08-05 02:15:51.374 21477 21490 I art     : Explicit concurrent mark sweep GC freed 3(96B) AllocSpace objects, 0(0B) LOS objects, 23% free, 52MB/68MB, paused 319us total 15.535ms
08-05 02:15:51.381 21477 21490 I art     : Starting a blocking GC Explicit
08-05 02:15:51.397 21477 21490 I art     : Explicit concurrent mark sweep GC freed 3(96B) AllocSpace objects, 0(0B) LOS objects, 23% free, 52MB/68MB, paused 407us total 15.426ms
08-05 02:15:51.565 18832 18832 I ServiceManager: Waiting for service AtCmdFwd...
08-05 02:15:51.726 21477 21489 I art     : Starting a blocking GC Explicit
08-05 02:15:51.749 21477 21489 I art     : Explicit concurrent mark sweep GC freed 1540(89KB) AllocSpace objects, 1(20KB) LOS objects, 23% free, 52MB/68MB, paused 369us total 22.459ms
08-05 02:15:51.759 21477 21489 I art     : Starting a blocking GC Explicit
08-05 02:15:51.776 21477 21489 I art     : Explicit concurrent mark sweep GC freed 28(1024B) AllocSpace objects, 0(0B) LOS objects, 23% free, 52MB/68MB, paused 325us total 16.004ms
08-05 02:15:51.782 21477 21489 I art     : Starting a blocking GC Explicit
08-05 02:15:51.798 21477 21489 I art     : Explicit concurrent mark sweep GC freed 3(96B) AllocSpace objects, 0(0B) LOS objects, 23% free, 52MB/68MB, paused 316us total 15.260ms
08-05 02:15:51.804 21477 21489 I art     : Starting a blocking GC Explicit
08-05 02:15:51.819 21477 21489 I art     : Explicit concurrent mark sweep GC freed 3(96B) AllocSpace objects, 0(0B) LOS objects, 23% free, 52MB/68MB, paused 315us total 15.268ms
08-05 02:15:51.826 21477 21489 I art     : Starting a blocking GC Explicit
08-05 02:15:51.841 21477 21489 I art     : Explicit concurrent mark sweep GC freed 3(96B) AllocSpace objects, 0(0B) LOS objects, 23% free, 52MB/68MB, paused 314us total 15.157ms
08-05 02:15:52.161 21477 21735 I art     : Starting a blocking GC Explicit
08-05 02:15:52.188 21477 21735 I art     : Explicit concurrent mark sweep GC freed 1540(89KB) AllocSpace objects, 1(20KB) LOS objects, 23% free, 52MB/68MB, paused 421us total 26.245ms
08-05 02:15:52.200 21477 21735 I art     : Starting a blocking GC Explicit
08-05 02:15:52.216 21477 21735 I art     : Explicit concurrent mark sweep GC freed 28(1024B) AllocSpace objects, 0(0B) LOS objects, 23% free, 52MB/68MB, paused 320us total 16.036ms
08-05 02:15:52.223 21477 21735 I art     : Starting a blocking GC Explicit
08-05 02:15:52.238 21477 21735 I art     : Explicit concurrent mark sweep GC freed 3(96B) AllocSpace objects, 0(0B) LOS objects, 23% free, 52MB/68MB, paused 318us total 15.299ms
08-05 02:15:52.245 21477 21735 I art     : Starting a blocking GC Explicit
08-05 02:15:52.260 21477 21735 I art     : Explicit concurrent mark sweep GC freed 3(96B) AllocSpace objects, 0(0B) LOS objects, 23% free, 52MB/68MB, paused 312us total 15.262ms
08-05 02:15:52.267 21477 21735 I art     : Starting a blocking GC Explicit
08-05 02:15:52.282 21477 21735 I art     : Explicit concurrent mark sweep GC freed 3(96B) AllocSpace objects, 0(0B) LOS objects, 23% free, 52MB/68MB, paused 312us total 15.220ms
08-05 02:15:52.566 18832 18832 I ServiceManager: Waiting for service AtCmdFwd...
08-05 02:15:52.587 21477 21519 I art     : Starting a blocking GC Explicit
08-05 02:15:52.609 21477 21519 I art     : Explicit concurrent mark sweep GC freed 1539(89KB) AllocSpace objects, 1(20KB) LOS objects, 23% free, 52MB/68MB, paused 361us total 21.520ms
08-05 02:15:52.618 21477 21519 I art     : Starting a blocking GC Explicit
08-05 02:15:52.635 21477 21519 I art     : Explicit concurrent mark sweep GC freed 28(1024B) AllocSpace objects, 0(0B) LOS objects, 23% free, 52MB/68MB, paused 320us total 15.968ms
08-05 02:15:52.642 21477 21519 I art     : Starting a blocking GC Explicit
08-05 02:15:52.658 21477 21519 I art     : Explicit concurrent mark sweep GC freed 3(96B) AllocSpace objects, 0(0B) LOS objects, 23% free, 52MB/68MB, paused 332us total 16.041ms
08-05 02:15:52.664 21477 21519 I art     : Starting a blocking GC Explicit
08-05 02:15:52.680 21477 21519 I art     : Explicit concurrent mark sweep GC freed 3(96B) AllocSpace objects, 0(0B) LOS objects, 23% free, 52MB/68MB, paused 319us total 15.709ms
08-05 02:15:52.687 21477 21519 I art     : Starting a blocking GC Explicit
08-05 02:15:52.703 21477 21519 I art     : Explicit concurrent mark sweep GC freed 3(96B) AllocSpace objects, 0(0B) LOS objects, 23% free, 52MB/68MB, paused 320us total 15.648ms
08-05 02:15:53.023 21477 21490 I art     : Starting a blocking GC Explicit
08-05 02:15:53.048 21477 21490 I art     : Explicit concurrent mark sweep GC freed 1540(89KB) AllocSpace objects, 1(20KB) LOS objects, 23% free, 52MB/68MB, paused 492us total 24.070ms
08-05 02:15:53.058 21477 21490 I art     : Starting a blocking GC Explicit
08-05 02:15:53.075 21477 21490 I art     : Explicit concurrent mark sweep GC freed 28(1024B) AllocSpace objects, 0(0B) LOS objects, 23% free, 52MB/68MB, paused 323us total 16.027ms
08-05 02:15:53.081 21477 21490 I art     : Starting a blocking GC Explicit
08-05 02:15:53.098 21477 21490 I art     : Explicit concurrent mark sweep GC freed 3(96B) AllocSpace objects, 0(0B) LOS objects, 23% free, 52MB/68MB, paused 319us total 16.059ms
08-05 02:15:53.105 21477 21490 I art     : Starting a blocking GC Explicit
08-05 02:15:53.121 21477 21490 I art     : Explicit concurrent mark sweep GC freed 3(96B) AllocSpace objects, 0(0B) LOS objects, 23% free, 52MB/68MB, paused 333us total 15.685ms
08-05 02:15:53.127 21477 21490 I art     : Starting a blocking GC Explicit
08-05 02:15:53.143 21477 21490 I art     : Explicit concurrent mark sweep GC freed 3(96B) AllocSpace objects, 0(0B) LOS objects, 23% free, 52MB/68MB, paused 315us total 15.718ms
08-05 02:15:53.464 21477 21489 I art     : Starting a blocking GC Explicit
08-05 02:15:53.486 21477 21489 I art     : Explicit concurrent mark sweep GC freed 1540(89KB) AllocSpace objects, 1(20KB) LOS objects, 23% free, 52MB/68MB, paused 358us total 22.175ms
08-05 02:15:53.497 21477 21489 I art     : Starting a blocking GC Explicit
08-05 02:15:53.515 21477 21489 I art     : Explicit concurrent mark sweep GC freed 28(1024B) AllocSpace objects, 0(0B) LOS objects, 23% free, 52MB/68MB, paused 311us total 17.658ms
08-05 02:15:53.522 21477 21489 I art     : Starting a blocking GC Explicit
08-05 02:15:53.536 21477 21489 I art     : Explicit concurrent mark sweep GC freed 3(96B) AllocSpace objects, 0(0B) LOS objects, 23% free, 52MB/68MB, paused 383us total 14.591ms
08-05 02:15:53.543 21477 21489 I art     : Starting a blocking GC Explicit
08-05 02:15:53.557 21477 21489 I art     : Explicit concurrent mark sweep GC freed 3(96B) AllocSpace objects, 0(0B) LOS objects, 23% free, 52MB/68MB, paused 312us total 13.512ms
08-05 02:15:53.563 21477 21489 I art     : Starting a blocking GC Explicit
08-05 02:15:53.567 18832 18832 I ServiceManager: Waiting for service AtCmdFwd...
08-05 02:15:53.577 21477 21489 I art     : Explicit concurrent mark sweep GC freed 3(96B) AllocSpace objects, 0(0B) LOS objects, 23% free, 52MB/68MB, paused 366us total 13.760ms
08-05 02:15:53.891 21477 21735 I art     : Starting a blocking GC Explicit
08-05 02:15:53.914 21477 21735 I art     : Explicit concurrent mark sweep GC freed 1539(89KB) AllocSpace objects, 1(20KB) LOS objects, 23% free, 52MB/68MB, paused 382us total 22.805ms
08-05 02:15:53.925 21477 21735 I art     : Starting a blocking GC Explicit
08-05 02:15:53.941 21477 21735 I art     : Explicit concurrent mark sweep GC freed 28(1024B) AllocSpace objects, 0(0B) LOS objects, 23% free, 52MB/68MB, paused 330us total 15.904ms
08-05 02:15:53.947 21477 21735 I art     : Starting a blocking GC Explicit
08-05 02:15:53.963 21477 21735 I art     : Explicit concurrent mark sweep GC freed 3(96B) AllocSpace objects, 0(0B) LOS objects, 23% free, 52MB/68MB, paused 318us total 15.339ms
08-05 02:15:53.970 21477 21735 I art     : Starting a blocking GC Explicit
08-05 02:15:53.985 21477 21735 I art     : Explicit concurrent mark sweep GC freed 3(96B) AllocSpace objects, 0(0B) LOS objects, 23% free, 52MB/68MB, paused 312us total 15.124ms
08-05 02:15:53.992 21477 21735 I art     : Starting a blocking GC Explicit
08-05 02:15:54.007 21477 21735 I art     : Explicit concurrent mark sweep GC freed 3(96B) AllocSpace objects, 0(0B) LOS objects, 23% free, 52MB/68MB, paused 329us total 15.083ms
08-05 02:15:54.324 21477 21519 I art     : Starting a blocking GC Explicit
08-05 02:15:54.350 21477 21519 I art     : Explicit concurrent mark sweep GC freed 1539(89KB) AllocSpace objects, 1(20KB) LOS objects, 23% free, 52MB/68MB, paused 387us total 25.430ms
08-05 02:15:54.362 21477 21519 I art     : Starting a blocking GC Explicit
08-05 02:15:54.378 21477 21519 I art     : Explicit concurrent mark sweep GC freed 28(1024B) AllocSpace objects, 0(0B) LOS objects, 23% free, 52MB/68MB, paused 319us total 15.363ms
08-05 02:15:54.384 21477 21519 I art     : Starting a blocking GC Explicit
08-05 02:15:54.400 21477 21519 I art     : Explicit concurrent mark sweep GC freed 3(96B) AllocSpace objects, 0(0B) LOS objects, 23% free, 52MB/68MB, paused 318us total 15.127ms
08-05 02:15:54.406 21477 21519 I art     : Starting a blocking GC Explicit
08-05 02:15:54.421 21477 21519 I art     : Explicit concurrent mark sweep GC freed 3(96B) AllocSpace objects, 0(0B) LOS objects, 23% free, 52MB/68MB, paused 314us total 15.114ms
08-05 02:15:54.428 21477 21519 I art     : Starting a blocking GC Explicit
08-05 02:15:54.443 21477 21519 I art     : Explicit concurrent mark sweep GC freed 3(96B) AllocSpace objects, 0(0B) LOS objects, 23% free, 52MB/68MB, paused 327us total 14.972ms
08-05 02:15:54.567 18832 18832 W Atfwd_Sendcmd: AtCmdFwd service not published, waiting... retryCnt : 1
08-05 02:15:54.796 21477 21490 I art     : Starting a blocking GC Explicit
08-05 02:15:54.821 21477 21490 I art     : Explicit concurrent mark sweep GC freed 1539(89KB) AllocSpace objects, 1(20KB) LOS objects, 23% free, 52MB/68MB, paused 382us total 24.848ms
08-05 02:15:54.831 21477 21490 I art     : Starting a blocking GC Explicit
08-05 02:15:54.848 21477 21490 I art     : Explicit concurrent mark sweep GC freed 28(1024B) AllocSpace objects, 0(0B) LOS objects, 23% free, 52MB/68MB, paused 336us total 16.410ms
08-05 02:15:54.854 21477 21490 I art     : Starting a blocking GC Explicit
08-05 02:15:54.872 21477 21490 I art     : Explicit concurrent mark sweep GC freed 3(96B) AllocSpace objects, 0(0B) LOS objects, 23% free, 52MB/68MB, paused 311us total 15.962ms
08-05 02:15:54.879 21477 21490 I art     : Starting a blocking GC Explicit
08-05 02:15:54.896 21477 21490 I art     : Explicit concurrent mark sweep GC freed 3(96B) AllocSpace objects, 0(0B) LOS objects, 23% free, 52MB/68MB, paused 316us total 16.982ms
08-05 02:15:54.903 21477 21490 I art     : Starting a blocking GC Explicit
08-05 02:15:54.918 21477 21490 I art     : Explicit concurrent mark sweep GC freed 3(96B) AllocSpace objects, 0(0B) LOS objects, 23% free, 52MB/68MB, paused 344us total 15.690ms
08-05 02:15:55.241 21477 21489 I art     : Starting a blocking GC Explicit
08-05 02:15:55.268 21477 21489 I art     : Explicit concurrent mark sweep GC freed 1539(89KB) AllocSpace objects, 1(20KB) LOS objects, 23% free, 52MB/68MB, paused 426us total 26.271ms
08-05 02:15:55.277 21477 21489 I art     : Starting a blocking GC Explicit
08-05 02:15:55.293 21477 21489 I art     : Explicit concurrent mark sweep GC freed 28(1024B) AllocSpace objects, 0(0B) LOS objects, 23% free, 52MB/68MB, paused 321us total 15.918ms
08-05 02:15:55.300 21477 21489 I art     : Starting a blocking GC Explicit
08-05 02:15:55.316 21477 21489 I art     : Explicit concurrent mark sweep GC freed 3(96B) AllocSpace objects, 0(0B) LOS objects, 23% free, 52MB/68MB, paused 309us total 15.628ms
08-05 02:15:55.323 21477 21489 I art     : Starting a blocking GC Explicit
08-05 02:15:55.338 21477 21489 I art     : Explicit concurrent mark sweep GC freed 3(96B) AllocSpace objects, 0(0B) LOS objects, 23% free, 52MB/68MB, paused 309us total 15.145ms
08-05 02:15:55.344 21477 21489 I art     : Starting a blocking GC Explicit
08-05 02:15:55.360 21477 21489 I art     : Explicit concurrent mark sweep GC freed 3(96B) AllocSpace objects, 0(0B) LOS objects, 23% free, 52MB/68MB, paused 326us total 15.715ms
08-05 02:15:55.661 21477 21735 I art     : Starting a blocking GC Explicit
08-05 02:15:55.678 21477 21735 I art     : Explicit concurrent mark sweep GC freed 1539(89KB) AllocSpace objects, 1(20KB) LOS objects, 23% free, 52MB/68MB, paused 348us total 17.453ms
08-05 02:15:55.685 21477 21735 I art     : Starting a blocking GC Explicit
08-05 02:15:55.701 21477 21735 I art     : Explicit concurrent mark sweep GC freed 28(1024B) AllocSpace objects, 0(0B) LOS objects, 23% free, 52MB/68MB, paused 382us total 15.183ms
08-05 02:15:55.707 21477 21735 I art     : Starting a blocking GC Explicit
08-05 02:15:55.723 21477 21735 I art     : Explicit concurrent mark sweep GC freed 3(96B) AllocSpace objects, 0(0B) LOS objects, 23% free, 52MB/68MB, paused 317us total 15.070ms
08-05 02:15:55.729 21477 21735 I art     : Starting a blocking GC Explicit
08-05 02:15:55.745 21477 21735 I art     : Explicit concurrent mark sweep GC freed 3(96B) AllocSpace objects, 0(0B) LOS objects, 23% free, 52MB/68MB, paused 323us total 14.853ms
08-05 02:15:55.751 21477 21735 I art     : Starting a blocking GC Explicit
08-05 02:15:55.766 21477 21735 I art     : Explicit concurrent mark sweep GC freed 3(96B) AllocSpace objects, 0(0B) LOS objects, 23% free, 52MB/68MB, paused 322us total 14.679ms
08-05 02:15:55.933 21934 21934 D AndroidRuntime: >>>>>> START com.android.internal.os.RuntimeInit uid 2000 <<<<<<
08-05 02:15:55.939 21934 21934 D AndroidRuntime: CheckJNI is OFF
08-05 02:15:55.966 21934 21934 D ICU     : No timezone override file found: /data/misc/zoneinfo/current/icu/icu_tzdata.dat
08-05 02:15:55.990 21934 21934 I Radio-JNI: register_android_hardware_Radio DONE
08-05 02:15:56.006 21934 21934 D AndroidRuntime: Calling main entry com.android.commands.input.Input
08-05 02:15:56.007 21934 21934 I Input   : injectMotionEvent: MotionEvent { action=ACTION_DOWN, actionButton=0, id[0]=0, x[0]=733.0, y[0]=645.0, toolType[0]=TOOL_TYPE_UNKNOWN, buttonState=0, metaState=0, flags=0x0, edgeFlags=0x0, pointerCount=1, historySize=0, eventTime=756972420, downTime=756972420, deviceId=0, source=0x1002 }
08-05 02:15:56.011 21934 21934 I Input   : injectMotionEvent: MotionEvent { action=ACTION_UP, actionButton=0, id[0]=0, x[0]=733.0, y[0]=645.0, toolType[0]=TOOL_TYPE_UNKNOWN, buttonState=0, metaState=0, flags=0x0, edgeFlags=0x0, pointerCount=1, historySize=0, eventTime=756972420, downTime=756972420, deviceId=0, source=0x1002 }
08-05 02:15:56.013 21477 21507 D Nappa   : PREFETCH_ON_EXTRA - notifyExtras- start
08-05 02:15:56.013 21477 21477 D NappaIntentExtras: ==================
08-05 02:15:56.013 21477 21477 D NappaIntentExtras: Log #4
08-05 02:15:56.013 21477 21477 D NappaIntentExtras: ------------------
08-05 02:15:56.013 21477 21477 D NappaIntentExtras: activity nappatfpr.appteam.nith.hillffair.activities.BattleDayActivity
08-05 02:15:56.013 21477 21507 I NAPPA_EXPERIMENTATION: MetricNappaPrefetchingStrategyExecutionTime: STRATEGY_CLASS='TfprPrefetchingStrategy',DURATION='1094',NUMBER_OF_URLS='0',NUMBER_OF_SELECTED_CHILDREN_NODES='0',NUMBER_OF_CHILDREN_NODES='0',STRATEGY_RUN_SUCCESSFULLY='True',
08-05 02:15:56.013 21477 21477 D NappaIntentExtras: 	- 3 extras registered
08-05 02:15:56.013 21477 21507 D TfprPrefetchingStrategy: ==================================
08-05 02:15:56.013 21477 21477 D NappaIntentExtras: 	- name : Music
08-05 02:15:56.013 21477 21507 D TfprPrefetchingStrategy: Starting Run #3
08-05 02:15:56.013 21477 21477 D NappaIntentExtras: 	- id : 5806551bdcba0f490c70fd1f
08-05 02:15:56.013 21477 21507 D TfprPrefetchingStrategy: ----------------------------------
08-05 02:15:56.013 21477 21477 D NappaIntentExtras: 	- battleday : true
08-05 02:15:56.013 21477 21507 D TfprPrefetchingStrategy: Node data BattleDayActivity 
08-05 02:15:56.013 21477 21507 D TfprPrefetchingStrategy: 	Successors:
08-05 02:15:56.013 21477 21507 D TfprPrefetchingStrategy: 
08-05 02:15:56.013 21477 21507 D TfprPrefetchingStrategy: 	Ancestors:
08-05 02:15:56.013 21477 21507 D TfprPrefetchingStrategy: 		HomeActivity (1 hits)
08-05 02:15:56.013 21477 21507 D TfprPrefetchingStrategy: 
08-05 02:15:56.013 21477 21477 D NappaIntentExtras: activity nappatfpr.appteam.nith.hillffair.activities.HomeActivity
08-05 02:15:56.013 21477 21507 D TfprPrefetchingStrategy: MetricStrategyAccuracy inc execution count3 | act = false; extra = true
08-05 02:15:56.013 21477 21477 D NappaIntentExtras: 	- No extras registered
08-05 02:15:56.013 21477 21507 D TfprPrefetchingStrategy: MetricStrategyAccuracy inc no sucessor count3 | act = false; extra = true
08-05 02:15:56.013 21477 21477 D NappaIntentExtras: activity nappatfpr.appteam.nith.hillffair.activities.SplashActivity
08-05 02:15:56.013 21477 21507 D TfprPrefetchingStrategy: Node has no successor
08-05 02:15:56.013 21477 21477 D NappaIntentExtras: 	- No extras registered
08-05 02:15:56.013 21477 21507 D TfprPrefetchingStrategy: Next visited child will be []
08-05 02:15:56.013 21477 21477 D NappaIntentExtras: ==================
08-05 02:15:56.013 21477 21507 D TfprPrefetchingStrategy: ==================================
08-05 02:15:56.013 21477 21507 D Nappa   : PREFETCH_ON_EXTRA - notifyExtras- end
08-05 02:15:56.013 21477 21507 D Nappa   : PREFSTRAT2 ADDING NEW ACTEXTRADATA
08-05 02:15:56.014   918  3714 I ActivityManager: START u0 {cmp=nappatfpr.appteam.nith.hillffair/.activities.ClubActivity (has extras)} from uid 10681 on display 0
08-05 02:15:56.019 21477 21507 D Nappa   : PREFSTRAT2 ADDING NEW ACTEXTRADATA
08-05 02:15:56.019 21477 21477 D NappaLifecycleObserver: nappatfpr.appteam.nith.hillffair.activities.BattleDayActivity - onPause
08-05 02:15:56.019 21477 21477 D Nappa   : Stayed on nappatfpr.appteam.nith.hillffair.activities.BattleDayActivity for 8372 ms
08-05 02:15:56.020 21934 21934 D AndroidRuntime: Shutting down VM
08-05 02:15:56.028 21477 21507 D Nappa   : PREFSTRAT2 ADDING NEW ACTEXTRADATA
08-05 02:15:56.043 21477 21477 D Nappa   : TAG okHttpClient initialized
08-05 02:15:56.049 21477 21477 D NappaLifecycleObserver: nappatfpr.appteam.nith.hillffair.activities.ClubActivity - onResume
08-05 02:15:56.049 21477 21477 D Nappa   : setCurrentActivity - MetricStrategyAccuracy - 
08-05 02:15:56.049 21477 21477 D Nappa   : madePredictionFromActivity = true, 
08-05 02:15:56.049 21477 21477 D Nappa   : fromActivity = nappatfpr.appteam.nith.hillffair.activities.BattleDayActivity, 
08-05 02:15:56.049 21477 21477 D Nappa   : predictedNextActivityFromActivity = [], 
