08-05 03:05:22.753   918  5481 I ActivityManager: START u0 {cmp=nappatfpr.appteam.nith.hillffair/.activities.ClubActivity (has extras)} from uid 10681 on display 0
08-05 03:05:22.753  3847  3882 D TfprPrefetchingStrategy: tfprNode.aggregateVisitTime = 70899
08-05 03:05:22.753  3847  3882 D TfprPrefetchingStrategy: tfprNode.totalAggregateVisitTimeFromSuccessors = 0
08-05 03:05:22.753  3847  3882 D TfprPrefetchingStrategy: tfprNode.aggregateVisitTimeFromSuccessors = {}
08-05 03:05:22.753  3847  3882 D TfprPrefetchingStrategy: -------- Graph -----------
08-05 03:05:22.753  3847  3882 D TfprPrefetchingStrategy: tfprGraph.aggregateVisitTimeFromSuccessors = 124847
08-05 03:05:22.753  3847  3882 D TfprPrefetchingStrategy: ===
08-05 03:05:22.753  3847  3882 D TfprPrefetchingStrategy: ===
08-05 03:05:22.753  3847  3882 D TfprPrefetchingStrategy: runTfprAlgorithm
08-05 03:05:22.753  3847  3882 D TfprPrefetchingStrategy: ------------- TFPR calculation #1 of 10 -----------
08-05 03:05:22.753  3847  3882 D TfprPrefetchingStrategy: node EventActivity score = 0.15797377
08-05 03:05:22.753  3847  3882 D TfprPrefetchingStrategy: node BattleDayActivity score = 0.20932221
08-05 03:05:22.753  3847  3882 D TfprPrefetchingStrategy: node ClubActivity score = 0.5377984
08-05 03:05:22.753  3847  3882 D TfprPrefetchingStrategy: ------------- TFPR calculation #2 of 10 -----------
08-05 03:05:22.753  3847  3882 D TfprPrefetchingStrategy: node EventActivity score = 0.15797377
08-05 03:05:22.753  3847  3882 D TfprPrefetchingStrategy: node BattleDayActivity score = 0.20932221
08-05 03:05:22.753  3847  3882 D TfprPrefetchingStrategy: node ClubActivity score = 0.5377984
08-05 03:05:22.753  3847  3882 D TfprPrefetchingStrategy: ------------- TFPR calculation #3 of 10 -----------
08-05 03:05:22.753  3847  3882 D TfprPrefetchingStrategy: node EventActivity score = 0.15797377
08-05 03:05:22.753  3847  3882 D TfprPrefetchingStrategy: node BattleDayActivity score = 0.20932221
08-05 03:05:22.753  3847  3882 D TfprPrefetchingStrategy: node ClubActivity score = 0.5377984
08-05 03:05:22.753  3847  3882 D TfprPrefetchingStrategy: ------------- TFPR calculation #4 of 10 -----------
08-05 03:05:22.753  3847  3882 D TfprPrefetchingStrategy: node EventActivity score = 0.15797377
08-05 03:05:22.753  3847  3882 D TfprPrefetchingStrategy: node BattleDayActivity score = 0.20932221
08-05 03:05:22.753  3847  3882 D TfprPrefetchingStrategy: node ClubActivity score = 0.5377984
08-05 03:05:22.753  3847  3882 D TfprPrefetchingStrategy: ------------- TFPR calculation #5 of 10 -----------
08-05 03:05:22.753  3847  3882 D TfprPrefetchingStrategy: node EventActivity score = 0.15797377
08-05 03:05:22.753  3847  3882 D TfprPrefetchingStrategy: node BattleDayActivity score = 0.20932221
08-05 03:05:22.753  3847  3882 D TfprPrefetchingStrategy: node ClubActivity score = 0.5377984
08-05 03:05:22.753  3847  3882 D TfprPrefetchingStrategy: ------------- TFPR calculation #6 of 10 -----------
08-05 03:05:22.754  3847  3882 D TfprPrefetchingStrategy: node EventActivity score = 0.15797377
08-05 03:05:22.754  3847  3882 D TfprPrefetchingStrategy: node BattleDayActivity score = 0.20932221
08-05 03:05:22.754  3847  3882 D TfprPrefetchingStrategy: node ClubActivity score = 0.5377984
08-05 03:05:22.754  3847  3882 D TfprPrefetchingStrategy: ------------- TFPR calculation #7 of 10 -----------
08-05 03:05:22.754  3847  3882 D TfprPrefetchingStrategy: node EventActivity score = 0.15797377
08-05 03:05:22.754  3847  3882 D TfprPrefetchingStrategy: node BattleDayActivity score = 0.20932221
08-05 03:05:22.754  3847  3882 D TfprPrefetchingStrategy: node ClubActivity score = 0.5377984
08-05 03:05:22.754  3847  3882 D TfprPrefetchingStrategy: ------------- TFPR calculation #8 of 10 -----------
08-05 03:05:22.754  3847  3882 D TfprPrefetchingStrategy: node EventActivity score = 0.15797377
08-05 03:05:22.754  3847  3882 D TfprPrefetchingStrategy: node BattleDayActivity score = 0.20932221
08-05 03:05:22.754  3847  3882 D TfprPrefetchingStrategy: node ClubActivity score = 0.5377984
08-05 03:05:22.754  3847  3882 D TfprPrefetchingStrategy: ------------- TFPR calculation #9 of 10 -----------
08-05 03:05:22.754  3847  3882 D TfprPrefetchingStrategy: node EventActivity score = 0.15797377
08-05 03:05:22.754  3847  3882 D TfprPrefetchingStrategy: node BattleDayActivity score = 0.20932221
08-05 03:05:22.754  3847  3882 D TfprPrefetchingStrategy: node ClubActivity score = 0.5377984
08-05 03:05:22.754  3847  3882 D TfprPrefetchingStrategy: ------------- TFPR calculation #10 of 10 -----------
08-05 03:05:22.754  3847  3882 D TfprPrefetchingStrategy: node EventActivity score = 0.15797377
08-05 03:05:22.754  3847  3882 D TfprPrefetchingStrategy: node BattleDayActivity score = 0.20932221
08-05 03:05:22.754  3847  3882 D TfprPrefetchingStrategy: node ClubActivity score = 0.5377984
08-05 03:05:22.754  3847  3882 D TfprPrefetchingStrategy: ===
08-05 03:05:22.754  3847  3882 D TfprPrefetchingStrategy: ===
08-05 03:05:22.754  3847  3882 D TfprPrefetchingStrategy: getSuccessorListSortByTfprScore
08-05 03:05:22.754  3847  3882 D TfprPrefetchingStrategy: Successors before the sort [TfprNode{ClubActivity : TFPR = 0.5377984}]
08-05 03:05:22.754  3847  3882 D TfprPrefetchingStrategy: Successors sorted by highest to lowest score (N2 - N1 comparator) are [TfprNode{ClubActivity : TFPR = 0.5377984}]
08-05 03:05:22.754  3847  3882 D TfprPrefetchingStrategy: Selected the following nodes:
08-05 03:05:22.754  3847  3882 D TfprPrefetchingStrategy: #1 - ClubActivity with score 0.5377984
08-05 03:05:22.754  3847  3882 D TfprPrefetchingStrategy: successors with high score = [ClubActivity 
08-05 03:05:22.754  3847  3882 D TfprPrefetchingStrategy: 	Successors:
08-05 03:05:22.754  3847  3882 D TfprPrefetchingStrategy: 
08-05 03:05:22.754  3847  3882 D TfprPrefetchingStrategy: 	Ancestors:
08-05 03:05:22.754  3847  3882 D TfprPrefetchingStrategy: 		BattleDayActivity (0 hits)
08-05 03:05:22.754  3847  3882 D TfprPrefetchingStrategy: 		EventActivity (0 hits)
08-05 03:05:22.754  3847  3882 D TfprPrefetchingStrategy: 
08-05 03:05:22.754  3847  3882 D TfprPrefetchingStrategy: ]
08-05 03:05:22.754  3847  3882 D TfprPrefetchingStrategy: ===
08-05 03:05:22.754  3847  3882 D TfprPrefetchingStrategy: Selected node ClubActivity containing the URLS [https://api-hillfair-2k16.herokuapp.com/api/app/events/special/event?id=580655cddcba0f490c70fdd0]
08-05 03:05:22.755  3847  3882 D TfprPrefetchingStrategy: Next visited child will be [nappatfpr.appteam.nith.hillffair.activities.ClubActivity]
08-05 03:05:22.755  3847  3882 D TfprPrefetchingStrategy: ==================================
08-05 03:05:22.755  3847  3882 D Nappa   : PREFETCH_ON_EXTRA - notifyExtras- end
08-05 03:05:22.755  3847  3882 D Nappa   : PREFSTRAT2 URL: https://api-hillfair-2k16.herokuapp.com/api/app/events/special/event?id=580655cddcba0f490c70fdd0
08-05 03:05:22.755  3847  3882 D Nappa   : F1_SCORE list_url_prefetched - (new) - https://api-hillfair-2k16.herokuapp.com/api/app/events/special/event?id=580655cddcba0f490c70fdd0
08-05 03:05:22.756  3847  3882 D CustomInterceptor: NETWORK-PROVIDER https://api-hillfair-2k16.herokuapp.com/api/app/events/special/event?id=580655cddcba0f490c70fdd0
08-05 03:05:22.756  3847  3882 D Nappa   : F1_SCORE list_url_prefetched - (already in) - https://api-hillfair-2k16.herokuapp.com/api/app/events/special/event?id=580655cddcba0f490c70fdd0
08-05 03:05:22.756  3847  3882 D Nappa   : -------------F1_SCORE #6 -----------
08-05 03:05:22.756  3847  3882 D Nappa   : F1_SCORE - Intercept list (1)= [https://api-hillfair-2k16.herokuapp.com/api/app/events/special]
08-05 03:05:22.756  3847  3882 D Nappa   : F1_SCORE - Prefetch list (2)= [https://api-hillfair-2k16.herokuapp.com/api/app/events/special/event?id=5806551bdcba0f490c70fd1f, https://api-hillfair-2k16.herokuapp.com/api/app/events/special/event?id=580655cddcba0f490c70fdd0]
08-05 03:05:22.756  3847  3882 D Nappa   : F1_SCORE - TP list (0)= []
08-05 03:05:22.756  3847  3882 D Nappa   : F1_SCORE - FN list (1)= [https://api-hillfair-2k16.herokuapp.com/api/app/events/special]
08-05 03:05:22.756  3847  3882 I NAPPA_EXPERIMENTATION: MetricPrefetchingAccuracy: LOG_ID='7',F1_SCORE_1='0.0',F1_SCORE_2='0.0',TRUE_POSITIVE='0',FALSE_POSITIVE='2',FALSE_NEGATIVE='1',
08-05 03:05:22.756  3847  3882 D CustomInterceptor: HEADER REQUEST
08-05 03:05:22.756  3847  3882 D CustomInterceptor: Cache-Control max-age=300, max-stale=300
08-05 03:05:22.756  3847  3882 D CustomInterceptor: CACHED STATS: size = '2', maxSize = '100', hitCount = '3', createCount = '0', putCount = '3', evictionCount = '0', missCount = '3', toString = 'LruCache[maxSize=100,hits=3,misses=3,hitRate=50%]', 
08-05 03:05:22.756  3847  3882 D CustomInterceptor: PREFLIB NOT A GET REQUEST OR NOT IN CACHEGET
08-05 03:05:22.757  3847  3882 D OkHttp  : --> GET https://api-hillfair-2k16.herokuapp.com/api/app/events/special/event?id=580655cddcba0f490c70fdd0 http/1.1
08-05 03:05:22.759  3847  3847 D NappaLifecycleObserver: nappatfpr.appteam.nith.hillffair.activities.BattleDayActivity - onPause
08-05 03:05:22.759  4725  4725 D AndroidRuntime: Shutting down VM
08-05 03:05:22.759  3847  3847 D Nappa   : Stayed on nappatfpr.appteam.nith.hillffair.activities.BattleDayActivity for 1523 ms
08-05 03:05:22.762  3847  3861 I art     : Explicit concurrent mark sweep GC freed 1202(78KB) AllocSpace objects, 0(0B) LOS objects, 23% free, 52MB/68MB, paused 580us total 16.322ms
08-05 03:05:22.768  3847  3861 I art     : Starting a blocking GC Explicit
08-05 03:05:22.778  3847  3847 D Nappa   : TAG okHttpClient initialized
08-05 03:05:22.783  3847  4748 D CustomInterceptor: NETWORK-PROVIDER https://api-hillfair-2k16.herokuapp.com/api/app/events/special/event?id=580655cddcba0f490c70fdd0
08-05 03:05:22.783  3847  4748 D Nappa   : F1_SCORE list_url_prefetched - (already in) - https://api-hillfair-2k16.herokuapp.com/api/app/events/special/event?id=580655cddcba0f490c70fdd0
08-05 03:05:22.783  3847  4748 D Nappa   : -------------F1_SCORE #7 -----------
08-05 03:05:22.783  3847  3847 D NappaLifecycleObserver: nappatfpr.appteam.nith.hillffair.activities.ClubActivity - onResume
08-05 03:05:22.783  3847  4748 D Nappa   : F1_SCORE - Intercept list (1)= [https://api-hillfair-2k16.herokuapp.com/api/app/events/special]
08-05 03:05:22.783  3847  4748 D Nappa   : F1_SCORE - Prefetch list (2)= [https://api-hillfair-2k16.herokuapp.com/api/app/events/special/event?id=5806551bdcba0f490c70fd1f, https://api-hillfair-2k16.herokuapp.com/api/app/events/special/event?id=580655cddcba0f490c70fdd0]
08-05 03:05:22.783  3847  3847 D Nappa   : setCurrentActivity - MetricStrategyAccuracy - 
08-05 03:05:22.783  3847  3847 D Nappa   : madePredictionFromActivity = false, 
08-05 03:05:22.783  3847  3847 D Nappa   : fromActivity = nappatfpr.appteam.nith.hillffair.activities.BattleDayActivity, 
08-05 03:05:22.783  3847  3847 D Nappa   : predictedNextActivityFromActivity = [], 
08-05 03:05:22.783  3847  3847 D Nappa   : activity.getClass().getCanonicalName() = nappatfpr.appteam.nith.hillffair.activities.ClubActivity, 
08-05 03:05:22.783  3847  4748 D Nappa   : F1_SCORE - TP list (0)= []
08-05 03:05:22.783  3847  4748 D Nappa   : F1_SCORE - FN list (1)= [https://api-hillfair-2k16.herokuapp.com/api/app/events/special]
08-05 03:05:22.783  3847  3847 D Nappa   : setCurrentActivity - MetricStrategyAccuracy - 
08-05 03:05:22.783  3847  3847 D Nappa   : madePredictionFromExtra = true, 
08-05 03:05:22.783  3847  3847 D Nappa   : fromActivity = nappatfpr.appteam.nith.hillffair.activities.BattleDayActivity, 
08-05 03:05:22.783  3847  3847 D Nappa   : predictedNextActivityFromExtra = [nappatfpr.appteam.nith.hillffair.activities.ClubActivity], 
08-05 03:05:22.783  3847  3847 D Nappa   : activity.getClass().getCanonicalName() = nappatfpr.appteam.nith.hillffair.activities.ClubActivity, 
08-05 03:05:22.783  3847  4748 I NAPPA_EXPERIMENTATION: MetricPrefetchingAccuracy: LOG_ID='8',F1_SCORE_1='0.0',F1_SCORE_2='0.0',TRUE_POSITIVE='0',FALSE_POSITIVE='2',FALSE_NEGATIVE='1',
08-05 03:05:22.783  3847  3847 D Nappa   : PREFETCH_ON_EXTRA - setCurrentActivity - logs - from activity - made prediction isfalse
08-05 03:05:22.783  3847  4748 D CustomInterceptor: HEADER REQUEST
08-05 03:05:22.783  3847  4748 D CustomInterceptor: Cache-Control max-age=300, max-stale=300
08-05 03:05:22.783  3847  4748 D CustomInterceptor: CACHED STATS: size = '2', maxSize = '100', hitCount = '3', createCount = '0', putCount = '3', evictionCount = '0', missCount = '4', toString = 'LruCache[maxSize=100,hits=3,misses=4,hitRate=42%]', 
08-05 03:05:22.783  3847  4748 D CustomInterceptor: PREFLIB NOT A GET REQUEST OR NOT IN CACHEGET
08-05 03:05:22.785  3847  3861 I art     : Explicit concurrent mark sweep GC freed 3471(200KB) AllocSpace objects, 0(0B) LOS objects, 23% free, 52MB/68MB, paused 611us total 16.204ms
08-05 03:05:22.791  3847  3861 I art     : Starting a blocking GC Explicit
08-05 03:05:22.806  3847  3861 I art     : Explicit concurrent mark sweep GC freed 381(35KB) AllocSpace objects, 0(0B) LOS objects, 23% free, 52MB/68MB, paused 387us total 14.666ms
08-05 03:05:22.862  3847  3882 D OkHttp  : <-- 200 OK https://api-hillfair-2k16.herokuapp.com/api/app/events/special/event?id=580655cddcba0f490c70fdd0 (104ms, 721-byte body)
08-05 03:05:22.867  3847  3882 D CustomInterceptor: CACHE_CONTROL SETTING NEW MAX-AGE
08-05 03:05:22.868  3847  3882 D CustomInterceptor: HEADER RESPONSE
08-05 03:05:22.868  3847  3882 D CustomInterceptor: Cache-Control public, immutable, max-age=300, only-if-cached, max-stale=300
08-05 03:05:22.868  3847  3882 D CustomInterceptor: Connection keep-alive
08-05 03:05:22.868  3847  3882 D CustomInterceptor: Content-Length 721
08-05 03:05:22.868  3847  3882 D CustomInterceptor: Content-Type application/json; charset=utf-8
08-05 03:05:22.868  3847  3882 D CustomInterceptor: Date Wed, 05 Aug 2020 01:05:18 GMT
08-05 03:05:22.868  3847  3882 D CustomInterceptor: Etag W/"2d1-NPuA48ruWVHGJg9VdOKE4A"
08-05 03:05:22.868  3847  3882 D CustomInterceptor: Expires Wed, 05 Aug 2020 01:10:22 GMT+00:00
08-05 03:05:22.868  3847  3882 D CustomInterceptor: Server Cowboy
08-05 03:05:22.869  3847  3882 D CustomInterceptor: Via 1.1 vegur
08-05 03:05:22.869  3847  3882 D CustomInterceptor: X-Powered-By Express
08-05 03:05:22.869  3847  3882 D CustomInterceptor: CACHEABLE true
08-05 03:05:22.869  3847  3882 D CustomInterceptor: REQ https://api-hillfair-2k16.herokuapp.com/api/app/events/special/event?id=580655cddcba0f490c70fdd0
08-05 03:05:22.869  3847  3882 D CustomInterceptor: REQ_SERV_BY net
08-05 03:05:22.869  3847  3882 D CustomInterceptor: PREFLIB Adding response to lrucache - https://api-hillfair-2k16.herokuapp.com/api/app/events/special/event?id=580655cddcba0f490c70fdd0
08-05 03:05:22.870  3847  3882 D CustomInterceptor: interceptor_finished : return_type #3 : request served from remote and added to cache
08-05 03:05:22.870  3847  3882 D Nappa   : PREFSTRAT2 ADDING NEW ACTEXTRADATA
08-05 03:05:22.873  3847  3882 D Nappa   : PREFSTRAT2 ADDING NEW ACTEXTRADATA
08-05 03:05:22.875  3847  3882 D Nappa   : PREFSTRAT2 ADDING NEW ACTEXTRADATA
08-05 03:05:22.883  3847  3847 D Nappa   : registerActivity: (already in) nappatfpr.appteam.nith.hillffair.activities.ClubActivity
08-05 03:05:22.883  3847  3847 D ActivityNode: ACTNODE UPDATING AFTER LOADING FROM DB
08-05 03:05:22.884  3847  3847 D ActivityGraph: LARDataCalculatedUpdate nappatfpr.appteam.nith.hillffair.activities.ClubActivity Pagerank: 0.25 HITS-Authority: 1.0 HITS-Hub: 1.0 SALSA-Authority: 1.0 SALSA-Hub: 1.0
08-05 03:05:22.884  3847  3847 D Nappa   : SHOULD_PREFETCH true
08-05 03:05:22.978  3847  3882 D Nappa   : registerActivity: (already in) nappatfpr.appteam.nith.hillffair.activities.ClubActivity
08-05 03:05:22.978  3847  3882 D Nappa   : PARENTS 
08-05 03:05:22.978  3847  3882 D Nappa   : Of: nappatfpr.appteam.nith.hillffair.activities.ClubActivity -> 
08-05 03:05:22.979  3847  3882 D Nappa   : PARENTS nappatfpr.appteam.nith.hillffair.activities.BattleDayActivity
08-05 03:05:22.979  3847  3882 D Nappa   : PARENTS has extra: (name, Dance)
08-05 03:05:22.979  3847  3882 D Nappa   : PARENTS has extra: (id, 580655cddcba0f490c70fdd0)
08-05 03:05:22.979  3847  3882 D Nappa   : PARENTS value of key 'id' is contained into https://api-hillfair-2k16.herokuapp.com/api/app/events/special/event?id=580655cddcba0f490c70fdd0
08-05 03:05:22.979  3847  3882 D Nappa   : PARENTS https://api-hillfair-2k16.herokuapp.com/api/app/events/special/event?id=
08-05 03:05:22.979  3847  3882 D Nappa   : PARENTS PARAM: id
08-05 03:05:22.979  3847  3882 D Nappa   : PARENTS   NODE nappatfpr.appteam.nith.hillffair.activities.ClubActivity ALREADY CONTAINS THIS URL
08-05 03:05:22.980  3847  3882 D Nappa   : PARENTS has extra: (battleday, true)
08-05 03:05:22.980  3847  3882 D Nappa   : PARENTS nappatfpr.appteam.nith.hillffair.activities.HomeActivity
08-05 03:05:22.980  3847  3882 D Nappa   : PARENTS nappatfpr.appteam.nith.hillffair.activities.SplashActivity
08-05 03:05:22.980  3847  3882 D Nappa   : PARENTS nappatfpr.appteam.nith.hillffair.activities.EventActivity
08-05 03:05:22.984  3847  3847 D Nappa   : registerActivity: (already in) nappatfpr.appteam.nith.hillffair.activities.ClubActivity
08-05 03:05:22.984  3847  3847 D Nappa   : STATS Number of requests not prefetched: 2
08-05 03:05:22.984  3847  3847 D Nappa   : STATS Number of requests prefetched: 0
08-05 03:05:22.984  3847  3847 D Nappa   : STATS Time saved until now: 0.0
08-05 03:05:23.031  3847  3861 I art     : Starting a blocking GC Explicit
08-05 03:05:23.048  3847  3861 I art     : Explicit concurrent mark sweep GC freed 3169(239KB) AllocSpace objects, 1(20KB) LOS objects, 23% free, 53MB/69MB, paused 587us total 17.126ms
08-05 03:05:23.056  3847  3861 I art     : Starting a blocking GC Explicit
08-05 03:05:23.059 13866 13866 I GoogleInputMethodServic: GoogleInputMethodService.onFinishInput():3138 
08-05 03:05:23.059   918   936 I ActivityManager: Displayed nappatfpr.appteam.nith.hillffair/.activities.ClubActivity: +299ms
08-05 03:05:23.060 13866 13866 I GoogleInputMethodServic: GoogleInputMethodService.onStartInput():1808 
08-05 03:05:23.060  3847  3847 D ActivityNode: Observer - intent extra - BattleDayActivity
08-05 03:05:23.060  3847  3847 D ActivityNode: Extras:
08-05 03:05:23.060  3847  3847 D ActivityNode: 	activity ID 3( key battleday)
08-05 03:05:23.060  3847  3847 D ActivityNode: 	activity ID 3( key id)
08-05 03:05:23.060  3847  3847 D ActivityNode: 	activity ID 3( key name)
08-05 03:05:23.060  3847  3847 D ActivityNode: 	activity ID 3( key battleday)
08-05 03:05:23.060  3847  3847 D ActivityNode: 	activity ID 3( key id)
08-05 03:05:23.060  3847  3847 D ActivityNode: 	activity ID 3( key name)
08-05 03:05:23.060  3847  3847 D ActivityNode: 	activity ID 3( key battleday)
08-05 03:05:23.060  3847  3847 D ActivityNode: 	activity ID 3( key id)
08-05 03:05:23.060  3847  3847 D ActivityNode: 	activity ID 3( key name)
08-05 03:05:23.060  3847  3847 D ActivityNode: 	activity ID 3( key battleday)
08-05 03:05:23.060  3847  3847 D ActivityNode: 	activity ID 3( key id)
08-05 03:05:23.060  3847  3847 D ActivityNode: 	activity ID 3( key name)
08-05 03:05:23.060  3847  3847 D ActivityNode: 	activity ID 3( key battleday)
08-05 03:05:23.060  3847  3847 D ActivityNode: 	activity ID 3( key id)
08-05 03:05:23.060  3847  3847 D ActivityNode: 	activity ID 3( key name)
08-05 03:05:23.060  3847  3847 D ActivityNode: 	activity ID 3( key battleday)
08-05 03:05:23.060  3847  3847 D ActivityNode: 	activity ID 3( key id)
08-05 03:05:23.060  3847  3847 D ActivityNode: 	activity ID 3( key name)
08-05 03:05:23.060  3847  3847 D ActivityNode: 	activity ID 3( key battleday)
08-05 03:05:23.060  3847  3847 D ActivityNode: 	activity ID 3( key id)
08-05 03:05:23.060  3847  3847 D ActivityNode: 	activity ID 3( key name)
08-05 03:05:23.060  3847  3847 D ActivityNode: 	activity ID 3( key battleday)
08-05 03:05:23.060  3847  3847 D ActivityNode: 	activity ID 3( key id)
08-05 03:05:23.060  3847  3847 D ActivityNode: 	activity ID 3( key name)
08-05 03:05:23.060  3847  3847 D ActivityNode: Observer - intent extra - HomeActivity
08-05 03:05:23.060  3847  3847 D ActivityNode: Extras:
08-05 03:05:23.060  3847  3847 D ActivityNode: Observer - intent extra - ClubActivity
08-05 03:05:23.060  3847  3847 D ActivityNode: Extras:
08-05 03:05:23.060  3847  3847 D ActivityNode: Observer - intent extra - SplashActivity
08-05 03:05:23.060  3847  3847 D ActivityNode: Extras:
08-05 03:05:23.060  3847  3847 D ActivityNode: Observer - intent extra - QuizActivity
08-05 03:05:23.060  3847  3847 D ActivityNode: Extras:
08-05 03:05:23.060  3847  3847 D ActivityNode: Observer - intent extra - LeaderBoardActivity
08-05 03:05:23.060  3847  3847 D ActivityNode: Extras:
08-05 03:05:23.060  3847  3847 D ActivityNode: Observer - intent extra - InformationActivity
08-05 03:05:23.060  3847  3847 D ActivityNode: Extras:
08-05 03:05:23.060  3847  3847 D ActivityNode: Observer - intent extra - EventActivity
08-05 03:05:23.060  3847  3847 D ActivityNode: Extras:
08-05 03:05:23.060  3847  3847 D ActivityNode: 	activity ID 8( key CLUB_NAME)
08-05 03:05:23.060  3847  3847 D ActivityNode: 	activity ID 8( key CLUB_NAME)
08-05 03:05:23.060  3847  3847 D ActivityNode: 	activity ID 8( key CLUB_NAME)
08-05 03:05:23.060  3847  3847 D ActivityNode: 	activity ID 8( key CLUB_NAME)
08-05 03:05:23.060  3847  3847 D ActivityNode: 	activity ID 8( key CLUB_NAME)
08-05 03:05:23.060  3847  3847 D ActivityNode: 	activity ID 8( key CLUB_NAME)
08-05 03:05:23.060  3847  3847 D ActivityNode: Observer - visit time - BattleDayActivity - New aggregate visit time found is 32268 ms
08-05 03:05:23.061  3847  3847 D ActivityNode: Observer - successor visit time - SplashActivity - Updating the visit time from the successors list:
08-05 03:05:23.061  3847  3847 D ActivityNode: [AggregateVisitTimeByActivity{nappatfpr.appteam.nith.hillffair.activities.HomeActivity : 7783 ms}]
08-05 03:05:23.061  3847  3847 D ActivityNode: Observer - successor visit time - HomeActivity - Updating the visit time from the successors list:
08-05 03:05:23.061  3847  3847 D ActivityNode: [AggregateVisitTimeByActivity{nappatfpr.appteam.nith.hillffair.activities.BattleDayActivity : 21312 ms}, AggregateVisitTimeByActivity{nappatfpr.appteam.nith.hillffair.activities.QuizActivity : 5183 ms}, AggregateVisitTimeByActivity{nappatfpr.appteam.nith.hillffair.activities.EventActivity : 13136 ms}]
08-05 03:05:23.061  3847  3847 D ActivityNode: Observer - successor visit time - BattleDayActivity - Updating the visit time from the successors list:
08-05 03:05:23.061  3847  3847 D ActivityNode: [AggregateVisitTimeByActivity{nappatfpr.appteam.nith.hillffair.activities.ClubActivity : 43470 ms}]
08-05 03:05:23.061  3847  3847 D ActivityNode: Observer - successor visit time - QuizActivity - Updating the visit time from the successors list:
08-05 03:05:23.061  3847  3847 D ActivityNode: [AggregateVisitTimeByActivity{nappatfpr.appteam.nith.hillffair.activities.LeaderBoardActivity : 13592 ms}, AggregateVisitTimeByActivity{nappatfpr.appteam.nith.hillffair.activities.InformationActivity : 4518 ms}]
08-05 03:05:23.068  3847  3847 D ActivityNode: Observer - successor visit time - EventActivity - Updating the visit time from the successors list:
08-05 03:05:23.068  3847  3847 D ActivityNode: [AggregateVisitTimeByActivity{nappatfpr.appteam.nith.hillffair.activities.ClubActivity : 27429 ms}]
08-05 03:05:23.071  3847  3861 I art     : Explicit concurrent mark sweep GC freed 1151(75KB) AllocSpace objects, 0(0B) LOS objects, 23% free, 52MB/68MB, paused 354us total 15.394ms
08-05 03:05:23.078  3847  3861 I art     : Starting a blocking GC Explicit
08-05 03:05:23.083  3847  3882 D Nappa   : registerActivity: (already in) nappatfpr.appteam.nith.hillffair.activities.ClubActivity
08-05 03:05:23.083  3847  3882 D Nappa   : PARENTS 
08-05 03:05:23.083  3847  3882 D Nappa   : Of: nappatfpr.appteam.nith.hillffair.activities.ClubActivity -> 
08-05 03:05:23.083  3847  3882 D Nappa   : PARENTS nappatfpr.appteam.nith.hillffair.activities.BattleDayActivity
08-05 03:05:23.083  3847  3882 D Nappa   : PARENTS has extra: (name, Dance)
08-05 03:05:23.083  3847  3882 D Nappa   : PARENTS has extra: (id, 580655cddcba0f490c70fdd0)
08-05 03:05:23.083  3847  3882 D Nappa   : PARENTS value of key 'id' is contained into https://api-hillfair-2k16.herokuapp.com/api/app/events/special/event?id=580655cddcba0f490c70fdd0
08-05 03:05:23.084  3847  3882 D Nappa   : PARENTS https://api-hillfair-2k16.herokuapp.com/api/app/events/special/event?id=
08-05 03:05:23.084  3847  3882 D Nappa   : PARENTS PARAM: id
08-05 03:05:23.084  3847  3882 D Nappa   : PARENTS   NODE nappatfpr.appteam.nith.hillffair.activities.ClubActivity ALREADY CONTAINS THIS URL
08-05 03:05:23.084  3847  3882 D Nappa   : PARENTS has extra: (battleday, true)
08-05 03:05:23.084  3847  3882 D Nappa   : PARENTS nappatfpr.appteam.nith.hillffair.activities.HomeActivity
08-05 03:05:23.084  3847  3882 D Nappa   : PARENTS nappatfpr.appteam.nith.hillffair.activities.SplashActivity
08-05 03:05:23.084  3847  3882 D Nappa   : PARENTS nappatfpr.appteam.nith.hillffair.activities.EventActivity
08-05 03:05:23.089  3847  3847 D ActivityNode: Observer - session data - sourceSplashActivity
08-05 03:05:23.089  3847  3847 D ActivityNode: destinations:
08-05 03:05:23.089  3847  3847 D ActivityNode: 	nappatfpr.appteam.nith.hillffair.activities.HomeActivity( count 2)
08-05 03:05:23.089  3847  3847 D ActivityNode: Observer - session data - sourceHomeActivity
08-05 03:05:23.089  3847  3847 D ActivityNode: destinations:
08-05 03:05:23.089  3847  3847 D ActivityNode: 	nappatfpr.appteam.nith.hillffair.activities.BattleDayActivity( count 3)
08-05 03:05:23.089  3847  3847 D ActivityNode: 	nappatfpr.appteam.nith.hillffair.activities.QuizActivity( count 2)
08-05 03:05:23.089  3847  3847 D ActivityNode: 	nappatfpr.appteam.nith.hillffair.activities.EventActivity( count 2)
08-05 03:05:23.090  3847  3847 D ActivityNode: Observer - session data - sourceBattleDayActivity
08-05 03:05:23.090  3847  3847 D ActivityNode: destinations:
08-05 03:05:23.090  3847  3847 D ActivityNode: 	nappatfpr.appteam.nith.hillffair.activities.ClubActivity( count 8)
08-05 03:05:23.091  3847  3847 D ActivityNode: Observer - session data - sourceClubActivity
08-05 03:05:23.091  3847  3847 D ActivityNode: destinations:
08-05 03:05:23.092  3847  3847 D ActivityNode: Observer - successor visit time - BattleDayActivity - Updating the visit time from the successors list:
08-05 03:05:23.092  3847  3847 D ActivityNode: [AggregateVisitTimeByActivity{nappatfpr.appteam.nith.hillffair.activities.ClubActivity : 43470 ms}]
08-05 03:05:23.092  3847  3847 D ActivityNode: Observer - successor visit time - SplashActivity - Updating the visit time from the successors list:
08-05 03:05:23.092  3847  3847 D ActivityNode: [AggregateVisitTimeByActivity{nappatfpr.appteam.nith.hillffair.activities.HomeActivity : 7783 ms}]
08-05 03:05:23.092  3847  3847 D ActivityNode: Observer - session data - sourceQuizActivity
08-05 03:05:23.092  3847  3847 D ActivityNode: destinations:
08-05 03:05:23.092  3847  3847 D ActivityNode: 	nappatfpr.appteam.nith.hillffair.activities.LeaderBoardActivity( count 3)
08-05 03:05:23.092  3847  3847 D ActivityNode: 	nappatfpr.appteam.nith.hillffair.activities.InformationActivity( count 1)
08-05 03:05:23.093  3847  3847 D ActivityNode: Observer - session data - sourceLeaderBoardActivity
08-05 03:05:23.093  3847  3847 D ActivityNode: destinations:
08-05 03:05:23.093  3847  3847 D ActivityNode: Observer - session data - sourceInformationActivity
08-05 03:05:23.093  3847  3847 D ActivityNode: destinations:
08-05 03:05:23.094  3847  3847 D ActivityNode: Observer - successor visit time - HomeActivity - Updating the visit time from the successors list:
08-05 03:05:23.094  3847  3847 D ActivityNode: [AggregateVisitTimeByActivity{nappatfpr.appteam.nith.hillffair.activities.BattleDayActivity : 21312 ms}, AggregateVisitTimeByActivity{nappatfpr.appteam.nith.hillffair.activities.QuizActivity : 5183 ms}, AggregateVisitTimeByActivity{nappatfpr.appteam.nith.hillffair.activities.EventActivity : 13136 ms}]
08-05 03:05:23.094  3847  3847 D ActivityNode: Observer - session data - sourceEventActivity
08-05 03:05:23.094  3847  3847 D ActivityNode: destinations:
08-05 03:05:23.094  3847  3847 D ActivityNode: 	nappatfpr.appteam.nith.hillffair.activities.ClubActivity( count 6)
08-05 03:05:23.094  3847  3847 D ActivityNode: Observer - successor visit time - EventActivity - Updating the visit time from the successors list:
08-05 03:05:23.094  3847  3847 D ActivityNode: [AggregateVisitTimeByActivity{nappatfpr.appteam.nith.hillffair.activities.ClubActivity : 27429 ms}]
08-05 03:05:23.095  3847  3847 D ActivityNode: Observer - successor visit time - QuizActivity - Updating the visit time from the successors list:
08-05 03:05:23.095  3847  3847 D ActivityNode: [AggregateVisitTimeByActivity{nappatfpr.appteam.nith.hillffair.activities.LeaderBoardActivity : 13592 ms}, AggregateVisitTimeByActivity{nappatfpr.appteam.nith.hillffair.activities.InformationActivity : 4518 ms}]
08-05 03:05:23.098  3847  3861 I art     : Explicit concurrent mark sweep GC freed 759(60KB) AllocSpace objects, 0(0B) LOS objects, 23% free, 53MB/69MB, paused 410us total 19.796ms
08-05 03:05:23.104  3847  3861 I art     : Starting a blocking GC Explicit
08-05 03:05:23.119  3847  3861 I art     : Explicit concurrent mark sweep GC freed 404(15KB) AllocSpace objects, 0(0B) LOS objects, 23% free, 52MB/68MB, paused 328us total 14.606ms
08-05 03:05:23.125  3847  3861 I art     : Starting a blocking GC Explicit
08-05 03:05:23.141  3847  3861 I art     : Explicit concurrent mark sweep GC freed 3(96B) AllocSpace objects, 0(0B) LOS objects, 23% free, 52MB/68MB, paused 322us total 15.331ms
08-05 03:05:23.183  3847  3882 D Nappa   : PREFETCH_ON_EXTRA - setCurrentActivity - logs - from extra - made prediction istrue
08-05 03:05:23.183  3847  3882 D Nappa   : PREFETCH_ON_EXTRA - setCurrentActivity - logs - from extra - start
08-05 03:05:23.183  3847  3882 D Nappa   : setCurrentActivity - MetricStrategyAccuracy - checking prediction VS current activity for extras
08-05 03:05:23.184  3847  3882 D TfprPrefetchingStrategy: MetricStrategyAccuracy inc hits count3 | from extra
08-05 03:05:23.184  3847  3882 I NAPPA_EXPERIMENTATION: MetricStrategyAccuracy: LOG_ID='5',EXECUTION_COUNT='5',CASES_COUNT='5',HIT_PERCENTAGE_TOTAL='60.0',HIT_PERCENTAGE_WHEN_PREDICTED='100.0',HIT_COUNT='3',MISS_COUNT='0',INSUFFICIENT_SCORE_COUNT='1',EXCEPTION_COUNT='0',NO_SUCCESSOR_COUNT='1',
08-05 03:05:23.184  3847  3882 D Nappa   : PREFETCH_ON_EXTRA - setCurrentActivity - logs - from extra- finished
08-05 03:05:23.313   380   380 W SurfaceFlinger: couldn't log to binary event log: overflow.
08-05 03:05:23.429  3847  3950 I art     : Starting a blocking GC Explicit
08-05 03:05:23.449  3847  3950 I art     : Explicit concurrent mark sweep GC freed 1668(100KB) AllocSpace objects, 1(20KB) LOS objects, 23% free, 52MB/68MB, paused 588us total 19.860ms
08-05 03:05:23.457  3847  3950 I art     : Starting a blocking GC Explicit
08-05 03:05:23.476  3847  3950 I art     : Explicit concurrent mark sweep GC freed 146(7KB) AllocSpace objects, 0(0B) LOS objects, 23% free, 52MB/68MB, paused 342us total 19.108ms
08-05 03:05:23.483  3847  3950 I art     : Starting a blocking GC Explicit
08-05 03:05:23.484  3847  3882 D Nappa   : PREFETCH_ON_EXTRA - setCurrentActivity - starting new prediction
08-05 03:05:23.484  3847  3882 D Nappa   : Current node - currentActivityName - nappatfpr.appteam.nith.hillffair.activities.ClubActivity
08-05 03:05:23.484  3847  3882 D Nappa   : Current node - activityGraph.getCurrent() - nappatfpr.appteam.nith.hillffair.activities.ClubActivity
08-05 03:05:23.485  3847  3882 I NAPPA_EXPERIMENTATION: MetricNappaPrefetchingStrategyExecutionTime: STRATEGY_CLASS='TfprPrefetchingStrategy',DURATION='1094',NUMBER_OF_URLS='0',NUMBER_OF_SELECTED_CHILDREN_NODES='0',NUMBER_OF_CHILDREN_NODES='0',STRATEGY_RUN_SUCCESSFULLY='True',
08-05 03:05:23.485  3847  3882 D TfprPrefetchingStrategy: ==================================
08-05 03:05:23.485  3847  3882 D TfprPrefetchingStrategy: Starting Run #6
08-05 03:05:23.485  3847  3882 D TfprPrefetchingStrategy: ----------------------------------
08-05 03:05:23.485  3847  3882 D TfprPrefetchingStrategy: Node data ClubActivity 
08-05 03:05:23.485  3847  3882 D TfprPrefetchingStrategy: 	Successors:
08-05 03:05:23.485  3847  3882 D TfprPrefetchingStrategy: 
08-05 03:05:23.485  3847  3882 D TfprPrefetchingStrategy: 	Ancestors:
08-05 03:05:23.485  3847  3882 D TfprPrefetchingStrategy: 		BattleDayActivity (0 hits)
08-05 03:05:23.485  3847  3882 D TfprPrefetchingStrategy: 		EventActivity (0 hits)
08-05 03:05:23.485  3847  3882 D TfprPrefetchingStrategy: 
08-05 03:05:23.485  3847  3882 D TfprPrefetchingStrategy: MetricStrategyAccuracy inc execution count6 | act = true; extra = false
08-05 03:05:23.485  3847  3882 D TfprPrefetchingStrategy: MetricStrategyAccuracy inc no sucessor count2 | act = true; extra = false
08-05 03:05:23.485  3847  3882 D TfprPrefetchingStrategy: Node has no successor
08-05 03:05:23.485  3847  3882 D TfprPrefetchingStrategy: Next visited child will be []
08-05 03:05:23.485  3847  3882 D TfprPrefetchingStrategy: ==================================
08-05 03:05:23.485  3847  3882 D Nappa   : PREFETCH_ON_EXTRA - setCurrentActivity - finished new prediction
08-05 03:05:23.500  3847  3950 I art     : Explicit concurrent mark sweep GC freed 167(16KB) AllocSpace objects, 0(0B) LOS objects, 23% free, 52MB/68MB, paused 304us total 16.277ms
08-05 03:05:23.506  3847  3950 I art     : Starting a blocking GC Explicit
08-05 03:05:23.521  3847  3950 I art     : Explicit concurrent mark sweep GC freed 10(352B) AllocSpace objects, 0(0B) LOS objects, 23% free, 52MB/68MB, paused 332us total 15.051ms
08-05 03:05:23.527  3847  3950 I art     : Starting a blocking GC Explicit
08-05 03:05:23.543  3847  3950 I art     : Explicit concurrent mark sweep GC freed 575(51KB) AllocSpace objects, 0(0B) LOS objects, 23% free, 53MB/69MB, paused 387us total 15.731ms
08-05 03:05:23.575  3847  4748 D OkHttp  : --> GET https://api-hillfair-2k16.herokuapp.com/api/app/events/special/event?id=580655cddcba0f490c70fdd0 http/1.1
08-05 03:05:23.617  3847  4748 D OkHttp  : <-- 200 OK https://api-hillfair-2k16.herokuapp.com/api/app/events/special/event?id=580655cddcba0f490c70fdd0 (42ms, 721-byte body)
08-05 03:05:23.622  3847  4748 D CustomInterceptor: CACHE_CONTROL SETTING NEW MAX-AGE
08-05 03:05:23.623  3847  4748 D CustomInterceptor: HEADER RESPONSE
08-05 03:05:23.624  3847  4748 D CustomInterceptor: Cache-Control public, immutable, max-age=300, only-if-cached, max-stale=300
08-05 03:05:23.624  3847  4748 D CustomInterceptor: Connection keep-alive
08-05 03:05:23.624  3847  4748 D CustomInterceptor: Content-Length 721
08-05 03:05:23.624  3847  4748 D CustomInterceptor: Content-Type application/json; charset=utf-8
08-05 03:05:23.624  3847  4748 D CustomInterceptor: Date Wed, 05 Aug 2020 01:05:19 GMT
08-05 03:05:23.624  3847  4748 D CustomInterceptor: Etag W/"2d1-NPuA48ruWVHGJg9VdOKE4A"
08-05 03:05:23.624  3847  4748 D CustomInterceptor: Expires Wed, 05 Aug 2020 01:10:23 GMT+00:00
08-05 03:05:23.624  3847  4748 D CustomInterceptor: Server Cowboy
08-05 03:05:23.624  3847  4748 D CustomInterceptor: Via 1.1 vegur
08-05 03:05:23.624  3847  4748 D CustomInterceptor: X-Powered-By Express
08-05 03:05:23.624  3847  4748 D CustomInterceptor: CACHEABLE true
08-05 03:05:23.624  3847  4748 D CustomInterceptor: REQ https://api-hillfair-2k16.herokuapp.com/api/app/events/special/event?id=580655cddcba0f490c70fdd0
08-05 03:05:23.624  3847  4748 D CustomInterceptor: REQ_SERV_BY net
08-05 03:05:23.624  3847  4748 D CustomInterceptor: PREFLIB Adding response to lrucache - https://api-hillfair-2k16.herokuapp.com/api/app/events/special/event?id=580655cddcba0f490c70fdd0
08-05 03:05:23.672  3847  4748 D CustomInterceptor: interceptor_finished : return_type #3 : request served from remote and added to cache
08-05 03:05:23.681  3847  3847 I NAPPA_EXPERIMENTATION: MetricNetworkRequestExecutionTime: REQUEST_DURATION_SYSTEM='900',REQUEST_DURATION_OKHTTP='0',REQUEST_SYNCHRONOUS='FALSE',RESPONSE_CODE='200',RESPONSE_METHOD='GET',RESPONSE_LENGTH_OKHTTP='721',RESPONSE_LENGTH_HEADER='-2',REQUEST_PROTOCOL='http/1.1',REQUEST_URL='https://api-hillfair-2k16.herokuapp.com/api/app/events/special/event?id=580655cddcba0f490c70fdd0',
08-05 03:05:23.829  3847  4027 I art     : Starting a blocking GC Explicit
08-05 03:05:23.851  3847  4027 I art     : Explicit concurrent mark sweep GC freed 4604(316KB) AllocSpace objects, 4(220KB) LOS objects, 23% free, 53MB/69MB, paused 356us total 21.410ms
08-05 03:05:23.859  3847  4027 I art     : Starting a blocking GC Explicit
08-05 03:05:23.876  3847  4027 I art     : Explicit concurrent mark sweep GC freed 1015(119KB) AllocSpace objects, 0(0B) LOS objects, 23% free, 53MB/69MB, paused 327us total 17.164ms
08-05 03:05:23.883  3847  4027 I art     : Starting a blocking GC Explicit
08-05 03:05:23.900  3847  4027 I art     : Explicit concurrent mark sweep GC freed 3(96B) AllocSpace objects, 0(0B) LOS objects, 23% free, 53MB/69MB, paused 282us total 17.009ms
08-05 03:05:23.907  3847  4027 I art     : Starting a blocking GC Explicit
08-05 03:05:23.923  3847  4027 I art     : Explicit concurrent mark sweep GC freed 3(96B) AllocSpace objects, 0(0B) LOS objects, 23% free, 53MB/69MB, paused 303us total 15.751ms
08-05 03:05:23.929  3847  4027 I art     : Starting a blocking GC Explicit
08-05 03:05:23.946  3847  4027 I art     : Explicit concurrent mark sweep GC freed 3(96B) AllocSpace objects, 0(0B) LOS objects, 23% free, 53MB/69MB, paused 314us total 16.591ms
08-05 03:05:24.235  3847  3861 I art     : Starting a blocking GC Explicit
08-05 03:05:24.260  3847  3861 I art     : Explicit concurrent mark sweep GC freed 1546(97KB) AllocSpace objects, 1(20KB) LOS objects, 23% free, 53MB/69MB, paused 369us total 24.285ms
08-05 03:05:24.269  3847  3861 I art     : Starting a blocking GC Explicit
08-05 03:05:24.287  3847  3861 I art     : Explicit concurrent mark sweep GC freed 44(1584B) AllocSpace objects, 0(0B) LOS objects, 23% free, 53MB/69MB, paused 350us total 17.691ms
08-05 03:05:24.294  3847  3861 I art     : Starting a blocking GC Explicit
08-05 03:05:24.311  3847  3861 I art     : Explicit concurrent mark sweep GC freed 3(96B) AllocSpace objects, 0(0B) LOS objects, 23% free, 53MB/69MB, paused 329us total 16.692ms
08-05 03:05:24.318  3847  3861 I art     : Starting a blocking GC Explicit
08-05 03:05:24.335  3847  3861 I art     : Explicit concurrent mark sweep GC freed 3(96B) AllocSpace objects, 0(0B) LOS objects, 23% free, 53MB/69MB, paused 332us total 16.548ms
08-05 03:05:24.341  3847  3861 I art     : Starting a blocking GC Explicit
08-05 03:05:24.358  3847  3861 I art     : Explicit concurrent mark sweep GC freed 3(96B) AllocSpace objects, 0(0B) LOS objects, 23% free, 53MB/69MB, paused 299us total 16.268ms
08-05 03:05:24.663  3847  3860 I art     : Starting a blocking GC Explicit
08-05 03:05:24.681  3847  3860 I art     : Explicit concurrent mark sweep GC freed 1545(94KB) AllocSpace objects, 1(20KB) LOS objects, 23% free, 53MB/69MB, paused 379us total 18.759ms
08-05 03:05:24.688  3847  3860 I art     : Starting a blocking GC Explicit
08-05 03:05:24.704  3847  3860 I art     : Explicit concurrent mark sweep GC freed 28(1024B) AllocSpace objects, 0(0B) LOS objects, 23% free, 53MB/69MB, paused 304us total 15.773ms
08-05 03:05:24.710  3847  3860 I art     : Starting a blocking GC Explicit
08-05 03:05:24.725  3847  3860 I art     : Explicit concurrent mark sweep GC freed 9(320B) AllocSpace objects, 0(0B) LOS objects, 23% free, 53MB/69MB, paused 301us total 14.732ms
08-05 03:05:24.732  3847  3860 I art     : Starting a blocking GC Explicit
08-05 03:05:24.749  3847  3860 I art     : Explicit concurrent mark sweep GC freed 3(96B) AllocSpace objects, 0(0B) LOS objects, 23% free, 53MB/69MB, paused 322us total 16.917ms
08-05 03:05:24.756  3847  3860 I art     : Starting a blocking GC Explicit
08-05 03:05:24.773  3847  3860 I art     : Explicit concurrent mark sweep GC freed 3(96B) AllocSpace objects, 0(0B) LOS objects, 23% free, 53MB/69MB, paused 316us total 16.844ms
08-05 03:05:25.097  3847  3861 I art     : Starting a blocking GC Explicit
08-05 03:05:25.122  3847  3861 I art     : Explicit concurrent mark sweep GC freed 1544(93KB) AllocSpace objects, 1(20KB) LOS objects, 23% free, 53MB/69MB, paused 358us total 24.518ms
08-05 03:05:25.133  3847  3861 I art     : Starting a blocking GC Explicit
08-05 03:05:25.151  3847  3861 I art     : Explicit concurrent mark sweep GC freed 28(1024B) AllocSpace objects, 0(0B) LOS objects, 23% free, 53MB/69MB, paused 314us total 17.890ms
08-05 03:05:25.158  3847  3861 I art     : Starting a blocking GC Explicit
08-05 03:05:25.176  3847  3861 I art     : Explicit concurrent mark sweep GC freed 3(96B) AllocSpace objects, 0(0B) LOS objects, 23% free, 53MB/69MB, paused 317us total 17.527ms
08-05 03:05:25.183  3847  3861 I art     : Starting a blocking GC Explicit
08-05 03:05:25.200  3847  3861 I art     : Explicit concurrent mark sweep GC freed 3(96B) AllocSpace objects, 0(0B) LOS objects, 23% free, 53MB/69MB, paused 310us total 17.042ms
08-05 03:05:25.207  3847  3861 I art     : Starting a blocking GC Explicit
08-05 03:05:25.224  3847  3861 I art     : Explicit concurrent mark sweep GC freed 3(96B) AllocSpace objects, 0(0B) LOS objects, 23% free, 53MB/69MB, paused 302us total 17.136ms
08-05 03:05:25.527  3847  4027 I art     : Starting a blocking GC Explicit
08-05 03:05:25.549  3847  4027 I art     : Explicit concurrent mark sweep GC freed 1542(93KB) AllocSpace objects, 1(20KB) LOS objects, 23% free, 53MB/69MB, paused 353us total 22.031ms
08-05 03:05:25.559  3847  4027 I art     : Starting a blocking GC Explicit
08-05 03:05:25.576  3847  4027 I art     : Explicit concurrent mark sweep GC freed 28(1024B) AllocSpace objects, 0(0B) LOS objects, 23% free, 53MB/69MB, paused 315us total 17.334ms
08-05 03:05:25.583  3847  4027 I art     : Starting a blocking GC Explicit
08-05 03:05:25.600  3847  4027 I art     : Explicit concurrent mark sweep GC freed 3(96B) AllocSpace objects, 0(0B) LOS objects, 23% free, 53MB/69MB, paused 308us total 17.139ms
08-05 03:05:25.607  3847  4027 I art     : Starting a blocking GC Explicit
08-05 03:05:25.625  3847  4027 I art     : Explicit concurrent mark sweep GC freed 3(96B) AllocSpace objects, 0(0B) LOS objects, 23% free, 53MB/69MB, paused 301us total 17.068ms
08-05 03:05:25.631  3847  4027 I art     : Starting a blocking GC Explicit
08-05 03:05:25.649  3847  4027 I art     : Explicit concurrent mark sweep GC freed 3(96B) AllocSpace objects, 0(0B) LOS objects, 23% free, 53MB/69MB, paused 306us total 17.074ms
08-05 03:05:25.725 31670 31670 I Atfwd_Sendcmd: AtCmdFwd service not ready - Exhausted retry attempts - :6
08-05 03:05:25.725 31670 31670 I Atfwd_Daemon: result : -1 	 ,Init step :2 	 ,qmiErrorCode: 0
08-05 03:05:25.957  3847  3950 I art     : Starting a blocking GC Explicit
08-05 03:05:25.986  3847  3950 I art     : Explicit concurrent mark sweep GC freed 1545(94KB) AllocSpace objects, 1(20KB) LOS objects, 23% free, 53MB/69MB, paused 403us total 28.184ms
08-05 03:05:25.997  3847  3950 I art     : Starting a blocking GC Explicit
08-05 03:05:26.014  3847  3950 I art     : Explicit concurrent mark sweep GC freed 28(1024B) AllocSpace objects, 0(0B) LOS objects, 23% free, 53MB/69MB, paused 331us total 16.997ms
08-05 03:05:26.021  3847  3950 I art     : Starting a blocking GC Explicit
08-05 03:05:26.039  3847  3950 I art     : Explicit concurrent mark sweep GC freed 3(96B) AllocSpace objects, 0(0B) LOS objects, 23% free, 53MB/69MB, paused 318us total 17.186ms
08-05 03:05:26.046  3847  3950 I art     : Starting a blocking GC Explicit
08-05 03:05:26.063  3847  3950 I art     : Explicit concurrent mark sweep GC freed 3(96B) AllocSpace objects, 0(0B) LOS objects, 23% free, 53MB/69MB, paused 327us total 16.816ms
08-05 03:05:26.070  3847  3950 I art     : Starting a blocking GC Explicit
08-05 03:05:26.086  3847  3950 I art     : Explicit concurrent mark sweep GC freed 3(96B) AllocSpace objects, 0(0B) LOS objects, 23% free, 53MB/69MB, paused 317us total 16.715ms
08-05 03:05:26.413  3847  3860 I art     : Starting a blocking GC Explicit
08-05 03:05:26.438  3847  3860 I art     : Explicit concurrent mark sweep GC freed 1540(89KB) AllocSpace objects, 1(20KB) LOS objects, 23% free, 53MB/69MB, paused 398us total 24.797ms
08-05 03:05:26.451  3847  3860 I art     : Starting a blocking GC Explicit
08-05 03:05:26.468  3847  3860 I art     : Explicit concurrent mark sweep GC freed 28(1024B) AllocSpace objects, 0(0B) LOS objects, 23% free, 53MB/69MB, paused 321us total 16.921ms
08-05 03:05:26.475  3847  3860 I art     : Starting a blocking GC Explicit
08-05 03:05:26.492  3847  3860 I art     : Explicit concurrent mark sweep GC freed 3(96B) AllocSpace objects, 0(0B) LOS objects, 23% free, 53MB/69MB, paused 324us total 16.892ms
08-05 03:05:26.499  3847  3860 I art     : Starting a blocking GC Explicit
08-05 03:05:26.515  3847  3860 I art     : Explicit concurrent mark sweep GC freed 3(96B) AllocSpace objects, 0(0B) LOS objects, 23% free, 53MB/69MB, paused 301us total 16.720ms
08-05 03:05:26.522  3847  3860 I art     : Starting a blocking GC Explicit
08-05 03:05:26.539  3847  3860 I art     : Explicit concurrent mark sweep GC freed 3(96B) AllocSpace objects, 0(0B) LOS objects, 23% free, 53MB/69MB, paused 316us total 16.854ms
08-05 03:05:26.861  3847  3861 I art     : Starting a blocking GC Explicit
08-05 03:05:26.889  3847  3861 I art     : Explicit concurrent mark sweep GC freed 1540(89KB) AllocSpace objects, 1(20KB) LOS objects, 23% free, 53MB/69MB, paused 345us total 28.375ms
08-05 03:05:26.900  3847  3861 I art     : Starting a blocking GC Explicit
08-05 03:05:26.920  3847  3861 I art     : Explicit concurrent mark sweep GC freed 28(1024B) AllocSpace objects, 0(0B) LOS objects, 23% free, 53MB/69MB, paused 334us total 19.934ms
08-05 03:05:26.928  3847  3861 I art     : Starting a blocking GC Explicit
08-05 03:05:26.945  3847  3861 I art     : Explicit concurrent mark sweep GC freed 3(96B) AllocSpace objects, 0(0B) LOS objects, 23% free, 53MB/69MB, paused 313us total 17.707ms
08-05 03:05:26.953  3847  3861 I art     : Starting a blocking GC Explicit
08-05 03:05:26.970  3847  3861 I art     : Explicit concurrent mark sweep GC freed 3(96B) AllocSpace objects, 0(0B) LOS objects, 23% free, 53MB/69MB, paused 309us total 16.687ms
08-05 03:05:26.977  3847  3861 I art     : Starting a blocking GC Explicit
08-05 03:05:26.993  3847  3861 I art     : Explicit concurrent mark sweep GC freed 3(96B) AllocSpace objects, 0(0B) LOS objects, 23% free, 53MB/69MB, paused 306us total 15.898ms
08-05 03:05:27.279  3847  4027 I art     : Starting a blocking GC Explicit
08-05 03:05:27.297  3847  4027 I art     : Explicit concurrent mark sweep GC freed 1540(89KB) AllocSpace objects, 1(20KB) LOS objects, 23% free, 53MB/69MB, paused 393us total 17.854ms
08-05 03:05:27.304  3847  4027 I art     : Starting a blocking GC Explicit
08-05 03:05:27.321  3847  4027 I art     : Explicit concurrent mark sweep GC freed 28(1024B) AllocSpace objects, 0(0B) LOS objects, 23% free, 53MB/69MB, paused 325us total 16.432ms
08-05 03:05:27.327  3847  4027 I art     : Starting a blocking GC Explicit
08-05 03:05:27.344  3847  4027 I art     : Explicit concurrent mark sweep GC freed 3(96B) AllocSpace objects, 0(0B) LOS objects, 23% free, 53MB/69MB, paused 327us total 16.474ms
08-05 03:05:27.351  3847  4027 I art     : Starting a blocking GC Explicit
08-05 03:05:27.368  3847  4027 I art     : Explicit concurrent mark sweep GC freed 3(96B) AllocSpace objects, 0(0B) LOS objects, 23% free, 53MB/69MB, paused 332us total 16.362ms
08-05 03:05:27.375  3847  4027 I art     : Starting a blocking GC Explicit
08-05 03:05:27.379  4855  4855 D AndroidRuntime: >>>>>> START com.android.internal.os.RuntimeInit uid 2000 <<<<<<
08-05 03:05:27.383  4855  4855 D AndroidRuntime: CheckJNI is OFF
08-05 03:05:27.391  3847  4027 I art     : Explicit concurrent mark sweep GC freed 3(96B) AllocSpace objects, 0(0B) LOS objects, 23% free, 53MB/69MB, paused 336us total 15.895ms
08-05 03:05:27.409  4855  4855 D ICU     : No timezone override file found: /data/misc/zoneinfo/current/icu/icu_tzdata.dat
08-05 03:05:27.433  4855  4855 I Radio-JNI: register_android_hardware_Radio DONE
08-05 03:05:27.449  4855  4855 D AndroidRuntime: Calling main entry com.android.commands.input.Input
08-05 03:05:27.451  4855  4855 I Input   : injectKeyEvent: KeyEvent { action=ACTION_DOWN, keyCode=KEYCODE_BACK, scanCode=0, metaState=0, flags=0x0, repeatCount=0, eventTime=759943864, downTime=759943864, deviceId=-1, source=0x101 }
08-05 03:05:27.457  4855  4855 I Input   : injectKeyEvent: KeyEvent { action=ACTION_UP, keyCode=KEYCODE_BACK, scanCode=0, metaState=0, flags=0x0, repeatCount=0, eventTime=759943864, downTime=759943864, deviceId=-1, source=0x101 }
08-05 03:05:27.462  3847  3847 D NappaLifecycleObserver: nappatfpr.appteam.nith.hillffair.activities.ClubActivity - onPause
08-05 03:05:27.463  3847  3847 D Nappa   : Stayed on nappatfpr.appteam.nith.hillffair.activities.ClubActivity for 4479 ms
08-05 03:05:27.463  4855  4855 D AndroidRuntime: Shutting down VM
08-05 03:05:27.468  3847  3847 D NappaLifecycleObserver: nappatfpr.appteam.nith.hillffair.activities.BattleDayActivity - onResume
08-05 03:05:27.468  3847  3847 D Nappa   : setCurrentActivity - MetricStrategyAccuracy - 
08-05 03:05:27.468  3847  3847 D Nappa   : madePredictionFromActivity = true, 
08-05 03:05:27.468  3847  3847 D Nappa   : fromActivity = nappatfpr.appteam.nith.hillffair.activities.ClubActivity, 
