08-04 02:53:54.469 23516 24404 D CustomInterceptor: Server nginx
08-04 02:53:54.469 23516 24404 D CustomInterceptor: Strict-Transport-Security max-age=31556926; includeSubDomains; preload
08-04 02:53:54.469 23516 24404 D CustomInterceptor: CACHEABLE true
08-04 02:53:54.469 23516 24404 D CustomInterceptor: REQ https://hacker-news.firebaseio.com/v0/item/23972060.json
08-04 02:53:54.469 23516 24404 D CustomInterceptor: REQ_SERV_BY net
08-04 02:53:54.469 23516 24404 D CustomInterceptor: PREFLIB Adding response to lrucache - https://hacker-news.firebaseio.com/v0/item/23972060.json
08-04 02:53:54.469 23516 24406 D CustomInterceptor: CACHE_CONTROL SETTING NEW MAX-AGE
08-04 02:53:54.470 23516 24406 D CustomInterceptor: HEADER RESPONSE
08-04 02:53:54.470 23516 24406 D CustomInterceptor: Access-Control-Allow-Origin *
08-04 02:53:54.470 23516 24406 D CustomInterceptor: Cache-Control public, immutable, max-age=300, only-if-cached, max-stale=300
08-04 02:53:54.470 23516 24406 D CustomInterceptor: Connection keep-alive
08-04 02:53:54.470 23516 24406 D CustomInterceptor: Content-Length 290
08-04 02:53:54.470 23516 24406 D CustomInterceptor: Content-Type application/json; charset=utf-8
08-04 02:53:54.470 23516 24406 D CustomInterceptor: Date Tue, 04 Aug 2020 00:53:49 GMT
08-04 02:53:54.470 23516 24406 D CustomInterceptor: Expires Tue, 04 Aug 2020 00:58:54 GMT+00:00
08-04 02:53:54.470 23516 24406 D CustomInterceptor: Server nginx
08-04 02:53:54.470 23516 24406 D CustomInterceptor: Strict-Transport-Security max-age=31556926; includeSubDomains; preload
08-04 02:53:54.470 23516 24406 D CustomInterceptor: CACHEABLE true
08-04 02:53:54.470 23516 24406 D CustomInterceptor: REQ https://hacker-news.firebaseio.com/v0/item/23970864.json
08-04 02:53:54.470 23516 24406 D CustomInterceptor: REQ_SERV_BY net
08-04 02:53:54.471 23516 24406 D CustomInterceptor: PREFLIB Adding response to lrucache - https://hacker-news.firebaseio.com/v0/item/23970864.json
08-04 02:53:54.491 23516 23726 D CustomInterceptor: interceptor_finished : return_type #3 : request served from remote and added to cache
08-04 02:53:54.494 23516 24404 D CustomInterceptor: interceptor_finished : return_type #3 : request served from remote and added to cache
08-04 02:53:54.496 23516 24406 D CustomInterceptor: interceptor_finished : return_type #3 : request served from remote and added to cache
08-04 02:53:54.512 23516 24410 D CustomInterceptor: CACHE_CONTROL SETTING NEW MAX-AGE
08-04 02:53:54.513 23516 24410 D CustomInterceptor: HEADER RESPONSE
08-04 02:53:54.513 23516 24410 D CustomInterceptor: Access-Control-Allow-Origin *
08-04 02:53:54.517 23516 24415 D CustomInterceptor: CACHE_CONTROL SETTING NEW MAX-AGE
08-04 02:53:54.521 23516 24415 D CustomInterceptor: HEADER RESPONSE
08-04 02:53:54.521 23516 24415 D CustomInterceptor: Access-Control-Allow-Origin *
08-04 02:53:54.521 23516 24415 D CustomInterceptor: Cache-Control public, immutable, max-age=300, only-if-cached, max-stale=300
08-04 02:53:54.521 23516 24415 D CustomInterceptor: Connection keep-alive
08-04 02:53:54.521 23516 24415 D CustomInterceptor: Content-Length 199
08-04 02:53:54.521 23516 24415 D CustomInterceptor: Content-Type application/json; charset=utf-8
08-04 02:53:54.521 23516 24415 D CustomInterceptor: Date Tue, 04 Aug 2020 00:53:49 GMT
08-04 02:53:54.521 23516 24415 D CustomInterceptor: Expires Tue, 04 Aug 2020 00:58:54 GMT+00:00
08-04 02:53:54.521 23516 24415 D CustomInterceptor: Server nginx
08-04 02:53:54.522 23516 24415 D CustomInterceptor: Strict-Transport-Security max-age=31556926; includeSubDomains; preload
08-04 02:53:54.522 23516 24415 D CustomInterceptor: CACHEABLE true
08-04 02:53:54.522 23516 24415 D CustomInterceptor: REQ https://hacker-news.firebaseio.com/v0/item/23970298.json
08-04 02:53:54.522 23516 24415 D CustomInterceptor: REQ_SERV_BY net
08-04 02:53:54.522 23516 24415 D CustomInterceptor: PREFLIB Adding response to lrucache - https://hacker-news.firebaseio.com/v0/item/23970298.json
08-04 02:53:54.522 23516 24410 D CustomInterceptor: Cache-Control public, immutable, max-age=300, only-if-cached, max-stale=300
08-04 02:53:54.522 23516 24410 D CustomInterceptor: Connection keep-alive
08-04 02:53:54.522 23516 24410 D CustomInterceptor: Content-Length 233
08-04 02:53:54.522 23516 24410 D CustomInterceptor: Content-Type application/json; charset=utf-8
08-04 02:53:54.523 23516 24410 D CustomInterceptor: Date Tue, 04 Aug 2020 00:53:50 GMT
08-04 02:53:54.523 23516 24410 D CustomInterceptor: Expires Tue, 04 Aug 2020 00:58:54 GMT+00:00
08-04 02:53:54.523 23516 24410 D CustomInterceptor: Server nginx
08-04 02:53:54.523 23516 24410 D CustomInterceptor: Strict-Transport-Security max-age=31556926; includeSubDomains; preload
08-04 02:53:54.523 23516 24410 D CustomInterceptor: CACHEABLE true
08-04 02:53:54.523 23516 24410 D CustomInterceptor: REQ https://hacker-news.firebaseio.com/v0/item/23970862.json
08-04 02:53:54.523 23516 24410 D CustomInterceptor: REQ_SERV_BY net
08-04 02:53:54.523 23516 24410 D CustomInterceptor: PREFLIB Adding response to lrucache - https://hacker-news.firebaseio.com/v0/item/23970862.json
08-04 02:53:54.524 23516 24415 D CustomInterceptor: interceptor_finished : return_type #3 : request served from remote and added to cache
08-04 02:53:54.527 23516 24410 D CustomInterceptor: interceptor_finished : return_type #3 : request served from remote and added to cache
08-04 02:53:54.565 23516 24447 D CustomInterceptor: Interceptor exiting with exception java.io.IOException: unexpected end of stream on https://hacker-news.firebaseio.com/...
08-04 02:53:54.568 23516 24447 D CustomInterceptor: interceptor_finished : return_type #4 : interceptor failed, resuming the request chain with the original request
08-04 02:53:54.570 23516 23725 D CustomInterceptor: NETWORK-PROVIDER https://hacker-news.firebaseio.com/v0/item/23971924.json
08-04 02:53:54.571 23516 23725 D CustomInterceptor: HEADER REQUEST
08-04 02:53:54.571 23516 23725 D CustomInterceptor: Cache-Control max-age=300, max-stale=300
08-04 02:53:54.571 23516 23725 D CustomInterceptor: CACHED STATS: size = '100', maxSize = '100', hitCount = '113', createCount = '0', putCount = '109', evictionCount = '9', missCount = '122', toString = 'LruCache[maxSize=100,hits=113,misses=122,hitRate=48%]', 
08-04 02:53:54.572 23516 23725 D CustomInterceptor: PREFLIB NOT A GET REQUEST OR NOT IN CACHEGET
08-04 02:53:54.578 23516 23712 D CustomInterceptor: NETWORK-PROVIDER https://hacker-news.firebaseio.com/v0/item/23973978.json
08-04 02:53:54.580 23516 23712 D CustomInterceptor: HEADER REQUEST
08-04 02:53:54.580 23516 23712 D CustomInterceptor: Cache-Control max-age=300, max-stale=300
08-04 02:53:54.580 23516 23712 D CustomInterceptor: CACHED STATS: size = '100', maxSize = '100', hitCount = '113', createCount = '0', putCount = '109', evictionCount = '9', missCount = '123', toString = 'LruCache[maxSize=100,hits=113,misses=123,hitRate=47%]', 
08-04 02:53:54.580 23516 23712 D CustomInterceptor: PREFLIB NOT A GET REQUEST OR NOT IN CACHEGET
08-04 02:53:54.587 23516 24413 D CustomInterceptor: NETWORK-PROVIDER https://hacker-news.firebaseio.com/v0/item/23972234.json
08-04 02:53:54.588 23516 24413 D CustomInterceptor: HEADER REQUEST
08-04 02:53:54.588 23516 24413 D CustomInterceptor: Cache-Control max-age=300, max-stale=300
08-04 02:53:54.588 23516 24413 D CustomInterceptor: CACHED STATS: size = '100', maxSize = '100', hitCount = '113', createCount = '0', putCount = '109', evictionCount = '9', missCount = '124', toString = 'LruCache[maxSize=100,hits=113,misses=124,hitRate=47%]', 
08-04 02:53:54.588 23516 24413 D CustomInterceptor: PREFLIB NOT A GET REQUEST OR NOT IN CACHEGET
08-04 02:53:54.595 23516 24416 D CustomInterceptor: NETWORK-PROVIDER https://hacker-news.firebaseio.com/v0/item/23971897.json
08-04 02:53:54.596 23516 24416 D CustomInterceptor: HEADER REQUEST
08-04 02:53:54.596 23516 24416 D CustomInterceptor: Cache-Control max-age=300, max-stale=300
08-04 02:53:54.596 23516 24416 D CustomInterceptor: CACHED STATS: size = '100', maxSize = '100', hitCount = '113', createCount = '0', putCount = '109', evictionCount = '9', missCount = '125', toString = 'LruCache[maxSize=100,hits=113,misses=125,hitRate=47%]', 
08-04 02:53:54.597 23516 24416 D CustomInterceptor: PREFLIB NOT A GET REQUEST OR NOT IN CACHEGET
08-04 02:53:54.612 23516 23533 D CustomInterceptor: Interceptor exiting with exception java.io.IOException: unexpected end of stream on https://hacker-news.firebaseio.com/...
08-04 02:53:54.617 23516 23533 D CustomInterceptor: interceptor_finished : return_type #4 : interceptor failed, resuming the request chain with the original request
08-04 02:53:54.702 23516 23720 D CustomInterceptor: Interceptor exiting with exception java.io.IOException: unexpected end of stream on https://hacker-news.firebaseio.com/...
08-04 02:53:54.707 23516 23720 D CustomInterceptor: interceptor_finished : return_type #4 : interceptor failed, resuming the request chain with the original request
08-04 02:53:54.737 23516 24451 D CustomInterceptor: Interceptor exiting with exception java.io.IOException: unexpected end of stream on https://hacker-news.firebaseio.com/...
08-04 02:53:54.743 23516 24451 D CustomInterceptor: interceptor_finished : return_type #4 : interceptor failed, resuming the request chain with the original request
08-04 02:53:54.768 23516 24413 D CustomInterceptor: CACHE_CONTROL SETTING NEW MAX-AGE
08-04 02:53:54.770 23516 24413 D CustomInterceptor: HEADER RESPONSE
08-04 02:53:54.770 23516 24413 D CustomInterceptor: Access-Control-Allow-Origin *
08-04 02:53:54.770 23516 24413 D CustomInterceptor: Cache-Control public, immutable, max-age=300, only-if-cached, max-stale=300
08-04 02:53:54.770 23516 24413 D CustomInterceptor: Connection keep-alive
08-04 02:53:54.770 23516 24413 D CustomInterceptor: Content-Length 262
08-04 02:53:54.770 23516 24413 D CustomInterceptor: Content-Type application/json; charset=utf-8
08-04 02:53:54.770 23516 24413 D CustomInterceptor: Date Tue, 04 Aug 2020 00:53:50 GMT
08-04 02:53:54.770 23516 24413 D CustomInterceptor: Expires Tue, 04 Aug 2020 00:58:54 GMT+00:00
08-04 02:53:54.771 23516 24413 D CustomInterceptor: Server nginx
08-04 02:53:54.771 23516 24413 D CustomInterceptor: Strict-Transport-Security max-age=31556926; includeSubDomains; preload
08-04 02:53:54.771 23516 24413 D CustomInterceptor: CACHEABLE true
08-04 02:53:54.771 23516 24413 D CustomInterceptor: REQ https://hacker-news.firebaseio.com/v0/item/23972234.json
08-04 02:53:54.771 23516 24413 D CustomInterceptor: REQ_SERV_BY net
08-04 02:53:54.771 23516 24413 D CustomInterceptor: PREFLIB Adding response to lrucache - https://hacker-news.firebaseio.com/v0/item/23972234.json
08-04 02:53:54.774 23516 24413 D CustomInterceptor: interceptor_finished : return_type #3 : request served from remote and added to cache
08-04 02:53:54.774 23516 23712 D CustomInterceptor: CACHE_CONTROL SETTING NEW MAX-AGE
08-04 02:53:54.775 23516 23712 D CustomInterceptor: HEADER RESPONSE
08-04 02:53:54.775 23516 23712 D CustomInterceptor: Access-Control-Allow-Origin *
08-04 02:53:54.775 23516 23712 D CustomInterceptor: Cache-Control public, immutable, max-age=300, only-if-cached, max-stale=300
08-04 02:53:54.775 23516 23712 D CustomInterceptor: Connection keep-alive
08-04 02:53:54.776 23516 23712 D CustomInterceptor: Content-Length 83
08-04 02:53:54.776 23516 23712 D CustomInterceptor: Content-Type application/json; charset=utf-8
08-04 02:53:54.776 23516 23712 D CustomInterceptor: Date Tue, 04 Aug 2020 00:53:50 GMT
08-04 02:53:54.776 23516 23712 D CustomInterceptor: Expires Tue, 04 Aug 2020 00:58:54 GMT+00:00
08-04 02:53:54.776 23516 23712 D CustomInterceptor: Server nginx
08-04 02:53:54.776 23516 23712 D CustomInterceptor: Strict-Transport-Security max-age=31556926; includeSubDomains; preload
08-04 02:53:54.776 23516 23712 D CustomInterceptor: CACHEABLE true
08-04 02:53:54.776 23516 23712 D CustomInterceptor: REQ https://hacker-news.firebaseio.com/v0/item/23973978.json
08-04 02:53:54.776 23516 23712 D CustomInterceptor: REQ_SERV_BY net
08-04 02:53:54.776 23516 23712 D CustomInterceptor: PREFLIB Adding response to lrucache - https://hacker-news.firebaseio.com/v0/item/23973978.json
08-04 02:53:54.777 23516 23725 D CustomInterceptor: CACHE_CONTROL SETTING NEW MAX-AGE
08-04 02:53:54.778 23516 23712 D CustomInterceptor: interceptor_finished : return_type #3 : request served from remote and added to cache
08-04 02:53:54.779 23516 23725 D CustomInterceptor: HEADER RESPONSE
08-04 02:53:54.779 23516 23725 D CustomInterceptor: Access-Control-Allow-Origin *
08-04 02:53:54.779 23516 23725 D CustomInterceptor: Cache-Control public, immutable, max-age=300, only-if-cached, max-stale=300
08-04 02:53:54.779 23516 23725 D CustomInterceptor: Connection keep-alive
08-04 02:53:54.779 23516 23725 D CustomInterceptor: Content-Length 203
08-04 02:53:54.779 23516 23725 D CustomInterceptor: Content-Type application/json; charset=utf-8
08-04 02:53:54.779 23516 23725 D CustomInterceptor: Date Tue, 04 Aug 2020 00:53:50 GMT
08-04 02:53:54.779 23516 23725 D CustomInterceptor: Expires Tue, 04 Aug 2020 00:58:54 GMT+00:00
08-04 02:53:54.779 23516 23725 D CustomInterceptor: Server nginx
08-04 02:53:54.779 23516 23725 D CustomInterceptor: Strict-Transport-Security max-age=31556926; includeSubDomains; preload
08-04 02:53:54.779 23516 23725 D CustomInterceptor: CACHEABLE true
08-04 02:53:54.779 23516 23725 D CustomInterceptor: REQ https://hacker-news.firebaseio.com/v0/item/23971924.json
08-04 02:53:54.779 23516 23725 D CustomInterceptor: REQ_SERV_BY net
08-04 02:53:54.779 23516 23725 D CustomInterceptor: PREFLIB Adding response to lrucache - https://hacker-news.firebaseio.com/v0/item/23971924.json
08-04 02:53:54.782 23516 23725 D CustomInterceptor: interceptor_finished : return_type #3 : request served from remote and added to cache
08-04 02:53:54.789 23516 24416 D CustomInterceptor: CACHE_CONTROL SETTING NEW MAX-AGE
08-04 02:53:54.790 23516 24416 D CustomInterceptor: HEADER RESPONSE
08-04 02:53:54.790 23516 24416 D CustomInterceptor: Access-Control-Allow-Origin *
08-04 02:53:54.790 23516 24416 D CustomInterceptor: Cache-Control public, immutable, max-age=300, only-if-cached, max-stale=300
08-04 02:53:54.790 23516 24416 D CustomInterceptor: Connection keep-alive
08-04 02:53:54.790 23516 24416 D CustomInterceptor: Content-Length 607
08-04 02:53:54.790 23516 24416 D CustomInterceptor: Content-Type application/json; charset=utf-8
08-04 02:53:54.790 23516 24416 D CustomInterceptor: Date Tue, 04 Aug 2020 00:53:50 GMT
08-04 02:53:54.790 23516 24416 D CustomInterceptor: Expires Tue, 04 Aug 2020 00:58:54 GMT+00:00
08-04 02:53:54.790 23516 24416 D CustomInterceptor: Server nginx
08-04 02:53:54.790 23516 24416 D CustomInterceptor: Strict-Transport-Security max-age=31556926; includeSubDomains; preload
08-04 02:53:54.790 23516 24416 D CustomInterceptor: CACHEABLE true
08-04 02:53:54.791 23516 24416 D CustomInterceptor: REQ https://hacker-news.firebaseio.com/v0/item/23971897.json
08-04 02:53:54.791 23516 24416 D CustomInterceptor: REQ_SERV_BY net
08-04 02:53:54.791 23516 24416 D CustomInterceptor: PREFLIB Adding response to lrucache - https://hacker-news.firebaseio.com/v0/item/23971897.json
08-04 02:53:54.792 23516 24416 D CustomInterceptor: interceptor_finished : return_type #3 : request served from remote and added to cache
08-04 02:53:54.829 23516 23711 D CustomInterceptor: NETWORK-PROVIDER https://hacker-news.firebaseio.com/v0/item/23971030.json
08-04 02:53:54.831 23516 23711 D CustomInterceptor: HEADER REQUEST
08-04 02:53:54.831 23516 23711 D CustomInterceptor: Cache-Control max-age=300, max-stale=300
08-04 02:53:54.831 23516 23711 D CustomInterceptor: CACHED STATS: size = '100', maxSize = '100', hitCount = '117', createCount = '0', putCount = '113', evictionCount = '13', missCount = '126', toString = 'LruCache[maxSize=100,hits=117,misses=126,hitRate=48%]', 
08-04 02:53:54.831 23516 23711 D CustomInterceptor: PREFLIB NOT A GET REQUEST OR NOT IN CACHEGET
08-04 02:53:54.914 23516 24445 D CustomInterceptor: NETWORK-PROVIDER https://hacker-news.firebaseio.com/v0/item/23972051.json
08-04 02:53:54.915 23516 24445 D CustomInterceptor: HEADER REQUEST
08-04 02:53:54.915 23516 24445 D CustomInterceptor: Cache-Control max-age=300, max-stale=300
08-04 02:53:54.915 23516 24445 D CustomInterceptor: CACHED STATS: size = '100', maxSize = '100', hitCount = '117', createCount = '0', putCount = '113', evictionCount = '13', missCount = '127', toString = 'LruCache[maxSize=100,hits=117,misses=127,hitRate=47%]', 
08-04 02:53:54.915 23516 24445 D CustomInterceptor: PREFLIB NOT A GET REQUEST OR NOT IN CACHEGET
08-04 02:53:54.942 23516 23711 D CustomInterceptor: CACHE_CONTROL SETTING NEW MAX-AGE
08-04 02:53:54.943 23516 23711 D CustomInterceptor: HEADER RESPONSE
08-04 02:53:54.944 23516 23711 D CustomInterceptor: Access-Control-Allow-Origin *
08-04 02:53:54.944 23516 23711 D CustomInterceptor: Cache-Control public, immutable, max-age=300, only-if-cached, max-stale=300
08-04 02:53:54.944 23516 23711 D CustomInterceptor: Connection keep-alive
08-04 02:53:54.944 23516 23711 D CustomInterceptor: Content-Length 247
08-04 02:53:54.944 23516 23711 D CustomInterceptor: Content-Type application/json; charset=utf-8
08-04 02:53:54.944 23516 23711 D CustomInterceptor: Date Tue, 04 Aug 2020 00:53:50 GMT
08-04 02:53:54.944 23516 23711 D CustomInterceptor: Expires Tue, 04 Aug 2020 00:58:54 GMT+00:00
08-04 02:53:54.944 23516 23711 D CustomInterceptor: Server nginx
08-04 02:53:54.944 23516 23711 D CustomInterceptor: Strict-Transport-Security max-age=31556926; includeSubDomains; preload
08-04 02:53:54.944 23516 23711 D CustomInterceptor: CACHEABLE true
08-04 02:53:54.944 23516 23711 D CustomInterceptor: REQ https://hacker-news.firebaseio.com/v0/item/23971030.json
08-04 02:53:54.944 23516 23711 D CustomInterceptor: REQ_SERV_BY net
08-04 02:53:54.944 23516 23711 D CustomInterceptor: PREFLIB Adding response to lrucache - https://hacker-news.firebaseio.com/v0/item/23971030.json
08-04 02:53:54.952 23516 23711 D CustomInterceptor: interceptor_finished : return_type #3 : request served from remote and added to cache
08-04 02:53:54.979 23516 24445 D CustomInterceptor: CACHE_CONTROL SETTING NEW MAX-AGE
08-04 02:53:54.980 23516 24445 D CustomInterceptor: HEADER RESPONSE
08-04 02:53:54.981 23516 24445 D CustomInterceptor: Access-Control-Allow-Origin *
08-04 02:53:54.981 23516 24445 D CustomInterceptor: Cache-Control public, immutable, max-age=300, only-if-cached, max-stale=300
08-04 02:53:54.981 23516 24445 D CustomInterceptor: Connection keep-alive
08-04 02:53:54.981 23516 24445 D CustomInterceptor: Content-Length 391
08-04 02:53:54.981 23516 24445 D CustomInterceptor: Content-Type application/json; charset=utf-8
08-04 02:53:54.981 23516 24445 D CustomInterceptor: Date Tue, 04 Aug 2020 00:53:50 GMT
08-04 02:53:54.981 23516 24445 D CustomInterceptor: Expires Tue, 04 Aug 2020 00:58:54 GMT+00:00
08-04 02:53:54.981 23516 24445 D CustomInterceptor: Server nginx
08-04 02:53:54.981 23516 24445 D CustomInterceptor: Strict-Transport-Security max-age=31556926; includeSubDomains; preload
08-04 02:53:54.981 23516 24445 D CustomInterceptor: CACHEABLE true
08-04 02:53:54.981 23516 24445 D CustomInterceptor: REQ https://hacker-news.firebaseio.com/v0/item/23972051.json
08-04 02:53:54.981 23516 24445 D CustomInterceptor: REQ_SERV_BY net
08-04 02:53:54.981 23516 24445 D CustomInterceptor: PREFLIB Adding response to lrucache - https://hacker-news.firebaseio.com/v0/item/23972051.json
08-04 02:53:54.983 23516 24445 D CustomInterceptor: interceptor_finished : return_type #3 : request served from remote and added to cache
08-04 02:53:55.013 23516 24407 D CustomInterceptor: NETWORK-PROVIDER https://hacker-news.firebaseio.com/v0/item/23971961.json
08-04 02:53:55.015 23516 24407 D CustomInterceptor: HEADER REQUEST
08-04 02:53:55.015 23516 24407 D CustomInterceptor: Cache-Control max-age=300, max-stale=300
08-04 02:53:55.015 23516 24407 D CustomInterceptor: CACHED STATS: size = '100', maxSize = '100', hitCount = '119', createCount = '0', putCount = '115', evictionCount = '15', missCount = '128', toString = 'LruCache[maxSize=100,hits=119,misses=128,hitRate=48%]', 
08-04 02:53:55.015 23516 24407 D CustomInterceptor: PREFLIB NOT A GET REQUEST OR NOT IN CACHEGET
08-04 02:53:55.068 23516 23710 D CustomInterceptor: NETWORK-PROVIDER https://hacker-news.firebaseio.com/v0/item/23972279.json
08-04 02:53:55.069 23516 23710 D CustomInterceptor: HEADER REQUEST
08-04 02:53:55.069 23516 23710 D CustomInterceptor: Cache-Control max-age=300, max-stale=300
08-04 02:53:55.070 23516 23710 D CustomInterceptor: CACHED STATS: size = '100', maxSize = '100', hitCount = '119', createCount = '0', putCount = '115', evictionCount = '15', missCount = '129', toString = 'LruCache[maxSize=100,hits=119,misses=129,hitRate=47%]', 
08-04 02:53:55.070 23516 23710 D CustomInterceptor: PREFLIB NOT A GET REQUEST OR NOT IN CACHEGET
08-04 02:53:55.077 23516 23708 D CustomInterceptor: NETWORK-PROVIDER https://hacker-news.firebaseio.com/v0/item/23972882.json
08-04 02:53:55.078 23516 23708 D CustomInterceptor: HEADER REQUEST
08-04 02:53:55.078 23516 23708 D CustomInterceptor: Cache-Control max-age=300, max-stale=300
08-04 02:53:55.079 23516 23708 D CustomInterceptor: CACHED STATS: size = '100', maxSize = '100', hitCount = '119', createCount = '0', putCount = '115', evictionCount = '15', missCount = '130', toString = 'LruCache[maxSize=100,hits=119,misses=130,hitRate=47%]', 
08-04 02:53:55.079 23516 23708 D CustomInterceptor: PREFLIB NOT A GET REQUEST OR NOT IN CACHEGET
08-04 02:53:55.271 23516 24448 D CustomInterceptor: Interceptor exiting with exception java.io.IOException: unexpected end of stream on https://hacker-news.firebaseio.com/...
08-04 02:53:55.279 23516 24448 D CustomInterceptor: interceptor_finished : return_type #4 : interceptor failed, resuming the request chain with the original request
08-04 02:53:55.472 23516 24407 D CustomInterceptor: Interceptor exiting with exception java.io.IOException: unexpected end of stream on https://hacker-news.firebaseio.com/...
08-04 02:53:55.476 23516 24407 D CustomInterceptor: interceptor_finished : return_type #4 : interceptor failed, resuming the request chain with the original request
08-04 02:53:55.564 23516 23708 D CustomInterceptor: CACHE_CONTROL SETTING NEW MAX-AGE
08-04 02:53:55.565 23516 23708 D CustomInterceptor: HEADER RESPONSE
08-04 02:53:55.565 23516 23708 D CustomInterceptor: Access-Control-Allow-Origin *
08-04 02:53:55.565 23516 23708 D CustomInterceptor: Cache-Control public, immutable, max-age=300, only-if-cached, max-stale=300
08-04 02:53:55.565 23516 23708 D CustomInterceptor: Connection keep-alive
08-04 02:53:55.565 23516 23708 D CustomInterceptor: Content-Length 492
08-04 02:53:55.565 23516 23708 D CustomInterceptor: Content-Type application/json; charset=utf-8
08-04 02:53:55.565 23516 23708 D CustomInterceptor: Date Tue, 04 Aug 2020 00:53:50 GMT
08-04 02:53:55.565 23516 23708 D CustomInterceptor: Expires Tue, 04 Aug 2020 00:58:55 GMT+00:00
08-04 02:53:55.565 23516 23708 D CustomInterceptor: Server nginx
08-04 02:53:55.565 23516 23708 D CustomInterceptor: Strict-Transport-Security max-age=31556926; includeSubDomains; preload
08-04 02:53:55.565 23516 23708 D CustomInterceptor: CACHEABLE true
08-04 02:53:55.565 23516 23708 D CustomInterceptor: REQ https://hacker-news.firebaseio.com/v0/item/23972882.json
08-04 02:53:55.565 23516 23708 D CustomInterceptor: REQ_SERV_BY net
08-04 02:53:55.565 23516 23708 D CustomInterceptor: PREFLIB Adding response to lrucache - https://hacker-news.firebaseio.com/v0/item/23972882.json
08-04 02:53:55.588 23516 23710 D CustomInterceptor: CACHE_CONTROL SETTING NEW MAX-AGE
08-04 02:53:55.589 23516 23710 D CustomInterceptor: HEADER RESPONSE
08-04 02:53:55.589 23516 23710 D CustomInterceptor: Access-Control-Allow-Origin *
08-04 02:53:55.590 23516 23710 D CustomInterceptor: Cache-Control public, immutable, max-age=300, only-if-cached, max-stale=300
08-04 02:53:55.590 23516 23710 D CustomInterceptor: Connection keep-alive
08-04 02:53:55.590 23516 23710 D CustomInterceptor: Content-Length 430
08-04 02:53:55.590 23516 23710 D CustomInterceptor: Content-Type application/json; charset=utf-8
08-04 02:53:55.590 23516 23710 D CustomInterceptor: Date Tue, 04 Aug 2020 00:53:50 GMT
08-04 02:53:55.590 23516 23710 D CustomInterceptor: Expires Tue, 04 Aug 2020 00:58:55 GMT+00:00
08-04 02:53:55.590 23516 23710 D CustomInterceptor: Server nginx
08-04 02:53:55.590 23516 23710 D CustomInterceptor: Strict-Transport-Security max-age=31556926; includeSubDomains; preload
08-04 02:53:55.590 23516 23710 D CustomInterceptor: CACHEABLE true
08-04 02:53:55.590 23516 23710 D CustomInterceptor: REQ https://hacker-news.firebaseio.com/v0/item/23972279.json
08-04 02:53:55.590 23516 23710 D CustomInterceptor: REQ_SERV_BY net
08-04 02:53:55.590 23516 23710 D CustomInterceptor: PREFLIB Adding response to lrucache - https://hacker-news.firebaseio.com/v0/item/23972279.json
08-04 02:53:55.599 23516 23708 D CustomInterceptor: interceptor_finished : return_type #3 : request served from remote and added to cache
08-04 02:53:55.621 23516 23710 D CustomInterceptor: interceptor_finished : return_type #3 : request served from remote and added to cache
08-04 02:53:58.818 23516 23549 D CustomInterceptor: NETWORK-PROVIDER https://hacker-news.firebaseio.com/v0/item/23971016.json
08-04 02:53:58.820 23516 23549 D CustomInterceptor: HEADER REQUEST
08-04 02:53:58.820 23516 23549 D CustomInterceptor: Cache-Control max-age=300, max-stale=300
08-04 02:53:58.820 23516 23549 D CustomInterceptor: CACHED STATS: size = '100', maxSize = '100', hitCount = '121', createCount = '0', putCount = '117', evictionCount = '17', missCount = '131', toString = 'LruCache[maxSize=100,hits=121,misses=131,hitRate=48%]', 
08-04 02:53:58.820 23516 23549 D CustomInterceptor: PREFLIB GET REQUEST https://hacker-news.firebaseio.com/v0/item/23971016.json
08-04 02:53:58.820 23516 23549 D CustomInterceptor: PREFLIB found https://hacker-news.firebaseio.com/v0/item/23971016.json, sending it back
08-04 02:53:58.820 23516 23549 D CustomInterceptor: CONTENT {"by":"ghostcluster","id":23971016,"kids":[23971915,23971105,23973392,23971132,23975363,23972654,23972528,23972925,23971363,23976677,23974893,23974463,23971037,23972679,23973223,23972846,23972362,23971100,23971248],"parent":23970842,"text":"&gt; Ann Kelleher, a 24-year Intel veteran, will lead development of 7-nanometer and 5-nanometer chip technology processes. Last week, the company had said the smaller, faster 7-nanometer chipmaking technology was six months behind schedule and it <i>would have to rely more on outside chipmakers to keep its products competitive</i>.<p>I hope Intel keeps its US-based fabs and continues to upgrade them. It would be a mistake to cede this capacity to outsourcing like so much of our other manufacturing capacity. Interestingly, it seems the US is almost unique in our mass deindustrialization. Japan, Germany and South Korea have avoided this.","time":1595896565,"type":"comment"}
08-04 02:53:58.820 23516 23549 D CustomInterceptor: interceptor_finished : return_type #2 : request served from cache
08-04 02:53:58.821 23516 23549 D CustomInterceptor: NETWORK-PROVIDER https://hacker-news.firebaseio.com/v0/item/23972768.json
08-04 02:53:58.822 23516 23549 D CustomInterceptor: HEADER REQUEST
08-04 02:53:58.822 23516 23549 D CustomInterceptor: Cache-Control max-age=300, max-stale=300
08-04 02:53:58.822 23516 23549 D CustomInterceptor: CACHED STATS: size = '100', maxSize = '100', hitCount = '122', createCount = '0', putCount = '117', evictionCount = '17', missCount = '131', toString = 'LruCache[maxSize=100,hits=122,misses=131,hitRate=48%]', 
08-04 02:53:58.823 23516 23549 D CustomInterceptor: PREFLIB GET REQUEST https://hacker-news.firebaseio.com/v0/item/23972768.json
08-04 02:53:58.823 23516 23549 D CustomInterceptor: PREFLIB found https://hacker-news.firebaseio.com/v0/item/23972768.json, sending it back
08-04 02:53:58.823 23516 23549 D CustomInterceptor: CONTENT {"by":"headmelted","id":23972768,"kids":[23973005,23975937],"parent":23970842,"text":"&quot;Renduchintala was one of several key hires from outside Intel, which had been famous in Silicon Valley for developing and promoting talent from within. He was hired as part of a strategy to go after broader markets than the central processing units, or CPUs, the company became known for in the PC era.&quot;<p>I feel like this will go down in history as one of technology&#x27;s most expensive decisions (that&#x27;s not a knock on Renduchintala as much as it&#x27;s my own astonishment at Intel thinking they were safe as recently as 2015).<p>I&#x27;m also a bit saddened by this.  It confirms what we all suspected but what I secretly hoped wasn&#x27;t true.<p>Intel for over a decade coyly hinted they had aces up their sleeves that would already have been played if they faced more competition.  Graphene got kicked around in conversations for a while and then when that turned out to be a no go they talked about black phosphorus.<p>So after all that, aside from marginal tweaks and pretty meager die shrinks here and there, they were doing.. nothing?.. for <i>ten years</i>?","time":1595916380,"type":"comment"}
08-04 02:53:58.823 23516 23549 D CustomInterceptor: interceptor_finished : return_type #2 : request served from cache
08-04 02:54:03.743 23516 24390 D CustomInterceptor: NETWORK-PROVIDER https://hacker-news.firebaseio.com/v0/item/23970041.json
08-04 02:54:03.744 23516 24390 D CustomInterceptor: HEADER REQUEST
08-04 02:54:03.744 23516 24390 D CustomInterceptor: Cache-Control max-age=300, max-stale=300
08-04 02:54:03.745 23516 24390 D CustomInterceptor: CACHED STATS: size = '100', maxSize = '100', hitCount = '123', createCount = '0', putCount = '117', evictionCount = '17', missCount = '131', toString = 'LruCache[maxSize=100,hits=123,misses=131,hitRate=48%]', 
08-04 02:54:03.745 23516 24390 D CustomInterceptor: PREFLIB GET REQUEST https://hacker-news.firebaseio.com/v0/item/23970041.json
08-04 02:54:03.745 23516 24390 D CustomInterceptor: PREFLIB found https://hacker-news.firebaseio.com/v0/item/23970041.json, sending it back
08-04 02:54:03.745 23516 24390 D CustomInterceptor: CONTENT {"by":"fpgaminer","id":23970041,"kids":[23970236,23970204,23970080,23971544,23970864,23970366,23970083,23971815,23972060,23970116],"parent":23969442,"text":"Related to this bug, some time ago I started getting spam on my Google Calendar.  Not sure if Google ever fixed it, but basically Google would automatically add events to your calendar when you got an invite in your email.  Honestly, it&#x27;s a nice feature; saves a couple clicks every time I get an invite.  The bug is that it applied even if the email was spam.  There was no workaround, other than disabling the feature completely.  Quite a pain.  And yes, just like this bug, you&#x27;d get lovely &quot;eat my pussy&quot; events popping up on your calendar and reminders.<p>Thanks Google, you&#x27;re the best &#x2F;s","time":1595888055,"type":"comment"}
08-04 02:54:03.745 23516 24390 D CustomInterceptor: interceptor_finished : return_type #2 : request served from cache
08-04 02:54:03.753 23516 23728 D CustomInterceptor: NETWORK-PROVIDER https://hacker-news.firebaseio.com/v0/item/23969718.json
08-04 02:54:03.754 23516 23728 D CustomInterceptor: HEADER REQUEST
08-04 02:54:03.754 23516 23728 D CustomInterceptor: Cache-Control max-age=300, max-stale=300
08-04 02:54:03.755 23516 23728 D CustomInterceptor: CACHED STATS: size = '100', maxSize = '100', hitCount = '124', createCount = '0', putCount = '117', evictionCount = '17', missCount = '131', toString = 'LruCache[maxSize=100,hits=124,misses=131,hitRate=48%]', 
08-04 02:54:03.755 23516 23728 D CustomInterceptor: PREFLIB GET REQUEST https://hacker-news.firebaseio.com/v0/item/23969718.json
08-04 02:54:03.755 23516 23728 D CustomInterceptor: PREFLIB found https://hacker-news.firebaseio.com/v0/item/23969718.json, sending it back
08-04 02:54:03.755 23516 23728 D CustomInterceptor: CONTENT {"by":"Wowfunhappy","id":23969718,"kids":[23969822,23970303,23972508],"parent":23969442,"text":"&gt; Keep getting spam shared on an account I don&#x27;t use much, but keep getting notifications. Not fun when my 9 yo son is on my phone and a notification pops up that someone shared &quot;eat my pussy baby&quot;. Google needs to address this.<p>Oh. That&#x27;s bad.","time":1595886039,"type":"comment"}
08-04 02:54:03.755 23516 23728 D CustomInterceptor: interceptor_finished : return_type #2 : request served from cache
08-04 02:54:03.761 23516 24404 D CustomInterceptor: NETWORK-PROVIDER https://hacker-news.firebaseio.com/v0/item/23969879.json
08-04 02:54:03.762 23516 24404 D CustomInterceptor: HEADER REQUEST
08-04 02:54:03.762 23516 24404 D CustomInterceptor: Cache-Control max-age=300, max-stale=300
08-04 02:54:03.762 23516 24404 D CustomInterceptor: CACHED STATS: size = '100', maxSize = '100', hitCount = '125', createCount = '0', putCount = '117', evictionCount = '17', missCount = '131', toString = 'LruCache[maxSize=100,hits=125,misses=131,hitRate=48%]', 
08-04 02:54:03.762 23516 24404 D CustomInterceptor: PREFLIB GET REQUEST https://hacker-news.firebaseio.com/v0/item/23969879.json
08-04 02:54:03.762 23516 24404 D CustomInterceptor: PREFLIB found https://hacker-news.firebaseio.com/v0/item/23969879.json, sending it back
08-04 02:54:03.762 23516 24404 D CustomInterceptor: CONTENT {"by":"SanchoPanda","id":23969879,"kids":[23970795,23970196,23970050,23970388,23970705,23970244,23970392,23970574,23970063],"parent":23969442,"text":"The mods on the support forums who make it sound like basic functionality missing from their product is your own fault for not submitting some kind of ticket deserve the gaslighting prize of the year for each of the last 5 years.<p>They don&#x27;t even have an option to show you how much space folders take up, when they charge you based on space usage.<p><a href=\"https:&#x2F;&#x2F;support.google.com&#x2F;drive&#x2F;thread&#x2F;3970069?hl=en\" rel=\"nofollow\">https:&#x2F;&#x2F;support.google.com&#x2F;drive&#x2F;thread&#x2F;3970069?hl=en</a>","time":1595887012,"type":"comment"}
08-04 02:54:03.763 23516 24404 D CustomInterceptor: interceptor_finished : return_type #2 : request served from cache
08-04 02:54:03.769 23516 24406 D CustomInterceptor: NETWORK-PROVIDER https://hacker-news.firebaseio.com/v0/item/23970276.json
08-04 02:54:03.771 23516 24406 D CustomInterceptor: HEADER REQUEST
08-04 02:54:03.771 23516 24406 D CustomInterceptor: Cache-Control max-age=300, max-stale=300
08-04 02:54:03.771 23516 24406 D CustomInterceptor: CACHED STATS: size = '100', maxSize = '100', hitCount = '126', createCount = '0', putCount = '117', evictionCount = '17', missCount = '131', toString = 'LruCache[maxSize=100,hits=126,misses=131,hitRate=49%]', 
08-04 02:54:03.771 23516 24406 D CustomInterceptor: PREFLIB GET REQUEST https://hacker-news.firebaseio.com/v0/item/23970276.json
08-04 02:54:03.771 23516 24406 D CustomInterceptor: PREFLIB found https://hacker-news.firebaseio.com/v0/item/23970276.json, sending it back
08-04 02:54:03.771 23516 24406 D CustomInterceptor: CONTENT {"by":"kstrauser","id":23970276,"kids":[23972976,23971099,23970652,23970345,23970571],"parent":23969442,"text":"My adventures last week:<p>Question: We have a G Suite Enterprise account. We used to share documents with a contractor. They no longer contract with us. How do we remove that contractor from every shared document.<p>Answer 1: Run this report to get a list of every document shared with them. Manually visit each document and un-share it.<p>Answer 2: Our API docs are at...<p>FFS, Google. I really don&#x27;t think this is that unusual of a request. I refuse to believe that we&#x27;re the first company ever that wanted to remove people from our Google Drive. Why do you make it so difficult?","time":1595889696,"type":"comment"}
08-04 02:54:03.771 23516 24406 D CustomInterceptor: interceptor_finished : return_type #2 : request served from cache
08-04 02:54:03.778 23516 24398 D CustomInterceptor: NETWORK-PROVIDER https://hacker-news.firebaseio.com/v0/item/23969792.json
08-04 02:54:03.780 23516 24398 D CustomInterceptor: HEADER REQUEST
08-04 02:54:03.780 23516 24398 D CustomInterceptor: Cache-Control max-age=300, max-stale=300
08-04 02:54:03.780 23516 24398 D CustomInterceptor: CACHED STATS: size = '100', maxSize = '100', hitCount = '127', createCount = '0', putCount = '117', evictionCount = '17', missCount = '131', toString = 'LruCache[maxSize=100,hits=127,misses=131,hitRate=49%]', 
08-04 02:54:03.780 23516 24398 D CustomInterceptor: PREFLIB GET REQUEST https://hacker-news.firebaseio.com/v0/item/23969792.json
08-04 02:54:03.780 23516 24398 D CustomInterceptor: PREFLIB found https://hacker-news.firebaseio.com/v0/item/23969792.json, sending it back
08-04 02:54:03.780 23516 24398 D CustomInterceptor: CONTENT {"by":"schoolornot","id":23969792,"kids":[23970216,23969986,23969912],"parent":23969442,"text":"Tangential to this is that calendar&#x2F;invite spam continues to be an issue as well. Want to trick someone into visiting a URL? Just send them a calendar invite and chances are they will click it.","time":1595886443,"type":"comment"}
08-04 02:54:03.780 23516 24398 D CustomInterceptor: interceptor_finished : return_type #2 : request served from cache
08-04 02:54:03.786 23516 24410 D CustomInterceptor: NETWORK-PROVIDER https://hacker-news.firebaseio.com/v0/item/23969873.json
08-04 02:54:03.788 23516 24410 D CustomInterceptor: HEADER REQUEST
08-04 02:54:03.788 23516 24410 D CustomInterceptor: Cache-Control max-age=300, max-stale=300
08-04 02:54:03.788 23516 24410 D CustomInterceptor: CACHED STATS: size = '100', maxSize = '100', hitCount = '128', createCount = '0', putCount = '117', evictionCount = '17', missCount = '131', toString = 'LruCache[maxSize=100,hits=128,misses=131,hitRate=49%]', 
08-04 02:54:03.788 23516 24410 D CustomInterceptor: PREFLIB GET REQUEST https://hacker-news.firebaseio.com/v0/item/23969873.json
08-04 02:54:03.788 23516 24410 D CustomInterceptor: PREFLIB found https://hacker-news.firebaseio.com/v0/item/23969873.json, sending it back
08-04 02:54:03.789 23516 24410 D CustomInterceptor: CONTENT {"by":"agundy","id":23969873,"kids":[23970004],"parent":23969442,"text":"This can be so confusing for non-tech literate people too. My mother asked me to help her, saying she was hacked because there was porn in her Google Drive.<p>It can be really difficult for non-power users to even understand why this is happening or what to do to fix this.","time":1595886956,"type":"comment"}
08-04 02:54:03.789 23516 24410 D CustomInterceptor: interceptor_finished : return_type #2 : request served from cache
08-04 02:54:03.795 23516 24434 D CustomInterceptor: NETWORK-PROVIDER https://hacker-news.firebaseio.com/v0/item/23969703.json
08-04 02:54:03.797 23516 24434 D CustomInterceptor: HEADER REQUEST
08-04 02:54:03.797 23516 24434 D CustomInterceptor: Cache-Control max-age=300, max-stale=300
08-04 02:54:03.797 23516 24434 D CustomInterceptor: CACHED STATS: size = '100', maxSize = '100', hitCount = '129', createCount = '0', putCount = '117', evictionCount = '17', missCount = '131', toString = 'LruCache[maxSize=100,hits=129,misses=131,hitRate=49%]', 
08-04 02:54:03.797 23516 24434 D CustomInterceptor: PREFLIB GET REQUEST https://hacker-news.firebaseio.com/v0/item/23969703.json
08-04 02:54:03.797 23516 24434 D CustomInterceptor: PREFLIB found https://hacker-news.firebaseio.com/v0/item/23969703.json, sending it back
08-04 02:54:03.797 23516 24434 D CustomInterceptor: CONTENT {"by":"cbm-vic-20","id":23969703,"kids":[23970221,23970057,23970413,23970278,23969976,23970325,23970965,23970126,23969838,23969705],"parent":23969442,"text":"Answer: find the email address of the person the product manager of Google Drive reports to, and start sharing stuff with them.<p>(&#x2F;s: not condoning doxxing here)","time":1595885927,"type":"comment"}
08-04 02:54:03.797 23516 24434 D CustomInterceptor: interceptor_finished : return_type #2 : request served from cache
08-04 02:54:03.804 23516 24421 D CustomInterceptor: NETWORK-PROVIDER https://hacker-news.firebaseio.com/v0/item/23970290.json
08-04 02:54:03.805 23516 24421 D CustomInterceptor: HEADER REQUEST
08-04 02:54:03.805 23516 24421 D CustomInterceptor: Cache-Control max-age=300, max-stale=300
08-04 02:54:03.805 23516 24421 D CustomInterceptor: CACHED STATS: size = '100', maxSize = '100', hitCount = '130', createCount = '0', putCount = '117', evictionCount = '17', missCount = '131', toString = 'LruCache[maxSize=100,hits=130,misses=131,hitRate=49%]', 
08-04 02:54:03.805 23516 24421 D CustomInterceptor: PREFLIB GET REQUEST https://hacker-news.firebaseio.com/v0/item/23970290.json
08-04 02:54:03.806 23516 24421 D CustomInterceptor: PREFLIB found https://hacker-news.firebaseio.com/v0/item/23970290.json, sending it back
08-04 02:54:03.806 23516 24421 D CustomInterceptor: CONTENT {"by":"kwijibob","id":23970290,"kids":[23970437],"parent":23969442,"text":"I&#x27;m all in on GDrive - my whole world is in there. 25 years of files.<p>I do notice Spam occasionally in the &#x27;shared with me&#x27; menu - but it seems to get cleaned up.<p>I already have all 99% notifications turned off in apps.<p>Sounds like the real annoying part is getting the notification with the spammy sexual titles.<p>If you didn&#x27;t get notifications then likely the spam detection would delete before you ever noticed it in your &#x27;Shared with Me&#x27; menu.<p>Android needs to default to opt-in notifications like on IOS.","time":1595889805,"type":"comment"}
08-04 02:54:03.806 23516 24421 D CustomInterceptor: interceptor_finished : return_type #2 : request served from cache
08-04 02:54:03.812 23516 23722 D CustomInterceptor: NETWORK-PROVIDER https://hacker-news.firebaseio.com/v0/item/23969454.json
08-04 02:54:03.814 23516 23722 D CustomInterceptor: HEADER REQUEST
08-04 02:54:03.814 23516 23722 D CustomInterceptor: Cache-Control max-age=300, max-stale=300
08-04 02:54:03.814 23516 23722 D CustomInterceptor: CACHED STATS: size = '100', maxSize = '100', hitCount = '131', createCount = '0', putCount = '117', evictionCount = '17', missCount = '131', toString = 'LruCache[maxSize=100,hits=131,misses=131,hitRate=50%]', 
08-04 02:54:03.814 23516 23722 D CustomInterceptor: PREFLIB GET REQUEST https://hacker-news.firebaseio.com/v0/item/23969454.json
08-04 02:54:03.814 23516 23722 D CustomInterceptor: PREFLIB found https://hacker-news.firebaseio.com/v0/item/23969454.json, sending it back
08-04 02:54:03.814 23516 23722 D CustomInterceptor: CONTENT {"by":"mariocesar","id":23969454,"kids":[23969823],"parent":23969442,"text":"Just a simple option like &quot;Allow just my contacts to share files with me&quot;. I lost so much time with all the spam and malware that is being sent to me just because my gmail account is so public ... :(","time":1595884339,"type":"comment"}
08-04 02:54:03.814 23516 23722 D CustomInterceptor: interceptor_finished : return_type #2 : request served from cache
08-04 02:54:03.821 23516 24413 D CustomInterceptor: NETWORK-PROVIDER https://hacker-news.firebaseio.com/v0/item/23969987.json
08-04 02:54:03.822 23516 24413 D CustomInterceptor: HEADER REQUEST
08-04 02:54:03.822 23516 24413 D CustomInterceptor: Cache-Control max-age=300, max-stale=300
08-04 02:54:03.822 23516 24413 D CustomInterceptor: CACHED STATS: size = '100', maxSize = '100', hitCount = '132', createCount = '0', putCount = '117', evictionCount = '17', missCount = '131', toString = 'LruCache[maxSize=100,hits=132,misses=131,hitRate=50%]', 
08-04 02:54:03.822 23516 24413 D CustomInterceptor: PREFLIB GET REQUEST https://hacker-news.firebaseio.com/v0/item/23969987.json
08-04 02:54:03.822 23516 24413 D CustomInterceptor: PREFLIB found https://hacker-news.firebaseio.com/v0/item/23969987.json, sending it back
08-04 02:54:03.822 23516 24413 D CustomInterceptor: CONTENT {"by":"ramosu","id":23969987,"kids":[23972337,23971444],"parent":23969442,"text":"It seems Google simply abandon some of their products.<p>I&#x27;ve been living with another issue since 2011: <a href=\"https:&#x2F;&#x2F;issuetracker.google.com&#x2F;issues&#x2F;35889152\" rel=\"nofollow\">https:&#x2F;&#x2F;issuetracker.google.com&#x2F;issues&#x2F;35889152</a>","time":1595887633,"type":"comment"}
08-04 02:54:03.822 23516 24413 D CustomInterceptor: interceptor_finished : return_type #2 : request served from cache
08-04 02:54:03.829 23516 23706 D CustomInterceptor: NETWORK-PROVIDER https://hacker-news.firebaseio.com/v0/item/23970408.json
08-04 02:54:03.830 23516 23706 D CustomInterceptor: HEADER REQUEST
08-04 02:54:03.830 23516 23706 D CustomInterceptor: Cache-Control max-age=300, max-stale=300
08-04 02:54:03.830 23516 23706 D CustomInterceptor: CACHED STATS: size = '100', maxSize = '100', hitCount = '133', createCount = '0', putCount = '117', evictionCount = '17', missCount = '131', toString = 'LruCache[maxSize=100,hits=133,misses=131,hitRate=50%]', 
08-04 02:54:03.830 23516 23706 D CustomInterceptor: PREFLIB GET REQUEST https://hacker-news.firebaseio.com/v0/item/23970408.json
08-04 02:54:03.830 23516 23706 D CustomInterceptor: PREFLIB found https://hacker-news.firebaseio.com/v0/item/23970408.json, sending it back
08-04 02:54:03.830 23516 23706 D CustomInterceptor: CONTENT {"by":"thisbrt","id":23970408,"parent":23969442,"text":"IMHO Google drive is one of the worst service of Its kind in the market. Copying, moving duplicating files is as complex and blunt as it could be. Folder duplication doesnt exist. Im actually not surprised that sharing is still not fixed. Look at Meet. A service that only after being absolutely beaten by Zoom received some attention. Theyre working on bringing Plus back in the form of Currents, but you still cannot stop people from sharing file with you in Google drive...","time":1595890803,"type":"comment"}
08-04 02:54:03.831 23516 23706 D CustomInterceptor: interceptor_finished : return_type #2 : request served from cache
08-04 02:54:03.837 23516 23714 D CustomInterceptor: NETWORK-PROVIDER https://hacker-news.firebaseio.com/v0/item/23971555.json
08-04 02:54:03.839 23516 23714 D CustomInterceptor: HEADER REQUEST
08-04 02:54:03.839 23516 23714 D CustomInterceptor: Cache-Control max-age=300, max-stale=300
08-04 02:54:03.839 23516 23714 D CustomInterceptor: CACHED STATS: size = '100', maxSize = '100', hitCount = '134', createCount = '0', putCount = '117', evictionCount = '17', missCount = '131', toString = 'LruCache[maxSize=100,hits=134,misses=131,hitRate=50%]', 
08-04 02:54:03.839 23516 23714 D CustomInterceptor: PREFLIB GET REQUEST https://hacker-news.firebaseio.com/v0/item/23971555.json
08-04 02:54:03.839 23516 23714 D CustomInterceptor: PREFLIB found https://hacker-news.firebaseio.com/v0/item/23971555.json, sending it back
08-04 02:54:03.839 23516 23714 D CustomInterceptor: CONTENT {"by":"dzonga","id":23971555,"kids":[23972678],"parent":23969442,"text":"im a google one user. &amp;  will admit only pay, because it&#x27;s a  steal for the price. no other service offered 100gb for $20 a year.but yeah, google software quality is quite poor. wonder, why all those engineers doing leetcode interviews can&#x27;t make quality products.","time":1595901506,"type":"comment"}
08-04 02:54:03.839 23516 23714 D CustomInterceptor: interceptor_finished : return_type #2 : request served from cache
08-04 02:54:03.845 23516 24416 D CustomInterceptor: NETWORK-PROVIDER https://hacker-news.firebaseio.com/v0/item/23970173.json
08-04 02:54:03.847 23516 24416 D CustomInterceptor: HEADER REQUEST
08-04 02:54:03.847 23516 24416 D CustomInterceptor: Cache-Control max-age=300, max-stale=300
08-04 02:54:03.847 23516 24416 D CustomInterceptor: CACHED STATS: size = '100', maxSize = '100', hitCount = '135', createCount = '0', putCount = '117', evictionCount = '17', missCount = '131', toString = 'LruCache[maxSize=100,hits=135,misses=131,hitRate=50%]', 
08-04 02:54:03.847 23516 24416 D CustomInterceptor: PREFLIB GET REQUEST https://hacker-news.firebaseio.com/v0/item/23970173.json
08-04 02:54:03.847 23516 24416 D CustomInterceptor: PREFLIB found https://hacker-news.firebaseio.com/v0/item/23970173.json, sending it back
08-04 02:54:03.847 23516 24416 D CustomInterceptor: CONTENT {"by":"moandcompany","id":23970173,"parent":23969442,"text":"As a ______ also affected by this issue on my personal Gmail accounts, I&#x27;ve filed a feedback&#x2F;request for this internally.","time":1595888992,"type":"comment"}
08-04 02:54:03.847 23516 24416 D CustomInterceptor: interceptor_finished : return_type #2 : request served from cache
08-04 02:54:03.854 23516 24402 D CustomInterceptor: NETWORK-PROVIDER https://hacker-news.firebaseio.com/v0/item/23970932.json
08-04 02:54:03.855 23516 24402 D CustomInterceptor: HEADER REQUEST
08-04 02:54:03.855 23516 24402 D CustomInterceptor: Cache-Control max-age=300, max-stale=300
08-04 02:54:03.855 23516 24402 D CustomInterceptor: CACHED STATS: size = '100', maxSize = '100', hitCount = '136', createCount = '0', putCount = '117', evictionCount = '17', missCount = '131', toString = 'LruCache[maxSize=100,hits=136,misses=131,hitRate=50%]', 
08-04 02:54:03.855 23516 24402 D CustomInterceptor: PREFLIB GET REQUEST https://hacker-news.firebaseio.com/v0/item/23970932.json
08-04 02:54:03.856 23516 24402 D CustomInterceptor: PREFLIB found https://hacker-news.firebaseio.com/v0/item/23970932.json, sending it back
