08-06 13:27:17.912 17113 17125 I art     : Explicit concurrent mark sweep GC freed 174(3KB) AllocSpace objects, 0(0B) LOS objects, 29% free, 38MB/54MB, paused 471us total 24.481ms
08-06 13:27:17.924 17113 17125 I art     : Starting a blocking GC Explicit
08-06 13:27:17.948 17113 17125 I art     : Explicit concurrent mark sweep GC freed 99(1696B) AllocSpace objects, 0(0B) LOS objects, 29% free, 38MB/54MB, paused 469us total 24.713ms
08-06 13:27:17.960 17113 17125 I art     : Starting a blocking GC Explicit
08-06 13:27:17.986 17113 17125 I art     : Explicit concurrent mark sweep GC freed 99(1696B) AllocSpace objects, 0(0B) LOS objects, 29% free, 38MB/54MB, paused 488us total 25.552ms
08-06 13:27:17.998 17113 17125 I art     : Starting a blocking GC Explicit
08-06 13:27:18.025 17113 17125 I art     : Explicit concurrent mark sweep GC freed 99(1696B) AllocSpace objects, 0(0B) LOS objects, 29% free, 38MB/54MB, paused 488us total 26.427ms
08-06 13:27:18.262 17654 17654 D AndroidRuntime: >>>>>> START com.android.internal.os.RuntimeInit uid 2000 <<<<<<
08-06 13:27:18.267 17654 17654 D AndroidRuntime: CheckJNI is OFF
08-06 13:27:18.302 17654 17654 D ICU     : No timezone override file found: /data/misc/zoneinfo/current/icu/icu_tzdata.dat
08-06 13:27:18.333 17113 17178 I art     : Starting a blocking GC Explicit
08-06 13:27:18.339 17654 17654 I Radio-JNI: register_android_hardware_Radio DONE
08-06 13:27:18.361 17654 17654 D AndroidRuntime: Calling main entry com.android.commands.input.Input
08-06 13:27:18.362 17113 17178 I art     : Explicit concurrent mark sweep GC freed 2639(111KB) AllocSpace objects, 2(40KB) LOS objects, 29% free, 38MB/54MB, paused 576us total 28.911ms
08-06 13:27:18.364 17654 17654 I Input   : injectMotionEvent: MotionEvent { action=ACTION_DOWN, actionButton=0, id[0]=0, x[0]=504.0, y[0]=1706.0, toolType[0]=TOOL_TYPE_UNKNOWN, buttonState=0, metaState=0, flags=0x0, edgeFlags=0x0, pointerCount=1, historySize=0, eventTime=883654776, downTime=883654776, deviceId=0, source=0x1002 }
08-06 13:27:18.371 17654 17654 I Input   : injectMotionEvent: MotionEvent { action=ACTION_UP, actionButton=0, id[0]=0, x[0]=504.0, y[0]=1706.0, toolType[0]=TOOL_TYPE_UNKNOWN, buttonState=0, metaState=0, flags=0x0, edgeFlags=0x0, pointerCount=1, historySize=0, eventTime=883654776, downTime=883654776, deviceId=0, source=0x1002 }
08-06 13:27:18.373 17654 17654 D AndroidRuntime: Shutting down VM
08-06 13:27:18.373 17113 17113 D NappaIntentExtras: ==================
08-06 13:27:18.373 17113 17131 D Nappa   : PREFETCH_ON_EXTRA - notifyExtras- start
08-06 13:27:18.373 17113 17113 D NappaIntentExtras: Log #4
08-06 13:27:18.373 17113 17113 D NappaIntentExtras: ------------------
08-06 13:27:18.373 17113 17113 D NappaIntentExtras: activity nappagreedy.io.github.project_travel_mate.destinations.description.CityHistoryActivity
08-06 13:27:18.373 17113 17113 D NappaIntentExtras: 	- No extras registered
08-06 13:27:18.373 17113 17113 D NappaIntentExtras: activity nappagreedy.io.github.project_travel_mate.MainActivity
08-06 13:27:18.373 17113 17113 D NappaIntentExtras: 	- 1 extras registered
08-06 13:27:18.374 17113 17113 D NappaIntentExtras: 	- cityobject_ : objects.City@cf7d0a6
08-06 13:27:18.374 17113 17113 D NappaIntentExtras: activity nappagreedy.io.github.project_travel_mate.SplashActivity
08-06 13:27:18.374 17113 17113 D NappaIntentExtras: 	- No extras registered
08-06 13:27:18.374 17113 17113 D NappaIntentExtras: activity nappagreedy.io.github.project_travel_mate.utilities.CompassActivity
08-06 13:27:18.374 17113 17113 D NappaIntentExtras: 	- No extras registered
08-06 13:27:18.374 17113 17113 D NappaIntentExtras: activity nappagreedy.io.github.project_travel_mate.notifications.NotificationsActivity
08-06 13:27:18.374 17113 17113 D NappaIntentExtras: 	- No extras registered
08-06 13:27:18.374 17113 17113 D NappaIntentExtras: activity nappagreedy.io.github.project_travel_mate.destinations.funfacts.FunFactsActivity
08-06 13:27:18.374 17113 17113 D NappaIntentExtras: 	- No extras registered
08-06 13:27:18.374 17113 17113 D NappaIntentExtras: activity nappagreedy.io.github.project_travel_mate.utilities.UpcomingWeekendsActivity
08-06 13:27:18.374 17113 17113 D NappaIntentExtras: 	- No extras registered
08-06 13:27:18.374 17113 17131 I NAPPA_EXPERIMENTATION: MetricNappaPrefetchingStrategyExecutionTime: STRATEGY_CLASS='GreedyPrefetchingStrategyOnVisitFrequencyAndTime',DURATION='437187',NUMBER_OF_URLS='0',NUMBER_OF_SELECTED_CHILDREN_NODES='1',NUMBER_OF_CHILDREN_NODES='2',STRATEGY_RUN_SUCCESSFULLY='True',
08-06 13:27:18.374 17113 17113 D NappaIntentExtras: activity nappagreedy.io.github.project_travel_mate.utilities.ChecklistActivity
08-06 13:27:18.374 17113 17113 D NappaIntentExtras: 	- No extras registered
08-06 13:27:18.374 17113 17113 D NappaIntentExtras: activity nappagreedy.io.github.project_travel_mate.destinations.description.FinalCityInfoActivity
08-06 13:27:18.374 17113 17113 D NappaIntentExtras: 	- 1 extras registered
08-06 13:27:18.374 17113 17113 D NappaIntentExtras: 	- cityobject_ : objects.City@3fec191
08-06 13:27:18.374 17113 17113 D NappaIntentExtras: ==================
08-06 13:27:18.374 17113 17131 D GreedyPrefetchingStrategyOnVisitFrequencyAndTime: ==================================
08-06 13:27:18.374 17113 17131 D GreedyPrefetchingStrategyOnVisitFrequencyAndTime: Starting Run #5
08-06 13:27:18.374   512  2967 D audio_hw_primary: out_set_parameters: enter: usecase(1: low-latency-playback) kvpairs: routing=2
08-06 13:27:18.374 17113 17131 D GreedyPrefetchingStrategyOnVisitFrequencyAndTime: ----------------------------------
08-06 13:27:18.374 17113 17131 D GreedyPrefetchingStrategyOnVisitFrequencyAndTime: Node data FinalCityInfoActivity 
08-06 13:27:18.374 17113 17131 D GreedyPrefetchingStrategyOnVisitFrequencyAndTime: 	Successors:
08-06 13:27:18.374 17113 17131 D GreedyPrefetchingStrategyOnVisitFrequencyAndTime: 		CityHistoryActivity (1 hits)
08-06 13:27:18.374 17113 17131 D GreedyPrefetchingStrategyOnVisitFrequencyAndTime: 		FunFactsActivity (0 hits)
08-06 13:27:18.374 17113 17131 D GreedyPrefetchingStrategyOnVisitFrequencyAndTime: 	Ancestors:
08-06 13:27:18.374 17113 17131 D GreedyPrefetchingStrategyOnVisitFrequencyAndTime: 		MainActivity (0 hits)
08-06 13:27:18.374 17113 17131 D GreedyPrefetchingStrategyOnVisitFrequencyAndTime: 
08-06 13:27:18.375 17113 17131 D GreedyPrefetchingStrategyOnVisitFrequencyAndTime: MetricStrategyAccuracy inc execution count5 | act = false; extra = true
08-06 13:27:18.375 17113 17131 D GreedyPrefetchingStrategyOnVisitFrequencyAndTime: ------------- Recursion #1 -----------
08-06 13:27:18.375 17113 17131 D GreedyPrefetchingStrategyOnVisitFrequencyAndTime: Best successors so far []
08-06 13:27:18.375 17113 17131 D GreedyPrefetchingStrategyOnVisitFrequencyAndTime: Checking node FinalCityInfoActivity with 2 successors
08-06 13:27:18.375 17113 17131 D GreedyPrefetchingStrategyOnVisitFrequencyAndTime: Check successor CityHistoryActivity
08-06 13:27:18.375 17113 17131 D GreedyPrefetchingStrategyOnVisitFrequencyAndTime: Data:
08-06 13:27:18.375 17113 17131 D GreedyPrefetchingStrategyOnVisitFrequencyAndTime: 	- Successor time = 59472.0
08-06 13:27:18.375 17113 17131 D GreedyPrefetchingStrategyOnVisitFrequencyAndTime: 	- Successor frequency = 13
08-06 13:27:18.375 17113 17131 D GreedyPrefetchingStrategyOnVisitFrequencyAndTime: 	- Aggregated time = 80331.0
08-06 13:27:18.375 17113 17178 I art     : Starting a blocking GC Explicit
08-06 13:27:18.375 17113 17131 D GreedyPrefetchingStrategyOnVisitFrequencyAndTime: 	- Aggregated frequency = 21
08-06 13:27:18.375 17113 17131 D GreedyPrefetchingStrategyOnVisitFrequencyAndTime: Calculated scores:
08-06 13:27:18.375 17113 17131 D GreedyPrefetchingStrategyOnVisitFrequencyAndTime: 	- Parent score = 1.0
08-06 13:27:18.376 17113 17131 D GreedyPrefetchingStrategyOnVisitFrequencyAndTime: 	- Successor time score = 0.37016842
08-06 13:27:18.376 17113 17131 D GreedyPrefetchingStrategyOnVisitFrequencyAndTime: 	- Successor frequency score = 0.30952382
08-06 13:27:18.376 17113 17131 D GreedyPrefetchingStrategyOnVisitFrequencyAndTime: 	- Successor final score = 0.67969227
08-06 13:27:18.376 17113 17131 D GreedyPrefetchingStrategyOnVisitFrequencyAndTime: Switch best successor
08-06 13:27:18.376 17113 17131 D GreedyPrefetchingStrategyOnVisitFrequencyAndTime: Check successor FunFactsActivity
08-06 13:27:18.377 17113 17131 D GreedyPrefetchingStrategyOnVisitFrequencyAndTime: Data:
08-06 13:27:18.377 17113 17131 D GreedyPrefetchingStrategyOnVisitFrequencyAndTime: 	- Successor time = 20859.0
08-06 13:27:18.377 17113 17131 D GreedyPrefetchingStrategyOnVisitFrequencyAndTime: 	- Successor frequency = 8
08-06 13:27:18.377 17113 17131 D GreedyPrefetchingStrategyOnVisitFrequencyAndTime: 	- Aggregated time = 80331.0
08-06 13:27:18.377 17113 17131 D GreedyPrefetchingStrategyOnVisitFrequencyAndTime: 	- Aggregated frequency = 21
08-06 13:27:18.377 17113 17131 D GreedyPrefetchingStrategyOnVisitFrequencyAndTime: Calculated scores:
08-06 13:27:18.377 17113 17131 D GreedyPrefetchingStrategyOnVisitFrequencyAndTime: 	- Parent score = 1.0
08-06 13:27:18.377 17113 17131 D GreedyPrefetchingStrategyOnVisitFrequencyAndTime: 	- Successor time score = 0.12983157
08-06 13:27:18.377 17113 17131 D GreedyPrefetchingStrategyOnVisitFrequencyAndTime: 	- Successor frequency score = 0.1904762
08-06 13:27:18.377 17113 17131 D GreedyPrefetchingStrategyOnVisitFrequencyAndTime: 	- Successor final score = 0.32030776
08-06 13:27:18.377 17113 17131 D GreedyPrefetchingStrategyOnVisitFrequencyAndTime: FinalCityInfoActivity best successor is CityHistoryActivity with score 0.67969227 containing the URLS []
08-06 13:27:18.377 17113 17131 D GreedyPrefetchingStrategyOnVisitFrequencyAndTime: ------------- Recursion #2 -----------
08-06 13:27:18.377 17113 17131 D GreedyPrefetchingStrategyOnVisitFrequencyAndTime: Best successors so far [CityHistoryActivity]
08-06 13:27:18.377 17113 17131 D GreedyPrefetchingStrategyOnVisitFrequencyAndTime: Checking node CityHistoryActivity with 0 successors
08-06 13:27:18.377 17113 17131 D GreedyPrefetchingStrategyOnVisitFrequencyAndTime: this node has no successors
08-06 13:27:18.377 17113 17131 D GreedyPrefetchingStrategyOnVisitFrequencyAndTime: Next visited child will be [nappagreedy.io.github.project_travel_mate.destinations.description.CityHistoryActivity]
08-06 13:27:18.377 17113 17131 D GreedyPrefetchingStrategyOnVisitFrequencyAndTime: ==================================
08-06 13:27:18.377 17113 17131 D Nappa   : PREFETCH_ON_EXTRA - notifyExtras- end
08-06 13:27:18.377 17113 17131 D Nappa   : PREFSTRAT2 ADDING NEW ACTEXTRADATA
08-06 13:27:18.381   918  5132 I ActivityManager: START u0 {cmp=nappagreedy.io.github.project_travel_mate/.destinations.funfacts.FunFactsActivity (has extras)} from uid 10699 on display 0
08-06 13:27:18.387   512  2967 D audio_hw_primary: select_devices: out_snd_device(2: speaker) in_snd_device(0: none)
08-06 13:27:18.388   512  2967 D msm8974_platform: platform_send_audio_calibration: sending audio calibration for snd_device(2) acdb_id(15)
08-06 13:27:18.388   512  2967 I soundtrigger: audio_extn_sound_trigger_update_device_status: device 0x2 of type 0 for Event 1
08-06 13:27:18.390 17113 17113 D NappaLifecycleObserver: nappagreedy.io.github.project_travel_mate.destinations.description.FinalCityInfoActivity - onPause
08-06 13:27:18.390 17113 17113 D Nappa   : Stayed on nappagreedy.io.github.project_travel_mate.destinations.description.FinalCityInfoActivity for 1655 ms
08-06 13:27:18.401   512  2967 D audio_hw_primary: enable_snd_device: snd_device(2: speaker)
08-06 13:27:18.404   512  2967 D audio_hw_primary: enable_audio_route: apply and update mixer path: low-latency-playback speaker
08-06 13:27:18.404 17113 17178 I art     : Explicit concurrent mark sweep GC freed 1850(162KB) AllocSpace objects, 0(0B) LOS objects, 29% free, 39MB/55MB, paused 818us total 28.935ms
08-06 13:27:18.408 17113 17244 D Gabe    : call	returning from cache
08-06 13:27:18.412 17113 17113 V EXECUTING: https://project-travel-mate.herokuapp.com/api/get-city-facts/1
08-06 13:27:18.413 17113 17113 D Nappa   : TAG okHttpClient initialized
08-06 13:27:18.414 17113 17113 D NappaLifecycleObserver: nappagreedy.io.github.project_travel_mate.destinations.funfacts.FunFactsActivity - onResume
08-06 13:27:18.415 17113 17679 D CustomInterceptor: NETWORK-PROVIDER https://project-travel-mate.herokuapp.com/api/get-city-facts/1
08-06 13:27:18.415 17113 17113 D Nappa   : setCurrentActivity - MetricStrategyAccuracy - 
08-06 13:27:18.415 17113 17113 D Nappa   : madePredictionFromActivity = false, 
08-06 13:27:18.415 17113 17113 D Nappa   : fromActivity = nappagreedy.io.github.project_travel_mate.destinations.description.FinalCityInfoActivity, 
08-06 13:27:18.415 17113 17113 D Nappa   : predictedNextActivityFromActivity = [], 
08-06 13:27:18.415 17113 17113 D Nappa   : activity.getClass().getCanonicalName() = nappagreedy.io.github.project_travel_mate.destinations.funfacts.FunFactsActivity, 
08-06 13:27:18.415 17113 17679 D Nappa   : F1_SCORE add_intercept_url - (new) - https://project-travel-mate.herokuapp.com/api/get-city-facts/1
08-06 13:27:18.415 17113 17679 D Nappa   : F1_SCORE add_fn_url - (new) - https://project-travel-mate.herokuapp.com/api/get-city-facts/1
08-06 13:27:18.415 17113 17113 D Nappa   : setCurrentActivity - MetricStrategyAccuracy - 
08-06 13:27:18.415 17113 17113 D Nappa   : madePredictionFromExtra = true, 
08-06 13:27:18.415 17113 17113 D Nappa   : fromActivity = nappagreedy.io.github.project_travel_mate.destinations.description.FinalCityInfoActivity, 
08-06 13:27:18.415 17113 17113 D Nappa   : predictedNextActivityFromExtra = [nappagreedy.io.github.project_travel_mate.destinations.description.CityHistoryActivity], 
08-06 13:27:18.415 17113 17113 D Nappa   : activity.getClass().getCanonicalName() = nappagreedy.io.github.project_travel_mate.destinations.funfacts.FunFactsActivity, 
08-06 13:27:18.415 17113 17679 D Nappa   : -------------F1_SCORE #8 -----------
08-06 13:27:18.415 17113 17113 D Nappa   : PREFETCH_ON_EXTRA - setCurrentActivity - logs - from activity - made prediction isfalse
08-06 13:27:18.415 17113 17679 D Nappa   : F1_SCORE - Intercept list (7)= [https://project-travel-mate.herokuapp.com/api/get-user, https://project-travel-mate.herokuapp.com/api/get-all-cities/10, https://project-travel-mate.herokuapp.com/api/number-of-unread-notifications, https://project-travel-mate.herokuapp.com/api/get-city-weather/1, https://project-travel-mate.herokuapp.com/api/get-city/1, https://project-travel-mate.herokuapp.com/api/get-city-information/1, https://project-travel-mate.herokuapp.com/api/get-city-facts/1]
08-06 13:27:18.415 17113 17679 D Nappa   : F1_SCORE - Prefetch list (0)= []
08-06 13:27:18.415 17113 17679 D Nappa   : F1_SCORE - TP list (0)= []
08-06 13:27:18.415 17113 17679 D Nappa   : F1_SCORE - FN list (7)= [https://project-travel-mate.herokuapp.com/api/get-user, https://project-travel-mate.herokuapp.com/api/get-all-cities/10, https://project-travel-mate.herokuapp.com/api/number-of-unread-notifications, https://project-travel-mate.herokuapp.com/api/get-city-weather/1, https://project-travel-mate.herokuapp.com/api/get-city/1, https://project-travel-mate.herokuapp.com/api/get-city-information/1, https://project-travel-mate.herokuapp.com/api/get-city-facts/1]
08-06 13:27:18.415 17113 17679 I NAPPA_EXPERIMENTATION: MetricPrefetchingAccuracy: LOG_ID='9',F1_SCORE_1='0.0',F1_SCORE_2='0.0',TRUE_POSITIVE='0',FALSE_POSITIVE='0',FALSE_NEGATIVE='7',
08-06 13:27:18.415 17113 17679 D CustomInterceptor: HEADER REQUEST
08-06 13:27:18.415 17113 17679 D CustomInterceptor: Authorization Token e817cf733b7893037942a7dc5507f3c5a98408e6
08-06 13:27:18.415 17113 17679 D CustomInterceptor: Cache-Control max-age=300, max-stale=300
08-06 13:27:18.415 17113 17679 D CustomInterceptor: CACHED STATS: size = '6', maxSize = '100', hitCount = '6', createCount = '0', putCount = '6', evictionCount = '0', missCount = '6', toString = 'LruCache[maxSize=100,hits=6,misses=6,hitRate=50%]', 
08-06 13:27:18.415 17113 17679 D CustomInterceptor: PREFLIB NOT A GET REQUEST OR NOT IN CACHEGET
08-06 13:27:18.416 17113 17178 I art     : Starting a blocking GC Explicit
08-06 13:27:18.443 17113 17178 I art     : Explicit concurrent mark sweep GC freed 2466(234KB) AllocSpace objects, 0(0B) LOS objects, 29% free, 39MB/55MB, paused 574us total 25.898ms
08-06 13:27:18.454 17113 17178 I art     : Starting a blocking GC Explicit
08-06 13:27:18.480 17113 17178 I art     : Explicit concurrent mark sweep GC freed 140(17KB) AllocSpace objects, 0(0B) LOS objects, 29% free, 39MB/55MB, paused 586us total 25.609ms
08-06 13:27:18.492 17113 17178 I art     : Starting a blocking GC Explicit
08-06 13:27:18.515 17113 17131 D Nappa   : registerActivity: (already in) nappagreedy.io.github.project_travel_mate.destinations.description.FinalCityInfoActivity
08-06 13:27:18.515 17113 17131 D Nappa   : PARENTS 
08-06 13:27:18.515 17113 17131 D Nappa   : Of: nappagreedy.io.github.project_travel_mate.destinations.description.FinalCityInfoActivity -> 
08-06 13:27:18.515 17113 17113 D Nappa   : registerActivity: (already in) nappagreedy.io.github.project_travel_mate.destinations.funfacts.FunFactsActivity
08-06 13:27:18.515 17113 17131 D Nappa   : PARENTS nappagreedy.io.github.project_travel_mate.MainActivity
08-06 13:27:18.515 17113 17113 D ActivityNode: ACTNODE UPDATING AFTER LOADING FROM DB
08-06 13:27:18.515 17113 17131 D Nappa   : PARENTS has extra: (cityobject_, objects.City@cf7d0a6)
08-06 13:27:18.515 17113 17131 D Nappa   : PARENTS nappagreedy.io.github.project_travel_mate.SplashActivity
08-06 13:27:18.515 17113 17113 D ActivityGraph: LARDataCalculatedUpdate nappagreedy.io.github.project_travel_mate.destinations.funfacts.FunFactsActivity Pagerank: 0.25 HITS-Authority: 1.0 HITS-Hub: 1.0 SALSA-Authority: 1.0 SALSA-Hub: 1.0
08-06 13:27:18.515 17113 17113 D Nappa   : SHOULD_PREFETCH true
08-06 13:27:18.520 17113 17178 I art     : Explicit concurrent mark sweep GC freed 178(11KB) AllocSpace objects, 0(0B) LOS objects, 29% free, 39MB/55MB, paused 752us total 28.232ms
08-06 13:27:18.616 17113 17113 D Nappa   : registerActivity: (already in) nappagreedy.io.github.project_travel_mate.destinations.funfacts.FunFactsActivity
08-06 13:27:18.616 17113 17113 D Nappa   : STATS Number of requests not prefetched: 6
08-06 13:27:18.616 17113 17113 D Nappa   : STATS Number of requests prefetched: 0
08-06 13:27:18.616 17113 17113 D Nappa   : STATS Time saved until now: 0.0
08-06 13:27:18.621 17113 17113 D ActivityNode: Observer - intent extra - SplashActivity
08-06 13:27:18.621 17113 17113 D ActivityNode: Extras:
08-06 13:27:18.621 17113 17113 D ActivityNode: Observer - intent extra - FinalCityInfoActivity
08-06 13:27:18.621 17113 17113 D ActivityNode: Extras:
08-06 13:27:18.621 17113 17113 D ActivityNode: 	activity ID 3( key cityobject_)
08-06 13:27:18.621 17113 17113 D ActivityNode: 	activity ID 3( key cityobject_)
08-06 13:27:18.621 17113 17113 D ActivityNode: 	activity ID 3( key cityobject_)
08-06 13:27:18.621 17113 17113 D ActivityNode: 	activity ID 3( key cityobject_)
08-06 13:27:18.621 17113 17113 D ActivityNode: 	activity ID 3( key cityobject_)
08-06 13:27:18.621 17113 17113 D ActivityNode: 	activity ID 3( key cityobject_)
08-06 13:27:18.621 17113 17113 D ActivityNode: 	activity ID 3( key cityobject_)
08-06 13:27:18.621 17113 17113 D ActivityNode: 	activity ID 3( key cityobject_)
08-06 13:27:18.621 17113 17113 D ActivityNode: 	activity ID 3( key cityobject_)
08-06 13:27:18.621 17113 17113 D ActivityNode: 	activity ID 3( key cityobject_)
08-06 13:27:18.621 17113 17113 D ActivityNode: 	activity ID 3( key cityobject_)
08-06 13:27:18.621 17113 17113 D ActivityNode: 	activity ID 3( key cityobject_)
08-06 13:27:18.621 17113 17113 D ActivityNode: 	activity ID 3( key cityobject_)
08-06 13:27:18.621 17113 17113 D ActivityNode: 	activity ID 3( key type_)
08-06 13:27:18.621 17113 17113 D ActivityNode: 	activity ID 3( key cityobject_)
08-06 13:27:18.621 17113 17113 D ActivityNode: Observer - intent extra - CityHistoryActivity
08-06 13:27:18.621 17113 17113 D ActivityNode: Extras:
08-06 13:27:18.622 17113 17113 D ActivityNode: Observer - intent extra - FunFactsActivity
08-06 13:27:18.622 17113 17113 D ActivityNode: Extras:
08-06 13:27:18.622 17113 17113 D ActivityNode: Observer - intent extra - ChecklistActivity
08-06 13:27:18.622 17113 17113 D ActivityNode: Extras:
08-06 13:27:18.622 17113 17113 D ActivityNode: Observer - intent extra - CompassActivity
08-06 13:27:18.622 17113 17113 D ActivityNode: Extras:
08-06 13:27:18.622 17113 17113 D ActivityNode: Observer - intent extra - MainActivity
08-06 13:27:18.622 17113 17113 D ActivityNode: Extras:
08-06 13:27:18.622 17113 17113 D ActivityNode: 	activity ID 2( key cityobject_)
08-06 13:27:18.622 17113 17113 D ActivityNode: 	activity ID 2( key cityobject_)
08-06 13:27:18.622 17113 17113 D ActivityNode: 	activity ID 2( key cityobject_)
08-06 13:27:18.622 17113 17113 D ActivityNode: 	activity ID 2( key cityobject_)
08-06 13:27:18.622 17113 17113 D ActivityNode: 	activity ID 2( key cityobject_)
08-06 13:27:18.622 17113 17113 D ActivityNode: 	activity ID 2( key cityobject_)
08-06 13:27:18.622 17113 17113 D ActivityNode: 	activity ID 2( key cityobject_)
08-06 13:27:18.622 17113 17113 D ActivityNode: 	activity ID 2( key cityobject_)
08-06 13:27:18.622 17113 17113 D ActivityNode: 	activity ID 2( key cityobject_)
08-06 13:27:18.622 17113 17113 D ActivityNode: 	activity ID 2( key cityobject_)
08-06 13:27:18.622 17113 17113 D ActivityNode: 	activity ID 2( key cityobject_)
08-06 13:27:18.622 17113 17113 D ActivityNode: 	activity ID 2( key cityobject_)
08-06 13:27:18.622 17113 17113 D ActivityNode: 	activity ID 2( key cityobject_)
08-06 13:27:18.622 17113 17113 D ActivityNode: Observer - intent extra - UpcomingWeekendsActivity
08-06 13:27:18.622 17113 17113 D ActivityNode: Extras:
08-06 13:27:18.622 17113 17113 D ActivityNode: Observer - intent extra - NotificationsActivity
08-06 13:27:18.622 17113 17113 D ActivityNode: Extras:
08-06 13:27:18.754 17113 17113 D ActivityNode: Observer - visit time - FinalCityInfoActivity - New aggregate visit time found is 74710 ms
08-06 13:27:18.759   918   936 I ActivityManager: Displayed nappagreedy.io.github.project_travel_mate/.destinations.funfacts.FunFactsActivity: +366ms
08-06 13:27:18.759 13866 13866 I GoogleInputMethodServic: GoogleInputMethodService.onFinishInput():3138 
08-06 13:27:18.759 13866 13866 I GoogleInputMethodServic: GoogleInputMethodService.onStartInput():1808 
08-06 13:27:18.761 17113 17113 D ActivityNode: Observer - session data - sourceCityHistoryActivity
08-06 13:27:18.761 17113 17113 D ActivityNode: destinations:
08-06 13:27:18.761 17113 17113 D ActivityNode: Observer - session data - sourceSplashActivity
08-06 13:27:18.761 17113 17113 D ActivityNode: destinations:
08-06 13:27:18.761 17113 17113 D ActivityNode: 	nappagreedy.io.github.project_travel_mate.MainActivity( count 5)
08-06 13:27:18.761 17113 17113 D ActivityNode: Observer - session data - sourceFunFactsActivity
08-06 13:27:18.761 17113 17113 D ActivityNode: destinations:
08-06 13:27:18.761 17113 17113 D ActivityNode: Observer - session data - sourceFinalCityInfoActivity
08-06 13:27:18.761 17113 17113 D ActivityNode: destinations:
08-06 13:27:18.761 17113 17113 D ActivityNode: 	nappagreedy.io.github.project_travel_mate.destinations.description.CityHistoryActivity( count 13)
08-06 13:27:18.761 17113 17113 D ActivityNode: 	nappagreedy.io.github.project_travel_mate.destinations.funfacts.FunFactsActivity( count 9)
08-06 13:27:18.761 17113 17113 D ActivityNode: Observer - session data - sourceMainActivity
08-06 13:27:18.761 17113 17113 D ActivityNode: destinations:
08-06 13:27:18.761 17113 17113 D ActivityNode: 	nappagreedy.io.github.project_travel_mate.destinations.description.FinalCityInfoActivity( count 9)
08-06 13:27:18.761 17113 17113 D ActivityNode: 	nappagreedy.io.github.project_travel_mate.utilities.ChecklistActivity( count 6)
08-06 13:27:18.761 17113 17113 D ActivityNode: 	nappagreedy.io.github.project_travel_mate.utilities.CompassActivity( count 6)
08-06 13:27:18.761 17113 17113 D ActivityNode: 	nappagreedy.io.github.project_travel_mate.utilities.UpcomingWeekendsActivity( count 12)
08-06 13:27:18.761 17113 17113 D ActivityNode: 	nappagreedy.io.github.project_travel_mate.notifications.NotificationsActivity( count 6)
08-06 13:27:18.761 17113 17113 D ActivityNode: Observer - session data - sourceChecklistActivity
08-06 13:27:18.761 17113 17113 D ActivityNode: destinations:
08-06 13:27:18.762 17113 17113 D ActivityNode: Observer - session data - sourceCompassActivity
08-06 13:27:18.762 17113 17113 D ActivityNode: destinations:
08-06 13:27:18.762 17113 17113 D ActivityNode: Observer - session data - sourceNotificationsActivity
08-06 13:27:18.762 17113 17113 D ActivityNode: destinations:
08-06 13:27:18.762 17113 17113 D ActivityNode: Observer - session data - sourceUpcomingWeekendsActivity
08-06 13:27:18.762 17113 17113 D ActivityNode: destinations:
08-06 13:27:18.796 13435 13435 I ServiceManager: Waiting for service AtCmdFwd...
08-06 13:27:18.815 17113 17131 D Nappa   : PREFETCH_ON_EXTRA - setCurrentActivity - logs - from extra - made prediction istrue
08-06 13:27:18.815 17113 17131 D Nappa   : PREFETCH_ON_EXTRA - setCurrentActivity - logs - from extra - start
08-06 13:27:18.815 17113 17131 D Nappa   : setCurrentActivity - MetricStrategyAccuracy - checking prediction VS current activity for extras
08-06 13:27:18.816 17113 17131 D GreedyPrefetchingStrategyOnVisitFrequencyAndTime: MetricStrategyAccuracy inc misses count0 | from extra
08-06 13:27:18.816 17113 17131 I NAPPA_EXPERIMENTATION: MetricStrategyAccuracy: LOG_ID='5',EXECUTION_COUNT='5',CASES_COUNT='5',HIT_PERCENTAGE_TOTAL='20.0',HIT_PERCENTAGE_WHEN_PREDICTED='50.0',HIT_COUNT='1',MISS_COUNT='1',INSUFFICIENT_SCORE_COUNT='2',EXCEPTION_COUNT='0',NO_SUCCESSOR_COUNT='1',
08-06 13:27:18.816 17113 17131 D Nappa   : PREFETCH_ON_EXTRA - setCurrentActivity - logs - from extra- finished
08-06 13:27:18.821 17113 17124 I art     : Starting a blocking GC Explicit
08-06 13:27:18.849 17113 17124 I art     : Explicit concurrent mark sweep GC freed 3331(188KB) AllocSpace objects, 2(40KB) LOS objects, 26% free, 43MB/59MB, paused 532us total 27.532ms
08-06 13:27:18.861 17113 17124 I art     : Starting a blocking GC Explicit
08-06 13:27:18.886 17113 17124 I art     : Explicit concurrent mark sweep GC freed 554(17KB) AllocSpace objects, 0(0B) LOS objects, 26% free, 43MB/59MB, paused 491us total 25.016ms
08-06 13:27:18.898 17113 17124 I art     : Starting a blocking GC Explicit
08-06 13:27:18.926 17113 17124 I art     : Explicit concurrent mark sweep GC freed 1073(69KB) AllocSpace objects, 2(120KB) LOS objects, 26% free, 43MB/59MB, paused 740us total 27.315ms
08-06 13:27:18.939 17113 17124 I art     : Starting a blocking GC Explicit
08-06 13:27:18.948   512  2967 D audio_hw_primary: disable_audio_route: reset and update mixer path: low-latency-playback speaker
08-06 13:27:18.949   512  2967 D audio_hw_primary: disable_snd_device: snd_device(2: speaker)
08-06 13:27:18.956   512  2967 I soundtrigger: audio_extn_sound_trigger_update_device_status: device 0x2 of type 0 for Event 0
08-06 13:27:18.965 17113 17124 I art     : Explicit concurrent mark sweep GC freed 2458(141KB) AllocSpace objects, 1(80KB) LOS objects, 26% free, 43MB/59MB, paused 505us total 26.496ms
08-06 13:27:18.977 17113 17124 I art     : Starting a blocking GC Explicit
08-06 13:27:18.988 17113 17679 D CustomInterceptor: CACHE_CONTROL SETTING NEW MAX-AGE
08-06 13:27:18.988 17113 17679 D CustomInterceptor: HEADER RESPONSE
08-06 13:27:18.989 17113 17679 D CustomInterceptor: Allow GET, OPTIONS
08-06 13:27:18.989 17113 17679 D CustomInterceptor: Cache-Control public, immutable, max-age=300, only-if-cached, max-stale=300
08-06 13:27:18.989 17113 17679 D CustomInterceptor: Connection keep-alive
08-06 13:27:18.989 17113 17679 D CustomInterceptor: Content-Length 1793
08-06 13:27:18.989 17113 17679 D CustomInterceptor: Content-Type application/json
08-06 13:27:18.989 17113 17679 D CustomInterceptor: Date Thu, 06 Aug 2020 11:27:14 GMT
08-06 13:27:18.989 17113 17679 D CustomInterceptor: Expires Thu, 06 Aug 2020 11:32:18 GMT+00:00
08-06 13:27:18.989 17113 17679 D CustomInterceptor: Server gunicorn/19.8.1
08-06 13:27:18.989 17113 17679 D CustomInterceptor: Vary Accept
08-06 13:27:18.989 17113 17679 D CustomInterceptor: Via 1.1 vegur
08-06 13:27:18.989 17113 17679 D CustomInterceptor: X-Frame-Options SAMEORIGIN
08-06 13:27:18.989 17113 17679 D CustomInterceptor: CACHEABLE true
08-06 13:27:18.989 17113 17679 D CustomInterceptor: REQ https://project-travel-mate.herokuapp.com/api/get-city-facts/1
08-06 13:27:18.989 17113 17679 D CustomInterceptor: REQ_SERV_BY net
08-06 13:27:18.989 17113 17679 D CustomInterceptor: PREFLIB Adding response to lrucache - https://project-travel-mate.herokuapp.com/api/get-city-facts/1
08-06 13:27:18.991 17113 17679 D CustomInterceptor: interceptor_finished : return_type #3 : request served from remote and added to cache
08-06 13:27:18.992 17113 17679 I NAPPA_EXPERIMENTATION: MetricNetworkRequestExecutionTime: REQUEST_DURATION_SYSTEM='579',REQUEST_DURATION_OKHTTP='0',REQUEST_SYNCHRONOUS='FALSE',RESPONSE_CODE='200',RESPONSE_METHOD='GET',RESPONSE_LENGTH_OKHTTP='1793',RESPONSE_LENGTH_HEADER='-2',REQUEST_PROTOCOL='http/1.1',REQUEST_URL='https://project-travel-mate.herokuapp.com/api/get-city-facts/1',
08-06 13:27:18.992 17113 17679 V EXECUTING: https://project-travel-mate.herokuapp.com/api/get-city-images/1
08-06 13:27:18.994 17113 17679 D Nappa   : TAG okHttpClient initialized
08-06 13:27:18.996 17113 17692 D CustomInterceptor: NETWORK-PROVIDER https://project-travel-mate.herokuapp.com/api/get-city-images/1
08-06 13:27:18.996 17113 17692 D Nappa   : F1_SCORE add_intercept_url - (new) - https://project-travel-mate.herokuapp.com/api/get-city-images/1
08-06 13:27:18.996 17113 17692 D Nappa   : F1_SCORE add_fn_url - (new) - https://project-travel-mate.herokuapp.com/api/get-city-images/1
08-06 13:27:18.996 17113 17692 D Nappa   : -------------F1_SCORE #9 -----------
08-06 13:27:18.996 17113 17692 D Nappa   : F1_SCORE - Intercept list (8)= [https://project-travel-mate.herokuapp.com/api/get-user, https://project-travel-mate.herokuapp.com/api/get-all-cities/10, https://project-travel-mate.herokuapp.com/api/number-of-unread-notifications, https://project-travel-mate.herokuapp.com/api/get-city-weather/1, https://project-travel-mate.herokuapp.com/api/get-city/1, https://project-travel-mate.herokuapp.com/api/get-city-information/1, https://project-travel-mate.herokuapp.com/api/get-city-facts/1, https://project-travel-mate.herokuapp.com/api/get-city-images/1]
08-06 13:27:18.996 17113 17692 D Nappa   : F1_SCORE - Prefetch list (0)= []
08-06 13:27:18.996 17113 17692 D Nappa   : F1_SCORE - TP list (0)= []
08-06 13:27:18.996 17113 17692 D Nappa   : F1_SCORE - FN list (8)= [https://project-travel-mate.herokuapp.com/api/get-user, https://project-travel-mate.herokuapp.com/api/get-all-cities/10, https://project-travel-mate.herokuapp.com/api/number-of-unread-notifications, https://project-travel-mate.herokuapp.com/api/get-city-weather/1, https://project-travel-mate.herokuapp.com/api/get-city/1, https://project-travel-mate.herokuapp.com/api/get-city-information/1, https://project-travel-mate.herokuapp.com/api/get-city-facts/1, https://project-travel-mate.herokuapp.com/api/get-city-images/1]
08-06 13:27:18.997 17113 17692 I NAPPA_EXPERIMENTATION: MetricPrefetchingAccuracy: LOG_ID='10',F1_SCORE_1='0.0',F1_SCORE_2='0.0',TRUE_POSITIVE='0',FALSE_POSITIVE='0',FALSE_NEGATIVE='8',
08-06 13:27:18.997 17113 17692 D CustomInterceptor: HEADER REQUEST
08-06 13:27:18.997 17113 17692 D CustomInterceptor: Authorization Token e817cf733b7893037942a7dc5507f3c5a98408e6
08-06 13:27:18.997 17113 17692 D CustomInterceptor: Cache-Control max-age=300, max-stale=300
08-06 13:27:18.997 17113 17692 D CustomInterceptor: CACHED STATS: size = '7', maxSize = '100', hitCount = '7', createCount = '0', putCount = '7', evictionCount = '0', missCount = '7', toString = 'LruCache[maxSize=100,hits=7,misses=7,hitRate=50%]', 
08-06 13:27:18.997 17113 17692 D CustomInterceptor: PREFLIB NOT A GET REQUEST OR NOT IN CACHEGET
08-06 13:27:19.004 17113 17124 I art     : Explicit concurrent mark sweep GC freed 1750(213KB) AllocSpace objects, 0(0B) LOS objects, 26% free, 43MB/59MB, paused 609us total 26.634ms
08-06 13:27:19.009   380   380 W SurfaceFlinger: couldn't log to binary event log: overflow.
08-06 13:27:19.096 17113 17131 D Nappa   : registerActivity: (already in) nappagreedy.io.github.project_travel_mate.destinations.funfacts.FunFactsActivity
08-06 13:27:19.097 17113 17131 D Nappa   : PARENTS 
08-06 13:27:19.097 17113 17131 D Nappa   : Of: nappagreedy.io.github.project_travel_mate.destinations.funfacts.FunFactsActivity -> 
08-06 13:27:19.097 17113 17131 D Nappa   : PARENTS nappagreedy.io.github.project_travel_mate.destinations.description.FinalCityInfoActivity
08-06 13:27:19.097 17113 17131 D Nappa   : PARENTS has extra: (cityobject_, objects.City@3fec191)
08-06 13:27:19.097 17113 17131 D Nappa   : PARENTS nappagreedy.io.github.project_travel_mate.MainActivity
08-06 13:27:19.097 17113 17131 D Nappa   : PARENTS has extra: (cityobject_, objects.City@cf7d0a6)
08-06 13:27:19.097 17113 17131 D Nappa   : PARENTS nappagreedy.io.github.project_travel_mate.SplashActivity
08-06 13:27:19.116 17113 17131 D Nappa   : PREFETCH_ON_EXTRA - setCurrentActivity - starting new prediction
08-06 13:27:19.116 17113 17131 D Nappa   : Current node - currentActivityName - nappagreedy.io.github.project_travel_mate.destinations.funfacts.FunFactsActivity
08-06 13:27:19.116 17113 17131 D Nappa   : Current node - activityGraph.getCurrent() - nappagreedy.io.github.project_travel_mate.destinations.funfacts.FunFactsActivity
08-06 13:27:19.117 17113 17131 I NAPPA_EXPERIMENTATION: MetricNappaPrefetchingStrategyExecutionTime: STRATEGY_CLASS='GreedyPrefetchingStrategyOnVisitFrequencyAndTime',DURATION='61198',NUMBER_OF_URLS='0',NUMBER_OF_SELECTED_CHILDREN_NODES='0',NUMBER_OF_CHILDREN_NODES='0',STRATEGY_RUN_SUCCESSFULLY='True',
08-06 13:27:19.117 17113 17131 D GreedyPrefetchingStrategyOnVisitFrequencyAndTime: ==================================
08-06 13:27:19.117 17113 17131 D GreedyPrefetchingStrategyOnVisitFrequencyAndTime: Starting Run #6
08-06 13:27:19.117 17113 17131 D GreedyPrefetchingStrategyOnVisitFrequencyAndTime: ----------------------------------
08-06 13:27:19.117 17113 17131 D GreedyPrefetchingStrategyOnVisitFrequencyAndTime: Node data FunFactsActivity 
08-06 13:27:19.117 17113 17131 D GreedyPrefetchingStrategyOnVisitFrequencyAndTime: 	Successors:
08-06 13:27:19.117 17113 17131 D GreedyPrefetchingStrategyOnVisitFrequencyAndTime: 
08-06 13:27:19.117 17113 17131 D GreedyPrefetchingStrategyOnVisitFrequencyAndTime: 	Ancestors:
08-06 13:27:19.117 17113 17131 D GreedyPrefetchingStrategyOnVisitFrequencyAndTime: 		FinalCityInfoActivity (0 hits)
08-06 13:27:19.117 17113 17131 D GreedyPrefetchingStrategyOnVisitFrequencyAndTime: 
08-06 13:27:19.117 17113 17131 D GreedyPrefetchingStrategyOnVisitFrequencyAndTime: MetricStrategyAccuracy inc execution count6 | act = true; extra = false
08-06 13:27:19.117 17113 17131 D GreedyPrefetchingStrategyOnVisitFrequencyAndTime: MetricStrategyAccuracy inc no sucessor count2 | act = true; extra = false
08-06 13:27:19.117 17113 17131 D GreedyPrefetchingStrategyOnVisitFrequencyAndTime: ------------- Recursion #1 -----------
08-06 13:27:19.117 17113 17131 D GreedyPrefetchingStrategyOnVisitFrequencyAndTime: Best successors so far []
08-06 13:27:19.117 17113 17131 D GreedyPrefetchingStrategyOnVisitFrequencyAndTime: Checking node FunFactsActivity with 0 successors
08-06 13:27:19.117 17113 17131 D GreedyPrefetchingStrategyOnVisitFrequencyAndTime: this node has no successors
08-06 13:27:19.117 17113 17131 D GreedyPrefetchingStrategyOnVisitFrequencyAndTime: Next visited child will be []
08-06 13:27:19.118 17113 17131 D GreedyPrefetchingStrategyOnVisitFrequencyAndTime: ==================================
08-06 13:27:19.118 17113 17131 D Nappa   : PREFETCH_ON_EXTRA - setCurrentActivity - finished new prediction
08-06 13:27:19.318 17113 17125 I art     : Starting a blocking GC Explicit
08-06 13:27:19.345 17113 17125 I art     : Explicit concurrent mark sweep GC freed 3154(175KB) AllocSpace objects, 2(40KB) LOS objects, 26% free, 43MB/59MB, paused 521us total 27.002ms
08-06 13:27:19.358 17113 17125 I art     : Starting a blocking GC Explicit
08-06 13:27:19.386 17113 17125 I art     : Explicit concurrent mark sweep GC freed 185(3KB) AllocSpace objects, 0(0B) LOS objects, 26% free, 43MB/59MB, paused 807us total 27.582ms
08-06 13:27:19.398 17113 17125 I art     : Starting a blocking GC Explicit
08-06 13:27:19.425 17113 17125 I art     : Explicit concurrent mark sweep GC freed 710(54KB) AllocSpace objects, 0(0B) LOS objects, 26% free, 43MB/59MB, paused 813us total 27.583ms
08-06 13:27:19.438 17113 17125 I art     : Starting a blocking GC Explicit
08-06 13:27:19.467 17113 17125 I art     : Explicit concurrent mark sweep GC freed 2158(83KB) AllocSpace objects, 2(120KB) LOS objects, 26% free, 43MB/59MB, paused 834us total 28.866ms
08-06 13:27:19.479 17113 17125 I art     : Starting a blocking GC Explicit
08-06 13:27:19.490 17113 17692 D CustomInterceptor: CACHE_CONTROL SETTING NEW MAX-AGE
08-06 13:27:19.491 17113 17692 D CustomInterceptor: HEADER RESPONSE
08-06 13:27:19.491 17113 17692 D CustomInterceptor: Allow GET, OPTIONS
08-06 13:27:19.491 17113 17692 D CustomInterceptor: Cache-Control public, immutable, max-age=300, only-if-cached, max-stale=300
08-06 13:27:19.491 17113 17692 D CustomInterceptor: Connection keep-alive
08-06 13:27:19.491 17113 17692 D CustomInterceptor: Content-Length 183
08-06 13:27:19.491 17113 17692 D CustomInterceptor: Content-Type application/json
08-06 13:27:19.491 17113 17692 D CustomInterceptor: Date Thu, 06 Aug 2020 11:27:15 GMT
08-06 13:27:19.491 17113 17692 D CustomInterceptor: Expires Thu, 06 Aug 2020 11:32:19 GMT+00:00
08-06 13:27:19.491 17113 17692 D CustomInterceptor: Server gunicorn/19.8.1
08-06 13:27:19.491 17113 17692 D CustomInterceptor: Vary Accept
08-06 13:27:19.491 17113 17692 D CustomInterceptor: Via 1.1 vegur
08-06 13:27:19.491 17113 17692 D CustomInterceptor: X-Frame-Options SAMEORIGIN
08-06 13:27:19.491 17113 17692 D CustomInterceptor: CACHEABLE true
08-06 13:27:19.491 17113 17692 D CustomInterceptor: REQ https://project-travel-mate.herokuapp.com/api/get-city-images/1
08-06 13:27:19.492 17113 17692 D CustomInterceptor: REQ_SERV_BY net
08-06 13:27:19.492 17113 17692 D CustomInterceptor: PREFLIB Adding response to lrucache - https://project-travel-mate.herokuapp.com/api/get-city-images/1
08-06 13:27:19.507 17113 17125 I art     : Explicit concurrent mark sweep GC freed 1368(158KB) AllocSpace objects, 1(80KB) LOS objects, 26% free, 43MB/59MB, paused 757us total 27.428ms
08-06 13:27:19.531 17113 17692 D CustomInterceptor: interceptor_finished : return_type #3 : request served from remote and added to cache
08-06 13:27:19.532 17113 17692 I NAPPA_EXPERIMENTATION: MetricNetworkRequestExecutionTime: REQUEST_DURATION_SYSTEM='538',REQUEST_DURATION_OKHTTP='0',REQUEST_SYNCHRONOUS='FALSE',RESPONSE_CODE='200',RESPONSE_METHOD='GET',RESPONSE_LENGTH_OKHTTP='183',RESPONSE_LENGTH_HEADER='-2',REQUEST_PROTOCOL='http/1.1',REQUEST_URL='https://project-travel-mate.herokuapp.com/api/get-city-images/1',
08-06 13:27:19.532 17113 17692 V RESPONSE: [{"id":17,"image_url":"https://upload.wikimedia.org/wikipedia/commons/9/94/%E0%B4%96%E0%B5%81%E0%B4%A4%E0%B5%8D%E0%B4%AC%E0%B5%8D_%E0%B4%AE%E0%B4%BF%E0%B4%A8%E0%B4%BE%E0%B5%BC1.jpg"}]
08-06 13:27:19.548   518   646 I ThermalEngine: ACTION: GPU - Setting GPU[0] to 450000000
08-06 13:27:19.796 13435 13435 W Atfwd_Sendcmd: AtCmdFwd service not published, waiting... retryCnt : 2
08-06 13:27:19.850 17113 17124 I art     : Starting a blocking GC Explicit
08-06 13:27:19.894 17113 17124 I art     : Explicit concurrent mark sweep GC freed 6236(343KB) AllocSpace objects, 3(4MB) LOS objects, 28% free, 39MB/55MB, paused 727us total 43.391ms
08-06 13:27:19.913 17113 17124 I art     : Starting a blocking GC Explicit
08-06 13:27:19.951 17113 17124 I art     : Explicit concurrent mark sweep GC freed 463(13KB) AllocSpace objects, 0(0B) LOS objects, 28% free, 39MB/55MB, paused 710us total 38.175ms
08-06 13:27:19.968 17113 17124 I art     : Starting a blocking GC Explicit
08-06 13:27:20.007 17113 17124 I art     : Explicit concurrent mark sweep GC freed 239(4KB) AllocSpace objects, 0(0B) LOS objects, 28% free, 39MB/55MB, paused 778us total 38.485ms
08-06 13:27:20.024 17113 17124 I art     : Starting a blocking GC Explicit
08-06 13:27:20.066 17113 17124 I art     : Explicit concurrent mark sweep GC freed 290(4KB) AllocSpace objects, 0(0B) LOS objects, 28% free, 39MB/55MB, paused 758us total 41.764ms
08-06 13:27:20.083 17113 17124 I art     : Starting a blocking GC Explicit
08-06 13:27:20.125 17113 17124 I art     : Explicit concurrent mark sweep GC freed 220(3KB) AllocSpace objects, 0(0B) LOS objects, 28% free, 39MB/55MB, paused 736us total 41.825ms
08-06 13:27:20.536 17113 17178 I art     : Starting a blocking GC Explicit
08-06 13:27:20.579 17113 17178 I art     : Explicit concurrent mark sweep GC freed 3587(127KB) AllocSpace objects, 2(40KB) LOS objects, 28% free, 39MB/55MB, paused 818us total 42.395ms
08-06 13:27:20.596 17113 17178 I art     : Starting a blocking GC Explicit
08-06 13:27:20.635 17113 17178 I art     : Explicit concurrent mark sweep GC freed 333(6KB) AllocSpace objects, 0(0B) LOS objects, 28% free, 39MB/55MB, paused 727us total 39.240ms
08-06 13:27:20.653 17113 17178 I art     : Starting a blocking GC Explicit
08-06 13:27:20.688 17113 17178 I art     : Explicit concurrent mark sweep GC freed 220(3KB) AllocSpace objects, 0(0B) LOS objects, 28% free, 39MB/55MB, paused 733us total 35.523ms
08-06 13:27:20.705 17113 17178 I art     : Starting a blocking GC Explicit
08-06 13:27:20.741 17113 17178 I art     : Explicit concurrent mark sweep GC freed 219(3KB) AllocSpace objects, 0(0B) LOS objects, 28% free, 39MB/55MB, paused 717us total 36.020ms
08-06 13:27:20.758 17113 17178 I art     : Starting a blocking GC Explicit
08-06 13:27:20.797 17113 17178 I art     : Explicit concurrent mark sweep GC freed 222(3KB) AllocSpace objects, 0(0B) LOS objects, 28% free, 39MB/55MB, paused 902us total 38.985ms
08-06 13:27:21.140 17725 17725 D AndroidRuntime: >>>>>> START com.android.internal.os.RuntimeInit uid 2000 <<<<<<
08-06 13:27:21.147 17725 17725 D AndroidRuntime: CheckJNI is OFF
08-06 13:27:21.180 17113 17425 I art     : Starting a blocking GC Explicit
08-06 13:27:21.193 17725 17725 D ICU     : No timezone override file found: /data/misc/zoneinfo/current/icu/icu_tzdata.dat
08-06 13:27:21.221 17113 17425 I art     : Explicit concurrent mark sweep GC freed 3504(129KB) AllocSpace objects, 2(40KB) LOS objects, 28% free, 39MB/55MB, paused 871us total 40.984ms
08-06 13:27:21.238 17113 17425 I art     : Starting a blocking GC Explicit
08-06 13:27:21.239 17725 17725 I Radio-JNI: register_android_hardware_Radio DONE
08-06 13:27:21.268 17725 17725 D AndroidRuntime: Calling main entry com.android.commands.input.Input
08-06 13:27:21.271 17725 17725 I Input   : injectKeyEvent: KeyEvent { action=ACTION_DOWN, keyCode=KEYCODE_BACK, scanCode=0, metaState=0, flags=0x0, repeatCount=0, eventTime=883657684, downTime=883657684, deviceId=-1, source=0x101 }
08-06 13:27:21.277 17113 17425 I art     : Explicit concurrent mark sweep GC freed 248(4KB) AllocSpace objects, 0(0B) LOS objects, 28% free, 39MB/55MB, paused 761us total 38.469ms
08-06 13:27:21.278 17725 17725 I Input   : injectKeyEvent: KeyEvent { action=ACTION_UP, keyCode=KEYCODE_BACK, scanCode=0, metaState=0, flags=0x0, repeatCount=0, eventTime=883657684, downTime=883657684, deviceId=-1, source=0x101 }
08-06 13:27:21.291 17725 17725 D AndroidRuntime: Shutting down VM
08-06 13:27:21.291 17113 17113 D NappaLifecycleObserver: nappagreedy.io.github.project_travel_mate.destinations.funfacts.FunFactsActivity - onPause
08-06 13:27:21.291 17113 17113 D Nappa   : Stayed on nappagreedy.io.github.project_travel_mate.destinations.funfacts.FunFactsActivity for 2675 ms
08-06 13:27:21.293 17113 17425 I art     : Starting a blocking GC Explicit
08-06 13:27:21.298 17113 17113 D NappaLifecycleObserver: nappagreedy.io.github.project_travel_mate.destinations.description.FinalCityInfoActivity - onResume
08-06 13:27:21.298 17113 17113 D Nappa   : setCurrentActivity - MetricStrategyAccuracy - 
08-06 13:27:21.298 17113 17113 D Nappa   : madePredictionFromActivity = true, 
08-06 13:27:21.298 17113 17113 D Nappa   : fromActivity = nappagreedy.io.github.project_travel_mate.destinations.funfacts.FunFactsActivity, 
08-06 13:27:21.298 17113 17113 D Nappa   : predictedNextActivityFromActivity = [], 
08-06 13:27:21.298 17113 17113 D Nappa   : activity.getClass().getCanonicalName() = nappagreedy.io.github.project_travel_mate.destinations.description.FinalCityInfoActivity, 
08-06 13:27:21.298 17113 17113 D Nappa   : setCurrentActivity - MetricStrategyAccuracy - 
08-06 13:27:21.298 17113 17113 D Nappa   : madePredictionFromExtra = false, 
08-06 13:27:21.298 17113 17113 D Nappa   : fromActivity = nappagreedy.io.github.project_travel_mate.destinations.funfacts.FunFactsActivity, 
08-06 13:27:21.298 17113 17113 D Nappa   : predictedNextActivityFromExtra = [], 
08-06 13:27:21.298 17113 17113 D Nappa   : activity.getClass().getCanonicalName() = nappagreedy.io.github.project_travel_mate.destinations.description.FinalCityInfoActivity, 
08-06 13:27:21.298 17113 17113 D Nappa   : PREFETCH_ON_EXTRA - setCurrentActivity - logs - from activity - made prediction istrue
08-06 13:27:21.298 17113 17113 D Nappa   : PREFETCH_ON_EXTRA - setCurrentActivity - logs - from activity - start
08-06 13:27:21.298 17113 17113 I NAPPA_EXPERIMENTATION: MetricStrategyAccuracy: LOG_ID='6',EXECUTION_COUNT='6',CASES_COUNT='6',HIT_PERCENTAGE_TOTAL='16.666666666666668',HIT_PERCENTAGE_WHEN_PREDICTED='50.0',HIT_COUNT='1',MISS_COUNT='1',INSUFFICIENT_SCORE_COUNT='2',EXCEPTION_COUNT='0',NO_SUCCESSOR_COUNT='2',
08-06 13:27:21.298 17113 17113 D Nappa   : PREFETCH_ON_EXTRA - setCurrentActivity - logs - from activity- finished
08-06 13:27:21.329 17113 17425 I art     : Explicit concurrent mark sweep GC freed 347(23KB) AllocSpace objects, 0(0B) LOS objects, 28% free, 39MB/55MB, paused 715us total 35.817ms
08-06 13:27:21.345 17113 17425 I art     : Starting a blocking GC Explicit
08-06 13:27:21.383 17113 17425 I art     : Explicit concurrent mark sweep GC freed 21(768B) AllocSpace objects, 0(0B) LOS objects, 28% free, 39MB/55MB, paused 857us total 37.480ms
08-06 13:27:21.399 17113 17113 D Nappa   : registerActivity: (already in) nappagreedy.io.github.project_travel_mate.destinations.description.FinalCityInfoActivity
08-06 13:27:21.399 17113 17113 D ActivityGraph: LARDataCalculatedUpdate nappagreedy.io.github.project_travel_mate.destinations.description.FinalCityInfoActivity Pagerank: 0.25 HITS-Authority: 1.0 HITS-Hub: 1.0 SALSA-Authority: 1.0 SALSA-Hub: 1.0
08-06 13:27:21.399 17113 17113 D Nappa   : SHOULD_PREFETCH false
08-06 13:27:21.399 17113 17113 D Nappa   : STATS Number of requests not prefetched: 8
08-06 13:27:21.399 17113 17113 D Nappa   : STATS Number of requests prefetched: 0
08-06 13:27:21.399 17113 17113 D Nappa   : STATS Time saved until now: 0.0
08-06 13:27:21.400 17113 17425 I art     : Starting a blocking GC Explicit
08-06 13:27:21.431 13866 13866 I GoogleInputMethodServic: GoogleInputMethodService.onFinishInput():3138 
08-06 13:27:21.432 13866 13866 I GoogleInputMethodServic: GoogleInputMethodService.onStartInput():1808 
08-06 13:27:21.440 17113 17425 I art     : Explicit concurrent mark sweep GC freed 311(11KB) AllocSpace objects, 0(0B) LOS objects, 28% free, 39MB/55MB, paused 1.204ms total 39.544ms
08-06 13:27:21.458 17113 17113 D ActivityNode: Observer - visit time - FunFactsActivity - New aggregate visit time found is 23534 ms
08-06 13:27:21.699 17113 17131 D Nappa   : PREFETCH_ON_EXTRA - setCurrentActivity - logs - from extra - made prediction isfalse
08-06 13:27:21.729   380   380 W SurfaceFlinger: couldn't log to binary event log: overflow.
08-06 13:27:21.732 17113 17113 D NappaLifecycleObserver: nappagreedy.io.github.project_travel_mate.destinations.funfacts.FunFactsActivity - onDestroy
08-06 13:27:21.732 17113 17113 D NappaLifecycleObserver: -------------F1_SCORE #10 -----------
08-06 13:27:21.732 17113 17113 D NappaLifecycleObserver: F1_SCORE - Intercept list (8)= [https://project-travel-mate.herokuapp.com/api/get-user, https://project-travel-mate.herokuapp.com/api/get-all-cities/10, https://project-travel-mate.herokuapp.com/api/number-of-unread-notifications, https://project-travel-mate.herokuapp.com/api/get-city-weather/1, https://project-travel-mate.herokuapp.com/api/get-city/1, https://project-travel-mate.herokuapp.com/api/get-city-information/1, https://project-travel-mate.herokuapp.com/api/get-city-facts/1, https://project-travel-mate.herokuapp.com/api/get-city-images/1]
08-06 13:27:21.732 17113 17113 D NappaLifecycleObserver: F1_SCORE - Prefetch list (0)= []
08-06 13:27:21.732 17113 17113 D NappaLifecycleObserver: F1_SCORE - TP list (0)= []
