--------- beginning of main
08-06 06:32:11.742  3784  3784 D CarrierServiceBindHelper: Receive action: android.intent.action.PACKAGE_REMOVED
08-06 06:32:11.762   918  6110 I AccountManagerService: getTypesVisibleToCaller: isPermitted? true
08-06 06:32:11.777 24365 30303 I Fitness : FitCleanupIntentOperation received Intent android.intent.action.PACKAGE_REMOVED [CONTEXT service_id=17 ]
08-06 06:32:11.778 14692 14692 I Finsky  : [1] uah.a(18): PackageMonitorReceiverImpl - Received: android.intent.action.PACKAGE_REMOVED, [ocpw8ddNLhG67i_cxGNvtEQwqY1k5QNC_my-vN553D4]
08-06 06:32:11.778 14692 14692 I Finsky  : [1] ubi.d(9): Invalidating cached PackageState for baseline.org.quantumbadger.redreader
08-06 06:32:11.781  3784  3784 D CarrierServiceBindHelper: Receive action: android.intent.action.PACKAGE_ADDED
08-06 06:32:11.781  3784  3784 D CarrierServiceBindHelper: Receive action: android.intent.action.PACKAGE_REPLACED
08-06 06:32:11.781  3784  3784 D CarrierServiceBindHelper: mHandler: 3
08-06 06:32:11.781  3784  3784 D CarrierServiceBindHelper: mHandler: 3
08-06 06:32:11.781  3784  3784 D CarrierServiceBindHelper: mHandler: 3
08-06 06:32:11.781  3784  3784 D CarrierConfigLoader: mHandler: 9 phoneId: 0
08-06 06:32:11.783   918  6111 I AccountManagerService: getTypesVisibleToCaller: isPermitted? true
08-06 06:32:11.786 14692 14692 I Finsky  : [1] lzi.c(2): Frosting ID looked up on UI thread. Caller should move to a background thread.
08-06 06:32:11.807 14692 14692 I Finsky  : [1] nqb.c(3): Installer: package baseline.org.quantumbadger.redreader was removed. replacing: true
08-06 06:32:11.808 14692 14692 I Finsky  : [1] nra.a(188): Installer: Notifying status update. package=baseline.org.quantumbadger.redreader, status=UNINSTALLED
08-06 06:32:11.845 14692 14692 I Finsky  : [1] lzi.c(2): Frosting ID looked up on UI thread. Caller should move to a background thread.
08-06 06:32:11.847 14692 30319 I Finsky  : [6498] ejf.a(-1): Cancelled 0 ongoing asset module downloads for package baseline.org.quantumbadger.redreader due to a concurrent app update.
08-06 06:32:11.857 14692 14692 I Finsky  : [1] nra.a(220): Installer: found apps to install. isMultiUserMode=false, apps=[]
08-06 06:32:11.877 14692 14876 I Finsky  : [6220] odj.b(52): IQ: Notifying installation update. package=baseline.org.quantumbadger.redreader, status=UNINSTALLED
08-06 06:32:11.953 14692 30304 I Finsky  : [6496] lyv.run(-1): Wrote row to frosting DB: 3244
08-06 06:32:11.956 14692 14692 I Finsky  : [1] uah.a(18): PackageMonitorReceiverImpl - Received: android.intent.action.PACKAGE_ADDED, [ocpw8ddNLhG67i_cxGNvtEQwqY1k5QNC_my-vN553D4]
08-06 06:32:11.956 14692 14692 I Finsky  : [1] ubi.d(9): Invalidating cached PackageState for baseline.org.quantumbadger.redreader
08-06 06:32:11.961 14692 14692 I Finsky  : [1] lzi.c(2): Frosting ID looked up on UI thread. Caller should move to a background thread.
--------- beginning of system
08-06 06:32:11.964   918   929 W ActivityManager: Unable to start service Intent { act=com.google.android.gms.auth.key.retrieval.service.START pkg=com.google.android.gms } U=0: not found
08-06 06:32:11.967 14692 14692 I Finsky  : [1] agsx.a(4): Do not start WearSupportService due to Wear service optimization
08-06 06:32:11.968   918  3359 W ActivityManager: Unbind failed: could not find connection for android.os.BinderProxy@13d5775
08-06 06:32:11.971 14692 30319 I Finsky  : [6498] ejc.a(-1): Asset module broadcast after update successful for package baseline.org.quantumbadger.redreader. 0 sessions broadcast.
08-06 06:32:11.972 24577 24621 E GmsClient: unable to connect to service: com.google.android.gms.auth.key.retrieval.service.START on com.google.android.gms
08-06 06:32:11.975 14692 14692 I Finsky  : [1] lzi.c(2): Frosting ID looked up on UI thread. Caller should move to a background thread.
08-06 06:32:12.009   918   928 I AccountManagerService: getTypesVisibleToCaller: isPermitted? true
08-06 06:32:12.026 24577 30310 I Auth    : [SupervisedAccountIntentOperation] onHandleIntent(): android.intent.action.PACKAGE_ADDED
08-06 06:32:12.027 24577 30314 I ChromeSync: [Sync,SyncIntentOperation] Handling the intent: Intent { act=android.intent.action.PACKAGE_ADDED dat=package:baseline.org.quantumbadger.redreader flg=0x4000010 cmp=com.google.android.gms/.chimera.GmsIntentOperationService (has extras) }.
08-06 06:32:12.047 28232 28232 I ServiceManager: Waiting for service AtCmdFwd...
08-06 06:32:12.104 14692 14876 I Finsky  : [6220] odj.b(40): IQ: No matching installs to run for jobs: []
08-06 06:32:12.116   918  5952 I AccountManagerService: getTypesVisibleToCaller: isPermitted? true
08-06 06:32:12.117 24577 30314 I ChromeSync: [Persistence,AffiliationManager] One of affiliation or grouping data for android://bz0hZa4nAJEtd0n5sRlXG7KAqctUMWVefv7Ki4mh1p6slZ9YO-n9gS9j8m9YCrsIyI2wIxrDHraumF9Y6pBLTA==@baseline.org.quantumbadger.redreader/ was not found. Marking affiliation data as stale...
08-06 06:32:12.170 14692 30304 I Finsky  : [6496] lyv.run(-1): Wrote row to frosting DB: 3245
08-06 06:32:12.180 14692 30316 I Finsky  : [6497] gzn.a(-1): [ContentSync] finished, scheduled=false
08-06 06:32:12.239   918  3359 I AccountManagerService: getTypesVisibleToCaller: isPermitted? true
08-06 06:32:12.275 14692 30304 I Finsky  : [6496] lyv.run(-1): Wrote row to frosting DB: 3246
08-06 06:32:12.291 30331 30331 D AndroidRuntime: >>>>>> START com.android.internal.os.RuntimeInit uid 2000 <<<<<<
08-06 06:32:12.295 30331 30331 D AndroidRuntime: CheckJNI is OFF
08-06 06:32:12.322 30331 30331 D ICU     : No timezone override file found: /data/misc/zoneinfo/current/icu/icu_tzdata.dat
08-06 06:32:12.328 14692 30304 I Finsky  : [6496] lyv.run(-1): Wrote row to frosting DB: 3247
08-06 06:32:12.337 14692 14692 I Finsky  : [1] xmu.a(8): SCH: Jobs in database: 1-1337 3-221 3-222 12-1 24-77777777 26-1414141414 
08-06 06:32:12.339 14692 14692 I Finsky  : [1] xio.a(57): SCH: ConstraintMapping: 24-77777777,  -> L: 0ms, D: 52678588ms, C: false, I: true, N: 0
08-06 06:32:12.340 14692 30316 I Finsky  : [6497] gzn.a(-1): [ContentSync] finished, scheduled=true
08-06 06:32:12.341 14692 14692 I Finsky  : [1] xio.a(57): SCH: ConstraintMapping: 1-1337, 12-1,  -> L: 14500ms, D: 56020580ms, C: false, I: false, N: 1
08-06 06:32:12.341 14692 14692 I Finsky  : [1] xio.a(57): SCH: ConstraintMapping: 3-221,  -> L: 0ms, D: 74157087ms, C: false, I: true, N: 2
08-06 06:32:12.342 14692 14692 I Finsky  : [1] xio.a(57): SCH: ConstraintMapping: 3-222,  -> L: 0ms, D: 74157160ms, C: true, I: true, N: 2
08-06 06:32:12.342 14692 14692 I Finsky  : [1] xio.a(57): SCH: ConstraintMapping: 26-1414141414,  -> L: 17468481ms, D: 18368481ms, C: false, I: false, N: 0
08-06 06:32:12.348 30331 30331 I Radio-JNI: register_android_hardware_Radio DONE
08-06 06:32:12.355 14692 14692 I Finsky  : [1] xle.a(34): Cancelling existing jobscheduler jobs: 9007 9008 9006 9004 9010 9009 9003 9000 9002 9005 
08-06 06:32:12.356 14692 14692 I Finsky  : [1] xle.a(27): Scheduling job Id: 9001, L: 0, D: 52678588, C: false, I: true, N: 0
08-06 06:32:12.364 14692 14692 I Finsky  : [1] xle.a(27): Scheduling job Id: 9011, L: 14500, D: 56020580, C: false, I: false, N: 1
08-06 06:32:12.364 30331 30331 D AndroidRuntime: Calling main entry com.android.commands.monkey.Monkey
08-06 06:32:12.371 14692 14692 I Finsky  : [1] xle.a(27): Scheduling job Id: 9012, L: 0, D: 74157087, C: false, I: true, N: 2
08-06 06:32:12.372 14692 14692 I Finsky  : [1] xle.a(27): Scheduling job Id: 9013, L: 0, D: 74157160, C: true, I: true, N: 2
08-06 06:32:12.374 14692 14692 I Finsky  : [1] xle.a(27): Scheduling job Id: 9014, L: 17468481, D: 18368481, C: false, I: false, N: 0
08-06 06:32:12.375 14692 14692 I Finsky  : [1] xle.a(27): Scheduling job Id: 9015, L: 0, D: 52678588, C: false, I: true, N: 0
08-06 06:32:12.377 14692 14692 I Finsky  : [1] xle.a(27): Scheduling job Id: 9016, L: 14500, D: 56020580, C: false, I: false, N: 1
08-06 06:32:12.378 14692 14692 I Finsky  : [1] xle.a(27): Scheduling job Id: 9017, L: 0, D: 74157087, C: false, I: true, N: 2
08-06 06:32:12.380   918   931 W BroadcastQueue: Skipping deliver [background] BroadcastRecord{5023d61 u-1 android.net.conn.CONNECTIVITY_CHANGE} to ReceiverList{aade086 30331 (unknown name)/2000/u-1 remote:9bd156b}: process crashing
08-06 06:32:12.382 14692 14692 I Finsky  : [1] xle.a(27): Scheduling job Id: 9018, L: 0, D: 74157160, C: true, I: true, N: 2
08-06 06:32:12.385 14692 14692 I Finsky  : [1] xle.a(27): Scheduling job Id: 9019, L: 17468481, D: 18368481, C: false, I: false, N: 0
08-06 06:32:12.392   918  3696 I ActivityManager: START u0 {act=android.intent.action.MAIN cat=[android.intent.category.LAUNCHER] flg=0x10200000 cmp=baseline.org.quantumbadger.redreader/.activities.MainActivity} from uid 2000 on display 0
08-06 06:32:12.393 24577 13294 I Icing   : IndexChimeraService.getServiceInterface callingPackage=com.google.android.gms componentName=AppsCorpus serviceId=36
08-06 06:32:12.408 30345 30345 I art     : Late-enabling -Xcheck:jni
08-06 06:32:12.412   918   928 I ActivityManager: Start proc 30345:baseline.org.quantumbadger.redreader/u0a705 for activity baseline.org.quantumbadger.redreader/.activities.MainActivity
08-06 06:32:12.423 30331 30331 I art     : System.exit called, status: 0
08-06 06:32:12.423 30331 30331 I AndroidRuntime: VM exiting with result code 0.
08-06 06:32:12.446 30345 30345 W System  : ClassLoader referenced unknown path: /data/app/baseline.org.quantumbadger.redreader-2/lib/arm64
08-06 06:32:12.453 30345 30345 I RedReader: Application created.
08-06 06:32:12.461 30345 30362 I RedditChangeDataIO: Running initial read...
08-06 06:32:12.462 24577  7409 W Icing   : No valid account for uploading user actions
08-06 06:32:12.468 30345 30345 I RedReader: Checking for new messages.
08-06 06:32:12.472 30345 30362 I RedditChangeDataIO: Data file at '/data/user/0/baseline.org.quantumbadger.redreader/files/rr_change_data.dat'
08-06 06:32:12.472 30345 30362 I RedditChangeDataIO: Data file does not exist. Aborting read.
08-06 06:32:12.472 30345 30362 I RedditChangeDataManager: Pruning for all users...
08-06 06:32:12.473 30345 30362 I RedditChangeDataManager: Pruning complete.
08-06 06:32:12.498 24577 13294 I Icing   : IndexChimeraService.getServiceInterface callingPackage=com.google.android.gms componentName=null serviceId=30
08-06 06:32:12.501 16458  6583 I PBSessionCacheImpl: Deleted sessionId[72384646105454640] from persistence.
08-06 06:32:12.508 16458 16488 W SearchServiceCore: Abort, client detached.
08-06 06:32:12.509 16458 16488 I MicroDetectionState: Should stop hotword detection immediately - true
08-06 06:32:12.543 24365 24372 I art     : Background partial concurrent mark sweep GC freed 77042(4MB) AllocSpace objects, 0(0B) LOS objects, 27% free, 41MB/57MB, paused 861us total 120.470ms
08-06 06:32:12.567 24577  7409 I Icing   : Usage reports ok 2, Failed Usage reports 0, indexed 0, rejected 0
08-06 06:32:12.570 24577  7409 W Icing   : No valid account for uploading user actions
08-06 06:32:12.584 24577  7409 I Icing   : Usage reports ok 0, Failed Usage reports 0, indexed 0, rejected 0
08-06 06:32:12.585 24577  7409 I Icing   : Indexing com.google.android.gms-internal.3p:MobileApplication from com.google.android.gms using seqno 763
08-06 06:32:12.588 24577  7409 I Icing   : Indexing com.google.android.gms-internal.3p:MobileApplication from com.google.android.gms using seqno 763
08-06 06:32:12.588 30345 30345 W art     : Before Android 4.1, method android.graphics.PorterDuffColorFilter androidx.vectordrawable.graphics.drawable.VectorDrawableCompat.updateTintFilter(android.graphics.PorterDuffColorFilter, android.content.res.ColorStateList, android.graphics.PorterDuff$Mode) would have incorrectly overridden the package-private method in android.graphics.drawable.Drawable
08-06 06:32:12.601 30345 30361 I CacheManager: Pruning 108 files
08-06 06:32:12.603 30345 30345 I art     : Rejecting re-init on previously-failed class java.lang.Class<androidx.core.view.ViewCompat$2>
08-06 06:32:12.603 30345 30345 I art     : Rejecting re-init on previously-failed class java.lang.Class<androidx.core.view.ViewCompat$2>
08-06 06:32:12.611 30345 30345 I AppCompatViewInflater: app:theme is now deprecated. Please move to using android:theme instead.
08-06 06:32:12.618 24577 13294 I Icing   : IndexChimeraService.getServiceInterface callingPackage=com.google.android.gms componentName=null serviceId=36
08-06 06:32:12.623 24577  7409 W Icing   : No valid account for uploading user actions
08-06 06:32:12.657 24577  7409 I Icing   : Usage reports ok 0, Failed Usage reports 0, indexed 0, rejected 0
08-06 06:32:12.763 30345 30345 I RawObjectDB query string: CREATE TABLE objects(RawObjectDB_id TEXT PRIMARY KEY ON CONFLICT REPLACE,RawObjectDB_timestamp INTEGER,serialised TEXT)
08-06 06:32:12.805 30345 30345 I RawObjectDB query string: CREATE TABLE objects(RawObjectDB_id TEXT PRIMARY KEY ON CONFLICT REPLACE,RawObjectDB_timestamp INTEGER,serialised TEXT)
08-06 06:32:12.880 30345 30364 D OpenGLRenderer: Use EGL_SWAP_BEHAVIOR_PRESERVED: true
08-06 06:32:12.948 30345 30364 I Adreno  : QUALCOMM build                   : fcf4852, I1af360237c
08-06 06:32:12.948 30345 30364 I Adreno  : Build Date                       : 09/23/15
08-06 06:32:12.948 30345 30364 I Adreno  : OpenGL ES Shader Compiler Version: XE031.05.13.02
08-06 06:32:12.948 30345 30364 I Adreno  : Local Branch                     : mybranch14465806
08-06 06:32:12.948 30345 30364 I Adreno  : Remote Branch                    : quic/LA.BF64.1.2.9_v2
08-06 06:32:12.948 30345 30364 I Adreno  : Remote Branch                    : NONE
08-06 06:32:12.948 30345 30364 I Adreno  : Reconstruct Branch               : NOTHING
08-06 06:32:12.955 30345 30364 I OpenGLRenderer: Initialized EGL, version 1.4
08-06 06:32:13.048 28232 28232 I ServiceManager: Waiting for service AtCmdFwd...
08-06 06:32:13.258   918   936 I ActivityManager: Displayed baseline.org.quantumbadger.redreader/.activities.MainActivity: +860ms
08-06 06:32:13.569 24577  7409 I Icing   : Indexing com.google.android.gms-apps from com.google.android.gms
08-06 06:32:13.655 24577  7409 I Icing   : Indexing done com.google.android.gms-apps
08-06 06:32:13.992 30380 30380 D AndroidRuntime: >>>>>> START com.android.internal.os.RuntimeInit uid 2000 <<<<<<
08-06 06:32:13.998 30380 30380 D AndroidRuntime: CheckJNI is OFF
08-06 06:32:14.031 30380 30380 D ICU     : No timezone override file found: /data/misc/zoneinfo/current/icu/icu_tzdata.dat
08-06 06:32:14.049 28232 28232 I ServiceManager: Waiting for service AtCmdFwd...
08-06 06:32:14.067 30380 30380 I Radio-JNI: register_android_hardware_Radio DONE
08-06 06:32:14.085 30380 30380 D AndroidRuntime: Calling main entry com.android.commands.am.Am
08-06 06:32:14.100  3167  3167 I Trepn   : Trepn 6.2s: Received intent: com.quicinc.trepn.start_profiling
08-06 06:32:14.223  3167  3167 W FileUtils: Failed to chmod(/storage/emulated/0/trepn/Trepn_2020.08.06_063214.db): android.system.ErrnoException: chmod failed: EPERM (Operation not permitted)
08-06 06:32:14.308  3167  3167 I Trepn   : Trepn 6.2s: Trepn has Started Profiling.
08-06 06:32:14.309 30380 30380 D AndroidRuntime: Shutting down VM
08-06 06:32:14.796 30345 30369 I art     : Starting a blocking GC Explicit
08-06 06:32:14.827 30345 30369 I art     : Explicit concurrent mark sweep GC freed 27005(2MB) AllocSpace objects, 8(216KB) LOS objects, 40% free, 20MB/34MB, paused 250us total 30.259ms
08-06 06:32:14.838 30345 30369 I art     : Starting a blocking GC Explicit
08-06 06:32:14.851 30345 30369 I art     : Explicit concurrent mark sweep GC freed 1530(73KB) AllocSpace objects, 0(0B) LOS objects, 40% free, 20MB/34MB, paused 106us total 13.429ms
08-06 06:32:14.859 30345 30369 I art     : Starting a blocking GC Explicit
08-06 06:32:14.869 30345 30369 I art     : Explicit concurrent mark sweep GC freed 3(96B) AllocSpace objects, 0(0B) LOS objects, 40% free, 20MB/34MB, paused 120us total 9.914ms
08-06 06:32:14.877 30345 30369 I art     : Starting a blocking GC Explicit
08-06 06:32:14.888 30345 30369 I art     : Explicit concurrent mark sweep GC freed 3(96B) AllocSpace objects, 0(0B) LOS objects, 40% free, 20MB/34MB, paused 118us total 10.333ms
08-06 06:32:14.895 30345 30369 I art     : Starting a blocking GC Explicit
08-06 06:32:14.906 30345 30369 I art     : Explicit concurrent mark sweep GC freed 3(96B) AllocSpace objects, 0(0B) LOS objects, 40% free, 20MB/34MB, paused 117us total 10.440ms
08-06 06:32:15.049 28232 28232 W Atfwd_Sendcmd: AtCmdFwd service not published, waiting... retryCnt : 5
08-06 06:32:15.213 30345 30357 I art     : Starting a blocking GC Explicit
08-06 06:32:15.232 30345 30357 I art     : Explicit concurrent mark sweep GC freed 1334(78KB) AllocSpace objects, 1(20KB) LOS objects, 40% free, 20MB/34MB, paused 201us total 17.489ms
08-06 06:32:15.247 30345 30357 I art     : Starting a blocking GC Explicit
08-06 06:32:15.259 30345 30357 I art     : Explicit concurrent mark sweep GC freed 20(704B) AllocSpace objects, 0(0B) LOS objects, 40% free, 20MB/34MB, paused 135us total 11.570ms
08-06 06:32:15.267 30345 30357 I art     : Starting a blocking GC Explicit
08-06 06:32:15.278 30345 30357 I art     : Explicit concurrent mark sweep GC freed 3(96B) AllocSpace objects, 0(0B) LOS objects, 40% free, 20MB/34MB, paused 127us total 10.610ms
08-06 06:32:15.286 30345 30357 I art     : Starting a blocking GC Explicit
08-06 06:32:15.297 30345 30357 I art     : Explicit concurrent mark sweep GC freed 3(96B) AllocSpace objects, 0(0B) LOS objects, 40% free, 20MB/34MB, paused 136us total 10.453ms
08-06 06:32:15.305 30345 30357 I art     : Starting a blocking GC Explicit
08-06 06:32:15.316 30345 30357 I art     : Explicit concurrent mark sweep GC freed 3(96B) AllocSpace objects, 0(0B) LOS objects, 40% free, 20MB/34MB, paused 123us total 10.625ms
08-06 06:32:15.577 30345 30356 I art     : Starting a blocking GC Explicit
08-06 06:32:15.593 30345 30356 I art     : Explicit concurrent mark sweep GC freed 1332(78KB) AllocSpace objects, 1(20KB) LOS objects, 40% free, 20MB/34MB, paused 148us total 15.687ms
08-06 06:32:15.605 30345 30356 I art     : Starting a blocking GC Explicit
08-06 06:32:15.616 30345 30356 I art     : Explicit concurrent mark sweep GC freed 20(704B) AllocSpace objects, 0(0B) LOS objects, 40% free, 20MB/34MB, paused 127us total 11.088ms
08-06 06:32:15.624 30345 30356 I art     : Starting a blocking GC Explicit
08-06 06:32:15.635 30345 30356 I art     : Explicit concurrent mark sweep GC freed 3(96B) AllocSpace objects, 0(0B) LOS objects, 40% free, 20MB/34MB, paused 119us total 10.985ms
08-06 06:32:15.643 30345 30356 I art     : Starting a blocking GC Explicit
08-06 06:32:15.654 30345 30356 I art     : Explicit concurrent mark sweep GC freed 3(96B) AllocSpace objects, 0(0B) LOS objects, 40% free, 20MB/34MB, paused 114us total 10.644ms
08-06 06:32:15.662 30345 30356 I art     : Starting a blocking GC Explicit
08-06 06:32:15.673 30345 30356 I art     : Explicit concurrent mark sweep GC freed 3(96B) AllocSpace objects, 0(0B) LOS objects, 40% free, 20MB/34MB, paused 114us total 10.669ms
08-06 06:32:15.967 30345 30369 I art     : Starting a blocking GC Explicit
08-06 06:32:15.981 30345 30369 I art     : Explicit concurrent mark sweep GC freed 1332(78KB) AllocSpace objects, 1(20KB) LOS objects, 40% free, 20MB/34MB, paused 154us total 13.815ms
08-06 06:32:15.994 30345 30369 I art     : Starting a blocking GC Explicit
08-06 06:32:16.005 30345 30369 I art     : Explicit concurrent mark sweep GC freed 20(704B) AllocSpace objects, 0(0B) LOS objects, 40% free, 20MB/34MB, paused 124us total 10.579ms
08-06 06:32:16.013 30345 30369 I art     : Starting a blocking GC Explicit
08-06 06:32:16.024 30345 30369 I art     : Explicit concurrent mark sweep GC freed 3(96B) AllocSpace objects, 0(0B) LOS objects, 40% free, 20MB/34MB, paused 118us total 10.425ms
08-06 06:32:16.031 30345 30369 I art     : Starting a blocking GC Explicit
08-06 06:32:16.042 30345 30369 I art     : Explicit concurrent mark sweep GC freed 3(96B) AllocSpace objects, 0(0B) LOS objects, 40% free, 20MB/34MB, paused 113us total 10.383ms
08-06 06:32:16.050 30345 30369 I art     : Starting a blocking GC Explicit
08-06 06:32:16.061 30345 30369 I art     : Explicit concurrent mark sweep GC freed 3(96B) AllocSpace objects, 0(0B) LOS objects, 40% free, 20MB/34MB, paused 117us total 10.550ms
08-06 06:32:16.348 30345 30357 I art     : Starting a blocking GC Explicit
08-06 06:32:16.364 30345 30357 I art     : Explicit concurrent mark sweep GC freed 1332(78KB) AllocSpace objects, 1(20KB) LOS objects, 40% free, 20MB/34MB, paused 163us total 15.601ms
08-06 06:32:16.375 30345 30357 I art     : Starting a blocking GC Explicit
08-06 06:32:16.386 30345 30357 I art     : Explicit concurrent mark sweep GC freed 20(704B) AllocSpace objects, 0(0B) LOS objects, 40% free, 20MB/34MB, paused 133us total 11.062ms
08-06 06:32:16.394 30345 30357 I art     : Starting a blocking GC Explicit
08-06 06:32:16.405 30345 30357 I art     : Explicit concurrent mark sweep GC freed 3(96B) AllocSpace objects, 0(0B) LOS objects, 40% free, 20MB/34MB, paused 122us total 10.199ms
08-06 06:32:16.413 30345 30357 I art     : Starting a blocking GC Explicit
08-06 06:32:16.423 30345 30357 I art     : Explicit concurrent mark sweep GC freed 3(96B) AllocSpace objects, 0(0B) LOS objects, 40% free, 20MB/34MB, paused 127us total 10.653ms
08-06 06:32:16.431 30345 30357 I art     : Starting a blocking GC Explicit
08-06 06:32:16.442 30345 30357 I art     : Explicit concurrent mark sweep GC freed 3(96B) AllocSpace objects, 0(0B) LOS objects, 40% free, 20MB/34MB, paused 130us total 10.561ms
08-06 06:32:16.742 30345 30356 I art     : Starting a blocking GC Explicit
08-06 06:32:16.756 30345 30356 I art     : Explicit concurrent mark sweep GC freed 1333(78KB) AllocSpace objects, 1(20KB) LOS objects, 40% free, 20MB/34MB, paused 148us total 13.571ms
08-06 06:32:16.769 30345 30356 I art     : Starting a blocking GC Explicit
08-06 06:32:16.782 30345 30356 I art     : Explicit concurrent mark sweep GC freed 20(704B) AllocSpace objects, 0(0B) LOS objects, 40% free, 20MB/34MB, paused 129us total 12.738ms
08-06 06:32:16.791 30345 30356 I art     : Starting a blocking GC Explicit
08-06 06:32:16.801 30345 30356 I art     : Explicit concurrent mark sweep GC freed 3(96B) AllocSpace objects, 0(0B) LOS objects, 40% free, 20MB/34MB, paused 110us total 10.427ms
08-06 06:32:16.809 30345 30356 I art     : Starting a blocking GC Explicit
08-06 06:32:16.820 30345 30356 I art     : Explicit concurrent mark sweep GC freed 3(96B) AllocSpace objects, 0(0B) LOS objects, 40% free, 20MB/34MB, paused 118us total 10.606ms
08-06 06:32:16.829 30345 30356 I art     : Starting a blocking GC Explicit
08-06 06:32:16.839 30345 30356 I art     : Explicit concurrent mark sweep GC freed 3(96B) AllocSpace objects, 0(0B) LOS objects, 40% free, 20MB/34MB, paused 110us total 10.122ms
08-06 06:32:17.144 30345 30369 I art     : Starting a blocking GC Explicit
08-06 06:32:17.160 30345 30369 I art     : Explicit concurrent mark sweep GC freed 1333(78KB) AllocSpace objects, 1(20KB) LOS objects, 40% free, 20MB/34MB, paused 161us total 16.441ms
08-06 06:32:17.171 30345 30369 I art     : Starting a blocking GC Explicit
08-06 06:32:17.183 30345 30369 I art     : Explicit concurrent mark sweep GC freed 20(704B) AllocSpace objects, 0(0B) LOS objects, 40% free, 20MB/34MB, paused 127us total 11.362ms
08-06 06:32:17.191 30345 30369 I art     : Starting a blocking GC Explicit
08-06 06:32:17.202 30345 30369 I art     : Explicit concurrent mark sweep GC freed 3(96B) AllocSpace objects, 0(0B) LOS objects, 40% free, 20MB/34MB, paused 112us total 10.570ms
08-06 06:32:17.210 30345 30369 I art     : Starting a blocking GC Explicit
08-06 06:32:17.221 30345 30369 I art     : Explicit concurrent mark sweep GC freed 3(96B) AllocSpace objects, 0(0B) LOS objects, 40% free, 20MB/34MB, paused 122us total 10.726ms
08-06 06:32:17.229 30345 30369 I art     : Starting a blocking GC Explicit
08-06 06:32:17.240 30345 30369 I art     : Explicit concurrent mark sweep GC freed 3(96B) AllocSpace objects, 0(0B) LOS objects, 40% free, 20MB/34MB, paused 113us total 10.483ms
08-06 06:32:17.558 30345 30357 I art     : Starting a blocking GC Explicit
08-06 06:32:17.575 30345 30357 I art     : Explicit concurrent mark sweep GC freed 1332(78KB) AllocSpace objects, 1(20KB) LOS objects, 40% free, 20MB/34MB, paused 178us total 15.774ms
08-06 06:32:17.586 30345 30357 I art     : Starting a blocking GC Explicit
08-06 06:32:17.600 30345 30357 I art     : Explicit concurrent mark sweep GC freed 20(704B) AllocSpace objects, 0(0B) LOS objects, 40% free, 20MB/34MB, paused 143us total 13.618ms
08-06 06:32:17.613 30345 30357 I art     : Starting a blocking GC Explicit
08-06 06:32:17.624 30345 30357 I art     : Explicit concurrent mark sweep GC freed 3(96B) AllocSpace objects, 0(0B) LOS objects, 40% free, 20MB/34MB, paused 123us total 11.156ms
08-06 06:32:17.632 30345 30357 I art     : Starting a blocking GC Explicit
08-06 06:32:17.642 30345 30357 I art     : Explicit concurrent mark sweep GC freed 3(96B) AllocSpace objects, 0(0B) LOS objects, 40% free, 20MB/34MB, paused 128us total 10.242ms
08-06 06:32:17.650 30345 30357 I art     : Starting a blocking GC Explicit
08-06 06:32:17.661 30345 30357 I art     : Explicit concurrent mark sweep GC freed 3(96B) AllocSpace objects, 0(0B) LOS objects, 40% free, 20MB/34MB, paused 127us total 10.628ms
08-06 06:32:17.969 30345 30356 I art     : Starting a blocking GC Explicit
08-06 06:32:17.985 30345 30356 I art     : Explicit concurrent mark sweep GC freed 1332(78KB) AllocSpace objects, 1(20KB) LOS objects, 40% free, 20MB/34MB, paused 163us total 15.907ms
08-06 06:32:17.997 30345 30356 I art     : Starting a blocking GC Explicit
08-06 06:32:18.010 30345 30356 I art     : Explicit concurrent mark sweep GC freed 20(704B) AllocSpace objects, 0(0B) LOS objects, 40% free, 20MB/34MB, paused 120us total 13.210ms
08-06 06:32:18.021 30345 30356 I art     : Starting a blocking GC Explicit
08-06 06:32:18.031 30345 30356 I art     : Explicit concurrent mark sweep GC freed 3(96B) AllocSpace objects, 0(0B) LOS objects, 40% free, 20MB/34MB, paused 117us total 10.603ms
08-06 06:32:18.039 30345 30356 I art     : Starting a blocking GC Explicit
08-06 06:32:18.050 30345 30356 I art     : Explicit concurrent mark sweep GC freed 3(96B) AllocSpace objects, 0(0B) LOS objects, 40% free, 20MB/34MB, paused 117us total 10.736ms
08-06 06:32:18.058 30345 30356 I art     : Starting a blocking GC Explicit
08-06 06:32:18.069 30345 30356 I art     : Explicit concurrent mark sweep GC freed 3(96B) AllocSpace objects, 0(0B) LOS objects, 40% free, 20MB/34MB, paused 116us total 10.715ms
08-06 06:32:18.362 30345 30369 I art     : Starting a blocking GC Explicit
08-06 06:32:18.375 30345 30369 I art     : Explicit concurrent mark sweep GC freed 1332(78KB) AllocSpace objects, 1(20KB) LOS objects, 40% free, 20MB/34MB, paused 130us total 12.653ms
08-06 06:32:18.383 30345 30369 I art     : Starting a blocking GC Explicit
08-06 06:32:18.393 30345 30369 I art     : Explicit concurrent mark sweep GC freed 20(704B) AllocSpace objects, 0(0B) LOS objects, 40% free, 20MB/34MB, paused 111us total 9.910ms
08-06 06:32:18.401 30345 30369 I art     : Starting a blocking GC Explicit
08-06 06:32:18.410 30345 30369 I art     : Explicit concurrent mark sweep GC freed 3(96B) AllocSpace objects, 0(0B) LOS objects, 40% free, 20MB/34MB, paused 98us total 9.230ms
08-06 06:32:18.417 30345 30369 I art     : Starting a blocking GC Explicit
08-06 06:32:18.426 30345 30369 I art     : Explicit concurrent mark sweep GC freed 3(96B) AllocSpace objects, 0(0B) LOS objects, 40% free, 20MB/34MB, paused 98us total 8.744ms
08-06 06:32:18.433 30345 30369 I art     : Starting a blocking GC Explicit
08-06 06:32:18.442 30345 30369 I art     : Explicit concurrent mark sweep GC freed 3(96B) AllocSpace objects, 0(0B) LOS objects, 40% free, 20MB/34MB, paused 104us total 8.759ms
08-06 06:32:18.709 30345 30357 I art     : Starting a blocking GC Explicit
08-06 06:32:18.723 30345 30357 I art     : Explicit concurrent mark sweep GC freed 1332(78KB) AllocSpace objects, 1(20KB) LOS objects, 40% free, 20MB/34MB, paused 177us total 14.327ms
08-06 06:32:18.735 30345 30357 I art     : Starting a blocking GC Explicit
08-06 06:32:18.748 30345 30357 I art     : Explicit concurrent mark sweep GC freed 20(704B) AllocSpace objects, 0(0B) LOS objects, 40% free, 20MB/34MB, paused 126us total 12.271ms
08-06 06:32:18.756 30345 30357 I art     : Starting a blocking GC Explicit
08-06 06:32:18.767 30345 30357 I art     : Explicit concurrent mark sweep GC freed 3(96B) AllocSpace objects, 0(0B) LOS objects, 40% free, 20MB/34MB, paused 208us total 10.761ms
08-06 06:32:18.775 30345 30357 I art     : Starting a blocking GC Explicit
08-06 06:32:18.786 30345 30357 I art     : Explicit concurrent mark sweep GC freed 3(96B) AllocSpace objects, 0(0B) LOS objects, 40% free, 20MB/34MB, paused 130us total 10.889ms
08-06 06:32:18.794 30345 30357 I art     : Starting a blocking GC Explicit
08-06 06:32:18.805 30345 30357 I art     : Explicit concurrent mark sweep GC freed 3(96B) AllocSpace objects, 0(0B) LOS objects, 40% free, 20MB/34MB, paused 133us total 10.478ms
08-06 06:32:19.104 30345 30356 I art     : Starting a blocking GC Explicit
08-06 06:32:19.117 30345 30356 I art     : Explicit concurrent mark sweep GC freed 1332(78KB) AllocSpace objects, 1(20KB) LOS objects, 40% free, 20MB/34MB, paused 134us total 12.615ms
08-06 06:32:19.125 30345 30356 I art     : Starting a blocking GC Explicit
08-06 06:32:19.136 30345 30356 I art     : Explicit concurrent mark sweep GC freed 20(704B) AllocSpace objects, 0(0B) LOS objects, 40% free, 20MB/34MB, paused 114us total 10.747ms
08-06 06:32:19.144 30345 30356 I art     : Starting a blocking GC Explicit
08-06 06:32:19.155 30345 30356 I art     : Explicit concurrent mark sweep GC freed 3(96B) AllocSpace objects, 0(0B) LOS objects, 40% free, 20MB/34MB, paused 119us total 10.415ms
08-06 06:32:19.163 30345 30356 I art     : Starting a blocking GC Explicit
08-06 06:32:19.173 30345 30356 I art     : Explicit concurrent mark sweep GC freed 3(96B) AllocSpace objects, 0(0B) LOS objects, 40% free, 20MB/34MB, paused 107us total 10.149ms
08-06 06:32:19.181 30345 30356 I art     : Starting a blocking GC Explicit
08-06 06:32:19.191 30345 30356 I art     : Explicit concurrent mark sweep GC freed 3(96B) AllocSpace objects, 0(0B) LOS objects, 40% free, 20MB/34MB, paused 104us total 9.596ms
08-06 06:32:19.428 30345 30369 I art     : Starting a blocking GC Explicit
08-06 06:32:19.439 30345 30369 I art     : Explicit concurrent mark sweep GC freed 1332(78KB) AllocSpace objects, 1(20KB) LOS objects, 40% free, 20MB/34MB, paused 129us total 11.162ms
08-06 06:32:19.447 30345 30369 I art     : Starting a blocking GC Explicit
08-06 06:32:19.458 30345 30369 I art     : Explicit concurrent mark sweep GC freed 20(704B) AllocSpace objects, 0(0B) LOS objects, 40% free, 20MB/34MB, paused 123us total 10.780ms
08-06 06:32:19.467 30345 30369 I art     : Starting a blocking GC Explicit
08-06 06:32:19.477 30345 30369 I art     : Explicit concurrent mark sweep GC freed 3(96B) AllocSpace objects, 0(0B) LOS objects, 40% free, 20MB/34MB, paused 114us total 10.220ms
08-06 06:32:19.485 30345 30369 I art     : Starting a blocking GC Explicit
08-06 06:32:19.495 30345 30369 I art     : Explicit concurrent mark sweep GC freed 3(96B) AllocSpace objects, 0(0B) LOS objects, 40% free, 20MB/34MB, paused 112us total 10.156ms
08-06 06:32:19.503 30345 30369 I art     : Starting a blocking GC Explicit
08-06 06:32:19.513 30345 30369 I art     : Explicit concurrent mark sweep GC freed 3(96B) AllocSpace objects, 0(0B) LOS objects, 40% free, 20MB/34MB, paused 113us total 10.045ms
08-06 06:32:19.668 30545 30545 D AndroidRuntime: >>>>>> START com.android.internal.os.RuntimeInit uid 2000 <<<<<<
08-06 06:32:19.673 30545 30545 D AndroidRuntime: CheckJNI is OFF
08-06 06:32:19.698 30545 30545 D ICU     : No timezone override file found: /data/misc/zoneinfo/current/icu/icu_tzdata.dat
08-06 06:32:19.723 30545 30545 I Radio-JNI: register_android_hardware_Radio DONE
08-06 06:32:19.739 30545 30545 D AndroidRuntime: Calling main entry com.android.commands.input.Input
08-06 06:32:19.741 30545 30545 I Input   : injectMotionEvent: MotionEvent { action=ACTION_DOWN, actionButton=0, id[0]=0, x[0]=720.0, y[0]=1440.0, toolType[0]=TOOL_TYPE_UNKNOWN, buttonState=0, metaState=0, flags=0x0, edgeFlags=0x0, pointerCount=1, historySize=0, eventTime=858756154, downTime=858756154, deviceId=0, source=0x1002 }
08-06 06:32:19.747 30545 30545 I Input   : injectMotionEvent: MotionEvent { action=ACTION_UP, actionButton=0, id[0]=0, x[0]=720.0, y[0]=1440.0, toolType[0]=TOOL_TYPE_UNKNOWN, buttonState=0, metaState=0, flags=0x0, edgeFlags=0x0, pointerCount=1, historySize=0, eventTime=858756154, downTime=858756154, deviceId=0, source=0x1002 }
08-06 06:32:19.748 30545 30545 D AndroidRuntime: Shutting down VM
08-06 06:32:19.758   512  2967 D audio_hw_primary: out_set_parameters: enter: usecase(1: low-latency-playback) kvpairs: routing=2
08-06 06:32:19.769 13866 13866 I GoogleInputMethodServic: GoogleInputMethodService.onFinishInput():3138 
08-06 06:32:19.770 13866 13866 I GoogleInputMethodServic: GoogleInputMethodService.onStartInput():1808 
08-06 06:32:19.772   512  2967 D audio_hw_primary: select_devices: out_snd_device(2: speaker) in_snd_device(0: none)
08-06 06:32:19.772   512  2967 D msm8974_platform: platform_send_audio_calibration: sending audio calibration for snd_device(2) acdb_id(15)
08-06 06:32:19.772   512  2967 I soundtrigger: audio_extn_sound_trigger_update_device_status: device 0x2 of type 0 for Event 1
08-06 06:32:19.785   512  2967 D audio_hw_primary: enable_snd_device: snd_device(2: speaker)
08-06 06:32:19.786 30345 30357 I art     : Starting a blocking GC Explicit
08-06 06:32:19.787   512  2967 D audio_hw_primary: enable_audio_route: apply and update mixer path: low-latency-playback speaker
08-06 06:32:19.797 30345 30357 I art     : Explicit concurrent mark sweep GC freed 1447(82KB) AllocSpace objects, 1(20KB) LOS objects, 40% free, 20MB/34MB, paused 119us total 10.472ms
08-06 06:32:19.804 30345 30357 I art     : Starting a blocking GC Explicit
08-06 06:32:19.814 30345 30357 I art     : Explicit concurrent mark sweep GC freed 991(69KB) AllocSpace objects, 1(76KB) LOS objects, 40% free, 20MB/34MB, paused 127us total 9.757ms
08-06 06:32:19.822 30345 30357 I art     : Starting a blocking GC Explicit
08-06 06:32:19.832 30345 30357 I art     : Explicit concurrent mark sweep GC freed 3(96B) AllocSpace objects, 0(0B) LOS objects, 40% free, 20MB/34MB, paused 131us total 10.428ms
08-06 06:32:19.840 30345 30357 I art     : Starting a blocking GC Explicit
08-06 06:32:19.851 30345 30357 I art     : Explicit concurrent mark sweep GC freed 3(96B) AllocSpace objects, 0(0B) LOS objects, 40% free, 20MB/34MB, paused 128us total 10.180ms
08-06 06:32:19.858 30345 30357 I art     : Starting a blocking GC Explicit
08-06 06:32:19.869 30345 30357 I art     : Explicit concurrent mark sweep GC freed 3(96B) AllocSpace objects, 0(0B) LOS objects, 40% free, 20MB/34MB, paused 114us total 9.889ms
08-06 06:32:19.876   918  3188 I hubconnection: sensorhub said: 'set_bias 3: -6.2400, 0.0000, 0.0000'
08-06 06:32:19.952   380   380 W SurfaceFlinger: couldn't log to binary event log: overflow.
08-06 06:32:20.079 30345 30356 I art     : Starting a blocking GC Explicit
08-06 06:32:20.089 30345 30356 I art     : Explicit concurrent mark sweep GC freed 1332(78KB) AllocSpace objects, 1(20KB) LOS objects, 40% free, 20MB/34MB, paused 122us total 9.921ms
08-06 06:32:20.097 30345 30356 I art     : Starting a blocking GC Explicit
08-06 06:32:20.108 30345 30356 I art     : Explicit concurrent mark sweep GC freed 20(704B) AllocSpace objects, 0(0B) LOS objects, 40% free, 20MB/34MB, paused 129us total 10.776ms
08-06 06:32:20.117 30345 30356 I art     : Starting a blocking GC Explicit
08-06 06:32:20.127 30345 30356 I art     : Explicit concurrent mark sweep GC freed 3(96B) AllocSpace objects, 0(0B) LOS objects, 40% free, 20MB/34MB, paused 128us total 10.450ms
08-06 06:32:20.135 30345 30356 I art     : Starting a blocking GC Explicit
08-06 06:32:20.144 30345 30356 I art     : Explicit concurrent mark sweep GC freed 3(96B) AllocSpace objects, 0(0B) LOS objects, 40% free, 20MB/34MB, paused 114us total 9.357ms
08-06 06:32:20.151 30345 30356 I art     : Starting a blocking GC Explicit
08-06 06:32:20.161 30345 30356 I art     : Explicit concurrent mark sweep GC freed 3(96B) AllocSpace objects, 0(0B) LOS objects, 40% free, 20MB/34MB, paused 115us total 9.292ms
08-06 06:32:20.301 30575 30575 D AndroidRuntime: >>>>>> START com.android.internal.os.RuntimeInit uid 2000 <<<<<<
08-06 06:32:20.305 30575 30575 D AndroidRuntime: CheckJNI is OFF
08-06 06:32:20.319   512  2967 D audio_hw_primary: disable_audio_route: reset and update mixer path: low-latency-playback speaker
08-06 06:32:20.320   512  2967 D audio_hw_primary: disable_snd_device: snd_device(2: speaker)
08-06 06:32:20.329   512  2967 I soundtrigger: audio_extn_sound_trigger_update_device_status: device 0x2 of type 0 for Event 0
08-06 06:32:20.330 30575 30575 D ICU     : No timezone override file found: /data/misc/zoneinfo/current/icu/icu_tzdata.dat
08-06 06:32:20.355 30575 30575 I Radio-JNI: register_android_hardware_Radio DONE
08-06 06:32:20.371 30575 30575 D AndroidRuntime: Calling main entry com.android.commands.input.Input
08-06 06:32:20.372 30575 30575 I Input   : injectMotionEvent: MotionEvent { action=ACTION_DOWN, actionButton=0, id[0]=0, x[0]=1345.0, y[0]=165.0, toolType[0]=TOOL_TYPE_UNKNOWN, buttonState=0, metaState=0, flags=0x0, edgeFlags=0x0, pointerCount=1, historySize=0, eventTime=858756785, downTime=858756785, deviceId=0, source=0x1002 }
08-06 06:32:20.377 30575 30575 I Input   : injectMotionEvent: MotionEvent { action=ACTION_UP, actionButton=0, id[0]=0, x[0]=1345.0, y[0]=165.0, toolType[0]=TOOL_TYPE_UNKNOWN, buttonState=0, metaState=0, flags=0x0, edgeFlags=0x0, pointerCount=1, historySize=0, eventTime=858756785, downTime=858756785, deviceId=0, source=0x1002 }
08-06 06:32:20.378 30575 30575 D AndroidRuntime: Shutting down VM
08-06 06:32:20.388   512  2967 D audio_hw_primary: out_set_parameters: enter: usecase(1: low-latency-playback) kvpairs: routing=2
08-06 06:32:20.389 30345 30345 W art     : Before Android 4.1, method int androidx.appcompat.widget.DropDownListView.lookForSelectablePosition(int, boolean) would have incorrectly overridden the package-private method in android.widget.ListView
08-06 06:32:20.392 30345 30345 W art     : Before Android 4.1, method int androidx.appcompat.widget.MenuPopupWindow$MenuDropDownListView.lookForSelectablePosition(int, boolean) would have incorrectly overridden the package-private method in android.widget.ListView
08-06 06:32:20.394 30345 30345 I ListPopupWindow: Could not find method setEpicenterBounds(Rect) on PopupWindow. Oh well.
08-06 06:32:20.396 30345 30357 I art     : Starting a blocking GC Explicit
08-06 06:32:20.401   512  2967 D audio_hw_primary: select_devices: out_snd_device(2: speaker) in_snd_device(0: none)
08-06 06:32:20.402   512  2967 D msm8974_platform: platform_send_audio_calibration: sending audio calibration for snd_device(2) acdb_id(15)
08-06 06:32:20.402   512  2967 I soundtrigger: audio_extn_sound_trigger_update_device_status: device 0x2 of type 0 for Event 1
08-06 06:32:20.408 30345 30357 I art     : Explicit concurrent mark sweep GC freed 1691(153KB) AllocSpace objects, 1(20KB) LOS objects, 40% free, 20MB/34MB, paused 299us total 12.272ms
08-06 06:32:20.413   512  2967 D audio_hw_primary: enable_snd_device: snd_device(2: speaker)
08-06 06:32:20.415   512  2967 D audio_hw_primary: enable_audio_route: apply and update mixer path: low-latency-playback speaker
08-06 06:32:20.416 30345 30357 I art     : Starting a blocking GC Explicit
08-06 06:32:20.427 30345 30357 I art     : Explicit concurrent mark sweep GC freed 329(61KB) AllocSpace objects, 0(0B) LOS objects, 40% free, 20MB/34MB, paused 178us total 10.383ms
08-06 06:32:20.434 30345 30357 I art     : Starting a blocking GC Explicit
08-06 06:32:20.444 30345 30357 I art     : Explicit concurrent mark sweep GC freed 60(2544B) AllocSpace objects, 0(0B) LOS objects, 40% free, 20MB/34MB, paused 131us total 9.900ms
08-06 06:32:20.452 30345 30357 I art     : Starting a blocking GC Explicit
08-06 06:32:20.456   512  2967 D AudioFlinger: mixer(0xf4740000) throttle end: throttle time(12)
08-06 06:32:20.464 30345 30357 I art     : Explicit concurrent mark sweep GC freed 237(12KB) AllocSpace objects, 0(0B) LOS objects, 40% free, 20MB/34MB, paused 135us total 11.181ms
08-06 06:32:20.471 30345 30357 I art     : Starting a blocking GC Explicit
08-06 06:32:20.482 30345 30357 I art     : Explicit concurrent mark sweep GC freed 73(6KB) AllocSpace objects, 0(0B) LOS objects, 40% free, 20MB/34MB, paused 139us total 10.569ms
08-06 06:32:20.724 30345 30369 I art     : Starting a blocking GC Explicit
08-06 06:32:20.735 30345 30369 I art     : Explicit concurrent mark sweep GC freed 2156(117KB) AllocSpace objects, 1(20KB) LOS objects, 40% free, 20MB/34MB, paused 124us total 11.696ms
08-06 06:32:20.744 30345 30369 I art     : Starting a blocking GC Explicit
08-06 06:32:20.755 30345 30369 I art     : Explicit concurrent mark sweep GC freed 292(24KB) AllocSpace objects, 0(0B) LOS objects, 40% free, 20MB/34MB, paused 119us total 10.200ms
08-06 06:32:20.763 30345 30369 I art     : Starting a blocking GC Explicit
08-06 06:32:20.773 30345 30369 I art     : Explicit concurrent mark sweep GC freed 3(96B) AllocSpace objects, 0(0B) LOS objects, 40% free, 20MB/34MB, paused 141us total 9.899ms
08-06 06:32:20.781 30345 30369 I art     : Starting a blocking GC Explicit
08-06 06:32:20.791 30345 30369 I art     : Explicit concurrent mark sweep GC freed 9(288B) AllocSpace objects, 0(0B) LOS objects, 40% free, 20MB/34MB, paused 115us total 9.769ms
08-06 06:32:20.799 30345 30369 I art     : Starting a blocking GC Explicit
08-06 06:32:20.809 30345 30369 I art     : Explicit concurrent mark sweep GC freed 3(96B) AllocSpace objects, 0(0B) LOS objects, 40% free, 20MB/34MB, paused 123us total 9.818ms
08-06 06:32:20.934 30608 30608 D AndroidRuntime: >>>>>> START com.android.internal.os.RuntimeInit uid 2000 <<<<<<
08-06 06:32:20.938 30608 30608 D AndroidRuntime: CheckJNI is OFF
08-06 06:32:20.948   512  2967 D audio_hw_primary: disable_audio_route: reset and update mixer path: low-latency-playback speaker
08-06 06:32:20.950   512  2967 D audio_hw_primary: disable_snd_device: snd_device(2: speaker)
08-06 06:32:20.958   512  2967 I soundtrigger: audio_extn_sound_trigger_update_device_status: device 0x2 of type 0 for Event 0
08-06 06:32:20.962 30608 30608 D ICU     : No timezone override file found: /data/misc/zoneinfo/current/icu/icu_tzdata.dat
08-06 06:32:20.985 30608 30608 I Radio-JNI: register_android_hardware_Radio DONE
08-06 06:32:21.001 30608 30608 D AndroidRuntime: Calling main entry com.android.commands.input.Input
08-06 06:32:21.002 30608 30608 I Input   : injectMotionEvent: MotionEvent { action=ACTION_DOWN, actionButton=0, id[0]=0, x[0]=940.0, y[0]=501.0, toolType[0]=TOOL_TYPE_UNKNOWN, buttonState=0, metaState=0, flags=0x0, edgeFlags=0x0, pointerCount=1, historySize=0, eventTime=858757415, downTime=858757415, deviceId=0, source=0x1002 }
08-06 06:32:21.008 30608 30608 I Input   : injectMotionEvent: MotionEvent { action=ACTION_UP, actionButton=0, id[0]=0, x[0]=940.0, y[0]=501.0, toolType[0]=TOOL_TYPE_UNKNOWN, buttonState=0, metaState=0, flags=0x0, edgeFlags=0x0, pointerCount=1, historySize=0, eventTime=858757415, downTime=858757415, deviceId=0, source=0x1002 }
08-06 06:32:21.010 30608 30608 D AndroidRuntime: Shutting down VM
08-06 06:32:21.052 30345 30357 I art     : Starting a blocking GC Explicit
08-06 06:32:21.062 30345 30357 I art     : Explicit concurrent mark sweep GC freed 1350(78KB) AllocSpace objects, 1(20KB) LOS objects, 40% free, 20MB/34MB, paused 121us total 10.262ms
08-06 06:32:21.071 30345 30357 I art     : Starting a blocking GC Explicit
08-06 06:32:21.077   512  2967 D audio_hw_primary: out_set_parameters: enter: usecase(1: low-latency-playback) kvpairs: routing=2
08-06 06:32:21.080   918   929 I ActivityManager: START u0 {cmp=baseline.org.quantumbadger.redreader/.settings.SettingsActivity} from uid 10705 on display 0
08-06 06:32:21.082 30345 30357 I art     : Explicit concurrent mark sweep GC freed 45(8KB) AllocSpace objects, 0(0B) LOS objects, 40% free, 20MB/34MB, paused 147us total 11.235ms
08-06 06:32:21.090   512  2967 D audio_hw_primary: select_devices: out_snd_device(2: speaker) in_snd_device(0: none)
08-06 06:32:21.090   512  2967 D msm8974_platform: platform_send_audio_calibration: sending audio calibration for snd_device(2) acdb_id(15)
08-06 06:32:21.090 30345 30357 I art     : Starting a blocking GC Explicit
08-06 06:32:21.090   512  2967 I soundtrigger: audio_extn_sound_trigger_update_device_status: device 0x2 of type 0 for Event 1
08-06 06:32:21.095 13866 13866 I GoogleInputMethodServic: GoogleInputMethodService.onFinishInput():3138 
08-06 06:32:21.096 13866 13866 I GoogleInputMethodServic: GoogleInputMethodService.onStartInput():1808 
08-06 06:32:21.102   512  2967 D audio_hw_primary: enable_snd_device: snd_device(2: speaker)
08-06 06:32:21.102 30345 30357 I art     : Explicit concurrent mark sweep GC freed 367(25KB) AllocSpace objects, 0(0B) LOS objects, 40% free, 20MB/34MB, paused 151us total 12.117ms
08-06 06:32:21.104   512  2967 D audio_hw_primary: enable_audio_route: apply and update mixer path: low-latency-playback speaker
08-06 06:32:21.111 30345 30357 I art     : Starting a blocking GC Explicit
08-06 06:32:21.129 30345 30357 I art     : Explicit concurrent mark sweep GC freed 281(48KB) AllocSpace objects, 0(0B) LOS objects, 40% free, 21MB/35MB, paused 292us total 17.948ms
08-06 06:32:21.138 30345 30357 I art     : Starting a blocking GC Explicit
08-06 06:32:21.147   512  2967 D AudioFlinger: mixer(0xf4740000) throttle end: throttle time(12)
08-06 06:32:21.149 30345 30357 I art     : Explicit concurrent mark sweep GC freed 484(85KB) AllocSpace objects, 0(0B) LOS objects, 40% free, 21MB/35MB, paused 353us total 11.747ms
08-06 06:32:21.230 13866 13866 I GoogleInputMethodServic: GoogleInputMethodService.onFinishInput():3138 
08-06 06:32:21.230   918   936 I ActivityManager: Displayed baseline.org.quantumbadger.redreader/.settings.SettingsActivity: +133ms
08-06 06:32:21.237 13866 13866 I GoogleInputMethodServic: GoogleInputMethodService.onStartInput():1808 
08-06 06:32:21.260 30345 30364 D OpenGLRenderer: endAllStagingAnimators on 0x7f94bb8c00 (MenuPopupWindow$MenuDropDownListView) with handle 0x7f804e0d60
08-06 06:32:21.375 30345 30356 I art     : Starting a blocking GC Explicit
08-06 06:32:21.389 30345 30356 I art     : Explicit concurrent mark sweep GC freed 2048(112KB) AllocSpace objects, 1(20KB) LOS objects, 40% free, 21MB/35MB, paused 148us total 13.519ms
08-06 06:32:21.400 30345 30356 I art     : Starting a blocking GC Explicit
08-06 06:32:21.415 30345 30356 I art     : Explicit concurrent mark sweep GC freed 225(9KB) AllocSpace objects, 0(0B) LOS objects, 40% free, 21MB/35MB, paused 143us total 15.318ms
08-06 06:32:21.426 30345 30356 I art     : Starting a blocking GC Explicit
08-06 06:32:21.439 30345 30356 I art     : Explicit concurrent mark sweep GC freed 25(1056B) AllocSpace objects, 0(0B) LOS objects, 40% free, 21MB/35MB, paused 181us total 13.360ms
08-06 06:32:21.448 30345 30356 I art     : Starting a blocking GC Explicit
08-06 06:32:21.455   380   380 W SurfaceFlinger: couldn't log to binary event log: overflow.
08-06 06:32:21.461 30345 30356 I art     : Explicit concurrent mark sweep GC freed 3(96B) AllocSpace objects, 0(0B) LOS objects, 40% free, 21MB/35MB, paused 153us total 13.190ms
08-06 06:32:21.470 30345 30356 I art     : Starting a blocking GC Explicit
08-06 06:32:21.481 30345 30356 I art     : Explicit concurrent mark sweep GC freed 3(96B) AllocSpace objects, 0(0B) LOS objects, 40% free, 21MB/35MB, paused 114us total 10.657ms
08-06 06:32:21.557 30639 30639 D AndroidRuntime: >>>>>> START com.android.internal.os.RuntimeInit uid 2000 <<<<<<
08-06 06:32:21.561 30639 30639 D AndroidRuntime: CheckJNI is OFF
08-06 06:32:21.590 30639 30639 D ICU     : No timezone override file found: /data/misc/zoneinfo/current/icu/icu_tzdata.dat
08-06 06:32:21.614 30639 30639 I Radio-JNI: register_android_hardware_Radio DONE
08-06 06:32:21.630 30639 30639 D AndroidRuntime: Calling main entry com.android.commands.input.Input
08-06 06:32:21.631 30639 30639 I Input   : injectMotionEvent: MotionEvent { action=ACTION_DOWN, actionButton=0, id[0]=0, x[0]=216.0, y[0]=853.0, toolType[0]=TOOL_TYPE_UNKNOWN, buttonState=0, metaState=0, flags=0x0, edgeFlags=0x0, pointerCount=1, historySize=0, eventTime=858758044, downTime=858758044, deviceId=0, source=0x1002 }
08-06 06:32:21.635 30639 30639 I Input   : injectMotionEvent: MotionEvent { action=ACTION_UP, actionButton=0, id[0]=0, x[0]=216.0, y[0]=853.0, toolType[0]=TOOL_TYPE_UNKNOWN, buttonState=0, metaState=0, flags=0x0, edgeFlags=0x0, pointerCount=1, historySize=0, eventTime=858758044, downTime=858758044, deviceId=0, source=0x1002 }
08-06 06:32:21.639 30639 30639 D AndroidRuntime: Shutting down VM
08-06 06:32:21.640   512  2967 D audio_hw_primary: disable_audio_route: reset and update mixer path: low-latency-playback speaker
08-06 06:32:21.642   512  2967 D audio_hw_primary: disable_snd_device: snd_device(2: speaker)
08-06 06:32:21.651   512  2967 I soundtrigger: audio_extn_sound_trigger_update_device_status: device 0x2 of type 0 for Event 0
08-06 06:32:21.704   918  5481 I ActivityManager: START u0 {act=android.intent.action.MAIN cmp=baseline.org.quantumbadger.redreader/.settings.SettingsActivity (has extras)} from uid 10705 on display 0
08-06 06:32:21.704   512  2967 D audio_hw_primary: out_set_parameters: enter: usecase(1: low-latency-playback) kvpairs: routing=2
08-06 06:32:21.717   512  2967 D audio_hw_primary: select_devices: out_snd_device(2: speaker) in_snd_device(0: none)
08-06 06:32:21.717   512  2967 D msm8974_platform: platform_send_audio_calibration: sending audio calibration for snd_device(2) acdb_id(15)
08-06 06:32:21.717   512  2967 I soundtrigger: audio_extn_sound_trigger_update_device_status: device 0x2 of type 0 for Event 1
08-06 06:32:21.717 30345 30369 I art     : Starting a blocking GC Explicit
08-06 06:32:21.729   512  2967 D audio_hw_primary: enable_snd_device: snd_device(2: speaker)
08-06 06:32:21.731   512  2967 D audio_hw_primary: enable_audio_route: apply and update mixer path: low-latency-playback speaker
08-06 06:32:21.731 30345 30369 I art     : Explicit concurrent mark sweep GC freed 2110(143KB) AllocSpace objects, 1(20KB) LOS objects, 39% free, 21MB/35MB, paused 569us total 13.475ms
08-06 06:32:21.739 30345 30369 I art     : Starting a blocking GC Explicit
08-06 06:32:21.763 30345 30369 I art     : Explicit concurrent mark sweep GC freed 390(61KB) AllocSpace objects, 1(20KB) LOS objects, 40% free, 21MB/35MB, paused 488us total 23.545ms
08-06 06:32:21.771 30345 30369 I art     : Starting a blocking GC Explicit
08-06 06:32:21.772   512  2967 D AudioFlinger: mixer(0xf4740000) throttle end: throttle time(12)
08-06 06:32:21.785 30345 30369 I art     : Explicit concurrent mark sweep GC freed 420(24KB) AllocSpace objects, 0(0B) LOS objects, 40% free, 21MB/35MB, paused 150us total 13.436ms
08-06 06:32:21.793 30345 30369 I art     : Starting a blocking GC Explicit
08-06 06:32:21.805 30345 30369 I art     : Explicit concurrent mark sweep GC freed 57(2640B) AllocSpace objects, 0(0B) LOS objects, 40% free, 21MB/35MB, paused 124us total 12.174ms
08-06 06:32:21.813 30345 30369 I art     : Starting a blocking GC Explicit
08-06 06:32:21.829 30345 30369 I art     : Explicit concurrent mark sweep GC freed 750(59KB) AllocSpace objects, 0(0B) LOS objects, 40% free, 21MB/36MB, paused 460us total 15.245ms
08-06 06:32:22.001   918   936 I ActivityManager: Displayed baseline.org.quantumbadger.redreader/.settings.SettingsActivity: +288ms
08-06 06:32:22.001 13866 13866 I GoogleInputMethodServic: GoogleInputMethodService.onFinishInput():3138 
08-06 06:32:22.002 13866 13866 I GoogleInputMethodServic: GoogleInputMethodService.onStartInput():1808 
08-06 06:32:22.025 30345 30364 D OpenGLRenderer: endAllStagingAnimators on 0x7f806ba000 (ListView) with handle 0x7f804e0320
08-06 06:32:22.067 30345 30357 I art     : Starting a blocking GC Explicit
08-06 06:32:22.087 30345 30357 I art     : Explicit concurrent mark sweep GC freed 78172(3MB) AllocSpace objects, 1(20KB) LOS objects, 40% free, 22MB/37MB, paused 139us total 19.460ms
08-06 06:32:22.096 30345 30357 I art     : Starting a blocking GC Explicit
08-06 06:32:22.111 30345 30357 I art     : Explicit concurrent mark sweep GC freed 2592(228KB) AllocSpace objects, 0(0B) LOS objects, 40% free, 22MB/36MB, paused 135us total 15.032ms
08-06 06:32:22.120 30345 30357 I art     : Starting a blocking GC Explicit
08-06 06:32:22.134 30345 30357 I art     : Explicit concurrent mark sweep GC freed 3(96B) AllocSpace objects, 0(0B) LOS objects, 40% free, 22MB/36MB, paused 145us total 14.295ms
08-06 06:32:22.144 30345 30357 I art     : Starting a blocking GC Explicit
08-06 06:32:22.159 30345 30357 I art     : Explicit concurrent mark sweep GC freed 3(96B) AllocSpace objects, 0(0B) LOS objects, 40% free, 22MB/36MB, paused 151us total 15.750ms
08-06 06:32:22.168 30345 30357 I art     : Starting a blocking GC Explicit
08-06 06:32:22.180 30670 30670 D AndroidRuntime: >>>>>> START com.android.internal.os.RuntimeInit uid 2000 <<<<<<
08-06 06:32:22.183 30345 30357 I art     : Explicit concurrent mark sweep GC freed 59(2448B) AllocSpace objects, 0(0B) LOS objects, 40% free, 22MB/36MB, paused 145us total 14.708ms
08-06 06:32:22.184 30670 30670 D AndroidRuntime: CheckJNI is OFF
08-06 06:32:22.210 30670 30670 D ICU     : No timezone override file found: /data/misc/zoneinfo/current/icu/icu_tzdata.dat
08-06 06:32:22.237 30670 30670 I Radio-JNI: register_android_hardware_Radio DONE
08-06 06:32:22.254 30670 30670 D AndroidRuntime: Calling main entry com.android.commands.input.Input
08-06 06:32:22.255   380   380 W SurfaceFlinger: couldn't log to binary event log: overflow.
08-06 06:32:22.257 30670 30670 I Input   : injectMotionEvent: MotionEvent { action=ACTION_DOWN, actionButton=0, id[0]=0, x[0]=1318.0, y[0]=1194.0, toolType[0]=TOOL_TYPE_UNKNOWN, buttonState=0, metaState=0, flags=0x0, edgeFlags=0x0, pointerCount=1, historySize=0, eventTime=858758669, downTime=858758669, deviceId=0, source=0x1002 }
08-06 06:32:22.263 30670 30670 I Input   : injectMotionEvent: MotionEvent { action=ACTION_UP, actionButton=0, id[0]=0, x[0]=1318.0, y[0]=1194.0, toolType[0]=TOOL_TYPE_UNKNOWN, buttonState=0, metaState=0, flags=0x0, edgeFlags=0x0, pointerCount=1, historySize=0, eventTime=858758669, downTime=858758669, deviceId=0, source=0x1002 }
08-06 06:32:22.265 30670 30670 D AndroidRuntime: Shutting down VM
08-06 06:32:22.272   512  2967 D audio_hw_primary: disable_audio_route: reset and update mixer path: low-latency-playback speaker
08-06 06:32:22.275   512  2967 D audio_hw_primary: disable_snd_device: snd_device(2: speaker)
08-06 06:32:22.284   512  2967 I soundtrigger: audio_extn_sound_trigger_update_device_status: device 0x2 of type 0 for Event 0
08-06 06:32:22.331   512  2967 D audio_hw_primary: out_set_parameters: enter: usecase(1: low-latency-playback) kvpairs: routing=2
08-06 06:32:22.344   512  2967 D audio_hw_primary: select_devices: out_snd_device(2: speaker) in_snd_device(0: none)
08-06 06:32:22.344   512  2967 D msm8974_platform: platform_send_audio_calibration: sending audio calibration for snd_device(2) acdb_id(15)
08-06 06:32:22.344   512  2967 I soundtrigger: audio_extn_sound_trigger_update_device_status: device 0x2 of type 0 for Event 1
08-06 06:32:22.357   512  2967 D audio_hw_primary: enable_snd_device: snd_device(2: speaker)
08-06 06:32:22.359   512  2967 D audio_hw_primary: enable_audio_route: apply and update mixer path: low-latency-playback speaker
08-06 06:32:22.402   512  2967 D AudioFlinger: mixer(0xf4740000) throttle end: throttle time(12)
08-06 06:32:22.440 30345 30357 I art     : Starting a blocking GC Explicit
08-06 06:32:22.458 30345 30357 I art     : Explicit concurrent mark sweep GC freed 2038(124KB) AllocSpace objects, 2(40KB) LOS objects, 40% free, 22MB/36MB, paused 154us total 18.278ms
08-06 06:32:22.468 30345 30357 I art     : Starting a blocking GC Explicit
08-06 06:32:22.484 30345 30357 I art     : Explicit concurrent mark sweep GC freed 62(2368B) AllocSpace objects, 0(0B) LOS objects, 40% free, 22MB/36MB, paused 138us total 16.190ms
08-06 06:32:22.493 30345 30357 I art     : Starting a blocking GC Explicit
08-06 06:32:22.507 30345 30357 I art     : Explicit concurrent mark sweep GC freed 32(1376B) AllocSpace objects, 0(0B) LOS objects, 40% free, 22MB/36MB, paused 135us total 14.407ms
08-06 06:32:22.516 30345 30357 I art     : Starting a blocking GC Explicit
08-06 06:32:22.531 30345 30357 I art     : Explicit concurrent mark sweep GC freed 39(1648B) AllocSpace objects, 0(0B) LOS objects, 40% free, 22MB/36MB, paused 156us total 14.254ms
08-06 06:32:22.539 30345 30357 I art     : Starting a blocking GC Explicit
08-06 06:32:22.554 30345 30357 I art     : Explicit concurrent mark sweep GC freed 33(1488B) AllocSpace objects, 0(0B) LOS objects, 40% free, 22MB/36MB, paused 144us total 14.061ms
08-06 06:32:22.788 30345 30369 I art     : Starting a blocking GC Explicit
08-06 06:32:22.802 30701 30701 D AndroidRuntime: >>>>>> START com.android.internal.os.RuntimeInit uid 2000 <<<<<<
08-06 06:32:22.806 30701 30701 D AndroidRuntime: CheckJNI is OFF
08-06 06:32:22.816 30345 30369 I art     : Explicit concurrent mark sweep GC freed 1436(82KB) AllocSpace objects, 1(20KB) LOS objects, 40% free, 22MB/36MB, paused 360us total 28.566ms
08-06 06:32:22.825 30345 30369 I art     : Starting a blocking GC Explicit
08-06 06:32:22.834 30701 30701 D ICU     : No timezone override file found: /data/misc/zoneinfo/current/icu/icu_tzdata.dat
08-06 06:32:22.840 30345 30369 I art     : Explicit concurrent mark sweep GC freed 70(2400B) AllocSpace objects, 0(0B) LOS objects, 40% free, 22MB/36MB, paused 157us total 15.251ms
08-06 06:32:22.849 30345 30369 I art     : Starting a blocking GC Explicit
08-06 06:32:22.859 30701 30701 I Radio-JNI: register_android_hardware_Radio DONE
08-06 06:32:22.863 30345 30369 I art     : Explicit concurrent mark sweep GC freed 14(496B) AllocSpace objects, 0(0B) LOS objects, 40% free, 22MB/36MB, paused 141us total 13.547ms
08-06 06:32:22.871 30345 30369 I art     : Starting a blocking GC Explicit
08-06 06:32:22.875 30701 30701 D AndroidRuntime: Calling main entry com.android.commands.input.Input
08-06 06:32:22.876 30701 30701 I Input   : injectMotionEvent: MotionEvent { action=ACTION_DOWN, actionButton=0, id[0]=0, x[0]=1309.0, y[0]=1701.0, toolType[0]=TOOL_TYPE_UNKNOWN, buttonState=0, metaState=0, flags=0x0, edgeFlags=0x0, pointerCount=1, historySize=0, eventTime=858759289, downTime=858759289, deviceId=0, source=0x1002 }
08-06 06:32:22.880 30701 30701 I Input   : injectMotionEvent: MotionEvent { action=ACTION_UP, actionButton=0, id[0]=0, x[0]=1309.0, y[0]=1701.0, toolType[0]=TOOL_TYPE_UNKNOWN, buttonState=0, metaState=0, flags=0x0, edgeFlags=0x0, pointerCount=1, historySize=0, eventTime=858759289, downTime=858759289, deviceId=0, source=0x1002 }
08-06 06:32:22.883 30701 30701 D AndroidRuntime: Shutting down VM
08-06 06:32:22.886 30345 30369 I art     : Explicit concurrent mark sweep GC freed 58(2384B) AllocSpace objects, 0(0B) LOS objects, 40% free, 22MB/36MB, paused 133us total 14.164ms
08-06 06:32:22.889   512  2967 D audio_hw_primary: disable_audio_route: reset and update mixer path: low-latency-playback speaker
08-06 06:32:22.890   512  2967 D audio_hw_primary: disable_snd_device: snd_device(2: speaker)
08-06 06:32:22.894 30345 30369 I art     : Starting a blocking GC Explicit
08-06 06:32:22.897   512  2967 I soundtrigger: audio_extn_sound_trigger_update_device_status: device 0x2 of type 0 for Event 0
08-06 06:32:22.908 30345 30369 I art     : Explicit concurrent mark sweep GC freed 35(1600B) AllocSpace objects, 0(0B) LOS objects, 40% free, 22MB/36MB, paused 114us total 13.364ms
08-06 06:32:22.949   512  2967 D audio_hw_primary: out_set_parameters: enter: usecase(1: low-latency-playback) kvpairs: routing=2
08-06 06:32:22.962   512  2967 D audio_hw_primary: select_devices: out_snd_device(2: speaker) in_snd_device(0: none)
08-06 06:32:22.962   512  2967 D msm8974_platform: platform_send_audio_calibration: sending audio calibration for snd_device(2) acdb_id(15)
08-06 06:32:22.963   512  2967 I soundtrigger: audio_extn_sound_trigger_update_device_status: device 0x2 of type 0 for Event 1
08-06 06:32:22.973   512  2967 D audio_hw_primary: enable_snd_device: snd_device(2: speaker)
08-06 06:32:22.975   512  2967 D audio_hw_primary: enable_audio_route: apply and update mixer path: low-latency-playback speaker
08-06 06:32:23.014   512  2967 D AudioFlinger: mixer(0xf4740000) throttle end: throttle time(12)
08-06 06:32:23.175 30345 30356 I art     : Starting a blocking GC Explicit
08-06 06:32:23.191 30345 30356 I art     : Explicit concurrent mark sweep GC freed 2118(128KB) AllocSpace objects, 2(40KB) LOS objects, 40% free, 22MB/37MB, paused 138us total 15.790ms
08-06 06:32:23.200 30345 30356 I art     : Starting a blocking GC Explicit
08-06 06:32:23.215 30345 30356 I art     : Explicit concurrent mark sweep GC freed 73(2704B) AllocSpace objects, 0(0B) LOS objects, 40% free, 22MB/37MB, paused 130us total 15.043ms
08-06 06:32:23.225 30345 30356 I art     : Starting a blocking GC Explicit
08-06 06:32:23.240 30345 30356 I art     : Explicit concurrent mark sweep GC freed 12(432B) AllocSpace objects, 0(0B) LOS objects, 40% free, 22MB/37MB, paused 247us total 15.384ms
08-06 06:32:23.249 30345 30356 I art     : Starting a blocking GC Explicit
08-06 06:32:23.263 30345 30356 I art     : Explicit concurrent mark sweep GC freed 16(608B) AllocSpace objects, 0(0B) LOS objects, 40% free, 22MB/37MB, paused 124us total 13.841ms
08-06 06:32:23.272 30345 30356 I art     : Starting a blocking GC Explicit
08-06 06:32:23.287 30345 30356 I art     : Explicit concurrent mark sweep GC freed 18(624B) AllocSpace objects, 0(0B) LOS objects, 40% free, 22MB/37MB, paused 147us total 14.447ms
08-06 06:32:23.435 30732 30732 D AndroidRuntime: >>>>>> START com.android.internal.os.RuntimeInit uid 2000 <<<<<<
08-06 06:32:23.439 30732 30732 D AndroidRuntime: CheckJNI is OFF
08-06 06:32:23.464 30732 30732 D ICU     : No timezone override file found: /data/misc/zoneinfo/current/icu/icu_tzdata.dat
08-06 06:32:23.488 30732 30732 I Radio-JNI: register_android_hardware_Radio DONE
08-06 06:32:23.503 30732 30732 D AndroidRuntime: Calling main entry com.android.commands.input.Input
08-06 06:32:23.504 30732 30732 I Input   : injectMotionEvent: MotionEvent { action=ACTION_DOWN, actionButton=0, id[0]=0, x[0]=477.0, y[0]=805.0, toolType[0]=TOOL_TYPE_UNKNOWN, buttonState=0, metaState=0, flags=0x0, edgeFlags=0x0, pointerCount=1, historySize=0, eventTime=858759917, downTime=858759917, deviceId=0, source=0x1002 }
08-06 06:32:23.509   512  2967 D audio_hw_primary: disable_audio_route: reset and update mixer path: low-latency-playback speaker
08-06 06:32:23.509   512  2967 D audio_hw_primary: disable_snd_device: snd_device(2: speaker)
08-06 06:32:23.511 30732 30732 I Input   : injectMotionEvent: MotionEvent { action=ACTION_UP, actionButton=0, id[0]=0, x[0]=477.0, y[0]=805.0, toolType[0]=TOOL_TYPE_UNKNOWN, buttonState=0, metaState=0, flags=0x0, edgeFlags=0x0, pointerCount=1, historySize=0, eventTime=858759917, downTime=858759917, deviceId=0, source=0x1002 }
08-06 06:32:23.516 30732 30732 D AndroidRuntime: Shutting down VM
08-06 06:32:23.519   512  2967 I soundtrigger: audio_extn_sound_trigger_update_device_status: device 0x2 of type 0 for Event 0
08-06 06:32:23.541 30345 30356 I art     : Starting a blocking GC Explicit
08-06 06:32:23.555 30345 30356 I art     : Explicit concurrent mark sweep GC freed 1514(85KB) AllocSpace objects, 1(20KB) LOS objects, 40% free, 22MB/37MB, paused 130us total 14.570ms
08-06 06:32:23.564 30345 30356 I art     : Starting a blocking GC Explicit
08-06 06:32:23.579 30345 30356 I art     : Explicit concurrent mark sweep GC freed 71(2336B) AllocSpace objects, 0(0B) LOS objects, 40% free, 22MB/37MB, paused 127us total 15.236ms
08-06 06:32:23.589 30345 30356 I art     : Starting a blocking GC Explicit
08-06 06:32:23.593   512  2967 D audio_hw_primary: out_set_parameters: enter: usecase(1: low-latency-playback) kvpairs: routing=2
08-06 06:32:23.606 30345 30356 I art     : Explicit concurrent mark sweep GC freed 163(19KB) AllocSpace objects, 0(0B) LOS objects, 40% free, 22MB/37MB, paused 295us total 16.999ms
08-06 06:32:23.606   512  2967 D audio_hw_primary: select_devices: out_snd_device(2: speaker) in_snd_device(0: none)
08-06 06:32:23.606   512  2967 D msm8974_platform: platform_send_audio_calibration: sending audio calibration for snd_device(2) acdb_id(15)
08-06 06:32:23.606   512  2967 I soundtrigger: audio_extn_sound_trigger_update_device_status: device 0x2 of type 0 for Event 1
08-06 06:32:23.616 30345 30356 I art     : Starting a blocking GC Explicit
08-06 06:32:23.617   512  2967 D audio_hw_primary: enable_snd_device: snd_device(2: speaker)
08-06 06:32:23.619   512  2967 D audio_hw_primary: enable_audio_route: apply and update mixer path: low-latency-playback speaker
08-06 06:32:23.625   518   646 I ThermalEngine: ACTION: GPU - Setting GPU[0] to 510000000
08-06 06:32:23.634 30345 30356 I art     : Explicit concurrent mark sweep GC freed 649(73KB) AllocSpace objects, 0(0B) LOS objects, 40% free, 22MB/37MB, paused 223us total 17.795ms
08-06 06:32:23.645 30345 30356 I art     : Starting a blocking GC Explicit
08-06 06:32:23.663 30345 30356 I art     : Explicit concurrent mark sweep GC freed 88(20KB) AllocSpace objects, 0(0B) LOS objects, 40% free, 22MB/37MB, paused 169us total 17.502ms
08-06 06:32:23.668   512  2967 D AudioFlinger: mixer(0xf4740000) throttle end: throttle time(12)
08-06 06:32:23.930 30345 30369 I art     : Starting a blocking GC Explicit
08-06 06:32:23.951 30345 30369 I art     : Explicit concurrent mark sweep GC freed 1930(102KB) AllocSpace objects, 1(20KB) LOS objects, 40% free, 22MB/37MB, paused 156us total 20.299ms
08-06 06:32:23.963 30345 30369 I art     : Starting a blocking GC Explicit
08-06 06:32:23.983 30345 30369 I art     : Explicit concurrent mark sweep GC freed 100(4KB) AllocSpace objects, 0(0B) LOS objects, 40% free, 22MB/37MB, paused 159us total 19.367ms
08-06 06:32:23.995 30345 30369 I art     : Starting a blocking GC Explicit
08-06 06:32:24.014 30345 30369 I art     : Explicit concurrent mark sweep GC freed 5(192B) AllocSpace objects, 0(0B) LOS objects, 40% free, 22MB/37MB, paused 166us total 19.607ms
08-06 06:32:24.026 30345 30369 I art     : Starting a blocking GC Explicit
08-06 06:32:24.046 30345 30369 I art     : Explicit concurrent mark sweep GC freed 5(160B) AllocSpace objects, 0(0B) LOS objects, 40% free, 22MB/37MB, paused 149us total 19.206ms
08-06 06:32:24.057 30345 30369 I art     : Starting a blocking GC Explicit
08-06 06:32:24.077 30345 30369 I art     : Explicit concurrent mark sweep GC freed 3(96B) AllocSpace objects, 0(0B) LOS objects, 40% free, 22MB/37MB, paused 151us total 19.451ms
08-06 06:32:24.153 30757 30757 D AndroidRuntime: >>>>>> START com.android.internal.os.RuntimeInit uid 2000 <<<<<<
08-06 06:32:24.158 30757 30757 D AndroidRuntime: CheckJNI is OFF
08-06 06:32:24.169   512  2967 D audio_hw_primary: disable_audio_route: reset and update mixer path: low-latency-playback speaker
08-06 06:32:24.170   512  2967 D audio_hw_primary: disable_snd_device: snd_device(2: speaker)
08-06 06:32:24.179   512  2967 I soundtrigger: audio_extn_sound_trigger_update_device_status: device 0x2 of type 0 for Event 0
08-06 06:32:24.190 30757 30757 D ICU     : No timezone override file found: /data/misc/zoneinfo/current/icu/icu_tzdata.dat
08-06 06:32:24.224 30757 30757 I Radio-JNI: register_android_hardware_Radio DONE
08-06 06:32:24.245 30757 30757 D AndroidRuntime: Calling main entry com.android.commands.input.Input
08-06 06:32:24.247 30757 30757 I Input   : injectMotionEvent: MotionEvent { action=ACTION_DOWN, actionButton=0, id[0]=0, x[0]=463.0, y[0]=464.0, toolType[0]=TOOL_TYPE_UNKNOWN, buttonState=0, metaState=0, flags=0x0, edgeFlags=0x0, pointerCount=1, historySize=0, eventTime=858760660, downTime=858760660, deviceId=0, source=0x1002 }
08-06 06:32:24.252 30757 30757 I Input   : injectMotionEvent: MotionEvent { action=ACTION_UP, actionButton=0, id[0]=0, x[0]=463.0, y[0]=464.0, toolType[0]=TOOL_TYPE_UNKNOWN, buttonState=0, metaState=0, flags=0x0, edgeFlags=0x0, pointerCount=1, historySize=0, eventTime=858760660, downTime=858760660, deviceId=0, source=0x1002 }
08-06 06:32:24.254 30757 30757 D AndroidRuntime: Shutting down VM
08-06 06:32:24.321   512  2967 D audio_hw_primary: out_set_parameters: enter: usecase(1: low-latency-playback) kvpairs: routing=2
08-06 06:32:24.333   918  3359 W InputMethodManagerService: Window already focused, ignoring focus gain of: com.android.internal.view.IInputMethodClient$Stub$Proxy@c02a1ce attribute=null, token = android.os.BinderProxy@12f052a
08-06 06:32:24.335   512  2967 D audio_hw_primary: select_devices: out_snd_device(2: speaker) in_snd_device(0: none)
08-06 06:32:24.335   512  2967 D msm8974_platform: platform_send_audio_calibration: sending audio calibration for snd_device(2) acdb_id(15)
08-06 06:32:24.336   512  2967 I soundtrigger: audio_extn_sound_trigger_update_device_status: device 0x2 of type 0 for Event 1
08-06 06:32:24.339 30345 30356 I art     : Starting a blocking GC Explicit
08-06 06:32:24.352   512  2967 D audio_hw_primary: enable_snd_device: snd_device(2: speaker)
08-06 06:32:24.354   512  2967 D audio_hw_primary: enable_audio_route: apply and update mixer path: low-latency-playback speaker
08-06 06:32:24.360 30345 30356 I art     : Explicit concurrent mark sweep GC freed 1651(104KB) AllocSpace objects, 2(40KB) LOS objects, 40% free, 22MB/37MB, paused 181us total 20.365ms
08-06 06:32:24.371 30345 30356 I art     : Starting a blocking GC Explicit
08-06 06:32:24.390 30345 30356 I art     : Explicit concurrent mark sweep GC freed 134(6KB) AllocSpace objects, 0(0B) LOS objects, 40% free, 22MB/37MB, paused 177us total 19.300ms
08-06 06:32:24.395   512  2967 D AudioFlinger: mixer(0xf4740000) throttle end: throttle time(12)
08-06 06:32:24.401 30345 30356 I art     : Starting a blocking GC Explicit
08-06 06:32:24.420 30345 30356 I art     : Explicit concurrent mark sweep GC freed 8(272B) AllocSpace objects, 0(0B) LOS objects, 40% free, 22MB/37MB, paused 161us total 18.231ms
08-06 06:32:24.432 30345 30356 I art     : Starting a blocking GC Explicit
08-06 06:32:24.452 30345 30356 I art     : Explicit concurrent mark sweep GC freed 6(256B) AllocSpace objects, 0(0B) LOS objects, 40% free, 22MB/37MB, paused 162us total 20.545ms
08-06 06:32:24.465 30345 30356 I art     : Starting a blocking GC Explicit
08-06 06:32:24.489 30345 30356 I art     : Explicit concurrent mark sweep GC freed 3(96B) AllocSpace objects, 0(0B) LOS objects, 40% free, 22MB/37MB, paused 192us total 23.463ms
08-06 06:32:24.524   380   380 W SurfaceFlinger: couldn't log to binary event log: overflow.
08-06 06:32:24.733 30345 30369 I art     : Starting a blocking GC Explicit
08-06 06:32:24.754 30345 30369 I art     : Explicit concurrent mark sweep GC freed 1337(78KB) AllocSpace objects, 1(20KB) LOS objects, 40% free, 22MB/37MB, paused 177us total 20.467ms
08-06 06:32:24.766 30345 30369 I art     : Starting a blocking GC Explicit
08-06 06:32:24.769 13866 13882 I PeriodicStatsRunner: PeriodicStatsRunner.call():175 call()
08-06 06:32:24.770 13866 13882 I PeriodicStatsRunner: PeriodicStatsRunner.call():179 No submit PeriodicStats since input started.
08-06 06:32:24.786 30345 30369 I art     : Explicit concurrent mark sweep GC freed 20(704B) AllocSpace objects, 0(0B) LOS objects, 40% free, 22MB/37MB, paused 182us total 20.287ms
08-06 06:32:24.798 30345 30369 I art     : Starting a blocking GC Explicit
08-06 06:32:24.818 30345 30369 I art     : Explicit concurrent mark sweep GC freed 3(96B) AllocSpace objects, 0(0B) LOS objects, 40% free, 22MB/37MB, paused 168us total 19.494ms
08-06 06:32:24.829 30345 30369 I art     : Starting a blocking GC Explicit
08-06 06:32:24.849 30345 30369 I art     : Explicit concurrent mark sweep GC freed 3(96B) AllocSpace objects, 0(0B) LOS objects, 40% free, 22MB/37MB, paused 170us total 19.482ms
08-06 06:32:24.861 30345 30369 I art     : Waiting for a blocking GC Explicit
08-06 06:32:24.862 30345 30369 I art     : Starting a blocking GC Explicit
08-06 06:32:24.881 30345 30369 I art     : Explicit concurrent mark sweep GC freed 3(96B) AllocSpace objects, 0(0B) LOS objects, 40% free, 22MB/37MB, paused 167us total 19.198ms
08-06 06:32:24.888   512  2967 D audio_hw_primary: disable_audio_route: reset and update mixer path: low-latency-playback speaker
08-06 06:32:24.889   512  2967 D audio_hw_primary: disable_snd_device: snd_device(2: speaker)
08-06 06:32:24.897   512  2967 I soundtrigger: audio_extn_sound_trigger_update_device_status: device 0x2 of type 0 for Event 0
08-06 06:32:24.905 30790 30790 D AndroidRuntime: >>>>>> START com.android.internal.os.RuntimeInit uid 2000 <<<<<<
08-06 06:32:24.910 30790 30790 D AndroidRuntime: CheckJNI is OFF
08-06 06:32:24.944 30790 30790 D ICU     : No timezone override file found: /data/misc/zoneinfo/current/icu/icu_tzdata.dat
08-06 06:32:24.977 30790 30790 I Radio-JNI: register_android_hardware_Radio DONE
08-06 06:32:25.000 30790 30790 D AndroidRuntime: Calling main entry com.android.commands.input.Input
08-06 06:32:25.003 30790 30790 I Input   : injectKeyEvent: KeyEvent { action=ACTION_DOWN, keyCode=KEYCODE_BACK, scanCode=0, metaState=0, flags=0x0, repeatCount=0, eventTime=858761416, downTime=858761416, deviceId=-1, source=0x101 }
08-06 06:32:25.010 30790 30790 I Input   : injectKeyEvent: KeyEvent { action=ACTION_UP, keyCode=KEYCODE_BACK, scanCode=0, metaState=0, flags=0x0, repeatCount=0, eventTime=858761416, downTime=858761416, deviceId=-1, source=0x101 }
08-06 06:32:25.019 30790 30790 D AndroidRuntime: Shutting down VM
08-06 06:32:25.067 13866 13866 I GoogleInputMethodServic: GoogleInputMethodService.onFinishInput():3138 
08-06 06:32:25.068 13866 13866 I GoogleInputMethodServic: GoogleInputMethodService.onStartInput():1808 
08-06 06:32:25.126 30345 30356 I art     : Starting a blocking GC Explicit
08-06 06:32:25.143 30345 30356 I art     : Explicit concurrent mark sweep GC freed 1442(84KB) AllocSpace objects, 1(20KB) LOS objects, 40% free, 22MB/37MB, paused 147us total 17.211ms
08-06 06:32:25.154 30345 30356 I art     : Starting a blocking GC Explicit
08-06 06:32:25.171 30345 30356 I art     : Explicit concurrent mark sweep GC freed 34(1200B) AllocSpace objects, 0(0B) LOS objects, 40% free, 22MB/37MB, paused 164us total 16.914ms
08-06 06:32:25.182 30345 30356 I art     : Starting a blocking GC Explicit
08-06 06:32:25.199 30345 30356 I art     : Explicit concurrent mark sweep GC freed 3(96B) AllocSpace objects, 0(0B) LOS objects, 40% free, 22MB/37MB, paused 141us total 16.998ms
08-06 06:32:25.209 30345 30356 I art     : Starting a blocking GC Explicit
08-06 06:32:25.226 30345 30356 I art     : Explicit concurrent mark sweep GC freed 105(5KB) AllocSpace objects, 0(0B) LOS objects, 40% free, 22MB/37MB, paused 146us total 16.914ms
08-06 06:32:25.238 30345 30356 I art     : Starting a blocking GC Explicit
08-06 06:32:25.255 30345 30356 I art     : Explicit concurrent mark sweep GC freed 1754(118KB) AllocSpace objects, 0(0B) LOS objects, 40% free, 22MB/37MB, paused 160us total 17.262ms
08-06 06:32:25.357   380   380 W SurfaceFlinger: couldn't log to binary event log: overflow.
08-06 06:32:25.482 30345 30357 I art     : Starting a blocking GC Explicit
08-06 06:32:25.501 30345 30357 I art     : Explicit concurrent mark sweep GC freed 1385(80KB) AllocSpace objects, 1(20KB) LOS objects, 40% free, 22MB/37MB, paused 185us total 19.089ms
08-06 06:32:25.512 30345 30357 I art     : Starting a blocking GC Explicit
08-06 06:32:25.530 30345 30357 I art     : Explicit concurrent mark sweep GC freed 11984(575KB) AllocSpace objects, 7(340KB) LOS objects, 40% free, 21MB/35MB, paused 184us total 17.416ms
08-06 06:32:25.541 30345 30357 I art     : Starting a blocking GC Explicit
08-06 06:32:25.556 30345 30357 I art     : Explicit concurrent mark sweep GC freed 3(96B) AllocSpace objects, 0(0B) LOS objects, 40% free, 21MB/35MB, paused 175us total 14.667ms
08-06 06:32:25.566 30345 30357 I art     : Starting a blocking GC Explicit
08-06 06:32:25.581 30345 30357 I art     : Explicit concurrent mark sweep GC freed 3(96B) AllocSpace objects, 0(0B) LOS objects, 40% free, 21MB/35MB, paused 181us total 14.504ms
08-06 06:32:25.591 30345 30357 I art     : Starting a blocking GC Explicit
08-06 06:32:25.606 30345 30357 I art     : Explicit concurrent mark sweep GC freed 3(96B) AllocSpace objects, 0(0B) LOS objects, 40% free, 21MB/35MB, paused 177us total 14.899ms
08-06 06:32:25.631   518   646 I ThermalEngine: ACTION: GPU - Setting GPU[0] to 450000000
08-06 06:32:25.662 30823 30823 D AndroidRuntime: >>>>>> START com.android.internal.os.RuntimeInit uid 2000 <<<<<<
08-06 06:32:25.668 30823 30823 D AndroidRuntime: CheckJNI is OFF
08-06 06:32:25.712 30823 30823 D ICU     : No timezone override file found: /data/misc/zoneinfo/current/icu/icu_tzdata.dat
08-06 06:32:25.759 30823 30823 I Radio-JNI: register_android_hardware_Radio DONE
08-06 06:32:25.787 30823 30823 D AndroidRuntime: Calling main entry com.android.commands.input.Input
08-06 06:32:25.789 30823 30823 I Input   : injectKeyEvent: KeyEvent { action=ACTION_DOWN, keyCode=KEYCODE_BACK, scanCode=0, metaState=0, flags=0x0, repeatCount=0, eventTime=858762202, downTime=858762202, deviceId=-1, source=0x101 }
08-06 06:32:25.795 30823 30823 I Input   : injectKeyEvent: KeyEvent { action=ACTION_UP, keyCode=KEYCODE_BACK, scanCode=0, metaState=0, flags=0x0, repeatCount=0, eventTime=858762202, downTime=858762202, deviceId=-1, source=0x101 }
08-06 06:32:25.801 30823 30823 D AndroidRuntime: Shutting down VM
08-06 06:32:25.803   918  3188 I hubconnection: sensorhub said: 'set_bias 3: -6.7200, 0.0000, 0.0000'
08-06 06:32:25.838 13866 13866 I GoogleInputMethodServic: GoogleInputMethodService.onFinishInput():3138 
08-06 06:32:25.839 13866 13866 I GoogleInputMethodServic: GoogleInputMethodService.onStartInput():1808 
08-06 06:32:25.879 30345 30357 I art     : Starting a blocking GC Explicit
08-06 06:32:25.899 30345 30357 I art     : Explicit concurrent mark sweep GC freed 1513(85KB) AllocSpace objects, 1(20KB) LOS objects, 40% free, 21MB/35MB, paused 222us total 18.989ms
08-06 06:32:25.912 30345 30357 I art     : Starting a blocking GC Explicit
08-06 06:32:25.929 30345 30357 I art     : Explicit concurrent mark sweep GC freed 24(864B) AllocSpace objects, 0(0B) LOS objects, 40% free, 21MB/35MB, paused 250us total 16.850ms
08-06 06:32:25.943 30345 30357 I art     : Starting a blocking GC Explicit
08-06 06:32:25.963 30345 30357 I art     : Explicit concurrent mark sweep GC freed 3(96B) AllocSpace objects, 0(0B) LOS objects, 40% free, 21MB/35MB, paused 252us total 19.495ms
08-06 06:32:25.978 30345 30357 I art     : Starting a blocking GC Explicit
08-06 06:32:25.999 30345 30357 I art     : Explicit concurrent mark sweep GC freed 3(96B) AllocSpace objects, 0(0B) LOS objects, 40% free, 21MB/35MB, paused 276us total 21.047ms
08-06 06:32:26.016 30345 30357 I art     : Starting a blocking GC Explicit
08-06 06:32:26.038 30345 30357 I art     : Explicit concurrent mark sweep GC freed 3(96B) AllocSpace objects, 0(0B) LOS objects, 40% free, 21MB/35MB, paused 231us total 22.413ms
08-06 06:32:26.097 13866 13882 I PeriodicStatsRunner: PeriodicStatsRunner.call():175 call()
08-06 06:32:26.097 13866 13882 I PeriodicStatsRunner: PeriodicStatsRunner.call():179 No submit PeriodicStats since input started.
08-06 06:32:26.230 13866 13882 I PeriodicStatsRunner: PeriodicStatsRunner.call():175 call()
08-06 06:32:26.231 13866 13882 I PeriodicStatsRunner: PeriodicStatsRunner.call():179 No submit PeriodicStats since input started.
08-06 06:32:26.305 30345 30369 I art     : Starting a blocking GC Explicit
08-06 06:32:26.328 30345 30369 I art     : Explicit concurrent mark sweep GC freed 1362(79KB) AllocSpace objects, 1(20KB) LOS objects, 40% free, 21MB/35MB, paused 280us total 22.377ms
08-06 06:32:26.344 30345 30369 I art     : Starting a blocking GC Explicit
08-06 06:32:26.364 30345 30369 I art     : Explicit concurrent mark sweep GC freed 143(10KB) AllocSpace objects, 0(0B) LOS objects, 40% free, 21MB/35MB, paused 225us total 18.988ms
08-06 06:32:26.378 30345 30369 I art     : Starting a blocking GC Explicit
08-06 06:32:26.397 30345 30369 I art     : Explicit concurrent mark sweep GC freed 3(96B) AllocSpace objects, 0(0B) LOS objects, 40% free, 21MB/35MB, paused 270us total 18.971ms
08-06 06:32:26.411 30345 30369 I art     : Starting a blocking GC Explicit
08-06 06:32:26.431 30345 30369 I art     : Explicit concurrent mark sweep GC freed 3(96B) AllocSpace objects, 0(0B) LOS objects, 40% free, 21MB/35MB, paused 214us total 19.474ms
08-06 06:32:26.445 30345 30369 I art     : Starting a blocking GC Explicit
08-06 06:32:26.464 30345 30369 I art     : Explicit concurrent mark sweep GC freed 3(96B) AllocSpace objects, 0(0B) LOS objects, 40% free, 21MB/35MB, paused 220us total 18.816ms
08-06 06:32:26.595 30855 30855 D AndroidRuntime: >>>>>> START com.android.internal.os.RuntimeInit uid 2000 <<<<<<
08-06 06:32:26.603 30855 30855 D AndroidRuntime: CheckJNI is OFF
08-06 06:32:26.646 30855 30855 D ICU     : No timezone override file found: /data/misc/zoneinfo/current/icu/icu_tzdata.dat
08-06 06:32:26.687 30855 30855 I Radio-JNI: register_android_hardware_Radio DONE
08-06 06:32:26.715 30855 30855 D AndroidRuntime: Calling main entry com.android.commands.input.Input
08-06 06:32:26.717 30855 30855 I Input   : injectMotionEvent: MotionEvent { action=ACTION_DOWN, actionButton=0, id[0]=0, x[0]=600.0, y[0]=1536.0, toolType[0]=TOOL_TYPE_UNKNOWN, buttonState=0, metaState=0, flags=0x0, edgeFlags=0x0, pointerCount=1, historySize=0, eventTime=858763130, downTime=858763130, deviceId=0, source=0x1002 }
08-06 06:32:26.721 30855 30855 I Input   : injectMotionEvent: MotionEvent { action=ACTION_UP, actionButton=0, id[0]=0, x[0]=600.0, y[0]=1536.0, toolType[0]=TOOL_TYPE_UNKNOWN, buttonState=0, metaState=0, flags=0x0, edgeFlags=0x0, pointerCount=1, historySize=0, eventTime=858763130, downTime=858763130, deviceId=0, source=0x1002 }
08-06 06:32:26.723 30855 30855 D AndroidRuntime: Shutting down VM
08-06 06:32:26.730   512  2967 D audio_hw_primary: out_set_parameters: enter: usecase(1: low-latency-playback) kvpairs: routing=2
08-06 06:32:26.735   918  6029 I ActivityManager: START u0 {dat=https://oauth.reddit.com/... cmp=baseline.org.quantumbadger.redreader/.activities.PostListingActivity} from uid 10705 on display 0
08-06 06:32:26.743   512  2967 D audio_hw_primary: select_devices: out_snd_device(2: speaker) in_snd_device(0: none)
08-06 06:32:26.743   512  2967 D msm8974_platform: platform_send_audio_calibration: sending audio calibration for snd_device(2) acdb_id(15)
08-06 06:32:26.743   512  2967 I soundtrigger: audio_extn_sound_trigger_update_device_status: device 0x2 of type 0 for Event 1
08-06 06:32:26.749 30345 30357 I art     : Starting a blocking GC Explicit
08-06 06:32:26.757   512  2967 D audio_hw_primary: enable_snd_device: snd_device(2: speaker)
08-06 06:32:26.758   512  2967 D audio_hw_primary: enable_audio_route: apply and update mixer path: low-latency-playback speaker
08-06 06:32:26.761 30345 30345 I AppCompatViewInflater: app:theme is now deprecated. Please move to using android:theme instead.
08-06 06:32:26.772 30345 30357 I art     : Explicit concurrent mark sweep GC freed 1827(116KB) AllocSpace objects, 1(20KB) LOS objects, 40% free, 21MB/35MB, paused 3.321ms total 22.122ms
08-06 06:32:26.785 30345 30357 I art     : Starting a blocking GC Explicit
08-06 06:32:26.806 30345 30357 I art     : Explicit concurrent mark sweep GC freed 6408(432KB) AllocSpace objects, 1(28KB) LOS objects, 40% free, 21MB/35MB, paused 422us total 19.970ms
08-06 06:32:26.818 30345 30886 I RawObjectDB query string: CREATE TABLE objects(RawObjectDB_id TEXT PRIMARY KEY ON CONFLICT REPLACE,RawObjectDB_timestamp INTEGER,accounts_active INTEGER,created INTEGER,created_utc INTEGER,description TEXT,description_html TEXT,display_name TEXT,header_img TEXT,header_title TEXT,id TEXT,name TEXT,over18 INTEGER,public_description TEXT,subscribers INTEGER,title TEXT,url TEXT)
08-06 06:32:26.819 30345 30357 I art     : Starting a blocking GC Explicit
08-06 06:32:26.838 30345 30357 I art     : Explicit concurrent mark sweep GC freed 592(43KB) AllocSpace objects, 0(0B) LOS objects, 40% free, 21MB/35MB, paused 487us total 18.279ms
08-06 06:32:26.852 30345 30357 I art     : Starting a blocking GC Explicit
08-06 06:32:26.870 30345 30887 D OK      : calling: https://www.reddit.com/api/v1/access_token
08-06 06:32:26.878 30345 30357 I art     : Explicit concurrent mark sweep GC freed 1470(94KB) AllocSpace objects, 0(0B) LOS objects, 40% free, 21MB/36MB, paused 1.229ms total 25.492ms
08-06 06:32:26.881 13866 13866 I GoogleInputMethodServic: GoogleInputMethodService.onFinishInput():3138 
08-06 06:32:26.882 13866 13866 I GoogleInputMethodServic: GoogleInputMethodService.onStartInput():1808 
08-06 06:32:26.887   918   936 I ActivityManager: Displayed baseline.org.quantumbadger.redreader/.activities.PostListingActivity: +139ms
08-06 06:32:26.891 30345 30345 I RedReader: Checking for new messages.
08-06 06:32:26.896 30345 30357 I art     : Starting a blocking GC Explicit
08-06 06:32:26.906 30345 30345 I RegularCachePruner: Pruning cache...
08-06 06:32:26.907 30345 30888 I RedditChangeDataManager: Pruning for all users...
08-06 06:32:26.907 30345 30888 I RedditChangeDataManager: Pruning complete.
08-06 06:32:26.916 30345 30357 I art     : Explicit concurrent mark sweep GC freed 448(35KB) AllocSpace objects, 0(0B) LOS objects, 40% free, 21MB/35MB, paused 860us total 19.839ms
08-06 06:32:26.918 30345 30888 I CacheManager: Pruning 0 files
08-06 06:32:26.919 14692 14692 I Finsky  : [1] xow.onStartJob(3): SCH: onJobSchedulerWakeup with jobId 9011
08-06 06:32:26.925 14692 14692 I Finsky  : [1] xjw.a(9): Scheduling fallback in 43199998 (absolute: 1885350798)
08-06 06:32:26.928 14692 14692 I Finsky  : [1] xjw.a(9): Scheduling fallback in 64799998 (absolute: 1906950801)
08-06 06:32:26.932 14692 14692 I Finsky  : [1] xow.onStartJob(3): SCH: onJobSchedulerWakeup with jobId 9016
08-06 06:32:26.939 14692 14692 I Finsky  : [1] xjw.a(9): Scheduling fallback in 43199998 (absolute: 1885350811)
08-06 06:32:26.941 14692 14692 I Finsky  : [1] xjw.a(9): Scheduling fallback in 64799999 (absolute: 1906950814)
08-06 06:32:26.943 14692 14692 W Finsky  : [1] xow.onStartJob(9): SCH: onJobSchedulerWakeup while already running
08-06 06:32:26.991 14692 14692 I Finsky  : [1] xkf.handleMessage(8): SCH: DeviceState: DeviceState{currentTime=1596688346985, isCharging=false, isIdle=false, netAny=true, netNotRoaming=true, netUnmetered=true, batteryPercent=100.0}
08-06 06:32:26.996 14692 30316 I Finsky  : [6497] xmu.a(8): SCH: Jobs in database: 1-1337 3-221 3-222 12-1 24-77777777 26-1414141414 
08-06 06:32:26.999 14692 14692 I Finsky  : [1] xkg.a(16): SCH: Running job: 12-1
08-06 06:32:27.000 14692 14692 I Finsky  : [1] ContentSyncJob.a(16): [ContentSync] job started
08-06 06:32:27.001 14692 14692 I Finsky  : [1] xkf.handleMessage(61): SCH: RunningQueue size: 1, PendingQueue size: 0
08-06 06:32:27.001 14692 14692 I Finsky  : [1] xkf.handleMessage(64): SCH: Running queue: 12-1 
08-06 06:32:27.003 13866 13882 I PeriodicStatsRunner: PeriodicStatsRunner.call():175 call()
08-06 06:32:27.003 13866 13882 I PeriodicStatsRunner: PeriodicStatsRunner.call():179 No submit PeriodicStats since input started.
08-06 06:32:27.123 14692 30335 I Finsky  : [6502] dzn.a(22): Completed 0 account content syncs with 0 successful.
08-06 06:32:27.124 14692 14692 I Finsky  : [1] ContentSyncJob.a(1): [ContentSync] Installation state replication succeeded.
08-06 06:32:27.125 14692 14692 I Finsky  : [1] xlr.a(13): SCH: jobFinished: 12-1. TimeElapsed: 124ms.
08-06 06:32:27.125 14692 14692 I Finsky  : [1] xkg.a(36): SCH: Job 12-1 finished. Not rescheduling.
08-06 06:32:27.126 14692 14692 I Finsky  : [1] xkf.handleMessage(61): SCH: RunningQueue size: 0, PendingQueue size: 0
08-06 06:32:27.127   380   380 W SurfaceFlinger: couldn't log to binary event log: overflow.
08-06 06:32:27.130 14692 14692 I Finsky  : [1] xkf.handleMessage(25): Executor finished
08-06 06:32:27.145 14692 14692 I Finsky  : [1] xmu.a(8): SCH: Jobs in database: 1-1337 3-221 3-222 24-77777777 26-1414141414 
08-06 06:32:27.148 14692 14692 I Finsky  : [1] xio.a(57): SCH: ConstraintMapping: 24-77777777,  -> L: 0ms, D: 52663779ms, C: false, I: true, N: 0
08-06 06:32:27.148 14692 14692 I Finsky  : [1] xio.a(57): SCH: ConstraintMapping: 1-1337,  -> L: 12805771ms, D: 56005771ms, C: false, I: false, N: 1
08-06 06:32:27.149 14692 14692 I Finsky  : [1] xio.a(57): SCH: ConstraintMapping: 3-221,  -> L: 0ms, D: 74142279ms, C: false, I: true, N: 2
08-06 06:32:27.149 14692 14692 I Finsky  : [1] xio.a(57): SCH: ConstraintMapping: 3-222,  -> L: 0ms, D: 74142351ms, C: true, I: true, N: 2
08-06 06:32:27.149 14692 14692 I Finsky  : [1] xio.a(57): SCH: ConstraintMapping: 26-1414141414,  -> L: 17453672ms, D: 18353672ms, C: false, I: false, N: 0
08-06 06:32:27.161 14692 14692 I Finsky  : [1] xle.a(34): Cancelling existing jobscheduler jobs: 9018 9013 9019 9015 9017 9012 9001 9014 
08-06 06:32:27.161 14692 14692 I Finsky  : [1] xle.a(10): Throttling wakeup for job 9000 (expected to run in 0 ms) due to recent wakeup
08-06 06:32:27.162 14692 14692 I Finsky  : [1] xle.a(27): Scheduling job Id: 9000, L: 30000, D: 52663779, C: false, I: true, N: 0
08-06 06:32:27.163 14692 14692 I Finsky  : [1] xle.a(27): Scheduling job Id: 9002, L: 12805771, D: 56005771, C: false, I: false, N: 1
08-06 06:32:27.164 14692 14692 I Finsky  : [1] xle.a(10): Throttling wakeup for job 9003 (expected to run in 0 ms) due to recent wakeup
08-06 06:32:27.165 14692 14692 I Finsky  : [1] xle.a(27): Scheduling job Id: 9003, L: 30000, D: 74142279, C: false, I: true, N: 2
08-06 06:32:27.166 14692 14692 I Finsky  : [1] xle.a(10): Throttling wakeup for job 9004 (expected to run in 0 ms) due to recent wakeup
08-06 06:32:27.166 14692 14692 I Finsky  : [1] xle.a(27): Scheduling job Id: 9004, L: 30000, D: 74142351, C: true, I: true, N: 2
08-06 06:32:27.167 14692 14692 I Finsky  : [1] xle.a(27): Scheduling job Id: 9005, L: 17453672, D: 18353672, C: false, I: false, N: 0
08-06 06:32:27.168 14692 14692 I Finsky  : [1] xle.a(10): Throttling wakeup for job 9006 (expected to run in 0 ms) due to recent wakeup
08-06 06:32:27.168 14692 14692 I Finsky  : [1] xle.a(27): Scheduling job Id: 9006, L: 30000, D: 52663779, C: false, I: true, N: 0
08-06 06:32:27.170 14692 14692 I Finsky  : [1] xle.a(27): Scheduling job Id: 9007, L: 12805771, D: 56005771, C: false, I: false, N: 1
08-06 06:32:27.172 14692 14692 I Finsky  : [1] xle.a(10): Throttling wakeup for job 9008 (expected to run in 0 ms) due to recent wakeup
08-06 06:32:27.172 14692 14692 I Finsky  : [1] xle.a(27): Scheduling job Id: 9008, L: 30000, D: 74142279, C: false, I: true, N: 2
08-06 06:32:27.173 14692 14692 I Finsky  : [1] xle.a(10): Throttling wakeup for job 9009 (expected to run in 0 ms) due to recent wakeup
08-06 06:32:27.173 14692 14692 I Finsky  : [1] xle.a(27): Scheduling job Id: 9009, L: 30000, D: 74142351, C: true, I: true, N: 2
08-06 06:32:27.175 14692 14692 I Finsky  : [1] xle.a(27): Scheduling job Id: 9010, L: 17453672, D: 18353672, C: false, I: false, N: 0
08-06 06:32:27.190 30345 30356 I art     : Starting a blocking GC Explicit
08-06 06:32:27.214 30345 30356 I art     : Explicit concurrent mark sweep GC freed 12338(750KB) AllocSpace objects, 4(220KB) LOS objects, 40% free, 22MB/37MB, paused 842us total 24.103ms
08-06 06:32:27.229 30345 30356 I art     : Starting a blocking GC Explicit
08-06 06:32:27.255 30345 30356 I art     : Explicit concurrent mark sweep GC freed 10098(795KB) AllocSpace objects, 9(736KB) LOS objects, 40% free, 23MB/38MB, paused 605us total 25.978ms
08-06 06:32:27.270 30345 30356 I art     : Starting a blocking GC Explicit
08-06 06:32:27.290   512  2967 D audio_hw_primary: disable_audio_route: reset and update mixer path: low-latency-playback speaker
08-06 06:32:27.290   512  2967 D audio_hw_primary: disable_snd_device: snd_device(2: speaker)
08-06 06:32:27.298   512  2967 I soundtrigger: audio_extn_sound_trigger_update_device_status: device 0x2 of type 0 for Event 0
08-06 06:32:27.304 30345 30356 W art     : Suspending all threads took: 5.343ms
08-06 06:32:27.308 30345 30356 I art     : Explicit concurrent mark sweep GC freed 6842(435KB) AllocSpace objects, 1(256KB) LOS objects, 40% free, 23MB/39MB, paused 6.354ms total 37.583ms
08-06 06:32:27.323 30345 30356 I art     : Starting a blocking GC Explicit
08-06 06:32:27.355 30345 30356 I art     : Explicit concurrent mark sweep GC freed 5978(368KB) AllocSpace objects, 0(0B) LOS objects, 39% free, 24MB/40MB, paused 662us total 30.985ms
08-06 06:32:27.370 30345 30356 I art     : Starting a blocking GC Explicit
08-06 06:32:27.379 30345 30887 D OK      : request got status: 200
08-06 06:32:27.389 30345 30887 D OK      : calling: https://oauth.reddit.com/r/askscience/about.json
08-06 06:32:27.400 30345 30356 I art     : Explicit concurrent mark sweep GC freed 7486(472KB) AllocSpace objects, 2(180KB) LOS objects, 39% free, 24MB/40MB, paused 461us total 30.544ms
08-06 06:32:27.679 30345 30369 I art     : Starting a blocking GC Explicit
08-06 06:32:27.707 30345 30887 I NAPPA_EXPERIMENTATION: MetricNetworkRequestExecutionTime: REQUEST_DURATION_SYSTEM='318',REQUEST_DURATION_OKHTTP='143',REQUEST_SYNCHRONOUS='TRUE',RESPONSE_CODE='200',RESPONSE_METHOD='GET',RESPONSE_LENGTH_OKHTTP='-1',RESPONSE_LENGTH_HEADER='4700',REQUEST_PROTOCOL='h2',REQUEST_URL='https://oauth.reddit.com/r/askscience/about.json',
08-06 06:32:27.707 30345 30887 D OK      : request got status: 200
08-06 06:32:27.713 30345 30369 I art     : Explicit concurrent mark sweep GC freed 4134(221KB) AllocSpace objects, 3(340KB) LOS objects, 39% free, 24MB/40MB, paused 577us total 34.048ms
08-06 06:32:27.732 30345 30369 I art     : Starting a blocking GC Explicit
08-06 06:32:27.766 30345 30369 I art     : Explicit concurrent mark sweep GC freed 843(158KB) AllocSpace objects, 2(88KB) LOS objects, 39% free, 24MB/40MB, paused 653us total 34.400ms
08-06 06:32:27.783 30345 30369 I art     : Starting a blocking GC Explicit
08-06 06:32:27.814 30345 30369 I art     : Explicit concurrent mark sweep GC freed 803(67KB) AllocSpace objects, 1(68KB) LOS objects, 39% free, 24MB/40MB, paused 340us total 30.692ms
08-06 06:32:27.829 30345 30369 I art     : Starting a blocking GC Explicit
08-06 06:32:27.860 30345 30369 I art     : Explicit concurrent mark sweep GC freed 140(8KB) AllocSpace objects, 0(0B) LOS objects, 39% free, 24MB/40MB, paused 288us total 30.520ms
08-06 06:32:27.876 30345 30369 I art     : Starting a blocking GC Explicit
08-06 06:32:27.908 30345 30369 I art     : Explicit concurrent mark sweep GC freed 3(96B) AllocSpace objects, 0(0B) LOS objects, 39% free, 24MB/40MB, paused 325us total 32.594ms
08-06 06:32:28.066 30345 30921 D OK      : calling: https://oauth.reddit.com/r/askscience/hot/.json
08-06 06:32:28.207 30345 30356 I art     : Starting a blocking GC Explicit
08-06 06:32:28.242 30345 30356 I art     : Explicit concurrent mark sweep GC freed 1494(84KB) AllocSpace objects, 1(20KB) LOS objects, 39% free, 24MB/40MB, paused 385us total 34.907ms
08-06 06:32:28.259 30345 30356 I art     : Starting a blocking GC Explicit
08-06 06:32:28.292 30345 30356 I art     : Explicit concurrent mark sweep GC freed 26(960B) AllocSpace objects, 0(0B) LOS objects, 39% free, 24MB/40MB, paused 371us total 33.034ms
08-06 06:32:28.308 30345 30356 I art     : Starting a blocking GC Explicit
08-06 06:32:28.321 30345 30921 I NAPPA_EXPERIMENTATION: MetricNetworkRequestExecutionTime: REQUEST_DURATION_SYSTEM='255',REQUEST_DURATION_OKHTTP='250',REQUEST_SYNCHRONOUS='TRUE',RESPONSE_CODE='200',RESPONSE_METHOD='GET',RESPONSE_LENGTH_OKHTTP='-1',RESPONSE_LENGTH_HEADER='21282',REQUEST_PROTOCOL='h2',REQUEST_URL='https://oauth.reddit.com/r/askscience/hot/.json',
08-06 06:32:28.321 30345 30921 D OK      : request got status: 200
08-06 06:32:28.340 30345 30917 I PostListingFragment: Precaching images: OFF
08-06 06:32:28.340 30345 30917 I PostListingFragment: Precaching comments: OFF
08-06 06:32:28.342 30345 30356 I art     : Explicit concurrent mark sweep GC freed 439(60KB) AllocSpace objects, 0(0B) LOS objects, 39% free, 24MB/40MB, paused 707us total 33.179ms
08-06 06:32:28.358 30345 30356 I art     : Starting a blocking GC Explicit
08-06 06:32:28.392 30345 30356 I art     : Explicit concurrent mark sweep GC freed 678(96KB) AllocSpace objects, 0(0B) LOS objects, 39% free, 24MB/40MB, paused 506us total 33.566ms
08-06 06:32:28.409 30345 30356 I art     : Starting a blocking GC Explicit
08-06 06:32:28.444 30345 30356 I art     : Explicit concurrent mark sweep GC freed 2304(137KB) AllocSpace objects, 1(68KB) LOS objects, 39% free, 24MB/40MB, paused 479us total 34.400ms
08-06 06:32:28.752 30345 30369 I art     : Starting a blocking GC Explicit
08-06 06:32:28.794 30345 30369 I art     : Explicit concurrent mark sweep GC freed 19425(789KB) AllocSpace objects, 2(88KB) LOS objects, 39% free, 24MB/40MB, paused 432us total 41.461ms
08-06 06:32:28.812 30345 30369 I art     : Starting a blocking GC Explicit
08-06 06:32:28.848 30345 30369 I art     : Explicit concurrent mark sweep GC freed 14320(672KB) AllocSpace objects, 0(0B) LOS objects, 39% free, 24MB/40MB, paused 516us total 35.783ms
08-06 06:32:28.865 30345 30369 I art     : Starting a blocking GC Explicit
08-06 06:32:28.899 30345 30369 I art     : Explicit concurrent mark sweep GC freed 639(41KB) AllocSpace objects, 0(0B) LOS objects, 39% free, 24MB/40MB, paused 564us total 33.873ms
08-06 06:32:28.915 30345 30369 I art     : Starting a blocking GC Explicit
08-06 06:32:28.951 30345 30369 I art     : Explicit concurrent mark sweep GC freed 827(41KB) AllocSpace objects, 0(0B) LOS objects, 39% free, 24MB/40MB, paused 712us total 35.769ms
08-06 06:32:28.968 30345 30369 I art     : Starting a blocking GC Explicit
08-06 06:32:29.006 30345 30369 I art     : Explicit concurrent mark sweep GC freed 374(14KB) AllocSpace objects, 0(0B) LOS objects, 39% free, 24MB/40MB, paused 353us total 38.315ms
08-06 06:32:29.325 30345 30356 I art     : Starting a blocking GC Explicit
08-06 06:32:29.362 30345 30356 I art     : Explicit concurrent mark sweep GC freed 1693(95KB) AllocSpace objects, 1(20KB) LOS objects, 39% free, 24MB/40MB, paused 331us total 37.261ms
08-06 06:32:29.379 30345 30356 I art     : Starting a blocking GC Explicit
08-06 06:32:29.416 30345 30356 I art     : Explicit concurrent mark sweep GC freed 83(4KB) AllocSpace objects, 0(0B) LOS objects, 39% free, 24MB/40MB, paused 344us total 36.966ms
08-06 06:32:29.433 30345 30356 I art     : Starting a blocking GC Explicit
08-06 06:32:29.473 30345 30356 I art     : Explicit concurrent mark sweep GC freed 3(96B) AllocSpace objects, 0(0B) LOS objects, 39% free, 24MB/40MB, paused 301us total 39.129ms
08-06 06:32:29.490 30345 30356 I art     : Starting a blocking GC Explicit
08-06 06:32:29.529 30345 30356 I art     : Explicit concurrent mark sweep GC freed 3(96B) AllocSpace objects, 0(0B) LOS objects, 39% free, 24MB/40MB, paused 329us total 39.087ms
08-06 06:32:29.547 30345 30356 I art     : Starting a blocking GC Explicit
08-06 06:32:29.586 30345 30356 I art     : Explicit concurrent mark sweep GC freed 3(96B) AllocSpace objects, 0(0B) LOS objects, 39% free, 24MB/40MB, paused 314us total 39.385ms
08-06 06:32:29.920 30345 30369 I art     : Starting a blocking GC Explicit
08-06 06:32:29.969 30345 30369 I art     : Explicit concurrent mark sweep GC freed 1346(78KB) AllocSpace objects, 1(20KB) LOS objects, 39% free, 24MB/40MB, paused 392us total 48.790ms
08-06 06:32:29.992 30345 30369 I art     : Starting a blocking GC Explicit
08-06 06:32:30.030 30345 30369 I art     : Explicit concurrent mark sweep GC freed 20(704B) AllocSpace objects, 0(0B) LOS objects, 39% free, 24MB/40MB, paused 326us total 38.115ms
08-06 06:32:30.048 30345 30369 I art     : Starting a blocking GC Explicit
08-06 06:32:30.068 13866 13882 I PeriodicStatsRunner: PeriodicStatsRunner.call():175 call()
08-06 06:32:30.068 13866 13882 I PeriodicStatsRunner: PeriodicStatsRunner.call():179 No submit PeriodicStats since input started.
08-06 06:32:30.086 30345 30369 I art     : Explicit concurrent mark sweep GC freed 3(96B) AllocSpace objects, 0(0B) LOS objects, 39% free, 24MB/40MB, paused 328us total 38.388ms
08-06 06:32:30.103 30345 30369 I art     : Starting a blocking GC Explicit
08-06 06:32:30.143 30345 30369 I art     : Explicit concurrent mark sweep GC freed 3(96B) AllocSpace objects, 0(0B) LOS objects, 39% free, 24MB/40MB, paused 323us total 38.937ms
08-06 06:32:30.160 30345 30369 I art     : Starting a blocking GC Explicit
08-06 06:32:30.200 30345 30369 I art     : Explicit concurrent mark sweep GC freed 3(96B) AllocSpace objects, 0(0B) LOS objects, 39% free, 24MB/40MB, paused 328us total 39.411ms
08-06 06:32:30.520 30345 30357 I art     : Starting a blocking GC Explicit
08-06 06:32:30.572 30345 30357 I art     : Explicit concurrent mark sweep GC freed 1343(78KB) AllocSpace objects, 1(20KB) LOS objects, 39% free, 24MB/40MB, paused 409us total 51.768ms
08-06 06:32:30.595 30345 30357 I art     : Starting a blocking GC Explicit
08-06 06:32:30.634 30345 30357 I art     : Explicit concurrent mark sweep GC freed 20(704B) AllocSpace objects, 0(0B) LOS objects, 39% free, 24MB/40MB, paused 329us total 38.903ms
08-06 06:32:30.638   518   646 I ThermalEngine: ACTION: GPU - Setting GPU[0] to 510000000
08-06 06:32:30.651 30345 30357 I art     : Starting a blocking GC Explicit
08-06 06:32:30.688 30345 30357 I art     : Explicit concurrent mark sweep GC freed 3(96B) AllocSpace objects, 0(0B) LOS objects, 39% free, 24MB/40MB, paused 271us total 36.776ms
08-06 06:32:30.702 30345 30357 I art     : Starting a blocking GC Explicit
08-06 06:32:30.731 30345 30357 I art     : Explicit concurrent mark sweep GC freed 3(96B) AllocSpace objects, 0(0B) LOS objects, 39% free, 24MB/40MB, paused 266us total 29.444ms
08-06 06:32:30.745 30345 30357 I art     : Starting a blocking GC Explicit
08-06 06:32:30.775 30345 30357 I art     : Explicit concurrent mark sweep GC freed 3(96B) AllocSpace objects, 0(0B) LOS objects, 39% free, 24MB/40MB, paused 237us total 29.714ms
08-06 06:32:30.839 13866 13882 I PeriodicStatsRunner: PeriodicStatsRunner.call():175 call()
08-06 06:32:30.839 13866 13882 I PeriodicStatsRunner: PeriodicStatsRunner.call():179 No submit PeriodicStats since input started.
08-06 06:32:31.086 30345 30356 I art     : Starting a blocking GC Explicit
08-06 06:32:31.125 30345 30356 I art     : Explicit concurrent mark sweep GC freed 1343(78KB) AllocSpace objects, 1(20KB) LOS objects, 39% free, 24MB/40MB, paused 272us total 37.765ms
08-06 06:32:31.142 30345 30356 I art     : Starting a blocking GC Explicit
08-06 06:32:31.172 30345 30356 I art     : Explicit concurrent mark sweep GC freed 20(704B) AllocSpace objects, 0(0B) LOS objects, 39% free, 24MB/40MB, paused 246us total 30.193ms
08-06 06:32:31.185 30345 30356 I art     : Starting a blocking GC Explicit
08-06 06:32:31.214 30345 30356 I art     : Explicit concurrent mark sweep GC freed 3(96B) AllocSpace objects, 0(0B) LOS objects, 39% free, 24MB/40MB, paused 238us total 28.454ms
08-06 06:32:31.227 30345 30356 I art     : Starting a blocking GC Explicit
08-06 06:32:31.257 30345 30356 I art     : Explicit concurrent mark sweep GC freed 3(96B) AllocSpace objects, 0(0B) LOS objects, 39% free, 24MB/40MB, paused 297us total 30.029ms
08-06 06:32:31.270 30345 30356 I art     : Starting a blocking GC Explicit
08-06 06:32:31.300 30345 30356 I art     : Explicit concurrent mark sweep GC freed 3(96B) AllocSpace objects, 0(0B) LOS objects, 39% free, 24MB/40MB, paused 233us total 29.509ms
08-06 06:32:31.627 30345 30369 I art     : Starting a blocking GC Explicit
08-06 06:32:31.669 30345 30369 I art     : Explicit concurrent mark sweep GC freed 1347(78KB) AllocSpace objects, 1(20KB) LOS objects, 39% free, 24MB/40MB, paused 307us total 41.959ms
08-06 06:32:31.689 30345 30369 I art     : Starting a blocking GC Explicit
08-06 06:32:31.717 30345 30369 I art     : Explicit concurrent mark sweep GC freed 20(704B) AllocSpace objects, 0(0B) LOS objects, 39% free, 24MB/40MB, paused 250us total 28.508ms
08-06 06:32:31.730 30345 30369 I art     : Starting a blocking GC Explicit
08-06 06:32:31.760 30345 30369 I art     : Explicit concurrent mark sweep GC freed 3(96B) AllocSpace objects, 0(0B) LOS objects, 39% free, 24MB/40MB, paused 239us total 29.753ms
08-06 06:32:31.773 30345 30369 I art     : Starting a blocking GC Explicit
08-06 06:32:31.803 30345 30369 I art     : Explicit concurrent mark sweep GC freed 3(96B) AllocSpace objects, 0(0B) LOS objects, 39% free, 24MB/40MB, paused 222us total 29.311ms
08-06 06:32:31.816 30345 30369 I art     : Starting a blocking GC Explicit
08-06 06:32:31.846 30345 30369 I art     : Explicit concurrent mark sweep GC freed 3(96B) AllocSpace objects, 0(0B) LOS objects, 39% free, 24MB/40MB, paused 243us total 29.722ms
08-06 06:32:31.882 13866 13882 I PeriodicStatsRunner: PeriodicStatsRunner.call():175 call()
08-06 06:32:31.882 13866 13882 I PeriodicStatsRunner: PeriodicStatsRunner.call():179 No submit PeriodicStats since input started.
08-06 06:32:32.124 30345 30357 I art     : Starting a blocking GC Explicit
08-06 06:32:32.154 30345 30357 I art     : Explicit concurrent mark sweep GC freed 1344(78KB) AllocSpace objects, 1(20KB) LOS objects, 39% free, 24MB/40MB, paused 262us total 30.154ms
08-06 06:32:32.168 30345 30357 I art     : Starting a blocking GC Explicit
08-06 06:32:32.197 30345 30357 I art     : Explicit concurrent mark sweep GC freed 20(704B) AllocSpace objects, 0(0B) LOS objects, 39% free, 24MB/40MB, paused 273us total 29.413ms
08-06 06:32:32.210 30345 30357 I art     : Starting a blocking GC Explicit
08-06 06:32:32.238 30345 30357 I art     : Explicit concurrent mark sweep GC freed 3(96B) AllocSpace objects, 0(0B) LOS objects, 39% free, 24MB/40MB, paused 255us total 28.058ms
08-06 06:32:32.251 30345 30357 I art     : Starting a blocking GC Explicit
08-06 06:32:32.280 30345 30357 I art     : Explicit concurrent mark sweep GC freed 3(96B) AllocSpace objects, 0(0B) LOS objects, 39% free, 24MB/40MB, paused 262us total 28.921ms
08-06 06:32:32.293 30345 30357 I art     : Starting a blocking GC Explicit
08-06 06:32:32.322 30345 30357 I art     : Explicit concurrent mark sweep GC freed 3(96B) AllocSpace objects, 0(0B) LOS objects, 39% free, 24MB/40MB, paused 253us total 28.278ms
08-06 06:32:32.412 30990 30990 D AndroidRuntime: >>>>>> START com.android.internal.os.RuntimeInit uid 2000 <<<<<<
08-06 06:32:32.417 30990 30990 D AndroidRuntime: CheckJNI is OFF
08-06 06:32:32.450 30990 30990 D ICU     : No timezone override file found: /data/misc/zoneinfo/current/icu/icu_tzdata.dat
08-06 06:32:32.483 30990 30990 I Radio-JNI: register_android_hardware_Radio DONE
08-06 06:32:32.504 30990 30990 D AndroidRuntime: Calling main entry com.android.commands.input.Input
08-06 06:32:32.506 30990 30990 I Input   : injectMotionEvent: MotionEvent { action=ACTION_DOWN, actionButton=0, id[0]=0, x[0]=600.0, y[0]=700.0, toolType[0]=TOOL_TYPE_UNKNOWN, buttonState=0, metaState=0, flags=0x0, edgeFlags=0x0, pointerCount=1, historySize=0, eventTime=858768919, downTime=858768919, deviceId=0, source=0x1002 }
08-06 06:32:32.514 30990 30990 I Input   : injectMotionEvent: MotionEvent { action=ACTION_UP, actionButton=0, id[0]=0, x[0]=600.0, y[0]=700.0, toolType[0]=TOOL_TYPE_UNKNOWN, buttonState=0, metaState=0, flags=0x0, edgeFlags=0x0, pointerCount=1, historySize=0, eventTime=858768919, downTime=858768919, deviceId=0, source=0x1002 }
08-06 06:32:32.516 30345 30345 I RRChoreographer: Using modern Choreographer
08-06 06:32:32.517 30990 30990 D AndroidRuntime: Shutting down VM
08-06 06:32:32.525   512  2967 D audio_hw_primary: out_set_parameters: enter: usecase(1: low-latency-playback) kvpairs: routing=2
08-06 06:32:32.527   918   928 I ActivityManager: START u0 {dat=https://oauth.reddit.com/... cmp=baseline.org.quantumbadger.redreader/.activities.CommentListingActivity} from uid 10705 on display 0
08-06 06:32:32.538   512  2967 D audio_hw_primary: select_devices: out_snd_device(2: speaker) in_snd_device(0: none)
08-06 06:32:32.538   512  2967 D msm8974_platform: platform_send_audio_calibration: sending audio calibration for snd_device(2) acdb_id(15)
08-06 06:32:32.538   512  2967 I soundtrigger: audio_extn_sound_trigger_update_device_status: device 0x2 of type 0 for Event 1
08-06 06:32:32.551 30345 30345 I AppCompatViewInflater: app:theme is now deprecated. Please move to using android:theme instead.
08-06 06:32:32.551   512  2967 D audio_hw_primary: enable_snd_device: snd_device(2: speaker)
08-06 06:32:32.554   512  2967 D audio_hw_primary: enable_audio_route: apply and update mixer path: low-latency-playback speaker
08-06 06:32:32.573 30345 31026 D OK      : calling: https://oauth.reddit.com/comments/gvc7k9/.json?sort=confidence
08-06 06:32:32.604 30345 30356 I art     : Starting a blocking GC Explicit
08-06 06:32:32.632 30345 30356 I art     : Explicit concurrent mark sweep GC freed 4173(268KB) AllocSpace objects, 1(20KB) LOS objects, 39% free, 24MB/40MB, paused 375us total 27.763ms
08-06 06:32:32.636   918   936 I ActivityManager: Displayed baseline.org.quantumbadger.redreader/.activities.CommentListingActivity: +101ms
08-06 06:32:32.636 13866 13866 I GoogleInputMethodServic: GoogleInputMethodService.onFinishInput():3138 
08-06 06:32:32.638 13866 13866 I GoogleInputMethodServic: GoogleInputMethodService.onStartInput():1808 
08-06 06:32:32.646 30345 30356 I art     : Starting a blocking GC Explicit
08-06 06:32:32.675 30345 30356 I art     : Explicit concurrent mark sweep GC freed 483(23KB) AllocSpace objects, 0(0B) LOS objects, 39% free, 24MB/40MB, paused 262us total 28.680ms
08-06 06:32:32.687 30345 30356 I art     : Starting a blocking GC Explicit
08-06 06:32:32.713 30345 30356 I art     : Explicit concurrent mark sweep GC freed 14(688B) AllocSpace objects, 0(0B) LOS objects, 39% free, 24MB/40MB, paused 248us total 25.757ms
08-06 06:32:32.725 30345 30356 I art     : Starting a blocking GC Explicit
08-06 06:32:32.752 30345 30356 I art     : Explicit concurrent mark sweep GC freed 5(192B) AllocSpace objects, 0(0B) LOS objects, 39% free, 24MB/40MB, paused 265us total 26.629ms
08-06 06:32:32.764 30345 30356 I art     : Starting a blocking GC Explicit
08-06 06:32:32.792 30345 30356 I art     : Explicit concurrent mark sweep GC freed 4(128B) AllocSpace objects, 0(0B) LOS objects, 39% free, 24MB/40MB, paused 305us total 27.129ms
08-06 06:32:32.826 30345 31026 I NAPPA_EXPERIMENTATION: MetricNetworkRequestExecutionTime: REQUEST_DURATION_SYSTEM='253',REQUEST_DURATION_OKHTTP='250',REQUEST_SYNCHRONOUS='TRUE',RESPONSE_CODE='200',RESPONSE_METHOD='GET',RESPONSE_LENGTH_OKHTTP='-1',RESPONSE_LENGTH_HEADER='90132',REQUEST_PROTOCOL='h2',REQUEST_URL='https://oauth.reddit.com/comments/gvc7k9/.json?sort=confidence',
08-06 06:32:32.826 30345 31026 D OK      : request got status: 200
08-06 06:32:32.843 30345 30917 I CommentListingActivity: COMMENTS session changed to 7b29656c-0f26-427c-903c-4ce53c9d3910
08-06 06:32:32.884   380   380 W SurfaceFlinger: couldn't log to binary event log: overflow.
08-06 06:32:33.032 30345 30356 I art     : Starting a blocking GC Explicit
08-06 06:32:33.081 30345 30356 I art     : Explicit concurrent mark sweep GC freed 36071(2MB) AllocSpace objects, 4(72KB) LOS objects, 35% free, 28MB/44MB, paused 564us total 48.670ms
08-06 06:32:33.089   512  2967 D audio_hw_primary: disable_audio_route: reset and update mixer path: low-latency-playback speaker
08-06 06:32:33.089   512  2967 D audio_hw_primary: disable_snd_device: snd_device(2: speaker)
08-06 06:32:33.096 30345 30356 I art     : Starting a blocking GC Explicit
08-06 06:32:33.098   512  2967 I soundtrigger: audio_extn_sound_trigger_update_device_status: device 0x2 of type 0 for Event 0
08-06 06:32:33.143 30345 30356 I art     : Explicit concurrent mark sweep GC freed 7857(544KB) AllocSpace objects, 1(68KB) LOS objects, 35% free, 28MB/44MB, paused 412us total 46.684ms
08-06 06:32:33.158 30345 30356 I art     : Starting a blocking GC Explicit
08-06 06:32:33.200 30345 30356 I art     : Explicit concurrent mark sweep GC freed 19369(912KB) AllocSpace objects, 1(68KB) LOS objects, 36% free, 27MB/43MB, paused 252us total 41.439ms
08-06 06:32:33.217 30345 30356 I art     : Starting a blocking GC Explicit
08-06 06:32:33.260 30345 30356 I art     : Explicit concurrent mark sweep GC freed 14(624B) AllocSpace objects, 0(0B) LOS objects, 36% free, 27MB/43MB, paused 266us total 42.980ms
08-06 06:32:33.275 30345 30356 I art     : Starting a blocking GC Explicit
08-06 06:32:33.319 30345 30356 I art     : Explicit concurrent mark sweep GC freed 3(96B) AllocSpace objects, 0(0B) LOS objects, 36% free, 27MB/43MB, paused 282us total 43.198ms
08-06 06:32:33.602 30345 30369 I art     : Starting a blocking GC Explicit
08-06 06:32:33.651 30345 30369 I art     : Explicit concurrent mark sweep GC freed 1343(78KB) AllocSpace objects, 1(20KB) LOS objects, 36% free, 27MB/43MB, paused 372us total 48.767ms
08-06 06:32:33.669 30345 30369 I art     : Starting a blocking GC Explicit
08-06 06:32:33.711 30345 30369 I art     : Explicit concurrent mark sweep GC freed 20(704B) AllocSpace objects, 0(0B) LOS objects, 36% free, 27MB/43MB, paused 259us total 42.549ms
08-06 06:32:33.726 30345 30369 I art     : Starting a blocking GC Explicit
08-06 06:32:33.769 30345 30369 I art     : Explicit concurrent mark sweep GC freed 49(1920B) AllocSpace objects, 0(0B) LOS objects, 36% free, 27MB/43MB, paused 259us total 42.730ms
08-06 06:32:33.784 30345 30369 I art     : Starting a blocking GC Explicit
08-06 06:32:33.827 30345 30369 I art     : Explicit concurrent mark sweep GC freed 3(96B) AllocSpace objects, 0(0B) LOS objects, 36% free, 27MB/43MB, paused 284us total 43.276ms
08-06 06:32:33.842 30345 30369 I art     : Starting a blocking GC Explicit
08-06 06:32:33.887 30345 30369 I art     : Explicit concurrent mark sweep GC freed 3(96B) AllocSpace objects, 0(0B) LOS objects, 36% free, 27MB/43MB, paused 261us total 44.760ms
08-06 06:32:34.204 30345 30356 I art     : Starting a blocking GC Explicit
08-06 06:32:34.260 30345 30356 I art     : Explicit concurrent mark sweep GC freed 1343(78KB) AllocSpace objects, 1(20KB) LOS objects, 36% free, 27MB/43MB, paused 260us total 55.665ms
08-06 06:32:34.275 30345 30356 I art     : Starting a blocking GC Explicit
08-06 06:32:34.319 30345 30356 I art     : Explicit concurrent mark sweep GC freed 20(704B) AllocSpace objects, 0(0B) LOS objects, 36% free, 27MB/43MB, paused 258us total 43.441ms
08-06 06:32:34.334 30345 30356 I art     : Starting a blocking GC Explicit
08-06 06:32:34.378 30345 30356 I art     : Explicit concurrent mark sweep GC freed 3(96B) AllocSpace objects, 0(0B) LOS objects, 36% free, 27MB/43MB, paused 265us total 44.220ms
08-06 06:32:34.394 30345 30356 I art     : Starting a blocking GC Explicit
08-06 06:32:34.438 30345 30356 I art     : Explicit concurrent mark sweep GC freed 3(96B) AllocSpace objects, 0(0B) LOS objects, 36% free, 27MB/43MB, paused 235us total 44.421ms
08-06 06:32:34.454 30345 30356 I art     : Starting a blocking GC Explicit
08-06 06:32:34.497 30345 30356 I art     : Explicit concurrent mark sweep GC freed 3(96B) AllocSpace objects, 0(0B) LOS objects, 36% free, 27MB/43MB, paused 292us total 43.454ms
08-06 06:32:34.820 30345 31027 I art     : Starting a blocking GC Explicit
08-06 06:32:34.876 30345 31027 I art     : Explicit concurrent mark sweep GC freed 1343(78KB) AllocSpace objects, 1(20KB) LOS objects, 36% free, 27MB/43MB, paused 297us total 56.326ms
08-06 06:32:34.896 30345 31027 I art     : Starting a blocking GC Explicit
08-06 06:32:34.942 30345 31027 I art     : Explicit concurrent mark sweep GC freed 20(704B) AllocSpace objects, 0(0B) LOS objects, 36% free, 27MB/43MB, paused 265us total 45.880ms
08-06 06:32:34.958 30345 31027 I art     : Starting a blocking GC Explicit
08-06 06:32:35.001 30345 31027 I art     : Explicit concurrent mark sweep GC freed 3(96B) AllocSpace objects, 0(0B) LOS objects, 36% free, 27MB/43MB, paused 262us total 43.338ms
08-06 06:32:35.002 30345 30355 I art     : WaitForGcToComplete blocked for 32.721ms for cause HeapTrim
08-06 06:32:35.016 30345 31027 I art     : Starting a blocking GC Explicit
08-06 06:32:35.061 30345 31027 I art     : Explicit concurrent mark sweep GC freed 3(96B) AllocSpace objects, 0(0B) LOS objects, 36% free, 27MB/43MB, paused 306us total 43.946ms
08-06 06:32:35.076 30345 31027 I art     : Starting a blocking GC Explicit
08-06 06:32:35.121 30345 31027 I art     : Explicit concurrent mark sweep GC freed 3(96B) AllocSpace objects, 0(0B) LOS objects, 36% free, 27MB/43MB, paused 273us total 44.501ms
08-06 06:32:35.451 30345 30357 I art     : Starting a blocking GC Explicit
08-06 06:32:35.504 30345 30357 I art     : Explicit concurrent mark sweep GC freed 1343(78KB) AllocSpace objects, 1(20KB) LOS objects, 36% free, 27MB/43MB, paused 306us total 52.027ms
08-06 06:32:35.525 30345 30357 I art     : Starting a blocking GC Explicit
08-06 06:32:35.568 30345 30357 I art     : Explicit concurrent mark sweep GC freed 20(704B) AllocSpace objects, 0(0B) LOS objects, 36% free, 27MB/43MB, paused 269us total 42.401ms
08-06 06:32:35.583 30345 30357 I art     : Starting a blocking GC Explicit
08-06 06:32:35.627 30345 30357 I art     : Explicit concurrent mark sweep GC freed 3(96B) AllocSpace objects, 0(0B) LOS objects, 36% free, 27MB/43MB, paused 267us total 43.451ms
08-06 06:32:35.649 30345 30357 I art     : Starting a blocking GC Explicit
08-06 06:32:35.692 30345 30357 I art     : Explicit concurrent mark sweep GC freed 3(96B) AllocSpace objects, 0(0B) LOS objects, 36% free, 27MB/43MB, paused 276us total 42.821ms
08-06 06:32:35.708 30345 30357 I art     : Starting a blocking GC Explicit
08-06 06:32:35.752 30345 30357 I art     : Explicit concurrent mark sweep GC freed 3(96B) AllocSpace objects, 0(0B) LOS objects, 36% free, 27MB/43MB, paused 275us total 44.502ms
08-06 06:32:36.062 30345 30369 I art     : Starting a blocking GC Explicit
08-06 06:32:36.117 30345 30369 I art     : Explicit concurrent mark sweep GC freed 1344(79KB) AllocSpace objects, 1(20KB) LOS objects, 36% free, 27MB/43MB, paused 359us total 55.024ms
08-06 06:32:36.137 30345 30369 I art     : Starting a blocking GC Explicit
08-06 06:32:36.180 30345 30369 I art     : Explicit concurrent mark sweep GC freed 20(704B) AllocSpace objects, 0(0B) LOS objects, 36% free, 27MB/43MB, paused 259us total 42.597ms
08-06 06:32:36.195 30345 30369 I art     : Starting a blocking GC Explicit
08-06 06:32:36.240 30345 30369 I art     : Explicit concurrent mark sweep GC freed 3(96B) AllocSpace objects, 0(0B) LOS objects, 36% free, 27MB/43MB, paused 256us total 44.598ms
08-06 06:32:36.255 30345 30369 I art     : Starting a blocking GC Explicit
08-06 06:32:36.299 30345 30369 I art     : Explicit concurrent mark sweep GC freed 3(96B) AllocSpace objects, 0(0B) LOS objects, 36% free, 27MB/43MB, paused 248us total 43.267ms
08-06 06:32:36.314 30345 30369 I art     : Starting a blocking GC Explicit
08-06 06:32:36.358 30345 30369 I art     : Explicit concurrent mark sweep GC freed 3(96B) AllocSpace objects, 0(0B) LOS objects, 36% free, 27MB/43MB, paused 286us total 44.287ms
08-06 06:32:36.560   918  3261 D WifiStateMachine: starting scan for "H369AA63323"WPA_PSK with 2412,5180
08-06 06:32:36.687 30345 30356 I art     : Starting a blocking GC Explicit
08-06 06:32:36.739 30345 30356 I art     : Explicit concurrent mark sweep GC freed 1347(79KB) AllocSpace objects, 1(20KB) LOS objects, 36% free, 27MB/43MB, paused 299us total 51.328ms
08-06 06:32:36.761 30345 30356 I art     : Starting a blocking GC Explicit
08-06 06:32:36.801 30345 30356 I art     : Explicit concurrent mark sweep GC freed 20(704B) AllocSpace objects, 0(0B) LOS objects, 36% free, 27MB/43MB, paused 248us total 39.858ms
08-06 06:32:36.816 30345 30356 I art     : Starting a blocking GC Explicit
08-06 06:32:36.857 30345 30356 I art     : Explicit concurrent mark sweep GC freed 3(96B) AllocSpace objects, 0(0B) LOS objects, 36% free, 27MB/43MB, paused 344us total 41.028ms
08-06 06:32:36.872 30345 30356 I art     : Starting a blocking GC Explicit
08-06 06:32:36.915 30345 30356 I art     : Explicit concurrent mark sweep GC freed 3(96B) AllocSpace objects, 0(0B) LOS objects, 36% free, 27MB/43MB, paused 251us total 42.636ms
08-06 06:32:36.929 30345 30356 I art     : Starting a blocking GC Explicit
08-06 06:32:36.971 30345 30356 I art     : Explicit concurrent mark sweep GC freed 3(96B) AllocSpace objects, 0(0B) LOS objects, 36% free, 27MB/43MB, paused 252us total 41.328ms
08-06 06:32:37.178 31099 31099 D AndroidRuntime: >>>>>> START com.android.internal.os.RuntimeInit uid 2000 <<<<<<
08-06 06:32:37.183 31099 31099 D AndroidRuntime: CheckJNI is OFF
08-06 06:32:37.216 31099 31099 D ICU     : No timezone override file found: /data/misc/zoneinfo/current/icu/icu_tzdata.dat
08-06 06:32:37.247 31099 31099 I Radio-JNI: register_android_hardware_Radio DONE
08-06 06:32:37.270 31099 31099 D AndroidRuntime: Calling main entry com.android.commands.input.Input
08-06 06:32:37.271 31099 31099 I Input   : injectKeyEvent: KeyEvent { action=ACTION_DOWN, keyCode=KEYCODE_BACK, scanCode=0, metaState=0, flags=0x0, repeatCount=0, eventTime=858773684, downTime=858773684, deviceId=-1, source=0x101 }
08-06 06:32:37.274 30345 31027 I art     : Starting a blocking GC Explicit
08-06 06:32:37.277 31099 31099 I Input   : injectKeyEvent: KeyEvent { action=ACTION_UP, keyCode=KEYCODE_BACK, scanCode=0, metaState=0, flags=0x0, repeatCount=0, eventTime=858773684, downTime=858773684, deviceId=-1, source=0x101 }
08-06 06:32:37.282 31099 31099 D AndroidRuntime: Shutting down VM
08-06 06:32:37.313 13866 13866 I GoogleInputMethodServic: GoogleInputMethodService.onFinishInput():3138 
08-06 06:32:37.314 13866 13866 I GoogleInputMethodServic: GoogleInputMethodService.onStartInput():1808 
08-06 06:32:37.316 30345 31027 I art     : Explicit concurrent mark sweep GC freed 1471(83KB) AllocSpace objects, 1(20KB) LOS objects, 36% free, 27MB/43MB, paused 280us total 41.321ms
08-06 06:32:37.331 30345 31027 I art     : Starting a blocking GC Explicit
08-06 06:32:37.371 30345 31027 I art     : Explicit concurrent mark sweep GC freed 137(5KB) AllocSpace objects, 0(0B) LOS objects, 36% free, 27MB/43MB, paused 284us total 39.210ms
08-06 06:32:37.384 30345 31027 I art     : Starting a blocking GC Explicit
08-06 06:32:37.421 30345 31027 I art     : Explicit concurrent mark sweep GC freed 9(336B) AllocSpace objects, 0(0B) LOS objects, 36% free, 27MB/43MB, paused 237us total 36.799ms
08-06 06:32:37.439 30345 31027 I art     : Starting a blocking GC Explicit
08-06 06:32:37.489 30345 31027 I art     : Explicit concurrent mark sweep GC freed 3(96B) AllocSpace objects, 0(0B) LOS objects, 36% free, 27MB/43MB, paused 242us total 49.024ms
08-06 06:32:37.510 30345 31027 I art     : Starting a blocking GC Explicit
08-06 06:32:37.536 30345 31021 I RedditChangeDataIO: Writing tmp data file at '/data/user/0/baseline.org.quantumbadger.redreader/files/rr_change_data_tmp.dat'
08-06 06:32:37.536 30345 31021 I RedditChangeDataManager: Taking snapshot...
08-06 06:32:37.537 30345 31021 I RedditChangeDataManager: Writing to stream...
08-06 06:32:37.537 30345 31021 I RedditChangeDataManager: Wrote 1 entries for user ''
08-06 06:32:37.537 30345 31021 I RedditChangeDataManager: All entries written to stream.
08-06 06:32:37.537 30345 31021 I RedditChangeDataIO: Write successful. Atomically replacing data file...
08-06 06:32:37.537 30345 31021 I RedditChangeDataIO: Write complete.
08-06 06:32:37.537 30345 31021 I RedditChangeDataIO: 38 bytes written in 2 ms
08-06 06:32:37.564 30345 31027 I art     : Explicit concurrent mark sweep GC freed 71(4KB) AllocSpace objects, 1(68KB) LOS objects, 36% free, 27MB/43MB, paused 478us total 53.663ms
08-06 06:32:37.621   380   380 W SurfaceFlinger: couldn't log to binary event log: overflow.
08-06 06:32:37.637 13866 13882 I PeriodicStatsRunner: PeriodicStatsRunner.call():175 call()
08-06 06:32:37.637 13866 13882 I PeriodicStatsRunner: PeriodicStatsRunner.call():179 No submit PeriodicStats since input started.
08-06 06:32:37.824 30345 30357 I art     : Starting a blocking GC Explicit
08-06 06:32:37.873 30345 30357 I art     : Explicit concurrent mark sweep GC freed 1416(81KB) AllocSpace objects, 1(20KB) LOS objects, 36% free, 27MB/43MB, paused 303us total 48.716ms
08-06 06:32:37.893 30345 30357 I art     : Starting a blocking GC Explicit
08-06 06:32:37.927 30345 30357 I art     : Explicit concurrent mark sweep GC freed 46778(2MB) AllocSpace objects, 5(140KB) LOS objects, 39% free, 24MB/40MB, paused 246us total 34.124ms
08-06 06:32:37.941 30345 30357 I art     : Starting a blocking GC Explicit
08-06 06:32:37.971 30345 30357 I art     : Explicit concurrent mark sweep GC freed 3(96B) AllocSpace objects, 0(0B) LOS objects, 39% free, 24MB/40MB, paused 272us total 30.479ms
08-06 06:32:37.984 30345 30357 I art     : Starting a blocking GC Explicit
08-06 06:32:38.015 30345 30357 I art     : Explicit concurrent mark sweep GC freed 3(96B) AllocSpace objects, 0(0B) LOS objects, 39% free, 24MB/40MB, paused 263us total 30.115ms
08-06 06:32:38.028 30345 30357 I art     : Starting a blocking GC Explicit
08-06 06:32:38.058 30345 30357 I art     : Explicit concurrent mark sweep GC freed 3(96B) AllocSpace objects, 0(0B) LOS objects, 39% free, 24MB/40MB, paused 259us total 30.095ms
08-06 06:32:38.340 30345 30356 I art     : Starting a blocking GC Explicit
08-06 06:32:38.373 30345 30356 I art     : Explicit concurrent mark sweep GC freed 1614(122KB) AllocSpace objects, 1(20KB) LOS objects, 39% free, 24MB/40MB, paused 266us total 32.618ms
08-06 06:32:38.390 30345 30356 I art     : Starting a blocking GC Explicit
08-06 06:32:38.420 30345 30356 I art     : Explicit concurrent mark sweep GC freed 85(2880B) AllocSpace objects, 0(0B) LOS objects, 39% free, 24MB/40MB, paused 217us total 29.473ms
08-06 06:32:38.433 30345 30356 I art     : Starting a blocking GC Explicit
08-06 06:32:38.463 30345 30356 I art     : Explicit concurrent mark sweep GC freed 3(96B) AllocSpace objects, 0(0B) LOS objects, 39% free, 24MB/40MB, paused 255us total 29.984ms
08-06 06:32:38.476 30345 30356 I art     : Starting a blocking GC Explicit
08-06 06:32:38.507 30345 30356 I art     : Explicit concurrent mark sweep GC freed 3(96B) AllocSpace objects, 0(0B) LOS objects, 39% free, 24MB/40MB, paused 306us total 30.409ms
08-06 06:32:38.520 30345 30356 I art     : Starting a blocking GC Explicit
08-06 06:32:38.549 30345 30356 I art     : Explicit concurrent mark sweep GC freed 3(96B) AllocSpace objects, 0(0B) LOS objects, 39% free, 24MB/40MB, paused 226us total 28.208ms
08-06 06:32:38.823 30345 30369 I art     : Starting a blocking GC Explicit
08-06 06:32:38.861 30345 30369 I art     : Explicit concurrent mark sweep GC freed 1343(78KB) AllocSpace objects, 1(20KB) LOS objects, 39% free, 24MB/40MB, paused 276us total 37.482ms
08-06 06:32:38.876 30345 30369 I art     : Starting a blocking GC Explicit
08-06 06:32:38.902 30345 30369 I art     : Explicit concurrent mark sweep GC freed 20(704B) AllocSpace objects, 0(0B) LOS objects, 39% free, 24MB/40MB, paused 215us total 26.269ms
08-06 06:32:38.914 30345 30369 I art     : Starting a blocking GC Explicit
08-06 06:32:38.934 31143 31143 D AndroidRuntime: >>>>>> START com.android.internal.os.RuntimeInit uid 2000 <<<<<<
08-06 06:32:38.939 31143 31143 D AndroidRuntime: CheckJNI is OFF
08-06 06:32:38.943 30345 30369 I art     : Explicit concurrent mark sweep GC freed 3(96B) AllocSpace objects, 0(0B) LOS objects, 39% free, 24MB/40MB, paused 229us total 28.262ms
08-06 06:32:38.955 30345 30369 I art     : Starting a blocking GC Explicit
08-06 06:32:38.975 31143 31143 D ICU     : No timezone override file found: /data/misc/zoneinfo/current/icu/icu_tzdata.dat
08-06 06:32:38.984 30345 30369 I art     : Explicit concurrent mark sweep GC freed 3(96B) AllocSpace objects, 0(0B) LOS objects, 39% free, 24MB/40MB, paused 245us total 28.400ms
08-06 06:32:38.997 30345 30369 I art     : Starting a blocking GC Explicit
08-06 06:32:39.011 31143 31143 I Radio-JNI: register_android_hardware_Radio DONE
08-06 06:32:39.026 30345 30369 I art     : Explicit concurrent mark sweep GC freed 3(96B) AllocSpace objects, 0(0B) LOS objects, 39% free, 24MB/40MB, paused 227us total 28.742ms
08-06 06:32:39.033 31143 31143 D AndroidRuntime: Calling main entry com.android.commands.input.Input
08-06 06:32:39.036 31143 31143 I Input   : injectMotionEvent: MotionEvent { action=ACTION_DOWN, actionButton=0, id[0]=0, x[0]=600.0, y[0]=950.0, toolType[0]=TOOL_TYPE_UNKNOWN, buttonState=0, metaState=0, flags=0x0, edgeFlags=0x0, pointerCount=1, historySize=0, eventTime=858775448, downTime=858775448, deviceId=0, source=0x1002 }
08-06 06:32:39.042 31143 31143 I Input   : injectMotionEvent: MotionEvent { action=ACTION_UP, actionButton=0, id[0]=0, x[0]=600.0, y[0]=950.0, toolType[0]=TOOL_TYPE_UNKNOWN, buttonState=0, metaState=0, flags=0x0, edgeFlags=0x0, pointerCount=1, historySize=0, eventTime=858775448, downTime=858775448, deviceId=0, source=0x1002 }
08-06 06:32:39.043 31143 31143 D AndroidRuntime: Shutting down VM
08-06 06:32:39.059   512  2967 D audio_hw_primary: out_set_parameters: enter: usecase(1: low-latency-playback) kvpairs: routing=2
08-06 06:32:39.062   918   929 I ActivityManager: START u0 {dat=https://oauth.reddit.com/... cmp=baseline.org.quantumbadger.redreader/.activities.CommentListingActivity} from uid 10705 on display 0
08-06 06:32:39.072   512  2967 D audio_hw_primary: select_devices: out_snd_device(2: speaker) in_snd_device(0: none)
08-06 06:32:39.072   512  2967 D msm8974_platform: platform_send_audio_calibration: sending audio calibration for snd_device(2) acdb_id(15)
08-06 06:32:39.073   512  2967 I soundtrigger: audio_extn_sound_trigger_update_device_status: device 0x2 of type 0 for Event 1
08-06 06:32:39.082 30345 30345 I AppCompatViewInflater: app:theme is now deprecated. Please move to using android:theme instead.
08-06 06:32:39.083   512  2967 D audio_hw_primary: enable_snd_device: snd_device(2: speaker)
08-06 06:32:39.085   512  2967 D audio_hw_primary: enable_audio_route: apply and update mixer path: low-latency-playback speaker
08-06 06:32:39.097 30345 31169 D OK      : calling: https://oauth.reddit.com/comments/hwnhe2/.json?sort=confidence
08-06 06:32:39.168   918   936 I ActivityManager: Displayed baseline.org.quantumbadger.redreader/.activities.CommentListingActivity: +98ms
08-06 06:32:39.168 13866 13866 I GoogleInputMethodServic: GoogleInputMethodService.onFinishInput():3138 
08-06 06:32:39.168 13866 13866 I GoogleInputMethodServic: GoogleInputMethodService.onStartInput():1808 
08-06 06:32:39.262 30345 30357 I art     : Starting a blocking GC Explicit
08-06 06:32:39.297 30345 30357 I art     : Explicit concurrent mark sweep GC freed 6142(299KB) AllocSpace objects, 1(20KB) LOS objects, 38% free, 25MB/41MB, paused 334us total 33.821ms
08-06 06:32:39.311 30345 30357 I art     : Starting a blocking GC Explicit
08-06 06:32:39.349 30345 30357 I art     : Explicit concurrent mark sweep GC freed 489(23KB) AllocSpace objects, 0(0B) LOS objects, 38% free, 25MB/41MB, paused 320us total 37.042ms
08-06 06:32:39.364 30345 30357 I art     : Starting a blocking GC Explicit
08-06 06:32:39.388 30345 31169 I NAPPA_EXPERIMENTATION: MetricNetworkRequestExecutionTime: REQUEST_DURATION_SYSTEM='290',REQUEST_DURATION_OKHTTP='150',REQUEST_SYNCHRONOUS='TRUE',RESPONSE_CODE='200',RESPONSE_METHOD='GET',RESPONSE_LENGTH_OKHTTP='-1',RESPONSE_LENGTH_HEADER='3930',REQUEST_PROTOCOL='h2',REQUEST_URL='https://oauth.reddit.com/comments/hwnhe2/.json?sort=confidence',
08-06 06:32:39.388 30345 31169 D OK      : request got status: 200
08-06 06:32:39.400 30345 30917 I CommentListingActivity: COMMENTS session changed to b7862056-01d1-4f12-8651-586d09c2292b
08-06 06:32:39.401 30345 30357 I art     : Explicit concurrent mark sweep GC freed 512(37KB) AllocSpace objects, 0(0B) LOS objects, 38% free, 25MB/41MB, paused 400us total 36.950ms
08-06 06:32:39.417 30345 30357 I art     : Starting a blocking GC Explicit
08-06 06:32:39.425   380   380 W SurfaceFlinger: couldn't log to binary event log: overflow.
08-06 06:32:39.453 30345 30357 I art     : Explicit concurrent mark sweep GC freed 2928(289KB) AllocSpace objects, 3(100KB) LOS objects, 38% free, 25MB/41MB, paused 608us total 35.751ms
08-06 06:32:39.465 30345 30357 I art     : Starting a blocking GC Explicit
08-06 06:32:39.492 30345 30357 I art     : Explicit concurrent mark sweep GC freed 1142(68KB) AllocSpace objects, 1(68KB) LOS objects, 38% free, 25MB/41MB, paused 232us total 27.027ms
08-06 06:32:39.629   512  2967 D audio_hw_primary: disable_audio_route: reset and update mixer path: low-latency-playback speaker
08-06 06:32:39.631   512  2967 D audio_hw_primary: disable_snd_device: snd_device(2: speaker)
08-06 06:32:39.639   512  2967 I soundtrigger: audio_extn_sound_trigger_update_device_status: device 0x2 of type 0 for Event 0
08-06 06:32:39.774 30345 30357 I art     : Starting a blocking GC Explicit
08-06 06:32:39.809 30345 30357 I art     : Explicit concurrent mark sweep GC freed 1474(83KB) AllocSpace objects, 1(20KB) LOS objects, 38% free, 25MB/41MB, paused 525us total 35.274ms
08-06 06:32:39.823 30345 30357 I art     : Starting a blocking GC Explicit
08-06 06:32:39.855 30345 30357 I art     : Explicit concurrent mark sweep GC freed 24(832B) AllocSpace objects, 0(0B) LOS objects, 38% free, 25MB/41MB, paused 259us total 31.228ms
08-06 06:32:39.868 30345 30357 I art     : Starting a blocking GC Explicit
08-06 06:32:39.899 30345 30357 I art     : Explicit concurrent mark sweep GC freed 3(96B) AllocSpace objects, 0(0B) LOS objects, 38% free, 25MB/41MB, paused 249us total 30.989ms
08-06 06:32:39.914 30345 30357 I art     : Starting a blocking GC Explicit
08-06 06:32:39.944 30345 30357 I art     : Explicit concurrent mark sweep GC freed 3(96B) AllocSpace objects, 0(0B) LOS objects, 38% free, 25MB/41MB, paused 220us total 29.954ms
08-06 06:32:39.957 30345 30357 I art     : Starting a blocking GC Explicit
08-06 06:32:39.988 30345 30357 I art     : Explicit concurrent mark sweep GC freed 3(96B) AllocSpace objects, 0(0B) LOS objects, 38% free, 25MB/41MB, paused 251us total 30.604ms
08-06 06:32:40.049 28232 28232 I Atfwd_Sendcmd: AtCmdFwd service not ready - Exhausted retry attempts - :6
08-06 06:32:40.049 28232 28232 I Atfwd_Daemon: result : -1 	 ,Init step :2 	 ,qmiErrorCode: 0
08-06 06:32:40.280 30345 30357 I art     : Starting a blocking GC Explicit
08-06 06:32:40.327 30345 30357 I art     : Explicit concurrent mark sweep GC freed 1343(79KB) AllocSpace objects, 1(20KB) LOS objects, 38% free, 25MB/41MB, paused 310us total 46.077ms
08-06 06:32:40.346 30345 30357 I art     : Starting a blocking GC Explicit
08-06 06:32:40.383 30345 30357 I art     : Explicit concurrent mark sweep GC freed 66(2528B) AllocSpace objects, 0(0B) LOS objects, 38% free, 25MB/41MB, paused 257us total 36.134ms
08-06 06:32:40.396 30345 30357 I art     : Starting a blocking GC Explicit
08-06 06:32:40.429 30345 30357 I art     : Explicit concurrent mark sweep GC freed 3(96B) AllocSpace objects, 0(0B) LOS objects, 38% free, 25MB/41MB, paused 254us total 32.023ms
08-06 06:32:40.442 30345 30357 I art     : Starting a blocking GC Explicit
08-06 06:32:40.476 30345 30357 I art     : Explicit concurrent mark sweep GC freed 3(96B) AllocSpace objects, 0(0B) LOS objects, 38% free, 25MB/41MB, paused 259us total 33.290ms
08-06 06:32:40.489 30345 30357 I art     : Starting a blocking GC Explicit
08-06 06:32:40.521 30345 30357 I art     : Explicit concurrent mark sweep GC freed 3(96B) AllocSpace objects, 0(0B) LOS objects, 38% free, 25MB/41MB, paused 250us total 32.028ms
08-06 06:32:40.820 30345 30356 I art     : Starting a blocking GC Explicit
08-06 06:32:40.867 30345 30356 I art     : Explicit concurrent mark sweep GC freed 1343(79KB) AllocSpace objects, 1(20KB) LOS objects, 38% free, 25MB/41MB, paused 282us total 46.859ms
08-06 06:32:40.885 30345 30356 I art     : Starting a blocking GC Explicit
08-06 06:32:40.917 30345 30356 I art     : Explicit concurrent mark sweep GC freed 20(704B) AllocSpace objects, 0(0B) LOS objects, 38% free, 25MB/41MB, paused 265us total 32.055ms
08-06 06:32:40.931 30345 30356 I art     : Starting a blocking GC Explicit
08-06 06:32:40.962 30345 30356 I art     : Explicit concurrent mark sweep GC freed 3(96B) AllocSpace objects, 0(0B) LOS objects, 38% free, 25MB/41MB, paused 252us total 31.652ms
08-06 06:32:40.976 30345 30356 I art     : Starting a blocking GC Explicit
08-06 06:32:41.008 30345 30356 I art     : Explicit concurrent mark sweep GC freed 3(96B) AllocSpace objects, 0(0B) LOS objects, 38% free, 25MB/41MB, paused 253us total 32.489ms
08-06 06:32:41.022 30345 30356 I art     : Starting a blocking GC Explicit
08-06 06:32:41.055 30345 30356 I art     : Explicit concurrent mark sweep GC freed 3(96B) AllocSpace objects, 0(0B) LOS objects, 38% free, 25MB/41MB, paused 256us total 32.781ms
08-06 06:32:41.383 30345 31027 I art     : Starting a blocking GC Explicit
08-06 06:32:41.424 30345 31027 I art     : Explicit concurrent mark sweep GC freed 1343(79KB) AllocSpace objects, 1(20KB) LOS objects, 38% free, 25MB/41MB, paused 269us total 40.218ms
08-06 06:32:41.441 30345 31027 I art     : Starting a blocking GC Explicit
08-06 06:32:41.478 30345 31027 I art     : Explicit concurrent mark sweep GC freed 20(704B) AllocSpace objects, 0(0B) LOS objects, 38% free, 25MB/41MB, paused 291us total 36.373ms
08-06 06:32:41.491 30345 31027 I art     : Starting a blocking GC Explicit
08-06 06:32:41.523 30345 31027 I art     : Explicit concurrent mark sweep GC freed 3(96B) AllocSpace objects, 0(0B) LOS objects, 38% free, 25MB/41MB, paused 252us total 31.497ms
08-06 06:32:41.536 30345 31027 I art     : Starting a blocking GC Explicit
08-06 06:32:41.569 30345 31027 I art     : Explicit concurrent mark sweep GC freed 3(96B) AllocSpace objects, 0(0B) LOS objects, 38% free, 25MB/41MB, paused 256us total 32.265ms
08-06 06:32:41.582 30345 31027 I art     : Starting a blocking GC Explicit
08-06 06:32:41.615 30345 31027 I art     : Explicit concurrent mark sweep GC freed 3(96B) AllocSpace objects, 0(0B) LOS objects, 38% free, 25MB/41MB, paused 277us total 32.641ms
08-06 06:32:41.933 30345 30369 I art     : Starting a blocking GC Explicit
08-06 06:32:41.981 30345 30369 I art     : Explicit concurrent mark sweep GC freed 1343(79KB) AllocSpace objects, 1(20KB) LOS objects, 38% free, 25MB/41MB, paused 343us total 47.884ms
08-06 06:32:41.999 30345 30369 I art     : Starting a blocking GC Explicit
08-06 06:32:42.031 30345 30369 I art     : Explicit concurrent mark sweep GC freed 20(704B) AllocSpace objects, 0(0B) LOS objects, 38% free, 25MB/41MB, paused 256us total 31.361ms
08-06 06:32:42.044 30345 30369 I art     : Starting a blocking GC Explicit
08-06 06:32:42.077 30345 30369 I art     : Explicit concurrent mark sweep GC freed 3(96B) AllocSpace objects, 0(0B) LOS objects, 38% free, 25MB/41MB, paused 258us total 32.857ms
08-06 06:32:42.090 30345 30369 I art     : Starting a blocking GC Explicit
08-06 06:32:42.122 30345 30369 I art     : Explicit concurrent mark sweep GC freed 3(96B) AllocSpace objects, 0(0B) LOS objects, 38% free, 25MB/41MB, paused 257us total 31.375ms
08-06 06:32:42.135 30345 30369 I art     : Starting a blocking GC Explicit
08-06 06:32:42.167 30345 30369 I art     : Explicit concurrent mark sweep GC freed 3(96B) AllocSpace objects, 0(0B) LOS objects, 38% free, 25MB/41MB, paused 262us total 32.296ms
08-06 06:32:42.317 13866 13882 I PeriodicStatsRunner: PeriodicStatsRunner.call():175 call()
08-06 06:32:42.317 13866 13882 I PeriodicStatsRunner: PeriodicStatsRunner.call():179 No submit PeriodicStats since input started.
08-06 06:32:42.484 30345 30357 I art     : Starting a blocking GC Explicit
08-06 06:32:42.524 30345 30357 I art     : Explicit concurrent mark sweep GC freed 1348(80KB) AllocSpace objects, 1(20KB) LOS objects, 38% free, 25MB/41MB, paused 295us total 39.833ms
08-06 06:32:42.543 30345 30357 I art     : Starting a blocking GC Explicit
08-06 06:32:42.576 30345 30357 I art     : Explicit concurrent mark sweep GC freed 20(704B) AllocSpace objects, 0(0B) LOS objects, 38% free, 25MB/41MB, paused 256us total 32.155ms
08-06 06:32:42.589 30345 30357 I art     : Starting a blocking GC Explicit
08-06 06:32:42.621 30345 30357 I art     : Explicit concurrent mark sweep GC freed 3(96B) AllocSpace objects, 0(0B) LOS objects, 38% free, 25MB/41MB, paused 259us total 31.859ms
08-06 06:32:42.634 30345 30357 I art     : Starting a blocking GC Explicit
08-06 06:32:42.667 30345 30357 I art     : Explicit concurrent mark sweep GC freed 3(96B) AllocSpace objects, 0(0B) LOS objects, 38% free, 25MB/41MB, paused 329us total 32.355ms
08-06 06:32:42.680 30345 30357 I art     : Starting a blocking GC Explicit
08-06 06:32:42.712 30345 30357 I art     : Explicit concurrent mark sweep GC freed 3(96B) AllocSpace objects, 0(0B) LOS objects, 38% free, 25MB/41MB, paused 260us total 31.680ms
08-06 06:32:43.023 30345 30356 I art     : Starting a blocking GC Explicit
08-06 06:32:43.058 30345 30356 I art     : Explicit concurrent mark sweep GC freed 1344(79KB) AllocSpace objects, 1(20KB) LOS objects, 38% free, 25MB/41MB, paused 258us total 34.470ms
08-06 06:32:43.072 30345 30356 I art     : Starting a blocking GC Explicit
08-06 06:32:43.104 30345 30356 I art     : Explicit concurrent mark sweep GC freed 20(704B) AllocSpace objects, 0(0B) LOS objects, 38% free, 25MB/41MB, paused 261us total 32.552ms
08-06 06:32:43.118 30345 30356 I art     : Starting a blocking GC Explicit
08-06 06:32:43.150 30345 30356 I art     : Explicit concurrent mark sweep GC freed 3(96B) AllocSpace objects, 0(0B) LOS objects, 38% free, 25MB/41MB, paused 259us total 32.225ms
08-06 06:32:43.164 30345 30356 I art     : Starting a blocking GC Explicit
08-06 06:32:43.196 30345 30356 I art     : Explicit concurrent mark sweep GC freed 3(96B) AllocSpace objects, 0(0B) LOS objects, 38% free, 25MB/41MB, paused 260us total 32.146ms
08-06 06:32:43.210 30345 30356 I art     : Starting a blocking GC Explicit
08-06 06:32:43.242 30345 30356 I art     : Explicit concurrent mark sweep GC freed 3(96B) AllocSpace objects, 0(0B) LOS objects, 38% free, 25MB/41MB, paused 283us total 32.506ms
08-06 06:32:43.500 30345 31027 I art     : Starting a blocking GC Explicit
08-06 06:32:43.533 30345 31027 I art     : Explicit concurrent mark sweep GC freed 1343(79KB) AllocSpace objects, 1(20KB) LOS objects, 38% free, 25MB/41MB, paused 287us total 32.095ms
08-06 06:32:43.546 30345 31027 I art     : Starting a blocking GC Explicit
08-06 06:32:43.578 30345 31027 I art     : Explicit concurrent mark sweep GC freed 20(704B) AllocSpace objects, 0(0B) LOS objects, 38% free, 25MB/41MB, paused 256us total 31.673ms
08-06 06:32:43.591 30345 31027 I art     : Starting a blocking GC Explicit
08-06 06:32:43.622 30345 31027 I art     : Explicit concurrent mark sweep GC freed 3(96B) AllocSpace objects, 0(0B) LOS objects, 38% free, 25MB/41MB, paused 243us total 30.971ms
08-06 06:32:43.635 30345 31027 I art     : Starting a blocking GC Explicit
08-06 06:32:43.665 30345 31027 I art     : Explicit concurrent mark sweep GC freed 3(96B) AllocSpace objects, 0(0B) LOS objects, 38% free, 25MB/41MB, paused 259us total 30.104ms
08-06 06:32:43.678 30345 31027 I art     : Starting a blocking GC Explicit
08-06 06:32:43.710 30345 31027 I art     : Explicit concurrent mark sweep GC freed 3(96B) AllocSpace objects, 0(0B) LOS objects, 38% free, 25MB/41MB, paused 257us total 30.991ms
08-06 06:32:43.755 31253 31253 D AndroidRuntime: >>>>>> START com.android.internal.os.RuntimeInit uid 2000 <<<<<<
08-06 06:32:43.760 31253 31253 D AndroidRuntime: CheckJNI is OFF
08-06 06:32:43.794 31253 31253 D ICU     : No timezone override file found: /data/misc/zoneinfo/current/icu/icu_tzdata.dat
08-06 06:32:43.829 31253 31253 I Radio-JNI: register_android_hardware_Radio DONE
08-06 06:32:43.851 31253 31253 D AndroidRuntime: Calling main entry com.android.commands.input.Input
08-06 06:32:43.852 31253 31253 I Input   : injectKeyEvent: KeyEvent { action=ACTION_DOWN, keyCode=KEYCODE_BACK, scanCode=0, metaState=0, flags=0x0, repeatCount=0, eventTime=858780265, downTime=858780265, deviceId=-1, source=0x101 }
08-06 06:32:43.859 31253 31253 I Input   : injectKeyEvent: KeyEvent { action=ACTION_UP, keyCode=KEYCODE_BACK, scanCode=0, metaState=0, flags=0x0, repeatCount=0, eventTime=858780265, downTime=858780265, deviceId=-1, source=0x101 }
08-06 06:32:43.865 31253 31253 D AndroidRuntime: Shutting down VM
08-06 06:32:43.904 13866 13866 I GoogleInputMethodServic: GoogleInputMethodService.onFinishInput():3138 
08-06 06:32:43.904 13866 13866 I GoogleInputMethodServic: GoogleInputMethodService.onStartInput():1808 
08-06 06:32:43.965 30345 30369 I art     : Starting a blocking GC Explicit
08-06 06:32:43.991 30345 30369 I art     : Explicit concurrent mark sweep GC freed 1587(87KB) AllocSpace objects, 1(20KB) LOS objects, 38% free, 25MB/41MB, paused 253us total 26.665ms
08-06 06:32:44.003 30345 30369 I art     : Starting a blocking GC Explicit
08-06 06:32:44.036 30345 30369 I art     : Explicit concurrent mark sweep GC freed 24(864B) AllocSpace objects, 0(0B) LOS objects, 38% free, 25MB/41MB, paused 256us total 31.933ms
08-06 06:32:44.050 30345 30369 I art     : Starting a blocking GC Explicit
08-06 06:32:44.071 30345 31168 I RedditChangeDataIO: Writing tmp data file at '/data/user/0/baseline.org.quantumbadger.redreader/files/rr_change_data_tmp.dat'
08-06 06:32:44.071 30345 31168 I RedditChangeDataManager: Taking snapshot...
08-06 06:32:44.071 30345 31168 I RedditChangeDataManager: Writing to stream...
08-06 06:32:44.071 30345 31168 I RedditChangeDataManager: Wrote 2 entries for user ''
08-06 06:32:44.072 30345 31168 I RedditChangeDataManager: All entries written to stream.
08-06 06:32:44.072 30345 31168 I RedditChangeDataIO: Write successful. Atomically replacing data file...
08-06 06:32:44.072 30345 31168 I RedditChangeDataIO: Write complete.
08-06 06:32:44.072 30345 31168 I RedditChangeDataIO: 62 bytes written in 1 ms
08-06 06:32:44.087 30345 30369 I art     : Explicit concurrent mark sweep GC freed 73(4KB) AllocSpace objects, 1(68KB) LOS objects, 38% free, 25MB/41MB, paused 418us total 37.321ms
08-06 06:32:44.103 30345 30369 I art     : Starting a blocking GC Explicit
08-06 06:32:44.138 30345 30369 I art     : Explicit concurrent mark sweep GC freed 12(560B) AllocSpace objects, 0(0B) LOS objects, 38% free, 25MB/41MB, paused 384us total 35.376ms
08-06 06:32:44.153 30345 30369 I art     : Starting a blocking GC Explicit
08-06 06:32:44.169 13866 13882 I PeriodicStatsRunner: PeriodicStatsRunner.call():175 call()
08-06 06:32:44.169 13866 13882 I PeriodicStatsRunner: PeriodicStatsRunner.call():179 No submit PeriodicStats since input started.
08-06 06:32:44.191 30345 30369 I art     : Explicit concurrent mark sweep GC freed 3(96B) AllocSpace objects, 0(0B) LOS objects, 38% free, 25MB/41MB, paused 277us total 38.367ms
08-06 06:32:44.229   380   380 W SurfaceFlinger: couldn't log to binary event log: overflow.
08-06 06:32:44.457 30345 30356 I art     : Starting a blocking GC Explicit
08-06 06:32:44.494 30345 30356 I art     : Explicit concurrent mark sweep GC freed 1436(83KB) AllocSpace objects, 1(20KB) LOS objects, 38% free, 25MB/41MB, paused 267us total 36.871ms
08-06 06:32:44.510 30345 30356 I art     : Starting a blocking GC Explicit
08-06 06:32:44.542 30345 30356 I art     : Explicit concurrent mark sweep GC freed 3854(310KB) AllocSpace objects, 5(140KB) LOS objects, 39% free, 24MB/40MB, paused 219us total 31.587ms
08-06 06:32:44.555 30345 30356 I art     : Starting a blocking GC Explicit
08-06 06:32:44.585 30345 30356 I art     : Explicit concurrent mark sweep GC freed 3(96B) AllocSpace objects, 0(0B) LOS objects, 39% free, 24MB/40MB, paused 220us total 29.819ms
08-06 06:32:44.598 30345 30356 I art     : Starting a blocking GC Explicit
08-06 06:32:44.629 30345 30356 I art     : Explicit concurrent mark sweep GC freed 3(96B) AllocSpace objects, 0(0B) LOS objects, 39% free, 24MB/40MB, paused 223us total 30.523ms
08-06 06:32:44.642 30345 30356 I art     : Starting a blocking GC Explicit
08-06 06:32:44.673 30345 30356 I art     : Explicit concurrent mark sweep GC freed 3(96B) AllocSpace objects, 0(0B) LOS objects, 39% free, 24MB/40MB, paused 231us total 30.462ms
08-06 06:32:44.965 30345 30357 I art     : Starting a blocking GC Explicit
08-06 06:32:45.004 30345 30357 I art     : Explicit concurrent mark sweep GC freed 1343(79KB) AllocSpace objects, 1(20KB) LOS objects, 39% free, 24MB/40MB, paused 253us total 39.198ms
08-06 06:32:45.020 30345 30357 I art     : Starting a blocking GC Explicit
08-06 06:32:45.050 30345 30357 I art     : Explicit concurrent mark sweep GC freed 20(704B) AllocSpace objects, 0(0B) LOS objects, 39% free, 24MB/40MB, paused 225us total 30.453ms
08-06 06:32:45.064 30345 30357 I art     : Starting a blocking GC Explicit
08-06 06:32:45.094 30345 30357 I art     : Explicit concurrent mark sweep GC freed 3(96B) AllocSpace objects, 0(0B) LOS objects, 39% free, 24MB/40MB, paused 246us total 30.291ms
08-06 06:32:45.108 30345 30357 I art     : Starting a blocking GC Explicit
08-06 06:32:45.136 30345 30357 I art     : Explicit concurrent mark sweep GC freed 3(96B) AllocSpace objects, 0(0B) LOS objects, 39% free, 24MB/40MB, paused 220us total 28.152ms
08-06 06:32:45.149 30345 30357 I art     : Starting a blocking GC Explicit
08-06 06:32:45.177 30345 30357 I art     : Explicit concurrent mark sweep GC freed 3(96B) AllocSpace objects, 0(0B) LOS objects, 39% free, 24MB/40MB, paused 229us total 28.431ms
08-06 06:32:45.439 30345 31027 I art     : Starting a blocking GC Explicit
08-06 06:32:45.469 30345 31027 I art     : Explicit concurrent mark sweep GC freed 1343(79KB) AllocSpace objects, 1(20KB) LOS objects, 39% free, 24MB/40MB, paused 237us total 30.348ms
08-06 06:32:45.482 30345 31027 I art     : Starting a blocking GC Explicit
08-06 06:32:45.513 30345 31027 I art     : Explicit concurrent mark sweep GC freed 20(704B) AllocSpace objects, 0(0B) LOS objects, 39% free, 24MB/40MB, paused 241us total 30.541ms
08-06 06:32:45.517 31306 31306 D AndroidRuntime: >>>>>> START com.android.internal.os.RuntimeInit uid 2000 <<<<<<
08-06 06:32:45.522 31306 31306 D AndroidRuntime: CheckJNI is OFF
08-06 06:32:45.527 30345 31027 I art     : Starting a blocking GC Explicit
08-06 06:32:45.555 30345 31027 I art     : Explicit concurrent mark sweep GC freed 3(96B) AllocSpace objects, 0(0B) LOS objects, 39% free, 24MB/40MB, paused 227us total 28.466ms
08-06 06:32:45.557 31306 31306 D ICU     : No timezone override file found: /data/misc/zoneinfo/current/icu/icu_tzdata.dat
08-06 06:32:45.569 30345 31027 I art     : Starting a blocking GC Explicit
08-06 06:32:45.592 31306 31306 I Radio-JNI: register_android_hardware_Radio DONE
08-06 06:32:45.597 30345 31027 I art     : Explicit concurrent mark sweep GC freed 3(96B) AllocSpace objects, 0(0B) LOS objects, 39% free, 24MB/40MB, paused 264us total 28.385ms
08-06 06:32:45.610 30345 31027 I art     : Starting a blocking GC Explicit
08-06 06:32:45.614 31306 31306 D AndroidRuntime: Calling main entry com.android.commands.input.Input
08-06 06:32:45.616 31306 31306 I Input   : injectMotionEvent: MotionEvent { action=ACTION_DOWN, actionButton=0, id[0]=0, x[0]=600.0, y[0]=1200.0, toolType[0]=TOOL_TYPE_UNKNOWN, buttonState=0, metaState=0, flags=0x0, edgeFlags=0x0, pointerCount=1, historySize=0, eventTime=858782029, downTime=858782029, deviceId=0, source=0x1002 }
08-06 06:32:45.621 31306 31306 I Input   : injectMotionEvent: MotionEvent { action=ACTION_UP, actionButton=0, id[0]=0, x[0]=600.0, y[0]=1200.0, toolType[0]=TOOL_TYPE_UNKNOWN, buttonState=0, metaState=0, flags=0x0, edgeFlags=0x0, pointerCount=1, historySize=0, eventTime=858782029, downTime=858782029, deviceId=0, source=0x1002 }
08-06 06:32:45.623 31306 31306 D AndroidRuntime: Shutting down VM
08-06 06:32:45.635   512  2967 D audio_hw_primary: out_set_parameters: enter: usecase(1: low-latency-playback) kvpairs: routing=2
08-06 06:32:45.639   918   928 I ActivityManager: START u0 {dat=https://oauth.reddit.com/... cmp=baseline.org.quantumbadger.redreader/.activities.CommentListingActivity} from uid 10705 on display 0
08-06 06:32:45.641 30345 31027 I art     : Explicit concurrent mark sweep GC freed 204(9KB) AllocSpace objects, 0(0B) LOS objects, 39% free, 24MB/40MB, paused 300us total 31.591ms
08-06 06:32:45.648   512  2967 D audio_hw_primary: select_devices: out_snd_device(2: speaker) in_snd_device(0: none)
08-06 06:32:45.648   512  2967 D msm8974_platform: platform_send_audio_calibration: sending audio calibration for snd_device(2) acdb_id(15)
08-06 06:32:45.649   512  2967 I soundtrigger: audio_extn_sound_trigger_update_device_status: device 0x2 of type 0 for Event 1
08-06 06:32:45.659   512  2967 D audio_hw_primary: enable_snd_device: snd_device(2: speaker)
08-06 06:32:45.660 30345 30345 I AppCompatViewInflater: app:theme is now deprecated. Please move to using android:theme instead.
08-06 06:32:45.661   512  2967 D audio_hw_primary: enable_audio_route: apply and update mixer path: low-latency-playback speaker
08-06 06:32:45.662   918   937 W ProcessCpuTracker: Skipping unknown process pid 31314
08-06 06:32:45.662   918   937 W ProcessCpuTracker: Skipping unknown process pid 31316
08-06 06:32:45.662   918   937 W ProcessCpuTracker: Skipping unknown process pid 31317
08-06 06:32:45.675 30345 31332 D OK      : calling: https://oauth.reddit.com/comments/hza888/.json?sort=confidence
08-06 06:32:45.738   918   936 I ActivityManager: Displayed baseline.org.quantumbadger.redreader/.activities.CommentListingActivity: +88ms
08-06 06:32:45.738 13866 13866 I GoogleInputMethodServic: GoogleInputMethodService.onFinishInput():3138 
08-06 06:32:45.739 13866 13866 I GoogleInputMethodServic: GoogleInputMethodService.onStartInput():1808 
08-06 06:32:45.887 30345 30356 I art     : Starting a blocking GC Explicit
08-06 06:32:45.926 30345 30356 I art     : Explicit concurrent mark sweep GC freed 6118(323KB) AllocSpace objects, 1(20KB) LOS objects, 38% free, 25MB/41MB, paused 286us total 38.578ms
08-06 06:32:45.942 30345 30356 I art     : Starting a blocking GC Explicit
08-06 06:32:45.979 30345 30356 I art     : Explicit concurrent mark sweep GC freed 542(25KB) AllocSpace objects, 0(0B) LOS objects, 39% free, 25MB/41MB, paused 333us total 36.579ms
08-06 06:32:45.998 30345 30356 I art     : Starting a blocking GC Explicit
08-06 06:32:45.998   380   380 W SurfaceFlinger: couldn't log to binary event log: overflow.
08-06 06:32:46.028 30345 30356 I art     : Explicit concurrent mark sweep GC freed 3(96B) AllocSpace objects, 0(0B) LOS objects, 39% free, 25MB/41MB, paused 291us total 30.462ms
08-06 06:32:46.041 30345 30356 I art     : Starting a blocking GC Explicit
08-06 06:32:46.044 30345 31332 I NAPPA_EXPERIMENTATION: MetricNetworkRequestExecutionTime: REQUEST_DURATION_SYSTEM='368',REQUEST_DURATION_OKHTTP='145',REQUEST_SYNCHRONOUS='TRUE',RESPONSE_CODE='200',RESPONSE_METHOD='GET',RESPONSE_LENGTH_OKHTTP='-1',RESPONSE_LENGTH_HEADER='21928',REQUEST_PROTOCOL='h2',REQUEST_URL='https://oauth.reddit.com/comments/hza888/.json?sort=confidence',
08-06 06:32:46.044 30345 31332 D OK      : request got status: 200
08-06 06:32:46.062 30345 30917 I CommentListingActivity: COMMENTS session changed to 543f5722-006f-42b9-b33c-ff9f86f69014
08-06 06:32:46.068 30345 30356 I art     : Explicit concurrent mark sweep GC freed 777(81KB) AllocSpace objects, 0(0B) LOS objects, 38% free, 25MB/41MB, paused 459us total 27.262ms
08-06 06:32:46.081 30345 30356 I art     : Starting a blocking GC Explicit
08-06 06:32:46.111 30345 30356 I art     : Explicit concurrent mark sweep GC freed 2076(116KB) AllocSpace objects, 0(0B) LOS objects, 38% free, 25MB/41MB, paused 450us total 30.679ms
08-06 06:32:46.200   512  2967 D audio_hw_primary: disable_audio_route: reset and update mixer path: low-latency-playback speaker
08-06 06:32:46.201   512  2967 D audio_hw_primary: disable_snd_device: snd_device(2: speaker)
08-06 06:32:46.208   512  2967 I soundtrigger: audio_extn_sound_trigger_update_device_status: device 0x2 of type 0 for Event 0
08-06 06:32:46.394 30345 30369 I art     : Starting a blocking GC Explicit
08-06 06:32:46.436 30345 30369 I art     : Explicit concurrent mark sweep GC freed 16641(959KB) AllocSpace objects, 3(156KB) LOS objects, 37% free, 26MB/42MB, paused 252us total 42.343ms
08-06 06:32:46.451 30345 30369 I art     : Starting a blocking GC Explicit
08-06 06:32:46.486 30345 30369 I art     : Explicit concurrent mark sweep GC freed 77(3KB) AllocSpace objects, 0(0B) LOS objects, 37% free, 26MB/42MB, paused 224us total 34.920ms
08-06 06:32:46.499 30345 30369 I art     : Starting a blocking GC Explicit
08-06 06:32:46.534 30345 30369 I art     : Explicit concurrent mark sweep GC freed 3(96B) AllocSpace objects, 0(0B) LOS objects, 37% free, 26MB/42MB, paused 224us total 34.804ms
08-06 06:32:46.548 30345 30369 I art     : Starting a blocking GC Explicit
08-06 06:32:46.585 30345 30369 I art     : Explicit concurrent mark sweep GC freed 3(96B) AllocSpace objects, 0(0B) LOS objects, 37% free, 26MB/42MB, paused 224us total 36.447ms
08-06 06:32:46.598 30345 30369 I art     : Starting a blocking GC Explicit
08-06 06:32:46.634 30345 30369 I art     : Explicit concurrent mark sweep GC freed 3(96B) AllocSpace objects, 0(0B) LOS objects, 37% free, 26MB/42MB, paused 231us total 35.429ms
08-06 06:32:46.913 30345 30369 I art     : Starting a blocking GC Explicit
08-06 06:32:46.960 30345 30369 I art     : Explicit concurrent mark sweep GC freed 1343(80KB) AllocSpace objects, 1(20KB) LOS objects, 37% free, 26MB/42MB, paused 287us total 47.369ms
08-06 06:32:46.978 30345 30369 I art     : Starting a blocking GC Explicit
08-06 06:32:47.016 30345 30369 I art     : Explicit concurrent mark sweep GC freed 66(2528B) AllocSpace objects, 0(0B) LOS objects, 37% free, 26MB/42MB, paused 262us total 36.979ms
08-06 06:32:47.030 30345 30369 I art     : Starting a blocking GC Explicit
08-06 06:32:47.067 30345 30369 I art     : Explicit concurrent mark sweep GC freed 3(96B) AllocSpace objects, 0(0B) LOS objects, 37% free, 26MB/42MB, paused 292us total 37.295ms
08-06 06:32:47.081 30345 30369 I art     : Starting a blocking GC Explicit
08-06 06:32:47.119 30345 30369 I art     : Explicit concurrent mark sweep GC freed 3(96B) AllocSpace objects, 0(0B) LOS objects, 37% free, 26MB/42MB, paused 252us total 38.103ms
08-06 06:32:47.134 30345 30369 I art     : Starting a blocking GC Explicit
08-06 06:32:47.172 30345 30369 I art     : Explicit concurrent mark sweep GC freed 3(96B) AllocSpace objects, 0(0B) LOS objects, 37% free, 26MB/42MB, paused 262us total 37.986ms
08-06 06:32:47.484 30345 31027 I art     : Starting a blocking GC Explicit
08-06 06:32:47.532 30345 31027 I art     : Explicit concurrent mark sweep GC freed 1343(80KB) AllocSpace objects, 1(20KB) LOS objects, 37% free, 26MB/42MB, paused 334us total 47.311ms
08-06 06:32:47.550 30345 31027 I art     : Starting a blocking GC Explicit
08-06 06:32:47.588 30345 31027 I art     : Explicit concurrent mark sweep GC freed 20(704B) AllocSpace objects, 0(0B) LOS objects, 37% free, 26MB/42MB, paused 262us total 38.234ms
08-06 06:32:47.602 30345 31027 I art     : Starting a blocking GC Explicit
08-06 06:32:47.641 30345 31027 I art     : Explicit concurrent mark sweep GC freed 3(96B) AllocSpace objects, 0(0B) LOS objects, 37% free, 26MB/42MB, paused 260us total 38.406ms
08-06 06:32:47.655 30345 31027 I art     : Starting a blocking GC Explicit
08-06 06:32:47.693 30345 31027 I art     : Explicit concurrent mark sweep GC freed 3(96B) AllocSpace objects, 0(0B) LOS objects, 37% free, 26MB/42MB, paused 257us total 38.125ms
08-06 06:32:47.708 30345 31027 I art     : Starting a blocking GC Explicit
08-06 06:32:47.746 30345 31027 I art     : Explicit concurrent mark sweep GC freed 3(96B) AllocSpace objects, 0(0B) LOS objects, 37% free, 26MB/42MB, paused 256us total 37.811ms
08-06 06:32:48.012 30345 30356 I art     : Starting a blocking GC Explicit
08-06 06:32:48.050 30345 30356 I art     : Explicit concurrent mark sweep GC freed 1343(80KB) AllocSpace objects, 1(20KB) LOS objects, 37% free, 26MB/42MB, paused 273us total 37.354ms
08-06 06:32:48.064 30345 30356 I art     : Starting a blocking GC Explicit
08-06 06:32:48.100 30345 30356 I art     : Explicit concurrent mark sweep GC freed 20(704B) AllocSpace objects, 0(0B) LOS objects, 37% free, 26MB/42MB, paused 260us total 36.128ms
08-06 06:32:48.114 30345 30356 I art     : Starting a blocking GC Explicit
08-06 06:32:48.150 30345 30356 I art     : Explicit concurrent mark sweep GC freed 3(96B) AllocSpace objects, 0(0B) LOS objects, 37% free, 26MB/42MB, paused 257us total 36.231ms
08-06 06:32:48.164 30345 30356 I art     : Starting a blocking GC Explicit
08-06 06:32:48.197 30345 30356 I art     : Explicit concurrent mark sweep GC freed 3(96B) AllocSpace objects, 0(0B) LOS objects, 37% free, 26MB/42MB, paused 248us total 32.927ms
08-06 06:32:48.211 30345 30356 I art     : Starting a blocking GC Explicit
08-06 06:32:48.247 30345 30356 I art     : Explicit concurrent mark sweep GC freed 3(96B) AllocSpace objects, 0(0B) LOS objects, 37% free, 26MB/42MB, paused 250us total 35.803ms
08-06 06:32:48.332 31376 31376 D AndroidRuntime: >>>>>> START com.android.internal.os.RuntimeInit uid 2000 <<<<<<
08-06 06:32:48.338 31376 31376 D AndroidRuntime: CheckJNI is OFF
08-06 06:32:48.377 31376 31376 D ICU     : No timezone override file found: /data/misc/zoneinfo/current/icu/icu_tzdata.dat
08-06 06:32:48.411 31376 31376 I Radio-JNI: register_android_hardware_Radio DONE
08-06 06:32:48.433 31376 31376 D AndroidRuntime: Calling main entry com.android.commands.input.Input
08-06 06:32:48.435 31376 31376 I Input   : injectKeyEvent: KeyEvent { action=ACTION_DOWN, keyCode=KEYCODE_BACK, scanCode=0, metaState=0, flags=0x0, repeatCount=0, eventTime=858784848, downTime=858784848, deviceId=-1, source=0x101 }
08-06 06:32:48.440 31376 31376 I Input   : injectKeyEvent: KeyEvent { action=ACTION_UP, keyCode=KEYCODE_BACK, scanCode=0, metaState=0, flags=0x0, repeatCount=0, eventTime=858784848, downTime=858784848, deviceId=-1, source=0x101 }
08-06 06:32:48.446 31376 31376 D AndroidRuntime: Shutting down VM
08-06 06:32:48.492 13866 13866 I GoogleInputMethodServic: GoogleInputMethodService.onFinishInput():3138 
08-06 06:32:48.493 13866 13866 I GoogleInputMethodServic: GoogleInputMethodService.onStartInput():1808 
08-06 06:32:48.517 30345 30369 I art     : Starting a blocking GC Explicit
08-06 06:32:48.555 30345 30369 I art     : Explicit concurrent mark sweep GC freed 1585(88KB) AllocSpace objects, 1(20KB) LOS objects, 37% free, 26MB/42MB, paused 243us total 36.929ms
08-06 06:32:48.567 30345 30369 I art     : Starting a blocking GC Explicit
08-06 06:32:48.598 30345 30369 I art     : Explicit concurrent mark sweep GC freed 36(1264B) AllocSpace objects, 0(0B) LOS objects, 37% free, 26MB/42MB, paused 241us total 30.775ms
08-06 06:32:48.611 30345 30369 I art     : Starting a blocking GC Explicit
08-06 06:32:48.645 30345 30369 I art     : Explicit concurrent mark sweep GC freed 3(96B) AllocSpace objects, 0(0B) LOS objects, 37% free, 26MB/42MB, paused 225us total 33.415ms
08-06 06:32:48.659 30345 30369 I art     : Starting a blocking GC Explicit
08-06 06:32:48.701 30345 30369 I art     : Explicit concurrent mark sweep GC freed 3(96B) AllocSpace objects, 0(0B) LOS objects, 37% free, 26MB/42MB, paused 266us total 41.956ms
08-06 06:32:48.720 30345 30369 I art     : Starting a blocking GC Explicit
08-06 06:32:48.765 30345 30369 I art     : Explicit concurrent mark sweep GC freed 3(96B) AllocSpace objects, 0(0B) LOS objects, 37% free, 26MB/42MB, paused 259us total 45.332ms
08-06 06:32:48.801   380   380 W SurfaceFlinger: couldn't log to binary event log: overflow.
08-06 06:32:48.904 13866 13882 I PeriodicStatsRunner: PeriodicStatsRunner.call():175 call()
08-06 06:32:48.905 13866 13882 I PeriodicStatsRunner: PeriodicStatsRunner.call():179 No submit PeriodicStats since input started.
08-06 06:32:49.038 30345 30357 I art     : Starting a blocking GC Explicit
08-06 06:32:49.073 30345 30357 I art     : Explicit concurrent mark sweep GC freed 1396(82KB) AllocSpace objects, 1(20KB) LOS objects, 37% free, 26MB/42MB, paused 321us total 34.442ms
08-06 06:32:49.086 30345 30357 I art     : Starting a blocking GC Explicit
08-06 06:32:49.114 30345 30357 I art     : Explicit concurrent mark sweep GC freed 22993(1248KB) AllocSpace objects, 5(164KB) LOS objects, 39% free, 24MB/40MB, paused 256us total 28.430ms
08-06 06:32:49.126 30345 30357 I art     : Starting a blocking GC Explicit
08-06 06:32:49.155 30345 30357 I art     : Explicit concurrent mark sweep GC freed 21(768B) AllocSpace objects, 0(0B) LOS objects, 39% free, 24MB/40MB, paused 251us total 28.698ms
08-06 06:32:49.168 30345 30357 I art     : Starting a blocking GC Explicit
08-06 06:32:49.198 30345 30357 I art     : Explicit concurrent mark sweep GC freed 3(96B) AllocSpace objects, 0(0B) LOS objects, 39% free, 24MB/40MB, paused 263us total 29.991ms
08-06 06:32:49.212 30345 30357 I art     : Starting a blocking GC Explicit
08-06 06:32:49.243 30345 30357 I art     : Explicit concurrent mark sweep GC freed 3(96B) AllocSpace objects, 0(0B) LOS objects, 39% free, 24MB/40MB, paused 261us total 31.141ms
08-06 06:32:49.535 30345 31027 I art     : Starting a blocking GC Explicit
08-06 06:32:49.577 30345 31027 I art     : Explicit concurrent mark sweep GC freed 1347(80KB) AllocSpace objects, 1(20KB) LOS objects, 39% free, 24MB/40MB, paused 347us total 42.346ms
08-06 06:32:49.594 30345 31027 I art     : Starting a blocking GC Explicit
08-06 06:32:49.625 30345 31027 I art     : Explicit concurrent mark sweep GC freed 20(704B) AllocSpace objects, 0(0B) LOS objects, 39% free, 24MB/40MB, paused 262us total 31.037ms
08-06 06:32:49.639 30345 31027 I art     : Starting a blocking GC Explicit
08-06 06:32:49.669 30345 31027 I art     : Explicit concurrent mark sweep GC freed 3(96B) AllocSpace objects, 0(0B) LOS objects, 39% free, 24MB/40MB, paused 256us total 30.579ms
08-06 06:32:49.683 30345 31027 I art     : Starting a blocking GC Explicit
08-06 06:32:49.712 30345 31027 I art     : Explicit concurrent mark sweep GC freed 3(96B) AllocSpace objects, 0(0B) LOS objects, 39% free, 24MB/40MB, paused 264us total 29.055ms
08-06 06:32:49.725 30345 31027 I art     : Starting a blocking GC Explicit
08-06 06:32:49.752 30345 31027 I art     : Explicit concurrent mark sweep GC freed 3(96B) AllocSpace objects, 0(0B) LOS objects, 39% free, 24MB/40MB, paused 255us total 26.520ms
08-06 06:32:50.024 30345 30369 I art     : Starting a blocking GC Explicit
08-06 06:32:50.050 28232 28232 I ServiceManager: Waiting for service AtCmdFwd...
08-06 06:32:50.055 30345 30369 I art     : Explicit concurrent mark sweep GC freed 1344(80KB) AllocSpace objects, 1(20KB) LOS objects, 39% free, 24MB/40MB, paused 266us total 30.580ms
08-06 06:32:50.068 30345 30369 I art     : Starting a blocking GC Explicit
08-06 06:32:50.098 30345 30369 I art     : Explicit concurrent mark sweep GC freed 20(704B) AllocSpace objects, 0(0B) LOS objects, 39% free, 24MB/40MB, paused 254us total 30.022ms
08-06 06:32:50.111 30345 30369 I art     : Starting a blocking GC Explicit
08-06 06:32:50.114 31430 31430 D AndroidRuntime: >>>>>> START com.android.internal.os.RuntimeInit uid 2000 <<<<<<
08-06 06:32:50.119 31430 31430 D AndroidRuntime: CheckJNI is OFF
08-06 06:32:50.141 30345 30369 I art     : Explicit concurrent mark sweep GC freed 3(96B) AllocSpace objects, 0(0B) LOS objects, 39% free, 24MB/40MB, paused 254us total 29.998ms
08-06 06:32:50.154 30345 30369 I art     : Starting a blocking GC Explicit
08-06 06:32:50.157 31430 31430 D ICU     : No timezone override file found: /data/misc/zoneinfo/current/icu/icu_tzdata.dat
08-06 06:32:50.183 30345 30369 I art     : Explicit concurrent mark sweep GC freed 3(96B) AllocSpace objects, 0(0B) LOS objects, 39% free, 24MB/40MB, paused 268us total 29.356ms
08-06 06:32:50.193 31430 31430 I Radio-JNI: register_android_hardware_Radio DONE
08-06 06:32:50.197 30345 30369 I art     : Starting a blocking GC Explicit
08-06 06:32:50.215 31430 31430 D AndroidRuntime: Calling main entry com.android.commands.input.Input
08-06 06:32:50.218 31430 31430 I Input   : injectMotionEvent: MotionEvent { action=ACTION_DOWN, actionButton=0, id[0]=0, x[0]=600.0, y[0]=950.0, toolType[0]=TOOL_TYPE_UNKNOWN, buttonState=0, metaState=0, flags=0x0, edgeFlags=0x0, pointerCount=1, historySize=0, eventTime=858786630, downTime=858786630, deviceId=0, source=0x1002 }
08-06 06:32:50.225 31430 31430 I Input   : injectMotionEvent: MotionEvent { action=ACTION_UP, actionButton=0, id[0]=0, x[0]=600.0, y[0]=950.0, toolType[0]=TOOL_TYPE_UNKNOWN, buttonState=0, metaState=0, flags=0x0, edgeFlags=0x0, pointerCount=1, historySize=0, eventTime=858786630, downTime=858786630, deviceId=0, source=0x1002 }
08-06 06:32:50.225 30345 30369 I art     : Explicit concurrent mark sweep GC freed 3(96B) AllocSpace objects, 0(0B) LOS objects, 39% free, 24MB/40MB, paused 242us total 28.211ms
08-06 06:32:50.226 31430 31430 D AndroidRuntime: Shutting down VM
08-06 06:32:50.242   512  2967 D audio_hw_primary: out_set_parameters: enter: usecase(1: low-latency-playback) kvpairs: routing=2
08-06 06:32:50.249   918  3670 I ActivityManager: START u0 {dat=https://oauth.reddit.com/... cmp=baseline.org.quantumbadger.redreader/.activities.CommentListingActivity} from uid 10705 on display 0
08-06 06:32:50.255   512  2967 D audio_hw_primary: select_devices: out_snd_device(2: speaker) in_snd_device(0: none)
08-06 06:32:50.255   512  2967 D msm8974_platform: platform_send_audio_calibration: sending audio calibration for snd_device(2) acdb_id(15)
08-06 06:32:50.255   512  2967 I soundtrigger: audio_extn_sound_trigger_update_device_status: device 0x2 of type 0 for Event 1
08-06 06:32:50.266   512  2967 D audio_hw_primary: enable_snd_device: snd_device(2: speaker)
08-06 06:32:50.269   512  2967 D audio_hw_primary: enable_audio_route: apply and update mixer path: low-latency-playback speaker
08-06 06:32:50.269 30345 30345 I AppCompatViewInflater: app:theme is now deprecated. Please move to using android:theme instead.
08-06 06:32:50.286 30345 30917 I CommentListingActivity: COMMENTS session changed to b7862056-01d1-4f12-8651-586d09c2292b
08-06 06:32:50.400 13866 13866 I GoogleInputMethodServic: GoogleInputMethodService.onFinishInput():3138 
08-06 06:32:50.401   918   936 I ActivityManager: Displayed baseline.org.quantumbadger.redreader/.activities.CommentListingActivity: +142ms
08-06 06:32:50.401 13866 13866 I GoogleInputMethodServic: GoogleInputMethodService.onStartInput():1808 
08-06 06:32:50.474 30345 30357 I art     : Starting a blocking GC Explicit
08-06 06:32:50.505 30345 30357 I art     : Explicit concurrent mark sweep GC freed 7963(565KB) AllocSpace objects, 3(52KB) LOS objects, 38% free, 25MB/41MB, paused 277us total 30.568ms
08-06 06:32:50.519 30345 30357 I art     : Starting a blocking GC Explicit
08-06 06:32:50.554 30345 30357 I art     : Explicit concurrent mark sweep GC freed 512(24KB) AllocSpace objects, 0(0B) LOS objects, 38% free, 25MB/41MB, paused 251us total 34.251ms
08-06 06:32:50.570 30345 30357 I art     : Starting a blocking GC Explicit
08-06 06:32:50.604 30345 30357 I art     : Explicit concurrent mark sweep GC freed 3(96B) AllocSpace objects, 0(0B) LOS objects, 38% free, 25MB/41MB, paused 256us total 33.502ms
08-06 06:32:50.619 30345 30357 I art     : Starting a blocking GC Explicit
08-06 06:32:50.637   380   380 W SurfaceFlinger: couldn't log to binary event log: overflow.
08-06 06:32:50.652 30345 31330 I RedditChangeDataIO: Writing tmp data file at '/data/user/0/baseline.org.quantumbadger.redreader/files/rr_change_data_tmp.dat'
08-06 06:32:50.652 30345 30357 I art     : Explicit concurrent mark sweep GC freed 3(96B) AllocSpace objects, 0(0B) LOS objects, 38% free, 25MB/41MB, paused 259us total 33.287ms
08-06 06:32:50.653 30345 31330 I RedditChangeDataManager: Taking snapshot...
08-06 06:32:50.653 30345 31330 I RedditChangeDataManager: Writing to stream...
08-06 06:32:50.653 30345 31330 I RedditChangeDataManager: Wrote 3 entries for user ''
08-06 06:32:50.653 30345 31330 I RedditChangeDataManager: All entries written to stream.
08-06 06:32:50.653 30345 31330 I RedditChangeDataIO: Write successful. Atomically replacing data file...
08-06 06:32:50.653 30345 31330 I RedditChangeDataIO: Write complete.
08-06 06:32:50.654 30345 31330 I RedditChangeDataIO: 86 bytes written in 1 ms
08-06 06:32:50.665 30345 30357 I art     : Starting a blocking GC Explicit
08-06 06:32:50.691 30345 30357 I art     : Explicit concurrent mark sweep GC freed 81(4KB) AllocSpace objects, 1(68KB) LOS objects, 38% free, 25MB/41MB, paused 211us total 26.581ms
08-06 06:32:50.739 13866 13882 I PeriodicStatsRunner: PeriodicStatsRunner.call():175 call()
08-06 06:32:50.739 13866 13882 I PeriodicStatsRunner: PeriodicStatsRunner.call():179 No submit PeriodicStats since input started.
08-06 06:32:50.801   512  2967 D audio_hw_primary: disable_audio_route: reset and update mixer path: low-latency-playback speaker
08-06 06:32:50.802   512  2967 D audio_hw_primary: disable_snd_device: snd_device(2: speaker)
08-06 06:32:50.810   512  2967 I soundtrigger: audio_extn_sound_trigger_update_device_status: device 0x2 of type 0 for Event 0
08-06 06:32:50.963 30345 31027 I art     : Starting a blocking GC Explicit
08-06 06:32:50.987   918  3188 I hubconnection: sensorhub said: 'set_bias 3: -6.2400, 0.0000, 0.0000'
08-06 06:32:50.994 30345 31027 I art     : Explicit concurrent mark sweep GC freed 1429(83KB) AllocSpace objects, 1(20KB) LOS objects, 38% free, 25MB/41MB, paused 254us total 31.294ms
08-06 06:32:51.007 30345 31027 I art     : Starting a blocking GC Explicit
08-06 06:32:51.039 30345 31027 I art     : Explicit concurrent mark sweep GC freed 66(2528B) AllocSpace objects, 0(0B) LOS objects, 38% free, 25MB/41MB, paused 251us total 31.607ms
08-06 06:32:51.050 28232 28232 I ServiceManager: Waiting for service AtCmdFwd...
08-06 06:32:51.052 30345 31027 I art     : Starting a blocking GC Explicit
08-06 06:32:51.084 30345 31027 I art     : Explicit concurrent mark sweep GC freed 3(96B) AllocSpace objects, 0(0B) LOS objects, 38% free, 25MB/41MB, paused 259us total 31.723ms
08-06 06:32:51.098 30345 31027 I art     : Starting a blocking GC Explicit
08-06 06:32:51.131 30345 31027 I art     : Explicit concurrent mark sweep GC freed 3(96B) AllocSpace objects, 0(0B) LOS objects, 38% free, 25MB/41MB, paused 255us total 32.619ms
08-06 06:32:51.145 30345 31027 I art     : Starting a blocking GC Explicit
08-06 06:32:51.176 30345 31027 I art     : Explicit concurrent mark sweep GC freed 238(36KB) AllocSpace objects, 0(0B) LOS objects, 38% free, 25MB/41MB, paused 234us total 31.533ms
08-06 06:32:51.464 30345 30357 I art     : Starting a blocking GC Explicit
08-06 06:32:51.500 30345 30357 I art     : Explicit concurrent mark sweep GC freed 1408(82KB) AllocSpace objects, 1(20KB) LOS objects, 38% free, 25MB/41MB, paused 257us total 35.997ms
08-06 06:32:51.516 30345 30357 I art     : Starting a blocking GC Explicit
08-06 06:32:51.549 30345 30357 I art     : Explicit concurrent mark sweep GC freed 20(704B) AllocSpace objects, 0(0B) LOS objects, 38% free, 25MB/41MB, paused 233us total 31.861ms
08-06 06:32:51.562 30345 30357 I art     : Starting a blocking GC Explicit
08-06 06:32:51.593 30345 30357 I art     : Explicit concurrent mark sweep GC freed 3(96B) AllocSpace objects, 0(0B) LOS objects, 38% free, 25MB/41MB, paused 235us total 31.140ms
08-06 06:32:51.606 30345 30357 I art     : Starting a blocking GC Explicit
08-06 06:32:51.639 30345 30357 I art     : Explicit concurrent mark sweep GC freed 3(96B) AllocSpace objects, 0(0B) LOS objects, 38% free, 25MB/41MB, paused 234us total 32.197ms
08-06 06:32:51.652 30345 30357 I art     : Starting a blocking GC Explicit
08-06 06:32:51.684 30345 30357 I art     : Explicit concurrent mark sweep GC freed 3(96B) AllocSpace objects, 0(0B) LOS objects, 38% free, 25MB/41MB, paused 226us total 31.934ms
08-06 06:32:52.003 30345 30356 I art     : Starting a blocking GC Explicit
08-06 06:32:52.051 28232 28232 I ServiceManager: Waiting for service AtCmdFwd...
08-06 06:32:52.053 30345 30356 I art     : Explicit concurrent mark sweep GC freed 1343(80KB) AllocSpace objects, 1(20KB) LOS objects, 38% free, 25MB/41MB, paused 265us total 49.870ms
08-06 06:32:52.074 30345 30356 I art     : Starting a blocking GC Explicit
08-06 06:32:52.108 30345 30356 I art     : Explicit concurrent mark sweep GC freed 20(704B) AllocSpace objects, 0(0B) LOS objects, 38% free, 25MB/41MB, paused 237us total 33.562ms
08-06 06:32:52.122 30345 30356 I art     : Starting a blocking GC Explicit
08-06 06:32:52.154 30345 30356 I art     : Explicit concurrent mark sweep GC freed 3(96B) AllocSpace objects, 0(0B) LOS objects, 38% free, 25MB/41MB, paused 231us total 32.246ms
08-06 06:32:52.168 30345 30356 I art     : Starting a blocking GC Explicit
08-06 06:32:52.199 30345 30356 I art     : Explicit concurrent mark sweep GC freed 3(96B) AllocSpace objects, 0(0B) LOS objects, 38% free, 25MB/41MB, paused 234us total 31.608ms
08-06 06:32:52.213 30345 30356 I art     : Starting a blocking GC Explicit
08-06 06:32:52.245 30345 30356 I art     : Explicit concurrent mark sweep GC freed 3(96B) AllocSpace objects, 0(0B) LOS objects, 38% free, 25MB/41MB, paused 222us total 32.292ms
08-06 06:32:52.563 30345 30369 I art     : Starting a blocking GC Explicit
08-06 06:32:52.602 30345 30369 I art     : Explicit concurrent mark sweep GC freed 1343(80KB) AllocSpace objects, 1(20KB) LOS objects, 38% free, 25MB/41MB, paused 247us total 39.412ms
08-06 06:32:52.618 30345 30369 I art     : Starting a blocking GC Explicit
08-06 06:32:52.650 30345 30369 I art     : Explicit concurrent mark sweep GC freed 20(704B) AllocSpace objects, 0(0B) LOS objects, 38% free, 25MB/41MB, paused 216us total 32.108ms
08-06 06:32:52.664 30345 30369 I art     : Starting a blocking GC Explicit
08-06 06:32:52.696 30345 30369 I art     : Explicit concurrent mark sweep GC freed 3(96B) AllocSpace objects, 0(0B) LOS objects, 38% free, 25MB/41MB, paused 230us total 32.098ms
08-06 06:32:52.709 30345 30369 I art     : Starting a blocking GC Explicit
08-06 06:32:52.742 30345 30369 I art     : Explicit concurrent mark sweep GC freed 3(96B) AllocSpace objects, 0(0B) LOS objects, 38% free, 25MB/41MB, paused 234us total 32.170ms
08-06 06:32:52.755 30345 30369 I art     : Starting a blocking GC Explicit
08-06 06:32:52.786 30345 30369 I art     : Explicit concurrent mark sweep GC freed 3(96B) AllocSpace objects, 0(0B) LOS objects, 38% free, 25MB/41MB, paused 237us total 30.946ms
08-06 06:32:53.051 28232 28232 I ServiceManager: Waiting for service AtCmdFwd...
08-06 06:32:53.083 30345 31027 I art     : Starting a blocking GC Explicit
08-06 06:32:53.124 30345 31027 I art     : Explicit concurrent mark sweep GC freed 1343(80KB) AllocSpace objects, 1(20KB) LOS objects, 38% free, 25MB/41MB, paused 258us total 40.222ms
08-06 06:32:53.142 30345 31027 I art     : Starting a blocking GC Explicit
08-06 06:32:53.174 30345 31027 I art     : Explicit concurrent mark sweep GC freed 20(704B) AllocSpace objects, 0(0B) LOS objects, 38% free, 25MB/41MB, paused 227us total 31.134ms
08-06 06:32:53.187 30345 31027 I art     : Starting a blocking GC Explicit
08-06 06:32:53.219 30345 31027 I art     : Explicit concurrent mark sweep GC freed 3(96B) AllocSpace objects, 0(0B) LOS objects, 38% free, 25MB/41MB, paused 228us total 31.629ms
08-06 06:32:53.233 30345 31027 I art     : Starting a blocking GC Explicit
08-06 06:32:53.265 30345 31027 I art     : Explicit concurrent mark sweep GC freed 3(96B) AllocSpace objects, 0(0B) LOS objects, 38% free, 25MB/41MB, paused 236us total 32.039ms
08-06 06:32:53.279 30345 31027 I art     : Starting a blocking GC Explicit
08-06 06:32:53.311 30345 31027 I art     : Explicit concurrent mark sweep GC freed 3(96B) AllocSpace objects, 0(0B) LOS objects, 38% free, 25MB/41MB, paused 238us total 31.893ms
08-06 06:32:53.493 13866 13882 I PeriodicStatsRunner: PeriodicStatsRunner.call():175 call()
08-06 06:32:53.493 13866 13882 I PeriodicStatsRunner: PeriodicStatsRunner.call():179 No submit PeriodicStats since input started.
08-06 06:32:53.630 30345 30357 I art     : Starting a blocking GC Explicit
08-06 06:32:53.673 30345 30357 I art     : Explicit concurrent mark sweep GC freed 1343(80KB) AllocSpace objects, 1(20KB) LOS objects, 38% free, 25MB/41MB, paused 258us total 42.776ms
08-06 06:32:53.690 30345 30357 I art     : Starting a blocking GC Explicit
08-06 06:32:53.722 30345 30357 I art     : Explicit concurrent mark sweep GC freed 20(704B) AllocSpace objects, 0(0B) LOS objects, 38% free, 25MB/41MB, paused 238us total 32.183ms
08-06 06:32:53.736 30345 30357 I art     : Starting a blocking GC Explicit
08-06 06:32:53.768 30345 30357 I art     : Explicit concurrent mark sweep GC freed 3(96B) AllocSpace objects, 0(0B) LOS objects, 38% free, 25MB/41MB, paused 241us total 32.141ms
08-06 06:32:53.781 30345 30357 I art     : Starting a blocking GC Explicit
08-06 06:32:53.814 30345 30357 I art     : Explicit concurrent mark sweep GC freed 3(96B) AllocSpace objects, 0(0B) LOS objects, 38% free, 25MB/41MB, paused 231us total 31.943ms
08-06 06:32:53.827 30345 30357 I art     : Starting a blocking GC Explicit
08-06 06:32:53.860 30345 30357 I art     : Explicit concurrent mark sweep GC freed 3(96B) AllocSpace objects, 0(0B) LOS objects, 38% free, 25MB/41MB, paused 237us total 32.163ms
08-06 06:32:54.052 28232 28232 I ServiceManager: Waiting for service AtCmdFwd...
08-06 06:32:54.182 30345 30356 I art     : Starting a blocking GC Explicit
08-06 06:32:54.226 30345 30356 I art     : Explicit concurrent mark sweep GC freed 1345(80KB) AllocSpace objects, 1(20KB) LOS objects, 38% free, 25MB/41MB, paused 251us total 43.520ms
08-06 06:32:54.243 30345 30356 I art     : Starting a blocking GC Explicit
08-06 06:32:54.276 30345 30356 I art     : Explicit concurrent mark sweep GC freed 20(704B) AllocSpace objects, 0(0B) LOS objects, 38% free, 25MB/41MB, paused 236us total 31.933ms
08-06 06:32:54.289 30345 30356 I art     : Starting a blocking GC Explicit
08-06 06:32:54.322 30345 30356 I art     : Explicit concurrent mark sweep GC freed 3(96B) AllocSpace objects, 0(0B) LOS objects, 38% free, 25MB/41MB, paused 238us total 32.198ms
08-06 06:32:54.335 30345 30356 I art     : Starting a blocking GC Explicit
08-06 06:32:54.367 30345 30356 I art     : Explicit concurrent mark sweep GC freed 3(96B) AllocSpace objects, 0(0B) LOS objects, 38% free, 25MB/41MB, paused 260us total 31.790ms
08-06 06:32:54.381 30345 30356 I art     : Starting a blocking GC Explicit
08-06 06:32:54.413 30345 30356 I art     : Explicit concurrent mark sweep GC freed 3(96B) AllocSpace objects, 0(0B) LOS objects, 38% free, 25MB/41MB, paused 255us total 32.048ms
08-06 06:32:54.671 30345 30369 I art     : Starting a blocking GC Explicit
08-06 06:32:54.703 30345 30369 I art     : Explicit concurrent mark sweep GC freed 1343(80KB) AllocSpace objects, 1(20KB) LOS objects, 38% free, 25MB/41MB, paused 235us total 32.218ms
08-06 06:32:54.717 30345 30369 I art     : Starting a blocking GC Explicit
08-06 06:32:54.748 30345 30369 I art     : Explicit concurrent mark sweep GC freed 20(704B) AllocSpace objects, 0(0B) LOS objects, 38% free, 25MB/41MB, paused 242us total 30.203ms
08-06 06:32:54.760 30345 30369 I art     : Starting a blocking GC Explicit
08-06 06:32:54.791 30345 30369 I art     : Explicit concurrent mark sweep GC freed 3(96B) AllocSpace objects, 0(0B) LOS objects, 38% free, 25MB/41MB, paused 246us total 30.210ms
08-06 06:32:54.804 30345 30369 I art     : Starting a blocking GC Explicit
08-06 06:32:54.834 30345 30369 I art     : Explicit concurrent mark sweep GC freed 3(96B) AllocSpace objects, 0(0B) LOS objects, 38% free, 25MB/41MB, paused 218us total 29.840ms
08-06 06:32:54.847 30345 30369 I art     : Starting a blocking GC Explicit
08-06 06:32:54.877 30345 30369 I art     : Explicit concurrent mark sweep GC freed 3(96B) AllocSpace objects, 0(0B) LOS objects, 38% free, 25MB/41MB, paused 244us total 30.457ms
08-06 06:32:54.919 31535 31535 D AndroidRuntime: >>>>>> START com.android.internal.os.RuntimeInit uid 2000 <<<<<<
08-06 06:32:54.924 31535 31535 D AndroidRuntime: CheckJNI is OFF
08-06 06:32:54.957 31535 31535 D ICU     : No timezone override file found: /data/misc/zoneinfo/current/icu/icu_tzdata.dat
08-06 06:32:54.997 31535 31535 I Radio-JNI: register_android_hardware_Radio DONE
08-06 06:32:55.019 31535 31535 D AndroidRuntime: Calling main entry com.android.commands.input.Input
08-06 06:32:55.020 31535 31535 I Input   : injectKeyEvent: KeyEvent { action=ACTION_DOWN, keyCode=KEYCODE_BACK, scanCode=0, metaState=0, flags=0x0, repeatCount=0, eventTime=858791433, downTime=858791433, deviceId=-1, source=0x101 }
08-06 06:32:55.027 31535 31535 I Input   : injectKeyEvent: KeyEvent { action=ACTION_UP, keyCode=KEYCODE_BACK, scanCode=0, metaState=0, flags=0x0, repeatCount=0, eventTime=858791433, downTime=858791433, deviceId=-1, source=0x101 }
08-06 06:32:55.033 31535 31535 D AndroidRuntime: Shutting down VM
08-06 06:32:55.052 28232 28232 W Atfwd_Sendcmd: AtCmdFwd service not published, waiting... retryCnt : 1
08-06 06:32:55.070 13866 13866 I GoogleInputMethodServic: GoogleInputMethodService.onFinishInput():3138 
08-06 06:32:55.071 13866 13866 I GoogleInputMethodServic: GoogleInputMethodService.onStartInput():1808 
08-06 06:32:55.130 30345 31027 I art     : Starting a blocking GC Explicit
08-06 06:32:55.158 30345 31027 I art     : Explicit concurrent mark sweep GC freed 1588(89KB) AllocSpace objects, 1(20KB) LOS objects, 38% free, 25MB/41MB, paused 214us total 27.689ms
08-06 06:32:55.170 30345 31027 I art     : Starting a blocking GC Explicit
08-06 06:32:55.200 30345 31027 I art     : Explicit concurrent mark sweep GC freed 24(864B) AllocSpace objects, 0(0B) LOS objects, 38% free, 25MB/41MB, paused 264us total 29.366ms
08-06 06:32:55.214 30345 31027 I art     : Starting a blocking GC Explicit
08-06 06:32:55.253 30345 31027 I art     : Explicit concurrent mark sweep GC freed 3(96B) AllocSpace objects, 0(0B) LOS objects, 38% free, 25MB/41MB, paused 393us total 38.306ms
08-06 06:32:55.267 30345 31027 I art     : Starting a blocking GC Explicit
08-06 06:32:55.306 30345 31027 I art     : Explicit concurrent mark sweep GC freed 3(96B) AllocSpace objects, 0(0B) LOS objects, 38% free, 25MB/41MB, paused 222us total 38.289ms
08-06 06:32:55.321 30345 31027 I art     : Starting a blocking GC Explicit
08-06 06:32:55.360 30345 31027 I art     : Explicit concurrent mark sweep GC freed 3(96B) AllocSpace objects, 0(0B) LOS objects, 38% free, 25MB/41MB, paused 208us total 39.214ms
08-06 06:32:55.392   380   380 W SurfaceFlinger: couldn't log to binary event log: overflow.
08-06 06:32:55.401 13866 13882 I PeriodicStatsRunner: PeriodicStatsRunner.call():175 call()
08-06 06:32:55.401 13866 13882 I PeriodicStatsRunner: PeriodicStatsRunner.call():179 No submit PeriodicStats since input started.
08-06 06:32:55.628 30345 30357 I art     : Starting a blocking GC Explicit
08-06 06:32:55.666 30345 30357 I art     : Explicit concurrent mark sweep GC freed 1395(82KB) AllocSpace objects, 1(20KB) LOS objects, 38% free, 25MB/41MB, paused 316us total 37.604ms
08-06 06:32:55.681 30345 30357 I art     : Starting a blocking GC Explicit
08-06 06:32:55.713 30345 30357 I art     : Explicit concurrent mark sweep GC freed 3854(310KB) AllocSpace objects, 5(140KB) LOS objects, 39% free, 24MB/40MB, paused 242us total 31.430ms
08-06 06:32:55.726 30345 30357 I art     : Starting a blocking GC Explicit
08-06 06:32:55.756 30345 30357 I art     : Explicit concurrent mark sweep GC freed 3(96B) AllocSpace objects, 0(0B) LOS objects, 39% free, 24MB/40MB, paused 231us total 29.655ms
08-06 06:32:55.770 30345 30357 I art     : Starting a blocking GC Explicit
08-06 06:32:55.801 30345 30357 I art     : Explicit concurrent mark sweep GC freed 3(96B) AllocSpace objects, 0(0B) LOS objects, 39% free, 24MB/40MB, paused 232us total 30.905ms
08-06 06:32:55.814 30345 30357 I art     : Starting a blocking GC Explicit
08-06 06:32:55.843 30345 30357 I art     : Explicit concurrent mark sweep GC freed 3(96B) AllocSpace objects, 0(0B) LOS objects, 39% free, 24MB/40MB, paused 221us total 29.544ms
08-06 06:32:56.121 30345 30356 I art     : Starting a blocking GC Explicit
08-06 06:32:56.160 30345 30356 I art     : Explicit concurrent mark sweep GC freed 1343(80KB) AllocSpace objects, 1(20KB) LOS objects, 39% free, 24MB/40MB, paused 269us total 38.413ms
08-06 06:32:56.177 30345 30356 I art     : Starting a blocking GC Explicit
08-06 06:32:56.211 30345 30356 I art     : Explicit concurrent mark sweep GC freed 20(704B) AllocSpace objects, 0(0B) LOS objects, 39% free, 24MB/40MB, paused 279us total 33.120ms
08-06 06:32:56.224 30345 30356 I art     : Starting a blocking GC Explicit
08-06 06:32:56.255 30345 30356 I art     : Explicit concurrent mark sweep GC freed 3(96B) AllocSpace objects, 0(0B) LOS objects, 39% free, 24MB/40MB, paused 237us total 30.225ms
08-06 06:32:56.268 30345 30356 I art     : Starting a blocking GC Explicit
08-06 06:32:56.297 30345 30356 I art     : Explicit concurrent mark sweep GC freed 3(96B) AllocSpace objects, 0(0B) LOS objects, 39% free, 24MB/40MB, paused 249us total 28.526ms
08-06 06:32:56.310 30345 30356 I art     : Starting a blocking GC Explicit
08-06 06:32:56.340 30345 30356 I art     : Explicit concurrent mark sweep GC freed 3(96B) AllocSpace objects, 0(0B) LOS objects, 39% free, 24MB/40MB, paused 223us total 29.937ms
08-06 06:32:56.563   918  3261 D WifiStateMachine: starting scan for "H369AA63323"WPA_PSK with 2412,5180
08-06 06:32:56.608 30345 30369 I art     : Starting a blocking GC Explicit
08-06 06:32:56.639 30345 30369 I art     : Explicit concurrent mark sweep GC freed 1343(80KB) AllocSpace objects, 1(20KB) LOS objects, 39% free, 24MB/40MB, paused 235us total 30.582ms
08-06 06:32:56.652 30345 30369 I art     : Starting a blocking GC Explicit
08-06 06:32:56.682 30345 30369 I art     : Explicit concurrent mark sweep GC freed 20(704B) AllocSpace objects, 0(0B) LOS objects, 39% free, 24MB/40MB, paused 247us total 30.247ms
08-06 06:32:56.689 31590 31590 D AndroidRuntime: >>>>>> START com.android.internal.os.RuntimeInit uid 2000 <<<<<<
08-06 06:32:56.693 31590 31590 D AndroidRuntime: CheckJNI is OFF
08-06 06:32:56.695 30345 30369 I art     : Starting a blocking GC Explicit
08-06 06:32:56.724 30345 30369 I art     : Explicit concurrent mark sweep GC freed 3(96B) AllocSpace objects, 0(0B) LOS objects, 39% free, 24MB/40MB, paused 237us total 28.678ms
08-06 06:32:56.729 31590 31590 D ICU     : No timezone override file found: /data/misc/zoneinfo/current/icu/icu_tzdata.dat
08-06 06:32:56.737 30345 30369 I art     : Starting a blocking GC Explicit
08-06 06:32:56.763 31590 31590 I Radio-JNI: register_android_hardware_Radio DONE
08-06 06:32:56.765 30345 30369 I art     : Explicit concurrent mark sweep GC freed 3(96B) AllocSpace objects, 0(0B) LOS objects, 39% free, 24MB/40MB, paused 255us total 28.137ms
08-06 06:32:56.778 30345 30369 I art     : Starting a blocking GC Explicit
08-06 06:32:56.787 31590 31590 D AndroidRuntime: Calling main entry com.android.commands.input.Input
08-06 06:32:56.788 31590 31590 I Input   : injectMotionEvent: MotionEvent { action=ACTION_DOWN, actionButton=0, id[0]=0, x[0]=600.0, y[0]=700.0, toolType[0]=TOOL_TYPE_UNKNOWN, buttonState=0, metaState=0, flags=0x0, edgeFlags=0x0, pointerCount=1, historySize=0, eventTime=858793201, downTime=858793201, deviceId=0, source=0x1002 }
08-06 06:32:56.793 31590 31590 I Input   : injectMotionEvent: MotionEvent { action=ACTION_UP, actionButton=0, id[0]=0, x[0]=600.0, y[0]=700.0, toolType[0]=TOOL_TYPE_UNKNOWN, buttonState=0, metaState=0, flags=0x0, edgeFlags=0x0, pointerCount=1, historySize=0, eventTime=858793201, downTime=858793201, deviceId=0, source=0x1002 }
08-06 06:32:56.797 31590 31590 D AndroidRuntime: Shutting down VM
08-06 06:32:56.805 30345 30369 I art     : Explicit concurrent mark sweep GC freed 11(400B) AllocSpace objects, 0(0B) LOS objects, 39% free, 24MB/40MB, paused 225us total 26.845ms
08-06 06:32:56.813   512  2967 D audio_hw_primary: out_set_parameters: enter: usecase(1: low-latency-playback) kvpairs: routing=2
08-06 06:32:56.816   918  5132 I ActivityManager: START u0 {dat=https://oauth.reddit.com/... cmp=baseline.org.quantumbadger.redreader/.activities.CommentListingActivity} from uid 10705 on display 0
08-06 06:32:56.826   512  2967 D audio_hw_primary: select_devices: out_snd_device(2: speaker) in_snd_device(0: none)
08-06 06:32:56.826   512  2967 D msm8974_platform: platform_send_audio_calibration: sending audio calibration for snd_device(2) acdb_id(15)
08-06 06:32:56.826   512  2967 I soundtrigger: audio_extn_sound_trigger_update_device_status: device 0x2 of type 0 for Event 1
08-06 06:32:56.834 30345 30345 I AppCompatViewInflater: app:theme is now deprecated. Please move to using android:theme instead.
08-06 06:32:56.838   512  2967 D audio_hw_primary: enable_snd_device: snd_device(2: speaker)
08-06 06:32:56.840   512  2967 D audio_hw_primary: enable_audio_route: apply and update mixer path: low-latency-playback speaker
08-06 06:32:56.848 30345 30917 I CommentListingActivity: COMMENTS session changed to 7b29656c-0f26-427c-903c-4ce53c9d3910
08-06 06:32:56.904   918   936 I ActivityManager: Displayed baseline.org.quantumbadger.redreader/.activities.CommentListingActivity: +82ms
08-06 06:32:56.904 13866 13866 I GoogleInputMethodServic: GoogleInputMethodService.onFinishInput():3138 
08-06 06:32:56.906 13866 13866 I GoogleInputMethodServic: GoogleInputMethodService.onStartInput():1808 
08-06 06:32:57.068 30345 31027 I art     : Starting a blocking GC Explicit
08-06 06:32:57.123 30345 31027 I art     : Explicit concurrent mark sweep GC freed 65169(3MB) AllocSpace objects, 4(72KB) LOS objects, 36% free, 27MB/43MB, paused 329us total 54.211ms
08-06 06:32:57.141 30345 31027 I art     : Starting a blocking GC Explicit
08-06 06:32:57.161   380   380 W SurfaceFlinger: couldn't log to binary event log: overflow.
08-06 06:32:57.185 30345 31027 I art     : Explicit concurrent mark sweep GC freed 502(24KB) AllocSpace objects, 0(0B) LOS objects, 36% free, 27MB/43MB, paused 212us total 43.247ms
08-06 06:32:57.200 30345 31027 I art     : Starting a blocking GC Explicit
08-06 06:32:57.211 24365 12204 I NetworkScheduler.Stats: Task com.google.android.gms/com.google.android.gms.icing.service.IcingGcmTaskService started execution. cause:4 exec_start_elapsed_seconds: 1842181 [CONTEXT service_id=218 ]
08-06 06:32:57.227 24365 31017 I NetworkScheduler.Stats: Task com.google.android.gms/com.google.android.gms.icing.service.IcingGcmTaskService finished executing. cause:4 result: 1 elapsed_millis: 34 uptime_millis: 34 exec_start_elapsed_seconds: 1842181 [CONTEXT service_id=218 ]
08-06 06:32:57.234 30345 31027 I art     : Explicit concurrent mark sweep GC freed 3(96B) AllocSpace objects, 0(0B) LOS objects, 36% free, 27MB/43MB, paused 204us total 33.909ms
08-06 06:32:57.248 30345 31027 I art     : Starting a blocking GC Explicit
08-06 06:32:57.285 30345 31027 I art     : Explicit concurrent mark sweep GC freed 88(3008B) AllocSpace objects, 0(0B) LOS objects, 36% free, 27MB/43MB, paused 232us total 36.837ms
08-06 06:32:57.301 30345 31027 I art     : Starting a blocking GC Explicit
08-06 06:32:57.344 30345 31027 I art     : Explicit concurrent mark sweep GC freed 15(496B) AllocSpace objects, 0(0B) LOS objects, 36% free, 27MB/43MB, paused 225us total 42.111ms
08-06 06:32:57.380   512  2967 D audio_hw_primary: disable_audio_route: reset and update mixer path: low-latency-playback speaker
08-06 06:32:57.381   512  2967 D audio_hw_primary: disable_snd_device: snd_device(2: speaker)
08-06 06:32:57.390   512  2967 I soundtrigger: audio_extn_sound_trigger_update_device_status: device 0x2 of type 0 for Event 0
08-06 06:32:57.626 30345 30369 I art     : Starting a blocking GC Explicit
08-06 06:32:57.669 30345 30369 I art     : Explicit concurrent mark sweep GC freed 1343(80KB) AllocSpace objects, 1(20KB) LOS objects, 36% free, 27MB/43MB, paused 216us total 42.815ms
08-06 06:32:57.686 30345 30369 I art     : Starting a blocking GC Explicit
08-06 06:32:57.724 30345 30369 I art     : Explicit concurrent mark sweep GC freed 20(704B) AllocSpace objects, 0(0B) LOS objects, 36% free, 27MB/43MB, paused 227us total 37.619ms
08-06 06:32:57.739 30345 30369 I art     : Starting a blocking GC Explicit
08-06 06:32:57.780 30345 30369 I art     : Explicit concurrent mark sweep GC freed 3(96B) AllocSpace objects, 0(0B) LOS objects, 36% free, 27MB/43MB, paused 271us total 40.427ms
08-06 06:32:57.794 30345 30369 I art     : Starting a blocking GC Explicit
08-06 06:32:57.835 30345 30369 I art     : Explicit concurrent mark sweep GC freed 3(96B) AllocSpace objects, 0(0B) LOS objects, 36% free, 27MB/43MB, paused 212us total 40.385ms
08-06 06:32:57.850 30345 30369 I art     : Starting a blocking GC Explicit
08-06 06:32:57.892 30345 30369 I art     : Explicit concurrent mark sweep GC freed 49(1920B) AllocSpace objects, 0(0B) LOS objects, 36% free, 27MB/43MB, paused 244us total 41.432ms
08-06 06:32:58.199 30345 30356 I art     : Starting a blocking GC Explicit
08-06 06:32:58.257 30345 30356 I art     : Explicit concurrent mark sweep GC freed 1343(80KB) AllocSpace objects, 1(20KB) LOS objects, 36% free, 27MB/43MB, paused 262us total 58.007ms
08-06 06:32:58.277 30345 30356 I art     : Starting a blocking GC Explicit
08-06 06:32:58.324 30345 30356 I art     : Explicit concurrent mark sweep GC freed 20(704B) AllocSpace objects, 0(0B) LOS objects, 36% free, 27MB/43MB, paused 241us total 46.218ms
08-06 06:32:58.339 30345 30356 I art     : Starting a blocking GC Explicit
08-06 06:32:58.384 30345 30356 I art     : Explicit concurrent mark sweep GC freed 3(96B) AllocSpace objects, 0(0B) LOS objects, 36% free, 27MB/43MB, paused 238us total 44.545ms
08-06 06:32:58.400 30345 30356 I art     : Starting a blocking GC Explicit
08-06 06:32:58.444 30345 30356 I art     : Explicit concurrent mark sweep GC freed 3(96B) AllocSpace objects, 0(0B) LOS objects, 36% free, 27MB/43MB, paused 242us total 44.336ms
08-06 06:32:58.460 30345 30356 I art     : Starting a blocking GC Explicit
08-06 06:32:58.503 30345 30356 I art     : Explicit concurrent mark sweep GC freed 3(96B) AllocSpace objects, 0(0B) LOS objects, 36% free, 27MB/43MB, paused 256us total 43.651ms
08-06 06:32:58.831 30345 31027 I art     : Starting a blocking GC Explicit
08-06 06:32:58.892 30345 31027 I art     : Explicit concurrent mark sweep GC freed 1343(80KB) AllocSpace objects, 1(20KB) LOS objects, 36% free, 27MB/43MB, paused 277us total 60.622ms
08-06 06:32:58.910 30345 31027 I art     : Starting a blocking GC Explicit
08-06 06:32:58.953 30345 31027 I art     : Explicit concurrent mark sweep GC freed 20(704B) AllocSpace objects, 0(0B) LOS objects, 36% free, 27MB/43MB, paused 238us total 43.263ms
08-06 06:32:58.968 30345 31027 I art     : Starting a blocking GC Explicit
08-06 06:32:59.013 30345 31027 I art     : Explicit concurrent mark sweep GC freed 3(96B) AllocSpace objects, 0(0B) LOS objects, 36% free, 27MB/43MB, paused 251us total 44.084ms
08-06 06:32:59.028 30345 31027 I art     : Starting a blocking GC Explicit
08-06 06:32:59.072 30345 31027 I art     : Explicit concurrent mark sweep GC freed 3(96B) AllocSpace objects, 0(0B) LOS objects, 36% free, 27MB/43MB, paused 243us total 43.681ms
08-06 06:32:59.088 30345 31027 I art     : Starting a blocking GC Explicit
08-06 06:32:59.132 30345 31027 I art     : Explicit concurrent mark sweep GC freed 3(96B) AllocSpace objects, 0(0B) LOS objects, 36% free, 27MB/43MB, paused 248us total 44.221ms
08-06 06:32:59.460 30345 30357 I art     : Starting a blocking GC Explicit
08-06 06:32:59.517 30345 30357 I art     : Explicit concurrent mark sweep GC freed 1343(80KB) AllocSpace objects, 1(20KB) LOS objects, 36% free, 27MB/43MB, paused 247us total 56.194ms
08-06 06:32:59.532 30345 30357 I art     : Starting a blocking GC Explicit
08-06 06:32:59.574 30345 30357 I art     : Explicit concurrent mark sweep GC freed 20(704B) AllocSpace objects, 0(0B) LOS objects, 36% free, 27MB/43MB, paused 236us total 42.283ms
08-06 06:32:59.589 30345 30357 I art     : Starting a blocking GC Explicit
08-06 06:32:59.633 30345 30357 I art     : Explicit concurrent mark sweep GC freed 3(96B) AllocSpace objects, 0(0B) LOS objects, 36% free, 27MB/43MB, paused 254us total 43.475ms
08-06 06:32:59.649 30345 30357 I art     : Starting a blocking GC Explicit
08-06 06:32:59.693 30345 30357 I art     : Explicit concurrent mark sweep GC freed 3(96B) AllocSpace objects, 0(0B) LOS objects, 36% free, 27MB/43MB, paused 252us total 43.951ms
08-06 06:32:59.708 30345 30357 I art     : Starting a blocking GC Explicit
08-06 06:32:59.752 30345 30357 I art     : Explicit concurrent mark sweep GC freed 3(96B) AllocSpace objects, 0(0B) LOS objects, 36% free, 27MB/43MB, paused 242us total 43.375ms
08-06 06:33:00.053 28232 28232 I ServiceManager: Waiting for service AtCmdFwd...
08-06 06:33:00.068 30345 30369 I art     : Starting a blocking GC Explicit
08-06 06:33:00.070 13866 13882 I PeriodicStatsRunner: PeriodicStatsRunner.call():175 call()
08-06 06:33:00.071 13866 13882 I PeriodicStatsRunner: PeriodicStatsRunner.call():179 No submit PeriodicStats since input started.
08-06 06:33:00.110 30345 30369 I art     : Explicit concurrent mark sweep GC freed 1343(80KB) AllocSpace objects, 1(20KB) LOS objects, 36% free, 27MB/43MB, paused 233us total 42.189ms
08-06 06:33:00.125 30345 30369 I art     : Starting a blocking GC Explicit
08-06 06:33:00.168 30345 30369 I art     : Explicit concurrent mark sweep GC freed 20(704B) AllocSpace objects, 0(0B) LOS objects, 36% free, 27MB/43MB, paused 242us total 42.904ms
08-06 06:33:00.184 30345 30369 I art     : Starting a blocking GC Explicit
08-06 06:33:00.226 30345 30369 I art     : Explicit concurrent mark sweep GC freed 3(96B) AllocSpace objects, 0(0B) LOS objects, 36% free, 27MB/43MB, paused 243us total 42.661ms
08-06 06:33:00.242 30345 30369 I art     : Starting a blocking GC Explicit
08-06 06:33:00.285 30345 30369 I art     : Explicit concurrent mark sweep GC freed 3(96B) AllocSpace objects, 0(0B) LOS objects, 36% free, 27MB/43MB, paused 234us total 43.281ms
08-06 06:33:00.300 30345 30369 I art     : Starting a blocking GC Explicit
08-06 06:33:00.344 30345 30369 I art     : Explicit concurrent mark sweep GC freed 3(96B) AllocSpace objects, 0(0B) LOS objects, 36% free, 27MB/43MB, paused 235us total 43.315ms
08-06 06:33:00.657 30345 30356 I art     : Starting a blocking GC Explicit
08-06 06:33:00.712 30345 30356 I art     : Explicit concurrent mark sweep GC freed 1343(80KB) AllocSpace objects, 1(20KB) LOS objects, 36% free, 27MB/43MB, paused 264us total 55.168ms
08-06 06:33:00.713 30345 30355 I art     : WaitForGcToComplete blocked for 45.974ms for cause HeapTrim
08-06 06:33:00.733 30345 30356 I art     : Starting a blocking GC Explicit
08-06 06:33:00.777 30345 30356 I art     : Explicit concurrent mark sweep GC freed 20(704B) AllocSpace objects, 0(0B) LOS objects, 36% free, 27MB/43MB, paused 274us total 43.976ms
08-06 06:33:00.793 30345 30356 I art     : Starting a blocking GC Explicit
08-06 06:33:00.835 30345 30356 I art     : Explicit concurrent mark sweep GC freed 3(96B) AllocSpace objects, 0(0B) LOS objects, 36% free, 27MB/43MB, paused 240us total 41.974ms
08-06 06:33:00.851 30345 30356 I art     : Starting a blocking GC Explicit
08-06 06:33:00.895 30345 30356 I art     : Explicit concurrent mark sweep GC freed 3(96B) AllocSpace objects, 0(0B) LOS objects, 36% free, 27MB/43MB, paused 232us total 44.004ms
08-06 06:33:00.910 30345 30356 I art     : Starting a blocking GC Explicit
08-06 06:33:00.954 30345 30356 I art     : Explicit concurrent mark sweep GC freed 3(96B) AllocSpace objects, 0(0B) LOS objects, 36% free, 27MB/43MB, paused 233us total 43.120ms
08-06 06:33:01.053 28232 28232 I ServiceManager: Waiting for service AtCmdFwd...
08-06 06:33:01.220 30345 31027 I art     : Starting a blocking GC Explicit
08-06 06:33:01.264 30345 31027 I art     : Explicit concurrent mark sweep GC freed 1345(80KB) AllocSpace objects, 1(20KB) LOS objects, 36% free, 27MB/43MB, paused 270us total 42.905ms
08-06 06:33:01.279 30345 31027 I art     : Starting a blocking GC Explicit
08-06 06:33:01.320 30345 31027 I art     : Explicit concurrent mark sweep GC freed 20(704B) AllocSpace objects, 0(0B) LOS objects, 36% free, 27MB/43MB, paused 249us total 40.702ms
08-06 06:33:01.334 30345 31027 I art     : Starting a blocking GC Explicit
08-06 06:33:01.376 30345 31027 I art     : Explicit concurrent mark sweep GC freed 3(96B) AllocSpace objects, 0(0B) LOS objects, 36% free, 27MB/43MB, paused 237us total 41.136ms
08-06 06:33:01.390 30345 31027 I art     : Starting a blocking GC Explicit
08-06 06:33:01.431 30345 31027 I art     : Explicit concurrent mark sweep GC freed 3(96B) AllocSpace objects, 0(0B) LOS objects, 36% free, 27MB/43MB, paused 233us total 40.767ms
08-06 06:33:01.446 30345 31027 I art     : Starting a blocking GC Explicit
08-06 06:33:01.488 30345 31027 I art     : Explicit concurrent mark sweep GC freed 3(96B) AllocSpace objects, 0(0B) LOS objects, 36% free, 27MB/43MB, paused 248us total 41.919ms
08-06 06:33:01.491 31686 31686 D AndroidRuntime: >>>>>> START com.android.internal.os.RuntimeInit uid 2000 <<<<<<
08-06 06:33:01.496 31686 31686 D AndroidRuntime: CheckJNI is OFF
08-06 06:33:01.530 31686 31686 D ICU     : No timezone override file found: /data/misc/zoneinfo/current/icu/icu_tzdata.dat
08-06 06:33:01.563 31686 31686 I Radio-JNI: register_android_hardware_Radio DONE
08-06 06:33:01.584 31686 31686 D AndroidRuntime: Calling main entry com.android.commands.input.Input
08-06 06:33:01.586 31686 31686 I Input   : injectKeyEvent: KeyEvent { action=ACTION_DOWN, keyCode=KEYCODE_BACK, scanCode=0, metaState=0, flags=0x0, repeatCount=0, eventTime=858797999, downTime=858797999, deviceId=-1, source=0x101 }
08-06 06:33:01.592 31686 31686 I Input   : injectKeyEvent: KeyEvent { action=ACTION_UP, keyCode=KEYCODE_BACK, scanCode=0, metaState=0, flags=0x0, repeatCount=0, eventTime=858797999, downTime=858797999, deviceId=-1, source=0x101 }
08-06 06:33:01.599 31686 31686 D AndroidRuntime: Shutting down VM
08-06 06:33:01.651 13866 13866 I GoogleInputMethodServic: GoogleInputMethodService.onFinishInput():3138 
08-06 06:33:01.652 13866 13866 I GoogleInputMethodServic: GoogleInputMethodService.onStartInput():1808 
08-06 06:33:01.739 30345 30356 I art     : Starting a blocking GC Explicit
08-06 06:33:01.782 30345 30356 I art     : Explicit concurrent mark sweep GC freed 1588(88KB) AllocSpace objects, 1(20KB) LOS objects, 36% free, 27MB/43MB, paused 236us total 43.219ms
08-06 06:33:01.800 30345 30356 I art     : Starting a blocking GC Explicit
08-06 06:33:01.823 30345 31614 I RedditChangeDataIO: Writing tmp data file at '/data/user/0/baseline.org.quantumbadger.redreader/files/rr_change_data_tmp.dat'
08-06 06:33:01.824 30345 31614 I RedditChangeDataManager: Taking snapshot...
08-06 06:33:01.824 30345 31614 I RedditChangeDataManager: Writing to stream...
08-06 06:33:01.824 30345 31614 I RedditChangeDataManager: Wrote 3 entries for user ''
08-06 06:33:01.824 30345 31614 I RedditChangeDataManager: All entries written to stream.
08-06 06:33:01.825 30345 31614 I RedditChangeDataIO: Write successful. Atomically replacing data file...
08-06 06:33:01.825 30345 31614 I RedditChangeDataIO: Write complete.
08-06 06:33:01.825 30345 31614 I RedditChangeDataIO: 86 bytes written in 2 ms
08-06 06:33:01.854 30345 30356 I art     : Explicit concurrent mark sweep GC freed 96(5KB) AllocSpace objects, 1(68KB) LOS objects, 36% free, 27MB/43MB, paused 259us total 52.755ms
08-06 06:33:01.874 30345 30356 I art     : Starting a blocking GC Explicit
08-06 06:33:01.907 13866 13882 I PeriodicStatsRunner: PeriodicStatsRunner.call():175 call()
08-06 06:33:01.907 13866 13882 I PeriodicStatsRunner: PeriodicStatsRunner.call():179 No submit PeriodicStats since input started.
08-06 06:33:01.927 30345 30356 I art     : Explicit concurrent mark sweep GC freed 12(560B) AllocSpace objects, 0(0B) LOS objects, 36% free, 27MB/43MB, paused 330us total 52.715ms
08-06 06:33:01.943 30345 30356 I art     : Starting a blocking GC Explicit
08-06 06:33:01.950   380   380 W SurfaceFlinger: couldn't log to binary event log: overflow.
08-06 06:33:01.984 30345 30356 I art     : Explicit concurrent mark sweep GC freed 53(1984B) AllocSpace objects, 0(0B) LOS objects, 36% free, 27MB/43MB, paused 239us total 40.050ms
08-06 06:33:01.998 30345 30356 I art     : Starting a blocking GC Explicit
08-06 06:33:02.039 30345 30356 I art     : Explicit concurrent mark sweep GC freed 9(384B) AllocSpace objects, 0(0B) LOS objects, 36% free, 27MB/43MB, paused 236us total 40.355ms
08-06 06:33:02.054 28232 28232 I ServiceManager: Waiting for service AtCmdFwd...
08-06 06:33:02.334 30345 31027 I art     : Starting a blocking GC Explicit
08-06 06:33:02.381 30345 31027 I art     : Explicit concurrent mark sweep GC freed 48098(2MB) AllocSpace objects, 6(160KB) LOS objects, 39% free, 24MB/40MB, paused 263us total 46.553ms
08-06 06:33:02.399 30345 31027 I art     : Starting a blocking GC Explicit
08-06 06:33:02.428 30345 31027 I art     : Explicit concurrent mark sweep GC freed 20(704B) AllocSpace objects, 0(0B) LOS objects, 39% free, 24MB/40MB, paused 253us total 28.686ms
08-06 06:33:02.440 30345 31027 I art     : Starting a blocking GC Explicit
08-06 06:33:02.469 30345 31027 I art     : Explicit concurrent mark sweep GC freed 3(96B) AllocSpace objects, 0(0B) LOS objects, 39% free, 24MB/40MB, paused 273us total 28.218ms
08-06 06:33:02.481 30345 31027 I art     : Starting a blocking GC Explicit
08-06 06:33:02.512 30345 31027 I art     : Explicit concurrent mark sweep GC freed 3(96B) AllocSpace objects, 0(0B) LOS objects, 39% free, 24MB/40MB, paused 261us total 30.504ms
08-06 06:33:02.525 30345 31027 I art     : Starting a blocking GC Explicit
08-06 06:33:02.555 30345 31027 I art     : Explicit concurrent mark sweep GC freed 3(96B) AllocSpace objects, 0(0B) LOS objects, 39% free, 24MB/40MB, paused 238us total 29.823ms
08-06 06:33:02.849 30345 30357 I art     : Starting a blocking GC Explicit
08-06 06:33:02.880 30345 30357 I art     : Explicit concurrent mark sweep GC freed 1343(80KB) AllocSpace objects, 1(20KB) LOS objects, 39% free, 24MB/40MB, paused 218us total 31.537ms
08-06 06:33:02.893 30345 30357 I art     : Starting a blocking GC Explicit
08-06 06:33:02.922 30345 30357 I art     : Explicit concurrent mark sweep GC freed 20(704B) AllocSpace objects, 0(0B) LOS objects, 39% free, 24MB/40MB, paused 223us total 28.455ms
08-06 06:33:02.935 30345 30357 I art     : Starting a blocking GC Explicit
08-06 06:33:02.963 30345 30357 I art     : Explicit concurrent mark sweep GC freed 3(96B) AllocSpace objects, 0(0B) LOS objects, 39% free, 24MB/40MB, paused 234us total 28.390ms
08-06 06:33:02.976 30345 30357 I art     : Starting a blocking GC Explicit
08-06 06:33:03.005 30345 30357 I art     : Explicit concurrent mark sweep GC freed 3(96B) AllocSpace objects, 0(0B) LOS objects, 39% free, 24MB/40MB, paused 227us total 28.624ms
08-06 06:33:03.018 30345 30357 I art     : Starting a blocking GC Explicit
08-06 06:33:03.047 30345 30357 I art     : Explicit concurrent mark sweep GC freed 3(96B) AllocSpace objects, 0(0B) LOS objects, 39% free, 24MB/40MB, paused 248us total 28.690ms
08-06 06:33:03.054 28232 28232 I ServiceManager: Waiting for service AtCmdFwd...
08-06 06:33:03.262 31747 31747 D AndroidRuntime: >>>>>> START com.android.internal.os.RuntimeInit uid 2000 <<<<<<
08-06 06:33:03.267 31747 31747 D AndroidRuntime: CheckJNI is OFF
08-06 06:33:03.302 31747 31747 D ICU     : No timezone override file found: /data/misc/zoneinfo/current/icu/icu_tzdata.dat
08-06 06:33:03.318 30345 30369 I art     : Starting a blocking GC Explicit
08-06 06:33:03.336 31747 31747 I Radio-JNI: register_android_hardware_Radio DONE
08-06 06:33:03.349 30345 30369 I art     : Explicit concurrent mark sweep GC freed 1343(80KB) AllocSpace objects, 1(20KB) LOS objects, 39% free, 24MB/40MB, paused 239us total 31.194ms
08-06 06:33:03.359 31747 31747 D AndroidRuntime: Calling main entry com.android.commands.input.Input
08-06 06:33:03.361 31747 31747 I Input   : injectKeyEvent: KeyEvent { action=ACTION_DOWN, keyCode=KEYCODE_BACK, scanCode=0, metaState=0, flags=0x0, repeatCount=0, eventTime=858799774, downTime=858799774, deviceId=-1, source=0x101 }
08-06 06:33:03.362 30345 30369 I art     : Starting a blocking GC Explicit
08-06 06:33:03.365 31747 31747 I Input   : injectKeyEvent: KeyEvent { action=ACTION_UP, keyCode=KEYCODE_BACK, scanCode=0, metaState=0, flags=0x0, repeatCount=0, eventTime=858799774, downTime=858799774, deviceId=-1, source=0x101 }
08-06 06:33:03.369 31747 31747 D AndroidRuntime: Shutting down VM
08-06 06:33:03.391 30345 30369 I art     : Explicit concurrent mark sweep GC freed 127(4KB) AllocSpace objects, 0(0B) LOS objects, 39% free, 24MB/40MB, paused 264us total 28.760ms
08-06 06:33:03.403 30345 30369 I art     : Starting a blocking GC Explicit
08-06 06:33:03.411 13866 13866 I GoogleInputMethodServic: GoogleInputMethodService.onFinishInput():3138 
08-06 06:33:03.411 13866 13866 I GoogleInputMethodServic: GoogleInputMethodService.onStartInput():1808 
08-06 06:33:03.430 30345 30369 I art     : Explicit concurrent mark sweep GC freed 41(1504B) AllocSpace objects, 0(0B) LOS objects, 39% free, 24MB/40MB, paused 286us total 26.272ms
08-06 06:33:03.442 30345 30369 I art     : Starting a blocking GC Explicit
08-06 06:33:03.471 30345 30369 I art     : Explicit concurrent mark sweep GC freed 26(848B) AllocSpace objects, 0(0B) LOS objects, 39% free, 24MB/40MB, paused 211us total 28.683ms
08-06 06:33:03.483 30345 30369 I art     : Starting a blocking GC Explicit
08-06 06:33:03.508 30345 30369 I art     : Explicit concurrent mark sweep GC freed 18(592B) AllocSpace objects, 0(0B) LOS objects, 39% free, 24MB/40MB, paused 202us total 24.625ms
08-06 06:33:03.754 30345 30357 I art     : Starting a blocking GC Explicit
08-06 06:33:03.785 30345 30357 I art     : Explicit concurrent mark sweep GC freed 1404(82KB) AllocSpace objects, 1(20KB) LOS objects, 39% free, 24MB/40MB, paused 262us total 30.348ms
08-06 06:33:03.797 30345 30357 I art     : Starting a blocking GC Explicit
08-06 06:33:03.827 30345 30357 I art     : Explicit concurrent mark sweep GC freed 150(7KB) AllocSpace objects, 0(0B) LOS objects, 39% free, 24MB/40MB, paused 250us total 29.707ms
08-06 06:33:03.840 30345 30357 I art     : Starting a blocking GC Explicit
08-06 06:33:03.871 30345 30357 I art     : Explicit concurrent mark sweep GC freed 3(96B) AllocSpace objects, 0(0B) LOS objects, 39% free, 24MB/40MB, paused 247us total 30.403ms
08-06 06:33:03.884 30345 30357 I art     : Starting a blocking GC Explicit
08-06 06:33:03.914 30345 30357 I art     : Explicit concurrent mark sweep GC freed 3(96B) AllocSpace objects, 0(0B) LOS objects, 39% free, 24MB/40MB, paused 262us total 30.080ms
08-06 06:33:03.927 30345 30357 I art     : Starting a blocking GC Explicit
08-06 06:33:03.959 30345 30357 I art     : Explicit concurrent mark sweep GC freed 3(96B) AllocSpace objects, 0(0B) LOS objects, 39% free, 24MB/40MB, paused 296us total 31.214ms
08-06 06:33:04.055 28232 28232 I ServiceManager: Waiting for service AtCmdFwd...
08-06 06:33:04.242 30345 31027 I art     : Starting a blocking GC Explicit
08-06 06:33:04.275 30345 31027 I art     : Explicit concurrent mark sweep GC freed 1343(80KB) AllocSpace objects, 1(20KB) LOS objects, 39% free, 24MB/40MB, paused 343us total 33.619ms
08-06 06:33:04.292 30345 31027 I art     : Starting a blocking GC Explicit
08-06 06:33:04.323 30345 31027 I art     : Explicit concurrent mark sweep GC freed 20(704B) AllocSpace objects, 0(0B) LOS objects, 39% free, 24MB/40MB, paused 266us total 30.629ms
08-06 06:33:04.336 30345 31027 I art     : Starting a blocking GC Explicit
08-06 06:33:04.366 30345 31027 I art     : Explicit concurrent mark sweep GC freed 3(96B) AllocSpace objects, 0(0B) LOS objects, 39% free, 24MB/40MB, paused 258us total 30.001ms
08-06 06:33:04.379 30345 31027 I art     : Starting a blocking GC Explicit
08-06 06:33:04.410 30345 31027 I art     : Explicit concurrent mark sweep GC freed 3(96B) AllocSpace objects, 0(0B) LOS objects, 39% free, 24MB/40MB, paused 269us total 30.898ms
08-06 06:33:04.424 30345 31027 I art     : Starting a blocking GC Explicit
08-06 06:33:04.455 30345 31027 I art     : Explicit concurrent mark sweep GC freed 3(96B) AllocSpace objects, 0(0B) LOS objects, 39% free, 24MB/40MB, paused 265us total 30.943ms
08-06 06:33:04.727 30345 30356 I art     : Starting a blocking GC Explicit
08-06 06:33:04.759 30345 30356 I art     : Explicit concurrent mark sweep GC freed 1343(80KB) AllocSpace objects, 1(20KB) LOS objects, 39% free, 24MB/40MB, paused 269us total 31.156ms
08-06 06:33:04.772 30345 30356 I art     : Starting a blocking GC Explicit
08-06 06:33:04.802 30345 30356 I art     : Explicit concurrent mark sweep GC freed 20(704B) AllocSpace objects, 0(0B) LOS objects, 39% free, 24MB/40MB, paused 267us total 29.761ms
08-06 06:33:04.815 30345 30356 I art     : Starting a blocking GC Explicit
08-06 06:33:04.845 30345 30356 I art     : Explicit concurrent mark sweep GC freed 3(96B) AllocSpace objects, 0(0B) LOS objects, 39% free, 24MB/40MB, paused 282us total 29.953ms
08-06 06:33:04.858 30345 30356 I art     : Starting a blocking GC Explicit
08-06 06:33:04.888 30345 30356 I art     : Explicit concurrent mark sweep GC freed 3(96B) AllocSpace objects, 0(0B) LOS objects, 39% free, 24MB/40MB, paused 252us total 29.815ms
08-06 06:33:04.901 30345 30356 I art     : Starting a blocking GC Explicit
08-06 06:33:04.931 30345 30356 I art     : Explicit concurrent mark sweep GC freed 3(96B) AllocSpace objects, 0(0B) LOS objects, 39% free, 24MB/40MB, paused 259us total 29.612ms
08-06 06:33:05.046 31793 31793 D AndroidRuntime: >>>>>> START com.android.internal.os.RuntimeInit uid 2000 <<<<<<
08-06 06:33:05.052 31793 31793 D AndroidRuntime: CheckJNI is OFF
08-06 06:33:05.055 28232 28232 W Atfwd_Sendcmd: AtCmdFwd service not published, waiting... retryCnt : 2
08-06 06:33:05.088 31793 31793 D ICU     : No timezone override file found: /data/misc/zoneinfo/current/icu/icu_tzdata.dat
08-06 06:33:05.121 31793 31793 I Radio-JNI: register_android_hardware_Radio DONE
08-06 06:33:05.143 31793 31793 D AndroidRuntime: Calling main entry com.android.commands.input.Input
08-06 06:33:05.145 31793 31793 I Input   : injectMotionEvent: MotionEvent { action=ACTION_DOWN, actionButton=0, id[0]=0, x[0]=600.0, y[0]=1536.0, toolType[0]=TOOL_TYPE_UNKNOWN, buttonState=0, metaState=0, flags=0x0, edgeFlags=0x0, pointerCount=1, historySize=0, eventTime=858801557, downTime=858801557, deviceId=0, source=0x1002 }
08-06 06:33:05.150 31793 31793 I Input   : injectMotionEvent: MotionEvent { action=ACTION_UP, actionButton=0, id[0]=0, x[0]=600.0, y[0]=1536.0, toolType[0]=TOOL_TYPE_UNKNOWN, buttonState=0, metaState=0, flags=0x0, edgeFlags=0x0, pointerCount=1, historySize=0, eventTime=858801557, downTime=858801557, deviceId=0, source=0x1002 }
08-06 06:33:05.152 31793 31793 D AndroidRuntime: Shutting down VM
08-06 06:33:05.156   918  5481 I ActivityManager: START u0 {dat=https://oauth.reddit.com/... cmp=baseline.org.quantumbadger.redreader/.activities.PostListingActivity} from uid 10705 on display 0
08-06 06:33:05.157   512  2967 D audio_hw_primary: out_set_parameters: enter: usecase(1: low-latency-playback) kvpairs: routing=2
08-06 06:33:05.170   512  2967 D audio_hw_primary: select_devices: out_snd_device(2: speaker) in_snd_device(0: none)
08-06 06:33:05.171   512  2967 D msm8974_platform: platform_send_audio_calibration: sending audio calibration for snd_device(2) acdb_id(15)
08-06 06:33:05.171   512  2967 I soundtrigger: audio_extn_sound_trigger_update_device_status: device 0x2 of type 0 for Event 1
08-06 06:33:05.184   512  2967 D audio_hw_primary: enable_snd_device: snd_device(2: speaker)
08-06 06:33:05.186 30345 30345 I AppCompatViewInflater: app:theme is now deprecated. Please move to using android:theme instead.
08-06 06:33:05.186   512  2967 D audio_hw_primary: enable_audio_route: apply and update mixer path: low-latency-playback speaker
08-06 06:33:05.208 30345 31825 D OK      : calling: https://oauth.reddit.com/r/askscience/about.json
08-06 06:33:05.226 30345 30356 I art     : Starting a blocking GC Explicit
08-06 06:33:05.256 30345 30356 I art     : Explicit concurrent mark sweep GC freed 2851(178KB) AllocSpace objects, 1(20KB) LOS objects, 38% free, 25MB/41MB, paused 337us total 29.648ms
08-06 06:33:05.264   918   936 I ActivityManager: Displayed baseline.org.quantumbadger.redreader/.activities.PostListingActivity: +95ms
08-06 06:33:05.266 13866 13866 I GoogleInputMethodServic: GoogleInputMethodService.onFinishInput():3138 
08-06 06:33:05.267 13866 13866 I GoogleInputMethodServic: GoogleInputMethodService.onStartInput():1808 
08-06 06:33:05.271 30345 30356 I art     : Starting a blocking GC Explicit
08-06 06:33:05.303 30345 30356 I art     : Explicit concurrent mark sweep GC freed 587(32KB) AllocSpace objects, 0(0B) LOS objects, 39% free, 25MB/41MB, paused 284us total 31.906ms
08-06 06:33:05.316 30345 30356 I art     : Starting a blocking GC Explicit
08-06 06:33:05.343 30345 30356 I art     : Explicit concurrent mark sweep GC freed 1695(67KB) AllocSpace objects, 0(0B) LOS objects, 39% free, 25MB/41MB, paused 414us total 27.217ms
08-06 06:33:05.357 30345 30356 I art     : Starting a blocking GC Explicit
08-06 06:33:05.387 30345 30356 I art     : Explicit concurrent mark sweep GC freed 292(9KB) AllocSpace objects, 0(0B) LOS objects, 39% free, 25MB/41MB, paused 370us total 29.690ms
08-06 06:33:05.401 30345 30356 I art     : Starting a blocking GC Explicit
08-06 06:33:05.435 30345 30356 I art     : Explicit concurrent mark sweep GC freed 55(2496B) AllocSpace objects, 0(0B) LOS objects, 39% free, 25MB/41MB, paused 315us total 33.644ms
08-06 06:33:05.502 30345 31825 I NAPPA_EXPERIMENTATION: MetricNetworkRequestExecutionTime: REQUEST_DURATION_SYSTEM='294',REQUEST_DURATION_OKHTTP='146',REQUEST_SYNCHRONOUS='TRUE',RESPONSE_CODE='200',RESPONSE_METHOD='GET',RESPONSE_LENGTH_OKHTTP='-1',RESPONSE_LENGTH_HEADER='4700',REQUEST_PROTOCOL='h2',REQUEST_URL='https://oauth.reddit.com/r/askscience/about.json',
08-06 06:33:05.502 30345 31825 D OK      : request got status: 200
08-06 06:33:05.522   380   380 W SurfaceFlinger: couldn't log to binary event log: overflow.
08-06 06:33:05.676 30345 31027 I art     : Starting a blocking GC Explicit
08-06 06:33:05.706 30345 31027 I art     : Explicit concurrent mark sweep GC freed 3118(276KB) AllocSpace objects, 4(176KB) LOS objects, 38% free, 25MB/41MB, paused 451us total 30.220ms
08-06 06:33:05.718   512  2967 D audio_hw_primary: disable_audio_route: reset and update mixer path: low-latency-playback speaker
08-06 06:33:05.719 30345 31027 I art     : Starting a blocking GC Explicit
08-06 06:33:05.719   512  2967 D audio_hw_primary: disable_snd_device: snd_device(2: speaker)
08-06 06:33:05.728   512  2967 I soundtrigger: audio_extn_sound_trigger_update_device_status: device 0x2 of type 0 for Event 0
08-06 06:33:05.746 30345 31027 I art     : Explicit concurrent mark sweep GC freed 201(10KB) AllocSpace objects, 0(0B) LOS objects, 38% free, 25MB/41MB, paused 281us total 27.681ms
08-06 06:33:05.759 30345 31027 I art     : Starting a blocking GC Explicit
08-06 06:33:05.788 30345 31027 I art     : Explicit concurrent mark sweep GC freed 3(96B) AllocSpace objects, 0(0B) LOS objects, 38% free, 25MB/41MB, paused 255us total 28.789ms
08-06 06:33:05.788 30345 30355 I art     : WaitForGcToComplete blocked for 10.631ms for cause HeapTrim
08-06 06:33:05.801 30345 31027 I art     : Starting a blocking GC Explicit
08-06 06:33:05.831 30345 31027 I art     : Explicit concurrent mark sweep GC freed 9(304B) AllocSpace objects, 0(0B) LOS objects, 38% free, 25MB/41MB, paused 293us total 30.036ms
08-06 06:33:05.844 30345 31027 I art     : Starting a blocking GC Explicit
08-06 06:33:05.875 30345 31027 I art     : Explicit concurrent mark sweep GC freed 32(1360B) AllocSpace objects, 0(0B) LOS objects, 38% free, 25MB/41MB, paused 290us total 29.797ms
08-06 06:33:06.144 30345 30369 I art     : Starting a blocking GC Explicit
08-06 06:33:06.177 30345 30369 I art     : Explicit concurrent mark sweep GC freed 1367(81KB) AllocSpace objects, 1(20KB) LOS objects, 38% free, 25MB/41MB, paused 265us total 32.563ms
08-06 06:33:06.191 30345 30369 I art     : Starting a blocking GC Explicit
08-06 06:33:06.222 30345 30369 I art     : Explicit concurrent mark sweep GC freed 20(704B) AllocSpace objects, 0(0B) LOS objects, 38% free, 25MB/41MB, paused 257us total 30.663ms
08-06 06:33:06.235 30345 30369 I art     : Starting a blocking GC Explicit
08-06 06:33:06.265 30345 30369 I art     : Explicit concurrent mark sweep GC freed 3(96B) AllocSpace objects, 0(0B) LOS objects, 38% free, 25MB/41MB, paused 271us total 29.424ms
08-06 06:33:06.278 30345 30369 I art     : Starting a blocking GC Explicit
08-06 06:33:06.309 30345 30369 I art     : Explicit concurrent mark sweep GC freed 3(96B) AllocSpace objects, 0(0B) LOS objects, 38% free, 25MB/41MB, paused 285us total 30.358ms
08-06 06:33:06.322 30345 30369 I art     : Starting a blocking GC Explicit
08-06 06:33:06.352 30345 30369 I art     : Explicit concurrent mark sweep GC freed 3(96B) AllocSpace objects, 0(0B) LOS objects, 38% free, 25MB/41MB, paused 290us total 29.926ms
08-06 06:33:06.408 30345 31849 D OK      : calling: https://oauth.reddit.com/r/askscience/hot/.json
08-06 06:33:06.618 30345 31849 I NAPPA_EXPERIMENTATION: MetricNetworkRequestExecutionTime: REQUEST_DURATION_SYSTEM='210',REQUEST_DURATION_OKHTTP='207',REQUEST_SYNCHRONOUS='TRUE',RESPONSE_CODE='200',RESPONSE_METHOD='GET',RESPONSE_LENGTH_OKHTTP='-1',RESPONSE_LENGTH_HEADER='21282',REQUEST_PROTOCOL='h2',REQUEST_URL='https://oauth.reddit.com/r/askscience/hot/.json',
08-06 06:33:06.618 30345 31849 D OK      : request got status: 200
08-06 06:33:06.637 30345 30917 I PostListingFragment: Precaching images: OFF
08-06 06:33:06.637 30345 30917 I PostListingFragment: Precaching comments: OFF
08-06 06:33:06.651 30345 30357 I art     : Starting a blocking GC Explicit
08-06 06:33:06.652 13866 13882 I PeriodicStatsRunner: PeriodicStatsRunner.call():175 call()
08-06 06:33:06.652 13866 13882 I PeriodicStatsRunner: PeriodicStatsRunner.call():179 No submit PeriodicStats since input started.
08-06 06:33:06.687 30345 30357 I art     : Explicit concurrent mark sweep GC freed 4088(312KB) AllocSpace objects, 1(20KB) LOS objects, 38% free, 25MB/41MB, paused 534us total 35.628ms
08-06 06:33:06.700 30345 30357 I art     : Starting a blocking GC Explicit
08-06 06:33:06.735 30345 30357 I art     : Explicit concurrent mark sweep GC freed 3905(161KB) AllocSpace objects, 1(68KB) LOS objects, 38% free, 25MB/41MB, paused 392us total 34.142ms
08-06 06:33:06.748 30345 30357 I art     : Starting a blocking GC Explicit
08-06 06:33:06.779 30345 30357 I art     : Explicit concurrent mark sweep GC freed 3631(188KB) AllocSpace objects, 1(68KB) LOS objects, 38% free, 25MB/41MB, paused 370us total 31.523ms
08-06 06:33:06.792 30345 30357 I art     : Starting a blocking GC Explicit
08-06 06:33:06.826 30345 30357 I art     : Explicit concurrent mark sweep GC freed 2998(113KB) AllocSpace objects, 0(0B) LOS objects, 38% free, 25MB/41MB, paused 490us total 33.656ms
08-06 06:33:06.839 30345 30357 I art     : Starting a blocking GC Explicit
08-06 06:33:06.872 30345 30357 I art     : Explicit concurrent mark sweep GC freed 3510(128KB) AllocSpace objects, 0(0B) LOS objects, 38% free, 25MB/41MB, paused 368us total 32.914ms
08-06 06:33:07.142 30345 31027 I art     : Starting a blocking GC Explicit
08-06 06:33:07.178 30345 31027 I art     : Explicit concurrent mark sweep GC freed 18335(836KB) AllocSpace objects, 1(20KB) LOS objects, 38% free, 25MB/41MB, paused 285us total 35.644ms
08-06 06:33:07.192 30345 31027 I art     : Starting a blocking GC Explicit
08-06 06:33:07.225 30345 31027 I art     : Explicit concurrent mark sweep GC freed 660(29KB) AllocSpace objects, 0(0B) LOS objects, 38% free, 25MB/41MB, paused 344us total 32.674ms
08-06 06:33:07.238 30345 31027 I art     : Starting a blocking GC Explicit
08-06 06:33:07.270 30345 31027 I art     : Explicit concurrent mark sweep GC freed 30(1216B) AllocSpace objects, 0(0B) LOS objects, 38% free, 25MB/41MB, paused 279us total 31.837ms
08-06 06:33:07.284 30345 31027 I art     : Starting a blocking GC Explicit
08-06 06:33:07.319 30345 31027 I art     : Explicit concurrent mark sweep GC freed 3(96B) AllocSpace objects, 0(0B) LOS objects, 38% free, 25MB/41MB, paused 280us total 35.131ms
08-06 06:33:07.332 30345 31027 I art     : Starting a blocking GC Explicit
08-06 06:33:07.362 30345 31027 I art     : Explicit concurrent mark sweep GC freed 17(768B) AllocSpace objects, 0(0B) LOS objects, 38% free, 25MB/41MB, paused 281us total 30.216ms
08-06 06:33:07.665 30345 30369 I art     : Starting a blocking GC Explicit
08-06 06:33:07.711 30345 30369 I art     : Explicit concurrent mark sweep GC freed 1501(87KB) AllocSpace objects, 1(20KB) LOS objects, 38% free, 25MB/41MB, paused 368us total 45.938ms
08-06 06:33:07.729 30345 30369 I art     : Starting a blocking GC Explicit
08-06 06:33:07.766 30345 30369 I art     : Explicit concurrent mark sweep GC freed 20(704B) AllocSpace objects, 0(0B) LOS objects, 38% free, 25MB/41MB, paused 294us total 36.090ms
08-06 06:33:07.779 30345 30369 I art     : Starting a blocking GC Explicit
08-06 06:33:07.813 30345 30369 I art     : Explicit concurrent mark sweep GC freed 3(96B) AllocSpace objects, 0(0B) LOS objects, 38% free, 25MB/41MB, paused 273us total 32.954ms
08-06 06:33:07.826 30345 30369 I art     : Starting a blocking GC Explicit
08-06 06:33:07.860 30345 30369 I art     : Explicit concurrent mark sweep GC freed 3(96B) AllocSpace objects, 0(0B) LOS objects, 38% free, 25MB/41MB, paused 297us total 33.563ms
08-06 06:33:07.874 30345 30369 I art     : Starting a blocking GC Explicit
08-06 06:33:07.907 30345 30369 I art     : Explicit concurrent mark sweep GC freed 3(96B) AllocSpace objects, 0(0B) LOS objects, 38% free, 25MB/41MB, paused 301us total 33.533ms
08-06 06:33:08.221 30345 30356 I art     : Starting a blocking GC Explicit
08-06 06:33:08.263 30345 30356 I art     : Explicit concurrent mark sweep GC freed 1344(80KB) AllocSpace objects, 1(20KB) LOS objects, 38% free, 25MB/41MB, paused 297us total 41.347ms
08-06 06:33:08.276 30345 30356 I art     : Starting a blocking GC Explicit
08-06 06:33:08.310 30345 30356 I art     : Explicit concurrent mark sweep GC freed 20(704B) AllocSpace objects, 0(0B) LOS objects, 38% free, 25MB/41MB, paused 268us total 33.332ms
08-06 06:33:08.324 30345 30356 I art     : Starting a blocking GC Explicit
08-06 06:33:08.357 30345 30356 I art     : Explicit concurrent mark sweep GC freed 3(96B) AllocSpace objects, 0(0B) LOS objects, 38% free, 25MB/41MB, paused 306us total 33.467ms
08-06 06:33:08.371 30345 30356 I art     : Starting a blocking GC Explicit
08-06 06:33:08.404 30345 30356 I art     : Explicit concurrent mark sweep GC freed 3(96B) AllocSpace objects, 0(0B) LOS objects, 38% free, 25MB/41MB, paused 283us total 33.417ms
08-06 06:33:08.411 13866 13882 I PeriodicStatsRunner: PeriodicStatsRunner.call():175 call()
08-06 06:33:08.412 13866 13882 I PeriodicStatsRunner: PeriodicStatsRunner.call():179 No submit PeriodicStats since input started.
08-06 06:33:08.418 30345 30356 I art     : Starting a blocking GC Explicit
08-06 06:33:08.451 30345 30356 I art     : Explicit concurrent mark sweep GC freed 3(96B) AllocSpace objects, 0(0B) LOS objects, 38% free, 25MB/41MB, paused 290us total 33.165ms
08-06 06:33:08.770 30345 31027 I art     : Starting a blocking GC Explicit
08-06 06:33:08.809 30345 31027 I art     : Explicit concurrent mark sweep GC freed 1344(80KB) AllocSpace objects, 1(20KB) LOS objects, 38% free, 25MB/41MB, paused 354us total 38.925ms
08-06 06:33:08.825 30345 31027 I art     : Starting a blocking GC Explicit
08-06 06:33:08.859 30345 31027 I art     : Explicit concurrent mark sweep GC freed 20(704B) AllocSpace objects, 0(0B) LOS objects, 38% free, 25MB/41MB, paused 298us total 33.776ms
08-06 06:33:08.873 30345 31027 I art     : Starting a blocking GC Explicit
08-06 06:33:08.907 30345 31027 I art     : Explicit concurrent mark sweep GC freed 3(96B) AllocSpace objects, 0(0B) LOS objects, 38% free, 25MB/41MB, paused 290us total 33.907ms
08-06 06:33:08.920 30345 31027 I art     : Starting a blocking GC Explicit
08-06 06:33:08.954 30345 31027 I art     : Explicit concurrent mark sweep GC freed 3(96B) AllocSpace objects, 0(0B) LOS objects, 38% free, 25MB/41MB, paused 297us total 33.232ms
08-06 06:33:08.967 30345 31027 I art     : Starting a blocking GC Explicit
08-06 06:33:09.001 30345 31027 I art     : Explicit concurrent mark sweep GC freed 3(96B) AllocSpace objects, 0(0B) LOS objects, 38% free, 25MB/41MB, paused 275us total 33.042ms
08-06 06:33:09.310 30345 30357 I art     : Starting a blocking GC Explicit
08-06 06:33:09.352 30345 30357 I art     : Explicit concurrent mark sweep GC freed 1343(80KB) AllocSpace objects, 1(20KB) LOS objects, 38% free, 25MB/41MB, paused 334us total 41.631ms
08-06 06:33:09.369 30345 30357 I art     : Starting a blocking GC Explicit
08-06 06:33:09.402 30345 30357 I art     : Explicit concurrent mark sweep GC freed 20(704B) AllocSpace objects, 0(0B) LOS objects, 38% free, 25MB/41MB, paused 283us total 32.669ms
08-06 06:33:09.415 30345 30357 I art     : Starting a blocking GC Explicit
08-06 06:33:09.449 30345 30357 I art     : Explicit concurrent mark sweep GC freed 3(96B) AllocSpace objects, 0(0B) LOS objects, 38% free, 25MB/41MB, paused 289us total 33.636ms
08-06 06:33:09.463 30345 30357 I art     : Starting a blocking GC Explicit
08-06 06:33:09.497 30345 30357 I art     : Explicit concurrent mark sweep GC freed 3(96B) AllocSpace objects, 0(0B) LOS objects, 38% free, 25MB/41MB, paused 369us total 33.949ms
08-06 06:33:09.511 30345 30357 I art     : Starting a blocking GC Explicit
08-06 06:33:09.544 30345 30357 I art     : Explicit concurrent mark sweep GC freed 3(96B) AllocSpace objects, 0(0B) LOS objects, 38% free, 25MB/41MB, paused 288us total 32.938ms
08-06 06:33:09.869 30345 30369 I art     : Starting a blocking GC Explicit
08-06 06:33:09.914 30345 30369 I art     : Explicit concurrent mark sweep GC freed 1347(80KB) AllocSpace objects, 1(20KB) LOS objects, 38% free, 25MB/41MB, paused 325us total 44.357ms
08-06 06:33:09.931 30345 30369 I art     : Starting a blocking GC Explicit
08-06 06:33:09.965 30345 30369 I art     : Explicit concurrent mark sweep GC freed 20(704B) AllocSpace objects, 0(0B) LOS objects, 38% free, 25MB/41MB, paused 295us total 33.684ms
08-06 06:33:09.979 30345 30369 I art     : Starting a blocking GC Explicit
08-06 06:33:10.012 30345 30369 I art     : Explicit concurrent mark sweep GC freed 3(96B) AllocSpace objects, 0(0B) LOS objects, 38% free, 25MB/41MB, paused 266us total 33.305ms
08-06 06:33:10.026 30345 30369 I art     : Starting a blocking GC Explicit
08-06 06:33:10.060 30345 30369 I art     : Explicit concurrent mark sweep GC freed 3(96B) AllocSpace objects, 0(0B) LOS objects, 38% free, 25MB/41MB, paused 301us total 33.691ms
08-06 06:33:10.073 30345 30369 I art     : Starting a blocking GC Explicit
08-06 06:33:10.107 30345 30369 I art     : Explicit concurrent mark sweep GC freed 3(96B) AllocSpace objects, 0(0B) LOS objects, 38% free, 25MB/41MB, paused 314us total 33.605ms
08-06 06:33:10.278 13866 13882 I PeriodicStatsRunner: PeriodicStatsRunner.call():175 call()
08-06 06:33:10.278 13866 13882 I PeriodicStatsRunner: PeriodicStatsRunner.call():179 No submit PeriodicStats since input started.
08-06 06:33:10.435 30345 30356 I art     : Starting a blocking GC Explicit
08-06 06:33:10.469 30345 30356 I art     : Explicit concurrent mark sweep GC freed 1344(80KB) AllocSpace objects, 1(20KB) LOS objects, 38% free, 25MB/41MB, paused 299us total 33.785ms
08-06 06:33:10.482 30345 30356 I art     : Starting a blocking GC Explicit
08-06 06:33:10.513 30345 30356 I art     : Explicit concurrent mark sweep GC freed 20(704B) AllocSpace objects, 0(0B) LOS objects, 38% free, 25MB/41MB, paused 281us total 30.669ms
08-06 06:33:10.526 30345 30356 I art     : Starting a blocking GC Explicit
08-06 06:33:10.558 30345 30356 I art     : Explicit concurrent mark sweep GC freed 3(96B) AllocSpace objects, 0(0B) LOS objects, 38% free, 25MB/41MB, paused 272us total 31.670ms
08-06 06:33:10.571 30345 30356 I art     : Starting a blocking GC Explicit
08-06 06:33:10.603 30345 30356 I art     : Explicit concurrent mark sweep GC freed 3(96B) AllocSpace objects, 0(0B) LOS objects, 38% free, 25MB/41MB, paused 280us total 31.663ms
08-06 06:33:10.616 30345 30356 I art     : Starting a blocking GC Explicit
08-06 06:33:10.648 30345 30356 I art     : Explicit concurrent mark sweep GC freed 3(96B) AllocSpace objects, 0(0B) LOS objects, 38% free, 25MB/41MB, paused 295us total 31.654ms
08-06 06:33:10.813 31932 31932 D AndroidRuntime: >>>>>> START com.android.internal.os.RuntimeInit uid 2000 <<<<<<
08-06 06:33:10.819 31932 31932 D AndroidRuntime: CheckJNI is OFF
08-06 06:33:10.851 31932 31932 D ICU     : No timezone override file found: /data/misc/zoneinfo/current/icu/icu_tzdata.dat
08-06 06:33:10.883 31932 31932 I Radio-JNI: register_android_hardware_Radio DONE
08-06 06:33:10.905 31932 31932 D AndroidRuntime: Calling main entry com.android.commands.input.Input
08-06 06:33:10.907 31932 31932 I Input   : injectMotionEvent: MotionEvent { action=ACTION_DOWN, actionButton=0, id[0]=0, x[0]=600.0, y[0]=700.0, toolType[0]=TOOL_TYPE_UNKNOWN, buttonState=0, metaState=0, flags=0x0, edgeFlags=0x0, pointerCount=1, historySize=0, eventTime=858807320, downTime=858807320, deviceId=0, source=0x1002 }
08-06 06:33:10.911 31932 31932 I Input   : injectMotionEvent: MotionEvent { action=ACTION_UP, actionButton=0, id[0]=0, x[0]=600.0, y[0]=700.0, toolType[0]=TOOL_TYPE_UNKNOWN, buttonState=0, metaState=0, flags=0x0, edgeFlags=0x0, pointerCount=1, historySize=0, eventTime=858807320, downTime=858807320, deviceId=0, source=0x1002 }
08-06 06:33:10.914 31932 31932 D AndroidRuntime: Shutting down VM
08-06 06:33:10.930   512  2967 D audio_hw_primary: out_set_parameters: enter: usecase(1: low-latency-playback) kvpairs: routing=2
08-06 06:33:10.931   918   929 I ActivityManager: START u0 {dat=https://oauth.reddit.com/... cmp=baseline.org.quantumbadger.redreader/.activities.CommentListingActivity} from uid 10705 on display 0
08-06 06:33:10.942   512  2967 D audio_hw_primary: select_devices: out_snd_device(2: speaker) in_snd_device(0: none)
08-06 06:33:10.942   512  2967 D msm8974_platform: platform_send_audio_calibration: sending audio calibration for snd_device(2) acdb_id(15)
08-06 06:33:10.943   512  2967 I soundtrigger: audio_extn_sound_trigger_update_device_status: device 0x2 of type 0 for Event 1
08-06 06:33:10.946 30345 30357 I art     : Starting a blocking GC Explicit
08-06 06:33:10.953 30345 30345 I AppCompatViewInflater: app:theme is now deprecated. Please move to using android:theme instead.
08-06 06:33:10.960   512  2967 D audio_hw_primary: enable_snd_device: snd_device(2: speaker)
08-06 06:33:10.962   512  2967 D audio_hw_primary: enable_audio_route: apply and update mixer path: low-latency-playback speaker
08-06 06:33:10.973 30345 30917 I CommentListingActivity: COMMENTS session changed to 7b29656c-0f26-427c-903c-4ce53c9d3910
08-06 06:33:10.981 30345 30357 I art     : Explicit concurrent mark sweep GC freed 3521(276KB) AllocSpace objects, 1(20KB) LOS objects, 38% free, 25MB/41MB, paused 757us total 33.944ms
08-06 06:33:10.993 30345 30357 I art     : Starting a blocking GC Explicit
08-06 06:33:11.029 30345 30357 I art     : Explicit concurrent mark sweep GC freed 8435(571KB) AllocSpace objects, 1(16KB) LOS objects, 37% free, 26MB/42MB, paused 940us total 35.848ms
08-06 06:33:11.045 30345 30357 I art     : Starting a blocking GC Explicit
08-06 06:33:11.051 13866 13866 I GoogleInputMethodServic: GoogleInputMethodService.onFinishInput():3138 
08-06 06:33:11.051   918   936 I ActivityManager: Displayed baseline.org.quantumbadger.redreader/.activities.CommentListingActivity: +111ms
08-06 06:33:11.051 13866 13866 I GoogleInputMethodServic: GoogleInputMethodService.onStartInput():1808 
08-06 06:33:11.088 30345 30357 I art     : Explicit concurrent mark sweep GC freed 11793(782KB) AllocSpace objects, 1(20KB) LOS objects, 36% free, 28MB/44MB, paused 1.112ms total 42.062ms
08-06 06:33:11.102 30345 30357 I art     : Starting a blocking GC Explicit
08-06 06:33:11.158 30345 30357 I art     : Explicit concurrent mark sweep GC freed 12309(835KB) AllocSpace objects, 0(0B) LOS objects, 35% free, 29MB/45MB, paused 702us total 55.344ms
08-06 06:33:11.173 30345 30357 I art     : Starting a blocking GC Explicit
08-06 06:33:11.221 30345 30357 I art     : Explicit concurrent mark sweep GC freed 10424(704KB) AllocSpace objects, 1(16KB) LOS objects, 35% free, 29MB/45MB, paused 326us total 47.036ms
08-06 06:33:11.312   380   380 W SurfaceFlinger: couldn't log to binary event log: overflow.
08-06 06:33:11.493 30345 30356 I art     : Starting a blocking GC Explicit
08-06 06:33:11.500   512  2967 D audio_hw_primary: disable_audio_route: reset and update mixer path: low-latency-playback speaker
08-06 06:33:11.501   512  2967 D audio_hw_primary: disable_snd_device: snd_device(2: speaker)
08-06 06:33:11.509   512  2967 I soundtrigger: audio_extn_sound_trigger_update_device_status: device 0x2 of type 0 for Event 0
08-06 06:33:11.543 30345 30356 I art     : Explicit concurrent mark sweep GC freed 20607(937KB) AllocSpace objects, 1(20KB) LOS objects, 36% free, 28MB/44MB, paused 297us total 49.382ms
08-06 06:33:11.558 30345 30356 I art     : Starting a blocking GC Explicit
08-06 06:33:11.603 30345 30356 I art     : Explicit concurrent mark sweep GC freed 30(1184B) AllocSpace objects, 0(0B) LOS objects, 36% free, 28MB/44MB, paused 260us total 44.531ms
08-06 06:33:11.619 30345 30356 I art     : Starting a blocking GC Explicit
08-06 06:33:11.663 30345 30356 I art     : Explicit concurrent mark sweep GC freed 3(96B) AllocSpace objects, 0(0B) LOS objects, 36% free, 28MB/44MB, paused 289us total 44.289ms
08-06 06:33:11.669 30345 31860 I RedditChangeDataIO: Writing tmp data file at '/data/user/0/baseline.org.quantumbadger.redreader/files/rr_change_data_tmp.dat'
08-06 06:33:11.669 30345 31860 I RedditChangeDataManager: Taking snapshot...
08-06 06:33:11.669 30345 31860 I RedditChangeDataManager: Writing to stream...
08-06 06:33:11.670 30345 31860 I RedditChangeDataManager: Wrote 3 entries for user ''
08-06 06:33:11.670 30345 31860 I RedditChangeDataManager: All entries written to stream.
08-06 06:33:11.670 30345 31860 I RedditChangeDataIO: Write successful. Atomically replacing data file...
08-06 06:33:11.670 30345 31860 I RedditChangeDataIO: Write complete.
08-06 06:33:11.670 30345 31860 I RedditChangeDataIO: 86 bytes written in 1 ms
08-06 06:33:11.679 30345 30356 I art     : Starting a blocking GC Explicit
08-06 06:33:11.720 30345 30356 I art     : Explicit concurrent mark sweep GC freed 110(6KB) AllocSpace objects, 1(68KB) LOS objects, 36% free, 28MB/44MB, paused 215us total 40.868ms
08-06 06:33:11.735 30345 30356 I art     : Starting a blocking GC Explicit
08-06 06:33:11.782 30345 30356 I art     : Explicit concurrent mark sweep GC freed 232(38KB) AllocSpace objects, 0(0B) LOS objects, 36% free, 28MB/44MB, paused 224us total 46.484ms
08-06 06:33:12.062 30345 31027 I art     : Starting a blocking GC Explicit
08-06 06:33:12.112 30345 31027 I art     : Explicit concurrent mark sweep GC freed 1408(82KB) AllocSpace objects, 1(20KB) LOS objects, 36% free, 28MB/44MB, paused 263us total 50.107ms
08-06 06:33:12.128 30345 31027 I art     : Starting a blocking GC Explicit
08-06 06:33:12.175 30345 31027 I art     : Explicit concurrent mark sweep GC freed 66(2528B) AllocSpace objects, 0(0B) LOS objects, 36% free, 28MB/44MB, paused 277us total 47.197ms
08-06 06:33:12.191 30345 31027 I art     : Starting a blocking GC Explicit
08-06 06:33:12.236 30345 31027 I art     : Explicit concurrent mark sweep GC freed 3(96B) AllocSpace objects, 0(0B) LOS objects, 36% free, 28MB/44MB, paused 258us total 45.718ms
08-06 06:33:12.252 30345 31027 I art     : Starting a blocking GC Explicit
08-06 06:33:12.298 30345 31027 I art     : Explicit concurrent mark sweep GC freed 3(96B) AllocSpace objects, 0(0B) LOS objects, 36% free, 28MB/44MB, paused 246us total 46.205ms
08-06 06:33:12.314 30345 31027 I art     : Starting a blocking GC Explicit
08-06 06:33:12.360 30345 31027 I art     : Explicit concurrent mark sweep GC freed 3(96B) AllocSpace objects, 0(0B) LOS objects, 36% free, 28MB/44MB, paused 256us total 45.964ms
08-06 06:33:12.643 30345 30369 I art     : Starting a blocking GC Explicit
08-06 06:33:12.708 30345 30369 I art     : Explicit concurrent mark sweep GC freed 1343(80KB) AllocSpace objects, 1(20KB) LOS objects, 36% free, 28MB/44MB, paused 350us total 64.675ms
08-06 06:33:12.728 30345 30369 I art     : Starting a blocking GC Explicit
08-06 06:33:12.774 30345 30369 I art     : Explicit concurrent mark sweep GC freed 20(704B) AllocSpace objects, 0(0B) LOS objects, 36% free, 28MB/44MB, paused 270us total 45.655ms
08-06 06:33:12.790 30345 30369 I art     : Starting a blocking GC Explicit
08-06 06:33:12.837 30345 30369 I art     : Explicit concurrent mark sweep GC freed 3(96B) AllocSpace objects, 0(0B) LOS objects, 36% free, 28MB/44MB, paused 279us total 47.504ms
08-06 06:33:12.853 30345 30369 I art     : Starting a blocking GC Explicit
08-06 06:33:12.900 30345 30369 I art     : Explicit concurrent mark sweep GC freed 3(96B) AllocSpace objects, 0(0B) LOS objects, 36% free, 28MB/44MB, paused 255us total 46.494ms
08-06 06:33:12.915 30345 30369 I art     : Starting a blocking GC Explicit
08-06 06:33:12.963 30345 30369 I art     : Explicit concurrent mark sweep GC freed 3(96B) AllocSpace objects, 0(0B) LOS objects, 36% free, 28MB/44MB, paused 327us total 47.867ms
08-06 06:33:13.289 30345 30357 I art     : Starting a blocking GC Explicit
08-06 06:33:13.353 30345 30357 I art     : Explicit concurrent mark sweep GC freed 1343(80KB) AllocSpace objects, 1(20KB) LOS objects, 36% free, 28MB/44MB, paused 288us total 63.951ms
08-06 06:33:13.372 30345 30357 I art     : Starting a blocking GC Explicit
08-06 06:33:13.420 30345 30357 I art     : Explicit concurrent mark sweep GC freed 20(704B) AllocSpace objects, 0(0B) LOS objects, 36% free, 28MB/44MB, paused 349us total 48.043ms
08-06 06:33:13.436 30345 30357 I art     : Starting a blocking GC Explicit
08-06 06:33:13.482 30345 30357 I art     : Explicit concurrent mark sweep GC freed 3(96B) AllocSpace objects, 0(0B) LOS objects, 36% free, 28MB/44MB, paused 261us total 45.276ms
08-06 06:33:13.497 30345 30357 I art     : Starting a blocking GC Explicit
08-06 06:33:13.545 30345 30357 I art     : Explicit concurrent mark sweep GC freed 3(96B) AllocSpace objects, 0(0B) LOS objects, 36% free, 28MB/44MB, paused 268us total 47.996ms
08-06 06:33:13.561 30345 30357 I art     : Starting a blocking GC Explicit
08-06 06:33:13.608 30345 30357 I art     : Explicit concurrent mark sweep GC freed 3(96B) AllocSpace objects, 0(0B) LOS objects, 36% free, 28MB/44MB, paused 260us total 47.383ms
08-06 06:33:13.933 30345 30356 I art     : Starting a blocking GC Explicit
08-06 06:33:13.990 30345 30356 I art     : Explicit concurrent mark sweep GC freed 1343(80KB) AllocSpace objects, 1(20KB) LOS objects, 36% free, 28MB/44MB, paused 339us total 56.778ms
08-06 06:33:14.012 30345 30356 I art     : Starting a blocking GC Explicit
08-06 06:33:14.058 30345 30356 I art     : Explicit concurrent mark sweep GC freed 20(704B) AllocSpace objects, 0(0B) LOS objects, 36% free, 28MB/44MB, paused 265us total 45.838ms
08-06 06:33:14.073 30345 30356 I art     : Starting a blocking GC Explicit
08-06 06:33:14.120 30345 30356 I art     : Explicit concurrent mark sweep GC freed 3(96B) AllocSpace objects, 0(0B) LOS objects, 36% free, 28MB/44MB, paused 268us total 46.051ms
08-06 06:33:14.135 30345 30356 I art     : Starting a blocking GC Explicit
08-06 06:33:14.181 30345 30356 I art     : Explicit concurrent mark sweep GC freed 3(96B) AllocSpace objects, 0(0B) LOS objects, 36% free, 28MB/44MB, paused 252us total 46.554ms
08-06 06:33:14.197 30345 30356 I art     : Starting a blocking GC Explicit
08-06 06:33:14.243 30345 30356 I art     : Explicit concurrent mark sweep GC freed 3(96B) AllocSpace objects, 0(0B) LOS objects, 36% free, 28MB/44MB, paused 262us total 45.727ms
08-06 06:33:14.577 30345 31027 I art     : Starting a blocking GC Explicit
08-06 06:33:14.637 30345 31027 I art     : Explicit concurrent mark sweep GC freed 1343(80KB) AllocSpace objects, 1(20KB) LOS objects, 36% free, 28MB/44MB, paused 363us total 59.140ms
08-06 06:33:14.657 30345 31027 I art     : Starting a blocking GC Explicit
08-06 06:33:14.702 30345 31027 I art     : Explicit concurrent mark sweep GC freed 20(704B) AllocSpace objects, 0(0B) LOS objects, 36% free, 28MB/44MB, paused 262us total 44.157ms
08-06 06:33:14.717 30345 31027 I art     : Starting a blocking GC Explicit
08-06 06:33:14.762 30345 31027 I art     : Explicit concurrent mark sweep GC freed 3(96B) AllocSpace objects, 0(0B) LOS objects, 36% free, 28MB/44MB, paused 259us total 44.878ms
08-06 06:33:14.777 30345 31027 I art     : Starting a blocking GC Explicit
08-06 06:33:14.823 30345 31027 I art     : Explicit concurrent mark sweep GC freed 3(96B) AllocSpace objects, 0(0B) LOS objects, 36% free, 28MB/44MB, paused 261us total 45.724ms
08-06 06:33:14.838 30345 31027 I art     : Starting a blocking GC Explicit
08-06 06:33:14.886 30345 31027 I art     : Explicit concurrent mark sweep GC freed 3(96B) AllocSpace objects, 0(0B) LOS objects, 36% free, 28MB/44MB, paused 257us total 47.265ms
08-06 06:33:15.056 28232 28232 I ServiceManager: Waiting for service AtCmdFwd...
08-06 06:33:15.206 30345 30369 I art     : Starting a blocking GC Explicit
08-06 06:33:15.252 30345 30369 I art     : Explicit concurrent mark sweep GC freed 1345(80KB) AllocSpace objects, 1(20KB) LOS objects, 36% free, 28MB/44MB, paused 268us total 46.689ms
08-06 06:33:15.268 30345 30369 I art     : Starting a blocking GC Explicit
08-06 06:33:15.312 30345 30369 I art     : Explicit concurrent mark sweep GC freed 20(704B) AllocSpace objects, 0(0B) LOS objects, 36% free, 28MB/44MB, paused 266us total 44.136ms
08-06 06:33:15.327 30345 30369 I art     : Starting a blocking GC Explicit
08-06 06:33:15.372 30345 30369 I art     : Explicit concurrent mark sweep GC freed 3(96B) AllocSpace objects, 0(0B) LOS objects, 36% free, 28MB/44MB, paused 255us total 44.842ms
08-06 06:33:15.387 30345 30369 I art     : Starting a blocking GC Explicit
08-06 06:33:15.431 30345 30369 I art     : Explicit concurrent mark sweep GC freed 3(96B) AllocSpace objects, 0(0B) LOS objects, 36% free, 28MB/44MB, paused 262us total 43.610ms
08-06 06:33:15.446 30345 30369 I art     : Starting a blocking GC Explicit
08-06 06:33:15.491 30345 30369 I art     : Explicit concurrent mark sweep GC freed 3(96B) AllocSpace objects, 0(0B) LOS objects, 36% free, 28MB/44MB, paused 247us total 44.675ms
08-06 06:33:15.591 32028 32028 D AndroidRuntime: >>>>>> START com.android.internal.os.RuntimeInit uid 2000 <<<<<<
08-06 06:33:15.597 32028 32028 D AndroidRuntime: CheckJNI is OFF
08-06 06:33:15.635 32028 32028 D ICU     : No timezone override file found: /data/misc/zoneinfo/current/icu/icu_tzdata.dat
08-06 06:33:15.668 32028 32028 I Radio-JNI: register_android_hardware_Radio DONE
08-06 06:33:15.689 32028 32028 D AndroidRuntime: Calling main entry com.android.commands.input.Input
08-06 06:33:15.691 32028 32028 I Input   : injectKeyEvent: KeyEvent { action=ACTION_DOWN, keyCode=KEYCODE_BACK, scanCode=0, metaState=0, flags=0x0, repeatCount=0, eventTime=858812104, downTime=858812104, deviceId=-1, source=0x101 }
08-06 06:33:15.696 32028 32028 I Input   : injectKeyEvent: KeyEvent { action=ACTION_UP, keyCode=KEYCODE_BACK, scanCode=0, metaState=0, flags=0x0, repeatCount=0, eventTime=858812104, downTime=858812104, deviceId=-1, source=0x101 }
08-06 06:33:15.703 32028 32028 D AndroidRuntime: Shutting down VM
08-06 06:33:15.745 13866 13866 I GoogleInputMethodServic: GoogleInputMethodService.onFinishInput():3138 
08-06 06:33:15.747 13866 13866 I GoogleInputMethodServic: GoogleInputMethodService.onStartInput():1808 
08-06 06:33:15.770 30345 30356 I art     : Starting a blocking GC Explicit
08-06 06:33:15.812 30345 30356 I art     : Explicit concurrent mark sweep GC freed 1585(88KB) AllocSpace objects, 1(20KB) LOS objects, 36% free, 28MB/44MB, paused 270us total 41.669ms
08-06 06:33:15.827 30345 30356 I art     : Starting a blocking GC Explicit
08-06 06:33:15.868 30345 30356 I art     : Explicit concurrent mark sweep GC freed 25(896B) AllocSpace objects, 0(0B) LOS objects, 36% free, 28MB/44MB, paused 216us total 40.883ms
08-06 06:33:15.883 30345 30356 I art     : Starting a blocking GC Explicit
08-06 06:33:15.932 30345 30356 I art     : Explicit concurrent mark sweep GC freed 3(96B) AllocSpace objects, 0(0B) LOS objects, 36% free, 28MB/44MB, paused 247us total 49.147ms
08-06 06:33:15.952 30345 30356 I art     : Starting a blocking GC Explicit
08-06 06:33:16.010 30345 30356 I art     : Explicit concurrent mark sweep GC freed 3(96B) AllocSpace objects, 0(0B) LOS objects, 36% free, 28MB/44MB, paused 297us total 58.190ms
08-06 06:33:16.011 30345 30355 I art     : WaitForGcToComplete blocked for 29.677ms for cause HeapTrim
08-06 06:33:16.027 30345 30356 I art     : Starting a blocking GC Explicit
08-06 06:33:16.053 13866 13882 I PeriodicStatsRunner: PeriodicStatsRunner.call():175 call()
08-06 06:33:16.053 13866 13882 I PeriodicStatsRunner: PeriodicStatsRunner.call():179 No submit PeriodicStats since input started.
08-06 06:33:16.057 28232 28232 I ServiceManager: Waiting for service AtCmdFwd...
08-06 06:33:16.067   380   380 W SurfaceFlinger: couldn't log to binary event log: overflow.
08-06 06:33:16.076 30345 30356 I art     : Explicit concurrent mark sweep GC freed 44(1456B) AllocSpace objects, 0(0B) LOS objects, 36% free, 28MB/44MB, paused 243us total 48.271ms
08-06 06:33:16.375 30345 31027 I art     : Starting a blocking GC Explicit
08-06 06:33:16.433 30345 31027 I art     : Explicit concurrent mark sweep GC freed 1363(81KB) AllocSpace objects, 1(20KB) LOS objects, 36% free, 28MB/44MB, paused 520us total 57.825ms
08-06 06:33:16.448 30345 31027 I art     : Starting a blocking GC Explicit
08-06 06:33:16.481 30345 31027 I art     : Explicit concurrent mark sweep GC freed 46779(2MB) AllocSpace objects, 5(140KB) LOS objects, 38% free, 25MB/41MB, paused 235us total 33.269ms
08-06 06:33:16.495 30345 31027 I art     : Starting a blocking GC Explicit
08-06 06:33:16.528 30345 31027 I art     : Explicit concurrent mark sweep GC freed 3(96B) AllocSpace objects, 0(0B) LOS objects, 38% free, 25MB/41MB, paused 304us total 32.529ms
08-06 06:33:16.541 30345 31027 I art     : Starting a blocking GC Explicit
08-06 06:33:16.564   918  3261 D WifiStateMachine: starting scan for "H369AA63323"WPA_PSK with 2412,5180
08-06 06:33:16.574 30345 31027 I art     : Explicit concurrent mark sweep GC freed 3(96B) AllocSpace objects, 0(0B) LOS objects, 38% free, 25MB/41MB, paused 252us total 32.476ms
08-06 06:33:16.587 30345 31027 I art     : Starting a blocking GC Explicit
08-06 06:33:16.621 30345 31027 I art     : Explicit concurrent mark sweep GC freed 3(96B) AllocSpace objects, 0(0B) LOS objects, 38% free, 25MB/41MB, paused 267us total 33.434ms
08-06 06:33:16.923 30345 30369 I art     : Starting a blocking GC Explicit
08-06 06:33:16.962 30345 30369 I art     : Explicit concurrent mark sweep GC freed 1343(80KB) AllocSpace objects, 1(20KB) LOS objects, 38% free, 25MB/41MB, paused 274us total 38.507ms
08-06 06:33:16.976 30345 30369 I art     : Starting a blocking GC Explicit
08-06 06:33:17.007 30345 30369 I art     : Explicit concurrent mark sweep GC freed 20(704B) AllocSpace objects, 0(0B) LOS objects, 38% free, 25MB/41MB, paused 256us total 30.448ms
08-06 06:33:17.020 30345 30369 I art     : Starting a blocking GC Explicit
08-06 06:33:17.051 30345 30369 I art     : Explicit concurrent mark sweep GC freed 3(96B) AllocSpace objects, 0(0B) LOS objects, 38% free, 25MB/41MB, paused 254us total 30.917ms
08-06 06:33:17.057 28232 28232 I ServiceManager: Waiting for service AtCmdFwd...
08-06 06:33:17.064 30345 30369 I art     : Starting a blocking GC Explicit
08-06 06:33:17.096 30345 30369 I art     : Explicit concurrent mark sweep GC freed 3(96B) AllocSpace objects, 0(0B) LOS objects, 38% free, 25MB/41MB, paused 249us total 31.714ms
08-06 06:33:17.109 30345 30369 I art     : Starting a blocking GC Explicit
08-06 06:33:17.140 30345 30369 I art     : Explicit concurrent mark sweep GC freed 3(96B) AllocSpace objects, 0(0B) LOS objects, 38% free, 25MB/41MB, paused 256us total 31.032ms
08-06 06:33:17.348 32073 32073 D AndroidRuntime: >>>>>> START com.android.internal.os.RuntimeInit uid 2000 <<<<<<
08-06 06:33:17.353 32073 32073 D AndroidRuntime: CheckJNI is OFF
08-06 06:33:17.385 32073 32073 D ICU     : No timezone override file found: /data/misc/zoneinfo/current/icu/icu_tzdata.dat
08-06 06:33:17.419 32073 32073 I Radio-JNI: register_android_hardware_Radio DONE
08-06 06:33:17.426 30345 32052 I art     : Starting a blocking GC Explicit
08-06 06:33:17.442 32073 32073 D AndroidRuntime: Calling main entry com.android.commands.input.Input
08-06 06:33:17.443 32073 32073 I Input   : injectKeyEvent: KeyEvent { action=ACTION_DOWN, keyCode=KEYCODE_BACK, scanCode=0, metaState=0, flags=0x0, repeatCount=0, eventTime=858813856, downTime=858813856, deviceId=-1, source=0x101 }
08-06 06:33:17.448 32073 32073 I Input   : injectKeyEvent: KeyEvent { action=ACTION_UP, keyCode=KEYCODE_BACK, scanCode=0, metaState=0, flags=0x0, repeatCount=0, eventTime=858813856, downTime=858813856, deviceId=-1, source=0x101 }
08-06 06:33:17.454 32073 32073 D AndroidRuntime: Shutting down VM
08-06 06:33:17.461 30345 32052 I art     : Explicit concurrent mark sweep GC freed 1366(81KB) AllocSpace objects, 1(20KB) LOS objects, 38% free, 25MB/41MB, paused 396us total 34.168ms
08-06 06:33:17.474 30345 32052 I art     : Starting a blocking GC Explicit
08-06 06:33:17.493 13866 13866 I GoogleInputMethodServic: GoogleInputMethodService.onFinishInput():3138 
08-06 06:33:17.494 13866 13866 I GoogleInputMethodServic: GoogleInputMethodService.onStartInput():1808 
08-06 06:33:17.503 30345 32052 I art     : Explicit concurrent mark sweep GC freed 114(4KB) AllocSpace objects, 0(0B) LOS objects, 38% free, 25MB/41MB, paused 407us total 29.356ms
08-06 06:33:17.516 30345 32052 I art     : Starting a blocking GC Explicit
08-06 06:33:17.546 30345 32052 I art     : Explicit concurrent mark sweep GC freed 53(1744B) AllocSpace objects, 0(0B) LOS objects, 38% free, 25MB/41MB, paused 304us total 30.482ms
08-06 06:33:17.559 30345 32052 I art     : Starting a blocking GC Explicit
08-06 06:33:17.586 30345 32052 I art     : Explicit concurrent mark sweep GC freed 18(592B) AllocSpace objects, 0(0B) LOS objects, 38% free, 25MB/41MB, paused 215us total 26.848ms
08-06 06:33:17.599 30345 32052 I art     : Starting a blocking GC Explicit
08-06 06:33:17.634 30345 32052 I art     : Explicit concurrent mark sweep GC freed 3(96B) AllocSpace objects, 0(0B) LOS objects, 38% free, 25MB/41MB, paused 274us total 34.700ms
08-06 06:33:17.888 30345 30356 I art     : Starting a blocking GC Explicit
08-06 06:33:17.918 30345 30356 I art     : Explicit concurrent mark sweep GC freed 1398(82KB) AllocSpace objects, 1(20KB) LOS objects, 38% free, 25MB/41MB, paused 263us total 29.351ms
08-06 06:33:17.930 30345 30356 I art     : Starting a blocking GC Explicit
08-06 06:33:17.958 30345 30356 I art     : Explicit concurrent mark sweep GC freed 150(7KB) AllocSpace objects, 0(0B) LOS objects, 38% free, 25MB/41MB, paused 247us total 28.246ms
08-06 06:33:17.971 30345 30356 I art     : Starting a blocking GC Explicit
08-06 06:33:18.000 30345 30356 I art     : Explicit concurrent mark sweep GC freed 3(96B) AllocSpace objects, 0(0B) LOS objects, 38% free, 25MB/41MB, paused 243us total 28.665ms
08-06 06:33:18.012 30345 30356 I art     : Starting a blocking GC Explicit
08-06 06:33:18.041 30345 30356 I art     : Explicit concurrent mark sweep GC freed 3(96B) AllocSpace objects, 0(0B) LOS objects, 38% free, 25MB/41MB, paused 247us total 29.120ms
08-06 06:33:18.054 30345 30356 I art     : Starting a blocking GC Explicit
08-06 06:33:18.057 28232 28232 I ServiceManager: Waiting for service AtCmdFwd...
08-06 06:33:18.083 30345 30356 I art     : Explicit concurrent mark sweep GC freed 3(96B) AllocSpace objects, 0(0B) LOS objects, 38% free, 25MB/41MB, paused 259us total 29.192ms
08-06 06:33:18.354 30345 31027 I art     : Starting a blocking GC Explicit
08-06 06:33:18.389 30345 31027 I art     : Explicit concurrent mark sweep GC freed 1343(80KB) AllocSpace objects, 1(20KB) LOS objects, 38% free, 25MB/41MB, paused 280us total 34.761ms
08-06 06:33:18.404 30345 31027 I art     : Starting a blocking GC Explicit
08-06 06:33:18.433 30345 31027 I art     : Explicit concurrent mark sweep GC freed 20(704B) AllocSpace objects, 0(0B) LOS objects, 38% free, 25MB/41MB, paused 268us total 29.155ms
08-06 06:33:18.445 30345 31027 I art     : Starting a blocking GC Explicit
08-06 06:33:18.477 30345 31027 I art     : Explicit concurrent mark sweep GC freed 3(96B) AllocSpace objects, 0(0B) LOS objects, 38% free, 25MB/41MB, paused 285us total 31.529ms
08-06 06:33:18.490 30345 31027 I art     : Starting a blocking GC Explicit
08-06 06:33:18.524 30345 31027 I art     : Explicit concurrent mark sweep GC freed 3(96B) AllocSpace objects, 0(0B) LOS objects, 38% free, 25MB/41MB, paused 282us total 33.421ms
08-06 06:33:18.537 30345 31027 I art     : Starting a blocking GC Explicit
08-06 06:33:18.571 30345 31027 I art     : Explicit concurrent mark sweep GC freed 3(96B) AllocSpace objects, 0(0B) LOS objects, 38% free, 25MB/41MB, paused 286us total 33.666ms
08-06 06:33:18.838 30345 30369 I art     : Starting a blocking GC Explicit
08-06 06:33:18.872 30345 30369 I art     : Explicit concurrent mark sweep GC freed 1343(80KB) AllocSpace objects, 1(20KB) LOS objects, 38% free, 25MB/41MB, paused 280us total 33.728ms
08-06 06:33:18.885 30345 30369 I art     : Starting a blocking GC Explicit
08-06 06:33:18.917 30345 30369 I art     : Explicit concurrent mark sweep GC freed 20(704B) AllocSpace objects, 0(0B) LOS objects, 38% free, 25MB/41MB, paused 343us total 31.387ms
08-06 06:33:18.930 30345 30369 I art     : Starting a blocking GC Explicit
08-06 06:33:18.961 30345 30369 I art     : Explicit concurrent mark sweep GC freed 3(96B) AllocSpace objects, 0(0B) LOS objects, 38% free, 25MB/41MB, paused 259us total 31.296ms
08-06 06:33:18.974 30345 30369 I art     : Starting a blocking GC Explicit
08-06 06:33:19.006 30345 30369 I art     : Explicit concurrent mark sweep GC freed 3(96B) AllocSpace objects, 0(0B) LOS objects, 38% free, 25MB/41MB, paused 263us total 31.193ms
08-06 06:33:19.019 30345 30369 I art     : Starting a blocking GC Explicit
08-06 06:33:19.052 30345 30369 I art     : Explicit concurrent mark sweep GC freed 3(96B) AllocSpace objects, 0(0B) LOS objects, 38% free, 25MB/41MB, paused 267us total 32.547ms
08-06 06:33:19.058 28232 28232 I ServiceManager: Waiting for service AtCmdFwd...
08-06 06:33:19.133 32118 32118 D AndroidRuntime: >>>>>> START com.android.internal.os.RuntimeInit uid 2000 <<<<<<
08-06 06:33:19.139 32118 32118 D AndroidRuntime: CheckJNI is OFF
08-06 06:33:19.178 32118 32118 D ICU     : No timezone override file found: /data/misc/zoneinfo/current/icu/icu_tzdata.dat
08-06 06:33:19.213 32118 32118 I Radio-JNI: register_android_hardware_Radio DONE
08-06 06:33:19.235 32118 32118 D AndroidRuntime: Calling main entry com.android.commands.input.Input
08-06 06:33:19.237 32118 32118 I Input   : injectMotionEvent: MotionEvent { action=ACTION_DOWN, actionButton=0, id[0]=0, x[0]=600.0, y[0]=1000.0, toolType[0]=TOOL_TYPE_UNKNOWN, buttonState=0, metaState=0, flags=0x0, edgeFlags=0x0, pointerCount=1, historySize=0, eventTime=858815650, downTime=858815650, deviceId=0, source=0x1002 }
08-06 06:33:19.242 32118 32118 I Input   : injectMotionEvent: MotionEvent { action=ACTION_UP, actionButton=0, id[0]=0, x[0]=600.0, y[0]=1000.0, toolType[0]=TOOL_TYPE_UNKNOWN, buttonState=0, metaState=0, flags=0x0, edgeFlags=0x0, pointerCount=1, historySize=0, eventTime=858815650, downTime=858815650, deviceId=0, source=0x1002 }
08-06 06:33:19.243 32118 32118 D AndroidRuntime: Shutting down VM
08-06 06:33:19.256   918  3670 I ActivityManager: START u0 {dat=https://oauth.reddit.com/... cmp=baseline.org.quantumbadger.redreader/.activities.PostListingActivity} from uid 10705 on display 0
08-06 06:33:19.256   512  2967 D audio_hw_primary: out_set_parameters: enter: usecase(1: low-latency-playback) kvpairs: routing=2
08-06 06:33:19.269   512  2967 D audio_hw_primary: select_devices: out_snd_device(2: speaker) in_snd_device(0: none)
08-06 06:33:19.269   512  2967 D msm8974_platform: platform_send_audio_calibration: sending audio calibration for snd_device(2) acdb_id(15)
08-06 06:33:19.269   512  2967 I soundtrigger: audio_extn_sound_trigger_update_device_status: device 0x2 of type 0 for Event 1
08-06 06:33:19.279 30345 30345 I AppCompatViewInflater: app:theme is now deprecated. Please move to using android:theme instead.
08-06 06:33:19.280   512  2967 D audio_hw_primary: enable_snd_device: snd_device(2: speaker)
08-06 06:33:19.282   512  2967 D audio_hw_primary: enable_audio_route: apply and update mixer path: low-latency-playback speaker
08-06 06:33:19.300 30345 32152 D OK      : calling: https://oauth.reddit.com/r/announcements/about.json
08-06 06:33:19.337 30345 30356 I art     : Starting a blocking GC Explicit
08-06 06:33:19.363   918   936 I ActivityManager: Displayed baseline.org.quantumbadger.redreader/.activities.PostListingActivity: +96ms
08-06 06:33:19.364 13866 13866 I GoogleInputMethodServic: GoogleInputMethodService.onFinishInput():3138 
08-06 06:33:19.366 13866 13866 I GoogleInputMethodServic: GoogleInputMethodService.onStartInput():1808 
08-06 06:33:19.369 30345 30356 I art     : Explicit concurrent mark sweep GC freed 2881(179KB) AllocSpace objects, 1(20KB) LOS objects, 38% free, 25MB/41MB, paused 564us total 32.036ms
08-06 06:33:19.383 30345 30356 I art     : Starting a blocking GC Explicit
08-06 06:33:19.415 30345 30356 I art     : Explicit concurrent mark sweep GC freed 554(31KB) AllocSpace objects, 0(0B) LOS objects, 38% free, 25MB/41MB, paused 287us total 31.874ms
08-06 06:33:19.428 30345 30356 I art     : Starting a blocking GC Explicit
08-06 06:33:19.459 30345 30356 I art     : Explicit concurrent mark sweep GC freed 34(1488B) AllocSpace objects, 0(0B) LOS objects, 38% free, 25MB/41MB, paused 349us total 31.293ms
08-06 06:33:19.472 30345 30356 I art     : Starting a blocking GC Explicit
08-06 06:33:19.504 30345 30356 I art     : Explicit concurrent mark sweep GC freed 1930(75KB) AllocSpace objects, 0(0B) LOS objects, 38% free, 25MB/41MB, paused 343us total 31.623ms
08-06 06:33:19.518 30345 30356 I art     : Starting a blocking GC Explicit
08-06 06:33:19.555 30345 30356 I art     : Explicit concurrent mark sweep GC freed 81(3KB) AllocSpace objects, 0(0B) LOS objects, 38% free, 25MB/41MB, paused 458us total 37.143ms
08-06 06:33:19.622   380   380 W SurfaceFlinger: couldn't log to binary event log: overflow.
08-06 06:33:19.629 30345 32152 I NAPPA_EXPERIMENTATION: MetricNetworkRequestExecutionTime: REQUEST_DURATION_SYSTEM='329',REQUEST_DURATION_OKHTTP='145',REQUEST_SYNCHRONOUS='TRUE',RESPONSE_CODE='200',RESPONSE_METHOD='GET',RESPONSE_LENGTH_OKHTTP='-1',RESPONSE_LENGTH_HEADER='1564',REQUEST_PROTOCOL='h2',REQUEST_URL='https://oauth.reddit.com/r/announcements/about.json',
08-06 06:33:19.629 30345 32152 D OK      : request got status: 200
08-06 06:33:19.800 30345 30356 I art     : Starting a blocking GC Explicit
08-06 06:33:19.821   512  2967 D audio_hw_primary: disable_audio_route: reset and update mixer path: low-latency-playback speaker
08-06 06:33:19.822   512  2967 D audio_hw_primary: disable_snd_device: snd_device(2: speaker)
08-06 06:33:19.830   512  2967 I soundtrigger: audio_extn_sound_trigger_update_device_status: device 0x2 of type 0 for Event 0
08-06 06:33:19.833 30345 30356 I art     : Explicit concurrent mark sweep GC freed 3053(241KB) AllocSpace objects, 3(156KB) LOS objects, 38% free, 25MB/41MB, paused 294us total 32.416ms
08-06 06:33:19.846 30345 30356 I art     : Starting a blocking GC Explicit
08-06 06:33:19.876 30345 30356 I art     : Explicit concurrent mark sweep GC freed 201(10KB) AllocSpace objects, 0(0B) LOS objects, 38% free, 25MB/41MB, paused 278us total 30.489ms
08-06 06:33:19.889 30345 30356 I art     : Starting a blocking GC Explicit
08-06 06:33:19.922 30345 30356 I art     : Explicit concurrent mark sweep GC freed 3(96B) AllocSpace objects, 0(0B) LOS objects, 38% free, 25MB/41MB, paused 294us total 32.583ms
08-06 06:33:19.935 30345 30356 I art     : Starting a blocking GC Explicit
08-06 06:33:19.969 30345 30356 I art     : Explicit concurrent mark sweep GC freed 38(1568B) AllocSpace objects, 0(0B) LOS objects, 38% free, 25MB/41MB, paused 273us total 33.260ms
08-06 06:33:19.982 30345 30356 I art     : Starting a blocking GC Explicit
08-06 06:33:20.020 30345 30356 I art     : Explicit concurrent mark sweep GC freed 3(96B) AllocSpace objects, 0(0B) LOS objects, 38% free, 25MB/41MB, paused 295us total 37.318ms
08-06 06:33:20.058 28232 28232 W Atfwd_Sendcmd: AtCmdFwd service not published, waiting... retryCnt : 3
08-06 06:33:20.306 30345 30356 I art     : Starting a blocking GC Explicit
08-06 06:33:20.341 30345 30356 I art     : Explicit concurrent mark sweep GC freed 1367(83KB) AllocSpace objects, 1(20KB) LOS objects, 38% free, 25MB/41MB, paused 347us total 35.421ms
08-06 06:33:20.355 30345 30356 I art     : Starting a blocking GC Explicit
08-06 06:33:20.389 30345 30356 I art     : Explicit concurrent mark sweep GC freed 20(704B) AllocSpace objects, 0(0B) LOS objects, 38% free, 25MB/41MB, paused 269us total 33.407ms
08-06 06:33:20.402 30345 30356 I art     : Starting a blocking GC Explicit
08-06 06:33:20.435 30345 30356 I art     : Explicit concurrent mark sweep GC freed 3(96B) AllocSpace objects, 0(0B) LOS objects, 38% free, 25MB/41MB, paused 395us total 33.045ms
08-06 06:33:20.449 30345 30356 I art     : Starting a blocking GC Explicit
08-06 06:33:20.482 30345 30356 I art     : Explicit concurrent mark sweep GC freed 3(96B) AllocSpace objects, 0(0B) LOS objects, 38% free, 25MB/41MB, paused 293us total 33.053ms
08-06 06:33:20.495 30345 30356 I art     : Starting a blocking GC Explicit
08-06 06:33:20.499 30345 32176 D OK      : calling: https://oauth.reddit.com/r/announcements/hot/.json
08-06 06:33:20.529 30345 30356 I art     : Explicit concurrent mark sweep GC freed 95(3KB) AllocSpace objects, 0(0B) LOS objects, 38% free, 25MB/41MB, paused 342us total 33.306ms
08-06 06:33:20.715   518   646 I ThermalEngine: ACTION: GPU - Setting GPU[0] to 450000000
08-06 06:33:20.740 30345 32176 I NAPPA_EXPERIMENTATION: MetricNetworkRequestExecutionTime: REQUEST_DURATION_SYSTEM='240',REQUEST_DURATION_OKHTTP='236',REQUEST_SYNCHRONOUS='TRUE',RESPONSE_CODE='200',RESPONSE_METHOD='GET',RESPONSE_LENGTH_OKHTTP='-1',RESPONSE_LENGTH_HEADER='142016',REQUEST_PROTOCOL='h2',REQUEST_URL='https://oauth.reddit.com/r/announcements/hot/.json',
08-06 06:33:20.741 30345 32176 D OK      : request got status: 200
08-06 06:33:20.747 13866 13882 I PeriodicStatsRunner: PeriodicStatsRunner.call():175 call()
08-06 06:33:20.747 13866 13882 I PeriodicStatsRunner: PeriodicStatsRunner.call():179 No submit PeriodicStats since input started.
08-06 06:33:20.762 30345 30917 I PostListingFragment: Precaching images: OFF
08-06 06:33:20.762 30345 30917 I PostListingFragment: Precaching comments: OFF
08-06 06:33:20.826 30345 30357 I art     : Starting a blocking GC Explicit
08-06 06:33:20.875 30345 30357 I art     : Explicit concurrent mark sweep GC freed 3875(286KB) AllocSpace objects, 5(92KB) LOS objects, 37% free, 26MB/42MB, paused 693us total 48.891ms
08-06 06:33:20.893 30345 30357 I art     : Starting a blocking GC Explicit
08-06 06:33:20.929 30345 32187 D OK      : calling: https://b.thumbs.redditmedia.com/RROcLjDSUc0QV1UeQ1txXdyl1C_7233mmsMgtYXxQzo.jpg
08-06 06:33:20.942 30345 30357 I art     : Explicit concurrent mark sweep GC freed 2717(127KB) AllocSpace objects, 0(0B) LOS objects, 36% free, 27MB/43MB, paused 868us total 48.576ms
08-06 06:33:20.960 30345 30357 I art     : Starting a blocking GC Explicit
08-06 06:33:20.963 30345 32188 D OK      : calling: https://a.thumbs.redditmedia.com/N-frnMqRYp_XiaGds7kPbHf82a876RNKSQ1iw0LzHR0.jpg
08-06 06:33:20.977 30345 32189 D OK      : calling: https://b.thumbs.redditmedia.com/KH2o_q4MXufUdRChsfwLtl6gnEnT8MJtZn3Tyj5ZmBU.jpg
08-06 06:33:21.013 30345 30357 I art     : Explicit concurrent mark sweep GC freed 3611(177KB) AllocSpace objects, 0(0B) LOS objects, 36% free, 28MB/44MB, paused 969us total 52.184ms
08-06 06:33:21.028 30345 32190 D OK      : calling: https://b.thumbs.redditmedia.com/MGaOJeZl7UsmdtroJopYU_36HUNvQ9LUV5WFH_FJ2vI.jpg
08-06 06:33:21.032 30345 30357 I art     : Starting a blocking GC Explicit
08-06 06:33:21.086 30345 30357 I art     : Explicit concurrent mark sweep GC freed 5282(247KB) AllocSpace objects, 2(48KB) LOS objects, 35% free, 28MB/44MB, paused 940us total 54.138ms
08-06 06:33:21.086 30345 30355 I art     : WaitForGcToComplete blocked for 10.525ms for cause HeapTrim
08-06 06:33:21.097 30345 32191 D OK      : calling: https://a.thumbs.redditmedia.com/-D0hxchgus9EyzvGqvnabK_3Obl93tMfG9G58V1QwW8.jpg
08-06 06:33:21.106 30345 30357 I art     : Starting a blocking GC Explicit
08-06 06:33:21.127 30345 32192 D OK      : calling: https://b.thumbs.redditmedia.com/zCaV9kuSMZxmMvdmErGyUsYNdPrmX8LP9_Ee4QTT16g.jpg
08-06 06:33:21.151 30345 32193 D OK      : calling: https://b.thumbs.redditmedia.com/4EGkxZNzrzt-RCtd035cWyO0BipdbDVuPwi4W2v4TyM.jpg
08-06 06:33:21.168 30345 30357 I art     : Explicit concurrent mark sweep GC freed 12570(556KB) AllocSpace objects, 1(68KB) LOS objects, 35% free, 29MB/45MB, paused 1.205ms total 61.256ms
08-06 06:33:21.192 30345 32200 D OK      : calling: https://a.thumbs.redditmedia.com/aVhMBmGX07uX0KhK0rKdhMvQ4UsOJIHN4KeTaa36EF4.jpg
08-06 06:33:21.326 30345 30345 W RecyclerView: Cannot call this method in a scroll callback. Scroll callbacks mightbe run during a measure & layout pass where you cannot change theRecyclerView data. Any method call that might change the structureof the RecyclerView or the adapter contents should be postponed tothe next frame.
08-06 06:33:21.326 30345 30345 W RecyclerView: java.lang.IllegalStateException:  androidx.recyclerview.widget.RecyclerView{4fab349 VFED..... .F....ID 0,0-1440,2140 #7f0900ef app:id/scrollbar_recyclerview_recyclerview}, adapter:baseline.org.quantumbadger.redreader.adapters.GroupedRecyclerViewAdapter@4d4c44e, layout:androidx.recyclerview.widget.LinearLayoutManager@4bb896f, context:baseline.org.quantumbadger.redreader.activities.PostListingActivity@ec4c270
08-06 06:33:21.326 30345 30345 W RecyclerView: 	at androidx.recyclerview.widget.RecyclerView.assertNotInLayoutOrScroll(RecyclerView.java:3061)
08-06 06:33:21.326 30345 30345 W RecyclerView: 	at androidx.recyclerview.widget.RecyclerView$RecyclerViewDataObserver.onItemRangeInserted(RecyclerView.java:5555)
08-06 06:33:21.326 30345 30345 W RecyclerView: 	at androidx.recyclerview.widget.RecyclerView$AdapterDataObservable.notifyItemRangeInserted(RecyclerView.java:12278)
08-06 06:33:21.326 30345 30345 W RecyclerView: 	at androidx.recyclerview.widget.RecyclerView$Adapter.notifyItemInserted(RecyclerView.java:7464)
08-06 06:33:21.326 30345 30345 W RecyclerView: 	at baseline.org.quantumbadger.redreader.adapters.GroupedRecyclerViewAdapter.updateHiddenStatus(GroupedRecyclerViewAdapter.java:279)
08-06 06:33:21.326 30345 30345 W RecyclerView: 	at baseline.org.quantumbadger.redreader.adapters.RedditListingManager.setLoadingVisible(RedditListingManager.java:125)
08-06 06:33:21.326 30345 30345 W RecyclerView: 	at baseline.org.quantumbadger.redreader.fragments.PostListingFragment.onLoadMoreItemsCheck(PostListingFragment.java:465)
08-06 06:33:21.326 30345 30345 W RecyclerView: 	at baseline.org.quantumbadger.redreader.fragments.PostListingFragment.access$000(PostListingFragment.java:98)
08-06 06:33:21.326 30345 30345 W RecyclerView: 	at baseline.org.quantumbadger.redreader.fragments.PostListingFragment$2.onScrolled(PostListingFragment.java:215)
08-06 06:33:21.326 30345 30345 W RecyclerView: 	at androidx.recyclerview.widget.RecyclerView.dispatchOnScrolled(RecyclerView.java:5173)
08-06 06:33:21.326 30345 30345 W RecyclerView: 	at androidx.recyclerview.widget.RecyclerView.dispatchLayoutStep3(RecyclerView.java:4231)
08-06 06:33:21.326 30345 30345 W RecyclerView: 	at androidx.recyclerview.widget.RecyclerView.dispatchLayout(RecyclerView.java:3862)
08-06 06:33:21.326 30345 30345 W RecyclerView: 	at androidx.recyclerview.widget.RecyclerView.consumePendingUpdateOperations(RecyclerView.java:1897)
08-06 06:33:21.326 30345 30345 W RecyclerView: 	at androidx.recyclerview.widget.RecyclerView$1.run(RecyclerView.java:414)
08-06 06:33:21.326 30345 30345 W RecyclerView: 	at android.view.Choreographer$CallbackRecord.run(Choreographer.java:858)
08-06 06:33:21.326 30345 30345 W RecyclerView: 	at android.view.Choreographer.doCallbacks(Choreographer.java:670)
08-06 06:33:21.326 30345 30345 W RecyclerView: 	at android.view.Choreographer.doFrame(Choreographer.java:603)
08-06 06:33:21.326 30345 30345 W RecyclerView: 	at android.view.Choreographer$FrameDisplayEventReceiver.run(Choreographer.java:844)
08-06 06:33:21.326 30345 30345 W RecyclerView: 	at android.os.Handler.handleCallback(Handler.java:739)
08-06 06:33:21.326 30345 30345 W RecyclerView: 	at android.os.Handler.dispatchMessage(Handler.java:95)
08-06 06:33:21.326 30345 30345 W RecyclerView: 	at android.os.Looper.loop(Looper.java:148)
08-06 06:33:21.326 30345 30345 W RecyclerView: 	at android.app.ActivityThread.main(ActivityThread.java:5417)
08-06 06:33:21.326 30345 30345 W RecyclerView: 	at java.lang.reflect.Method.invoke(Native Method)
08-06 06:33:21.326 30345 30345 W RecyclerView: 	at com.android.internal.os.ZygoteInit$MethodAndArgsCaller.run(ZygoteInit.java:726)
08-06 06:33:21.326 30345 30345 W RecyclerView: 	at com.android.internal.os.ZygoteInit.main(ZygoteInit.java:616)
08-06 06:33:21.360 30345 32189 I NAPPA_EXPERIMENTATION: MetricNetworkRequestExecutionTime: REQUEST_DURATION_SYSTEM='383',REQUEST_DURATION_OKHTTP='204',REQUEST_SYNCHRONOUS='TRUE',RESPONSE_CODE='200',RESPONSE_METHOD='GET',RESPONSE_LENGTH_OKHTTP='2613',RESPONSE_LENGTH_HEADER='2613',REQUEST_PROTOCOL='h2',REQUEST_URL='https://b.thumbs.redditmedia.com/KH2o_q4MXufUdRChsfwLtl6gnEnT8MJtZn3Tyj5ZmBU.jpg',
08-06 06:33:21.360 30345 32189 D OK      : request got status: 200
08-06 06:33:21.377 30345 32187 I NAPPA_EXPERIMENTATION: MetricNetworkRequestExecutionTime: REQUEST_DURATION_SYSTEM='448',REQUEST_DURATION_OKHTTP='207',REQUEST_SYNCHRONOUS='TRUE',RESPONSE_CODE='200',RESPONSE_METHOD='GET',RESPONSE_LENGTH_OKHTTP='2558',RESPONSE_LENGTH_HEADER='2558',REQUEST_PROTOCOL='h2',REQUEST_URL='https://b.thumbs.redditmedia.com/RROcLjDSUc0QV1UeQ1txXdyl1C_7233mmsMgtYXxQzo.jpg',
08-06 06:33:21.377 30345 32187 D OK      : request got status: 200
08-06 06:33:21.388 30345 32188 I NAPPA_EXPERIMENTATION: MetricNetworkRequestExecutionTime: REQUEST_DURATION_SYSTEM='425',REQUEST_DURATION_OKHTTP='228',REQUEST_SYNCHRONOUS='TRUE',RESPONSE_CODE='200',RESPONSE_METHOD='GET',RESPONSE_LENGTH_OKHTTP='3750',RESPONSE_LENGTH_HEADER='3750',REQUEST_PROTOCOL='h2',REQUEST_URL='https://a.thumbs.redditmedia.com/N-frnMqRYp_XiaGds7kPbHf82a876RNKSQ1iw0LzHR0.jpg',
08-06 06:33:21.388 30345 32188 D OK      : request got status: 200
08-06 06:33:21.425 30345 32190 I NAPPA_EXPERIMENTATION: MetricNetworkRequestExecutionTime: REQUEST_DURATION_SYSTEM='397',REQUEST_DURATION_OKHTTP='252',REQUEST_SYNCHRONOUS='TRUE',RESPONSE_CODE='200',RESPONSE_METHOD='GET',RESPONSE_LENGTH_OKHTTP='4804',RESPONSE_LENGTH_HEADER='4804',REQUEST_PROTOCOL='h2',REQUEST_URL='https://b.thumbs.redditmedia.com/MGaOJeZl7UsmdtroJopYU_36HUNvQ9LUV5WFH_FJ2vI.jpg',
08-06 06:33:21.425 30345 32190 D OK      : request got status: 200
08-06 06:33:21.439 30345 32200 I NAPPA_EXPERIMENTATION: MetricNetworkRequestExecutionTime: REQUEST_DURATION_SYSTEM='247',REQUEST_DURATION_OKHTTP='246',REQUEST_SYNCHRONOUS='TRUE',RESPONSE_CODE='200',RESPONSE_METHOD='GET',RESPONSE_LENGTH_OKHTTP='6940',RESPONSE_LENGTH_HEADER='6940',REQUEST_PROTOCOL='h2',REQUEST_URL='https://a.thumbs.redditmedia.com/aVhMBmGX07uX0KhK0rKdhMvQ4UsOJIHN4KeTaa36EF4.jpg',
08-06 06:33:21.439 30345 32200 D OK      : request got status: 200
08-06 06:33:21.449 30345 31027 I art     : Starting a blocking GC Explicit
08-06 06:33:21.452 30345 32192 I NAPPA_EXPERIMENTATION: MetricNetworkRequestExecutionTime: REQUEST_DURATION_SYSTEM='325',REQUEST_DURATION_OKHTTP='186',REQUEST_SYNCHRONOUS='TRUE',RESPONSE_CODE='200',RESPONSE_METHOD='GET',RESPONSE_LENGTH_OKHTTP='6132',RESPONSE_LENGTH_HEADER='6132',REQUEST_PROTOCOL='h2',REQUEST_URL='https://b.thumbs.redditmedia.com/zCaV9kuSMZxmMvdmErGyUsYNdPrmX8LP9_Ee4QTT16g.jpg',
08-06 06:33:21.452 30345 32192 D OK      : request got status: 200
08-06 06:33:21.461 30345 32191 I NAPPA_EXPERIMENTATION: MetricNetworkRequestExecutionTime: REQUEST_DURATION_SYSTEM='364',REQUEST_DURATION_OKHTTP='213',REQUEST_SYNCHRONOUS='TRUE',RESPONSE_CODE='200',RESPONSE_METHOD='GET',RESPONSE_LENGTH_OKHTTP='4818',RESPONSE_LENGTH_HEADER='4818',REQUEST_PROTOCOL='h2',REQUEST_URL='https://a.thumbs.redditmedia.com/-D0hxchgus9EyzvGqvnabK_3Obl93tMfG9G58V1QwW8.jpg',
08-06 06:33:21.461 30345 32191 D OK      : request got status: 200
08-06 06:33:21.498 30345 31027 I art     : Explicit concurrent mark sweep GC freed 73859(3MB) AllocSpace objects, 35(1832KB) LOS objects, 37% free, 27MB/43MB, paused 673us total 48.875ms
08-06 06:33:21.499 30345 32193 I NAPPA_EXPERIMENTATION: MetricNetworkRequestExecutionTime: REQUEST_DURATION_SYSTEM='347',REQUEST_DURATION_OKHTTP='190',REQUEST_SYNCHRONOUS='TRUE',RESPONSE_CODE='200',RESPONSE_METHOD='GET',RESPONSE_LENGTH_OKHTTP='4987',RESPONSE_LENGTH_HEADER='4987',REQUEST_PROTOCOL='h2',REQUEST_URL='https://b.thumbs.redditmedia.com/4EGkxZNzrzt-RCtd035cWyO0BipdbDVuPwi4W2v4TyM.jpg',
08-06 06:33:21.499 30345 32193 D OK      : request got status: 200
08-06 06:33:21.524 30345 31027 I art     : Starting a blocking GC Explicit
08-06 06:33:21.564 30345 31027 I art     : Explicit concurrent mark sweep GC freed 2322(229KB) AllocSpace objects, 16(1048KB) LOS objects, 36% free, 27MB/43MB, paused 379us total 40.374ms
08-06 06:33:21.582 30345 31027 I art     : Starting a blocking GC Explicit
08-06 06:33:21.621 30345 31027 I art     : Explicit concurrent mark sweep GC freed 520(56KB) AllocSpace objects, 3(156KB) LOS objects, 36% free, 27MB/43MB, paused 364us total 38.391ms
08-06 06:33:21.637 30345 31027 I art     : Starting a blocking GC Explicit
08-06 06:33:21.678 30345 31027 I art     : Explicit concurrent mark sweep GC freed 270(10KB) AllocSpace objects, 0(0B) LOS objects, 36% free, 27MB/43MB, paused 373us total 39.973ms
08-06 06:33:21.696 30345 31027 I art     : Starting a blocking GC Explicit
08-06 06:33:21.700 30345 32214 D OK      : calling: https://oauth.reddit.com/r/announcements/hot/.json?after=t3_9jf8nh
08-06 06:33:21.741 30345 31027 I art     : Explicit concurrent mark sweep GC freed 103(5KB) AllocSpace objects, 0(0B) LOS objects, 36% free, 27MB/43MB, paused 496us total 45.438ms
08-06 06:33:21.995 30345 32214 I NAPPA_EXPERIMENTATION: MetricNetworkRequestExecutionTime: REQUEST_DURATION_SYSTEM='295',REQUEST_DURATION_OKHTTP='149',REQUEST_SYNCHRONOUS='TRUE',RESPONSE_CODE='200',RESPONSE_METHOD='GET',RESPONSE_LENGTH_OKHTTP='-1',RESPONSE_LENGTH_HEADER='65685',REQUEST_PROTOCOL='h2',REQUEST_URL='https://oauth.reddit.com/r/announcements/hot/.json?after=t3_9jf8nh',
08-06 06:33:21.996 30345 32214 D OK      : request got status: 200
08-06 06:33:22.007 30345 30917 I PostListingFragment: Precaching images: OFF
08-06 06:33:22.007 30345 30917 I PostListingFragment: Precaching comments: OFF
08-06 06:33:22.040 30345 32227 D OK      : calling: https://a.thumbs.redditmedia.com/8P7BG-empihRDWkNYE_LZ8tekikmQtEiymWkwv7obo0.jpg
08-06 06:33:22.066 30345 30356 I art     : Starting a blocking GC Explicit
08-06 06:33:22.084 30345 32228 D OK      : calling: https://b.thumbs.redditmedia.com/PCxvz6Ma5pyTglQOwhW4LZZOY0qIwyWW5pD83dYmMgc.jpg
08-06 06:33:22.120 30345 30356 I art     : Explicit concurrent mark sweep GC freed 9780(585KB) AllocSpace objects, 3(52KB) LOS objects, 35% free, 29MB/45MB, paused 875us total 53.179ms
08-06 06:33:22.140 30345 30356 I art     : Starting a blocking GC Explicit
08-06 06:33:22.191 30345 30356 I art     : Explicit concurrent mark sweep GC freed 5996(278KB) AllocSpace objects, 2(92KB) LOS objects, 35% free, 28MB/44MB, paused 884us total 50.097ms
08-06 06:33:22.210 30345 30356 I art     : Starting a blocking GC Explicit
08-06 06:33:22.227 30345 32228 I NAPPA_EXPERIMENTATION: MetricNetworkRequestExecutionTime: REQUEST_DURATION_SYSTEM='143',REQUEST_DURATION_OKHTTP='142',REQUEST_SYNCHRONOUS='TRUE',RESPONSE_CODE='200',RESPONSE_METHOD='GET',RESPONSE_LENGTH_OKHTTP='9233',RESPONSE_LENGTH_HEADER='9233',REQUEST_PROTOCOL='h2',REQUEST_URL='https://b.thumbs.redditmedia.com/PCxvz6Ma5pyTglQOwhW4LZZOY0qIwyWW5pD83dYmMgc.jpg',
08-06 06:33:22.227 30345 32228 D OK      : request got status: 200
08-06 06:33:22.261 30345 30356 I art     : Explicit concurrent mark sweep GC freed 3662(173KB) AllocSpace objects, 3(156KB) LOS objects, 35% free, 29MB/45MB, paused 674us total 50.921ms
08-06 06:33:22.270 30345 32227 I NAPPA_EXPERIMENTATION: MetricNetworkRequestExecutionTime: REQUEST_DURATION_SYSTEM='230',REQUEST_DURATION_OKHTTP='137',REQUEST_SYNCHRONOUS='TRUE',RESPONSE_CODE='200',RESPONSE_METHOD='GET',RESPONSE_LENGTH_OKHTTP='3039',RESPONSE_LENGTH_HEADER='3039',REQUEST_PROTOCOL='h2',REQUEST_URL='https://a.thumbs.redditmedia.com/8P7BG-empihRDWkNYE_LZ8tekikmQtEiymWkwv7obo0.jpg',
08-06 06:33:22.270 30345 32227 D OK      : request got status: 200
08-06 06:33:22.279 30345 30356 I art     : Starting a blocking GC Explicit
08-06 06:33:22.329 30345 30356 I art     : Explicit concurrent mark sweep GC freed 4282(234KB) AllocSpace objects, 8(696KB) LOS objects, 35% free, 29MB/45MB, paused 527us total 49.304ms
08-06 06:33:22.347 30345 30356 I art     : Starting a blocking GC Explicit
08-06 06:33:22.400 30345 30356 I art     : Explicit concurrent mark sweep GC freed 3258(145KB) AllocSpace objects, 1(68KB) LOS objects, 35% free, 29MB/45MB, paused 533us total 53.076ms
08-06 06:33:22.494 13866 13882 I PeriodicStatsRunner: PeriodicStatsRunner.call():175 call()
08-06 06:33:22.495 13866 13882 I PeriodicStatsRunner: PeriodicStatsRunner.call():179 No submit PeriodicStats since input started.
08-06 06:33:22.733 30345 30357 I art     : Starting a blocking GC Explicit
08-06 06:33:22.795 30345 30357 I art     : Explicit concurrent mark sweep GC freed 18271(936KB) AllocSpace objects, 7(128KB) LOS objects, 36% free, 28MB/44MB, paused 401us total 61.549ms
08-06 06:33:22.816 30345 30357 I art     : Starting a blocking GC Explicit
08-06 06:33:22.866 30345 30357 I art     : Explicit concurrent mark sweep GC freed 20(704B) AllocSpace objects, 0(0B) LOS objects, 36% free, 28MB/44MB, paused 419us total 49.754ms
08-06 06:33:22.885 30345 30357 I art     : Starting a blocking GC Explicit
08-06 06:33:22.933 30345 30357 I art     : Explicit concurrent mark sweep GC freed 3(96B) AllocSpace objects, 0(0B) LOS objects, 36% free, 28MB/44MB, paused 408us total 48.072ms
08-06 06:33:22.952 30345 30357 I art     : Starting a blocking GC Explicit
08-06 06:33:23.001 30345 30357 I art     : Explicit concurrent mark sweep GC freed 3(96B) AllocSpace objects, 0(0B) LOS objects, 36% free, 28MB/44MB, paused 407us total 49.421ms
08-06 06:33:23.020 30345 30357 I art     : Starting a blocking GC Explicit
08-06 06:33:23.069 30345 30357 I art     : Explicit concurrent mark sweep GC freed 3(96B) AllocSpace objects, 0(0B) LOS objects, 36% free, 28MB/44MB, paused 407us total 48.619ms
08-06 06:33:23.420 30345 32052 I art     : Starting a blocking GC Explicit
08-06 06:33:23.478 30345 32052 I art     : Explicit concurrent mark sweep GC freed 1344(82KB) AllocSpace objects, 1(20KB) LOS objects, 36% free, 28MB/44MB, paused 538us total 58.299ms
08-06 06:33:23.500 30345 32052 I art     : Starting a blocking GC Explicit
08-06 06:33:23.546 30345 32052 I art     : Explicit concurrent mark sweep GC freed 20(704B) AllocSpace objects, 0(0B) LOS objects, 36% free, 28MB/44MB, paused 414us total 46.276ms
08-06 06:33:23.565 30345 32052 I art     : Starting a blocking GC Explicit
08-06 06:33:23.614 30345 32052 I art     : Explicit concurrent mark sweep GC freed 3(96B) AllocSpace objects, 0(0B) LOS objects, 36% free, 28MB/44MB, paused 375us total 48.804ms
08-06 06:33:23.632 30345 32052 I art     : Starting a blocking GC Explicit
08-06 06:33:23.679 30345 32052 I art     : Explicit concurrent mark sweep GC freed 3(96B) AllocSpace objects, 0(0B) LOS objects, 36% free, 28MB/44MB, paused 380us total 46.741ms
08-06 06:33:23.698 30345 32052 I art     : Starting a blocking GC Explicit
08-06 06:33:23.748 30345 32052 I art     : Explicit concurrent mark sweep GC freed 3(96B) AllocSpace objects, 0(0B) LOS objects, 36% free, 28MB/44MB, paused 439us total 49.704ms
08-06 06:33:24.081 30345 30369 I art     : Starting a blocking GC Explicit
08-06 06:33:24.143 30345 30369 I art     : Explicit concurrent mark sweep GC freed 1344(82KB) AllocSpace objects, 1(20KB) LOS objects, 36% free, 28MB/44MB, paused 427us total 61.585ms
08-06 06:33:24.164 30345 30369 I art     : Starting a blocking GC Explicit
08-06 06:33:24.213 30345 30369 I art     : Explicit concurrent mark sweep GC freed 20(704B) AllocSpace objects, 0(0B) LOS objects, 36% free, 28MB/44MB, paused 427us total 49.272ms
08-06 06:33:24.232 30345 30369 I art     : Starting a blocking GC Explicit
08-06 06:33:24.280 30345 30369 I art     : Explicit concurrent mark sweep GC freed 3(96B) AllocSpace objects, 0(0B) LOS objects, 36% free, 28MB/44MB, paused 399us total 47.933ms
08-06 06:33:24.298 30345 30369 I art     : Starting a blocking GC Explicit
08-06 06:33:24.347 30345 30369 I art     : Explicit concurrent mark sweep GC freed 3(96B) AllocSpace objects, 0(0B) LOS objects, 36% free, 28MB/44MB, paused 500us total 48.900ms
08-06 06:33:24.365 13866 13882 I PeriodicStatsRunner: PeriodicStatsRunner.call():175 call()
08-06 06:33:24.365 13866 13882 I PeriodicStatsRunner: PeriodicStatsRunner.call():179 No submit PeriodicStats since input started.
08-06 06:33:24.366 30345 30369 I art     : Starting a blocking GC Explicit
08-06 06:33:24.414 30345 30369 I art     : Explicit concurrent mark sweep GC freed 3(96B) AllocSpace objects, 0(0B) LOS objects, 36% free, 28MB/44MB, paused 414us total 47.795ms
08-06 06:33:24.704 30345 31027 I art     : Starting a blocking GC Explicit
08-06 06:33:24.722   518   646 I ThermalEngine: ACTION: GPU - Setting GPU[0] to 510000000
08-06 06:33:24.753 30345 31027 I art     : Explicit concurrent mark sweep GC freed 1349(82KB) AllocSpace objects, 1(20KB) LOS objects, 36% free, 28MB/44MB, paused 392us total 49.048ms
08-06 06:33:24.769 30345 31027 I art     : Starting a blocking GC Explicit
08-06 06:33:24.805 30345 31027 I art     : Explicit concurrent mark sweep GC freed 20(704B) AllocSpace objects, 0(0B) LOS objects, 36% free, 28MB/44MB, paused 293us total 35.073ms
08-06 06:33:24.818 30345 31027 I art     : Starting a blocking GC Explicit
08-06 06:33:24.854 30345 31027 I art     : Explicit concurrent mark sweep GC freed 3(96B) AllocSpace objects, 0(0B) LOS objects, 36% free, 28MB/44MB, paused 308us total 35.499ms
08-06 06:33:24.868 30345 31027 I art     : Starting a blocking GC Explicit
08-06 06:33:24.902 30345 31027 I art     : Explicit concurrent mark sweep GC freed 3(96B) AllocSpace objects, 0(0B) LOS objects, 36% free, 28MB/44MB, paused 284us total 33.847ms
08-06 06:33:24.916 30345 31027 I art     : Starting a blocking GC Explicit
08-06 06:33:24.951 30345 31027 I art     : Explicit concurrent mark sweep GC freed 3(96B) AllocSpace objects, 0(0B) LOS objects, 36% free, 28MB/44MB, paused 307us total 34.494ms
08-06 06:33:24.997 32263 32263 D AndroidRuntime: >>>>>> START com.android.internal.os.RuntimeInit uid 2000 <<<<<<
08-06 06:33:25.003 32263 32263 D AndroidRuntime: CheckJNI is OFF
08-06 06:33:25.036 32263 32263 D ICU     : No timezone override file found: /data/misc/zoneinfo/current/icu/icu_tzdata.dat
08-06 06:33:25.070 32263 32263 I Radio-JNI: register_android_hardware_Radio DONE
08-06 06:33:25.092 32263 32263 D AndroidRuntime: Calling main entry com.android.commands.input.Input
08-06 06:33:25.094 32263 32263 I Input   : injectMotionEvent: MotionEvent { action=ACTION_DOWN, actionButton=0, id[0]=0, x[0]=600.0, y[0]=580.0, toolType[0]=TOOL_TYPE_UNKNOWN, buttonState=0, metaState=0, flags=0x0, edgeFlags=0x0, pointerCount=1, historySize=0, eventTime=858821507, downTime=858821507, deviceId=0, source=0x1002 }
08-06 06:33:25.100 32263 32263 I Input   : injectMotionEvent: MotionEvent { action=ACTION_UP, actionButton=0, id[0]=0, x[0]=600.0, y[0]=580.0, toolType[0]=TOOL_TYPE_UNKNOWN, buttonState=0, metaState=0, flags=0x0, edgeFlags=0x0, pointerCount=1, historySize=0, eventTime=858821507, downTime=858821507, deviceId=0, source=0x1002 }
08-06 06:33:25.102 32263 32263 D AndroidRuntime: Shutting down VM
08-06 06:33:25.116   512  2967 D audio_hw_primary: out_set_parameters: enter: usecase(1: low-latency-playback) kvpairs: routing=2
08-06 06:33:25.120   918  6029 I ActivityManager: START u0 {cmp=baseline.org.quantumbadger.redreader/.activities.WebViewActivity (has extras)} from uid 10705 on display 0
08-06 06:33:25.130   512  2967 D audio_hw_primary: select_devices: out_snd_device(2: speaker) in_snd_device(0: none)
08-06 06:33:25.131   512  2967 D msm8974_platform: platform_send_audio_calibration: sending audio calibration for snd_device(2) acdb_id(15)
08-06 06:33:25.131   512  2967 I soundtrigger: audio_extn_sound_trigger_update_device_status: device 0x2 of type 0 for Event 1
08-06 06:33:25.140   512  2967 D audio_hw_primary: enable_snd_device: snd_device(2: speaker)
08-06 06:33:25.142   512  2967 D audio_hw_primary: enable_audio_route: apply and update mixer path: low-latency-playback speaker
08-06 06:33:25.144 30345 30345 I AppCompatViewInflater: app:theme is now deprecated. Please move to using android:theme instead.
08-06 06:33:25.159 30345 30345 I WebViewFactory: Loading com.google.android.webview version 84.0.4147.89 (code 414708953)
08-06 06:33:25.222 30345 31027 I art     : Starting a blocking GC Explicit
08-06 06:33:25.256 30345 31027 I art     : Explicit concurrent mark sweep GC freed 2689(204KB) AllocSpace objects, 1(20KB) LOS objects, 36% free, 28MB/44MB, paused 437us total 34.467ms
08-06 06:33:25.273 30345 31027 I art     : Starting a blocking GC Explicit
08-06 06:33:25.299 30345 30345 I cr_LibraryLoader: Loaded native library version number "84.0.4147.89"
08-06 06:33:25.300 30345 30345 I cr_CachingUmaRecorder: Flushed 5 samples from 5 histograms.
08-06 06:33:25.310 30345 31027 I art     : Explicit concurrent mark sweep GC freed 9372(770KB) AllocSpace objects, 5(116KB) LOS objects, 35% free, 28MB/44MB, paused 2.185ms total 37.417ms
08-06 06:33:25.323 30345 31027 I art     : Starting a blocking GC Explicit
08-06 06:33:25.338 30345 30345 E chromium: [ERROR:filesystem_posix.cc(62)] mkdir /data/user/0/baseline.org.quantumbadger.redreader/cache/WebView/Crashpad: No such file or directory (2)
08-06 06:33:25.358 30345 31027 I art     : Explicit concurrent mark sweep GC freed 1327(169KB) AllocSpace objects, 0(0B) LOS objects, 35% free, 28MB/44MB, paused 837us total 34.465ms
08-06 06:33:25.375 30345 31027 I art     : Starting a blocking GC Explicit
08-06 06:33:25.420   918  5132 D ConnectivityService: listenForNetwork for Listen from uid/pid:10705/30345 for NetworkRequest [ id=3899, legacyType=-1, [ Capabilities: INTERNET&NOT_RESTRICTED&TRUSTED] ]
08-06 06:33:25.421 30345 31027 I art     : Explicit concurrent mark sweep GC freed 965(76KB) AllocSpace objects, 0(0B) LOS objects, 35% free, 28MB/44MB, paused 774us total 46.587ms
08-06 06:33:25.434 30345 31027 I art     : Starting a blocking GC Explicit
08-06 06:33:25.472 30345 32311 W cr_media: Requires BLUETOOTH permission
08-06 06:33:25.474 30345 31027 I art     : Explicit concurrent mark sweep GC freed 2343(158KB) AllocSpace objects, 0(0B) LOS objects, 35% free, 29MB/45MB, paused 1.747ms total 39.060ms
08-06 06:33:25.494 30345 32324 E libEGL  : validate_display:255 error 3008 (EGL_BAD_DISPLAY)
08-06 06:33:25.619   918   936 I ActivityManager: Displayed baseline.org.quantumbadger.redreader/.activities.WebViewActivity: +491ms
08-06 06:33:25.619 13866 13866 I GoogleInputMethodServic: GoogleInputMethodService.onFinishInput():3138 
08-06 06:33:25.620 13866 13866 I GoogleInputMethodServic: GoogleInputMethodService.onStartInput():1808 
08-06 06:33:25.688   512  2967 D audio_hw_primary: disable_audio_route: reset and update mixer path: low-latency-playback speaker
08-06 06:33:25.689   512  2967 D audio_hw_primary: disable_snd_device: snd_device(2: speaker)
08-06 06:33:25.699   512  2967 I soundtrigger: audio_extn_sound_trigger_update_device_status: device 0x2 of type 0 for Event 0
08-06 06:33:25.759 30345 30357 I art     : Starting a blocking GC Explicit
08-06 06:33:25.804 30345 30357 I art     : Explicit concurrent mark sweep GC freed 5878(344KB) AllocSpace objects, 4(220KB) LOS objects, 35% free, 29MB/45MB, paused 457us total 44.947ms
08-06 06:33:25.824 30345 30357 I art     : Starting a blocking GC Explicit
08-06 06:33:25.868 30345 30357 I art     : Explicit concurrent mark sweep GC freed 1037(121KB) AllocSpace objects, 0(0B) LOS objects, 35% free, 29MB/45MB, paused 568us total 43.825ms
08-06 06:33:25.879   380   380 W SurfaceFlinger: couldn't log to binary event log: overflow.
08-06 06:33:25.883 30345 30357 I art     : Starting a blocking GC Explicit
08-06 06:33:25.917 30345 30357 I art     : Explicit concurrent mark sweep GC freed 19(1056B) AllocSpace objects, 0(0B) LOS objects, 35% free, 29MB/45MB, paused 610us total 34.490ms
08-06 06:33:25.930 30345 30357 I art     : Starting a blocking GC Explicit
08-06 06:33:25.963 30345 30357 I art     : Explicit concurrent mark sweep GC freed 35(2720B) AllocSpace objects, 0(0B) LOS objects, 35% free, 29MB/45MB, paused 576us total 32.544ms
08-06 06:33:25.980 30345 30357 I art     : Starting a blocking GC Explicit
08-06 06:33:26.012 30345 30357 I art     : Explicit concurrent mark sweep GC freed 811(59KB) AllocSpace objects, 0(0B) LOS objects, 35% free, 29MB/45MB, paused 550us total 32.226ms
08-06 06:33:26.277 30345 31027 I art     : Starting a blocking GC Explicit
08-06 06:33:26.312 30345 31027 I art     : Explicit concurrent mark sweep GC freed 3683(190KB) AllocSpace objects, 1(20KB) LOS objects, 35% free, 29MB/45MB, paused 484us total 34.766ms
08-06 06:33:26.326 30345 31027 I art     : Starting a blocking GC Explicit
08-06 06:33:26.360 30345 31027 I art     : Explicit concurrent mark sweep GC freed 66(2208B) AllocSpace objects, 0(0B) LOS objects, 35% free, 29MB/45MB, paused 440us total 33.503ms
08-06 06:33:26.373 30345 31027 I art     : Starting a blocking GC Explicit
08-06 06:33:26.408 30345 31027 I art     : Explicit concurrent mark sweep GC freed 1756(69KB) AllocSpace objects, 0(0B) LOS objects, 35% free, 29MB/45MB, paused 704us total 34.700ms
08-06 06:33:26.421 30345 31027 I art     : Starting a blocking GC Explicit
08-06 06:33:26.456 30345 31027 I art     : Explicit concurrent mark sweep GC freed 245(12KB) AllocSpace objects, 0(0B) LOS objects, 35% free, 29MB/45MB, paused 480us total 34.631ms
08-06 06:33:26.471 30345 31027 I art     : Starting a blocking GC Explicit
08-06 06:33:26.505 30345 31027 I art     : Explicit concurrent mark sweep GC freed 21(704B) AllocSpace objects, 0(0B) LOS objects, 35% free, 29MB/45MB, paused 457us total 34.145ms
08-06 06:33:26.725   518   646 I ThermalEngine: ACTION: GPU - Setting GPU[0] to 450000000
08-06 06:33:26.811 30345 30357 I art     : Starting a blocking GC Explicit
08-06 06:33:26.853 30345 30357 I art     : Explicit concurrent mark sweep GC freed 1355(82KB) AllocSpace objects, 1(20KB) LOS objects, 35% free, 29MB/45MB, paused 576us total 41.470ms
08-06 06:33:26.871 30345 30357 I art     : Starting a blocking GC Explicit
08-06 06:33:26.889 30345 30345 I Choreographer: Skipped 46 frames!  The application may be doing too much work on its main thread.
08-06 06:33:26.921 30345 30357 I art     : Explicit concurrent mark sweep GC freed 30(1360B) AllocSpace objects, 0(0B) LOS objects, 35% free, 29MB/45MB, paused 689us total 49.127ms
08-06 06:33:26.970 30345 30357 I art     : Starting a blocking GC Explicit
08-06 06:33:27.019 30345 30357 I art     : Explicit concurrent mark sweep GC freed 14(448B) AllocSpace objects, 0(0B) LOS objects, 35% free, 29MB/45MB, paused 694us total 49.021ms
08-06 06:33:27.045 30345 30357 I art     : Starting a blocking GC Explicit
08-06 06:33:27.105 30345 30357 I art     : Explicit concurrent mark sweep GC freed 14(432B) AllocSpace objects, 0(0B) LOS objects, 35% free, 29MB/45MB, paused 604us total 59.664ms
08-06 06:33:27.129 30345 30357 I art     : Starting a blocking GC Explicit
08-06 06:33:27.182 30345 30357 I art     : Explicit concurrent mark sweep GC freed 18(560B) AllocSpace objects, 0(0B) LOS objects, 35% free, 29MB/45MB, paused 712us total 52.322ms
08-06 06:33:27.545 30345 31027 I art     : Starting a blocking GC Explicit
08-06 06:33:27.591 30345 31027 I art     : Explicit concurrent mark sweep GC freed 1573(115KB) AllocSpace objects, 1(20KB) LOS objects, 35% free, 29MB/45MB, paused 523us total 46.059ms
08-06 06:33:27.610 30345 31027 I art     : Starting a blocking GC Explicit
08-06 06:33:27.656 30345 31027 I art     : Explicit concurrent mark sweep GC freed 85(2912B) AllocSpace objects, 0(0B) LOS objects, 35% free, 29MB/45MB, paused 548us total 45.809ms
08-06 06:33:27.674 30345 31027 I art     : Starting a blocking GC Explicit
08-06 06:33:27.721 30345 31027 I art     : Explicit concurrent mark sweep GC freed 3(96B) AllocSpace objects, 0(0B) LOS objects, 35% free, 29MB/45MB, paused 528us total 47.167ms
08-06 06:33:27.740 30345 31027 I art     : Starting a blocking GC Explicit
08-06 06:33:27.786 30345 31027 I art     : Explicit concurrent mark sweep GC freed 3(96B) AllocSpace objects, 0(0B) LOS objects, 35% free, 29MB/45MB, paused 528us total 45.765ms
08-06 06:33:27.805 30345 31027 I art     : Starting a blocking GC Explicit
08-06 06:33:27.851 30345 31027 I art     : Explicit concurrent mark sweep GC freed 3(96B) AllocSpace objects, 0(0B) LOS objects, 35% free, 29MB/45MB, paused 552us total 46.268ms
08-06 06:33:28.089 30345 30345 I chromium: [INFO:CONSOLE(1)] "
08-06 06:33:28.089 30345 30345 I chromium:                   ,d"=,.,qOp,
08-06 06:33:28.089 30345 30345 I chromium:                  ,7'  ''$(  )
08-06 06:33:28.089 30345 30345 I chromium:                 ,7'      '?q$7'
08-06 06:33:28.089 30345 30345 I chromium:              ..,$$,.
08-06 06:33:28.089 30345 30345 I chromium:    ,.  .,,--***""***--,,.  .,
08-06 06:33:28.089 30345 30345 I chromium:     ,p''              ''q,   
08-06 06:33:28.089 30345 30345 I chromium: :  ,7'                      '7,  :
08-06 06:33:28.089 30345 30345 I chromium:  ' $      ,db,      ,db,      $ '
08-06 06:33:28.089 30345 30345 I chromium:   '$      $$      $$      $'    Using Reddit at work? Work for Reddit.
08-06 06:33:28.089 30345 30345 I chromium:   '$                          $'        https://www.reddit.com/jobs
08-06 06:33:28.089 30345 30345 I chromium:    '$.     .,        ,.     .$'
08-06 06:33:28.089 30345 30345 I chromium:     'b,     ''     ,d'
08-06 06:33:28.089 30345 30345 I chromium:      '?bn,,          ,,nd?'
08-06 06:33:28.089 30345 30345 I chromium:        ,7$ '''' $7,
08-06 06:33:28.089 30345 30345 I chromium:      , $              $ ,
08-06 06:33:28.089 30345 30345 I chromium:      $  :$              $:  $
08-06 06:33:28.089 30345 30345 I chromium:      $   $              $   $
08-06 06:33:28.089 30345 30345 I chromium:      'b  q:            :p  d'
08-06 06:33:28.089 30345 30345 I chromium:       '?$.          .$?'
08-06 06:33:28.089 30345 30345 I chromium:          'b            d'
08-06 06:33:28.089 30345 30345 I chromium:        ,'?,.      .,?',
08-06 06:33:28.089 30345 30345 I chromium:       ==--==--==--==
08-06 06:33:28.089 30345 30345 I chromium: ", source: https://www.redditstatic.com/desktop2x/Chat~Governance~Reddit.2ea93b134a9b2e5b1d9a.js (1)
08-06 06:33:28.196 30345 30369 I art     : Starting a blocking GC Explicit
08-06 06:33:28.242 30345 30369 I art     : Explicit concurrent mark sweep GC freed 1364(85KB) AllocSpace objects, 1(20KB) LOS objects, 35% free, 29MB/45MB, paused 548us total 46.522ms
08-06 06:33:28.261 30345 30369 I art     : Starting a blocking GC Explicit
08-06 06:33:28.305 30345 30369 I art     : Explicit concurrent mark sweep GC freed 20(704B) AllocSpace objects, 0(0B) LOS objects, 35% free, 29MB/45MB, paused 524us total 43.780ms
08-06 06:33:28.323 30345 30369 I art     : Starting a blocking GC Explicit
08-06 06:33:28.369 30345 30369 I art     : Explicit concurrent mark sweep GC freed 3(96B) AllocSpace objects, 0(0B) LOS objects, 35% free, 29MB/45MB, paused 589us total 46.117ms
08-06 06:33:28.387 30345 30369 I art     : Starting a blocking GC Explicit
08-06 06:33:28.434 30345 30369 I art     : Explicit concurrent mark sweep GC freed 3(96B) AllocSpace objects, 0(0B) LOS objects, 35% free, 29MB/45MB, paused 518us total 46.167ms
08-06 06:33:28.452 30345 30369 I art     : Starting a blocking GC Explicit
08-06 06:33:28.498 30345 30369 I art     : Explicit concurrent mark sweep GC freed 3(96B) AllocSpace objects, 0(0B) LOS objects, 35% free, 29MB/45MB, paused 537us total 45.575ms
08-06 06:33:28.878 30345 32052 I art     : Starting a blocking GC Explicit
08-06 06:33:28.926 30345 32052 I art     : Explicit concurrent mark sweep GC freed 1367(83KB) AllocSpace objects, 1(20KB) LOS objects, 35% free, 29MB/45MB, paused 566us total 47.515ms
08-06 06:33:28.944 30345 32052 I art     : Starting a blocking GC Explicit
08-06 06:33:28.991 30345 32052 I art     : Explicit concurrent mark sweep GC freed 22(768B) AllocSpace objects, 0(0B) LOS objects, 35% free, 29MB/45MB, paused 561us total 47.219ms
08-06 06:33:29.010 30345 32052 I art     : Starting a blocking GC Explicit
08-06 06:33:29.057 30345 32052 I art     : Explicit concurrent mark sweep GC freed 3(96B) AllocSpace objects, 0(0B) LOS objects, 35% free, 29MB/45MB, paused 553us total 47.132ms
08-06 06:33:29.075 30345 32052 I art     : Starting a blocking GC Explicit
08-06 06:33:29.124 30345 32052 I art     : Explicit concurrent mark sweep GC freed 3(96B) AllocSpace objects, 0(0B) LOS objects, 35% free, 29MB/45MB, paused 597us total 48.756ms
08-06 06:33:29.143 30345 32052 I art     : Starting a blocking GC Explicit
08-06 06:33:29.190 30345 32052 I art     : Explicit concurrent mark sweep GC freed 3(96B) AllocSpace objects, 0(0B) LOS objects, 35% free, 29MB/45MB, paused 543us total 46.385ms
08-06 06:33:29.542 30345 32052 I art     : Starting a blocking GC Explicit
08-06 06:33:29.591 30345 32052 I art     : Explicit concurrent mark sweep GC freed 1570(95KB) AllocSpace objects, 1(20KB) LOS objects, 35% free, 29MB/45MB, paused 498us total 47.985ms
08-06 06:33:29.614 30345 32052 I art     : Starting a blocking GC Explicit
08-06 06:33:29.660 30345 32052 I art     : Explicit concurrent mark sweep GC freed 32(3KB) AllocSpace objects, 0(0B) LOS objects, 35% free, 29MB/45MB, paused 539us total 46.029ms
08-06 06:33:29.678 30345 32052 I art     : Starting a blocking GC Explicit
08-06 06:33:29.724 30345 32052 I art     : Explicit concurrent mark sweep GC freed 3(96B) AllocSpace objects, 0(0B) LOS objects, 35% free, 29MB/45MB, paused 473us total 45.439ms
08-06 06:33:29.746 30345 32052 I art     : Starting a blocking GC Explicit
08-06 06:33:29.795 30345 32052 I art     : Explicit concurrent mark sweep GC freed 3(96B) AllocSpace objects, 0(0B) LOS objects, 35% free, 29MB/45MB, paused 498us total 48.099ms
08-06 06:33:29.813 30345 32052 I art     : Starting a blocking GC Explicit
08-06 06:33:29.861 30345 32052 I art     : Explicit concurrent mark sweep GC freed 3(96B) AllocSpace objects, 0(0B) LOS objects, 35% free, 29MB/45MB, paused 539us total 47.922ms
08-06 06:33:30.130 30345 32293 I RedditChangeDataIO: Writing tmp data file at '/data/user/0/baseline.org.quantumbadger.redreader/files/rr_change_data_tmp.dat'
08-06 06:33:30.131 30345 32293 I RedditChangeDataManager: Taking snapshot...
08-06 06:33:30.131 30345 32293 I RedditChangeDataManager: Writing to stream...
08-06 06:33:30.131 30345 32293 I RedditChangeDataManager: Wrote 4 entries for user ''
08-06 06:33:30.132 30345 32293 I RedditChangeDataManager: All entries written to stream.
08-06 06:33:30.132 30345 32293 I RedditChangeDataIO: Write successful. Atomically replacing data file...
08-06 06:33:30.132 30345 32293 I RedditChangeDataIO: Write complete.
08-06 06:33:30.133 30345 32293 I RedditChangeDataIO: 110 bytes written in 4 ms
08-06 06:33:30.215 30345 32052 I art     : Starting a blocking GC Explicit
08-06 06:33:30.274 30345 32052 I art     : Explicit concurrent mark sweep GC freed 1482(90KB) AllocSpace objects, 2(88KB) LOS objects, 35% free, 29MB/45MB, paused 505us total 58.659ms
08-06 06:33:30.292 30345 32052 I art     : Starting a blocking GC Explicit
08-06 06:33:30.344 30345 32052 I art     : Explicit concurrent mark sweep GC freed 23(800B) AllocSpace objects, 0(0B) LOS objects, 35% free, 29MB/45MB, paused 674us total 51.684ms
08-06 06:33:30.363 30345 32052 I art     : Starting a blocking GC Explicit
08-06 06:33:30.411 30345 32052 I art     : Explicit concurrent mark sweep GC freed 3(96B) AllocSpace objects, 0(0B) LOS objects, 35% free, 29MB/45MB, paused 478us total 47.858ms
08-06 06:33:30.431 30345 32052 I art     : Starting a blocking GC Explicit
08-06 06:33:30.484 30345 32052 I art     : Explicit concurrent mark sweep GC freed 3(96B) AllocSpace objects, 0(0B) LOS objects, 35% free, 29MB/45MB, paused 515us total 52.654ms
08-06 06:33:30.502 30345 32052 I art     : Starting a blocking GC Explicit
08-06 06:33:30.558 30345 32052 I art     : Explicit concurrent mark sweep GC freed 3(96B) AllocSpace objects, 0(0B) LOS objects, 35% free, 29MB/45MB, paused 556us total 55.127ms
08-06 06:33:30.619 13866 13882 I PeriodicStatsRunner: PeriodicStatsRunner.call():175 call()
08-06 06:33:30.620 13866 13882 I PeriodicStatsRunner: PeriodicStatsRunner.call():179 No submit PeriodicStats since input started.
08-06 06:33:30.948 30345 30356 I art     : Starting a blocking GC Explicit
08-06 06:33:30.996 30345 30356 I art     : Explicit concurrent mark sweep GC freed 1355(82KB) AllocSpace objects, 1(20KB) LOS objects, 35% free, 29MB/45MB, paused 495us total 48.311ms
08-06 06:33:31.015 30345 30356 I art     : Starting a blocking GC Explicit
08-06 06:33:31.065 30345 30356 I art     : Explicit concurrent mark sweep GC freed 22(784B) AllocSpace objects, 0(0B) LOS objects, 35% free, 29MB/45MB, paused 538us total 50.336ms
08-06 06:33:31.084 30345 30356 I art     : Starting a blocking GC Explicit
08-06 06:33:31.132 30345 30356 I art     : Explicit concurrent mark sweep GC freed 3(96B) AllocSpace objects, 0(0B) LOS objects, 35% free, 29MB/45MB, paused 582us total 47.457ms
08-06 06:33:31.158 30345 30356 I art     : Starting a blocking GC Explicit
08-06 06:33:31.205 30345 30356 I art     : Explicit concurrent mark sweep GC freed 3(96B) AllocSpace objects, 0(0B) LOS objects, 35% free, 29MB/45MB, paused 481us total 47.324ms
08-06 06:33:31.224 30345 30356 I art     : Starting a blocking GC Explicit
08-06 06:33:31.277 30345 30356 I art     : Explicit concurrent mark sweep GC freed 3(96B) AllocSpace objects, 0(0B) LOS objects, 35% free, 29MB/45MB, paused 551us total 52.472ms
08-06 06:33:31.636 30345 30357 I art     : Starting a blocking GC Explicit
08-06 06:33:31.688 30345 30357 I art     : Explicit concurrent mark sweep GC freed 1355(82KB) AllocSpace objects, 1(20KB) LOS objects, 35% free, 29MB/45MB, paused 522us total 51.343ms
08-06 06:33:31.706 30345 30357 I art     : Starting a blocking GC Explicit
08-06 06:33:31.757 30345 30357 I art     : Explicit concurrent mark sweep GC freed 20(704B) AllocSpace objects, 0(0B) LOS objects, 35% free, 29MB/45MB, paused 504us total 49.879ms
08-06 06:33:31.775 30345 30357 I art     : Starting a blocking GC Explicit
08-06 06:33:31.822 30345 30357 I art     : Explicit concurrent mark sweep GC freed 3(96B) AllocSpace objects, 0(0B) LOS objects, 35% free, 29MB/45MB, paused 491us total 46.452ms
08-06 06:33:31.842 30345 30357 I art     : Starting a blocking GC Explicit
08-06 06:33:31.884 30345 30357 I art     : Explicit concurrent mark sweep GC freed 3(96B) AllocSpace objects, 0(0B) LOS objects, 35% free, 29MB/45MB, paused 505us total 41.542ms
08-06 06:33:31.903 30345 30357 I art     : Starting a blocking GC Explicit
08-06 06:33:31.955 30345 30357 I art     : Explicit concurrent mark sweep GC freed 3(96B) AllocSpace objects, 0(0B) LOS objects, 35% free, 29MB/45MB, paused 489us total 52.271ms
08-06 06:33:32.338 30345 30357 I art     : Starting a blocking GC Explicit
08-06 06:33:32.380 30345 30357 I art     : Explicit concurrent mark sweep GC freed 1355(82KB) AllocSpace objects, 1(20KB) LOS objects, 35% free, 29MB/45MB, paused 515us total 42.391ms
08-06 06:33:32.398 30345 30357 I art     : Starting a blocking GC Explicit
08-06 06:33:32.444 30345 30357 I art     : Explicit concurrent mark sweep GC freed 20(704B) AllocSpace objects, 0(0B) LOS objects, 35% free, 29MB/45MB, paused 586us total 46.194ms
08-06 06:33:32.465 30345 30357 I art     : Starting a blocking GC Explicit
08-06 06:33:32.513 30345 30357 I art     : Explicit concurrent mark sweep GC freed 3(96B) AllocSpace objects, 0(0B) LOS objects, 35% free, 29MB/45MB, paused 585us total 47.740ms
08-06 06:33:32.532 30345 30357 I art     : Starting a blocking GC Explicit
08-06 06:33:32.584 30345 30357 I art     : Explicit concurrent mark sweep GC freed 3(96B) AllocSpace objects, 0(0B) LOS objects, 35% free, 29MB/45MB, paused 487us total 51.712ms
08-06 06:33:32.602 30345 30357 I art     : Starting a blocking GC Explicit
08-06 06:33:32.655 30345 30357 I art     : Explicit concurrent mark sweep GC freed 3(96B) AllocSpace objects, 0(0B) LOS objects, 35% free, 29MB/45MB, paused 510us total 52.360ms
08-06 06:33:33.038 30345 30357 I art     : Starting a blocking GC Explicit
08-06 06:33:33.085 30345 30357 I art     : Explicit concurrent mark sweep GC freed 1355(82KB) AllocSpace objects, 1(20KB) LOS objects, 35% free, 29MB/45MB, paused 549us total 45.695ms
08-06 06:33:33.103 30345 30357 I art     : Starting a blocking GC Explicit
08-06 06:33:33.153 30345 30357 I art     : Explicit concurrent mark sweep GC freed 20(704B) AllocSpace objects, 0(0B) LOS objects, 35% free, 29MB/45MB, paused 511us total 49.858ms
08-06 06:33:33.171 30345 30357 I art     : Starting a blocking GC Explicit
08-06 06:33:33.218 30345 30357 I art     : Explicit concurrent mark sweep GC freed 3(96B) AllocSpace objects, 0(0B) LOS objects, 35% free, 29MB/45MB, paused 566us total 46.391ms
08-06 06:33:33.236 30345 30357 I art     : Starting a blocking GC Explicit
08-06 06:33:33.287 30345 30357 I art     : Explicit concurrent mark sweep GC freed 3(96B) AllocSpace objects, 0(0B) LOS objects, 35% free, 29MB/45MB, paused 481us total 51.045ms
08-06 06:33:33.306 30345 30357 I art     : Starting a blocking GC Explicit
08-06 06:33:33.369 30345 30357 I art     : Explicit concurrent mark sweep GC freed 3(96B) AllocSpace objects, 0(0B) LOS objects, 35% free, 29MB/45MB, paused 481us total 63.105ms
08-06 06:33:33.736 30345 30369 I art     : Starting a blocking GC Explicit
08-06 06:33:33.785 30345 30369 I art     : Explicit concurrent mark sweep GC freed 1355(82KB) AllocSpace objects, 1(20KB) LOS objects, 35% free, 29MB/45MB, paused 516us total 49.170ms
08-06 06:33:33.803 30345 30369 I art     : Starting a blocking GC Explicit
08-06 06:33:33.855 30345 30369 I art     : Explicit concurrent mark sweep GC freed 20(704B) AllocSpace objects, 0(0B) LOS objects, 35% free, 29MB/45MB, paused 528us total 51.617ms
08-06 06:33:33.873 30345 30369 I art     : Starting a blocking GC Explicit
08-06 06:33:33.921 30345 30369 I art     : Explicit concurrent mark sweep GC freed 3(96B) AllocSpace objects, 0(0B) LOS objects, 35% free, 29MB/45MB, paused 535us total 47.881ms
08-06 06:33:33.939 32457 32457 D AndroidRuntime: >>>>>> START com.android.internal.os.RuntimeInit uid 2000 <<<<<<
08-06 06:33:33.942 30345 30369 I art     : Starting a blocking GC Explicit
08-06 06:33:33.946 32457 32457 D AndroidRuntime: CheckJNI is OFF
08-06 06:33:33.987 30345 30369 I art     : Explicit concurrent mark sweep GC freed 3(96B) AllocSpace objects, 0(0B) LOS objects, 35% free, 29MB/45MB, paused 627us total 45.498ms
08-06 06:33:33.989 32457 32457 D ICU     : No timezone override file found: /data/misc/zoneinfo/current/icu/icu_tzdata.dat
08-06 06:33:34.006 30345 30369 I art     : Starting a blocking GC Explicit
08-06 06:33:34.033 32457 32457 I Radio-JNI: register_android_hardware_Radio DONE
08-06 06:33:34.058 30345 30369 I art     : Explicit concurrent mark sweep GC freed 3(96B) AllocSpace objects, 0(0B) LOS objects, 35% free, 29MB/45MB, paused 523us total 51.653ms
08-06 06:33:34.065 32457 32457 D AndroidRuntime: Calling main entry com.android.commands.input.Input
08-06 06:33:34.068 32457 32457 I Input   : injectKeyEvent: KeyEvent { action=ACTION_DOWN, keyCode=KEYCODE_BACK, scanCode=0, metaState=0, flags=0x0, repeatCount=0, eventTime=858830482, downTime=858830482, deviceId=-1, source=0x101 }
08-06 06:33:34.078 32457 32457 I Input   : injectKeyEvent: KeyEvent { action=ACTION_UP, keyCode=KEYCODE_BACK, scanCode=0, metaState=0, flags=0x0, repeatCount=0, eventTime=858830482, downTime=858830482, deviceId=-1, source=0x101 }
08-06 06:33:34.086 32457 32457 D AndroidRuntime: Shutting down VM
08-06 06:33:34.136 13866 13866 I GoogleInputMethodServic: GoogleInputMethodService.onFinishInput():3138 
08-06 06:33:34.136 13866 13866 I GoogleInputMethodServic: GoogleInputMethodService.onStartInput():1808 
08-06 06:33:34.389 30345 30357 I art     : Starting a blocking GC Explicit
08-06 06:33:34.444 30345 30357 I art     : Explicit concurrent mark sweep GC freed 1633(93KB) AllocSpace objects, 1(20KB) LOS objects, 35% free, 29MB/45MB, paused 492us total 55.150ms
08-06 06:33:34.454   380   380 W SurfaceFlinger: couldn't log to binary event log: overflow.
08-06 06:33:34.463 30345 30357 I art     : Starting a blocking GC Explicit
08-06 06:33:34.514 30345 30357 I art     : Explicit concurrent mark sweep GC freed 111(6KB) AllocSpace objects, 0(0B) LOS objects, 35% free, 29MB/45MB, paused 721us total 50.443ms
08-06 06:33:34.527   918  3263 D ConnectivityService: releasing NetworkRequest NetworkRequest [ id=3899, legacyType=-1, [ Capabilities: INTERNET&NOT_RESTRICTED&TRUSTED] ]
08-06 06:33:34.537 30345 30357 I art     : Starting a blocking GC Explicit
08-06 06:33:34.578 30345 30357 I art     : Explicit concurrent mark sweep GC freed 896(43KB) AllocSpace objects, 0(0B) LOS objects, 35% free, 29MB/45MB, paused 571us total 40.235ms
08-06 06:33:34.596 30345 30357 I art     : Starting a blocking GC Explicit
08-06 06:33:34.638 30345 30357 I art     : Explicit concurrent mark sweep GC freed 145(7KB) AllocSpace objects, 0(0B) LOS objects, 35% free, 29MB/45MB, paused 528us total 42.300ms
08-06 06:33:34.655 30345 30357 I art     : Starting a blocking GC Explicit
08-06 06:33:34.696 30345 30357 I art     : Explicit concurrent mark sweep GC freed 1952(116KB) AllocSpace objects, 1(28KB) LOS objects, 35% free, 29MB/45MB, paused 490us total 40.611ms
08-06 06:33:35.055 30345 30356 I art     : Starting a blocking GC Explicit
08-06 06:33:35.058 28232 28232 I ServiceManager: Waiting for service AtCmdFwd...
08-06 06:33:35.114 30345 30356 I art     : Explicit concurrent mark sweep GC freed 1355(82KB) AllocSpace objects, 1(20KB) LOS objects, 35% free, 29MB/45MB, paused 520us total 58.449ms
08-06 06:33:35.138 30345 30356 I art     : Starting a blocking GC Explicit
08-06 06:33:35.183 30345 30356 I art     : Explicit concurrent mark sweep GC freed 20(704B) AllocSpace objects, 0(0B) LOS objects, 35% free, 29MB/45MB, paused 511us total 44.600ms
08-06 06:33:35.201 30345 30356 I art     : Starting a blocking GC Explicit
08-06 06:33:35.247 30345 30356 I art     : Explicit concurrent mark sweep GC freed 3(96B) AllocSpace objects, 0(0B) LOS objects, 35% free, 29MB/45MB, paused 684us total 46.194ms
08-06 06:33:35.266 30345 30356 I art     : Starting a blocking GC Explicit
08-06 06:33:35.312 30345 30356 I art     : Explicit concurrent mark sweep GC freed 3(96B) AllocSpace objects, 0(0B) LOS objects, 35% free, 29MB/45MB, paused 525us total 46.061ms
08-06 06:33:35.330 30345 30356 I art     : Starting a blocking GC Explicit
08-06 06:33:35.376 30345 30356 I art     : Explicit concurrent mark sweep GC freed 3(96B) AllocSpace objects, 0(0B) LOS objects, 35% free, 29MB/45MB, paused 518us total 44.892ms
08-06 06:33:35.710 30345 30369 I art     : Starting a blocking GC Explicit
08-06 06:33:35.765 30345 30369 I art     : Explicit concurrent mark sweep GC freed 1373(83KB) AllocSpace objects, 1(20KB) LOS objects, 35% free, 29MB/45MB, paused 561us total 54.814ms
08-06 06:33:35.785 30345 30369 I art     : Starting a blocking GC Explicit
08-06 06:33:35.834 30345 30369 I art     : Explicit concurrent mark sweep GC freed 26(928B) AllocSpace objects, 0(0B) LOS objects, 35% free, 29MB/45MB, paused 556us total 48.375ms
08-06 06:33:35.852 30345 30369 I art     : Starting a blocking GC Explicit
08-06 06:33:35.890 32500 32500 D AndroidRuntime: >>>>>> START com.android.internal.os.RuntimeInit uid 2000 <<<<<<
08-06 06:33:35.896 32500 32500 D AndroidRuntime: CheckJNI is OFF
08-06 06:33:35.901 30345 30369 I art     : Explicit concurrent mark sweep GC freed 3(96B) AllocSpace objects, 0(0B) LOS objects, 35% free, 29MB/45MB, paused 531us total 47.842ms
08-06 06:33:35.919 30345 30369 I art     : Starting a blocking GC Explicit
08-06 06:33:35.942 32500 32500 D ICU     : No timezone override file found: /data/misc/zoneinfo/current/icu/icu_tzdata.dat
08-06 06:33:35.966 30345 30369 I art     : Explicit concurrent mark sweep GC freed 3(96B) AllocSpace objects, 0(0B) LOS objects, 35% free, 29MB/45MB, paused 576us total 46.757ms
08-06 06:33:35.985 30345 30369 I art     : Starting a blocking GC Explicit
08-06 06:33:35.988 32500 32500 I Radio-JNI: register_android_hardware_Radio DONE
08-06 06:33:36.018 32500 32500 D AndroidRuntime: Calling main entry com.android.commands.input.Input
08-06 06:33:36.020 32500 32500 I Input   : injectMotionEvent: MotionEvent { action=ACTION_DOWN, actionButton=0, id[0]=0, x[0]=600.0, y[0]=820.0, toolType[0]=TOOL_TYPE_UNKNOWN, buttonState=0, metaState=0, flags=0x0, edgeFlags=0x0, pointerCount=1, historySize=0, eventTime=858832433, downTime=858832433, deviceId=0, source=0x1002 }
08-06 06:33:36.030 32500 32500 I Input   : injectMotionEvent: MotionEvent { action=ACTION_UP, actionButton=0, id[0]=0, x[0]=600.0, y[0]=820.0, toolType[0]=TOOL_TYPE_UNKNOWN, buttonState=0, metaState=0, flags=0x0, edgeFlags=0x0, pointerCount=1, historySize=0, eventTime=858832433, downTime=858832433, deviceId=0, source=0x1002 }
08-06 06:33:36.032 30345 30369 I art     : Explicit concurrent mark sweep GC freed 3(96B) AllocSpace objects, 0(0B) LOS objects, 35% free, 29MB/45MB, paused 471us total 46.939ms
08-06 06:33:36.032 32500 32500 D AndroidRuntime: Shutting down VM
08-06 06:33:36.048   512  2967 D audio_hw_primary: out_set_parameters: enter: usecase(1: low-latency-playback) kvpairs: routing=2
08-06 06:33:36.053   918  3670 I ActivityManager: START u0 {dat=https://oauth.reddit.com/... cmp=baseline.org.quantumbadger.redreader/.activities.CommentListingActivity} from uid 10705 on display 0
08-06 06:33:36.059 28232 28232 I ServiceManager: Waiting for service AtCmdFwd...
08-06 06:33:36.061   512  2967 D audio_hw_primary: select_devices: out_snd_device(2: speaker) in_snd_device(0: none)
08-06 06:33:36.062   512  2967 D msm8974_platform: platform_send_audio_calibration: sending audio calibration for snd_device(2) acdb_id(15)
08-06 06:33:36.062   512  2967 I soundtrigger: audio_extn_sound_trigger_update_device_status: device 0x2 of type 0 for Event 1
08-06 06:33:36.077   512  2967 D audio_hw_primary: enable_snd_device: snd_device(2: speaker)
08-06 06:33:36.078 30345 30345 I AppCompatViewInflater: app:theme is now deprecated. Please move to using android:theme instead.
08-06 06:33:36.080   512  2967 D audio_hw_primary: enable_audio_route: apply and update mixer path: low-latency-playback speaker
08-06 06:33:36.097 30345 32526 D OK      : calling: https://oauth.reddit.com/comments/hi3oht/.json?sort=confidence
08-06 06:33:36.186   918   936 I ActivityManager: Displayed baseline.org.quantumbadger.redreader/.activities.CommentListingActivity: +125ms
08-06 06:33:36.187 13866 13866 I GoogleInputMethodServic: GoogleInputMethodService.onFinishInput():3138 
08-06 06:33:36.188 13866 13866 I GoogleInputMethodServic: GoogleInputMethodService.onStartInput():1808 
08-06 06:33:36.349 30345 30356 I art     : Starting a blocking GC Explicit
08-06 06:33:36.406 30345 32526 I NAPPA_EXPERIMENTATION: MetricNetworkRequestExecutionTime: REQUEST_DURATION_SYSTEM='308',REQUEST_DURATION_OKHTTP='148',REQUEST_SYNCHRONOUS='TRUE',RESPONSE_CODE='200',RESPONSE_METHOD='GET',RESPONSE_LENGTH_OKHTTP='-1',RESPONSE_LENGTH_HEADER='167875',REQUEST_PROTOCOL='h2',REQUEST_URL='https://oauth.reddit.com/comments/hi3oht/.json?sort=confidence',
08-06 06:33:36.406 30345 32526 D OK      : request got status: 200
08-06 06:33:36.414 30345 30356 I art     : Explicit concurrent mark sweep GC freed 6617(337KB) AllocSpace objects, 1(20KB) LOS objects, 35% free, 29MB/45MB, paused 802us total 64.233ms
08-06 06:33:36.419 30345 30917 I CommentListingActivity: COMMENTS session changed to fee1f911-f372-4683-93f3-d18de3d3031a
08-06 06:33:36.435 30345 30356 I art     : Starting a blocking GC Explicit
08-06 06:33:36.441   380   380 W SurfaceFlinger: couldn't log to binary event log: overflow.
08-06 06:33:36.485 30345 30356 I art     : Explicit concurrent mark sweep GC freed 1050(119KB) AllocSpace objects, 1(16KB) LOS objects, 34% free, 30MB/46MB, paused 969us total 49.274ms
08-06 06:33:36.503 30345 30356 I art     : Starting a blocking GC Explicit
08-06 06:33:36.558 30345 30356 I art     : Explicit concurrent mark sweep GC freed 9667(625KB) AllocSpace objects, 1(24KB) LOS objects, 33% free, 31MB/47MB, paused 1.820ms total 54.795ms
08-06 06:33:36.580 30345 30356 I art     : Starting a blocking GC Explicit
08-06 06:33:36.628   512  2967 D audio_hw_primary: disable_audio_route: reset and update mixer path: low-latency-playback speaker
08-06 06:33:36.629   512  2967 D audio_hw_primary: disable_snd_device: snd_device(2: speaker)
08-06 06:33:36.637   512  2967 I soundtrigger: audio_extn_sound_trigger_update_device_status: device 0x2 of type 0 for Event 0
08-06 06:33:36.639 30345 30356 I art     : Explicit concurrent mark sweep GC freed 15404(970KB) AllocSpace objects, 2(44KB) LOS objects, 33% free, 32MB/48MB, paused 1.542ms total 58.564ms
08-06 06:33:36.663 30345 30356 I art     : Starting a blocking GC Explicit
08-06 06:33:36.729 30345 30356 I art     : Explicit concurrent mark sweep GC freed 14632(908KB) AllocSpace objects, 0(0B) LOS objects, 32% free, 33MB/49MB, paused 1.085ms total 65.968ms
08-06 06:33:36.729 30345 30355 I art     : WaitForGcToComplete blocked for 40.768ms for cause HeapTrim
08-06 06:33:37.055 30345 31027 I art     : Starting a blocking GC Explicit
08-06 06:33:37.059 28232 28232 I ServiceManager: Waiting for service AtCmdFwd...
08-06 06:33:37.130 30345 31027 I art     : Explicit concurrent mark sweep GC freed 56107(3MB) AllocSpace objects, 6(204KB) LOS objects, 32% free, 33MB/49MB, paused 538us total 74.792ms
08-06 06:33:37.152 30345 31027 I art     : Starting a blocking GC Explicit
08-06 06:33:37.213 30345 31027 I art     : Explicit concurrent mark sweep GC freed 37(1456B) AllocSpace objects, 0(0B) LOS objects, 32% free, 33MB/49MB, paused 501us total 60.921ms
08-06 06:33:37.236 30345 31027 I art     : Starting a blocking GC Explicit
08-06 06:33:37.302 30345 31027 I art     : Explicit concurrent mark sweep GC freed 3(96B) AllocSpace objects, 0(0B) LOS objects, 32% free, 33MB/49MB, paused 533us total 65.532ms
08-06 06:33:37.324 30345 31027 I art     : Starting a blocking GC Explicit
08-06 06:33:37.386 30345 31027 I art     : Explicit concurrent mark sweep GC freed 3(96B) AllocSpace objects, 0(0B) LOS objects, 32% free, 33MB/49MB, paused 606us total 62.412ms
08-06 06:33:37.409 30345 31027 I art     : Starting a blocking GC Explicit
08-06 06:33:37.468 30345 31027 I art     : Explicit concurrent mark sweep GC freed 3(96B) AllocSpace objects, 0(0B) LOS objects, 32% free, 33MB/49MB, paused 739us total 59.525ms
08-06 06:33:37.819 30345 32052 I art     : Starting a blocking GC Explicit
08-06 06:33:37.913 30345 32052 I art     : Explicit concurrent mark sweep GC freed 1354(82KB) AllocSpace objects, 1(20KB) LOS objects, 32% free, 33MB/49MB, paused 660us total 94.247ms
08-06 06:33:37.937 30345 32052 I art     : Starting a blocking GC Explicit
08-06 06:33:38.013 30345 32052 I art     : Explicit concurrent mark sweep GC freed 66(2528B) AllocSpace objects, 0(0B) LOS objects, 32% free, 33MB/49MB, paused 570us total 75.030ms
08-06 06:33:38.035 30345 32052 I art     : Starting a blocking GC Explicit
08-06 06:33:38.060 28232 28232 I ServiceManager: Waiting for service AtCmdFwd...
08-06 06:33:38.112 30345 32052 I art     : Explicit concurrent mark sweep GC freed 3(96B) AllocSpace objects, 0(0B) LOS objects, 32% free, 33MB/49MB, paused 615us total 76.556ms
08-06 06:33:38.134 30345 32052 I art     : Starting a blocking GC Explicit
08-06 06:33:38.210 30345 32052 I art     : Explicit concurrent mark sweep GC freed 3(96B) AllocSpace objects, 0(0B) LOS objects, 32% free, 33MB/49MB, paused 617us total 75.399ms
08-06 06:33:38.233 30345 32052 I art     : Starting a blocking GC Explicit
08-06 06:33:38.307 30345 32052 I art     : Explicit concurrent mark sweep GC freed 3(96B) AllocSpace objects, 0(0B) LOS objects, 32% free, 33MB/49MB, paused 671us total 74.167ms
08-06 06:33:38.677 30345 30357 I art     : Starting a blocking GC Explicit
08-06 06:33:38.768 30345 30357 I art     : Explicit concurrent mark sweep GC freed 1354(82KB) AllocSpace objects, 1(20KB) LOS objects, 32% free, 33MB/49MB, paused 688us total 90.862ms
08-06 06:33:38.792 30345 30357 I art     : Starting a blocking GC Explicit
08-06 06:33:38.871 30345 30357 I art     : Explicit concurrent mark sweep GC freed 20(704B) AllocSpace objects, 0(0B) LOS objects, 32% free, 33MB/49MB, paused 607us total 78.398ms
08-06 06:33:38.896 30345 30357 I art     : Starting a blocking GC Explicit
08-06 06:33:38.973 30345 30357 I art     : Explicit concurrent mark sweep GC freed 3(96B) AllocSpace objects, 0(0B) LOS objects, 32% free, 33MB/49MB, paused 622us total 77.094ms
08-06 06:33:38.998 30345 30357 I art     : Starting a blocking GC Explicit
08-06 06:33:39.061 28232 28232 I ServiceManager: Waiting for service AtCmdFwd...
08-06 06:33:39.079 30345 30357 I art     : Explicit concurrent mark sweep GC freed 3(96B) AllocSpace objects, 0(0B) LOS objects, 32% free, 33MB/49MB, paused 710us total 80.558ms
08-06 06:33:39.103 30345 30357 I art     : Starting a blocking GC Explicit
08-06 06:33:39.136 13866 13882 I PeriodicStatsRunner: PeriodicStatsRunner.call():175 call()
08-06 06:33:39.137 13866 13882 I PeriodicStatsRunner: PeriodicStatsRunner.call():179 No submit PeriodicStats since input started.
08-06 06:33:39.180 30345 30357 I art     : Explicit concurrent mark sweep GC freed 3(96B) AllocSpace objects, 0(0B) LOS objects, 32% free, 33MB/49MB, paused 653us total 75.822ms
08-06 06:33:39.553 30345 30356 I art     : Starting a blocking GC Explicit
08-06 06:33:39.643 30345 30356 I art     : Explicit concurrent mark sweep GC freed 1354(82KB) AllocSpace objects, 1(20KB) LOS objects, 32% free, 33MB/49MB, paused 681us total 89.889ms
08-06 06:33:39.669 30345 30356 I art     : Starting a blocking GC Explicit
08-06 06:33:39.748 30345 30356 I art     : Explicit concurrent mark sweep GC freed 20(704B) AllocSpace objects, 0(0B) LOS objects, 32% free, 33MB/49MB, paused 659us total 78.320ms
08-06 06:33:39.770 30345 30356 I art     : Starting a blocking GC Explicit
08-06 06:33:39.848 30345 30356 I art     : Explicit concurrent mark sweep GC freed 3(96B) AllocSpace objects, 0(0B) LOS objects, 32% free, 33MB/49MB, paused 628us total 77.601ms
08-06 06:33:39.874 30345 30356 I art     : Starting a blocking GC Explicit
08-06 06:33:39.950 30345 30356 I art     : Explicit concurrent mark sweep GC freed 3(96B) AllocSpace objects, 0(0B) LOS objects, 32% free, 33MB/49MB, paused 624us total 75.980ms
08-06 06:33:39.973 30345 30356 I art     : Starting a blocking GC Explicit
08-06 06:33:40.048 30345 30356 I art     : Explicit concurrent mark sweep GC freed 3(96B) AllocSpace objects, 0(0B) LOS objects, 32% free, 33MB/49MB, paused 641us total 74.920ms
08-06 06:33:40.061 28232 28232 W Atfwd_Sendcmd: AtCmdFwd service not published, waiting... retryCnt : 4
08-06 06:33:40.407 30345 30369 I art     : Starting a blocking GC Explicit
08-06 06:33:40.483 30345 30369 I art     : Explicit concurrent mark sweep GC freed 1354(82KB) AllocSpace objects, 1(20KB) LOS objects, 32% free, 33MB/49MB, paused 584us total 75.973ms
08-06 06:33:40.505 30345 30369 I art     : Starting a blocking GC Explicit
08-06 06:33:40.575 30345 30369 I art     : Explicit concurrent mark sweep GC freed 20(704B) AllocSpace objects, 0(0B) LOS objects, 32% free, 33MB/49MB, paused 608us total 69.428ms
08-06 06:33:40.597 30345 30369 I art     : Starting a blocking GC Explicit
08-06 06:33:40.668 30345 30369 I art     : Explicit concurrent mark sweep GC freed 13(352B) AllocSpace objects, 0(0B) LOS objects, 32% free, 33MB/49MB, paused 700us total 70.433ms
08-06 06:33:40.690 30345 30369 I art     : Starting a blocking GC Explicit
08-06 06:33:40.760 30345 30369 I art     : Explicit concurrent mark sweep GC freed 34(1888B) AllocSpace objects, 0(0B) LOS objects, 32% free, 33MB/49MB, paused 627us total 69.720ms
08-06 06:33:40.782 30345 30369 I art     : Starting a blocking GC Explicit
08-06 06:33:40.836 32585 32585 D AndroidRuntime: >>>>>> START com.android.internal.os.RuntimeInit uid 2000 <<<<<<
08-06 06:33:40.842 32585 32585 D AndroidRuntime: CheckJNI is OFF
08-06 06:33:40.854 30345 30369 I art     : Explicit concurrent mark sweep GC freed 9(320B) AllocSpace objects, 0(0B) LOS objects, 32% free, 33MB/49MB, paused 563us total 71.623ms
08-06 06:33:40.890 32585 32585 D ICU     : No timezone override file found: /data/misc/zoneinfo/current/icu/icu_tzdata.dat
08-06 06:33:40.935 32585 32585 I Radio-JNI: register_android_hardware_Radio DONE
08-06 06:33:40.965 32585 32585 D AndroidRuntime: Calling main entry com.android.commands.input.Input
08-06 06:33:40.968 32585 32585 I Input   : injectKeyEvent: KeyEvent { action=ACTION_DOWN, keyCode=KEYCODE_BACK, scanCode=0, metaState=0, flags=0x0, repeatCount=0, eventTime=858837381, downTime=858837381, deviceId=-1, source=0x101 }
08-06 06:33:40.977 32585 32585 I Input   : injectKeyEvent: KeyEvent { action=ACTION_UP, keyCode=KEYCODE_BACK, scanCode=0, metaState=0, flags=0x0, repeatCount=0, eventTime=858837381, downTime=858837381, deviceId=-1, source=0x101 }
08-06 06:33:40.986 32585 32585 D AndroidRuntime: Shutting down VM
08-06 06:33:41.026 13866 13866 I GoogleInputMethodServic: GoogleInputMethodService.onFinishInput():3138 
08-06 06:33:41.027 13866 13866 I GoogleInputMethodServic: GoogleInputMethodService.onStartInput():1808 
08-06 06:33:41.062 30345 32525 I RedditChangeDataIO: Writing tmp data file at '/data/user/0/baseline.org.quantumbadger.redreader/files/rr_change_data_tmp.dat'
08-06 06:33:41.063 30345 32525 I RedditChangeDataManager: Taking snapshot...
08-06 06:33:41.063 30345 32525 I RedditChangeDataManager: Writing to stream...
08-06 06:33:41.063 30345 32525 I RedditChangeDataManager: Wrote 5 entries for user ''
08-06 06:33:41.063 30345 32525 I RedditChangeDataManager: All entries written to stream.
08-06 06:33:41.063 30345 32525 I RedditChangeDataIO: Write successful. Atomically replacing data file...
08-06 06:33:41.064 30345 32525 I RedditChangeDataIO: Write complete.
08-06 06:33:41.064 30345 32525 I RedditChangeDataIO: 134 bytes written in 2 ms
08-06 06:33:41.175 30345 32052 I art     : Starting a blocking GC Explicit
08-06 06:33:41.188 13866 13882 I PeriodicStatsRunner: PeriodicStatsRunner.call():175 call()
08-06 06:33:41.188 13866 13882 I PeriodicStatsRunner: PeriodicStatsRunner.call():179 No submit PeriodicStats since input started.
08-06 06:33:41.256 30345 32052 I art     : Explicit concurrent mark sweep GC freed 1709(97KB) AllocSpace objects, 2(88KB) LOS objects, 32% free, 33MB/49MB, paused 650us total 80.738ms
08-06 06:33:41.279 30345 32052 I art     : Starting a blocking GC Explicit
08-06 06:33:41.329   380   380 W SurfaceFlinger: couldn't log to binary event log: overflow.
08-06 06:33:41.344 30345 32052 I art     : Explicit concurrent mark sweep GC freed 69(2352B) AllocSpace objects, 0(0B) LOS objects, 32% free, 33MB/49MB, paused 528us total 64.392ms
08-06 06:33:41.365 30345 32052 I art     : Starting a blocking GC Explicit
08-06 06:33:41.427 30345 32052 I art     : Explicit concurrent mark sweep GC freed 23(992B) AllocSpace objects, 0(0B) LOS objects, 32% free, 33MB/49MB, paused 667us total 62.489ms
08-06 06:33:41.449 30345 32052 I art     : Starting a blocking GC Explicit
08-06 06:33:41.501 30345 32052 I art     : Explicit concurrent mark sweep GC freed 76491(4MB) AllocSpace objects, 5(140KB) LOS objects, 35% free, 29MB/45MB, paused 548us total 51.720ms
08-06 06:33:41.519 30345 32052 I art     : Starting a blocking GC Explicit
08-06 06:33:41.561 30345 32052 I art     : Explicit concurrent mark sweep GC freed 3(96B) AllocSpace objects, 0(0B) LOS objects, 35% free, 29MB/45MB, paused 571us total 42.184ms
08-06 06:33:41.888 30345 30369 I art     : Starting a blocking GC Explicit
08-06 06:33:41.950 30345 30369 I art     : Explicit concurrent mark sweep GC freed 1387(84KB) AllocSpace objects, 1(20KB) LOS objects, 35% free, 29MB/45MB, paused 591us total 60.764ms
08-06 06:33:41.972 30345 30369 I art     : Starting a blocking GC Explicit
08-06 06:33:42.019 30345 30369 I art     : Explicit concurrent mark sweep GC freed 226(35KB) AllocSpace objects, 0(0B) LOS objects, 35% free, 29MB/45MB, paused 560us total 46.499ms
08-06 06:33:42.037 30345 30369 I art     : Starting a blocking GC Explicit
08-06 06:33:42.083 30345 30369 I art     : Explicit concurrent mark sweep GC freed 68(2272B) AllocSpace objects, 0(0B) LOS objects, 35% free, 29MB/45MB, paused 513us total 46.014ms
08-06 06:33:42.102 30345 30369 I art     : Starting a blocking GC Explicit
08-06 06:33:42.148 30345 30369 I art     : Explicit concurrent mark sweep GC freed 3(96B) AllocSpace objects, 0(0B) LOS objects, 35% free, 29MB/45MB, paused 552us total 46.022ms
08-06 06:33:42.148 30345 30355 I art     : WaitForGcToComplete blocked for 17.934ms for cause HeapTrim
08-06 06:33:42.167 30345 30369 I art     : Starting a blocking GC Explicit
08-06 06:33:42.215 30345 30369 I art     : Explicit concurrent mark sweep GC freed 3(96B) AllocSpace objects, 0(0B) LOS objects, 35% free, 29MB/45MB, paused 566us total 47.854ms
08-06 06:33:42.536 30345 31027 I art     : Starting a blocking GC Explicit
08-06 06:33:42.590 30345 31027 I art     : Explicit concurrent mark sweep GC freed 1355(82KB) AllocSpace objects, 1(20KB) LOS objects, 35% free, 29MB/45MB, paused 543us total 53.911ms
08-06 06:33:42.609 30345 31027 I art     : Starting a blocking GC Explicit
08-06 06:33:42.655 30345 31027 I art     : Explicit concurrent mark sweep GC freed 20(704B) AllocSpace objects, 0(0B) LOS objects, 35% free, 29MB/45MB, paused 564us total 45.877ms
08-06 06:33:42.674 30345 31027 I art     : Starting a blocking GC Explicit
08-06 06:33:42.721 30345 31027 I art     : Explicit concurrent mark sweep GC freed 3(96B) AllocSpace objects, 0(0B) LOS objects, 35% free, 29MB/45MB, paused 519us total 47.147ms
08-06 06:33:42.740 30345 31027 I art     : Starting a blocking GC Explicit
08-06 06:33:42.783 30345 31027 I art     : Explicit concurrent mark sweep GC freed 5(160B) AllocSpace objects, 0(0B) LOS objects, 35% free, 29MB/45MB, paused 554us total 43.148ms
08-06 06:33:42.787 32623 32623 D AndroidRuntime: >>>>>> START com.android.internal.os.RuntimeInit uid 2000 <<<<<<
08-06 06:33:42.793 32623 32623 D AndroidRuntime: CheckJNI is OFF
08-06 06:33:42.801 30345 31027 I art     : Starting a blocking GC Explicit
08-06 06:33:42.836 32623 32623 D ICU     : No timezone override file found: /data/misc/zoneinfo/current/icu/icu_tzdata.dat
08-06 06:33:42.848 30345 31027 I art     : Explicit concurrent mark sweep GC freed 3(96B) AllocSpace objects, 0(0B) LOS objects, 35% free, 29MB/45MB, paused 578us total 46.103ms
08-06 06:33:42.885 32623 32623 I Radio-JNI: register_android_hardware_Radio DONE
08-06 06:33:42.913 32623 32623 D AndroidRuntime: Calling main entry com.android.commands.input.Input
08-06 06:33:42.916 32623 32623 I Input   : injectMotionEvent: MotionEvent { action=ACTION_DOWN, actionButton=0, id[0]=0, x[0]=600.0, y[0]=580.0, toolType[0]=TOOL_TYPE_UNKNOWN, buttonState=0, metaState=0, flags=0x0, edgeFlags=0x0, pointerCount=1, historySize=0, eventTime=858839328, downTime=858839328, deviceId=0, source=0x1002 }
08-06 06:33:42.923 32623 32623 I Input   : injectMotionEvent: MotionEvent { action=ACTION_UP, actionButton=0, id[0]=0, x[0]=600.0, y[0]=580.0, toolType[0]=TOOL_TYPE_UNKNOWN, buttonState=0, metaState=0, flags=0x0, edgeFlags=0x0, pointerCount=1, historySize=0, eventTime=858839328, downTime=858839328, deviceId=0, source=0x1002 }
08-06 06:33:42.925 32623 32623 D AndroidRuntime: Shutting down VM
08-06 06:33:42.940   512  2967 D audio_hw_primary: out_set_parameters: enter: usecase(1: low-latency-playback) kvpairs: routing=2
08-06 06:33:42.940   918  3359 I ActivityManager: START u0 {cmp=baseline.org.quantumbadger.redreader/.activities.WebViewActivity (has extras)} from uid 10705 on display 0
08-06 06:33:42.953   512  2967 D audio_hw_primary: select_devices: out_snd_device(2: speaker) in_snd_device(0: none)
08-06 06:33:42.953   512  2967 D msm8974_platform: platform_send_audio_calibration: sending audio calibration for snd_device(2) acdb_id(15)
08-06 06:33:42.953   512  2967 I soundtrigger: audio_extn_sound_trigger_update_device_status: device 0x2 of type 0 for Event 1
08-06 06:33:42.964   512  2967 D audio_hw_primary: enable_snd_device: snd_device(2: speaker)
08-06 06:33:42.965 30345 30345 I AppCompatViewInflater: app:theme is now deprecated. Please move to using android:theme instead.
08-06 06:33:42.966   512  2967 D audio_hw_primary: enable_audio_route: apply and update mixer path: low-latency-playback speaker
08-06 06:33:42.988   918  4400 D ConnectivityService: listenForNetwork for Listen from uid/pid:10705/30345 for NetworkRequest [ id=3900, legacyType=-1, [ Capabilities: INTERNET&NOT_RESTRICTED&TRUSTED] ]
08-06 06:33:43.098   918   936 I ActivityManager: Displayed baseline.org.quantumbadger.redreader/.activities.WebViewActivity: +148ms
08-06 06:33:43.101 13866 13866 I GoogleInputMethodServic: GoogleInputMethodService.onFinishInput():3138 
08-06 06:33:43.102 13866 13866 I GoogleInputMethodServic: GoogleInputMethodService.onStartInput():1808 
08-06 06:33:43.164 30345 32052 I art     : Starting a blocking GC Explicit
08-06 06:33:43.209 30345 32052 I art     : Explicit concurrent mark sweep GC freed 5910(312KB) AllocSpace objects, 1(20KB) LOS objects, 35% free, 29MB/45MB, paused 590us total 45.103ms
08-06 06:33:43.229 30345 32052 I art     : Starting a blocking GC Explicit
08-06 06:33:43.280 30345 32052 I art     : Explicit concurrent mark sweep GC freed 543(29KB) AllocSpace objects, 0(0B) LOS objects, 35% free, 29MB/45MB, paused 580us total 50.224ms
08-06 06:33:43.300 30345 32052 I art     : Starting a blocking GC Explicit
08-06 06:33:43.348   380   380 W SurfaceFlinger: couldn't log to binary event log: overflow.
08-06 06:33:43.356 30345 32052 I art     : Explicit concurrent mark sweep GC freed 3(96B) AllocSpace objects, 0(0B) LOS objects, 35% free, 29MB/45MB, paused 544us total 54.941ms
08-06 06:33:43.379 30345 32052 I art     : Starting a blocking GC Explicit
08-06 06:33:43.419 30345 32052 I art     : Explicit concurrent mark sweep GC freed 13(496B) AllocSpace objects, 0(0B) LOS objects, 35% free, 29MB/45MB, paused 493us total 39.604ms
08-06 06:33:43.437 30345 32052 I art     : Starting a blocking GC Explicit
08-06 06:33:43.477 30345 32052 I art     : Explicit concurrent mark sweep GC freed 421(26KB) AllocSpace objects, 0(0B) LOS objects, 35% free, 29MB/45MB, paused 603us total 40.335ms
08-06 06:33:43.509   512  2967 D audio_hw_primary: disable_audio_route: reset and update mixer path: low-latency-playback speaker
08-06 06:33:43.510   512  2967 D audio_hw_primary: disable_snd_device: snd_device(2: speaker)
08-06 06:33:43.520   512  2967 I soundtrigger: audio_extn_sound_trigger_update_device_status: device 0x2 of type 0 for Event 0
08-06 06:33:43.831 30345 30356 I art     : Starting a blocking GC Explicit
08-06 06:33:43.881 30345 30356 I art     : Explicit concurrent mark sweep GC freed 1875(108KB) AllocSpace objects, 1(20KB) LOS objects, 35% free, 29MB/45MB, paused 583us total 49.944ms
08-06 06:33:43.903 30345 30356 I art     : Starting a blocking GC Explicit
08-06 06:33:43.958 30345 30356 I art     : Explicit concurrent mark sweep GC freed 31(1024B) AllocSpace objects, 0(0B) LOS objects, 35% free, 29MB/45MB, paused 848us total 54.462ms
08-06 06:33:43.977 30345 30356 I art     : Starting a blocking GC Explicit
08-06 06:33:44.021 30345 30356 I art     : Explicit concurrent mark sweep GC freed 10(320B) AllocSpace objects, 0(0B) LOS objects, 35% free, 29MB/45MB, paused 487us total 43.616ms
08-06 06:33:44.040 30345 30356 I art     : Starting a blocking GC Explicit
08-06 06:33:44.086 30345 30356 I art     : Explicit concurrent mark sweep GC freed 9(288B) AllocSpace objects, 0(0B) LOS objects, 35% free, 29MB/45MB, paused 1.730ms total 45.487ms
08-06 06:33:44.103 30345 30356 I art     : Starting a blocking GC Explicit
08-06 06:33:44.148 30345 30356 I art     : Explicit concurrent mark sweep GC freed 11(352B) AllocSpace objects, 0(0B) LOS objects, 35% free, 29MB/45MB, paused 639us total 44.622ms
08-06 06:33:44.528 30345 32052 I art     : Starting a blocking GC Explicit
08-06 06:33:44.583 30345 32052 I art     : Explicit concurrent mark sweep GC freed 1407(84KB) AllocSpace objects, 1(20KB) LOS objects, 35% free, 29MB/45MB, paused 616us total 54.395ms
08-06 06:33:44.605 30345 32052 I art     : Starting a blocking GC Explicit
08-06 06:33:44.662 30345 32052 I art     : Explicit concurrent mark sweep GC freed 33(1120B) AllocSpace objects, 0(0B) LOS objects, 35% free, 29MB/45MB, paused 719us total 56.509ms
08-06 06:33:44.683 30345 32052 I art     : Starting a blocking GC Explicit
08-06 06:33:44.687 30345 30345 I chromium: [INFO:CONSOLE(1)] "
08-06 06:33:44.687 30345 30345 I chromium:                   ,d"=,.,qOp,
08-06 06:33:44.687 30345 30345 I chromium:                  ,7'  ''$(  )
08-06 06:33:44.687 30345 30345 I chromium:                 ,7'      '?q$7'
08-06 06:33:44.687 30345 30345 I chromium:              ..,$$,.
08-06 06:33:44.687 30345 30345 I chromium:    ,.  .,,--***""***--,,.  .,
08-06 06:33:44.687 30345 30345 I chromium:     ,p''              ''q,   
08-06 06:33:44.687 30345 30345 I chromium: :  ,7'                      '7,  :
08-06 06:33:44.687 30345 30345 I chromium:  ' $      ,db,      ,db,      $ '
08-06 06:33:44.687 30345 30345 I chromium:   '$      $$      $$      $'    Using Reddit at work? Work for Reddit.
08-06 06:33:44.687 30345 30345 I chromium:   '$                          $'        https://www.reddit.com/jobs
08-06 06:33:44.687 30345 30345 I chromium:    '$.     .,        ,.     .$'
08-06 06:33:44.687 30345 30345 I chromium:     'b,     ''     ,d'
08-06 06:33:44.687 30345 30345 I chromium:      '?bn,,          ,,nd?'
08-06 06:33:44.687 30345 30345 I chromium:        ,7$ '''' $7,
08-06 06:33:44.687 30345 30345 I chromium:      , $              $ ,
08-06 06:33:44.687 30345 30345 I chromium:      $  :$              $:  $
08-06 06:33:44.687 30345 30345 I chromium:      $   $              $   $
08-06 06:33:44.687 30345 30345 I chromium:      'b  q:            :p  d'
08-06 06:33:44.687 30345 30345 I chromium:       '?$.          .$?'
08-06 06:33:44.687 30345 30345 I chromium:          'b            d'
08-06 06:33:44.687 30345 30345 I chromium:        ,'?,.      .,?',
08-06 06:33:44.687 30345 30345 I chromium:       ==--==--==--==
08-06 06:33:44.687 30345 30345 I chromium: ", source: https://www.redditstatic.com/desktop2x/Chat~Governance~Reddit.2ea93b134a9b2e5b1d9a.js (1)
08-06 06:33:44.738 30345 32052 I art     : Explicit concurrent mark sweep GC freed 22(2880B) AllocSpace objects, 0(0B) LOS objects, 35% free, 29MB/45MB, paused 995us total 53.792ms
08-06 06:33:44.757 30345 32052 I art     : Starting a blocking GC Explicit
08-06 06:33:44.806 30345 32052 I art     : Explicit concurrent mark sweep GC freed 22(704B) AllocSpace objects, 0(0B) LOS objects, 35% free, 29MB/45MB, paused 489us total 48.650ms
08-06 06:33:44.825 30345 32052 I art     : Starting a blocking GC Explicit
08-06 06:33:44.873 30345 32052 I art     : Explicit concurrent mark sweep GC freed 19(608B) AllocSpace objects, 0(0B) LOS objects, 35% free, 29MB/45MB, paused 471us total 48.498ms
08-06 06:33:45.247 30345 32052 I art     : Starting a blocking GC Explicit
08-06 06:33:45.297 30345 32052 I art     : Explicit concurrent mark sweep GC freed 1371(83KB) AllocSpace objects, 1(20KB) LOS objects, 35% free, 29MB/45MB, paused 647us total 50.014ms
08-06 06:33:45.316 30345 32052 I art     : Starting a blocking GC Explicit
08-06 06:33:45.359 30345 32052 I art     : Explicit concurrent mark sweep GC freed 22(768B) AllocSpace objects, 0(0B) LOS objects, 35% free, 29MB/45MB, paused 481us total 41.875ms
08-06 06:33:45.379 30345 32052 I art     : Starting a blocking GC Explicit
08-06 06:33:45.424 30345 32052 I art     : Explicit concurrent mark sweep GC freed 3(96B) AllocSpace objects, 0(0B) LOS objects, 35% free, 29MB/45MB, paused 538us total 45.122ms
08-06 06:33:45.443 30345 32052 I art     : Starting a blocking GC Explicit
08-06 06:33:45.488 30345 32052 I art     : Explicit concurrent mark sweep GC freed 3(96B) AllocSpace objects, 0(0B) LOS objects, 35% free, 29MB/45MB, paused 627us total 44.621ms
08-06 06:33:45.505 30345 32052 I art     : Starting a blocking GC Explicit
08-06 06:33:45.551 30345 32052 I art     : Explicit concurrent mark sweep GC freed 3(96B) AllocSpace objects, 0(0B) LOS objects, 35% free, 29MB/45MB, paused 535us total 45.595ms
08-06 06:33:45.920 30345 31027 I art     : Starting a blocking GC Explicit
08-06 06:33:45.989 30345 31027 I art     : Explicit concurrent mark sweep GC freed 1566(94KB) AllocSpace objects, 1(20KB) LOS objects, 35% free, 29MB/45MB, paused 622us total 68.819ms
08-06 06:33:46.006 30345 31027 I art     : Starting a blocking GC Explicit
08-06 06:33:46.026 13866 13882 I PeriodicStatsRunner: PeriodicStatsRunner.call():175 call()
08-06 06:33:46.027 13866 13882 I PeriodicStatsRunner: PeriodicStatsRunner.call():179 No submit PeriodicStats since input started.
08-06 06:33:46.052 30345 31027 I art     : Explicit concurrent mark sweep GC freed 20(704B) AllocSpace objects, 0(0B) LOS objects, 35% free, 29MB/45MB, paused 546us total 45.138ms
08-06 06:33:46.069 30345 31027 I art     : Starting a blocking GC Explicit
08-06 06:33:46.109 30345 31027 I art     : Explicit concurrent mark sweep GC freed 3(96B) AllocSpace objects, 0(0B) LOS objects, 35% free, 29MB/45MB, paused 488us total 39.388ms
08-06 06:33:46.127 30345 31027 I art     : Starting a blocking GC Explicit
08-06 06:33:46.168 30345 31027 I art     : Explicit concurrent mark sweep GC freed 6(176B) AllocSpace objects, 0(0B) LOS objects, 35% free, 29MB/45MB, paused 528us total 40.965ms
08-06 06:33:46.185 30345 31027 I art     : Starting a blocking GC Explicit
08-06 06:33:46.228 30345 31027 I art     : Explicit concurrent mark sweep GC freed 13(2560B) AllocSpace objects, 0(0B) LOS objects, 35% free, 29MB/45MB, paused 475us total 43.460ms
08-06 06:33:46.617 30345 32052 I art     : Starting a blocking GC Explicit
08-06 06:33:46.671 30345 32052 I art     : Explicit concurrent mark sweep GC freed 1355(82KB) AllocSpace objects, 1(20KB) LOS objects, 35% free, 29MB/45MB, paused 534us total 54.070ms
08-06 06:33:46.690 30345 32052 I art     : Starting a blocking GC Explicit
08-06 06:33:46.737 30345 32052 I art     : Explicit concurrent mark sweep GC freed 20(704B) AllocSpace objects, 0(0B) LOS objects, 35% free, 29MB/45MB, paused 516us total 46.417ms
08-06 06:33:46.760   518   646 I ThermalEngine: ACTION: GPU - Setting GPU[0] to 390000000
08-06 06:33:46.766 30345 32052 I art     : Starting a blocking GC Explicit
08-06 06:33:46.823 30345 32052 I art     : Explicit concurrent mark sweep GC freed 49(2656B) AllocSpace objects, 0(0B) LOS objects, 35% free, 29MB/45MB, paused 921us total 56.989ms
08-06 06:33:46.852 30345 32052 I art     : Starting a blocking GC Explicit
08-06 06:33:46.909 30345 32052 I art     : Explicit concurrent mark sweep GC freed 3(96B) AllocSpace objects, 0(0B) LOS objects, 35% free, 29MB/45MB, paused 984us total 56.972ms
08-06 06:33:46.937 30345 32052 I art     : Starting a blocking GC Explicit
08-06 06:33:46.997 30345 32052 I art     : Explicit concurrent mark sweep GC freed 3(96B) AllocSpace objects, 0(0B) LOS objects, 35% free, 29MB/45MB, paused 786us total 59.724ms
08-06 06:33:47.398 30345 32052 I art     : Starting a blocking GC Explicit
08-06 06:33:47.460 30345 32052 I art     : Explicit concurrent mark sweep GC freed 1355(82KB) AllocSpace objects, 1(20KB) LOS objects, 35% free, 29MB/45MB, paused 780us total 61.295ms
08-06 06:33:47.482 30345 32052 I art     : Starting a blocking GC Explicit
08-06 06:33:47.547 30345 32052 I art     : Explicit concurrent mark sweep GC freed 20(704B) AllocSpace objects, 0(0B) LOS objects, 35% free, 29MB/45MB, paused 1.574ms total 64.532ms
08-06 06:33:47.572 30345 32052 I art     : Starting a blocking GC Explicit
08-06 06:33:47.630 30345 32052 I art     : Explicit concurrent mark sweep GC freed 3(96B) AllocSpace objects, 0(0B) LOS objects, 35% free, 29MB/45MB, paused 907us total 57.447ms
08-06 06:33:47.662 30345 32052 I art     : Starting a blocking GC Explicit
08-06 06:33:47.720 30345 32052 I art     : Explicit concurrent mark sweep GC freed 3(96B) AllocSpace objects, 0(0B) LOS objects, 35% free, 29MB/45MB, paused 863us total 57.978ms
08-06 06:33:47.752 30345 32052 I art     : Starting a blocking GC Explicit
08-06 06:33:47.809 30345 32052 I art     : Explicit concurrent mark sweep GC freed 3(96B) AllocSpace objects, 0(0B) LOS objects, 35% free, 29MB/45MB, paused 1.279ms total 57.103ms
08-06 06:33:47.838 32714 32714 D AndroidRuntime: >>>>>> START com.android.internal.os.RuntimeInit uid 2000 <<<<<<
08-06 06:33:47.848 32714 32714 D AndroidRuntime: CheckJNI is OFF
08-06 06:33:47.899 32714 32714 D ICU     : No timezone override file found: /data/misc/zoneinfo/current/icu/icu_tzdata.dat
08-06 06:33:47.954 30345 32648 I RedditChangeDataIO: Writing tmp data file at '/data/user/0/baseline.org.quantumbadger.redreader/files/rr_change_data_tmp.dat'
08-06 06:33:47.955 30345 32648 I RedditChangeDataManager: Taking snapshot...
08-06 06:33:47.955 30345 32648 I RedditChangeDataManager: Writing to stream...
08-06 06:33:47.955 30345 32648 I RedditChangeDataManager: Wrote 5 entries for user ''
08-06 06:33:47.956 30345 32648 I RedditChangeDataManager: All entries written to stream.
08-06 06:33:47.956 30345 32648 I RedditChangeDataIO: Write successful. Atomically replacing data file...
08-06 06:33:47.961 30345 32648 I RedditChangeDataIO: Write complete.
08-06 06:33:47.961 30345 32648 I RedditChangeDataIO: 134 bytes written in 7 ms
08-06 06:33:47.970 32714 32714 I Radio-JNI: register_android_hardware_Radio DONE
08-06 06:33:48.005 32714 32714 D AndroidRuntime: Calling main entry com.android.commands.input.Input
08-06 06:33:48.006 32714 32714 I Input   : injectKeyEvent: KeyEvent { action=ACTION_DOWN, keyCode=KEYCODE_BACK, scanCode=0, metaState=0, flags=0x0, repeatCount=0, eventTime=858844419, downTime=858844419, deviceId=-1, source=0x101 }
08-06 06:33:48.014 32714 32714 I Input   : injectKeyEvent: KeyEvent { action=ACTION_UP, keyCode=KEYCODE_BACK, scanCode=0, metaState=0, flags=0x0, repeatCount=0, eventTime=858844419, downTime=858844419, deviceId=-1, source=0x101 }
08-06 06:33:48.029 32714 32714 D AndroidRuntime: Shutting down VM
08-06 06:33:48.071 13866 13866 I GoogleInputMethodServic: GoogleInputMethodService.onFinishInput():3138 
08-06 06:33:48.074 13866 13866 I GoogleInputMethodServic: GoogleInputMethodService.onStartInput():1808 
08-06 06:33:48.102 13866 13882 I PeriodicStatsRunner: PeriodicStatsRunner.call():175 call()
08-06 06:33:48.105 13866 13882 I PeriodicStatsRunner: PeriodicStatsRunner.call():179 No submit PeriodicStats since input started.
08-06 06:33:48.250 30345 30357 I art     : Starting a blocking GC Explicit
08-06 06:33:48.312 30345 30357 I art     : Explicit concurrent mark sweep GC freed 1707(96KB) AllocSpace objects, 2(88KB) LOS objects, 35% free, 29MB/45MB, paused 1.066ms total 61.509ms
08-06 06:33:48.340 30345 30357 I art     : Starting a blocking GC Explicit
08-06 06:33:48.387   380   380 W SurfaceFlinger: couldn't log to binary event log: overflow.
08-06 06:33:48.404 30345 30357 I art     : Explicit concurrent mark sweep GC freed 78(2816B) AllocSpace objects, 0(0B) LOS objects, 35% free, 29MB/45MB, paused 942us total 63.861ms
08-06 06:33:48.425   918  3263 D ConnectivityService: releasing NetworkRequest NetworkRequest [ id=3900, legacyType=-1, [ Capabilities: INTERNET&NOT_RESTRICTED&TRUSTED] ]
08-06 06:33:48.434 30345 30357 I art     : Starting a blocking GC Explicit
08-06 06:33:48.516 30345 30357 I art     : Explicit concurrent mark sweep GC freed 823(37KB) AllocSpace objects, 0(0B) LOS objects, 35% free, 29MB/45MB, paused 769us total 74.148ms
08-06 06:33:48.561 30345 30357 I art     : Starting a blocking GC Explicit
08-06 06:33:48.614 30345 30357 I art     : Explicit concurrent mark sweep GC freed 2091(123KB) AllocSpace objects, 1(28KB) LOS objects, 35% free, 29MB/45MB, paused 814us total 53.205ms
08-06 06:33:48.639 30345 30357 I art     : Starting a blocking GC Explicit
08-06 06:33:48.697 30345 30357 I art     : Explicit concurrent mark sweep GC freed 3(96B) AllocSpace objects, 0(0B) LOS objects, 35% free, 29MB/45MB, paused 724us total 57.845ms
08-06 06:33:49.089 30345 32052 I art     : Starting a blocking GC Explicit
08-06 06:33:49.155 30345 32052 I art     : Explicit concurrent mark sweep GC freed 1355(82KB) AllocSpace objects, 1(20KB) LOS objects, 35% free, 29MB/45MB, paused 841us total 66.337ms
08-06 06:33:49.186 30345 32052 I art     : Starting a blocking GC Explicit
08-06 06:33:49.248 30345 32052 I art     : Explicit concurrent mark sweep GC freed 20(704B) AllocSpace objects, 0(0B) LOS objects, 35% free, 29MB/45MB, paused 724us total 61.520ms
08-06 06:33:49.273 30345 32052 I art     : Starting a blocking GC Explicit
08-06 06:33:49.329 30345 32052 I art     : Explicit concurrent mark sweep GC freed 3(96B) AllocSpace objects, 0(0B) LOS objects, 35% free, 29MB/45MB, paused 833us total 55.661ms
08-06 06:33:49.353 30345 32052 I art     : Starting a blocking GC Explicit
08-06 06:33:49.408 30345 32052 I art     : Explicit concurrent mark sweep GC freed 3(96B) AllocSpace objects, 0(0B) LOS objects, 35% free, 29MB/45MB, paused 1.001ms total 55.322ms
08-06 06:33:49.433 30345 32052 I art     : Starting a blocking GC Explicit
08-06 06:33:49.490 30345 32052 I art     : Explicit concurrent mark sweep GC freed 3(96B) AllocSpace objects, 0(0B) LOS objects, 35% free, 29MB/45MB, paused 829us total 56.694ms
08-06 06:33:49.765   518   646 I ThermalEngine: ACTION: GPU - Setting GPU[0] to 450000000
08-06 06:33:49.843 30345 30356 I art     : Starting a blocking GC Explicit
08-06 06:33:49.897 30345 30356 I art     : Explicit concurrent mark sweep GC freed 1354(82KB) AllocSpace objects, 1(20KB) LOS objects, 35% free, 29MB/45MB, paused 561us total 53.703ms
08-06 06:33:49.899 32755 32755 D AndroidRuntime: >>>>>> START com.android.internal.os.RuntimeInit uid 2000 <<<<<<
08-06 06:33:49.905 32755 32755 D AndroidRuntime: CheckJNI is OFF
08-06 06:33:49.915 30345 30356 I art     : Starting a blocking GC Explicit
08-06 06:33:49.950 32755 32755 D ICU     : No timezone override file found: /data/misc/zoneinfo/current/icu/icu_tzdata.dat
08-06 06:33:49.962 30345 30356 I art     : Explicit concurrent mark sweep GC freed 20(704B) AllocSpace objects, 0(0B) LOS objects, 35% free, 29MB/45MB, paused 562us total 46.064ms
08-06 06:33:49.980 30345 30356 I art     : Starting a blocking GC Explicit
08-06 06:33:50.000 32755 32755 I Radio-JNI: register_android_hardware_Radio DONE
08-06 06:33:50.023 30345 30356 I art     : Explicit concurrent mark sweep GC freed 3(96B) AllocSpace objects, 0(0B) LOS objects, 35% free, 29MB/45MB, paused 504us total 42.873ms
08-06 06:33:50.029 32755 32755 D AndroidRuntime: Calling main entry com.android.commands.input.Input
08-06 06:33:50.031 32755 32755 I Input   : injectKeyEvent: KeyEvent { action=ACTION_DOWN, keyCode=KEYCODE_BACK, scanCode=0, metaState=0, flags=0x0, repeatCount=0, eventTime=858846444, downTime=858846444, deviceId=-1, source=0x101 }
08-06 06:33:50.037 32755 32755 I Input   : injectKeyEvent: KeyEvent { action=ACTION_UP, keyCode=KEYCODE_BACK, scanCode=0, metaState=0, flags=0x0, repeatCount=0, eventTime=858846444, downTime=858846444, deviceId=-1, source=0x101 }
08-06 06:33:50.040 30345 30356 I art     : Starting a blocking GC Explicit
08-06 06:33:50.043 32755 32755 D AndroidRuntime: Shutting down VM
08-06 06:33:50.081 30345 30356 I art     : Explicit concurrent mark sweep GC freed 113(3KB) AllocSpace objects, 0(0B) LOS objects, 35% free, 29MB/45MB, paused 494us total 40.730ms
08-06 06:33:50.084 13866 13866 I GoogleInputMethodServic: GoogleInputMethodService.onFinishInput():3138 
08-06 06:33:50.085 13866 13866 I GoogleInputMethodServic: GoogleInputMethodService.onStartInput():1808 
08-06 06:33:50.100 30345 30356 I art     : Starting a blocking GC Explicit
08-06 06:33:50.141 30345 30356 I art     : Explicit concurrent mark sweep GC freed 56(2016B) AllocSpace objects, 0(0B) LOS objects, 35% free, 29MB/45MB, paused 485us total 40.680ms
08-06 06:33:50.458 30345 30369 I art     : Starting a blocking GC Explicit
08-06 06:33:50.507 30345 30369 I art     : Explicit concurrent mark sweep GC freed 1433(85KB) AllocSpace objects, 1(20KB) LOS objects, 35% free, 29MB/45MB, paused 556us total 48.082ms
08-06 06:33:50.525 30345 30369 I art     : Starting a blocking GC Explicit
08-06 06:33:50.572 30345 30369 I art     : Explicit concurrent mark sweep GC freed 150(7KB) AllocSpace objects, 0(0B) LOS objects, 35% free, 29MB/45MB, paused 549us total 46.856ms
08-06 06:33:50.591 30345 30369 I art     : Starting a blocking GC Explicit
08-06 06:33:50.638 30345 30369 I art     : Explicit concurrent mark sweep GC freed 3(96B) AllocSpace objects, 0(0B) LOS objects, 35% free, 29MB/45MB, paused 521us total 47.040ms
08-06 06:33:50.657 30345 30369 I art     : Starting a blocking GC Explicit
08-06 06:33:50.704 30345 30369 I art     : Explicit concurrent mark sweep GC freed 3(96B) AllocSpace objects, 0(0B) LOS objects, 35% free, 29MB/45MB, paused 552us total 47.075ms
08-06 06:33:50.723 30345 30369 I art     : Starting a blocking GC Explicit
08-06 06:33:50.770 30345 30369 I art     : Explicit concurrent mark sweep GC freed 3(96B) AllocSpace objects, 0(0B) LOS objects, 35% free, 29MB/45MB, paused 549us total 46.806ms
08-06 06:33:51.116 30345 31027 I art     : Starting a blocking GC Explicit
08-06 06:33:51.173 30345 31027 I art     : Explicit concurrent mark sweep GC freed 1354(82KB) AllocSpace objects, 1(20KB) LOS objects, 35% free, 29MB/45MB, paused 635us total 57.023ms
08-06 06:33:51.195 30345 31027 I art     : Starting a blocking GC Explicit
08-06 06:33:51.244 30345 31027 I art     : Explicit concurrent mark sweep GC freed 20(704B) AllocSpace objects, 0(0B) LOS objects, 35% free, 29MB/45MB, paused 536us total 49.246ms
08-06 06:33:51.263 30345 31027 I art     : Starting a blocking GC Explicit
08-06 06:33:51.309 30345 31027 I art     : Explicit concurrent mark sweep GC freed 3(96B) AllocSpace objects, 0(0B) LOS objects, 35% free, 29MB/45MB, paused 578us total 45.489ms
08-06 06:33:51.327 30345 31027 I art     : Starting a blocking GC Explicit
08-06 06:33:51.372 30345 31027 I art     : Explicit concurrent mark sweep GC freed 3(96B) AllocSpace objects, 0(0B) LOS objects, 35% free, 29MB/45MB, paused 520us total 44.690ms
08-06 06:33:51.390 30345 31027 I art     : Starting a blocking GC Explicit
08-06 06:33:51.435 30345 31027 I art     : Explicit concurrent mark sweep GC freed 3(96B) AllocSpace objects, 0(0B) LOS objects, 35% free, 29MB/45MB, paused 541us total 45.094ms
08-06 06:33:51.760 30345 30356 I art     : Starting a blocking GC Explicit
08-06 06:33:51.819 30345 30356 I art     : Explicit concurrent mark sweep GC freed 1354(82KB) AllocSpace objects, 1(20KB) LOS objects, 35% free, 29MB/45MB, paused 800us total 59.082ms
08-06 06:33:51.829   390   390 D AndroidRuntime: >>>>>> START com.android.internal.os.RuntimeInit uid 2000 <<<<<<
08-06 06:33:51.836   390   390 D AndroidRuntime: CheckJNI is OFF
08-06 06:33:51.838 30345 30356 I art     : Starting a blocking GC Explicit
08-06 06:33:51.878   390   390 D ICU     : No timezone override file found: /data/misc/zoneinfo/current/icu/icu_tzdata.dat
08-06 06:33:51.882 30345 30356 I art     : Explicit concurrent mark sweep GC freed 20(704B) AllocSpace objects, 0(0B) LOS objects, 35% free, 29MB/45MB, paused 602us total 43.916ms
08-06 06:33:51.900 30345 30356 I art     : Starting a blocking GC Explicit
08-06 06:33:51.922   390   390 I Radio-JNI: register_android_hardware_Radio DONE
08-06 06:33:51.947 30345 30356 I art     : Explicit concurrent mark sweep GC freed 3(96B) AllocSpace objects, 0(0B) LOS objects, 35% free, 29MB/45MB, paused 621us total 46.350ms
08-06 06:33:51.952   390   390 D AndroidRuntime: Calling main entry com.android.commands.input.Input
08-06 06:33:51.953   390   390 I Input   : injectMotionEvent: MotionEvent { action=ACTION_DOWN, actionButton=0, id[0]=0, x[0]=600.0, y[0]=1000.0, toolType[0]=TOOL_TYPE_UNKNOWN, buttonState=0, metaState=0, flags=0x0, edgeFlags=0x0, pointerCount=1, historySize=0, eventTime=858848366, downTime=858848366, deviceId=0, source=0x1002 }
08-06 06:33:51.961   390   390 I Input   : injectMotionEvent: MotionEvent { action=ACTION_UP, actionButton=0, id[0]=0, x[0]=600.0, y[0]=1000.0, toolType[0]=TOOL_TYPE_UNKNOWN, buttonState=0, metaState=0, flags=0x0, edgeFlags=0x0, pointerCount=1, historySize=0, eventTime=858848366, downTime=858848366, deviceId=0, source=0x1002 }
08-06 06:33:51.962   390   390 D AndroidRuntime: Shutting down VM
08-06 06:33:51.965 30345 30356 I art     : Starting a blocking GC Explicit
08-06 06:33:51.978   918  6029 I ActivityManager: START u0 {dat=https://oauth.reddit.com/... cmp=baseline.org.quantumbadger.redreader/.activities.PostListingActivity} from uid 10705 on display 0
08-06 06:33:51.979   512  2967 D audio_hw_primary: out_set_parameters: enter: usecase(1: low-latency-playback) kvpairs: routing=2
08-06 06:33:51.992   512  2967 D audio_hw_primary: select_devices: out_snd_device(2: speaker) in_snd_device(0: none)
08-06 06:33:51.992   512  2967 D msm8974_platform: platform_send_audio_calibration: sending audio calibration for snd_device(2) acdb_id(15)
08-06 06:33:51.993   512  2967 I soundtrigger: audio_extn_sound_trigger_update_device_status: device 0x2 of type 0 for Event 1
08-06 06:33:52.006 30345 30345 I AppCompatViewInflater: app:theme is now deprecated. Please move to using android:theme instead.
08-06 06:33:52.012 30345 30356 I art     : Explicit concurrent mark sweep GC freed 213(11KB) AllocSpace objects, 0(0B) LOS objects, 35% free, 29MB/45MB, paused 2.717ms total 47.170ms
08-06 06:33:52.013   512  2967 D audio_hw_primary: enable_snd_device: snd_device(2: speaker)
08-06 06:33:52.016   512  2967 D audio_hw_primary: enable_audio_route: apply and update mixer path: low-latency-playback speaker
08-06 06:33:52.034 30345 30356 I art     : Starting a blocking GC Explicit
08-06 06:33:52.045 30345   443 D OK      : calling: https://oauth.reddit.com/r/announcements/about.json
08-06 06:33:52.102 30345 30356 I art     : Explicit concurrent mark sweep GC freed 1328(88KB) AllocSpace objects, 0(0B) LOS objects, 35% free, 29MB/45MB, paused 1.295ms total 67.582ms
08-06 06:33:52.116   918   936 I ActivityManager: Displayed baseline.org.quantumbadger.redreader/.activities.PostListingActivity: +131ms
08-06 06:33:52.117 13866 13866 I GoogleInputMethodServic: GoogleInputMethodService.onFinishInput():3138 
08-06 06:33:52.118 13866 13866 I GoogleInputMethodServic: GoogleInputMethodService.onStartInput():1808 
08-06 06:33:52.375   380   380 W SurfaceFlinger: couldn't log to binary event log: overflow.
08-06 06:33:52.380 30345   443 I NAPPA_EXPERIMENTATION: MetricNetworkRequestExecutionTime: REQUEST_DURATION_SYSTEM='335',REQUEST_DURATION_OKHTTP='148',REQUEST_SYNCHRONOUS='TRUE',RESPONSE_CODE='200',RESPONSE_METHOD='GET',RESPONSE_LENGTH_OKHTTP='-1',RESPONSE_LENGTH_HEADER='1564',REQUEST_PROTOCOL='h2',REQUEST_URL='https://oauth.reddit.com/r/announcements/about.json',
08-06 06:33:52.380 30345   443 D OK      : request got status: 200
08-06 06:33:52.432 30345 32052 I art     : Starting a blocking GC Explicit
08-06 06:33:52.476 30345 32052 I art     : Explicit concurrent mark sweep GC freed 5203(336KB) AllocSpace objects, 3(156KB) LOS objects, 35% free, 29MB/45MB, paused 565us total 44.449ms
08-06 06:33:52.477 30345 30355 I art     : WaitForGcToComplete blocked for 16.471ms for cause HeapTrim
08-06 06:33:52.495 30345 32052 I art     : Starting a blocking GC Explicit
08-06 06:33:52.544 30345 32052 I art     : Explicit concurrent mark sweep GC freed 387(18KB) AllocSpace objects, 0(0B) LOS objects, 35% free, 29MB/45MB, paused 599us total 48.884ms
08-06 06:33:52.549   512  2967 D audio_hw_primary: disable_audio_route: reset and update mixer path: low-latency-playback speaker
08-06 06:33:52.552   512  2967 D audio_hw_primary: disable_snd_device: snd_device(2: speaker)
08-06 06:33:52.560   512  2967 I soundtrigger: audio_extn_sound_trigger_update_device_status: device 0x2 of type 0 for Event 0
08-06 06:33:52.565 30345 32052 I art     : Starting a blocking GC Explicit
08-06 06:33:52.609 30345 32052 I art     : Explicit concurrent mark sweep GC freed 8(304B) AllocSpace objects, 0(0B) LOS objects, 35% free, 29MB/45MB, paused 646us total 43.606ms
08-06 06:33:52.627 30345 32052 I art     : Starting a blocking GC Explicit
08-06 06:33:52.674 30345 32052 I art     : Explicit concurrent mark sweep GC freed 3(96B) AllocSpace objects, 0(0B) LOS objects, 35% free, 29MB/45MB, paused 633us total 45.983ms
08-06 06:33:52.692 30345 32052 I art     : Starting a blocking GC Explicit
08-06 06:33:52.737 30345 32052 I art     : Explicit concurrent mark sweep GC freed 38(1568B) AllocSpace objects, 0(0B) LOS objects, 35% free, 29MB/45MB, paused 660us total 44.514ms
08-06 06:33:53.072 13866 13882 I PeriodicStatsRunner: PeriodicStatsRunner.call():175 call()
08-06 06:33:53.072 13866 13882 I PeriodicStatsRunner: PeriodicStatsRunner.call():179 No submit PeriodicStats since input started.
08-06 06:33:53.080 30345 32052 I art     : Starting a blocking GC Explicit
08-06 06:33:53.128 30345 32052 I art     : Explicit concurrent mark sweep GC freed 1378(83KB) AllocSpace objects, 1(20KB) LOS objects, 35% free, 29MB/45MB, paused 910us total 48.147ms
08-06 06:33:53.146 30345 32052 I art     : Starting a blocking GC Explicit
08-06 06:33:53.194 30345 32052 I art     : Explicit concurrent mark sweep GC freed 20(704B) AllocSpace objects, 0(0B) LOS objects, 35% free, 29MB/45MB, paused 721us total 46.956ms
08-06 06:33:53.212 30345 32052 I art     : Starting a blocking GC Explicit
08-06 06:33:53.246 30345   473 D OK      : calling: https://oauth.reddit.com/r/announcements/hot/.json
08-06 06:33:53.258 30345 32052 I art     : Explicit concurrent mark sweep GC freed 94(3KB) AllocSpace objects, 0(0B) LOS objects, 35% free, 29MB/45MB, paused 670us total 45.796ms
08-06 06:33:53.276 30345 32052 I art     : Starting a blocking GC Explicit
08-06 06:33:53.322 30345 32052 I art     : Explicit concurrent mark sweep GC freed 10(384B) AllocSpace objects, 0(0B) LOS objects, 35% free, 29MB/45MB, paused 649us total 46.146ms
08-06 06:33:53.341 30345 32052 I art     : Starting a blocking GC Explicit
08-06 06:33:53.388 30345 32052 I art     : Explicit concurrent mark sweep GC freed 3(96B) AllocSpace objects, 0(0B) LOS objects, 35% free, 29MB/45MB, paused 639us total 46.450ms
08-06 06:33:53.415 30345   473 I NAPPA_EXPERIMENTATION: MetricNetworkRequestExecutionTime: REQUEST_DURATION_SYSTEM='168',REQUEST_DURATION_OKHTTP='165',REQUEST_SYNCHRONOUS='TRUE',RESPONSE_CODE='200',RESPONSE_METHOD='GET',RESPONSE_LENGTH_OKHTTP='-1',RESPONSE_LENGTH_HEADER='142016',REQUEST_PROTOCOL='h2',REQUEST_URL='https://oauth.reddit.com/r/announcements/hot/.json',
08-06 06:33:53.415 30345   473 D OK      : request got status: 200
08-06 06:33:53.423 30345 30917 I PostListingFragment: Precaching images: OFF
08-06 06:33:53.423 30345 30917 I PostListingFragment: Precaching comments: OFF
08-06 06:33:53.704 30345 30357 I art     : Starting a blocking GC Explicit
08-06 06:33:53.774 30345 30357 I art     : Explicit concurrent mark sweep GC freed 13705(886KB) AllocSpace objects, 20(992KB) LOS objects, 32% free, 33MB/49MB, paused 1ms total 69.506ms
08-06 06:33:53.795 30345 30357 I art     : Starting a blocking GC Explicit
08-06 06:33:53.855 30345 30357 I art     : Explicit concurrent mark sweep GC freed 6131(369KB) AllocSpace objects, 12(768KB) LOS objects, 31% free, 34MB/50MB, paused 771us total 60.126ms
08-06 06:33:53.875 30345 30357 I art     : Starting a blocking GC Explicit
08-06 06:33:53.935 30345 30357 I art     : Explicit concurrent mark sweep GC freed 4202(227KB) AllocSpace objects, 5(224KB) LOS objects, 31% free, 34MB/50MB, paused 652us total 59.381ms
08-06 06:33:53.955 30345 30357 I art     : Starting a blocking GC Explicit
08-06 06:33:54.008 30345 30357 I art     : Explicit concurrent mark sweep GC freed 59151(2MB) AllocSpace objects, 8(152KB) LOS objects, 33% free, 31MB/47MB, paused 850us total 53.159ms
08-06 06:33:54.027 30345 30357 I art     : Starting a blocking GC Explicit
08-06 06:33:54.054 30345 30345 W RecyclerView: Cannot call this method in a scroll callback. Scroll callbacks mightbe run during a measure & layout pass where you cannot change theRecyclerView data. Any method call that might change the structureof the RecyclerView or the adapter contents should be postponed tothe next frame.
08-06 06:33:54.054 30345 30345 W RecyclerView: java.lang.IllegalStateException:  androidx.recyclerview.widget.RecyclerView{79858bf VFED..... .F....ID 0,0-1440,2140 #7f0900ef app:id/scrollbar_recyclerview_recyclerview}, adapter:baseline.org.quantumbadger.redreader.adapters.GroupedRecyclerViewAdapter@9a22b8c, layout:androidx.recyclerview.widget.LinearLayoutManager@d9962d5, context:baseline.org.quantumbadger.redreader.activities.PostListingActivity@f5112ac
08-06 06:33:54.054 30345 30345 W RecyclerView: 	at androidx.recyclerview.widget.RecyclerView.assertNotInLayoutOrScroll(RecyclerView.java:3061)
08-06 06:33:54.054 30345 30345 W RecyclerView: 	at androidx.recyclerview.widget.RecyclerView$RecyclerViewDataObserver.onItemRangeInserted(RecyclerView.java:5555)
08-06 06:33:54.054 30345 30345 W RecyclerView: 	at androidx.recyclerview.widget.RecyclerView$AdapterDataObservable.notifyItemRangeInserted(RecyclerView.java:12278)
08-06 06:33:54.054 30345 30345 W RecyclerView: 	at androidx.recyclerview.widget.RecyclerView$Adapter.notifyItemInserted(RecyclerView.java:7464)
08-06 06:33:54.054 30345 30345 W RecyclerView: 	at baseline.org.quantumbadger.redreader.adapters.GroupedRecyclerViewAdapter.updateHiddenStatus(GroupedRecyclerViewAdapter.java:279)
08-06 06:33:54.054 30345 30345 W RecyclerView: 	at baseline.org.quantumbadger.redreader.adapters.RedditListingManager.setLoadingVisible(RedditListingManager.java:125)
08-06 06:33:54.054 30345 30345 W RecyclerView: 	at baseline.org.quantumbadger.redreader.fragments.PostListingFragment.onLoadMoreItemsCheck(PostListingFragment.java:465)
08-06 06:33:54.054 30345 30345 W RecyclerView: 	at baseline.org.quantumbadger.redreader.fragments.PostListingFragment.access$000(PostListingFragment.java:98)
08-06 06:33:54.054 30345 30345 W RecyclerView: 	at baseline.org.quantumbadger.redreader.fragments.PostListingFragment$2.onScrolled(PostListingFragment.java:215)
08-06 06:33:54.054 30345 30345 W RecyclerView: 	at androidx.recyclerview.widget.RecyclerView.dispatchOnScrolled(RecyclerView.java:5173)
08-06 06:33:54.054 30345 30345 W RecyclerView: 	at androidx.recyclerview.widget.RecyclerView.dispatchLayoutStep3(RecyclerView.java:4231)
08-06 06:33:54.054 30345 30345 W RecyclerView: 	at androidx.recyclerview.widget.RecyclerView.dispatchLayout(RecyclerView.java:3862)
08-06 06:33:54.054 30345 30345 W RecyclerView: 	at androidx.recyclerview.widget.RecyclerView.consumePendingUpdateOperations(RecyclerView.java:1897)
08-06 06:33:54.054 30345 30345 W RecyclerView: 	at androidx.recyclerview.widget.RecyclerView$1.run(RecyclerView.java:414)
08-06 06:33:54.054 30345 30345 W RecyclerView: 	at android.view.Choreographer$CallbackRecord.run(Choreographer.java:858)
08-06 06:33:54.054 30345 30345 W RecyclerView: 	at android.view.Choreographer.doCallbacks(Choreographer.java:670)
08-06 06:33:54.054 30345 30345 W RecyclerView: 	at android.view.Choreographer.doFrame(Choreographer.java:603)
08-06 06:33:54.054 30345 30345 W RecyclerView: 	at android.view.Choreographer$FrameDisplayEventReceiver.run(Choreographer.java:844)
08-06 06:33:54.054 30345 30345 W RecyclerView: 	at android.os.Handler.handleCallback(Handler.java:739)
08-06 06:33:54.054 30345 30345 W RecyclerView: 	at android.os.Handler.dispatchMessage(Handler.java:95)
08-06 06:33:54.054 30345 30345 W RecyclerView: 	at android.os.Looper.loop(Looper.java:148)
08-06 06:33:54.054 30345 30345 W RecyclerView: 	at android.app.ActivityThread.main(ActivityThread.java:5417)
08-06 06:33:54.054 30345 30345 W RecyclerView: 	at java.lang.reflect.Method.invoke(Native Method)
08-06 06:33:54.054 30345 30345 W RecyclerView: 	at com.android.internal.os.ZygoteInit$MethodAndArgsCaller.run(ZygoteInit.java:726)
08-06 06:33:54.054 30345 30345 W RecyclerView: 	at com.android.internal.os.ZygoteInit.main(ZygoteInit.java:616)
08-06 06:33:54.076 30345 30357 I art     : Explicit concurrent mark sweep GC freed 1261(126KB) AllocSpace objects, 0(0B) LOS objects, 33% free, 31MB/47MB, paused 864us total 49.166ms
08-06 06:33:54.432 30345 30357 I art     : Starting a blocking GC Explicit
08-06 06:33:54.447 30345   542 D OK      : calling: https://oauth.reddit.com/r/announcements/hot/.json?after=t3_9jf8nh
08-06 06:33:54.486 30345 30357 I art     : Explicit concurrent mark sweep GC freed 1923(105KB) AllocSpace objects, 1(20KB) LOS objects, 33% free, 31MB/47MB, paused 644us total 54.234ms
08-06 06:33:54.508 30345 30357 I art     : Starting a blocking GC Explicit
08-06 06:33:54.563 30345 30357 I art     : Explicit concurrent mark sweep GC freed 84(3KB) AllocSpace objects, 0(0B) LOS objects, 33% free, 31MB/47MB, paused 696us total 54.444ms
08-06 06:33:54.582 30345 30357 I art     : Starting a blocking GC Explicit
08-06 06:33:54.636 30345 30357 I art     : Explicit concurrent mark sweep GC freed 3(96B) AllocSpace objects, 0(0B) LOS objects, 33% free, 31MB/47MB, paused 672us total 54.457ms
08-06 06:33:54.649 30345   542 I NAPPA_EXPERIMENTATION: MetricNetworkRequestExecutionTime: REQUEST_DURATION_SYSTEM='202',REQUEST_DURATION_OKHTTP='195',REQUEST_SYNCHRONOUS='TRUE',RESPONSE_CODE='200',RESPONSE_METHOD='GET',RESPONSE_LENGTH_OKHTTP='-1',RESPONSE_LENGTH_HEADER='65685',REQUEST_PROTOCOL='h2',REQUEST_URL='https://oauth.reddit.com/r/announcements/hot/.json?after=t3_9jf8nh',
08-06 06:33:54.650 30345   542 D OK      : request got status: 200
08-06 06:33:54.655 30345 30357 I art     : Starting a blocking GC Explicit
08-06 06:33:54.665 30345 30917 I PostListingFragment: Precaching images: OFF
08-06 06:33:54.665 30345 30917 I PostListingFragment: Precaching comments: OFF
08-06 06:33:54.709 30345 30357 I art     : Explicit concurrent mark sweep GC freed 2083(256KB) AllocSpace objects, 1(20KB) LOS objects, 33% free, 32MB/48MB, paused 1.109ms total 53.656ms
08-06 06:33:54.728 30345 30357 I art     : Starting a blocking GC Explicit
08-06 06:33:54.782 30345 30357 I art     : Explicit concurrent mark sweep GC freed 3602(193KB) AllocSpace objects, 8(592KB) LOS objects, 32% free, 32MB/48MB, paused 959us total 53.295ms
08-06 06:33:55.085 13866 13882 I PeriodicStatsRunner: PeriodicStatsRunner.call():175 call()
08-06 06:33:55.086 13866 13882 I PeriodicStatsRunner: PeriodicStatsRunner.call():179 No submit PeriodicStats since input started.
08-06 06:33:55.129 30345 31027 I art     : Starting a blocking GC Explicit
08-06 06:33:55.204 30345 31027 I art     : Explicit concurrent mark sweep GC freed 31116(1475KB) AllocSpace objects, 10(288KB) LOS objects, 33% free, 32MB/48MB, paused 862us total 74.126ms
08-06 06:33:55.226 30345 31027 I art     : Starting a blocking GC Explicit
08-06 06:33:55.282 30345 31027 I art     : Explicit concurrent mark sweep GC freed 1424(59KB) AllocSpace objects, 0(0B) LOS objects, 33% free, 32MB/48MB, paused 618us total 55.976ms
08-06 06:33:55.302 30345 31027 I art     : Starting a blocking GC Explicit
08-06 06:33:55.359 30345 31027 I art     : Explicit concurrent mark sweep GC freed 16(688B) AllocSpace objects, 0(0B) LOS objects, 33% free, 32MB/48MB, paused 651us total 56.639ms
08-06 06:33:55.381 30345 31027 I art     : Starting a blocking GC Explicit
08-06 06:33:55.440 30345 31027 I art     : Explicit concurrent mark sweep GC freed 10(384B) AllocSpace objects, 0(0B) LOS objects, 33% free, 32MB/48MB, paused 579us total 58.696ms
08-06 06:33:55.463 30345 31027 I art     : Starting a blocking GC Explicit
08-06 06:33:55.519 30345 31027 I art     : Explicit concurrent mark sweep GC freed 3(96B) AllocSpace objects, 0(0B) LOS objects, 33% free, 32MB/48MB, paused 615us total 55.263ms
08-06 06:33:55.913 30345 32052 I art     : Starting a blocking GC Explicit
08-06 06:33:55.982 30345 32052 I art     : Explicit concurrent mark sweep GC freed 1355(82KB) AllocSpace objects, 1(20KB) LOS objects, 33% free, 32MB/48MB, paused 665us total 68.648ms
08-06 06:33:56.005 30345 32052 I art     : Starting a blocking GC Explicit
08-06 06:33:56.065 30345 32052 I art     : Explicit concurrent mark sweep GC freed 20(704B) AllocSpace objects, 0(0B) LOS objects, 33% free, 32MB/48MB, paused 584us total 59.244ms
08-06 06:33:56.084 30345 32052 I art     : Starting a blocking GC Explicit
08-06 06:33:56.141 30345 32052 I art     : Explicit concurrent mark sweep GC freed 3(96B) AllocSpace objects, 0(0B) LOS objects, 33% free, 32MB/48MB, paused 605us total 56.532ms
08-06 06:33:56.160 30345 32052 I art     : Starting a blocking GC Explicit
08-06 06:33:56.213 30345 32052 I art     : Explicit concurrent mark sweep GC freed 3(96B) AllocSpace objects, 0(0B) LOS objects, 33% free, 32MB/48MB, paused 567us total 52.217ms
08-06 06:33:56.232 30345 32052 I art     : Starting a blocking GC Explicit
08-06 06:33:56.289 30345 32052 I art     : Explicit concurrent mark sweep GC freed 3(96B) AllocSpace objects, 0(0B) LOS objects, 33% free, 32MB/48MB, paused 514us total 56.896ms
08-06 06:33:56.667 30345 30356 I art     : Starting a blocking GC Explicit
08-06 06:33:56.724 30345 30356 I art     : Explicit concurrent mark sweep GC freed 1357(83KB) AllocSpace objects, 1(20KB) LOS objects, 33% free, 32MB/48MB, paused 599us total 56.270ms
08-06 06:33:56.743 30345 30356 I art     : Starting a blocking GC Explicit
08-06 06:33:56.799 30345 30356 I art     : Explicit concurrent mark sweep GC freed 20(704B) AllocSpace objects, 0(0B) LOS objects, 33% free, 32MB/48MB, paused 579us total 55.464ms
08-06 06:33:56.823 30345 30356 I art     : Starting a blocking GC Explicit
08-06 06:33:56.875 30345 30356 I art     : Explicit concurrent mark sweep GC freed 3(96B) AllocSpace objects, 0(0B) LOS objects, 33% free, 32MB/48MB, paused 602us total 52.013ms
08-06 06:33:56.894 30345 30356 I art     : Starting a blocking GC Explicit
08-06 06:33:56.950 30345 30356 I art     : Explicit concurrent mark sweep GC freed 3(96B) AllocSpace objects, 0(0B) LOS objects, 33% free, 32MB/48MB, paused 530us total 55.420ms
08-06 06:33:56.969 30345 30356 I art     : Starting a blocking GC Explicit
08-06 06:33:57.029 30345 30356 I art     : Explicit concurrent mark sweep GC freed 3(96B) AllocSpace objects, 0(0B) LOS objects, 33% free, 32MB/48MB, paused 693us total 59.443ms
08-06 06:33:57.119 13866 13882 I PeriodicStatsRunner: PeriodicStatsRunner.call():175 call()
08-06 06:33:57.119 13866 13882 I PeriodicStatsRunner: PeriodicStatsRunner.call():179 No submit PeriodicStats since input started.
08-06 06:33:57.392 30345 30369 I art     : Starting a blocking GC Explicit
08-06 06:33:57.452 30345 30369 I art     : Explicit concurrent mark sweep GC freed 1354(82KB) AllocSpace objects, 1(20KB) LOS objects, 33% free, 32MB/48MB, paused 610us total 59.869ms
08-06 06:33:57.471 30345 30369 I art     : Starting a blocking GC Explicit
08-06 06:33:57.520 30345 30369 I art     : Explicit concurrent mark sweep GC freed 20(704B) AllocSpace objects, 0(0B) LOS objects, 33% free, 32MB/48MB, paused 542us total 48.065ms
08-06 06:33:57.538 30345 30369 I art     : Starting a blocking GC Explicit
08-06 06:33:57.587 30345 30369 I art     : Explicit concurrent mark sweep GC freed 3(96B) AllocSpace objects, 0(0B) LOS objects, 33% free, 32MB/48MB, paused 591us total 48.471ms
08-06 06:33:57.587 30345 30355 I art     : WaitForGcToComplete blocked for 43.001ms for cause HeapTrim
08-06 06:33:57.606 30345 30369 I art     : Starting a blocking GC Explicit
08-06 06:33:57.655 30345 30369 I art     : Explicit concurrent mark sweep GC freed 3(96B) AllocSpace objects, 0(0B) LOS objects, 33% free, 32MB/48MB, paused 543us total 48.708ms
08-06 06:33:57.673 30345 30369 I art     : Starting a blocking GC Explicit
08-06 06:33:57.726 30345 30369 I art     : Explicit concurrent mark sweep GC freed 3(96B) AllocSpace objects, 0(0B) LOS objects, 33% free, 32MB/48MB, paused 605us total 52.019ms
08-06 06:33:57.796   582   582 D AndroidRuntime: >>>>>> START com.android.internal.os.RuntimeInit uid 2000 <<<<<<
08-06 06:33:57.803   582   582 D AndroidRuntime: CheckJNI is OFF
08-06 06:33:57.848   582   582 D ICU     : No timezone override file found: /data/misc/zoneinfo/current/icu/icu_tzdata.dat
08-06 06:33:57.892   582   582 I Radio-JNI: register_android_hardware_Radio DONE
08-06 06:33:57.920   582   582 D AndroidRuntime: Calling main entry com.android.commands.input.Input
08-06 06:33:57.922   582   582 I Input   : injectMotionEvent: MotionEvent { action=ACTION_DOWN, actionButton=0, id[0]=0, x[0]=600.0, y[0]=580.0, toolType[0]=TOOL_TYPE_UNKNOWN, buttonState=0, metaState=0, flags=0x0, edgeFlags=0x0, pointerCount=1, historySize=0, eventTime=858854334, downTime=858854334, deviceId=0, source=0x1002 }
08-06 06:33:57.929   582   582 I Input   : injectMotionEvent: MotionEvent { action=ACTION_UP, actionButton=0, id[0]=0, x[0]=600.0, y[0]=580.0, toolType[0]=TOOL_TYPE_UNKNOWN, buttonState=0, metaState=0, flags=0x0, edgeFlags=0x0, pointerCount=1, historySize=0, eventTime=858854334, downTime=858854334, deviceId=0, source=0x1002 }
08-06 06:33:57.934   582   582 D AndroidRuntime: Shutting down VM
08-06 06:33:57.941   918  6110 I ActivityManager: START u0 {cmp=baseline.org.quantumbadger.redreader/.activities.WebViewActivity (has extras)} from uid 10705 on display 0
08-06 06:33:57.942   512  2967 D audio_hw_primary: out_set_parameters: enter: usecase(1: low-latency-playback) kvpairs: routing=2
08-06 06:33:57.955   512  2967 D audio_hw_primary: select_devices: out_snd_device(2: speaker) in_snd_device(0: none)
08-06 06:33:57.955   512  2967 D msm8974_platform: platform_send_audio_calibration: sending audio calibration for snd_device(2) acdb_id(15)
08-06 06:33:57.955   512  2967 I soundtrigger: audio_extn_sound_trigger_update_device_status: device 0x2 of type 0 for Event 1
08-06 06:33:57.967   512  2967 D audio_hw_primary: enable_snd_device: snd_device(2: speaker)
08-06 06:33:57.968 30345 30345 I AppCompatViewInflater: app:theme is now deprecated. Please move to using android:theme instead.
08-06 06:33:57.970   512  2967 D audio_hw_primary: enable_audio_route: apply and update mixer path: low-latency-playback speaker
08-06 06:33:57.990   918  3696 D ConnectivityService: listenForNetwork for Listen from uid/pid:10705/30345 for NetworkRequest [ id=3901, legacyType=-1, [ Capabilities: INTERNET&NOT_RESTRICTED&TRUSTED] ]
08-06 06:33:58.082 30345 31027 I art     : Starting a blocking GC Explicit
08-06 06:33:58.121   918   936 I ActivityManager: Displayed baseline.org.quantumbadger.redreader/.activities.WebViewActivity: +169ms
08-06 06:33:58.122 13866 13866 I GoogleInputMethodServic: GoogleInputMethodService.onFinishInput():3138 
08-06 06:33:58.123 13866 13866 I GoogleInputMethodServic: GoogleInputMethodService.onStartInput():1808 
08-06 06:33:58.131 30345 31027 I art     : Explicit concurrent mark sweep GC freed 5863(309KB) AllocSpace objects, 1(20KB) LOS objects, 33% free, 32MB/48MB, paused 939us total 48.749ms
08-06 06:33:58.152 30345 31027 I art     : Starting a blocking GC Explicit
08-06 06:33:58.198 30345 31027 I art     : Explicit concurrent mark sweep GC freed 7301(828KB) AllocSpace objects, 17(2MB) LOS objects, 35% free, 29MB/45MB, paused 512us total 45.567ms
08-06 06:33:58.216 30345 31027 I art     : Starting a blocking GC Explicit
08-06 06:33:58.260 30345 31027 I art     : Explicit concurrent mark sweep GC freed 36(1424B) AllocSpace objects, 0(0B) LOS objects, 35% free, 29MB/45MB, paused 493us total 44.239ms
08-06 06:33:58.281 30345 31027 I art     : Starting a blocking GC Explicit
08-06 06:33:58.338 30345 31027 I art     : Explicit concurrent mark sweep GC freed 5(144B) AllocSpace objects, 0(0B) LOS objects, 35% free, 29MB/45MB, paused 927us total 56.619ms
08-06 06:33:58.358 30345 31027 I art     : Starting a blocking GC Explicit
08-06 06:33:58.365   380   380 W SurfaceFlinger: couldn't log to binary event log: overflow.
08-06 06:33:58.401 30345 31027 I art     : Explicit concurrent mark sweep GC freed 49(2480B) AllocSpace objects, 0(0B) LOS objects, 35% free, 29MB/45MB, paused 1.082ms total 43.069ms
08-06 06:33:58.458 30345   474 I RedditChangeDataIO: Writing tmp data file at '/data/user/0/baseline.org.quantumbadger.redreader/files/rr_change_data_tmp.dat'
08-06 06:33:58.459 30345   474 I RedditChangeDataManager: Taking snapshot...
08-06 06:33:58.459 30345   474 I RedditChangeDataManager: Writing to stream...
08-06 06:33:58.459 30345   474 I RedditChangeDataManager: Wrote 5 entries for user ''
08-06 06:33:58.459 30345   474 I RedditChangeDataManager: All entries written to stream.
08-06 06:33:58.459 30345   474 I RedditChangeDataIO: Write successful. Atomically replacing data file...
08-06 06:33:58.460 30345   474 I RedditChangeDataIO: Write complete.
08-06 06:33:58.460 30345   474 I RedditChangeDataIO: 134 bytes written in 2 ms
08-06 06:33:58.508   512  2967 D audio_hw_primary: disable_audio_route: reset and update mixer path: low-latency-playback speaker
08-06 06:33:58.510   512  2967 D audio_hw_primary: disable_snd_device: snd_device(2: speaker)
08-06 06:33:58.520   512  2967 I soundtrigger: audio_extn_sound_trigger_update_device_status: device 0x2 of type 0 for Event 0
08-06 06:33:58.768 30345 32052 I art     : Starting a blocking GC Explicit
08-06 06:33:58.828 30345 32052 I art     : Explicit concurrent mark sweep GC freed 2342(137KB) AllocSpace objects, 2(88KB) LOS objects, 35% free, 29MB/45MB, paused 499us total 59.171ms
08-06 06:33:58.848 30345 32052 I art     : Starting a blocking GC Explicit
08-06 06:33:58.895 30345 32052 I art     : Explicit concurrent mark sweep GC freed 30(1024B) AllocSpace objects, 0(0B) LOS objects, 35% free, 29MB/45MB, paused 593us total 46.097ms
08-06 06:33:58.915 30345 32052 I art     : Starting a blocking GC Explicit
08-06 06:33:58.963 30345 32052 I art     : Explicit concurrent mark sweep GC freed 11(352B) AllocSpace objects, 0(0B) LOS objects, 35% free, 29MB/45MB, paused 703us total 47.663ms
08-06 06:33:58.983 30345 32052 I art     : Starting a blocking GC Explicit
08-06 06:33:59.038 30345 32052 I art     : Explicit concurrent mark sweep GC freed 11(352B) AllocSpace objects, 0(0B) LOS objects, 35% free, 29MB/45MB, paused 778us total 55.609ms
08-06 06:33:59.058 30345 32052 I art     : Starting a blocking GC Explicit
08-06 06:33:59.109 30345 32052 I art     : Explicit concurrent mark sweep GC freed 13(416B) AllocSpace objects, 0(0B) LOS objects, 35% free, 29MB/45MB, paused 555us total 51.022ms
08-06 06:33:59.409 30345 30345 I chromium: [INFO:CONSOLE(1)] "
08-06 06:33:59.409 30345 30345 I chromium:                   ,d"=,.,qOp,
08-06 06:33:59.409 30345 30345 I chromium:                  ,7'  ''$(  )
08-06 06:33:59.409 30345 30345 I chromium:                 ,7'      '?q$7'
08-06 06:33:59.409 30345 30345 I chromium:              ..,$$,.
08-06 06:33:59.409 30345 30345 I chromium:    ,.  .,,--***""***--,,.  .,
08-06 06:33:59.409 30345 30345 I chromium:     ,p''              ''q,   
08-06 06:33:59.409 30345 30345 I chromium: :  ,7'                      '7,  :
08-06 06:33:59.409 30345 30345 I chromium:  ' $      ,db,      ,db,      $ '
08-06 06:33:59.409 30345 30345 I chromium:   '$      $$      $$      $'    Using Reddit at work? Work for Reddit.
08-06 06:33:59.409 30345 30345 I chromium:   '$                          $'        https://www.reddit.com/jobs
08-06 06:33:59.409 30345 30345 I chromium:    '$.     .,        ,.     .$'
08-06 06:33:59.409 30345 30345 I chromium:     'b,     ''     ,d'
08-06 06:33:59.409 30345 30345 I chromium:      '?bn,,          ,,nd?'
08-06 06:33:59.409 30345 30345 I chromium:        ,7$ '''' $7,
08-06 06:33:59.409 30345 30345 I chromium:      , $              $ ,
08-06 06:33:59.409 30345 30345 I chromium:      $  :$              $:  $
08-06 06:33:59.409 30345 30345 I chromium:      $   $              $   $
08-06 06:33:59.409 30345 30345 I chromium:      'b  q:            :p  d'
08-06 06:33:59.409 30345 30345 I chromium:       '?$.          .$?'
08-06 06:33:59.409 30345 30345 I chromium:          'b            d'
08-06 06:33:59.409 30345 30345 I chromium:        ,'?,.      .,?',
08-06 06:33:59.409 30345 30345 I chromium:       ==--==--==--==
08-06 06:33:59.409 30345 30345 I chromium: ", source: https://www.redditstatic.com/desktop2x/Chat~Governance~Reddit.2ea93b134a9b2e5b1d9a.js (1)
08-06 06:33:59.505 30345 31027 I art     : Starting a blocking GC Explicit
08-06 06:33:59.559 30345 31027 I art     : Explicit concurrent mark sweep GC freed 1416(87KB) AllocSpace objects, 1(20KB) LOS objects, 35% free, 29MB/45MB, paused 492us total 53.835ms
08-06 06:33:59.583 30345 31027 I art     : Starting a blocking GC Explicit
08-06 06:33:59.641 30345 31027 I art     : Explicit concurrent mark sweep GC freed 32(1152B) AllocSpace objects, 0(0B) LOS objects, 35% free, 29MB/45MB, paused 770us total 57.753ms
08-06 06:33:59.662 30345 31027 I art     : Starting a blocking GC Explicit
08-06 06:33:59.719 30345 31027 I art     : Explicit concurrent mark sweep GC freed 26(848B) AllocSpace objects, 0(0B) LOS objects, 35% free, 29MB/45MB, paused 736us total 57.142ms
08-06 06:33:59.739 30345 31027 I art     : Starting a blocking GC Explicit
08-06 06:33:59.795 30345 31027 I art     : Explicit concurrent mark sweep GC freed 25(800B) AllocSpace objects, 0(0B) LOS objects, 35% free, 29MB/45MB, paused 575us total 55.203ms
08-06 06:33:59.817 30345 31027 I art     : Starting a blocking GC Explicit
08-06 06:33:59.873 30345 31027 I art     : Explicit concurrent mark sweep GC freed 48(2080B) AllocSpace objects, 0(0B) LOS objects, 35% free, 29MB/45MB, paused 3.249ms total 56.013ms
08-06 06:34:00.062 28232 28232 I ServiceManager: Waiting for service AtCmdFwd...
08-06 06:34:00.211 30345 30345 E chromium: [ERROR:page_load_metrics_update_dispatcher.cc(165)] Invalid first_paint 0.643 s for first_image_paint 0.618 s
08-06 06:34:00.240 30345 31027 I art     : Starting a blocking GC Explicit
08-06 06:34:00.287 30345 31027 I art     : Explicit concurrent mark sweep GC freed 1824(137KB) AllocSpace objects, 1(20KB) LOS objects, 35% free, 29MB/45MB, paused 641us total 46.676ms
08-06 06:34:00.306 30345 31027 I art     : Starting a blocking GC Explicit
08-06 06:34:00.347 30345 31027 I art     : Explicit concurrent mark sweep GC freed 85(2880B) AllocSpace objects, 0(0B) LOS objects, 35% free, 29MB/45MB, paused 536us total 41.352ms
08-06 06:34:00.365 30345 31027 I art     : Starting a blocking GC Explicit
08-06 06:34:00.416 30345 31027 I art     : Explicit concurrent mark sweep GC freed 3(96B) AllocSpace objects, 0(0B) LOS objects, 35% free, 29MB/45MB, paused 509us total 51.042ms
08-06 06:34:00.435 30345 31027 I art     : Starting a blocking GC Explicit
08-06 06:34:00.485 30345 31027 I art     : Explicit concurrent mark sweep GC freed 3(96B) AllocSpace objects, 0(0B) LOS objects, 35% free, 29MB/45MB, paused 592us total 49.454ms
08-06 06:34:00.507 30345 31027 I art     : Starting a blocking GC Explicit
08-06 06:34:00.556 30345 31027 I art     : Explicit concurrent mark sweep GC freed 3(96B) AllocSpace objects, 0(0B) LOS objects, 35% free, 29MB/45MB, paused 499us total 47.901ms
08-06 06:34:00.794   518   646 I ThermalEngine: ACTION: GPU - Setting GPU[0] to 390000000
08-06 06:34:00.958 30345 31027 I art     : Starting a blocking GC Explicit
08-06 06:34:01.027 30345 31027 I art     : Explicit concurrent mark sweep GC freed 1370(85KB) AllocSpace objects, 1(20KB) LOS objects, 35% free, 29MB/45MB, paused 891us total 68.649ms
08-06 06:34:01.052 30345 31027 I art     : Starting a blocking GC Explicit
08-06 06:34:01.062 28232 28232 I ServiceManager: Waiting for service AtCmdFwd...
08-06 06:34:01.109 30345 31027 I art     : Explicit concurrent mark sweep GC freed 66(3KB) AllocSpace objects, 0(0B) LOS objects, 35% free, 29MB/45MB, paused 774us total 56.662ms
08-06 06:34:01.132 30345 31027 I art     : Starting a blocking GC Explicit
08-06 06:34:01.195 30345 31027 I art     : Explicit concurrent mark sweep GC freed 3(96B) AllocSpace objects, 0(0B) LOS objects, 35% free, 29MB/45MB, paused 793us total 62.814ms
08-06 06:34:01.212 30345 30345 E chromium: [ERROR:page_load_metrics_update_dispatcher.cc(165)] Invalid first_paint 0.643 s for first_image_paint 0.618 s
08-06 06:34:01.219 30345 31027 I art     : Starting a blocking GC Explicit
08-06 06:34:01.281 30345 31027 I art     : Explicit concurrent mark sweep GC freed 3(96B) AllocSpace objects, 0(0B) LOS objects, 35% free, 29MB/45MB, paused 1.373ms total 61.548ms
08-06 06:34:01.312 30345 31027 I art     : Starting a blocking GC Explicit
08-06 06:34:01.371 30345 31027 I art     : Explicit concurrent mark sweep GC freed 3(96B) AllocSpace objects, 0(0B) LOS objects, 35% free, 29MB/45MB, paused 940us total 59.469ms
08-06 06:34:01.759 30345 32052 I art     : Starting a blocking GC Explicit
08-06 06:34:01.826 30345 32052 I art     : Explicit concurrent mark sweep GC freed 1357(82KB) AllocSpace objects, 1(20KB) LOS objects, 35% free, 29MB/45MB, paused 768us total 66.335ms
08-06 06:34:01.850 30345 32052 I art     : Starting a blocking GC Explicit
08-06 06:34:01.915 30345 32052 I art     : Explicit concurrent mark sweep GC freed 20(704B) AllocSpace objects, 0(0B) LOS objects, 35% free, 29MB/45MB, paused 719us total 64.413ms
08-06 06:34:01.940 30345 32052 I art     : Starting a blocking GC Explicit
08-06 06:34:02.007 30345 32052 I art     : Explicit concurrent mark sweep GC freed 3(96B) AllocSpace objects, 0(0B) LOS objects, 35% free, 29MB/45MB, paused 601us total 67.113ms
08-06 06:34:02.032 30345 32052 I art     : Starting a blocking GC Explicit
08-06 06:34:02.063 28232 28232 I ServiceManager: Waiting for service AtCmdFwd...
08-06 06:34:02.099 30345 32052 I art     : Explicit concurrent mark sweep GC freed 3(96B) AllocSpace objects, 0(0B) LOS objects, 35% free, 29MB/45MB, paused 817us total 66.865ms
08-06 06:34:02.123 30345 32052 I art     : Starting a blocking GC Explicit
08-06 06:34:02.188 30345 32052 I art     : Explicit concurrent mark sweep GC freed 3(96B) AllocSpace objects, 0(0B) LOS objects, 35% free, 29MB/45MB, paused 1.656ms total 64.208ms
08-06 06:34:02.719 30345 32052 I art     : Starting a blocking GC Explicit
08-06 06:34:02.778 30345 32052 I art     : Explicit concurrent mark sweep GC freed 1357(82KB) AllocSpace objects, 1(20KB) LOS objects, 35% free, 29MB/45MB, paused 919us total 58.138ms
08-06 06:34:02.796   518   646 I ThermalEngine: ACTION: GPU - Setting GPU[0] to 450000000
08-06 06:34:02.814 30345 32052 I art     : Starting a blocking GC Explicit
08-06 06:34:02.858 30345 32052 I art     : Explicit concurrent mark sweep GC freed 20(704B) AllocSpace objects, 0(0B) LOS objects, 35% free, 29MB/45MB, paused 636us total 44.324ms
08-06 06:34:02.877 30345 32052 I art     : Starting a blocking GC Explicit
08-06 06:34:02.920   748   748 D AndroidRuntime: >>>>>> START com.android.internal.os.RuntimeInit uid 2000 <<<<<<
08-06 06:34:02.925   748   748 D AndroidRuntime: CheckJNI is OFF
08-06 06:34:02.928 30345 32052 I art     : Explicit concurrent mark sweep GC freed 3(96B) AllocSpace objects, 0(0B) LOS objects, 35% free, 29MB/45MB, paused 568us total 50.687ms
08-06 06:34:02.946 30345 32052 I art     : Starting a blocking GC Explicit
08-06 06:34:02.971   748   748 D ICU     : No timezone override file found: /data/misc/zoneinfo/current/icu/icu_tzdata.dat
08-06 06:34:02.999 30345 32052 I art     : Explicit concurrent mark sweep GC freed 3(96B) AllocSpace objects, 0(0B) LOS objects, 35% free, 29MB/45MB, paused 758us total 52.411ms
08-06 06:34:03.018 30345 32052 I art     : Starting a blocking GC Explicit
08-06 06:34:03.024   748   748 I Radio-JNI: register_android_hardware_Radio DONE
08-06 06:34:03.055   748   748 D AndroidRuntime: Calling main entry com.android.commands.input.Input
08-06 06:34:03.057   748   748 I Input   : injectKeyEvent: KeyEvent { action=ACTION_DOWN, keyCode=KEYCODE_BACK, scanCode=0, metaState=0, flags=0x0, repeatCount=0, eventTime=858859469, downTime=858859469, deviceId=-1, source=0x101 }
08-06 06:34:03.063 28232 28232 I ServiceManager: Waiting for service AtCmdFwd...
08-06 06:34:03.065   748   748 I Input   : injectKeyEvent: KeyEvent { action=ACTION_UP, keyCode=KEYCODE_BACK, scanCode=0, metaState=0, flags=0x0, repeatCount=0, eventTime=858859469, downTime=858859469, deviceId=-1, source=0x101 }
08-06 06:34:03.066 30345 32052 I art     : Explicit concurrent mark sweep GC freed 4(144B) AllocSpace objects, 0(0B) LOS objects, 35% free, 29MB/45MB, paused 504us total 47.389ms
08-06 06:34:03.071   748   748 D AndroidRuntime: Shutting down VM
08-06 06:34:03.123 13866 13882 I PeriodicStatsRunner: PeriodicStatsRunner.call():175 call()
08-06 06:34:03.123 13866 13882 I PeriodicStatsRunner: PeriodicStatsRunner.call():179 No submit PeriodicStats since input started.
08-06 06:34:03.145 13866 13866 I GoogleInputMethodServic: GoogleInputMethodService.onFinishInput():3138 
08-06 06:34:03.145 13866 13866 I GoogleInputMethodServic: GoogleInputMethodService.onStartInput():1808 
08-06 06:34:03.470 30345 30357 I art     : Starting a blocking GC Explicit
08-06 06:34:03.470   380   380 W SurfaceFlinger: couldn't log to binary event log: overflow.
08-06 06:34:03.511   918  3263 D ConnectivityService: releasing NetworkRequest NetworkRequest [ id=3901, legacyType=-1, [ Capabilities: INTERNET&NOT_RESTRICTED&TRUSTED] ]
08-06 06:34:03.536 30345 30357 I art     : Explicit concurrent mark sweep GC freed 2440(131KB) AllocSpace objects, 1(20KB) LOS objects, 35% free, 29MB/45MB, paused 1.766ms total 66.411ms
08-06 06:34:03.560 30345 30357 I art     : Starting a blocking GC Explicit
08-06 06:34:03.600 30345 30357 I art     : Explicit concurrent mark sweep GC freed 132(5KB) AllocSpace objects, 0(0B) LOS objects, 35% free, 29MB/45MB, paused 919us total 39.704ms
08-06 06:34:03.617 30345 30357 I art     : Starting a blocking GC Explicit
08-06 06:34:03.658 30345 30357 I art     : Explicit concurrent mark sweep GC freed 2095(123KB) AllocSpace objects, 1(28KB) LOS objects, 35% free, 29MB/45MB, paused 482us total 40.468ms
08-06 06:34:03.675 30345 30357 I art     : Starting a blocking GC Explicit
08-06 06:34:03.718 30345 30357 I art     : Explicit concurrent mark sweep GC freed 3(96B) AllocSpace objects, 0(0B) LOS objects, 35% free, 29MB/45MB, paused 510us total 43.137ms
08-06 06:34:03.737 30345 30357 I art     : Starting a blocking GC Explicit
08-06 06:34:03.783 30345 30357 I art     : Explicit concurrent mark sweep GC freed 3(96B) AllocSpace objects, 0(0B) LOS objects, 35% free, 29MB/45MB, paused 494us total 46.349ms
08-06 06:34:04.064 28232 28232 I ServiceManager: Waiting for service AtCmdFwd...
08-06 06:34:04.140 30345 30356 I art     : Starting a blocking GC Explicit
08-06 06:34:04.201 30345 30356 I art     : Explicit concurrent mark sweep GC freed 1357(82KB) AllocSpace objects, 1(20KB) LOS objects, 35% free, 29MB/45MB, paused 543us total 61.192ms
08-06 06:34:04.221 30345 30356 I art     : Starting a blocking GC Explicit
08-06 06:34:04.269 30345 30356 I art     : Explicit concurrent mark sweep GC freed 20(704B) AllocSpace objects, 0(0B) LOS objects, 35% free, 29MB/45MB, paused 508us total 47.213ms
08-06 06:34:04.287 30345 30356 I art     : Starting a blocking GC Explicit
08-06 06:34:04.333 30345 30356 I art     : Explicit concurrent mark sweep GC freed 3(96B) AllocSpace objects, 0(0B) LOS objects, 35% free, 29MB/45MB, paused 533us total 45.097ms
08-06 06:34:04.351 30345 30356 I art     : Starting a blocking GC Explicit
08-06 06:34:04.395 30345 30356 I art     : Explicit concurrent mark sweep GC freed 3(96B) AllocSpace objects, 0(0B) LOS objects, 35% free, 29MB/45MB, paused 478us total 43.855ms
08-06 06:34:04.414 30345 30356 I art     : Starting a blocking GC Explicit
08-06 06:34:04.459 30345 30356 I art     : Explicit concurrent mark sweep GC freed 3(96B) AllocSpace objects, 0(0B) LOS objects, 35% free, 29MB/45MB, paused 486us total 45.208ms
08-06 06:34:04.805 30345 31027 I art     : Starting a blocking GC Explicit
08-06 06:34:04.864 30345 31027 I art     : Explicit concurrent mark sweep GC freed 1356(82KB) AllocSpace objects, 1(20KB) LOS objects, 35% free, 29MB/45MB, paused 633us total 58.463ms
08-06 06:34:04.873   797   797 D AndroidRuntime: >>>>>> START com.android.internal.os.RuntimeInit uid 2000 <<<<<<
08-06 06:34:04.880   797   797 D AndroidRuntime: CheckJNI is OFF
08-06 06:34:04.885 30345 31027 I art     : Starting a blocking GC Explicit
08-06 06:34:04.925   797   797 D ICU     : No timezone override file found: /data/misc/zoneinfo/current/icu/icu_tzdata.dat
08-06 06:34:04.933 30345 31027 I art     : Explicit concurrent mark sweep GC freed 20(704B) AllocSpace objects, 0(0B) LOS objects, 35% free, 29MB/45MB, paused 525us total 47.135ms
08-06 06:34:04.951 30345 31027 I art     : Starting a blocking GC Explicit
08-06 06:34:04.971   797   797 I Radio-JNI: register_android_hardware_Radio DONE
08-06 06:34:04.999 30345 31027 I art     : Explicit concurrent mark sweep GC freed 3(96B) AllocSpace objects, 0(0B) LOS objects, 35% free, 29MB/45MB, paused 491us total 47.247ms
08-06 06:34:05.000   797   797 D AndroidRuntime: Calling main entry com.android.commands.input.Input
08-06 06:34:05.002   797   797 I Input   : injectKeyEvent: KeyEvent { action=ACTION_DOWN, keyCode=KEYCODE_BACK, scanCode=0, metaState=0, flags=0x0, repeatCount=0, eventTime=858861415, downTime=858861415, deviceId=-1, source=0x101 }
08-06 06:34:05.010   797   797 I Input   : injectKeyEvent: KeyEvent { action=ACTION_UP, keyCode=KEYCODE_BACK, scanCode=0, metaState=0, flags=0x0, repeatCount=0, eventTime=858861415, downTime=858861415, deviceId=-1, source=0x101 }
08-06 06:34:05.017 30345 31027 I art     : Starting a blocking GC Explicit
08-06 06:34:05.018   797   797 D AndroidRuntime: Shutting down VM
08-06 06:34:05.057 30345 31027 I art     : Explicit concurrent mark sweep GC freed 115(3KB) AllocSpace objects, 0(0B) LOS objects, 35% free, 29MB/45MB, paused 595us total 40.102ms
08-06 06:34:05.064 13866 13866 I GoogleInputMethodServic: GoogleInputMethodService.onFinishInput():3138 
08-06 06:34:05.064 28232 28232 W Atfwd_Sendcmd: AtCmdFwd service not published, waiting... retryCnt : 5
08-06 06:34:05.064 13866 13866 I GoogleInputMethodServic: GoogleInputMethodService.onStartInput():1808 
08-06 06:34:05.074 30345 31027 I art     : Starting a blocking GC Explicit
08-06 06:34:05.118 30345 31027 I art     : Explicit concurrent mark sweep GC freed 53(1872B) AllocSpace objects, 0(0B) LOS objects, 35% free, 29MB/45MB, paused 549us total 44.095ms
08-06 06:34:05.442 30345 32052 I art     : Starting a blocking GC Explicit
08-06 06:34:05.489 30345 32052 I art     : Explicit concurrent mark sweep GC freed 1442(85KB) AllocSpace objects, 1(20KB) LOS objects, 35% free, 29MB/45MB, paused 557us total 47.191ms
08-06 06:34:05.508 30345 32052 I art     : Starting a blocking GC Explicit
08-06 06:34:05.555 30345 32052 I art     : Explicit concurrent mark sweep GC freed 150(7KB) AllocSpace objects, 0(0B) LOS objects, 35% free, 29MB/45MB, paused 527us total 46.944ms
08-06 06:34:05.574 30345 32052 I art     : Starting a blocking GC Explicit
08-06 06:34:05.621 30345 32052 I art     : Explicit concurrent mark sweep GC freed 3(96B) AllocSpace objects, 0(0B) LOS objects, 35% free, 29MB/45MB, paused 524us total 47.568ms
08-06 06:34:05.640 30345 32052 I art     : Starting a blocking GC Explicit
08-06 06:34:05.688 30345 32052 I art     : Explicit concurrent mark sweep GC freed 3(96B) AllocSpace objects, 0(0B) LOS objects, 35% free, 29MB/45MB, paused 536us total 47.563ms
08-06 06:34:05.706 30345 32052 I art     : Starting a blocking GC Explicit
08-06 06:34:05.754 30345 32052 I art     : Explicit concurrent mark sweep GC freed 3(96B) AllocSpace objects, 0(0B) LOS objects, 35% free, 29MB/45MB, paused 510us total 47.354ms
08-06 06:34:06.098 30345 30357 I art     : Starting a blocking GC Explicit
08-06 06:34:06.163 30345 30357 I art     : Explicit concurrent mark sweep GC freed 1356(82KB) AllocSpace objects, 1(20KB) LOS objects, 35% free, 29MB/45MB, paused 597us total 65.272ms
08-06 06:34:06.183 30345 30357 I art     : Starting a blocking GC Explicit
08-06 06:34:06.231 30345 30357 I art     : Explicit concurrent mark sweep GC freed 20(704B) AllocSpace objects, 0(0B) LOS objects, 35% free, 29MB/45MB, paused 516us total 47.451ms
08-06 06:34:06.250 30345 30357 I art     : Starting a blocking GC Explicit
08-06 06:34:06.296 30345 30357 I art     : Explicit concurrent mark sweep GC freed 3(96B) AllocSpace objects, 0(0B) LOS objects, 35% free, 29MB/45MB, paused 503us total 45.638ms
08-06 06:34:06.314 30345 30357 I art     : Starting a blocking GC Explicit
08-06 06:34:06.360 30345 30357 I art     : Explicit concurrent mark sweep GC freed 3(96B) AllocSpace objects, 0(0B) LOS objects, 35% free, 29MB/45MB, paused 510us total 45.238ms
08-06 06:34:06.381 30345 30357 I art     : Starting a blocking GC Explicit
08-06 06:34:06.424 30345 30357 I art     : Explicit concurrent mark sweep GC freed 3(96B) AllocSpace objects, 0(0B) LOS objects, 35% free, 29MB/45MB, paused 501us total 42.969ms
08-06 06:34:06.766 30345 31027 I art     : Starting a blocking GC Explicit
08-06 06:34:06.785   841   841 D AndroidRuntime: >>>>>> START com.android.internal.os.RuntimeInit uid 2000 <<<<<<
08-06 06:34:06.791   841   841 D AndroidRuntime: CheckJNI is OFF
08-06 06:34:06.816 30345 31027 I art     : Explicit concurrent mark sweep GC freed 1356(82KB) AllocSpace objects, 1(20KB) LOS objects, 35% free, 29MB/45MB, paused 526us total 50.138ms
08-06 06:34:06.834 30345 31027 I art     : Starting a blocking GC Explicit
08-06 06:34:06.839   841   841 D ICU     : No timezone override file found: /data/misc/zoneinfo/current/icu/icu_tzdata.dat
08-06 06:34:06.882 30345 31027 I art     : Explicit concurrent mark sweep GC freed 20(704B) AllocSpace objects, 0(0B) LOS objects, 35% free, 29MB/45MB, paused 534us total 47.309ms
08-06 06:34:06.885   841   841 I Radio-JNI: register_android_hardware_Radio DONE
08-06 06:34:06.900 30345 31027 I art     : Starting a blocking GC Explicit
08-06 06:34:06.916   841   841 D AndroidRuntime: Calling main entry com.android.commands.input.Input
08-06 06:34:06.918   841   841 I Input   : injectMotionEvent: MotionEvent { action=ACTION_DOWN, actionButton=0, id[0]=0, x[0]=600.0, y[0]=1733.0, toolType[0]=TOOL_TYPE_UNKNOWN, buttonState=0, metaState=0, flags=0x0, edgeFlags=0x0, pointerCount=1, historySize=0, eventTime=858863331, downTime=858863331, deviceId=0, source=0x1002 }
08-06 06:34:06.927   841   841 I Input   : injectMotionEvent: MotionEvent { action=ACTION_UP, actionButton=0, id[0]=0, x[0]=600.0, y[0]=1733.0, toolType[0]=TOOL_TYPE_UNKNOWN, buttonState=0, metaState=0, flags=0x0, edgeFlags=0x0, pointerCount=1, historySize=0, eventTime=858863331, downTime=858863331, deviceId=0, source=0x1002 }
08-06 06:34:06.929   841   841 D AndroidRuntime: Shutting down VM
08-06 06:34:06.943   512  2967 D audio_hw_primary: out_set_parameters: enter: usecase(1: low-latency-playback) kvpairs: routing=2
08-06 06:34:06.943   918  5952 I ActivityManager: START u0 {dat=https://oauth.reddit.com/... cmp=baseline.org.quantumbadger.redreader/.activities.PostListingActivity} from uid 10705 on display 0
08-06 06:34:06.952 30345 31027 I art     : Explicit concurrent mark sweep GC freed 53(1728B) AllocSpace objects, 0(0B) LOS objects, 35% free, 29MB/45MB, paused 955us total 51.599ms
08-06 06:34:06.957   512  2967 D audio_hw_primary: select_devices: out_snd_device(2: speaker) in_snd_device(0: none)
08-06 06:34:06.957   512  2967 D msm8974_platform: platform_send_audio_calibration: sending audio calibration for snd_device(2) acdb_id(15)
08-06 06:34:06.957   512  2967 I soundtrigger: audio_extn_sound_trigger_update_device_status: device 0x2 of type 0 for Event 1
08-06 06:34:06.968   512  2967 D audio_hw_primary: enable_snd_device: snd_device(2: speaker)
08-06 06:34:06.970 30345 30345 I AppCompatViewInflater: app:theme is now deprecated. Please move to using android:theme instead.
08-06 06:34:06.970   512  2967 D audio_hw_primary: enable_audio_route: apply and update mixer path: low-latency-playback speaker
08-06 06:34:06.972 30345 31027 I art     : Starting a blocking GC Explicit
08-06 06:34:06.996 30345   865 D OK      : calling: https://oauth.reddit.com/r/aww/about.json
08-06 06:34:07.015 30345 31027 I art     : Explicit concurrent mark sweep GC freed 893(76KB) AllocSpace objects, 0(0B) LOS objects, 35% free, 29MB/45MB, paused 576us total 42.789ms
08-06 06:34:07.032 30345 31027 I art     : Starting a blocking GC Explicit
08-06 06:34:07.056   918   936 I ActivityManager: Displayed baseline.org.quantumbadger.redreader/.activities.PostListingActivity: +100ms
08-06 06:34:07.056 13866 13866 I GoogleInputMethodServic: GoogleInputMethodService.onFinishInput():3138 
08-06 06:34:07.057 13866 13866 I GoogleInputMethodServic: GoogleInputMethodService.onStartInput():1808 
08-06 06:34:07.076 30345 31027 I art     : Explicit concurrent mark sweep GC freed 949(39KB) AllocSpace objects, 0(0B) LOS objects, 35% free, 29MB/45MB, paused 629us total 44.029ms
08-06 06:34:07.320   380   380 W SurfaceFlinger: couldn't log to binary event log: overflow.
08-06 06:34:07.358 30345   865 I NAPPA_EXPERIMENTATION: MetricNetworkRequestExecutionTime: REQUEST_DURATION_SYSTEM='361',REQUEST_DURATION_OKHTTP='151',REQUEST_SYNCHRONOUS='TRUE',RESPONSE_CODE='200',RESPONSE_METHOD='GET',RESPONSE_LENGTH_OKHTTP='-1',RESPONSE_LENGTH_HEADER='3478',REQUEST_PROTOCOL='h2',REQUEST_URL='https://oauth.reddit.com/r/aww/about.json',
08-06 06:34:07.358 30345   865 D OK      : request got status: 200
08-06 06:34:07.405 30345 30356 I art     : Starting a blocking GC Explicit
08-06 06:34:07.458 30345 30356 I art     : Explicit concurrent mark sweep GC freed 5302(379KB) AllocSpace objects, 3(156KB) LOS objects, 35% free, 29MB/45MB, paused 597us total 52.850ms
08-06 06:34:07.476 30345 30356 I art     : Starting a blocking GC Explicit
08-06 06:34:07.509   512  2967 D audio_hw_primary: disable_audio_route: reset and update mixer path: low-latency-playback speaker
08-06 06:34:07.510   512  2967 D audio_hw_primary: disable_snd_device: snd_device(2: speaker)
08-06 06:34:07.518   512  2967 I soundtrigger: audio_extn_sound_trigger_update_device_status: device 0x2 of type 0 for Event 0
08-06 06:34:07.525 30345 30356 I art     : Explicit concurrent mark sweep GC freed 260(12KB) AllocSpace objects, 0(0B) LOS objects, 35% free, 29MB/45MB, paused 510us total 48.030ms
08-06 06:34:07.543 30345 30356 I art     : Starting a blocking GC Explicit
08-06 06:34:07.589 30345 30356 I art     : Explicit concurrent mark sweep GC freed 3(96B) AllocSpace objects, 0(0B) LOS objects, 35% free, 29MB/45MB, paused 565us total 45.588ms
08-06 06:34:07.607 30345 30356 I art     : Starting a blocking GC Explicit
08-06 06:34:07.654 30345 30356 I art     : Explicit concurrent mark sweep GC freed 3(96B) AllocSpace objects, 0(0B) LOS objects, 35% free, 29MB/45MB, paused 551us total 46.925ms
08-06 06:34:07.673 30345 30356 I art     : Starting a blocking GC Explicit
08-06 06:34:07.719 30345 30356 I art     : Explicit concurrent mark sweep GC freed 38(1568B) AllocSpace objects, 0(0B) LOS objects, 35% free, 29MB/45MB, paused 549us total 45.839ms
08-06 06:34:08.064 30345 30356 I art     : Starting a blocking GC Explicit
08-06 06:34:08.113 30345 30356 I art     : Explicit concurrent mark sweep GC freed 1380(83KB) AllocSpace objects, 1(20KB) LOS objects, 35% free, 29MB/45MB, paused 526us total 48.354ms
08-06 06:34:08.131 30345 30356 I art     : Starting a blocking GC Explicit
08-06 06:34:08.145 13866 13882 I PeriodicStatsRunner: PeriodicStatsRunner.call():175 call()
08-06 06:34:08.145 13866 13882 I PeriodicStatsRunner: PeriodicStatsRunner.call():179 No submit PeriodicStats since input started.
08-06 06:34:08.174 30345 30356 I art     : Explicit concurrent mark sweep GC freed 20(704B) AllocSpace objects, 0(0B) LOS objects, 35% free, 29MB/45MB, paused 533us total 42.689ms
08-06 06:34:08.193 30345 30356 I art     : Starting a blocking GC Explicit
08-06 06:34:08.197 30345   912 D OK      : calling: https://oauth.reddit.com/r/aww/hot/.json
08-06 06:34:08.239 30345 30356 I art     : Explicit concurrent mark sweep GC freed 95(3KB) AllocSpace objects, 0(0B) LOS objects, 35% free, 29MB/45MB, paused 637us total 45.289ms
08-06 06:34:08.257 30345 30356 I art     : Starting a blocking GC Explicit
08-06 06:34:08.303 30345 30356 I art     : Explicit concurrent mark sweep GC freed 9(352B) AllocSpace objects, 0(0B) LOS objects, 35% free, 29MB/45MB, paused 612us total 46.442ms
08-06 06:34:08.322 30345 30356 I art     : Starting a blocking GC Explicit
08-06 06:34:08.365 30345   912 I NAPPA_EXPERIMENTATION: MetricNetworkRequestExecutionTime: REQUEST_DURATION_SYSTEM='168',REQUEST_DURATION_OKHTTP='164',REQUEST_SYNCHRONOUS='TRUE',RESPONSE_CODE='200',RESPONSE_METHOD='GET',RESPONSE_LENGTH_OKHTTP='-1',RESPONSE_LENGTH_HEADER='33430',REQUEST_PROTOCOL='h2',REQUEST_URL='https://oauth.reddit.com/r/aww/hot/.json',
08-06 06:34:08.365 30345   912 D OK      : request got status: 200
08-06 06:34:08.368 30345 30356 I art     : Explicit concurrent mark sweep GC freed 357(30KB) AllocSpace objects, 0(0B) LOS objects, 35% free, 29MB/45MB, paused 627us total 46.143ms
08-06 06:34:08.373 30345 30917 I PostListingFragment: Precaching images: OFF
08-06 06:34:08.373 30345 30917 I PostListingFragment: Precaching comments: OFF
08-06 06:34:08.385 30345   913 D OK      : calling: https://b.thumbs.redditmedia.com/CKInrczASoQbNvSBStGz11Tok0uCyQoxmZ02sOE37sQ.jpg
08-06 06:34:08.396 30345   914 D OK      : calling: https://a.thumbs.redditmedia.com/sKVnLbatvJCZOE2ooe6CgiEftOB3ukgPMdcydbk9CZ4.jpg
08-06 06:34:08.397 30345 30917 I getImgurImageInfo: Image NSO7Npm: trying API v3 with auth
08-06 06:34:08.398 30345   915 D OK      : calling: https://api.gfycat.com/v1/gfycats/deadlygravecavy
08-06 06:34:08.405 30345   916 D OK      : calling: https://a.thumbs.redditmedia.com/dFt2-stQJkfZ8O7r7ywG9GQsF08fZXxEJfQtAmiJ-F8.jpg
08-06 06:34:08.407 30345   917 D OK      : calling: https://b.thumbs.redditmedia.com/1cAaKl6LkrikiRbLsBzzOvufKqRKuPi3wgjUkX8axkI.jpg
08-06 06:34:08.408 30345   919 D OK      : calling: https://api.imgur.com/3/image/NSO7Npm
08-06 06:34:08.415 30345   920 D OK      : calling: https://b.thumbs.redditmedia.com/NUqJWcobH7ToYhCM0w6nnAFZ46ymm9vPD25BC3s7Wco.jpg
08-06 06:34:08.419 30345   921 D OK      : calling: https://b.thumbs.redditmedia.com/bUY4al781EZ3q7hUlnLebemHCXE3e63_SSxl2uo4Q4A.jpg
08-06 06:34:08.422 30345   922 D OK      : calling: https://b.thumbs.redditmedia.com/tTmEfIrujbsvZXbhNSQS6Pc7o7ShCaGqZHbYf7nWdfg.jpg
08-06 06:34:08.427 30345   944 D OK      : calling: https://b.thumbs.redditmedia.com/_H8tFMmL5-3GrxYkCtMSHiyNfjbX8pxctOw_vrzyw7o.jpg
08-06 06:34:08.430 30345   946 D OK      : calling: https://b.thumbs.redditmedia.com/JTSWFy2_tijPk6cA5noKDydEAMkMJcDmKQTSX178zwc.jpg
08-06 06:34:08.434 30345   947 D OK      : calling: https://b.thumbs.redditmedia.com/N6fiqTp8nJD2l7sUz4nij7j1yHYMTKaflUIrn8E2bAU.jpg
08-06 06:34:08.434 30345   948 D OK      : calling: https://b.thumbs.redditmedia.com/HkEQtny0bE4H3dMCd_woPsLAXBoPwp_DZ4ioFNIQLKk.jpg
08-06 06:34:08.437 30345   949 D OK      : calling: https://v.redd.it/fkewv2f65kd51/DASHPlaylist.mpd
08-06 06:34:08.438 30345   950 D OK      : calling: https://b.thumbs.redditmedia.com/lVNra-iScxkYcYtSstJ-7J7pRAUDRXIwwJhsen1ZK9g.jpg
08-06 06:34:08.442 30345   951 D OK      : calling: https://b.thumbs.redditmedia.com/lQKqDneXS8E7ZBD9cUQy4OqOt8PuTneSvVFtnU0pwCE.jpg
08-06 06:34:08.448 30345   952 D OK      : calling: https://api.gfycat.com/v1/gfycats/altruisticthankfulankolewatusi
08-06 06:34:08.452 30345   954 D OK      : calling: https://v.redd.it/ak6rer1hskd51/DASHPlaylist.mpd
08-06 06:34:08.453 30345   953 D OK      : calling: https://b.thumbs.redditmedia.com/X3yyAViE0gxiHR-kf9Z5xmLa8dKsm8iWJyKdWNVtOhU.jpg
08-06 06:34:08.455 30345   955 D OK      : calling: https://api.gfycat.com/v1/gfycats/foolhardysparklinglarva
08-06 06:34:08.458 30345   956 D OK      : calling: https://b.thumbs.redditmedia.com/Bx9FZp8_w10DfFUf_mqVPMfu4Y0h2lo41Dh4tl2eNeQ.jpg
08-06 06:34:08.458 30345   957 D OK      : calling: https://v.redd.it/h49fg58ygjd51/DASHPlaylist.mpd
08-06 06:34:08.462 30345   958 D OK      : calling: https://a.thumbs.redditmedia.com/KpcC72KH04Be3BqxmFbv_Gz7LCy-24GU-70or3KCdJ4.jpg
08-06 06:34:08.477 30345   959 D OK      : calling: https://a.thumbs.redditmedia.com/cEOtajy3CAQrjwSA3hhSqnPx8bfkRzglo7Lz1SBTmE0.jpg
08-06 06:34:08.480 30345   960 D OK      : calling: https://v.redd.it/1ewzkieg0jd51/DASHPlaylist.mpd
08-06 06:34:08.482 30345   961 D OK      : calling: https://b.thumbs.redditmedia.com/RrJbRRjFZWmckrONtkPTloJh52FfqD_XkLMuYuuQvAg.jpg
08-06 06:34:08.485 30345   962 D OK      : calling: https://b.thumbs.redditmedia.com/chqK3f9u3D7UmfrGP85f4sOQFihMk6q7fFSeMyWs_7E.jpg
08-06 06:34:08.488 30345   963 D OK      : calling: https://b.thumbs.redditmedia.com/B18Vu5Jw71XCkFOFHimnUC42ya8apHsmcCW-HFmtb6w.jpg
08-06 06:34:08.491 30345   964 D OK      : calling: https://b.thumbs.redditmedia.com/iZuzjufMpYUYtQRLjRwce4RDb6JYsId95_iezR2Uc0w.jpg
08-06 06:34:08.498 30345   965 D OK      : calling: https://v.redd.it/ppmhu2r9thd51/DASHPlaylist.mpd
08-06 06:34:08.499 30345   966 D OK      : calling: https://v.redd.it/s9qqadf3mid51/DASHPlaylist.mpd
08-06 06:34:08.502 30345   969 D OK      : calling: https://v.redd.it/b8vazlcb7ld51/DASHPlaylist.mpd
08-06 06:34:08.505 30345   970 D OK      : calling: https://b.thumbs.redditmedia.com/XNb1kfskabGDLMqv661Q22hBtCb8w5oyePDcFaZi9aY.jpg
08-06 06:34:08.514 30345   971 D OK      : calling: https://v.redd.it/ty24o02m1hd51/DASHPlaylist.mpd
08-06 06:34:08.515 30345   972 D OK      : calling: https://b.thumbs.redditmedia.com/lMqJbh1Z40ffemA0TnSfVnovznn4hvJNue60AsJ-ETs.jpg
08-06 06:34:08.518 30345   973 D OK      : calling: https://b.thumbs.redditmedia.com/x5l4cICw0WNNvslt5FqVjwj89XrGjrXnNbaSyQRAyCo.jpg
08-06 06:34:08.521 30345   974 D OK      : calling: https://v.redd.it/ar5k8892pid51/DASHPlaylist.mpd
08-06 06:34:08.523 30345   977 D OK      : calling: https://b.thumbs.redditmedia.com/189nmwjW7eGWBD0J-cxzsUac1V1ZWGzMFC66inY4u4Y.jpg
08-06 06:34:08.542 30345   981 D OK      : calling: https://b.thumbs.redditmedia.com/d_-UsfmKASoIHi4vZyyjvvwFtm1S7-DEi9AQPOnGIgY.jpg
08-06 06:34:08.631 30345 30345 W RecyclerView: Cannot call this method in a scroll callback. Scroll callbacks mightbe run during a measure & layout pass where you cannot change theRecyclerView data. Any method call that might change the structureof the RecyclerView or the adapter contents should be postponed tothe next frame.
08-06 06:34:08.631 30345 30345 W RecyclerView: java.lang.IllegalStateException:  androidx.recyclerview.widget.RecyclerView{7deba40 VFED..... .F....ID 0,0-1440,2140 #7f0900ef app:id/scrollbar_recyclerview_recyclerview}, adapter:baseline.org.quantumbadger.redreader.adapters.GroupedRecyclerViewAdapter@414fd79, layout:androidx.recyclerview.widget.LinearLayoutManager@6c0fabe, context:baseline.org.quantumbadger.redreader.activities.PostListingActivity@a9a7945
08-06 06:34:08.631 30345 30345 W RecyclerView: 	at androidx.recyclerview.widget.RecyclerView.assertNotInLayoutOrScroll(RecyclerView.java:3061)
08-06 06:34:08.631 30345 30345 W RecyclerView: 	at androidx.recyclerview.widget.RecyclerView$RecyclerViewDataObserver.onItemRangeInserted(RecyclerView.java:5555)
08-06 06:34:08.631 30345 30345 W RecyclerView: 	at androidx.recyclerview.widget.RecyclerView$AdapterDataObservable.notifyItemRangeInserted(RecyclerView.java:12278)
08-06 06:34:08.631 30345 30345 W RecyclerView: 	at androidx.recyclerview.widget.RecyclerView$Adapter.notifyItemInserted(RecyclerView.java:7464)
08-06 06:34:08.631 30345 30345 W RecyclerView: 	at baseline.org.quantumbadger.redreader.adapters.GroupedRecyclerViewAdapter.updateHiddenStatus(GroupedRecyclerViewAdapter.java:279)
08-06 06:34:08.631 30345 30345 W RecyclerView: 	at baseline.org.quantumbadger.redreader.adapters.RedditListingManager.setLoadingVisible(RedditListingManager.java:125)
08-06 06:34:08.631 30345 30345 W RecyclerView: 	at baseline.org.quantumbadger.redreader.fragments.PostListingFragment.onLoadMoreItemsCheck(PostListingFragment.java:465)
08-06 06:34:08.631 30345 30345 W RecyclerView: 	at baseline.org.quantumbadger.redreader.fragments.PostListingFragment.access$000(PostListingFragment.java:98)
08-06 06:34:08.631 30345 30345 W RecyclerView: 	at baseline.org.quantumbadger.redreader.fragments.PostListingFragment$2.onScrolled(PostListingFragment.java:215)
08-06 06:34:08.631 30345 30345 W RecyclerView: 	at androidx.recyclerview.widget.RecyclerView.dispatchOnScrolled(RecyclerView.java:5173)
08-06 06:34:08.631 30345 30345 W RecyclerView: 	at androidx.recyclerview.widget.RecyclerView.dispatchLayoutStep3(RecyclerView.java:4231)
08-06 06:34:08.631 30345 30345 W RecyclerView: 	at androidx.recyclerview.widget.RecyclerView.dispatchLayout(RecyclerView.java:3862)
08-06 06:34:08.631 30345 30345 W RecyclerView: 	at androidx.recyclerview.widget.RecyclerView.consumePendingUpdateOperations(RecyclerView.java:1897)
08-06 06:34:08.631 30345 30345 W RecyclerView: 	at androidx.recyclerview.widget.RecyclerView$1.run(RecyclerView.java:414)
08-06 06:34:08.631 30345 30345 W RecyclerView: 	at android.view.Choreographer$CallbackRecord.run(Choreographer.java:858)
08-06 06:34:08.631 30345 30345 W RecyclerView: 	at android.view.Choreographer.doCallbacks(Choreographer.java:670)
08-06 06:34:08.631 30345 30345 W RecyclerView: 	at android.view.Choreographer.doFrame(Choreographer.java:603)
08-06 06:34:08.631 30345 30345 W RecyclerView: 	at android.view.Choreographer$FrameDisplayEventReceiver.run(Choreographer.java:844)
08-06 06:34:08.631 30345 30345 W RecyclerView: 	at android.os.Handler.handleCallback(Handler.java:739)
08-06 06:34:08.631 30345 30345 W RecyclerView: 	at android.os.Handler.dispatchMessage(Handler.java:95)
08-06 06:34:08.631 30345 30345 W RecyclerView: 	at android.os.Looper.loop(Looper.java:148)
08-06 06:34:08.631 30345 30345 W RecyclerView: 	at android.app.ActivityThread.main(ActivityThread.java:5417)
08-06 06:34:08.631 30345 30345 W RecyclerView: 	at java.lang.reflect.Method.invoke(Native Method)
08-06 06:34:08.631 30345 30345 W RecyclerView: 	at com.android.internal.os.ZygoteInit$MethodAndArgsCaller.run(ZygoteInit.java:726)
08-06 06:34:08.631 30345 30345 W RecyclerView: 	at com.android.internal.os.ZygoteInit.main(ZygoteInit.java:616)
08-06 06:34:08.688 30345 32052 I art     : Starting a blocking GC Explicit
08-06 06:34:08.758 30345 32052 I art     : Explicit concurrent mark sweep GC freed 52240(2MB) AllocSpace objects, 3(156KB) LOS objects, 34% free, 30MB/46MB, paused 2.777ms total 69.449ms
08-06 06:34:08.778 30345 32052 I art     : Starting a blocking GC Explicit
08-06 06:34:08.834 30345 32052 I art     : Explicit concurrent mark sweep GC freed 7445(371KB) AllocSpace objects, 0(0B) LOS objects, 34% free, 30MB/46MB, paused 3.721ms total 55.686ms
08-06 06:34:08.855 30345 32052 I art     : Starting a blocking GC Explicit
08-06 06:34:08.914 30345 32052 I art     : Explicit concurrent mark sweep GC freed 11357(529KB) AllocSpace objects, 0(0B) LOS objects, 34% free, 30MB/46MB, paused 2.748ms total 58.564ms
08-06 06:34:08.937 30345 32052 I art     : Starting a blocking GC Explicit
08-06 06:34:08.991 30345 32052 I art     : Explicit concurrent mark sweep GC freed 6598(406KB) AllocSpace objects, 0(0B) LOS objects, 34% free, 30MB/46MB, paused 2.700ms total 53.905ms
08-06 06:34:09.011 30345 32052 I art     : Starting a blocking GC Explicit
08-06 06:34:09.069 30345   913 I NAPPA_EXPERIMENTATION: MetricNetworkRequestExecutionTime: REQUEST_DURATION_SYSTEM='684',REQUEST_DURATION_OKHTTP='327',REQUEST_SYNCHRONOUS='TRUE',RESPONSE_CODE='200',RESPONSE_METHOD='GET',RESPONSE_LENGTH_OKHTTP='3891',RESPONSE_LENGTH_HEADER='3891',REQUEST_PROTOCOL='h2',REQUEST_URL='https://b.thumbs.redditmedia.com/CKInrczASoQbNvSBStGz11Tok0uCyQoxmZ02sOE37sQ.jpg',
08-06 06:34:09.069 30345   913 D OK      : request got status: 200
08-06 06:34:09.070 30345 32052 I art     : Explicit concurrent mark sweep GC freed 11145(517KB) AllocSpace objects, 0(0B) LOS objects, 34% free, 30MB/46MB, paused 3.049ms total 58.518ms
08-06 06:34:09.198 30345   914 I NAPPA_EXPERIMENTATION: MetricNetworkRequestExecutionTime: REQUEST_DURATION_SYSTEM='801',REQUEST_DURATION_OKHTTP='425',REQUEST_SYNCHRONOUS='TRUE',RESPONSE_CODE='200',RESPONSE_METHOD='GET',RESPONSE_LENGTH_OKHTTP='4487',RESPONSE_LENGTH_HEADER='4487',REQUEST_PROTOCOL='h2',REQUEST_URL='https://a.thumbs.redditmedia.com/sKVnLbatvJCZOE2ooe6CgiEftOB3ukgPMdcydbk9CZ4.jpg',
08-06 06:34:09.198 30345   914 D OK      : request got status: 200
08-06 06:34:09.207 30345   917 I NAPPA_EXPERIMENTATION: MetricNetworkRequestExecutionTime: REQUEST_DURATION_SYSTEM='800',REQUEST_DURATION_OKHTTP='360',REQUEST_SYNCHRONOUS='TRUE',RESPONSE_CODE='200',RESPONSE_METHOD='GET',RESPONSE_LENGTH_OKHTTP='5113',RESPONSE_LENGTH_HEADER='5113',REQUEST_PROTOCOL='h2',REQUEST_URL='https://b.thumbs.redditmedia.com/1cAaKl6LkrikiRbLsBzzOvufKqRKuPi3wgjUkX8axkI.jpg',
08-06 06:34:09.207 30345   917 D OK      : request got status: 200
08-06 06:34:09.292 30345   916 I NAPPA_EXPERIMENTATION: MetricNetworkRequestExecutionTime: REQUEST_DURATION_SYSTEM='887',REQUEST_DURATION_OKHTTP='472',REQUEST_SYNCHRONOUS='TRUE',RESPONSE_CODE='200',RESPONSE_METHOD='GET',RESPONSE_LENGTH_OKHTTP='6530',RESPONSE_LENGTH_HEADER='6530',REQUEST_PROTOCOL='h2',REQUEST_URL='https://a.thumbs.redditmedia.com/dFt2-stQJkfZ8O7r7ywG9GQsF08fZXxEJfQtAmiJ-F8.jpg',
08-06 06:34:09.293 30345   916 D OK      : request got status: 200
08-06 06:34:09.297 30345   944 I NAPPA_EXPERIMENTATION: MetricNetworkRequestExecutionTime: REQUEST_DURATION_SYSTEM='870',REQUEST_DURATION_OKHTTP='435',REQUEST_SYNCHRONOUS='TRUE',RESPONSE_CODE='200',RESPONSE_METHOD='GET',RESPONSE_LENGTH_OKHTTP='6434',RESPONSE_LENGTH_HEADER='6434',REQUEST_PROTOCOL='h2',REQUEST_URL='https://b.thumbs.redditmedia.com/_H8tFMmL5-3GrxYkCtMSHiyNfjbX8pxctOw_vrzyw7o.jpg',
08-06 06:34:09.297 30345   944 D OK      : request got status: 200
08-06 06:34:09.373 30345   921 I NAPPA_EXPERIMENTATION: MetricNetworkRequestExecutionTime: REQUEST_DURATION_SYSTEM='953',REQUEST_DURATION_OKHTTP='474',REQUEST_SYNCHRONOUS='TRUE',RESPONSE_CODE='200',RESPONSE_METHOD='GET',RESPONSE_LENGTH_OKHTTP='6131',RESPONSE_LENGTH_HEADER='6131',REQUEST_PROTOCOL='h2',REQUEST_URL='https://b.thumbs.redditmedia.com/bUY4al781EZ3q7hUlnLebemHCXE3e63_SSxl2uo4Q4A.jpg',
08-06 06:34:09.373 30345   921 D OK      : request got status: 200
08-06 06:34:09.373 30345   922 I NAPPA_EXPERIMENTATION: MetricNetworkRequestExecutionTime: REQUEST_DURATION_SYSTEM='951',REQUEST_DURATION_OKHTTP='496',REQUEST_SYNCHRONOUS='TRUE',RESPONSE_CODE='200',RESPONSE_METHOD='GET',RESPONSE_LENGTH_OKHTTP='5439',RESPONSE_LENGTH_HEADER='5439',REQUEST_PROTOCOL='h2',REQUEST_URL='https://b.thumbs.redditmedia.com/tTmEfIrujbsvZXbhNSQS6Pc7o7ShCaGqZHbYf7nWdfg.jpg',
08-06 06:34:09.373 30345   922 D OK      : request got status: 200
08-06 06:34:09.398 30345  1038 D OK      : calling: https://oauth.reddit.com/r/aww/hot/.json?after=t3_hz5odc
08-06 06:34:09.405 30345   951 I NAPPA_EXPERIMENTATION: MetricNetworkRequestExecutionTime: REQUEST_DURATION_SYSTEM='961',REQUEST_DURATION_OKHTTP='490',REQUEST_SYNCHRONOUS='TRUE',RESPONSE_CODE='200',RESPONSE_METHOD='GET',RESPONSE_LENGTH_OKHTTP='6093',RESPONSE_LENGTH_HEADER='6093',REQUEST_PROTOCOL='h2',REQUEST_URL='https://b.thumbs.redditmedia.com/lQKqDneXS8E7ZBD9cUQy4OqOt8PuTneSvVFtnU0pwCE.jpg',
08-06 06:34:09.405 30345   951 D OK      : request got status: 200
08-06 06:34:09.415 30345 32052 I art     : Starting a blocking GC Explicit
08-06 06:34:09.478 30345 32052 I art     : Explicit concurrent mark sweep GC freed 46652(2MB) AllocSpace objects, 39(2MB) LOS objects, 33% free, 31MB/47MB, paused 2.272ms total 62.705ms
08-06 06:34:09.483 30345   946 I NAPPA_EXPERIMENTATION: MetricNetworkRequestExecutionTime: REQUEST_DURATION_SYSTEM='1053',REQUEST_DURATION_OKHTTP='555',REQUEST_SYNCHRONOUS='TRUE',RESPONSE_CODE='200',RESPONSE_METHOD='GET',RESPONSE_LENGTH_OKHTTP='6634',RESPONSE_LENGTH_HEADER='6634',REQUEST_PROTOCOL='h2',REQUEST_URL='https://b.thumbs.redditmedia.com/JTSWFy2_tijPk6cA5noKDydEAMkMJcDmKQTSX178zwc.jpg',
08-06 06:34:09.483 30345   946 D OK      : request got status: 200
08-06 06:34:09.498 30345 32052 I art     : Starting a blocking GC Explicit
08-06 06:34:09.521 30345   948 I NAPPA_EXPERIMENTATION: MetricNetworkRequestExecutionTime: REQUEST_DURATION_SYSTEM='1087',REQUEST_DURATION_OKHTTP='589',REQUEST_SYNCHRONOUS='TRUE',RESPONSE_CODE='200',RESPONSE_METHOD='GET',RESPONSE_LENGTH_OKHTTP='8699',RESPONSE_LENGTH_HEADER='8699',REQUEST_PROTOCOL='h2',REQUEST_URL='https://b.thumbs.redditmedia.com/HkEQtny0bE4H3dMCd_woPsLAXBoPwp_DZ4ioFNIQLKk.jpg',
08-06 06:34:09.521 30345   948 D OK      : request got status: 200
08-06 06:34:09.549 30345 32052 I art     : Explicit concurrent mark sweep GC freed 3443(170KB) AllocSpace objects, 8(460KB) LOS objects, 33% free, 31MB/47MB, paused 2.118ms total 51.573ms
08-06 06:34:09.557 30345   947 I NAPPA_EXPERIMENTATION: MetricNetworkRequestExecutionTime: REQUEST_DURATION_SYSTEM='1122',REQUEST_DURATION_OKHTTP='602',REQUEST_SYNCHRONOUS='TRUE',RESPONSE_CODE='200',RESPONSE_METHOD='GET',RESPONSE_LENGTH_OKHTTP='7265',RESPONSE_LENGTH_HEADER='7265',REQUEST_PROTOCOL='h2',REQUEST_URL='https://b.thumbs.redditmedia.com/N6fiqTp8nJD2l7sUz4nij7j1yHYMTKaflUIrn8E2bAU.jpg',
08-06 06:34:09.557 30345   947 D OK      : request got status: 200
08-06 06:34:09.568 30345 32052 I art     : Starting a blocking GC Explicit
08-06 06:34:09.600 30345   919 I NAPPA_EXPERIMENTATION: MetricNetworkRequestExecutionTime: REQUEST_DURATION_SYSTEM='1190',REQUEST_DURATION_OKHTTP='717',REQUEST_SYNCHRONOUS='TRUE',RESPONSE_CODE='200',RESPONSE_METHOD='GET',RESPONSE_LENGTH_OKHTTP='-1',RESPONSE_LENGTH_HEADER='379',REQUEST_PROTOCOL='h2',REQUEST_URL='https://api.imgur.com/3/image/NSO7Npm',
08-06 06:34:09.600 30345   919 D OK      : request got status: 200
08-06 06:34:09.624 30345 32052 I art     : Explicit concurrent mark sweep GC freed 842(83KB) AllocSpace objects, 6(456KB) LOS objects, 33% free, 32MB/48MB, paused 2.103ms total 56.260ms
08-06 06:34:09.624 30345   953 I NAPPA_EXPERIMENTATION: MetricNetworkRequestExecutionTime: REQUEST_DURATION_SYSTEM='1171',REQUEST_DURATION_OKHTTP='618',REQUEST_SYNCHRONOUS='TRUE',RESPONSE_CODE='200',RESPONSE_METHOD='GET',RESPONSE_LENGTH_OKHTTP='7078',RESPONSE_LENGTH_HEADER='7078',REQUEST_PROTOCOL='h2',REQUEST_URL='https://b.thumbs.redditmedia.com/X3yyAViE0gxiHR-kf9Z5xmLa8dKsm8iWJyKdWNVtOhU.jpg',
08-06 06:34:09.625 30345   953 D OK      : request got status: 200
08-06 06:34:09.642 30345   958 I NAPPA_EXPERIMENTATION: MetricNetworkRequestExecutionTime: REQUEST_DURATION_SYSTEM='1180',REQUEST_DURATION_OKHTTP='541',REQUEST_SYNCHRONOUS='TRUE',RESPONSE_CODE='200',RESPONSE_METHOD='GET',RESPONSE_LENGTH_OKHTTP='4798',RESPONSE_LENGTH_HEADER='4798',REQUEST_PROTOCOL='h2',REQUEST_URL='https://a.thumbs.redditmedia.com/KpcC72KH04Be3BqxmFbv_Gz7LCy-24GU-70or3KCdJ4.jpg',
08-06 06:34:09.642 30345   958 D OK      : request got status: 200
08-06 06:34:09.644 30345 32052 I art     : Starting a blocking GC Explicit
08-06 06:34:09.678 30345   959 I NAPPA_EXPERIMENTATION: MetricNetworkRequestExecutionTime: REQUEST_DURATION_SYSTEM='1200',REQUEST_DURATION_OKHTTP='557',REQUEST_SYNCHRONOUS='TRUE',RESPONSE_CODE='200',RESPONSE_METHOD='GET',RESPONSE_LENGTH_OKHTTP='5648',RESPONSE_LENGTH_HEADER='5648',REQUEST_PROTOCOL='h2',REQUEST_URL='https://a.thumbs.redditmedia.com/cEOtajy3CAQrjwSA3hhSqnPx8bfkRzglo7Lz1SBTmE0.jpg',
08-06 06:34:09.678 30345   959 D OK      : request got status: 200
08-06 06:34:09.702 30345 32052 I art     : Explicit concurrent mark sweep GC freed 1120(120KB) AllocSpace objects, 9(660KB) LOS objects, 32% free, 32MB/48MB, paused 1.881ms total 57.841ms
08-06 06:34:09.716 30345   920 I NAPPA_EXPERIMENTATION: MetricNetworkRequestExecutionTime: REQUEST_DURATION_SYSTEM='1301',REQUEST_DURATION_OKHTTP='710',REQUEST_SYNCHRONOUS='TRUE',RESPONSE_CODE='200',RESPONSE_METHOD='GET',RESPONSE_LENGTH_OKHTTP='6242',RESPONSE_LENGTH_HEADER='6242',REQUEST_PROTOCOL='h2',REQUEST_URL='https://b.thumbs.redditmedia.com/NUqJWcobH7ToYhCM0w6nnAFZ46ymm9vPD25BC3s7Wco.jpg',
08-06 06:34:09.717 30345   920 D OK      : request got status: 200
08-06 06:34:09.721 30345 32052 I art     : Starting a blocking GC Explicit
08-06 06:34:09.744 30345   950 I NAPPA_EXPERIMENTATION: MetricNetworkRequestExecutionTime: REQUEST_DURATION_SYSTEM='1306',REQUEST_DURATION_OKHTTP='700',REQUEST_SYNCHRONOUS='TRUE',RESPONSE_CODE='200',RESPONSE_METHOD='GET',RESPONSE_LENGTH_OKHTTP='4018',RESPONSE_LENGTH_HEADER='4018',REQUEST_PROTOCOL='h2',REQUEST_URL='https://b.thumbs.redditmedia.com/lVNra-iScxkYcYtSstJ-7J7pRAUDRXIwwJhsen1ZK9g.jpg',
08-06 06:34:09.744 30345   950 D OK      : request got status: 200
08-06 06:34:09.770 30345   954 I NAPPA_EXPERIMENTATION: MetricNetworkRequestExecutionTime: REQUEST_DURATION_SYSTEM='1318',REQUEST_DURATION_OKHTTP='678',REQUEST_SYNCHRONOUS='TRUE',RESPONSE_CODE='200',RESPONSE_METHOD='GET',RESPONSE_LENGTH_OKHTTP='1713',RESPONSE_LENGTH_HEADER='1713',REQUEST_PROTOCOL='h2',REQUEST_URL='https://v.redd.it/ak6rer1hskd51/DASHPlaylist.mpd',
08-06 06:34:09.771 30345   954 D OK      : request got status: 200
08-06 06:34:09.771 30345 32052 I art     : Explicit concurrent mark sweep GC freed 1495(222KB) AllocSpace objects, 18(1136KB) LOS objects, 32% free, 33MB/49MB, paused 1.786ms total 49.439ms
08-06 06:34:09.791 30345   957 I NAPPA_EXPERIMENTATION: MetricNetworkRequestExecutionTime: REQUEST_DURATION_SYSTEM='1332',REQUEST_DURATION_OKHTTP='710',REQUEST_SYNCHRONOUS='TRUE',RESPONSE_CODE='200',RESPONSE_METHOD='GET',RESPONSE_LENGTH_OKHTTP='2429',RESPONSE_LENGTH_HEADER='2429',REQUEST_PROTOCOL='h2',REQUEST_URL='https://v.redd.it/h49fg58ygjd51/DASHPlaylist.mpd',
08-06 06:34:09.791 30345   957 D OK      : request got status: 200
08-06 06:34:09.797 30345   956 I NAPPA_EXPERIMENTATION: MetricNetworkRequestExecutionTime: REQUEST_DURATION_SYSTEM='1339',REQUEST_DURATION_OKHTTP='720',REQUEST_SYNCHRONOUS='TRUE',RESPONSE_CODE='200',RESPONSE_METHOD='GET',RESPONSE_LENGTH_OKHTTP='5207',RESPONSE_LENGTH_HEADER='5207',REQUEST_PROTOCOL='h2',REQUEST_URL='https://b.thumbs.redditmedia.com/Bx9FZp8_w10DfFUf_mqVPMfu4Y0h2lo41Dh4tl2eNeQ.jpg',
08-06 06:34:09.797 30345   956 D OK      : request got status: 200
08-06 06:34:09.808 30345   960 I NAPPA_EXPERIMENTATION: MetricNetworkRequestExecutionTime: REQUEST_DURATION_SYSTEM='1328',REQUEST_DURATION_OKHTTP='680',REQUEST_SYNCHRONOUS='TRUE',RESPONSE_CODE='200',RESPONSE_METHOD='GET',RESPONSE_LENGTH_OKHTTP='3058',RESPONSE_LENGTH_HEADER='3058',REQUEST_PROTOCOL='h2',REQUEST_URL='https://v.redd.it/1ewzkieg0jd51/DASHPlaylist.mpd',
08-06 06:34:09.809 30345   960 D OK      : request got status: 200
08-06 06:34:09.816 30345   954 I RedditVideosAPI: For 'https://v.redd.it/ak6rer1hskd51/DASHPlaylist.mpd', got video stream 'https://v.redd.it/ak6rer1hskd51/DASH_360' and audio stream 'null'
08-06 06:34:09.818 30345   955 I NAPPA_EXPERIMENTATION: MetricNetworkRequestExecutionTime: REQUEST_DURATION_SYSTEM='1362',REQUEST_DURATION_OKHTTP='591',REQUEST_SYNCHRONOUS='TRUE',RESPONSE_CODE='200',RESPONSE_METHOD='GET',RESPONSE_LENGTH_OKHTTP='-1',RESPONSE_LENGTH_HEADER='1021',REQUEST_PROTOCOL='http/1.1',REQUEST_URL='https://api.gfycat.com/v1/gfycats/foolhardysparklinglarva',
08-06 06:34:09.818 30345   955 D OK      : request got status: 200
08-06 06:34:09.850 30345   949 I NAPPA_EXPERIMENTATION: MetricNetworkRequestExecutionTime: REQUEST_DURATION_SYSTEM='1413',REQUEST_DURATION_OKHTTP='698',REQUEST_SYNCHRONOUS='TRUE',RESPONSE_CODE='200',RESPONSE_METHOD='GET',RESPONSE_LENGTH_OKHTTP='2700',RESPONSE_LENGTH_HEADER='2700',REQUEST_PROTOCOL='h2',REQUEST_URL='https://v.redd.it/fkewv2f65kd51/DASHPlaylist.mpd',
08-06 06:34:09.850 30345   949 D OK      : request got status: 200
08-06 06:34:09.851 30345   962 I NAPPA_EXPERIMENTATION: MetricNetworkRequestExecutionTime: REQUEST_DURATION_SYSTEM='1366',REQUEST_DURATION_OKHTTP='769',REQUEST_SYNCHRONOUS='TRUE',RESPONSE_CODE='200',RESPONSE_METHOD='GET',RESPONSE_LENGTH_OKHTTP='6163',RESPONSE_LENGTH_HEADER='6163',REQUEST_PROTOCOL='h2',REQUEST_URL='https://b.thumbs.redditmedia.com/chqK3f9u3D7UmfrGP85f4sOQFihMk6q7fFSeMyWs_7E.jpg',
08-06 06:34:09.851 30345   962 D OK      : request got status: 200
08-06 06:34:09.861 30345   952 I NAPPA_EXPERIMENTATION: MetricNetworkRequestExecutionTime: REQUEST_DURATION_SYSTEM='1413',REQUEST_DURATION_OKHTTP='587',REQUEST_SYNCHRONOUS='TRUE',RESPONSE_CODE='200',RESPONSE_METHOD='GET',RESPONSE_LENGTH_OKHTTP='-1',RESPONSE_LENGTH_HEADER='955',REQUEST_PROTOCOL='http/1.1',REQUEST_URL='https://api.gfycat.com/v1/gfycats/altruisticthankfulankolewatusi',
08-06 06:34:09.861 30345   952 D OK      : request got status: 200
08-06 06:34:09.862 30345   957 I RedditVideosAPI: For 'https://v.redd.it/h49fg58ygjd51/DASHPlaylist.mpd', got video stream 'https://v.redd.it/h49fg58ygjd51/DASH_480' and audio stream 'null'
08-06 06:34:09.865 30345   964 I NAPPA_EXPERIMENTATION: MetricNetworkRequestExecutionTime: REQUEST_DURATION_SYSTEM='1374',REQUEST_DURATION_OKHTTP='769',REQUEST_SYNCHRONOUS='TRUE',RESPONSE_CODE='200',RESPONSE_METHOD='GET',RESPONSE_LENGTH_OKHTTP='2861',RESPONSE_LENGTH_HEADER='2861',REQUEST_PROTOCOL='h2',REQUEST_URL='https://b.thumbs.redditmedia.com/iZuzjufMpYUYtQRLjRwce4RDb6JYsId95_iezR2Uc0w.jpg',
08-06 06:34:09.865 30345   964 D OK      : request got status: 200
08-06 06:34:09.866 30345   960 I RedditVideosAPI: For 'https://v.redd.it/1ewzkieg0jd51/DASHPlaylist.mpd', got video stream 'https://v.redd.it/1ewzkieg0jd51/DASH_480' and audio stream 'https://v.redd.it/1ewzkieg0jd51/audio'
08-06 06:34:09.871 30345   972 I NAPPA_EXPERIMENTATION: MetricNetworkRequestExecutionTime: REQUEST_DURATION_SYSTEM='1356',REQUEST_DURATION_OKHTTP='684',REQUEST_SYNCHRONOUS='TRUE',RESPONSE_CODE='200',RESPONSE_METHOD='GET',RESPONSE_LENGTH_OKHTTP='4249',RESPONSE_LENGTH_HEADER='4249',REQUEST_PROTOCOL='h2',REQUEST_URL='https://b.thumbs.redditmedia.com/lMqJbh1Z40ffemA0TnSfVnovznn4hvJNue60AsJ-ETs.jpg',
08-06 06:34:09.871 30345   972 D OK      : request got status: 200
08-06 06:34:09.876 30345   915 I NAPPA_EXPERIMENTATION: MetricNetworkRequestExecutionTime: REQUEST_DURATION_SYSTEM='1478',REQUEST_DURATION_OKHTTP='641',REQUEST_SYNCHRONOUS='TRUE',RESPONSE_CODE='200',RESPONSE_METHOD='GET',RESPONSE_LENGTH_OKHTTP='-1',RESPONSE_LENGTH_HEADER='812',REQUEST_PROTOCOL='http/1.1',REQUEST_URL='https://api.gfycat.com/v1/gfycats/deadlygravecavy',
08-06 06:34:09.877 30345   915 D OK      : request got status: 200
08-06 06:34:09.877 30345   966 I NAPPA_EXPERIMENTATION: MetricNetworkRequestExecutionTime: REQUEST_DURATION_SYSTEM='1377',REQUEST_DURATION_OKHTTP='722',REQUEST_SYNCHRONOUS='TRUE',RESPONSE_CODE='200',RESPONSE_METHOD='GET',RESPONSE_LENGTH_OKHTTP='2698',RESPONSE_LENGTH_HEADER='2698',REQUEST_PROTOCOL='h2',REQUEST_URL='https://v.redd.it/s9qqadf3mid51/DASHPlaylist.mpd',
08-06 06:34:09.877 30345   966 D OK      : request got status: 200
08-06 06:34:09.892 30345   961 I NAPPA_EXPERIMENTATION: MetricNetworkRequestExecutionTime: REQUEST_DURATION_SYSTEM='1409',REQUEST_DURATION_OKHTTP='696',REQUEST_SYNCHRONOUS='TRUE',RESPONSE_CODE='200',RESPONSE_METHOD='GET',RESPONSE_LENGTH_OKHTTP='5229',RESPONSE_LENGTH_HEADER='5229',REQUEST_PROTOCOL='h2',REQUEST_URL='https://b.thumbs.redditmedia.com/RrJbRRjFZWmckrONtkPTloJh52FfqD_XkLMuYuuQvAg.jpg',
08-06 06:34:09.892 30345   961 D OK      : request got status: 200
08-06 06:34:09.895 30345   965 I NAPPA_EXPERIMENTATION: MetricNetworkRequestExecutionTime: REQUEST_DURATION_SYSTEM='1397',REQUEST_DURATION_OKHTTP='676',REQUEST_SYNCHRONOUS='TRUE',RESPONSE_CODE='200',RESPONSE_METHOD='GET',RESPONSE_LENGTH_OKHTTP='2787',RESPONSE_LENGTH_HEADER='2787',REQUEST_PROTOCOL='h2',REQUEST_URL='https://v.redd.it/ppmhu2r9thd51/DASHPlaylist.mpd',
08-06 06:34:09.895 30345   965 D OK      : request got status: 200
08-06 06:34:09.906 30345   970 I NAPPA_EXPERIMENTATION: MetricNetworkRequestExecutionTime: REQUEST_DURATION_SYSTEM='1401',REQUEST_DURATION_OKHTTP='617',REQUEST_SYNCHRONOUS='TRUE',RESPONSE_CODE='200',RESPONSE_METHOD='GET',RESPONSE_LENGTH_OKHTTP='4067',RESPONSE_LENGTH_HEADER='4067',REQUEST_PROTOCOL='h2',REQUEST_URL='https://b.thumbs.redditmedia.com/XNb1kfskabGDLMqv661Q22hBtCb8w5oyePDcFaZi9aY.jpg',
08-06 06:34:09.906 30345   970 D OK      : request got status: 200
08-06 06:34:09.909 30345  1038 I NAPPA_EXPERIMENTATION: MetricNetworkRequestExecutionTime: REQUEST_DURATION_SYSTEM='511',REQUEST_DURATION_OKHTTP='506',REQUEST_SYNCHRONOUS='TRUE',RESPONSE_CODE='200',RESPONSE_METHOD='GET',RESPONSE_LENGTH_OKHTTP='-1',RESPONSE_LENGTH_HEADER='30610',REQUEST_PROTOCOL='h2',REQUEST_URL='https://oauth.reddit.com/r/aww/hot/.json?after=t3_hz5odc',
08-06 06:34:09.909 30345  1038 D OK      : request got status: 200
08-06 06:34:09.912 30345   974 I NAPPA_EXPERIMENTATION: MetricNetworkRequestExecutionTime: REQUEST_DURATION_SYSTEM='1391',REQUEST_DURATION_OKHTTP='629',REQUEST_SYNCHRONOUS='TRUE',RESPONSE_CODE='200',RESPONSE_METHOD='GET',RESPONSE_LENGTH_OKHTTP='2342',RESPONSE_LENGTH_HEADER='2342',REQUEST_PROTOCOL='h2',REQUEST_URL='https://v.redd.it/ar5k8892pid51/DASHPlaylist.mpd',
08-06 06:34:09.912 30345   974 D OK      : request got status: 200
08-06 06:34:09.919 30345   963 I NAPPA_EXPERIMENTATION: MetricNetworkRequestExecutionTime: REQUEST_DURATION_SYSTEM='1431',REQUEST_DURATION_OKHTTP='710',REQUEST_SYNCHRONOUS='TRUE',RESPONSE_CODE='200',RESPONSE_METHOD='GET',RESPONSE_LENGTH_OKHTTP='8835',RESPONSE_LENGTH_HEADER='8835',REQUEST_PROTOCOL='h2',REQUEST_URL='https://b.thumbs.redditmedia.com/B18Vu5Jw71XCkFOFHimnUC42ya8apHsmcCW-HFmtb6w.jpg',
08-06 06:34:09.920 30345   963 D OK      : request got status: 200
08-06 06:34:09.922 30345  1042 I PostListingFragment: Precaching images: OFF
08-06 06:34:09.922 30345  1042 I PostListingFragment: Precaching comments: OFF
08-06 06:34:09.923 30345   969 I NAPPA_EXPERIMENTATION: MetricNetworkRequestExecutionTime: REQUEST_DURATION_SYSTEM='1421',REQUEST_DURATION_OKHTTP='621',REQUEST_SYNCHRONOUS='TRUE',RESPONSE_CODE='200',RESPONSE_METHOD='GET',RESPONSE_LENGTH_OKHTTP='3060',RESPONSE_LENGTH_HEADER='3060',REQUEST_PROTOCOL='h2',REQUEST_URL='https://v.redd.it/b8vazlcb7ld51/DASHPlaylist.mpd',
08-06 06:34:09.923 30345   969 D OK      : request got status: 200
08-06 06:34:09.935 30345   973 I NAPPA_EXPERIMENTATION: MetricNetworkRequestExecutionTime: REQUEST_DURATION_SYSTEM='1417',REQUEST_DURATION_OKHTTP='535',REQUEST_SYNCHRONOUS='TRUE',RESPONSE_CODE='200',RESPONSE_METHOD='GET',RESPONSE_LENGTH_OKHTTP='6843',RESPONSE_LENGTH_HEADER='6843',REQUEST_PROTOCOL='h2',REQUEST_URL='https://b.thumbs.redditmedia.com/x5l4cICw0WNNvslt5FqVjwj89XrGjrXnNbaSyQRAyCo.jpg',
08-06 06:34:09.936 30345   973 D OK      : request got status: 200
08-06 06:34:09.936 30345   971 I NAPPA_EXPERIMENTATION: MetricNetworkRequestExecutionTime: REQUEST_DURATION_SYSTEM='1422',REQUEST_DURATION_OKHTTP='561',REQUEST_SYNCHRONOUS='TRUE',RESPONSE_CODE='200',RESPONSE_METHOD='GET',RESPONSE_LENGTH_OKHTTP='2071',RESPONSE_LENGTH_HEADER='2071',REQUEST_PROTOCOL='h2',REQUEST_URL='https://v.redd.it/ty24o02m1hd51/DASHPlaylist.mpd',
08-06 06:34:09.936 30345   971 D OK      : request got status: 200
08-06 06:34:09.952 30345   981 I NAPPA_EXPERIMENTATION: MetricNetworkRequestExecutionTime: REQUEST_DURATION_SYSTEM='1410',REQUEST_DURATION_OKHTTP='571',REQUEST_SYNCHRONOUS='TRUE',RESPONSE_CODE='200',RESPONSE_METHOD='GET',RESPONSE_LENGTH_OKHTTP='6221',RESPONSE_LENGTH_HEADER='6221',REQUEST_PROTOCOL='h2',REQUEST_URL='https://b.thumbs.redditmedia.com/d_-UsfmKASoIHi4vZyyjvvwFtm1S7-DEi9AQPOnGIgY.jpg',
08-06 06:34:09.952 30345   981 D OK      : request got status: 200
08-06 06:34:09.966 30345   977 I NAPPA_EXPERIMENTATION: MetricNetworkRequestExecutionTime: REQUEST_DURATION_SYSTEM='1443',REQUEST_DURATION_OKHTTP='639',REQUEST_SYNCHRONOUS='TRUE',RESPONSE_CODE='200',RESPONSE_METHOD='GET',RESPONSE_LENGTH_OKHTTP='6778',RESPONSE_LENGTH_HEADER='6778',REQUEST_PROTOCOL='h2',REQUEST_URL='https://b.thumbs.redditmedia.com/189nmwjW7eGWBD0J-cxzsUac1V1ZWGzMFC66inY4u4Y.jpg',
08-06 06:34:09.967 30345   977 D OK      : request got status: 200
08-06 06:34:10.000 30345   949 I RedditVideosAPI: For 'https://v.redd.it/fkewv2f65kd51/DASHPlaylist.mpd', got video stream 'https://v.redd.it/fkewv2f65kd51/DASH_480' and audio stream 'https://v.redd.it/fkewv2f65kd51/audio'
08-06 06:34:10.001 30345  1042 I getImgurImageInfo: Image nLQR2hT: trying API v3 with auth
08-06 06:34:10.041 30345  1051 D OK      : calling: https://b.thumbs.redditmedia.com/WehZGjN94ALGdO0M7RjPJ2EwcyyWVZ_NUn1Fuf7IYWY.jpg
08-06 06:34:10.064 13866 13882 I PeriodicStatsRunner: PeriodicStatsRunner.call():175 call()
08-06 06:34:10.064 13866 13882 I PeriodicStatsRunner: PeriodicStatsRunner.call():179 No submit PeriodicStats since input started.
08-06 06:34:10.103 30345 31027 I art     : Starting a blocking GC Explicit
08-06 06:34:10.109 30345   966 I RedditVideosAPI: For 'https://v.redd.it/s9qqadf3mid51/DASHPlaylist.mpd', got video stream 'https://v.redd.it/s9qqadf3mid51/DASH_480' and audio stream 'https://v.redd.it/s9qqadf3mid51/audio'
08-06 06:34:10.148 30345   965 I RedditVideosAPI: For 'https://v.redd.it/ppmhu2r9thd51/DASHPlaylist.mpd', got video stream 'https://v.redd.it/ppmhu2r9thd51/DASH_480' and audio stream 'null'
08-06 06:34:10.156 30345   974 I RedditVideosAPI: For 'https://v.redd.it/ar5k8892pid51/DASHPlaylist.mpd', got video stream 'https://v.redd.it/ar5k8892pid51/DASH_360' and audio stream 'https://v.redd.it/ar5k8892pid51/audio'
08-06 06:34:10.164 30345 31027 I art     : Explicit concurrent mark sweep GC freed 30032(2MB) AllocSpace objects, 65(4MB) LOS objects, 30% free, 36MB/52MB, paused 945us total 61.520ms
08-06 06:34:10.176 30345  1054 D OK      : calling: https://b.thumbs.redditmedia.com/Xdo4lcQOwuUNK1yxSlXZ0OI8u23ORAr16_AzfAZ1nvU.jpg
08-06 06:34:10.184 30345 31027 I art     : Starting a blocking GC Explicit
08-06 06:34:10.195 30345   969 I RedditVideosAPI: For 'https://v.redd.it/b8vazlcb7ld51/DASHPlaylist.mpd', got video stream 'https://v.redd.it/b8vazlcb7ld51/DASH_480' and audio stream 'https://v.redd.it/b8vazlcb7ld51/audio'
08-06 06:34:10.210 30345   971 I RedditVideosAPI: For 'https://v.redd.it/ty24o02m1hd51/DASHPlaylist.mpd', got video stream 'https://v.redd.it/ty24o02m1hd51/DASH_480' and audio stream 'null'
08-06 06:34:10.232 30345  1055 D OK      : calling: https://b.thumbs.redditmedia.com/2KMYZ5hTlKXSvNO4hDUPyMba8Yz6skyu1SjUhLq1d9s.jpg
08-06 06:34:10.236 30345  1056 D OK      : calling: https://a.thumbs.redditmedia.com/EFVm-ZqqhARyEaKgtwU74c7tfzEDJvI0uiHXGglFag4.jpg
08-06 06:34:10.237 30345 31027 I art     : Explicit concurrent mark sweep GC freed 3698(380KB) AllocSpace objects, 21(1044KB) LOS objects, 30% free, 36MB/52MB, paused 888us total 52.621ms
08-06 06:34:10.238 30345  1057 D OK      : calling: https://b.thumbs.redditmedia.com/qi4bNDKzoPvaSaSx99K2bAjwaRHh1nuOrcbySp1JHdk.jpg
08-06 06:34:10.241 30345  1058 D OK      : calling: https://b.thumbs.redditmedia.com/Ja8yiRMklM2lXd8q60LtBI6CqdmJ5YbWHRiBVFmICJA.jpg
08-06 06:34:10.244 30345  1059 D OK      : calling: https://b.thumbs.redditmedia.com/o5lSsJ_tCgCQxcdjMGaYxuveNluXB1PQT4PokXDhpvc.jpg
08-06 06:34:10.247 30345  1060 D OK      : calling: https://b.thumbs.redditmedia.com/SiCWTmKkQcbiAa7naxAHnw0adTeRkq1dB8QSqzGU7-Q.jpg
08-06 06:34:10.250 30345  1061 D OK      : calling: https://b.thumbs.redditmedia.com/C9qrVibnNxmzfLDKvEHp2v2Bo-Kqme7PoKC52s2o52M.jpg
08-06 06:34:10.252 30345  1062 D OK      : calling: https://a.thumbs.redditmedia.com/Tfsm0ol-ltlxNSBAkZ_4G4302d0hYeOSODkvXidBBR8.jpg
08-06 06:34:10.255 30345  1063 D OK      : calling: https://a.thumbs.redditmedia.com/Kzag-wH9wKRRg2MnPwgoFgXT_2jN_nkJ1lY1aNRQyT4.jpg
08-06 06:34:10.259 30345  1064 D OK      : calling: https://a.thumbs.redditmedia.com/P4gSGpXpi2wDXthNZ-LiwEs5Jvplm6dQ7W7Isqa7un4.jpg
08-06 06:34:10.259 30345 31027 I art     : Starting a blocking GC Explicit
08-06 06:34:10.263 30345  1065 D OK      : calling: https://b.thumbs.redditmedia.com/XkIhgqugP-9Zcb5I9A8o0r-zQJDh_6kastc0oWiiHkI.jpg
08-06 06:34:10.265 30345  1066 D OK      : calling: https://b.thumbs.redditmedia.com/3QPAtixkID9ojpqCAgfspJpruqoq45fM1G-Fx1K2F2A.jpg
08-06 06:34:10.268 30345  1067 D OK      : calling: https://b.thumbs.redditmedia.com/orK4W8Xc99pTzIT6q1waTsppldq24p1qMsHtkNnmu9w.jpg
08-06 06:34:10.270 30345  1068 D OK      : calling: https://b.thumbs.redditmedia.com/B1vXKY_-gTPbs625-RJ1MLIXxzCqfmnCB_0xnGjCECQ.jpg
08-06 06:34:10.273 30345  1069 D OK      : calling: https://a.thumbs.redditmedia.com/ffAKmOqnTuDMNR9MRfCdRtkq_CzN3MVhZxS64ZPYRh4.jpg
08-06 06:34:10.275 30345  1070 D OK      : calling: https://b.thumbs.redditmedia.com/OF1KI_LdSDMMWCy-WgJyRhIcM5fr7kDyu_OnpfRXHfI.jpg
08-06 06:34:10.278 30345  1071 D OK      : calling: https://b.thumbs.redditmedia.com/vuAhA4gGAmYfrTFA4woxZcKgmiDzJ3nAsql2pxcYGFs.jpg
08-06 06:34:10.280 30345  1073 D OK      : calling: https://b.thumbs.redditmedia.com/PtV7mFsO2n0j4YJweZjEqyVJ45hap4hXix9dwj6D0Wg.jpg
08-06 06:34:10.282 30345  1074 D OK      : calling: https://b.thumbs.redditmedia.com/wxTBcOhAgsmbc-TRaGNHpYJYnEOBr2LNsaZ6pCM91Lc.jpg
08-06 06:34:10.284 30345  1075 D OK      : calling: https://b.thumbs.redditmedia.com/Wo7bFIVNZYYuNioRYwZFYxrl6QMk0lT-3W01wrXgHmE.jpg
08-06 06:34:10.286 30345  1077 D OK      : calling: https://b.thumbs.redditmedia.com/NoqMycYTzsyhI0Lq351riEI1mO9p8PvY1QwcZ9Irb9g.jpg
08-06 06:34:10.288 30345  1078 D OK      : calling: https://b.thumbs.redditmedia.com/KrRufqpifph7KM2Le5RdqEYQb24zbB4fizBJpFaH1Pc.jpg
08-06 06:34:10.291 30345  1079 D OK      : calling: https://b.thumbs.redditmedia.com/u2qz17QE3X5G7kkJrgK3HPCdxNQxNkhaWqfIhCuRMvE.jpg
08-06 06:34:10.292 30345  1080 D OK      : calling: https://v.redd.it/syww111dtjd51/DASHPlaylist.mpd
08-06 06:34:10.294 30345  1081 D OK      : calling: https://v.redd.it/pbqrrfb3tkd51/DASHPlaylist.mpd
08-06 06:34:10.297 30345  1082 D OK      : calling: https://v.redd.it/rrygsb8i4ld51/DASHPlaylist.mpd
08-06 06:34:10.299 30345  1083 D OK      : calling: https://v.redd.it/5x6zzipz8ld51/DASHPlaylist.mpd
08-06 06:34:10.301 30345  1084 D OK      : calling: https://v.redd.it/75en73fm5id51/DASHPlaylist.mpd
08-06 06:34:10.308 30345  1085 D OK      : calling: https://api.imgur.com/3/image/nLQR2hT
08-06 06:34:10.311 30345  1086 D OK      : calling: https://v.redd.it/ggz4fyth6hd51/DASHPlaylist.mpd
08-06 06:34:10.312 30345 31027 I art     : Explicit concurrent mark sweep GC freed 24491(1249KB) AllocSpace objects, 10(644KB) LOS objects, 31% free, 35MB/51MB, paused 2.361ms total 51.983ms
08-06 06:34:10.314 30345  1087 D OK      : calling: https://v.redd.it/psrknoobrgd51/DASHPlaylist.mpd
08-06 06:34:10.316 30345  1088 D OK      : calling: https://v.redd.it/jk6cwef4wld51/DASHPlaylist.mpd
08-06 06:34:10.319 30345  1089 D OK      : calling: https://v.redd.it/t81s8zfz9ld51/DASHPlaylist.mpd
08-06 06:34:10.321 30345  1090 D OK      : calling: https://v.redd.it/xd6c4yyutgd51/DASHPlaylist.mpd
08-06 06:34:10.324 30345  1091 D OK      : calling: https://v.redd.it/ue0jdgk9zhd51/DASHPlaylist.mpd
08-06 06:34:10.330 30345  1051 I NAPPA_EXPERIMENTATION: MetricNetworkRequestExecutionTime: REQUEST_DURATION_SYSTEM='289',REQUEST_DURATION_OKHTTP='192',REQUEST_SYNCHRONOUS='TRUE',RESPONSE_CODE='200',RESPONSE_METHOD='GET',RESPONSE_LENGTH_OKHTTP='5435',RESPONSE_LENGTH_HEADER='5435',REQUEST_PROTOCOL='h2',REQUEST_URL='https://b.thumbs.redditmedia.com/WehZGjN94ALGdO0M7RjPJ2EwcyyWVZ_NUn1Fuf7IYWY.jpg',
08-06 06:34:10.330 30345  1051 D OK      : request got status: 200
08-06 06:34:10.330 30345 31027 I art     : Starting a blocking GC Explicit
08-06 06:34:10.383 30345  1054 I NAPPA_EXPERIMENTATION: MetricNetworkRequestExecutionTime: REQUEST_DURATION_SYSTEM='207',REQUEST_DURATION_OKHTTP='206',REQUEST_SYNCHRONOUS='TRUE',RESPONSE_CODE='200',RESPONSE_METHOD='GET',RESPONSE_LENGTH_OKHTTP='5191',RESPONSE_LENGTH_HEADER='5191',REQUEST_PROTOCOL='h2',REQUEST_URL='https://b.thumbs.redditmedia.com/Xdo4lcQOwuUNK1yxSlXZ0OI8u23ORAr16_AzfAZ1nvU.jpg',
08-06 06:34:10.383 30345  1054 D OK      : request got status: 200
08-06 06:34:10.384 30345 31027 I art     : Explicit concurrent mark sweep GC freed 2368(154KB) AllocSpace objects, 6(456KB) LOS objects, 31% free, 35MB/51MB, paused 2.625ms total 53.538ms
08-06 06:34:10.402 30345 31027 I art     : Starting a blocking GC Explicit
08-06 06:34:10.449 30345  1055 I NAPPA_EXPERIMENTATION: MetricNetworkRequestExecutionTime: REQUEST_DURATION_SYSTEM='217',REQUEST_DURATION_OKHTTP='215',REQUEST_SYNCHRONOUS='TRUE',RESPONSE_CODE='200',RESPONSE_METHOD='GET',RESPONSE_LENGTH_OKHTTP='5098',RESPONSE_LENGTH_HEADER='5098',REQUEST_PROTOCOL='h2',REQUEST_URL='https://b.thumbs.redditmedia.com/2KMYZ5hTlKXSvNO4hDUPyMba8Yz6skyu1SjUhLq1d9s.jpg',
08-06 06:34:10.449 30345  1055 D OK      : request got status: 200
08-06 06:34:10.459 30345 31027 I art     : Explicit concurrent mark sweep GC freed 748(74KB) AllocSpace objects, 4(188KB) LOS objects, 30% free, 35MB/51MB, paused 2.791ms total 56.660ms
08-06 06:34:10.515 30345  1057 I NAPPA_EXPERIMENTATION: MetricNetworkRequestExecutionTime: REQUEST_DURATION_SYSTEM='276',REQUEST_DURATION_OKHTTP='276',REQUEST_SYNCHRONOUS='TRUE',RESPONSE_CODE='200',RESPONSE_METHOD='GET',RESPONSE_LENGTH_OKHTTP='4475',RESPONSE_LENGTH_HEADER='4475',REQUEST_PROTOCOL='h2',REQUEST_URL='https://b.thumbs.redditmedia.com/qi4bNDKzoPvaSaSx99K2bAjwaRHh1nuOrcbySp1JHdk.jpg',
08-06 06:34:10.515 30345  1057 D OK      : request got status: 200
08-06 06:34:10.583 30345  1060 I NAPPA_EXPERIMENTATION: MetricNetworkRequestExecutionTime: REQUEST_DURATION_SYSTEM='335',REQUEST_DURATION_OKHTTP='334',REQUEST_SYNCHRONOUS='TRUE',RESPONSE_CODE='200',RESPONSE_METHOD='GET',RESPONSE_LENGTH_OKHTTP='5968',RESPONSE_LENGTH_HEADER='5968',REQUEST_PROTOCOL='h2',REQUEST_URL='https://b.thumbs.redditmedia.com/SiCWTmKkQcbiAa7naxAHnw0adTeRkq1dB8QSqzGU7-Q.jpg',
08-06 06:34:10.583 30345  1060 D OK      : request got status: 200
08-06 06:34:10.629 30345  1058 I NAPPA_EXPERIMENTATION: MetricNetworkRequestExecutionTime: REQUEST_DURATION_SYSTEM='387',REQUEST_DURATION_OKHTTP='387',REQUEST_SYNCHRONOUS='TRUE',RESPONSE_CODE='200',RESPONSE_METHOD='GET',RESPONSE_LENGTH_OKHTTP='5414',RESPONSE_LENGTH_HEADER='5414',REQUEST_PROTOCOL='h2',REQUEST_URL='https://b.thumbs.redditmedia.com/Ja8yiRMklM2lXd8q60LtBI6CqdmJ5YbWHRiBVFmICJA.jpg',
08-06 06:34:10.630 30345  1058 D OK      : request got status: 200
08-06 06:34:10.633 30345  1059 I NAPPA_EXPERIMENTATION: MetricNetworkRequestExecutionTime: REQUEST_DURATION_SYSTEM='388',REQUEST_DURATION_OKHTTP='388',REQUEST_SYNCHRONOUS='TRUE',RESPONSE_CODE='200',RESPONSE_METHOD='GET',RESPONSE_LENGTH_OKHTTP='4921',RESPONSE_LENGTH_HEADER='4921',REQUEST_PROTOCOL='h2',REQUEST_URL='https://b.thumbs.redditmedia.com/o5lSsJ_tCgCQxcdjMGaYxuveNluXB1PQT4PokXDhpvc.jpg',
08-06 06:34:10.633 30345  1059 D OK      : request got status: 200
08-06 06:34:10.638 30345  1061 I NAPPA_EXPERIMENTATION: MetricNetworkRequestExecutionTime: REQUEST_DURATION_SYSTEM='388',REQUEST_DURATION_OKHTTP='387',REQUEST_SYNCHRONOUS='TRUE',RESPONSE_CODE='200',RESPONSE_METHOD='GET',RESPONSE_LENGTH_OKHTTP='5378',RESPONSE_LENGTH_HEADER='5378',REQUEST_PROTOCOL='h2',REQUEST_URL='https://b.thumbs.redditmedia.com/C9qrVibnNxmzfLDKvEHp2v2Bo-Kqme7PoKC52s2o52M.jpg',
08-06 06:34:10.638 30345  1061 D OK      : request got status: 200
08-06 06:34:10.685 30345  1066 I NAPPA_EXPERIMENTATION: MetricNetworkRequestExecutionTime: REQUEST_DURATION_SYSTEM='420',REQUEST_DURATION_OKHTTP='418',REQUEST_SYNCHRONOUS='TRUE',RESPONSE_CODE='200',RESPONSE_METHOD='GET',RESPONSE_LENGTH_OKHTTP='3183',RESPONSE_LENGTH_HEADER='3183',REQUEST_PROTOCOL='h2',REQUEST_URL='https://b.thumbs.redditmedia.com/3QPAtixkID9ojpqCAgfspJpruqoq45fM1G-Fx1K2F2A.jpg',
08-06 06:34:10.685 30345  1066 D OK      : request got status: 200
08-06 06:34:10.736 30345  1067 I NAPPA_EXPERIMENTATION: MetricNetworkRequestExecutionTime: REQUEST_DURATION_SYSTEM='468',REQUEST_DURATION_OKHTTP='467',REQUEST_SYNCHRONOUS='TRUE',RESPONSE_CODE='200',RESPONSE_METHOD='GET',RESPONSE_LENGTH_OKHTTP='6654',RESPONSE_LENGTH_HEADER='6654',REQUEST_PROTOCOL='h2',REQUEST_URL='https://b.thumbs.redditmedia.com/orK4W8Xc99pTzIT6q1waTsppldq24p1qMsHtkNnmu9w.jpg',
08-06 06:34:10.737 30345  1067 D OK      : request got status: 200
08-06 06:34:10.744 30345  1065 I NAPPA_EXPERIMENTATION: MetricNetworkRequestExecutionTime: REQUEST_DURATION_SYSTEM='481',REQUEST_DURATION_OKHTTP='481',REQUEST_SYNCHRONOUS='TRUE',RESPONSE_CODE='200',RESPONSE_METHOD='GET',RESPONSE_LENGTH_OKHTTP='4080',RESPONSE_LENGTH_HEADER='4080',REQUEST_PROTOCOL='h2',REQUEST_URL='https://b.thumbs.redditmedia.com/XkIhgqugP-9Zcb5I9A8o0r-zQJDh_6kastc0oWiiHkI.jpg',
08-06 06:34:10.745 30345  1065 D OK      : request got status: 200
08-06 06:34:10.820 30345 30369 I art     : Starting a blocking GC Explicit
08-06 06:34:10.845 30345  1068 I NAPPA_EXPERIMENTATION: MetricNetworkRequestExecutionTime: REQUEST_DURATION_SYSTEM='574',REQUEST_DURATION_OKHTTP='573',REQUEST_SYNCHRONOUS='TRUE',RESPONSE_CODE='200',RESPONSE_METHOD='GET',RESPONSE_LENGTH_OKHTTP='3864',RESPONSE_LENGTH_HEADER='3864',REQUEST_PROTOCOL='h2',REQUEST_URL='https://b.thumbs.redditmedia.com/B1vXKY_-gTPbs625-RJ1MLIXxzCqfmnCB_0xnGjCECQ.jpg',
08-06 06:34:10.845 30345  1068 D OK      : request got status: 200
08-06 06:34:10.852 30345  1070 I NAPPA_EXPERIMENTATION: MetricNetworkRequestExecutionTime: REQUEST_DURATION_SYSTEM='577',REQUEST_DURATION_OKHTTP='576',REQUEST_SYNCHRONOUS='TRUE',RESPONSE_CODE='200',RESPONSE_METHOD='GET',RESPONSE_LENGTH_OKHTTP='5125',RESPONSE_LENGTH_HEADER='5125',REQUEST_PROTOCOL='h2',REQUEST_URL='https://b.thumbs.redditmedia.com/OF1KI_LdSDMMWCy-WgJyRhIcM5fr7kDyu_OnpfRXHfI.jpg',
08-06 06:34:10.852 30345  1070 D OK      : request got status: 200
08-06 06:34:10.883 30345  1071 I NAPPA_EXPERIMENTATION: MetricNetworkRequestExecutionTime: REQUEST_DURATION_SYSTEM='604',REQUEST_DURATION_OKHTTP='601',REQUEST_SYNCHRONOUS='TRUE',RESPONSE_CODE='200',RESPONSE_METHOD='GET',RESPONSE_LENGTH_OKHTTP='6723',RESPONSE_LENGTH_HEADER='6723',REQUEST_PROTOCOL='h2',REQUEST_URL='https://b.thumbs.redditmedia.com/vuAhA4gGAmYfrTFA4woxZcKgmiDzJ3nAsql2pxcYGFs.jpg',
08-06 06:34:10.883 30345  1071 D OK      : request got status: 200
08-06 06:34:10.885 30345 30369 I art     : Explicit concurrent mark sweep GC freed 5091(630KB) AllocSpace objects, 35(2MB) LOS objects, 29% free, 37MB/53MB, paused 1.919ms total 65.476ms
08-06 06:34:10.902 30345  1073 I NAPPA_EXPERIMENTATION: MetricNetworkRequestExecutionTime: REQUEST_DURATION_SYSTEM='622',REQUEST_DURATION_OKHTTP='621',REQUEST_SYNCHRONOUS='TRUE',RESPONSE_CODE='200',RESPONSE_METHOD='GET',RESPONSE_LENGTH_OKHTTP='5329',RESPONSE_LENGTH_HEADER='5329',REQUEST_PROTOCOL='h2',REQUEST_URL='https://b.thumbs.redditmedia.com/PtV7mFsO2n0j4YJweZjEqyVJ45hap4hXix9dwj6D0Wg.jpg',
08-06 06:34:10.903 30345  1073 D OK      : request got status: 200
08-06 06:34:10.904 30345 30369 I art     : Starting a blocking GC Explicit
08-06 06:34:10.941 30345  1074 I NAPPA_EXPERIMENTATION: MetricNetworkRequestExecutionTime: REQUEST_DURATION_SYSTEM='659',REQUEST_DURATION_OKHTTP='658',REQUEST_SYNCHRONOUS='TRUE',RESPONSE_CODE='200',RESPONSE_METHOD='GET',RESPONSE_LENGTH_OKHTTP='6316',RESPONSE_LENGTH_HEADER='6316',REQUEST_PROTOCOL='h2',REQUEST_URL='https://b.thumbs.redditmedia.com/wxTBcOhAgsmbc-TRaGNHpYJYnEOBr2LNsaZ6pCM91Lc.jpg',
08-06 06:34:10.941 30345  1074 D OK      : request got status: 200
08-06 06:34:10.959 30345 30369 I art     : Explicit concurrent mark sweep GC freed 2938(185KB) AllocSpace objects, 9(480KB) LOS objects, 29% free, 38MB/54MB, paused 2.411ms total 54.258ms
08-06 06:34:10.977 30345 30369 I art     : Starting a blocking GC Explicit
08-06 06:34:10.984 30345  1077 I NAPPA_EXPERIMENTATION: MetricNetworkRequestExecutionTime: REQUEST_DURATION_SYSTEM='698',REQUEST_DURATION_OKHTTP='697',REQUEST_SYNCHRONOUS='TRUE',RESPONSE_CODE='200',RESPONSE_METHOD='GET',RESPONSE_LENGTH_OKHTTP='5648',RESPONSE_LENGTH_HEADER='5648',REQUEST_PROTOCOL='h2',REQUEST_URL='https://b.thumbs.redditmedia.com/NoqMycYTzsyhI0Lq351riEI1mO9p8PvY1QwcZ9Irb9g.jpg',
08-06 06:34:10.984 30345  1077 D OK      : request got status: 200
08-06 06:34:11.019 30345  1075 I NAPPA_EXPERIMENTATION: MetricNetworkRequestExecutionTime: REQUEST_DURATION_SYSTEM='735',REQUEST_DURATION_OKHTTP='734',REQUEST_SYNCHRONOUS='TRUE',RESPONSE_CODE='200',RESPONSE_METHOD='GET',RESPONSE_LENGTH_OKHTTP='7815',RESPONSE_LENGTH_HEADER='7815',REQUEST_PROTOCOL='h2',REQUEST_URL='https://b.thumbs.redditmedia.com/Wo7bFIVNZYYuNioRYwZFYxrl6QMk0lT-3W01wrXgHmE.jpg',
08-06 06:34:11.020 30345  1075 D OK      : request got status: 200
08-06 06:34:11.029 30345 30369 I art     : Explicit concurrent mark sweep GC freed 8010(419KB) AllocSpace objects, 16(1012KB) LOS objects, 29% free, 38MB/54MB, paused 1.995ms total 51.224ms
08-06 06:34:11.047 30345 30369 I art     : Starting a blocking GC Explicit
08-06 06:34:11.071 30345  1078 I NAPPA_EXPERIMENTATION: MetricNetworkRequestExecutionTime: REQUEST_DURATION_SYSTEM='783',REQUEST_DURATION_OKHTTP='781',REQUEST_SYNCHRONOUS='TRUE',RESPONSE_CODE='200',RESPONSE_METHOD='GET',RESPONSE_LENGTH_OKHTTP='5198',RESPONSE_LENGTH_HEADER='5198',REQUEST_PROTOCOL='h2',REQUEST_URL='https://b.thumbs.redditmedia.com/KrRufqpifph7KM2Le5RdqEYQb24zbB4fizBJpFaH1Pc.jpg',
08-06 06:34:11.071 30345  1078 D OK      : request got status: 200
08-06 06:34:11.098 30345 30369 I art     : Explicit concurrent mark sweep GC freed 12216(616KB) AllocSpace objects, 13(892KB) LOS objects, 29% free, 38MB/54MB, paused 2.095ms total 51.224ms
08-06 06:34:11.118 30345 30369 I art     : Starting a blocking GC Explicit
08-06 06:34:11.167 30345 30369 I art     : Explicit concurrent mark sweep GC freed 6592(508KB) AllocSpace objects, 18(852KB) LOS objects, 29% free, 39MB/55MB, paused 1.674ms total 49.234ms
08-06 06:34:11.200 30345  1079 I NAPPA_EXPERIMENTATION: MetricNetworkRequestExecutionTime: REQUEST_DURATION_SYSTEM='909',REQUEST_DURATION_OKHTTP='909',REQUEST_SYNCHRONOUS='TRUE',RESPONSE_CODE='200',RESPONSE_METHOD='GET',RESPONSE_LENGTH_OKHTTP='5579',RESPONSE_LENGTH_HEADER='5579',REQUEST_PROTOCOL='h2',REQUEST_URL='https://b.thumbs.redditmedia.com/u2qz17QE3X5G7kkJrgK3HPCdxNQxNkhaWqfIhCuRMvE.jpg',
08-06 06:34:11.200 30345  1079 D OK      : request got status: 200
08-06 06:34:11.226 30345  1062 I NAPPA_EXPERIMENTATION: MetricNetworkRequestExecutionTime: REQUEST_DURATION_SYSTEM='973',REQUEST_DURATION_OKHTTP='288',REQUEST_SYNCHRONOUS='TRUE',RESPONSE_CODE='200',RESPONSE_METHOD='GET',RESPONSE_LENGTH_OKHTTP='7540',RESPONSE_LENGTH_HEADER='7540',REQUEST_PROTOCOL='h2',REQUEST_URL='https://a.thumbs.redditmedia.com/Tfsm0ol-ltlxNSBAkZ_4G4302d0hYeOSODkvXidBBR8.jpg',
08-06 06:34:11.226 30345  1062 D OK      : request got status: 200
08-06 06:34:11.371 30345  1084 I NAPPA_EXPERIMENTATION: MetricNetworkRequestExecutionTime: REQUEST_DURATION_SYSTEM='1068',REQUEST_DURATION_OKHTTP='384',REQUEST_SYNCHRONOUS='TRUE',RESPONSE_CODE='200',RESPONSE_METHOD='GET',RESPONSE_LENGTH_OKHTTP='2700',RESPONSE_LENGTH_HEADER='2700',REQUEST_PROTOCOL='h2',REQUEST_URL='https://v.redd.it/75en73fm5id51/DASHPlaylist.mpd',
08-06 06:34:11.371 30345  1084 D OK      : request got status: 200
08-06 06:34:11.372 30345  1056 I NAPPA_EXPERIMENTATION: MetricNetworkRequestExecutionTime: REQUEST_DURATION_SYSTEM='1135',REQUEST_DURATION_OKHTTP='371',REQUEST_SYNCHRONOUS='TRUE',RESPONSE_CODE='200',RESPONSE_METHOD='GET',RESPONSE_LENGTH_OKHTTP='5307',RESPONSE_LENGTH_HEADER='5307',REQUEST_PROTOCOL='h2',REQUEST_URL='https://a.thumbs.redditmedia.com/EFVm-ZqqhARyEaKgtwU74c7tfzEDJvI0uiHXGglFag4.jpg',
08-06 06:34:11.372 30345  1056 D OK      : request got status: 200
08-06 06:34:11.393 30345  1080 I NAPPA_EXPERIMENTATION: MetricNetworkRequestExecutionTime: REQUEST_DURATION_SYSTEM='1100',REQUEST_DURATION_OKHTTP='378',REQUEST_SYNCHRONOUS='TRUE',RESPONSE_CODE='200',RESPONSE_METHOD='GET',RESPONSE_LENGTH_OKHTTP='2696',RESPONSE_LENGTH_HEADER='2696',REQUEST_PROTOCOL='h2',REQUEST_URL='https://v.redd.it/syww111dtjd51/DASHPlaylist.mpd',
08-06 06:34:11.393 30345  1080 D OK      : request got status: 200
08-06 06:34:11.417 30345  1087 I NAPPA_EXPERIMENTATION: MetricNetworkRequestExecutionTime: REQUEST_DURATION_SYSTEM='1103',REQUEST_DURATION_OKHTTP='331',REQUEST_SYNCHRONOUS='TRUE',RESPONSE_CODE='200',RESPONSE_METHOD='GET',RESPONSE_LENGTH_OKHTTP='2427',RESPONSE_LENGTH_HEADER='2427',REQUEST_PROTOCOL='h2',REQUEST_URL='https://v.redd.it/psrknoobrgd51/DASHPlaylist.mpd',
08-06 06:34:11.417 30345  1087 D OK      : request got status: 200
08-06 06:34:11.431 30345  1084 I RedditVideosAPI: For 'https://v.redd.it/75en73fm5id51/DASHPlaylist.mpd', got video stream 'https://v.redd.it/75en73fm5id51/DASH_480' and audio stream 'https://v.redd.it/75en73fm5id51/audio'
08-06 06:34:11.438 30345  1080 I RedditVideosAPI: For 'https://v.redd.it/syww111dtjd51/DASHPlaylist.mpd', got video stream 'https://v.redd.it/syww111dtjd51/DASH_480' and audio stream 'https://v.redd.it/syww111dtjd51/audio'
08-06 06:34:11.448 30345  1082 I NAPPA_EXPERIMENTATION: MetricNetworkRequestExecutionTime: REQUEST_DURATION_SYSTEM='1151',REQUEST_DURATION_OKHTTP='374',REQUEST_SYNCHRONOUS='TRUE',RESPONSE_CODE='200',RESPONSE_METHOD='GET',RESPONSE_LENGTH_OKHTTP='3060',RESPONSE_LENGTH_HEADER='3060',REQUEST_PROTOCOL='h2',REQUEST_URL='https://v.redd.it/rrygsb8i4ld51/DASHPlaylist.mpd',
08-06 06:34:11.448 30345  1082 D OK      : request got status: 200
08-06 06:34:11.452 30345  1069 I NAPPA_EXPERIMENTATION: MetricNetworkRequestExecutionTime: REQUEST_DURATION_SYSTEM='1179',REQUEST_DURATION_OKHTTP='414',REQUEST_SYNCHRONOUS='TRUE',RESPONSE_CODE='200',RESPONSE_METHOD='GET',RESPONSE_LENGTH_OKHTTP='4470',RESPONSE_LENGTH_HEADER='4470',REQUEST_PROTOCOL='h2',REQUEST_URL='https://a.thumbs.redditmedia.com/ffAKmOqnTuDMNR9MRfCdRtkq_CzN3MVhZxS64ZPYRh4.jpg',
08-06 06:34:11.452 30345  1069 D OK      : request got status: 200
08-06 06:34:11.455 30345  1063 I NAPPA_EXPERIMENTATION: MetricNetworkRequestExecutionTime: REQUEST_DURATION_SYSTEM='1199',REQUEST_DURATION_OKHTTP='359',REQUEST_SYNCHRONOUS='TRUE',RESPONSE_CODE='200',RESPONSE_METHOD='GET',RESPONSE_LENGTH_OKHTTP='3635',RESPONSE_LENGTH_HEADER='3635',REQUEST_PROTOCOL='h2',REQUEST_URL='https://a.thumbs.redditmedia.com/Kzag-wH9wKRRg2MnPwgoFgXT_2jN_nkJ1lY1aNRQyT4.jpg',
08-06 06:34:11.455 30345  1063 D OK      : request got status: 200
08-06 06:34:11.469 30345  1064 I NAPPA_EXPERIMENTATION: MetricNetworkRequestExecutionTime: REQUEST_DURATION_SYSTEM='1210',REQUEST_DURATION_OKHTTP='359',REQUEST_SYNCHRONOUS='TRUE',RESPONSE_CODE='200',RESPONSE_METHOD='GET',RESPONSE_LENGTH_OKHTTP='5641',RESPONSE_LENGTH_HEADER='5641',REQUEST_PROTOCOL='h2',REQUEST_URL='https://a.thumbs.redditmedia.com/P4gSGpXpi2wDXthNZ-LiwEs5Jvplm6dQ7W7Isqa7un4.jpg',
08-06 06:34:11.470 30345  1064 D OK      : request got status: 200
08-06 06:34:11.478 30345  1087 I RedditVideosAPI: For 'https://v.redd.it/psrknoobrgd51/DASHPlaylist.mpd', got video stream 'https://v.redd.it/psrknoobrgd51/DASH_480' and audio stream 'null'
08-06 06:34:11.489 30345  1081 I NAPPA_EXPERIMENTATION: MetricNetworkRequestExecutionTime: REQUEST_DURATION_SYSTEM='1194',REQUEST_DURATION_OKHTTP='394',REQUEST_SYNCHRONOUS='TRUE',RESPONSE_CODE='200',RESPONSE_METHOD='GET',RESPONSE_LENGTH_OKHTTP='2071',RESPONSE_LENGTH_HEADER='2071',REQUEST_PROTOCOL='h2',REQUEST_URL='https://v.redd.it/pbqrrfb3tkd51/DASHPlaylist.mpd',
08-06 06:34:11.489 30345  1081 D OK      : request got status: 200
08-06 06:34:11.497 30345  1091 I NAPPA_EXPERIMENTATION: MetricNetworkRequestExecutionTime: REQUEST_DURATION_SYSTEM='1173',REQUEST_DURATION_OKHTTP='353',REQUEST_SYNCHRONOUS='TRUE',RESPONSE_CODE='200',RESPONSE_METHOD='GET',RESPONSE_LENGTH_OKHTTP='2344',RESPONSE_LENGTH_HEADER='2344',REQUEST_PROTOCOL='h2',REQUEST_URL='https://v.redd.it/ue0jdgk9zhd51/DASHPlaylist.mpd',
08-06 06:34:11.497 30345  1091 D OK      : request got status: 200
08-06 06:34:11.504 30345 30356 I art     : Starting a blocking GC Explicit
08-06 06:34:11.519 30345  1082 I RedditVideosAPI: For 'https://v.redd.it/rrygsb8i4ld51/DASHPlaylist.mpd', got video stream 'https://v.redd.it/rrygsb8i4ld51/DASH_480' and audio stream 'https://v.redd.it/rrygsb8i4ld51/audio'
08-06 06:34:11.537 30345  1083 I NAPPA_EXPERIMENTATION: MetricNetworkRequestExecutionTime: REQUEST_DURATION_SYSTEM='1238',REQUEST_DURATION_OKHTTP='429',REQUEST_SYNCHRONOUS='TRUE',RESPONSE_CODE='200',RESPONSE_METHOD='GET',RESPONSE_LENGTH_OKHTTP='2789',RESPONSE_LENGTH_HEADER='2789',REQUEST_PROTOCOL='h2',REQUEST_URL='https://v.redd.it/5x6zzipz8ld51/DASHPlaylist.mpd',
08-06 06:34:11.538 30345  1083 D OK      : request got status: 200
08-06 06:34:11.555 30345  1088 I NAPPA_EXPERIMENTATION: MetricNetworkRequestExecutionTime: REQUEST_DURATION_SYSTEM='1239',REQUEST_DURATION_OKHTTP='385',REQUEST_SYNCHRONOUS='TRUE',RESPONSE_CODE='200',RESPONSE_METHOD='GET',RESPONSE_LENGTH_OKHTTP='2071',RESPONSE_LENGTH_HEADER='2071',REQUEST_PROTOCOL='h2',REQUEST_URL='https://v.redd.it/jk6cwef4wld51/DASHPlaylist.mpd',
08-06 06:34:11.555 30345  1088 D OK      : request got status: 200
08-06 06:34:11.558 30345 30356 I art     : Explicit concurrent mark sweep GC freed 14742(1194KB) AllocSpace objects, 44(2MB) LOS objects, 28% free, 40MB/56MB, paused 1.109ms total 53.968ms
08-06 06:34:11.562 30345  1081 I RedditVideosAPI: For 'https://v.redd.it/pbqrrfb3tkd51/DASHPlaylist.mpd', got video stream 'https://v.redd.it/pbqrrfb3tkd51/DASH_480' and audio stream 'null'
08-06 06:34:11.567 30345  1090 I NAPPA_EXPERIMENTATION: MetricNetworkRequestExecutionTime: REQUEST_DURATION_SYSTEM='1246',REQUEST_DURATION_OKHTTP='348',REQUEST_SYNCHRONOUS='TRUE',RESPONSE_CODE='200',RESPONSE_METHOD='GET',RESPONSE_LENGTH_OKHTTP='2071',RESPONSE_LENGTH_HEADER='2071',REQUEST_PROTOCOL='h2',REQUEST_URL='https://v.redd.it/xd6c4yyutgd51/DASHPlaylist.mpd',
08-06 06:34:11.567 30345  1090 D OK      : request got status: 200
08-06 06:34:11.569 30345  1089 I NAPPA_EXPERIMENTATION: MetricNetworkRequestExecutionTime: REQUEST_DURATION_SYSTEM='1250',REQUEST_DURATION_OKHTTP='386',REQUEST_SYNCHRONOUS='TRUE',RESPONSE_CODE='200',RESPONSE_METHOD='GET',RESPONSE_LENGTH_OKHTTP='3058',RESPONSE_LENGTH_HEADER='3058',REQUEST_PROTOCOL='h2',REQUEST_URL='https://v.redd.it/t81s8zfz9ld51/DASHPlaylist.mpd',
08-06 06:34:11.569 30345  1089 D OK      : request got status: 200
08-06 06:34:11.575 30345  1085 I NAPPA_EXPERIMENTATION: MetricNetworkRequestExecutionTime: REQUEST_DURATION_SYSTEM='1267',REQUEST_DURATION_OKHTTP='394',REQUEST_SYNCHRONOUS='TRUE',RESPONSE_CODE='200',RESPONSE_METHOD='GET',RESPONSE_LENGTH_OKHTTP='-1',RESPONSE_LENGTH_HEADER='377',REQUEST_PROTOCOL='h2',REQUEST_URL='https://api.imgur.com/3/image/nLQR2hT',
08-06 06:34:11.575 30345  1085 D OK      : request got status: 200
08-06 06:34:11.577 30345 30356 I art     : Starting a blocking GC Explicit
08-06 06:34:11.577 30345  1086 I NAPPA_EXPERIMENTATION: MetricNetworkRequestExecutionTime: REQUEST_DURATION_SYSTEM='1266',REQUEST_DURATION_OKHTTP='352',REQUEST_SYNCHRONOUS='TRUE',RESPONSE_CODE='200',RESPONSE_METHOD='GET',RESPONSE_LENGTH_OKHTTP='1713',RESPONSE_LENGTH_HEADER='1713',REQUEST_PROTOCOL='h2',REQUEST_URL='https://v.redd.it/ggz4fyth6hd51/DASHPlaylist.mpd',
08-06 06:34:11.577 30345  1086 D OK      : request got status: 200
08-06 06:34:11.596 30345  1091 I RedditVideosAPI: For 'https://v.redd.it/ue0jdgk9zhd51/DASHPlaylist.mpd', got video stream 'https://v.redd.it/ue0jdgk9zhd51/DASH_360' and audio stream 'https://v.redd.it/ue0jdgk9zhd51/audio'
08-06 06:34:11.625 30345 30356 I art     : Explicit concurrent mark sweep GC freed 2689(291KB) AllocSpace objects, 13(800KB) LOS objects, 28% free, 40MB/56MB, paused 646us total 47.273ms
08-06 06:34:11.628 30345  1083 I RedditVideosAPI: For 'https://v.redd.it/5x6zzipz8ld51/DASHPlaylist.mpd', got video stream 'https://v.redd.it/5x6zzipz8ld51/DASH_480' and audio stream 'null'
08-06 06:34:11.641 30345  1088 I RedditVideosAPI: For 'https://v.redd.it/jk6cwef4wld51/DASHPlaylist.mpd', got video stream 'https://v.redd.it/jk6cwef4wld51/DASH_480' and audio stream 'null'
08-06 06:34:11.643 30345 30356 I art     : Starting a blocking GC Explicit
08-06 06:34:11.655 30345  1090 I RedditVideosAPI: For 'https://v.redd.it/xd6c4yyutgd51/DASHPlaylist.mpd', got video stream 'https://v.redd.it/xd6c4yyutgd51/DASH_480' and audio stream 'null'
08-06 06:34:11.661 30345  1089 I RedditVideosAPI: For 'https://v.redd.it/t81s8zfz9ld51/DASHPlaylist.mpd', got video stream 'https://v.redd.it/t81s8zfz9ld51/DASH_480' and audio stream 'https://v.redd.it/t81s8zfz9ld51/audio'
08-06 06:34:11.668 30345  1086 I RedditVideosAPI: For 'https://v.redd.it/ggz4fyth6hd51/DASHPlaylist.mpd', got video stream 'https://v.redd.it/ggz4fyth6hd51/DASH_360' and audio stream 'null'
08-06 06:34:11.690 30345 30356 I art     : Explicit concurrent mark sweep GC freed 1571(314KB) AllocSpace objects, 9(612KB) LOS objects, 28% free, 40MB/56MB, paused 566us total 46.712ms
08-06 06:34:11.709 30345 30356 I art     : Starting a blocking GC Explicit
08-06 06:34:11.763 30345 30356 I art     : Explicit concurrent mark sweep GC freed 1093(80KB) AllocSpace objects, 4(272KB) LOS objects, 28% free, 39MB/55MB, paused 584us total 52.911ms
08-06 06:34:11.782 30345 30356 I art     : Starting a blocking GC Explicit
08-06 06:34:11.835 30345 30356 I art     : Explicit concurrent mark sweep GC freed 93(3KB) AllocSpace objects, 0(0B) LOS objects, 28% free, 39MB/55MB, paused 603us total 52.608ms
08-06 06:34:12.057 13866 13882 I PeriodicStatsRunner: PeriodicStatsRunner.call():175 call()
08-06 06:34:12.058 13866 13882 I PeriodicStatsRunner: PeriodicStatsRunner.call():179 No submit PeriodicStats since input started.
08-06 06:34:12.208 30345 32052 I art     : Starting a blocking GC Explicit
08-06 06:34:12.261 30345 32052 I art     : Explicit concurrent mark sweep GC freed 1361(83KB) AllocSpace objects, 1(20KB) LOS objects, 28% free, 39MB/55MB, paused 575us total 51.743ms
08-06 06:34:12.280 30345 32052 I art     : Starting a blocking GC Explicit
08-06 06:34:12.330 30345 32052 I art     : Explicit concurrent mark sweep GC freed 20(704B) AllocSpace objects, 0(0B) LOS objects, 28% free, 39MB/55MB, paused 511us total 50.384ms
08-06 06:34:12.350 30345 32052 I art     : Starting a blocking GC Explicit
08-06 06:34:12.403 30345 32052 I art     : Explicit concurrent mark sweep GC freed 3(96B) AllocSpace objects, 0(0B) LOS objects, 28% free, 39MB/55MB, paused 578us total 52.990ms
08-06 06:34:12.422 30345 32052 I art     : Starting a blocking GC Explicit
08-06 06:34:12.475 30345 32052 I art     : Explicit concurrent mark sweep GC freed 3(96B) AllocSpace objects, 0(0B) LOS objects, 28% free, 39MB/55MB, paused 588us total 52.751ms
08-06 06:34:12.495 30345 32052 I art     : Starting a blocking GC Explicit
08-06 06:34:12.547 30345 32052 I art     : Explicit concurrent mark sweep GC freed 3(96B) AllocSpace objects, 0(0B) LOS objects, 28% free, 39MB/55MB, paused 636us total 51.918ms
08-06 06:34:12.731  1144  1144 D AndroidRuntime: >>>>>> START com.android.internal.os.RuntimeInit uid 2000 <<<<<<
08-06 06:34:12.739  1144  1144 D AndroidRuntime: CheckJNI is OFF
08-06 06:34:12.779  1144  1144 D ICU     : No timezone override file found: /data/misc/zoneinfo/current/icu/icu_tzdata.dat
08-06 06:34:12.821  1144  1144 I Radio-JNI: register_android_hardware_Radio DONE
08-06 06:34:12.851  1144  1144 D AndroidRuntime: Calling main entry com.android.commands.input.Input
08-06 06:34:12.853  1144  1144 I Input   : injectMotionEvent: MotionEvent { action=ACTION_DOWN, actionButton=0, id[0]=0, x[0]=1340.0, y[0]=1100.0, toolType[0]=TOOL_TYPE_UNKNOWN, buttonState=0, metaState=0, flags=0x0, edgeFlags=0x0, pointerCount=1, historySize=0, eventTime=858869266, downTime=858869266, deviceId=0, source=0x1002 }
08-06 06:34:12.858  1144  1144 I Input   : injectMotionEvent: MotionEvent { action=ACTION_UP, actionButton=0, id[0]=0, x[0]=1340.0, y[0]=1100.0, toolType[0]=TOOL_TYPE_UNKNOWN, buttonState=0, metaState=0, flags=0x0, edgeFlags=0x0, pointerCount=1, historySize=0, eventTime=858869266, downTime=858869266, deviceId=0, source=0x1002 }
08-06 06:34:12.860  1144  1144 D AndroidRuntime: Shutting down VM
08-06 06:34:12.872   512  2967 D audio_hw_primary: out_set_parameters: enter: usecase(1: low-latency-playback) kvpairs: routing=2
08-06 06:34:12.874   918  6029 I ActivityManager: START u0 {dat=https://oauth.reddit.com/... cmp=baseline.org.quantumbadger.redreader/.activities.CommentListingActivity} from uid 10705 on display 0
08-06 06:34:12.885   512  2967 D audio_hw_primary: select_devices: out_snd_device(2: speaker) in_snd_device(0: none)
08-06 06:34:12.885   512  2967 D msm8974_platform: platform_send_audio_calibration: sending audio calibration for snd_device(2) acdb_id(15)
08-06 06:34:12.886   512  2967 I soundtrigger: audio_extn_sound_trigger_update_device_status: device 0x2 of type 0 for Event 1
08-06 06:34:12.893 30345 32052 I art     : Starting a blocking GC Explicit
08-06 06:34:12.900   512  2967 D audio_hw_primary: enable_snd_device: snd_device(2: speaker)
08-06 06:34:12.902   512  2967 D audio_hw_primary: enable_audio_route: apply and update mixer path: low-latency-playback speaker
08-06 06:34:12.904 30345 30345 I AppCompatViewInflater: app:theme is now deprecated. Please move to using android:theme instead.
08-06 06:34:12.923 30345  1169 D OK      : calling: https://oauth.reddit.com/comments/hzejrd/.json?sort=confidence
08-06 06:34:12.942 30345 32052 I art     : Explicit concurrent mark sweep GC freed 3358(181KB) AllocSpace objects, 1(20KB) LOS objects, 28% free, 39MB/55MB, paused 763us total 48.566ms
08-06 06:34:12.967 30345 32052 I art     : Starting a blocking GC Explicit
08-06 06:34:13.011 13866 13866 I GoogleInputMethodServic: GoogleInputMethodService.onFinishInput():3138 
08-06 06:34:13.012   918   936 I ActivityManager: Displayed baseline.org.quantumbadger.redreader/.activities.CommentListingActivity: +128ms
08-06 06:34:13.012 13866 13866 I GoogleInputMethodServic: GoogleInputMethodService.onStartInput():1808 
08-06 06:34:13.012 30345 32052 I art     : Explicit concurrent mark sweep GC freed 7671(844KB) AllocSpace objects, 17(2MB) LOS objects, 30% free, 37MB/53MB, paused 709us total 45.265ms
08-06 06:34:13.030 30345 32052 I art     : Starting a blocking GC Explicit
08-06 06:34:13.076 30345 32052 I art     : Explicit concurrent mark sweep GC freed 229(13KB) AllocSpace objects, 0(0B) LOS objects, 30% free, 37MB/53MB, paused 594us total 44.998ms
08-06 06:34:13.093 30345 32052 I art     : Starting a blocking GC Explicit
08-06 06:34:13.140 30345 32052 I art     : Explicit concurrent mark sweep GC freed 1966(77KB) AllocSpace objects, 0(0B) LOS objects, 30% free, 37MB/53MB, paused 619us total 46.250ms
08-06 06:34:13.140 30345 30355 I art     : WaitForGcToComplete blocked for 26.744ms for cause HeapTrim
08-06 06:34:13.158 30345 32052 I art     : Starting a blocking GC Explicit
08-06 06:34:13.207 30345 32052 I art     : Explicit concurrent mark sweep GC freed 88(3KB) AllocSpace objects, 0(0B) LOS objects, 30% free, 37MB/53MB, paused 664us total 47.970ms
08-06 06:34:13.265   380   380 W SurfaceFlinger: couldn't log to binary event log: overflow.
08-06 06:34:13.283 30345  1169 I NAPPA_EXPERIMENTATION: MetricNetworkRequestExecutionTime: REQUEST_DURATION_SYSTEM='359',REQUEST_DURATION_OKHTTP='154',REQUEST_SYNCHRONOUS='TRUE',RESPONSE_CODE='200',RESPONSE_METHOD='GET',RESPONSE_LENGTH_OKHTTP='-1',RESPONSE_LENGTH_HEADER='45890',REQUEST_PROTOCOL='h2',REQUEST_URL='https://oauth.reddit.com/comments/hzejrd/.json?sort=confidence',
08-06 06:34:13.283 30345  1169 D OK      : request got status: 200
08-06 06:34:13.289 30345 30917 I CommentListingActivity: COMMENTS session changed to 820060b0-42bd-4893-832a-49871f556aa6
08-06 06:34:13.440   512  2967 D audio_hw_primary: disable_audio_route: reset and update mixer path: low-latency-playback speaker
08-06 06:34:13.441   512  2967 D audio_hw_primary: disable_snd_device: snd_device(2: speaker)
08-06 06:34:13.453   512  2967 I soundtrigger: audio_extn_sound_trigger_update_device_status: device 0x2 of type 0 for Event 0
08-06 06:34:13.535 30345 30356 I art     : Starting a blocking GC Explicit
08-06 06:34:13.597 30345 30356 I art     : Explicit concurrent mark sweep GC freed 31040(1766KB) AllocSpace objects, 1(20KB) LOS objects, 28% free, 39MB/55MB, paused 849us total 61.371ms
08-06 06:34:13.616 30345 30356 I art     : Starting a blocking GC Explicit
08-06 06:34:13.671 30345 30356 I art     : Explicit concurrent mark sweep GC freed 11583(483KB) AllocSpace objects, 2(136KB) LOS objects, 29% free, 39MB/55MB, paused 604us total 54.523ms
08-06 06:34:13.691 30345 30356 I art     : Starting a blocking GC Explicit
08-06 06:34:13.744 30345 30356 I art     : Explicit concurrent mark sweep GC freed 51(2688B) AllocSpace objects, 0(0B) LOS objects, 29% free, 39MB/55MB, paused 487us total 52.356ms
08-06 06:34:13.764 30345 30356 I art     : Starting a blocking GC Explicit
08-06 06:34:13.817 30345 30356 I art     : Explicit concurrent mark sweep GC freed 3(96B) AllocSpace objects, 0(0B) LOS objects, 29% free, 39MB/55MB, paused 525us total 52.837ms
08-06 06:34:13.836 30345 30356 I art     : Starting a blocking GC Explicit
08-06 06:34:13.893 30345 30356 I art     : Explicit concurrent mark sweep GC freed 279(13KB) AllocSpace objects, 0(0B) LOS objects, 29% free, 39MB/55MB, paused 496us total 56.914ms
08-06 06:34:14.241 30345 30369 I art     : Starting a blocking GC Explicit
08-06 06:34:14.304 30345 30369 I art     : Explicit concurrent mark sweep GC freed 1947(111KB) AllocSpace objects, 1(20KB) LOS objects, 29% free, 39MB/55MB, paused 552us total 62.563ms
08-06 06:34:14.324 30345 30369 I art     : Starting a blocking GC Explicit
08-06 06:34:14.386 30345 30369 I art     : Explicit concurrent mark sweep GC freed 66(2528B) AllocSpace objects, 0(0B) LOS objects, 29% free, 39MB/55MB, paused 545us total 61.026ms
08-06 06:34:14.407 30345 30369 I art     : Starting a blocking GC Explicit
08-06 06:34:14.468 30345 30369 I art     : Explicit concurrent mark sweep GC freed 3(96B) AllocSpace objects, 0(0B) LOS objects, 29% free, 39MB/55MB, paused 656us total 60.805ms
08-06 06:34:14.488 30345 30369 I art     : Starting a blocking GC Explicit
08-06 06:34:14.556 30345 30369 I art     : Explicit concurrent mark sweep GC freed 3(96B) AllocSpace objects, 0(0B) LOS objects, 29% free, 39MB/55MB, paused 578us total 67.432ms
08-06 06:34:14.577 30345 30369 I art     : Starting a blocking GC Explicit
08-06 06:34:14.644 30345 30369 I art     : Explicit concurrent mark sweep GC freed 3(96B) AllocSpace objects, 0(0B) LOS objects, 29% free, 39MB/55MB, paused 553us total 66.957ms
08-06 06:34:15.013 30345 30356 I art     : Starting a blocking GC Explicit
08-06 06:34:15.096 30345 30356 I art     : Explicit concurrent mark sweep GC freed 1356(82KB) AllocSpace objects, 1(20KB) LOS objects, 29% free, 39MB/55MB, paused 624us total 82.117ms
08-06 06:34:15.119 30345 30356 I art     : Starting a blocking GC Explicit
08-06 06:34:15.187 30345 30356 I art     : Explicit concurrent mark sweep GC freed 20(704B) AllocSpace objects, 0(0B) LOS objects, 29% free, 39MB/55MB, paused 632us total 68.372ms
08-06 06:34:15.208 30345 30356 I art     : Starting a blocking GC Explicit
08-06 06:34:15.285 30345 30356 I art     : Explicit concurrent mark sweep GC freed 3(96B) AllocSpace objects, 0(0B) LOS objects, 29% free, 39MB/55MB, paused 631us total 76.457ms
08-06 06:34:15.310 30345 30356 I art     : Starting a blocking GC Explicit
08-06 06:34:15.376 30345 30356 I art     : Explicit concurrent mark sweep GC freed 3(96B) AllocSpace objects, 0(0B) LOS objects, 29% free, 39MB/55MB, paused 564us total 65.829ms
08-06 06:34:15.398 30345 30356 I art     : Starting a blocking GC Explicit
08-06 06:34:15.470 30345 30356 I art     : Explicit concurrent mark sweep GC freed 3(96B) AllocSpace objects, 0(0B) LOS objects, 29% free, 39MB/55MB, paused 648us total 72.455ms
08-06 06:34:15.834 30345 32052 I art     : Starting a blocking GC Explicit
08-06 06:34:15.910 30345 32052 I art     : Explicit concurrent mark sweep GC freed 1354(82KB) AllocSpace objects, 1(20KB) LOS objects, 29% free, 39MB/55MB, paused 651us total 76.297ms
08-06 06:34:15.935 30345 32052 I art     : Starting a blocking GC Explicit
08-06 06:34:16.002 30345 32052 I art     : Explicit concurrent mark sweep GC freed 20(704B) AllocSpace objects, 0(0B) LOS objects, 29% free, 39MB/55MB, paused 542us total 66.395ms
08-06 06:34:16.023 30345 32052 I art     : Starting a blocking GC Explicit
08-06 06:34:16.090 30345 32052 I art     : Explicit concurrent mark sweep GC freed 3(96B) AllocSpace objects, 0(0B) LOS objects, 29% free, 39MB/55MB, paused 574us total 66.230ms
08-06 06:34:16.111 30345 32052 I art     : Starting a blocking GC Explicit
08-06 06:34:16.180 30345 32052 I art     : Explicit concurrent mark sweep GC freed 3(96B) AllocSpace objects, 0(0B) LOS objects, 29% free, 39MB/55MB, paused 530us total 68.284ms
08-06 06:34:16.201 30345 32052 I art     : Starting a blocking GC Explicit
08-06 06:34:16.270 30345 32052 I art     : Explicit concurrent mark sweep GC freed 3(96B) AllocSpace objects, 0(0B) LOS objects, 29% free, 39MB/55MB, paused 578us total 69.535ms
08-06 06:34:16.638 30345 31027 I art     : Starting a blocking GC Explicit
08-06 06:34:16.726 30345 31027 I art     : Explicit concurrent mark sweep GC freed 1354(82KB) AllocSpace objects, 1(20KB) LOS objects, 29% free, 39MB/55MB, paused 642us total 88.087ms
08-06 06:34:16.750 30345 31027 I art     : Starting a blocking GC Explicit
08-06 06:34:16.817 30345 31027 I art     : Explicit concurrent mark sweep GC freed 20(704B) AllocSpace objects, 0(0B) LOS objects, 29% free, 39MB/55MB, paused 706us total 67.108ms
08-06 06:34:16.839 30345 31027 I art     : Starting a blocking GC Explicit
08-06 06:34:16.912 30345 31027 I art     : Explicit concurrent mark sweep GC freed 3(96B) AllocSpace objects, 0(0B) LOS objects, 29% free, 39MB/55MB, paused 577us total 73.099ms
08-06 06:34:16.933 30345 31027 I art     : Starting a blocking GC Explicit
08-06 06:34:16.996 30345 31027 I art     : Explicit concurrent mark sweep GC freed 3(96B) AllocSpace objects, 0(0B) LOS objects, 29% free, 39MB/55MB, paused 606us total 61.717ms
08-06 06:34:17.020 30345 31027 I art     : Starting a blocking GC Explicit
08-06 06:34:17.087 30345 31027 I art     : Explicit concurrent mark sweep GC freed 3(96B) AllocSpace objects, 0(0B) LOS objects, 29% free, 39MB/55MB, paused 579us total 66.742ms
08-06 06:34:17.466 30345 30357 I art     : Starting a blocking GC Explicit
08-06 06:34:17.548 30345 30357 I art     : Explicit concurrent mark sweep GC freed 1355(83KB) AllocSpace objects, 1(20KB) LOS objects, 29% free, 39MB/55MB, paused 573us total 82.262ms
08-06 06:34:17.573 30345 30357 I art     : Starting a blocking GC Explicit
08-06 06:34:17.646 30345 30357 I art     : Explicit concurrent mark sweep GC freed 20(704B) AllocSpace objects, 0(0B) LOS objects, 29% free, 39MB/55MB, paused 634us total 72.477ms
08-06 06:34:17.670 30345 30357 I art     : Starting a blocking GC Explicit
08-06 06:34:17.738 30345 30357 I art     : Explicit concurrent mark sweep GC freed 3(96B) AllocSpace objects, 0(0B) LOS objects, 29% free, 39MB/55MB, paused 612us total 68.313ms
08-06 06:34:17.760 30345 30357 I art     : Starting a blocking GC Explicit
08-06 06:34:17.832 30345 30357 I art     : Explicit concurrent mark sweep GC freed 3(96B) AllocSpace objects, 0(0B) LOS objects, 29% free, 39MB/55MB, paused 632us total 71.673ms
08-06 06:34:17.855 30345 30357 I art     : Starting a blocking GC Explicit
08-06 06:34:17.885 30345  1168 I RedditChangeDataIO: Writing tmp data file at '/data/user/0/baseline.org.quantumbadger.redreader/files/rr_change_data_tmp.dat'
08-06 06:34:17.886 30345  1168 I RedditChangeDataManager: Taking snapshot...
08-06 06:34:17.886 30345  1168 I RedditChangeDataManager: Writing to stream...
08-06 06:34:17.887 30345  1168 I RedditChangeDataManager: Wrote 6 entries for user ''
08-06 06:34:17.887 30345  1168 I RedditChangeDataManager: All entries written to stream.
08-06 06:34:17.887 30345  1168 I RedditChangeDataIO: Write successful. Atomically replacing data file...
08-06 06:34:17.888 30345  1168 I RedditChangeDataIO: Write complete.
08-06 06:34:17.889 30345  1168 I RedditChangeDataIO: 158 bytes written in 5 ms
08-06 06:34:17.921 30345 30357 I art     : Explicit concurrent mark sweep GC freed 82(4KB) AllocSpace objects, 1(68KB) LOS objects, 29% free, 39MB/55MB, paused 562us total 66.128ms
08-06 06:34:18.012 13866 13882 I PeriodicStatsRunner: PeriodicStatsRunner.call():175 call()
08-06 06:34:18.012 13866 13882 I PeriodicStatsRunner: PeriodicStatsRunner.call():179 No submit PeriodicStats since input started.
08-06 06:34:18.275 30345 30369 I art     : Starting a blocking GC Explicit
08-06 06:34:18.362 30345 30369 I art     : Explicit concurrent mark sweep GC freed 1368(83KB) AllocSpace objects, 1(20KB) LOS objects, 29% free, 39MB/55MB, paused 605us total 85.964ms
08-06 06:34:18.384 30345 30369 I art     : Starting a blocking GC Explicit
08-06 06:34:18.452 30345 30369 I art     : Explicit concurrent mark sweep GC freed 20(704B) AllocSpace objects, 0(0B) LOS objects, 29% free, 39MB/55MB, paused 572us total 67.420ms
08-06 06:34:18.474 30345 30369 I art     : Starting a blocking GC Explicit
08-06 06:34:18.539 30345 30369 I art     : Explicit concurrent mark sweep GC freed 32(1568B) AllocSpace objects, 0(0B) LOS objects, 29% free, 39MB/55MB, paused 483us total 64.966ms
08-06 06:34:18.560 30345 30369 I art     : Starting a blocking GC Explicit
08-06 06:34:18.627 30345 30369 I art     : Explicit concurrent mark sweep GC freed 209(35KB) AllocSpace objects, 0(0B) LOS objects, 29% free, 39MB/55MB, paused 587us total 67.571ms
08-06 06:34:18.649 30345 30369 I art     : Starting a blocking GC Explicit
08-06 06:34:18.716 30345 30369 I art     : Explicit concurrent mark sweep GC freed 68(2272B) AllocSpace objects, 0(0B) LOS objects, 29% free, 39MB/55MB, paused 466us total 66.733ms
08-06 06:34:19.074 30345 30356 I art     : Starting a blocking GC Explicit
08-06 06:34:19.147 30345 30356 I art     : Explicit concurrent mark sweep GC freed 1356(82KB) AllocSpace objects, 1(20KB) LOS objects, 29% free, 39MB/55MB, paused 467us total 73.104ms
08-06 06:34:19.168 30345 30356 I art     : Starting a blocking GC Explicit
08-06 06:34:19.226 30345 30356 I art     : Explicit concurrent mark sweep GC freed 20(704B) AllocSpace objects, 0(0B) LOS objects, 29% free, 39MB/55MB, paused 489us total 57.691ms
08-06 06:34:19.246 30345 30356 I art     : Starting a blocking GC Explicit
08-06 06:34:19.308 30345 30356 I art     : Explicit concurrent mark sweep GC freed 3(96B) AllocSpace objects, 0(0B) LOS objects, 29% free, 39MB/55MB, paused 573us total 61.980ms
08-06 06:34:19.329 30345 30356 I art     : Starting a blocking GC Explicit
08-06 06:34:19.392 30345 30356 I art     : Explicit concurrent mark sweep GC freed 3(96B) AllocSpace objects, 0(0B) LOS objects, 29% free, 39MB/55MB, paused 497us total 62.240ms
08-06 06:34:19.413 30345 30356 I art     : Starting a blocking GC Explicit
08-06 06:34:19.477 30345 30356 I art     : Explicit concurrent mark sweep GC freed 3(96B) AllocSpace objects, 0(0B) LOS objects, 29% free, 39MB/55MB, paused 580us total 63.710ms
08-06 06:34:19.659  1265  1265 D AndroidRuntime: >>>>>> START com.android.internal.os.RuntimeInit uid 2000 <<<<<<
08-06 06:34:19.665  1265  1265 D AndroidRuntime: CheckJNI is OFF
08-06 06:34:19.706  1265  1265 D ICU     : No timezone override file found: /data/misc/zoneinfo/current/icu/icu_tzdata.dat
08-06 06:34:19.749  1265  1265 I Radio-JNI: register_android_hardware_Radio DONE
08-06 06:34:19.777  1265  1265 D AndroidRuntime: Calling main entry com.android.commands.input.Input
08-06 06:34:19.779  1265  1265 I Input   : injectKeyEvent: KeyEvent { action=ACTION_DOWN, keyCode=KEYCODE_BACK, scanCode=0, metaState=0, flags=0x0, repeatCount=0, eventTime=858876192, downTime=858876192, deviceId=-1, source=0x101 }
08-06 06:34:19.784  1265  1265 I Input   : injectKeyEvent: KeyEvent { action=ACTION_UP, keyCode=KEYCODE_BACK, scanCode=0, metaState=0, flags=0x0, repeatCount=0, eventTime=858876192, downTime=858876192, deviceId=-1, source=0x101 }
08-06 06:34:19.790  1265  1265 D AndroidRuntime: Shutting down VM
08-06 06:34:19.835 13866 13866 I GoogleInputMethodServic: GoogleInputMethodService.onFinishInput():3138 
08-06 06:34:19.835 13866 13866 I GoogleInputMethodServic: GoogleInputMethodService.onStartInput():1808 
08-06 06:34:19.839 30345 30356 I art     : Starting a blocking GC Explicit
08-06 06:34:19.901 30345 30356 I art     : Explicit concurrent mark sweep GC freed 1609(91KB) AllocSpace objects, 1(20KB) LOS objects, 29% free, 39MB/55MB, paused 511us total 61.959ms
08-06 06:34:19.921 30345 30356 I art     : Starting a blocking GC Explicit
08-06 06:34:19.981 30345 30356 I art     : Explicit concurrent mark sweep GC freed 35(1232B) AllocSpace objects, 0(0B) LOS objects, 29% free, 39MB/55MB, paused 485us total 60.370ms
08-06 06:34:20.004 30345 30356 I art     : Starting a blocking GC Explicit
08-06 06:34:20.071 30345 30356 I art     : Explicit concurrent mark sweep GC freed 3(96B) AllocSpace objects, 0(0B) LOS objects, 29% free, 39MB/55MB, paused 479us total 67.459ms
08-06 06:34:20.096 30345 30356 I art     : Starting a blocking GC Explicit
08-06 06:34:20.139   380   380 W SurfaceFlinger: couldn't log to binary event log: overflow.
08-06 06:34:20.159 30345 30356 I art     : Explicit concurrent mark sweep GC freed 45(1488B) AllocSpace objects, 0(0B) LOS objects, 29% free, 39MB/55MB, paused 440us total 62.013ms
08-06 06:34:20.178 30345 30356 I art     : Starting a blocking GC Explicit
08-06 06:34:20.233 30345 30356 I art     : Explicit concurrent mark sweep GC freed 23(992B) AllocSpace objects, 0(0B) LOS objects, 29% free, 39MB/55MB, paused 517us total 54.956ms
08-06 06:34:20.583 30345 32052 I art     : Starting a blocking GC Explicit
08-06 06:34:20.655 30345 32052 I art     : Explicit concurrent mark sweep GC freed 42730(2MB) AllocSpace objects, 6(160KB) LOS objects, 30% free, 36MB/52MB, paused 586us total 71.883ms
08-06 06:34:20.677 30345 32052 I art     : Starting a blocking GC Explicit
08-06 06:34:20.723 30345 32052 I art     : Explicit concurrent mark sweep GC freed 20(704B) AllocSpace objects, 0(0B) LOS objects, 30% free, 36MB/52MB, paused 548us total 45.884ms
08-06 06:34:20.742 30345 32052 I art     : Starting a blocking GC Explicit
08-06 06:34:20.788 30345 32052 I art     : Explicit concurrent mark sweep GC freed 3(96B) AllocSpace objects, 0(0B) LOS objects, 30% free, 36MB/52MB, paused 523us total 46.587ms
08-06 06:34:20.807 30345 32052 I art     : Starting a blocking GC Explicit
08-06 06:34:20.854 30345 32052 I art     : Explicit concurrent mark sweep GC freed 3(96B) AllocSpace objects, 0(0B) LOS objects, 30% free, 36MB/52MB, paused 485us total 47.080ms
08-06 06:34:20.873 30345 32052 I art     : Starting a blocking GC Explicit
08-06 06:34:20.920 30345 32052 I art     : Explicit concurrent mark sweep GC freed 3(96B) AllocSpace objects, 0(0B) LOS objects, 30% free, 36MB/52MB, paused 474us total 46.497ms
08-06 06:34:21.235 30345 30369 I art     : Starting a blocking GC Explicit
08-06 06:34:21.287 30345 30369 I art     : Explicit concurrent mark sweep GC freed 1354(82KB) AllocSpace objects, 1(20KB) LOS objects, 30% free, 36MB/52MB, paused 510us total 51.255ms
08-06 06:34:21.305 30345 30369 I art     : Starting a blocking GC Explicit
08-06 06:34:21.350 30345 30369 I art     : Explicit concurrent mark sweep GC freed 20(704B) AllocSpace objects, 0(0B) LOS objects, 30% free, 36MB/52MB, paused 494us total 44.333ms
08-06 06:34:21.369 30345 30369 I art     : Starting a blocking GC Explicit
08-06 06:34:21.413 30345 30369 I art     : Explicit concurrent mark sweep GC freed 3(96B) AllocSpace objects, 0(0B) LOS objects, 30% free, 36MB/52MB, paused 526us total 44.092ms
08-06 06:34:21.432 30345 30369 I art     : Starting a blocking GC Explicit
08-06 06:34:21.482 30345 30369 I art     : Explicit concurrent mark sweep GC freed 3(96B) AllocSpace objects, 0(0B) LOS objects, 30% free, 36MB/52MB, paused 512us total 49.765ms
08-06 06:34:21.501 30345 30369 I art     : Starting a blocking GC Explicit
08-06 06:34:21.549 30345 30369 I art     : Explicit concurrent mark sweep GC freed 3(96B) AllocSpace objects, 0(0B) LOS objects, 30% free, 36MB/52MB, paused 499us total 47.838ms
08-06 06:34:21.610  1298  1298 D AndroidRuntime: >>>>>> START com.android.internal.os.RuntimeInit uid 2000 <<<<<<
08-06 06:34:21.617  1298  1298 D AndroidRuntime: CheckJNI is OFF
08-06 06:34:21.666  1298  1298 D ICU     : No timezone override file found: /data/misc/zoneinfo/current/icu/icu_tzdata.dat
08-06 06:34:21.715  1298  1298 I Radio-JNI: register_android_hardware_Radio DONE
08-06 06:34:21.743  1298  1298 D AndroidRuntime: Calling main entry com.android.commands.input.Input
08-06 06:34:21.746  1298  1298 I Input   : injectMotionEvent: MotionEvent { action=ACTION_DOWN, actionButton=0, id[0]=0, x[0]=600.0, y[0]=938.0, toolType[0]=TOOL_TYPE_UNKNOWN, buttonState=0, metaState=0, flags=0x0, edgeFlags=0x0, pointerCount=1, historySize=0, eventTime=858878158, downTime=858878158, deviceId=0, source=0x1002 }
08-06 06:34:21.752  1298  1298 I Input   : injectMotionEvent: MotionEvent { action=ACTION_UP, actionButton=0, id[0]=0, x[0]=600.0, y[0]=938.0, toolType[0]=TOOL_TYPE_UNKNOWN, buttonState=0, metaState=0, flags=0x0, edgeFlags=0x0, pointerCount=1, historySize=0, eventTime=858878158, downTime=858878158, deviceId=0, source=0x1002 }
08-06 06:34:21.754  1298  1298 D AndroidRuntime: Shutting down VM
08-06 06:34:21.764   512  2967 D audio_hw_primary: out_set_parameters: enter: usecase(1: low-latency-playback) kvpairs: routing=2
08-06 06:34:21.765   918  6111 I ActivityManager: START u0 {dat=https://gfycat.com/... cmp=baseline.org.quantumbadger.redreader/.activities.ImageViewActivity (has extras)} from uid 10705 on display 0
08-06 06:34:21.778   512  2967 D audio_hw_primary: select_devices: out_snd_device(2: speaker) in_snd_device(0: none)
08-06 06:34:21.778   512  2967 D msm8974_platform: platform_send_audio_calibration: sending audio calibration for snd_device(2) acdb_id(15)
08-06 06:34:21.778   512  2967 I soundtrigger: audio_extn_sound_trigger_update_device_status: device 0x2 of type 0 for Event 1
08-06 06:34:21.789   512  2967 D audio_hw_primary: enable_snd_device: snd_device(2: speaker)
08-06 06:34:21.790 30345 30345 I ImageViewActivity: Loading URL https://gfycat.com/deadlygravecavy
08-06 06:34:21.792   512  2967 D audio_hw_primary: enable_audio_route: apply and update mixer path: low-latency-playback speaker
08-06 06:34:21.799 30345 30917 I ImageViewActivity: Got image URL: https://giant.gfycat.com/DeadlyGraveCavy.mp4
08-06 06:34:21.799 30345 30917 I ImageViewActivity: Got image Type: video/mp4
08-06 06:34:21.799 30345 30917 I ImageViewActivity: Got media Type: VIDEO
08-06 06:34:21.799 30345 30917 I ImageViewActivity: Media type VIDEO detected
08-06 06:34:21.799 30345 30917 I ImageViewActivity: Proceeding with download
08-06 06:34:21.804 30345  1334 D OK      : calling: https://giant.gfycat.com/DeadlyGraveCavy.mp4
08-06 06:34:21.846 13866 13866 I GoogleInputMethodServic: GoogleInputMethodService.onFinishInput():3138 
08-06 06:34:21.847 13866 13866 I GoogleInputMethodServic: GoogleInputMethodService.onStartInput():1808 
08-06 06:34:21.885   918   936 I ActivityManager: Displayed baseline.org.quantumbadger.redreader/.activities.ImageViewActivity: +112ms
08-06 06:34:21.898 30345 31027 I art     : Starting a blocking GC Explicit
08-06 06:34:21.952 30345 31027 I art     : Explicit concurrent mark sweep GC freed 3700(266KB) AllocSpace objects, 1(20KB) LOS objects, 30% free, 36MB/52MB, paused 636us total 53.669ms
08-06 06:34:21.970 30345 31027 I art     : Starting a blocking GC Explicit
08-06 06:34:22.012 30345 31027 I art     : Explicit concurrent mark sweep GC freed 1969(77KB) AllocSpace objects, 0(0B) LOS objects, 30% free, 36MB/52MB, paused 527us total 42.093ms
08-06 06:34:22.030 30345 31027 I art     : Starting a blocking GC Explicit
08-06 06:34:22.084 30345 31027 I art     : Explicit concurrent mark sweep GC freed 61(2288B) AllocSpace objects, 0(0B) LOS objects, 30% free, 36MB/52MB, paused 522us total 53.974ms
08-06 06:34:22.106 30345 31027 I art     : Starting a blocking GC Explicit
08-06 06:34:22.128 30345  1334 I NAPPA_EXPERIMENTATION: MetricNetworkRequestExecutionTime: REQUEST_DURATION_SYSTEM='323',REQUEST_DURATION_OKHTTP='159',REQUEST_SYNCHRONOUS='TRUE',RESPONSE_CODE='200',RESPONSE_METHOD='GET',RESPONSE_LENGTH_OKHTTP='1942309',RESPONSE_LENGTH_HEADER='1942309',REQUEST_PROTOCOL='h2',REQUEST_URL='https://giant.gfycat.com/DeadlyGraveCavy.mp4',
08-06 06:34:22.128 30345  1334 D OK      : request got status: 200
08-06 06:34:22.142   380   380 W SurfaceFlinger: couldn't log to binary event log: overflow.
08-06 06:34:22.163 30345 31027 I art     : Explicit concurrent mark sweep GC freed 269(19KB) AllocSpace objects, 0(0B) LOS objects, 30% free, 37MB/53MB, paused 904us total 56.248ms
08-06 06:34:22.180 30345 31027 I art     : Starting a blocking GC Explicit
08-06 06:34:22.220 30345 31027 I art     : Explicit concurrent mark sweep GC freed 286(17KB) AllocSpace objects, 0(0B) LOS objects, 29% free, 37MB/53MB, paused 563us total 40.208ms
08-06 06:34:22.330   512  2967 D audio_hw_primary: disable_audio_route: reset and update mixer path: low-latency-playback speaker
08-06 06:34:22.330   512  2967 D audio_hw_primary: disable_snd_device: snd_device(2: speaker)
08-06 06:34:22.338   512  2967 I soundtrigger: audio_extn_sound_trigger_update_device_status: device 0x2 of type 0 for Event 0
08-06 06:34:22.516 30345 30345 I ImageViewActivity: Playing video using ExoPlayer
08-06 06:34:22.543 30345 31027 I art     : Starting a blocking GC Explicit
08-06 06:34:22.580 30345 30345 I ExoPlayerImpl: Init 43f61bc [ExoPlayerLib/2.10.8] [angler, Nexus 6P, Huawei, 23]
08-06 06:34:22.619 30345 31027 I art     : Explicit concurrent mark sweep GC freed 4551(1415KB) AllocSpace objects, 3(156KB) LOS objects, 29% free, 37MB/53MB, paused 2.063ms total 75.958ms
08-06 06:34:22.639 30345 31027 I art     : Starting a blocking GC Explicit
08-06 06:34:22.687 30345 31027 I art     : Explicit concurrent mark sweep GC freed 2332(225KB) AllocSpace objects, 1(68KB) LOS objects, 29% free, 37MB/53MB, paused 1.476ms total 48.436ms
08-06 06:34:22.706 30345 31027 I art     : Starting a blocking GC Explicit
08-06 06:34:22.748 30345  1349 W VideoCapabilities: Unrecognized profile 2130706433 for video/avc
08-06 06:34:22.756 30345 31027 I art     : Explicit concurrent mark sweep GC freed 2410(145KB) AllocSpace objects, 3(100KB) LOS objects, 29% free, 38MB/54MB, paused 825us total 49.358ms
08-06 06:34:22.774 30345 31027 I art     : Starting a blocking GC Explicit
08-06 06:34:22.787 30345  1349 I VideoCapabilities: Unsupported profile 4 for video/mp4v-es
08-06 06:34:22.801 30345  1353 I OMXClient: Using client-side OMX mux.
08-06 06:34:22.823 30345 31027 I art     : Explicit concurrent mark sweep GC freed 3422(143KB) AllocSpace objects, 0(0B) LOS objects, 29% free, 38MB/54MB, paused 742us total 48.940ms
08-06 06:34:22.842 30345 31027 I art     : Starting a blocking GC Explicit
08-06 06:34:22.887 30345 31027 I art     : Explicit concurrent mark sweep GC freed 71(6KB) AllocSpace objects, 0(0B) LOS objects, 28% free, 39MB/55MB, paused 551us total 44.653ms
08-06 06:34:22.891   512 12837 I OMX-VDEC-1080P: component_init: OMX.qcom.video.decoder.avc : fd=49
08-06 06:34:22.891   512 12837 I OMX-VDEC-1080P: Capabilities: driver_name = msm_vidc_driver, card = msm_vdec_8974, bus_info = , version = 1, capabilities = 4003000
08-06 06:34:22.897   512 12837 I OMX-VDEC-1080P: Enabling default extradata for OMX.qcom.video.decoder.avc
08-06 06:34:22.900   512 12837 I OMX-VDEC-1080P: omx_vdec::component_init() success : fd=49
08-06 06:34:22.903 30345  1352 I MediaCodec: [OMX.qcom.video.decoder.avc] setting surface generation to 31073281
08-06 06:34:22.905   512  3269 E OMX-VDEC-1080P: Extension: OMX.google.android.index.storeANWBufferInMetadata not implemented
08-06 06:34:22.949 30345  1353 D SurfaceUtils: set up nativeWindow 0x7f7c24e410 for 360x306, color 0x7fa30c04, rotation 0, usage 0x42002900
08-06 06:34:22.979 30345  1353 D SurfaceUtils: set up nativeWindow 0x7f7c24e410 for 368x320, color 0x7fa30c04, rotation 0, usage 0x42002900
08-06 06:34:23.237 30345 30356 I art     : Starting a blocking GC Explicit
08-06 06:34:23.288 30345 30356 I art     : Explicit concurrent mark sweep GC freed 1763(144KB) AllocSpace objects, 2(88KB) LOS objects, 28% free, 40MB/56MB, paused 611us total 50.729ms
08-06 06:34:23.306 30345 30356 I art     : Starting a blocking GC Explicit
08-06 06:34:23.354 30345 30356 I art     : Explicit concurrent mark sweep GC freed 46(1664B) AllocSpace objects, 0(0B) LOS objects, 28% free, 40MB/56MB, paused 599us total 47.131ms
08-06 06:34:23.372 30345 30356 I art     : Starting a blocking GC Explicit
08-06 06:34:23.423 30345 30356 I art     : Explicit concurrent mark sweep GC freed 25(928B) AllocSpace objects, 0(0B) LOS objects, 28% free, 40MB/56MB, paused 567us total 50.124ms
08-06 06:34:23.423 30345 30355 I art     : WaitForGcToComplete blocked for 50.491ms for cause HeapTrim
08-06 06:34:23.442 30345 30356 I art     : Starting a blocking GC Explicit
08-06 06:34:23.494 30345 30356 I art     : Explicit concurrent mark sweep GC freed 25(928B) AllocSpace objects, 0(0B) LOS objects, 28% free, 40MB/56MB, paused 538us total 51.692ms
08-06 06:34:23.514 30345 30356 I art     : Starting a blocking GC Explicit
08-06 06:34:23.562 30345 30356 I art     : Explicit concurrent mark sweep GC freed 25(928B) AllocSpace objects, 0(0B) LOS objects, 28% free, 40MB/56MB, paused 531us total 48.339ms
08-06 06:34:23.911 30345 30369 I art     : Starting a blocking GC Explicit
08-06 06:34:23.963 30345 30369 I art     : Explicit concurrent mark sweep GC freed 1484(87KB) AllocSpace objects, 1(20KB) LOS objects, 28% free, 40MB/56MB, paused 516us total 50.776ms
08-06 06:34:23.982 30345 30369 I art     : Starting a blocking GC Explicit
08-06 06:34:24.032 30345 30369 I art     : Explicit concurrent mark sweep GC freed 48(1776B) AllocSpace objects, 0(0B) LOS objects, 28% free, 40MB/56MB, paused 598us total 49.840ms
08-06 06:34:24.051 30345 30369 I art     : Starting a blocking GC Explicit
08-06 06:34:24.102 30345 30369 I art     : Explicit concurrent mark sweep GC freed 25(928B) AllocSpace objects, 0(0B) LOS objects, 28% free, 40MB/56MB, paused 547us total 51.445ms
08-06 06:34:24.122 30345 30369 I art     : Starting a blocking GC Explicit
08-06 06:34:24.171 30345 30369 I art     : Explicit concurrent mark sweep GC freed 25(928B) AllocSpace objects, 0(0B) LOS objects, 28% free, 40MB/56MB, paused 561us total 48.255ms
08-06 06:34:24.190 30345 30369 I art     : Starting a blocking GC Explicit
08-06 06:34:24.241 30345 30369 I art     : Explicit concurrent mark sweep GC freed 31(1136B) AllocSpace objects, 0(0B) LOS objects, 28% free, 40MB/56MB, paused 549us total 51.171ms
08-06 06:34:24.345   918  3188 I hubconnection: sensorhub said: 'set_bias 3: -5.0112, 0.0000, 0.0000'
08-06 06:34:24.624 30345 32052 I art     : Starting a blocking GC Explicit
08-06 06:34:24.677 30345 32052 I art     : Explicit concurrent mark sweep GC freed 1491(87KB) AllocSpace objects, 1(20KB) LOS objects, 28% free, 40MB/56MB, paused 605us total 52.258ms
08-06 06:34:24.697 30345 32052 I art     : Starting a blocking GC Explicit
08-06 06:34:24.747 30345 32052 I art     : Explicit concurrent mark sweep GC freed 46(1648B) AllocSpace objects, 0(0B) LOS objects, 28% free, 40MB/56MB, paused 622us total 50.400ms
08-06 06:34:24.767 30345 32052 I art     : Starting a blocking GC Explicit
08-06 06:34:24.816 30345 32052 I art     : Explicit concurrent mark sweep GC freed 25(928B) AllocSpace objects, 0(0B) LOS objects, 28% free, 40MB/56MB, paused 531us total 49.408ms
08-06 06:34:24.835 30345 32052 I art     : Starting a blocking GC Explicit
08-06 06:34:24.835 13866 13882 I PeriodicStatsRunner: PeriodicStatsRunner.call():175 call()
08-06 06:34:24.836 13866 13882 I PeriodicStatsRunner: PeriodicStatsRunner.call():179 No submit PeriodicStats since input started.
08-06 06:34:24.887 30345 32052 I art     : Explicit concurrent mark sweep GC freed 27(1024B) AllocSpace objects, 0(0B) LOS objects, 28% free, 40MB/56MB, paused 591us total 51.124ms
08-06 06:34:24.905 30345 32052 I art     : Starting a blocking GC Explicit
08-06 06:34:24.955 30345 32052 I art     : Explicit concurrent mark sweep GC freed 26(992B) AllocSpace objects, 0(0B) LOS objects, 28% free, 40MB/56MB, paused 540us total 49.357ms
08-06 06:34:25.314 30345 30356 I art     : Starting a blocking GC Explicit
08-06 06:34:25.367 30345 30356 I art     : Explicit concurrent mark sweep GC freed 1488(88KB) AllocSpace objects, 1(20KB) LOS objects, 28% free, 40MB/56MB, paused 604us total 53.425ms
08-06 06:34:25.386 30345 30356 I art     : Starting a blocking GC Explicit
08-06 06:34:25.437 30345 30356 I art     : Explicit concurrent mark sweep GC freed 50(1792B) AllocSpace objects, 0(0B) LOS objects, 28% free, 40MB/56MB, paused 602us total 50.377ms
08-06 06:34:25.456 30345 30356 I art     : Starting a blocking GC Explicit
08-06 06:34:25.508 30345 30356 I art     : Explicit concurrent mark sweep GC freed 21(816B) AllocSpace objects, 0(0B) LOS objects, 28% free, 40MB/56MB, paused 596us total 51.566ms
08-06 06:34:25.528 30345 30356 I art     : Starting a blocking GC Explicit
08-06 06:34:25.578 30345 30356 I art     : Explicit concurrent mark sweep GC freed 25(928B) AllocSpace objects, 0(0B) LOS objects, 28% free, 40MB/56MB, paused 601us total 50.562ms
08-06 06:34:25.597 30345 30356 I art     : Starting a blocking GC Explicit
08-06 06:34:25.651 30345 30356 I art     : Explicit concurrent mark sweep GC freed 25(928B) AllocSpace objects, 0(0B) LOS objects, 28% free, 40MB/56MB, paused 550us total 52.993ms
08-06 06:34:26.025 30345 30356 I art     : Starting a blocking GC Explicit
08-06 06:34:26.077 30345 30356 I art     : Explicit concurrent mark sweep GC freed 1499(88KB) AllocSpace objects, 1(20KB) LOS objects, 28% free, 40MB/56MB, paused 598us total 51.594ms
08-06 06:34:26.096 30345 30356 I art     : Starting a blocking GC Explicit
08-06 06:34:26.148 30345 30356 I art     : Explicit concurrent mark sweep GC freed 42(1536B) AllocSpace objects, 0(0B) LOS objects, 28% free, 40MB/56MB, paused 592us total 52.071ms
08-06 06:34:26.167 30345 30356 I art     : Starting a blocking GC Explicit
08-06 06:34:26.220 30345 30356 I art     : Explicit concurrent mark sweep GC freed 25(928B) AllocSpace objects, 0(0B) LOS objects, 28% free, 40MB/56MB, paused 590us total 51.755ms
08-06 06:34:26.239 30345 30356 I art     : Starting a blocking GC Explicit
08-06 06:34:26.291 30345 30356 I art     : Explicit concurrent mark sweep GC freed 32(1200B) AllocSpace objects, 0(0B) LOS objects, 28% free, 40MB/56MB, paused 545us total 51.381ms
08-06 06:34:26.310 30345 30356 I art     : Starting a blocking GC Explicit
08-06 06:34:26.362 30345 30356 I art     : Explicit concurrent mark sweep GC freed 25(928B) AllocSpace objects, 0(0B) LOS objects, 28% free, 40MB/56MB, paused 563us total 52.013ms
08-06 06:34:26.720 30345 31027 I art     : Starting a blocking GC Explicit
08-06 06:34:26.773 30345 31027 I art     : Explicit concurrent mark sweep GC freed 1494(88KB) AllocSpace objects, 1(20KB) LOS objects, 28% free, 40MB/56MB, paused 532us total 52.922ms
08-06 06:34:26.775 30345  1329 I RedditChangeDataIO: Writing tmp data file at '/data/user/0/baseline.org.quantumbadger.redreader/files/rr_change_data_tmp.dat'
08-06 06:34:26.776 30345  1329 I RedditChangeDataManager: Taking snapshot...
08-06 06:34:26.776 30345  1329 I RedditChangeDataManager: Writing to stream...
08-06 06:34:26.776 30345  1329 I RedditChangeDataManager: Wrote 6 entries for user ''
08-06 06:34:26.777 30345  1329 I RedditChangeDataManager: All entries written to stream.
08-06 06:34:26.777 30345  1329 I RedditChangeDataIO: Write successful. Atomically replacing data file...
08-06 06:34:26.779 30345  1329 I RedditChangeDataIO: Write complete.
08-06 06:34:26.779 30345  1329 I RedditChangeDataIO: 158 bytes written in 5 ms
08-06 06:34:26.792 30345 31027 I art     : Starting a blocking GC Explicit
08-06 06:34:26.843 30345 31027 I art     : Explicit concurrent mark sweep GC freed 128(6KB) AllocSpace objects, 1(68KB) LOS objects, 28% free, 40MB/56MB, paused 580us total 50.605ms
08-06 06:34:26.847 13866 13882 I PeriodicStatsRunner: PeriodicStatsRunner.call():175 call()
08-06 06:34:26.847 13866 13882 I PeriodicStatsRunner: PeriodicStatsRunner.call():179 No submit PeriodicStats since input started.
08-06 06:34:26.862 30345 31027 I art     : Starting a blocking GC Explicit
08-06 06:34:26.911 30345 31027 I art     : Explicit concurrent mark sweep GC freed 30(1040B) AllocSpace objects, 0(0B) LOS objects, 28% free, 40MB/56MB, paused 524us total 48.979ms
08-06 06:34:26.930 30345 31027 I art     : Starting a blocking GC Explicit
08-06 06:34:26.978 30345 31027 I art     : Explicit concurrent mark sweep GC freed 23(912B) AllocSpace objects, 0(0B) LOS objects, 28% free, 40MB/56MB, paused 547us total 47.572ms
08-06 06:34:26.997 30345 31027 I art     : Starting a blocking GC Explicit
08-06 06:34:27.046 30345 31027 I art     : Explicit concurrent mark sweep GC freed 25(928B) AllocSpace objects, 0(0B) LOS objects, 28% free, 40MB/56MB, paused 560us total 48.688ms
08-06 06:34:27.407 30345 31027 I art     : Starting a blocking GC Explicit
08-06 06:34:27.460 30345 31027 I art     : Explicit concurrent mark sweep GC freed 1496(88KB) AllocSpace objects, 1(20KB) LOS objects, 28% free, 40MB/56MB, paused 521us total 53.082ms
08-06 06:34:27.480 30345 31027 I art     : Starting a blocking GC Explicit
08-06 06:34:27.531 30345 31027 I art     : Explicit concurrent mark sweep GC freed 71(3008B) AllocSpace objects, 0(0B) LOS objects, 28% free, 40MB/56MB, paused 489us total 51.029ms
08-06 06:34:27.550 30345 31027 I art     : Starting a blocking GC Explicit
08-06 06:34:27.599 30345 31027 I art     : Explicit concurrent mark sweep GC freed 183(31KB) AllocSpace objects, 0(0B) LOS objects, 28% free, 40MB/56MB, paused 520us total 48.880ms
08-06 06:34:27.619 30345 31027 I art     : Starting a blocking GC Explicit
08-06 06:34:27.670 30345 31027 I art     : Explicit concurrent mark sweep GC freed 94(3KB) AllocSpace objects, 0(0B) LOS objects, 28% free, 40MB/56MB, paused 521us total 50.721ms
08-06 06:34:27.689 30345 31027 I art     : Starting a blocking GC Explicit
08-06 06:34:27.739 30345 31027 I art     : Explicit concurrent mark sweep GC freed 25(960B) AllocSpace objects, 0(0B) LOS objects, 28% free, 40MB/56MB, paused 542us total 49.635ms
08-06 06:34:28.101 30345 32052 I art     : Starting a blocking GC Explicit
08-06 06:34:28.151 30345 32052 I art     : Explicit concurrent mark sweep GC freed 1493(87KB) AllocSpace objects, 1(20KB) LOS objects, 28% free, 40MB/56MB, paused 501us total 50.112ms
08-06 06:34:28.170 30345 32052 I art     : Starting a blocking GC Explicit
08-06 06:34:28.219 30345 32052 I art     : Explicit concurrent mark sweep GC freed 46(1680B) AllocSpace objects, 0(0B) LOS objects, 28% free, 40MB/56MB, paused 508us total 49.195ms
08-06 06:34:28.239 30345 32052 I art     : Starting a blocking GC Explicit
08-06 06:34:28.288 30345 32052 I art     : Explicit concurrent mark sweep GC freed 25(928B) AllocSpace objects, 0(0B) LOS objects, 28% free, 40MB/56MB, paused 561us total 49.578ms
08-06 06:34:28.307 30345 32052 I art     : Starting a blocking GC Explicit
08-06 06:34:28.357 30345 32052 I art     : Explicit concurrent mark sweep GC freed 25(928B) AllocSpace objects, 0(0B) LOS objects, 28% free, 40MB/56MB, paused 607us total 49.704ms
08-06 06:34:28.376 30345 32052 I art     : Starting a blocking GC Explicit
08-06 06:34:28.427 30345 32052 I art     : Explicit concurrent mark sweep GC freed 25(928B) AllocSpace objects, 0(0B) LOS objects, 28% free, 40MB/56MB, paused 565us total 50.127ms
08-06 06:34:28.537  1442  1442 D AndroidRuntime: >>>>>> START com.android.internal.os.RuntimeInit uid 2000 <<<<<<
08-06 06:34:28.543  1442  1442 D AndroidRuntime: CheckJNI is OFF
08-06 06:34:28.586  1442  1442 D ICU     : No timezone override file found: /data/misc/zoneinfo/current/icu/icu_tzdata.dat
08-06 06:34:28.628  1442  1442 I Radio-JNI: register_android_hardware_Radio DONE
08-06 06:34:28.655  1442  1442 D AndroidRuntime: Calling main entry com.android.commands.input.Input
08-06 06:34:28.657  1442  1442 I Input   : injectKeyEvent: KeyEvent { action=ACTION_DOWN, keyCode=KEYCODE_BACK, scanCode=0, metaState=0, flags=0x0, repeatCount=0, eventTime=858885069, downTime=858885069, deviceId=-1, source=0x101 }
08-06 06:34:28.664  1442  1442 I Input   : injectKeyEvent: KeyEvent { action=ACTION_UP, keyCode=KEYCODE_BACK, scanCode=0, metaState=0, flags=0x0, repeatCount=0, eventTime=858885069, downTime=858885069, deviceId=-1, source=0x101 }
08-06 06:34:28.671  1442  1442 D AndroidRuntime: Shutting down VM
08-06 06:34:28.721 13866 13866 I GoogleInputMethodServic: GoogleInputMethodService.onFinishInput():3138 
08-06 06:34:28.722 13866 13866 I GoogleInputMethodServic: GoogleInputMethodService.onStartInput():1808 
08-06 06:34:28.777 30345 30356 I art     : Starting a blocking GC Explicit
08-06 06:34:28.801 30345  1352 I MediaCodec: [OMX.qcom.video.decoder.avc] setting surface generation to 31073282
08-06 06:34:28.802 30345  1353 D SurfaceUtils: set up nativeWindow 0x7f7c250010 for 368x320, color 0x7fa30c04, rotation 0, usage 0x42002900
08-06 06:34:28.830 30345 30356 I art     : Explicit concurrent mark sweep GC freed 1760(98KB) AllocSpace objects, 1(20KB) LOS objects, 28% free, 40MB/56MB, paused 603us total 52.441ms
08-06 06:34:28.848 30345 30356 I art     : Starting a blocking GC Explicit
08-06 06:34:28.895 30345 30356 I art     : Explicit concurrent mark sweep GC freed 35(2160B) AllocSpace objects, 0(0B) LOS objects, 28% free, 40MB/56MB, paused 565us total 47.111ms
08-06 06:34:28.914 30345 30356 I art     : Starting a blocking GC Explicit
08-06 06:34:28.969 30345 30356 I art     : Explicit concurrent mark sweep GC freed 19(720B) AllocSpace objects, 0(0B) LOS objects, 28% free, 40MB/56MB, paused 769us total 55.395ms
08-06 06:34:28.992 30345 30356 I art     : Starting a blocking GC Explicit
08-06 06:34:29.027 30345 30345 I ExoPlayerImpl: Release 43f61bc [ExoPlayerLib/2.10.8] [angler, Nexus 6P, Huawei, 23] [goog.exo.core, goog.exo.ui]
08-06 06:34:29.034   380   380 W SurfaceFlinger: couldn't log to binary event log: overflow.
08-06 06:34:29.044   512 12837 I OMX-VDEC-1080P: omx_vdec::component_deinit() complete
08-06 06:34:29.046   512 12837 I OMX-VDEC-1080P: Exit OMX vdec Destructor: fd=49
08-06 06:34:29.050 30345 30356 I art     : Explicit concurrent mark sweep GC freed 70(2896B) AllocSpace objects, 0(0B) LOS objects, 28% free, 40MB/56MB, paused 548us total 57.702ms
08-06 06:34:29.070 30345 30356 I art     : Starting a blocking GC Explicit
08-06 06:34:29.115 30345 30356 I art     : Explicit concurrent mark sweep GC freed 392(100KB) AllocSpace objects, 35(2MB) LOS objects, 29% free, 37MB/53MB, paused 485us total 44.808ms
08-06 06:34:29.448 30345 32052 I art     : Starting a blocking GC Explicit
08-06 06:34:29.516 30345 32052 I art     : Explicit concurrent mark sweep GC freed 4242(243KB) AllocSpace objects, 5(220KB) LOS objects, 29% free, 37MB/53MB, paused 576us total 67.291ms
08-06 06:34:29.538 30345 32052 I art     : Starting a blocking GC Explicit
08-06 06:34:29.587 30345 32052 I art     : Explicit concurrent mark sweep GC freed 20(704B) AllocSpace objects, 0(0B) LOS objects, 29% free, 37MB/53MB, paused 515us total 48.749ms
08-06 06:34:29.606 30345 32052 I art     : Starting a blocking GC Explicit
08-06 06:34:29.654 30345 32052 I art     : Explicit concurrent mark sweep GC freed 3(96B) AllocSpace objects, 0(0B) LOS objects, 29% free, 37MB/53MB, paused 494us total 48.151ms
08-06 06:34:29.673 30345 32052 I art     : Starting a blocking GC Explicit
08-06 06:34:29.722 30345 32052 I art     : Explicit concurrent mark sweep GC freed 3(96B) AllocSpace objects, 0(0B) LOS objects, 29% free, 37MB/53MB, paused 541us total 48.974ms
08-06 06:34:29.741 30345 32052 I art     : Starting a blocking GC Explicit
08-06 06:34:29.790 30345 32052 I art     : Explicit concurrent mark sweep GC freed 3(96B) AllocSpace objects, 0(0B) LOS objects, 29% free, 37MB/53MB, paused 510us total 48.558ms
08-06 06:34:30.064 28232 28232 I Atfwd_Sendcmd: AtCmdFwd service not ready - Exhausted retry attempts - :6
08-06 06:34:30.064 28232 28232 I Atfwd_Daemon: result : -1 	 ,Init step :2 	 ,qmiErrorCode: 0
08-06 06:34:30.110 30345 30369 I art     : Starting a blocking GC Explicit
08-06 06:34:30.170 30345 30369 I art     : Explicit concurrent mark sweep GC freed 1354(82KB) AllocSpace objects, 1(20KB) LOS objects, 29% free, 37MB/53MB, paused 604us total 58.589ms
08-06 06:34:30.191 30345 30369 I art     : Starting a blocking GC Explicit
08-06 06:34:30.239 30345 30369 I art     : Explicit concurrent mark sweep GC freed 20(704B) AllocSpace objects, 0(0B) LOS objects, 29% free, 37MB/53MB, paused 510us total 47.512ms
08-06 06:34:30.257 30345 30369 I art     : Starting a blocking GC Explicit
08-06 06:34:30.270   918  3188 I hubconnection: sensorhub said: 'set_bias 3: -6.2400, 0.0000, 0.0000'
08-06 06:34:30.304 30345 30369 I art     : Explicit concurrent mark sweep GC freed 3(96B) AllocSpace objects, 0(0B) LOS objects, 29% free, 37MB/53MB, paused 514us total 46.657ms
08-06 06:34:30.323 30345 30369 I art     : Starting a blocking GC Explicit
08-06 06:34:30.370 30345 30369 I art     : Explicit concurrent mark sweep GC freed 3(96B) AllocSpace objects, 0(0B) LOS objects, 29% free, 37MB/53MB, paused 473us total 46.822ms
08-06 06:34:30.390 30345 30369 I art     : Starting a blocking GC Explicit
08-06 06:34:30.439 30345 30369 I art     : Explicit concurrent mark sweep GC freed 3(96B) AllocSpace objects, 0(0B) LOS objects, 29% free, 37MB/53MB, paused 534us total 49.251ms
08-06 06:34:30.495  1480  1480 D AndroidRuntime: >>>>>> START com.android.internal.os.RuntimeInit uid 2000 <<<<<<
08-06 06:34:30.501  1480  1480 D AndroidRuntime: CheckJNI is OFF
08-06 06:34:30.549  1480  1480 D ICU     : No timezone override file found: /data/misc/zoneinfo/current/icu/icu_tzdata.dat
08-06 06:34:30.598  1480  1480 I Radio-JNI: register_android_hardware_Radio DONE
08-06 06:34:30.627  1480  1480 D AndroidRuntime: Calling main entry com.android.commands.input.Input
08-06 06:34:30.630  1480  1480 I Input   : injectMotionEvent: MotionEvent { action=ACTION_DOWN, actionButton=0, id[0]=0, x[0]=1340.0, y[0]=1100.0, toolType[0]=TOOL_TYPE_UNKNOWN, buttonState=0, metaState=0, flags=0x0, edgeFlags=0x0, pointerCount=1, historySize=0, eventTime=858887042, downTime=858887042, deviceId=0, source=0x1002 }
08-06 06:34:30.636  1480  1480 I Input   : injectMotionEvent: MotionEvent { action=ACTION_UP, actionButton=0, id[0]=0, x[0]=1340.0, y[0]=1100.0, toolType[0]=TOOL_TYPE_UNKNOWN, buttonState=0, metaState=0, flags=0x0, edgeFlags=0x0, pointerCount=1, historySize=0, eventTime=858887042, downTime=858887042, deviceId=0, source=0x1002 }
08-06 06:34:30.640  1480  1480 D AndroidRuntime: Shutting down VM
08-06 06:34:30.658   512  2967 D audio_hw_primary: out_set_parameters: enter: usecase(1: low-latency-playback) kvpairs: routing=2
08-06 06:34:30.659   918  3670 I ActivityManager: START u0 {dat=https://oauth.reddit.com/... cmp=baseline.org.quantumbadger.redreader/.activities.CommentListingActivity} from uid 10705 on display 0
08-06 06:34:30.671   512  2967 D audio_hw_primary: select_devices: out_snd_device(2: speaker) in_snd_device(0: none)
08-06 06:34:30.671   512  2967 D msm8974_platform: platform_send_audio_calibration: sending audio calibration for snd_device(2) acdb_id(15)
08-06 06:34:30.671   512  2967 I soundtrigger: audio_extn_sound_trigger_update_device_status: device 0x2 of type 0 for Event 1
08-06 06:34:30.681   512  2967 D audio_hw_primary: enable_snd_device: snd_device(2: speaker)
08-06 06:34:30.683   512  2967 D audio_hw_primary: enable_audio_route: apply and update mixer path: low-latency-playback speaker
08-06 06:34:30.684 30345 30345 I AppCompatViewInflater: app:theme is now deprecated. Please move to using android:theme instead.
08-06 06:34:30.704 30345 30917 I CommentListingActivity: COMMENTS session changed to 820060b0-42bd-4893-832a-49871f556aa6
08-06 06:34:30.776   918   936 I ActivityManager: Displayed baseline.org.quantumbadger.redreader/.activities.CommentListingActivity: +108ms
08-06 06:34:30.782 13866 13866 I GoogleInputMethodServic: GoogleInputMethodService.onFinishInput():3138 
08-06 06:34:30.783 13866 13866 I GoogleInputMethodServic: GoogleInputMethodService.onStartInput():1808 
08-06 06:34:30.786 30345 31027 I art     : Starting a blocking GC Explicit
08-06 06:34:30.878 30345 31027 I art     : Explicit concurrent mark sweep GC freed 25053(1366KB) AllocSpace objects, 1(20KB) LOS objects, 28% free, 39MB/55MB, paused 1.444ms total 91.670ms
08-06 06:34:30.899 30345 31027 I art     : Starting a blocking GC Explicit
08-06 06:34:30.970 30345 31027 I art     : Explicit concurrent mark sweep GC freed 9610(542KB) AllocSpace objects, 0(0B) LOS objects, 28% free, 40MB/56MB, paused 1.306ms total 70.202ms
08-06 06:34:30.993 30345 31027 I art     : Starting a blocking GC Explicit
08-06 06:34:31.002   380   380 W SurfaceFlinger: couldn't log to binary event log: overflow.
08-06 06:34:31.051 30345 31027 I art     : Explicit concurrent mark sweep GC freed 9932(412KB) AllocSpace objects, 0(0B) LOS objects, 28% free, 39MB/55MB, paused 490us total 58.458ms
08-06 06:34:31.071 30345 31027 I art     : Starting a blocking GC Explicit
08-06 06:34:31.133 30345 31027 I art     : Explicit concurrent mark sweep GC freed 29(1840B) AllocSpace objects, 0(0B) LOS objects, 28% free, 39MB/55MB, paused 543us total 61.527ms
08-06 06:34:31.157 30345 31027 I art     : Starting a blocking GC Explicit
08-06 06:34:31.215 30345 31027 I art     : Explicit concurrent mark sweep GC freed 153(5KB) AllocSpace objects, 0(0B) LOS objects, 28% free, 39MB/55MB, paused 490us total 57.703ms
08-06 06:34:31.228   512  2967 D audio_hw_primary: disable_audio_route: reset and update mixer path: low-latency-playback speaker
08-06 06:34:31.230   512  2967 D audio_hw_primary: disable_snd_device: snd_device(2: speaker)
08-06 06:34:31.238   512  2967 I soundtrigger: audio_extn_sound_trigger_update_device_status: device 0x2 of type 0 for Event 0
08-06 06:34:31.560 30345  1469 I art     : Starting a blocking GC Explicit
08-06 06:34:31.628 30345  1469 I art     : Explicit concurrent mark sweep GC freed 1358(82KB) AllocSpace objects, 1(20KB) LOS objects, 28% free, 39MB/55MB, paused 542us total 67.786ms
08-06 06:34:31.650 30345  1469 I art     : Starting a blocking GC Explicit
08-06 06:34:31.709 30345  1469 I art     : Explicit concurrent mark sweep GC freed 20(704B) AllocSpace objects, 0(0B) LOS objects, 28% free, 39MB/55MB, paused 454us total 58.952ms
08-06 06:34:31.729 30345  1469 I art     : Starting a blocking GC Explicit
08-06 06:34:31.791 30345  1469 I art     : Explicit concurrent mark sweep GC freed 49(1920B) AllocSpace objects, 0(0B) LOS objects, 28% free, 39MB/55MB, paused 502us total 61.371ms
08-06 06:34:31.812 30345  1469 I art     : Starting a blocking GC Explicit
08-06 06:34:31.876 30345  1469 I art     : Explicit concurrent mark sweep GC freed 3(96B) AllocSpace objects, 0(0B) LOS objects, 28% free, 39MB/55MB, paused 505us total 63.799ms
08-06 06:34:31.897 30345  1469 I art     : Starting a blocking GC Explicit
08-06 06:34:31.961 30345  1469 I art     : Explicit concurrent mark sweep GC freed 3(96B) AllocSpace objects, 0(0B) LOS objects, 28% free, 39MB/55MB, paused 510us total 63.392ms
08-06 06:34:32.312 30345 32052 I art     : Starting a blocking GC Explicit
08-06 06:34:32.401 30345 32052 I art     : Explicit concurrent mark sweep GC freed 1354(82KB) AllocSpace objects, 1(20KB) LOS objects, 28% free, 39MB/55MB, paused 509us total 89.430ms
08-06 06:34:32.423 30345 32052 I art     : Starting a blocking GC Explicit
08-06 06:34:32.490 30345 32052 I art     : Explicit concurrent mark sweep GC freed 20(704B) AllocSpace objects, 0(0B) LOS objects, 28% free, 39MB/55MB, paused 552us total 66.387ms
08-06 06:34:32.512 30345 32052 I art     : Starting a blocking GC Explicit
08-06 06:34:32.582 30345 32052 I art     : Explicit concurrent mark sweep GC freed 3(96B) AllocSpace objects, 0(0B) LOS objects, 28% free, 39MB/55MB, paused 474us total 69.838ms
08-06 06:34:32.604 30345 32052 I art     : Starting a blocking GC Explicit
08-06 06:34:32.674 30345 32052 I art     : Explicit concurrent mark sweep GC freed 3(96B) AllocSpace objects, 0(0B) LOS objects, 28% free, 39MB/55MB, paused 548us total 70.308ms
08-06 06:34:32.696 30345 32052 I art     : Starting a blocking GC Explicit
08-06 06:34:32.773 30345 32052 I art     : Explicit concurrent mark sweep GC freed 3(96B) AllocSpace objects, 0(0B) LOS objects, 28% free, 39MB/55MB, paused 603us total 77.263ms
08-06 06:34:33.155 30345 31027 I art     : Starting a blocking GC Explicit
08-06 06:34:33.235 30345 31027 I art     : Explicit concurrent mark sweep GC freed 1354(82KB) AllocSpace objects, 1(20KB) LOS objects, 28% free, 39MB/55MB, paused 483us total 79.146ms
08-06 06:34:33.255 30345 31027 I art     : Starting a blocking GC Explicit
08-06 06:34:33.320 30345 31027 I art     : Explicit concurrent mark sweep GC freed 20(704B) AllocSpace objects, 0(0B) LOS objects, 28% free, 39MB/55MB, paused 543us total 65.546ms
08-06 06:34:33.342 30345 31027 I art     : Starting a blocking GC Explicit
08-06 06:34:33.410 30345 31027 I art     : Explicit concurrent mark sweep GC freed 3(96B) AllocSpace objects, 0(0B) LOS objects, 28% free, 39MB/55MB, paused 548us total 67.888ms
08-06 06:34:33.432 30345 31027 I art     : Starting a blocking GC Explicit
08-06 06:34:33.507 30345 31027 I art     : Explicit concurrent mark sweep GC freed 3(96B) AllocSpace objects, 0(0B) LOS objects, 28% free, 39MB/55MB, paused 533us total 74.625ms
08-06 06:34:33.529 30345 31027 I art     : Starting a blocking GC Explicit
08-06 06:34:33.599 30345 31027 I art     : Explicit concurrent mark sweep GC freed 3(96B) AllocSpace objects, 0(0B) LOS objects, 28% free, 39MB/55MB, paused 620us total 70.046ms
08-06 06:34:33.722 13866 13882 I PeriodicStatsRunner: PeriodicStatsRunner.call():175 call()
08-06 06:34:33.723 13866 13882 I PeriodicStatsRunner: PeriodicStatsRunner.call():179 No submit PeriodicStats since input started.
08-06 06:34:33.992 30345 30357 I art     : Starting a blocking GC Explicit
08-06 06:34:34.075 30345 30357 I art     : Explicit concurrent mark sweep GC freed 1354(82KB) AllocSpace objects, 1(20KB) LOS objects, 28% free, 39MB/55MB, paused 607us total 82.274ms
08-06 06:34:34.099 30345 30357 I art     : Starting a blocking GC Explicit
08-06 06:34:34.168 30345 30357 I art     : Explicit concurrent mark sweep GC freed 20(704B) AllocSpace objects, 0(0B) LOS objects, 28% free, 39MB/55MB, paused 568us total 69.184ms
08-06 06:34:34.190 30345 30357 I art     : Starting a blocking GC Explicit
08-06 06:34:34.261 30345 30357 I art     : Explicit concurrent mark sweep GC freed 3(96B) AllocSpace objects, 0(0B) LOS objects, 28% free, 39MB/55MB, paused 525us total 70.808ms
08-06 06:34:34.282 30345 30357 I art     : Starting a blocking GC Explicit
08-06 06:34:34.353 30345 30357 I art     : Explicit concurrent mark sweep GC freed 3(96B) AllocSpace objects, 0(0B) LOS objects, 28% free, 39MB/55MB, paused 545us total 70.461ms
08-06 06:34:34.374 30345 30357 I art     : Starting a blocking GC Explicit
08-06 06:34:34.443 30345 30357 I art     : Explicit concurrent mark sweep GC freed 3(96B) AllocSpace objects, 0(0B) LOS objects, 28% free, 39MB/55MB, paused 533us total 68.239ms
08-06 06:34:34.813 30345 30356 I art     : Starting a blocking GC Explicit
08-06 06:34:34.895 30345 30356 I art     : Explicit concurrent mark sweep GC freed 1354(82KB) AllocSpace objects, 1(20KB) LOS objects, 28% free, 39MB/55MB, paused 524us total 81.985ms
08-06 06:34:34.920 30345 30356 I art     : Starting a blocking GC Explicit
08-06 06:34:34.982 30345 30356 I art     : Explicit concurrent mark sweep GC freed 20(704B) AllocSpace objects, 0(0B) LOS objects, 28% free, 39MB/55MB, paused 500us total 61.599ms
08-06 06:34:35.002 30345 30356 I art     : Starting a blocking GC Explicit
08-06 06:34:35.063 30345 30356 I art     : Explicit concurrent mark sweep GC freed 3(96B) AllocSpace objects, 0(0B) LOS objects, 28% free, 39MB/55MB, paused 512us total 60.147ms
08-06 06:34:35.083 30345 30356 I art     : Starting a blocking GC Explicit
08-06 06:34:35.149 30345 30356 I art     : Explicit concurrent mark sweep GC freed 3(96B) AllocSpace objects, 0(0B) LOS objects, 28% free, 39MB/55MB, paused 548us total 65.720ms
08-06 06:34:35.170 30345 30356 I art     : Starting a blocking GC Explicit
08-06 06:34:35.236 30345 30356 I art     : Explicit concurrent mark sweep GC freed 3(96B) AllocSpace objects, 0(0B) LOS objects, 28% free, 39MB/55MB, paused 512us total 64.923ms
08-06 06:34:35.465  1571  1571 D AndroidRuntime: >>>>>> START com.android.internal.os.RuntimeInit uid 2000 <<<<<<
08-06 06:34:35.471  1571  1571 D AndroidRuntime: CheckJNI is OFF
08-06 06:34:35.512  1571  1571 D ICU     : No timezone override file found: /data/misc/zoneinfo/current/icu/icu_tzdata.dat
08-06 06:34:35.554  1571  1571 I Radio-JNI: register_android_hardware_Radio DONE
08-06 06:34:35.584  1571  1571 D AndroidRuntime: Calling main entry com.android.commands.input.Input
08-06 06:34:35.586  1571  1571 I Input   : injectKeyEvent: KeyEvent { action=ACTION_DOWN, keyCode=KEYCODE_BACK, scanCode=0, metaState=0, flags=0x0, repeatCount=0, eventTime=858891999, downTime=858891999, deviceId=-1, source=0x101 }
08-06 06:34:35.591  1571  1571 I Input   : injectKeyEvent: KeyEvent { action=ACTION_UP, keyCode=KEYCODE_BACK, scanCode=0, metaState=0, flags=0x0, repeatCount=0, eventTime=858891999, downTime=858891999, deviceId=-1, source=0x101 }
08-06 06:34:35.596 30345 30369 I art     : Starting a blocking GC Explicit
08-06 06:34:35.598  1571  1571 D AndroidRuntime: Shutting down VM
08-06 06:34:35.639 13866 13866 I GoogleInputMethodServic: GoogleInputMethodService.onFinishInput():3138 
08-06 06:34:35.641 13866 13866 I GoogleInputMethodServic: GoogleInputMethodService.onStartInput():1808 
08-06 06:34:35.656 30345 30369 I art     : Explicit concurrent mark sweep GC freed 1522(88KB) AllocSpace objects, 1(20KB) LOS objects, 28% free, 39MB/55MB, paused 504us total 59.917ms
08-06 06:34:35.670 30345  1516 I RedditChangeDataIO: Writing tmp data file at '/data/user/0/baseline.org.quantumbadger.redreader/files/rr_change_data_tmp.dat'
08-06 06:34:35.671 30345  1516 I RedditChangeDataManager: Taking snapshot...
08-06 06:34:35.671 30345  1516 I RedditChangeDataManager: Writing to stream...
08-06 06:34:35.671 30345  1516 I RedditChangeDataManager: Wrote 6 entries for user ''
08-06 06:34:35.671 30345  1516 I RedditChangeDataManager: All entries written to stream.
08-06 06:34:35.671 30345  1516 I RedditChangeDataIO: Write successful. Atomically replacing data file...
08-06 06:34:35.672 30345  1516 I RedditChangeDataIO: Write complete.
08-06 06:34:35.672 30345  1516 I RedditChangeDataIO: 158 bytes written in 2 ms
08-06 06:34:35.679 30345 30369 I art     : Starting a blocking GC Explicit
08-06 06:34:35.734 30345 30369 I art     : Explicit concurrent mark sweep GC freed 209(9KB) AllocSpace objects, 1(68KB) LOS objects, 28% free, 39MB/55MB, paused 458us total 54.981ms
08-06 06:34:35.754 30345 30369 I art     : Starting a blocking GC Explicit
08-06 06:34:35.783 13866 13882 I PeriodicStatsRunner: PeriodicStatsRunner.call():175 call()
08-06 06:34:35.783 13866 13882 I PeriodicStatsRunner: PeriodicStatsRunner.call():179 No submit PeriodicStats since input started.
08-06 06:34:35.817 30345 30369 I art     : Explicit concurrent mark sweep GC freed 8(288B) AllocSpace objects, 0(0B) LOS objects, 28% free, 39MB/55MB, paused 485us total 62.314ms
08-06 06:34:35.837 30345 30369 I art     : Starting a blocking GC Explicit
08-06 06:34:35.902 30345 30369 I art     : Explicit concurrent mark sweep GC freed 3(96B) AllocSpace objects, 0(0B) LOS objects, 28% free, 39MB/55MB, paused 837us total 64.924ms
08-06 06:34:35.925 30345 30369 I art     : Starting a blocking GC Explicit
08-06 06:34:35.941   380   380 W SurfaceFlinger: couldn't log to binary event log: overflow.
08-06 06:34:35.983 30345 30369 I art     : Explicit concurrent mark sweep GC freed 51(1920B) AllocSpace objects, 0(0B) LOS objects, 28% free, 39MB/55MB, paused 484us total 57.894ms
08-06 06:34:36.328 30345 31027 I art     : Starting a blocking GC Explicit
08-06 06:34:36.406 30345 31027 I art     : Explicit concurrent mark sweep GC freed 1364(83KB) AllocSpace objects, 1(20KB) LOS objects, 28% free, 39MB/55MB, paused 642us total 77.475ms
08-06 06:34:36.432 30345 31027 I art     : Starting a blocking GC Explicit
08-06 06:34:36.483 30345 31027 I art     : Explicit concurrent mark sweep GC freed 41345(2MB) AllocSpace objects, 5(140KB) LOS objects, 29% free, 37MB/53MB, paused 510us total 51.491ms
08-06 06:34:36.503 30345 31027 I art     : Starting a blocking GC Explicit
08-06 06:34:36.551 30345 31027 I art     : Explicit concurrent mark sweep GC freed 3(96B) AllocSpace objects, 0(0B) LOS objects, 29% free, 37MB/53MB, paused 520us total 47.846ms
08-06 06:34:36.570 30345 31027 I art     : Starting a blocking GC Explicit
08-06 06:34:36.619 30345 31027 I art     : Explicit concurrent mark sweep GC freed 3(96B) AllocSpace objects, 0(0B) LOS objects, 29% free, 37MB/53MB, paused 512us total 48.938ms
08-06 06:34:36.638 30345 31027 I art     : Starting a blocking GC Explicit
08-06 06:34:36.687 30345 31027 I art     : Explicit concurrent mark sweep GC freed 3(96B) AllocSpace objects, 0(0B) LOS objects, 29% free, 37MB/53MB, paused 591us total 49.062ms
08-06 06:34:37.013 30345 30356 I art     : Starting a blocking GC Explicit
08-06 06:34:37.072 30345 30356 I art     : Explicit concurrent mark sweep GC freed 1354(82KB) AllocSpace objects, 1(20KB) LOS objects, 29% free, 37MB/53MB, paused 599us total 59.104ms
08-06 06:34:37.092 30345 30356 I art     : Starting a blocking GC Explicit
08-06 06:34:37.139 30345 30356 I art     : Explicit concurrent mark sweep GC freed 20(704B) AllocSpace objects, 0(0B) LOS objects, 29% free, 37MB/53MB, paused 496us total 46.317ms
08-06 06:34:37.157 30345 30356 I art     : Starting a blocking GC Explicit
08-06 06:34:37.204 30345 30356 I art     : Explicit concurrent mark sweep GC freed 3(96B) AllocSpace objects, 0(0B) LOS objects, 29% free, 37MB/53MB, paused 484us total 47.023ms
08-06 06:34:37.223 30345 30356 I art     : Starting a blocking GC Explicit
08-06 06:34:37.269 30345 30356 I art     : Explicit concurrent mark sweep GC freed 3(96B) AllocSpace objects, 0(0B) LOS objects, 29% free, 37MB/53MB, paused 534us total 45.732ms
08-06 06:34:37.288 30345 30356 I art     : Starting a blocking GC Explicit
08-06 06:34:37.338 30345 30356 I art     : Explicit concurrent mark sweep GC freed 3(96B) AllocSpace objects, 0(0B) LOS objects, 29% free, 37MB/53MB, paused 499us total 49.994ms
08-06 06:34:37.415  1608  1608 D AndroidRuntime: >>>>>> START com.android.internal.os.RuntimeInit uid 2000 <<<<<<
08-06 06:34:37.423  1608  1608 D AndroidRuntime: CheckJNI is OFF
08-06 06:34:37.470  1608  1608 D ICU     : No timezone override file found: /data/misc/zoneinfo/current/icu/icu_tzdata.dat
08-06 06:34:37.513  1608  1608 I Radio-JNI: register_android_hardware_Radio DONE
08-06 06:34:37.542  1608  1608 D AndroidRuntime: Calling main entry com.android.commands.input.Input
08-06 06:34:37.544  1608  1608 I Input   : injectKeyEvent: KeyEvent { action=ACTION_DOWN, keyCode=KEYCODE_BACK, scanCode=0, metaState=0, flags=0x0, repeatCount=0, eventTime=858893957, downTime=858893957, deviceId=-1, source=0x101 }
08-06 06:34:37.549  1608  1608 I Input   : injectKeyEvent: KeyEvent { action=ACTION_UP, keyCode=KEYCODE_BACK, scanCode=0, metaState=0, flags=0x0, repeatCount=0, eventTime=858893957, downTime=858893957, deviceId=-1, source=0x101 }
08-06 06:34:37.556  1608  1608 D AndroidRuntime: Shutting down VM
08-06 06:34:37.603 13866 13866 I GoogleInputMethodServic: GoogleInputMethodService.onFinishInput():3138 
08-06 06:34:37.603 13866 13866 I GoogleInputMethodServic: GoogleInputMethodService.onStartInput():1808 
08-06 06:34:37.684 30345 30357 I art     : Starting a blocking GC Explicit
08-06 06:34:37.726 30345 30357 I art     : Explicit concurrent mark sweep GC freed 1534(88KB) AllocSpace objects, 1(20KB) LOS objects, 29% free, 37MB/53MB, paused 473us total 42.521ms
08-06 06:34:37.746 30345 30357 I art     : Starting a blocking GC Explicit
08-06 06:34:37.787 30345 30357 I art     : Explicit concurrent mark sweep GC freed 24(864B) AllocSpace objects, 0(0B) LOS objects, 29% free, 37MB/53MB, paused 558us total 40.804ms
08-06 06:34:37.805 30345 30357 I art     : Starting a blocking GC Explicit
08-06 06:34:37.846 30345 30357 I art     : Explicit concurrent mark sweep GC freed 3(96B) AllocSpace objects, 0(0B) LOS objects, 29% free, 37MB/53MB, paused 438us total 41.222ms
08-06 06:34:37.864 30345 30357 I art     : Starting a blocking GC Explicit
08-06 06:34:37.904 30345 30357 I art     : Explicit concurrent mark sweep GC freed 3(96B) AllocSpace objects, 0(0B) LOS objects, 29% free, 37MB/53MB, paused 420us total 40.272ms
08-06 06:34:37.922 30345 30357 I art     : Starting a blocking GC Explicit
08-06 06:34:37.965 30345 30357 I art     : Explicit concurrent mark sweep GC freed 61(2256B) AllocSpace objects, 0(0B) LOS objects, 29% free, 37MB/53MB, paused 499us total 43.251ms
08-06 06:34:38.291 30345 32052 I art     : Starting a blocking GC Explicit
08-06 06:34:38.343 30345 32052 I art     : Explicit concurrent mark sweep GC freed 1484(89KB) AllocSpace objects, 1(20KB) LOS objects, 29% free, 37MB/53MB, paused 620us total 52.108ms
08-06 06:34:38.366 30345 32052 I art     : Starting a blocking GC Explicit
08-06 06:34:38.414 30345 32052 I art     : Explicit concurrent mark sweep GC freed 20(704B) AllocSpace objects, 0(0B) LOS objects, 29% free, 37MB/53MB, paused 534us total 47.522ms
08-06 06:34:38.433 30345 32052 I art     : Starting a blocking GC Explicit
08-06 06:34:38.482 30345 32052 I art     : Explicit concurrent mark sweep GC freed 3(96B) AllocSpace objects, 0(0B) LOS objects, 29% free, 37MB/53MB, paused 548us total 49.619ms
08-06 06:34:38.501 30345 32052 I art     : Starting a blocking GC Explicit
08-06 06:34:38.552 30345 32052 I art     : Explicit concurrent mark sweep GC freed 3(96B) AllocSpace objects, 0(0B) LOS objects, 29% free, 37MB/53MB, paused 596us total 50.684ms
08-06 06:34:38.575 30345 32052 I art     : Starting a blocking GC Explicit
08-06 06:34:38.624 30345 32052 I art     : Explicit concurrent mark sweep GC freed 3(96B) AllocSpace objects, 0(0B) LOS objects, 29% free, 37MB/53MB, paused 544us total 48.145ms
08-06 06:34:38.952 30345 30369 I art     : Starting a blocking GC Explicit
08-06 06:34:39.010 30345 30369 I art     : Explicit concurrent mark sweep GC freed 1354(82KB) AllocSpace objects, 1(20KB) LOS objects, 29% free, 37MB/53MB, paused 540us total 57.773ms
08-06 06:34:39.029 30345 30369 I art     : Starting a blocking GC Explicit
08-06 06:34:39.075 30345 30369 I art     : Explicit concurrent mark sweep GC freed 20(704B) AllocSpace objects, 0(0B) LOS objects, 29% free, 37MB/53MB, paused 526us total 45.990ms
08-06 06:34:39.095 30345 30369 I art     : Starting a blocking GC Explicit
08-06 06:34:39.144 30345 30369 I art     : Explicit concurrent mark sweep GC freed 3(96B) AllocSpace objects, 0(0B) LOS objects, 29% free, 37MB/53MB, paused 553us total 48.880ms
08-06 06:34:39.163 30345 30369 I art     : Starting a blocking GC Explicit
08-06 06:34:39.214 30345 30369 I art     : Explicit concurrent mark sweep GC freed 3(96B) AllocSpace objects, 0(0B) LOS objects, 29% free, 37MB/53MB, paused 578us total 50.884ms
08-06 06:34:39.233 30345 30369 I art     : Starting a blocking GC Explicit
08-06 06:34:39.283 30345 30369 I art     : Explicit concurrent mark sweep GC freed 3(96B) AllocSpace objects, 0(0B) LOS objects, 29% free, 37MB/53MB, paused 545us total 49.331ms
08-06 06:34:39.353  1652  1652 D AndroidRuntime: >>>>>> START com.android.internal.os.RuntimeInit uid 2000 <<<<<<
08-06 06:34:39.360  1652  1652 D AndroidRuntime: CheckJNI is OFF
08-06 06:34:39.409  1652  1652 D ICU     : No timezone override file found: /data/misc/zoneinfo/current/icu/icu_tzdata.dat
08-06 06:34:39.455  1652  1652 I Radio-JNI: register_android_hardware_Radio DONE
08-06 06:34:39.483  1652  1652 D AndroidRuntime: Calling main entry com.android.commands.input.Input
08-06 06:34:39.486  1652  1652 I Input   : injectMotionEvent: MotionEvent { action=ACTION_DOWN, actionButton=0, id[0]=0, x[0]=600.0, y[0]=1733.0, toolType[0]=TOOL_TYPE_UNKNOWN, buttonState=0, metaState=0, flags=0x0, edgeFlags=0x0, pointerCount=1, historySize=0, eventTime=858895898, downTime=858895898, deviceId=0, source=0x1002 }
08-06 06:34:39.492  1652  1652 I Input   : injectMotionEvent: MotionEvent { action=ACTION_UP, actionButton=0, id[0]=0, x[0]=600.0, y[0]=1733.0, toolType[0]=TOOL_TYPE_UNKNOWN, buttonState=0, metaState=0, flags=0x0, edgeFlags=0x0, pointerCount=1, historySize=0, eventTime=858895898, downTime=858895898, deviceId=0, source=0x1002 }
08-06 06:34:39.494  1652  1652 D AndroidRuntime: Shutting down VM
08-06 06:34:39.498   918  3670 I ActivityManager: START u0 {dat=https://oauth.reddit.com/... cmp=baseline.org.quantumbadger.redreader/.activities.PostListingActivity} from uid 10705 on display 0
08-06 06:34:39.499   512  2967 D audio_hw_primary: out_set_parameters: enter: usecase(1: low-latency-playback) kvpairs: routing=2
08-06 06:34:39.511   512  2967 D audio_hw_primary: select_devices: out_snd_device(2: speaker) in_snd_device(0: none)
08-06 06:34:39.512   512  2967 D msm8974_platform: platform_send_audio_calibration: sending audio calibration for snd_device(2) acdb_id(15)
08-06 06:34:39.512   512  2967 I soundtrigger: audio_extn_sound_trigger_update_device_status: device 0x2 of type 0 for Event 1
08-06 06:34:39.523   512  2967 D audio_hw_primary: enable_snd_device: snd_device(2: speaker)
08-06 06:34:39.525   512  2967 D audio_hw_primary: enable_audio_route: apply and update mixer path: low-latency-playback speaker
08-06 06:34:39.530 30345 30345 I AppCompatViewInflater: app:theme is now deprecated. Please move to using android:theme instead.
08-06 06:34:39.555 30345  1685 D OK      : calling: https://oauth.reddit.com/r/aww/about.json
08-06 06:34:39.628   918   936 I ActivityManager: Displayed baseline.org.quantumbadger.redreader/.activities.PostListingActivity: +120ms
08-06 06:34:39.628 13866 13866 I GoogleInputMethodServic: GoogleInputMethodService.onFinishInput():3138 
08-06 06:34:39.632 13866 13866 I GoogleInputMethodServic: GoogleInputMethodService.onStartInput():1808 
08-06 06:34:39.632 30345 30369 I art     : Starting a blocking GC Explicit
08-06 06:34:39.690 30345 30369 I art     : Explicit concurrent mark sweep GC freed 2977(186KB) AllocSpace objects, 1(20KB) LOS objects, 29% free, 37MB/53MB, paused 525us total 57.582ms
08-06 06:34:39.708 30345 30369 I art     : Starting a blocking GC Explicit
08-06 06:34:39.760 30345 30369 I art     : Explicit concurrent mark sweep GC freed 2186(94KB) AllocSpace objects, 0(0B) LOS objects, 29% free, 37MB/53MB, paused 810us total 51.252ms
08-06 06:34:39.782 30345 30369 I art     : Starting a blocking GC Explicit
08-06 06:34:39.831 30345 30369 I art     : Explicit concurrent mark sweep GC freed 311(11KB) AllocSpace objects, 0(0B) LOS objects, 29% free, 37MB/53MB, paused 648us total 49.309ms
08-06 06:34:39.852 30345 30369 I art     : Starting a blocking GC Explicit
08-06 06:34:39.879   380   380 W SurfaceFlinger: couldn't log to binary event log: overflow.
08-06 06:34:39.907 30345 30369 I art     : Explicit concurrent mark sweep GC freed 31(1328B) AllocSpace objects, 0(0B) LOS objects, 29% free, 37MB/53MB, paused 544us total 54.251ms
08-06 06:34:39.919 30345  1685 I NAPPA_EXPERIMENTATION: MetricNetworkRequestExecutionTime: REQUEST_DURATION_SYSTEM='364',REQUEST_DURATION_OKHTTP='147',REQUEST_SYNCHRONOUS='TRUE',RESPONSE_CODE='200',RESPONSE_METHOD='GET',RESPONSE_LENGTH_OKHTTP='-1',RESPONSE_LENGTH_HEADER='3478',REQUEST_PROTOCOL='h2',REQUEST_URL='https://oauth.reddit.com/r/aww/about.json',
08-06 06:34:39.919 30345  1685 D OK      : request got status: 200
08-06 06:34:39.925 30345 30369 I art     : Starting a blocking GC Explicit
08-06 06:34:39.972 30345 30369 I art     : Explicit concurrent mark sweep GC freed 1197(154KB) AllocSpace objects, 1(68KB) LOS objects, 29% free, 37MB/53MB, paused 935us total 47.726ms
08-06 06:34:40.058   512  2967 D audio_hw_primary: disable_audio_route: reset and update mixer path: low-latency-playback speaker
08-06 06:34:40.059   512  2967 D audio_hw_primary: disable_snd_device: snd_device(2: speaker)
08-06 06:34:40.068   512  2967 I soundtrigger: audio_extn_sound_trigger_update_device_status: device 0x2 of type 0 for Event 0
08-06 06:34:40.313 30345 30356 I art     : Starting a blocking GC Explicit
08-06 06:34:40.366 30345 30356 I art     : Explicit concurrent mark sweep GC freed 2073(142KB) AllocSpace objects, 2(88KB) LOS objects, 29% free, 37MB/53MB, paused 606us total 51.877ms
08-06 06:34:40.385 30345 30356 I art     : Starting a blocking GC Explicit
08-06 06:34:40.435 30345 30356 I art     : Explicit concurrent mark sweep GC freed 101(5KB) AllocSpace objects, 0(0B) LOS objects, 29% free, 37MB/53MB, paused 537us total 49.156ms
08-06 06:34:40.453 30345 30356 I art     : Starting a blocking GC Explicit
08-06 06:34:40.502 30345 30356 I art     : Explicit concurrent mark sweep GC freed 3(96B) AllocSpace objects, 0(0B) LOS objects, 29% free, 37MB/53MB, paused 568us total 48.449ms
08-06 06:34:40.521 30345 30356 I art     : Starting a blocking GC Explicit
08-06 06:34:40.568 30345 30356 I art     : Explicit concurrent mark sweep GC freed 3(96B) AllocSpace objects, 0(0B) LOS objects, 29% free, 37MB/53MB, paused 574us total 47.521ms
08-06 06:34:40.587 30345 30356 I art     : Starting a blocking GC Explicit
08-06 06:34:40.635 30345 30356 I art     : Explicit concurrent mark sweep GC freed 3(96B) AllocSpace objects, 0(0B) LOS objects, 29% free, 37MB/53MB, paused 541us total 47.942ms
08-06 06:34:40.640 13866 13882 I PeriodicStatsRunner: PeriodicStatsRunner.call():175 call()
08-06 06:34:40.640 13866 13882 I PeriodicStatsRunner: PeriodicStatsRunner.call():179 No submit PeriodicStats since input started.
08-06 06:34:40.755 30345  1699 D OK      : calling: https://oauth.reddit.com/r/aww/hot/.json
08-06 06:34:40.926 30345  1699 I NAPPA_EXPERIMENTATION: MetricNetworkRequestExecutionTime: REQUEST_DURATION_SYSTEM='171',REQUEST_DURATION_OKHTTP='168',REQUEST_SYNCHRONOUS='TRUE',RESPONSE_CODE='200',RESPONSE_METHOD='GET',RESPONSE_LENGTH_OKHTTP='-1',RESPONSE_LENGTH_HEADER='33430',REQUEST_PROTOCOL='h2',REQUEST_URL='https://oauth.reddit.com/r/aww/hot/.json',
08-06 06:34:40.926 30345  1699 D OK      : request got status: 200
08-06 06:34:40.956 30345 30917 I PostListingFragment: Precaching images: OFF
08-06 06:34:40.956 30345 30917 I PostListingFragment: Precaching comments: OFF
08-06 06:34:40.972 30345 30369 I art     : Starting a blocking GC Explicit
08-06 06:34:40.980 30345 30917 I getImgurImageInfo: Image NSO7Npm: trying API v3 with auth
08-06 06:34:41.026 30345 30369 I art     : Explicit concurrent mark sweep GC freed 13174(816KB) AllocSpace objects, 18(860KB) LOS objects, 28% free, 39MB/55MB, paused 1.171ms total 53.407ms
08-06 06:34:41.045 30345 30369 I art     : Starting a blocking GC Explicit
08-06 06:34:41.098 30345 30369 I art     : Explicit concurrent mark sweep GC freed 12191(799KB) AllocSpace objects, 36(2024KB) LOS objects, 27% free, 42MB/58MB, paused 857us total 52.931ms
08-06 06:34:41.116 30345 30369 I art     : Starting a blocking GC Explicit
08-06 06:34:41.144 30345   503 I RedditVideosAPI: For 'https://v.redd.it/fkewv2f65kd51/DASHPlaylist.mpd', got video stream 'https://v.redd.it/fkewv2f65kd51/DASH_480' and audio stream 'https://v.redd.it/fkewv2f65kd51/audio'
08-06 06:34:41.155 30345   503 I RedditVideosAPI: For 'https://v.redd.it/ak6rer1hskd51/DASHPlaylist.mpd', got video stream 'https://v.redd.it/ak6rer1hskd51/DASH_360' and audio stream 'null'
08-06 06:34:41.157 30345   503 I RedditVideosAPI: For 'https://v.redd.it/h49fg58ygjd51/DASHPlaylist.mpd', got video stream 'https://v.redd.it/h49fg58ygjd51/DASH_480' and audio stream 'null'
08-06 06:34:41.159 30345  1712 I RedditVideosAPI: For 'https://v.redd.it/ppmhu2r9thd51/DASHPlaylist.mpd', got video stream 'https://v.redd.it/ppmhu2r9thd51/DASH_480' and audio stream 'null'
08-06 06:34:41.159 30345   503 I RedditVideosAPI: For 'https://v.redd.it/1ewzkieg0jd51/DASHPlaylist.mpd', got video stream 'https://v.redd.it/1ewzkieg0jd51/DASH_480' and audio stream 'https://v.redd.it/1ewzkieg0jd51/audio'
08-06 06:34:41.160 30345  1712 I RedditVideosAPI: For 'https://v.redd.it/s9qqadf3mid51/DASHPlaylist.mpd', got video stream 'https://v.redd.it/s9qqadf3mid51/DASH_480' and audio stream 'https://v.redd.it/s9qqadf3mid51/audio'
08-06 06:34:41.160 30345   503 I RedditVideosAPI: For 'https://v.redd.it/b8vazlcb7ld51/DASHPlaylist.mpd', got video stream 'https://v.redd.it/b8vazlcb7ld51/DASH_480' and audio stream 'https://v.redd.it/b8vazlcb7ld51/audio'
08-06 06:34:41.162 30345  1712 I RedditVideosAPI: For 'https://v.redd.it/ty24o02m1hd51/DASHPlaylist.mpd', got video stream 'https://v.redd.it/ty24o02m1hd51/DASH_480' and audio stream 'null'
08-06 06:34:41.162 30345   503 I RedditVideosAPI: For 'https://v.redd.it/ar5k8892pid51/DASHPlaylist.mpd', got video stream 'https://v.redd.it/ar5k8892pid51/DASH_360' and audio stream 'https://v.redd.it/ar5k8892pid51/audio'
08-06 06:34:41.166 30345 30369 I art     : Explicit concurrent mark sweep GC freed 24925(1823KB) AllocSpace objects, 41(2MB) LOS objects, 26% free, 43MB/59MB, paused 991us total 49.110ms
08-06 06:34:41.184 30345 30369 I art     : Starting a blocking GC Explicit
08-06 06:34:41.202 30345 30345 W RecyclerView: Cannot call this method in a scroll callback. Scroll callbacks mightbe run during a measure & layout pass where you cannot change theRecyclerView data. Any method call that might change the structureof the RecyclerView or the adapter contents should be postponed tothe next frame.
08-06 06:34:41.202 30345 30345 W RecyclerView: java.lang.IllegalStateException:  androidx.recyclerview.widget.RecyclerView{8bc89e9 VFED..... .F....ID 0,0-1440,2140 #7f0900ef app:id/scrollbar_recyclerview_recyclerview}, adapter:baseline.org.quantumbadger.redreader.adapters.GroupedRecyclerViewAdapter@d81e66e, layout:androidx.recyclerview.widget.LinearLayoutManager@b98d10f, context:baseline.org.quantumbadger.redreader.activities.PostListingActivity@f9800b5
08-06 06:34:41.202 30345 30345 W RecyclerView: 	at androidx.recyclerview.widget.RecyclerView.assertNotInLayoutOrScroll(RecyclerView.java:3061)
08-06 06:34:41.202 30345 30345 W RecyclerView: 	at androidx.recyclerview.widget.RecyclerView$RecyclerViewDataObserver.onItemRangeInserted(RecyclerView.java:5555)
08-06 06:34:41.202 30345 30345 W RecyclerView: 	at androidx.recyclerview.widget.RecyclerView$AdapterDataObservable.notifyItemRangeInserted(RecyclerView.java:12278)
08-06 06:34:41.202 30345 30345 W RecyclerView: 	at androidx.recyclerview.widget.RecyclerView$Adapter.notifyItemInserted(RecyclerView.java:7464)
08-06 06:34:41.202 30345 30345 W RecyclerView: 	at baseline.org.quantumbadger.redreader.adapters.GroupedRecyclerViewAdapter.updateHiddenStatus(GroupedRecyclerViewAdapter.java:279)
08-06 06:34:41.202 30345 30345 W RecyclerView: 	at baseline.org.quantumbadger.redreader.adapters.RedditListingManager.setLoadingVisible(RedditListingManager.java:125)
08-06 06:34:41.202 30345 30345 W RecyclerView: 	at baseline.org.quantumbadger.redreader.fragments.PostListingFragment.onLoadMoreItemsCheck(PostListingFragment.java:465)
08-06 06:34:41.202 30345 30345 W RecyclerView: 	at baseline.org.quantumbadger.redreader.fragments.PostListingFragment.access$000(PostListingFragment.java:98)
08-06 06:34:41.202 30345 30345 W RecyclerView: 	at baseline.org.quantumbadger.redreader.fragments.PostListingFragment$2.onScrolled(PostListingFragment.java:215)
08-06 06:34:41.202 30345 30345 W RecyclerView: 	at androidx.recyclerview.widget.RecyclerView.dispatchOnScrolled(RecyclerView.java:5173)
08-06 06:34:41.202 30345 30345 W RecyclerView: 	at androidx.recyclerview.widget.RecyclerView.dispatchLayoutStep3(RecyclerView.java:4231)
08-06 06:34:41.202 30345 30345 W RecyclerView: 	at androidx.recyclerview.widget.RecyclerView.dispatchLayout(RecyclerView.java:3862)
08-06 06:34:41.202 30345 30345 W RecyclerView: 	at androidx.recyclerview.widget.RecyclerView.consumePendingUpdateOperations(RecyclerView.java:1897)
08-06 06:34:41.202 30345 30345 W RecyclerView: 	at androidx.recyclerview.widget.RecyclerView$1.run(RecyclerView.java:414)
08-06 06:34:41.202 30345 30345 W RecyclerView: 	at android.view.Choreographer$CallbackRecord.run(Choreographer.java:858)
08-06 06:34:41.202 30345 30345 W RecyclerView: 	at android.view.Choreographer.doCallbacks(Choreographer.java:670)
08-06 06:34:41.202 30345 30345 W RecyclerView: 	at android.view.Choreographer.doFrame(Choreographer.java:603)
08-06 06:34:41.202 30345 30345 W RecyclerView: 	at android.view.Choreographer$FrameDisplayEventReceiver.run(Choreographer.java:844)
08-06 06:34:41.202 30345 30345 W RecyclerView: 	at android.os.Handler.handleCallback(Handler.java:739)
08-06 06:34:41.202 30345 30345 W RecyclerView: 	at android.os.Handler.dispatchMessage(Handler.java:95)
08-06 06:34:41.202 30345 30345 W RecyclerView: 	at android.os.Looper.loop(Looper.java:148)
08-06 06:34:41.202 30345 30345 W RecyclerView: 	at android.app.ActivityThread.main(ActivityThread.java:5417)
08-06 06:34:41.202 30345 30345 W RecyclerView: 	at java.lang.reflect.Method.invoke(Native Method)
08-06 06:34:41.202 30345 30345 W RecyclerView: 	at com.android.internal.os.ZygoteInit$MethodAndArgsCaller.run(ZygoteInit.java:726)
08-06 06:34:41.202 30345 30345 W RecyclerView: 	at com.android.internal.os.ZygoteInit.main(ZygoteInit.java:616)
08-06 06:34:41.233 30345 30369 I art     : Explicit concurrent mark sweep GC freed 2038(273KB) AllocSpace objects, 2(136KB) LOS objects, 27% free, 43MB/59MB, paused 956us total 49.051ms
08-06 06:34:41.254 30345 30369 I art     : Starting a blocking GC Explicit
08-06 06:34:41.303 30345 30369 I art     : Explicit concurrent mark sweep GC freed 92(3KB) AllocSpace objects, 0(0B) LOS objects, 27% free, 43MB/59MB, paused 518us total 48.334ms
08-06 06:34:41.656 30345 30357 I art     : Starting a blocking GC Explicit
08-06 06:34:41.725 30345 30357 I art     : Explicit concurrent mark sweep GC freed 1735(101KB) AllocSpace objects, 1(20KB) LOS objects, 27% free, 43MB/59MB, paused 694us total 69.070ms
08-06 06:34:41.748 30345 30357 I art     : Starting a blocking GC Explicit
08-06 06:34:41.809 30345 30357 I art     : Explicit concurrent mark sweep GC freed 83(4KB) AllocSpace objects, 0(0B) LOS objects, 27% free, 43MB/59MB, paused 719us total 60.332ms
08-06 06:34:41.832 30345 30357 I art     : Starting a blocking GC Explicit
08-06 06:34:41.894 30345 30357 I art     : Explicit concurrent mark sweep GC freed 3(96B) AllocSpace objects, 0(0B) LOS objects, 27% free, 43MB/59MB, paused 673us total 61.760ms
08-06 06:34:41.916 30345 30357 I art     : Starting a blocking GC Explicit
08-06 06:34:41.957 30345  1731 D OK      : calling: https://oauth.reddit.com/r/aww/hot/.json?after=t3_hz5odc
08-06 06:34:41.974 30345 30357 I art     : Explicit concurrent mark sweep GC freed 100(4KB) AllocSpace objects, 0(0B) LOS objects, 27% free, 43MB/59MB, paused 689us total 57.057ms
08-06 06:34:41.993 30345 30357 I art     : Starting a blocking GC Explicit
08-06 06:34:42.052 30345 30357 I art     : Explicit concurrent mark sweep GC freed 10(384B) AllocSpace objects, 0(0B) LOS objects, 27% free, 43MB/59MB, paused 648us total 58.113ms
08-06 06:34:42.154 30345  1731 I NAPPA_EXPERIMENTATION: MetricNetworkRequestExecutionTime: REQUEST_DURATION_SYSTEM='196',REQUEST_DURATION_OKHTTP='188',REQUEST_SYNCHRONOUS='TRUE',RESPONSE_CODE='200',RESPONSE_METHOD='GET',RESPONSE_LENGTH_OKHTTP='-1',RESPONSE_LENGTH_HEADER='30610',REQUEST_PROTOCOL='h2',REQUEST_URL='https://oauth.reddit.com/r/aww/hot/.json?after=t3_hz5odc',
08-06 06:34:42.155 30345  1731 D OK      : request got status: 200
08-06 06:34:42.169 30345  1718 I PostListingFragment: Precaching images: OFF
08-06 06:34:42.170 30345  1718 I PostListingFragment: Precaching comments: OFF
08-06 06:34:42.222 30345  1712 I RedditVideosAPI: For 'https://v.redd.it/syww111dtjd51/DASHPlaylist.mpd', got video stream 'https://v.redd.it/syww111dtjd51/DASH_480' and audio stream 'https://v.redd.it/syww111dtjd51/audio'
08-06 06:34:42.268 30345  1718 I getImgurImageInfo: Image nLQR2hT: trying API v3 with auth
08-06 06:34:42.338 30345  1712 I RedditVideosAPI: For 'https://v.redd.it/jk6cwef4wld51/DASHPlaylist.mpd', got video stream 'https://v.redd.it/jk6cwef4wld51/DASH_480' and audio stream 'null'
08-06 06:34:42.339 30345  1712 I RedditVideosAPI: For 'https://v.redd.it/t81s8zfz9ld51/DASHPlaylist.mpd', got video stream 'https://v.redd.it/t81s8zfz9ld51/DASH_480' and audio stream 'https://v.redd.it/t81s8zfz9ld51/audio'
08-06 06:34:42.343 30345  1734 I RedditVideosAPI: For 'https://v.redd.it/xd6c4yyutgd51/DASHPlaylist.mpd', got video stream 'https://v.redd.it/xd6c4yyutgd51/DASH_480' and audio stream 'null'
08-06 06:34:42.354 30345  1734 I RedditVideosAPI: For 'https://v.redd.it/ue0jdgk9zhd51/DASHPlaylist.mpd', got video stream 'https://v.redd.it/ue0jdgk9zhd51/DASH_360' and audio stream 'https://v.redd.it/ue0jdgk9zhd51/audio'
08-06 06:34:42.364 30345  1734 I RedditVideosAPI: For 'https://v.redd.it/pbqrrfb3tkd51/DASHPlaylist.mpd', got video stream 'https://v.redd.it/pbqrrfb3tkd51/DASH_480' and audio stream 'null'
08-06 06:34:42.365 30345  1734 I RedditVideosAPI: For 'https://v.redd.it/rrygsb8i4ld51/DASHPlaylist.mpd', got video stream 'https://v.redd.it/rrygsb8i4ld51/DASH_480' and audio stream 'https://v.redd.it/rrygsb8i4ld51/audio'
08-06 06:34:42.366 30345  1734 I RedditVideosAPI: For 'https://v.redd.it/5x6zzipz8ld51/DASHPlaylist.mpd', got video stream 'https://v.redd.it/5x6zzipz8ld51/DASH_480' and audio stream 'null'
08-06 06:34:42.368 30345  1734 I RedditVideosAPI: For 'https://v.redd.it/75en73fm5id51/DASHPlaylist.mpd', got video stream 'https://v.redd.it/75en73fm5id51/DASH_480' and audio stream 'https://v.redd.it/75en73fm5id51/audio'
08-06 06:34:42.369 30345  1712 I RedditVideosAPI: For 'https://v.redd.it/ggz4fyth6hd51/DASHPlaylist.mpd', got video stream 'https://v.redd.it/ggz4fyth6hd51/DASH_360' and audio stream 'null'
08-06 06:34:42.370 30345  1712 I RedditVideosAPI: For 'https://v.redd.it/psrknoobrgd51/DASHPlaylist.mpd', got video stream 'https://v.redd.it/psrknoobrgd51/DASH_480' and audio stream 'null'
08-06 06:34:42.403 30345 30356 I art     : Starting a blocking GC Explicit
08-06 06:34:42.466 30345 30356 I art     : Explicit concurrent mark sweep GC freed 43692(3MB) AllocSpace objects, 98(5MB) LOS objects, 24% free, 48MB/64MB, paused 656us total 62.917ms
08-06 06:34:42.486 30345 30356 I art     : Starting a blocking GC Explicit
08-06 06:34:42.535 30345 30356 I art     : Explicit concurrent mark sweep GC freed 2449(101KB) AllocSpace objects, 0(0B) LOS objects, 24% free, 48MB/64MB, paused 603us total 49.153ms
08-06 06:34:42.555 30345 30356 I art     : Starting a blocking GC Explicit
08-06 06:34:42.603 13866 13882 I PeriodicStatsRunner: PeriodicStatsRunner.call():175 call()
08-06 06:34:42.604 13866 13882 I PeriodicStatsRunner: PeriodicStatsRunner.call():179 No submit PeriodicStats since input started.
08-06 06:34:42.614 30345 30356 I art     : Explicit concurrent mark sweep GC freed 3(96B) AllocSpace objects, 0(0B) LOS objects, 24% free, 48MB/64MB, paused 680us total 58.561ms
08-06 06:34:42.637 30345 30356 I art     : Starting a blocking GC Explicit
08-06 06:34:42.694 30345 30356 I art     : Explicit concurrent mark sweep GC freed 3(96B) AllocSpace objects, 0(0B) LOS objects, 24% free, 48MB/64MB, paused 630us total 57.409ms
08-06 06:34:42.715 30345 30356 I art     : Starting a blocking GC Explicit
08-06 06:34:42.777 30345 30356 I art     : Explicit concurrent mark sweep GC freed 3(96B) AllocSpace objects, 0(0B) LOS objects, 24% free, 48MB/64MB, paused 644us total 61.655ms
08-06 06:34:43.171 30345  1469 I art     : Starting a blocking GC Explicit
08-06 06:34:43.243 30345  1469 I art     : Explicit concurrent mark sweep GC freed 1393(84KB) AllocSpace objects, 1(20KB) LOS objects, 24% free, 48MB/64MB, paused 670us total 71.382ms
08-06 06:34:43.266 30345  1469 I art     : Starting a blocking GC Explicit
08-06 06:34:43.320 30345  1469 I art     : Explicit concurrent mark sweep GC freed 20(704B) AllocSpace objects, 0(0B) LOS objects, 24% free, 48MB/64MB, paused 617us total 54.371ms
08-06 06:34:43.340 30345  1469 I art     : Starting a blocking GC Explicit
08-06 06:34:43.399 30345  1469 I art     : Explicit concurrent mark sweep GC freed 3(96B) AllocSpace objects, 0(0B) LOS objects, 24% free, 48MB/64MB, paused 635us total 58.420ms
08-06 06:34:43.419 30345  1469 I art     : Starting a blocking GC Explicit
08-06 06:34:43.478 30345  1469 I art     : Explicit concurrent mark sweep GC freed 3(96B) AllocSpace objects, 0(0B) LOS objects, 24% free, 48MB/64MB, paused 629us total 58.800ms
08-06 06:34:43.498 30345  1469 I art     : Starting a blocking GC Explicit
08-06 06:34:43.559 30345  1469 I art     : Explicit concurrent mark sweep GC freed 3(96B) AllocSpace objects, 0(0B) LOS objects, 24% free, 48MB/64MB, paused 678us total 60.763ms
08-06 06:34:43.920 30345 30369 I art     : Starting a blocking GC Explicit
08-06 06:34:43.991 30345 30369 I art     : Explicit concurrent mark sweep GC freed 1356(83KB) AllocSpace objects, 1(20KB) LOS objects, 24% free, 48MB/64MB, paused 622us total 71.335ms
08-06 06:34:44.014 30345 30369 I art     : Starting a blocking GC Explicit
08-06 06:34:44.072 30345 30369 I art     : Explicit concurrent mark sweep GC freed 20(704B) AllocSpace objects, 0(0B) LOS objects, 24% free, 48MB/64MB, paused 594us total 58.241ms
08-06 06:34:44.092 30345 30369 I art     : Starting a blocking GC Explicit
08-06 06:34:44.151 30345 30369 I art     : Explicit concurrent mark sweep GC freed 3(96B) AllocSpace objects, 0(0B) LOS objects, 24% free, 48MB/64MB, paused 620us total 58.575ms
08-06 06:34:44.154 30345 30355 I art     : WaitForGcToComplete blocked for 9.441ms for cause HeapTrim
08-06 06:34:44.171 30345 30369 I art     : Starting a blocking GC Explicit
08-06 06:34:44.231 30345 30369 I art     : Explicit concurrent mark sweep GC freed 3(96B) AllocSpace objects, 0(0B) LOS objects, 24% free, 48MB/64MB, paused 685us total 59.877ms
08-06 06:34:44.254 30345 30369 I art     : Starting a blocking GC Explicit
08-06 06:34:44.310 30345 30369 I art     : Explicit concurrent mark sweep GC freed 3(96B) AllocSpace objects, 0(0B) LOS objects, 24% free, 48MB/64MB, paused 567us total 55.790ms
08-06 06:34:44.630 13866 13882 I PeriodicStatsRunner: PeriodicStatsRunner.call():175 call()
08-06 06:34:44.630 13866 13882 I PeriodicStatsRunner: PeriodicStatsRunner.call():179 No submit PeriodicStats since input started.
08-06 06:34:44.698 30345 31027 I art     : Starting a blocking GC Explicit
08-06 06:34:44.770 30345 31027 I art     : Explicit concurrent mark sweep GC freed 1355(83KB) AllocSpace objects, 1(20KB) LOS objects, 24% free, 48MB/64MB, paused 586us total 71.319ms
08-06 06:34:44.790 30345 31027 I art     : Starting a blocking GC Explicit
08-06 06:34:44.846 30345 31027 I art     : Explicit concurrent mark sweep GC freed 20(704B) AllocSpace objects, 0(0B) LOS objects, 24% free, 48MB/64MB, paused 625us total 56.056ms
08-06 06:34:44.865 30345 31027 I art     : Starting a blocking GC Explicit
08-06 06:34:44.919 30345 31027 I art     : Explicit concurrent mark sweep GC freed 3(96B) AllocSpace objects, 0(0B) LOS objects, 24% free, 48MB/64MB, paused 637us total 53.609ms
08-06 06:34:44.939 30345 31027 I art     : Starting a blocking GC Explicit
08-06 06:34:44.995 30345 31027 I art     : Explicit concurrent mark sweep GC freed 3(96B) AllocSpace objects, 0(0B) LOS objects, 24% free, 48MB/64MB, paused 575us total 56.154ms
08-06 06:34:45.015 30345 31027 I art     : Starting a blocking GC Explicit
08-06 06:34:45.065 28232 28232 I ServiceManager: Waiting for service AtCmdFwd...
08-06 06:34:45.071 30345 31027 I art     : Explicit concurrent mark sweep GC freed 3(96B) AllocSpace objects, 0(0B) LOS objects, 24% free, 48MB/64MB, paused 645us total 55.614ms
08-06 06:34:45.298  1778  1778 D AndroidRuntime: >>>>>> START com.android.internal.os.RuntimeInit uid 2000 <<<<<<
08-06 06:34:45.304  1778  1778 D AndroidRuntime: CheckJNI is OFF
08-06 06:34:45.345  1778  1778 D ICU     : No timezone override file found: /data/misc/zoneinfo/current/icu/icu_tzdata.dat
08-06 06:34:45.387  1778  1778 I Radio-JNI: register_android_hardware_Radio DONE
08-06 06:34:45.417  1778  1778 D AndroidRuntime: Calling main entry com.android.commands.input.Input
08-06 06:34:45.419  1778  1778 I Input   : injectMotionEvent: MotionEvent { action=ACTION_DOWN, actionButton=0, id[0]=0, x[0]=1340.0, y[0]=1100.0, toolType[0]=TOOL_TYPE_UNKNOWN, buttonState=0, metaState=0, flags=0x0, edgeFlags=0x0, pointerCount=1, historySize=0, eventTime=858901831, downTime=858901831, deviceId=0, source=0x1002 }
08-06 06:34:45.426  1778  1778 I Input   : injectMotionEvent: MotionEvent { action=ACTION_UP, actionButton=0, id[0]=0, x[0]=1340.0, y[0]=1100.0, toolType[0]=TOOL_TYPE_UNKNOWN, buttonState=0, metaState=0, flags=0x0, edgeFlags=0x0, pointerCount=1, historySize=0, eventTime=858901831, downTime=858901831, deviceId=0, source=0x1002 }
08-06 06:34:45.428  1778  1778 D AndroidRuntime: Shutting down VM
08-06 06:34:45.444   512  2967 D audio_hw_primary: out_set_parameters: enter: usecase(1: low-latency-playback) kvpairs: routing=2
08-06 06:34:45.446 30345 32052 I art     : Starting a blocking GC Explicit
08-06 06:34:45.448   918   929 I ActivityManager: START u0 {dat=https://oauth.reddit.com/... cmp=baseline.org.quantumbadger.redreader/.activities.CommentListingActivity} from uid 10705 on display 0
08-06 06:34:45.457   512  2967 D audio_hw_primary: select_devices: out_snd_device(2: speaker) in_snd_device(0: none)
08-06 06:34:45.457   512  2967 D msm8974_platform: platform_send_audio_calibration: sending audio calibration for snd_device(2) acdb_id(15)
08-06 06:34:45.458   512  2967 I soundtrigger: audio_extn_sound_trigger_update_device_status: device 0x2 of type 0 for Event 1
08-06 06:34:45.471   512  2967 D audio_hw_primary: enable_snd_device: snd_device(2: speaker)
08-06 06:34:45.473   512  2967 D audio_hw_primary: enable_audio_route: apply and update mixer path: low-latency-playback speaker
08-06 06:34:45.480 30345 30345 I AppCompatViewInflater: app:theme is now deprecated. Please move to using android:theme instead.
08-06 06:34:45.502 30345 32052 I art     : Explicit concurrent mark sweep GC freed 2775(150KB) AllocSpace objects, 1(20KB) LOS objects, 24% free, 48MB/64MB, paused 892us total 56.025ms
08-06 06:34:45.505 30345  1718 I CommentListingActivity: COMMENTS session changed to 820060b0-42bd-4893-832a-49871f556aa6
08-06 06:34:45.521 30345 32052 I art     : Starting a blocking GC Explicit
08-06 06:34:45.580 30345 32052 I art     : Explicit concurrent mark sweep GC freed 12725(858KB) AllocSpace objects, 53(10MB) LOS objects, 29% free, 38MB/54MB, paused 1.414ms total 58.674ms
08-06 06:34:45.599   918   936 I ActivityManager: Displayed baseline.org.quantumbadger.redreader/.activities.CommentListingActivity: +136ms
08-06 06:34:45.604 13866 13866 I GoogleInputMethodServic: GoogleInputMethodService.onFinishInput():3138 
08-06 06:34:45.612 30345 32052 I art     : Starting a blocking GC Explicit
08-06 06:34:45.613 13866 13866 I GoogleInputMethodServic: GoogleInputMethodService.onStartInput():1808 
08-06 06:34:45.677 30345 32052 I art     : Explicit concurrent mark sweep GC freed 13381(709KB) AllocSpace objects, 0(0B) LOS objects, 28% free, 39MB/55MB, paused 1.177ms total 65.298ms
08-06 06:34:45.709 30345 32052 I art     : Starting a blocking GC Explicit
08-06 06:34:45.772 30345 32052 I art     : Explicit concurrent mark sweep GC freed 11133(655KB) AllocSpace objects, 0(0B) LOS objects, 28% free, 39MB/55MB, paused 913us total 62.253ms
08-06 06:34:45.794 30345 32052 I art     : Starting a blocking GC Explicit
08-06 06:34:45.853   380   380 W SurfaceFlinger: couldn't log to binary event log: overflow.
08-06 06:34:45.867 30345 32052 I art     : Explicit concurrent mark sweep GC freed 11989(485KB) AllocSpace objects, 0(0B) LOS objects, 28% free, 39MB/55MB, paused 593us total 72.131ms
08-06 06:34:45.976 30345  1711 I RedditChangeDataIO: Writing tmp data file at '/data/user/0/baseline.org.quantumbadger.redreader/files/rr_change_data_tmp.dat'
08-06 06:34:45.977 30345  1711 I RedditChangeDataManager: Taking snapshot...
08-06 06:34:45.977 30345  1711 I RedditChangeDataManager: Writing to stream...
08-06 06:34:45.977 30345  1711 I RedditChangeDataManager: Wrote 6 entries for user ''
08-06 06:34:45.977 30345  1711 I RedditChangeDataManager: All entries written to stream.
08-06 06:34:45.978 30345  1711 I RedditChangeDataIO: Write successful. Atomically replacing data file...
08-06 06:34:45.978 30345  1711 I RedditChangeDataIO: Write complete.
08-06 06:34:45.978 30345  1711 I RedditChangeDataIO: 158 bytes written in 2 ms
08-06 06:34:46.021   512  2967 D audio_hw_primary: disable_audio_route: reset and update mixer path: low-latency-playback speaker
08-06 06:34:46.022   512  2967 D audio_hw_primary: disable_snd_device: snd_device(2: speaker)
08-06 06:34:46.030   512  2967 I soundtrigger: audio_extn_sound_trigger_update_device_status: device 0x2 of type 0 for Event 0
08-06 06:34:46.065 28232 28232 I ServiceManager: Waiting for service AtCmdFwd...
08-06 06:34:46.219 30345 30369 I art     : Starting a blocking GC Explicit
08-06 06:34:46.281 30345 30369 I art     : Explicit concurrent mark sweep GC freed 1627(95KB) AllocSpace objects, 2(88KB) LOS objects, 28% free, 39MB/55MB, paused 531us total 61.100ms
08-06 06:34:46.301 30345 30369 I art     : Starting a blocking GC Explicit
08-06 06:34:46.362 30345 30369 I art     : Explicit concurrent mark sweep GC freed 29(1024B) AllocSpace objects, 0(0B) LOS objects, 28% free, 39MB/55MB, paused 475us total 60.259ms
08-06 06:34:46.383 30345 30369 I art     : Starting a blocking GC Explicit
08-06 06:34:46.444 30345 30369 I art     : Explicit concurrent mark sweep GC freed 3(96B) AllocSpace objects, 0(0B) LOS objects, 28% free, 39MB/55MB, paused 465us total 60.457ms
08-06 06:34:46.465 30345 30369 I art     : Starting a blocking GC Explicit
08-06 06:34:46.524 30345 30369 I art     : Explicit concurrent mark sweep GC freed 3(96B) AllocSpace objects, 0(0B) LOS objects, 28% free, 39MB/55MB, paused 485us total 58.712ms
08-06 06:34:46.544 30345 30369 I art     : Starting a blocking GC Explicit
08-06 06:34:46.606 30345 30369 I art     : Explicit concurrent mark sweep GC freed 3(96B) AllocSpace objects, 0(0B) LOS objects, 28% free, 39MB/55MB, paused 555us total 61.563ms
08-06 06:34:46.945 30345 32052 I art     : Starting a blocking GC Explicit
08-06 06:34:47.032 30345 32052 I art     : Explicit concurrent mark sweep GC freed 1404(85KB) AllocSpace objects, 1(20KB) LOS objects, 28% free, 39MB/55MB, paused 633us total 86.738ms
08-06 06:34:47.055 30345 32052 I art     : Starting a blocking GC Explicit
08-06 06:34:47.066 28232 28232 I ServiceManager: Waiting for service AtCmdFwd...
08-06 06:34:47.125 30345 32052 I art     : Explicit concurrent mark sweep GC freed 20(704B) AllocSpace objects, 0(0B) LOS objects, 28% free, 39MB/55MB, paused 576us total 69.793ms
08-06 06:34:47.147 30345 32052 I art     : Starting a blocking GC Explicit
08-06 06:34:47.223 30345 32052 I art     : Explicit concurrent mark sweep GC freed 3(96B) AllocSpace objects, 0(0B) LOS objects, 28% free, 39MB/55MB, paused 604us total 76.106ms
08-06 06:34:47.246 30345 32052 I art     : Starting a blocking GC Explicit
08-06 06:34:47.318 30345 32052 I art     : Explicit concurrent mark sweep GC freed 32(1568B) AllocSpace objects, 0(0B) LOS objects, 28% free, 39MB/55MB, paused 649us total 72.534ms
08-06 06:34:47.342 30345 32052 I art     : Starting a blocking GC Explicit
08-06 06:34:47.412 30345 32052 I art     : Explicit concurrent mark sweep GC freed 249(42KB) AllocSpace objects, 0(0B) LOS objects, 28% free, 39MB/55MB, paused 545us total 69.912ms
08-06 06:34:47.785 30345 30356 I art     : Starting a blocking GC Explicit
08-06 06:34:47.870 30345 30356 I art     : Explicit concurrent mark sweep GC freed 1419(84KB) AllocSpace objects, 1(20KB) LOS objects, 28% free, 39MB/55MB, paused 626us total 84.830ms
08-06 06:34:47.894 30345 30356 I art     : Starting a blocking GC Explicit
08-06 06:34:47.971 30345 30356 I art     : Explicit concurrent mark sweep GC freed 20(704B) AllocSpace objects, 0(0B) LOS objects, 28% free, 39MB/55MB, paused 566us total 76.218ms
08-06 06:34:47.994 30345 30356 I art     : Starting a blocking GC Explicit
08-06 06:34:48.066 30345 30356 I art     : Explicit concurrent mark sweep GC freed 3(96B) AllocSpace objects, 0(0B) LOS objects, 28% free, 39MB/55MB, paused 525us total 71.837ms
08-06 06:34:48.067 28232 28232 I ServiceManager: Waiting for service AtCmdFwd...
08-06 06:34:48.087 30345 30356 I art     : Starting a blocking GC Explicit
08-06 06:34:48.150 30345 30356 I art     : Explicit concurrent mark sweep GC freed 3(96B) AllocSpace objects, 0(0B) LOS objects, 28% free, 39MB/55MB, paused 541us total 62.595ms
08-06 06:34:48.172 30345 30356 I art     : Starting a blocking GC Explicit
08-06 06:34:48.239 30345 30356 I art     : Explicit concurrent mark sweep GC freed 3(96B) AllocSpace objects, 0(0B) LOS objects, 28% free, 39MB/55MB, paused 515us total 67.178ms
08-06 06:34:48.625 30345  1469 I art     : Starting a blocking GC Explicit
08-06 06:34:48.708 30345  1469 I art     : Explicit concurrent mark sweep GC freed 1354(82KB) AllocSpace objects, 1(20KB) LOS objects, 28% free, 39MB/55MB, paused 568us total 82.747ms
08-06 06:34:48.732 30345  1469 I art     : Starting a blocking GC Explicit
08-06 06:34:48.803 30345  1469 I art     : Explicit concurrent mark sweep GC freed 20(704B) AllocSpace objects, 0(0B) LOS objects, 28% free, 39MB/55MB, paused 539us total 71.035ms
08-06 06:34:48.824 30345  1469 I art     : Starting a blocking GC Explicit
08-06 06:34:48.900 30345  1469 I art     : Explicit concurrent mark sweep GC freed 3(96B) AllocSpace objects, 0(0B) LOS objects, 28% free, 39MB/55MB, paused 592us total 75.577ms
08-06 06:34:48.925 30345  1469 I art     : Starting a blocking GC Explicit
08-06 06:34:49.007 30345  1469 I art     : Explicit concurrent mark sweep GC freed 3(96B) AllocSpace objects, 0(0B) LOS objects, 28% free, 39MB/55MB, paused 563us total 81.108ms
08-06 06:34:49.032 30345  1469 I art     : Starting a blocking GC Explicit
08-06 06:34:49.068 28232 28232 I ServiceManager: Waiting for service AtCmdFwd...
08-06 06:34:49.105 30345  1469 I art     : Explicit concurrent mark sweep GC freed 3(96B) AllocSpace objects, 0(0B) LOS objects, 28% free, 39MB/55MB, paused 581us total 73.367ms
08-06 06:34:49.475 30345 31027 I art     : Starting a blocking GC Explicit
08-06 06:34:49.560 30345 31027 I art     : Explicit concurrent mark sweep GC freed 1354(82KB) AllocSpace objects, 1(20KB) LOS objects, 28% free, 39MB/55MB, paused 607us total 85.064ms
08-06 06:34:49.583 30345 31027 I art     : Starting a blocking GC Explicit
08-06 06:34:49.655 30345 31027 I art     : Explicit concurrent mark sweep GC freed 20(704B) AllocSpace objects, 0(0B) LOS objects, 28% free, 39MB/55MB, paused 552us total 71.006ms
08-06 06:34:49.676 30345 31027 I art     : Starting a blocking GC Explicit
08-06 06:34:49.738 30345 31027 I art     : Explicit concurrent mark sweep GC freed 3(96B) AllocSpace objects, 0(0B) LOS objects, 28% free, 39MB/55MB, paused 527us total 61.037ms
08-06 06:34:49.758 30345 31027 I art     : Starting a blocking GC Explicit
08-06 06:34:49.819 30345 31027 I art     : Explicit concurrent mark sweep GC freed 3(96B) AllocSpace objects, 0(0B) LOS objects, 28% free, 39MB/55MB, paused 536us total 60.485ms
08-06 06:34:49.840 30345 31027 I art     : Starting a blocking GC Explicit
08-06 06:34:49.908 30345 31027 I art     : Explicit concurrent mark sweep GC freed 3(96B) AllocSpace objects, 0(0B) LOS objects, 28% free, 39MB/55MB, paused 559us total 67.657ms
08-06 06:34:50.068 28232 28232 W Atfwd_Sendcmd: AtCmdFwd service not published, waiting... retryCnt : 1
08-06 06:34:50.250  1852  1852 D AndroidRuntime: >>>>>> START com.android.internal.os.RuntimeInit uid 2000 <<<<<<
08-06 06:34:50.257  1852  1852 D AndroidRuntime: CheckJNI is OFF
08-06 06:34:50.271 30345 30357 I art     : Starting a blocking GC Explicit
08-06 06:34:50.308  1852  1852 D ICU     : No timezone override file found: /data/misc/zoneinfo/current/icu/icu_tzdata.dat
08-06 06:34:50.343 30345 30357 I art     : Explicit concurrent mark sweep GC freed 1354(82KB) AllocSpace objects, 1(20KB) LOS objects, 28% free, 39MB/55MB, paused 573us total 71.526ms
08-06 06:34:50.358  1852  1852 I Radio-JNI: register_android_hardware_Radio DONE
08-06 06:34:50.363 30345 30357 I art     : Starting a blocking GC Explicit
08-06 06:34:50.389  1852  1852 D AndroidRuntime: Calling main entry com.android.commands.input.Input
08-06 06:34:50.391  1852  1852 I Input   : injectKeyEvent: KeyEvent { action=ACTION_DOWN, keyCode=KEYCODE_BACK, scanCode=0, metaState=0, flags=0x0, repeatCount=0, eventTime=858906803, downTime=858906803, deviceId=-1, source=0x101 }
08-06 06:34:50.398  1852  1852 I Input   : injectKeyEvent: KeyEvent { action=ACTION_UP, keyCode=KEYCODE_BACK, scanCode=0, metaState=0, flags=0x0, repeatCount=0, eventTime=858906803, downTime=858906803, deviceId=-1, source=0x101 }
08-06 06:34:50.404  1852  1852 D AndroidRuntime: Shutting down VM
08-06 06:34:50.426 30345 30357 I art     : Explicit concurrent mark sweep GC freed 150(5KB) AllocSpace objects, 0(0B) LOS objects, 28% free, 39MB/55MB, paused 590us total 62.282ms
08-06 06:34:50.447 30345 30357 I art     : Starting a blocking GC Explicit
08-06 06:34:50.450 13866 13866 I GoogleInputMethodServic: GoogleInputMethodService.onFinishInput():3138 
08-06 06:34:50.450 13866 13866 I GoogleInputMethodServic: GoogleInputMethodService.onStartInput():1808 
08-06 06:34:50.503 30345 30357 I art     : Explicit concurrent mark sweep GC freed 112(3KB) AllocSpace objects, 0(0B) LOS objects, 28% free, 39MB/55MB, paused 807us total 56.245ms
08-06 06:34:50.523 30345 30357 I art     : Starting a blocking GC Explicit
08-06 06:34:50.579 30345 30357 I art     : Explicit concurrent mark sweep GC freed 34(1136B) AllocSpace objects, 0(0B) LOS objects, 28% free, 39MB/55MB, paused 463us total 55.541ms
08-06 06:34:50.599 30345 30357 I art     : Starting a blocking GC Explicit
08-06 06:34:50.615 13866 13882 I PeriodicStatsRunner: PeriodicStatsRunner.call():175 call()
08-06 06:34:50.616 13866 13882 I PeriodicStatsRunner: PeriodicStatsRunner.call():179 No submit PeriodicStats since input started.
08-06 06:34:50.661 30345 30357 I art     : Explicit concurrent mark sweep GC freed 3(96B) AllocSpace objects, 0(0B) LOS objects, 28% free, 39MB/55MB, paused 449us total 61.188ms
08-06 06:34:50.774   380   380 W SurfaceFlinger: couldn't log to binary event log: overflow.
08-06 06:34:50.860   518   646 I ThermalEngine: ACTION: GPU - Setting GPU[0] to 510000000
08-06 06:34:50.959 30345 30357 I art     : Starting a blocking GC Explicit
08-06 06:34:51.028 30345 30357 I art     : Explicit concurrent mark sweep GC freed 1418(85KB) AllocSpace objects, 1(20KB) LOS objects, 28% free, 39MB/55MB, paused 485us total 68.108ms
08-06 06:34:51.044 30345 30357 I art     : Starting a blocking GC Explicit
08-06 06:34:51.086 30345 30357 I art     : Explicit concurrent mark sweep GC freed 41409(2MB) AllocSpace objects, 5(140KB) LOS objects, 29% free, 37MB/53MB, paused 392us total 42.226ms
08-06 06:34:51.101 30345 30357 I art     : Starting a blocking GC Explicit
08-06 06:34:51.141 30345 30357 I art     : Explicit concurrent mark sweep GC freed 3(96B) AllocSpace objects, 0(0B) LOS objects, 29% free, 37MB/53MB, paused 406us total 40.048ms
08-06 06:34:51.156 30345 30357 I art     : Starting a blocking GC Explicit
08-06 06:34:51.197 30345 30357 I art     : Explicit concurrent mark sweep GC freed 3(96B) AllocSpace objects, 0(0B) LOS objects, 29% free, 37MB/53MB, paused 411us total 40.840ms
08-06 06:34:51.212 30345 30357 I art     : Starting a blocking GC Explicit
08-06 06:34:51.252 30345 30357 I art     : Explicit concurrent mark sweep GC freed 3(96B) AllocSpace objects, 0(0B) LOS objects, 29% free, 37MB/53MB, paused 390us total 39.982ms
08-06 06:34:51.576 30345 32052 I art     : Starting a blocking GC Explicit
08-06 06:34:51.635 30345 32052 I art     : Explicit concurrent mark sweep GC freed 1354(82KB) AllocSpace objects, 1(20KB) LOS objects, 29% free, 37MB/53MB, paused 454us total 59.202ms
08-06 06:34:51.653 30345 32052 I art     : Starting a blocking GC Explicit
08-06 06:34:51.691 30345 32052 I art     : Explicit concurrent mark sweep GC freed 20(704B) AllocSpace objects, 0(0B) LOS objects, 29% free, 37MB/53MB, paused 409us total 37.791ms
08-06 06:34:51.705 30345 32052 I art     : Starting a blocking GC Explicit
08-06 06:34:51.743 30345 32052 I art     : Explicit concurrent mark sweep GC freed 3(96B) AllocSpace objects, 0(0B) LOS objects, 29% free, 37MB/53MB, paused 386us total 37.985ms
08-06 06:34:51.758 30345 32052 I art     : Starting a blocking GC Explicit
08-06 06:34:51.796 30345 32052 I art     : Explicit concurrent mark sweep GC freed 3(96B) AllocSpace objects, 0(0B) LOS objects, 29% free, 37MB/53MB, paused 393us total 38.061ms
08-06 06:34:51.810 30345 32052 I art     : Starting a blocking GC Explicit
08-06 06:34:51.848 30345 32052 I art     : Explicit concurrent mark sweep GC freed 3(96B) AllocSpace objects, 0(0B) LOS objects, 29% free, 37MB/53MB, paused 405us total 37.906ms
08-06 06:34:52.051  1897  1897 D AndroidRuntime: >>>>>> START com.android.internal.os.RuntimeInit uid 2000 <<<<<<
08-06 06:34:52.056  1897  1897 D AndroidRuntime: CheckJNI is OFF
08-06 06:34:52.088  1897  1897 D ICU     : No timezone override file found: /data/misc/zoneinfo/current/icu/icu_tzdata.dat
08-06 06:34:52.122  1897  1897 I Radio-JNI: register_android_hardware_Radio DONE
08-06 06:34:52.145  1897  1897 D AndroidRuntime: Calling main entry com.android.commands.input.Input
08-06 06:34:52.147  1897  1897 I Input   : injectKeyEvent: KeyEvent { action=ACTION_DOWN, keyCode=KEYCODE_BACK, scanCode=0, metaState=0, flags=0x0, repeatCount=0, eventTime=858908560, downTime=858908560, deviceId=-1, source=0x101 }
08-06 06:34:52.148 30345 30369 I art     : Starting a blocking GC Explicit
08-06 06:34:52.151  1897  1897 I Input   : injectKeyEvent: KeyEvent { action=ACTION_UP, keyCode=KEYCODE_BACK, scanCode=0, metaState=0, flags=0x0, repeatCount=0, eventTime=858908560, downTime=858908560, deviceId=-1, source=0x101 }
08-06 06:34:52.157  1897  1897 D AndroidRuntime: Shutting down VM
08-06 06:34:52.187 30345 30369 I art     : Explicit concurrent mark sweep GC freed 1461(86KB) AllocSpace objects, 1(20KB) LOS objects, 29% free, 37MB/53MB, paused 383us total 38.733ms
08-06 06:34:52.200 13866 13866 I GoogleInputMethodServic: GoogleInputMethodService.onFinishInput():3138 
08-06 06:34:52.200 13866 13866 I GoogleInputMethodServic: GoogleInputMethodService.onStartInput():1808 
08-06 06:34:52.201 30345 30369 I art     : Starting a blocking GC Explicit
08-06 06:34:52.239 30345 30369 I art     : Explicit concurrent mark sweep GC freed 71(2512B) AllocSpace objects, 0(0B) LOS objects, 29% free, 37MB/53MB, paused 374us total 37.370ms
08-06 06:34:52.252 30345 30369 I art     : Starting a blocking GC Explicit
08-06 06:34:52.286 30345 30369 I art     : Explicit concurrent mark sweep GC freed 28(944B) AllocSpace objects, 0(0B) LOS objects, 29% free, 37MB/53MB, paused 319us total 33.485ms
08-06 06:34:52.299 30345 30369 I art     : Starting a blocking GC Explicit
08-06 06:34:52.334 30345 30369 I art     : Explicit concurrent mark sweep GC freed 3(96B) AllocSpace objects, 0(0B) LOS objects, 29% free, 37MB/53MB, paused 309us total 34.871ms
08-06 06:34:52.348 30345 30369 I art     : Starting a blocking GC Explicit
08-06 06:34:52.381 30345 30369 I art     : Explicit concurrent mark sweep GC freed 3(96B) AllocSpace objects, 0(0B) LOS objects, 29% free, 37MB/53MB, paused 340us total 33.059ms
08-06 06:34:52.665 30345 30369 I art     : Starting a blocking GC Explicit
08-06 06:34:52.702 30345 30369 I art     : Explicit concurrent mark sweep GC freed 1409(84KB) AllocSpace objects, 1(20KB) LOS objects, 29% free, 37MB/53MB, paused 395us total 36.635ms
08-06 06:34:52.717 30345 30369 I art     : Starting a blocking GC Explicit
08-06 06:34:52.755 30345 30369 I art     : Explicit concurrent mark sweep GC freed 150(7KB) AllocSpace objects, 0(0B) LOS objects, 29% free, 37MB/53MB, paused 411us total 38.466ms
08-06 06:34:52.770 30345 30369 I art     : Starting a blocking GC Explicit
08-06 06:34:52.810 30345 30369 I art     : Explicit concurrent mark sweep GC freed 3(96B) AllocSpace objects, 0(0B) LOS objects, 29% free, 37MB/53MB, paused 417us total 39.320ms
08-06 06:34:52.824 30345 30369 I art     : Starting a blocking GC Explicit
08-06 06:34:52.866   518   646 I ThermalEngine: ACTION: GPU - Setting GPU[0] to 450000000
08-06 06:34:52.867 30345 30369 I art     : Explicit concurrent mark sweep GC freed 3(96B) AllocSpace objects, 0(0B) LOS objects, 29% free, 37MB/53MB, paused 505us total 42.377ms
08-06 06:34:52.886 30345 30369 I art     : Starting a blocking GC Explicit
08-06 06:34:52.935 30345 30369 I art     : Explicit concurrent mark sweep GC freed 3(96B) AllocSpace objects, 0(0B) LOS objects, 29% free, 37MB/53MB, paused 540us total 49.326ms
08-06 06:34:53.282 30345 30357 I art     : Starting a blocking GC Explicit
08-06 06:34:53.346 30345 30357 I art     : Explicit concurrent mark sweep GC freed 1354(82KB) AllocSpace objects, 1(20KB) LOS objects, 29% free, 37MB/53MB, paused 625us total 63.424ms
08-06 06:34:53.365 30345 30357 I art     : Starting a blocking GC Explicit
08-06 06:34:53.413 30345 30357 I art     : Explicit concurrent mark sweep GC freed 20(704B) AllocSpace objects, 0(0B) LOS objects, 29% free, 37MB/53MB, paused 483us total 48.261ms
08-06 06:34:53.432 30345 30357 I art     : Starting a blocking GC Explicit
08-06 06:34:53.479 30345 30357 I art     : Explicit concurrent mark sweep GC freed 3(96B) AllocSpace objects, 0(0B) LOS objects, 29% free, 37MB/53MB, paused 570us total 46.093ms
08-06 06:34:53.497 30345 30357 I art     : Starting a blocking GC Explicit
08-06 06:34:53.544 30345 30357 I art     : Explicit concurrent mark sweep GC freed 3(96B) AllocSpace objects, 0(0B) LOS objects, 29% free, 37MB/53MB, paused 555us total 47.568ms
08-06 06:34:53.563 30345 30357 I art     : Starting a blocking GC Explicit
08-06 06:34:53.611 30345 30357 I art     : Explicit concurrent mark sweep GC freed 3(96B) AllocSpace objects, 0(0B) LOS objects, 29% free, 37MB/53MB, paused 541us total 47.869ms
08-06 06:34:53.939 30345 31027 I art     : Starting a blocking GC Explicit
08-06 06:34:53.995  1945  1945 D AndroidRuntime: >>>>>> START com.android.internal.os.RuntimeInit uid 2000 <<<<<<
08-06 06:34:54.000 30345 31027 I art     : Explicit concurrent mark sweep GC freed 1354(82KB) AllocSpace objects, 1(20KB) LOS objects, 29% free, 37MB/53MB, paused 759us total 60.415ms
08-06 06:34:54.003  1945  1945 D AndroidRuntime: CheckJNI is OFF
08-06 06:34:54.020 30345 31027 I art     : Starting a blocking GC Explicit
08-06 06:34:54.050  1945  1945 D ICU     : No timezone override file found: /data/misc/zoneinfo/current/icu/icu_tzdata.dat
08-06 06:34:54.070 30345 31027 I art     : Explicit concurrent mark sweep GC freed 20(704B) AllocSpace objects, 0(0B) LOS objects, 29% free, 37MB/53MB, paused 547us total 50.130ms
08-06 06:34:54.089 30345 31027 I art     : Starting a blocking GC Explicit
08-06 06:34:54.100  1945  1945 I Radio-JNI: register_android_hardware_Radio DONE
08-06 06:34:54.128  1945  1945 D AndroidRuntime: Calling main entry com.android.commands.am.Am
08-06 06:34:54.139 30345 31027 I art     : Explicit concurrent mark sweep GC freed 3(96B) AllocSpace objects, 0(0B) LOS objects, 29% free, 37MB/53MB, paused 515us total 49.566ms
08-06 06:34:54.139  3167  3167 I Trepn   : Trepn 6.2s: Received intent: com.quicinc.trepn.stop_profiling
08-06 06:34:54.157 30345 31027 I art     : Starting a blocking GC Explicit
08-06 06:34:54.189  3167  3167 I Trepn   : Trepn 6.2s: Trepn has Stopped Profiling.
08-06 06:34:54.201 30345 31027 I art     : Explicit concurrent mark sweep GC freed 3(96B) AllocSpace objects, 0(0B) LOS objects, 29% free, 37MB/53MB, paused 513us total 43.781ms
08-06 06:34:54.219 30345 31027 I art     : Starting a blocking GC Explicit
08-06 06:34:54.267 30345 31027 I art     : Explicit concurrent mark sweep GC freed 3(96B) AllocSpace objects, 0(0B) LOS objects, 29% free, 37MB/53MB, paused 550us total 47.206ms
08-06 06:34:54.377  1945  1945 D AndroidRuntime: Shutting down VM
08-06 06:34:54.382   918  3714 W AppOps  : Finishing op nesting under-run: uid 10078 pkg com.quicinc.trepn code 24 time=0 duration=0 nesting=0
08-06 06:34:54.591 30345 32052 I art     : Starting a blocking GC Explicit
08-06 06:34:54.647 30345 32052 I art     : Explicit concurrent mark sweep GC freed 1354(82KB) AllocSpace objects, 1(20KB) LOS objects, 29% free, 37MB/53MB, paused 510us total 55.185ms
08-06 06:34:54.666 30345 32052 I art     : Starting a blocking GC Explicit
08-06 06:34:54.712 30345 32052 I art     : Explicit concurrent mark sweep GC freed 20(704B) AllocSpace objects, 0(0B) LOS objects, 29% free, 37MB/53MB, paused 496us total 46.502ms
08-06 06:34:54.731 30345 32052 I art     : Starting a blocking GC Explicit
08-06 06:34:54.777 30345 32052 I art     : Explicit concurrent mark sweep GC freed 3(96B) AllocSpace objects, 0(0B) LOS objects, 29% free, 37MB/53MB, paused 546us total 45.940ms
08-06 06:34:54.795 30345 32052 I art     : Starting a blocking GC Explicit
08-06 06:34:54.843 30345 32052 I art     : Explicit concurrent mark sweep GC freed 3(96B) AllocSpace objects, 0(0B) LOS objects, 29% free, 37MB/53MB, paused 510us total 47.399ms
08-06 06:34:54.861 30345 32052 I art     : Starting a blocking GC Explicit
08-06 06:34:54.908 30345 32052 I art     : Explicit concurrent mark sweep GC freed 3(96B) AllocSpace objects, 0(0B) LOS objects, 29% free, 37MB/53MB, paused 562us total 46.680ms
08-06 06:34:55.069 28232 28232 I ServiceManager: Waiting for service AtCmdFwd...
08-06 06:34:55.450 13866 13882 I PeriodicStatsRunner: PeriodicStatsRunner.call():175 call()
08-06 06:34:55.451 13866 13882 I PeriodicStatsRunner: PeriodicStatsRunner.call():179 No submit PeriodicStats since input started.
08-06 06:34:56.070 28232 28232 I ServiceManager: Waiting for service AtCmdFwd...
08-06 06:34:56.576   918  3261 D WifiStateMachine: starting scan for "H369AA63323"WPA_PSK with 2412,5180
08-06 06:34:56.873   518   646 I ThermalEngine: ACTION: GPU - Setting GPU[0] to 510000000
08-06 06:34:57.070 28232 28232 I ServiceManager: Waiting for service AtCmdFwd...
08-06 06:34:57.201 13866 13882 I PeriodicStatsRunner: PeriodicStatsRunner.call():175 call()
08-06 06:34:57.201 13866 13882 I PeriodicStatsRunner: PeriodicStatsRunner.call():179 No submit PeriodicStats since input started.
08-06 06:34:58.071 28232 28232 I ServiceManager: Waiting for service AtCmdFwd...
