--------- beginning of main
08-06 14:07:32.009   918  3247 I InputReader: Reconfiguring input devices.  changes=0x00000010
08-06 14:07:32.037  3784  3784 D CarrierServiceBindHelper: Receive action: android.intent.action.PACKAGE_REMOVED
08-06 14:07:32.056 24365 20392 I Fitness : FitCleanupIntentOperation received Intent android.intent.action.PACKAGE_REMOVED [CONTEXT service_id=17 ]
08-06 14:07:32.057 12162 12162 I Finsky  : [1] uah.a(18): PackageMonitorReceiverImpl - Received: android.intent.action.PACKAGE_REMOVED, [ocpw8ddNLhG67i_cxGNvtEQwqY1k5QNC_my-vN553D4]
08-06 14:07:32.058 12162 12162 I Finsky  : [1] ubi.d(9): Invalidating cached PackageState for baseline.org.quantumbadger.redreader
08-06 14:07:32.075  3784  3784 D CarrierServiceBindHelper: Receive action: android.intent.action.PACKAGE_ADDED
08-06 14:07:32.076  3784  3784 D CarrierServiceBindHelper: Receive action: android.intent.action.PACKAGE_REPLACED
08-06 14:07:32.076  3784  3784 D CarrierServiceBindHelper: mHandler: 3
08-06 14:07:32.076  3784  3784 D CarrierServiceBindHelper: mHandler: 3
08-06 14:07:32.076  3784  3784 D CarrierServiceBindHelper: mHandler: 3
08-06 14:07:32.076  3784  3784 D CarrierConfigLoader: mHandler: 9 phoneId: 0
08-06 14:07:32.088 12162 12162 I Finsky  : [1] lzi.c(2): Frosting ID looked up on UI thread. Caller should move to a background thread.
08-06 14:07:32.100 12162 12162 I Finsky  : [1] nqb.c(3): Installer: package baseline.org.quantumbadger.redreader was removed. replacing: true
08-06 14:07:32.101 12162 12162 I Finsky  : [1] nra.a(188): Installer: Notifying status update. package=baseline.org.quantumbadger.redreader, status=UNINSTALLED
08-06 14:07:32.112   918  6110 I AccountManagerService: getTypesVisibleToCaller: isPermitted? true
08-06 14:07:32.152 12162 12162 I Finsky  : [1] lzi.c(2): Frosting ID looked up on UI thread. Caller should move to a background thread.
08-06 14:07:32.169 12162 20413 I Finsky  : [6593] ejf.a(-1): Cancelled 0 ongoing asset module downloads for package baseline.org.quantumbadger.redreader due to a concurrent app update.
08-06 14:07:32.170 12162 12162 I Finsky  : [1] nra.a(220): Installer: found apps to install. isMultiUserMode=false, apps=[]
08-06 14:07:32.208 24577 20399 I Auth    : [SupervisedAccountIntentOperation] onHandleIntent(): android.intent.action.PACKAGE_ADDED
08-06 14:07:32.233 12162 12162 I Finsky  : [1] uah.a(18): PackageMonitorReceiverImpl - Received: android.intent.action.PACKAGE_ADDED, [ocpw8ddNLhG67i_cxGNvtEQwqY1k5QNC_my-vN553D4]
08-06 14:07:32.233 12162 12162 I Finsky  : [1] ubi.d(9): Invalidating cached PackageState for baseline.org.quantumbadger.redreader
08-06 14:07:32.237 12162 12269 I Finsky  : [6285] odj.b(52): IQ: Notifying installation update. package=baseline.org.quantumbadger.redreader, status=UNINSTALLED
08-06 14:07:32.240 12162 12162 I Finsky  : [1] lzi.c(2): Frosting ID looked up on UI thread. Caller should move to a background thread.
08-06 14:07:32.261 12162 12162 I Finsky  : [1] agsx.a(4): Do not start WearSupportService due to Wear service optimization
08-06 14:07:32.264 12162 20413 I Finsky  : [6593] ejc.a(-1): Asset module broadcast after update successful for package baseline.org.quantumbadger.redreader. 0 sessions broadcast.
08-06 14:07:32.264 12162 20402 I Finsky  : [6591] lyv.run(-1): Wrote row to frosting DB: 3358
08-06 14:07:32.274 12162 12162 I Finsky  : [1] lzi.c(2): Frosting ID looked up on UI thread. Caller should move to a background thread.
--------- beginning of system
08-06 14:07:32.308   918  3714 W ActivityManager: Unable to start service Intent { act=com.google.android.gms.auth.key.retrieval.service.START pkg=com.google.android.gms } U=0: not found
08-06 14:07:32.313 24577 20405 I ChromeSync: [Sync,SyncIntentOperation] Handling the intent: Intent { act=android.intent.action.PACKAGE_ADDED dat=package:baseline.org.quantumbadger.redreader flg=0x4000010 cmp=com.google.android.gms/.chimera.GmsIntentOperationService (has extras) }.
08-06 14:07:32.321   918   928 W ActivityManager: Unbind failed: could not find connection for android.os.BinderProxy@c4beb81
08-06 14:07:32.322 24577 24621 E GmsClient: unable to connect to service: com.google.android.gms.auth.key.retrieval.service.START on com.google.android.gms
08-06 14:07:32.324 12162 20412 I Finsky  : [6592] gzn.a(-1): [ContentSync] finished, scheduled=false
08-06 14:07:32.343 12162 12269 I Finsky  : [6285] odj.b(40): IQ: No matching installs to run for jobs: []
08-06 14:07:32.347 12162 20402 I Finsky  : [6591] lyv.run(-1): Wrote row to frosting DB: 3359
08-06 14:07:32.359 12162 20402 I Finsky  : [6591] lyv.run(-1): Wrote row to frosting DB: 3360
08-06 14:07:32.371 12162 20402 I Finsky  : [6591] lyv.run(-1): Wrote row to frosting DB: 3361
08-06 14:07:32.381   918  6029 I AccountManagerService: getTypesVisibleToCaller: isPermitted? true
08-06 14:07:32.408   918  3670 I AccountManagerService: getTypesVisibleToCaller: isPermitted? true
08-06 14:07:32.415 24577 20405 I ChromeSync: [Persistence,AffiliationManager] One of affiliation or grouping data for android://bz0hZa4nAJEtd0n5sRlXG7KAqctUMWVefv7Ki4mh1p6slZ9YO-n9gS9j8m9YCrsIyI2wIxrDHraumF9Y6pBLTA==@baseline.org.quantumbadger.redreader/ was not found. Marking affiliation data as stale...
08-06 14:07:32.441 24577 13316 I Icing   : IndexChimeraService.getServiceInterface callingPackage=com.google.android.gms componentName=AppsCorpus serviceId=36
08-06 14:07:32.483   918  4400 I AccountManagerService: getTypesVisibleToCaller: isPermitted? true
08-06 14:07:32.579 12162 12162 I Finsky  : [1] xmu.a(8): SCH: Jobs in database: 1-1337 3-225 3-226 12-1 24-77777777 26-1414141414 
08-06 14:07:32.582 12162 12162 I Finsky  : [1] xio.a(57): SCH: ConstraintMapping: 24-77777777,  -> L: 0ms, D: 25358345ms, C: false, I: true, N: 0
08-06 14:07:32.582 12162 12162 I Finsky  : [1] xio.a(57): SCH: ConstraintMapping: 1-1337, 12-1,  -> L: 14552ms, D: 28700331ms, C: false, I: false, N: 1
08-06 14:07:32.582 12162 12162 I Finsky  : [1] xio.a(57): SCH: ConstraintMapping: 3-225,  -> L: 0ms, D: 68484274ms, C: false, I: true, N: 2
08-06 14:07:32.583 12162 12162 I Finsky  : [1] xio.a(57): SCH: ConstraintMapping: 3-226,  -> L: 0ms, D: 68484318ms, C: true, I: true, N: 2
08-06 14:07:32.583 12162 12162 I Finsky  : [1] xio.a(57): SCH: ConstraintMapping: 26-1414141414,  -> L: 33481718ms, D: 34381718ms, C: false, I: false, N: 0
08-06 14:07:32.585 12162 20412 I Finsky  : [6592] gzn.a(-1): [ContentSync] finished, scheduled=true
08-06 14:07:32.599 12162 12162 I Finsky  : [1] xle.a(34): Cancelling existing jobscheduler jobs: 9011 9012 9005 9004 9000 9002 9006 9007 9010 9003 
08-06 14:07:32.599 20425 20425 D AndroidRuntime: >>>>>> START com.android.internal.os.RuntimeInit uid 2000 <<<<<<
08-06 14:07:32.599 12162 12162 I Finsky  : [1] xle.a(27): Scheduling job Id: 9001, L: 0, D: 25358345, C: false, I: true, N: 0
08-06 14:07:32.601 12162 12162 I Finsky  : [1] xle.a(27): Scheduling job Id: 9008, L: 14552, D: 28700331, C: false, I: false, N: 1
08-06 14:07:32.602 20425 20425 D AndroidRuntime: CheckJNI is OFF
08-06 14:07:32.603 12162 12162 I Finsky  : [1] xle.a(27): Scheduling job Id: 9009, L: 0, D: 68484274, C: false, I: true, N: 2
08-06 14:07:32.605 12162 12162 I Finsky  : [1] xle.a(27): Scheduling job Id: 9013, L: 0, D: 68484318, C: true, I: true, N: 2
08-06 14:07:32.607 12162 12162 I Finsky  : [1] xle.a(27): Scheduling job Id: 9014, L: 33481718, D: 34381718, C: false, I: false, N: 0
08-06 14:07:32.608 12162 12162 I Finsky  : [1] xle.a(27): Scheduling job Id: 9015, L: 0, D: 25358345, C: false, I: true, N: 0
08-06 14:07:32.610 24577 14322 W Icing   : No valid account for uploading user actions
08-06 14:07:32.611 12162 12162 I Finsky  : [1] xle.a(27): Scheduling job Id: 9016, L: 14552, D: 28700331, C: false, I: false, N: 1
08-06 14:07:32.613 12162 12162 I Finsky  : [1] xle.a(27): Scheduling job Id: 9017, L: 0, D: 68484274, C: false, I: true, N: 2
08-06 14:07:32.615 12162 12162 I Finsky  : [1] xle.a(27): Scheduling job Id: 9018, L: 0, D: 68484318, C: true, I: true, N: 2
08-06 14:07:32.617 12162 12162 I Finsky  : [1] xle.a(27): Scheduling job Id: 9019, L: 33481718, D: 34381718, C: false, I: false, N: 0
08-06 14:07:32.625 20425 20425 D ICU     : No timezone override file found: /data/misc/zoneinfo/current/icu/icu_tzdata.dat
08-06 14:07:32.651 20425 20425 I Radio-JNI: register_android_hardware_Radio DONE
08-06 14:07:32.652 24577 13294 I Icing   : IndexChimeraService.getServiceInterface callingPackage=com.google.android.gms componentName=null serviceId=30
08-06 14:07:32.666 20425 20425 D AndroidRuntime: Calling main entry com.android.commands.monkey.Monkey
08-06 14:07:32.681   918   931 W BroadcastQueue: Skipping deliver [background] BroadcastRecord{eaa280c u-1 android.net.conn.CONNECTIVITY_CHANGE} to ReceiverList{beee555 20425 (unknown name)/2000/u-1 remote:c5a5899}: process crashing
08-06 14:07:32.697   918  4413 I ActivityManager: START u0 {act=android.intent.action.MAIN cat=[android.intent.category.LAUNCHER] flg=0x10200000 cmp=baseline.org.quantumbadger.redreader/.activities.MainActivity} from uid 2000 on display 0
08-06 14:07:32.717 20441 20441 I art     : Late-enabling -Xcheck:jni
08-06 14:07:32.718   918  6111 I ActivityManager: Start proc 20441:baseline.org.quantumbadger.redreader/u0a705 for activity baseline.org.quantumbadger.redreader/.activities.MainActivity
08-06 14:07:32.731 20425 20425 I art     : System.exit called, status: 0
08-06 14:07:32.732 20425 20425 I AndroidRuntime: VM exiting with result code 0.
08-06 14:07:32.740 24577 14322 I Icing   : Usage reports ok 4, Failed Usage reports 0, indexed 0, rejected 0
08-06 14:07:32.743 24577 14322 W Icing   : No valid account for uploading user actions
08-06 14:07:32.777 20441 20441 W System  : ClassLoader referenced unknown path: /data/app/baseline.org.quantumbadger.redreader-2/lib/arm64
08-06 14:07:32.804 16458 28535 I PBSessionCacheImpl: Deleted sessionId[72384646105454640] from persistence.
08-06 14:07:32.805 20441 20441 I RedReader: Application created.
08-06 14:07:32.807 16458 16488 W SearchServiceCore: Abort, client detached.
08-06 14:07:32.807 16458 16488 I MicroDetectionState: Should stop hotword detection immediately - true
08-06 14:07:32.808 24577 14322 I Icing   : Usage reports ok 1, Failed Usage reports 0, indexed 0, rejected 0
08-06 14:07:32.809 24577 14322 I Icing   : Indexing com.google.android.gms-internal.3p:MobileApplication from com.google.android.gms using seqno 763
08-06 14:07:32.812 24577 14322 I Icing   : Indexing com.google.android.gms-internal.3p:MobileApplication from com.google.android.gms using seqno 763
08-06 14:07:32.814 20441 20441 I RedReader: Checking for new messages.
08-06 14:07:32.817 20441 20459 I RedditChangeDataIO: Running initial read...
08-06 14:07:32.820 20441 20459 I RedditChangeDataIO: Data file at '/data/user/0/baseline.org.quantumbadger.redreader/files/rr_change_data.dat'
08-06 14:07:32.820 20441 20459 I RedditChangeDataIO: Data file does not exist. Aborting read.
08-06 14:07:32.820 20441 20459 I RedditChangeDataManager: Pruning for all users...
08-06 14:07:32.821 20441 20459 I RedditChangeDataManager: Pruning complete.
08-06 14:07:32.836 24577 13294 I Icing   : IndexChimeraService.getServiceInterface callingPackage=com.google.android.gms componentName=null serviceId=36
08-06 14:07:32.841 24577 14322 W Icing   : No valid account for uploading user actions
08-06 14:07:32.856 24577 14322 I Icing   : Usage reports ok 0, Failed Usage reports 0, indexed 0, rejected 0
08-06 14:07:32.911 20441 20441 W art     : Before Android 4.1, method android.graphics.PorterDuffColorFilter androidx.vectordrawable.graphics.drawable.VectorDrawableCompat.updateTintFilter(android.graphics.PorterDuffColorFilter, android.content.res.ColorStateList, android.graphics.PorterDuff$Mode) would have incorrectly overridden the package-private method in android.graphics.drawable.Drawable
08-06 14:07:32.933 20441 20441 I art     : Rejecting re-init on previously-failed class java.lang.Class<androidx.core.view.ViewCompat$2>
08-06 14:07:32.934 20441 20441 I art     : Rejecting re-init on previously-failed class java.lang.Class<androidx.core.view.ViewCompat$2>
08-06 14:07:32.944 20441 20441 I AppCompatViewInflater: app:theme is now deprecated. Please move to using android:theme instead.
08-06 14:07:32.949 20441 20458 I CacheManager: Pruning 108 files
08-06 14:07:33.136 20441 20441 I RawObjectDB query string: CREATE TABLE objects(RawObjectDB_id TEXT PRIMARY KEY ON CONFLICT REPLACE,RawObjectDB_timestamp INTEGER,serialised TEXT)
08-06 14:07:33.195 20441 20441 I RawObjectDB query string: CREATE TABLE objects(RawObjectDB_id TEXT PRIMARY KEY ON CONFLICT REPLACE,RawObjectDB_timestamp INTEGER,serialised TEXT)
08-06 14:07:33.272 20441 20461 D OpenGLRenderer: Use EGL_SWAP_BEHAVIOR_PRESERVED: true
08-06 14:07:33.346 20441 20461 I Adreno  : QUALCOMM build                   : fcf4852, I1af360237c
08-06 14:07:33.346 20441 20461 I Adreno  : Build Date                       : 09/23/15
08-06 14:07:33.346 20441 20461 I Adreno  : OpenGL ES Shader Compiler Version: XE031.05.13.02
08-06 14:07:33.346 20441 20461 I Adreno  : Local Branch                     : mybranch14465806
08-06 14:07:33.346 20441 20461 I Adreno  : Remote Branch                    : quic/LA.BF64.1.2.9_v2
08-06 14:07:33.346 20441 20461 I Adreno  : Remote Branch                    : NONE
08-06 14:07:33.346 20441 20461 I Adreno  : Reconstruct Branch               : NOTHING
08-06 14:07:33.359 20441 20461 I OpenGLRenderer: Initialized EGL, version 1.4
08-06 14:07:33.704   918   936 I ActivityManager: Displayed baseline.org.quantumbadger.redreader/.activities.MainActivity: +1s1ms
08-06 14:07:33.746 24577 14322 I Icing   : Indexing com.google.android.gms-apps from com.google.android.gms
08-06 14:07:33.877 24577 14322 I Icing   : Indexing done com.google.android.gms-apps
08-06 14:07:34.334 20476 20476 D AndroidRuntime: >>>>>> START com.android.internal.os.RuntimeInit uid 2000 <<<<<<
08-06 14:07:34.342 20476 20476 D AndroidRuntime: CheckJNI is OFF
08-06 14:07:34.368 20476 20476 D ICU     : No timezone override file found: /data/misc/zoneinfo/current/icu/icu_tzdata.dat
08-06 14:07:34.399 20476 20476 I Radio-JNI: register_android_hardware_Radio DONE
08-06 14:07:34.415 20476 20476 D AndroidRuntime: Calling main entry com.android.commands.am.Am
08-06 14:07:34.426 14970 14970 I Trepn   : Trepn 6.2s: Received intent: com.quicinc.trepn.start_profiling
08-06 14:07:34.465   918  3188 I hubconnection: sensorhub said: 'set_bias 3: -5.7600, 0.0000, 0.0000'
08-06 14:07:34.571 14970 14970 W FileUtils: Failed to chmod(/storage/emulated/0/trepn/Trepn_2020.08.06_140734.db): android.system.ErrnoException: chmod failed: EPERM (Operation not permitted)
08-06 14:07:34.748 14970 14970 I Trepn   : Trepn 6.2s: Trepn has Started Profiling.
08-06 14:07:34.750 20476 20476 D AndroidRuntime: Shutting down VM
08-06 14:07:35.247 20441 20452 I art     : Starting a blocking GC Explicit
08-06 14:07:35.264 20441 20452 I art     : Explicit concurrent mark sweep GC freed 2562(207KB) AllocSpace objects, 0(0B) LOS objects, 40% free, 20MB/34MB, paused 124us total 16.504ms
08-06 14:07:35.275 20441 20452 I art     : Starting a blocking GC Explicit
08-06 14:07:35.285 20441 20452 I art     : Explicit concurrent mark sweep GC freed 141(6KB) AllocSpace objects, 0(0B) LOS objects, 40% free, 20MB/34MB, paused 109us total 9.821ms
08-06 14:07:35.293 20441 20452 I art     : Starting a blocking GC Explicit
08-06 14:07:35.303 20441 20452 I art     : Explicit concurrent mark sweep GC freed 3(96B) AllocSpace objects, 0(0B) LOS objects, 40% free, 20MB/34MB, paused 115us total 10.022ms
08-06 14:07:35.310 20441 20452 I art     : Starting a blocking GC Explicit
08-06 14:07:35.321 20441 20452 I art     : Explicit concurrent mark sweep GC freed 3(96B) AllocSpace objects, 0(0B) LOS objects, 40% free, 20MB/34MB, paused 114us total 10.108ms
08-06 14:07:35.328 20441 20452 I art     : Starting a blocking GC Explicit
08-06 14:07:35.339 20441 20452 I art     : Explicit concurrent mark sweep GC freed 3(96B) AllocSpace objects, 0(0B) LOS objects, 40% free, 20MB/34MB, paused 114us total 10.159ms
08-06 14:07:35.625 20441 20453 I art     : Starting a blocking GC Explicit
08-06 14:07:35.642 20441 20453 I art     : Explicit concurrent mark sweep GC freed 1336(78KB) AllocSpace objects, 1(20KB) LOS objects, 40% free, 20MB/34MB, paused 165us total 16.374ms
08-06 14:07:35.651 14376 14376 I ServiceManager: Waiting for service AtCmdFwd...
08-06 14:07:35.653 20441 20453 I art     : Starting a blocking GC Explicit
08-06 14:07:35.668 20441 20453 I art     : Explicit concurrent mark sweep GC freed 20(704B) AllocSpace objects, 0(0B) LOS objects, 40% free, 20MB/34MB, paused 145us total 13.809ms
08-06 14:07:35.679 20441 20453 I art     : Starting a blocking GC Explicit
08-06 14:07:35.690 20441 20453 I art     : Explicit concurrent mark sweep GC freed 3(96B) AllocSpace objects, 0(0B) LOS objects, 40% free, 20MB/34MB, paused 130us total 10.589ms
08-06 14:07:35.698 20441 20453 I art     : Starting a blocking GC Explicit
08-06 14:07:35.709 20441 20453 I art     : Explicit concurrent mark sweep GC freed 3(96B) AllocSpace objects, 0(0B) LOS objects, 40% free, 20MB/34MB, paused 106us total 10.442ms
08-06 14:07:35.716 20441 20453 I art     : Starting a blocking GC Explicit
08-06 14:07:35.726 20441 20453 I art     : Explicit concurrent mark sweep GC freed 3(96B) AllocSpace objects, 0(0B) LOS objects, 40% free, 20MB/34MB, paused 117us total 9.533ms
08-06 14:07:36.004 20441 20452 I art     : Starting a blocking GC Explicit
08-06 14:07:36.021 20441 20452 I art     : Explicit concurrent mark sweep GC freed 1333(78KB) AllocSpace objects, 1(20KB) LOS objects, 40% free, 20MB/34MB, paused 157us total 16.201ms
08-06 14:07:36.032 20441 20452 I art     : Starting a blocking GC Explicit
08-06 14:07:36.044 20441 20452 I art     : Explicit concurrent mark sweep GC freed 20(704B) AllocSpace objects, 0(0B) LOS objects, 40% free, 20MB/34MB, paused 123us total 11.527ms
08-06 14:07:36.052 20441 20452 I art     : Starting a blocking GC Explicit
08-06 14:07:36.063 20441 20452 I art     : Explicit concurrent mark sweep GC freed 3(96B) AllocSpace objects, 0(0B) LOS objects, 40% free, 20MB/34MB, paused 115us total 10.873ms
08-06 14:07:36.071 20441 20452 I art     : Starting a blocking GC Explicit
08-06 14:07:36.082 20441 20452 I art     : Explicit concurrent mark sweep GC freed 3(96B) AllocSpace objects, 0(0B) LOS objects, 40% free, 20MB/34MB, paused 105us total 10.320ms
08-06 14:07:36.090 20441 20452 I art     : Starting a blocking GC Explicit
08-06 14:07:36.101 20441 20452 I art     : Explicit concurrent mark sweep GC freed 3(96B) AllocSpace objects, 0(0B) LOS objects, 40% free, 20MB/34MB, paused 121us total 10.565ms
08-06 14:07:36.427 20441 20453 I art     : Starting a blocking GC Explicit
08-06 14:07:36.443 20441 20453 I art     : Explicit concurrent mark sweep GC freed 1333(78KB) AllocSpace objects, 1(20KB) LOS objects, 40% free, 20MB/34MB, paused 160us total 15.616ms
08-06 14:07:36.455 20441 20453 I art     : Starting a blocking GC Explicit
08-06 14:07:36.468 20441 20453 I art     : Explicit concurrent mark sweep GC freed 20(704B) AllocSpace objects, 0(0B) LOS objects, 40% free, 20MB/34MB, paused 117us total 12.850ms
08-06 14:07:36.476 20441 20453 I art     : Starting a blocking GC Explicit
08-06 14:07:36.486 20441 20453 I art     : Explicit concurrent mark sweep GC freed 3(96B) AllocSpace objects, 0(0B) LOS objects, 40% free, 20MB/34MB, paused 115us total 10.225ms
08-06 14:07:36.494 20441 20453 I art     : Starting a blocking GC Explicit
08-06 14:07:36.503 20441 20453 I art     : Explicit concurrent mark sweep GC freed 3(96B) AllocSpace objects, 0(0B) LOS objects, 40% free, 20MB/34MB, paused 110us total 9.583ms
08-06 14:07:36.511 20441 20453 I art     : Starting a blocking GC Explicit
08-06 14:07:36.520 20441 20453 I art     : Explicit concurrent mark sweep GC freed 3(96B) AllocSpace objects, 0(0B) LOS objects, 40% free, 20MB/34MB, paused 111us total 9.541ms
08-06 14:07:36.652 14376 14376 I ServiceManager: Waiting for service AtCmdFwd...
08-06 14:07:36.841 20441 20452 I art     : Starting a blocking GC Explicit
08-06 14:07:36.858 20441 20452 I art     : Explicit concurrent mark sweep GC freed 1333(78KB) AllocSpace objects, 1(20KB) LOS objects, 40% free, 20MB/34MB, paused 165us total 16.634ms
08-06 14:07:36.871 20441 20452 I art     : Starting a blocking GC Explicit
08-06 14:07:36.884 20441 20452 I art     : Explicit concurrent mark sweep GC freed 20(704B) AllocSpace objects, 0(0B) LOS objects, 40% free, 20MB/34MB, paused 132us total 13.584ms
08-06 14:07:36.897 20441 20452 I art     : Starting a blocking GC Explicit
08-06 14:07:36.907 20441 20452 I art     : Explicit concurrent mark sweep GC freed 3(96B) AllocSpace objects, 0(0B) LOS objects, 40% free, 20MB/34MB, paused 116us total 10.414ms
08-06 14:07:36.915 20441 20452 I art     : Starting a blocking GC Explicit
08-06 14:07:36.926 20441 20452 I art     : Explicit concurrent mark sweep GC freed 3(96B) AllocSpace objects, 0(0B) LOS objects, 40% free, 20MB/34MB, paused 117us total 10.438ms
08-06 14:07:36.934 20441 20452 I art     : Starting a blocking GC Explicit
08-06 14:07:36.945 20441 20452 I art     : Explicit concurrent mark sweep GC freed 3(96B) AllocSpace objects, 0(0B) LOS objects, 40% free, 20MB/34MB, paused 118us total 10.661ms
08-06 14:07:37.238 20441 20453 I art     : Starting a blocking GC Explicit
08-06 14:07:37.254 20441 20453 I art     : Explicit concurrent mark sweep GC freed 1334(78KB) AllocSpace objects, 1(20KB) LOS objects, 40% free, 20MB/34MB, paused 153us total 15.658ms
08-06 14:07:37.263 20441 20453 I art     : Starting a blocking GC Explicit
08-06 14:07:37.274 20441 20453 I art     : Explicit concurrent mark sweep GC freed 20(704B) AllocSpace objects, 0(0B) LOS objects, 40% free, 20MB/34MB, paused 130us total 11.268ms
08-06 14:07:37.283 20441 20453 I art     : Starting a blocking GC Explicit
08-06 14:07:37.293 20441 20453 I art     : Explicit concurrent mark sweep GC freed 3(96B) AllocSpace objects, 0(0B) LOS objects, 40% free, 20MB/34MB, paused 116us total 10.041ms
08-06 14:07:37.301 20441 20453 I art     : Starting a blocking GC Explicit
08-06 14:07:37.312 20441 20453 I art     : Explicit concurrent mark sweep GC freed 3(96B) AllocSpace objects, 0(0B) LOS objects, 40% free, 20MB/34MB, paused 118us total 10.456ms
08-06 14:07:37.320 20441 20453 I art     : Starting a blocking GC Explicit
08-06 14:07:37.330 20441 20453 I art     : Explicit concurrent mark sweep GC freed 3(96B) AllocSpace objects, 0(0B) LOS objects, 40% free, 20MB/34MB, paused 123us total 10.321ms
08-06 14:07:37.627 20441 20452 I art     : Starting a blocking GC Explicit
08-06 14:07:37.642 20441 20452 I art     : Explicit concurrent mark sweep GC freed 1334(78KB) AllocSpace objects, 1(20KB) LOS objects, 40% free, 20MB/34MB, paused 172us total 14.915ms
08-06 14:07:37.653 14376 14376 I ServiceManager: Waiting for service AtCmdFwd...
08-06 14:07:37.655 20441 20452 I art     : Starting a blocking GC Explicit
08-06 14:07:37.667 20441 20452 I art     : Explicit concurrent mark sweep GC freed 20(704B) AllocSpace objects, 0(0B) LOS objects, 40% free, 20MB/34MB, paused 248us total 11.402ms
08-06 14:07:37.675 20441 20452 I art     : Starting a blocking GC Explicit
08-06 14:07:37.686 20441 20452 I art     : Explicit concurrent mark sweep GC freed 3(96B) AllocSpace objects, 0(0B) LOS objects, 40% free, 20MB/34MB, paused 114us total 10.617ms
08-06 14:07:37.694 20441 20452 I art     : Starting a blocking GC Explicit
08-06 14:07:37.705 20441 20452 I art     : Explicit concurrent mark sweep GC freed 3(96B) AllocSpace objects, 0(0B) LOS objects, 40% free, 20MB/34MB, paused 122us total 10.634ms
08-06 14:07:37.713 20441 20452 I art     : Starting a blocking GC Explicit
08-06 14:07:37.723 20441 20452 I art     : Explicit concurrent mark sweep GC freed 3(96B) AllocSpace objects, 0(0B) LOS objects, 40% free, 20MB/34MB, paused 117us total 10.685ms
08-06 14:07:38.027 20441 20453 I art     : Starting a blocking GC Explicit
08-06 14:07:38.042 20441 20453 I art     : Explicit concurrent mark sweep GC freed 1333(78KB) AllocSpace objects, 1(20KB) LOS objects, 40% free, 20MB/34MB, paused 170us total 14.006ms
08-06 14:07:38.053 20441 20453 I art     : Starting a blocking GC Explicit
08-06 14:07:38.068 20441 20453 I art     : Explicit concurrent mark sweep GC freed 20(704B) AllocSpace objects, 0(0B) LOS objects, 40% free, 20MB/34MB, paused 122us total 13.939ms
08-06 14:07:38.076 20441 20453 I art     : Starting a blocking GC Explicit
08-06 14:07:38.087 20441 20453 I art     : Explicit concurrent mark sweep GC freed 3(96B) AllocSpace objects, 0(0B) LOS objects, 40% free, 20MB/34MB, paused 149us total 10.860ms
08-06 14:07:38.095 20441 20453 I art     : Starting a blocking GC Explicit
08-06 14:07:38.106 20441 20453 I art     : Explicit concurrent mark sweep GC freed 3(96B) AllocSpace objects, 0(0B) LOS objects, 40% free, 20MB/34MB, paused 122us total 10.960ms
08-06 14:07:38.115 20441 20453 I art     : Starting a blocking GC Explicit
08-06 14:07:38.125 20441 20453 I art     : Explicit concurrent mark sweep GC freed 3(96B) AllocSpace objects, 0(0B) LOS objects, 40% free, 20MB/34MB, paused 118us total 10.227ms
08-06 14:07:38.435 20441 20452 I art     : Starting a blocking GC Explicit
08-06 14:07:38.449 20441 20452 I art     : Explicit concurrent mark sweep GC freed 1333(78KB) AllocSpace objects, 1(20KB) LOS objects, 40% free, 20MB/34MB, paused 119us total 13.344ms
08-06 14:07:38.461 20441 20452 I art     : Starting a blocking GC Explicit
08-06 14:07:38.473 20441 20452 I art     : Explicit concurrent mark sweep GC freed 20(704B) AllocSpace objects, 0(0B) LOS objects, 40% free, 20MB/34MB, paused 124us total 12.415ms
08-06 14:07:38.482 20441 20452 I art     : Starting a blocking GC Explicit
08-06 14:07:38.492 20441 20452 I art     : Explicit concurrent mark sweep GC freed 3(96B) AllocSpace objects, 0(0B) LOS objects, 40% free, 20MB/34MB, paused 116us total 10.644ms
08-06 14:07:38.501 20441 20452 I art     : Starting a blocking GC Explicit
08-06 14:07:38.512 20441 20452 I art     : Explicit concurrent mark sweep GC freed 3(96B) AllocSpace objects, 0(0B) LOS objects, 40% free, 20MB/34MB, paused 123us total 10.777ms
08-06 14:07:38.512 20441 20451 I art     : WaitForGcToComplete blocked for 11.016ms for cause HeapTrim
08-06 14:07:38.520 20441 20452 I art     : Starting a blocking GC Explicit
08-06 14:07:38.531 20441 20452 I art     : Explicit concurrent mark sweep GC freed 3(96B) AllocSpace objects, 0(0B) LOS objects, 40% free, 20MB/34MB, paused 113us total 10.448ms
08-06 14:07:38.653 14376 14376 I ServiceManager: Waiting for service AtCmdFwd...
08-06 14:07:38.816 20441 20453 I art     : Starting a blocking GC Explicit
08-06 14:07:38.827 20441 20453 I art     : Explicit concurrent mark sweep GC freed 1333(78KB) AllocSpace objects, 1(20KB) LOS objects, 40% free, 20MB/34MB, paused 113us total 11.036ms
08-06 14:07:38.835 20441 20453 I art     : Starting a blocking GC Explicit
08-06 14:07:38.844 20441 20453 I art     : Explicit concurrent mark sweep GC freed 20(704B) AllocSpace objects, 0(0B) LOS objects, 40% free, 20MB/34MB, paused 109us total 9.316ms
08-06 14:07:38.852 20441 20453 I art     : Starting a blocking GC Explicit
08-06 14:07:38.861 20441 20453 I art     : Explicit concurrent mark sweep GC freed 3(96B) AllocSpace objects, 0(0B) LOS objects, 40% free, 20MB/34MB, paused 102us total 8.883ms
08-06 14:07:38.868 20441 20453 I art     : Starting a blocking GC Explicit
08-06 14:07:38.877 20441 20453 I art     : Explicit concurrent mark sweep GC freed 3(96B) AllocSpace objects, 0(0B) LOS objects, 40% free, 20MB/34MB, paused 103us total 8.911ms
08-06 14:07:38.884 20441 20453 I art     : Starting a blocking GC Explicit
08-06 14:07:38.893 20441 20453 I art     : Explicit concurrent mark sweep GC freed 3(96B) AllocSpace objects, 0(0B) LOS objects, 40% free, 20MB/34MB, paused 104us total 8.843ms
08-06 14:07:39.218 20441 20452 I art     : Starting a blocking GC Explicit
08-06 14:07:39.239 20441 20452 I art     : Explicit concurrent mark sweep GC freed 1333(78KB) AllocSpace objects, 1(20KB) LOS objects, 40% free, 20MB/34MB, paused 173us total 21.122ms
08-06 14:07:39.253 20441 20452 I art     : Starting a blocking GC Explicit
08-06 14:07:39.266 20441 20452 I art     : Explicit concurrent mark sweep GC freed 20(704B) AllocSpace objects, 0(0B) LOS objects, 40% free, 20MB/34MB, paused 138us total 12.594ms
08-06 14:07:39.275 20441 20452 I art     : Starting a blocking GC Explicit
08-06 14:07:39.286 20441 20452 I art     : Explicit concurrent mark sweep GC freed 3(96B) AllocSpace objects, 0(0B) LOS objects, 40% free, 20MB/34MB, paused 123us total 11.241ms
08-06 14:07:39.294 20441 20452 I art     : Starting a blocking GC Explicit
08-06 14:07:39.305 20441 20452 I art     : Explicit concurrent mark sweep GC freed 3(96B) AllocSpace objects, 0(0B) LOS objects, 40% free, 20MB/34MB, paused 104us total 10.722ms
08-06 14:07:39.313 20441 20452 I art     : Starting a blocking GC Explicit
08-06 14:07:39.324 20441 20452 I art     : Explicit concurrent mark sweep GC freed 3(96B) AllocSpace objects, 0(0B) LOS objects, 40% free, 20MB/34MB, paused 108us total 10.526ms
08-06 14:07:39.617 20441 20453 I art     : Starting a blocking GC Explicit
08-06 14:07:39.631 20441 20453 I art     : Explicit concurrent mark sweep GC freed 1333(78KB) AllocSpace objects, 1(20KB) LOS objects, 40% free, 20MB/34MB, paused 173us total 13.916ms
08-06 14:07:39.641 20441 20453 I art     : Starting a blocking GC Explicit
08-06 14:07:39.653 20441 20453 I art     : Explicit concurrent mark sweep GC freed 20(704B) AllocSpace objects, 0(0B) LOS objects, 40% free, 20MB/34MB, paused 118us total 11.792ms
08-06 14:07:39.654 14376 14376 I ServiceManager: Waiting for service AtCmdFwd...
08-06 14:07:39.661 20441 20453 I art     : Starting a blocking GC Explicit
08-06 14:07:39.672 20441 20453 I art     : Explicit concurrent mark sweep GC freed 3(96B) AllocSpace objects, 0(0B) LOS objects, 40% free, 20MB/34MB, paused 134us total 10.643ms
08-06 14:07:39.680 20441 20453 I art     : Starting a blocking GC Explicit
08-06 14:07:39.691 20441 20453 I art     : Explicit concurrent mark sweep GC freed 3(96B) AllocSpace objects, 0(0B) LOS objects, 40% free, 20MB/34MB, paused 122us total 10.625ms
08-06 14:07:39.698 20441 20453 I art     : Starting a blocking GC Explicit
08-06 14:07:39.708 20441 20453 I art     : Explicit concurrent mark sweep GC freed 3(96B) AllocSpace objects, 0(0B) LOS objects, 40% free, 20MB/34MB, paused 131us total 9.638ms
08-06 14:07:39.954 20441 20452 I art     : Starting a blocking GC Explicit
08-06 14:07:39.965 20441 20452 I art     : Explicit concurrent mark sweep GC freed 1333(78KB) AllocSpace objects, 1(20KB) LOS objects, 40% free, 20MB/34MB, paused 117us total 10.987ms
08-06 14:07:39.973 20441 20452 I art     : Starting a blocking GC Explicit
08-06 14:07:39.984 20441 20452 I art     : Explicit concurrent mark sweep GC freed 20(704B) AllocSpace objects, 0(0B) LOS objects, 40% free, 20MB/34MB, paused 123us total 10.626ms
08-06 14:07:39.992 20441 20452 I art     : Starting a blocking GC Explicit
08-06 14:07:40.002 20441 20452 I art     : Explicit concurrent mark sweep GC freed 3(96B) AllocSpace objects, 0(0B) LOS objects, 40% free, 20MB/34MB, paused 123us total 10.053ms
08-06 14:07:40.010 20441 20452 I art     : Starting a blocking GC Explicit
08-06 14:07:40.020 20441 20452 I art     : Explicit concurrent mark sweep GC freed 3(96B) AllocSpace objects, 0(0B) LOS objects, 40% free, 20MB/34MB, paused 115us total 10.187ms
08-06 14:07:40.028 20441 20452 I art     : Starting a blocking GC Explicit
08-06 14:07:40.038 20441 20452 I art     : Explicit concurrent mark sweep GC freed 3(96B) AllocSpace objects, 0(0B) LOS objects, 40% free, 20MB/34MB, paused 108us total 9.996ms
08-06 14:07:40.102 20649 20649 D AndroidRuntime: >>>>>> START com.android.internal.os.RuntimeInit uid 2000 <<<<<<
08-06 14:07:40.106 20649 20649 D AndroidRuntime: CheckJNI is OFF
08-06 14:07:40.134 20649 20649 D ICU     : No timezone override file found: /data/misc/zoneinfo/current/icu/icu_tzdata.dat
08-06 14:07:40.165 20649 20649 I Radio-JNI: register_android_hardware_Radio DONE
08-06 14:07:40.182 20649 20649 D AndroidRuntime: Calling main entry com.android.commands.input.Input
08-06 14:07:40.184 20649 20649 I Input   : injectMotionEvent: MotionEvent { action=ACTION_DOWN, actionButton=0, id[0]=0, x[0]=720.0, y[0]=1440.0, toolType[0]=TOOL_TYPE_UNKNOWN, buttonState=0, metaState=0, flags=0x0, edgeFlags=0x0, pointerCount=1, historySize=0, eventTime=886076597, downTime=886076597, deviceId=0, source=0x1002 }
08-06 14:07:40.193 20649 20649 I Input   : injectMotionEvent: MotionEvent { action=ACTION_UP, actionButton=0, id[0]=0, x[0]=720.0, y[0]=1440.0, toolType[0]=TOOL_TYPE_UNKNOWN, buttonState=0, metaState=0, flags=0x0, edgeFlags=0x0, pointerCount=1, historySize=0, eventTime=886076597, downTime=886076597, deviceId=0, source=0x1002 }
08-06 14:07:40.194 20649 20649 D AndroidRuntime: Shutting down VM
08-06 14:07:40.199   512  2967 D audio_hw_primary: out_set_parameters: enter: usecase(1: low-latency-playback) kvpairs: routing=2
08-06 14:07:40.209 13866 13866 I GoogleInputMethodServic: GoogleInputMethodService.onFinishInput():3138 
08-06 14:07:40.212 13866 13866 I GoogleInputMethodServic: GoogleInputMethodService.onStartInput():1808 
08-06 14:07:40.213   512  2967 D audio_hw_primary: select_devices: out_snd_device(2: speaker) in_snd_device(0: none)
08-06 14:07:40.213   512  2967 D msm8974_platform: platform_send_audio_calibration: sending audio calibration for snd_device(2) acdb_id(15)
08-06 14:07:40.213   512  2967 I soundtrigger: audio_extn_sound_trigger_update_device_status: device 0x2 of type 0 for Event 1
08-06 14:07:40.222   512  2967 D audio_hw_primary: enable_snd_device: snd_device(2: speaker)
08-06 14:07:40.224   512  2967 D audio_hw_primary: enable_audio_route: apply and update mixer path: low-latency-playback speaker
08-06 14:07:40.274 20441 20453 I art     : Starting a blocking GC Explicit
08-06 14:07:40.285 20441 20453 I art     : Explicit concurrent mark sweep GC freed 1448(82KB) AllocSpace objects, 1(20KB) LOS objects, 40% free, 20MB/34MB, paused 114us total 10.406ms
08-06 14:07:40.293 20441 20453 I art     : Starting a blocking GC Explicit
08-06 14:07:40.304 20441 20453 I art     : Explicit concurrent mark sweep GC freed 991(69KB) AllocSpace objects, 1(76KB) LOS objects, 40% free, 20MB/34MB, paused 124us total 10.123ms
08-06 14:07:40.312 20441 20453 I art     : Starting a blocking GC Explicit
08-06 14:07:40.325 20441 20453 I art     : Explicit concurrent mark sweep GC freed 3(96B) AllocSpace objects, 0(0B) LOS objects, 40% free, 20MB/34MB, paused 161us total 12.104ms
08-06 14:07:40.334 20441 20453 I art     : Starting a blocking GC Explicit
08-06 14:07:40.347 20441 20453 I art     : Explicit concurrent mark sweep GC freed 3(96B) AllocSpace objects, 0(0B) LOS objects, 40% free, 20MB/34MB, paused 140us total 12.822ms
08-06 14:07:40.356 20441 20453 I art     : Starting a blocking GC Explicit
08-06 14:07:40.368 20441 20453 I art     : Explicit concurrent mark sweep GC freed 3(96B) AllocSpace objects, 0(0B) LOS objects, 40% free, 20MB/34MB, paused 123us total 11.240ms
08-06 14:07:40.390   380   380 W SurfaceFlinger: couldn't log to binary event log: overflow.
08-06 14:07:40.586 20441 20452 I art     : Starting a blocking GC Explicit
08-06 14:07:40.597 20441 20452 I art     : Explicit concurrent mark sweep GC freed 1333(78KB) AllocSpace objects, 1(20KB) LOS objects, 40% free, 20MB/34MB, paused 127us total 10.849ms
08-06 14:07:40.605 20441 20452 I art     : Starting a blocking GC Explicit
08-06 14:07:40.616 20441 20452 I art     : Explicit concurrent mark sweep GC freed 20(704B) AllocSpace objects, 0(0B) LOS objects, 40% free, 20MB/34MB, paused 121us total 10.726ms
08-06 14:07:40.624 20441 20452 I art     : Starting a blocking GC Explicit
08-06 14:07:40.635 20441 20452 I art     : Explicit concurrent mark sweep GC freed 3(96B) AllocSpace objects, 0(0B) LOS objects, 40% free, 20MB/34MB, paused 130us total 10.461ms
08-06 14:07:40.643 20441 20452 I art     : Starting a blocking GC Explicit
08-06 14:07:40.654 20441 20452 I art     : Explicit concurrent mark sweep GC freed 3(96B) AllocSpace objects, 0(0B) LOS objects, 40% free, 20MB/34MB, paused 123us total 10.763ms
08-06 14:07:40.654 14376 14376 W Atfwd_Sendcmd: AtCmdFwd service not published, waiting... retryCnt : 2
08-06 14:07:40.662 20441 20452 I art     : Starting a blocking GC Explicit
08-06 14:07:40.672 20441 20452 I art     : Explicit concurrent mark sweep GC freed 3(96B) AllocSpace objects, 0(0B) LOS objects, 40% free, 20MB/34MB, paused 118us total 9.663ms
08-06 14:07:40.751 20686 20686 D AndroidRuntime: >>>>>> START com.android.internal.os.RuntimeInit uid 2000 <<<<<<
08-06 14:07:40.755 20686 20686 D AndroidRuntime: CheckJNI is OFF
08-06 14:07:40.769   512  2967 D audio_hw_primary: disable_audio_route: reset and update mixer path: low-latency-playback speaker
08-06 14:07:40.770   512  2967 D audio_hw_primary: disable_snd_device: snd_device(2: speaker)
08-06 14:07:40.778   512  2967 I soundtrigger: audio_extn_sound_trigger_update_device_status: device 0x2 of type 0 for Event 0
08-06 14:07:40.786 20686 20686 D ICU     : No timezone override file found: /data/misc/zoneinfo/current/icu/icu_tzdata.dat
08-06 14:07:40.814 20686 20686 I Radio-JNI: register_android_hardware_Radio DONE
08-06 14:07:40.830 20686 20686 D AndroidRuntime: Calling main entry com.android.commands.input.Input
08-06 14:07:40.831 20686 20686 I Input   : injectMotionEvent: MotionEvent { action=ACTION_DOWN, actionButton=0, id[0]=0, x[0]=1345.0, y[0]=165.0, toolType[0]=TOOL_TYPE_UNKNOWN, buttonState=0, metaState=0, flags=0x0, edgeFlags=0x0, pointerCount=1, historySize=0, eventTime=886077244, downTime=886077244, deviceId=0, source=0x1002 }
08-06 14:07:40.836 20686 20686 I Input   : injectMotionEvent: MotionEvent { action=ACTION_UP, actionButton=0, id[0]=0, x[0]=1345.0, y[0]=165.0, toolType[0]=TOOL_TYPE_UNKNOWN, buttonState=0, metaState=0, flags=0x0, edgeFlags=0x0, pointerCount=1, historySize=0, eventTime=886077244, downTime=886077244, deviceId=0, source=0x1002 }
08-06 14:07:40.838 20686 20686 D AndroidRuntime: Shutting down VM
08-06 14:07:40.843   512  2967 D audio_hw_primary: out_set_parameters: enter: usecase(1: low-latency-playback) kvpairs: routing=2
08-06 14:07:40.844 20441 20441 W art     : Before Android 4.1, method int androidx.appcompat.widget.DropDownListView.lookForSelectablePosition(int, boolean) would have incorrectly overridden the package-private method in android.widget.ListView
08-06 14:07:40.849 20441 20441 W art     : Before Android 4.1, method int androidx.appcompat.widget.MenuPopupWindow$MenuDropDownListView.lookForSelectablePosition(int, boolean) would have incorrectly overridden the package-private method in android.widget.ListView
08-06 14:07:40.851 20441 20441 I ListPopupWindow: Could not find method setEpicenterBounds(Rect) on PopupWindow. Oh well.
08-06 14:07:40.856   512  2967 D audio_hw_primary: select_devices: out_snd_device(2: speaker) in_snd_device(0: none)
08-06 14:07:40.856   512  2967 D msm8974_platform: platform_send_audio_calibration: sending audio calibration for snd_device(2) acdb_id(15)
08-06 14:07:40.856   512  2967 I soundtrigger: audio_extn_sound_trigger_update_device_status: device 0x2 of type 0 for Event 1
08-06 14:07:40.868   512  2967 D audio_hw_primary: enable_snd_device: snd_device(2: speaker)
08-06 14:07:40.870   512  2967 D audio_hw_primary: enable_audio_route: apply and update mixer path: low-latency-playback speaker
08-06 14:07:40.912   512  2967 D AudioFlinger: mixer(0xf4740000) throttle end: throttle time(12)
08-06 14:07:40.917 20441 20677 I art     : Starting a blocking GC Explicit
08-06 14:07:40.928 20441 20677 I art     : Explicit concurrent mark sweep GC freed 2125(221KB) AllocSpace objects, 1(20KB) LOS objects, 40% free, 20MB/34MB, paused 144us total 10.945ms
08-06 14:07:40.937 20441 20677 I art     : Starting a blocking GC Explicit
08-06 14:07:40.948 20441 20677 I art     : Explicit concurrent mark sweep GC freed 456(22KB) AllocSpace objects, 0(0B) LOS objects, 40% free, 20MB/34MB, paused 202us total 10.978ms
08-06 14:07:40.956 20441 20677 I art     : Starting a blocking GC Explicit
08-06 14:07:40.966 20441 20677 I art     : Explicit concurrent mark sweep GC freed 556(39KB) AllocSpace objects, 0(0B) LOS objects, 40% free, 20MB/34MB, paused 215us total 10.617ms
08-06 14:07:40.976 20441 20677 I art     : Starting a blocking GC Explicit
08-06 14:07:40.987 20441 20677 I art     : Explicit concurrent mark sweep GC freed 22(880B) AllocSpace objects, 0(0B) LOS objects, 40% free, 20MB/34MB, paused 131us total 10.476ms
08-06 14:07:40.995 20441 20677 I art     : Starting a blocking GC Explicit
08-06 14:07:41.005 20441 20677 I art     : Explicit concurrent mark sweep GC freed 3(96B) AllocSpace objects, 0(0B) LOS objects, 40% free, 20MB/34MB, paused 115us total 10.005ms
08-06 14:07:41.238 20441 20452 I art     : Starting a blocking GC Explicit
08-06 14:07:41.249 20441 20452 I art     : Explicit concurrent mark sweep GC freed 1653(92KB) AllocSpace objects, 1(20KB) LOS objects, 40% free, 20MB/34MB, paused 123us total 10.270ms
08-06 14:07:41.256 20441 20452 I art     : Starting a blocking GC Explicit
08-06 14:07:41.260   518   646 I ThermalEngine: ACTION: GPU - Setting GPU[0] to 510000000
08-06 14:07:41.269 20441 20452 I art     : Explicit concurrent mark sweep GC freed 30(1104B) AllocSpace objects, 0(0B) LOS objects, 40% free, 20MB/34MB, paused 170us total 12.470ms
08-06 14:07:41.279 20441 20452 I art     : Starting a blocking GC Explicit
08-06 14:07:41.293 20441 20452 I art     : Explicit concurrent mark sweep GC freed 3(96B) AllocSpace objects, 0(0B) LOS objects, 40% free, 20MB/34MB, paused 149us total 13.631ms
08-06 14:07:41.303 20441 20452 I art     : Starting a blocking GC Explicit
08-06 14:07:41.316 20441 20452 I art     : Explicit concurrent mark sweep GC freed 5(192B) AllocSpace objects, 0(0B) LOS objects, 40% free, 20MB/34MB, paused 157us total 12.979ms
08-06 14:07:41.326 20441 20452 I art     : Starting a blocking GC Explicit
08-06 14:07:41.339 20441 20452 I art     : Explicit concurrent mark sweep GC freed 5(160B) AllocSpace objects, 0(0B) LOS objects, 40% free, 20MB/34MB, paused 152us total 12.296ms
08-06 14:07:41.398   512  2967 D audio_hw_primary: disable_audio_route: reset and update mixer path: low-latency-playback speaker
08-06 14:07:41.399   512  2967 D audio_hw_primary: disable_snd_device: snd_device(2: speaker)
08-06 14:07:41.404 20719 20719 D AndroidRuntime: >>>>>> START com.android.internal.os.RuntimeInit uid 2000 <<<<<<
08-06 14:07:41.408   512  2967 I soundtrigger: audio_extn_sound_trigger_update_device_status: device 0x2 of type 0 for Event 0
08-06 14:07:41.409 20719 20719 D AndroidRuntime: CheckJNI is OFF
08-06 14:07:41.441 20719 20719 D ICU     : No timezone override file found: /data/misc/zoneinfo/current/icu/icu_tzdata.dat
08-06 14:07:41.473 20719 20719 I Radio-JNI: register_android_hardware_Radio DONE
08-06 14:07:41.493 20719 20719 D AndroidRuntime: Calling main entry com.android.commands.input.Input
08-06 14:07:41.495 20719 20719 I Input   : injectMotionEvent: MotionEvent { action=ACTION_DOWN, actionButton=0, id[0]=0, x[0]=940.0, y[0]=501.0, toolType[0]=TOOL_TYPE_UNKNOWN, buttonState=0, metaState=0, flags=0x0, edgeFlags=0x0, pointerCount=1, historySize=0, eventTime=886077908, downTime=886077908, deviceId=0, source=0x1002 }
08-06 14:07:41.500 20719 20719 I Input   : injectMotionEvent: MotionEvent { action=ACTION_UP, actionButton=0, id[0]=0, x[0]=940.0, y[0]=501.0, toolType[0]=TOOL_TYPE_UNKNOWN, buttonState=0, metaState=0, flags=0x0, edgeFlags=0x0, pointerCount=1, historySize=0, eventTime=886077908, downTime=886077908, deviceId=0, source=0x1002 }
08-06 14:07:41.502 20719 20719 D AndroidRuntime: Shutting down VM
08-06 14:07:41.568   512  2967 D audio_hw_primary: out_set_parameters: enter: usecase(1: low-latency-playback) kvpairs: routing=2
08-06 14:07:41.569   918  5132 I ActivityManager: START u0 {cmp=baseline.org.quantumbadger.redreader/.settings.SettingsActivity} from uid 10705 on display 0
08-06 14:07:41.581   512  2967 D audio_hw_primary: select_devices: out_snd_device(2: speaker) in_snd_device(0: none)
08-06 14:07:41.581   512  2967 D msm8974_platform: platform_send_audio_calibration: sending audio calibration for snd_device(2) acdb_id(15)
08-06 14:07:41.581 13866 13866 I GoogleInputMethodServic: GoogleInputMethodService.onFinishInput():3138 
08-06 14:07:41.581   512  2967 I soundtrigger: audio_extn_sound_trigger_update_device_status: device 0x2 of type 0 for Event 1
08-06 14:07:41.582 13866 13866 I GoogleInputMethodServic: GoogleInputMethodService.onStartInput():1808 
08-06 14:07:41.591   512  2967 D audio_hw_primary: enable_snd_device: snd_device(2: speaker)
08-06 14:07:41.594   512  2967 D audio_hw_primary: enable_audio_route: apply and update mixer path: low-latency-playback speaker
08-06 14:07:41.598 20441 20452 I art     : Starting a blocking GC Explicit
08-06 14:07:41.613 20441 20452 I art     : Explicit concurrent mark sweep GC freed 2066(176KB) AllocSpace objects, 1(20KB) LOS objects, 40% free, 21MB/35MB, paused 418us total 13.995ms
08-06 14:07:41.623 20441 20452 I art     : Starting a blocking GC Explicit
08-06 14:07:41.636   512  2967 D AudioFlinger: mixer(0xf4740000) throttle end: throttle time(12)
08-06 14:07:41.638 20441 20452 I art     : Explicit concurrent mark sweep GC freed 521(74KB) AllocSpace objects, 0(0B) LOS objects, 40% free, 21MB/35MB, paused 311us total 14.867ms
08-06 14:07:41.649 20441 20452 I art     : Starting a blocking GC Explicit
08-06 14:07:41.663 20441 20452 I art     : Explicit concurrent mark sweep GC freed 128(5KB) AllocSpace objects, 0(0B) LOS objects, 40% free, 21MB/35MB, paused 236us total 14.264ms
08-06 14:07:41.674 20441 20452 I art     : Starting a blocking GC Explicit
08-06 14:07:41.690 20441 20452 I art     : Explicit concurrent mark sweep GC freed 291(11KB) AllocSpace objects, 0(0B) LOS objects, 40% free, 21MB/35MB, paused 378us total 15.310ms
08-06 14:07:41.700 20441 20452 I art     : Starting a blocking GC Explicit
08-06 14:07:41.713   918   936 I ActivityManager: Displayed baseline.org.quantumbadger.redreader/.settings.SettingsActivity: +127ms
08-06 14:07:41.714 13866 13866 I GoogleInputMethodServic: GoogleInputMethodService.onFinishInput():3138 
08-06 14:07:41.715 13866 13866 I GoogleInputMethodServic: GoogleInputMethodService.onStartInput():1808 
08-06 14:07:41.716 20441 20452 I art     : Explicit concurrent mark sweep GC freed 138(7KB) AllocSpace objects, 0(0B) LOS objects, 40% free, 21MB/35MB, paused 201us total 15.663ms
08-06 14:07:41.761 20441 20461 D OpenGLRenderer: endAllStagingAnimators on 0x7f99dca000 (MenuPopupWindow$MenuDropDownListView) with handle 0x7f8092d080
08-06 14:07:41.959   380   380 W SurfaceFlinger: couldn't log to binary event log: overflow.
08-06 14:07:41.980 20441 20677 I art     : Starting a blocking GC Explicit
08-06 14:07:41.994 20441 20677 I art     : Explicit concurrent mark sweep GC freed 1647(92KB) AllocSpace objects, 1(20KB) LOS objects, 40% free, 21MB/35MB, paused 167us total 13.921ms
08-06 14:07:42.004 20441 20677 I art     : Starting a blocking GC Explicit
08-06 14:07:42.017 20441 20677 I art     : Explicit concurrent mark sweep GC freed 55(2096B) AllocSpace objects, 0(0B) LOS objects, 40% free, 21MB/35MB, paused 146us total 13.295ms
08-06 14:07:42.027 20441 20677 I art     : Starting a blocking GC Explicit
08-06 14:07:42.042 20441 20677 I art     : Explicit concurrent mark sweep GC freed 3(96B) AllocSpace objects, 0(0B) LOS objects, 40% free, 21MB/35MB, paused 151us total 13.938ms
08-06 14:07:42.052 20441 20677 I art     : Starting a blocking GC Explicit
08-06 14:07:42.066 20441 20677 I art     : Explicit concurrent mark sweep GC freed 3(96B) AllocSpace objects, 0(0B) LOS objects, 40% free, 21MB/35MB, paused 156us total 14.208ms
08-06 14:07:42.077 20441 20677 I art     : Starting a blocking GC Explicit
08-06 14:07:42.091 20441 20677 I art     : Explicit concurrent mark sweep GC freed 111(6KB) AllocSpace objects, 0(0B) LOS objects, 40% free, 21MB/35MB, paused 171us total 14.371ms
08-06 14:07:42.128   512  2967 D audio_hw_primary: disable_audio_route: reset and update mixer path: low-latency-playback speaker
08-06 14:07:42.130   512  2967 D audio_hw_primary: disable_snd_device: snd_device(2: speaker)
08-06 14:07:42.137   512  2967 I soundtrigger: audio_extn_sound_trigger_update_device_status: device 0x2 of type 0 for Event 0
08-06 14:07:42.141 20754 20754 D AndroidRuntime: >>>>>> START com.android.internal.os.RuntimeInit uid 2000 <<<<<<
08-06 14:07:42.146 20754 20754 D AndroidRuntime: CheckJNI is OFF
08-06 14:07:42.178 20754 20754 D ICU     : No timezone override file found: /data/misc/zoneinfo/current/icu/icu_tzdata.dat
08-06 14:07:42.212 20754 20754 I Radio-JNI: register_android_hardware_Radio DONE
08-06 14:07:42.234 20754 20754 D AndroidRuntime: Calling main entry com.android.commands.input.Input
08-06 14:07:42.236 20754 20754 I Input   : injectMotionEvent: MotionEvent { action=ACTION_DOWN, actionButton=0, id[0]=0, x[0]=216.0, y[0]=853.0, toolType[0]=TOOL_TYPE_UNKNOWN, buttonState=0, metaState=0, flags=0x0, edgeFlags=0x0, pointerCount=1, historySize=0, eventTime=886078649, downTime=886078649, deviceId=0, source=0x1002 }
08-06 14:07:42.240 20754 20754 I Input   : injectMotionEvent: MotionEvent { action=ACTION_UP, actionButton=0, id[0]=0, x[0]=216.0, y[0]=853.0, toolType[0]=TOOL_TYPE_UNKNOWN, buttonState=0, metaState=0, flags=0x0, edgeFlags=0x0, pointerCount=1, historySize=0, eventTime=886078649, downTime=886078649, deviceId=0, source=0x1002 }
08-06 14:07:42.242 20754 20754 D AndroidRuntime: Shutting down VM
08-06 14:07:42.307   918  6111 I ActivityManager: START u0 {act=android.intent.action.MAIN cmp=baseline.org.quantumbadger.redreader/.settings.SettingsActivity (has extras)} from uid 10705 on display 0
08-06 14:07:42.308   512  2967 D audio_hw_primary: out_set_parameters: enter: usecase(1: low-latency-playback) kvpairs: routing=2
08-06 14:07:42.321   512  2967 D audio_hw_primary: select_devices: out_snd_device(2: speaker) in_snd_device(0: none)
08-06 14:07:42.321   512  2967 D msm8974_platform: platform_send_audio_calibration: sending audio calibration for snd_device(2) acdb_id(15)
08-06 14:07:42.321   512  2967 I soundtrigger: audio_extn_sound_trigger_update_device_status: device 0x2 of type 0 for Event 1
08-06 14:07:42.324   918  3261 D WifiStateMachine: starting scan for "H369AA63323"WPA_PSK with 2412,5180
08-06 14:07:42.331   512  2967 D audio_hw_primary: enable_snd_device: snd_device(2: speaker)
08-06 14:07:42.333   512  2967 D audio_hw_primary: enable_audio_route: apply and update mixer path: low-latency-playback speaker
08-06 14:07:42.337 20441 20677 I art     : Starting a blocking GC Explicit
08-06 14:07:42.363 20441 20677 I art     : Explicit concurrent mark sweep GC freed 2221(188KB) AllocSpace objects, 2(40KB) LOS objects, 40% free, 21MB/35MB, paused 4.214ms total 26.026ms
08-06 14:07:42.374 20441 20677 I art     : Starting a blocking GC Explicit
08-06 14:07:42.375   512  2967 D AudioFlinger: mixer(0xf4740000) throttle end: throttle time(12)
08-06 14:07:42.391 20441 20677 I art     : Explicit concurrent mark sweep GC freed 568(33KB) AllocSpace objects, 0(0B) LOS objects, 40% free, 21MB/35MB, paused 174us total 17.046ms
08-06 14:07:42.403 20441 20677 I art     : Starting a blocking GC Explicit
08-06 14:07:42.417 20441 20677 I art     : Explicit concurrent mark sweep GC freed 66(3024B) AllocSpace objects, 0(0B) LOS objects, 39% free, 21MB/35MB, paused 344us total 14.201ms
08-06 14:07:42.427 20441 20677 I art     : Starting a blocking GC Explicit
08-06 14:07:42.445 20441 20677 I art     : Explicit concurrent mark sweep GC freed 6582(292KB) AllocSpace objects, 0(0B) LOS objects, 40% free, 21MB/36MB, paused 500us total 17.320ms
08-06 14:07:42.455 20441 20677 I art     : Starting a blocking GC Explicit
08-06 14:07:42.474 20441 20677 I art     : Explicit concurrent mark sweep GC freed 13998(595KB) AllocSpace objects, 0(0B) LOS objects, 40% free, 21MB/36MB, paused 497us total 18.043ms
08-06 14:07:42.661 13866 13866 I GoogleInputMethodServic: GoogleInputMethodService.onFinishInput():3138 
08-06 14:07:42.662   918   936 I ActivityManager: Displayed baseline.org.quantumbadger.redreader/.settings.SettingsActivity: +346ms
08-06 14:07:42.664 13866 13866 I GoogleInputMethodServic: GoogleInputMethodService.onStartInput():1808 
08-06 14:07:42.680 20441 20461 D OpenGLRenderer: endAllStagingAnimators on 0x7f804a6c00 (ListView) with handle 0x7f804d8500
08-06 14:07:42.717 20441 20452 I art     : Starting a blocking GC Explicit
08-06 14:07:42.740 20441 20452 I art     : Explicit concurrent mark sweep GC freed 60423(2MB) AllocSpace objects, 1(20KB) LOS objects, 40% free, 22MB/37MB, paused 175us total 22.213ms
08-06 14:07:42.751 20441 20452 I art     : Starting a blocking GC Explicit
08-06 14:07:42.769 20441 20452 I art     : Explicit concurrent mark sweep GC freed 2315(195KB) AllocSpace objects, 0(0B) LOS objects, 40% free, 22MB/36MB, paused 156us total 17.633ms
08-06 14:07:42.780 20441 20452 I art     : Starting a blocking GC Explicit
08-06 14:07:42.798 20441 20452 I art     : Explicit concurrent mark sweep GC freed 3(96B) AllocSpace objects, 0(0B) LOS objects, 40% free, 22MB/36MB, paused 469us total 17.373ms
08-06 14:07:42.809 20441 20452 I art     : Starting a blocking GC Explicit
08-06 14:07:42.827 20441 20452 I art     : Explicit concurrent mark sweep GC freed 45(1872B) AllocSpace objects, 0(0B) LOS objects, 40% free, 22MB/36MB, paused 276us total 17.856ms
08-06 14:07:42.839 20441 20452 I art     : Starting a blocking GC Explicit
08-06 14:07:42.858 20441 20452 I art     : Explicit concurrent mark sweep GC freed 19(816B) AllocSpace objects, 0(0B) LOS objects, 40% free, 22MB/36MB, paused 284us total 19.554ms
08-06 14:07:42.869   512  2967 D audio_hw_primary: disable_audio_route: reset and update mixer path: low-latency-playback speaker
08-06 14:07:42.871   512  2967 D audio_hw_primary: disable_snd_device: snd_device(2: speaker)
08-06 14:07:42.879 20786 20786 D AndroidRuntime: >>>>>> START com.android.internal.os.RuntimeInit uid 2000 <<<<<<
08-06 14:07:42.882   512  2967 I soundtrigger: audio_extn_sound_trigger_update_device_status: device 0x2 of type 0 for Event 0
08-06 14:07:42.885 20786 20786 D AndroidRuntime: CheckJNI is OFF
08-06 14:07:42.893   380   380 W SurfaceFlinger: couldn't log to binary event log: overflow.
08-06 14:07:42.917 20786 20786 D ICU     : No timezone override file found: /data/misc/zoneinfo/current/icu/icu_tzdata.dat
08-06 14:07:42.948 20786 20786 I Radio-JNI: register_android_hardware_Radio DONE
08-06 14:07:42.968 20786 20786 D AndroidRuntime: Calling main entry com.android.commands.input.Input
08-06 14:07:42.970 20786 20786 I Input   : injectMotionEvent: MotionEvent { action=ACTION_DOWN, actionButton=0, id[0]=0, x[0]=1318.0, y[0]=1194.0, toolType[0]=TOOL_TYPE_UNKNOWN, buttonState=0, metaState=0, flags=0x0, edgeFlags=0x0, pointerCount=1, historySize=0, eventTime=886079383, downTime=886079383, deviceId=0, source=0x1002 }
08-06 14:07:42.974 20786 20786 I Input   : injectMotionEvent: MotionEvent { action=ACTION_UP, actionButton=0, id[0]=0, x[0]=1318.0, y[0]=1194.0, toolType[0]=TOOL_TYPE_UNKNOWN, buttonState=0, metaState=0, flags=0x0, edgeFlags=0x0, pointerCount=1, historySize=0, eventTime=886079383, downTime=886079383, deviceId=0, source=0x1002 }
08-06 14:07:42.977 20786 20786 D AndroidRuntime: Shutting down VM
08-06 14:07:43.042   512  2967 D audio_hw_primary: out_set_parameters: enter: usecase(1: low-latency-playback) kvpairs: routing=2
08-06 14:07:43.055   512  2967 D audio_hw_primary: select_devices: out_snd_device(2: speaker) in_snd_device(0: none)
08-06 14:07:43.056   512  2967 D msm8974_platform: platform_send_audio_calibration: sending audio calibration for snd_device(2) acdb_id(15)
08-06 14:07:43.056   512  2967 I soundtrigger: audio_extn_sound_trigger_update_device_status: device 0x2 of type 0 for Event 1
08-06 14:07:43.068   512  2967 D audio_hw_primary: enable_snd_device: snd_device(2: speaker)
08-06 14:07:43.070   512  2967 D audio_hw_primary: enable_audio_route: apply and update mixer path: low-latency-playback speaker
08-06 14:07:43.109 20441 20452 I art     : Starting a blocking GC Explicit
08-06 14:07:43.111   512  2967 D AudioFlinger: mixer(0xf4740000) throttle end: throttle time(12)
08-06 14:07:43.128 20441 20452 I art     : Explicit concurrent mark sweep GC freed 2023(123KB) AllocSpace objects, 2(40KB) LOS objects, 40% free, 22MB/36MB, paused 369us total 18.256ms
08-06 14:07:43.139 20441 20452 I art     : Starting a blocking GC Explicit
08-06 14:07:43.158 20441 20452 I art     : Explicit concurrent mark sweep GC freed 55(2160B) AllocSpace objects, 0(0B) LOS objects, 40% free, 22MB/36MB, paused 166us total 19.008ms
08-06 14:07:43.171 20441 20452 I art     : Starting a blocking GC Explicit
08-06 14:07:43.190 20441 20452 I art     : Explicit concurrent mark sweep GC freed 21(768B) AllocSpace objects, 0(0B) LOS objects, 40% free, 22MB/36MB, paused 172us total 19.556ms
08-06 14:07:43.202 20441 20452 I art     : Starting a blocking GC Explicit
08-06 14:07:43.221 20441 20452 I art     : Explicit concurrent mark sweep GC freed 35(1472B) AllocSpace objects, 0(0B) LOS objects, 40% free, 22MB/36MB, paused 214us total 19.004ms
08-06 14:07:43.233 20441 20452 I art     : Starting a blocking GC Explicit
08-06 14:07:43.250 20441 20452 I art     : Explicit concurrent mark sweep GC freed 55(2432B) AllocSpace objects, 0(0B) LOS objects, 40% free, 22MB/36MB, paused 170us total 17.057ms
08-06 14:07:43.263   518   646 I ThermalEngine: ACTION: GPU - Setting GPU[0] to 450000000
08-06 14:07:43.515 20441 20453 I art     : Starting a blocking GC Explicit
08-06 14:07:43.537 20441 20453 I art     : Explicit concurrent mark sweep GC freed 1455(82KB) AllocSpace objects, 1(20KB) LOS objects, 40% free, 22MB/36MB, paused 207us total 21.401ms
08-06 14:07:43.537 20441 20451 I art     : WaitForGcToComplete blocked for 6.303ms for cause HeapTrim
08-06 14:07:43.552 20441 20453 I art     : Starting a blocking GC Explicit
08-06 14:07:43.575 20441 20453 I art     : Explicit concurrent mark sweep GC freed 73(2496B) AllocSpace objects, 0(0B) LOS objects, 40% free, 22MB/36MB, paused 220us total 22.068ms
08-06 14:07:43.590 20441 20453 I art     : Starting a blocking GC Explicit
08-06 14:07:43.598   512  2967 D audio_hw_primary: disable_audio_route: reset and update mixer path: low-latency-playback speaker
08-06 14:07:43.599   512  2967 D audio_hw_primary: disable_snd_device: snd_device(2: speaker)
08-06 14:07:43.607   512  2967 I soundtrigger: audio_extn_sound_trigger_update_device_status: device 0x2 of type 0 for Event 0
08-06 14:07:43.611 20441 20453 I art     : Explicit concurrent mark sweep GC freed 44(1968B) AllocSpace objects, 0(0B) LOS objects, 40% free, 22MB/36MB, paused 204us total 20.990ms
08-06 14:07:43.625 20441 20453 I art     : Starting a blocking GC Explicit
08-06 14:07:43.648 20441 20453 I art     : Explicit concurrent mark sweep GC freed 7(224B) AllocSpace objects, 0(0B) LOS objects, 40% free, 22MB/36MB, paused 214us total 22.418ms
08-06 14:07:43.663 20441 20453 I art     : Starting a blocking GC Explicit
08-06 14:07:43.687 20441 20453 I art     : Explicit concurrent mark sweep GC freed 3(96B) AllocSpace objects, 0(0B) LOS objects, 40% free, 22MB/36MB, paused 277us total 23.888ms
08-06 14:07:43.727 20818 20818 D AndroidRuntime: >>>>>> START com.android.internal.os.RuntimeInit uid 2000 <<<<<<
08-06 14:07:43.733 20818 20818 D AndroidRuntime: CheckJNI is OFF
08-06 14:07:43.774 20818 20818 D ICU     : No timezone override file found: /data/misc/zoneinfo/current/icu/icu_tzdata.dat
08-06 14:07:43.815 20818 20818 I Radio-JNI: register_android_hardware_Radio DONE
08-06 14:07:43.844 20818 20818 D AndroidRuntime: Calling main entry com.android.commands.input.Input
08-06 14:07:43.846 20818 20818 I Input   : injectMotionEvent: MotionEvent { action=ACTION_DOWN, actionButton=0, id[0]=0, x[0]=1309.0, y[0]=1701.0, toolType[0]=TOOL_TYPE_UNKNOWN, buttonState=0, metaState=0, flags=0x0, edgeFlags=0x0, pointerCount=1, historySize=0, eventTime=886080259, downTime=886080259, deviceId=0, source=0x1002 }
08-06 14:07:43.850 20818 20818 I Input   : injectMotionEvent: MotionEvent { action=ACTION_UP, actionButton=0, id[0]=0, x[0]=1309.0, y[0]=1701.0, toolType[0]=TOOL_TYPE_UNKNOWN, buttonState=0, metaState=0, flags=0x0, edgeFlags=0x0, pointerCount=1, historySize=0, eventTime=886080259, downTime=886080259, deviceId=0, source=0x1002 }
08-06 14:07:43.853 20818 20818 D AndroidRuntime: Shutting down VM
08-06 14:07:43.919   512  2967 D audio_hw_primary: out_set_parameters: enter: usecase(1: low-latency-playback) kvpairs: routing=2
08-06 14:07:43.932   512  2967 D audio_hw_primary: select_devices: out_snd_device(2: speaker) in_snd_device(0: none)
08-06 14:07:43.933   512  2967 D msm8974_platform: platform_send_audio_calibration: sending audio calibration for snd_device(2) acdb_id(15)
08-06 14:07:43.933   512  2967 I soundtrigger: audio_extn_sound_trigger_update_device_status: device 0x2 of type 0 for Event 1
08-06 14:07:43.944   512  2967 D audio_hw_primary: enable_snd_device: snd_device(2: speaker)
08-06 14:07:43.947   512  2967 D audio_hw_primary: enable_audio_route: apply and update mixer path: low-latency-playback speaker
08-06 14:07:43.963 20441 20452 I art     : Starting a blocking GC Explicit
08-06 14:07:43.988 20441 20452 I art     : Explicit concurrent mark sweep GC freed 2013(123KB) AllocSpace objects, 2(40KB) LOS objects, 40% free, 22MB/37MB, paused 206us total 24.367ms
08-06 14:07:43.990   512  2967 D AudioFlinger: mixer(0xf4740000) throttle end: throttle time(12)
08-06 14:07:44.004 20441 20452 I art     : Starting a blocking GC Explicit
08-06 14:07:44.027 20441 20452 I art     : Explicit concurrent mark sweep GC freed 80(2992B) AllocSpace objects, 0(0B) LOS objects, 40% free, 22MB/37MB, paused 332us total 22.989ms
08-06 14:07:44.042 20441 20452 I art     : Starting a blocking GC Explicit
08-06 14:07:44.065 20441 20452 I art     : Explicit concurrent mark sweep GC freed 32(1168B) AllocSpace objects, 0(0B) LOS objects, 40% free, 22MB/37MB, paused 236us total 22.854ms
08-06 14:07:44.080 20441 20452 I art     : Starting a blocking GC Explicit
08-06 14:07:44.104 20441 20452 I art     : Explicit concurrent mark sweep GC freed 41(1664B) AllocSpace objects, 0(0B) LOS objects, 40% free, 22MB/37MB, paused 219us total 23.242ms
08-06 14:07:44.118 20441 20452 I art     : Starting a blocking GC Explicit
08-06 14:07:44.140 20441 20452 I art     : Explicit concurrent mark sweep GC freed 71(3KB) AllocSpace objects, 0(0B) LOS objects, 40% free, 22MB/37MB, paused 218us total 21.295ms
08-06 14:07:44.405 20441 20677 I art     : Starting a blocking GC Explicit
08-06 14:07:44.430 20441 20677 I art     : Explicit concurrent mark sweep GC freed 1458(82KB) AllocSpace objects, 1(20KB) LOS objects, 40% free, 22MB/37MB, paused 429us total 24.193ms
08-06 14:07:44.445 20441 20677 I art     : Starting a blocking GC Explicit
08-06 14:07:44.469 20441 20677 I art     : Explicit concurrent mark sweep GC freed 92(3KB) AllocSpace objects, 0(0B) LOS objects, 40% free, 22MB/37MB, paused 208us total 22.962ms
08-06 14:07:44.479   512  2967 D audio_hw_primary: disable_audio_route: reset and update mixer path: low-latency-playback speaker
08-06 14:07:44.480   512  2967 D audio_hw_primary: disable_snd_device: snd_device(2: speaker)
08-06 14:07:44.483 20441 20677 I art     : Starting a blocking GC Explicit
08-06 14:07:44.488   512  2967 I soundtrigger: audio_extn_sound_trigger_update_device_status: device 0x2 of type 0 for Event 0
08-06 14:07:44.504 20441 20677 I art     : Explicit concurrent mark sweep GC freed 25(1056B) AllocSpace objects, 0(0B) LOS objects, 40% free, 22MB/37MB, paused 210us total 21.133ms
08-06 14:07:44.519 20441 20677 I art     : Starting a blocking GC Explicit
08-06 14:07:44.540 20441 20677 I art     : Explicit concurrent mark sweep GC freed 5(160B) AllocSpace objects, 0(0B) LOS objects, 40% free, 22MB/37MB, paused 213us total 21.068ms
08-06 14:07:44.555 20441 20677 I art     : Starting a blocking GC Explicit
08-06 14:07:44.578 20441 20677 I art     : Explicit concurrent mark sweep GC freed 3(96B) AllocSpace objects, 0(0B) LOS objects, 40% free, 22MB/37MB, paused 216us total 22.757ms
08-06 14:07:44.626 20852 20852 D AndroidRuntime: >>>>>> START com.android.internal.os.RuntimeInit uid 2000 <<<<<<
08-06 14:07:44.631 20852 20852 D AndroidRuntime: CheckJNI is OFF
08-06 14:07:44.672 20852 20852 D ICU     : No timezone override file found: /data/misc/zoneinfo/current/icu/icu_tzdata.dat
08-06 14:07:44.715 20852 20852 I Radio-JNI: register_android_hardware_Radio DONE
08-06 14:07:44.744 20852 20852 D AndroidRuntime: Calling main entry com.android.commands.input.Input
08-06 14:07:44.746 20852 20852 I Input   : injectMotionEvent: MotionEvent { action=ACTION_DOWN, actionButton=0, id[0]=0, x[0]=477.0, y[0]=805.0, toolType[0]=TOOL_TYPE_UNKNOWN, buttonState=0, metaState=0, flags=0x0, edgeFlags=0x0, pointerCount=1, historySize=0, eventTime=886081158, downTime=886081158, deviceId=0, source=0x1002 }
08-06 14:07:44.749 20852 20852 I Input   : injectMotionEvent: MotionEvent { action=ACTION_UP, actionButton=0, id[0]=0, x[0]=477.0, y[0]=805.0, toolType[0]=TOOL_TYPE_UNKNOWN, buttonState=0, metaState=0, flags=0x0, edgeFlags=0x0, pointerCount=1, historySize=0, eventTime=886081158, downTime=886081158, deviceId=0, source=0x1002 }
08-06 14:07:44.752 20852 20852 D AndroidRuntime: Shutting down VM
08-06 14:07:44.817   512  2967 D audio_hw_primary: out_set_parameters: enter: usecase(1: low-latency-playback) kvpairs: routing=2
08-06 14:07:44.830   512  2967 D audio_hw_primary: select_devices: out_snd_device(2: speaker) in_snd_device(0: none)
08-06 14:07:44.830   512  2967 D msm8974_platform: platform_send_audio_calibration: sending audio calibration for snd_device(2) acdb_id(15)
08-06 14:07:44.831   512  2967 I soundtrigger: audio_extn_sound_trigger_update_device_status: device 0x2 of type 0 for Event 1
08-06 14:07:44.841   512  2967 D audio_hw_primary: enable_snd_device: snd_device(2: speaker)
08-06 14:07:44.843   512  2967 D audio_hw_primary: enable_audio_route: apply and update mixer path: low-latency-playback speaker
08-06 14:07:44.854 20441 20453 I art     : Starting a blocking GC Explicit
08-06 14:07:44.879 20441 20453 I art     : Explicit concurrent mark sweep GC freed 2087(182KB) AllocSpace objects, 1(20KB) LOS objects, 40% free, 22MB/37MB, paused 223us total 24.499ms
08-06 14:07:44.887   512  2967 D AudioFlinger: mixer(0xf4740000) throttle end: throttle time(12)
08-06 14:07:44.894 20441 20453 I art     : Starting a blocking GC Explicit
08-06 14:07:44.917 20441 20453 I art     : Explicit concurrent mark sweep GC freed 568(27KB) AllocSpace objects, 0(0B) LOS objects, 40% free, 22MB/37MB, paused 326us total 23.098ms
08-06 14:07:44.932 20441 20453 I art     : Starting a blocking GC Explicit
08-06 14:07:44.955 20441 20453 I art     : Explicit concurrent mark sweep GC freed 180(7KB) AllocSpace objects, 0(0B) LOS objects, 40% free, 22MB/37MB, paused 426us total 23.079ms
08-06 14:07:44.975 20441 20453 I art     : Starting a blocking GC Explicit
08-06 14:07:44.999 20441 20453 I art     : Explicit concurrent mark sweep GC freed 117(4KB) AllocSpace objects, 0(0B) LOS objects, 40% free, 22MB/37MB, paused 237us total 22.878ms
08-06 14:07:45.014 20441 20453 I art     : Starting a blocking GC Explicit
08-06 14:07:45.037 20441 20453 I art     : Explicit concurrent mark sweep GC freed 17(624B) AllocSpace objects, 0(0B) LOS objects, 40% free, 22MB/37MB, paused 242us total 23.141ms
08-06 14:07:45.338 20441 20453 I art     : Starting a blocking GC Explicit
08-06 14:07:45.366 20441 20453 I art     : Explicit concurrent mark sweep GC freed 1339(78KB) AllocSpace objects, 1(20KB) LOS objects, 40% free, 22MB/37MB, paused 235us total 28.006ms
08-06 14:07:45.379   512  2967 D audio_hw_primary: disable_audio_route: reset and update mixer path: low-latency-playback speaker
08-06 14:07:45.381   512  2967 D audio_hw_primary: disable_snd_device: snd_device(2: speaker)
08-06 14:07:45.382 20441 20453 I art     : Starting a blocking GC Explicit
08-06 14:07:45.390   512  2967 I soundtrigger: audio_extn_sound_trigger_update_device_status: device 0x2 of type 0 for Event 0
08-06 14:07:45.409 20441 20453 I art     : Explicit concurrent mark sweep GC freed 26(896B) AllocSpace objects, 0(0B) LOS objects, 40% free, 22MB/37MB, paused 239us total 26.721ms
08-06 14:07:45.426 20441 20453 I art     : Starting a blocking GC Explicit
08-06 14:07:45.453 20441 20453 I art     : Explicit concurrent mark sweep GC freed 5(160B) AllocSpace objects, 0(0B) LOS objects, 40% free, 22MB/37MB, paused 233us total 26.551ms
08-06 14:07:45.469 20441 20453 I art     : Starting a blocking GC Explicit
08-06 14:07:45.497 20441 20453 I art     : Explicit concurrent mark sweep GC freed 3(96B) AllocSpace objects, 0(0B) LOS objects, 40% free, 22MB/37MB, paused 247us total 27.066ms
08-06 14:07:45.513 20441 20453 I art     : Starting a blocking GC Explicit
08-06 14:07:45.540 20441 20453 I art     : Explicit concurrent mark sweep GC freed 3(96B) AllocSpace objects, 0(0B) LOS objects, 40% free, 22MB/37MB, paused 228us total 26.359ms
08-06 14:07:45.545 20884 20884 D AndroidRuntime: >>>>>> START com.android.internal.os.RuntimeInit uid 2000 <<<<<<
08-06 14:07:45.552 20884 20884 D AndroidRuntime: CheckJNI is OFF
08-06 14:07:45.595 20884 20884 D ICU     : No timezone override file found: /data/misc/zoneinfo/current/icu/icu_tzdata.dat
08-06 14:07:45.639 20884 20884 I Radio-JNI: register_android_hardware_Radio DONE
08-06 14:07:45.669 20884 20884 D AndroidRuntime: Calling main entry com.android.commands.input.Input
08-06 14:07:45.671 20884 20884 I Input   : injectMotionEvent: MotionEvent { action=ACTION_DOWN, actionButton=0, id[0]=0, x[0]=463.0, y[0]=464.0, toolType[0]=TOOL_TYPE_UNKNOWN, buttonState=0, metaState=0, flags=0x0, edgeFlags=0x0, pointerCount=1, historySize=0, eventTime=886082083, downTime=886082083, deviceId=0, source=0x1002 }
08-06 14:07:45.675 20884 20884 I Input   : injectMotionEvent: MotionEvent { action=ACTION_UP, actionButton=0, id[0]=0, x[0]=463.0, y[0]=464.0, toolType[0]=TOOL_TYPE_UNKNOWN, buttonState=0, metaState=0, flags=0x0, edgeFlags=0x0, pointerCount=1, historySize=0, eventTime=886082083, downTime=886082083, deviceId=0, source=0x1002 }
08-06 14:07:45.677 20884 20884 D AndroidRuntime: Shutting down VM
08-06 14:07:45.745   512  2967 D audio_hw_primary: out_set_parameters: enter: usecase(1: low-latency-playback) kvpairs: routing=2
08-06 14:07:45.759   512  2967 D audio_hw_primary: select_devices: out_snd_device(2: speaker) in_snd_device(0: none)
08-06 14:07:45.761   512  2967 D msm8974_platform: platform_send_audio_calibration: sending audio calibration for snd_device(2) acdb_id(15)
08-06 14:07:45.761   918  3696 W InputMethodManagerService: Window already focused, ignoring focus gain of: com.android.internal.view.IInputMethodClient$Stub$Proxy@c79e791 attribute=null, token = android.os.BinderProxy@a1f715d
08-06 14:07:45.761   512  2967 I soundtrigger: audio_extn_sound_trigger_update_device_status: device 0x2 of type 0 for Event 1
08-06 14:07:45.771   512  2967 D audio_hw_primary: enable_snd_device: snd_device(2: speaker)
08-06 14:07:45.773   512  2967 D audio_hw_primary: enable_audio_route: apply and update mixer path: low-latency-playback speaker
08-06 14:07:45.816   512  2967 D AudioFlinger: mixer(0xf4740000) throttle end: throttle time(12)
08-06 14:07:45.830 20441 20753 I art     : Starting a blocking GC Explicit
08-06 14:07:45.854 20441 20753 I art     : Explicit concurrent mark sweep GC freed 1674(105KB) AllocSpace objects, 2(40KB) LOS objects, 40% free, 22MB/37MB, paused 225us total 23.191ms
08-06 14:07:45.868 20441 20753 I art     : Starting a blocking GC Explicit
08-06 14:07:45.891 20441 20753 I art     : Explicit concurrent mark sweep GC freed 117(6KB) AllocSpace objects, 0(0B) LOS objects, 40% free, 22MB/37MB, paused 227us total 22.666ms
08-06 14:07:45.905 20441 20753 I art     : Starting a blocking GC Explicit
08-06 14:07:45.928 20441 20753 I art     : Explicit concurrent mark sweep GC freed 3(96B) AllocSpace objects, 0(0B) LOS objects, 40% free, 22MB/37MB, paused 230us total 22.362ms
08-06 14:07:45.942 20441 20753 I art     : Starting a blocking GC Explicit
08-06 14:07:45.945   380   380 W SurfaceFlinger: couldn't log to binary event log: overflow.
08-06 14:07:45.965 20441 20753 I art     : Explicit concurrent mark sweep GC freed 3(96B) AllocSpace objects, 0(0B) LOS objects, 40% free, 22MB/37MB, paused 228us total 22.085ms
08-06 14:07:45.980 20441 20753 I art     : Starting a blocking GC Explicit
08-06 14:07:46.002 20441 20753 I art     : Explicit concurrent mark sweep GC freed 3(96B) AllocSpace objects, 0(0B) LOS objects, 40% free, 22MB/37MB, paused 216us total 22.310ms
08-06 14:07:46.274 20441 20453 I art     : Starting a blocking GC Explicit
08-06 14:07:46.300 20441 20453 I art     : Explicit concurrent mark sweep GC freed 1337(78KB) AllocSpace objects, 1(20KB) LOS objects, 40% free, 22MB/37MB, paused 218us total 25.457ms
08-06 14:07:46.308   512  2967 D audio_hw_primary: disable_audio_route: reset and update mixer path: low-latency-playback speaker
08-06 14:07:46.309   512  2967 D audio_hw_primary: disable_snd_device: snd_device(2: speaker)
08-06 14:07:46.315 20441 20453 I art     : Starting a blocking GC Explicit
08-06 14:07:46.316   512  2967 I soundtrigger: audio_extn_sound_trigger_update_device_status: device 0x2 of type 0 for Event 0
08-06 14:07:46.340 20441 20453 I art     : Explicit concurrent mark sweep GC freed 20(704B) AllocSpace objects, 0(0B) LOS objects, 40% free, 22MB/37MB, paused 237us total 24.365ms
08-06 14:07:46.355 20441 20453 I art     : Starting a blocking GC Explicit
08-06 14:07:46.379 20441 20453 I art     : Explicit concurrent mark sweep GC freed 3(96B) AllocSpace objects, 0(0B) LOS objects, 40% free, 22MB/37MB, paused 235us total 24.381ms
08-06 14:07:46.394 20441 20453 I art     : Starting a blocking GC Explicit
08-06 14:07:46.419 20441 20453 I art     : Explicit concurrent mark sweep GC freed 3(96B) AllocSpace objects, 0(0B) LOS objects, 40% free, 22MB/37MB, paused 245us total 24.202ms
08-06 14:07:46.434 20915 20915 D AndroidRuntime: >>>>>> START com.android.internal.os.RuntimeInit uid 2000 <<<<<<
08-06 14:07:46.434 20441 20453 I art     : Starting a blocking GC Explicit
08-06 14:07:46.439 20915 20915 D AndroidRuntime: CheckJNI is OFF
08-06 14:07:46.459 20441 20453 I art     : Explicit concurrent mark sweep GC freed 105(5KB) AllocSpace objects, 0(0B) LOS objects, 40% free, 22MB/37MB, paused 227us total 24.606ms
08-06 14:07:46.485 20915 20915 D ICU     : No timezone override file found: /data/misc/zoneinfo/current/icu/icu_tzdata.dat
08-06 14:07:46.528 20915 20915 I Radio-JNI: register_android_hardware_Radio DONE
08-06 14:07:46.557 20915 20915 D AndroidRuntime: Calling main entry com.android.commands.input.Input
08-06 14:07:46.559 20915 20915 I Input   : injectKeyEvent: KeyEvent { action=ACTION_DOWN, keyCode=KEYCODE_BACK, scanCode=0, metaState=0, flags=0x0, repeatCount=0, eventTime=886082972, downTime=886082972, deviceId=-1, source=0x101 }
08-06 14:07:46.564 20915 20915 I Input   : injectKeyEvent: KeyEvent { action=ACTION_UP, keyCode=KEYCODE_BACK, scanCode=0, metaState=0, flags=0x0, repeatCount=0, eventTime=886082972, downTime=886082972, deviceId=-1, source=0x101 }
08-06 14:07:46.571 20915 20915 D AndroidRuntime: Shutting down VM
08-06 14:07:46.608 13866 13866 I GoogleInputMethodServic: GoogleInputMethodService.onFinishInput():3138 
08-06 14:07:46.609 13866 13866 I GoogleInputMethodServic: GoogleInputMethodService.onStartInput():1808 
08-06 14:07:46.730 20441 20677 I art     : Starting a blocking GC Explicit
08-06 14:07:46.757 20441 20677 I art     : Explicit concurrent mark sweep GC freed 3193(203KB) AllocSpace objects, 1(20KB) LOS objects, 40% free, 22MB/37MB, paused 220us total 27.450ms
08-06 14:07:46.773 20441 20677 I art     : Starting a blocking GC Explicit
08-06 14:07:46.796 20441 20677 I art     : Explicit concurrent mark sweep GC freed 34(1200B) AllocSpace objects, 0(0B) LOS objects, 40% free, 22MB/37MB, paused 222us total 23.074ms
08-06 14:07:46.812 20441 20677 I art     : Starting a blocking GC Explicit
08-06 14:07:46.837 20441 20677 I art     : Explicit concurrent mark sweep GC freed 3(96B) AllocSpace objects, 0(0B) LOS objects, 40% free, 22MB/37MB, paused 410us total 24.852ms
08-06 14:07:46.854 20441 20677 I art     : Starting a blocking GC Explicit
08-06 14:07:46.879 20441 20677 I art     : Explicit concurrent mark sweep GC freed 3(96B) AllocSpace objects, 0(0B) LOS objects, 40% free, 22MB/37MB, paused 223us total 25.111ms
08-06 14:07:46.894 20441 20677 I art     : Starting a blocking GC Explicit
08-06 14:07:46.897   380   380 W SurfaceFlinger: couldn't log to binary event log: overflow.
08-06 14:07:46.918 20441 20677 I art     : Explicit concurrent mark sweep GC freed 50(1920B) AllocSpace objects, 0(0B) LOS objects, 40% free, 22MB/37MB, paused 229us total 23.195ms
08-06 14:07:47.154 20441 20441 I RedReader: Checking for new messages.
08-06 14:07:47.156 20441 20441 I RegularCachePruner: Pruning cache...
08-06 14:07:47.158 20441 20959 I RedditChangeDataManager: Pruning for all users...
08-06 14:07:47.158 20441 20959 I RedditChangeDataManager: Pruning complete.
08-06 14:07:47.162 20441 20959 I CacheManager: Pruning 0 files
08-06 14:07:47.199 20441 20452 I art     : Starting a blocking GC Explicit
08-06 14:07:47.221 20441 20452 I art     : Explicit concurrent mark sweep GC freed 13457(663KB) AllocSpace objects, 8(360KB) LOS objects, 40% free, 21MB/35MB, paused 236us total 21.725ms
08-06 14:07:47.236 20441 20452 I art     : Starting a blocking GC Explicit
08-06 14:07:47.255 20441 20452 I art     : Explicit concurrent mark sweep GC freed 39(1424B) AllocSpace objects, 0(0B) LOS objects, 40% free, 21MB/35MB, paused 233us total 19.566ms
08-06 14:07:47.270 20441 20452 I art     : Starting a blocking GC Explicit
08-06 14:07:47.289 20441 20452 I art     : Explicit concurrent mark sweep GC freed 3(96B) AllocSpace objects, 0(0B) LOS objects, 40% free, 21MB/35MB, paused 223us total 18.840ms
08-06 14:07:47.303 20441 20452 I art     : Starting a blocking GC Explicit
08-06 14:07:47.321 20441 20452 I art     : Explicit concurrent mark sweep GC freed 3(96B) AllocSpace objects, 0(0B) LOS objects, 40% free, 21MB/35MB, paused 230us total 18.094ms
08-06 14:07:47.335 20441 20452 I art     : Starting a blocking GC Explicit
08-06 14:07:47.350 20947 20947 D AndroidRuntime: >>>>>> START com.android.internal.os.RuntimeInit uid 2000 <<<<<<
08-06 14:07:47.354 20441 20452 I art     : Explicit concurrent mark sweep GC freed 3(96B) AllocSpace objects, 0(0B) LOS objects, 40% free, 21MB/35MB, paused 249us total 18.613ms
08-06 14:07:47.356 20947 20947 D AndroidRuntime: CheckJNI is OFF
08-06 14:07:47.399 20947 20947 D ICU     : No timezone override file found: /data/misc/zoneinfo/current/icu/icu_tzdata.dat
08-06 14:07:47.441 20947 20947 I Radio-JNI: register_android_hardware_Radio DONE
08-06 14:07:47.469 20947 20947 D AndroidRuntime: Calling main entry com.android.commands.input.Input
08-06 14:07:47.471 20947 20947 I Input   : injectKeyEvent: KeyEvent { action=ACTION_DOWN, keyCode=KEYCODE_BACK, scanCode=0, metaState=0, flags=0x0, repeatCount=0, eventTime=886083883, downTime=886083883, deviceId=-1, source=0x101 }
08-06 14:07:47.475 20947 20947 I Input   : injectKeyEvent: KeyEvent { action=ACTION_UP, keyCode=KEYCODE_BACK, scanCode=0, metaState=0, flags=0x0, repeatCount=0, eventTime=886083883, downTime=886083883, deviceId=-1, source=0x101 }
08-06 14:07:47.486 20947 20947 D AndroidRuntime: Shutting down VM
08-06 14:07:47.525 13866 13866 I GoogleInputMethodServic: GoogleInputMethodService.onFinishInput():3138 
08-06 14:07:47.527 13866 13866 I GoogleInputMethodServic: GoogleInputMethodService.onStartInput():1808 
08-06 14:07:47.622 20441 20677 I art     : Starting a blocking GC Explicit
08-06 14:07:47.640 20441 20677 I art     : Explicit concurrent mark sweep GC freed 1513(85KB) AllocSpace objects, 1(20KB) LOS objects, 40% free, 21MB/35MB, paused 219us total 17.524ms
08-06 14:07:47.654 20441 20677 I art     : Starting a blocking GC Explicit
08-06 14:07:47.671 20441 20677 I art     : Explicit concurrent mark sweep GC freed 24(864B) AllocSpace objects, 0(0B) LOS objects, 40% free, 21MB/35MB, paused 245us total 17.405ms
08-06 14:07:47.684 20441 20677 I art     : Starting a blocking GC Explicit
08-06 14:07:47.702 20441 20677 I art     : Explicit concurrent mark sweep GC freed 3(96B) AllocSpace objects, 0(0B) LOS objects, 40% free, 21MB/35MB, paused 226us total 17.168ms
08-06 14:07:47.715 20441 20677 I art     : Starting a blocking GC Explicit
08-06 14:07:47.733 20441 20677 I art     : Explicit concurrent mark sweep GC freed 3(96B) AllocSpace objects, 0(0B) LOS objects, 40% free, 21MB/35MB, paused 203us total 16.866ms
08-06 14:07:47.746 20441 20677 I art     : Starting a blocking GC Explicit
08-06 14:07:47.764 20441 20677 I art     : Explicit concurrent mark sweep GC freed 3(96B) AllocSpace objects, 0(0B) LOS objects, 40% free, 21MB/35MB, paused 216us total 16.935ms
08-06 14:07:48.024 20441 20452 I art     : Starting a blocking GC Explicit
08-06 14:07:48.042 20441 20452 I art     : Explicit concurrent mark sweep GC freed 1362(79KB) AllocSpace objects, 1(20KB) LOS objects, 40% free, 21MB/35MB, paused 225us total 18.111ms
08-06 14:07:48.056 20441 20452 I art     : Starting a blocking GC Explicit
08-06 14:07:48.075 20441 20452 I art     : Explicit concurrent mark sweep GC freed 143(10KB) AllocSpace objects, 0(0B) LOS objects, 40% free, 21MB/35MB, paused 229us total 18.979ms
08-06 14:07:48.089 20441 20452 I art     : Starting a blocking GC Explicit
08-06 14:07:48.108 20441 20452 I art     : Explicit concurrent mark sweep GC freed 3(96B) AllocSpace objects, 0(0B) LOS objects, 40% free, 21MB/35MB, paused 222us total 18.310ms
08-06 14:07:48.122 20441 20452 I art     : Starting a blocking GC Explicit
08-06 14:07:48.140 20441 20452 I art     : Explicit concurrent mark sweep GC freed 3(96B) AllocSpace objects, 0(0B) LOS objects, 40% free, 21MB/35MB, paused 221us total 18.663ms
08-06 14:07:48.154 20441 20452 I art     : Starting a blocking GC Explicit
08-06 14:07:48.173 20441 20452 I art     : Explicit concurrent mark sweep GC freed 3(96B) AllocSpace objects, 0(0B) LOS objects, 40% free, 21MB/35MB, paused 226us total 19.068ms
08-06 14:07:48.238 20980 20980 D AndroidRuntime: >>>>>> START com.android.internal.os.RuntimeInit uid 2000 <<<<<<
08-06 14:07:48.245 20980 20980 D AndroidRuntime: CheckJNI is OFF
08-06 14:07:48.292 20980 20980 D ICU     : No timezone override file found: /data/misc/zoneinfo/current/icu/icu_tzdata.dat
08-06 14:07:48.337 20980 20980 I Radio-JNI: register_android_hardware_Radio DONE
08-06 14:07:48.365 20980 20980 D AndroidRuntime: Calling main entry com.android.commands.input.Input
08-06 14:07:48.367 20980 20980 I Input   : injectMotionEvent: MotionEvent { action=ACTION_DOWN, actionButton=0, id[0]=0, x[0]=600.0, y[0]=1536.0, toolType[0]=TOOL_TYPE_UNKNOWN, buttonState=0, metaState=0, flags=0x0, edgeFlags=0x0, pointerCount=1, historySize=0, eventTime=886084779, downTime=886084779, deviceId=0, source=0x1002 }
08-06 14:07:48.370 20980 20980 I Input   : injectMotionEvent: MotionEvent { action=ACTION_UP, actionButton=0, id[0]=0, x[0]=600.0, y[0]=1536.0, toolType[0]=TOOL_TYPE_UNKNOWN, buttonState=0, metaState=0, flags=0x0, edgeFlags=0x0, pointerCount=1, historySize=0, eventTime=886084779, downTime=886084779, deviceId=0, source=0x1002 }
08-06 14:07:48.374 20980 20980 D AndroidRuntime: Shutting down VM
08-06 14:07:48.384   512  2967 D audio_hw_primary: out_set_parameters: enter: usecase(1: low-latency-playback) kvpairs: routing=2
08-06 14:07:48.389   918  5952 I ActivityManager: START u0 {dat=https://oauth.reddit.com/... cmp=baseline.org.quantumbadger.redreader/.activities.PostListingActivity} from uid 10705 on display 0
08-06 14:07:48.398   512  2967 D audio_hw_primary: select_devices: out_snd_device(2: speaker) in_snd_device(0: none)
08-06 14:07:48.398   512  2967 D msm8974_platform: platform_send_audio_calibration: sending audio calibration for snd_device(2) acdb_id(15)
08-06 14:07:48.399   512  2967 I soundtrigger: audio_extn_sound_trigger_update_device_status: device 0x2 of type 0 for Event 1
08-06 14:07:48.409   512  2967 D audio_hw_primary: enable_snd_device: snd_device(2: speaker)
08-06 14:07:48.411   512  2967 D audio_hw_primary: enable_audio_route: apply and update mixer path: low-latency-playback speaker
08-06 14:07:48.412 20441 20441 I AppCompatViewInflater: app:theme is now deprecated. Please move to using android:theme instead.
08-06 14:07:48.463 20441 21011 I RawObjectDB query string: CREATE TABLE objects(RawObjectDB_id TEXT PRIMARY KEY ON CONFLICT REPLACE,RawObjectDB_timestamp INTEGER,accounts_active INTEGER,created INTEGER,created_utc INTEGER,description TEXT,description_html TEXT,display_name TEXT,header_img TEXT,header_title TEXT,id TEXT,name TEXT,over18 INTEGER,public_description TEXT,subscribers INTEGER,title TEXT,url TEXT)
08-06 14:07:48.464 20441 20453 I art     : Starting a blocking GC Explicit
08-06 14:07:48.485 20441 20453 I art     : Explicit concurrent mark sweep GC freed 5591(375KB) AllocSpace objects, 1(20KB) LOS objects, 40% free, 21MB/35MB, paused 349us total 20.637ms
08-06 14:07:48.500 20441 20453 I art     : Starting a blocking GC Explicit
08-06 14:07:48.517   918   936 I ActivityManager: Displayed baseline.org.quantumbadger.redreader/.activities.PostListingActivity: +116ms
08-06 14:07:48.520 20441 21012 D OK      : calling: https://www.reddit.com/api/v1/access_token
08-06 14:07:48.522 13866 13866 I GoogleInputMethodServic: GoogleInputMethodService.onFinishInput():3138 
08-06 14:07:48.522 13866 13866 I GoogleInputMethodServic: GoogleInputMethodService.onStartInput():1808 
08-06 14:07:48.524 20441 20453 I art     : Explicit concurrent mark sweep GC freed 4638(307KB) AllocSpace objects, 1(28KB) LOS objects, 40% free, 21MB/36MB, paused 1.388ms total 24.423ms
08-06 14:07:48.541 20441 20453 I art     : Starting a blocking GC Explicit
08-06 14:07:48.563 20441 20453 I art     : Explicit concurrent mark sweep GC freed 545(42KB) AllocSpace objects, 0(0B) LOS objects, 40% free, 21MB/36MB, paused 856us total 21.399ms
08-06 14:07:48.577 20441 20453 I art     : Starting a blocking GC Explicit
08-06 14:07:48.595 20441 20453 I art     : Explicit concurrent mark sweep GC freed 67(8KB) AllocSpace objects, 0(0B) LOS objects, 40% free, 21MB/35MB, paused 271us total 18.031ms
08-06 14:07:48.595 20441 20451 I art     : WaitForGcToComplete blocked for 18.287ms for cause HeapTrim
08-06 14:07:48.609 20441 20453 I art     : Starting a blocking GC Explicit
08-06 14:07:48.629 20441 20453 I art     : Explicit concurrent mark sweep GC freed 3(96B) AllocSpace objects, 0(0B) LOS objects, 40% free, 21MB/35MB, paused 280us total 19.697ms
08-06 14:07:48.766   380   380 W SurfaceFlinger: couldn't log to binary event log: overflow.
08-06 14:07:48.898 20441 20753 I art     : Starting a blocking GC Explicit
08-06 14:07:48.918 20441 21012 D OK      : request got status: 200
08-06 14:07:48.933 20441 21012 D OK      : calling: https://oauth.reddit.com/r/askscience/about.json
08-06 14:07:48.948   512  2967 D audio_hw_primary: disable_audio_route: reset and update mixer path: low-latency-playback speaker
08-06 14:07:48.951   512  2967 D audio_hw_primary: disable_snd_device: snd_device(2: speaker)
08-06 14:07:48.952 20441 20753 I art     : Explicit concurrent mark sweep GC freed 41440(2MB) AllocSpace objects, 16(1392KB) LOS objects, 39% free, 24MB/40MB, paused 471us total 53.420ms
08-06 14:07:48.959   512  2967 I soundtrigger: audio_extn_sound_trigger_update_device_status: device 0x2 of type 0 for Event 0
08-06 14:07:48.968 20441 20753 I art     : Starting a blocking GC Explicit
08-06 14:07:48.999 20441 20753 I art     : Explicit concurrent mark sweep GC freed 1350(148KB) AllocSpace objects, 2(320KB) LOS objects, 40% free, 23MB/39MB, paused 346us total 30.695ms
08-06 14:07:49.015 20441 20753 I art     : Starting a blocking GC Explicit
08-06 14:07:49.047 20441 20753 I art     : Explicit concurrent mark sweep GC freed 11(464B) AllocSpace objects, 0(0B) LOS objects, 40% free, 23MB/39MB, paused 417us total 31.963ms
08-06 14:07:49.063 20441 20753 I art     : Starting a blocking GC Explicit
08-06 14:07:49.096 20441 20753 I art     : Explicit concurrent mark sweep GC freed 1959(77KB) AllocSpace objects, 0(0B) LOS objects, 40% free, 23MB/39MB, paused 402us total 32.463ms
08-06 14:07:49.112 20441 20753 I art     : Starting a blocking GC Explicit
08-06 14:07:49.145 20441 20753 I art     : Explicit concurrent mark sweep GC freed 82(3KB) AllocSpace objects, 0(0B) LOS objects, 40% free, 23MB/39MB, paused 389us total 32.115ms
08-06 14:07:49.220 20441 21012 I NAPPA_EXPERIMENTATION: MetricNetworkRequestExecutionTime: REQUEST_DURATION_SYSTEM='285',REQUEST_DURATION_OKHTTP='148',REQUEST_SYNCHRONOUS='TRUE',RESPONSE_CODE='200',RESPONSE_METHOD='GET',RESPONSE_LENGTH_OKHTTP='-1',RESPONSE_LENGTH_HEADER='4700',REQUEST_PROTOCOL='h2',REQUEST_URL='https://oauth.reddit.com/r/askscience/about.json',
08-06 14:07:49.220 20441 21012 D OK      : request got status: 200
08-06 14:07:49.442 20441 20452 I art     : Starting a blocking GC Explicit
08-06 14:07:49.479 20441 20452 I art     : Explicit concurrent mark sweep GC freed 3273(336KB) AllocSpace objects, 4(176KB) LOS objects, 39% free, 24MB/40MB, paused 332us total 36.804ms
08-06 14:07:49.496 20441 20452 I art     : Starting a blocking GC Explicit
08-06 14:07:49.532 20441 20452 I art     : Explicit concurrent mark sweep GC freed 266(12KB) AllocSpace objects, 0(0B) LOS objects, 39% free, 24MB/40MB, paused 322us total 34.922ms
08-06 14:07:49.548 20441 20452 I art     : Starting a blocking GC Explicit
08-06 14:07:49.583 20441 20452 I art     : Explicit concurrent mark sweep GC freed 19(1136B) AllocSpace objects, 0(0B) LOS objects, 39% free, 24MB/40MB, paused 318us total 34.023ms
08-06 14:07:49.600 20441 20452 I art     : Starting a blocking GC Explicit
08-06 14:07:49.637 20441 20452 I art     : Explicit concurrent mark sweep GC freed 25(1024B) AllocSpace objects, 0(0B) LOS objects, 39% free, 24MB/40MB, paused 340us total 36.599ms
08-06 14:07:49.653 20441 20452 I art     : Starting a blocking GC Explicit
08-06 14:07:49.687 20441 20452 I art     : Explicit concurrent mark sweep GC freed 3(96B) AllocSpace objects, 0(0B) LOS objects, 39% free, 24MB/40MB, paused 430us total 33.581ms
08-06 14:07:49.715 20441 21042 D OK      : calling: https://oauth.reddit.com/r/askscience/hot/.json
08-06 14:07:49.920 20441 21042 I NAPPA_EXPERIMENTATION: MetricNetworkRequestExecutionTime: REQUEST_DURATION_SYSTEM='205',REQUEST_DURATION_OKHTTP='201',REQUEST_SYNCHRONOUS='TRUE',RESPONSE_CODE='200',RESPONSE_METHOD='GET',RESPONSE_LENGTH_OKHTTP='-1',RESPONSE_LENGTH_HEADER='21282',REQUEST_PROTOCOL='h2',REQUEST_URL='https://oauth.reddit.com/r/askscience/hot/.json',
08-06 14:07:49.920 20441 21042 D OK      : request got status: 200
08-06 14:07:49.939 20441 21030 I PostListingFragment: Precaching images: OFF
08-06 14:07:49.939 20441 21030 I PostListingFragment: Precaching comments: OFF
08-06 14:07:49.991 20441 20677 I art     : Starting a blocking GC Explicit
08-06 14:07:50.029 20441 20677 I art     : Explicit concurrent mark sweep GC freed 4851(376KB) AllocSpace objects, 2(88KB) LOS objects, 39% free, 24MB/40MB, paused 762us total 37.757ms
08-06 14:07:50.046 20441 20677 I art     : Starting a blocking GC Explicit
08-06 14:07:50.085 20441 20677 I art     : Explicit concurrent mark sweep GC freed 3363(165KB) AllocSpace objects, 1(68KB) LOS objects, 39% free, 24MB/40MB, paused 482us total 39.162ms
08-06 14:07:50.103 20441 20677 I art     : Starting a blocking GC Explicit
08-06 14:07:50.144 20441 20677 I art     : Explicit concurrent mark sweep GC freed 2925(116KB) AllocSpace objects, 0(0B) LOS objects, 39% free, 24MB/40MB, paused 473us total 40.929ms
08-06 14:07:50.161 20441 20677 I art     : Starting a blocking GC Explicit
08-06 14:07:50.203 20441 20677 I art     : Explicit concurrent mark sweep GC freed 2834(107KB) AllocSpace objects, 0(0B) LOS objects, 39% free, 24MB/40MB, paused 419us total 41.446ms
08-06 14:07:50.220 20441 20677 I art     : Starting a blocking GC Explicit
08-06 14:07:50.260 20441 20677 I art     : Explicit concurrent mark sweep GC freed 3031(112KB) AllocSpace objects, 0(0B) LOS objects, 39% free, 24MB/40MB, paused 543us total 40.032ms
08-06 14:07:50.573 20441 20753 I art     : Starting a blocking GC Explicit
08-06 14:07:50.622 20441 20753 I art     : Explicit concurrent mark sweep GC freed 22370(1011KB) AllocSpace objects, 1(20KB) LOS objects, 39% free, 24MB/40MB, paused 434us total 49.039ms
08-06 14:07:50.641 20441 20753 I art     : Starting a blocking GC Explicit
08-06 14:07:50.655 14376 14376 I ServiceManager: Waiting for service AtCmdFwd...
08-06 14:07:50.678 20441 20753 I art     : Explicit concurrent mark sweep GC freed 1079(47KB) AllocSpace objects, 0(0B) LOS objects, 39% free, 24MB/40MB, paused 361us total 36.673ms
08-06 14:07:50.695 20441 20753 I art     : Starting a blocking GC Explicit
08-06 14:07:50.734 20441 20753 I art     : Explicit concurrent mark sweep GC freed 46(1680B) AllocSpace objects, 0(0B) LOS objects, 39% free, 24MB/40MB, paused 381us total 38.172ms
08-06 14:07:50.757 20441 20753 I art     : Starting a blocking GC Explicit
08-06 14:07:50.791 20441 20753 I art     : Explicit concurrent mark sweep GC freed 103(5KB) AllocSpace objects, 0(0B) LOS objects, 39% free, 24MB/40MB, paused 339us total 33.169ms
08-06 14:07:50.808 20441 20753 I art     : Starting a blocking GC Explicit
08-06 14:07:50.846 20441 20753 I art     : Explicit concurrent mark sweep GC freed 56(3KB) AllocSpace objects, 0(0B) LOS objects, 39% free, 24MB/40MB, paused 306us total 38.301ms
08-06 14:07:51.173 20441 20677 I art     : Starting a blocking GC Explicit
08-06 14:07:51.219 20441 20677 I art     : Explicit concurrent mark sweep GC freed 1562(88KB) AllocSpace objects, 1(20KB) LOS objects, 39% free, 24MB/40MB, paused 334us total 46.107ms
08-06 14:07:51.237 20441 20677 I art     : Starting a blocking GC Explicit
08-06 14:07:51.278 20441 20677 I art     : Explicit concurrent mark sweep GC freed 20(704B) AllocSpace objects, 0(0B) LOS objects, 39% free, 24MB/40MB, paused 347us total 41.001ms
08-06 14:07:51.295 20441 20677 I art     : Starting a blocking GC Explicit
08-06 14:07:51.336 20441 20677 I art     : Explicit concurrent mark sweep GC freed 3(96B) AllocSpace objects, 0(0B) LOS objects, 39% free, 24MB/40MB, paused 330us total 40.205ms
08-06 14:07:51.354 20441 20677 I art     : Starting a blocking GC Explicit
08-06 14:07:51.395 20441 20677 I art     : Explicit concurrent mark sweep GC freed 3(96B) AllocSpace objects, 0(0B) LOS objects, 39% free, 24MB/40MB, paused 305us total 41.542ms
08-06 14:07:51.413 20441 20677 I art     : Starting a blocking GC Explicit
08-06 14:07:51.453 20441 20677 I art     : Explicit concurrent mark sweep GC freed 3(96B) AllocSpace objects, 0(0B) LOS objects, 39% free, 24MB/40MB, paused 330us total 39.861ms
08-06 14:07:51.655 14376 14376 I ServiceManager: Waiting for service AtCmdFwd...
08-06 14:07:51.790 20441 20753 I art     : Starting a blocking GC Explicit
08-06 14:07:51.842 20441 20753 I art     : Explicit concurrent mark sweep GC freed 1349(78KB) AllocSpace objects, 1(20KB) LOS objects, 39% free, 24MB/40MB, paused 338us total 51.096ms
08-06 14:07:51.863 20441 20753 I art     : Starting a blocking GC Explicit
08-06 14:07:51.904 20441 20753 I art     : Explicit concurrent mark sweep GC freed 20(704B) AllocSpace objects, 0(0B) LOS objects, 39% free, 24MB/40MB, paused 345us total 41.210ms
08-06 14:07:51.922 20441 20753 I art     : Starting a blocking GC Explicit
08-06 14:07:51.962 20441 20753 I art     : Explicit concurrent mark sweep GC freed 3(96B) AllocSpace objects, 0(0B) LOS objects, 39% free, 24MB/40MB, paused 346us total 40.055ms
08-06 14:07:51.980 20441 20753 I art     : Starting a blocking GC Explicit
08-06 14:07:52.021 20441 20753 I art     : Explicit concurrent mark sweep GC freed 3(96B) AllocSpace objects, 0(0B) LOS objects, 39% free, 24MB/40MB, paused 353us total 40.878ms
08-06 14:07:52.039 20441 20753 I art     : Starting a blocking GC Explicit
08-06 14:07:52.079 20441 20753 I art     : Explicit concurrent mark sweep GC freed 3(96B) AllocSpace objects, 0(0B) LOS objects, 39% free, 24MB/40MB, paused 346us total 39.152ms
08-06 14:07:52.187 12162 12162 I Finsky  : [1] xow.onStartJob(3): SCH: onJobSchedulerWakeup with jobId 9016
08-06 14:07:52.195 12162 12162 I Finsky  : [1] xjw.a(9): Scheduling fallback in 43199997 (absolute: 1912676067)
08-06 14:07:52.199 12162 12162 I Finsky  : [1] xjw.a(9): Scheduling fallback in 64799996 (absolute: 1934276070)
08-06 14:07:52.204 12162 12162 I Finsky  : [1] xow.onStartJob(3): SCH: onJobSchedulerWakeup with jobId 9008
08-06 14:07:52.210 12162 12162 I Finsky  : [1] xjw.a(9): Scheduling fallback in 43199998 (absolute: 1912676083)
08-06 14:07:52.213 12162 12162 I Finsky  : [1] xjw.a(9): Scheduling fallback in 64799998 (absolute: 1934276086)
08-06 14:07:52.219 12162 12162 W Finsky  : [1] xow.onStartJob(9): SCH: onJobSchedulerWakeup while already running
08-06 14:07:52.274 12162 12162 I Finsky  : [1] xkf.handleMessage(8): SCH: DeviceState: DeviceState{currentTime=1596715672268, isCharging=false, isIdle=false, netAny=true, netNotRoaming=true, netUnmetered=true, batteryPercent=100.0}
08-06 14:07:52.281 12162 20412 I Finsky  : [6592] xmu.a(8): SCH: Jobs in database: 1-1337 3-225 3-226 12-1 24-77777777 26-1414141414 
08-06 14:07:52.285 12162 12162 I Finsky  : [1] xkg.a(16): SCH: Running job: 12-1
08-06 14:07:52.286 12162 12162 I Finsky  : [1] ContentSyncJob.a(16): [ContentSync] job started
08-06 14:07:52.287 12162 12162 I Finsky  : [1] xkf.handleMessage(61): SCH: RunningQueue size: 1, PendingQueue size: 0
08-06 14:07:52.287 12162 12162 I Finsky  : [1] xkf.handleMessage(64): SCH: Running queue: 12-1 
08-06 14:07:52.363 12162 20431 I Finsky  : [6599] dzn.a(22): Completed 0 account content syncs with 0 successful.
08-06 14:07:52.364 12162 12162 I Finsky  : [1] ContentSyncJob.a(1): [ContentSync] Installation state replication succeeded.
08-06 14:07:52.365 12162 12162 I Finsky  : [1] xlr.a(13): SCH: jobFinished: 12-1. TimeElapsed: 80ms.
08-06 14:07:52.365 20441 20452 I art     : Starting a blocking GC Explicit
08-06 14:07:52.365 12162 12162 I Finsky  : [1] xkg.a(36): SCH: Job 12-1 finished. Not rescheduling.
08-06 14:07:52.366 12162 12162 I Finsky  : [1] xkf.handleMessage(61): SCH: RunningQueue size: 0, PendingQueue size: 0
08-06 14:07:52.366 12162 12162 I Finsky  : [1] xkf.handleMessage(25): Executor finished
08-06 14:07:52.380 12162 12162 I Finsky  : [1] xmu.a(8): SCH: Jobs in database: 1-1337 3-225 3-226 24-77777777 26-1414141414 
08-06 14:07:52.382 12162 12162 I Finsky  : [1] xio.a(57): SCH: ConstraintMapping: 24-77777777,  -> L: 0ms, D: 25338545ms, C: false, I: true, N: 0
08-06 14:07:52.383 12162 12162 I Finsky  : [1] xio.a(57): SCH: ConstraintMapping: 1-1337,  -> L: 10486388ms, D: 28680530ms, C: false, I: false, N: 1
08-06 14:07:52.383 12162 12162 I Finsky  : [1] xio.a(57): SCH: ConstraintMapping: 3-225,  -> L: 0ms, D: 68464473ms, C: false, I: true, N: 2
08-06 14:07:52.383 12162 12162 I Finsky  : [1] xio.a(57): SCH: ConstraintMapping: 3-226,  -> L: 0ms, D: 68464517ms, C: true, I: true, N: 2
08-06 14:07:52.384 12162 12162 I Finsky  : [1] xio.a(57): SCH: ConstraintMapping: 26-1414141414,  -> L: 33461917ms, D: 34361917ms, C: false, I: false, N: 0
08-06 14:07:52.395 12162 12162 I Finsky  : [1] xle.a(34): Cancelling existing jobscheduler jobs: 9019 9013 9001 9014 9009 9017 9018 9015 
08-06 14:07:52.396 12162 12162 I Finsky  : [1] xle.a(10): Throttling wakeup for job 9000 (expected to run in 0 ms) due to recent wakeup
08-06 14:07:52.396 12162 12162 I Finsky  : [1] xle.a(27): Scheduling job Id: 9000, L: 30000, D: 25338545, C: false, I: true, N: 0
08-06 14:07:52.398 12162 12162 I Finsky  : [1] xle.a(27): Scheduling job Id: 9002, L: 10486388, D: 28680530, C: false, I: false, N: 1
08-06 14:07:52.400 12162 12162 I Finsky  : [1] xle.a(10): Throttling wakeup for job 9003 (expected to run in 0 ms) due to recent wakeup
08-06 14:07:52.400 20441 20452 I art     : Explicit concurrent mark sweep GC freed 1346(78KB) AllocSpace objects, 1(20KB) LOS objects, 39% free, 24MB/40MB, paused 302us total 34.704ms
08-06 14:07:52.400 12162 12162 I Finsky  : [1] xle.a(27): Scheduling job Id: 9003, L: 30000, D: 68464473, C: false, I: true, N: 2
08-06 14:07:52.402 12162 12162 I Finsky  : [1] xle.a(10): Throttling wakeup for job 9004 (expected to run in 0 ms) due to recent wakeup
08-06 14:07:52.402 12162 12162 I Finsky  : [1] xle.a(27): Scheduling job Id: 9004, L: 30000, D: 68464517, C: true, I: true, N: 2
08-06 14:07:52.404 12162 12162 I Finsky  : [1] xle.a(27): Scheduling job Id: 9005, L: 33461917, D: 34361917, C: false, I: false, N: 0
08-06 14:07:52.405 12162 12162 I Finsky  : [1] xle.a(10): Throttling wakeup for job 9006 (expected to run in 0 ms) due to recent wakeup
08-06 14:07:52.406 12162 12162 I Finsky  : [1] xle.a(27): Scheduling job Id: 9006, L: 30000, D: 25338545, C: false, I: true, N: 0
08-06 14:07:52.408 12162 12162 I Finsky  : [1] xle.a(27): Scheduling job Id: 9007, L: 10486388, D: 28680530, C: false, I: false, N: 1
08-06 14:07:52.409 12162 12162 I Finsky  : [1] xle.a(10): Throttling wakeup for job 9008 (expected to run in 0 ms) due to recent wakeup
08-06 14:07:52.409 12162 12162 I Finsky  : [1] xle.a(27): Scheduling job Id: 9008, L: 30000, D: 68464473, C: false, I: true, N: 2
08-06 14:07:52.411 12162 12162 I Finsky  : [1] xle.a(10): Throttling wakeup for job 9010 (expected to run in 0 ms) due to recent wakeup
08-06 14:07:52.411 12162 12162 I Finsky  : [1] xle.a(27): Scheduling job Id: 9010, L: 30000, D: 68464517, C: true, I: true, N: 2
08-06 14:07:52.413 12162 12162 I Finsky  : [1] xle.a(27): Scheduling job Id: 9011, L: 33461917, D: 34361917, C: false, I: false, N: 0
08-06 14:07:52.417 20441 20452 I art     : Starting a blocking GC Explicit
08-06 14:07:52.451 20441 20452 I art     : Explicit concurrent mark sweep GC freed 20(704B) AllocSpace objects, 0(0B) LOS objects, 39% free, 24MB/40MB, paused 317us total 32.920ms
08-06 14:07:52.467 20441 20452 I art     : Starting a blocking GC Explicit
08-06 14:07:52.504 20441 20452 I art     : Explicit concurrent mark sweep GC freed 3(96B) AllocSpace objects, 0(0B) LOS objects, 39% free, 24MB/40MB, paused 341us total 36.546ms
08-06 14:07:52.521 20441 20452 I art     : Starting a blocking GC Explicit
08-06 14:07:52.558 20441 20452 I art     : Explicit concurrent mark sweep GC freed 3(96B) AllocSpace objects, 0(0B) LOS objects, 39% free, 24MB/40MB, paused 336us total 36.794ms
08-06 14:07:52.575 20441 20452 I art     : Starting a blocking GC Explicit
08-06 14:07:52.617 20441 20452 I art     : Explicit concurrent mark sweep GC freed 3(96B) AllocSpace objects, 0(0B) LOS objects, 39% free, 24MB/40MB, paused 343us total 40.855ms
08-06 14:07:52.656 14376 14376 I ServiceManager: Waiting for service AtCmdFwd...
08-06 14:07:52.904 20441 20453 I art     : Starting a blocking GC Explicit
08-06 14:07:52.941 20441 20453 I art     : Explicit concurrent mark sweep GC freed 1346(78KB) AllocSpace objects, 1(20KB) LOS objects, 39% free, 24MB/40MB, paused 330us total 37.261ms
08-06 14:07:52.959 20441 20453 I art     : Starting a blocking GC Explicit
08-06 14:07:52.997 20441 20453 I art     : Explicit concurrent mark sweep GC freed 20(704B) AllocSpace objects, 0(0B) LOS objects, 39% free, 24MB/40MB, paused 370us total 38.286ms
08-06 14:07:53.015 20441 20453 I art     : Starting a blocking GC Explicit
08-06 14:07:53.054 20441 20453 I art     : Explicit concurrent mark sweep GC freed 3(96B) AllocSpace objects, 0(0B) LOS objects, 39% free, 24MB/40MB, paused 299us total 39.009ms
08-06 14:07:53.072 20441 20453 I art     : Starting a blocking GC Explicit
08-06 14:07:53.113 20441 20453 I art     : Explicit concurrent mark sweep GC freed 3(96B) AllocSpace objects, 0(0B) LOS objects, 39% free, 24MB/40MB, paused 343us total 40.942ms
08-06 14:07:53.131 20441 20453 I art     : Starting a blocking GC Explicit
08-06 14:07:53.171 20441 20453 I art     : Explicit concurrent mark sweep GC freed 3(96B) AllocSpace objects, 0(0B) LOS objects, 39% free, 24MB/40MB, paused 347us total 40.125ms
08-06 14:07:53.504 20441 20677 I art     : Starting a blocking GC Explicit
08-06 14:07:53.550 20441 20677 I art     : Explicit concurrent mark sweep GC freed 1350(79KB) AllocSpace objects, 1(20KB) LOS objects, 39% free, 24MB/40MB, paused 351us total 45.968ms
08-06 14:07:53.571 20441 20677 I art     : Starting a blocking GC Explicit
08-06 14:07:53.614 20441 20677 I art     : Explicit concurrent mark sweep GC freed 20(704B) AllocSpace objects, 0(0B) LOS objects, 39% free, 24MB/40MB, paused 303us total 42.476ms
08-06 14:07:53.632 20441 20677 I art     : Starting a blocking GC Explicit
08-06 14:07:53.657 14376 14376 I ServiceManager: Waiting for service AtCmdFwd...
08-06 14:07:53.668 20441 20677 I art     : Explicit concurrent mark sweep GC freed 3(96B) AllocSpace objects, 0(0B) LOS objects, 39% free, 24MB/40MB, paused 327us total 36.025ms
08-06 14:07:53.668 20441 20451 I art     : WaitForGcToComplete blocked for 36.311ms for cause HeapTrim
08-06 14:07:53.685 20441 20677 I art     : Starting a blocking GC Explicit
08-06 14:07:53.720 20441 20677 I art     : Explicit concurrent mark sweep GC freed 3(96B) AllocSpace objects, 0(0B) LOS objects, 39% free, 24MB/40MB, paused 320us total 35.457ms
08-06 14:07:53.737 20441 20677 I art     : Starting a blocking GC Explicit
08-06 14:07:53.774 20441 20677 I art     : Explicit concurrent mark sweep GC freed 3(96B) AllocSpace objects, 0(0B) LOS objects, 39% free, 24MB/40MB, paused 322us total 35.926ms
08-06 14:07:54.094 20441 20753 I art     : Starting a blocking GC Explicit
08-06 14:07:54.133 20441 20753 I art     : Explicit concurrent mark sweep GC freed 1347(78KB) AllocSpace objects, 1(20KB) LOS objects, 39% free, 24MB/40MB, paused 338us total 38.564ms
08-06 14:07:54.151 20441 20753 I art     : Starting a blocking GC Explicit
08-06 14:07:54.189 21115 21115 D AndroidRuntime: >>>>>> START com.android.internal.os.RuntimeInit uid 2000 <<<<<<
08-06 14:07:54.190 20441 20753 I art     : Explicit concurrent mark sweep GC freed 20(704B) AllocSpace objects, 0(0B) LOS objects, 39% free, 24MB/40MB, paused 360us total 39.032ms
08-06 14:07:54.195 21115 21115 D AndroidRuntime: CheckJNI is OFF
08-06 14:07:54.207 20441 20753 I art     : Starting a blocking GC Explicit
08-06 14:07:54.240 21115 21115 D ICU     : No timezone override file found: /data/misc/zoneinfo/current/icu/icu_tzdata.dat
08-06 14:07:54.244 20441 20753 I art     : Explicit concurrent mark sweep GC freed 3(96B) AllocSpace objects, 0(0B) LOS objects, 39% free, 24MB/40MB, paused 320us total 36.422ms
08-06 14:07:54.262 20441 20753 I art     : Starting a blocking GC Explicit
08-06 14:07:54.287 21115 21115 I Radio-JNI: register_android_hardware_Radio DONE
08-06 14:07:54.300 20441 20753 I art     : Explicit concurrent mark sweep GC freed 3(96B) AllocSpace objects, 0(0B) LOS objects, 39% free, 24MB/40MB, paused 359us total 37.738ms
08-06 14:07:54.316 21115 21115 D AndroidRuntime: Calling main entry com.android.commands.input.Input
08-06 14:07:54.317 20441 20753 I art     : Starting a blocking GC Explicit
08-06 14:07:54.319 21115 21115 I Input   : injectMotionEvent: MotionEvent { action=ACTION_DOWN, actionButton=0, id[0]=0, x[0]=600.0, y[0]=700.0, toolType[0]=TOOL_TYPE_UNKNOWN, buttonState=0, metaState=0, flags=0x0, edgeFlags=0x0, pointerCount=1, historySize=0, eventTime=886090731, downTime=886090731, deviceId=0, source=0x1002 }
08-06 14:07:54.325 21115 21115 I Input   : injectMotionEvent: MotionEvent { action=ACTION_UP, actionButton=0, id[0]=0, x[0]=600.0, y[0]=700.0, toolType[0]=TOOL_TYPE_UNKNOWN, buttonState=0, metaState=0, flags=0x0, edgeFlags=0x0, pointerCount=1, historySize=0, eventTime=886090731, downTime=886090731, deviceId=0, source=0x1002 }
08-06 14:07:54.327 20441 20441 I RRChoreographer: Using modern Choreographer
08-06 14:07:54.328 21115 21115 D AndroidRuntime: Shutting down VM
08-06 14:07:54.345   512  2967 D audio_hw_primary: out_set_parameters: enter: usecase(1: low-latency-playback) kvpairs: routing=2
08-06 14:07:54.349   918  5132 I ActivityManager: START u0 {dat=https://oauth.reddit.com/... cmp=baseline.org.quantumbadger.redreader/.activities.CommentListingActivity} from uid 10705 on display 0
08-06 14:07:54.354 20441 20753 I art     : Explicit concurrent mark sweep GC freed 219(14KB) AllocSpace objects, 0(0B) LOS objects, 39% free, 24MB/40MB, paused 523us total 36.885ms
08-06 14:07:54.358   512  2967 D audio_hw_primary: select_devices: out_snd_device(2: speaker) in_snd_device(0: none)
08-06 14:07:54.358   512  2967 D msm8974_platform: platform_send_audio_calibration: sending audio calibration for snd_device(2) acdb_id(15)
08-06 14:07:54.358   512  2967 I soundtrigger: audio_extn_sound_trigger_update_device_status: device 0x2 of type 0 for Event 1
08-06 14:07:54.371   512  2967 D audio_hw_primary: enable_snd_device: snd_device(2: speaker)
08-06 14:07:54.373   512  2967 D audio_hw_primary: enable_audio_route: apply and update mixer path: low-latency-playback speaker
08-06 14:07:54.377 20441 20441 I AppCompatViewInflater: app:theme is now deprecated. Please move to using android:theme instead.
08-06 14:07:54.399 20441 21140 D OK      : calling: https://oauth.reddit.com/comments/gvc7k9/.json?sort=confidence
08-06 14:07:54.483   918   936 I ActivityManager: Displayed baseline.org.quantumbadger.redreader/.activities.CommentListingActivity: +126ms
08-06 14:07:54.484 13866 13866 I GoogleInputMethodServic: GoogleInputMethodService.onFinishInput():3138 
08-06 14:07:54.484 13866 13866 I GoogleInputMethodServic: GoogleInputMethodService.onStartInput():1808 
08-06 14:07:54.630 20441 20677 I art     : Starting a blocking GC Explicit
08-06 14:07:54.637 20441 21140 I NAPPA_EXPERIMENTATION: MetricNetworkRequestExecutionTime: REQUEST_DURATION_SYSTEM='238',REQUEST_DURATION_OKHTTP='234',REQUEST_SYNCHRONOUS='TRUE',RESPONSE_CODE='200',RESPONSE_METHOD='GET',RESPONSE_LENGTH_OKHTTP='-1',RESPONSE_LENGTH_HEADER='90132',REQUEST_PROTOCOL='h2',REQUEST_URL='https://oauth.reddit.com/comments/gvc7k9/.json?sort=confidence',
08-06 14:07:54.637 20441 21140 D OK      : request got status: 200
08-06 14:07:54.650 20441 21030 I CommentListingActivity: COMMENTS session changed to 93a15b99-460b-4226-bea7-ac753eb96e0b
08-06 14:07:54.658 14376 14376 I ServiceManager: Waiting for service AtCmdFwd...
08-06 14:07:54.682 20441 20677 I art     : Explicit concurrent mark sweep GC freed 4671(380KB) AllocSpace objects, 1(20KB) LOS objects, 38% free, 25MB/41MB, paused 603us total 52.344ms
08-06 14:07:54.703 20441 20677 I art     : Starting a blocking GC Explicit
08-06 14:07:54.722   380   380 W SurfaceFlinger: couldn't log to binary event log: overflow.
08-06 14:07:54.752 20441 20677 I art     : Explicit concurrent mark sweep GC freed 9006(604KB) AllocSpace objects, 2(36KB) LOS objects, 37% free, 26MB/42MB, paused 1.080ms total 48.479ms
08-06 14:07:54.770 20441 20677 I art     : Starting a blocking GC Explicit
08-06 14:07:54.822 20441 20677 I art     : Explicit concurrent mark sweep GC freed 8635(623KB) AllocSpace objects, 0(0B) LOS objects, 36% free, 27MB/43MB, paused 1.382ms total 51.740ms
08-06 14:07:54.840 20441 20677 I art     : Starting a blocking GC Explicit
08-06 14:07:54.892 20441 20677 I art     : Explicit concurrent mark sweep GC freed 10424(747KB) AllocSpace objects, 0(0B) LOS objects, 36% free, 28MB/44MB, paused 793us total 51.309ms
08-06 14:07:54.908   512  2967 D audio_hw_primary: disable_audio_route: reset and update mixer path: low-latency-playback speaker
08-06 14:07:54.909   512  2967 D audio_hw_primary: disable_snd_device: snd_device(2: speaker)
08-06 14:07:54.910 20441 20677 I art     : Starting a blocking GC Explicit
08-06 14:07:54.916   512  2967 I soundtrigger: audio_extn_sound_trigger_update_device_status: device 0x2 of type 0 for Event 0
08-06 14:07:54.967 20441 20677 I art     : Explicit concurrent mark sweep GC freed 12210(788KB) AllocSpace objects, 1(16KB) LOS objects, 35% free, 28MB/44MB, paused 610us total 56.663ms
08-06 14:07:55.275 20441 20453 I art     : Starting a blocking GC Explicit
08-06 14:07:55.334 20441 20453 I art     : Explicit concurrent mark sweep GC freed 22804(1144KB) AllocSpace objects, 3(156KB) LOS objects, 36% free, 27MB/43MB, paused 465us total 59.090ms
08-06 14:07:55.354 20441 20453 I art     : Starting a blocking GC Explicit
08-06 14:07:55.408 20441 20453 I art     : Explicit concurrent mark sweep GC freed 37(1456B) AllocSpace objects, 0(0B) LOS objects, 36% free, 27MB/43MB, paused 362us total 54.009ms
08-06 14:07:55.428 20441 20453 I art     : Starting a blocking GC Explicit
08-06 14:07:55.482 20441 20453 I art     : Explicit concurrent mark sweep GC freed 3(96B) AllocSpace objects, 0(0B) LOS objects, 36% free, 27MB/43MB, paused 358us total 53.338ms
08-06 14:07:55.501 20441 20453 I art     : Starting a blocking GC Explicit
08-06 14:07:55.554 20441 20453 I art     : Explicit concurrent mark sweep GC freed 3(96B) AllocSpace objects, 0(0B) LOS objects, 36% free, 27MB/43MB, paused 346us total 52.559ms
08-06 14:07:55.573 20441 20453 I art     : Starting a blocking GC Explicit
08-06 14:07:55.626 20441 20453 I art     : Explicit concurrent mark sweep GC freed 49(1920B) AllocSpace objects, 0(0B) LOS objects, 36% free, 27MB/43MB, paused 328us total 52.283ms
08-06 14:07:55.658 14376 14376 W Atfwd_Sendcmd: AtCmdFwd service not published, waiting... retryCnt : 3
08-06 14:07:55.934 20441 20452 I art     : Starting a blocking GC Explicit
08-06 14:07:56.006 20441 20452 I art     : Explicit concurrent mark sweep GC freed 1346(78KB) AllocSpace objects, 1(20KB) LOS objects, 36% free, 27MB/43MB, paused 376us total 71.019ms
08-06 14:07:56.029 20441 20452 I art     : Starting a blocking GC Explicit
08-06 14:07:56.093 20441 20452 I art     : Explicit concurrent mark sweep GC freed 20(704B) AllocSpace objects, 0(0B) LOS objects, 36% free, 27MB/43MB, paused 350us total 63.493ms
08-06 14:07:56.114 20441 20452 I art     : Starting a blocking GC Explicit
08-06 14:07:56.176 20441 20452 I art     : Explicit concurrent mark sweep GC freed 3(96B) AllocSpace objects, 0(0B) LOS objects, 36% free, 27MB/43MB, paused 352us total 61.219ms
08-06 14:07:56.196 20441 20452 I art     : Starting a blocking GC Explicit
08-06 14:07:56.258 20441 20452 I art     : Explicit concurrent mark sweep GC freed 3(96B) AllocSpace objects, 0(0B) LOS objects, 36% free, 27MB/43MB, paused 367us total 62.036ms
08-06 14:07:56.282 20441 20452 I art     : Starting a blocking GC Explicit
08-06 14:07:56.345 20441 20452 I art     : Explicit concurrent mark sweep GC freed 3(96B) AllocSpace objects, 0(0B) LOS objects, 36% free, 27MB/43MB, paused 367us total 62.936ms
08-06 14:07:56.680 20441 20677 I art     : Starting a blocking GC Explicit
08-06 14:07:56.747 20441 20677 I art     : Explicit concurrent mark sweep GC freed 1346(78KB) AllocSpace objects, 1(20KB) LOS objects, 36% free, 27MB/43MB, paused 365us total 66.240ms
08-06 14:07:56.770 20441 20677 I art     : Starting a blocking GC Explicit
08-06 14:07:56.829 20441 20677 I art     : Explicit concurrent mark sweep GC freed 20(704B) AllocSpace objects, 0(0B) LOS objects, 36% free, 27MB/43MB, paused 338us total 59.359ms
08-06 14:07:56.853 20441 20677 I art     : Starting a blocking GC Explicit
08-06 14:07:56.917 20441 20677 I art     : Explicit concurrent mark sweep GC freed 3(96B) AllocSpace objects, 0(0B) LOS objects, 36% free, 27MB/43MB, paused 362us total 64.486ms
08-06 14:07:56.940 20441 20677 I art     : Starting a blocking GC Explicit
08-06 14:07:56.999 20441 20677 I art     : Explicit concurrent mark sweep GC freed 3(96B) AllocSpace objects, 0(0B) LOS objects, 36% free, 27MB/43MB, paused 353us total 59.282ms
08-06 14:07:57.020 20441 20677 I art     : Starting a blocking GC Explicit
08-06 14:07:57.080 20441 20677 I art     : Explicit concurrent mark sweep GC freed 3(96B) AllocSpace objects, 0(0B) LOS objects, 36% free, 27MB/43MB, paused 347us total 59.795ms
08-06 14:07:57.336  5179  5194 D QcrilMsgTunnelSocket: readRilMessage: Buffer = [B@671e81d HexData = [010000000404000011000000514f454d484f4f4bef0308000100000003]
08-06 14:07:57.336  5179  5194 D QcrilMsgTunnelSocket: Rcvd UNSOL response with 28 bytes data for SUB0
08-06 14:07:57.337  5179  5194 D QcrilMsgTunnelSocket: Response ID 525295 is not served in this process.
08-06 14:07:57.337  5179  5194 D QcrilMsgTunnelSocket: To broadcast an Intent via the notifier to external apps
08-06 14:07:57.337  5179  5179 D QcrilMsgTunnelIfaceManager: handleMessage what = 0
08-06 14:07:57.337  5179  5179 D QcrilMsgTunnelIfaceManager: Broadcasting intent ACTION_UNSOL_RESPONSE_OEM_HOOK_RAW
08-06 14:07:57.351  5164  5164 D QC_RIL_OEM_HOOK: Received Broadcast Intent ACTION_UNSOL_RESPONSE_OEM_HOOK_RAW
08-06 14:07:57.351  5164  5164 D QC_RIL_OEM_HOOK: Oem ID in QCRILHOOK UNSOL RESP is QOEMHOOK
08-06 14:07:57.414 20441 20753 I art     : Starting a blocking GC Explicit
08-06 14:07:57.480 20441 20753 I art     : Explicit concurrent mark sweep GC freed 1346(78KB) AllocSpace objects, 1(20KB) LOS objects, 36% free, 27MB/43MB, paused 371us total 65.555ms
08-06 14:07:57.502 20441 20753 I art     : Starting a blocking GC Explicit
08-06 14:07:57.562 20441 20753 I art     : Explicit concurrent mark sweep GC freed 20(704B) AllocSpace objects, 0(0B) LOS objects, 36% free, 27MB/43MB, paused 341us total 60.009ms
08-06 14:07:57.582 20441 20753 I art     : Starting a blocking GC Explicit
08-06 14:07:57.647 20441 20753 I art     : Explicit concurrent mark sweep GC freed 3(96B) AllocSpace objects, 0(0B) LOS objects, 36% free, 27MB/43MB, paused 369us total 64.311ms
08-06 14:07:57.670 20441 20753 I art     : Starting a blocking GC Explicit
08-06 14:07:57.733 20441 20753 I art     : Explicit concurrent mark sweep GC freed 3(96B) AllocSpace objects, 0(0B) LOS objects, 36% free, 27MB/43MB, paused 334us total 62.923ms
08-06 14:07:57.756 20441 20753 I art     : Starting a blocking GC Explicit
08-06 14:07:57.820 20441 20753 I art     : Explicit concurrent mark sweep GC freed 3(96B) AllocSpace objects, 0(0B) LOS objects, 36% free, 27MB/43MB, paused 338us total 63.728ms
08-06 14:07:58.134 20441 20453 I art     : Starting a blocking GC Explicit
08-06 14:07:58.201 20441 20453 I art     : Explicit concurrent mark sweep GC freed 1346(78KB) AllocSpace objects, 1(20KB) LOS objects, 36% free, 27MB/43MB, paused 366us total 66.805ms
08-06 14:07:58.223 20441 20453 I art     : Starting a blocking GC Explicit
08-06 14:07:58.285 20441 20453 I art     : Explicit concurrent mark sweep GC freed 20(704B) AllocSpace objects, 0(0B) LOS objects, 36% free, 27MB/43MB, paused 353us total 61.483ms
08-06 14:07:58.305 20441 20453 I art     : Starting a blocking GC Explicit
08-06 14:07:58.369 20441 20453 I art     : Explicit concurrent mark sweep GC freed 3(96B) AllocSpace objects, 0(0B) LOS objects, 36% free, 27MB/43MB, paused 378us total 63.451ms
08-06 14:07:58.392 20441 20453 I art     : Starting a blocking GC Explicit
08-06 14:07:58.455 20441 20453 I art     : Explicit concurrent mark sweep GC freed 3(96B) AllocSpace objects, 0(0B) LOS objects, 36% free, 27MB/43MB, paused 360us total 62.371ms
08-06 14:07:58.477 20441 20453 I art     : Starting a blocking GC Explicit
08-06 14:07:58.538 20441 20453 I art     : Explicit concurrent mark sweep GC freed 3(96B) AllocSpace objects, 0(0B) LOS objects, 36% free, 27MB/43MB, paused 320us total 60.869ms
08-06 14:07:58.822 20441 20452 I art     : Starting a blocking GC Explicit
08-06 14:07:58.876 20441 20452 I art     : Explicit concurrent mark sweep GC freed 1351(79KB) AllocSpace objects, 1(20KB) LOS objects, 36% free, 27MB/43MB, paused 350us total 53.629ms
08-06 14:07:58.896 20441 20452 I art     : Starting a blocking GC Explicit
08-06 14:07:58.953 20441 20452 I art     : Explicit concurrent mark sweep GC freed 20(704B) AllocSpace objects, 0(0B) LOS objects, 36% free, 27MB/43MB, paused 350us total 56.974ms
08-06 14:07:58.973 20441 20452 I art     : Starting a blocking GC Explicit
08-06 14:07:59.034 20441 20452 I art     : Explicit concurrent mark sweep GC freed 3(96B) AllocSpace objects, 0(0B) LOS objects, 36% free, 27MB/43MB, paused 360us total 60.445ms
08-06 14:07:59.058 20441 20452 I art     : Starting a blocking GC Explicit
08-06 14:07:59.115 20441 20452 I art     : Explicit concurrent mark sweep GC freed 3(96B) AllocSpace objects, 0(0B) LOS objects, 36% free, 27MB/43MB, paused 367us total 56.705ms
08-06 14:07:59.122 21211 21211 D AndroidRuntime: >>>>>> START com.android.internal.os.RuntimeInit uid 2000 <<<<<<
08-06 14:07:59.128 21211 21211 D AndroidRuntime: CheckJNI is OFF
08-06 14:07:59.135 20441 20452 I art     : Starting a blocking GC Explicit
08-06 14:07:59.173 21211 21211 D ICU     : No timezone override file found: /data/misc/zoneinfo/current/icu/icu_tzdata.dat
08-06 14:07:59.189 20441 20452 I art     : Explicit concurrent mark sweep GC freed 3(96B) AllocSpace objects, 0(0B) LOS objects, 36% free, 27MB/43MB, paused 357us total 54.305ms
08-06 14:07:59.222 21211 21211 I Radio-JNI: register_android_hardware_Radio DONE
08-06 14:07:59.251 21211 21211 D AndroidRuntime: Calling main entry com.android.commands.input.Input
08-06 14:07:59.252 21211 21211 I Input   : injectKeyEvent: KeyEvent { action=ACTION_DOWN, keyCode=KEYCODE_BACK, scanCode=0, metaState=0, flags=0x0, repeatCount=0, eventTime=886095665, downTime=886095665, deviceId=-1, source=0x101 }
08-06 14:07:59.259 21211 21211 I Input   : injectKeyEvent: KeyEvent { action=ACTION_UP, keyCode=KEYCODE_BACK, scanCode=0, metaState=0, flags=0x0, repeatCount=0, eventTime=886095665, downTime=886095665, deviceId=-1, source=0x101 }
08-06 14:07:59.265 21211 21211 D AndroidRuntime: Shutting down VM
08-06 14:07:59.307 13866 13866 I GoogleInputMethodServic: GoogleInputMethodService.onFinishInput():3138 
08-06 14:07:59.308 13866 13866 I GoogleInputMethodServic: GoogleInputMethodService.onStartInput():1808 
08-06 14:07:59.360 20441 21139 I RedditChangeDataIO: Writing tmp data file at '/data/user/0/baseline.org.quantumbadger.redreader/files/rr_change_data_tmp.dat'
08-06 14:07:59.361 20441 21139 I RedditChangeDataManager: Taking snapshot...
08-06 14:07:59.361 20441 21139 I RedditChangeDataManager: Writing to stream...
08-06 14:07:59.361 20441 21139 I RedditChangeDataManager: Wrote 1 entries for user ''
08-06 14:07:59.361 20441 21139 I RedditChangeDataManager: All entries written to stream.
08-06 14:07:59.361 20441 21139 I RedditChangeDataIO: Write successful. Atomically replacing data file...
08-06 14:07:59.362 20441 21139 I RedditChangeDataIO: Write complete.
08-06 14:07:59.362 20441 21139 I RedditChangeDataIO: 38 bytes written in 2 ms
08-06 14:07:59.471 20441 20677 I art     : Starting a blocking GC Explicit
08-06 14:07:59.531 20441 20677 I art     : Explicit concurrent mark sweep GC freed 1669(93KB) AllocSpace objects, 2(88KB) LOS objects, 36% free, 27MB/43MB, paused 360us total 59.634ms
08-06 14:07:59.553 20441 20677 I art     : Starting a blocking GC Explicit
08-06 14:07:59.614 20441 20677 I art     : Explicit concurrent mark sweep GC freed 27(960B) AllocSpace objects, 0(0B) LOS objects, 36% free, 27MB/43MB, paused 309us total 60.729ms
08-06 14:07:59.627   380   380 W SurfaceFlinger: couldn't log to binary event log: overflow.
08-06 14:07:59.634 20441 20677 I art     : Starting a blocking GC Explicit
08-06 14:07:59.682 20441 20677 I art     : Explicit concurrent mark sweep GC freed 65(2400B) AllocSpace objects, 0(0B) LOS objects, 36% free, 27MB/43MB, paused 336us total 47.947ms
08-06 14:07:59.703 20441 20677 I art     : Starting a blocking GC Explicit
08-06 14:07:59.742 20441 20677 I art     : Explicit concurrent mark sweep GC freed 46761(2MB) AllocSpace objects, 5(140KB) LOS objects, 39% free, 24MB/40MB, paused 318us total 39.256ms
08-06 14:07:59.758 20441 20677 I art     : Starting a blocking GC Explicit
08-06 14:07:59.792 20441 20677 I art     : Explicit concurrent mark sweep GC freed 3(96B) AllocSpace objects, 0(0B) LOS objects, 39% free, 24MB/40MB, paused 315us total 33.160ms
08-06 14:08:00.095 20441 20453 I art     : Starting a blocking GC Explicit
08-06 14:08:00.133 20441 20453 I art     : Explicit concurrent mark sweep GC freed 1621(122KB) AllocSpace objects, 1(20KB) LOS objects, 39% free, 24MB/40MB, paused 302us total 37.451ms
08-06 14:08:00.150 20441 20453 I art     : Starting a blocking GC Explicit
08-06 14:08:00.188 20441 20453 I art     : Explicit concurrent mark sweep GC freed 85(2880B) AllocSpace objects, 0(0B) LOS objects, 39% free, 24MB/40MB, paused 303us total 37.792ms
08-06 14:08:00.206 20441 20453 I art     : Starting a blocking GC Explicit
08-06 14:08:00.242 20441 20453 I art     : Explicit concurrent mark sweep GC freed 3(96B) AllocSpace objects, 0(0B) LOS objects, 39% free, 24MB/40MB, paused 295us total 36.445ms
08-06 14:08:00.259 20441 20453 I art     : Starting a blocking GC Explicit
08-06 14:08:00.297 20441 20453 I art     : Explicit concurrent mark sweep GC freed 3(96B) AllocSpace objects, 0(0B) LOS objects, 39% free, 24MB/40MB, paused 302us total 37.566ms
08-06 14:08:00.315 20441 20453 I art     : Starting a blocking GC Explicit
08-06 14:08:00.352 20441 20453 I art     : Explicit concurrent mark sweep GC freed 3(96B) AllocSpace objects, 0(0B) LOS objects, 39% free, 24MB/40MB, paused 301us total 37.394ms
08-06 14:08:00.640 20441 20452 I art     : Starting a blocking GC Explicit
08-06 14:08:00.681 20441 20452 I art     : Explicit concurrent mark sweep GC freed 1346(78KB) AllocSpace objects, 1(20KB) LOS objects, 39% free, 24MB/40MB, paused 320us total 41.394ms
08-06 14:08:00.701 20441 20452 I art     : Starting a blocking GC Explicit
08-06 14:08:00.738 20441 20452 I art     : Explicit concurrent mark sweep GC freed 20(704B) AllocSpace objects, 0(0B) LOS objects, 39% free, 24MB/40MB, paused 310us total 37.301ms
08-06 14:08:00.756 20441 20452 I art     : Starting a blocking GC Explicit
08-06 14:08:00.792 20441 20452 I art     : Explicit concurrent mark sweep GC freed 3(96B) AllocSpace objects, 0(0B) LOS objects, 39% free, 24MB/40MB, paused 282us total 36.305ms
08-06 14:08:00.809 20441 20452 I art     : Starting a blocking GC Explicit
08-06 14:08:00.845 20441 20452 I art     : Explicit concurrent mark sweep GC freed 3(96B) AllocSpace objects, 0(0B) LOS objects, 39% free, 24MB/40MB, paused 309us total 35.870ms
08-06 14:08:00.862 20441 20452 I art     : Starting a blocking GC Explicit
08-06 14:08:00.898 20441 20452 I art     : Explicit concurrent mark sweep GC freed 3(96B) AllocSpace objects, 0(0B) LOS objects, 39% free, 24MB/40MB, paused 294us total 35.845ms
08-06 14:08:01.055 21257 21257 D AndroidRuntime: >>>>>> START com.android.internal.os.RuntimeInit uid 2000 <<<<<<
08-06 14:08:01.062 21257 21257 D AndroidRuntime: CheckJNI is OFF
08-06 14:08:01.105 21257 21257 D ICU     : No timezone override file found: /data/misc/zoneinfo/current/icu/icu_tzdata.dat
08-06 14:08:01.146 21257 21257 I Radio-JNI: register_android_hardware_Radio DONE
08-06 14:08:01.174 21257 21257 D AndroidRuntime: Calling main entry com.android.commands.input.Input
08-06 14:08:01.177 21257 21257 I Input   : injectMotionEvent: MotionEvent { action=ACTION_DOWN, actionButton=0, id[0]=0, x[0]=600.0, y[0]=950.0, toolType[0]=TOOL_TYPE_UNKNOWN, buttonState=0, metaState=0, flags=0x0, edgeFlags=0x0, pointerCount=1, historySize=0, eventTime=886097589, downTime=886097589, deviceId=0, source=0x1002 }
08-06 14:08:01.181 21257 21257 I Input   : injectMotionEvent: MotionEvent { action=ACTION_UP, actionButton=0, id[0]=0, x[0]=600.0, y[0]=950.0, toolType[0]=TOOL_TYPE_UNKNOWN, buttonState=0, metaState=0, flags=0x0, edgeFlags=0x0, pointerCount=1, historySize=0, eventTime=886097589, downTime=886097589, deviceId=0, source=0x1002 }
08-06 14:08:01.182 21257 21257 D AndroidRuntime: Shutting down VM
08-06 14:08:01.199   512  2967 D audio_hw_primary: out_set_parameters: enter: usecase(1: low-latency-playback) kvpairs: routing=2
08-06 14:08:01.203   918  6111 I ActivityManager: START u0 {dat=https://oauth.reddit.com/... cmp=baseline.org.quantumbadger.redreader/.activities.CommentListingActivity} from uid 10705 on display 0
08-06 14:08:01.211 20441 20453 I art     : Starting a blocking GC Explicit
08-06 14:08:01.212   512  2967 D audio_hw_primary: select_devices: out_snd_device(2: speaker) in_snd_device(0: none)
08-06 14:08:01.212   512  2967 D msm8974_platform: platform_send_audio_calibration: sending audio calibration for snd_device(2) acdb_id(15)
08-06 14:08:01.213   512  2967 I soundtrigger: audio_extn_sound_trigger_update_device_status: device 0x2 of type 0 for Event 1
08-06 14:08:01.224   512  2967 D audio_hw_primary: enable_snd_device: snd_device(2: speaker)
08-06 14:08:01.227   512  2967 D audio_hw_primary: enable_audio_route: apply and update mixer path: low-latency-playback speaker
08-06 14:08:01.232 20441 20441 I AppCompatViewInflater: app:theme is now deprecated. Please move to using android:theme instead.
08-06 14:08:01.254 20441 21290 D OK      : calling: https://oauth.reddit.com/comments/hwnhe2/.json?sort=confidence
08-06 14:08:01.256 20441 20453 I art     : Explicit concurrent mark sweep GC freed 3258(175KB) AllocSpace objects, 1(20KB) LOS objects, 39% free, 25MB/41MB, paused 606us total 43.947ms
08-06 14:08:01.274 20441 20453 I art     : Starting a blocking GC Explicit
08-06 14:08:01.308 20441 20453 I art     : Explicit concurrent mark sweep GC freed 615(36KB) AllocSpace objects, 0(0B) LOS objects, 39% free, 24MB/40MB, paused 607us total 34.083ms
08-06 14:08:01.326 20441 20453 I art     : Starting a blocking GC Explicit
08-06 14:08:01.333 13866 13866 I GoogleInputMethodServic: GoogleInputMethodService.onFinishInput():3138 
08-06 14:08:01.334   918   936 I ActivityManager: Displayed baseline.org.quantumbadger.redreader/.activities.CommentListingActivity: +123ms
08-06 14:08:01.334 13866 13866 I GoogleInputMethodServic: GoogleInputMethodService.onStartInput():1808 
08-06 14:08:01.365 20441 20453 I art     : Explicit concurrent mark sweep GC freed 536(19KB) AllocSpace objects, 0(0B) LOS objects, 38% free, 25MB/41MB, paused 421us total 38.691ms
08-06 14:08:01.384 20441 20453 I art     : Starting a blocking GC Explicit
08-06 14:08:01.417 20441 20453 I art     : Explicit concurrent mark sweep GC freed 188(12KB) AllocSpace objects, 0(0B) LOS objects, 38% free, 25MB/41MB, paused 387us total 33.310ms
08-06 14:08:01.433 20441 20453 I art     : Starting a blocking GC Explicit
08-06 14:08:01.470 20441 20453 I art     : Explicit concurrent mark sweep GC freed 1879(74KB) AllocSpace objects, 0(0B) LOS objects, 38% free, 25MB/41MB, paused 378us total 36.938ms
08-06 14:08:01.580   380   380 W SurfaceFlinger: couldn't log to binary event log: overflow.
08-06 14:08:01.607 20441 21290 I NAPPA_EXPERIMENTATION: MetricNetworkRequestExecutionTime: REQUEST_DURATION_SYSTEM='352',REQUEST_DURATION_OKHTTP='152',REQUEST_SYNCHRONOUS='TRUE',RESPONSE_CODE='200',RESPONSE_METHOD='GET',RESPONSE_LENGTH_OKHTTP='-1',RESPONSE_LENGTH_HEADER='3930',REQUEST_PROTOCOL='h2',REQUEST_URL='https://oauth.reddit.com/comments/hwnhe2/.json?sort=confidence',
08-06 14:08:01.607 20441 21290 D OK      : request got status: 200
08-06 14:08:01.614 20441 21030 I CommentListingActivity: COMMENTS session changed to 4748f87f-f1df-4790-be1e-3cb5364187e5
08-06 14:08:01.743 20441 20677 I art     : Starting a blocking GC Explicit
08-06 14:08:01.780   512  2967 D audio_hw_primary: disable_audio_route: reset and update mixer path: low-latency-playback speaker
08-06 14:08:01.781   512  2967 D audio_hw_primary: disable_snd_device: snd_device(2: speaker)
08-06 14:08:01.784 20441 20677 I art     : Explicit concurrent mark sweep GC freed 6139(480KB) AllocSpace objects, 5(188KB) LOS objects, 38% free, 25MB/41MB, paused 297us total 39.974ms
08-06 14:08:01.788   512  2967 I soundtrigger: audio_extn_sound_trigger_update_device_status: device 0x2 of type 0 for Event 0
08-06 14:08:01.800 20441 20677 I art     : Starting a blocking GC Explicit
08-06 14:08:01.832 20441 20677 I art     : Explicit concurrent mark sweep GC freed 120(5KB) AllocSpace objects, 0(0B) LOS objects, 38% free, 25MB/41MB, paused 296us total 32.528ms
08-06 14:08:01.848 20441 20677 I art     : Starting a blocking GC Explicit
08-06 14:08:01.881 20441 20677 I art     : Explicit concurrent mark sweep GC freed 3(96B) AllocSpace objects, 0(0B) LOS objects, 38% free, 25MB/41MB, paused 318us total 32.736ms
08-06 14:08:01.897 20441 20677 I art     : Starting a blocking GC Explicit
08-06 14:08:01.932 20441 20677 I art     : Explicit concurrent mark sweep GC freed 3(96B) AllocSpace objects, 0(0B) LOS objects, 38% free, 25MB/41MB, paused 344us total 34.147ms
08-06 14:08:01.948 20441 20677 I art     : Starting a blocking GC Explicit
08-06 14:08:01.982 20441 20677 I art     : Explicit concurrent mark sweep GC freed 3(96B) AllocSpace objects, 0(0B) LOS objects, 38% free, 25MB/41MB, paused 342us total 33.779ms
08-06 14:08:02.278 20441 20677 I art     : Starting a blocking GC Explicit
08-06 14:08:02.316 20441 20677 I art     : Explicit concurrent mark sweep GC freed 1346(79KB) AllocSpace objects, 1(20KB) LOS objects, 38% free, 25MB/41MB, paused 332us total 37.529ms
08-06 14:08:02.327   918  3261 D WifiStateMachine: starting scan for "H369AA63323"WPA_PSK with 2412,5180
08-06 14:08:02.333 20441 20677 I art     : Starting a blocking GC Explicit
08-06 14:08:02.372 20441 20677 I art     : Explicit concurrent mark sweep GC freed 66(2528B) AllocSpace objects, 0(0B) LOS objects, 38% free, 25MB/41MB, paused 346us total 38.549ms
08-06 14:08:02.389 20441 20677 I art     : Starting a blocking GC Explicit
08-06 14:08:02.428 20441 20677 I art     : Explicit concurrent mark sweep GC freed 3(96B) AllocSpace objects, 0(0B) LOS objects, 38% free, 25MB/41MB, paused 337us total 38.430ms
08-06 14:08:02.445 20441 20677 I art     : Starting a blocking GC Explicit
08-06 14:08:02.486 20441 20677 I art     : Explicit concurrent mark sweep GC freed 3(96B) AllocSpace objects, 0(0B) LOS objects, 38% free, 25MB/41MB, paused 343us total 40.183ms
08-06 14:08:02.503 20441 20677 I art     : Starting a blocking GC Explicit
08-06 14:08:02.544 20441 20677 I art     : Explicit concurrent mark sweep GC freed 3(96B) AllocSpace objects, 0(0B) LOS objects, 38% free, 25MB/41MB, paused 333us total 39.815ms
08-06 14:08:02.845 20441 20753 I art     : Starting a blocking GC Explicit
08-06 14:08:02.896 20441 20753 I art     : Explicit concurrent mark sweep GC freed 1346(79KB) AllocSpace objects, 1(20KB) LOS objects, 38% free, 25MB/41MB, paused 368us total 50.163ms
08-06 14:08:02.916 20441 20753 I art     : Starting a blocking GC Explicit
08-06 14:08:02.961 20441 20753 I art     : Explicit concurrent mark sweep GC freed 20(704B) AllocSpace objects, 0(0B) LOS objects, 38% free, 25MB/41MB, paused 339us total 45.272ms
08-06 14:08:02.979 20441 20753 I art     : Starting a blocking GC Explicit
08-06 14:08:03.023 20441 20753 I art     : Explicit concurrent mark sweep GC freed 3(96B) AllocSpace objects, 0(0B) LOS objects, 38% free, 25MB/41MB, paused 347us total 43.263ms
08-06 14:08:03.041 20441 20753 I art     : Starting a blocking GC Explicit
08-06 14:08:03.085 20441 20753 I art     : Explicit concurrent mark sweep GC freed 3(96B) AllocSpace objects, 0(0B) LOS objects, 38% free, 25MB/41MB, paused 358us total 43.924ms
08-06 14:08:03.106 20441 20753 I art     : Starting a blocking GC Explicit
08-06 14:08:03.150 20441 20753 I art     : Explicit concurrent mark sweep GC freed 3(96B) AllocSpace objects, 0(0B) LOS objects, 38% free, 25MB/41MB, paused 331us total 42.932ms
08-06 14:08:03.473 20441 20452 I art     : Starting a blocking GC Explicit
08-06 14:08:03.522 20441 20452 I art     : Explicit concurrent mark sweep GC freed 1346(79KB) AllocSpace objects, 1(20KB) LOS objects, 38% free, 25MB/41MB, paused 367us total 48.401ms
08-06 14:08:03.543 20441 20452 I art     : Starting a blocking GC Explicit
08-06 14:08:03.589 20441 20452 I art     : Explicit concurrent mark sweep GC freed 20(704B) AllocSpace objects, 0(0B) LOS objects, 38% free, 25MB/41MB, paused 327us total 45.931ms
08-06 14:08:03.607 20441 20452 I art     : Starting a blocking GC Explicit
08-06 14:08:03.653 20441 20452 I art     : Explicit concurrent mark sweep GC freed 3(96B) AllocSpace objects, 0(0B) LOS objects, 38% free, 25MB/41MB, paused 369us total 45.591ms
08-06 14:08:03.674 20441 20452 I art     : Starting a blocking GC Explicit
08-06 14:08:03.718 20441 20452 I art     : Explicit concurrent mark sweep GC freed 3(96B) AllocSpace objects, 0(0B) LOS objects, 38% free, 25MB/41MB, paused 346us total 43.366ms
08-06 14:08:03.736 20441 20452 I art     : Starting a blocking GC Explicit
08-06 14:08:03.779 20441 20452 I art     : Explicit concurrent mark sweep GC freed 3(96B) AllocSpace objects, 0(0B) LOS objects, 38% free, 25MB/41MB, paused 328us total 42.711ms
08-06 14:08:04.108 20441 20453 I art     : Starting a blocking GC Explicit
08-06 14:08:04.161 20441 20453 I art     : Explicit concurrent mark sweep GC freed 1346(79KB) AllocSpace objects, 1(20KB) LOS objects, 38% free, 25MB/41MB, paused 360us total 52.856ms
08-06 14:08:04.182 20441 20453 I art     : Starting a blocking GC Explicit
08-06 14:08:04.224 20441 20453 I art     : Explicit concurrent mark sweep GC freed 20(704B) AllocSpace objects, 0(0B) LOS objects, 38% free, 25MB/41MB, paused 325us total 42.270ms
08-06 14:08:04.242 20441 20453 I art     : Starting a blocking GC Explicit
08-06 14:08:04.285 20441 20453 I art     : Explicit concurrent mark sweep GC freed 3(96B) AllocSpace objects, 0(0B) LOS objects, 38% free, 25MB/41MB, paused 346us total 43.255ms
08-06 14:08:04.303 20441 20453 I art     : Starting a blocking GC Explicit
08-06 14:08:04.348 20441 20453 I art     : Explicit concurrent mark sweep GC freed 3(96B) AllocSpace objects, 0(0B) LOS objects, 38% free, 25MB/41MB, paused 345us total 44.214ms
08-06 14:08:04.370 20441 20453 I art     : Starting a blocking GC Explicit
08-06 14:08:04.414 20441 20453 I art     : Explicit concurrent mark sweep GC freed 3(96B) AllocSpace objects, 0(0B) LOS objects, 38% free, 25MB/41MB, paused 346us total 44.468ms
08-06 14:08:04.741 20441 20677 I art     : Starting a blocking GC Explicit
08-06 14:08:04.790 20441 20677 I art     : Explicit concurrent mark sweep GC freed 1347(79KB) AllocSpace objects, 1(20KB) LOS objects, 38% free, 25MB/41MB, paused 363us total 48.454ms
08-06 14:08:04.812 20441 20677 I art     : Starting a blocking GC Explicit
08-06 14:08:04.855 20441 20677 I art     : Explicit concurrent mark sweep GC freed 20(704B) AllocSpace objects, 0(0B) LOS objects, 38% free, 25MB/41MB, paused 349us total 42.904ms
08-06 14:08:04.873 20441 20677 I art     : Starting a blocking GC Explicit
08-06 14:08:04.918 20441 20677 I art     : Explicit concurrent mark sweep GC freed 3(96B) AllocSpace objects, 0(0B) LOS objects, 38% free, 25MB/41MB, paused 446us total 44.531ms
08-06 14:08:04.939 20441 20677 I art     : Starting a blocking GC Explicit
08-06 14:08:04.983 20441 20677 I art     : Explicit concurrent mark sweep GC freed 3(96B) AllocSpace objects, 0(0B) LOS objects, 38% free, 25MB/41MB, paused 337us total 43.481ms
08-06 14:08:05.001 20441 20677 I art     : Starting a blocking GC Explicit
08-06 14:08:05.045 20441 20677 I art     : Explicit concurrent mark sweep GC freed 3(96B) AllocSpace objects, 0(0B) LOS objects, 38% free, 25MB/41MB, paused 341us total 44.532ms
08-06 14:08:05.373 20441 20753 I art     : Starting a blocking GC Explicit
08-06 14:08:05.428 20441 20753 I art     : Explicit concurrent mark sweep GC freed 1350(79KB) AllocSpace objects, 1(20KB) LOS objects, 38% free, 25MB/41MB, paused 331us total 54.640ms
08-06 14:08:05.446 20441 20753 I art     : Starting a blocking GC Explicit
08-06 14:08:05.483 20441 20753 I art     : Explicit concurrent mark sweep GC freed 20(704B) AllocSpace objects, 0(0B) LOS objects, 38% free, 25MB/41MB, paused 319us total 36.949ms
08-06 14:08:05.501 20441 20753 I art     : Starting a blocking GC Explicit
08-06 14:08:05.538 20441 20753 I art     : Explicit concurrent mark sweep GC freed 3(96B) AllocSpace objects, 0(0B) LOS objects, 38% free, 25MB/41MB, paused 328us total 37.319ms
08-06 14:08:05.555 20441 20753 I art     : Starting a blocking GC Explicit
08-06 14:08:05.576   918  3188 I hubconnection: sensorhub said: 'set_bias 3: -6.2400, 0.0000, 0.0000'
08-06 14:08:05.594 20441 20753 I art     : Explicit concurrent mark sweep GC freed 3(96B) AllocSpace objects, 0(0B) LOS objects, 38% free, 25MB/41MB, paused 341us total 38.225ms
08-06 14:08:05.611 20441 20753 I art     : Starting a blocking GC Explicit
08-06 14:08:05.653 20441 20753 I art     : Explicit concurrent mark sweep GC freed 3(96B) AllocSpace objects, 0(0B) LOS objects, 38% free, 25MB/41MB, paused 353us total 41.823ms
08-06 14:08:05.955 21365 21365 D AndroidRuntime: >>>>>> START com.android.internal.os.RuntimeInit uid 2000 <<<<<<
08-06 14:08:05.961 21365 21365 D AndroidRuntime: CheckJNI is OFF
08-06 14:08:05.987 20441 20452 I art     : Starting a blocking GC Explicit
08-06 14:08:06.006 21365 21365 D ICU     : No timezone override file found: /data/misc/zoneinfo/current/icu/icu_tzdata.dat
08-06 14:08:06.027 20441 20452 I art     : Explicit concurrent mark sweep GC freed 1347(79KB) AllocSpace objects, 1(20KB) LOS objects, 38% free, 25MB/41MB, paused 350us total 39.211ms
08-06 14:08:06.045 20441 20452 I art     : Starting a blocking GC Explicit
08-06 14:08:06.049 21365 21365 I Radio-JNI: register_android_hardware_Radio DONE
08-06 14:08:06.080 21365 21365 D AndroidRuntime: Calling main entry com.android.commands.input.Input
08-06 14:08:06.081 21365 21365 I Input   : injectKeyEvent: KeyEvent { action=ACTION_DOWN, keyCode=KEYCODE_BACK, scanCode=0, metaState=0, flags=0x0, repeatCount=0, eventTime=886102494, downTime=886102494, deviceId=-1, source=0x101 }
08-06 14:08:06.085 20441 20452 I art     : Explicit concurrent mark sweep GC freed 20(704B) AllocSpace objects, 0(0B) LOS objects, 38% free, 25MB/41MB, paused 320us total 39.959ms
08-06 14:08:06.088 21365 21365 I Input   : injectKeyEvent: KeyEvent { action=ACTION_UP, keyCode=KEYCODE_BACK, scanCode=0, metaState=0, flags=0x0, repeatCount=0, eventTime=886102494, downTime=886102494, deviceId=-1, source=0x101 }
08-06 14:08:06.094 21365 21365 D AndroidRuntime: Shutting down VM
08-06 14:08:06.102 20441 20452 I art     : Starting a blocking GC Explicit
08-06 14:08:06.130 13866 13866 I GoogleInputMethodServic: GoogleInputMethodService.onFinishInput():3138 
08-06 14:08:06.131 13866 13866 I GoogleInputMethodServic: GoogleInputMethodService.onStartInput():1808 
08-06 14:08:06.139 20441 20452 I art     : Explicit concurrent mark sweep GC freed 146(5KB) AllocSpace objects, 0(0B) LOS objects, 38% free, 25MB/41MB, paused 545us total 36.902ms
08-06 14:08:06.157 20441 20452 I art     : Starting a blocking GC Explicit
08-06 14:08:06.191 20441 20452 I art     : Explicit concurrent mark sweep GC freed 102(3KB) AllocSpace objects, 0(0B) LOS objects, 38% free, 25MB/41MB, paused 309us total 33.821ms
08-06 14:08:06.207 20441 20452 I art     : Starting a blocking GC Explicit
08-06 14:08:06.214 20441 21289 I RedditChangeDataIO: Writing tmp data file at '/data/user/0/baseline.org.quantumbadger.redreader/files/rr_change_data_tmp.dat'
08-06 14:08:06.214 20441 21289 I RedditChangeDataManager: Taking snapshot...
08-06 14:08:06.214 20441 21289 I RedditChangeDataManager: Writing to stream...
08-06 14:08:06.214 20441 21289 I RedditChangeDataManager: Wrote 2 entries for user ''
08-06 14:08:06.214 20441 21289 I RedditChangeDataManager: All entries written to stream.
08-06 14:08:06.215 20441 21289 I RedditChangeDataIO: Write successful. Atomically replacing data file...
08-06 14:08:06.215 20441 21289 I RedditChangeDataIO: Write complete.
08-06 14:08:06.215 20441 21289 I RedditChangeDataIO: 62 bytes written in 1 ms
08-06 14:08:06.242 20441 20452 I art     : Explicit concurrent mark sweep GC freed 79(4KB) AllocSpace objects, 1(68KB) LOS objects, 38% free, 25MB/41MB, paused 290us total 35.336ms
08-06 14:08:06.298   518   646 I ThermalEngine: ACTION: GPU - Setting GPU[0] to 510000000
08-06 14:08:06.434   380   380 W SurfaceFlinger: couldn't log to binary event log: overflow.
08-06 14:08:06.501 20441 20677 I art     : Starting a blocking GC Explicit
08-06 14:08:06.530 20441 20677 I art     : Explicit concurrent mark sweep GC freed 1407(81KB) AllocSpace objects, 1(20KB) LOS objects, 38% free, 25MB/41MB, paused 248us total 29.671ms
08-06 14:08:06.543 20441 20677 I art     : Starting a blocking GC Explicit
08-06 14:08:06.574 20441 20677 I art     : Explicit concurrent mark sweep GC freed 3854(310KB) AllocSpace objects, 5(140KB) LOS objects, 39% free, 24MB/40MB, paused 239us total 30.508ms
08-06 14:08:06.587 20441 20677 I art     : Starting a blocking GC Explicit
08-06 14:08:06.618 20441 20677 I art     : Explicit concurrent mark sweep GC freed 30(1504B) AllocSpace objects, 0(0B) LOS objects, 39% free, 24MB/40MB, paused 259us total 31.165ms
08-06 14:08:06.633 20441 20677 I art     : Starting a blocking GC Explicit
08-06 14:08:06.663 20441 20677 I art     : Explicit concurrent mark sweep GC freed 211(35KB) AllocSpace objects, 0(0B) LOS objects, 39% free, 24MB/40MB, paused 226us total 29.775ms
08-06 14:08:06.676 20441 20677 I art     : Starting a blocking GC Explicit
08-06 14:08:06.708 20441 20677 I art     : Explicit concurrent mark sweep GC freed 68(2272B) AllocSpace objects, 0(0B) LOS objects, 39% free, 24MB/40MB, paused 231us total 31.234ms
08-06 14:08:07.006 20441 20453 I art     : Starting a blocking GC Explicit
08-06 14:08:07.046 20441 20453 I art     : Explicit concurrent mark sweep GC freed 1346(79KB) AllocSpace objects, 1(20KB) LOS objects, 39% free, 24MB/40MB, paused 255us total 39.688ms
08-06 14:08:07.063 20441 20453 I art     : Starting a blocking GC Explicit
08-06 14:08:07.095 20441 20453 I art     : Explicit concurrent mark sweep GC freed 20(704B) AllocSpace objects, 0(0B) LOS objects, 39% free, 24MB/40MB, paused 234us total 31.839ms
08-06 14:08:07.108 20441 20453 I art     : Starting a blocking GC Explicit
08-06 14:08:07.140 20441 20453 I art     : Explicit concurrent mark sweep GC freed 3(96B) AllocSpace objects, 0(0B) LOS objects, 39% free, 24MB/40MB, paused 231us total 31.142ms
08-06 14:08:07.153 20441 20453 I art     : Starting a blocking GC Explicit
08-06 14:08:07.184 20441 20453 I art     : Explicit concurrent mark sweep GC freed 3(96B) AllocSpace objects, 0(0B) LOS objects, 39% free, 24MB/40MB, paused 231us total 30.841ms
08-06 14:08:07.198 20441 20453 I art     : Starting a blocking GC Explicit
08-06 14:08:07.230 20441 20453 I art     : Explicit concurrent mark sweep GC freed 3(96B) AllocSpace objects, 0(0B) LOS objects, 39% free, 24MB/40MB, paused 234us total 31.563ms
08-06 14:08:07.489 20441 20753 I art     : Starting a blocking GC Explicit
08-06 14:08:07.520 20441 20753 I art     : Explicit concurrent mark sweep GC freed 1346(79KB) AllocSpace objects, 1(20KB) LOS objects, 39% free, 24MB/40MB, paused 238us total 31.136ms
08-06 14:08:07.533 20441 20753 I art     : Starting a blocking GC Explicit
08-06 14:08:07.563 20441 20753 I art     : Explicit concurrent mark sweep GC freed 20(704B) AllocSpace objects, 0(0B) LOS objects, 39% free, 24MB/40MB, paused 224us total 29.926ms
08-06 14:08:07.577 20441 20753 I art     : Starting a blocking GC Explicit
08-06 14:08:07.606 20441 20753 I art     : Explicit concurrent mark sweep GC freed 3(96B) AllocSpace objects, 0(0B) LOS objects, 39% free, 24MB/40MB, paused 223us total 29.157ms
08-06 14:08:07.620 20441 20753 I art     : Starting a blocking GC Explicit
08-06 14:08:07.649 20441 20753 I art     : Explicit concurrent mark sweep GC freed 3(96B) AllocSpace objects, 0(0B) LOS objects, 39% free, 24MB/40MB, paused 230us total 29.351ms
08-06 14:08:07.662 20441 20753 I art     : Starting a blocking GC Explicit
08-06 14:08:07.692 20441 20753 I art     : Explicit concurrent mark sweep GC freed 3(96B) AllocSpace objects, 0(0B) LOS objects, 39% free, 24MB/40MB, paused 229us total 29.186ms
08-06 14:08:07.783 21408 21408 D AndroidRuntime: >>>>>> START com.android.internal.os.RuntimeInit uid 2000 <<<<<<
08-06 14:08:07.789 21408 21408 D AndroidRuntime: CheckJNI is OFF
08-06 14:08:07.829 21408 21408 D ICU     : No timezone override file found: /data/misc/zoneinfo/current/icu/icu_tzdata.dat
08-06 14:08:07.865 21408 21408 I Radio-JNI: register_android_hardware_Radio DONE
08-06 14:08:07.886 21408 21408 D AndroidRuntime: Calling main entry com.android.commands.input.Input
08-06 14:08:07.888 21408 21408 I Input   : injectMotionEvent: MotionEvent { action=ACTION_DOWN, actionButton=0, id[0]=0, x[0]=600.0, y[0]=1200.0, toolType[0]=TOOL_TYPE_UNKNOWN, buttonState=0, metaState=0, flags=0x0, edgeFlags=0x0, pointerCount=1, historySize=0, eventTime=886104300, downTime=886104300, deviceId=0, source=0x1002 }
08-06 14:08:07.892 21408 21408 I Input   : injectMotionEvent: MotionEvent { action=ACTION_UP, actionButton=0, id[0]=0, x[0]=600.0, y[0]=1200.0, toolType[0]=TOOL_TYPE_UNKNOWN, buttonState=0, metaState=0, flags=0x0, edgeFlags=0x0, pointerCount=1, historySize=0, eventTime=886104300, downTime=886104300, deviceId=0, source=0x1002 }
08-06 14:08:07.894 21408 21408 D AndroidRuntime: Shutting down VM
08-06 14:08:07.908   512  2967 D audio_hw_primary: out_set_parameters: enter: usecase(1: low-latency-playback) kvpairs: routing=2
08-06 14:08:07.912   918   928 I ActivityManager: START u0 {dat=https://oauth.reddit.com/... cmp=baseline.org.quantumbadger.redreader/.activities.CommentListingActivity} from uid 10705 on display 0
08-06 14:08:07.921   512  2967 D audio_hw_primary: select_devices: out_snd_device(2: speaker) in_snd_device(0: none)
08-06 14:08:07.921   512  2967 D msm8974_platform: platform_send_audio_calibration: sending audio calibration for snd_device(2) acdb_id(15)
08-06 14:08:07.921   512  2967 I soundtrigger: audio_extn_sound_trigger_update_device_status: device 0x2 of type 0 for Event 1
08-06 14:08:07.932   512  2967 D audio_hw_primary: enable_snd_device: snd_device(2: speaker)
08-06 14:08:07.934 20441 20441 I AppCompatViewInflater: app:theme is now deprecated. Please move to using android:theme instead.
08-06 14:08:07.934   512  2967 D audio_hw_primary: enable_audio_route: apply and update mixer path: low-latency-playback speaker
08-06 14:08:07.951 20441 21443 D OK      : calling: https://oauth.reddit.com/comments/hza888/.json?sort=confidence
08-06 14:08:07.974 20441 20753 I art     : Starting a blocking GC Explicit
08-06 14:08:08.002 20441 20753 I art     : Explicit concurrent mark sweep GC freed 4017(214KB) AllocSpace objects, 1(20KB) LOS objects, 38% free, 25MB/41MB, paused 384us total 28.398ms
08-06 14:08:08.012   918   936 I ActivityManager: Displayed baseline.org.quantumbadger.redreader/.activities.CommentListingActivity: +92ms
08-06 14:08:08.013 13866 13866 I GoogleInputMethodServic: GoogleInputMethodService.onFinishInput():3138 
08-06 14:08:08.014 13866 13866 I GoogleInputMethodServic: GoogleInputMethodService.onStartInput():1808 
08-06 14:08:08.017 20441 20753 I art     : Starting a blocking GC Explicit
08-06 14:08:08.050 20441 20753 I art     : Explicit concurrent mark sweep GC freed 529(27KB) AllocSpace objects, 0(0B) LOS objects, 39% free, 25MB/41MB, paused 257us total 32.487ms
08-06 14:08:08.063 20441 20753 I art     : Starting a blocking GC Explicit
08-06 14:08:08.090 20441 20753 I art     : Explicit concurrent mark sweep GC freed 222(10KB) AllocSpace objects, 0(0B) LOS objects, 39% free, 25MB/41MB, paused 351us total 26.864ms
08-06 14:08:08.102 20441 20753 I art     : Starting a blocking GC Explicit
08-06 14:08:08.130 20441 20753 I art     : Explicit concurrent mark sweep GC freed 1744(67KB) AllocSpace objects, 0(0B) LOS objects, 38% free, 25MB/41MB, paused 258us total 27.903ms
08-06 14:08:08.143 20441 20753 I art     : Starting a blocking GC Explicit
08-06 14:08:08.170 20441 20753 I art     : Explicit concurrent mark sweep GC freed 81(3KB) AllocSpace objects, 0(0B) LOS objects, 38% free, 25MB/41MB, paused 254us total 27.138ms
08-06 14:08:08.256 20441 21443 I NAPPA_EXPERIMENTATION: MetricNetworkRequestExecutionTime: REQUEST_DURATION_SYSTEM='304',REQUEST_DURATION_OKHTTP='146',REQUEST_SYNCHRONOUS='TRUE',RESPONSE_CODE='200',RESPONSE_METHOD='GET',RESPONSE_LENGTH_OKHTTP='-1',RESPONSE_LENGTH_HEADER='21928',REQUEST_PROTOCOL='h2',REQUEST_URL='https://oauth.reddit.com/comments/hza888/.json?sort=confidence',
08-06 14:08:08.256 20441 21443 D OK      : request got status: 200
08-06 14:08:08.270   380   380 W SurfaceFlinger: couldn't log to binary event log: overflow.
08-06 14:08:08.271 20441 21030 I CommentListingActivity: COMMENTS session changed to 7a82ffcd-14e6-44a2-acca-182ee43f8e8f
08-06 14:08:08.415 20441 20753 I art     : Starting a blocking GC Explicit
08-06 14:08:08.451 20441 20753 I art     : Explicit concurrent mark sweep GC freed 19411(1144KB) AllocSpace objects, 3(156KB) LOS objects, 37% free, 26MB/42MB, paused 290us total 35.841ms
08-06 14:08:08.464 20441 20753 I art     : Starting a blocking GC Explicit
08-06 14:08:08.478   512  2967 D audio_hw_primary: disable_audio_route: reset and update mixer path: low-latency-playback speaker
08-06 14:08:08.479   512  2967 D audio_hw_primary: disable_snd_device: snd_device(2: speaker)
08-06 14:08:08.487   512  2967 I soundtrigger: audio_extn_sound_trigger_update_device_status: device 0x2 of type 0 for Event 0
08-06 14:08:08.497 20441 20753 I art     : Explicit concurrent mark sweep GC freed 172(15KB) AllocSpace objects, 0(0B) LOS objects, 37% free, 26MB/42MB, paused 224us total 32.459ms
08-06 14:08:08.511 20441 20753 I art     : Starting a blocking GC Explicit
08-06 14:08:08.544 20441 20753 I art     : Explicit concurrent mark sweep GC freed 5(192B) AllocSpace objects, 0(0B) LOS objects, 37% free, 26MB/42MB, paused 217us total 32.453ms
08-06 14:08:08.557 20441 20753 I art     : Starting a blocking GC Explicit
08-06 14:08:08.590 20441 20753 I art     : Explicit concurrent mark sweep GC freed 3(96B) AllocSpace objects, 0(0B) LOS objects, 37% free, 26MB/42MB, paused 221us total 32.818ms
08-06 14:08:08.604 20441 20753 I art     : Starting a blocking GC Explicit
08-06 14:08:08.638 20441 20753 I art     : Explicit concurrent mark sweep GC freed 3(96B) AllocSpace objects, 0(0B) LOS objects, 37% free, 26MB/42MB, paused 271us total 33.731ms
08-06 14:08:08.929 20441 20453 I art     : Starting a blocking GC Explicit
08-06 14:08:08.971 20441 20453 I art     : Explicit concurrent mark sweep GC freed 1346(80KB) AllocSpace objects, 1(20KB) LOS objects, 37% free, 26MB/42MB, paused 233us total 41.363ms
08-06 14:08:08.985 20441 20453 I art     : Starting a blocking GC Explicit
08-06 14:08:09.021 20441 20453 I art     : Explicit concurrent mark sweep GC freed 20(704B) AllocSpace objects, 0(0B) LOS objects, 37% free, 26MB/42MB, paused 230us total 35.915ms
08-06 14:08:09.035 20441 20453 I art     : Starting a blocking GC Explicit
08-06 14:08:09.074 20441 20453 I art     : Explicit concurrent mark sweep GC freed 49(1920B) AllocSpace objects, 0(0B) LOS objects, 37% free, 26MB/42MB, paused 256us total 38.152ms
08-06 14:08:09.088 20441 20453 I art     : Starting a blocking GC Explicit
08-06 14:08:09.127 20441 20453 I art     : Explicit concurrent mark sweep GC freed 3(96B) AllocSpace objects, 0(0B) LOS objects, 37% free, 26MB/42MB, paused 337us total 38.642ms
08-06 14:08:09.141 20441 20453 I art     : Starting a blocking GC Explicit
08-06 14:08:09.181 20441 20453 I art     : Explicit concurrent mark sweep GC freed 3(96B) AllocSpace objects, 0(0B) LOS objects, 37% free, 26MB/42MB, paused 268us total 39.817ms
08-06 14:08:09.182 20441 20451 I art     : WaitForGcToComplete blocked for 20.608ms for cause HeapTrim
08-06 14:08:09.310   518   646 I ThermalEngine: ACTION: GPU - Setting GPU[0] to 450000000
08-06 14:08:09.473 20441 20677 I art     : Starting a blocking GC Explicit
08-06 14:08:09.533 20441 20677 I art     : Explicit concurrent mark sweep GC freed 1346(80KB) AllocSpace objects, 1(20KB) LOS objects, 37% free, 26MB/42MB, paused 408us total 59.251ms
08-06 14:08:09.555 20441 20677 I art     : Starting a blocking GC Explicit
08-06 14:08:09.613 20441 20677 I art     : Explicit concurrent mark sweep GC freed 20(704B) AllocSpace objects, 0(0B) LOS objects, 37% free, 26MB/42MB, paused 351us total 57.538ms
08-06 14:08:09.635 20441 20677 I art     : Starting a blocking GC Explicit
08-06 14:08:09.687 20441 20677 I art     : Explicit concurrent mark sweep GC freed 3(96B) AllocSpace objects, 0(0B) LOS objects, 37% free, 26MB/42MB, paused 344us total 51.474ms
08-06 14:08:09.706 20441 20677 I art     : Starting a blocking GC Explicit
08-06 14:08:09.758 20441 20677 I art     : Explicit concurrent mark sweep GC freed 3(96B) AllocSpace objects, 0(0B) LOS objects, 37% free, 26MB/42MB, paused 335us total 52.019ms
08-06 14:08:09.777 20441 20677 I art     : Starting a blocking GC Explicit
08-06 14:08:09.833 20441 20677 I art     : Explicit concurrent mark sweep GC freed 3(96B) AllocSpace objects, 0(0B) LOS objects, 37% free, 26MB/42MB, paused 418us total 55.964ms
08-06 14:08:10.159 20441 20452 I art     : Starting a blocking GC Explicit
08-06 14:08:10.207 20441 20452 I art     : Explicit concurrent mark sweep GC freed 1346(80KB) AllocSpace objects, 1(20KB) LOS objects, 37% free, 26MB/42MB, paused 343us total 47.097ms
08-06 14:08:10.225 20441 20452 I art     : Starting a blocking GC Explicit
08-06 14:08:10.269 20441 20452 I art     : Explicit concurrent mark sweep GC freed 20(704B) AllocSpace objects, 0(0B) LOS objects, 37% free, 26MB/42MB, paused 326us total 44.059ms
08-06 14:08:10.287 20441 20452 I art     : Starting a blocking GC Explicit
08-06 14:08:10.332 20441 20452 I art     : Explicit concurrent mark sweep GC freed 3(96B) AllocSpace objects, 0(0B) LOS objects, 37% free, 26MB/42MB, paused 328us total 44.608ms
08-06 14:08:10.350 20441 20452 I art     : Starting a blocking GC Explicit
08-06 14:08:10.398 20441 20452 I art     : Explicit concurrent mark sweep GC freed 3(96B) AllocSpace objects, 0(0B) LOS objects, 37% free, 26MB/42MB, paused 348us total 47.638ms
08-06 14:08:10.417 20441 20452 I art     : Starting a blocking GC Explicit
08-06 14:08:10.466 20441 20452 I art     : Explicit concurrent mark sweep GC freed 3(96B) AllocSpace objects, 0(0B) LOS objects, 37% free, 26MB/42MB, paused 353us total 49.011ms
08-06 14:08:10.659 14376 14376 I ServiceManager: Waiting for service AtCmdFwd...
08-06 14:08:10.662 21488 21488 D AndroidRuntime: >>>>>> START com.android.internal.os.RuntimeInit uid 2000 <<<<<<
08-06 14:08:10.669 21488 21488 D AndroidRuntime: CheckJNI is OFF
08-06 14:08:10.709 21488 21488 D ICU     : No timezone override file found: /data/misc/zoneinfo/current/icu/icu_tzdata.dat
08-06 14:08:10.751 21488 21488 I Radio-JNI: register_android_hardware_Radio DONE
08-06 14:08:10.776 20441 20753 I art     : Starting a blocking GC Explicit
08-06 14:08:10.781 21488 21488 D AndroidRuntime: Calling main entry com.android.commands.input.Input
08-06 14:08:10.782 21488 21488 I Input   : injectKeyEvent: KeyEvent { action=ACTION_DOWN, keyCode=KEYCODE_BACK, scanCode=0, metaState=0, flags=0x0, repeatCount=0, eventTime=886107195, downTime=886107195, deviceId=-1, source=0x101 }
08-06 14:08:10.788 21488 21488 I Input   : injectKeyEvent: KeyEvent { action=ACTION_UP, keyCode=KEYCODE_BACK, scanCode=0, metaState=0, flags=0x0, repeatCount=0, eventTime=886107195, downTime=886107195, deviceId=-1, source=0x101 }
08-06 14:08:10.793 21488 21488 D AndroidRuntime: Shutting down VM
08-06 14:08:10.820 20441 20753 I art     : Explicit concurrent mark sweep GC freed 1469(84KB) AllocSpace objects, 1(20KB) LOS objects, 37% free, 26MB/42MB, paused 360us total 44.474ms
08-06 14:08:10.832 13866 13866 I GoogleInputMethodServic: GoogleInputMethodService.onFinishInput():3138 
08-06 14:08:10.833 13866 13866 I GoogleInputMethodServic: GoogleInputMethodService.onStartInput():1808 
08-06 14:08:10.838 20441 20753 I art     : Starting a blocking GC Explicit
08-06 14:08:10.880 20441 20753 I art     : Explicit concurrent mark sweep GC freed 136(4KB) AllocSpace objects, 0(0B) LOS objects, 37% free, 26MB/42MB, paused 359us total 41.594ms
08-06 14:08:10.898 20441 20753 I art     : Starting a blocking GC Explicit
08-06 14:08:10.938 20441 20753 I art     : Explicit concurrent mark sweep GC freed 24(816B) AllocSpace objects, 0(0B) LOS objects, 37% free, 26MB/42MB, paused 670us total 39.720ms
08-06 14:08:10.962 20441 20753 I art     : Starting a blocking GC Explicit
08-06 14:08:11.012 20441 20753 I art     : Explicit concurrent mark sweep GC freed 3(96B) AllocSpace objects, 0(0B) LOS objects, 37% free, 26MB/42MB, paused 443us total 49.090ms
08-06 14:08:11.033 20441 20753 I art     : Starting a blocking GC Explicit
08-06 14:08:11.087 20441 20753 I art     : Explicit concurrent mark sweep GC freed 3(96B) AllocSpace objects, 0(0B) LOS objects, 37% free, 26MB/42MB, paused 367us total 53.975ms
08-06 14:08:11.140   380   380 W SurfaceFlinger: couldn't log to binary event log: overflow.
08-06 14:08:11.381 20441 20452 I art     : Starting a blocking GC Explicit
08-06 14:08:11.428 20441 20452 I art     : Explicit concurrent mark sweep GC freed 1399(82KB) AllocSpace objects, 1(20KB) LOS objects, 37% free, 26MB/42MB, paused 352us total 46.367ms
08-06 14:08:11.446 20441 20452 I art     : Starting a blocking GC Explicit
08-06 14:08:11.487 20441 20452 I art     : Explicit concurrent mark sweep GC freed 23002(1248KB) AllocSpace objects, 5(164KB) LOS objects, 39% free, 24MB/40MB, paused 320us total 40.222ms
08-06 14:08:11.504 20441 20452 I art     : Starting a blocking GC Explicit
08-06 14:08:11.542 20441 20452 I art     : Explicit concurrent mark sweep GC freed 12(432B) AllocSpace objects, 0(0B) LOS objects, 39% free, 24MB/40MB, paused 339us total 37.497ms
08-06 14:08:11.559 20441 20452 I art     : Starting a blocking GC Explicit
08-06 14:08:11.598 20441 20452 I art     : Explicit concurrent mark sweep GC freed 3(96B) AllocSpace objects, 0(0B) LOS objects, 39% free, 24MB/40MB, paused 380us total 38.339ms
08-06 14:08:11.615 20441 20452 I art     : Starting a blocking GC Explicit
08-06 14:08:11.653 20441 20452 I art     : Explicit concurrent mark sweep GC freed 3(96B) AllocSpace objects, 0(0B) LOS objects, 39% free, 24MB/40MB, paused 335us total 37.921ms
08-06 14:08:11.660 14376 14376 I ServiceManager: Waiting for service AtCmdFwd...
08-06 14:08:11.963 20441 20677 I art     : Starting a blocking GC Explicit
08-06 14:08:12.005 20441 20677 I art     : Explicit concurrent mark sweep GC freed 1350(80KB) AllocSpace objects, 1(20KB) LOS objects, 39% free, 24MB/40MB, paused 344us total 41.604ms
08-06 14:08:12.022 20441 20677 I art     : Starting a blocking GC Explicit
08-06 14:08:12.060 20441 20677 I art     : Explicit concurrent mark sweep GC freed 20(704B) AllocSpace objects, 0(0B) LOS objects, 39% free, 24MB/40MB, paused 360us total 37.012ms
08-06 14:08:12.077 20441 20677 I art     : Starting a blocking GC Explicit
08-06 14:08:12.113 20441 20677 I art     : Explicit concurrent mark sweep GC freed 3(96B) AllocSpace objects, 0(0B) LOS objects, 39% free, 24MB/40MB, paused 377us total 36.624ms
08-06 14:08:12.131 20441 20677 I art     : Starting a blocking GC Explicit
08-06 14:08:12.167 20441 20677 I art     : Explicit concurrent mark sweep GC freed 3(96B) AllocSpace objects, 0(0B) LOS objects, 39% free, 24MB/40MB, paused 370us total 36.605ms
08-06 14:08:12.184 20441 20677 I art     : Starting a blocking GC Explicit
08-06 14:08:12.221 20441 20677 I art     : Explicit concurrent mark sweep GC freed 3(96B) AllocSpace objects, 0(0B) LOS objects, 39% free, 24MB/40MB, paused 336us total 36.601ms
08-06 14:08:12.506 20441 20453 I art     : Starting a blocking GC Explicit
08-06 14:08:12.550 20441 20453 I art     : Explicit concurrent mark sweep GC freed 1347(80KB) AllocSpace objects, 1(20KB) LOS objects, 39% free, 24MB/40MB, paused 349us total 44.216ms
08-06 14:08:12.566 21532 21532 D AndroidRuntime: >>>>>> START com.android.internal.os.RuntimeInit uid 2000 <<<<<<
08-06 14:08:12.568 20441 20453 I art     : Starting a blocking GC Explicit
08-06 14:08:12.572 21532 21532 D AndroidRuntime: CheckJNI is OFF
08-06 14:08:12.607 20441 20453 I art     : Explicit concurrent mark sweep GC freed 20(704B) AllocSpace objects, 0(0B) LOS objects, 39% free, 24MB/40MB, paused 409us total 38.619ms
08-06 14:08:12.618 21532 21532 D ICU     : No timezone override file found: /data/misc/zoneinfo/current/icu/icu_tzdata.dat
08-06 14:08:12.624 20441 20453 I art     : Starting a blocking GC Explicit
08-06 14:08:12.660 14376 14376 I ServiceManager: Waiting for service AtCmdFwd...
08-06 14:08:12.661 20441 20453 I art     : Explicit concurrent mark sweep GC freed 3(96B) AllocSpace objects, 0(0B) LOS objects, 39% free, 24MB/40MB, paused 350us total 37.304ms
08-06 14:08:12.667 21532 21532 I Radio-JNI: register_android_hardware_Radio DONE
08-06 14:08:12.678 20441 20453 I art     : Starting a blocking GC Explicit
08-06 14:08:12.697 21532 21532 D AndroidRuntime: Calling main entry com.android.commands.input.Input
08-06 14:08:12.699 21532 21532 I Input   : injectMotionEvent: MotionEvent { action=ACTION_DOWN, actionButton=0, id[0]=0, x[0]=600.0, y[0]=950.0, toolType[0]=TOOL_TYPE_UNKNOWN, buttonState=0, metaState=0, flags=0x0, edgeFlags=0x0, pointerCount=1, historySize=0, eventTime=886109111, downTime=886109111, deviceId=0, source=0x1002 }
08-06 14:08:12.705 21532 21532 I Input   : injectMotionEvent: MotionEvent { action=ACTION_UP, actionButton=0, id[0]=0, x[0]=600.0, y[0]=950.0, toolType[0]=TOOL_TYPE_UNKNOWN, buttonState=0, metaState=0, flags=0x0, edgeFlags=0x0, pointerCount=1, historySize=0, eventTime=886109111, downTime=886109111, deviceId=0, source=0x1002 }
08-06 14:08:12.707 21532 21532 D AndroidRuntime: Shutting down VM
08-06 14:08:12.717 20441 20453 I art     : Explicit concurrent mark sweep GC freed 12(416B) AllocSpace objects, 0(0B) LOS objects, 39% free, 24MB/40MB, paused 641us total 38.827ms
08-06 14:08:12.718   512  2967 D audio_hw_primary: out_set_parameters: enter: usecase(1: low-latency-playback) kvpairs: routing=2
08-06 14:08:12.726   918  3961 I ActivityManager: START u0 {dat=https://oauth.reddit.com/... cmp=baseline.org.quantumbadger.redreader/.activities.CommentListingActivity} from uid 10705 on display 0
08-06 14:08:12.731   512  2967 D audio_hw_primary: select_devices: out_snd_device(2: speaker) in_snd_device(0: none)
08-06 14:08:12.732   512  2967 D msm8974_platform: platform_send_audio_calibration: sending audio calibration for snd_device(2) acdb_id(15)
08-06 14:08:12.732   512  2967 I soundtrigger: audio_extn_sound_trigger_update_device_status: device 0x2 of type 0 for Event 1
08-06 14:08:12.735 20441 20453 I art     : Starting a blocking GC Explicit
08-06 14:08:12.746   512  2967 D audio_hw_primary: enable_snd_device: snd_device(2: speaker)
08-06 14:08:12.748   512  2967 D audio_hw_primary: enable_audio_route: apply and update mixer path: low-latency-playback speaker
08-06 14:08:12.759 20441 20441 I AppCompatViewInflater: app:theme is now deprecated. Please move to using android:theme instead.
08-06 14:08:12.771 20441 20453 I art     : Explicit concurrent mark sweep GC freed 1330(67KB) AllocSpace objects, 0(0B) LOS objects, 39% free, 24MB/40MB, paused 647us total 35.999ms
08-06 14:08:12.783 20441 21030 I CommentListingActivity: COMMENTS session changed to 4748f87f-f1df-4790-be1e-3cb5364187e5
08-06 14:08:12.854   918   936 I ActivityManager: Displayed baseline.org.quantumbadger.redreader/.activities.CommentListingActivity: +113ms
08-06 14:08:12.874 13866 13866 I GoogleInputMethodServic: GoogleInputMethodService.onFinishInput():3138 
08-06 14:08:12.874 13866 13866 I GoogleInputMethodServic: GoogleInputMethodService.onStartInput():1808 
08-06 14:08:12.921 20441 21442 I RedditChangeDataIO: Writing tmp data file at '/data/user/0/baseline.org.quantumbadger.redreader/files/rr_change_data_tmp.dat'
08-06 14:08:12.922 20441 21442 I RedditChangeDataManager: Taking snapshot...
08-06 14:08:12.922 20441 21442 I RedditChangeDataManager: Writing to stream...
08-06 14:08:12.922 20441 21442 I RedditChangeDataManager: Wrote 3 entries for user ''
08-06 14:08:12.922 20441 21442 I RedditChangeDataManager: All entries written to stream.
08-06 14:08:12.923 20441 21442 I RedditChangeDataIO: Write successful. Atomically replacing data file...
08-06 14:08:12.923 20441 21442 I RedditChangeDataIO: Write complete.
08-06 14:08:12.924 20441 21442 I RedditChangeDataIO: 86 bytes written in 4 ms
08-06 14:08:13.060 20441 20452 I art     : Starting a blocking GC Explicit
08-06 14:08:13.107 20441 20452 I art     : Explicit concurrent mark sweep GC freed 6808(508KB) AllocSpace objects, 4(120KB) LOS objects, 38% free, 25MB/41MB, paused 361us total 46.784ms
08-06 14:08:13.109   380   380 W SurfaceFlinger: couldn't log to binary event log: overflow.
08-06 14:08:13.128 20441 20452 I art     : Starting a blocking GC Explicit
08-06 14:08:13.163 20441 20452 I art     : Explicit concurrent mark sweep GC freed 361(17KB) AllocSpace objects, 0(0B) LOS objects, 38% free, 25MB/41MB, paused 306us total 34.495ms
08-06 14:08:13.179 20441 20452 I art     : Starting a blocking GC Explicit
08-06 14:08:13.213 20441 20452 I art     : Explicit concurrent mark sweep GC freed 3(96B) AllocSpace objects, 0(0B) LOS objects, 38% free, 25MB/41MB, paused 304us total 33.771ms
08-06 14:08:13.231 20441 20452 I art     : Starting a blocking GC Explicit
08-06 14:08:13.273 20441 20452 I art     : Explicit concurrent mark sweep GC freed 80(2688B) AllocSpace objects, 0(0B) LOS objects, 38% free, 25MB/41MB, paused 383us total 42.488ms
08-06 14:08:13.279   512  2967 D audio_hw_primary: disable_audio_route: reset and update mixer path: low-latency-playback speaker
08-06 14:08:13.280   512  2967 D audio_hw_primary: disable_snd_device: snd_device(2: speaker)
08-06 14:08:13.288   512  2967 I soundtrigger: audio_extn_sound_trigger_update_device_status: device 0x2 of type 0 for Event 0
08-06 14:08:13.291 20441 20452 I art     : Starting a blocking GC Explicit
08-06 14:08:13.329 20441 20452 I art     : Explicit concurrent mark sweep GC freed 9(336B) AllocSpace objects, 0(0B) LOS objects, 38% free, 25MB/41MB, paused 298us total 37.639ms
08-06 14:08:13.615 20441 20753 I art     : Starting a blocking GC Explicit
08-06 14:08:13.656 20441 20753 I art     : Explicit concurrent mark sweep GC freed 1581(116KB) AllocSpace objects, 1(20KB) LOS objects, 38% free, 25MB/41MB, paused 320us total 40.678ms
08-06 14:08:13.661 14376 14376 I ServiceManager: Waiting for service AtCmdFwd...
08-06 14:08:13.674 20441 20753 I art     : Starting a blocking GC Explicit
08-06 14:08:13.713 20441 20753 I art     : Explicit concurrent mark sweep GC freed 131(4KB) AllocSpace objects, 0(0B) LOS objects, 38% free, 25MB/41MB, paused 311us total 39.211ms
08-06 14:08:13.731 20441 20753 I art     : Starting a blocking GC Explicit
08-06 14:08:13.771 20441 20753 I art     : Explicit concurrent mark sweep GC freed 3(96B) AllocSpace objects, 0(0B) LOS objects, 38% free, 25MB/41MB, paused 312us total 39.956ms
08-06 14:08:13.789 20441 20753 I art     : Starting a blocking GC Explicit
08-06 14:08:13.829 20441 20753 I art     : Explicit concurrent mark sweep GC freed 3(96B) AllocSpace objects, 0(0B) LOS objects, 38% free, 25MB/41MB, paused 306us total 39.864ms
08-06 14:08:13.847 20441 20753 I art     : Starting a blocking GC Explicit
08-06 14:08:13.888 20441 20753 I art     : Explicit concurrent mark sweep GC freed 3(96B) AllocSpace objects, 0(0B) LOS objects, 38% free, 25MB/41MB, paused 319us total 40.693ms
08-06 14:08:14.182 20441 20677 I art     : Starting a blocking GC Explicit
08-06 14:08:14.229 20441 20677 I art     : Explicit concurrent mark sweep GC freed 1346(80KB) AllocSpace objects, 1(20KB) LOS objects, 38% free, 25MB/41MB, paused 330us total 46.050ms
08-06 14:08:14.251 20441 20677 I art     : Starting a blocking GC Explicit
08-06 14:08:14.291 20441 20677 I art     : Explicit concurrent mark sweep GC freed 20(704B) AllocSpace objects, 0(0B) LOS objects, 38% free, 25MB/41MB, paused 315us total 40.334ms
08-06 14:08:14.309 20441 20677 I art     : Starting a blocking GC Explicit
08-06 14:08:14.350 20441 20677 I art     : Explicit concurrent mark sweep GC freed 3(96B) AllocSpace objects, 0(0B) LOS objects, 38% free, 25MB/41MB, paused 324us total 40.576ms
08-06 14:08:14.367 20441 20677 I art     : Starting a blocking GC Explicit
08-06 14:08:14.408 20441 20677 I art     : Explicit concurrent mark sweep GC freed 3(96B) AllocSpace objects, 0(0B) LOS objects, 38% free, 25MB/41MB, paused 314us total 39.850ms
08-06 14:08:14.425 20441 20677 I art     : Starting a blocking GC Explicit
08-06 14:08:14.467 20441 20677 I art     : Explicit concurrent mark sweep GC freed 3(96B) AllocSpace objects, 0(0B) LOS objects, 38% free, 25MB/41MB, paused 394us total 41.775ms
08-06 14:08:14.661 14376 14376 I ServiceManager: Waiting for service AtCmdFwd...
08-06 14:08:14.784 20441 20452 I art     : Starting a blocking GC Explicit
08-06 14:08:14.838 20441 20452 I art     : Explicit concurrent mark sweep GC freed 1346(80KB) AllocSpace objects, 1(20KB) LOS objects, 38% free, 25MB/41MB, paused 347us total 53.372ms
08-06 14:08:14.864 20441 20452 I art     : Starting a blocking GC Explicit
08-06 14:08:14.906 20441 20452 I art     : Explicit concurrent mark sweep GC freed 20(704B) AllocSpace objects, 0(0B) LOS objects, 38% free, 25MB/41MB, paused 312us total 42.107ms
08-06 14:08:14.924 20441 20452 I art     : Starting a blocking GC Explicit
08-06 14:08:14.969 20441 20452 I art     : Explicit concurrent mark sweep GC freed 3(96B) AllocSpace objects, 0(0B) LOS objects, 38% free, 25MB/41MB, paused 316us total 44.220ms
08-06 14:08:14.987 20441 20452 I art     : Starting a blocking GC Explicit
08-06 14:08:15.031 20441 20452 I art     : Explicit concurrent mark sweep GC freed 3(96B) AllocSpace objects, 0(0B) LOS objects, 38% free, 25MB/41MB, paused 315us total 43.788ms
08-06 14:08:15.049 20441 20452 I art     : Starting a blocking GC Explicit
08-06 14:08:15.095 20441 20452 I art     : Explicit concurrent mark sweep GC freed 3(96B) AllocSpace objects, 0(0B) LOS objects, 38% free, 25MB/41MB, paused 327us total 45.976ms
08-06 14:08:15.439 20441 20453 I art     : Starting a blocking GC Explicit
08-06 14:08:15.489 20441 20453 I art     : Explicit concurrent mark sweep GC freed 1346(80KB) AllocSpace objects, 1(20KB) LOS objects, 38% free, 25MB/41MB, paused 331us total 50.340ms
08-06 14:08:15.511 20441 20453 I art     : Starting a blocking GC Explicit
08-06 14:08:15.558 20441 20453 I art     : Explicit concurrent mark sweep GC freed 20(704B) AllocSpace objects, 0(0B) LOS objects, 38% free, 25MB/41MB, paused 346us total 46.479ms
08-06 14:08:15.576 20441 20453 I art     : Starting a blocking GC Explicit
08-06 14:08:15.619 20441 20453 I art     : Explicit concurrent mark sweep GC freed 3(96B) AllocSpace objects, 0(0B) LOS objects, 38% free, 25MB/41MB, paused 307us total 42.580ms
08-06 14:08:15.637 20441 20453 I art     : Starting a blocking GC Explicit
08-06 14:08:15.662 14376 14376 W Atfwd_Sendcmd: AtCmdFwd service not published, waiting... retryCnt : 4
08-06 14:08:15.683 20441 20453 I art     : Explicit concurrent mark sweep GC freed 3(96B) AllocSpace objects, 0(0B) LOS objects, 38% free, 25MB/41MB, paused 330us total 45.426ms
08-06 14:08:15.704 20441 20453 I art     : Starting a blocking GC Explicit
08-06 14:08:15.747 20441 20453 I art     : Explicit concurrent mark sweep GC freed 3(96B) AllocSpace objects, 0(0B) LOS objects, 38% free, 25MB/41MB, paused 320us total 42.666ms
08-06 14:08:16.058 20441 20753 I art     : Starting a blocking GC Explicit
08-06 14:08:16.114 20441 20753 I art     : Explicit concurrent mark sweep GC freed 1346(80KB) AllocSpace objects, 1(20KB) LOS objects, 38% free, 25MB/41MB, paused 341us total 55.481ms
08-06 14:08:16.135 20441 20753 I art     : Starting a blocking GC Explicit
08-06 14:08:16.179 20441 20753 I art     : Explicit concurrent mark sweep GC freed 20(704B) AllocSpace objects, 0(0B) LOS objects, 38% free, 25MB/41MB, paused 312us total 43.515ms
08-06 14:08:16.197 20441 20753 I art     : Starting a blocking GC Explicit
08-06 14:08:16.240 20441 20753 I art     : Explicit concurrent mark sweep GC freed 3(96B) AllocSpace objects, 0(0B) LOS objects, 38% free, 25MB/41MB, paused 323us total 42.584ms
08-06 14:08:16.258 20441 20753 I art     : Starting a blocking GC Explicit
08-06 14:08:16.303 20441 20753 I art     : Explicit concurrent mark sweep GC freed 3(96B) AllocSpace objects, 0(0B) LOS objects, 38% free, 25MB/41MB, paused 315us total 44.461ms
08-06 14:08:16.321 20441 20753 I art     : Starting a blocking GC Explicit
08-06 14:08:16.363 20441 20753 I art     : Explicit concurrent mark sweep GC freed 3(96B) AllocSpace objects, 0(0B) LOS objects, 38% free, 25MB/41MB, paused 316us total 41.991ms
08-06 14:08:16.665 20441 20677 I art     : Starting a blocking GC Explicit
08-06 14:08:16.715 20441 20677 I art     : Explicit concurrent mark sweep GC freed 1348(80KB) AllocSpace objects, 1(20KB) LOS objects, 38% free, 25MB/41MB, paused 314us total 49.742ms
08-06 14:08:16.735 20441 20677 I art     : Starting a blocking GC Explicit
08-06 14:08:16.779 20441 20677 I art     : Explicit concurrent mark sweep GC freed 20(704B) AllocSpace objects, 0(0B) LOS objects, 38% free, 25MB/41MB, paused 320us total 44.108ms
08-06 14:08:16.797 20441 20677 I art     : Starting a blocking GC Explicit
08-06 14:08:16.840 20441 20677 I art     : Explicit concurrent mark sweep GC freed 3(96B) AllocSpace objects, 0(0B) LOS objects, 38% free, 25MB/41MB, paused 290us total 42.733ms
08-06 14:08:16.858 20441 20677 I art     : Starting a blocking GC Explicit
08-06 14:08:16.903 20441 20677 I art     : Explicit concurrent mark sweep GC freed 3(96B) AllocSpace objects, 0(0B) LOS objects, 38% free, 25MB/41MB, paused 314us total 44.297ms
08-06 14:08:16.921 20441 20677 I art     : Starting a blocking GC Explicit
08-06 14:08:16.962 20441 20677 I art     : Explicit concurrent mark sweep GC freed 3(96B) AllocSpace objects, 0(0B) LOS objects, 38% free, 25MB/41MB, paused 328us total 40.496ms
08-06 14:08:17.169  5179  5194 D QcrilMsgTunnelSocket: readRilMessage: Buffer = [B@671e81d HexData = [010000000404000011000000514f454d484f4f4bef0308000100000003]
08-06 14:08:17.170  5179  5194 D QcrilMsgTunnelSocket: Rcvd UNSOL response with 28 bytes data for SUB0
08-06 14:08:17.170  5179  5194 D QcrilMsgTunnelSocket: Response ID 525295 is not served in this process.
08-06 14:08:17.170  5179  5194 D QcrilMsgTunnelSocket: To broadcast an Intent via the notifier to external apps
08-06 14:08:17.170  5179  5179 D QcrilMsgTunnelIfaceManager: handleMessage what = 0
08-06 14:08:17.170  5179  5179 D QcrilMsgTunnelIfaceManager: Broadcasting intent ACTION_UNSOL_RESPONSE_OEM_HOOK_RAW
08-06 14:08:17.172  5164  5164 D QC_RIL_OEM_HOOK: Received Broadcast Intent ACTION_UNSOL_RESPONSE_OEM_HOOK_RAW
08-06 14:08:17.172  5164  5164 D QC_RIL_OEM_HOOK: Oem ID in QCRILHOOK UNSOL RESP is QOEMHOOK
08-06 14:08:17.249 20441 20452 I art     : Starting a blocking GC Explicit
08-06 14:08:17.289 20441 20452 I art     : Explicit concurrent mark sweep GC freed 1346(80KB) AllocSpace objects, 1(20KB) LOS objects, 38% free, 25MB/41MB, paused 325us total 39.096ms
08-06 14:08:17.306 20441 20452 I art     : Starting a blocking GC Explicit
08-06 14:08:17.347 20441 20452 I art     : Explicit concurrent mark sweep GC freed 20(704B) AllocSpace objects, 0(0B) LOS objects, 38% free, 25MB/41MB, paused 321us total 41.137ms
08-06 14:08:17.365 20441 20452 I art     : Starting a blocking GC Explicit
08-06 14:08:17.408 20441 20452 I art     : Explicit concurrent mark sweep GC freed 3(96B) AllocSpace objects, 0(0B) LOS objects, 38% free, 25MB/41MB, paused 334us total 41.635ms
08-06 14:08:17.425 20441 20452 I art     : Starting a blocking GC Explicit
08-06 14:08:17.466 20441 20452 I art     : Explicit concurrent mark sweep GC freed 3(96B) AllocSpace objects, 0(0B) LOS objects, 38% free, 25MB/41MB, paused 296us total 41.025ms
08-06 14:08:17.484 20441 20452 I art     : Starting a blocking GC Explicit
08-06 14:08:17.503 21628 21628 D AndroidRuntime: >>>>>> START com.android.internal.os.RuntimeInit uid 2000 <<<<<<
08-06 14:08:17.509 21628 21628 D AndroidRuntime: CheckJNI is OFF
08-06 14:08:17.526 20441 20452 I art     : Explicit concurrent mark sweep GC freed 3(96B) AllocSpace objects, 0(0B) LOS objects, 38% free, 25MB/41MB, paused 306us total 41.337ms
08-06 14:08:17.556 21628 21628 D ICU     : No timezone override file found: /data/misc/zoneinfo/current/icu/icu_tzdata.dat
08-06 14:08:17.601 21628 21628 I Radio-JNI: register_android_hardware_Radio DONE
08-06 14:08:17.631 21628 21628 D AndroidRuntime: Calling main entry com.android.commands.input.Input
08-06 14:08:17.633 21628 21628 I Input   : injectKeyEvent: KeyEvent { action=ACTION_DOWN, keyCode=KEYCODE_BACK, scanCode=0, metaState=0, flags=0x0, repeatCount=0, eventTime=886114046, downTime=886114046, deviceId=-1, source=0x101 }
08-06 14:08:17.642 21628 21628 I Input   : injectKeyEvent: KeyEvent { action=ACTION_UP, keyCode=KEYCODE_BACK, scanCode=0, metaState=0, flags=0x0, repeatCount=0, eventTime=886114046, downTime=886114046, deviceId=-1, source=0x101 }
08-06 14:08:17.652 21628 21628 D AndroidRuntime: Shutting down VM
08-06 14:08:17.694 13866 13866 I GoogleInputMethodServic: GoogleInputMethodService.onFinishInput():3138 
08-06 14:08:17.695 13866 13866 I GoogleInputMethodServic: GoogleInputMethodService.onStartInput():1808 
08-06 14:08:17.804 20441 20753 I art     : Starting a blocking GC Explicit
08-06 14:08:17.859 20441 20753 I art     : Explicit concurrent mark sweep GC freed 1590(89KB) AllocSpace objects, 1(20KB) LOS objects, 38% free, 25MB/41MB, paused 309us total 55.146ms
08-06 14:08:17.879 20441 20753 I art     : Starting a blocking GC Explicit
08-06 14:08:17.917 20441 20753 I art     : Explicit concurrent mark sweep GC freed 24(864B) AllocSpace objects, 0(0B) LOS objects, 38% free, 25MB/41MB, paused 307us total 37.535ms
08-06 14:08:17.935 20441 20753 I art     : Starting a blocking GC Explicit
08-06 14:08:17.982 20441 20753 I art     : Explicit concurrent mark sweep GC freed 3(96B) AllocSpace objects, 0(0B) LOS objects, 38% free, 25MB/41MB, paused 287us total 46.697ms
08-06 14:08:18.003 20441 20753 I art     : Starting a blocking GC Explicit
08-06 14:08:18.014   380   380 W SurfaceFlinger: couldn't log to binary event log: overflow.
08-06 14:08:18.039 20441 20753 I art     : Explicit concurrent mark sweep GC freed 52(1952B) AllocSpace objects, 0(0B) LOS objects, 38% free, 25MB/41MB, paused 278us total 35.174ms
08-06 14:08:18.055 20441 20753 I art     : Starting a blocking GC Explicit
08-06 14:08:18.088 20441 20753 I art     : Explicit concurrent mark sweep GC freed 10(416B) AllocSpace objects, 0(0B) LOS objects, 38% free, 25MB/41MB, paused 293us total 33.410ms
08-06 14:08:18.371 20441 20453 I art     : Starting a blocking GC Explicit
08-06 14:08:18.416 20441 20453 I art     : Explicit concurrent mark sweep GC freed 5177(390KB) AllocSpace objects, 6(160KB) LOS objects, 39% free, 24MB/40MB, paused 338us total 44.966ms
08-06 14:08:18.434 20441 20453 I art     : Starting a blocking GC Explicit
08-06 14:08:18.472 20441 20453 I art     : Explicit concurrent mark sweep GC freed 20(704B) AllocSpace objects, 0(0B) LOS objects, 39% free, 24MB/40MB, paused 308us total 37.523ms
08-06 14:08:18.489 20441 20453 I art     : Starting a blocking GC Explicit
08-06 14:08:18.527 20441 20453 I art     : Explicit concurrent mark sweep GC freed 3(96B) AllocSpace objects, 0(0B) LOS objects, 39% free, 24MB/40MB, paused 328us total 37.999ms
08-06 14:08:18.545 20441 20453 I art     : Starting a blocking GC Explicit
08-06 14:08:18.583 20441 20453 I art     : Explicit concurrent mark sweep GC freed 3(96B) AllocSpace objects, 0(0B) LOS objects, 39% free, 24MB/40MB, paused 308us total 37.575ms
08-06 14:08:18.600 20441 20453 I art     : Starting a blocking GC Explicit
08-06 14:08:18.638 20441 20453 I art     : Explicit concurrent mark sweep GC freed 3(96B) AllocSpace objects, 0(0B) LOS objects, 39% free, 24MB/40MB, paused 305us total 37.798ms
08-06 14:08:18.955 20441 20452 I art     : Starting a blocking GC Explicit
08-06 14:08:18.992 20441 20452 I art     : Explicit concurrent mark sweep GC freed 1346(80KB) AllocSpace objects, 1(20KB) LOS objects, 39% free, 24MB/40MB, paused 312us total 37.384ms
08-06 14:08:19.009 20441 20452 I art     : Starting a blocking GC Explicit
08-06 14:08:19.046 20441 20452 I art     : Explicit concurrent mark sweep GC freed 20(704B) AllocSpace objects, 0(0B) LOS objects, 39% free, 24MB/40MB, paused 302us total 36.250ms
08-06 14:08:19.063 20441 20452 I art     : Starting a blocking GC Explicit
08-06 14:08:19.099 20441 20452 I art     : Explicit concurrent mark sweep GC freed 3(96B) AllocSpace objects, 0(0B) LOS objects, 39% free, 24MB/40MB, paused 299us total 35.999ms
08-06 14:08:19.116 20441 20452 I art     : Starting a blocking GC Explicit
08-06 14:08:19.153 20441 20452 I art     : Explicit concurrent mark sweep GC freed 3(96B) AllocSpace objects, 0(0B) LOS objects, 39% free, 24MB/40MB, paused 303us total 36.150ms
08-06 14:08:19.170 20441 20452 I art     : Starting a blocking GC Explicit
08-06 14:08:19.207 20441 20452 I art     : Explicit concurrent mark sweep GC freed 3(96B) AllocSpace objects, 0(0B) LOS objects, 39% free, 24MB/40MB, paused 395us total 36.927ms
08-06 14:08:19.437 21688 21688 D AndroidRuntime: >>>>>> START com.android.internal.os.RuntimeInit uid 2000 <<<<<<
08-06 14:08:19.443 21688 21688 D AndroidRuntime: CheckJNI is OFF
08-06 14:08:19.486 21688 21688 D ICU     : No timezone override file found: /data/misc/zoneinfo/current/icu/icu_tzdata.dat
08-06 14:08:19.510 20441 20677 I art     : Starting a blocking GC Explicit
08-06 14:08:19.528 21688 21688 I Radio-JNI: register_android_hardware_Radio DONE
08-06 14:08:19.547 20441 20677 I art     : Explicit concurrent mark sweep GC freed 1346(80KB) AllocSpace objects, 1(20KB) LOS objects, 39% free, 24MB/40MB, paused 382us total 37.142ms
08-06 14:08:19.557 21688 21688 D AndroidRuntime: Calling main entry com.android.commands.input.Input
08-06 14:08:19.560 21688 21688 I Input   : injectMotionEvent: MotionEvent { action=ACTION_DOWN, actionButton=0, id[0]=0, x[0]=600.0, y[0]=700.0, toolType[0]=TOOL_TYPE_UNKNOWN, buttonState=0, metaState=0, flags=0x0, edgeFlags=0x0, pointerCount=1, historySize=0, eventTime=886115972, downTime=886115972, deviceId=0, source=0x1002 }
08-06 14:08:19.564 20441 20677 I art     : Starting a blocking GC Explicit
08-06 14:08:19.568 21688 21688 I Input   : injectMotionEvent: MotionEvent { action=ACTION_UP, actionButton=0, id[0]=0, x[0]=600.0, y[0]=700.0, toolType[0]=TOOL_TYPE_UNKNOWN, buttonState=0, metaState=0, flags=0x0, edgeFlags=0x0, pointerCount=1, historySize=0, eventTime=886115972, downTime=886115972, deviceId=0, source=0x1002 }
08-06 14:08:19.574 21688 21688 D AndroidRuntime: Shutting down VM
08-06 14:08:19.586   512  2967 D audio_hw_primary: out_set_parameters: enter: usecase(1: low-latency-playback) kvpairs: routing=2
08-06 14:08:19.590   918  5132 I ActivityManager: START u0 {dat=https://oauth.reddit.com/... cmp=baseline.org.quantumbadger.redreader/.activities.CommentListingActivity} from uid 10705 on display 0
08-06 14:08:19.599   512  2967 D audio_hw_primary: select_devices: out_snd_device(2: speaker) in_snd_device(0: none)
08-06 14:08:19.599   512  2967 D msm8974_platform: platform_send_audio_calibration: sending audio calibration for snd_device(2) acdb_id(15)
08-06 14:08:19.599   512  2967 I soundtrigger: audio_extn_sound_trigger_update_device_status: device 0x2 of type 0 for Event 1
08-06 14:08:19.603 20441 20677 I art     : Explicit concurrent mark sweep GC freed 265(10KB) AllocSpace objects, 0(0B) LOS objects, 39% free, 24MB/40MB, paused 629us total 38.916ms
08-06 14:08:19.612   512  2967 D audio_hw_primary: enable_snd_device: snd_device(2: speaker)
08-06 14:08:19.615   512  2967 D audio_hw_primary: enable_audio_route: apply and update mixer path: low-latency-playback speaker
08-06 14:08:19.620 20441 20441 I AppCompatViewInflater: app:theme is now deprecated. Please move to using android:theme instead.
08-06 14:08:19.621 20441 20677 I art     : Starting a blocking GC Explicit
08-06 14:08:19.640 20441 21030 I CommentListingActivity: COMMENTS session changed to 93a15b99-460b-4226-bea7-ac753eb96e0b
08-06 14:08:19.658 20441 20677 I art     : Explicit concurrent mark sweep GC freed 2075(190KB) AllocSpace objects, 0(0B) LOS objects, 38% free, 25MB/41MB, paused 959us total 37.173ms
08-06 14:08:19.676 20441 20677 I art     : Starting a blocking GC Explicit
08-06 14:08:19.716   918   936 I ActivityManager: Displayed baseline.org.quantumbadger.redreader/.activities.CommentListingActivity: +117ms
08-06 14:08:19.717 13866 13866 I GoogleInputMethodServic: GoogleInputMethodService.onFinishInput():3138 
08-06 14:08:19.719 13866 13866 I GoogleInputMethodServic: GoogleInputMethodService.onStartInput():1808 
08-06 14:08:19.725 20441 20677 I art     : Explicit concurrent mark sweep GC freed 8268(545KB) AllocSpace objects, 2(36KB) LOS objects, 37% free, 26MB/42MB, paused 1.043ms total 48.554ms
08-06 14:08:19.742 20441 20677 I art     : Starting a blocking GC Explicit
08-06 14:08:19.805 20441 20677 I art     : Explicit concurrent mark sweep GC freed 11257(717KB) AllocSpace objects, 0(0B) LOS objects, 36% free, 27MB/43MB, paused 1.566ms total 62.173ms
08-06 14:08:19.967   380   380 W SurfaceFlinger: couldn't log to binary event log: overflow.
08-06 14:08:20.083 20441 20452 I art     : Starting a blocking GC Explicit
08-06 14:08:20.149   512  2967 D audio_hw_primary: disable_audio_route: reset and update mixer path: low-latency-playback speaker
08-06 14:08:20.150   512  2967 D audio_hw_primary: disable_snd_device: snd_device(2: speaker)
08-06 14:08:20.156 20441 20452 I art     : Explicit concurrent mark sweep GC freed 43913(2MB) AllocSpace objects, 2(36KB) LOS objects, 36% free, 27MB/43MB, paused 355us total 72.164ms
08-06 14:08:20.160   512  2967 I soundtrigger: audio_extn_sound_trigger_update_device_status: device 0x2 of type 0 for Event 0
08-06 14:08:20.176 20441 20452 I art     : Starting a blocking GC Explicit
08-06 14:08:20.224 20441 20452 I art     : Explicit concurrent mark sweep GC freed 37(1424B) AllocSpace objects, 0(0B) LOS objects, 36% free, 27MB/43MB, paused 292us total 48.174ms
08-06 14:08:20.245 20441 20452 I art     : Starting a blocking GC Explicit
08-06 14:08:20.296 20441 20452 I art     : Explicit concurrent mark sweep GC freed 3(96B) AllocSpace objects, 0(0B) LOS objects, 36% free, 27MB/43MB, paused 325us total 50.995ms
08-06 14:08:20.316 20441 20452 I art     : Starting a blocking GC Explicit
08-06 14:08:20.369 20441 20452 I art     : Explicit concurrent mark sweep GC freed 3(96B) AllocSpace objects, 0(0B) LOS objects, 36% free, 27MB/43MB, paused 297us total 52.655ms
08-06 14:08:20.389 20441 20452 I art     : Starting a blocking GC Explicit
08-06 14:08:20.441 20441 20452 I art     : Explicit concurrent mark sweep GC freed 3(96B) AllocSpace objects, 0(0B) LOS objects, 36% free, 27MB/43MB, paused 286us total 51.915ms
08-06 14:08:20.743 20441 20677 I art     : Starting a blocking GC Explicit
08-06 14:08:20.801 20441 20677 I art     : Explicit concurrent mark sweep GC freed 1346(80KB) AllocSpace objects, 1(20KB) LOS objects, 36% free, 27MB/43MB, paused 328us total 57.692ms
08-06 14:08:20.821 20441 20677 I art     : Starting a blocking GC Explicit
08-06 14:08:20.877 20441 20677 I art     : Explicit concurrent mark sweep GC freed 66(2528B) AllocSpace objects, 0(0B) LOS objects, 36% free, 27MB/43MB, paused 338us total 55.921ms
08-06 14:08:20.901 20441 20677 I art     : Starting a blocking GC Explicit
08-06 14:08:20.955 20441 20677 I art     : Explicit concurrent mark sweep GC freed 3(96B) AllocSpace objects, 0(0B) LOS objects, 36% free, 27MB/43MB, paused 316us total 54.157ms
08-06 14:08:20.975 20441 20677 I art     : Starting a blocking GC Explicit
08-06 14:08:21.030 20441 20677 I art     : Explicit concurrent mark sweep GC freed 3(96B) AllocSpace objects, 0(0B) LOS objects, 36% free, 27MB/43MB, paused 315us total 54.121ms
08-06 14:08:21.050 20441 20677 I art     : Starting a blocking GC Explicit
08-06 14:08:21.103 20441 20677 I art     : Explicit concurrent mark sweep GC freed 3(96B) AllocSpace objects, 0(0B) LOS objects, 36% free, 27MB/43MB, paused 314us total 53.447ms
08-06 14:08:21.433 20441 20753 I art     : Starting a blocking GC Explicit
08-06 14:08:21.507 20441 20753 I art     : Explicit concurrent mark sweep GC freed 1346(80KB) AllocSpace objects, 1(20KB) LOS objects, 36% free, 27MB/43MB, paused 321us total 74.355ms
08-06 14:08:21.528 20441 20753 I art     : Starting a blocking GC Explicit
08-06 14:08:21.588 20441 20753 I art     : Explicit concurrent mark sweep GC freed 20(704B) AllocSpace objects, 0(0B) LOS objects, 36% free, 27MB/43MB, paused 341us total 60.082ms
08-06 14:08:21.608 20441 20753 I art     : Starting a blocking GC Explicit
08-06 14:08:21.668 20441 20753 I art     : Explicit concurrent mark sweep GC freed 3(96B) AllocSpace objects, 0(0B) LOS objects, 36% free, 27MB/43MB, paused 362us total 58.947ms
08-06 14:08:21.688 20441 20753 I art     : Starting a blocking GC Explicit
08-06 14:08:21.755 20441 20753 I art     : Explicit concurrent mark sweep GC freed 3(96B) AllocSpace objects, 0(0B) LOS objects, 36% free, 27MB/43MB, paused 351us total 66.319ms
08-06 14:08:21.778 20441 20753 I art     : Starting a blocking GC Explicit
08-06 14:08:21.840 20441 20753 I art     : Explicit concurrent mark sweep GC freed 3(96B) AllocSpace objects, 0(0B) LOS objects, 36% free, 27MB/43MB, paused 331us total 61.670ms
08-06 14:08:22.196 20441 20453 I art     : Starting a blocking GC Explicit
08-06 14:08:22.270 20441 20453 I art     : Explicit concurrent mark sweep GC freed 1346(80KB) AllocSpace objects, 1(20KB) LOS objects, 36% free, 27MB/43MB, paused 348us total 73.641ms
08-06 14:08:22.294 20441 20453 I art     : Starting a blocking GC Explicit
08-06 14:08:22.329   918  3261 D WifiStateMachine: starting scan for "H369AA63323"WPA_PSK with 2412,5180
08-06 14:08:22.353 20441 20453 I art     : Explicit concurrent mark sweep GC freed 20(704B) AllocSpace objects, 0(0B) LOS objects, 36% free, 27MB/43MB, paused 332us total 58.845ms
08-06 14:08:22.373 20441 20453 I art     : Starting a blocking GC Explicit
08-06 14:08:22.426 20441 20453 I art     : Explicit concurrent mark sweep GC freed 3(96B) AllocSpace objects, 0(0B) LOS objects, 36% free, 27MB/43MB, paused 309us total 52.820ms
08-06 14:08:22.446 20441 20453 I art     : Starting a blocking GC Explicit
08-06 14:08:22.472 24365 31017 I NetworkScheduler.Stats: Task com.google.android.apps.gcs/ started execution. cause:4 exec_start_elapsed_seconds: 1869506 [CONTEXT service_id=218 ]
08-06 14:08:22.474 16959 21754 W Gcs.WfaEliRefreshTask: [29208] afk.b: NULL eligibility response.
08-06 14:08:22.475 24365 14427 I NetworkScheduler.Stats: Task com.google.android.gms/com.google.android.gms.icing.service.IcingGcmTaskService started execution. cause:4 exec_start_elapsed_seconds: 1869506 [CONTEXT service_id=218 ]
08-06 14:08:22.478 24365 14427 I NetworkScheduler.Stats: Task com.google.android.apps.gcs/ finished executing. cause:4 result: 3 elapsed_millis: 10 uptime_millis: 10 exec_start_elapsed_seconds: 1869506 [CONTEXT service_id=218 ]
08-06 14:08:22.492 20441 20453 I art     : Explicit concurrent mark sweep GC freed 3(96B) AllocSpace objects, 0(0B) LOS objects, 36% free, 27MB/43MB, paused 281us total 45.681ms
08-06 14:08:22.495 24365 31017 I NetworkScheduler.Stats: Task com.google.android.gms/com.google.android.gms.icing.service.IcingGcmTaskService finished executing. cause:4 result: 1 elapsed_millis: 50 uptime_millis: 50 exec_start_elapsed_seconds: 1869506 [CONTEXT service_id=218 ]
08-06 14:08:22.510 20441 20453 I art     : Starting a blocking GC Explicit
08-06 14:08:22.562 20441 20453 I art     : Explicit concurrent mark sweep GC freed 3(96B) AllocSpace objects, 0(0B) LOS objects, 36% free, 27MB/43MB, paused 318us total 51.929ms
08-06 14:08:22.899 20441 20452 I art     : Starting a blocking GC Explicit
08-06 14:08:22.975 20441 20452 I art     : Explicit concurrent mark sweep GC freed 1346(80KB) AllocSpace objects, 1(20KB) LOS objects, 36% free, 27MB/43MB, paused 335us total 75.427ms
08-06 14:08:23.000 20441 20452 I art     : Starting a blocking GC Explicit
08-06 14:08:23.058 20441 20452 I art     : Explicit concurrent mark sweep GC freed 20(704B) AllocSpace objects, 0(0B) LOS objects, 36% free, 27MB/43MB, paused 346us total 57.122ms
08-06 14:08:23.078 20441 20452 I art     : Starting a blocking GC Explicit
08-06 14:08:23.141 20441 20452 I art     : Explicit concurrent mark sweep GC freed 3(96B) AllocSpace objects, 0(0B) LOS objects, 36% free, 27MB/43MB, paused 337us total 62.135ms
08-06 14:08:23.164 20441 20452 I art     : Starting a blocking GC Explicit
08-06 14:08:23.224 20441 20452 I art     : Explicit concurrent mark sweep GC freed 3(96B) AllocSpace objects, 0(0B) LOS objects, 36% free, 27MB/43MB, paused 332us total 60.135ms
08-06 14:08:23.245 20441 20452 I art     : Starting a blocking GC Explicit
08-06 14:08:23.310 20441 20452 I art     : Explicit concurrent mark sweep GC freed 3(96B) AllocSpace objects, 0(0B) LOS objects, 36% free, 27MB/43MB, paused 342us total 64.553ms
08-06 14:08:23.642 20441 20677 I art     : Starting a blocking GC Explicit
08-06 14:08:23.715 20441 20677 I art     : Explicit concurrent mark sweep GC freed 1346(80KB) AllocSpace objects, 1(20KB) LOS objects, 36% free, 27MB/43MB, paused 354us total 72.040ms
08-06 14:08:23.737 20441 20677 I art     : Starting a blocking GC Explicit
08-06 14:08:23.797 20441 20677 I art     : Explicit concurrent mark sweep GC freed 20(704B) AllocSpace objects, 0(0B) LOS objects, 36% free, 27MB/43MB, paused 365us total 59.224ms
08-06 14:08:23.817 20441 20677 I art     : Starting a blocking GC Explicit
08-06 14:08:23.872 20441 20677 I art     : Explicit concurrent mark sweep GC freed 3(96B) AllocSpace objects, 0(0B) LOS objects, 36% free, 27MB/43MB, paused 290us total 54.035ms
08-06 14:08:23.891 20441 20677 I art     : Starting a blocking GC Explicit
08-06 14:08:23.944 20441 20677 I art     : Explicit concurrent mark sweep GC freed 3(96B) AllocSpace objects, 0(0B) LOS objects, 36% free, 27MB/43MB, paused 319us total 51.989ms
08-06 14:08:23.963 20441 20677 I art     : Starting a blocking GC Explicit
08-06 14:08:24.017 20441 20677 I art     : Explicit concurrent mark sweep GC freed 3(96B) AllocSpace objects, 0(0B) LOS objects, 36% free, 27MB/43MB, paused 333us total 53.164ms
08-06 14:08:24.324 20441 20753 I art     : Starting a blocking GC Explicit
08-06 14:08:24.382 21775 21775 D AndroidRuntime: >>>>>> START com.android.internal.os.RuntimeInit uid 2000 <<<<<<
08-06 14:08:24.388 20441 20753 I art     : Explicit concurrent mark sweep GC freed 1348(80KB) AllocSpace objects, 1(20KB) LOS objects, 36% free, 27MB/43MB, paused 352us total 63.437ms
08-06 14:08:24.388 21775 21775 D AndroidRuntime: CheckJNI is OFF
08-06 14:08:24.408 20441 20753 I art     : Starting a blocking GC Explicit
08-06 14:08:24.434 21775 21775 D ICU     : No timezone override file found: /data/misc/zoneinfo/current/icu/icu_tzdata.dat
08-06 14:08:24.464 20441 20753 I art     : Explicit concurrent mark sweep GC freed 20(704B) AllocSpace objects, 0(0B) LOS objects, 36% free, 27MB/43MB, paused 343us total 54.995ms
08-06 14:08:24.480 21775 21775 I Radio-JNI: register_android_hardware_Radio DONE
08-06 14:08:24.483 20441 20753 I art     : Starting a blocking GC Explicit
08-06 14:08:24.511 21775 21775 D AndroidRuntime: Calling main entry com.android.commands.input.Input
08-06 14:08:24.512 21775 21775 I Input   : injectKeyEvent: KeyEvent { action=ACTION_DOWN, keyCode=KEYCODE_BACK, scanCode=0, metaState=0, flags=0x0, repeatCount=0, eventTime=886120925, downTime=886120925, deviceId=-1, source=0x101 }
08-06 14:08:24.519 21775 21775 I Input   : injectKeyEvent: KeyEvent { action=ACTION_UP, keyCode=KEYCODE_BACK, scanCode=0, metaState=0, flags=0x0, repeatCount=0, eventTime=886120925, downTime=886120925, deviceId=-1, source=0x101 }
08-06 14:08:24.526 21775 21775 D AndroidRuntime: Shutting down VM
08-06 14:08:24.536 20441 20753 I art     : Explicit concurrent mark sweep GC freed 120(4KB) AllocSpace objects, 0(0B) LOS objects, 36% free, 27MB/43MB, paused 337us total 52.537ms
08-06 14:08:24.557 20441 20753 I art     : Starting a blocking GC Explicit
08-06 14:08:24.573 13866 13866 I GoogleInputMethodServic: GoogleInputMethodService.onFinishInput():3138 
08-06 14:08:24.573 13866 13866 I GoogleInputMethodServic: GoogleInputMethodService.onStartInput():1808 
08-06 14:08:24.599 20441 21712 I RedditChangeDataIO: Writing tmp data file at '/data/user/0/baseline.org.quantumbadger.redreader/files/rr_change_data_tmp.dat'
08-06 14:08:24.600 20441 21712 I RedditChangeDataManager: Taking snapshot...
08-06 14:08:24.600 20441 21712 I RedditChangeDataManager: Writing to stream...
08-06 14:08:24.600 20441 21712 I RedditChangeDataManager: Wrote 3 entries for user ''
08-06 14:08:24.600 20441 21712 I RedditChangeDataManager: All entries written to stream.
08-06 14:08:24.600 20441 21712 I RedditChangeDataIO: Write successful. Atomically replacing data file...
08-06 14:08:24.601 20441 21712 I RedditChangeDataIO: Write complete.
08-06 14:08:24.601 20441 21712 I RedditChangeDataIO: 86 bytes written in 2 ms
08-06 14:08:24.605 20441 20753 I art     : Explicit concurrent mark sweep GC freed 120(6KB) AllocSpace objects, 1(68KB) LOS objects, 36% free, 27MB/43MB, paused 333us total 47.655ms
08-06 14:08:24.624 20441 20753 I art     : Starting a blocking GC Explicit
08-06 14:08:24.671 20441 20753 I art     : Explicit concurrent mark sweep GC freed 99(3KB) AllocSpace objects, 0(0B) LOS objects, 36% free, 27MB/43MB, paused 300us total 47.299ms
08-06 14:08:24.904   380   380 W SurfaceFlinger: couldn't log to binary event log: overflow.
08-06 14:08:24.959 20441 20453 I art     : Starting a blocking GC Explicit
08-06 14:08:25.013 20441 20453 I art     : Explicit concurrent mark sweep GC freed 1398(82KB) AllocSpace objects, 1(20KB) LOS objects, 36% free, 27MB/43MB, paused 324us total 54.335ms
08-06 14:08:25.032 20441 20453 I art     : Starting a blocking GC Explicit
08-06 14:08:25.075 20441 20453 I art     : Explicit concurrent mark sweep GC freed 46779(2MB) AllocSpace objects, 5(140KB) LOS objects, 39% free, 24MB/40MB, paused 319us total 42.059ms
08-06 14:08:25.093 20441 20453 I art     : Starting a blocking GC Explicit
08-06 14:08:25.130 20441 20453 I art     : Explicit concurrent mark sweep GC freed 3(96B) AllocSpace objects, 0(0B) LOS objects, 39% free, 24MB/40MB, paused 311us total 37.246ms
08-06 14:08:25.147 20441 20453 I art     : Starting a blocking GC Explicit
08-06 14:08:25.185 20441 20453 I art     : Explicit concurrent mark sweep GC freed 3(96B) AllocSpace objects, 0(0B) LOS objects, 39% free, 24MB/40MB, paused 318us total 37.341ms
08-06 14:08:25.185 20441 20451 I art     : WaitForGcToComplete blocked for 28.969ms for cause HeapTrim
08-06 14:08:25.202 20441 20453 I art     : Starting a blocking GC Explicit
08-06 14:08:25.240 20441 20453 I art     : Explicit concurrent mark sweep GC freed 3(96B) AllocSpace objects, 0(0B) LOS objects, 39% free, 24MB/40MB, paused 309us total 38.008ms
08-06 14:08:25.536 20441 20677 I art     : Starting a blocking GC Explicit
08-06 14:08:25.581 20441 20677 I art     : Explicit concurrent mark sweep GC freed 1346(80KB) AllocSpace objects, 1(20KB) LOS objects, 39% free, 24MB/40MB, paused 338us total 45.396ms
08-06 14:08:25.603 20441 20677 I art     : Starting a blocking GC Explicit
08-06 14:08:25.642 20441 20677 I art     : Explicit concurrent mark sweep GC freed 20(704B) AllocSpace objects, 0(0B) LOS objects, 39% free, 24MB/40MB, paused 306us total 39.533ms
08-06 14:08:25.660 20441 20677 I art     : Starting a blocking GC Explicit
08-06 14:08:25.698 20441 20677 I art     : Explicit concurrent mark sweep GC freed 3(96B) AllocSpace objects, 0(0B) LOS objects, 39% free, 24MB/40MB, paused 305us total 37.828ms
08-06 14:08:25.715 20441 20677 I art     : Starting a blocking GC Explicit
08-06 14:08:25.753 20441 20677 I art     : Explicit concurrent mark sweep GC freed 3(96B) AllocSpace objects, 0(0B) LOS objects, 39% free, 24MB/40MB, paused 300us total 37.310ms
08-06 14:08:25.770 20441 20677 I art     : Starting a blocking GC Explicit
08-06 14:08:25.807 20441 20677 I art     : Explicit concurrent mark sweep GC freed 3(96B) AllocSpace objects, 0(0B) LOS objects, 39% free, 24MB/40MB, paused 304us total 36.150ms
08-06 14:08:25.826  5179  5194 D QcrilMsgTunnelSocket: readRilMessage: Buffer = [B@671e81d HexData = [010000000404000011000000514f454d484f4f4bef0308000100000003]
08-06 14:08:25.826  5179  5194 D QcrilMsgTunnelSocket: Rcvd UNSOL response with 28 bytes data for SUB0
08-06 14:08:25.826  5179  5194 D QcrilMsgTunnelSocket: Response ID 525295 is not served in this process.
08-06 14:08:25.826  5179  5194 D QcrilMsgTunnelSocket: To broadcast an Intent via the notifier to external apps
08-06 14:08:25.826  5179  5179 D QcrilMsgTunnelIfaceManager: handleMessage what = 0
08-06 14:08:25.826  5179  5179 D QcrilMsgTunnelIfaceManager: Broadcasting intent ACTION_UNSOL_RESPONSE_OEM_HOOK_RAW
08-06 14:08:25.828  5164  5164 D QC_RIL_OEM_HOOK: Received Broadcast Intent ACTION_UNSOL_RESPONSE_OEM_HOOK_RAW
08-06 14:08:25.828  5164  5164 D QC_RIL_OEM_HOOK: Oem ID in QCRILHOOK UNSOL RESP is QOEMHOOK
08-06 14:08:26.086 20441 20452 I art     : Starting a blocking GC Explicit
08-06 14:08:26.131 20441 20452 I art     : Explicit concurrent mark sweep GC freed 1346(80KB) AllocSpace objects, 1(20KB) LOS objects, 39% free, 24MB/40MB, paused 328us total 45.320ms
08-06 14:08:26.149 20441 20452 I art     : Starting a blocking GC Explicit
08-06 14:08:26.190 20441 20452 I art     : Explicit concurrent mark sweep GC freed 20(704B) AllocSpace objects, 0(0B) LOS objects, 39% free, 24MB/40MB, paused 305us total 40.106ms
08-06 14:08:26.207 20441 20452 I art     : Starting a blocking GC Explicit
08-06 14:08:26.246 20441 20452 I art     : Explicit concurrent mark sweep GC freed 3(96B) AllocSpace objects, 0(0B) LOS objects, 39% free, 24MB/40MB, paused 319us total 39.260ms
08-06 14:08:26.264 20441 20452 I art     : Starting a blocking GC Explicit
08-06 14:08:26.304 20441 20452 I art     : Explicit concurrent mark sweep GC freed 3(96B) AllocSpace objects, 0(0B) LOS objects, 39% free, 24MB/40MB, paused 310us total 39.620ms
08-06 14:08:26.310 21819 21819 D AndroidRuntime: >>>>>> START com.android.internal.os.RuntimeInit uid 2000 <<<<<<
08-06 14:08:26.316 21819 21819 D AndroidRuntime: CheckJNI is OFF
08-06 14:08:26.322 20441 20452 I art     : Starting a blocking GC Explicit
08-06 14:08:26.359 20441 20452 I art     : Explicit concurrent mark sweep GC freed 3(96B) AllocSpace objects, 0(0B) LOS objects, 39% free, 24MB/40MB, paused 315us total 37.363ms
08-06 14:08:26.361 21819 21819 D ICU     : No timezone override file found: /data/misc/zoneinfo/current/icu/icu_tzdata.dat
08-06 14:08:26.407 21819 21819 I Radio-JNI: register_android_hardware_Radio DONE
08-06 14:08:26.436 21819 21819 D AndroidRuntime: Calling main entry com.android.commands.input.Input
08-06 14:08:26.438 21819 21819 I Input   : injectKeyEvent: KeyEvent { action=ACTION_DOWN, keyCode=KEYCODE_BACK, scanCode=0, metaState=0, flags=0x0, repeatCount=0, eventTime=886122851, downTime=886122851, deviceId=-1, source=0x101 }
08-06 14:08:26.445 21819 21819 I Input   : injectKeyEvent: KeyEvent { action=ACTION_UP, keyCode=KEYCODE_BACK, scanCode=0, metaState=0, flags=0x0, repeatCount=0, eventTime=886122851, downTime=886122851, deviceId=-1, source=0x101 }
08-06 14:08:26.456 21819 21819 D AndroidRuntime: Shutting down VM
08-06 14:08:26.500 13866 13866 I GoogleInputMethodServic: GoogleInputMethodService.onFinishInput():3138 
08-06 14:08:26.500 13866 13866 I GoogleInputMethodServic: GoogleInputMethodService.onStartInput():1808 
08-06 14:08:26.638 20441 20753 I art     : Starting a blocking GC Explicit
08-06 14:08:26.681 20441 20753 I art     : Explicit concurrent mark sweep GC freed 1525(86KB) AllocSpace objects, 1(20KB) LOS objects, 39% free, 24MB/40MB, paused 494us total 42.835ms
08-06 14:08:26.700 20441 20753 I art     : Starting a blocking GC Explicit
08-06 14:08:26.743 20441 20753 I art     : Explicit concurrent mark sweep GC freed 24(864B) AllocSpace objects, 0(0B) LOS objects, 39% free, 24MB/40MB, paused 316us total 42.769ms
08-06 14:08:26.764 20441 20753 I art     : Starting a blocking GC Explicit
08-06 14:08:26.805 20441 20753 I art     : Explicit concurrent mark sweep GC freed 3(96B) AllocSpace objects, 0(0B) LOS objects, 39% free, 24MB/40MB, paused 311us total 40.092ms
08-06 14:08:26.823 20441 20753 I art     : Starting a blocking GC Explicit
08-06 14:08:26.860 20441 20753 I art     : Explicit concurrent mark sweep GC freed 64(2352B) AllocSpace objects, 0(0B) LOS objects, 39% free, 24MB/40MB, paused 312us total 36.450ms
08-06 14:08:26.877 20441 20753 I art     : Starting a blocking GC Explicit
08-06 14:08:26.914 20441 20753 I art     : Explicit concurrent mark sweep GC freed 133(6KB) AllocSpace objects, 0(0B) LOS objects, 39% free, 24MB/40MB, paused 331us total 36.947ms
08-06 14:08:27.212 20441 20453 I art     : Starting a blocking GC Explicit
08-06 14:08:27.260 20441 20453 I art     : Explicit concurrent mark sweep GC freed 1346(80KB) AllocSpace objects, 1(20KB) LOS objects, 39% free, 24MB/40MB, paused 328us total 47.815ms
08-06 14:08:27.281 20441 20453 I art     : Starting a blocking GC Explicit
08-06 14:08:27.320 20441 20453 I art     : Explicit concurrent mark sweep GC freed 20(704B) AllocSpace objects, 0(0B) LOS objects, 39% free, 24MB/40MB, paused 339us total 39.336ms
08-06 14:08:27.338 20441 20453 I art     : Starting a blocking GC Explicit
08-06 14:08:27.376 20441 20453 I art     : Explicit concurrent mark sweep GC freed 3(96B) AllocSpace objects, 0(0B) LOS objects, 39% free, 24MB/40MB, paused 329us total 38.121ms
08-06 14:08:27.394 20441 20453 I art     : Starting a blocking GC Explicit
08-06 14:08:27.435 20441 20453 I art     : Explicit concurrent mark sweep GC freed 3(96B) AllocSpace objects, 0(0B) LOS objects, 39% free, 24MB/40MB, paused 371us total 40.123ms
08-06 14:08:27.456 20441 20453 I art     : Starting a blocking GC Explicit
08-06 14:08:27.495 20441 20453 I art     : Explicit concurrent mark sweep GC freed 3(96B) AllocSpace objects, 0(0B) LOS objects, 39% free, 24MB/40MB, paused 337us total 38.613ms
08-06 14:08:27.792 20441 20677 I art     : Starting a blocking GC Explicit
08-06 14:08:27.836 20441 20677 I art     : Explicit concurrent mark sweep GC freed 1346(80KB) AllocSpace objects, 1(20KB) LOS objects, 39% free, 24MB/40MB, paused 337us total 42.876ms
08-06 14:08:27.853 20441 20677 I art     : Starting a blocking GC Explicit
08-06 14:08:27.890 20441 20677 I art     : Explicit concurrent mark sweep GC freed 20(704B) AllocSpace objects, 0(0B) LOS objects, 39% free, 24MB/40MB, paused 318us total 36.954ms
08-06 14:08:27.907 20441 20677 I art     : Starting a blocking GC Explicit
08-06 14:08:27.944 20441 20677 I art     : Explicit concurrent mark sweep GC freed 3(96B) AllocSpace objects, 0(0B) LOS objects, 39% free, 24MB/40MB, paused 323us total 36.488ms
08-06 14:08:27.961 20441 20677 I art     : Starting a blocking GC Explicit
08-06 14:08:27.998 20441 20677 I art     : Explicit concurrent mark sweep GC freed 3(96B) AllocSpace objects, 0(0B) LOS objects, 39% free, 24MB/40MB, paused 325us total 37.051ms
08-06 14:08:28.015 20441 20677 I art     : Starting a blocking GC Explicit
08-06 14:08:28.052 20441 20677 I art     : Explicit concurrent mark sweep GC freed 3(96B) AllocSpace objects, 0(0B) LOS objects, 39% free, 24MB/40MB, paused 330us total 36.644ms
08-06 14:08:28.247 21876 21876 D AndroidRuntime: >>>>>> START com.android.internal.os.RuntimeInit uid 2000 <<<<<<
08-06 14:08:28.254 21876 21876 D AndroidRuntime: CheckJNI is OFF
08-06 14:08:28.296 21876 21876 D ICU     : No timezone override file found: /data/misc/zoneinfo/current/icu/icu_tzdata.dat
08-06 14:08:28.338 21876 21876 I Radio-JNI: register_android_hardware_Radio DONE
08-06 14:08:28.367 20441 20452 I art     : Starting a blocking GC Explicit
08-06 14:08:28.368 21876 21876 D AndroidRuntime: Calling main entry com.android.commands.input.Input
08-06 14:08:28.370 21876 21876 I Input   : injectMotionEvent: MotionEvent { action=ACTION_DOWN, actionButton=0, id[0]=0, x[0]=600.0, y[0]=1536.0, toolType[0]=TOOL_TYPE_UNKNOWN, buttonState=0, metaState=0, flags=0x0, edgeFlags=0x0, pointerCount=1, historySize=0, eventTime=886124782, downTime=886124782, deviceId=0, source=0x1002 }
08-06 14:08:28.374 21876 21876 I Input   : injectMotionEvent: MotionEvent { action=ACTION_UP, actionButton=0, id[0]=0, x[0]=600.0, y[0]=1536.0, toolType[0]=TOOL_TYPE_UNKNOWN, buttonState=0, metaState=0, flags=0x0, edgeFlags=0x0, pointerCount=1, historySize=0, eventTime=886124782, downTime=886124782, deviceId=0, source=0x1002 }
08-06 14:08:28.376 21876 21876 D AndroidRuntime: Shutting down VM
08-06 14:08:28.393   918  4400 I ActivityManager: START u0 {dat=https://oauth.reddit.com/... cmp=baseline.org.quantumbadger.redreader/.activities.PostListingActivity} from uid 10705 on display 0
08-06 14:08:28.399   512  2967 D audio_hw_primary: out_set_parameters: enter: usecase(1: low-latency-playback) kvpairs: routing=2
08-06 14:08:28.412 20441 20452 I art     : Explicit concurrent mark sweep GC freed 1417(82KB) AllocSpace objects, 1(20KB) LOS objects, 39% free, 24MB/40MB, paused 673us total 44.292ms
08-06 14:08:28.413   512  2967 D audio_hw_primary: select_devices: out_snd_device(2: speaker) in_snd_device(0: none)
08-06 14:08:28.413   512  2967 D msm8974_platform: platform_send_audio_calibration: sending audio calibration for snd_device(2) acdb_id(15)
08-06 14:08:28.413   512  2967 I soundtrigger: audio_extn_sound_trigger_update_device_status: device 0x2 of type 0 for Event 1
08-06 14:08:28.422   512  2967 D audio_hw_primary: enable_snd_device: snd_device(2: speaker)
08-06 14:08:28.422 20441 20441 I AppCompatViewInflater: app:theme is now deprecated. Please move to using android:theme instead.
08-06 14:08:28.424   512  2967 D audio_hw_primary: enable_audio_route: apply and update mixer path: low-latency-playback speaker
08-06 14:08:28.430 20441 20452 I art     : Starting a blocking GC Explicit
08-06 14:08:28.446 20441 21904 D OK      : calling: https://oauth.reddit.com/r/askscience/about.json
08-06 14:08:28.466 20441 20452 I art     : Explicit concurrent mark sweep GC freed 861(70KB) AllocSpace objects, 0(0B) LOS objects, 39% free, 24MB/40MB, paused 429us total 35.512ms
08-06 14:08:28.482 20441 20452 I art     : Starting a blocking GC Explicit
08-06 14:08:28.507   918   936 I ActivityManager: Displayed baseline.org.quantumbadger.redreader/.activities.PostListingActivity: +103ms
08-06 14:08:28.508 13866 13866 I GoogleInputMethodServic: GoogleInputMethodService.onFinishInput():3138 
08-06 14:08:28.508 13866 13866 I GoogleInputMethodServic: GoogleInputMethodService.onStartInput():1808 
08-06 14:08:28.517 20441 20452 I art     : Explicit concurrent mark sweep GC freed 1026(48KB) AllocSpace objects, 0(0B) LOS objects, 39% free, 25MB/41MB, paused 364us total 34.212ms
08-06 14:08:28.534 20441 20452 I art     : Starting a blocking GC Explicit
08-06 14:08:28.568 20441 20452 I art     : Explicit concurrent mark sweep GC freed 122(7KB) AllocSpace objects, 0(0B) LOS objects, 39% free, 25MB/41MB, paused 357us total 33.794ms
08-06 14:08:28.585 20441 20452 I art     : Starting a blocking GC Explicit
08-06 14:08:28.622 20441 20452 I art     : Explicit concurrent mark sweep GC freed 1942(77KB) AllocSpace objects, 0(0B) LOS objects, 38% free, 25MB/41MB, paused 392us total 37.147ms
08-06 14:08:28.743   380   380 W SurfaceFlinger: couldn't log to binary event log: overflow.
08-06 14:08:28.752 20441 21904 I NAPPA_EXPERIMENTATION: MetricNetworkRequestExecutionTime: REQUEST_DURATION_SYSTEM='305',REQUEST_DURATION_OKHTTP='146',REQUEST_SYNCHRONOUS='TRUE',RESPONSE_CODE='200',RESPONSE_METHOD='GET',RESPONSE_LENGTH_OKHTTP='-1',RESPONSE_LENGTH_HEADER='4700',REQUEST_PROTOCOL='h2',REQUEST_URL='https://oauth.reddit.com/r/askscience/about.json',
08-06 14:08:28.752 20441 21904 D OK      : request got status: 200
08-06 14:08:28.893 20441 20753 I art     : Starting a blocking GC Explicit
08-06 14:08:28.928 20441 20753 I art     : Explicit concurrent mark sweep GC freed 3192(278KB) AllocSpace objects, 4(176KB) LOS objects, 38% free, 25MB/41MB, paused 346us total 34.705ms
08-06 14:08:28.944 20441 20753 I art     : Starting a blocking GC Explicit
08-06 14:08:28.969   512  2967 D audio_hw_primary: disable_audio_route: reset and update mixer path: low-latency-playback speaker
08-06 14:08:28.970   512  2967 D audio_hw_primary: disable_snd_device: snd_device(2: speaker)
08-06 14:08:28.978   512  2967 I soundtrigger: audio_extn_sound_trigger_update_device_status: device 0x2 of type 0 for Event 0
08-06 14:08:28.978 20441 20753 I art     : Explicit concurrent mark sweep GC freed 207(11KB) AllocSpace objects, 0(0B) LOS objects, 38% free, 25MB/41MB, paused 364us total 33.802ms
08-06 14:08:28.994 20441 20753 I art     : Starting a blocking GC Explicit
08-06 14:08:29.028 20441 20753 I art     : Explicit concurrent mark sweep GC freed 3(96B) AllocSpace objects, 0(0B) LOS objects, 38% free, 25MB/41MB, paused 330us total 33.521ms
08-06 14:08:29.044 20441 20753 I art     : Starting a blocking GC Explicit
08-06 14:08:29.078 20441 20753 I art     : Explicit concurrent mark sweep GC freed 13(528B) AllocSpace objects, 0(0B) LOS objects, 38% free, 25MB/41MB, paused 332us total 34.041ms
08-06 14:08:29.096 20441 20753 I art     : Starting a blocking GC Explicit
08-06 14:08:29.131 20441 20753 I art     : Explicit concurrent mark sweep GC freed 28(1136B) AllocSpace objects, 0(0B) LOS objects, 38% free, 25MB/41MB, paused 356us total 34.891ms
08-06 14:08:29.416 20441 20452 I art     : Starting a blocking GC Explicit
08-06 14:08:29.455 20441 20452 I art     : Explicit concurrent mark sweep GC freed 1370(81KB) AllocSpace objects, 1(20KB) LOS objects, 38% free, 25MB/41MB, paused 374us total 39.518ms
08-06 14:08:29.473 20441 20452 I art     : Starting a blocking GC Explicit
08-06 14:08:29.511 20441 20452 I art     : Explicit concurrent mark sweep GC freed 20(704B) AllocSpace objects, 0(0B) LOS objects, 38% free, 25MB/41MB, paused 417us total 38.574ms
08-06 14:08:29.529 20441 20452 I art     : Starting a blocking GC Explicit
08-06 14:08:29.566 20441 20452 I art     : Explicit concurrent mark sweep GC freed 3(96B) AllocSpace objects, 0(0B) LOS objects, 38% free, 25MB/41MB, paused 359us total 37.066ms
08-06 14:08:29.583 20441 20452 I art     : Starting a blocking GC Explicit
08-06 14:08:29.620 20441 20452 I art     : Explicit concurrent mark sweep GC freed 3(96B) AllocSpace objects, 0(0B) LOS objects, 38% free, 25MB/41MB, paused 351us total 36.993ms
08-06 14:08:29.632 24365  1228 E WakeLock: GCM_HB_ALARM release without a matched acquire!
08-06 14:08:29.638 20441 20452 I art     : Starting a blocking GC Explicit
08-06 14:08:29.647 20441 21929 D OK      : calling: https://oauth.reddit.com/r/askscience/hot/.json
08-06 14:08:29.676 20441 20452 I art     : Explicit concurrent mark sweep GC freed 95(3KB) AllocSpace objects, 0(0B) LOS objects, 38% free, 25MB/41MB, paused 415us total 38.493ms
08-06 14:08:29.704   918  3359 D ConnectivityService: reportNetworkConnectivity(159, true) by 10012
08-06 14:08:29.704   918  1209 D NetworkMonitor/NetworkAgentInfo [WIFI () - 159]: Forcing reevaluation for UID 10012
08-06 14:08:29.705   918  6111 D ConnectivityService: reportNetworkConnectivity(159, true) by 10012
08-06 14:08:29.705   918  1209 D NetworkMonitor/NetworkAgentInfo [WIFI () - 159]: Checking http://connectivitycheck.gstatic.com/generate_204 on "H369AA63323", 192.168.2.12=192.168.2.12
08-06 14:08:29.753   918  1209 D NetworkMonitor/NetworkAgentInfo [WIFI () - 159]: Probably not a portal: exception java.io.IOException: unexpected end of stream on Connection{connectivitycheck.gstatic.com:80, proxy=HTTP@/192.168.2.12:8080 hostAddress=192.168.2.12 cipherSuite=none protocol=http/1.1} (recycle count=0)
08-06 14:08:29.754   918  3263 D ConnectivityService: NetworkAgentInfo [WIFI () - 159] validation failed
08-06 14:08:29.755   918  3261 E WifiConfigStore:  rewrite network history for "H369AA63323"WPA_PSK
08-06 14:08:29.865 20441 21929 I NAPPA_EXPERIMENTATION: MetricNetworkRequestExecutionTime: REQUEST_DURATION_SYSTEM='218',REQUEST_DURATION_OKHTTP='214',REQUEST_SYNCHRONOUS='TRUE',RESPONSE_CODE='200',RESPONSE_METHOD='GET',RESPONSE_LENGTH_OKHTTP='-1',RESPONSE_LENGTH_HEADER='21282',REQUEST_PROTOCOL='h2',REQUEST_URL='https://oauth.reddit.com/r/askscience/hot/.json',
08-06 14:08:29.865 20441 21929 D OK      : request got status: 200
08-06 14:08:29.884 20441 21030 I PostListingFragment: Precaching images: OFF
08-06 14:08:29.885 20441 21030 I PostListingFragment: Precaching comments: OFF
08-06 14:08:29.964 20441 20677 I art     : Starting a blocking GC Explicit
08-06 14:08:30.010 20441 20677 I art     : Explicit concurrent mark sweep GC freed 7702(502KB) AllocSpace objects, 2(88KB) LOS objects, 38% free, 25MB/41MB, paused 490us total 45.396ms
08-06 14:08:30.027 20441 20677 I art     : Starting a blocking GC Explicit
08-06 14:08:30.071 20441 20677 I art     : Explicit concurrent mark sweep GC freed 3597(147KB) AllocSpace objects, 1(68KB) LOS objects, 38% free, 25MB/41MB, paused 692us total 42.843ms
08-06 14:08:30.088 20441 20677 I art     : Starting a blocking GC Explicit
08-06 14:08:30.132 20441 20677 I art     : Explicit concurrent mark sweep GC freed 3192(119KB) AllocSpace objects, 0(0B) LOS objects, 38% free, 25MB/41MB, paused 443us total 43.953ms
08-06 14:08:30.150 20441 20677 I art     : Starting a blocking GC Explicit
08-06 14:08:30.195 20441 20677 I art     : Explicit concurrent mark sweep GC freed 2954(110KB) AllocSpace objects, 0(0B) LOS objects, 38% free, 25MB/41MB, paused 866us total 44.971ms
08-06 14:08:30.213 20441 20677 I art     : Starting a blocking GC Explicit
08-06 14:08:30.259 20441 20677 I art     : Explicit concurrent mark sweep GC freed 3571(129KB) AllocSpace objects, 0(0B) LOS objects, 38% free, 25MB/41MB, paused 536us total 45.620ms
08-06 14:08:30.259 20441 20451 I art     : WaitForGcToComplete blocked for 18.642ms for cause HeapTrim
08-06 14:08:30.580 20441 20677 I art     : Starting a blocking GC Explicit
08-06 14:08:30.627 20441 20677 I art     : Explicit concurrent mark sweep GC freed 15769(743KB) AllocSpace objects, 1(20KB) LOS objects, 38% free, 25MB/41MB, paused 356us total 46.490ms
08-06 14:08:30.644 20441 20677 I art     : Starting a blocking GC Explicit
08-06 14:08:30.683 20441 20677 I art     : Explicit concurrent mark sweep GC freed 282(14KB) AllocSpace objects, 0(0B) LOS objects, 38% free, 25MB/41MB, paused 360us total 38.243ms
08-06 14:08:30.700 20441 20677 I art     : Starting a blocking GC Explicit
08-06 14:08:30.742 20441 20677 I art     : Explicit concurrent mark sweep GC freed 157(6KB) AllocSpace objects, 0(0B) LOS objects, 38% free, 25MB/41MB, paused 366us total 41.716ms
08-06 14:08:30.755   918  1209 D NetworkMonitor/NetworkAgentInfo [WIFI () - 159]: Checking http://connectivitycheck.gstatic.com/generate_204 on "H369AA63323", 192.168.2.12=192.168.2.12
08-06 14:08:30.760 20441 20677 I art     : Starting a blocking GC Explicit
08-06 14:08:30.804 20441 20677 I art     : Explicit concurrent mark sweep GC freed 3(96B) AllocSpace objects, 0(0B) LOS objects, 38% free, 25MB/41MB, paused 360us total 43.549ms
08-06 14:08:30.822 20441 20677 I art     : Starting a blocking GC Explicit
08-06 14:08:30.867 20441 20677 I art     : Explicit concurrent mark sweep GC freed 3(96B) AllocSpace objects, 0(0B) LOS objects, 38% free, 25MB/41MB, paused 363us total 44.271ms
08-06 14:08:30.877   918  1209 D NetworkMonitor/NetworkAgentInfo [WIFI () - 159]: Probably not a portal: exception java.io.IOException: unexpected end of stream on Connection{connectivitycheck.gstatic.com:80, proxy=HTTP@/192.168.2.12:8080 hostAddress=192.168.2.12 cipherSuite=none protocol=http/1.1} (recycle count=0)
08-06 14:08:30.880   918  3263 D ConnectivityService: NetworkAgentInfo [WIFI () - 159] validation failed
08-06 14:08:30.882   918  3261 E WifiConfigStore:  rewrite network history for "H369AA63323"WPA_PSK
08-06 14:08:31.205 20441 20452 I art     : Starting a blocking GC Explicit
08-06 14:08:31.260 20441 20452 I art     : Explicit concurrent mark sweep GC freed 1350(80KB) AllocSpace objects, 1(20KB) LOS objects, 38% free, 25MB/41MB, paused 393us total 54.824ms
08-06 14:08:31.283 20441 20452 I art     : Starting a blocking GC Explicit
08-06 14:08:31.327 20441 20452 I art     : Explicit concurrent mark sweep GC freed 20(704B) AllocSpace objects, 0(0B) LOS objects, 38% free, 25MB/41MB, paused 376us total 43.876ms
08-06 14:08:31.345 20441 20452 I art     : Starting a blocking GC Explicit
08-06 14:08:31.389 20441 20452 I art     : Explicit concurrent mark sweep GC freed 3(96B) AllocSpace objects, 0(0B) LOS objects, 38% free, 25MB/41MB, paused 388us total 44.033ms
08-06 14:08:31.411 20441 20452 I art     : Starting a blocking GC Explicit
08-06 14:08:31.456 20441 20452 I art     : Explicit concurrent mark sweep GC freed 3(96B) AllocSpace objects, 0(0B) LOS objects, 38% free, 25MB/41MB, paused 352us total 44.812ms
08-06 14:08:31.474 20441 20452 I art     : Starting a blocking GC Explicit
08-06 14:08:31.520 20441 20452 I art     : Explicit concurrent mark sweep GC freed 3(96B) AllocSpace objects, 0(0B) LOS objects, 38% free, 25MB/41MB, paused 380us total 45.574ms
08-06 14:08:31.843 20441 20453 I art     : Starting a blocking GC Explicit
08-06 14:08:31.906 20441 20453 I art     : Explicit concurrent mark sweep GC freed 1347(80KB) AllocSpace objects, 1(20KB) LOS objects, 38% free, 25MB/41MB, paused 444us total 62.438ms
08-06 14:08:31.929 20441 20453 I art     : Starting a blocking GC Explicit
08-06 14:08:31.973 20441 20453 I art     : Explicit concurrent mark sweep GC freed 20(704B) AllocSpace objects, 0(0B) LOS objects, 38% free, 25MB/41MB, paused 385us total 44.130ms
08-06 14:08:31.991 20441 20453 I art     : Starting a blocking GC Explicit
08-06 14:08:32.038 20441 20453 I art     : Explicit concurrent mark sweep GC freed 3(96B) AllocSpace objects, 0(0B) LOS objects, 38% free, 25MB/41MB, paused 420us total 46.307ms
08-06 14:08:32.056 20441 20453 I art     : Starting a blocking GC Explicit
08-06 14:08:32.100 20441 20453 I art     : Explicit concurrent mark sweep GC freed 3(96B) AllocSpace objects, 0(0B) LOS objects, 38% free, 25MB/41MB, paused 378us total 43.827ms
08-06 14:08:32.118 20441 20453 I art     : Starting a blocking GC Explicit
08-06 14:08:32.166 20441 20453 I art     : Explicit concurrent mark sweep GC freed 3(96B) AllocSpace objects, 0(0B) LOS objects, 38% free, 25MB/41MB, paused 433us total 47.352ms
08-06 14:08:32.521 20441 20753 I art     : Starting a blocking GC Explicit
08-06 14:08:32.583 20441 20753 I art     : Explicit concurrent mark sweep GC freed 1347(80KB) AllocSpace objects, 1(20KB) LOS objects, 38% free, 25MB/41MB, paused 404us total 61.371ms
08-06 14:08:32.605 20441 20753 I art     : Starting a blocking GC Explicit
08-06 14:08:32.649 20441 20753 I art     : Explicit concurrent mark sweep GC freed 20(704B) AllocSpace objects, 0(0B) LOS objects, 38% free, 25MB/41MB, paused 375us total 43.902ms
08-06 14:08:32.667 20441 20753 I art     : Starting a blocking GC Explicit
08-06 14:08:32.709 20441 20753 I art     : Explicit concurrent mark sweep GC freed 3(96B) AllocSpace objects, 0(0B) LOS objects, 38% free, 25MB/41MB, paused 348us total 42.102ms
08-06 14:08:32.727 20441 20753 I art     : Starting a blocking GC Explicit
08-06 14:08:32.773 20441 20753 I art     : Explicit concurrent mark sweep GC freed 3(96B) AllocSpace objects, 0(0B) LOS objects, 38% free, 25MB/41MB, paused 391us total 45.642ms
08-06 14:08:32.795 20441 20753 I art     : Starting a blocking GC Explicit
08-06 14:08:32.839 20441 20753 I art     : Explicit concurrent mark sweep GC freed 3(96B) AllocSpace objects, 0(0B) LOS objects, 38% free, 25MB/41MB, paused 380us total 43.731ms
08-06 14:08:32.881   918  1209 D NetworkMonitor/NetworkAgentInfo [WIFI () - 159]: Checking http://connectivitycheck.gstatic.com/generate_204 on "H369AA63323", 192.168.2.12=192.168.2.12
08-06 14:08:33.023   918  1209 D NetworkMonitor/NetworkAgentInfo [WIFI () - 159]: Probably not a portal: exception java.io.IOException: unexpected end of stream on Connection{connectivitycheck.gstatic.com:80, proxy=HTTP@/192.168.2.12:8080 hostAddress=192.168.2.12 cipherSuite=none protocol=http/1.1} (recycle count=0)
08-06 14:08:33.025   918  3263 D ConnectivityService: NetworkAgentInfo [WIFI () - 159] validation failed
08-06 14:08:33.026   918  3261 E WifiConfigStore:  rewrite network history for "H369AA63323"WPA_PSK
08-06 14:08:33.151 20441 20677 I art     : Starting a blocking GC Explicit
08-06 14:08:33.208 20441 20677 I art     : Explicit concurrent mark sweep GC freed 1346(80KB) AllocSpace objects, 1(20KB) LOS objects, 38% free, 25MB/41MB, paused 396us total 56.655ms
08-06 14:08:33.229 20441 20677 I art     : Starting a blocking GC Explicit
08-06 14:08:33.276 20441 20677 I art     : Explicit concurrent mark sweep GC freed 20(704B) AllocSpace objects, 0(0B) LOS objects, 38% free, 25MB/41MB, paused 380us total 46.793ms
08-06 14:08:33.298 20441 20677 I art     : Starting a blocking GC Explicit
08-06 14:08:33.343 20441 20677 I art     : Explicit concurrent mark sweep GC freed 3(96B) AllocSpace objects, 0(0B) LOS objects, 38% free, 25MB/41MB, paused 354us total 44.251ms
08-06 14:08:33.361 20441 20677 I art     : Starting a blocking GC Explicit
08-06 14:08:33.406 20441 20677 I art     : Explicit concurrent mark sweep GC freed 3(96B) AllocSpace objects, 0(0B) LOS objects, 38% free, 25MB/41MB, paused 369us total 44.528ms
08-06 14:08:33.424 20441 20677 I art     : Starting a blocking GC Explicit
08-06 14:08:33.469 20441 20677 I art     : Explicit concurrent mark sweep GC freed 3(96B) AllocSpace objects, 0(0B) LOS objects, 38% free, 25MB/41MB, paused 373us total 44.290ms
08-06 14:08:33.783 20441 20452 I art     : Starting a blocking GC Explicit
08-06 14:08:33.832 20441 20452 I art     : Explicit concurrent mark sweep GC freed 1350(80KB) AllocSpace objects, 1(20KB) LOS objects, 38% free, 25MB/41MB, paused 411us total 48.254ms
08-06 14:08:33.851 20441 20452 I art     : Starting a blocking GC Explicit
08-06 14:08:33.895 20441 20452 I art     : Explicit concurrent mark sweep GC freed 20(704B) AllocSpace objects, 0(0B) LOS objects, 38% free, 25MB/41MB, paused 376us total 43.534ms
08-06 14:08:33.913 20441 20452 I art     : Starting a blocking GC Explicit
08-06 14:08:33.955 20441 20452 I art     : Explicit concurrent mark sweep GC freed 3(96B) AllocSpace objects, 0(0B) LOS objects, 38% free, 25MB/41MB, paused 360us total 42.368ms
08-06 14:08:33.973 20441 20452 I art     : Starting a blocking GC Explicit
08-06 14:08:34.016 20441 20452 I art     : Explicit concurrent mark sweep GC freed 3(96B) AllocSpace objects, 0(0B) LOS objects, 38% free, 25MB/41MB, paused 353us total 42.584ms
08-06 14:08:34.034 20441 20452 I art     : Starting a blocking GC Explicit
08-06 14:08:34.078 20441 20452 I art     : Explicit concurrent mark sweep GC freed 3(96B) AllocSpace objects, 0(0B) LOS objects, 38% free, 25MB/41MB, paused 373us total 43.359ms
08-06 14:08:34.199 21997 21997 D AndroidRuntime: >>>>>> START com.android.internal.os.RuntimeInit uid 2000 <<<<<<
08-06 14:08:34.207 21997 21997 D AndroidRuntime: CheckJNI is OFF
08-06 14:08:34.251 21997 21997 D ICU     : No timezone override file found: /data/misc/zoneinfo/current/icu/icu_tzdata.dat
08-06 14:08:34.294 21997 21997 I Radio-JNI: register_android_hardware_Radio DONE
08-06 14:08:34.324 21997 21997 D AndroidRuntime: Calling main entry com.android.commands.input.Input
08-06 14:08:34.326 21997 21997 I Input   : injectMotionEvent: MotionEvent { action=ACTION_DOWN, actionButton=0, id[0]=0, x[0]=600.0, y[0]=700.0, toolType[0]=TOOL_TYPE_UNKNOWN, buttonState=0, metaState=0, flags=0x0, edgeFlags=0x0, pointerCount=1, historySize=0, eventTime=886130738, downTime=886130738, deviceId=0, source=0x1002 }
08-06 14:08:34.334 21997 21997 I Input   : injectMotionEvent: MotionEvent { action=ACTION_UP, actionButton=0, id[0]=0, x[0]=600.0, y[0]=700.0, toolType[0]=TOOL_TYPE_UNKNOWN, buttonState=0, metaState=0, flags=0x0, edgeFlags=0x0, pointerCount=1, historySize=0, eventTime=886130738, downTime=886130738, deviceId=0, source=0x1002 }
08-06 14:08:34.342 21997 21997 D AndroidRuntime: Shutting down VM
08-06 14:08:34.351   512  2967 D audio_hw_primary: out_set_parameters: enter: usecase(1: low-latency-playback) kvpairs: routing=2
08-06 14:08:34.355   918  6112 I ActivityManager: START u0 {dat=https://oauth.reddit.com/... cmp=baseline.org.quantumbadger.redreader/.activities.CommentListingActivity} from uid 10705 on display 0
08-06 14:08:34.364   512  2967 D audio_hw_primary: select_devices: out_snd_device(2: speaker) in_snd_device(0: none)
08-06 14:08:34.364   512  2967 D msm8974_platform: platform_send_audio_calibration: sending audio calibration for snd_device(2) acdb_id(15)
08-06 14:08:34.365   512  2967 I soundtrigger: audio_extn_sound_trigger_update_device_status: device 0x2 of type 0 for Event 1
08-06 14:08:34.377   512  2967 D audio_hw_primary: enable_snd_device: snd_device(2: speaker)
08-06 14:08:34.379   512  2967 D audio_hw_primary: enable_audio_route: apply and update mixer path: low-latency-playback speaker
08-06 14:08:34.387 20441 20441 I AppCompatViewInflater: app:theme is now deprecated. Please move to using android:theme instead.
08-06 14:08:34.406 20441 21030 I CommentListingActivity: COMMENTS session changed to 93a15b99-460b-4226-bea7-ac753eb96e0b
08-06 14:08:34.410 20441 20753 I art     : Starting a blocking GC Explicit
08-06 14:08:34.458 20441 20753 I art     : Explicit concurrent mark sweep GC freed 8336(590KB) AllocSpace objects, 2(40KB) LOS objects, 37% free, 26MB/42MB, paused 1.164ms total 47.833ms
08-06 14:08:34.475 20441 20753 I art     : Starting a blocking GC Explicit
08-06 14:08:34.490   918   936 I ActivityManager: Displayed baseline.org.quantumbadger.redreader/.activities.CommentListingActivity: +122ms
08-06 14:08:34.491 13866 13866 I GoogleInputMethodServic: GoogleInputMethodService.onFinishInput():3138 
08-06 14:08:34.491 13866 13866 I GoogleInputMethodServic: GoogleInputMethodService.onStartInput():1808 
08-06 14:08:34.528 20441 20753 I art     : Explicit concurrent mark sweep GC freed 10801(692KB) AllocSpace objects, 1(16KB) LOS objects, 36% free, 27MB/43MB, paused 1.355ms total 52.488ms
08-06 14:08:34.547 20441 20753 I art     : Starting a blocking GC Explicit
08-06 14:08:34.608 20441 20753 I art     : Explicit concurrent mark sweep GC freed 10550(720KB) AllocSpace objects, 0(0B) LOS objects, 35% free, 28MB/44MB, paused 991us total 60.910ms
08-06 14:08:34.628 20441 20753 I art     : Starting a blocking GC Explicit
08-06 14:08:34.636   918  1210 D NetlinkSocketObserver: NeighborEvent{elapsedMs=1869518511, 192.168.2.254, [7C3953A63323], RTM_NEWNEIGH, NUD_REACHABLE}
08-06 14:08:34.687 20441 20753 I art     : Explicit concurrent mark sweep GC freed 11561(831KB) AllocSpace objects, 1(16KB) LOS objects, 35% free, 29MB/45MB, paused 536us total 58.007ms
08-06 14:08:34.709 20441 20753 I art     : Starting a blocking GC Explicit
08-06 14:08:34.748   380   380 W SurfaceFlinger: couldn't log to binary event log: overflow.
08-06 14:08:34.769 20441 20753 I art     : Explicit concurrent mark sweep GC freed 5257(339KB) AllocSpace objects, 0(0B) LOS objects, 35% free, 29MB/45MB, paused 358us total 59.562ms
08-06 14:08:34.909   512  2967 D audio_hw_primary: disable_audio_route: reset and update mixer path: low-latency-playback speaker
08-06 14:08:34.911   512  2967 D audio_hw_primary: disable_snd_device: snd_device(2: speaker)
08-06 14:08:34.921   512  2967 I soundtrigger: audio_extn_sound_trigger_update_device_status: device 0x2 of type 0 for Event 0
08-06 14:08:34.921 20441 21941 I RedditChangeDataIO: Writing tmp data file at '/data/user/0/baseline.org.quantumbadger.redreader/files/rr_change_data_tmp.dat'
08-06 14:08:34.922 20441 21941 I RedditChangeDataManager: Taking snapshot...
08-06 14:08:34.922 20441 21941 I RedditChangeDataManager: Writing to stream...
08-06 14:08:34.922 20441 21941 I RedditChangeDataManager: Wrote 3 entries for user ''
08-06 14:08:34.922 20441 21941 I RedditChangeDataManager: All entries written to stream.
08-06 14:08:34.923 20441 21941 I RedditChangeDataIO: Write successful. Atomically replacing data file...
08-06 14:08:34.923 20441 21941 I RedditChangeDataIO: Write complete.
08-06 14:08:34.924 20441 21941 I RedditChangeDataIO: 86 bytes written in 3 ms
08-06 14:08:35.074 20441 20452 I art     : Starting a blocking GC Explicit
08-06 14:08:35.136 20441 20452 I art     : Explicit concurrent mark sweep GC freed 20940(978KB) AllocSpace objects, 2(88KB) LOS objects, 36% free, 28MB/44MB, paused 452us total 61.363ms
08-06 14:08:35.158 20441 20452 I art     : Starting a blocking GC Explicit
08-06 14:08:35.213 20441 20452 I art     : Explicit concurrent mark sweep GC freed 92(3KB) AllocSpace objects, 0(0B) LOS objects, 36% free, 28MB/44MB, paused 305us total 54.619ms
08-06 14:08:35.233 20441 20452 I art     : Starting a blocking GC Explicit
08-06 14:08:35.289 20441 20452 I art     : Explicit concurrent mark sweep GC freed 3(96B) AllocSpace objects, 0(0B) LOS objects, 36% free, 28MB/44MB, paused 284us total 55.863ms
08-06 14:08:35.310 20441 20452 I art     : Starting a blocking GC Explicit
08-06 14:08:35.365 20441 20452 I art     : Explicit concurrent mark sweep GC freed 3(96B) AllocSpace objects, 0(0B) LOS objects, 36% free, 28MB/44MB, paused 310us total 54.147ms
08-06 14:08:35.385 20441 20452 I art     : Starting a blocking GC Explicit
08-06 14:08:35.436 20441 20452 I art     : Explicit concurrent mark sweep GC freed 3(96B) AllocSpace objects, 0(0B) LOS objects, 36% free, 28MB/44MB, paused 292us total 51.146ms
08-06 14:08:35.662 14376 14376 I ServiceManager: Waiting for service AtCmdFwd...
08-06 14:08:35.738 20441 20453 I art     : Starting a blocking GC Explicit
08-06 14:08:35.808 20441 20453 I art     : Explicit concurrent mark sweep GC freed 1430(84KB) AllocSpace objects, 1(20KB) LOS objects, 36% free, 28MB/44MB, paused 384us total 70.083ms
08-06 14:08:35.830 20441 20453 I art     : Starting a blocking GC Explicit
08-06 14:08:35.888 20441 20453 I art     : Explicit concurrent mark sweep GC freed 20(704B) AllocSpace objects, 0(0B) LOS objects, 36% free, 28MB/44MB, paused 334us total 57.526ms
08-06 14:08:35.908 20441 20453 I art     : Starting a blocking GC Explicit
08-06 14:08:35.968 20441 20453 I art     : Explicit concurrent mark sweep GC freed 3(96B) AllocSpace objects, 0(0B) LOS objects, 36% free, 28MB/44MB, paused 381us total 59.844ms
08-06 14:08:35.992 20441 20453 I art     : Starting a blocking GC Explicit
08-06 14:08:36.053 20441 20453 I art     : Explicit concurrent mark sweep GC freed 3(96B) AllocSpace objects, 0(0B) LOS objects, 36% free, 28MB/44MB, paused 340us total 61.015ms
08-06 14:08:36.078 20441 20453 I art     : Starting a blocking GC Explicit
08-06 14:08:36.142 20441 20453 I art     : Explicit concurrent mark sweep GC freed 3(96B) AllocSpace objects, 0(0B) LOS objects, 36% free, 28MB/44MB, paused 362us total 64.436ms
08-06 14:08:36.469 20441 20753 I art     : Starting a blocking GC Explicit
08-06 14:08:36.543 20441 20753 I art     : Explicit concurrent mark sweep GC freed 1346(80KB) AllocSpace objects, 1(20KB) LOS objects, 36% free, 28MB/44MB, paused 363us total 73.473ms
08-06 14:08:36.568 20441 20753 I art     : Starting a blocking GC Explicit
08-06 14:08:36.631 20441 20753 I art     : Explicit concurrent mark sweep GC freed 20(704B) AllocSpace objects, 0(0B) LOS objects, 36% free, 28MB/44MB, paused 345us total 63.428ms
08-06 14:08:36.652 20441 20753 I art     : Starting a blocking GC Explicit
08-06 14:08:36.663 14376 14376 I ServiceManager: Waiting for service AtCmdFwd...
08-06 14:08:36.699   918  3188 I hubconnection: sensorhub said: 'set_bias 3: -5.9136, 0.0000, 0.0000'
08-06 14:08:36.719 20441 20753 I art     : Explicit concurrent mark sweep GC freed 3(96B) AllocSpace objects, 0(0B) LOS objects, 36% free, 28MB/44MB, paused 364us total 66.914ms
08-06 14:08:36.742 20441 20753 I art     : Starting a blocking GC Explicit
08-06 14:08:36.806 20441 20753 I art     : Explicit concurrent mark sweep GC freed 3(96B) AllocSpace objects, 0(0B) LOS objects, 36% free, 28MB/44MB, paused 340us total 63.877ms
08-06 14:08:36.826 20441 20753 I art     : Starting a blocking GC Explicit
08-06 14:08:36.891 20441 20753 I art     : Explicit concurrent mark sweep GC freed 3(96B) AllocSpace objects, 0(0B) LOS objects, 36% free, 28MB/44MB, paused 340us total 64.550ms
08-06 14:08:37.028   918  1209 D NetworkMonitor/NetworkAgentInfo [WIFI () - 159]: Checking http://connectivitycheck.gstatic.com/generate_204 on "H369AA63323", 192.168.2.12=192.168.2.12
08-06 14:08:37.123   918  1209 D NetworkMonitor/NetworkAgentInfo [WIFI () - 159]: Probably not a portal: exception java.io.IOException: unexpected end of stream on Connection{connectivitycheck.gstatic.com:80, proxy=HTTP@/192.168.2.12:8080 hostAddress=192.168.2.12 cipherSuite=none protocol=http/1.1} (recycle count=0)
08-06 14:08:37.124   918  3263 D ConnectivityService: NetworkAgentInfo [WIFI () - 159] validation failed
08-06 14:08:37.125   918  3261 E WifiConfigStore:  rewrite network history for "H369AA63323"WPA_PSK
08-06 14:08:37.211 20441 20677 I art     : Starting a blocking GC Explicit
08-06 14:08:37.281 20441 20677 I art     : Explicit concurrent mark sweep GC freed 1346(80KB) AllocSpace objects, 1(20KB) LOS objects, 36% free, 28MB/44MB, paused 356us total 70.102ms
08-06 14:08:37.305 20441 20677 I art     : Starting a blocking GC Explicit
08-06 14:08:37.361 20441 20677 I art     : Explicit concurrent mark sweep GC freed 20(704B) AllocSpace objects, 0(0B) LOS objects, 36% free, 28MB/44MB, paused 307us total 55.576ms
08-06 14:08:37.382 20441 20677 I art     : Starting a blocking GC Explicit
08-06 14:08:37.443 20441 20677 I art     : Explicit concurrent mark sweep GC freed 3(96B) AllocSpace objects, 0(0B) LOS objects, 36% free, 28MB/44MB, paused 332us total 60.777ms
08-06 14:08:37.463 20441 20677 I art     : Starting a blocking GC Explicit
08-06 14:08:37.533 20441 20677 I art     : Explicit concurrent mark sweep GC freed 3(96B) AllocSpace objects, 0(0B) LOS objects, 36% free, 28MB/44MB, paused 357us total 69.210ms
08-06 14:08:37.556 20441 20677 I art     : Starting a blocking GC Explicit
08-06 14:08:37.621 20441 20677 I art     : Explicit concurrent mark sweep GC freed 3(96B) AllocSpace objects, 0(0B) LOS objects, 36% free, 28MB/44MB, paused 325us total 64.663ms
08-06 14:08:37.664 14376 14376 I ServiceManager: Waiting for service AtCmdFwd...
08-06 14:08:37.962 20441 20452 I art     : Starting a blocking GC Explicit
08-06 14:08:38.034 20441 20452 I art     : Explicit concurrent mark sweep GC freed 1346(80KB) AllocSpace objects, 1(20KB) LOS objects, 36% free, 28MB/44MB, paused 329us total 72.339ms
08-06 14:08:38.057 20441 20452 I art     : Starting a blocking GC Explicit
08-06 14:08:38.122 20441 20452 I art     : Explicit concurrent mark sweep GC freed 20(704B) AllocSpace objects, 0(0B) LOS objects, 36% free, 28MB/44MB, paused 340us total 65.196ms
08-06 14:08:38.143 20441 20452 I art     : Starting a blocking GC Explicit
08-06 14:08:38.210 20441 20452 I art     : Explicit concurrent mark sweep GC freed 3(96B) AllocSpace objects, 0(0B) LOS objects, 36% free, 28MB/44MB, paused 437us total 66.865ms
08-06 14:08:38.234 20441 20452 I art     : Starting a blocking GC Explicit
08-06 14:08:38.303 20441 20452 I art     : Explicit concurrent mark sweep GC freed 3(96B) AllocSpace objects, 0(0B) LOS objects, 36% free, 28MB/44MB, paused 358us total 68.643ms
08-06 14:08:38.325 20441 20452 I art     : Starting a blocking GC Explicit
08-06 14:08:38.391 20441 20452 I art     : Explicit concurrent mark sweep GC freed 3(96B) AllocSpace objects, 0(0B) LOS objects, 36% free, 28MB/44MB, paused 327us total 65.264ms
08-06 14:08:38.664 14376 14376 I ServiceManager: Waiting for service AtCmdFwd...
08-06 14:08:38.708 20441 20453 I art     : Starting a blocking GC Explicit
08-06 14:08:38.774 20441 20453 I art     : Explicit concurrent mark sweep GC freed 1346(80KB) AllocSpace objects, 1(20KB) LOS objects, 36% free, 28MB/44MB, paused 366us total 65.681ms
08-06 14:08:38.795 20441 20453 I art     : Starting a blocking GC Explicit
08-06 14:08:38.855 20441 20453 I art     : Explicit concurrent mark sweep GC freed 20(704B) AllocSpace objects, 0(0B) LOS objects, 36% free, 28MB/44MB, paused 345us total 58.910ms
08-06 14:08:38.875 20441 20453 I art     : Starting a blocking GC Explicit
08-06 14:08:38.934 20441 20453 I art     : Explicit concurrent mark sweep GC freed 3(96B) AllocSpace objects, 0(0B) LOS objects, 36% free, 28MB/44MB, paused 337us total 58.789ms
08-06 14:08:38.954 20441 20453 I art     : Starting a blocking GC Explicit
08-06 14:08:39.016 20441 20453 I art     : Explicit concurrent mark sweep GC freed 3(96B) AllocSpace objects, 0(0B) LOS objects, 36% free, 28MB/44MB, paused 318us total 61.362ms
08-06 14:08:39.037 20441 20453 I art     : Starting a blocking GC Explicit
08-06 14:08:39.096 20441 20453 I art     : Explicit concurrent mark sweep GC freed 3(96B) AllocSpace objects, 0(0B) LOS objects, 36% free, 28MB/44MB, paused 340us total 59.273ms
08-06 14:08:39.179 22085 22085 D AndroidRuntime: >>>>>> START com.android.internal.os.RuntimeInit uid 2000 <<<<<<
08-06 14:08:39.186 22085 22085 D AndroidRuntime: CheckJNI is OFF
08-06 14:08:39.235 22085 22085 D ICU     : No timezone override file found: /data/misc/zoneinfo/current/icu/icu_tzdata.dat
08-06 14:08:39.284 22085 22085 I Radio-JNI: register_android_hardware_Radio DONE
08-06 14:08:39.314 22085 22085 D AndroidRuntime: Calling main entry com.android.commands.input.Input
08-06 14:08:39.317 22085 22085 I Input   : injectKeyEvent: KeyEvent { action=ACTION_DOWN, keyCode=KEYCODE_BACK, scanCode=0, metaState=0, flags=0x0, repeatCount=0, eventTime=886135729, downTime=886135729, deviceId=-1, source=0x101 }
08-06 14:08:39.323 22085 22085 I Input   : injectKeyEvent: KeyEvent { action=ACTION_UP, keyCode=KEYCODE_BACK, scanCode=0, metaState=0, flags=0x0, repeatCount=0, eventTime=886135729, downTime=886135729, deviceId=-1, source=0x101 }
08-06 14:08:39.330 22085 22085 D AndroidRuntime: Shutting down VM
08-06 14:08:39.363 13866 13866 I GoogleInputMethodServic: GoogleInputMethodService.onFinishInput():3138 
08-06 14:08:39.364 13866 13866 I GoogleInputMethodServic: GoogleInputMethodService.onStartInput():1808 
08-06 14:08:39.412 20441 20753 I art     : Starting a blocking GC Explicit
08-06 14:08:39.462 20441 20753 I art     : Explicit concurrent mark sweep GC freed 1591(89KB) AllocSpace objects, 1(20KB) LOS objects, 36% free, 28MB/44MB, paused 304us total 50.111ms
08-06 14:08:39.482 20441 20753 I art     : Starting a blocking GC Explicit
08-06 14:08:39.546 20441 20753 I art     : Explicit concurrent mark sweep GC freed 24(864B) AllocSpace objects, 0(0B) LOS objects, 36% free, 28MB/44MB, paused 440us total 63.901ms
08-06 14:08:39.569 20441 20753 I art     : Starting a blocking GC Explicit
08-06 14:08:39.635 20441 20753 I art     : Explicit concurrent mark sweep GC freed 3(96B) AllocSpace objects, 0(0B) LOS objects, 36% free, 28MB/44MB, paused 328us total 65.683ms
08-06 14:08:39.660 20441 20753 I art     : Starting a blocking GC Explicit
08-06 14:08:39.665 14376 14376 I ServiceManager: Waiting for service AtCmdFwd...
08-06 14:08:39.670   380   380 W SurfaceFlinger: couldn't log to binary event log: overflow.
08-06 14:08:39.715 20441 20753 I art     : Explicit concurrent mark sweep GC freed 62(2272B) AllocSpace objects, 0(0B) LOS objects, 36% free, 28MB/44MB, paused 325us total 54.536ms
08-06 14:08:39.735 20441 20753 I art     : Starting a blocking GC Explicit
08-06 14:08:39.790 20441 20753 I art     : Explicit concurrent mark sweep GC freed 9(384B) AllocSpace objects, 0(0B) LOS objects, 36% free, 28MB/44MB, paused 333us total 55.616ms
08-06 14:08:40.102 20441 20452 I art     : Starting a blocking GC Explicit
08-06 14:08:40.162 20441 20452 I art     : Explicit concurrent mark sweep GC freed 48101(2MB) AllocSpace objects, 6(160KB) LOS objects, 38% free, 25MB/41MB, paused 345us total 58.815ms
08-06 14:08:40.184 20441 20452 I art     : Starting a blocking GC Explicit
08-06 14:08:40.223 20441 20452 I art     : Explicit concurrent mark sweep GC freed 20(704B) AllocSpace objects, 0(0B) LOS objects, 38% free, 25MB/41MB, paused 322us total 39.124ms
08-06 14:08:40.241 20441 20452 I art     : Starting a blocking GC Explicit
08-06 14:08:40.283 20441 20452 I art     : Explicit concurrent mark sweep GC freed 3(96B) AllocSpace objects, 0(0B) LOS objects, 38% free, 25MB/41MB, paused 317us total 41.664ms
08-06 14:08:40.301 20441 20452 I art     : Starting a blocking GC Explicit
08-06 14:08:40.342 20441 20452 I art     : Explicit concurrent mark sweep GC freed 3(96B) AllocSpace objects, 0(0B) LOS objects, 38% free, 25MB/41MB, paused 317us total 41.102ms
08-06 14:08:40.360 20441 20452 I art     : Starting a blocking GC Explicit
08-06 14:08:40.402 20441 20452 I art     : Explicit concurrent mark sweep GC freed 3(96B) AllocSpace objects, 0(0B) LOS objects, 38% free, 25MB/41MB, paused 317us total 41.627ms
08-06 14:08:40.665 14376 14376 W Atfwd_Sendcmd: AtCmdFwd service not published, waiting... retryCnt : 5
08-06 14:08:40.689 20441 20453 I art     : Starting a blocking GC Explicit
08-06 14:08:40.735 20441 20453 I art     : Explicit concurrent mark sweep GC freed 1346(80KB) AllocSpace objects, 1(20KB) LOS objects, 38% free, 25MB/41MB, paused 356us total 45.859ms
08-06 14:08:40.755 20441 20453 I art     : Starting a blocking GC Explicit
08-06 14:08:40.796 20441 20453 I art     : Explicit concurrent mark sweep GC freed 20(704B) AllocSpace objects, 0(0B) LOS objects, 38% free, 25MB/41MB, paused 335us total 40.708ms
08-06 14:08:40.814 20441 20453 I art     : Starting a blocking GC Explicit
08-06 14:08:40.854 20441 20453 I art     : Explicit concurrent mark sweep GC freed 3(96B) AllocSpace objects, 0(0B) LOS objects, 38% free, 25MB/41MB, paused 324us total 39.820ms
08-06 14:08:40.854 20441 20451 I art     : WaitForGcToComplete blocked for 40.122ms for cause HeapTrim
08-06 14:08:40.871 20441 20453 I art     : Starting a blocking GC Explicit
08-06 14:08:40.911 20441 20453 I art     : Explicit concurrent mark sweep GC freed 3(96B) AllocSpace objects, 0(0B) LOS objects, 38% free, 25MB/41MB, paused 342us total 39.499ms
08-06 14:08:40.928 20441 20453 I art     : Starting a blocking GC Explicit
08-06 14:08:40.968 20441 20453 I art     : Explicit concurrent mark sweep GC freed 3(96B) AllocSpace objects, 0(0B) LOS objects, 38% free, 25MB/41MB, paused 323us total 39.762ms
08-06 14:08:41.128 22127 22127 D AndroidRuntime: >>>>>> START com.android.internal.os.RuntimeInit uid 2000 <<<<<<
08-06 14:08:41.134 22127 22127 D AndroidRuntime: CheckJNI is OFF
08-06 14:08:41.175 22127 22127 D ICU     : No timezone override file found: /data/misc/zoneinfo/current/icu/icu_tzdata.dat
08-06 14:08:41.217 22127 22127 I Radio-JNI: register_android_hardware_Radio DONE
08-06 14:08:41.245 22127 22127 D AndroidRuntime: Calling main entry com.android.commands.input.Input
08-06 14:08:41.246 22127 22127 I Input   : injectKeyEvent: KeyEvent { action=ACTION_DOWN, keyCode=KEYCODE_BACK, scanCode=0, metaState=0, flags=0x0, repeatCount=0, eventTime=886137659, downTime=886137659, deviceId=-1, source=0x101 }
08-06 14:08:41.252 22127 22127 I Input   : injectKeyEvent: KeyEvent { action=ACTION_UP, keyCode=KEYCODE_BACK, scanCode=0, metaState=0, flags=0x0, repeatCount=0, eventTime=886137659, downTime=886137659, deviceId=-1, source=0x101 }
08-06 14:08:41.258 22127 22127 D AndroidRuntime: Shutting down VM
08-06 14:08:41.281 20441 20453 I art     : Starting a blocking GC Explicit
08-06 14:08:41.298 13866 13866 I GoogleInputMethodServic: GoogleInputMethodService.onFinishInput():3138 
08-06 14:08:41.298 13866 13866 I GoogleInputMethodServic: GoogleInputMethodService.onStartInput():1808 
08-06 14:08:41.322 20441 20453 I art     : Explicit concurrent mark sweep GC freed 1462(84KB) AllocSpace objects, 1(20KB) LOS objects, 38% free, 25MB/41MB, paused 379us total 40.228ms
08-06 14:08:41.340 20441 20453 I art     : Starting a blocking GC Explicit
08-06 14:08:41.377 20441 20453 I art     : Explicit concurrent mark sweep GC freed 85(2848B) AllocSpace objects, 0(0B) LOS objects, 38% free, 25MB/41MB, paused 321us total 36.496ms
08-06 14:08:41.394 20441 20453 I art     : Starting a blocking GC Explicit
08-06 14:08:41.430 20441 20453 I art     : Explicit concurrent mark sweep GC freed 3(96B) AllocSpace objects, 0(0B) LOS objects, 38% free, 25MB/41MB, paused 291us total 35.781ms
08-06 14:08:41.448 20441 20453 I art     : Starting a blocking GC Explicit
08-06 14:08:41.496 20441 20453 I art     : Explicit concurrent mark sweep GC freed 3(96B) AllocSpace objects, 0(0B) LOS objects, 38% free, 25MB/41MB, paused 384us total 48.183ms
08-06 14:08:41.516 20441 20453 I art     : Starting a blocking GC Explicit
08-06 14:08:41.566 20441 20453 I art     : Explicit concurrent mark sweep GC freed 3(96B) AllocSpace objects, 0(0B) LOS objects, 38% free, 25MB/41MB, paused 380us total 49.712ms
08-06 14:08:41.855 20441 20753 I art     : Starting a blocking GC Explicit
08-06 14:08:41.913 20441 20753 I art     : Explicit concurrent mark sweep GC freed 1401(82KB) AllocSpace objects, 1(20KB) LOS objects, 38% free, 25MB/41MB, paused 412us total 56.968ms
08-06 14:08:41.937 20441 20753 I art     : Starting a blocking GC Explicit
08-06 14:08:41.977 20441 20753 I art     : Explicit concurrent mark sweep GC freed 150(7KB) AllocSpace objects, 0(0B) LOS objects, 38% free, 25MB/41MB, paused 463us total 39.897ms
08-06 14:08:41.995 20441 20753 I art     : Starting a blocking GC Explicit
08-06 14:08:42.037 20441 20753 I art     : Explicit concurrent mark sweep GC freed 3(96B) AllocSpace objects, 0(0B) LOS objects, 38% free, 25MB/41MB, paused 399us total 41.669ms
08-06 14:08:42.055 20441 20753 I art     : Starting a blocking GC Explicit
08-06 14:08:42.097 20441 20753 I art     : Explicit concurrent mark sweep GC freed 3(96B) AllocSpace objects, 0(0B) LOS objects, 38% free, 25MB/41MB, paused 346us total 41.797ms
08-06 14:08:42.114 20441 20753 I art     : Starting a blocking GC Explicit
08-06 14:08:42.156 20441 20753 I art     : Explicit concurrent mark sweep GC freed 3(96B) AllocSpace objects, 0(0B) LOS objects, 38% free, 25MB/41MB, paused 357us total 41.499ms
08-06 14:08:42.330   918  3261 D WifiStateMachine: starting scan for "H369AA63323"WPA_PSK with 2412,5180
08-06 14:08:42.459 20441 20677 I art     : Starting a blocking GC Explicit
08-06 14:08:42.505 20441 20677 I art     : Explicit concurrent mark sweep GC freed 1346(80KB) AllocSpace objects, 1(20KB) LOS objects, 38% free, 25MB/41MB, paused 320us total 45.403ms
08-06 14:08:42.522 20441 20677 I art     : Starting a blocking GC Explicit
08-06 14:08:42.560 20441 20677 I art     : Explicit concurrent mark sweep GC freed 20(704B) AllocSpace objects, 0(0B) LOS objects, 38% free, 25MB/41MB, paused 339us total 37.094ms
08-06 14:08:42.577 20441 20677 I art     : Starting a blocking GC Explicit
08-06 14:08:42.616 20441 20677 I art     : Explicit concurrent mark sweep GC freed 3(96B) AllocSpace objects, 0(0B) LOS objects, 38% free, 25MB/41MB, paused 329us total 39.387ms
08-06 14:08:42.634 20441 20677 I art     : Starting a blocking GC Explicit
08-06 14:08:42.674 20441 20677 I art     : Explicit concurrent mark sweep GC freed 3(96B) AllocSpace objects, 0(0B) LOS objects, 38% free, 25MB/41MB, paused 339us total 40.430ms
08-06 14:08:42.692 20441 20677 I art     : Starting a blocking GC Explicit
08-06 14:08:42.732 20441 20677 I art     : Explicit concurrent mark sweep GC freed 3(96B) AllocSpace objects, 0(0B) LOS objects, 38% free, 25MB/41MB, paused 323us total 39.621ms
08-06 14:08:43.024 22178 22178 D AndroidRuntime: >>>>>> START com.android.internal.os.RuntimeInit uid 2000 <<<<<<
08-06 14:08:43.030 22178 22178 D AndroidRuntime: CheckJNI is OFF
08-06 14:08:43.051 20441 20452 I art     : Starting a blocking GC Explicit
08-06 14:08:43.080 22178 22178 D ICU     : No timezone override file found: /data/misc/zoneinfo/current/icu/icu_tzdata.dat
08-06 14:08:43.095 20441 20452 I art     : Explicit concurrent mark sweep GC freed 1346(80KB) AllocSpace objects, 1(20KB) LOS objects, 38% free, 25MB/41MB, paused 357us total 43.533ms
08-06 14:08:43.113 20441 20452 I art     : Starting a blocking GC Explicit
08-06 14:08:43.124 22178 22178 I Radio-JNI: register_android_hardware_Radio DONE
08-06 14:08:43.153 22178 22178 D AndroidRuntime: Calling main entry com.android.commands.input.Input
08-06 14:08:43.155 20441 20452 I art     : Explicit concurrent mark sweep GC freed 20(704B) AllocSpace objects, 0(0B) LOS objects, 38% free, 25MB/41MB, paused 374us total 41.876ms
08-06 14:08:43.156 22178 22178 I Input   : injectMotionEvent: MotionEvent { action=ACTION_DOWN, actionButton=0, id[0]=0, x[0]=600.0, y[0]=1000.0, toolType[0]=TOOL_TYPE_UNKNOWN, buttonState=0, metaState=0, flags=0x0, edgeFlags=0x0, pointerCount=1, historySize=0, eventTime=886139568, downTime=886139568, deviceId=0, source=0x1002 }
08-06 14:08:43.161 22178 22178 I Input   : injectMotionEvent: MotionEvent { action=ACTION_UP, actionButton=0, id[0]=0, x[0]=600.0, y[0]=1000.0, toolType[0]=TOOL_TYPE_UNKNOWN, buttonState=0, metaState=0, flags=0x0, edgeFlags=0x0, pointerCount=1, historySize=0, eventTime=886139568, downTime=886139568, deviceId=0, source=0x1002 }
08-06 14:08:43.163 22178 22178 D AndroidRuntime: Shutting down VM
08-06 14:08:43.172 20441 20452 I art     : Starting a blocking GC Explicit
08-06 14:08:43.176   512  2967 D audio_hw_primary: out_set_parameters: enter: usecase(1: low-latency-playback) kvpairs: routing=2
08-06 14:08:43.179   918   928 I ActivityManager: START u0 {dat=https://oauth.reddit.com/... cmp=baseline.org.quantumbadger.redreader/.activities.PostListingActivity} from uid 10705 on display 0
08-06 14:08:43.189   512  2967 D audio_hw_primary: select_devices: out_snd_device(2: speaker) in_snd_device(0: none)
08-06 14:08:43.189   512  2967 D msm8974_platform: platform_send_audio_calibration: sending audio calibration for snd_device(2) acdb_id(15)
08-06 14:08:43.189   512  2967 I soundtrigger: audio_extn_sound_trigger_update_device_status: device 0x2 of type 0 for Event 1
08-06 14:08:43.199   512  2967 D audio_hw_primary: enable_snd_device: snd_device(2: speaker)
08-06 14:08:43.200 20441 20441 I AppCompatViewInflater: app:theme is now deprecated. Please move to using android:theme instead.
08-06 14:08:43.201   512  2967 D audio_hw_primary: enable_audio_route: apply and update mixer path: low-latency-playback speaker
08-06 14:08:43.215 20441 20452 I art     : Explicit concurrent mark sweep GC freed 544(48KB) AllocSpace objects, 0(0B) LOS objects, 38% free, 25MB/41MB, paused 608us total 42.096ms
08-06 14:08:43.227 20441 22202 D OK      : calling: https://oauth.reddit.com/r/announcements/about.json
08-06 14:08:43.234 20441 20452 I art     : Starting a blocking GC Explicit
08-06 14:08:43.272 20441 20452 I art     : Explicit concurrent mark sweep GC freed 1121(58KB) AllocSpace objects, 0(0B) LOS objects, 38% free, 25MB/41MB, paused 685us total 37.222ms
08-06 14:08:43.290 20441 20452 I art     : Starting a blocking GC Explicit
08-06 14:08:43.291 13866 13866 I GoogleInputMethodServic: GoogleInputMethodService.onFinishInput():3138 
08-06 14:08:43.292 13866 13866 I GoogleInputMethodServic: GoogleInputMethodService.onStartInput():1808 
08-06 14:08:43.293   918   936 I ActivityManager: Displayed baseline.org.quantumbadger.redreader/.activities.PostListingActivity: +103ms
08-06 14:08:43.332 20441 20452 I art     : Explicit concurrent mark sweep GC freed 296(15KB) AllocSpace objects, 0(0B) LOS objects, 38% free, 25MB/41MB, paused 426us total 41.953ms
08-06 14:08:43.524   380   380 W SurfaceFlinger: couldn't log to binary event log: overflow.
08-06 14:08:43.579 20441 22202 I NAPPA_EXPERIMENTATION: MetricNetworkRequestExecutionTime: REQUEST_DURATION_SYSTEM='352',REQUEST_DURATION_OKHTTP='144',REQUEST_SYNCHRONOUS='TRUE',RESPONSE_CODE='200',RESPONSE_METHOD='GET',RESPONSE_LENGTH_OKHTTP='-1',RESPONSE_LENGTH_HEADER='1564',REQUEST_PROTOCOL='h2',REQUEST_URL='https://oauth.reddit.com/r/announcements/about.json',
08-06 14:08:43.579 20441 22202 D OK      : request got status: 200
08-06 14:08:43.614 20441 20453 I art     : Starting a blocking GC Explicit
08-06 14:08:43.652 20441 20453 I art     : Explicit concurrent mark sweep GC freed 5102(326KB) AllocSpace objects, 3(156KB) LOS objects, 38% free, 25MB/41MB, paused 333us total 36.992ms
08-06 14:08:43.669 20441 20453 I art     : Starting a blocking GC Explicit
08-06 14:08:43.706 20441 20453 I art     : Explicit concurrent mark sweep GC freed 313(14KB) AllocSpace objects, 0(0B) LOS objects, 38% free, 25MB/41MB, paused 346us total 35.832ms
08-06 14:08:43.722 20441 20453 I art     : Starting a blocking GC Explicit
08-06 14:08:43.738   512  2967 D audio_hw_primary: disable_audio_route: reset and update mixer path: low-latency-playback speaker
08-06 14:08:43.739   512  2967 D audio_hw_primary: disable_snd_device: snd_device(2: speaker)
08-06 14:08:43.747   512  2967 I soundtrigger: audio_extn_sound_trigger_update_device_status: device 0x2 of type 0 for Event 0
08-06 14:08:43.759 20441 20453 I art     : Explicit concurrent mark sweep GC freed 3(96B) AllocSpace objects, 0(0B) LOS objects, 38% free, 25MB/41MB, paused 383us total 36.701ms
08-06 14:08:43.775 20441 20453 I art     : Starting a blocking GC Explicit
08-06 14:08:43.812 20441 20453 I art     : Explicit concurrent mark sweep GC freed 3(96B) AllocSpace objects, 0(0B) LOS objects, 38% free, 25MB/41MB, paused 337us total 36.488ms
08-06 14:08:43.829 20441 20453 I art     : Starting a blocking GC Explicit
08-06 14:08:43.865 20441 20453 I art     : Explicit concurrent mark sweep GC freed 3(96B) AllocSpace objects, 0(0B) LOS objects, 38% free, 25MB/41MB, paused 356us total 36.431ms
08-06 14:08:44.152 20441 20753 I art     : Starting a blocking GC Explicit
08-06 14:08:44.195 20441 20753 I art     : Explicit concurrent mark sweep GC freed 1405(84KB) AllocSpace objects, 1(20KB) LOS objects, 38% free, 25MB/41MB, paused 376us total 42.942ms
08-06 14:08:44.212 20441 20753 I art     : Starting a blocking GC Explicit
08-06 14:08:44.254 20441 20753 I art     : Explicit concurrent mark sweep GC freed 20(704B) AllocSpace objects, 0(0B) LOS objects, 38% free, 25MB/41MB, paused 373us total 41.717ms
08-06 14:08:44.272 20441 20753 I art     : Starting a blocking GC Explicit
08-06 14:08:44.313 20441 20753 I art     : Explicit concurrent mark sweep GC freed 3(96B) AllocSpace objects, 0(0B) LOS objects, 38% free, 25MB/41MB, paused 337us total 40.590ms
08-06 14:08:44.330 20441 20753 I art     : Starting a blocking GC Explicit
08-06 14:08:44.371 20441 20753 I art     : Explicit concurrent mark sweep GC freed 3(96B) AllocSpace objects, 0(0B) LOS objects, 38% free, 25MB/41MB, paused 381us total 40.293ms
08-06 14:08:44.386   918  1210 D NetlinkSocketObserver: NeighborEvent{elapsedMs=1869528261, 192.168.2.254, [7C3953A63323], RTM_NEWNEIGH, NUD_STALE}
08-06 14:08:44.388 20441 20753 I art     : Starting a blocking GC Explicit
08-06 14:08:44.426 20441 22227 D OK      : calling: https://oauth.reddit.com/r/announcements/hot/.json
08-06 14:08:44.429 20441 20753 I art     : Explicit concurrent mark sweep GC freed 54(2336B) AllocSpace objects, 0(0B) LOS objects, 38% free, 25MB/41MB, paused 527us total 40.879ms
08-06 14:08:44.608 20441 22227 I NAPPA_EXPERIMENTATION: MetricNetworkRequestExecutionTime: REQUEST_DURATION_SYSTEM='181',REQUEST_DURATION_OKHTTP='178',REQUEST_SYNCHRONOUS='TRUE',RESPONSE_CODE='200',RESPONSE_METHOD='GET',RESPONSE_LENGTH_OKHTTP='-1',RESPONSE_LENGTH_HEADER='142016',REQUEST_PROTOCOL='h2',REQUEST_URL='https://oauth.reddit.com/r/announcements/hot/.json',
08-06 14:08:44.608 20441 22227 D OK      : request got status: 200
08-06 14:08:44.637 20441 21030 I PostListingFragment: Precaching images: OFF
08-06 14:08:44.637 20441 21030 I PostListingFragment: Precaching comments: OFF
08-06 14:08:44.714 20441 20452 I art     : Starting a blocking GC Explicit
08-06 14:08:44.764 20441 20452 I art     : Explicit concurrent mark sweep GC freed 4044(294KB) AllocSpace objects, 5(92KB) LOS objects, 37% free, 27MB/43MB, paused 601us total 49.561ms
08-06 14:08:44.783 20441 20452 I art     : Starting a blocking GC Explicit
08-06 14:08:44.812 20441 22238 D OK      : calling: https://b.thumbs.redditmedia.com/RROcLjDSUc0QV1UeQ1txXdyl1C_7233mmsMgtYXxQzo.jpg
08-06 14:08:44.833 20441 20452 I art     : Explicit concurrent mark sweep GC freed 3221(144KB) AllocSpace objects, 0(0B) LOS objects, 36% free, 27MB/43MB, paused 822us total 50.145ms
08-06 14:08:44.844 20441 22239 D OK      : calling: https://a.thumbs.redditmedia.com/N-frnMqRYp_XiaGds7kPbHf82a876RNKSQ1iw0LzHR0.jpg
08-06 14:08:44.852 20441 20452 I art     : Starting a blocking GC Explicit
08-06 14:08:44.863 20441 22240 D OK      : calling: https://b.thumbs.redditmedia.com/KH2o_q4MXufUdRChsfwLtl6gnEnT8MJtZn3Tyj5ZmBU.jpg
08-06 14:08:44.908 20441 20452 I art     : Explicit concurrent mark sweep GC freed 3761(174KB) AllocSpace objects, 0(0B) LOS objects, 36% free, 28MB/44MB, paused 944us total 55.835ms
08-06 14:08:44.919 20441 22241 D OK      : calling: https://b.thumbs.redditmedia.com/MGaOJeZl7UsmdtroJopYU_36HUNvQ9LUV5WFH_FJ2vI.jpg
08-06 14:08:44.928 20441 20452 I art     : Starting a blocking GC Explicit
08-06 14:08:44.986 20441 20452 I art     : Explicit concurrent mark sweep GC freed 6352(323KB) AllocSpace objects, 2(48KB) LOS objects, 35% free, 29MB/45MB, paused 1.358ms total 57.868ms
08-06 14:08:44.991 20441 22242 D OK      : calling: https://a.thumbs.redditmedia.com/-D0hxchgus9EyzvGqvnabK_3Obl93tMfG9G58V1QwW8.jpg
08-06 14:08:45.008 20441 20452 I art     : Starting a blocking GC Explicit
08-06 14:08:45.016 20441 22247 D OK      : calling: https://b.thumbs.redditmedia.com/zCaV9kuSMZxmMvdmErGyUsYNdPrmX8LP9_Ee4QTT16g.jpg
08-06 14:08:45.034 20441 22249 D OK      : calling: https://b.thumbs.redditmedia.com/4EGkxZNzrzt-RCtd035cWyO0BipdbDVuPwi4W2v4TyM.jpg
08-06 14:08:45.065 20441 20452 I art     : Explicit concurrent mark sweep GC freed 10820(479KB) AllocSpace objects, 1(68KB) LOS objects, 35% free, 29MB/45MB, paused 1.087ms total 56.713ms
08-06 14:08:45.079 20441 22251 D OK      : calling: https://a.thumbs.redditmedia.com/aVhMBmGX07uX0KhK0rKdhMvQ4UsOJIHN4KeTaa36EF4.jpg
08-06 14:08:45.126   918  1209 D NetworkMonitor/NetworkAgentInfo [WIFI () - 159]: Checking http://connectivitycheck.gstatic.com/generate_204 on "H369AA63323", 192.168.2.12=192.168.2.12
08-06 14:08:45.212 20441 22240 I NAPPA_EXPERIMENTATION: MetricNetworkRequestExecutionTime: REQUEST_DURATION_SYSTEM='349',REQUEST_DURATION_OKHTTP='213',REQUEST_SYNCHRONOUS='TRUE',RESPONSE_CODE='200',RESPONSE_METHOD='GET',RESPONSE_LENGTH_OKHTTP='2613',RESPONSE_LENGTH_HEADER='2613',REQUEST_PROTOCOL='h2',REQUEST_URL='https://b.thumbs.redditmedia.com/KH2o_q4MXufUdRChsfwLtl6gnEnT8MJtZn3Tyj5ZmBU.jpg',
08-06 14:08:45.212 20441 22240 D OK      : request got status: 200
08-06 14:08:45.247 20441 20441 W RecyclerView: Cannot call this method in a scroll callback. Scroll callbacks mightbe run during a measure & layout pass where you cannot change theRecyclerView data. Any method call that might change the structureof the RecyclerView or the adapter contents should be postponed tothe next frame.
08-06 14:08:45.247 20441 20441 W RecyclerView: java.lang.IllegalStateException:  androidx.recyclerview.widget.RecyclerView{4bb896f VFED..... .F....ID 0,0-1440,2140 #7f0900ef app:id/scrollbar_recyclerview_recyclerview}, adapter:baseline.org.quantumbadger.redreader.adapters.GroupedRecyclerViewAdapter@293867c, layout:androidx.recyclerview.widget.LinearLayoutManager@bb23b05, context:baseline.org.quantumbadger.redreader.activities.PostListingActivity@a67366e
08-06 14:08:45.247 20441 20441 W RecyclerView: 	at androidx.recyclerview.widget.RecyclerView.assertNotInLayoutOrScroll(RecyclerView.java:3061)
08-06 14:08:45.247 20441 20441 W RecyclerView: 	at androidx.recyclerview.widget.RecyclerView$RecyclerViewDataObserver.onItemRangeInserted(RecyclerView.java:5555)
08-06 14:08:45.247 20441 20441 W RecyclerView: 	at androidx.recyclerview.widget.RecyclerView$AdapterDataObservable.notifyItemRangeInserted(RecyclerView.java:12278)
08-06 14:08:45.247 20441 20441 W RecyclerView: 	at androidx.recyclerview.widget.RecyclerView$Adapter.notifyItemInserted(RecyclerView.java:7464)
08-06 14:08:45.247 20441 20441 W RecyclerView: 	at baseline.org.quantumbadger.redreader.adapters.GroupedRecyclerViewAdapter.updateHiddenStatus(GroupedRecyclerViewAdapter.java:279)
08-06 14:08:45.247 20441 20441 W RecyclerView: 	at baseline.org.quantumbadger.redreader.adapters.RedditListingManager.setLoadingVisible(RedditListingManager.java:125)
08-06 14:08:45.247 20441 20441 W RecyclerView: 	at baseline.org.quantumbadger.redreader.fragments.PostListingFragment.onLoadMoreItemsCheck(PostListingFragment.java:465)
08-06 14:08:45.247 20441 20441 W RecyclerView: 	at baseline.org.quantumbadger.redreader.fragments.PostListingFragment.access$000(PostListingFragment.java:98)
08-06 14:08:45.247 20441 20441 W RecyclerView: 	at baseline.org.quantumbadger.redreader.fragments.PostListingFragment$2.onScrolled(PostListingFragment.java:215)
08-06 14:08:45.247 20441 20441 W RecyclerView: 	at androidx.recyclerview.widget.RecyclerView.dispatchOnScrolled(RecyclerView.java:5173)
08-06 14:08:45.247 20441 20441 W RecyclerView: 	at androidx.recyclerview.widget.RecyclerView.dispatchLayoutStep3(RecyclerView.java:4231)
08-06 14:08:45.247 20441 20441 W RecyclerView: 	at androidx.recyclerview.widget.RecyclerView.dispatchLayout(RecyclerView.java:3862)
08-06 14:08:45.247 20441 20441 W RecyclerView: 	at androidx.recyclerview.widget.RecyclerView.consumePendingUpdateOperations(RecyclerView.java:1897)
08-06 14:08:45.247 20441 20441 W RecyclerView: 	at androidx.recyclerview.widget.RecyclerView$1.run(RecyclerView.java:414)
08-06 14:08:45.247 20441 20441 W RecyclerView: 	at android.view.Choreographer$CallbackRecord.run(Choreographer.java:858)
08-06 14:08:45.247 20441 20441 W RecyclerView: 	at android.view.Choreographer.doCallbacks(Choreographer.java:670)
08-06 14:08:45.247 20441 20441 W RecyclerView: 	at android.view.Choreographer.doFrame(Choreographer.java:603)
08-06 14:08:45.247 20441 20441 W RecyclerView: 	at android.view.Choreographer$FrameDisplayEventReceiver.run(Choreographer.java:844)
08-06 14:08:45.247 20441 20441 W RecyclerView: 	at android.os.Handler.handleCallback(Handler.java:739)
08-06 14:08:45.247 20441 20441 W RecyclerView: 	at android.os.Handler.dispatchMessage(Handler.java:95)
08-06 14:08:45.247 20441 20441 W RecyclerView: 	at android.os.Looper.loop(Looper.java:148)
08-06 14:08:45.247 20441 20441 W RecyclerView: 	at android.app.ActivityThread.main(ActivityThread.java:5417)
08-06 14:08:45.247 20441 20441 W RecyclerView: 	at java.lang.reflect.Method.invoke(Native Method)
08-06 14:08:45.247 20441 20441 W RecyclerView: 	at com.android.internal.os.ZygoteInit$MethodAndArgsCaller.run(ZygoteInit.java:726)
08-06 14:08:45.247 20441 20441 W RecyclerView: 	at com.android.internal.os.ZygoteInit.main(ZygoteInit.java:616)
08-06 14:08:45.258 20441 22239 I NAPPA_EXPERIMENTATION: MetricNetworkRequestExecutionTime: REQUEST_DURATION_SYSTEM='414',REQUEST_DURATION_OKHTTP='246',REQUEST_SYNCHRONOUS='TRUE',RESPONSE_CODE='200',RESPONSE_METHOD='GET',RESPONSE_LENGTH_OKHTTP='3750',RESPONSE_LENGTH_HEADER='3750',REQUEST_PROTOCOL='h2',REQUEST_URL='https://a.thumbs.redditmedia.com/N-frnMqRYp_XiaGds7kPbHf82a876RNKSQ1iw0LzHR0.jpg',
08-06 14:08:45.258 20441 22239 D OK      : request got status: 200
08-06 14:08:45.262 20441 22238 I NAPPA_EXPERIMENTATION: MetricNetworkRequestExecutionTime: REQUEST_DURATION_SYSTEM='450',REQUEST_DURATION_OKHTTP='262',REQUEST_SYNCHRONOUS='TRUE',RESPONSE_CODE='200',RESPONSE_METHOD='GET',RESPONSE_LENGTH_OKHTTP='2558',RESPONSE_LENGTH_HEADER='2558',REQUEST_PROTOCOL='h2',REQUEST_URL='https://b.thumbs.redditmedia.com/RROcLjDSUc0QV1UeQ1txXdyl1C_7233mmsMgtYXxQzo.jpg',
08-06 14:08:45.262 20441 22238 D OK      : request got status: 200
08-06 14:08:45.273 20441 22247 I NAPPA_EXPERIMENTATION: MetricNetworkRequestExecutionTime: REQUEST_DURATION_SYSTEM='257',REQUEST_DURATION_OKHTTP='255',REQUEST_SYNCHRONOUS='TRUE',RESPONSE_CODE='200',RESPONSE_METHOD='GET',RESPONSE_LENGTH_OKHTTP='6132',RESPONSE_LENGTH_HEADER='6132',REQUEST_PROTOCOL='h2',REQUEST_URL='https://b.thumbs.redditmedia.com/zCaV9kuSMZxmMvdmErGyUsYNdPrmX8LP9_Ee4QTT16g.jpg',
08-06 14:08:45.273 20441 22247 D OK      : request got status: 200
08-06 14:08:45.291 20441 22241 I NAPPA_EXPERIMENTATION: MetricNetworkRequestExecutionTime: REQUEST_DURATION_SYSTEM='372',REQUEST_DURATION_OKHTTP='217',REQUEST_SYNCHRONOUS='TRUE',RESPONSE_CODE='200',RESPONSE_METHOD='GET',RESPONSE_LENGTH_OKHTTP='4804',RESPONSE_LENGTH_HEADER='4804',REQUEST_PROTOCOL='h2',REQUEST_URL='https://b.thumbs.redditmedia.com/MGaOJeZl7UsmdtroJopYU_36HUNvQ9LUV5WFH_FJ2vI.jpg',
08-06 14:08:45.292 20441 22241 D OK      : request got status: 200
08-06 14:08:45.303 20441 22251 I NAPPA_EXPERIMENTATION: MetricNetworkRequestExecutionTime: REQUEST_DURATION_SYSTEM='224',REQUEST_DURATION_OKHTTP='224',REQUEST_SYNCHRONOUS='TRUE',RESPONSE_CODE='200',RESPONSE_METHOD='GET',RESPONSE_LENGTH_OKHTTP='6940',RESPONSE_LENGTH_HEADER='6940',REQUEST_PROTOCOL='h2',REQUEST_URL='https://a.thumbs.redditmedia.com/aVhMBmGX07uX0KhK0rKdhMvQ4UsOJIHN4KeTaa36EF4.jpg',
08-06 14:08:45.303 20441 22251 D OK      : request got status: 200
08-06 14:08:45.319 20441 22242 I NAPPA_EXPERIMENTATION: MetricNetworkRequestExecutionTime: REQUEST_DURATION_SYSTEM='328',REQUEST_DURATION_OKHTTP='197',REQUEST_SYNCHRONOUS='TRUE',RESPONSE_CODE='200',RESPONSE_METHOD='GET',RESPONSE_LENGTH_OKHTTP='4818',RESPONSE_LENGTH_HEADER='4818',REQUEST_PROTOCOL='h2',REQUEST_URL='https://a.thumbs.redditmedia.com/-D0hxchgus9EyzvGqvnabK_3Obl93tMfG9G58V1QwW8.jpg',
08-06 14:08:45.319 20441 22242 D OK      : request got status: 200
08-06 14:08:45.331 20441 22249 I NAPPA_EXPERIMENTATION: MetricNetworkRequestExecutionTime: REQUEST_DURATION_SYSTEM='297',REQUEST_DURATION_OKHTTP='297',REQUEST_SYNCHRONOUS='TRUE',RESPONSE_CODE='200',RESPONSE_METHOD='GET',RESPONSE_LENGTH_OKHTTP='4987',RESPONSE_LENGTH_HEADER='4987',REQUEST_PROTOCOL='h2',REQUEST_URL='https://b.thumbs.redditmedia.com/4EGkxZNzrzt-RCtd035cWyO0BipdbDVuPwi4W2v4TyM.jpg',
08-06 14:08:45.331 20441 22249 D OK      : request got status: 200
08-06 14:08:45.332   918  1209 D NetworkMonitor/NetworkAgentInfo [WIFI () - 159]: Probably not a portal: exception java.io.IOException: unexpected end of stream on Connection{connectivitycheck.gstatic.com:80, proxy=HTTP@/192.168.2.12:8080 hostAddress=192.168.2.12 cipherSuite=none protocol=http/1.1} (recycle count=0)
08-06 14:08:45.333   918  3263 D ConnectivityService: NetworkAgentInfo [WIFI () - 159] validation failed
08-06 14:08:45.334   918  3261 E WifiConfigStore:  rewrite network history for "H369AA63323"WPA_PSK
08-06 14:08:45.340 20441 22242 W System.err: okhttp3.internal.http2.StreamResetException: stream was reset: CANCEL
08-06 14:08:45.352 20441 20753 I art     : Starting a blocking GC Explicit
08-06 14:08:45.358 20441 22242 W System.err: 	at okhttp3.internal.http2.Http2Stream$FramingSource.read(Http2Stream.java:384)
08-06 14:08:45.358 20441 22242 W System.err: 	at okhttp3.internal.connection.Exchange$ResponseBodySource.read(Exchange.java:286)
08-06 14:08:45.358 20441 22242 W System.err: 	at okio.RealBufferedSource$1.read(RealBufferedSource.java:447)
08-06 14:08:45.358 20441 22242 W System.err: 	at java.io.InputStream.read(InputStream.java:162)
08-06 14:08:45.358 20441 22242 W System.err: 	at baseline.org.quantumbadger.redreader.cache.CacheDownload$2.onSuccess(CacheDownload.java:239)
08-06 14:08:45.358 20441 22242 W System.err: 	at baseline.org.quantumbadger.redreader.http.okhttp.OKHTTPBackend$2.executeInThisThread(OKHTTPBackend.java:189)
08-06 14:08:45.358 20441 22242 W System.err: 	at baseline.org.quantumbadger.redreader.cache.CacheDownload.performDownload(CacheDownload.java:140)
08-06 14:08:45.358 20441 22242 W System.err: 	at baseline.org.quantumbadger.redreader.cache.CacheDownload.doDownload(CacheDownload.java:87)
08-06 14:08:45.358 20441 22242 W System.err: 	at baseline.org.quantumbadger.redreader.cache.CacheDownloadThread.run(CacheDownloadThread.java:36)
08-06 14:08:45.405 20441 20753 I art     : Explicit concurrent mark sweep GC freed 70197(3MB) AllocSpace objects, 35(1832KB) LOS objects, 36% free, 27MB/43MB, paused 602us total 52.223ms
08-06 14:08:45.423 20441 20753 I art     : Starting a blocking GC Explicit
08-06 14:08:45.465 20441 20753 I art     : Explicit concurrent mark sweep GC freed 1750(179KB) AllocSpace objects, 12(552KB) LOS objects, 36% free, 27MB/43MB, paused 358us total 42.412ms
08-06 14:08:45.482 20441 20753 I art     : Starting a blocking GC Explicit
08-06 14:08:45.521 20441 20753 I art     : Explicit concurrent mark sweep GC freed 343(14KB) AllocSpace objects, 3(216KB) LOS objects, 36% free, 27MB/43MB, paused 328us total 37.879ms
08-06 14:08:45.539 20441 20753 I art     : Starting a blocking GC Explicit
08-06 14:08:45.584 20441 20753 I art     : Explicit concurrent mark sweep GC freed 207(8KB) AllocSpace objects, 0(0B) LOS objects, 36% free, 27MB/43MB, paused 350us total 44.645ms
08-06 14:08:45.602 20441 20753 I art     : Starting a blocking GC Explicit
08-06 14:08:45.627 20441 22264 D OK      : calling: https://oauth.reddit.com/r/announcements/hot/.json?after=t3_9jf8nh
08-06 14:08:45.649 20441 20753 I art     : Explicit concurrent mark sweep GC freed 85(3KB) AllocSpace objects, 0(0B) LOS objects, 36% free, 27MB/43MB, paused 458us total 46.367ms
08-06 14:08:45.962 20441 22264 I NAPPA_EXPERIMENTATION: MetricNetworkRequestExecutionTime: REQUEST_DURATION_SYSTEM='335',REQUEST_DURATION_OKHTTP='154',REQUEST_SYNCHRONOUS='TRUE',RESPONSE_CODE='200',RESPONSE_METHOD='GET',RESPONSE_LENGTH_OKHTTP='-1',RESPONSE_LENGTH_HEADER='65685',REQUEST_PROTOCOL='h2',REQUEST_URL='https://oauth.reddit.com/r/announcements/hot/.json?after=t3_9jf8nh',
08-06 14:08:45.963 20441 22264 D OK      : request got status: 200
08-06 14:08:45.974 20441 21030 I PostListingFragment: Precaching images: OFF
08-06 14:08:45.974 20441 21030 I PostListingFragment: Precaching comments: OFF
08-06 14:08:45.985 20441 22114 I art     : Starting a blocking GC Explicit
08-06 14:08:46.012 20441 22280 D OK      : calling: https://a.thumbs.redditmedia.com/8P7BG-empihRDWkNYE_LZ8tekikmQtEiymWkwv7obo0.jpg
08-06 14:08:46.042 20441 22114 I art     : Explicit concurrent mark sweep GC freed 7164(472KB) AllocSpace objects, 1(20KB) LOS objects, 36% free, 28MB/44MB, paused 1.332ms total 57.204ms
08-06 14:08:46.058 20441 22281 D OK      : calling: https://b.thumbs.redditmedia.com/PCxvz6Ma5pyTglQOwhW4LZZOY0qIwyWW5pD83dYmMgc.jpg
08-06 14:08:46.061 20441 22114 I art     : Starting a blocking GC Explicit
08-06 14:08:46.114 20441 22114 I art     : Explicit concurrent mark sweep GC freed 5292(229KB) AllocSpace objects, 2(32KB) LOS objects, 35% free, 28MB/44MB, paused 1.077ms total 52.008ms
08-06 14:08:46.134 20441 22114 I art     : Starting a blocking GC Explicit
08-06 14:08:46.181 20441 22114 I art     : Explicit concurrent mark sweep GC freed 4402(216KB) AllocSpace objects, 3(160KB) LOS objects, 35% free, 28MB/44MB, paused 623us total 47.057ms
08-06 14:08:46.200 20441 22114 I art     : Starting a blocking GC Explicit
08-06 14:08:46.200 20441 22281 I NAPPA_EXPERIMENTATION: MetricNetworkRequestExecutionTime: REQUEST_DURATION_SYSTEM='142',REQUEST_DURATION_OKHTTP='141',REQUEST_SYNCHRONOUS='TRUE',RESPONSE_CODE='200',RESPONSE_METHOD='GET',RESPONSE_LENGTH_OKHTTP='9233',RESPONSE_LENGTH_HEADER='9233',REQUEST_PROTOCOL='h2',REQUEST_URL='https://b.thumbs.redditmedia.com/PCxvz6Ma5pyTglQOwhW4LZZOY0qIwyWW5pD83dYmMgc.jpg',
08-06 14:08:46.201 20441 22281 D OK      : request got status: 200
08-06 14:08:46.254 20441 22114 I art     : Explicit concurrent mark sweep GC freed 3884(152KB) AllocSpace objects, 1(68KB) LOS objects, 35% free, 28MB/44MB, paused 704us total 53.840ms
08-06 14:08:46.269 20441 22280 I NAPPA_EXPERIMENTATION: MetricNetworkRequestExecutionTime: REQUEST_DURATION_SYSTEM='257',REQUEST_DURATION_OKHTTP='146',REQUEST_SYNCHRONOUS='TRUE',RESPONSE_CODE='200',RESPONSE_METHOD='GET',RESPONSE_LENGTH_OKHTTP='3039',RESPONSE_LENGTH_HEADER='3039',REQUEST_PROTOCOL='h2',REQUEST_URL='https://a.thumbs.redditmedia.com/8P7BG-empihRDWkNYE_LZ8tekikmQtEiymWkwv7obo0.jpg',
08-06 14:08:46.269 20441 22280 D OK      : request got status: 200
08-06 14:08:46.273 20441 22114 I art     : Starting a blocking GC Explicit
08-06 14:08:46.328 20441 22114 I art     : Explicit concurrent mark sweep GC freed 4390(254KB) AllocSpace objects, 9(716KB) LOS objects, 35% free, 29MB/45MB, paused 571us total 55.056ms
08-06 14:08:46.655 20441 20452 I art     : Starting a blocking GC Explicit
08-06 14:08:46.723 20441 20452 I art     : Explicit concurrent mark sweep GC freed 19899(1022KB) AllocSpace objects, 8(196KB) LOS objects, 36% free, 28MB/44MB, paused 458us total 66.858ms
08-06 14:08:46.744 20441 20452 I art     : Starting a blocking GC Explicit
08-06 14:08:46.788 20441 20452 I art     : Explicit concurrent mark sweep GC freed 268(10KB) AllocSpace objects, 0(0B) LOS objects, 36% free, 28MB/44MB, paused 341us total 44.220ms
08-06 14:08:46.807 20441 20452 I art     : Starting a blocking GC Explicit
08-06 14:08:46.852 20441 20452 I art     : Explicit concurrent mark sweep GC freed 3(96B) AllocSpace objects, 0(0B) LOS objects, 36% free, 28MB/44MB, paused 367us total 44.776ms
08-06 14:08:46.870 20441 20452 I art     : Starting a blocking GC Explicit
08-06 14:08:46.916 20441 20452 I art     : Explicit concurrent mark sweep GC freed 3(96B) AllocSpace objects, 0(0B) LOS objects, 36% free, 28MB/44MB, paused 373us total 45.141ms
08-06 14:08:46.937 20441 20452 I art     : Starting a blocking GC Explicit
08-06 14:08:46.985 20441 20452 I art     : Explicit concurrent mark sweep GC freed 3(96B) AllocSpace objects, 0(0B) LOS objects, 36% free, 28MB/44MB, paused 333us total 47.712ms
08-06 14:08:47.316 20441 20677 I art     : Starting a blocking GC Explicit
08-06 14:08:47.376 20441 20677 I art     : Explicit concurrent mark sweep GC freed 1347(82KB) AllocSpace objects, 1(20KB) LOS objects, 36% free, 28MB/44MB, paused 412us total 59.365ms
08-06 14:08:47.399 20441 20677 I art     : Starting a blocking GC Explicit
08-06 14:08:47.451 20441 20677 I art     : Explicit concurrent mark sweep GC freed 20(704B) AllocSpace objects, 0(0B) LOS objects, 36% free, 28MB/44MB, paused 336us total 51.781ms
08-06 14:08:47.469 20441 20677 I art     : Starting a blocking GC Explicit
08-06 14:08:47.517 20441 20677 I art     : Explicit concurrent mark sweep GC freed 3(96B) AllocSpace objects, 0(0B) LOS objects, 36% free, 28MB/44MB, paused 370us total 47.458ms
08-06 14:08:47.535 20441 20677 I art     : Starting a blocking GC Explicit
08-06 14:08:47.584 20441 20677 I art     : Explicit concurrent mark sweep GC freed 3(96B) AllocSpace objects, 0(0B) LOS objects, 36% free, 28MB/44MB, paused 385us total 48.589ms
08-06 14:08:47.603 20441 20677 I art     : Starting a blocking GC Explicit
08-06 14:08:47.652 20441 20677 I art     : Explicit concurrent mark sweep GC freed 3(96B) AllocSpace objects, 0(0B) LOS objects, 36% free, 28MB/44MB, paused 352us total 48.951ms
08-06 14:08:47.986 20441 20453 I art     : Starting a blocking GC Explicit
08-06 14:08:48.042 20441 20453 I art     : Explicit concurrent mark sweep GC freed 1347(82KB) AllocSpace objects, 1(20KB) LOS objects, 36% free, 28MB/44MB, paused 408us total 55.386ms
08-06 14:08:48.064 20441 20453 I art     : Starting a blocking GC Explicit
08-06 14:08:48.112 20441 20453 I art     : Explicit concurrent mark sweep GC freed 20(704B) AllocSpace objects, 0(0B) LOS objects, 36% free, 28MB/44MB, paused 403us total 47.600ms
08-06 14:08:48.134 20441 20453 I art     : Starting a blocking GC Explicit
08-06 14:08:48.185 20441 20453 I art     : Explicit concurrent mark sweep GC freed 3(96B) AllocSpace objects, 0(0B) LOS objects, 36% free, 28MB/44MB, paused 427us total 50.083ms
08-06 14:08:48.207 20441 20453 I art     : Starting a blocking GC Explicit
08-06 14:08:48.256 20441 20453 I art     : Explicit concurrent mark sweep GC freed 3(96B) AllocSpace objects, 0(0B) LOS objects, 36% free, 28MB/44MB, paused 343us total 48.934ms
08-06 14:08:48.275 20441 20453 I art     : Starting a blocking GC Explicit
08-06 14:08:48.326 20441 20453 I art     : Explicit concurrent mark sweep GC freed 3(96B) AllocSpace objects, 0(0B) LOS objects, 36% free, 28MB/44MB, paused 394us total 50.514ms
08-06 14:08:48.610 20441 20753 I art     : Starting a blocking GC Explicit
08-06 14:08:48.664 20441 20753 I art     : Explicit concurrent mark sweep GC freed 1352(83KB) AllocSpace objects, 1(20KB) LOS objects, 36% free, 28MB/44MB, paused 423us total 53.623ms
08-06 14:08:48.687 20441 20753 I art     : Starting a blocking GC Explicit
08-06 14:08:48.734 20441 20753 I art     : Explicit concurrent mark sweep GC freed 20(704B) AllocSpace objects, 0(0B) LOS objects, 36% free, 28MB/44MB, paused 391us total 46.401ms
08-06 14:08:48.752 20441 20753 I art     : Starting a blocking GC Explicit
08-06 14:08:48.800 20441 20753 I art     : Explicit concurrent mark sweep GC freed 3(96B) AllocSpace objects, 0(0B) LOS objects, 36% free, 28MB/44MB, paused 397us total 47.787ms
08-06 14:08:48.819 20441 20753 I art     : Starting a blocking GC Explicit
08-06 14:08:48.866 20441 20753 I art     : Explicit concurrent mark sweep GC freed 3(96B) AllocSpace objects, 0(0B) LOS objects, 36% free, 28MB/44MB, paused 417us total 46.816ms
08-06 14:08:48.885 20441 20753 I art     : Starting a blocking GC Explicit
08-06 14:08:48.932 20441 20753 I art     : Explicit concurrent mark sweep GC freed 3(96B) AllocSpace objects, 0(0B) LOS objects, 36% free, 28MB/44MB, paused 395us total 47.160ms
08-06 14:08:48.993 22318 22318 D AndroidRuntime: >>>>>> START com.android.internal.os.RuntimeInit uid 2000 <<<<<<
08-06 14:08:49.000 22318 22318 D AndroidRuntime: CheckJNI is OFF
08-06 14:08:49.046 22318 22318 D ICU     : No timezone override file found: /data/misc/zoneinfo/current/icu/icu_tzdata.dat
08-06 14:08:49.093 22318 22318 I Radio-JNI: register_android_hardware_Radio DONE
08-06 14:08:49.121 22318 22318 D AndroidRuntime: Calling main entry com.android.commands.input.Input
08-06 14:08:49.124 22318 22318 I Input   : injectMotionEvent: MotionEvent { action=ACTION_DOWN, actionButton=0, id[0]=0, x[0]=600.0, y[0]=580.0, toolType[0]=TOOL_TYPE_UNKNOWN, buttonState=0, metaState=0, flags=0x0, edgeFlags=0x0, pointerCount=1, historySize=0, eventTime=886145536, downTime=886145536, deviceId=0, source=0x1002 }
08-06 14:08:49.134 22318 22318 I Input   : injectMotionEvent: MotionEvent { action=ACTION_UP, actionButton=0, id[0]=0, x[0]=600.0, y[0]=580.0, toolType[0]=TOOL_TYPE_UNKNOWN, buttonState=0, metaState=0, flags=0x0, edgeFlags=0x0, pointerCount=1, historySize=0, eventTime=886145536, downTime=886145536, deviceId=0, source=0x1002 }
08-06 14:08:49.137 22318 22318 D AndroidRuntime: Shutting down VM
08-06 14:08:49.153   918  4413 I ActivityManager: START u0 {cmp=baseline.org.quantumbadger.redreader/.activities.WebViewActivity (has extras)} from uid 10705 on display 0
08-06 14:08:49.154   512  2967 D audio_hw_primary: out_set_parameters: enter: usecase(1: low-latency-playback) kvpairs: routing=2
08-06 14:08:49.167   512  2967 D audio_hw_primary: select_devices: out_snd_device(2: speaker) in_snd_device(0: none)
08-06 14:08:49.167   512  2967 D msm8974_platform: platform_send_audio_calibration: sending audio calibration for snd_device(2) acdb_id(15)
08-06 14:08:49.167   512  2967 I soundtrigger: audio_extn_sound_trigger_update_device_status: device 0x2 of type 0 for Event 1
08-06 14:08:49.181   512  2967 D audio_hw_primary: enable_snd_device: snd_device(2: speaker)
08-06 14:08:49.184   512  2967 D audio_hw_primary: enable_audio_route: apply and update mixer path: low-latency-playback speaker
08-06 14:08:49.184 20441 20441 I AppCompatViewInflater: app:theme is now deprecated. Please move to using android:theme instead.
08-06 14:08:49.205 20441 20441 I WebViewFactory: Loading com.google.android.webview version 84.0.4147.89 (code 414708953)
08-06 14:08:49.259 20441 20753 I art     : Starting a blocking GC Explicit
08-06 14:08:49.304 20441 20753 I art     : Explicit concurrent mark sweep GC freed 2630(200KB) AllocSpace objects, 1(20KB) LOS objects, 36% free, 28MB/44MB, paused 531us total 45.129ms
08-06 14:08:49.326 20441 20753 I art     : Starting a blocking GC Explicit
08-06 14:08:49.369 20441 20753 I art     : Explicit concurrent mark sweep GC freed 6181(504KB) AllocSpace objects, 3(76KB) LOS objects, 36% free, 28MB/44MB, paused 1.184ms total 42.590ms
08-06 14:08:49.397 20441 20753 I art     : Starting a blocking GC Explicit
08-06 14:08:49.413 20441 20441 I cr_LibraryLoader: Loaded native library version number "84.0.4147.89"
08-06 14:08:49.414 20441 20441 I cr_CachingUmaRecorder: Flushed 5 samples from 5 histograms.
08-06 14:08:49.444 20441 20753 I art     : Explicit concurrent mark sweep GC freed 3857(363KB) AllocSpace objects, 2(40KB) LOS objects, 35% free, 28MB/44MB, paused 1.094ms total 46.774ms
08-06 14:08:49.461 20441 20441 E chromium: [ERROR:filesystem_posix.cc(62)] mkdir /data/user/0/baseline.org.quantumbadger.redreader/cache/WebView/Crashpad: No such file or directory (2)
08-06 14:08:49.463 20441 20753 I art     : Starting a blocking GC Explicit
08-06 14:08:49.508 20441 20753 I art     : Explicit concurrent mark sweep GC freed 1101(95KB) AllocSpace objects, 0(0B) LOS objects, 35% free, 28MB/44MB, paused 1.046ms total 44.635ms
08-06 14:08:49.528 20441 20753 I art     : Starting a blocking GC Explicit
08-06 14:08:49.568   918  3961 D ConnectivityService: listenForNetwork for Listen from uid/pid:10705/20441 for NetworkRequest [ id=4031, legacyType=-1, [ Capabilities: INTERNET&NOT_RESTRICTED&TRUSTED] ]
08-06 14:08:49.584 20441 20753 I art     : Explicit concurrent mark sweep GC freed 766(69KB) AllocSpace objects, 0(0B) LOS objects, 35% free, 28MB/44MB, paused 1.113ms total 55.648ms
08-06 14:08:49.631 20441 22366 W cr_media: Requires BLUETOOTH permission
08-06 14:08:49.643 20441 22379 E libEGL  : validate_display:255 error 3008 (EGL_BAD_DISPLAY)
08-06 14:08:49.728   512  2967 D audio_hw_primary: disable_audio_route: reset and update mixer path: low-latency-playback speaker
08-06 14:08:49.729   512  2967 D audio_hw_primary: disable_snd_device: snd_device(2: speaker)
08-06 14:08:49.737   512  2967 I soundtrigger: audio_extn_sound_trigger_update_device_status: device 0x2 of type 0 for Event 0
08-06 14:08:49.773 13866 13866 I GoogleInputMethodServic: GoogleInputMethodService.onFinishInput():3138 
08-06 14:08:49.773 13866 13866 I GoogleInputMethodServic: GoogleInputMethodService.onStartInput():1808 
08-06 14:08:49.774   918   936 I ActivityManager: Displayed baseline.org.quantumbadger.redreader/.activities.WebViewActivity: +612ms
08-06 14:08:49.892 20441 20453 I art     : Starting a blocking GC Explicit
08-06 14:08:49.951 20441 20453 I art     : Explicit concurrent mark sweep GC freed 7891(482KB) AllocSpace objects, 4(220KB) LOS objects, 35% free, 29MB/45MB, paused 630us total 58.591ms
08-06 14:08:49.972 20441 20453 I art     : Starting a blocking GC Explicit
08-06 14:08:50.014   380   380 W SurfaceFlinger: couldn't log to binary event log: overflow.
08-06 14:08:50.026 20441 20453 I art     : Explicit concurrent mark sweep GC freed 1190(128KB) AllocSpace objects, 0(0B) LOS objects, 35% free, 29MB/45MB, paused 527us total 53.039ms
08-06 14:08:50.037   918  3188 I hubconnection: sensorhub said: 'set_bias 3: -6.2400, 0.0000, 0.0000'
08-06 14:08:50.045 20441 20453 I art     : Starting a blocking GC Explicit
08-06 14:08:50.086 20441 20453 I art     : Explicit concurrent mark sweep GC freed 20(1072B) AllocSpace objects, 0(0B) LOS objects, 35% free, 29MB/45MB, paused 486us total 40.934ms
08-06 14:08:50.106 20441 20453 I art     : Starting a blocking GC Explicit
08-06 14:08:50.147 20441 20453 I art     : Explicit concurrent mark sweep GC freed 95(7KB) AllocSpace objects, 0(0B) LOS objects, 35% free, 29MB/45MB, paused 698us total 41.435ms
08-06 14:08:50.166 20441 20453 I art     : Starting a blocking GC Explicit
08-06 14:08:50.215 20441 20453 I art     : Explicit concurrent mark sweep GC freed 719(53KB) AllocSpace objects, 0(0B) LOS objects, 35% free, 29MB/45MB, paused 2.162ms total 48.327ms
08-06 14:08:50.521 20441 20453 I art     : Starting a blocking GC Explicit
08-06 14:08:50.565 20441 20453 I art     : Explicit concurrent mark sweep GC freed 5716(276KB) AllocSpace objects, 1(20KB) LOS objects, 35% free, 29MB/45MB, paused 590us total 43.795ms
08-06 14:08:50.585 20441 20453 I art     : Starting a blocking GC Explicit
08-06 14:08:50.628 20441 20453 I art     : Explicit concurrent mark sweep GC freed 112(3KB) AllocSpace objects, 0(0B) LOS objects, 35% free, 29MB/45MB, paused 565us total 42.224ms
08-06 14:08:50.645 20441 20453 I art     : Starting a blocking GC Explicit
08-06 14:08:50.689 20441 20453 I art     : Explicit concurrent mark sweep GC freed 3(96B) AllocSpace objects, 0(0B) LOS objects, 35% free, 29MB/45MB, paused 531us total 42.972ms
08-06 14:08:50.707 20441 20453 I art     : Starting a blocking GC Explicit
08-06 14:08:50.749 20441 20453 I art     : Explicit concurrent mark sweep GC freed 3(96B) AllocSpace objects, 0(0B) LOS objects, 35% free, 29MB/45MB, paused 536us total 41.562ms
08-06 14:08:50.767 20441 20453 I art     : Starting a blocking GC Explicit
08-06 14:08:50.808 20441 20453 I art     : Explicit concurrent mark sweep GC freed 3(96B) AllocSpace objects, 0(0B) LOS objects, 35% free, 29MB/45MB, paused 605us total 41.439ms
08-06 14:08:51.134 20441 20677 I art     : Starting a blocking GC Explicit
08-06 14:08:51.178 20441 20677 I art     : Explicit concurrent mark sweep GC freed 1355(82KB) AllocSpace objects, 1(20KB) LOS objects, 35% free, 29MB/45MB, paused 618us total 43.446ms
08-06 14:08:51.194 20441 20677 I art     : Starting a blocking GC Explicit
08-06 14:08:51.236 20441 20677 I art     : Explicit concurrent mark sweep GC freed 20(704B) AllocSpace objects, 0(0B) LOS objects, 35% free, 29MB/45MB, paused 514us total 42.112ms
08-06 14:08:51.253 20441 20677 I art     : Starting a blocking GC Explicit
08-06 14:08:51.292 20441 20677 I art     : Explicit concurrent mark sweep GC freed 32(1568B) AllocSpace objects, 0(0B) LOS objects, 35% free, 29MB/45MB, paused 483us total 39.085ms
08-06 14:08:51.310 20441 20677 I art     : Starting a blocking GC Explicit
08-06 14:08:51.326 20441 20441 I Choreographer: Skipped 59 frames!  The application may be doing too much work on its main thread.
08-06 14:08:51.357 20441 20677 I art     : Explicit concurrent mark sweep GC freed 151(30KB) AllocSpace objects, 0(0B) LOS objects, 35% free, 29MB/45MB, paused 483us total 46.599ms
08-06 14:08:51.378 20441 20677 I art     : Starting a blocking GC Explicit
08-06 14:08:51.429 20441 20677 I art     : Explicit concurrent mark sweep GC freed 84(2816B) AllocSpace objects, 0(0B) LOS objects, 35% free, 29MB/45MB, paused 468us total 50.643ms
08-06 14:08:51.785 20441 20753 I art     : Starting a blocking GC Explicit
08-06 14:08:51.835 20441 20753 I art     : Explicit concurrent mark sweep GC freed 1395(83KB) AllocSpace objects, 1(20KB) LOS objects, 35% free, 29MB/45MB, paused 570us total 49.451ms
08-06 14:08:51.854 20441 20753 I art     : Starting a blocking GC Explicit
08-06 14:08:51.901 20441 20753 I art     : Explicit concurrent mark sweep GC freed 20(704B) AllocSpace objects, 0(0B) LOS objects, 35% free, 29MB/45MB, paused 539us total 46.972ms
08-06 14:08:51.920 20441 20753 I art     : Starting a blocking GC Explicit
08-06 14:08:51.968 20441 20753 I art     : Explicit concurrent mark sweep GC freed 3(96B) AllocSpace objects, 0(0B) LOS objects, 35% free, 29MB/45MB, paused 560us total 47.409ms
08-06 14:08:51.986 20441 20753 I art     : Starting a blocking GC Explicit
08-06 14:08:51.993 20441 20441 I chromium: [INFO:CONSOLE(1)] "
08-06 14:08:51.993 20441 20441 I chromium:                   ,d"=,.,qOp,
08-06 14:08:51.993 20441 20441 I chromium:                  ,7'  ''$(  )
08-06 14:08:51.993 20441 20441 I chromium:                 ,7'      '?q$7'
08-06 14:08:51.993 20441 20441 I chromium:              ..,$$,.
08-06 14:08:51.993 20441 20441 I chromium:    ,.  .,,--***""***--,,.  .,
08-06 14:08:51.993 20441 20441 I chromium:     ,p''              ''q,   
08-06 14:08:51.993 20441 20441 I chromium: :  ,7'                      '7,  :
08-06 14:08:51.993 20441 20441 I chromium:  ' $      ,db,      ,db,      $ '
08-06 14:08:51.993 20441 20441 I chromium:   '$      $$      $$      $'    Using Reddit at work? Work for Reddit.
08-06 14:08:51.993 20441 20441 I chromium:   '$                          $'        https://www.reddit.com/jobs
08-06 14:08:51.993 20441 20441 I chromium:    '$.     .,        ,.     .$'
08-06 14:08:51.993 20441 20441 I chromium:     'b,     ''     ,d'
08-06 14:08:51.993 20441 20441 I chromium:      '?bn,,          ,,nd?'
08-06 14:08:51.993 20441 20441 I chromium:        ,7$ '''' $7,
08-06 14:08:51.993 20441 20441 I chromium:      , $              $ ,
08-06 14:08:51.993 20441 20441 I chromium:      $  :$              $:  $
08-06 14:08:51.993 20441 20441 I chromium:      $   $              $   $
08-06 14:08:51.993 20441 20441 I chromium:      'b  q:            :p  d'
08-06 14:08:51.993 20441 20441 I chromium:       '?$.          .$?'
08-06 14:08:51.993 20441 20441 I chromium:          'b            d'
08-06 14:08:51.993 20441 20441 I chromium:        ,'?,.      .,?',
08-06 14:08:51.993 20441 20441 I chromium:       ==--==--==--==
08-06 14:08:51.993 20441 20441 I chromium: ", source: https://www.redditstatic.com/desktop2x/Chat~Governance~Reddit.2ea93b134a9b2e5b1d9a.js (1)
08-06 14:08:52.033 20441 20753 I art     : Explicit concurrent mark sweep GC freed 9(2464B) AllocSpace objects, 0(0B) LOS objects, 35% free, 29MB/45MB, paused 572us total 46.900ms
08-06 14:08:52.052 20441 20753 I art     : Starting a blocking GC Explicit
08-06 14:08:52.098 20441 20753 I art     : Explicit concurrent mark sweep GC freed 6(544B) AllocSpace objects, 0(0B) LOS objects, 35% free, 29MB/45MB, paused 590us total 46.192ms
08-06 14:08:52.466 20441 20677 I art     : Starting a blocking GC Explicit
08-06 14:08:52.549 20441 20677 I art     : Explicit concurrent mark sweep GC freed 1368(83KB) AllocSpace objects, 1(20KB) LOS objects, 35% free, 29MB/45MB, paused 1.190ms total 81.524ms
08-06 14:08:52.568 20441 20677 I art     : Starting a blocking GC Explicit
08-06 14:08:52.614 20441 20677 I art     : Explicit concurrent mark sweep GC freed 24(816B) AllocSpace objects, 0(0B) LOS objects, 35% free, 29MB/45MB, paused 474us total 45.317ms
08-06 14:08:52.630 20441 20677 I art     : Starting a blocking GC Explicit
08-06 14:08:52.674 20441 20677 I art     : Explicit concurrent mark sweep GC freed 3(96B) AllocSpace objects, 0(0B) LOS objects, 35% free, 29MB/45MB, paused 503us total 43.701ms
08-06 14:08:52.695 20441 20677 I art     : Starting a blocking GC Explicit
08-06 14:08:52.739 20441 20677 I art     : Explicit concurrent mark sweep GC freed 3(96B) AllocSpace objects, 0(0B) LOS objects, 35% free, 29MB/45MB, paused 497us total 43.981ms
08-06 14:08:52.756 20441 20677 I art     : Starting a blocking GC Explicit
08-06 14:08:52.804 20441 20677 I art     : Explicit concurrent mark sweep GC freed 3(96B) AllocSpace objects, 0(0B) LOS objects, 35% free, 29MB/45MB, paused 740us total 47.585ms
08-06 14:08:53.185 20441 20453 I art     : Starting a blocking GC Explicit
08-06 14:08:53.234 20441 20453 I art     : Explicit concurrent mark sweep GC freed 1406(85KB) AllocSpace objects, 1(20KB) LOS objects, 35% free, 29MB/45MB, paused 494us total 48.736ms
08-06 14:08:53.252 20441 20453 I art     : Starting a blocking GC Explicit
08-06 14:08:53.296 20441 20453 I art     : Explicit concurrent mark sweep GC freed 175(9KB) AllocSpace objects, 0(0B) LOS objects, 35% free, 29MB/45MB, paused 549us total 43.274ms
08-06 14:08:53.315 20441 20453 I art     : Starting a blocking GC Explicit
08-06 14:08:53.359 20441 20453 I art     : Explicit concurrent mark sweep GC freed 8(272B) AllocSpace objects, 0(0B) LOS objects, 35% free, 29MB/45MB, paused 465us total 43.159ms
08-06 14:08:53.379   518   646 I ThermalEngine: ACTION: GPU - Setting GPU[0] to 390000000
08-06 14:08:53.385 20441 20453 I art     : Starting a blocking GC Explicit
08-06 14:08:53.452 20441 20453 I art     : Explicit concurrent mark sweep GC freed 3(96B) AllocSpace objects, 0(0B) LOS objects, 35% free, 29MB/45MB, paused 832us total 66.741ms
08-06 14:08:53.479 20441 20453 I art     : Starting a blocking GC Explicit
08-06 14:08:53.543 20441 20453 I art     : Explicit concurrent mark sweep GC freed 18(2896B) AllocSpace objects, 0(0B) LOS objects, 35% free, 29MB/45MB, paused 849us total 64.283ms
08-06 14:08:53.944 20441 20453 I art     : Starting a blocking GC Explicit
08-06 14:08:54.006 20441 20453 I art     : Explicit concurrent mark sweep GC freed 1355(82KB) AllocSpace objects, 1(20KB) LOS objects, 35% free, 29MB/45MB, paused 1.519ms total 61.470ms
08-06 14:08:54.031 20441 20453 I art     : Starting a blocking GC Explicit
08-06 14:08:54.083 20441 20453 I art     : Explicit concurrent mark sweep GC freed 66(3KB) AllocSpace objects, 0(0B) LOS objects, 35% free, 29MB/45MB, paused 650us total 52.118ms
08-06 14:08:54.118 20441 20453 I art     : Starting a blocking GC Explicit
08-06 14:08:54.162 20441 22348 I RedditChangeDataIO: Writing tmp data file at '/data/user/0/baseline.org.quantumbadger.redreader/files/rr_change_data_tmp.dat'
08-06 14:08:54.163 20441 22348 I RedditChangeDataManager: Taking snapshot...
08-06 14:08:54.163 20441 22348 I RedditChangeDataManager: Writing to stream...
08-06 14:08:54.163 20441 22348 I RedditChangeDataManager: Wrote 4 entries for user ''
08-06 14:08:54.164 20441 22348 I RedditChangeDataManager: All entries written to stream.
08-06 14:08:54.164 20441 22348 I RedditChangeDataIO: Write successful. Atomically replacing data file...
08-06 14:08:54.164 20441 22348 I RedditChangeDataIO: Write complete.
08-06 14:08:54.164 20441 22348 I RedditChangeDataIO: 110 bytes written in 2 ms
08-06 14:08:54.177 20441 20453 I art     : Explicit concurrent mark sweep GC freed 76(4KB) AllocSpace objects, 1(68KB) LOS objects, 35% free, 29MB/45MB, paused 1.224ms total 58.745ms
08-06 14:08:54.208 20441 20453 I art     : Starting a blocking GC Explicit
08-06 14:08:54.269 20441 20453 I art     : Explicit concurrent mark sweep GC freed 14(656B) AllocSpace objects, 0(0B) LOS objects, 35% free, 29MB/45MB, paused 796us total 60.639ms
08-06 14:08:54.296 20441 20453 I art     : Starting a blocking GC Explicit
08-06 14:08:54.363 20441 20453 I art     : Explicit concurrent mark sweep GC freed 3(96B) AllocSpace objects, 0(0B) LOS objects, 35% free, 29MB/45MB, paused 678us total 66.351ms
08-06 14:08:54.785 20441 20452 I art     : Starting a blocking GC Explicit
08-06 14:08:54.853 20441 20452 I art     : Explicit concurrent mark sweep GC freed 1355(82KB) AllocSpace objects, 1(20KB) LOS objects, 35% free, 29MB/45MB, paused 702us total 68.345ms
08-06 14:08:54.879 20441 20452 I art     : Starting a blocking GC Explicit
08-06 14:08:54.942 20441 20452 I art     : Explicit concurrent mark sweep GC freed 22(784B) AllocSpace objects, 0(0B) LOS objects, 35% free, 29MB/45MB, paused 912us total 62.711ms
08-06 14:08:54.968 20441 20452 I art     : Starting a blocking GC Explicit
08-06 14:08:55.037 20441 20452 I art     : Explicit concurrent mark sweep GC freed 3(96B) AllocSpace objects, 0(0B) LOS objects, 35% free, 29MB/45MB, paused 855us total 68.511ms
08-06 14:08:55.062 20441 20452 I art     : Starting a blocking GC Explicit
08-06 14:08:55.127 20441 20452 I art     : Explicit concurrent mark sweep GC freed 3(96B) AllocSpace objects, 0(0B) LOS objects, 35% free, 29MB/45MB, paused 603us total 64.083ms
08-06 14:08:55.151 20441 20452 I art     : Starting a blocking GC Explicit
08-06 14:08:55.216 20441 20452 I art     : Explicit concurrent mark sweep GC freed 3(96B) AllocSpace objects, 0(0B) LOS objects, 35% free, 29MB/45MB, paused 708us total 63.816ms
08-06 14:08:55.642 20441 20452 I art     : Starting a blocking GC Explicit
08-06 14:08:55.706 20441 20452 I art     : Explicit concurrent mark sweep GC freed 1355(82KB) AllocSpace objects, 1(20KB) LOS objects, 35% free, 29MB/45MB, paused 1.544ms total 63.222ms
08-06 14:08:55.735 20441 20452 I art     : Starting a blocking GC Explicit
08-06 14:08:55.793 20441 20452 I art     : Explicit concurrent mark sweep GC freed 20(704B) AllocSpace objects, 0(0B) LOS objects, 35% free, 29MB/45MB, paused 888us total 57.408ms
08-06 14:08:55.829 20441 20452 I art     : Starting a blocking GC Explicit
08-06 14:08:55.887 20441 20452 I art     : Explicit concurrent mark sweep GC freed 3(96B) AllocSpace objects, 0(0B) LOS objects, 35% free, 29MB/45MB, paused 659us total 58.310ms
08-06 14:08:55.922 20441 20452 I art     : Starting a blocking GC Explicit
08-06 14:08:55.980 20441 20452 I art     : Explicit concurrent mark sweep GC freed 3(96B) AllocSpace objects, 0(0B) LOS objects, 35% free, 29MB/45MB, paused 767us total 57.557ms
08-06 14:08:56.008 20441 20452 I art     : Starting a blocking GC Explicit
08-06 14:08:56.067 20441 20452 I art     : Explicit concurrent mark sweep GC freed 3(96B) AllocSpace objects, 0(0B) LOS objects, 35% free, 29MB/45MB, paused 659us total 58.098ms
08-06 14:08:56.473 20441 20452 I art     : Starting a blocking GC Explicit
08-06 14:08:56.541 20441 20452 I art     : Explicit concurrent mark sweep GC freed 1355(82KB) AllocSpace objects, 1(20KB) LOS objects, 35% free, 29MB/45MB, paused 847us total 66.620ms
08-06 14:08:56.565 20441 20452 I art     : Starting a blocking GC Explicit
08-06 14:08:56.678 20441 20452 I art     : Explicit concurrent mark sweep GC freed 20(704B) AllocSpace objects, 0(0B) LOS objects, 35% free, 29MB/45MB, paused 11.137ms total 112.846ms
08-06 14:08:56.714 20441 20452 I art     : Starting a blocking GC Explicit
08-06 14:08:56.777 20441 20452 I art     : Explicit concurrent mark sweep GC freed 3(96B) AllocSpace objects, 0(0B) LOS objects, 35% free, 29MB/45MB, paused 1.029ms total 62.723ms
08-06 14:08:56.840 20441 20452 I art     : Starting a blocking GC Explicit
08-06 14:08:56.936 20441 20452 I art     : Explicit concurrent mark sweep GC freed 3(96B) AllocSpace objects, 0(0B) LOS objects, 35% free, 29MB/45MB, paused 833us total 94.864ms
08-06 14:08:56.961 20441 20452 I art     : Starting a blocking GC Explicit
08-06 14:08:57.040 20441 20452 I art     : Explicit concurrent mark sweep GC freed 3(96B) AllocSpace objects, 0(0B) LOS objects, 35% free, 29MB/45MB, paused 948us total 78.556ms
08-06 14:08:57.443 20441 20452 I art     : Starting a blocking GC Explicit
08-06 14:08:57.504 20441 20452 I art     : Explicit concurrent mark sweep GC freed 1355(82KB) AllocSpace objects, 1(20KB) LOS objects, 35% free, 29MB/45MB, paused 1.626ms total 60.234ms
08-06 14:08:57.535 20441 20452 I art     : Starting a blocking GC Explicit
08-06 14:08:57.592 20441 20452 I art     : Explicit concurrent mark sweep GC freed 20(704B) AllocSpace objects, 0(0B) LOS objects, 35% free, 29MB/45MB, paused 1.001ms total 56.007ms
08-06 14:08:57.630 20441 20452 I art     : Starting a blocking GC Explicit
08-06 14:08:57.687 20441 20452 I art     : Explicit concurrent mark sweep GC freed 3(96B) AllocSpace objects, 0(0B) LOS objects, 35% free, 29MB/45MB, paused 749us total 56.454ms
08-06 14:08:57.720 20441 20452 I art     : Starting a blocking GC Explicit
08-06 14:08:57.777 20441 20452 I art     : Explicit concurrent mark sweep GC freed 3(96B) AllocSpace objects, 0(0B) LOS objects, 35% free, 29MB/45MB, paused 876us total 56.382ms
08-06 14:08:57.803 20441 20452 I art     : Starting a blocking GC Explicit
08-06 14:08:57.863 20441 20452 I art     : Explicit concurrent mark sweep GC freed 3(96B) AllocSpace objects, 0(0B) LOS objects, 35% free, 29MB/45MB, paused 711us total 59.469ms
08-06 14:08:58.071 22506 22506 D AndroidRuntime: >>>>>> START com.android.internal.os.RuntimeInit uid 2000 <<<<<<
08-06 14:08:58.079 22506 22506 D AndroidRuntime: CheckJNI is OFF
08-06 14:08:58.142 22506 22506 D ICU     : No timezone override file found: /data/misc/zoneinfo/current/icu/icu_tzdata.dat
08-06 14:08:58.188 22506 22506 I Radio-JNI: register_android_hardware_Radio DONE
08-06 14:08:58.227 22506 22506 D AndroidRuntime: Calling main entry com.android.commands.input.Input
08-06 14:08:58.230 22506 22506 I Input   : injectKeyEvent: KeyEvent { action=ACTION_DOWN, keyCode=KEYCODE_BACK, scanCode=0, metaState=0, flags=0x0, repeatCount=0, eventTime=886154643, downTime=886154643, deviceId=-1, source=0x101 }
08-06 14:08:58.238 22506 22506 I Input   : injectKeyEvent: KeyEvent { action=ACTION_UP, keyCode=KEYCODE_BACK, scanCode=0, metaState=0, flags=0x0, repeatCount=0, eventTime=886154643, downTime=886154643, deviceId=-1, source=0x101 }
08-06 14:08:58.246 22506 22506 D AndroidRuntime: Shutting down VM
08-06 14:08:58.295 20441 20677 I art     : Starting a blocking GC Explicit
08-06 14:08:58.349 13866 13866 I GoogleInputMethodServic: GoogleInputMethodService.onFinishInput():3138 
08-06 14:08:58.349 13866 13866 I GoogleInputMethodServic: GoogleInputMethodService.onStartInput():1808 
08-06 14:08:58.386   518   646 I ThermalEngine: ACTION: GPU - Setting GPU[0] to 450000000
08-06 14:08:58.391 20441 20677 I art     : Explicit concurrent mark sweep GC freed 1546(91KB) AllocSpace objects, 1(20KB) LOS objects, 35% free, 29MB/45MB, paused 442us total 96.556ms
08-06 14:08:58.410 20441 20677 I art     : Starting a blocking GC Explicit
08-06 14:08:58.451 20441 20677 I art     : Explicit concurrent mark sweep GC freed 111(3KB) AllocSpace objects, 0(0B) LOS objects, 35% free, 29MB/45MB, paused 453us total 40.280ms
08-06 14:08:58.468 20441 20677 I art     : Starting a blocking GC Explicit
08-06 14:08:58.510 20441 20677 I art     : Explicit concurrent mark sweep GC freed 3(96B) AllocSpace objects, 0(0B) LOS objects, 35% free, 29MB/45MB, paused 456us total 41.153ms
08-06 14:08:58.527 20441 20677 I art     : Starting a blocking GC Explicit
08-06 14:08:58.575 20441 20677 I art     : Explicit concurrent mark sweep GC freed 3(96B) AllocSpace objects, 0(0B) LOS objects, 35% free, 29MB/45MB, paused 460us total 47.104ms
08-06 14:08:58.598 20441 20677 I art     : Starting a blocking GC Explicit
08-06 14:08:58.655 20441 20677 I art     : Explicit concurrent mark sweep GC freed 3(96B) AllocSpace objects, 0(0B) LOS objects, 35% free, 29MB/45MB, paused 491us total 56.580ms
08-06 14:08:58.673   380   380 W SurfaceFlinger: couldn't log to binary event log: overflow.
08-06 14:08:58.730   918  3263 D ConnectivityService: releasing NetworkRequest NetworkRequest [ id=4031, legacyType=-1, [ Capabilities: INTERNET&NOT_RESTRICTED&TRUSTED] ]
08-06 14:08:58.998 20441 20453 I art     : Starting a blocking GC Explicit
08-06 14:08:59.061 20441 20453 I art     : Explicit concurrent mark sweep GC freed 2273(128KB) AllocSpace objects, 1(20KB) LOS objects, 35% free, 29MB/45MB, paused 617us total 62.324ms
08-06 14:08:59.080 20441 20453 I art     : Starting a blocking GC Explicit
08-06 14:08:59.127 20441 20453 I art     : Explicit concurrent mark sweep GC freed 2114(124KB) AllocSpace objects, 1(28KB) LOS objects, 35% free, 29MB/45MB, paused 492us total 47.054ms
08-06 14:08:59.145 20441 20453 I art     : Starting a blocking GC Explicit
08-06 14:08:59.193 20441 20453 I art     : Explicit concurrent mark sweep GC freed 3(96B) AllocSpace objects, 0(0B) LOS objects, 35% free, 29MB/45MB, paused 486us total 47.328ms
08-06 14:08:59.212 20441 20453 I art     : Starting a blocking GC Explicit
08-06 14:08:59.259 20441 20453 I art     : Explicit concurrent mark sweep GC freed 3(96B) AllocSpace objects, 0(0B) LOS objects, 35% free, 29MB/45MB, paused 532us total 46.710ms
08-06 14:08:59.278 20441 20453 I art     : Starting a blocking GC Explicit
08-06 14:08:59.323 20441 20453 I art     : Explicit concurrent mark sweep GC freed 3(96B) AllocSpace objects, 0(0B) LOS objects, 35% free, 29MB/45MB, paused 485us total 45.496ms
08-06 14:08:59.672 20441 22114 I art     : Starting a blocking GC Explicit
08-06 14:08:59.728 20441 22114 I art     : Explicit concurrent mark sweep GC freed 1367(83KB) AllocSpace objects, 1(20KB) LOS objects, 35% free, 29MB/45MB, paused 691us total 55.619ms
08-06 14:08:59.749 20441 22114 I art     : Starting a blocking GC Explicit
08-06 14:08:59.795 20441 22114 I art     : Explicit concurrent mark sweep GC freed 28(864B) AllocSpace objects, 0(0B) LOS objects, 35% free, 29MB/45MB, paused 500us total 45.379ms
08-06 14:08:59.813 20441 22114 I art     : Starting a blocking GC Explicit
08-06 14:08:59.859 20441 22114 I art     : Explicit concurrent mark sweep GC freed 9(320B) AllocSpace objects, 0(0B) LOS objects, 35% free, 29MB/45MB, paused 525us total 45.645ms
08-06 14:08:59.878 20441 22114 I art     : Starting a blocking GC Explicit
08-06 14:08:59.929 20441 22114 I art     : Explicit concurrent mark sweep GC freed 3(96B) AllocSpace objects, 0(0B) LOS objects, 35% free, 29MB/45MB, paused 557us total 50.859ms
08-06 14:08:59.952 20441 22114 I art     : Starting a blocking GC Explicit
08-06 14:08:59.999 20441 22114 I art     : Explicit concurrent mark sweep GC freed 3(96B) AllocSpace objects, 0(0B) LOS objects, 35% free, 29MB/45MB, paused 530us total 46.666ms
08-06 14:09:00.062 22541 22541 D AndroidRuntime: >>>>>> START com.android.internal.os.RuntimeInit uid 2000 <<<<<<
08-06 14:09:00.068 22541 22541 D AndroidRuntime: CheckJNI is OFF
08-06 14:09:00.109 22541 22541 D ICU     : No timezone override file found: /data/misc/zoneinfo/current/icu/icu_tzdata.dat
08-06 14:09:00.151 22541 22541 I Radio-JNI: register_android_hardware_Radio DONE
08-06 14:09:00.180 22541 22541 D AndroidRuntime: Calling main entry com.android.commands.input.Input
08-06 14:09:00.182 22541 22541 I Input   : injectMotionEvent: MotionEvent { action=ACTION_DOWN, actionButton=0, id[0]=0, x[0]=600.0, y[0]=820.0, toolType[0]=TOOL_TYPE_UNKNOWN, buttonState=0, metaState=0, flags=0x0, edgeFlags=0x0, pointerCount=1, historySize=0, eventTime=886156594, downTime=886156594, deviceId=0, source=0x1002 }
08-06 14:09:00.190 22541 22541 I Input   : injectMotionEvent: MotionEvent { action=ACTION_UP, actionButton=0, id[0]=0, x[0]=600.0, y[0]=820.0, toolType[0]=TOOL_TYPE_UNKNOWN, buttonState=0, metaState=0, flags=0x0, edgeFlags=0x0, pointerCount=1, historySize=0, eventTime=886156594, downTime=886156594, deviceId=0, source=0x1002 }
08-06 14:09:00.192 22541 22541 D AndroidRuntime: Shutting down VM
08-06 14:09:00.201   512  2967 D audio_hw_primary: out_set_parameters: enter: usecase(1: low-latency-playback) kvpairs: routing=2
08-06 14:09:00.206   918  3961 I ActivityManager: START u0 {dat=https://oauth.reddit.com/... cmp=baseline.org.quantumbadger.redreader/.activities.CommentListingActivity} from uid 10705 on display 0
08-06 14:09:00.215   512  2967 D audio_hw_primary: select_devices: out_snd_device(2: speaker) in_snd_device(0: none)
08-06 14:09:00.215   512  2967 D msm8974_platform: platform_send_audio_calibration: sending audio calibration for snd_device(2) acdb_id(15)
08-06 14:09:00.215   512  2967 I soundtrigger: audio_extn_sound_trigger_update_device_status: device 0x2 of type 0 for Event 1
08-06 14:09:00.229   512  2967 D audio_hw_primary: enable_snd_device: snd_device(2: speaker)
08-06 14:09:00.231   512  2967 D audio_hw_primary: enable_audio_route: apply and update mixer path: low-latency-playback speaker
08-06 14:09:00.233 20441 20441 I AppCompatViewInflater: app:theme is now deprecated. Please move to using android:theme instead.
08-06 14:09:00.255 20441 22574 D OK      : calling: https://oauth.reddit.com/comments/hi3oht/.json?sort=confidence
08-06 14:09:00.341 20441 20453 I art     : Starting a blocking GC Explicit
08-06 14:09:00.351   918   936 I ActivityManager: Displayed baseline.org.quantumbadger.redreader/.activities.CommentListingActivity: +133ms
08-06 14:09:00.352 13866 13866 I GoogleInputMethodServic: GoogleInputMethodService.onFinishInput():3138 
08-06 14:09:00.356 13866 13866 I GoogleInputMethodServic: GoogleInputMethodService.onStartInput():1808 
08-06 14:09:00.392 20441 20453 I art     : Explicit concurrent mark sweep GC freed 4165(224KB) AllocSpace objects, 1(20KB) LOS objects, 35% free, 29MB/45MB, paused 586us total 51.027ms
08-06 14:09:00.411 20441 20453 I art     : Starting a blocking GC Explicit
08-06 14:09:00.453 20441 20453 I art     : Explicit concurrent mark sweep GC freed 2380(98KB) AllocSpace objects, 0(0B) LOS objects, 35% free, 29MB/45MB, paused 568us total 41.131ms
08-06 14:09:00.471 20441 20453 I art     : Starting a blocking GC Explicit
08-06 14:09:00.512 20441 20453 I art     : Explicit concurrent mark sweep GC freed 93(3KB) AllocSpace objects, 0(0B) LOS objects, 35% free, 29MB/45MB, paused 534us total 41.052ms
08-06 14:09:00.529 20441 20453 I art     : Starting a blocking GC Explicit
08-06 14:09:00.570 20441 20453 I art     : Explicit concurrent mark sweep GC freed 7(256B) AllocSpace objects, 0(0B) LOS objects, 35% free, 29MB/45MB, paused 533us total 40.323ms
08-06 14:09:00.587 20441 22574 I NAPPA_EXPERIMENTATION: MetricNetworkRequestExecutionTime: REQUEST_DURATION_SYSTEM='331',REQUEST_DURATION_OKHTTP='146',REQUEST_SYNCHRONOUS='TRUE',RESPONSE_CODE='200',RESPONSE_METHOD='GET',RESPONSE_LENGTH_OKHTTP='-1',RESPONSE_LENGTH_HEADER='167875',REQUEST_PROTOCOL='h2',REQUEST_URL='https://oauth.reddit.com/comments/hi3oht/.json?sort=confidence',
08-06 14:09:00.587 20441 22574 D OK      : request got status: 200
08-06 14:09:00.588 20441 20453 I art     : Starting a blocking GC Explicit
08-06 14:09:00.592   380   380 W SurfaceFlinger: couldn't log to binary event log: overflow.
08-06 14:09:00.595 20441 21030 I CommentListingActivity: COMMENTS session changed to 5e465509-f866-4432-8f82-f4ac59ebbe9f
08-06 14:09:00.631 20441 20453 I art     : Explicit concurrent mark sweep GC freed 785(116KB) AllocSpace objects, 1(16KB) LOS objects, 34% free, 29MB/45MB, paused 807us total 43.060ms
08-06 14:09:00.778   512  2967 D audio_hw_primary: disable_audio_route: reset and update mixer path: low-latency-playback speaker
08-06 14:09:00.779   512  2967 D audio_hw_primary: disable_snd_device: snd_device(2: speaker)
08-06 14:09:00.787   512  2967 I soundtrigger: audio_extn_sound_trigger_update_device_status: device 0x2 of type 0 for Event 0
08-06 14:09:00.949 20441 20677 I art     : Starting a blocking GC Explicit
08-06 14:09:01.031 20441 20677 I art     : Explicit concurrent mark sweep GC freed 53299(3MB) AllocSpace objects, 4(88KB) LOS objects, 31% free, 34MB/50MB, paused 1.179ms total 82.023ms
08-06 14:09:01.053 20441 20677 I art     : Starting a blocking GC Explicit
08-06 14:09:01.132 20441 20677 I art     : Explicit concurrent mark sweep GC freed 6013(544KB) AllocSpace objects, 1(16KB) LOS objects, 31% free, 35MB/51MB, paused 1.091ms total 78.195ms
08-06 14:09:01.156 20441 20677 I art     : Starting a blocking GC Explicit
08-06 14:09:01.228 20441 20677 I art     : Explicit concurrent mark sweep GC freed 36838(1779KB) AllocSpace objects, 4(168KB) LOS objects, 32% free, 33MB/49MB, paused 516us total 71.625ms
08-06 14:09:01.251 20441 20677 I art     : Starting a blocking GC Explicit
08-06 14:09:01.318 20441 20677 I art     : Explicit concurrent mark sweep GC freed 14(624B) AllocSpace objects, 0(0B) LOS objects, 32% free, 33MB/49MB, paused 524us total 66.864ms
08-06 14:09:01.341 20441 20677 I art     : Starting a blocking GC Explicit
08-06 14:09:01.349   918  1209 D NetworkMonitor/NetworkAgentInfo [WIFI () - 159]: Checking http://connectivitycheck.gstatic.com/generate_204 on "H369AA63323", 192.168.2.12=192.168.2.12
08-06 14:09:01.394   518   646 I ThermalEngine: ACTION: GPU - Setting GPU[0] to 390000000
08-06 14:09:01.422 20441 20677 I art     : Explicit concurrent mark sweep GC freed 3(96B) AllocSpace objects, 0(0B) LOS objects, 32% free, 33MB/49MB, paused 966us total 80.646ms
08-06 14:09:01.491   918  1209 D NetworkMonitor/NetworkAgentInfo [WIFI () - 159]: Probably not a portal: exception java.io.IOException: unexpected end of stream on Connection{connectivitycheck.gstatic.com:80, proxy=HTTP@/192.168.2.12:8080 hostAddress=192.168.2.12 cipherSuite=none protocol=http/1.1} (recycle count=0)
08-06 14:09:01.492   918  3263 D ConnectivityService: NetworkAgentInfo [WIFI () - 159] validation failed
08-06 14:09:01.493   918  3261 E WifiConfigStore:  rewrite network history for "H369AA63323"WPA_PSK
08-06 14:09:01.798 20441 20677 I art     : Starting a blocking GC Explicit
08-06 14:09:01.900 20441 20677 I art     : Explicit concurrent mark sweep GC freed 1356(82KB) AllocSpace objects, 1(20KB) LOS objects, 32% free, 33MB/49MB, paused 1.137ms total 101.336ms
08-06 14:09:01.937 20441 20677 I art     : Starting a blocking GC Explicit
08-06 14:09:02.033 20441 20677 I art     : Explicit concurrent mark sweep GC freed 66(2528B) AllocSpace objects, 0(0B) LOS objects, 32% free, 33MB/49MB, paused 919us total 95.782ms
08-06 14:09:02.068 20441 20677 I art     : Starting a blocking GC Explicit
08-06 14:09:02.158 20441 20677 I art     : Explicit concurrent mark sweep GC freed 3(96B) AllocSpace objects, 0(0B) LOS objects, 32% free, 33MB/49MB, paused 1.056ms total 89.794ms
08-06 14:09:02.194 20441 20677 I art     : Starting a blocking GC Explicit
08-06 14:09:02.279 20441 20677 I art     : Explicit concurrent mark sweep GC freed 3(96B) AllocSpace objects, 0(0B) LOS objects, 32% free, 33MB/49MB, paused 919us total 85.150ms
08-06 14:09:02.312 20441 20677 I art     : Starting a blocking GC Explicit
08-06 14:09:02.409 20441 20677 I art     : Explicit concurrent mark sweep GC freed 3(96B) AllocSpace objects, 0(0B) LOS objects, 32% free, 33MB/49MB, paused 1.191ms total 96.456ms
08-06 14:09:02.791 20441 20753 I art     : Starting a blocking GC Explicit
08-06 14:09:02.894 20441 20753 I art     : Explicit concurrent mark sweep GC freed 1356(82KB) AllocSpace objects, 1(20KB) LOS objects, 32% free, 33MB/49MB, paused 904us total 102.896ms
08-06 14:09:02.932 20441 20753 I art     : Starting a blocking GC Explicit
08-06 14:09:03.018 20441 20753 I art     : Explicit concurrent mark sweep GC freed 20(704B) AllocSpace objects, 0(0B) LOS objects, 32% free, 33MB/49MB, paused 769us total 85.742ms
08-06 14:09:03.055 20441 20753 I art     : Starting a blocking GC Explicit
08-06 14:09:03.141 20441 20753 I art     : Explicit concurrent mark sweep GC freed 3(96B) AllocSpace objects, 0(0B) LOS objects, 32% free, 33MB/49MB, paused 1.051ms total 86.294ms
08-06 14:09:03.177 20441 20753 I art     : Starting a blocking GC Explicit
08-06 14:09:03.264 20441 20753 I art     : Explicit concurrent mark sweep GC freed 3(96B) AllocSpace objects, 0(0B) LOS objects, 32% free, 33MB/49MB, paused 1.011ms total 86.701ms
08-06 14:09:03.299 20441 20753 I art     : Starting a blocking GC Explicit
08-06 14:09:03.388 20441 20753 I art     : Explicit concurrent mark sweep GC freed 3(96B) AllocSpace objects, 0(0B) LOS objects, 32% free, 33MB/49MB, paused 1.301ms total 88.356ms
08-06 14:09:03.796 20441 22114 I art     : Starting a blocking GC Explicit
08-06 14:09:03.908 20441 22114 I art     : Explicit concurrent mark sweep GC freed 1356(82KB) AllocSpace objects, 1(20KB) LOS objects, 32% free, 33MB/49MB, paused 878us total 110.490ms
08-06 14:09:03.945 20441 22114 I art     : Starting a blocking GC Explicit
08-06 14:09:04.032 20441 22114 I art     : Explicit concurrent mark sweep GC freed 20(704B) AllocSpace objects, 0(0B) LOS objects, 32% free, 33MB/49MB, paused 1.075ms total 87.136ms
08-06 14:09:04.070 20441 22114 I art     : Starting a blocking GC Explicit
08-06 14:09:04.157 20441 22114 I art     : Explicit concurrent mark sweep GC freed 3(96B) AllocSpace objects, 0(0B) LOS objects, 32% free, 33MB/49MB, paused 795us total 86.315ms
08-06 14:09:04.195 20441 22114 I art     : Starting a blocking GC Explicit
08-06 14:09:04.283 20441 22114 I art     : Explicit concurrent mark sweep GC freed 3(96B) AllocSpace objects, 0(0B) LOS objects, 32% free, 33MB/49MB, paused 983us total 88.151ms
08-06 14:09:04.319 20441 22114 I art     : Starting a blocking GC Explicit
08-06 14:09:04.400   518   646 I ThermalEngine: ACTION: GPU - Setting GPU[0] to 450000000
08-06 14:09:04.408 20441 22114 I art     : Explicit concurrent mark sweep GC freed 3(96B) AllocSpace objects, 0(0B) LOS objects, 32% free, 33MB/49MB, paused 1.275ms total 88.648ms
08-06 14:09:04.758 20441 20753 I art     : Starting a blocking GC Explicit
08-06 14:09:04.837 20441 20753 I art     : Explicit concurrent mark sweep GC freed 1407(85KB) AllocSpace objects, 1(20KB) LOS objects, 32% free, 33MB/49MB, paused 553us total 78.396ms
08-06 14:09:04.860 20441 20753 I art     : Starting a blocking GC Explicit
08-06 14:09:04.930 20441 20753 I art     : Explicit concurrent mark sweep GC freed 26(928B) AllocSpace objects, 0(0B) LOS objects, 32% free, 33MB/49MB, paused 559us total 69.719ms
08-06 14:09:04.952 20441 20753 I art     : Starting a blocking GC Explicit
08-06 14:09:04.979 22620 22620 D AndroidRuntime: >>>>>> START com.android.internal.os.RuntimeInit uid 2000 <<<<<<
08-06 14:09:04.985 22620 22620 D AndroidRuntime: CheckJNI is OFF
08-06 14:09:05.023 20441 20753 I art     : Explicit concurrent mark sweep GC freed 3(96B) AllocSpace objects, 0(0B) LOS objects, 32% free, 33MB/49MB, paused 525us total 70.650ms
08-06 14:09:05.031 22620 22620 D ICU     : No timezone override file found: /data/misc/zoneinfo/current/icu/icu_tzdata.dat
08-06 14:09:05.046 20441 20753 I art     : Starting a blocking GC Explicit
08-06 14:09:05.076 22620 22620 I Radio-JNI: register_android_hardware_Radio DONE
08-06 14:09:05.104 22620 22620 D AndroidRuntime: Calling main entry com.android.commands.input.Input
08-06 14:09:05.107 22620 22620 I Input   : injectKeyEvent: KeyEvent { action=ACTION_DOWN, keyCode=KEYCODE_BACK, scanCode=0, metaState=0, flags=0x0, repeatCount=0, eventTime=886161520, downTime=886161520, deviceId=-1, source=0x101 }
08-06 14:09:05.114 22620 22620 I Input   : injectKeyEvent: KeyEvent { action=ACTION_UP, keyCode=KEYCODE_BACK, scanCode=0, metaState=0, flags=0x0, repeatCount=0, eventTime=886161520, downTime=886161520, deviceId=-1, source=0x101 }
08-06 14:09:05.115 20441 20753 I art     : Explicit concurrent mark sweep GC freed 3(96B) AllocSpace objects, 0(0B) LOS objects, 32% free, 33MB/49MB, paused 608us total 69.559ms
08-06 14:09:05.122 22620 22620 D AndroidRuntime: Shutting down VM
08-06 14:09:05.137 20441 20753 I art     : Starting a blocking GC Explicit
08-06 14:09:05.162 13866 13866 I GoogleInputMethodServic: GoogleInputMethodService.onFinishInput():3138 
08-06 14:09:05.163 13866 13866 I GoogleInputMethodServic: GoogleInputMethodService.onStartInput():1808 
08-06 14:09:05.198 20441 20753 I art     : Explicit concurrent mark sweep GC freed 189(6KB) AllocSpace objects, 0(0B) LOS objects, 32% free, 33MB/49MB, paused 1.206ms total 61.125ms
08-06 14:09:05.218 20441 22571 I RedditChangeDataIO: Writing tmp data file at '/data/user/0/baseline.org.quantumbadger.redreader/files/rr_change_data_tmp.dat'
08-06 14:09:05.219 20441 22571 I RedditChangeDataManager: Taking snapshot...
08-06 14:09:05.219 20441 22571 I RedditChangeDataManager: Writing to stream...
08-06 14:09:05.219 20441 22571 I RedditChangeDataManager: Wrote 5 entries for user ''
08-06 14:09:05.219 20441 22571 I RedditChangeDataManager: All entries written to stream.
08-06 14:09:05.219 20441 22571 I RedditChangeDataIO: Write successful. Atomically replacing data file...
08-06 14:09:05.220 20441 22571 I RedditChangeDataIO: Write complete.
08-06 14:09:05.220 20441 22571 I RedditChangeDataIO: 134 bytes written in 2 ms
08-06 14:09:05.464   380   380 W SurfaceFlinger: couldn't log to binary event log: overflow.
08-06 14:09:05.530 20441 20452 I art     : Starting a blocking GC Explicit
08-06 14:09:05.601 20441 20452 I art     : Explicit concurrent mark sweep GC freed 1581(92KB) AllocSpace objects, 2(88KB) LOS objects, 32% free, 33MB/49MB, paused 667us total 69.968ms
08-06 14:09:05.625 20441 20452 I art     : Starting a blocking GC Explicit
08-06 14:09:05.665 14376 14376 I Atfwd_Sendcmd: AtCmdFwd service not ready - Exhausted retry attempts - :6
08-06 14:09:05.665 14376 14376 I Atfwd_Daemon: result : -1 	 ,Init step :2 	 ,qmiErrorCode: 0
08-06 14:09:05.675 20441 20452 I art     : Explicit concurrent mark sweep GC freed 76511(4MB) AllocSpace objects, 5(140KB) LOS objects, 35% free, 29MB/45MB, paused 567us total 49.681ms
08-06 14:09:05.693 20441 20452 I art     : Starting a blocking GC Explicit
08-06 14:09:05.736 20441 20452 I art     : Explicit concurrent mark sweep GC freed 3(96B) AllocSpace objects, 0(0B) LOS objects, 35% free, 29MB/45MB, paused 531us total 42.195ms
08-06 14:09:05.754 20441 20452 I art     : Starting a blocking GC Explicit
08-06 14:09:05.801 20441 20452 I art     : Explicit concurrent mark sweep GC freed 3(96B) AllocSpace objects, 0(0B) LOS objects, 35% free, 29MB/45MB, paused 536us total 46.529ms
08-06 14:09:05.820 20441 20452 I art     : Starting a blocking GC Explicit
08-06 14:09:05.866 20441 20452 I art     : Explicit concurrent mark sweep GC freed 3(96B) AllocSpace objects, 0(0B) LOS objects, 35% free, 29MB/45MB, paused 539us total 46.191ms
08-06 14:09:06.207 20441 20453 I art     : Starting a blocking GC Explicit
08-06 14:09:06.279 20441 20453 I art     : Explicit concurrent mark sweep GC freed 1595(119KB) AllocSpace objects, 1(20KB) LOS objects, 35% free, 29MB/45MB, paused 607us total 71.469ms
08-06 14:09:06.300 20441 20453 I art     : Starting a blocking GC Explicit
08-06 14:09:06.348 20441 20453 I art     : Explicit concurrent mark sweep GC freed 85(2880B) AllocSpace objects, 0(0B) LOS objects, 35% free, 29MB/45MB, paused 579us total 47.276ms
08-06 14:09:06.367 20441 20453 I art     : Starting a blocking GC Explicit
08-06 14:09:06.412 20441 20453 I art     : Explicit concurrent mark sweep GC freed 3(96B) AllocSpace objects, 0(0B) LOS objects, 35% free, 29MB/45MB, paused 505us total 44.783ms
08-06 14:09:06.431 20441 20453 I art     : Starting a blocking GC Explicit
08-06 14:09:06.476 20441 20453 I art     : Explicit concurrent mark sweep GC freed 3(96B) AllocSpace objects, 0(0B) LOS objects, 35% free, 29MB/45MB, paused 489us total 45.240ms
08-06 14:09:06.495 20441 20453 I art     : Starting a blocking GC Explicit
08-06 14:09:06.539 20441 20453 I art     : Explicit concurrent mark sweep GC freed 3(96B) AllocSpace objects, 0(0B) LOS objects, 35% free, 29MB/45MB, paused 522us total 44.172ms
08-06 14:09:06.861 20441 20677 I art     : Starting a blocking GC Explicit
08-06 14:09:06.902 22663 22663 D AndroidRuntime: >>>>>> START com.android.internal.os.RuntimeInit uid 2000 <<<<<<
08-06 14:09:06.908 22663 22663 D AndroidRuntime: CheckJNI is OFF
08-06 14:09:06.917 20441 20677 I art     : Explicit concurrent mark sweep GC freed 1357(82KB) AllocSpace objects, 1(20KB) LOS objects, 35% free, 29MB/45MB, paused 565us total 55.639ms
08-06 14:09:06.918 20441 20451 I art     : WaitForGcToComplete blocked for 17.255ms for cause HeapTrim
08-06 14:09:06.937 20441 20677 I art     : Starting a blocking GC Explicit
08-06 14:09:06.952 22663 22663 D ICU     : No timezone override file found: /data/misc/zoneinfo/current/icu/icu_tzdata.dat
08-06 14:09:06.984 20441 20677 I art     : Explicit concurrent mark sweep GC freed 22(768B) AllocSpace objects, 0(0B) LOS objects, 35% free, 29MB/45MB, paused 530us total 46.943ms
08-06 14:09:06.995 22663 22663 I Radio-JNI: register_android_hardware_Radio DONE
08-06 14:09:07.002 20441 20677 I art     : Starting a blocking GC Explicit
08-06 14:09:07.025 22663 22663 D AndroidRuntime: Calling main entry com.android.commands.input.Input
08-06 14:09:07.027 22663 22663 I Input   : injectMotionEvent: MotionEvent { action=ACTION_DOWN, actionButton=0, id[0]=0, x[0]=600.0, y[0]=580.0, toolType[0]=TOOL_TYPE_UNKNOWN, buttonState=0, metaState=0, flags=0x0, edgeFlags=0x0, pointerCount=1, historySize=0, eventTime=886163439, downTime=886163439, deviceId=0, source=0x1002 }
08-06 14:09:07.034 22663 22663 I Input   : injectMotionEvent: MotionEvent { action=ACTION_UP, actionButton=0, id[0]=0, x[0]=600.0, y[0]=580.0, toolType[0]=TOOL_TYPE_UNKNOWN, buttonState=0, metaState=0, flags=0x0, edgeFlags=0x0, pointerCount=1, historySize=0, eventTime=886163439, downTime=886163439, deviceId=0, source=0x1002 }
08-06 14:09:07.038 22663 22663 D AndroidRuntime: Shutting down VM
08-06 14:09:07.048 20441 20677 I art     : Explicit concurrent mark sweep GC freed 11(400B) AllocSpace objects, 0(0B) LOS objects, 35% free, 29MB/45MB, paused 572us total 46.167ms
08-06 14:09:07.053   512  2967 D audio_hw_primary: out_set_parameters: enter: usecase(1: low-latency-playback) kvpairs: routing=2
08-06 14:09:07.057   918  6029 I ActivityManager: START u0 {cmp=baseline.org.quantumbadger.redreader/.activities.WebViewActivity (has extras)} from uid 10705 on display 0
08-06 14:09:07.066   512  2967 D audio_hw_primary: select_devices: out_snd_device(2: speaker) in_snd_device(0: none)
08-06 14:09:07.067   512  2967 D msm8974_platform: platform_send_audio_calibration: sending audio calibration for snd_device(2) acdb_id(15)
08-06 14:09:07.067   512  2967 I soundtrigger: audio_extn_sound_trigger_update_device_status: device 0x2 of type 0 for Event 1
08-06 14:09:07.071 20441 20677 I art     : Starting a blocking GC Explicit
08-06 14:09:07.078   512  2967 D audio_hw_primary: enable_snd_device: snd_device(2: speaker)
08-06 14:09:07.081   512  2967 D audio_hw_primary: enable_audio_route: apply and update mixer path: low-latency-playback speaker
08-06 14:09:07.083 20441 20441 I AppCompatViewInflater: app:theme is now deprecated. Please move to using android:theme instead.
08-06 14:09:07.104   918  3961 D ConnectivityService: listenForNetwork for Listen from uid/pid:10705/20441 for NetworkRequest [ id=4032, legacyType=-1, [ Capabilities: INTERNET&NOT_RESTRICTED&TRUSTED] ]
08-06 14:09:07.120 20441 20677 I art     : Explicit concurrent mark sweep GC freed 2772(145KB) AllocSpace objects, 0(0B) LOS objects, 35% free, 29MB/45MB, paused 969us total 49.569ms
08-06 14:09:07.140 20441 20677 I art     : Starting a blocking GC Explicit
08-06 14:09:07.181 20441 20677 I art     : Explicit concurrent mark sweep GC freed 1688(88KB) AllocSpace objects, 0(0B) LOS objects, 35% free, 29MB/45MB, paused 529us total 40.196ms
08-06 14:09:07.226   918   936 I ActivityManager: Displayed baseline.org.quantumbadger.redreader/.activities.WebViewActivity: +160ms
08-06 14:09:07.227 13866 13866 I GoogleInputMethodServic: GoogleInputMethodService.onFinishInput():3138 
08-06 14:09:07.227 13866 13866 I GoogleInputMethodServic: GoogleInputMethodService.onStartInput():1808 
08-06 14:09:07.483   380   380 W SurfaceFlinger: couldn't log to binary event log: overflow.
08-06 14:09:07.512 20441 20453 I art     : Starting a blocking GC Explicit
08-06 14:09:07.566 20441 20453 I art     : Explicit concurrent mark sweep GC freed 2519(139KB) AllocSpace objects, 1(20KB) LOS objects, 35% free, 29MB/45MB, paused 883us total 53.187ms
08-06 14:09:07.589 20441 20453 I art     : Starting a blocking GC Explicit
08-06 14:09:07.618   512  2967 D audio_hw_primary: disable_audio_route: reset and update mixer path: low-latency-playback speaker
08-06 14:09:07.619   512  2967 D audio_hw_primary: disable_snd_device: snd_device(2: speaker)
08-06 14:09:07.631   512  2967 I soundtrigger: audio_extn_sound_trigger_update_device_status: device 0x2 of type 0 for Event 0
08-06 14:09:07.634 20441 20453 I art     : Explicit concurrent mark sweep GC freed 388(19KB) AllocSpace objects, 0(0B) LOS objects, 35% free, 29MB/45MB, paused 591us total 44.662ms
08-06 14:09:07.656 20441 20453 I art     : Starting a blocking GC Explicit
08-06 14:09:07.709 20441 20453 I art     : Explicit concurrent mark sweep GC freed 12(416B) AllocSpace objects, 0(0B) LOS objects, 35% free, 29MB/45MB, paused 500us total 52.287ms
08-06 14:09:07.763 20441 20453 I art     : Starting a blocking GC Explicit
08-06 14:09:07.830 20441 20453 I art     : Explicit concurrent mark sweep GC freed 3(96B) AllocSpace objects, 0(0B) LOS objects, 35% free, 29MB/45MB, paused 544us total 66.629ms
08-06 14:09:07.863 20441 20453 I art     : Starting a blocking GC Explicit
08-06 14:09:07.918 20441 20453 I art     : Explicit concurrent mark sweep GC freed 5(160B) AllocSpace objects, 0(0B) LOS objects, 35% free, 29MB/45MB, paused 538us total 54.260ms
08-06 14:09:08.291 20441 20677 I art     : Starting a blocking GC Explicit
08-06 14:09:08.339 20441 20677 I art     : Explicit concurrent mark sweep GC freed 1412(84KB) AllocSpace objects, 1(20KB) LOS objects, 35% free, 29MB/45MB, paused 499us total 47.872ms
08-06 14:09:08.359 20441 20677 I art     : Starting a blocking GC Explicit
08-06 14:09:08.407 20441 20677 I art     : Explicit concurrent mark sweep GC freed 28(960B) AllocSpace objects, 0(0B) LOS objects, 35% free, 29MB/45MB, paused 556us total 47.884ms
08-06 14:09:08.427 20441 20677 I art     : Starting a blocking GC Explicit
08-06 14:09:08.474 20441 20677 I art     : Explicit concurrent mark sweep GC freed 11(352B) AllocSpace objects, 0(0B) LOS objects, 35% free, 29MB/45MB, paused 466us total 46.718ms
08-06 14:09:08.494 20441 20677 I art     : Starting a blocking GC Explicit
08-06 14:09:08.544 20441 20677 I art     : Explicit concurrent mark sweep GC freed 11(352B) AllocSpace objects, 0(0B) LOS objects, 35% free, 29MB/45MB, paused 531us total 50.594ms
08-06 14:09:08.565 20441 20677 I art     : Starting a blocking GC Explicit
08-06 14:09:08.615 20441 20677 I art     : Explicit concurrent mark sweep GC freed 11(352B) AllocSpace objects, 0(0B) LOS objects, 35% free, 29MB/45MB, paused 603us total 49.883ms
08-06 14:09:08.861 20441 20441 I chromium: [INFO:CONSOLE(1)] "
08-06 14:09:08.861 20441 20441 I chromium:                   ,d"=,.,qOp,
08-06 14:09:08.861 20441 20441 I chromium:                  ,7'  ''$(  )
08-06 14:09:08.861 20441 20441 I chromium:                 ,7'      '?q$7'
08-06 14:09:08.861 20441 20441 I chromium:              ..,$$,.
08-06 14:09:08.861 20441 20441 I chromium:    ,.  .,,--***""***--,,.  .,
08-06 14:09:08.861 20441 20441 I chromium:     ,p''              ''q,   
08-06 14:09:08.861 20441 20441 I chromium: :  ,7'                      '7,  :
08-06 14:09:08.861 20441 20441 I chromium:  ' $      ,db,      ,db,      $ '
08-06 14:09:08.861 20441 20441 I chromium:   '$      $$      $$      $'    Using Reddit at work? Work for Reddit.
08-06 14:09:08.861 20441 20441 I chromium:   '$                          $'        https://www.reddit.com/jobs
08-06 14:09:08.861 20441 20441 I chromium:    '$.     .,        ,.     .$'
08-06 14:09:08.861 20441 20441 I chromium:     'b,     ''     ,d'
08-06 14:09:08.861 20441 20441 I chromium:      '?bn,,          ,,nd?'
08-06 14:09:08.861 20441 20441 I chromium:        ,7$ '''' $7,
08-06 14:09:08.861 20441 20441 I chromium:      , $              $ ,
08-06 14:09:08.861 20441 20441 I chromium:      $  :$              $:  $
08-06 14:09:08.861 20441 20441 I chromium:      $   $              $   $
08-06 14:09:08.861 20441 20441 I chromium:      'b  q:            :p  d'
08-06 14:09:08.861 20441 20441 I chromium:       '?$.          .$?'
08-06 14:09:08.861 20441 20441 I chromium:          'b            d'
08-06 14:09:08.861 20441 20441 I chromium:        ,'?,.      .,?',
08-06 14:09:08.861 20441 20441 I chromium:       ==--==--==--==
08-06 14:09:08.861 20441 20441 I chromium: ", source: https://www.redditstatic.com/desktop2x/Chat~Governance~Reddit.2ea93b134a9b2e5b1d9a.js (1)
08-06 14:09:09.001 20441 20452 I art     : Starting a blocking GC Explicit
08-06 14:09:09.057 20441 20452 I art     : Explicit concurrent mark sweep GC freed 1438(87KB) AllocSpace objects, 1(20KB) LOS objects, 35% free, 29MB/45MB, paused 535us total 55.887ms
08-06 14:09:09.075 20441 20452 I art     : Starting a blocking GC Explicit
08-06 14:09:09.116 20441 20452 I art     : Explicit concurrent mark sweep GC freed 21(736B) AllocSpace objects, 0(0B) LOS objects, 35% free, 29MB/45MB, paused 513us total 40.799ms
08-06 14:09:09.134 20441 20452 I art     : Starting a blocking GC Explicit
08-06 14:09:09.182 20441 20452 I art     : Explicit concurrent mark sweep GC freed 3(96B) AllocSpace objects, 0(0B) LOS objects, 35% free, 29MB/45MB, paused 566us total 47.457ms
08-06 14:09:09.201 20441 20452 I art     : Starting a blocking GC Explicit
08-06 14:09:09.247 20441 20452 I art     : Explicit concurrent mark sweep GC freed 3(96B) AllocSpace objects, 0(0B) LOS objects, 35% free, 29MB/45MB, paused 606us total 45.951ms
08-06 14:09:09.266 20441 20452 I art     : Starting a blocking GC Explicit
08-06 14:09:09.315 20441 20452 I art     : Explicit concurrent mark sweep GC freed 3(96B) AllocSpace objects, 0(0B) LOS objects, 35% free, 29MB/45MB, paused 510us total 48.727ms
08-06 14:09:09.411   518   646 I ThermalEngine: ACTION: GPU - Setting GPU[0] to 390000000
08-06 14:09:09.712 20441 20677 I art     : Starting a blocking GC Explicit
08-06 14:09:09.772 20441 20677 I art     : Explicit concurrent mark sweep GC freed 1364(83KB) AllocSpace objects, 1(20KB) LOS objects, 35% free, 29MB/45MB, paused 972us total 58.730ms
08-06 14:09:09.796 20441 20677 I art     : Starting a blocking GC Explicit
08-06 14:09:09.853 20441 20677 I art     : Explicit concurrent mark sweep GC freed 22(768B) AllocSpace objects, 0(0B) LOS objects, 35% free, 29MB/45MB, paused 832us total 55.876ms
08-06 14:09:09.877 20441 20677 I art     : Starting a blocking GC Explicit
08-06 14:09:09.933 20441 20677 I art     : Explicit concurrent mark sweep GC freed 3(96B) AllocSpace objects, 0(0B) LOS objects, 35% free, 29MB/45MB, paused 861us total 55.669ms
08-06 14:09:09.957 20441 20677 I art     : Starting a blocking GC Explicit
08-06 14:09:10.014 20441 20677 I art     : Explicit concurrent mark sweep GC freed 3(96B) AllocSpace objects, 0(0B) LOS objects, 35% free, 29MB/45MB, paused 902us total 55.697ms
08-06 14:09:10.038 20441 20677 I art     : Starting a blocking GC Explicit
08-06 14:09:10.095 20441 20677 I art     : Explicit concurrent mark sweep GC freed 3(96B) AllocSpace objects, 0(0B) LOS objects, 35% free, 29MB/45MB, paused 855us total 56.305ms
08-06 14:09:10.541 20441 22114 I art     : Starting a blocking GC Explicit
08-06 14:09:10.601 20441 22114 I art     : Explicit concurrent mark sweep GC freed 1579(97KB) AllocSpace objects, 1(20KB) LOS objects, 35% free, 29MB/45MB, paused 714us total 59.816ms
08-06 14:09:10.626 20441 22114 I art     : Starting a blocking GC Explicit
08-06 14:09:10.685 20441 22114 I art     : Explicit concurrent mark sweep GC freed 20(704B) AllocSpace objects, 0(0B) LOS objects, 35% free, 29MB/45MB, paused 701us total 58.920ms
08-06 14:09:10.716 20441 22114 I art     : Starting a blocking GC Explicit
08-06 14:09:10.773 20441 22114 I art     : Explicit concurrent mark sweep GC freed 3(96B) AllocSpace objects, 0(0B) LOS objects, 35% free, 29MB/45MB, paused 925us total 56.530ms
08-06 14:09:10.800 20441 22114 I art     : Starting a blocking GC Explicit
08-06 14:09:10.859 20441 22114 I art     : Explicit concurrent mark sweep GC freed 3(96B) AllocSpace objects, 0(0B) LOS objects, 35% free, 29MB/45MB, paused 891us total 58.335ms
08-06 14:09:10.885 20441 22114 I art     : Starting a blocking GC Explicit
08-06 14:09:10.950 20441 22114 I art     : Explicit concurrent mark sweep GC freed 3(96B) AllocSpace objects, 0(0B) LOS objects, 35% free, 29MB/45MB, paused 868us total 64.611ms
08-06 14:09:11.363 20441 20753 I art     : Starting a blocking GC Explicit
08-06 14:09:11.431 20441 20753 I art     : Explicit concurrent mark sweep GC freed 1401(85KB) AllocSpace objects, 1(20KB) LOS objects, 35% free, 29MB/45MB, paused 774us total 66.722ms
08-06 14:09:11.455 20441 20753 I art     : Starting a blocking GC Explicit
08-06 14:09:11.519 20441 20753 I art     : Explicit concurrent mark sweep GC freed 20(704B) AllocSpace objects, 0(0B) LOS objects, 35% free, 29MB/45MB, paused 794us total 63.791ms
08-06 14:09:11.544 20441 20753 I art     : Starting a blocking GC Explicit
08-06 14:09:11.604 20441 20753 I art     : Explicit concurrent mark sweep GC freed 3(96B) AllocSpace objects, 0(0B) LOS objects, 35% free, 29MB/45MB, paused 1.660ms total 59.446ms
08-06 14:09:11.633 20441 20753 I art     : Starting a blocking GC Explicit
08-06 14:09:11.690 20441 20753 I art     : Explicit concurrent mark sweep GC freed 3(96B) AllocSpace objects, 0(0B) LOS objects, 35% free, 29MB/45MB, paused 1.036ms total 56.985ms
08-06 14:09:11.721 20441 20753 I art     : Starting a blocking GC Explicit
08-06 14:09:11.777 20441 20753 I art     : Explicit concurrent mark sweep GC freed 3(96B) AllocSpace objects, 0(0B) LOS objects, 35% free, 29MB/45MB, paused 943us total 56.496ms
08-06 14:09:11.948   918   918 I ActivityManager: Start proc 22758:com.google.android.talk/u0a53 for service com.google.android.talk/androidx.work.impl.background.systemjob.SystemJobService
08-06 14:09:11.970 22753 22753 D AndroidRuntime: >>>>>> START com.android.internal.os.RuntimeInit uid 2000 <<<<<<
08-06 14:09:11.976 22753 22753 D AndroidRuntime: CheckJNI is OFF
08-06 14:09:12.030 22753 22753 D ICU     : No timezone override file found: /data/misc/zoneinfo/current/icu/icu_tzdata.dat
08-06 14:09:12.069 20441 22688 I RedditChangeDataIO: Writing tmp data file at '/data/user/0/baseline.org.quantumbadger.redreader/files/rr_change_data_tmp.dat'
08-06 14:09:12.070 20441 22688 I RedditChangeDataManager: Taking snapshot...
08-06 14:09:12.070 20441 22688 I RedditChangeDataManager: Writing to stream...
08-06 14:09:12.070 20441 22688 I RedditChangeDataManager: Wrote 5 entries for user ''
08-06 14:09:12.070 20441 22688 I RedditChangeDataManager: All entries written to stream.
08-06 14:09:12.071 20441 22688 I RedditChangeDataIO: Write successful. Atomically replacing data file...
08-06 14:09:12.071 20441 22688 I RedditChangeDataIO: Write complete.
08-06 14:09:12.071 20441 22688 I RedditChangeDataIO: 134 bytes written in 2 ms
08-06 14:09:12.074 22753 22753 I Radio-JNI: register_android_hardware_Radio DONE
08-06 14:09:12.111 22753 22753 D AndroidRuntime: Calling main entry com.android.commands.input.Input
08-06 14:09:12.113 22753 22753 I Input   : injectKeyEvent: KeyEvent { action=ACTION_DOWN, keyCode=KEYCODE_BACK, scanCode=0, metaState=0, flags=0x0, repeatCount=0, eventTime=886168526, downTime=886168526, deviceId=-1, source=0x101 }
08-06 14:09:12.120 22753 22753 I Input   : injectKeyEvent: KeyEvent { action=ACTION_UP, keyCode=KEYCODE_BACK, scanCode=0, metaState=0, flags=0x0, repeatCount=0, eventTime=886168526, downTime=886168526, deviceId=-1, source=0x101 }
08-06 14:09:12.127 22753 22753 D AndroidRuntime: Shutting down VM
08-06 14:09:12.185 13866 13866 I GoogleInputMethodServic: GoogleInputMethodService.onFinishInput():3138 
08-06 14:09:12.186 13866 13866 I GoogleInputMethodServic: GoogleInputMethodService.onStartInput():1808 
08-06 14:09:12.191 20441 20677 I art     : Starting a blocking GC Explicit
08-06 14:09:12.249 20441 20677 I art     : Explicit concurrent mark sweep GC freed 1704(96KB) AllocSpace objects, 2(88KB) LOS objects, 35% free, 29MB/45MB, paused 904us total 57.509ms
08-06 14:09:12.272 20441 20677 I art     : Starting a blocking GC Explicit
08-06 14:09:12.323 20441 20677 I art     : Explicit concurrent mark sweep GC freed 27(960B) AllocSpace objects, 0(0B) LOS objects, 35% free, 29MB/45MB, paused 873us total 50.133ms
08-06 14:09:12.348 20441 20677 I art     : Starting a blocking GC Explicit
08-06 14:09:12.422 20441 20677 I art     : Explicit concurrent mark sweep GC freed 3(96B) AllocSpace objects, 0(0B) LOS objects, 35% free, 29MB/45MB, paused 802us total 74.112ms
08-06 14:09:12.445 20441 20677 I art     : Starting a blocking GC Explicit
08-06 14:09:12.500 20441 20677 I art     : Explicit concurrent mark sweep GC freed 3(96B) AllocSpace objects, 0(0B) LOS objects, 35% free, 29MB/45MB, paused 742us total 53.823ms
08-06 14:09:12.521   380   380 W SurfaceFlinger: couldn't log to binary event log: overflow.
08-06 14:09:12.523 20441 20677 I art     : Starting a blocking GC Explicit
08-06 14:09:12.563   918  3263 D ConnectivityService: releasing NetworkRequest NetworkRequest [ id=4032, legacyType=-1, [ Capabilities: INTERNET&NOT_RESTRICTED&TRUSTED] ]
08-06 14:09:12.604 20441 20677 I art     : Explicit concurrent mark sweep GC freed 853(39KB) AllocSpace objects, 0(0B) LOS objects, 35% free, 29MB/45MB, paused 722us total 80.116ms
08-06 14:09:12.861 22758 22809 E gve     : Babel_SMS: canonicalizeMccMnc: invalid mccmnc 
08-06 14:09:12.867 22758 22809 E gve     : Babel_SMS: canonicalizeMccMnc: invalid mccmnc nullnull
08-06 14:09:12.993 20441 20452 I art     : Starting a blocking GC Explicit
08-06 14:09:13.044 20441 20452 I art     : Explicit concurrent mark sweep GC freed 1507(90KB) AllocSpace objects, 1(20KB) LOS objects, 35% free, 29MB/45MB, paused 803us total 51.306ms
08-06 14:09:13.067 20441 20452 I art     : Starting a blocking GC Explicit
08-06 14:09:13.090 22758 22834 E gve     : Babel_ConcService: No valid Tag name
08-06 14:09:13.117 20441 20452 I art     : Explicit concurrent mark sweep GC freed 1994(117KB) AllocSpace objects, 1(28KB) LOS objects, 35% free, 29MB/45MB, paused 800us total 49.716ms
08-06 14:09:13.140 20441 20452 I art     : Starting a blocking GC Explicit
08-06 14:09:13.189 20441 20452 I art     : Explicit concurrent mark sweep GC freed 3(96B) AllocSpace objects, 0(0B) LOS objects, 35% free, 29MB/45MB, paused 802us total 49.412ms
08-06 14:09:13.212 20441 20452 I art     : Starting a blocking GC Explicit
08-06 14:09:13.267 20441 20452 I art     : Explicit concurrent mark sweep GC freed 3(96B) AllocSpace objects, 0(0B) LOS objects, 35% free, 29MB/45MB, paused 655us total 54.814ms
08-06 14:09:13.293 20441 20452 I art     : Starting a blocking GC Explicit
08-06 14:09:13.352 20441 20452 I art     : Explicit concurrent mark sweep GC freed 3(96B) AllocSpace objects, 0(0B) LOS objects, 35% free, 29MB/45MB, paused 714us total 58.837ms
08-06 14:09:13.734 20441 20753 I art     : Starting a blocking GC Explicit
08-06 14:09:13.801 20441 20753 I art     : Explicit concurrent mark sweep GC freed 1356(82KB) AllocSpace objects, 1(20KB) LOS objects, 35% free, 29MB/45MB, paused 837us total 66.545ms
08-06 14:09:13.826 20441 20753 I art     : Starting a blocking GC Explicit
08-06 14:09:13.884 20441 20753 I art     : Explicit concurrent mark sweep GC freed 20(704B) AllocSpace objects, 0(0B) LOS objects, 35% free, 29MB/45MB, paused 794us total 56.891ms
08-06 14:09:13.909 20441 20753 I art     : Starting a blocking GC Explicit
08-06 14:09:13.966 20441 20753 I art     : Explicit concurrent mark sweep GC freed 3(96B) AllocSpace objects, 0(0B) LOS objects, 35% free, 29MB/45MB, paused 815us total 56.605ms
08-06 14:09:13.991 20441 20753 I art     : Starting a blocking GC Explicit
08-06 14:09:14.018 22836 22836 D AndroidRuntime: >>>>>> START com.android.internal.os.RuntimeInit uid 2000 <<<<<<
08-06 14:09:14.024 22836 22836 D AndroidRuntime: CheckJNI is OFF
08-06 14:09:14.049 20441 20753 I art     : Explicit concurrent mark sweep GC freed 3(96B) AllocSpace objects, 0(0B) LOS objects, 35% free, 29MB/45MB, paused 964us total 57.505ms
08-06 14:09:14.073 20441 20753 I art     : Starting a blocking GC Explicit
08-06 14:09:14.082 22836 22836 D ICU     : No timezone override file found: /data/misc/zoneinfo/current/icu/icu_tzdata.dat
08-06 14:09:14.125 22836 22836 I Radio-JNI: register_android_hardware_Radio DONE
08-06 14:09:14.127 20441 20753 I art     : Explicit concurrent mark sweep GC freed 3(96B) AllocSpace objects, 0(0B) LOS objects, 35% free, 29MB/45MB, paused 868us total 53.923ms
08-06 14:09:14.157 22836 22836 D AndroidRuntime: Calling main entry com.android.commands.input.Input
08-06 14:09:14.161 22836 22836 I Input   : injectKeyEvent: KeyEvent { action=ACTION_DOWN, keyCode=KEYCODE_BACK, scanCode=0, metaState=0, flags=0x0, repeatCount=0, eventTime=886170574, downTime=886170574, deviceId=-1, source=0x101 }
08-06 14:09:14.166 22836 22836 I Input   : injectKeyEvent: KeyEvent { action=ACTION_UP, keyCode=KEYCODE_BACK, scanCode=0, metaState=0, flags=0x0, repeatCount=0, eventTime=886170574, downTime=886170574, deviceId=-1, source=0x101 }
08-06 14:09:14.172 22836 22836 D AndroidRuntime: Shutting down VM
08-06 14:09:14.219 13866 13866 I GoogleInputMethodServic: GoogleInputMethodService.onFinishInput():3138 
08-06 14:09:14.219 13866 13866 I GoogleInputMethodServic: GoogleInputMethodService.onStartInput():1808 
08-06 14:09:14.491 20441 22114 I art     : Starting a blocking GC Explicit
08-06 14:09:14.557 20441 22114 I art     : Explicit concurrent mark sweep GC freed 1574(90KB) AllocSpace objects, 1(20KB) LOS objects, 35% free, 29MB/45MB, paused 829us total 65.265ms
08-06 14:09:14.581 20441 22114 I art     : Starting a blocking GC Explicit
08-06 14:09:14.634 20441 22114 I art     : Explicit concurrent mark sweep GC freed 42(1664B) AllocSpace objects, 0(0B) LOS objects, 35% free, 29MB/45MB, paused 744us total 52.717ms
08-06 14:09:14.658 20441 22114 I art     : Starting a blocking GC Explicit
08-06 14:09:14.718 20441 22114 I art     : Explicit concurrent mark sweep GC freed 133(6KB) AllocSpace objects, 0(0B) LOS objects, 35% free, 29MB/45MB, paused 935us total 59.495ms
08-06 14:09:14.744 20441 22114 I art     : Starting a blocking GC Explicit
08-06 14:09:14.804 20441 22114 I art     : Explicit concurrent mark sweep GC freed 3(96B) AllocSpace objects, 0(0B) LOS objects, 35% free, 29MB/45MB, paused 765us total 59.158ms
08-06 14:09:14.830 20441 22114 I art     : Starting a blocking GC Explicit
08-06 14:09:14.890 20441 22114 I art     : Explicit concurrent mark sweep GC freed 3(96B) AllocSpace objects, 0(0B) LOS objects, 35% free, 29MB/45MB, paused 943us total 59.730ms
08-06 14:09:15.269 20441 20677 I art     : Starting a blocking GC Explicit
08-06 14:09:15.352 20441 20677 I art     : Explicit concurrent mark sweep GC freed 1356(82KB) AllocSpace objects, 1(20KB) LOS objects, 35% free, 29MB/45MB, paused 1.088ms total 81.764ms
08-06 14:09:15.379 20441 20677 I art     : Starting a blocking GC Explicit
08-06 14:09:15.438 20441 20677 I art     : Explicit concurrent mark sweep GC freed 20(704B) AllocSpace objects, 0(0B) LOS objects, 35% free, 29MB/45MB, paused 793us total 58.807ms
08-06 14:09:15.462 20441 20677 I art     : Starting a blocking GC Explicit
08-06 14:09:15.519 20441 20677 I art     : Explicit concurrent mark sweep GC freed 3(96B) AllocSpace objects, 0(0B) LOS objects, 35% free, 29MB/45MB, paused 859us total 56.665ms
08-06 14:09:15.544 20441 20677 I art     : Starting a blocking GC Explicit
08-06 14:09:15.602 20441 20677 I art     : Explicit concurrent mark sweep GC freed 3(96B) AllocSpace objects, 0(0B) LOS objects, 35% free, 29MB/45MB, paused 828us total 57.603ms
08-06 14:09:15.628 20441 20677 I art     : Starting a blocking GC Explicit
08-06 14:09:15.686 20441 20677 I art     : Explicit concurrent mark sweep GC freed 3(96B) AllocSpace objects, 0(0B) LOS objects, 35% free, 29MB/45MB, paused 954us total 57.894ms
08-06 14:09:16.045 20441 20753 I art     : Starting a blocking GC Explicit
08-06 14:09:16.056 22880 22880 D AndroidRuntime: >>>>>> START com.android.internal.os.RuntimeInit uid 2000 <<<<<<
08-06 14:09:16.063 22880 22880 D AndroidRuntime: CheckJNI is OFF
08-06 14:09:16.106 20441 20753 I art     : Explicit concurrent mark sweep GC freed 1356(82KB) AllocSpace objects, 1(20KB) LOS objects, 35% free, 29MB/45MB, paused 851us total 60.963ms
08-06 14:09:16.119 22880 22880 D ICU     : No timezone override file found: /data/misc/zoneinfo/current/icu/icu_tzdata.dat
08-06 14:09:16.131 20441 20753 I art     : Starting a blocking GC Explicit
08-06 14:09:16.164 22880 22880 I Radio-JNI: register_android_hardware_Radio DONE
08-06 14:09:16.188 20441 20753 I art     : Explicit concurrent mark sweep GC freed 20(704B) AllocSpace objects, 0(0B) LOS objects, 35% free, 29MB/45MB, paused 982us total 56.888ms
08-06 14:09:16.196 22880 22880 D AndroidRuntime: Calling main entry com.android.commands.input.Input
08-06 14:09:16.199 22880 22880 I Input   : injectMotionEvent: MotionEvent { action=ACTION_DOWN, actionButton=0, id[0]=0, x[0]=600.0, y[0]=1000.0, toolType[0]=TOOL_TYPE_UNKNOWN, buttonState=0, metaState=0, flags=0x0, edgeFlags=0x0, pointerCount=1, historySize=0, eventTime=886172611, downTime=886172611, deviceId=0, source=0x1002 }
08-06 14:09:16.205 22880 22880 I Input   : injectMotionEvent: MotionEvent { action=ACTION_UP, actionButton=0, id[0]=0, x[0]=600.0, y[0]=1000.0, toolType[0]=TOOL_TYPE_UNKNOWN, buttonState=0, metaState=0, flags=0x0, edgeFlags=0x0, pointerCount=1, historySize=0, eventTime=886172611, downTime=886172611, deviceId=0, source=0x1002 }
08-06 14:09:16.207 22880 22880 D AndroidRuntime: Shutting down VM
08-06 14:09:16.212   918  5952 I ActivityManager: START u0 {dat=https://oauth.reddit.com/... cmp=baseline.org.quantumbadger.redreader/.activities.PostListingActivity} from uid 10705 on display 0
08-06 14:09:16.213 20441 20753 I art     : Starting a blocking GC Explicit
08-06 14:09:16.213   512  2967 D audio_hw_primary: out_set_parameters: enter: usecase(1: low-latency-playback) kvpairs: routing=2
08-06 14:09:16.228   512  2967 D audio_hw_primary: select_devices: out_snd_device(2: speaker) in_snd_device(0: none)
08-06 14:09:16.228   512  2967 D msm8974_platform: platform_send_audio_calibration: sending audio calibration for snd_device(2) acdb_id(15)
08-06 14:09:16.228   512  2967 I soundtrigger: audio_extn_sound_trigger_update_device_status: device 0x2 of type 0 for Event 1
08-06 14:09:16.243   512  2967 D audio_hw_primary: enable_snd_device: snd_device(2: speaker)
08-06 14:09:16.245   512  2967 D audio_hw_primary: enable_audio_route: apply and update mixer path: low-latency-playback speaker
08-06 14:09:16.246 20441 20441 I AppCompatViewInflater: app:theme is now deprecated. Please move to using android:theme instead.
08-06 14:09:16.278 20441 22904 D OK      : calling: https://oauth.reddit.com/r/announcements/about.json
08-06 14:09:16.286 20441 20753 I art     : Explicit concurrent mark sweep GC freed 872(55KB) AllocSpace objects, 0(0B) LOS objects, 35% free, 29MB/45MB, paused 2.445ms total 73.299ms
08-06 14:09:16.310 20441 20753 I art     : Starting a blocking GC Explicit
08-06 14:09:16.364 20441 20753 I art     : Explicit concurrent mark sweep GC freed 1027(65KB) AllocSpace objects, 0(0B) LOS objects, 35% free, 29MB/45MB, paused 1.133ms total 53.615ms
08-06 14:09:16.372 13866 13866 I GoogleInputMethodServic: GoogleInputMethodService.onFinishInput():3138 
08-06 14:09:16.373   918   936 I ActivityManager: Displayed baseline.org.quantumbadger.redreader/.activities.PostListingActivity: +144ms
08-06 14:09:16.373 13866 13866 I GoogleInputMethodServic: GoogleInputMethodService.onStartInput():1808 
08-06 14:09:16.407 20441 20753 I art     : Starting a blocking GC Explicit
08-06 14:09:16.426   518   646 I ThermalEngine: ACTION: GPU - Setting GPU[0] to 450000000
08-06 14:09:16.481 20441 20753 I art     : Explicit concurrent mark sweep GC freed 2100(84KB) AllocSpace objects, 0(0B) LOS objects, 35% free, 29MB/45MB, paused 1.194ms total 74.342ms
08-06 14:09:16.610 20441 22904 I NAPPA_EXPERIMENTATION: MetricNetworkRequestExecutionTime: REQUEST_DURATION_SYSTEM='332',REQUEST_DURATION_OKHTTP='155',REQUEST_SYNCHRONOUS='TRUE',RESPONSE_CODE='200',RESPONSE_METHOD='GET',RESPONSE_LENGTH_OKHTTP='-1',RESPONSE_LENGTH_HEADER='1564',REQUEST_PROTOCOL='h2',REQUEST_URL='https://oauth.reddit.com/r/announcements/about.json',
08-06 14:09:16.610 20441 22904 D OK      : request got status: 200
08-06 14:09:16.627   380   380 W SurfaceFlinger: couldn't log to binary event log: overflow.
08-06 14:09:16.780   512  2967 D audio_hw_primary: disable_audio_route: reset and update mixer path: low-latency-playback speaker
08-06 14:09:16.782   512  2967 D audio_hw_primary: disable_snd_device: snd_device(2: speaker)
08-06 14:09:16.789   512  2967 I soundtrigger: audio_extn_sound_trigger_update_device_status: device 0x2 of type 0 for Event 0
08-06 14:09:16.810 20441 20452 I art     : Starting a blocking GC Explicit
08-06 14:09:16.857 20441 20452 I art     : Explicit concurrent mark sweep GC freed 2924(238KB) AllocSpace objects, 3(156KB) LOS objects, 35% free, 29MB/45MB, paused 555us total 46.688ms
08-06 14:09:16.875 20441 20452 I art     : Starting a blocking GC Explicit
08-06 14:09:16.921 20441 20452 I art     : Explicit concurrent mark sweep GC freed 205(10KB) AllocSpace objects, 0(0B) LOS objects, 35% free, 29MB/45MB, paused 568us total 45.844ms
08-06 14:09:16.939 20441 20452 I art     : Starting a blocking GC Explicit
08-06 14:09:16.986 20441 20452 I art     : Explicit concurrent mark sweep GC freed 38(1568B) AllocSpace objects, 0(0B) LOS objects, 35% free, 29MB/45MB, paused 540us total 46.563ms
08-06 14:09:17.008 20441 20452 I art     : Starting a blocking GC Explicit
08-06 14:09:17.051 20441 20452 I art     : Explicit concurrent mark sweep GC freed 3(96B) AllocSpace objects, 0(0B) LOS objects, 35% free, 29MB/45MB, paused 567us total 42.670ms
08-06 14:09:17.069 20441 20452 I art     : Starting a blocking GC Explicit
08-06 14:09:17.116 20441 20452 I art     : Explicit concurrent mark sweep GC freed 27(1120B) AllocSpace objects, 0(0B) LOS objects, 35% free, 29MB/45MB, paused 566us total 46.209ms
08-06 14:09:17.428   518   646 I ThermalEngine: ACTION: GPU - Setting GPU[0] to 390000000
08-06 14:09:17.464 20441 20453 I art     : Starting a blocking GC Explicit
08-06 14:09:17.479 20441 22929 D OK      : calling: https://oauth.reddit.com/r/announcements/hot/.json
08-06 14:09:17.526 20441 20453 I art     : Explicit concurrent mark sweep GC freed 1448(86KB) AllocSpace objects, 1(20KB) LOS objects, 35% free, 29MB/45MB, paused 940us total 61.248ms
08-06 14:09:17.553 20441 20453 I art     : Starting a blocking GC Explicit
08-06 14:09:17.590   918  6029 I ActivityManager: Killing 10523:nappagreedy.com.newsblur/u0a701 (adj 15): empty #17
08-06 14:09:17.612 20441 20453 I art     : Explicit concurrent mark sweep GC freed 41(1536B) AllocSpace objects, 0(0B) LOS objects, 35% free, 29MB/45MB, paused 1.057ms total 58.698ms
08-06 14:09:17.636 20441 20453 I art     : Starting a blocking GC Explicit
08-06 14:09:17.682 20441 22929 I NAPPA_EXPERIMENTATION: MetricNetworkRequestExecutionTime: REQUEST_DURATION_SYSTEM='203',REQUEST_DURATION_OKHTTP='199',REQUEST_SYNCHRONOUS='TRUE',RESPONSE_CODE='200',RESPONSE_METHOD='GET',RESPONSE_LENGTH_OKHTTP='-1',RESPONSE_LENGTH_HEADER='142016',REQUEST_PROTOCOL='h2',REQUEST_URL='https://oauth.reddit.com/r/announcements/hot/.json',
08-06 14:09:17.682 20441 22929 D OK      : request got status: 200
08-06 14:09:17.688 20441 20453 I art     : Explicit concurrent mark sweep GC freed 374(31KB) AllocSpace objects, 0(0B) LOS objects, 35% free, 29MB/45MB, paused 1.088ms total 51.211ms
08-06 14:09:17.693 20441 21030 I PostListingFragment: Precaching images: OFF
08-06 14:09:17.693 20441 21030 I PostListingFragment: Precaching comments: OFF
08-06 14:09:17.712 20441 20453 I art     : Starting a blocking GC Explicit
08-06 14:09:17.774 20441 20453 I art     : Explicit concurrent mark sweep GC freed 1347(134KB) AllocSpace objects, 1(16KB) LOS objects, 34% free, 30MB/46MB, paused 1.333ms total 62.332ms
08-06 14:09:17.800 20441 20453 I art     : Starting a blocking GC Explicit
08-06 14:09:17.867 20441 20453 I art     : Explicit concurrent mark sweep GC freed 1773(90KB) AllocSpace objects, 3(56KB) LOS objects, 34% free, 30MB/46MB, paused 1.471ms total 67.332ms
08-06 14:09:18.135 20441 22942 D OK      : calling: https://a.thumbs.redditmedia.com/-D0hxchgus9EyzvGqvnabK_3Obl93tMfG9G58V1QwW8.jpg
08-06 14:09:18.244 20441 20453 I art     : Starting a blocking GC Explicit
08-06 14:09:18.329 20441 20453 I art     : Explicit concurrent mark sweep GC freed 20852(1216KB) AllocSpace objects, 29(1476KB) LOS objects, 31% free, 34MB/50MB, paused 1.135ms total 84.650ms
08-06 14:09:18.358 20441 20453 I art     : Starting a blocking GC Explicit
08-06 14:09:18.427 20441 20453 I art     : Explicit concurrent mark sweep GC freed 60835(2MB) AllocSpace objects, 8(152KB) LOS objects, 34% free, 31MB/47MB, paused 1.574ms total 67.910ms
08-06 14:09:18.429 20441 22942 I NAPPA_EXPERIMENTATION: MetricNetworkRequestExecutionTime: REQUEST_DURATION_SYSTEM='294',REQUEST_DURATION_OKHTTP='149',REQUEST_SYNCHRONOUS='TRUE',RESPONSE_CODE='200',RESPONSE_METHOD='GET',RESPONSE_LENGTH_OKHTTP='4818',RESPONSE_LENGTH_HEADER='4818',REQUEST_PROTOCOL='h2',REQUEST_URL='https://a.thumbs.redditmedia.com/-D0hxchgus9EyzvGqvnabK_3Obl93tMfG9G58V1QwW8.jpg',
08-06 14:09:18.429 20441 22942 D OK      : request got status: 200
08-06 14:09:18.451 20441 20453 I art     : Starting a blocking GC Explicit
08-06 14:09:18.477 20441 20441 W RecyclerView: Cannot call this method in a scroll callback. Scroll callbacks mightbe run during a measure & layout pass where you cannot change theRecyclerView data. Any method call that might change the structureof the RecyclerView or the adapter contents should be postponed tothe next frame.
08-06 14:09:18.477 20441 20441 W RecyclerView: java.lang.IllegalStateException:  androidx.recyclerview.widget.RecyclerView{203c1db VFED..... .F....ID 0,0-1440,2140 #7f0900ef app:id/scrollbar_recyclerview_recyclerview}, adapter:baseline.org.quantumbadger.redreader.adapters.GroupedRecyclerViewAdapter@b0c7478, layout:androidx.recyclerview.widget.LinearLayoutManager@c9a5751, context:baseline.org.quantumbadger.redreader.activities.PostListingActivity@308ab7b
08-06 14:09:18.477 20441 20441 W RecyclerView: 	at androidx.recyclerview.widget.RecyclerView.assertNotInLayoutOrScroll(RecyclerView.java:3061)
08-06 14:09:18.477 20441 20441 W RecyclerView: 	at androidx.recyclerview.widget.RecyclerView$RecyclerViewDataObserver.onItemRangeInserted(RecyclerView.java:5555)
08-06 14:09:18.477 20441 20441 W RecyclerView: 	at androidx.recyclerview.widget.RecyclerView$AdapterDataObservable.notifyItemRangeInserted(RecyclerView.java:12278)
08-06 14:09:18.477 20441 20441 W RecyclerView: 	at androidx.recyclerview.widget.RecyclerView$Adapter.notifyItemInserted(RecyclerView.java:7464)
08-06 14:09:18.477 20441 20441 W RecyclerView: 	at baseline.org.quantumbadger.redreader.adapters.GroupedRecyclerViewAdapter.updateHiddenStatus(GroupedRecyclerViewAdapter.java:279)
08-06 14:09:18.477 20441 20441 W RecyclerView: 	at baseline.org.quantumbadger.redreader.adapters.RedditListingManager.setLoadingVisible(RedditListingManager.java:125)
08-06 14:09:18.477 20441 20441 W RecyclerView: 	at baseline.org.quantumbadger.redreader.fragments.PostListingFragment.onLoadMoreItemsCheck(PostListingFragment.java:465)
08-06 14:09:18.477 20441 20441 W RecyclerView: 	at baseline.org.quantumbadger.redreader.fragments.PostListingFragment.access$000(PostListingFragment.java:98)
08-06 14:09:18.477 20441 20441 W RecyclerView: 	at baseline.org.quantumbadger.redreader.fragments.PostListingFragment$2.onScrolled(PostListingFragment.java:215)
08-06 14:09:18.477 20441 20441 W RecyclerView: 	at androidx.recyclerview.widget.RecyclerView.dispatchOnScrolled(RecyclerView.java:5173)
08-06 14:09:18.477 20441 20441 W RecyclerView: 	at androidx.recyclerview.widget.RecyclerView.dispatchLayoutStep3(RecyclerView.java:4231)
08-06 14:09:18.477 20441 20441 W RecyclerView: 	at androidx.recyclerview.widget.RecyclerView.dispatchLayout(RecyclerView.java:3862)
08-06 14:09:18.477 20441 20441 W RecyclerView: 	at androidx.recyclerview.widget.RecyclerView.consumePendingUpdateOperations(RecyclerView.java:1897)
08-06 14:09:18.477 20441 20441 W RecyclerView: 	at androidx.recyclerview.widget.RecyclerView$1.run(RecyclerView.java:414)
08-06 14:09:18.477 20441 20441 W RecyclerView: 	at android.view.Choreographer$CallbackRecord.run(Choreographer.java:858)
08-06 14:09:18.477 20441 20441 W RecyclerView: 	at android.view.Choreographer.doCallbacks(Choreographer.java:670)
08-06 14:09:18.477 20441 20441 W RecyclerView: 	at android.view.Choreographer.doFrame(Choreographer.java:603)
08-06 14:09:18.477 20441 20441 W RecyclerView: 	at android.view.Choreographer$FrameDisplayEventReceiver.run(Choreographer.java:844)
08-06 14:09:18.477 20441 20441 W RecyclerView: 	at android.os.Handler.handleCallback(Handler.java:739)
08-06 14:09:18.477 20441 20441 W RecyclerView: 	at android.os.Handler.dispatchMessage(Handler.java:95)
08-06 14:09:18.477 20441 20441 W RecyclerView: 	at android.os.Looper.loop(Looper.java:148)
08-06 14:09:18.477 20441 20441 W RecyclerView: 	at android.app.ActivityThread.main(ActivityThread.java:5417)
08-06 14:09:18.477 20441 20441 W RecyclerView: 	at java.lang.reflect.Method.invoke(Native Method)
08-06 14:09:18.477 20441 20441 W RecyclerView: 	at com.android.internal.os.ZygoteInit$MethodAndArgsCaller.run(ZygoteInit.java:726)
08-06 14:09:18.477 20441 20441 W RecyclerView: 	at com.android.internal.os.ZygoteInit.main(ZygoteInit.java:616)
08-06 14:09:18.509 20441 20453 I art     : Explicit concurrent mark sweep GC freed 1839(212KB) AllocSpace objects, 5(504KB) LOS objects, 33% free, 31MB/47MB, paused 1.085ms total 57.301ms
08-06 14:09:18.534 20441 20453 I art     : Starting a blocking GC Explicit
08-06 14:09:18.594 20441 20453 I art     : Explicit concurrent mark sweep GC freed 257(10KB) AllocSpace objects, 1(68KB) LOS objects, 33% free, 31MB/47MB, paused 835us total 59.531ms
08-06 14:09:18.619 20441 20453 I art     : Starting a blocking GC Explicit
08-06 14:09:18.681 20441 22945 D OK      : calling: https://oauth.reddit.com/r/announcements/hot/.json?after=t3_9jf8nh
08-06 14:09:18.682 20441 20453 I art     : Explicit concurrent mark sweep GC freed 59(2240B) AllocSpace objects, 0(0B) LOS objects, 33% free, 31MB/47MB, paused 1.330ms total 62.125ms
08-06 14:09:19.010 20441 22945 I NAPPA_EXPERIMENTATION: MetricNetworkRequestExecutionTime: REQUEST_DURATION_SYSTEM='329',REQUEST_DURATION_OKHTTP='146',REQUEST_SYNCHRONOUS='TRUE',RESPONSE_CODE='200',RESPONSE_METHOD='GET',RESPONSE_LENGTH_OKHTTP='-1',RESPONSE_LENGTH_HEADER='65685',REQUEST_PROTOCOL='h2',REQUEST_URL='https://oauth.reddit.com/r/announcements/hot/.json?after=t3_9jf8nh',
08-06 14:09:19.010 20441 22945 D OK      : request got status: 200
08-06 14:09:19.020 20441 21030 I PostListingFragment: Precaching images: OFF
08-06 14:09:19.021 20441 21030 I PostListingFragment: Precaching comments: OFF
08-06 14:09:19.058 20441 20753 I art     : Starting a blocking GC Explicit
08-06 14:09:19.132 20441 20753 I art     : Explicit concurrent mark sweep GC freed 8591(561KB) AllocSpace objects, 7(512KB) LOS objects, 32% free, 32MB/48MB, paused 2.005ms total 73.114ms
08-06 14:09:19.158 20441 20753 I art     : Starting a blocking GC Explicit
08-06 14:09:19.231 20441 20753 I art     : Explicit concurrent mark sweep GC freed 3866(199KB) AllocSpace objects, 4(188KB) LOS objects, 32% free, 33MB/49MB, paused 1.264ms total 72.323ms
08-06 14:09:19.258 20441 20753 I art     : Starting a blocking GC Explicit
08-06 14:09:19.331 20441 20753 I art     : Explicit concurrent mark sweep GC freed 3889(208KB) AllocSpace objects, 2(92KB) LOS objects, 32% free, 32MB/48MB, paused 1.132ms total 72.305ms
08-06 14:09:19.358 20441 20753 I art     : Starting a blocking GC Explicit
08-06 14:09:19.429 20441 20753 I art     : Explicit concurrent mark sweep GC freed 3603(132KB) AllocSpace objects, 0(0B) LOS objects, 32% free, 32MB/48MB, paused 1.359ms total 71.418ms
08-06 14:09:19.457 20441 20753 I art     : Starting a blocking GC Explicit
08-06 14:09:19.531 20441 20753 I art     : Explicit concurrent mark sweep GC freed 3598(132KB) AllocSpace objects, 0(0B) LOS objects, 32% free, 32MB/48MB, paused 1.251ms total 73.542ms
08-06 14:09:19.918 20441 20677 I art     : Starting a blocking GC Explicit
08-06 14:09:20.001 20441 20677 I art     : Explicit concurrent mark sweep GC freed 19042(967KB) AllocSpace objects, 7(128KB) LOS objects, 33% free, 31MB/47MB, paused 972us total 82.275ms
08-06 14:09:20.033 20441 20677 I art     : Starting a blocking GC Explicit
08-06 14:09:20.096 20441 20677 I art     : Explicit concurrent mark sweep GC freed 128(5KB) AllocSpace objects, 0(0B) LOS objects, 33% free, 31MB/47MB, paused 816us total 62.285ms
08-06 14:09:20.122 20441 20677 I art     : Starting a blocking GC Explicit
08-06 14:09:20.188 20441 20677 I art     : Explicit concurrent mark sweep GC freed 3(96B) AllocSpace objects, 0(0B) LOS objects, 33% free, 31MB/47MB, paused 943us total 65.504ms
08-06 14:09:20.215 20441 20677 I art     : Starting a blocking GC Explicit
08-06 14:09:20.285 20441 20677 I art     : Explicit concurrent mark sweep GC freed 3(96B) AllocSpace objects, 0(0B) LOS objects, 33% free, 31MB/47MB, paused 939us total 70.433ms
08-06 14:09:20.314 20441 20677 I art     : Starting a blocking GC Explicit
08-06 14:09:20.379 20441 20677 I art     : Explicit concurrent mark sweep GC freed 3(96B) AllocSpace objects, 0(0B) LOS objects, 33% free, 31MB/47MB, paused 1.072ms total 65.503ms
08-06 14:09:20.431   518   646 I ThermalEngine: ACTION: GPU - Setting GPU[0] to 450000000
08-06 14:09:20.781 20441 20452 I art     : Starting a blocking GC Explicit
08-06 14:09:20.845 20441 20452 I art     : Explicit concurrent mark sweep GC freed 1361(83KB) AllocSpace objects, 1(20KB) LOS objects, 33% free, 31MB/47MB, paused 570us total 62.942ms
08-06 14:09:20.864 20441 20452 I art     : Starting a blocking GC Explicit
08-06 14:09:20.916 20441 20452 I art     : Explicit concurrent mark sweep GC freed 20(704B) AllocSpace objects, 0(0B) LOS objects, 33% free, 31MB/47MB, paused 503us total 51.431ms
08-06 14:09:20.935 20441 20452 I art     : Starting a blocking GC Explicit
08-06 14:09:20.987 20441 20452 I art     : Explicit concurrent mark sweep GC freed 3(96B) AllocSpace objects, 0(0B) LOS objects, 33% free, 31MB/47MB, paused 564us total 51.374ms
08-06 14:09:21.010 20441 20452 I art     : Starting a blocking GC Explicit
08-06 14:09:21.067 20441 20452 I art     : Explicit concurrent mark sweep GC freed 3(96B) AllocSpace objects, 0(0B) LOS objects, 33% free, 31MB/47MB, paused 536us total 56.349ms
08-06 14:09:21.086 20441 20452 I art     : Starting a blocking GC Explicit
08-06 14:09:21.143 20441 20452 I art     : Explicit concurrent mark sweep GC freed 3(96B) AllocSpace objects, 0(0B) LOS objects, 33% free, 31MB/47MB, paused 590us total 56.287ms
08-06 14:09:21.166   918  3188 I hubconnection: sensorhub said: 'set_bias 3: -6.1056, 0.0000, 0.0000'
08-06 14:09:21.507 20441 20453 I art     : Starting a blocking GC Explicit
08-06 14:09:21.560 20441 20453 I art     : Explicit concurrent mark sweep GC freed 1359(83KB) AllocSpace objects, 1(20KB) LOS objects, 33% free, 31MB/47MB, paused 582us total 52.999ms
08-06 14:09:21.580 20441 20453 I art     : Starting a blocking GC Explicit
08-06 14:09:21.633 20441 20453 I art     : Explicit concurrent mark sweep GC freed 20(704B) AllocSpace objects, 0(0B) LOS objects, 33% free, 31MB/47MB, paused 594us total 52.532ms
08-06 14:09:21.652 20441 20453 I art     : Starting a blocking GC Explicit
08-06 14:09:21.705 20441 20453 I art     : Explicit concurrent mark sweep GC freed 3(96B) AllocSpace objects, 0(0B) LOS objects, 33% free, 31MB/47MB, paused 572us total 52.298ms
08-06 14:09:21.724 20441 20453 I art     : Starting a blocking GC Explicit
08-06 14:09:21.778 20441 20453 I art     : Explicit concurrent mark sweep GC freed 3(96B) AllocSpace objects, 0(0B) LOS objects, 33% free, 31MB/47MB, paused 646us total 53.593ms
08-06 14:09:21.797 20441 20453 I art     : Starting a blocking GC Explicit
08-06 14:09:21.850 20441 20453 I art     : Explicit concurrent mark sweep GC freed 3(96B) AllocSpace objects, 0(0B) LOS objects, 33% free, 31MB/47MB, paused 583us total 52.813ms
08-06 14:09:22.008 22988 22988 D AndroidRuntime: >>>>>> START com.android.internal.os.RuntimeInit uid 2000 <<<<<<
08-06 14:09:22.016 22988 22988 D AndroidRuntime: CheckJNI is OFF
08-06 14:09:22.057 22988 22988 D ICU     : No timezone override file found: /data/misc/zoneinfo/current/icu/icu_tzdata.dat
08-06 14:09:22.099 22988 22988 I Radio-JNI: register_android_hardware_Radio DONE
08-06 14:09:22.127 22988 22988 D AndroidRuntime: Calling main entry com.android.commands.input.Input
08-06 14:09:22.129 22988 22988 I Input   : injectMotionEvent: MotionEvent { action=ACTION_DOWN, actionButton=0, id[0]=0, x[0]=600.0, y[0]=580.0, toolType[0]=TOOL_TYPE_UNKNOWN, buttonState=0, metaState=0, flags=0x0, edgeFlags=0x0, pointerCount=1, historySize=0, eventTime=886178542, downTime=886178542, deviceId=0, source=0x1002 }
08-06 14:09:22.134 22988 22988 I Input   : injectMotionEvent: MotionEvent { action=ACTION_UP, actionButton=0, id[0]=0, x[0]=600.0, y[0]=580.0, toolType[0]=TOOL_TYPE_UNKNOWN, buttonState=0, metaState=0, flags=0x0, edgeFlags=0x0, pointerCount=1, historySize=0, eventTime=886178542, downTime=886178542, deviceId=0, source=0x1002 }
08-06 14:09:22.136 22988 22988 D AndroidRuntime: Shutting down VM
08-06 14:09:22.157   512  2967 D audio_hw_primary: out_set_parameters: enter: usecase(1: low-latency-playback) kvpairs: routing=2
08-06 14:09:22.158   918   929 I ActivityManager: START u0 {cmp=baseline.org.quantumbadger.redreader/.activities.WebViewActivity (has extras)} from uid 10705 on display 0
08-06 14:09:22.171   512  2967 D audio_hw_primary: select_devices: out_snd_device(2: speaker) in_snd_device(0: none)
08-06 14:09:22.171   512  2967 D msm8974_platform: platform_send_audio_calibration: sending audio calibration for snd_device(2) acdb_id(15)
08-06 14:09:22.171   512  2967 I soundtrigger: audio_extn_sound_trigger_update_device_status: device 0x2 of type 0 for Event 1
08-06 14:09:22.182   512  2967 D audio_hw_primary: enable_snd_device: snd_device(2: speaker)
08-06 14:09:22.184   512  2967 D audio_hw_primary: enable_audio_route: apply and update mixer path: low-latency-playback speaker
08-06 14:09:22.188 20441 20441 I AppCompatViewInflater: app:theme is now deprecated. Please move to using android:theme instead.
08-06 14:09:22.211   918  6111 D ConnectivityService: listenForNetwork for Listen from uid/pid:10705/20441 for NetworkRequest [ id=4033, legacyType=-1, [ Capabilities: INTERNET&NOT_RESTRICTED&TRUSTED] ]
08-06 14:09:22.218 20441 20753 I art     : Starting a blocking GC Explicit
08-06 14:09:22.268 20441 20753 I art     : Explicit concurrent mark sweep GC freed 5304(288KB) AllocSpace objects, 1(20KB) LOS objects, 33% free, 32MB/48MB, paused 682us total 49.152ms
08-06 14:09:22.286 20441 20753 I art     : Starting a blocking GC Explicit
08-06 14:09:22.330 20441 20753 I art     : Explicit concurrent mark sweep GC freed 7752(843KB) AllocSpace objects, 16(1940KB) LOS objects, 35% free, 29MB/45MB, paused 696us total 44.115ms
08-06 14:09:22.330   918   936 I ActivityManager: Displayed baseline.org.quantumbadger.redreader/.activities.WebViewActivity: +161ms
08-06 14:09:22.331 13866 13866 I GoogleInputMethodServic: GoogleInputMethodService.onFinishInput():3138 
08-06 14:09:22.331 13866 13866 I GoogleInputMethodServic: GoogleInputMethodService.onStartInput():1808 
08-06 14:09:22.348 20441 20753 I art     : Starting a blocking GC Explicit
08-06 14:09:22.393 20441 20753 I art     : Explicit concurrent mark sweep GC freed 115(5KB) AllocSpace objects, 0(0B) LOS objects, 35% free, 29MB/45MB, paused 477us total 44.548ms
08-06 14:09:22.411 20441 20753 I art     : Starting a blocking GC Explicit
08-06 14:09:22.453 20441 20753 I art     : Explicit concurrent mark sweep GC freed 26(2256B) AllocSpace objects, 0(0B) LOS objects, 35% free, 29MB/45MB, paused 467us total 42.204ms
08-06 14:09:22.473 20441 20753 I art     : Starting a blocking GC Explicit
08-06 14:09:22.528 20441 20753 I art     : Explicit concurrent mark sweep GC freed 4(128B) AllocSpace objects, 0(0B) LOS objects, 35% free, 29MB/45MB, paused 796us total 54.191ms
08-06 14:09:22.585   380   380 W SurfaceFlinger: couldn't log to binary event log: overflow.
08-06 14:09:22.718   512  2967 D audio_hw_primary: disable_audio_route: reset and update mixer path: low-latency-playback speaker
08-06 14:09:22.719   512  2967 D audio_hw_primary: disable_snd_device: snd_device(2: speaker)
08-06 14:09:22.729   512  2967 I soundtrigger: audio_extn_sound_trigger_update_device_status: device 0x2 of type 0 for Event 0
08-06 14:09:22.731 20441 22930 I RedditChangeDataIO: Writing tmp data file at '/data/user/0/baseline.org.quantumbadger.redreader/files/rr_change_data_tmp.dat'
08-06 14:09:22.732 20441 22930 I RedditChangeDataManager: Taking snapshot...
08-06 14:09:22.732 20441 22930 I RedditChangeDataManager: Writing to stream...
08-06 14:09:22.732 20441 22930 I RedditChangeDataManager: Wrote 5 entries for user ''
08-06 14:09:22.732 20441 22930 I RedditChangeDataManager: All entries written to stream.
08-06 14:09:22.732 20441 22930 I RedditChangeDataIO: Write successful. Atomically replacing data file...
08-06 14:09:22.733 20441 22930 I RedditChangeDataIO: Write complete.
08-06 14:09:22.733 20441 22930 I RedditChangeDataIO: 134 bytes written in 2 ms
08-06 14:09:22.894 20441 22114 I art     : Starting a blocking GC Explicit
08-06 14:09:22.945 20441 22114 I art     : Explicit concurrent mark sweep GC freed 2371(139KB) AllocSpace objects, 2(88KB) LOS objects, 35% free, 29MB/45MB, paused 535us total 51.126ms
08-06 14:09:22.969 20441 22114 I art     : Starting a blocking GC Explicit
08-06 14:09:23.029 20441 22114 I art     : Explicit concurrent mark sweep GC freed 35(1168B) AllocSpace objects, 0(0B) LOS objects, 35% free, 29MB/45MB, paused 817us total 60.069ms
08-06 14:09:23.052 20441 22114 I art     : Starting a blocking GC Explicit
08-06 14:09:23.100 20441 22114 I art     : Explicit concurrent mark sweep GC freed 13(400B) AllocSpace objects, 0(0B) LOS objects, 35% free, 29MB/45MB, paused 546us total 47.776ms
08-06 14:09:23.122 20441 22114 I art     : Starting a blocking GC Explicit
08-06 14:09:23.163   918   918 W ResourceType: ResTable_typeSpec entry count inconsistent: given 83, previously 87
08-06 14:09:23.164   918   918 W ResourceType: ResTable_typeSpec entry count inconsistent: given 542, previously 2227
08-06 14:09:23.164   918   918 W ResourceType: ResTable_typeSpec entry count inconsistent: given 669, previously 1961
08-06 14:09:23.165   918   918 W ResourceType: ResTable_typeSpec entry count inconsistent: given 1967, previously 1961
08-06 14:09:23.165   918   918 W ResourceType: ResTable_typeSpec entry count inconsistent: given 386, previously 2092
08-06 14:09:23.172 20441 22114 I art     : Explicit concurrent mark sweep GC freed 13(400B) AllocSpace objects, 0(0B) LOS objects, 35% free, 29MB/45MB, paused 646us total 49.751ms
08-06 14:09:23.176   918   918 W ResourceType: For resource 0x7f0805b8, entry index(1464) is beyond type entryCount(669)
08-06 14:09:23.185   918  3247 I InputReader: Reconfiguring input devices.  changes=0x00000010
08-06 14:09:23.185   918   918 W ResourceType: For resource 0x7f0805b8, entry index(1464) is beyond type entryCount(669)
08-06 14:09:23.191 20441 22114 I art     : Starting a blocking GC Explicit
08-06 14:09:23.192   918   918 W ResourceType: For resource 0x7f0805b8, entry index(1464) is beyond type entryCount(669)
08-06 14:09:23.214 24365 23039 I Fitness : OnPackageChangedOperation got intent: Intent { act=android.intent.action.PACKAGE_CHANGED dat=package:com.google.android.talk flg=0x4000010 cmp=com.google.android.gms/.chimera.PersistentIntentOperationService (has extras) } [CONTEXT service_id=17 ]
08-06 14:09:23.238 20441 22114 I art     : Explicit concurrent mark sweep GC freed 11(352B) AllocSpace objects, 0(0B) LOS objects, 35% free, 29MB/45MB, paused 470us total 47.339ms
08-06 14:09:23.258 12162 12162 I Finsky  : [1] uah.a(18): PackageMonitorReceiverImpl - Received: android.intent.action.PACKAGE_CHANGED, [6xenAgpwpEkTltaPdf95MQ21dEOZMDrVh3pUVXZo6GU]
08-06 14:09:23.259 12162 12162 I Finsky  : [1] ubi.d(9): Invalidating cached PackageState for com.google.android.talk
08-06 14:09:23.330 12162 12162 I Finsky  : [1] lzi.c(2): Frosting ID looked up on UI thread. Caller should move to a background thread.
08-06 14:09:23.342 24365 23040 I Fitness : FitCleanupIntentOperation received Intent android.intent.action.PACKAGE_CHANGED [CONTEXT service_id=17 ]
08-06 14:09:23.358 12162 12162 I Finsky  : [1] lzi.c(2): Frosting ID looked up on UI thread. Caller should move to a background thread.
08-06 14:09:23.365 24577 13316 I Icing   : IndexChimeraService.getServiceInterface callingPackage=com.google.android.gms componentName=AppsCorpus serviceId=36
08-06 14:09:23.383 24577 10526 W Icing   : No valid account for uploading user actions
08-06 14:09:23.405 12162 23045 I Finsky  : [6602] lyv.run(-1): Wrote row to frosting DB: 3362
08-06 14:09:23.420 24577 13316 I Icing   : IndexChimeraService.getServiceInterface callingPackage=com.google.android.gms componentName=null serviceId=30
08-06 14:09:23.450 24577 10526 I Icing   : Usage reports ok 1, Failed Usage reports 0, indexed 0, rejected 0
08-06 14:09:23.454 24577 10526 W Icing   : No valid account for uploading user actions
08-06 14:09:23.459 24577 13294 I Icing   : IndexChimeraService.getServiceInterface callingPackage=com.google.android.gms componentName=null serviceId=36
08-06 14:09:23.464 24577 10526 I Icing   : Usage reports ok 0, Failed Usage reports 0, indexed 0, rejected 0
08-06 14:09:23.465 24577 10526 I Icing   : Indexing com.google.android.gms-internal.3p:MobileApplication from com.google.android.gms using seqno 763
08-06 14:09:23.476 12162 23045 I Finsky  : [6602] lyv.run(-1): Wrote row to frosting DB: 3363
08-06 14:09:23.504 24577 10526 W Icing   : No valid account for uploading user actions
08-06 14:09:23.521 24577 10526 I Icing   : Usage reports ok 0, Failed Usage reports 0, indexed 0, rejected 0
08-06 14:09:23.638 20441 20753 I art     : Starting a blocking GC Explicit
08-06 14:09:23.693 20441 20753 I art     : Explicit concurrent mark sweep GC freed 1414(85KB) AllocSpace objects, 1(20KB) LOS objects, 35% free, 29MB/45MB, paused 502us total 54.232ms
08-06 14:09:23.706 20441 20441 I chromium: [INFO:CONSOLE(1)] "
08-06 14:09:23.706 20441 20441 I chromium:                   ,d"=,.,qOp,
08-06 14:09:23.706 20441 20441 I chromium:                  ,7'  ''$(  )
08-06 14:09:23.706 20441 20441 I chromium:                 ,7'      '?q$7'
08-06 14:09:23.706 20441 20441 I chromium:              ..,$$,.
08-06 14:09:23.706 20441 20441 I chromium:    ,.  .,,--***""***--,,.  .,
08-06 14:09:23.706 20441 20441 I chromium:     ,p''              ''q,   
08-06 14:09:23.706 20441 20441 I chromium: :  ,7'                      '7,  :
08-06 14:09:23.706 20441 20441 I chromium:  ' $      ,db,      ,db,      $ '
08-06 14:09:23.706 20441 20441 I chromium:   '$      $$      $$      $'    Using Reddit at work? Work for Reddit.
08-06 14:09:23.706 20441 20441 I chromium:   '$                          $'        https://www.reddit.com/jobs
08-06 14:09:23.706 20441 20441 I chromium:    '$.     .,        ,.     .$'
08-06 14:09:23.706 20441 20441 I chromium:     'b,     ''     ,d'
08-06 14:09:23.706 20441 20441 I chromium:      '?bn,,          ,,nd?'
08-06 14:09:23.706 20441 20441 I chromium:        ,7$ '''' $7,
08-06 14:09:23.706 20441 20441 I chromium:      , $              $ ,
08-06 14:09:23.706 20441 20441 I chromium:      $  :$              $:  $
08-06 14:09:23.706 20441 20441 I chromium:      $   $              $   $
08-06 14:09:23.706 20441 20441 I chromium:      'b  q:            :p  d'
08-06 14:09:23.706 20441 20441 I chromium:       '?$.          .$?'
08-06 14:09:23.706 20441 20441 I chromium:          'b            d'
08-06 14:09:23.706 20441 20441 I chromium:        ,'?,.      .,?',
08-06 14:09:23.706 20441 20441 I chromium:       ==--==--==--==
08-06 14:09:23.706 20441 20441 I chromium: ", source: https://www.redditstatic.com/desktop2x/Chat~Governance~Reddit.2ea93b134a9b2e5b1d9a.js (1)
08-06 14:09:23.715 20441 20753 I art     : Starting a blocking GC Explicit
08-06 14:09:23.767 20441 20753 I art     : Explicit concurrent mark sweep GC freed 31(3KB) AllocSpace objects, 0(0B) LOS objects, 35% free, 29MB/45MB, paused 592us total 51.809ms
08-06 14:09:23.786 20441 20753 I art     : Starting a blocking GC Explicit
08-06 14:09:23.835 20441 20753 I art     : Explicit concurrent mark sweep GC freed 12(384B) AllocSpace objects, 0(0B) LOS objects, 35% free, 29MB/45MB, paused 632us total 48.824ms
08-06 14:09:23.854 20441 20753 I art     : Starting a blocking GC Explicit
08-06 14:09:23.903 20441 20753 I art     : Explicit concurrent mark sweep GC freed 12(384B) AllocSpace objects, 0(0B) LOS objects, 35% free, 29MB/45MB, paused 616us total 48.875ms
08-06 14:09:23.925 20441 20753 I art     : Starting a blocking GC Explicit
08-06 14:09:23.975 20441 20753 I art     : Explicit concurrent mark sweep GC freed 32(1104B) AllocSpace objects, 0(0B) LOS objects, 35% free, 29MB/45MB, paused 524us total 49.810ms
08-06 14:09:24.344 20441 20677 I art     : Starting a blocking GC Explicit
08-06 14:09:24.394 20441 20677 I art     : Explicit concurrent mark sweep GC freed 1628(120KB) AllocSpace objects, 1(20KB) LOS objects, 35% free, 29MB/45MB, paused 547us total 50.108ms
08-06 14:09:24.413 20441 20677 I art     : Starting a blocking GC Explicit
08-06 14:09:24.443   518   646 I ThermalEngine: ACTION: GPU - Setting GPU[0] to 390000000
08-06 14:09:24.454 24577 10526 I Icing   : Indexing com.google.android.gms-apps from com.google.android.gms
08-06 14:09:24.485 20441 20677 I art     : Explicit concurrent mark sweep GC freed 85(2880B) AllocSpace objects, 0(0B) LOS objects, 35% free, 29MB/45MB, paused 1.102ms total 71.802ms
08-06 14:09:24.511 20441 20677 I art     : Starting a blocking GC Explicit
08-06 14:09:24.517 24577 10526 I Icing   : Indexing done com.google.android.gms-apps
08-06 14:09:24.562 20441 20677 I art     : Explicit concurrent mark sweep GC freed 3(96B) AllocSpace objects, 0(0B) LOS objects, 35% free, 29MB/45MB, paused 737us total 50.892ms
08-06 14:09:24.588 20441 20677 I art     : Starting a blocking GC Explicit
08-06 14:09:24.652 20441 20677 I art     : Explicit concurrent mark sweep GC freed 192(11KB) AllocSpace objects, 0(0B) LOS objects, 35% free, 29MB/45MB, paused 814us total 63.709ms
08-06 14:09:24.675 20441 20677 I art     : Starting a blocking GC Explicit
08-06 14:09:24.730 20441 20677 I art     : Explicit concurrent mark sweep GC freed 25(1072B) AllocSpace objects, 0(0B) LOS objects, 35% free, 29MB/45MB, paused 1.002ms total 54.675ms
08-06 14:09:25.104 20441 20452 I art     : Starting a blocking GC Explicit
08-06 14:09:25.161 20441 20452 I art     : Explicit concurrent mark sweep GC freed 1370(85KB) AllocSpace objects, 1(20KB) LOS objects, 35% free, 29MB/45MB, paused 677us total 57.142ms
08-06 14:09:25.188 20441 20452 I art     : Starting a blocking GC Explicit
08-06 14:09:25.247 20441 20452 I art     : Explicit concurrent mark sweep GC freed 20(704B) AllocSpace objects, 0(0B) LOS objects, 35% free, 29MB/45MB, paused 796us total 58.548ms
08-06 14:09:25.272 20441 20452 I art     : Starting a blocking GC Explicit
08-06 14:09:25.336 20441 20452 I art     : Explicit concurrent mark sweep GC freed 3(96B) AllocSpace objects, 0(0B) LOS objects, 35% free, 29MB/45MB, paused 817us total 63.150ms
08-06 14:09:25.361 20441 20452 I art     : Starting a blocking GC Explicit
08-06 14:09:25.419 20441 20452 I art     : Explicit concurrent mark sweep GC freed 49(2656B) AllocSpace objects, 0(0B) LOS objects, 35% free, 29MB/45MB, paused 737us total 58.181ms
08-06 14:09:25.443 20441 20452 I art     : Starting a blocking GC Explicit
08-06 14:09:25.507 20441 20452 I art     : Explicit concurrent mark sweep GC freed 3(96B) AllocSpace objects, 0(0B) LOS objects, 35% free, 29MB/45MB, paused 596us total 63.420ms
08-06 14:09:25.913 20441 20453 I art     : Starting a blocking GC Explicit
08-06 14:09:25.974 20441 20453 I art     : Explicit concurrent mark sweep GC freed 1357(82KB) AllocSpace objects, 1(20KB) LOS objects, 35% free, 29MB/45MB, paused 921us total 60.567ms
08-06 14:09:26.007 20441 20453 I art     : Starting a blocking GC Explicit
08-06 14:09:26.065 20441 20453 I art     : Explicit concurrent mark sweep GC freed 20(704B) AllocSpace objects, 0(0B) LOS objects, 35% free, 29MB/45MB, paused 832us total 56.928ms
08-06 14:09:26.091 20441 20453 I art     : Starting a blocking GC Explicit
08-06 14:09:26.158 20441 20453 I art     : Explicit concurrent mark sweep GC freed 3(96B) AllocSpace objects, 0(0B) LOS objects, 35% free, 29MB/45MB, paused 967us total 65.746ms
08-06 14:09:26.191 20441 20453 I art     : Starting a blocking GC Explicit
08-06 14:09:26.252 20441 20453 I art     : Explicit concurrent mark sweep GC freed 3(96B) AllocSpace objects, 0(0B) LOS objects, 35% free, 29MB/45MB, paused 771us total 60.808ms
08-06 14:09:26.277 20441 20453 I art     : Starting a blocking GC Explicit
08-06 14:09:26.340 20441 20453 I art     : Explicit concurrent mark sweep GC freed 3(96B) AllocSpace objects, 0(0B) LOS objects, 35% free, 29MB/45MB, paused 805us total 62.038ms
08-06 14:09:26.751 20441 20453 I art     : Starting a blocking GC Explicit
08-06 14:09:26.822 20441 20453 I art     : Explicit concurrent mark sweep GC freed 1357(82KB) AllocSpace objects, 1(20KB) LOS objects, 35% free, 29MB/45MB, paused 792us total 70.326ms
08-06 14:09:26.847 20441 20453 I art     : Starting a blocking GC Explicit
08-06 14:09:26.914 20441 20453 I art     : Explicit concurrent mark sweep GC freed 20(704B) AllocSpace objects, 0(0B) LOS objects, 35% free, 29MB/45MB, paused 701us total 66.104ms
08-06 14:09:26.938 20441 20453 I art     : Starting a blocking GC Explicit
08-06 14:09:27.004 20441 20453 I art     : Explicit concurrent mark sweep GC freed 3(96B) AllocSpace objects, 0(0B) LOS objects, 35% free, 29MB/45MB, paused 998us total 65.767ms
08-06 14:09:27.029 20441 20453 I art     : Starting a blocking GC Explicit
08-06 14:09:27.065 23088 23088 D AndroidRuntime: >>>>>> START com.android.internal.os.RuntimeInit uid 2000 <<<<<<
08-06 14:09:27.071 23088 23088 D AndroidRuntime: CheckJNI is OFF
08-06 14:09:27.090 20441 20453 I art     : Explicit concurrent mark sweep GC freed 3(96B) AllocSpace objects, 0(0B) LOS objects, 35% free, 29MB/45MB, paused 1.686ms total 59.861ms
08-06 14:09:27.119 20441 20453 I art     : Starting a blocking GC Explicit
08-06 14:09:27.133 23088 23088 D ICU     : No timezone override file found: /data/misc/zoneinfo/current/icu/icu_tzdata.dat
08-06 14:09:27.176 20441 20453 I art     : Explicit concurrent mark sweep GC freed 3(96B) AllocSpace objects, 0(0B) LOS objects, 35% free, 29MB/45MB, paused 857us total 57.390ms
08-06 14:09:27.178 23088 23088 I Radio-JNI: register_android_hardware_Radio DONE
08-06 14:09:27.216 23088 23088 D AndroidRuntime: Calling main entry com.android.commands.input.Input
08-06 14:09:27.217 23088 23088 I Input   : injectKeyEvent: KeyEvent { action=ACTION_DOWN, keyCode=KEYCODE_BACK, scanCode=0, metaState=0, flags=0x0, repeatCount=0, eventTime=886183630, downTime=886183630, deviceId=-1, source=0x101 }
08-06 14:09:27.223 23088 23088 I Input   : injectKeyEvent: KeyEvent { action=ACTION_UP, keyCode=KEYCODE_BACK, scanCode=0, metaState=0, flags=0x0, repeatCount=0, eventTime=886183630, downTime=886183630, deviceId=-1, source=0x101 }
08-06 14:09:27.230 23088 23088 D AndroidRuntime: Shutting down VM
08-06 14:09:27.326 13866 13866 I GoogleInputMethodServic: GoogleInputMethodService.onFinishInput():3138 
08-06 14:09:27.327 13866 13866 I GoogleInputMethodServic: GoogleInputMethodService.onStartInput():1808 
08-06 14:09:27.567 20441 20753 I art     : Starting a blocking GC Explicit
08-06 14:09:27.630 20441 20753 I art     : Explicit concurrent mark sweep GC freed 1623(91KB) AllocSpace objects, 1(20KB) LOS objects, 35% free, 29MB/45MB, paused 657us total 62.301ms
08-06 14:09:27.658 20441 20753 I art     : Starting a blocking GC Explicit
08-06 14:09:27.707   380   380 W SurfaceFlinger: couldn't log to binary event log: overflow.
08-06 14:09:27.723 20441 20753 I art     : Explicit concurrent mark sweep GC freed 76(2752B) AllocSpace objects, 0(0B) LOS objects, 35% free, 29MB/45MB, paused 1.064ms total 63.568ms
08-06 14:09:27.750 20441 20753 I art     : Starting a blocking GC Explicit
08-06 14:09:27.750   918  3263 D ConnectivityService: releasing NetworkRequest NetworkRequest [ id=4033, legacyType=-1, [ Capabilities: INTERNET&NOT_RESTRICTED&TRUSTED] ]
08-06 14:09:27.817 20441 20753 I art     : Explicit concurrent mark sweep GC freed 820(38KB) AllocSpace objects, 0(0B) LOS objects, 35% free, 29MB/45MB, paused 953us total 66.038ms
08-06 14:09:27.844 20441 20753 I art     : Starting a blocking GC Explicit
08-06 14:09:27.915 20441 20753 I art     : Explicit concurrent mark sweep GC freed 156(7KB) AllocSpace objects, 0(0B) LOS objects, 35% free, 29MB/45MB, paused 733us total 71.262ms
08-06 14:09:27.945 20441 20753 I art     : Starting a blocking GC Explicit
08-06 14:09:27.997 20441 20753 I art     : Explicit concurrent mark sweep GC freed 1952(116KB) AllocSpace objects, 1(28KB) LOS objects, 35% free, 29MB/45MB, paused 722us total 51.237ms
08-06 14:09:27.997 20441 20451 I art     : WaitForGcToComplete blocked for 49.831ms for cause HeapTrim
08-06 14:09:28.377 20441 20453 I art     : Starting a blocking GC Explicit
08-06 14:09:28.451 20441 20453 I art     : Explicit concurrent mark sweep GC freed 1357(82KB) AllocSpace objects, 1(20KB) LOS objects, 35% free, 29MB/45MB, paused 1.223ms total 73.181ms
08-06 14:09:28.477 20441 20453 I art     : Starting a blocking GC Explicit
08-06 14:09:28.533 20441 20453 I art     : Explicit concurrent mark sweep GC freed 20(704B) AllocSpace objects, 0(0B) LOS objects, 35% free, 29MB/45MB, paused 779us total 55.186ms
08-06 14:09:28.557 20441 20453 I art     : Starting a blocking GC Explicit
08-06 14:09:28.612 20441 20453 I art     : Explicit concurrent mark sweep GC freed 3(96B) AllocSpace objects, 0(0B) LOS objects, 35% free, 29MB/45MB, paused 661us total 54.519ms
08-06 14:09:28.637 20441 20453 I art     : Starting a blocking GC Explicit
08-06 14:09:28.697 20441 20453 I art     : Explicit concurrent mark sweep GC freed 3(96B) AllocSpace objects, 0(0B) LOS objects, 35% free, 29MB/45MB, paused 812us total 60.120ms
08-06 14:09:28.723 20441 20453 I art     : Starting a blocking GC Explicit
08-06 14:09:28.779 20441 20453 I art     : Explicit concurrent mark sweep GC freed 3(96B) AllocSpace objects, 0(0B) LOS objects, 35% free, 29MB/45MB, paused 863us total 56.203ms
08-06 14:09:29.161 20441 22114 I art     : Starting a blocking GC Explicit
08-06 14:09:29.180 23133 23133 D AndroidRuntime: >>>>>> START com.android.internal.os.RuntimeInit uid 2000 <<<<<<
08-06 14:09:29.186 23133 23133 D AndroidRuntime: CheckJNI is OFF
08-06 14:09:29.220 20441 22114 I art     : Explicit concurrent mark sweep GC freed 1358(82KB) AllocSpace objects, 1(20KB) LOS objects, 35% free, 29MB/45MB, paused 929us total 58.899ms
08-06 14:09:29.241 23133 23133 D ICU     : No timezone override file found: /data/misc/zoneinfo/current/icu/icu_tzdata.dat
08-06 14:09:29.245 20441 22114 I art     : Starting a blocking GC Explicit
08-06 14:09:29.289 23133 23133 I Radio-JNI: register_android_hardware_Radio DONE
08-06 14:09:29.303 20441 22114 I art     : Explicit concurrent mark sweep GC freed 20(704B) AllocSpace objects, 0(0B) LOS objects, 35% free, 29MB/45MB, paused 780us total 56.751ms
08-06 14:09:29.320 23133 23133 D AndroidRuntime: Calling main entry com.android.commands.input.Input
08-06 14:09:29.322 23133 23133 I Input   : injectKeyEvent: KeyEvent { action=ACTION_DOWN, keyCode=KEYCODE_BACK, scanCode=0, metaState=0, flags=0x0, repeatCount=0, eventTime=886185735, downTime=886185735, deviceId=-1, source=0x101 }
08-06 14:09:29.327 20441 22114 I art     : Starting a blocking GC Explicit
08-06 14:09:29.337 23133 23133 I Input   : injectKeyEvent: KeyEvent { action=ACTION_UP, keyCode=KEYCODE_BACK, scanCode=0, metaState=0, flags=0x0, repeatCount=0, eventTime=886185735, downTime=886185735, deviceId=-1, source=0x101 }
08-06 14:09:29.352 23133 23133 D AndroidRuntime: Shutting down VM
08-06 14:09:29.389 20441 22114 I art     : Explicit concurrent mark sweep GC freed 105(3KB) AllocSpace objects, 0(0B) LOS objects, 35% free, 29MB/45MB, paused 958us total 61.445ms
08-06 14:09:29.404 13866 13866 I GoogleInputMethodServic: GoogleInputMethodService.onFinishInput():3138 
08-06 14:09:29.405 13866 13866 I GoogleInputMethodServic: GoogleInputMethodService.onStartInput():1808 
08-06 14:09:29.416 20441 22114 I art     : Starting a blocking GC Explicit
08-06 14:09:29.472 20441 22114 I art     : Explicit concurrent mark sweep GC freed 63(2304B) AllocSpace objects, 0(0B) LOS objects, 35% free, 29MB/45MB, paused 769us total 54.945ms
08-06 14:09:29.493 20441 22114 I art     : Starting a blocking GC Explicit
08-06 14:09:29.554 20441 22114 I art     : Explicit concurrent mark sweep GC freed 24(816B) AllocSpace objects, 0(0B) LOS objects, 35% free, 29MB/45MB, paused 694us total 60.707ms
08-06 14:09:29.900 20441 22114 I art     : Starting a blocking GC Explicit
08-06 14:09:29.976 20441 22114 I art     : Explicit concurrent mark sweep GC freed 1423(85KB) AllocSpace objects, 1(20KB) LOS objects, 35% free, 29MB/45MB, paused 1.171ms total 74.615ms
08-06 14:09:30.002 20441 22114 I art     : Starting a blocking GC Explicit
08-06 14:09:30.062 20441 22114 I art     : Explicit concurrent mark sweep GC freed 150(7KB) AllocSpace objects, 0(0B) LOS objects, 35% free, 29MB/45MB, paused 750us total 59.510ms
08-06 14:09:30.089 20441 22114 I art     : Starting a blocking GC Explicit
08-06 14:09:30.149 20441 22114 I art     : Explicit concurrent mark sweep GC freed 3(96B) AllocSpace objects, 0(0B) LOS objects, 35% free, 29MB/45MB, paused 802us total 59.986ms
08-06 14:09:30.175 20441 22114 I art     : Starting a blocking GC Explicit
08-06 14:09:30.241 20441 22114 I art     : Explicit concurrent mark sweep GC freed 3(96B) AllocSpace objects, 0(0B) LOS objects, 35% free, 29MB/45MB, paused 999us total 65.427ms
08-06 14:09:30.271 20441 22114 I art     : Starting a blocking GC Explicit
08-06 14:09:30.339 20441 22114 I art     : Explicit concurrent mark sweep GC freed 3(96B) AllocSpace objects, 0(0B) LOS objects, 35% free, 29MB/45MB, paused 1.143ms total 67.396ms
08-06 14:09:30.669 14376 14379 E QC-QMI  : qmi_client [14376] 61f: failed to locate client data
08-06 14:09:30.671 14376 14376 I Atfwd_Daemon: Stop the daemon....
08-06 14:09:30.672   519   519 E QC-QMI  : qmuxd: RX on fd=18 returned error=0 errno[2:No such file or directory]
08-06 14:09:30.672   519   519 E QC-QMI  : QMUX qmux_client_id=61f not found in qmux client list, unable to remove
08-06 14:09:30.749 23180 23180 W ATFWD-daemon: type=1400 audit(0.0:740214): avc: denied { read write } for name="diag" dev="tmpfs" ino=1296 scontext=u:r:atfwd:s0 tcontext=u:object_r:diag_device:s0 tclass=chr_file permissive=0
08-06 14:09:30.761 23180 23180 I libmdmdetect: ESOC framework not supported
08-06 14:09:30.761 23180 23180 I libmdmdetect: Found internal modem: modem
08-06 14:09:30.762 23180 23180 E Diag_Lib:  Diag_LSM_Init: Failed to open handle to diag driver, error = 13
08-06 14:09:30.780 23180 23180 I Atfwd_Daemon: result : 255 	 ,Init step :0 	 ,qmiErrorCode: 0
08-06 14:09:30.780 23180 23180 I Atfwd_Daemon: result : 0 	 ,Init step :1 	 ,qmiErrorCode: 0
08-06 14:09:30.781 23180 23180 I ServiceManager: Waiting for service AtCmdFwd...
08-06 14:09:30.786 20441 20677 I art     : Starting a blocking GC Explicit
08-06 14:09:30.853 20441 20677 I art     : Explicit concurrent mark sweep GC freed 1358(82KB) AllocSpace objects, 1(20KB) LOS objects, 35% free, 29MB/45MB, paused 869us total 67.140ms
08-06 14:09:30.878 20441 20677 I art     : Starting a blocking GC Explicit
08-06 14:09:30.937 20441 20677 I art     : Explicit concurrent mark sweep GC freed 20(704B) AllocSpace objects, 0(0B) LOS objects, 35% free, 29MB/45MB, paused 846us total 58.536ms
08-06 14:09:30.962 20441 20677 I art     : Starting a blocking GC Explicit
08-06 14:09:31.021 20441 20677 I art     : Explicit concurrent mark sweep GC freed 3(96B) AllocSpace objects, 0(0B) LOS objects, 35% free, 29MB/45MB, paused 846us total 58.501ms
08-06 14:09:31.045 20441 20677 I art     : Starting a blocking GC Explicit
08-06 14:09:31.101 20441 20677 I art     : Explicit concurrent mark sweep GC freed 3(96B) AllocSpace objects, 0(0B) LOS objects, 35% free, 29MB/45MB, paused 852us total 55.637ms
08-06 14:09:31.127 20441 20677 I art     : Starting a blocking GC Explicit
08-06 14:09:31.184 20441 20677 I art     : Explicit concurrent mark sweep GC freed 3(96B) AllocSpace objects, 0(0B) LOS objects, 35% free, 29MB/45MB, paused 727us total 57.284ms
08-06 14:09:31.397 23176 23176 D AndroidRuntime: >>>>>> START com.android.internal.os.RuntimeInit uid 2000 <<<<<<
08-06 14:09:31.403 23176 23176 D AndroidRuntime: CheckJNI is OFF
08-06 14:09:31.457 23176 23176 D ICU     : No timezone override file found: /data/misc/zoneinfo/current/icu/icu_tzdata.dat
08-06 14:09:31.502 23176 23176 I Radio-JNI: register_android_hardware_Radio DONE
08-06 14:09:31.535 23176 23176 D AndroidRuntime: Calling main entry com.android.commands.input.Input
08-06 14:09:31.537 23176 23176 I Input   : injectMotionEvent: MotionEvent { action=ACTION_DOWN, actionButton=0, id[0]=0, x[0]=600.0, y[0]=1733.0, toolType[0]=TOOL_TYPE_UNKNOWN, buttonState=0, metaState=0, flags=0x0, edgeFlags=0x0, pointerCount=1, historySize=0, eventTime=886187950, downTime=886187950, deviceId=0, source=0x1002 }
08-06 14:09:31.542 20441 20452 I art     : Starting a blocking GC Explicit
08-06 14:09:31.543 23176 23176 I Input   : injectMotionEvent: MotionEvent { action=ACTION_UP, actionButton=0, id[0]=0, x[0]=600.0, y[0]=1733.0, toolType[0]=TOOL_TYPE_UNKNOWN, buttonState=0, metaState=0, flags=0x0, edgeFlags=0x0, pointerCount=1, historySize=0, eventTime=886187950, downTime=886187950, deviceId=0, source=0x1002 }
08-06 14:09:31.546 23176 23176 D AndroidRuntime: Shutting down VM
08-06 14:09:31.562   512  2967 D audio_hw_primary: out_set_parameters: enter: usecase(1: low-latency-playback) kvpairs: routing=2
08-06 14:09:31.563   918  3359 I ActivityManager: START u0 {dat=https://oauth.reddit.com/... cmp=baseline.org.quantumbadger.redreader/.activities.PostListingActivity} from uid 10705 on display 0
08-06 14:09:31.578   512  2967 D audio_hw_primary: select_devices: out_snd_device(2: speaker) in_snd_device(0: none)
08-06 14:09:31.578   512  2967 D msm8974_platform: platform_send_audio_calibration: sending audio calibration for snd_device(2) acdb_id(15)
08-06 14:09:31.579   512  2967 I soundtrigger: audio_extn_sound_trigger_update_device_status: device 0x2 of type 0 for Event 1
08-06 14:09:31.594   512  2967 D audio_hw_primary: enable_snd_device: snd_device(2: speaker)
08-06 14:09:31.597   512  2967 D audio_hw_primary: enable_audio_route: apply and update mixer path: low-latency-playback speaker
08-06 14:09:31.602 20441 20441 I AppCompatViewInflater: app:theme is now deprecated. Please move to using android:theme instead.
08-06 14:09:31.615 20441 20452 I art     : Explicit concurrent mark sweep GC freed 1710(104KB) AllocSpace objects, 1(20KB) LOS objects, 35% free, 29MB/45MB, paused 1.324ms total 72.571ms
08-06 14:09:31.638 20441 20452 I art     : Starting a blocking GC Explicit
08-06 14:09:31.647 20441 23206 D OK      : calling: https://oauth.reddit.com/r/aww/about.json
08-06 14:09:31.700 20441 20452 I art     : Explicit concurrent mark sweep GC freed 1319(85KB) AllocSpace objects, 0(0B) LOS objects, 35% free, 29MB/45MB, paused 1.330ms total 61.851ms
08-06 14:09:31.718   918   936 I ActivityManager: Displayed baseline.org.quantumbadger.redreader/.activities.PostListingActivity: +137ms
08-06 14:09:31.718 13866 13866 I GoogleInputMethodServic: GoogleInputMethodService.onFinishInput():3138 
08-06 14:09:31.724 13866 13866 I GoogleInputMethodServic: GoogleInputMethodService.onStartInput():1808 
08-06 14:09:31.731 20441 20452 I art     : Starting a blocking GC Explicit
08-06 14:09:31.781 23180 23180 I ServiceManager: Waiting for service AtCmdFwd...
08-06 14:09:31.794 20441 20452 I art     : Explicit concurrent mark sweep GC freed 2300(95KB) AllocSpace objects, 0(0B) LOS objects, 35% free, 29MB/45MB, paused 1.359ms total 63.234ms
08-06 14:09:31.820 20441 20452 I art     : Starting a blocking GC Explicit
08-06 14:09:31.885 20441 20452 I art     : Explicit concurrent mark sweep GC freed 197(9KB) AllocSpace objects, 0(0B) LOS objects, 35% free, 29MB/45MB, paused 950us total 65.063ms
08-06 14:09:31.917 20441 20452 I art     : Starting a blocking GC Explicit
08-06 14:09:31.935 20441 23206 I NAPPA_EXPERIMENTATION: MetricNetworkRequestExecutionTime: REQUEST_DURATION_SYSTEM='287',REQUEST_DURATION_OKHTTP='148',REQUEST_SYNCHRONOUS='TRUE',RESPONSE_CODE='200',RESPONSE_METHOD='GET',RESPONSE_LENGTH_OKHTTP='-1',RESPONSE_LENGTH_HEADER='3478',REQUEST_PROTOCOL='h2',REQUEST_URL='https://oauth.reddit.com/r/aww/about.json',
08-06 14:09:31.935 20441 23206 D OK      : request got status: 200
08-06 14:09:31.977   380   380 W SurfaceFlinger: couldn't log to binary event log: overflow.
08-06 14:09:31.998 20441 20452 I art     : Explicit concurrent mark sweep GC freed 827(152KB) AllocSpace objects, 1(68KB) LOS objects, 35% free, 29MB/45MB, paused 1.300ms total 80.758ms
08-06 14:09:32.140   512  2967 D audio_hw_primary: disable_audio_route: reset and update mixer path: low-latency-playback speaker
08-06 14:09:32.142   512  2967 D audio_hw_primary: disable_snd_device: snd_device(2: speaker)
08-06 14:09:32.152   512  2967 I soundtrigger: audio_extn_sound_trigger_update_device_status: device 0x2 of type 0 for Event 0
08-06 14:09:32.368 20441 20452 I art     : Starting a blocking GC Explicit
08-06 14:09:32.435 20441 20452 I art     : Explicit concurrent mark sweep GC freed 2096(129KB) AllocSpace objects, 2(88KB) LOS objects, 35% free, 29MB/45MB, paused 1.168ms total 65.805ms
08-06 14:09:32.461 20441 20452 I art     : Starting a blocking GC Explicit
08-06 14:09:32.523 20441 20452 I art     : Explicit concurrent mark sweep GC freed 142(8KB) AllocSpace objects, 0(0B) LOS objects, 35% free, 29MB/45MB, paused 779us total 61.099ms
08-06 14:09:32.549 20441 20452 I art     : Starting a blocking GC Explicit
08-06 14:09:32.610 20441 20452 I art     : Explicit concurrent mark sweep GC freed 3(96B) AllocSpace objects, 0(0B) LOS objects, 35% free, 29MB/45MB, paused 872us total 60.493ms
08-06 14:09:32.635 20441 20452 I art     : Starting a blocking GC Explicit
08-06 14:09:32.697 20441 20452 I art     : Explicit concurrent mark sweep GC freed 3(96B) AllocSpace objects, 0(0B) LOS objects, 35% free, 29MB/45MB, paused 1.162ms total 61.557ms
08-06 14:09:32.723 20441 20452 I art     : Starting a blocking GC Explicit
08-06 14:09:32.782 23180 23180 I ServiceManager: Waiting for service AtCmdFwd...
08-06 14:09:32.784 20441 20452 I art     : Explicit concurrent mark sweep GC freed 8(224B) AllocSpace objects, 0(0B) LOS objects, 35% free, 29MB/45MB, paused 905us total 60.778ms
08-06 14:09:32.847 20441 23220 D OK      : calling: https://oauth.reddit.com/r/aww/hot/.json
08-06 14:09:33.038 20441 23220 I NAPPA_EXPERIMENTATION: MetricNetworkRequestExecutionTime: REQUEST_DURATION_SYSTEM='190',REQUEST_DURATION_OKHTTP='187',REQUEST_SYNCHRONOUS='TRUE',RESPONSE_CODE='200',RESPONSE_METHOD='GET',RESPONSE_LENGTH_OKHTTP='-1',RESPONSE_LENGTH_HEADER='33430',REQUEST_PROTOCOL='h2',REQUEST_URL='https://oauth.reddit.com/r/aww/hot/.json',
08-06 14:09:33.038 20441 23220 D OK      : request got status: 200
08-06 14:09:33.050 20441 21030 I PostListingFragment: Precaching images: OFF
08-06 14:09:33.050 20441 21030 I PostListingFragment: Precaching comments: OFF
08-06 14:09:33.059 20441 23231 D OK      : calling: https://b.thumbs.redditmedia.com/CKInrczASoQbNvSBStGz11Tok0uCyQoxmZ02sOE37sQ.jpg
08-06 14:09:33.075 20441 21030 I getImgurImageInfo: Image NSO7Npm: trying API v3 with auth
08-06 14:09:33.081 20441 23232 D OK      : calling: https://a.thumbs.redditmedia.com/sKVnLbatvJCZOE2ooe6CgiEftOB3ukgPMdcydbk9CZ4.jpg
08-06 14:09:33.088 20441 23233 D OK      : calling: https://a.thumbs.redditmedia.com/dFt2-stQJkfZ8O7r7ywG9GQsF08fZXxEJfQtAmiJ-F8.jpg
08-06 14:09:33.090 20441 23234 D OK      : calling: https://api.gfycat.com/v1/gfycats/deadlygravecavy
08-06 14:09:33.102 20441 23235 D OK      : calling: https://b.thumbs.redditmedia.com/1cAaKl6LkrikiRbLsBzzOvufKqRKuPi3wgjUkX8axkI.jpg
08-06 14:09:33.107 20441 23236 D OK      : calling: https://api.imgur.com/3/image/NSO7Npm
08-06 14:09:33.119 20441 23237 D OK      : calling: https://b.thumbs.redditmedia.com/NUqJWcobH7ToYhCM0w6nnAFZ46ymm9vPD25BC3s7Wco.jpg
08-06 14:09:33.128 20441 23238 D OK      : calling: https://b.thumbs.redditmedia.com/bUY4al781EZ3q7hUlnLebemHCXE3e63_SSxl2uo4Q4A.jpg
08-06 14:09:33.156 20441 23239 D OK      : calling: https://b.thumbs.redditmedia.com/tTmEfIrujbsvZXbhNSQS6Pc7o7ShCaGqZHbYf7nWdfg.jpg
08-06 14:09:33.178 20441 23240 D OK      : calling: https://b.thumbs.redditmedia.com/_H8tFMmL5-3GrxYkCtMSHiyNfjbX8pxctOw_vrzyw7o.jpg
08-06 14:09:33.184 20441 23241 D OK      : calling: https://b.thumbs.redditmedia.com/JTSWFy2_tijPk6cA5noKDydEAMkMJcDmKQTSX178zwc.jpg
08-06 14:09:33.184 20441 23242 D OK      : calling: https://b.thumbs.redditmedia.com/N6fiqTp8nJD2l7sUz4nij7j1yHYMTKaflUIrn8E2bAU.jpg
08-06 14:09:33.197 20441 20677 I art     : Starting a blocking GC Explicit
08-06 14:09:33.203 20441 23244 D OK      : calling: https://b.thumbs.redditmedia.com/HkEQtny0bE4H3dMCd_woPsLAXBoPwp_DZ4ioFNIQLKk.jpg
08-06 14:09:33.219 20441 23248 D OK      : calling: https://b.thumbs.redditmedia.com/X3yyAViE0gxiHR-kf9Z5xmLa8dKsm8iWJyKdWNVtOhU.jpg
08-06 14:09:33.221 20441 23249 D OK      : calling: https://b.thumbs.redditmedia.com/Bx9FZp8_w10DfFUf_mqVPMfu4Y0h2lo41Dh4tl2eNeQ.jpg
08-06 14:09:33.223 20441 23251 D OK      : calling: https://v.redd.it/fkewv2f65kd51/DASHPlaylist.mpd
08-06 14:09:33.225 20441 23250 D OK      : calling: https://a.thumbs.redditmedia.com/KpcC72KH04Be3BqxmFbv_Gz7LCy-24GU-70or3KCdJ4.jpg
08-06 14:09:33.273 20441 23252 D OK      : calling: https://api.gfycat.com/v1/gfycats/altruisticthankfulankolewatusi
08-06 14:09:33.290 20441 23253 D OK      : calling: https://a.thumbs.redditmedia.com/cEOtajy3CAQrjwSA3hhSqnPx8bfkRzglo7Lz1SBTmE0.jpg
08-06 14:09:33.293 20441 20677 I art     : Explicit concurrent mark sweep GC freed 30766(1364KB) AllocSpace objects, 1(20KB) LOS objects, 33% free, 31MB/47MB, paused 4.215ms total 95ms
08-06 14:09:33.297 20441 23254 D OK      : calling: https://b.thumbs.redditmedia.com/RrJbRRjFZWmckrONtkPTloJh52FfqD_XkLMuYuuQvAg.jpg
08-06 14:09:33.298 20441 23247 D OK      : calling: https://b.thumbs.redditmedia.com/lQKqDneXS8E7ZBD9cUQy4OqOt8PuTneSvVFtnU0pwCE.jpg
08-06 14:09:33.302 20441 23246 D OK      : calling: https://b.thumbs.redditmedia.com/lVNra-iScxkYcYtSstJ-7J7pRAUDRXIwwJhsen1ZK9g.jpg
08-06 14:09:33.335 20441 20677 I art     : Starting a blocking GC Explicit
08-06 14:09:33.339 20441 23259 D OK      : calling: https://b.thumbs.redditmedia.com/chqK3f9u3D7UmfrGP85f4sOQFihMk6q7fFSeMyWs_7E.jpg
08-06 14:09:33.349 20441 23260 D OK      : calling: https://b.thumbs.redditmedia.com/B18Vu5Jw71XCkFOFHimnUC42ya8apHsmcCW-HFmtb6w.jpg
08-06 14:09:33.355 20441 23263 D OK      : calling: https://b.thumbs.redditmedia.com/iZuzjufMpYUYtQRLjRwce4RDb6JYsId95_iezR2Uc0w.jpg
08-06 14:09:33.358 20441 23264 D OK      : calling: https://b.thumbs.redditmedia.com/XNb1kfskabGDLMqv661Q22hBtCb8w5oyePDcFaZi9aY.jpg
08-06 14:09:33.361 20441 23265 D OK      : calling: https://b.thumbs.redditmedia.com/lMqJbh1Z40ffemA0TnSfVnovznn4hvJNue60AsJ-ETs.jpg
08-06 14:09:33.364 20441 23266 D OK      : calling: https://b.thumbs.redditmedia.com/x5l4cICw0WNNvslt5FqVjwj89XrGjrXnNbaSyQRAyCo.jpg
08-06 14:09:33.367 20441 23267 D OK      : calling: https://b.thumbs.redditmedia.com/189nmwjW7eGWBD0J-cxzsUac1V1ZWGzMFC66inY4u4Y.jpg
08-06 14:09:33.370 20441 23268 D OK      : calling: https://b.thumbs.redditmedia.com/d_-UsfmKASoIHi4vZyyjvvwFtm1S7-DEi9AQPOnGIgY.jpg
08-06 14:09:33.374 20441 23270 D OK      : calling: https://api.gfycat.com/v1/gfycats/foolhardysparklinglarva
08-06 14:09:33.389 20441 23269 D OK      : calling: https://v.redd.it/ak6rer1hskd51/DASHPlaylist.mpd
08-06 14:09:33.391 20441 23272 D OK      : calling: https://v.redd.it/1ewzkieg0jd51/DASHPlaylist.mpd
08-06 14:09:33.397 20441 23271 D OK      : calling: https://v.redd.it/h49fg58ygjd51/DASHPlaylist.mpd
08-06 14:09:33.400 20441 23231 I NAPPA_EXPERIMENTATION: MetricNetworkRequestExecutionTime: REQUEST_DURATION_SYSTEM='341',REQUEST_DURATION_OKHTTP='215',REQUEST_SYNCHRONOUS='TRUE',RESPONSE_CODE='200',RESPONSE_METHOD='GET',RESPONSE_LENGTH_OKHTTP='3891',RESPONSE_LENGTH_HEADER='3891',REQUEST_PROTOCOL='h2',REQUEST_URL='https://b.thumbs.redditmedia.com/CKInrczASoQbNvSBStGz11Tok0uCyQoxmZ02sOE37sQ.jpg',
08-06 14:09:33.400 20441 23231 D OK      : request got status: 200
08-06 14:09:33.409 20441 23273 D OK      : calling: https://v.redd.it/ppmhu2r9thd51/DASHPlaylist.mpd
08-06 14:09:33.411 20441 20677 I art     : Explicit concurrent mark sweep GC freed 13204(671KB) AllocSpace objects, 1(68KB) LOS objects, 33% free, 31MB/47MB, paused 4.900ms total 74.347ms
08-06 14:09:33.419 20441 23275 D OK      : calling: https://v.redd.it/s9qqadf3mid51/DASHPlaylist.mpd
08-06 14:09:33.424 20441 23278 D OK      : calling: https://v.redd.it/ty24o02m1hd51/DASHPlaylist.mpd
08-06 14:09:33.432 20441 23279 D OK      : calling: https://v.redd.it/ar5k8892pid51/DASHPlaylist.mpd
08-06 14:09:33.437 20441 23277 D OK      : calling: https://v.redd.it/b8vazlcb7ld51/DASHPlaylist.mpd
08-06 14:09:33.437 20441 20677 I art     : Starting a blocking GC Explicit
08-06 14:09:33.495 20441 20441 W RecyclerView: Cannot call this method in a scroll callback. Scroll callbacks mightbe run during a measure & layout pass where you cannot change theRecyclerView data. Any method call that might change the structureof the RecyclerView or the adapter contents should be postponed tothe next frame.
08-06 14:09:33.495 20441 20441 W RecyclerView: java.lang.IllegalStateException:  androidx.recyclerview.widget.RecyclerView{e6fa396 VFED..... .F....ID 0,0-1440,2140 #7f0900ef app:id/scrollbar_recyclerview_recyclerview}, adapter:baseline.org.quantumbadger.redreader.adapters.GroupedRecyclerViewAdapter@5648b17, layout:androidx.recyclerview.widget.LinearLayoutManager@8fa6b04, context:baseline.org.quantumbadger.redreader.activities.PostListingActivity@1f9e466
08-06 14:09:33.495 20441 20441 W RecyclerView: 	at androidx.recyclerview.widget.RecyclerView.assertNotInLayoutOrScroll(RecyclerView.java:3061)
08-06 14:09:33.495 20441 20441 W RecyclerView: 	at androidx.recyclerview.widget.RecyclerView$RecyclerViewDataObserver.onItemRangeInserted(RecyclerView.java:5555)
08-06 14:09:33.495 20441 20441 W RecyclerView: 	at androidx.recyclerview.widget.RecyclerView$AdapterDataObservable.notifyItemRangeInserted(RecyclerView.java:12278)
08-06 14:09:33.495 20441 20441 W RecyclerView: 	at androidx.recyclerview.widget.RecyclerView$Adapter.notifyItemInserted(RecyclerView.java:7464)
08-06 14:09:33.495 20441 20441 W RecyclerView: 	at baseline.org.quantumbadger.redreader.adapters.GroupedRecyclerViewAdapter.updateHiddenStatus(GroupedRecyclerViewAdapter.java:279)
08-06 14:09:33.495 20441 20441 W RecyclerView: 	at baseline.org.quantumbadger.redreader.adapters.RedditListingManager.setLoadingVisible(RedditListingManager.java:125)
08-06 14:09:33.495 20441 20441 W RecyclerView: 	at baseline.org.quantumbadger.redreader.fragments.PostListingFragment.onLoadMoreItemsCheck(PostListingFragment.java:465)
08-06 14:09:33.495 20441 20441 W RecyclerView: 	at baseline.org.quantumbadger.redreader.fragments.PostListingFragment.access$000(PostListingFragment.java:98)
08-06 14:09:33.495 20441 20441 W RecyclerView: 	at baseline.org.quantumbadger.redreader.fragments.PostListingFragment$2.onScrolled(PostListingFragment.java:215)
08-06 14:09:33.495 20441 20441 W RecyclerView: 	at androidx.recyclerview.widget.RecyclerView.dispatchOnScrolled(RecyclerView.java:5173)
08-06 14:09:33.495 20441 20441 W RecyclerView: 	at androidx.recyclerview.widget.RecyclerView.dispatchLayoutStep3(RecyclerView.java:4231)
08-06 14:09:33.495 20441 20441 W RecyclerView: 	at androidx.recyclerview.widget.RecyclerView.dispatchLayout(RecyclerView.java:3862)
08-06 14:09:33.495 20441 20441 W RecyclerView: 	at androidx.recyclerview.widget.RecyclerView.consumePendingUpdateOperations(RecyclerView.java:1897)
08-06 14:09:33.495 20441 20441 W RecyclerView: 	at androidx.recyclerview.widget.RecyclerView$1.run(RecyclerView.java:414)
08-06 14:09:33.495 20441 20441 W RecyclerView: 	at android.view.Choreographer$CallbackRecord.run(Choreographer.java:858)
08-06 14:09:33.495 20441 20441 W RecyclerView: 	at android.view.Choreographer.doCallbacks(Choreographer.java:670)
08-06 14:09:33.495 20441 20441 W RecyclerView: 	at android.view.Choreographer.doFrame(Choreographer.java:603)
08-06 14:09:33.495 20441 20441 W RecyclerView: 	at android.view.Choreographer$FrameDisplayEventReceiver.run(Choreographer.java:844)
08-06 14:09:33.495 20441 20441 W RecyclerView: 	at android.os.Handler.handleCallback(Handler.java:739)
08-06 14:09:33.495 20441 20441 W RecyclerView: 	at android.os.Handler.dispatchMessage(Handler.java:95)
08-06 14:09:33.495 20441 20441 W RecyclerView: 	at android.os.Looper.loop(Looper.java:148)
08-06 14:09:33.495 20441 20441 W RecyclerView: 	at android.app.ActivityThread.main(ActivityThread.java:5417)
08-06 14:09:33.495 20441 20441 W RecyclerView: 	at java.lang.reflect.Method.invoke(Native Method)
08-06 14:09:33.495 20441 20441 W RecyclerView: 	at com.android.internal.os.ZygoteInit$MethodAndArgsCaller.run(ZygoteInit.java:726)
08-06 14:09:33.495 20441 20441 W RecyclerView: 	at com.android.internal.os.ZygoteInit.main(ZygoteInit.java:616)
08-06 14:09:33.498 20441 23242 I NAPPA_EXPERIMENTATION: MetricNetworkRequestExecutionTime: REQUEST_DURATION_SYSTEM='314',REQUEST_DURATION_OKHTTP='305',REQUEST_SYNCHRONOUS='TRUE',RESPONSE_CODE='200',RESPONSE_METHOD='GET',RESPONSE_LENGTH_OKHTTP='7265',RESPONSE_LENGTH_HEADER='7265',REQUEST_PROTOCOL='h2',REQUEST_URL='https://b.thumbs.redditmedia.com/N6fiqTp8nJD2l7sUz4nij7j1yHYMTKaflUIrn8E2bAU.jpg',
08-06 14:09:33.498 20441 23242 D OK      : request got status: 200
08-06 14:09:33.509 20441 20677 I art     : Explicit concurrent mark sweep GC freed 24184(1300KB) AllocSpace objects, 5(256KB) LOS objects, 34% free, 30MB/46MB, paused 4.621ms total 72.279ms
08-06 14:09:33.510 20441 20451 I art     : WaitForGcToComplete blocked for 58.179ms for cause HeapTrim
08-06 14:09:33.517   918  1209 D NetworkMonitor/NetworkAgentInfo [WIFI () - 159]: Checking http://connectivitycheck.gstatic.com/generate_204 on "H369AA63323", 192.168.2.12=192.168.2.12
08-06 14:09:33.524 20441 23241 I NAPPA_EXPERIMENTATION: MetricNetworkRequestExecutionTime: REQUEST_DURATION_SYSTEM='340',REQUEST_DURATION_OKHTTP='339',REQUEST_SYNCHRONOUS='TRUE',RESPONSE_CODE='200',RESPONSE_METHOD='GET',RESPONSE_LENGTH_OKHTTP='6634',RESPONSE_LENGTH_HEADER='6634',REQUEST_PROTOCOL='h2',REQUEST_URL='https://b.thumbs.redditmedia.com/JTSWFy2_tijPk6cA5noKDydEAMkMJcDmKQTSX178zwc.jpg',
08-06 14:09:33.525 20441 23241 D OK      : request got status: 200
08-06 14:09:33.534 20441 20677 I art     : Starting a blocking GC Explicit
08-06 14:09:33.540 20441 23249 I NAPPA_EXPERIMENTATION: MetricNetworkRequestExecutionTime: REQUEST_DURATION_SYSTEM='319',REQUEST_DURATION_OKHTTP='318',REQUEST_SYNCHRONOUS='TRUE',RESPONSE_CODE='200',RESPONSE_METHOD='GET',RESPONSE_LENGTH_OKHTTP='5207',RESPONSE_LENGTH_HEADER='5207',REQUEST_PROTOCOL='h2',REQUEST_URL='https://b.thumbs.redditmedia.com/Bx9FZp8_w10DfFUf_mqVPMfu4Y0h2lo41Dh4tl2eNeQ.jpg',
08-06 14:09:33.540 20441 23249 D OK      : request got status: 200
08-06 14:09:33.604 20441 23244 I NAPPA_EXPERIMENTATION: MetricNetworkRequestExecutionTime: REQUEST_DURATION_SYSTEM='401',REQUEST_DURATION_OKHTTP='400',REQUEST_SYNCHRONOUS='TRUE',RESPONSE_CODE='200',RESPONSE_METHOD='GET',RESPONSE_LENGTH_OKHTTP='8699',RESPONSE_LENGTH_HEADER='8699',REQUEST_PROTOCOL='h2',REQUEST_URL='https://b.thumbs.redditmedia.com/HkEQtny0bE4H3dMCd_woPsLAXBoPwp_DZ4ioFNIQLKk.jpg',
08-06 14:09:33.604 20441 23244 D OK      : request got status: 200
08-06 14:09:33.605 20441 20677 I art     : Explicit concurrent mark sweep GC freed 1440(132KB) AllocSpace objects, 9(564KB) LOS objects, 34% free, 31MB/47MB, paused 3.806ms total 70.575ms
08-06 14:09:33.617 20441 23248 I NAPPA_EXPERIMENTATION: MetricNetworkRequestExecutionTime: REQUEST_DURATION_SYSTEM='397',REQUEST_DURATION_OKHTTP='396',REQUEST_SYNCHRONOUS='TRUE',RESPONSE_CODE='200',RESPONSE_METHOD='GET',RESPONSE_LENGTH_OKHTTP='7078',RESPONSE_LENGTH_HEADER='7078',REQUEST_PROTOCOL='h2',REQUEST_URL='https://b.thumbs.redditmedia.com/X3yyAViE0gxiHR-kf9Z5xmLa8dKsm8iWJyKdWNVtOhU.jpg',
08-06 14:09:33.617 20441 23248 D OK      : request got status: 200
08-06 14:09:33.629 20441 20677 I art     : Starting a blocking GC Explicit
08-06 14:09:33.690 20441 23237 I NAPPA_EXPERIMENTATION: MetricNetworkRequestExecutionTime: REQUEST_DURATION_SYSTEM='571',REQUEST_DURATION_OKHTTP='404',REQUEST_SYNCHRONOUS='TRUE',RESPONSE_CODE='200',RESPONSE_METHOD='GET',RESPONSE_LENGTH_OKHTTP='6242',RESPONSE_LENGTH_HEADER='6242',REQUEST_PROTOCOL='h2',REQUEST_URL='https://b.thumbs.redditmedia.com/NUqJWcobH7ToYhCM0w6nnAFZ46ymm9vPD25BC3s7Wco.jpg',
08-06 14:09:33.691 20441 23237 D OK      : request got status: 200
08-06 14:09:33.698 20441 20677 I art     : Explicit concurrent mark sweep GC freed 2859(168KB) AllocSpace objects, 8(472KB) LOS objects, 33% free, 31MB/47MB, paused 3.981ms total 68.929ms
08-06 14:09:33.720 20441 23254 I NAPPA_EXPERIMENTATION: MetricNetworkRequestExecutionTime: REQUEST_DURATION_SYSTEM='423',REQUEST_DURATION_OKHTTP='422',REQUEST_SYNCHRONOUS='TRUE',RESPONSE_CODE='200',RESPONSE_METHOD='GET',RESPONSE_LENGTH_OKHTTP='5229',RESPONSE_LENGTH_HEADER='5229',REQUEST_PROTOCOL='h2',REQUEST_URL='https://b.thumbs.redditmedia.com/RrJbRRjFZWmckrONtkPTloJh52FfqD_XkLMuYuuQvAg.jpg',
08-06 14:09:33.720 20441 23254 D OK      : request got status: 200
08-06 14:09:33.724 20441 23247 I NAPPA_EXPERIMENTATION: MetricNetworkRequestExecutionTime: REQUEST_DURATION_SYSTEM='426',REQUEST_DURATION_OKHTTP='425',REQUEST_SYNCHRONOUS='TRUE',RESPONSE_CODE='200',RESPONSE_METHOD='GET',RESPONSE_LENGTH_OKHTTP='6093',RESPONSE_LENGTH_HEADER='6093',REQUEST_PROTOCOL='h2',REQUEST_URL='https://b.thumbs.redditmedia.com/lQKqDneXS8E7ZBD9cUQy4OqOt8PuTneSvVFtnU0pwCE.jpg',
08-06 14:09:33.724 20441 23247 D OK      : request got status: 200
08-06 14:09:33.783 23180 23180 I ServiceManager: Waiting for service AtCmdFwd...
08-06 14:09:33.804 20441 23246 I NAPPA_EXPERIMENTATION: MetricNetworkRequestExecutionTime: REQUEST_DURATION_SYSTEM='502',REQUEST_DURATION_OKHTTP='490',REQUEST_SYNCHRONOUS='TRUE',RESPONSE_CODE='200',RESPONSE_METHOD='GET',RESPONSE_LENGTH_OKHTTP='4018',RESPONSE_LENGTH_HEADER='4018',REQUEST_PROTOCOL='h2',REQUEST_URL='https://b.thumbs.redditmedia.com/lVNra-iScxkYcYtSstJ-7J7pRAUDRXIwwJhsen1ZK9g.jpg',
08-06 14:09:33.805 20441 23246 D OK      : request got status: 200
08-06 14:09:33.831 20441 23235 I NAPPA_EXPERIMENTATION: MetricNetworkRequestExecutionTime: REQUEST_DURATION_SYSTEM='728',REQUEST_DURATION_OKHTTP='522',REQUEST_SYNCHRONOUS='TRUE',RESPONSE_CODE='200',RESPONSE_METHOD='GET',RESPONSE_LENGTH_OKHTTP='5113',RESPONSE_LENGTH_HEADER='5113',REQUEST_PROTOCOL='h2',REQUEST_URL='https://b.thumbs.redditmedia.com/1cAaKl6LkrikiRbLsBzzOvufKqRKuPi3wgjUkX8axkI.jpg',
08-06 14:09:33.831 20441 23235 D OK      : request got status: 200
08-06 14:09:33.862 20441 23238 I NAPPA_EXPERIMENTATION: MetricNetworkRequestExecutionTime: REQUEST_DURATION_SYSTEM='734',REQUEST_DURATION_OKHTTP='514',REQUEST_SYNCHRONOUS='TRUE',RESPONSE_CODE='200',RESPONSE_METHOD='GET',RESPONSE_LENGTH_OKHTTP='6131',RESPONSE_LENGTH_HEADER='6131',REQUEST_PROTOCOL='h2',REQUEST_URL='https://b.thumbs.redditmedia.com/bUY4al781EZ3q7hUlnLebemHCXE3e63_SSxl2uo4Q4A.jpg',
08-06 14:09:33.862 20441 23238 D OK      : request got status: 200
08-06 14:09:33.883 20441 23259 I NAPPA_EXPERIMENTATION: MetricNetworkRequestExecutionTime: REQUEST_DURATION_SYSTEM='543',REQUEST_DURATION_OKHTTP='542',REQUEST_SYNCHRONOUS='TRUE',RESPONSE_CODE='200',RESPONSE_METHOD='GET',RESPONSE_LENGTH_OKHTTP='6163',RESPONSE_LENGTH_HEADER='6163',REQUEST_PROTOCOL='h2',REQUEST_URL='https://b.thumbs.redditmedia.com/chqK3f9u3D7UmfrGP85f4sOQFihMk6q7fFSeMyWs_7E.jpg',
08-06 14:09:33.883 20441 23259 D OK      : request got status: 200
08-06 14:09:33.893 20441 23233 I NAPPA_EXPERIMENTATION: MetricNetworkRequestExecutionTime: REQUEST_DURATION_SYSTEM='804',REQUEST_DURATION_OKHTTP='574',REQUEST_SYNCHRONOUS='TRUE',RESPONSE_CODE='200',RESPONSE_METHOD='GET',RESPONSE_LENGTH_OKHTTP='6530',RESPONSE_LENGTH_HEADER='6530',REQUEST_PROTOCOL='h2',REQUEST_URL='https://a.thumbs.redditmedia.com/dFt2-stQJkfZ8O7r7ywG9GQsF08fZXxEJfQtAmiJ-F8.jpg',
08-06 14:09:33.893 20441 23233 D OK      : request got status: 200
08-06 14:09:33.899 20441 23260 I NAPPA_EXPERIMENTATION: MetricNetworkRequestExecutionTime: REQUEST_DURATION_SYSTEM='550',REQUEST_DURATION_OKHTTP='548',REQUEST_SYNCHRONOUS='TRUE',RESPONSE_CODE='200',RESPONSE_METHOD='GET',RESPONSE_LENGTH_OKHTTP='8835',RESPONSE_LENGTH_HEADER='8835',REQUEST_PROTOCOL='h2',REQUEST_URL='https://b.thumbs.redditmedia.com/B18Vu5Jw71XCkFOFHimnUC42ya8apHsmcCW-HFmtb6w.jpg',
08-06 14:09:33.899 20441 23260 D OK      : request got status: 200
08-06 14:09:33.913 20441 23232 I NAPPA_EXPERIMENTATION: MetricNetworkRequestExecutionTime: REQUEST_DURATION_SYSTEM='832',REQUEST_DURATION_OKHTTP='596',REQUEST_SYNCHRONOUS='TRUE',RESPONSE_CODE='200',RESPONSE_METHOD='GET',RESPONSE_LENGTH_OKHTTP='4487',RESPONSE_LENGTH_HEADER='4487',REQUEST_PROTOCOL='h2',REQUEST_URL='https://a.thumbs.redditmedia.com/sKVnLbatvJCZOE2ooe6CgiEftOB3ukgPMdcydbk9CZ4.jpg',
08-06 14:09:33.913 20441 23232 D OK      : request got status: 200
08-06 14:09:33.932 20441 23236 I NAPPA_EXPERIMENTATION: MetricNetworkRequestExecutionTime: REQUEST_DURATION_SYSTEM='824',REQUEST_DURATION_OKHTTP='583',REQUEST_SYNCHRONOUS='TRUE',RESPONSE_CODE='200',RESPONSE_METHOD='GET',RESPONSE_LENGTH_OKHTTP='-1',RESPONSE_LENGTH_HEADER='379',REQUEST_PROTOCOL='h2',REQUEST_URL='https://api.imgur.com/3/image/NSO7Npm',
08-06 14:09:33.933 20441 23236 D OK      : request got status: 200
08-06 14:09:33.934 20441 23264 I NAPPA_EXPERIMENTATION: MetricNetworkRequestExecutionTime: REQUEST_DURATION_SYSTEM='576',REQUEST_DURATION_OKHTTP='575',REQUEST_SYNCHRONOUS='TRUE',RESPONSE_CODE='200',RESPONSE_METHOD='GET',RESPONSE_LENGTH_OKHTTP='4067',RESPONSE_LENGTH_HEADER='4067',REQUEST_PROTOCOL='h2',REQUEST_URL='https://b.thumbs.redditmedia.com/XNb1kfskabGDLMqv661Q22hBtCb8w5oyePDcFaZi9aY.jpg',
08-06 14:09:33.934 20441 23264 D OK      : request got status: 200
08-06 14:09:33.947 20441 23263 I NAPPA_EXPERIMENTATION: MetricNetworkRequestExecutionTime: REQUEST_DURATION_SYSTEM='592',REQUEST_DURATION_OKHTTP='591',REQUEST_SYNCHRONOUS='TRUE',RESPONSE_CODE='200',RESPONSE_METHOD='GET',RESPONSE_LENGTH_OKHTTP='2861',RESPONSE_LENGTH_HEADER='2861',REQUEST_PROTOCOL='h2',REQUEST_URL='https://b.thumbs.redditmedia.com/iZuzjufMpYUYtQRLjRwce4RDb6JYsId95_iezR2Uc0w.jpg',
08-06 14:09:33.947 20441 23263 D OK      : request got status: 200
08-06 14:09:34.032   918  1209 D NetworkMonitor/NetworkAgentInfo [WIFI () - 159]: Probably not a portal: exception java.io.IOException: unexpected end of stream on Connection{connectivitycheck.gstatic.com:80, proxy=HTTP@/192.168.2.12:8080 hostAddress=192.168.2.12 cipherSuite=none protocol=http/1.1} (recycle count=0)
08-06 14:09:34.033   918  3263 D ConnectivityService: NetworkAgentInfo [WIFI () - 159] validation failed
08-06 14:09:34.034   918  3261 E WifiConfigStore:  rewrite network history for "H369AA63323"WPA_PSK
08-06 14:09:34.037 20441 23265 I NAPPA_EXPERIMENTATION: MetricNetworkRequestExecutionTime: REQUEST_DURATION_SYSTEM='675',REQUEST_DURATION_OKHTTP='674',REQUEST_SYNCHRONOUS='TRUE',RESPONSE_CODE='200',RESPONSE_METHOD='GET',RESPONSE_LENGTH_OKHTTP='4249',RESPONSE_LENGTH_HEADER='4249',REQUEST_PROTOCOL='h2',REQUEST_URL='https://b.thumbs.redditmedia.com/lMqJbh1Z40ffemA0TnSfVnovznn4hvJNue60AsJ-ETs.jpg',
08-06 14:09:34.037 20441 23265 D OK      : request got status: 200
08-06 14:09:34.047 20441 23266 I NAPPA_EXPERIMENTATION: MetricNetworkRequestExecutionTime: REQUEST_DURATION_SYSTEM='683',REQUEST_DURATION_OKHTTP='682',REQUEST_SYNCHRONOUS='TRUE',RESPONSE_CODE='200',RESPONSE_METHOD='GET',RESPONSE_LENGTH_OKHTTP='6843',RESPONSE_LENGTH_HEADER='6843',REQUEST_PROTOCOL='h2',REQUEST_URL='https://b.thumbs.redditmedia.com/x5l4cICw0WNNvslt5FqVjwj89XrGjrXnNbaSyQRAyCo.jpg',
08-06 14:09:34.048 20441 23266 D OK      : request got status: 200
08-06 14:09:34.049 20441 23296 D OK      : calling: https://oauth.reddit.com/r/aww/hot/.json?after=t3_hz5odc
08-06 14:09:34.084 20441 20452 I art     : Starting a blocking GC Explicit
08-06 14:09:34.088 20441 23268 I NAPPA_EXPERIMENTATION: MetricNetworkRequestExecutionTime: REQUEST_DURATION_SYSTEM='717',REQUEST_DURATION_OKHTTP='716',REQUEST_SYNCHRONOUS='TRUE',RESPONSE_CODE='200',RESPONSE_METHOD='GET',RESPONSE_LENGTH_OKHTTP='6221',RESPONSE_LENGTH_HEADER='6221',REQUEST_PROTOCOL='h2',REQUEST_URL='https://b.thumbs.redditmedia.com/d_-UsfmKASoIHi4vZyyjvvwFtm1S7-DEi9AQPOnGIgY.jpg',
08-06 14:09:34.088 20441 23268 D OK      : request got status: 200
08-06 14:09:34.090 20441 23239 I NAPPA_EXPERIMENTATION: MetricNetworkRequestExecutionTime: REQUEST_DURATION_SYSTEM='932',REQUEST_DURATION_OKHTTP='661',REQUEST_SYNCHRONOUS='TRUE',RESPONSE_CODE='200',RESPONSE_METHOD='GET',RESPONSE_LENGTH_OKHTTP='5439',RESPONSE_LENGTH_HEADER='5439',REQUEST_PROTOCOL='h2',REQUEST_URL='https://b.thumbs.redditmedia.com/tTmEfIrujbsvZXbhNSQS6Pc7o7ShCaGqZHbYf7nWdfg.jpg',
08-06 14:09:34.090 20441 23239 D OK      : request got status: 200
08-06 14:09:34.097 20441 23267 I NAPPA_EXPERIMENTATION: MetricNetworkRequestExecutionTime: REQUEST_DURATION_SYSTEM='729',REQUEST_DURATION_OKHTTP='728',REQUEST_SYNCHRONOUS='TRUE',RESPONSE_CODE='200',RESPONSE_METHOD='GET',RESPONSE_LENGTH_OKHTTP='6778',RESPONSE_LENGTH_HEADER='6778',REQUEST_PROTOCOL='h2',REQUEST_URL='https://b.thumbs.redditmedia.com/189nmwjW7eGWBD0J-cxzsUac1V1ZWGzMFC66inY4u4Y.jpg',
08-06 14:09:34.097 20441 23267 D OK      : request got status: 200
08-06 14:09:34.098 20441 23234 I NAPPA_EXPERIMENTATION: MetricNetworkRequestExecutionTime: REQUEST_DURATION_SYSTEM='1006',REQUEST_DURATION_OKHTTP='348',REQUEST_SYNCHRONOUS='TRUE',RESPONSE_CODE='200',RESPONSE_METHOD='GET',RESPONSE_LENGTH_OKHTTP='-1',RESPONSE_LENGTH_HEADER='812',REQUEST_PROTOCOL='http/1.1',REQUEST_URL='https://api.gfycat.com/v1/gfycats/deadlygravecavy',
08-06 14:09:34.098 20441 23234 D OK      : request got status: 200
08-06 14:09:34.130 20441 23251 I NAPPA_EXPERIMENTATION: MetricNetworkRequestExecutionTime: REQUEST_DURATION_SYSTEM='907',REQUEST_DURATION_OKHTTP='386',REQUEST_SYNCHRONOUS='TRUE',RESPONSE_CODE='200',RESPONSE_METHOD='GET',RESPONSE_LENGTH_OKHTTP='2700',RESPONSE_LENGTH_HEADER='2700',REQUEST_PROTOCOL='h2',REQUEST_URL='https://v.redd.it/fkewv2f65kd51/DASHPlaylist.mpd',
08-06 14:09:34.130 20441 23251 D OK      : request got status: 200
08-06 14:09:34.133 20441 23240 I NAPPA_EXPERIMENTATION: MetricNetworkRequestExecutionTime: REQUEST_DURATION_SYSTEM='954',REQUEST_DURATION_OKHTTP='496',REQUEST_SYNCHRONOUS='TRUE',RESPONSE_CODE='200',RESPONSE_METHOD='GET',RESPONSE_LENGTH_OKHTTP='6434',RESPONSE_LENGTH_HEADER='6434',REQUEST_PROTOCOL='h2',REQUEST_URL='https://b.thumbs.redditmedia.com/_H8tFMmL5-3GrxYkCtMSHiyNfjbX8pxctOw_vrzyw7o.jpg',
08-06 14:09:34.133 20441 23240 D OK      : request got status: 200
08-06 14:09:34.163 20441 20452 I art     : Explicit concurrent mark sweep GC freed 17420(1454KB) AllocSpace objects, 87(5MB) LOS objects, 31% free, 34MB/50MB, paused 2.727ms total 78.951ms
08-06 14:09:34.189 20441 20452 I art     : Starting a blocking GC Explicit
08-06 14:09:34.194 20441 23250 I NAPPA_EXPERIMENTATION: MetricNetworkRequestExecutionTime: REQUEST_DURATION_SYSTEM='969',REQUEST_DURATION_OKHTTP='238',REQUEST_SYNCHRONOUS='TRUE',RESPONSE_CODE='200',RESPONSE_METHOD='GET',RESPONSE_LENGTH_OKHTTP='4798',RESPONSE_LENGTH_HEADER='4798',REQUEST_PROTOCOL='h2',REQUEST_URL='https://a.thumbs.redditmedia.com/KpcC72KH04Be3BqxmFbv_Gz7LCy-24GU-70or3KCdJ4.jpg',
08-06 14:09:34.194 20441 23250 D OK      : request got status: 200
08-06 14:09:34.233 20441 23251 I RedditVideosAPI: For 'https://v.redd.it/fkewv2f65kd51/DASHPlaylist.mpd', got video stream 'https://v.redd.it/fkewv2f65kd51/DASH_480' and audio stream 'https://v.redd.it/fkewv2f65kd51/audio'
08-06 14:09:34.292 20441 20452 I art     : Explicit concurrent mark sweep GC freed 14700(765KB) AllocSpace objects, 13(704KB) LOS objects, 31% free, 35MB/51MB, paused 3.165ms total 90.559ms
08-06 14:09:34.292 20441 23253 I NAPPA_EXPERIMENTATION: MetricNetworkRequestExecutionTime: REQUEST_DURATION_SYSTEM='1002',REQUEST_DURATION_OKHTTP='170',REQUEST_SYNCHRONOUS='TRUE',RESPONSE_CODE='200',RESPONSE_METHOD='GET',RESPONSE_LENGTH_OKHTTP='5648',RESPONSE_LENGTH_HEADER='5648',REQUEST_PROTOCOL='h2',REQUEST_URL='https://a.thumbs.redditmedia.com/cEOtajy3CAQrjwSA3hhSqnPx8bfkRzglo7Lz1SBTmE0.jpg',
08-06 14:09:34.292 20441 23253 D OK      : request got status: 200
08-06 14:09:34.321 20441 20452 I art     : Starting a blocking GC Explicit
08-06 14:09:34.384 20441 20452 I art     : Explicit concurrent mark sweep GC freed 7141(607KB) AllocSpace objects, 21(1304KB) LOS objects, 31% free, 35MB/51MB, paused 1.733ms total 63.333ms
08-06 14:09:34.410 20441 20452 I art     : Starting a blocking GC Explicit
08-06 14:09:34.416 20441 23252 I NAPPA_EXPERIMENTATION: MetricNetworkRequestExecutionTime: REQUEST_DURATION_SYSTEM='1143',REQUEST_DURATION_OKHTTP='158',REQUEST_SYNCHRONOUS='TRUE',RESPONSE_CODE='200',RESPONSE_METHOD='GET',RESPONSE_LENGTH_OKHTTP='-1',RESPONSE_LENGTH_HEADER='955',REQUEST_PROTOCOL='http/1.1',REQUEST_URL='https://api.gfycat.com/v1/gfycats/altruisticthankfulankolewatusi',
08-06 14:09:34.416 20441 23252 D OK      : request got status: 200
08-06 14:09:34.442 20441 23270 I NAPPA_EXPERIMENTATION: MetricNetworkRequestExecutionTime: REQUEST_DURATION_SYSTEM='1068',REQUEST_DURATION_OKHTTP='28',REQUEST_SYNCHRONOUS='TRUE',RESPONSE_CODE='200',RESPONSE_METHOD='GET',RESPONSE_LENGTH_OKHTTP='-1',RESPONSE_LENGTH_HEADER='1021',REQUEST_PROTOCOL='http/1.1',REQUEST_URL='https://api.gfycat.com/v1/gfycats/foolhardysparklinglarva',
08-06 14:09:34.442 20441 23270 D OK      : request got status: 200
08-06 14:09:34.487 20441 20452 I art     : Explicit concurrent mark sweep GC freed 5588(293KB) AllocSpace objects, 4(272KB) LOS objects, 31% free, 35MB/51MB, paused 2.287ms total 76.288ms
08-06 14:09:34.502 20441 23273 I NAPPA_EXPERIMENTATION: MetricNetworkRequestExecutionTime: REQUEST_DURATION_SYSTEM='1093',REQUEST_DURATION_OKHTTP='232',REQUEST_SYNCHRONOUS='TRUE',RESPONSE_CODE='200',RESPONSE_METHOD='GET',RESPONSE_LENGTH_OKHTTP='2787',RESPONSE_LENGTH_HEADER='2787',REQUEST_PROTOCOL='h2',REQUEST_URL='https://v.redd.it/ppmhu2r9thd51/DASHPlaylist.mpd',
08-06 14:09:34.503 20441 23273 D OK      : request got status: 200
08-06 14:09:34.520 20441 20452 I art     : Starting a blocking GC Explicit
08-06 14:09:34.533 20441 23273 I RedditVideosAPI: For 'https://v.redd.it/ppmhu2r9thd51/DASHPlaylist.mpd', got video stream 'https://v.redd.it/ppmhu2r9thd51/DASH_480' and audio stream 'null'
08-06 14:09:34.565 20441 23271 I NAPPA_EXPERIMENTATION: MetricNetworkRequestExecutionTime: REQUEST_DURATION_SYSTEM='1167',REQUEST_DURATION_OKHTTP='294',REQUEST_SYNCHRONOUS='TRUE',RESPONSE_CODE='200',RESPONSE_METHOD='GET',RESPONSE_LENGTH_OKHTTP='2429',RESPONSE_LENGTH_HEADER='2429',REQUEST_PROTOCOL='h2',REQUEST_URL='https://v.redd.it/h49fg58ygjd51/DASHPlaylist.mpd',
08-06 14:09:34.565 20441 23271 D OK      : request got status: 200
08-06 14:09:34.575 20441 23279 I NAPPA_EXPERIMENTATION: MetricNetworkRequestExecutionTime: REQUEST_DURATION_SYSTEM='1142',REQUEST_DURATION_OKHTTP='280',REQUEST_SYNCHRONOUS='TRUE',RESPONSE_CODE='200',RESPONSE_METHOD='GET',RESPONSE_LENGTH_OKHTTP='2342',RESPONSE_LENGTH_HEADER='2342',REQUEST_PROTOCOL='h2',REQUEST_URL='https://v.redd.it/ar5k8892pid51/DASHPlaylist.mpd',
08-06 14:09:34.575 20441 23279 D OK      : request got status: 200
08-06 14:09:34.582 20441 23278 I NAPPA_EXPERIMENTATION: MetricNetworkRequestExecutionTime: REQUEST_DURATION_SYSTEM='1156',REQUEST_DURATION_OKHTTP='292',REQUEST_SYNCHRONOUS='TRUE',RESPONSE_CODE='200',RESPONSE_METHOD='GET',RESPONSE_LENGTH_OKHTTP='2071',RESPONSE_LENGTH_HEADER='2071',REQUEST_PROTOCOL='h2',REQUEST_URL='https://v.redd.it/ty24o02m1hd51/DASHPlaylist.mpd',
08-06 14:09:34.582 20441 23278 D OK      : request got status: 200
08-06 14:09:34.585 20441 23269 I NAPPA_EXPERIMENTATION: MetricNetworkRequestExecutionTime: REQUEST_DURATION_SYSTEM='1196',REQUEST_DURATION_OKHTTP='309',REQUEST_SYNCHRONOUS='TRUE',RESPONSE_CODE='200',RESPONSE_METHOD='GET',RESPONSE_LENGTH_OKHTTP='1713',RESPONSE_LENGTH_HEADER='1713',REQUEST_PROTOCOL='h2',REQUEST_URL='https://v.redd.it/ak6rer1hskd51/DASHPlaylist.mpd',
08-06 14:09:34.585 20441 23269 D OK      : request got status: 200
08-06 14:09:34.589 20441 23272 I NAPPA_EXPERIMENTATION: MetricNetworkRequestExecutionTime: REQUEST_DURATION_SYSTEM='1198',REQUEST_DURATION_OKHTTP='294',REQUEST_SYNCHRONOUS='TRUE',RESPONSE_CODE='200',RESPONSE_METHOD='GET',RESPONSE_LENGTH_OKHTTP='3058',RESPONSE_LENGTH_HEADER='3058',REQUEST_PROTOCOL='h2',REQUEST_URL='https://v.redd.it/1ewzkieg0jd51/DASHPlaylist.mpd',
08-06 14:09:34.589 20441 23272 D OK      : request got status: 200
08-06 14:09:34.598 20441 23277 I NAPPA_EXPERIMENTATION: MetricNetworkRequestExecutionTime: REQUEST_DURATION_SYSTEM='1161',REQUEST_DURATION_OKHTTP='278',REQUEST_SYNCHRONOUS='TRUE',RESPONSE_CODE='200',RESPONSE_METHOD='GET',RESPONSE_LENGTH_OKHTTP='3060',RESPONSE_LENGTH_HEADER='3060',REQUEST_PROTOCOL='h2',REQUEST_URL='https://v.redd.it/b8vazlcb7ld51/DASHPlaylist.mpd',
08-06 14:09:34.598 20441 23277 D OK      : request got status: 200
08-06 14:09:34.600 20441 20452 I art     : Explicit concurrent mark sweep GC freed 2261(255KB) AllocSpace objects, 6(408KB) LOS objects, 30% free, 35MB/51MB, paused 1.548ms total 80.304ms
08-06 14:09:34.605 20441 23271 I RedditVideosAPI: For 'https://v.redd.it/h49fg58ygjd51/DASHPlaylist.mpd', got video stream 'https://v.redd.it/h49fg58ygjd51/DASH_480' and audio stream 'null'
08-06 14:09:34.609 20441 23275 I NAPPA_EXPERIMENTATION: MetricNetworkRequestExecutionTime: REQUEST_DURATION_SYSTEM='1189',REQUEST_DURATION_OKHTTP='320',REQUEST_SYNCHRONOUS='TRUE',RESPONSE_CODE='200',RESPONSE_METHOD='GET',RESPONSE_LENGTH_OKHTTP='2698',RESPONSE_LENGTH_HEADER='2698',REQUEST_PROTOCOL='h2',REQUEST_URL='https://v.redd.it/s9qqadf3mid51/DASHPlaylist.mpd',
08-06 14:09:34.609 20441 23275 D OK      : request got status: 200
08-06 14:09:34.620 20441 23279 I RedditVideosAPI: For 'https://v.redd.it/ar5k8892pid51/DASHPlaylist.mpd', got video stream 'https://v.redd.it/ar5k8892pid51/DASH_360' and audio stream 'https://v.redd.it/ar5k8892pid51/audio'
08-06 14:09:34.672 20441 23278 I RedditVideosAPI: For 'https://v.redd.it/ty24o02m1hd51/DASHPlaylist.mpd', got video stream 'https://v.redd.it/ty24o02m1hd51/DASH_480' and audio stream 'null'
08-06 14:09:34.679 20441 23269 I RedditVideosAPI: For 'https://v.redd.it/ak6rer1hskd51/DASHPlaylist.mpd', got video stream 'https://v.redd.it/ak6rer1hskd51/DASH_360' and audio stream 'null'
08-06 14:09:34.691 20441 23277 I RedditVideosAPI: For 'https://v.redd.it/b8vazlcb7ld51/DASHPlaylist.mpd', got video stream 'https://v.redd.it/b8vazlcb7ld51/DASH_480' and audio stream 'https://v.redd.it/b8vazlcb7ld51/audio'
08-06 14:09:34.691 20441 23296 I NAPPA_EXPERIMENTATION: MetricNetworkRequestExecutionTime: REQUEST_DURATION_SYSTEM='642',REQUEST_DURATION_OKHTTP='253',REQUEST_SYNCHRONOUS='TRUE',RESPONSE_CODE='200',RESPONSE_METHOD='GET',RESPONSE_LENGTH_OKHTTP='-1',RESPONSE_LENGTH_HEADER='30610',REQUEST_PROTOCOL='h2',REQUEST_URL='https://oauth.reddit.com/r/aww/hot/.json?after=t3_hz5odc',
08-06 14:09:34.691 20441 23296 D OK      : request got status: 200
08-06 14:09:34.698 20441 23272 I RedditVideosAPI: For 'https://v.redd.it/1ewzkieg0jd51/DASHPlaylist.mpd', got video stream 'https://v.redd.it/1ewzkieg0jd51/DASH_480' and audio stream 'https://v.redd.it/1ewzkieg0jd51/audio'
08-06 14:09:34.705 20441 21030 I PostListingFragment: Precaching images: OFF
08-06 14:09:34.705 20441 21030 I PostListingFragment: Precaching comments: OFF
08-06 14:09:34.709 20441 23275 I RedditVideosAPI: For 'https://v.redd.it/s9qqadf3mid51/DASHPlaylist.mpd', got video stream 'https://v.redd.it/s9qqadf3mid51/DASH_480' and audio stream 'https://v.redd.it/s9qqadf3mid51/audio'
08-06 14:09:34.715 20441 23309 D OK      : calling: https://b.thumbs.redditmedia.com/WehZGjN94ALGdO0M7RjPJ2EwcyyWVZ_NUn1Fuf7IYWY.jpg
08-06 14:09:34.723 20441 23310 D OK      : calling: https://b.thumbs.redditmedia.com/Xdo4lcQOwuUNK1yxSlXZ0OI8u23ORAr16_AzfAZ1nvU.jpg
08-06 14:09:34.732 20441 23311 D OK      : calling: https://v.redd.it/syww111dtjd51/DASHPlaylist.mpd
08-06 14:09:34.737 20441 23312 D OK      : calling: https://b.thumbs.redditmedia.com/2KMYZ5hTlKXSvNO4hDUPyMba8Yz6skyu1SjUhLq1d9s.jpg
08-06 14:09:34.758 20441 23317 D OK      : calling: https://b.thumbs.redditmedia.com/Ja8yiRMklM2lXd8q60LtBI6CqdmJ5YbWHRiBVFmICJA.jpg
08-06 14:09:34.760 20441 23316 D OK      : calling: https://b.thumbs.redditmedia.com/qi4bNDKzoPvaSaSx99K2bAjwaRHh1nuOrcbySp1JHdk.jpg
08-06 14:09:34.764 20441 23313 D OK      : calling: https://a.thumbs.redditmedia.com/EFVm-ZqqhARyEaKgtwU74c7tfzEDJvI0uiHXGglFag4.jpg
08-06 14:09:34.778 20441 23319 D OK      : calling: https://b.thumbs.redditmedia.com/SiCWTmKkQcbiAa7naxAHnw0adTeRkq1dB8QSqzGU7-Q.jpg
08-06 14:09:34.783 23180 23180 I ServiceManager: Waiting for service AtCmdFwd...
08-06 14:09:34.791 20441 23318 D OK      : calling: https://b.thumbs.redditmedia.com/o5lSsJ_tCgCQxcdjMGaYxuveNluXB1PQT4PokXDhpvc.jpg
08-06 14:09:34.803 20441 23327 D OK      : calling: https://b.thumbs.redditmedia.com/C9qrVibnNxmzfLDKvEHp2v2Bo-Kqme7PoKC52s2o52M.jpg
08-06 14:09:34.808 20441 23328 D OK      : calling: https://a.thumbs.redditmedia.com/Tfsm0ol-ltlxNSBAkZ_4G4302d0hYeOSODkvXidBBR8.jpg
08-06 14:09:34.811 20441 23329 D OK      : calling: https://a.thumbs.redditmedia.com/Kzag-wH9wKRRg2MnPwgoFgXT_2jN_nkJ1lY1aNRQyT4.jpg
08-06 14:09:34.814 20441 23332 D OK      : calling: https://a.thumbs.redditmedia.com/P4gSGpXpi2wDXthNZ-LiwEs5Jvplm6dQ7W7Isqa7un4.jpg
08-06 14:09:34.818 20441 23333 D OK      : calling: https://b.thumbs.redditmedia.com/XkIhgqugP-9Zcb5I9A8o0r-zQJDh_6kastc0oWiiHkI.jpg
08-06 14:09:34.820 20441 21030 I getImgurImageInfo: Image nLQR2hT: trying API v3 with auth
08-06 14:09:34.830 20441 23334 D OK      : calling: https://b.thumbs.redditmedia.com/3QPAtixkID9ojpqCAgfspJpruqoq45fM1G-Fx1K2F2A.jpg
08-06 14:09:34.832 20441 23335 D OK      : calling: https://v.redd.it/pbqrrfb3tkd51/DASHPlaylist.mpd
08-06 14:09:34.848 20441 23339 D OK      : calling: https://v.redd.it/rrygsb8i4ld51/DASHPlaylist.mpd
08-06 14:09:34.852 20441 23338 D OK      : calling: https://b.thumbs.redditmedia.com/orK4W8Xc99pTzIT6q1waTsppldq24p1qMsHtkNnmu9w.jpg
08-06 14:09:34.854 20441 23340 D OK      : calling: https://v.redd.it/5x6zzipz8ld51/DASHPlaylist.mpd
08-06 14:09:34.876 20441 23341 D OK      : calling: https://b.thumbs.redditmedia.com/B1vXKY_-gTPbs625-RJ1MLIXxzCqfmnCB_0xnGjCECQ.jpg
08-06 14:09:34.881 20441 23342 D OK      : calling: https://v.redd.it/75en73fm5id51/DASHPlaylist.mpd
08-06 14:09:34.892 20441 23343 D OK      : calling: https://a.thumbs.redditmedia.com/ffAKmOqnTuDMNR9MRfCdRtkq_CzN3MVhZxS64ZPYRh4.jpg
08-06 14:09:34.904 20441 23344 D OK      : calling: https://b.thumbs.redditmedia.com/OF1KI_LdSDMMWCy-WgJyRhIcM5fr7kDyu_OnpfRXHfI.jpg
08-06 14:09:34.907 20441 23345 D OK      : calling: https://b.thumbs.redditmedia.com/vuAhA4gGAmYfrTFA4woxZcKgmiDzJ3nAsql2pxcYGFs.jpg
08-06 14:09:34.911 20441 23346 D OK      : calling: https://b.thumbs.redditmedia.com/PtV7mFsO2n0j4YJweZjEqyVJ45hap4hXix9dwj6D0Wg.jpg
08-06 14:09:34.914 20441 23347 D OK      : calling: https://b.thumbs.redditmedia.com/wxTBcOhAgsmbc-TRaGNHpYJYnEOBr2LNsaZ6pCM91Lc.jpg
08-06 14:09:34.917 20441 23348 D OK      : calling: https://b.thumbs.redditmedia.com/Wo7bFIVNZYYuNioRYwZFYxrl6QMk0lT-3W01wrXgHmE.jpg
08-06 14:09:34.921 20441 23349 D OK      : calling: https://b.thumbs.redditmedia.com/NoqMycYTzsyhI0Lq351riEI1mO9p8PvY1QwcZ9Irb9g.jpg
08-06 14:09:34.923 20441 23350 D OK      : calling: https://b.thumbs.redditmedia.com/KrRufqpifph7KM2Le5RdqEYQb24zbB4fizBJpFaH1Pc.jpg
08-06 14:09:34.926 20441 23351 D OK      : calling: https://b.thumbs.redditmedia.com/u2qz17QE3X5G7kkJrgK3HPCdxNQxNkhaWqfIhCuRMvE.jpg
08-06 14:09:34.934 20441 23352 D OK      : calling: https://api.imgur.com/3/image/nLQR2hT
08-06 14:09:34.937 20441 23311 I NAPPA_EXPERIMENTATION: MetricNetworkRequestExecutionTime: REQUEST_DURATION_SYSTEM='205',REQUEST_DURATION_OKHTTP='203',REQUEST_SYNCHRONOUS='TRUE',RESPONSE_CODE='200',RESPONSE_METHOD='GET',RESPONSE_LENGTH_OKHTTP='2696',RESPONSE_LENGTH_HEADER='2696',REQUEST_PROTOCOL='h2',REQUEST_URL='https://v.redd.it/syww111dtjd51/DASHPlaylist.mpd',
08-06 14:09:34.937 20441 23311 D OK      : request got status: 200
08-06 14:09:34.938 20441 23353 D OK      : calling: https://v.redd.it/ggz4fyth6hd51/DASHPlaylist.mpd
08-06 14:09:34.943 20441 23354 D OK      : calling: https://v.redd.it/psrknoobrgd51/DASHPlaylist.mpd
08-06 14:09:34.957 20441 23355 D OK      : calling: https://v.redd.it/jk6cwef4wld51/DASHPlaylist.mpd
08-06 14:09:34.963 20441 23311 I RedditVideosAPI: For 'https://v.redd.it/syww111dtjd51/DASHPlaylist.mpd', got video stream 'https://v.redd.it/syww111dtjd51/DASH_480' and audio stream 'https://v.redd.it/syww111dtjd51/audio'
08-06 14:09:34.964 20441 23356 D OK      : calling: https://v.redd.it/t81s8zfz9ld51/DASHPlaylist.mpd
08-06 14:09:34.967 20441 23357 D OK      : calling: https://v.redd.it/xd6c4yyutgd51/DASHPlaylist.mpd
08-06 14:09:34.970 20441 23358 D OK      : calling: https://v.redd.it/ue0jdgk9zhd51/DASHPlaylist.mpd
08-06 14:09:34.999 20441 22114 I art     : Starting a blocking GC Explicit
08-06 14:09:35.084 20441 22114 I art     : Explicit concurrent mark sweep GC freed 51715(2MB) AllocSpace objects, 27(1788KB) LOS objects, 31% free, 35MB/51MB, paused 3.950ms total 84.896ms
08-06 14:09:35.111 20441 22114 I art     : Starting a blocking GC Explicit
08-06 14:09:35.137 20441 23335 I NAPPA_EXPERIMENTATION: MetricNetworkRequestExecutionTime: REQUEST_DURATION_SYSTEM='305',REQUEST_DURATION_OKHTTP='299',REQUEST_SYNCHRONOUS='TRUE',RESPONSE_CODE='200',RESPONSE_METHOD='GET',RESPONSE_LENGTH_OKHTTP='2071',RESPONSE_LENGTH_HEADER='2071',REQUEST_PROTOCOL='h2',REQUEST_URL='https://v.redd.it/pbqrrfb3tkd51/DASHPlaylist.mpd',
08-06 14:09:35.137 20441 23335 D OK      : request got status: 200
08-06 14:09:35.187 20441 22114 I art     : Explicit concurrent mark sweep GC freed 2789(152KB) AllocSpace objects, 0(0B) LOS objects, 31% free, 35MB/51MB, paused 3.711ms total 75.699ms
08-06 14:09:35.191 20441 23339 I NAPPA_EXPERIMENTATION: MetricNetworkRequestExecutionTime: REQUEST_DURATION_SYSTEM='343',REQUEST_DURATION_OKHTTP='336',REQUEST_SYNCHRONOUS='TRUE',RESPONSE_CODE='200',RESPONSE_METHOD='GET',RESPONSE_LENGTH_OKHTTP='3060',RESPONSE_LENGTH_HEADER='3060',REQUEST_PROTOCOL='h2',REQUEST_URL='https://v.redd.it/rrygsb8i4ld51/DASHPlaylist.mpd',
08-06 14:09:35.191 20441 23340 I NAPPA_EXPERIMENTATION: MetricNetworkRequestExecutionTime: REQUEST_DURATION_SYSTEM='337',REQUEST_DURATION_OKHTTP='336',REQUEST_SYNCHRONOUS='TRUE',RESPONSE_CODE='200',RESPONSE_METHOD='GET',RESPONSE_LENGTH_OKHTTP='2789',RESPONSE_LENGTH_HEADER='2789',REQUEST_PROTOCOL='h2',REQUEST_URL='https://v.redd.it/5x6zzipz8ld51/DASHPlaylist.mpd',
08-06 14:09:35.191 20441 23339 D OK      : request got status: 200
08-06 14:09:35.191 20441 23340 D OK      : request got status: 200
08-06 14:09:35.214 20441 22114 I art     : Starting a blocking GC Explicit
08-06 14:09:35.219 20441 23335 I RedditVideosAPI: For 'https://v.redd.it/pbqrrfb3tkd51/DASHPlaylist.mpd', got video stream 'https://v.redd.it/pbqrrfb3tkd51/DASH_480' and audio stream 'null'
08-06 14:09:35.232 20441 23342 I NAPPA_EXPERIMENTATION: MetricNetworkRequestExecutionTime: REQUEST_DURATION_SYSTEM='351',REQUEST_DURATION_OKHTTP='349',REQUEST_SYNCHRONOUS='TRUE',RESPONSE_CODE='200',RESPONSE_METHOD='GET',RESPONSE_LENGTH_OKHTTP='2700',RESPONSE_LENGTH_HEADER='2700',REQUEST_PROTOCOL='h2',REQUEST_URL='https://v.redd.it/75en73fm5id51/DASHPlaylist.mpd',
08-06 14:09:35.232 20441 23342 D OK      : request got status: 200
08-06 14:09:35.239 20441 23339 I RedditVideosAPI: For 'https://v.redd.it/rrygsb8i4ld51/DASHPlaylist.mpd', got video stream 'https://v.redd.it/rrygsb8i4ld51/DASH_480' and audio stream 'https://v.redd.it/rrygsb8i4ld51/audio'
08-06 14:09:35.270 20441 23340 I RedditVideosAPI: For 'https://v.redd.it/5x6zzipz8ld51/DASHPlaylist.mpd', got video stream 'https://v.redd.it/5x6zzipz8ld51/DASH_480' and audio stream 'null'
08-06 14:09:35.285 20441 22114 I art     : Explicit concurrent mark sweep GC freed 5022(359KB) AllocSpace objects, 5(340KB) LOS objects, 30% free, 35MB/51MB, paused 3.559ms total 71.251ms
08-06 14:09:35.311 20441 22114 I art     : Starting a blocking GC Explicit
08-06 14:09:35.342 20441 23353 I NAPPA_EXPERIMENTATION: MetricNetworkRequestExecutionTime: REQUEST_DURATION_SYSTEM='404',REQUEST_DURATION_OKHTTP='402',REQUEST_SYNCHRONOUS='TRUE',RESPONSE_CODE='200',RESPONSE_METHOD='GET',RESPONSE_LENGTH_OKHTTP='1713',RESPONSE_LENGTH_HEADER='1713',REQUEST_PROTOCOL='h2',REQUEST_URL='https://v.redd.it/ggz4fyth6hd51/DASHPlaylist.mpd',
08-06 14:09:35.342 20441 23353 D OK      : request got status: 200
08-06 14:09:35.344 20441 23342 I RedditVideosAPI: For 'https://v.redd.it/75en73fm5id51/DASHPlaylist.mpd', got video stream 'https://v.redd.it/75en73fm5id51/DASH_480' and audio stream 'https://v.redd.it/75en73fm5id51/audio'
08-06 14:09:35.349 20441 23312 I NAPPA_EXPERIMENTATION: MetricNetworkRequestExecutionTime: REQUEST_DURATION_SYSTEM='612',REQUEST_DURATION_OKHTTP='360',REQUEST_SYNCHRONOUS='TRUE',RESPONSE_CODE='200',RESPONSE_METHOD='GET',RESPONSE_LENGTH_OKHTTP='5098',RESPONSE_LENGTH_HEADER='5098',REQUEST_PROTOCOL='h2',REQUEST_URL='https://b.thumbs.redditmedia.com/2KMYZ5hTlKXSvNO4hDUPyMba8Yz6skyu1SjUhLq1d9s.jpg',
08-06 14:09:35.349 20441 23312 D OK      : request got status: 200
08-06 14:09:35.353 20441 23354 I NAPPA_EXPERIMENTATION: MetricNetworkRequestExecutionTime: REQUEST_DURATION_SYSTEM='409',REQUEST_DURATION_OKHTTP='408',REQUEST_SYNCHRONOUS='TRUE',RESPONSE_CODE='200',RESPONSE_METHOD='GET',RESPONSE_LENGTH_OKHTTP='2427',RESPONSE_LENGTH_HEADER='2427',REQUEST_PROTOCOL='h2',REQUEST_URL='https://v.redd.it/psrknoobrgd51/DASHPlaylist.mpd',
08-06 14:09:35.353 20441 23354 D OK      : request got status: 200
08-06 14:09:35.371 20441 23355 I NAPPA_EXPERIMENTATION: MetricNetworkRequestExecutionTime: REQUEST_DURATION_SYSTEM='414',REQUEST_DURATION_OKHTTP='414',REQUEST_SYNCHRONOUS='TRUE',RESPONSE_CODE='200',RESPONSE_METHOD='GET',RESPONSE_LENGTH_OKHTTP='2071',RESPONSE_LENGTH_HEADER='2071',REQUEST_PROTOCOL='h2',REQUEST_URL='https://v.redd.it/jk6cwef4wld51/DASHPlaylist.mpd',
08-06 14:09:35.371 20441 23355 D OK      : request got status: 200
08-06 14:09:35.386 20441 22114 I art     : Explicit concurrent mark sweep GC freed 5542(369KB) AllocSpace objects, 7(476KB) LOS objects, 30% free, 35MB/51MB, paused 3.749ms total 73.699ms
08-06 14:09:35.412 20441 23356 I NAPPA_EXPERIMENTATION: MetricNetworkRequestExecutionTime: REQUEST_DURATION_SYSTEM='447',REQUEST_DURATION_OKHTTP='447',REQUEST_SYNCHRONOUS='TRUE',RESPONSE_CODE='200',RESPONSE_METHOD='GET',RESPONSE_LENGTH_OKHTTP='3058',RESPONSE_LENGTH_HEADER='3058',REQUEST_PROTOCOL='h2',REQUEST_URL='https://v.redd.it/t81s8zfz9ld51/DASHPlaylist.mpd',
08-06 14:09:35.413 20441 23356 D OK      : request got status: 200
08-06 14:09:35.415 20441 22114 I art     : Starting a blocking GC Explicit
08-06 14:09:35.421 20441 23353 I RedditVideosAPI: For 'https://v.redd.it/ggz4fyth6hd51/DASHPlaylist.mpd', got video stream 'https://v.redd.it/ggz4fyth6hd51/DASH_360' and audio stream 'null'
08-06 14:09:35.462 20441 23357 I NAPPA_EXPERIMENTATION: MetricNetworkRequestExecutionTime: REQUEST_DURATION_SYSTEM='494',REQUEST_DURATION_OKHTTP='494',REQUEST_SYNCHRONOUS='TRUE',RESPONSE_CODE='200',RESPONSE_METHOD='GET',RESPONSE_LENGTH_OKHTTP='2071',RESPONSE_LENGTH_HEADER='2071',REQUEST_PROTOCOL='h2',REQUEST_URL='https://v.redd.it/xd6c4yyutgd51/DASHPlaylist.mpd',
08-06 14:09:35.462 20441 23357 D OK      : request got status: 200
08-06 14:09:35.491 20441 23356 I RedditVideosAPI: For 'https://v.redd.it/t81s8zfz9ld51/DASHPlaylist.mpd', got video stream 'https://v.redd.it/t81s8zfz9ld51/DASH_480' and audio stream 'https://v.redd.it/t81s8zfz9ld51/audio'
08-06 14:09:35.504 20441 23309 I NAPPA_EXPERIMENTATION: MetricNetworkRequestExecutionTime: REQUEST_DURATION_SYSTEM='789',REQUEST_DURATION_OKHTTP='458',REQUEST_SYNCHRONOUS='TRUE',RESPONSE_CODE='200',RESPONSE_METHOD='GET',RESPONSE_LENGTH_OKHTTP='5435',RESPONSE_LENGTH_HEADER='5435',REQUEST_PROTOCOL='h2',REQUEST_URL='https://b.thumbs.redditmedia.com/WehZGjN94ALGdO0M7RjPJ2EwcyyWVZ_NUn1Fuf7IYWY.jpg',
08-06 14:09:35.504 20441 23309 D OK      : request got status: 200
08-06 14:09:35.506 20441 22114 I art     : Explicit concurrent mark sweep GC freed 14494(772KB) AllocSpace objects, 10(772KB) LOS objects, 30% free, 36MB/52MB, paused 4.137ms total 91.306ms
08-06 14:09:35.508 20441 23358 I NAPPA_EXPERIMENTATION: MetricNetworkRequestExecutionTime: REQUEST_DURATION_SYSTEM='538',REQUEST_DURATION_OKHTTP='537',REQUEST_SYNCHRONOUS='TRUE',RESPONSE_CODE='200',RESPONSE_METHOD='GET',RESPONSE_LENGTH_OKHTTP='2344',RESPONSE_LENGTH_HEADER='2344',REQUEST_PROTOCOL='h2',REQUEST_URL='https://v.redd.it/ue0jdgk9zhd51/DASHPlaylist.mpd',
08-06 14:09:35.508 20441 23358 D OK      : request got status: 200
08-06 14:09:35.561 20441 23354 I RedditVideosAPI: For 'https://v.redd.it/psrknoobrgd51/DASHPlaylist.mpd', got video stream 'https://v.redd.it/psrknoobrgd51/DASH_480' and audio stream 'null'
08-06 14:09:35.576 20441 23355 I RedditVideosAPI: For 'https://v.redd.it/jk6cwef4wld51/DASHPlaylist.mpd', got video stream 'https://v.redd.it/jk6cwef4wld51/DASH_480' and audio stream 'null'
08-06 14:09:35.588 20441 23357 I RedditVideosAPI: For 'https://v.redd.it/xd6c4yyutgd51/DASHPlaylist.mpd', got video stream 'https://v.redd.it/xd6c4yyutgd51/DASH_480' and audio stream 'null'
08-06 14:09:35.604 20441 23358 I RedditVideosAPI: For 'https://v.redd.it/ue0jdgk9zhd51/DASHPlaylist.mpd', got video stream 'https://v.redd.it/ue0jdgk9zhd51/DASH_360' and audio stream 'https://v.redd.it/ue0jdgk9zhd51/audio'
08-06 14:09:35.610 20441 23310 I NAPPA_EXPERIMENTATION: MetricNetworkRequestExecutionTime: REQUEST_DURATION_SYSTEM='887',REQUEST_DURATION_OKHTTP='383',REQUEST_SYNCHRONOUS='TRUE',RESPONSE_CODE='200',RESPONSE_METHOD='GET',RESPONSE_LENGTH_OKHTTP='5191',RESPONSE_LENGTH_HEADER='5191',REQUEST_PROTOCOL='h2',REQUEST_URL='https://b.thumbs.redditmedia.com/Xdo4lcQOwuUNK1yxSlXZ0OI8u23ORAr16_AzfAZ1nvU.jpg',
08-06 14:09:35.611 20441 23310 D OK      : request got status: 200
08-06 14:09:35.661 20441 23317 I NAPPA_EXPERIMENTATION: MetricNetworkRequestExecutionTime: REQUEST_DURATION_SYSTEM='902',REQUEST_DURATION_OKHTTP='403',REQUEST_SYNCHRONOUS='TRUE',RESPONSE_CODE='200',RESPONSE_METHOD='GET',RESPONSE_LENGTH_OKHTTP='5414',RESPONSE_LENGTH_HEADER='5414',REQUEST_PROTOCOL='h2',REQUEST_URL='https://b.thumbs.redditmedia.com/Ja8yiRMklM2lXd8q60LtBI6CqdmJ5YbWHRiBVFmICJA.jpg',
08-06 14:09:35.661 20441 23317 D OK      : request got status: 200
08-06 14:09:35.749 20441 23318 I NAPPA_EXPERIMENTATION: MetricNetworkRequestExecutionTime: REQUEST_DURATION_SYSTEM='958',REQUEST_DURATION_OKHTTP='347',REQUEST_SYNCHRONOUS='TRUE',RESPONSE_CODE='200',RESPONSE_METHOD='GET',RESPONSE_LENGTH_OKHTTP='4921',RESPONSE_LENGTH_HEADER='4921',REQUEST_PROTOCOL='h2',REQUEST_URL='https://b.thumbs.redditmedia.com/o5lSsJ_tCgCQxcdjMGaYxuveNluXB1PQT4PokXDhpvc.jpg',
08-06 14:09:35.750 20441 23318 D OK      : request got status: 200
08-06 14:09:35.765 20441 23313 I NAPPA_EXPERIMENTATION: MetricNetworkRequestExecutionTime: REQUEST_DURATION_SYSTEM='1000',REQUEST_DURATION_OKHTTP='446',REQUEST_SYNCHRONOUS='TRUE',RESPONSE_CODE='200',RESPONSE_METHOD='GET',RESPONSE_LENGTH_OKHTTP='5307',RESPONSE_LENGTH_HEADER='5307',REQUEST_PROTOCOL='h2',REQUEST_URL='https://a.thumbs.redditmedia.com/EFVm-ZqqhARyEaKgtwU74c7tfzEDJvI0uiHXGglFag4.jpg',
08-06 14:09:35.765 20441 23313 D OK      : request got status: 200
08-06 14:09:35.774 20441 23316 I NAPPA_EXPERIMENTATION: MetricNetworkRequestExecutionTime: REQUEST_DURATION_SYSTEM='1014',REQUEST_DURATION_OKHTTP='454',REQUEST_SYNCHRONOUS='TRUE',RESPONSE_CODE='200',RESPONSE_METHOD='GET',RESPONSE_LENGTH_OKHTTP='4475',RESPONSE_LENGTH_HEADER='4475',REQUEST_PROTOCOL='h2',REQUEST_URL='https://b.thumbs.redditmedia.com/qi4bNDKzoPvaSaSx99K2bAjwaRHh1nuOrcbySp1JHdk.jpg',
08-06 14:09:35.774 20441 23316 D OK      : request got status: 200
08-06 14:09:35.783 23180 23180 W Atfwd_Sendcmd: AtCmdFwd service not published, waiting... retryCnt : 1
08-06 14:09:35.835 20441 23329 I NAPPA_EXPERIMENTATION: MetricNetworkRequestExecutionTime: REQUEST_DURATION_SYSTEM='1024',REQUEST_DURATION_OKHTTP='378',REQUEST_SYNCHRONOUS='TRUE',RESPONSE_CODE='200',RESPONSE_METHOD='GET',RESPONSE_LENGTH_OKHTTP='3635',RESPONSE_LENGTH_HEADER='3635',REQUEST_PROTOCOL='h2',REQUEST_URL='https://a.thumbs.redditmedia.com/Kzag-wH9wKRRg2MnPwgoFgXT_2jN_nkJ1lY1aNRQyT4.jpg',
08-06 14:09:35.835 20441 23329 D OK      : request got status: 200
08-06 14:09:35.858 20441 23319 I NAPPA_EXPERIMENTATION: MetricNetworkRequestExecutionTime: REQUEST_DURATION_SYSTEM='1080',REQUEST_DURATION_OKHTTP='453',REQUEST_SYNCHRONOUS='TRUE',RESPONSE_CODE='200',RESPONSE_METHOD='GET',RESPONSE_LENGTH_OKHTTP='5968',RESPONSE_LENGTH_HEADER='5968',REQUEST_PROTOCOL='h2',REQUEST_URL='https://b.thumbs.redditmedia.com/SiCWTmKkQcbiAa7naxAHnw0adTeRkq1dB8QSqzGU7-Q.jpg',
08-06 14:09:35.858 20441 23319 D OK      : request got status: 200
08-06 14:09:35.867 20441 23327 I NAPPA_EXPERIMENTATION: MetricNetworkRequestExecutionTime: REQUEST_DURATION_SYSTEM='1062',REQUEST_DURATION_OKHTTP='396',REQUEST_SYNCHRONOUS='TRUE',RESPONSE_CODE='200',RESPONSE_METHOD='GET',RESPONSE_LENGTH_OKHTTP='5378',RESPONSE_LENGTH_HEADER='5378',REQUEST_PROTOCOL='h2',REQUEST_URL='https://b.thumbs.redditmedia.com/C9qrVibnNxmzfLDKvEHp2v2Bo-Kqme7PoKC52s2o52M.jpg',
08-06 14:09:35.867 20441 23327 D OK      : request got status: 200
08-06 14:09:35.892 20441 20453 I art     : Starting a blocking GC Explicit
08-06 14:09:35.918 20441 23343 I NAPPA_EXPERIMENTATION: MetricNetworkRequestExecutionTime: REQUEST_DURATION_SYSTEM='1026',REQUEST_DURATION_OKHTTP='393',REQUEST_SYNCHRONOUS='TRUE',RESPONSE_CODE='200',RESPONSE_METHOD='GET',RESPONSE_LENGTH_OKHTTP='4470',RESPONSE_LENGTH_HEADER='4470',REQUEST_PROTOCOL='h2',REQUEST_URL='https://a.thumbs.redditmedia.com/ffAKmOqnTuDMNR9MRfCdRtkq_CzN3MVhZxS64ZPYRh4.jpg',
08-06 14:09:35.918 20441 23343 D OK      : request got status: 200
08-06 14:09:35.934 20441 23328 I NAPPA_EXPERIMENTATION: MetricNetworkRequestExecutionTime: REQUEST_DURATION_SYSTEM='1126',REQUEST_DURATION_OKHTTP='398',REQUEST_SYNCHRONOUS='TRUE',RESPONSE_CODE='200',RESPONSE_METHOD='GET',RESPONSE_LENGTH_OKHTTP='7540',RESPONSE_LENGTH_HEADER='7540',REQUEST_PROTOCOL='h2',REQUEST_URL='https://a.thumbs.redditmedia.com/Tfsm0ol-ltlxNSBAkZ_4G4302d0hYeOSODkvXidBBR8.jpg',
08-06 14:09:35.934 20441 23328 D OK      : request got status: 200
08-06 14:09:35.951 20441 23334 I NAPPA_EXPERIMENTATION: MetricNetworkRequestExecutionTime: REQUEST_DURATION_SYSTEM='1121',REQUEST_DURATION_OKHTTP='455',REQUEST_SYNCHRONOUS='TRUE',RESPONSE_CODE='200',RESPONSE_METHOD='GET',RESPONSE_LENGTH_OKHTTP='3183',RESPONSE_LENGTH_HEADER='3183',REQUEST_PROTOCOL='h2',REQUEST_URL='https://b.thumbs.redditmedia.com/3QPAtixkID9ojpqCAgfspJpruqoq45fM1G-Fx1K2F2A.jpg',
08-06 14:09:35.951 20441 23334 D OK      : request got status: 200
08-06 14:09:35.962 20441 20453 I art     : Explicit concurrent mark sweep GC freed 32833(2MB) AllocSpace objects, 58(4MB) LOS objects, 29% free, 37MB/53MB, paused 2.132ms total 69.326ms
08-06 14:09:35.978 20441 23333 I NAPPA_EXPERIMENTATION: MetricNetworkRequestExecutionTime: REQUEST_DURATION_SYSTEM='1160',REQUEST_DURATION_OKHTTP='382',REQUEST_SYNCHRONOUS='TRUE',RESPONSE_CODE='200',RESPONSE_METHOD='GET',RESPONSE_LENGTH_OKHTTP='4080',RESPONSE_LENGTH_HEADER='4080',REQUEST_PROTOCOL='h2',REQUEST_URL='https://b.thumbs.redditmedia.com/XkIhgqugP-9Zcb5I9A8o0r-zQJDh_6kastc0oWiiHkI.jpg',
08-06 14:09:35.978 20441 23333 D OK      : request got status: 200
08-06 14:09:35.986 20441 20453 I art     : Starting a blocking GC Explicit
08-06 14:09:35.993 20441 23332 I NAPPA_EXPERIMENTATION: MetricNetworkRequestExecutionTime: REQUEST_DURATION_SYSTEM='1177',REQUEST_DURATION_OKHTTP='525',REQUEST_SYNCHRONOUS='TRUE',RESPONSE_CODE='200',RESPONSE_METHOD='GET',RESPONSE_LENGTH_OKHTTP='5641',RESPONSE_LENGTH_HEADER='5641',REQUEST_PROTOCOL='h2',REQUEST_URL='https://a.thumbs.redditmedia.com/P4gSGpXpi2wDXthNZ-LiwEs5Jvplm6dQ7W7Isqa7un4.jpg',
08-06 14:09:35.993 20441 23332 D OK      : request got status: 200
08-06 14:09:35.994 20441 23338 I NAPPA_EXPERIMENTATION: MetricNetworkRequestExecutionTime: REQUEST_DURATION_SYSTEM='1142',REQUEST_DURATION_OKHTTP='479',REQUEST_SYNCHRONOUS='TRUE',RESPONSE_CODE='200',RESPONSE_METHOD='GET',RESPONSE_LENGTH_OKHTTP='6654',RESPONSE_LENGTH_HEADER='6654',REQUEST_PROTOCOL='h2',REQUEST_URL='https://b.thumbs.redditmedia.com/orK4W8Xc99pTzIT6q1waTsppldq24p1qMsHtkNnmu9w.jpg',
08-06 14:09:35.994 20441 23338 D OK      : request got status: 200
08-06 14:09:36.051 20441 20453 I art     : Explicit concurrent mark sweep GC freed 3783(318KB) AllocSpace objects, 22(1288KB) LOS objects, 29% free, 38MB/54MB, paused 1.964ms total 64.947ms
08-06 14:09:36.068 20441 23347 I NAPPA_EXPERIMENTATION: MetricNetworkRequestExecutionTime: REQUEST_DURATION_SYSTEM='1153',REQUEST_DURATION_OKHTTP='372',REQUEST_SYNCHRONOUS='TRUE',RESPONSE_CODE='200',RESPONSE_METHOD='GET',RESPONSE_LENGTH_OKHTTP='6316',RESPONSE_LENGTH_HEADER='6316',REQUEST_PROTOCOL='h2',REQUEST_URL='https://b.thumbs.redditmedia.com/wxTBcOhAgsmbc-TRaGNHpYJYnEOBr2LNsaZ6pCM91Lc.jpg',
08-06 14:09:36.069 20441 23347 D OK      : request got status: 200
08-06 14:09:36.076 20441 20453 I art     : Starting a blocking GC Explicit
08-06 14:09:36.104 20441 23345 I NAPPA_EXPERIMENTATION: MetricNetworkRequestExecutionTime: REQUEST_DURATION_SYSTEM='1196',REQUEST_DURATION_OKHTTP='400',REQUEST_SYNCHRONOUS='TRUE',RESPONSE_CODE='200',RESPONSE_METHOD='GET',RESPONSE_LENGTH_OKHTTP='6723',RESPONSE_LENGTH_HEADER='6723',REQUEST_PROTOCOL='h2',REQUEST_URL='https://b.thumbs.redditmedia.com/vuAhA4gGAmYfrTFA4woxZcKgmiDzJ3nAsql2pxcYGFs.jpg',
08-06 14:09:36.104 20441 23345 D OK      : request got status: 200
08-06 14:09:36.138 20441 20453 I art     : Explicit concurrent mark sweep GC freed 1254(135KB) AllocSpace objects, 16(1060KB) LOS objects, 29% free, 38MB/54MB, paused 1.703ms total 61.832ms
08-06 14:09:36.147 20441 23344 I NAPPA_EXPERIMENTATION: MetricNetworkRequestExecutionTime: REQUEST_DURATION_SYSTEM='1242',REQUEST_DURATION_OKHTTP='362',REQUEST_SYNCHRONOUS='TRUE',RESPONSE_CODE='200',RESPONSE_METHOD='GET',RESPONSE_LENGTH_OKHTTP='5125',RESPONSE_LENGTH_HEADER='5125',REQUEST_PROTOCOL='h2',REQUEST_URL='https://b.thumbs.redditmedia.com/OF1KI_LdSDMMWCy-WgJyRhIcM5fr7kDyu_OnpfRXHfI.jpg',
08-06 14:09:36.147 20441 23344 D OK      : request got status: 200
08-06 14:09:36.149 20441 23346 I NAPPA_EXPERIMENTATION: MetricNetworkRequestExecutionTime: REQUEST_DURATION_SYSTEM='1238',REQUEST_DURATION_OKHTTP='339',REQUEST_SYNCHRONOUS='TRUE',RESPONSE_CODE='200',RESPONSE_METHOD='GET',RESPONSE_LENGTH_OKHTTP='5329',RESPONSE_LENGTH_HEADER='5329',REQUEST_PROTOCOL='h2',REQUEST_URL='https://b.thumbs.redditmedia.com/PtV7mFsO2n0j4YJweZjEqyVJ45hap4hXix9dwj6D0Wg.jpg',
08-06 14:09:36.149 20441 23346 D OK      : request got status: 200
08-06 14:09:36.164 20441 20453 I art     : Starting a blocking GC Explicit
08-06 14:09:36.169 20441 23352 I NAPPA_EXPERIMENTATION: MetricNetworkRequestExecutionTime: REQUEST_DURATION_SYSTEM='1235',REQUEST_DURATION_OKHTTP='272',REQUEST_SYNCHRONOUS='TRUE',RESPONSE_CODE='200',RESPONSE_METHOD='GET',RESPONSE_LENGTH_OKHTTP='-1',RESPONSE_LENGTH_HEADER='377',REQUEST_PROTOCOL='h2',REQUEST_URL='https://api.imgur.com/3/image/nLQR2hT',
08-06 14:09:36.169 20441 23352 D OK      : request got status: 200
08-06 14:09:36.206 20441 23348 I NAPPA_EXPERIMENTATION: MetricNetworkRequestExecutionTime: REQUEST_DURATION_SYSTEM='1288',REQUEST_DURATION_OKHTTP='324',REQUEST_SYNCHRONOUS='TRUE',RESPONSE_CODE='200',RESPONSE_METHOD='GET',RESPONSE_LENGTH_OKHTTP='7815',RESPONSE_LENGTH_HEADER='7815',REQUEST_PROTOCOL='h2',REQUEST_URL='https://b.thumbs.redditmedia.com/Wo7bFIVNZYYuNioRYwZFYxrl6QMk0lT-3W01wrXgHmE.jpg',
08-06 14:09:36.206 20441 23348 D OK      : request got status: 200
08-06 14:09:36.210 20441 23341 I NAPPA_EXPERIMENTATION: MetricNetworkRequestExecutionTime: REQUEST_DURATION_SYSTEM='1334',REQUEST_DURATION_OKHTTP='340',REQUEST_SYNCHRONOUS='TRUE',RESPONSE_CODE='200',RESPONSE_METHOD='GET',RESPONSE_LENGTH_OKHTTP='3864',RESPONSE_LENGTH_HEADER='3864',REQUEST_PROTOCOL='h2',REQUEST_URL='https://b.thumbs.redditmedia.com/B1vXKY_-gTPbs625-RJ1MLIXxzCqfmnCB_0xnGjCECQ.jpg',
08-06 14:09:36.211 20441 23341 D OK      : request got status: 200
08-06 14:09:36.212 20441 23350 I NAPPA_EXPERIMENTATION: MetricNetworkRequestExecutionTime: REQUEST_DURATION_SYSTEM='1289',REQUEST_DURATION_OKHTTP='329',REQUEST_SYNCHRONOUS='TRUE',RESPONSE_CODE='200',RESPONSE_METHOD='GET',RESPONSE_LENGTH_OKHTTP='5198',RESPONSE_LENGTH_HEADER='5198',REQUEST_PROTOCOL='h2',REQUEST_URL='https://b.thumbs.redditmedia.com/KrRufqpifph7KM2Le5RdqEYQb24zbB4fizBJpFaH1Pc.jpg',
08-06 14:09:36.212 20441 23350 D OK      : request got status: 200
08-06 14:09:36.230 20441 20453 I art     : Explicit concurrent mark sweep GC freed 1840(206KB) AllocSpace objects, 16(920KB) LOS objects, 29% free, 39MB/55MB, paused 1.606ms total 65.581ms
08-06 14:09:36.255 20441 20453 I art     : Starting a blocking GC Explicit
08-06 14:09:36.268 20441 23351 I NAPPA_EXPERIMENTATION: MetricNetworkRequestExecutionTime: REQUEST_DURATION_SYSTEM='1342',REQUEST_DURATION_OKHTTP='378',REQUEST_SYNCHRONOUS='TRUE',RESPONSE_CODE='200',RESPONSE_METHOD='GET',RESPONSE_LENGTH_OKHTTP='5579',RESPONSE_LENGTH_HEADER='5579',REQUEST_PROTOCOL='h2',REQUEST_URL='https://b.thumbs.redditmedia.com/u2qz17QE3X5G7kkJrgK3HPCdxNQxNkhaWqfIhCuRMvE.jpg',
08-06 14:09:36.268 20441 23351 D OK      : request got status: 200
08-06 14:09:36.317 20441 23349 I NAPPA_EXPERIMENTATION: MetricNetworkRequestExecutionTime: REQUEST_DURATION_SYSTEM='1396',REQUEST_DURATION_OKHTTP='427',REQUEST_SYNCHRONOUS='TRUE',RESPONSE_CODE='200',RESPONSE_METHOD='GET',RESPONSE_LENGTH_OKHTTP='5648',RESPONSE_LENGTH_HEADER='5648',REQUEST_PROTOCOL='h2',REQUEST_URL='https://b.thumbs.redditmedia.com/NoqMycYTzsyhI0Lq351riEI1mO9p8PvY1QwcZ9Irb9g.jpg',
08-06 14:09:36.317 20441 20453 I art     : Explicit concurrent mark sweep GC freed 1243(153KB) AllocSpace objects, 9(396KB) LOS objects, 28% free, 39MB/55MB, paused 1.329ms total 61.949ms
08-06 14:09:36.317 20441 23349 D OK      : request got status: 200
08-06 14:09:36.703 20441 20677 I art     : Starting a blocking GC Explicit
08-06 14:09:36.784 20441 20677 I art     : Explicit concurrent mark sweep GC freed 3887(379KB) AllocSpace objects, 25(1456KB) LOS objects, 28% free, 39MB/55MB, paused 1.033ms total 80.194ms
08-06 14:09:36.812 20441 20677 I art     : Starting a blocking GC Explicit
08-06 14:09:36.875 20441 20677 I art     : Explicit concurrent mark sweep GC freed 255(8KB) AllocSpace objects, 0(0B) LOS objects, 28% free, 39MB/55MB, paused 946us total 62.443ms
08-06 14:09:36.901 20441 20677 I art     : Starting a blocking GC Explicit
08-06 14:09:36.964 20441 20677 I art     : Explicit concurrent mark sweep GC freed 3(96B) AllocSpace objects, 0(0B) LOS objects, 28% free, 39MB/55MB, paused 848us total 62.775ms
08-06 14:09:36.990 20441 20677 I art     : Starting a blocking GC Explicit
08-06 14:09:37.054 20441 20677 I art     : Explicit concurrent mark sweep GC freed 3(96B) AllocSpace objects, 0(0B) LOS objects, 28% free, 39MB/55MB, paused 948us total 63.797ms
08-06 14:09:37.080 20441 20677 I art     : Starting a blocking GC Explicit
08-06 14:09:37.144 20441 20677 I art     : Explicit concurrent mark sweep GC freed 3(96B) AllocSpace objects, 0(0B) LOS objects, 28% free, 39MB/55MB, paused 865us total 63.088ms
08-06 14:09:37.437 23409 23409 D AndroidRuntime: >>>>>> START com.android.internal.os.RuntimeInit uid 2000 <<<<<<
08-06 14:09:37.444 23409 23409 D AndroidRuntime: CheckJNI is OFF
08-06 14:09:37.460   518   646 I ThermalEngine: ACTION: GPU - Setting GPU[0] to 450000000
08-06 14:09:37.485 23409 23409 D ICU     : No timezone override file found: /data/misc/zoneinfo/current/icu/icu_tzdata.dat
08-06 14:09:37.510 20441 20753 I art     : Starting a blocking GC Explicit
08-06 14:09:37.528 23409 23409 I Radio-JNI: register_android_hardware_Radio DONE
08-06 14:09:37.557 23409 23409 D AndroidRuntime: Calling main entry com.android.commands.input.Input
08-06 14:09:37.560 23409 23409 I Input   : injectMotionEvent: MotionEvent { action=ACTION_DOWN, actionButton=0, id[0]=0, x[0]=1340.0, y[0]=1100.0, toolType[0]=TOOL_TYPE_UNKNOWN, buttonState=0, metaState=0, flags=0x0, edgeFlags=0x0, pointerCount=1, historySize=0, eventTime=886193973, downTime=886193973, deviceId=0, source=0x1002 }
08-06 14:09:37.562 20441 20753 I art     : Explicit concurrent mark sweep GC freed 1362(83KB) AllocSpace objects, 1(20KB) LOS objects, 28% free, 39MB/55MB, paused 600us total 51.319ms
08-06 14:09:37.567 23409 23409 I Input   : injectMotionEvent: MotionEvent { action=ACTION_UP, actionButton=0, id[0]=0, x[0]=1340.0, y[0]=1100.0, toolType[0]=TOOL_TYPE_UNKNOWN, buttonState=0, metaState=0, flags=0x0, edgeFlags=0x0, pointerCount=1, historySize=0, eventTime=886193973, downTime=886193973, deviceId=0, source=0x1002 }
08-06 14:09:37.571 23409 23409 D AndroidRuntime: Shutting down VM
08-06 14:09:37.581 20441 20753 I art     : Starting a blocking GC Explicit
08-06 14:09:37.586   512  2967 D audio_hw_primary: out_set_parameters: enter: usecase(1: low-latency-playback) kvpairs: routing=2
08-06 14:09:37.588   918  5952 I ActivityManager: START u0 {dat=https://oauth.reddit.com/... cmp=baseline.org.quantumbadger.redreader/.activities.CommentListingActivity} from uid 10705 on display 0
08-06 14:09:37.599   512  2967 D audio_hw_primary: select_devices: out_snd_device(2: speaker) in_snd_device(0: none)
08-06 14:09:37.599   512  2967 D msm8974_platform: platform_send_audio_calibration: sending audio calibration for snd_device(2) acdb_id(15)
08-06 14:09:37.599   512  2967 I soundtrigger: audio_extn_sound_trigger_update_device_status: device 0x2 of type 0 for Event 1
08-06 14:09:37.612   512  2967 D audio_hw_primary: enable_snd_device: snd_device(2: speaker)
08-06 14:09:37.615   512  2967 D audio_hw_primary: enable_audio_route: apply and update mixer path: low-latency-playback speaker
08-06 14:09:37.622 20441 20441 I AppCompatViewInflater: app:theme is now deprecated. Please move to using android:theme instead.
08-06 14:09:37.631 20441 20753 I art     : Explicit concurrent mark sweep GC freed 1134(44KB) AllocSpace objects, 0(0B) LOS objects, 28% free, 39MB/55MB, paused 982us total 50.232ms
08-06 14:09:37.649 20441 23434 D OK      : calling: https://oauth.reddit.com/comments/hzejrd/.json?sort=confidence
08-06 14:09:37.652 20441 20753 I art     : Starting a blocking GC Explicit
08-06 14:09:37.697 20441 20753 I art     : Explicit concurrent mark sweep GC freed 7702(865KB) AllocSpace objects, 17(2MB) LOS objects, 30% free, 37MB/53MB, paused 557us total 44.432ms
08-06 14:09:37.716 20441 20753 I art     : Starting a blocking GC Explicit
08-06 14:09:37.727 13866 13866 I GoogleInputMethodServic: GoogleInputMethodService.onFinishInput():3138 
08-06 14:09:37.728   918   936 I ActivityManager: Displayed baseline.org.quantumbadger.redreader/.activities.CommentListingActivity: +128ms
08-06 14:09:37.728 13866 13866 I GoogleInputMethodServic: GoogleInputMethodService.onStartInput():1808 
08-06 14:09:37.763 20441 20753 I art     : Explicit concurrent mark sweep GC freed 948(38KB) AllocSpace objects, 0(0B) LOS objects, 30% free, 37MB/53MB, paused 589us total 46.608ms
08-06 14:09:37.783 20441 20753 I art     : Starting a blocking GC Explicit
08-06 14:09:37.826 20441 20753 I art     : Explicit concurrent mark sweep GC freed 1967(80KB) AllocSpace objects, 0(0B) LOS objects, 30% free, 37MB/53MB, paused 577us total 43.540ms
08-06 14:09:37.950 20441 23434 I NAPPA_EXPERIMENTATION: MetricNetworkRequestExecutionTime: REQUEST_DURATION_SYSTEM='300',REQUEST_DURATION_OKHTTP='150',REQUEST_SYNCHRONOUS='TRUE',RESPONSE_CODE='200',RESPONSE_METHOD='GET',RESPONSE_LENGTH_OKHTTP='-1',RESPONSE_LENGTH_HEADER='45890',REQUEST_PROTOCOL='h2',REQUEST_URL='https://oauth.reddit.com/comments/hzejrd/.json?sort=confidence',
08-06 14:09:37.951 20441 23434 D OK      : request got status: 200
08-06 14:09:37.962 20441 21030 I CommentListingActivity: COMMENTS session changed to cde66248-a0fc-4ec8-a06a-24853e2f7076
08-06 14:09:37.990   380   380 W SurfaceFlinger: couldn't log to binary event log: overflow.
08-06 14:09:38.138 20441 20753 I art     : Starting a blocking GC Explicit
08-06 14:09:38.149   512  2967 D audio_hw_primary: disable_audio_route: reset and update mixer path: low-latency-playback speaker
08-06 14:09:38.150   512  2967 D audio_hw_primary: disable_snd_device: snd_device(2: speaker)
08-06 14:09:38.158   512  2967 I soundtrigger: audio_extn_sound_trigger_update_device_status: device 0x2 of type 0 for Event 0
08-06 14:09:38.199 20441 20753 I art     : Explicit concurrent mark sweep GC freed 28468(1615KB) AllocSpace objects, 1(20KB) LOS objects, 28% free, 39MB/55MB, paused 845us total 60.740ms
08-06 14:09:38.220 20441 20753 I art     : Starting a blocking GC Explicit
08-06 14:09:38.278 20441 20753 I art     : Explicit concurrent mark sweep GC freed 14145(642KB) AllocSpace objects, 2(136KB) LOS objects, 29% free, 39MB/55MB, paused 1.025ms total 57.618ms
08-06 14:09:38.297 20441 20753 I art     : Starting a blocking GC Explicit
08-06 14:09:38.356 20441 20753 I art     : Explicit concurrent mark sweep GC freed 375(13KB) AllocSpace objects, 0(0B) LOS objects, 29% free, 39MB/55MB, paused 454us total 58.218ms
08-06 14:09:38.376 20441 20753 I art     : Starting a blocking GC Explicit
08-06 14:09:38.429 20441 20753 I art     : Explicit concurrent mark sweep GC freed 9(320B) AllocSpace objects, 0(0B) LOS objects, 29% free, 39MB/55MB, paused 497us total 52.670ms
08-06 14:09:38.448 20441 20753 I art     : Starting a blocking GC Explicit
08-06 14:09:38.502 20441 20753 I art     : Explicit concurrent mark sweep GC freed 3(96B) AllocSpace objects, 0(0B) LOS objects, 29% free, 39MB/55MB, paused 460us total 53.803ms
08-06 14:09:38.839 20441 20677 I art     : Starting a blocking GC Explicit
08-06 14:09:38.904 20441 20677 I art     : Explicit concurrent mark sweep GC freed 1360(83KB) AllocSpace objects, 1(20KB) LOS objects, 29% free, 39MB/55MB, paused 521us total 64.901ms
08-06 14:09:38.929 20441 20677 I art     : Starting a blocking GC Explicit
08-06 14:09:38.951   918  3188 I hubconnection: sensorhub said: 'set_bias 3: -6.2400, 0.0000, 0.0000'
08-06 14:09:38.990 20441 20677 I art     : Explicit concurrent mark sweep GC freed 66(2528B) AllocSpace objects, 0(0B) LOS objects, 29% free, 39MB/55MB, paused 517us total 60.793ms
08-06 14:09:39.010 20441 20677 I art     : Starting a blocking GC Explicit
08-06 14:09:39.073 20441 20677 I art     : Explicit concurrent mark sweep GC freed 3(96B) AllocSpace objects, 0(0B) LOS objects, 29% free, 39MB/55MB, paused 492us total 62.333ms
08-06 14:09:39.094 20441 20677 I art     : Starting a blocking GC Explicit
08-06 14:09:39.157 20441 20677 I art     : Explicit concurrent mark sweep GC freed 3(96B) AllocSpace objects, 0(0B) LOS objects, 29% free, 39MB/55MB, paused 616us total 63.347ms
08-06 14:09:39.178 20441 20677 I art     : Starting a blocking GC Explicit
08-06 14:09:39.243 20441 20677 I art     : Explicit concurrent mark sweep GC freed 3(96B) AllocSpace objects, 0(0B) LOS objects, 29% free, 39MB/55MB, paused 495us total 64.138ms
08-06 14:09:39.471   518   646 I ThermalEngine: ACTION: GPU - Setting GPU[0] to 390000000
08-06 14:09:39.645 20441 20753 I art     : Starting a blocking GC Explicit
08-06 14:09:39.749 20441 20753 I art     : Explicit concurrent mark sweep GC freed 1365(83KB) AllocSpace objects, 1(20KB) LOS objects, 29% free, 39MB/55MB, paused 1.161ms total 103.665ms
08-06 14:09:39.783 20441 20753 I art     : Starting a blocking GC Explicit
08-06 14:09:39.873 20441 20753 I art     : Explicit concurrent mark sweep GC freed 20(704B) AllocSpace objects, 0(0B) LOS objects, 29% free, 39MB/55MB, paused 1.192ms total 88.892ms
08-06 14:09:39.907 20441 20753 I art     : Starting a blocking GC Explicit
08-06 14:09:39.996 20441 20753 I art     : Explicit concurrent mark sweep GC freed 3(96B) AllocSpace objects, 0(0B) LOS objects, 29% free, 39MB/55MB, paused 824us total 88.249ms
08-06 14:09:40.032 20441 20753 I art     : Starting a blocking GC Explicit
08-06 14:09:40.110 20441 20753 I art     : Explicit concurrent mark sweep GC freed 4(160B) AllocSpace objects, 0(0B) LOS objects, 29% free, 39MB/55MB, paused 838us total 78.315ms
08-06 14:09:40.140 20441 20753 I art     : Starting a blocking GC Explicit
08-06 14:09:40.230 20441 20753 I art     : Explicit concurrent mark sweep GC freed 3(96B) AllocSpace objects, 0(0B) LOS objects, 29% free, 39MB/55MB, paused 944us total 89.251ms
08-06 14:09:40.644 20441 22114 I art     : Starting a blocking GC Explicit
08-06 14:09:40.746 20441 22114 I art     : Explicit concurrent mark sweep GC freed 1360(83KB) AllocSpace objects, 1(20KB) LOS objects, 29% free, 39MB/55MB, paused 872us total 101.101ms
08-06 14:09:40.779 20441 22114 I art     : Starting a blocking GC Explicit
08-06 14:09:40.784 23180 23180 I ServiceManager: Waiting for service AtCmdFwd...
08-06 14:09:40.857 20441 22114 I art     : Explicit concurrent mark sweep GC freed 20(704B) AllocSpace objects, 0(0B) LOS objects, 29% free, 39MB/55MB, paused 785us total 77.727ms
08-06 14:09:40.892 20441 22114 I art     : Starting a blocking GC Explicit
08-06 14:09:40.969 20441 22114 I art     : Explicit concurrent mark sweep GC freed 3(96B) AllocSpace objects, 0(0B) LOS objects, 29% free, 39MB/55MB, paused 801us total 76.982ms
08-06 14:09:40.999 20441 22114 I art     : Starting a blocking GC Explicit
08-06 14:09:41.078 20441 22114 I art     : Explicit concurrent mark sweep GC freed 3(96B) AllocSpace objects, 0(0B) LOS objects, 29% free, 39MB/55MB, paused 932us total 79.053ms
08-06 14:09:41.113 20441 22114 I art     : Starting a blocking GC Explicit
08-06 14:09:41.200 20441 22114 I art     : Explicit concurrent mark sweep GC freed 3(96B) AllocSpace objects, 0(0B) LOS objects, 29% free, 39MB/55MB, paused 1.026ms total 86.249ms
08-06 14:09:41.600 20441 20453 I art     : Starting a blocking GC Explicit
08-06 14:09:41.696 20441 20453 I art     : Explicit concurrent mark sweep GC freed 1358(82KB) AllocSpace objects, 1(20KB) LOS objects, 29% free, 39MB/55MB, paused 1.275ms total 94.622ms
08-06 14:09:41.727 20441 20453 I art     : Starting a blocking GC Explicit
08-06 14:09:41.784 23180 23180 I ServiceManager: Waiting for service AtCmdFwd...
08-06 14:09:41.805 20441 20453 I art     : Explicit concurrent mark sweep GC freed 20(704B) AllocSpace objects, 0(0B) LOS objects, 29% free, 39MB/55MB, paused 865us total 77.790ms
08-06 14:09:41.839 20441 20453 I art     : Starting a blocking GC Explicit
08-06 14:09:41.927 20441 20453 I art     : Explicit concurrent mark sweep GC freed 3(96B) AllocSpace objects, 0(0B) LOS objects, 29% free, 39MB/55MB, paused 1.246ms total 87.693ms
08-06 14:09:41.959 20441 20453 I art     : Starting a blocking GC Explicit
08-06 14:09:42.036 20441 20453 I art     : Explicit concurrent mark sweep GC freed 3(96B) AllocSpace objects, 0(0B) LOS objects, 29% free, 39MB/55MB, paused 937us total 76.656ms
08-06 14:09:42.066 20441 20453 I art     : Starting a blocking GC Explicit
08-06 14:09:42.149 20441 20453 I art     : Explicit concurrent mark sweep GC freed 3(96B) AllocSpace objects, 0(0B) LOS objects, 29% free, 39MB/55MB, paused 1.276ms total 82.566ms
08-06 14:09:42.471   518   646 I ThermalEngine: ACTION: GPU - Setting GPU[0] to 450000000
08-06 14:09:42.549 20441 20452 I art     : Starting a blocking GC Explicit
08-06 14:09:42.599 20441 23433 I RedditChangeDataIO: Writing tmp data file at '/data/user/0/baseline.org.quantumbadger.redreader/files/rr_change_data_tmp.dat'
08-06 14:09:42.601 20441 23433 I RedditChangeDataManager: Taking snapshot...
08-06 14:09:42.601 20441 23433 I RedditChangeDataManager: Writing to stream...
08-06 14:09:42.602 20441 23433 I RedditChangeDataManager: Wrote 6 entries for user ''
08-06 14:09:42.602 20441 23433 I RedditChangeDataManager: All entries written to stream.
08-06 14:09:42.602 20441 23433 I RedditChangeDataIO: Write successful. Atomically replacing data file...
08-06 14:09:42.603 20441 23433 I RedditChangeDataIO: Write complete.
08-06 14:09:42.604 20441 23433 I RedditChangeDataIO: 158 bytes written in 5 ms
08-06 14:09:42.626 20441 20452 I art     : Explicit concurrent mark sweep GC freed 1438(87KB) AllocSpace objects, 2(88KB) LOS objects, 29% free, 39MB/55MB, paused 545us total 77.449ms
08-06 14:09:42.648 20441 20452 I art     : Starting a blocking GC Explicit
08-06 14:09:42.717 20441 20452 I art     : Explicit concurrent mark sweep GC freed 30(1232B) AllocSpace objects, 0(0B) LOS objects, 29% free, 39MB/55MB, paused 550us total 68.724ms
08-06 14:09:42.738 20441 20452 I art     : Starting a blocking GC Explicit
08-06 14:09:42.782   918  5132 I Telecom : PhoneAccountRegistrar: SimCallManager queried, returning: null
08-06 14:09:42.785 23180 23180 I ServiceManager: Waiting for service AtCmdFwd...
08-06 14:09:42.803 20441 20452 I art     : Explicit concurrent mark sweep GC freed 3(96B) AllocSpace objects, 0(0B) LOS objects, 29% free, 39MB/55MB, paused 513us total 64.410ms
08-06 14:09:42.824 20441 20452 I art     : Starting a blocking GC Explicit
08-06 14:09:42.831   918   928 I Telecom : PhoneAccountRegistrar: SimCallManager queried, returning: null
08-06 14:09:42.884 20441 20452 I art     : Explicit concurrent mark sweep GC freed 3(96B) AllocSpace objects, 0(0B) LOS objects, 29% free, 39MB/55MB, paused 469us total 60.032ms
08-06 14:09:42.905 20441 20452 I art     : Starting a blocking GC Explicit
08-06 14:09:42.974 20441 20452 I art     : Explicit concurrent mark sweep GC freed 3(96B) AllocSpace objects, 0(0B) LOS objects, 29% free, 39MB/55MB, paused 585us total 68.906ms
08-06 14:09:43.336 20441 20677 I art     : Starting a blocking GC Explicit
08-06 14:09:43.401 20441 20677 I art     : Explicit concurrent mark sweep GC freed 1597(119KB) AllocSpace objects, 1(20KB) LOS objects, 29% free, 39MB/55MB, paused 495us total 63.869ms
08-06 14:09:43.422 20441 20677 I art     : Starting a blocking GC Explicit
08-06 14:09:43.483 20441 20677 I art     : Explicit concurrent mark sweep GC freed 85(2880B) AllocSpace objects, 0(0B) LOS objects, 29% free, 39MB/55MB, paused 417us total 61.378ms
08-06 14:09:43.502 20441 20677 I art     : Starting a blocking GC Explicit
08-06 14:09:43.554 20441 20677 I art     : Explicit concurrent mark sweep GC freed 3(96B) AllocSpace objects, 0(0B) LOS objects, 29% free, 39MB/55MB, paused 414us total 51.101ms
08-06 14:09:43.573 20441 20677 I art     : Starting a blocking GC Explicit
08-06 14:09:43.625 20441 20677 I art     : Explicit concurrent mark sweep GC freed 3(96B) AllocSpace objects, 0(0B) LOS objects, 29% free, 39MB/55MB, paused 424us total 51.581ms
08-06 14:09:43.644 20441 20677 I art     : Starting a blocking GC Explicit
08-06 14:09:43.700 20441 20677 I art     : Explicit concurrent mark sweep GC freed 3(96B) AllocSpace objects, 0(0B) LOS objects, 29% free, 39MB/55MB, paused 431us total 55.701ms
08-06 14:09:43.785 23180 23180 I ServiceManager: Waiting for service AtCmdFwd...
08-06 14:09:44.021 20441 22114 I art     : Starting a blocking GC Explicit
08-06 14:09:44.097 20441 22114 I art     : Explicit concurrent mark sweep GC freed 1360(83KB) AllocSpace objects, 1(20KB) LOS objects, 29% free, 39MB/55MB, paused 516us total 75.712ms
08-06 14:09:44.118 20441 22114 I art     : Starting a blocking GC Explicit
08-06 14:09:44.183 20441 22114 I art     : Explicit concurrent mark sweep GC freed 885(43KB) AllocSpace objects, 0(0B) LOS objects, 29% free, 39MB/55MB, paused 533us total 63.840ms
08-06 14:09:44.204 20441 22114 I art     : Starting a blocking GC Explicit
08-06 14:09:44.271 20441 22114 I art     : Explicit concurrent mark sweep GC freed 3(96B) AllocSpace objects, 0(0B) LOS objects, 29% free, 39MB/55MB, paused 523us total 67.239ms
08-06 14:09:44.292 20441 22114 I art     : Starting a blocking GC Explicit
08-06 14:09:44.358 20441 22114 I art     : Explicit concurrent mark sweep GC freed 3(96B) AllocSpace objects, 0(0B) LOS objects, 29% free, 39MB/55MB, paused 503us total 65.019ms
08-06 14:09:44.379 20441 22114 I art     : Starting a blocking GC Explicit
08-06 14:09:44.389 23511 23511 D AndroidRuntime: >>>>>> START com.android.internal.os.RuntimeInit uid 2000 <<<<<<
08-06 14:09:44.395 23511 23511 D AndroidRuntime: CheckJNI is OFF
08-06 14:09:44.439 23511 23511 D ICU     : No timezone override file found: /data/misc/zoneinfo/current/icu/icu_tzdata.dat
08-06 14:09:44.442 20441 22114 I art     : Explicit concurrent mark sweep GC freed 3(96B) AllocSpace objects, 0(0B) LOS objects, 29% free, 39MB/55MB, paused 540us total 63.478ms
08-06 14:09:44.487 23511 23511 I Radio-JNI: register_android_hardware_Radio DONE
08-06 14:09:44.515 23511 23511 D AndroidRuntime: Calling main entry com.android.commands.input.Input
08-06 14:09:44.517 23511 23511 I Input   : injectKeyEvent: KeyEvent { action=ACTION_DOWN, keyCode=KEYCODE_BACK, scanCode=0, metaState=0, flags=0x0, repeatCount=0, eventTime=886200930, downTime=886200930, deviceId=-1, source=0x101 }
08-06 14:09:44.524 23511 23511 I Input   : injectKeyEvent: KeyEvent { action=ACTION_UP, keyCode=KEYCODE_BACK, scanCode=0, metaState=0, flags=0x0, repeatCount=0, eventTime=886200930, downTime=886200930, deviceId=-1, source=0x101 }
08-06 14:09:44.530 23511 23511 D AndroidRuntime: Shutting down VM
08-06 14:09:44.578 13866 13866 I GoogleInputMethodServic: GoogleInputMethodService.onFinishInput():3138 
08-06 14:09:44.578 13866 13866 I GoogleInputMethodServic: GoogleInputMethodService.onStartInput():1808 
08-06 14:09:44.760 20441 22114 I art     : Starting a blocking GC Explicit
08-06 14:09:44.786 23180 23180 I ServiceManager: Waiting for service AtCmdFwd...
08-06 14:09:44.837 20441 22114 I art     : Explicit concurrent mark sweep GC freed 1621(91KB) AllocSpace objects, 1(20KB) LOS objects, 29% free, 39MB/55MB, paused 550us total 76.127ms
08-06 14:09:44.862 20441 22114 I art     : Starting a blocking GC Explicit
08-06 14:09:44.890   380   380 W SurfaceFlinger: couldn't log to binary event log: overflow.
08-06 14:09:44.921 20441 22114 I art     : Explicit concurrent mark sweep GC freed 81(2976B) AllocSpace objects, 0(0B) LOS objects, 29% free, 39MB/55MB, paused 471us total 58.369ms
08-06 14:09:44.940 20441 22114 I art     : Starting a blocking GC Explicit
08-06 14:09:44.998 20441 22114 I art     : Explicit concurrent mark sweep GC freed 12(480B) AllocSpace objects, 0(0B) LOS objects, 29% free, 39MB/55MB, paused 485us total 56.932ms
08-06 14:09:45.019 20441 22114 I art     : Starting a blocking GC Explicit
08-06 14:09:45.069 20441 22114 I art     : Explicit concurrent mark sweep GC freed 41382(2MB) AllocSpace objects, 5(140KB) LOS objects, 30% free, 36MB/52MB, paused 484us total 50.213ms
08-06 14:09:45.088 20441 22114 I art     : Starting a blocking GC Explicit
08-06 14:09:45.134 20441 22114 I art     : Explicit concurrent mark sweep GC freed 3(96B) AllocSpace objects, 0(0B) LOS objects, 30% free, 36MB/52MB, paused 477us total 45.159ms
08-06 14:09:45.483 20441 20677 I art     : Starting a blocking GC Explicit
08-06 14:09:45.546 20441 20677 I art     : Explicit concurrent mark sweep GC freed 1356(82KB) AllocSpace objects, 1(20KB) LOS objects, 30% free, 36MB/52MB, paused 527us total 61.944ms
08-06 14:09:45.566 20441 20677 I art     : Starting a blocking GC Explicit
08-06 14:09:45.614 20441 20677 I art     : Explicit concurrent mark sweep GC freed 20(704B) AllocSpace objects, 0(0B) LOS objects, 30% free, 36MB/52MB, paused 491us total 47.133ms
08-06 14:09:45.632 20441 20677 I art     : Starting a blocking GC Explicit
08-06 14:09:45.680 20441 20677 I art     : Explicit concurrent mark sweep GC freed 3(96B) AllocSpace objects, 0(0B) LOS objects, 30% free, 36MB/52MB, paused 487us total 47.747ms
08-06 14:09:45.699 20441 20677 I art     : Starting a blocking GC Explicit
08-06 14:09:45.750 20441 20677 I art     : Explicit concurrent mark sweep GC freed 3(96B) AllocSpace objects, 0(0B) LOS objects, 30% free, 36MB/52MB, paused 551us total 50.252ms
08-06 14:09:45.773 20441 20677 I art     : Starting a blocking GC Explicit
08-06 14:09:45.786 23180 23180 W Atfwd_Sendcmd: AtCmdFwd service not published, waiting... retryCnt : 2
08-06 14:09:45.818 20441 20677 I art     : Explicit concurrent mark sweep GC freed 3(96B) AllocSpace objects, 0(0B) LOS objects, 30% free, 36MB/52MB, paused 493us total 44.600ms
08-06 14:09:46.149 20441 20452 I art     : Starting a blocking GC Explicit
08-06 14:09:46.209 20441 20452 I art     : Explicit concurrent mark sweep GC freed 1356(82KB) AllocSpace objects, 1(20KB) LOS objects, 30% free, 36MB/52MB, paused 605us total 59.864ms
08-06 14:09:46.232 20441 20452 I art     : Starting a blocking GC Explicit
08-06 14:09:46.280 20441 20452 I art     : Explicit concurrent mark sweep GC freed 20(704B) AllocSpace objects, 0(0B) LOS objects, 30% free, 36MB/52MB, paused 483us total 47.914ms
08-06 14:09:46.299 20441 20452 I art     : Starting a blocking GC Explicit
08-06 14:09:46.323 23555 23555 D AndroidRuntime: >>>>>> START com.android.internal.os.RuntimeInit uid 2000 <<<<<<
08-06 14:09:46.329 23555 23555 D AndroidRuntime: CheckJNI is OFF
08-06 14:09:46.348 20441 20452 I art     : Explicit concurrent mark sweep GC freed 3(96B) AllocSpace objects, 0(0B) LOS objects, 30% free, 36MB/52MB, paused 511us total 48.476ms
08-06 14:09:46.366 20441 20452 I art     : Starting a blocking GC Explicit
08-06 14:09:46.376 23555 23555 D ICU     : No timezone override file found: /data/misc/zoneinfo/current/icu/icu_tzdata.dat
08-06 14:09:46.413 20441 20452 I art     : Explicit concurrent mark sweep GC freed 3(96B) AllocSpace objects, 0(0B) LOS objects, 30% free, 36MB/52MB, paused 522us total 46.536ms
08-06 14:09:46.425 23555 23555 I Radio-JNI: register_android_hardware_Radio DONE
08-06 14:09:46.432 20441 20452 I art     : Starting a blocking GC Explicit
08-06 14:09:46.456 23555 23555 D AndroidRuntime: Calling main entry com.android.commands.input.Input
08-06 14:09:46.458 23555 23555 I Input   : injectMotionEvent: MotionEvent { action=ACTION_DOWN, actionButton=0, id[0]=0, x[0]=600.0, y[0]=938.0, toolType[0]=TOOL_TYPE_UNKNOWN, buttonState=0, metaState=0, flags=0x0, edgeFlags=0x0, pointerCount=1, historySize=0, eventTime=886202870, downTime=886202870, deviceId=0, source=0x1002 }
08-06 14:09:46.465 23555 23555 I Input   : injectMotionEvent: MotionEvent { action=ACTION_UP, actionButton=0, id[0]=0, x[0]=600.0, y[0]=938.0, toolType[0]=TOOL_TYPE_UNKNOWN, buttonState=0, metaState=0, flags=0x0, edgeFlags=0x0, pointerCount=1, historySize=0, eventTime=886202870, downTime=886202870, deviceId=0, source=0x1002 }
08-06 14:09:46.466 23555 23555 D AndroidRuntime: Shutting down VM
08-06 14:09:46.480   512  2967 D audio_hw_primary: out_set_parameters: enter: usecase(1: low-latency-playback) kvpairs: routing=2
08-06 14:09:46.480 20441 20452 I art     : Explicit concurrent mark sweep GC freed 18(4KB) AllocSpace objects, 0(0B) LOS objects, 30% free, 36MB/52MB, paused 786us total 48.259ms
08-06 14:09:46.481   918  6029 I ActivityManager: START u0 {dat=https://gfycat.com/... cmp=baseline.org.quantumbadger.redreader/.activities.ImageViewActivity (has extras)} from uid 10705 on display 0
08-06 14:09:46.493   512  2967 D audio_hw_primary: select_devices: out_snd_device(2: speaker) in_snd_device(0: none)
08-06 14:09:46.493   512  2967 D msm8974_platform: platform_send_audio_calibration: sending audio calibration for snd_device(2) acdb_id(15)
08-06 14:09:46.493   512  2967 I soundtrigger: audio_extn_sound_trigger_update_device_status: device 0x2 of type 0 for Event 1
08-06 14:09:46.506 20441 20441 I ImageViewActivity: Loading URL https://gfycat.com/deadlygravecavy
08-06 14:09:46.509   512  2967 D audio_hw_primary: enable_snd_device: snd_device(2: speaker)
08-06 14:09:46.511   512  2967 D audio_hw_primary: enable_audio_route: apply and update mixer path: low-latency-playback speaker
08-06 14:09:46.521 20441 21030 I ImageViewActivity: Got image URL: https://giant.gfycat.com/DeadlyGraveCavy.mp4
08-06 14:09:46.521 20441 21030 I ImageViewActivity: Got image Type: video/mp4
08-06 14:09:46.521 20441 21030 I ImageViewActivity: Got media Type: VIDEO
08-06 14:09:46.521 20441 21030 I ImageViewActivity: Media type VIDEO detected
08-06 14:09:46.521 20441 21030 I ImageViewActivity: Proceeding with download
08-06 14:09:46.527 20441 23582 D OK      : calling: https://giant.gfycat.com/DeadlyGraveCavy.mp4
08-06 14:09:46.562 13866 13866 I GoogleInputMethodServic: GoogleInputMethodService.onFinishInput():3138 
08-06 14:09:46.562 13866 13866 I GoogleInputMethodServic: GoogleInputMethodService.onStartInput():1808 
08-06 14:09:46.592   918   936 I ActivityManager: Displayed baseline.org.quantumbadger.redreader/.activities.ImageViewActivity: +99ms
08-06 14:09:46.796 20441 20677 I art     : Starting a blocking GC Explicit
08-06 14:09:46.825   380   380 W SurfaceFlinger: couldn't log to binary event log: overflow.
08-06 14:09:46.851 20441 20677 I art     : Explicit concurrent mark sweep GC freed 5468(331KB) AllocSpace objects, 1(20KB) LOS objects, 30% free, 36MB/52MB, paused 523us total 54.237ms
08-06 14:09:46.869 20441 20677 I art     : Starting a blocking GC Explicit
08-06 14:09:46.888 20441 23582 I NAPPA_EXPERIMENTATION: MetricNetworkRequestExecutionTime: REQUEST_DURATION_SYSTEM='361',REQUEST_DURATION_OKHTTP='154',REQUEST_SYNCHRONOUS='TRUE',RESPONSE_CODE='200',RESPONSE_METHOD='GET',RESPONSE_LENGTH_OKHTTP='1942309',RESPONSE_LENGTH_HEADER='1942309',REQUEST_PROTOCOL='h2',REQUEST_URL='https://giant.gfycat.com/DeadlyGraveCavy.mp4',
08-06 14:09:46.888 20441 23582 D OK      : request got status: 200
08-06 14:09:46.911 20441 20677 I art     : Explicit concurrent mark sweep GC freed 468(27KB) AllocSpace objects, 0(0B) LOS objects, 30% free, 37MB/53MB, paused 720us total 42.083ms
08-06 14:09:46.930 20441 20677 I art     : Starting a blocking GC Explicit
08-06 14:09:46.979 20441 20677 I art     : Explicit concurrent mark sweep GC freed 254(11KB) AllocSpace objects, 0(0B) LOS objects, 29% free, 37MB/53MB, paused 622us total 49.215ms
08-06 14:09:46.998 20441 20677 I art     : Starting a blocking GC Explicit
08-06 14:09:47.041 20441 20677 I art     : Explicit concurrent mark sweep GC freed 366(33KB) AllocSpace objects, 0(0B) LOS objects, 29% free, 37MB/53MB, paused 609us total 42.394ms
08-06 14:09:47.048   512  2967 D audio_hw_primary: disable_audio_route: reset and update mixer path: low-latency-playback speaker
08-06 14:09:47.049   512  2967 D audio_hw_primary: disable_snd_device: snd_device(2: speaker)
08-06 14:09:47.056   512  2967 I soundtrigger: audio_extn_sound_trigger_update_device_status: device 0x2 of type 0 for Event 0
08-06 14:09:47.058 20441 20677 I art     : Starting a blocking GC Explicit
08-06 14:09:47.099 20441 20677 I art     : Explicit concurrent mark sweep GC freed 446(26KB) AllocSpace objects, 0(0B) LOS objects, 29% free, 38MB/54MB, paused 586us total 41.062ms
08-06 14:09:47.301 20441 20441 I ImageViewActivity: Playing video using ExoPlayer
08-06 14:09:47.359 20441 20441 I ExoPlayerImpl: Init f7dc0c1 [ExoPlayerLib/2.10.8] [angler, Nexus 6P, Huawei, 23]
08-06 14:09:47.430 20441 20453 I art     : Starting a blocking GC Explicit
08-06 14:09:47.495 20441 20453 I art     : Explicit concurrent mark sweep GC freed 6431(2MB) AllocSpace objects, 7(324KB) LOS objects, 29% free, 38MB/54MB, paused 592us total 65.258ms
08-06 14:09:47.513 20441 20453 I art     : Starting a blocking GC Explicit
08-06 14:09:47.561 20441 20453 I art     : Explicit concurrent mark sweep GC freed 476(27KB) AllocSpace objects, 0(0B) LOS objects, 29% free, 37MB/53MB, paused 886us total 47.540ms
08-06 14:09:47.580 20441 20453 I art     : Starting a blocking GC Explicit
08-06 14:09:47.597 20441 23607 W VideoCapabilities: Unrecognized profile 2130706433 for video/avc
08-06 14:09:47.632 20441 20453 I art     : Explicit concurrent mark sweep GC freed 3307(134KB) AllocSpace objects, 0(0B) LOS objects, 29% free, 38MB/54MB, paused 882us total 52.042ms
08-06 14:09:47.638 20441 23607 I VideoCapabilities: Unsupported profile 4 for video/mp4v-es
08-06 14:09:47.652 20441 20453 I art     : Starting a blocking GC Explicit
08-06 14:09:47.656 20441 23610 I OMXClient: Using client-side OMX mux.
08-06 14:09:47.699 20441 20453 I art     : Explicit concurrent mark sweep GC freed 1903(81KB) AllocSpace objects, 0(0B) LOS objects, 28% free, 39MB/55MB, paused 538us total 46.821ms
08-06 14:09:47.718 20441 20453 I art     : Starting a blocking GC Explicit
08-06 14:09:47.764 20441 20453 I art     : Explicit concurrent mark sweep GC freed 5(240B) AllocSpace objects, 0(0B) LOS objects, 28% free, 39MB/55MB, paused 558us total 45.348ms
08-06 14:09:47.798   512 12837 I OMX-VDEC-1080P: component_init: OMX.qcom.video.decoder.avc : fd=49
08-06 14:09:47.798   512 12837 I OMX-VDEC-1080P: Capabilities: driver_name = msm_vidc_driver, card = msm_vdec_8974, bus_info = , version = 1, capabilities = 4003000
08-06 14:09:47.803   512 12837 I OMX-VDEC-1080P: Enabling default extradata for OMX.qcom.video.decoder.avc
08-06 14:09:47.807   512 12837 I OMX-VDEC-1080P: omx_vdec::component_init() success : fd=49
08-06 14:09:47.810 20441 23609 I MediaCodec: [OMX.qcom.video.decoder.avc] setting surface generation to 20931585
08-06 14:09:47.812   512 12932 E OMX-VDEC-1080P: Extension: OMX.google.android.index.storeANWBufferInMetadata not implemented
08-06 14:09:47.842 20441 23610 D SurfaceUtils: set up nativeWindow 0x7f7eb66010 for 360x306, color 0x7fa30c04, rotation 0, usage 0x42002900
08-06 14:09:47.872 20441 23610 D SurfaceUtils: set up nativeWindow 0x7f7eb66010 for 368x320, color 0x7fa30c04, rotation 0, usage 0x42002900
08-06 14:09:48.095 20441 22114 I art     : Starting a blocking GC Explicit
08-06 14:09:48.150 20441 22114 I art     : Explicit concurrent mark sweep GC freed 1747(143KB) AllocSpace objects, 2(88KB) LOS objects, 28% free, 40MB/56MB, paused 557us total 53.901ms
08-06 14:09:48.170 20441 22114 I art     : Starting a blocking GC Explicit
08-06 14:09:48.227 20441 22114 I art     : Explicit concurrent mark sweep GC freed 52(1872B) AllocSpace objects, 0(0B) LOS objects, 28% free, 40MB/56MB, paused 4.841ms total 57.229ms
08-06 14:09:48.247 20441 22114 I art     : Starting a blocking GC Explicit
08-06 14:09:48.298 20441 22114 I art     : Explicit concurrent mark sweep GC freed 30(1136B) AllocSpace objects, 0(0B) LOS objects, 28% free, 40MB/56MB, paused 530us total 51.339ms
08-06 14:09:48.318 20441 22114 I art     : Starting a blocking GC Explicit
08-06 14:09:48.371 20441 22114 I art     : Explicit concurrent mark sweep GC freed 25(928B) AllocSpace objects, 0(0B) LOS objects, 28% free, 40MB/56MB, paused 562us total 52.507ms
08-06 14:09:48.390 20441 22114 I art     : Starting a blocking GC Explicit
08-06 14:09:48.441 20441 22114 I art     : Explicit concurrent mark sweep GC freed 31(1136B) AllocSpace objects, 0(0B) LOS objects, 28% free, 40MB/56MB, paused 514us total 50.705ms
08-06 14:09:48.484   518   646 I ThermalEngine: ACTION: GPU - Setting GPU[0] to 390000000
08-06 14:09:48.825 20441 20753 I art     : Starting a blocking GC Explicit
08-06 14:09:48.890 20441 20753 I art     : Explicit concurrent mark sweep GC freed 1500(88KB) AllocSpace objects, 1(20KB) LOS objects, 28% free, 40MB/56MB, paused 976us total 65.161ms
08-06 14:09:48.917 20441 20753 I art     : Starting a blocking GC Explicit
08-06 14:09:48.980 20441 20753 I art     : Explicit concurrent mark sweep GC freed 46(1680B) AllocSpace objects, 0(0B) LOS objects, 28% free, 40MB/56MB, paused 903us total 62.813ms
08-06 14:09:49.007 20441 20753 I art     : Starting a blocking GC Explicit
08-06 14:09:49.072 20441 20753 I art     : Explicit concurrent mark sweep GC freed 36(1344B) AllocSpace objects, 0(0B) LOS objects, 28% free, 40MB/56MB, paused 892us total 64.649ms
08-06 14:09:49.099 20441 20753 I art     : Starting a blocking GC Explicit
08-06 14:09:49.165 20441 20753 I art     : Explicit concurrent mark sweep GC freed 36(1344B) AllocSpace objects, 0(0B) LOS objects, 28% free, 40MB/56MB, paused 1.180ms total 65.727ms
08-06 14:09:49.165 20441 20451 I art     : WaitForGcToComplete blocked for 66.168ms for cause HeapTrim
08-06 14:09:49.192 20441 20753 I art     : Starting a blocking GC Explicit
08-06 14:09:49.258 20441 20753 I art     : Explicit concurrent mark sweep GC freed 36(1344B) AllocSpace objects, 0(0B) LOS objects, 28% free, 40MB/56MB, paused 1.118ms total 65.385ms
08-06 14:09:49.624 20441 20452 I art     : Starting a blocking GC Explicit
08-06 14:09:49.686 20441 20452 I art     : Explicit concurrent mark sweep GC freed 1505(88KB) AllocSpace objects, 1(20KB) LOS objects, 28% free, 40MB/56MB, paused 775us total 60.928ms
08-06 14:09:49.712 20441 20452 I art     : Starting a blocking GC Explicit
08-06 14:09:49.774 20441 20452 I art     : Explicit concurrent mark sweep GC freed 43(1600B) AllocSpace objects, 0(0B) LOS objects, 28% free, 40MB/56MB, paused 1.070ms total 61.582ms
08-06 14:09:49.801 20441 20452 I art     : Starting a blocking GC Explicit
08-06 14:09:49.864 20441 20452 I art     : Explicit concurrent mark sweep GC freed 29(1072B) AllocSpace objects, 0(0B) LOS objects, 28% free, 40MB/56MB, paused 877us total 62.917ms
08-06 14:09:49.890 20441 20452 I art     : Starting a blocking GC Explicit
08-06 14:09:49.955 20441 20452 I art     : Explicit concurrent mark sweep GC freed 36(1344B) AllocSpace objects, 0(0B) LOS objects, 28% free, 40MB/56MB, paused 965us total 64.310ms
08-06 14:09:49.982 20441 20452 I art     : Starting a blocking GC Explicit
08-06 14:09:50.047 20441 20452 I art     : Explicit concurrent mark sweep GC freed 32(1200B) AllocSpace objects, 0(0B) LOS objects, 28% free, 40MB/56MB, paused 1.105ms total 65.067ms
08-06 14:09:50.426 20441 20677 I art     : Starting a blocking GC Explicit
08-06 14:09:50.486   518   646 I ThermalEngine: ACTION: GPU - Setting GPU[0] to 450000000
08-06 14:09:50.490 20441 20677 I art     : Explicit concurrent mark sweep GC freed 1505(88KB) AllocSpace objects, 1(20KB) LOS objects, 28% free, 40MB/56MB, paused 447us total 64.455ms
08-06 14:09:50.510 20441 20677 I art     : Starting a blocking GC Explicit
08-06 14:09:50.559 20441 20677 I art     : Explicit concurrent mark sweep GC freed 42(1536B) AllocSpace objects, 0(0B) LOS objects, 28% free, 40MB/56MB, paused 546us total 48.886ms
08-06 14:09:50.578 20441 20677 I art     : Starting a blocking GC Explicit
08-06 14:09:50.630 20441 20677 I art     : Explicit concurrent mark sweep GC freed 26(976B) AllocSpace objects, 0(0B) LOS objects, 28% free, 40MB/56MB, paused 536us total 52.123ms
08-06 14:09:50.650 20441 20677 I art     : Starting a blocking GC Explicit
08-06 14:09:50.704 20441 20677 I art     : Explicit concurrent mark sweep GC freed 36(1312B) AllocSpace objects, 0(0B) LOS objects, 28% free, 40MB/56MB, paused 574us total 53.778ms
08-06 14:09:50.723 20441 20677 I art     : Starting a blocking GC Explicit
08-06 14:09:50.775 20441 20677 I art     : Explicit concurrent mark sweep GC freed 27(1024B) AllocSpace objects, 0(0B) LOS objects, 28% free, 40MB/56MB, paused 533us total 51.387ms
08-06 14:09:51.153 20441 20753 I art     : Starting a blocking GC Explicit
08-06 14:09:51.205 20441 20753 I art     : Explicit concurrent mark sweep GC freed 1487(87KB) AllocSpace objects, 1(20KB) LOS objects, 28% free, 40MB/56MB, paused 565us total 52.035ms
08-06 14:09:51.224 20441 20753 I art     : Starting a blocking GC Explicit
08-06 14:09:51.275 20441 20753 I art     : Explicit concurrent mark sweep GC freed 49(1808B) AllocSpace objects, 0(0B) LOS objects, 28% free, 40MB/56MB, paused 580us total 50.827ms
08-06 14:09:51.295 20441 20753 I art     : Starting a blocking GC Explicit
08-06 14:09:51.347 20441 20753 I art     : Explicit concurrent mark sweep GC freed 25(928B) AllocSpace objects, 0(0B) LOS objects, 28% free, 40MB/56MB, paused 602us total 52.005ms
08-06 14:09:51.367 20441 20753 I art     : Starting a blocking GC Explicit
08-06 14:09:51.418 20441 20753 I art     : Explicit concurrent mark sweep GC freed 29(1040B) AllocSpace objects, 0(0B) LOS objects, 28% free, 40MB/56MB, paused 612us total 50.760ms
08-06 14:09:51.438 20441 20753 I art     : Starting a blocking GC Explicit
08-06 14:09:51.489 20441 20753 I art     : Explicit concurrent mark sweep GC freed 25(960B) AllocSpace objects, 0(0B) LOS objects, 28% free, 40MB/56MB, paused 548us total 51.429ms
08-06 14:09:51.495 20441 23581 I RedditChangeDataIO: Writing tmp data file at '/data/user/0/baseline.org.quantumbadger.redreader/files/rr_change_data_tmp.dat'
08-06 14:09:51.496 20441 23581 I RedditChangeDataManager: Taking snapshot...
08-06 14:09:51.496 20441 23581 I RedditChangeDataManager: Writing to stream...
08-06 14:09:51.496 20441 23581 I RedditChangeDataManager: Wrote 6 entries for user ''
08-06 14:09:51.497 20441 23581 I RedditChangeDataManager: All entries written to stream.
08-06 14:09:51.497 20441 23581 I RedditChangeDataIO: Write successful. Atomically replacing data file...
08-06 14:09:51.497 20441 23581 I RedditChangeDataIO: Write complete.
08-06 14:09:51.497 20441 23581 I RedditChangeDataIO: 158 bytes written in 2 ms
08-06 14:09:51.864 20441 22114 I art     : Starting a blocking GC Explicit
08-06 14:09:51.917 20441 22114 I art     : Explicit concurrent mark sweep GC freed 1589(93KB) AllocSpace objects, 2(88KB) LOS objects, 28% free, 40MB/56MB, paused 495us total 53.502ms
08-06 14:09:51.937 20441 22114 I art     : Starting a blocking GC Explicit
08-06 14:09:51.988 20441 22114 I art     : Explicit concurrent mark sweep GC freed 45(1632B) AllocSpace objects, 0(0B) LOS objects, 28% free, 40MB/56MB, paused 558us total 51.441ms
08-06 14:09:52.009 20441 22114 I art     : Starting a blocking GC Explicit
08-06 14:09:52.060 20441 22114 I art     : Explicit concurrent mark sweep GC freed 26(976B) AllocSpace objects, 0(0B) LOS objects, 28% free, 40MB/56MB, paused 584us total 50.882ms
08-06 14:09:52.080 20441 22114 I art     : Starting a blocking GC Explicit
08-06 14:09:52.133 20441 22114 I art     : Explicit concurrent mark sweep GC freed 25(928B) AllocSpace objects, 0(0B) LOS objects, 28% free, 40MB/56MB, paused 510us total 52.784ms
08-06 14:09:52.153 20441 22114 I art     : Starting a blocking GC Explicit
08-06 14:09:52.204 20441 22114 I art     : Explicit concurrent mark sweep GC freed 25(928B) AllocSpace objects, 0(0B) LOS objects, 28% free, 40MB/56MB, paused 594us total 51.229ms
08-06 14:09:52.294   918  3188 I hubconnection: sensorhub said: 'set_bias 3: -5.2416, 0.0000, 0.0000'
08-06 14:09:52.566 20441 20753 I art     : Starting a blocking GC Explicit
08-06 14:09:52.621 20441 20753 I art     : Explicit concurrent mark sweep GC freed 1686(119KB) AllocSpace objects, 1(20KB) LOS objects, 28% free, 40MB/56MB, paused 502us total 54.073ms
08-06 14:09:52.640 20441 20753 I art     : Starting a blocking GC Explicit
08-06 14:09:52.690 20441 20753 I art     : Explicit concurrent mark sweep GC freed 113(3KB) AllocSpace objects, 0(0B) LOS objects, 28% free, 40MB/56MB, paused 530us total 49.825ms
08-06 14:09:52.709 20441 20753 I art     : Starting a blocking GC Explicit
08-06 14:09:52.753 20441 20753 I art     : Explicit concurrent mark sweep GC freed 19(720B) AllocSpace objects, 0(0B) LOS objects, 28% free, 40MB/56MB, paused 489us total 43.753ms
08-06 14:09:52.771 20441 20753 I art     : Starting a blocking GC Explicit
08-06 14:09:52.818 20441 20753 I art     : Explicit concurrent mark sweep GC freed 31(1136B) AllocSpace objects, 0(0B) LOS objects, 28% free, 40MB/56MB, paused 571us total 47.046ms
08-06 14:09:52.837 20441 20753 I art     : Starting a blocking GC Explicit
08-06 14:09:52.885 20441 20753 I art     : Explicit concurrent mark sweep GC freed 15(576B) AllocSpace objects, 0(0B) LOS objects, 28% free, 40MB/56MB, paused 519us total 48.570ms
08-06 14:09:53.221 23691 23691 D AndroidRuntime: >>>>>> START com.android.internal.os.RuntimeInit uid 2000 <<<<<<
08-06 14:09:53.227 23691 23691 D AndroidRuntime: CheckJNI is OFF
08-06 14:09:53.237 20441 22114 I art     : Starting a blocking GC Explicit
08-06 14:09:53.272 23691 23691 D ICU     : No timezone override file found: /data/misc/zoneinfo/current/icu/icu_tzdata.dat
08-06 14:09:53.288 20441 22114 I art     : Explicit concurrent mark sweep GC freed 1498(88KB) AllocSpace objects, 1(20KB) LOS objects, 28% free, 40MB/56MB, paused 539us total 50.995ms
08-06 14:09:53.307 20441 22114 I art     : Starting a blocking GC Explicit
08-06 14:09:53.318 23691 23691 I Radio-JNI: register_android_hardware_Radio DONE
08-06 14:09:53.347 23691 23691 D AndroidRuntime: Calling main entry com.android.commands.input.Input
08-06 14:09:53.349 23691 23691 I Input   : injectKeyEvent: KeyEvent { action=ACTION_DOWN, keyCode=KEYCODE_BACK, scanCode=0, metaState=0, flags=0x0, repeatCount=0, eventTime=886209762, downTime=886209762, deviceId=-1, source=0x101 }
08-06 14:09:53.357 20441 22114 I art     : Explicit concurrent mark sweep GC freed 38(1424B) AllocSpace objects, 0(0B) LOS objects, 28% free, 40MB/56MB, paused 450us total 49.665ms
08-06 14:09:53.360 23691 23691 I Input   : injectKeyEvent: KeyEvent { action=ACTION_UP, keyCode=KEYCODE_BACK, scanCode=0, metaState=0, flags=0x0, repeatCount=0, eventTime=886209762, downTime=886209762, deviceId=-1, source=0x101 }
08-06 14:09:53.376 20441 22114 I art     : Starting a blocking GC Explicit
08-06 14:09:53.377 23691 23691 D AndroidRuntime: Shutting down VM
08-06 14:09:53.421 20441 22114 I art     : Explicit concurrent mark sweep GC freed 163(5KB) AllocSpace objects, 0(0B) LOS objects, 28% free, 40MB/56MB, paused 496us total 44.039ms
08-06 14:09:53.435 13866 13866 I GoogleInputMethodServic: GoogleInputMethodService.onFinishInput():3138 
08-06 14:09:53.436 13866 13866 I GoogleInputMethodServic: GoogleInputMethodService.onStartInput():1808 
08-06 14:09:53.439 20441 22114 I art     : Starting a blocking GC Explicit
08-06 14:09:53.484 20441 22114 I art     : Explicit concurrent mark sweep GC freed 121(4KB) AllocSpace objects, 0(0B) LOS objects, 28% free, 40MB/56MB, paused 594us total 44.233ms
08-06 14:09:53.504 20441 22114 I art     : Starting a blocking GC Explicit
08-06 14:09:53.514 20441 23609 I MediaCodec: [OMX.qcom.video.decoder.avc] setting surface generation to 20931586
08-06 14:09:53.515 20441 23610 D SurfaceUtils: set up nativeWindow 0x7f7eb66e10 for 368x320, color 0x7fa30c04, rotation 0, usage 0x42002900
08-06 14:09:53.554 20441 22114 I art     : Explicit concurrent mark sweep GC freed 58(3KB) AllocSpace objects, 0(0B) LOS objects, 28% free, 40MB/56MB, paused 527us total 49.847ms
08-06 14:09:53.739 20441 20441 I ExoPlayerImpl: Release f7dc0c1 [ExoPlayerLib/2.10.8] [angler, Nexus 6P, Huawei, 23] [goog.exo.core, goog.exo.ui]
08-06 14:09:53.749   380   380 W SurfaceFlinger: couldn't log to binary event log: overflow.
08-06 14:09:53.755   512  2978 I OMX-VDEC-1080P: omx_vdec::component_deinit() complete
08-06 14:09:53.757   512  2978 I OMX-VDEC-1080P: Exit OMX vdec Destructor: fd=49
08-06 14:09:53.860 20441 22114 I art     : Starting a blocking GC Explicit
08-06 14:09:53.909 20441 22114 I art     : Explicit concurrent mark sweep GC freed 1848(187KB) AllocSpace objects, 36(2MB) LOS objects, 29% free, 37MB/53MB, paused 488us total 47.977ms
08-06 14:09:53.927 20441 22114 I art     : Starting a blocking GC Explicit
08-06 14:09:53.972 20441 22114 I art     : Explicit concurrent mark sweep GC freed 2908(161KB) AllocSpace objects, 4(200KB) LOS objects, 29% free, 37MB/53MB, paused 473us total 45.101ms
08-06 14:09:53.990 20441 22114 I art     : Starting a blocking GC Explicit
08-06 14:09:54.038 20441 22114 I art     : Explicit concurrent mark sweep GC freed 3(96B) AllocSpace objects, 0(0B) LOS objects, 29% free, 37MB/53MB, paused 512us total 47.899ms
08-06 14:09:54.057 20441 22114 I art     : Starting a blocking GC Explicit
08-06 14:09:54.104 20441 22114 I art     : Explicit concurrent mark sweep GC freed 3(96B) AllocSpace objects, 0(0B) LOS objects, 29% free, 37MB/53MB, paused 494us total 47.569ms
08-06 14:09:54.123 20441 22114 I art     : Starting a blocking GC Explicit
08-06 14:09:54.172 20441 22114 I art     : Explicit concurrent mark sweep GC freed 3(96B) AllocSpace objects, 0(0B) LOS objects, 29% free, 37MB/53MB, paused 495us total 48.639ms
08-06 14:09:54.498   518   646 I ThermalEngine: ACTION: GPU - Setting GPU[0] to 390000000
08-06 14:09:54.540 20441 20453 I art     : Starting a blocking GC Explicit
08-06 14:09:54.547 12162 12181 I Finsky  : [6223] ktr.run(-1): Stats for Executor: BlockingExecutor kvs@e92de3c[Running, pool size = 0, active threads = 0, queued tasks = 0, completed tasks = 139]
08-06 14:09:54.548 12162 12181 I Finsky  : [6223] ktr.run(-1): Stats for Executor: LightweightExecutor kvs@2a717c5[Running, pool size = 4, active threads = 0, queued tasks = 0, completed tasks = 80]
08-06 14:09:54.620 20441 20453 I art     : Explicit concurrent mark sweep GC freed 1356(82KB) AllocSpace objects, 1(20KB) LOS objects, 29% free, 37MB/53MB, paused 1.599ms total 78.708ms
08-06 14:09:54.646 20441 20453 I art     : Starting a blocking GC Explicit
08-06 14:09:54.701 20441 20453 I art     : Explicit concurrent mark sweep GC freed 20(704B) AllocSpace objects, 0(0B) LOS objects, 29% free, 37MB/53MB, paused 760us total 54.209ms
08-06 14:09:54.727 20441 20453 I art     : Starting a blocking GC Explicit
08-06 14:09:54.787 20441 20453 I art     : Explicit concurrent mark sweep GC freed 3(96B) AllocSpace objects, 0(0B) LOS objects, 29% free, 37MB/53MB, paused 795us total 59.591ms
08-06 14:09:54.813 20441 20453 I art     : Starting a blocking GC Explicit
08-06 14:09:54.873 20441 20453 I art     : Explicit concurrent mark sweep GC freed 3(96B) AllocSpace objects, 0(0B) LOS objects, 29% free, 37MB/53MB, paused 752us total 60.065ms
08-06 14:09:54.899 20441 20453 I art     : Starting a blocking GC Explicit
08-06 14:09:54.959 20441 20453 I art     : Explicit concurrent mark sweep GC freed 3(96B) AllocSpace objects, 0(0B) LOS objects, 29% free, 37MB/53MB, paused 936us total 59.534ms
08-06 14:09:55.065 12162 12181 I Finsky  : [6223] ktr.run(-1): Stats for Executor: bgExecutor kvs@1c1551a[Running, pool size = 4, active threads = 0, queued tasks = 0, completed tasks = 466]
08-06 14:09:55.261 23735 23735 D AndroidRuntime: >>>>>> START com.android.internal.os.RuntimeInit uid 2000 <<<<<<
08-06 14:09:55.267 23735 23735 D AndroidRuntime: CheckJNI is OFF
08-06 14:09:55.323 23735 23735 D ICU     : No timezone override file found: /data/misc/zoneinfo/current/icu/icu_tzdata.dat
08-06 14:09:55.328 20441 20753 I art     : Starting a blocking GC Explicit
08-06 14:09:55.368 23735 23735 I Radio-JNI: register_android_hardware_Radio DONE
08-06 14:09:55.391 20441 20753 I art     : Explicit concurrent mark sweep GC freed 1356(82KB) AllocSpace objects, 1(20KB) LOS objects, 29% free, 37MB/53MB, paused 763us total 63.437ms
08-06 14:09:55.401 23735 23735 D AndroidRuntime: Calling main entry com.android.commands.input.Input
08-06 14:09:55.404 23735 23735 I Input   : injectMotionEvent: MotionEvent { action=ACTION_DOWN, actionButton=0, id[0]=0, x[0]=1340.0, y[0]=1100.0, toolType[0]=TOOL_TYPE_UNKNOWN, buttonState=0, metaState=0, flags=0x0, edgeFlags=0x0, pointerCount=1, historySize=0, eventTime=886211816, downTime=886211816, deviceId=0, source=0x1002 }
08-06 14:09:55.410 23735 23735 I Input   : injectMotionEvent: MotionEvent { action=ACTION_UP, actionButton=0, id[0]=0, x[0]=1340.0, y[0]=1100.0, toolType[0]=TOOL_TYPE_UNKNOWN, buttonState=0, metaState=0, flags=0x0, edgeFlags=0x0, pointerCount=1, historySize=0, eventTime=886211816, downTime=886211816, deviceId=0, source=0x1002 }
08-06 14:09:55.412 23735 23735 D AndroidRuntime: Shutting down VM
08-06 14:09:55.418 20441 20753 I art     : Starting a blocking GC Explicit
08-06 14:09:55.429   512  2967 D audio_hw_primary: out_set_parameters: enter: usecase(1: low-latency-playback) kvpairs: routing=2
08-06 14:09:55.429   918  3670 I ActivityManager: START u0 {dat=https://oauth.reddit.com/... cmp=baseline.org.quantumbadger.redreader/.activities.CommentListingActivity} from uid 10705 on display 0
08-06 14:09:55.443   512  2967 D audio_hw_primary: select_devices: out_snd_device(2: speaker) in_snd_device(0: none)
08-06 14:09:55.443   512  2967 D msm8974_platform: platform_send_audio_calibration: sending audio calibration for snd_device(2) acdb_id(15)
08-06 14:09:55.443   512  2967 I soundtrigger: audio_extn_sound_trigger_update_device_status: device 0x2 of type 0 for Event 1
08-06 14:09:55.460   512  2967 D audio_hw_primary: enable_snd_device: snd_device(2: speaker)
08-06 14:09:55.462   512  2967 D audio_hw_primary: enable_audio_route: apply and update mixer path: low-latency-playback speaker
08-06 14:09:55.463 20441 20441 I AppCompatViewInflater: app:theme is now deprecated. Please move to using android:theme instead.
08-06 14:09:55.483 20441 20753 I art     : Explicit concurrent mark sweep GC freed 742(39KB) AllocSpace objects, 0(0B) LOS objects, 29% free, 37MB/53MB, paused 1.142ms total 64.941ms
08-06 14:09:55.495 20441 21030 I CommentListingActivity: COMMENTS session changed to cde66248-a0fc-4ec8-a06a-24853e2f7076
08-06 14:09:55.497   518   646 I ThermalEngine: ACTION: GPU - Setting GPU[0] to 450000000
08-06 14:09:55.509 20441 20753 I art     : Starting a blocking GC Explicit
08-06 14:09:55.562 20441 20753 I art     : Explicit concurrent mark sweep GC freed 6023(342KB) AllocSpace objects, 0(0B) LOS objects, 29% free, 38MB/54MB, paused 1.443ms total 52.460ms
08-06 14:09:55.580 20441 20753 I art     : Starting a blocking GC Explicit
08-06 14:09:55.619   918   936 I ActivityManager: Displayed baseline.org.quantumbadger.redreader/.activities.CommentListingActivity: +179ms
08-06 14:09:55.619 13866 13866 I GoogleInputMethodServic: GoogleInputMethodService.onFinishInput():3138 
08-06 14:09:55.624 13866 13866 I GoogleInputMethodServic: GoogleInputMethodService.onStartInput():1808 
08-06 14:09:55.647 20441 20753 I art     : Explicit concurrent mark sweep GC freed 10410(514KB) AllocSpace objects, 0(0B) LOS objects, 28% free, 39MB/55MB, paused 1.295ms total 66.096ms
08-06 14:09:55.667 20441 20753 I art     : Starting a blocking GC Explicit
08-06 14:09:55.727 20441 20753 I art     : Explicit concurrent mark sweep GC freed 12506(751KB) AllocSpace objects, 0(0B) LOS objects, 28% free, 39MB/55MB, paused 659us total 59.485ms
08-06 14:09:55.788 23180 23180 I ServiceManager: Waiting for service AtCmdFwd...
08-06 14:09:55.869   380   380 W SurfaceFlinger: couldn't log to binary event log: overflow.
08-06 14:09:56.009   512  2967 D audio_hw_primary: disable_audio_route: reset and update mixer path: low-latency-playback speaker
08-06 14:09:56.011   512  2967 D audio_hw_primary: disable_snd_device: snd_device(2: speaker)
08-06 14:09:56.019   512  2967 I soundtrigger: audio_extn_sound_trigger_update_device_status: device 0x2 of type 0 for Event 0
08-06 14:09:56.063 20441 22114 I art     : Starting a blocking GC Explicit
08-06 14:09:56.129 20441 22114 I art     : Explicit concurrent mark sweep GC freed 15071(679KB) AllocSpace objects, 1(20KB) LOS objects, 28% free, 39MB/55MB, paused 449us total 65.147ms
08-06 14:09:56.150 20441 22114 I art     : Starting a blocking GC Explicit
08-06 14:09:56.208 20441 22114 I art     : Explicit concurrent mark sweep GC freed 74(3KB) AllocSpace objects, 0(0B) LOS objects, 28% free, 39MB/55MB, paused 434us total 56.810ms
08-06 14:09:56.229 20441 22114 I art     : Starting a blocking GC Explicit
08-06 14:09:56.291 20441 22114 I art     : Explicit concurrent mark sweep GC freed 3(96B) AllocSpace objects, 0(0B) LOS objects, 28% free, 39MB/55MB, paused 440us total 61.803ms
08-06 14:09:56.312 20441 22114 I art     : Starting a blocking GC Explicit
08-06 14:09:56.374 20441 22114 I art     : Explicit concurrent mark sweep GC freed 3(96B) AllocSpace objects, 0(0B) LOS objects, 28% free, 39MB/55MB, paused 488us total 60.912ms
08-06 14:09:56.394 20441 22114 I art     : Starting a blocking GC Explicit
08-06 14:09:56.452 20441 22114 I art     : Explicit concurrent mark sweep GC freed 3(96B) AllocSpace objects, 0(0B) LOS objects, 28% free, 39MB/55MB, paused 457us total 57.238ms
08-06 14:09:56.502   518   646 I ThermalEngine: ACTION: GPU - Setting GPU[0] to 390000000
08-06 14:09:56.789 23180 23180 I ServiceManager: Waiting for service AtCmdFwd...
08-06 14:09:56.812 20441 20677 I art     : Starting a blocking GC Explicit
08-06 14:09:56.915 20441 20677 I art     : Explicit concurrent mark sweep GC freed 1356(82KB) AllocSpace objects, 1(20KB) LOS objects, 28% free, 39MB/55MB, paused 903us total 102.717ms
08-06 14:09:56.947 20441 20677 I art     : Starting a blocking GC Explicit
08-06 14:09:57.029 20441 20677 I art     : Explicit concurrent mark sweep GC freed 66(2528B) AllocSpace objects, 0(0B) LOS objects, 28% free, 39MB/55MB, paused 1.020ms total 81.865ms
08-06 14:09:57.064 20441 20677 I art     : Starting a blocking GC Explicit
08-06 14:09:57.143 20441 20677 I art     : Explicit concurrent mark sweep GC freed 3(96B) AllocSpace objects, 0(0B) LOS objects, 28% free, 39MB/55MB, paused 677us total 79.185ms
08-06 14:09:57.173 20441 20677 I art     : Starting a blocking GC Explicit
08-06 14:09:57.257 20441 20677 I art     : Explicit concurrent mark sweep GC freed 3(96B) AllocSpace objects, 0(0B) LOS objects, 28% free, 39MB/55MB, paused 865us total 83.489ms
08-06 14:09:57.290 20441 20677 I art     : Starting a blocking GC Explicit
08-06 14:09:57.370 20441 20677 I art     : Explicit concurrent mark sweep GC freed 3(96B) AllocSpace objects, 0(0B) LOS objects, 28% free, 39MB/55MB, paused 1.087ms total 79.942ms
08-06 14:09:57.749 20441 20453 I art     : Starting a blocking GC Explicit
08-06 14:09:57.789 23180 23180 I ServiceManager: Waiting for service AtCmdFwd...
08-06 14:09:57.840 20441 20453 I art     : Explicit concurrent mark sweep GC freed 1356(82KB) AllocSpace objects, 1(20KB) LOS objects, 28% free, 39MB/55MB, paused 757us total 89.850ms
08-06 14:09:57.867 20441 20453 I art     : Starting a blocking GC Explicit
08-06 14:09:57.946 20441 20453 I art     : Explicit concurrent mark sweep GC freed 20(704B) AllocSpace objects, 0(0B) LOS objects, 28% free, 39MB/55MB, paused 676us total 78.454ms
08-06 14:09:57.976 20441 20453 I art     : Starting a blocking GC Explicit
08-06 14:09:58.055 20441 20453 I art     : Explicit concurrent mark sweep GC freed 3(96B) AllocSpace objects, 0(0B) LOS objects, 28% free, 39MB/55MB, paused 677us total 78.682ms
08-06 14:09:58.088 20441 20453 I art     : Starting a blocking GC Explicit
08-06 14:09:58.176 20441 20453 I art     : Explicit concurrent mark sweep GC freed 3(96B) AllocSpace objects, 0(0B) LOS objects, 28% free, 39MB/55MB, paused 754us total 86.607ms
08-06 14:09:58.210 20441 20453 I art     : Starting a blocking GC Explicit
08-06 14:09:58.289 20441 20453 I art     : Explicit concurrent mark sweep GC freed 3(96B) AllocSpace objects, 0(0B) LOS objects, 28% free, 39MB/55MB, paused 727us total 79.020ms
08-06 14:09:58.667 20441 20452 I art     : Starting a blocking GC Explicit
08-06 14:09:58.767 20441 20452 I art     : Explicit concurrent mark sweep GC freed 1356(82KB) AllocSpace objects, 1(20KB) LOS objects, 28% free, 39MB/55MB, paused 817us total 99.502ms
08-06 14:09:58.790 23180 23180 I ServiceManager: Waiting for service AtCmdFwd...
08-06 14:09:58.803 20441 20452 I art     : Starting a blocking GC Explicit
08-06 14:09:58.890 20441 20452 I art     : Explicit concurrent mark sweep GC freed 20(704B) AllocSpace objects, 0(0B) LOS objects, 28% free, 39MB/55MB, paused 834us total 86.837ms
08-06 14:09:58.927 20441 20452 I art     : Starting a blocking GC Explicit
08-06 14:09:59.014 20441 20452 I art     : Explicit concurrent mark sweep GC freed 3(96B) AllocSpace objects, 0(0B) LOS objects, 28% free, 39MB/55MB, paused 1.081ms total 86.343ms
08-06 14:09:59.050 20441 20452 I art     : Starting a blocking GC Explicit
08-06 14:09:59.136 20441 20452 I art     : Explicit concurrent mark sweep GC freed 3(96B) AllocSpace objects, 0(0B) LOS objects, 28% free, 39MB/55MB, paused 758us total 85.295ms
08-06 14:09:59.168 20441 20452 I art     : Starting a blocking GC Explicit
08-06 14:09:59.251 20441 20452 I art     : Explicit concurrent mark sweep GC freed 3(96B) AllocSpace objects, 0(0B) LOS objects, 28% free, 39MB/55MB, paused 925us total 82.587ms
08-06 14:09:59.506   518   646 I ThermalEngine: ACTION: GPU - Setting GPU[0] to 450000000
08-06 14:09:59.623 20441 20753 I art     : Starting a blocking GC Explicit
08-06 14:09:59.698 20441 20753 I art     : Explicit concurrent mark sweep GC freed 1356(82KB) AllocSpace objects, 1(20KB) LOS objects, 28% free, 39MB/55MB, paused 505us total 75.189ms
08-06 14:09:59.719 20441 20753 I art     : Starting a blocking GC Explicit
08-06 14:09:59.782 20441 20753 I art     : Explicit concurrent mark sweep GC freed 20(704B) AllocSpace objects, 0(0B) LOS objects, 28% free, 39MB/55MB, paused 512us total 62.177ms
08-06 14:09:59.791 23180 23180 I ServiceManager: Waiting for service AtCmdFwd...
08-06 14:09:59.803 20441 20753 I art     : Starting a blocking GC Explicit
08-06 14:09:59.869 20441 20753 I art     : Explicit concurrent mark sweep GC freed 3(96B) AllocSpace objects, 0(0B) LOS objects, 28% free, 39MB/55MB, paused 522us total 66.248ms
08-06 14:09:59.891 20441 20753 I art     : Starting a blocking GC Explicit
08-06 14:09:59.958 20441 20753 I art     : Explicit concurrent mark sweep GC freed 3(96B) AllocSpace objects, 0(0B) LOS objects, 28% free, 39MB/55MB, paused 527us total 67.597ms
08-06 14:09:59.980 20441 20753 I art     : Starting a blocking GC Explicit
08-06 14:10:00.043 20441 20753 I art     : Explicit concurrent mark sweep GC freed 3(96B) AllocSpace objects, 0(0B) LOS objects, 28% free, 39MB/55MB, paused 675us total 62.547ms
08-06 14:10:00.203 23811 23811 D AndroidRuntime: >>>>>> START com.android.internal.os.RuntimeInit uid 2000 <<<<<<
08-06 14:10:00.210 23811 23811 D AndroidRuntime: CheckJNI is OFF
08-06 14:10:00.251 23811 23811 D ICU     : No timezone override file found: /data/misc/zoneinfo/current/icu/icu_tzdata.dat
08-06 14:10:00.292 23811 23811 I Radio-JNI: register_android_hardware_Radio DONE
08-06 14:10:00.321 23811 23811 D AndroidRuntime: Calling main entry com.android.commands.input.Input
08-06 14:10:00.323 23811 23811 I Input   : injectKeyEvent: KeyEvent { action=ACTION_DOWN, keyCode=KEYCODE_BACK, scanCode=0, metaState=0, flags=0x0, repeatCount=0, eventTime=886216736, downTime=886216736, deviceId=-1, source=0x101 }
08-06 14:10:00.328 23811 23811 I Input   : injectKeyEvent: KeyEvent { action=ACTION_UP, keyCode=KEYCODE_BACK, scanCode=0, metaState=0, flags=0x0, repeatCount=0, eventTime=886216736, downTime=886216736, deviceId=-1, source=0x101 }
08-06 14:10:00.334 23811 23811 D AndroidRuntime: Shutting down VM
08-06 14:10:00.384 13866 13866 I GoogleInputMethodServic: GoogleInputMethodService.onFinishInput():3138 
08-06 14:10:00.384 13866 13866 I GoogleInputMethodServic: GoogleInputMethodService.onStartInput():1808 
08-06 14:10:00.395 20441 20677 I art     : Starting a blocking GC Explicit
08-06 14:10:00.458 20441 23759 I RedditChangeDataIO: Writing tmp data file at '/data/user/0/baseline.org.quantumbadger.redreader/files/rr_change_data_tmp.dat'
08-06 14:10:00.459 20441 23759 I RedditChangeDataManager: Taking snapshot...
08-06 14:10:00.459 20441 23759 I RedditChangeDataManager: Writing to stream...
08-06 14:10:00.460 20441 23759 I RedditChangeDataManager: Wrote 6 entries for user ''
08-06 14:10:00.460 20441 23759 I RedditChangeDataManager: All entries written to stream.
08-06 14:10:00.460 20441 23759 I RedditChangeDataIO: Write successful. Atomically replacing data file...
08-06 14:10:00.460 20441 23759 I RedditChangeDataIO: Write complete.
08-06 14:10:00.460 20441 23759 I RedditChangeDataIO: 158 bytes written in 2 ms
08-06 14:10:00.462 20441 20677 I art     : Explicit concurrent mark sweep GC freed 1686(95KB) AllocSpace objects, 2(88KB) LOS objects, 28% free, 39MB/55MB, paused 497us total 67.304ms
08-06 14:10:00.481 20441 20677 I art     : Starting a blocking GC Explicit
08-06 14:10:00.538 20441 20677 I art     : Explicit concurrent mark sweep GC freed 51(2272B) AllocSpace objects, 0(0B) LOS objects, 28% free, 39MB/55MB, paused 483us total 56.802ms
08-06 14:10:00.561 20441 20677 I art     : Starting a blocking GC Explicit
08-06 14:10:00.638 20441 20677 I art     : Explicit concurrent mark sweep GC freed 3(96B) AllocSpace objects, 0(0B) LOS objects, 28% free, 39MB/55MB, paused 513us total 76.228ms
08-06 14:10:00.664 20441 20677 I art     : Starting a blocking GC Explicit
08-06 14:10:00.690   380   380 W SurfaceFlinger: couldn't log to binary event log: overflow.
08-06 14:10:00.727 20441 20677 I art     : Explicit concurrent mark sweep GC freed 51(1920B) AllocSpace objects, 0(0B) LOS objects, 28% free, 39MB/55MB, paused 513us total 62.671ms
08-06 14:10:00.747 20441 20677 I art     : Starting a blocking GC Explicit
08-06 14:10:00.791 23180 23180 W Atfwd_Sendcmd: AtCmdFwd service not published, waiting... retryCnt : 3
08-06 14:10:00.810 20441 20677 I art     : Explicit concurrent mark sweep GC freed 11(448B) AllocSpace objects, 0(0B) LOS objects, 28% free, 39MB/55MB, paused 525us total 62.645ms
08-06 14:10:01.158 20441 20453 I art     : Starting a blocking GC Explicit
08-06 14:10:01.237 20441 20453 I art     : Explicit concurrent mark sweep GC freed 42723(2MB) AllocSpace objects, 6(160KB) LOS objects, 29% free, 37MB/53MB, paused 758us total 78.051ms
08-06 14:10:01.256 20441 20453 I art     : Starting a blocking GC Explicit
08-06 14:10:01.305 20441 20453 I art     : Explicit concurrent mark sweep GC freed 20(704B) AllocSpace objects, 0(0B) LOS objects, 29% free, 37MB/53MB, paused 493us total 48.796ms
08-06 14:10:01.325 20441 20453 I art     : Starting a blocking GC Explicit
08-06 14:10:01.374 20441 20453 I art     : Explicit concurrent mark sweep GC freed 3(96B) AllocSpace objects, 0(0B) LOS objects, 29% free, 37MB/53MB, paused 491us total 48.735ms
08-06 14:10:01.393 20441 20453 I art     : Starting a blocking GC Explicit
08-06 14:10:01.444 20441 20453 I art     : Explicit concurrent mark sweep GC freed 3(96B) AllocSpace objects, 0(0B) LOS objects, 29% free, 37MB/53MB, paused 517us total 51.128ms
08-06 14:10:01.467 20441 20453 I art     : Starting a blocking GC Explicit
08-06 14:10:01.516 20441 20453 I art     : Explicit concurrent mark sweep GC freed 3(96B) AllocSpace objects, 0(0B) LOS objects, 29% free, 37MB/53MB, paused 496us total 48.926ms
08-06 14:10:01.840 20441 20452 I art     : Starting a blocking GC Explicit
08-06 14:10:01.900 20441 20452 I art     : Explicit concurrent mark sweep GC freed 1356(82KB) AllocSpace objects, 1(20KB) LOS objects, 29% free, 37MB/53MB, paused 568us total 59.596ms
08-06 14:10:01.925 20441 20452 I art     : Starting a blocking GC Explicit
08-06 14:10:01.973 20441 20452 I art     : Explicit concurrent mark sweep GC freed 20(704B) AllocSpace objects, 0(0B) LOS objects, 29% free, 37MB/53MB, paused 531us total 47.815ms
08-06 14:10:01.993 20441 20452 I art     : Starting a blocking GC Explicit
08-06 14:10:02.044 20441 20452 I art     : Explicit concurrent mark sweep GC freed 3(96B) AllocSpace objects, 0(0B) LOS objects, 29% free, 37MB/53MB, paused 506us total 51.383ms
08-06 14:10:02.064 20441 20452 I art     : Starting a blocking GC Explicit
08-06 14:10:02.115 20441 20452 I art     : Explicit concurrent mark sweep GC freed 3(96B) AllocSpace objects, 0(0B) LOS objects, 29% free, 37MB/53MB, paused 528us total 51.183ms
08-06 14:10:02.126 23844 23844 D AndroidRuntime: >>>>>> START com.android.internal.os.RuntimeInit uid 2000 <<<<<<
08-06 14:10:02.132 23844 23844 D AndroidRuntime: CheckJNI is OFF
08-06 14:10:02.135 20441 20452 I art     : Starting a blocking GC Explicit
08-06 14:10:02.176 23844 23844 D ICU     : No timezone override file found: /data/misc/zoneinfo/current/icu/icu_tzdata.dat
08-06 14:10:02.184 20441 20452 I art     : Explicit concurrent mark sweep GC freed 3(96B) AllocSpace objects, 0(0B) LOS objects, 29% free, 37MB/53MB, paused 510us total 49.086ms
08-06 14:10:02.224 23844 23844 I Radio-JNI: register_android_hardware_Radio DONE
08-06 14:10:02.252 23844 23844 D AndroidRuntime: Calling main entry com.android.commands.input.Input
08-06 14:10:02.254 23844 23844 I Input   : injectKeyEvent: KeyEvent { action=ACTION_DOWN, keyCode=KEYCODE_BACK, scanCode=0, metaState=0, flags=0x0, repeatCount=0, eventTime=886218668, downTime=886218668, deviceId=-1, source=0x101 }
08-06 14:10:02.260 23844 23844 I Input   : injectKeyEvent: KeyEvent { action=ACTION_UP, keyCode=KEYCODE_BACK, scanCode=0, metaState=0, flags=0x0, repeatCount=0, eventTime=886218668, downTime=886218668, deviceId=-1, source=0x101 }
08-06 14:10:02.266 23844 23844 D AndroidRuntime: Shutting down VM
08-06 14:10:02.304 13866 13866 I GoogleInputMethodServic: GoogleInputMethodService.onFinishInput():3138 
08-06 14:10:02.305 13866 13866 I GoogleInputMethodServic: GoogleInputMethodService.onStartInput():1808 
08-06 14:10:02.337   918  3261 D WifiStateMachine: starting scan for "H369AA63323"WPA_PSK with 2412,5180
08-06 14:10:02.501 20441 20453 I art     : Starting a blocking GC Explicit
08-06 14:10:02.560 20441 20453 I art     : Explicit concurrent mark sweep GC freed 1536(88KB) AllocSpace objects, 1(20KB) LOS objects, 29% free, 37MB/53MB, paused 441us total 59.517ms
08-06 14:10:02.584 20441 20453 I art     : Starting a blocking GC Explicit
08-06 14:10:02.631 20441 20453 I art     : Explicit concurrent mark sweep GC freed 62(2128B) AllocSpace objects, 0(0B) LOS objects, 29% free, 37MB/53MB, paused 530us total 46.925ms
08-06 14:10:02.649 20441 20453 I art     : Starting a blocking GC Explicit
08-06 14:10:02.696 20441 20453 I art     : Explicit concurrent mark sweep GC freed 23(992B) AllocSpace objects, 0(0B) LOS objects, 29% free, 37MB/53MB, paused 518us total 47.210ms
08-06 14:10:02.715 20441 20453 I art     : Starting a blocking GC Explicit
08-06 14:10:02.765 20441 20453 I art     : Explicit concurrent mark sweep GC freed 133(6KB) AllocSpace objects, 0(0B) LOS objects, 29% free, 37MB/53MB, paused 535us total 50.233ms
08-06 14:10:02.784 20441 20453 I art     : Starting a blocking GC Explicit
08-06 14:10:02.835 20441 20453 I art     : Explicit concurrent mark sweep GC freed 3(96B) AllocSpace objects, 0(0B) LOS objects, 29% free, 37MB/53MB, paused 545us total 50.663ms
08-06 14:10:03.185 20441 20452 I art     : Starting a blocking GC Explicit
08-06 14:10:03.252 20441 20452 I art     : Explicit concurrent mark sweep GC freed 1356(82KB) AllocSpace objects, 1(20KB) LOS objects, 29% free, 37MB/53MB, paused 596us total 66.505ms
08-06 14:10:03.275 20441 20452 I art     : Starting a blocking GC Explicit
08-06 14:10:03.328 20441 20452 I art     : Explicit concurrent mark sweep GC freed 20(704B) AllocSpace objects, 0(0B) LOS objects, 29% free, 37MB/53MB, paused 567us total 52.273ms
08-06 14:10:03.347 20441 20452 I art     : Starting a blocking GC Explicit
08-06 14:10:03.401 20441 20452 I art     : Explicit concurrent mark sweep GC freed 3(96B) AllocSpace objects, 0(0B) LOS objects, 29% free, 37MB/53MB, paused 578us total 53.285ms
08-06 14:10:03.423 20441 20452 I art     : Starting a blocking GC Explicit
08-06 14:10:03.475 20441 20452 I art     : Explicit concurrent mark sweep GC freed 3(96B) AllocSpace objects, 0(0B) LOS objects, 29% free, 37MB/53MB, paused 526us total 51.015ms
08-06 14:10:03.494 20441 20452 I art     : Starting a blocking GC Explicit
08-06 14:10:03.541 20441 20452 I art     : Explicit concurrent mark sweep GC freed 3(96B) AllocSpace objects, 0(0B) LOS objects, 29% free, 37MB/53MB, paused 537us total 47.177ms
08-06 14:10:03.872 20441 20753 I art     : Starting a blocking GC Explicit
08-06 14:10:03.928 20441 20753 I art     : Explicit concurrent mark sweep GC freed 1356(82KB) AllocSpace objects, 1(20KB) LOS objects, 29% free, 37MB/53MB, paused 604us total 56.093ms
08-06 14:10:03.952 20441 20753 I art     : Starting a blocking GC Explicit
08-06 14:10:04.004 20441 20753 I art     : Explicit concurrent mark sweep GC freed 20(704B) AllocSpace objects, 0(0B) LOS objects, 29% free, 37MB/53MB, paused 528us total 51.124ms
08-06 14:10:04.023 20441 20753 I art     : Starting a blocking GC Explicit
08-06 14:10:04.066 23887 23887 D AndroidRuntime: >>>>>> START com.android.internal.os.RuntimeInit uid 2000 <<<<<<
08-06 14:10:04.072 23887 23887 D AndroidRuntime: CheckJNI is OFF
08-06 14:10:04.074 20441 20753 I art     : Explicit concurrent mark sweep GC freed 3(96B) AllocSpace objects, 0(0B) LOS objects, 29% free, 37MB/53MB, paused 596us total 50.893ms
08-06 14:10:04.094 20441 20753 I art     : Starting a blocking GC Explicit
08-06 14:10:04.119 23887 23887 D ICU     : No timezone override file found: /data/misc/zoneinfo/current/icu/icu_tzdata.dat
08-06 14:10:04.143 20441 20753 I art     : Explicit concurrent mark sweep GC freed 3(96B) AllocSpace objects, 0(0B) LOS objects, 29% free, 37MB/53MB, paused 550us total 49.539ms
08-06 14:10:04.162 20441 20753 I art     : Starting a blocking GC Explicit
08-06 14:10:04.167 23887 23887 I Radio-JNI: register_android_hardware_Radio DONE
08-06 14:10:04.198 23887 23887 D AndroidRuntime: Calling main entry com.android.commands.input.Input
08-06 14:10:04.199 23887 23887 I Input   : injectMotionEvent: MotionEvent { action=ACTION_DOWN, actionButton=0, id[0]=0, x[0]=600.0, y[0]=1733.0, toolType[0]=TOOL_TYPE_UNKNOWN, buttonState=0, metaState=0, flags=0x0, edgeFlags=0x0, pointerCount=1, historySize=0, eventTime=886220612, downTime=886220612, deviceId=0, source=0x1002 }
08-06 14:10:04.206 23887 23887 I Input   : injectMotionEvent: MotionEvent { action=ACTION_UP, actionButton=0, id[0]=0, x[0]=600.0, y[0]=1733.0, toolType[0]=TOOL_TYPE_UNKNOWN, buttonState=0, metaState=0, flags=0x0, edgeFlags=0x0, pointerCount=1, historySize=0, eventTime=886220612, downTime=886220612, deviceId=0, source=0x1002 }
08-06 14:10:04.207 23887 23887 D AndroidRuntime: Shutting down VM
08-06 14:10:04.213   512  2967 D audio_hw_primary: out_set_parameters: enter: usecase(1: low-latency-playback) kvpairs: routing=2
08-06 14:10:04.214   918  6111 I ActivityManager: START u0 {dat=https://oauth.reddit.com/... cmp=baseline.org.quantumbadger.redreader/.activities.PostListingActivity} from uid 10705 on display 0
08-06 14:10:04.215 20441 20753 I art     : Explicit concurrent mark sweep GC freed 36(1152B) AllocSpace objects, 0(0B) LOS objects, 29% free, 37MB/53MB, paused 606us total 50.999ms
08-06 14:10:04.226   512  2967 D audio_hw_primary: select_devices: out_snd_device(2: speaker) in_snd_device(0: none)
08-06 14:10:04.226   512  2967 D msm8974_platform: platform_send_audio_calibration: sending audio calibration for snd_device(2) acdb_id(15)
08-06 14:10:04.226   512  2967 I soundtrigger: audio_extn_sound_trigger_update_device_status: device 0x2 of type 0 for Event 1
08-06 14:10:04.237   512  2967 D audio_hw_primary: enable_snd_device: snd_device(2: speaker)
08-06 14:10:04.238 20441 20441 I AppCompatViewInflater: app:theme is now deprecated. Please move to using android:theme instead.
08-06 14:10:04.239   512  2967 D audio_hw_primary: enable_audio_route: apply and update mixer path: low-latency-playback speaker
08-06 14:10:04.260 20441 23912 D OK      : calling: https://oauth.reddit.com/r/aww/about.json
08-06 14:10:04.325   918   936 I ActivityManager: Displayed baseline.org.quantumbadger.redreader/.activities.PostListingActivity: +100ms
08-06 14:10:04.326 13866 13866 I GoogleInputMethodServic: GoogleInputMethodService.onFinishInput():3138 
08-06 14:10:04.327 13866 13866 I GoogleInputMethodServic: GoogleInputMethodService.onStartInput():1808 
08-06 14:10:04.532 20441 20452 I art     : Starting a blocking GC Explicit
08-06 14:10:04.561   380   380 W SurfaceFlinger: couldn't log to binary event log: overflow.
08-06 14:10:04.590 20441 20452 I art     : Explicit concurrent mark sweep GC freed 4944(264KB) AllocSpace objects, 1(20KB) LOS objects, 29% free, 37MB/53MB, paused 564us total 57.847ms
08-06 14:10:04.608 20441 20452 I art     : Starting a blocking GC Explicit
08-06 14:10:04.610 20441 23912 I NAPPA_EXPERIMENTATION: MetricNetworkRequestExecutionTime: REQUEST_DURATION_SYSTEM='350',REQUEST_DURATION_OKHTTP='149',REQUEST_SYNCHRONOUS='TRUE',RESPONSE_CODE='200',RESPONSE_METHOD='GET',RESPONSE_LENGTH_OKHTTP='-1',RESPONSE_LENGTH_HEADER='3478',REQUEST_PROTOCOL='h2',REQUEST_URL='https://oauth.reddit.com/r/aww/about.json',
08-06 14:10:04.611 20441 23912 D OK      : request got status: 200
08-06 14:10:04.654 20441 20452 I art     : Explicit concurrent mark sweep GC freed 1423(182KB) AllocSpace objects, 1(68KB) LOS objects, 29% free, 37MB/53MB, paused 745us total 46.478ms
08-06 14:10:04.672 20441 20452 I art     : Starting a blocking GC Explicit
08-06 14:10:04.719 20441 20452 I art     : Explicit concurrent mark sweep GC freed 728(48KB) AllocSpace objects, 1(68KB) LOS objects, 29% free, 37MB/53MB, paused 570us total 46.106ms
08-06 14:10:04.719 20441 20451 I art     : WaitForGcToComplete blocked for 20.651ms for cause HeapTrim
08-06 14:10:04.737 20441 20452 I art     : Starting a blocking GC Explicit
08-06 14:10:04.783 20441 20452 I art     : Explicit concurrent mark sweep GC freed 28(1216B) AllocSpace objects, 0(0B) LOS objects, 29% free, 37MB/53MB, paused 545us total 45.757ms
08-06 14:10:04.788   512  2967 D audio_hw_primary: disable_audio_route: reset and update mixer path: low-latency-playback speaker
08-06 14:10:04.789   512  2967 D audio_hw_primary: disable_snd_device: snd_device(2: speaker)
08-06 14:10:04.799   512  2967 I soundtrigger: audio_extn_sound_trigger_update_device_status: device 0x2 of type 0 for Event 0
08-06 14:10:04.801 20441 20452 I art     : Starting a blocking GC Explicit
08-06 14:10:04.846 20441 20452 I art     : Explicit concurrent mark sweep GC freed 3(96B) AllocSpace objects, 0(0B) LOS objects, 29% free, 37MB/53MB, paused 501us total 45.010ms
08-06 14:10:05.193 20441 20753 I art     : Starting a blocking GC Explicit
08-06 14:10:05.245 20441 20753 I art     : Explicit concurrent mark sweep GC freed 1415(85KB) AllocSpace objects, 1(20KB) LOS objects, 29% free, 37MB/53MB, paused 566us total 51.808ms
08-06 14:10:05.264 20441 20753 I art     : Starting a blocking GC Explicit
08-06 14:10:05.312 20441 20753 I art     : Explicit concurrent mark sweep GC freed 20(704B) AllocSpace objects, 0(0B) LOS objects, 29% free, 37MB/53MB, paused 497us total 47.392ms
08-06 14:10:05.331 20441 20753 I art     : Starting a blocking GC Explicit
08-06 14:10:05.381 20441 20753 I art     : Explicit concurrent mark sweep GC freed 3(96B) AllocSpace objects, 0(0B) LOS objects, 29% free, 37MB/53MB, paused 592us total 49.230ms
08-06 14:10:05.400 20441 20753 I art     : Starting a blocking GC Explicit
08-06 14:10:05.449 20441 20753 I art     : Explicit concurrent mark sweep GC freed 3(96B) AllocSpace objects, 0(0B) LOS objects, 29% free, 37MB/53MB, paused 534us total 49.054ms
08-06 14:10:05.461 20441 23936 D OK      : calling: https://oauth.reddit.com/r/aww/hot/.json
08-06 14:10:05.468 20441 20753 I art     : Starting a blocking GC Explicit
08-06 14:10:05.517 20441 20753 I art     : Explicit concurrent mark sweep GC freed 95(3KB) AllocSpace objects, 0(0B) LOS objects, 29% free, 37MB/53MB, paused 683us total 48.559ms
08-06 14:10:05.709 20441 23936 I NAPPA_EXPERIMENTATION: MetricNetworkRequestExecutionTime: REQUEST_DURATION_SYSTEM='248',REQUEST_DURATION_OKHTTP='244',REQUEST_SYNCHRONOUS='TRUE',RESPONSE_CODE='200',RESPONSE_METHOD='GET',RESPONSE_LENGTH_OKHTTP='-1',RESPONSE_LENGTH_HEADER='33430',REQUEST_PROTOCOL='h2',REQUEST_URL='https://oauth.reddit.com/r/aww/hot/.json',
08-06 14:10:05.709 20441 23936 D OK      : request got status: 200
08-06 14:10:05.736 20441 21030 I PostListingFragment: Precaching images: OFF
08-06 14:10:05.736 20441 21030 I PostListingFragment: Precaching comments: OFF
08-06 14:10:05.759 20441 21030 I getImgurImageInfo: Image NSO7Npm: trying API v3 with auth
08-06 14:10:05.778 20441 23951 I RedditVideosAPI: For 'https://v.redd.it/fkewv2f65kd51/DASHPlaylist.mpd', got video stream 'https://v.redd.it/fkewv2f65kd51/DASH_480' and audio stream 'https://v.redd.it/fkewv2f65kd51/audio'
08-06 14:10:05.865 20441 22114 I art     : Starting a blocking GC Explicit
08-06 14:10:05.924 20441 22114 I art     : Explicit concurrent mark sweep GC freed 24507(1674KB) AllocSpace objects, 68(3MB) LOS objects, 26% free, 43MB/59MB, paused 1.075ms total 58.704ms
08-06 14:10:05.927 20441 22931 I RedditVideosAPI: For 'https://v.redd.it/s9qqadf3mid51/DASHPlaylist.mpd', got video stream 'https://v.redd.it/s9qqadf3mid51/DASH_480' and audio stream 'https://v.redd.it/s9qqadf3mid51/audio'
08-06 14:10:05.933 20441 23951 I RedditVideosAPI: For 'https://v.redd.it/ppmhu2r9thd51/DASHPlaylist.mpd', got video stream 'https://v.redd.it/ppmhu2r9thd51/DASH_480' and audio stream 'null'
08-06 14:10:05.943 20441 22114 I art     : Starting a blocking GC Explicit
08-06 14:10:05.954 20441 23951 I RedditVideosAPI: For 'https://v.redd.it/ak6rer1hskd51/DASHPlaylist.mpd', got video stream 'https://v.redd.it/ak6rer1hskd51/DASH_360' and audio stream 'null'
08-06 14:10:05.956 20441 22931 I RedditVideosAPI: For 'https://v.redd.it/h49fg58ygjd51/DASHPlaylist.mpd', got video stream 'https://v.redd.it/h49fg58ygjd51/DASH_480' and audio stream 'null'
08-06 14:10:05.959 20441 22931 I RedditVideosAPI: For 'https://v.redd.it/1ewzkieg0jd51/DASHPlaylist.mpd', got video stream 'https://v.redd.it/1ewzkieg0jd51/DASH_480' and audio stream 'https://v.redd.it/1ewzkieg0jd51/audio'
08-06 14:10:05.961 20441 23951 I RedditVideosAPI: For 'https://v.redd.it/b8vazlcb7ld51/DASHPlaylist.mpd', got video stream 'https://v.redd.it/b8vazlcb7ld51/DASH_480' and audio stream 'https://v.redd.it/b8vazlcb7ld51/audio'
08-06 14:10:05.961 20441 22931 I RedditVideosAPI: For 'https://v.redd.it/ty24o02m1hd51/DASHPlaylist.mpd', got video stream 'https://v.redd.it/ty24o02m1hd51/DASH_480' and audio stream 'null'
08-06 14:10:05.963 20441 23951 I RedditVideosAPI: For 'https://v.redd.it/ar5k8892pid51/DASHPlaylist.mpd', got video stream 'https://v.redd.it/ar5k8892pid51/DASH_360' and audio stream 'https://v.redd.it/ar5k8892pid51/audio'
08-06 14:10:05.983 20441 20441 W RecyclerView: Cannot call this method in a scroll callback. Scroll callbacks mightbe run during a measure & layout pass where you cannot change theRecyclerView data. Any method call that might change the structureof the RecyclerView or the adapter contents should be postponed tothe next frame.
08-06 14:10:05.983 20441 20441 W RecyclerView: java.lang.IllegalStateException:  androidx.recyclerview.widget.RecyclerView{ccadba5 VFED..... .F....ID 0,0-1440,2140 #7f0900ef app:id/scrollbar_recyclerview_recyclerview}, adapter:baseline.org.quantumbadger.redreader.adapters.GroupedRecyclerViewAdapter@7e9fb7a, layout:androidx.recyclerview.widget.LinearLayoutManager@39b6f2b, context:baseline.org.quantumbadger.redreader.activities.PostListingActivity@deaaa16
08-06 14:10:05.983 20441 20441 W RecyclerView: 	at androidx.recyclerview.widget.RecyclerView.assertNotInLayoutOrScroll(RecyclerView.java:3061)
08-06 14:10:05.983 20441 20441 W RecyclerView: 	at androidx.recyclerview.widget.RecyclerView$RecyclerViewDataObserver.onItemRangeInserted(RecyclerView.java:5555)
08-06 14:10:05.983 20441 20441 W RecyclerView: 	at androidx.recyclerview.widget.RecyclerView$AdapterDataObservable.notifyItemRangeInserted(RecyclerView.java:12278)
08-06 14:10:05.983 20441 20441 W RecyclerView: 	at androidx.recyclerview.widget.RecyclerView$Adapter.notifyItemInserted(RecyclerView.java:7464)
08-06 14:10:05.983 20441 20441 W RecyclerView: 	at baseline.org.quantumbadger.redreader.adapters.GroupedRecyclerViewAdapter.updateHiddenStatus(GroupedRecyclerViewAdapter.java:279)
08-06 14:10:05.983 20441 20441 W RecyclerView: 	at baseline.org.quantumbadger.redreader.adapters.RedditListingManager.setLoadingVisible(RedditListingManager.java:125)
08-06 14:10:05.983 20441 20441 W RecyclerView: 	at baseline.org.quantumbadger.redreader.fragments.PostListingFragment.onLoadMoreItemsCheck(PostListingFragment.java:465)
08-06 14:10:05.983 20441 20441 W RecyclerView: 	at baseline.org.quantumbadger.redreader.fragments.PostListingFragment.access$000(PostListingFragment.java:98)
08-06 14:10:05.983 20441 20441 W RecyclerView: 	at baseline.org.quantumbadger.redreader.fragments.PostListingFragment$2.onScrolled(PostListingFragment.java:215)
08-06 14:10:05.983 20441 20441 W RecyclerView: 	at androidx.recyclerview.widget.RecyclerView.dispatchOnScrolled(RecyclerView.java:5173)
08-06 14:10:05.983 20441 20441 W RecyclerView: 	at androidx.recyclerview.widget.RecyclerView.dispatchLayoutStep3(RecyclerView.java:4231)
08-06 14:10:05.983 20441 20441 W RecyclerView: 	at androidx.recyclerview.widget.RecyclerView.dispatchLayout(RecyclerView.java:3862)
08-06 14:10:05.983 20441 20441 W RecyclerView: 	at androidx.recyclerview.widget.RecyclerView.consumePendingUpdateOperations(RecyclerView.java:1897)
08-06 14:10:05.983 20441 20441 W RecyclerView: 	at androidx.recyclerview.widget.RecyclerView$1.run(RecyclerView.java:414)
08-06 14:10:05.983 20441 20441 W RecyclerView: 	at android.view.Choreographer$CallbackRecord.run(Choreographer.java:858)
08-06 14:10:05.983 20441 20441 W RecyclerView: 	at android.view.Choreographer.doCallbacks(Choreographer.java:670)
08-06 14:10:05.983 20441 20441 W RecyclerView: 	at android.view.Choreographer.doFrame(Choreographer.java:603)
08-06 14:10:05.983 20441 20441 W RecyclerView: 	at android.view.Choreographer$FrameDisplayEventReceiver.run(Choreographer.java:844)
08-06 14:10:05.983 20441 20441 W RecyclerView: 	at android.os.Handler.handleCallback(Handler.java:739)
08-06 14:10:05.983 20441 20441 W RecyclerView: 	at android.os.Handler.dispatchMessage(Handler.java:95)
08-06 14:10:05.983 20441 20441 W RecyclerView: 	at android.os.Looper.loop(Looper.java:148)
08-06 14:10:05.983 20441 20441 W RecyclerView: 	at android.app.ActivityThread.main(ActivityThread.java:5417)
08-06 14:10:05.983 20441 20441 W RecyclerView: 	at java.lang.reflect.Method.invoke(Native Method)
08-06 14:10:05.983 20441 20441 W RecyclerView: 	at com.android.internal.os.ZygoteInit$MethodAndArgsCaller.run(ZygoteInit.java:726)
08-06 14:10:05.983 20441 20441 W RecyclerView: 	at com.android.internal.os.ZygoteInit.main(ZygoteInit.java:616)
08-06 14:10:05.995 20441 22114 I art     : Explicit concurrent mark sweep GC freed 27386(2021KB) AllocSpace objects, 27(1568KB) LOS objects, 26% free, 43MB/59MB, paused 990us total 52.015ms
08-06 14:10:06.013 20441 22114 I art     : Starting a blocking GC Explicit
08-06 14:10:06.064 20441 22114 I art     : Explicit concurrent mark sweep GC freed 485(18KB) AllocSpace objects, 2(320KB) LOS objects, 27% free, 43MB/59MB, paused 700us total 50.290ms
08-06 14:10:06.085 20441 22114 I art     : Starting a blocking GC Explicit
08-06 14:10:06.137 20441 22114 I art     : Explicit concurrent mark sweep GC freed 126(6KB) AllocSpace objects, 0(0B) LOS objects, 27% free, 43MB/59MB, paused 564us total 51.978ms
08-06 14:10:06.156 20441 22114 I art     : Starting a blocking GC Explicit
08-06 14:10:06.206 20441 22114 I art     : Explicit concurrent mark sweep GC freed 91(4KB) AllocSpace objects, 0(0B) LOS objects, 27% free, 43MB/59MB, paused 605us total 49.229ms
08-06 14:10:06.525   518   646 I ThermalEngine: ACTION: GPU - Setting GPU[0] to 390000000
08-06 14:10:06.585 20441 20753 I art     : Starting a blocking GC Explicit
08-06 14:10:06.662 20441 23963 D OK      : calling: https://oauth.reddit.com/r/aww/hot/.json?after=t3_hz5odc
08-06 14:10:06.667 20441 20753 I art     : Explicit concurrent mark sweep GC freed 1693(98KB) AllocSpace objects, 1(20KB) LOS objects, 27% free, 43MB/59MB, paused 1.256ms total 81.632ms
08-06 14:10:06.694 20441 20753 I art     : Starting a blocking GC Explicit
08-06 14:10:06.768 20441 20753 I art     : Explicit concurrent mark sweep GC freed 66(2416B) AllocSpace objects, 0(0B) LOS objects, 27% free, 43MB/59MB, paused 1.451ms total 72.683ms
08-06 14:10:06.796 20441 20753 I art     : Starting a blocking GC Explicit
08-06 14:10:06.837 20441 23963 I NAPPA_EXPERIMENTATION: MetricNetworkRequestExecutionTime: REQUEST_DURATION_SYSTEM='175',REQUEST_DURATION_OKHTTP='171',REQUEST_SYNCHRONOUS='TRUE',RESPONSE_CODE='200',RESPONSE_METHOD='GET',RESPONSE_LENGTH_OKHTTP='-1',RESPONSE_LENGTH_HEADER='30610',REQUEST_PROTOCOL='h2',REQUEST_URL='https://oauth.reddit.com/r/aww/hot/.json?after=t3_hz5odc',
08-06 14:10:06.837 20441 23963 D OK      : request got status: 200
08-06 14:10:06.853 20441 21030 I PostListingFragment: Precaching images: OFF
08-06 14:10:06.853 20441 21030 I PostListingFragment: Precaching comments: OFF
08-06 14:10:06.867 20441 20753 I art     : Explicit concurrent mark sweep GC freed 1299(111KB) AllocSpace objects, 0(0B) LOS objects, 26% free, 43MB/59MB, paused 1.978ms total 70.943ms
08-06 14:10:06.893 20441 20753 I art     : Starting a blocking GC Explicit
08-06 14:10:06.940 20441 21030 I getImgurImageInfo: Image nLQR2hT: trying API v3 with auth
08-06 14:10:06.964 20441 20753 I art     : Explicit concurrent mark sweep GC freed 13183(719KB) AllocSpace objects, 27(2MB) LOS objects, 25% free, 46MB/62MB, paused 1.819ms total 70.600ms
08-06 14:10:06.993 20441 20753 I art     : Starting a blocking GC Explicit
08-06 14:10:07.038 20441 23964 I RedditVideosAPI: For 'https://v.redd.it/syww111dtjd51/DASHPlaylist.mpd', got video stream 'https://v.redd.it/syww111dtjd51/DASH_480' and audio stream 'https://v.redd.it/syww111dtjd51/audio'
08-06 14:10:07.039 20441 23964 I RedditVideosAPI: For 'https://v.redd.it/pbqrrfb3tkd51/DASHPlaylist.mpd', got video stream 'https://v.redd.it/pbqrrfb3tkd51/DASH_480' and audio stream 'null'
08-06 14:10:07.041 20441 23964 I RedditVideosAPI: For 'https://v.redd.it/rrygsb8i4ld51/DASHPlaylist.mpd', got video stream 'https://v.redd.it/rrygsb8i4ld51/DASH_480' and audio stream 'https://v.redd.it/rrygsb8i4ld51/audio'
08-06 14:10:07.042 20441 23964 I RedditVideosAPI: For 'https://v.redd.it/5x6zzipz8ld51/DASHPlaylist.mpd', got video stream 'https://v.redd.it/5x6zzipz8ld51/DASH_480' and audio stream 'null'
08-06 14:10:07.044 20441 23964 I RedditVideosAPI: For 'https://v.redd.it/75en73fm5id51/DASHPlaylist.mpd', got video stream 'https://v.redd.it/75en73fm5id51/DASH_480' and audio stream 'https://v.redd.it/75en73fm5id51/audio'
08-06 14:10:07.045 20441 23964 I RedditVideosAPI: For 'https://v.redd.it/ggz4fyth6hd51/DASHPlaylist.mpd', got video stream 'https://v.redd.it/ggz4fyth6hd51/DASH_360' and audio stream 'null'
08-06 14:10:07.046 20441 23964 I RedditVideosAPI: For 'https://v.redd.it/psrknoobrgd51/DASHPlaylist.mpd', got video stream 'https://v.redd.it/psrknoobrgd51/DASH_480' and audio stream 'null'
08-06 14:10:07.055 20441 22931 I RedditVideosAPI: For 'https://v.redd.it/jk6cwef4wld51/DASHPlaylist.mpd', got video stream 'https://v.redd.it/jk6cwef4wld51/DASH_480' and audio stream 'null'
08-06 14:10:07.058 20441 22931 I RedditVideosAPI: For 'https://v.redd.it/t81s8zfz9ld51/DASHPlaylist.mpd', got video stream 'https://v.redd.it/t81s8zfz9ld51/DASH_480' and audio stream 'https://v.redd.it/t81s8zfz9ld51/audio'
08-06 14:10:07.061 20441 20753 I art     : Explicit concurrent mark sweep GC freed 9429(1112KB) AllocSpace objects, 47(2MB) LOS objects, 24% free, 48MB/64MB, paused 1.207ms total 67.831ms
08-06 14:10:07.062 20441 23964 I RedditVideosAPI: For 'https://v.redd.it/xd6c4yyutgd51/DASHPlaylist.mpd', got video stream 'https://v.redd.it/xd6c4yyutgd51/DASH_480' and audio stream 'null'
08-06 14:10:07.075 20441 23964 I RedditVideosAPI: For 'https://v.redd.it/ue0jdgk9zhd51/DASHPlaylist.mpd', got video stream 'https://v.redd.it/ue0jdgk9zhd51/DASH_360' and audio stream 'https://v.redd.it/ue0jdgk9zhd51/audio'
08-06 14:10:07.448 20441 20452 I art     : Starting a blocking GC Explicit
08-06 14:10:07.538 20441 20452 I art     : Explicit concurrent mark sweep GC freed 21841(1312KB) AllocSpace objects, 24(1072KB) LOS objects, 24% free, 48MB/64MB, paused 1.044ms total 89.752ms
08-06 14:10:07.567 20441 20452 I art     : Starting a blocking GC Explicit
08-06 14:10:07.639 20441 20452 I art     : Explicit concurrent mark sweep GC freed 142(5KB) AllocSpace objects, 0(0B) LOS objects, 24% free, 48MB/64MB, paused 1.233ms total 71.703ms
08-06 14:10:07.670 20441 20452 I art     : Starting a blocking GC Explicit
08-06 14:10:07.740 20441 20452 I art     : Explicit concurrent mark sweep GC freed 3(96B) AllocSpace objects, 0(0B) LOS objects, 24% free, 48MB/64MB, paused 886us total 69.339ms
08-06 14:10:07.767 20441 20452 I art     : Starting a blocking GC Explicit
08-06 14:10:07.837 20441 20452 I art     : Explicit concurrent mark sweep GC freed 3(96B) AllocSpace objects, 0(0B) LOS objects, 24% free, 48MB/64MB, paused 823us total 69.089ms
08-06 14:10:07.864 20441 20452 I art     : Starting a blocking GC Explicit
08-06 14:10:07.943 20441 20452 I art     : Explicit concurrent mark sweep GC freed 3(96B) AllocSpace objects, 0(0B) LOS objects, 24% free, 48MB/64MB, paused 1.025ms total 78.231ms
08-06 14:10:08.371 20441 20453 I art     : Starting a blocking GC Explicit
08-06 14:10:08.448 20441 20453 I art     : Explicit concurrent mark sweep GC freed 1360(83KB) AllocSpace objects, 1(20KB) LOS objects, 24% free, 48MB/64MB, paused 947us total 76.967ms
08-06 14:10:08.479 20441 20453 I art     : Starting a blocking GC Explicit
08-06 14:10:08.524   518   646 I ThermalEngine: ACTION: GPU - Setting GPU[0] to 450000000
08-06 14:10:08.544 20441 20453 I art     : Explicit concurrent mark sweep GC freed 20(704B) AllocSpace objects, 0(0B) LOS objects, 24% free, 48MB/64MB, paused 566us total 64.969ms
08-06 14:10:08.564 20441 20453 I art     : Starting a blocking GC Explicit
08-06 14:10:08.620 20441 20453 I art     : Explicit concurrent mark sweep GC freed 3(96B) AllocSpace objects, 0(0B) LOS objects, 24% free, 48MB/64MB, paused 598us total 55.835ms
08-06 14:10:08.640 20441 20453 I art     : Starting a blocking GC Explicit
08-06 14:10:08.703 20441 20453 I art     : Explicit concurrent mark sweep GC freed 3(96B) AllocSpace objects, 0(0B) LOS objects, 24% free, 48MB/64MB, paused 630us total 62.977ms
08-06 14:10:08.727 20441 20453 I art     : Starting a blocking GC Explicit
08-06 14:10:08.788 20441 20453 I art     : Explicit concurrent mark sweep GC freed 3(96B) AllocSpace objects, 0(0B) LOS objects, 24% free, 48MB/64MB, paused 581us total 60.520ms
08-06 14:10:09.167 20441 20677 I art     : Starting a blocking GC Explicit
08-06 14:10:09.245 20441 20677 I art     : Explicit concurrent mark sweep GC freed 1358(83KB) AllocSpace objects, 1(20KB) LOS objects, 24% free, 48MB/64MB, paused 653us total 76.792ms
08-06 14:10:09.266 20441 20677 I art     : Starting a blocking GC Explicit
08-06 14:10:09.328 20441 20677 I art     : Explicit concurrent mark sweep GC freed 20(704B) AllocSpace objects, 0(0B) LOS objects, 24% free, 48MB/64MB, paused 604us total 61.171ms
08-06 14:10:09.348 20441 20677 I art     : Starting a blocking GC Explicit
08-06 14:10:09.411 20441 20677 I art     : Explicit concurrent mark sweep GC freed 3(96B) AllocSpace objects, 0(0B) LOS objects, 24% free, 48MB/64MB, paused 659us total 63.106ms
08-06 14:10:09.434 20441 20677 I art     : Starting a blocking GC Explicit
08-06 14:10:09.489 20441 20677 I art     : Explicit concurrent mark sweep GC freed 3(96B) AllocSpace objects, 0(0B) LOS objects, 24% free, 48MB/64MB, paused 552us total 54.189ms
08-06 14:10:09.509 20441 20677 I art     : Starting a blocking GC Explicit
08-06 14:10:09.560 20441 20677 I art     : Explicit concurrent mark sweep GC freed 3(96B) AllocSpace objects, 0(0B) LOS objects, 24% free, 48MB/64MB, paused 533us total 51.301ms
08-06 14:10:09.936 20441 22114 I art     : Starting a blocking GC Explicit
08-06 14:10:10.000 20441 22114 I art     : Explicit concurrent mark sweep GC freed 1360(83KB) AllocSpace objects, 1(20KB) LOS objects, 24% free, 48MB/64MB, paused 625us total 63.830ms
08-06 14:10:10.015 23995 23995 D AndroidRuntime: >>>>>> START com.android.internal.os.RuntimeInit uid 2000 <<<<<<
08-06 14:10:10.020 20441 22114 I art     : Starting a blocking GC Explicit
08-06 14:10:10.021 23995 23995 D AndroidRuntime: CheckJNI is OFF
08-06 14:10:10.062 23995 23995 D ICU     : No timezone override file found: /data/misc/zoneinfo/current/icu/icu_tzdata.dat
08-06 14:10:10.068 20441 22114 I art     : Explicit concurrent mark sweep GC freed 20(704B) AllocSpace objects, 0(0B) LOS objects, 24% free, 48MB/64MB, paused 506us total 47.534ms
08-06 14:10:10.083   918  3188 I hubconnection: sensorhub said: 'set_bias 3: -6.2400, 0.0000, 0.0000'
08-06 14:10:10.083 24365 31017 I NetworkScheduler.Stats: Task com.google.android.gms/com.google.android.gms.icing.service.IcingGcmTaskService started execution. cause:4 exec_start_elapsed_seconds: 1869613 [CONTEXT service_id=218 ]
08-06 14:10:10.086 20441 22114 I art     : Starting a blocking GC Explicit
08-06 14:10:10.099 24365 14427 I NetworkScheduler.Stats: Task com.google.android.gms/com.google.android.gms.icing.service.IcingGcmTaskService finished executing. cause:4 result: 1 elapsed_millis: 45 uptime_millis: 46 exec_start_elapsed_seconds: 1869613 [CONTEXT service_id=218 ]
08-06 14:10:10.102 23995 23995 I Radio-JNI: register_android_hardware_Radio DONE
08-06 14:10:10.130 23995 23995 D AndroidRuntime: Calling main entry com.android.commands.input.Input
08-06 14:10:10.130 20441 22114 I art     : Explicit concurrent mark sweep GC freed 3(96B) AllocSpace objects, 0(0B) LOS objects, 24% free, 48MB/64MB, paused 561us total 44.507ms
08-06 14:10:10.132 23995 23995 I Input   : injectMotionEvent: MotionEvent { action=ACTION_DOWN, actionButton=0, id[0]=0, x[0]=1340.0, y[0]=1100.0, toolType[0]=TOOL_TYPE_UNKNOWN, buttonState=0, metaState=0, flags=0x0, edgeFlags=0x0, pointerCount=1, historySize=0, eventTime=886226544, downTime=886226544, deviceId=0, source=0x1002 }
08-06 14:10:10.136 23995 23995 I Input   : injectMotionEvent: MotionEvent { action=ACTION_UP, actionButton=0, id[0]=0, x[0]=1340.0, y[0]=1100.0, toolType[0]=TOOL_TYPE_UNKNOWN, buttonState=0, metaState=0, flags=0x0, edgeFlags=0x0, pointerCount=1, historySize=0, eventTime=886226544, downTime=886226544, deviceId=0, source=0x1002 }
08-06 14:10:10.138 23995 23995 D AndroidRuntime: Shutting down VM
08-06 14:10:10.148 20441 22114 I art     : Starting a blocking GC Explicit
08-06 14:10:10.157   512  2967 D audio_hw_primary: out_set_parameters: enter: usecase(1: low-latency-playback) kvpairs: routing=2
08-06 14:10:10.158   918  3696 I ActivityManager: START u0 {dat=https://oauth.reddit.com/... cmp=baseline.org.quantumbadger.redreader/.activities.CommentListingActivity} from uid 10705 on display 0
08-06 14:10:10.170   512  2967 D audio_hw_primary: select_devices: out_snd_device(2: speaker) in_snd_device(0: none)
08-06 14:10:10.170   512  2967 D msm8974_platform: platform_send_audio_calibration: sending audio calibration for snd_device(2) acdb_id(15)
08-06 14:10:10.170   512  2967 I soundtrigger: audio_extn_sound_trigger_update_device_status: device 0x2 of type 0 for Event 1
08-06 14:10:10.181   512  2967 D audio_hw_primary: enable_snd_device: snd_device(2: speaker)
08-06 14:10:10.183   512  2967 D audio_hw_primary: enable_audio_route: apply and update mixer path: low-latency-playback speaker
08-06 14:10:10.184 20441 20441 I AppCompatViewInflater: app:theme is now deprecated. Please move to using android:theme instead.
08-06 14:10:10.198 20441 22114 I art     : Explicit concurrent mark sweep GC freed 1128(57KB) AllocSpace objects, 0(0B) LOS objects, 24% free, 48MB/64MB, paused 849us total 49.160ms
08-06 14:10:10.210 20441 21030 I CommentListingActivity: COMMENTS session changed to cde66248-a0fc-4ec8-a06a-24853e2f7076
08-06 14:10:10.216 20441 22114 I art     : Starting a blocking GC Explicit
08-06 14:10:10.285 20441 22114 I art     : Explicit concurrent mark sweep GC freed 11379(793KB) AllocSpace objects, 53(10MB) LOS objects, 29% free, 38MB/54MB, paused 1.557ms total 68.775ms
08-06 14:10:10.330   918   936 I ActivityManager: Displayed baseline.org.quantumbadger.redreader/.activities.CommentListingActivity: +164ms
08-06 14:10:10.330 13866 13866 I GoogleInputMethodServic: GoogleInputMethodService.onFinishInput():3138 
08-06 14:10:10.332 13866 13866 I GoogleInputMethodServic: GoogleInputMethodService.onStartInput():1808 
08-06 14:10:10.585   380   380 W SurfaceFlinger: couldn't log to binary event log: overflow.
08-06 14:10:10.612 20441 20452 I art     : Starting a blocking GC Explicit
08-06 14:10:10.673 20441 20452 I art     : Explicit concurrent mark sweep GC freed 39342(1999KB) AllocSpace objects, 1(20KB) LOS objects, 28% free, 39MB/55MB, paused 614us total 60.736ms
08-06 14:10:10.694 20441 20452 I art     : Starting a blocking GC Explicit
08-06 14:10:10.730   512  2967 D audio_hw_primary: disable_audio_route: reset and update mixer path: low-latency-playback speaker
08-06 14:10:10.732   512  2967 D audio_hw_primary: disable_snd_device: snd_device(2: speaker)
08-06 14:10:10.741   512  2967 I soundtrigger: audio_extn_sound_trigger_update_device_status: device 0x2 of type 0 for Event 0
08-06 14:10:10.755 20441 23950 I RedditChangeDataIO: Writing tmp data file at '/data/user/0/baseline.org.quantumbadger.redreader/files/rr_change_data_tmp.dat'
08-06 14:10:10.757 20441 23950 I RedditChangeDataManager: Taking snapshot...
08-06 14:10:10.757 20441 23950 I RedditChangeDataManager: Writing to stream...
08-06 14:10:10.758 20441 23950 I RedditChangeDataManager: Wrote 6 entries for user ''
08-06 14:10:10.758 20441 23950 I RedditChangeDataManager: All entries written to stream.
08-06 14:10:10.758 20441 23950 I RedditChangeDataIO: Write successful. Atomically replacing data file...
08-06 14:10:10.758 20441 20452 I art     : Explicit concurrent mark sweep GC freed 373(18KB) AllocSpace objects, 0(0B) LOS objects, 28% free, 39MB/55MB, paused 1.004ms total 63.949ms
08-06 14:10:10.759 20441 23950 I RedditChangeDataIO: Write complete.
08-06 14:10:10.760 20441 23950 I RedditChangeDataIO: 158 bytes written in 4 ms
08-06 14:10:10.782 20441 20452 I art     : Starting a blocking GC Explicit
08-06 14:10:10.838 20441 20452 I art     : Explicit concurrent mark sweep GC freed 79(3KB) AllocSpace objects, 1(68KB) LOS objects, 28% free, 39MB/55MB, paused 452us total 56.475ms
08-06 14:10:10.858 20441 20452 I art     : Starting a blocking GC Explicit
08-06 14:10:10.919 20441 20452 I art     : Explicit concurrent mark sweep GC freed 6(192B) AllocSpace objects, 0(0B) LOS objects, 28% free, 39MB/55MB, paused 669us total 60.641ms
08-06 14:10:10.941 20441 20452 I art     : Starting a blocking GC Explicit
08-06 14:10:11.003 20441 20452 I art     : Explicit concurrent mark sweep GC freed 3(96B) AllocSpace objects, 0(0B) LOS objects, 28% free, 39MB/55MB, paused 470us total 61.744ms
08-06 14:10:11.353 20441 22114 I art     : Starting a blocking GC Explicit
08-06 14:10:11.424 20441 22114 I art     : Explicit concurrent mark sweep GC freed 1360(83KB) AllocSpace objects, 1(20KB) LOS objects, 28% free, 39MB/55MB, paused 579us total 71.285ms
08-06 14:10:11.448 20441 22114 I art     : Starting a blocking GC Explicit
08-06 14:10:11.514 20441 22114 I art     : Explicit concurrent mark sweep GC freed 66(2528B) AllocSpace objects, 0(0B) LOS objects, 28% free, 39MB/55MB, paused 534us total 65.774ms
08-06 14:10:11.535 20441 22114 I art     : Starting a blocking GC Explicit
08-06 14:10:11.601 20441 22114 I art     : Explicit concurrent mark sweep GC freed 3(96B) AllocSpace objects, 0(0B) LOS objects, 28% free, 39MB/55MB, paused 535us total 65.435ms
08-06 14:10:11.622 20441 22114 I art     : Starting a blocking GC Explicit
08-06 14:10:11.694 20441 22114 I art     : Explicit concurrent mark sweep GC freed 3(96B) AllocSpace objects, 0(0B) LOS objects, 28% free, 39MB/55MB, paused 575us total 71.410ms
08-06 14:10:11.716 20441 22114 I art     : Starting a blocking GC Explicit
08-06 14:10:11.782 20441 22114 I art     : Explicit concurrent mark sweep GC freed 3(96B) AllocSpace objects, 0(0B) LOS objects, 28% free, 39MB/55MB, paused 528us total 65.383ms
08-06 14:10:12.151 20441 20677 I art     : Starting a blocking GC Explicit
08-06 14:10:12.243 20441 20677 I art     : Explicit concurrent mark sweep GC freed 1631(126KB) AllocSpace objects, 1(20KB) LOS objects, 28% free, 39MB/55MB, paused 558us total 90.976ms
08-06 14:10:12.268 20441 20677 I art     : Starting a blocking GC Explicit
08-06 14:10:12.340 20441 20677 I art     : Explicit concurrent mark sweep GC freed 85(2880B) AllocSpace objects, 0(0B) LOS objects, 28% free, 39MB/55MB, paused 528us total 71.616ms
08-06 14:10:12.362 20441 20677 I art     : Starting a blocking GC Explicit
08-06 14:10:12.431 20441 20677 I art     : Explicit concurrent mark sweep GC freed 3(96B) AllocSpace objects, 0(0B) LOS objects, 28% free, 39MB/55MB, paused 474us total 69.041ms
08-06 14:10:12.453 20441 20677 I art     : Starting a blocking GC Explicit
08-06 14:10:12.526 20441 20677 I art     : Explicit concurrent mark sweep GC freed 3(96B) AllocSpace objects, 0(0B) LOS objects, 28% free, 39MB/55MB, paused 515us total 72.860ms
08-06 14:10:12.548 20441 20677 I art     : Starting a blocking GC Explicit
08-06 14:10:12.620 20441 20677 I art     : Explicit concurrent mark sweep GC freed 3(96B) AllocSpace objects, 0(0B) LOS objects, 28% free, 39MB/55MB, paused 512us total 72.065ms
08-06 14:10:12.990 20441 20453 I art     : Starting a blocking GC Explicit
08-06 14:10:13.084 20441 20453 I art     : Explicit concurrent mark sweep GC freed 1356(82KB) AllocSpace objects, 1(20KB) LOS objects, 28% free, 39MB/55MB, paused 571us total 93.706ms
08-06 14:10:13.107 20441 20453 I art     : Starting a blocking GC Explicit
08-06 14:10:13.177 20441 20453 I art     : Explicit concurrent mark sweep GC freed 20(704B) AllocSpace objects, 0(0B) LOS objects, 28% free, 39MB/55MB, paused 526us total 69.645ms
08-06 14:10:13.198 20441 20453 I art     : Starting a blocking GC Explicit
08-06 14:10:13.260 20441 20453 I art     : Explicit concurrent mark sweep GC freed 3(96B) AllocSpace objects, 0(0B) LOS objects, 28% free, 39MB/55MB, paused 489us total 61.129ms
08-06 14:10:13.281 20441 20453 I art     : Starting a blocking GC Explicit
08-06 14:10:13.352 20441 20453 I art     : Explicit concurrent mark sweep GC freed 3(96B) AllocSpace objects, 0(0B) LOS objects, 28% free, 39MB/55MB, paused 548us total 70.316ms
08-06 14:10:13.377 20441 20453 I art     : Starting a blocking GC Explicit
08-06 14:10:13.447 20441 20453 I art     : Explicit concurrent mark sweep GC freed 3(96B) AllocSpace objects, 0(0B) LOS objects, 28% free, 39MB/55MB, paused 510us total 69.222ms
08-06 14:10:13.816 20441 20753 I art     : Starting a blocking GC Explicit
08-06 14:10:13.895 20441 20753 I art     : Explicit concurrent mark sweep GC freed 1356(82KB) AllocSpace objects, 1(20KB) LOS objects, 28% free, 39MB/55MB, paused 547us total 78.359ms
08-06 14:10:13.919 20441 20753 I art     : Starting a blocking GC Explicit
08-06 14:10:13.990 20441 20753 I art     : Explicit concurrent mark sweep GC freed 20(704B) AllocSpace objects, 0(0B) LOS objects, 28% free, 39MB/55MB, paused 518us total 70.911ms
08-06 14:10:14.012 20441 20753 I art     : Starting a blocking GC Explicit
08-06 14:10:14.084 20441 20753 I art     : Explicit concurrent mark sweep GC freed 3(96B) AllocSpace objects, 0(0B) LOS objects, 28% free, 39MB/55MB, paused 560us total 71.799ms
08-06 14:10:14.106 20441 20753 I art     : Starting a blocking GC Explicit
08-06 14:10:14.185 20441 20753 I art     : Explicit concurrent mark sweep GC freed 3(96B) AllocSpace objects, 0(0B) LOS objects, 28% free, 39MB/55MB, paused 649us total 79.261ms
08-06 14:10:14.211 20441 20753 I art     : Starting a blocking GC Explicit
08-06 14:10:14.287 20441 20753 I art     : Explicit concurrent mark sweep GC freed 3(96B) AllocSpace objects, 0(0B) LOS objects, 28% free, 39MB/55MB, paused 658us total 75.604ms
08-06 14:10:14.617 20441 20452 I art     : Starting a blocking GC Explicit
08-06 14:10:14.684 20441 20452 I art     : Explicit concurrent mark sweep GC freed 1356(82KB) AllocSpace objects, 1(20KB) LOS objects, 28% free, 39MB/55MB, paused 503us total 67.144ms
08-06 14:10:14.705 20441 20452 I art     : Starting a blocking GC Explicit
08-06 14:10:14.773 20441 20452 I art     : Explicit concurrent mark sweep GC freed 20(704B) AllocSpace objects, 0(0B) LOS objects, 28% free, 39MB/55MB, paused 519us total 67.476ms
08-06 14:10:14.794 20441 20452 I art     : Starting a blocking GC Explicit
08-06 14:10:14.863 20441 20452 I art     : Explicit concurrent mark sweep GC freed 3(96B) AllocSpace objects, 0(0B) LOS objects, 28% free, 39MB/55MB, paused 512us total 68.183ms
08-06 14:10:14.884 20441 20452 I art     : Starting a blocking GC Explicit
08-06 14:10:14.951 20441 20452 I art     : Explicit concurrent mark sweep GC freed 3(96B) AllocSpace objects, 0(0B) LOS objects, 28% free, 39MB/55MB, paused 525us total 66.728ms
08-06 14:10:14.955 24072 24072 D AndroidRuntime: >>>>>> START com.android.internal.os.RuntimeInit uid 2000 <<<<<<
08-06 14:10:14.961 24072 24072 D AndroidRuntime: CheckJNI is OFF
08-06 14:10:14.972 20441 20452 I art     : Starting a blocking GC Explicit
08-06 14:10:15.006 24072 24072 D ICU     : No timezone override file found: /data/misc/zoneinfo/current/icu/icu_tzdata.dat
08-06 14:10:15.038 20441 20452 I art     : Explicit concurrent mark sweep GC freed 3(96B) AllocSpace objects, 0(0B) LOS objects, 28% free, 39MB/55MB, paused 526us total 65.178ms
08-06 14:10:15.038 20441 20451 I art     : WaitForGcToComplete blocked for 37.173ms for cause HeapTrim
08-06 14:10:15.053 24072 24072 I Radio-JNI: register_android_hardware_Radio DONE
08-06 14:10:15.083 24072 24072 D AndroidRuntime: Calling main entry com.android.commands.input.Input
08-06 14:10:15.086 24072 24072 I Input   : injectKeyEvent: KeyEvent { action=ACTION_DOWN, keyCode=KEYCODE_BACK, scanCode=0, metaState=0, flags=0x0, repeatCount=0, eventTime=886231499, downTime=886231499, deviceId=-1, source=0x101 }
08-06 14:10:15.092 24072 24072 I Input   : injectKeyEvent: KeyEvent { action=ACTION_UP, keyCode=KEYCODE_BACK, scanCode=0, metaState=0, flags=0x0, repeatCount=0, eventTime=886231499, downTime=886231499, deviceId=-1, source=0x101 }
08-06 14:10:15.099 24072 24072 D AndroidRuntime: Shutting down VM
08-06 14:10:15.137 13866 13866 I GoogleInputMethodServic: GoogleInputMethodService.onFinishInput():3138 
08-06 14:10:15.138 13866 13866 I GoogleInputMethodServic: GoogleInputMethodService.onStartInput():1808 
08-06 14:10:15.351 20441 20452 I art     : Starting a blocking GC Explicit
08-06 14:10:15.427 20441 20452 I art     : Explicit concurrent mark sweep GC freed 1624(92KB) AllocSpace objects, 1(20KB) LOS objects, 28% free, 39MB/55MB, paused 448us total 76.194ms
08-06 14:10:15.451 20441 20452 I art     : Starting a blocking GC Explicit
08-06 14:10:15.457   380   380 W SurfaceFlinger: couldn't log to binary event log: overflow.
08-06 14:10:15.513 20441 20452 I art     : Explicit concurrent mark sweep GC freed 85(3KB) AllocSpace objects, 0(0B) LOS objects, 28% free, 39MB/55MB, paused 542us total 61.555ms
08-06 14:10:15.533 20441 20452 I art     : Starting a blocking GC Explicit
08-06 14:10:15.586 20441 20452 I art     : Explicit concurrent mark sweep GC freed 41333(2MB) AllocSpace objects, 5(140KB) LOS objects, 29% free, 37MB/53MB, paused 485us total 52.832ms
08-06 14:10:15.606 20441 20452 I art     : Starting a blocking GC Explicit
08-06 14:10:15.655 20441 20452 I art     : Explicit concurrent mark sweep GC freed 3(96B) AllocSpace objects, 0(0B) LOS objects, 29% free, 37MB/53MB, paused 497us total 49.024ms
08-06 14:10:15.674 20441 20452 I art     : Starting a blocking GC Explicit
08-06 14:10:15.723 20441 20452 I art     : Explicit concurrent mark sweep GC freed 3(96B) AllocSpace objects, 0(0B) LOS objects, 29% free, 37MB/53MB, paused 491us total 49.091ms
08-06 14:10:15.792 23180 23180 I ServiceManager: Waiting for service AtCmdFwd...
08-06 14:10:16.070 20441 22114 I art     : Starting a blocking GC Explicit
08-06 14:10:16.139 20441 22114 I art     : Explicit concurrent mark sweep GC freed 1356(82KB) AllocSpace objects, 1(20KB) LOS objects, 29% free, 37MB/53MB, paused 609us total 67.824ms
08-06 14:10:16.161 20441 22114 I art     : Starting a blocking GC Explicit
08-06 14:10:16.212 20441 22114 I art     : Explicit concurrent mark sweep GC freed 20(704B) AllocSpace objects, 0(0B) LOS objects, 29% free, 37MB/53MB, paused 493us total 50.201ms
08-06 14:10:16.231 20441 22114 I art     : Starting a blocking GC Explicit
08-06 14:10:16.281 20441 22114 I art     : Explicit concurrent mark sweep GC freed 3(96B) AllocSpace objects, 0(0B) LOS objects, 29% free, 37MB/53MB, paused 496us total 49.519ms
08-06 14:10:16.300 20441 22114 I art     : Starting a blocking GC Explicit
08-06 14:10:16.349 20441 22114 I art     : Explicit concurrent mark sweep GC freed 3(96B) AllocSpace objects, 0(0B) LOS objects, 29% free, 37MB/53MB, paused 446us total 48.823ms
08-06 14:10:16.368 20441 22114 I art     : Starting a blocking GC Explicit
08-06 14:10:16.412 20441 22114 I art     : Explicit concurrent mark sweep GC freed 3(96B) AllocSpace objects, 0(0B) LOS objects, 29% free, 37MB/53MB, paused 486us total 43.169ms
08-06 14:10:16.752 20441 20753 I art     : Starting a blocking GC Explicit
08-06 14:10:16.792 23180 23180 I ServiceManager: Waiting for service AtCmdFwd...
08-06 14:10:16.813 20441 20753 I art     : Explicit concurrent mark sweep GC freed 1356(82KB) AllocSpace objects, 1(20KB) LOS objects, 29% free, 37MB/53MB, paused 563us total 60.240ms
08-06 14:10:16.838 20441 20753 I art     : Starting a blocking GC Explicit
08-06 14:10:16.888 20441 20753 I art     : Explicit concurrent mark sweep GC freed 20(704B) AllocSpace objects, 0(0B) LOS objects, 29% free, 37MB/53MB, paused 560us total 50.225ms
08-06 14:10:16.904 24116 24116 D AndroidRuntime: >>>>>> START com.android.internal.os.RuntimeInit uid 2000 <<<<<<
08-06 14:10:16.908 20441 20753 I art     : Starting a blocking GC Explicit
08-06 14:10:16.910 24116 24116 D AndroidRuntime: CheckJNI is OFF
08-06 14:10:16.955 24116 24116 D ICU     : No timezone override file found: /data/misc/zoneinfo/current/icu/icu_tzdata.dat
08-06 14:10:16.957 20441 20753 I art     : Explicit concurrent mark sweep GC freed 3(96B) AllocSpace objects, 0(0B) LOS objects, 29% free, 37MB/53MB, paused 543us total 48.965ms
08-06 14:10:16.976 20441 20753 I art     : Starting a blocking GC Explicit
08-06 14:10:17.002 24116 24116 I Radio-JNI: register_android_hardware_Radio DONE
08-06 14:10:17.028 20441 20753 I art     : Explicit concurrent mark sweep GC freed 3(96B) AllocSpace objects, 0(0B) LOS objects, 29% free, 37MB/53MB, paused 546us total 51.508ms
08-06 14:10:17.032 24116 24116 D AndroidRuntime: Calling main entry com.android.commands.input.Input
08-06 14:10:17.034 24116 24116 I Input   : injectKeyEvent: KeyEvent { action=ACTION_DOWN, keyCode=KEYCODE_BACK, scanCode=0, metaState=0, flags=0x0, repeatCount=0, eventTime=886233447, downTime=886233447, deviceId=-1, source=0x101 }
08-06 14:10:17.041 24116 24116 I Input   : injectKeyEvent: KeyEvent { action=ACTION_UP, keyCode=KEYCODE_BACK, scanCode=0, metaState=0, flags=0x0, repeatCount=0, eventTime=886233447, downTime=886233447, deviceId=-1, source=0x101 }
08-06 14:10:17.047 20441 20753 I art     : Starting a blocking GC Explicit
08-06 14:10:17.047 24116 24116 D AndroidRuntime: Shutting down VM
08-06 14:10:17.085 13866 13866 I GoogleInputMethodServic: GoogleInputMethodService.onFinishInput():3138 
08-06 14:10:17.087 13866 13866 I GoogleInputMethodServic: GoogleInputMethodService.onStartInput():1808 
08-06 14:10:17.093 20441 20753 I art     : Explicit concurrent mark sweep GC freed 116(3KB) AllocSpace objects, 0(0B) LOS objects, 29% free, 37MB/53MB, paused 766us total 46.086ms
08-06 14:10:17.432 20441 20677 I art     : Starting a blocking GC Explicit
08-06 14:10:17.478 20441 20677 I art     : Explicit concurrent mark sweep GC freed 1477(87KB) AllocSpace objects, 1(20KB) LOS objects, 29% free, 37MB/53MB, paused 487us total 45.686ms
08-06 14:10:17.496 20441 20677 I art     : Starting a blocking GC Explicit
08-06 14:10:17.546 20441 20677 I art     : Explicit concurrent mark sweep GC freed 154(7KB) AllocSpace objects, 0(0B) LOS objects, 29% free, 37MB/53MB, paused 550us total 48.990ms
08-06 14:10:17.565 20441 20677 I art     : Starting a blocking GC Explicit
08-06 14:10:17.616 20441 20677 I art     : Explicit concurrent mark sweep GC freed 3(96B) AllocSpace objects, 0(0B) LOS objects, 29% free, 37MB/53MB, paused 594us total 50.993ms
08-06 14:10:17.638 20441 20677 I art     : Starting a blocking GC Explicit
08-06 14:10:17.688 20441 20677 I art     : Explicit concurrent mark sweep GC freed 3(96B) AllocSpace objects, 0(0B) LOS objects, 29% free, 37MB/53MB, paused 531us total 49.189ms
08-06 14:10:17.707 20441 20677 I art     : Starting a blocking GC Explicit
08-06 14:10:17.758 20441 20677 I art     : Explicit concurrent mark sweep GC freed 3(96B) AllocSpace objects, 0(0B) LOS objects, 29% free, 37MB/53MB, paused 551us total 50.830ms
08-06 14:10:17.793 23180 23180 I ServiceManager: Waiting for service AtCmdFwd...
08-06 14:10:18.109 20441 20453 I art     : Starting a blocking GC Explicit
08-06 14:10:18.171 20441 20453 I art     : Explicit concurrent mark sweep GC freed 1356(82KB) AllocSpace objects, 1(20KB) LOS objects, 29% free, 37MB/53MB, paused 608us total 61.022ms
08-06 14:10:18.193 20441 20453 I art     : Starting a blocking GC Explicit
08-06 14:10:18.243 20441 20453 I art     : Explicit concurrent mark sweep GC freed 20(704B) AllocSpace objects, 0(0B) LOS objects, 29% free, 37MB/53MB, paused 536us total 49.196ms
08-06 14:10:18.262 20441 20453 I art     : Starting a blocking GC Explicit
08-06 14:10:18.310 20441 20453 I art     : Explicit concurrent mark sweep GC freed 3(96B) AllocSpace objects, 0(0B) LOS objects, 29% free, 37MB/53MB, paused 470us total 47.632ms
08-06 14:10:18.328 20441 20453 I art     : Starting a blocking GC Explicit
08-06 14:10:18.377 20441 20453 I art     : Explicit concurrent mark sweep GC freed 3(96B) AllocSpace objects, 0(0B) LOS objects, 29% free, 37MB/53MB, paused 515us total 48.230ms
08-06 14:10:18.395 20441 20453 I art     : Starting a blocking GC Explicit
08-06 14:10:18.443 20441 20453 I art     : Explicit concurrent mark sweep GC freed 3(96B) AllocSpace objects, 0(0B) LOS objects, 29% free, 37MB/53MB, paused 478us total 48.013ms
08-06 14:10:18.773 20441 20452 I art     : Starting a blocking GC Explicit
08-06 14:10:18.794 23180 23180 I ServiceManager: Waiting for service AtCmdFwd...
08-06 14:10:18.833 20441 20452 I art     : Explicit concurrent mark sweep GC freed 1356(82KB) AllocSpace objects, 1(20KB) LOS objects, 29% free, 37MB/53MB, paused 565us total 59.178ms
08-06 14:10:18.853 20441 20452 I art     : Starting a blocking GC Explicit
08-06 14:10:18.884 24165 24165 D AndroidRuntime: >>>>>> START com.android.internal.os.RuntimeInit uid 2000 <<<<<<
08-06 14:10:18.890 24165 24165 D AndroidRuntime: CheckJNI is OFF
08-06 14:10:18.904 20441 20452 I art     : Explicit concurrent mark sweep GC freed 20(704B) AllocSpace objects, 0(0B) LOS objects, 29% free, 37MB/53MB, paused 567us total 51.258ms
08-06 14:10:18.923 20441 20452 I art     : Starting a blocking GC Explicit
08-06 14:10:18.939 24165 24165 D ICU     : No timezone override file found: /data/misc/zoneinfo/current/icu/icu_tzdata.dat
08-06 14:10:18.973 20441 20452 I art     : Explicit concurrent mark sweep GC freed 3(96B) AllocSpace objects, 0(0B) LOS objects, 29% free, 37MB/53MB, paused 550us total 49.939ms
08-06 14:10:18.984 24165 24165 I Radio-JNI: register_android_hardware_Radio DONE
08-06 14:10:18.992 20441 20452 I art     : Starting a blocking GC Explicit
08-06 14:10:19.014 24165 24165 D AndroidRuntime: Calling main entry com.android.commands.am.Am
08-06 14:10:19.024 14970 14970 I Trepn   : Trepn 6.2s: Received intent: com.quicinc.trepn.stop_profiling
08-06 14:10:19.043 20441 20452 I art     : Explicit concurrent mark sweep GC freed 3(96B) AllocSpace objects, 0(0B) LOS objects, 29% free, 37MB/53MB, paused 472us total 50.788ms
08-06 14:10:19.062 20441 20452 I art     : Starting a blocking GC Explicit
08-06 14:10:19.081 14970 14970 I Trepn   : Trepn 6.2s: Trepn has Stopped Profiling.
08-06 14:10:19.107 20441 20452 I art     : Explicit concurrent mark sweep GC freed 3(96B) AllocSpace objects, 0(0B) LOS objects, 29% free, 37MB/53MB, paused 493us total 44.429ms
08-06 14:10:19.314 24165 24165 D AndroidRuntime: Shutting down VM
08-06 14:10:19.316   918   928 W AppOps  : Finishing op nesting under-run: uid 10078 pkg com.quicinc.trepn code 24 time=0 duration=0 nesting=0
08-06 14:10:19.451 20441 20753 I art     : Starting a blocking GC Explicit
08-06 14:10:19.527 20441 20753 I art     : Explicit concurrent mark sweep GC freed 1356(82KB) AllocSpace objects, 1(20KB) LOS objects, 29% free, 37MB/53MB, paused 668us total 75.158ms
08-06 14:10:19.550 20441 20753 I art     : Starting a blocking GC Explicit
08-06 14:10:19.602 20441 20753 I art     : Explicit concurrent mark sweep GC freed 20(704B) AllocSpace objects, 0(0B) LOS objects, 29% free, 37MB/53MB, paused 512us total 50.906ms
08-06 14:10:19.620 20441 20753 I art     : Starting a blocking GC Explicit
08-06 14:10:19.668 20441 20753 I art     : Explicit concurrent mark sweep GC freed 3(96B) AllocSpace objects, 0(0B) LOS objects, 29% free, 37MB/53MB, paused 529us total 47.412ms
08-06 14:10:19.687 20441 20753 I art     : Starting a blocking GC Explicit
08-06 14:10:19.734 20441 20753 I art     : Explicit concurrent mark sweep GC freed 3(96B) AllocSpace objects, 0(0B) LOS objects, 29% free, 37MB/53MB, paused 590us total 47.430ms
08-06 14:10:19.753 20441 20753 I art     : Starting a blocking GC Explicit
08-06 14:10:19.794 23180 23180 I ServiceManager: Waiting for service AtCmdFwd...
08-06 14:10:19.801 20441 20753 I art     : Explicit concurrent mark sweep GC freed 3(96B) AllocSpace objects, 0(0B) LOS objects, 29% free, 37MB/53MB, paused 546us total 47.577ms
08-06 14:10:20.795 23180 23180 W Atfwd_Sendcmd: AtCmdFwd service not published, waiting... retryCnt : 4
08-06 14:10:22.338   918  3261 D WifiStateMachine: starting scan for "H369AA63323"WPA_PSK with 2412,5180
08-06 14:10:22.465 11982 12148 E GoogleConversionReporter: Error sending ping
08-06 14:10:22.465 11982 12148 E GoogleConversionReporter: bljc: Exception in CronetUrlRequest: net::ERR_CONNECTION_CLOSED, ErrorCode=5, InternalErrorCode=-100, Retryable=true
08-06 14:10:22.465 11982 12148 E GoogleConversionReporter: 	at org.chromium.net.impl.CronetUrlRequest.onError(PG:55)
