--------- beginning of main
08-06 11:49:07.495  3784  3784 D CarrierServiceBindHelper: Receive action: android.intent.action.PACKAGE_REMOVED
08-06 11:49:07.530   918  6110 I AccountManagerService: getTypesVisibleToCaller: isPermitted? true
08-06 11:49:07.533 24365 28405 I Fitness : FitCleanupIntentOperation received Intent android.intent.action.PACKAGE_REMOVED [CONTEXT service_id=17 ]
08-06 11:49:07.541  3784  3784 D CarrierServiceBindHelper: Receive action: android.intent.action.PACKAGE_ADDED
08-06 11:49:07.541  3784  3784 D CarrierServiceBindHelper: Receive action: android.intent.action.PACKAGE_REPLACED
08-06 11:49:07.541  3784  3784 D CarrierServiceBindHelper: mHandler: 3
08-06 11:49:07.541  3784  3784 D CarrierServiceBindHelper: mHandler: 3
08-06 11:49:07.541  3784  3784 D CarrierServiceBindHelper: mHandler: 3
08-06 11:49:07.541  3784  3784 D CarrierConfigLoader: mHandler: 9 phoneId: 0
08-06 11:49:07.549 12162 12162 I Finsky  : [1] uah.a(18): PackageMonitorReceiverImpl - Received: android.intent.action.PACKAGE_REMOVED, [ocpw8ddNLhG67i_cxGNvtEQwqY1k5QNC_my-vN553D4]
08-06 11:49:07.550 12162 12162 I Finsky  : [1] ubi.d(9): Invalidating cached PackageState for baseline.org.quantumbadger.redreader
08-06 11:49:07.560 12162 12162 I Finsky  : [1] lzi.c(2): Frosting ID looked up on UI thread. Caller should move to a background thread.
08-06 11:49:07.570 12162 12162 I Finsky  : [1] nqb.c(3): Installer: package baseline.org.quantumbadger.redreader was removed. replacing: true
08-06 11:49:07.571 12162 12162 I Finsky  : [1] nra.a(188): Installer: Notifying status update. package=baseline.org.quantumbadger.redreader, status=UNINSTALLED
08-06 11:49:07.618 12162 12162 I Finsky  : [1] lzi.c(2): Frosting ID looked up on UI thread. Caller should move to a background thread.
08-06 11:49:07.633 12162 12162 I Finsky  : [1] nra.a(220): Installer: found apps to install. isMultiUserMode=false, apps=[]
08-06 11:49:07.634 12162 28415 I Finsky  : [6372] ejf.a(-1): Cancelled 0 ongoing asset module downloads for package baseline.org.quantumbadger.redreader due to a concurrent app update.
08-06 11:49:07.679 24577 28413 I Auth    : [SupervisedAccountIntentOperation] onHandleIntent(): android.intent.action.PACKAGE_ADDED
08-06 11:49:07.680 24577 28413 I ChromeSync: [Sync,SyncIntentOperation] Handling the intent: Intent { act=android.intent.action.PACKAGE_ADDED dat=package:baseline.org.quantumbadger.redreader flg=0x4000010 cmp=com.google.android.gms/.chimera.GmsIntentOperationService (has extras) }.
08-06 11:49:07.684 12162 12269 I Finsky  : [6285] odj.b(52): IQ: Notifying installation update. package=baseline.org.quantumbadger.redreader, status=UNINSTALLED
08-06 11:49:07.695 12162 28412 I Finsky  : [6370] lyv.run(-1): Wrote row to frosting DB: 3278
08-06 11:49:07.725 25566 25566 I Atfwd_Sendcmd: AtCmdFwd service not ready - Exhausted retry attempts - :6
08-06 11:49:07.725 25566 25566 I Atfwd_Daemon: result : -1 	 ,Init step :2 	 ,qmiErrorCode: 0
--------- beginning of system
08-06 11:49:07.728   918  3670 W ActivityManager: Unable to start service Intent { act=com.google.android.gms.auth.key.retrieval.service.START pkg=com.google.android.gms } U=0: not found
08-06 11:49:07.735   918   929 W ActivityManager: Unbind failed: could not find connection for android.os.BinderProxy@8887c95
08-06 11:49:07.739 12162 12162 I Finsky  : [1] uah.a(18): PackageMonitorReceiverImpl - Received: android.intent.action.PACKAGE_ADDED, [ocpw8ddNLhG67i_cxGNvtEQwqY1k5QNC_my-vN553D4]
08-06 11:49:07.739 12162 12162 I Finsky  : [1] ubi.d(9): Invalidating cached PackageState for baseline.org.quantumbadger.redreader
08-06 11:49:07.744 24577 24621 E GmsClient: unable to connect to service: com.google.android.gms.auth.key.retrieval.service.START on com.google.android.gms
08-06 11:49:07.774 12162 12162 I Finsky  : [1] lzi.c(2): Frosting ID looked up on UI thread. Caller should move to a background thread.
08-06 11:49:07.779 12162 12269 I Finsky  : [6285] odj.b(40): IQ: No matching installs to run for jobs: []
08-06 11:49:07.796 12162 28414 I Finsky  : [6371] gzn.a(-1): [ContentSync] finished, scheduled=false
08-06 11:49:07.797 12162 28412 I Finsky  : [6370] lyv.run(-1): Wrote row to frosting DB: 3279
08-06 11:49:07.801 12162 12162 I Finsky  : [1] agsx.a(4): Do not start WearSupportService due to Wear service optimization
08-06 11:49:07.809   918  6110 I AccountManagerService: getTypesVisibleToCaller: isPermitted? true
08-06 11:49:07.810 24577 28413 I ChromeSync: [Persistence,AffiliationManager] One of affiliation or grouping data for android://bz0hZa4nAJEtd0n5sRlXG7KAqctUMWVefv7Ki4mh1p6slZ9YO-n9gS9j8m9YCrsIyI2wIxrDHraumF9Y6pBLTA==@baseline.org.quantumbadger.redreader/ was not found. Marking affiliation data as stale...
08-06 11:49:07.816 12162 28415 I Finsky  : [6372] ejc.a(-1): Asset module broadcast after update successful for package baseline.org.quantumbadger.redreader. 0 sessions broadcast.
08-06 11:49:07.825 12162 12162 I Finsky  : [1] lzi.c(2): Frosting ID looked up on UI thread. Caller should move to a background thread.
08-06 11:49:07.953   918  3670 I AccountManagerService: getTypesVisibleToCaller: isPermitted? true
08-06 11:49:07.962 12162 12162 I Finsky  : [1] xmu.a(8): SCH: Jobs in database: 1-1337 3-225 3-226 12-1 24-77777777 26-1414141414 
08-06 11:49:07.964 12162 12162 I Finsky  : [1] xio.a(57): SCH: ConstraintMapping: 24-77777777,  -> L: 0ms, D: 33662963ms, C: false, I: true, N: 0
08-06 11:49:07.965 12162 12162 I Finsky  : [1] xio.a(57): SCH: ConstraintMapping: 1-1337, 12-1,  -> L: 14629ms, D: 37004949ms, C: false, I: false, N: 1
08-06 11:49:07.965 12162 12162 I Finsky  : [1] xio.a(57): SCH: ConstraintMapping: 3-225,  -> L: 0ms, D: 76788891ms, C: false, I: true, N: 2
08-06 11:49:07.965 12162 12162 I Finsky  : [1] xio.a(57): SCH: ConstraintMapping: 3-226,  -> L: 0ms, D: 76788935ms, C: true, I: true, N: 2
08-06 11:49:07.966 12162 12162 I Finsky  : [1] xio.a(57): SCH: ConstraintMapping: 26-1414141414,  -> L: 41786335ms, D: 42686335ms, C: false, I: false, N: 0
08-06 11:49:07.969 12162 28414 I Finsky  : [6371] gzn.a(-1): [ContentSync] finished, scheduled=true
08-06 11:49:07.987 12162 12162 I Finsky  : [1] xle.a(34): Cancelling existing jobscheduler jobs: 9006 9002 9008 9010 9007 9013 9005 9003 9004 9001 
08-06 11:49:07.987 12162 12162 I Finsky  : [1] xle.a(27): Scheduling job Id: 9000, L: 0, D: 33662963, C: false, I: true, N: 0
08-06 11:49:07.994 12162 12162 I Finsky  : [1] xle.a(27): Scheduling job Id: 9009, L: 14629, D: 37004949, C: false, I: false, N: 1
08-06 11:49:07.997 12162 12162 I Finsky  : [1] xle.a(27): Scheduling job Id: 9011, L: 0, D: 76788891, C: false, I: true, N: 2
08-06 11:49:07.999 12162 12162 I Finsky  : [1] xle.a(27): Scheduling job Id: 9012, L: 0, D: 76788935, C: true, I: true, N: 2
08-06 11:49:08.003 12162 12162 I Finsky  : [1] xle.a(27): Scheduling job Id: 9014, L: 41786335, D: 42686335, C: false, I: false, N: 0
08-06 11:49:08.007 12162 12162 I Finsky  : [1] xle.a(27): Scheduling job Id: 9015, L: 0, D: 33662963, C: false, I: true, N: 0
08-06 11:49:08.013 12162 12162 I Finsky  : [1] xle.a(27): Scheduling job Id: 9016, L: 14629, D: 37004949, C: false, I: false, N: 1
08-06 11:49:08.016 12162 12162 I Finsky  : [1] xle.a(27): Scheduling job Id: 9017, L: 0, D: 76788891, C: false, I: true, N: 2
08-06 11:49:08.018 12162 12162 I Finsky  : [1] xle.a(27): Scheduling job Id: 9018, L: 0, D: 76788935, C: true, I: true, N: 2
08-06 11:49:08.019 12162 12162 I Finsky  : [1] xle.a(27): Scheduling job Id: 9019, L: 41786335, D: 42686335, C: false, I: false, N: 0
08-06 11:49:08.037 12162 28412 I Finsky  : [6370] lyv.run(-1): Wrote row to frosting DB: 3280
08-06 11:49:08.069 28426 28426 D AndroidRuntime: >>>>>> START com.android.internal.os.RuntimeInit uid 2000 <<<<<<
08-06 11:49:08.072 28426 28426 D AndroidRuntime: CheckJNI is OFF
08-06 11:49:08.095 28426 28426 D ICU     : No timezone override file found: /data/misc/zoneinfo/current/icu/icu_tzdata.dat
08-06 11:49:08.107 12162 28412 I Finsky  : [6370] lyv.run(-1): Wrote row to frosting DB: 3281
08-06 11:49:08.120 28426 28426 I Radio-JNI: register_android_hardware_Radio DONE
08-06 11:49:08.123 24577 13316 I Icing   : IndexChimeraService.getServiceInterface callingPackage=com.google.android.gms componentName=AppsCorpus serviceId=36
08-06 11:49:08.135 28426 28426 D AndroidRuntime: Calling main entry com.android.commands.monkey.Monkey
08-06 11:49:08.135   918  4400 I AccountManagerService: getTypesVisibleToCaller: isPermitted? true
08-06 11:49:08.150 24577 15091 W Icing   : No valid account for uploading user actions
08-06 11:49:08.150   918   931 W BroadcastQueue: Skipping deliver [background] BroadcastRecord{2af965f u-1 android.net.conn.CONNECTIVITY_CHANGE} to ReceiverList{10e28ac 28426 (unknown name)/2000/u-1 remote:9a15ab9}: process crashing
08-06 11:49:08.167   918  6110 I ActivityManager: START u0 {act=android.intent.action.MAIN cat=[android.intent.category.LAUNCHER] flg=0x10200000 cmp=baseline.org.quantumbadger.redreader/.activities.MainActivity} from uid 2000 on display 0
08-06 11:49:08.186 28441 28441 I art     : Late-enabling -Xcheck:jni
08-06 11:49:08.187   918  5952 I ActivityManager: Start proc 28441:baseline.org.quantumbadger.redreader/u0a705 for activity baseline.org.quantumbadger.redreader/.activities.MainActivity
08-06 11:49:08.203 28426 28426 I art     : System.exit called, status: 0
08-06 11:49:08.204 28426 28426 I AndroidRuntime: VM exiting with result code 0.
08-06 11:49:08.215 24577 13294 I Icing   : IndexChimeraService.getServiceInterface callingPackage=com.google.android.gms componentName=null serviceId=30
08-06 11:49:08.218 24577 15091 I Icing   : Usage reports ok 1, Failed Usage reports 0, indexed 0, rejected 0
08-06 11:49:08.220 24577 15091 I Icing   : Indexing com.google.android.gms-internal.3p:MobileApplication from com.google.android.gms using seqno 763
08-06 11:49:08.223 24577 15091 I Icing   : Indexing com.google.android.gms-internal.3p:MobileApplication from com.google.android.gms using seqno 763
08-06 11:49:08.239 28441 28441 W System  : ClassLoader referenced unknown path: /data/app/baseline.org.quantumbadger.redreader-2/lib/arm64
08-06 11:49:08.247 28441 28441 I RedReader: Application created.
08-06 11:49:08.251 28441 28458 I RedditChangeDataIO: Running initial read...
08-06 11:49:08.253 28441 28441 I RedReader: Checking for new messages.
08-06 11:49:08.254 28441 28458 I RedditChangeDataIO: Data file at '/data/user/0/baseline.org.quantumbadger.redreader/files/rr_change_data.dat'
08-06 11:49:08.254 28441 28458 I RedditChangeDataIO: Data file does not exist. Aborting read.
08-06 11:49:08.254 28441 28458 I RedditChangeDataManager: Pruning for all users...
08-06 11:49:08.255 28441 28458 I RedditChangeDataManager: Pruning complete.
08-06 11:49:08.264 24577 15091 W Icing   : No valid account for uploading user actions
08-06 11:49:08.275 16458 14872 I PBSessionCacheImpl: Deleted sessionId[72384646105454640] from persistence.
08-06 11:49:08.278 16458 16488 W SearchServiceCore: Abort, client detached.
08-06 11:49:08.278 16458 16488 I MicroDetectionState: Should stop hotword detection immediately - true
08-06 11:49:08.309 24577 15091 I Icing   : Usage reports ok 1, Failed Usage reports 0, indexed 0, rejected 0
08-06 11:49:08.311 24577 13294 I Icing   : IndexChimeraService.getServiceInterface callingPackage=com.google.android.gms componentName=null serviceId=36
08-06 11:49:08.315 24577 15091 W Icing   : No valid account for uploading user actions
08-06 11:49:08.328 24577 15091 I Icing   : Usage reports ok 0, Failed Usage reports 0, indexed 0, rejected 0
08-06 11:49:08.338 28441 28457 I CacheManager: Pruning 0 files
08-06 11:49:08.343 28441 28441 W art     : Before Android 4.1, method android.graphics.PorterDuffColorFilter androidx.vectordrawable.graphics.drawable.VectorDrawableCompat.updateTintFilter(android.graphics.PorterDuffColorFilter, android.content.res.ColorStateList, android.graphics.PorterDuff$Mode) would have incorrectly overridden the package-private method in android.graphics.drawable.Drawable
08-06 11:49:08.358 28441 28441 I art     : Rejecting re-init on previously-failed class java.lang.Class<androidx.core.view.ViewCompat$2>
08-06 11:49:08.358 28441 28441 I art     : Rejecting re-init on previously-failed class java.lang.Class<androidx.core.view.ViewCompat$2>
08-06 11:49:08.366 28441 28441 I AppCompatViewInflater: app:theme is now deprecated. Please move to using android:theme instead.
08-06 11:49:08.470 28441 28441 I RawObjectDB query string: CREATE TABLE objects(RawObjectDB_id TEXT PRIMARY KEY ON CONFLICT REPLACE,RawObjectDB_timestamp INTEGER,serialised TEXT)
08-06 11:49:08.527 28441 28441 I RawObjectDB query string: CREATE TABLE objects(RawObjectDB_id TEXT PRIMARY KEY ON CONFLICT REPLACE,RawObjectDB_timestamp INTEGER,serialised TEXT)
08-06 11:49:08.604 28441 28460 D OpenGLRenderer: Use EGL_SWAP_BEHAVIOR_PRESERVED: true
08-06 11:49:08.655 28441 28460 I Adreno  : QUALCOMM build                   : fcf4852, I1af360237c
08-06 11:49:08.655 28441 28460 I Adreno  : Build Date                       : 09/23/15
08-06 11:49:08.655 28441 28460 I Adreno  : OpenGL ES Shader Compiler Version: XE031.05.13.02
08-06 11:49:08.655 28441 28460 I Adreno  : Local Branch                     : mybranch14465806
08-06 11:49:08.655 28441 28460 I Adreno  : Remote Branch                    : quic/LA.BF64.1.2.9_v2
08-06 11:49:08.655 28441 28460 I Adreno  : Remote Branch                    : NONE
08-06 11:49:08.655 28441 28460 I Adreno  : Reconstruct Branch               : NOTHING
08-06 11:49:08.665 28441 28460 I OpenGLRenderer: Initialized EGL, version 1.4
08-06 11:49:08.965   918   936 I ActivityManager: Displayed baseline.org.quantumbadger.redreader/.activities.MainActivity: +790ms
08-06 11:49:09.220 24577 15091 I Icing   : Indexing com.google.android.gms-apps from com.google.android.gms
08-06 11:49:09.283 24577 15091 I Icing   : Indexing done com.google.android.gms-apps
08-06 11:49:09.311 24577 15091 I Icing   : Indexing com.google.android.gms-apps from com.google.android.gms
08-06 11:49:09.312 24577 15091 I Icing   : Indexing done com.google.android.gms-apps
08-06 11:49:09.722 28476 28476 D AndroidRuntime: >>>>>> START com.android.internal.os.RuntimeInit uid 2000 <<<<<<
08-06 11:49:09.726 28476 28476 D AndroidRuntime: CheckJNI is OFF
08-06 11:49:09.752 28476 28476 D ICU     : No timezone override file found: /data/misc/zoneinfo/current/icu/icu_tzdata.dat
08-06 11:49:09.781 28476 28476 I Radio-JNI: register_android_hardware_Radio DONE
08-06 11:49:09.797 28476 28476 D AndroidRuntime: Calling main entry com.android.commands.am.Am
08-06 11:49:09.808 14970 14970 I Trepn   : Trepn 6.2s: Received intent: com.quicinc.trepn.start_profiling
08-06 11:49:09.966 14970 14970 W FileUtils: Failed to chmod(/storage/emulated/0/trepn/Trepn_2020.08.06_114909.db): android.system.ErrnoException: chmod failed: EPERM (Operation not permitted)
08-06 11:49:10.164 14970 14970 I Trepn   : Trepn 6.2s: Trepn has Started Profiling.
08-06 11:49:10.166 28476 28476 D AndroidRuntime: Shutting down VM
08-06 11:49:10.613 28441 28465 I art     : Starting a blocking GC Explicit
08-06 11:49:10.647 28441 28465 I art     : Explicit concurrent mark sweep GC freed 27831(2MB) AllocSpace objects, 8(216KB) LOS objects, 40% free, 20MB/34MB, paused 208us total 33.381ms
08-06 11:49:10.655 28441 28465 I art     : Starting a blocking GC Explicit
08-06 11:49:10.666 28441 28465 I art     : Explicit concurrent mark sweep GC freed 1530(73KB) AllocSpace objects, 0(0B) LOS objects, 40% free, 20MB/34MB, paused 118us total 10.939ms
08-06 11:49:10.674 28441 28465 I art     : Starting a blocking GC Explicit
08-06 11:49:10.685 28441 28465 I art     : Explicit concurrent mark sweep GC freed 3(96B) AllocSpace objects, 0(0B) LOS objects, 40% free, 20MB/34MB, paused 125us total 10.446ms
08-06 11:49:10.693 28441 28465 I art     : Starting a blocking GC Explicit
08-06 11:49:10.704 28441 28465 I art     : Explicit concurrent mark sweep GC freed 3(96B) AllocSpace objects, 0(0B) LOS objects, 40% free, 20MB/34MB, paused 115us total 10.601ms
08-06 11:49:10.712 28441 28465 I art     : Starting a blocking GC Explicit
08-06 11:49:10.722 28441 28465 I art     : Explicit concurrent mark sweep GC freed 3(96B) AllocSpace objects, 0(0B) LOS objects, 40% free, 20MB/34MB, paused 115us total 10.446ms
08-06 11:49:10.999 28441 28452 I art     : Starting a blocking GC Explicit
08-06 11:49:11.016 28441 28452 I art     : Explicit concurrent mark sweep GC freed 1345(78KB) AllocSpace objects, 1(20KB) LOS objects, 40% free, 20MB/34MB, paused 164us total 16.374ms
08-06 11:49:11.029 28441 28452 I art     : Starting a blocking GC Explicit
08-06 11:49:11.043 28441 28452 I art     : Explicit concurrent mark sweep GC freed 20(704B) AllocSpace objects, 0(0B) LOS objects, 40% free, 20MB/34MB, paused 134us total 13.696ms
08-06 11:49:11.053 28441 28452 I art     : Starting a blocking GC Explicit
08-06 11:49:11.064 28441 28452 I art     : Explicit concurrent mark sweep GC freed 3(96B) AllocSpace objects, 0(0B) LOS objects, 40% free, 20MB/34MB, paused 119us total 10.768ms
08-06 11:49:11.072 28441 28452 I art     : Starting a blocking GC Explicit
08-06 11:49:11.083 28441 28452 I art     : Explicit concurrent mark sweep GC freed 3(96B) AllocSpace objects, 0(0B) LOS objects, 40% free, 20MB/34MB, paused 109us total 10.400ms
08-06 11:49:11.091 28441 28452 I art     : Starting a blocking GC Explicit
08-06 11:49:11.101 28441 28452 I art     : Explicit concurrent mark sweep GC freed 3(96B) AllocSpace objects, 0(0B) LOS objects, 40% free, 20MB/34MB, paused 106us total 9.957ms
08-06 11:49:11.355 28441 28453 I art     : Starting a blocking GC Explicit
08-06 11:49:11.371 28441 28453 I art     : Explicit concurrent mark sweep GC freed 1334(78KB) AllocSpace objects, 1(20KB) LOS objects, 40% free, 20MB/34MB, paused 160us total 15.734ms
08-06 11:49:11.382 28441 28453 I art     : Starting a blocking GC Explicit
08-06 11:49:11.393 28441 28453 I art     : Explicit concurrent mark sweep GC freed 20(704B) AllocSpace objects, 0(0B) LOS objects, 40% free, 20MB/34MB, paused 132us total 11.305ms
08-06 11:49:11.401 28441 28453 I art     : Starting a blocking GC Explicit
08-06 11:49:11.412 28441 28453 I art     : Explicit concurrent mark sweep GC freed 3(96B) AllocSpace objects, 0(0B) LOS objects, 40% free, 20MB/34MB, paused 124us total 10.739ms
08-06 11:49:11.421 28441 28453 I art     : Starting a blocking GC Explicit
08-06 11:49:11.431 28441 28453 I art     : Explicit concurrent mark sweep GC freed 3(96B) AllocSpace objects, 0(0B) LOS objects, 40% free, 20MB/34MB, paused 143us total 10.489ms
08-06 11:49:11.439 28441 28453 I art     : Starting a blocking GC Explicit
08-06 11:49:11.450 28441 28453 I art     : Explicit concurrent mark sweep GC freed 3(96B) AllocSpace objects, 0(0B) LOS objects, 40% free, 20MB/34MB, paused 124us total 10.613ms
08-06 11:49:11.750 28441 28465 I art     : Starting a blocking GC Explicit
08-06 11:49:11.764 28441 28465 I art     : Explicit concurrent mark sweep GC freed 1333(78KB) AllocSpace objects, 1(20KB) LOS objects, 40% free, 20MB/34MB, paused 145us total 14.294ms
08-06 11:49:11.776 28441 28465 I art     : Starting a blocking GC Explicit
08-06 11:49:11.788 28441 28465 I art     : Explicit concurrent mark sweep GC freed 20(704B) AllocSpace objects, 0(0B) LOS objects, 40% free, 20MB/34MB, paused 121us total 11.933ms
08-06 11:49:11.796 28441 28465 I art     : Starting a blocking GC Explicit
08-06 11:49:11.807 28441 28465 I art     : Explicit concurrent mark sweep GC freed 3(96B) AllocSpace objects, 0(0B) LOS objects, 40% free, 20MB/34MB, paused 116us total 10.642ms
08-06 11:49:11.815 28441 28465 I art     : Starting a blocking GC Explicit
08-06 11:49:11.827 28441 28465 I art     : Explicit concurrent mark sweep GC freed 3(96B) AllocSpace objects, 0(0B) LOS objects, 40% free, 20MB/34MB, paused 119us total 10.959ms
08-06 11:49:11.835 28441 28465 I art     : Starting a blocking GC Explicit
08-06 11:49:11.845 28441 28465 I art     : Explicit concurrent mark sweep GC freed 3(96B) AllocSpace objects, 0(0B) LOS objects, 40% free, 20MB/34MB, paused 127us total 10.462ms
08-06 11:49:12.137 28441 28452 I art     : Starting a blocking GC Explicit
08-06 11:49:12.150 28441 28452 I art     : Explicit concurrent mark sweep GC freed 1333(78KB) AllocSpace objects, 1(20KB) LOS objects, 40% free, 20MB/34MB, paused 150us total 13.333ms
08-06 11:49:12.159 28441 28452 I art     : Starting a blocking GC Explicit
08-06 11:49:12.171 28441 28452 I art     : Explicit concurrent mark sweep GC freed 20(704B) AllocSpace objects, 0(0B) LOS objects, 40% free, 20MB/34MB, paused 125us total 11.403ms
08-06 11:49:12.180 28441 28452 I art     : Starting a blocking GC Explicit
08-06 11:49:12.190 28441 28452 I art     : Explicit concurrent mark sweep GC freed 3(96B) AllocSpace objects, 0(0B) LOS objects, 40% free, 20MB/34MB, paused 122us total 10.370ms
08-06 11:49:12.198 28441 28452 I art     : Starting a blocking GC Explicit
08-06 11:49:12.209 28441 28452 I art     : Explicit concurrent mark sweep GC freed 3(96B) AllocSpace objects, 0(0B) LOS objects, 40% free, 20MB/34MB, paused 120us total 10.614ms
08-06 11:49:12.217 28441 28452 I art     : Starting a blocking GC Explicit
08-06 11:49:12.228 28441 28452 I art     : Explicit concurrent mark sweep GC freed 3(96B) AllocSpace objects, 0(0B) LOS objects, 40% free, 20MB/34MB, paused 119us total 10.664ms
08-06 11:49:12.542 28441 28453 I art     : Starting a blocking GC Explicit
08-06 11:49:12.559 28441 28453 I art     : Explicit concurrent mark sweep GC freed 1333(78KB) AllocSpace objects, 1(20KB) LOS objects, 40% free, 20MB/34MB, paused 173us total 16.607ms
08-06 11:49:12.570 28441 28453 I art     : Starting a blocking GC Explicit
08-06 11:49:12.582 28441 28453 I art     : Explicit concurrent mark sweep GC freed 20(704B) AllocSpace objects, 0(0B) LOS objects, 40% free, 20MB/34MB, paused 135us total 11.341ms
08-06 11:49:12.590 28441 28453 I art     : Starting a blocking GC Explicit
08-06 11:49:12.601 28441 28453 I art     : Explicit concurrent mark sweep GC freed 3(96B) AllocSpace objects, 0(0B) LOS objects, 40% free, 20MB/34MB, paused 124us total 10.680ms
08-06 11:49:12.609 28441 28453 I art     : Starting a blocking GC Explicit
08-06 11:49:12.620 28441 28453 I art     : Explicit concurrent mark sweep GC freed 3(96B) AllocSpace objects, 0(0B) LOS objects, 40% free, 20MB/34MB, paused 134us total 10.731ms
08-06 11:49:12.628 28441 28453 I art     : Starting a blocking GC Explicit
08-06 11:49:12.639 28441 28453 I art     : Explicit concurrent mark sweep GC freed 3(96B) AllocSpace objects, 0(0B) LOS objects, 40% free, 20MB/34MB, paused 116us total 10.237ms
08-06 11:49:12.958 28441 28465 I art     : Starting a blocking GC Explicit
08-06 11:49:12.974 28441 28465 I art     : Explicit concurrent mark sweep GC freed 1333(78KB) AllocSpace objects, 1(20KB) LOS objects, 40% free, 20MB/34MB, paused 158us total 15.940ms
08-06 11:49:12.986 28441 28465 I art     : Starting a blocking GC Explicit
08-06 11:49:13.000 28441 28465 I art     : Explicit concurrent mark sweep GC freed 20(704B) AllocSpace objects, 0(0B) LOS objects, 40% free, 20MB/34MB, paused 129us total 13.476ms
08-06 11:49:13.011 28441 28465 I art     : Starting a blocking GC Explicit
08-06 11:49:13.022 28441 28465 I art     : Explicit concurrent mark sweep GC freed 3(96B) AllocSpace objects, 0(0B) LOS objects, 40% free, 20MB/34MB, paused 122us total 10.746ms
08-06 11:49:13.030 28441 28465 I art     : Starting a blocking GC Explicit
08-06 11:49:13.040 28441 28465 I art     : Explicit concurrent mark sweep GC freed 3(96B) AllocSpace objects, 0(0B) LOS objects, 40% free, 20MB/34MB, paused 110us total 10.169ms
08-06 11:49:13.048 28441 28465 I art     : Starting a blocking GC Explicit
08-06 11:49:13.059 28441 28465 I art     : Explicit concurrent mark sweep GC freed 3(96B) AllocSpace objects, 0(0B) LOS objects, 40% free, 20MB/34MB, paused 118us total 10.408ms
08-06 11:49:13.355 28441 28452 I art     : Starting a blocking GC Explicit
08-06 11:49:13.370 28441 28452 I art     : Explicit concurrent mark sweep GC freed 1332(78KB) AllocSpace objects, 1(20KB) LOS objects, 40% free, 20MB/34MB, paused 139us total 14.978ms
08-06 11:49:13.382 28441 28452 I art     : Starting a blocking GC Explicit
08-06 11:49:13.393 28441 28452 I art     : Explicit concurrent mark sweep GC freed 20(704B) AllocSpace objects, 0(0B) LOS objects, 40% free, 20MB/34MB, paused 120us total 10.969ms
08-06 11:49:13.401 28441 28452 I art     : Starting a blocking GC Explicit
08-06 11:49:13.411 28441 28452 I art     : Explicit concurrent mark sweep GC freed 3(96B) AllocSpace objects, 0(0B) LOS objects, 40% free, 20MB/34MB, paused 117us total 10.505ms
08-06 11:49:13.419 28441 28452 I art     : Starting a blocking GC Explicit
08-06 11:49:13.430 28441 28452 I art     : Explicit concurrent mark sweep GC freed 3(96B) AllocSpace objects, 0(0B) LOS objects, 40% free, 20MB/34MB, paused 110us total 10.584ms
08-06 11:49:13.438 28441 28452 I art     : Starting a blocking GC Explicit
08-06 11:49:13.449 28441 28452 I art     : Explicit concurrent mark sweep GC freed 3(96B) AllocSpace objects, 0(0B) LOS objects, 40% free, 20MB/34MB, paused 120us total 10.389ms
08-06 11:49:13.737 28441 28453 I art     : Starting a blocking GC Explicit
08-06 11:49:13.751 28441 28453 I art     : Explicit concurrent mark sweep GC freed 1333(78KB) AllocSpace objects, 1(20KB) LOS objects, 40% free, 20MB/34MB, paused 162us total 13.728ms
08-06 11:49:13.762 28441 28453 I art     : Starting a blocking GC Explicit
08-06 11:49:13.776 28441 28453 I art     : Explicit concurrent mark sweep GC freed 20(704B) AllocSpace objects, 0(0B) LOS objects, 40% free, 20MB/34MB, paused 133us total 13.306ms
08-06 11:49:13.784 28441 28453 I art     : Starting a blocking GC Explicit
08-06 11:49:13.795 28441 28453 I art     : Explicit concurrent mark sweep GC freed 3(96B) AllocSpace objects, 0(0B) LOS objects, 40% free, 20MB/34MB, paused 130us total 10.788ms
08-06 11:49:13.803 28441 28453 I art     : Starting a blocking GC Explicit
08-06 11:49:13.814 28441 28453 I art     : Explicit concurrent mark sweep GC freed 3(96B) AllocSpace objects, 0(0B) LOS objects, 40% free, 20MB/34MB, paused 121us total 10.786ms
08-06 11:49:13.822 28441 28453 I art     : Starting a blocking GC Explicit
08-06 11:49:13.833 28441 28453 I art     : Explicit concurrent mark sweep GC freed 3(96B) AllocSpace objects, 0(0B) LOS objects, 40% free, 20MB/34MB, paused 127us total 10.393ms
08-06 11:49:14.132 28441 28465 I art     : Starting a blocking GC Explicit
08-06 11:49:14.144 28441 28465 I art     : Explicit concurrent mark sweep GC freed 1333(78KB) AllocSpace objects, 1(20KB) LOS objects, 40% free, 20MB/34MB, paused 126us total 11.667ms
08-06 11:49:14.153 28441 28465 I art     : Starting a blocking GC Explicit
08-06 11:49:14.163 28441 28465 I art     : Explicit concurrent mark sweep GC freed 20(704B) AllocSpace objects, 0(0B) LOS objects, 40% free, 20MB/34MB, paused 114us total 10.136ms
08-06 11:49:14.171 28441 28465 I art     : Starting a blocking GC Explicit
08-06 11:49:14.181 28441 28465 I art     : Explicit concurrent mark sweep GC freed 3(96B) AllocSpace objects, 0(0B) LOS objects, 40% free, 20MB/34MB, paused 104us total 9.542ms
08-06 11:49:14.188 28441 28465 I art     : Starting a blocking GC Explicit
08-06 11:49:14.197 28441 28465 I art     : Explicit concurrent mark sweep GC freed 3(96B) AllocSpace objects, 0(0B) LOS objects, 40% free, 20MB/34MB, paused 102us total 9.173ms
08-06 11:49:14.205 28441 28465 I art     : Starting a blocking GC Explicit
08-06 11:49:14.214 28441 28465 I art     : Explicit concurrent mark sweep GC freed 3(96B) AllocSpace objects, 0(0B) LOS objects, 40% free, 20MB/34MB, paused 101us total 9.122ms
08-06 11:49:14.506 28441 28452 I art     : Starting a blocking GC Explicit
08-06 11:49:14.520 28441 28452 I art     : Explicit concurrent mark sweep GC freed 1333(78KB) AllocSpace objects, 1(20KB) LOS objects, 40% free, 20MB/34MB, paused 145us total 14.053ms
08-06 11:49:14.532 28441 28452 I art     : Starting a blocking GC Explicit
08-06 11:49:14.543 28441 28452 I art     : Explicit concurrent mark sweep GC freed 20(704B) AllocSpace objects, 0(0B) LOS objects, 40% free, 20MB/34MB, paused 119us total 10.435ms
08-06 11:49:14.550 28441 28452 I art     : Starting a blocking GC Explicit
08-06 11:49:14.561 28441 28452 I art     : Explicit concurrent mark sweep GC freed 3(96B) AllocSpace objects, 0(0B) LOS objects, 40% free, 20MB/34MB, paused 116us total 10.102ms
08-06 11:49:14.568 28441 28452 I art     : Starting a blocking GC Explicit
08-06 11:49:14.579 28441 28452 I art     : Explicit concurrent mark sweep GC freed 3(96B) AllocSpace objects, 0(0B) LOS objects, 40% free, 20MB/34MB, paused 114us total 10.009ms
08-06 11:49:14.586 28441 28452 I art     : Starting a blocking GC Explicit
08-06 11:49:14.597 28441 28452 I art     : Explicit concurrent mark sweep GC freed 3(96B) AllocSpace objects, 0(0B) LOS objects, 40% free, 20MB/34MB, paused 122us total 10.511ms
08-06 11:49:14.899 28441 28453 I art     : Starting a blocking GC Explicit
08-06 11:49:14.912 28441 28453 I art     : Explicit concurrent mark sweep GC freed 1333(78KB) AllocSpace objects, 1(20KB) LOS objects, 40% free, 20MB/34MB, paused 154us total 12.891ms
08-06 11:49:14.921 28441 28453 I art     : Starting a blocking GC Explicit
08-06 11:49:14.932 28441 28453 I art     : Explicit concurrent mark sweep GC freed 20(704B) AllocSpace objects, 0(0B) LOS objects, 40% free, 20MB/34MB, paused 124us total 10.228ms
08-06 11:49:14.940 28441 28453 I art     : Starting a blocking GC Explicit
08-06 11:49:14.950 28441 28453 I art     : Explicit concurrent mark sweep GC freed 3(96B) AllocSpace objects, 0(0B) LOS objects, 40% free, 20MB/34MB, paused 112us total 9.596ms
08-06 11:49:14.957 28441 28453 I art     : Starting a blocking GC Explicit
08-06 11:49:14.967 28441 28453 I art     : Explicit concurrent mark sweep GC freed 3(96B) AllocSpace objects, 0(0B) LOS objects, 40% free, 20MB/34MB, paused 121us total 10.071ms
08-06 11:49:14.975 28441 28453 I art     : Starting a blocking GC Explicit
08-06 11:49:14.985 28441 28453 I art     : Explicit concurrent mark sweep GC freed 3(96B) AllocSpace objects, 0(0B) LOS objects, 40% free, 20MB/34MB, paused 117us total 9.508ms
08-06 11:49:15.237 28441 28465 I art     : Starting a blocking GC Explicit
08-06 11:49:15.248 28441 28465 I art     : Explicit concurrent mark sweep GC freed 1333(78KB) AllocSpace objects, 1(20KB) LOS objects, 40% free, 20MB/34MB, paused 124us total 10.623ms
08-06 11:49:15.256 28441 28465 I art     : Starting a blocking GC Explicit
08-06 11:49:15.266 28441 28465 I art     : Explicit concurrent mark sweep GC freed 20(704B) AllocSpace objects, 0(0B) LOS objects, 40% free, 20MB/34MB, paused 135us total 9.981ms
08-06 11:49:15.274 28441 28465 I art     : Starting a blocking GC Explicit
08-06 11:49:15.284 28441 28465 I art     : Explicit concurrent mark sweep GC freed 3(96B) AllocSpace objects, 0(0B) LOS objects, 40% free, 20MB/34MB, paused 119us total 10.082ms
08-06 11:49:15.292 28441 28465 I art     : Starting a blocking GC Explicit
08-06 11:49:15.302 28441 28465 I art     : Explicit concurrent mark sweep GC freed 3(96B) AllocSpace objects, 0(0B) LOS objects, 40% free, 20MB/34MB, paused 114us total 10.238ms
08-06 11:49:15.310 28441 28465 I art     : Starting a blocking GC Explicit
08-06 11:49:15.320 28441 28465 I art     : Explicit concurrent mark sweep GC freed 3(96B) AllocSpace objects, 0(0B) LOS objects, 40% free, 20MB/34MB, paused 119us total 10.105ms
08-06 11:49:15.490 28640 28640 D AndroidRuntime: >>>>>> START com.android.internal.os.RuntimeInit uid 2000 <<<<<<
08-06 11:49:15.495 28640 28640 D AndroidRuntime: CheckJNI is OFF
08-06 11:49:15.520 28640 28640 D ICU     : No timezone override file found: /data/misc/zoneinfo/current/icu/icu_tzdata.dat
08-06 11:49:15.545 28640 28640 I Radio-JNI: register_android_hardware_Radio DONE
08-06 11:49:15.561 28640 28640 D AndroidRuntime: Calling main entry com.android.commands.input.Input
08-06 11:49:15.563 28640 28640 I Input   : injectMotionEvent: MotionEvent { action=ACTION_DOWN, actionButton=0, id[0]=0, x[0]=720.0, y[0]=1440.0, toolType[0]=TOOL_TYPE_UNKNOWN, buttonState=0, metaState=0, flags=0x0, edgeFlags=0x0, pointerCount=1, historySize=0, eventTime=877771976, downTime=877771976, deviceId=0, source=0x1002 }
08-06 11:49:15.568 28640 28640 I Input   : injectMotionEvent: MotionEvent { action=ACTION_UP, actionButton=0, id[0]=0, x[0]=720.0, y[0]=1440.0, toolType[0]=TOOL_TYPE_UNKNOWN, buttonState=0, metaState=0, flags=0x0, edgeFlags=0x0, pointerCount=1, historySize=0, eventTime=877771976, downTime=877771976, deviceId=0, source=0x1002 }
08-06 11:49:15.569 28640 28640 D AndroidRuntime: Shutting down VM
08-06 11:49:15.574 28441 28452 I art     : Starting a blocking GC Explicit
08-06 11:49:15.584   512  2967 D audio_hw_primary: out_set_parameters: enter: usecase(1: low-latency-playback) kvpairs: routing=2
08-06 11:49:15.585 28441 28452 I art     : Explicit concurrent mark sweep GC freed 1422(81KB) AllocSpace objects, 1(20KB) LOS objects, 40% free, 20MB/34MB, paused 149us total 11.033ms
08-06 11:49:15.595 28441 28452 I art     : Starting a blocking GC Explicit
08-06 11:49:15.597   512  2967 D audio_hw_primary: select_devices: out_snd_device(2: speaker) in_snd_device(0: none)
08-06 11:49:15.597   512  2967 D msm8974_platform: platform_send_audio_calibration: sending audio calibration for snd_device(2) acdb_id(15)
08-06 11:49:15.597   512  2967 I soundtrigger: audio_extn_sound_trigger_update_device_status: device 0x2 of type 0 for Event 1
08-06 11:49:15.597 13866 13866 I GoogleInputMethodServic: GoogleInputMethodService.onFinishInput():3138 
08-06 11:49:15.598 13866 13866 I GoogleInputMethodServic: GoogleInputMethodService.onStartInput():1808 
08-06 11:49:15.607 28441 28452 I art     : Explicit concurrent mark sweep GC freed 45(1904B) AllocSpace objects, 0(0B) LOS objects, 40% free, 20MB/34MB, paused 130us total 11.711ms
08-06 11:49:15.609   512  2967 D audio_hw_primary: enable_snd_device: snd_device(2: speaker)
08-06 11:49:15.611   512  2967 D audio_hw_primary: enable_audio_route: apply and update mixer path: low-latency-playback speaker
08-06 11:49:15.616 28441 28452 I art     : Starting a blocking GC Explicit
08-06 11:49:15.626 28441 28452 I art     : Explicit concurrent mark sweep GC freed 974(68KB) AllocSpace objects, 1(76KB) LOS objects, 40% free, 20MB/34MB, paused 114us total 10.190ms
08-06 11:49:15.634 28441 28452 I art     : Starting a blocking GC Explicit
08-06 11:49:15.644 28441 28452 I art     : Explicit concurrent mark sweep GC freed 3(96B) AllocSpace objects, 0(0B) LOS objects, 40% free, 20MB/34MB, paused 110us total 9.723ms
08-06 11:49:15.651 28441 28452 I art     : Waiting for a blocking GC Explicit
08-06 11:49:15.652 28441 28452 I art     : Starting a blocking GC Explicit
08-06 11:49:15.662 28441 28452 I art     : Explicit concurrent mark sweep GC freed 3(96B) AllocSpace objects, 0(0B) LOS objects, 40% free, 20MB/34MB, paused 116us total 9.716ms
08-06 11:49:15.782   380   380 W SurfaceFlinger: couldn't log to binary event log: overflow.
08-06 11:49:15.903 28441 28453 I art     : Starting a blocking GC Explicit
08-06 11:49:15.914 28441 28453 I art     : Explicit concurrent mark sweep GC freed 1334(78KB) AllocSpace objects, 1(20KB) LOS objects, 40% free, 20MB/34MB, paused 128us total 10.418ms
08-06 11:49:15.922 28441 28453 I art     : Starting a blocking GC Explicit
08-06 11:49:15.933 28441 28453 I art     : Explicit concurrent mark sweep GC freed 20(704B) AllocSpace objects, 0(0B) LOS objects, 40% free, 20MB/34MB, paused 142us total 10.411ms
08-06 11:49:15.941 28441 28453 I art     : Starting a blocking GC Explicit
08-06 11:49:15.951 28441 28453 I art     : Explicit concurrent mark sweep GC freed 3(96B) AllocSpace objects, 0(0B) LOS objects, 40% free, 20MB/34MB, paused 154us total 10.386ms
08-06 11:49:15.960 28441 28453 I art     : Starting a blocking GC Explicit
08-06 11:49:15.970 28441 28453 I art     : Explicit concurrent mark sweep GC freed 3(96B) AllocSpace objects, 0(0B) LOS objects, 40% free, 20MB/34MB, paused 127us total 9.955ms
08-06 11:49:15.978 28441 28453 I art     : Starting a blocking GC Explicit
08-06 11:49:15.988 28441 28453 I art     : Explicit concurrent mark sweep GC freed 3(96B) AllocSpace objects, 0(0B) LOS objects, 40% free, 20MB/34MB, paused 127us total 10.281ms
08-06 11:49:16.142 28670 28670 D AndroidRuntime: >>>>>> START com.android.internal.os.RuntimeInit uid 2000 <<<<<<
08-06 11:49:16.149 28670 28670 D AndroidRuntime: CheckJNI is OFF
08-06 11:49:16.151   512  2967 D audio_hw_primary: disable_audio_route: reset and update mixer path: low-latency-playback speaker
08-06 11:49:16.158   512  2967 D audio_hw_primary: disable_snd_device: snd_device(2: speaker)
08-06 11:49:16.166   512  2967 I soundtrigger: audio_extn_sound_trigger_update_device_status: device 0x2 of type 0 for Event 0
08-06 11:49:16.179 28670 28670 D ICU     : No timezone override file found: /data/misc/zoneinfo/current/icu/icu_tzdata.dat
08-06 11:49:16.203 28670 28670 I Radio-JNI: register_android_hardware_Radio DONE
08-06 11:49:16.218 28670 28670 D AndroidRuntime: Calling main entry com.android.commands.input.Input
08-06 11:49:16.219 28670 28670 I Input   : injectMotionEvent: MotionEvent { action=ACTION_DOWN, actionButton=0, id[0]=0, x[0]=1345.0, y[0]=165.0, toolType[0]=TOOL_TYPE_UNKNOWN, buttonState=0, metaState=0, flags=0x0, edgeFlags=0x0, pointerCount=1, historySize=0, eventTime=877772632, downTime=877772632, deviceId=0, source=0x1002 }
08-06 11:49:16.223 28670 28670 I Input   : injectMotionEvent: MotionEvent { action=ACTION_UP, actionButton=0, id[0]=0, x[0]=1345.0, y[0]=165.0, toolType[0]=TOOL_TYPE_UNKNOWN, buttonState=0, metaState=0, flags=0x0, edgeFlags=0x0, pointerCount=1, historySize=0, eventTime=877772632, downTime=877772632, deviceId=0, source=0x1002 }
08-06 11:49:16.224 28670 28670 D AndroidRuntime: Shutting down VM
08-06 11:49:16.234   512  2967 D audio_hw_primary: out_set_parameters: enter: usecase(1: low-latency-playback) kvpairs: routing=2
08-06 11:49:16.234 28441 28667 I art     : Starting a blocking GC Explicit
08-06 11:49:16.235 28441 28441 W art     : Before Android 4.1, method int androidx.appcompat.widget.DropDownListView.lookForSelectablePosition(int, boolean) would have incorrectly overridden the package-private method in android.widget.ListView
08-06 11:49:16.239 28441 28441 W art     : Before Android 4.1, method int androidx.appcompat.widget.MenuPopupWindow$MenuDropDownListView.lookForSelectablePosition(int, boolean) would have incorrectly overridden the package-private method in android.widget.ListView
08-06 11:49:16.240 28441 28441 I ListPopupWindow: Could not find method setEpicenterBounds(Rect) on PopupWindow. Oh well.
08-06 11:49:16.247   512  2967 D audio_hw_primary: select_devices: out_snd_device(2: speaker) in_snd_device(0: none)
08-06 11:49:16.247   512  2967 D msm8974_platform: platform_send_audio_calibration: sending audio calibration for snd_device(2) acdb_id(15)
08-06 11:49:16.247   512  2967 I soundtrigger: audio_extn_sound_trigger_update_device_status: device 0x2 of type 0 for Event 1
08-06 11:49:16.248 28441 28667 I art     : Explicit concurrent mark sweep GC freed 1500(136KB) AllocSpace objects, 1(20KB) LOS objects, 40% free, 20MB/34MB, paused 631us total 14.109ms
08-06 11:49:16.257 28441 28667 I art     : Starting a blocking GC Explicit
08-06 11:49:16.258   512  2967 D audio_hw_primary: enable_snd_device: snd_device(2: speaker)
08-06 11:49:16.260   512  2967 D audio_hw_primary: enable_audio_route: apply and update mixer path: low-latency-playback speaker
08-06 11:49:16.268 28441 28667 I art     : Explicit concurrent mark sweep GC freed 435(57KB) AllocSpace objects, 0(0B) LOS objects, 40% free, 20MB/34MB, paused 229us total 10.603ms
08-06 11:49:16.275 28441 28667 I art     : Starting a blocking GC Explicit
08-06 11:49:16.285 28441 28667 I art     : Explicit concurrent mark sweep GC freed 138(23KB) AllocSpace objects, 0(0B) LOS objects, 40% free, 20MB/34MB, paused 130us total 9.733ms
08-06 11:49:16.293 28441 28667 I art     : Starting a blocking GC Explicit
08-06 11:49:16.301   512  2967 D AudioFlinger: mixer(0xf4740000) throttle end: throttle time(12)
08-06 11:49:16.303 28441 28667 I art     : Explicit concurrent mark sweep GC freed 235(10KB) AllocSpace objects, 0(0B) LOS objects, 40% free, 20MB/34MB, paused 134us total 10.441ms
08-06 11:49:16.311 28441 28667 I art     : Starting a blocking GC Explicit
08-06 11:49:16.322 28441 28667 I art     : Explicit concurrent mark sweep GC freed 88(7KB) AllocSpace objects, 0(0B) LOS objects, 40% free, 20MB/34MB, paused 260us total 10.545ms
08-06 11:49:16.569 28441 28452 I art     : Starting a blocking GC Explicit
08-06 11:49:16.584 28441 28452 I art     : Explicit concurrent mark sweep GC freed 2153(117KB) AllocSpace objects, 1(20KB) LOS objects, 40% free, 20MB/34MB, paused 116us total 14.750ms
08-06 11:49:16.592 28441 28452 I art     : Starting a blocking GC Explicit
08-06 11:49:16.602 28441 28452 I art     : Explicit concurrent mark sweep GC freed 292(24KB) AllocSpace objects, 0(0B) LOS objects, 40% free, 20MB/34MB, paused 124us total 10.041ms
08-06 11:49:16.611 28441 28452 I art     : Starting a blocking GC Explicit
08-06 11:49:16.621 28441 28452 I art     : Explicit concurrent mark sweep GC freed 3(96B) AllocSpace objects, 0(0B) LOS objects, 40% free, 20MB/34MB, paused 111us total 10.036ms
08-06 11:49:16.629 28441 28452 I art     : Starting a blocking GC Explicit
08-06 11:49:16.639 28441 28452 I art     : Explicit concurrent mark sweep GC freed 9(288B) AllocSpace objects, 0(0B) LOS objects, 40% free, 20MB/34MB, paused 117us total 9.796ms
08-06 11:49:16.646 28441 28452 I art     : Starting a blocking GC Explicit
08-06 11:49:16.656 28441 28452 I art     : Explicit concurrent mark sweep GC freed 3(96B) AllocSpace objects, 0(0B) LOS objects, 40% free, 20MB/34MB, paused 115us total 9.932ms
08-06 11:49:16.735 26319 26427 W FirebaseInstanceId: Token retrieval failed: SERVICE_NOT_AVAILABLE. Will retry token retrieval
08-06 11:49:16.773 28702 28702 D AndroidRuntime: >>>>>> START com.android.internal.os.RuntimeInit uid 2000 <<<<<<
08-06 11:49:16.777 28702 28702 D AndroidRuntime: CheckJNI is OFF
08-06 11:49:16.789   512  2967 D audio_hw_primary: disable_audio_route: reset and update mixer path: low-latency-playback speaker
08-06 11:49:16.790   512  2967 D audio_hw_primary: disable_snd_device: snd_device(2: speaker)
08-06 11:49:16.798   512  2967 I soundtrigger: audio_extn_sound_trigger_update_device_status: device 0x2 of type 0 for Event 0
08-06 11:49:16.800 28702 28702 D ICU     : No timezone override file found: /data/misc/zoneinfo/current/icu/icu_tzdata.dat
08-06 11:49:16.823 28702 28702 I Radio-JNI: register_android_hardware_Radio DONE
08-06 11:49:16.838 28702 28702 D AndroidRuntime: Calling main entry com.android.commands.input.Input
08-06 11:49:16.840 28702 28702 I Input   : injectMotionEvent: MotionEvent { action=ACTION_DOWN, actionButton=0, id[0]=0, x[0]=940.0, y[0]=501.0, toolType[0]=TOOL_TYPE_UNKNOWN, buttonState=0, metaState=0, flags=0x0, edgeFlags=0x0, pointerCount=1, historySize=0, eventTime=877773253, downTime=877773253, deviceId=0, source=0x1002 }
08-06 11:49:16.844 28702 28702 I Input   : injectMotionEvent: MotionEvent { action=ACTION_UP, actionButton=0, id[0]=0, x[0]=940.0, y[0]=501.0, toolType[0]=TOOL_TYPE_UNKNOWN, buttonState=0, metaState=0, flags=0x0, edgeFlags=0x0, pointerCount=1, historySize=0, eventTime=877773253, downTime=877773253, deviceId=0, source=0x1002 }
08-06 11:49:16.846 28702 28702 D AndroidRuntime: Shutting down VM
08-06 11:49:16.910 28441 28452 I art     : Starting a blocking GC Explicit
08-06 11:49:16.918   918  4413 I ActivityManager: START u0 {cmp=baseline.org.quantumbadger.redreader/.settings.SettingsActivity} from uid 10705 on display 0
08-06 11:49:16.919   512  2967 D audio_hw_primary: out_set_parameters: enter: usecase(1: low-latency-playback) kvpairs: routing=2
08-06 11:49:16.924 28441 28452 I art     : Explicit concurrent mark sweep GC freed 1372(86KB) AllocSpace objects, 1(20KB) LOS objects, 40% free, 20MB/34MB, paused 160us total 13.843ms
08-06 11:49:16.931 13866 13866 I GoogleInputMethodServic: GoogleInputMethodService.onFinishInput():3138 
08-06 11:49:16.931   512  2967 D audio_hw_primary: select_devices: out_snd_device(2: speaker) in_snd_device(0: none)
08-06 11:49:16.931 13866 13866 I GoogleInputMethodServic: GoogleInputMethodService.onStartInput():1808 
08-06 11:49:16.932   512  2967 D msm8974_platform: platform_send_audio_calibration: sending audio calibration for snd_device(2) acdb_id(15)
08-06 11:49:16.932   512  2967 I soundtrigger: audio_extn_sound_trigger_update_device_status: device 0x2 of type 0 for Event 1
08-06 11:49:16.936 28441 28452 I art     : Starting a blocking GC Explicit
08-06 11:49:16.947   512  2967 D audio_hw_primary: enable_snd_device: snd_device(2: speaker)
08-06 11:49:16.950   512  2967 D audio_hw_primary: enable_audio_route: apply and update mixer path: low-latency-playback speaker
08-06 11:49:16.952 28441 28452 I art     : Explicit concurrent mark sweep GC freed 441(34KB) AllocSpace objects, 0(0B) LOS objects, 40% free, 20MB/34MB, paused 278us total 16.429ms
08-06 11:49:16.963 28441 28452 I art     : Starting a blocking GC Explicit
08-06 11:49:16.978 28441 28452 I art     : Explicit concurrent mark sweep GC freed 486(101KB) AllocSpace objects, 0(0B) LOS objects, 40% free, 21MB/35MB, paused 450us total 15.037ms
08-06 11:49:16.987 28441 28452 I art     : Starting a blocking GC Explicit
08-06 11:49:16.992   512  2967 D AudioFlinger: mixer(0xf4740000) throttle end: throttle time(12)
08-06 11:49:17.000 28441 28452 I art     : Explicit concurrent mark sweep GC freed 396(32KB) AllocSpace objects, 0(0B) LOS objects, 40% free, 21MB/35MB, paused 157us total 12.619ms
08-06 11:49:17.009 28441 28452 I art     : Starting a blocking GC Explicit
08-06 11:49:17.021 28441 28452 I art     : Explicit concurrent mark sweep GC freed 65(3KB) AllocSpace objects, 0(0B) LOS objects, 40% free, 21MB/35MB, paused 168us total 11.996ms
08-06 11:49:17.063   918   936 I ActivityManager: Displayed baseline.org.quantumbadger.redreader/.settings.SettingsActivity: +127ms
08-06 11:49:17.063 13866 13866 I GoogleInputMethodServic: GoogleInputMethodService.onFinishInput():3138 
08-06 11:49:17.064 13866 13866 I GoogleInputMethodServic: GoogleInputMethodService.onStartInput():1808 
08-06 11:49:17.086 28441 28460 D OpenGLRenderer: endAllStagingAnimators on 0x7f80e24800 (MenuPopupWindow$MenuDropDownListView) with handle 0x7f802bf360
08-06 11:49:17.247 28441 28452 I art     : Starting a blocking GC Explicit
08-06 11:49:17.259 28441 28452 I art     : Explicit concurrent mark sweep GC freed 1987(108KB) AllocSpace objects, 1(20KB) LOS objects, 40% free, 21MB/35MB, paused 123us total 11.335ms
08-06 11:49:17.267 28441 28452 I art     : Starting a blocking GC Explicit
08-06 11:49:17.277 28441 28452 I art     : Explicit concurrent mark sweep GC freed 106(4KB) AllocSpace objects, 0(0B) LOS objects, 40% free, 21MB/35MB, paused 115us total 10.582ms
08-06 11:49:17.285 28441 28452 I art     : Starting a blocking GC Explicit
08-06 11:49:17.296 28441 28452 I art     : Explicit concurrent mark sweep GC freed 3(96B) AllocSpace objects, 0(0B) LOS objects, 40% free, 21MB/35MB, paused 118us total 10.474ms
08-06 11:49:17.304 28441 28452 I art     : Starting a blocking GC Explicit
08-06 11:49:17.315 28441 28452 I art     : Explicit concurrent mark sweep GC freed 3(96B) AllocSpace objects, 0(0B) LOS objects, 40% free, 21MB/35MB, paused 120us total 10.631ms
08-06 11:49:17.318   380   380 W SurfaceFlinger: couldn't log to binary event log: overflow.
08-06 11:49:17.324 28441 28452 I art     : Starting a blocking GC Explicit
08-06 11:49:17.335 28441 28452 I art     : Explicit concurrent mark sweep GC freed 3(96B) AllocSpace objects, 0(0B) LOS objects, 40% free, 21MB/35MB, paused 117us total 10.718ms
08-06 11:49:17.367 28734 28734 D AndroidRuntime: >>>>>> START com.android.internal.os.RuntimeInit uid 2000 <<<<<<
08-06 11:49:17.371 28734 28734 D AndroidRuntime: CheckJNI is OFF
08-06 11:49:17.392 28734 28734 D ICU     : No timezone override file found: /data/misc/zoneinfo/current/icu/icu_tzdata.dat
08-06 11:49:17.414 28734 28734 I Radio-JNI: register_android_hardware_Radio DONE
08-06 11:49:17.429 28734 28734 D AndroidRuntime: Calling main entry com.android.commands.input.Input
08-06 11:49:17.431 28734 28734 I Input   : injectMotionEvent: MotionEvent { action=ACTION_DOWN, actionButton=0, id[0]=0, x[0]=216.0, y[0]=853.0, toolType[0]=TOOL_TYPE_UNKNOWN, buttonState=0, metaState=0, flags=0x0, edgeFlags=0x0, pointerCount=1, historySize=0, eventTime=877773844, downTime=877773844, deviceId=0, source=0x1002 }
08-06 11:49:17.436 28734 28734 I Input   : injectMotionEvent: MotionEvent { action=ACTION_UP, actionButton=0, id[0]=0, x[0]=216.0, y[0]=853.0, toolType[0]=TOOL_TYPE_UNKNOWN, buttonState=0, metaState=0, flags=0x0, edgeFlags=0x0, pointerCount=1, historySize=0, eventTime=877773844, downTime=877773844, deviceId=0, source=0x1002 }
08-06 11:49:17.438 28734 28734 D AndroidRuntime: Shutting down VM
08-06 11:49:17.479   512  2967 D audio_hw_primary: disable_audio_route: reset and update mixer path: low-latency-playback speaker
08-06 11:49:17.481   512  2967 D audio_hw_primary: disable_snd_device: snd_device(2: speaker)
08-06 11:49:17.489   512  2967 I soundtrigger: audio_extn_sound_trigger_update_device_status: device 0x2 of type 0 for Event 0
08-06 11:49:17.502   918  3696 I ActivityManager: START u0 {act=android.intent.action.MAIN cmp=baseline.org.quantumbadger.redreader/.settings.SettingsActivity (has extras)} from uid 10705 on display 0
08-06 11:49:17.504   512  2967 D audio_hw_primary: out_set_parameters: enter: usecase(1: low-latency-playback) kvpairs: routing=2
08-06 11:49:17.517   512  2967 D audio_hw_primary: select_devices: out_snd_device(2: speaker) in_snd_device(0: none)
08-06 11:49:17.518   512  2967 D msm8974_platform: platform_send_audio_calibration: sending audio calibration for snd_device(2) acdb_id(15)
08-06 11:49:17.518   512  2967 I soundtrigger: audio_extn_sound_trigger_update_device_status: device 0x2 of type 0 for Event 1
08-06 11:49:17.530   512  2967 D audio_hw_primary: enable_snd_device: snd_device(2: speaker)
08-06 11:49:17.533   512  2967 D audio_hw_primary: enable_audio_route: apply and update mixer path: low-latency-playback speaker
08-06 11:49:17.575   512  2967 D AudioFlinger: mixer(0xf4740000) throttle end: throttle time(12)
08-06 11:49:17.577 28441 28452 I art     : Starting a blocking GC Explicit
08-06 11:49:17.590 28441 28452 I art     : Explicit concurrent mark sweep GC freed 2698(218KB) AllocSpace objects, 2(40KB) LOS objects, 40% free, 21MB/35MB, paused 132us total 12.833ms
08-06 11:49:17.598 28441 28452 I art     : Starting a blocking GC Explicit
08-06 11:49:17.610 28441 28452 I art     : Explicit concurrent mark sweep GC freed 260(19KB) AllocSpace objects, 0(0B) LOS objects, 40% free, 21MB/35MB, paused 317us total 11.819ms
08-06 11:49:17.618 28441 28452 I art     : Starting a blocking GC Explicit
08-06 11:49:17.632 28441 28452 I art     : Explicit concurrent mark sweep GC freed 9328(410KB) AllocSpace objects, 0(0B) LOS objects, 40% free, 21MB/36MB, paused 428us total 13.969ms
08-06 11:49:17.641 28441 28452 I art     : Starting a blocking GC Explicit
08-06 11:49:17.655 28441 28452 I art     : Explicit concurrent mark sweep GC freed 12764(531KB) AllocSpace objects, 0(0B) LOS objects, 40% free, 21MB/36MB, paused 298us total 14.602ms
08-06 11:49:17.665 28441 28452 I art     : Starting a blocking GC Explicit
08-06 11:49:17.679 28441 28452 I art     : Explicit concurrent mark sweep GC freed 11665(479KB) AllocSpace objects, 0(0B) LOS objects, 40% free, 21MB/36MB, paused 376us total 14.470ms
08-06 11:49:17.726 25566 25566 I ServiceManager: Waiting for service AtCmdFwd...
08-06 11:49:17.810 13866 13866 I GoogleInputMethodServic: GoogleInputMethodService.onFinishInput():3138 
08-06 11:49:17.811   918   936 I ActivityManager: Displayed baseline.org.quantumbadger.redreader/.settings.SettingsActivity: +291ms
08-06 11:49:17.817 13866 13866 I GoogleInputMethodServic: GoogleInputMethodService.onStartInput():1808 
08-06 11:49:17.844 28441 28460 D OpenGLRenderer: endAllStagingAnimators on 0x7f80566800 (ListView) with handle 0x7f80393960
08-06 11:49:17.921 28441 28453 I art     : Starting a blocking GC Explicit
08-06 11:49:17.945 28441 28453 I art     : Explicit concurrent mark sweep GC freed 52381(2MB) AllocSpace objects, 1(20KB) LOS objects, 40% free, 22MB/37MB, paused 154us total 24.381ms
08-06 11:49:17.957 28441 28453 I art     : Starting a blocking GC Explicit
08-06 11:49:17.973 28441 28453 I art     : Explicit concurrent mark sweep GC freed 2234(183KB) AllocSpace objects, 0(0B) LOS objects, 40% free, 22MB/36MB, paused 168us total 15.922ms
08-06 11:49:17.981 28766 28766 D AndroidRuntime: >>>>>> START com.android.internal.os.RuntimeInit uid 2000 <<<<<<
08-06 11:49:17.982 28441 28453 I art     : Starting a blocking GC Explicit
08-06 11:49:17.986 28766 28766 D AndroidRuntime: CheckJNI is OFF
08-06 11:49:17.997 28441 28453 I art     : Explicit concurrent mark sweep GC freed 55(2256B) AllocSpace objects, 0(0B) LOS objects, 40% free, 22MB/36MB, paused 172us total 14.607ms
08-06 11:49:18.006 28441 28453 I art     : Starting a blocking GC Explicit
08-06 11:49:18.014 28766 28766 D ICU     : No timezone override file found: /data/misc/zoneinfo/current/icu/icu_tzdata.dat
08-06 11:49:18.021 28441 28453 I art     : Explicit concurrent mark sweep GC freed 5(240B) AllocSpace objects, 0(0B) LOS objects, 40% free, 22MB/36MB, paused 186us total 14.824ms
08-06 11:49:18.030 28441 28453 I art     : Starting a blocking GC Explicit
08-06 11:49:18.041 28766 28766 I Radio-JNI: register_android_hardware_Radio DONE
08-06 11:49:18.045 28441 28453 I art     : Explicit concurrent mark sweep GC freed 3(96B) AllocSpace objects, 0(0B) LOS objects, 40% free, 22MB/36MB, paused 138us total 14.695ms
08-06 11:49:18.051   380   380 W SurfaceFlinger: couldn't log to binary event log: overflow.
08-06 11:49:18.058 28766 28766 D AndroidRuntime: Calling main entry com.android.commands.input.Input
08-06 11:49:18.059 28766 28766 I Input   : injectMotionEvent: MotionEvent { action=ACTION_DOWN, actionButton=0, id[0]=0, x[0]=1318.0, y[0]=1194.0, toolType[0]=TOOL_TYPE_UNKNOWN, buttonState=0, metaState=0, flags=0x0, edgeFlags=0x0, pointerCount=1, historySize=0, eventTime=877774472, downTime=877774472, deviceId=0, source=0x1002 }
08-06 11:49:18.065 28766 28766 I Input   : injectMotionEvent: MotionEvent { action=ACTION_UP, actionButton=0, id[0]=0, x[0]=1318.0, y[0]=1194.0, toolType[0]=TOOL_TYPE_UNKNOWN, buttonState=0, metaState=0, flags=0x0, edgeFlags=0x0, pointerCount=1, historySize=0, eventTime=877774472, downTime=877774472, deviceId=0, source=0x1002 }
08-06 11:49:18.068 28766 28766 D AndroidRuntime: Shutting down VM
08-06 11:49:18.069   512  2967 D audio_hw_primary: disable_audio_route: reset and update mixer path: low-latency-playback speaker
08-06 11:49:18.070   512  2967 D audio_hw_primary: disable_snd_device: snd_device(2: speaker)
08-06 11:49:18.078   512  2967 I soundtrigger: audio_extn_sound_trigger_update_device_status: device 0x2 of type 0 for Event 0
08-06 11:49:18.134   512  2967 D audio_hw_primary: out_set_parameters: enter: usecase(1: low-latency-playback) kvpairs: routing=2
08-06 11:49:18.146   512  2967 D audio_hw_primary: select_devices: out_snd_device(2: speaker) in_snd_device(0: none)
08-06 11:49:18.147   512  2967 D msm8974_platform: platform_send_audio_calibration: sending audio calibration for snd_device(2) acdb_id(15)
08-06 11:49:18.147   512  2967 I soundtrigger: audio_extn_sound_trigger_update_device_status: device 0x2 of type 0 for Event 1
08-06 11:49:18.159   512  2967 D audio_hw_primary: enable_snd_device: snd_device(2: speaker)
08-06 11:49:18.161   512  2967 D audio_hw_primary: enable_audio_route: apply and update mixer path: low-latency-playback speaker
08-06 11:49:18.206   512  2967 D AudioFlinger: mixer(0xf4740000) throttle end: throttle time(12)
08-06 11:49:18.307 28441 28667 I art     : Starting a blocking GC Explicit
08-06 11:49:18.324 28441 28667 I art     : Explicit concurrent mark sweep GC freed 2091(126KB) AllocSpace objects, 2(40KB) LOS objects, 40% free, 22MB/36MB, paused 166us total 17.008ms
08-06 11:49:18.334 28441 28667 I art     : Starting a blocking GC Explicit
08-06 11:49:18.350 28441 28667 I art     : Explicit concurrent mark sweep GC freed 101(4KB) AllocSpace objects, 0(0B) LOS objects, 40% free, 22MB/36MB, paused 140us total 15.520ms
08-06 11:49:18.359 28441 28667 I art     : Starting a blocking GC Explicit
08-06 11:49:18.373 28441 28667 I art     : Explicit concurrent mark sweep GC freed 18(704B) AllocSpace objects, 0(0B) LOS objects, 40% free, 22MB/36MB, paused 127us total 13.469ms
08-06 11:49:18.381 28441 28667 I art     : Starting a blocking GC Explicit
08-06 11:49:18.395 28441 28667 I art     : Explicit concurrent mark sweep GC freed 14(496B) AllocSpace objects, 0(0B) LOS objects, 40% free, 22MB/36MB, paused 130us total 13.248ms
08-06 11:49:18.404 28441 28667 I art     : Starting a blocking GC Explicit
08-06 11:49:18.418 28441 28667 I art     : Explicit concurrent mark sweep GC freed 11(400B) AllocSpace objects, 0(0B) LOS objects, 40% free, 22MB/36MB, paused 172us total 14.052ms
08-06 11:49:18.594 28798 28798 D AndroidRuntime: >>>>>> START com.android.internal.os.RuntimeInit uid 2000 <<<<<<
08-06 11:49:18.598 28798 28798 D AndroidRuntime: CheckJNI is OFF
08-06 11:49:18.620 28798 28798 D ICU     : No timezone override file found: /data/misc/zoneinfo/current/icu/icu_tzdata.dat
08-06 11:49:18.642 28798 28798 I Radio-JNI: register_android_hardware_Radio DONE
08-06 11:49:18.657 28798 28798 D AndroidRuntime: Calling main entry com.android.commands.input.Input
08-06 11:49:18.658 28798 28798 I Input   : injectMotionEvent: MotionEvent { action=ACTION_DOWN, actionButton=0, id[0]=0, x[0]=1309.0, y[0]=1701.0, toolType[0]=TOOL_TYPE_UNKNOWN, buttonState=0, metaState=0, flags=0x0, edgeFlags=0x0, pointerCount=1, historySize=0, eventTime=877775071, downTime=877775071, deviceId=0, source=0x1002 }
08-06 11:49:18.662 28798 28798 I Input   : injectMotionEvent: MotionEvent { action=ACTION_UP, actionButton=0, id[0]=0, x[0]=1309.0, y[0]=1701.0, toolType[0]=TOOL_TYPE_UNKNOWN, buttonState=0, metaState=0, flags=0x0, edgeFlags=0x0, pointerCount=1, historySize=0, eventTime=877775071, downTime=877775071, deviceId=0, source=0x1002 }
08-06 11:49:18.664 28798 28798 D AndroidRuntime: Shutting down VM
08-06 11:49:18.668 28441 28453 I art     : Starting a blocking GC Explicit
08-06 11:49:18.687 28441 28453 I art     : Explicit concurrent mark sweep GC freed 1514(85KB) AllocSpace objects, 1(20KB) LOS objects, 40% free, 22MB/36MB, paused 181us total 18.505ms
08-06 11:49:18.695 28441 28453 I art     : Starting a blocking GC Explicit
08-06 11:49:18.699   512  2967 D audio_hw_primary: disable_audio_route: reset and update mixer path: low-latency-playback speaker
08-06 11:49:18.700   512  2967 D audio_hw_primary: disable_snd_device: snd_device(2: speaker)
08-06 11:49:18.707   512  2967 I soundtrigger: audio_extn_sound_trigger_update_device_status: device 0x2 of type 0 for Event 0
08-06 11:49:18.709 28441 28453 I art     : Explicit concurrent mark sweep GC freed 84(2896B) AllocSpace objects, 0(0B) LOS objects, 40% free, 22MB/36MB, paused 124us total 13.246ms
08-06 11:49:18.717 28441 28453 I art     : Starting a blocking GC Explicit
08-06 11:49:18.726 25566 25566 I ServiceManager: Waiting for service AtCmdFwd...
08-06 11:49:18.730   512  2967 D audio_hw_primary: out_set_parameters: enter: usecase(1: low-latency-playback) kvpairs: routing=2
08-06 11:49:18.731 28441 28453 I art     : Explicit concurrent mark sweep GC freed 31(13KB) AllocSpace objects, 1(20KB) LOS objects, 40% free, 22MB/36MB, paused 135us total 13.816ms
08-06 11:49:18.740 28441 28453 I art     : Starting a blocking GC Explicit
08-06 11:49:18.744   512  2967 D audio_hw_primary: select_devices: out_snd_device(2: speaker) in_snd_device(0: none)
08-06 11:49:18.744   512  2967 D msm8974_platform: platform_send_audio_calibration: sending audio calibration for snd_device(2) acdb_id(15)
08-06 11:49:18.744   512  2967 I soundtrigger: audio_extn_sound_trigger_update_device_status: device 0x2 of type 0 for Event 1
08-06 11:49:18.753   512  2967 D audio_hw_primary: enable_snd_device: snd_device(2: speaker)
08-06 11:49:18.754 28441 28453 I art     : Explicit concurrent mark sweep GC freed 595(29KB) AllocSpace objects, 0(0B) LOS objects, 40% free, 22MB/37MB, paused 137us total 14.228ms
08-06 11:49:18.756   512  2967 D audio_hw_primary: enable_audio_route: apply and update mixer path: low-latency-playback speaker
08-06 11:49:18.763 28441 28453 I art     : Starting a blocking GC Explicit
08-06 11:49:18.776 28441 28453 I art     : Explicit concurrent mark sweep GC freed 23(960B) AllocSpace objects, 0(0B) LOS objects, 40% free, 22MB/37MB, paused 118us total 12.754ms
08-06 11:49:18.800   512  2967 D AudioFlinger: mixer(0xf4740000) throttle end: throttle time(12)
08-06 11:49:19.004 28441 28453 I art     : Starting a blocking GC Explicit
08-06 11:49:19.019 28441 28453 I art     : Explicit concurrent mark sweep GC freed 1489(84KB) AllocSpace objects, 1(20KB) LOS objects, 40% free, 22MB/37MB, paused 444us total 14.806ms
08-06 11:49:19.028 28441 28453 I art     : Starting a blocking GC Explicit
08-06 11:49:19.042 28441 28453 I art     : Explicit concurrent mark sweep GC freed 61(2112B) AllocSpace objects, 0(0B) LOS objects, 40% free, 22MB/37MB, paused 128us total 13.686ms
08-06 11:49:19.051 28441 28453 I art     : Starting a blocking GC Explicit
08-06 11:49:19.065 28441 28453 I art     : Explicit concurrent mark sweep GC freed 18(624B) AllocSpace objects, 0(0B) LOS objects, 40% free, 22MB/37MB, paused 138us total 13.982ms
08-06 11:49:19.073 28441 28453 I art     : Starting a blocking GC Explicit
08-06 11:49:19.087 28441 28453 I art     : Explicit concurrent mark sweep GC freed 16(608B) AllocSpace objects, 0(0B) LOS objects, 40% free, 22MB/37MB, paused 130us total 13.958ms
08-06 11:49:19.096 28441 28453 I art     : Starting a blocking GC Explicit
08-06 11:49:19.110 28441 28453 I art     : Explicit concurrent mark sweep GC freed 14(496B) AllocSpace objects, 0(0B) LOS objects, 40% free, 22MB/37MB, paused 129us total 13.824ms
08-06 11:49:19.207 28820 28820 D AndroidRuntime: >>>>>> START com.android.internal.os.RuntimeInit uid 2000 <<<<<<
08-06 11:49:19.211 28820 28820 D AndroidRuntime: CheckJNI is OFF
08-06 11:49:19.237 28820 28820 D ICU     : No timezone override file found: /data/misc/zoneinfo/current/icu/icu_tzdata.dat
08-06 11:49:19.262 28820 28820 I Radio-JNI: register_android_hardware_Radio DONE
08-06 11:49:19.277 28820 28820 D AndroidRuntime: Calling main entry com.android.commands.input.Input
08-06 11:49:19.278 28820 28820 I Input   : injectMotionEvent: MotionEvent { action=ACTION_DOWN, actionButton=0, id[0]=0, x[0]=477.0, y[0]=805.0, toolType[0]=TOOL_TYPE_UNKNOWN, buttonState=0, metaState=0, flags=0x0, edgeFlags=0x0, pointerCount=1, historySize=0, eventTime=877775691, downTime=877775691, deviceId=0, source=0x1002 }
08-06 11:49:19.282 28820 28820 I Input   : injectMotionEvent: MotionEvent { action=ACTION_UP, actionButton=0, id[0]=0, x[0]=477.0, y[0]=805.0, toolType[0]=TOOL_TYPE_UNKNOWN, buttonState=0, metaState=0, flags=0x0, edgeFlags=0x0, pointerCount=1, historySize=0, eventTime=877775691, downTime=877775691, deviceId=0, source=0x1002 }
08-06 11:49:19.283 28820 28820 D AndroidRuntime: Shutting down VM
08-06 11:49:19.288   512  2967 D audio_hw_primary: disable_audio_route: reset and update mixer path: low-latency-playback speaker
08-06 11:49:19.289   512  2967 D audio_hw_primary: disable_snd_device: snd_device(2: speaker)
08-06 11:49:19.297   512  2967 I soundtrigger: audio_extn_sound_trigger_update_device_status: device 0x2 of type 0 for Event 0
08-06 11:49:19.346 28441 28453 I art     : Starting a blocking GC Explicit
08-06 11:49:19.356   512  2967 D audio_hw_primary: out_set_parameters: enter: usecase(1: low-latency-playback) kvpairs: routing=2
08-06 11:49:19.364 28441 28453 I art     : Explicit concurrent mark sweep GC freed 1556(96KB) AllocSpace objects, 1(20KB) LOS objects, 40% free, 22MB/37MB, paused 316us total 17.419ms
08-06 11:49:19.369   512  2967 D audio_hw_primary: select_devices: out_snd_device(2: speaker) in_snd_device(0: none)
08-06 11:49:19.369   512  2967 D msm8974_platform: platform_send_audio_calibration: sending audio calibration for snd_device(2) acdb_id(15)
08-06 11:49:19.370   512  2967 I soundtrigger: audio_extn_sound_trigger_update_device_status: device 0x2 of type 0 for Event 1
08-06 11:49:19.375 28441 28453 I art     : Starting a blocking GC Explicit
08-06 11:49:19.379   512  2967 D audio_hw_primary: enable_snd_device: snd_device(2: speaker)
08-06 11:49:19.381   512  2967 D audio_hw_primary: enable_audio_route: apply and update mixer path: low-latency-playback speaker
08-06 11:49:19.390 28441 28453 I art     : Explicit concurrent mark sweep GC freed 641(72KB) AllocSpace objects, 0(0B) LOS objects, 40% free, 22MB/37MB, paused 297us total 15.354ms
08-06 11:49:19.399 28441 28453 I art     : Starting a blocking GC Explicit
08-06 11:49:19.412 28441 28453 I art     : Explicit concurrent mark sweep GC freed 240(30KB) AllocSpace objects, 0(0B) LOS objects, 40% free, 22MB/37MB, paused 127us total 13.550ms
08-06 11:49:19.421 28441 28453 I art     : Starting a blocking GC Explicit
08-06 11:49:19.422   512  2967 D AudioFlinger: mixer(0xf4740000) throttle end: throttle time(12)
08-06 11:49:19.435 28441 28453 I art     : Explicit concurrent mark sweep GC freed 58(2432B) AllocSpace objects, 0(0B) LOS objects, 40% free, 22MB/37MB, paused 262us total 14.226ms
08-06 11:49:19.444 28441 28453 I art     : Starting a blocking GC Explicit
08-06 11:49:19.459 28441 28453 I art     : Explicit concurrent mark sweep GC freed 321(13KB) AllocSpace objects, 0(0B) LOS objects, 40% free, 22MB/37MB, paused 130us total 14.646ms
08-06 11:49:19.717 28441 28452 I art     : Starting a blocking GC Explicit
08-06 11:49:19.726 25566 25566 I ServiceManager: Waiting for service AtCmdFwd...
08-06 11:49:19.734 28441 28452 I art     : Explicit concurrent mark sweep GC freed 1631(90KB) AllocSpace objects, 1(20KB) LOS objects, 40% free, 22MB/37MB, paused 163us total 17.111ms
08-06 11:49:19.744 28441 28452 I art     : Starting a blocking GC Explicit
08-06 11:49:19.761 28441 28452 I art     : Explicit concurrent mark sweep GC freed 40(1424B) AllocSpace objects, 0(0B) LOS objects, 40% free, 22MB/37MB, paused 123us total 16.427ms
08-06 11:49:19.771 28441 28452 I art     : Starting a blocking GC Explicit
08-06 11:49:19.787 28441 28452 I art     : Explicit concurrent mark sweep GC freed 5(192B) AllocSpace objects, 0(0B) LOS objects, 40% free, 22MB/37MB, paused 138us total 16.587ms
08-06 11:49:19.796 28441 28452 I art     : Starting a blocking GC Explicit
08-06 11:49:19.812 28441 28452 I art     : Explicit concurrent mark sweep GC freed 5(160B) AllocSpace objects, 0(0B) LOS objects, 40% free, 22MB/37MB, paused 121us total 16.135ms
08-06 11:49:19.822 28441 28452 I art     : Starting a blocking GC Explicit
08-06 11:49:19.838 28441 28452 I art     : Explicit concurrent mark sweep GC freed 3(96B) AllocSpace objects, 0(0B) LOS objects, 40% free, 22MB/37MB, paused 139us total 15.982ms
08-06 11:49:19.854 28852 28852 D AndroidRuntime: >>>>>> START com.android.internal.os.RuntimeInit uid 2000 <<<<<<
08-06 11:49:19.858 28852 28852 D AndroidRuntime: CheckJNI is OFF
08-06 11:49:19.883 28852 28852 D ICU     : No timezone override file found: /data/misc/zoneinfo/current/icu/icu_tzdata.dat
08-06 11:49:19.908 28852 28852 I Radio-JNI: register_android_hardware_Radio DONE
08-06 11:49:19.909   512  2967 D audio_hw_primary: disable_audio_route: reset and update mixer path: low-latency-playback speaker
08-06 11:49:19.910   512  2967 D audio_hw_primary: disable_snd_device: snd_device(2: speaker)
08-06 11:49:19.922   512  2967 I soundtrigger: audio_extn_sound_trigger_update_device_status: device 0x2 of type 0 for Event 0
08-06 11:49:19.925 28852 28852 D AndroidRuntime: Calling main entry com.android.commands.input.Input
08-06 11:49:19.927 28852 28852 I Input   : injectMotionEvent: MotionEvent { action=ACTION_DOWN, actionButton=0, id[0]=0, x[0]=463.0, y[0]=464.0, toolType[0]=TOOL_TYPE_UNKNOWN, buttonState=0, metaState=0, flags=0x0, edgeFlags=0x0, pointerCount=1, historySize=0, eventTime=877776339, downTime=877776339, deviceId=0, source=0x1002 }
08-06 11:49:19.933 28852 28852 I Input   : injectMotionEvent: MotionEvent { action=ACTION_UP, actionButton=0, id[0]=0, x[0]=463.0, y[0]=464.0, toolType[0]=TOOL_TYPE_UNKNOWN, buttonState=0, metaState=0, flags=0x0, edgeFlags=0x0, pointerCount=1, historySize=0, eventTime=877776339, downTime=877776339, deviceId=0, source=0x1002 }
08-06 11:49:19.936 28852 28852 D AndroidRuntime: Shutting down VM
08-06 11:49:20.005   512  2967 D audio_hw_primary: out_set_parameters: enter: usecase(1: low-latency-playback) kvpairs: routing=2
08-06 11:49:20.018   512  2967 D audio_hw_primary: select_devices: out_snd_device(2: speaker) in_snd_device(0: none)
08-06 11:49:20.018   512  2967 D msm8974_platform: platform_send_audio_calibration: sending audio calibration for snd_device(2) acdb_id(15)
08-06 11:49:20.018   512  2967 I soundtrigger: audio_extn_sound_trigger_update_device_status: device 0x2 of type 0 for Event 1
08-06 11:49:20.028   918  3670 W InputMethodManagerService: Window already focused, ignoring focus gain of: com.android.internal.view.IInputMethodClient$Stub$Proxy@a8a5e6e attribute=null, token = android.os.BinderProxy@43903ca
08-06 11:49:20.031   512  2967 D audio_hw_primary: enable_snd_device: snd_device(2: speaker)
08-06 11:49:20.033   512  2967 D audio_hw_primary: enable_audio_route: apply and update mixer path: low-latency-playback speaker
08-06 11:49:20.077   512  2967 D AudioFlinger: mixer(0xf4740000) throttle end: throttle time(12)
08-06 11:49:20.091 28441 28667 I art     : Starting a blocking GC Explicit
08-06 11:49:20.107 28441 28667 I art     : Explicit concurrent mark sweep GC freed 1675(105KB) AllocSpace objects, 2(40KB) LOS objects, 40% free, 22MB/37MB, paused 130us total 15.424ms
08-06 11:49:20.115 28441 28667 I art     : Starting a blocking GC Explicit
08-06 11:49:20.129 28441 28667 I art     : Explicit concurrent mark sweep GC freed 111(5KB) AllocSpace objects, 0(0B) LOS objects, 40% free, 22MB/37MB, paused 122us total 13.857ms
08-06 11:49:20.138 28441 28667 I art     : Starting a blocking GC Explicit
08-06 11:49:20.153 28441 28667 I art     : Explicit concurrent mark sweep GC freed 9(384B) AllocSpace objects, 0(0B) LOS objects, 40% free, 22MB/37MB, paused 149us total 14.367ms
08-06 11:49:20.162 28441 28667 I art     : Starting a blocking GC Explicit
08-06 11:49:20.177 28441 28667 I art     : Explicit concurrent mark sweep GC freed 3(96B) AllocSpace objects, 0(0B) LOS objects, 40% free, 22MB/37MB, paused 124us total 14.996ms
08-06 11:49:20.186 28441 28667 I art     : Starting a blocking GC Explicit
08-06 11:49:20.200 28441 28667 I art     : Explicit concurrent mark sweep GC freed 6(256B) AllocSpace objects, 0(0B) LOS objects, 40% free, 22MB/37MB, paused 143us total 14.341ms
08-06 11:49:20.220   380   380 W SurfaceFlinger: couldn't log to binary event log: overflow.
08-06 11:49:20.428 28441 28452 I art     : Starting a blocking GC Explicit
08-06 11:49:20.444 28441 28452 I art     : Explicit concurrent mark sweep GC freed 1337(78KB) AllocSpace objects, 1(20KB) LOS objects, 40% free, 22MB/37MB, paused 141us total 15.739ms
08-06 11:49:20.453 28441 28452 I art     : Starting a blocking GC Explicit
08-06 11:49:20.461 28885 28885 D AndroidRuntime: >>>>>> START com.android.internal.os.RuntimeInit uid 2000 <<<<<<
08-06 11:49:20.465 28885 28885 D AndroidRuntime: CheckJNI is OFF
08-06 11:49:20.469 28441 28452 I art     : Explicit concurrent mark sweep GC freed 20(704B) AllocSpace objects, 0(0B) LOS objects, 40% free, 22MB/37MB, paused 136us total 16.080ms
08-06 11:49:20.477 28441 28452 I art     : Starting a blocking GC Explicit
08-06 11:49:20.492 28885 28885 D ICU     : No timezone override file found: /data/misc/zoneinfo/current/icu/icu_tzdata.dat
08-06 11:49:20.492 28441 28452 I art     : Explicit concurrent mark sweep GC freed 3(96B) AllocSpace objects, 0(0B) LOS objects, 40% free, 22MB/37MB, paused 135us total 14.547ms
08-06 11:49:20.501 28441 28452 I art     : Starting a blocking GC Explicit
08-06 11:49:20.515 28441 28452 I art     : Explicit concurrent mark sweep GC freed 3(96B) AllocSpace objects, 0(0B) LOS objects, 40% free, 22MB/37MB, paused 132us total 14.059ms
08-06 11:49:20.516 28885 28885 I Radio-JNI: register_android_hardware_Radio DONE
08-06 11:49:20.523 28441 28452 I art     : Starting a blocking GC Explicit
08-06 11:49:20.532 28885 28885 D AndroidRuntime: Calling main entry com.android.commands.input.Input
08-06 11:49:20.534 28885 28885 I Input   : injectKeyEvent: KeyEvent { action=ACTION_DOWN, keyCode=KEYCODE_BACK, scanCode=0, metaState=0, flags=0x0, repeatCount=0, eventTime=877776947, downTime=877776947, deviceId=-1, source=0x101 }
08-06 11:49:20.537 28441 28452 I art     : Explicit concurrent mark sweep GC freed 3(96B) AllocSpace objects, 0(0B) LOS objects, 40% free, 22MB/37MB, paused 153us total 14.309ms
08-06 11:49:20.538 28885 28885 I Input   : injectKeyEvent: KeyEvent { action=ACTION_UP, keyCode=KEYCODE_BACK, scanCode=0, metaState=0, flags=0x0, repeatCount=0, eventTime=877776947, downTime=877776947, deviceId=-1, source=0x101 }
08-06 11:49:20.544 28885 28885 D AndroidRuntime: Shutting down VM
08-06 11:49:20.568   512  2967 D audio_hw_primary: disable_audio_route: reset and update mixer path: low-latency-playback speaker
08-06 11:49:20.569   512  2967 D audio_hw_primary: disable_snd_device: snd_device(2: speaker)
08-06 11:49:20.579   512  2967 I soundtrigger: audio_extn_sound_trigger_update_device_status: device 0x2 of type 0 for Event 0
08-06 11:49:20.581 13866 13866 I GoogleInputMethodServic: GoogleInputMethodService.onFinishInput():3138 
08-06 11:49:20.582 13866 13866 I GoogleInputMethodServic: GoogleInputMethodService.onStartInput():1808 
08-06 11:49:20.727 25566 25566 I ServiceManager: Waiting for service AtCmdFwd...
08-06 11:49:20.803 28441 28667 I art     : Starting a blocking GC Explicit
08-06 11:49:20.826 28441 28667 I art     : Explicit concurrent mark sweep GC freed 1442(84KB) AllocSpace objects, 1(20KB) LOS objects, 40% free, 22MB/37MB, paused 228us total 22.820ms
08-06 11:49:20.839 28441 28667 I art     : Starting a blocking GC Explicit
08-06 11:49:20.859 28441 28667 I art     : Explicit concurrent mark sweep GC freed 34(1200B) AllocSpace objects, 0(0B) LOS objects, 40% free, 22MB/37MB, paused 192us total 20.343ms
08-06 11:49:20.870 28441 28667 I art     : Starting a blocking GC Explicit
08-06 11:49:20.886 28441 28667 I art     : Explicit concurrent mark sweep GC freed 3(96B) AllocSpace objects, 0(0B) LOS objects, 40% free, 22MB/37MB, paused 140us total 16.015ms
08-06 11:49:20.889   380   380 W SurfaceFlinger: couldn't log to binary event log: overflow.
08-06 11:49:20.896 28441 28667 I art     : Starting a blocking GC Explicit
08-06 11:49:20.913 28441 28667 I art     : Explicit concurrent mark sweep GC freed 51(1952B) AllocSpace objects, 0(0B) LOS objects, 40% free, 22MB/37MB, paused 138us total 16.225ms
08-06 11:49:20.923 28441 28667 I art     : Starting a blocking GC Explicit
08-06 11:49:20.935 28441 28667 I art     : Explicit concurrent mark sweep GC freed 10277(464KB) AllocSpace objects, 6(312KB) LOS objects, 40% free, 21MB/36MB, paused 126us total 12.680ms
08-06 11:49:21.048   918  3261 D WifiStateMachine: starting scan for "H369AA63323"WPA_PSK with 2412,5180
08-06 11:49:21.109 28919 28919 D AndroidRuntime: >>>>>> START com.android.internal.os.RuntimeInit uid 2000 <<<<<<
08-06 11:49:21.113 28919 28919 D AndroidRuntime: CheckJNI is OFF
08-06 11:49:21.138 28919 28919 D ICU     : No timezone override file found: /data/misc/zoneinfo/current/icu/icu_tzdata.dat
08-06 11:49:21.163 28919 28919 I Radio-JNI: register_android_hardware_Radio DONE
08-06 11:49:21.164   518   646 I ThermalEngine: ACTION: GPU - Setting GPU[0] to 510000000
08-06 11:49:21.185 28919 28919 D AndroidRuntime: Calling main entry com.android.commands.input.Input
08-06 11:49:21.186 28919 28919 I Input   : injectKeyEvent: KeyEvent { action=ACTION_DOWN, keyCode=KEYCODE_BACK, scanCode=0, metaState=0, flags=0x0, repeatCount=0, eventTime=877777599, downTime=877777599, deviceId=-1, source=0x101 }
08-06 11:49:21.190 28919 28919 I Input   : injectKeyEvent: KeyEvent { action=ACTION_UP, keyCode=KEYCODE_BACK, scanCode=0, metaState=0, flags=0x0, repeatCount=0, eventTime=877777599, downTime=877777599, deviceId=-1, source=0x101 }
08-06 11:49:21.194 28441 28465 I art     : Starting a blocking GC Explicit
08-06 11:49:21.194 28919 28919 D AndroidRuntime: Shutting down VM
08-06 11:49:21.211 28441 28465 I art     : Explicit concurrent mark sweep GC freed 1541(87KB) AllocSpace objects, 1(20KB) LOS objects, 40% free, 21MB/36MB, paused 186us total 16.884ms
08-06 11:49:21.222 28441 28465 I art     : Starting a blocking GC Explicit
08-06 11:49:21.230 13866 13866 I GoogleInputMethodServic: GoogleInputMethodService.onFinishInput():3138 
08-06 11:49:21.231 13866 13866 I GoogleInputMethodServic: GoogleInputMethodService.onStartInput():1808 
08-06 11:49:21.237 28441 28465 I art     : Explicit concurrent mark sweep GC freed 3531(233KB) AllocSpace objects, 1(28KB) LOS objects, 40% free, 21MB/35MB, paused 161us total 14.119ms
08-06 11:49:21.248 28441 28465 I art     : Starting a blocking GC Explicit
08-06 11:49:21.262 28441 28465 I art     : Explicit concurrent mark sweep GC freed 37(1344B) AllocSpace objects, 0(0B) LOS objects, 40% free, 21MB/35MB, paused 148us total 13.712ms
08-06 11:49:21.272 28441 28465 I art     : Starting a blocking GC Explicit
08-06 11:49:21.287 28441 28465 I art     : Explicit concurrent mark sweep GC freed 19(640B) AllocSpace objects, 0(0B) LOS objects, 40% free, 21MB/35MB, paused 164us total 14.664ms
08-06 11:49:21.298 28441 28465 I art     : Starting a blocking GC Explicit
08-06 11:49:21.311 28441 28465 I art     : Explicit concurrent mark sweep GC freed 3(96B) AllocSpace objects, 0(0B) LOS objects, 40% free, 21MB/35MB, paused 140us total 12.683ms
08-06 11:49:21.560 28441 28667 I art     : Starting a blocking GC Explicit
08-06 11:49:21.574 28441 28667 I art     : Explicit concurrent mark sweep GC freed 1362(79KB) AllocSpace objects, 1(20KB) LOS objects, 40% free, 21MB/35MB, paused 201us total 14.041ms
08-06 11:49:21.584 28441 28667 I art     : Starting a blocking GC Explicit
08-06 11:49:21.599 28441 28667 I art     : Explicit concurrent mark sweep GC freed 143(10KB) AllocSpace objects, 0(0B) LOS objects, 40% free, 21MB/35MB, paused 174us total 14.214ms
08-06 11:49:21.609 28441 28667 I art     : Starting a blocking GC Explicit
08-06 11:49:21.623 28441 28667 I art     : Explicit concurrent mark sweep GC freed 3(96B) AllocSpace objects, 0(0B) LOS objects, 40% free, 21MB/35MB, paused 173us total 14.192ms
08-06 11:49:21.634 28441 28667 I art     : Starting a blocking GC Explicit
08-06 11:49:21.649 28441 28667 I art     : Explicit concurrent mark sweep GC freed 3(96B) AllocSpace objects, 0(0B) LOS objects, 40% free, 21MB/35MB, paused 172us total 14.633ms
08-06 11:49:21.659 28441 28667 I art     : Starting a blocking GC Explicit
08-06 11:49:21.674 28441 28667 I art     : Explicit concurrent mark sweep GC freed 3(96B) AllocSpace objects, 0(0B) LOS objects, 40% free, 21MB/35MB, paused 172us total 14.628ms
08-06 11:49:21.728 25566 25566 I ServiceManager: Waiting for service AtCmdFwd...
08-06 11:49:21.851 28941 28941 D AndroidRuntime: >>>>>> START com.android.internal.os.RuntimeInit uid 2000 <<<<<<
08-06 11:49:21.856 28941 28941 D AndroidRuntime: CheckJNI is OFF
08-06 11:49:21.889 28941 28941 D ICU     : No timezone override file found: /data/misc/zoneinfo/current/icu/icu_tzdata.dat
08-06 11:49:21.922 28941 28941 I Radio-JNI: register_android_hardware_Radio DONE
08-06 11:49:21.937 28441 28452 I art     : Starting a blocking GC Explicit
08-06 11:49:21.944 28941 28941 D AndroidRuntime: Calling main entry com.android.commands.input.Input
08-06 11:49:21.946 28941 28941 I Input   : injectMotionEvent: MotionEvent { action=ACTION_DOWN, actionButton=0, id[0]=0, x[0]=600.0, y[0]=1536.0, toolType[0]=TOOL_TYPE_UNKNOWN, buttonState=0, metaState=0, flags=0x0, edgeFlags=0x0, pointerCount=1, historySize=0, eventTime=877778358, downTime=877778358, deviceId=0, source=0x1002 }
08-06 11:49:21.949 28941 28941 I Input   : injectMotionEvent: MotionEvent { action=ACTION_UP, actionButton=0, id[0]=0, x[0]=600.0, y[0]=1536.0, toolType[0]=TOOL_TYPE_UNKNOWN, buttonState=0, metaState=0, flags=0x0, edgeFlags=0x0, pointerCount=1, historySize=0, eventTime=877778358, downTime=877778358, deviceId=0, source=0x1002 }
08-06 11:49:21.951 28941 28941 D AndroidRuntime: Shutting down VM
08-06 11:49:21.953 28441 28452 I art     : Explicit concurrent mark sweep GC freed 1339(78KB) AllocSpace objects, 1(20KB) LOS objects, 40% free, 21MB/35MB, paused 309us total 15.563ms
08-06 11:49:21.960   512  2967 D audio_hw_primary: out_set_parameters: enter: usecase(1: low-latency-playback) kvpairs: routing=2
08-06 11:49:21.964   918  6110 I ActivityManager: START u0 {dat=https://oauth.reddit.com/... cmp=baseline.org.quantumbadger.redreader/.activities.PostListingActivity} from uid 10705 on display 0
08-06 11:49:21.971 28441 28452 I art     : Starting a blocking GC Explicit
08-06 11:49:21.972   512  2967 D audio_hw_primary: select_devices: out_snd_device(2: speaker) in_snd_device(0: none)
08-06 11:49:21.972   512  2967 D msm8974_platform: platform_send_audio_calibration: sending audio calibration for snd_device(2) acdb_id(15)
08-06 11:49:21.973   512  2967 I soundtrigger: audio_extn_sound_trigger_update_device_status: device 0x2 of type 0 for Event 1
08-06 11:49:21.982 28441 28441 I AppCompatViewInflater: app:theme is now deprecated. Please move to using android:theme instead.
08-06 11:49:21.984   512  2967 D audio_hw_primary: enable_snd_device: snd_device(2: speaker)
08-06 11:49:21.986 28441 28452 I art     : Explicit concurrent mark sweep GC freed 397(28KB) AllocSpace objects, 0(0B) LOS objects, 40% free, 21MB/35MB, paused 352us total 14.234ms
08-06 11:49:21.987   512  2967 D audio_hw_primary: enable_audio_route: apply and update mixer path: low-latency-playback speaker
08-06 11:49:21.996 28441 28452 I art     : Starting a blocking GC Explicit
08-06 11:49:22.013 28441 28452 I art     : Explicit concurrent mark sweep GC freed 3558(247KB) AllocSpace objects, 0(0B) LOS objects, 40% free, 21MB/35MB, paused 1.765ms total 16.834ms
08-06 11:49:22.024 28441 28452 I art     : Starting a blocking GC Explicit
08-06 11:49:22.026 28441 28973 I RawObjectDB query string: CREATE TABLE objects(RawObjectDB_id TEXT PRIMARY KEY ON CONFLICT REPLACE,RawObjectDB_timestamp INTEGER,accounts_active INTEGER,created INTEGER,created_utc INTEGER,description TEXT,description_html TEXT,display_name TEXT,header_img TEXT,header_title TEXT,id TEXT,name TEXT,over18 INTEGER,public_description TEXT,subscribers INTEGER,title TEXT,url TEXT)
08-06 11:49:22.038 28441 28452 I art     : Explicit concurrent mark sweep GC freed 481(27KB) AllocSpace objects, 0(0B) LOS objects, 40% free, 21MB/35MB, paused 204us total 13.943ms
08-06 11:49:22.048 28441 28452 I art     : Starting a blocking GC Explicit
08-06 11:49:22.067 28441 28452 I art     : Explicit concurrent mark sweep GC freed 1407(97KB) AllocSpace objects, 0(0B) LOS objects, 40% free, 21MB/36MB, paused 976us total 18.123ms
08-06 11:49:22.070   918   936 I ActivityManager: Displayed baseline.org.quantumbadger.redreader/.activities.PostListingActivity: +100ms
08-06 11:49:22.070 28441 28974 D OK      : calling: https://www.reddit.com/api/v1/access_token
08-06 11:49:22.071 13866 13866 I GoogleInputMethodServic: GoogleInputMethodService.onFinishInput():3138 
08-06 11:49:22.071 13866 13866 I GoogleInputMethodServic: GoogleInputMethodService.onStartInput():1808 
08-06 11:49:22.307   380   380 W SurfaceFlinger: couldn't log to binary event log: overflow.
08-06 11:49:22.314 28441 28452 I art     : Starting a blocking GC Explicit
08-06 11:49:22.337 28441 28452 I art     : Explicit concurrent mark sweep GC freed 7532(418KB) AllocSpace objects, 4(220KB) LOS objects, 40% free, 22MB/36MB, paused 890us total 22.560ms
08-06 11:49:22.348 28441 28452 I art     : Starting a blocking GC Explicit
08-06 11:49:22.362 28441 28452 I art     : Explicit concurrent mark sweep GC freed 4015(322KB) AllocSpace objects, 1(28KB) LOS objects, 40% free, 21MB/36MB, paused 232us total 14.488ms
08-06 11:49:22.372 28441 28452 I art     : Starting a blocking GC Explicit
08-06 11:49:22.389 28441 28452 I art     : Explicit concurrent mark sweep GC freed 577(37KB) AllocSpace objects, 0(0B) LOS objects, 39% free, 21MB/36MB, paused 389us total 15.942ms
08-06 11:49:22.399 28441 28452 I art     : Starting a blocking GC Explicit
08-06 11:49:22.419 28441 28452 I art     : Explicit concurrent mark sweep GC freed 9517(733KB) AllocSpace objects, 4(240KB) LOS objects, 40% free, 23MB/38MB, paused 341us total 19.166ms
08-06 11:49:22.430 28441 28452 I art     : Starting a blocking GC Explicit
08-06 11:49:22.452 28441 28452 I art     : Explicit concurrent mark sweep GC freed 6060(383KB) AllocSpace objects, 6(752KB) LOS objects, 40% free, 23MB/38MB, paused 506us total 22.006ms
08-06 11:49:22.519   512  2967 D audio_hw_primary: disable_audio_route: reset and update mixer path: low-latency-playback speaker
08-06 11:49:22.520   512  2967 D audio_hw_primary: disable_snd_device: snd_device(2: speaker)
08-06 11:49:22.528   512  2967 I soundtrigger: audio_extn_sound_trigger_update_device_status: device 0x2 of type 0 for Event 0
08-06 11:49:22.532 28441 28974 D OK      : request got status: 200
08-06 11:49:22.543 28441 28974 D OK      : calling: https://oauth.reddit.com/r/askscience/about.json
08-06 11:49:22.641 28441 28441 I RedReader: Checking for new messages.
08-06 11:49:22.659 28441 28441 I RegularCachePruner: Pruning cache...
08-06 11:49:22.660 28441 29000 I RedditChangeDataManager: Pruning for all users...
08-06 11:49:22.660 28441 29000 I RedditChangeDataManager: Pruning complete.
08-06 11:49:22.671 28441 29000 I CacheManager: Pruning 0 files
08-06 11:49:22.677 12162 12162 I Finsky  : [1] xow.onStartJob(3): SCH: onJobSchedulerWakeup with jobId 9016
08-06 11:49:22.682 12162 12162 I Finsky  : [1] xjw.a(9): Scheduling fallback in 43199995 (absolute: 1904366552)
08-06 11:49:22.684 12162 12162 I Finsky  : [1] xjw.a(9): Scheduling fallback in 64799998 (absolute: 1925966557)
08-06 11:49:22.692 12162 12162 I Finsky  : [1] xow.onStartJob(3): SCH: onJobSchedulerWakeup with jobId 9009
08-06 11:49:22.698 12162 12162 I Finsky  : [1] xjw.a(9): Scheduling fallback in 43199997 (absolute: 1904366570)
08-06 11:49:22.700 12162 12162 I Finsky  : [1] xjw.a(9): Scheduling fallback in 64799998 (absolute: 1925966573)
08-06 11:49:22.702 12162 12162 W Finsky  : [1] xow.onStartJob(9): SCH: onJobSchedulerWakeup while already running
08-06 11:49:22.729 25566 25566 W Atfwd_Sendcmd: AtCmdFwd service not published, waiting... retryCnt : 1
08-06 11:49:22.732 28441 28452 I art     : Starting a blocking GC Explicit
08-06 11:49:22.742 12162 12162 I Finsky  : [1] xkf.handleMessage(8): SCH: DeviceState: DeviceState{currentTime=1596707362735, isCharging=false, isIdle=false, netAny=true, netNotRoaming=true, netUnmetered=true, batteryPercent=100.0}
08-06 11:49:22.748 12162 28414 I Finsky  : [6371] xmu.a(8): SCH: Jobs in database: 1-1337 3-225 3-226 12-1 24-77777777 26-1414141414 
08-06 11:49:22.751 12162 12162 I Finsky  : [1] xkg.a(16): SCH: Running job: 12-1
08-06 11:49:22.752 12162 12162 I Finsky  : [1] ContentSyncJob.a(16): [ContentSync] job started
08-06 11:49:22.752 12162 12162 I Finsky  : [1] xkf.handleMessage(61): SCH: RunningQueue size: 1, PendingQueue size: 0
08-06 11:49:22.753 12162 12162 I Finsky  : [1] xkf.handleMessage(64): SCH: Running queue: 12-1 
08-06 11:49:22.761 28441 28452 I art     : Explicit concurrent mark sweep GC freed 22198(1356KB) AllocSpace objects, 5(520KB) LOS objects, 40% free, 23MB/39MB, paused 275us total 28.883ms
08-06 11:49:22.773 28441 28452 I art     : Starting a blocking GC Explicit
08-06 11:49:22.796 28441 28452 I art     : Explicit concurrent mark sweep GC freed 127(4KB) AllocSpace objects, 0(0B) LOS objects, 40% free, 23MB/39MB, paused 275us total 22.349ms
08-06 11:49:22.808 28441 28452 I art     : Starting a blocking GC Explicit
08-06 11:49:22.813 28441 28974 I NAPPA_EXPERIMENTATION: MetricNetworkRequestExecutionTime: REQUEST_DURATION_SYSTEM='270',REQUEST_DURATION_OKHTTP='145',REQUEST_SYNCHRONOUS='TRUE',RESPONSE_CODE='200',RESPONSE_METHOD='GET',RESPONSE_LENGTH_OKHTTP='-1',RESPONSE_LENGTH_HEADER='4700',REQUEST_PROTOCOL='h2',REQUEST_URL='https://oauth.reddit.com/r/askscience/about.json',
08-06 11:49:22.813 28441 28974 D OK      : request got status: 200
08-06 11:49:22.833 28441 28452 I art     : Explicit concurrent mark sweep GC freed 715(131KB) AllocSpace objects, 2(88KB) LOS objects, 39% free, 24MB/40MB, paused 379us total 24.568ms
08-06 11:49:22.835 12162 28433 I Finsky  : [6378] dzn.a(22): Completed 0 account content syncs with 0 successful.
08-06 11:49:22.836 12162 12162 I Finsky  : [1] ContentSyncJob.a(1): [ContentSync] Installation state replication succeeded.
08-06 11:49:22.836 12162 12162 I Finsky  : [1] xlr.a(13): SCH: jobFinished: 12-1. TimeElapsed: 85ms.
08-06 11:49:22.837 12162 12162 I Finsky  : [1] xkg.a(36): SCH: Job 12-1 finished. Not rescheduling.
08-06 11:49:22.838 12162 12162 I Finsky  : [1] xkf.handleMessage(61): SCH: RunningQueue size: 0, PendingQueue size: 0
08-06 11:49:22.838 12162 12162 I Finsky  : [1] xkf.handleMessage(25): Executor finished
08-06 11:49:22.846 28441 28452 I art     : Starting a blocking GC Explicit
08-06 11:49:22.863 12162 12162 I Finsky  : [1] xmu.a(8): SCH: Jobs in database: 1-1337 3-225 3-226 24-77777777 26-1414141414 
08-06 11:49:22.865 12162 12162 I Finsky  : [1] xio.a(57): SCH: ConstraintMapping: 24-77777777,  -> L: 0ms, D: 33648062ms, C: false, I: true, N: 0
08-06 11:49:22.866 12162 12162 I Finsky  : [1] xio.a(57): SCH: ConstraintMapping: 1-1337,  -> L: 2354198ms, D: 36990048ms, C: false, I: false, N: 1
08-06 11:49:22.867 12162 12162 I Finsky  : [1] xio.a(57): SCH: ConstraintMapping: 3-225,  -> L: 0ms, D: 76773990ms, C: false, I: true, N: 2
08-06 11:49:22.867 12162 12162 I Finsky  : [1] xio.a(57): SCH: ConstraintMapping: 3-226,  -> L: 0ms, D: 76774034ms, C: true, I: true, N: 2
08-06 11:49:22.868 12162 12162 I Finsky  : [1] xio.a(57): SCH: ConstraintMapping: 26-1414141414,  -> L: 41771435ms, D: 42671435ms, C: false, I: false, N: 0
08-06 11:49:22.872 28441 28452 I art     : Explicit concurrent mark sweep GC freed 744(71KB) AllocSpace objects, 0(0B) LOS objects, 39% free, 24MB/40MB, paused 586us total 25.912ms
08-06 11:49:22.878 12162 12162 I Finsky  : [1] xle.a(34): Cancelling existing jobscheduler jobs: 9011 9015 9014 9017 9019 9012 9018 9000 
08-06 11:49:22.879 12162 12162 I Finsky  : [1] xle.a(10): Throttling wakeup for job 9001 (expected to run in 0 ms) due to recent wakeup
08-06 11:49:22.879 12162 12162 I Finsky  : [1] xle.a(27): Scheduling job Id: 9001, L: 30000, D: 33648062, C: false, I: true, N: 0
08-06 11:49:22.880 12162 12162 I Finsky  : [1] xle.a(27): Scheduling job Id: 9002, L: 2354198, D: 36990048, C: false, I: false, N: 1
08-06 11:49:22.881 12162 12162 I Finsky  : [1] xle.a(10): Throttling wakeup for job 9003 (expected to run in 0 ms) due to recent wakeup
08-06 11:49:22.882 12162 12162 I Finsky  : [1] xle.a(27): Scheduling job Id: 9003, L: 30000, D: 76773990, C: false, I: true, N: 2
08-06 11:49:22.883 12162 12162 I Finsky  : [1] xle.a(10): Throttling wakeup for job 9004 (expected to run in 0 ms) due to recent wakeup
08-06 11:49:22.883 12162 12162 I Finsky  : [1] xle.a(27): Scheduling job Id: 9004, L: 30000, D: 76774034, C: true, I: true, N: 2
08-06 11:49:22.884 12162 12162 I Finsky  : [1] xle.a(27): Scheduling job Id: 9005, L: 41771435, D: 42671435, C: false, I: false, N: 0
08-06 11:49:22.884 28441 28452 I art     : Starting a blocking GC Explicit
08-06 11:49:22.885 12162 12162 I Finsky  : [1] xle.a(10): Throttling wakeup for job 9006 (expected to run in 0 ms) due to recent wakeup
08-06 11:49:22.885 12162 12162 I Finsky  : [1] xle.a(27): Scheduling job Id: 9006, L: 30000, D: 33648062, C: false, I: true, N: 0
08-06 11:49:22.887 12162 12162 I Finsky  : [1] xle.a(27): Scheduling job Id: 9007, L: 2354198, D: 36990048, C: false, I: false, N: 1
08-06 11:49:22.888 12162 12162 I Finsky  : [1] xle.a(10): Throttling wakeup for job 9008 (expected to run in 0 ms) due to recent wakeup
08-06 11:49:22.888 12162 12162 I Finsky  : [1] xle.a(27): Scheduling job Id: 9008, L: 30000, D: 76773990, C: false, I: true, N: 2
08-06 11:49:22.889 12162 12162 I Finsky  : [1] xle.a(10): Throttling wakeup for job 9009 (expected to run in 0 ms) due to recent wakeup
08-06 11:49:22.889 12162 12162 I Finsky  : [1] xle.a(27): Scheduling job Id: 9009, L: 30000, D: 76774034, C: true, I: true, N: 2
08-06 11:49:22.893 12162 12162 I Finsky  : [1] xle.a(27): Scheduling job Id: 9010, L: 41771435, D: 42671435, C: false, I: false, N: 0
08-06 11:49:22.909 28441 28452 I art     : Explicit concurrent mark sweep GC freed 709(61KB) AllocSpace objects, 1(68KB) LOS objects, 39% free, 24MB/40MB, paused 256us total 24.659ms
08-06 11:49:23.185 28441 28465 I art     : Starting a blocking GC Explicit
08-06 11:49:23.218 28441 28465 I art     : Explicit concurrent mark sweep GC freed 1403(82KB) AllocSpace objects, 1(20KB) LOS objects, 39% free, 24MB/40MB, paused 257us total 32.034ms
08-06 11:49:23.230 28441 28465 I art     : Starting a blocking GC Explicit
08-06 11:49:23.256 28441 28465 I art     : Explicit concurrent mark sweep GC freed 20(704B) AllocSpace objects, 0(0B) LOS objects, 39% free, 24MB/40MB, paused 245us total 26.004ms
08-06 11:49:23.265 28441 29018 D OK      : calling: https://oauth.reddit.com/r/askscience/hot/.json
08-06 11:49:23.269 28441 28465 I art     : Starting a blocking GC Explicit
08-06 11:49:23.296 28441 28465 I art     : Explicit concurrent mark sweep GC freed 97(3KB) AllocSpace objects, 0(0B) LOS objects, 39% free, 24MB/40MB, paused 270us total 26.150ms
08-06 11:49:23.308 28441 28465 I art     : Starting a blocking GC Explicit
08-06 11:49:23.334 28441 28465 I art     : Explicit concurrent mark sweep GC freed 31(1280B) AllocSpace objects, 0(0B) LOS objects, 39% free, 24MB/40MB, paused 272us total 25.795ms
08-06 11:49:23.347 28441 28465 I art     : Starting a blocking GC Explicit
08-06 11:49:23.372 28441 28465 I art     : Explicit concurrent mark sweep GC freed 3(96B) AllocSpace objects, 0(0B) LOS objects, 39% free, 24MB/40MB, paused 277us total 24.566ms
08-06 11:49:23.432 28441 29018 I NAPPA_EXPERIMENTATION: MetricNetworkRequestExecutionTime: REQUEST_DURATION_SYSTEM='166',REQUEST_DURATION_OKHTTP='164',REQUEST_SYNCHRONOUS='TRUE',RESPONSE_CODE='200',RESPONSE_METHOD='GET',RESPONSE_LENGTH_OKHTTP='-1',RESPONSE_LENGTH_HEADER='21282',REQUEST_PROTOCOL='h2',REQUEST_URL='https://oauth.reddit.com/r/askscience/hot/.json',
08-06 11:49:23.432 28441 29018 D OK      : request got status: 200
08-06 11:49:23.460 28441 29005 I PostListingFragment: Precaching images: OFF
08-06 11:49:23.460 28441 29005 I PostListingFragment: Precaching comments: OFF
08-06 11:49:23.627 28441 28452 I art     : Starting a blocking GC Explicit
08-06 11:49:23.660 28441 28452 I art     : Explicit concurrent mark sweep GC freed 12052(687KB) AllocSpace objects, 3(156KB) LOS objects, 39% free, 24MB/40MB, paused 341us total 32.700ms
08-06 11:49:23.673 28441 28452 I art     : Starting a blocking GC Explicit
08-06 11:49:23.704 28441 28452 I art     : Explicit concurrent mark sweep GC freed 3410(130KB) AllocSpace objects, 0(0B) LOS objects, 39% free, 24MB/40MB, paused 362us total 30.549ms
08-06 11:49:23.716 28441 28452 I art     : Starting a blocking GC Explicit
08-06 11:49:23.746 28441 28452 I art     : Explicit concurrent mark sweep GC freed 2955(109KB) AllocSpace objects, 0(0B) LOS objects, 39% free, 24MB/40MB, paused 322us total 29.663ms
08-06 11:49:23.759 28441 28452 I art     : Starting a blocking GC Explicit
08-06 11:49:23.790 28441 28452 I art     : Explicit concurrent mark sweep GC freed 3513(126KB) AllocSpace objects, 0(0B) LOS objects, 39% free, 24MB/40MB, paused 417us total 30.580ms
08-06 11:49:23.802 28441 28452 I art     : Starting a blocking GC Explicit
08-06 11:49:23.833 28441 28452 I art     : Explicit concurrent mark sweep GC freed 3032(111KB) AllocSpace objects, 0(0B) LOS objects, 39% free, 24MB/40MB, paused 335us total 30.394ms
08-06 11:49:24.099 28441 28465 I art     : Starting a blocking GC Explicit
08-06 11:49:24.132 28441 28465 I art     : Explicit concurrent mark sweep GC freed 15441(759KB) AllocSpace objects, 1(20KB) LOS objects, 39% free, 24MB/40MB, paused 269us total 31.917ms
08-06 11:49:24.150 28441 28465 I art     : Starting a blocking GC Explicit
08-06 11:49:24.179 28441 28465 I art     : Explicit concurrent mark sweep GC freed 285(13KB) AllocSpace objects, 0(0B) LOS objects, 39% free, 24MB/40MB, paused 260us total 28.638ms
08-06 11:49:24.193 28441 28465 I art     : Starting a blocking GC Explicit
08-06 11:49:24.219 28441 28465 I art     : Explicit concurrent mark sweep GC freed 3(96B) AllocSpace objects, 0(0B) LOS objects, 39% free, 24MB/40MB, paused 247us total 26.463ms
08-06 11:49:24.232 28441 28465 I art     : Starting a blocking GC Explicit
08-06 11:49:24.259 28441 28465 I art     : Explicit concurrent mark sweep GC freed 17(768B) AllocSpace objects, 0(0B) LOS objects, 39% free, 24MB/40MB, paused 266us total 26.511ms
08-06 11:49:24.271 28441 28465 I art     : Starting a blocking GC Explicit
08-06 11:49:24.299 28441 28465 I art     : Explicit concurrent mark sweep GC freed 157(6KB) AllocSpace objects, 0(0B) LOS objects, 39% free, 24MB/40MB, paused 250us total 28.265ms
08-06 11:49:24.614 28441 28667 I art     : Starting a blocking GC Explicit
08-06 11:49:24.652 28441 28667 I art     : Explicit concurrent mark sweep GC freed 1467(86KB) AllocSpace objects, 1(20KB) LOS objects, 39% free, 24MB/40MB, paused 286us total 38.026ms
08-06 11:49:24.669 28441 28667 I art     : Starting a blocking GC Explicit
08-06 11:49:24.699 28441 28667 I art     : Explicit concurrent mark sweep GC freed 83(4KB) AllocSpace objects, 0(0B) LOS objects, 39% free, 24MB/40MB, paused 259us total 30.649ms
08-06 11:49:24.713 28441 28667 I art     : Starting a blocking GC Explicit
08-06 11:49:24.743 28441 28667 I art     : Explicit concurrent mark sweep GC freed 3(96B) AllocSpace objects, 0(0B) LOS objects, 39% free, 24MB/40MB, paused 262us total 29.651ms
08-06 11:49:24.756 28441 28667 I art     : Starting a blocking GC Explicit
08-06 11:49:24.786 28441 28667 I art     : Explicit concurrent mark sweep GC freed 3(96B) AllocSpace objects, 0(0B) LOS objects, 39% free, 24MB/40MB, paused 260us total 30.470ms
08-06 11:49:24.800 28441 28667 I art     : Starting a blocking GC Explicit
08-06 11:49:24.830 28441 28667 I art     : Explicit concurrent mark sweep GC freed 3(96B) AllocSpace objects, 0(0B) LOS objects, 39% free, 24MB/40MB, paused 255us total 29.574ms
08-06 11:49:25.162 28441 28453 I art     : Starting a blocking GC Explicit
08-06 11:49:25.203 28441 28453 I art     : Explicit concurrent mark sweep GC freed 1346(78KB) AllocSpace objects, 1(20KB) LOS objects, 39% free, 24MB/40MB, paused 301us total 40.289ms
08-06 11:49:25.218 28441 28453 I art     : Starting a blocking GC Explicit
08-06 11:49:25.248 28441 28453 I art     : Explicit concurrent mark sweep GC freed 20(704B) AllocSpace objects, 0(0B) LOS objects, 39% free, 24MB/40MB, paused 259us total 30.370ms
08-06 11:49:25.262 28441 28453 I art     : Starting a blocking GC Explicit
08-06 11:49:25.293 28441 28453 I art     : Explicit concurrent mark sweep GC freed 3(96B) AllocSpace objects, 0(0B) LOS objects, 39% free, 24MB/40MB, paused 309us total 30.642ms
08-06 11:49:25.306 28441 28453 I art     : Starting a blocking GC Explicit
08-06 11:49:25.337 28441 28453 I art     : Explicit concurrent mark sweep GC freed 3(96B) AllocSpace objects, 0(0B) LOS objects, 39% free, 24MB/40MB, paused 273us total 30.793ms
08-06 11:49:25.351 28441 28453 I art     : Starting a blocking GC Explicit
08-06 11:49:25.382 28441 28453 I art     : Explicit concurrent mark sweep GC freed 3(96B) AllocSpace objects, 0(0B) LOS objects, 39% free, 24MB/40MB, paused 289us total 30.522ms
08-06 11:49:25.703 28441 28452 I art     : Starting a blocking GC Explicit
08-06 11:49:25.744 28441 28452 I art     : Explicit concurrent mark sweep GC freed 1346(78KB) AllocSpace objects, 1(20KB) LOS objects, 39% free, 24MB/40MB, paused 332us total 41.271ms
08-06 11:49:25.760 28441 28452 I art     : Starting a blocking GC Explicit
08-06 11:49:25.791 28441 28452 I art     : Explicit concurrent mark sweep GC freed 20(704B) AllocSpace objects, 0(0B) LOS objects, 39% free, 24MB/40MB, paused 250us total 30.760ms
08-06 11:49:25.804 28441 28452 I art     : Starting a blocking GC Explicit
08-06 11:49:25.835 28441 28452 I art     : Explicit concurrent mark sweep GC freed 3(96B) AllocSpace objects, 0(0B) LOS objects, 39% free, 24MB/40MB, paused 254us total 30.494ms
08-06 11:49:25.836 28441 28451 I art     : WaitForGcToComplete blocked for 9.351ms for cause HeapTrim
08-06 11:49:25.849 28441 28452 I art     : Starting a blocking GC Explicit
08-06 11:49:25.880 28441 28452 I art     : Explicit concurrent mark sweep GC freed 3(96B) AllocSpace objects, 0(0B) LOS objects, 39% free, 24MB/40MB, paused 253us total 30.728ms
08-06 11:49:25.893 28441 28452 I art     : Starting a blocking GC Explicit
08-06 11:49:25.923 28441 28452 I art     : Explicit concurrent mark sweep GC freed 3(96B) AllocSpace objects, 0(0B) LOS objects, 39% free, 24MB/40MB, paused 248us total 29.994ms
08-06 11:49:26.245 28441 28465 I art     : Starting a blocking GC Explicit
08-06 11:49:26.289 28441 28465 I art     : Explicit concurrent mark sweep GC freed 1346(78KB) AllocSpace objects, 1(20KB) LOS objects, 39% free, 24MB/40MB, paused 287us total 43.218ms
08-06 11:49:26.306 28441 28465 I art     : Starting a blocking GC Explicit
08-06 11:49:26.337 28441 28465 I art     : Explicit concurrent mark sweep GC freed 20(704B) AllocSpace objects, 0(0B) LOS objects, 39% free, 24MB/40MB, paused 319us total 30.622ms
08-06 11:49:26.350 28441 28465 I art     : Starting a blocking GC Explicit
08-06 11:49:26.380 28441 28465 I art     : Explicit concurrent mark sweep GC freed 3(96B) AllocSpace objects, 0(0B) LOS objects, 39% free, 24MB/40MB, paused 245us total 29.849ms
08-06 11:49:26.393 28441 28465 I art     : Starting a blocking GC Explicit
08-06 11:49:26.424 28441 28465 I art     : Explicit concurrent mark sweep GC freed 3(96B) AllocSpace objects, 0(0B) LOS objects, 39% free, 24MB/40MB, paused 253us total 30.681ms
08-06 11:49:26.438 28441 28465 I art     : Starting a blocking GC Explicit
08-06 11:49:26.469 28441 28465 I art     : Explicit concurrent mark sweep GC freed 3(96B) AllocSpace objects, 0(0B) LOS objects, 39% free, 24MB/40MB, paused 252us total 30.695ms
08-06 11:49:26.788 28441 28667 I art     : Starting a blocking GC Explicit
08-06 11:49:26.825 28441 28667 I art     : Explicit concurrent mark sweep GC freed 1350(79KB) AllocSpace objects, 1(20KB) LOS objects, 39% free, 24MB/40MB, paused 286us total 37.255ms
08-06 11:49:26.840 28441 28667 I art     : Starting a blocking GC Explicit
08-06 11:49:26.871 28441 28667 I art     : Explicit concurrent mark sweep GC freed 20(704B) AllocSpace objects, 0(0B) LOS objects, 39% free, 24MB/40MB, paused 265us total 30.380ms
08-06 11:49:26.884 28441 28667 I art     : Starting a blocking GC Explicit
08-06 11:49:26.915 28441 28667 I art     : Explicit concurrent mark sweep GC freed 3(96B) AllocSpace objects, 0(0B) LOS objects, 39% free, 24MB/40MB, paused 252us total 30.427ms
08-06 11:49:26.928 28441 28667 I art     : Starting a blocking GC Explicit
08-06 11:49:26.958 28441 28667 I art     : Explicit concurrent mark sweep GC freed 3(96B) AllocSpace objects, 0(0B) LOS objects, 39% free, 24MB/40MB, paused 261us total 29.642ms
08-06 11:49:26.971 28441 28667 I art     : Starting a blocking GC Explicit
08-06 11:49:27.002 28441 28667 I art     : Explicit concurrent mark sweep GC freed 3(96B) AllocSpace objects, 0(0B) LOS objects, 39% free, 24MB/40MB, paused 256us total 30.434ms
08-06 11:49:27.174   518   646 I ThermalEngine: ACTION: GPU - Setting GPU[0] to 600000000
08-06 11:49:27.288 28441 28453 I art     : Starting a blocking GC Explicit
08-06 11:49:27.314 28441 28453 I art     : Explicit concurrent mark sweep GC freed 1347(78KB) AllocSpace objects, 1(20KB) LOS objects, 39% free, 24MB/40MB, paused 204us total 25.683ms
08-06 11:49:27.324 28441 28453 I art     : Starting a blocking GC Explicit
08-06 11:49:27.347 28441 28453 I art     : Explicit concurrent mark sweep GC freed 20(704B) AllocSpace objects, 0(0B) LOS objects, 39% free, 24MB/40MB, paused 189us total 22.686ms
08-06 11:49:27.357 28441 28453 I art     : Starting a blocking GC Explicit
08-06 11:49:27.380 28441 28453 I art     : Explicit concurrent mark sweep GC freed 3(96B) AllocSpace objects, 0(0B) LOS objects, 39% free, 24MB/40MB, paused 196us total 23.400ms
08-06 11:49:27.390 28441 28453 I art     : Starting a blocking GC Explicit
08-06 11:49:27.413 28441 28453 I art     : Explicit concurrent mark sweep GC freed 3(96B) AllocSpace objects, 0(0B) LOS objects, 39% free, 24MB/40MB, paused 192us total 23.259ms
08-06 11:49:27.424 28441 28453 I art     : Starting a blocking GC Explicit
08-06 11:49:27.447 28441 28453 I art     : Explicit concurrent mark sweep GC freed 3(96B) AllocSpace objects, 0(0B) LOS objects, 39% free, 24MB/40MB, paused 207us total 23.100ms
08-06 11:49:27.531 29091 29091 D AndroidRuntime: >>>>>> START com.android.internal.os.RuntimeInit uid 2000 <<<<<<
08-06 11:49:27.537 29091 29091 D AndroidRuntime: CheckJNI is OFF
08-06 11:49:27.569 29091 29091 D ICU     : No timezone override file found: /data/misc/zoneinfo/current/icu/icu_tzdata.dat
08-06 11:49:27.600 29091 29091 I Radio-JNI: register_android_hardware_Radio DONE
08-06 11:49:27.617 29091 29091 D AndroidRuntime: Calling main entry com.android.commands.input.Input
08-06 11:49:27.619 29091 29091 I Input   : injectMotionEvent: MotionEvent { action=ACTION_DOWN, actionButton=0, id[0]=0, x[0]=600.0, y[0]=700.0, toolType[0]=TOOL_TYPE_UNKNOWN, buttonState=0, metaState=0, flags=0x0, edgeFlags=0x0, pointerCount=1, historySize=0, eventTime=877784032, downTime=877784032, deviceId=0, source=0x1002 }
08-06 11:49:27.627 29091 29091 I Input   : injectMotionEvent: MotionEvent { action=ACTION_UP, actionButton=0, id[0]=0, x[0]=600.0, y[0]=700.0, toolType[0]=TOOL_TYPE_UNKNOWN, buttonState=0, metaState=0, flags=0x0, edgeFlags=0x0, pointerCount=1, historySize=0, eventTime=877784032, downTime=877784032, deviceId=0, source=0x1002 }
08-06 11:49:27.631 28441 28441 I RRChoreographer: Using modern Choreographer
08-06 11:49:27.632 29091 29091 D AndroidRuntime: Shutting down VM
08-06 11:49:27.647   512  2967 D audio_hw_primary: out_set_parameters: enter: usecase(1: low-latency-playback) kvpairs: routing=2
08-06 11:49:27.652   918  3961 I ActivityManager: START u0 {dat=https://oauth.reddit.com/... cmp=baseline.org.quantumbadger.redreader/.activities.CommentListingActivity} from uid 10705 on display 0
08-06 11:49:27.661   512  2967 D audio_hw_primary: select_devices: out_snd_device(2: speaker) in_snd_device(0: none)
08-06 11:49:27.662   512  2967 D msm8974_platform: platform_send_audio_calibration: sending audio calibration for snd_device(2) acdb_id(15)
08-06 11:49:27.662   512  2967 I soundtrigger: audio_extn_sound_trigger_update_device_status: device 0x2 of type 0 for Event 1
08-06 11:49:27.671   512  2967 D audio_hw_primary: enable_snd_device: snd_device(2: speaker)
08-06 11:49:27.673   512  2967 D audio_hw_primary: enable_audio_route: apply and update mixer path: low-latency-playback speaker
08-06 11:49:27.675 28441 28441 I AppCompatViewInflater: app:theme is now deprecated. Please move to using android:theme instead.
08-06 11:49:27.693 28441 29124 D OK      : calling: https://oauth.reddit.com/comments/gvc7k9/.json?sort=confidence
08-06 11:49:27.719 28441 28452 I art     : Starting a blocking GC Explicit
08-06 11:49:27.729 25566 25566 I ServiceManager: Waiting for service AtCmdFwd...
08-06 11:49:27.742 28441 28452 I art     : Explicit concurrent mark sweep GC freed 4119(266KB) AllocSpace objects, 1(20KB) LOS objects, 39% free, 24MB/40MB, paused 467us total 23.173ms
08-06 11:49:27.753 28441 28452 I art     : Starting a blocking GC Explicit
08-06 11:49:27.764 13866 13866 I GoogleInputMethodServic: GoogleInputMethodService.onFinishInput():3138 
08-06 11:49:27.765 13866 13866 I GoogleInputMethodServic: GoogleInputMethodService.onStartInput():1808 
08-06 11:49:27.769   918   936 I ActivityManager: Displayed baseline.org.quantumbadger.redreader/.activities.CommentListingActivity: +109ms
08-06 11:49:27.778 28441 28452 I art     : Explicit concurrent mark sweep GC freed 474(21KB) AllocSpace objects, 0(0B) LOS objects, 39% free, 24MB/40MB, paused 204us total 25.224ms
08-06 11:49:27.788 28441 28452 I art     : Starting a blocking GC Explicit
08-06 11:49:27.814 28441 28452 I art     : Explicit concurrent mark sweep GC freed 81(4KB) AllocSpace objects, 0(0B) LOS objects, 39% free, 24MB/40MB, paused 228us total 25.707ms
08-06 11:49:27.825 28441 28452 I art     : Starting a blocking GC Explicit
08-06 11:49:27.848 28441 28452 I art     : Explicit concurrent mark sweep GC freed 5(160B) AllocSpace objects, 0(0B) LOS objects, 39% free, 24MB/40MB, paused 203us total 23.236ms
08-06 11:49:27.858 28441 28452 I art     : Starting a blocking GC Explicit
08-06 11:49:27.880 28441 28452 I art     : Explicit concurrent mark sweep GC freed 3(96B) AllocSpace objects, 0(0B) LOS objects, 39% free, 24MB/40MB, paused 192us total 21.696ms
08-06 11:49:27.939 28441 29124 I NAPPA_EXPERIMENTATION: MetricNetworkRequestExecutionTime: REQUEST_DURATION_SYSTEM='246',REQUEST_DURATION_OKHTTP='242',REQUEST_SYNCHRONOUS='TRUE',RESPONSE_CODE='200',RESPONSE_METHOD='GET',RESPONSE_LENGTH_OKHTTP='-1',RESPONSE_LENGTH_HEADER='90132',REQUEST_PROTOCOL='h2',REQUEST_URL='https://oauth.reddit.com/comments/gvc7k9/.json?sort=confidence',
08-06 11:49:27.939 28441 29124 D OK      : request got status: 200
08-06 11:49:27.953 28441 29005 I CommentListingActivity: COMMENTS session changed to 553eb27c-7b81-45c7-813c-457071ec3f9a
08-06 11:49:28.031   380   380 W SurfaceFlinger: couldn't log to binary event log: overflow.
08-06 11:49:28.113 28441 28465 I art     : Starting a blocking GC Explicit
08-06 11:49:28.147 28441 28465 I art     : Explicit concurrent mark sweep GC freed 24805(1779KB) AllocSpace objects, 3(56KB) LOS objects, 36% free, 27MB/43MB, paused 357us total 32.951ms
08-06 11:49:28.158 28441 28465 I art     : Starting a blocking GC Explicit
08-06 11:49:28.197 28441 28465 I art     : Explicit concurrent mark sweep GC freed 10683(735KB) AllocSpace objects, 1(16KB) LOS objects, 36% free, 28MB/44MB, paused 528us total 38.096ms
08-06 11:49:28.209 28441 28465 I art     : Starting a blocking GC Explicit
08-06 11:49:28.218   512  2967 D audio_hw_primary: disable_audio_route: reset and update mixer path: low-latency-playback speaker
08-06 11:49:28.219   512  2967 D audio_hw_primary: disable_snd_device: snd_device(2: speaker)
08-06 11:49:28.227   512  2967 I soundtrigger: audio_extn_sound_trigger_update_device_status: device 0x2 of type 0 for Event 0
08-06 11:49:28.243 28441 28465 I art     : Explicit concurrent mark sweep GC freed 6036(372KB) AllocSpace objects, 0(0B) LOS objects, 35% free, 28MB/44MB, paused 443us total 33.260ms
08-06 11:49:28.253 28441 28465 I art     : Starting a blocking GC Explicit
08-06 11:49:28.287 28441 28465 I art     : Explicit concurrent mark sweep GC freed 2732(215KB) AllocSpace objects, 1(68KB) LOS objects, 35% free, 28MB/44MB, paused 211us total 33.094ms
08-06 11:49:28.297 28441 28465 I art     : Starting a blocking GC Explicit
08-06 11:49:28.327 28441 28465 I art     : Explicit concurrent mark sweep GC freed 19351(911KB) AllocSpace objects, 1(68KB) LOS objects, 36% free, 27MB/43MB, paused 166us total 29.938ms
08-06 11:49:28.603 28441 28452 I art     : Starting a blocking GC Explicit
08-06 11:49:28.645 28441 28452 I art     : Explicit concurrent mark sweep GC freed 1357(79KB) AllocSpace objects, 1(20KB) LOS objects, 36% free, 27MB/43MB, paused 195us total 41.319ms
08-06 11:49:28.657 28441 28452 I art     : Starting a blocking GC Explicit
08-06 11:49:28.693 28441 28452 I art     : Explicit concurrent mark sweep GC freed 20(704B) AllocSpace objects, 0(0B) LOS objects, 36% free, 27MB/43MB, paused 189us total 36.015ms
08-06 11:49:28.705 28441 28452 I art     : Starting a blocking GC Explicit
08-06 11:49:28.729 25566 25566 I ServiceManager: Waiting for service AtCmdFwd...
08-06 11:49:28.739 28441 28452 I art     : Explicit concurrent mark sweep GC freed 3(96B) AllocSpace objects, 0(0B) LOS objects, 36% free, 27MB/43MB, paused 167us total 33.656ms
08-06 11:49:28.749 28441 28452 I art     : Starting a blocking GC Explicit
08-06 11:49:28.782 28441 28452 I art     : Explicit concurrent mark sweep GC freed 3(96B) AllocSpace objects, 0(0B) LOS objects, 36% free, 27MB/43MB, paused 185us total 32.210ms
08-06 11:49:28.794 28441 28452 I art     : Starting a blocking GC Explicit
08-06 11:49:28.829 28441 28452 I art     : Explicit concurrent mark sweep GC freed 3(96B) AllocSpace objects, 0(0B) LOS objects, 36% free, 27MB/43MB, paused 209us total 35.145ms
08-06 11:49:29.142 28441 28465 I art     : Starting a blocking GC Explicit
08-06 11:49:29.198 28441 28465 I art     : Explicit concurrent mark sweep GC freed 1392(80KB) AllocSpace objects, 1(20KB) LOS objects, 36% free, 27MB/43MB, paused 375us total 56.060ms
08-06 11:49:29.216 28441 28465 I art     : Starting a blocking GC Explicit
08-06 11:49:29.254 28441 28465 I art     : Explicit concurrent mark sweep GC freed 20(704B) AllocSpace objects, 0(0B) LOS objects, 36% free, 27MB/43MB, paused 191us total 37.276ms
08-06 11:49:29.265 28441 28465 I art     : Starting a blocking GC Explicit
08-06 11:49:29.301 28441 28465 I art     : Explicit concurrent mark sweep GC freed 3(96B) AllocSpace objects, 0(0B) LOS objects, 36% free, 27MB/43MB, paused 208us total 36.058ms
08-06 11:49:29.313 28441 28465 I art     : Starting a blocking GC Explicit
08-06 11:49:29.350 28441 28465 I art     : Explicit concurrent mark sweep GC freed 3(96B) AllocSpace objects, 0(0B) LOS objects, 36% free, 27MB/43MB, paused 194us total 36.528ms
08-06 11:49:29.362 28441 28465 I art     : Starting a blocking GC Explicit
08-06 11:49:29.399 28441 28465 I art     : Explicit concurrent mark sweep GC freed 3(96B) AllocSpace objects, 0(0B) LOS objects, 36% free, 27MB/43MB, paused 203us total 37.045ms
08-06 11:49:29.721 28441 28667 I art     : Starting a blocking GC Explicit
08-06 11:49:29.730 25566 25566 I ServiceManager: Waiting for service AtCmdFwd...
08-06 11:49:29.762 28441 28667 I art     : Explicit concurrent mark sweep GC freed 1346(78KB) AllocSpace objects, 1(20KB) LOS objects, 36% free, 27MB/43MB, paused 195us total 41.199ms
08-06 11:49:29.774 28441 28667 I art     : Starting a blocking GC Explicit
08-06 11:49:29.811 28441 28667 I art     : Explicit concurrent mark sweep GC freed 20(704B) AllocSpace objects, 0(0B) LOS objects, 36% free, 27MB/43MB, paused 208us total 37.183ms
08-06 11:49:29.823 28441 28667 I art     : Starting a blocking GC Explicit
08-06 11:49:29.860 28441 28667 I art     : Explicit concurrent mark sweep GC freed 3(96B) AllocSpace objects, 0(0B) LOS objects, 36% free, 27MB/43MB, paused 201us total 36.332ms
08-06 11:49:29.871 28441 28667 I art     : Starting a blocking GC Explicit
08-06 11:49:29.907 28441 28667 I art     : Explicit concurrent mark sweep GC freed 3(96B) AllocSpace objects, 0(0B) LOS objects, 36% free, 27MB/43MB, paused 205us total 35.942ms
08-06 11:49:29.919 28441 28667 I art     : Starting a blocking GC Explicit
08-06 11:49:29.956 28441 28667 I art     : Explicit concurrent mark sweep GC freed 3(96B) AllocSpace objects, 0(0B) LOS objects, 36% free, 27MB/43MB, paused 211us total 36.129ms
08-06 11:49:30.185   518   646 I ThermalEngine: ACTION: GPU - Setting GPU[0] to 510000000
08-06 11:49:30.278 28441 28453 I art     : Starting a blocking GC Explicit
08-06 11:49:30.326 28441 28453 I art     : Explicit concurrent mark sweep GC freed 1346(78KB) AllocSpace objects, 1(20KB) LOS objects, 36% free, 27MB/43MB, paused 290us total 48.029ms
08-06 11:49:30.342 28441 28453 I art     : Starting a blocking GC Explicit
08-06 11:49:30.384 28441 28453 I art     : Explicit concurrent mark sweep GC freed 20(704B) AllocSpace objects, 0(0B) LOS objects, 36% free, 27MB/43MB, paused 265us total 42.252ms
08-06 11:49:30.399 28441 28453 I art     : Starting a blocking GC Explicit
08-06 11:49:30.443 28441 28453 I art     : Explicit concurrent mark sweep GC freed 3(96B) AllocSpace objects, 0(0B) LOS objects, 36% free, 27MB/43MB, paused 265us total 43.352ms
08-06 11:49:30.458 28441 28453 I art     : Starting a blocking GC Explicit
08-06 11:49:30.503 28441 28453 I art     : Explicit concurrent mark sweep GC freed 3(96B) AllocSpace objects, 0(0B) LOS objects, 36% free, 27MB/43MB, paused 255us total 44.404ms
08-06 11:49:30.518 28441 28453 I art     : Starting a blocking GC Explicit
08-06 11:49:30.562 28441 28453 I art     : Explicit concurrent mark sweep GC freed 3(96B) AllocSpace objects, 0(0B) LOS objects, 36% free, 27MB/43MB, paused 262us total 44.181ms
08-06 11:49:30.731 25566 25566 I ServiceManager: Waiting for service AtCmdFwd...
08-06 11:49:30.897 28441 28452 I art     : Starting a blocking GC Explicit
08-06 11:49:30.953 28441 28452 I art     : Explicit concurrent mark sweep GC freed 1347(79KB) AllocSpace objects, 1(20KB) LOS objects, 36% free, 27MB/43MB, paused 290us total 55.822ms
08-06 11:49:30.975 28441 28452 I art     : Starting a blocking GC Explicit
08-06 11:49:31.018 28441 28452 I art     : Explicit concurrent mark sweep GC freed 20(704B) AllocSpace objects, 0(0B) LOS objects, 36% free, 27MB/43MB, paused 267us total 42.587ms
08-06 11:49:31.033 28441 28452 I art     : Starting a blocking GC Explicit
08-06 11:49:31.075 28441 28452 I art     : Explicit concurrent mark sweep GC freed 3(96B) AllocSpace objects, 0(0B) LOS objects, 36% free, 27MB/43MB, paused 263us total 42.057ms
08-06 11:49:31.090 28441 28452 I art     : Starting a blocking GC Explicit
08-06 11:49:31.134 28441 28452 I art     : Explicit concurrent mark sweep GC freed 3(96B) AllocSpace objects, 0(0B) LOS objects, 36% free, 27MB/43MB, paused 265us total 43.750ms
08-06 11:49:31.149 28441 28452 I art     : Starting a blocking GC Explicit
08-06 11:49:31.184   518   646 I ThermalEngine: ACTION: GPU - Setting GPU[0] to 600000000
08-06 11:49:31.194 28441 28452 I art     : Explicit concurrent mark sweep GC freed 3(96B) AllocSpace objects, 0(0B) LOS objects, 36% free, 27MB/43MB, paused 260us total 44.305ms
08-06 11:49:31.511 28441 28465 I art     : Starting a blocking GC Explicit
08-06 11:49:31.559 28441 28465 I art     : Explicit concurrent mark sweep GC freed 1350(79KB) AllocSpace objects, 1(20KB) LOS objects, 36% free, 27MB/43MB, paused 200us total 47.809ms
08-06 11:49:31.571 28441 28465 I art     : Starting a blocking GC Explicit
08-06 11:49:31.606 28441 28465 I art     : Explicit concurrent mark sweep GC freed 20(704B) AllocSpace objects, 0(0B) LOS objects, 36% free, 27MB/43MB, paused 191us total 35.285ms
08-06 11:49:31.618 28441 28465 I art     : Starting a blocking GC Explicit
08-06 11:49:31.655 28441 28465 I art     : Explicit concurrent mark sweep GC freed 3(96B) AllocSpace objects, 0(0B) LOS objects, 36% free, 27MB/43MB, paused 238us total 37.283ms
08-06 11:49:31.667 28441 28465 I art     : Starting a blocking GC Explicit
08-06 11:49:31.704 28441 28465 I art     : Explicit concurrent mark sweep GC freed 3(96B) AllocSpace objects, 0(0B) LOS objects, 36% free, 27MB/43MB, paused 193us total 36.002ms
08-06 11:49:31.715 28441 28465 I art     : Starting a blocking GC Explicit
08-06 11:49:31.732 25566 25566 I ServiceManager: Waiting for service AtCmdFwd...
08-06 11:49:31.753 28441 28465 I art     : Explicit concurrent mark sweep GC freed 3(96B) AllocSpace objects, 0(0B) LOS objects, 36% free, 27MB/43MB, paused 213us total 37.256ms
08-06 11:49:32.011 28441 28667 I art     : Starting a blocking GC Explicit
08-06 11:49:32.048 28441 28667 I art     : Explicit concurrent mark sweep GC freed 1347(78KB) AllocSpace objects, 1(20KB) LOS objects, 36% free, 27MB/43MB, paused 211us total 35.999ms
08-06 11:49:32.059 28441 28667 I art     : Starting a blocking GC Explicit
08-06 11:49:32.093 28441 28667 I art     : Explicit concurrent mark sweep GC freed 20(704B) AllocSpace objects, 0(0B) LOS objects, 36% free, 27MB/43MB, paused 190us total 33.735ms
08-06 11:49:32.104 28441 28667 I art     : Starting a blocking GC Explicit
08-06 11:49:32.138 28441 28667 I art     : Explicit concurrent mark sweep GC freed 3(96B) AllocSpace objects, 0(0B) LOS objects, 36% free, 27MB/43MB, paused 190us total 33.368ms
08-06 11:49:32.149 28441 28667 I art     : Starting a blocking GC Explicit
08-06 11:49:32.183 28441 28667 I art     : Explicit concurrent mark sweep GC freed 3(96B) AllocSpace objects, 0(0B) LOS objects, 36% free, 27MB/43MB, paused 193us total 33.969ms
08-06 11:49:32.194 28441 28667 I art     : Starting a blocking GC Explicit
08-06 11:49:32.228 28441 28667 I art     : Explicit concurrent mark sweep GC freed 3(96B) AllocSpace objects, 0(0B) LOS objects, 36% free, 27MB/43MB, paused 233us total 33.879ms
08-06 11:49:32.231 29197 29197 D AndroidRuntime: >>>>>> START com.android.internal.os.RuntimeInit uid 2000 <<<<<<
08-06 11:49:32.235 29197 29197 D AndroidRuntime: CheckJNI is OFF
08-06 11:49:32.261 29197 29197 D ICU     : No timezone override file found: /data/misc/zoneinfo/current/icu/icu_tzdata.dat
08-06 11:49:32.285 29197 29197 I Radio-JNI: register_android_hardware_Radio DONE
08-06 11:49:32.301 29197 29197 D AndroidRuntime: Calling main entry com.android.commands.input.Input
08-06 11:49:32.302 29197 29197 I Input   : injectKeyEvent: KeyEvent { action=ACTION_DOWN, keyCode=KEYCODE_BACK, scanCode=0, metaState=0, flags=0x0, repeatCount=0, eventTime=877788715, downTime=877788715, deviceId=-1, source=0x101 }
08-06 11:49:32.309 29197 29197 I Input   : injectKeyEvent: KeyEvent { action=ACTION_UP, keyCode=KEYCODE_BACK, scanCode=0, metaState=0, flags=0x0, repeatCount=0, eventTime=877788715, downTime=877788715, deviceId=-1, source=0x101 }
08-06 11:49:32.316 29197 29197 D AndroidRuntime: Shutting down VM
08-06 11:49:32.356 13866 13866 I GoogleInputMethodServic: GoogleInputMethodService.onFinishInput():3138 
08-06 11:49:32.357 13866 13866 I GoogleInputMethodServic: GoogleInputMethodService.onStartInput():1808 
08-06 11:49:32.460 28441 28453 I art     : Starting a blocking GC Explicit
08-06 11:49:32.495 28441 28453 I art     : Explicit concurrent mark sweep GC freed 1592(87KB) AllocSpace objects, 1(20KB) LOS objects, 36% free, 27MB/43MB, paused 179us total 35.041ms
08-06 11:49:32.509 28441 28453 I art     : Starting a blocking GC Explicit
08-06 11:49:32.555 28441 28453 I art     : Explicit concurrent mark sweep GC freed 24(864B) AllocSpace objects, 0(0B) LOS objects, 36% free, 27MB/43MB, paused 233us total 44.922ms
08-06 11:49:32.569 28441 28453 I art     : Starting a blocking GC Explicit
08-06 11:49:32.616 28441 28453 I art     : Explicit concurrent mark sweep GC freed 3(96B) AllocSpace objects, 0(0B) LOS objects, 36% free, 27MB/43MB, paused 205us total 46.527ms
08-06 11:49:32.633 28441 28453 I art     : Starting a blocking GC Explicit
08-06 11:49:32.660 28441 29119 I RedditChangeDataIO: Writing tmp data file at '/data/user/0/baseline.org.quantumbadger.redreader/files/rr_change_data_tmp.dat'
08-06 11:49:32.661 28441 29119 I RedditChangeDataManager: Taking snapshot...
08-06 11:49:32.661 28441 29119 I RedditChangeDataManager: Writing to stream...
08-06 11:49:32.661 28441 29119 I RedditChangeDataManager: Wrote 1 entries for user ''
08-06 11:49:32.661 28441 29119 I RedditChangeDataManager: All entries written to stream.
08-06 11:49:32.661 28441 29119 I RedditChangeDataIO: Write successful. Atomically replacing data file...
08-06 11:49:32.662 28441 29119 I RedditChangeDataIO: Write complete.
08-06 11:49:32.662 28441 29119 I RedditChangeDataIO: 38 bytes written in 2 ms
08-06 11:49:32.668   380   380 W SurfaceFlinger: couldn't log to binary event log: overflow.
08-06 11:49:32.676 28441 28453 I art     : Explicit concurrent mark sweep GC freed 100(5KB) AllocSpace objects, 1(68KB) LOS objects, 36% free, 27MB/43MB, paused 334us total 43.415ms
08-06 11:49:32.690 28441 28453 I art     : Starting a blocking GC Explicit
08-06 11:49:32.722 28441 28453 I art     : Explicit concurrent mark sweep GC freed 47(2432B) AllocSpace objects, 0(0B) LOS objects, 36% free, 27MB/43MB, paused 181us total 31.004ms
08-06 11:49:32.732 25566 25566 W Atfwd_Sendcmd: AtCmdFwd service not published, waiting... retryCnt : 2
08-06 11:49:32.977 28441 28465 I art     : Starting a blocking GC Explicit
08-06 11:49:33.005 28441 28465 I art     : Explicit concurrent mark sweep GC freed 48104(2MB) AllocSpace objects, 6(160KB) LOS objects, 39% free, 24MB/40MB, paused 191us total 27.786ms
08-06 11:49:33.014 28441 28465 I art     : Starting a blocking GC Explicit
08-06 11:49:33.035 28441 28465 I art     : Explicit concurrent mark sweep GC freed 20(704B) AllocSpace objects, 0(0B) LOS objects, 39% free, 24MB/40MB, paused 183us total 21.163ms
08-06 11:49:33.045 28441 28465 I art     : Starting a blocking GC Explicit
08-06 11:49:33.067 28441 28465 I art     : Explicit concurrent mark sweep GC freed 3(96B) AllocSpace objects, 0(0B) LOS objects, 39% free, 24MB/40MB, paused 219us total 21.855ms
08-06 11:49:33.076 28441 28465 I art     : Starting a blocking GC Explicit
08-06 11:49:33.098 28441 28465 I art     : Explicit concurrent mark sweep GC freed 3(96B) AllocSpace objects, 0(0B) LOS objects, 39% free, 24MB/40MB, paused 180us total 22.178ms
08-06 11:49:33.108 28441 28465 I art     : Starting a blocking GC Explicit
08-06 11:49:33.129 28441 28465 I art     : Explicit concurrent mark sweep GC freed 3(96B) AllocSpace objects, 0(0B) LOS objects, 39% free, 24MB/40MB, paused 181us total 21.740ms
08-06 11:49:33.385 28441 28667 I art     : Starting a blocking GC Explicit
08-06 11:49:33.415 28441 28667 I art     : Explicit concurrent mark sweep GC freed 1617(122KB) AllocSpace objects, 1(20KB) LOS objects, 39% free, 24MB/40MB, paused 230us total 30.214ms
08-06 11:49:33.428 28441 28667 I art     : Starting a blocking GC Explicit
08-06 11:49:33.451 28441 28667 I art     : Explicit concurrent mark sweep GC freed 85(2880B) AllocSpace objects, 0(0B) LOS objects, 39% free, 24MB/40MB, paused 175us total 23.409ms
08-06 11:49:33.461 28441 28667 I art     : Starting a blocking GC Explicit
08-06 11:49:33.486 28441 28667 I art     : Explicit concurrent mark sweep GC freed 3(96B) AllocSpace objects, 0(0B) LOS objects, 39% free, 24MB/40MB, paused 172us total 24.275ms
08-06 11:49:33.496 28441 28667 I art     : Starting a blocking GC Explicit
08-06 11:49:33.520 28441 28667 I art     : Explicit concurrent mark sweep GC freed 3(96B) AllocSpace objects, 0(0B) LOS objects, 39% free, 24MB/40MB, paused 175us total 24.226ms
08-06 11:49:33.531 28441 28667 I art     : Starting a blocking GC Explicit
08-06 11:49:33.556 28441 28667 I art     : Explicit concurrent mark sweep GC freed 3(96B) AllocSpace objects, 0(0B) LOS objects, 39% free, 24MB/40MB, paused 162us total 25.068ms
08-06 11:49:33.805 28441 29230 I art     : Starting a blocking GC Explicit
08-06 11:49:33.831 28441 29230 I art     : Explicit concurrent mark sweep GC freed 1346(78KB) AllocSpace objects, 1(20KB) LOS objects, 39% free, 24MB/40MB, paused 176us total 25.299ms
08-06 11:49:33.842 28441 29230 I art     : Starting a blocking GC Explicit
08-06 11:49:33.865 29251 29251 D AndroidRuntime: >>>>>> START com.android.internal.os.RuntimeInit uid 2000 <<<<<<
08-06 11:49:33.866 28441 29230 I art     : Explicit concurrent mark sweep GC freed 20(704B) AllocSpace objects, 0(0B) LOS objects, 39% free, 24MB/40MB, paused 192us total 23.746ms
08-06 11:49:33.869 29251 29251 D AndroidRuntime: CheckJNI is OFF
08-06 11:49:33.875 28441 29230 I art     : Starting a blocking GC Explicit
08-06 11:49:33.895 29251 29251 D ICU     : No timezone override file found: /data/misc/zoneinfo/current/icu/icu_tzdata.dat
08-06 11:49:33.898 28441 29230 I art     : Explicit concurrent mark sweep GC freed 3(96B) AllocSpace objects, 0(0B) LOS objects, 39% free, 24MB/40MB, paused 160us total 21.913ms
08-06 11:49:33.907 28441 29230 I art     : Starting a blocking GC Explicit
08-06 11:49:33.920 29251 29251 I Radio-JNI: register_android_hardware_Radio DONE
08-06 11:49:33.928 28441 29230 I art     : Explicit concurrent mark sweep GC freed 3(96B) AllocSpace objects, 0(0B) LOS objects, 39% free, 24MB/40MB, paused 166us total 21.333ms
08-06 11:49:33.936 29251 29251 D AndroidRuntime: Calling main entry com.android.commands.input.Input
08-06 11:49:33.937 29251 29251 I Input   : injectMotionEvent: MotionEvent { action=ACTION_DOWN, actionButton=0, id[0]=0, x[0]=600.0, y[0]=950.0, toolType[0]=TOOL_TYPE_UNKNOWN, buttonState=0, metaState=0, flags=0x0, edgeFlags=0x0, pointerCount=1, historySize=0, eventTime=877790350, downTime=877790350, deviceId=0, source=0x1002 }
08-06 11:49:33.938 28441 29230 I art     : Starting a blocking GC Explicit
08-06 11:49:33.943 29251 29251 I Input   : injectMotionEvent: MotionEvent { action=ACTION_UP, actionButton=0, id[0]=0, x[0]=600.0, y[0]=950.0, toolType[0]=TOOL_TYPE_UNKNOWN, buttonState=0, metaState=0, flags=0x0, edgeFlags=0x0, pointerCount=1, historySize=0, eventTime=877790350, downTime=877790350, deviceId=0, source=0x1002 }
08-06 11:49:33.944 29251 29251 D AndroidRuntime: Shutting down VM
08-06 11:49:33.956   512  2967 D audio_hw_primary: out_set_parameters: enter: usecase(1: low-latency-playback) kvpairs: routing=2
08-06 11:49:33.958   918  3696 I ActivityManager: START u0 {dat=https://oauth.reddit.com/... cmp=baseline.org.quantumbadger.redreader/.activities.CommentListingActivity} from uid 10705 on display 0
08-06 11:49:33.963 28441 29230 I art     : Explicit concurrent mark sweep GC freed 208(9KB) AllocSpace objects, 0(0B) LOS objects, 39% free, 24MB/40MB, paused 247us total 24.749ms
08-06 11:49:33.969   512  2967 D audio_hw_primary: select_devices: out_snd_device(2: speaker) in_snd_device(0: none)
08-06 11:49:33.969   512  2967 D msm8974_platform: platform_send_audio_calibration: sending audio calibration for snd_device(2) acdb_id(15)
08-06 11:49:33.970   512  2967 I soundtrigger: audio_extn_sound_trigger_update_device_status: device 0x2 of type 0 for Event 1
08-06 11:49:33.976 28441 28441 I AppCompatViewInflater: app:theme is now deprecated. Please move to using android:theme instead.
08-06 11:49:33.980   512  2967 D audio_hw_primary: enable_snd_device: snd_device(2: speaker)
08-06 11:49:33.982   512  2967 D audio_hw_primary: enable_audio_route: apply and update mixer path: low-latency-playback speaker
08-06 11:49:33.989 28441 29276 D OK      : calling: https://oauth.reddit.com/comments/hwnhe2/.json?sort=confidence
08-06 11:49:34.043   918   936 I ActivityManager: Displayed baseline.org.quantumbadger.redreader/.activities.CommentListingActivity: +78ms
08-06 11:49:34.043 13866 13866 I GoogleInputMethodServic: GoogleInputMethodService.onFinishInput():3138 
08-06 11:49:34.043 13866 13866 I GoogleInputMethodServic: GoogleInputMethodService.onStartInput():1808 
08-06 11:49:34.194 28441 28667 I art     : Starting a blocking GC Explicit
08-06 11:49:34.228 28441 28667 I art     : Explicit concurrent mark sweep GC freed 5995(292KB) AllocSpace objects, 1(20KB) LOS objects, 38% free, 25MB/41MB, paused 240us total 33.882ms
08-06 11:49:34.243 28441 28667 I art     : Starting a blocking GC Explicit
08-06 11:49:34.280 28441 28667 I art     : Explicit concurrent mark sweep GC freed 441(21KB) AllocSpace objects, 0(0B) LOS objects, 38% free, 25MB/41MB, paused 232us total 36.176ms
08-06 11:49:34.294 28441 28667 I art     : Starting a blocking GC Explicit
08-06 11:49:34.300 28441 29276 I NAPPA_EXPERIMENTATION: MetricNetworkRequestExecutionTime: REQUEST_DURATION_SYSTEM='311',REQUEST_DURATION_OKHTTP='146',REQUEST_SYNCHRONOUS='TRUE',RESPONSE_CODE='200',RESPONSE_METHOD='GET',RESPONSE_LENGTH_OKHTTP='-1',RESPONSE_LENGTH_HEADER='3930',REQUEST_PROTOCOL='h2',REQUEST_URL='https://oauth.reddit.com/comments/hwnhe2/.json?sort=confidence',
08-06 11:49:34.300 28441 29276 D OK      : request got status: 200
08-06 11:49:34.304   380   380 W SurfaceFlinger: couldn't log to binary event log: overflow.
08-06 11:49:34.310 28441 29005 I CommentListingActivity: COMMENTS session changed to 3484d300-be76-4be8-9c9f-05f66750427e
08-06 11:49:34.324 28441 28667 I art     : Explicit concurrent mark sweep GC freed 1741(239KB) AllocSpace objects, 1(68KB) LOS objects, 38% free, 25MB/41MB, paused 288us total 30.370ms
08-06 11:49:34.335 28441 28667 I art     : Starting a blocking GC Explicit
08-06 11:49:34.358 28441 28667 I art     : Explicit concurrent mark sweep GC freed 1845(91KB) AllocSpace objects, 2(32KB) LOS objects, 38% free, 25MB/41MB, paused 387us total 22.931ms
08-06 11:49:34.368 28441 28667 I art     : Starting a blocking GC Explicit
08-06 11:49:34.392 28441 28667 I art     : Explicit concurrent mark sweep GC freed 1098(65KB) AllocSpace objects, 1(68KB) LOS objects, 38% free, 25MB/41MB, paused 193us total 23.421ms
08-06 11:49:34.518   512  2967 D audio_hw_primary: disable_audio_route: reset and update mixer path: low-latency-playback speaker
08-06 11:49:34.521   512  2967 D audio_hw_primary: disable_snd_device: snd_device(2: speaker)
08-06 11:49:34.529   512  2967 I soundtrigger: audio_extn_sound_trigger_update_device_status: device 0x2 of type 0 for Event 0
08-06 11:49:34.628 28441 29230 I art     : Starting a blocking GC Explicit
08-06 11:49:34.651 28441 29230 I art     : Explicit concurrent mark sweep GC freed 1481(83KB) AllocSpace objects, 1(20KB) LOS objects, 38% free, 25MB/41MB, paused 178us total 22.826ms
08-06 11:49:34.661 28441 29230 I art     : Starting a blocking GC Explicit
08-06 11:49:34.683 28441 29230 I art     : Explicit concurrent mark sweep GC freed 36(1280B) AllocSpace objects, 0(0B) LOS objects, 38% free, 25MB/41MB, paused 179us total 22.196ms
08-06 11:49:34.692 28441 29230 I art     : Starting a blocking GC Explicit
08-06 11:49:34.715 28441 29230 I art     : Explicit concurrent mark sweep GC freed 3(96B) AllocSpace objects, 0(0B) LOS objects, 38% free, 25MB/41MB, paused 182us total 22.356ms
08-06 11:49:34.724 28441 29230 I art     : Starting a blocking GC Explicit
08-06 11:49:34.747 28441 29230 I art     : Explicit concurrent mark sweep GC freed 3(96B) AllocSpace objects, 0(0B) LOS objects, 38% free, 25MB/41MB, paused 188us total 22.847ms
08-06 11:49:34.757 28441 29230 I art     : Starting a blocking GC Explicit
08-06 11:49:34.780 28441 29230 I art     : Explicit concurrent mark sweep GC freed 3(96B) AllocSpace objects, 0(0B) LOS objects, 38% free, 25MB/41MB, paused 205us total 22.847ms
08-06 11:49:35.068 28441 28453 I art     : Starting a blocking GC Explicit
08-06 11:49:35.099 28441 28453 I art     : Explicit concurrent mark sweep GC freed 1346(79KB) AllocSpace objects, 1(20KB) LOS objects, 38% free, 25MB/41MB, paused 220us total 30.967ms
08-06 11:49:35.110 28441 28453 I art     : Starting a blocking GC Explicit
08-06 11:49:35.137 28441 28453 I art     : Explicit concurrent mark sweep GC freed 66(2528B) AllocSpace objects, 0(0B) LOS objects, 38% free, 25MB/41MB, paused 245us total 26.259ms
08-06 11:49:35.147 28441 28453 I art     : Starting a blocking GC Explicit
08-06 11:49:35.174 28441 28453 I art     : Explicit concurrent mark sweep GC freed 3(96B) AllocSpace objects, 0(0B) LOS objects, 38% free, 25MB/41MB, paused 220us total 26.428ms
08-06 11:49:35.184 28441 28453 I art     : Starting a blocking GC Explicit
08-06 11:49:35.193   518   646 I ThermalEngine: ACTION: GPU - Setting GPU[0] to 510000000
08-06 11:49:35.215 28441 28453 I art     : Explicit concurrent mark sweep GC freed 3(96B) AllocSpace objects, 0(0B) LOS objects, 38% free, 25MB/41MB, paused 261us total 30.817ms
08-06 11:49:35.229 28441 28453 I art     : Starting a blocking GC Explicit
08-06 11:49:35.260 28441 28453 I art     : Explicit concurrent mark sweep GC freed 3(96B) AllocSpace objects, 0(0B) LOS objects, 38% free, 25MB/41MB, paused 264us total 31.521ms
08-06 11:49:35.540 28441 28465 I art     : Starting a blocking GC Explicit
08-06 11:49:35.580 28441 28465 I art     : Explicit concurrent mark sweep GC freed 1346(79KB) AllocSpace objects, 1(20KB) LOS objects, 38% free, 25MB/41MB, paused 298us total 40.412ms
08-06 11:49:35.598 28441 28465 I art     : Starting a blocking GC Explicit
08-06 11:49:35.636 28441 28465 I art     : Explicit concurrent mark sweep GC freed 20(704B) AllocSpace objects, 0(0B) LOS objects, 38% free, 25MB/41MB, paused 263us total 37.584ms
08-06 11:49:35.650 28441 28465 I art     : Starting a blocking GC Explicit
08-06 11:49:35.683 28441 28465 I art     : Explicit concurrent mark sweep GC freed 3(96B) AllocSpace objects, 0(0B) LOS objects, 38% free, 25MB/41MB, paused 257us total 32.663ms
08-06 11:49:35.696 28441 28465 I art     : Starting a blocking GC Explicit
08-06 11:49:35.730 28441 28465 I art     : Explicit concurrent mark sweep GC freed 3(96B) AllocSpace objects, 0(0B) LOS objects, 38% free, 25MB/41MB, paused 263us total 33.049ms
08-06 11:49:35.744 28441 28465 I art     : Starting a blocking GC Explicit
08-06 11:49:35.777 28441 28465 I art     : Explicit concurrent mark sweep GC freed 3(96B) AllocSpace objects, 0(0B) LOS objects, 38% free, 25MB/41MB, paused 265us total 32.984ms
08-06 11:49:36.094 28441 28667 I art     : Starting a blocking GC Explicit
08-06 11:49:36.135 28441 28667 I art     : Explicit concurrent mark sweep GC freed 1346(79KB) AllocSpace objects, 1(20KB) LOS objects, 38% free, 25MB/41MB, paused 289us total 40.611ms
08-06 11:49:36.152 28441 28667 I art     : Starting a blocking GC Explicit
08-06 11:49:36.185 28441 28667 I art     : Explicit concurrent mark sweep GC freed 20(704B) AllocSpace objects, 0(0B) LOS objects, 38% free, 25MB/41MB, paused 269us total 33.275ms
08-06 11:49:36.199 28441 28667 I art     : Starting a blocking GC Explicit
08-06 11:49:36.233 28441 28667 I art     : Explicit concurrent mark sweep GC freed 3(96B) AllocSpace objects, 0(0B) LOS objects, 38% free, 25MB/41MB, paused 253us total 33.083ms
08-06 11:49:36.246 28441 28667 I art     : Starting a blocking GC Explicit
08-06 11:49:36.280 28441 28667 I art     : Explicit concurrent mark sweep GC freed 3(96B) AllocSpace objects, 0(0B) LOS objects, 38% free, 25MB/41MB, paused 267us total 33.009ms
08-06 11:49:36.294 28441 28667 I art     : Starting a blocking GC Explicit
08-06 11:49:36.327 28441 28667 I art     : Explicit concurrent mark sweep GC freed 3(96B) AllocSpace objects, 0(0B) LOS objects, 38% free, 25MB/41MB, paused 344us total 32.845ms
08-06 11:49:36.658 28441 28452 I art     : Starting a blocking GC Explicit
08-06 11:49:36.699 28441 28452 I art     : Explicit concurrent mark sweep GC freed 1346(79KB) AllocSpace objects, 1(20KB) LOS objects, 38% free, 25MB/41MB, paused 281us total 41.248ms
08-06 11:49:36.716 28441 28452 I art     : Starting a blocking GC Explicit
08-06 11:49:36.750 28441 28452 I art     : Explicit concurrent mark sweep GC freed 20(704B) AllocSpace objects, 0(0B) LOS objects, 38% free, 25MB/41MB, paused 259us total 33.524ms
08-06 11:49:36.764 28441 28452 I art     : Starting a blocking GC Explicit
08-06 11:49:36.797 28441 28452 I art     : Explicit concurrent mark sweep GC freed 3(96B) AllocSpace objects, 0(0B) LOS objects, 38% free, 25MB/41MB, paused 263us total 32.733ms
08-06 11:49:36.810 28441 28452 I art     : Starting a blocking GC Explicit
08-06 11:49:36.843 28441 28452 I art     : Explicit concurrent mark sweep GC freed 3(96B) AllocSpace objects, 0(0B) LOS objects, 38% free, 25MB/41MB, paused 277us total 32.659ms
08-06 11:49:36.857 28441 28452 I art     : Starting a blocking GC Explicit
08-06 11:49:36.890 28441 28452 I art     : Explicit concurrent mark sweep GC freed 3(96B) AllocSpace objects, 0(0B) LOS objects, 38% free, 25MB/41MB, paused 260us total 32.282ms
08-06 11:49:37.207 28441 29230 I art     : Starting a blocking GC Explicit
08-06 11:49:37.248 28441 29230 I art     : Explicit concurrent mark sweep GC freed 1351(80KB) AllocSpace objects, 1(20KB) LOS objects, 38% free, 25MB/41MB, paused 454us total 40.565ms
08-06 11:49:37.264 28441 29230 I art     : Starting a blocking GC Explicit
08-06 11:49:37.298 28441 29230 I art     : Explicit concurrent mark sweep GC freed 20(704B) AllocSpace objects, 0(0B) LOS objects, 38% free, 25MB/41MB, paused 290us total 33.195ms
08-06 11:49:37.311 28441 29230 I art     : Starting a blocking GC Explicit
08-06 11:49:37.344 28441 29230 I art     : Explicit concurrent mark sweep GC freed 3(96B) AllocSpace objects, 0(0B) LOS objects, 38% free, 25MB/41MB, paused 262us total 32.683ms
08-06 11:49:37.358 28441 29230 I art     : Starting a blocking GC Explicit
08-06 11:49:37.391 28441 29230 I art     : Explicit concurrent mark sweep GC freed 3(96B) AllocSpace objects, 0(0B) LOS objects, 38% free, 25MB/41MB, paused 257us total 32.766ms
08-06 11:49:37.405 28441 29230 I art     : Starting a blocking GC Explicit
08-06 11:49:37.439 28441 29230 I art     : Explicit concurrent mark sweep GC freed 3(96B) AllocSpace objects, 0(0B) LOS objects, 38% free, 25MB/41MB, paused 263us total 33.602ms
08-06 11:49:37.763 28441 28453 I art     : Starting a blocking GC Explicit
08-06 11:49:37.804 28441 28453 I art     : Explicit concurrent mark sweep GC freed 1347(79KB) AllocSpace objects, 1(20KB) LOS objects, 38% free, 25MB/41MB, paused 286us total 40.974ms
08-06 11:49:37.822 28441 28453 I art     : Starting a blocking GC Explicit
08-06 11:49:37.855 28441 28453 I art     : Explicit concurrent mark sweep GC freed 20(704B) AllocSpace objects, 0(0B) LOS objects, 38% free, 25MB/41MB, paused 264us total 32.960ms
08-06 11:49:37.869 28441 28453 I art     : Starting a blocking GC Explicit
08-06 11:49:37.902 28441 28453 I art     : Explicit concurrent mark sweep GC freed 3(96B) AllocSpace objects, 0(0B) LOS objects, 38% free, 25MB/41MB, paused 263us total 32.984ms
08-06 11:49:37.916 28441 28453 I art     : Starting a blocking GC Explicit
08-06 11:49:37.949 28441 28453 I art     : Explicit concurrent mark sweep GC freed 3(96B) AllocSpace objects, 0(0B) LOS objects, 38% free, 25MB/41MB, paused 270us total 32.526ms
08-06 11:49:37.963 28441 28453 I art     : Starting a blocking GC Explicit
08-06 11:49:37.996 28441 28453 I art     : Explicit concurrent mark sweep GC freed 3(96B) AllocSpace objects, 0(0B) LOS objects, 38% free, 25MB/41MB, paused 274us total 33.108ms
08-06 11:49:38.289 28441 28465 I art     : Starting a blocking GC Explicit
08-06 11:49:38.322 28441 28465 I art     : Explicit concurrent mark sweep GC freed 1346(79KB) AllocSpace objects, 1(20KB) LOS objects, 38% free, 25MB/41MB, paused 266us total 32.938ms
08-06 11:49:38.335 28441 28465 I art     : Starting a blocking GC Explicit
08-06 11:49:38.368 28441 28465 I art     : Explicit concurrent mark sweep GC freed 20(704B) AllocSpace objects, 0(0B) LOS objects, 38% free, 25MB/41MB, paused 281us total 31.946ms
08-06 11:49:38.381 28441 28465 I art     : Starting a blocking GC Explicit
08-06 11:49:38.412 28441 28465 I art     : Explicit concurrent mark sweep GC freed 3(96B) AllocSpace objects, 0(0B) LOS objects, 38% free, 25MB/41MB, paused 256us total 30.651ms
08-06 11:49:38.425 28441 28465 I art     : Starting a blocking GC Explicit
08-06 11:49:38.455 28441 28465 I art     : Explicit concurrent mark sweep GC freed 3(96B) AllocSpace objects, 0(0B) LOS objects, 38% free, 25MB/41MB, paused 252us total 30.649ms
08-06 11:49:38.469 28441 28465 I art     : Starting a blocking GC Explicit
08-06 11:49:38.501 28441 28465 I art     : Explicit concurrent mark sweep GC freed 3(96B) AllocSpace objects, 0(0B) LOS objects, 38% free, 25MB/41MB, paused 261us total 31.906ms
08-06 11:49:38.612 29363 29363 D AndroidRuntime: >>>>>> START com.android.internal.os.RuntimeInit uid 2000 <<<<<<
08-06 11:49:38.618 29363 29363 D AndroidRuntime: CheckJNI is OFF
08-06 11:49:38.655 29363 29363 D ICU     : No timezone override file found: /data/misc/zoneinfo/current/icu/icu_tzdata.dat
08-06 11:49:38.690 29363 29363 I Radio-JNI: register_android_hardware_Radio DONE
08-06 11:49:38.711 29363 29363 D AndroidRuntime: Calling main entry com.android.commands.input.Input
08-06 11:49:38.713 29363 29363 I Input   : injectKeyEvent: KeyEvent { action=ACTION_DOWN, keyCode=KEYCODE_BACK, scanCode=0, metaState=0, flags=0x0, repeatCount=0, eventTime=877795126, downTime=877795126, deviceId=-1, source=0x101 }
08-06 11:49:38.720 29363 29363 I Input   : injectKeyEvent: KeyEvent { action=ACTION_UP, keyCode=KEYCODE_BACK, scanCode=0, metaState=0, flags=0x0, repeatCount=0, eventTime=877795126, downTime=877795126, deviceId=-1, source=0x101 }
08-06 11:49:38.726 29363 29363 D AndroidRuntime: Shutting down VM
08-06 11:49:38.767 13866 13866 I GoogleInputMethodServic: GoogleInputMethodService.onFinishInput():3138 
08-06 11:49:38.768 13866 13866 I GoogleInputMethodServic: GoogleInputMethodService.onStartInput():1808 
08-06 11:49:38.791 28441 28667 I art     : Starting a blocking GC Explicit
08-06 11:49:38.825 28441 28667 I art     : Explicit concurrent mark sweep GC freed 1588(88KB) AllocSpace objects, 1(20KB) LOS objects, 38% free, 25MB/41MB, paused 327us total 34.038ms
08-06 11:49:38.837 28441 28667 I art     : Starting a blocking GC Explicit
08-06 11:49:38.863 28441 28667 I art     : Explicit concurrent mark sweep GC freed 28(1008B) AllocSpace objects, 0(0B) LOS objects, 38% free, 25MB/41MB, paused 222us total 25.725ms
08-06 11:49:38.876 28441 28667 I art     : Starting a blocking GC Explicit
08-06 11:49:38.908 28441 28667 I art     : Explicit concurrent mark sweep GC freed 3(96B) AllocSpace objects, 0(0B) LOS objects, 38% free, 25MB/41MB, paused 225us total 32.085ms
08-06 11:49:38.925 28441 28667 I art     : Starting a blocking GC Explicit
08-06 11:49:38.959 28441 28667 I art     : Explicit concurrent mark sweep GC freed 3(96B) AllocSpace objects, 0(0B) LOS objects, 38% free, 25MB/41MB, paused 227us total 33.717ms
08-06 11:49:38.967 28441 29275 I RedditChangeDataIO: Writing tmp data file at '/data/user/0/baseline.org.quantumbadger.redreader/files/rr_change_data_tmp.dat'
08-06 11:49:38.968 28441 29275 I RedditChangeDataManager: Taking snapshot...
08-06 11:49:38.969 28441 29275 I RedditChangeDataManager: Writing to stream...
08-06 11:49:38.969 28441 29275 I RedditChangeDataManager: Wrote 2 entries for user ''
08-06 11:49:38.969 28441 29275 I RedditChangeDataManager: All entries written to stream.
08-06 11:49:38.969 28441 29275 I RedditChangeDataIO: Write successful. Atomically replacing data file...
08-06 11:49:38.969 28441 29275 I RedditChangeDataIO: Write complete.
08-06 11:49:38.969 28441 29275 I RedditChangeDataIO: 62 bytes written in 2 ms
08-06 11:49:38.976 28441 28667 I art     : Starting a blocking GC Explicit
08-06 11:49:39.016 28441 28667 I art     : Explicit concurrent mark sweep GC freed 79(4KB) AllocSpace objects, 1(68KB) LOS objects, 38% free, 25MB/41MB, paused 359us total 39.573ms
08-06 11:49:39.075   380   380 W SurfaceFlinger: couldn't log to binary event log: overflow.
08-06 11:49:39.201   518   646 I ThermalEngine: ACTION: GPU - Setting GPU[0] to 600000000
08-06 11:49:39.290 28441 28667 I art     : Starting a blocking GC Explicit
08-06 11:49:39.324 28441 28667 I art     : Explicit concurrent mark sweep GC freed 1430(82KB) AllocSpace objects, 1(20KB) LOS objects, 38% free, 25MB/41MB, paused 224us total 34.648ms
08-06 11:49:39.337 28441 28667 I art     : Starting a blocking GC Explicit
08-06 11:49:39.363 28441 28667 I art     : Explicit concurrent mark sweep GC freed 3866(311KB) AllocSpace objects, 5(140KB) LOS objects, 39% free, 24MB/40MB, paused 173us total 25.333ms
08-06 11:49:39.374 28441 28667 I art     : Starting a blocking GC Explicit
08-06 11:49:39.398 28441 28667 I art     : Explicit concurrent mark sweep GC freed 3(96B) AllocSpace objects, 0(0B) LOS objects, 39% free, 24MB/40MB, paused 172us total 23.946ms
08-06 11:49:39.408 28441 28667 I art     : Starting a blocking GC Explicit
08-06 11:49:39.433 28441 28667 I art     : Explicit concurrent mark sweep GC freed 3(96B) AllocSpace objects, 0(0B) LOS objects, 39% free, 24MB/40MB, paused 169us total 24.484ms
08-06 11:49:39.443 28441 28667 I art     : Starting a blocking GC Explicit
08-06 11:49:39.468 28441 28667 I art     : Explicit concurrent mark sweep GC freed 3(96B) AllocSpace objects, 0(0B) LOS objects, 39% free, 24MB/40MB, paused 177us total 24.721ms
08-06 11:49:39.757 28441 29230 I art     : Starting a blocking GC Explicit
08-06 11:49:39.791 28441 29230 I art     : Explicit concurrent mark sweep GC freed 1346(79KB) AllocSpace objects, 1(20KB) LOS objects, 39% free, 24MB/40MB, paused 196us total 33.894ms
08-06 11:49:39.804 28441 29230 I art     : Starting a blocking GC Explicit
08-06 11:49:39.830 28441 29230 I art     : Explicit concurrent mark sweep GC freed 20(704B) AllocSpace objects, 0(0B) LOS objects, 39% free, 24MB/40MB, paused 172us total 25.950ms
08-06 11:49:39.840 28441 29230 I art     : Starting a blocking GC Explicit
08-06 11:49:39.864 28441 29230 I art     : Explicit concurrent mark sweep GC freed 3(96B) AllocSpace objects, 0(0B) LOS objects, 39% free, 24MB/40MB, paused 163us total 24.001ms
08-06 11:49:39.874 28441 29230 I art     : Starting a blocking GC Explicit
08-06 11:49:39.899 28441 29230 I art     : Explicit concurrent mark sweep GC freed 3(96B) AllocSpace objects, 0(0B) LOS objects, 39% free, 24MB/40MB, paused 155us total 24.627ms
08-06 11:49:39.909 28441 29230 I art     : Starting a blocking GC Explicit
08-06 11:49:39.934 28441 29230 I art     : Explicit concurrent mark sweep GC freed 3(96B) AllocSpace objects, 0(0B) LOS objects, 39% free, 24MB/40MB, paused 162us total 24.288ms
08-06 11:49:40.196 28441 28452 I art     : Starting a blocking GC Explicit
08-06 11:49:40.221 28441 28452 I art     : Explicit concurrent mark sweep GC freed 1346(79KB) AllocSpace objects, 1(20KB) LOS objects, 39% free, 24MB/40MB, paused 173us total 25.347ms
08-06 11:49:40.232 28441 28452 I art     : Starting a blocking GC Explicit
08-06 11:49:40.255 28441 28452 I art     : Explicit concurrent mark sweep GC freed 20(704B) AllocSpace objects, 0(0B) LOS objects, 39% free, 24MB/40MB, paused 170us total 23.444ms
08-06 11:49:40.266 28441 28452 I art     : Starting a blocking GC Explicit
08-06 11:49:40.267 29414 29414 D AndroidRuntime: >>>>>> START com.android.internal.os.RuntimeInit uid 2000 <<<<<<
08-06 11:49:40.271 29414 29414 D AndroidRuntime: CheckJNI is OFF
08-06 11:49:40.287 28441 28452 I art     : Explicit concurrent mark sweep GC freed 3(96B) AllocSpace objects, 0(0B) LOS objects, 39% free, 24MB/40MB, paused 161us total 21.475ms
08-06 11:49:40.297 28441 28452 I art     : Starting a blocking GC Explicit
08-06 11:49:40.298 29414 29414 D ICU     : No timezone override file found: /data/misc/zoneinfo/current/icu/icu_tzdata.dat
08-06 11:49:40.318 28441 28452 I art     : Explicit concurrent mark sweep GC freed 3(96B) AllocSpace objects, 0(0B) LOS objects, 39% free, 24MB/40MB, paused 172us total 21.547ms
08-06 11:49:40.322 29414 29414 I Radio-JNI: register_android_hardware_Radio DONE
08-06 11:49:40.328 28441 28452 I art     : Starting a blocking GC Explicit
08-06 11:49:40.338 29414 29414 D AndroidRuntime: Calling main entry com.android.commands.input.Input
08-06 11:49:40.340 29414 29414 I Input   : injectMotionEvent: MotionEvent { action=ACTION_DOWN, actionButton=0, id[0]=0, x[0]=600.0, y[0]=1200.0, toolType[0]=TOOL_TYPE_UNKNOWN, buttonState=0, metaState=0, flags=0x0, edgeFlags=0x0, pointerCount=1, historySize=0, eventTime=877796752, downTime=877796752, deviceId=0, source=0x1002 }
08-06 11:49:40.345 29414 29414 I Input   : injectMotionEvent: MotionEvent { action=ACTION_UP, actionButton=0, id[0]=0, x[0]=600.0, y[0]=1200.0, toolType[0]=TOOL_TYPE_UNKNOWN, buttonState=0, metaState=0, flags=0x0, edgeFlags=0x0, pointerCount=1, historySize=0, eventTime=877796752, downTime=877796752, deviceId=0, source=0x1002 }
08-06 11:49:40.346 29414 29414 D AndroidRuntime: Shutting down VM
08-06 11:49:40.350 28441 28452 I art     : Explicit concurrent mark sweep GC freed 8(272B) AllocSpace objects, 0(0B) LOS objects, 39% free, 24MB/40MB, paused 180us total 21.895ms
08-06 11:49:40.366   512  2967 D audio_hw_primary: out_set_parameters: enter: usecase(1: low-latency-playback) kvpairs: routing=2
08-06 11:49:40.366   918  4400 I ActivityManager: START u0 {dat=https://oauth.reddit.com/... cmp=baseline.org.quantumbadger.redreader/.activities.CommentListingActivity} from uid 10705 on display 0
08-06 11:49:40.378   512  2967 D audio_hw_primary: select_devices: out_snd_device(2: speaker) in_snd_device(0: none)
08-06 11:49:40.378   512  2967 D msm8974_platform: platform_send_audio_calibration: sending audio calibration for snd_device(2) acdb_id(15)
08-06 11:49:40.379   512  2967 I soundtrigger: audio_extn_sound_trigger_update_device_status: device 0x2 of type 0 for Event 1
08-06 11:49:40.386 28441 28441 I AppCompatViewInflater: app:theme is now deprecated. Please move to using android:theme instead.
08-06 11:49:40.389   512  2967 D audio_hw_primary: enable_snd_device: snd_device(2: speaker)
08-06 11:49:40.391   512  2967 D audio_hw_primary: enable_audio_route: apply and update mixer path: low-latency-playback speaker
08-06 11:49:40.400 28441 29439 D OK      : calling: https://oauth.reddit.com/comments/hza888/.json?sort=confidence
08-06 11:49:40.477   918   936 I ActivityManager: Displayed baseline.org.quantumbadger.redreader/.activities.CommentListingActivity: +104ms
08-06 11:49:40.478 13866 13866 I GoogleInputMethodServic: GoogleInputMethodService.onFinishInput():3138 
08-06 11:49:40.480 13866 13866 I GoogleInputMethodServic: GoogleInputMethodService.onStartInput():1808 
08-06 11:49:40.593 28441 28453 I art     : Starting a blocking GC Explicit
08-06 11:49:40.617 28441 28453 I art     : Explicit concurrent mark sweep GC freed 6265(330KB) AllocSpace objects, 1(20KB) LOS objects, 38% free, 25MB/41MB, paused 221us total 23.698ms
08-06 11:49:40.626 28441 28453 I art     : Starting a blocking GC Explicit
08-06 11:49:40.649 28441 28453 I art     : Explicit concurrent mark sweep GC freed 579(27KB) AllocSpace objects, 0(0B) LOS objects, 39% free, 25MB/41MB, paused 210us total 22.293ms
08-06 11:49:40.658 28441 28453 I art     : Starting a blocking GC Explicit
08-06 11:49:40.681 28441 28453 I art     : Explicit concurrent mark sweep GC freed 23(1104B) AllocSpace objects, 0(0B) LOS objects, 39% free, 25MB/41MB, paused 207us total 22.414ms
08-06 11:49:40.690 28441 28453 I art     : Starting a blocking GC Explicit
08-06 11:49:40.712 28441 28453 I art     : Explicit concurrent mark sweep GC freed 9(336B) AllocSpace objects, 0(0B) LOS objects, 39% free, 25MB/41MB, paused 204us total 21.987ms
08-06 11:49:40.723 28441 28453 I art     : Starting a blocking GC Explicit
08-06 11:49:40.728   380   380 W SurfaceFlinger: couldn't log to binary event log: overflow.
08-06 11:49:40.746 28441 28453 I art     : Explicit concurrent mark sweep GC freed 3(96B) AllocSpace objects, 0(0B) LOS objects, 39% free, 25MB/41MB, paused 210us total 22.540ms
08-06 11:49:40.759 28441 29439 I NAPPA_EXPERIMENTATION: MetricNetworkRequestExecutionTime: REQUEST_DURATION_SYSTEM='359',REQUEST_DURATION_OKHTTP='148',REQUEST_SYNCHRONOUS='TRUE',RESPONSE_CODE='200',RESPONSE_METHOD='GET',RESPONSE_LENGTH_OKHTTP='-1',RESPONSE_LENGTH_HEADER='21928',REQUEST_PROTOCOL='h2',REQUEST_URL='https://oauth.reddit.com/comments/hza888/.json?sort=confidence',
08-06 11:49:40.759 28441 29439 D OK      : request got status: 200
08-06 11:49:40.780 28441 29005 I CommentListingActivity: COMMENTS session changed to a1567d0e-b660-424f-b153-615152fc907e
08-06 11:49:40.928   512  2967 D audio_hw_primary: disable_audio_route: reset and update mixer path: low-latency-playback speaker
08-06 11:49:40.929   512  2967 D audio_hw_primary: disable_snd_device: snd_device(2: speaker)
08-06 11:49:40.937   512  2967 I soundtrigger: audio_extn_sound_trigger_update_device_status: device 0x2 of type 0 for Event 0
08-06 11:49:40.993 28441 28453 I art     : Starting a blocking GC Explicit
08-06 11:49:41.030 28441 28453 I art     : Explicit concurrent mark sweep GC freed 19495(1154KB) AllocSpace objects, 3(156KB) LOS objects, 37% free, 26MB/42MB, paused 215us total 36.575ms
08-06 11:49:41.041 28441 28453 I art     : Starting a blocking GC Explicit
08-06 11:49:41.050   918  3261 D WifiStateMachine: starting scan for "H369AA63323"WPA_PSK with 2412,5180
08-06 11:49:41.068 28441 28453 I art     : Explicit concurrent mark sweep GC freed 146(6KB) AllocSpace objects, 0(0B) LOS objects, 37% free, 26MB/42MB, paused 166us total 27.387ms
08-06 11:49:41.079 28441 28453 I art     : Starting a blocking GC Explicit
08-06 11:49:41.106 28441 28453 I art     : Explicit concurrent mark sweep GC freed 3(96B) AllocSpace objects, 0(0B) LOS objects, 37% free, 26MB/42MB, paused 193us total 26.551ms
08-06 11:49:41.116 28441 28453 I art     : Starting a blocking GC Explicit
08-06 11:49:41.143 28441 28453 I art     : Explicit concurrent mark sweep GC freed 3(96B) AllocSpace objects, 0(0B) LOS objects, 37% free, 26MB/42MB, paused 209us total 27.186ms
08-06 11:49:41.143 28441 28451 I art     : WaitForGcToComplete blocked for 8.229ms for cause HeapTrim
08-06 11:49:41.153 28441 28453 I art     : Starting a blocking GC Explicit
08-06 11:49:41.180 28441 28453 I art     : Explicit concurrent mark sweep GC freed 3(96B) AllocSpace objects, 0(0B) LOS objects, 37% free, 26MB/42MB, paused 162us total 26.584ms
08-06 11:49:41.209   518   646 I ThermalEngine: ACTION: GPU - Setting GPU[0] to 510000000
08-06 11:49:41.466 28441 28465 I art     : Starting a blocking GC Explicit
08-06 11:49:41.507 28441 28465 I art     : Explicit concurrent mark sweep GC freed 1346(80KB) AllocSpace objects, 1(20KB) LOS objects, 37% free, 26MB/42MB, paused 294us total 41.545ms
08-06 11:49:41.522 28441 28465 I art     : Starting a blocking GC Explicit
08-06 11:49:41.560 28441 28465 I art     : Explicit concurrent mark sweep GC freed 66(2528B) AllocSpace objects, 0(0B) LOS objects, 37% free, 26MB/42MB, paused 268us total 37.887ms
08-06 11:49:41.575 28441 28465 I art     : Starting a blocking GC Explicit
08-06 11:49:41.614 28441 28465 I art     : Explicit concurrent mark sweep GC freed 3(96B) AllocSpace objects, 0(0B) LOS objects, 37% free, 26MB/42MB, paused 263us total 38.911ms
08-06 11:49:41.628 28441 28465 I art     : Starting a blocking GC Explicit
08-06 11:49:41.667 28441 28465 I art     : Explicit concurrent mark sweep GC freed 3(96B) AllocSpace objects, 0(0B) LOS objects, 37% free, 26MB/42MB, paused 299us total 38.848ms
08-06 11:49:41.682 28441 28465 I art     : Starting a blocking GC Explicit
08-06 11:49:41.721 28441 28465 I art     : Explicit concurrent mark sweep GC freed 3(96B) AllocSpace objects, 0(0B) LOS objects, 37% free, 26MB/42MB, paused 257us total 38.416ms
08-06 11:49:42.012 28441 28667 I art     : Starting a blocking GC Explicit
08-06 11:49:42.060 28441 28667 I art     : Explicit concurrent mark sweep GC freed 1346(80KB) AllocSpace objects, 1(20KB) LOS objects, 37% free, 26MB/42MB, paused 293us total 47.845ms
08-06 11:49:42.078 28441 28667 I art     : Starting a blocking GC Explicit
08-06 11:49:42.117 28441 28667 I art     : Explicit concurrent mark sweep GC freed 20(704B) AllocSpace objects, 0(0B) LOS objects, 37% free, 26MB/42MB, paused 271us total 38.175ms
08-06 11:49:42.131 28441 28667 I art     : Starting a blocking GC Explicit
08-06 11:49:42.168 28441 28667 I art     : Explicit concurrent mark sweep GC freed 3(96B) AllocSpace objects, 0(0B) LOS objects, 37% free, 26MB/42MB, paused 264us total 36.982ms
08-06 11:49:42.182 28441 28667 I art     : Starting a blocking GC Explicit
08-06 11:49:42.220 28441 28667 I art     : Explicit concurrent mark sweep GC freed 3(96B) AllocSpace objects, 0(0B) LOS objects, 37% free, 26MB/42MB, paused 272us total 37.500ms
08-06 11:49:42.234 28441 28667 I art     : Starting a blocking GC Explicit
08-06 11:49:42.272 28441 28667 I art     : Explicit concurrent mark sweep GC freed 3(96B) AllocSpace objects, 0(0B) LOS objects, 37% free, 26MB/42MB, paused 257us total 38.067ms
08-06 11:49:42.604 28441 28452 I art     : Starting a blocking GC Explicit
08-06 11:49:42.645 28441 28452 I art     : Explicit concurrent mark sweep GC freed 1346(80KB) AllocSpace objects, 1(20KB) LOS objects, 37% free, 26MB/42MB, paused 263us total 40.829ms
08-06 11:49:42.659 28441 28452 I art     : Starting a blocking GC Explicit
08-06 11:49:42.694 28441 28452 I art     : Explicit concurrent mark sweep GC freed 20(704B) AllocSpace objects, 0(0B) LOS objects, 37% free, 26MB/42MB, paused 247us total 34.191ms
08-06 11:49:42.708 28441 28452 I art     : Starting a blocking GC Explicit
08-06 11:49:42.733 25566 25566 I ServiceManager: Waiting for service AtCmdFwd...
08-06 11:49:42.744 28441 28452 I art     : Explicit concurrent mark sweep GC freed 3(96B) AllocSpace objects, 0(0B) LOS objects, 37% free, 26MB/42MB, paused 246us total 35.495ms
08-06 11:49:42.757 28441 28452 I art     : Starting a blocking GC Explicit
08-06 11:49:42.793 28441 28452 I art     : Explicit concurrent mark sweep GC freed 3(96B) AllocSpace objects, 0(0B) LOS objects, 37% free, 26MB/42MB, paused 254us total 35.548ms
08-06 11:49:42.807 28441 28452 I art     : Starting a blocking GC Explicit
08-06 11:49:42.843 28441 28452 I art     : Explicit concurrent mark sweep GC freed 3(96B) AllocSpace objects, 0(0B) LOS objects, 37% free, 26MB/42MB, paused 253us total 35.636ms
08-06 11:49:43.001 29493 29493 D AndroidRuntime: >>>>>> START com.android.internal.os.RuntimeInit uid 2000 <<<<<<
08-06 11:49:43.008 29493 29493 D AndroidRuntime: CheckJNI is OFF
08-06 11:49:43.041 29493 29493 D ICU     : No timezone override file found: /data/misc/zoneinfo/current/icu/icu_tzdata.dat
08-06 11:49:43.073 29493 29493 I Radio-JNI: register_android_hardware_Radio DONE
08-06 11:49:43.094 29493 29493 D AndroidRuntime: Calling main entry com.android.commands.input.Input
08-06 11:49:43.096 29493 29493 I Input   : injectKeyEvent: KeyEvent { action=ACTION_DOWN, keyCode=KEYCODE_BACK, scanCode=0, metaState=0, flags=0x0, repeatCount=0, eventTime=877799509, downTime=877799509, deviceId=-1, source=0x101 }
08-06 11:49:43.102 29493 29493 I Input   : injectKeyEvent: KeyEvent { action=ACTION_UP, keyCode=KEYCODE_BACK, scanCode=0, metaState=0, flags=0x0, repeatCount=0, eventTime=877799509, downTime=877799509, deviceId=-1, source=0x101 }
08-06 11:49:43.113 29493 29493 D AndroidRuntime: Shutting down VM
08-06 11:49:43.147 28441 29230 I art     : Starting a blocking GC Explicit
08-06 11:49:43.154 13866 13866 I GoogleInputMethodServic: GoogleInputMethodService.onFinishInput():3138 
08-06 11:49:43.155 13866 13866 I GoogleInputMethodServic: GoogleInputMethodService.onStartInput():1808 
08-06 11:49:43.184 28441 29230 I art     : Explicit concurrent mark sweep GC freed 1561(88KB) AllocSpace objects, 1(20KB) LOS objects, 37% free, 26MB/42MB, paused 276us total 36.620ms
08-06 11:49:43.199 28441 29230 I art     : Starting a blocking GC Explicit
08-06 11:49:43.233 28441 29230 I art     : Explicit concurrent mark sweep GC freed 51(1712B) AllocSpace objects, 0(0B) LOS objects, 37% free, 26MB/42MB, paused 289us total 34.037ms
08-06 11:49:43.246 28441 29230 I art     : Starting a blocking GC Explicit
08-06 11:49:43.279 28441 29230 I art     : Explicit concurrent mark sweep GC freed 15(496B) AllocSpace objects, 0(0B) LOS objects, 37% free, 26MB/42MB, paused 246us total 32.557ms
08-06 11:49:43.295 28441 29230 I art     : Starting a blocking GC Explicit
08-06 11:49:43.335 28441 29230 I art     : Explicit concurrent mark sweep GC freed 3(96B) AllocSpace objects, 0(0B) LOS objects, 37% free, 26MB/42MB, paused 320us total 39.590ms
08-06 11:49:43.353 28441 29230 I art     : Starting a blocking GC Explicit
08-06 11:49:43.398 28441 29230 I art     : Explicit concurrent mark sweep GC freed 3(96B) AllocSpace objects, 0(0B) LOS objects, 37% free, 26MB/42MB, paused 233us total 44.645ms
08-06 11:49:43.480   380   380 W SurfaceFlinger: couldn't log to binary event log: overflow.
08-06 11:49:43.678 28441 29230 I art     : Starting a blocking GC Explicit
08-06 11:49:43.725 28441 29230 I art     : Explicit concurrent mark sweep GC freed 1399(82KB) AllocSpace objects, 1(20KB) LOS objects, 37% free, 26MB/42MB, paused 319us total 46.939ms
08-06 11:49:43.734 25566 25566 I ServiceManager: Waiting for service AtCmdFwd...
08-06 11:49:43.747 28441 29230 I art     : Starting a blocking GC Explicit
08-06 11:49:43.781 28441 29230 I art     : Explicit concurrent mark sweep GC freed 22993(1247KB) AllocSpace objects, 5(164KB) LOS objects, 39% free, 24MB/40MB, paused 257us total 33.712ms
08-06 11:49:43.795 28441 29230 I art     : Starting a blocking GC Explicit
08-06 11:49:43.825 28441 29230 I art     : Explicit concurrent mark sweep GC freed 3(96B) AllocSpace objects, 0(0B) LOS objects, 39% free, 24MB/40MB, paused 264us total 30.078ms
08-06 11:49:43.839 28441 29230 I art     : Starting a blocking GC Explicit
08-06 11:49:43.870 28441 29230 I art     : Explicit concurrent mark sweep GC freed 3(96B) AllocSpace objects, 0(0B) LOS objects, 39% free, 24MB/40MB, paused 269us total 30.838ms
08-06 11:49:43.883 28441 29230 I art     : Starting a blocking GC Explicit
08-06 11:49:43.915 28441 29230 I art     : Explicit concurrent mark sweep GC freed 3(96B) AllocSpace objects, 0(0B) LOS objects, 39% free, 24MB/40MB, paused 257us total 31.865ms
08-06 11:49:44.193 28441 28465 I art     : Starting a blocking GC Explicit
08-06 11:49:44.231 28441 28465 I art     : Explicit concurrent mark sweep GC freed 1350(80KB) AllocSpace objects, 1(20KB) LOS objects, 39% free, 24MB/40MB, paused 292us total 37.440ms
08-06 11:49:44.245 28441 28465 I art     : Starting a blocking GC Explicit
08-06 11:49:44.277 28441 28465 I art     : Explicit concurrent mark sweep GC freed 20(704B) AllocSpace objects, 0(0B) LOS objects, 39% free, 24MB/40MB, paused 260us total 31.340ms
08-06 11:49:44.290 28441 28465 I art     : Starting a blocking GC Explicit
08-06 11:49:44.321 28441 28465 I art     : Explicit concurrent mark sweep GC freed 3(96B) AllocSpace objects, 0(0B) LOS objects, 39% free, 24MB/40MB, paused 261us total 31.013ms
08-06 11:49:44.335 28441 28465 I art     : Starting a blocking GC Explicit
08-06 11:49:44.365 28441 28465 I art     : Explicit concurrent mark sweep GC freed 3(96B) AllocSpace objects, 0(0B) LOS objects, 39% free, 24MB/40MB, paused 274us total 29.499ms
08-06 11:49:44.378 28441 28465 I art     : Starting a blocking GC Explicit
08-06 11:49:44.406 28441 28465 I art     : Explicit concurrent mark sweep GC freed 3(96B) AllocSpace objects, 0(0B) LOS objects, 39% free, 24MB/40MB, paused 268us total 28.116ms
08-06 11:49:44.685 28441 28453 I art     : Starting a blocking GC Explicit
08-06 11:49:44.716 28441 28453 I art     : Explicit concurrent mark sweep GC freed 1347(80KB) AllocSpace objects, 1(20KB) LOS objects, 39% free, 24MB/40MB, paused 277us total 30.816ms
08-06 11:49:44.730 28441 28453 I art     : Starting a blocking GC Explicit
08-06 11:49:44.734 25566 25566 I ServiceManager: Waiting for service AtCmdFwd...
08-06 11:49:44.758 29547 29547 D AndroidRuntime: >>>>>> START com.android.internal.os.RuntimeInit uid 2000 <<<<<<
08-06 11:49:44.759 28441 28453 I art     : Explicit concurrent mark sweep GC freed 20(704B) AllocSpace objects, 0(0B) LOS objects, 39% free, 24MB/40MB, paused 291us total 29.268ms
08-06 11:49:44.763 29547 29547 D AndroidRuntime: CheckJNI is OFF
08-06 11:49:44.772 28441 28453 I art     : Starting a blocking GC Explicit
08-06 11:49:44.798 29547 29547 D ICU     : No timezone override file found: /data/misc/zoneinfo/current/icu/icu_tzdata.dat
08-06 11:49:44.802 28441 28453 I art     : Explicit concurrent mark sweep GC freed 3(96B) AllocSpace objects, 0(0B) LOS objects, 39% free, 24MB/40MB, paused 265us total 29.141ms
08-06 11:49:44.815 28441 28453 I art     : Starting a blocking GC Explicit
08-06 11:49:44.834 29547 29547 I Radio-JNI: register_android_hardware_Radio DONE
08-06 11:49:44.844 28441 28453 I art     : Explicit concurrent mark sweep GC freed 3(96B) AllocSpace objects, 0(0B) LOS objects, 39% free, 24MB/40MB, paused 268us total 28.945ms
08-06 11:49:44.856 29547 29547 D AndroidRuntime: Calling main entry com.android.commands.input.Input
08-06 11:49:44.856 28441 28453 I art     : Starting a blocking GC Explicit
08-06 11:49:44.859 29547 29547 I Input   : injectMotionEvent: MotionEvent { action=ACTION_DOWN, actionButton=0, id[0]=0, x[0]=600.0, y[0]=950.0, toolType[0]=TOOL_TYPE_UNKNOWN, buttonState=0, metaState=0, flags=0x0, edgeFlags=0x0, pointerCount=1, historySize=0, eventTime=877801271, downTime=877801271, deviceId=0, source=0x1002 }
08-06 11:49:44.864 29547 29547 I Input   : injectMotionEvent: MotionEvent { action=ACTION_UP, actionButton=0, id[0]=0, x[0]=600.0, y[0]=950.0, toolType[0]=TOOL_TYPE_UNKNOWN, buttonState=0, metaState=0, flags=0x0, edgeFlags=0x0, pointerCount=1, historySize=0, eventTime=877801271, downTime=877801271, deviceId=0, source=0x1002 }
08-06 11:49:44.865 29547 29547 D AndroidRuntime: Shutting down VM
08-06 11:49:44.871   512  2967 D audio_hw_primary: out_set_parameters: enter: usecase(1: low-latency-playback) kvpairs: routing=2
08-06 11:49:44.873   918  6112 I ActivityManager: START u0 {dat=https://oauth.reddit.com/... cmp=baseline.org.quantumbadger.redreader/.activities.CommentListingActivity} from uid 10705 on display 0
08-06 11:49:44.884   512  2967 D audio_hw_primary: select_devices: out_snd_device(2: speaker) in_snd_device(0: none)
08-06 11:49:44.884   512  2967 D msm8974_platform: platform_send_audio_calibration: sending audio calibration for snd_device(2) acdb_id(15)
08-06 11:49:44.885   512  2967 I soundtrigger: audio_extn_sound_trigger_update_device_status: device 0x2 of type 0 for Event 1
08-06 11:49:44.887 28441 28453 I art     : Explicit concurrent mark sweep GC freed 305(12KB) AllocSpace objects, 0(0B) LOS objects, 39% free, 24MB/40MB, paused 762us total 30.406ms
08-06 11:49:44.897   512  2967 D audio_hw_primary: enable_snd_device: snd_device(2: speaker)
08-06 11:49:44.897 28441 28441 I AppCompatViewInflater: app:theme is now deprecated. Please move to using android:theme instead.
08-06 11:49:44.899   512  2967 D audio_hw_primary: enable_audio_route: apply and update mixer path: low-latency-playback speaker
08-06 11:49:44.914 28441 29005 I CommentListingActivity: COMMENTS session changed to 3484d300-be76-4be8-9c9f-05f66750427e
08-06 11:49:45.030   918   936 I ActivityManager: Displayed baseline.org.quantumbadger.redreader/.activities.CommentListingActivity: +150ms
08-06 11:49:45.030 13866 13866 I GoogleInputMethodServic: GoogleInputMethodService.onFinishInput():3138 
08-06 11:49:45.032 13866 13866 I GoogleInputMethodServic: GoogleInputMethodService.onStartInput():1808 
08-06 11:49:45.141 28441 28465 I art     : Starting a blocking GC Explicit
08-06 11:49:45.180 28441 28465 I art     : Explicit concurrent mark sweep GC freed 7833(557KB) AllocSpace objects, 3(52KB) LOS objects, 38% free, 25MB/41MB, paused 280us total 37.826ms
08-06 11:49:45.197 28441 28465 I art     : Starting a blocking GC Explicit
08-06 11:49:45.238 28441 28465 I art     : Explicit concurrent mark sweep GC freed 462(22KB) AllocSpace objects, 0(0B) LOS objects, 38% free, 25MB/41MB, paused 537us total 39.802ms
08-06 11:49:45.254 28441 28465 I art     : Starting a blocking GC Explicit
08-06 11:49:45.267   380   380 W SurfaceFlinger: couldn't log to binary event log: overflow.
08-06 11:49:45.288 28441 28465 I art     : Explicit concurrent mark sweep GC freed 3(96B) AllocSpace objects, 0(0B) LOS objects, 38% free, 25MB/41MB, paused 232us total 34.243ms
08-06 11:49:45.301 28441 28465 I art     : Starting a blocking GC Explicit
08-06 11:49:45.328 28441 28465 I art     : Explicit concurrent mark sweep GC freed 3(96B) AllocSpace objects, 0(0B) LOS objects, 38% free, 25MB/41MB, paused 744us total 26.997ms
08-06 11:49:45.340 28441 28465 I art     : Starting a blocking GC Explicit
08-06 11:49:45.367 28441 28465 I art     : Explicit concurrent mark sweep GC freed 3(96B) AllocSpace objects, 0(0B) LOS objects, 38% free, 25MB/41MB, paused 228us total 27.008ms
08-06 11:49:45.374 28441 29438 I RedditChangeDataIO: Writing tmp data file at '/data/user/0/baseline.org.quantumbadger.redreader/files/rr_change_data_tmp.dat'
08-06 11:49:45.374 28441 29438 I RedditChangeDataManager: Taking snapshot...
08-06 11:49:45.375 28441 29438 I RedditChangeDataManager: Writing to stream...
08-06 11:49:45.375 28441 29438 I RedditChangeDataManager: Wrote 3 entries for user ''
08-06 11:49:45.375 28441 29438 I RedditChangeDataManager: All entries written to stream.
08-06 11:49:45.375 28441 29438 I RedditChangeDataIO: Write successful. Atomically replacing data file...
08-06 11:49:45.375 28441 29438 I RedditChangeDataIO: Write complete.
08-06 11:49:45.375 28441 29438 I RedditChangeDataIO: 86 bytes written in 1 ms
08-06 11:49:45.439   512  2967 D audio_hw_primary: disable_audio_route: reset and update mixer path: low-latency-playback speaker
08-06 11:49:45.441   512  2967 D audio_hw_primary: disable_snd_device: snd_device(2: speaker)
08-06 11:49:45.450   512  2967 I soundtrigger: audio_extn_sound_trigger_update_device_status: device 0x2 of type 0 for Event 0
08-06 11:49:45.661 28441 29230 I art     : Starting a blocking GC Explicit
08-06 11:49:45.697 28441 29230 I art     : Explicit concurrent mark sweep GC freed 1509(88KB) AllocSpace objects, 2(88KB) LOS objects, 38% free, 25MB/41MB, paused 273us total 35.354ms
08-06 11:49:45.712 28441 29230 I art     : Starting a blocking GC Explicit
08-06 11:49:45.734 25566 25566 I ServiceManager: Waiting for service AtCmdFwd...
08-06 11:49:45.744 28441 29230 I art     : Explicit concurrent mark sweep GC freed 69(2624B) AllocSpace objects, 0(0B) LOS objects, 38% free, 25MB/41MB, paused 265us total 32.183ms
08-06 11:49:45.758 28441 29230 I art     : Starting a blocking GC Explicit
08-06 11:49:45.791 28441 29230 I art     : Explicit concurrent mark sweep GC freed 3(96B) AllocSpace objects, 0(0B) LOS objects, 38% free, 25MB/41MB, paused 255us total 33.267ms
08-06 11:49:45.805 28441 29230 I art     : Starting a blocking GC Explicit
08-06 11:49:45.838 28441 29230 I art     : Explicit concurrent mark sweep GC freed 3(96B) AllocSpace objects, 0(0B) LOS objects, 38% free, 25MB/41MB, paused 265us total 32.821ms
08-06 11:49:45.852 28441 29230 I art     : Starting a blocking GC Explicit
08-06 11:49:45.885 28441 29230 I art     : Explicit concurrent mark sweep GC freed 44(2304B) AllocSpace objects, 0(0B) LOS objects, 38% free, 25MB/41MB, paused 255us total 33.189ms
08-06 11:49:46.182 28441 28452 I art     : Starting a blocking GC Explicit
08-06 11:49:46.222 28441 28452 I art     : Explicit concurrent mark sweep GC freed 1540(114KB) AllocSpace objects, 1(20KB) LOS objects, 38% free, 25MB/41MB, paused 307us total 38.826ms
08-06 11:49:46.237 28441 28452 I art     : Starting a blocking GC Explicit
08-06 11:49:46.270 28441 28452 I art     : Explicit concurrent mark sweep GC freed 85(2880B) AllocSpace objects, 0(0B) LOS objects, 38% free, 25MB/41MB, paused 235us total 32.612ms
08-06 11:49:46.284 28441 28452 I art     : Starting a blocking GC Explicit
08-06 11:49:46.317 28441 28452 I art     : Explicit concurrent mark sweep GC freed 3(96B) AllocSpace objects, 0(0B) LOS objects, 38% free, 25MB/41MB, paused 231us total 32.659ms
08-06 11:49:46.330 28441 28452 I art     : Starting a blocking GC Explicit
08-06 11:49:46.363 28441 28452 I art     : Explicit concurrent mark sweep GC freed 3(96B) AllocSpace objects, 0(0B) LOS objects, 38% free, 25MB/41MB, paused 215us total 32.696ms
08-06 11:49:46.377 28441 28452 I art     : Starting a blocking GC Explicit
08-06 11:49:46.410 28441 28452 I art     : Explicit concurrent mark sweep GC freed 3(96B) AllocSpace objects, 0(0B) LOS objects, 38% free, 25MB/41MB, paused 235us total 32.724ms
08-06 11:49:46.735 25566 25566 I ServiceManager: Waiting for service AtCmdFwd...
08-06 11:49:46.745 28441 28465 I art     : Starting a blocking GC Explicit
08-06 11:49:46.792 28441 28465 I art     : Explicit concurrent mark sweep GC freed 1346(80KB) AllocSpace objects, 1(20KB) LOS objects, 38% free, 25MB/41MB, paused 259us total 46.523ms
08-06 11:49:46.809 28441 28465 I art     : Starting a blocking GC Explicit
08-06 11:49:46.841 28441 28465 I art     : Explicit concurrent mark sweep GC freed 20(704B) AllocSpace objects, 0(0B) LOS objects, 38% free, 25MB/41MB, paused 234us total 32.027ms
08-06 11:49:46.855 28441 28465 I art     : Starting a blocking GC Explicit
08-06 11:49:46.888 28441 28465 I art     : Explicit concurrent mark sweep GC freed 3(96B) AllocSpace objects, 0(0B) LOS objects, 38% free, 25MB/41MB, paused 246us total 32.784ms
08-06 11:49:46.902 28441 28465 I art     : Starting a blocking GC Explicit
08-06 11:49:46.934 28441 28465 I art     : Explicit concurrent mark sweep GC freed 3(96B) AllocSpace objects, 0(0B) LOS objects, 38% free, 25MB/41MB, paused 233us total 32.144ms
08-06 11:49:46.948 28441 28465 I art     : Starting a blocking GC Explicit
08-06 11:49:46.980 28441 28465 I art     : Explicit concurrent mark sweep GC freed 3(96B) AllocSpace objects, 0(0B) LOS objects, 38% free, 25MB/41MB, paused 237us total 32.584ms
08-06 11:49:47.197 24365  4184 I NetworkScheduler.Stats: Task com.google.android.gms/com.google.android.gms.icing.service.IcingGcmTaskService started execution. cause:4 exec_start_elapsed_seconds: 1861191 [CONTEXT service_id=218 ]
08-06 11:49:47.224 24365 14427 I NetworkScheduler.Stats: Task com.google.android.gms/com.google.android.gms.icing.service.IcingGcmTaskService finished executing. cause:4 result: 1 elapsed_millis: 57 uptime_millis: 56 exec_start_elapsed_seconds: 1861191 [CONTEXT service_id=218 ]
08-06 11:49:47.259 23864 29642 W Gcs.WfaEliRefreshTask: [28880] afk.b: NULL eligibility response.
08-06 11:49:47.260 24365 14427 I NetworkScheduler.Stats: Task com.google.android.apps.gcs/ started execution. cause:5 exec_start_elapsed_seconds: 1861191 [CONTEXT service_id=218 ]
08-06 11:49:47.262 24365 14427 I NetworkScheduler.Stats: Task com.google.android.apps.gcs/ finished executing. cause:5 result: 3 elapsed_millis: 9 uptime_millis: 8 exec_start_elapsed_seconds: 1861191 [CONTEXT service_id=218 ]
08-06 11:49:47.300 28441 28453 I art     : Starting a blocking GC Explicit
08-06 11:49:47.337 28441 28453 I art     : Explicit concurrent mark sweep GC freed 1346(80KB) AllocSpace objects, 1(20KB) LOS objects, 38% free, 25MB/41MB, paused 267us total 36.299ms
08-06 11:49:47.354 28441 28453 I art     : Starting a blocking GC Explicit
08-06 11:49:47.387 28441 28453 I art     : Explicit concurrent mark sweep GC freed 20(704B) AllocSpace objects, 0(0B) LOS objects, 38% free, 25MB/41MB, paused 391us total 32.785ms
08-06 11:49:47.401 28441 28453 I art     : Starting a blocking GC Explicit
08-06 11:49:47.434 28441 28453 I art     : Explicit concurrent mark sweep GC freed 3(96B) AllocSpace objects, 0(0B) LOS objects, 38% free, 25MB/41MB, paused 236us total 32.542ms
08-06 11:49:47.447 28441 28453 I art     : Starting a blocking GC Explicit
08-06 11:49:47.480 28441 28453 I art     : Explicit concurrent mark sweep GC freed 3(96B) AllocSpace objects, 0(0B) LOS objects, 38% free, 25MB/41MB, paused 219us total 32.828ms
08-06 11:49:47.494 28441 28453 I art     : Starting a blocking GC Explicit
08-06 11:49:47.527 28441 28453 I art     : Explicit concurrent mark sweep GC freed 3(96B) AllocSpace objects, 0(0B) LOS objects, 38% free, 25MB/41MB, paused 235us total 32.241ms
08-06 11:49:47.735 25566 25566 W Atfwd_Sendcmd: AtCmdFwd service not published, waiting... retryCnt : 3
08-06 11:49:47.843 28441 28667 I art     : Starting a blocking GC Explicit
08-06 11:49:47.884 28441 28667 I art     : Explicit concurrent mark sweep GC freed 1346(80KB) AllocSpace objects, 1(20KB) LOS objects, 38% free, 25MB/41MB, paused 262us total 40.764ms
08-06 11:49:47.902 28441 28667 I art     : Starting a blocking GC Explicit
08-06 11:49:47.934 28441 28667 I art     : Explicit concurrent mark sweep GC freed 20(704B) AllocSpace objects, 0(0B) LOS objects, 38% free, 25MB/41MB, paused 235us total 32.030ms
08-06 11:49:47.948 28441 28667 I art     : Starting a blocking GC Explicit
08-06 11:49:47.980 28441 28667 I art     : Explicit concurrent mark sweep GC freed 3(96B) AllocSpace objects, 0(0B) LOS objects, 38% free, 25MB/41MB, paused 230us total 32.653ms
08-06 11:49:47.994 28441 28667 I art     : Starting a blocking GC Explicit
08-06 11:49:48.027 28441 28667 I art     : Explicit concurrent mark sweep GC freed 3(96B) AllocSpace objects, 0(0B) LOS objects, 38% free, 25MB/41MB, paused 239us total 32.479ms
08-06 11:49:48.041 28441 28667 I art     : Starting a blocking GC Explicit
08-06 11:49:48.073 28441 28667 I art     : Explicit concurrent mark sweep GC freed 3(96B) AllocSpace objects, 0(0B) LOS objects, 38% free, 25MB/41MB, paused 236us total 32.630ms
08-06 11:49:48.387 28441 29230 I art     : Starting a blocking GC Explicit
08-06 11:49:48.428 28441 29230 I art     : Explicit concurrent mark sweep GC freed 1346(80KB) AllocSpace objects, 1(20KB) LOS objects, 38% free, 25MB/41MB, paused 306us total 40.430ms
08-06 11:49:48.444 28441 29230 I art     : Starting a blocking GC Explicit
08-06 11:49:48.477 28441 29230 I art     : Explicit concurrent mark sweep GC freed 20(704B) AllocSpace objects, 0(0B) LOS objects, 38% free, 25MB/41MB, paused 271us total 32.862ms
08-06 11:49:48.491 28441 29230 I art     : Starting a blocking GC Explicit
08-06 11:49:48.524 28441 29230 I art     : Explicit concurrent mark sweep GC freed 3(96B) AllocSpace objects, 0(0B) LOS objects, 38% free, 25MB/41MB, paused 228us total 32.599ms
08-06 11:49:48.537 28441 29230 I art     : Starting a blocking GC Explicit
08-06 11:49:48.570 28441 29230 I art     : Explicit concurrent mark sweep GC freed 3(96B) AllocSpace objects, 0(0B) LOS objects, 38% free, 25MB/41MB, paused 226us total 32.552ms
08-06 11:49:48.584 28441 29230 I art     : Starting a blocking GC Explicit
08-06 11:49:48.617 28441 29230 I art     : Explicit concurrent mark sweep GC freed 3(96B) AllocSpace objects, 0(0B) LOS objects, 38% free, 25MB/41MB, paused 245us total 32.308ms
08-06 11:49:48.944 28441 28452 I art     : Starting a blocking GC Explicit
08-06 11:49:48.988 28441 28452 I art     : Explicit concurrent mark sweep GC freed 1348(80KB) AllocSpace objects, 1(20KB) LOS objects, 38% free, 25MB/41MB, paused 436us total 43.061ms
08-06 11:49:49.005 28441 28452 I art     : Starting a blocking GC Explicit
08-06 11:49:49.038 28441 28452 I art     : Explicit concurrent mark sweep GC freed 20(704B) AllocSpace objects, 0(0B) LOS objects, 38% free, 25MB/41MB, paused 240us total 32.647ms
08-06 11:49:49.051 28441 28452 I art     : Starting a blocking GC Explicit
08-06 11:49:49.084 28441 28452 I art     : Explicit concurrent mark sweep GC freed 3(96B) AllocSpace objects, 0(0B) LOS objects, 38% free, 25MB/41MB, paused 236us total 32.612ms
08-06 11:49:49.098 28441 28452 I art     : Starting a blocking GC Explicit
08-06 11:49:49.130 28441 28452 I art     : Explicit concurrent mark sweep GC freed 3(96B) AllocSpace objects, 0(0B) LOS objects, 38% free, 25MB/41MB, paused 232us total 31.256ms
08-06 11:49:49.143 28441 28452 I art     : Starting a blocking GC Explicit
08-06 11:49:49.174 28441 28452 I art     : Explicit concurrent mark sweep GC freed 3(96B) AllocSpace objects, 0(0B) LOS objects, 38% free, 25MB/41MB, paused 239us total 30.041ms
08-06 11:49:49.220   518   646 I ThermalEngine: ACTION: GPU - Setting GPU[0] to 600000000
08-06 11:49:49.464 29674 29674 D AndroidRuntime: >>>>>> START com.android.internal.os.RuntimeInit uid 2000 <<<<<<
08-06 11:49:49.468 29674 29674 D AndroidRuntime: CheckJNI is OFF
08-06 11:49:49.470 28441 28465 I art     : Starting a blocking GC Explicit
08-06 11:49:49.498 28441 28465 I art     : Explicit concurrent mark sweep GC freed 1346(80KB) AllocSpace objects, 1(20KB) LOS objects, 38% free, 25MB/41MB, paused 212us total 27.455ms
08-06 11:49:49.498 29674 29674 D ICU     : No timezone override file found: /data/misc/zoneinfo/current/icu/icu_tzdata.dat
08-06 11:49:49.508 28441 28465 I art     : Starting a blocking GC Explicit
08-06 11:49:49.524 29674 29674 I Radio-JNI: register_android_hardware_Radio DONE
08-06 11:49:49.533 28441 28465 I art     : Explicit concurrent mark sweep GC freed 20(704B) AllocSpace objects, 0(0B) LOS objects, 38% free, 25MB/41MB, paused 179us total 25.214ms
08-06 11:49:49.541 29674 29674 D AndroidRuntime: Calling main entry com.android.commands.input.Input
08-06 11:49:49.542 29674 29674 I Input   : injectKeyEvent: KeyEvent { action=ACTION_DOWN, keyCode=KEYCODE_BACK, scanCode=0, metaState=0, flags=0x0, repeatCount=0, eventTime=877805955, downTime=877805955, deviceId=-1, source=0x101 }
08-06 11:49:49.544 28441 28465 I art     : Starting a blocking GC Explicit
08-06 11:49:49.546 29674 29674 I Input   : injectKeyEvent: KeyEvent { action=ACTION_UP, keyCode=KEYCODE_BACK, scanCode=0, metaState=0, flags=0x0, repeatCount=0, eventTime=877805955, downTime=877805955, deviceId=-1, source=0x101 }
08-06 11:49:49.551 29674 29674 D AndroidRuntime: Shutting down VM
08-06 11:49:49.567 28441 28465 I art     : Explicit concurrent mark sweep GC freed 126(4KB) AllocSpace objects, 0(0B) LOS objects, 38% free, 25MB/41MB, paused 194us total 23.083ms
08-06 11:49:49.578 28441 28465 I art     : Starting a blocking GC Explicit
08-06 11:49:49.591 13866 13866 I GoogleInputMethodServic: GoogleInputMethodService.onFinishInput():3138 
08-06 11:49:49.592 13866 13866 I GoogleInputMethodServic: GoogleInputMethodService.onStartInput():1808 
08-06 11:49:49.601 28441 28465 I art     : Explicit concurrent mark sweep GC freed 12(544B) AllocSpace objects, 0(0B) LOS objects, 38% free, 25MB/41MB, paused 197us total 22.610ms
08-06 11:49:49.610 28441 28465 I art     : Starting a blocking GC Explicit
08-06 11:49:49.634 28441 28465 I art     : Explicit concurrent mark sweep GC freed 117(4KB) AllocSpace objects, 0(0B) LOS objects, 38% free, 25MB/41MB, paused 179us total 23.651ms
08-06 11:49:49.868 28441 28453 I art     : Starting a blocking GC Explicit
08-06 11:49:49.900 28441 28453 I art     : Explicit concurrent mark sweep GC freed 1349(80KB) AllocSpace objects, 1(20KB) LOS objects, 38% free, 25MB/41MB, paused 169us total 31.192ms
08-06 11:49:49.905   380   380 W SurfaceFlinger: couldn't log to binary event log: overflow.
08-06 11:49:49.913 28441 28453 I art     : Starting a blocking GC Explicit
08-06 11:49:49.937 28441 28453 I art     : Explicit concurrent mark sweep GC freed 72(2672B) AllocSpace objects, 0(0B) LOS objects, 38% free, 25MB/41MB, paused 180us total 23.962ms
08-06 11:49:49.947 28441 28453 I art     : Starting a blocking GC Explicit
08-06 11:49:49.969 28441 28453 I art     : Explicit concurrent mark sweep GC freed 3837(310KB) AllocSpace objects, 5(140KB) LOS objects, 39% free, 24MB/40MB, paused 179us total 22.239ms
08-06 11:49:49.979 28441 28453 I art     : Starting a blocking GC Explicit
08-06 11:49:50.002 28441 28453 I art     : Explicit concurrent mark sweep GC freed 3(96B) AllocSpace objects, 0(0B) LOS objects, 39% free, 24MB/40MB, paused 177us total 22.378ms
08-06 11:49:50.011 28441 28453 I art     : Starting a blocking GC Explicit
08-06 11:49:50.036 28441 28453 I art     : Explicit concurrent mark sweep GC freed 3(96B) AllocSpace objects, 0(0B) LOS objects, 39% free, 24MB/40MB, paused 189us total 24.272ms
08-06 11:49:50.318 28441 28452 I art     : Starting a blocking GC Explicit
08-06 11:49:50.352 28441 28452 I art     : Explicit concurrent mark sweep GC freed 1346(80KB) AllocSpace objects, 1(20KB) LOS objects, 39% free, 24MB/40MB, paused 199us total 33.150ms
08-06 11:49:50.365 28441 28452 I art     : Starting a blocking GC Explicit
08-06 11:49:50.391 28441 28452 I art     : Explicit concurrent mark sweep GC freed 20(704B) AllocSpace objects, 0(0B) LOS objects, 39% free, 24MB/40MB, paused 184us total 25.606ms
08-06 11:49:50.401 28441 28452 I art     : Starting a blocking GC Explicit
08-06 11:49:50.426 28441 28452 I art     : Explicit concurrent mark sweep GC freed 3(96B) AllocSpace objects, 0(0B) LOS objects, 39% free, 24MB/40MB, paused 181us total 24.359ms
08-06 11:49:50.436 28441 28452 I art     : Starting a blocking GC Explicit
08-06 11:49:50.460 28441 28452 I art     : Explicit concurrent mark sweep GC freed 3(96B) AllocSpace objects, 0(0B) LOS objects, 39% free, 24MB/40MB, paused 172us total 24.032ms
08-06 11:49:50.470 28441 28452 I art     : Starting a blocking GC Explicit
08-06 11:49:50.495 28441 28452 I art     : Explicit concurrent mark sweep GC freed 3(96B) AllocSpace objects, 0(0B) LOS objects, 39% free, 24MB/40MB, paused 174us total 24.284ms
08-06 11:49:50.775 28441 29230 I art     : Starting a blocking GC Explicit
08-06 11:49:50.803 28441 29230 I art     : Explicit concurrent mark sweep GC freed 1346(80KB) AllocSpace objects, 1(20KB) LOS objects, 39% free, 24MB/40MB, paused 192us total 27.592ms
08-06 11:49:50.813 28441 29230 I art     : Starting a blocking GC Explicit
08-06 11:49:50.835 28441 29230 I art     : Explicit concurrent mark sweep GC freed 20(704B) AllocSpace objects, 0(0B) LOS objects, 39% free, 24MB/40MB, paused 163us total 21.246ms
08-06 11:49:50.844 28441 29230 I art     : Starting a blocking GC Explicit
08-06 11:49:50.866 28441 29230 I art     : Explicit concurrent mark sweep GC freed 3(96B) AllocSpace objects, 0(0B) LOS objects, 39% free, 24MB/40MB, paused 194us total 22.350ms
08-06 11:49:50.876 28441 29230 I art     : Starting a blocking GC Explicit
08-06 11:49:50.899 28441 29230 I art     : Explicit concurrent mark sweep GC freed 3(96B) AllocSpace objects, 0(0B) LOS objects, 39% free, 24MB/40MB, paused 159us total 22.637ms
08-06 11:49:50.908 28441 29230 I art     : Starting a blocking GC Explicit
08-06 11:49:50.931 28441 29230 I art     : Explicit concurrent mark sweep GC freed 3(96B) AllocSpace objects, 0(0B) LOS objects, 39% free, 24MB/40MB, paused 164us total 22.690ms
08-06 11:49:51.089 29728 29728 D AndroidRuntime: >>>>>> START com.android.internal.os.RuntimeInit uid 2000 <<<<<<
08-06 11:49:51.092 29728 29728 D AndroidRuntime: CheckJNI is OFF
08-06 11:49:51.117 29728 29728 D ICU     : No timezone override file found: /data/misc/zoneinfo/current/icu/icu_tzdata.dat
08-06 11:49:51.142 29728 29728 I Radio-JNI: register_android_hardware_Radio DONE
08-06 11:49:51.158 29728 29728 D AndroidRuntime: Calling main entry com.android.commands.input.Input
08-06 11:49:51.160 29728 29728 I Input   : injectMotionEvent: MotionEvent { action=ACTION_DOWN, actionButton=0, id[0]=0, x[0]=600.0, y[0]=700.0, toolType[0]=TOOL_TYPE_UNKNOWN, buttonState=0, metaState=0, flags=0x0, edgeFlags=0x0, pointerCount=1, historySize=0, eventTime=877807572, downTime=877807572, deviceId=0, source=0x1002 }
08-06 11:49:51.166 29728 29728 I Input   : injectMotionEvent: MotionEvent { action=ACTION_UP, actionButton=0, id[0]=0, x[0]=600.0, y[0]=700.0, toolType[0]=TOOL_TYPE_UNKNOWN, buttonState=0, metaState=0, flags=0x0, edgeFlags=0x0, pointerCount=1, historySize=0, eventTime=877807572, downTime=877807572, deviceId=0, source=0x1002 }
08-06 11:49:51.167 29728 29728 D AndroidRuntime: Shutting down VM
08-06 11:49:51.176   512  2967 D audio_hw_primary: out_set_parameters: enter: usecase(1: low-latency-playback) kvpairs: routing=2
08-06 11:49:51.177   918   928 I ActivityManager: START u0 {dat=https://oauth.reddit.com/... cmp=baseline.org.quantumbadger.redreader/.activities.CommentListingActivity} from uid 10705 on display 0
08-06 11:49:51.188   512  2967 D audio_hw_primary: select_devices: out_snd_device(2: speaker) in_snd_device(0: none)
08-06 11:49:51.188   512  2967 D msm8974_platform: platform_send_audio_calibration: sending audio calibration for snd_device(2) acdb_id(15)
08-06 11:49:51.189   512  2967 I soundtrigger: audio_extn_sound_trigger_update_device_status: device 0x2 of type 0 for Event 1
08-06 11:49:51.197 28441 29230 I art     : Starting a blocking GC Explicit
08-06 11:49:51.199 28441 28441 I AppCompatViewInflater: app:theme is now deprecated. Please move to using android:theme instead.
08-06 11:49:51.200   512  2967 D audio_hw_primary: enable_snd_device: snd_device(2: speaker)
08-06 11:49:51.202   512  2967 D audio_hw_primary: enable_audio_route: apply and update mixer path: low-latency-playback speaker
08-06 11:49:51.212 28441 29005 I CommentListingActivity: COMMENTS session changed to 553eb27c-7b81-45c7-813c-457071ec3f9a
08-06 11:49:51.222 28441 29230 I art     : Explicit concurrent mark sweep GC freed 3622(282KB) AllocSpace objects, 1(20KB) LOS objects, 38% free, 25MB/41MB, paused 536us total 25.371ms
08-06 11:49:51.232 28441 29230 I art     : Starting a blocking GC Explicit
08-06 11:49:51.261 28441 29230 I art     : Explicit concurrent mark sweep GC freed 10231(683KB) AllocSpace objects, 2(36KB) LOS objects, 37% free, 26MB/42MB, paused 785us total 28.674ms
08-06 11:49:51.274 28441 29230 I art     : Starting a blocking GC Explicit
08-06 11:49:51.280   918   936 I ActivityManager: Displayed baseline.org.quantumbadger.redreader/.activities.CommentListingActivity: +93ms
08-06 11:49:51.293 13866 13866 I GoogleInputMethodServic: GoogleInputMethodService.onFinishInput():3138 
08-06 11:49:51.294 13866 13866 I GoogleInputMethodServic: GoogleInputMethodService.onStartInput():1808 
08-06 11:49:51.308 28441 29230 I art     : Explicit concurrent mark sweep GC freed 13286(853KB) AllocSpace objects, 0(0B) LOS objects, 36% free, 27MB/43MB, paused 1.033ms total 33.810ms
08-06 11:49:51.320 28441 29230 I art     : Starting a blocking GC Explicit
08-06 11:49:51.361 28441 29230 I art     : Explicit concurrent mark sweep GC freed 14133(955KB) AllocSpace objects, 1(16KB) LOS objects, 35% free, 28MB/44MB, paused 359us total 39.979ms
08-06 11:49:51.373 28441 29230 I art     : Starting a blocking GC Explicit
08-06 11:49:51.410 28441 29230 I art     : Explicit concurrent mark sweep GC freed 5551(405KB) AllocSpace objects, 0(0B) LOS objects, 35% free, 28MB/44MB, paused 207us total 36.776ms
08-06 11:49:51.542   380   380 W SurfaceFlinger: couldn't log to binary event log: overflow.
08-06 11:49:51.652 28441 28465 I art     : Starting a blocking GC Explicit
08-06 11:49:51.688 28441 28465 I art     : Explicit concurrent mark sweep GC freed 20618(933KB) AllocSpace objects, 1(20KB) LOS objects, 36% free, 27MB/43MB, paused 188us total 35.284ms
08-06 11:49:51.701 28441 28465 I art     : Starting a blocking GC Explicit
08-06 11:49:51.731 28441 28465 I art     : Explicit concurrent mark sweep GC freed 32(1104B) AllocSpace objects, 0(0B) LOS objects, 36% free, 27MB/43MB, paused 154us total 29.705ms
08-06 11:49:51.739   512  2967 D audio_hw_primary: disable_audio_route: reset and update mixer path: low-latency-playback speaker
08-06 11:49:51.740   512  2967 D audio_hw_primary: disable_snd_device: snd_device(2: speaker)
08-06 11:49:51.741 28441 28465 I art     : Starting a blocking GC Explicit
08-06 11:49:51.748   512  2967 I soundtrigger: audio_extn_sound_trigger_update_device_status: device 0x2 of type 0 for Event 0
08-06 11:49:51.771 28441 28465 I art     : Explicit concurrent mark sweep GC freed 3(96B) AllocSpace objects, 0(0B) LOS objects, 36% free, 27MB/43MB, paused 163us total 29.090ms
08-06 11:49:51.781 28441 28465 I art     : Starting a blocking GC Explicit
08-06 11:49:51.811 28441 28465 I art     : Explicit concurrent mark sweep GC freed 3(96B) AllocSpace objects, 0(0B) LOS objects, 36% free, 27MB/43MB, paused 151us total 29.593ms
08-06 11:49:51.822 28441 28465 I art     : Starting a blocking GC Explicit
08-06 11:49:51.852 28441 28465 I art     : Explicit concurrent mark sweep GC freed 3(96B) AllocSpace objects, 0(0B) LOS objects, 36% free, 27MB/43MB, paused 159us total 30.123ms
08-06 11:49:52.122 28441 28465 I art     : Starting a blocking GC Explicit
08-06 11:49:52.160 28441 28465 I art     : Explicit concurrent mark sweep GC freed 1346(80KB) AllocSpace objects, 1(20KB) LOS objects, 36% free, 27MB/43MB, paused 210us total 37.486ms
08-06 11:49:52.172 28441 28465 I art     : Starting a blocking GC Explicit
08-06 11:49:52.203 28441 28465 I art     : Explicit concurrent mark sweep GC freed 20(704B) AllocSpace objects, 0(0B) LOS objects, 36% free, 27MB/43MB, paused 171us total 30.589ms
08-06 11:49:52.214 28441 28465 I art     : Starting a blocking GC Explicit
08-06 11:49:52.227   518   646 I ThermalEngine: ACTION: GPU - Setting GPU[0] to 510000000
08-06 11:49:52.249 28441 28465 I art     : Explicit concurrent mark sweep GC freed 3(96B) AllocSpace objects, 0(0B) LOS objects, 36% free, 27MB/43MB, paused 210us total 34.975ms
08-06 11:49:52.263 28441 28465 I art     : Starting a blocking GC Explicit
08-06 11:49:52.305 28441 28465 I art     : Explicit concurrent mark sweep GC freed 49(1920B) AllocSpace objects, 0(0B) LOS objects, 36% free, 27MB/43MB, paused 243us total 42.271ms
08-06 11:49:52.320 28441 28465 I art     : Starting a blocking GC Explicit
08-06 11:49:52.364 28441 28465 I art     : Explicit concurrent mark sweep GC freed 3(96B) AllocSpace objects, 0(0B) LOS objects, 36% free, 27MB/43MB, paused 237us total 43.354ms
08-06 11:49:52.661 28441 28452 I art     : Starting a blocking GC Explicit
08-06 11:49:52.722 28441 28452 I art     : Explicit concurrent mark sweep GC freed 1346(80KB) AllocSpace objects, 1(20KB) LOS objects, 36% free, 27MB/43MB, paused 260us total 61.116ms
08-06 11:49:52.740 28441 28452 I art     : Starting a blocking GC Explicit
08-06 11:49:52.780 28441 28452 I art     : Explicit concurrent mark sweep GC freed 20(704B) AllocSpace objects, 0(0B) LOS objects, 36% free, 27MB/43MB, paused 226us total 39.747ms
08-06 11:49:52.794 28441 28452 I art     : Starting a blocking GC Explicit
08-06 11:49:52.839 28441 28452 I art     : Explicit concurrent mark sweep GC freed 3(96B) AllocSpace objects, 0(0B) LOS objects, 36% free, 27MB/43MB, paused 236us total 44.764ms
08-06 11:49:52.855 28441 28452 I art     : Starting a blocking GC Explicit
08-06 11:49:52.893 28441 28452 I art     : Explicit concurrent mark sweep GC freed 3(96B) AllocSpace objects, 0(0B) LOS objects, 36% free, 27MB/43MB, paused 222us total 38.464ms
08-06 11:49:52.907 28441 28452 I art     : Starting a blocking GC Explicit
08-06 11:49:52.950 28441 28452 I art     : Explicit concurrent mark sweep GC freed 3(96B) AllocSpace objects, 0(0B) LOS objects, 36% free, 27MB/43MB, paused 257us total 42.095ms
08-06 11:49:53.264 28441 28453 I art     : Starting a blocking GC Explicit
08-06 11:49:53.320 28441 28453 I art     : Explicit concurrent mark sweep GC freed 1346(80KB) AllocSpace objects, 1(20KB) LOS objects, 36% free, 27MB/43MB, paused 263us total 55.528ms
08-06 11:49:53.339 28441 28453 I art     : Starting a blocking GC Explicit
08-06 11:49:53.384 28441 28453 I art     : Explicit concurrent mark sweep GC freed 20(704B) AllocSpace objects, 0(0B) LOS objects, 36% free, 27MB/43MB, paused 252us total 44.908ms
08-06 11:49:53.399 28441 28453 I art     : Starting a blocking GC Explicit
08-06 11:49:53.442 28441 28453 I art     : Explicit concurrent mark sweep GC freed 3(96B) AllocSpace objects, 0(0B) LOS objects, 36% free, 27MB/43MB, paused 241us total 42.622ms
08-06 11:49:53.457 28441 28453 I art     : Starting a blocking GC Explicit
08-06 11:49:53.501 28441 28453 I art     : Explicit concurrent mark sweep GC freed 3(96B) AllocSpace objects, 0(0B) LOS objects, 36% free, 27MB/43MB, paused 242us total 43.861ms
08-06 11:49:53.516 28441 28453 I art     : Starting a blocking GC Explicit
08-06 11:49:53.561 28441 28453 I art     : Explicit concurrent mark sweep GC freed 3(96B) AllocSpace objects, 0(0B) LOS objects, 36% free, 27MB/43MB, paused 248us total 44.618ms
08-06 11:49:53.891 28441 28667 I art     : Starting a blocking GC Explicit
08-06 11:49:53.947 28441 28667 I art     : Explicit concurrent mark sweep GC freed 1346(80KB) AllocSpace objects, 1(20KB) LOS objects, 36% free, 27MB/43MB, paused 269us total 55.715ms
08-06 11:49:53.967 28441 28667 I art     : Starting a blocking GC Explicit
08-06 11:49:54.010 28441 28667 I art     : Explicit concurrent mark sweep GC freed 20(704B) AllocSpace objects, 0(0B) LOS objects, 36% free, 27MB/43MB, paused 243us total 42.339ms
08-06 11:49:54.024 28441 28667 I art     : Starting a blocking GC Explicit
08-06 11:49:54.069 28441 28667 I art     : Explicit concurrent mark sweep GC freed 3(96B) AllocSpace objects, 0(0B) LOS objects, 36% free, 27MB/43MB, paused 239us total 44.364ms
08-06 11:49:54.084 28441 28667 I art     : Starting a blocking GC Explicit
08-06 11:49:54.128 28441 28667 I art     : Explicit concurrent mark sweep GC freed 3(96B) AllocSpace objects, 0(0B) LOS objects, 36% free, 27MB/43MB, paused 239us total 43.776ms
08-06 11:49:54.143 28441 28667 I art     : Starting a blocking GC Explicit
08-06 11:49:54.187 28441 28667 I art     : Explicit concurrent mark sweep GC freed 3(96B) AllocSpace objects, 0(0B) LOS objects, 36% free, 27MB/43MB, paused 361us total 43.420ms
08-06 11:49:54.507 28441 29230 I art     : Starting a blocking GC Explicit
08-06 11:49:54.509 12162 12181 I Finsky  : [6223] ktr.run(-1): Stats for Executor: BlockingExecutor kvs@e92de3c[Running, pool size = 1, active threads = 0, queued tasks = 0, completed tasks = 67]
08-06 11:49:54.509 12162 12181 I Finsky  : [6223] ktr.run(-1): Stats for Executor: LightweightExecutor kvs@2a717c5[Running, pool size = 4, active threads = 0, queued tasks = 0, completed tasks = 79]
08-06 11:49:54.570 28441 29230 I art     : Explicit concurrent mark sweep GC freed 1346(80KB) AllocSpace objects, 1(20KB) LOS objects, 36% free, 27MB/43MB, paused 271us total 62.162ms
08-06 11:49:54.589 28441 29230 I art     : Starting a blocking GC Explicit
08-06 11:49:54.634 28441 29230 I art     : Explicit concurrent mark sweep GC freed 20(704B) AllocSpace objects, 0(0B) LOS objects, 36% free, 27MB/43MB, paused 239us total 44.781ms
08-06 11:49:54.650 28441 29230 I art     : Starting a blocking GC Explicit
08-06 11:49:54.693 28441 29230 I art     : Explicit concurrent mark sweep GC freed 3(96B) AllocSpace objects, 0(0B) LOS objects, 36% free, 27MB/43MB, paused 257us total 43.289ms
08-06 11:49:54.708 28441 29230 I art     : Starting a blocking GC Explicit
08-06 11:49:54.753 28441 29230 I art     : Explicit concurrent mark sweep GC freed 3(96B) AllocSpace objects, 0(0B) LOS objects, 36% free, 27MB/43MB, paused 241us total 44.070ms
08-06 11:49:54.768 28441 29230 I art     : Starting a blocking GC Explicit
08-06 11:49:54.813 28441 29230 I art     : Explicit concurrent mark sweep GC freed 3(96B) AllocSpace objects, 0(0B) LOS objects, 36% free, 27MB/43MB, paused 242us total 44.895ms
08-06 11:49:55.035 12162 12181 I Finsky  : [6223] ktr.run(-1): Stats for Executor: bgExecutor kvs@1c1551a[Running, pool size = 4, active threads = 0, queued tasks = 0, completed tasks = 276]
08-06 11:49:55.136 28441 28465 I art     : Starting a blocking GC Explicit
08-06 11:49:55.192 28441 28465 I art     : Explicit concurrent mark sweep GC freed 1348(80KB) AllocSpace objects, 1(20KB) LOS objects, 36% free, 27MB/43MB, paused 256us total 55.754ms
08-06 11:49:55.209 28441 28465 I art     : Starting a blocking GC Explicit
08-06 11:49:55.254 28441 28465 I art     : Explicit concurrent mark sweep GC freed 20(704B) AllocSpace objects, 0(0B) LOS objects, 36% free, 27MB/43MB, paused 240us total 44.932ms
08-06 11:49:55.270 28441 28465 I art     : Starting a blocking GC Explicit
08-06 11:49:55.314 28441 28465 I art     : Explicit concurrent mark sweep GC freed 3(96B) AllocSpace objects, 0(0B) LOS objects, 36% free, 27MB/43MB, paused 240us total 44.627ms
08-06 11:49:55.330 28441 28465 I art     : Starting a blocking GC Explicit
08-06 11:49:55.375 28441 28465 I art     : Explicit concurrent mark sweep GC freed 3(96B) AllocSpace objects, 0(0B) LOS objects, 36% free, 27MB/43MB, paused 247us total 44.732ms
08-06 11:49:55.390 28441 28465 I art     : Starting a blocking GC Explicit
08-06 11:49:55.433 28441 28465 I art     : Explicit concurrent mark sweep GC freed 3(96B) AllocSpace objects, 0(0B) LOS objects, 36% free, 27MB/43MB, paused 237us total 42.203ms
08-06 11:49:55.735 28441 28452 I art     : Starting a blocking GC Explicit
08-06 11:49:55.783 28441 28452 I art     : Explicit concurrent mark sweep GC freed 1346(80KB) AllocSpace objects, 1(20KB) LOS objects, 36% free, 27MB/43MB, paused 244us total 47.238ms
08-06 11:49:55.798 28441 28452 I art     : Starting a blocking GC Explicit
08-06 11:49:55.831 29825 29825 D AndroidRuntime: >>>>>> START com.android.internal.os.RuntimeInit uid 2000 <<<<<<
08-06 11:49:55.836 29825 29825 D AndroidRuntime: CheckJNI is OFF
08-06 11:49:55.840 28441 28452 I art     : Explicit concurrent mark sweep GC freed 20(704B) AllocSpace objects, 0(0B) LOS objects, 36% free, 27MB/43MB, paused 260us total 41.522ms
08-06 11:49:55.855 28441 28452 I art     : Starting a blocking GC Explicit
08-06 11:49:55.872 29825 29825 D ICU     : No timezone override file found: /data/misc/zoneinfo/current/icu/icu_tzdata.dat
08-06 11:49:55.896 28441 28452 I art     : Explicit concurrent mark sweep GC freed 3(96B) AllocSpace objects, 0(0B) LOS objects, 36% free, 27MB/43MB, paused 236us total 40.945ms
08-06 11:49:55.908 29825 29825 I Radio-JNI: register_android_hardware_Radio DONE
08-06 11:49:55.910 28441 28452 I art     : Starting a blocking GC Explicit
08-06 11:49:55.930 29825 29825 D AndroidRuntime: Calling main entry com.android.commands.input.Input
08-06 11:49:55.931 29825 29825 I Input   : injectKeyEvent: KeyEvent { action=ACTION_DOWN, keyCode=KEYCODE_BACK, scanCode=0, metaState=0, flags=0x0, repeatCount=0, eventTime=877812344, downTime=877812344, deviceId=-1, source=0x101 }
08-06 11:49:55.937 29825 29825 I Input   : injectKeyEvent: KeyEvent { action=ACTION_UP, keyCode=KEYCODE_BACK, scanCode=0, metaState=0, flags=0x0, repeatCount=0, eventTime=877812344, downTime=877812344, deviceId=-1, source=0x101 }
08-06 11:49:55.943 29825 29825 D AndroidRuntime: Shutting down VM
08-06 11:49:55.951 28441 28452 I art     : Explicit concurrent mark sweep GC freed 72(2496B) AllocSpace objects, 0(0B) LOS objects, 36% free, 27MB/43MB, paused 344us total 40.363ms
08-06 11:49:55.965 28441 28452 I art     : Starting a blocking GC Explicit
08-06 11:49:55.987 13866 13866 I GoogleInputMethodServic: GoogleInputMethodService.onFinishInput():3138 
08-06 11:49:55.987 13866 13866 I GoogleInputMethodServic: GoogleInputMethodService.onStartInput():1808 
08-06 11:49:56.003 28441 28452 I art     : Explicit concurrent mark sweep GC freed 97(3KB) AllocSpace objects, 0(0B) LOS objects, 36% free, 27MB/43MB, paused 246us total 37.605ms
08-06 11:49:56.188 28441 29752 I RedditChangeDataIO: Writing tmp data file at '/data/user/0/baseline.org.quantumbadger.redreader/files/rr_change_data_tmp.dat'
08-06 11:49:56.189 28441 29752 I RedditChangeDataManager: Taking snapshot...
08-06 11:49:56.189 28441 29752 I RedditChangeDataManager: Writing to stream...
08-06 11:49:56.189 28441 29752 I RedditChangeDataManager: Wrote 3 entries for user ''
08-06 11:49:56.189 28441 29752 I RedditChangeDataManager: All entries written to stream.
08-06 11:49:56.190 28441 29752 I RedditChangeDataIO: Write successful. Atomically replacing data file...
08-06 11:49:56.190 28441 29752 I RedditChangeDataIO: Write complete.
08-06 11:49:56.190 28441 29752 I RedditChangeDataIO: 86 bytes written in 3 ms
08-06 11:49:56.270 28441 28453 I art     : Starting a blocking GC Explicit
08-06 11:49:56.295   380   380 W SurfaceFlinger: couldn't log to binary event log: overflow.
08-06 11:49:56.315 28441 28453 I art     : Explicit concurrent mark sweep GC freed 1543(89KB) AllocSpace objects, 2(88KB) LOS objects, 36% free, 27MB/43MB, paused 248us total 44.635ms
08-06 11:49:56.333 28441 28453 I art     : Starting a blocking GC Explicit
08-06 11:49:56.376 28441 28453 I art     : Explicit concurrent mark sweep GC freed 42(1648B) AllocSpace objects, 0(0B) LOS objects, 36% free, 27MB/43MB, paused 250us total 42.932ms
08-06 11:49:56.390 28441 28453 I art     : Starting a blocking GC Explicit
08-06 11:49:56.424 28441 28453 I art     : Explicit concurrent mark sweep GC freed 46762(2MB) AllocSpace objects, 5(140KB) LOS objects, 39% free, 24MB/40MB, paused 229us total 32.948ms
08-06 11:49:56.437 28441 28453 I art     : Starting a blocking GC Explicit
08-06 11:49:56.465 28441 28453 I art     : Explicit concurrent mark sweep GC freed 3(96B) AllocSpace objects, 0(0B) LOS objects, 39% free, 24MB/40MB, paused 228us total 28.130ms
08-06 11:49:56.478 28441 28453 I art     : Starting a blocking GC Explicit
08-06 11:49:56.507 28441 28453 I art     : Explicit concurrent mark sweep GC freed 3(96B) AllocSpace objects, 0(0B) LOS objects, 39% free, 24MB/40MB, paused 274us total 29.431ms
08-06 11:49:56.793 28441 28452 I art     : Starting a blocking GC Explicit
08-06 11:49:56.831 28441 28452 I art     : Explicit concurrent mark sweep GC freed 1346(80KB) AllocSpace objects, 1(20KB) LOS objects, 39% free, 24MB/40MB, paused 259us total 38.027ms
08-06 11:49:56.848 28441 28452 I art     : Starting a blocking GC Explicit
08-06 11:49:56.883 28441 28452 I art     : Explicit concurrent mark sweep GC freed 20(704B) AllocSpace objects, 0(0B) LOS objects, 39% free, 24MB/40MB, paused 246us total 34.848ms
08-06 11:49:56.897 28441 28452 I art     : Starting a blocking GC Explicit
08-06 11:49:56.927 28441 28452 I art     : Explicit concurrent mark sweep GC freed 3(96B) AllocSpace objects, 0(0B) LOS objects, 39% free, 24MB/40MB, paused 253us total 30.012ms
08-06 11:49:56.940 28441 28452 I art     : Starting a blocking GC Explicit
08-06 11:49:56.971 28441 28452 I art     : Explicit concurrent mark sweep GC freed 3(96B) AllocSpace objects, 0(0B) LOS objects, 39% free, 24MB/40MB, paused 234us total 30.368ms
08-06 11:49:56.984 28441 28452 I art     : Starting a blocking GC Explicit
08-06 11:49:57.015 28441 28452 I art     : Explicit concurrent mark sweep GC freed 3(96B) AllocSpace objects, 0(0B) LOS objects, 39% free, 24MB/40MB, paused 242us total 30.933ms
08-06 11:49:57.289 28441 28667 I art     : Starting a blocking GC Explicit
08-06 11:49:57.320 28441 28667 I art     : Explicit concurrent mark sweep GC freed 1346(80KB) AllocSpace objects, 1(20KB) LOS objects, 39% free, 24MB/40MB, paused 244us total 30.544ms
08-06 11:49:57.333 28441 28667 I art     : Starting a blocking GC Explicit
08-06 11:49:57.363 28441 28667 I art     : Explicit concurrent mark sweep GC freed 20(704B) AllocSpace objects, 0(0B) LOS objects, 39% free, 24MB/40MB, paused 256us total 29.871ms
08-06 11:49:57.376 28441 28667 I art     : Starting a blocking GC Explicit
08-06 11:49:57.405 28441 28667 I art     : Explicit concurrent mark sweep GC freed 3(96B) AllocSpace objects, 0(0B) LOS objects, 39% free, 24MB/40MB, paused 234us total 28.699ms
08-06 11:49:57.418 28441 28667 I art     : Starting a blocking GC Explicit
08-06 11:49:57.447 28441 28667 I art     : Explicit concurrent mark sweep GC freed 3(96B) AllocSpace objects, 0(0B) LOS objects, 39% free, 24MB/40MB, paused 307us total 28.642ms
08-06 11:49:57.460 28441 28667 I art     : Starting a blocking GC Explicit
08-06 11:49:57.489 28441 28667 I art     : Explicit concurrent mark sweep GC freed 3(96B) AllocSpace objects, 0(0B) LOS objects, 39% free, 24MB/40MB, paused 233us total 29.071ms
08-06 11:49:57.614 29870 29870 D AndroidRuntime: >>>>>> START com.android.internal.os.RuntimeInit uid 2000 <<<<<<
08-06 11:49:57.622 29870 29870 D AndroidRuntime: CheckJNI is OFF
08-06 11:49:57.656 29870 29870 D ICU     : No timezone override file found: /data/misc/zoneinfo/current/icu/icu_tzdata.dat
08-06 11:49:57.689 29870 29870 I Radio-JNI: register_android_hardware_Radio DONE
08-06 11:49:57.711 29870 29870 D AndroidRuntime: Calling main entry com.android.commands.input.Input
08-06 11:49:57.712 29870 29870 I Input   : injectKeyEvent: KeyEvent { action=ACTION_DOWN, keyCode=KEYCODE_BACK, scanCode=0, metaState=0, flags=0x0, repeatCount=0, eventTime=877814125, downTime=877814125, deviceId=-1, source=0x101 }
08-06 11:49:57.716 29870 29870 I Input   : injectKeyEvent: KeyEvent { action=ACTION_UP, keyCode=KEYCODE_BACK, scanCode=0, metaState=0, flags=0x0, repeatCount=0, eventTime=877814125, downTime=877814125, deviceId=-1, source=0x101 }
08-06 11:49:57.722 29870 29870 D AndroidRuntime: Shutting down VM
08-06 11:49:57.755 13866 13866 I GoogleInputMethodServic: GoogleInputMethodService.onFinishInput():3138 
08-06 11:49:57.756 13866 13866 I GoogleInputMethodServic: GoogleInputMethodService.onStartInput():1808 
08-06 11:49:57.777 28441 29230 I art     : Starting a blocking GC Explicit
08-06 11:49:57.808 28441 29230 I art     : Explicit concurrent mark sweep GC freed 1510(86KB) AllocSpace objects, 1(20KB) LOS objects, 39% free, 24MB/40MB, paused 293us total 30.413ms
08-06 11:49:57.822 28441 29230 I art     : Starting a blocking GC Explicit
08-06 11:49:57.847 28441 29230 I art     : Explicit concurrent mark sweep GC freed 39(1360B) AllocSpace objects, 0(0B) LOS objects, 39% free, 24MB/40MB, paused 247us total 25.123ms
08-06 11:49:57.859 28441 29230 I art     : Starting a blocking GC Explicit
08-06 11:49:57.887 28441 29230 I art     : Explicit concurrent mark sweep GC freed 3(96B) AllocSpace objects, 0(0B) LOS objects, 39% free, 24MB/40MB, paused 229us total 27.063ms
08-06 11:49:57.899 28441 29230 I art     : Starting a blocking GC Explicit
08-06 11:49:57.934 28441 29230 I art     : Explicit concurrent mark sweep GC freed 3(96B) AllocSpace objects, 0(0B) LOS objects, 39% free, 24MB/40MB, paused 239us total 33.896ms
08-06 11:49:57.952 28441 29230 I art     : Starting a blocking GC Explicit
08-06 11:49:57.990 28441 29230 I art     : Explicit concurrent mark sweep GC freed 3(96B) AllocSpace objects, 0(0B) LOS objects, 39% free, 24MB/40MB, paused 258us total 38.068ms
08-06 11:49:58.244 28441 29230 I art     : Starting a blocking GC Explicit
08-06 11:49:58.279 28441 29230 I art     : Explicit concurrent mark sweep GC freed 1407(82KB) AllocSpace objects, 1(20KB) LOS objects, 39% free, 24MB/40MB, paused 294us total 35.005ms
08-06 11:49:58.297 28441 29230 I art     : Starting a blocking GC Explicit
08-06 11:49:58.329 28441 29230 I art     : Explicit concurrent mark sweep GC freed 150(7KB) AllocSpace objects, 0(0B) LOS objects, 39% free, 24MB/40MB, paused 251us total 31.467ms
08-06 11:49:58.343 28441 29230 I art     : Starting a blocking GC Explicit
08-06 11:49:58.374 28441 29230 I art     : Explicit concurrent mark sweep GC freed 3(96B) AllocSpace objects, 0(0B) LOS objects, 39% free, 24MB/40MB, paused 260us total 31.532ms
08-06 11:49:58.388 28441 29230 I art     : Starting a blocking GC Explicit
08-06 11:49:58.419 28441 29230 I art     : Explicit concurrent mark sweep GC freed 3(96B) AllocSpace objects, 0(0B) LOS objects, 39% free, 24MB/40MB, paused 256us total 31.232ms
08-06 11:49:58.433 28441 29230 I art     : Starting a blocking GC Explicit
08-06 11:49:58.464 28441 29230 I art     : Explicit concurrent mark sweep GC freed 3(96B) AllocSpace objects, 0(0B) LOS objects, 39% free, 24MB/40MB, paused 255us total 31.283ms
08-06 11:49:58.751 28441 28452 I art     : Starting a blocking GC Explicit
08-06 11:49:58.788 28441 28452 I art     : Explicit concurrent mark sweep GC freed 1346(80KB) AllocSpace objects, 1(20KB) LOS objects, 39% free, 24MB/40MB, paused 334us total 36.431ms
08-06 11:49:58.803 28441 28452 I art     : Starting a blocking GC Explicit
08-06 11:49:58.834 28441 28452 I art     : Explicit concurrent mark sweep GC freed 20(704B) AllocSpace objects, 0(0B) LOS objects, 39% free, 24MB/40MB, paused 259us total 31.270ms
08-06 11:49:58.848 28441 28452 I art     : Starting a blocking GC Explicit
08-06 11:49:58.879 28441 28452 I art     : Explicit concurrent mark sweep GC freed 3(96B) AllocSpace objects, 0(0B) LOS objects, 39% free, 24MB/40MB, paused 253us total 31.308ms
08-06 11:49:58.893 28441 28452 I art     : Starting a blocking GC Explicit
08-06 11:49:58.925 28441 28452 I art     : Explicit concurrent mark sweep GC freed 3(96B) AllocSpace objects, 0(0B) LOS objects, 39% free, 24MB/40MB, paused 250us total 31.434ms
08-06 11:49:58.938 28441 28452 I art     : Starting a blocking GC Explicit
08-06 11:49:58.969 28441 28452 I art     : Explicit concurrent mark sweep GC freed 3(96B) AllocSpace objects, 0(0B) LOS objects, 39% free, 24MB/40MB, paused 234us total 30.395ms
08-06 11:49:59.246 28441 28453 I art     : Starting a blocking GC Explicit
08-06 11:49:59.277 28441 28453 I art     : Explicit concurrent mark sweep GC freed 1346(80KB) AllocSpace objects, 1(20KB) LOS objects, 39% free, 24MB/40MB, paused 276us total 31.183ms
08-06 11:49:59.291 28441 28453 I art     : Starting a blocking GC Explicit
08-06 11:49:59.320 28441 28453 I art     : Explicit concurrent mark sweep GC freed 20(704B) AllocSpace objects, 0(0B) LOS objects, 39% free, 24MB/40MB, paused 253us total 29.554ms
08-06 11:49:59.333 28441 28453 I art     : Starting a blocking GC Explicit
08-06 11:49:59.363 28441 28453 I art     : Explicit concurrent mark sweep GC freed 3(96B) AllocSpace objects, 0(0B) LOS objects, 39% free, 24MB/40MB, paused 250us total 29.110ms
08-06 11:49:59.373 29921 29921 D AndroidRuntime: >>>>>> START com.android.internal.os.RuntimeInit uid 2000 <<<<<<
08-06 11:49:59.376 28441 28453 I art     : Starting a blocking GC Explicit
08-06 11:49:59.378 29921 29921 D AndroidRuntime: CheckJNI is OFF
08-06 11:49:59.405 28441 28453 I art     : Explicit concurrent mark sweep GC freed 3(96B) AllocSpace objects, 0(0B) LOS objects, 39% free, 24MB/40MB, paused 253us total 29.019ms
08-06 11:49:59.414 29921 29921 D ICU     : No timezone override file found: /data/misc/zoneinfo/current/icu/icu_tzdata.dat
08-06 11:49:59.418 28441 28453 I art     : Starting a blocking GC Explicit
08-06 11:49:59.448 28441 28453 I art     : Explicit concurrent mark sweep GC freed 3(96B) AllocSpace objects, 0(0B) LOS objects, 39% free, 24MB/40MB, paused 270us total 29.695ms
08-06 11:49:59.450 29921 29921 I Radio-JNI: register_android_hardware_Radio DONE
08-06 11:49:59.472 29921 29921 D AndroidRuntime: Calling main entry com.android.commands.input.Input
08-06 11:49:59.474 29921 29921 I Input   : injectMotionEvent: MotionEvent { action=ACTION_DOWN, actionButton=0, id[0]=0, x[0]=600.0, y[0]=1536.0, toolType[0]=TOOL_TYPE_UNKNOWN, buttonState=0, metaState=0, flags=0x0, edgeFlags=0x0, pointerCount=1, historySize=0, eventTime=877815887, downTime=877815887, deviceId=0, source=0x1002 }
08-06 11:49:59.479 29921 29921 I Input   : injectMotionEvent: MotionEvent { action=ACTION_UP, actionButton=0, id[0]=0, x[0]=600.0, y[0]=1536.0, toolType[0]=TOOL_TYPE_UNKNOWN, buttonState=0, metaState=0, flags=0x0, edgeFlags=0x0, pointerCount=1, historySize=0, eventTime=877815887, downTime=877815887, deviceId=0, source=0x1002 }
08-06 11:49:59.480 29921 29921 D AndroidRuntime: Shutting down VM
08-06 11:49:59.484   512  2967 D audio_hw_primary: out_set_parameters: enter: usecase(1: low-latency-playback) kvpairs: routing=2
08-06 11:49:59.485   918  3696 I ActivityManager: START u0 {dat=https://oauth.reddit.com/... cmp=baseline.org.quantumbadger.redreader/.activities.PostListingActivity} from uid 10705 on display 0
08-06 11:49:59.497   512  2967 D audio_hw_primary: select_devices: out_snd_device(2: speaker) in_snd_device(0: none)
08-06 11:49:59.497   512  2967 D msm8974_platform: platform_send_audio_calibration: sending audio calibration for snd_device(2) acdb_id(15)
08-06 11:49:59.497   512  2967 I soundtrigger: audio_extn_sound_trigger_update_device_status: device 0x2 of type 0 for Event 1
08-06 11:49:59.504 28441 28441 I AppCompatViewInflater: app:theme is now deprecated. Please move to using android:theme instead.
08-06 11:49:59.508   512  2967 D audio_hw_primary: enable_snd_device: snd_device(2: speaker)
08-06 11:49:59.510   512  2967 D audio_hw_primary: enable_audio_route: apply and update mixer path: low-latency-playback speaker
08-06 11:49:59.523 28441 29946 D OK      : calling: https://oauth.reddit.com/r/askscience/about.json
08-06 11:49:59.575   918   936 I ActivityManager: Displayed baseline.org.quantumbadger.redreader/.activities.PostListingActivity: +81ms
08-06 11:49:59.576 13866 13866 I GoogleInputMethodServic: GoogleInputMethodService.onFinishInput():3138 
08-06 11:49:59.577 13866 13866 I GoogleInputMethodServic: GoogleInputMethodService.onStartInput():1808 
08-06 11:49:59.686 28441 29230 I art     : Starting a blocking GC Explicit
08-06 11:49:59.724 28441 29230 I art     : Explicit concurrent mark sweep GC freed 4938(262KB) AllocSpace objects, 1(20KB) LOS objects, 38% free, 25MB/41MB, paused 346us total 37.765ms
08-06 11:49:59.739 28441 29230 I art     : Starting a blocking GC Explicit
08-06 11:49:59.777 28441 29230 I art     : Explicit concurrent mark sweep GC freed 536(27KB) AllocSpace objects, 0(0B) LOS objects, 39% free, 25MB/41MB, paused 353us total 37.239ms
08-06 11:49:59.793 28441 29230 I art     : Starting a blocking GC Explicit
08-06 11:49:59.799 28441 29946 I NAPPA_EXPERIMENTATION: MetricNetworkRequestExecutionTime: REQUEST_DURATION_SYSTEM='276',REQUEST_DURATION_OKHTTP='148',REQUEST_SYNCHRONOUS='TRUE',RESPONSE_CODE='200',RESPONSE_METHOD='GET',RESPONSE_LENGTH_OKHTTP='-1',RESPONSE_LENGTH_HEADER='4700',REQUEST_PROTOCOL='h2',REQUEST_URL='https://oauth.reddit.com/r/askscience/about.json',
08-06 11:49:59.799 28441 29946 D OK      : request got status: 200
08-06 11:49:59.828 28441 29230 I art     : Explicit concurrent mark sweep GC freed 969(140KB) AllocSpace objects, 2(88KB) LOS objects, 38% free, 25MB/41MB, paused 410us total 34.616ms
08-06 11:49:59.833   380   380 W SurfaceFlinger: couldn't log to binary event log: overflow.
08-06 11:49:59.844 28441 29230 I art     : Starting a blocking GC Explicit
08-06 11:49:59.870 28441 29230 I art     : Explicit concurrent mark sweep GC freed 751(53KB) AllocSpace objects, 1(68KB) LOS objects, 38% free, 25MB/41MB, paused 239us total 26.260ms
08-06 11:49:59.882 28441 29230 I art     : Starting a blocking GC Explicit
08-06 11:49:59.908 28441 29230 I art     : Explicit concurrent mark sweep GC freed 140(8KB) AllocSpace objects, 0(0B) LOS objects, 38% free, 25MB/41MB, paused 232us total 25.493ms
08-06 11:50:00.048   512  2967 D audio_hw_primary: disable_audio_route: reset and update mixer path: low-latency-playback speaker
08-06 11:50:00.051   512  2967 D audio_hw_primary: disable_snd_device: snd_device(2: speaker)
08-06 11:50:00.060   512  2967 I soundtrigger: audio_extn_sound_trigger_update_device_status: device 0x2 of type 0 for Event 0
08-06 11:50:00.194 28441 28667 I art     : Starting a blocking GC Explicit
08-06 11:50:00.227 28441 28667 I art     : Explicit concurrent mark sweep GC freed 1448(84KB) AllocSpace objects, 1(20KB) LOS objects, 38% free, 25MB/41MB, paused 284us total 32.061ms
08-06 11:50:00.240 28441 28667 I art     : Starting a blocking GC Explicit
08-06 11:50:00.268 28441 28667 I art     : Explicit concurrent mark sweep GC freed 44(1728B) AllocSpace objects, 0(0B) LOS objects, 38% free, 25MB/41MB, paused 270us total 27.877ms
08-06 11:50:00.282 28441 28667 I art     : Starting a blocking GC Explicit
08-06 11:50:00.310 28441 28667 I art     : Explicit concurrent mark sweep GC freed 3(96B) AllocSpace objects, 0(0B) LOS objects, 38% free, 25MB/41MB, paused 269us total 27.630ms
08-06 11:50:00.322 28441 28667 I art     : Starting a blocking GC Explicit
08-06 11:50:00.352 28441 28667 I art     : Explicit concurrent mark sweep GC freed 3(96B) AllocSpace objects, 0(0B) LOS objects, 38% free, 25MB/41MB, paused 360us total 29.398ms
08-06 11:50:00.364 28441 28667 I art     : Starting a blocking GC Explicit
08-06 11:50:00.395 28441 28667 I art     : Explicit concurrent mark sweep GC freed 3(96B) AllocSpace objects, 0(0B) LOS objects, 38% free, 25MB/41MB, paused 269us total 30.060ms
08-06 11:50:00.693 28441 28453 I art     : Starting a blocking GC Explicit
08-06 11:50:00.722 28441 29980 D OK      : calling: https://oauth.reddit.com/r/askscience/hot/.json
08-06 11:50:00.725 28441 28453 I art     : Explicit concurrent mark sweep GC freed 1391(82KB) AllocSpace objects, 1(20KB) LOS objects, 38% free, 25MB/41MB, paused 597us total 32.170ms
08-06 11:50:00.739 28441 28453 I art     : Starting a blocking GC Explicit
08-06 11:50:00.770 28441 28453 I art     : Explicit concurrent mark sweep GC freed 67(2496B) AllocSpace objects, 0(0B) LOS objects, 38% free, 25MB/41MB, paused 302us total 30.942ms
08-06 11:50:00.783 28441 28453 I art     : Starting a blocking GC Explicit
08-06 11:50:00.814 28441 28453 I art     : Explicit concurrent mark sweep GC freed 9(352B) AllocSpace objects, 0(0B) LOS objects, 38% free, 25MB/41MB, paused 313us total 30.705ms
08-06 11:50:00.827 28441 28453 I art     : Starting a blocking GC Explicit
08-06 11:50:00.857 28441 28453 I art     : Explicit concurrent mark sweep GC freed 3(96B) AllocSpace objects, 0(0B) LOS objects, 38% free, 25MB/41MB, paused 446us total 30.166ms
08-06 11:50:00.870 28441 28453 I art     : Starting a blocking GC Explicit
08-06 11:50:00.901 28441 28453 I art     : Explicit concurrent mark sweep GC freed 3(96B) AllocSpace objects, 0(0B) LOS objects, 38% free, 25MB/41MB, paused 363us total 30.732ms
08-06 11:50:00.913 28441 29980 I NAPPA_EXPERIMENTATION: MetricNetworkRequestExecutionTime: REQUEST_DURATION_SYSTEM='190',REQUEST_DURATION_OKHTTP='187',REQUEST_SYNCHRONOUS='TRUE',RESPONSE_CODE='200',RESPONSE_METHOD='GET',RESPONSE_LENGTH_OKHTTP='-1',RESPONSE_LENGTH_HEADER='21282',REQUEST_PROTOCOL='h2',REQUEST_URL='https://oauth.reddit.com/r/askscience/hot/.json',
08-06 11:50:00.913 28441 29980 D OK      : request got status: 200
08-06 11:50:00.931 28441 29005 I PostListingFragment: Precaching images: OFF
08-06 11:50:00.931 28441 29005 I PostListingFragment: Precaching comments: OFF
08-06 11:50:01.051   918  3261 D WifiStateMachine: starting scan for "H369AA63323"WPA_PSK with 2412,5180
08-06 11:50:01.167 28441 29230 I art     : Starting a blocking GC Explicit
08-06 11:50:01.206 28441 29230 I art     : Explicit concurrent mark sweep GC freed 20274(969KB) AllocSpace objects, 3(156KB) LOS objects, 38% free, 25MB/41MB, paused 446us total 38.515ms
08-06 11:50:01.220 28441 29230 I art     : Starting a blocking GC Explicit
08-06 11:50:01.252 28441 29230 I art     : Explicit concurrent mark sweep GC freed 13924(637KB) AllocSpace objects, 0(0B) LOS objects, 38% free, 25MB/41MB, paused 556us total 32.117ms
08-06 11:50:01.265 28441 29230 I art     : Starting a blocking GC Explicit
08-06 11:50:01.296 28441 29230 I art     : Explicit concurrent mark sweep GC freed 1072(51KB) AllocSpace objects, 0(0B) LOS objects, 38% free, 25MB/41MB, paused 617us total 30.525ms
08-06 11:50:01.309 28441 29230 I art     : Starting a blocking GC Explicit
08-06 11:50:01.340 28441 29230 I art     : Explicit concurrent mark sweep GC freed 575(25KB) AllocSpace objects, 0(0B) LOS objects, 38% free, 25MB/41MB, paused 261us total 30.956ms
08-06 11:50:01.340 28441 28451 I art     : WaitForGcToComplete blocked for 24.921ms for cause HeapTrim
08-06 11:50:01.355 28441 29230 I art     : Starting a blocking GC Explicit
08-06 11:50:01.386 28441 29230 I art     : Explicit concurrent mark sweep GC freed 75(4KB) AllocSpace objects, 0(0B) LOS objects, 38% free, 25MB/41MB, paused 276us total 31.073ms
08-06 11:50:01.680 28441 29230 I art     : Starting a blocking GC Explicit
08-06 11:50:01.715 28441 29230 I art     : Explicit concurrent mark sweep GC freed 1594(90KB) AllocSpace objects, 1(20KB) LOS objects, 38% free, 25MB/41MB, paused 261us total 34.807ms
08-06 11:50:01.728 28441 29230 I art     : Starting a blocking GC Explicit
08-06 11:50:01.762 28441 29230 I art     : Explicit concurrent mark sweep GC freed 20(704B) AllocSpace objects, 0(0B) LOS objects, 38% free, 25MB/41MB, paused 274us total 33.167ms
08-06 11:50:01.775 28441 29230 I art     : Starting a blocking GC Explicit
08-06 11:50:01.809 28441 29230 I art     : Explicit concurrent mark sweep GC freed 3(96B) AllocSpace objects, 0(0B) LOS objects, 38% free, 25MB/41MB, paused 274us total 33.955ms
08-06 11:50:01.823 28441 29230 I art     : Starting a blocking GC Explicit
08-06 11:50:01.858 28441 29230 I art     : Explicit concurrent mark sweep GC freed 3(96B) AllocSpace objects, 0(0B) LOS objects, 38% free, 25MB/41MB, paused 279us total 34.040ms
08-06 11:50:01.872 28441 29230 I art     : Starting a blocking GC Explicit
08-06 11:50:01.906 28441 29230 I art     : Explicit concurrent mark sweep GC freed 3(96B) AllocSpace objects, 0(0B) LOS objects, 38% free, 25MB/41MB, paused 275us total 34.160ms
08-06 11:50:02.229 28441 28452 I art     : Starting a blocking GC Explicit
08-06 11:50:02.277 28441 28452 I art     : Explicit concurrent mark sweep GC freed 1347(80KB) AllocSpace objects, 1(20KB) LOS objects, 38% free, 25MB/41MB, paused 307us total 46.990ms
08-06 11:50:02.293 28441 28452 I art     : Starting a blocking GC Explicit
08-06 11:50:02.328 28441 28452 I art     : Explicit concurrent mark sweep GC freed 20(704B) AllocSpace objects, 0(0B) LOS objects, 38% free, 25MB/41MB, paused 275us total 34.444ms
08-06 11:50:02.342 28441 28452 I art     : Starting a blocking GC Explicit
08-06 11:50:02.376 28441 28452 I art     : Explicit concurrent mark sweep GC freed 3(96B) AllocSpace objects, 0(0B) LOS objects, 38% free, 25MB/41MB, paused 281us total 33.537ms
08-06 11:50:02.389 28441 28452 I art     : Starting a blocking GC Explicit
08-06 11:50:02.424 28441 28452 I art     : Explicit concurrent mark sweep GC freed 3(96B) AllocSpace objects, 0(0B) LOS objects, 38% free, 25MB/41MB, paused 288us total 34.163ms
08-06 11:50:02.438 28441 28452 I art     : Starting a blocking GC Explicit
08-06 11:50:02.472 28441 28452 I art     : Explicit concurrent mark sweep GC freed 3(96B) AllocSpace objects, 0(0B) LOS objects, 38% free, 25MB/41MB, paused 323us total 33.975ms
08-06 11:50:02.736 25566 25566 I ServiceManager: Waiting for service AtCmdFwd...
08-06 11:50:02.800 28441 28465 I art     : Starting a blocking GC Explicit
08-06 11:50:02.850 28441 28465 I art     : Explicit concurrent mark sweep GC freed 1347(80KB) AllocSpace objects, 1(20KB) LOS objects, 38% free, 25MB/41MB, paused 310us total 48.841ms
08-06 11:50:02.867 28441 28465 I art     : Starting a blocking GC Explicit
08-06 11:50:02.900 28441 28465 I art     : Explicit concurrent mark sweep GC freed 20(704B) AllocSpace objects, 0(0B) LOS objects, 38% free, 25MB/41MB, paused 262us total 32.416ms
08-06 11:50:02.913 28441 28465 I art     : Starting a blocking GC Explicit
08-06 11:50:02.947 28441 28465 I art     : Explicit concurrent mark sweep GC freed 3(96B) AllocSpace objects, 0(0B) LOS objects, 38% free, 25MB/41MB, paused 339us total 33.319ms
08-06 11:50:02.961 28441 28465 I art     : Starting a blocking GC Explicit
08-06 11:50:02.995 28441 28465 I art     : Explicit concurrent mark sweep GC freed 3(96B) AllocSpace objects, 0(0B) LOS objects, 38% free, 25MB/41MB, paused 268us total 33.864ms
08-06 11:50:03.009 28441 28465 I art     : Starting a blocking GC Explicit
08-06 11:50:03.042 28441 28465 I art     : Explicit concurrent mark sweep GC freed 3(96B) AllocSpace objects, 0(0B) LOS objects, 38% free, 25MB/41MB, paused 279us total 33.575ms
08-06 11:50:03.353 28441 28667 I art     : Starting a blocking GC Explicit
08-06 11:50:03.391 28441 28667 I art     : Explicit concurrent mark sweep GC freed 1346(80KB) AllocSpace objects, 1(20KB) LOS objects, 38% free, 25MB/41MB, paused 285us total 38.253ms
08-06 11:50:03.405 28441 28667 I art     : Starting a blocking GC Explicit
08-06 11:50:03.439 28441 28667 I art     : Explicit concurrent mark sweep GC freed 20(704B) AllocSpace objects, 0(0B) LOS objects, 38% free, 25MB/41MB, paused 277us total 33.513ms
08-06 11:50:03.452 28441 28667 I art     : Starting a blocking GC Explicit
08-06 11:50:03.486 28441 28667 I art     : Explicit concurrent mark sweep GC freed 3(96B) AllocSpace objects, 0(0B) LOS objects, 38% free, 25MB/41MB, paused 289us total 33.174ms
08-06 11:50:03.499 28441 28667 I art     : Starting a blocking GC Explicit
08-06 11:50:03.534 28441 28667 I art     : Explicit concurrent mark sweep GC freed 3(96B) AllocSpace objects, 0(0B) LOS objects, 38% free, 25MB/41MB, paused 285us total 33.850ms
08-06 11:50:03.547 28441 28667 I art     : Starting a blocking GC Explicit
08-06 11:50:03.581 28441 28667 I art     : Explicit concurrent mark sweep GC freed 3(96B) AllocSpace objects, 0(0B) LOS objects, 38% free, 25MB/41MB, paused 285us total 33.797ms
08-06 11:50:03.737 25566 25566 I ServiceManager: Waiting for service AtCmdFwd...
08-06 11:50:03.916 28441 28453 I art     : Starting a blocking GC Explicit
08-06 11:50:03.959 28441 28453 I art     : Explicit concurrent mark sweep GC freed 1346(80KB) AllocSpace objects, 1(20KB) LOS objects, 38% free, 25MB/41MB, paused 309us total 42.818ms
08-06 11:50:03.976 28441 28453 I art     : Starting a blocking GC Explicit
08-06 11:50:04.009 28441 28453 I art     : Explicit concurrent mark sweep GC freed 20(704B) AllocSpace objects, 0(0B) LOS objects, 38% free, 25MB/41MB, paused 297us total 33.555ms
08-06 11:50:04.023 28441 28453 I art     : Starting a blocking GC Explicit
08-06 11:50:04.058 28441 28453 I art     : Explicit concurrent mark sweep GC freed 3(96B) AllocSpace objects, 0(0B) LOS objects, 38% free, 25MB/41MB, paused 269us total 34.768ms
08-06 11:50:04.072 28441 28453 I art     : Starting a blocking GC Explicit
08-06 11:50:04.106 28441 28453 I art     : Explicit concurrent mark sweep GC freed 3(96B) AllocSpace objects, 0(0B) LOS objects, 38% free, 25MB/41MB, paused 283us total 33.698ms
08-06 11:50:04.119 28441 28453 I art     : Starting a blocking GC Explicit
08-06 11:50:04.153 28441 28453 I art     : Explicit concurrent mark sweep GC freed 3(96B) AllocSpace objects, 0(0B) LOS objects, 38% free, 25MB/41MB, paused 290us total 33.232ms
08-06 11:50:04.474 28441 29230 I art     : Starting a blocking GC Explicit
08-06 11:50:04.517 28441 29230 I art     : Explicit concurrent mark sweep GC freed 1350(80KB) AllocSpace objects, 1(20KB) LOS objects, 38% free, 25MB/41MB, paused 305us total 42.356ms
08-06 11:50:04.534 28441 29230 I art     : Starting a blocking GC Explicit
08-06 11:50:04.571 28441 29230 I art     : Explicit concurrent mark sweep GC freed 20(704B) AllocSpace objects, 0(0B) LOS objects, 38% free, 25MB/41MB, paused 278us total 36.455ms
08-06 11:50:04.585 28441 29230 I art     : Starting a blocking GC Explicit
08-06 11:50:04.617 28441 29230 I art     : Explicit concurrent mark sweep GC freed 3(96B) AllocSpace objects, 0(0B) LOS objects, 38% free, 25MB/41MB, paused 287us total 32.623ms
08-06 11:50:04.631 28441 29230 I art     : Starting a blocking GC Explicit
08-06 11:50:04.664 28441 29230 I art     : Explicit concurrent mark sweep GC freed 3(96B) AllocSpace objects, 0(0B) LOS objects, 38% free, 25MB/41MB, paused 275us total 32.896ms
08-06 11:50:04.678 28441 29230 I art     : Starting a blocking GC Explicit
08-06 11:50:04.711 28441 29230 I art     : Explicit concurrent mark sweep GC freed 3(96B) AllocSpace objects, 0(0B) LOS objects, 38% free, 25MB/41MB, paused 258us total 33.305ms
08-06 11:50:04.738 25566 25566 I ServiceManager: Waiting for service AtCmdFwd...
08-06 11:50:04.985 28441 28452 I art     : Starting a blocking GC Explicit
08-06 11:50:05.018 28441 28452 I art     : Explicit concurrent mark sweep GC freed 1347(80KB) AllocSpace objects, 1(20KB) LOS objects, 38% free, 25MB/41MB, paused 278us total 33.665ms
08-06 11:50:05.033 28441 28452 I art     : Starting a blocking GC Explicit
08-06 11:50:05.065 28441 28452 I art     : Explicit concurrent mark sweep GC freed 20(704B) AllocSpace objects, 0(0B) LOS objects, 38% free, 25MB/41MB, paused 248us total 31.892ms
08-06 11:50:05.078 28441 28452 I art     : Starting a blocking GC Explicit
08-06 11:50:05.111 28441 28452 I art     : Explicit concurrent mark sweep GC freed 3(96B) AllocSpace objects, 0(0B) LOS objects, 38% free, 25MB/41MB, paused 275us total 32.480ms
08-06 11:50:05.125 28441 28452 I art     : Starting a blocking GC Explicit
08-06 11:50:05.156 28441 28452 I art     : Explicit concurrent mark sweep GC freed 3(96B) AllocSpace objects, 0(0B) LOS objects, 38% free, 25MB/41MB, paused 267us total 31.560ms
08-06 11:50:05.170 28441 28452 I art     : Starting a blocking GC Explicit
08-06 11:50:05.173 30053 30053 D AndroidRuntime: >>>>>> START com.android.internal.os.RuntimeInit uid 2000 <<<<<<
08-06 11:50:05.178 30053 30053 D AndroidRuntime: CheckJNI is OFF
08-06 11:50:05.202 28441 28452 I art     : Explicit concurrent mark sweep GC freed 3(96B) AllocSpace objects, 0(0B) LOS objects, 38% free, 25MB/41MB, paused 274us total 32.370ms
08-06 11:50:05.216 30053 30053 D ICU     : No timezone override file found: /data/misc/zoneinfo/current/icu/icu_tzdata.dat
08-06 11:50:05.248 30053 30053 I Radio-JNI: register_android_hardware_Radio DONE
08-06 11:50:05.270 30053 30053 D AndroidRuntime: Calling main entry com.android.commands.input.Input
08-06 11:50:05.272 30053 30053 I Input   : injectMotionEvent: MotionEvent { action=ACTION_DOWN, actionButton=0, id[0]=0, x[0]=600.0, y[0]=700.0, toolType[0]=TOOL_TYPE_UNKNOWN, buttonState=0, metaState=0, flags=0x0, edgeFlags=0x0, pointerCount=1, historySize=0, eventTime=877821685, downTime=877821685, deviceId=0, source=0x1002 }
08-06 11:50:05.279 30053 30053 I Input   : injectMotionEvent: MotionEvent { action=ACTION_UP, actionButton=0, id[0]=0, x[0]=600.0, y[0]=700.0, toolType[0]=TOOL_TYPE_UNKNOWN, buttonState=0, metaState=0, flags=0x0, edgeFlags=0x0, pointerCount=1, historySize=0, eventTime=877821685, downTime=877821685, deviceId=0, source=0x1002 }
08-06 11:50:05.281 30053 30053 D AndroidRuntime: Shutting down VM
08-06 11:50:05.297   512  2967 D audio_hw_primary: out_set_parameters: enter: usecase(1: low-latency-playback) kvpairs: routing=2
08-06 11:50:05.299   918  6112 I ActivityManager: START u0 {dat=https://oauth.reddit.com/... cmp=baseline.org.quantumbadger.redreader/.activities.CommentListingActivity} from uid 10705 on display 0
08-06 11:50:05.310   512  2967 D audio_hw_primary: select_devices: out_snd_device(2: speaker) in_snd_device(0: none)
08-06 11:50:05.310   512  2967 D msm8974_platform: platform_send_audio_calibration: sending audio calibration for snd_device(2) acdb_id(15)
08-06 11:50:05.310   512  2967 I soundtrigger: audio_extn_sound_trigger_update_device_status: device 0x2 of type 0 for Event 1
08-06 11:50:05.322   512  2967 D audio_hw_primary: enable_snd_device: snd_device(2: speaker)
08-06 11:50:05.322 28441 28441 I AppCompatViewInflater: app:theme is now deprecated. Please move to using android:theme instead.
08-06 11:50:05.324   512  2967 D audio_hw_primary: enable_audio_route: apply and update mixer path: low-latency-playback speaker
08-06 11:50:05.341 28441 29005 I CommentListingActivity: COMMENTS session changed to 553eb27c-7b81-45c7-813c-457071ec3f9a
08-06 11:50:05.408   918   936 I ActivityManager: Displayed baseline.org.quantumbadger.redreader/.activities.CommentListingActivity: +101ms
08-06 11:50:05.408 13866 13866 I GoogleInputMethodServic: GoogleInputMethodService.onFinishInput():3138 
08-06 11:50:05.416 13866 13866 I GoogleInputMethodServic: GoogleInputMethodService.onStartInput():1808 
08-06 11:50:05.449 28441 29230 I art     : Starting a blocking GC Explicit
08-06 11:50:05.504 28441 29230 I art     : Explicit concurrent mark sweep GC freed 30209(2030KB) AllocSpace objects, 3(56KB) LOS objects, 35% free, 28MB/44MB, paused 4.719ms total 54.642ms
08-06 11:50:05.522 28441 29230 I art     : Starting a blocking GC Explicit
08-06 11:50:05.568 28441 29230 I art     : Explicit concurrent mark sweep GC freed 13981(973KB) AllocSpace objects, 1(16KB) LOS objects, 35% free, 29MB/45MB, paused 400us total 46.208ms
08-06 11:50:05.584 28441 29230 I art     : Starting a blocking GC Explicit
08-06 11:50:05.625 28441 29230 I art     : Explicit concurrent mark sweep GC freed 21764(1023KB) AllocSpace objects, 0(0B) LOS objects, 36% free, 28MB/44MB, paused 260us total 41.653ms
08-06 11:50:05.640 28441 29230 I art     : Starting a blocking GC Explicit
08-06 11:50:05.657   380   380 W SurfaceFlinger: couldn't log to binary event log: overflow.
08-06 11:50:05.681 28441 29230 I art     : Explicit concurrent mark sweep GC freed 11(544B) AllocSpace objects, 0(0B) LOS objects, 36% free, 28MB/44MB, paused 244us total 41.159ms
08-06 11:50:05.696 28441 29230 I art     : Starting a blocking GC Explicit
08-06 11:50:05.734 28441 29230 I art     : Explicit concurrent mark sweep GC freed 3(96B) AllocSpace objects, 0(0B) LOS objects, 36% free, 28MB/44MB, paused 244us total 38.182ms
08-06 11:50:05.738 25566 25566 I ServiceManager: Waiting for service AtCmdFwd...
08-06 11:50:05.859   512  2967 D audio_hw_primary: disable_audio_route: reset and update mixer path: low-latency-playback speaker
08-06 11:50:05.860   512  2967 D audio_hw_primary: disable_snd_device: snd_device(2: speaker)
08-06 11:50:05.869   512  2967 I soundtrigger: audio_extn_sound_trigger_update_device_status: device 0x2 of type 0 for Event 0
08-06 11:50:05.967 28441 29981 I RedditChangeDataIO: Writing tmp data file at '/data/user/0/baseline.org.quantumbadger.redreader/files/rr_change_data_tmp.dat'
08-06 11:50:05.968 28441 29981 I RedditChangeDataManager: Taking snapshot...
08-06 11:50:05.968 28441 29981 I RedditChangeDataManager: Writing to stream...
08-06 11:50:05.968 28441 29981 I RedditChangeDataManager: Wrote 3 entries for user ''
08-06 11:50:05.969 28441 29981 I RedditChangeDataManager: All entries written to stream.
08-06 11:50:05.969 28441 29981 I RedditChangeDataIO: Write successful. Atomically replacing data file...
08-06 11:50:05.969 28441 29981 I RedditChangeDataIO: Write complete.
08-06 11:50:05.969 28441 29981 I RedditChangeDataIO: 86 bytes written in 2 ms
08-06 11:50:06.013 28441 29230 I art     : Starting a blocking GC Explicit
08-06 11:50:06.061 28441 29230 I art     : Explicit concurrent mark sweep GC freed 1766(128KB) AllocSpace objects, 2(88KB) LOS objects, 36% free, 28MB/44MB, paused 223us total 47.420ms
08-06 11:50:06.078 28441 29230 I art     : Starting a blocking GC Explicit
08-06 11:50:06.125 28441 29230 I art     : Explicit concurrent mark sweep GC freed 92(3KB) AllocSpace objects, 0(0B) LOS objects, 36% free, 28MB/44MB, paused 226us total 46.613ms
08-06 11:50:06.141 28441 29230 I art     : Starting a blocking GC Explicit
08-06 11:50:06.187 28441 29230 I art     : Explicit concurrent mark sweep GC freed 3(96B) AllocSpace objects, 0(0B) LOS objects, 36% free, 28MB/44MB, paused 272us total 45.632ms
08-06 11:50:06.203 28441 29230 I art     : Starting a blocking GC Explicit
08-06 11:50:06.248 28441 29230 I art     : Explicit concurrent mark sweep GC freed 3(96B) AllocSpace objects, 0(0B) LOS objects, 36% free, 28MB/44MB, paused 249us total 45.281ms
08-06 11:50:06.264 28441 29230 I art     : Starting a blocking GC Explicit
08-06 11:50:06.309 28441 29230 I art     : Explicit concurrent mark sweep GC freed 3(96B) AllocSpace objects, 0(0B) LOS objects, 36% free, 28MB/44MB, paused 222us total 44.852ms
08-06 11:50:06.593 28441 28452 I art     : Starting a blocking GC Explicit
08-06 11:50:06.652 28441 28452 I art     : Explicit concurrent mark sweep GC freed 1346(80KB) AllocSpace objects, 1(20KB) LOS objects, 36% free, 28MB/44MB, paused 271us total 59.142ms
08-06 11:50:06.673 28441 28452 I art     : Starting a blocking GC Explicit
08-06 11:50:06.719 28441 28452 I art     : Explicit concurrent mark sweep GC freed 66(2528B) AllocSpace objects, 0(0B) LOS objects, 36% free, 28MB/44MB, paused 247us total 45.931ms
08-06 11:50:06.735 28441 28452 I art     : Starting a blocking GC Explicit
08-06 11:50:06.739 25566 25566 I ServiceManager: Waiting for service AtCmdFwd...
08-06 11:50:06.782 28441 28452 I art     : Explicit concurrent mark sweep GC freed 3(96B) AllocSpace objects, 0(0B) LOS objects, 36% free, 28MB/44MB, paused 230us total 46.377ms
08-06 11:50:06.797 28441 28452 I art     : Starting a blocking GC Explicit
08-06 11:50:06.844 28441 28452 I art     : Explicit concurrent mark sweep GC freed 3(96B) AllocSpace objects, 0(0B) LOS objects, 36% free, 28MB/44MB, paused 236us total 46.292ms
08-06 11:50:06.860 28441 28452 I art     : Starting a blocking GC Explicit
08-06 11:50:06.907 28441 28452 I art     : Explicit concurrent mark sweep GC freed 3(96B) AllocSpace objects, 0(0B) LOS objects, 36% free, 28MB/44MB, paused 257us total 47.438ms
08-06 11:50:07.231 28441 28465 I art     : Starting a blocking GC Explicit
08-06 11:50:07.287 28441 28465 I art     : Explicit concurrent mark sweep GC freed 1346(80KB) AllocSpace objects, 1(20KB) LOS objects, 36% free, 28MB/44MB, paused 272us total 55.581ms
08-06 11:50:07.309 28441 28465 I art     : Starting a blocking GC Explicit
08-06 11:50:07.355 28441 28465 I art     : Explicit concurrent mark sweep GC freed 20(704B) AllocSpace objects, 0(0B) LOS objects, 36% free, 28MB/44MB, paused 250us total 45.745ms
08-06 11:50:07.371 28441 28465 I art     : Starting a blocking GC Explicit
08-06 11:50:07.416 28441 28465 I art     : Explicit concurrent mark sweep GC freed 3(96B) AllocSpace objects, 0(0B) LOS objects, 36% free, 28MB/44MB, paused 245us total 44.798ms
08-06 11:50:07.432 28441 28465 I art     : Starting a blocking GC Explicit
08-06 11:50:07.479 28441 28465 I art     : Explicit concurrent mark sweep GC freed 3(96B) AllocSpace objects, 0(0B) LOS objects, 36% free, 28MB/44MB, paused 255us total 47.468ms
08-06 11:50:07.495 28441 28465 I art     : Starting a blocking GC Explicit
08-06 11:50:07.541 28441 28465 I art     : Explicit concurrent mark sweep GC freed 3(96B) AllocSpace objects, 0(0B) LOS objects, 36% free, 28MB/44MB, paused 248us total 45.478ms
08-06 11:50:07.739 25566 25566 W Atfwd_Sendcmd: AtCmdFwd service not published, waiting... retryCnt : 4
08-06 11:50:07.857 28441 28453 I art     : Starting a blocking GC Explicit
08-06 11:50:07.920 28441 28453 I art     : Explicit concurrent mark sweep GC freed 1346(80KB) AllocSpace objects, 1(20KB) LOS objects, 36% free, 28MB/44MB, paused 283us total 63.450ms
08-06 11:50:07.941 28441 28453 I art     : Starting a blocking GC Explicit
08-06 11:50:07.989 28441 28453 I art     : Explicit concurrent mark sweep GC freed 20(704B) AllocSpace objects, 0(0B) LOS objects, 36% free, 28MB/44MB, paused 252us total 48.507ms
08-06 11:50:08.005 28441 28453 I art     : Starting a blocking GC Explicit
08-06 11:50:08.053 28441 28453 I art     : Explicit concurrent mark sweep GC freed 3(96B) AllocSpace objects, 0(0B) LOS objects, 36% free, 28MB/44MB, paused 260us total 47.610ms
08-06 11:50:08.069 28441 28453 I art     : Starting a blocking GC Explicit
08-06 11:50:08.114 28441 28453 I art     : Explicit concurrent mark sweep GC freed 3(96B) AllocSpace objects, 0(0B) LOS objects, 36% free, 28MB/44MB, paused 252us total 45.445ms
08-06 11:50:08.130 28441 28453 I art     : Starting a blocking GC Explicit
08-06 11:50:08.178 28441 28453 I art     : Explicit concurrent mark sweep GC freed 3(96B) AllocSpace objects, 0(0B) LOS objects, 36% free, 28MB/44MB, paused 256us total 47.549ms
08-06 11:50:08.482 28441 29230 I art     : Starting a blocking GC Explicit
08-06 11:50:08.539 28441 29230 I art     : Explicit concurrent mark sweep GC freed 1346(80KB) AllocSpace objects, 1(20KB) LOS objects, 36% free, 28MB/44MB, paused 284us total 56.590ms
08-06 11:50:08.561 28441 29230 I art     : Starting a blocking GC Explicit
08-06 11:50:08.607 28441 29230 I art     : Explicit concurrent mark sweep GC freed 20(704B) AllocSpace objects, 0(0B) LOS objects, 36% free, 28MB/44MB, paused 242us total 44.983ms
08-06 11:50:08.622 28441 29230 I art     : Starting a blocking GC Explicit
08-06 11:50:08.668 28441 29230 I art     : Explicit concurrent mark sweep GC freed 3(96B) AllocSpace objects, 0(0B) LOS objects, 36% free, 28MB/44MB, paused 256us total 45.378ms
08-06 11:50:08.683 28441 29230 I art     : Starting a blocking GC Explicit
08-06 11:50:08.730 28441 29230 I art     : Explicit concurrent mark sweep GC freed 3(96B) AllocSpace objects, 0(0B) LOS objects, 36% free, 28MB/44MB, paused 245us total 46.493ms
08-06 11:50:08.746 28441 29230 I art     : Starting a blocking GC Explicit
08-06 11:50:08.791 28441 29230 I art     : Explicit concurrent mark sweep GC freed 3(96B) AllocSpace objects, 0(0B) LOS objects, 36% free, 28MB/44MB, paused 267us total 44.771ms
08-06 11:50:09.103 28441 28667 I art     : Starting a blocking GC Explicit
08-06 11:50:09.158 28441 28667 I art     : Explicit concurrent mark sweep GC freed 1346(80KB) AllocSpace objects, 1(20KB) LOS objects, 36% free, 28MB/44MB, paused 279us total 54.237ms
08-06 11:50:09.175 28441 28667 I art     : Starting a blocking GC Explicit
08-06 11:50:09.223 28441 28667 I art     : Explicit concurrent mark sweep GC freed 20(704B) AllocSpace objects, 0(0B) LOS objects, 36% free, 28MB/44MB, paused 251us total 47.903ms
08-06 11:50:09.239 28441 28667 I art     : Starting a blocking GC Explicit
08-06 11:50:09.287 28441 28667 I art     : Explicit concurrent mark sweep GC freed 3(96B) AllocSpace objects, 0(0B) LOS objects, 36% free, 28MB/44MB, paused 256us total 47.148ms
08-06 11:50:09.302 28441 28667 I art     : Starting a blocking GC Explicit
08-06 11:50:09.350 28441 28667 I art     : Explicit concurrent mark sweep GC freed 3(96B) AllocSpace objects, 0(0B) LOS objects, 36% free, 28MB/44MB, paused 248us total 47.656ms
08-06 11:50:09.366 28441 28667 I art     : Starting a blocking GC Explicit
08-06 11:50:09.411 28441 28667 I art     : Explicit concurrent mark sweep GC freed 3(96B) AllocSpace objects, 0(0B) LOS objects, 36% free, 28MB/44MB, paused 248us total 44.649ms
08-06 11:50:09.696 28441 28452 I art     : Starting a blocking GC Explicit
08-06 11:50:09.751 28441 28452 I art     : Explicit concurrent mark sweep GC freed 1348(80KB) AllocSpace objects, 1(20KB) LOS objects, 36% free, 28MB/44MB, paused 288us total 54.990ms
08-06 11:50:09.767 28441 28452 I art     : Starting a blocking GC Explicit
08-06 11:50:09.808 28441 28452 I art     : Explicit concurrent mark sweep GC freed 20(704B) AllocSpace objects, 0(0B) LOS objects, 36% free, 28MB/44MB, paused 234us total 40.943ms
08-06 11:50:09.822 28441 28452 I art     : Starting a blocking GC Explicit
08-06 11:50:09.867 28441 28452 I art     : Explicit concurrent mark sweep GC freed 3(96B) AllocSpace objects, 0(0B) LOS objects, 36% free, 28MB/44MB, paused 328us total 44.122ms
08-06 11:50:09.882 28441 28452 I art     : Starting a blocking GC Explicit
08-06 11:50:09.928 28441 28452 I art     : Explicit concurrent mark sweep GC freed 3(96B) AllocSpace objects, 0(0B) LOS objects, 36% free, 28MB/44MB, paused 244us total 45.465ms
08-06 11:50:09.943 28441 28452 I art     : Starting a blocking GC Explicit
08-06 11:50:09.988 28441 28452 I art     : Explicit concurrent mark sweep GC freed 3(96B) AllocSpace objects, 0(0B) LOS objects, 36% free, 28MB/44MB, paused 254us total 44.771ms
08-06 11:50:10.004 30149 30149 D AndroidRuntime: >>>>>> START com.android.internal.os.RuntimeInit uid 2000 <<<<<<
08-06 11:50:10.010 30149 30149 D AndroidRuntime: CheckJNI is OFF
08-06 11:50:10.042 30149 30149 D ICU     : No timezone override file found: /data/misc/zoneinfo/current/icu/icu_tzdata.dat
08-06 11:50:10.075 30149 30149 I Radio-JNI: register_android_hardware_Radio DONE
08-06 11:50:10.098 30149 30149 D AndroidRuntime: Calling main entry com.android.commands.input.Input
08-06 11:50:10.104 30149 30149 I Input   : injectKeyEvent: KeyEvent { action=ACTION_DOWN, keyCode=KEYCODE_BACK, scanCode=0, metaState=0, flags=0x0, repeatCount=0, eventTime=877826517, downTime=877826517, deviceId=-1, source=0x101 }
08-06 11:50:10.111 30149 30149 I Input   : injectKeyEvent: KeyEvent { action=ACTION_UP, keyCode=KEYCODE_BACK, scanCode=0, metaState=0, flags=0x0, repeatCount=0, eventTime=877826517, downTime=877826517, deviceId=-1, source=0x101 }
08-06 11:50:10.119 30149 30149 D AndroidRuntime: Shutting down VM
08-06 11:50:10.157 13866 13866 I GoogleInputMethodServic: GoogleInputMethodService.onFinishInput():3138 
08-06 11:50:10.158 13866 13866 I GoogleInputMethodServic: GoogleInputMethodService.onStartInput():1808 
08-06 11:50:10.239 28441 28452 I art     : Starting a blocking GC Explicit
08-06 11:50:10.255   518   646 I ThermalEngine: ACTION: GPU - Setting GPU[0] to 600000000
08-06 11:50:10.280 28441 28452 I art     : Explicit concurrent mark sweep GC freed 1591(89KB) AllocSpace objects, 1(20KB) LOS objects, 36% free, 28MB/44MB, paused 207us total 40.926ms
08-06 11:50:10.296 28441 28452 I art     : Starting a blocking GC Explicit
08-06 11:50:10.338 28441 28452 I art     : Explicit concurrent mark sweep GC freed 24(864B) AllocSpace objects, 0(0B) LOS objects, 36% free, 28MB/44MB, paused 164us total 42.252ms
08-06 11:50:10.350 28441 28452 I art     : Starting a blocking GC Explicit
08-06 11:50:10.387 28441 28452 I art     : Explicit concurrent mark sweep GC freed 3(96B) AllocSpace objects, 0(0B) LOS objects, 36% free, 28MB/44MB, paused 233us total 36.458ms
08-06 11:50:10.399 28441 28452 I art     : Starting a blocking GC Explicit
08-06 11:50:10.436 28441 28452 I art     : Explicit concurrent mark sweep GC freed 3(96B) AllocSpace objects, 0(0B) LOS objects, 36% free, 28MB/44MB, paused 238us total 37.185ms
08-06 11:50:10.448 28441 28452 I art     : Starting a blocking GC Explicit
08-06 11:50:10.478   380   380 W SurfaceFlinger: couldn't log to binary event log: overflow.
08-06 11:50:10.484 28441 28452 I art     : Explicit concurrent mark sweep GC freed 41(1200B) AllocSpace objects, 0(0B) LOS objects, 36% free, 28MB/44MB, paused 241us total 35.871ms
08-06 11:50:10.758 28441 28465 I art     : Starting a blocking GC Explicit
08-06 11:50:10.803 28441 28465 I art     : Explicit concurrent mark sweep GC freed 1369(81KB) AllocSpace objects, 1(20KB) LOS objects, 36% free, 28MB/44MB, paused 207us total 44.663ms
08-06 11:50:10.816 28441 28465 I art     : Starting a blocking GC Explicit
08-06 11:50:10.846 28441 28465 I art     : Explicit concurrent mark sweep GC freed 46779(2MB) AllocSpace objects, 5(140KB) LOS objects, 38% free, 25MB/41MB, paused 176us total 29.858ms
08-06 11:50:10.856 28441 28465 I art     : Starting a blocking GC Explicit
08-06 11:50:10.883 28441 28465 I art     : Explicit concurrent mark sweep GC freed 3(96B) AllocSpace objects, 0(0B) LOS objects, 38% free, 25MB/41MB, paused 184us total 26.783ms
08-06 11:50:10.894 28441 28465 I art     : Starting a blocking GC Explicit
08-06 11:50:10.921 28441 28465 I art     : Explicit concurrent mark sweep GC freed 3(96B) AllocSpace objects, 0(0B) LOS objects, 38% free, 25MB/41MB, paused 184us total 26.690ms
08-06 11:50:10.931 28441 28465 I art     : Starting a blocking GC Explicit
08-06 11:50:10.958 28441 28465 I art     : Explicit concurrent mark sweep GC freed 3(96B) AllocSpace objects, 0(0B) LOS objects, 38% free, 25MB/41MB, paused 181us total 26.869ms
08-06 11:50:11.243 28441 28453 I art     : Starting a blocking GC Explicit
08-06 11:50:11.261   518   646 I ThermalEngine: ACTION: GPU - Setting GPU[0] to 510000000
08-06 11:50:11.285 28441 28453 I art     : Explicit concurrent mark sweep GC freed 1346(80KB) AllocSpace objects, 1(20KB) LOS objects, 38% free, 25MB/41MB, paused 256us total 42.234ms
08-06 11:50:11.299 28441 28453 I art     : Starting a blocking GC Explicit
08-06 11:50:11.332 28441 28453 I art     : Explicit concurrent mark sweep GC freed 20(704B) AllocSpace objects, 0(0B) LOS objects, 38% free, 25MB/41MB, paused 258us total 33.388ms
08-06 11:50:11.346 28441 28453 I art     : Starting a blocking GC Explicit
08-06 11:50:11.379 28441 28453 I art     : Explicit concurrent mark sweep GC freed 3(96B) AllocSpace objects, 0(0B) LOS objects, 38% free, 25MB/41MB, paused 255us total 32.303ms
08-06 11:50:11.392 28441 28453 I art     : Starting a blocking GC Explicit
08-06 11:50:11.425 28441 28453 I art     : Explicit concurrent mark sweep GC freed 3(96B) AllocSpace objects, 0(0B) LOS objects, 38% free, 25MB/41MB, paused 244us total 31.968ms
08-06 11:50:11.438 28441 28453 I art     : Starting a blocking GC Explicit
08-06 11:50:11.469 28441 28453 I art     : Explicit concurrent mark sweep GC freed 3(96B) AllocSpace objects, 0(0B) LOS objects, 38% free, 25MB/41MB, paused 242us total 31.179ms
08-06 11:50:11.742 28441 29230 I art     : Starting a blocking GC Explicit
08-06 11:50:11.773 30203 30203 D AndroidRuntime: >>>>>> START com.android.internal.os.RuntimeInit uid 2000 <<<<<<
08-06 11:50:11.775 28441 29230 I art     : Explicit concurrent mark sweep GC freed 1346(80KB) AllocSpace objects, 1(20KB) LOS objects, 38% free, 25MB/41MB, paused 279us total 33.232ms
08-06 11:50:11.778 30203 30203 D AndroidRuntime: CheckJNI is OFF
08-06 11:50:11.789 28441 29230 I art     : Starting a blocking GC Explicit
08-06 11:50:11.814 30203 30203 D ICU     : No timezone override file found: /data/misc/zoneinfo/current/icu/icu_tzdata.dat
08-06 11:50:11.821 28441 29230 I art     : Explicit concurrent mark sweep GC freed 20(704B) AllocSpace objects, 0(0B) LOS objects, 38% free, 25MB/41MB, paused 230us total 31.940ms
08-06 11:50:11.834 28441 29230 I art     : Starting a blocking GC Explicit
08-06 11:50:11.850 30203 30203 I Radio-JNI: register_android_hardware_Radio DONE
08-06 11:50:11.866 28441 29230 I art     : Explicit concurrent mark sweep GC freed 3(96B) AllocSpace objects, 0(0B) LOS objects, 38% free, 25MB/41MB, paused 247us total 31.864ms
08-06 11:50:11.873 30203 30203 D AndroidRuntime: Calling main entry com.android.commands.input.Input
08-06 11:50:11.874 30203 30203 I Input   : injectKeyEvent: KeyEvent { action=ACTION_DOWN, keyCode=KEYCODE_BACK, scanCode=0, metaState=0, flags=0x0, repeatCount=0, eventTime=877828287, downTime=877828287, deviceId=-1, source=0x101 }
08-06 11:50:11.879 28441 29230 I art     : Starting a blocking GC Explicit
08-06 11:50:11.881 30203 30203 I Input   : injectKeyEvent: KeyEvent { action=ACTION_UP, keyCode=KEYCODE_BACK, scanCode=0, metaState=0, flags=0x0, repeatCount=0, eventTime=877828287, downTime=877828287, deviceId=-1, source=0x101 }
08-06 11:50:11.886 30203 30203 D AndroidRuntime: Shutting down VM
08-06 11:50:11.909 28441 29230 I art     : Explicit concurrent mark sweep GC freed 109(3KB) AllocSpace objects, 0(0B) LOS objects, 38% free, 25MB/41MB, paused 236us total 29.881ms
08-06 11:50:11.922 28441 29230 I art     : Starting a blocking GC Explicit
08-06 11:50:11.924 13866 13866 I GoogleInputMethodServic: GoogleInputMethodService.onFinishInput():3138 
08-06 11:50:11.925 13866 13866 I GoogleInputMethodServic: GoogleInputMethodService.onStartInput():1808 
08-06 11:50:11.950 28441 29230 I art     : Explicit concurrent mark sweep GC freed 54(1952B) AllocSpace objects, 0(0B) LOS objects, 38% free, 25MB/41MB, paused 224us total 28.419ms
08-06 11:50:12.207 28441 29230 I art     : Starting a blocking GC Explicit
08-06 11:50:12.240 28441 29230 I art     : Explicit concurrent mark sweep GC freed 1422(83KB) AllocSpace objects, 1(20KB) LOS objects, 38% free, 25MB/41MB, paused 232us total 32.516ms
08-06 11:50:12.253 28441 29230 I art     : Starting a blocking GC Explicit
08-06 11:50:12.284 28441 29230 I art     : Explicit concurrent mark sweep GC freed 23(816B) AllocSpace objects, 0(0B) LOS objects, 38% free, 25MB/41MB, paused 246us total 30.545ms
08-06 11:50:12.297 28441 29230 I art     : Starting a blocking GC Explicit
08-06 11:50:12.329 28441 29230 I art     : Explicit concurrent mark sweep GC freed 133(6KB) AllocSpace objects, 0(0B) LOS objects, 38% free, 25MB/41MB, paused 284us total 31.963ms
08-06 11:50:12.342 28441 29230 I art     : Starting a blocking GC Explicit
08-06 11:50:12.375 28441 29230 I art     : Explicit concurrent mark sweep GC freed 3(96B) AllocSpace objects, 0(0B) LOS objects, 38% free, 25MB/41MB, paused 251us total 32.720ms
08-06 11:50:12.389 28441 29230 I art     : Starting a blocking GC Explicit
08-06 11:50:12.423 28441 29230 I art     : Explicit concurrent mark sweep GC freed 3(96B) AllocSpace objects, 0(0B) LOS objects, 38% free, 25MB/41MB, paused 303us total 33.964ms
08-06 11:50:12.717 28441 28452 I art     : Starting a blocking GC Explicit
08-06 11:50:12.759 28441 28452 I art     : Explicit concurrent mark sweep GC freed 1346(80KB) AllocSpace objects, 1(20KB) LOS objects, 38% free, 25MB/41MB, paused 334us total 41.114ms
08-06 11:50:12.779 28441 28452 I art     : Starting a blocking GC Explicit
08-06 11:50:12.815 28441 28452 I art     : Explicit concurrent mark sweep GC freed 20(704B) AllocSpace objects, 0(0B) LOS objects, 38% free, 25MB/41MB, paused 269us total 35.630ms
08-06 11:50:12.828 28441 28452 I art     : Starting a blocking GC Explicit
08-06 11:50:12.863 28441 28452 I art     : Explicit concurrent mark sweep GC freed 3(96B) AllocSpace objects, 0(0B) LOS objects, 38% free, 25MB/41MB, paused 261us total 34.574ms
08-06 11:50:12.877 28441 28452 I art     : Starting a blocking GC Explicit
08-06 11:50:12.911 28441 28452 I art     : Explicit concurrent mark sweep GC freed 3(96B) AllocSpace objects, 0(0B) LOS objects, 38% free, 25MB/41MB, paused 262us total 34.118ms
08-06 11:50:12.925 28441 28452 I art     : Starting a blocking GC Explicit
08-06 11:50:12.960 28441 28452 I art     : Explicit concurrent mark sweep GC freed 3(96B) AllocSpace objects, 0(0B) LOS objects, 38% free, 25MB/41MB, paused 260us total 34.535ms
08-06 11:50:13.228 28441 28453 I art     : Starting a blocking GC Explicit
08-06 11:50:13.262 28441 28453 I art     : Explicit concurrent mark sweep GC freed 1346(80KB) AllocSpace objects, 1(20KB) LOS objects, 38% free, 25MB/41MB, paused 272us total 33.732ms
08-06 11:50:13.276 28441 28453 I art     : Starting a blocking GC Explicit
08-06 11:50:13.308 28441 28453 I art     : Explicit concurrent mark sweep GC freed 20(704B) AllocSpace objects, 0(0B) LOS objects, 38% free, 25MB/41MB, paused 295us total 31.945ms
08-06 11:50:13.321 28441 28453 I art     : Starting a blocking GC Explicit
08-06 11:50:13.354 28441 28453 I art     : Explicit concurrent mark sweep GC freed 3(96B) AllocSpace objects, 0(0B) LOS objects, 38% free, 25MB/41MB, paused 275us total 32.335ms
08-06 11:50:13.368 28441 28453 I art     : Starting a blocking GC Explicit
08-06 11:50:13.400 28441 28453 I art     : Explicit concurrent mark sweep GC freed 3(96B) AllocSpace objects, 0(0B) LOS objects, 38% free, 25MB/41MB, paused 272us total 31.740ms
08-06 11:50:13.413 28441 28453 I art     : Starting a blocking GC Explicit
08-06 11:50:13.445 28441 28453 I art     : Explicit concurrent mark sweep GC freed 3(96B) AllocSpace objects, 0(0B) LOS objects, 38% free, 25MB/41MB, paused 265us total 31.954ms
08-06 11:50:13.553 30248 30248 D AndroidRuntime: >>>>>> START com.android.internal.os.RuntimeInit uid 2000 <<<<<<
08-06 11:50:13.559 30248 30248 D AndroidRuntime: CheckJNI is OFF
08-06 11:50:13.595 30248 30248 D ICU     : No timezone override file found: /data/misc/zoneinfo/current/icu/icu_tzdata.dat
08-06 11:50:13.628 30248 30248 I Radio-JNI: register_android_hardware_Radio DONE
08-06 11:50:13.649 30248 30248 D AndroidRuntime: Calling main entry com.android.commands.input.Input
08-06 11:50:13.651 30248 30248 I Input   : injectMotionEvent: MotionEvent { action=ACTION_DOWN, actionButton=0, id[0]=0, x[0]=600.0, y[0]=1000.0, toolType[0]=TOOL_TYPE_UNKNOWN, buttonState=0, metaState=0, flags=0x0, edgeFlags=0x0, pointerCount=1, historySize=0, eventTime=877830064, downTime=877830064, deviceId=0, source=0x1002 }
08-06 11:50:13.656 30248 30248 I Input   : injectMotionEvent: MotionEvent { action=ACTION_UP, actionButton=0, id[0]=0, x[0]=600.0, y[0]=1000.0, toolType[0]=TOOL_TYPE_UNKNOWN, buttonState=0, metaState=0, flags=0x0, edgeFlags=0x0, pointerCount=1, historySize=0, eventTime=877830064, downTime=877830064, deviceId=0, source=0x1002 }
08-06 11:50:13.657 30248 30248 D AndroidRuntime: Shutting down VM
08-06 11:50:13.667   512  2967 D audio_hw_primary: out_set_parameters: enter: usecase(1: low-latency-playback) kvpairs: routing=2
08-06 11:50:13.669   918  3696 I ActivityManager: START u0 {dat=https://oauth.reddit.com/... cmp=baseline.org.quantumbadger.redreader/.activities.PostListingActivity} from uid 10705 on display 0
08-06 11:50:13.680   512  2967 D audio_hw_primary: select_devices: out_snd_device(2: speaker) in_snd_device(0: none)
08-06 11:50:13.680   512  2967 D msm8974_platform: platform_send_audio_calibration: sending audio calibration for snd_device(2) acdb_id(15)
08-06 11:50:13.681   512  2967 I soundtrigger: audio_extn_sound_trigger_update_device_status: device 0x2 of type 0 for Event 1
08-06 11:50:13.687 28441 28441 I AppCompatViewInflater: app:theme is now deprecated. Please move to using android:theme instead.
08-06 11:50:13.694   512  2967 D audio_hw_primary: enable_snd_device: snd_device(2: speaker)
08-06 11:50:13.696   512  2967 D audio_hw_primary: enable_audio_route: apply and update mixer path: low-latency-playback speaker
08-06 11:50:13.706 28441 28453 I art     : Starting a blocking GC Explicit
08-06 11:50:13.708 28441 30280 D OK      : calling: https://oauth.reddit.com/r/announcements/about.json
08-06 11:50:13.739 28441 28453 I art     : Explicit concurrent mark sweep GC freed 2237(156KB) AllocSpace objects, 1(20KB) LOS objects, 38% free, 25MB/41MB, paused 346us total 32.474ms
08-06 11:50:13.751 28441 28453 I art     : Starting a blocking GC Explicit
08-06 11:50:13.778   918   936 I ActivityManager: Displayed baseline.org.quantumbadger.redreader/.activities.PostListingActivity: +101ms
08-06 11:50:13.779 13866 13866 I GoogleInputMethodServic: GoogleInputMethodService.onFinishInput():3138 
08-06 11:50:13.780 13866 13866 I GoogleInputMethodServic: GoogleInputMethodService.onStartInput():1808 
08-06 11:50:13.785 28441 28453 I art     : Explicit concurrent mark sweep GC freed 1009(43KB) AllocSpace objects, 0(0B) LOS objects, 38% free, 25MB/41MB, paused 494us total 33.234ms
08-06 11:50:13.800 28441 28453 I art     : Starting a blocking GC Explicit
08-06 11:50:13.833 28441 28453 I art     : Explicit concurrent mark sweep GC freed 217(13KB) AllocSpace objects, 0(0B) LOS objects, 38% free, 25MB/41MB, paused 276us total 32.277ms
08-06 11:50:13.846 28441 28453 I art     : Starting a blocking GC Explicit
08-06 11:50:13.876 28441 28453 I art     : Explicit concurrent mark sweep GC freed 689(28KB) AllocSpace objects, 0(0B) LOS objects, 38% free, 25MB/41MB, paused 426us total 29.846ms
08-06 11:50:13.889 28441 28453 I art     : Starting a blocking GC Explicit
08-06 11:50:13.922 28441 28453 I art     : Explicit concurrent mark sweep GC freed 1271(48KB) AllocSpace objects, 0(0B) LOS objects, 38% free, 25MB/41MB, paused 316us total 32.695ms
08-06 11:50:14.034   380   380 W SurfaceFlinger: couldn't log to binary event log: overflow.
08-06 11:50:14.043 28441 30280 I NAPPA_EXPERIMENTATION: MetricNetworkRequestExecutionTime: REQUEST_DURATION_SYSTEM='334',REQUEST_DURATION_OKHTTP='151',REQUEST_SYNCHRONOUS='TRUE',RESPONSE_CODE='200',RESPONSE_METHOD='GET',RESPONSE_LENGTH_OKHTTP='-1',RESPONSE_LENGTH_HEADER='1564',REQUEST_PROTOCOL='h2',REQUEST_URL='https://oauth.reddit.com/r/announcements/about.json',
08-06 11:50:14.043 28441 30280 D OK      : request got status: 200
08-06 11:50:14.158 28441 29230 I art     : Starting a blocking GC Explicit
08-06 11:50:14.197 28441 29230 I art     : Explicit concurrent mark sweep GC freed 3117(244KB) AllocSpace objects, 3(156KB) LOS objects, 38% free, 25MB/41MB, paused 361us total 38.381ms
08-06 11:50:14.212 28441 29230 I art     : Starting a blocking GC Explicit
08-06 11:50:14.238   512  2967 D audio_hw_primary: disable_audio_route: reset and update mixer path: low-latency-playback speaker
08-06 11:50:14.240   512  2967 D audio_hw_primary: disable_snd_device: snd_device(2: speaker)
08-06 11:50:14.248 28441 29230 I art     : Explicit concurrent mark sweep GC freed 201(10KB) AllocSpace objects, 0(0B) LOS objects, 38% free, 25MB/41MB, paused 292us total 35.507ms
08-06 11:50:14.248   512  2967 I soundtrigger: audio_extn_sound_trigger_update_device_status: device 0x2 of type 0 for Event 0
08-06 11:50:14.261 28441 29230 I art     : Starting a blocking GC Explicit
08-06 11:50:14.295 28441 29230 I art     : Explicit concurrent mark sweep GC freed 3(96B) AllocSpace objects, 0(0B) LOS objects, 38% free, 25MB/41MB, paused 291us total 32.911ms
08-06 11:50:14.308 28441 29230 I art     : Starting a blocking GC Explicit
08-06 11:50:14.343 28441 29230 I art     : Explicit concurrent mark sweep GC freed 3(96B) AllocSpace objects, 0(0B) LOS objects, 38% free, 25MB/41MB, paused 372us total 34.538ms
08-06 11:50:14.357 28441 29230 I art     : Starting a blocking GC Explicit
08-06 11:50:14.390 28441 29230 I art     : Explicit concurrent mark sweep GC freed 38(1568B) AllocSpace objects, 0(0B) LOS objects, 38% free, 25MB/41MB, paused 275us total 33.180ms
08-06 11:50:14.672 28441 28667 I art     : Starting a blocking GC Explicit
08-06 11:50:14.707 28441 28667 I art     : Explicit concurrent mark sweep GC freed 1371(83KB) AllocSpace objects, 1(20KB) LOS objects, 38% free, 25MB/41MB, paused 294us total 34.700ms
08-06 11:50:14.720 28441 28667 I art     : Starting a blocking GC Explicit
08-06 11:50:14.753 28441 28667 I art     : Explicit concurrent mark sweep GC freed 20(704B) AllocSpace objects, 0(0B) LOS objects, 38% free, 25MB/41MB, paused 274us total 33.110ms
08-06 11:50:14.767 28441 28667 I art     : Starting a blocking GC Explicit
08-06 11:50:14.801 28441 28667 I art     : Explicit concurrent mark sweep GC freed 3(96B) AllocSpace objects, 0(0B) LOS objects, 38% free, 25MB/41MB, paused 373us total 34.254ms
08-06 11:50:14.815 28441 28667 I art     : Starting a blocking GC Explicit
08-06 11:50:14.848 28441 28667 I art     : Explicit concurrent mark sweep GC freed 3(96B) AllocSpace objects, 0(0B) LOS objects, 38% free, 25MB/41MB, paused 287us total 33.321ms
08-06 11:50:14.862 28441 28667 I art     : Starting a blocking GC Explicit
08-06 11:50:14.895 28441 28667 I art     : Explicit concurrent mark sweep GC freed 3(96B) AllocSpace objects, 0(0B) LOS objects, 38% free, 25MB/41MB, paused 300us total 32.741ms
08-06 11:50:14.909 28441 30304 D OK      : calling: https://oauth.reddit.com/r/announcements/hot/.json
08-06 11:50:15.150 28441 30304 I NAPPA_EXPERIMENTATION: MetricNetworkRequestExecutionTime: REQUEST_DURATION_SYSTEM='241',REQUEST_DURATION_OKHTTP='238',REQUEST_SYNCHRONOUS='TRUE',RESPONSE_CODE='200',RESPONSE_METHOD='GET',RESPONSE_LENGTH_OKHTTP='-1',RESPONSE_LENGTH_HEADER='142016',REQUEST_PROTOCOL='h2',REQUEST_URL='https://oauth.reddit.com/r/announcements/hot/.json',
08-06 11:50:15.151 28441 30304 D OK      : request got status: 200
08-06 11:50:15.167 28441 29005 I PostListingFragment: Precaching images: OFF
08-06 11:50:15.167 28441 29005 I PostListingFragment: Precaching comments: OFF
08-06 11:50:15.173 28441 28667 I art     : Starting a blocking GC Explicit
08-06 11:50:15.208 28441 28667 I art     : Explicit concurrent mark sweep GC freed 3007(244KB) AllocSpace objects, 2(36KB) LOS objects, 37% free, 26MB/42MB, paused 465us total 35.121ms
08-06 11:50:15.221 28441 28667 I art     : Starting a blocking GC Explicit
08-06 11:50:15.256 28441 28667 I art     : Explicit concurrent mark sweep GC freed 1004(44KB) AllocSpace objects, 3(56KB) LOS objects, 37% free, 26MB/42MB, paused 470us total 34.904ms
08-06 11:50:15.269 28441 28667 I art     : Starting a blocking GC Explicit
08-06 11:50:15.307 28441 28667 I art     : Explicit concurrent mark sweep GC freed 1535(77KB) AllocSpace objects, 0(0B) LOS objects, 37% free, 27MB/43MB, paused 463us total 37.306ms
08-06 11:50:15.320 28441 28667 I art     : Starting a blocking GC Explicit
08-06 11:50:15.329 28441 30315 D OK      : calling: https://b.thumbs.redditmedia.com/RROcLjDSUc0QV1UeQ1txXdyl1C_7233mmsMgtYXxQzo.jpg
08-06 11:50:15.359 28441 28667 I art     : Explicit concurrent mark sweep GC freed 2147(93KB) AllocSpace objects, 0(0B) LOS objects, 36% free, 27MB/43MB, paused 575us total 38.614ms
08-06 11:50:15.363 28441 30316 D OK      : calling: https://a.thumbs.redditmedia.com/N-frnMqRYp_XiaGds7kPbHf82a876RNKSQ1iw0LzHR0.jpg
08-06 11:50:15.372 28441 28667 I art     : Starting a blocking GC Explicit
08-06 11:50:15.379 28441 30317 D OK      : calling: https://b.thumbs.redditmedia.com/KH2o_q4MXufUdRChsfwLtl6gnEnT8MJtZn3Tyj5ZmBU.jpg
08-06 11:50:15.413 28441 28667 I art     : Explicit concurrent mark sweep GC freed 2937(142KB) AllocSpace objects, 0(0B) LOS objects, 36% free, 28MB/44MB, paused 603us total 40.281ms
08-06 11:50:15.428 28441 30318 D OK      : calling: https://b.thumbs.redditmedia.com/MGaOJeZl7UsmdtroJopYU_36HUNvQ9LUV5WFH_FJ2vI.jpg
08-06 11:50:15.475 28441 30321 D OK      : calling: https://a.thumbs.redditmedia.com/-D0hxchgus9EyzvGqvnabK_3Obl93tMfG9G58V1QwW8.jpg
08-06 11:50:15.494 28441 30323 D OK      : calling: https://b.thumbs.redditmedia.com/zCaV9kuSMZxmMvdmErGyUsYNdPrmX8LP9_Ee4QTT16g.jpg
08-06 11:50:15.504 28441 30327 D OK      : calling: https://b.thumbs.redditmedia.com/4EGkxZNzrzt-RCtd035cWyO0BipdbDVuPwi4W2v4TyM.jpg
08-06 11:50:15.539 28441 30328 D OK      : calling: https://a.thumbs.redditmedia.com/aVhMBmGX07uX0KhK0rKdhMvQ4UsOJIHN4KeTaa36EF4.jpg
08-06 11:50:15.605 28441 30315 I NAPPA_EXPERIMENTATION: MetricNetworkRequestExecutionTime: REQUEST_DURATION_SYSTEM='276',REQUEST_DURATION_OKHTTP='165',REQUEST_SYNCHRONOUS='TRUE',RESPONSE_CODE='200',RESPONSE_METHOD='GET',RESPONSE_LENGTH_OKHTTP='2558',RESPONSE_LENGTH_HEADER='2558',REQUEST_PROTOCOL='h2',REQUEST_URL='https://b.thumbs.redditmedia.com/RROcLjDSUc0QV1UeQ1txXdyl1C_7233mmsMgtYXxQzo.jpg',
08-06 11:50:15.605 28441 30315 D OK      : request got status: 200
08-06 11:50:15.646 28441 28441 W RecyclerView: Cannot call this method in a scroll callback. Scroll callbacks mightbe run during a measure & layout pass where you cannot change theRecyclerView data. Any method call that might change the structureof the RecyclerView or the adapter contents should be postponed tothe next frame.
08-06 11:50:15.646 28441 28441 W RecyclerView: java.lang.IllegalStateException:  androidx.recyclerview.widget.RecyclerView{648e69d VFED..... .F....ID 0,0-1440,2140 #7f0900ef app:id/scrollbar_recyclerview_recyclerview}, adapter:baseline.org.quantumbadger.redreader.adapters.GroupedRecyclerViewAdapter@dbc3712, layout:androidx.recyclerview.widget.LinearLayoutManager@bd71ee3, context:baseline.org.quantumbadger.redreader.activities.PostListingActivity@8d0a494
08-06 11:50:15.646 28441 28441 W RecyclerView: 	at androidx.recyclerview.widget.RecyclerView.assertNotInLayoutOrScroll(RecyclerView.java:3061)
08-06 11:50:15.646 28441 28441 W RecyclerView: 	at androidx.recyclerview.widget.RecyclerView$RecyclerViewDataObserver.onItemRangeInserted(RecyclerView.java:5555)
08-06 11:50:15.646 28441 28441 W RecyclerView: 	at androidx.recyclerview.widget.RecyclerView$AdapterDataObservable.notifyItemRangeInserted(RecyclerView.java:12278)
08-06 11:50:15.646 28441 28441 W RecyclerView: 	at androidx.recyclerview.widget.RecyclerView$Adapter.notifyItemInserted(RecyclerView.java:7464)
08-06 11:50:15.646 28441 28441 W RecyclerView: 	at baseline.org.quantumbadger.redreader.adapters.GroupedRecyclerViewAdapter.updateHiddenStatus(GroupedRecyclerViewAdapter.java:279)
08-06 11:50:15.646 28441 28441 W RecyclerView: 	at baseline.org.quantumbadger.redreader.adapters.RedditListingManager.setLoadingVisible(RedditListingManager.java:125)
08-06 11:50:15.646 28441 28441 W RecyclerView: 	at baseline.org.quantumbadger.redreader.fragments.PostListingFragment.onLoadMoreItemsCheck(PostListingFragment.java:465)
08-06 11:50:15.646 28441 28441 W RecyclerView: 	at baseline.org.quantumbadger.redreader.fragments.PostListingFragment.access$000(PostListingFragment.java:98)
08-06 11:50:15.646 28441 28441 W RecyclerView: 	at baseline.org.quantumbadger.redreader.fragments.PostListingFragment$2.onScrolled(PostListingFragment.java:215)
08-06 11:50:15.646 28441 28441 W RecyclerView: 	at androidx.recyclerview.widget.RecyclerView.dispatchOnScrolled(RecyclerView.java:5173)
08-06 11:50:15.646 28441 28441 W RecyclerView: 	at androidx.recyclerview.widget.RecyclerView.dispatchLayoutStep3(RecyclerView.java:4231)
08-06 11:50:15.646 28441 28441 W RecyclerView: 	at androidx.recyclerview.widget.RecyclerView.dispatchLayout(RecyclerView.java:3862)
08-06 11:50:15.646 28441 28441 W RecyclerView: 	at androidx.recyclerview.widget.RecyclerView.consumePendingUpdateOperations(RecyclerView.java:1897)
08-06 11:50:15.646 28441 28441 W RecyclerView: 	at androidx.recyclerview.widget.RecyclerView$1.run(RecyclerView.java:414)
08-06 11:50:15.646 28441 28441 W RecyclerView: 	at android.view.Choreographer$CallbackRecord.run(Choreographer.java:858)
08-06 11:50:15.646 28441 28441 W RecyclerView: 	at android.view.Choreographer.doCallbacks(Choreographer.java:670)
08-06 11:50:15.646 28441 28441 W RecyclerView: 	at android.view.Choreographer.doFrame(Choreographer.java:603)
08-06 11:50:15.646 28441 28441 W RecyclerView: 	at android.view.Choreographer$FrameDisplayEventReceiver.run(Choreographer.java:844)
08-06 11:50:15.646 28441 28441 W RecyclerView: 	at android.os.Handler.handleCallback(Handler.java:739)
08-06 11:50:15.646 28441 28441 W RecyclerView: 	at android.os.Handler.dispatchMessage(Handler.java:95)
08-06 11:50:15.646 28441 28441 W RecyclerView: 	at android.os.Looper.loop(Looper.java:148)
08-06 11:50:15.646 28441 28441 W RecyclerView: 	at android.app.ActivityThread.main(ActivityThread.java:5417)
08-06 11:50:15.646 28441 28441 W RecyclerView: 	at java.lang.reflect.Method.invoke(Native Method)
08-06 11:50:15.646 28441 28441 W RecyclerView: 	at com.android.internal.os.ZygoteInit$MethodAndArgsCaller.run(ZygoteInit.java:726)
08-06 11:50:15.646 28441 28441 W RecyclerView: 	at com.android.internal.os.ZygoteInit.main(ZygoteInit.java:616)
08-06 11:50:15.665 28441 28453 I art     : Starting a blocking GC Explicit
08-06 11:50:15.688 28441 30316 I NAPPA_EXPERIMENTATION: MetricNetworkRequestExecutionTime: REQUEST_DURATION_SYSTEM='325',REQUEST_DURATION_OKHTTP='194',REQUEST_SYNCHRONOUS='TRUE',RESPONSE_CODE='200',RESPONSE_METHOD='GET',RESPONSE_LENGTH_OKHTTP='3750',RESPONSE_LENGTH_HEADER='3750',REQUEST_PROTOCOL='h2',REQUEST_URL='https://a.thumbs.redditmedia.com/N-frnMqRYp_XiaGds7kPbHf82a876RNKSQ1iw0LzHR0.jpg',
08-06 11:50:15.688 28441 30316 D OK      : request got status: 200
08-06 11:50:15.697 28441 30317 I NAPPA_EXPERIMENTATION: MetricNetworkRequestExecutionTime: REQUEST_DURATION_SYSTEM='318',REQUEST_DURATION_OKHTTP='201',REQUEST_SYNCHRONOUS='TRUE',RESPONSE_CODE='200',RESPONSE_METHOD='GET',RESPONSE_LENGTH_OKHTTP='2613',RESPONSE_LENGTH_HEADER='2613',REQUEST_PROTOCOL='h2',REQUEST_URL='https://b.thumbs.redditmedia.com/KH2o_q4MXufUdRChsfwLtl6gnEnT8MJtZn3Tyj5ZmBU.jpg',
08-06 11:50:15.697 28441 30317 D OK      : request got status: 200
08-06 11:50:15.707 28441 30323 I NAPPA_EXPERIMENTATION: MetricNetworkRequestExecutionTime: REQUEST_DURATION_SYSTEM='213',REQUEST_DURATION_OKHTTP='212',REQUEST_SYNCHRONOUS='TRUE',RESPONSE_CODE='200',RESPONSE_METHOD='GET',RESPONSE_LENGTH_OKHTTP='6132',RESPONSE_LENGTH_HEADER='6132',REQUEST_PROTOCOL='h2',REQUEST_URL='https://b.thumbs.redditmedia.com/zCaV9kuSMZxmMvdmErGyUsYNdPrmX8LP9_Ee4QTT16g.jpg',
08-06 11:50:15.707 28441 30323 D OK      : request got status: 200
08-06 11:50:15.712 28441 28453 I art     : Explicit concurrent mark sweep GC freed 84667(4MB) AllocSpace objects, 18(520KB) LOS objects, 37% free, 26MB/42MB, paused 749us total 46.856ms
08-06 11:50:15.726 28441 28453 I art     : Starting a blocking GC Explicit
08-06 11:50:15.746 28441 30328 I NAPPA_EXPERIMENTATION: MetricNetworkRequestExecutionTime: REQUEST_DURATION_SYSTEM='207',REQUEST_DURATION_OKHTTP='206',REQUEST_SYNCHRONOUS='TRUE',RESPONSE_CODE='200',RESPONSE_METHOD='GET',RESPONSE_LENGTH_OKHTTP='6940',RESPONSE_LENGTH_HEADER='6940',REQUEST_PROTOCOL='h2',REQUEST_URL='https://a.thumbs.redditmedia.com/aVhMBmGX07uX0KhK0rKdhMvQ4UsOJIHN4KeTaa36EF4.jpg',
08-06 11:50:15.746 28441 30328 D OK      : request got status: 200
08-06 11:50:15.759 28441 30318 I NAPPA_EXPERIMENTATION: MetricNetworkRequestExecutionTime: REQUEST_DURATION_SYSTEM='331',REQUEST_DURATION_OKHTTP='207',REQUEST_SYNCHRONOUS='TRUE',RESPONSE_CODE='200',RESPONSE_METHOD='GET',RESPONSE_LENGTH_OKHTTP='4804',RESPONSE_LENGTH_HEADER='4804',REQUEST_PROTOCOL='h2',REQUEST_URL='https://b.thumbs.redditmedia.com/MGaOJeZl7UsmdtroJopYU_36HUNvQ9LUV5WFH_FJ2vI.jpg',
08-06 11:50:15.759 28441 30318 D OK      : request got status: 200
08-06 11:50:15.759 28441 28453 I art     : Explicit concurrent mark sweep GC freed 2599(140KB) AllocSpace objects, 8(692KB) LOS objects, 37% free, 26MB/42MB, paused 534us total 33ms
08-06 11:50:15.760 28441 30327 I NAPPA_EXPERIMENTATION: MetricNetworkRequestExecutionTime: REQUEST_DURATION_SYSTEM='253',REQUEST_DURATION_OKHTTP='252',REQUEST_SYNCHRONOUS='TRUE',RESPONSE_CODE='200',RESPONSE_METHOD='GET',RESPONSE_LENGTH_OKHTTP='4987',RESPONSE_LENGTH_HEADER='4987',REQUEST_PROTOCOL='h2',REQUEST_URL='https://b.thumbs.redditmedia.com/4EGkxZNzrzt-RCtd035cWyO0BipdbDVuPwi4W2v4TyM.jpg',
08-06 11:50:15.760 28441 30327 D OK      : request got status: 200
08-06 11:50:15.773 28441 28453 I art     : Starting a blocking GC Explicit
08-06 11:50:15.793 28441 30321 I NAPPA_EXPERIMENTATION: MetricNetworkRequestExecutionTime: REQUEST_DURATION_SYSTEM='318',REQUEST_DURATION_OKHTTP='164',REQUEST_SYNCHRONOUS='TRUE',RESPONSE_CODE='200',RESPONSE_METHOD='GET',RESPONSE_LENGTH_OKHTTP='4818',RESPONSE_LENGTH_HEADER='4818',REQUEST_PROTOCOL='h2',REQUEST_URL='https://a.thumbs.redditmedia.com/-D0hxchgus9EyzvGqvnabK_3Obl93tMfG9G58V1QwW8.jpg',
08-06 11:50:15.793 28441 30321 D OK      : request got status: 200
08-06 11:50:15.806 28441 28453 I art     : Explicit concurrent mark sweep GC freed 1098(141KB) AllocSpace objects, 7(344KB) LOS objects, 36% free, 27MB/43MB, paused 376us total 32.478ms
08-06 11:50:15.819 28441 28453 I art     : Starting a blocking GC Explicit
08-06 11:50:15.856 28441 28453 I art     : Explicit concurrent mark sweep GC freed 822(166KB) AllocSpace objects, 18(928KB) LOS objects, 36% free, 28MB/44MB, paused 376us total 36.943ms
08-06 11:50:15.869 28441 28453 I art     : Starting a blocking GC Explicit
08-06 11:50:15.901 28441 28453 I art     : Explicit concurrent mark sweep GC freed 714(55KB) AllocSpace objects, 6(668KB) LOS objects, 36% free, 27MB/43MB, paused 288us total 31.096ms
08-06 11:50:16.110 28441 30347 D OK      : calling: https://oauth.reddit.com/r/announcements/hot/.json?after=t3_9jf8nh
08-06 11:50:16.227 28441 28453 I art     : Starting a blocking GC Explicit
08-06 11:50:16.267 28441 28453 I art     : Explicit concurrent mark sweep GC freed 3753(179KB) AllocSpace objects, 1(20KB) LOS objects, 36% free, 27MB/43MB, paused 367us total 39.199ms
08-06 11:50:16.281 28441 28453 I art     : Starting a blocking GC Explicit
08-06 11:50:16.319 28441 28453 I art     : Explicit concurrent mark sweep GC freed 83(3KB) AllocSpace objects, 0(0B) LOS objects, 36% free, 27MB/43MB, paused 380us total 37.005ms
08-06 11:50:16.333 28441 28453 I art     : Starting a blocking GC Explicit
08-06 11:50:16.370 28441 28453 I art     : Explicit concurrent mark sweep GC freed 318(20KB) AllocSpace objects, 0(0B) LOS objects, 36% free, 27MB/43MB, paused 378us total 37.382ms
08-06 11:50:16.372 28441 30347 I NAPPA_EXPERIMENTATION: MetricNetworkRequestExecutionTime: REQUEST_DURATION_SYSTEM='262',REQUEST_DURATION_OKHTTP='146',REQUEST_SYNCHRONOUS='TRUE',RESPONSE_CODE='200',RESPONSE_METHOD='GET',RESPONSE_LENGTH_OKHTTP='-1',RESPONSE_LENGTH_HEADER='65685',REQUEST_PROTOCOL='h2',REQUEST_URL='https://oauth.reddit.com/r/announcements/hot/.json?after=t3_9jf8nh',
08-06 11:50:16.372 28441 30347 D OK      : request got status: 200
08-06 11:50:16.382 28441 29005 I PostListingFragment: Precaching images: OFF
08-06 11:50:16.382 28441 29005 I PostListingFragment: Precaching comments: OFF
08-06 11:50:16.384 28441 28453 I art     : Starting a blocking GC Explicit
08-06 11:50:16.417 28441 30354 D OK      : calling: https://a.thumbs.redditmedia.com/8P7BG-empihRDWkNYE_LZ8tekikmQtEiymWkwv7obo0.jpg
08-06 11:50:16.423 28441 28453 I art     : Explicit concurrent mark sweep GC freed 2226(216KB) AllocSpace objects, 0(0B) LOS objects, 36% free, 28MB/44MB, paused 605us total 38.651ms
08-06 11:50:16.438 28441 28453 I art     : Starting a blocking GC Explicit
08-06 11:50:16.451 28441 30356 D OK      : calling: https://b.thumbs.redditmedia.com/PCxvz6Ma5pyTglQOwhW4LZZOY0qIwyWW5pD83dYmMgc.jpg
08-06 11:50:16.478 28441 28453 I art     : Explicit concurrent mark sweep GC freed 4173(184KB) AllocSpace objects, 1(16KB) LOS objects, 35% free, 28MB/44MB, paused 684us total 39.857ms
08-06 11:50:16.565 28441 30354 I NAPPA_EXPERIMENTATION: MetricNetworkRequestExecutionTime: REQUEST_DURATION_SYSTEM='148',REQUEST_DURATION_OKHTTP='147',REQUEST_SYNCHRONOUS='TRUE',RESPONSE_CODE='200',RESPONSE_METHOD='GET',RESPONSE_LENGTH_OKHTTP='3039',RESPONSE_LENGTH_HEADER='3039',REQUEST_PROTOCOL='h2',REQUEST_URL='https://a.thumbs.redditmedia.com/8P7BG-empihRDWkNYE_LZ8tekikmQtEiymWkwv7obo0.jpg',
08-06 11:50:16.565 28441 30354 D OK      : request got status: 200
08-06 11:50:16.701 28441 30356 I NAPPA_EXPERIMENTATION: MetricNetworkRequestExecutionTime: REQUEST_DURATION_SYSTEM='249',REQUEST_DURATION_OKHTTP='150',REQUEST_SYNCHRONOUS='TRUE',RESPONSE_CODE='200',RESPONSE_METHOD='GET',RESPONSE_LENGTH_OKHTTP='9233',RESPONSE_LENGTH_HEADER='9233',REQUEST_PROTOCOL='h2',REQUEST_URL='https://b.thumbs.redditmedia.com/PCxvz6Ma5pyTglQOwhW4LZZOY0qIwyWW5pD83dYmMgc.jpg',
08-06 11:50:16.701 28441 30356 D OK      : request got status: 200
08-06 11:50:16.777 28441 28465 I art     : Waiting for a blocking GC Explicit
08-06 11:50:16.777 28441 28465 I art     : Starting a blocking GC Explicit
08-06 11:50:16.833 28441 28465 I art     : Explicit concurrent mark sweep GC freed 34023(1717KB) AllocSpace objects, 22(1156KB) LOS objects, 36% free, 28MB/44MB, paused 368us total 55.330ms
08-06 11:50:16.850 28441 28465 I art     : Starting a blocking GC Explicit
08-06 11:50:16.887 28441 28465 I art     : Explicit concurrent mark sweep GC freed 1603(65KB) AllocSpace objects, 0(0B) LOS objects, 36% free, 28MB/44MB, paused 418us total 37.520ms
08-06 11:50:16.902 28441 28465 I art     : Starting a blocking GC Explicit
08-06 11:50:16.939 28441 28465 I art     : Explicit concurrent mark sweep GC freed 3(96B) AllocSpace objects, 0(0B) LOS objects, 36% free, 28MB/44MB, paused 349us total 37.105ms
08-06 11:50:16.954 28441 28465 I art     : Starting a blocking GC Explicit
08-06 11:50:16.991 28441 28465 I art     : Explicit concurrent mark sweep GC freed 3(96B) AllocSpace objects, 0(0B) LOS objects, 36% free, 28MB/44MB, paused 307us total 37.384ms
08-06 11:50:17.006 28441 28465 I art     : Starting a blocking GC Explicit
08-06 11:50:17.043 28441 28465 I art     : Explicit concurrent mark sweep GC freed 3(96B) AllocSpace objects, 0(0B) LOS objects, 36% free, 28MB/44MB, paused 304us total 37.196ms
08-06 11:50:17.334 28441 28452 I art     : Starting a blocking GC Explicit
08-06 11:50:17.382 28441 28452 I art     : Explicit concurrent mark sweep GC freed 1347(82KB) AllocSpace objects, 1(20KB) LOS objects, 36% free, 28MB/44MB, paused 355us total 47.155ms
08-06 11:50:17.399 28441 28452 I art     : Starting a blocking GC Explicit
08-06 11:50:17.437 28441 28452 I art     : Explicit concurrent mark sweep GC freed 20(704B) AllocSpace objects, 0(0B) LOS objects, 36% free, 28MB/44MB, paused 304us total 37.650ms
08-06 11:50:17.451 28441 28452 I art     : Starting a blocking GC Explicit
08-06 11:50:17.489 28441 28452 I art     : Explicit concurrent mark sweep GC freed 3(96B) AllocSpace objects, 0(0B) LOS objects, 36% free, 28MB/44MB, paused 317us total 37.360ms
08-06 11:50:17.503 28441 28452 I art     : Starting a blocking GC Explicit
08-06 11:50:17.539 28441 28452 I art     : Explicit concurrent mark sweep GC freed 3(96B) AllocSpace objects, 0(0B) LOS objects, 36% free, 28MB/44MB, paused 278us total 36.053ms
08-06 11:50:17.553 28441 28452 I art     : Starting a blocking GC Explicit
08-06 11:50:17.591 28441 28452 I art     : Explicit concurrent mark sweep GC freed 3(96B) AllocSpace objects, 0(0B) LOS objects, 36% free, 28MB/44MB, paused 306us total 37.680ms
08-06 11:50:17.774 26319 26482 E GoogleConversionReporter: Error sending ping
08-06 11:50:17.774 26319 26482 E GoogleConversionReporter: bljc: Exception in CronetUrlRequest: net::ERR_CONNECTION_CLOSED, ErrorCode=5, InternalErrorCode=-100, Retryable=true
08-06 11:50:17.774 26319 26482 E GoogleConversionReporter: 	at org.chromium.net.impl.CronetUrlRequest.onError(PG:55)
08-06 11:50:17.901 28441 28667 I art     : Starting a blocking GC Explicit
08-06 11:50:17.956 28441 28667 I art     : Explicit concurrent mark sweep GC freed 1347(82KB) AllocSpace objects, 1(20KB) LOS objects, 36% free, 28MB/44MB, paused 422us total 54.620ms
08-06 11:50:17.976 28441 28667 I art     : Starting a blocking GC Explicit
08-06 11:50:18.012 28441 28667 I art     : Explicit concurrent mark sweep GC freed 20(704B) AllocSpace objects, 0(0B) LOS objects, 36% free, 28MB/44MB, paused 288us total 36.149ms
08-06 11:50:18.026 28441 28667 I art     : Starting a blocking GC Explicit
08-06 11:50:18.064 28441 28667 I art     : Explicit concurrent mark sweep GC freed 3(96B) AllocSpace objects, 0(0B) LOS objects, 36% free, 28MB/44MB, paused 296us total 37.648ms
08-06 11:50:18.079 28441 28667 I art     : Starting a blocking GC Explicit
08-06 11:50:18.116 28441 28667 I art     : Explicit concurrent mark sweep GC freed 3(96B) AllocSpace objects, 0(0B) LOS objects, 36% free, 28MB/44MB, paused 303us total 37.609ms
08-06 11:50:18.131 28441 28667 I art     : Starting a blocking GC Explicit
08-06 11:50:18.168 28441 28667 I art     : Explicit concurrent mark sweep GC freed 3(96B) AllocSpace objects, 0(0B) LOS objects, 36% free, 28MB/44MB, paused 272us total 37.521ms
08-06 11:50:18.472 28441 29230 I art     : Starting a blocking GC Explicit
08-06 11:50:18.522 28441 29230 I art     : Explicit concurrent mark sweep GC freed 1346(82KB) AllocSpace objects, 1(20KB) LOS objects, 36% free, 28MB/44MB, paused 328us total 49.952ms
08-06 11:50:18.537 28441 29230 I art     : Starting a blocking GC Explicit
08-06 11:50:18.575 28441 29230 I art     : Explicit concurrent mark sweep GC freed 20(704B) AllocSpace objects, 0(0B) LOS objects, 36% free, 28MB/44MB, paused 297us total 37.697ms
08-06 11:50:18.590 28441 29230 I art     : Starting a blocking GC Explicit
08-06 11:50:18.628 28441 29230 I art     : Explicit concurrent mark sweep GC freed 3(96B) AllocSpace objects, 0(0B) LOS objects, 36% free, 28MB/44MB, paused 344us total 37.618ms
08-06 11:50:18.642 28441 29230 I art     : Starting a blocking GC Explicit
08-06 11:50:18.680 28441 29230 I art     : Explicit concurrent mark sweep GC freed 3(96B) AllocSpace objects, 0(0B) LOS objects, 36% free, 28MB/44MB, paused 301us total 37.842ms
08-06 11:50:18.694 28441 29230 I art     : Starting a blocking GC Explicit
08-06 11:50:18.733 28441 29230 I art     : Explicit concurrent mark sweep GC freed 3(96B) AllocSpace objects, 0(0B) LOS objects, 36% free, 28MB/44MB, paused 305us total 37.973ms
08-06 11:50:19.041 28441 28453 I art     : Starting a blocking GC Explicit
08-06 11:50:19.079 28441 28453 I art     : Explicit concurrent mark sweep GC freed 1352(83KB) AllocSpace objects, 1(20KB) LOS objects, 36% free, 28MB/44MB, paused 301us total 37.363ms
08-06 11:50:19.093 28441 28453 I art     : Starting a blocking GC Explicit
08-06 11:50:19.129 28441 28453 I art     : Explicit concurrent mark sweep GC freed 20(704B) AllocSpace objects, 0(0B) LOS objects, 36% free, 28MB/44MB, paused 315us total 35.838ms
08-06 11:50:19.143 28441 28453 I art     : Starting a blocking GC Explicit
08-06 11:50:19.183 28441 28453 I art     : Explicit concurrent mark sweep GC freed 3(96B) AllocSpace objects, 0(0B) LOS objects, 36% free, 28MB/44MB, paused 290us total 39.430ms
08-06 11:50:19.197 28441 28453 I art     : Starting a blocking GC Explicit
08-06 11:50:19.232 28441 28453 I art     : Explicit concurrent mark sweep GC freed 3(96B) AllocSpace objects, 0(0B) LOS objects, 36% free, 28MB/44MB, paused 280us total 35.370ms
08-06 11:50:19.246 28441 28453 I art     : Starting a blocking GC Explicit
08-06 11:50:19.281 28441 28453 I art     : Explicit concurrent mark sweep GC freed 3(96B) AllocSpace objects, 0(0B) LOS objects, 36% free, 28MB/44MB, paused 295us total 34.735ms
08-06 11:50:19.350 30402 30402 D AndroidRuntime: >>>>>> START com.android.internal.os.RuntimeInit uid 2000 <<<<<<
08-06 11:50:19.355 30402 30402 D AndroidRuntime: CheckJNI is OFF
08-06 11:50:19.393 30402 30402 D ICU     : No timezone override file found: /data/misc/zoneinfo/current/icu/icu_tzdata.dat
08-06 11:50:19.431 30402 30402 I Radio-JNI: register_android_hardware_Radio DONE
08-06 11:50:19.455 30402 30402 D AndroidRuntime: Calling main entry com.android.commands.input.Input
08-06 11:50:19.457 30402 30402 I Input   : injectMotionEvent: MotionEvent { action=ACTION_DOWN, actionButton=0, id[0]=0, x[0]=600.0, y[0]=580.0, toolType[0]=TOOL_TYPE_UNKNOWN, buttonState=0, metaState=0, flags=0x0, edgeFlags=0x0, pointerCount=1, historySize=0, eventTime=877835870, downTime=877835870, deviceId=0, source=0x1002 }
08-06 11:50:19.463 30402 30402 I Input   : injectMotionEvent: MotionEvent { action=ACTION_UP, actionButton=0, id[0]=0, x[0]=600.0, y[0]=580.0, toolType[0]=TOOL_TYPE_UNKNOWN, buttonState=0, metaState=0, flags=0x0, edgeFlags=0x0, pointerCount=1, historySize=0, eventTime=877835870, downTime=877835870, deviceId=0, source=0x1002 }
08-06 11:50:19.465 30402 30402 D AndroidRuntime: Shutting down VM
08-06 11:50:19.479   512  2967 D audio_hw_primary: out_set_parameters: enter: usecase(1: low-latency-playback) kvpairs: routing=2
08-06 11:50:19.480   918  3359 I ActivityManager: START u0 {cmp=baseline.org.quantumbadger.redreader/.activities.WebViewActivity (has extras)} from uid 10705 on display 0
08-06 11:50:19.492   512  2967 D audio_hw_primary: select_devices: out_snd_device(2: speaker) in_snd_device(0: none)
08-06 11:50:19.492   512  2967 D msm8974_platform: platform_send_audio_calibration: sending audio calibration for snd_device(2) acdb_id(15)
08-06 11:50:19.492   512  2967 I soundtrigger: audio_extn_sound_trigger_update_device_status: device 0x2 of type 0 for Event 1
08-06 11:50:19.502   512  2967 D audio_hw_primary: enable_snd_device: snd_device(2: speaker)
08-06 11:50:19.504   512  2967 D audio_hw_primary: enable_audio_route: apply and update mixer path: low-latency-playback speaker
08-06 11:50:19.505 28441 28441 I AppCompatViewInflater: app:theme is now deprecated. Please move to using android:theme instead.
08-06 11:50:19.520 28441 28441 I WebViewFactory: Loading com.google.android.webview version 84.0.4147.89 (code 414708953)
08-06 11:50:19.561 28441 28453 I art     : Starting a blocking GC Explicit
08-06 11:50:19.587 28441 28441 I cr_LibraryLoader: Loaded native library version number "84.0.4147.89"
08-06 11:50:19.588 28441 28441 I cr_CachingUmaRecorder: Flushed 5 samples from 5 histograms.
08-06 11:50:19.600 28441 28453 I art     : Explicit concurrent mark sweep GC freed 6238(519KB) AllocSpace objects, 3(60KB) LOS objects, 35% free, 29MB/45MB, paused 1.981ms total 38.604ms
08-06 11:50:19.613 28441 28453 I art     : Starting a blocking GC Explicit
08-06 11:50:19.627 28441 28441 E chromium: [ERROR:filesystem_posix.cc(62)] mkdir /data/user/0/baseline.org.quantumbadger.redreader/cache/WebView/Crashpad: No such file or directory (2)
08-06 11:50:19.647 28441 28453 I art     : Explicit concurrent mark sweep GC freed 7160(625KB) AllocSpace objects, 3(76KB) LOS objects, 35% free, 28MB/44MB, paused 575us total 34.072ms
08-06 11:50:19.679 28441 28453 I art     : Starting a blocking GC Explicit
08-06 11:50:19.703   918  6110 D ConnectivityService: listenForNetwork for Listen from uid/pid:10705/28441 for NetworkRequest [ id=3927, legacyType=-1, [ Capabilities: INTERNET&NOT_RESTRICTED&TRUSTED] ]
08-06 11:50:19.715 28441 28453 I art     : Explicit concurrent mark sweep GC freed 1247(106KB) AllocSpace objects, 0(0B) LOS objects, 35% free, 29MB/45MB, paused 802us total 36.005ms
08-06 11:50:19.728 28441 28453 I art     : Starting a blocking GC Explicit
08-06 11:50:19.747 28441 30450 W cr_media: Requires BLUETOOTH permission
08-06 11:50:19.758 28441 30462 E libEGL  : validate_display:255 error 3008 (EGL_BAD_DISPLAY)
08-06 11:50:19.764 28441 28453 I art     : Explicit concurrent mark sweep GC freed 2202(148KB) AllocSpace objects, 0(0B) LOS objects, 35% free, 29MB/45MB, paused 711us total 35.379ms
08-06 11:50:19.799 28441 28453 I art     : Starting a blocking GC Explicit
08-06 11:50:19.835 28441 28453 I art     : Explicit concurrent mark sweep GC freed 838(53KB) AllocSpace objects, 0(0B) LOS objects, 35% free, 29MB/45MB, paused 682us total 35.271ms
08-06 11:50:19.871   918   936 I ActivityManager: Displayed baseline.org.quantumbadger.redreader/.activities.WebViewActivity: +383ms
08-06 11:50:19.871 13866 13866 I GoogleInputMethodServic: GoogleInputMethodService.onFinishInput():3138 
08-06 11:50:19.872 13866 13866 I GoogleInputMethodServic: GoogleInputMethodService.onStartInput():1808 
08-06 11:50:20.049   512  2967 D audio_hw_primary: disable_audio_route: reset and update mixer path: low-latency-playback speaker
08-06 11:50:20.050   512  2967 D audio_hw_primary: disable_snd_device: snd_device(2: speaker)
08-06 11:50:20.059   512  2967 I soundtrigger: audio_extn_sound_trigger_update_device_status: device 0x2 of type 0 for Event 0
08-06 11:50:20.107   380   380 W SurfaceFlinger: couldn't log to binary event log: overflow.
08-06 11:50:20.117 28441 28465 I art     : Starting a blocking GC Explicit
08-06 11:50:20.152 28441 28465 I art     : Explicit concurrent mark sweep GC freed 4946(271KB) AllocSpace objects, 4(220KB) LOS objects, 35% free, 29MB/45MB, paused 340us total 34.810ms
08-06 11:50:20.165 28441 28465 I art     : Starting a blocking GC Explicit
08-06 11:50:20.199 28441 28465 I art     : Explicit concurrent mark sweep GC freed 1035(121KB) AllocSpace objects, 0(0B) LOS objects, 35% free, 29MB/45MB, paused 684us total 34.037ms
08-06 11:50:20.213 28441 28465 I art     : Starting a blocking GC Explicit
08-06 11:50:20.248 28441 28465 I art     : Explicit concurrent mark sweep GC freed 287(18KB) AllocSpace objects, 0(0B) LOS objects, 35% free, 29MB/45MB, paused 884us total 34.412ms
08-06 11:50:20.262 28441 28465 I art     : Starting a blocking GC Explicit
08-06 11:50:20.296 28441 28465 I art     : Explicit concurrent mark sweep GC freed 580(43KB) AllocSpace objects, 0(0B) LOS objects, 35% free, 29MB/45MB, paused 548us total 34.081ms
08-06 11:50:20.315 28441 28465 I art     : Starting a blocking GC Explicit
08-06 11:50:20.354 28441 28465 I art     : Explicit concurrent mark sweep GC freed 384(28KB) AllocSpace objects, 0(0B) LOS objects, 35% free, 29MB/45MB, paused 447us total 39.129ms
08-06 11:50:20.627 28441 28452 I art     : Starting a blocking GC Explicit
08-06 11:50:20.671 28441 28452 I art     : Explicit concurrent mark sweep GC freed 3315(165KB) AllocSpace objects, 1(20KB) LOS objects, 35% free, 29MB/45MB, paused 472us total 42.845ms
08-06 11:50:20.685 28441 28452 I art     : Starting a blocking GC Explicit
08-06 11:50:20.722 28441 28452 I art     : Explicit concurrent mark sweep GC freed 1940(78KB) AllocSpace objects, 0(0B) LOS objects, 35% free, 29MB/45MB, paused 491us total 36.732ms
08-06 11:50:20.736 28441 28452 I art     : Starting a blocking GC Explicit
08-06 11:50:20.771 28441 28452 I art     : Explicit concurrent mark sweep GC freed 138(6KB) AllocSpace objects, 0(0B) LOS objects, 35% free, 29MB/45MB, paused 477us total 34.358ms
08-06 11:50:20.785 28441 28452 I art     : Starting a blocking GC Explicit
08-06 11:50:20.819 28441 28452 I art     : Explicit concurrent mark sweep GC freed 7(256B) AllocSpace objects, 0(0B) LOS objects, 35% free, 29MB/45MB, paused 430us total 34.069ms
08-06 11:50:20.832 28441 28452 I art     : Starting a blocking GC Explicit
08-06 11:50:20.866 28441 28452 I art     : Explicit concurrent mark sweep GC freed 3(96B) AllocSpace objects, 0(0B) LOS objects, 35% free, 29MB/45MB, paused 436us total 32.939ms
08-06 11:50:21.075 28441 28441 I Choreographer: Skipped 41 frames!  The application may be doing too much work on its main thread.
08-06 11:50:21.157 28441 28452 I art     : Starting a blocking GC Explicit
08-06 11:50:21.202 28441 28452 I art     : Explicit concurrent mark sweep GC freed 1379(83KB) AllocSpace objects, 1(20KB) LOS objects, 35% free, 29MB/45MB, paused 371us total 44.972ms
08-06 11:50:21.221 28441 28452 I art     : Starting a blocking GC Explicit
08-06 11:50:21.270 28441 28452 I art     : Explicit concurrent mark sweep GC freed 27(928B) AllocSpace objects, 0(0B) LOS objects, 35% free, 29MB/45MB, paused 621us total 49.723ms
08-06 11:50:21.293 28441 28452 I art     : Starting a blocking GC Explicit
08-06 11:50:21.337 28441 28452 I art     : Explicit concurrent mark sweep GC freed 12(368B) AllocSpace objects, 0(0B) LOS objects, 35% free, 29MB/45MB, paused 489us total 43.503ms
08-06 11:50:21.353 28441 28452 I art     : Starting a blocking GC Explicit
08-06 11:50:21.391 28441 28452 I art     : Explicit concurrent mark sweep GC freed 9(288B) AllocSpace objects, 0(0B) LOS objects, 35% free, 29MB/45MB, paused 454us total 38.080ms
08-06 11:50:21.409 28441 28452 I art     : Starting a blocking GC Explicit
08-06 11:50:21.448 28441 28452 I art     : Explicit concurrent mark sweep GC freed 8(256B) AllocSpace objects, 0(0B) LOS objects, 35% free, 29MB/45MB, paused 448us total 39.586ms
08-06 11:50:21.764 28441 28453 I art     : Starting a blocking GC Explicit
08-06 11:50:21.797 28441 28453 I art     : Explicit concurrent mark sweep GC freed 1585(115KB) AllocSpace objects, 1(20KB) LOS objects, 35% free, 29MB/45MB, paused 417us total 32.801ms
08-06 11:50:21.810 28441 28453 I art     : Starting a blocking GC Explicit
08-06 11:50:21.844 28441 28453 I art     : Explicit concurrent mark sweep GC freed 85(2912B) AllocSpace objects, 0(0B) LOS objects, 35% free, 29MB/45MB, paused 359us total 34.071ms
08-06 11:50:21.844 28441 28451 I art     : WaitForGcToComplete blocked for 10.939ms for cause HeapTrim
08-06 11:50:21.857 28441 28453 I art     : Starting a blocking GC Explicit
08-06 11:50:21.891 28441 28453 I art     : Explicit concurrent mark sweep GC freed 3(96B) AllocSpace objects, 0(0B) LOS objects, 35% free, 29MB/45MB, paused 396us total 33.210ms
08-06 11:50:21.904 28441 28453 I art     : Starting a blocking GC Explicit
08-06 11:50:21.938 28441 28453 I art     : Explicit concurrent mark sweep GC freed 3(96B) AllocSpace objects, 0(0B) LOS objects, 35% free, 29MB/45MB, paused 379us total 33.610ms
08-06 11:50:21.951 28441 28453 I art     : Starting a blocking GC Explicit
08-06 11:50:21.985 28441 28453 I art     : Explicit concurrent mark sweep GC freed 3(96B) AllocSpace objects, 0(0B) LOS objects, 35% free, 29MB/45MB, paused 404us total 33.511ms
08-06 11:50:22.047 28441 28441 I chromium: [INFO:CONSOLE(1)] "
08-06 11:50:22.047 28441 28441 I chromium:                   ,d"=,.,qOp,
08-06 11:50:22.047 28441 28441 I chromium:                  ,7'  ''$(  )
08-06 11:50:22.047 28441 28441 I chromium:                 ,7'      '?q$7'
08-06 11:50:22.047 28441 28441 I chromium:              ..,$$,.
08-06 11:50:22.047 28441 28441 I chromium:    ,.  .,,--***""***--,,.  .,
08-06 11:50:22.047 28441 28441 I chromium:     ,p''              ''q,   
08-06 11:50:22.047 28441 28441 I chromium: :  ,7'                      '7,  :
08-06 11:50:22.047 28441 28441 I chromium:  ' $      ,db,      ,db,      $ '
08-06 11:50:22.047 28441 28441 I chromium:   '$      $$      $$      $'    Using Reddit at work? Work for Reddit.
08-06 11:50:22.047 28441 28441 I chromium:   '$                          $'        https://www.reddit.com/jobs
08-06 11:50:22.047 28441 28441 I chromium:    '$.     .,        ,.     .$'
08-06 11:50:22.047 28441 28441 I chromium:     'b,     ''     ,d'
08-06 11:50:22.047 28441 28441 I chromium:      '?bn,,          ,,nd?'
08-06 11:50:22.047 28441 28441 I chromium:        ,7$ '''' $7,
08-06 11:50:22.047 28441 28441 I chromium:      , $              $ ,
08-06 11:50:22.047 28441 28441 I chromium:      $  :$              $:  $
08-06 11:50:22.047 28441 28441 I chromium:      $   $              $   $
08-06 11:50:22.047 28441 28441 I chromium:      'b  q:            :p  d'
08-06 11:50:22.047 28441 28441 I chromium:       '?$.          .$?'
08-06 11:50:22.047 28441 28441 I chromium:          'b            d'
08-06 11:50:22.047 28441 28441 I chromium:        ,'?,.      .,?',
08-06 11:50:22.047 28441 28441 I chromium:       ==--==--==--==
08-06 11:50:22.047 28441 28441 I chromium: ", source: https://www.redditstatic.com/desktop2x/Chat~Governance~Reddit.2ea93b134a9b2e5b1d9a.js (1)
08-06 11:50:22.275   518   646 I ThermalEngine: ACTION: GPU - Setting GPU[0] to 450000000
08-06 11:50:22.370 28441 29230 I art     : Starting a blocking GC Explicit
08-06 11:50:22.422 28441 29230 I art     : Explicit concurrent mark sweep GC freed 1364(85KB) AllocSpace objects, 1(20KB) LOS objects, 35% free, 29MB/45MB, paused 567us total 52.085ms
08-06 11:50:22.441 28441 29230 I art     : Starting a blocking GC Explicit
08-06 11:50:22.486 28441 29230 I art     : Explicit concurrent mark sweep GC freed 32(1552B) AllocSpace objects, 0(0B) LOS objects, 35% free, 29MB/45MB, paused 786us total 44.201ms
08-06 11:50:22.505 28441 29230 I art     : Starting a blocking GC Explicit
08-06 11:50:22.552 28441 29230 I art     : Explicit concurrent mark sweep GC freed 7(208B) AllocSpace objects, 0(0B) LOS objects, 35% free, 29MB/45MB, paused 495us total 46.777ms
08-06 11:50:22.571 28441 29230 I art     : Starting a blocking GC Explicit
08-06 11:50:22.614 28441 29230 I art     : Explicit concurrent mark sweep GC freed 3(96B) AllocSpace objects, 0(0B) LOS objects, 35% free, 29MB/45MB, paused 668us total 42.246ms
08-06 11:50:22.631 28441 29230 I art     : Starting a blocking GC Explicit
08-06 11:50:22.673 28441 29230 I art     : Explicit concurrent mark sweep GC freed 3(96B) AllocSpace objects, 0(0B) LOS objects, 35% free, 29MB/45MB, paused 534us total 41.851ms
08-06 11:50:23.059 28441 28452 I art     : Starting a blocking GC Explicit
08-06 11:50:23.104 28441 28452 I art     : Explicit concurrent mark sweep GC freed 1413(86KB) AllocSpace objects, 1(20KB) LOS objects, 35% free, 29MB/45MB, paused 536us total 45.199ms
08-06 11:50:23.124 28441 28452 I art     : Starting a blocking GC Explicit
08-06 11:50:23.166 28441 28452 I art     : Explicit concurrent mark sweep GC freed 170(9KB) AllocSpace objects, 0(0B) LOS objects, 35% free, 29MB/45MB, paused 505us total 41.636ms
08-06 11:50:23.183 28441 28452 I art     : Starting a blocking GC Explicit
08-06 11:50:23.229 28441 28452 I art     : Explicit concurrent mark sweep GC freed 6(192B) AllocSpace objects, 0(0B) LOS objects, 35% free, 29MB/45MB, paused 636us total 45.543ms
08-06 11:50:23.247 28441 28452 I art     : Starting a blocking GC Explicit
08-06 11:50:23.290 28441 28452 I art     : Explicit concurrent mark sweep GC freed 3(96B) AllocSpace objects, 0(0B) LOS objects, 35% free, 29MB/45MB, paused 505us total 42.417ms
08-06 11:50:23.308 28441 28452 I art     : Starting a blocking GC Explicit
08-06 11:50:23.359 28441 28452 I art     : Explicit concurrent mark sweep GC freed 3(96B) AllocSpace objects, 0(0B) LOS objects, 35% free, 29MB/45MB, paused 541us total 51.203ms
08-06 11:50:23.715 28441 28452 I art     : Starting a blocking GC Explicit
08-06 11:50:23.771 28441 28452 I art     : Explicit concurrent mark sweep GC freed 1371(85KB) AllocSpace objects, 1(20KB) LOS objects, 35% free, 29MB/45MB, paused 530us total 55.348ms
08-06 11:50:23.790 28441 28452 I art     : Starting a blocking GC Explicit
08-06 11:50:23.847 28441 28452 I art     : Explicit concurrent mark sweep GC freed 20(704B) AllocSpace objects, 0(0B) LOS objects, 35% free, 29MB/45MB, paused 656us total 57.020ms
08-06 11:50:23.868 28441 28452 I art     : Starting a blocking GC Explicit
08-06 11:50:23.913 28441 28452 I art     : Explicit concurrent mark sweep GC freed 3(96B) AllocSpace objects, 0(0B) LOS objects, 35% free, 29MB/45MB, paused 594us total 44.929ms
08-06 11:50:23.932 28441 28452 I art     : Starting a blocking GC Explicit
08-06 11:50:23.974 28441 28452 I art     : Explicit concurrent mark sweep GC freed 49(2656B) AllocSpace objects, 0(0B) LOS objects, 35% free, 29MB/45MB, paused 491us total 41.756ms
08-06 11:50:23.993 28441 28452 I art     : Starting a blocking GC Explicit
08-06 11:50:24.044 28441 28452 I art     : Explicit concurrent mark sweep GC freed 3(96B) AllocSpace objects, 0(0B) LOS objects, 35% free, 29MB/45MB, paused 507us total 51.122ms
08-06 11:50:24.429 28441 28453 I art     : Starting a blocking GC Explicit
08-06 11:50:24.484 28441 28453 I art     : Explicit concurrent mark sweep GC freed 1393(84KB) AllocSpace objects, 1(20KB) LOS objects, 35% free, 29MB/45MB, paused 494us total 54.177ms
08-06 11:50:24.488 28441 30431 I RedditChangeDataIO: Writing tmp data file at '/data/user/0/baseline.org.quantumbadger.redreader/files/rr_change_data_tmp.dat'
08-06 11:50:24.489 28441 30431 I RedditChangeDataManager: Taking snapshot...
08-06 11:50:24.489 28441 30431 I RedditChangeDataManager: Writing to stream...
08-06 11:50:24.489 28441 30431 I RedditChangeDataManager: Wrote 4 entries for user ''
08-06 11:50:24.489 28441 30431 I RedditChangeDataManager: All entries written to stream.
08-06 11:50:24.489 28441 30431 I RedditChangeDataIO: Write successful. Atomically replacing data file...
08-06 11:50:24.490 28441 30431 I RedditChangeDataIO: Write complete.
08-06 11:50:24.490 28441 30431 I RedditChangeDataIO: 110 bytes written in 2 ms
08-06 11:50:24.503 28441 28453 I art     : Starting a blocking GC Explicit
08-06 11:50:24.557 28441 28453 I art     : Explicit concurrent mark sweep GC freed 101(5KB) AllocSpace objects, 1(68KB) LOS objects, 35% free, 29MB/45MB, paused 536us total 53.686ms
08-06 11:50:24.576 28441 28453 I art     : Starting a blocking GC Explicit
08-06 11:50:24.624 28441 28453 I art     : Explicit concurrent mark sweep GC freed 6(192B) AllocSpace objects, 0(0B) LOS objects, 35% free, 29MB/45MB, paused 466us total 48.101ms
08-06 11:50:24.650 28441 28453 I art     : Starting a blocking GC Explicit
08-06 11:50:24.698 28441 28453 I art     : Explicit concurrent mark sweep GC freed 3(96B) AllocSpace objects, 0(0B) LOS objects, 35% free, 29MB/45MB, paused 496us total 48.264ms
08-06 11:50:24.717 28441 28453 I art     : Starting a blocking GC Explicit
08-06 11:50:24.769 28441 28453 I art     : Explicit concurrent mark sweep GC freed 3(96B) AllocSpace objects, 0(0B) LOS objects, 35% free, 29MB/45MB, paused 484us total 51.323ms
08-06 11:50:25.171 28441 28452 I art     : Starting a blocking GC Explicit
08-06 11:50:25.219 28441 28452 I art     : Explicit concurrent mark sweep GC freed 1355(82KB) AllocSpace objects, 1(20KB) LOS objects, 35% free, 29MB/45MB, paused 459us total 47.860ms
08-06 11:50:25.244 28441 28452 I art     : Starting a blocking GC Explicit
08-06 11:50:25.294 28441 28452 I art     : Explicit concurrent mark sweep GC freed 22(784B) AllocSpace objects, 0(0B) LOS objects, 35% free, 29MB/45MB, paused 524us total 49.755ms
08-06 11:50:25.312 28441 28452 I art     : Starting a blocking GC Explicit
08-06 11:50:25.365 28441 28452 I art     : Explicit concurrent mark sweep GC freed 3(96B) AllocSpace objects, 0(0B) LOS objects, 35% free, 29MB/45MB, paused 485us total 52.387ms
08-06 11:50:25.384 28441 28452 I art     : Starting a blocking GC Explicit
08-06 11:50:25.436 28441 28452 I art     : Explicit concurrent mark sweep GC freed 3(96B) AllocSpace objects, 0(0B) LOS objects, 35% free, 29MB/45MB, paused 597us total 51.681ms
08-06 11:50:25.459 28441 28452 I art     : Starting a blocking GC Explicit
08-06 11:50:25.507 28441 28452 I art     : Explicit concurrent mark sweep GC freed 3(96B) AllocSpace objects, 0(0B) LOS objects, 35% free, 29MB/45MB, paused 516us total 47.929ms
08-06 11:50:25.885 28441 28453 I art     : Starting a blocking GC Explicit
08-06 11:50:25.934 28441 28453 I art     : Explicit concurrent mark sweep GC freed 1355(82KB) AllocSpace objects, 1(20KB) LOS objects, 35% free, 29MB/45MB, paused 622us total 48.694ms
08-06 11:50:25.956 28441 28453 I art     : Starting a blocking GC Explicit
08-06 11:50:26.004 28441 28453 I art     : Explicit concurrent mark sweep GC freed 20(704B) AllocSpace objects, 0(0B) LOS objects, 35% free, 29MB/45MB, paused 461us total 47.190ms
08-06 11:50:26.022 28441 28453 I art     : Starting a blocking GC Explicit
08-06 11:50:26.074 28441 28453 I art     : Explicit concurrent mark sweep GC freed 3(96B) AllocSpace objects, 0(0B) LOS objects, 35% free, 29MB/45MB, paused 498us total 51.097ms
08-06 11:50:26.092 28441 28453 I art     : Starting a blocking GC Explicit
08-06 11:50:26.144 28441 28453 I art     : Explicit concurrent mark sweep GC freed 3(96B) AllocSpace objects, 0(0B) LOS objects, 35% free, 29MB/45MB, paused 563us total 51.513ms
08-06 11:50:26.163 28441 28453 I art     : Starting a blocking GC Explicit
08-06 11:50:26.211 28441 28453 I art     : Explicit concurrent mark sweep GC freed 3(96B) AllocSpace objects, 0(0B) LOS objects, 35% free, 29MB/45MB, paused 500us total 47.664ms
08-06 11:50:26.630 28441 28453 I art     : Starting a blocking GC Explicit
08-06 11:50:26.685 28441 28453 I art     : Explicit concurrent mark sweep GC freed 1355(82KB) AllocSpace objects, 1(20KB) LOS objects, 35% free, 29MB/45MB, paused 802us total 53.912ms
08-06 11:50:26.708 28441 28453 I art     : Starting a blocking GC Explicit
08-06 11:50:26.766 28441 28453 I art     : Explicit concurrent mark sweep GC freed 20(704B) AllocSpace objects, 0(0B) LOS objects, 35% free, 29MB/45MB, paused 831us total 58.327ms
08-06 11:50:26.789 28441 28453 I art     : Starting a blocking GC Explicit
08-06 11:50:26.849 28441 28453 I art     : Explicit concurrent mark sweep GC freed 3(96B) AllocSpace objects, 0(0B) LOS objects, 35% free, 29MB/45MB, paused 821us total 59.647ms
08-06 11:50:26.868 28441 28453 I art     : Starting a blocking GC Explicit
08-06 11:50:26.914 28441 28453 I art     : Explicit concurrent mark sweep GC freed 3(96B) AllocSpace objects, 0(0B) LOS objects, 35% free, 29MB/45MB, paused 471us total 44.859ms
08-06 11:50:26.914 28441 28451 I art     : WaitForGcToComplete blocked for 22.921ms for cause HeapTrim
08-06 11:50:26.933 28441 28453 I art     : Starting a blocking GC Explicit
08-06 11:50:26.979 28441 28453 I art     : Explicit concurrent mark sweep GC freed 3(96B) AllocSpace objects, 0(0B) LOS objects, 35% free, 29MB/45MB, paused 544us total 45.576ms
08-06 11:50:27.346 28441 28465 I art     : Starting a blocking GC Explicit
08-06 11:50:27.399 28441 28465 I art     : Explicit concurrent mark sweep GC freed 1355(82KB) AllocSpace objects, 1(20KB) LOS objects, 35% free, 29MB/45MB, paused 580us total 52.146ms
08-06 11:50:27.417 28441 28465 I art     : Starting a blocking GC Explicit
08-06 11:50:27.471 28441 28465 I art     : Explicit concurrent mark sweep GC freed 20(704B) AllocSpace objects, 0(0B) LOS objects, 35% free, 29MB/45MB, paused 499us total 53.659ms
08-06 11:50:27.490 28441 28465 I art     : Starting a blocking GC Explicit
08-06 11:50:27.541 28441 28465 I art     : Explicit concurrent mark sweep GC freed 3(96B) AllocSpace objects, 0(0B) LOS objects, 35% free, 29MB/45MB, paused 610us total 50.779ms
08-06 11:50:27.561 28441 28465 I art     : Starting a blocking GC Explicit
08-06 11:50:27.610 28441 28465 I art     : Explicit concurrent mark sweep GC freed 3(96B) AllocSpace objects, 0(0B) LOS objects, 35% free, 29MB/45MB, paused 463us total 48.360ms
08-06 11:50:27.628 28441 28465 I art     : Starting a blocking GC Explicit
08-06 11:50:27.676 28441 28465 I art     : Explicit concurrent mark sweep GC freed 3(96B) AllocSpace objects, 0(0B) LOS objects, 35% free, 29MB/45MB, paused 506us total 47.835ms
08-06 11:50:27.739 25566 25566 I ServiceManager: Waiting for service AtCmdFwd...
08-06 11:50:28.052 28441 28465 I art     : Starting a blocking GC Explicit
08-06 11:50:28.098 28441 28465 I art     : Explicit concurrent mark sweep GC freed 1355(82KB) AllocSpace objects, 1(20KB) LOS objects, 35% free, 29MB/45MB, paused 591us total 45.962ms
08-06 11:50:28.116 28441 28465 I art     : Starting a blocking GC Explicit
08-06 11:50:28.168 28441 28465 I art     : Explicit concurrent mark sweep GC freed 20(704B) AllocSpace objects, 0(0B) LOS objects, 35% free, 29MB/45MB, paused 528us total 51.796ms
08-06 11:50:28.187 28441 28465 I art     : Starting a blocking GC Explicit
08-06 11:50:28.232 28441 28465 I art     : Explicit concurrent mark sweep GC freed 3(96B) AllocSpace objects, 0(0B) LOS objects, 35% free, 29MB/45MB, paused 561us total 45.085ms
08-06 11:50:28.256 28441 28465 I art     : Starting a blocking GC Explicit
08-06 11:50:28.258 30598 30598 D AndroidRuntime: >>>>>> START com.android.internal.os.RuntimeInit uid 2000 <<<<<<
08-06 11:50:28.264 30598 30598 D AndroidRuntime: CheckJNI is OFF
08-06 11:50:28.300 28441 28465 I art     : Explicit concurrent mark sweep GC freed 3(96B) AllocSpace objects, 0(0B) LOS objects, 35% free, 29MB/45MB, paused 511us total 43.685ms
08-06 11:50:28.309 30598 30598 D ICU     : No timezone override file found: /data/misc/zoneinfo/current/icu/icu_tzdata.dat
08-06 11:50:28.318 28441 28465 I art     : Starting a blocking GC Explicit
08-06 11:50:28.358 30598 30598 I Radio-JNI: register_android_hardware_Radio DONE
08-06 11:50:28.369 28441 28465 I art     : Explicit concurrent mark sweep GC freed 3(96B) AllocSpace objects, 0(0B) LOS objects, 35% free, 29MB/45MB, paused 519us total 50.916ms
08-06 11:50:28.387 30598 30598 D AndroidRuntime: Calling main entry com.android.commands.input.Input
08-06 11:50:28.389 30598 30598 I Input   : injectKeyEvent: KeyEvent { action=ACTION_DOWN, keyCode=KEYCODE_BACK, scanCode=0, metaState=0, flags=0x0, repeatCount=0, eventTime=877844802, downTime=877844802, deviceId=-1, source=0x101 }
08-06 11:50:28.399 30598 30598 I Input   : injectKeyEvent: KeyEvent { action=ACTION_UP, keyCode=KEYCODE_BACK, scanCode=0, metaState=0, flags=0x0, repeatCount=0, eventTime=877844802, downTime=877844802, deviceId=-1, source=0x101 }
08-06 11:50:28.410 30598 30598 D AndroidRuntime: Shutting down VM
08-06 11:50:28.452 13866 13866 I GoogleInputMethodServic: GoogleInputMethodService.onFinishInput():3138 
08-06 11:50:28.452 13866 13866 I GoogleInputMethodServic: GoogleInputMethodService.onStartInput():1808 
08-06 11:50:28.701 28441 28465 I art     : Starting a blocking GC Explicit
08-06 11:50:28.740 25566 25566 I ServiceManager: Waiting for service AtCmdFwd...
08-06 11:50:28.758 28441 28465 I art     : Explicit concurrent mark sweep GC freed 1633(93KB) AllocSpace objects, 1(20KB) LOS objects, 35% free, 29MB/45MB, paused 800us total 56.440ms
08-06 11:50:28.778 28441 28465 I art     : Starting a blocking GC Explicit
08-06 11:50:28.784   380   380 W SurfaceFlinger: couldn't log to binary event log: overflow.
08-06 11:50:28.822   918  3263 D ConnectivityService: releasing NetworkRequest NetworkRequest [ id=3927, legacyType=-1, [ Capabilities: INTERNET&NOT_RESTRICTED&TRUSTED] ]
08-06 11:50:28.828 28441 28465 I art     : Explicit concurrent mark sweep GC freed 622(31KB) AllocSpace objects, 0(0B) LOS objects, 35% free, 29MB/45MB, paused 4.371ms total 49.727ms
08-06 11:50:28.861 28441 28465 I art     : Starting a blocking GC Explicit
08-06 11:50:28.902 28441 28465 I art     : Explicit concurrent mark sweep GC freed 324(14KB) AllocSpace objects, 0(0B) LOS objects, 35% free, 29MB/45MB, paused 508us total 40.709ms
08-06 11:50:28.920 28441 28465 I art     : Starting a blocking GC Explicit
08-06 11:50:28.960 28441 28465 I art     : Explicit concurrent mark sweep GC freed 2093(123KB) AllocSpace objects, 1(28KB) LOS objects, 35% free, 29MB/45MB, paused 479us total 39.714ms
08-06 11:50:28.977 28441 28465 I art     : Starting a blocking GC Explicit
08-06 11:50:29.021 28441 28465 I art     : Explicit concurrent mark sweep GC freed 3(96B) AllocSpace objects, 0(0B) LOS objects, 35% free, 29MB/45MB, paused 482us total 43.830ms
08-06 11:50:29.372 28441 29230 I art     : Starting a blocking GC Explicit
08-06 11:50:29.428 28441 29230 I art     : Explicit concurrent mark sweep GC freed 1355(82KB) AllocSpace objects, 1(20KB) LOS objects, 35% free, 29MB/45MB, paused 551us total 56.170ms
08-06 11:50:29.447 28441 29230 I art     : Starting a blocking GC Explicit
08-06 11:50:29.494 28441 29230 I art     : Explicit concurrent mark sweep GC freed 20(704B) AllocSpace objects, 0(0B) LOS objects, 35% free, 29MB/45MB, paused 514us total 46.989ms
08-06 11:50:29.513 28441 29230 I art     : Starting a blocking GC Explicit
08-06 11:50:29.561 28441 29230 I art     : Explicit concurrent mark sweep GC freed 3(96B) AllocSpace objects, 0(0B) LOS objects, 35% free, 29MB/45MB, paused 640us total 47.863ms
08-06 11:50:29.583 28441 29230 I art     : Starting a blocking GC Explicit
08-06 11:50:29.629 28441 29230 I art     : Explicit concurrent mark sweep GC freed 3(96B) AllocSpace objects, 0(0B) LOS objects, 35% free, 29MB/45MB, paused 482us total 45.444ms
08-06 11:50:29.647 28441 29230 I art     : Starting a blocking GC Explicit
08-06 11:50:29.688 28441 29230 I art     : Explicit concurrent mark sweep GC freed 3(96B) AllocSpace objects, 0(0B) LOS objects, 35% free, 29MB/45MB, paused 817us total 40.619ms
08-06 11:50:29.741 25566 25566 I ServiceManager: Waiting for service AtCmdFwd...
08-06 11:50:30.020 28441 28453 I art     : Starting a blocking GC Explicit
08-06 11:50:30.071 28441 28453 I art     : Explicit concurrent mark sweep GC freed 1375(83KB) AllocSpace objects, 1(20KB) LOS objects, 35% free, 29MB/45MB, paused 588us total 50.792ms
08-06 11:50:30.093 28441 28453 I art     : Starting a blocking GC Explicit
08-06 11:50:30.143 28441 28453 I art     : Explicit concurrent mark sweep GC freed 26(928B) AllocSpace objects, 0(0B) LOS objects, 35% free, 29MB/45MB, paused 520us total 49.132ms
08-06 11:50:30.162 28441 28453 I art     : Starting a blocking GC Explicit
08-06 11:50:30.197 30641 30641 D AndroidRuntime: >>>>>> START com.android.internal.os.RuntimeInit uid 2000 <<<<<<
08-06 11:50:30.202 30641 30641 D AndroidRuntime: CheckJNI is OFF
08-06 11:50:30.207 28441 28453 I art     : Explicit concurrent mark sweep GC freed 3(96B) AllocSpace objects, 0(0B) LOS objects, 35% free, 29MB/45MB, paused 465us total 44.629ms
08-06 11:50:30.225 28441 28453 I art     : Starting a blocking GC Explicit
08-06 11:50:30.248 30641 30641 D ICU     : No timezone override file found: /data/misc/zoneinfo/current/icu/icu_tzdata.dat
08-06 11:50:30.271 28441 28453 I art     : Explicit concurrent mark sweep GC freed 3(96B) AllocSpace objects, 0(0B) LOS objects, 35% free, 29MB/45MB, paused 525us total 46.078ms
08-06 11:50:30.289 28441 28453 I art     : Starting a blocking GC Explicit
08-06 11:50:30.295 30641 30641 I Radio-JNI: register_android_hardware_Radio DONE
08-06 11:50:30.324 30641 30641 D AndroidRuntime: Calling main entry com.android.commands.input.Input
08-06 11:50:30.326 30641 30641 I Input   : injectMotionEvent: MotionEvent { action=ACTION_DOWN, actionButton=0, id[0]=0, x[0]=600.0, y[0]=820.0, toolType[0]=TOOL_TYPE_UNKNOWN, buttonState=0, metaState=0, flags=0x0, edgeFlags=0x0, pointerCount=1, historySize=0, eventTime=877846738, downTime=877846738, deviceId=0, source=0x1002 }
08-06 11:50:30.333 30641 30641 I Input   : injectMotionEvent: MotionEvent { action=ACTION_UP, actionButton=0, id[0]=0, x[0]=600.0, y[0]=820.0, toolType[0]=TOOL_TYPE_UNKNOWN, buttonState=0, metaState=0, flags=0x0, edgeFlags=0x0, pointerCount=1, historySize=0, eventTime=877846738, downTime=877846738, deviceId=0, source=0x1002 }
08-06 11:50:30.335 28441 28453 I art     : Explicit concurrent mark sweep GC freed 3(96B) AllocSpace objects, 0(0B) LOS objects, 35% free, 29MB/45MB, paused 650us total 45.603ms
08-06 11:50:30.336 30641 30641 D AndroidRuntime: Shutting down VM
08-06 11:50:30.343   512  2967 D audio_hw_primary: out_set_parameters: enter: usecase(1: low-latency-playback) kvpairs: routing=2
08-06 11:50:30.350   918  3670 I ActivityManager: START u0 {dat=https://oauth.reddit.com/... cmp=baseline.org.quantumbadger.redreader/.activities.CommentListingActivity} from uid 10705 on display 0
08-06 11:50:30.357   512  2967 D audio_hw_primary: select_devices: out_snd_device(2: speaker) in_snd_device(0: none)
08-06 11:50:30.357   512  2967 D msm8974_platform: platform_send_audio_calibration: sending audio calibration for snd_device(2) acdb_id(15)
08-06 11:50:30.357   512  2967 I soundtrigger: audio_extn_sound_trigger_update_device_status: device 0x2 of type 0 for Event 1
08-06 11:50:30.372   512  2967 D audio_hw_primary: enable_snd_device: snd_device(2: speaker)
08-06 11:50:30.374   512  2967 D audio_hw_primary: enable_audio_route: apply and update mixer path: low-latency-playback speaker
08-06 11:50:30.377 28441 28441 I AppCompatViewInflater: app:theme is now deprecated. Please move to using android:theme instead.
08-06 11:50:30.395 28441 30666 D OK      : calling: https://oauth.reddit.com/comments/hi3oht/.json?sort=confidence
08-06 11:50:30.475   918   936 I ActivityManager: Displayed baseline.org.quantumbadger.redreader/.activities.CommentListingActivity: +116ms
08-06 11:50:30.477 13866 13866 I GoogleInputMethodServic: GoogleInputMethodService.onFinishInput():3138 
08-06 11:50:30.477 13866 13866 I GoogleInputMethodServic: GoogleInputMethodService.onStartInput():1808 
08-06 11:50:30.647 28441 28465 I art     : Starting a blocking GC Explicit
08-06 11:50:30.704 28441 28465 I art     : Explicit concurrent mark sweep GC freed 6155(302KB) AllocSpace objects, 1(20KB) LOS objects, 35% free, 29MB/45MB, paused 613us total 56.281ms
08-06 11:50:30.720   380   380 W SurfaceFlinger: couldn't log to binary event log: overflow.
08-06 11:50:30.724 28441 30666 I NAPPA_EXPERIMENTATION: MetricNetworkRequestExecutionTime: REQUEST_DURATION_SYSTEM='329',REQUEST_DURATION_OKHTTP='148',REQUEST_SYNCHRONOUS='TRUE',RESPONSE_CODE='200',RESPONSE_METHOD='GET',RESPONSE_LENGTH_OKHTTP='-1',RESPONSE_LENGTH_HEADER='167875',REQUEST_PROTOCOL='h2',REQUEST_URL='https://oauth.reddit.com/comments/hi3oht/.json?sort=confidence',
08-06 11:50:30.724 28441 30666 D OK      : request got status: 200
08-06 11:50:30.725 28441 28465 I art     : Starting a blocking GC Explicit
08-06 11:50:30.734 28441 29005 I CommentListingActivity: COMMENTS session changed to 3b7e14e6-fe3f-4d5e-8c6b-c5442e05a600
08-06 11:50:30.741 25566 25566 I ServiceManager: Waiting for service AtCmdFwd...
08-06 11:50:30.770 28441 28465 I art     : Explicit concurrent mark sweep GC freed 1218(138KB) AllocSpace objects, 1(16KB) LOS objects, 34% free, 30MB/46MB, paused 871us total 45.260ms
08-06 11:50:30.787 28441 28465 I art     : Starting a blocking GC Explicit
08-06 11:50:30.835 28441 28465 I art     : Explicit concurrent mark sweep GC freed 5563(403KB) AllocSpace objects, 1(24KB) LOS objects, 34% free, 30MB/46MB, paused 986us total 47.311ms
08-06 11:50:30.854 28441 28465 I art     : Starting a blocking GC Explicit
08-06 11:50:30.909 28441 28465 I art     : Explicit concurrent mark sweep GC freed 12694(779KB) AllocSpace objects, 1(24KB) LOS objects, 33% free, 31MB/47MB, paused 1.632ms total 55.211ms
08-06 11:50:30.910   512  2967 D audio_hw_primary: disable_audio_route: reset and update mixer path: low-latency-playback speaker
08-06 11:50:30.911   512  2967 D audio_hw_primary: disable_snd_device: snd_device(2: speaker)
08-06 11:50:30.918   512  2967 I soundtrigger: audio_extn_sound_trigger_update_device_status: device 0x2 of type 0 for Event 0
08-06 11:50:30.928 28441 28465 I art     : Starting a blocking GC Explicit
08-06 11:50:30.993 28441 28465 I art     : Explicit concurrent mark sweep GC freed 13548(853KB) AllocSpace objects, 1(20KB) LOS objects, 32% free, 32MB/48MB, paused 1.806ms total 64.876ms
08-06 11:50:31.308 28441 29230 I art     : Starting a blocking GC Explicit
08-06 11:50:31.376 28441 29230 I art     : Explicit concurrent mark sweep GC freed 64499(3MB) AllocSpace objects, 6(204KB) LOS objects, 32% free, 33MB/49MB, paused 475us total 67.744ms
08-06 11:50:31.399 28441 29230 I art     : Starting a blocking GC Explicit
08-06 11:50:31.463 28441 29230 I art     : Explicit concurrent mark sweep GC freed 37(1456B) AllocSpace objects, 0(0B) LOS objects, 32% free, 33MB/49MB, paused 545us total 63.369ms
08-06 11:50:31.485 28441 29230 I art     : Starting a blocking GC Explicit
08-06 11:50:31.552 28441 29230 I art     : Explicit concurrent mark sweep GC freed 3(96B) AllocSpace objects, 0(0B) LOS objects, 32% free, 33MB/49MB, paused 547us total 66.661ms
08-06 11:50:31.575 28441 29230 I art     : Starting a blocking GC Explicit
08-06 11:50:31.641 28441 29230 I art     : Explicit concurrent mark sweep GC freed 3(96B) AllocSpace objects, 0(0B) LOS objects, 32% free, 33MB/49MB, paused 487us total 65.814ms
08-06 11:50:31.665 28441 29230 I art     : Starting a blocking GC Explicit
08-06 11:50:31.731 28441 29230 I art     : Explicit concurrent mark sweep GC freed 3(96B) AllocSpace objects, 0(0B) LOS objects, 32% free, 33MB/49MB, paused 555us total 65.628ms
08-06 11:50:31.742 25566 25566 I ServiceManager: Waiting for service AtCmdFwd...
08-06 11:50:31.951  5179  5194 D QcrilMsgTunnelSocket: readRilMessage: Buffer = [B@671e81d HexData = [010000000404000011000000514f454d484f4f4bef0308000100000003]
08-06 11:50:31.951  5179  5194 D QcrilMsgTunnelSocket: Rcvd UNSOL response with 28 bytes data for SUB0
08-06 11:50:31.951  5179  5194 D QcrilMsgTunnelSocket: Response ID 525295 is not served in this process.
08-06 11:50:31.951  5179  5194 D QcrilMsgTunnelSocket: To broadcast an Intent via the notifier to external apps
08-06 11:50:31.952  5179  5179 D QcrilMsgTunnelIfaceManager: handleMessage what = 0
08-06 11:50:31.952  5179  5179 D QcrilMsgTunnelIfaceManager: Broadcasting intent ACTION_UNSOL_RESPONSE_OEM_HOOK_RAW
08-06 11:50:31.953  5164  5164 D QC_RIL_OEM_HOOK: Received Broadcast Intent ACTION_UNSOL_RESPONSE_OEM_HOOK_RAW
08-06 11:50:31.953  5164  5164 D QC_RIL_OEM_HOOK: Oem ID in QCRILHOOK UNSOL RESP is QOEMHOOK
08-06 11:50:32.078 28441 28452 I art     : Starting a blocking GC Explicit
08-06 11:50:32.177 28441 28452 I art     : Explicit concurrent mark sweep GC freed 1356(82KB) AllocSpace objects, 1(20KB) LOS objects, 32% free, 33MB/49MB, paused 620us total 99.174ms
08-06 11:50:32.203 28441 28452 I art     : Starting a blocking GC Explicit
08-06 11:50:32.279 28441 28452 I art     : Explicit concurrent mark sweep GC freed 66(2528B) AllocSpace objects, 0(0B) LOS objects, 32% free, 33MB/49MB, paused 561us total 75.509ms
08-06 11:50:32.301 28441 28452 I art     : Starting a blocking GC Explicit
08-06 11:50:32.380 28441 28452 I art     : Explicit concurrent mark sweep GC freed 3(96B) AllocSpace objects, 0(0B) LOS objects, 32% free, 33MB/49MB, paused 570us total 77.740ms
08-06 11:50:32.405 28441 28452 I art     : Starting a blocking GC Explicit
08-06 11:50:32.480 28441 28452 I art     : Explicit concurrent mark sweep GC freed 3(96B) AllocSpace objects, 0(0B) LOS objects, 32% free, 33MB/49MB, paused 540us total 74.573ms
08-06 11:50:32.503 28441 28452 I art     : Starting a blocking GC Explicit
08-06 11:50:32.575 28441 28452 I art     : Explicit concurrent mark sweep GC freed 3(96B) AllocSpace objects, 0(0B) LOS objects, 32% free, 33MB/49MB, paused 568us total 71.724ms
08-06 11:50:32.742 25566 25566 W Atfwd_Sendcmd: AtCmdFwd service not published, waiting... retryCnt : 5
08-06 11:50:32.953 28441 28465 I art     : Starting a blocking GC Explicit
08-06 11:50:33.036 28441 28465 I art     : Explicit concurrent mark sweep GC freed 1356(82KB) AllocSpace objects, 1(20KB) LOS objects, 32% free, 33MB/49MB, paused 589us total 82.024ms
08-06 11:50:33.059 28441 28465 I art     : Starting a blocking GC Explicit
08-06 11:50:33.135 28441 28465 I art     : Explicit concurrent mark sweep GC freed 20(704B) AllocSpace objects, 0(0B) LOS objects, 32% free, 33MB/49MB, paused 533us total 75.470ms
08-06 11:50:33.157 28441 28465 I art     : Starting a blocking GC Explicit
08-06 11:50:33.236 28441 28465 I art     : Explicit concurrent mark sweep GC freed 3(96B) AllocSpace objects, 0(0B) LOS objects, 32% free, 33MB/49MB, paused 563us total 77.965ms
08-06 11:50:33.263 28441 28465 I art     : Starting a blocking GC Explicit
08-06 11:50:33.297   518   646 I ThermalEngine: ACTION: GPU - Setting GPU[0] to 510000000
08-06 11:50:33.334 28441 28465 I art     : Explicit concurrent mark sweep GC freed 3(96B) AllocSpace objects, 0(0B) LOS objects, 32% free, 33MB/49MB, paused 568us total 70.832ms
08-06 11:50:33.353 28441 28465 I art     : Starting a blocking GC Explicit
08-06 11:50:33.410 28441 28465 I art     : Explicit concurrent mark sweep GC freed 3(96B) AllocSpace objects, 0(0B) LOS objects, 32% free, 33MB/49MB, paused 422us total 57.056ms
08-06 11:50:33.762 28441 28667 I art     : Starting a blocking GC Explicit
08-06 11:50:33.824 28441 28667 I art     : Explicit concurrent mark sweep GC freed 1356(82KB) AllocSpace objects, 1(20KB) LOS objects, 32% free, 33MB/49MB, paused 427us total 61.329ms
08-06 11:50:33.841 28441 28667 I art     : Starting a blocking GC Explicit
08-06 11:50:33.899 28441 28667 I art     : Explicit concurrent mark sweep GC freed 20(704B) AllocSpace objects, 0(0B) LOS objects, 32% free, 33MB/49MB, paused 432us total 57.914ms
08-06 11:50:33.917 28441 28667 I art     : Starting a blocking GC Explicit
08-06 11:50:33.973 28441 28667 I art     : Explicit concurrent mark sweep GC freed 3(96B) AllocSpace objects, 0(0B) LOS objects, 32% free, 33MB/49MB, paused 429us total 55.927ms
08-06 11:50:33.991 28441 28667 I art     : Starting a blocking GC Explicit
08-06 11:50:34.046 28441 28667 I art     : Explicit concurrent mark sweep GC freed 3(96B) AllocSpace objects, 0(0B) LOS objects, 32% free, 33MB/49MB, paused 432us total 54.551ms
08-06 11:50:34.063 28441 28667 I art     : Starting a blocking GC Explicit
08-06 11:50:34.117 28441 28667 I art     : Explicit concurrent mark sweep GC freed 3(96B) AllocSpace objects, 0(0B) LOS objects, 32% free, 33MB/49MB, paused 517us total 54.147ms
08-06 11:50:34.459 28441 29230 I art     : Starting a blocking GC Explicit
08-06 11:50:34.531 28441 29230 I art     : Explicit concurrent mark sweep GC freed 1356(82KB) AllocSpace objects, 1(20KB) LOS objects, 32% free, 33MB/49MB, paused 436us total 71.084ms
08-06 11:50:34.552 28441 29230 I art     : Starting a blocking GC Explicit
08-06 11:50:34.607 28441 29230 I art     : Explicit concurrent mark sweep GC freed 20(704B) AllocSpace objects, 0(0B) LOS objects, 32% free, 33MB/49MB, paused 414us total 54.274ms
08-06 11:50:34.624 28441 29230 I art     : Starting a blocking GC Explicit
08-06 11:50:34.676 28441 29230 I art     : Explicit concurrent mark sweep GC freed 3(96B) AllocSpace objects, 0(0B) LOS objects, 32% free, 33MB/49MB, paused 442us total 51.495ms
08-06 11:50:34.693 28441 29230 I art     : Starting a blocking GC Explicit
08-06 11:50:34.747 28441 29230 I art     : Explicit concurrent mark sweep GC freed 3(96B) AllocSpace objects, 0(0B) LOS objects, 32% free, 33MB/49MB, paused 489us total 53.978ms
08-06 11:50:34.764 28441 29230 I art     : Starting a blocking GC Explicit
08-06 11:50:34.817 28441 29230 I art     : Explicit concurrent mark sweep GC freed 3(96B) AllocSpace objects, 0(0B) LOS objects, 32% free, 33MB/49MB, paused 498us total 53.103ms
08-06 11:50:35.012 30739 30739 D AndroidRuntime: >>>>>> START com.android.internal.os.RuntimeInit uid 2000 <<<<<<
08-06 11:50:35.020 30739 30739 D AndroidRuntime: CheckJNI is OFF
08-06 11:50:35.053 30739 30739 D ICU     : No timezone override file found: /data/misc/zoneinfo/current/icu/icu_tzdata.dat
08-06 11:50:35.085 30739 30739 I Radio-JNI: register_android_hardware_Radio DONE
08-06 11:50:35.107 30739 30739 D AndroidRuntime: Calling main entry com.android.commands.input.Input
08-06 11:50:35.109 30739 30739 I Input   : injectKeyEvent: KeyEvent { action=ACTION_DOWN, keyCode=KEYCODE_BACK, scanCode=0, metaState=0, flags=0x0, repeatCount=0, eventTime=877851522, downTime=877851522, deviceId=-1, source=0x101 }
08-06 11:50:35.113 30739 30739 I Input   : injectKeyEvent: KeyEvent { action=ACTION_UP, keyCode=KEYCODE_BACK, scanCode=0, metaState=0, flags=0x0, repeatCount=0, eventTime=877851522, downTime=877851522, deviceId=-1, source=0x101 }
08-06 11:50:35.119 30739 30739 D AndroidRuntime: Shutting down VM
08-06 11:50:35.146 28441 28465 I art     : Starting a blocking GC Explicit
08-06 11:50:35.152 13866 13866 I GoogleInputMethodServic: GoogleInputMethodService.onFinishInput():3138 
08-06 11:50:35.153 13866 13866 I GoogleInputMethodServic: GoogleInputMethodService.onStartInput():1808 
08-06 11:50:35.198 28441 28465 I art     : Explicit concurrent mark sweep GC freed 1627(93KB) AllocSpace objects, 1(20KB) LOS objects, 32% free, 33MB/49MB, paused 752us total 51.071ms
08-06 11:50:35.214 28441 28465 I art     : Starting a blocking GC Explicit
08-06 11:50:35.263 28441 28465 I art     : Explicit concurrent mark sweep GC freed 61(2096B) AllocSpace objects, 0(0B) LOS objects, 32% free, 33MB/49MB, paused 389us total 48.181ms
08-06 11:50:35.280 28441 28465 I art     : Starting a blocking GC Explicit
08-06 11:50:35.338 28441 28465 I art     : Explicit concurrent mark sweep GC freed 3(96B) AllocSpace objects, 0(0B) LOS objects, 32% free, 33MB/49MB, paused 439us total 58.572ms
08-06 11:50:35.360 28441 28465 I art     : Starting a blocking GC Explicit
08-06 11:50:35.363 28441 30665 I RedditChangeDataIO: Writing tmp data file at '/data/user/0/baseline.org.quantumbadger.redreader/files/rr_change_data_tmp.dat'
08-06 11:50:35.364 28441 30665 I RedditChangeDataManager: Taking snapshot...
08-06 11:50:35.364 28441 30665 I RedditChangeDataManager: Writing to stream...
08-06 11:50:35.365 28441 30665 I RedditChangeDataManager: Wrote 5 entries for user ''
08-06 11:50:35.365 28441 30665 I RedditChangeDataManager: All entries written to stream.
08-06 11:50:35.365 28441 30665 I RedditChangeDataIO: Write successful. Atomically replacing data file...
08-06 11:50:35.365 28441 30665 I RedditChangeDataIO: Write complete.
08-06 11:50:35.365 28441 30665 I RedditChangeDataIO: 134 bytes written in 3 ms
08-06 11:50:35.419 28441 28465 I art     : Explicit concurrent mark sweep GC freed 80(4KB) AllocSpace objects, 1(68KB) LOS objects, 32% free, 33MB/49MB, paused 473us total 59.017ms
08-06 11:50:35.439 28441 28465 I art     : Starting a blocking GC Explicit
08-06 11:50:35.476   380   380 W SurfaceFlinger: couldn't log to binary event log: overflow.
08-06 11:50:35.498 28441 28465 I art     : Explicit concurrent mark sweep GC freed 55(2016B) AllocSpace objects, 0(0B) LOS objects, 32% free, 33MB/49MB, paused 380us total 58.643ms
08-06 11:50:35.818 28441 29230 I art     : Starting a blocking GC Explicit
08-06 11:50:35.893 28441 29230 I art     : Explicit concurrent mark sweep GC freed 1391(84KB) AllocSpace objects, 1(20KB) LOS objects, 32% free, 33MB/49MB, paused 509us total 74.801ms
08-06 11:50:35.915 28441 29230 I art     : Starting a blocking GC Explicit
08-06 11:50:35.960 28441 29230 I art     : Explicit concurrent mark sweep GC freed 76446(4MB) AllocSpace objects, 5(140KB) LOS objects, 35% free, 29MB/45MB, paused 428us total 44.772ms
08-06 11:50:35.975 28441 29230 I art     : Starting a blocking GC Explicit
08-06 11:50:36.009 28441 29230 I art     : Explicit concurrent mark sweep GC freed 3(96B) AllocSpace objects, 0(0B) LOS objects, 35% free, 29MB/45MB, paused 386us total 34.100ms
08-06 11:50:36.022 28441 29230 I art     : Starting a blocking GC Explicit
08-06 11:50:36.061 28441 29230 I art     : Explicit concurrent mark sweep GC freed 3(96B) AllocSpace objects, 0(0B) LOS objects, 35% free, 29MB/45MB, paused 417us total 37.894ms
08-06 11:50:36.075 28441 29230 I art     : Starting a blocking GC Explicit
08-06 11:50:36.115 28441 29230 I art     : Explicit concurrent mark sweep GC freed 3(96B) AllocSpace objects, 0(0B) LOS objects, 35% free, 29MB/45MB, paused 415us total 39.570ms
08-06 11:50:36.416 28441 28453 I art     : Starting a blocking GC Explicit
08-06 11:50:36.455 28441 28453 I art     : Explicit concurrent mark sweep GC freed 1593(119KB) AllocSpace objects, 1(20KB) LOS objects, 35% free, 29MB/45MB, paused 390us total 38.539ms
08-06 11:50:36.469 28441 28453 I art     : Starting a blocking GC Explicit
08-06 11:50:36.508 28441 28453 I art     : Explicit concurrent mark sweep GC freed 85(2880B) AllocSpace objects, 0(0B) LOS objects, 35% free, 29MB/45MB, paused 392us total 38.742ms
08-06 11:50:36.523 28441 28453 I art     : Starting a blocking GC Explicit
08-06 11:50:36.559 28441 28453 I art     : Explicit concurrent mark sweep GC freed 3(96B) AllocSpace objects, 0(0B) LOS objects, 35% free, 29MB/45MB, paused 383us total 36.237ms
08-06 11:50:36.573 28441 28453 I art     : Starting a blocking GC Explicit
08-06 11:50:36.609 28441 28453 I art     : Explicit concurrent mark sweep GC freed 3(96B) AllocSpace objects, 0(0B) LOS objects, 35% free, 29MB/45MB, paused 383us total 35.873ms
08-06 11:50:36.623 28441 28453 I art     : Starting a blocking GC Explicit
08-06 11:50:36.660 28441 28453 I art     : Explicit concurrent mark sweep GC freed 3(96B) AllocSpace objects, 0(0B) LOS objects, 35% free, 29MB/45MB, paused 378us total 36.442ms
08-06 11:50:36.778 30784 30784 D AndroidRuntime: >>>>>> START com.android.internal.os.RuntimeInit uid 2000 <<<<<<
08-06 11:50:36.785 30784 30784 D AndroidRuntime: CheckJNI is OFF
08-06 11:50:36.821 30784 30784 D ICU     : No timezone override file found: /data/misc/zoneinfo/current/icu/icu_tzdata.dat
08-06 11:50:36.853 30784 30784 I Radio-JNI: register_android_hardware_Radio DONE
08-06 11:50:36.874 30784 30784 D AndroidRuntime: Calling main entry com.android.commands.input.Input
08-06 11:50:36.876 30784 30784 I Input   : injectMotionEvent: MotionEvent { action=ACTION_DOWN, actionButton=0, id[0]=0, x[0]=600.0, y[0]=580.0, toolType[0]=TOOL_TYPE_UNKNOWN, buttonState=0, metaState=0, flags=0x0, edgeFlags=0x0, pointerCount=1, historySize=0, eventTime=877853289, downTime=877853289, deviceId=0, source=0x1002 }
08-06 11:50:36.881 30784 30784 I Input   : injectMotionEvent: MotionEvent { action=ACTION_UP, actionButton=0, id[0]=0, x[0]=600.0, y[0]=580.0, toolType[0]=TOOL_TYPE_UNKNOWN, buttonState=0, metaState=0, flags=0x0, edgeFlags=0x0, pointerCount=1, historySize=0, eventTime=877853289, downTime=877853289, deviceId=0, source=0x1002 }
08-06 11:50:36.882 30784 30784 D AndroidRuntime: Shutting down VM
08-06 11:50:36.898   512  2967 D audio_hw_primary: out_set_parameters: enter: usecase(1: low-latency-playback) kvpairs: routing=2
08-06 11:50:36.898   918  6111 I ActivityManager: START u0 {cmp=baseline.org.quantumbadger.redreader/.activities.WebViewActivity (has extras)} from uid 10705 on display 0
08-06 11:50:36.911   512  2967 D audio_hw_primary: select_devices: out_snd_device(2: speaker) in_snd_device(0: none)
08-06 11:50:36.911   512  2967 D msm8974_platform: platform_send_audio_calibration: sending audio calibration for snd_device(2) acdb_id(15)
08-06 11:50:36.912   512  2967 I soundtrigger: audio_extn_sound_trigger_update_device_status: device 0x2 of type 0 for Event 1
08-06 11:50:36.921   512  2967 D audio_hw_primary: enable_snd_device: snd_device(2: speaker)
08-06 11:50:36.921 28441 28441 I AppCompatViewInflater: app:theme is now deprecated. Please move to using android:theme instead.
08-06 11:50:36.923   512  2967 D audio_hw_primary: enable_audio_route: apply and update mixer path: low-latency-playback speaker
08-06 11:50:36.939   918  5132 D ConnectivityService: listenForNetwork for Listen from uid/pid:10705/28441 for NetworkRequest [ id=3928, legacyType=-1, [ Capabilities: INTERNET&NOT_RESTRICTED&TRUSTED] ]
08-06 11:50:36.972 28441 28465 I art     : Starting a blocking GC Explicit
08-06 11:50:37.008 28441 28465 I art     : Explicit concurrent mark sweep GC freed 5847(308KB) AllocSpace objects, 1(20KB) LOS objects, 35% free, 29MB/45MB, paused 543us total 35.444ms
08-06 11:50:37.027 28441 28465 I art     : Starting a blocking GC Explicit
08-06 11:50:37.031 13866 13866 I GoogleInputMethodServic: GoogleInputMethodService.onFinishInput():3138 
08-06 11:50:37.032 13866 13866 I GoogleInputMethodServic: GoogleInputMethodService.onStartInput():1808 
08-06 11:50:37.032   918   936 I ActivityManager: Displayed baseline.org.quantumbadger.redreader/.activities.WebViewActivity: +127ms
08-06 11:50:37.064 28441 28465 I art     : Explicit concurrent mark sweep GC freed 573(30KB) AllocSpace objects, 0(0B) LOS objects, 35% free, 29MB/45MB, paused 359us total 36.377ms
08-06 11:50:37.078 28441 28465 I art     : Starting a blocking GC Explicit
08-06 11:50:37.111 28441 28465 I art     : Explicit concurrent mark sweep GC freed 50(3KB) AllocSpace objects, 0(0B) LOS objects, 35% free, 29MB/45MB, paused 392us total 32.872ms
08-06 11:50:37.124 28441 28465 I art     : Starting a blocking GC Explicit
08-06 11:50:37.160 28441 28465 I art     : Explicit concurrent mark sweep GC freed 5(192B) AllocSpace objects, 0(0B) LOS objects, 35% free, 29MB/45MB, paused 376us total 35.384ms
08-06 11:50:37.174 28441 28465 I art     : Starting a blocking GC Explicit
08-06 11:50:37.211 28441 28465 I art     : Explicit concurrent mark sweep GC freed 4(128B) AllocSpace objects, 0(0B) LOS objects, 35% free, 29MB/45MB, paused 414us total 36.634ms
08-06 11:50:37.211 28441 28451 I art     : WaitForGcToComplete blocked for 33.424ms for cause HeapTrim
08-06 11:50:37.278   380   380 W SurfaceFlinger: couldn't log to binary event log: overflow.
08-06 11:50:37.458   512  2967 D audio_hw_primary: disable_audio_route: reset and update mixer path: low-latency-playback speaker
08-06 11:50:37.459   512  2967 D audio_hw_primary: disable_snd_device: snd_device(2: speaker)
08-06 11:50:37.468   512  2967 I soundtrigger: audio_extn_sound_trigger_update_device_status: device 0x2 of type 0 for Event 0
08-06 11:50:37.587 28441 28667 I art     : Starting a blocking GC Explicit
08-06 11:50:37.633 28441 28667 I art     : Explicit concurrent mark sweep GC freed 2329(136KB) AllocSpace objects, 1(20KB) LOS objects, 35% free, 29MB/45MB, paused 653us total 45.908ms
08-06 11:50:37.649 28441 28667 I art     : Starting a blocking GC Explicit
08-06 11:50:37.691 28441 28667 I art     : Explicit concurrent mark sweep GC freed 29(960B) AllocSpace objects, 0(0B) LOS objects, 35% free, 29MB/45MB, paused 641us total 42.521ms
08-06 11:50:37.706 28441 28667 I art     : Starting a blocking GC Explicit
08-06 11:50:37.745 28441 28667 I art     : Explicit concurrent mark sweep GC freed 9(288B) AllocSpace objects, 0(0B) LOS objects, 35% free, 29MB/45MB, paused 580us total 38.685ms
08-06 11:50:37.763 28441 28667 I art     : Starting a blocking GC Explicit
08-06 11:50:37.802 28441 28667 I art     : Explicit concurrent mark sweep GC freed 12(384B) AllocSpace objects, 0(0B) LOS objects, 35% free, 29MB/45MB, paused 347us total 39.485ms
08-06 11:50:37.818 28441 28667 I art     : Starting a blocking GC Explicit
08-06 11:50:37.855 28441 28667 I art     : Explicit concurrent mark sweep GC freed 8(256B) AllocSpace objects, 0(0B) LOS objects, 35% free, 29MB/45MB, paused 479us total 36.453ms
08-06 11:50:38.206 28441 28452 I art     : Starting a blocking GC Explicit
08-06 11:50:38.247 28441 28452 I art     : Explicit concurrent mark sweep GC freed 1401(84KB) AllocSpace objects, 1(20KB) LOS objects, 35% free, 29MB/45MB, paused 646us total 40.895ms
08-06 11:50:38.261 28441 28452 I art     : Starting a blocking GC Explicit
08-06 11:50:38.300 28441 28452 I art     : Explicit concurrent mark sweep GC freed 28(960B) AllocSpace objects, 0(0B) LOS objects, 35% free, 29MB/45MB, paused 415us total 39.013ms
08-06 11:50:38.305   518   646 I ThermalEngine: ACTION: GPU - Setting GPU[0] to 450000000
08-06 11:50:38.318 28441 28452 I art     : Starting a blocking GC Explicit
08-06 11:50:38.344 28441 28441 I chromium: [INFO:CONSOLE(1)] "
08-06 11:50:38.344 28441 28441 I chromium:                   ,d"=,.,qOp,
08-06 11:50:38.344 28441 28441 I chromium:                  ,7'  ''$(  )
08-06 11:50:38.344 28441 28441 I chromium:                 ,7'      '?q$7'
08-06 11:50:38.344 28441 28441 I chromium:              ..,$$,.
08-06 11:50:38.344 28441 28441 I chromium:    ,.  .,,--***""***--,,.  .,
08-06 11:50:38.344 28441 28441 I chromium:     ,p''              ''q,   
08-06 11:50:38.344 28441 28441 I chromium: :  ,7'                      '7,  :
08-06 11:50:38.344 28441 28441 I chromium:  ' $      ,db,      ,db,      $ '
08-06 11:50:38.344 28441 28441 I chromium:   '$      $$      $$      $'    Using Reddit at work? Work for Reddit.
08-06 11:50:38.344 28441 28441 I chromium:   '$                          $'        https://www.reddit.com/jobs
08-06 11:50:38.344 28441 28441 I chromium:    '$.     .,        ,.     .$'
08-06 11:50:38.344 28441 28441 I chromium:     'b,     ''     ,d'
08-06 11:50:38.344 28441 28441 I chromium:      '?bn,,          ,,nd?'
08-06 11:50:38.344 28441 28441 I chromium:        ,7$ '''' $7,
08-06 11:50:38.344 28441 28441 I chromium:      , $              $ ,
08-06 11:50:38.344 28441 28441 I chromium:      $  :$              $:  $
08-06 11:50:38.344 28441 28441 I chromium:      $   $              $   $
08-06 11:50:38.344 28441 28441 I chromium:      'b  q:            :p  d'
08-06 11:50:38.344 28441 28441 I chromium:       '?$.          .$?'
08-06 11:50:38.344 28441 28441 I chromium:          'b            d'
08-06 11:50:38.344 28441 28441 I chromium:        ,'?,.      .,?',
08-06 11:50:38.344 28441 28441 I chromium:       ==--==--==--==
08-06 11:50:38.344 28441 28441 I chromium: ", source: https://www.redditstatic.com/desktop2x/Chat~Governance~Reddit.2ea93b134a9b2e5b1d9a.js (1)
08-06 11:50:38.367 28441 28452 I art     : Explicit concurrent mark sweep GC freed 14(2624B) AllocSpace objects, 0(0B) LOS objects, 35% free, 29MB/45MB, paused 593us total 48.573ms
08-06 11:50:38.386 28441 28452 I art     : Starting a blocking GC Explicit
08-06 11:50:38.434 28441 28452 I art     : Explicit concurrent mark sweep GC freed 11(352B) AllocSpace objects, 0(0B) LOS objects, 35% free, 29MB/45MB, paused 481us total 47.140ms
08-06 11:50:38.453 28441 28452 I art     : Starting a blocking GC Explicit
08-06 11:50:38.500 28441 28452 I art     : Explicit concurrent mark sweep GC freed 9(288B) AllocSpace objects, 0(0B) LOS objects, 35% free, 29MB/45MB, paused 656us total 47.446ms
08-06 11:50:38.906 28441 28453 I art     : Starting a blocking GC Explicit
08-06 11:50:38.951 28441 28453 I art     : Explicit concurrent mark sweep GC freed 1439(85KB) AllocSpace objects, 1(20KB) LOS objects, 35% free, 29MB/45MB, paused 534us total 44.868ms
08-06 11:50:38.969 28441 28453 I art     : Starting a blocking GC Explicit
08-06 11:50:39.018 28441 28453 I art     : Explicit concurrent mark sweep GC freed 22(768B) AllocSpace objects, 0(0B) LOS objects, 35% free, 29MB/45MB, paused 595us total 48.337ms
08-06 11:50:39.036 28441 28453 I art     : Starting a blocking GC Explicit
08-06 11:50:39.083 28441 28453 I art     : Explicit concurrent mark sweep GC freed 3(96B) AllocSpace objects, 0(0B) LOS objects, 35% free, 29MB/45MB, paused 587us total 46.920ms
08-06 11:50:39.102 28441 28453 I art     : Starting a blocking GC Explicit
08-06 11:50:39.150 28441 28453 I art     : Explicit concurrent mark sweep GC freed 3(96B) AllocSpace objects, 0(0B) LOS objects, 35% free, 29MB/45MB, paused 546us total 47.344ms
08-06 11:50:39.168 28441 28453 I art     : Starting a blocking GC Explicit
08-06 11:50:39.213 28441 28453 I art     : Explicit concurrent mark sweep GC freed 3(96B) AllocSpace objects, 0(0B) LOS objects, 35% free, 29MB/45MB, paused 523us total 45.003ms
08-06 11:50:39.561 28441 28441 E chromium: [ERROR:page_load_metrics_update_dispatcher.cc(165)] Invalid first_paint 0.648 s for first_image_paint 0.604 s
08-06 11:50:39.580 28441 28453 I art     : Starting a blocking GC Explicit
08-06 11:50:39.635 28441 28453 I art     : Explicit concurrent mark sweep GC freed 1566(94KB) AllocSpace objects, 1(20KB) LOS objects, 35% free, 29MB/45MB, paused 508us total 54.464ms
08-06 11:50:39.655 28441 28453 I art     : Starting a blocking GC Explicit
08-06 11:50:39.698 28441 28453 I art     : Explicit concurrent mark sweep GC freed 20(704B) AllocSpace objects, 0(0B) LOS objects, 35% free, 29MB/45MB, paused 613us total 43.412ms
08-06 11:50:39.716 28441 28453 I art     : Starting a blocking GC Explicit
08-06 11:50:39.759 28441 28453 I art     : Explicit concurrent mark sweep GC freed 3(96B) AllocSpace objects, 0(0B) LOS objects, 35% free, 29MB/45MB, paused 537us total 42.979ms
08-06 11:50:39.778 28441 28453 I art     : Starting a blocking GC Explicit
08-06 11:50:39.826 28441 28453 I art     : Explicit concurrent mark sweep GC freed 3(96B) AllocSpace objects, 0(0B) LOS objects, 35% free, 29MB/45MB, paused 635us total 47.707ms
08-06 11:50:39.845 28441 28453 I art     : Starting a blocking GC Explicit
08-06 11:50:39.899 28441 28453 I art     : Explicit concurrent mark sweep GC freed 16(2640B) AllocSpace objects, 0(0B) LOS objects, 35% free, 29MB/45MB, paused 491us total 53.296ms
08-06 11:50:40.282 28441 28453 I art     : Starting a blocking GC Explicit
08-06 11:50:40.332 28441 28453 I art     : Explicit concurrent mark sweep GC freed 1355(82KB) AllocSpace objects, 1(20KB) LOS objects, 35% free, 29MB/45MB, paused 476us total 48.597ms
08-06 11:50:40.350 28441 28453 I art     : Starting a blocking GC Explicit
08-06 11:50:40.400 28441 28453 I art     : Explicit concurrent mark sweep GC freed 66(3KB) AllocSpace objects, 0(0B) LOS objects, 35% free, 29MB/45MB, paused 468us total 49.935ms
08-06 11:50:40.417 28441 28453 I art     : Starting a blocking GC Explicit
08-06 11:50:40.467 28441 28453 I art     : Explicit concurrent mark sweep GC freed 3(96B) AllocSpace objects, 0(0B) LOS objects, 35% free, 29MB/45MB, paused 630us total 48.897ms
08-06 11:50:40.487 28441 28453 I art     : Starting a blocking GC Explicit
08-06 11:50:40.536 28441 28453 I art     : Explicit concurrent mark sweep GC freed 3(96B) AllocSpace objects, 0(0B) LOS objects, 35% free, 29MB/45MB, paused 514us total 48.692ms
08-06 11:50:40.556 28441 28453 I art     : Starting a blocking GC Explicit
08-06 11:50:40.581 28441 28441 E chromium: [ERROR:page_load_metrics_update_dispatcher.cc(165)] Invalid first_paint 0.648 s for first_image_paint 0.604 s
08-06 11:50:40.610 28441 28453 I art     : Explicit concurrent mark sweep GC freed 3(96B) AllocSpace objects, 0(0B) LOS objects, 35% free, 29MB/45MB, paused 565us total 53.960ms
08-06 11:50:41.007 28441 28453 I art     : Starting a blocking GC Explicit
08-06 11:50:41.058 28441 28453 I art     : Explicit concurrent mark sweep GC freed 1355(82KB) AllocSpace objects, 1(20KB) LOS objects, 35% free, 29MB/45MB, paused 670us total 51.016ms
08-06 11:50:41.077 28441 28453 I art     : Starting a blocking GC Explicit
08-06 11:50:41.124 28441 28453 I art     : Explicit concurrent mark sweep GC freed 20(704B) AllocSpace objects, 0(0B) LOS objects, 35% free, 29MB/45MB, paused 476us total 46.483ms
08-06 11:50:41.144 28441 28453 I art     : Starting a blocking GC Explicit
08-06 11:50:41.188 28441 28453 I art     : Explicit concurrent mark sweep GC freed 3(96B) AllocSpace objects, 0(0B) LOS objects, 35% free, 29MB/45MB, paused 535us total 43.536ms
08-06 11:50:41.205 28441 28453 I art     : Starting a blocking GC Explicit
08-06 11:50:41.249 28441 28453 I art     : Explicit concurrent mark sweep GC freed 3(96B) AllocSpace objects, 0(0B) LOS objects, 35% free, 29MB/45MB, paused 521us total 43.936ms
08-06 11:50:41.268 28441 28453 I art     : Starting a blocking GC Explicit
08-06 11:50:41.319 28441 28453 I art     : Explicit concurrent mark sweep GC freed 3(96B) AllocSpace objects, 0(0B) LOS objects, 35% free, 29MB/45MB, paused 524us total 50.764ms
08-06 11:50:41.640 30874 30874 D AndroidRuntime: >>>>>> START com.android.internal.os.RuntimeInit uid 2000 <<<<<<
08-06 11:50:41.646 30874 30874 D AndroidRuntime: CheckJNI is OFF
08-06 11:50:41.691 30874 30874 D ICU     : No timezone override file found: /data/misc/zoneinfo/current/icu/icu_tzdata.dat
08-06 11:50:41.715 28441 28453 I art     : Starting a blocking GC Explicit
08-06 11:50:41.732 30874 30874 I Radio-JNI: register_android_hardware_Radio DONE
08-06 11:50:41.761 30874 30874 D AndroidRuntime: Calling main entry com.android.commands.input.Input
08-06 11:50:41.762 28441 28453 I art     : Explicit concurrent mark sweep GC freed 1355(82KB) AllocSpace objects, 1(20KB) LOS objects, 35% free, 29MB/45MB, paused 576us total 45.834ms
08-06 11:50:41.763 30874 30874 I Input   : injectKeyEvent: KeyEvent { action=ACTION_DOWN, keyCode=KEYCODE_BACK, scanCode=0, metaState=0, flags=0x0, repeatCount=0, eventTime=877858176, downTime=877858176, deviceId=-1, source=0x101 }
08-06 11:50:41.770 30874 30874 I Input   : injectKeyEvent: KeyEvent { action=ACTION_UP, keyCode=KEYCODE_BACK, scanCode=0, metaState=0, flags=0x0, repeatCount=0, eventTime=877858176, downTime=877858176, deviceId=-1, source=0x101 }
08-06 11:50:41.779 30874 30874 D AndroidRuntime: Shutting down VM
08-06 11:50:41.781 28441 28453 I art     : Starting a blocking GC Explicit
08-06 11:50:41.819 13866 13866 I GoogleInputMethodServic: GoogleInputMethodService.onFinishInput():3138 
08-06 11:50:41.820 13866 13866 I GoogleInputMethodServic: GoogleInputMethodService.onStartInput():1808 
08-06 11:50:41.827 28441 28453 I art     : Explicit concurrent mark sweep GC freed 165(5KB) AllocSpace objects, 0(0B) LOS objects, 35% free, 29MB/45MB, paused 598us total 46.455ms
08-06 11:50:41.844 28441 28453 I art     : Starting a blocking GC Explicit
08-06 11:50:41.889 28441 28453 I art     : Explicit concurrent mark sweep GC freed 125(4KB) AllocSpace objects, 0(0B) LOS objects, 35% free, 29MB/45MB, paused 490us total 43.941ms
08-06 11:50:41.906 28441 28453 I art     : Starting a blocking GC Explicit
08-06 11:50:41.910 28441 30808 I RedditChangeDataIO: Writing tmp data file at '/data/user/0/baseline.org.quantumbadger.redreader/files/rr_change_data_tmp.dat'
08-06 11:50:41.910 28441 30808 I RedditChangeDataManager: Taking snapshot...
08-06 11:50:41.910 28441 30808 I RedditChangeDataManager: Writing to stream...
08-06 11:50:41.910 28441 30808 I RedditChangeDataManager: Wrote 5 entries for user ''
08-06 11:50:41.910 28441 30808 I RedditChangeDataManager: All entries written to stream.
08-06 11:50:41.911 28441 30808 I RedditChangeDataIO: Write successful. Atomically replacing data file...
08-06 11:50:41.911 28441 30808 I RedditChangeDataIO: Write complete.
08-06 11:50:41.911 28441 30808 I RedditChangeDataIO: 134 bytes written in 2 ms
08-06 11:50:41.950 28441 28453 I art     : Explicit concurrent mark sweep GC freed 85(4KB) AllocSpace objects, 1(68KB) LOS objects, 35% free, 29MB/45MB, paused 472us total 43.796ms
08-06 11:50:41.972 28441 28453 I art     : Starting a blocking GC Explicit
08-06 11:50:42.030 28441 28453 I art     : Explicit concurrent mark sweep GC freed 13(624B) AllocSpace objects, 0(0B) LOS objects, 35% free, 29MB/45MB, paused 521us total 57.548ms
08-06 11:50:42.133   380   380 W SurfaceFlinger: couldn't log to binary event log: overflow.
08-06 11:50:42.179   918  3263 D ConnectivityService: releasing NetworkRequest NetworkRequest [ id=3928, legacyType=-1, [ Capabilities: INTERNET&NOT_RESTRICTED&TRUSTED] ]
08-06 11:50:42.370 28441 28452 I art     : Starting a blocking GC Explicit
08-06 11:50:42.425 28441 28452 I art     : Explicit concurrent mark sweep GC freed 2300(127KB) AllocSpace objects, 1(20KB) LOS objects, 35% free, 29MB/45MB, paused 512us total 54.451ms
08-06 11:50:42.447 28441 28452 I art     : Starting a blocking GC Explicit
08-06 11:50:42.495 28441 28452 I art     : Explicit concurrent mark sweep GC freed 2114(124KB) AllocSpace objects, 1(28KB) LOS objects, 35% free, 29MB/45MB, paused 518us total 48.192ms
08-06 11:50:42.514 28441 28452 I art     : Starting a blocking GC Explicit
08-06 11:50:42.561 28441 28452 I art     : Explicit concurrent mark sweep GC freed 3(96B) AllocSpace objects, 0(0B) LOS objects, 35% free, 29MB/45MB, paused 518us total 46.616ms
08-06 11:50:42.580 28441 28452 I art     : Starting a blocking GC Explicit
08-06 11:50:42.628 28441 28452 I art     : Explicit concurrent mark sweep GC freed 3(96B) AllocSpace objects, 0(0B) LOS objects, 35% free, 29MB/45MB, paused 549us total 48.459ms
08-06 11:50:42.650 28441 28452 I art     : Starting a blocking GC Explicit
08-06 11:50:42.698 28441 28452 I art     : Explicit concurrent mark sweep GC freed 3(96B) AllocSpace objects, 0(0B) LOS objects, 35% free, 29MB/45MB, paused 546us total 47.283ms
08-06 11:50:42.698 28441 28451 I art     : WaitForGcToComplete blocked for 47.579ms for cause HeapTrim
08-06 11:50:43.057 28441 28667 I art     : Starting a blocking GC Explicit
08-06 11:50:43.104 28441 28667 I art     : Explicit concurrent mark sweep GC freed 1356(82KB) AllocSpace objects, 1(20KB) LOS objects, 35% free, 29MB/45MB, paused 532us total 46.900ms
08-06 11:50:43.123 28441 28667 I art     : Starting a blocking GC Explicit
08-06 11:50:43.168 28441 28667 I art     : Explicit concurrent mark sweep GC freed 20(704B) AllocSpace objects, 0(0B) LOS objects, 35% free, 29MB/45MB, paused 557us total 44.718ms
08-06 11:50:43.186 28441 28667 I art     : Starting a blocking GC Explicit
08-06 11:50:43.230 28441 28667 I art     : Explicit concurrent mark sweep GC freed 3(96B) AllocSpace objects, 0(0B) LOS objects, 35% free, 29MB/45MB, paused 516us total 44.659ms
08-06 11:50:43.249 28441 28667 I art     : Starting a blocking GC Explicit
08-06 11:50:43.292 28441 28667 I art     : Explicit concurrent mark sweep GC freed 3(96B) AllocSpace objects, 0(0B) LOS objects, 35% free, 29MB/45MB, paused 496us total 42.607ms
08-06 11:50:43.310 28441 28667 I art     : Starting a blocking GC Explicit
08-06 11:50:43.355 28441 28667 I art     : Explicit concurrent mark sweep GC freed 3(96B) AllocSpace objects, 0(0B) LOS objects, 35% free, 29MB/45MB, paused 520us total 45.198ms
08-06 11:50:43.566 30918 30918 D AndroidRuntime: >>>>>> START com.android.internal.os.RuntimeInit uid 2000 <<<<<<
08-06 11:50:43.572 30918 30918 D AndroidRuntime: CheckJNI is OFF
08-06 11:50:43.613 30918 30918 D ICU     : No timezone override file found: /data/misc/zoneinfo/current/icu/icu_tzdata.dat
08-06 11:50:43.652 30918 30918 I Radio-JNI: register_android_hardware_Radio DONE
08-06 11:50:43.680 30918 30918 D AndroidRuntime: Calling main entry com.android.commands.input.Input
08-06 11:50:43.681 30918 30918 I Input   : injectKeyEvent: KeyEvent { action=ACTION_DOWN, keyCode=KEYCODE_BACK, scanCode=0, metaState=0, flags=0x0, repeatCount=0, eventTime=877860094, downTime=877860094, deviceId=-1, source=0x101 }
08-06 11:50:43.687 30918 30918 I Input   : injectKeyEvent: KeyEvent { action=ACTION_UP, keyCode=KEYCODE_BACK, scanCode=0, metaState=0, flags=0x0, repeatCount=0, eventTime=877860094, downTime=877860094, deviceId=-1, source=0x101 }
08-06 11:50:43.693 30918 30918 D AndroidRuntime: Shutting down VM
08-06 11:50:43.714 28441 28667 I art     : Starting a blocking GC Explicit
08-06 11:50:43.734 13866 13866 I GoogleInputMethodServic: GoogleInputMethodService.onFinishInput():3138 
08-06 11:50:43.734 13866 13866 I GoogleInputMethodServic: GoogleInputMethodService.onStartInput():1808 
08-06 11:50:43.761 28441 28667 I art     : Explicit concurrent mark sweep GC freed 1473(86KB) AllocSpace objects, 1(20KB) LOS objects, 35% free, 29MB/45MB, paused 505us total 46.074ms
08-06 11:50:43.777 28441 28667 I art     : Starting a blocking GC Explicit
08-06 11:50:43.816 28441 28667 I art     : Explicit concurrent mark sweep GC freed 87(2928B) AllocSpace objects, 0(0B) LOS objects, 35% free, 29MB/45MB, paused 492us total 39.459ms
08-06 11:50:43.833 28441 28667 I art     : Starting a blocking GC Explicit
08-06 11:50:43.876 28441 28667 I art     : Explicit concurrent mark sweep GC freed 3(96B) AllocSpace objects, 0(0B) LOS objects, 35% free, 29MB/45MB, paused 492us total 42.192ms
08-06 11:50:43.894 28441 28667 I art     : Starting a blocking GC Explicit
08-06 11:50:43.938 28441 28667 I art     : Explicit concurrent mark sweep GC freed 3(96B) AllocSpace objects, 0(0B) LOS objects, 35% free, 29MB/45MB, paused 526us total 43.388ms
08-06 11:50:43.957 28441 28667 I art     : Starting a blocking GC Explicit
08-06 11:50:43.999 28441 28667 I art     : Explicit concurrent mark sweep GC freed 3(96B) AllocSpace objects, 0(0B) LOS objects, 35% free, 29MB/45MB, paused 482us total 42.146ms
08-06 11:50:44.326 28441 28667 I art     : Starting a blocking GC Explicit
08-06 11:50:44.392 28441 28667 I art     : Explicit concurrent mark sweep GC freed 1414(84KB) AllocSpace objects, 1(20KB) LOS objects, 35% free, 29MB/45MB, paused 595us total 65.751ms
08-06 11:50:44.413 28441 28667 I art     : Starting a blocking GC Explicit
08-06 11:50:44.460 28441 28667 I art     : Explicit concurrent mark sweep GC freed 150(7KB) AllocSpace objects, 0(0B) LOS objects, 35% free, 29MB/45MB, paused 547us total 46.967ms
08-06 11:50:44.479 28441 28667 I art     : Starting a blocking GC Explicit
08-06 11:50:44.528 28441 28667 I art     : Explicit concurrent mark sweep GC freed 3(96B) AllocSpace objects, 0(0B) LOS objects, 35% free, 29MB/45MB, paused 601us total 48.623ms
08-06 11:50:44.552 28441 28667 I art     : Starting a blocking GC Explicit
08-06 11:50:44.598 28441 28667 I art     : Explicit concurrent mark sweep GC freed 3(96B) AllocSpace objects, 0(0B) LOS objects, 35% free, 29MB/45MB, paused 570us total 45.802ms
08-06 11:50:44.616 28441 28667 I art     : Starting a blocking GC Explicit
08-06 11:50:44.664 28441 28667 I art     : Explicit concurrent mark sweep GC freed 3(96B) AllocSpace objects, 0(0B) LOS objects, 35% free, 29MB/45MB, paused 546us total 47.864ms
08-06 11:50:45.008 28441 28465 I art     : Starting a blocking GC Explicit
08-06 11:50:45.053 28441 28465 I art     : Explicit concurrent mark sweep GC freed 1356(82KB) AllocSpace objects, 1(20KB) LOS objects, 35% free, 29MB/45MB, paused 544us total 45.084ms
08-06 11:50:45.071 28441 28465 I art     : Starting a blocking GC Explicit
08-06 11:50:45.117 28441 28465 I art     : Explicit concurrent mark sweep GC freed 20(704B) AllocSpace objects, 0(0B) LOS objects, 35% free, 29MB/45MB, paused 543us total 45.222ms
08-06 11:50:45.135 28441 28465 I art     : Starting a blocking GC Explicit
08-06 11:50:45.181 28441 28465 I art     : Explicit concurrent mark sweep GC freed 3(96B) AllocSpace objects, 0(0B) LOS objects, 35% free, 29MB/45MB, paused 505us total 45.519ms
08-06 11:50:45.199 28441 28465 I art     : Starting a blocking GC Explicit
08-06 11:50:45.245 28441 28465 I art     : Explicit concurrent mark sweep GC freed 3(96B) AllocSpace objects, 0(0B) LOS objects, 35% free, 29MB/45MB, paused 530us total 45.472ms
08-06 11:50:45.263 28441 28465 I art     : Starting a blocking GC Explicit
08-06 11:50:45.311 28441 28465 I art     : Explicit concurrent mark sweep GC freed 3(96B) AllocSpace objects, 0(0B) LOS objects, 35% free, 29MB/45MB, paused 538us total 46.996ms
08-06 11:50:45.486 30961 30961 D AndroidRuntime: >>>>>> START com.android.internal.os.RuntimeInit uid 2000 <<<<<<
08-06 11:50:45.494 30961 30961 D AndroidRuntime: CheckJNI is OFF
08-06 11:50:45.536 30961 30961 D ICU     : No timezone override file found: /data/misc/zoneinfo/current/icu/icu_tzdata.dat
08-06 11:50:45.578 30961 30961 I Radio-JNI: register_android_hardware_Radio DONE
08-06 11:50:45.607 30961 30961 D AndroidRuntime: Calling main entry com.android.commands.input.Input
08-06 11:50:45.609 30961 30961 I Input   : injectMotionEvent: MotionEvent { action=ACTION_DOWN, actionButton=0, id[0]=0, x[0]=600.0, y[0]=1000.0, toolType[0]=TOOL_TYPE_UNKNOWN, buttonState=0, metaState=0, flags=0x0, edgeFlags=0x0, pointerCount=1, historySize=0, eventTime=877862021, downTime=877862021, deviceId=0, source=0x1002 }
08-06 11:50:45.615 30961 30961 I Input   : injectMotionEvent: MotionEvent { action=ACTION_UP, actionButton=0, id[0]=0, x[0]=600.0, y[0]=1000.0, toolType[0]=TOOL_TYPE_UNKNOWN, buttonState=0, metaState=0, flags=0x0, edgeFlags=0x0, pointerCount=1, historySize=0, eventTime=877862021, downTime=877862021, deviceId=0, source=0x1002 }
08-06 11:50:45.616 30961 30961 D AndroidRuntime: Shutting down VM
08-06 11:50:45.624   918  3714 I ActivityManager: START u0 {dat=https://oauth.reddit.com/... cmp=baseline.org.quantumbadger.redreader/.activities.PostListingActivity} from uid 10705 on display 0
08-06 11:50:45.626   512  2967 D audio_hw_primary: out_set_parameters: enter: usecase(1: low-latency-playback) kvpairs: routing=2
08-06 11:50:45.640   512  2967 D audio_hw_primary: select_devices: out_snd_device(2: speaker) in_snd_device(0: none)
08-06 11:50:45.640   512  2967 D msm8974_platform: platform_send_audio_calibration: sending audio calibration for snd_device(2) acdb_id(15)
08-06 11:50:45.640   512  2967 I soundtrigger: audio_extn_sound_trigger_update_device_status: device 0x2 of type 0 for Event 1
08-06 11:50:45.658   512  2967 D audio_hw_primary: enable_snd_device: snd_device(2: speaker)
08-06 11:50:45.661   512  2967 D audio_hw_primary: enable_audio_route: apply and update mixer path: low-latency-playback speaker
08-06 11:50:45.662 28441 28441 I AppCompatViewInflater: app:theme is now deprecated. Please move to using android:theme instead.
08-06 11:50:45.675 28441 28452 I art     : Starting a blocking GC Explicit
08-06 11:50:45.698 28441 30985 D OK      : calling: https://oauth.reddit.com/r/announcements/about.json
08-06 11:50:45.726 28441 28452 I art     : Explicit concurrent mark sweep GC freed 2280(156KB) AllocSpace objects, 1(20KB) LOS objects, 35% free, 29MB/45MB, paused 986us total 50.839ms
08-06 11:50:45.747 28441 28452 I art     : Starting a blocking GC Explicit
08-06 11:50:45.779   918   936 I ActivityManager: Displayed baseline.org.quantumbadger.redreader/.activities.PostListingActivity: +134ms
08-06 11:50:45.779 13866 13866 I GoogleInputMethodServic: GoogleInputMethodService.onFinishInput():3138 
08-06 11:50:45.780 13866 13866 I GoogleInputMethodServic: GoogleInputMethodService.onStartInput():1808 
08-06 11:50:45.796 28441 28452 I art     : Explicit concurrent mark sweep GC freed 1041(50KB) AllocSpace objects, 0(0B) LOS objects, 35% free, 29MB/45MB, paused 915us total 48.732ms
08-06 11:50:45.822 28441 28452 I art     : Starting a blocking GC Explicit
08-06 11:50:45.869 28441 28452 I art     : Explicit concurrent mark sweep GC freed 2061(82KB) AllocSpace objects, 0(0B) LOS objects, 35% free, 29MB/45MB, paused 626us total 46.788ms
08-06 11:50:45.887 28441 28452 I art     : Starting a blocking GC Explicit
08-06 11:50:45.934 28441 28452 I art     : Explicit concurrent mark sweep GC freed 139(6KB) AllocSpace objects, 0(0B) LOS objects, 35% free, 29MB/45MB, paused 654us total 46.804ms
08-06 11:50:45.955 28441 28452 I art     : Starting a blocking GC Explicit
08-06 11:50:45.980 28441 30985 I NAPPA_EXPERIMENTATION: MetricNetworkRequestExecutionTime: REQUEST_DURATION_SYSTEM='281',REQUEST_DURATION_OKHTTP='148',REQUEST_SYNCHRONOUS='TRUE',RESPONSE_CODE='200',RESPONSE_METHOD='GET',RESPONSE_LENGTH_OKHTTP='-1',RESPONSE_LENGTH_HEADER='1564',REQUEST_PROTOCOL='h2',REQUEST_URL='https://oauth.reddit.com/r/announcements/about.json',
08-06 11:50:45.980 28441 30985 D OK      : request got status: 200
08-06 11:50:46.013 28441 28452 I art     : Explicit concurrent mark sweep GC freed 981(115KB) AllocSpace objects, 1(68KB) LOS objects, 35% free, 29MB/45MB, paused 1.142ms total 57.721ms
08-06 11:50:46.021   380   380 W SurfaceFlinger: couldn't log to binary event log: overflow.
08-06 11:50:46.208   512  2967 D audio_hw_primary: disable_audio_route: reset and update mixer path: low-latency-playback speaker
08-06 11:50:46.209   512  2967 D audio_hw_primary: disable_snd_device: snd_device(2: speaker)
08-06 11:50:46.216   512  2967 I soundtrigger: audio_extn_sound_trigger_update_device_status: device 0x2 of type 0 for Event 0
08-06 11:50:46.348 28441 29230 I art     : Starting a blocking GC Explicit
08-06 11:50:46.400 28441 29230 I art     : Explicit concurrent mark sweep GC freed 2188(133KB) AllocSpace objects, 2(88KB) LOS objects, 35% free, 29MB/45MB, paused 602us total 51.155ms
08-06 11:50:46.419 28441 29230 I art     : Starting a blocking GC Explicit
08-06 11:50:46.466 28441 29230 I art     : Explicit concurrent mark sweep GC freed 157(8KB) AllocSpace objects, 0(0B) LOS objects, 35% free, 29MB/45MB, paused 556us total 46.584ms
08-06 11:50:46.485 28441 29230 I art     : Starting a blocking GC Explicit
08-06 11:50:46.531 28441 29230 I art     : Explicit concurrent mark sweep GC freed 25(1024B) AllocSpace objects, 0(0B) LOS objects, 35% free, 29MB/45MB, paused 573us total 45.181ms
08-06 11:50:46.549 28441 29230 I art     : Starting a blocking GC Explicit
08-06 11:50:46.596 28441 29230 I art     : Explicit concurrent mark sweep GC freed 3(96B) AllocSpace objects, 0(0B) LOS objects, 35% free, 29MB/45MB, paused 580us total 46.202ms
08-06 11:50:46.614 28441 29230 I art     : Starting a blocking GC Explicit
08-06 11:50:46.660 28441 29230 I art     : Explicit concurrent mark sweep GC freed 3(96B) AllocSpace objects, 0(0B) LOS objects, 35% free, 29MB/45MB, paused 548us total 45.237ms
08-06 11:50:46.900 28441 31009 D OK      : calling: https://oauth.reddit.com/r/announcements/hot/.json
08-06 11:50:46.987 28441 28452 I art     : Starting a blocking GC Explicit
08-06 11:50:47.037 28441 28452 I art     : Explicit concurrent mark sweep GC freed 1448(86KB) AllocSpace objects, 1(20KB) LOS objects, 35% free, 29MB/45MB, paused 658us total 49.856ms
08-06 11:50:47.056 28441 28452 I art     : Starting a blocking GC Explicit
08-06 11:50:47.100 28441 31009 I NAPPA_EXPERIMENTATION: MetricNetworkRequestExecutionTime: REQUEST_DURATION_SYSTEM='200',REQUEST_DURATION_OKHTTP='197',REQUEST_SYNCHRONOUS='TRUE',RESPONSE_CODE='200',RESPONSE_METHOD='GET',RESPONSE_LENGTH_OKHTTP='-1',RESPONSE_LENGTH_HEADER='142016',REQUEST_PROTOCOL='h2',REQUEST_URL='https://oauth.reddit.com/r/announcements/hot/.json',
08-06 11:50:47.100 28441 31009 D OK      : request got status: 200
08-06 11:50:47.102 28441 28452 I art     : Explicit concurrent mark sweep GC freed 336(27KB) AllocSpace objects, 0(0B) LOS objects, 35% free, 29MB/45MB, paused 692us total 46.375ms
08-06 11:50:47.111 28441 29005 I PostListingFragment: Precaching images: OFF
08-06 11:50:47.111 28441 29005 I PostListingFragment: Precaching comments: OFF
08-06 11:50:47.120 28441 28452 I art     : Starting a blocking GC Explicit
08-06 11:50:47.170 28441 28452 I art     : Explicit concurrent mark sweep GC freed 1339(134KB) AllocSpace objects, 1(16KB) LOS objects, 34% free, 30MB/46MB, paused 892us total 49.765ms
08-06 11:50:47.189 28441 28452 I art     : Starting a blocking GC Explicit
08-06 11:50:47.240 28441 28452 I art     : Explicit concurrent mark sweep GC freed 1129(54KB) AllocSpace objects, 3(56KB) LOS objects, 34% free, 30MB/46MB, paused 782us total 51.185ms
08-06 11:50:47.259 28441 28452 I art     : Starting a blocking GC Explicit
08-06 11:50:47.315 28441 28452 I art     : Explicit concurrent mark sweep GC freed 3295(186KB) AllocSpace objects, 3(60KB) LOS objects, 33% free, 31MB/47MB, paused 934us total 56.166ms
08-06 11:50:47.629 28441 28667 I art     : Starting a blocking GC Explicit
08-06 11:50:47.679 28441 28441 W RecyclerView: Cannot call this method in a scroll callback. Scroll callbacks mightbe run during a measure & layout pass where you cannot change theRecyclerView data. Any method call that might change the structureof the RecyclerView or the adapter contents should be postponed tothe next frame.
08-06 11:50:47.679 28441 28441 W RecyclerView: java.lang.IllegalStateException:  androidx.recyclerview.widget.RecyclerView{d3f3533 VFED..... .F....ID 0,0-1440,2140 #7f0900ef app:id/scrollbar_recyclerview_recyclerview}, adapter:baseline.org.quantumbadger.redreader.adapters.GroupedRecyclerViewAdapter@e9160f0, layout:androidx.recyclerview.widget.LinearLayoutManager@90f9669, context:baseline.org.quantumbadger.redreader.activities.PostListingActivity@466ae10
08-06 11:50:47.679 28441 28441 W RecyclerView: 	at androidx.recyclerview.widget.RecyclerView.assertNotInLayoutOrScroll(RecyclerView.java:3061)
08-06 11:50:47.679 28441 28441 W RecyclerView: 	at androidx.recyclerview.widget.RecyclerView$RecyclerViewDataObserver.onItemRangeInserted(RecyclerView.java:5555)
08-06 11:50:47.679 28441 28441 W RecyclerView: 	at androidx.recyclerview.widget.RecyclerView$AdapterDataObservable.notifyItemRangeInserted(RecyclerView.java:12278)
08-06 11:50:47.679 28441 28441 W RecyclerView: 	at androidx.recyclerview.widget.RecyclerView$Adapter.notifyItemInserted(RecyclerView.java:7464)
08-06 11:50:47.679 28441 28441 W RecyclerView: 	at baseline.org.quantumbadger.redreader.adapters.GroupedRecyclerViewAdapter.updateHiddenStatus(GroupedRecyclerViewAdapter.java:279)
08-06 11:50:47.679 28441 28441 W RecyclerView: 	at baseline.org.quantumbadger.redreader.adapters.RedditListingManager.setLoadingVisible(RedditListingManager.java:125)
08-06 11:50:47.679 28441 28441 W RecyclerView: 	at baseline.org.quantumbadger.redreader.fragments.PostListingFragment.onLoadMoreItemsCheck(PostListingFragment.java:465)
08-06 11:50:47.679 28441 28441 W RecyclerView: 	at baseline.org.quantumbadger.redreader.fragments.PostListingFragment.access$000(PostListingFragment.java:98)
08-06 11:50:47.679 28441 28441 W RecyclerView: 	at baseline.org.quantumbadger.redreader.fragments.PostListingFragment$2.onScrolled(PostListingFragment.java:215)
08-06 11:50:47.679 28441 28441 W RecyclerView: 	at androidx.recyclerview.widget.RecyclerView.dispatchOnScrolled(RecyclerView.java:5173)
08-06 11:50:47.679 28441 28441 W RecyclerView: 	at androidx.recyclerview.widget.RecyclerView.dispatchLayoutStep3(RecyclerView.java:4231)
08-06 11:50:47.679 28441 28441 W RecyclerView: 	at androidx.recyclerview.widget.RecyclerView.dispatchLayout(RecyclerView.java:3862)
08-06 11:50:47.679 28441 28441 W RecyclerView: 	at androidx.recyclerview.widget.RecyclerView.consumePendingUpdateOperations(RecyclerView.java:1897)
08-06 11:50:47.679 28441 28441 W RecyclerView: 	at androidx.recyclerview.widget.RecyclerView$1.run(RecyclerView.java:414)
08-06 11:50:47.679 28441 28441 W RecyclerView: 	at android.view.Choreographer$CallbackRecord.run(Choreographer.java:858)
08-06 11:50:47.679 28441 28441 W RecyclerView: 	at android.view.Choreographer.doCallbacks(Choreographer.java:670)
08-06 11:50:47.679 28441 28441 W RecyclerView: 	at android.view.Choreographer.doFrame(Choreographer.java:603)
08-06 11:50:47.679 28441 28441 W RecyclerView: 	at android.view.Choreographer$FrameDisplayEventReceiver.run(Choreographer.java:844)
08-06 11:50:47.679 28441 28441 W RecyclerView: 	at android.os.Handler.handleCallback(Handler.java:739)
08-06 11:50:47.679 28441 28441 W RecyclerView: 	at android.os.Handler.dispatchMessage(Handler.java:95)
08-06 11:50:47.679 28441 28441 W RecyclerView: 	at android.os.Looper.loop(Looper.java:148)
08-06 11:50:47.679 28441 28441 W RecyclerView: 	at android.app.ActivityThread.main(ActivityThread.java:5417)
08-06 11:50:47.679 28441 28441 W RecyclerView: 	at java.lang.reflect.Method.invoke(Native Method)
08-06 11:50:47.679 28441 28441 W RecyclerView: 	at com.android.internal.os.ZygoteInit$MethodAndArgsCaller.run(ZygoteInit.java:726)
08-06 11:50:47.679 28441 28441 W RecyclerView: 	at com.android.internal.os.ZygoteInit.main(ZygoteInit.java:616)
08-06 11:50:47.691 28441 28667 I art     : Explicit concurrent mark sweep GC freed 76622(4MB) AllocSpace objects, 38(2004KB) LOS objects, 33% free, 31MB/47MB, paused 1.254ms total 61.421ms
08-06 11:50:47.710 28441 28667 I art     : Starting a blocking GC Explicit
08-06 11:50:47.759 28441 28667 I art     : Explicit concurrent mark sweep GC freed 2132(89KB) AllocSpace objects, 0(0B) LOS objects, 33% free, 31MB/47MB, paused 664us total 48.923ms
08-06 11:50:47.778 28441 28667 I art     : Starting a blocking GC Explicit
08-06 11:50:47.828 28441 28667 I art     : Explicit concurrent mark sweep GC freed 74(2688B) AllocSpace objects, 0(0B) LOS objects, 33% free, 31MB/47MB, paused 559us total 50ms
08-06 11:50:47.848 28441 28667 I art     : Starting a blocking GC Explicit
08-06 11:50:47.897 28441 28667 I art     : Explicit concurrent mark sweep GC freed 32(1360B) AllocSpace objects, 0(0B) LOS objects, 33% free, 31MB/47MB, paused 653us total 49.105ms
08-06 11:50:47.917 28441 28667 I art     : Starting a blocking GC Explicit
08-06 11:50:47.964 28441 28667 I art     : Explicit concurrent mark sweep GC freed 3(96B) AllocSpace objects, 0(0B) LOS objects, 33% free, 31MB/47MB, paused 515us total 46.677ms
08-06 11:50:48.102 28441 31024 D OK      : calling: https://oauth.reddit.com/r/announcements/hot/.json?after=t3_9jf8nh
08-06 11:50:48.330 28441 29230 I art     : Starting a blocking GC Explicit
08-06 11:50:48.339 28441 31024 I NAPPA_EXPERIMENTATION: MetricNetworkRequestExecutionTime: REQUEST_DURATION_SYSTEM='236',REQUEST_DURATION_OKHTTP='226',REQUEST_SYNCHRONOUS='TRUE',RESPONSE_CODE='200',RESPONSE_METHOD='GET',RESPONSE_LENGTH_OKHTTP='-1',RESPONSE_LENGTH_HEADER='65685',REQUEST_PROTOCOL='h2',REQUEST_URL='https://oauth.reddit.com/r/announcements/hot/.json?after=t3_9jf8nh',
08-06 11:50:48.339 28441 31024 D OK      : request got status: 200
08-06 11:50:48.350 28441 29005 I PostListingFragment: Precaching images: OFF
08-06 11:50:48.350 28441 29005 I PostListingFragment: Precaching comments: OFF
08-06 11:50:48.388 28441 29230 I art     : Explicit concurrent mark sweep GC freed 2967(281KB) AllocSpace objects, 1(20KB) LOS objects, 33% free, 31MB/47MB, paused 1.351ms total 57.450ms
08-06 11:50:48.407 28441 29230 I art     : Starting a blocking GC Explicit
08-06 11:50:48.458 28441 29230 I art     : Explicit concurrent mark sweep GC freed 4083(249KB) AllocSpace objects, 8(596KB) LOS objects, 32% free, 32MB/48MB, paused 1.034ms total 51.118ms
08-06 11:50:48.477 28441 29230 I art     : Starting a blocking GC Explicit
08-06 11:50:48.532 28441 29230 I art     : Explicit concurrent mark sweep GC freed 4223(186KB) AllocSpace objects, 2(84KB) LOS objects, 32% free, 33MB/49MB, paused 800us total 54.716ms
08-06 11:50:48.552 28441 29230 I art     : Starting a blocking GC Explicit
08-06 11:50:48.609 28441 29230 I art     : Explicit concurrent mark sweep GC freed 3915(183KB) AllocSpace objects, 2(92KB) LOS objects, 32% free, 33MB/49MB, paused 755us total 56.754ms
08-06 11:50:48.630 28441 29230 I art     : Starting a blocking GC Explicit
08-06 11:50:48.693 28441 29230 I art     : Explicit concurrent mark sweep GC freed 4240(155KB) AllocSpace objects, 0(0B) LOS objects, 32% free, 33MB/49MB, paused 950us total 63.486ms
08-06 11:50:49.064 28441 28465 I art     : Starting a blocking GC Explicit
08-06 11:50:49.134 28441 28465 I art     : Explicit concurrent mark sweep GC freed 20397(1014KB) AllocSpace objects, 7(128KB) LOS objects, 33% free, 32MB/48MB, paused 693us total 69.228ms
08-06 11:50:49.157 28441 28465 I art     : Starting a blocking GC Explicit
08-06 11:50:49.215 28441 28465 I art     : Explicit concurrent mark sweep GC freed 266(11KB) AllocSpace objects, 0(0B) LOS objects, 33% free, 32MB/48MB, paused 641us total 58.050ms
08-06 11:50:49.237 28441 28465 I art     : Starting a blocking GC Explicit
08-06 11:50:49.294 28441 28465 I art     : Explicit concurrent mark sweep GC freed 3(96B) AllocSpace objects, 0(0B) LOS objects, 33% free, 32MB/48MB, paused 619us total 56.713ms
08-06 11:50:49.314 28441 28465 I art     : Starting a blocking GC Explicit
08-06 11:50:49.370 28441 28465 I art     : Explicit concurrent mark sweep GC freed 3(96B) AllocSpace objects, 0(0B) LOS objects, 33% free, 32MB/48MB, paused 663us total 56.451ms
08-06 11:50:49.393 28441 28465 I art     : Starting a blocking GC Explicit
08-06 11:50:49.453 28441 28465 I art     : Explicit concurrent mark sweep GC freed 3(96B) AllocSpace objects, 0(0B) LOS objects, 33% free, 32MB/48MB, paused 686us total 59.838ms
08-06 11:50:49.825 28441 28667 I art     : Starting a blocking GC Explicit
08-06 11:50:49.895 28441 28667 I art     : Explicit concurrent mark sweep GC freed 1381(84KB) AllocSpace objects, 1(20KB) LOS objects, 33% free, 32MB/48MB, paused 626us total 69.879ms
08-06 11:50:49.919 28441 28667 I art     : Starting a blocking GC Explicit
08-06 11:50:49.976 28441 28667 I art     : Explicit concurrent mark sweep GC freed 20(704B) AllocSpace objects, 0(0B) LOS objects, 33% free, 32MB/48MB, paused 641us total 56.421ms
08-06 11:50:49.998 28441 28667 I art     : Starting a blocking GC Explicit
08-06 11:50:50.054 28441 28667 I art     : Explicit concurrent mark sweep GC freed 3(96B) AllocSpace objects, 0(0B) LOS objects, 33% free, 32MB/48MB, paused 590us total 55.587ms
08-06 11:50:50.074 28441 28667 I art     : Starting a blocking GC Explicit
08-06 11:50:50.129 28441 28667 I art     : Explicit concurrent mark sweep GC freed 3(96B) AllocSpace objects, 0(0B) LOS objects, 33% free, 32MB/48MB, paused 593us total 55.252ms
08-06 11:50:50.149 28441 28667 I art     : Starting a blocking GC Explicit
08-06 11:50:50.205 28441 28667 I art     : Explicit concurrent mark sweep GC freed 3(96B) AllocSpace objects, 0(0B) LOS objects, 33% free, 32MB/48MB, paused 556us total 55.548ms
08-06 11:50:50.325   518   646 I ThermalEngine: ACTION: GPU - Setting GPU[0] to 510000000
08-06 11:50:50.540 28441 28452 I art     : Starting a blocking GC Explicit
08-06 11:50:50.598 28441 28452 I art     : Explicit concurrent mark sweep GC freed 1359(83KB) AllocSpace objects, 1(20KB) LOS objects, 33% free, 32MB/48MB, paused 499us total 57.367ms
08-06 11:50:50.615 28441 28452 I art     : Starting a blocking GC Explicit
08-06 11:50:50.659 28441 28452 I art     : Explicit concurrent mark sweep GC freed 20(704B) AllocSpace objects, 0(0B) LOS objects, 33% free, 32MB/48MB, paused 449us total 43.369ms
08-06 11:50:50.674 28441 28452 I art     : Starting a blocking GC Explicit
08-06 11:50:50.716 28441 28452 I art     : Explicit concurrent mark sweep GC freed 3(96B) AllocSpace objects, 0(0B) LOS objects, 33% free, 32MB/48MB, paused 399us total 41.701ms
08-06 11:50:50.731 28441 28452 I art     : Starting a blocking GC Explicit
08-06 11:50:50.772 28441 28452 I art     : Explicit concurrent mark sweep GC freed 3(96B) AllocSpace objects, 0(0B) LOS objects, 33% free, 32MB/48MB, paused 426us total 41.235ms
08-06 11:50:50.787 28441 28452 I art     : Starting a blocking GC Explicit
08-06 11:50:50.830 28441 28452 I art     : Explicit concurrent mark sweep GC freed 3(96B) AllocSpace objects, 0(0B) LOS objects, 33% free, 32MB/48MB, paused 445us total 42.420ms
08-06 11:50:51.137 28441 28453 I art     : Starting a blocking GC Explicit
08-06 11:50:51.187 28441 28453 I art     : Explicit concurrent mark sweep GC freed 1356(82KB) AllocSpace objects, 1(20KB) LOS objects, 33% free, 32MB/48MB, paused 417us total 49.344ms
08-06 11:50:51.202 28441 28453 I art     : Starting a blocking GC Explicit
08-06 11:50:51.239 28441 28453 I art     : Explicit concurrent mark sweep GC freed 20(704B) AllocSpace objects, 0(0B) LOS objects, 33% free, 32MB/48MB, paused 422us total 36.680ms
08-06 11:50:51.253 28441 28453 I art     : Starting a blocking GC Explicit
08-06 11:50:51.294 28441 28453 I art     : Explicit concurrent mark sweep GC freed 3(96B) AllocSpace objects, 0(0B) LOS objects, 33% free, 32MB/48MB, paused 420us total 40.607ms
08-06 11:50:51.309 28441 28453 I art     : Starting a blocking GC Explicit
08-06 11:50:51.334 31065 31065 D AndroidRuntime: >>>>>> START com.android.internal.os.RuntimeInit uid 2000 <<<<<<
08-06 11:50:51.339 31065 31065 D AndroidRuntime: CheckJNI is OFF
08-06 11:50:51.348 28441 28453 I art     : Explicit concurrent mark sweep GC freed 3(96B) AllocSpace objects, 0(0B) LOS objects, 33% free, 32MB/48MB, paused 433us total 39.397ms
08-06 11:50:51.362 28441 28453 I art     : Starting a blocking GC Explicit
08-06 11:50:51.375 31065 31065 D ICU     : No timezone override file found: /data/misc/zoneinfo/current/icu/icu_tzdata.dat
08-06 11:50:51.401 28441 28453 I art     : Explicit concurrent mark sweep GC freed 3(96B) AllocSpace objects, 0(0B) LOS objects, 33% free, 32MB/48MB, paused 428us total 38.589ms
08-06 11:50:51.410 31065 31065 I Radio-JNI: register_android_hardware_Radio DONE
08-06 11:50:51.432 31065 31065 D AndroidRuntime: Calling main entry com.android.commands.input.Input
08-06 11:50:51.433 31065 31065 I Input   : injectMotionEvent: MotionEvent { action=ACTION_DOWN, actionButton=0, id[0]=0, x[0]=600.0, y[0]=580.0, toolType[0]=TOOL_TYPE_UNKNOWN, buttonState=0, metaState=0, flags=0x0, edgeFlags=0x0, pointerCount=1, historySize=0, eventTime=877867846, downTime=877867846, deviceId=0, source=0x1002 }
08-06 11:50:51.440 31065 31065 I Input   : injectMotionEvent: MotionEvent { action=ACTION_UP, actionButton=0, id[0]=0, x[0]=600.0, y[0]=580.0, toolType[0]=TOOL_TYPE_UNKNOWN, buttonState=0, metaState=0, flags=0x0, edgeFlags=0x0, pointerCount=1, historySize=0, eventTime=877867846, downTime=877867846, deviceId=0, source=0x1002 }
08-06 11:50:51.442 31065 31065 D AndroidRuntime: Shutting down VM
08-06 11:50:51.450   512  2967 D audio_hw_primary: out_set_parameters: enter: usecase(1: low-latency-playback) kvpairs: routing=2
08-06 11:50:51.451   918  4400 I ActivityManager: START u0 {cmp=baseline.org.quantumbadger.redreader/.activities.WebViewActivity (has extras)} from uid 10705 on display 0
08-06 11:50:51.464   512  2967 D audio_hw_primary: select_devices: out_snd_device(2: speaker) in_snd_device(0: none)
08-06 11:50:51.464   512  2967 D msm8974_platform: platform_send_audio_calibration: sending audio calibration for snd_device(2) acdb_id(15)
08-06 11:50:51.464   512  2967 I soundtrigger: audio_extn_sound_trigger_update_device_status: device 0x2 of type 0 for Event 1
08-06 11:50:51.477   512  2967 D audio_hw_primary: enable_snd_device: snd_device(2: speaker)
08-06 11:50:51.478 28441 28441 I AppCompatViewInflater: app:theme is now deprecated. Please move to using android:theme instead.
08-06 11:50:51.480   512  2967 D audio_hw_primary: enable_audio_route: apply and update mixer path: low-latency-playback speaker
08-06 11:50:51.496   918  3714 D ConnectivityService: listenForNetwork for Listen from uid/pid:10705/28441 for NetworkRequest [ id=3929, legacyType=-1, [ Capabilities: INTERNET&NOT_RESTRICTED&TRUSTED] ]
08-06 11:50:51.593 13866 13866 I GoogleInputMethodServic: GoogleInputMethodService.onFinishInput():3138 
08-06 11:50:51.593   918   936 I ActivityManager: Displayed baseline.org.quantumbadger.redreader/.activities.WebViewActivity: +132ms
08-06 11:50:51.594 13866 13866 I GoogleInputMethodServic: GoogleInputMethodService.onStartInput():1808 
08-06 11:50:51.673 28441 29230 I art     : Starting a blocking GC Explicit
08-06 11:50:51.714 28441 29230 I art     : Explicit concurrent mark sweep GC freed 5905(311KB) AllocSpace objects, 1(20KB) LOS objects, 33% free, 32MB/48MB, paused 439us total 40.372ms
08-06 11:50:51.732 28441 29230 I art     : Starting a blocking GC Explicit
08-06 11:50:51.776 28441 29230 I art     : Explicit concurrent mark sweep GC freed 7284(828KB) AllocSpace objects, 17(2MB) LOS objects, 35% free, 29MB/45MB, paused 381us total 43.382ms
08-06 11:50:51.793 28441 29230 I art     : Starting a blocking GC Explicit
08-06 11:50:51.839 28441 29230 I art     : Explicit concurrent mark sweep GC freed 12(464B) AllocSpace objects, 0(0B) LOS objects, 35% free, 29MB/45MB, paused 484us total 45.694ms
08-06 11:50:51.845   380   380 W SurfaceFlinger: couldn't log to binary event log: overflow.
08-06 11:50:51.855 28441 29230 I art     : Starting a blocking GC Explicit
08-06 11:50:51.890 28441 29230 I art     : Explicit concurrent mark sweep GC freed 286(17KB) AllocSpace objects, 0(0B) LOS objects, 35% free, 29MB/45MB, paused 540us total 34.418ms
08-06 11:50:51.904 28441 29230 I art     : Starting a blocking GC Explicit
08-06 11:50:51.938 28441 29230 I art     : Explicit concurrent mark sweep GC freed 467(27KB) AllocSpace objects, 0(0B) LOS objects, 35% free, 29MB/45MB, paused 558us total 33.159ms
08-06 11:50:52.019   512  2967 D audio_hw_primary: disable_audio_route: reset and update mixer path: low-latency-playback speaker
08-06 11:50:52.021   512  2967 D audio_hw_primary: disable_snd_device: snd_device(2: speaker)
08-06 11:50:52.028   512  2967 I soundtrigger: audio_extn_sound_trigger_update_device_status: device 0x2 of type 0 for Event 0
08-06 11:50:52.145 28441 31010 I RedditChangeDataIO: Writing tmp data file at '/data/user/0/baseline.org.quantumbadger.redreader/files/rr_change_data_tmp.dat'
08-06 11:50:52.147 28441 31010 I RedditChangeDataManager: Taking snapshot...
08-06 11:50:52.147 28441 31010 I RedditChangeDataManager: Writing to stream...
08-06 11:50:52.147 28441 31010 I RedditChangeDataManager: Wrote 5 entries for user ''
08-06 11:50:52.147 28441 31010 I RedditChangeDataManager: All entries written to stream.
08-06 11:50:52.148 28441 31010 I RedditChangeDataIO: Write successful. Atomically replacing data file...
08-06 11:50:52.148 28441 31010 I RedditChangeDataIO: Write complete.
08-06 11:50:52.149 28441 31010 I RedditChangeDataIO: 134 bytes written in 5 ms
08-06 11:50:52.271 28441 29230 I art     : Starting a blocking GC Explicit
08-06 11:50:52.316 28441 29230 I art     : Explicit concurrent mark sweep GC freed 1646(96KB) AllocSpace objects, 2(88KB) LOS objects, 35% free, 29MB/45MB, paused 388us total 43.757ms
08-06 11:50:52.330 28441 29230 I art     : Starting a blocking GC Explicit
08-06 11:50:52.371 28441 29230 I art     : Explicit concurrent mark sweep GC freed 29(992B) AllocSpace objects, 0(0B) LOS objects, 35% free, 29MB/45MB, paused 403us total 40.378ms
08-06 11:50:52.389 28441 29230 I art     : Starting a blocking GC Explicit
08-06 11:50:52.433 28441 29230 I art     : Explicit concurrent mark sweep GC freed 11(352B) AllocSpace objects, 0(0B) LOS objects, 35% free, 29MB/45MB, paused 363us total 43.709ms
08-06 11:50:52.448 28441 29230 I art     : Starting a blocking GC Explicit
08-06 11:50:52.488 28441 29230 I art     : Explicit concurrent mark sweep GC freed 9(288B) AllocSpace objects, 0(0B) LOS objects, 35% free, 29MB/45MB, paused 387us total 39.858ms
08-06 11:50:52.506 28441 29230 I art     : Starting a blocking GC Explicit
08-06 11:50:52.555 28441 29230 I art     : Explicit concurrent mark sweep GC freed 11(352B) AllocSpace objects, 0(0B) LOS objects, 35% free, 29MB/45MB, paused 382us total 48.305ms
08-06 11:50:52.652 28441 28441 I chromium: [INFO:CONSOLE(1)] "
08-06 11:50:52.652 28441 28441 I chromium:                   ,d"=,.,qOp,
08-06 11:50:52.652 28441 28441 I chromium:                  ,7'  ''$(  )
08-06 11:50:52.652 28441 28441 I chromium:                 ,7'      '?q$7'
08-06 11:50:52.652 28441 28441 I chromium:              ..,$$,.
08-06 11:50:52.652 28441 28441 I chromium:    ,.  .,,--***""***--,,.  .,
08-06 11:50:52.652 28441 28441 I chromium:     ,p''              ''q,   
08-06 11:50:52.652 28441 28441 I chromium: :  ,7'                      '7,  :
08-06 11:50:52.652 28441 28441 I chromium:  ' $      ,db,      ,db,      $ '
08-06 11:50:52.652 28441 28441 I chromium:   '$      $$      $$      $'    Using Reddit at work? Work for Reddit.
08-06 11:50:52.652 28441 28441 I chromium:   '$                          $'        https://www.reddit.com/jobs
08-06 11:50:52.652 28441 28441 I chromium:    '$.     .,        ,.     .$'
08-06 11:50:52.652 28441 28441 I chromium:     'b,     ''     ,d'
08-06 11:50:52.652 28441 28441 I chromium:      '?bn,,          ,,nd?'
08-06 11:50:52.652 28441 28441 I chromium:        ,7$ '''' $7,
08-06 11:50:52.652 28441 28441 I chromium:      , $              $ ,
08-06 11:50:52.652 28441 28441 I chromium:      $  :$              $:  $
08-06 11:50:52.652 28441 28441 I chromium:      $   $              $   $
08-06 11:50:52.652 28441 28441 I chromium:      'b  q:            :p  d'
08-06 11:50:52.652 28441 28441 I chromium:       '?$.          .$?'
08-06 11:50:52.652 28441 28441 I chromium:          'b            d'
08-06 11:50:52.652 28441 28441 I chromium:        ,'?,.      .,?',
08-06 11:50:52.652 28441 28441 I chromium:       ==--==--==--==
08-06 11:50:52.652 28441 28441 I chromium: ", source: https://www.redditstatic.com/desktop2x/Chat~Governance~Reddit.2ea93b134a9b2e5b1d9a.js (1)
08-06 11:50:52.910 28441 28452 I art     : Starting a blocking GC Explicit
08-06 11:50:52.969 28441 28452 I art     : Explicit concurrent mark sweep GC freed 1420(87KB) AllocSpace objects, 1(20KB) LOS objects, 35% free, 29MB/45MB, paused 392us total 58.794ms
08-06 11:50:52.986 28441 28452 I art     : Starting a blocking GC Explicit
08-06 11:50:53.033 28441 28452 I art     : Explicit concurrent mark sweep GC freed 28(960B) AllocSpace objects, 0(0B) LOS objects, 35% free, 29MB/45MB, paused 852us total 47.448ms
08-06 11:50:53.049 28441 28452 I art     : Starting a blocking GC Explicit
08-06 11:50:53.095 28441 28452 I art     : Explicit concurrent mark sweep GC freed 12(384B) AllocSpace objects, 0(0B) LOS objects, 35% free, 29MB/45MB, paused 500us total 45.993ms
08-06 11:50:53.113 28441 28452 I art     : Starting a blocking GC Explicit
08-06 11:50:53.161 28441 28452 I art     : Explicit concurrent mark sweep GC freed 12(384B) AllocSpace objects, 0(0B) LOS objects, 35% free, 29MB/45MB, paused 576us total 48.474ms
08-06 11:50:53.180 28441 28452 I art     : Starting a blocking GC Explicit
08-06 11:50:53.227 28441 28452 I art     : Explicit concurrent mark sweep GC freed 19(608B) AllocSpace objects, 0(0B) LOS objects, 35% free, 29MB/45MB, paused 612us total 46.916ms
08-06 11:50:53.335   518   646 I ThermalEngine: ACTION: GPU - Setting GPU[0] to 450000000
08-06 11:50:53.599 28441 28667 I art     : Starting a blocking GC Explicit
08-06 11:50:53.653 28441 28667 I art     : Explicit concurrent mark sweep GC freed 1886(139KB) AllocSpace objects, 1(20KB) LOS objects, 35% free, 29MB/45MB, paused 530us total 54.158ms
08-06 11:50:53.672 28441 28667 I art     : Starting a blocking GC Explicit
08-06 11:50:53.724 28441 28667 I art     : Explicit concurrent mark sweep GC freed 85(2880B) AllocSpace objects, 0(0B) LOS objects, 35% free, 29MB/45MB, paused 596us total 50.964ms
08-06 11:50:53.743 28441 28667 I art     : Starting a blocking GC Explicit
08-06 11:50:53.793 28441 28667 I art     : Explicit concurrent mark sweep GC freed 3(96B) AllocSpace objects, 0(0B) LOS objects, 35% free, 29MB/45MB, paused 515us total 49.808ms
08-06 11:50:53.813 28441 28667 I art     : Starting a blocking GC Explicit
08-06 11:50:53.864 28441 28667 I art     : Explicit concurrent mark sweep GC freed 7(208B) AllocSpace objects, 0(0B) LOS objects, 35% free, 29MB/45MB, paused 496us total 50.306ms
08-06 11:50:53.883 28441 28667 I art     : Starting a blocking GC Explicit
08-06 11:50:53.937 28441 28667 I art     : Explicit concurrent mark sweep GC freed 12(2528B) AllocSpace objects, 0(0B) LOS objects, 35% free, 29MB/45MB, paused 474us total 53.821ms
08-06 11:50:54.307 28441 28452 I art     : Starting a blocking GC Explicit
08-06 11:50:54.358 28441 28452 I art     : Explicit concurrent mark sweep GC freed 1403(85KB) AllocSpace objects, 1(20KB) LOS objects, 35% free, 29MB/45MB, paused 529us total 50.336ms
08-06 11:50:54.376 28441 28452 I art     : Starting a blocking GC Explicit
08-06 11:50:54.430 28441 28452 I art     : Explicit concurrent mark sweep GC freed 20(704B) AllocSpace objects, 0(0B) LOS objects, 35% free, 29MB/45MB, paused 463us total 53.410ms
08-06 11:50:54.449 28441 28452 I art     : Starting a blocking GC Explicit
08-06 11:50:54.499 28441 28452 I art     : Explicit concurrent mark sweep GC freed 3(96B) AllocSpace objects, 0(0B) LOS objects, 35% free, 29MB/45MB, paused 485us total 49.556ms
08-06 11:50:54.518 28441 28452 I art     : Starting a blocking GC Explicit
08-06 11:50:54.568 28441 28452 I art     : Explicit concurrent mark sweep GC freed 3(96B) AllocSpace objects, 0(0B) LOS objects, 35% free, 29MB/45MB, paused 493us total 49.405ms
08-06 11:50:54.587 28441 28452 I art     : Starting a blocking GC Explicit
08-06 11:50:54.640 28441 28452 I art     : Explicit concurrent mark sweep GC freed 3(96B) AllocSpace objects, 0(0B) LOS objects, 35% free, 29MB/45MB, paused 515us total 52.841ms
08-06 11:50:55.042 28441 28453 I art     : Starting a blocking GC Explicit
08-06 11:50:55.088 28441 28453 I art     : Explicit concurrent mark sweep GC freed 1357(82KB) AllocSpace objects, 1(20KB) LOS objects, 35% free, 29MB/45MB, paused 514us total 46.367ms
08-06 11:50:55.107 28441 28453 I art     : Starting a blocking GC Explicit
08-06 11:50:55.160 28441 28453 I art     : Explicit concurrent mark sweep GC freed 20(704B) AllocSpace objects, 0(0B) LOS objects, 35% free, 29MB/45MB, paused 456us total 51.853ms
08-06 11:50:55.178 28441 28453 I art     : Starting a blocking GC Explicit
08-06 11:50:55.235 28441 28453 I art     : Explicit concurrent mark sweep GC freed 3(96B) AllocSpace objects, 0(0B) LOS objects, 35% free, 29MB/45MB, paused 449us total 56.575ms
08-06 11:50:55.254 28441 28453 I art     : Starting a blocking GC Explicit
08-06 11:50:55.303 28441 28453 I art     : Explicit concurrent mark sweep GC freed 3(96B) AllocSpace objects, 0(0B) LOS objects, 35% free, 29MB/45MB, paused 660us total 48.790ms
08-06 11:50:55.323 28441 28453 I art     : Starting a blocking GC Explicit
08-06 11:50:55.376 28441 28453 I art     : Explicit concurrent mark sweep GC freed 3(96B) AllocSpace objects, 0(0B) LOS objects, 35% free, 29MB/45MB, paused 504us total 53.268ms
08-06 11:50:55.807 28441 28453 I art     : Starting a blocking GC Explicit
08-06 11:50:55.859 28441 28453 I art     : Explicit concurrent mark sweep GC freed 1357(82KB) AllocSpace objects, 1(20KB) LOS objects, 35% free, 29MB/45MB, paused 465us total 51.907ms
08-06 11:50:55.878 28441 28453 I art     : Starting a blocking GC Explicit
08-06 11:50:55.943 28441 28453 I art     : Explicit concurrent mark sweep GC freed 20(704B) AllocSpace objects, 0(0B) LOS objects, 35% free, 29MB/45MB, paused 663us total 64.184ms
08-06 11:50:55.965 28441 28453 I art     : Starting a blocking GC Explicit
08-06 11:50:56.013 28441 28453 I art     : Explicit concurrent mark sweep GC freed 3(96B) AllocSpace objects, 0(0B) LOS objects, 35% free, 29MB/45MB, paused 605us total 48.031ms
08-06 11:50:56.035 28441 28453 I art     : Starting a blocking GC Explicit
08-06 11:50:56.081 28441 28453 I art     : Explicit concurrent mark sweep GC freed 3(96B) AllocSpace objects, 0(0B) LOS objects, 35% free, 29MB/45MB, paused 479us total 44.943ms
08-06 11:50:56.093   918  3188 I hubconnection: sensorhub said: 'set_bias 3: -6.7200, 0.0000, 0.0000'
08-06 11:50:56.099 28441 28453 I art     : Starting a blocking GC Explicit
08-06 11:50:56.150 28441 28453 I art     : Explicit concurrent mark sweep GC freed 3(96B) AllocSpace objects, 0(0B) LOS objects, 35% free, 29MB/45MB, paused 483us total 50.433ms
08-06 11:50:56.247 31163 31163 D AndroidRuntime: >>>>>> START com.android.internal.os.RuntimeInit uid 2000 <<<<<<
08-06 11:50:56.253 31163 31163 D AndroidRuntime: CheckJNI is OFF
08-06 11:50:56.295 31163 31163 D ICU     : No timezone override file found: /data/misc/zoneinfo/current/icu/icu_tzdata.dat
08-06 11:50:56.344 31163 31163 I Radio-JNI: register_android_hardware_Radio DONE
08-06 11:50:56.372 31163 31163 D AndroidRuntime: Calling main entry com.android.commands.input.Input
08-06 11:50:56.374 31163 31163 I Input   : injectKeyEvent: KeyEvent { action=ACTION_DOWN, keyCode=KEYCODE_BACK, scanCode=0, metaState=0, flags=0x0, repeatCount=0, eventTime=877872787, downTime=877872787, deviceId=-1, source=0x101 }
08-06 11:50:56.380 31163 31163 I Input   : injectKeyEvent: KeyEvent { action=ACTION_UP, keyCode=KEYCODE_BACK, scanCode=0, metaState=0, flags=0x0, repeatCount=0, eventTime=877872787, downTime=877872787, deviceId=-1, source=0x101 }
08-06 11:50:56.385 31163 31163 D AndroidRuntime: Shutting down VM
08-06 11:50:56.441 13866 13866 I GoogleInputMethodServic: GoogleInputMethodService.onFinishInput():3138 
08-06 11:50:56.442 13866 13866 I GoogleInputMethodServic: GoogleInputMethodService.onStartInput():1808 
08-06 11:50:56.535 28441 29230 I art     : Starting a blocking GC Explicit
08-06 11:50:56.585 28441 29230 I art     : Explicit concurrent mark sweep GC freed 1623(91KB) AllocSpace objects, 1(20KB) LOS objects, 35% free, 29MB/45MB, paused 441us total 49.205ms
08-06 11:50:56.610 28441 29230 I art     : Starting a blocking GC Explicit
08-06 11:50:56.667 28441 29230 I art     : Explicit concurrent mark sweep GC freed 24(864B) AllocSpace objects, 0(0B) LOS objects, 35% free, 29MB/45MB, paused 437us total 56.025ms
08-06 11:50:56.690 28441 29230 I art     : Starting a blocking GC Explicit
08-06 11:50:56.744 28441 29230 I art     : Explicit concurrent mark sweep GC freed 3(96B) AllocSpace objects, 0(0B) LOS objects, 35% free, 29MB/45MB, paused 433us total 53.827ms
08-06 11:50:56.750   380   380 W SurfaceFlinger: couldn't log to binary event log: overflow.
08-06 11:50:56.774 28441 29230 I art     : Starting a blocking GC Explicit
08-06 11:50:56.785   918  3263 D ConnectivityService: releasing NetworkRequest NetworkRequest [ id=3929, legacyType=-1, [ Capabilities: INTERNET&NOT_RESTRICTED&TRUSTED] ]
08-06 11:50:56.830 28441 29230 I art     : Explicit concurrent mark sweep GC freed 840(39KB) AllocSpace objects, 0(0B) LOS objects, 35% free, 29MB/45MB, paused 511us total 56.115ms
08-06 11:50:56.847 28441 29230 I art     : Starting a blocking GC Explicit
08-06 11:50:56.888 28441 29230 I art     : Explicit concurrent mark sweep GC freed 188(8KB) AllocSpace objects, 0(0B) LOS objects, 35% free, 29MB/45MB, paused 485us total 40.310ms
08-06 11:50:57.247 28441 28453 I art     : Starting a blocking GC Explicit
08-06 11:50:57.298 28441 28453 I art     : Explicit concurrent mark sweep GC freed 3311(199KB) AllocSpace objects, 2(48KB) LOS objects, 35% free, 29MB/45MB, paused 574us total 50.922ms
08-06 11:50:57.317 28441 28453 I art     : Starting a blocking GC Explicit
08-06 11:50:57.367 28441 28453 I art     : Explicit concurrent mark sweep GC freed 20(704B) AllocSpace objects, 0(0B) LOS objects, 35% free, 29MB/45MB, paused 522us total 49.407ms
08-06 11:50:57.389 28441 28453 I art     : Starting a blocking GC Explicit
08-06 11:50:57.437 28441 28453 I art     : Explicit concurrent mark sweep GC freed 3(96B) AllocSpace objects, 0(0B) LOS objects, 35% free, 29MB/45MB, paused 487us total 47.164ms
08-06 11:50:57.455 28441 28453 I art     : Starting a blocking GC Explicit
08-06 11:50:57.503 28441 28453 I art     : Explicit concurrent mark sweep GC freed 3(96B) AllocSpace objects, 0(0B) LOS objects, 35% free, 29MB/45MB, paused 448us total 47.355ms
08-06 11:50:57.522 28441 28453 I art     : Starting a blocking GC Explicit
08-06 11:50:57.569 28441 28453 I art     : Explicit concurrent mark sweep GC freed 3(96B) AllocSpace objects, 0(0B) LOS objects, 35% free, 29MB/45MB, paused 465us total 47.261ms
08-06 11:50:57.742 25566 25566 I Atfwd_Sendcmd: AtCmdFwd service not ready - Exhausted retry attempts - :6
08-06 11:50:57.743 25566 25566 I Atfwd_Daemon: result : -1 	 ,Init step :2 	 ,qmiErrorCode: 0
08-06 11:50:57.907 28441 28667 I art     : Starting a blocking GC Explicit
08-06 11:50:57.962 28441 28667 I art     : Explicit concurrent mark sweep GC freed 1358(82KB) AllocSpace objects, 1(20KB) LOS objects, 35% free, 29MB/45MB, paused 496us total 54.310ms
08-06 11:50:57.981 28441 28667 I art     : Starting a blocking GC Explicit
08-06 11:50:58.031 28441 28667 I art     : Explicit concurrent mark sweep GC freed 20(704B) AllocSpace objects, 0(0B) LOS objects, 35% free, 29MB/45MB, paused 512us total 49.139ms
08-06 11:50:58.050 28441 28667 I art     : Starting a blocking GC Explicit
08-06 11:50:58.099 28441 28667 I art     : Explicit concurrent mark sweep GC freed 3(96B) AllocSpace objects, 0(0B) LOS objects, 35% free, 29MB/45MB, paused 513us total 48.795ms
08-06 11:50:58.118 28441 28667 I art     : Starting a blocking GC Explicit
08-06 11:50:58.167 28441 28667 I art     : Explicit concurrent mark sweep GC freed 3(96B) AllocSpace objects, 0(0B) LOS objects, 35% free, 29MB/45MB, paused 532us total 49.139ms
08-06 11:50:58.186 28441 28667 I art     : Starting a blocking GC Explicit
08-06 11:50:58.191 31198 31198 D AndroidRuntime: >>>>>> START com.android.internal.os.RuntimeInit uid 2000 <<<<<<
08-06 11:50:58.197 31198 31198 D AndroidRuntime: CheckJNI is OFF
08-06 11:50:58.231 28441 28667 I art     : Explicit concurrent mark sweep GC freed 3(96B) AllocSpace objects, 0(0B) LOS objects, 35% free, 29MB/45MB, paused 493us total 45.111ms
08-06 11:50:58.242 31198 31198 D ICU     : No timezone override file found: /data/misc/zoneinfo/current/icu/icu_tzdata.dat
08-06 11:50:58.287 31198 31198 I Radio-JNI: register_android_hardware_Radio DONE
08-06 11:50:58.315 31198 31198 D AndroidRuntime: Calling main entry com.android.commands.input.Input
08-06 11:50:58.317 31198 31198 I Input   : injectKeyEvent: KeyEvent { action=ACTION_DOWN, keyCode=KEYCODE_BACK, scanCode=0, metaState=0, flags=0x0, repeatCount=0, eventTime=877874730, downTime=877874730, deviceId=-1, source=0x101 }
08-06 11:50:58.323 31198 31198 I Input   : injectKeyEvent: KeyEvent { action=ACTION_UP, keyCode=KEYCODE_BACK, scanCode=0, metaState=0, flags=0x0, repeatCount=0, eventTime=877874730, downTime=877874730, deviceId=-1, source=0x101 }
08-06 11:50:58.331 31198 31198 D AndroidRuntime: Shutting down VM
08-06 11:50:58.381 13866 13866 I GoogleInputMethodServic: GoogleInputMethodService.onFinishInput():3138 
08-06 11:50:58.382 13866 13866 I GoogleInputMethodServic: GoogleInputMethodService.onStartInput():1808 
08-06 11:50:58.550 28441 28667 I art     : Starting a blocking GC Explicit
08-06 11:50:58.606 28441 28667 I art     : Explicit concurrent mark sweep GC freed 1537(89KB) AllocSpace objects, 1(20KB) LOS objects, 35% free, 29MB/45MB, paused 436us total 55.461ms
08-06 11:50:58.628 28441 28667 I art     : Starting a blocking GC Explicit
08-06 11:50:58.684 28441 28667 I art     : Explicit concurrent mark sweep GC freed 24(864B) AllocSpace objects, 0(0B) LOS objects, 35% free, 29MB/45MB, paused 487us total 55.471ms
08-06 11:50:58.684 28441 28451 I art     : WaitForGcToComplete blocked for 30.524ms for cause HeapTrim
08-06 11:50:58.704 28441 28667 I art     : Starting a blocking GC Explicit
08-06 11:50:58.748 28441 28667 I art     : Explicit concurrent mark sweep GC freed 65(2224B) AllocSpace objects, 0(0B) LOS objects, 35% free, 29MB/45MB, paused 483us total 44.156ms
08-06 11:50:58.766 28441 28667 I art     : Starting a blocking GC Explicit
08-06 11:50:58.811 28441 28667 I art     : Explicit concurrent mark sweep GC freed 116(6KB) AllocSpace objects, 0(0B) LOS objects, 35% free, 29MB/45MB, paused 529us total 45.403ms
08-06 11:50:58.830 28441 28667 I art     : Starting a blocking GC Explicit
08-06 11:50:58.879 28441 28667 I art     : Explicit concurrent mark sweep GC freed 23(864B) AllocSpace objects, 0(0B) LOS objects, 35% free, 29MB/45MB, paused 586us total 48.071ms
08-06 11:50:59.222 28441 28465 I art     : Starting a blocking GC Explicit
08-06 11:50:59.281 28441 28465 I art     : Explicit concurrent mark sweep GC freed 1358(82KB) AllocSpace objects, 1(20KB) LOS objects, 35% free, 29MB/45MB, paused 573us total 58.645ms
08-06 11:50:59.303 28441 28465 I art     : Starting a blocking GC Explicit
08-06 11:50:59.352 28441 28465 I art     : Explicit concurrent mark sweep GC freed 20(704B) AllocSpace objects, 0(0B) LOS objects, 35% free, 29MB/45MB, paused 510us total 47.993ms
08-06 11:50:59.371 28441 28465 I art     : Starting a blocking GC Explicit
08-06 11:50:59.418 28441 28465 I art     : Explicit concurrent mark sweep GC freed 3(96B) AllocSpace objects, 0(0B) LOS objects, 35% free, 29MB/45MB, paused 532us total 47.033ms
08-06 11:50:59.436 28441 28465 I art     : Starting a blocking GC Explicit
08-06 11:50:59.487 28441 28465 I art     : Explicit concurrent mark sweep GC freed 3(96B) AllocSpace objects, 0(0B) LOS objects, 35% free, 29MB/45MB, paused 528us total 50.245ms
08-06 11:50:59.509 28441 28465 I art     : Starting a blocking GC Explicit
08-06 11:50:59.556 28441 28465 I art     : Explicit concurrent mark sweep GC freed 3(96B) AllocSpace objects, 0(0B) LOS objects, 35% free, 29MB/45MB, paused 506us total 46.787ms
08-06 11:50:59.877 28441 28452 I art     : Starting a blocking GC Explicit
08-06 11:50:59.924 28441 28452 I art     : Explicit concurrent mark sweep GC freed 1358(82KB) AllocSpace objects, 1(20KB) LOS objects, 35% free, 29MB/45MB, paused 483us total 46.506ms
08-06 11:50:59.943 28441 28452 I art     : Starting a blocking GC Explicit
08-06 11:50:59.985 28441 28452 I art     : Explicit concurrent mark sweep GC freed 20(704B) AllocSpace objects, 0(0B) LOS objects, 35% free, 29MB/45MB, paused 499us total 42.063ms
08-06 11:51:00.003 28441 28452 I art     : Starting a blocking GC Explicit
08-06 11:51:00.043 28441 28452 I art     : Explicit concurrent mark sweep GC freed 3(96B) AllocSpace objects, 0(0B) LOS objects, 35% free, 29MB/45MB, paused 454us total 40.337ms
08-06 11:51:00.061 28441 28452 I art     : Starting a blocking GC Explicit
08-06 11:51:00.097 31241 31241 D AndroidRuntime: >>>>>> START com.android.internal.os.RuntimeInit uid 2000 <<<<<<
08-06 11:51:00.102 28441 28452 I art     : Explicit concurrent mark sweep GC freed 3(96B) AllocSpace objects, 0(0B) LOS objects, 35% free, 29MB/45MB, paused 467us total 39.971ms
08-06 11:51:00.103 31241 31241 D AndroidRuntime: CheckJNI is OFF
08-06 11:51:00.119 28441 28452 I art     : Starting a blocking GC Explicit
08-06 11:51:00.144 31241 31241 D ICU     : No timezone override file found: /data/misc/zoneinfo/current/icu/icu_tzdata.dat
08-06 11:51:00.162 28441 28452 I art     : Explicit concurrent mark sweep GC freed 3(96B) AllocSpace objects, 0(0B) LOS objects, 35% free, 29MB/45MB, paused 464us total 42.307ms
08-06 11:51:00.182 31241 31241 I Radio-JNI: register_android_hardware_Radio DONE
08-06 11:51:00.211 31241 31241 D AndroidRuntime: Calling main entry com.android.commands.input.Input
08-06 11:51:00.213 31241 31241 I Input   : injectMotionEvent: MotionEvent { action=ACTION_DOWN, actionButton=0, id[0]=0, x[0]=600.0, y[0]=1733.0, toolType[0]=TOOL_TYPE_UNKNOWN, buttonState=0, metaState=0, flags=0x0, edgeFlags=0x0, pointerCount=1, historySize=0, eventTime=877876625, downTime=877876625, deviceId=0, source=0x1002 }
08-06 11:51:00.218 31241 31241 I Input   : injectMotionEvent: MotionEvent { action=ACTION_UP, actionButton=0, id[0]=0, x[0]=600.0, y[0]=1733.0, toolType[0]=TOOL_TYPE_UNKNOWN, buttonState=0, metaState=0, flags=0x0, edgeFlags=0x0, pointerCount=1, historySize=0, eventTime=877876625, downTime=877876625, deviceId=0, source=0x1002 }
08-06 11:51:00.220 31241 31241 D AndroidRuntime: Shutting down VM
08-06 11:51:00.223   918   929 I ActivityManager: START u0 {dat=https://oauth.reddit.com/... cmp=baseline.org.quantumbadger.redreader/.activities.PostListingActivity} from uid 10705 on display 0
08-06 11:51:00.225   512  2967 D audio_hw_primary: out_set_parameters: enter: usecase(1: low-latency-playback) kvpairs: routing=2
08-06 11:51:00.238   512  2967 D audio_hw_primary: select_devices: out_snd_device(2: speaker) in_snd_device(0: none)
08-06 11:51:00.238   512  2967 D msm8974_platform: platform_send_audio_calibration: sending audio calibration for snd_device(2) acdb_id(15)
08-06 11:51:00.238   512  2967 I soundtrigger: audio_extn_sound_trigger_update_device_status: device 0x2 of type 0 for Event 1
08-06 11:51:00.248 28441 28441 I AppCompatViewInflater: app:theme is now deprecated. Please move to using android:theme instead.
08-06 11:51:00.249   512  2967 D audio_hw_primary: enable_snd_device: snd_device(2: speaker)
08-06 11:51:00.252   512  2967 D audio_hw_primary: enable_audio_route: apply and update mixer path: low-latency-playback speaker
08-06 11:51:00.271 28441 31265 D OK      : calling: https://oauth.reddit.com/r/aww/about.json
08-06 11:51:00.336   918   936 I ActivityManager: Displayed baseline.org.quantumbadger.redreader/.activities.PostListingActivity: +103ms
08-06 11:51:00.336 13866 13866 I GoogleInputMethodServic: GoogleInputMethodService.onFinishInput():3138 
08-06 11:51:00.337 13866 13866 I GoogleInputMethodServic: GoogleInputMethodService.onStartInput():1808 
08-06 11:51:00.477 28441 28453 I art     : Starting a blocking GC Explicit
08-06 11:51:00.544 28441 28453 I art     : Explicit concurrent mark sweep GC freed 4980(265KB) AllocSpace objects, 1(20KB) LOS objects, 35% free, 29MB/45MB, paused 678us total 65.884ms
08-06 11:51:00.564 28441 28453 I art     : Starting a blocking GC Explicit
08-06 11:51:00.578   380   380 W SurfaceFlinger: couldn't log to binary event log: overflow.
08-06 11:51:00.616 28441 28453 I art     : Explicit concurrent mark sweep GC freed 545(28KB) AllocSpace objects, 0(0B) LOS objects, 35% free, 29MB/45MB, paused 622us total 51.682ms
08-06 11:51:00.625 28441 31265 I NAPPA_EXPERIMENTATION: MetricNetworkRequestExecutionTime: REQUEST_DURATION_SYSTEM='354',REQUEST_DURATION_OKHTTP='143',REQUEST_SYNCHRONOUS='TRUE',RESPONSE_CODE='200',RESPONSE_METHOD='GET',RESPONSE_LENGTH_OKHTTP='-1',RESPONSE_LENGTH_HEADER='3478',REQUEST_PROTOCOL='h2',REQUEST_URL='https://oauth.reddit.com/r/aww/about.json',
08-06 11:51:00.625 28441 31265 D OK      : request got status: 200
08-06 11:51:00.635 28441 28453 I art     : Starting a blocking GC Explicit
08-06 11:51:00.681 28441 28453 I art     : Explicit concurrent mark sweep GC freed 1198(128KB) AllocSpace objects, 1(68KB) LOS objects, 35% free, 29MB/45MB, paused 693us total 45.627ms
08-06 11:51:00.700 28441 28453 I art     : Starting a blocking GC Explicit
08-06 11:51:00.749 28441 28453 I art     : Explicit concurrent mark sweep GC freed 714(85KB) AllocSpace objects, 1(68KB) LOS objects, 35% free, 29MB/45MB, paused 502us total 48.711ms
08-06 11:51:00.766 28441 28453 I art     : Starting a blocking GC Explicit
08-06 11:51:00.790   512  2967 D audio_hw_primary: disable_audio_route: reset and update mixer path: low-latency-playback speaker
08-06 11:51:00.792   512  2967 D audio_hw_primary: disable_snd_device: snd_device(2: speaker)
08-06 11:51:00.800   512  2967 I soundtrigger: audio_extn_sound_trigger_update_device_status: device 0x2 of type 0 for Event 0
08-06 11:51:00.811 28441 28453 I art     : Explicit concurrent mark sweep GC freed 22(976B) AllocSpace objects, 0(0B) LOS objects, 35% free, 29MB/45MB, paused 540us total 44.908ms
08-06 11:51:01.057   918  3261 D WifiStateMachine: starting scan for "H369AA63323"WPA_PSK with 2412,5180
08-06 11:51:01.148 28441 28667 I art     : Starting a blocking GC Explicit
08-06 11:51:01.198 28441 28667 I art     : Explicit concurrent mark sweep GC freed 1417(85KB) AllocSpace objects, 1(20KB) LOS objects, 35% free, 29MB/45MB, paused 569us total 49.038ms
08-06 11:51:01.217 28441 28667 I art     : Starting a blocking GC Explicit
08-06 11:51:01.262 28441 28667 I art     : Explicit concurrent mark sweep GC freed 20(704B) AllocSpace objects, 0(0B) LOS objects, 35% free, 29MB/45MB, paused 545us total 45.418ms
08-06 11:51:01.281 28441 28667 I art     : Starting a blocking GC Explicit
08-06 11:51:01.328 28441 28667 I art     : Explicit concurrent mark sweep GC freed 3(96B) AllocSpace objects, 0(0B) LOS objects, 35% free, 29MB/45MB, paused 583us total 46.412ms
08-06 11:51:01.346 28441 28667 I art     : Starting a blocking GC Explicit
08-06 11:51:01.392 28441 28667 I art     : Explicit concurrent mark sweep GC freed 3(96B) AllocSpace objects, 0(0B) LOS objects, 35% free, 29MB/45MB, paused 491us total 46.175ms
08-06 11:51:01.411 28441 28667 I art     : Starting a blocking GC Explicit
08-06 11:51:01.458 28441 28667 I art     : Explicit concurrent mark sweep GC freed 3(96B) AllocSpace objects, 0(0B) LOS objects, 35% free, 29MB/45MB, paused 557us total 46.168ms
08-06 11:51:01.474 28441 31289 D OK      : calling: https://oauth.reddit.com/r/aww/hot/.json
08-06 11:51:01.642 28441 31289 I NAPPA_EXPERIMENTATION: MetricNetworkRequestExecutionTime: REQUEST_DURATION_SYSTEM='168',REQUEST_DURATION_OKHTTP='164',REQUEST_SYNCHRONOUS='TRUE',RESPONSE_CODE='200',RESPONSE_METHOD='GET',RESPONSE_LENGTH_OKHTTP='-1',RESPONSE_LENGTH_HEADER='33430',REQUEST_PROTOCOL='h2',REQUEST_URL='https://oauth.reddit.com/r/aww/hot/.json',
08-06 11:51:01.642 28441 31289 D OK      : request got status: 200
08-06 11:51:01.651 28441 29005 I PostListingFragment: Precaching images: OFF
08-06 11:51:01.651 28441 29005 I PostListingFragment: Precaching comments: OFF
08-06 11:51:01.674 28441 29005 I getImgurImageInfo: Image NSO7Npm: trying API v3 with auth
08-06 11:51:01.675 28441 31301 D OK      : calling: https://a.thumbs.redditmedia.com/sKVnLbatvJCZOE2ooe6CgiEftOB3ukgPMdcydbk9CZ4.jpg
08-06 11:51:01.677 28441 31300 D OK      : calling: https://b.thumbs.redditmedia.com/CKInrczASoQbNvSBStGz11Tok0uCyQoxmZ02sOE37sQ.jpg
08-06 11:51:01.679 28441 31302 D OK      : calling: https://a.thumbs.redditmedia.com/dFt2-stQJkfZ8O7r7ywG9GQsF08fZXxEJfQtAmiJ-F8.jpg
08-06 11:51:01.681 28441 31304 D OK      : calling: https://b.thumbs.redditmedia.com/1cAaKl6LkrikiRbLsBzzOvufKqRKuPi3wgjUkX8axkI.jpg
08-06 11:51:01.685 28441 31303 D OK      : calling: https://api.gfycat.com/v1/gfycats/deadlygravecavy
08-06 11:51:01.685 28441 31305 D OK      : calling: https://api.imgur.com/3/image/NSO7Npm
08-06 11:51:01.692 28441 31306 D OK      : calling: https://v.redd.it/fkewv2f65kd51/DASHPlaylist.mpd
08-06 11:51:01.696 28441 31307 D OK      : calling: https://b.thumbs.redditmedia.com/NUqJWcobH7ToYhCM0w6nnAFZ46ymm9vPD25BC3s7Wco.jpg
08-06 11:51:01.699 28441 31308 D OK      : calling: https://b.thumbs.redditmedia.com/bUY4al781EZ3q7hUlnLebemHCXE3e63_SSxl2uo4Q4A.jpg
08-06 11:51:01.704 28441 31309 D OK      : calling: https://b.thumbs.redditmedia.com/tTmEfIrujbsvZXbhNSQS6Pc7o7ShCaGqZHbYf7nWdfg.jpg
08-06 11:51:01.710 28441 31310 D OK      : calling: https://b.thumbs.redditmedia.com/_H8tFMmL5-3GrxYkCtMSHiyNfjbX8pxctOw_vrzyw7o.jpg
08-06 11:51:01.713 28441 31311 D OK      : calling: https://b.thumbs.redditmedia.com/JTSWFy2_tijPk6cA5noKDydEAMkMJcDmKQTSX178zwc.jpg
08-06 11:51:01.713 28441 31312 D OK      : calling: https://b.thumbs.redditmedia.com/N6fiqTp8nJD2l7sUz4nij7j1yHYMTKaflUIrn8E2bAU.jpg
08-06 11:51:01.717 28441 31313 D OK      : calling: https://b.thumbs.redditmedia.com/HkEQtny0bE4H3dMCd_woPsLAXBoPwp_DZ4ioFNIQLKk.jpg
08-06 11:51:01.719 28441 31314 D OK      : calling: https://api.gfycat.com/v1/gfycats/altruisticthankfulankolewatusi
08-06 11:51:01.725 28441 31315 D OK      : calling: https://b.thumbs.redditmedia.com/lVNra-iScxkYcYtSstJ-7J7pRAUDRXIwwJhsen1ZK9g.jpg
08-06 11:51:01.731 28441 31316 D OK      : calling: https://b.thumbs.redditmedia.com/lQKqDneXS8E7ZBD9cUQy4OqOt8PuTneSvVFtnU0pwCE.jpg
08-06 11:51:01.732 28441 31317 D OK      : calling: https://b.thumbs.redditmedia.com/X3yyAViE0gxiHR-kf9Z5xmLa8dKsm8iWJyKdWNVtOhU.jpg
08-06 11:51:01.735 28441 31318 D OK      : calling: https://b.thumbs.redditmedia.com/Bx9FZp8_w10DfFUf_mqVPMfu4Y0h2lo41Dh4tl2eNeQ.jpg
08-06 11:51:01.744 28441 31319 D OK      : calling: https://a.thumbs.redditmedia.com/KpcC72KH04Be3BqxmFbv_Gz7LCy-24GU-70or3KCdJ4.jpg
08-06 11:51:01.746 28441 31320 D OK      : calling: https://v.redd.it/ak6rer1hskd51/DASHPlaylist.mpd
08-06 11:51:01.747 28441 31321 D OK      : calling: https://a.thumbs.redditmedia.com/cEOtajy3CAQrjwSA3hhSqnPx8bfkRzglo7Lz1SBTmE0.jpg
08-06 11:51:01.753 28441 31322 D OK      : calling: https://api.gfycat.com/v1/gfycats/foolhardysparklinglarva
08-06 11:51:01.762 28441 31323 D OK      : calling: https://b.thumbs.redditmedia.com/RrJbRRjFZWmckrONtkPTloJh52FfqD_XkLMuYuuQvAg.jpg
08-06 11:51:01.765 28441 31324 D OK      : calling: https://b.thumbs.redditmedia.com/chqK3f9u3D7UmfrGP85f4sOQFihMk6q7fFSeMyWs_7E.jpg
08-06 11:51:01.770 28441 31325 D OK      : calling: https://b.thumbs.redditmedia.com/B18Vu5Jw71XCkFOFHimnUC42ya8apHsmcCW-HFmtb6w.jpg
08-06 11:51:01.776 28441 31326 D OK      : calling: https://b.thumbs.redditmedia.com/iZuzjufMpYUYtQRLjRwce4RDb6JYsId95_iezR2Uc0w.jpg
08-06 11:51:01.779 28441 31327 D OK      : calling: https://v.redd.it/h49fg58ygjd51/DASHPlaylist.mpd
08-06 11:51:01.779 28441 31328 D OK      : calling: https://v.redd.it/1ewzkieg0jd51/DASHPlaylist.mpd
08-06 11:51:01.782 28441 31329 D OK      : calling: https://b.thumbs.redditmedia.com/XNb1kfskabGDLMqv661Q22hBtCb8w5oyePDcFaZi9aY.jpg
08-06 11:51:01.788 28441 31330 D OK      : calling: https://v.redd.it/ppmhu2r9thd51/DASHPlaylist.mpd
08-06 11:51:01.794 28441 31332 D OK      : calling: https://b.thumbs.redditmedia.com/lMqJbh1Z40ffemA0TnSfVnovznn4hvJNue60AsJ-ETs.jpg
08-06 11:51:01.797 28441 31333 D OK      : calling: https://v.redd.it/s9qqadf3mid51/DASHPlaylist.mpd
08-06 11:51:01.800 28441 31334 D OK      : calling: https://b.thumbs.redditmedia.com/x5l4cICw0WNNvslt5FqVjwj89XrGjrXnNbaSyQRAyCo.jpg
08-06 11:51:01.801 28441 31335 D OK      : calling: https://b.thumbs.redditmedia.com/189nmwjW7eGWBD0J-cxzsUac1V1ZWGzMFC66inY4u4Y.jpg
08-06 11:51:01.818 28441 31336 D OK      : calling: https://b.thumbs.redditmedia.com/d_-UsfmKASoIHi4vZyyjvvwFtm1S7-DEi9AQPOnGIgY.jpg
08-06 11:51:01.829 28441 31337 D OK      : calling: https://v.redd.it/b8vazlcb7ld51/DASHPlaylist.mpd
08-06 11:51:01.832 28441 31338 D OK      : calling: https://v.redd.it/ty24o02m1hd51/DASHPlaylist.mpd
08-06 11:51:01.834 28441 31339 D OK      : calling: https://v.redd.it/ar5k8892pid51/DASHPlaylist.mpd
08-06 11:51:01.840 28441 28667 I art     : Starting a blocking GC Explicit
08-06 11:51:01.900 28441 28667 I art     : Explicit concurrent mark sweep GC freed 48882(2MB) AllocSpace objects, 3(156KB) LOS objects, 34% free, 30MB/46MB, paused 3.271ms total 60.018ms
08-06 11:51:01.919 28441 28667 I art     : Starting a blocking GC Explicit
08-06 11:51:01.924 28441 28441 W RecyclerView: Cannot call this method in a scroll callback. Scroll callbacks mightbe run during a measure & layout pass where you cannot change theRecyclerView data. Any method call that might change the structureof the RecyclerView or the adapter contents should be postponed tothe next frame.
08-06 11:51:01.924 28441 28441 W RecyclerView: java.lang.IllegalStateException:  androidx.recyclerview.widget.RecyclerView{16fbb64 VFED..... .F....ID 0,0-1440,2140 #7f0900ef app:id/scrollbar_recyclerview_recyclerview}, adapter:baseline.org.quantumbadger.redreader.adapters.GroupedRecyclerViewAdapter@b0371cd, layout:androidx.recyclerview.widget.LinearLayoutManager@eb21a82, context:baseline.org.quantumbadger.redreader.activities.PostListingActivity@bf459d9
08-06 11:51:01.924 28441 28441 W RecyclerView: 	at androidx.recyclerview.widget.RecyclerView.assertNotInLayoutOrScroll(RecyclerView.java:3061)
08-06 11:51:01.924 28441 28441 W RecyclerView: 	at androidx.recyclerview.widget.RecyclerView$RecyclerViewDataObserver.onItemRangeInserted(RecyclerView.java:5555)
08-06 11:51:01.924 28441 28441 W RecyclerView: 	at androidx.recyclerview.widget.RecyclerView$AdapterDataObservable.notifyItemRangeInserted(RecyclerView.java:12278)
08-06 11:51:01.924 28441 28441 W RecyclerView: 	at androidx.recyclerview.widget.RecyclerView$Adapter.notifyItemInserted(RecyclerView.java:7464)
08-06 11:51:01.924 28441 28441 W RecyclerView: 	at baseline.org.quantumbadger.redreader.adapters.GroupedRecyclerViewAdapter.updateHiddenStatus(GroupedRecyclerViewAdapter.java:279)
08-06 11:51:01.924 28441 28441 W RecyclerView: 	at baseline.org.quantumbadger.redreader.adapters.RedditListingManager.setLoadingVisible(RedditListingManager.java:125)
08-06 11:51:01.924 28441 28441 W RecyclerView: 	at baseline.org.quantumbadger.redreader.fragments.PostListingFragment.onLoadMoreItemsCheck(PostListingFragment.java:465)
08-06 11:51:01.924 28441 28441 W RecyclerView: 	at baseline.org.quantumbadger.redreader.fragments.PostListingFragment.access$000(PostListingFragment.java:98)
08-06 11:51:01.924 28441 28441 W RecyclerView: 	at baseline.org.quantumbadger.redreader.fragments.PostListingFragment$2.onScrolled(PostListingFragment.java:215)
08-06 11:51:01.924 28441 28441 W RecyclerView: 	at androidx.recyclerview.widget.RecyclerView.dispatchOnScrolled(RecyclerView.java:5173)
08-06 11:51:01.924 28441 28441 W RecyclerView: 	at androidx.recyclerview.widget.RecyclerView.dispatchLayoutStep3(RecyclerView.java:4231)
08-06 11:51:01.924 28441 28441 W RecyclerView: 	at androidx.recyclerview.widget.RecyclerView.dispatchLayout(RecyclerView.java:3862)
08-06 11:51:01.924 28441 28441 W RecyclerView: 	at androidx.recyclerview.widget.RecyclerView.consumePendingUpdateOperations(RecyclerView.java:1897)
08-06 11:51:01.924 28441 28441 W RecyclerView: 	at androidx.recyclerview.widget.RecyclerView$1.run(RecyclerView.java:414)
08-06 11:51:01.924 28441 28441 W RecyclerView: 	at android.view.Choreographer$CallbackRecord.run(Choreographer.java:858)
08-06 11:51:01.924 28441 28441 W RecyclerView: 	at android.view.Choreographer.doCallbacks(Choreographer.java:670)
08-06 11:51:01.924 28441 28441 W RecyclerView: 	at android.view.Choreographer.doFrame(Choreographer.java:603)
08-06 11:51:01.924 28441 28441 W RecyclerView: 	at android.view.Choreographer$FrameDisplayEventReceiver.run(Choreographer.java:844)
08-06 11:51:01.924 28441 28441 W RecyclerView: 	at android.os.Handler.handleCallback(Handler.java:739)
08-06 11:51:01.924 28441 28441 W RecyclerView: 	at android.os.Handler.dispatchMessage(Handler.java:95)
08-06 11:51:01.924 28441 28441 W RecyclerView: 	at android.os.Looper.loop(Looper.java:148)
08-06 11:51:01.924 28441 28441 W RecyclerView: 	at android.app.ActivityThread.main(ActivityThread.java:5417)
08-06 11:51:01.924 28441 28441 W RecyclerView: 	at java.lang.reflect.Method.invoke(Native Method)
08-06 11:51:01.924 28441 28441 W RecyclerView: 	at com.android.internal.os.ZygoteInit$MethodAndArgsCaller.run(ZygoteInit.java:726)
08-06 11:51:01.924 28441 28441 W RecyclerView: 	at com.android.internal.os.ZygoteInit.main(ZygoteInit.java:616)
08-06 11:51:01.974 28441 28667 I art     : Explicit concurrent mark sweep GC freed 3685(234KB) AllocSpace objects, 0(0B) LOS objects, 34% free, 30MB/46MB, paused 2.889ms total 55.466ms
08-06 11:51:01.993 28441 28667 I art     : Starting a blocking GC Explicit
08-06 11:51:02.048 28441 28667 I art     : Explicit concurrent mark sweep GC freed 608(85KB) AllocSpace objects, 0(0B) LOS objects, 34% free, 30MB/46MB, paused 2.735ms total 54.442ms
08-06 11:51:02.066 28441 28667 I art     : Starting a blocking GC Explicit
08-06 11:51:02.122 28441 28667 I art     : Explicit concurrent mark sweep GC freed 1752(174KB) AllocSpace objects, 0(0B) LOS objects, 34% free, 30MB/46MB, paused 2.808ms total 55.440ms
08-06 11:51:02.143 28441 28667 I art     : Starting a blocking GC Explicit
08-06 11:51:02.200 28441 28667 I art     : Explicit concurrent mark sweep GC freed 15825(684KB) AllocSpace objects, 0(0B) LOS objects, 34% free, 30MB/46MB, paused 3.007ms total 56.277ms
08-06 11:51:02.486 28441 31301 I NAPPA_EXPERIMENTATION: MetricNetworkRequestExecutionTime: REQUEST_DURATION_SYSTEM='810',REQUEST_DURATION_OKHTTP='335',REQUEST_SYNCHRONOUS='TRUE',RESPONSE_CODE='200',RESPONSE_METHOD='GET',RESPONSE_LENGTH_OKHTTP='4487',RESPONSE_LENGTH_HEADER='4487',REQUEST_PROTOCOL='h2',REQUEST_URL='https://a.thumbs.redditmedia.com/sKVnLbatvJCZOE2ooe6CgiEftOB3ukgPMdcydbk9CZ4.jpg',
08-06 11:51:02.486 28441 31301 D OK      : request got status: 200
08-06 11:51:02.511 28441 31300 I NAPPA_EXPERIMENTATION: MetricNetworkRequestExecutionTime: REQUEST_DURATION_SYSTEM='833',REQUEST_DURATION_OKHTTP='373',REQUEST_SYNCHRONOUS='TRUE',RESPONSE_CODE='200',RESPONSE_METHOD='GET',RESPONSE_LENGTH_OKHTTP='3891',RESPONSE_LENGTH_HEADER='3891',REQUEST_PROTOCOL='h2',REQUEST_URL='https://b.thumbs.redditmedia.com/CKInrczASoQbNvSBStGz11Tok0uCyQoxmZ02sOE37sQ.jpg',
08-06 11:51:02.511 28441 31300 D OK      : request got status: 200
08-06 11:51:02.564 28441 28453 I art     : Starting a blocking GC Explicit
08-06 11:51:02.602 28441 31302 I NAPPA_EXPERIMENTATION: MetricNetworkRequestExecutionTime: REQUEST_DURATION_SYSTEM='923',REQUEST_DURATION_OKHTTP='439',REQUEST_SYNCHRONOUS='TRUE',RESPONSE_CODE='200',RESPONSE_METHOD='GET',RESPONSE_LENGTH_OKHTTP='6530',RESPONSE_LENGTH_HEADER='6530',REQUEST_PROTOCOL='h2',REQUEST_URL='https://a.thumbs.redditmedia.com/dFt2-stQJkfZ8O7r7ywG9GQsF08fZXxEJfQtAmiJ-F8.jpg',
08-06 11:51:02.602 28441 31302 D OK      : request got status: 200
08-06 11:51:02.629 28441 31304 I NAPPA_EXPERIMENTATION: MetricNetworkRequestExecutionTime: REQUEST_DURATION_SYSTEM='948',REQUEST_DURATION_OKHTTP='476',REQUEST_SYNCHRONOUS='TRUE',RESPONSE_CODE='200',RESPONSE_METHOD='GET',RESPONSE_LENGTH_OKHTTP='5113',RESPONSE_LENGTH_HEADER='5113',REQUEST_PROTOCOL='h2',REQUEST_URL='https://b.thumbs.redditmedia.com/1cAaKl6LkrikiRbLsBzzOvufKqRKuPi3wgjUkX8axkI.jpg',
08-06 11:51:02.629 28441 31304 D OK      : request got status: 200
08-06 11:51:02.631 28441 28453 I art     : Explicit concurrent mark sweep GC freed 54832(2MB) AllocSpace objects, 8(564KB) LOS objects, 34% free, 30MB/46MB, paused 2.599ms total 66.728ms
08-06 11:51:02.651 28441 28453 I art     : Starting a blocking GC Explicit
08-06 11:51:02.672 28441 31389 D OK      : calling: https://oauth.reddit.com/r/aww/hot/.json?after=t3_hz5odc
08-06 11:51:02.674 28441 31306 I NAPPA_EXPERIMENTATION: MetricNetworkRequestExecutionTime: REQUEST_DURATION_SYSTEM='982',REQUEST_DURATION_OKHTTP='495',REQUEST_SYNCHRONOUS='TRUE',RESPONSE_CODE='200',RESPONSE_METHOD='GET',RESPONSE_LENGTH_OKHTTP='2700',RESPONSE_LENGTH_HEADER='2700',REQUEST_PROTOCOL='h2',REQUEST_URL='https://v.redd.it/fkewv2f65kd51/DASHPlaylist.mpd',
08-06 11:51:02.674 28441 31306 D OK      : request got status: 200
08-06 11:51:02.705 28441 28453 I art     : Explicit concurrent mark sweep GC freed 11227(574KB) AllocSpace objects, 11(484KB) LOS objects, 33% free, 31MB/47MB, paused 2.299ms total 53.949ms
08-06 11:51:02.711 28441 31306 I RedditVideosAPI: For 'https://v.redd.it/fkewv2f65kd51/DASHPlaylist.mpd', got video stream 'https://v.redd.it/fkewv2f65kd51/DASH_480' and audio stream 'https://v.redd.it/fkewv2f65kd51/audio'
08-06 11:51:02.712 28441 31308 I NAPPA_EXPERIMENTATION: MetricNetworkRequestExecutionTime: REQUEST_DURATION_SYSTEM='1013',REQUEST_DURATION_OKHTTP='534',REQUEST_SYNCHRONOUS='TRUE',RESPONSE_CODE='200',RESPONSE_METHOD='GET',RESPONSE_LENGTH_OKHTTP='6131',RESPONSE_LENGTH_HEADER='6131',REQUEST_PROTOCOL='h2',REQUEST_URL='https://b.thumbs.redditmedia.com/bUY4al781EZ3q7hUlnLebemHCXE3e63_SSxl2uo4Q4A.jpg',
08-06 11:51:02.712 28441 31308 D OK      : request got status: 200
08-06 11:51:02.723 28441 28453 I art     : Starting a blocking GC Explicit
08-06 11:51:02.775 28441 28453 I art     : Explicit concurrent mark sweep GC freed 1181(146KB) AllocSpace objects, 6(420KB) LOS objects, 34% free, 30MB/46MB, paused 2.204ms total 51.999ms
08-06 11:51:02.788 28441 31310 I NAPPA_EXPERIMENTATION: MetricNetworkRequestExecutionTime: REQUEST_DURATION_SYSTEM='1077',REQUEST_DURATION_OKHTTP='590',REQUEST_SYNCHRONOUS='TRUE',RESPONSE_CODE='200',RESPONSE_METHOD='GET',RESPONSE_LENGTH_OKHTTP='6434',RESPONSE_LENGTH_HEADER='6434',REQUEST_PROTOCOL='h2',REQUEST_URL='https://b.thumbs.redditmedia.com/_H8tFMmL5-3GrxYkCtMSHiyNfjbX8pxctOw_vrzyw7o.jpg',
08-06 11:51:02.788 28441 31310 D OK      : request got status: 200
08-06 11:51:02.794 28441 28453 I art     : Starting a blocking GC Explicit
08-06 11:51:02.850 28441 28453 I art     : Explicit concurrent mark sweep GC freed 432(51KB) AllocSpace objects, 4(188KB) LOS objects, 33% free, 31MB/47MB, paused 2.125ms total 56.098ms
08-06 11:51:02.867 28441 31307 I NAPPA_EXPERIMENTATION: MetricNetworkRequestExecutionTime: REQUEST_DURATION_SYSTEM='1171',REQUEST_DURATION_OKHTTP='659',REQUEST_SYNCHRONOUS='TRUE',RESPONSE_CODE='200',RESPONSE_METHOD='GET',RESPONSE_LENGTH_OKHTTP='6242',RESPONSE_LENGTH_HEADER='6242',REQUEST_PROTOCOL='h2',REQUEST_URL='https://b.thumbs.redditmedia.com/NUqJWcobH7ToYhCM0w6nnAFZ46ymm9vPD25BC3s7Wco.jpg',
08-06 11:51:02.867 28441 31307 D OK      : request got status: 200
08-06 11:51:02.869 28441 28453 I art     : Starting a blocking GC Explicit
08-06 11:51:02.874 28441 31316 I NAPPA_EXPERIMENTATION: MetricNetworkRequestExecutionTime: REQUEST_DURATION_SYSTEM='1143',REQUEST_DURATION_OKHTTP='658',REQUEST_SYNCHRONOUS='TRUE',RESPONSE_CODE='200',RESPONSE_METHOD='GET',RESPONSE_LENGTH_OKHTTP='6093',RESPONSE_LENGTH_HEADER='6093',REQUEST_PROTOCOL='h2',REQUEST_URL='https://b.thumbs.redditmedia.com/lQKqDneXS8E7ZBD9cUQy4OqOt8PuTneSvVFtnU0pwCE.jpg',
08-06 11:51:02.874 28441 31316 D OK      : request got status: 200
08-06 11:51:02.875 28441 31305 I NAPPA_EXPERIMENTATION: MetricNetworkRequestExecutionTime: REQUEST_DURATION_SYSTEM='1189',REQUEST_DURATION_OKHTTP='654',REQUEST_SYNCHRONOUS='TRUE',RESPONSE_CODE='200',RESPONSE_METHOD='GET',RESPONSE_LENGTH_OKHTTP='-1',RESPONSE_LENGTH_HEADER='379',REQUEST_PROTOCOL='h2',REQUEST_URL='https://api.imgur.com/3/image/NSO7Npm',
08-06 11:51:02.875 28441 31305 D OK      : request got status: 200
08-06 11:51:02.898 28441 31321 I NAPPA_EXPERIMENTATION: MetricNetworkRequestExecutionTime: REQUEST_DURATION_SYSTEM='1151',REQUEST_DURATION_OKHTTP='569',REQUEST_SYNCHRONOUS='TRUE',RESPONSE_CODE='200',RESPONSE_METHOD='GET',RESPONSE_LENGTH_OKHTTP='5648',RESPONSE_LENGTH_HEADER='5648',REQUEST_PROTOCOL='h2',REQUEST_URL='https://a.thumbs.redditmedia.com/cEOtajy3CAQrjwSA3hhSqnPx8bfkRzglo7Lz1SBTmE0.jpg',
08-06 11:51:02.898 28441 31321 D OK      : request got status: 200
08-06 11:51:02.927 28441 28453 I art     : Explicit concurrent mark sweep GC freed 1422(145KB) AllocSpace objects, 8(460KB) LOS objects, 33% free, 31MB/47MB, paused 2.110ms total 57.644ms
08-06 11:51:02.937 28441 31328 I NAPPA_EXPERIMENTATION: MetricNetworkRequestExecutionTime: REQUEST_DURATION_SYSTEM='1158',REQUEST_DURATION_OKHTTP='574',REQUEST_SYNCHRONOUS='TRUE',RESPONSE_CODE='200',RESPONSE_METHOD='GET',RESPONSE_LENGTH_OKHTTP='3058',RESPONSE_LENGTH_HEADER='3058',REQUEST_PROTOCOL='h2',REQUEST_URL='https://v.redd.it/1ewzkieg0jd51/DASHPlaylist.mpd',
08-06 11:51:02.938 28441 31328 D OK      : request got status: 200
08-06 11:51:02.947 28441 31311 I NAPPA_EXPERIMENTATION: MetricNetworkRequestExecutionTime: REQUEST_DURATION_SYSTEM='1233',REQUEST_DURATION_OKHTTP='727',REQUEST_SYNCHRONOUS='TRUE',RESPONSE_CODE='200',RESPONSE_METHOD='GET',RESPONSE_LENGTH_OKHTTP='6634',RESPONSE_LENGTH_HEADER='6634',REQUEST_PROTOCOL='h2',REQUEST_URL='https://b.thumbs.redditmedia.com/JTSWFy2_tijPk6cA5noKDydEAMkMJcDmKQTSX178zwc.jpg',
08-06 11:51:02.947 28441 31311 D OK      : request got status: 200
08-06 11:51:02.977 28441 31313 I NAPPA_EXPERIMENTATION: MetricNetworkRequestExecutionTime: REQUEST_DURATION_SYSTEM='1260',REQUEST_DURATION_OKHTTP='755',REQUEST_SYNCHRONOUS='TRUE',RESPONSE_CODE='200',RESPONSE_METHOD='GET',RESPONSE_LENGTH_OKHTTP='8699',RESPONSE_LENGTH_HEADER='8699',REQUEST_PROTOCOL='h2',REQUEST_URL='https://b.thumbs.redditmedia.com/HkEQtny0bE4H3dMCd_woPsLAXBoPwp_DZ4ioFNIQLKk.jpg',
08-06 11:51:02.977 28441 31313 D OK      : request got status: 200
08-06 11:51:02.988 28441 31309 I NAPPA_EXPERIMENTATION: MetricNetworkRequestExecutionTime: REQUEST_DURATION_SYSTEM='1284',REQUEST_DURATION_OKHTTP='755',REQUEST_SYNCHRONOUS='TRUE',RESPONSE_CODE='200',RESPONSE_METHOD='GET',RESPONSE_LENGTH_OKHTTP='5439',RESPONSE_LENGTH_HEADER='5439',REQUEST_PROTOCOL='h2',REQUEST_URL='https://b.thumbs.redditmedia.com/tTmEfIrujbsvZXbhNSQS6Pc7o7ShCaGqZHbYf7nWdfg.jpg',
08-06 11:51:02.988 28441 31309 D OK      : request got status: 200
08-06 11:51:02.993 28441 31312 I NAPPA_EXPERIMENTATION: MetricNetworkRequestExecutionTime: REQUEST_DURATION_SYSTEM='1280',REQUEST_DURATION_OKHTTP='758',REQUEST_SYNCHRONOUS='TRUE',RESPONSE_CODE='200',RESPONSE_METHOD='GET',RESPONSE_LENGTH_OKHTTP='7265',RESPONSE_LENGTH_HEADER='7265',REQUEST_PROTOCOL='h2',REQUEST_URL='https://b.thumbs.redditmedia.com/N6fiqTp8nJD2l7sUz4nij7j1yHYMTKaflUIrn8E2bAU.jpg',
08-06 11:51:02.993 28441 31312 D OK      : request got status: 200
08-06 11:51:02.997 28441 31320 I NAPPA_EXPERIMENTATION: MetricNetworkRequestExecutionTime: REQUEST_DURATION_SYSTEM='1251',REQUEST_DURATION_OKHTTP='565',REQUEST_SYNCHRONOUS='TRUE',RESPONSE_CODE='200',RESPONSE_METHOD='GET',RESPONSE_LENGTH_OKHTTP='1713',RESPONSE_LENGTH_HEADER='1713',REQUEST_PROTOCOL='h2',REQUEST_URL='https://v.redd.it/ak6rer1hskd51/DASHPlaylist.mpd',
08-06 11:51:02.997 28441 31320 D OK      : request got status: 200
08-06 11:51:02.999 28441 31330 I NAPPA_EXPERIMENTATION: MetricNetworkRequestExecutionTime: REQUEST_DURATION_SYSTEM='1211',REQUEST_DURATION_OKHTTP='563',REQUEST_SYNCHRONOUS='TRUE',RESPONSE_CODE='200',RESPONSE_METHOD='GET',RESPONSE_LENGTH_OKHTTP='2787',RESPONSE_LENGTH_HEADER='2787',REQUEST_PROTOCOL='h2',REQUEST_URL='https://v.redd.it/ppmhu2r9thd51/DASHPlaylist.mpd',
08-06 11:51:02.999 28441 31330 D OK      : request got status: 200
08-06 11:51:03.011 28441 31319 I NAPPA_EXPERIMENTATION: MetricNetworkRequestExecutionTime: REQUEST_DURATION_SYSTEM='1267',REQUEST_DURATION_OKHTTP='581',REQUEST_SYNCHRONOUS='TRUE',RESPONSE_CODE='200',RESPONSE_METHOD='GET',RESPONSE_LENGTH_OKHTTP='4798',RESPONSE_LENGTH_HEADER='4798',REQUEST_PROTOCOL='h2',REQUEST_URL='https://a.thumbs.redditmedia.com/KpcC72KH04Be3BqxmFbv_Gz7LCy-24GU-70or3KCdJ4.jpg',
08-06 11:51:03.012 28441 31319 D OK      : request got status: 200
08-06 11:51:03.014 28441 31328 I RedditVideosAPI: For 'https://v.redd.it/1ewzkieg0jd51/DASHPlaylist.mpd', got video stream 'https://v.redd.it/1ewzkieg0jd51/DASH_480' and audio stream 'https://v.redd.it/1ewzkieg0jd51/audio'
08-06 11:51:03.034 28441 31317 I NAPPA_EXPERIMENTATION: MetricNetworkRequestExecutionTime: REQUEST_DURATION_SYSTEM='1302',REQUEST_DURATION_OKHTTP='787',REQUEST_SYNCHRONOUS='TRUE',RESPONSE_CODE='200',RESPONSE_METHOD='GET',RESPONSE_LENGTH_OKHTTP='7078',RESPONSE_LENGTH_HEADER='7078',REQUEST_PROTOCOL='h2',REQUEST_URL='https://b.thumbs.redditmedia.com/X3yyAViE0gxiHR-kf9Z5xmLa8dKsm8iWJyKdWNVtOhU.jpg',
08-06 11:51:03.034 28441 31317 D OK      : request got status: 200
08-06 11:51:03.041 28441 31327 I NAPPA_EXPERIMENTATION: MetricNetworkRequestExecutionTime: REQUEST_DURATION_SYSTEM='1262',REQUEST_DURATION_OKHTTP='590',REQUEST_SYNCHRONOUS='TRUE',RESPONSE_CODE='200',RESPONSE_METHOD='GET',RESPONSE_LENGTH_OKHTTP='2429',RESPONSE_LENGTH_HEADER='2429',REQUEST_PROTOCOL='h2',REQUEST_URL='https://v.redd.it/h49fg58ygjd51/DASHPlaylist.mpd',
08-06 11:51:03.041 28441 31327 D OK      : request got status: 200
08-06 11:51:03.049 28441 31318 I NAPPA_EXPERIMENTATION: MetricNetworkRequestExecutionTime: REQUEST_DURATION_SYSTEM='1314',REQUEST_DURATION_OKHTTP='786',REQUEST_SYNCHRONOUS='TRUE',RESPONSE_CODE='200',RESPONSE_METHOD='GET',RESPONSE_LENGTH_OKHTTP='5207',RESPONSE_LENGTH_HEADER='5207',REQUEST_PROTOCOL='h2',REQUEST_URL='https://b.thumbs.redditmedia.com/Bx9FZp8_w10DfFUf_mqVPMfu4Y0h2lo41Dh4tl2eNeQ.jpg',
08-06 11:51:03.049 28441 31318 D OK      : request got status: 200
08-06 11:51:03.104 28441 31333 I NAPPA_EXPERIMENTATION: MetricNetworkRequestExecutionTime: REQUEST_DURATION_SYSTEM='1307',REQUEST_DURATION_OKHTTP='588',REQUEST_SYNCHRONOUS='TRUE',RESPONSE_CODE='200',RESPONSE_METHOD='GET',RESPONSE_LENGTH_OKHTTP='2698',RESPONSE_LENGTH_HEADER='2698',REQUEST_PROTOCOL='h2',REQUEST_URL='https://v.redd.it/s9qqadf3mid51/DASHPlaylist.mpd',
08-06 11:51:03.104 28441 31333 D OK      : request got status: 200
08-06 11:51:03.121 28441 31315 I NAPPA_EXPERIMENTATION: MetricNetworkRequestExecutionTime: REQUEST_DURATION_SYSTEM='1396',REQUEST_DURATION_OKHTTP='835',REQUEST_SYNCHRONOUS='TRUE',RESPONSE_CODE='200',RESPONSE_METHOD='GET',RESPONSE_LENGTH_OKHTTP='4018',RESPONSE_LENGTH_HEADER='4018',REQUEST_PROTOCOL='h2',REQUEST_URL='https://b.thumbs.redditmedia.com/lVNra-iScxkYcYtSstJ-7J7pRAUDRXIwwJhsen1ZK9g.jpg',
08-06 11:51:03.121 28441 31315 D OK      : request got status: 200
08-06 11:51:03.145 28441 31326 I NAPPA_EXPERIMENTATION: MetricNetworkRequestExecutionTime: REQUEST_DURATION_SYSTEM='1369',REQUEST_DURATION_OKHTTP='825',REQUEST_SYNCHRONOUS='TRUE',RESPONSE_CODE='200',RESPONSE_METHOD='GET',RESPONSE_LENGTH_OKHTTP='2861',RESPONSE_LENGTH_HEADER='2861',REQUEST_PROTOCOL='h2',REQUEST_URL='https://b.thumbs.redditmedia.com/iZuzjufMpYUYtQRLjRwce4RDb6JYsId95_iezR2Uc0w.jpg',
08-06 11:51:03.145 28441 31326 D OK      : request got status: 200
08-06 11:51:03.147 28441 31339 I NAPPA_EXPERIMENTATION: MetricNetworkRequestExecutionTime: REQUEST_DURATION_SYSTEM='1312',REQUEST_DURATION_OKHTTP='544',REQUEST_SYNCHRONOUS='TRUE',RESPONSE_CODE='200',RESPONSE_METHOD='GET',RESPONSE_LENGTH_OKHTTP='2342',RESPONSE_LENGTH_HEADER='2342',REQUEST_PROTOCOL='h2',REQUEST_URL='https://v.redd.it/ar5k8892pid51/DASHPlaylist.mpd',
08-06 11:51:03.147 28441 31339 D OK      : request got status: 200
08-06 11:51:03.156 28441 31320 I RedditVideosAPI: For 'https://v.redd.it/ak6rer1hskd51/DASHPlaylist.mpd', got video stream 'https://v.redd.it/ak6rer1hskd51/DASH_360' and audio stream 'null'
08-06 11:51:03.168 28441 31314 I NAPPA_EXPERIMENTATION: MetricNetworkRequestExecutionTime: REQUEST_DURATION_SYSTEM='1449',REQUEST_DURATION_OKHTTP='643',REQUEST_SYNCHRONOUS='TRUE',RESPONSE_CODE='200',RESPONSE_METHOD='GET',RESPONSE_LENGTH_OKHTTP='-1',RESPONSE_LENGTH_HEADER='955',REQUEST_PROTOCOL='http/1.1',REQUEST_URL='https://api.gfycat.com/v1/gfycats/altruisticthankfulankolewatusi',
08-06 11:51:03.168 28441 31314 D OK      : request got status: 200
08-06 11:51:03.171 28441 31330 I RedditVideosAPI: For 'https://v.redd.it/ppmhu2r9thd51/DASHPlaylist.mpd', got video stream 'https://v.redd.it/ppmhu2r9thd51/DASH_480' and audio stream 'null'
08-06 11:51:03.175 28441 31337 I NAPPA_EXPERIMENTATION: MetricNetworkRequestExecutionTime: REQUEST_DURATION_SYSTEM='1345',REQUEST_DURATION_OKHTTP='536',REQUEST_SYNCHRONOUS='TRUE',RESPONSE_CODE='200',RESPONSE_METHOD='GET',RESPONSE_LENGTH_OKHTTP='3060',RESPONSE_LENGTH_HEADER='3060',REQUEST_PROTOCOL='h2',REQUEST_URL='https://v.redd.it/b8vazlcb7ld51/DASHPlaylist.mpd',
08-06 11:51:03.175 28441 31337 D OK      : request got status: 200
08-06 11:51:03.180 28441 31303 I NAPPA_EXPERIMENTATION: MetricNetworkRequestExecutionTime: REQUEST_DURATION_SYSTEM='1494',REQUEST_DURATION_OKHTTP='664',REQUEST_SYNCHRONOUS='TRUE',RESPONSE_CODE='200',RESPONSE_METHOD='GET',RESPONSE_LENGTH_OKHTTP='-1',RESPONSE_LENGTH_HEADER='812',REQUEST_PROTOCOL='http/1.1',REQUEST_URL='https://api.gfycat.com/v1/gfycats/deadlygravecavy',
08-06 11:51:03.180 28441 31303 D OK      : request got status: 200
08-06 11:51:03.183 28441 31323 I NAPPA_EXPERIMENTATION: MetricNetworkRequestExecutionTime: REQUEST_DURATION_SYSTEM='1421',REQUEST_DURATION_OKHTTP='677',REQUEST_SYNCHRONOUS='TRUE',RESPONSE_CODE='200',RESPONSE_METHOD='GET',RESPONSE_LENGTH_OKHTTP='5229',RESPONSE_LENGTH_HEADER='5229',REQUEST_PROTOCOL='h2',REQUEST_URL='https://b.thumbs.redditmedia.com/RrJbRRjFZWmckrONtkPTloJh52FfqD_XkLMuYuuQvAg.jpg',
08-06 11:51:03.183 28441 31323 D OK      : request got status: 200
08-06 11:51:03.196 28441 31327 I RedditVideosAPI: For 'https://v.redd.it/h49fg58ygjd51/DASHPlaylist.mpd', got video stream 'https://v.redd.it/h49fg58ygjd51/DASH_480' and audio stream 'null'
08-06 11:51:03.198 28441 31322 I NAPPA_EXPERIMENTATION: MetricNetworkRequestExecutionTime: REQUEST_DURATION_SYSTEM='1445',REQUEST_DURATION_OKHTTP='522',REQUEST_SYNCHRONOUS='TRUE',RESPONSE_CODE='200',RESPONSE_METHOD='GET',RESPONSE_LENGTH_OKHTTP='-1',RESPONSE_LENGTH_HEADER='1021',REQUEST_PROTOCOL='http/1.1',REQUEST_URL='https://api.gfycat.com/v1/gfycats/foolhardysparklinglarva',
08-06 11:51:03.198 28441 31322 D OK      : request got status: 200
08-06 11:51:03.206 28441 31389 I NAPPA_EXPERIMENTATION: MetricNetworkRequestExecutionTime: REQUEST_DURATION_SYSTEM='534',REQUEST_DURATION_OKHTTP='530',REQUEST_SYNCHRONOUS='TRUE',RESPONSE_CODE='200',RESPONSE_METHOD='GET',RESPONSE_LENGTH_OKHTTP='-1',RESPONSE_LENGTH_HEADER='30610',REQUEST_PROTOCOL='h2',REQUEST_URL='https://oauth.reddit.com/r/aww/hot/.json?after=t3_hz5odc',
08-06 11:51:03.206 28441 31389 D OK      : request got status: 200
08-06 11:51:03.207 28441 31324 I NAPPA_EXPERIMENTATION: MetricNetworkRequestExecutionTime: REQUEST_DURATION_SYSTEM='1442',REQUEST_DURATION_OKHTTP='804',REQUEST_SYNCHRONOUS='TRUE',RESPONSE_CODE='200',RESPONSE_METHOD='GET',RESPONSE_LENGTH_OKHTTP='6163',RESPONSE_LENGTH_HEADER='6163',REQUEST_PROTOCOL='h2',REQUEST_URL='https://b.thumbs.redditmedia.com/chqK3f9u3D7UmfrGP85f4sOQFihMk6q7fFSeMyWs_7E.jpg',
08-06 11:51:03.207 28441 31324 D OK      : request got status: 200
08-06 11:51:03.213 28441 29005 I PostListingFragment: Precaching images: OFF
08-06 11:51:03.213 28441 29005 I PostListingFragment: Precaching comments: OFF
08-06 11:51:03.214 28441 31338 I NAPPA_EXPERIMENTATION: MetricNetworkRequestExecutionTime: REQUEST_DURATION_SYSTEM='1382',REQUEST_DURATION_OKHTTP='525',REQUEST_SYNCHRONOUS='TRUE',RESPONSE_CODE='200',RESPONSE_METHOD='GET',RESPONSE_LENGTH_OKHTTP='2071',RESPONSE_LENGTH_HEADER='2071',REQUEST_PROTOCOL='h2',REQUEST_URL='https://v.redd.it/ty24o02m1hd51/DASHPlaylist.mpd',
08-06 11:51:03.214 28441 31338 D OK      : request got status: 200
08-06 11:51:03.217 28441 31335 I NAPPA_EXPERIMENTATION: MetricNetworkRequestExecutionTime: REQUEST_DURATION_SYSTEM='1416',REQUEST_DURATION_OKHTTP='697',REQUEST_SYNCHRONOUS='TRUE',RESPONSE_CODE='200',RESPONSE_METHOD='GET',RESPONSE_LENGTH_OKHTTP='6778',RESPONSE_LENGTH_HEADER='6778',REQUEST_PROTOCOL='h2',REQUEST_URL='https://b.thumbs.redditmedia.com/189nmwjW7eGWBD0J-cxzsUac1V1ZWGzMFC66inY4u4Y.jpg',
08-06 11:51:03.217 28441 31335 D OK      : request got status: 200
08-06 11:51:03.223 28441 31325 I NAPPA_EXPERIMENTATION: MetricNetworkRequestExecutionTime: REQUEST_DURATION_SYSTEM='1453',REQUEST_DURATION_OKHTTP='696',REQUEST_SYNCHRONOUS='TRUE',RESPONSE_CODE='200',RESPONSE_METHOD='GET',RESPONSE_LENGTH_OKHTTP='8835',RESPONSE_LENGTH_HEADER='8835',REQUEST_PROTOCOL='h2',REQUEST_URL='https://b.thumbs.redditmedia.com/B18Vu5Jw71XCkFOFHimnUC42ya8apHsmcCW-HFmtb6w.jpg',
08-06 11:51:03.223 28441 31325 D OK      : request got status: 200
08-06 11:51:03.233 28441 31332 I NAPPA_EXPERIMENTATION: MetricNetworkRequestExecutionTime: REQUEST_DURATION_SYSTEM='1439',REQUEST_DURATION_OKHTTP='700',REQUEST_SYNCHRONOUS='TRUE',RESPONSE_CODE='200',RESPONSE_METHOD='GET',RESPONSE_LENGTH_OKHTTP='4249',RESPONSE_LENGTH_HEADER='4249',REQUEST_PROTOCOL='h2',REQUEST_URL='https://b.thumbs.redditmedia.com/lMqJbh1Z40ffemA0TnSfVnovznn4hvJNue60AsJ-ETs.jpg',
08-06 11:51:03.233 28441 31332 D OK      : request got status: 200
08-06 11:51:03.258 28441 29230 I art     : Starting a blocking GC Explicit
08-06 11:51:03.266 28441 31334 I NAPPA_EXPERIMENTATION: MetricNetworkRequestExecutionTime: REQUEST_DURATION_SYSTEM='1466',REQUEST_DURATION_OKHTTP='726',REQUEST_SYNCHRONOUS='TRUE',RESPONSE_CODE='200',RESPONSE_METHOD='GET',RESPONSE_LENGTH_OKHTTP='6843',RESPONSE_LENGTH_HEADER='6843',REQUEST_PROTOCOL='h2',REQUEST_URL='https://b.thumbs.redditmedia.com/x5l4cICw0WNNvslt5FqVjwj89XrGjrXnNbaSyQRAyCo.jpg',
08-06 11:51:03.266 28441 31334 D OK      : request got status: 200
08-06 11:51:03.269 28441 31336 I NAPPA_EXPERIMENTATION: MetricNetworkRequestExecutionTime: REQUEST_DURATION_SYSTEM='1450',REQUEST_DURATION_OKHTTP='613',REQUEST_SYNCHRONOUS='TRUE',RESPONSE_CODE='200',RESPONSE_METHOD='GET',RESPONSE_LENGTH_OKHTTP='6221',RESPONSE_LENGTH_HEADER='6221',REQUEST_PROTOCOL='h2',REQUEST_URL='https://b.thumbs.redditmedia.com/d_-UsfmKASoIHi4vZyyjvvwFtm1S7-DEi9AQPOnGIgY.jpg',
08-06 11:51:03.269 28441 31336 D OK      : request got status: 200
08-06 11:51:03.270 28441 31329 I NAPPA_EXPERIMENTATION: MetricNetworkRequestExecutionTime: REQUEST_DURATION_SYSTEM='1488',REQUEST_DURATION_OKHTTP='731',REQUEST_SYNCHRONOUS='TRUE',RESPONSE_CODE='200',RESPONSE_METHOD='GET',RESPONSE_LENGTH_OKHTTP='4067',RESPONSE_LENGTH_HEADER='4067',REQUEST_PROTOCOL='h2',REQUEST_URL='https://b.thumbs.redditmedia.com/XNb1kfskabGDLMqv661Q22hBtCb8w5oyePDcFaZi9aY.jpg',
08-06 11:51:03.270 28441 31329 D OK      : request got status: 200
08-06 11:51:03.271 28441 31333 I RedditVideosAPI: For 'https://v.redd.it/s9qqadf3mid51/DASHPlaylist.mpd', got video stream 'https://v.redd.it/s9qqadf3mid51/DASH_480' and audio stream 'https://v.redd.it/s9qqadf3mid51/audio'
08-06 11:51:03.289 28441 31402 D OK      : calling: https://b.thumbs.redditmedia.com/WehZGjN94ALGdO0M7RjPJ2EwcyyWVZ_NUn1Fuf7IYWY.jpg
08-06 11:51:03.290 28441 29005 I getImgurImageInfo: Image nLQR2hT: trying API v3 with auth
08-06 11:51:03.323 28441 29230 I art     : Explicit concurrent mark sweep GC freed 25131(1967KB) AllocSpace objects, 87(5MB) LOS objects, 30% free, 35MB/51MB, paused 1.762ms total 64.443ms
08-06 11:51:03.327 28441 31339 I RedditVideosAPI: For 'https://v.redd.it/ar5k8892pid51/DASHPlaylist.mpd', got video stream 'https://v.redd.it/ar5k8892pid51/DASH_360' and audio stream 'https://v.redd.it/ar5k8892pid51/audio'
08-06 11:51:03.342 28441 29230 I art     : Starting a blocking GC Explicit
08-06 11:51:03.362 28441 31337 I RedditVideosAPI: For 'https://v.redd.it/b8vazlcb7ld51/DASHPlaylist.mpd', got video stream 'https://v.redd.it/b8vazlcb7ld51/DASH_480' and audio stream 'https://v.redd.it/b8vazlcb7ld51/audio'
08-06 11:51:03.397 28441 29230 I art     : Explicit concurrent mark sweep GC freed 6418(390KB) AllocSpace objects, 10(844KB) LOS objects, 31% free, 35MB/51MB, paused 890us total 55.010ms
08-06 11:51:03.412 28441 31403 D OK      : calling: https://b.thumbs.redditmedia.com/Xdo4lcQOwuUNK1yxSlXZ0OI8u23ORAr16_AzfAZ1nvU.jpg
08-06 11:51:03.418 28441 29230 I art     : Starting a blocking GC Explicit
08-06 11:51:03.421 28441 31338 I RedditVideosAPI: For 'https://v.redd.it/ty24o02m1hd51/DASHPlaylist.mpd', got video stream 'https://v.redd.it/ty24o02m1hd51/DASH_480' and audio stream 'null'
08-06 11:51:03.433 28441 31402 I NAPPA_EXPERIMENTATION: MetricNetworkRequestExecutionTime: REQUEST_DURATION_SYSTEM='144',REQUEST_DURATION_OKHTTP='142',REQUEST_SYNCHRONOUS='TRUE',RESPONSE_CODE='200',RESPONSE_METHOD='GET',RESPONSE_LENGTH_OKHTTP='5435',RESPONSE_LENGTH_HEADER='5435',REQUEST_PROTOCOL='h2',REQUEST_URL='https://b.thumbs.redditmedia.com/WehZGjN94ALGdO0M7RjPJ2EwcyyWVZ_NUn1Fuf7IYWY.jpg',
08-06 11:51:03.433 28441 31402 D OK      : request got status: 200
08-06 11:51:03.472 28441 29230 I art     : Explicit concurrent mark sweep GC freed 1601(216KB) AllocSpace objects, 15(892KB) LOS objects, 30% free, 36MB/52MB, paused 804us total 54.359ms
08-06 11:51:03.492 28441 29230 I art     : Starting a blocking GC Explicit
08-06 11:51:03.497 28441 31405 D OK      : calling: https://b.thumbs.redditmedia.com/2KMYZ5hTlKXSvNO4hDUPyMba8Yz6skyu1SjUhLq1d9s.jpg
08-06 11:51:03.515 28441 31406 D OK      : calling: https://a.thumbs.redditmedia.com/EFVm-ZqqhARyEaKgtwU74c7tfzEDJvI0uiHXGglFag4.jpg
08-06 11:51:03.524 28441 31407 D OK      : calling: https://b.thumbs.redditmedia.com/qi4bNDKzoPvaSaSx99K2bAjwaRHh1nuOrcbySp1JHdk.jpg
08-06 11:51:03.526 28441 31408 D OK      : calling: https://b.thumbs.redditmedia.com/Ja8yiRMklM2lXd8q60LtBI6CqdmJ5YbWHRiBVFmICJA.jpg
08-06 11:51:03.529 28441 31409 D OK      : calling: https://b.thumbs.redditmedia.com/o5lSsJ_tCgCQxcdjMGaYxuveNluXB1PQT4PokXDhpvc.jpg
08-06 11:51:03.531 28441 31410 D OK      : calling: https://b.thumbs.redditmedia.com/SiCWTmKkQcbiAa7naxAHnw0adTeRkq1dB8QSqzGU7-Q.jpg
08-06 11:51:03.533 28441 31411 D OK      : calling: https://b.thumbs.redditmedia.com/C9qrVibnNxmzfLDKvEHp2v2Bo-Kqme7PoKC52s2o52M.jpg
08-06 11:51:03.536 28441 31412 D OK      : calling: https://a.thumbs.redditmedia.com/Tfsm0ol-ltlxNSBAkZ_4G4302d0hYeOSODkvXidBBR8.jpg
08-06 11:51:03.539 28441 31413 D OK      : calling: https://a.thumbs.redditmedia.com/Kzag-wH9wKRRg2MnPwgoFgXT_2jN_nkJ1lY1aNRQyT4.jpg
08-06 11:51:03.543 28441 31414 D OK      : calling: https://a.thumbs.redditmedia.com/P4gSGpXpi2wDXthNZ-LiwEs5Jvplm6dQ7W7Isqa7un4.jpg
08-06 11:51:03.545 28441 29230 I art     : Explicit concurrent mark sweep GC freed 4499(408KB) AllocSpace objects, 27(1748KB) LOS objects, 30% free, 36MB/52MB, paused 1.305ms total 53.145ms
08-06 11:51:03.546 28441 31415 D OK      : calling: https://b.thumbs.redditmedia.com/XkIhgqugP-9Zcb5I9A8o0r-zQJDh_6kastc0oWiiHkI.jpg
08-06 11:51:03.549 28441 31416 D OK      : calling: https://b.thumbs.redditmedia.com/3QPAtixkID9ojpqCAgfspJpruqoq45fM1G-Fx1K2F2A.jpg
08-06 11:51:03.552 28441 31417 D OK      : calling: https://b.thumbs.redditmedia.com/orK4W8Xc99pTzIT6q1waTsppldq24p1qMsHtkNnmu9w.jpg
08-06 11:51:03.554 28441 31418 D OK      : calling: https://b.thumbs.redditmedia.com/B1vXKY_-gTPbs625-RJ1MLIXxzCqfmnCB_0xnGjCECQ.jpg
08-06 11:51:03.557 28441 31419 D OK      : calling: https://a.thumbs.redditmedia.com/ffAKmOqnTuDMNR9MRfCdRtkq_CzN3MVhZxS64ZPYRh4.jpg
08-06 11:51:03.559 28441 31420 D OK      : calling: https://b.thumbs.redditmedia.com/OF1KI_LdSDMMWCy-WgJyRhIcM5fr7kDyu_OnpfRXHfI.jpg
08-06 11:51:03.562 28441 31421 D OK      : calling: https://b.thumbs.redditmedia.com/vuAhA4gGAmYfrTFA4woxZcKgmiDzJ3nAsql2pxcYGFs.jpg
08-06 11:51:03.564 28441 31422 D OK      : calling: https://b.thumbs.redditmedia.com/PtV7mFsO2n0j4YJweZjEqyVJ45hap4hXix9dwj6D0Wg.jpg
08-06 11:51:03.566 28441 31423 D OK      : calling: https://b.thumbs.redditmedia.com/wxTBcOhAgsmbc-TRaGNHpYJYnEOBr2LNsaZ6pCM91Lc.jpg
08-06 11:51:03.567 28441 29230 I art     : Starting a blocking GC Explicit
08-06 11:51:03.571 28441 31424 D OK      : calling: https://b.thumbs.redditmedia.com/Wo7bFIVNZYYuNioRYwZFYxrl6QMk0lT-3W01wrXgHmE.jpg
08-06 11:51:03.574 28441 31425 D OK      : calling: https://b.thumbs.redditmedia.com/NoqMycYTzsyhI0Lq351riEI1mO9p8PvY1QwcZ9Irb9g.jpg
08-06 11:51:03.576 28441 31426 D OK      : calling: https://b.thumbs.redditmedia.com/KrRufqpifph7KM2Le5RdqEYQb24zbB4fizBJpFaH1Pc.jpg
08-06 11:51:03.579 28441 31427 D OK      : calling: https://b.thumbs.redditmedia.com/u2qz17QE3X5G7kkJrgK3HPCdxNQxNkhaWqfIhCuRMvE.jpg
08-06 11:51:03.581 28441 31428 D OK      : calling: https://v.redd.it/syww111dtjd51/DASHPlaylist.mpd
08-06 11:51:03.583 28441 31429 D OK      : calling: https://v.redd.it/pbqrrfb3tkd51/DASHPlaylist.mpd
08-06 11:51:03.585 28441 31430 D OK      : calling: https://v.redd.it/rrygsb8i4ld51/DASHPlaylist.mpd
08-06 11:51:03.587 28441 31431 D OK      : calling: https://v.redd.it/5x6zzipz8ld51/DASHPlaylist.mpd
08-06 11:51:03.589 28441 31432 D OK      : calling: https://v.redd.it/75en73fm5id51/DASHPlaylist.mpd
08-06 11:51:03.591 28441 31433 D OK      : calling: https://api.imgur.com/3/image/nLQR2hT
08-06 11:51:03.594 28441 31434 D OK      : calling: https://v.redd.it/ggz4fyth6hd51/DASHPlaylist.mpd
08-06 11:51:03.594 28441 31403 I NAPPA_EXPERIMENTATION: MetricNetworkRequestExecutionTime: REQUEST_DURATION_SYSTEM='182',REQUEST_DURATION_OKHTTP='181',REQUEST_SYNCHRONOUS='TRUE',RESPONSE_CODE='200',RESPONSE_METHOD='GET',RESPONSE_LENGTH_OKHTTP='5191',RESPONSE_LENGTH_HEADER='5191',REQUEST_PROTOCOL='h2',REQUEST_URL='https://b.thumbs.redditmedia.com/Xdo4lcQOwuUNK1yxSlXZ0OI8u23ORAr16_AzfAZ1nvU.jpg',
08-06 11:51:03.595 28441 31403 D OK      : request got status: 200
08-06 11:51:03.596 28441 31435 D OK      : calling: https://v.redd.it/psrknoobrgd51/DASHPlaylist.mpd
08-06 11:51:03.599 28441 31436 D OK      : calling: https://v.redd.it/jk6cwef4wld51/DASHPlaylist.mpd
08-06 11:51:03.600 28441 31437 D OK      : calling: https://v.redd.it/t81s8zfz9ld51/DASHPlaylist.mpd
08-06 11:51:03.603 28441 31438 D OK      : calling: https://v.redd.it/xd6c4yyutgd51/DASHPlaylist.mpd
08-06 11:51:03.605 28441 31439 D OK      : calling: https://v.redd.it/ue0jdgk9zhd51/DASHPlaylist.mpd
08-06 11:51:03.621 28441 29230 I art     : Explicit concurrent mark sweep GC freed 23333(1147KB) AllocSpace objects, 7(440KB) LOS objects, 30% free, 35MB/51MB, paused 2.757ms total 53.998ms
08-06 11:51:03.681 28441 31405 I NAPPA_EXPERIMENTATION: MetricNetworkRequestExecutionTime: REQUEST_DURATION_SYSTEM='184',REQUEST_DURATION_OKHTTP='183',REQUEST_SYNCHRONOUS='TRUE',RESPONSE_CODE='200',RESPONSE_METHOD='GET',RESPONSE_LENGTH_OKHTTP='5098',RESPONSE_LENGTH_HEADER='5098',REQUEST_PROTOCOL='h2',REQUEST_URL='https://b.thumbs.redditmedia.com/2KMYZ5hTlKXSvNO4hDUPyMba8Yz6skyu1SjUhLq1d9s.jpg',
08-06 11:51:03.681 28441 31405 D OK      : request got status: 200
08-06 11:51:03.805 28441 31407 I NAPPA_EXPERIMENTATION: MetricNetworkRequestExecutionTime: REQUEST_DURATION_SYSTEM='281',REQUEST_DURATION_OKHTTP='280',REQUEST_SYNCHRONOUS='TRUE',RESPONSE_CODE='200',RESPONSE_METHOD='GET',RESPONSE_LENGTH_OKHTTP='4475',RESPONSE_LENGTH_HEADER='4475',REQUEST_PROTOCOL='h2',REQUEST_URL='https://b.thumbs.redditmedia.com/qi4bNDKzoPvaSaSx99K2bAjwaRHh1nuOrcbySp1JHdk.jpg',
08-06 11:51:03.805 28441 31407 D OK      : request got status: 200
08-06 11:51:03.807 28441 31408 I NAPPA_EXPERIMENTATION: MetricNetworkRequestExecutionTime: REQUEST_DURATION_SYSTEM='281',REQUEST_DURATION_OKHTTP='280',REQUEST_SYNCHRONOUS='TRUE',RESPONSE_CODE='200',RESPONSE_METHOD='GET',RESPONSE_LENGTH_OKHTTP='5414',RESPONSE_LENGTH_HEADER='5414',REQUEST_PROTOCOL='h2',REQUEST_URL='https://b.thumbs.redditmedia.com/Ja8yiRMklM2lXd8q60LtBI6CqdmJ5YbWHRiBVFmICJA.jpg',
08-06 11:51:03.808 28441 31408 D OK      : request got status: 200
08-06 11:51:03.853 28441 31411 I NAPPA_EXPERIMENTATION: MetricNetworkRequestExecutionTime: REQUEST_DURATION_SYSTEM='320',REQUEST_DURATION_OKHTTP='319',REQUEST_SYNCHRONOUS='TRUE',RESPONSE_CODE='200',RESPONSE_METHOD='GET',RESPONSE_LENGTH_OKHTTP='5378',RESPONSE_LENGTH_HEADER='5378',REQUEST_PROTOCOL='h2',REQUEST_URL='https://b.thumbs.redditmedia.com/C9qrVibnNxmzfLDKvEHp2v2Bo-Kqme7PoKC52s2o52M.jpg',
08-06 11:51:03.853 28441 31411 D OK      : request got status: 200
08-06 11:51:03.897 28441 31410 I NAPPA_EXPERIMENTATION: MetricNetworkRequestExecutionTime: REQUEST_DURATION_SYSTEM='366',REQUEST_DURATION_OKHTTP='365',REQUEST_SYNCHRONOUS='TRUE',RESPONSE_CODE='200',RESPONSE_METHOD='GET',RESPONSE_LENGTH_OKHTTP='5968',RESPONSE_LENGTH_HEADER='5968',REQUEST_PROTOCOL='h2',REQUEST_URL='https://b.thumbs.redditmedia.com/SiCWTmKkQcbiAa7naxAHnw0adTeRkq1dB8QSqzGU7-Q.jpg',
08-06 11:51:03.897 28441 31410 D OK      : request got status: 200
08-06 11:51:03.979 28441 28667 I art     : Starting a blocking GC Explicit
08-06 11:51:04.058 28441 28667 I art     : Explicit concurrent mark sweep GC freed 4414(421KB) AllocSpace objects, 17(1280KB) LOS objects, 30% free, 36MB/52MB, paused 2.370ms total 78.386ms
08-06 11:51:04.079 28441 28667 I art     : Starting a blocking GC Explicit
08-06 11:51:04.145 28441 28667 I art     : Explicit concurrent mark sweep GC freed 102(3KB) AllocSpace objects, 0(0B) LOS objects, 30% free, 36MB/52MB, paused 2.305ms total 65.378ms
08-06 11:51:04.151 28441 31416 I NAPPA_EXPERIMENTATION: MetricNetworkRequestExecutionTime: REQUEST_DURATION_SYSTEM='602',REQUEST_DURATION_OKHTTP='600',REQUEST_SYNCHRONOUS='TRUE',RESPONSE_CODE='200',RESPONSE_METHOD='GET',RESPONSE_LENGTH_OKHTTP='3183',RESPONSE_LENGTH_HEADER='3183',REQUEST_PROTOCOL='h2',REQUEST_URL='https://b.thumbs.redditmedia.com/3QPAtixkID9ojpqCAgfspJpruqoq45fM1G-Fx1K2F2A.jpg',
08-06 11:51:04.152 28441 31416 D OK      : request got status: 200
08-06 11:51:04.155 28441 31417 I NAPPA_EXPERIMENTATION: MetricNetworkRequestExecutionTime: REQUEST_DURATION_SYSTEM='603',REQUEST_DURATION_OKHTTP='602',REQUEST_SYNCHRONOUS='TRUE',RESPONSE_CODE='200',RESPONSE_METHOD='GET',RESPONSE_LENGTH_OKHTTP='6654',RESPONSE_LENGTH_HEADER='6654',REQUEST_PROTOCOL='h2',REQUEST_URL='https://b.thumbs.redditmedia.com/orK4W8Xc99pTzIT6q1waTsppldq24p1qMsHtkNnmu9w.jpg',
08-06 11:51:04.156 28441 31417 D OK      : request got status: 200
08-06 11:51:04.161 28441 31409 I NAPPA_EXPERIMENTATION: MetricNetworkRequestExecutionTime: REQUEST_DURATION_SYSTEM='632',REQUEST_DURATION_OKHTTP='631',REQUEST_SYNCHRONOUS='TRUE',RESPONSE_CODE='200',RESPONSE_METHOD='GET',RESPONSE_LENGTH_OKHTTP='4921',RESPONSE_LENGTH_HEADER='4921',REQUEST_PROTOCOL='h2',REQUEST_URL='https://b.thumbs.redditmedia.com/o5lSsJ_tCgCQxcdjMGaYxuveNluXB1PQT4PokXDhpvc.jpg',
08-06 11:51:04.161 28441 31415 I NAPPA_EXPERIMENTATION: MetricNetworkRequestExecutionTime: REQUEST_DURATION_SYSTEM='612',REQUEST_DURATION_OKHTTP='610',REQUEST_SYNCHRONOUS='TRUE',RESPONSE_CODE='200',RESPONSE_METHOD='GET',RESPONSE_LENGTH_OKHTTP='4080',RESPONSE_LENGTH_HEADER='4080',REQUEST_PROTOCOL='h2',REQUEST_URL='https://b.thumbs.redditmedia.com/XkIhgqugP-9Zcb5I9A8o0r-zQJDh_6kastc0oWiiHkI.jpg',
08-06 11:51:04.161 28441 31409 D OK      : request got status: 200
08-06 11:51:04.163 28441 31415 D OK      : request got status: 200
08-06 11:51:04.165 28441 28667 I art     : Starting a blocking GC Explicit
08-06 11:51:04.227 28441 28667 I art     : Explicit concurrent mark sweep GC freed 13592(598KB) AllocSpace objects, 7(476KB) LOS objects, 30% free, 36MB/52MB, paused 2.802ms total 58.848ms
08-06 11:51:04.245 28441 28667 I art     : Starting a blocking GC Explicit
08-06 11:51:04.299 28441 28667 I art     : Explicit concurrent mark sweep GC freed 1745(247KB) AllocSpace objects, 6(404KB) LOS objects, 30% free, 37MB/53MB, paused 2.132ms total 53.448ms
08-06 11:51:04.312 28441 31418 I NAPPA_EXPERIMENTATION: MetricNetworkRequestExecutionTime: REQUEST_DURATION_SYSTEM='758',REQUEST_DURATION_OKHTTP='757',REQUEST_SYNCHRONOUS='TRUE',RESPONSE_CODE='200',RESPONSE_METHOD='GET',RESPONSE_LENGTH_OKHTTP='3864',RESPONSE_LENGTH_HEADER='3864',REQUEST_PROTOCOL='h2',REQUEST_URL='https://b.thumbs.redditmedia.com/B1vXKY_-gTPbs625-RJ1MLIXxzCqfmnCB_0xnGjCECQ.jpg',
08-06 11:51:04.313 28441 31418 D OK      : request got status: 200
08-06 11:51:04.318 28441 28667 I art     : Starting a blocking GC Explicit
08-06 11:51:04.336 28441 31420 I NAPPA_EXPERIMENTATION: MetricNetworkRequestExecutionTime: REQUEST_DURATION_SYSTEM='777',REQUEST_DURATION_OKHTTP='775',REQUEST_SYNCHRONOUS='TRUE',RESPONSE_CODE='200',RESPONSE_METHOD='GET',RESPONSE_LENGTH_OKHTTP='5125',RESPONSE_LENGTH_HEADER='5125',REQUEST_PROTOCOL='h2',REQUEST_URL='https://b.thumbs.redditmedia.com/OF1KI_LdSDMMWCy-WgJyRhIcM5fr7kDyu_OnpfRXHfI.jpg',
08-06 11:51:04.336 28441 31420 D OK      : request got status: 200
08-06 11:51:04.343 28441 31421 I NAPPA_EXPERIMENTATION: MetricNetworkRequestExecutionTime: REQUEST_DURATION_SYSTEM='781',REQUEST_DURATION_OKHTTP='781',REQUEST_SYNCHRONOUS='TRUE',RESPONSE_CODE='200',RESPONSE_METHOD='GET',RESPONSE_LENGTH_OKHTTP='6723',RESPONSE_LENGTH_HEADER='6723',REQUEST_PROTOCOL='h2',REQUEST_URL='https://b.thumbs.redditmedia.com/vuAhA4gGAmYfrTFA4woxZcKgmiDzJ3nAsql2pxcYGFs.jpg',
08-06 11:51:04.343 28441 31421 D OK      : request got status: 200
08-06 11:51:04.370 28441 28667 I art     : Explicit concurrent mark sweep GC freed 2090(271KB) AllocSpace objects, 29(2MB) LOS objects, 29% free, 38MB/54MB, paused 1.936ms total 51.329ms
08-06 11:51:04.393 28441 31422 I NAPPA_EXPERIMENTATION: MetricNetworkRequestExecutionTime: REQUEST_DURATION_SYSTEM='828',REQUEST_DURATION_OKHTTP='827',REQUEST_SYNCHRONOUS='TRUE',RESPONSE_CODE='200',RESPONSE_METHOD='GET',RESPONSE_LENGTH_OKHTTP='5329',RESPONSE_LENGTH_HEADER='5329',REQUEST_PROTOCOL='h2',REQUEST_URL='https://b.thumbs.redditmedia.com/PtV7mFsO2n0j4YJweZjEqyVJ45hap4hXix9dwj6D0Wg.jpg',
08-06 11:51:04.393 28441 31422 D OK      : request got status: 200
08-06 11:51:04.479 28441 31423 I NAPPA_EXPERIMENTATION: MetricNetworkRequestExecutionTime: REQUEST_DURATION_SYSTEM='913',REQUEST_DURATION_OKHTTP='911',REQUEST_SYNCHRONOUS='TRUE',RESPONSE_CODE='200',RESPONSE_METHOD='GET',RESPONSE_LENGTH_OKHTTP='6316',RESPONSE_LENGTH_HEADER='6316',REQUEST_PROTOCOL='h2',REQUEST_URL='https://b.thumbs.redditmedia.com/wxTBcOhAgsmbc-TRaGNHpYJYnEOBr2LNsaZ6pCM91Lc.jpg',
08-06 11:51:04.479 28441 31423 D OK      : request got status: 200
08-06 11:51:04.491 28441 31425 I NAPPA_EXPERIMENTATION: MetricNetworkRequestExecutionTime: REQUEST_DURATION_SYSTEM='917',REQUEST_DURATION_OKHTTP='916',REQUEST_SYNCHRONOUS='TRUE',RESPONSE_CODE='200',RESPONSE_METHOD='GET',RESPONSE_LENGTH_OKHTTP='5648',RESPONSE_LENGTH_HEADER='5648',REQUEST_PROTOCOL='h2',REQUEST_URL='https://b.thumbs.redditmedia.com/NoqMycYTzsyhI0Lq351riEI1mO9p8PvY1QwcZ9Irb9g.jpg',
08-06 11:51:04.492 28441 31425 D OK      : request got status: 200
08-06 11:51:04.510 28441 31424 I NAPPA_EXPERIMENTATION: MetricNetworkRequestExecutionTime: REQUEST_DURATION_SYSTEM='939',REQUEST_DURATION_OKHTTP='938',REQUEST_SYNCHRONOUS='TRUE',RESPONSE_CODE='200',RESPONSE_METHOD='GET',RESPONSE_LENGTH_OKHTTP='7815',RESPONSE_LENGTH_HEADER='7815',REQUEST_PROTOCOL='h2',REQUEST_URL='https://b.thumbs.redditmedia.com/Wo7bFIVNZYYuNioRYwZFYxrl6QMk0lT-3W01wrXgHmE.jpg',
08-06 11:51:04.511 28441 31424 D OK      : request got status: 200
08-06 11:51:04.537 28441 31426 I NAPPA_EXPERIMENTATION: MetricNetworkRequestExecutionTime: REQUEST_DURATION_SYSTEM='961',REQUEST_DURATION_OKHTTP='960',REQUEST_SYNCHRONOUS='TRUE',RESPONSE_CODE='200',RESPONSE_METHOD='GET',RESPONSE_LENGTH_OKHTTP='5198',RESPONSE_LENGTH_HEADER='5198',REQUEST_PROTOCOL='h2',REQUEST_URL='https://b.thumbs.redditmedia.com/KrRufqpifph7KM2Le5RdqEYQb24zbB4fizBJpFaH1Pc.jpg',
08-06 11:51:04.538 28441 31426 D OK      : request got status: 200
08-06 11:51:04.566 28441 31427 I NAPPA_EXPERIMENTATION: MetricNetworkRequestExecutionTime: REQUEST_DURATION_SYSTEM='987',REQUEST_DURATION_OKHTTP='987',REQUEST_SYNCHRONOUS='TRUE',RESPONSE_CODE='200',RESPONSE_METHOD='GET',RESPONSE_LENGTH_OKHTTP='5579',RESPONSE_LENGTH_HEADER='5579',REQUEST_PROTOCOL='h2',REQUEST_URL='https://b.thumbs.redditmedia.com/u2qz17QE3X5G7kkJrgK3HPCdxNQxNkhaWqfIhCuRMvE.jpg',
08-06 11:51:04.566 28441 31427 D OK      : request got status: 200
08-06 11:51:04.575 28441 31419 I NAPPA_EXPERIMENTATION: MetricNetworkRequestExecutionTime: REQUEST_DURATION_SYSTEM='1018',REQUEST_DURATION_OKHTTP='367',REQUEST_SYNCHRONOUS='TRUE',RESPONSE_CODE='200',RESPONSE_METHOD='GET',RESPONSE_LENGTH_OKHTTP='4470',RESPONSE_LENGTH_HEADER='4470',REQUEST_PROTOCOL='h2',REQUEST_URL='https://a.thumbs.redditmedia.com/ffAKmOqnTuDMNR9MRfCdRtkq_CzN3MVhZxS64ZPYRh4.jpg',
08-06 11:51:04.575 28441 31419 D OK      : request got status: 200
08-06 11:51:04.605 28441 31406 I NAPPA_EXPERIMENTATION: MetricNetworkRequestExecutionTime: REQUEST_DURATION_SYSTEM='1089',REQUEST_DURATION_OKHTTP='407',REQUEST_SYNCHRONOUS='TRUE',RESPONSE_CODE='200',RESPONSE_METHOD='GET',RESPONSE_LENGTH_OKHTTP='5307',RESPONSE_LENGTH_HEADER='5307',REQUEST_PROTOCOL='h2',REQUEST_URL='https://a.thumbs.redditmedia.com/EFVm-ZqqhARyEaKgtwU74c7tfzEDJvI0uiHXGglFag4.jpg',
08-06 11:51:04.606 28441 31406 D OK      : request got status: 200
08-06 11:51:04.619 28441 31412 I NAPPA_EXPERIMENTATION: MetricNetworkRequestExecutionTime: REQUEST_DURATION_SYSTEM='1083',REQUEST_DURATION_OKHTTP='400',REQUEST_SYNCHRONOUS='TRUE',RESPONSE_CODE='200',RESPONSE_METHOD='GET',RESPONSE_LENGTH_OKHTTP='7540',RESPONSE_LENGTH_HEADER='7540',REQUEST_PROTOCOL='h2',REQUEST_URL='https://a.thumbs.redditmedia.com/Tfsm0ol-ltlxNSBAkZ_4G4302d0hYeOSODkvXidBBR8.jpg',
08-06 11:51:04.619 28441 31412 D OK      : request got status: 200
08-06 11:51:04.671 28441 31428 I NAPPA_EXPERIMENTATION: MetricNetworkRequestExecutionTime: REQUEST_DURATION_SYSTEM='1090',REQUEST_DURATION_OKHTTP='447',REQUEST_SYNCHRONOUS='TRUE',RESPONSE_CODE='200',RESPONSE_METHOD='GET',RESPONSE_LENGTH_OKHTTP='2696',RESPONSE_LENGTH_HEADER='2696',REQUEST_PROTOCOL='h2',REQUEST_URL='https://v.redd.it/syww111dtjd51/DASHPlaylist.mpd',
08-06 11:51:04.672 28441 31428 D OK      : request got status: 200
08-06 11:51:04.678 28441 31414 I NAPPA_EXPERIMENTATION: MetricNetworkRequestExecutionTime: REQUEST_DURATION_SYSTEM='1135',REQUEST_DURATION_OKHTTP='456',REQUEST_SYNCHRONOUS='TRUE',RESPONSE_CODE='200',RESPONSE_METHOD='GET',RESPONSE_LENGTH_OKHTTP='5641',RESPONSE_LENGTH_HEADER='5641',REQUEST_PROTOCOL='h2',REQUEST_URL='https://a.thumbs.redditmedia.com/P4gSGpXpi2wDXthNZ-LiwEs5Jvplm6dQ7W7Isqa7un4.jpg',
08-06 11:51:04.678 28441 31414 D OK      : request got status: 200
08-06 11:51:04.707 28441 31413 I NAPPA_EXPERIMENTATION: MetricNetworkRequestExecutionTime: REQUEST_DURATION_SYSTEM='1167',REQUEST_DURATION_OKHTTP='482',REQUEST_SYNCHRONOUS='TRUE',RESPONSE_CODE='200',RESPONSE_METHOD='GET',RESPONSE_LENGTH_OKHTTP='3635',RESPONSE_LENGTH_HEADER='3635',REQUEST_PROTOCOL='h2',REQUEST_URL='https://a.thumbs.redditmedia.com/Kzag-wH9wKRRg2MnPwgoFgXT_2jN_nkJ1lY1aNRQyT4.jpg',
08-06 11:51:04.707 28441 31413 D OK      : request got status: 200
08-06 11:51:04.720 28441 31429 I NAPPA_EXPERIMENTATION: MetricNetworkRequestExecutionTime: REQUEST_DURATION_SYSTEM='1137',REQUEST_DURATION_OKHTTP='493',REQUEST_SYNCHRONOUS='TRUE',RESPONSE_CODE='200',RESPONSE_METHOD='GET',RESPONSE_LENGTH_OKHTTP='2071',RESPONSE_LENGTH_HEADER='2071',REQUEST_PROTOCOL='h2',REQUEST_URL='https://v.redd.it/pbqrrfb3tkd51/DASHPlaylist.mpd',
08-06 11:51:04.720 28441 31429 D OK      : request got status: 200
08-06 11:51:04.724 28441 28453 I art     : Starting a blocking GC Explicit
08-06 11:51:04.770 28441 31428 I RedditVideosAPI: For 'https://v.redd.it/syww111dtjd51/DASHPlaylist.mpd', got video stream 'https://v.redd.it/syww111dtjd51/DASH_480' and audio stream 'https://v.redd.it/syww111dtjd51/audio'
08-06 11:51:04.777 28441 28453 I art     : Explicit concurrent mark sweep GC freed 26494(1702KB) AllocSpace objects, 62(3MB) LOS objects, 28% free, 40MB/56MB, paused 1.167ms total 52.281ms
08-06 11:51:04.787 28441 31429 I RedditVideosAPI: For 'https://v.redd.it/pbqrrfb3tkd51/DASHPlaylist.mpd', got video stream 'https://v.redd.it/pbqrrfb3tkd51/DASH_480' and audio stream 'null'
08-06 11:51:04.795 28441 28453 I art     : Starting a blocking GC Explicit
08-06 11:51:04.845 28441 28453 I art     : Explicit concurrent mark sweep GC freed 2299(253KB) AllocSpace objects, 14(968KB) LOS objects, 28% free, 39MB/55MB, paused 1.067ms total 49.530ms
08-06 11:51:04.864 28441 28453 I art     : Starting a blocking GC Explicit
08-06 11:51:04.868 28441 31430 I NAPPA_EXPERIMENTATION: MetricNetworkRequestExecutionTime: REQUEST_DURATION_SYSTEM='1283',REQUEST_DURATION_OKHTTP='224',REQUEST_SYNCHRONOUS='TRUE',RESPONSE_CODE='200',RESPONSE_METHOD='GET',RESPONSE_LENGTH_OKHTTP='3060',RESPONSE_LENGTH_HEADER='3060',REQUEST_PROTOCOL='h2',REQUEST_URL='https://v.redd.it/rrygsb8i4ld51/DASHPlaylist.mpd',
08-06 11:51:04.868 28441 31430 D OK      : request got status: 200
08-06 11:51:04.890 28441 31430 I RedditVideosAPI: For 'https://v.redd.it/rrygsb8i4ld51/DASHPlaylist.mpd', got video stream 'https://v.redd.it/rrygsb8i4ld51/DASH_480' and audio stream 'https://v.redd.it/rrygsb8i4ld51/audio'
08-06 11:51:04.903 28441 31434 I NAPPA_EXPERIMENTATION: MetricNetworkRequestExecutionTime: REQUEST_DURATION_SYSTEM='1308',REQUEST_DURATION_OKHTTP='257',REQUEST_SYNCHRONOUS='TRUE',RESPONSE_CODE='200',RESPONSE_METHOD='GET',RESPONSE_LENGTH_OKHTTP='1713',RESPONSE_LENGTH_HEADER='1713',REQUEST_PROTOCOL='h2',REQUEST_URL='https://v.redd.it/ggz4fyth6hd51/DASHPlaylist.mpd',
08-06 11:51:04.903 28441 31434 D OK      : request got status: 200
08-06 11:51:04.917 28441 28453 I art     : Explicit concurrent mark sweep GC freed 638(84KB) AllocSpace objects, 3(204KB) LOS objects, 28% free, 40MB/56MB, paused 1.045ms total 52.864ms
08-06 11:51:04.937 28441 28453 I art     : Starting a blocking GC Explicit
08-06 11:51:04.941 28441 31435 I NAPPA_EXPERIMENTATION: MetricNetworkRequestExecutionTime: REQUEST_DURATION_SYSTEM='1344',REQUEST_DURATION_OKHTTP='253',REQUEST_SYNCHRONOUS='TRUE',RESPONSE_CODE='200',RESPONSE_METHOD='GET',RESPONSE_LENGTH_OKHTTP='2427',RESPONSE_LENGTH_HEADER='2427',REQUEST_PROTOCOL='h2',REQUEST_URL='https://v.redd.it/psrknoobrgd51/DASHPlaylist.mpd',
08-06 11:51:04.941 28441 31435 D OK      : request got status: 200
08-06 11:51:04.959 28441 31431 I NAPPA_EXPERIMENTATION: MetricNetworkRequestExecutionTime: REQUEST_DURATION_SYSTEM='1370',REQUEST_DURATION_OKHTTP='278',REQUEST_SYNCHRONOUS='TRUE',RESPONSE_CODE='200',RESPONSE_METHOD='GET',RESPONSE_LENGTH_OKHTTP='2789',RESPONSE_LENGTH_HEADER='2789',REQUEST_PROTOCOL='h2',REQUEST_URL='https://v.redd.it/5x6zzipz8ld51/DASHPlaylist.mpd',
08-06 11:51:04.959 28441 31431 D OK      : request got status: 200
08-06 11:51:04.961 28441 31432 I NAPPA_EXPERIMENTATION: MetricNetworkRequestExecutionTime: REQUEST_DURATION_SYSTEM='1372',REQUEST_DURATION_OKHTTP='262',REQUEST_SYNCHRONOUS='TRUE',RESPONSE_CODE='200',RESPONSE_METHOD='GET',RESPONSE_LENGTH_OKHTTP='2700',RESPONSE_LENGTH_HEADER='2700',REQUEST_PROTOCOL='h2',REQUEST_URL='https://v.redd.it/75en73fm5id51/DASHPlaylist.mpd',
08-06 11:51:04.961 28441 31432 D OK      : request got status: 200
08-06 11:51:04.980 28441 31434 I RedditVideosAPI: For 'https://v.redd.it/ggz4fyth6hd51/DASHPlaylist.mpd', got video stream 'https://v.redd.it/ggz4fyth6hd51/DASH_360' and audio stream 'null'
08-06 11:51:04.986 28441 28453 I art     : Explicit concurrent mark sweep GC freed 722(84KB) AllocSpace objects, 4(272KB) LOS objects, 28% free, 40MB/56MB, paused 948us total 49.194ms
08-06 11:51:04.987 28441 31436 I NAPPA_EXPERIMENTATION: MetricNetworkRequestExecutionTime: REQUEST_DURATION_SYSTEM='1388',REQUEST_DURATION_OKHTTP='279',REQUEST_SYNCHRONOUS='TRUE',RESPONSE_CODE='200',RESPONSE_METHOD='GET',RESPONSE_LENGTH_OKHTTP='2071',RESPONSE_LENGTH_HEADER='2071',REQUEST_PROTOCOL='h2',REQUEST_URL='https://v.redd.it/jk6cwef4wld51/DASHPlaylist.mpd',
08-06 11:51:04.987 28441 31436 D OK      : request got status: 200
08-06 11:51:04.988 28441 31435 I RedditVideosAPI: For 'https://v.redd.it/psrknoobrgd51/DASHPlaylist.mpd', got video stream 'https://v.redd.it/psrknoobrgd51/DASH_480' and audio stream 'null'
08-06 11:51:05.005 28441 28453 I art     : Starting a blocking GC Explicit
08-06 11:51:05.005 28441 31431 I RedditVideosAPI: For 'https://v.redd.it/5x6zzipz8ld51/DASHPlaylist.mpd', got video stream 'https://v.redd.it/5x6zzipz8ld51/DASH_480' and audio stream 'null'
08-06 11:51:05.018 28441 31439 I NAPPA_EXPERIMENTATION: MetricNetworkRequestExecutionTime: REQUEST_DURATION_SYSTEM='1412',REQUEST_DURATION_OKHTTP='278',REQUEST_SYNCHRONOUS='TRUE',RESPONSE_CODE='200',RESPONSE_METHOD='GET',RESPONSE_LENGTH_OKHTTP='2344',RESPONSE_LENGTH_HEADER='2344',REQUEST_PROTOCOL='h2',REQUEST_URL='https://v.redd.it/ue0jdgk9zhd51/DASHPlaylist.mpd',
08-06 11:51:05.018 28441 31433 I NAPPA_EXPERIMENTATION: MetricNetworkRequestExecutionTime: REQUEST_DURATION_SYSTEM='1426',REQUEST_DURATION_OKHTTP='319',REQUEST_SYNCHRONOUS='TRUE',RESPONSE_CODE='200',RESPONSE_METHOD='GET',RESPONSE_LENGTH_OKHTTP='-1',RESPONSE_LENGTH_HEADER='377',REQUEST_PROTOCOL='h2',REQUEST_URL='https://api.imgur.com/3/image/nLQR2hT',
08-06 11:51:05.018 28441 31433 D OK      : request got status: 200
08-06 11:51:05.018 28441 31439 D OK      : request got status: 200
08-06 11:51:05.030 28441 31437 I NAPPA_EXPERIMENTATION: MetricNetworkRequestExecutionTime: REQUEST_DURATION_SYSTEM='1429',REQUEST_DURATION_OKHTTP='298',REQUEST_SYNCHRONOUS='TRUE',RESPONSE_CODE='200',RESPONSE_METHOD='GET',RESPONSE_LENGTH_OKHTTP='3058',RESPONSE_LENGTH_HEADER='3058',REQUEST_PROTOCOL='h2',REQUEST_URL='https://v.redd.it/t81s8zfz9ld51/DASHPlaylist.mpd',
08-06 11:51:05.030 28441 31437 D OK      : request got status: 200
08-06 11:51:05.037 28441 31438 I NAPPA_EXPERIMENTATION: MetricNetworkRequestExecutionTime: REQUEST_DURATION_SYSTEM='1433',REQUEST_DURATION_OKHTTP='333',REQUEST_SYNCHRONOUS='TRUE',RESPONSE_CODE='200',RESPONSE_METHOD='GET',RESPONSE_LENGTH_OKHTTP='2071',RESPONSE_LENGTH_HEADER='2071',REQUEST_PROTOCOL='h2',REQUEST_URL='https://v.redd.it/xd6c4yyutgd51/DASHPlaylist.mpd',
08-06 11:51:05.037 28441 31438 D OK      : request got status: 200
08-06 11:51:05.040 28441 31432 I RedditVideosAPI: For 'https://v.redd.it/75en73fm5id51/DASHPlaylist.mpd', got video stream 'https://v.redd.it/75en73fm5id51/DASH_480' and audio stream 'https://v.redd.it/75en73fm5id51/audio'
08-06 11:51:05.056 28441 28453 I art     : Explicit concurrent mark sweep GC freed 1706(251KB) AllocSpace objects, 12(816KB) LOS objects, 28% free, 40MB/56MB, paused 802us total 50.719ms
08-06 11:51:05.086 28441 31436 I RedditVideosAPI: For 'https://v.redd.it/jk6cwef4wld51/DASHPlaylist.mpd', got video stream 'https://v.redd.it/jk6cwef4wld51/DASH_480' and audio stream 'null'
08-06 11:51:05.099 28441 31439 I RedditVideosAPI: For 'https://v.redd.it/ue0jdgk9zhd51/DASHPlaylist.mpd', got video stream 'https://v.redd.it/ue0jdgk9zhd51/DASH_360' and audio stream 'https://v.redd.it/ue0jdgk9zhd51/audio'
08-06 11:51:05.105 28441 31437 I RedditVideosAPI: For 'https://v.redd.it/t81s8zfz9ld51/DASHPlaylist.mpd', got video stream 'https://v.redd.it/t81s8zfz9ld51/DASH_480' and audio stream 'https://v.redd.it/t81s8zfz9ld51/audio'
08-06 11:51:05.111 28441 31438 I RedditVideosAPI: For 'https://v.redd.it/xd6c4yyutgd51/DASHPlaylist.mpd', got video stream 'https://v.redd.it/xd6c4yyutgd51/DASH_480' and audio stream 'null'
08-06 11:51:05.415 28441 28465 I art     : Starting a blocking GC Explicit
08-06 11:51:05.489 28441 28465 I art     : Explicit concurrent mark sweep GC freed 3705(456KB) AllocSpace objects, 11(700KB) LOS objects, 28% free, 39MB/55MB, paused 579us total 73.903ms
08-06 11:51:05.515 28441 28465 I art     : Starting a blocking GC Explicit
08-06 11:51:05.561 28441 28465 I art     : Explicit concurrent mark sweep GC freed 278(9KB) AllocSpace objects, 0(0B) LOS objects, 28% free, 39MB/55MB, paused 563us total 45.602ms
08-06 11:51:05.580 28441 28465 I art     : Starting a blocking GC Explicit
08-06 11:51:05.630 28441 28465 I art     : Explicit concurrent mark sweep GC freed 3(96B) AllocSpace objects, 0(0B) LOS objects, 28% free, 39MB/55MB, paused 567us total 50.185ms
08-06 11:51:05.649 28441 28465 I art     : Starting a blocking GC Explicit
08-06 11:51:05.703 28441 28465 I art     : Explicit concurrent mark sweep GC freed 3(96B) AllocSpace objects, 0(0B) LOS objects, 28% free, 39MB/55MB, paused 591us total 54.064ms
08-06 11:51:05.723 28441 28465 I art     : Starting a blocking GC Explicit
08-06 11:51:05.776 28441 28465 I art     : Explicit concurrent mark sweep GC freed 3(96B) AllocSpace objects, 0(0B) LOS objects, 28% free, 39MB/55MB, paused 568us total 52.429ms
08-06 11:51:06.019 31491 31491 D AndroidRuntime: >>>>>> START com.android.internal.os.RuntimeInit uid 2000 <<<<<<
08-06 11:51:06.025 31491 31491 D AndroidRuntime: CheckJNI is OFF
08-06 11:51:06.066 31491 31491 D ICU     : No timezone override file found: /data/misc/zoneinfo/current/icu/icu_tzdata.dat
08-06 11:51:06.108 31491 31491 I Radio-JNI: register_android_hardware_Radio DONE
08-06 11:51:06.137 31491 31491 D AndroidRuntime: Calling main entry com.android.commands.input.Input
08-06 11:51:06.139 31491 31491 I Input   : injectMotionEvent: MotionEvent { action=ACTION_DOWN, actionButton=0, id[0]=0, x[0]=1340.0, y[0]=1100.0, toolType[0]=TOOL_TYPE_UNKNOWN, buttonState=0, metaState=0, flags=0x0, edgeFlags=0x0, pointerCount=1, historySize=0, eventTime=877882552, downTime=877882552, deviceId=0, source=0x1002 }
08-06 11:51:06.143 31491 31491 I Input   : injectMotionEvent: MotionEvent { action=ACTION_UP, actionButton=0, id[0]=0, x[0]=1340.0, y[0]=1100.0, toolType[0]=TOOL_TYPE_UNKNOWN, buttonState=0, metaState=0, flags=0x0, edgeFlags=0x0, pointerCount=1, historySize=0, eventTime=877882552, downTime=877882552, deviceId=0, source=0x1002 }
08-06 11:51:06.150 28441 28452 I art     : Starting a blocking GC Explicit
08-06 11:51:06.150 31491 31491 D AndroidRuntime: Shutting down VM
08-06 11:51:06.166   918  4400 I ActivityManager: START u0 {dat=https://oauth.reddit.com/... cmp=baseline.org.quantumbadger.redreader/.activities.CommentListingActivity} from uid 10705 on display 0
08-06 11:51:06.167   512  2967 D audio_hw_primary: out_set_parameters: enter: usecase(1: low-latency-playback) kvpairs: routing=2
08-06 11:51:06.180   512  2967 D audio_hw_primary: select_devices: out_snd_device(2: speaker) in_snd_device(0: none)
08-06 11:51:06.180   512  2967 D msm8974_platform: platform_send_audio_calibration: sending audio calibration for snd_device(2) acdb_id(15)
08-06 11:51:06.180   512  2967 I soundtrigger: audio_extn_sound_trigger_update_device_status: device 0x2 of type 0 for Event 1
08-06 11:51:06.191   512  2967 D audio_hw_primary: enable_snd_device: snd_device(2: speaker)
08-06 11:51:06.192   512  2967 D audio_hw_primary: enable_audio_route: apply and update mixer path: low-latency-playback speaker
08-06 11:51:06.196 28441 28441 I AppCompatViewInflater: app:theme is now deprecated. Please move to using android:theme instead.
08-06 11:51:06.205 28441 28452 I art     : Explicit concurrent mark sweep GC freed 2448(125KB) AllocSpace objects, 1(20KB) LOS objects, 28% free, 39MB/55MB, paused 835us total 54.683ms
08-06 11:51:06.224 28441 31516 D OK      : calling: https://oauth.reddit.com/comments/hzejrd/.json?sort=confidence
08-06 11:51:06.224 28441 28452 I art     : Starting a blocking GC Explicit
08-06 11:51:06.268 28441 28452 I art     : Explicit concurrent mark sweep GC freed 7749(868KB) AllocSpace objects, 17(2MB) LOS objects, 30% free, 37MB/53MB, paused 575us total 44.407ms
08-06 11:51:06.286 28441 28452 I art     : Starting a blocking GC Explicit
08-06 11:51:06.300 13866 13866 I GoogleInputMethodServic: GoogleInputMethodService.onFinishInput():3138 
08-06 11:51:06.300   918   936 I ActivityManager: Displayed baseline.org.quantumbadger.redreader/.activities.CommentListingActivity: +123ms
08-06 11:51:06.300 13866 13866 I GoogleInputMethodServic: GoogleInputMethodService.onStartInput():1808 
08-06 11:51:06.331 28441 28452 I art     : Explicit concurrent mark sweep GC freed 952(37KB) AllocSpace objects, 0(0B) LOS objects, 30% free, 37MB/53MB, paused 688us total 44.825ms
08-06 11:51:06.351 28441 28452 I art     : Starting a blocking GC Explicit
08-06 11:51:06.395 28441 28452 I art     : Explicit concurrent mark sweep GC freed 1940(79KB) AllocSpace objects, 0(0B) LOS objects, 30% free, 37MB/53MB, paused 578us total 43.632ms
08-06 11:51:06.414 28441 28452 I art     : Starting a blocking GC Explicit
08-06 11:51:06.466 28441 28452 I art     : Explicit concurrent mark sweep GC freed 214(8KB) AllocSpace objects, 0(0B) LOS objects, 30% free, 37MB/53MB, paused 616us total 50.803ms
08-06 11:51:06.528   380   380 W SurfaceFlinger: couldn't log to binary event log: overflow.
08-06 11:51:06.552 28441 31516 I NAPPA_EXPERIMENTATION: MetricNetworkRequestExecutionTime: REQUEST_DURATION_SYSTEM='328',REQUEST_DURATION_OKHTTP='146',REQUEST_SYNCHRONOUS='TRUE',RESPONSE_CODE='200',RESPONSE_METHOD='GET',RESPONSE_LENGTH_OKHTTP='-1',RESPONSE_LENGTH_HEADER='45890',REQUEST_PROTOCOL='h2',REQUEST_URL='https://oauth.reddit.com/comments/hzejrd/.json?sort=confidence',
08-06 11:51:06.552 28441 31516 D OK      : request got status: 200
08-06 11:51:06.565 28441 29005 I CommentListingActivity: COMMENTS session changed to f9ba1860-558d-4856-bc7c-9a524852af7a
08-06 11:51:06.739   512  2967 D audio_hw_primary: disable_audio_route: reset and update mixer path: low-latency-playback speaker
08-06 11:51:06.741   512  2967 D audio_hw_primary: disable_snd_device: snd_device(2: speaker)
08-06 11:51:06.749   512  2967 I soundtrigger: audio_extn_sound_trigger_update_device_status: device 0x2 of type 0 for Event 0
08-06 11:51:06.787 28441 28452 I art     : Starting a blocking GC Explicit
08-06 11:51:06.850 28441 28452 I art     : Explicit concurrent mark sweep GC freed 31239(1780KB) AllocSpace objects, 2(88KB) LOS objects, 28% free, 39MB/55MB, paused 799us total 63.404ms
08-06 11:51:06.870 28441 28452 I art     : Starting a blocking GC Explicit
08-06 11:51:06.922 28441 28452 I art     : Explicit concurrent mark sweep GC freed 11551(480KB) AllocSpace objects, 1(68KB) LOS objects, 29% free, 39MB/55MB, paused 563us total 52.535ms
08-06 11:51:06.943 28441 28452 I art     : Starting a blocking GC Explicit
08-06 11:51:06.995 28441 28452 I art     : Explicit concurrent mark sweep GC freed 41(2144B) AllocSpace objects, 0(0B) LOS objects, 29% free, 39MB/55MB, paused 456us total 52.350ms
08-06 11:51:07.014 28441 28452 I art     : Starting a blocking GC Explicit
08-06 11:51:07.068 28441 28452 I art     : Explicit concurrent mark sweep GC freed 5(192B) AllocSpace objects, 0(0B) LOS objects, 29% free, 39MB/55MB, paused 467us total 53.246ms
08-06 11:51:07.089 28441 28452 I art     : Starting a blocking GC Explicit
08-06 11:51:07.147 28441 28452 I art     : Explicit concurrent mark sweep GC freed 790(39KB) AllocSpace objects, 0(0B) LOS objects, 29% free, 39MB/55MB, paused 531us total 58.310ms
08-06 11:51:07.482 28441 29230 I art     : Starting a blocking GC Explicit
08-06 11:51:07.554 28441 29230 I art     : Explicit concurrent mark sweep GC freed 1436(86KB) AllocSpace objects, 1(20KB) LOS objects, 29% free, 39MB/55MB, paused 567us total 71.954ms
08-06 11:51:07.577 28441 29230 I art     : Starting a blocking GC Explicit
08-06 11:51:07.640 28441 29230 I art     : Explicit concurrent mark sweep GC freed 66(2528B) AllocSpace objects, 0(0B) LOS objects, 29% free, 39MB/55MB, paused 506us total 62.425ms
08-06 11:51:07.661 28441 29230 I art     : Starting a blocking GC Explicit
08-06 11:51:07.724 28441 29230 I art     : Explicit concurrent mark sweep GC freed 3(96B) AllocSpace objects, 0(0B) LOS objects, 29% free, 39MB/55MB, paused 532us total 63.192ms
08-06 11:51:07.745 28441 29230 I art     : Starting a blocking GC Explicit
08-06 11:51:07.809 28441 29230 I art     : Explicit concurrent mark sweep GC freed 3(96B) AllocSpace objects, 0(0B) LOS objects, 29% free, 39MB/55MB, paused 539us total 63.370ms
08-06 11:51:07.830 28441 29230 I art     : Starting a blocking GC Explicit
08-06 11:51:07.896 28441 29230 I art     : Explicit concurrent mark sweep GC freed 3(96B) AllocSpace objects, 0(0B) LOS objects, 29% free, 39MB/55MB, paused 558us total 66.052ms
08-06 11:51:08.261 28441 28453 I art     : Starting a blocking GC Explicit
08-06 11:51:08.338 28441 28453 I art     : Explicit concurrent mark sweep GC freed 1360(83KB) AllocSpace objects, 1(20KB) LOS objects, 29% free, 39MB/55MB, paused 581us total 77.237ms
08-06 11:51:08.359 28441 28453 I art     : Starting a blocking GC Explicit
08-06 11:51:08.428 28441 28453 I art     : Explicit concurrent mark sweep GC freed 20(704B) AllocSpace objects, 0(0B) LOS objects, 29% free, 39MB/55MB, paused 610us total 68.968ms
08-06 11:51:08.450 28441 28453 I art     : Starting a blocking GC Explicit
08-06 11:51:08.518 28441 28453 I art     : Explicit concurrent mark sweep GC freed 3(96B) AllocSpace objects, 0(0B) LOS objects, 29% free, 39MB/55MB, paused 586us total 68.449ms
08-06 11:51:08.540 28441 28453 I art     : Starting a blocking GC Explicit
08-06 11:51:08.614 28441 28453 I art     : Explicit concurrent mark sweep GC freed 3(96B) AllocSpace objects, 0(0B) LOS objects, 29% free, 39MB/55MB, paused 553us total 73.520ms
08-06 11:51:08.637 28441 28453 I art     : Starting a blocking GC Explicit
08-06 11:51:08.707 28441 28453 I art     : Explicit concurrent mark sweep GC freed 3(96B) AllocSpace objects, 0(0B) LOS objects, 29% free, 39MB/55MB, paused 563us total 69.939ms
08-06 11:51:09.076 28441 28452 I art     : Starting a blocking GC Explicit
08-06 11:51:09.163 28441 28452 I art     : Explicit concurrent mark sweep GC freed 1358(82KB) AllocSpace objects, 1(20KB) LOS objects, 29% free, 39MB/55MB, paused 609us total 86.658ms
08-06 11:51:09.186 28441 28452 I art     : Starting a blocking GC Explicit
08-06 11:51:09.253 28441 28452 I art     : Explicit concurrent mark sweep GC freed 20(704B) AllocSpace objects, 0(0B) LOS objects, 29% free, 39MB/55MB, paused 492us total 66.338ms
08-06 11:51:09.274 28441 28452 I art     : Starting a blocking GC Explicit
08-06 11:51:09.344 28441 28452 I art     : Explicit concurrent mark sweep GC freed 3(96B) AllocSpace objects, 0(0B) LOS objects, 29% free, 39MB/55MB, paused 545us total 69.763ms
08-06 11:51:09.365 28441 28452 I art     : Starting a blocking GC Explicit
08-06 11:51:09.435 28441 28452 I art     : Explicit concurrent mark sweep GC freed 3(96B) AllocSpace objects, 0(0B) LOS objects, 29% free, 39MB/55MB, paused 559us total 70.133ms
08-06 11:51:09.457 28441 28452 I art     : Starting a blocking GC Explicit
08-06 11:51:09.524 28441 28452 I art     : Explicit concurrent mark sweep GC freed 3(96B) AllocSpace objects, 0(0B) LOS objects, 29% free, 39MB/55MB, paused 546us total 66.742ms
08-06 11:51:09.891 28441 28667 I art     : Starting a blocking GC Explicit
08-06 11:51:09.979 28441 28667 I art     : Explicit concurrent mark sweep GC freed 1356(82KB) AllocSpace objects, 1(20KB) LOS objects, 29% free, 39MB/55MB, paused 523us total 88.309ms
08-06 11:51:10.001 28441 28667 I art     : Starting a blocking GC Explicit
08-06 11:51:10.074 28441 28667 I art     : Explicit concurrent mark sweep GC freed 20(704B) AllocSpace objects, 0(0B) LOS objects, 29% free, 39MB/55MB, paused 623us total 73.326ms
08-06 11:51:10.097 28441 28667 I art     : Starting a blocking GC Explicit
08-06 11:51:10.166 28441 28667 I art     : Explicit concurrent mark sweep GC freed 3(96B) AllocSpace objects, 0(0B) LOS objects, 29% free, 39MB/55MB, paused 560us total 69.079ms
08-06 11:51:10.191 28441 28667 I art     : Starting a blocking GC Explicit
08-06 11:51:10.258 28441 28667 I art     : Explicit concurrent mark sweep GC freed 3(96B) AllocSpace objects, 0(0B) LOS objects, 29% free, 39MB/55MB, paused 529us total 66.513ms
08-06 11:51:10.279 28441 28667 I art     : Starting a blocking GC Explicit
08-06 11:51:10.353 28441 28667 I art     : Explicit concurrent mark sweep GC freed 3(96B) AllocSpace objects, 0(0B) LOS objects, 29% free, 39MB/55MB, paused 563us total 73.345ms
08-06 11:51:10.726 28441 28465 I art     : Starting a blocking GC Explicit
08-06 11:51:10.814 28441 28465 I art     : Explicit concurrent mark sweep GC freed 1357(83KB) AllocSpace objects, 1(20KB) LOS objects, 29% free, 39MB/55MB, paused 610us total 87.560ms
08-06 11:51:10.839 28441 28465 I art     : Starting a blocking GC Explicit
08-06 11:51:10.910 28441 28465 I art     : Explicit concurrent mark sweep GC freed 20(704B) AllocSpace objects, 0(0B) LOS objects, 29% free, 39MB/55MB, paused 577us total 70.189ms
08-06 11:51:10.934 28441 28465 I art     : Starting a blocking GC Explicit
08-06 11:51:10.999 28441 28465 I art     : Explicit concurrent mark sweep GC freed 3(96B) AllocSpace objects, 0(0B) LOS objects, 29% free, 39MB/55MB, paused 525us total 64.405ms
08-06 11:51:11.020 28441 28465 I art     : Starting a blocking GC Explicit
08-06 11:51:11.088 28441 28465 I art     : Explicit concurrent mark sweep GC freed 3(96B) AllocSpace objects, 0(0B) LOS objects, 29% free, 39MB/55MB, paused 576us total 68.030ms
08-06 11:51:11.110 28441 28465 I art     : Starting a blocking GC Explicit
08-06 11:51:11.180 28441 28465 I art     : Explicit concurrent mark sweep GC freed 3(96B) AllocSpace objects, 0(0B) LOS objects, 29% free, 39MB/55MB, paused 558us total 69.446ms
08-06 11:51:11.180 28441 31515 I RedditChangeDataIO: Writing tmp data file at '/data/user/0/baseline.org.quantumbadger.redreader/files/rr_change_data_tmp.dat'
08-06 11:51:11.181 28441 31515 I RedditChangeDataManager: Taking snapshot...
08-06 11:51:11.181 28441 31515 I RedditChangeDataManager: Writing to stream...
08-06 11:51:11.181 28441 31515 I RedditChangeDataManager: Wrote 6 entries for user ''
08-06 11:51:11.181 28441 31515 I RedditChangeDataManager: All entries written to stream.
08-06 11:51:11.181 28441 31515 I RedditChangeDataIO: Write successful. Atomically replacing data file...
08-06 11:51:11.182 28441 31515 I RedditChangeDataIO: Write complete.
08-06 11:51:11.182 28441 31515 I RedditChangeDataIO: 158 bytes written in 2 ms
08-06 11:51:11.360   518   646 I ThermalEngine: ACTION: GPU - Setting GPU[0] to 510000000
08-06 11:51:11.531 28441 29230 I art     : Starting a blocking GC Explicit
08-06 11:51:11.596 28441 29230 I art     : Explicit concurrent mark sweep GC freed 1446(88KB) AllocSpace objects, 2(88KB) LOS objects, 29% free, 39MB/55MB, paused 404us total 64.664ms
08-06 11:51:11.613 28441 29230 I art     : Starting a blocking GC Explicit
08-06 11:51:11.663 28441 29230 I art     : Explicit concurrent mark sweep GC freed 23(800B) AllocSpace objects, 0(0B) LOS objects, 29% free, 39MB/55MB, paused 402us total 50.286ms
08-06 11:51:11.680 28441 29230 I art     : Starting a blocking GC Explicit
08-06 11:51:11.726 28441 29230 I art     : Explicit concurrent mark sweep GC freed 3(96B) AllocSpace objects, 0(0B) LOS objects, 29% free, 39MB/55MB, paused 397us total 45.831ms
08-06 11:51:11.742 28441 29230 I art     : Starting a blocking GC Explicit
08-06 11:51:11.792 28441 29230 I art     : Explicit concurrent mark sweep GC freed 32(1568B) AllocSpace objects, 0(0B) LOS objects, 29% free, 39MB/55MB, paused 370us total 49.596ms
08-06 11:51:11.808 28441 29230 I art     : Starting a blocking GC Explicit
08-06 11:51:11.859 28441 29230 I art     : Explicit concurrent mark sweep GC freed 15(832B) AllocSpace objects, 0(0B) LOS objects, 29% free, 39MB/55MB, paused 361us total 50.308ms
08-06 11:51:12.202 28441 28453 I art     : Starting a blocking GC Explicit
08-06 11:51:12.268 28441 28453 I art     : Explicit concurrent mark sweep GC freed 1358(82KB) AllocSpace objects, 1(20KB) LOS objects, 29% free, 39MB/55MB, paused 414us total 65.804ms
08-06 11:51:12.289 28441 28453 I art     : Starting a blocking GC Explicit
08-06 11:51:12.339 28441 28453 I art     : Explicit concurrent mark sweep GC freed 20(704B) AllocSpace objects, 0(0B) LOS objects, 29% free, 39MB/55MB, paused 385us total 50.541ms
08-06 11:51:12.356 28441 28453 I art     : Starting a blocking GC Explicit
08-06 11:51:12.406 28441 28453 I art     : Explicit concurrent mark sweep GC freed 3(96B) AllocSpace objects, 0(0B) LOS objects, 29% free, 39MB/55MB, paused 346us total 49.748ms
08-06 11:51:12.422 28441 28453 I art     : Starting a blocking GC Explicit
08-06 11:51:12.467 28441 28453 I art     : Explicit concurrent mark sweep GC freed 3(96B) AllocSpace objects, 0(0B) LOS objects, 29% free, 39MB/55MB, paused 430us total 44.672ms
08-06 11:51:12.482 28441 28453 I art     : Starting a blocking GC Explicit
08-06 11:51:12.530 28441 28453 I art     : Explicit concurrent mark sweep GC freed 3(96B) AllocSpace objects, 0(0B) LOS objects, 29% free, 39MB/55MB, paused 370us total 48.108ms
08-06 11:51:12.743 25566 25566 I ServiceManager: Waiting for service AtCmdFwd...
08-06 11:51:12.821 31600 31600 D AndroidRuntime: >>>>>> START com.android.internal.os.RuntimeInit uid 2000 <<<<<<
08-06 11:51:12.827 31600 31600 D AndroidRuntime: CheckJNI is OFF
08-06 11:51:12.863 31600 31600 D ICU     : No timezone override file found: /data/misc/zoneinfo/current/icu/icu_tzdata.dat
08-06 11:51:12.886 28441 28452 I art     : Starting a blocking GC Explicit
08-06 11:51:12.897 31600 31600 I Radio-JNI: register_android_hardware_Radio DONE
08-06 11:51:12.920 31600 31600 D AndroidRuntime: Calling main entry com.android.commands.input.Input
08-06 11:51:12.922 31600 31600 I Input   : injectKeyEvent: KeyEvent { action=ACTION_DOWN, keyCode=KEYCODE_BACK, scanCode=0, metaState=0, flags=0x0, repeatCount=0, eventTime=877889335, downTime=877889335, deviceId=-1, source=0x101 }
08-06 11:51:12.930 31600 31600 I Input   : injectKeyEvent: KeyEvent { action=ACTION_UP, keyCode=KEYCODE_BACK, scanCode=0, metaState=0, flags=0x0, repeatCount=0, eventTime=877889335, downTime=877889335, deviceId=-1, source=0x101 }
08-06 11:51:12.936 31600 31600 D AndroidRuntime: Shutting down VM
08-06 11:51:12.937 28441 28452 I art     : Explicit concurrent mark sweep GC freed 1358(82KB) AllocSpace objects, 1(20KB) LOS objects, 29% free, 39MB/55MB, paused 479us total 50.845ms
08-06 11:51:12.953 28441 28452 I art     : Starting a blocking GC Explicit
08-06 11:51:12.975 13866 13866 I GoogleInputMethodServic: GoogleInputMethodService.onFinishInput():3138 
08-06 11:51:12.975 13866 13866 I GoogleInputMethodServic: GoogleInputMethodService.onStartInput():1808 
08-06 11:51:12.994 28441 28452 I art     : Explicit concurrent mark sweep GC freed 201(7KB) AllocSpace objects, 0(0B) LOS objects, 29% free, 39MB/55MB, paused 349us total 40.675ms
08-06 11:51:13.010 28441 28452 I art     : Starting a blocking GC Explicit
08-06 11:51:13.054 28441 28452 I art     : Explicit concurrent mark sweep GC freed 78(2528B) AllocSpace objects, 0(0B) LOS objects, 29% free, 39MB/55MB, paused 326us total 43.728ms
08-06 11:51:13.068 28441 28452 I art     : Starting a blocking GC Explicit
08-06 11:51:13.112 28441 28452 I art     : Explicit concurrent mark sweep GC freed 14(464B) AllocSpace objects, 0(0B) LOS objects, 29% free, 39MB/55MB, paused 307us total 44.237ms
08-06 11:51:13.128 28441 28452 I art     : Starting a blocking GC Explicit
08-06 11:51:13.177 28441 28452 I art     : Explicit concurrent mark sweep GC freed 3(96B) AllocSpace objects, 0(0B) LOS objects, 29% free, 39MB/55MB, paused 484us total 48.543ms
08-06 11:51:13.286   380   380 W SurfaceFlinger: couldn't log to binary event log: overflow.
08-06 11:51:13.465 28441 28452 I art     : Starting a blocking GC Explicit
08-06 11:51:13.531 28441 28452 I art     : Explicit concurrent mark sweep GC freed 1418(85KB) AllocSpace objects, 1(20KB) LOS objects, 29% free, 39MB/55MB, paused 449us total 65.353ms
08-06 11:51:13.547 28441 28452 I art     : Starting a blocking GC Explicit
08-06 11:51:13.588 28441 28452 I art     : Explicit concurrent mark sweep GC freed 41343(2MB) AllocSpace objects, 5(140KB) LOS objects, 30% free, 36MB/52MB, paused 360us total 40.008ms
08-06 11:51:13.602 28441 28452 I art     : Starting a blocking GC Explicit
08-06 11:51:13.639 28441 28452 I art     : Explicit concurrent mark sweep GC freed 3(96B) AllocSpace objects, 0(0B) LOS objects, 30% free, 36MB/52MB, paused 366us total 37.445ms
08-06 11:51:13.654 28441 28452 I art     : Starting a blocking GC Explicit
08-06 11:51:13.693 28441 28452 I art     : Explicit concurrent mark sweep GC freed 3(96B) AllocSpace objects, 0(0B) LOS objects, 30% free, 36MB/52MB, paused 368us total 39.590ms
08-06 11:51:13.708 28441 28452 I art     : Starting a blocking GC Explicit
08-06 11:51:13.743 25566 25566 I ServiceManager: Waiting for service AtCmdFwd...
08-06 11:51:13.748 28441 28452 I art     : Explicit concurrent mark sweep GC freed 3(96B) AllocSpace objects, 0(0B) LOS objects, 30% free, 36MB/52MB, paused 382us total 39.346ms
08-06 11:51:13.875   918  3188 I hubconnection: sensorhub said: 'set_bias 3: -6.2400, 0.0000, 0.0000'
08-06 11:51:14.068 28441 28667 I art     : Starting a blocking GC Explicit
08-06 11:51:14.119 28441 28667 I art     : Explicit concurrent mark sweep GC freed 1356(82KB) AllocSpace objects, 1(20KB) LOS objects, 30% free, 36MB/52MB, paused 446us total 50.412ms
08-06 11:51:14.138 28441 28667 I art     : Starting a blocking GC Explicit
08-06 11:51:14.176 28441 28667 I art     : Explicit concurrent mark sweep GC freed 20(704B) AllocSpace objects, 0(0B) LOS objects, 30% free, 36MB/52MB, paused 340us total 37.435ms
08-06 11:51:14.176 28441 28451 I art     : WaitForGcToComplete blocked for 12.422ms for cause HeapTrim
08-06 11:51:14.191 28441 28667 I art     : Starting a blocking GC Explicit
08-06 11:51:14.227 28441 28667 I art     : Explicit concurrent mark sweep GC freed 3(96B) AllocSpace objects, 0(0B) LOS objects, 30% free, 36MB/52MB, paused 367us total 36.327ms
08-06 11:51:14.242 28441 28667 I art     : Starting a blocking GC Explicit
08-06 11:51:14.279 28441 28667 I art     : Explicit concurrent mark sweep GC freed 3(96B) AllocSpace objects, 0(0B) LOS objects, 30% free, 36MB/52MB, paused 364us total 37.127ms
08-06 11:51:14.293 28441 28667 I art     : Starting a blocking GC Explicit
08-06 11:51:14.330 28441 28667 I art     : Explicit concurrent mark sweep GC freed 3(96B) AllocSpace objects, 0(0B) LOS objects, 30% free, 36MB/52MB, paused 365us total 36.522ms
08-06 11:51:14.577 31644 31644 D AndroidRuntime: >>>>>> START com.android.internal.os.RuntimeInit uid 2000 <<<<<<
08-06 11:51:14.582 31644 31644 D AndroidRuntime: CheckJNI is OFF
08-06 11:51:14.618 31644 31644 D ICU     : No timezone override file found: /data/misc/zoneinfo/current/icu/icu_tzdata.dat
08-06 11:51:14.624 28441 28465 I art     : Starting a blocking GC Explicit
08-06 11:51:14.652 31644 31644 I Radio-JNI: register_android_hardware_Radio DONE
08-06 11:51:14.663 28441 28465 I art     : Explicit concurrent mark sweep GC freed 1356(82KB) AllocSpace objects, 1(20KB) LOS objects, 30% free, 36MB/52MB, paused 390us total 39.012ms
08-06 11:51:14.675 31644 31644 D AndroidRuntime: Calling main entry com.android.commands.input.Input
08-06 11:51:14.677 31644 31644 I Input   : injectMotionEvent: MotionEvent { action=ACTION_DOWN, actionButton=0, id[0]=0, x[0]=600.0, y[0]=938.0, toolType[0]=TOOL_TYPE_UNKNOWN, buttonState=0, metaState=0, flags=0x0, edgeFlags=0x0, pointerCount=1, historySize=0, eventTime=877891089, downTime=877891089, deviceId=0, source=0x1002 }
08-06 11:51:14.678 28441 28465 I art     : Starting a blocking GC Explicit
08-06 11:51:14.682 31644 31644 I Input   : injectMotionEvent: MotionEvent { action=ACTION_UP, actionButton=0, id[0]=0, x[0]=600.0, y[0]=938.0, toolType[0]=TOOL_TYPE_UNKNOWN, buttonState=0, metaState=0, flags=0x0, edgeFlags=0x0, pointerCount=1, historySize=0, eventTime=877891089, downTime=877891089, deviceId=0, source=0x1002 }
08-06 11:51:14.684 31644 31644 D AndroidRuntime: Shutting down VM
08-06 11:51:14.697   512  2967 D audio_hw_primary: out_set_parameters: enter: usecase(1: low-latency-playback) kvpairs: routing=2
08-06 11:51:14.698   918  6112 I ActivityManager: START u0 {dat=https://gfycat.com/... cmp=baseline.org.quantumbadger.redreader/.activities.ImageViewActivity (has extras)} from uid 10705 on display 0
08-06 11:51:14.710   512  2967 D audio_hw_primary: select_devices: out_snd_device(2: speaker) in_snd_device(0: none)
08-06 11:51:14.710   512  2967 D msm8974_platform: platform_send_audio_calibration: sending audio calibration for snd_device(2) acdb_id(15)
08-06 11:51:14.710   512  2967 I soundtrigger: audio_extn_sound_trigger_update_device_status: device 0x2 of type 0 for Event 1
08-06 11:51:14.716 28441 28465 I art     : Explicit concurrent mark sweep GC freed 92(8KB) AllocSpace objects, 0(0B) LOS objects, 30% free, 36MB/52MB, paused 891us total 38.047ms
08-06 11:51:14.722   512  2967 D audio_hw_primary: enable_snd_device: snd_device(2: speaker)
08-06 11:51:14.722 28441 28441 I ImageViewActivity: Loading URL https://gfycat.com/deadlygravecavy
08-06 11:51:14.724   512  2967 D audio_hw_primary: enable_audio_route: apply and update mixer path: low-latency-playback speaker
08-06 11:51:14.730 28441 29005 I ImageViewActivity: Got image URL: https://giant.gfycat.com/DeadlyGraveCavy.mp4
08-06 11:51:14.730 28441 29005 I ImageViewActivity: Got image Type: video/mp4
08-06 11:51:14.730 28441 29005 I ImageViewActivity: Got media Type: VIDEO
08-06 11:51:14.730 28441 29005 I ImageViewActivity: Media type VIDEO detected
08-06 11:51:14.730 28441 29005 I ImageViewActivity: Proceeding with download
08-06 11:51:14.734 28441 31669 D OK      : calling: https://giant.gfycat.com/DeadlyGraveCavy.mp4
08-06 11:51:14.734 28441 28465 I art     : Starting a blocking GC Explicit
08-06 11:51:14.744 25566 25566 I ServiceManager: Waiting for service AtCmdFwd...
08-06 11:51:14.768 28441 28465 I art     : Explicit concurrent mark sweep GC freed 2453(179KB) AllocSpace objects, 0(0B) LOS objects, 30% free, 37MB/53MB, paused 399us total 34.259ms
08-06 11:51:14.775 13866 13866 I GoogleInputMethodServic: GoogleInputMethodService.onFinishInput():3138 
08-06 11:51:14.776 13866 13866 I GoogleInputMethodServic: GoogleInputMethodService.onStartInput():1808 
08-06 11:51:14.781 28441 28465 I art     : Starting a blocking GC Explicit
08-06 11:51:14.803   918   936 I ActivityManager: Displayed baseline.org.quantumbadger.redreader/.activities.ImageViewActivity: +96ms
08-06 11:51:14.818 28441 28465 I art     : Explicit concurrent mark sweep GC freed 241(10KB) AllocSpace objects, 0(0B) LOS objects, 30% free, 37MB/53MB, paused 428us total 37.179ms
08-06 11:51:14.833 28441 28465 I art     : Starting a blocking GC Explicit
08-06 11:51:14.871 28441 28465 I art     : Explicit concurrent mark sweep GC freed 274(39KB) AllocSpace objects, 0(0B) LOS objects, 30% free, 36MB/52MB, paused 387us total 38.781ms
08-06 11:51:15.055   380   380 W SurfaceFlinger: couldn't log to binary event log: overflow.
08-06 11:51:15.065 28441 31669 I NAPPA_EXPERIMENTATION: MetricNetworkRequestExecutionTime: REQUEST_DURATION_SYSTEM='331',REQUEST_DURATION_OKHTTP='150',REQUEST_SYNCHRONOUS='TRUE',RESPONSE_CODE='200',RESPONSE_METHOD='GET',RESPONSE_LENGTH_OKHTTP='1942309',RESPONSE_LENGTH_HEADER='1942309',REQUEST_PROTOCOL='h2',REQUEST_URL='https://giant.gfycat.com/DeadlyGraveCavy.mp4',
08-06 11:51:15.065 28441 31669 D OK      : request got status: 200
08-06 11:51:15.134 28441 28452 I art     : Starting a blocking GC Explicit
08-06 11:51:15.169 28441 28452 I art     : Explicit concurrent mark sweep GC freed 3855(199KB) AllocSpace objects, 1(20KB) LOS objects, 30% free, 37MB/53MB, paused 408us total 34.901ms
08-06 11:51:15.184 28441 28452 I art     : Starting a blocking GC Explicit
08-06 11:51:15.223 28441 28452 I art     : Explicit concurrent mark sweep GC freed 467(24KB) AllocSpace objects, 0(0B) LOS objects, 29% free, 37MB/53MB, paused 505us total 38.332ms
08-06 11:51:15.237 28441 28452 I art     : Starting a blocking GC Explicit
08-06 11:51:15.258   512  2967 D audio_hw_primary: disable_audio_route: reset and update mixer path: low-latency-playback speaker
08-06 11:51:15.259   512  2967 D audio_hw_primary: disable_snd_device: snd_device(2: speaker)
08-06 11:51:15.266   512  2967 I soundtrigger: audio_extn_sound_trigger_update_device_status: device 0x2 of type 0 for Event 0
08-06 11:51:15.268 28441 28452 I art     : Explicit concurrent mark sweep GC freed 340(20KB) AllocSpace objects, 0(0B) LOS objects, 29% free, 37MB/53MB, paused 446us total 31.242ms
08-06 11:51:15.281 28441 28452 I art     : Starting a blocking GC Explicit
08-06 11:51:15.313 28441 28452 I art     : Explicit concurrent mark sweep GC freed 376(23KB) AllocSpace objects, 0(0B) LOS objects, 29% free, 37MB/53MB, paused 386us total 31.804ms
08-06 11:51:15.326 28441 28452 I art     : Starting a blocking GC Explicit
08-06 11:51:15.360 28441 28452 I art     : Explicit concurrent mark sweep GC freed 384(489KB) AllocSpace objects, 0(0B) LOS objects, 29% free, 37MB/53MB, paused 387us total 33.532ms
08-06 11:51:15.368   518   646 I ThermalEngine: ACTION: GPU - Setting GPU[0] to 450000000
08-06 11:51:15.410 28441 28441 I ImageViewActivity: Playing video using ExoPlayer
08-06 11:51:15.477 28441 28441 I ExoPlayerImpl: Init b49ac52 [ExoPlayerLib/2.10.8] [angler, Nexus 6P, Huawei, 23]
08-06 11:51:15.653 28441 31683 W VideoCapabilities: Unrecognized profile 2130706433 for video/avc
08-06 11:51:15.675 28441 28452 I art     : Starting a blocking GC Explicit
08-06 11:51:15.684 28441 31683 I VideoCapabilities: Unsupported profile 4 for video/mp4v-es
08-06 11:51:15.698 28441 31696 I OMXClient: Using client-side OMX mux.
08-06 11:51:15.728 28441 28452 I art     : Explicit concurrent mark sweep GC freed 10763(1092KB) AllocSpace objects, 7(324KB) LOS objects, 29% free, 38MB/54MB, paused 742us total 53.114ms
08-06 11:51:15.744 25566 25566 I ServiceManager: Waiting for service AtCmdFwd...
08-06 11:51:15.747 28441 28452 I art     : Starting a blocking GC Explicit
08-06 11:51:15.792 28441 28452 I art     : Explicit concurrent mark sweep GC freed 472(22KB) AllocSpace objects, 0(0B) LOS objects, 28% free, 39MB/55MB, paused 527us total 45.176ms
08-06 11:51:15.801   512 12837 I OMX-VDEC-1080P: component_init: OMX.qcom.video.decoder.avc : fd=49
08-06 11:51:15.802   512 12837 I OMX-VDEC-1080P: Capabilities: driver_name = msm_vidc_driver, card = msm_vdec_8974, bus_info = , version = 1, capabilities = 4003000
08-06 11:51:15.807   512 12837 I OMX-VDEC-1080P: Enabling default extradata for OMX.qcom.video.decoder.avc
08-06 11:51:15.810   512 12837 I OMX-VDEC-1080P: omx_vdec::component_init() success : fd=49
08-06 11:51:15.810 28441 28452 I art     : Starting a blocking GC Explicit
08-06 11:51:15.818 28441 31695 I MediaCodec: [OMX.qcom.video.decoder.avc] setting surface generation to 29123585
08-06 11:51:15.819   512 12932 E OMX-VDEC-1080P: Extension: OMX.google.android.index.storeANWBufferInMetadata not implemented
08-06 11:51:15.847 28441 31696 D SurfaceUtils: set up nativeWindow 0x7f79231410 for 360x306, color 0x7fa30c04, rotation 0, usage 0x42002900
08-06 11:51:15.856 28441 28452 I art     : Explicit concurrent mark sweep GC freed 51(1904B) AllocSpace objects, 0(0B) LOS objects, 28% free, 39MB/55MB, paused 601us total 45.569ms
08-06 11:51:15.875 28441 28452 I art     : Starting a blocking GC Explicit
08-06 11:51:15.876 28441 31696 D SurfaceUtils: set up nativeWindow 0x7f79231410 for 368x320, color 0x7fa30c04, rotation 0, usage 0x42002900
08-06 11:51:15.919 28441 28452 I art     : Explicit concurrent mark sweep GC freed 234(46KB) AllocSpace objects, 0(0B) LOS objects, 28% free, 40MB/56MB, paused 681us total 43.779ms
08-06 11:51:15.937 28441 28452 I art     : Starting a blocking GC Explicit
08-06 11:51:15.980 28441 28452 I art     : Explicit concurrent mark sweep GC freed 70(11KB) AllocSpace objects, 1(68KB) LOS objects, 28% free, 40MB/56MB, paused 473us total 42.637ms
08-06 11:51:16.309 28441 28452 I art     : Starting a blocking GC Explicit
08-06 11:51:16.357 28441 28452 I art     : Explicit concurrent mark sweep GC freed 1478(87KB) AllocSpace objects, 1(20KB) LOS objects, 28% free, 40MB/56MB, paused 523us total 47.923ms
08-06 11:51:16.376 28441 28452 I art     : Starting a blocking GC Explicit
08-06 11:51:16.426 28441 28452 I art     : Explicit concurrent mark sweep GC freed 46(1680B) AllocSpace objects, 0(0B) LOS objects, 28% free, 40MB/56MB, paused 523us total 49.583ms
08-06 11:51:16.445 28441 28452 I art     : Starting a blocking GC Explicit
08-06 11:51:16.496 28441 28452 I art     : Explicit concurrent mark sweep GC freed 25(928B) AllocSpace objects, 0(0B) LOS objects, 28% free, 40MB/56MB, paused 536us total 50.708ms
08-06 11:51:16.516 28441 28452 I art     : Starting a blocking GC Explicit
08-06 11:51:16.571 28441 28452 I art     : Explicit concurrent mark sweep GC freed 25(928B) AllocSpace objects, 0(0B) LOS objects, 28% free, 40MB/56MB, paused 605us total 53.885ms
08-06 11:51:16.591 28441 28452 I art     : Starting a blocking GC Explicit
08-06 11:51:16.644 28441 28452 I art     : Explicit concurrent mark sweep GC freed 31(1136B) AllocSpace objects, 0(0B) LOS objects, 28% free, 40MB/56MB, paused 567us total 52.709ms
08-06 11:51:16.745 25566 25566 I ServiceManager: Waiting for service AtCmdFwd...
08-06 11:51:17.002 28441 29230 I art     : Starting a blocking GC Explicit
08-06 11:51:17.057 28441 29230 I art     : Explicit concurrent mark sweep GC freed 1489(87KB) AllocSpace objects, 1(20KB) LOS objects, 28% free, 40MB/56MB, paused 527us total 54.759ms
08-06 11:51:17.076 28441 29230 I art     : Starting a blocking GC Explicit
08-06 11:51:17.128 28441 29230 I art     : Explicit concurrent mark sweep GC freed 46(1680B) AllocSpace objects, 0(0B) LOS objects, 28% free, 40MB/56MB, paused 625us total 51.211ms
08-06 11:51:17.147 28441 29230 I art     : Starting a blocking GC Explicit
08-06 11:51:17.199 28441 29230 I art     : Explicit concurrent mark sweep GC freed 25(928B) AllocSpace objects, 0(0B) LOS objects, 28% free, 40MB/56MB, paused 516us total 51.199ms
08-06 11:51:17.218 28441 29230 I art     : Starting a blocking GC Explicit
08-06 11:51:17.270 28441 29230 I art     : Explicit concurrent mark sweep GC freed 25(928B) AllocSpace objects, 0(0B) LOS objects, 28% free, 40MB/56MB, paused 579us total 51.251ms
08-06 11:51:17.290 28441 29230 I art     : Starting a blocking GC Explicit
08-06 11:51:17.339 28441 29230 I art     : Explicit concurrent mark sweep GC freed 25(928B) AllocSpace objects, 0(0B) LOS objects, 28% free, 40MB/56MB, paused 563us total 48.683ms
08-06 11:51:17.720 28441 28453 I art     : Starting a blocking GC Explicit
08-06 11:51:17.745 25566 25566 W Atfwd_Sendcmd: AtCmdFwd service not published, waiting... retryCnt : 1
08-06 11:51:17.776 28441 28453 I art     : Explicit concurrent mark sweep GC freed 1501(88KB) AllocSpace objects, 1(20KB) LOS objects, 28% free, 40MB/56MB, paused 539us total 55.745ms
08-06 11:51:17.796 28441 28453 I art     : Starting a blocking GC Explicit
08-06 11:51:17.848 28441 28453 I art     : Explicit concurrent mark sweep GC freed 48(1744B) AllocSpace objects, 0(0B) LOS objects, 28% free, 40MB/56MB, paused 594us total 51.533ms
08-06 11:51:17.867 28441 28453 I art     : Starting a blocking GC Explicit
08-06 11:51:17.919 28441 28453 I art     : Explicit concurrent mark sweep GC freed 26(992B) AllocSpace objects, 0(0B) LOS objects, 28% free, 40MB/56MB, paused 539us total 51.744ms
08-06 11:51:17.939 28441 28453 I art     : Starting a blocking GC Explicit
08-06 11:51:17.989 28441 28453 I art     : Explicit concurrent mark sweep GC freed 25(928B) AllocSpace objects, 0(0B) LOS objects, 28% free, 40MB/56MB, paused 524us total 50.303ms
08-06 11:51:18.009 28441 28453 I art     : Starting a blocking GC Explicit
08-06 11:51:18.060 28441 28453 I art     : Explicit concurrent mark sweep GC freed 29(1072B) AllocSpace objects, 0(0B) LOS objects, 28% free, 40MB/56MB, paused 504us total 51.106ms
08-06 11:51:18.421 28441 28453 I art     : Starting a blocking GC Explicit
08-06 11:51:18.472 28441 28453 I art     : Explicit concurrent mark sweep GC freed 1489(87KB) AllocSpace objects, 1(20KB) LOS objects, 28% free, 40MB/56MB, paused 560us total 50.651ms
08-06 11:51:18.492 28441 28453 I art     : Starting a blocking GC Explicit
08-06 11:51:18.542 28441 28453 I art     : Explicit concurrent mark sweep GC freed 42(1536B) AllocSpace objects, 0(0B) LOS objects, 28% free, 40MB/56MB, paused 536us total 50.459ms
08-06 11:51:18.562 28441 28453 I art     : Starting a blocking GC Explicit
08-06 11:51:18.615 28441 28453 I art     : Explicit concurrent mark sweep GC freed 32(1184B) AllocSpace objects, 0(0B) LOS objects, 28% free, 40MB/56MB, paused 581us total 53.059ms
08-06 11:51:18.634 28441 28453 I art     : Starting a blocking GC Explicit
08-06 11:51:18.687 28441 28453 I art     : Explicit concurrent mark sweep GC freed 28(1008B) AllocSpace objects, 0(0B) LOS objects, 28% free, 40MB/56MB, paused 698us total 52.698ms
08-06 11:51:18.707 28441 28453 I art     : Starting a blocking GC Explicit
08-06 11:51:18.759 28441 28453 I art     : Explicit concurrent mark sweep GC freed 21(816B) AllocSpace objects, 0(0B) LOS objects, 28% free, 40MB/56MB, paused 555us total 51.341ms
08-06 11:51:19.134 28441 28465 I art     : Starting a blocking GC Explicit
08-06 11:51:19.185 28441 28465 I art     : Explicit concurrent mark sweep GC freed 1501(88KB) AllocSpace objects, 1(20KB) LOS objects, 28% free, 40MB/56MB, paused 557us total 50.769ms
08-06 11:51:19.204 28441 28465 I art     : Starting a blocking GC Explicit
08-06 11:51:19.256 28441 28465 I art     : Explicit concurrent mark sweep GC freed 42(1536B) AllocSpace objects, 0(0B) LOS objects, 28% free, 40MB/56MB, paused 516us total 51.870ms
08-06 11:51:19.257 28441 28451 I art     : WaitForGcToComplete blocked for 27.103ms for cause HeapTrim
08-06 11:51:19.276 28441 28465 I art     : Starting a blocking GC Explicit
08-06 11:51:19.327 28441 28465 I art     : Explicit concurrent mark sweep GC freed 27(976B) AllocSpace objects, 0(0B) LOS objects, 28% free, 40MB/56MB, paused 495us total 50.940ms
08-06 11:51:19.346 28441 28465 I art     : Starting a blocking GC Explicit
08-06 11:51:19.397 28441 28465 I art     : Explicit concurrent mark sweep GC freed 23(880B) AllocSpace objects, 0(0B) LOS objects, 28% free, 40MB/56MB, paused 529us total 50.303ms
08-06 11:51:19.416 28441 28465 I art     : Starting a blocking GC Explicit
08-06 11:51:19.468 28441 28465 I art     : Explicit concurrent mark sweep GC freed 29(1072B) AllocSpace objects, 0(0B) LOS objects, 28% free, 40MB/56MB, paused 541us total 51.372ms
08-06 11:51:19.707 28441 31668 I RedditChangeDataIO: Writing tmp data file at '/data/user/0/baseline.org.quantumbadger.redreader/files/rr_change_data_tmp.dat'
08-06 11:51:19.708 28441 31668 I RedditChangeDataManager: Taking snapshot...
08-06 11:51:19.708 28441 31668 I RedditChangeDataManager: Writing to stream...
08-06 11:51:19.708 28441 31668 I RedditChangeDataManager: Wrote 6 entries for user ''
08-06 11:51:19.708 28441 31668 I RedditChangeDataManager: All entries written to stream.
08-06 11:51:19.709 28441 31668 I RedditChangeDataIO: Write successful. Atomically replacing data file...
08-06 11:51:19.709 28441 31668 I RedditChangeDataIO: Write complete.
08-06 11:51:19.709 28441 31668 I RedditChangeDataIO: 158 bytes written in 2 ms
08-06 11:51:19.828 28441 29230 I art     : Starting a blocking GC Explicit
08-06 11:51:19.882 28441 29230 I art     : Explicit concurrent mark sweep GC freed 1578(93KB) AllocSpace objects, 2(88KB) LOS objects, 28% free, 40MB/56MB, paused 523us total 53.308ms
08-06 11:51:19.901 28441 29230 I art     : Starting a blocking GC Explicit
08-06 11:51:19.953 28441 29230 I art     : Explicit concurrent mark sweep GC freed 51(1840B) AllocSpace objects, 0(0B) LOS objects, 28% free, 40MB/56MB, paused 554us total 51.723ms
08-06 11:51:19.972 28441 29230 I art     : Starting a blocking GC Explicit
08-06 11:51:20.022 28441 29230 I art     : Explicit concurrent mark sweep GC freed 26(992B) AllocSpace objects, 0(0B) LOS objects, 28% free, 40MB/56MB, paused 526us total 49.589ms
08-06 11:51:20.041 28441 29230 I art     : Starting a blocking GC Explicit
08-06 11:51:20.092 28441 29230 I art     : Explicit concurrent mark sweep GC freed 26(976B) AllocSpace objects, 0(0B) LOS objects, 28% free, 40MB/56MB, paused 530us total 50.636ms
08-06 11:51:20.111 28441 29230 I art     : Starting a blocking GC Explicit
08-06 11:51:20.162 28441 29230 I art     : Explicit concurrent mark sweep GC freed 25(928B) AllocSpace objects, 0(0B) LOS objects, 28% free, 40MB/56MB, paused 522us total 50.764ms
08-06 11:51:20.531 28441 28452 I art     : Starting a blocking GC Explicit
08-06 11:51:20.595 28441 28452 I art     : Explicit concurrent mark sweep GC freed 1696(120KB) AllocSpace objects, 1(20KB) LOS objects, 28% free, 40MB/56MB, paused 459us total 64.231ms
08-06 11:51:20.614 28441 28452 I art     : Starting a blocking GC Explicit
08-06 11:51:20.662 28441 28452 I art     : Explicit concurrent mark sweep GC freed 97(3KB) AllocSpace objects, 0(0B) LOS objects, 28% free, 40MB/56MB, paused 480us total 47.716ms
08-06 11:51:20.681 28441 28452 I art     : Starting a blocking GC Explicit
08-06 11:51:20.733 28441 28452 I art     : Explicit concurrent mark sweep GC freed 31(1136B) AllocSpace objects, 0(0B) LOS objects, 28% free, 40MB/56MB, paused 573us total 51.455ms
08-06 11:51:20.753 28441 28452 I art     : Starting a blocking GC Explicit
08-06 11:51:20.802 28441 28452 I art     : Explicit concurrent mark sweep GC freed 25(960B) AllocSpace objects, 0(0B) LOS objects, 28% free, 40MB/56MB, paused 548us total 48.506ms
08-06 11:51:20.822 28441 28452 I art     : Starting a blocking GC Explicit
08-06 11:51:20.874 28441 28452 I art     : Explicit concurrent mark sweep GC freed 25(928B) AllocSpace objects, 0(0B) LOS objects, 28% free, 40MB/56MB, paused 499us total 51.879ms
08-06 11:51:21.200 28441 29230 I art     : Starting a blocking GC Explicit
08-06 11:51:21.252 28441 29230 I art     : Explicit concurrent mark sweep GC freed 1488(87KB) AllocSpace objects, 1(20KB) LOS objects, 28% free, 40MB/56MB, paused 528us total 52.257ms
08-06 11:51:21.272 28441 29230 I art     : Starting a blocking GC Explicit
08-06 11:51:21.322 28441 29230 I art     : Explicit concurrent mark sweep GC freed 46(1648B) AllocSpace objects, 0(0B) LOS objects, 28% free, 40MB/56MB, paused 537us total 50.205ms
08-06 11:51:21.341 28441 29230 I art     : Starting a blocking GC Explicit
08-06 11:51:21.391 28441 29230 I art     : Explicit concurrent mark sweep GC freed 22(832B) AllocSpace objects, 0(0B) LOS objects, 28% free, 40MB/56MB, paused 514us total 49.187ms
08-06 11:51:21.410 28441 29230 I art     : Starting a blocking GC Explicit
08-06 11:51:21.460 28441 29230 I art     : Explicit concurrent mark sweep GC freed 25(960B) AllocSpace objects, 0(0B) LOS objects, 28% free, 40MB/56MB, paused 531us total 50.299ms
08-06 11:51:21.480 28441 29230 I art     : Starting a blocking GC Explicit
08-06 11:51:21.489 31783 31783 D AndroidRuntime: >>>>>> START com.android.internal.os.RuntimeInit uid 2000 <<<<<<
08-06 11:51:21.494 31783 31783 D AndroidRuntime: CheckJNI is OFF
08-06 11:51:21.529 28441 29230 I art     : Explicit concurrent mark sweep GC freed 21(784B) AllocSpace objects, 0(0B) LOS objects, 28% free, 40MB/56MB, paused 529us total 49.003ms
08-06 11:51:21.538 31783 31783 D ICU     : No timezone override file found: /data/misc/zoneinfo/current/icu/icu_tzdata.dat
08-06 11:51:21.581 31783 31783 I Radio-JNI: register_android_hardware_Radio DONE
08-06 11:51:21.610 31783 31783 D AndroidRuntime: Calling main entry com.android.commands.input.Input
08-06 11:51:21.612 31783 31783 I Input   : injectKeyEvent: KeyEvent { action=ACTION_DOWN, keyCode=KEYCODE_BACK, scanCode=0, metaState=0, flags=0x0, repeatCount=0, eventTime=877898025, downTime=877898025, deviceId=-1, source=0x101 }
08-06 11:51:21.619 31783 31783 I Input   : injectKeyEvent: KeyEvent { action=ACTION_UP, keyCode=KEYCODE_BACK, scanCode=0, metaState=0, flags=0x0, repeatCount=0, eventTime=877898025, downTime=877898025, deviceId=-1, source=0x101 }
08-06 11:51:21.624 31783 31783 D AndroidRuntime: Shutting down VM
08-06 11:51:21.688 13866 13866 I GoogleInputMethodServic: GoogleInputMethodService.onFinishInput():3138 
08-06 11:51:21.690 13866 13866 I GoogleInputMethodServic: GoogleInputMethodService.onStartInput():1808 
08-06 11:51:21.756 28441 31695 I MediaCodec: [OMX.qcom.video.decoder.avc] setting surface generation to 29123586
08-06 11:51:21.759 28441 31696 D SurfaceUtils: set up nativeWindow 0x7f79232210 for 368x320, color 0x7fa30c04, rotation 0, usage 0x42002900
08-06 11:51:21.859 28441 29230 I art     : Starting a blocking GC Explicit
08-06 11:51:21.925 28441 29230 I art     : Explicit concurrent mark sweep GC freed 1748(98KB) AllocSpace objects, 1(20KB) LOS objects, 28% free, 40MB/56MB, paused 479us total 65.468ms
08-06 11:51:21.947 28441 29230 I art     : Starting a blocking GC Explicit
08-06 11:51:22.006 28441 29230 I art     : Explicit concurrent mark sweep GC freed 73(2464B) AllocSpace objects, 0(0B) LOS objects, 28% free, 40MB/56MB, paused 588us total 58.466ms
08-06 11:51:22.007 28441 28441 I ExoPlayerImpl: Release b49ac52 [ExoPlayerLib/2.10.8] [angler, Nexus 6P, Huawei, 23] [goog.exo.core, goog.exo.ui]
08-06 11:51:22.014   380   380 W SurfaceFlinger: couldn't log to binary event log: overflow.
08-06 11:51:22.025   512 12837 I OMX-VDEC-1080P: omx_vdec::component_deinit() complete
08-06 11:51:22.028 28441 29230 I art     : Starting a blocking GC Explicit
08-06 11:51:22.029   512 12837 I OMX-VDEC-1080P: Exit OMX vdec Destructor: fd=49
08-06 11:51:22.072 28441 29230 I art     : Explicit concurrent mark sweep GC freed 403(100KB) AllocSpace objects, 35(2MB) LOS objects, 29% free, 37MB/53MB, paused 494us total 44.491ms
08-06 11:51:22.091 28441 29230 I art     : Starting a blocking GC Explicit
08-06 11:51:22.137 28441 29230 I art     : Explicit concurrent mark sweep GC freed 155(7KB) AllocSpace objects, 0(0B) LOS objects, 29% free, 37MB/53MB, paused 496us total 45.763ms
08-06 11:51:22.155 28441 29230 I art     : Starting a blocking GC Explicit
08-06 11:51:22.204 28441 29230 I art     : Explicit concurrent mark sweep GC freed 2753(154KB) AllocSpace objects, 4(200KB) LOS objects, 29% free, 37MB/53MB, paused 483us total 48.686ms
08-06 11:51:22.537 28441 28667 I art     : Starting a blocking GC Explicit
08-06 11:51:22.600 28441 28667 I art     : Explicit concurrent mark sweep GC freed 1356(82KB) AllocSpace objects, 1(20KB) LOS objects, 29% free, 37MB/53MB, paused 548us total 62.468ms
08-06 11:51:22.620 28441 28667 I art     : Starting a blocking GC Explicit
08-06 11:51:22.669 28441 28667 I art     : Explicit concurrent mark sweep GC freed 20(704B) AllocSpace objects, 0(0B) LOS objects, 29% free, 37MB/53MB, paused 497us total 49.014ms
08-06 11:51:22.688 28441 28667 I art     : Starting a blocking GC Explicit
08-06 11:51:22.737 28441 28667 I art     : Explicit concurrent mark sweep GC freed 3(96B) AllocSpace objects, 0(0B) LOS objects, 29% free, 37MB/53MB, paused 567us total 48.957ms
08-06 11:51:22.745 25566 25566 I ServiceManager: Waiting for service AtCmdFwd...
08-06 11:51:22.756 28441 28667 I art     : Starting a blocking GC Explicit
08-06 11:51:22.809 28441 28667 I art     : Explicit concurrent mark sweep GC freed 3(96B) AllocSpace objects, 0(0B) LOS objects, 29% free, 37MB/53MB, paused 562us total 52.119ms
08-06 11:51:22.832 28441 28667 I art     : Starting a blocking GC Explicit
08-06 11:51:22.879 28441 28667 I art     : Explicit concurrent mark sweep GC freed 3(96B) AllocSpace objects, 0(0B) LOS objects, 29% free, 37MB/53MB, paused 477us total 46.874ms
08-06 11:51:23.200 28441 28465 I art     : Starting a blocking GC Explicit
08-06 11:51:23.264 28441 28465 I art     : Explicit concurrent mark sweep GC freed 1356(82KB) AllocSpace objects, 1(20KB) LOS objects, 29% free, 37MB/53MB, paused 559us total 63.738ms
08-06 11:51:23.288 28441 28465 I art     : Starting a blocking GC Explicit
08-06 11:51:23.337 28441 28465 I art     : Explicit concurrent mark sweep GC freed 20(704B) AllocSpace objects, 0(0B) LOS objects, 29% free, 37MB/53MB, paused 560us total 49.260ms
08-06 11:51:23.356 28441 28465 I art     : Starting a blocking GC Explicit
08-06 11:51:23.407 28441 28465 I art     : Explicit concurrent mark sweep GC freed 3(96B) AllocSpace objects, 0(0B) LOS objects, 29% free, 37MB/53MB, paused 633us total 50.670ms
08-06 11:51:23.416 31829 31829 D AndroidRuntime: >>>>>> START com.android.internal.os.RuntimeInit uid 2000 <<<<<<
08-06 11:51:23.422 31829 31829 D AndroidRuntime: CheckJNI is OFF
08-06 11:51:23.427 28441 28465 I art     : Starting a blocking GC Explicit
08-06 11:51:23.467 31829 31829 D ICU     : No timezone override file found: /data/misc/zoneinfo/current/icu/icu_tzdata.dat
08-06 11:51:23.476 28441 28465 I art     : Explicit concurrent mark sweep GC freed 3(96B) AllocSpace objects, 0(0B) LOS objects, 29% free, 37MB/53MB, paused 475us total 49.420ms
08-06 11:51:23.496 28441 28465 I art     : Starting a blocking GC Explicit
08-06 11:51:23.515 31829 31829 I Radio-JNI: register_android_hardware_Radio DONE
08-06 11:51:23.546 31829 31829 D AndroidRuntime: Calling main entry com.android.commands.input.Input
08-06 11:51:23.546 28441 28465 I art     : Explicit concurrent mark sweep GC freed 3(96B) AllocSpace objects, 0(0B) LOS objects, 29% free, 37MB/53MB, paused 512us total 50.109ms
08-06 11:51:23.547 31829 31829 I Input   : injectMotionEvent: MotionEvent { action=ACTION_DOWN, actionButton=0, id[0]=0, x[0]=1340.0, y[0]=1100.0, toolType[0]=TOOL_TYPE_UNKNOWN, buttonState=0, metaState=0, flags=0x0, edgeFlags=0x0, pointerCount=1, historySize=0, eventTime=877899960, downTime=877899960, deviceId=0, source=0x1002 }
08-06 11:51:23.554 31829 31829 I Input   : injectMotionEvent: MotionEvent { action=ACTION_UP, actionButton=0, id[0]=0, x[0]=1340.0, y[0]=1100.0, toolType[0]=TOOL_TYPE_UNKNOWN, buttonState=0, metaState=0, flags=0x0, edgeFlags=0x0, pointerCount=1, historySize=0, eventTime=877899960, downTime=877899960, deviceId=0, source=0x1002 }
08-06 11:51:23.557 31829 31829 D AndroidRuntime: Shutting down VM
08-06 11:51:23.571   512  2967 D audio_hw_primary: out_set_parameters: enter: usecase(1: low-latency-playback) kvpairs: routing=2
08-06 11:51:23.574   918  3670 I ActivityManager: START u0 {dat=https://oauth.reddit.com/... cmp=baseline.org.quantumbadger.redreader/.activities.CommentListingActivity} from uid 10705 on display 0
08-06 11:51:23.584   512  2967 D audio_hw_primary: select_devices: out_snd_device(2: speaker) in_snd_device(0: none)
08-06 11:51:23.584   512  2967 D msm8974_platform: platform_send_audio_calibration: sending audio calibration for snd_device(2) acdb_id(15)
08-06 11:51:23.585   512  2967 I soundtrigger: audio_extn_sound_trigger_update_device_status: device 0x2 of type 0 for Event 1
08-06 11:51:23.594   512  2967 D audio_hw_primary: enable_snd_device: snd_device(2: speaker)
08-06 11:51:23.597   512  2967 D audio_hw_primary: enable_audio_route: apply and update mixer path: low-latency-playback speaker
08-06 11:51:23.598 28441 28441 I AppCompatViewInflater: app:theme is now deprecated. Please move to using android:theme instead.
08-06 11:51:23.616 28441 29005 I CommentListingActivity: COMMENTS session changed to f9ba1860-558d-4856-bc7c-9a524852af7a
08-06 11:51:23.679   918   936 I ActivityManager: Displayed baseline.org.quantumbadger.redreader/.activities.CommentListingActivity: +97ms
08-06 11:51:23.686 13866 13866 I GoogleInputMethodServic: GoogleInputMethodService.onFinishInput():3138 
08-06 11:51:23.686 13866 13866 I GoogleInputMethodServic: GoogleInputMethodService.onStartInput():1808 
08-06 11:51:23.746 25566 25566 I ServiceManager: Waiting for service AtCmdFwd...
08-06 11:51:23.867 28441 28465 I art     : Starting a blocking GC Explicit
08-06 11:51:23.932   380   380 W SurfaceFlinger: couldn't log to binary event log: overflow.
08-06 11:51:23.950 28441 28465 I art     : Explicit concurrent mark sweep GC freed 44233(2MB) AllocSpace objects, 1(20KB) LOS objects, 28% free, 39MB/55MB, paused 509us total 81.427ms
08-06 11:51:23.970 28441 28465 I art     : Starting a blocking GC Explicit
08-06 11:51:24.025 28441 28465 I art     : Explicit concurrent mark sweep GC freed 505(26KB) AllocSpace objects, 0(0B) LOS objects, 28% free, 39MB/55MB, paused 445us total 55.160ms
08-06 11:51:24.045 28441 28465 I art     : Starting a blocking GC Explicit
08-06 11:51:24.104 28441 28465 I art     : Explicit concurrent mark sweep GC freed 146(4KB) AllocSpace objects, 0(0B) LOS objects, 28% free, 39MB/55MB, paused 519us total 58.760ms
08-06 11:51:24.126 28441 28465 I art     : Starting a blocking GC Explicit
08-06 11:51:24.131   512  2967 D audio_hw_primary: disable_audio_route: reset and update mixer path: low-latency-playback speaker
08-06 11:51:24.132   512  2967 D audio_hw_primary: disable_snd_device: snd_device(2: speaker)
08-06 11:51:24.140   512  2967 I soundtrigger: audio_extn_sound_trigger_update_device_status: device 0x2 of type 0 for Event 0
08-06 11:51:24.182 28441 28465 I art     : Explicit concurrent mark sweep GC freed 14(448B) AllocSpace objects, 0(0B) LOS objects, 28% free, 39MB/55MB, paused 428us total 55.892ms
08-06 11:51:24.203 28441 28465 I art     : Starting a blocking GC Explicit
08-06 11:51:24.262 28441 28465 I art     : Explicit concurrent mark sweep GC freed 3(96B) AllocSpace objects, 0(0B) LOS objects, 28% free, 39MB/55MB, paused 513us total 58.656ms
08-06 11:51:24.603 28441 28452 I art     : Starting a blocking GC Explicit
08-06 11:51:24.666 28441 28452 I art     : Explicit concurrent mark sweep GC freed 1356(82KB) AllocSpace objects, 1(20KB) LOS objects, 28% free, 39MB/55MB, paused 481us total 63.394ms
08-06 11:51:24.687 28441 28452 I art     : Starting a blocking GC Explicit
08-06 11:51:24.747 25566 25566 I ServiceManager: Waiting for service AtCmdFwd...
08-06 11:51:24.751 28441 28452 I art     : Explicit concurrent mark sweep GC freed 66(2528B) AllocSpace objects, 0(0B) LOS objects, 28% free, 39MB/55MB, paused 503us total 62.976ms
08-06 11:51:24.773 28441 28452 I art     : Starting a blocking GC Explicit
08-06 11:51:24.836 28441 28452 I art     : Explicit concurrent mark sweep GC freed 3(96B) AllocSpace objects, 0(0B) LOS objects, 28% free, 39MB/55MB, paused 497us total 63.001ms
08-06 11:51:24.857 28441 28452 I art     : Starting a blocking GC Explicit
08-06 11:51:24.926 28441 28452 I art     : Explicit concurrent mark sweep GC freed 3(96B) AllocSpace objects, 0(0B) LOS objects, 28% free, 39MB/55MB, paused 556us total 68.860ms
08-06 11:51:24.951 28441 28452 I art     : Starting a blocking GC Explicit
08-06 11:51:25.015 28441 28452 I art     : Explicit concurrent mark sweep GC freed 3(96B) AllocSpace objects, 0(0B) LOS objects, 28% free, 39MB/55MB, paused 500us total 64.291ms
08-06 11:51:25.363 28441 28667 I art     : Starting a blocking GC Explicit
08-06 11:51:25.441 28441 28667 I art     : Explicit concurrent mark sweep GC freed 1356(82KB) AllocSpace objects, 1(20KB) LOS objects, 28% free, 39MB/55MB, paused 504us total 77.686ms
08-06 11:51:25.463 28441 28667 I art     : Starting a blocking GC Explicit
08-06 11:51:25.539 28441 28667 I art     : Explicit concurrent mark sweep GC freed 20(704B) AllocSpace objects, 0(0B) LOS objects, 28% free, 39MB/55MB, paused 561us total 76.098ms
08-06 11:51:25.566 28441 28667 I art     : Starting a blocking GC Explicit
08-06 11:51:25.639 28441 28667 I art     : Explicit concurrent mark sweep GC freed 3(96B) AllocSpace objects, 0(0B) LOS objects, 28% free, 39MB/55MB, paused 572us total 73.260ms
08-06 11:51:25.664 28441 28667 I art     : Starting a blocking GC Explicit
08-06 11:51:25.735 28441 28667 I art     : Explicit concurrent mark sweep GC freed 3(96B) AllocSpace objects, 0(0B) LOS objects, 28% free, 39MB/55MB, paused 516us total 70.761ms
08-06 11:51:25.747 25566 25566 I ServiceManager: Waiting for service AtCmdFwd...
08-06 11:51:25.757 28441 28667 I art     : Starting a blocking GC Explicit
08-06 11:51:25.832 28441 28667 I art     : Explicit concurrent mark sweep GC freed 3(96B) AllocSpace objects, 0(0B) LOS objects, 28% free, 39MB/55MB, paused 549us total 75.199ms
08-06 11:51:26.198 28441 28465 I art     : Starting a blocking GC Explicit
08-06 11:51:26.284 28441 28465 I art     : Explicit concurrent mark sweep GC freed 1356(82KB) AllocSpace objects, 1(20KB) LOS objects, 28% free, 39MB/55MB, paused 518us total 85.881ms
08-06 11:51:26.310 28441 28465 I art     : Starting a blocking GC Explicit
08-06 11:51:26.381 28441 28465 I art     : Explicit concurrent mark sweep GC freed 20(704B) AllocSpace objects, 0(0B) LOS objects, 28% free, 39MB/55MB, paused 514us total 70.696ms
08-06 11:51:26.403 28441 28465 I art     : Starting a blocking GC Explicit
08-06 11:51:26.473 28441 28465 I art     : Explicit concurrent mark sweep GC freed 3(96B) AllocSpace objects, 0(0B) LOS objects, 28% free, 39MB/55MB, paused 531us total 70.053ms
08-06 11:51:26.495 28441 28465 I art     : Starting a blocking GC Explicit
08-06 11:51:26.571 28441 28465 I art     : Explicit concurrent mark sweep GC freed 3(96B) AllocSpace objects, 0(0B) LOS objects, 28% free, 39MB/55MB, paused 560us total 75.594ms
08-06 11:51:26.594 28441 28465 I art     : Starting a blocking GC Explicit
08-06 11:51:26.667 28441 28465 I art     : Explicit concurrent mark sweep GC freed 3(96B) AllocSpace objects, 0(0B) LOS objects, 28% free, 39MB/55MB, paused 520us total 71.815ms
08-06 11:51:26.748 25566 25566 I ServiceManager: Waiting for service AtCmdFwd...
08-06 11:51:27.044 28441 29230 I art     : Starting a blocking GC Explicit
08-06 11:51:27.137 28441 29230 I art     : Explicit concurrent mark sweep GC freed 1356(82KB) AllocSpace objects, 1(20KB) LOS objects, 28% free, 39MB/55MB, paused 561us total 92.039ms
08-06 11:51:27.160 28441 29230 I art     : Starting a blocking GC Explicit
08-06 11:51:27.230 28441 29230 I art     : Explicit concurrent mark sweep GC freed 20(704B) AllocSpace objects, 0(0B) LOS objects, 28% free, 39MB/55MB, paused 519us total 69.638ms
08-06 11:51:27.252 28441 29230 I art     : Starting a blocking GC Explicit
08-06 11:51:27.328 28441 29230 I art     : Explicit concurrent mark sweep GC freed 3(96B) AllocSpace objects, 0(0B) LOS objects, 28% free, 39MB/55MB, paused 770us total 76.290ms
08-06 11:51:27.351 28441 29230 I art     : Starting a blocking GC Explicit
08-06 11:51:27.388   518   646 I ThermalEngine: ACTION: GPU - Setting GPU[0] to 510000000
08-06 11:51:27.422 28441 29230 I art     : Explicit concurrent mark sweep GC freed 3(96B) AllocSpace objects, 0(0B) LOS objects, 28% free, 39MB/55MB, paused 528us total 71.022ms
08-06 11:51:27.441 28441 29230 I art     : Starting a blocking GC Explicit
08-06 11:51:27.494 28441 29230 I art     : Explicit concurrent mark sweep GC freed 3(96B) AllocSpace objects, 0(0B) LOS objects, 28% free, 39MB/55MB, paused 385us total 53.012ms
08-06 11:51:27.748 25566 25566 W Atfwd_Sendcmd: AtCmdFwd service not published, waiting... retryCnt : 2
08-06 11:51:27.835 28441 28453 I art     : Starting a blocking GC Explicit
08-06 11:51:27.888 28441 28453 I art     : Explicit concurrent mark sweep GC freed 1356(82KB) AllocSpace objects, 1(20KB) LOS objects, 28% free, 39MB/55MB, paused 525us total 52.444ms
08-06 11:51:27.904 28441 28453 I art     : Starting a blocking GC Explicit
08-06 11:51:27.950 28441 28453 I art     : Explicit concurrent mark sweep GC freed 20(704B) AllocSpace objects, 0(0B) LOS objects, 28% free, 39MB/55MB, paused 349us total 45.661ms
08-06 11:51:27.965 28441 28453 I art     : Starting a blocking GC Explicit
08-06 11:51:28.015 28441 28453 I art     : Explicit concurrent mark sweep GC freed 3(96B) AllocSpace objects, 0(0B) LOS objects, 28% free, 39MB/55MB, paused 382us total 49.662ms
08-06 11:51:28.032 28441 28453 I art     : Starting a blocking GC Explicit
08-06 11:51:28.082 28441 28453 I art     : Explicit concurrent mark sweep GC freed 3(96B) AllocSpace objects, 0(0B) LOS objects, 28% free, 39MB/55MB, paused 376us total 50.409ms
08-06 11:51:28.098 28441 28453 I art     : Starting a blocking GC Explicit
08-06 11:51:28.148 28441 28453 I art     : Explicit concurrent mark sweep GC freed 3(96B) AllocSpace objects, 0(0B) LOS objects, 28% free, 39MB/55MB, paused 397us total 49.751ms
08-06 11:51:28.214 31915 31915 D AndroidRuntime: >>>>>> START com.android.internal.os.RuntimeInit uid 2000 <<<<<<
08-06 11:51:28.219 31915 31915 D AndroidRuntime: CheckJNI is OFF
08-06 11:51:28.253 31915 31915 D ICU     : No timezone override file found: /data/misc/zoneinfo/current/icu/icu_tzdata.dat
08-06 11:51:28.288 31915 31915 I Radio-JNI: register_android_hardware_Radio DONE
08-06 11:51:28.313 31915 31915 D AndroidRuntime: Calling main entry com.android.commands.input.Input
08-06 11:51:28.314 31915 31915 I Input   : injectKeyEvent: KeyEvent { action=ACTION_DOWN, keyCode=KEYCODE_BACK, scanCode=0, metaState=0, flags=0x0, repeatCount=0, eventTime=877904727, downTime=877904727, deviceId=-1, source=0x101 }
08-06 11:51:28.321 31915 31915 I Input   : injectKeyEvent: KeyEvent { action=ACTION_UP, keyCode=KEYCODE_BACK, scanCode=0, metaState=0, flags=0x0, repeatCount=0, eventTime=877904727, downTime=877904727, deviceId=-1, source=0x101 }
08-06 11:51:28.330 31915 31915 D AndroidRuntime: Shutting down VM
08-06 11:51:28.367 13866 13866 I GoogleInputMethodServic: GoogleInputMethodService.onFinishInput():3138 
08-06 11:51:28.368 13866 13866 I GoogleInputMethodServic: GoogleInputMethodService.onStartInput():1808 
08-06 11:51:28.459 28441 29230 I art     : Starting a blocking GC Explicit
08-06 11:51:28.533 28441 29230 I art     : Explicit concurrent mark sweep GC freed 1625(92KB) AllocSpace objects, 1(20KB) LOS objects, 28% free, 39MB/55MB, paused 385us total 74.044ms
08-06 11:51:28.555 28441 29230 I art     : Starting a blocking GC Explicit
08-06 11:51:28.583 28441 31853 I RedditChangeDataIO: Writing tmp data file at '/data/user/0/baseline.org.quantumbadger.redreader/files/rr_change_data_tmp.dat'
08-06 11:51:28.583 28441 31853 I RedditChangeDataManager: Taking snapshot...
08-06 11:51:28.583 28441 31853 I RedditChangeDataManager: Writing to stream...
08-06 11:51:28.583 28441 31853 I RedditChangeDataManager: Wrote 6 entries for user ''
08-06 11:51:28.584 28441 31853 I RedditChangeDataManager: All entries written to stream.
08-06 11:51:28.584 28441 31853 I RedditChangeDataIO: Write successful. Atomically replacing data file...
08-06 11:51:28.584 28441 31853 I RedditChangeDataIO: Write complete.
08-06 11:51:28.584 28441 31853 I RedditChangeDataIO: 158 bytes written in 1 ms
08-06 11:51:28.616 28441 29230 I art     : Explicit concurrent mark sweep GC freed 103(5KB) AllocSpace objects, 1(68KB) LOS objects, 28% free, 39MB/55MB, paused 402us total 61.101ms
08-06 11:51:28.636 28441 29230 I art     : Starting a blocking GC Explicit
08-06 11:51:28.671   380   380 W SurfaceFlinger: couldn't log to binary event log: overflow.
08-06 11:51:28.690 28441 29230 I art     : Explicit concurrent mark sweep GC freed 45(1696B) AllocSpace objects, 0(0B) LOS objects, 28% free, 39MB/55MB, paused 335us total 53.594ms
08-06 11:51:28.705 28441 29230 I art     : Starting a blocking GC Explicit
08-06 11:51:28.754 28441 29230 I art     : Explicit concurrent mark sweep GC freed 23(992B) AllocSpace objects, 0(0B) LOS objects, 28% free, 39MB/55MB, paused 390us total 48.847ms
08-06 11:51:28.770 28441 29230 I art     : Starting a blocking GC Explicit
08-06 11:51:28.814 28441 29230 I art     : Explicit concurrent mark sweep GC freed 41379(2MB) AllocSpace objects, 5(140KB) LOS objects, 29% free, 37MB/53MB, paused 429us total 43.247ms
08-06 11:51:29.136 28441 28667 I art     : Starting a blocking GC Explicit
08-06 11:51:29.188 28441 28667 I art     : Explicit concurrent mark sweep GC freed 1358(83KB) AllocSpace objects, 1(20KB) LOS objects, 29% free, 37MB/53MB, paused 430us total 51.667ms
08-06 11:51:29.205 28441 28667 I art     : Starting a blocking GC Explicit
08-06 11:51:29.245 28441 28667 I art     : Explicit concurrent mark sweep GC freed 20(704B) AllocSpace objects, 0(0B) LOS objects, 29% free, 37MB/53MB, paused 378us total 39.833ms
08-06 11:51:29.259 28441 28667 I art     : Starting a blocking GC Explicit
08-06 11:51:29.300 28441 28667 I art     : Explicit concurrent mark sweep GC freed 3(96B) AllocSpace objects, 0(0B) LOS objects, 29% free, 37MB/53MB, paused 392us total 40.354ms
08-06 11:51:29.315 28441 28667 I art     : Starting a blocking GC Explicit
08-06 11:51:29.355 28441 28667 I art     : Explicit concurrent mark sweep GC freed 3(96B) AllocSpace objects, 0(0B) LOS objects, 29% free, 37MB/53MB, paused 340us total 39.594ms
08-06 11:51:29.370 28441 28667 I art     : Starting a blocking GC Explicit
08-06 11:51:29.410 28441 28667 I art     : Explicit concurrent mark sweep GC freed 3(96B) AllocSpace objects, 0(0B) LOS objects, 29% free, 37MB/53MB, paused 368us total 39.731ms
08-06 11:51:29.705 28441 28452 I art     : Starting a blocking GC Explicit
08-06 11:51:29.746 28441 28452 I art     : Explicit concurrent mark sweep GC freed 1356(82KB) AllocSpace objects, 1(20KB) LOS objects, 29% free, 37MB/53MB, paused 384us total 40.731ms
08-06 11:51:29.761 28441 28452 I art     : Starting a blocking GC Explicit
08-06 11:51:29.799 28441 28452 I art     : Explicit concurrent mark sweep GC freed 20(704B) AllocSpace objects, 0(0B) LOS objects, 29% free, 37MB/53MB, paused 383us total 38.093ms
08-06 11:51:29.814 28441 28452 I art     : Starting a blocking GC Explicit
08-06 11:51:29.853 28441 28452 I art     : Explicit concurrent mark sweep GC freed 3(96B) AllocSpace objects, 0(0B) LOS objects, 29% free, 37MB/53MB, paused 372us total 38.970ms
08-06 11:51:29.867 28441 28452 I art     : Starting a blocking GC Explicit
08-06 11:51:29.906 28441 28452 I art     : Explicit concurrent mark sweep GC freed 3(96B) AllocSpace objects, 0(0B) LOS objects, 29% free, 37MB/53MB, paused 380us total 38.196ms
08-06 11:51:29.920 28441 28452 I art     : Starting a blocking GC Explicit
08-06 11:51:29.955 28441 28452 I art     : Explicit concurrent mark sweep GC freed 3(96B) AllocSpace objects, 0(0B) LOS objects, 29% free, 37MB/53MB, paused 360us total 34.949ms
08-06 11:51:30.002 31953 31953 D AndroidRuntime: >>>>>> START com.android.internal.os.RuntimeInit uid 2000 <<<<<<
08-06 11:51:30.007 31953 31953 D AndroidRuntime: CheckJNI is OFF
08-06 11:51:30.040 31953 31953 D ICU     : No timezone override file found: /data/misc/zoneinfo/current/icu/icu_tzdata.dat
08-06 11:51:30.073 31953 31953 I Radio-JNI: register_android_hardware_Radio DONE
08-06 11:51:30.097 31953 31953 D AndroidRuntime: Calling main entry com.android.commands.input.Input
08-06 11:51:30.101 31953 31953 I Input   : injectKeyEvent: KeyEvent { action=ACTION_DOWN, keyCode=KEYCODE_BACK, scanCode=0, metaState=0, flags=0x0, repeatCount=0, eventTime=877906513, downTime=877906513, deviceId=-1, source=0x101 }
08-06 11:51:30.111 31953 31953 I Input   : injectKeyEvent: KeyEvent { action=ACTION_UP, keyCode=KEYCODE_BACK, scanCode=0, metaState=0, flags=0x0, repeatCount=0, eventTime=877906513, downTime=877906513, deviceId=-1, source=0x101 }
08-06 11:51:30.117 31953 31953 D AndroidRuntime: Shutting down VM
08-06 11:51:30.150 13866 13866 I GoogleInputMethodServic: GoogleInputMethodService.onFinishInput():3138 
08-06 11:51:30.151 13866 13866 I GoogleInputMethodServic: GoogleInputMethodService.onStartInput():1808 
08-06 11:51:30.242 28441 28452 I art     : Starting a blocking GC Explicit
08-06 11:51:30.280 28441 28452 I art     : Explicit concurrent mark sweep GC freed 1536(88KB) AllocSpace objects, 1(20KB) LOS objects, 29% free, 37MB/53MB, paused 463us total 38.309ms
08-06 11:51:30.298 28441 28452 I art     : Starting a blocking GC Explicit
08-06 11:51:30.350 28441 28452 I art     : Explicit concurrent mark sweep GC freed 24(864B) AllocSpace objects, 0(0B) LOS objects, 29% free, 37MB/53MB, paused 458us total 51.898ms
08-06 11:51:30.366 28441 28452 I art     : Starting a blocking GC Explicit
08-06 11:51:30.402 28441 28452 I art     : Explicit concurrent mark sweep GC freed 3(96B) AllocSpace objects, 0(0B) LOS objects, 29% free, 37MB/53MB, paused 348us total 36.679ms
08-06 11:51:30.420 28441 28452 I art     : Starting a blocking GC Explicit
08-06 11:51:30.459 28441 28452 I art     : Explicit concurrent mark sweep GC freed 41(1360B) AllocSpace objects, 0(0B) LOS objects, 29% free, 37MB/53MB, paused 374us total 39.353ms
08-06 11:51:30.474 28441 28452 I art     : Starting a blocking GC Explicit
08-06 11:51:30.512 28441 28452 I art     : Explicit concurrent mark sweep GC freed 23(992B) AllocSpace objects, 0(0B) LOS objects, 29% free, 37MB/53MB, paused 384us total 37.977ms
08-06 11:51:30.838 28441 28465 I art     : Starting a blocking GC Explicit
08-06 11:51:30.890 28441 28465 I art     : Explicit concurrent mark sweep GC freed 1486(89KB) AllocSpace objects, 1(20KB) LOS objects, 29% free, 37MB/53MB, paused 484us total 52.125ms
08-06 11:51:30.909 28441 28465 I art     : Starting a blocking GC Explicit
08-06 11:51:30.951 28441 28465 I art     : Explicit concurrent mark sweep GC freed 20(704B) AllocSpace objects, 0(0B) LOS objects, 29% free, 37MB/53MB, paused 414us total 41.653ms
08-06 11:51:30.966 28441 28465 I art     : Starting a blocking GC Explicit
08-06 11:51:31.008 28441 28465 I art     : Explicit concurrent mark sweep GC freed 3(96B) AllocSpace objects, 0(0B) LOS objects, 29% free, 37MB/53MB, paused 491us total 41.555ms
08-06 11:51:31.024 28441 28465 I art     : Starting a blocking GC Explicit
08-06 11:51:31.064 28441 28465 I art     : Explicit concurrent mark sweep GC freed 3(96B) AllocSpace objects, 0(0B) LOS objects, 29% free, 37MB/53MB, paused 399us total 40.145ms
08-06 11:51:31.079 28441 28465 I art     : Starting a blocking GC Explicit
08-06 11:51:31.121 28441 28465 I art     : Explicit concurrent mark sweep GC freed 3(96B) AllocSpace objects, 0(0B) LOS objects, 29% free, 37MB/53MB, paused 469us total 42.042ms
08-06 11:51:31.439 28441 29230 I art     : Starting a blocking GC Explicit
08-06 11:51:31.480 28441 29230 I art     : Explicit concurrent mark sweep GC freed 1356(82KB) AllocSpace objects, 1(20KB) LOS objects, 29% free, 37MB/53MB, paused 415us total 41.139ms
08-06 11:51:31.495 28441 29230 I art     : Starting a blocking GC Explicit
08-06 11:51:31.534 28441 29230 I art     : Explicit concurrent mark sweep GC freed 20(704B) AllocSpace objects, 0(0B) LOS objects, 29% free, 37MB/53MB, paused 401us total 39.089ms
08-06 11:51:31.549 28441 29230 I art     : Starting a blocking GC Explicit
08-06 11:51:31.589 28441 29230 I art     : Explicit concurrent mark sweep GC freed 3(96B) AllocSpace objects, 0(0B) LOS objects, 29% free, 37MB/53MB, paused 408us total 39.431ms
08-06 11:51:31.603 28441 29230 I art     : Starting a blocking GC Explicit
08-06 11:51:31.642 28441 29230 I art     : Explicit concurrent mark sweep GC freed 3(96B) AllocSpace objects, 0(0B) LOS objects, 29% free, 37MB/53MB, paused 403us total 38.485ms
08-06 11:51:31.656 28441 29230 I art     : Starting a blocking GC Explicit
08-06 11:51:31.694 28441 29230 I art     : Explicit concurrent mark sweep GC freed 3(96B) AllocSpace objects, 0(0B) LOS objects, 29% free, 37MB/53MB, paused 403us total 38.363ms
08-06 11:51:31.792 32004 32004 D AndroidRuntime: >>>>>> START com.android.internal.os.RuntimeInit uid 2000 <<<<<<
08-06 11:51:31.799 32004 32004 D AndroidRuntime: CheckJNI is OFF
08-06 11:51:31.839 32004 32004 D ICU     : No timezone override file found: /data/misc/zoneinfo/current/icu/icu_tzdata.dat
08-06 11:51:31.872 32004 32004 I Radio-JNI: register_android_hardware_Radio DONE
08-06 11:51:31.893 32004 32004 D AndroidRuntime: Calling main entry com.android.commands.input.Input
08-06 11:51:31.895 32004 32004 I Input   : injectMotionEvent: MotionEvent { action=ACTION_DOWN, actionButton=0, id[0]=0, x[0]=600.0, y[0]=1733.0, toolType[0]=TOOL_TYPE_UNKNOWN, buttonState=0, metaState=0, flags=0x0, edgeFlags=0x0, pointerCount=1, historySize=0, eventTime=877908308, downTime=877908308, deviceId=0, source=0x1002 }
08-06 11:51:31.900 32004 32004 I Input   : injectMotionEvent: MotionEvent { action=ACTION_UP, actionButton=0, id[0]=0, x[0]=600.0, y[0]=1733.0, toolType[0]=TOOL_TYPE_UNKNOWN, buttonState=0, metaState=0, flags=0x0, edgeFlags=0x0, pointerCount=1, historySize=0, eventTime=877908308, downTime=877908308, deviceId=0, source=0x1002 }
08-06 11:51:31.901 32004 32004 D AndroidRuntime: Shutting down VM
08-06 11:51:31.910   918  3696 I ActivityManager: START u0 {dat=https://oauth.reddit.com/... cmp=baseline.org.quantumbadger.redreader/.activities.PostListingActivity} from uid 10705 on display 0
08-06 11:51:31.911   512  2967 D audio_hw_primary: out_set_parameters: enter: usecase(1: low-latency-playback) kvpairs: routing=2
08-06 11:51:31.924   512  2967 D audio_hw_primary: select_devices: out_snd_device(2: speaker) in_snd_device(0: none)
08-06 11:51:31.925   512  2967 D msm8974_platform: platform_send_audio_calibration: sending audio calibration for snd_device(2) acdb_id(15)
08-06 11:51:31.925   512  2967 I soundtrigger: audio_extn_sound_trigger_update_device_status: device 0x2 of type 0 for Event 1
08-06 11:51:31.935 28441 28441 I AppCompatViewInflater: app:theme is now deprecated. Please move to using android:theme instead.
08-06 11:51:31.938   512  2967 D audio_hw_primary: enable_snd_device: snd_device(2: speaker)
08-06 11:51:31.940   512  2967 D audio_hw_primary: enable_audio_route: apply and update mixer path: low-latency-playback speaker
08-06 11:51:31.955 28441 32030 D OK      : calling: https://oauth.reddit.com/r/aww/about.json
08-06 11:51:32.005 28441 28452 I art     : Starting a blocking GC Explicit
08-06 11:51:32.018   918   936 I ActivityManager: Displayed baseline.org.quantumbadger.redreader/.activities.PostListingActivity: +99ms
08-06 11:51:32.018 13866 13866 I GoogleInputMethodServic: GoogleInputMethodService.onFinishInput():3138 
08-06 11:51:32.019 13866 13866 I GoogleInputMethodServic: GoogleInputMethodService.onStartInput():1808 
08-06 11:51:32.043 28441 28452 I art     : Explicit concurrent mark sweep GC freed 2974(185KB) AllocSpace objects, 1(20KB) LOS objects, 29% free, 37MB/53MB, paused 487us total 38.144ms
08-06 11:51:32.060 28441 28452 I art     : Starting a blocking GC Explicit
08-06 11:51:32.095 28441 28452 I art     : Explicit concurrent mark sweep GC freed 504(27KB) AllocSpace objects, 0(0B) LOS objects, 29% free, 37MB/53MB, paused 386us total 34.572ms
08-06 11:51:32.109 28441 28452 I art     : Starting a blocking GC Explicit
08-06 11:51:32.150 28441 28452 I art     : Explicit concurrent mark sweep GC freed 1935(75KB) AllocSpace objects, 0(0B) LOS objects, 29% free, 37MB/53MB, paused 504us total 40.604ms
08-06 11:51:32.165 28441 28452 I art     : Starting a blocking GC Explicit
08-06 11:51:32.205 28441 28452 I art     : Explicit concurrent mark sweep GC freed 90(3KB) AllocSpace objects, 0(0B) LOS objects, 29% free, 37MB/53MB, paused 495us total 39.834ms
08-06 11:51:32.223 28441 28452 I art     : Starting a blocking GC Explicit
08-06 11:51:32.272 28441 28452 I art     : Explicit concurrent mark sweep GC freed 7(256B) AllocSpace objects, 0(0B) LOS objects, 29% free, 37MB/53MB, paused 520us total 48.994ms
08-06 11:51:32.276   380   380 W SurfaceFlinger: couldn't log to binary event log: overflow.
08-06 11:51:32.285 28441 32030 I NAPPA_EXPERIMENTATION: MetricNetworkRequestExecutionTime: REQUEST_DURATION_SYSTEM='330',REQUEST_DURATION_OKHTTP='152',REQUEST_SYNCHRONOUS='TRUE',RESPONSE_CODE='200',RESPONSE_METHOD='GET',RESPONSE_LENGTH_OKHTTP='-1',RESPONSE_LENGTH_HEADER='3478',REQUEST_PROTOCOL='h2',REQUEST_URL='https://oauth.reddit.com/r/aww/about.json',
08-06 11:51:32.285 28441 32030 D OK      : request got status: 200
08-06 11:51:32.478   512  2967 D audio_hw_primary: disable_audio_route: reset and update mixer path: low-latency-playback speaker
08-06 11:51:32.479   512  2967 D audio_hw_primary: disable_snd_device: snd_device(2: speaker)
08-06 11:51:32.487   512  2967 I soundtrigger: audio_extn_sound_trigger_update_device_status: device 0x2 of type 0 for Event 0
08-06 11:51:32.583 28441 28667 I art     : Starting a blocking GC Explicit
08-06 11:51:32.628 28441 28667 I art     : Explicit concurrent mark sweep GC freed 2827(277KB) AllocSpace objects, 3(156KB) LOS objects, 29% free, 37MB/53MB, paused 564us total 44.380ms
08-06 11:51:32.642 28441 28667 I art     : Starting a blocking GC Explicit
08-06 11:51:32.685 28441 28667 I art     : Explicit concurrent mark sweep GC freed 223(11KB) AllocSpace objects, 0(0B) LOS objects, 29% free, 37MB/53MB, paused 419us total 42.236ms
08-06 11:51:32.699 28441 28667 I art     : Starting a blocking GC Explicit
08-06 11:51:32.736 28441 28667 I art     : Explicit concurrent mark sweep GC freed 3(96B) AllocSpace objects, 0(0B) LOS objects, 29% free, 37MB/53MB, paused 400us total 36.595ms
08-06 11:51:32.750 28441 28667 I art     : Starting a blocking GC Explicit
08-06 11:51:32.790 28441 28667 I art     : Explicit concurrent mark sweep GC freed 27(1120B) AllocSpace objects, 0(0B) LOS objects, 29% free, 37MB/53MB, paused 436us total 39.717ms
08-06 11:51:32.804 28441 28667 I art     : Starting a blocking GC Explicit
08-06 11:51:32.845 28441 28667 I art     : Explicit concurrent mark sweep GC freed 3(96B) AllocSpace objects, 0(0B) LOS objects, 29% free, 37MB/53MB, paused 413us total 40.647ms
08-06 11:51:33.156 28441 32054 D OK      : calling: https://oauth.reddit.com/r/aww/hot/.json
08-06 11:51:33.163 28441 29230 I art     : Starting a blocking GC Explicit
08-06 11:51:33.204 28441 29230 I art     : Explicit concurrent mark sweep GC freed 1458(86KB) AllocSpace objects, 1(20KB) LOS objects, 29% free, 37MB/53MB, paused 486us total 40.568ms
08-06 11:51:33.219 28441 29230 I art     : Starting a blocking GC Explicit
08-06 11:51:33.259 28441 29230 I art     : Explicit concurrent mark sweep GC freed 26(960B) AllocSpace objects, 0(0B) LOS objects, 29% free, 37MB/53MB, paused 552us total 40.061ms
08-06 11:51:33.274 28441 29230 I art     : Starting a blocking GC Explicit
08-06 11:51:33.313 28441 29230 I art     : Explicit concurrent mark sweep GC freed 3(96B) AllocSpace objects, 0(0B) LOS objects, 29% free, 37MB/53MB, paused 419us total 39.190ms
08-06 11:51:33.328 28441 29230 I art     : Starting a blocking GC Explicit
08-06 11:51:33.368 28441 29230 I art     : Explicit concurrent mark sweep GC freed 3(96B) AllocSpace objects, 0(0B) LOS objects, 29% free, 37MB/53MB, paused 546us total 40.516ms
08-06 11:51:33.383 28441 29230 I art     : Starting a blocking GC Explicit
08-06 11:51:33.384 28441 32054 I NAPPA_EXPERIMENTATION: MetricNetworkRequestExecutionTime: REQUEST_DURATION_SYSTEM='228',REQUEST_DURATION_OKHTTP='224',REQUEST_SYNCHRONOUS='TRUE',RESPONSE_CODE='200',RESPONSE_METHOD='GET',RESPONSE_LENGTH_OKHTTP='-1',RESPONSE_LENGTH_HEADER='33430',REQUEST_PROTOCOL='h2',REQUEST_URL='https://oauth.reddit.com/r/aww/hot/.json',
08-06 11:51:33.384 28441 32054 D OK      : request got status: 200
08-06 11:51:33.402   518   646 I ThermalEngine: ACTION: GPU - Setting GPU[0] to 450000000
08-06 11:51:33.403 28441 29005 I PostListingFragment: Precaching images: OFF
08-06 11:51:33.403 28441 29005 I PostListingFragment: Precaching comments: OFF
08-06 11:51:33.425 28441 29005 I getImgurImageInfo: Image NSO7Npm: trying API v3 with auth
08-06 11:51:33.432 28441 29230 I art     : Explicit concurrent mark sweep GC freed 3307(237KB) AllocSpace objects, 4(140KB) LOS objects, 29% free, 38MB/54MB, paused 1.298ms total 49.091ms
08-06 11:51:33.563 28441 32056 I RedditVideosAPI: For 'https://v.redd.it/ty24o02m1hd51/DASHPlaylist.mpd', got video stream 'https://v.redd.it/ty24o02m1hd51/DASH_480' and audio stream 'null'
08-06 11:51:33.568 28441 31012 I RedditVideosAPI: For 'https://v.redd.it/ak6rer1hskd51/DASHPlaylist.mpd', got video stream 'https://v.redd.it/ak6rer1hskd51/DASH_360' and audio stream 'null'
08-06 11:51:33.574 28441 32056 I RedditVideosAPI: For 'https://v.redd.it/fkewv2f65kd51/DASHPlaylist.mpd', got video stream 'https://v.redd.it/fkewv2f65kd51/DASH_480' and audio stream 'https://v.redd.it/fkewv2f65kd51/audio'
08-06 11:51:33.580 28441 31012 I RedditVideosAPI: For 'https://v.redd.it/h49fg58ygjd51/DASHPlaylist.mpd', got video stream 'https://v.redd.it/h49fg58ygjd51/DASH_480' and audio stream 'null'
08-06 11:51:33.581 28441 32056 I RedditVideosAPI: For 'https://v.redd.it/1ewzkieg0jd51/DASHPlaylist.mpd', got video stream 'https://v.redd.it/1ewzkieg0jd51/DASH_480' and audio stream 'https://v.redd.it/1ewzkieg0jd51/audio'
08-06 11:51:33.581 28441 31012 I RedditVideosAPI: For 'https://v.redd.it/ppmhu2r9thd51/DASHPlaylist.mpd', got video stream 'https://v.redd.it/ppmhu2r9thd51/DASH_480' and audio stream 'null'
08-06 11:51:33.582 28441 32056 I RedditVideosAPI: For 'https://v.redd.it/s9qqadf3mid51/DASHPlaylist.mpd', got video stream 'https://v.redd.it/s9qqadf3mid51/DASH_480' and audio stream 'https://v.redd.it/s9qqadf3mid51/audio'
08-06 11:51:33.582 28441 31012 I RedditVideosAPI: For 'https://v.redd.it/b8vazlcb7ld51/DASHPlaylist.mpd', got video stream 'https://v.redd.it/b8vazlcb7ld51/DASH_480' and audio stream 'https://v.redd.it/b8vazlcb7ld51/audio'
08-06 11:51:33.583 28441 32056 I RedditVideosAPI: For 'https://v.redd.it/ar5k8892pid51/DASHPlaylist.mpd', got video stream 'https://v.redd.it/ar5k8892pid51/DASH_360' and audio stream 'https://v.redd.it/ar5k8892pid51/audio'
08-06 11:51:33.619 28441 28441 W RecyclerView: Cannot call this method in a scroll callback. Scroll callbacks mightbe run during a measure & layout pass where you cannot change theRecyclerView data. Any method call that might change the structureof the RecyclerView or the adapter contents should be postponed tothe next frame.
08-06 11:51:33.619 28441 28441 W RecyclerView: java.lang.IllegalStateException:  androidx.recyclerview.widget.RecyclerView{6193001 VFED..... .F....ID 0,0-1440,2140 #7f0900ef app:id/scrollbar_recyclerview_recyclerview}, adapter:baseline.org.quantumbadger.redreader.adapters.GroupedRecyclerViewAdapter@71feea6, layout:androidx.recyclerview.widget.LinearLayoutManager@db360e7, context:baseline.org.quantumbadger.redreader.activities.PostListingActivity@5304902
08-06 11:51:33.619 28441 28441 W RecyclerView: 	at androidx.recyclerview.widget.RecyclerView.assertNotInLayoutOrScroll(RecyclerView.java:3061)
08-06 11:51:33.619 28441 28441 W RecyclerView: 	at androidx.recyclerview.widget.RecyclerView$RecyclerViewDataObserver.onItemRangeInserted(RecyclerView.java:5555)
08-06 11:51:33.619 28441 28441 W RecyclerView: 	at androidx.recyclerview.widget.RecyclerView$AdapterDataObservable.notifyItemRangeInserted(RecyclerView.java:12278)
08-06 11:51:33.619 28441 28441 W RecyclerView: 	at androidx.recyclerview.widget.RecyclerView$Adapter.notifyItemInserted(RecyclerView.java:7464)
08-06 11:51:33.619 28441 28441 W RecyclerView: 	at baseline.org.quantumbadger.redreader.adapters.GroupedRecyclerViewAdapter.updateHiddenStatus(GroupedRecyclerViewAdapter.java:279)
08-06 11:51:33.619 28441 28441 W RecyclerView: 	at baseline.org.quantumbadger.redreader.adapters.RedditListingManager.setLoadingVisible(RedditListingManager.java:125)
08-06 11:51:33.619 28441 28441 W RecyclerView: 	at baseline.org.quantumbadger.redreader.fragments.PostListingFragment.onLoadMoreItemsCheck(PostListingFragment.java:465)
08-06 11:51:33.619 28441 28441 W RecyclerView: 	at baseline.org.quantumbadger.redreader.fragments.PostListingFragment.access$000(PostListingFragment.java:98)
08-06 11:51:33.619 28441 28441 W RecyclerView: 	at baseline.org.quantumbadger.redreader.fragments.PostListingFragment$2.onScrolled(PostListingFragment.java:215)
08-06 11:51:33.619 28441 28441 W RecyclerView: 	at androidx.recyclerview.widget.RecyclerView.dispatchOnScrolled(RecyclerView.java:5173)
08-06 11:51:33.619 28441 28441 W RecyclerView: 	at androidx.recyclerview.widget.RecyclerView.dispatchLayoutStep3(RecyclerView.java:4231)
08-06 11:51:33.619 28441 28441 W RecyclerView: 	at androidx.recyclerview.widget.RecyclerView.dispatchLayout(RecyclerView.java:3862)
08-06 11:51:33.619 28441 28441 W RecyclerView: 	at androidx.recyclerview.widget.RecyclerView.consumePendingUpdateOperations(RecyclerView.java:1897)
08-06 11:51:33.619 28441 28441 W RecyclerView: 	at androidx.recyclerview.widget.RecyclerView$1.run(RecyclerView.java:414)
08-06 11:51:33.619 28441 28441 W RecyclerView: 	at android.view.Choreographer$CallbackRecord.run(Choreographer.java:858)
08-06 11:51:33.619 28441 28441 W RecyclerView: 	at android.view.Choreographer.doCallbacks(Choreographer.java:670)
08-06 11:51:33.619 28441 28441 W RecyclerView: 	at android.view.Choreographer.doFrame(Choreographer.java:603)
08-06 11:51:33.619 28441 28441 W RecyclerView: 	at android.view.Choreographer$FrameDisplayEventReceiver.run(Choreographer.java:844)
08-06 11:51:33.619 28441 28441 W RecyclerView: 	at android.os.Handler.handleCallback(Handler.java:739)
08-06 11:51:33.619 28441 28441 W RecyclerView: 	at android.os.Handler.dispatchMessage(Handler.java:95)
08-06 11:51:33.619 28441 28441 W RecyclerView: 	at android.os.Looper.loop(Looper.java:148)
08-06 11:51:33.619 28441 28441 W RecyclerView: 	at android.app.ActivityThread.main(ActivityThread.java:5417)
08-06 11:51:33.619 28441 28441 W RecyclerView: 	at java.lang.reflect.Method.invoke(Native Method)
08-06 11:51:33.619 28441 28441 W RecyclerView: 	at com.android.internal.os.ZygoteInit$MethodAndArgsCaller.run(ZygoteInit.java:726)
08-06 11:51:33.619 28441 28441 W RecyclerView: 	at com.android.internal.os.ZygoteInit.main(ZygoteInit.java:616)
08-06 11:51:33.743 28441 28452 I art     : Starting a blocking GC Explicit
08-06 11:51:33.813 28441 28452 I art     : Explicit concurrent mark sweep GC freed 46860(3MB) AllocSpace objects, 93(5MB) LOS objects, 26% free, 43MB/59MB, paused 617us total 69.643ms
08-06 11:51:33.833 28441 28452 I art     : Starting a blocking GC Explicit
08-06 11:51:33.882 28441 28452 I art     : Explicit concurrent mark sweep GC freed 1649(71KB) AllocSpace objects, 0(0B) LOS objects, 27% free, 43MB/59MB, paused 564us total 48.135ms
08-06 11:51:33.901 28441 28452 I art     : Starting a blocking GC Explicit
08-06 11:51:33.955 28441 28452 I art     : Explicit concurrent mark sweep GC freed 1139(50KB) AllocSpace objects, 0(0B) LOS objects, 27% free, 43MB/59MB, paused 553us total 53.418ms
08-06 11:51:33.975 28441 28452 I art     : Starting a blocking GC Explicit
08-06 11:51:34.033 28441 28452 I art     : Explicit concurrent mark sweep GC freed 3(96B) AllocSpace objects, 0(0B) LOS objects, 27% free, 43MB/59MB, paused 554us total 57.971ms
08-06 11:51:34.055 28441 28452 I art     : Starting a blocking GC Explicit
08-06 11:51:34.114 28441 28452 I art     : Explicit concurrent mark sweep GC freed 3(96B) AllocSpace objects, 0(0B) LOS objects, 27% free, 43MB/59MB, paused 620us total 57.734ms
08-06 11:51:34.356 28441 32076 D OK      : calling: https://oauth.reddit.com/r/aww/hot/.json?after=t3_hz5odc
08-06 11:51:34.498 28441 28453 I art     : Starting a blocking GC Explicit
08-06 11:51:34.570 28441 28453 I art     : Explicit concurrent mark sweep GC freed 1455(87KB) AllocSpace objects, 1(20KB) LOS objects, 27% free, 43MB/59MB, paused 702us total 71.378ms
08-06 11:51:34.594 28441 28453 I art     : Starting a blocking GC Explicit
08-06 11:51:34.613 28441 32076 I NAPPA_EXPERIMENTATION: MetricNetworkRequestExecutionTime: REQUEST_DURATION_SYSTEM='256',REQUEST_DURATION_OKHTTP='250',REQUEST_SYNCHRONOUS='TRUE',RESPONSE_CODE='200',RESPONSE_METHOD='GET',RESPONSE_LENGTH_OKHTTP='-1',RESPONSE_LENGTH_HEADER='30610',REQUEST_PROTOCOL='h2',REQUEST_URL='https://oauth.reddit.com/r/aww/hot/.json?after=t3_hz5odc',
08-06 11:51:34.613 28441 32076 D OK      : request got status: 200
08-06 11:51:34.628 28441 29005 I PostListingFragment: Precaching images: OFF
08-06 11:51:34.628 28441 29005 I PostListingFragment: Precaching comments: OFF
08-06 11:51:34.650 28441 28453 I art     : Explicit concurrent mark sweep GC freed 1431(105KB) AllocSpace objects, 0(0B) LOS objects, 26% free, 43MB/59MB, paused 1.552ms total 55.943ms
08-06 11:51:34.659 28441 32056 I RedditVideosAPI: For 'https://v.redd.it/syww111dtjd51/DASHPlaylist.mpd', got video stream 'https://v.redd.it/syww111dtjd51/DASH_480' and audio stream 'https://v.redd.it/syww111dtjd51/audio'
08-06 11:51:34.670 28441 28453 I art     : Starting a blocking GC Explicit
08-06 11:51:34.722 28441 29005 I getImgurImageInfo: Image nLQR2hT: trying API v3 with auth
08-06 11:51:34.724 28441 28453 I art     : Explicit concurrent mark sweep GC freed 11338(770KB) AllocSpace objects, 33(2MB) LOS objects, 25% free, 46MB/62MB, paused 1.313ms total 53.988ms
08-06 11:51:34.744 28441 28453 I art     : Starting a blocking GC Explicit
08-06 11:51:34.795 28441 32079 I RedditVideosAPI: For 'https://v.redd.it/ue0jdgk9zhd51/DASHPlaylist.mpd', got video stream 'https://v.redd.it/ue0jdgk9zhd51/DASH_360' and audio stream 'https://v.redd.it/ue0jdgk9zhd51/audio'
08-06 11:51:34.798 28441 28453 I art     : Explicit concurrent mark sweep GC freed 10795(756KB) AllocSpace objects, 41(2MB) LOS objects, 24% free, 48MB/64MB, paused 671us total 53.720ms
08-06 11:51:34.798 28441 28451 I art     : WaitForGcToComplete blocked for 52.215ms for cause HeapTrim
08-06 11:51:34.806 28441 32079 I RedditVideosAPI: For 'https://v.redd.it/pbqrrfb3tkd51/DASHPlaylist.mpd', got video stream 'https://v.redd.it/pbqrrfb3tkd51/DASH_480' and audio stream 'null'
08-06 11:51:34.807 28441 32079 I RedditVideosAPI: For 'https://v.redd.it/rrygsb8i4ld51/DASHPlaylist.mpd', got video stream 'https://v.redd.it/rrygsb8i4ld51/DASH_480' and audio stream 'https://v.redd.it/rrygsb8i4ld51/audio'
08-06 11:51:34.808 28441 32079 I RedditVideosAPI: For 'https://v.redd.it/5x6zzipz8ld51/DASHPlaylist.mpd', got video stream 'https://v.redd.it/5x6zzipz8ld51/DASH_480' and audio stream 'null'
08-06 11:51:34.809 28441 32079 I RedditVideosAPI: For 'https://v.redd.it/75en73fm5id51/DASHPlaylist.mpd', got video stream 'https://v.redd.it/75en73fm5id51/DASH_480' and audio stream 'https://v.redd.it/75en73fm5id51/audio'
08-06 11:51:34.810 28441 32056 I RedditVideosAPI: For 'https://v.redd.it/ggz4fyth6hd51/DASHPlaylist.mpd', got video stream 'https://v.redd.it/ggz4fyth6hd51/DASH_360' and audio stream 'null'
08-06 11:51:34.812 28441 32056 I RedditVideosAPI: For 'https://v.redd.it/psrknoobrgd51/DASHPlaylist.mpd', got video stream 'https://v.redd.it/psrknoobrgd51/DASH_480' and audio stream 'null'
08-06 11:51:34.812 28441 32079 I RedditVideosAPI: For 'https://v.redd.it/jk6cwef4wld51/DASHPlaylist.mpd', got video stream 'https://v.redd.it/jk6cwef4wld51/DASH_480' and audio stream 'null'
08-06 11:51:34.812 28441 32056 I RedditVideosAPI: For 'https://v.redd.it/t81s8zfz9ld51/DASHPlaylist.mpd', got video stream 'https://v.redd.it/t81s8zfz9ld51/DASH_480' and audio stream 'https://v.redd.it/t81s8zfz9ld51/audio'
08-06 11:51:34.813 28441 32079 I RedditVideosAPI: For 'https://v.redd.it/xd6c4yyutgd51/DASHPlaylist.mpd', got video stream 'https://v.redd.it/xd6c4yyutgd51/DASH_480' and audio stream 'null'
08-06 11:51:34.817 28441 28453 I art     : Starting a blocking GC Explicit
08-06 11:51:34.869 28441 28453 I art     : Explicit concurrent mark sweep GC freed 21278(1552KB) AllocSpace objects, 23(1228KB) LOS objects, 24% free, 48MB/64MB, paused 564us total 51.953ms
08-06 11:51:35.241 28441 29230 I art     : Starting a blocking GC Explicit
08-06 11:51:35.305 28441 29230 I art     : Explicit concurrent mark sweep GC freed 1475(87KB) AllocSpace objects, 1(20KB) LOS objects, 24% free, 48MB/64MB, paused 660us total 63.457ms
08-06 11:51:35.329 28441 29230 I art     : Starting a blocking GC Explicit
08-06 11:51:35.390 28441 29230 I art     : Explicit concurrent mark sweep GC freed 20(704B) AllocSpace objects, 0(0B) LOS objects, 24% free, 48MB/64MB, paused 645us total 60.615ms
08-06 11:51:35.413 28441 29230 I art     : Starting a blocking GC Explicit
08-06 11:51:35.472 28441 29230 I art     : Explicit concurrent mark sweep GC freed 3(96B) AllocSpace objects, 0(0B) LOS objects, 24% free, 48MB/64MB, paused 601us total 59.133ms
08-06 11:51:35.493 28441 29230 I art     : Starting a blocking GC Explicit
08-06 11:51:35.555 28441 29230 I art     : Explicit concurrent mark sweep GC freed 3(96B) AllocSpace objects, 0(0B) LOS objects, 24% free, 48MB/64MB, paused 670us total 61.730ms
08-06 11:51:35.577 28441 29230 I art     : Starting a blocking GC Explicit
08-06 11:51:35.642 28441 29230 I art     : Explicit concurrent mark sweep GC freed 3(96B) AllocSpace objects, 0(0B) LOS objects, 24% free, 48MB/64MB, paused 585us total 64.639ms
08-06 11:51:36.040 28441 28667 I art     : Starting a blocking GC Explicit
08-06 11:51:36.112 28441 28667 I art     : Explicit concurrent mark sweep GC freed 1361(83KB) AllocSpace objects, 1(20KB) LOS objects, 24% free, 48MB/64MB, paused 676us total 71.281ms
08-06 11:51:36.134 28441 28667 I art     : Starting a blocking GC Explicit
08-06 11:51:36.192 28441 28667 I art     : Explicit concurrent mark sweep GC freed 20(704B) AllocSpace objects, 0(0B) LOS objects, 24% free, 48MB/64MB, paused 601us total 57.539ms
08-06 11:51:36.212 28441 28667 I art     : Starting a blocking GC Explicit
08-06 11:51:36.273 28441 28667 I art     : Explicit concurrent mark sweep GC freed 3(96B) AllocSpace objects, 0(0B) LOS objects, 24% free, 48MB/64MB, paused 619us total 60.294ms
08-06 11:51:36.297 28441 28667 I art     : Starting a blocking GC Explicit
08-06 11:51:36.355 28441 28667 I art     : Explicit concurrent mark sweep GC freed 3(96B) AllocSpace objects, 0(0B) LOS objects, 24% free, 48MB/64MB, paused 607us total 57.049ms
08-06 11:51:36.375 28441 28667 I art     : Starting a blocking GC Explicit
08-06 11:51:36.433 28441 28667 I art     : Explicit concurrent mark sweep GC freed 3(96B) AllocSpace objects, 0(0B) LOS objects, 24% free, 48MB/64MB, paused 614us total 57.512ms
08-06 11:51:36.813 28441 28465 I art     : Starting a blocking GC Explicit
08-06 11:51:36.887 28441 28465 I art     : Explicit concurrent mark sweep GC freed 1358(83KB) AllocSpace objects, 1(20KB) LOS objects, 24% free, 48MB/64MB, paused 599us total 73.629ms
08-06 11:51:36.909 28441 28465 I art     : Starting a blocking GC Explicit
08-06 11:51:36.971 28441 28465 I art     : Explicit concurrent mark sweep GC freed 20(704B) AllocSpace objects, 0(0B) LOS objects, 24% free, 48MB/64MB, paused 609us total 60.567ms
08-06 11:51:36.991 28441 28465 I art     : Starting a blocking GC Explicit
08-06 11:51:37.050 28441 28465 I art     : Explicit concurrent mark sweep GC freed 3(96B) AllocSpace objects, 0(0B) LOS objects, 24% free, 48MB/64MB, paused 541us total 58.083ms
08-06 11:51:37.070 28441 28465 I art     : Starting a blocking GC Explicit
08-06 11:51:37.128 28441 28465 I art     : Explicit concurrent mark sweep GC freed 3(96B) AllocSpace objects, 0(0B) LOS objects, 24% free, 48MB/64MB, paused 531us total 57.870ms
08-06 11:51:37.149 28441 28465 I art     : Starting a blocking GC Explicit
08-06 11:51:37.200 28441 28465 I art     : Explicit concurrent mark sweep GC freed 3(96B) AllocSpace objects, 0(0B) LOS objects, 24% free, 48MB/64MB, paused 569us total 51.178ms
08-06 11:51:37.407   518   646 I ThermalEngine: ACTION: GPU - Setting GPU[0] to 510000000
08-06 11:51:37.536 28441 28452 I art     : Starting a blocking GC Explicit
08-06 11:51:37.587 28441 28452 I art     : Explicit concurrent mark sweep GC freed 1359(83KB) AllocSpace objects, 1(20KB) LOS objects, 24% free, 48MB/64MB, paused 540us total 50.705ms
08-06 11:51:37.605 28441 28452 I art     : Starting a blocking GC Explicit
08-06 11:51:37.635 32110 32110 D AndroidRuntime: >>>>>> START com.android.internal.os.RuntimeInit uid 2000 <<<<<<
08-06 11:51:37.640 32110 32110 D AndroidRuntime: CheckJNI is OFF
08-06 11:51:37.649 28441 28452 I art     : Explicit concurrent mark sweep GC freed 20(704B) AllocSpace objects, 0(0B) LOS objects, 24% free, 48MB/64MB, paused 461us total 43.838ms
08-06 11:51:37.663 28441 28452 I art     : Starting a blocking GC Explicit
08-06 11:51:37.676 32110 32110 D ICU     : No timezone override file found: /data/misc/zoneinfo/current/icu/icu_tzdata.dat
08-06 11:51:37.705 28441 28452 I art     : Explicit concurrent mark sweep GC freed 3(96B) AllocSpace objects, 0(0B) LOS objects, 24% free, 48MB/64MB, paused 452us total 41.854ms
08-06 11:51:37.711 32110 32110 I Radio-JNI: register_android_hardware_Radio DONE
08-06 11:51:37.720 28441 28452 I art     : Starting a blocking GC Explicit
08-06 11:51:37.733 32110 32110 D AndroidRuntime: Calling main entry com.android.commands.input.Input
08-06 11:51:37.734 32110 32110 I Input   : injectMotionEvent: MotionEvent { action=ACTION_DOWN, actionButton=0, id[0]=0, x[0]=1340.0, y[0]=1100.0, toolType[0]=TOOL_TYPE_UNKNOWN, buttonState=0, metaState=0, flags=0x0, edgeFlags=0x0, pointerCount=1, historySize=0, eventTime=877914147, downTime=877914147, deviceId=0, source=0x1002 }
08-06 11:51:37.741 32110 32110 I Input   : injectMotionEvent: MotionEvent { action=ACTION_UP, actionButton=0, id[0]=0, x[0]=1340.0, y[0]=1100.0, toolType[0]=TOOL_TYPE_UNKNOWN, buttonState=0, metaState=0, flags=0x0, edgeFlags=0x0, pointerCount=1, historySize=0, eventTime=877914147, downTime=877914147, deviceId=0, source=0x1002 }
08-06 11:51:37.744 32110 32110 D AndroidRuntime: Shutting down VM
08-06 11:51:37.749 25566 25566 I ServiceManager: Waiting for service AtCmdFwd...
08-06 11:51:37.757   512  2967 D audio_hw_primary: out_set_parameters: enter: usecase(1: low-latency-playback) kvpairs: routing=2
08-06 11:51:37.758   918  3670 I ActivityManager: START u0 {dat=https://oauth.reddit.com/... cmp=baseline.org.quantumbadger.redreader/.activities.CommentListingActivity} from uid 10705 on display 0
08-06 11:51:37.764 28441 28452 I art     : Explicit concurrent mark sweep GC freed 183(6KB) AllocSpace objects, 0(0B) LOS objects, 24% free, 48MB/64MB, paused 1.101ms total 43.794ms
08-06 11:51:37.771   512  2967 D audio_hw_primary: select_devices: out_snd_device(2: speaker) in_snd_device(0: none)
08-06 11:51:37.771   512  2967 D msm8974_platform: platform_send_audio_calibration: sending audio calibration for snd_device(2) acdb_id(15)
08-06 11:51:37.771   512  2967 I soundtrigger: audio_extn_sound_trigger_update_device_status: device 0x2 of type 0 for Event 1
08-06 11:51:37.779 28441 28452 I art     : Starting a blocking GC Explicit
08-06 11:51:37.781   512  2967 D audio_hw_primary: enable_snd_device: snd_device(2: speaker)
08-06 11:51:37.783   512  2967 D audio_hw_primary: enable_audio_route: apply and update mixer path: low-latency-playback speaker
08-06 11:51:37.784 28441 28441 I AppCompatViewInflater: app:theme is now deprecated. Please move to using android:theme instead.
08-06 11:51:37.801 28441 29005 I CommentListingActivity: COMMENTS session changed to f9ba1860-558d-4856-bc7c-9a524852af7a
08-06 11:51:37.822 28441 28452 I art     : Explicit concurrent mark sweep GC freed 10378(719KB) AllocSpace objects, 53(10MB) LOS objects, 29% free, 38MB/54MB, paused 951us total 43.458ms
08-06 11:51:37.908   918   936 I ActivityManager: Displayed baseline.org.quantumbadger.redreader/.activities.CommentListingActivity: +139ms
08-06 11:51:37.908 13866 13866 I GoogleInputMethodServic: GoogleInputMethodService.onFinishInput():3138 
08-06 11:51:37.909 13866 13866 I GoogleInputMethodServic: GoogleInputMethodService.onStartInput():1808 
08-06 11:51:38.093 28441 28465 I art     : Starting a blocking GC Explicit
08-06 11:51:38.166   380   380 W SurfaceFlinger: couldn't log to binary event log: overflow.
08-06 11:51:38.174 28441 28465 I art     : Explicit concurrent mark sweep GC freed 41329(2MB) AllocSpace objects, 1(20KB) LOS objects, 28% free, 39MB/55MB, paused 458us total 80.969ms
08-06 11:51:38.191 28441 28465 I art     : Starting a blocking GC Explicit
08-06 11:51:38.235 28441 28465 I art     : Explicit concurrent mark sweep GC freed 249(13KB) AllocSpace objects, 0(0B) LOS objects, 28% free, 39MB/55MB, paused 357us total 43.066ms
08-06 11:51:38.250 28441 28465 I art     : Starting a blocking GC Explicit
08-06 11:51:38.299 28441 28465 I art     : Explicit concurrent mark sweep GC freed 112(3KB) AllocSpace objects, 0(0B) LOS objects, 28% free, 39MB/55MB, paused 619us total 48.537ms
08-06 11:51:38.317 28441 28465 I art     : Starting a blocking GC Explicit
08-06 11:51:38.319   512  2967 D audio_hw_primary: disable_audio_route: reset and update mixer path: low-latency-playback speaker
08-06 11:51:38.320   512  2967 D audio_hw_primary: disable_snd_device: snd_device(2: speaker)
08-06 11:51:38.329   512  2967 I soundtrigger: audio_extn_sound_trigger_update_device_status: device 0x2 of type 0 for Event 0
08-06 11:51:38.365 28441 28465 I art     : Explicit concurrent mark sweep GC freed 45(1440B) AllocSpace objects, 0(0B) LOS objects, 28% free, 39MB/55MB, paused 339us total 48.470ms
08-06 11:51:38.381 28441 28465 I art     : Starting a blocking GC Explicit
08-06 11:51:38.421 28441 32055 I RedditChangeDataIO: Writing tmp data file at '/data/user/0/baseline.org.quantumbadger.redreader/files/rr_change_data_tmp.dat'
08-06 11:51:38.422 28441 32055 I RedditChangeDataManager: Taking snapshot...
08-06 11:51:38.422 28441 32055 I RedditChangeDataManager: Writing to stream...
08-06 11:51:38.422 28441 32055 I RedditChangeDataManager: Wrote 6 entries for user ''
08-06 11:51:38.422 28441 32055 I RedditChangeDataManager: All entries written to stream.
08-06 11:51:38.422 28441 32055 I RedditChangeDataIO: Write successful. Atomically replacing data file...
08-06 11:51:38.423 28441 32055 I RedditChangeDataIO: Write complete.
08-06 11:51:38.423 28441 32055 I RedditChangeDataIO: 158 bytes written in 2 ms
08-06 11:51:38.428 28441 28465 I art     : Explicit concurrent mark sweep GC freed 81(4KB) AllocSpace objects, 1(68KB) LOS objects, 28% free, 39MB/55MB, paused 428us total 47.371ms
08-06 11:51:38.747 28441 28465 I art     : Starting a blocking GC Explicit
08-06 11:51:38.749 25566 25566 I ServiceManager: Waiting for service AtCmdFwd...
08-06 11:51:38.801 28441 28465 I art     : Explicit concurrent mark sweep GC freed 1370(84KB) AllocSpace objects, 1(20KB) LOS objects, 28% free, 39MB/55MB, paused 489us total 54.116ms
08-06 11:51:38.818 28441 28465 I art     : Starting a blocking GC Explicit
08-06 11:51:38.868 28441 28465 I art     : Explicit concurrent mark sweep GC freed 20(704B) AllocSpace objects, 0(0B) LOS objects, 28% free, 39MB/55MB, paused 507us total 49.344ms
08-06 11:51:38.884 28441 28465 I art     : Starting a blocking GC Explicit
08-06 11:51:38.937 28441 28465 I art     : Explicit concurrent mark sweep GC freed 49(1920B) AllocSpace objects, 0(0B) LOS objects, 28% free, 39MB/55MB, paused 419us total 52.533ms
08-06 11:51:38.953 28441 28465 I art     : Starting a blocking GC Explicit
08-06 11:51:39.006 28441 28465 I art     : Explicit concurrent mark sweep GC freed 3(96B) AllocSpace objects, 0(0B) LOS objects, 28% free, 39MB/55MB, paused 390us total 52.825ms
08-06 11:51:39.023 28441 28465 I art     : Starting a blocking GC Explicit
08-06 11:51:39.077 28441 28465 I art     : Explicit concurrent mark sweep GC freed 3(96B) AllocSpace objects, 0(0B) LOS objects, 28% free, 39MB/55MB, paused 382us total 53.303ms
08-06 11:51:39.400 28441 28667 I art     : Starting a blocking GC Explicit
08-06 11:51:39.414   518   646 I ThermalEngine: ACTION: GPU - Setting GPU[0] to 450000000
08-06 11:51:39.484 28441 28667 I art     : Explicit concurrent mark sweep GC freed 1356(82KB) AllocSpace objects, 1(20KB) LOS objects, 28% free, 39MB/55MB, paused 588us total 83.700ms
08-06 11:51:39.508 28441 28667 I art     : Starting a blocking GC Explicit
08-06 11:51:39.580 28441 28667 I art     : Explicit concurrent mark sweep GC freed 20(704B) AllocSpace objects, 0(0B) LOS objects, 28% free, 39MB/55MB, paused 569us total 71.524ms
08-06 11:51:39.602 28441 28667 I art     : Starting a blocking GC Explicit
08-06 11:51:39.680 28441 28667 I art     : Explicit concurrent mark sweep GC freed 3(96B) AllocSpace objects, 0(0B) LOS objects, 28% free, 39MB/55MB, paused 620us total 77.573ms
08-06 11:51:39.702 28441 28667 I art     : Starting a blocking GC Explicit
08-06 11:51:39.750 25566 25566 I ServiceManager: Waiting for service AtCmdFwd...
08-06 11:51:39.777 28441 28667 I art     : Explicit concurrent mark sweep GC freed 32(1568B) AllocSpace objects, 0(0B) LOS objects, 28% free, 39MB/55MB, paused 583us total 73.937ms
08-06 11:51:39.801 28441 28667 I art     : Starting a blocking GC Explicit
08-06 11:51:39.874 28441 28667 I art     : Explicit concurrent mark sweep GC freed 249(42KB) AllocSpace objects, 0(0B) LOS objects, 28% free, 39MB/55MB, paused 516us total 72.965ms
08-06 11:51:39.875 28441 28451 I art     : WaitForGcToComplete blocked for 5.240ms for cause HeapTrim
08-06 11:51:40.246 28441 28453 I art     : Starting a blocking GC Explicit
08-06 11:51:40.335 28441 28453 I art     : Explicit concurrent mark sweep GC freed 1421(84KB) AllocSpace objects, 1(20KB) LOS objects, 28% free, 39MB/55MB, paused 559us total 88.379ms
08-06 11:51:40.359 28441 28453 I art     : Starting a blocking GC Explicit
08-06 11:51:40.428 28441 28453 I art     : Explicit concurrent mark sweep GC freed 20(704B) AllocSpace objects, 0(0B) LOS objects, 28% free, 39MB/55MB, paused 538us total 69.040ms
08-06 11:51:40.450 28441 28453 I art     : Starting a blocking GC Explicit
08-06 11:51:40.522 28441 28453 I art     : Explicit concurrent mark sweep GC freed 3(96B) AllocSpace objects, 0(0B) LOS objects, 28% free, 39MB/55MB, paused 515us total 72.450ms
08-06 11:51:40.544 28441 28453 I art     : Starting a blocking GC Explicit
08-06 11:51:40.616 28441 28453 I art     : Explicit concurrent mark sweep GC freed 3(96B) AllocSpace objects, 0(0B) LOS objects, 28% free, 39MB/55MB, paused 577us total 71.499ms
08-06 11:51:40.638 28441 28453 I art     : Starting a blocking GC Explicit
08-06 11:51:40.715 28441 28453 I art     : Explicit concurrent mark sweep GC freed 3(96B) AllocSpace objects, 0(0B) LOS objects, 28% free, 39MB/55MB, paused 688us total 77.062ms
08-06 11:51:40.751 25566 25566 I ServiceManager: Waiting for service AtCmdFwd...
08-06 11:51:41.060   918  3261 D WifiStateMachine: starting scan for "H369AA63323"WPA_PSK with 2412,5180
08-06 11:51:41.081 28441 29230 I art     : Starting a blocking GC Explicit
08-06 11:51:41.161 28441 29230 I art     : Explicit concurrent mark sweep GC freed 1356(82KB) AllocSpace objects, 1(20KB) LOS objects, 28% free, 39MB/55MB, paused 481us total 79.289ms
08-06 11:51:41.182 28441 29230 I art     : Starting a blocking GC Explicit
08-06 11:51:41.259 28441 29230 I art     : Explicit concurrent mark sweep GC freed 20(704B) AllocSpace objects, 0(0B) LOS objects, 28% free, 39MB/55MB, paused 618us total 76.104ms
08-06 11:51:41.283 28441 29230 I art     : Starting a blocking GC Explicit
08-06 11:51:41.354 28441 29230 I art     : Explicit concurrent mark sweep GC freed 3(96B) AllocSpace objects, 0(0B) LOS objects, 28% free, 39MB/55MB, paused 516us total 71.009ms
08-06 11:51:41.376 28441 29230 I art     : Starting a blocking GC Explicit
08-06 11:51:41.420   518   646 I ThermalEngine: ACTION: GPU - Setting GPU[0] to 510000000
08-06 11:51:41.452 28441 29230 I art     : Explicit concurrent mark sweep GC freed 3(96B) AllocSpace objects, 0(0B) LOS objects, 28% free, 39MB/55MB, paused 546us total 75.488ms
08-06 11:51:41.475 28441 29230 I art     : Starting a blocking GC Explicit
08-06 11:51:41.544 28441 29230 I art     : Explicit concurrent mark sweep GC freed 3(96B) AllocSpace objects, 0(0B) LOS objects, 28% free, 39MB/55MB, paused 492us total 68.419ms
08-06 11:51:41.752 25566 25566 I ServiceManager: Waiting for service AtCmdFwd...
08-06 11:51:41.916 28441 28452 I art     : Starting a blocking GC Explicit
08-06 11:51:41.997 28441 28452 I art     : Explicit concurrent mark sweep GC freed 1356(82KB) AllocSpace objects, 1(20KB) LOS objects, 28% free, 39MB/55MB, paused 517us total 81.278ms
08-06 11:51:42.021 28441 28452 I art     : Starting a blocking GC Explicit
08-06 11:51:42.078 28441 28452 I art     : Explicit concurrent mark sweep GC freed 20(704B) AllocSpace objects, 0(0B) LOS objects, 28% free, 39MB/55MB, paused 511us total 57.262ms
08-06 11:51:42.099 28441 28452 I art     : Starting a blocking GC Explicit
08-06 11:51:42.163 28441 28452 I art     : Explicit concurrent mark sweep GC freed 3(96B) AllocSpace objects, 0(0B) LOS objects, 28% free, 39MB/55MB, paused 510us total 63.677ms
08-06 11:51:42.185 28441 28452 I art     : Starting a blocking GC Explicit
08-06 11:51:42.251 28441 28452 I art     : Explicit concurrent mark sweep GC freed 3(96B) AllocSpace objects, 0(0B) LOS objects, 28% free, 39MB/55MB, paused 491us total 66.576ms
08-06 11:51:42.272 28441 28452 I art     : Starting a blocking GC Explicit
08-06 11:51:42.341 28441 28452 I art     : Explicit concurrent mark sweep GC freed 3(96B) AllocSpace objects, 0(0B) LOS objects, 28% free, 39MB/55MB, paused 531us total 68.028ms
08-06 11:51:42.531 32194 32194 D AndroidRuntime: >>>>>> START com.android.internal.os.RuntimeInit uid 2000 <<<<<<
08-06 11:51:42.537 32194 32194 D AndroidRuntime: CheckJNI is OFF
08-06 11:51:42.570 32194 32194 D ICU     : No timezone override file found: /data/misc/zoneinfo/current/icu/icu_tzdata.dat
08-06 11:51:42.603 32194 32194 I Radio-JNI: register_android_hardware_Radio DONE
08-06 11:51:42.624 32194 32194 D AndroidRuntime: Calling main entry com.android.commands.input.Input
08-06 11:51:42.626 32194 32194 I Input   : injectKeyEvent: KeyEvent { action=ACTION_DOWN, keyCode=KEYCODE_BACK, scanCode=0, metaState=0, flags=0x0, repeatCount=0, eventTime=877919039, downTime=877919039, deviceId=-1, source=0x101 }
08-06 11:51:42.630 32194 32194 I Input   : injectKeyEvent: KeyEvent { action=ACTION_UP, keyCode=KEYCODE_BACK, scanCode=0, metaState=0, flags=0x0, repeatCount=0, eventTime=877919039, downTime=877919039, deviceId=-1, source=0x101 }
08-06 11:51:42.635 32194 32194 D AndroidRuntime: Shutting down VM
08-06 11:51:42.677 13866 13866 I GoogleInputMethodServic: GoogleInputMethodService.onFinishInput():3138 
08-06 11:51:42.677 13866 13866 I GoogleInputMethodServic: GoogleInputMethodService.onStartInput():1808 
08-06 11:51:42.688 28441 28452 I art     : Starting a blocking GC Explicit
08-06 11:51:42.746 28441 28452 I art     : Explicit concurrent mark sweep GC freed 1614(92KB) AllocSpace objects, 1(20KB) LOS objects, 28% free, 39MB/55MB, paused 377us total 58.461ms
08-06 11:51:42.752 25566 25566 W Atfwd_Sendcmd: AtCmdFwd service not published, waiting... retryCnt : 3
08-06 11:51:42.761 28441 28452 I art     : Starting a blocking GC Explicit
08-06 11:51:42.806 28441 28452 I art     : Explicit concurrent mark sweep GC freed 35(1232B) AllocSpace objects, 0(0B) LOS objects, 28% free, 39MB/55MB, paused 316us total 44.881ms
08-06 11:51:42.823 28441 28452 I art     : Starting a blocking GC Explicit
08-06 11:51:42.880 28441 28452 I art     : Explicit concurrent mark sweep GC freed 3(96B) AllocSpace objects, 0(0B) LOS objects, 28% free, 39MB/55MB, paused 368us total 57.054ms
08-06 11:51:42.898 28441 28452 I art     : Starting a blocking GC Explicit
08-06 11:51:42.965 28441 28452 I art     : Explicit concurrent mark sweep GC freed 3(96B) AllocSpace objects, 0(0B) LOS objects, 28% free, 39MB/55MB, paused 462us total 66.347ms
08-06 11:51:42.983 28441 28452 I art     : Starting a blocking GC Explicit
08-06 11:51:43.004   380   380 W SurfaceFlinger: couldn't log to binary event log: overflow.
08-06 11:51:43.034 28441 28452 I art     : Explicit concurrent mark sweep GC freed 61(2240B) AllocSpace objects, 0(0B) LOS objects, 28% free, 39MB/55MB, paused 388us total 50.263ms
08-06 11:51:43.348 28441 28465 I art     : Starting a blocking GC Explicit
08-06 11:51:43.416 28441 28465 I art     : Explicit concurrent mark sweep GC freed 1364(83KB) AllocSpace objects, 1(20KB) LOS objects, 28% free, 39MB/55MB, paused 460us total 67.821ms
08-06 11:51:43.435 28441 28465 I art     : Starting a blocking GC Explicit
08-06 11:51:43.480 28441 28465 I art     : Explicit concurrent mark sweep GC freed 41405(2MB) AllocSpace objects, 5(140KB) LOS objects, 29% free, 37MB/53MB, paused 373us total 44.270ms
08-06 11:51:43.494 28441 28465 I art     : Starting a blocking GC Explicit
08-06 11:51:43.534 28441 28465 I art     : Explicit concurrent mark sweep GC freed 3(96B) AllocSpace objects, 0(0B) LOS objects, 29% free, 37MB/53MB, paused 377us total 39.899ms
08-06 11:51:43.549 28441 28465 I art     : Starting a blocking GC Explicit
08-06 11:51:43.589 28441 28465 I art     : Explicit concurrent mark sweep GC freed 3(96B) AllocSpace objects, 0(0B) LOS objects, 29% free, 37MB/53MB, paused 370us total 39.871ms
08-06 11:51:43.604 28441 28465 I art     : Starting a blocking GC Explicit
08-06 11:51:43.645 28441 28465 I art     : Explicit concurrent mark sweep GC freed 3(96B) AllocSpace objects, 0(0B) LOS objects, 29% free, 37MB/53MB, paused 347us total 40.347ms
08-06 11:51:43.963 28441 28667 I art     : Starting a blocking GC Explicit
08-06 11:51:44.003 28441 28667 I art     : Explicit concurrent mark sweep GC freed 1356(82KB) AllocSpace objects, 1(20KB) LOS objects, 29% free, 37MB/53MB, paused 386us total 40.377ms
08-06 11:51:44.018 28441 28667 I art     : Starting a blocking GC Explicit
08-06 11:51:44.056 28441 28667 I art     : Explicit concurrent mark sweep GC freed 20(704B) AllocSpace objects, 0(0B) LOS objects, 29% free, 37MB/53MB, paused 373us total 38.086ms
08-06 11:51:44.071 28441 28667 I art     : Starting a blocking GC Explicit
08-06 11:51:44.108 28441 28667 I art     : Explicit concurrent mark sweep GC freed 3(96B) AllocSpace objects, 0(0B) LOS objects, 29% free, 37MB/53MB, paused 356us total 37.634ms
08-06 11:51:44.123 28441 28667 I art     : Starting a blocking GC Explicit
08-06 11:51:44.161 28441 28667 I art     : Explicit concurrent mark sweep GC freed 3(96B) AllocSpace objects, 0(0B) LOS objects, 29% free, 37MB/53MB, paused 376us total 37.943ms
08-06 11:51:44.175 28441 28667 I art     : Starting a blocking GC Explicit
08-06 11:51:44.213 28441 28667 I art     : Explicit concurrent mark sweep GC freed 3(96B) AllocSpace objects, 0(0B) LOS objects, 29% free, 37MB/53MB, paused 374us total 38.147ms
08-06 11:51:44.313 32234 32234 D AndroidRuntime: >>>>>> START com.android.internal.os.RuntimeInit uid 2000 <<<<<<
08-06 11:51:44.318 32234 32234 D AndroidRuntime: CheckJNI is OFF
08-06 11:51:44.357 32234 32234 D ICU     : No timezone override file found: /data/misc/zoneinfo/current/icu/icu_tzdata.dat
08-06 11:51:44.389 32234 32234 I Radio-JNI: register_android_hardware_Radio DONE
08-06 11:51:44.411 32234 32234 D AndroidRuntime: Calling main entry com.android.commands.input.Input
08-06 11:51:44.412 32234 32234 I Input   : injectKeyEvent: KeyEvent { action=ACTION_DOWN, keyCode=KEYCODE_BACK, scanCode=0, metaState=0, flags=0x0, repeatCount=0, eventTime=877920825, downTime=877920825, deviceId=-1, source=0x101 }
08-06 11:51:44.420 32234 32234 I Input   : injectKeyEvent: KeyEvent { action=ACTION_UP, keyCode=KEYCODE_BACK, scanCode=0, metaState=0, flags=0x0, repeatCount=0, eventTime=877920825, downTime=877920825, deviceId=-1, source=0x101 }
08-06 11:51:44.425 32234 32234 D AndroidRuntime: Shutting down VM
08-06 11:51:44.467 13866 13866 I GoogleInputMethodServic: GoogleInputMethodService.onFinishInput():3138 
08-06 11:51:44.468 13866 13866 I GoogleInputMethodServic: GoogleInputMethodService.onStartInput():1808 
08-06 11:51:44.525 28441 28465 I art     : Starting a blocking GC Explicit
08-06 11:51:44.559 28441 28465 I art     : Explicit concurrent mark sweep GC freed 1535(88KB) AllocSpace objects, 1(20KB) LOS objects, 29% free, 37MB/53MB, paused 334us total 33.963ms
08-06 11:51:44.574 28441 28465 I art     : Starting a blocking GC Explicit
08-06 11:51:44.610 28441 28465 I art     : Explicit concurrent mark sweep GC freed 24(864B) AllocSpace objects, 0(0B) LOS objects, 29% free, 37MB/53MB, paused 347us total 35.936ms
08-06 11:51:44.625 28441 28465 I art     : Starting a blocking GC Explicit
08-06 11:51:44.675 28441 28465 I art     : Explicit concurrent mark sweep GC freed 3(96B) AllocSpace objects, 0(0B) LOS objects, 29% free, 37MB/53MB, paused 328us total 49.177ms
08-06 11:51:44.695 28441 28465 I art     : Starting a blocking GC Explicit
08-06 11:51:44.742 28441 28465 I art     : Explicit concurrent mark sweep GC freed 3(96B) AllocSpace objects, 0(0B) LOS objects, 29% free, 37MB/53MB, paused 387us total 46.875ms
08-06 11:51:44.758 28441 28465 I art     : Starting a blocking GC Explicit
08-06 11:51:44.795 28441 28465 I art     : Explicit concurrent mark sweep GC freed 54(1872B) AllocSpace objects, 0(0B) LOS objects, 29% free, 37MB/53MB, paused 370us total 36.801ms
08-06 11:51:45.099 28441 28667 I art     : Starting a blocking GC Explicit
08-06 11:51:45.152 28441 28667 I art     : Explicit concurrent mark sweep GC freed 1470(88KB) AllocSpace objects, 1(20KB) LOS objects, 29% free, 37MB/53MB, paused 453us total 52.355ms
08-06 11:51:45.168 28441 28667 I art     : Starting a blocking GC Explicit
08-06 11:51:45.210 28441 28667 I art     : Explicit concurrent mark sweep GC freed 40(1472B) AllocSpace objects, 0(0B) LOS objects, 29% free, 37MB/53MB, paused 419us total 41.573ms
08-06 11:51:45.225 28441 28667 I art     : Starting a blocking GC Explicit
08-06 11:51:45.266 28441 28667 I art     : Explicit concurrent mark sweep GC freed 3(96B) AllocSpace objects, 0(0B) LOS objects, 29% free, 37MB/53MB, paused 403us total 40.645ms
08-06 11:51:45.281 28441 28667 I art     : Starting a blocking GC Explicit
08-06 11:51:45.322 28441 28667 I art     : Explicit concurrent mark sweep GC freed 3(96B) AllocSpace objects, 0(0B) LOS objects, 29% free, 37MB/53MB, paused 430us total 41.144ms
08-06 11:51:45.337 28441 28667 I art     : Starting a blocking GC Explicit
08-06 11:51:45.378 28441 28667 I art     : Explicit concurrent mark sweep GC freed 3(96B) AllocSpace objects, 0(0B) LOS objects, 29% free, 37MB/53MB, paused 423us total 40.695ms
08-06 11:51:45.378 28441 28451 I art     : WaitForGcToComplete blocked for 40.940ms for cause HeapTrim
08-06 11:51:45.689 28441 28453 I art     : Starting a blocking GC Explicit
08-06 11:51:45.729 28441 28453 I art     : Explicit concurrent mark sweep GC freed 1356(82KB) AllocSpace objects, 1(20KB) LOS objects, 29% free, 37MB/53MB, paused 441us total 39.895ms
08-06 11:51:45.744 28441 28453 I art     : Starting a blocking GC Explicit
08-06 11:51:45.780 28441 28453 I art     : Explicit concurrent mark sweep GC freed 20(704B) AllocSpace objects, 0(0B) LOS objects, 29% free, 37MB/53MB, paused 378us total 35.646ms
08-06 11:51:45.794 28441 28453 I art     : Starting a blocking GC Explicit
08-06 11:51:45.832 28441 28453 I art     : Explicit concurrent mark sweep GC freed 3(96B) AllocSpace objects, 0(0B) LOS objects, 29% free, 37MB/53MB, paused 395us total 38.565ms
08-06 11:51:45.847 28441 28453 I art     : Starting a blocking GC Explicit
08-06 11:51:45.885 28441 28453 I art     : Explicit concurrent mark sweep GC freed 3(96B) AllocSpace objects, 0(0B) LOS objects, 29% free, 37MB/53MB, paused 415us total 38.368ms
08-06 11:51:45.900 28441 28453 I art     : Starting a blocking GC Explicit
08-06 11:51:45.939 28441 28453 I art     : Explicit concurrent mark sweep GC freed 3(96B) AllocSpace objects, 0(0B) LOS objects, 29% free, 37MB/53MB, paused 481us total 38.615ms
08-06 11:51:46.126 32286 32286 D AndroidRuntime: >>>>>> START com.android.internal.os.RuntimeInit uid 2000 <<<<<<
08-06 11:51:46.131 32286 32286 D AndroidRuntime: CheckJNI is OFF
08-06 11:51:46.163 32286 32286 D ICU     : No timezone override file found: /data/misc/zoneinfo/current/icu/icu_tzdata.dat
08-06 11:51:46.196 32286 32286 I Radio-JNI: register_android_hardware_Radio DONE
08-06 11:51:46.218 32286 32286 D AndroidRuntime: Calling main entry com.android.commands.am.Am
08-06 11:51:46.224 14970 14970 I Trepn   : Trepn 6.2s: Received intent: com.quicinc.trepn.stop_profiling
08-06 11:51:46.249 14970 14970 I Trepn   : Trepn 6.2s: Trepn has Stopped Profiling.
08-06 11:51:46.253 28441 29230 I art     : Starting a blocking GC Explicit
08-06 11:51:46.294 28441 29230 I art     : Explicit concurrent mark sweep GC freed 1356(82KB) AllocSpace objects, 1(20KB) LOS objects, 29% free, 37MB/53MB, paused 404us total 39.869ms
08-06 11:51:46.308 28441 29230 I art     : Starting a blocking GC Explicit
08-06 11:51:46.347 28441 29230 I art     : Explicit concurrent mark sweep GC freed 20(704B) AllocSpace objects, 0(0B) LOS objects, 29% free, 37MB/53MB, paused 447us total 38.637ms
08-06 11:51:46.362 28441 29230 I art     : Starting a blocking GC Explicit
08-06 11:51:46.394 32286 32286 D AndroidRuntime: Shutting down VM
08-06 11:51:46.398   918  3961 W AppOps  : Finishing op nesting under-run: uid 10078 pkg com.quicinc.trepn code 24 time=0 duration=0 nesting=0
08-06 11:51:46.401 28441 29230 I art     : Explicit concurrent mark sweep GC freed 3(96B) AllocSpace objects, 0(0B) LOS objects, 29% free, 37MB/53MB, paused 375us total 38.922ms
08-06 11:51:46.416 28441 29230 I art     : Starting a blocking GC Explicit
08-06 11:51:46.449 28441 29230 I art     : Explicit concurrent mark sweep GC freed 3(96B) AllocSpace objects, 0(0B) LOS objects, 29% free, 37MB/53MB, paused 372us total 33.647ms
08-06 11:51:46.463 28441 29230 I art     : Starting a blocking GC Explicit
08-06 11:51:46.498 28441 29230 I art     : Explicit concurrent mark sweep GC freed 3(96B) AllocSpace objects, 0(0B) LOS objects, 29% free, 37MB/53MB, paused 358us total 35.304ms
08-06 11:51:46.741 26319 26427 W FirebaseInstanceId: Token retrieval failed: SERVICE_NOT_AVAILABLE. Will retry token retrieval
08-06 11:51:46.830 28441 28452 I art     : Starting a blocking GC Explicit
08-06 11:51:46.871 28441 28452 I art     : Explicit concurrent mark sweep GC freed 1356(82KB) AllocSpace objects, 1(20KB) LOS objects, 29% free, 37MB/53MB, paused 446us total 41.024ms
08-06 11:51:46.886 28441 28452 I art     : Starting a blocking GC Explicit
08-06 11:51:46.924 28441 28452 I art     : Explicit concurrent mark sweep GC freed 20(704B) AllocSpace objects, 0(0B) LOS objects, 29% free, 37MB/53MB, paused 406us total 37.888ms
08-06 11:51:46.939 28441 28452 I art     : Starting a blocking GC Explicit
08-06 11:51:46.977 28441 28452 I art     : Explicit concurrent mark sweep GC freed 3(96B) AllocSpace objects, 0(0B) LOS objects, 29% free, 37MB/53MB, paused 394us total 37.845ms
08-06 11:51:46.991 28441 28452 I art     : Starting a blocking GC Explicit
08-06 11:51:47.029 28441 28452 I art     : Explicit concurrent mark sweep GC freed 3(96B) AllocSpace objects, 0(0B) LOS objects, 29% free, 37MB/53MB, paused 417us total 37.760ms
08-06 11:51:47.043 28441 28452 I art     : Starting a blocking GC Explicit
08-06 11:51:47.080 28441 28452 I art     : Explicit concurrent mark sweep GC freed 3(96B) AllocSpace objects, 0(0B) LOS objects, 29% free, 37MB/53MB, paused 399us total 37.028ms
