--------- beginning of main
08-06 00:16:35.454 28646 28646 W System  : ClassLoader referenced unknown path: /system/app/KeyChain/lib/arm64
08-06 00:16:35.459   918  3670 I AccountManagerService: getTypesVisibleToCaller: isPermitted? true
08-06 00:16:35.475  3784  3784 D CarrierServiceBindHelper: Receive action: android.intent.action.PACKAGE_ADDED
08-06 00:16:35.476  3784  3784 D CarrierServiceBindHelper: Receive action: android.intent.action.PACKAGE_REPLACED
08-06 00:16:35.477  3784  3784 D CarrierServiceBindHelper: mHandler: 3
08-06 00:16:35.477  3784  3784 D CarrierServiceBindHelper: mHandler: 3
08-06 00:16:35.477  3784  3784 D CarrierServiceBindHelper: mHandler: 3
08-06 00:16:35.477  3784  3784 D CarrierConfigLoader: mHandler: 9 phoneId: 0
08-06 00:16:35.492 15866 15866 I Finsky  : [1] uah.a(18): PackageMonitorReceiverImpl - Received: android.intent.action.PACKAGE_REMOVED, [ocpw8ddNLhG67i_cxGNvtEQwqY1k5QNC_my-vN553D4]
08-06 00:16:35.495 24365 28665 I Fitness : FitCleanupIntentOperation received Intent android.intent.action.PACKAGE_REMOVED [CONTEXT service_id=17 ]
08-06 00:16:35.498 15866 15866 I Finsky  : [1] ubi.d(9): Invalidating cached PackageState for baseline.org.quantumbadger.redreader
08-06 00:16:35.517 15866 15866 I Finsky  : [1] lzi.c(2): Frosting ID looked up on UI thread. Caller should move to a background thread.
08-06 00:16:35.526 15866 15866 I Finsky  : [1] nqb.c(3): Installer: package baseline.org.quantumbadger.redreader was removed. replacing: true
08-06 00:16:35.527 15866 15866 I Finsky  : [1] nra.a(188): Installer: Notifying status update. package=baseline.org.quantumbadger.redreader, status=UNINSTALLED
08-06 00:16:35.542   918  5132 I AccountManagerService: getTypesVisibleToCaller: isPermitted? true
08-06 00:16:35.560 15866 15866 I Finsky  : [1] lzi.c(2): Frosting ID looked up on UI thread. Caller should move to a background thread.
08-06 00:16:35.563 15866 28684 I Finsky  : [6701] ejf.a(-1): Cancelled 0 ongoing asset module downloads for package baseline.org.quantumbadger.redreader due to a concurrent app update.
08-06 00:16:35.571 15866 15866 I Finsky  : [1] nra.a(220): Installer: found apps to install. isMultiUserMode=false, apps=[]
08-06 00:16:35.613 15866 16054 I Finsky  : [6134] odj.b(52): IQ: Notifying installation update. package=baseline.org.quantumbadger.redreader, status=UNINSTALLED
08-06 00:16:35.720 15866 28673 I Finsky  : [6699] lyv.run(-1): Wrote row to frosting DB: 3030
08-06 00:16:35.796 15866 28673 I Finsky  : [6699] lyv.run(-1): Wrote row to frosting DB: 3031
08-06 00:16:35.811 24577 28682 I Auth    : [SupervisedAccountIntentOperation] onHandleIntent(): android.intent.action.PACKAGE_ADDED
08-06 00:16:35.817 24577 28682 I ChromeSync: [Sync,SyncIntentOperation] Handling the intent: Intent { act=android.intent.action.PACKAGE_ADDED dat=package:baseline.org.quantumbadger.redreader flg=0x4000010 cmp=com.google.android.gms/.chimera.GmsIntentOperationService (has extras) }.
08-06 00:16:35.858   918  5132 I AccountManagerService: getTypesVisibleToCaller: isPermitted? true
08-06 00:16:35.859 24577 28682 I ChromeSync: [Persistence,AffiliationManager] One of affiliation or grouping data for android://bz0hZa4nAJEtd0n5sRlXG7KAqctUMWVefv7Ki4mh1p6slZ9YO-n9gS9j8m9YCrsIyI2wIxrDHraumF9Y6pBLTA==@baseline.org.quantumbadger.redreader/ was not found. Marking affiliation data as stale...
08-06 00:16:35.949 15866 15866 I Finsky  : [1] uah.a(18): PackageMonitorReceiverImpl - Received: android.intent.action.PACKAGE_ADDED, [ocpw8ddNLhG67i_cxGNvtEQwqY1k5QNC_my-vN553D4]
08-06 00:16:35.950 15866 15866 I Finsky  : [1] ubi.d(9): Invalidating cached PackageState for baseline.org.quantumbadger.redreader
08-06 00:16:35.953 15866 15866 I Finsky  : [1] lzi.c(2): Frosting ID looked up on UI thread. Caller should move to a background thread.
08-06 00:16:35.958 15866 28680 I Finsky  : [6700] gzn.a(-1): [ContentSync] finished, scheduled=false
08-06 00:16:35.965 15866 15866 I Finsky  : [1] agsx.a(4): Do not start WearSupportService due to Wear service optimization
--------- beginning of system
08-06 00:16:35.973   918  5481 W ActivityManager: Unable to start service Intent { act=com.google.android.gms.auth.key.retrieval.service.START pkg=com.google.android.gms } U=0: not found
08-06 00:16:35.981 15866 28684 I Finsky  : [6701] ejc.a(-1): Asset module broadcast after update successful for package baseline.org.quantumbadger.redreader. 0 sessions broadcast.
08-06 00:16:35.981   918  5132 I AccountManagerService: getTypesVisibleToCaller: isPermitted? true
08-06 00:16:35.998 15866 16054 I Finsky  : [6134] odj.b(40): IQ: No matching installs to run for jobs: []
08-06 00:16:36.004 15866 15866 I Finsky  : [1] lzi.c(2): Frosting ID looked up on UI thread. Caller should move to a background thread.
08-06 00:16:36.008   918  3670 W ActivityManager: Unbind failed: could not find connection for android.os.BinderProxy@5ecaad1
08-06 00:16:36.012 28602 28602 I ServiceManager: Waiting for service AtCmdFwd...
08-06 00:16:36.030 24577 24621 E GmsClient: unable to connect to service: com.google.android.gms.auth.key.retrieval.service.START on com.google.android.gms
08-06 00:16:36.049 15866 15866 I Finsky  : [1] xmu.a(8): SCH: Jobs in database: 1-1337 3-219 3-220 12-1 24-77777777 26-1414141414 
08-06 00:16:36.073 15866 28680 I Finsky  : [6700] gzn.a(-1): [ContentSync] finished, scheduled=true
08-06 00:16:36.074 15866 15866 I Finsky  : [1] xio.a(57): SCH: ConstraintMapping: 24-77777777,  -> L: 0ms, D: 75214875ms, C: false, I: true, N: 0
08-06 00:16:36.075 15866 15866 I Finsky  : [1] xio.a(57): SCH: ConstraintMapping: 1-1337, 12-1,  -> L: 14505ms, D: 35356861ms, C: false, I: false, N: 1
08-06 00:16:36.075 15866 15866 I Finsky  : [1] xio.a(57): SCH: ConstraintMapping: 3-219,  -> L: 0ms, D: 67367472ms, C: false, I: true, N: 2
08-06 00:16:36.076 15866 15866 I Finsky  : [1] xio.a(57): SCH: ConstraintMapping: 3-220,  -> L: 0ms, D: 67367514ms, C: true, I: true, N: 2
08-06 00:16:36.076 15866 15866 I Finsky  : [1] xio.a(57): SCH: ConstraintMapping: 26-1414141414,  -> L: 40004768ms, D: 40904768ms, C: false, I: false, N: 0
08-06 00:16:36.127 15866 15866 I Finsky  : [1] xle.a(34): Cancelling existing jobscheduler jobs: 9000 9003 9002 9004 9012 9015 9005 9008 9006 9007 
08-06 00:16:36.128 15866 15866 I Finsky  : [1] xle.a(27): Scheduling job Id: 9001, L: 0, D: 75214875, C: false, I: true, N: 0
08-06 00:16:36.130 15866 15866 I Finsky  : [1] xle.a(27): Scheduling job Id: 9009, L: 14505, D: 35356861, C: false, I: false, N: 1
08-06 00:16:36.134 15866 15866 I Finsky  : [1] xle.a(27): Scheduling job Id: 9010, L: 0, D: 67367472, C: false, I: true, N: 2
08-06 00:16:36.136 15866 15866 I Finsky  : [1] xle.a(27): Scheduling job Id: 9011, L: 0, D: 67367514, C: true, I: true, N: 2
08-06 00:16:36.138 15866 15866 I Finsky  : [1] xle.a(27): Scheduling job Id: 9013, L: 40004768, D: 40904768, C: false, I: false, N: 0
08-06 00:16:36.143 15866 15866 I Finsky  : [1] xle.a(27): Scheduling job Id: 9014, L: 0, D: 75214875, C: false, I: true, N: 0
08-06 00:16:36.153 15866 15866 I Finsky  : [1] xle.a(27): Scheduling job Id: 9016, L: 14505, D: 35356861, C: false, I: false, N: 1
08-06 00:16:36.156 15866 15866 I Finsky  : [1] xle.a(27): Scheduling job Id: 9017, L: 0, D: 67367472, C: false, I: true, N: 2
08-06 00:16:36.157 15866 15866 I Finsky  : [1] xle.a(27): Scheduling job Id: 9018, L: 0, D: 67367514, C: true, I: true, N: 2
08-06 00:16:36.159 15866 15866 I Finsky  : [1] xle.a(27): Scheduling job Id: 9019, L: 40004768, D: 40904768, C: false, I: false, N: 0
08-06 00:16:36.160 15866 28673 I Finsky  : [6699] lyv.run(-1): Wrote row to frosting DB: 3032
08-06 00:16:36.217 15866 28673 I Finsky  : [6699] lyv.run(-1): Wrote row to frosting DB: 3033
08-06 00:16:36.231 24577 13294 I Icing   : IndexChimeraService.getServiceInterface callingPackage=com.google.android.gms componentName=AppsCorpus serviceId=36
08-06 00:16:36.267   918  4413 I AccountManagerService: getTypesVisibleToCaller: isPermitted? true
08-06 00:16:36.299 24577  3576 W Icing   : No valid account for uploading user actions
08-06 00:16:36.330 28704 28704 D AndroidRuntime: >>>>>> START com.android.internal.os.RuntimeInit uid 2000 <<<<<<
08-06 00:16:36.332 24577 13336 I Icing   : IndexChimeraService.getServiceInterface callingPackage=com.google.android.gms componentName=null serviceId=30
08-06 00:16:36.334 28704 28704 D AndroidRuntime: CheckJNI is OFF
08-06 00:16:36.356 28704 28704 D ICU     : No timezone override file found: /data/misc/zoneinfo/current/icu/icu_tzdata.dat
08-06 00:16:36.368 24577  3576 I Icing   : Usage reports ok 1, Failed Usage reports 0, indexed 0, rejected 0
08-06 00:16:36.372 24577  3576 W Icing   : No valid account for uploading user actions
08-06 00:16:36.380 28704 28704 I Radio-JNI: register_android_hardware_Radio DONE
08-06 00:16:36.389 24577  3576 I Icing   : Usage reports ok 0, Failed Usage reports 0, indexed 0, rejected 0
08-06 00:16:36.390 24577  3576 I Icing   : Indexing com.google.android.gms-internal.3p:MobileApplication from com.google.android.gms using seqno 763
08-06 00:16:36.393 24577  3576 I Icing   : Indexing com.google.android.gms-internal.3p:MobileApplication from com.google.android.gms using seqno 763
08-06 00:16:36.396 28704 28704 D AndroidRuntime: Calling main entry com.android.commands.monkey.Monkey
08-06 00:16:36.413   918   931 W BroadcastQueue: Skipping deliver [background] BroadcastRecord{473610f u-1 android.net.conn.CONNECTIVITY_CHANGE} to ReceiverList{d4d159c 28704 (unknown name)/2000/u-1 remote:fd099e9}: process crashing
08-06 00:16:36.423   918  5952 I ActivityManager: START u0 {act=android.intent.action.MAIN cat=[android.intent.category.LAUNCHER] flg=0x10200000 cmp=baseline.org.quantumbadger.redreader/.activities.MainActivity} from uid 2000 on display 0
08-06 00:16:36.426 24577 13336 I Icing   : IndexChimeraService.getServiceInterface callingPackage=com.google.android.gms componentName=null serviceId=36
08-06 00:16:36.435 24577  3576 W Icing   : No valid account for uploading user actions
08-06 00:16:36.443   918  3961 I ActivityManager: Start proc 28713:baseline.org.quantumbadger.redreader/u0a705 for activity baseline.org.quantumbadger.redreader/.activities.MainActivity
08-06 00:16:36.444 28713 28713 I art     : Late-enabling -Xcheck:jni
08-06 00:16:36.450 24577  3576 I Icing   : Usage reports ok 0, Failed Usage reports 0, indexed 0, rejected 0
08-06 00:16:36.467 28704 28704 I art     : System.exit called, status: 0
08-06 00:16:36.467 28704 28704 I AndroidRuntime: VM exiting with result code 0.
08-06 00:16:36.484 28713 28713 W System  : ClassLoader referenced unknown path: /data/app/baseline.org.quantumbadger.redreader-2/lib/arm64
08-06 00:16:36.495 28713 28713 I RedReader: Application created.
08-06 00:16:36.508 28713 28730 I RedditChangeDataIO: Running initial read...
08-06 00:16:36.509 28713 28713 I RedReader: Checking for new messages.
08-06 00:16:36.512 28713 28730 I RedditChangeDataIO: Data file at '/data/user/0/baseline.org.quantumbadger.redreader/files/rr_change_data.dat'
08-06 00:16:36.512 28713 28730 I RedditChangeDataIO: Data file does not exist. Aborting read.
08-06 00:16:36.513 28713 28730 I RedditChangeDataManager: Pruning for all users...
08-06 00:16:36.513 28713 28730 I RedditChangeDataManager: Pruning complete.
08-06 00:16:36.531 16458  3075 I PBSessionCacheImpl: Deleted sessionId[72384646105454640] from persistence.
08-06 00:16:36.536 16458 16488 W SearchServiceCore: Abort, client detached.
08-06 00:16:36.537 16458 16488 I MicroDetectionState: Should stop hotword detection immediately - true
08-06 00:16:36.587 28713 28713 W art     : Before Android 4.1, method android.graphics.PorterDuffColorFilter androidx.vectordrawable.graphics.drawable.VectorDrawableCompat.updateTintFilter(android.graphics.PorterDuffColorFilter, android.content.res.ColorStateList, android.graphics.PorterDuff$Mode) would have incorrectly overridden the package-private method in android.graphics.drawable.Drawable
08-06 00:16:36.603 28713 28729 I CacheManager: Pruning 108 files
08-06 00:16:36.608 28713 28713 I art     : Rejecting re-init on previously-failed class java.lang.Class<androidx.core.view.ViewCompat$2>
08-06 00:16:36.608 28713 28713 I art     : Rejecting re-init on previously-failed class java.lang.Class<androidx.core.view.ViewCompat$2>
08-06 00:16:36.617 28713 28713 I AppCompatViewInflater: app:theme is now deprecated. Please move to using android:theme instead.
08-06 00:16:36.937 28713 28713 I RawObjectDB query string: CREATE TABLE objects(RawObjectDB_id TEXT PRIMARY KEY ON CONFLICT REPLACE,RawObjectDB_timestamp INTEGER,serialised TEXT)
08-06 00:16:36.974 28713 28713 I RawObjectDB query string: CREATE TABLE objects(RawObjectDB_id TEXT PRIMARY KEY ON CONFLICT REPLACE,RawObjectDB_timestamp INTEGER,serialised TEXT)
08-06 00:16:37.013 28602 28602 W Atfwd_Sendcmd: AtCmdFwd service not published, waiting... retryCnt : 5
08-06 00:16:37.038 28713 28732 D OpenGLRenderer: Use EGL_SWAP_BEHAVIOR_PRESERVED: true
08-06 00:16:37.102 28713 28732 I Adreno  : QUALCOMM build                   : fcf4852, I1af360237c
08-06 00:16:37.102 28713 28732 I Adreno  : Build Date                       : 09/23/15
08-06 00:16:37.102 28713 28732 I Adreno  : OpenGL ES Shader Compiler Version: XE031.05.13.02
08-06 00:16:37.102 28713 28732 I Adreno  : Local Branch                     : mybranch14465806
08-06 00:16:37.102 28713 28732 I Adreno  : Remote Branch                    : quic/LA.BF64.1.2.9_v2
08-06 00:16:37.102 28713 28732 I Adreno  : Remote Branch                    : NONE
08-06 00:16:37.102 28713 28732 I Adreno  : Reconstruct Branch               : NOTHING
08-06 00:16:37.112 28713 28732 I OpenGLRenderer: Initialized EGL, version 1.4
08-06 00:16:37.373 24577  3576 I Icing   : Indexing com.google.android.gms-apps from com.google.android.gms
08-06 00:16:37.455   918   936 I ActivityManager: Displayed baseline.org.quantumbadger.redreader/.activities.MainActivity: +1s25ms
08-06 00:16:37.482 24577  3576 I Icing   : Indexing done com.google.android.gms-apps
08-06 00:16:38.015 28748 28748 D AndroidRuntime: >>>>>> START com.android.internal.os.RuntimeInit uid 2000 <<<<<<
08-06 00:16:38.022 28748 28748 D AndroidRuntime: CheckJNI is OFF
08-06 00:16:38.055 28748 28748 D ICU     : No timezone override file found: /data/misc/zoneinfo/current/icu/icu_tzdata.dat
08-06 00:16:38.088 28748 28748 I Radio-JNI: register_android_hardware_Radio DONE
08-06 00:16:38.107 28748 28748 D AndroidRuntime: Calling main entry com.android.commands.am.Am
08-06 00:16:38.117  3167  3167 I Trepn   : Trepn 6.2s: Received intent: com.quicinc.trepn.start_profiling
08-06 00:16:38.220  3167  3167 W FileUtils: Failed to chmod(/storage/emulated/0/trepn/Trepn_2020.08.06_001638.db): android.system.ErrnoException: chmod failed: EPERM (Operation not permitted)
08-06 00:16:38.294  3167  3167 I Trepn   : Trepn 6.2s: Trepn has Started Profiling.
08-06 00:16:38.295 28748 28748 D AndroidRuntime: Shutting down VM
08-06 00:16:38.769 28713 28724 I art     : Starting a blocking GC Explicit
08-06 00:16:38.790 28713 28724 I art     : Explicit concurrent mark sweep GC freed 10604(1323KB) AllocSpace objects, 8(216KB) LOS objects, 40% free, 20MB/34MB, paused 158us total 20.056ms
08-06 00:16:38.801 28713 28724 I art     : Starting a blocking GC Explicit
08-06 00:16:38.813 28713 28724 I art     : Explicit concurrent mark sweep GC freed 1520(73KB) AllocSpace objects, 0(0B) LOS objects, 40% free, 20MB/34MB, paused 123us total 12.072ms
08-06 00:16:38.823 28713 28724 I art     : Starting a blocking GC Explicit
08-06 00:16:38.835 28713 28724 I art     : Explicit concurrent mark sweep GC freed 5(160B) AllocSpace objects, 0(0B) LOS objects, 40% free, 20MB/34MB, paused 198us total 11.316ms
08-06 00:16:38.844 28713 28724 I art     : Starting a blocking GC Explicit
08-06 00:16:38.856 28713 28724 I art     : Explicit concurrent mark sweep GC freed 6(192B) AllocSpace objects, 0(0B) LOS objects, 40% free, 20MB/34MB, paused 106us total 12.061ms
08-06 00:16:38.864 28713 28724 I art     : Starting a blocking GC Explicit
08-06 00:16:38.875 28713 28724 I art     : Explicit concurrent mark sweep GC freed 6(192B) AllocSpace objects, 0(0B) LOS objects, 40% free, 20MB/34MB, paused 100us total 11.256ms
08-06 00:16:39.140 28713 28734 I art     : Starting a blocking GC Explicit
08-06 00:16:39.159 28713 28734 I art     : Explicit concurrent mark sweep GC freed 1343(78KB) AllocSpace objects, 1(20KB) LOS objects, 40% free, 20MB/34MB, paused 151us total 19.090ms
08-06 00:16:39.171 28713 28734 I art     : Starting a blocking GC Explicit
08-06 00:16:39.182 28713 28734 I art     : Explicit concurrent mark sweep GC freed 20(704B) AllocSpace objects, 0(0B) LOS objects, 40% free, 20MB/34MB, paused 116us total 11.123ms
08-06 00:16:39.190 28713 28734 I art     : Starting a blocking GC Explicit
08-06 00:16:39.201 28713 28734 I art     : Explicit concurrent mark sweep GC freed 3(96B) AllocSpace objects, 0(0B) LOS objects, 40% free, 20MB/34MB, paused 117us total 10.821ms
08-06 00:16:39.209 28713 28734 I art     : Starting a blocking GC Explicit
08-06 00:16:39.220 28713 28734 I art     : Explicit concurrent mark sweep GC freed 3(96B) AllocSpace objects, 0(0B) LOS objects, 40% free, 20MB/34MB, paused 112us total 10.739ms
08-06 00:16:39.228 28713 28734 I art     : Starting a blocking GC Explicit
08-06 00:16:39.239 28713 28734 I art     : Explicit concurrent mark sweep GC freed 3(96B) AllocSpace objects, 0(0B) LOS objects, 40% free, 20MB/34MB, paused 114us total 10.850ms
08-06 00:16:39.518 28713 28724 I art     : Starting a blocking GC Explicit
08-06 00:16:39.532 28713 28724 I art     : Explicit concurrent mark sweep GC freed 1335(78KB) AllocSpace objects, 1(20KB) LOS objects, 40% free, 20MB/34MB, paused 148us total 13.866ms
08-06 00:16:39.542 28713 28724 I art     : Starting a blocking GC Explicit
08-06 00:16:39.554 28713 28724 I art     : Explicit concurrent mark sweep GC freed 20(704B) AllocSpace objects, 0(0B) LOS objects, 40% free, 20MB/34MB, paused 120us total 11.933ms
08-06 00:16:39.562 28713 28724 I art     : Starting a blocking GC Explicit
08-06 00:16:39.574 28713 28724 I art     : Explicit concurrent mark sweep GC freed 3(96B) AllocSpace objects, 0(0B) LOS objects, 40% free, 20MB/34MB, paused 110us total 10.961ms
08-06 00:16:39.582 28713 28724 I art     : Starting a blocking GC Explicit
08-06 00:16:39.592 28713 28724 I art     : Explicit concurrent mark sweep GC freed 3(96B) AllocSpace objects, 0(0B) LOS objects, 40% free, 20MB/34MB, paused 112us total 10.747ms
08-06 00:16:39.600 28713 28724 I art     : Starting a blocking GC Explicit
08-06 00:16:39.611 28713 28724 I art     : Explicit concurrent mark sweep GC freed 3(96B) AllocSpace objects, 0(0B) LOS objects, 40% free, 20MB/34MB, paused 112us total 10.481ms
08-06 00:16:39.889 28713 28725 I art     : Starting a blocking GC Explicit
08-06 00:16:39.905 28713 28725 I art     : Explicit concurrent mark sweep GC freed 1335(78KB) AllocSpace objects, 1(20KB) LOS objects, 40% free, 20MB/34MB, paused 167us total 15.896ms
08-06 00:16:39.918 28713 28725 I art     : Starting a blocking GC Explicit
08-06 00:16:39.931 28713 28725 I art     : Explicit concurrent mark sweep GC freed 20(704B) AllocSpace objects, 0(0B) LOS objects, 40% free, 20MB/34MB, paused 135us total 13.435ms
08-06 00:16:39.941 28713 28725 I art     : Starting a blocking GC Explicit
08-06 00:16:39.952 28713 28725 I art     : Explicit concurrent mark sweep GC freed 3(96B) AllocSpace objects, 0(0B) LOS objects, 40% free, 20MB/34MB, paused 120us total 10.693ms
08-06 00:16:39.960 28713 28725 I art     : Starting a blocking GC Explicit
08-06 00:16:39.971 28713 28725 I art     : Explicit concurrent mark sweep GC freed 3(96B) AllocSpace objects, 0(0B) LOS objects, 40% free, 20MB/34MB, paused 126us total 10.667ms
08-06 00:16:39.979 28713 28725 I art     : Starting a blocking GC Explicit
08-06 00:16:39.989 28713 28725 I art     : Explicit concurrent mark sweep GC freed 3(96B) AllocSpace objects, 0(0B) LOS objects, 40% free, 20MB/34MB, paused 115us total 10.431ms
08-06 00:16:40.305 28713 28734 I art     : Starting a blocking GC Explicit
08-06 00:16:40.323 28713 28734 I art     : Explicit concurrent mark sweep GC freed 1335(78KB) AllocSpace objects, 1(20KB) LOS objects, 40% free, 20MB/34MB, paused 145us total 17.205ms
08-06 00:16:40.336 28713 28734 I art     : Starting a blocking GC Explicit
08-06 00:16:40.348 28713 28734 I art     : Explicit concurrent mark sweep GC freed 20(704B) AllocSpace objects, 0(0B) LOS objects, 40% free, 20MB/34MB, paused 122us total 11.578ms
08-06 00:16:40.356 28713 28734 I art     : Starting a blocking GC Explicit
08-06 00:16:40.367 28713 28734 I art     : Explicit concurrent mark sweep GC freed 3(96B) AllocSpace objects, 0(0B) LOS objects, 40% free, 20MB/34MB, paused 109us total 10.973ms
08-06 00:16:40.375 28713 28734 I art     : Starting a blocking GC Explicit
08-06 00:16:40.386 28713 28734 I art     : Explicit concurrent mark sweep GC freed 3(96B) AllocSpace objects, 0(0B) LOS objects, 40% free, 20MB/34MB, paused 112us total 10.514ms
08-06 00:16:40.394 28713 28734 I art     : Starting a blocking GC Explicit
08-06 00:16:40.404 28713 28734 I art     : Explicit concurrent mark sweep GC freed 3(96B) AllocSpace objects, 0(0B) LOS objects, 40% free, 20MB/34MB, paused 112us total 10.642ms
08-06 00:16:40.720 28713 28724 I art     : Starting a blocking GC Explicit
08-06 00:16:40.740 28713 28724 I art     : Explicit concurrent mark sweep GC freed 1336(78KB) AllocSpace objects, 1(20KB) LOS objects, 40% free, 20MB/34MB, paused 151us total 19.627ms
08-06 00:16:40.753 28713 28724 I art     : Starting a blocking GC Explicit
08-06 00:16:40.768 28713 28724 I art     : Explicit concurrent mark sweep GC freed 20(704B) AllocSpace objects, 0(0B) LOS objects, 40% free, 20MB/34MB, paused 135us total 14.371ms
08-06 00:16:40.777 28713 28724 I art     : Starting a blocking GC Explicit
08-06 00:16:40.788 28713 28724 I art     : Explicit concurrent mark sweep GC freed 3(96B) AllocSpace objects, 0(0B) LOS objects, 40% free, 20MB/34MB, paused 109us total 10.621ms
08-06 00:16:40.796 28713 28724 I art     : Starting a blocking GC Explicit
08-06 00:16:40.807 28713 28724 I art     : Explicit concurrent mark sweep GC freed 3(96B) AllocSpace objects, 0(0B) LOS objects, 40% free, 20MB/34MB, paused 114us total 10.979ms
08-06 00:16:40.815 28713 28724 I art     : Starting a blocking GC Explicit
08-06 00:16:40.826 28713 28724 I art     : Explicit concurrent mark sweep GC freed 3(96B) AllocSpace objects, 0(0B) LOS objects, 40% free, 20MB/34MB, paused 111us total 10.812ms
08-06 00:16:41.125 28713 28725 I art     : Starting a blocking GC Explicit
08-06 00:16:41.138 28713 28725 I art     : Explicit concurrent mark sweep GC freed 1336(78KB) AllocSpace objects, 1(20KB) LOS objects, 40% free, 20MB/34MB, paused 131us total 13.242ms
08-06 00:16:41.150 28713 28725 I art     : Starting a blocking GC Explicit
08-06 00:16:41.163 28713 28725 I art     : Explicit concurrent mark sweep GC freed 20(704B) AllocSpace objects, 0(0B) LOS objects, 40% free, 20MB/34MB, paused 117us total 11.783ms
08-06 00:16:41.171 28713 28725 I art     : Starting a blocking GC Explicit
08-06 00:16:41.181 28713 28725 I art     : Explicit concurrent mark sweep GC freed 3(96B) AllocSpace objects, 0(0B) LOS objects, 40% free, 20MB/34MB, paused 123us total 10.718ms
08-06 00:16:41.189 28713 28725 I art     : Starting a blocking GC Explicit
08-06 00:16:41.200 28713 28725 I art     : Explicit concurrent mark sweep GC freed 3(96B) AllocSpace objects, 0(0B) LOS objects, 40% free, 20MB/34MB, paused 120us total 10.715ms
08-06 00:16:41.209 28713 28725 I art     : Starting a blocking GC Explicit
08-06 00:16:41.219 28713 28725 I art     : Explicit concurrent mark sweep GC freed 3(96B) AllocSpace objects, 0(0B) LOS objects, 40% free, 20MB/34MB, paused 112us total 10.368ms
08-06 00:16:41.509 28713 28734 I art     : Starting a blocking GC Explicit
08-06 00:16:41.525 28713 28734 I art     : Explicit concurrent mark sweep GC freed 1335(78KB) AllocSpace objects, 1(20KB) LOS objects, 40% free, 20MB/34MB, paused 155us total 15.567ms
08-06 00:16:41.537 28713 28734 I art     : Starting a blocking GC Explicit
08-06 00:16:41.551 28713 28734 I art     : Explicit concurrent mark sweep GC freed 20(704B) AllocSpace objects, 0(0B) LOS objects, 40% free, 20MB/34MB, paused 124us total 13.823ms
08-06 00:16:41.562 28713 28734 I art     : Starting a blocking GC Explicit
08-06 00:16:41.572 28713 28734 I art     : Explicit concurrent mark sweep GC freed 3(96B) AllocSpace objects, 0(0B) LOS objects, 40% free, 20MB/34MB, paused 111us total 10.709ms
08-06 00:16:41.580 28713 28734 I art     : Starting a blocking GC Explicit
08-06 00:16:41.591 28713 28734 I art     : Explicit concurrent mark sweep GC freed 3(96B) AllocSpace objects, 0(0B) LOS objects, 40% free, 20MB/34MB, paused 114us total 10.751ms
08-06 00:16:41.599 28713 28734 I art     : Starting a blocking GC Explicit
08-06 00:16:41.610 28713 28734 I art     : Explicit concurrent mark sweep GC freed 3(96B) AllocSpace objects, 0(0B) LOS objects, 40% free, 20MB/34MB, paused 110us total 10.729ms
08-06 00:16:41.917 28713 28724 I art     : Starting a blocking GC Explicit
08-06 00:16:41.933 28713 28724 I art     : Explicit concurrent mark sweep GC freed 1335(78KB) AllocSpace objects, 1(20KB) LOS objects, 40% free, 20MB/34MB, paused 156us total 15.749ms
08-06 00:16:41.946 28713 28724 I art     : Starting a blocking GC Explicit
08-06 00:16:41.960 28713 28724 I art     : Explicit concurrent mark sweep GC freed 20(704B) AllocSpace objects, 0(0B) LOS objects, 40% free, 20MB/34MB, paused 129us total 13.832ms
08-06 00:16:41.970 28713 28724 I art     : Starting a blocking GC Explicit
08-06 00:16:41.981 28713 28724 I art     : Explicit concurrent mark sweep GC freed 3(96B) AllocSpace objects, 0(0B) LOS objects, 40% free, 20MB/34MB, paused 112us total 11.028ms
08-06 00:16:41.989 28713 28724 I art     : Starting a blocking GC Explicit
08-06 00:16:42.001 28713 28724 I art     : Explicit concurrent mark sweep GC freed 3(96B) AllocSpace objects, 0(0B) LOS objects, 40% free, 20MB/34MB, paused 110us total 11.084ms
08-06 00:16:42.009 28713 28724 I art     : Starting a blocking GC Explicit
08-06 00:16:42.019 28713 28724 I art     : Explicit concurrent mark sweep GC freed 3(96B) AllocSpace objects, 0(0B) LOS objects, 40% free, 20MB/34MB, paused 113us total 10.323ms
08-06 00:16:42.317 28713 28725 I art     : Starting a blocking GC Explicit
08-06 00:16:42.333 28713 28725 I art     : Explicit concurrent mark sweep GC freed 1335(78KB) AllocSpace objects, 1(20KB) LOS objects, 40% free, 20MB/34MB, paused 162us total 15.862ms
08-06 00:16:42.344 28713 28725 I art     : Starting a blocking GC Explicit
08-06 00:16:42.355 28713 28725 I art     : Explicit concurrent mark sweep GC freed 20(704B) AllocSpace objects, 0(0B) LOS objects, 40% free, 20MB/34MB, paused 133us total 11.283ms
08-06 00:16:42.364 28713 28725 I art     : Starting a blocking GC Explicit
08-06 00:16:42.375 28713 28725 I art     : Explicit concurrent mark sweep GC freed 3(96B) AllocSpace objects, 0(0B) LOS objects, 40% free, 20MB/34MB, paused 119us total 10.870ms
08-06 00:16:42.383 28713 28725 I art     : Starting a blocking GC Explicit
08-06 00:16:42.394 28713 28725 I art     : Explicit concurrent mark sweep GC freed 3(96B) AllocSpace objects, 0(0B) LOS objects, 40% free, 20MB/34MB, paused 109us total 10.324ms
08-06 00:16:42.402 28713 28725 I art     : Starting a blocking GC Explicit
08-06 00:16:42.413 28713 28725 I art     : Explicit concurrent mark sweep GC freed 3(96B) AllocSpace objects, 0(0B) LOS objects, 40% free, 20MB/34MB, paused 117us total 10.601ms
08-06 00:16:42.679 28713 28734 I art     : Starting a blocking GC Explicit
08-06 00:16:42.692 28713 28734 I art     : Explicit concurrent mark sweep GC freed 1335(78KB) AllocSpace objects, 1(20KB) LOS objects, 40% free, 20MB/34MB, paused 121us total 12.837ms
08-06 00:16:42.701 28713 28734 I art     : Starting a blocking GC Explicit
08-06 00:16:42.712 28713 28734 I art     : Explicit concurrent mark sweep GC freed 20(704B) AllocSpace objects, 0(0B) LOS objects, 40% free, 20MB/34MB, paused 108us total 10.904ms
08-06 00:16:42.720 28713 28734 I art     : Starting a blocking GC Explicit
08-06 00:16:42.730 28713 28734 I art     : Explicit concurrent mark sweep GC freed 3(96B) AllocSpace objects, 0(0B) LOS objects, 40% free, 20MB/34MB, paused 107us total 10.062ms
08-06 00:16:42.738 28713 28734 I art     : Starting a blocking GC Explicit
08-06 00:16:42.747 28713 28734 I art     : Explicit concurrent mark sweep GC freed 3(96B) AllocSpace objects, 0(0B) LOS objects, 40% free, 20MB/34MB, paused 98us total 9.554ms
08-06 00:16:42.755 28713 28734 I art     : Starting a blocking GC Explicit
08-06 00:16:42.765 28713 28734 I art     : Explicit concurrent mark sweep GC freed 3(96B) AllocSpace objects, 0(0B) LOS objects, 40% free, 20MB/34MB, paused 106us total 9.299ms
08-06 00:16:43.061 28713 28724 I art     : Starting a blocking GC Explicit
08-06 00:16:43.075 28713 28724 I art     : Explicit concurrent mark sweep GC freed 1335(78KB) AllocSpace objects, 1(20KB) LOS objects, 40% free, 20MB/34MB, paused 136us total 13.601ms
08-06 00:16:43.086 28713 28724 I art     : Starting a blocking GC Explicit
08-06 00:16:43.096 28713 28724 I art     : Explicit concurrent mark sweep GC freed 20(704B) AllocSpace objects, 0(0B) LOS objects, 40% free, 20MB/34MB, paused 113us total 10.309ms
08-06 00:16:43.104 28713 28724 I art     : Starting a blocking GC Explicit
08-06 00:16:43.115 28713 28724 I art     : Explicit concurrent mark sweep GC freed 3(96B) AllocSpace objects, 0(0B) LOS objects, 40% free, 20MB/34MB, paused 117us total 10.291ms
08-06 00:16:43.123 28713 28724 I art     : Starting a blocking GC Explicit
08-06 00:16:43.132 28713 28724 I art     : Explicit concurrent mark sweep GC freed 3(96B) AllocSpace objects, 0(0B) LOS objects, 40% free, 20MB/34MB, paused 98us total 9.652ms
08-06 00:16:43.140 28713 28724 I art     : Starting a blocking GC Explicit
08-06 00:16:43.150 28713 28724 I art     : Explicit concurrent mark sweep GC freed 3(96B) AllocSpace objects, 0(0B) LOS objects, 40% free, 20MB/34MB, paused 119us total 9.051ms
08-06 00:16:43.387 28713 28725 I art     : Starting a blocking GC Explicit
08-06 00:16:43.399 28713 28725 I art     : Explicit concurrent mark sweep GC freed 1335(78KB) AllocSpace objects, 1(20KB) LOS objects, 40% free, 20MB/34MB, paused 122us total 11.030ms
08-06 00:16:43.407 28713 28725 I art     : Starting a blocking GC Explicit
08-06 00:16:43.418 28713 28725 I art     : Explicit concurrent mark sweep GC freed 20(704B) AllocSpace objects, 0(0B) LOS objects, 40% free, 20MB/34MB, paused 116us total 11.323ms
08-06 00:16:43.426 28713 28725 I art     : Starting a blocking GC Explicit
08-06 00:16:43.435 28713 28725 I art     : Explicit concurrent mark sweep GC freed 3(96B) AllocSpace objects, 0(0B) LOS objects, 40% free, 20MB/34MB, paused 108us total 8.982ms
08-06 00:16:43.442 28713 28725 I art     : Starting a blocking GC Explicit
08-06 00:16:43.451 28713 28725 I art     : Explicit concurrent mark sweep GC freed 3(96B) AllocSpace objects, 0(0B) LOS objects, 40% free, 20MB/34MB, paused 110us total 9.194ms
08-06 00:16:43.458 28713 28725 I art     : Starting a blocking GC Explicit
08-06 00:16:43.468 28713 28725 I art     : Explicit concurrent mark sweep GC freed 3(96B) AllocSpace objects, 0(0B) LOS objects, 40% free, 20MB/34MB, paused 112us total 9.144ms
08-06 00:16:43.638 28911 28911 D AndroidRuntime: >>>>>> START com.android.internal.os.RuntimeInit uid 2000 <<<<<<
08-06 00:16:43.643 28911 28911 D AndroidRuntime: CheckJNI is OFF
08-06 00:16:43.673 28911 28911 D ICU     : No timezone override file found: /data/misc/zoneinfo/current/icu/icu_tzdata.dat
08-06 00:16:43.697 28911 28911 I Radio-JNI: register_android_hardware_Radio DONE
08-06 00:16:43.713 28911 28911 D AndroidRuntime: Calling main entry com.android.commands.input.Input
08-06 00:16:43.715 28911 28911 I Input   : injectMotionEvent: MotionEvent { action=ACTION_DOWN, actionButton=0, id[0]=0, x[0]=720.0, y[0]=1440.0, toolType[0]=TOOL_TYPE_UNKNOWN, buttonState=0, metaState=0, flags=0x0, edgeFlags=0x0, pointerCount=1, historySize=0, eventTime=836220128, downTime=836220128, deviceId=0, source=0x1002 }
08-06 00:16:43.720 28911 28911 I Input   : injectMotionEvent: MotionEvent { action=ACTION_UP, actionButton=0, id[0]=0, x[0]=720.0, y[0]=1440.0, toolType[0]=TOOL_TYPE_UNKNOWN, buttonState=0, metaState=0, flags=0x0, edgeFlags=0x0, pointerCount=1, historySize=0, eventTime=836220128, downTime=836220128, deviceId=0, source=0x1002 }
08-06 00:16:43.721 28911 28911 D AndroidRuntime: Shutting down VM
08-06 00:16:43.728   512  2967 D audio_hw_primary: out_set_parameters: enter: usecase(1: low-latency-playback) kvpairs: routing=2
08-06 00:16:43.738 28713 28725 I art     : Starting a blocking GC Explicit
08-06 00:16:43.741 13866 13866 I GoogleInputMethodServic: GoogleInputMethodService.onFinishInput():3138 
08-06 00:16:43.741   512  2967 D audio_hw_primary: select_devices: out_snd_device(2: speaker) in_snd_device(0: none)
08-06 00:16:43.741   512  2967 D msm8974_platform: platform_send_audio_calibration: sending audio calibration for snd_device(2) acdb_id(15)
08-06 00:16:43.742   512  2967 I soundtrigger: audio_extn_sound_trigger_update_device_status: device 0x2 of type 0 for Event 1
08-06 00:16:43.743 13866 13866 I GoogleInputMethodServic: GoogleInputMethodService.onStartInput():1808 
08-06 00:16:43.751 28713 28725 I art     : Explicit concurrent mark sweep GC freed 1450(82KB) AllocSpace objects, 1(20KB) LOS objects, 40% free, 20MB/34MB, paused 127us total 12.110ms
08-06 00:16:43.754   512  2967 D audio_hw_primary: enable_snd_device: snd_device(2: speaker)
08-06 00:16:43.756   512  2967 D audio_hw_primary: enable_audio_route: apply and update mixer path: low-latency-playback speaker
08-06 00:16:43.760 28713 28725 I art     : Starting a blocking GC Explicit
08-06 00:16:43.771 28713 28725 I art     : Explicit concurrent mark sweep GC freed 991(69KB) AllocSpace objects, 1(76KB) LOS objects, 40% free, 20MB/34MB, paused 120us total 10.812ms
08-06 00:16:43.778 28713 28725 I art     : Starting a blocking GC Explicit
08-06 00:16:43.788 28713 28725 I art     : Explicit concurrent mark sweep GC freed 3(96B) AllocSpace objects, 0(0B) LOS objects, 40% free, 20MB/34MB, paused 114us total 9.764ms
08-06 00:16:43.797 28713 28725 I art     : Starting a blocking GC Explicit
08-06 00:16:43.808 28713 28725 I art     : Explicit concurrent mark sweep GC freed 3(96B) AllocSpace objects, 0(0B) LOS objects, 40% free, 20MB/34MB, paused 136us total 10.427ms
08-06 00:16:43.816 28713 28725 I art     : Starting a blocking GC Explicit
08-06 00:16:43.827 28713 28725 I art     : Explicit concurrent mark sweep GC freed 3(96B) AllocSpace objects, 0(0B) LOS objects, 40% free, 20MB/34MB, paused 140us total 10.731ms
08-06 00:16:43.940   380   380 W SurfaceFlinger: couldn't log to binary event log: overflow.
08-06 00:16:44.036 28713 28734 I art     : Starting a blocking GC Explicit
08-06 00:16:44.046 28713 28734 I art     : Explicit concurrent mark sweep GC freed 1335(78KB) AllocSpace objects, 1(20KB) LOS objects, 40% free, 20MB/34MB, paused 118us total 9.872ms
08-06 00:16:44.054 28713 28734 I art     : Starting a blocking GC Explicit
08-06 00:16:44.065 28713 28734 I art     : Explicit concurrent mark sweep GC freed 20(704B) AllocSpace objects, 0(0B) LOS objects, 40% free, 20MB/34MB, paused 125us total 10.781ms
08-06 00:16:44.073 28713 28734 I art     : Starting a blocking GC Explicit
08-06 00:16:44.084 28713 28734 I art     : Explicit concurrent mark sweep GC freed 3(96B) AllocSpace objects, 0(0B) LOS objects, 40% free, 20MB/34MB, paused 118us total 10.279ms
08-06 00:16:44.092 28713 28734 I art     : Starting a blocking GC Explicit
08-06 00:16:44.102 28713 28734 I art     : Explicit concurrent mark sweep GC freed 3(96B) AllocSpace objects, 0(0B) LOS objects, 40% free, 20MB/34MB, paused 121us total 10.326ms
08-06 00:16:44.110 28713 28734 I art     : Starting a blocking GC Explicit
08-06 00:16:44.121 28713 28734 I art     : Explicit concurrent mark sweep GC freed 3(96B) AllocSpace objects, 0(0B) LOS objects, 40% free, 20MB/34MB, paused 112us total 10.278ms
08-06 00:16:44.280 28940 28940 D AndroidRuntime: >>>>>> START com.android.internal.os.RuntimeInit uid 2000 <<<<<<
08-06 00:16:44.284 28940 28940 D AndroidRuntime: CheckJNI is OFF
08-06 00:16:44.298   512  2967 D audio_hw_primary: disable_audio_route: reset and update mixer path: low-latency-playback speaker
08-06 00:16:44.300   512  2967 D audio_hw_primary: disable_snd_device: snd_device(2: speaker)
08-06 00:16:44.308   512  2967 I soundtrigger: audio_extn_sound_trigger_update_device_status: device 0x2 of type 0 for Event 0
08-06 00:16:44.310 28940 28940 D ICU     : No timezone override file found: /data/misc/zoneinfo/current/icu/icu_tzdata.dat
08-06 00:16:44.334 28940 28940 I Radio-JNI: register_android_hardware_Radio DONE
08-06 00:16:44.350 28940 28940 D AndroidRuntime: Calling main entry com.android.commands.input.Input
08-06 00:16:44.352 28940 28940 I Input   : injectMotionEvent: MotionEvent { action=ACTION_DOWN, actionButton=0, id[0]=0, x[0]=1345.0, y[0]=165.0, toolType[0]=TOOL_TYPE_UNKNOWN, buttonState=0, metaState=0, flags=0x0, edgeFlags=0x0, pointerCount=1, historySize=0, eventTime=836220765, downTime=836220765, deviceId=0, source=0x1002 }
08-06 00:16:44.354 28713 28725 I art     : Starting a blocking GC Explicit
08-06 00:16:44.357 28940 28940 I Input   : injectMotionEvent: MotionEvent { action=ACTION_UP, actionButton=0, id[0]=0, x[0]=1345.0, y[0]=165.0, toolType[0]=TOOL_TYPE_UNKNOWN, buttonState=0, metaState=0, flags=0x0, edgeFlags=0x0, pointerCount=1, historySize=0, eventTime=836220765, downTime=836220765, deviceId=0, source=0x1002 }
08-06 00:16:44.358 28940 28940 D AndroidRuntime: Shutting down VM
08-06 00:16:44.367 28713 28725 I art     : Explicit concurrent mark sweep GC freed 1359(79KB) AllocSpace objects, 1(20KB) LOS objects, 40% free, 20MB/34MB, paused 146us total 12.202ms
08-06 00:16:44.375 28713 28725 I art     : Starting a blocking GC Explicit
08-06 00:16:44.378   512  2967 D audio_hw_primary: out_set_parameters: enter: usecase(1: low-latency-playback) kvpairs: routing=2
08-06 00:16:44.380 28713 28713 W art     : Before Android 4.1, method int androidx.appcompat.widget.DropDownListView.lookForSelectablePosition(int, boolean) would have incorrectly overridden the package-private method in android.widget.ListView
08-06 00:16:44.384 28713 28713 W art     : Before Android 4.1, method int androidx.appcompat.widget.MenuPopupWindow$MenuDropDownListView.lookForSelectablePosition(int, boolean) would have incorrectly overridden the package-private method in android.widget.ListView
08-06 00:16:44.385 28713 28713 I ListPopupWindow: Could not find method setEpicenterBounds(Rect) on PopupWindow. Oh well.
08-06 00:16:44.388 28713 28725 I art     : Explicit concurrent mark sweep GC freed 108(34KB) AllocSpace objects, 0(0B) LOS objects, 40% free, 20MB/34MB, paused 353us total 12.538ms
08-06 00:16:44.392   512  2967 D audio_hw_primary: select_devices: out_snd_device(2: speaker) in_snd_device(0: none)
08-06 00:16:44.392   512  2967 D msm8974_platform: platform_send_audio_calibration: sending audio calibration for snd_device(2) acdb_id(15)
08-06 00:16:44.393   512  2967 I soundtrigger: audio_extn_sound_trigger_update_device_status: device 0x2 of type 0 for Event 1
08-06 00:16:44.396 28713 28725 I art     : Starting a blocking GC Explicit
08-06 00:16:44.401   512  2967 D audio_hw_primary: enable_snd_device: snd_device(2: speaker)
08-06 00:16:44.403   512  2967 D audio_hw_primary: enable_audio_route: apply and update mixer path: low-latency-playback speaker
08-06 00:16:44.407 28713 28725 I art     : Explicit concurrent mark sweep GC freed 400(75KB) AllocSpace objects, 0(0B) LOS objects, 40% free, 20MB/34MB, paused 224us total 10.655ms
08-06 00:16:44.415 28713 28725 I art     : Starting a blocking GC Explicit
08-06 00:16:44.425 28713 28725 I art     : Explicit concurrent mark sweep GC freed 208(27KB) AllocSpace objects, 0(0B) LOS objects, 40% free, 20MB/34MB, paused 121us total 9.942ms
08-06 00:16:44.433 28713 28725 I art     : Starting a blocking GC Explicit
08-06 00:16:44.444 28713 28725 I art     : Explicit concurrent mark sweep GC freed 228(10KB) AllocSpace objects, 0(0B) LOS objects, 40% free, 20MB/34MB, paused 483us total 11.112ms
08-06 00:16:44.450   512  2967 D AudioFlinger: mixer(0xf4740000) throttle end: throttle time(12)
08-06 00:16:44.680 28713 28734 I art     : Starting a blocking GC Explicit
08-06 00:16:44.691 28713 28734 I art     : Explicit concurrent mark sweep GC freed 1942(111KB) AllocSpace objects, 1(20KB) LOS objects, 40% free, 20MB/34MB, paused 150us total 10.970ms
08-06 00:16:44.699 28713 28734 I art     : Starting a blocking GC Explicit
08-06 00:16:44.710 28713 28734 I art     : Explicit concurrent mark sweep GC freed 306(25KB) AllocSpace objects, 0(0B) LOS objects, 40% free, 20MB/34MB, paused 171us total 10.674ms
08-06 00:16:44.718 28713 28734 I art     : Starting a blocking GC Explicit
08-06 00:16:44.728 28713 28734 I art     : Explicit concurrent mark sweep GC freed 280(12KB) AllocSpace objects, 0(0B) LOS objects, 40% free, 20MB/34MB, paused 110us total 9.723ms
08-06 00:16:44.737 28713 28734 I art     : Starting a blocking GC Explicit
08-06 00:16:44.747 28713 28734 I art     : Explicit concurrent mark sweep GC freed 9(288B) AllocSpace objects, 0(0B) LOS objects, 40% free, 20MB/34MB, paused 181us total 9.947ms
08-06 00:16:44.755 28713 28734 I art     : Starting a blocking GC Explicit
08-06 00:16:44.765 28713 28734 I art     : Explicit concurrent mark sweep GC freed 3(96B) AllocSpace objects, 0(0B) LOS objects, 40% free, 20MB/34MB, paused 114us total 9.715ms
08-06 00:16:44.902 28975 28975 D AndroidRuntime: >>>>>> START com.android.internal.os.RuntimeInit uid 2000 <<<<<<
08-06 00:16:44.906 28975 28975 D AndroidRuntime: CheckJNI is OFF
08-06 00:16:44.930 28975 28975 D ICU     : No timezone override file found: /data/misc/zoneinfo/current/icu/icu_tzdata.dat
08-06 00:16:44.938   512  2967 D audio_hw_primary: disable_audio_route: reset and update mixer path: low-latency-playback speaker
08-06 00:16:44.939   512  2967 D audio_hw_primary: disable_snd_device: snd_device(2: speaker)
08-06 00:16:44.948   512  2967 I soundtrigger: audio_extn_sound_trigger_update_device_status: device 0x2 of type 0 for Event 0
08-06 00:16:44.952 28975 28975 I Radio-JNI: register_android_hardware_Radio DONE
08-06 00:16:44.967 28975 28975 D AndroidRuntime: Calling main entry com.android.commands.input.Input
08-06 00:16:44.969 28975 28975 I Input   : injectMotionEvent: MotionEvent { action=ACTION_DOWN, actionButton=0, id[0]=0, x[0]=940.0, y[0]=501.0, toolType[0]=TOOL_TYPE_UNKNOWN, buttonState=0, metaState=0, flags=0x0, edgeFlags=0x0, pointerCount=1, historySize=0, eventTime=836221382, downTime=836221382, deviceId=0, source=0x1002 }
08-06 00:16:44.973 28975 28975 I Input   : injectMotionEvent: MotionEvent { action=ACTION_UP, actionButton=0, id[0]=0, x[0]=940.0, y[0]=501.0, toolType[0]=TOOL_TYPE_UNKNOWN, buttonState=0, metaState=0, flags=0x0, edgeFlags=0x0, pointerCount=1, historySize=0, eventTime=836221382, downTime=836221382, deviceId=0, source=0x1002 }
08-06 00:16:44.977 28975 28975 D AndroidRuntime: Shutting down VM
08-06 00:16:45.022 28713 28724 I art     : Starting a blocking GC Explicit
08-06 00:16:45.033 28713 28724 I art     : Explicit concurrent mark sweep GC freed 1352(78KB) AllocSpace objects, 1(20KB) LOS objects, 40% free, 20MB/34MB, paused 135us total 11.118ms
08-06 00:16:45.042 28713 28724 I art     : Starting a blocking GC Explicit
08-06 00:16:45.045   918  3670 I ActivityManager: START u0 {cmp=baseline.org.quantumbadger.redreader/.settings.SettingsActivity} from uid 10705 on display 0
08-06 00:16:45.045   512  2967 D audio_hw_primary: out_set_parameters: enter: usecase(1: low-latency-playback) kvpairs: routing=2
08-06 00:16:45.053 28713 28724 I art     : Explicit concurrent mark sweep GC freed 45(8KB) AllocSpace objects, 0(0B) LOS objects, 40% free, 20MB/34MB, paused 139us total 11.311ms
08-06 00:16:45.058   512  2967 D audio_hw_primary: select_devices: out_snd_device(2: speaker) in_snd_device(0: none)
08-06 00:16:45.058   512  2967 D msm8974_platform: platform_send_audio_calibration: sending audio calibration for snd_device(2) acdb_id(15)
08-06 00:16:45.059   512  2967 I soundtrigger: audio_extn_sound_trigger_update_device_status: device 0x2 of type 0 for Event 1
08-06 00:16:45.061 28713 28724 I art     : Starting a blocking GC Explicit
08-06 00:16:45.064 13866 13866 I GoogleInputMethodServic: GoogleInputMethodService.onFinishInput():3138 
08-06 00:16:45.066 13866 13866 I GoogleInputMethodServic: GoogleInputMethodService.onStartInput():1808 
08-06 00:16:45.072   512  2967 D audio_hw_primary: enable_snd_device: snd_device(2: speaker)
08-06 00:16:45.075 28713 28724 I art     : Explicit concurrent mark sweep GC freed 371(26KB) AllocSpace objects, 0(0B) LOS objects, 40% free, 20MB/34MB, paused 224us total 13.142ms
08-06 00:16:45.075   512  2967 D audio_hw_primary: enable_audio_route: apply and update mixer path: low-latency-playback speaker
08-06 00:16:45.085 28713 28724 I art     : Starting a blocking GC Explicit
08-06 00:16:45.097 28713 28724 I art     : Explicit concurrent mark sweep GC freed 425(103KB) AllocSpace objects, 0(0B) LOS objects, 40% free, 21MB/35MB, paused 463us total 11.526ms
08-06 00:16:45.105 28713 28724 I art     : Starting a blocking GC Explicit
08-06 00:16:45.116 28713 28724 I art     : Explicit concurrent mark sweep GC freed 468(37KB) AllocSpace objects, 0(0B) LOS objects, 40% free, 21MB/35MB, paused 154us total 11.400ms
08-06 00:16:45.120   512  2967 D AudioFlinger: mixer(0xf4740000) throttle end: throttle time(12)
08-06 00:16:45.188   918   936 I ActivityManager: Displayed baseline.org.quantumbadger.redreader/.settings.SettingsActivity: +119ms
08-06 00:16:45.188 13866 13866 I GoogleInputMethodServic: GoogleInputMethodService.onFinishInput():3138 
08-06 00:16:45.189 13866 13866 I GoogleInputMethodServic: GoogleInputMethodService.onStartInput():1808 
08-06 00:16:45.207 28713 28732 D OpenGLRenderer: endAllStagingAnimators on 0x7f949bf000 (MenuPopupWindow$MenuDropDownListView) with handle 0x7f801f3220
08-06 00:16:45.341 28713 28724 I art     : Starting a blocking GC Explicit
08-06 00:16:45.353 28713 28724 I art     : Explicit concurrent mark sweep GC freed 1937(106KB) AllocSpace objects, 1(20KB) LOS objects, 40% free, 21MB/35MB, paused 118us total 12.679ms
08-06 00:16:45.363 28713 28724 I art     : Starting a blocking GC Explicit
08-06 00:16:45.378 28713 28724 I art     : Explicit concurrent mark sweep GC freed 104(4KB) AllocSpace objects, 0(0B) LOS objects, 40% free, 21MB/35MB, paused 187us total 14.566ms
08-06 00:16:45.388 28713 28724 I art     : Starting a blocking GC Explicit
08-06 00:16:45.402 28713 28724 I art     : Explicit concurrent mark sweep GC freed 116(4KB) AllocSpace objects, 0(0B) LOS objects, 40% free, 21MB/35MB, paused 150us total 14.118ms
08-06 00:16:45.411 28713 28724 I art     : Starting a blocking GC Explicit
08-06 00:16:45.423 28713 28724 I art     : Explicit concurrent mark sweep GC freed 24(1024B) AllocSpace objects, 0(0B) LOS objects, 40% free, 21MB/35MB, paused 140us total 11.607ms
08-06 00:16:45.432 28713 28724 I art     : Starting a blocking GC Explicit
08-06 00:16:45.442   380   380 W SurfaceFlinger: couldn't log to binary event log: overflow.
08-06 00:16:45.444 28713 28724 I art     : Explicit concurrent mark sweep GC freed 3(96B) AllocSpace objects, 0(0B) LOS objects, 40% free, 21MB/35MB, paused 122us total 12.251ms
08-06 00:16:45.526 29007 29007 D AndroidRuntime: >>>>>> START com.android.internal.os.RuntimeInit uid 2000 <<<<<<
08-06 00:16:45.530 29007 29007 D AndroidRuntime: CheckJNI is OFF
08-06 00:16:45.553 29007 29007 D ICU     : No timezone override file found: /data/misc/zoneinfo/current/icu/icu_tzdata.dat
08-06 00:16:45.580 29007 29007 I Radio-JNI: register_android_hardware_Radio DONE
08-06 00:16:45.596 29007 29007 D AndroidRuntime: Calling main entry com.android.commands.input.Input
08-06 00:16:45.597 29007 29007 I Input   : injectMotionEvent: MotionEvent { action=ACTION_DOWN, actionButton=0, id[0]=0, x[0]=216.0, y[0]=853.0, toolType[0]=TOOL_TYPE_UNKNOWN, buttonState=0, metaState=0, flags=0x0, edgeFlags=0x0, pointerCount=1, historySize=0, eventTime=836222010, downTime=836222010, deviceId=0, source=0x1002 }
08-06 00:16:45.603 29007 29007 I Input   : injectMotionEvent: MotionEvent { action=ACTION_UP, actionButton=0, id[0]=0, x[0]=216.0, y[0]=853.0, toolType[0]=TOOL_TYPE_UNKNOWN, buttonState=0, metaState=0, flags=0x0, edgeFlags=0x0, pointerCount=1, historySize=0, eventTime=836222010, downTime=836222010, deviceId=0, source=0x1002 }
08-06 00:16:45.605 29007 29007 D AndroidRuntime: Shutting down VM
08-06 00:16:45.609   512  2967 D audio_hw_primary: disable_audio_route: reset and update mixer path: low-latency-playback speaker
08-06 00:16:45.610   512  2967 D audio_hw_primary: disable_snd_device: snd_device(2: speaker)
08-06 00:16:45.619   512  2967 I soundtrigger: audio_extn_sound_trigger_update_device_status: device 0x2 of type 0 for Event 0
08-06 00:16:45.670   918   928 I ActivityManager: START u0 {act=android.intent.action.MAIN cmp=baseline.org.quantumbadger.redreader/.settings.SettingsActivity (has extras)} from uid 10705 on display 0
08-06 00:16:45.671   512  2967 D audio_hw_primary: out_set_parameters: enter: usecase(1: low-latency-playback) kvpairs: routing=2
08-06 00:16:45.678 28713 28725 I art     : Starting a blocking GC Explicit
08-06 00:16:45.684   512  2967 D audio_hw_primary: select_devices: out_snd_device(2: speaker) in_snd_device(0: none)
08-06 00:16:45.684   512  2967 D msm8974_platform: platform_send_audio_calibration: sending audio calibration for snd_device(2) acdb_id(15)
08-06 00:16:45.685   512  2967 I soundtrigger: audio_extn_sound_trigger_update_device_status: device 0x2 of type 0 for Event 1
08-06 00:16:45.696   512  2967 D audio_hw_primary: enable_snd_device: snd_device(2: speaker)
08-06 00:16:45.697   512  2967 D audio_hw_primary: enable_audio_route: apply and update mixer path: low-latency-playback speaker
08-06 00:16:45.703 28713 28725 I art     : Explicit concurrent mark sweep GC freed 1864(108KB) AllocSpace objects, 1(20KB) LOS objects, 40% free, 21MB/35MB, paused 352us total 24.470ms
08-06 00:16:45.711 28713 28725 I art     : Starting a blocking GC Explicit
08-06 00:16:45.725 28713 28725 I art     : Explicit concurrent mark sweep GC freed 554(90KB) AllocSpace objects, 1(20KB) LOS objects, 40% free, 21MB/35MB, paused 455us total 14.013ms
08-06 00:16:45.734 28713 28725 I art     : Starting a blocking GC Explicit
08-06 00:16:45.739   512  2967 D AudioFlinger: mixer(0xf4740000) throttle end: throttle time(12)
08-06 00:16:45.747 28713 28725 I art     : Explicit concurrent mark sweep GC freed 489(28KB) AllocSpace objects, 0(0B) LOS objects, 40% free, 21MB/35MB, paused 175us total 13.257ms
08-06 00:16:45.755 28713 28725 I art     : Starting a blocking GC Explicit
08-06 00:16:45.766 28713 28725 I art     : Explicit concurrent mark sweep GC freed 57(2640B) AllocSpace objects, 0(0B) LOS objects, 40% free, 21MB/35MB, paused 142us total 10.865ms
08-06 00:16:45.774 28713 28725 I art     : Starting a blocking GC Explicit
08-06 00:16:45.785 28713 28725 I art     : Explicit concurrent mark sweep GC freed 22(8KB) AllocSpace objects, 0(0B) LOS objects, 40% free, 21MB/35MB, paused 286us total 11.495ms
08-06 00:16:45.971 13866 13866 I GoogleInputMethodServic: GoogleInputMethodService.onFinishInput():3138 
08-06 00:16:45.972 13866 13866 I GoogleInputMethodServic: GoogleInputMethodService.onStartInput():1808 
08-06 00:16:45.975   918   936 I ActivityManager: Displayed baseline.org.quantumbadger.redreader/.settings.SettingsActivity: +296ms
08-06 00:16:45.994 28713 28732 D OpenGLRenderer: endAllStagingAnimators on 0x7f80137800 (ListView) with handle 0x7f99f02d00
08-06 00:16:46.022 28713 28734 I art     : Starting a blocking GC Explicit
08-06 00:16:46.042 28713 28734 I art     : Explicit concurrent mark sweep GC freed 78606(3MB) AllocSpace objects, 1(20KB) LOS objects, 40% free, 22MB/37MB, paused 164us total 20.247ms
08-06 00:16:46.053 28713 28734 I art     : Starting a blocking GC Explicit
08-06 00:16:46.067 28713 28734 I art     : Explicit concurrent mark sweep GC freed 2039(182KB) AllocSpace objects, 0(0B) LOS objects, 40% free, 22MB/36MB, paused 121us total 14.255ms
08-06 00:16:46.075 28713 28734 I art     : Starting a blocking GC Explicit
08-06 00:16:46.089 28713 28734 I art     : Explicit concurrent mark sweep GC freed 832(57KB) AllocSpace objects, 0(0B) LOS objects, 40% free, 22MB/36MB, paused 130us total 13.521ms
08-06 00:16:46.099 28713 28734 I art     : Starting a blocking GC Explicit
08-06 00:16:46.115 28713 28734 I art     : Explicit concurrent mark sweep GC freed 3(96B) AllocSpace objects, 0(0B) LOS objects, 40% free, 22MB/36MB, paused 144us total 15.994ms
08-06 00:16:46.124 28713 28734 I art     : Starting a blocking GC Explicit
08-06 00:16:46.139 28713 28734 I art     : Explicit concurrent mark sweep GC freed 59(2448B) AllocSpace objects, 0(0B) LOS objects, 40% free, 22MB/36MB, paused 155us total 15.312ms
08-06 00:16:46.153 29040 29040 D AndroidRuntime: >>>>>> START com.android.internal.os.RuntimeInit uid 2000 <<<<<<
08-06 00:16:46.157 29040 29040 D AndroidRuntime: CheckJNI is OFF
08-06 00:16:46.181 29040 29040 D ICU     : No timezone override file found: /data/misc/zoneinfo/current/icu/icu_tzdata.dat
08-06 00:16:46.209 29040 29040 I Radio-JNI: register_android_hardware_Radio DONE
08-06 00:16:46.227   380   380 W SurfaceFlinger: couldn't log to binary event log: overflow.
08-06 00:16:46.228 29040 29040 D AndroidRuntime: Calling main entry com.android.commands.input.Input
08-06 00:16:46.230   512  2967 D audio_hw_primary: disable_audio_route: reset and update mixer path: low-latency-playback speaker
08-06 00:16:46.231 29040 29040 I Input   : injectMotionEvent: MotionEvent { action=ACTION_DOWN, actionButton=0, id[0]=0, x[0]=1318.0, y[0]=1194.0, toolType[0]=TOOL_TYPE_UNKNOWN, buttonState=0, metaState=0, flags=0x0, edgeFlags=0x0, pointerCount=1, historySize=0, eventTime=836222643, downTime=836222643, deviceId=0, source=0x1002 }
08-06 00:16:46.231   512  2967 D audio_hw_primary: disable_snd_device: snd_device(2: speaker)
08-06 00:16:46.236 29040 29040 I Input   : injectMotionEvent: MotionEvent { action=ACTION_UP, actionButton=0, id[0]=0, x[0]=1318.0, y[0]=1194.0, toolType[0]=TOOL_TYPE_UNKNOWN, buttonState=0, metaState=0, flags=0x0, edgeFlags=0x0, pointerCount=1, historySize=0, eventTime=836222643, downTime=836222643, deviceId=0, source=0x1002 }
08-06 00:16:46.240 29040 29040 D AndroidRuntime: Shutting down VM
08-06 00:16:46.245   512  2967 I soundtrigger: audio_extn_sound_trigger_update_device_status: device 0x2 of type 0 for Event 0
08-06 00:16:46.306   512  2967 D audio_hw_primary: out_set_parameters: enter: usecase(1: low-latency-playback) kvpairs: routing=2
08-06 00:16:46.319   512  2967 D audio_hw_primary: select_devices: out_snd_device(2: speaker) in_snd_device(0: none)
08-06 00:16:46.319   512  2967 D msm8974_platform: platform_send_audio_calibration: sending audio calibration for snd_device(2) acdb_id(15)
08-06 00:16:46.319   512  2967 I soundtrigger: audio_extn_sound_trigger_update_device_status: device 0x2 of type 0 for Event 1
08-06 00:16:46.332   512  2967 D audio_hw_primary: enable_snd_device: snd_device(2: speaker)
08-06 00:16:46.334   512  2967 D audio_hw_primary: enable_audio_route: apply and update mixer path: low-latency-playback speaker
08-06 00:16:46.366 28713 29069 I art     : Starting a blocking GC Explicit
08-06 00:16:46.374   512  2967 D AudioFlinger: mixer(0xf4740000) throttle end: throttle time(12)
08-06 00:16:46.380 28713 29069 I art     : Explicit concurrent mark sweep GC freed 2020(123KB) AllocSpace objects, 2(40KB) LOS objects, 40% free, 22MB/36MB, paused 122us total 14.213ms
08-06 00:16:46.389 28713 29069 I art     : Starting a blocking GC Explicit
08-06 00:16:46.402 28713 29069 I art     : Explicit concurrent mark sweep GC freed 54(2112B) AllocSpace objects, 0(0B) LOS objects, 40% free, 22MB/36MB, paused 124us total 13.297ms
08-06 00:16:46.411 28713 29069 I art     : Starting a blocking GC Explicit
08-06 00:16:46.424 28713 29069 I art     : Explicit concurrent mark sweep GC freed 13(464B) AllocSpace objects, 0(0B) LOS objects, 40% free, 22MB/36MB, paused 127us total 13.461ms
08-06 00:16:46.434 28713 29069 I art     : Starting a blocking GC Explicit
08-06 00:16:46.448 28713 29069 I art     : Explicit concurrent mark sweep GC freed 16(608B) AllocSpace objects, 0(0B) LOS objects, 40% free, 22MB/36MB, paused 133us total 14.216ms
08-06 00:16:46.457 28713 29069 I art     : Starting a blocking GC Explicit
08-06 00:16:46.471 28713 29069 I art     : Explicit concurrent mark sweep GC freed 28(1136B) AllocSpace objects, 0(0B) LOS objects, 40% free, 22MB/36MB, paused 165us total 13.994ms
08-06 00:16:46.504   518   646 I ThermalEngine: ACTION: GPU - Setting GPU[0] to 510000000
08-06 00:16:46.721 28713 28734 I art     : Starting a blocking GC Explicit
08-06 00:16:46.739 28713 28734 I art     : Explicit concurrent mark sweep GC freed 1486(84KB) AllocSpace objects, 1(20KB) LOS objects, 40% free, 22MB/36MB, paused 161us total 17.236ms
08-06 00:16:46.750 28713 28734 I art     : Starting a blocking GC Explicit
08-06 00:16:46.767 28713 28734 I art     : Explicit concurrent mark sweep GC freed 69(2368B) AllocSpace objects, 0(0B) LOS objects, 40% free, 22MB/36MB, paused 169us total 17.080ms
08-06 00:16:46.779 28713 28734 I art     : Starting a blocking GC Explicit
08-06 00:16:46.797 28713 28734 I art     : Explicit concurrent mark sweep GC freed 19(704B) AllocSpace objects, 0(0B) LOS objects, 40% free, 22MB/36MB, paused 167us total 18.571ms
08-06 00:16:46.809 28713 28734 I art     : Starting a blocking GC Explicit
08-06 00:16:46.826 28713 28734 I art     : Explicit concurrent mark sweep GC freed 14(496B) AllocSpace objects, 0(0B) LOS objects, 40% free, 22MB/36MB, paused 157us total 16.857ms
08-06 00:16:46.837 28713 28734 I art     : Starting a blocking GC Explicit
08-06 00:16:46.840 29072 29072 D AndroidRuntime: >>>>>> START com.android.internal.os.RuntimeInit uid 2000 <<<<<<
08-06 00:16:46.844 29072 29072 D AndroidRuntime: CheckJNI is OFF
08-06 00:16:46.855 28713 28734 I art     : Explicit concurrent mark sweep GC freed 48(2144B) AllocSpace objects, 0(0B) LOS objects, 40% free, 22MB/36MB, paused 172us total 17.074ms
08-06 00:16:46.859   512  2967 D audio_hw_primary: disable_audio_route: reset and update mixer path: low-latency-playback speaker
08-06 00:16:46.860   512  2967 D audio_hw_primary: disable_snd_device: snd_device(2: speaker)
08-06 00:16:46.868   512  2967 I soundtrigger: audio_extn_sound_trigger_update_device_status: device 0x2 of type 0 for Event 0
08-06 00:16:46.877 29072 29072 D ICU     : No timezone override file found: /data/misc/zoneinfo/current/icu/icu_tzdata.dat
08-06 00:16:46.907 29072 29072 I Radio-JNI: register_android_hardware_Radio DONE
08-06 00:16:46.927 29072 29072 D AndroidRuntime: Calling main entry com.android.commands.input.Input
08-06 00:16:46.929 29072 29072 I Input   : injectMotionEvent: MotionEvent { action=ACTION_DOWN, actionButton=0, id[0]=0, x[0]=1309.0, y[0]=1701.0, toolType[0]=TOOL_TYPE_UNKNOWN, buttonState=0, metaState=0, flags=0x0, edgeFlags=0x0, pointerCount=1, historySize=0, eventTime=836223341, downTime=836223341, deviceId=0, source=0x1002 }
08-06 00:16:46.932 29072 29072 I Input   : injectMotionEvent: MotionEvent { action=ACTION_UP, actionButton=0, id[0]=0, x[0]=1309.0, y[0]=1701.0, toolType[0]=TOOL_TYPE_UNKNOWN, buttonState=0, metaState=0, flags=0x0, edgeFlags=0x0, pointerCount=1, historySize=0, eventTime=836223341, downTime=836223341, deviceId=0, source=0x1002 }
08-06 00:16:46.933 29072 29072 D AndroidRuntime: Shutting down VM
08-06 00:16:47.001   512  2967 D audio_hw_primary: out_set_parameters: enter: usecase(1: low-latency-playback) kvpairs: routing=2
08-06 00:16:47.015   512  2967 D audio_hw_primary: select_devices: out_snd_device(2: speaker) in_snd_device(0: none)
08-06 00:16:47.015   512  2967 D msm8974_platform: platform_send_audio_calibration: sending audio calibration for snd_device(2) acdb_id(15)
08-06 00:16:47.015   512  2967 I soundtrigger: audio_extn_sound_trigger_update_device_status: device 0x2 of type 0 for Event 1
08-06 00:16:47.027   512  2967 D audio_hw_primary: enable_snd_device: snd_device(2: speaker)
08-06 00:16:47.029   512  2967 D audio_hw_primary: enable_audio_route: apply and update mixer path: low-latency-playback speaker
08-06 00:16:47.071   512  2967 D AudioFlinger: mixer(0xf4740000) throttle end: throttle time(12)
08-06 00:16:47.097 28713 28724 I art     : Starting a blocking GC Explicit
08-06 00:16:47.115 28713 28724 I art     : Explicit concurrent mark sweep GC freed 2035(124KB) AllocSpace objects, 2(40KB) LOS objects, 40% free, 22MB/37MB, paused 155us total 17.596ms
08-06 00:16:47.127 28713 28724 I art     : Starting a blocking GC Explicit
08-06 00:16:47.148 28713 28724 I art     : Explicit concurrent mark sweep GC freed 84(3KB) AllocSpace objects, 0(0B) LOS objects, 40% free, 22MB/37MB, paused 255us total 20.493ms
08-06 00:16:47.160 28713 28724 I art     : Starting a blocking GC Explicit
08-06 00:16:47.178 28713 28724 I art     : Explicit concurrent mark sweep GC freed 31(1328B) AllocSpace objects, 0(0B) LOS objects, 40% free, 22MB/37MB, paused 325us total 18.170ms
08-06 00:16:47.189 28713 28724 I art     : Starting a blocking GC Explicit
08-06 00:16:47.207 28713 28724 I art     : Explicit concurrent mark sweep GC freed 42(1776B) AllocSpace objects, 0(0B) LOS objects, 40% free, 22MB/37MB, paused 213us total 17.022ms
08-06 00:16:47.217 28713 28724 I art     : Starting a blocking GC Explicit
08-06 00:16:47.235 28713 28724 I art     : Explicit concurrent mark sweep GC freed 40(1760B) AllocSpace objects, 0(0B) LOS objects, 40% free, 22MB/37MB, paused 158us total 16.920ms
08-06 00:16:47.472 28713 28725 I art     : Starting a blocking GC Explicit
08-06 00:16:47.492 28713 28725 I art     : Explicit concurrent mark sweep GC freed 1464(83KB) AllocSpace objects, 1(20KB) LOS objects, 40% free, 22MB/37MB, paused 173us total 19.639ms
08-06 00:16:47.504 28713 28725 I art     : Starting a blocking GC Explicit
08-06 00:16:47.509   518   646 I ThermalEngine: ACTION: GPU - Setting GPU[0] to 450000000
08-06 00:16:47.526 28713 28725 I art     : Explicit concurrent mark sweep GC freed 80(2720B) AllocSpace objects, 0(0B) LOS objects, 40% free, 22MB/37MB, paused 224us total 21.807ms
08-06 00:16:47.540 28713 28725 I art     : Starting a blocking GC Explicit
08-06 00:16:47.559   512  2967 D audio_hw_primary: disable_audio_route: reset and update mixer path: low-latency-playback speaker
08-06 00:16:47.560   512  2967 D audio_hw_primary: disable_snd_device: snd_device(2: speaker)
08-06 00:16:47.563 28713 28725 I art     : Explicit concurrent mark sweep GC freed 54(2336B) AllocSpace objects, 0(0B) LOS objects, 40% free, 22MB/37MB, paused 263us total 22.242ms
08-06 00:16:47.568   512  2967 I soundtrigger: audio_extn_sound_trigger_update_device_status: device 0x2 of type 0 for Event 0
08-06 00:16:47.575 29104 29104 D AndroidRuntime: >>>>>> START com.android.internal.os.RuntimeInit uid 2000 <<<<<<
08-06 00:16:47.578 28713 28725 I art     : Starting a blocking GC Explicit
08-06 00:16:47.581 29104 29104 D AndroidRuntime: CheckJNI is OFF
08-06 00:16:47.602 28713 28725 I art     : Explicit concurrent mark sweep GC freed 13(416B) AllocSpace objects, 0(0B) LOS objects, 40% free, 22MB/37MB, paused 234us total 23.733ms
08-06 00:16:47.617 28713 28725 I art     : Starting a blocking GC Explicit
08-06 00:16:47.623 29104 29104 D ICU     : No timezone override file found: /data/misc/zoneinfo/current/icu/icu_tzdata.dat
08-06 00:16:47.639 28713 28725 I art     : Explicit concurrent mark sweep GC freed 5(160B) AllocSpace objects, 0(0B) LOS objects, 40% free, 22MB/37MB, paused 255us total 21.695ms
08-06 00:16:47.664 29104 29104 I Radio-JNI: register_android_hardware_Radio DONE
08-06 00:16:47.692 29104 29104 D AndroidRuntime: Calling main entry com.android.commands.input.Input
08-06 00:16:47.694 29104 29104 I Input   : injectMotionEvent: MotionEvent { action=ACTION_DOWN, actionButton=0, id[0]=0, x[0]=477.0, y[0]=805.0, toolType[0]=TOOL_TYPE_UNKNOWN, buttonState=0, metaState=0, flags=0x0, edgeFlags=0x0, pointerCount=1, historySize=0, eventTime=836224107, downTime=836224107, deviceId=0, source=0x1002 }
08-06 00:16:47.699 29104 29104 I Input   : injectMotionEvent: MotionEvent { action=ACTION_UP, actionButton=0, id[0]=0, x[0]=477.0, y[0]=805.0, toolType[0]=TOOL_TYPE_UNKNOWN, buttonState=0, metaState=0, flags=0x0, edgeFlags=0x0, pointerCount=1, historySize=0, eventTime=836224107, downTime=836224107, deviceId=0, source=0x1002 }
08-06 00:16:47.702 29104 29104 D AndroidRuntime: Shutting down VM
08-06 00:16:47.767   512  2967 D audio_hw_primary: out_set_parameters: enter: usecase(1: low-latency-playback) kvpairs: routing=2
08-06 00:16:47.780   512  2967 D audio_hw_primary: select_devices: out_snd_device(2: speaker) in_snd_device(0: none)
08-06 00:16:47.780   512  2967 D msm8974_platform: platform_send_audio_calibration: sending audio calibration for snd_device(2) acdb_id(15)
08-06 00:16:47.780   512  2967 I soundtrigger: audio_extn_sound_trigger_update_device_status: device 0x2 of type 0 for Event 1
08-06 00:16:47.791   512  2967 D audio_hw_primary: enable_snd_device: snd_device(2: speaker)
08-06 00:16:47.794   512  2967 D audio_hw_primary: enable_audio_route: apply and update mixer path: low-latency-playback speaker
08-06 00:16:47.834   512  2967 D AudioFlinger: mixer(0xf4740000) throttle end: throttle time(12)
08-06 00:16:47.899 28713 29069 I art     : Starting a blocking GC Explicit
08-06 00:16:47.924 28713 29069 I art     : Explicit concurrent mark sweep GC freed 2576(202KB) AllocSpace objects, 1(20KB) LOS objects, 40% free, 22MB/37MB, paused 253us total 24.927ms
08-06 00:16:47.939 28713 29069 I art     : Starting a blocking GC Explicit
08-06 00:16:47.964 28713 29069 I art     : Explicit concurrent mark sweep GC freed 328(16KB) AllocSpace objects, 0(0B) LOS objects, 40% free, 22MB/37MB, paused 235us total 24.455ms
08-06 00:16:47.980 28713 29069 I art     : Starting a blocking GC Explicit
08-06 00:16:48.003 28713 29069 I art     : Explicit concurrent mark sweep GC freed 17(624B) AllocSpace objects, 0(0B) LOS objects, 40% free, 22MB/37MB, paused 215us total 23.013ms
08-06 00:16:48.019 28713 29069 I art     : Starting a blocking GC Explicit
08-06 00:16:48.043 28713 29069 I art     : Explicit concurrent mark sweep GC freed 3(96B) AllocSpace objects, 0(0B) LOS objects, 40% free, 22MB/37MB, paused 231us total 23.436ms
08-06 00:16:48.057 28713 29069 I art     : Starting a blocking GC Explicit
08-06 00:16:48.084 28713 29069 I art     : Explicit concurrent mark sweep GC freed 3(96B) AllocSpace objects, 0(0B) LOS objects, 40% free, 22MB/37MB, paused 237us total 26.244ms
08-06 00:16:48.319   512  2967 D audio_hw_primary: disable_audio_route: reset and update mixer path: low-latency-playback speaker
08-06 00:16:48.321   512  2967 D audio_hw_primary: disable_snd_device: snd_device(2: speaker)
08-06 00:16:48.329   512  2967 I soundtrigger: audio_extn_sound_trigger_update_device_status: device 0x2 of type 0 for Event 0
08-06 00:16:48.373 28713 28724 I art     : Starting a blocking GC Explicit
08-06 00:16:48.401 28713 28724 I art     : Explicit concurrent mark sweep GC freed 1343(78KB) AllocSpace objects, 1(20KB) LOS objects, 40% free, 22MB/37MB, paused 236us total 27.610ms
08-06 00:16:48.418 28713 28724 I art     : Starting a blocking GC Explicit
08-06 00:16:48.442 28713 28724 I art     : Explicit concurrent mark sweep GC freed 24(832B) AllocSpace objects, 0(0B) LOS objects, 40% free, 22MB/37MB, paused 218us total 24.241ms
08-06 00:16:48.457 28713 28724 I art     : Starting a blocking GC Explicit
08-06 00:16:48.475 29136 29136 D AndroidRuntime: >>>>>> START com.android.internal.os.RuntimeInit uid 2000 <<<<<<
08-06 00:16:48.481 29136 29136 D AndroidRuntime: CheckJNI is OFF
08-06 00:16:48.485 28713 28724 I art     : Explicit concurrent mark sweep GC freed 3(96B) AllocSpace objects, 0(0B) LOS objects, 40% free, 22MB/37MB, paused 223us total 27.134ms
08-06 00:16:48.502 28713 28724 I art     : Starting a blocking GC Explicit
08-06 00:16:48.529 28713 28724 I art     : Explicit concurrent mark sweep GC freed 3(96B) AllocSpace objects, 0(0B) LOS objects, 40% free, 22MB/37MB, paused 228us total 26.808ms
08-06 00:16:48.530 29136 29136 D ICU     : No timezone override file found: /data/misc/zoneinfo/current/icu/icu_tzdata.dat
08-06 00:16:48.545 28713 28724 I art     : Starting a blocking GC Explicit
08-06 00:16:48.573 28713 28724 I art     : Explicit concurrent mark sweep GC freed 3(96B) AllocSpace objects, 0(0B) LOS objects, 40% free, 22MB/37MB, paused 224us total 27.287ms
08-06 00:16:48.579 29136 29136 I Radio-JNI: register_android_hardware_Radio DONE
08-06 00:16:48.610 29136 29136 D AndroidRuntime: Calling main entry com.android.commands.input.Input
08-06 00:16:48.612 29136 29136 I Input   : injectMotionEvent: MotionEvent { action=ACTION_DOWN, actionButton=0, id[0]=0, x[0]=463.0, y[0]=464.0, toolType[0]=TOOL_TYPE_UNKNOWN, buttonState=0, metaState=0, flags=0x0, edgeFlags=0x0, pointerCount=1, historySize=0, eventTime=836225025, downTime=836225025, deviceId=0, source=0x1002 }
08-06 00:16:48.619 29136 29136 I Input   : injectMotionEvent: MotionEvent { action=ACTION_UP, actionButton=0, id[0]=0, x[0]=463.0, y[0]=464.0, toolType[0]=TOOL_TYPE_UNKNOWN, buttonState=0, metaState=0, flags=0x0, edgeFlags=0x0, pointerCount=1, historySize=0, eventTime=836225025, downTime=836225025, deviceId=0, source=0x1002 }
08-06 00:16:48.622 29136 29136 D AndroidRuntime: Shutting down VM
08-06 00:16:48.689   512  2967 D audio_hw_primary: out_set_parameters: enter: usecase(1: low-latency-playback) kvpairs: routing=2
08-06 00:16:48.701   918   928 W InputMethodManagerService: Window already focused, ignoring focus gain of: com.android.internal.view.IInputMethodClient$Stub$Proxy@6586448 attribute=null, token = android.os.BinderProxy@241dac4
08-06 00:16:48.702   512  2967 D audio_hw_primary: select_devices: out_snd_device(2: speaker) in_snd_device(0: none)
08-06 00:16:48.702   512  2967 D msm8974_platform: platform_send_audio_calibration: sending audio calibration for snd_device(2) acdb_id(15)
08-06 00:16:48.702   512  2967 I soundtrigger: audio_extn_sound_trigger_update_device_status: device 0x2 of type 0 for Event 1
08-06 00:16:48.715   512  2967 D audio_hw_primary: enable_snd_device: snd_device(2: speaker)
08-06 00:16:48.718   512  2967 D audio_hw_primary: enable_audio_route: apply and update mixer path: low-latency-playback speaker
08-06 00:16:48.761   512  2967 D AudioFlinger: mixer(0xf4740000) throttle end: throttle time(12)
08-06 00:16:48.843 28713 28724 I art     : Starting a blocking GC Explicit
08-06 00:16:48.871 28713 28724 I art     : Explicit concurrent mark sweep GC freed 1674(105KB) AllocSpace objects, 2(40KB) LOS objects, 40% free, 22MB/37MB, paused 231us total 27.601ms
08-06 00:16:48.886 28713 28724 I art     : Starting a blocking GC Explicit
08-06 00:16:48.895   380   380 W SurfaceFlinger: couldn't log to binary event log: overflow.
08-06 00:16:48.911 28713 28724 I art     : Explicit concurrent mark sweep GC freed 117(6KB) AllocSpace objects, 0(0B) LOS objects, 40% free, 22MB/37MB, paused 214us total 24.257ms
08-06 00:16:48.926 28713 28724 I art     : Starting a blocking GC Explicit
08-06 00:16:48.948 28713 28724 I art     : Explicit concurrent mark sweep GC freed 3(96B) AllocSpace objects, 0(0B) LOS objects, 40% free, 22MB/37MB, paused 204us total 22.220ms
08-06 00:16:48.962 28713 28724 I art     : Starting a blocking GC Explicit
08-06 00:16:48.984 28713 28724 I art     : Explicit concurrent mark sweep GC freed 3(96B) AllocSpace objects, 0(0B) LOS objects, 40% free, 22MB/37MB, paused 219us total 21.981ms
08-06 00:16:48.999 28713 28724 I art     : Starting a blocking GC Explicit
08-06 00:16:49.023 28713 28724 I art     : Explicit concurrent mark sweep GC freed 3(96B) AllocSpace objects, 0(0B) LOS objects, 40% free, 22MB/37MB, paused 219us total 24.334ms
08-06 00:16:49.248   512  2967 D audio_hw_primary: disable_audio_route: reset and update mixer path: low-latency-playback speaker
08-06 00:16:49.249   512  2967 D audio_hw_primary: disable_snd_device: snd_device(2: speaker)
08-06 00:16:49.257   512  2967 I soundtrigger: audio_extn_sound_trigger_update_device_status: device 0x2 of type 0 for Event 0
08-06 00:16:49.298 28713 29069 I art     : Starting a blocking GC Explicit
08-06 00:16:49.327 28713 29069 I art     : Explicit concurrent mark sweep GC freed 1337(78KB) AllocSpace objects, 1(20KB) LOS objects, 40% free, 22MB/37MB, paused 258us total 28.130ms
08-06 00:16:49.341 28713 29069 I art     : Starting a blocking GC Explicit
08-06 00:16:49.367 28713 29069 I art     : Explicit concurrent mark sweep GC freed 20(704B) AllocSpace objects, 0(0B) LOS objects, 40% free, 22MB/37MB, paused 235us total 24.901ms
08-06 00:16:49.382 28713 29069 I art     : Starting a blocking GC Explicit
08-06 00:16:49.399 29167 29167 D AndroidRuntime: >>>>>> START com.android.internal.os.RuntimeInit uid 2000 <<<<<<
08-06 00:16:49.405 29167 29167 D AndroidRuntime: CheckJNI is OFF
08-06 00:16:49.406 28713 29069 I art     : Explicit concurrent mark sweep GC freed 105(5KB) AllocSpace objects, 0(0B) LOS objects, 40% free, 22MB/37MB, paused 251us total 24.667ms
08-06 00:16:49.422 28713 29069 I art     : Starting a blocking GC Explicit
08-06 00:16:49.445 28713 29069 I art     : Explicit concurrent mark sweep GC freed 1754(118KB) AllocSpace objects, 0(0B) LOS objects, 40% free, 22MB/37MB, paused 242us total 22.686ms
08-06 00:16:49.449 29167 29167 D ICU     : No timezone override file found: /data/misc/zoneinfo/current/icu/icu_tzdata.dat
08-06 00:16:49.460 28713 29069 I art     : Starting a blocking GC Explicit
08-06 00:16:49.483 28713 29069 I art     : Explicit concurrent mark sweep GC freed 3(96B) AllocSpace objects, 0(0B) LOS objects, 40% free, 22MB/37MB, paused 235us total 23.132ms
08-06 00:16:49.491 29167 29167 I Radio-JNI: register_android_hardware_Radio DONE
08-06 00:16:49.520 29167 29167 D AndroidRuntime: Calling main entry com.android.commands.input.Input
08-06 00:16:49.522 29167 29167 I Input   : injectKeyEvent: KeyEvent { action=ACTION_DOWN, keyCode=KEYCODE_BACK, scanCode=0, metaState=0, flags=0x0, repeatCount=0, eventTime=836225935, downTime=836225935, deviceId=-1, source=0x101 }
08-06 00:16:49.527 29167 29167 I Input   : injectKeyEvent: KeyEvent { action=ACTION_UP, keyCode=KEYCODE_BACK, scanCode=0, metaState=0, flags=0x0, repeatCount=0, eventTime=836225935, downTime=836225935, deviceId=-1, source=0x101 }
08-06 00:16:49.536 29167 29167 D AndroidRuntime: Shutting down VM
08-06 00:16:49.573 13866 13866 I GoogleInputMethodServic: GoogleInputMethodService.onFinishInput():3138 
08-06 00:16:49.573 13866 13866 I GoogleInputMethodServic: GoogleInputMethodService.onStartInput():1808 
08-06 00:16:49.756 28713 28734 I art     : Starting a blocking GC Explicit
08-06 00:16:49.786 28713 28734 I art     : Explicit concurrent mark sweep GC freed 1442(84KB) AllocSpace objects, 1(20KB) LOS objects, 40% free, 22MB/37MB, paused 289us total 28.987ms
08-06 00:16:49.804 28713 28734 I art     : Starting a blocking GC Explicit
08-06 00:16:49.830 28713 28734 I art     : Explicit concurrent mark sweep GC freed 34(1200B) AllocSpace objects, 0(0B) LOS objects, 40% free, 22MB/37MB, paused 204us total 25.853ms
08-06 00:16:49.849 28713 28734 I art     : Starting a blocking GC Explicit
08-06 00:16:49.863   380   380 W SurfaceFlinger: couldn't log to binary event log: overflow.
08-06 00:16:49.872 28713 28734 I art     : Explicit concurrent mark sweep GC freed 29(1072B) AllocSpace objects, 0(0B) LOS objects, 40% free, 22MB/37MB, paused 208us total 23.248ms
08-06 00:16:49.888 28713 28734 I art     : Starting a blocking GC Explicit
08-06 00:16:49.911 28713 28734 I art     : Explicit concurrent mark sweep GC freed 25(976B) AllocSpace objects, 0(0B) LOS objects, 40% free, 22MB/37MB, paused 228us total 22.484ms
08-06 00:16:49.925 28713 28734 I art     : Starting a blocking GC Explicit
08-06 00:16:49.946 28713 28734 I art     : Explicit concurrent mark sweep GC freed 11967(574KB) AllocSpace objects, 7(340KB) LOS objects, 40% free, 21MB/35MB, paused 210us total 20.737ms
08-06 00:16:50.224 28713 29069 I art     : Starting a blocking GC Explicit
08-06 00:16:50.246 28713 29069 I art     : Explicit concurrent mark sweep GC freed 1337(78KB) AllocSpace objects, 1(20KB) LOS objects, 40% free, 21MB/35MB, paused 236us total 21.104ms
08-06 00:16:50.260 28713 29069 I art     : Starting a blocking GC Explicit
08-06 00:16:50.279 28713 29069 I art     : Explicit concurrent mark sweep GC freed 20(704B) AllocSpace objects, 0(0B) LOS objects, 40% free, 21MB/35MB, paused 235us total 18.872ms
08-06 00:16:50.292 28713 29069 I art     : Starting a blocking GC Explicit
08-06 00:16:50.312 28713 29069 I art     : Explicit concurrent mark sweep GC freed 3(96B) AllocSpace objects, 0(0B) LOS objects, 40% free, 21MB/35MB, paused 235us total 18.980ms
08-06 00:16:50.314 29198 29198 D AndroidRuntime: >>>>>> START com.android.internal.os.RuntimeInit uid 2000 <<<<<<
08-06 00:16:50.320 29198 29198 D AndroidRuntime: CheckJNI is OFF
08-06 00:16:50.326 28713 29069 I art     : Starting a blocking GC Explicit
08-06 00:16:50.345 28713 29069 I art     : Explicit concurrent mark sweep GC freed 3(96B) AllocSpace objects, 0(0B) LOS objects, 40% free, 21MB/35MB, paused 223us total 18.772ms
08-06 00:16:50.358 28713 29069 I art     : Starting a blocking GC Explicit
08-06 00:16:50.366 29198 29198 D ICU     : No timezone override file found: /data/misc/zoneinfo/current/icu/icu_tzdata.dat
08-06 00:16:50.378 28713 29069 I art     : Explicit concurrent mark sweep GC freed 3(96B) AllocSpace objects, 0(0B) LOS objects, 40% free, 21MB/35MB, paused 255us total 19.072ms
08-06 00:16:50.409 29198 29198 I Radio-JNI: register_android_hardware_Radio DONE
08-06 00:16:50.438 29198 29198 D AndroidRuntime: Calling main entry com.android.commands.input.Input
08-06 00:16:50.440 29198 29198 I Input   : injectKeyEvent: KeyEvent { action=ACTION_DOWN, keyCode=KEYCODE_BACK, scanCode=0, metaState=0, flags=0x0, repeatCount=0, eventTime=836226852, downTime=836226852, deviceId=-1, source=0x101 }
08-06 00:16:50.444 29198 29198 I Input   : injectKeyEvent: KeyEvent { action=ACTION_UP, keyCode=KEYCODE_BACK, scanCode=0, metaState=0, flags=0x0, repeatCount=0, eventTime=836226852, downTime=836226852, deviceId=-1, source=0x101 }
08-06 00:16:50.451 29198 29198 D AndroidRuntime: Shutting down VM
08-06 00:16:50.493 13866 13866 I GoogleInputMethodServic: GoogleInputMethodService.onFinishInput():3138 
08-06 00:16:50.494 13866 13866 I GoogleInputMethodServic: GoogleInputMethodService.onStartInput():1808 
08-06 00:16:50.643 28713 28713 I RedReader: Checking for new messages.
08-06 00:16:50.644 28713 28713 I RegularCachePruner: Pruning cache...
08-06 00:16:50.645 28713 29229 I RedditChangeDataManager: Pruning for all users...
08-06 00:16:50.645 28713 29229 I RedditChangeDataManager: Pruning complete.
08-06 00:16:50.646 28713 28734 I art     : Starting a blocking GC Explicit
08-06 00:16:50.649 28713 29229 I CacheManager: Pruning 0 files
08-06 00:16:50.667 28713 28734 I art     : Explicit concurrent mark sweep GC freed 1618(92KB) AllocSpace objects, 1(20KB) LOS objects, 40% free, 21MB/35MB, paused 221us total 20.409ms
08-06 00:16:50.678   918   918 I ActivityManager: Start proc 29232:nappagreedy.com.newsblur/u0a701 for service nappagreedy.com.newsblur/.service.NBSyncService
08-06 00:16:50.678 29232 29232 I art     : Late-enabling -Xcheck:jni
08-06 00:16:50.682 15866 15866 I Finsky  : [1] xow.onStartJob(3): SCH: onJobSchedulerWakeup with jobId 9009
08-06 00:16:50.682 28713 28734 I art     : Starting a blocking GC Explicit
08-06 00:16:50.687 24365 12204 I NetworkScheduler.Stats: Task com.google.android.apps.gcs/ started execution. cause:4 exec_start_elapsed_seconds: 1819614 [CONTEXT service_id=218 ]
08-06 00:16:50.692 13438 29238 W Gcs.WfaEliRefreshTask: [27834] afk.b: NULL eligibility response.
08-06 00:16:50.693 15866 15866 I Finsky  : [1] xjw.a(9): Scheduling fallback in 43199998 (absolute: 1862814566)
08-06 00:16:50.698 15866 15866 I Finsky  : [1] xjw.a(9): Scheduling fallback in 64799997 (absolute: 1884414569)
08-06 00:16:50.702 28713 28734 I art     : Explicit concurrent mark sweep GC freed 81(5KB) AllocSpace objects, 0(0B) LOS objects, 40% free, 21MB/35MB, paused 216us total 19.172ms
08-06 00:16:50.709 24365 12204 I NetworkScheduler.Stats: Task com.google.android.apps.gcs/ finished executing. cause:4 result: 3 elapsed_millis: 43 uptime_millis: 44 exec_start_elapsed_seconds: 1819614 [CONTEXT service_id=218 ]
08-06 00:16:50.715 28713 28734 I art     : Starting a blocking GC Explicit
08-06 00:16:50.728 29232 29232 W System  : ClassLoader referenced unknown path: /data/app/nappagreedy.com.newsblur-1/lib/arm64
08-06 00:16:50.732 28713 28734 I art     : Explicit concurrent mark sweep GC freed 5(176B) AllocSpace objects, 0(0B) LOS objects, 40% free, 21MB/35MB, paused 196us total 16.461ms
08-06 00:16:50.746 28713 28734 I art     : Starting a blocking GC Explicit
08-06 00:16:50.760 24365 20837 I NetworkScheduler.Stats: Task com.google.android.gms/com.google.android.gms.checkin.EventLogService started execution. cause:5 exec_start_elapsed_seconds: 1819614 [CONTEXT service_id=218 ]
08-06 00:16:50.763 28713 28734 I art     : Explicit concurrent mark sweep GC freed 3(96B) AllocSpace objects, 0(0B) LOS objects, 40% free, 21MB/35MB, paused 200us total 16.532ms
08-06 00:16:50.774 24577 28700 I Checkin : [EventLogChimeraService] Opted in for usage reporting: false
08-06 00:16:50.774 24577 28700 I Checkin : [EventLogChimeraService] Aggregate from 1596664029719 (log), 1596664029719 (data)
08-06 00:16:50.776 28713 28734 I art     : Starting a blocking GC Explicit
08-06 00:16:50.788 15866 15866 I Finsky  : [1] xkf.handleMessage(8): SCH: DeviceState: DeviceState{currentTime=1596665810771, isCharging=false, isIdle=false, netAny=true, netNotRoaming=true, netUnmetered=true, batteryPercent=100.0}
08-06 00:16:50.790 24365 12204 I NetworkScheduler.Stats: Task com.google.android.gms/com.google.android.gms.icing.service.IcingGcmTaskService started execution. cause:5 exec_start_elapsed_seconds: 1819614 [CONTEXT service_id=218 ]
08-06 00:16:50.793 28713 28734 I art     : Explicit concurrent mark sweep GC freed 3(96B) AllocSpace objects, 0(0B) LOS objects, 40% free, 21MB/35MB, paused 193us total 16.639ms
08-06 00:16:50.794 15866 28680 I Finsky  : [6700] xmu.a(8): SCH: Jobs in database: 1-1337 3-219 3-220 12-1 24-77777777 26-1414141414 
08-06 00:16:50.811 15866 15866 I Finsky  : [1] xkg.a(16): SCH: Running job: 12-1
08-06 00:16:50.812 15866 15866 I Finsky  : [1] ContentSyncJob.a(16): [ContentSync] job started
08-06 00:16:50.813 15866 15866 I Finsky  : [1] xkf.handleMessage(61): SCH: RunningQueue size: 1, PendingQueue size: 0
08-06 00:16:50.813 15866 15866 I Finsky  : [1] xkf.handleMessage(64): SCH: Running queue: 12-1 
08-06 00:16:50.817 24365 20837 I NetworkScheduler.Stats: Task com.google.android.gms/com.google.android.gms.icing.service.IcingGcmTaskService finished executing. cause:5 result: 1 elapsed_millis: 39 uptime_millis: 39 exec_start_elapsed_seconds: 1819614 [CONTEXT service_id=218 ]
08-06 00:16:50.880 15866 28691 I Finsky  : [6704] dzn.a(22): Completed 0 account content syncs with 0 successful.
08-06 00:16:50.882 15866 15866 I Finsky  : [1] ContentSyncJob.a(1): [ContentSync] Installation state replication succeeded.
08-06 00:16:50.883 15866 15866 I Finsky  : [1] xlr.a(13): SCH: jobFinished: 12-1. TimeElapsed: 71ms.
08-06 00:16:50.883 15866 15866 I Finsky  : [1] xkg.a(36): SCH: Job 12-1 finished. Not rescheduling.
08-06 00:16:50.883 15866 15866 I Finsky  : [1] xkf.handleMessage(61): SCH: RunningQueue size: 0, PendingQueue size: 0
08-06 00:16:50.884 15866 15866 I Finsky  : [1] xkf.handleMessage(25): Executor finished
08-06 00:16:50.889   918  6111 I ActivityManager: Killing 17535:baseline.com.newsblur/u0a698 (adj 15): empty #17
08-06 00:16:50.935 15866 15866 I Finsky  : [1] xmu.a(8): SCH: Jobs in database: 1-1337 3-219 3-220 24-77777777 26-1414141414 
08-06 00:16:50.937 15866 15866 I Finsky  : [1] xio.a(57): SCH: ConstraintMapping: 24-77777777,  -> L: 0ms, D: 75199990ms, C: false, I: true, N: 0
08-06 00:16:50.938 15866 15866 I Finsky  : [1] xio.a(57): SCH: ConstraintMapping: 1-1337,  -> L: 481620ms, D: 35341975ms, C: false, I: false, N: 1
08-06 00:16:50.938 15866 15866 I Finsky  : [1] xio.a(57): SCH: ConstraintMapping: 3-219,  -> L: 0ms, D: 67352586ms, C: false, I: true, N: 2
08-06 00:16:50.939 15866 15866 I Finsky  : [1] xio.a(57): SCH: ConstraintMapping: 3-220,  -> L: 0ms, D: 67352628ms, C: true, I: true, N: 2
08-06 00:16:50.939 15866 15866 I Finsky  : [1] xio.a(57): SCH: ConstraintMapping: 26-1414141414,  -> L: 39989882ms, D: 40889882ms, C: false, I: false, N: 0
08-06 00:16:50.969 15866 15866 I Finsky  : [1] xle.a(34): Cancelling existing jobscheduler jobs: 9017 9011 9018 9016 9019 9001 9014 9010 9013 
08-06 00:16:50.970 15866 15866 I Finsky  : [1] xle.a(10): Throttling wakeup for job 9000 (expected to run in 0 ms) due to recent wakeup
08-06 00:16:50.970 15866 15866 I Finsky  : [1] xle.a(27): Scheduling job Id: 9000, L: 30000, D: 75199990, C: false, I: true, N: 0
08-06 00:16:50.971 15866 15866 I Finsky  : [1] xle.a(27): Scheduling job Id: 9002, L: 481620, D: 35341975, C: false, I: false, N: 1
08-06 00:16:50.972 15866 15866 I Finsky  : [1] xle.a(10): Throttling wakeup for job 9003 (expected to run in 0 ms) due to recent wakeup
08-06 00:16:50.973 15866 15866 I Finsky  : [1] xle.a(27): Scheduling job Id: 9003, L: 30000, D: 67352586, C: false, I: true, N: 2
08-06 00:16:50.974 15866 15866 I Finsky  : [1] xle.a(10): Throttling wakeup for job 9004 (expected to run in 0 ms) due to recent wakeup
08-06 00:16:50.974 15866 15866 I Finsky  : [1] xle.a(27): Scheduling job Id: 9004, L: 30000, D: 67352628, C: true, I: true, N: 2
08-06 00:16:50.975 15866 15866 I Finsky  : [1] xle.a(27): Scheduling job Id: 9005, L: 39989882, D: 40889882, C: false, I: false, N: 0
08-06 00:16:50.977 15866 15866 I Finsky  : [1] xle.a(10): Throttling wakeup for job 9006 (expected to run in 0 ms) due to recent wakeup
08-06 00:16:50.977 15866 15866 I Finsky  : [1] xle.a(27): Scheduling job Id: 9006, L: 30000, D: 75199990, C: false, I: true, N: 0
08-06 00:16:50.978 15866 15866 I Finsky  : [1] xle.a(27): Scheduling job Id: 9007, L: 481620, D: 35341975, C: false, I: false, N: 1
08-06 00:16:50.979 15866 15866 I Finsky  : [1] xle.a(10): Throttling wakeup for job 9008 (expected to run in 0 ms) due to recent wakeup
08-06 00:16:50.980 15866 15866 I Finsky  : [1] xle.a(27): Scheduling job Id: 9008, L: 30000, D: 67352586, C: false, I: true, N: 2
08-06 00:16:50.981 15866 15866 I Finsky  : [1] xle.a(10): Throttling wakeup for job 9012 (expected to run in 0 ms) due to recent wakeup
08-06 00:16:50.981 15866 15866 I Finsky  : [1] xle.a(27): Scheduling job Id: 9012, L: 30000, D: 67352628, C: true, I: true, N: 2
08-06 00:16:50.983 15866 15866 I Finsky  : [1] xle.a(27): Scheduling job Id: 9015, L: 39989882, D: 40889882, C: false, I: false, N: 0
08-06 00:16:51.051 28713 28724 I art     : Starting a blocking GC Explicit
08-06 00:16:51.069 28713 28724 I art     : Explicit concurrent mark sweep GC freed 1362(79KB) AllocSpace objects, 1(20KB) LOS objects, 40% free, 21MB/35MB, paused 209us total 17.546ms
08-06 00:16:51.082 28713 28724 I art     : Starting a blocking GC Explicit
08-06 00:16:51.099 28713 28724 I art     : Explicit concurrent mark sweep GC freed 143(10KB) AllocSpace objects, 0(0B) LOS objects, 40% free, 21MB/35MB, paused 209us total 17.245ms
08-06 00:16:51.113 28713 28724 I art     : Starting a blocking GC Explicit
08-06 00:16:51.130 28713 28724 I art     : Explicit concurrent mark sweep GC freed 3(96B) AllocSpace objects, 0(0B) LOS objects, 40% free, 21MB/35MB, paused 207us total 17.360ms
08-06 00:16:51.143 28713 28724 I art     : Starting a blocking GC Explicit
08-06 00:16:51.160 28713 28724 I art     : Explicit concurrent mark sweep GC freed 107(5KB) AllocSpace objects, 0(0B) LOS objects, 40% free, 21MB/35MB, paused 203us total 16.909ms
08-06 00:16:51.174 28713 28724 I art     : Starting a blocking GC Explicit
08-06 00:16:51.190 28713 28724 I art     : Explicit concurrent mark sweep GC freed 2805(187KB) AllocSpace objects, 1(28KB) LOS objects, 40% free, 21MB/35MB, paused 254us total 15.974ms
08-06 00:16:51.197 29230 29230 D AndroidRuntime: >>>>>> START com.android.internal.os.RuntimeInit uid 2000 <<<<<<
08-06 00:16:51.202 29230 29230 D AndroidRuntime: CheckJNI is OFF
08-06 00:16:51.240 29230 29230 D ICU     : No timezone override file found: /data/misc/zoneinfo/current/icu/icu_tzdata.dat
08-06 00:16:51.279 29230 29230 I Radio-JNI: register_android_hardware_Radio DONE
08-06 00:16:51.306 29230 29230 D AndroidRuntime: Calling main entry com.android.commands.input.Input
08-06 00:16:51.308 29230 29230 I Input   : injectMotionEvent: MotionEvent { action=ACTION_DOWN, actionButton=0, id[0]=0, x[0]=600.0, y[0]=1536.0, toolType[0]=TOOL_TYPE_UNKNOWN, buttonState=0, metaState=0, flags=0x0, edgeFlags=0x0, pointerCount=1, historySize=0, eventTime=836227721, downTime=836227721, deviceId=0, source=0x1002 }
08-06 00:16:51.312 29230 29230 I Input   : injectMotionEvent: MotionEvent { action=ACTION_UP, actionButton=0, id[0]=0, x[0]=600.0, y[0]=1536.0, toolType[0]=TOOL_TYPE_UNKNOWN, buttonState=0, metaState=0, flags=0x0, edgeFlags=0x0, pointerCount=1, historySize=0, eventTime=836227721, downTime=836227721, deviceId=0, source=0x1002 }
08-06 00:16:51.314 29230 29230 D AndroidRuntime: Shutting down VM
08-06 00:16:51.319   512  2967 D audio_hw_primary: out_set_parameters: enter: usecase(1: low-latency-playback) kvpairs: routing=2
08-06 00:16:51.322   918  5952 I ActivityManager: START u0 {dat=https://oauth.reddit.com/... cmp=baseline.org.quantumbadger.redreader/.activities.PostListingActivity} from uid 10705 on display 0
08-06 00:16:51.332   512  2967 D audio_hw_primary: select_devices: out_snd_device(2: speaker) in_snd_device(0: none)
08-06 00:16:51.332   512  2967 D msm8974_platform: platform_send_audio_calibration: sending audio calibration for snd_device(2) acdb_id(15)
08-06 00:16:51.332   512  2967 I soundtrigger: audio_extn_sound_trigger_update_device_status: device 0x2 of type 0 for Event 1
08-06 00:16:51.345   512  2967 D audio_hw_primary: enable_snd_device: snd_device(2: speaker)
08-06 00:16:51.348   512  2967 D audio_hw_primary: enable_audio_route: apply and update mixer path: low-latency-playback speaker
08-06 00:16:51.352 28713 28713 I AppCompatViewInflater: app:theme is now deprecated. Please move to using android:theme instead.
08-06 00:16:51.397 28713 29275 I RawObjectDB query string: CREATE TABLE objects(RawObjectDB_id TEXT PRIMARY KEY ON CONFLICT REPLACE,RawObjectDB_timestamp INTEGER,accounts_active INTEGER,created INTEGER,created_utc INTEGER,description TEXT,description_html TEXT,display_name TEXT,header_img TEXT,header_title TEXT,id TEXT,name TEXT,over18 INTEGER,public_description TEXT,subscribers INTEGER,title TEXT,url TEXT)
08-06 00:16:51.446 28713 29280 D OK      : calling: https://www.reddit.com/api/v1/access_token
08-06 00:16:51.448   918   936 I ActivityManager: Displayed baseline.org.quantumbadger.redreader/.activities.PostListingActivity: +118ms
08-06 00:16:51.450 13866 13866 I GoogleInputMethodServic: GoogleInputMethodService.onFinishInput():3138 
08-06 00:16:51.451 13866 13866 I GoogleInputMethodServic: GoogleInputMethodService.onStartInput():1808 
08-06 00:16:51.460 28713 28725 I art     : Starting a blocking GC Explicit
08-06 00:16:51.482 28713 28725 I art     : Explicit concurrent mark sweep GC freed 7295(499KB) AllocSpace objects, 1(20KB) LOS objects, 40% free, 21MB/36MB, paused 295us total 21.650ms
08-06 00:16:51.496 28713 28725 I art     : Starting a blocking GC Explicit
08-06 00:16:51.514 28713 28725 I art     : Explicit concurrent mark sweep GC freed 531(28KB) AllocSpace objects, 0(0B) LOS objects, 40% free, 21MB/35MB, paused 270us total 17.458ms
08-06 00:16:51.527 28713 28725 I art     : Starting a blocking GC Explicit
08-06 00:16:51.546 28713 28725 I art     : Explicit concurrent mark sweep GC freed 3(96B) AllocSpace objects, 0(0B) LOS objects, 40% free, 21MB/35MB, paused 270us total 18.529ms
08-06 00:16:51.560 28713 28725 I art     : Starting a blocking GC Explicit
08-06 00:16:51.579 28713 28725 I art     : Explicit concurrent mark sweep GC freed 136(13KB) AllocSpace objects, 0(0B) LOS objects, 40% free, 21MB/36MB, paused 276us total 18.885ms
08-06 00:16:51.593 28713 28725 I art     : Starting a blocking GC Explicit
08-06 00:16:51.612 28713 28725 I art     : Explicit concurrent mark sweep GC freed 11(672B) AllocSpace objects, 0(0B) LOS objects, 40% free, 21MB/35MB, paused 281us total 18.517ms
08-06 00:16:51.682   380   380 W SurfaceFlinger: couldn't log to binary event log: overflow.
08-06 00:16:51.868 28713 29069 I art     : Starting a blocking GC Explicit
08-06 00:16:51.878   512  2967 D audio_hw_primary: disable_audio_route: reset and update mixer path: low-latency-playback speaker
08-06 00:16:51.879   512  2967 D audio_hw_primary: disable_snd_device: snd_device(2: speaker)
08-06 00:16:51.886   512  2967 I soundtrigger: audio_extn_sound_trigger_update_device_status: device 0x2 of type 0 for Event 0
08-06 00:16:51.904 28713 29280 D OK      : request got status: 200
08-06 00:16:51.905 28713 29069 I art     : Explicit concurrent mark sweep GC freed 38339(2MB) AllocSpace objects, 16(1392KB) LOS objects, 39% free, 24MB/40MB, paused 656us total 36.146ms
08-06 00:16:51.912 28713 29280 D OK      : calling: https://oauth.reddit.com/r/askscience/about.json
08-06 00:16:51.921 28713 29069 I art     : Starting a blocking GC Explicit
08-06 00:16:51.951 28713 29069 I art     : Explicit concurrent mark sweep GC freed 4366(343KB) AllocSpace objects, 2(320KB) LOS objects, 40% free, 23MB/39MB, paused 382us total 29.445ms
08-06 00:16:51.966 28713 29069 I art     : Starting a blocking GC Explicit
08-06 00:16:51.994 28713 29069 I art     : Explicit concurrent mark sweep GC freed 87(5KB) AllocSpace objects, 0(0B) LOS objects, 40% free, 23MB/39MB, paused 337us total 27.747ms
08-06 00:16:52.009 28713 29069 I art     : Starting a blocking GC Explicit
08-06 00:16:52.038 28713 29069 I art     : Explicit concurrent mark sweep GC freed 9(400B) AllocSpace objects, 0(0B) LOS objects, 40% free, 23MB/39MB, paused 824us total 28.148ms
08-06 00:16:52.053 28713 29069 I art     : Starting a blocking GC Explicit
08-06 00:16:52.082 28713 29069 I art     : Explicit concurrent mark sweep GC freed 1857(73KB) AllocSpace objects, 0(0B) LOS objects, 40% free, 23MB/39MB, paused 377us total 28.882ms
08-06 00:16:52.211 28713 29280 I NAPPA_EXPERIMENTATION: MetricNetworkRequestExecutionTime: REQUEST_DURATION_SYSTEM='299',REQUEST_DURATION_OKHTTP='144',REQUEST_SYNCHRONOUS='TRUE',RESPONSE_CODE='200',RESPONSE_METHOD='GET',RESPONSE_LENGTH_OKHTTP='-1',RESPONSE_LENGTH_HEADER='4700',REQUEST_PROTOCOL='h2',REQUEST_URL='https://oauth.reddit.com/r/askscience/about.json',
08-06 00:16:52.211 28713 29280 D OK      : request got status: 200
08-06 00:16:52.345 28713 29069 I art     : Starting a blocking GC Explicit
08-06 00:16:52.377 28713 29069 I art     : Explicit concurrent mark sweep GC freed 3445(338KB) AllocSpace objects, 4(176KB) LOS objects, 39% free, 24MB/40MB, paused 299us total 31.383ms
08-06 00:16:52.392 28713 29069 I art     : Starting a blocking GC Explicit
08-06 00:16:52.422 28713 29069 I art     : Explicit concurrent mark sweep GC freed 274(13KB) AllocSpace objects, 0(0B) LOS objects, 39% free, 24MB/40MB, paused 300us total 29.157ms
08-06 00:16:52.437 28713 29069 I art     : Starting a blocking GC Explicit
08-06 00:16:52.466 28713 29069 I art     : Explicit concurrent mark sweep GC freed 3(96B) AllocSpace objects, 0(0B) LOS objects, 39% free, 24MB/40MB, paused 382us total 28.976ms
08-06 00:16:52.482 28713 29069 I art     : Starting a blocking GC Explicit
08-06 00:16:52.511 28713 29069 I art     : Explicit concurrent mark sweep GC freed 3(96B) AllocSpace objects, 0(0B) LOS objects, 39% free, 24MB/40MB, paused 300us total 28.988ms
08-06 00:16:52.526 28713 29069 I art     : Starting a blocking GC Explicit
08-06 00:16:52.556 28713 29069 I art     : Explicit concurrent mark sweep GC freed 39(1760B) AllocSpace objects, 0(0B) LOS objects, 39% free, 24MB/40MB, paused 316us total 29.328ms
08-06 00:16:52.642 28713 29310 D OK      : calling: https://oauth.reddit.com/r/askscience/hot/.json
08-06 00:16:52.826 28713 29310 I NAPPA_EXPERIMENTATION: MetricNetworkRequestExecutionTime: REQUEST_DURATION_SYSTEM='184',REQUEST_DURATION_OKHTTP='180',REQUEST_SYNCHRONOUS='TRUE',RESPONSE_CODE='200',RESPONSE_METHOD='GET',RESPONSE_LENGTH_OKHTTP='-1',RESPONSE_LENGTH_HEADER='21282',REQUEST_PROTOCOL='h2',REQUEST_URL='https://oauth.reddit.com/r/askscience/hot/.json',
08-06 00:16:52.826 28713 29310 D OK      : request got status: 200
08-06 00:16:52.828 28713 28724 I art     : Starting a blocking GC Explicit
08-06 00:16:52.843 28713 29300 I PostListingFragment: Precaching images: OFF
08-06 00:16:52.843 28713 29300 I PostListingFragment: Precaching comments: OFF
08-06 00:16:52.860 28713 28724 I art     : Explicit concurrent mark sweep GC freed 2229(208KB) AllocSpace objects, 1(20KB) LOS objects, 39% free, 24MB/40MB, paused 622us total 31.917ms
08-06 00:16:52.876 28713 28724 I art     : Starting a blocking GC Explicit
08-06 00:16:52.911 28713 28724 I art     : Explicit concurrent mark sweep GC freed 2244(143KB) AllocSpace objects, 0(0B) LOS objects, 39% free, 24MB/40MB, paused 756us total 34.796ms
08-06 00:16:52.925   918   929 I AccountManagerService: getTypesVisibleToCaller: isPermitted? true
08-06 00:16:52.927 28713 28724 I art     : Starting a blocking GC Explicit
08-06 00:16:52.942 24577 28700 I Checkin : [ServiceDumpSys] dumping service [account]
08-06 00:16:52.959   918  5132 I AccountManagerService: getTypesVisibleToCaller: isPermitted? true
08-06 00:16:52.962 28713 28724 I art     : Explicit concurrent mark sweep GC freed 2354(122KB) AllocSpace objects, 1(68KB) LOS objects, 39% free, 24MB/40MB, paused 482us total 34.501ms
08-06 00:16:52.962 24365 12204 I NetworkScheduler.Stats: Task com.google.android.gms/com.google.android.gms.checkin.EventLogService finished executing. cause:5 result: 1 elapsed_millis: 2218 uptime_millis: 2217 exec_start_elapsed_seconds: 1819614 [CONTEXT service_id=218 ]
08-06 00:16:52.978 28713 28724 I art     : Starting a blocking GC Explicit
08-06 00:16:53.013 28713 28724 I art     : Explicit concurrent mark sweep GC freed 2809(127KB) AllocSpace objects, 1(68KB) LOS objects, 39% free, 24MB/40MB, paused 420us total 34.802ms
08-06 00:16:53.029 28713 28724 I art     : Starting a blocking GC Explicit
08-06 00:16:53.067 28713 28724 I art     : Explicit concurrent mark sweep GC freed 2866(105KB) AllocSpace objects, 0(0B) LOS objects, 39% free, 24MB/40MB, paused 536us total 38.178ms
08-06 00:16:53.145   918  3261 D WifiStateMachine: starting scan for "H369AA63323"WPA_PSK with 2412,5180
08-06 00:16:53.377 28713 28724 I art     : Starting a blocking GC Explicit
08-06 00:16:53.418 28713 28724 I art     : Explicit concurrent mark sweep GC freed 25959(1144KB) AllocSpace objects, 1(20KB) LOS objects, 39% free, 24MB/40MB, paused 752us total 41.377ms
08-06 00:16:53.436 28713 28724 I art     : Starting a blocking GC Explicit
08-06 00:16:53.472 28713 28724 I art     : Explicit concurrent mark sweep GC freed 1986(83KB) AllocSpace objects, 0(0B) LOS objects, 39% free, 24MB/40MB, paused 323us total 35.909ms
08-06 00:16:53.490 28713 28724 I art     : Starting a blocking GC Explicit
08-06 00:16:53.526 28713 28724 I art     : Explicit concurrent mark sweep GC freed 23(1296B) AllocSpace objects, 0(0B) LOS objects, 39% free, 24MB/40MB, paused 327us total 35.826ms
08-06 00:16:53.544 28713 28724 I art     : Starting a blocking GC Explicit
08-06 00:16:53.582 28713 28724 I art     : Explicit concurrent mark sweep GC freed 39(1360B) AllocSpace objects, 0(0B) LOS objects, 39% free, 24MB/40MB, paused 345us total 37.707ms
08-06 00:16:53.599 28713 28724 I art     : Starting a blocking GC Explicit
08-06 00:16:53.634 28713 28724 I art     : Explicit concurrent mark sweep GC freed 32(1344B) AllocSpace objects, 0(0B) LOS objects, 39% free, 24MB/40MB, paused 318us total 34.827ms
08-06 00:16:53.932 28713 28725 I art     : Starting a blocking GC Explicit
08-06 00:16:53.976 28713 28725 I art     : Explicit concurrent mark sweep GC freed 1627(92KB) AllocSpace objects, 1(20KB) LOS objects, 39% free, 24MB/40MB, paused 343us total 43.699ms
08-06 00:16:53.993 28713 28725 I art     : Starting a blocking GC Explicit
08-06 00:16:54.033 28713 28725 I art     : Explicit concurrent mark sweep GC freed 83(4KB) AllocSpace objects, 0(0B) LOS objects, 39% free, 24MB/40MB, paused 349us total 40.206ms
08-06 00:16:54.051 28713 28725 I art     : Starting a blocking GC Explicit
08-06 00:16:54.093 28713 28725 I art     : Explicit concurrent mark sweep GC freed 3(96B) AllocSpace objects, 0(0B) LOS objects, 39% free, 24MB/40MB, paused 358us total 41.333ms
08-06 00:16:54.110 28713 28725 I art     : Starting a blocking GC Explicit
08-06 00:16:54.150 28713 28725 I art     : Explicit concurrent mark sweep GC freed 3(96B) AllocSpace objects, 0(0B) LOS objects, 39% free, 24MB/40MB, paused 346us total 39.025ms
08-06 00:16:54.167 28713 28725 I art     : Starting a blocking GC Explicit
08-06 00:16:54.209 28713 28725 I art     : Explicit concurrent mark sweep GC freed 3(96B) AllocSpace objects, 0(0B) LOS objects, 39% free, 24MB/40MB, paused 357us total 41.466ms
08-06 00:16:54.534 28713 29069 I art     : Starting a blocking GC Explicit
08-06 00:16:54.589 28713 29069 I art     : Explicit concurrent mark sweep GC freed 1346(78KB) AllocSpace objects, 1(20KB) LOS objects, 39% free, 24MB/40MB, paused 386us total 54.826ms
08-06 00:16:54.610 28713 29069 I art     : Starting a blocking GC Explicit
08-06 00:16:54.650 28713 29069 I art     : Explicit concurrent mark sweep GC freed 20(704B) AllocSpace objects, 0(0B) LOS objects, 39% free, 24MB/40MB, paused 364us total 39.231ms
08-06 00:16:54.667 28713 29069 I art     : Starting a blocking GC Explicit
08-06 00:16:54.709 28713 29069 I art     : Explicit concurrent mark sweep GC freed 3(96B) AllocSpace objects, 0(0B) LOS objects, 39% free, 24MB/40MB, paused 354us total 41.646ms
08-06 00:16:54.727 28713 29069 I art     : Starting a blocking GC Explicit
08-06 00:16:54.766 28713 29069 I art     : Explicit concurrent mark sweep GC freed 3(96B) AllocSpace objects, 0(0B) LOS objects, 39% free, 24MB/40MB, paused 319us total 38.333ms
08-06 00:16:54.783 28713 29069 I art     : Starting a blocking GC Explicit
08-06 00:16:54.825 28713 29069 I art     : Explicit concurrent mark sweep GC freed 3(96B) AllocSpace objects, 0(0B) LOS objects, 39% free, 24MB/40MB, paused 357us total 41.685ms
08-06 00:16:55.165 28713 28724 I art     : Starting a blocking GC Explicit
08-06 00:16:55.216 28713 28724 I art     : Explicit concurrent mark sweep GC freed 1343(78KB) AllocSpace objects, 1(20KB) LOS objects, 39% free, 24MB/40MB, paused 398us total 50.558ms
08-06 00:16:55.239 28713 28724 I art     : Starting a blocking GC Explicit
08-06 00:16:55.284 28713 28724 I art     : Explicit concurrent mark sweep GC freed 20(704B) AllocSpace objects, 0(0B) LOS objects, 39% free, 24MB/40MB, paused 344us total 44.106ms
08-06 00:16:55.301 28713 28724 I art     : Starting a blocking GC Explicit
08-06 00:16:55.343 28713 28724 I art     : Explicit concurrent mark sweep GC freed 3(96B) AllocSpace objects, 0(0B) LOS objects, 39% free, 24MB/40MB, paused 307us total 41.461ms
08-06 00:16:55.361 28713 28724 I art     : Starting a blocking GC Explicit
08-06 00:16:55.400 28713 28724 I art     : Explicit concurrent mark sweep GC freed 3(96B) AllocSpace objects, 0(0B) LOS objects, 39% free, 24MB/40MB, paused 340us total 39.404ms
08-06 00:16:55.418 28713 28724 I art     : Starting a blocking GC Explicit
08-06 00:16:55.460 28713 28724 I art     : Explicit concurrent mark sweep GC freed 3(96B) AllocSpace objects, 0(0B) LOS objects, 39% free, 24MB/40MB, paused 355us total 41.327ms
08-06 00:16:55.797 28713 28734 I art     : Starting a blocking GC Explicit
08-06 00:16:55.835 28713 28734 I art     : Explicit concurrent mark sweep GC freed 1343(78KB) AllocSpace objects, 1(20KB) LOS objects, 39% free, 24MB/40MB, paused 317us total 37.281ms
08-06 00:16:55.852 28713 28734 I art     : Starting a blocking GC Explicit
08-06 00:16:55.889 28713 28734 I art     : Explicit concurrent mark sweep GC freed 20(704B) AllocSpace objects, 0(0B) LOS objects, 39% free, 24MB/40MB, paused 336us total 36.977ms
08-06 00:16:55.907 28713 28734 I art     : Starting a blocking GC Explicit
08-06 00:16:55.944 28713 28734 I art     : Explicit concurrent mark sweep GC freed 3(96B) AllocSpace objects, 0(0B) LOS objects, 39% free, 24MB/40MB, paused 323us total 37.230ms
08-06 00:16:55.962 28713 28734 I art     : Starting a blocking GC Explicit
08-06 00:16:56.002 28713 28734 I art     : Explicit concurrent mark sweep GC freed 3(96B) AllocSpace objects, 0(0B) LOS objects, 39% free, 24MB/40MB, paused 331us total 39.981ms
08-06 00:16:56.020 28713 28734 I art     : Starting a blocking GC Explicit
08-06 00:16:56.061 28713 28734 I art     : Explicit concurrent mark sweep GC freed 3(96B) AllocSpace objects, 0(0B) LOS objects, 39% free, 24MB/40MB, paused 336us total 41.193ms
08-06 00:16:56.393 28713 28725 I art     : Starting a blocking GC Explicit
08-06 00:16:56.426 28713 28725 I art     : Explicit concurrent mark sweep GC freed 1347(78KB) AllocSpace objects, 1(20KB) LOS objects, 39% free, 24MB/40MB, paused 307us total 32.223ms
08-06 00:16:56.442 28713 28725 I art     : Starting a blocking GC Explicit
08-06 00:16:56.473 28713 28725 I art     : Explicit concurrent mark sweep GC freed 20(704B) AllocSpace objects, 0(0B) LOS objects, 39% free, 24MB/40MB, paused 295us total 31.142ms
08-06 00:16:56.489 28713 28725 I art     : Starting a blocking GC Explicit
08-06 00:16:56.521 28713 28725 I art     : Explicit concurrent mark sweep GC freed 3(96B) AllocSpace objects, 0(0B) LOS objects, 39% free, 24MB/40MB, paused 296us total 31.641ms
08-06 00:16:56.530   918  3188 I hubconnection: sensorhub said: 'set_bias 3: -6.2400, 0.0000, 0.0000'
08-06 00:16:56.537 28713 28725 I art     : Starting a blocking GC Explicit
08-06 00:16:56.570 28713 28725 I art     : Explicit concurrent mark sweep GC freed 3(96B) AllocSpace objects, 0(0B) LOS objects, 39% free, 24MB/40MB, paused 330us total 33.071ms
08-06 00:16:56.586 28713 28725 I art     : Starting a blocking GC Explicit
08-06 00:16:56.622 28713 28725 I art     : Explicit concurrent mark sweep GC freed 3(96B) AllocSpace objects, 0(0B) LOS objects, 39% free, 24MB/40MB, paused 341us total 35.413ms
08-06 00:16:56.949 28713 29069 I art     : Starting a blocking GC Explicit
08-06 00:16:56.992 28713 29069 I art     : Explicit concurrent mark sweep GC freed 1344(78KB) AllocSpace objects, 1(20KB) LOS objects, 39% free, 24MB/40MB, paused 383us total 42.360ms
08-06 00:16:57.011 28713 29069 I art     : Starting a blocking GC Explicit
08-06 00:16:57.050 28713 29069 I art     : Explicit concurrent mark sweep GC freed 20(704B) AllocSpace objects, 0(0B) LOS objects, 39% free, 24MB/40MB, paused 363us total 38.823ms
08-06 00:16:57.067 28713 29069 I art     : Starting a blocking GC Explicit
08-06 00:16:57.107 28713 29069 I art     : Explicit concurrent mark sweep GC freed 3(96B) AllocSpace objects, 0(0B) LOS objects, 39% free, 24MB/40MB, paused 358us total 39.156ms
08-06 00:16:57.108 29385 29385 D AndroidRuntime: >>>>>> START com.android.internal.os.RuntimeInit uid 2000 <<<<<<
08-06 00:16:57.114 29385 29385 D AndroidRuntime: CheckJNI is OFF
08-06 00:16:57.124 28713 29069 I art     : Starting a blocking GC Explicit
08-06 00:16:57.159 29385 29385 D ICU     : No timezone override file found: /data/misc/zoneinfo/current/icu/icu_tzdata.dat
08-06 00:16:57.161 28713 29069 I art     : Explicit concurrent mark sweep GC freed 3(96B) AllocSpace objects, 0(0B) LOS objects, 39% free, 24MB/40MB, paused 339us total 36.719ms
08-06 00:16:57.179 28713 29069 I art     : Starting a blocking GC Explicit
08-06 00:16:57.204 29385 29385 I Radio-JNI: register_android_hardware_Radio DONE
08-06 00:16:57.216 28713 29069 I art     : Explicit concurrent mark sweep GC freed 3(96B) AllocSpace objects, 0(0B) LOS objects, 39% free, 24MB/40MB, paused 346us total 37.115ms
08-06 00:16:57.233 29385 29385 D AndroidRuntime: Calling main entry com.android.commands.input.Input
08-06 00:16:57.235 29385 29385 I Input   : injectMotionEvent: MotionEvent { action=ACTION_DOWN, actionButton=0, id[0]=0, x[0]=600.0, y[0]=700.0, toolType[0]=TOOL_TYPE_UNKNOWN, buttonState=0, metaState=0, flags=0x0, edgeFlags=0x0, pointerCount=1, historySize=0, eventTime=836233648, downTime=836233648, deviceId=0, source=0x1002 }
08-06 00:16:57.243 29385 29385 I Input   : injectMotionEvent: MotionEvent { action=ACTION_UP, actionButton=0, id[0]=0, x[0]=600.0, y[0]=700.0, toolType[0]=TOOL_TYPE_UNKNOWN, buttonState=0, metaState=0, flags=0x0, edgeFlags=0x0, pointerCount=1, historySize=0, eventTime=836233648, downTime=836233648, deviceId=0, source=0x1002 }
08-06 00:16:57.245 28713 28713 I RRChoreographer: Using modern Choreographer
08-06 00:16:57.246 29385 29385 D AndroidRuntime: Shutting down VM
08-06 00:16:57.260   512  2967 D audio_hw_primary: out_set_parameters: enter: usecase(1: low-latency-playback) kvpairs: routing=2
08-06 00:16:57.265   918  6110 I ActivityManager: START u0 {dat=https://oauth.reddit.com/... cmp=baseline.org.quantumbadger.redreader/.activities.CommentListingActivity} from uid 10705 on display 0
08-06 00:16:57.274   512  2967 D audio_hw_primary: select_devices: out_snd_device(2: speaker) in_snd_device(0: none)
08-06 00:16:57.274   512  2967 D msm8974_platform: platform_send_audio_calibration: sending audio calibration for snd_device(2) acdb_id(15)
08-06 00:16:57.274   512  2967 I soundtrigger: audio_extn_sound_trigger_update_device_status: device 0x2 of type 0 for Event 1
08-06 00:16:57.284   512  2967 D audio_hw_primary: enable_snd_device: snd_device(2: speaker)
08-06 00:16:57.287   512  2967 D audio_hw_primary: enable_audio_route: apply and update mixer path: low-latency-playback speaker
08-06 00:16:57.291 28713 28713 I AppCompatViewInflater: app:theme is now deprecated. Please move to using android:theme instead.
08-06 00:16:57.315 28713 29410 D OK      : calling: https://oauth.reddit.com/comments/gvc7k9/.json?sort=confidence
08-06 00:16:57.409 13866 13866 I GoogleInputMethodServic: GoogleInputMethodService.onFinishInput():3138 
08-06 00:16:57.410 13866 13866 I GoogleInputMethodServic: GoogleInputMethodService.onStartInput():1808 
08-06 00:16:57.411   918   936 I ActivityManager: Displayed baseline.org.quantumbadger.redreader/.activities.CommentListingActivity: +136ms
08-06 00:16:57.491 28713 28725 I art     : Starting a blocking GC Explicit
08-06 00:16:57.527 28713 28725 I art     : Explicit concurrent mark sweep GC freed 4187(269KB) AllocSpace objects, 1(20KB) LOS objects, 39% free, 24MB/40MB, paused 356us total 35.418ms
08-06 00:16:57.530 28713 29410 I NAPPA_EXPERIMENTATION: MetricNetworkRequestExecutionTime: REQUEST_DURATION_SYSTEM='215',REQUEST_DURATION_OKHTTP='213',REQUEST_SYNCHRONOUS='TRUE',RESPONSE_CODE='200',RESPONSE_METHOD='GET',RESPONSE_LENGTH_OKHTTP='-1',RESPONSE_LENGTH_HEADER='90132',REQUEST_PROTOCOL='h2',REQUEST_URL='https://oauth.reddit.com/comments/gvc7k9/.json?sort=confidence',
08-06 00:16:57.530 28713 29410 D OK      : request got status: 200
08-06 00:16:57.543 28713 28725 I art     : Starting a blocking GC Explicit
08-06 00:16:57.547 28713 29300 I CommentListingActivity: COMMENTS session changed to 512feae9-4add-4754-a470-aabae0e7ccbe
08-06 00:16:57.580 28713 28725 I art     : Explicit concurrent mark sweep GC freed 1226(151KB) AllocSpace objects, 0(0B) LOS objects, 38% free, 25MB/41MB, paused 649us total 37.008ms
08-06 00:16:57.598 28713 28725 I art     : Starting a blocking GC Explicit
08-06 00:16:57.645 28713 28725 I art     : Explicit concurrent mark sweep GC freed 9318(626KB) AllocSpace objects, 2(36KB) LOS objects, 37% free, 26MB/42MB, paused 4.159ms total 46.645ms
08-06 00:16:57.655   380   380 W SurfaceFlinger: couldn't log to binary event log: overflow.
08-06 00:16:57.663 28713 28725 I art     : Starting a blocking GC Explicit
08-06 00:16:57.716 28713 28725 I art     : Explicit concurrent mark sweep GC freed 7314(543KB) AllocSpace objects, 0(0B) LOS objects, 36% free, 27MB/43MB, paused 1.230ms total 53.093ms
08-06 00:16:57.734 28713 28725 I art     : Starting a blocking GC Explicit
08-06 00:16:57.786 28713 28725 I art     : Explicit concurrent mark sweep GC freed 11652(818KB) AllocSpace objects, 0(0B) LOS objects, 36% free, 28MB/44MB, paused 780us total 51.364ms
08-06 00:16:57.818   512  2967 D audio_hw_primary: disable_audio_route: reset and update mixer path: low-latency-playback speaker
08-06 00:16:57.819   512  2967 D audio_hw_primary: disable_snd_device: snd_device(2: speaker)
08-06 00:16:57.826   512  2967 I soundtrigger: audio_extn_sound_trigger_update_device_status: device 0x2 of type 0 for Event 0
08-06 00:16:58.073 28713 29069 I art     : Starting a blocking GC Explicit
08-06 00:16:58.128 28713 29069 I art     : Explicit concurrent mark sweep GC freed 34219(1879KB) AllocSpace objects, 4(172KB) LOS objects, 36% free, 27MB/43MB, paused 395us total 54.855ms
08-06 00:16:58.147 28713 29069 I art     : Starting a blocking GC Explicit
08-06 00:16:58.199 28713 29069 I art     : Explicit concurrent mark sweep GC freed 37(1456B) AllocSpace objects, 0(0B) LOS objects, 36% free, 27MB/43MB, paused 322us total 50.992ms
08-06 00:16:58.219 28713 29069 I art     : Starting a blocking GC Explicit
08-06 00:16:58.271 28713 29069 I art     : Explicit concurrent mark sweep GC freed 3(96B) AllocSpace objects, 0(0B) LOS objects, 36% free, 27MB/43MB, paused 334us total 51.523ms
08-06 00:16:58.291 28713 29069 I art     : Starting a blocking GC Explicit
08-06 00:16:58.343 28713 29069 I art     : Explicit concurrent mark sweep GC freed 3(96B) AllocSpace objects, 0(0B) LOS objects, 36% free, 27MB/43MB, paused 353us total 52.146ms
08-06 00:16:58.363 28713 29069 I art     : Starting a blocking GC Explicit
08-06 00:16:58.414 28713 29069 I art     : Explicit concurrent mark sweep GC freed 3(96B) AllocSpace objects, 0(0B) LOS objects, 36% free, 27MB/43MB, paused 300us total 50.263ms
08-06 00:16:58.704 28713 28724 I art     : Starting a blocking GC Explicit
08-06 00:16:58.769 28713 28724 I art     : Explicit concurrent mark sweep GC freed 1343(78KB) AllocSpace objects, 1(20KB) LOS objects, 36% free, 27MB/43MB, paused 379us total 64.909ms
08-06 00:16:58.789 28713 28724 I art     : Starting a blocking GC Explicit
08-06 00:16:58.851 28713 28724 I art     : Explicit concurrent mark sweep GC freed 66(2528B) AllocSpace objects, 0(0B) LOS objects, 36% free, 27MB/43MB, paused 351us total 61.887ms
08-06 00:16:58.871 28713 28724 I art     : Starting a blocking GC Explicit
08-06 00:16:58.932 28713 28724 I art     : Explicit concurrent mark sweep GC freed 3(96B) AllocSpace objects, 0(0B) LOS objects, 36% free, 27MB/43MB, paused 364us total 60.239ms
08-06 00:16:58.952 28713 28724 I art     : Starting a blocking GC Explicit
08-06 00:16:59.017 28713 28724 I art     : Explicit concurrent mark sweep GC freed 3(96B) AllocSpace objects, 0(0B) LOS objects, 36% free, 27MB/43MB, paused 350us total 64.162ms
08-06 00:16:59.038 28713 28724 I art     : Starting a blocking GC Explicit
08-06 00:16:59.099 28713 28724 I art     : Explicit concurrent mark sweep GC freed 3(96B) AllocSpace objects, 0(0B) LOS objects, 36% free, 27MB/43MB, paused 358us total 60.390ms
08-06 00:16:59.425 28713 28734 I art     : Starting a blocking GC Explicit
08-06 00:16:59.503 28713 28734 I art     : Explicit concurrent mark sweep GC freed 1343(78KB) AllocSpace objects, 1(20KB) LOS objects, 36% free, 27MB/43MB, paused 360us total 77.231ms
08-06 00:16:59.525 28713 28734 I art     : Starting a blocking GC Explicit
08-06 00:16:59.586 28713 28734 I art     : Explicit concurrent mark sweep GC freed 20(704B) AllocSpace objects, 0(0B) LOS objects, 36% free, 27MB/43MB, paused 355us total 60.174ms
08-06 00:16:59.606 28713 28734 I art     : Starting a blocking GC Explicit
08-06 00:16:59.669 28713 28734 I art     : Explicit concurrent mark sweep GC freed 3(96B) AllocSpace objects, 0(0B) LOS objects, 36% free, 27MB/43MB, paused 349us total 62.443ms
08-06 00:16:59.692 28713 28734 I art     : Starting a blocking GC Explicit
08-06 00:16:59.758 28713 28734 I art     : Explicit concurrent mark sweep GC freed 3(96B) AllocSpace objects, 0(0B) LOS objects, 36% free, 27MB/43MB, paused 485us total 65.268ms
08-06 00:16:59.781 28713 28734 I art     : Starting a blocking GC Explicit
08-06 00:16:59.843 28713 28734 I art     : Explicit concurrent mark sweep GC freed 3(96B) AllocSpace objects, 0(0B) LOS objects, 36% free, 27MB/43MB, paused 347us total 61.925ms
08-06 00:16:59.984   918  5481 I ActivityManager: Killing 17615:com.android.providers.calendar/u0a1 (adj 15): empty #17
08-06 00:17:00.150 28713 29069 I art     : Starting a blocking GC Explicit
08-06 00:17:00.205 28713 29069 I art     : Explicit concurrent mark sweep GC freed 1343(78KB) AllocSpace objects, 1(20KB) LOS objects, 36% free, 27MB/43MB, paused 343us total 54.965ms
08-06 00:17:00.226 28713 29069 I art     : Starting a blocking GC Explicit
08-06 00:17:00.284 28713 29069 I art     : Explicit concurrent mark sweep GC freed 20(704B) AllocSpace objects, 0(0B) LOS objects, 36% free, 27MB/43MB, paused 353us total 57.331ms
08-06 00:17:00.304 28713 29069 I art     : Starting a blocking GC Explicit
08-06 00:17:00.371 28713 29069 I art     : Explicit concurrent mark sweep GC freed 3(96B) AllocSpace objects, 0(0B) LOS objects, 36% free, 27MB/43MB, paused 347us total 66.015ms
08-06 00:17:00.393 28713 29069 I art     : Starting a blocking GC Explicit
08-06 00:17:00.455 28713 29069 I art     : Explicit concurrent mark sweep GC freed 3(96B) AllocSpace objects, 0(0B) LOS objects, 36% free, 27MB/43MB, paused 349us total 61.165ms
08-06 00:17:00.475 28713 29069 I art     : Starting a blocking GC Explicit
08-06 00:17:00.536 28713 29069 I art     : Explicit concurrent mark sweep GC freed 3(96B) AllocSpace objects, 0(0B) LOS objects, 36% free, 27MB/43MB, paused 389us total 60.817ms
08-06 00:17:00.865 28713 28725 I art     : Starting a blocking GC Explicit
08-06 00:17:00.931 28713 28725 I art     : Explicit concurrent mark sweep GC freed 1343(78KB) AllocSpace objects, 1(20KB) LOS objects, 36% free, 27MB/43MB, paused 373us total 65.653ms
08-06 00:17:00.954 28713 28725 I art     : Starting a blocking GC Explicit
08-06 00:17:01.008 28713 28725 I art     : Explicit concurrent mark sweep GC freed 20(704B) AllocSpace objects, 0(0B) LOS objects, 36% free, 27MB/43MB, paused 354us total 54.303ms
08-06 00:17:01.029 28713 28725 I art     : Starting a blocking GC Explicit
08-06 00:17:01.093 28713 28725 I art     : Explicit concurrent mark sweep GC freed 3(96B) AllocSpace objects, 0(0B) LOS objects, 36% free, 27MB/43MB, paused 379us total 63.914ms
08-06 00:17:01.115 28713 28725 I art     : Starting a blocking GC Explicit
08-06 00:17:01.177 28713 28725 I art     : Explicit concurrent mark sweep GC freed 3(96B) AllocSpace objects, 0(0B) LOS objects, 36% free, 27MB/43MB, paused 325us total 61.305ms
08-06 00:17:01.197 28713 28725 I art     : Starting a blocking GC Explicit
08-06 00:17:01.261 28713 28725 I art     : Explicit concurrent mark sweep GC freed 3(96B) AllocSpace objects, 0(0B) LOS objects, 36% free, 27MB/43MB, paused 381us total 63.782ms
08-06 00:17:01.530   518   646 I ThermalEngine: ACTION: GPU - Setting GPU[0] to 510000000
08-06 00:17:01.580 28713 28724 I art     : Starting a blocking GC Explicit
08-06 00:17:01.623 28713 28724 I art     : Explicit concurrent mark sweep GC freed 1344(79KB) AllocSpace objects, 1(20KB) LOS objects, 36% free, 27MB/43MB, paused 260us total 43.292ms
08-06 00:17:01.638 28713 28724 I art     : Starting a blocking GC Explicit
08-06 00:17:01.680 28713 28724 I art     : Explicit concurrent mark sweep GC freed 20(704B) AllocSpace objects, 0(0B) LOS objects, 36% free, 27MB/43MB, paused 248us total 42.150ms
08-06 00:17:01.695 28713 28724 I art     : Starting a blocking GC Explicit
08-06 00:17:01.738 28713 28724 I art     : Explicit concurrent mark sweep GC freed 3(96B) AllocSpace objects, 0(0B) LOS objects, 36% free, 27MB/43MB, paused 258us total 42.782ms
08-06 00:17:01.753 28713 28724 I art     : Starting a blocking GC Explicit
08-06 00:17:01.796 28713 28724 I art     : Explicit concurrent mark sweep GC freed 3(96B) AllocSpace objects, 0(0B) LOS objects, 36% free, 27MB/43MB, paused 256us total 43.435ms
08-06 00:17:01.811 28713 28724 I art     : Starting a blocking GC Explicit
08-06 00:17:01.853 28713 28724 I art     : Explicit concurrent mark sweep GC freed 3(96B) AllocSpace objects, 0(0B) LOS objects, 36% free, 27MB/43MB, paused 258us total 41.642ms
08-06 00:17:01.922 29477 29477 D AndroidRuntime: >>>>>> START com.android.internal.os.RuntimeInit uid 2000 <<<<<<
08-06 00:17:01.927 29477 29477 D AndroidRuntime: CheckJNI is OFF
08-06 00:17:01.965 29477 29477 D ICU     : No timezone override file found: /data/misc/zoneinfo/current/icu/icu_tzdata.dat
08-06 00:17:02.002 29477 29477 I Radio-JNI: register_android_hardware_Radio DONE
08-06 00:17:02.013 28602 28602 I Atfwd_Sendcmd: AtCmdFwd service not ready - Exhausted retry attempts - :6
08-06 00:17:02.013 28602 28602 I Atfwd_Daemon: result : -1 	 ,Init step :2 	 ,qmiErrorCode: 0
08-06 00:17:02.025 29477 29477 D AndroidRuntime: Calling main entry com.android.commands.input.Input
08-06 00:17:02.027 29477 29477 I Input   : injectKeyEvent: KeyEvent { action=ACTION_DOWN, keyCode=KEYCODE_BACK, scanCode=0, metaState=0, flags=0x0, repeatCount=0, eventTime=836238440, downTime=836238440, deviceId=-1, source=0x101 }
08-06 00:17:02.034 29477 29477 I Input   : injectKeyEvent: KeyEvent { action=ACTION_UP, keyCode=KEYCODE_BACK, scanCode=0, metaState=0, flags=0x0, repeatCount=0, eventTime=836238440, downTime=836238440, deviceId=-1, source=0x101 }
08-06 00:17:02.046 29477 29477 D AndroidRuntime: Shutting down VM
08-06 00:17:02.084 13866 13866 I GoogleInputMethodServic: GoogleInputMethodService.onFinishInput():3138 
08-06 00:17:02.085 13866 13866 I GoogleInputMethodServic: GoogleInputMethodService.onStartInput():1808 
08-06 00:17:02.123 28713 28724 I art     : Starting a blocking GC Explicit
08-06 00:17:02.165 28713 28724 I art     : Explicit concurrent mark sweep GC freed 1591(88KB) AllocSpace objects, 1(20KB) LOS objects, 36% free, 27MB/43MB, paused 249us total 42.469ms
08-06 00:17:02.180 28713 28724 I art     : Starting a blocking GC Explicit
08-06 00:17:02.220 28713 28724 I art     : Explicit concurrent mark sweep GC freed 26(944B) AllocSpace objects, 0(0B) LOS objects, 36% free, 27MB/43MB, paused 224us total 39.962ms
08-06 00:17:02.235 28713 28724 I art     : Starting a blocking GC Explicit
08-06 00:17:02.276 28713 29409 I RedditChangeDataIO: Writing tmp data file at '/data/user/0/baseline.org.quantumbadger.redreader/files/rr_change_data_tmp.dat'
08-06 00:17:02.277 28713 28724 I art     : Explicit concurrent mark sweep GC freed 15(1488B) AllocSpace objects, 0(0B) LOS objects, 36% free, 27MB/43MB, paused 378us total 42.389ms
08-06 00:17:02.277 28713 29409 I RedditChangeDataManager: Taking snapshot...
08-06 00:17:02.277 28713 29409 I RedditChangeDataManager: Writing to stream...
08-06 00:17:02.278 28713 29409 I RedditChangeDataManager: Wrote 1 entries for user ''
08-06 00:17:02.278 28713 29409 I RedditChangeDataManager: All entries written to stream.
08-06 00:17:02.278 28713 29409 I RedditChangeDataIO: Write successful. Atomically replacing data file...
08-06 00:17:02.278 28713 29409 I RedditChangeDataIO: Write complete.
08-06 00:17:02.278 28713 29409 I RedditChangeDataIO: 38 bytes written in 2 ms
08-06 00:17:02.293 28713 28724 I art     : Starting a blocking GC Explicit
08-06 00:17:02.334 28713 28724 I art     : Explicit concurrent mark sweep GC freed 67(3KB) AllocSpace objects, 1(68KB) LOS objects, 36% free, 27MB/43MB, paused 218us total 40.663ms
08-06 00:17:02.351 28713 28724 I art     : Starting a blocking GC Explicit
08-06 00:17:02.402 28713 28724 I art     : Explicit concurrent mark sweep GC freed 6(192B) AllocSpace objects, 0(0B) LOS objects, 36% free, 27MB/43MB, paused 290us total 50.796ms
08-06 00:17:02.410   380   380 W SurfaceFlinger: couldn't log to binary event log: overflow.
08-06 00:17:02.697 28713 28725 I art     : Starting a blocking GC Explicit
08-06 00:17:02.753 28713 28725 I art     : Explicit concurrent mark sweep GC freed 1406(81KB) AllocSpace objects, 1(20KB) LOS objects, 36% free, 27MB/43MB, paused 322us total 56.078ms
08-06 00:17:02.773 28713 28725 I art     : Starting a blocking GC Explicit
08-06 00:17:02.808 28713 28725 I art     : Explicit concurrent mark sweep GC freed 46778(2MB) AllocSpace objects, 5(140KB) LOS objects, 39% free, 24MB/40MB, paused 258us total 34.967ms
08-06 00:17:02.822 28713 28725 I art     : Starting a blocking GC Explicit
08-06 00:17:02.851 28713 28725 I art     : Explicit concurrent mark sweep GC freed 32(1568B) AllocSpace objects, 0(0B) LOS objects, 39% free, 24MB/40MB, paused 212us total 29.400ms
08-06 00:17:02.865 28713 28725 I art     : Starting a blocking GC Explicit
08-06 00:17:02.896 28713 28725 I art     : Explicit concurrent mark sweep GC freed 249(42KB) AllocSpace objects, 0(0B) LOS objects, 39% free, 24MB/40MB, paused 249us total 30.876ms
08-06 00:17:02.909 28713 28725 I art     : Starting a blocking GC Explicit
08-06 00:17:02.941 28713 28725 I art     : Explicit concurrent mark sweep GC freed 68(2272B) AllocSpace objects, 0(0B) LOS objects, 39% free, 24MB/40MB, paused 237us total 31.212ms
08-06 00:17:03.230 28713 29069 I art     : Starting a blocking GC Explicit
08-06 00:17:03.276 28713 29069 I art     : Explicit concurrent mark sweep GC freed 1343(78KB) AllocSpace objects, 1(20KB) LOS objects, 39% free, 24MB/40MB, paused 249us total 45.265ms
08-06 00:17:03.295 28713 29069 I art     : Starting a blocking GC Explicit
08-06 00:17:03.324 28713 29069 I art     : Explicit concurrent mark sweep GC freed 20(704B) AllocSpace objects, 0(0B) LOS objects, 39% free, 24MB/40MB, paused 228us total 28.866ms
08-06 00:17:03.337 28713 29069 I art     : Starting a blocking GC Explicit
08-06 00:17:03.366 28713 29069 I art     : Explicit concurrent mark sweep GC freed 3(96B) AllocSpace objects, 0(0B) LOS objects, 39% free, 24MB/40MB, paused 231us total 28.370ms
08-06 00:17:03.379 28713 29069 I art     : Starting a blocking GC Explicit
08-06 00:17:03.408 28713 29069 I art     : Explicit concurrent mark sweep GC freed 3(96B) AllocSpace objects, 0(0B) LOS objects, 39% free, 24MB/40MB, paused 224us total 29.125ms
08-06 00:17:03.421 28713 29069 I art     : Starting a blocking GC Explicit
08-06 00:17:03.451 28713 29069 I art     : Explicit concurrent mark sweep GC freed 3(96B) AllocSpace objects, 0(0B) LOS objects, 39% free, 24MB/40MB, paused 222us total 29.530ms
08-06 00:17:03.700 29524 29524 D AndroidRuntime: >>>>>> START com.android.internal.os.RuntimeInit uid 2000 <<<<<<
08-06 00:17:03.706 29524 29524 D AndroidRuntime: CheckJNI is OFF
08-06 00:17:03.716 28713 28734 I art     : Starting a blocking GC Explicit
08-06 00:17:03.741 29524 29524 D ICU     : No timezone override file found: /data/misc/zoneinfo/current/icu/icu_tzdata.dat
08-06 00:17:03.747 28713 28734 I art     : Explicit concurrent mark sweep GC freed 1343(78KB) AllocSpace objects, 1(20KB) LOS objects, 39% free, 24MB/40MB, paused 234us total 30.539ms
08-06 00:17:03.760 28713 28734 I art     : Starting a blocking GC Explicit
08-06 00:17:03.776 29524 29524 I Radio-JNI: register_android_hardware_Radio DONE
08-06 00:17:03.787 28713 28734 I art     : Explicit concurrent mark sweep GC freed 20(704B) AllocSpace objects, 0(0B) LOS objects, 39% free, 24MB/40MB, paused 223us total 26.787ms
08-06 00:17:03.797 29524 29524 D AndroidRuntime: Calling main entry com.android.commands.input.Input
08-06 00:17:03.800 29524 29524 I Input   : injectMotionEvent: MotionEvent { action=ACTION_DOWN, actionButton=0, id[0]=0, x[0]=600.0, y[0]=950.0, toolType[0]=TOOL_TYPE_UNKNOWN, buttonState=0, metaState=0, flags=0x0, edgeFlags=0x0, pointerCount=1, historySize=0, eventTime=836240212, downTime=836240212, deviceId=0, source=0x1002 }
08-06 00:17:03.800 28713 28734 I art     : Starting a blocking GC Explicit
08-06 00:17:03.805 29524 29524 I Input   : injectMotionEvent: MotionEvent { action=ACTION_UP, actionButton=0, id[0]=0, x[0]=600.0, y[0]=950.0, toolType[0]=TOOL_TYPE_UNKNOWN, buttonState=0, metaState=0, flags=0x0, edgeFlags=0x0, pointerCount=1, historySize=0, eventTime=836240212, downTime=836240212, deviceId=0, source=0x1002 }
08-06 00:17:03.807 29524 29524 D AndroidRuntime: Shutting down VM
08-06 00:17:03.816   512  2967 D audio_hw_primary: out_set_parameters: enter: usecase(1: low-latency-playback) kvpairs: routing=2
08-06 00:17:03.818   918   929 I ActivityManager: START u0 {dat=https://oauth.reddit.com/... cmp=baseline.org.quantumbadger.redreader/.activities.CommentListingActivity} from uid 10705 on display 0
08-06 00:17:03.827 28713 28734 I art     : Explicit concurrent mark sweep GC freed 208(9KB) AllocSpace objects, 0(0B) LOS objects, 39% free, 24MB/40MB, paused 284us total 27.464ms
08-06 00:17:03.829   512  2967 D audio_hw_primary: select_devices: out_snd_device(2: speaker) in_snd_device(0: none)
08-06 00:17:03.829   512  2967 D msm8974_platform: platform_send_audio_calibration: sending audio calibration for snd_device(2) acdb_id(15)
08-06 00:17:03.829   512  2967 I soundtrigger: audio_extn_sound_trigger_update_device_status: device 0x2 of type 0 for Event 1
08-06 00:17:03.840   512  2967 D audio_hw_primary: enable_snd_device: snd_device(2: speaker)
08-06 00:17:03.840 28713 28734 I art     : Starting a blocking GC Explicit
08-06 00:17:03.842   512  2967 D audio_hw_primary: enable_audio_route: apply and update mixer path: low-latency-playback speaker
08-06 00:17:03.867 28713 28734 I art     : Explicit concurrent mark sweep GC freed 53(2256B) AllocSpace objects, 0(0B) LOS objects, 39% free, 24MB/40MB, paused 265us total 26.493ms
08-06 00:17:03.886 28713 28734 I art     : Starting a blocking GC Explicit
08-06 00:17:03.891 28713 28713 I AppCompatViewInflater: app:theme is now deprecated. Please move to using android:theme instead.
08-06 00:17:03.907 28713 29576 D OK      : calling: https://oauth.reddit.com/comments/hwnhe2/.json?sort=confidence
08-06 00:17:03.914 28713 28734 I art     : Explicit concurrent mark sweep GC freed 1833(103KB) AllocSpace objects, 0(0B) LOS objects, 39% free, 24MB/40MB, paused 493us total 27.830ms
08-06 00:17:03.972   918   936 I ActivityManager: Displayed baseline.org.quantumbadger.redreader/.activities.CommentListingActivity: +96ms
08-06 00:17:03.972 13866 13866 I GoogleInputMethodServic: GoogleInputMethodService.onFinishInput():3138 
08-06 00:17:03.976 13866 13866 I GoogleInputMethodServic: GoogleInputMethodService.onStartInput():1808 
08-06 00:17:04.058   918   927 I art     : Background partial concurrent mark sweep GC freed 96070(9MB) AllocSpace objects, 138(2MB) LOS objects, 18% free, 70MB/86MB, paused 1.332ms total 241.420ms
08-06 00:17:04.144 28713 28724 I art     : Starting a blocking GC Explicit
08-06 00:17:04.181 28713 28724 I art     : Explicit concurrent mark sweep GC freed 4338(198KB) AllocSpace objects, 1(20KB) LOS objects, 38% free, 25MB/41MB, paused 339us total 36.310ms
08-06 00:17:04.200 28713 29576 I NAPPA_EXPERIMENTATION: MetricNetworkRequestExecutionTime: REQUEST_DURATION_SYSTEM='293',REQUEST_DURATION_OKHTTP='151',REQUEST_SYNCHRONOUS='TRUE',RESPONSE_CODE='200',RESPONSE_METHOD='GET',RESPONSE_LENGTH_OKHTTP='-1',RESPONSE_LENGTH_HEADER='3930',REQUEST_PROTOCOL='h2',REQUEST_URL='https://oauth.reddit.com/comments/hwnhe2/.json?sort=confidence',
08-06 00:17:04.200 28713 29576 D OK      : request got status: 200
08-06 00:17:04.201 28713 28724 I art     : Starting a blocking GC Explicit
08-06 00:17:04.207 28713 29300 I CommentListingActivity: COMMENTS session changed to 9069373b-29a5-4dc6-8ea1-07c6e280bf55
08-06 00:17:04.229   380   380 W SurfaceFlinger: couldn't log to binary event log: overflow.
08-06 00:17:04.235 28713 28724 I art     : Explicit concurrent mark sweep GC freed 2889(306KB) AllocSpace objects, 3(100KB) LOS objects, 38% free, 25MB/41MB, paused 327us total 33.085ms
08-06 00:17:04.248 28713 28724 I art     : Starting a blocking GC Explicit
08-06 00:17:04.277 28713 28724 I art     : Explicit concurrent mark sweep GC freed 1104(46KB) AllocSpace objects, 0(0B) LOS objects, 38% free, 25MB/41MB, paused 524us total 28.317ms
08-06 00:17:04.289 28713 28724 I art     : Starting a blocking GC Explicit
08-06 00:17:04.316 28713 28724 I art     : Explicit concurrent mark sweep GC freed 838(54KB) AllocSpace objects, 1(68KB) LOS objects, 38% free, 25MB/41MB, paused 213us total 27.020ms
08-06 00:17:04.328 28713 28724 I art     : Starting a blocking GC Explicit
08-06 00:17:04.359 28713 28724 I art     : Explicit concurrent mark sweep GC freed 8(272B) AllocSpace objects, 0(0B) LOS objects, 38% free, 25MB/41MB, paused 258us total 30.045ms
08-06 00:17:04.388   512  2967 D audio_hw_primary: disable_audio_route: reset and update mixer path: low-latency-playback speaker
08-06 00:17:04.389   512  2967 D audio_hw_primary: disable_snd_device: snd_device(2: speaker)
08-06 00:17:04.397   512  2967 I soundtrigger: audio_extn_sound_trigger_update_device_status: device 0x2 of type 0 for Event 0
08-06 00:17:04.646 28713 28725 I art     : Starting a blocking GC Explicit
08-06 00:17:04.681 28713 28725 I art     : Explicit concurrent mark sweep GC freed 1460(82KB) AllocSpace objects, 1(20KB) LOS objects, 38% free, 25MB/41MB, paused 398us total 34.832ms
08-06 00:17:04.697 28713 28725 I art     : Starting a blocking GC Explicit
08-06 00:17:04.729 28713 28725 I art     : Explicit concurrent mark sweep GC freed 24(832B) AllocSpace objects, 0(0B) LOS objects, 38% free, 25MB/41MB, paused 228us total 31.668ms
08-06 00:17:04.742 28713 28725 I art     : Starting a blocking GC Explicit
08-06 00:17:04.770 28713 28725 I art     : Explicit concurrent mark sweep GC freed 3(96B) AllocSpace objects, 0(0B) LOS objects, 38% free, 25MB/41MB, paused 219us total 27.652ms
08-06 00:17:04.783 28713 28725 I art     : Starting a blocking GC Explicit
08-06 00:17:04.816 28713 28725 I art     : Explicit concurrent mark sweep GC freed 3(96B) AllocSpace objects, 0(0B) LOS objects, 38% free, 25MB/41MB, paused 231us total 32.703ms
08-06 00:17:04.830 28713 28725 I art     : Starting a blocking GC Explicit
08-06 00:17:04.862 28713 28725 I art     : Explicit concurrent mark sweep GC freed 3(96B) AllocSpace objects, 0(0B) LOS objects, 38% free, 25MB/41MB, paused 230us total 31.539ms
08-06 00:17:05.153 28713 28725 I art     : Starting a blocking GC Explicit
08-06 00:17:05.195 28713 28725 I art     : Explicit concurrent mark sweep GC freed 1343(79KB) AllocSpace objects, 1(20KB) LOS objects, 38% free, 25MB/41MB, paused 352us total 41.679ms
08-06 00:17:05.213 28713 28725 I art     : Starting a blocking GC Explicit
08-06 00:17:05.246 28713 28725 I art     : Explicit concurrent mark sweep GC freed 66(2528B) AllocSpace objects, 0(0B) LOS objects, 38% free, 25MB/41MB, paused 253us total 33.002ms
08-06 00:17:05.260 28713 28725 I art     : Starting a blocking GC Explicit
08-06 00:17:05.294 28713 28725 I art     : Explicit concurrent mark sweep GC freed 3(96B) AllocSpace objects, 0(0B) LOS objects, 38% free, 25MB/41MB, paused 270us total 33.316ms
08-06 00:17:05.308 28713 28725 I art     : Starting a blocking GC Explicit
08-06 00:17:05.341 28713 28725 I art     : Explicit concurrent mark sweep GC freed 3(96B) AllocSpace objects, 0(0B) LOS objects, 38% free, 25MB/41MB, paused 259us total 33.576ms
08-06 00:17:05.355 28713 28725 I art     : Starting a blocking GC Explicit
08-06 00:17:05.390 28713 28725 I art     : Explicit concurrent mark sweep GC freed 3(96B) AllocSpace objects, 0(0B) LOS objects, 38% free, 25MB/41MB, paused 260us total 34.327ms
08-06 00:17:05.536   518   646 I ThermalEngine: ACTION: GPU - Setting GPU[0] to 450000000
08-06 00:17:05.701 28713 29069 I art     : Starting a blocking GC Explicit
08-06 00:17:05.750 28713 29069 I art     : Explicit concurrent mark sweep GC freed 1343(79KB) AllocSpace objects, 1(20KB) LOS objects, 38% free, 25MB/41MB, paused 358us total 48.149ms
08-06 00:17:05.769 28713 29069 I art     : Starting a blocking GC Explicit
08-06 00:17:05.812 28713 29069 I art     : Explicit concurrent mark sweep GC freed 20(704B) AllocSpace objects, 0(0B) LOS objects, 38% free, 25MB/41MB, paused 361us total 41.904ms
08-06 00:17:05.830 28713 29069 I art     : Starting a blocking GC Explicit
08-06 00:17:05.874 28713 29069 I art     : Explicit concurrent mark sweep GC freed 3(96B) AllocSpace objects, 0(0B) LOS objects, 38% free, 25MB/41MB, paused 351us total 44.355ms
08-06 00:17:05.892 28713 29069 I art     : Starting a blocking GC Explicit
08-06 00:17:05.936 28713 29069 I art     : Explicit concurrent mark sweep GC freed 3(96B) AllocSpace objects, 0(0B) LOS objects, 38% free, 25MB/41MB, paused 342us total 43.392ms
08-06 00:17:05.954 28713 29069 I art     : Starting a blocking GC Explicit
08-06 00:17:05.999 28713 29069 I art     : Explicit concurrent mark sweep GC freed 3(96B) AllocSpace objects, 0(0B) LOS objects, 38% free, 25MB/41MB, paused 319us total 44.451ms
08-06 00:17:06.334 28713 28724 I art     : Starting a blocking GC Explicit
08-06 00:17:06.386 28713 28724 I art     : Explicit concurrent mark sweep GC freed 1343(79KB) AllocSpace objects, 1(20KB) LOS objects, 38% free, 25MB/41MB, paused 352us total 51.854ms
08-06 00:17:06.406 28713 28724 I art     : Starting a blocking GC Explicit
08-06 00:17:06.451 28713 28724 I art     : Explicit concurrent mark sweep GC freed 20(704B) AllocSpace objects, 0(0B) LOS objects, 38% free, 25MB/41MB, paused 352us total 43.788ms
08-06 00:17:06.469 28713 28724 I art     : Starting a blocking GC Explicit
08-06 00:17:06.513 28713 28724 I art     : Explicit concurrent mark sweep GC freed 3(96B) AllocSpace objects, 0(0B) LOS objects, 38% free, 25MB/41MB, paused 340us total 44.418ms
08-06 00:17:06.531 28713 28724 I art     : Starting a blocking GC Explicit
08-06 00:17:06.575 28713 28724 I art     : Explicit concurrent mark sweep GC freed 3(96B) AllocSpace objects, 0(0B) LOS objects, 38% free, 25MB/41MB, paused 344us total 44.040ms
08-06 00:17:06.594 28713 28724 I art     : Starting a blocking GC Explicit
08-06 00:17:06.638 28713 28724 I art     : Explicit concurrent mark sweep GC freed 3(96B) AllocSpace objects, 0(0B) LOS objects, 38% free, 25MB/41MB, paused 348us total 44.354ms
08-06 00:17:06.986 28713 28734 I art     : Starting a blocking GC Explicit
08-06 00:17:07.014 28602 28602 I ServiceManager: Waiting for service AtCmdFwd...
08-06 00:17:07.042 28713 28734 I art     : Explicit concurrent mark sweep GC freed 1344(79KB) AllocSpace objects, 1(20KB) LOS objects, 38% free, 25MB/41MB, paused 367us total 55.627ms
08-06 00:17:07.064 28713 28734 I art     : Starting a blocking GC Explicit
08-06 00:17:07.108 28713 28734 I art     : Explicit concurrent mark sweep GC freed 20(704B) AllocSpace objects, 0(0B) LOS objects, 38% free, 25MB/41MB, paused 355us total 43.190ms
08-06 00:17:07.129 28713 28734 I art     : Starting a blocking GC Explicit
08-06 00:17:07.170 28713 28734 I art     : Explicit concurrent mark sweep GC freed 3(96B) AllocSpace objects, 0(0B) LOS objects, 38% free, 25MB/41MB, paused 321us total 40.780ms
08-06 00:17:07.188 28713 28734 I art     : Starting a blocking GC Explicit
08-06 00:17:07.233 28713 28734 I art     : Explicit concurrent mark sweep GC freed 3(96B) AllocSpace objects, 0(0B) LOS objects, 38% free, 25MB/41MB, paused 371us total 45.257ms
08-06 00:17:07.255 28713 28734 I art     : Starting a blocking GC Explicit
08-06 00:17:07.298 28713 28734 I art     : Explicit concurrent mark sweep GC freed 3(96B) AllocSpace objects, 0(0B) LOS objects, 38% free, 25MB/41MB, paused 350us total 43.100ms
08-06 00:17:07.634 28713 28725 I art     : Starting a blocking GC Explicit
08-06 00:17:07.682 28713 28725 I art     : Explicit concurrent mark sweep GC freed 1347(79KB) AllocSpace objects, 1(20KB) LOS objects, 38% free, 25MB/41MB, paused 429us total 48.101ms
08-06 00:17:07.704 28713 28725 I art     : Starting a blocking GC Explicit
08-06 00:17:07.750 28713 28725 I art     : Explicit concurrent mark sweep GC freed 20(704B) AllocSpace objects, 0(0B) LOS objects, 38% free, 25MB/41MB, paused 327us total 45.928ms
08-06 00:17:07.768 28713 28725 I art     : Starting a blocking GC Explicit
08-06 00:17:07.811 28713 28725 I art     : Explicit concurrent mark sweep GC freed 3(96B) AllocSpace objects, 0(0B) LOS objects, 38% free, 25MB/41MB, paused 358us total 42.937ms
08-06 00:17:07.830 28713 28725 I art     : Starting a blocking GC Explicit
08-06 00:17:07.874 28713 28725 I art     : Explicit concurrent mark sweep GC freed 3(96B) AllocSpace objects, 0(0B) LOS objects, 38% free, 25MB/41MB, paused 356us total 44.327ms
08-06 00:17:07.892 28713 28725 I art     : Starting a blocking GC Explicit
08-06 00:17:07.936 28713 28725 I art     : Explicit concurrent mark sweep GC freed 3(96B) AllocSpace objects, 0(0B) LOS objects, 38% free, 25MB/41MB, paused 358us total 43.441ms
08-06 00:17:08.015 28602 28602 I ServiceManager: Waiting for service AtCmdFwd...
08-06 00:17:08.220 28713 29069 I art     : Starting a blocking GC Explicit
08-06 00:17:08.263 28713 29069 I art     : Explicit concurrent mark sweep GC freed 1344(79KB) AllocSpace objects, 1(20KB) LOS objects, 38% free, 25MB/41MB, paused 366us total 42.675ms
08-06 00:17:08.284 28713 29069 I art     : Starting a blocking GC Explicit
08-06 00:17:08.322 28713 29069 I art     : Explicit concurrent mark sweep GC freed 20(704B) AllocSpace objects, 0(0B) LOS objects, 38% free, 25MB/41MB, paused 340us total 37.733ms
08-06 00:17:08.340 28713 29069 I art     : Starting a blocking GC Explicit
08-06 00:17:08.381 28713 29069 I art     : Explicit concurrent mark sweep GC freed 3(96B) AllocSpace objects, 0(0B) LOS objects, 38% free, 25MB/41MB, paused 340us total 40.559ms
08-06 00:17:08.398 28713 29069 I art     : Starting a blocking GC Explicit
08-06 00:17:08.440 28713 29069 I art     : Explicit concurrent mark sweep GC freed 3(96B) AllocSpace objects, 0(0B) LOS objects, 38% free, 25MB/41MB, paused 344us total 41.646ms
08-06 00:17:08.458 28713 29069 I art     : Starting a blocking GC Explicit
08-06 00:17:08.501 28713 29069 I art     : Explicit concurrent mark sweep GC freed 3(96B) AllocSpace objects, 0(0B) LOS objects, 38% free, 25MB/41MB, paused 347us total 42.849ms
08-06 00:17:08.542   518   646 I ThermalEngine: ACTION: GPU - Setting GPU[0] to 510000000
08-06 00:17:08.610 29654 29654 D AndroidRuntime: >>>>>> START com.android.internal.os.RuntimeInit uid 2000 <<<<<<
08-06 00:17:08.617 29654 29654 D AndroidRuntime: CheckJNI is OFF
08-06 00:17:08.656 29654 29654 D ICU     : No timezone override file found: /data/misc/zoneinfo/current/icu/icu_tzdata.dat
08-06 00:17:08.690 29654 29654 I Radio-JNI: register_android_hardware_Radio DONE
08-06 00:17:08.711 29654 29654 D AndroidRuntime: Calling main entry com.android.commands.input.Input
08-06 00:17:08.712 29654 29654 I Input   : injectKeyEvent: KeyEvent { action=ACTION_DOWN, keyCode=KEYCODE_BACK, scanCode=0, metaState=0, flags=0x0, repeatCount=0, eventTime=836245125, downTime=836245125, deviceId=-1, source=0x101 }
08-06 00:17:08.718 29654 29654 I Input   : injectKeyEvent: KeyEvent { action=ACTION_UP, keyCode=KEYCODE_BACK, scanCode=0, metaState=0, flags=0x0, repeatCount=0, eventTime=836245125, downTime=836245125, deviceId=-1, source=0x101 }
08-06 00:17:08.723 29654 29654 D AndroidRuntime: Shutting down VM
08-06 00:17:08.765 13866 13866 I GoogleInputMethodServic: GoogleInputMethodService.onFinishInput():3138 
08-06 00:17:08.765 13866 13866 I GoogleInputMethodServic: GoogleInputMethodService.onStartInput():1808 
08-06 00:17:08.775 28713 28725 I art     : Starting a blocking GC Explicit
08-06 00:17:08.805 28713 28725 I art     : Explicit concurrent mark sweep GC freed 1585(87KB) AllocSpace objects, 1(20KB) LOS objects, 38% free, 25MB/41MB, paused 298us total 29.892ms
08-06 00:17:08.818 28713 28725 I art     : Starting a blocking GC Explicit
08-06 00:17:08.846 28713 28725 I art     : Explicit concurrent mark sweep GC freed 26(944B) AllocSpace objects, 0(0B) LOS objects, 38% free, 25MB/41MB, paused 243us total 27.741ms
08-06 00:17:08.859 28713 28725 I art     : Starting a blocking GC Explicit
08-06 00:17:08.879 28713 29575 I RedditChangeDataIO: Writing tmp data file at '/data/user/0/baseline.org.quantumbadger.redreader/files/rr_change_data_tmp.dat'
08-06 00:17:08.879 28713 29575 I RedditChangeDataManager: Taking snapshot...
08-06 00:17:08.879 28713 29575 I RedditChangeDataManager: Writing to stream...
08-06 00:17:08.879 28713 29575 I RedditChangeDataManager: Wrote 2 entries for user ''
08-06 00:17:08.879 28713 29575 I RedditChangeDataManager: All entries written to stream.
08-06 00:17:08.880 28713 29575 I RedditChangeDataIO: Write successful. Atomically replacing data file...
08-06 00:17:08.880 28713 29575 I RedditChangeDataIO: Write complete.
08-06 00:17:08.880 28713 29575 I RedditChangeDataIO: 62 bytes written in 1 ms
08-06 00:17:08.888 28713 28725 I art     : Explicit concurrent mark sweep GC freed 73(4KB) AllocSpace objects, 1(68KB) LOS objects, 38% free, 25MB/41MB, paused 221us total 28.928ms
08-06 00:17:08.901 28713 28725 I art     : Starting a blocking GC Explicit
08-06 00:17:08.931 28713 28725 I art     : Explicit concurrent mark sweep GC freed 12(560B) AllocSpace objects, 0(0B) LOS objects, 38% free, 25MB/41MB, paused 256us total 29.795ms
08-06 00:17:08.949 28713 28725 I art     : Starting a blocking GC Explicit
08-06 00:17:08.990 28713 28725 I art     : Explicit concurrent mark sweep GC freed 3(96B) AllocSpace objects, 0(0B) LOS objects, 38% free, 25MB/41MB, paused 325us total 41.189ms
08-06 00:17:09.015 28602 28602 I ServiceManager: Waiting for service AtCmdFwd...
08-06 00:17:09.084   380   380 W SurfaceFlinger: couldn't log to binary event log: overflow.
08-06 00:17:09.239 28713 28724 I art     : Starting a blocking GC Explicit
08-06 00:17:09.282 28713 28724 I art     : Explicit concurrent mark sweep GC freed 1630(117KB) AllocSpace objects, 1(20KB) LOS objects, 38% free, 25MB/41MB, paused 269us total 42.285ms
08-06 00:17:09.297 28713 28724 I art     : Starting a blocking GC Explicit
08-06 00:17:09.329 28713 28724 I art     : Explicit concurrent mark sweep GC freed 3919(312KB) AllocSpace objects, 5(140KB) LOS objects, 39% free, 24MB/40MB, paused 234us total 32.186ms
08-06 00:17:09.343 28713 28724 I art     : Starting a blocking GC Explicit
08-06 00:17:09.374 28713 28724 I art     : Explicit concurrent mark sweep GC freed 3(96B) AllocSpace objects, 0(0B) LOS objects, 39% free, 24MB/40MB, paused 238us total 31.567ms
08-06 00:17:09.388 28713 28724 I art     : Starting a blocking GC Explicit
08-06 00:17:09.420 28713 28724 I art     : Explicit concurrent mark sweep GC freed 3(96B) AllocSpace objects, 0(0B) LOS objects, 39% free, 24MB/40MB, paused 228us total 31.425ms
08-06 00:17:09.433 28713 28724 I art     : Starting a blocking GC Explicit
08-06 00:17:09.465 28713 28724 I art     : Explicit concurrent mark sweep GC freed 3(96B) AllocSpace objects, 0(0B) LOS objects, 39% free, 24MB/40MB, paused 249us total 31.533ms
08-06 00:17:09.757 28713 29069 I art     : Starting a blocking GC Explicit
08-06 00:17:09.795 28713 29069 I art     : Explicit concurrent mark sweep GC freed 1343(79KB) AllocSpace objects, 1(20KB) LOS objects, 39% free, 24MB/40MB, paused 241us total 37.257ms
08-06 00:17:09.809 28713 29069 I art     : Starting a blocking GC Explicit
08-06 00:17:09.840 28713 29069 I art     : Explicit concurrent mark sweep GC freed 20(704B) AllocSpace objects, 0(0B) LOS objects, 39% free, 24MB/40MB, paused 231us total 30.909ms
08-06 00:17:09.853 28713 29069 I art     : Starting a blocking GC Explicit
08-06 00:17:09.884 28713 29069 I art     : Explicit concurrent mark sweep GC freed 3(96B) AllocSpace objects, 0(0B) LOS objects, 39% free, 24MB/40MB, paused 247us total 30.941ms
08-06 00:17:09.898 28713 29069 I art     : Starting a blocking GC Explicit
08-06 00:17:09.930 28713 29069 I art     : Explicit concurrent mark sweep GC freed 3(96B) AllocSpace objects, 0(0B) LOS objects, 39% free, 24MB/40MB, paused 228us total 31.606ms
08-06 00:17:09.944 28713 29069 I art     : Starting a blocking GC Explicit
08-06 00:17:09.973 28713 29069 I art     : Explicit concurrent mark sweep GC freed 3(96B) AllocSpace objects, 0(0B) LOS objects, 39% free, 24MB/40MB, paused 209us total 29.652ms
08-06 00:17:10.015 28602 28602 I ServiceManager: Waiting for service AtCmdFwd...
08-06 00:17:10.239 28713 28734 I art     : Starting a blocking GC Explicit
08-06 00:17:10.271 28713 28734 I art     : Explicit concurrent mark sweep GC freed 1343(79KB) AllocSpace objects, 1(20KB) LOS objects, 39% free, 24MB/40MB, paused 246us total 31.105ms
08-06 00:17:10.285 28713 28734 I art     : Starting a blocking GC Explicit
08-06 00:17:10.314 28713 28734 I art     : Explicit concurrent mark sweep GC freed 20(704B) AllocSpace objects, 0(0B) LOS objects, 39% free, 24MB/40MB, paused 234us total 28.854ms
08-06 00:17:10.327 28713 28734 I art     : Starting a blocking GC Explicit
08-06 00:17:10.356 28713 28734 I art     : Explicit concurrent mark sweep GC freed 3(96B) AllocSpace objects, 0(0B) LOS objects, 39% free, 24MB/40MB, paused 232us total 28.853ms
08-06 00:17:10.369 28713 28734 I art     : Starting a blocking GC Explicit
08-06 00:17:10.371 29707 29707 D AndroidRuntime: >>>>>> START com.android.internal.os.RuntimeInit uid 2000 <<<<<<
08-06 00:17:10.376 29707 29707 D AndroidRuntime: CheckJNI is OFF
08-06 00:17:10.398 28713 28734 I art     : Explicit concurrent mark sweep GC freed 3(96B) AllocSpace objects, 0(0B) LOS objects, 39% free, 24MB/40MB, paused 230us total 29.303ms
08-06 00:17:10.411 28713 28734 I art     : Starting a blocking GC Explicit
08-06 00:17:10.413 29707 29707 D ICU     : No timezone override file found: /data/misc/zoneinfo/current/icu/icu_tzdata.dat
08-06 00:17:10.441 28713 28734 I art     : Explicit concurrent mark sweep GC freed 3(96B) AllocSpace objects, 0(0B) LOS objects, 39% free, 24MB/40MB, paused 228us total 29.498ms
08-06 00:17:10.449 29707 29707 I Radio-JNI: register_android_hardware_Radio DONE
08-06 00:17:10.472 29707 29707 D AndroidRuntime: Calling main entry com.android.commands.input.Input
08-06 00:17:10.473 29707 29707 I Input   : injectMotionEvent: MotionEvent { action=ACTION_DOWN, actionButton=0, id[0]=0, x[0]=600.0, y[0]=1200.0, toolType[0]=TOOL_TYPE_UNKNOWN, buttonState=0, metaState=0, flags=0x0, edgeFlags=0x0, pointerCount=1, historySize=0, eventTime=836246886, downTime=836246886, deviceId=0, source=0x1002 }
08-06 00:17:10.479 29707 29707 I Input   : injectMotionEvent: MotionEvent { action=ACTION_UP, actionButton=0, id[0]=0, x[0]=600.0, y[0]=1200.0, toolType[0]=TOOL_TYPE_UNKNOWN, buttonState=0, metaState=0, flags=0x0, edgeFlags=0x0, pointerCount=1, historySize=0, eventTime=836246886, downTime=836246886, deviceId=0, source=0x1002 }
08-06 00:17:10.481 29707 29707 D AndroidRuntime: Shutting down VM
08-06 00:17:10.493   512  2967 D audio_hw_primary: out_set_parameters: enter: usecase(1: low-latency-playback) kvpairs: routing=2
08-06 00:17:10.495   918  3670 I ActivityManager: START u0 {dat=https://oauth.reddit.com/... cmp=baseline.org.quantumbadger.redreader/.activities.CommentListingActivity} from uid 10705 on display 0
08-06 00:17:10.507   512  2967 D audio_hw_primary: select_devices: out_snd_device(2: speaker) in_snd_device(0: none)
08-06 00:17:10.507   512  2967 D msm8974_platform: platform_send_audio_calibration: sending audio calibration for snd_device(2) acdb_id(15)
08-06 00:17:10.507   512  2967 I soundtrigger: audio_extn_sound_trigger_update_device_status: device 0x2 of type 0 for Event 1
08-06 00:17:10.517   512  2967 D audio_hw_primary: enable_snd_device: snd_device(2: speaker)
08-06 00:17:10.519 28713 28713 I AppCompatViewInflater: app:theme is now deprecated. Please move to using android:theme instead.
08-06 00:17:10.520   512  2967 D audio_hw_primary: enable_audio_route: apply and update mixer path: low-latency-playback speaker
08-06 00:17:10.535 28713 29733 D OK      : calling: https://oauth.reddit.com/comments/hza888/.json?sort=confidence
08-06 00:17:10.599   918   936 I ActivityManager: Displayed baseline.org.quantumbadger.redreader/.activities.CommentListingActivity: +95ms
08-06 00:17:10.603 13866 13866 I GoogleInputMethodServic: GoogleInputMethodService.onFinishInput():3138 
08-06 00:17:10.604 13866 13866 I GoogleInputMethodServic: GoogleInputMethodService.onStartInput():1808 
08-06 00:17:10.689 28713 29069 I art     : Starting a blocking GC Explicit
08-06 00:17:10.720 28713 29069 I art     : Explicit concurrent mark sweep GC freed 6041(295KB) AllocSpace objects, 1(20KB) LOS objects, 38% free, 25MB/41MB, paused 323us total 31.299ms
08-06 00:17:10.734 28713 29069 I art     : Starting a blocking GC Explicit
08-06 00:17:10.764 28713 29069 I art     : Explicit concurrent mark sweep GC freed 542(25KB) AllocSpace objects, 0(0B) LOS objects, 39% free, 25MB/41MB, paused 268us total 29.732ms
08-06 00:17:10.779 28713 29069 I art     : Starting a blocking GC Explicit
08-06 00:17:10.817 28713 29069 I art     : Explicit concurrent mark sweep GC freed 15(544B) AllocSpace objects, 0(0B) LOS objects, 39% free, 25MB/41MB, paused 420us total 37.868ms
08-06 00:17:10.836 28713 29069 I art     : Starting a blocking GC Explicit
08-06 00:17:10.854   380   380 W SurfaceFlinger: couldn't log to binary event log: overflow.
08-06 00:17:10.858 28713 29733 I NAPPA_EXPERIMENTATION: MetricNetworkRequestExecutionTime: REQUEST_DURATION_SYSTEM='323',REQUEST_DURATION_OKHTTP='147',REQUEST_SYNCHRONOUS='TRUE',RESPONSE_CODE='200',RESPONSE_METHOD='GET',RESPONSE_LENGTH_OKHTTP='-1',RESPONSE_LENGTH_HEADER='21928',REQUEST_PROTOCOL='h2',REQUEST_URL='https://oauth.reddit.com/comments/hza888/.json?sort=confidence',
08-06 00:17:10.858 28713 29733 D OK      : request got status: 200
08-06 00:17:10.876 28713 29069 I art     : Explicit concurrent mark sweep GC freed 486(35KB) AllocSpace objects, 0(0B) LOS objects, 38% free, 25MB/41MB, paused 362us total 39.948ms
08-06 00:17:10.877 28713 29300 I CommentListingActivity: COMMENTS session changed to 7ff933bf-dc1d-4287-8305-22512c3fb73b
08-06 00:17:10.890 28713 29069 I art     : Starting a blocking GC Explicit
08-06 00:17:10.920 28713 29069 I art     : Explicit concurrent mark sweep GC freed 2304(160KB) AllocSpace objects, 0(0B) LOS objects, 38% free, 25MB/41MB, paused 444us total 29.820ms
08-06 00:17:11.016 28602 28602 I ServiceManager: Waiting for service AtCmdFwd...
08-06 00:17:11.058   512  2967 D audio_hw_primary: disable_audio_route: reset and update mixer path: low-latency-playback speaker
08-06 00:17:11.059   512  2967 D audio_hw_primary: disable_snd_device: snd_device(2: speaker)
08-06 00:17:11.067   512  2967 I soundtrigger: audio_extn_sound_trigger_update_device_status: device 0x2 of type 0 for Event 0
08-06 00:17:11.171 28713 28724 I art     : Starting a blocking GC Explicit
08-06 00:17:11.207 28713 28724 I art     : Explicit concurrent mark sweep GC freed 16700(961KB) AllocSpace objects, 3(156KB) LOS objects, 37% free, 26MB/42MB, paused 245us total 36.050ms
08-06 00:17:11.221 28713 28724 I art     : Starting a blocking GC Explicit
08-06 00:17:11.255 28713 28724 I art     : Explicit concurrent mark sweep GC freed 77(3KB) AllocSpace objects, 0(0B) LOS objects, 37% free, 26MB/42MB, paused 248us total 33.737ms
08-06 00:17:11.268 28713 28724 I art     : Starting a blocking GC Explicit
08-06 00:17:11.301 28713 28724 I art     : Explicit concurrent mark sweep GC freed 3(96B) AllocSpace objects, 0(0B) LOS objects, 37% free, 26MB/42MB, paused 232us total 32.858ms
08-06 00:17:11.315 28713 28724 I art     : Starting a blocking GC Explicit
08-06 00:17:11.348 28713 28724 I art     : Explicit concurrent mark sweep GC freed 3(96B) AllocSpace objects, 0(0B) LOS objects, 37% free, 26MB/42MB, paused 237us total 32.871ms
08-06 00:17:11.361 28713 28724 I art     : Starting a blocking GC Explicit
08-06 00:17:11.396 28713 28724 I art     : Explicit concurrent mark sweep GC freed 3(96B) AllocSpace objects, 0(0B) LOS objects, 37% free, 26MB/42MB, paused 235us total 34.780ms
08-06 00:17:11.551   518   646 I ThermalEngine: ACTION: GPU - Setting GPU[0] to 450000000
08-06 00:17:11.694 28713 29069 I art     : Starting a blocking GC Explicit
08-06 00:17:11.747 28713 29069 I art     : Explicit concurrent mark sweep GC freed 1343(80KB) AllocSpace objects, 1(20KB) LOS objects, 37% free, 26MB/42MB, paused 355us total 53.237ms
08-06 00:17:11.769 28713 29069 I art     : Starting a blocking GC Explicit
08-06 00:17:11.816 28713 29069 I art     : Explicit concurrent mark sweep GC freed 66(2528B) AllocSpace objects, 0(0B) LOS objects, 37% free, 26MB/42MB, paused 343us total 46.611ms
08-06 00:17:11.834 28713 29069 I art     : Starting a blocking GC Explicit
08-06 00:17:11.882 28713 29069 I art     : Explicit concurrent mark sweep GC freed 3(96B) AllocSpace objects, 0(0B) LOS objects, 37% free, 26MB/42MB, paused 341us total 47.386ms
08-06 00:17:11.901 28713 29069 I art     : Starting a blocking GC Explicit
08-06 00:17:11.948 28713 29069 I art     : Explicit concurrent mark sweep GC freed 3(96B) AllocSpace objects, 0(0B) LOS objects, 37% free, 26MB/42MB, paused 341us total 47.034ms
08-06 00:17:11.966 28713 29069 I art     : Starting a blocking GC Explicit
08-06 00:17:12.013 28713 29069 I art     : Explicit concurrent mark sweep GC freed 3(96B) AllocSpace objects, 0(0B) LOS objects, 37% free, 26MB/42MB, paused 322us total 46.458ms
08-06 00:17:12.016 28602 28602 W Atfwd_Sendcmd: AtCmdFwd service not published, waiting... retryCnt : 1
08-06 00:17:12.340 28713 28724 I art     : Starting a blocking GC Explicit
08-06 00:17:12.402 28713 28724 I art     : Explicit concurrent mark sweep GC freed 1343(80KB) AllocSpace objects, 1(20KB) LOS objects, 37% free, 26MB/42MB, paused 375us total 61.005ms
08-06 00:17:12.424 28713 28724 I art     : Starting a blocking GC Explicit
08-06 00:17:12.478 28713 28724 I art     : Explicit concurrent mark sweep GC freed 20(704B) AllocSpace objects, 0(0B) LOS objects, 37% free, 26MB/42MB, paused 335us total 54.277ms
08-06 00:17:12.497 28713 28724 I art     : Starting a blocking GC Explicit
08-06 00:17:12.552 28713 28724 I art     : Explicit concurrent mark sweep GC freed 3(96B) AllocSpace objects, 0(0B) LOS objects, 37% free, 26MB/42MB, paused 376us total 54.897ms
08-06 00:17:12.575 28713 28724 I art     : Starting a blocking GC Explicit
08-06 00:17:12.625 28713 28724 I art     : Explicit concurrent mark sweep GC freed 3(96B) AllocSpace objects, 0(0B) LOS objects, 37% free, 26MB/42MB, paused 322us total 49.984ms
08-06 00:17:12.644 28713 28724 I art     : Starting a blocking GC Explicit
08-06 00:17:12.697 28713 28724 I art     : Explicit concurrent mark sweep GC freed 3(96B) AllocSpace objects, 0(0B) LOS objects, 37% free, 26MB/42MB, paused 342us total 52.785ms
08-06 00:17:12.987 28713 28734 I art     : Starting a blocking GC Explicit
08-06 00:17:13.046 28713 28734 I art     : Explicit concurrent mark sweep GC freed 1343(80KB) AllocSpace objects, 1(20KB) LOS objects, 37% free, 26MB/42MB, paused 376us total 58.173ms
08-06 00:17:13.068 28713 28734 I art     : Starting a blocking GC Explicit
08-06 00:17:13.116 28713 28734 I art     : Explicit concurrent mark sweep GC freed 20(704B) AllocSpace objects, 0(0B) LOS objects, 37% free, 26MB/42MB, paused 337us total 46.799ms
08-06 00:17:13.134 28713 28734 I art     : Starting a blocking GC Explicit
08-06 00:17:13.150   918  3261 D WifiStateMachine: starting scan for "H369AA63323"WPA_PSK with 2412,5180
08-06 00:17:13.183 28713 28734 I art     : Explicit concurrent mark sweep GC freed 3(96B) AllocSpace objects, 0(0B) LOS objects, 37% free, 26MB/42MB, paused 333us total 48.646ms
08-06 00:17:13.202 28713 28734 I art     : Starting a blocking GC Explicit
08-06 00:17:13.249 28713 28734 I art     : Explicit concurrent mark sweep GC freed 3(96B) AllocSpace objects, 0(0B) LOS objects, 37% free, 26MB/42MB, paused 337us total 46.913ms
08-06 00:17:13.267 28713 28734 I art     : Starting a blocking GC Explicit
08-06 00:17:13.298 29777 29777 D AndroidRuntime: >>>>>> START com.android.internal.os.RuntimeInit uid 2000 <<<<<<
08-06 00:17:13.303 29777 29777 D AndroidRuntime: CheckJNI is OFF
08-06 00:17:13.317 28713 28734 I art     : Explicit concurrent mark sweep GC freed 3(96B) AllocSpace objects, 0(0B) LOS objects, 37% free, 26MB/42MB, paused 339us total 48.988ms
08-06 00:17:13.351 29777 29777 D ICU     : No timezone override file found: /data/misc/zoneinfo/current/icu/icu_tzdata.dat
08-06 00:17:13.396 29777 29777 I Radio-JNI: register_android_hardware_Radio DONE
08-06 00:17:13.427 29777 29777 D AndroidRuntime: Calling main entry com.android.commands.input.Input
08-06 00:17:13.429 29777 29777 I Input   : injectKeyEvent: KeyEvent { action=ACTION_DOWN, keyCode=KEYCODE_BACK, scanCode=0, metaState=0, flags=0x0, repeatCount=0, eventTime=836249842, downTime=836249842, deviceId=-1, source=0x101 }
08-06 00:17:13.436 29777 29777 I Input   : injectKeyEvent: KeyEvent { action=ACTION_UP, keyCode=KEYCODE_BACK, scanCode=0, metaState=0, flags=0x0, repeatCount=0, eventTime=836249842, downTime=836249842, deviceId=-1, source=0x101 }
08-06 00:17:13.443 29777 29777 D AndroidRuntime: Shutting down VM
08-06 00:17:13.488 13866 13866 I GoogleInputMethodServic: GoogleInputMethodService.onFinishInput():3138 
08-06 00:17:13.488 13866 13866 I GoogleInputMethodServic: GoogleInputMethodService.onStartInput():1808 
08-06 00:17:13.600 28713 29069 I art     : Starting a blocking GC Explicit
08-06 00:17:13.643 28713 29069 I art     : Explicit concurrent mark sweep GC freed 1597(89KB) AllocSpace objects, 1(20KB) LOS objects, 37% free, 26MB/42MB, paused 314us total 42.862ms
08-06 00:17:13.663 28713 29069 I art     : Starting a blocking GC Explicit
08-06 00:17:13.716 28713 29069 I art     : Explicit concurrent mark sweep GC freed 24(864B) AllocSpace objects, 0(0B) LOS objects, 37% free, 26MB/42MB, paused 547us total 53.183ms
08-06 00:17:13.736 28713 29069 I art     : Starting a blocking GC Explicit
08-06 00:17:13.787 28713 29069 I art     : Explicit concurrent mark sweep GC freed 3(96B) AllocSpace objects, 0(0B) LOS objects, 37% free, 26MB/42MB, paused 330us total 50.740ms
08-06 00:17:13.789   380   380 W SurfaceFlinger: couldn't log to binary event log: overflow.
08-06 00:17:13.810 28713 29069 I art     : Starting a blocking GC Explicit
08-06 00:17:13.852 28713 29069 I art     : Explicit concurrent mark sweep GC freed 55(2064B) AllocSpace objects, 0(0B) LOS objects, 37% free, 26MB/42MB, paused 338us total 41.637ms
08-06 00:17:13.869 28713 29069 I art     : Starting a blocking GC Explicit
08-06 00:17:13.907 28713 29069 I art     : Explicit concurrent mark sweep GC freed 22976(1247KB) AllocSpace objects, 5(164KB) LOS objects, 39% free, 24MB/40MB, paused 329us total 37.839ms
08-06 00:17:14.211 28713 28725 I art     : Starting a blocking GC Explicit
08-06 00:17:14.261 28713 28725 I art     : Explicit concurrent mark sweep GC freed 1344(80KB) AllocSpace objects, 1(20KB) LOS objects, 39% free, 24MB/40MB, paused 361us total 50.442ms
08-06 00:17:14.281 28713 28725 I art     : Starting a blocking GC Explicit
08-06 00:17:14.320 28713 28725 I art     : Explicit concurrent mark sweep GC freed 20(704B) AllocSpace objects, 0(0B) LOS objects, 39% free, 24MB/40MB, paused 322us total 38.692ms
08-06 00:17:14.338 28713 28725 I art     : Starting a blocking GC Explicit
08-06 00:17:14.376 28713 28725 I art     : Explicit concurrent mark sweep GC freed 3(96B) AllocSpace objects, 0(0B) LOS objects, 39% free, 24MB/40MB, paused 341us total 38.363ms
08-06 00:17:14.394 28713 28725 I art     : Starting a blocking GC Explicit
08-06 00:17:14.409   918   930 I UsageStatsService: User[0] Flushing usage stats to disk
08-06 00:17:14.430 28713 28725 I art     : Explicit concurrent mark sweep GC freed 3(96B) AllocSpace objects, 0(0B) LOS objects, 39% free, 24MB/40MB, paused 319us total 36.448ms
08-06 00:17:14.447 28713 28725 I art     : Starting a blocking GC Explicit
08-06 00:17:14.483 28713 28725 I art     : Explicit concurrent mark sweep GC freed 3(96B) AllocSpace objects, 0(0B) LOS objects, 39% free, 24MB/40MB, paused 376us total 35.944ms
08-06 00:17:14.769 28713 28734 I art     : Starting a blocking GC Explicit
08-06 00:17:14.807 28713 28734 I art     : Explicit concurrent mark sweep GC freed 1347(80KB) AllocSpace objects, 1(20KB) LOS objects, 39% free, 24MB/40MB, paused 341us total 37.683ms
08-06 00:17:14.824 28713 28734 I art     : Starting a blocking GC Explicit
08-06 00:17:14.860 28713 28734 I art     : Explicit concurrent mark sweep GC freed 20(704B) AllocSpace objects, 0(0B) LOS objects, 39% free, 24MB/40MB, paused 330us total 35.621ms
08-06 00:17:14.877 28713 28734 I art     : Starting a blocking GC Explicit
08-06 00:17:14.914 28713 28734 I art     : Explicit concurrent mark sweep GC freed 3(96B) AllocSpace objects, 0(0B) LOS objects, 39% free, 24MB/40MB, paused 341us total 36.483ms
08-06 00:17:14.931 28713 28734 I art     : Starting a blocking GC Explicit
08-06 00:17:14.969 28713 28734 I art     : Explicit concurrent mark sweep GC freed 3(96B) AllocSpace objects, 0(0B) LOS objects, 39% free, 24MB/40MB, paused 342us total 37.214ms
08-06 00:17:14.986 28713 28734 I art     : Starting a blocking GC Explicit
08-06 00:17:15.024 28713 28734 I art     : Explicit concurrent mark sweep GC freed 3(96B) AllocSpace objects, 0(0B) LOS objects, 39% free, 24MB/40MB, paused 333us total 37.736ms
08-06 00:17:15.234 29827 29827 D AndroidRuntime: >>>>>> START com.android.internal.os.RuntimeInit uid 2000 <<<<<<
08-06 00:17:15.240 29827 29827 D AndroidRuntime: CheckJNI is OFF
08-06 00:17:15.281 29827 29827 D ICU     : No timezone override file found: /data/misc/zoneinfo/current/icu/icu_tzdata.dat
08-06 00:17:15.323 29827 29827 I Radio-JNI: register_android_hardware_Radio DONE
08-06 00:17:15.348 28713 28724 I art     : Starting a blocking GC Explicit
08-06 00:17:15.352 29827 29827 D AndroidRuntime: Calling main entry com.android.commands.input.Input
08-06 00:17:15.354 29827 29827 I Input   : injectMotionEvent: MotionEvent { action=ACTION_DOWN, actionButton=0, id[0]=0, x[0]=600.0, y[0]=950.0, toolType[0]=TOOL_TYPE_UNKNOWN, buttonState=0, metaState=0, flags=0x0, edgeFlags=0x0, pointerCount=1, historySize=0, eventTime=836251767, downTime=836251767, deviceId=0, source=0x1002 }
08-06 00:17:15.359 29827 29827 I Input   : injectMotionEvent: MotionEvent { action=ACTION_UP, actionButton=0, id[0]=0, x[0]=600.0, y[0]=950.0, toolType[0]=TOOL_TYPE_UNKNOWN, buttonState=0, metaState=0, flags=0x0, edgeFlags=0x0, pointerCount=1, historySize=0, eventTime=836251767, downTime=836251767, deviceId=0, source=0x1002 }
08-06 00:17:15.364 29827 29827 D AndroidRuntime: Shutting down VM
08-06 00:17:15.381   512  2967 D audio_hw_primary: out_set_parameters: enter: usecase(1: low-latency-playback) kvpairs: routing=2
08-06 00:17:15.387 28713 28724 I art     : Explicit concurrent mark sweep GC freed 1367(81KB) AllocSpace objects, 1(20KB) LOS objects, 39% free, 24MB/40MB, paused 435us total 38.601ms
08-06 00:17:15.387   918   928 I ActivityManager: START u0 {dat=https://oauth.reddit.com/... cmp=baseline.org.quantumbadger.redreader/.activities.CommentListingActivity} from uid 10705 on display 0
08-06 00:17:15.395   512  2967 D audio_hw_primary: select_devices: out_snd_device(2: speaker) in_snd_device(0: none)
08-06 00:17:15.395   512  2967 D msm8974_platform: platform_send_audio_calibration: sending audio calibration for snd_device(2) acdb_id(15)
08-06 00:17:15.395   512  2967 I soundtrigger: audio_extn_sound_trigger_update_device_status: device 0x2 of type 0 for Event 1
08-06 00:17:15.408 28713 28724 I art     : Starting a blocking GC Explicit
08-06 00:17:15.409   512  2967 D audio_hw_primary: enable_snd_device: snd_device(2: speaker)
08-06 00:17:15.411   512  2967 D audio_hw_primary: enable_audio_route: apply and update mixer path: low-latency-playback speaker
08-06 00:17:15.416 28713 28713 I AppCompatViewInflater: app:theme is now deprecated. Please move to using android:theme instead.
08-06 00:17:15.439 28713 29300 I CommentListingActivity: COMMENTS session changed to 9069373b-29a5-4dc6-8ea1-07c6e280bf55
08-06 00:17:15.445 28713 28724 I art     : Explicit concurrent mark sweep GC freed 2208(164KB) AllocSpace objects, 0(0B) LOS objects, 38% free, 25MB/41MB, paused 818us total 36.627ms
08-06 00:17:15.462 28713 28724 I art     : Starting a blocking GC Explicit
08-06 00:17:15.498 28713 28724 I art     : Explicit concurrent mark sweep GC freed 2786(241KB) AllocSpace objects, 2(32KB) LOS objects, 38% free, 25MB/41MB, paused 490us total 35.371ms
08-06 00:17:15.504 28713 29732 I RedditChangeDataIO: Writing tmp data file at '/data/user/0/baseline.org.quantumbadger.redreader/files/rr_change_data_tmp.dat'
08-06 00:17:15.505 28713 29732 I RedditChangeDataManager: Taking snapshot...
08-06 00:17:15.505 28713 29732 I RedditChangeDataManager: Writing to stream...
08-06 00:17:15.505 28713 29732 I RedditChangeDataManager: Wrote 3 entries for user ''
08-06 00:17:15.505 28713 29732 I RedditChangeDataManager: All entries written to stream.
08-06 00:17:15.505 28713 29732 I RedditChangeDataIO: Write successful. Atomically replacing data file...
08-06 00:17:15.506 28713 29732 I RedditChangeDataIO: Write complete.
08-06 00:17:15.506 28713 29732 I RedditChangeDataIO: 86 bytes written in 2 ms
08-06 00:17:15.507   918   936 I ActivityManager: Displayed baseline.org.quantumbadger.redreader/.activities.CommentListingActivity: +107ms
08-06 00:17:15.515 28713 28724 I art     : Starting a blocking GC Explicit
08-06 00:17:15.529 13866 13866 I GoogleInputMethodServic: GoogleInputMethodService.onFinishInput():3138 
08-06 00:17:15.530 13866 13866 I GoogleInputMethodServic: GoogleInputMethodService.onStartInput():1808 
08-06 00:17:15.555 28713 28724 I art     : Explicit concurrent mark sweep GC freed 2068(102KB) AllocSpace objects, 1(68KB) LOS objects, 38% free, 25MB/41MB, paused 702us total 40.004ms
08-06 00:17:15.573 28713 28724 I art     : Starting a blocking GC Explicit
08-06 00:17:15.616 28713 28724 I art     : Explicit concurrent mark sweep GC freed 79(3KB) AllocSpace objects, 0(0B) LOS objects, 38% free, 25MB/41MB, paused 361us total 42.132ms
08-06 00:17:15.761   380   380 W SurfaceFlinger: couldn't log to binary event log: overflow.
08-06 00:17:15.903 28713 28734 I art     : Starting a blocking GC Explicit
08-06 00:17:15.939   512  2967 D audio_hw_primary: disable_audio_route: reset and update mixer path: low-latency-playback speaker
08-06 00:17:15.941   512  2967 D audio_hw_primary: disable_snd_device: snd_device(2: speaker)
08-06 00:17:15.941 28713 28734 I art     : Explicit concurrent mark sweep GC freed 1433(83KB) AllocSpace objects, 1(20KB) LOS objects, 38% free, 25MB/41MB, paused 332us total 38.215ms
08-06 00:17:15.949   512  2967 I soundtrigger: audio_extn_sound_trigger_update_device_status: device 0x2 of type 0 for Event 0
08-06 00:17:15.959 28713 28734 I art     : Starting a blocking GC Explicit
08-06 00:17:15.997 28713 28734 I art     : Explicit concurrent mark sweep GC freed 255(37KB) AllocSpace objects, 0(0B) LOS objects, 38% free, 25MB/41MB, paused 317us total 38.464ms
08-06 00:17:16.015 28713 28734 I art     : Starting a blocking GC Explicit
08-06 00:17:16.051 28713 28734 I art     : Explicit concurrent mark sweep GC freed 68(2272B) AllocSpace objects, 0(0B) LOS objects, 38% free, 25MB/41MB, paused 327us total 35.791ms
08-06 00:17:16.068 28713 28734 I art     : Starting a blocking GC Explicit
08-06 00:17:16.105 28713 28734 I art     : Explicit concurrent mark sweep GC freed 3(96B) AllocSpace objects, 0(0B) LOS objects, 38% free, 25MB/41MB, paused 307us total 37.001ms
08-06 00:17:16.122 28713 28734 I art     : Starting a blocking GC Explicit
08-06 00:17:16.162 28713 28734 I art     : Explicit concurrent mark sweep GC freed 49(1920B) AllocSpace objects, 0(0B) LOS objects, 38% free, 25MB/41MB, paused 311us total 39.252ms
08-06 00:17:16.461 28713 28725 I art     : Starting a blocking GC Explicit
08-06 00:17:16.510 28713 28725 I art     : Explicit concurrent mark sweep GC freed 1343(80KB) AllocSpace objects, 1(20KB) LOS objects, 38% free, 25MB/41MB, paused 333us total 49.013ms
08-06 00:17:16.530 28713 28725 I art     : Starting a blocking GC Explicit
08-06 00:17:16.569 28713 28725 I art     : Explicit concurrent mark sweep GC freed 20(704B) AllocSpace objects, 0(0B) LOS objects, 38% free, 25MB/41MB, paused 309us total 39.371ms
08-06 00:17:16.587 28713 28725 I art     : Starting a blocking GC Explicit
08-06 00:17:16.627 28713 28725 I art     : Explicit concurrent mark sweep GC freed 3(96B) AllocSpace objects, 0(0B) LOS objects, 38% free, 25MB/41MB, paused 312us total 39.725ms
08-06 00:17:16.644 28713 28725 I art     : Starting a blocking GC Explicit
08-06 00:17:16.684 28713 28725 I art     : Explicit concurrent mark sweep GC freed 3(96B) AllocSpace objects, 0(0B) LOS objects, 38% free, 25MB/41MB, paused 306us total 39.484ms
08-06 00:17:16.701 28713 28725 I art     : Starting a blocking GC Explicit
08-06 00:17:16.743 28713 28725 I art     : Explicit concurrent mark sweep GC freed 3(96B) AllocSpace objects, 0(0B) LOS objects, 38% free, 25MB/41MB, paused 331us total 41.071ms
08-06 00:17:17.017 28602 28602 I ServiceManager: Waiting for service AtCmdFwd...
08-06 00:17:17.043 28713 29069 I art     : Starting a blocking GC Explicit
08-06 00:17:17.094 28713 29069 I art     : Explicit concurrent mark sweep GC freed 1343(80KB) AllocSpace objects, 1(20KB) LOS objects, 38% free, 25MB/41MB, paused 381us total 50.608ms
08-06 00:17:17.114 28713 29069 I art     : Starting a blocking GC Explicit
08-06 00:17:17.156 28713 29069 I art     : Explicit concurrent mark sweep GC freed 20(704B) AllocSpace objects, 0(0B) LOS objects, 38% free, 25MB/41MB, paused 329us total 41.575ms
08-06 00:17:17.174 28713 29069 I art     : Starting a blocking GC Explicit
08-06 00:17:17.218 28713 29069 I art     : Explicit concurrent mark sweep GC freed 3(96B) AllocSpace objects, 0(0B) LOS objects, 38% free, 25MB/41MB, paused 316us total 44.033ms
08-06 00:17:17.236 28713 29069 I art     : Starting a blocking GC Explicit
08-06 00:17:17.279 28713 29069 I art     : Explicit concurrent mark sweep GC freed 3(96B) AllocSpace objects, 0(0B) LOS objects, 38% free, 25MB/41MB, paused 328us total 42.404ms
08-06 00:17:17.297 28713 29069 I art     : Starting a blocking GC Explicit
08-06 00:17:17.341 28713 29069 I art     : Explicit concurrent mark sweep GC freed 3(96B) AllocSpace objects, 0(0B) LOS objects, 38% free, 25MB/41MB, paused 353us total 44.169ms
08-06 00:17:17.711 28713 28724 I art     : Starting a blocking GC Explicit
08-06 00:17:17.762 28713 28724 I art     : Explicit concurrent mark sweep GC freed 1343(80KB) AllocSpace objects, 1(20KB) LOS objects, 38% free, 25MB/41MB, paused 320us total 50.668ms
08-06 00:17:17.781 28713 28724 I art     : Starting a blocking GC Explicit
08-06 00:17:17.826 28713 28724 I art     : Explicit concurrent mark sweep GC freed 20(704B) AllocSpace objects, 0(0B) LOS objects, 38% free, 25MB/41MB, paused 316us total 44.281ms
08-06 00:17:17.844 28713 28724 I art     : Starting a blocking GC Explicit
08-06 00:17:17.887 28713 28724 I art     : Explicit concurrent mark sweep GC freed 3(96B) AllocSpace objects, 0(0B) LOS objects, 38% free, 25MB/41MB, paused 412us total 43.156ms
08-06 00:17:17.905 28713 28724 I art     : Starting a blocking GC Explicit
08-06 00:17:17.951 28713 28724 I art     : Explicit concurrent mark sweep GC freed 3(96B) AllocSpace objects, 0(0B) LOS objects, 38% free, 25MB/41MB, paused 336us total 45.535ms
08-06 00:17:17.972 28713 28724 I art     : Starting a blocking GC Explicit
08-06 00:17:18.015 28713 28724 I art     : Explicit concurrent mark sweep GC freed 3(96B) AllocSpace objects, 0(0B) LOS objects, 38% free, 25MB/41MB, paused 317us total 42.227ms
08-06 00:17:18.017 28602 28602 I ServiceManager: Waiting for service AtCmdFwd...
08-06 00:17:18.356 28713 28734 I art     : Starting a blocking GC Explicit
08-06 00:17:18.407 28713 28734 I art     : Explicit concurrent mark sweep GC freed 1343(80KB) AllocSpace objects, 1(20KB) LOS objects, 38% free, 25MB/41MB, paused 341us total 50.855ms
08-06 00:17:18.426 28713 28734 I art     : Starting a blocking GC Explicit
08-06 00:17:18.471 28713 28734 I art     : Explicit concurrent mark sweep GC freed 20(704B) AllocSpace objects, 0(0B) LOS objects, 38% free, 25MB/41MB, paused 320us total 44.552ms
08-06 00:17:18.489 28713 28734 I art     : Starting a blocking GC Explicit
08-06 00:17:18.530 28713 28734 I art     : Explicit concurrent mark sweep GC freed 3(96B) AllocSpace objects, 0(0B) LOS objects, 38% free, 25MB/41MB, paused 295us total 41.294ms
08-06 00:17:18.548 28713 28734 I art     : Starting a blocking GC Explicit
08-06 00:17:18.592 28713 28734 I art     : Explicit concurrent mark sweep GC freed 3(96B) AllocSpace objects, 0(0B) LOS objects, 38% free, 25MB/41MB, paused 317us total 43.841ms
08-06 00:17:18.610 28713 28734 I art     : Starting a blocking GC Explicit
08-06 00:17:18.653 28713 28734 I art     : Explicit concurrent mark sweep GC freed 3(96B) AllocSpace objects, 0(0B) LOS objects, 38% free, 25MB/41MB, paused 315us total 42.710ms
08-06 00:17:18.981 28713 28725 I art     : Starting a blocking GC Explicit
08-06 00:17:19.018 28602 28602 I ServiceManager: Waiting for service AtCmdFwd...
08-06 00:17:19.029 28713 28725 I art     : Explicit concurrent mark sweep GC freed 1343(80KB) AllocSpace objects, 1(20KB) LOS objects, 38% free, 25MB/41MB, paused 308us total 47.942ms
08-06 00:17:19.047 28713 28725 I art     : Starting a blocking GC Explicit
08-06 00:17:19.091 28713 28725 I art     : Explicit concurrent mark sweep GC freed 20(704B) AllocSpace objects, 0(0B) LOS objects, 38% free, 25MB/41MB, paused 315us total 44.247ms
08-06 00:17:19.109 28713 28725 I art     : Starting a blocking GC Explicit
08-06 00:17:19.153 28713 28725 I art     : Explicit concurrent mark sweep GC freed 3(96B) AllocSpace objects, 0(0B) LOS objects, 38% free, 25MB/41MB, paused 310us total 43.147ms
08-06 00:17:19.171 28713 28725 I art     : Starting a blocking GC Explicit
08-06 00:17:19.215 28713 28725 I art     : Explicit concurrent mark sweep GC freed 3(96B) AllocSpace objects, 0(0B) LOS objects, 38% free, 25MB/41MB, paused 322us total 43.989ms
08-06 00:17:19.233 28713 28725 I art     : Starting a blocking GC Explicit
08-06 00:17:19.276 28713 28725 I art     : Explicit concurrent mark sweep GC freed 3(96B) AllocSpace objects, 0(0B) LOS objects, 38% free, 25MB/41MB, paused 320us total 42.435ms
08-06 00:17:19.564   518   646 I ThermalEngine: ACTION: GPU - Setting GPU[0] to 510000000
08-06 00:17:19.592 28713 29069 I art     : Starting a blocking GC Explicit
08-06 00:17:19.634 28713 29069 I art     : Explicit concurrent mark sweep GC freed 1345(80KB) AllocSpace objects, 1(20KB) LOS objects, 38% free, 25MB/41MB, paused 232us total 42.370ms
08-06 00:17:19.647 28713 29069 I art     : Starting a blocking GC Explicit
08-06 00:17:19.679 28713 29069 I art     : Explicit concurrent mark sweep GC freed 20(704B) AllocSpace objects, 0(0B) LOS objects, 38% free, 25MB/41MB, paused 248us total 31.044ms
08-06 00:17:19.692 28713 29069 I art     : Starting a blocking GC Explicit
08-06 00:17:19.723 28713 29069 I art     : Explicit concurrent mark sweep GC freed 3(96B) AllocSpace objects, 0(0B) LOS objects, 38% free, 25MB/41MB, paused 239us total 30.527ms
08-06 00:17:19.736 28713 29069 I art     : Starting a blocking GC Explicit
08-06 00:17:19.767 28713 29069 I art     : Explicit concurrent mark sweep GC freed 3(96B) AllocSpace objects, 0(0B) LOS objects, 38% free, 25MB/41MB, paused 296us total 30.829ms
08-06 00:17:19.780 28713 29069 I art     : Starting a blocking GC Explicit
08-06 00:17:19.811 28713 29069 I art     : Explicit concurrent mark sweep GC freed 3(96B) AllocSpace objects, 0(0B) LOS objects, 38% free, 25MB/41MB, paused 238us total 30.547ms
08-06 00:17:20.019 28602 28602 I ServiceManager: Waiting for service AtCmdFwd...
08-06 00:17:20.020 29927 29927 D AndroidRuntime: >>>>>> START com.android.internal.os.RuntimeInit uid 2000 <<<<<<
08-06 00:17:20.025 29927 29927 D AndroidRuntime: CheckJNI is OFF
08-06 00:17:20.057 29927 29927 D ICU     : No timezone override file found: /data/misc/zoneinfo/current/icu/icu_tzdata.dat
08-06 00:17:20.090 29927 29927 I Radio-JNI: register_android_hardware_Radio DONE
08-06 00:17:20.105 28713 28724 I art     : Starting a blocking GC Explicit
08-06 00:17:20.112 29927 29927 D AndroidRuntime: Calling main entry com.android.commands.input.Input
08-06 00:17:20.114 29927 29927 I Input   : injectKeyEvent: KeyEvent { action=ACTION_DOWN, keyCode=KEYCODE_BACK, scanCode=0, metaState=0, flags=0x0, repeatCount=0, eventTime=836256527, downTime=836256527, deviceId=-1, source=0x101 }
08-06 00:17:20.119 29927 29927 I Input   : injectKeyEvent: KeyEvent { action=ACTION_UP, keyCode=KEYCODE_BACK, scanCode=0, metaState=0, flags=0x0, repeatCount=0, eventTime=836256527, downTime=836256527, deviceId=-1, source=0x101 }
08-06 00:17:20.126 29927 29927 D AndroidRuntime: Shutting down VM
08-06 00:17:20.137 28713 28724 I art     : Explicit concurrent mark sweep GC freed 1459(84KB) AllocSpace objects, 1(20KB) LOS objects, 38% free, 25MB/41MB, paused 309us total 32.227ms
08-06 00:17:20.149 28713 28724 I art     : Starting a blocking GC Explicit
08-06 00:17:20.159 13866 13866 I GoogleInputMethodServic: GoogleInputMethodService.onFinishInput():3138 
08-06 00:17:20.160 13866 13866 I GoogleInputMethodServic: GoogleInputMethodService.onStartInput():1808 
08-06 00:17:20.177 28713 28724 I art     : Explicit concurrent mark sweep GC freed 106(4KB) AllocSpace objects, 0(0B) LOS objects, 38% free, 25MB/41MB, paused 270us total 27.445ms
08-06 00:17:20.190 28713 28724 I art     : Starting a blocking GC Explicit
08-06 00:17:20.220 28713 28724 I art     : Explicit concurrent mark sweep GC freed 48(1568B) AllocSpace objects, 0(0B) LOS objects, 38% free, 25MB/41MB, paused 216us total 29.488ms
08-06 00:17:20.232 28713 28724 I art     : Starting a blocking GC Explicit
08-06 00:17:20.258 28713 28724 I art     : Explicit concurrent mark sweep GC freed 5(176B) AllocSpace objects, 0(0B) LOS objects, 38% free, 25MB/41MB, paused 203us total 26.366ms
08-06 00:17:20.271 28713 28724 I art     : Starting a blocking GC Explicit
08-06 00:17:20.300 28713 28724 I art     : Explicit concurrent mark sweep GC freed 3(96B) AllocSpace objects, 0(0B) LOS objects, 38% free, 25MB/41MB, paused 215us total 28.121ms
08-06 00:17:20.480   380   380 W SurfaceFlinger: couldn't log to binary event log: overflow.
08-06 00:17:20.551 28713 29069 I art     : Starting a blocking GC Explicit
08-06 00:17:20.583 28713 29069 I art     : Explicit concurrent mark sweep GC freed 1395(82KB) AllocSpace objects, 1(20KB) LOS objects, 38% free, 25MB/41MB, paused 241us total 32.563ms
08-06 00:17:20.597 28713 29069 I art     : Starting a blocking GC Explicit
08-06 00:17:20.627 28713 29069 I art     : Explicit concurrent mark sweep GC freed 3855(310KB) AllocSpace objects, 5(140KB) LOS objects, 39% free, 24MB/40MB, paused 232us total 30.447ms
08-06 00:17:20.641 28713 29069 I art     : Starting a blocking GC Explicit
08-06 00:17:20.672 28713 29069 I art     : Explicit concurrent mark sweep GC freed 3(96B) AllocSpace objects, 0(0B) LOS objects, 39% free, 24MB/40MB, paused 239us total 31.424ms
08-06 00:17:20.686 28713 29069 I art     : Starting a blocking GC Explicit
08-06 00:17:20.717 28713 29069 I art     : Explicit concurrent mark sweep GC freed 3(96B) AllocSpace objects, 0(0B) LOS objects, 39% free, 24MB/40MB, paused 227us total 30.597ms
08-06 00:17:20.730 28713 29069 I art     : Starting a blocking GC Explicit
08-06 00:17:20.761 28713 29069 I art     : Explicit concurrent mark sweep GC freed 3(96B) AllocSpace objects, 0(0B) LOS objects, 39% free, 24MB/40MB, paused 260us total 30.911ms
08-06 00:17:21.019 28602 28602 I ServiceManager: Waiting for service AtCmdFwd...
08-06 00:17:21.050 28713 28734 I art     : Starting a blocking GC Explicit
08-06 00:17:21.083 28713 28734 I art     : Explicit concurrent mark sweep GC freed 1343(80KB) AllocSpace objects, 1(20KB) LOS objects, 39% free, 24MB/40MB, paused 231us total 32.190ms
08-06 00:17:21.096 28713 28734 I art     : Starting a blocking GC Explicit
08-06 00:17:21.128 28713 28734 I art     : Explicit concurrent mark sweep GC freed 20(704B) AllocSpace objects, 0(0B) LOS objects, 39% free, 24MB/40MB, paused 236us total 31.496ms
08-06 00:17:21.141 28713 28734 I art     : Starting a blocking GC Explicit
08-06 00:17:21.173 28713 28734 I art     : Explicit concurrent mark sweep GC freed 3(96B) AllocSpace objects, 0(0B) LOS objects, 39% free, 24MB/40MB, paused 234us total 31.824ms
08-06 00:17:21.187 28713 28734 I art     : Starting a blocking GC Explicit
08-06 00:17:21.218 28713 28734 I art     : Explicit concurrent mark sweep GC freed 3(96B) AllocSpace objects, 0(0B) LOS objects, 39% free, 24MB/40MB, paused 236us total 30.573ms
08-06 00:17:21.231 28713 28734 I art     : Starting a blocking GC Explicit
08-06 00:17:21.262 28713 28734 I art     : Explicit concurrent mark sweep GC freed 3(96B) AllocSpace objects, 0(0B) LOS objects, 39% free, 24MB/40MB, paused 234us total 30.796ms
08-06 00:17:21.520 28713 28725 I art     : Starting a blocking GC Explicit
08-06 00:17:21.551 28713 28725 I art     : Explicit concurrent mark sweep GC freed 1343(80KB) AllocSpace objects, 1(20KB) LOS objects, 39% free, 24MB/40MB, paused 238us total 31.209ms
08-06 00:17:21.565 28713 28725 I art     : Starting a blocking GC Explicit
08-06 00:17:21.594 28713 28725 I art     : Explicit concurrent mark sweep GC freed 20(704B) AllocSpace objects, 0(0B) LOS objects, 39% free, 24MB/40MB, paused 233us total 29.261ms
08-06 00:17:21.607 28713 28725 I art     : Starting a blocking GC Explicit
08-06 00:17:21.637 28713 28725 I art     : Explicit concurrent mark sweep GC freed 3(96B) AllocSpace objects, 0(0B) LOS objects, 39% free, 24MB/40MB, paused 226us total 29.338ms
08-06 00:17:21.650 28713 28725 I art     : Starting a blocking GC Explicit
08-06 00:17:21.680 28713 28725 I art     : Explicit concurrent mark sweep GC freed 3(96B) AllocSpace objects, 0(0B) LOS objects, 39% free, 24MB/40MB, paused 234us total 29.936ms
08-06 00:17:21.693 28713 28725 I art     : Starting a blocking GC Explicit
08-06 00:17:21.723 28713 28725 I art     : Explicit concurrent mark sweep GC freed 3(96B) AllocSpace objects, 0(0B) LOS objects, 39% free, 24MB/40MB, paused 235us total 29.808ms
08-06 00:17:21.797 29971 29971 D AndroidRuntime: >>>>>> START com.android.internal.os.RuntimeInit uid 2000 <<<<<<
08-06 00:17:21.803 29971 29971 D AndroidRuntime: CheckJNI is OFF
08-06 00:17:21.839 29971 29971 D ICU     : No timezone override file found: /data/misc/zoneinfo/current/icu/icu_tzdata.dat
08-06 00:17:21.872 29971 29971 I Radio-JNI: register_android_hardware_Radio DONE
08-06 00:17:21.893 29971 29971 D AndroidRuntime: Calling main entry com.android.commands.input.Input
08-06 00:17:21.895 29971 29971 I Input   : injectMotionEvent: MotionEvent { action=ACTION_DOWN, actionButton=0, id[0]=0, x[0]=600.0, y[0]=700.0, toolType[0]=TOOL_TYPE_UNKNOWN, buttonState=0, metaState=0, flags=0x0, edgeFlags=0x0, pointerCount=1, historySize=0, eventTime=836258308, downTime=836258308, deviceId=0, source=0x1002 }
08-06 00:17:21.903 29971 29971 I Input   : injectMotionEvent: MotionEvent { action=ACTION_UP, actionButton=0, id[0]=0, x[0]=600.0, y[0]=700.0, toolType[0]=TOOL_TYPE_UNKNOWN, buttonState=0, metaState=0, flags=0x0, edgeFlags=0x0, pointerCount=1, historySize=0, eventTime=836258308, downTime=836258308, deviceId=0, source=0x1002 }
08-06 00:17:21.906 29971 29971 D AndroidRuntime: Shutting down VM
08-06 00:17:21.922   512  2967 D audio_hw_primary: out_set_parameters: enter: usecase(1: low-latency-playback) kvpairs: routing=2
08-06 00:17:21.922   918  5952 I ActivityManager: START u0 {dat=https://oauth.reddit.com/... cmp=baseline.org.quantumbadger.redreader/.activities.CommentListingActivity} from uid 10705 on display 0
08-06 00:17:21.935   512  2967 D audio_hw_primary: select_devices: out_snd_device(2: speaker) in_snd_device(0: none)
08-06 00:17:21.935   512  2967 D msm8974_platform: platform_send_audio_calibration: sending audio calibration for snd_device(2) acdb_id(15)
08-06 00:17:21.935   512  2967 I soundtrigger: audio_extn_sound_trigger_update_device_status: device 0x2 of type 0 for Event 1
08-06 00:17:21.942 28713 28713 I AppCompatViewInflater: app:theme is now deprecated. Please move to using android:theme instead.
08-06 00:17:21.944   512  2967 D audio_hw_primary: enable_snd_device: snd_device(2: speaker)
08-06 00:17:21.946   512  2967 D audio_hw_primary: enable_audio_route: apply and update mixer path: low-latency-playback speaker
08-06 00:17:21.959 28713 29300 I CommentListingActivity: COMMENTS session changed to 512feae9-4add-4754-a470-aabae0e7ccbe
08-06 00:17:21.994 28713 28734 I art     : Starting a blocking GC Explicit
08-06 00:17:22.019 28602 28602 W Atfwd_Sendcmd: AtCmdFwd service not published, waiting... retryCnt : 2
08-06 00:17:22.024 13866 13866 I GoogleInputMethodServic: GoogleInputMethodService.onFinishInput():3138 
08-06 00:17:22.025 13866 13866 I GoogleInputMethodServic: GoogleInputMethodService.onStartInput():1808 
08-06 00:17:22.029   918   936 I ActivityManager: Displayed baseline.org.quantumbadger.redreader/.activities.CommentListingActivity: +99ms
08-06 00:17:22.045 28713 28734 I art     : Explicit concurrent mark sweep GC freed 17953(1233KB) AllocSpace objects, 2(40KB) LOS objects, 37% free, 26MB/42MB, paused 1.275ms total 50.225ms
08-06 00:17:22.059 28713 28734 I art     : Starting a blocking GC Explicit
08-06 00:17:22.106 28713 28734 I art     : Explicit concurrent mark sweep GC freed 13387(902KB) AllocSpace objects, 1(16KB) LOS objects, 36% free, 28MB/44MB, paused 1.124ms total 46.818ms
08-06 00:17:22.121 28713 28734 I art     : Starting a blocking GC Explicit
08-06 00:17:22.171 28713 28734 I art     : Explicit concurrent mark sweep GC freed 13668(892KB) AllocSpace objects, 0(0B) LOS objects, 35% free, 28MB/44MB, paused 384us total 49.393ms
08-06 00:17:22.186 28713 28734 I art     : Starting a blocking GC Explicit
08-06 00:17:22.227 28713 28734 I art     : Explicit concurrent mark sweep GC freed 20677(996KB) AllocSpace objects, 1(16KB) LOS objects, 36% free, 27MB/43MB, paused 235us total 41.317ms
08-06 00:17:22.242 28713 28734 I art     : Starting a blocking GC Explicit
08-06 00:17:22.282   380   380 W SurfaceFlinger: couldn't log to binary event log: overflow.
08-06 00:17:22.287 28713 28734 I art     : Explicit concurrent mark sweep GC freed 15(656B) AllocSpace objects, 0(0B) LOS objects, 36% free, 27MB/43MB, paused 237us total 44.924ms
08-06 00:17:22.488   512  2967 D audio_hw_primary: disable_audio_route: reset and update mixer path: low-latency-playback speaker
08-06 00:17:22.489   512  2967 D audio_hw_primary: disable_snd_device: snd_device(2: speaker)
08-06 00:17:22.496   512  2967 I soundtrigger: audio_extn_sound_trigger_update_device_status: device 0x2 of type 0 for Event 0
08-06 00:17:22.572 28713 28734 I art     : Starting a blocking GC Explicit
08-06 00:17:22.616 28713 28734 I art     : Explicit concurrent mark sweep GC freed 1436(83KB) AllocSpace objects, 1(20KB) LOS objects, 36% free, 27MB/43MB, paused 246us total 43.072ms
08-06 00:17:22.631 28713 28734 I art     : Starting a blocking GC Explicit
08-06 00:17:22.674 28713 28734 I art     : Explicit concurrent mark sweep GC freed 24(832B) AllocSpace objects, 0(0B) LOS objects, 36% free, 27MB/43MB, paused 220us total 42.445ms
08-06 00:17:22.690 28713 28734 I art     : Starting a blocking GC Explicit
08-06 00:17:22.734 28713 28734 I art     : Explicit concurrent mark sweep GC freed 3(96B) AllocSpace objects, 0(0B) LOS objects, 36% free, 27MB/43MB, paused 343us total 43.988ms
08-06 00:17:22.750 28713 28734 I art     : Starting a blocking GC Explicit
08-06 00:17:22.792 28713 28734 I art     : Explicit concurrent mark sweep GC freed 3(96B) AllocSpace objects, 0(0B) LOS objects, 36% free, 27MB/43MB, paused 224us total 42.466ms
08-06 00:17:22.793 28713 28723 I art     : WaitForGcToComplete blocked for 30.574ms for cause HeapTrim
08-06 00:17:22.808 28713 28734 I art     : Starting a blocking GC Explicit
08-06 00:17:22.850 28713 28734 I art     : Explicit concurrent mark sweep GC freed 3(96B) AllocSpace objects, 0(0B) LOS objects, 36% free, 27MB/43MB, paused 430us total 42.347ms
08-06 00:17:23.142 28713 28724 I art     : Starting a blocking GC Explicit
08-06 00:17:23.199 28713 28724 I art     : Explicit concurrent mark sweep GC freed 1343(80KB) AllocSpace objects, 1(20KB) LOS objects, 36% free, 27MB/43MB, paused 262us total 56.787ms
08-06 00:17:23.222 28713 28724 I art     : Starting a blocking GC Explicit
08-06 00:17:23.265 28713 28724 I art     : Explicit concurrent mark sweep GC freed 66(2528B) AllocSpace objects, 0(0B) LOS objects, 36% free, 27MB/43MB, paused 241us total 43.001ms
08-06 00:17:23.281 28713 28724 I art     : Starting a blocking GC Explicit
08-06 00:17:23.326 28713 28724 I art     : Explicit concurrent mark sweep GC freed 3(96B) AllocSpace objects, 0(0B) LOS objects, 36% free, 27MB/43MB, paused 239us total 45.223ms
08-06 00:17:23.342 28713 28724 I art     : Starting a blocking GC Explicit
08-06 00:17:23.386 28713 28724 I art     : Explicit concurrent mark sweep GC freed 3(96B) AllocSpace objects, 0(0B) LOS objects, 36% free, 27MB/43MB, paused 235us total 43.192ms
08-06 00:17:23.401 28713 28724 I art     : Starting a blocking GC Explicit
08-06 00:17:23.447 28713 28724 I art     : Explicit concurrent mark sweep GC freed 3(96B) AllocSpace objects, 0(0B) LOS objects, 36% free, 27MB/43MB, paused 238us total 45.277ms
08-06 00:17:23.578   518   646 I ThermalEngine: ACTION: GPU - Setting GPU[0] to 450000000
08-06 00:17:23.771 28713 28734 I art     : Starting a blocking GC Explicit
08-06 00:17:23.842 28713 28734 I art     : Explicit concurrent mark sweep GC freed 1343(80KB) AllocSpace objects, 1(20KB) LOS objects, 36% free, 27MB/43MB, paused 340us total 71.016ms
08-06 00:17:23.866 28713 28734 I art     : Starting a blocking GC Explicit
08-06 00:17:23.924 28713 28734 I art     : Explicit concurrent mark sweep GC freed 20(704B) AllocSpace objects, 0(0B) LOS objects, 36% free, 27MB/43MB, paused 333us total 58.126ms
08-06 00:17:23.944 28713 28734 I art     : Starting a blocking GC Explicit
08-06 00:17:24.010 28713 28734 I art     : Explicit concurrent mark sweep GC freed 3(96B) AllocSpace objects, 0(0B) LOS objects, 36% free, 27MB/43MB, paused 314us total 65.526ms
08-06 00:17:24.032 28713 28734 I art     : Starting a blocking GC Explicit
08-06 00:17:24.091 28713 28734 I art     : Explicit concurrent mark sweep GC freed 3(96B) AllocSpace objects, 0(0B) LOS objects, 36% free, 27MB/43MB, paused 320us total 58.436ms
08-06 00:17:24.111 28713 28734 I art     : Starting a blocking GC Explicit
08-06 00:17:24.172 28713 28734 I art     : Explicit concurrent mark sweep GC freed 3(96B) AllocSpace objects, 0(0B) LOS objects, 36% free, 27MB/43MB, paused 312us total 60.551ms
08-06 00:17:24.516 28713 28725 I art     : Starting a blocking GC Explicit
08-06 00:17:24.587 28713 28725 I art     : Explicit concurrent mark sweep GC freed 1343(80KB) AllocSpace objects, 1(20KB) LOS objects, 36% free, 27MB/43MB, paused 355us total 70.066ms
08-06 00:17:24.610 28713 28725 I art     : Starting a blocking GC Explicit
08-06 00:17:24.672 28713 28725 I art     : Explicit concurrent mark sweep GC freed 20(704B) AllocSpace objects, 0(0B) LOS objects, 36% free, 27MB/43MB, paused 356us total 61.825ms
08-06 00:17:24.695 28713 28725 I art     : Starting a blocking GC Explicit
08-06 00:17:24.759 28713 28725 I art     : Explicit concurrent mark sweep GC freed 3(96B) AllocSpace objects, 0(0B) LOS objects, 36% free, 27MB/43MB, paused 351us total 63.569ms
08-06 00:17:24.782 28713 28725 I art     : Starting a blocking GC Explicit
08-06 00:17:24.843 28713 28725 I art     : Explicit concurrent mark sweep GC freed 3(96B) AllocSpace objects, 0(0B) LOS objects, 36% free, 27MB/43MB, paused 322us total 61.185ms
08-06 00:17:24.864 28713 28725 I art     : Starting a blocking GC Explicit
08-06 00:17:24.928 28713 28725 I art     : Explicit concurrent mark sweep GC freed 3(96B) AllocSpace objects, 0(0B) LOS objects, 36% free, 27MB/43MB, paused 395us total 64.145ms
08-06 00:17:25.261 28713 29069 I art     : Starting a blocking GC Explicit
08-06 00:17:25.329 28713 29069 I art     : Explicit concurrent mark sweep GC freed 1343(80KB) AllocSpace objects, 1(20KB) LOS objects, 36% free, 27MB/43MB, paused 361us total 68.267ms
08-06 00:17:25.354 28713 29069 I art     : Starting a blocking GC Explicit
08-06 00:17:25.418 28713 29069 I art     : Explicit concurrent mark sweep GC freed 20(704B) AllocSpace objects, 0(0B) LOS objects, 36% free, 27MB/43MB, paused 335us total 63.643ms
08-06 00:17:25.440 28713 29069 I art     : Starting a blocking GC Explicit
08-06 00:17:25.501 28713 29069 I art     : Explicit concurrent mark sweep GC freed 3(96B) AllocSpace objects, 0(0B) LOS objects, 36% free, 27MB/43MB, paused 320us total 61.301ms
08-06 00:17:25.522 28713 29069 I art     : Starting a blocking GC Explicit
08-06 00:17:25.579 28713 29069 I art     : Explicit concurrent mark sweep GC freed 3(96B) AllocSpace objects, 0(0B) LOS objects, 36% free, 27MB/43MB, paused 325us total 57.535ms
08-06 00:17:25.600 28713 29069 I art     : Starting a blocking GC Explicit
08-06 00:17:25.661 28713 29069 I art     : Explicit concurrent mark sweep GC freed 3(96B) AllocSpace objects, 0(0B) LOS objects, 36% free, 27MB/43MB, paused 345us total 61.517ms
08-06 00:17:26.002 28713 28724 I art     : Starting a blocking GC Explicit
08-06 00:17:26.065 28713 28724 I art     : Explicit concurrent mark sweep GC freed 1343(80KB) AllocSpace objects, 1(20KB) LOS objects, 36% free, 27MB/43MB, paused 315us total 62.452ms
08-06 00:17:26.085 28713 28724 I art     : Starting a blocking GC Explicit
08-06 00:17:26.140 28713 28724 I art     : Explicit concurrent mark sweep GC freed 20(704B) AllocSpace objects, 0(0B) LOS objects, 36% free, 27MB/43MB, paused 345us total 55.278ms
08-06 00:17:26.161 28713 28724 I art     : Starting a blocking GC Explicit
08-06 00:17:26.213 28713 28724 I art     : Explicit concurrent mark sweep GC freed 3(96B) AllocSpace objects, 0(0B) LOS objects, 36% free, 27MB/43MB, paused 317us total 52.169ms
08-06 00:17:26.232 28713 28724 I art     : Starting a blocking GC Explicit
08-06 00:17:26.288 28713 28724 I art     : Explicit concurrent mark sweep GC freed 3(96B) AllocSpace objects, 0(0B) LOS objects, 36% free, 27MB/43MB, paused 312us total 55.540ms
08-06 00:17:26.308 28713 28724 I art     : Starting a blocking GC Explicit
08-06 00:17:26.366 28713 28724 I art     : Explicit concurrent mark sweep GC freed 3(96B) AllocSpace objects, 0(0B) LOS objects, 36% free, 27MB/43MB, paused 313us total 57.320ms
08-06 00:17:26.576   518   646 I ThermalEngine: ACTION: GPU - Setting GPU[0] to 510000000
08-06 00:17:26.669 28713 28734 I art     : Starting a blocking GC Explicit
08-06 00:17:26.678 30067 30067 D AndroidRuntime: >>>>>> START com.android.internal.os.RuntimeInit uid 2000 <<<<<<
08-06 00:17:26.683 30067 30067 D AndroidRuntime: CheckJNI is OFF
08-06 00:17:26.714 28713 28734 I art     : Explicit concurrent mark sweep GC freed 1345(80KB) AllocSpace objects, 1(20KB) LOS objects, 36% free, 27MB/43MB, paused 257us total 44.671ms
08-06 00:17:26.719 30067 30067 D ICU     : No timezone override file found: /data/misc/zoneinfo/current/icu/icu_tzdata.dat
08-06 00:17:26.729 28713 28734 I art     : Starting a blocking GC Explicit
08-06 00:17:26.752 30067 30067 I Radio-JNI: register_android_hardware_Radio DONE
08-06 00:17:26.770 28713 28734 I art     : Explicit concurrent mark sweep GC freed 20(704B) AllocSpace objects, 0(0B) LOS objects, 36% free, 27MB/43MB, paused 215us total 40.413ms
08-06 00:17:26.773 30067 30067 D AndroidRuntime: Calling main entry com.android.commands.input.Input
08-06 00:17:26.774 30067 30067 I Input   : injectKeyEvent: KeyEvent { action=ACTION_DOWN, keyCode=KEYCODE_BACK, scanCode=0, metaState=0, flags=0x0, repeatCount=0, eventTime=836263187, downTime=836263187, deviceId=-1, source=0x101 }
08-06 00:17:26.780 30067 30067 I Input   : injectKeyEvent: KeyEvent { action=ACTION_UP, keyCode=KEYCODE_BACK, scanCode=0, metaState=0, flags=0x0, repeatCount=0, eventTime=836263187, downTime=836263187, deviceId=-1, source=0x101 }
08-06 00:17:26.784 28713 28734 I art     : Starting a blocking GC Explicit
08-06 00:17:26.786 30067 30067 D AndroidRuntime: Shutting down VM
08-06 00:17:26.822 28713 28734 I art     : Explicit concurrent mark sweep GC freed 129(4KB) AllocSpace objects, 0(0B) LOS objects, 36% free, 27MB/43MB, paused 221us total 38.101ms
08-06 00:17:26.827 13866 13866 I GoogleInputMethodServic: GoogleInputMethodService.onFinishInput():3138 
08-06 00:17:26.828 13866 13866 I GoogleInputMethodServic: GoogleInputMethodService.onStartInput():1808 
08-06 00:17:26.836 28713 28734 I art     : Starting a blocking GC Explicit
08-06 00:17:26.875 28713 28734 I art     : Explicit concurrent mark sweep GC freed 119(4KB) AllocSpace objects, 0(0B) LOS objects, 36% free, 27MB/43MB, paused 312us total 38.545ms
08-06 00:17:26.891 28713 28734 I art     : Starting a blocking GC Explicit
08-06 00:17:26.928 28713 28734 I art     : Explicit concurrent mark sweep GC freed 10(368B) AllocSpace objects, 0(0B) LOS objects, 36% free, 27MB/43MB, paused 204us total 37.172ms
08-06 00:17:26.930 28713 30002 I RedditChangeDataIO: Writing tmp data file at '/data/user/0/baseline.org.quantumbadger.redreader/files/rr_change_data_tmp.dat'
08-06 00:17:26.930 28713 30002 I RedditChangeDataManager: Taking snapshot...
08-06 00:17:26.930 28713 30002 I RedditChangeDataManager: Writing to stream...
08-06 00:17:26.931 28713 30002 I RedditChangeDataManager: Wrote 3 entries for user ''
08-06 00:17:26.931 28713 30002 I RedditChangeDataManager: All entries written to stream.
08-06 00:17:26.931 28713 30002 I RedditChangeDataIO: Write successful. Atomically replacing data file...
08-06 00:17:26.931 28713 30002 I RedditChangeDataIO: Write complete.
08-06 00:17:26.931 28713 30002 I RedditChangeDataIO: 86 bytes written in 1 ms
08-06 00:17:27.154   380   380 W SurfaceFlinger: couldn't log to binary event log: overflow.
08-06 00:17:27.202 28713 28734 I art     : Starting a blocking GC Explicit
08-06 00:17:27.246 28713 28734 I art     : Explicit concurrent mark sweep GC freed 1473(87KB) AllocSpace objects, 2(88KB) LOS objects, 36% free, 27MB/43MB, paused 239us total 44.032ms
08-06 00:17:27.261 28713 28734 I art     : Starting a blocking GC Explicit
08-06 00:17:27.296 28713 28734 I art     : Explicit concurrent mark sweep GC freed 46782(2MB) AllocSpace objects, 5(140KB) LOS objects, 39% free, 24MB/40MB, paused 238us total 34.805ms
08-06 00:17:27.310 28713 28734 I art     : Starting a blocking GC Explicit
08-06 00:17:27.341 28713 28734 I art     : Explicit concurrent mark sweep GC freed 3(96B) AllocSpace objects, 0(0B) LOS objects, 39% free, 24MB/40MB, paused 234us total 30.617ms
08-06 00:17:27.354 28713 28734 I art     : Starting a blocking GC Explicit
08-06 00:17:27.385 28713 28734 I art     : Explicit concurrent mark sweep GC freed 3(96B) AllocSpace objects, 0(0B) LOS objects, 39% free, 24MB/40MB, paused 239us total 30.881ms
08-06 00:17:27.398 28713 28734 I art     : Starting a blocking GC Explicit
08-06 00:17:27.430 28713 28734 I art     : Explicit concurrent mark sweep GC freed 3(96B) AllocSpace objects, 0(0B) LOS objects, 39% free, 24MB/40MB, paused 240us total 31.250ms
08-06 00:17:27.653   918  3188 I hubconnection: sensorhub said: 'set_bias 3: -5.8656, 0.0000, 0.0000'
08-06 00:17:27.724 28713 28725 I art     : Starting a blocking GC Explicit
08-06 00:17:27.767 28713 28725 I art     : Explicit concurrent mark sweep GC freed 1343(80KB) AllocSpace objects, 1(20KB) LOS objects, 39% free, 24MB/40MB, paused 266us total 43.101ms
08-06 00:17:27.784 28713 28725 I art     : Starting a blocking GC Explicit
08-06 00:17:27.815 28713 28725 I art     : Explicit concurrent mark sweep GC freed 20(704B) AllocSpace objects, 0(0B) LOS objects, 39% free, 24MB/40MB, paused 245us total 31.342ms
08-06 00:17:27.829 28713 28725 I art     : Starting a blocking GC Explicit
08-06 00:17:27.860 28713 28725 I art     : Explicit concurrent mark sweep GC freed 3(96B) AllocSpace objects, 0(0B) LOS objects, 39% free, 24MB/40MB, paused 239us total 30.657ms
08-06 00:17:27.860 28713 28723 I art     : WaitForGcToComplete blocked for 9.614ms for cause HeapTrim
08-06 00:17:27.873 28713 28725 I art     : Starting a blocking GC Explicit
08-06 00:17:27.904 28713 28725 I art     : Explicit concurrent mark sweep GC freed 3(96B) AllocSpace objects, 0(0B) LOS objects, 39% free, 24MB/40MB, paused 232us total 30.331ms
08-06 00:17:27.917 28713 28725 I art     : Starting a blocking GC Explicit
08-06 00:17:27.948 28713 28725 I art     : Explicit concurrent mark sweep GC freed 3(96B) AllocSpace objects, 0(0B) LOS objects, 39% free, 24MB/40MB, paused 256us total 30.939ms
08-06 00:17:28.201 28713 29069 I art     : Starting a blocking GC Explicit
08-06 00:17:28.232 28713 29069 I art     : Explicit concurrent mark sweep GC freed 1343(80KB) AllocSpace objects, 1(20KB) LOS objects, 39% free, 24MB/40MB, paused 257us total 30.903ms
08-06 00:17:28.246 28713 29069 I art     : Starting a blocking GC Explicit
08-06 00:17:28.275 28713 29069 I art     : Explicit concurrent mark sweep GC freed 20(704B) AllocSpace objects, 0(0B) LOS objects, 39% free, 24MB/40MB, paused 225us total 29.188ms
08-06 00:17:28.288 28713 29069 I art     : Starting a blocking GC Explicit
08-06 00:17:28.318 28713 29069 I art     : Explicit concurrent mark sweep GC freed 3(96B) AllocSpace objects, 0(0B) LOS objects, 39% free, 24MB/40MB, paused 235us total 29.091ms
08-06 00:17:28.331 28713 29069 I art     : Starting a blocking GC Explicit
08-06 00:17:28.361 28713 29069 I art     : Explicit concurrent mark sweep GC freed 3(96B) AllocSpace objects, 0(0B) LOS objects, 39% free, 24MB/40MB, paused 239us total 29.797ms
08-06 00:17:28.374 28713 29069 I art     : Starting a blocking GC Explicit
08-06 00:17:28.403 28713 29069 I art     : Explicit concurrent mark sweep GC freed 3(96B) AllocSpace objects, 0(0B) LOS objects, 39% free, 24MB/40MB, paused 238us total 29.427ms
08-06 00:17:28.465 30110 30110 D AndroidRuntime: >>>>>> START com.android.internal.os.RuntimeInit uid 2000 <<<<<<
08-06 00:17:28.470 30110 30110 D AndroidRuntime: CheckJNI is OFF
08-06 00:17:28.507 30110 30110 D ICU     : No timezone override file found: /data/misc/zoneinfo/current/icu/icu_tzdata.dat
08-06 00:17:28.545 30110 30110 I Radio-JNI: register_android_hardware_Radio DONE
08-06 00:17:28.571 30110 30110 D AndroidRuntime: Calling main entry com.android.commands.input.Input
08-06 00:17:28.573 30110 30110 I Input   : injectKeyEvent: KeyEvent { action=ACTION_DOWN, keyCode=KEYCODE_BACK, scanCode=0, metaState=0, flags=0x0, repeatCount=0, eventTime=836264985, downTime=836264985, deviceId=-1, source=0x101 }
08-06 00:17:28.578 30110 30110 I Input   : injectKeyEvent: KeyEvent { action=ACTION_UP, keyCode=KEYCODE_BACK, scanCode=0, metaState=0, flags=0x0, repeatCount=0, eventTime=836264985, downTime=836264985, deviceId=-1, source=0x101 }
08-06 00:17:28.583 30110 30110 D AndroidRuntime: Shutting down VM
08-06 00:17:28.618 13866 13866 I GoogleInputMethodServic: GoogleInputMethodService.onFinishInput():3138 
08-06 00:17:28.619 13866 13866 I GoogleInputMethodServic: GoogleInputMethodService.onStartInput():1808 
08-06 00:17:28.674 28713 28734 I art     : Starting a blocking GC Explicit
08-06 00:17:28.700 28713 28734 I art     : Explicit concurrent mark sweep GC freed 1522(86KB) AllocSpace objects, 1(20KB) LOS objects, 39% free, 24MB/40MB, paused 202us total 26.417ms
08-06 00:17:28.712 28713 28734 I art     : Starting a blocking GC Explicit
08-06 00:17:28.741 28713 28734 I art     : Explicit concurrent mark sweep GC freed 24(864B) AllocSpace objects, 0(0B) LOS objects, 39% free, 24MB/40MB, paused 208us total 28.250ms
08-06 00:17:28.756 28713 28734 I art     : Starting a blocking GC Explicit
08-06 00:17:28.788 28713 28734 I art     : Explicit concurrent mark sweep GC freed 3(96B) AllocSpace objects, 0(0B) LOS objects, 39% free, 24MB/40MB, paused 227us total 31.520ms
08-06 00:17:28.803 28713 28734 I art     : Starting a blocking GC Explicit
08-06 00:17:28.832 28713 28734 I art     : Explicit concurrent mark sweep GC freed 3(96B) AllocSpace objects, 0(0B) LOS objects, 39% free, 24MB/40MB, paused 203us total 28.617ms
08-06 00:17:28.844 28713 28734 I art     : Starting a blocking GC Explicit
08-06 00:17:28.880 28713 28734 I art     : Explicit concurrent mark sweep GC freed 3(96B) AllocSpace objects, 0(0B) LOS objects, 39% free, 24MB/40MB, paused 306us total 35.685ms
08-06 00:17:29.133 28713 28725 I art     : Starting a blocking GC Explicit
08-06 00:17:29.166 28713 28725 I art     : Explicit concurrent mark sweep GC freed 1404(82KB) AllocSpace objects, 1(20KB) LOS objects, 39% free, 24MB/40MB, paused 268us total 33.041ms
08-06 00:17:29.184 28713 28725 I art     : Starting a blocking GC Explicit
08-06 00:17:29.219 28713 28725 I art     : Explicit concurrent mark sweep GC freed 150(7KB) AllocSpace objects, 0(0B) LOS objects, 39% free, 24MB/40MB, paused 250us total 34.407ms
08-06 00:17:29.233 28713 28725 I art     : Starting a blocking GC Explicit
08-06 00:17:29.265 28713 28725 I art     : Explicit concurrent mark sweep GC freed 3(96B) AllocSpace objects, 0(0B) LOS objects, 39% free, 24MB/40MB, paused 260us total 31.637ms
08-06 00:17:29.278 28713 28725 I art     : Starting a blocking GC Explicit
08-06 00:17:29.310 28713 28725 I art     : Explicit concurrent mark sweep GC freed 3(96B) AllocSpace objects, 0(0B) LOS objects, 39% free, 24MB/40MB, paused 260us total 31.471ms
08-06 00:17:29.323 28713 28725 I art     : Starting a blocking GC Explicit
08-06 00:17:29.355 28713 28725 I art     : Explicit concurrent mark sweep GC freed 3(96B) AllocSpace objects, 0(0B) LOS objects, 39% free, 24MB/40MB, paused 259us total 31.726ms
08-06 00:17:29.584   518   646 I ThermalEngine: ACTION: GPU - Setting GPU[0] to 450000000
08-06 00:17:29.650 28713 28724 I art     : Starting a blocking GC Explicit
08-06 00:17:29.697 28713 28724 I art     : Explicit concurrent mark sweep GC freed 1343(80KB) AllocSpace objects, 1(20KB) LOS objects, 39% free, 24MB/40MB, paused 370us total 46.580ms
08-06 00:17:29.718 28713 28724 I art     : Starting a blocking GC Explicit
08-06 00:17:29.756 28713 28724 I art     : Explicit concurrent mark sweep GC freed 20(704B) AllocSpace objects, 0(0B) LOS objects, 39% free, 24MB/40MB, paused 332us total 38.494ms
08-06 00:17:29.774 28713 28724 I art     : Starting a blocking GC Explicit
08-06 00:17:29.812 28713 28724 I art     : Explicit concurrent mark sweep GC freed 3(96B) AllocSpace objects, 0(0B) LOS objects, 39% free, 24MB/40MB, paused 317us total 37.875ms
08-06 00:17:29.829 28713 28724 I art     : Starting a blocking GC Explicit
08-06 00:17:29.866 28713 28724 I art     : Explicit concurrent mark sweep GC freed 3(96B) AllocSpace objects, 0(0B) LOS objects, 39% free, 24MB/40MB, paused 359us total 36.341ms
08-06 00:17:29.883 28713 28724 I art     : Starting a blocking GC Explicit
08-06 00:17:29.919 28713 28724 I art     : Explicit concurrent mark sweep GC freed 3(96B) AllocSpace objects, 0(0B) LOS objects, 39% free, 24MB/40MB, paused 326us total 35.582ms
08-06 00:17:30.212 28713 29069 I art     : Starting a blocking GC Explicit
08-06 00:17:30.257 28713 29069 I art     : Explicit concurrent mark sweep GC freed 1343(80KB) AllocSpace objects, 1(20KB) LOS objects, 39% free, 24MB/40MB, paused 381us total 45.199ms
08-06 00:17:30.278 28713 29069 I art     : Starting a blocking GC Explicit
08-06 00:17:30.317 28713 29069 I art     : Explicit concurrent mark sweep GC freed 20(704B) AllocSpace objects, 0(0B) LOS objects, 39% free, 24MB/40MB, paused 348us total 39.030ms
08-06 00:17:30.335 28713 29069 I art     : Starting a blocking GC Explicit
08-06 00:17:30.362 30164 30164 D AndroidRuntime: >>>>>> START com.android.internal.os.RuntimeInit uid 2000 <<<<<<
08-06 00:17:30.368 30164 30164 D AndroidRuntime: CheckJNI is OFF
08-06 00:17:30.374 28713 29069 I art     : Explicit concurrent mark sweep GC freed 3(96B) AllocSpace objects, 0(0B) LOS objects, 39% free, 24MB/40MB, paused 352us total 38.714ms
08-06 00:17:30.391 28713 29069 I art     : Starting a blocking GC Explicit
08-06 00:17:30.415 30164 30164 D ICU     : No timezone override file found: /data/misc/zoneinfo/current/icu/icu_tzdata.dat
08-06 00:17:30.429 28713 29069 I art     : Explicit concurrent mark sweep GC freed 3(96B) AllocSpace objects, 0(0B) LOS objects, 39% free, 24MB/40MB, paused 328us total 38.185ms
08-06 00:17:30.447 28713 29069 I art     : Starting a blocking GC Explicit
08-06 00:17:30.462 30164 30164 I Radio-JNI: register_android_hardware_Radio DONE
08-06 00:17:30.485 28713 29069 I art     : Explicit concurrent mark sweep GC freed 3(96B) AllocSpace objects, 0(0B) LOS objects, 39% free, 24MB/40MB, paused 345us total 37.829ms
08-06 00:17:30.491 30164 30164 D AndroidRuntime: Calling main entry com.android.commands.input.Input
08-06 00:17:30.493 30164 30164 I Input   : injectMotionEvent: MotionEvent { action=ACTION_DOWN, actionButton=0, id[0]=0, x[0]=600.0, y[0]=1536.0, toolType[0]=TOOL_TYPE_UNKNOWN, buttonState=0, metaState=0, flags=0x0, edgeFlags=0x0, pointerCount=1, historySize=0, eventTime=836266906, downTime=836266906, deviceId=0, source=0x1002 }
08-06 00:17:30.499 30164 30164 I Input   : injectMotionEvent: MotionEvent { action=ACTION_UP, actionButton=0, id[0]=0, x[0]=600.0, y[0]=1536.0, toolType[0]=TOOL_TYPE_UNKNOWN, buttonState=0, metaState=0, flags=0x0, edgeFlags=0x0, pointerCount=1, historySize=0, eventTime=836266906, downTime=836266906, deviceId=0, source=0x1002 }
08-06 00:17:30.501 30164 30164 D AndroidRuntime: Shutting down VM
08-06 00:17:30.510   512  2967 D audio_hw_primary: out_set_parameters: enter: usecase(1: low-latency-playback) kvpairs: routing=2
08-06 00:17:30.510   918   928 I ActivityManager: START u0 {dat=https://oauth.reddit.com/... cmp=baseline.org.quantumbadger.redreader/.activities.PostListingActivity} from uid 10705 on display 0
08-06 00:17:30.523   512  2967 D audio_hw_primary: select_devices: out_snd_device(2: speaker) in_snd_device(0: none)
08-06 00:17:30.523   512  2967 D msm8974_platform: platform_send_audio_calibration: sending audio calibration for snd_device(2) acdb_id(15)
08-06 00:17:30.523   512  2967 I soundtrigger: audio_extn_sound_trigger_update_device_status: device 0x2 of type 0 for Event 1
08-06 00:17:30.534 28713 28713 I AppCompatViewInflater: app:theme is now deprecated. Please move to using android:theme instead.
08-06 00:17:30.535   512  2967 D audio_hw_primary: enable_snd_device: snd_device(2: speaker)
08-06 00:17:30.537   512  2967 D audio_hw_primary: enable_audio_route: apply and update mixer path: low-latency-playback speaker
08-06 00:17:30.555 28713 30188 D OK      : calling: https://oauth.reddit.com/r/askscience/about.json
08-06 00:17:30.620 13866 13866 I GoogleInputMethodServic: GoogleInputMethodService.onFinishInput():3138 
08-06 00:17:30.621 13866 13866 I GoogleInputMethodServic: GoogleInputMethodService.onStartInput():1808 
08-06 00:17:30.623   918   936 I ActivityManager: Displayed baseline.org.quantumbadger.redreader/.activities.PostListingActivity: +103ms
08-06 00:17:30.760 28713 28734 I art     : Starting a blocking GC Explicit
08-06 00:17:30.810 28713 28734 I art     : Explicit concurrent mark sweep GC freed 4904(261KB) AllocSpace objects, 1(20KB) LOS objects, 38% free, 25MB/41MB, paused 616us total 50.268ms
08-06 00:17:30.831 28713 28734 I art     : Starting a blocking GC Explicit
08-06 00:17:30.875 28713 28734 I art     : Explicit concurrent mark sweep GC freed 563(29KB) AllocSpace objects, 0(0B) LOS objects, 39% free, 25MB/41MB, paused 406us total 43.950ms
08-06 00:17:30.875   380   380 W SurfaceFlinger: couldn't log to binary event log: overflow.
08-06 00:17:30.894 28713 28734 I art     : Starting a blocking GC Explicit
08-06 00:17:30.928 28713 28734 I art     : Explicit concurrent mark sweep GC freed 7(256B) AllocSpace objects, 0(0B) LOS objects, 39% free, 25MB/41MB, paused 360us total 34.331ms
08-06 00:17:30.941 28713 30188 I NAPPA_EXPERIMENTATION: MetricNetworkRequestExecutionTime: REQUEST_DURATION_SYSTEM='386',REQUEST_DURATION_OKHTTP='147',REQUEST_SYNCHRONOUS='TRUE',RESPONSE_CODE='200',RESPONSE_METHOD='GET',RESPONSE_LENGTH_OKHTTP='-1',RESPONSE_LENGTH_HEADER='4700',REQUEST_PROTOCOL='h2',REQUEST_URL='https://oauth.reddit.com/r/askscience/about.json',
08-06 00:17:30.941 28713 30188 D OK      : request got status: 200
08-06 00:17:30.945 28713 28734 I art     : Starting a blocking GC Explicit
08-06 00:17:30.982 28713 28734 I art     : Explicit concurrent mark sweep GC freed 1203(153KB) AllocSpace objects, 2(88KB) LOS objects, 38% free, 25MB/41MB, paused 686us total 37.712ms
08-06 00:17:30.999 28713 28734 I art     : Starting a blocking GC Explicit
08-06 00:17:31.037 28713 28734 I art     : Explicit concurrent mark sweep GC freed 698(49KB) AllocSpace objects, 1(68KB) LOS objects, 38% free, 25MB/41MB, paused 517us total 38.290ms
08-06 00:17:31.079   512  2967 D audio_hw_primary: disable_audio_route: reset and update mixer path: low-latency-playback speaker
08-06 00:17:31.080   512  2967 D audio_hw_primary: disable_snd_device: snd_device(2: speaker)
08-06 00:17:31.087   512  2967 I soundtrigger: audio_extn_sound_trigger_update_device_status: device 0x2 of type 0 for Event 0
08-06 00:17:31.344 28713 29069 I art     : Starting a blocking GC Explicit
08-06 00:17:31.384 28713 29069 I art     : Explicit concurrent mark sweep GC freed 1401(82KB) AllocSpace objects, 1(20KB) LOS objects, 38% free, 25MB/41MB, paused 387us total 40.552ms
08-06 00:17:31.402 28713 29069 I art     : Starting a blocking GC Explicit
08-06 00:17:31.442 28713 29069 I art     : Explicit concurrent mark sweep GC freed 44(1728B) AllocSpace objects, 0(0B) LOS objects, 38% free, 25MB/41MB, paused 347us total 38.911ms
08-06 00:17:31.459 28713 29069 I art     : Starting a blocking GC Explicit
08-06 00:17:31.497 28713 29069 I art     : Explicit concurrent mark sweep GC freed 3(96B) AllocSpace objects, 0(0B) LOS objects, 38% free, 25MB/41MB, paused 357us total 37.838ms
08-06 00:17:31.514 28713 29069 I art     : Starting a blocking GC Explicit
08-06 00:17:31.551 28713 29069 I art     : Explicit concurrent mark sweep GC freed 3(96B) AllocSpace objects, 0(0B) LOS objects, 38% free, 25MB/41MB, paused 365us total 37.251ms
08-06 00:17:31.568 28713 29069 I art     : Starting a blocking GC Explicit
08-06 00:17:31.606 28713 29069 I art     : Explicit concurrent mark sweep GC freed 3(96B) AllocSpace objects, 0(0B) LOS objects, 38% free, 25MB/41MB, paused 359us total 37.719ms
08-06 00:17:31.756 28713 30214 D OK      : calling: https://oauth.reddit.com/r/askscience/hot/.json
08-06 00:17:31.903 28713 28725 I art     : Starting a blocking GC Explicit
08-06 00:17:31.944 28713 28725 I art     : Explicit concurrent mark sweep GC freed 1549(96KB) AllocSpace objects, 1(20KB) LOS objects, 38% free, 25MB/41MB, paused 612us total 40.440ms
08-06 00:17:31.945 28713 30214 I NAPPA_EXPERIMENTATION: MetricNetworkRequestExecutionTime: REQUEST_DURATION_SYSTEM='189',REQUEST_DURATION_OKHTTP='184',REQUEST_SYNCHRONOUS='TRUE',RESPONSE_CODE='200',RESPONSE_METHOD='GET',RESPONSE_LENGTH_OKHTTP='-1',RESPONSE_LENGTH_HEADER='21282',REQUEST_PROTOCOL='h2',REQUEST_URL='https://oauth.reddit.com/r/askscience/hot/.json',
08-06 00:17:31.945 28713 30214 D OK      : request got status: 200
08-06 00:17:31.957 28713 29300 I PostListingFragment: Precaching images: OFF
08-06 00:17:31.957 28713 29300 I PostListingFragment: Precaching comments: OFF
08-06 00:17:31.962 28713 28725 I art     : Starting a blocking GC Explicit
08-06 00:17:32.001 28713 28725 I art     : Explicit concurrent mark sweep GC freed 1144(148KB) AllocSpace objects, 0(0B) LOS objects, 38% free, 25MB/41MB, paused 885us total 38.749ms
08-06 00:17:32.017 28713 28725 I art     : Starting a blocking GC Explicit
08-06 00:17:32.020 28602 28602 I ServiceManager: Waiting for service AtCmdFwd...
08-06 00:17:32.059 28713 28725 I art     : Explicit concurrent mark sweep GC freed 3784(172KB) AllocSpace objects, 1(68KB) LOS objects, 38% free, 25MB/41MB, paused 739us total 41.193ms
08-06 00:17:32.076 28713 28725 I art     : Starting a blocking GC Explicit
08-06 00:17:32.118 28713 28725 I art     : Explicit concurrent mark sweep GC freed 2980(166KB) AllocSpace objects, 1(68KB) LOS objects, 38% free, 25MB/41MB, paused 493us total 42.086ms
08-06 00:17:32.136 28713 28725 I art     : Starting a blocking GC Explicit
08-06 00:17:32.181 28713 28725 I art     : Explicit concurrent mark sweep GC freed 3689(137KB) AllocSpace objects, 0(0B) LOS objects, 38% free, 25MB/41MB, paused 460us total 45.574ms
08-06 00:17:32.487 28713 28724 I art     : Starting a blocking GC Explicit
08-06 00:17:32.538 28713 28724 I art     : Explicit concurrent mark sweep GC freed 22792(996KB) AllocSpace objects, 1(20KB) LOS objects, 38% free, 25MB/41MB, paused 418us total 51.070ms
08-06 00:17:32.556 28713 28724 I art     : Starting a blocking GC Explicit
08-06 00:17:32.595 28713 28724 I art     : Explicit concurrent mark sweep GC freed 1132(49KB) AllocSpace objects, 0(0B) LOS objects, 38% free, 25MB/41MB, paused 390us total 38.271ms
08-06 00:17:32.613 28713 28724 I art     : Starting a blocking GC Explicit
08-06 00:17:32.655 28713 28724 I art     : Explicit concurrent mark sweep GC freed 46(1680B) AllocSpace objects, 0(0B) LOS objects, 38% free, 25MB/41MB, paused 386us total 42.168ms
08-06 00:17:32.673 28713 28724 I art     : Starting a blocking GC Explicit
08-06 00:17:32.712 28713 28724 I art     : Explicit concurrent mark sweep GC freed 25(1024B) AllocSpace objects, 0(0B) LOS objects, 38% free, 25MB/41MB, paused 314us total 38.734ms
08-06 00:17:32.729 28713 28724 I art     : Starting a blocking GC Explicit
08-06 00:17:32.766 28713 28724 I art     : Explicit concurrent mark sweep GC freed 17(768B) AllocSpace objects, 0(0B) LOS objects, 38% free, 25MB/41MB, paused 314us total 36.225ms
08-06 00:17:33.020 28602 28602 I ServiceManager: Waiting for service AtCmdFwd...
08-06 00:17:33.102 28713 29069 I art     : Starting a blocking GC Explicit
08-06 00:17:33.150 28713 29069 I art     : Explicit concurrent mark sweep GC freed 1501(87KB) AllocSpace objects, 1(20KB) LOS objects, 38% free, 25MB/41MB, paused 418us total 47.900ms
08-06 00:17:33.154   918  3261 D WifiStateMachine: starting scan for "H369AA63323"WPA_PSK with 2412,5180
08-06 00:17:33.172 28713 29069 I art     : Starting a blocking GC Explicit
08-06 00:17:33.217 28713 29069 I art     : Explicit concurrent mark sweep GC freed 20(704B) AllocSpace objects, 0(0B) LOS objects, 38% free, 25MB/41MB, paused 456us total 45.012ms
08-06 00:17:33.235 28713 29069 I art     : Starting a blocking GC Explicit
08-06 00:17:33.279 28713 29069 I art     : Explicit concurrent mark sweep GC freed 3(96B) AllocSpace objects, 0(0B) LOS objects, 38% free, 25MB/41MB, paused 339us total 44.087ms
08-06 00:17:33.297 28713 29069 I art     : Starting a blocking GC Explicit
08-06 00:17:33.342 28713 29069 I art     : Explicit concurrent mark sweep GC freed 3(96B) AllocSpace objects, 0(0B) LOS objects, 38% free, 25MB/41MB, paused 352us total 45.107ms
08-06 00:17:33.361 28713 29069 I art     : Starting a blocking GC Explicit
08-06 00:17:33.408 28713 29069 I art     : Explicit concurrent mark sweep GC freed 3(96B) AllocSpace objects, 0(0B) LOS objects, 38% free, 25MB/41MB, paused 502us total 46.472ms
08-06 00:17:33.755 28713 28725 I art     : Starting a blocking GC Explicit
08-06 00:17:33.808 28713 28725 I art     : Explicit concurrent mark sweep GC freed 1344(80KB) AllocSpace objects, 1(20KB) LOS objects, 38% free, 25MB/41MB, paused 398us total 52.128ms
08-06 00:17:33.829 28713 28725 I art     : Starting a blocking GC Explicit
08-06 00:17:33.876 28713 28725 I art     : Explicit concurrent mark sweep GC freed 20(704B) AllocSpace objects, 0(0B) LOS objects, 38% free, 25MB/41MB, paused 378us total 46.449ms
08-06 00:17:33.897 28713 28725 I art     : Starting a blocking GC Explicit
08-06 00:17:33.942 28713 28725 I art     : Explicit concurrent mark sweep GC freed 3(96B) AllocSpace objects, 0(0B) LOS objects, 38% free, 25MB/41MB, paused 373us total 44.728ms
08-06 00:17:33.960 28713 28725 I art     : Starting a blocking GC Explicit
08-06 00:17:34.009 28713 28725 I art     : Explicit concurrent mark sweep GC freed 3(96B) AllocSpace objects, 0(0B) LOS objects, 38% free, 25MB/41MB, paused 431us total 48.325ms
08-06 00:17:34.021 28602 28602 I ServiceManager: Waiting for service AtCmdFwd...
08-06 00:17:34.031 28713 28725 I art     : Starting a blocking GC Explicit
08-06 00:17:34.074 28713 28725 I art     : Explicit concurrent mark sweep GC freed 3(96B) AllocSpace objects, 0(0B) LOS objects, 38% free, 25MB/41MB, paused 376us total 43.356ms
08-06 00:17:34.415 28713 28724 I art     : Starting a blocking GC Explicit
08-06 00:17:34.473 28713 28724 I art     : Explicit concurrent mark sweep GC freed 1344(80KB) AllocSpace objects, 1(20KB) LOS objects, 38% free, 25MB/41MB, paused 387us total 57.826ms
08-06 00:17:34.494 28713 28724 I art     : Starting a blocking GC Explicit
08-06 00:17:34.537 28713 28724 I art     : Explicit concurrent mark sweep GC freed 20(704B) AllocSpace objects, 0(0B) LOS objects, 38% free, 25MB/41MB, paused 406us total 42.897ms
08-06 00:17:34.555 28713 28724 I art     : Starting a blocking GC Explicit
08-06 00:17:34.599 28713 28724 I art     : Explicit concurrent mark sweep GC freed 3(96B) AllocSpace objects, 0(0B) LOS objects, 38% free, 25MB/41MB, paused 386us total 43.966ms
08-06 00:17:34.618 28713 28724 I art     : Starting a blocking GC Explicit
08-06 00:17:34.662 28713 28724 I art     : Explicit concurrent mark sweep GC freed 3(96B) AllocSpace objects, 0(0B) LOS objects, 38% free, 25MB/41MB, paused 349us total 44.176ms
08-06 00:17:34.680 28713 28724 I art     : Starting a blocking GC Explicit
08-06 00:17:34.727 28713 28724 I art     : Explicit concurrent mark sweep GC freed 3(96B) AllocSpace objects, 0(0B) LOS objects, 38% free, 25MB/41MB, paused 505us total 46.553ms
08-06 00:17:35.022 28602 28602 I ServiceManager: Waiting for service AtCmdFwd...
08-06 00:17:35.062   918  3188 I hubconnection: sensorhub said: 'set_bias 3: -6.2400, 0.0000, 0.0000'
08-06 00:17:35.084 28713 28734 I art     : Starting a blocking GC Explicit
08-06 00:17:35.144 28713 28734 I art     : Explicit concurrent mark sweep GC freed 1343(80KB) AllocSpace objects, 1(20KB) LOS objects, 38% free, 25MB/41MB, paused 412us total 59.514ms
08-06 00:17:35.165 28713 28734 I art     : Starting a blocking GC Explicit
08-06 00:17:35.209 28713 28734 I art     : Explicit concurrent mark sweep GC freed 20(704B) AllocSpace objects, 0(0B) LOS objects, 38% free, 25MB/41MB, paused 365us total 44.172ms
08-06 00:17:35.227 28713 28734 I art     : Starting a blocking GC Explicit
08-06 00:17:35.273 28713 28734 I art     : Explicit concurrent mark sweep GC freed 3(96B) AllocSpace objects, 0(0B) LOS objects, 38% free, 25MB/41MB, paused 361us total 45.300ms
08-06 00:17:35.291 28713 28734 I art     : Starting a blocking GC Explicit
08-06 00:17:35.337 28713 28734 I art     : Explicit concurrent mark sweep GC freed 3(96B) AllocSpace objects, 0(0B) LOS objects, 38% free, 25MB/41MB, paused 352us total 45.003ms
08-06 00:17:35.355 28713 28734 I art     : Starting a blocking GC Explicit
08-06 00:17:35.402 28713 28734 I art     : Explicit concurrent mark sweep GC freed 3(96B) AllocSpace objects, 0(0B) LOS objects, 38% free, 25MB/41MB, paused 375us total 46.420ms
08-06 00:17:35.722 28713 29069 I art     : Starting a blocking GC Explicit
08-06 00:17:35.770 28713 29069 I art     : Explicit concurrent mark sweep GC freed 1347(80KB) AllocSpace objects, 1(20KB) LOS objects, 38% free, 25MB/41MB, paused 386us total 47.600ms
08-06 00:17:35.788 28713 29069 I art     : Starting a blocking GC Explicit
08-06 00:17:35.827 28713 29069 I art     : Explicit concurrent mark sweep GC freed 20(704B) AllocSpace objects, 0(0B) LOS objects, 38% free, 25MB/41MB, paused 364us total 38.357ms
08-06 00:17:35.844 28713 29069 I art     : Starting a blocking GC Explicit
08-06 00:17:35.885 28713 29069 I art     : Explicit concurrent mark sweep GC freed 3(96B) AllocSpace objects, 0(0B) LOS objects, 38% free, 25MB/41MB, paused 392us total 40.728ms
08-06 00:17:35.902 28713 29069 I art     : Starting a blocking GC Explicit
08-06 00:17:35.946 28713 29069 I art     : Explicit concurrent mark sweep GC freed 3(96B) AllocSpace objects, 0(0B) LOS objects, 38% free, 25MB/41MB, paused 380us total 43.776ms
08-06 00:17:35.964 28713 29069 I art     : Starting a blocking GC Explicit
08-06 00:17:36.008 28713 29069 I art     : Explicit concurrent mark sweep GC freed 3(96B) AllocSpace objects, 0(0B) LOS objects, 38% free, 25MB/41MB, paused 393us total 43.042ms
08-06 00:17:36.022 28602 28602 I ServiceManager: Waiting for service AtCmdFwd...
08-06 00:17:36.282 30284 30284 D AndroidRuntime: >>>>>> START com.android.internal.os.RuntimeInit uid 2000 <<<<<<
08-06 00:17:36.288 30284 30284 D AndroidRuntime: CheckJNI is OFF
08-06 00:17:36.330 28713 28725 I art     : Starting a blocking GC Explicit
08-06 00:17:36.332 30284 30284 D ICU     : No timezone override file found: /data/misc/zoneinfo/current/icu/icu_tzdata.dat
08-06 00:17:36.371 28713 28725 I art     : Explicit concurrent mark sweep GC freed 1344(80KB) AllocSpace objects, 1(20KB) LOS objects, 38% free, 25MB/41MB, paused 375us total 40.621ms
08-06 00:17:36.375 30284 30284 I Radio-JNI: register_android_hardware_Radio DONE
08-06 00:17:36.389 28713 28725 I art     : Starting a blocking GC Explicit
08-06 00:17:36.406 30284 30284 D AndroidRuntime: Calling main entry com.android.commands.input.Input
08-06 00:17:36.409 30284 30284 I Input   : injectMotionEvent: MotionEvent { action=ACTION_DOWN, actionButton=0, id[0]=0, x[0]=600.0, y[0]=700.0, toolType[0]=TOOL_TYPE_UNKNOWN, buttonState=0, metaState=0, flags=0x0, edgeFlags=0x0, pointerCount=1, historySize=0, eventTime=836272821, downTime=836272821, deviceId=0, source=0x1002 }
08-06 00:17:36.416 30284 30284 I Input   : injectMotionEvent: MotionEvent { action=ACTION_UP, actionButton=0, id[0]=0, x[0]=600.0, y[0]=700.0, toolType[0]=TOOL_TYPE_UNKNOWN, buttonState=0, metaState=0, flags=0x0, edgeFlags=0x0, pointerCount=1, historySize=0, eventTime=836272821, downTime=836272821, deviceId=0, source=0x1002 }
08-06 00:17:36.418 30284 30284 D AndroidRuntime: Shutting down VM
08-06 00:17:36.431 28713 28725 I art     : Explicit concurrent mark sweep GC freed 29(1040B) AllocSpace objects, 0(0B) LOS objects, 38% free, 25MB/41MB, paused 378us total 41.347ms
08-06 00:17:36.438   512  2967 D audio_hw_primary: out_set_parameters: enter: usecase(1: low-latency-playback) kvpairs: routing=2
08-06 00:17:36.439   918  4413 I ActivityManager: START u0 {dat=https://oauth.reddit.com/... cmp=baseline.org.quantumbadger.redreader/.activities.CommentListingActivity} from uid 10705 on display 0
08-06 00:17:36.451   512  2967 D audio_hw_primary: select_devices: out_snd_device(2: speaker) in_snd_device(0: none)
08-06 00:17:36.451   512  2967 D msm8974_platform: platform_send_audio_calibration: sending audio calibration for snd_device(2) acdb_id(15)
08-06 00:17:36.451   512  2967 I soundtrigger: audio_extn_sound_trigger_update_device_status: device 0x2 of type 0 for Event 1
08-06 00:17:36.452 28713 28725 I art     : Starting a blocking GC Explicit
08-06 00:17:36.460   512  2967 D audio_hw_primary: enable_snd_device: snd_device(2: speaker)
08-06 00:17:36.462   512  2967 D audio_hw_primary: enable_audio_route: apply and update mixer path: low-latency-playback speaker
08-06 00:17:36.466 28713 28713 I AppCompatViewInflater: app:theme is now deprecated. Please move to using android:theme instead.
08-06 00:17:36.485 28713 29300 I CommentListingActivity: COMMENTS session changed to 512feae9-4add-4754-a470-aabae0e7ccbe
08-06 00:17:36.492 28713 28725 I art     : Explicit concurrent mark sweep GC freed 2122(169KB) AllocSpace objects, 0(0B) LOS objects, 38% free, 25MB/41MB, paused 1.083ms total 40.127ms
08-06 00:17:36.511 28713 28725 I art     : Starting a blocking GC Explicit
08-06 00:17:36.569 13866 13866 I GoogleInputMethodServic: GoogleInputMethodService.onFinishInput():3138 
08-06 00:17:36.569 28713 28725 I art     : Explicit concurrent mark sweep GC freed 9430(640KB) AllocSpace objects, 1(16KB) LOS objects, 37% free, 26MB/42MB, paused 1.295ms total 58.378ms
08-06 00:17:36.569   918   936 I ActivityManager: Displayed baseline.org.quantumbadger.redreader/.activities.CommentListingActivity: +120ms
08-06 00:17:36.571 13866 13866 I GoogleInputMethodServic: GoogleInputMethodService.onStartInput():1808 
08-06 00:17:36.590 28713 28725 I art     : Starting a blocking GC Explicit
08-06 00:17:36.595   518   646 I ThermalEngine: ACTION: GPU - Setting GPU[0] to 510000000
08-06 00:17:36.658 28713 28725 I art     : Explicit concurrent mark sweep GC freed 14335(941KB) AllocSpace objects, 1(20KB) LOS objects, 35% free, 28MB/44MB, paused 1.159ms total 67.449ms
08-06 00:17:36.815   380   380 W SurfaceFlinger: couldn't log to binary event log: overflow.
08-06 00:17:36.921 28713 28725 I art     : Starting a blocking GC Explicit
08-06 00:17:36.975 28713 28725 I art     : Explicit concurrent mark sweep GC freed 39814(2MB) AllocSpace objects, 2(36KB) LOS objects, 36% free, 28MB/44MB, paused 342us total 53.793ms
08-06 00:17:36.992 28713 28725 I art     : Starting a blocking GC Explicit
08-06 00:17:36.998 28713 30223 I RedditChangeDataIO: Writing tmp data file at '/data/user/0/baseline.org.quantumbadger.redreader/files/rr_change_data_tmp.dat'
08-06 00:17:37.003 28713 30223 I RedditChangeDataManager: Taking snapshot...
08-06 00:17:37.003 28713 30223 I RedditChangeDataManager: Writing to stream...
08-06 00:17:37.003 28713 30223 I RedditChangeDataManager: Wrote 3 entries for user ''
08-06 00:17:37.003 28713 30223 I RedditChangeDataManager: All entries written to stream.
08-06 00:17:37.003 28713 30223 I RedditChangeDataIO: Write successful. Atomically replacing data file...
08-06 00:17:37.004 28713 30223 I RedditChangeDataIO: Write complete.
08-06 00:17:37.004 28713 30223 I RedditChangeDataIO: 86 bytes written in 6 ms
08-06 00:17:37.009   512  2967 D audio_hw_primary: disable_audio_route: reset and update mixer path: low-latency-playback speaker
08-06 00:17:37.011   512  2967 D audio_hw_primary: disable_snd_device: snd_device(2: speaker)
08-06 00:17:37.019   512  2967 I soundtrigger: audio_extn_sound_trigger_update_device_status: device 0x2 of type 0 for Event 0
08-06 00:17:37.023 28602 28602 W Atfwd_Sendcmd: AtCmdFwd service not published, waiting... retryCnt : 3
08-06 00:17:37.036 28713 28725 I art     : Explicit concurrent mark sweep GC freed 141(7KB) AllocSpace objects, 1(68KB) LOS objects, 36% free, 28MB/44MB, paused 216us total 43.861ms
08-06 00:17:37.051 28713 28725 I art     : Starting a blocking GC Explicit
08-06 00:17:37.092 28713 28725 I art     : Explicit concurrent mark sweep GC freed 238(39KB) AllocSpace objects, 0(0B) LOS objects, 36% free, 28MB/44MB, paused 241us total 41.354ms
08-06 00:17:37.107 28713 28725 I art     : Starting a blocking GC Explicit
08-06 00:17:37.151 28713 28725 I art     : Explicit concurrent mark sweep GC freed 68(2272B) AllocSpace objects, 0(0B) LOS objects, 36% free, 28MB/44MB, paused 228us total 44.215ms
08-06 00:17:37.167 28713 28725 I art     : Starting a blocking GC Explicit
08-06 00:17:37.212 28713 28725 I art     : Explicit concurrent mark sweep GC freed 3(96B) AllocSpace objects, 0(0B) LOS objects, 36% free, 28MB/44MB, paused 246us total 44.501ms
08-06 00:17:37.495 28713 28725 I art     : Starting a blocking GC Explicit
08-06 00:17:37.541 28713 28725 I art     : Explicit concurrent mark sweep GC freed 1343(80KB) AllocSpace objects, 1(20KB) LOS objects, 36% free, 28MB/44MB, paused 252us total 46.487ms
08-06 00:17:37.557 28713 28725 I art     : Starting a blocking GC Explicit
08-06 00:17:37.599   518   646 I ThermalEngine: ACTION: GPU - Setting GPU[0] to 450000000
08-06 00:17:37.608 28713 28725 I art     : Explicit concurrent mark sweep GC freed 66(2528B) AllocSpace objects, 0(0B) LOS objects, 36% free, 28MB/44MB, paused 338us total 50.695ms
08-06 00:17:37.628 28713 28725 I art     : Starting a blocking GC Explicit
08-06 00:17:37.685 28713 28725 I art     : Explicit concurrent mark sweep GC freed 3(96B) AllocSpace objects, 0(0B) LOS objects, 36% free, 28MB/44MB, paused 325us total 56.230ms
08-06 00:17:37.705 28713 28725 I art     : Starting a blocking GC Explicit
08-06 00:17:37.764 28713 28725 I art     : Explicit concurrent mark sweep GC freed 3(96B) AllocSpace objects, 0(0B) LOS objects, 36% free, 28MB/44MB, paused 348us total 58.512ms
08-06 00:17:37.784 28713 28725 I art     : Starting a blocking GC Explicit
08-06 00:17:37.847 28713 28725 I art     : Explicit concurrent mark sweep GC freed 3(96B) AllocSpace objects, 0(0B) LOS objects, 36% free, 28MB/44MB, paused 394us total 62.980ms
08-06 00:17:38.160 28713 28724 I art     : Starting a blocking GC Explicit
08-06 00:17:38.240 28713 28724 I art     : Explicit concurrent mark sweep GC freed 1343(80KB) AllocSpace objects, 1(20KB) LOS objects, 36% free, 28MB/44MB, paused 369us total 79.044ms
08-06 00:17:38.263 28713 28724 I art     : Starting a blocking GC Explicit
08-06 00:17:38.328 28713 28724 I art     : Explicit concurrent mark sweep GC freed 20(704B) AllocSpace objects, 0(0B) LOS objects, 36% free, 28MB/44MB, paused 338us total 64.741ms
08-06 00:17:38.349 28713 28724 I art     : Starting a blocking GC Explicit
08-06 00:17:38.415 28713 28724 I art     : Explicit concurrent mark sweep GC freed 3(96B) AllocSpace objects, 0(0B) LOS objects, 36% free, 28MB/44MB, paused 340us total 65.539ms
08-06 00:17:38.435 28713 28724 I art     : Starting a blocking GC Explicit
08-06 00:17:38.498 28713 28724 I art     : Explicit concurrent mark sweep GC freed 3(96B) AllocSpace objects, 0(0B) LOS objects, 36% free, 28MB/44MB, paused 345us total 62.559ms
08-06 00:17:38.519 28713 28724 I art     : Starting a blocking GC Explicit
08-06 00:17:38.586 28713 28724 I art     : Explicit concurrent mark sweep GC freed 3(96B) AllocSpace objects, 0(0B) LOS objects, 36% free, 28MB/44MB, paused 333us total 67.083ms
08-06 00:17:38.929 28713 29069 I art     : Starting a blocking GC Explicit
08-06 00:17:38.994 28713 29069 I art     : Explicit concurrent mark sweep GC freed 1343(80KB) AllocSpace objects, 1(20KB) LOS objects, 36% free, 28MB/44MB, paused 330us total 64.739ms
08-06 00:17:39.014 28713 29069 I art     : Starting a blocking GC Explicit
08-06 00:17:39.084 28713 29069 I art     : Explicit concurrent mark sweep GC freed 20(704B) AllocSpace objects, 0(0B) LOS objects, 36% free, 28MB/44MB, paused 363us total 69.921ms
08-06 00:17:39.107 28713 29069 I art     : Starting a blocking GC Explicit
08-06 00:17:39.173 28713 29069 I art     : Explicit concurrent mark sweep GC freed 3(96B) AllocSpace objects, 0(0B) LOS objects, 36% free, 28MB/44MB, paused 345us total 65.184ms
08-06 00:17:39.193 28713 29069 I art     : Starting a blocking GC Explicit
08-06 00:17:39.257 28713 29069 I art     : Explicit concurrent mark sweep GC freed 3(96B) AllocSpace objects, 0(0B) LOS objects, 36% free, 28MB/44MB, paused 428us total 63.605ms
08-06 00:17:39.278 28713 29069 I art     : Starting a blocking GC Explicit
08-06 00:17:39.346 28713 29069 I art     : Explicit concurrent mark sweep GC freed 3(96B) AllocSpace objects, 0(0B) LOS objects, 36% free, 28MB/44MB, paused 359us total 67.789ms
08-06 00:17:39.679 28713 28734 I art     : Starting a blocking GC Explicit
08-06 00:17:39.759 28713 28734 I art     : Explicit concurrent mark sweep GC freed 1343(80KB) AllocSpace objects, 1(20KB) LOS objects, 36% free, 28MB/44MB, paused 392us total 79.566ms
08-06 00:17:39.784 28713 28734 I art     : Starting a blocking GC Explicit
08-06 00:17:39.850 28713 28734 I art     : Explicit concurrent mark sweep GC freed 20(704B) AllocSpace objects, 0(0B) LOS objects, 36% free, 28MB/44MB, paused 335us total 66.282ms
08-06 00:17:39.871 28713 28734 I art     : Starting a blocking GC Explicit
08-06 00:17:39.935 28713 28734 I art     : Explicit concurrent mark sweep GC freed 3(96B) AllocSpace objects, 0(0B) LOS objects, 36% free, 28MB/44MB, paused 319us total 64.458ms
08-06 00:17:39.956 28713 28734 I art     : Starting a blocking GC Explicit
08-06 00:17:40.022 28713 28734 I art     : Explicit concurrent mark sweep GC freed 3(96B) AllocSpace objects, 0(0B) LOS objects, 36% free, 28MB/44MB, paused 340us total 65.750ms
08-06 00:17:40.043 28713 28734 I art     : Starting a blocking GC Explicit
08-06 00:17:40.104 28713 28734 I art     : Explicit concurrent mark sweep GC freed 3(96B) AllocSpace objects, 0(0B) LOS objects, 36% free, 28MB/44MB, paused 339us total 61.432ms
08-06 00:17:40.443 28713 28725 I art     : Starting a blocking GC Explicit
08-06 00:17:40.525 28713 28725 I art     : Explicit concurrent mark sweep GC freed 1343(80KB) AllocSpace objects, 1(20KB) LOS objects, 36% free, 28MB/44MB, paused 358us total 81.972ms
08-06 00:17:40.550 28713 28725 I art     : Starting a blocking GC Explicit
08-06 00:17:40.604   518   646 I ThermalEngine: ACTION: GPU - Setting GPU[0] to 510000000
08-06 00:17:40.612 28713 28725 I art     : Explicit concurrent mark sweep GC freed 20(704B) AllocSpace objects, 0(0B) LOS objects, 36% free, 28MB/44MB, paused 353us total 62.195ms
08-06 00:17:40.633 28713 28725 I art     : Starting a blocking GC Explicit
08-06 00:17:40.683 28713 28725 I art     : Explicit concurrent mark sweep GC freed 3(96B) AllocSpace objects, 0(0B) LOS objects, 36% free, 28MB/44MB, paused 230us total 50.214ms
08-06 00:17:40.699 28713 28725 I art     : Starting a blocking GC Explicit
08-06 00:17:40.744 28713 28725 I art     : Explicit concurrent mark sweep GC freed 3(96B) AllocSpace objects, 0(0B) LOS objects, 36% free, 28MB/44MB, paused 238us total 45.412ms
08-06 00:17:40.760 28713 28725 I art     : Starting a blocking GC Explicit
08-06 00:17:40.804 28713 28725 I art     : Explicit concurrent mark sweep GC freed 3(96B) AllocSpace objects, 0(0B) LOS objects, 36% free, 28MB/44MB, paused 236us total 44.260ms
08-06 00:17:41.082 28713 28724 I art     : Starting a blocking GC Explicit
08-06 00:17:41.089 30371 30371 D AndroidRuntime: >>>>>> START com.android.internal.os.RuntimeInit uid 2000 <<<<<<
08-06 00:17:41.094 30371 30371 D AndroidRuntime: CheckJNI is OFF
08-06 00:17:41.129 30371 30371 D ICU     : No timezone override file found: /data/misc/zoneinfo/current/icu/icu_tzdata.dat
08-06 00:17:41.130 28713 28724 I art     : Explicit concurrent mark sweep GC freed 1345(80KB) AllocSpace objects, 1(20KB) LOS objects, 36% free, 28MB/44MB, paused 275us total 47.070ms
08-06 00:17:41.145 28713 28724 I art     : Starting a blocking GC Explicit
08-06 00:17:41.164 30371 30371 I Radio-JNI: register_android_hardware_Radio DONE
08-06 00:17:41.186 30371 30371 D AndroidRuntime: Calling main entry com.android.commands.input.Input
08-06 00:17:41.187 30371 30371 I Input   : injectKeyEvent: KeyEvent { action=ACTION_DOWN, keyCode=KEYCODE_BACK, scanCode=0, metaState=0, flags=0x0, repeatCount=0, eventTime=836277600, downTime=836277600, deviceId=-1, source=0x101 }
08-06 00:17:41.189 28713 28724 I art     : Explicit concurrent mark sweep GC freed 20(704B) AllocSpace objects, 0(0B) LOS objects, 36% free, 28MB/44MB, paused 240us total 43.543ms
08-06 00:17:41.193 30371 30371 I Input   : injectKeyEvent: KeyEvent { action=ACTION_UP, keyCode=KEYCODE_BACK, scanCode=0, metaState=0, flags=0x0, repeatCount=0, eventTime=836277600, downTime=836277600, deviceId=-1, source=0x101 }
08-06 00:17:41.199 30371 30371 D AndroidRuntime: Shutting down VM
08-06 00:17:41.204 28713 28724 I art     : Starting a blocking GC Explicit
08-06 00:17:41.240 13866 13866 I GoogleInputMethodServic: GoogleInputMethodService.onFinishInput():3138 
08-06 00:17:41.241 13866 13866 I GoogleInputMethodServic: GoogleInputMethodService.onStartInput():1808 
08-06 00:17:41.244 28713 28724 I art     : Explicit concurrent mark sweep GC freed 132(4KB) AllocSpace objects, 0(0B) LOS objects, 36% free, 28MB/44MB, paused 265us total 40.087ms
08-06 00:17:41.259 28713 28724 I art     : Starting a blocking GC Explicit
08-06 00:17:41.304 28713 28724 I art     : Explicit concurrent mark sweep GC freed 115(4KB) AllocSpace objects, 0(0B) LOS objects, 36% free, 28MB/44MB, paused 261us total 44.736ms
08-06 00:17:41.318 28713 28724 I art     : Starting a blocking GC Explicit
08-06 00:17:41.357 28713 28724 I art     : Explicit concurrent mark sweep GC freed 9(336B) AllocSpace objects, 0(0B) LOS objects, 36% free, 28MB/44MB, paused 311us total 39.251ms
08-06 00:17:41.553   380   380 W SurfaceFlinger: couldn't log to binary event log: overflow.
08-06 00:17:41.609 28713 28734 I art     : Starting a blocking GC Explicit
08-06 00:17:41.657 28713 28734 I art     : Explicit concurrent mark sweep GC freed 1404(82KB) AllocSpace objects, 1(20KB) LOS objects, 36% free, 28MB/44MB, paused 261us total 47.537ms
08-06 00:17:41.672 28713 28734 I art     : Starting a blocking GC Explicit
08-06 00:17:41.710 28713 28734 I art     : Explicit concurrent mark sweep GC freed 46779(2MB) AllocSpace objects, 5(140KB) LOS objects, 38% free, 25MB/41MB, paused 244us total 37.755ms
08-06 00:17:41.725 28713 28734 I art     : Starting a blocking GC Explicit
08-06 00:17:41.758 28713 28734 I art     : Explicit concurrent mark sweep GC freed 3(96B) AllocSpace objects, 0(0B) LOS objects, 38% free, 25MB/41MB, paused 240us total 33.104ms
08-06 00:17:41.772 28713 28734 I art     : Starting a blocking GC Explicit
08-06 00:17:41.805 28713 28734 I art     : Explicit concurrent mark sweep GC freed 3(96B) AllocSpace objects, 0(0B) LOS objects, 38% free, 25MB/41MB, paused 247us total 33.715ms
08-06 00:17:41.819 28713 28734 I art     : Starting a blocking GC Explicit
08-06 00:17:41.854 28713 28734 I art     : Explicit concurrent mark sweep GC freed 3(96B) AllocSpace objects, 0(0B) LOS objects, 38% free, 25MB/41MB, paused 248us total 34.458ms
08-06 00:17:42.143 28713 28724 I art     : Starting a blocking GC Explicit
08-06 00:17:42.188 28713 28724 I art     : Explicit concurrent mark sweep GC freed 1343(80KB) AllocSpace objects, 1(20KB) LOS objects, 38% free, 25MB/41MB, paused 276us total 44.345ms
08-06 00:17:42.204 28713 28724 I art     : Starting a blocking GC Explicit
08-06 00:17:42.238 28713 28724 I art     : Explicit concurrent mark sweep GC freed 20(704B) AllocSpace objects, 0(0B) LOS objects, 38% free, 25MB/41MB, paused 249us total 33.915ms
08-06 00:17:42.252 28713 28724 I art     : Starting a blocking GC Explicit
08-06 00:17:42.286 28713 28724 I art     : Explicit concurrent mark sweep GC freed 3(96B) AllocSpace objects, 0(0B) LOS objects, 38% free, 25MB/41MB, paused 242us total 33.653ms
08-06 00:17:42.300 28713 28724 I art     : Starting a blocking GC Explicit
08-06 00:17:42.333 28713 28724 I art     : Explicit concurrent mark sweep GC freed 3(96B) AllocSpace objects, 0(0B) LOS objects, 38% free, 25MB/41MB, paused 243us total 33.631ms
08-06 00:17:42.347 28713 28724 I art     : Starting a blocking GC Explicit
08-06 00:17:42.382 28713 28724 I art     : Explicit concurrent mark sweep GC freed 3(96B) AllocSpace objects, 0(0B) LOS objects, 38% free, 25MB/41MB, paused 246us total 34.257ms
08-06 00:17:42.639 28713 29069 I art     : Starting a blocking GC Explicit
08-06 00:17:42.673 28713 29069 I art     : Explicit concurrent mark sweep GC freed 1343(80KB) AllocSpace objects, 1(20KB) LOS objects, 38% free, 25MB/41MB, paused 277us total 33.783ms
08-06 00:17:42.687 28713 29069 I art     : Starting a blocking GC Explicit
08-06 00:17:42.720 28713 29069 I art     : Explicit concurrent mark sweep GC freed 20(704B) AllocSpace objects, 0(0B) LOS objects, 38% free, 25MB/41MB, paused 248us total 33.297ms
08-06 00:17:42.734 28713 29069 I art     : Starting a blocking GC Explicit
08-06 00:17:42.766 28713 29069 I art     : Explicit concurrent mark sweep GC freed 3(96B) AllocSpace objects, 0(0B) LOS objects, 38% free, 25MB/41MB, paused 269us total 32.183ms
08-06 00:17:42.780 28713 29069 I art     : Starting a blocking GC Explicit
08-06 00:17:42.813 28713 29069 I art     : Explicit concurrent mark sweep GC freed 3(96B) AllocSpace objects, 0(0B) LOS objects, 38% free, 25MB/41MB, paused 254us total 32.842ms
08-06 00:17:42.827 28713 29069 I art     : Starting a blocking GC Explicit
08-06 00:17:42.854 30415 30415 D AndroidRuntime: >>>>>> START com.android.internal.os.RuntimeInit uid 2000 <<<<<<
08-06 00:17:42.859 28713 29069 I art     : Explicit concurrent mark sweep GC freed 3(96B) AllocSpace objects, 0(0B) LOS objects, 38% free, 25MB/41MB, paused 262us total 31.842ms
08-06 00:17:42.859 30415 30415 D AndroidRuntime: CheckJNI is OFF
08-06 00:17:42.893 30415 30415 D ICU     : No timezone override file found: /data/misc/zoneinfo/current/icu/icu_tzdata.dat
08-06 00:17:42.926 30415 30415 I Radio-JNI: register_android_hardware_Radio DONE
08-06 00:17:42.948 30415 30415 D AndroidRuntime: Calling main entry com.android.commands.input.Input
08-06 00:17:42.949 30415 30415 I Input   : injectKeyEvent: KeyEvent { action=ACTION_DOWN, keyCode=KEYCODE_BACK, scanCode=0, metaState=0, flags=0x0, repeatCount=0, eventTime=836279362, downTime=836279362, deviceId=-1, source=0x101 }
08-06 00:17:42.955 30415 30415 I Input   : injectKeyEvent: KeyEvent { action=ACTION_UP, keyCode=KEYCODE_BACK, scanCode=0, metaState=0, flags=0x0, repeatCount=0, eventTime=836279362, downTime=836279362, deviceId=-1, source=0x101 }
08-06 00:17:42.961 30415 30415 D AndroidRuntime: Shutting down VM
08-06 00:17:43.001 13866 13866 I GoogleInputMethodServic: GoogleInputMethodService.onFinishInput():3138 
08-06 00:17:43.002 13866 13866 I GoogleInputMethodServic: GoogleInputMethodService.onStartInput():1808 
08-06 00:17:43.103 28713 28734 I art     : Starting a blocking GC Explicit
08-06 00:17:43.142 28713 28734 I art     : Explicit concurrent mark sweep GC freed 1520(86KB) AllocSpace objects, 1(20KB) LOS objects, 38% free, 25MB/41MB, paused 290us total 38.745ms
08-06 00:17:43.160 28713 28734 I art     : Starting a blocking GC Explicit
08-06 00:17:43.201 28713 28734 I art     : Explicit concurrent mark sweep GC freed 24(864B) AllocSpace objects, 0(0B) LOS objects, 38% free, 25MB/41MB, paused 243us total 41.043ms
08-06 00:17:43.217 28713 28734 I art     : Starting a blocking GC Explicit
08-06 00:17:43.258 28713 28734 I art     : Explicit concurrent mark sweep GC freed 3(96B) AllocSpace objects, 0(0B) LOS objects, 38% free, 25MB/41MB, paused 279us total 40.645ms
08-06 00:17:43.258 28713 28723 I art     : WaitForGcToComplete blocked for 18.450ms for cause HeapTrim
08-06 00:17:43.276 28713 28734 I art     : Starting a blocking GC Explicit
08-06 00:17:43.309 28713 28734 I art     : Explicit concurrent mark sweep GC freed 38(1264B) AllocSpace objects, 0(0B) LOS objects, 38% free, 25MB/41MB, paused 256us total 32.783ms
08-06 00:17:43.322 28713 28734 I art     : Starting a blocking GC Explicit
08-06 00:17:43.353 28713 28734 I art     : Explicit concurrent mark sweep GC freed 23(992B) AllocSpace objects, 0(0B) LOS objects, 38% free, 25MB/41MB, paused 240us total 30.319ms
08-06 00:17:43.612   518   646 I ThermalEngine: ACTION: GPU - Setting GPU[0] to 450000000
08-06 00:17:43.638 28713 29069 I art     : Starting a blocking GC Explicit
08-06 00:17:43.688 28713 29069 I art     : Explicit concurrent mark sweep GC freed 1473(86KB) AllocSpace objects, 1(20KB) LOS objects, 38% free, 25MB/41MB, paused 411us total 49.060ms
08-06 00:17:43.706 28713 29069 I art     : Starting a blocking GC Explicit
08-06 00:17:43.742 28713 29069 I art     : Explicit concurrent mark sweep GC freed 20(704B) AllocSpace objects, 0(0B) LOS objects, 38% free, 25MB/41MB, paused 330us total 35.956ms
08-06 00:17:43.759 28713 29069 I art     : Starting a blocking GC Explicit
08-06 00:17:43.799 28713 29069 I art     : Explicit concurrent mark sweep GC freed 3(96B) AllocSpace objects, 0(0B) LOS objects, 38% free, 25MB/41MB, paused 340us total 40.069ms
08-06 00:17:43.817 28713 29069 I art     : Starting a blocking GC Explicit
08-06 00:17:43.859 28713 29069 I art     : Explicit concurrent mark sweep GC freed 3(96B) AllocSpace objects, 0(0B) LOS objects, 38% free, 25MB/41MB, paused 341us total 41.213ms
08-06 00:17:43.876 28713 29069 I art     : Starting a blocking GC Explicit
08-06 00:17:43.919 28713 29069 I art     : Explicit concurrent mark sweep GC freed 3(96B) AllocSpace objects, 0(0B) LOS objects, 38% free, 25MB/41MB, paused 338us total 42.266ms
08-06 00:17:44.212 28713 28725 I art     : Starting a blocking GC Explicit
08-06 00:17:44.255 28713 28725 I art     : Explicit concurrent mark sweep GC freed 1343(80KB) AllocSpace objects, 1(20KB) LOS objects, 38% free, 25MB/41MB, paused 343us total 42.868ms
08-06 00:17:44.272 28713 28725 I art     : Starting a blocking GC Explicit
08-06 00:17:44.312 28713 28725 I art     : Explicit concurrent mark sweep GC freed 20(704B) AllocSpace objects, 0(0B) LOS objects, 38% free, 25MB/41MB, paused 341us total 39.594ms
08-06 00:17:44.330 28713 28725 I art     : Starting a blocking GC Explicit
08-06 00:17:44.370 28713 28725 I art     : Explicit concurrent mark sweep GC freed 3(96B) AllocSpace objects, 0(0B) LOS objects, 38% free, 25MB/41MB, paused 334us total 40.436ms
08-06 00:17:44.388 28713 28725 I art     : Starting a blocking GC Explicit
08-06 00:17:44.428 28713 28725 I art     : Explicit concurrent mark sweep GC freed 3(96B) AllocSpace objects, 0(0B) LOS objects, 38% free, 25MB/41MB, paused 331us total 40.602ms
08-06 00:17:44.446 28713 28725 I art     : Starting a blocking GC Explicit
08-06 00:17:44.487 28713 28725 I art     : Explicit concurrent mark sweep GC freed 3(96B) AllocSpace objects, 0(0B) LOS objects, 38% free, 25MB/41MB, paused 340us total 40.817ms
08-06 00:17:44.751 30470 30470 D AndroidRuntime: >>>>>> START com.android.internal.os.RuntimeInit uid 2000 <<<<<<
08-06 00:17:44.757 30470 30470 D AndroidRuntime: CheckJNI is OFF
08-06 00:17:44.800 30470 30470 D ICU     : No timezone override file found: /data/misc/zoneinfo/current/icu/icu_tzdata.dat
08-06 00:17:44.802 28713 28724 I art     : Starting a blocking GC Explicit
08-06 00:17:44.843 30470 30470 I Radio-JNI: register_android_hardware_Radio DONE
08-06 00:17:44.843 28713 28724 I art     : Explicit concurrent mark sweep GC freed 1343(80KB) AllocSpace objects, 1(20KB) LOS objects, 38% free, 25MB/41MB, paused 371us total 41.704ms
08-06 00:17:44.861 28713 28724 I art     : Starting a blocking GC Explicit
08-06 00:17:44.874 30470 30470 D AndroidRuntime: Calling main entry com.android.commands.input.Input
08-06 00:17:44.877 30470 30470 I Input   : injectMotionEvent: MotionEvent { action=ACTION_DOWN, actionButton=0, id[0]=0, x[0]=600.0, y[0]=1000.0, toolType[0]=TOOL_TYPE_UNKNOWN, buttonState=0, metaState=0, flags=0x0, edgeFlags=0x0, pointerCount=1, historySize=0, eventTime=836281289, downTime=836281289, deviceId=0, source=0x1002 }
08-06 00:17:44.882 30470 30470 I Input   : injectMotionEvent: MotionEvent { action=ACTION_UP, actionButton=0, id[0]=0, x[0]=600.0, y[0]=1000.0, toolType[0]=TOOL_TYPE_UNKNOWN, buttonState=0, metaState=0, flags=0x0, edgeFlags=0x0, pointerCount=1, historySize=0, eventTime=836281289, downTime=836281289, deviceId=0, source=0x1002 }
08-06 00:17:44.883 30470 30470 D AndroidRuntime: Shutting down VM
08-06 00:17:44.892   512  2967 D audio_hw_primary: out_set_parameters: enter: usecase(1: low-latency-playback) kvpairs: routing=2
08-06 00:17:44.893   918   928 I ActivityManager: START u0 {dat=https://oauth.reddit.com/... cmp=baseline.org.quantumbadger.redreader/.activities.PostListingActivity} from uid 10705 on display 0
08-06 00:17:44.902 28713 28724 I art     : Explicit concurrent mark sweep GC freed 71(2608B) AllocSpace objects, 0(0B) LOS objects, 38% free, 25MB/41MB, paused 509us total 40.321ms
08-06 00:17:44.905   512  2967 D audio_hw_primary: select_devices: out_snd_device(2: speaker) in_snd_device(0: none)
08-06 00:17:44.905   512  2967 D msm8974_platform: platform_send_audio_calibration: sending audio calibration for snd_device(2) acdb_id(15)
08-06 00:17:44.905   512  2967 I soundtrigger: audio_extn_sound_trigger_update_device_status: device 0x2 of type 0 for Event 1
08-06 00:17:44.916 28713 28713 I AppCompatViewInflater: app:theme is now deprecated. Please move to using android:theme instead.
08-06 00:17:44.918   512  2967 D audio_hw_primary: enable_snd_device: snd_device(2: speaker)
08-06 00:17:44.919   512  2967 D audio_hw_primary: enable_audio_route: apply and update mixer path: low-latency-playback speaker
08-06 00:17:44.920 28713 28724 I art     : Starting a blocking GC Explicit
08-06 00:17:44.947 28713 30494 D OK      : calling: https://oauth.reddit.com/r/announcements/about.json
08-06 00:17:44.960 28713 28724 I art     : Explicit concurrent mark sweep GC freed 868(71KB) AllocSpace objects, 0(0B) LOS objects, 38% free, 25MB/41MB, paused 463us total 39.535ms
08-06 00:17:44.976 28713 28724 I art     : Starting a blocking GC Explicit
08-06 00:17:45.004   918   936 I ActivityManager: Displayed baseline.org.quantumbadger.redreader/.activities.PostListingActivity: +103ms
08-06 00:17:45.005 13866 13866 I GoogleInputMethodServic: GoogleInputMethodService.onFinishInput():3138 
08-06 00:17:45.006 13866 13866 I GoogleInputMethodServic: GoogleInputMethodService.onStartInput():1808 
08-06 00:17:45.015 28713 28724 I art     : Explicit concurrent mark sweep GC freed 959(43KB) AllocSpace objects, 0(0B) LOS objects, 38% free, 25MB/41MB, paused 550us total 38.854ms
08-06 00:17:45.034 28713 28724 I art     : Starting a blocking GC Explicit
08-06 00:17:45.071 28713 28724 I art     : Explicit concurrent mark sweep GC freed 233(13KB) AllocSpace objects, 0(0B) LOS objects, 38% free, 25MB/41MB, paused 364us total 36.210ms
08-06 00:17:45.258   380   380 W SurfaceFlinger: couldn't log to binary event log: overflow.
08-06 00:17:45.326 28713 30494 I NAPPA_EXPERIMENTATION: MetricNetworkRequestExecutionTime: REQUEST_DURATION_SYSTEM='379',REQUEST_DURATION_OKHTTP='153',REQUEST_SYNCHRONOUS='TRUE',RESPONSE_CODE='200',RESPONSE_METHOD='GET',RESPONSE_LENGTH_OKHTTP='-1',RESPONSE_LENGTH_HEADER='1564',REQUEST_PROTOCOL='h2',REQUEST_URL='https://oauth.reddit.com/r/announcements/about.json',
08-06 00:17:45.326 28713 30494 D OK      : request got status: 200
08-06 00:17:45.355 28713 28734 I art     : Starting a blocking GC Explicit
08-06 00:17:45.403 28713 28734 I art     : Explicit concurrent mark sweep GC freed 4673(292KB) AllocSpace objects, 2(88KB) LOS objects, 38% free, 25MB/41MB, paused 419us total 47.180ms
08-06 00:17:45.421 28713 28734 I art     : Starting a blocking GC Explicit
08-06 00:17:45.459   512  2967 D audio_hw_primary: disable_audio_route: reset and update mixer path: low-latency-playback speaker
08-06 00:17:45.460   512  2967 D audio_hw_primary: disable_snd_device: snd_device(2: speaker)
08-06 00:17:45.462 28713 28734 I art     : Explicit concurrent mark sweep GC freed 562(37KB) AllocSpace objects, 1(68KB) LOS objects, 38% free, 25MB/41MB, paused 360us total 41.325ms
08-06 00:17:45.468   512  2967 I soundtrigger: audio_extn_sound_trigger_update_device_status: device 0x2 of type 0 for Event 0
08-06 00:17:45.480 28713 28734 I art     : Starting a blocking GC Explicit
08-06 00:17:45.522 28713 28734 I art     : Explicit concurrent mark sweep GC freed 29(1040B) AllocSpace objects, 0(0B) LOS objects, 38% free, 25MB/41MB, paused 374us total 41.339ms
08-06 00:17:45.540 28713 28734 I art     : Starting a blocking GC Explicit
08-06 00:17:45.581 28713 28734 I art     : Explicit concurrent mark sweep GC freed 3(96B) AllocSpace objects, 0(0B) LOS objects, 38% free, 25MB/41MB, paused 408us total 41.585ms
08-06 00:17:45.599 28713 28734 I art     : Starting a blocking GC Explicit
08-06 00:17:45.640 28713 28734 I art     : Explicit concurrent mark sweep GC freed 3(96B) AllocSpace objects, 0(0B) LOS objects, 38% free, 25MB/41MB, paused 350us total 40.951ms
08-06 00:17:45.944 28713 28725 I art     : Starting a blocking GC Explicit
08-06 00:17:45.988 28713 28725 I art     : Explicit concurrent mark sweep GC freed 1402(84KB) AllocSpace objects, 1(20KB) LOS objects, 38% free, 25MB/41MB, paused 477us total 43.270ms
08-06 00:17:46.005 28713 28725 I art     : Starting a blocking GC Explicit
08-06 00:17:46.046 28713 28725 I art     : Explicit concurrent mark sweep GC freed 20(704B) AllocSpace objects, 0(0B) LOS objects, 38% free, 25MB/41MB, paused 375us total 40.207ms
08-06 00:17:46.063 28713 28725 I art     : Starting a blocking GC Explicit
08-06 00:17:46.104 28713 28725 I art     : Explicit concurrent mark sweep GC freed 3(96B) AllocSpace objects, 0(0B) LOS objects, 38% free, 25MB/41MB, paused 385us total 41.084ms
08-06 00:17:46.122 28713 28725 I art     : Starting a blocking GC Explicit
08-06 00:17:46.148 28713 30519 D OK      : calling: https://oauth.reddit.com/r/announcements/hot/.json
08-06 00:17:46.162 28713 28725 I art     : Explicit concurrent mark sweep GC freed 94(3KB) AllocSpace objects, 0(0B) LOS objects, 38% free, 25MB/41MB, paused 417us total 40.376ms
08-06 00:17:46.180 28713 28725 I art     : Starting a blocking GC Explicit
08-06 00:17:46.222 28713 28725 I art     : Explicit concurrent mark sweep GC freed 10(384B) AllocSpace objects, 0(0B) LOS objects, 38% free, 25MB/41MB, paused 445us total 41.514ms
08-06 00:17:46.378 28713 30519 I NAPPA_EXPERIMENTATION: MetricNetworkRequestExecutionTime: REQUEST_DURATION_SYSTEM='230',REQUEST_DURATION_OKHTTP='225',REQUEST_SYNCHRONOUS='TRUE',RESPONSE_CODE='200',RESPONSE_METHOD='GET',RESPONSE_LENGTH_OKHTTP='-1',RESPONSE_LENGTH_HEADER='142016',REQUEST_PROTOCOL='h2',REQUEST_URL='https://oauth.reddit.com/r/announcements/hot/.json',
08-06 00:17:46.378 28713 30519 D OK      : request got status: 200
08-06 00:17:46.401 28713 29300 I PostListingFragment: Precaching images: OFF
08-06 00:17:46.402 28713 29300 I PostListingFragment: Precaching comments: OFF
08-06 00:17:46.512 28713 29069 I art     : Starting a blocking GC Explicit
08-06 00:17:46.564 28713 29069 I art     : Explicit concurrent mark sweep GC freed 5373(359KB) AllocSpace objects, 5(92KB) LOS objects, 36% free, 27MB/43MB, paused 805us total 52.012ms
08-06 00:17:46.581 28713 30530 D OK      : calling: https://b.thumbs.redditmedia.com/RROcLjDSUc0QV1UeQ1txXdyl1C_7233mmsMgtYXxQzo.jpg
08-06 00:17:46.584 28713 29069 I art     : Starting a blocking GC Explicit
08-06 00:17:46.613 28713 30531 D OK      : calling: https://a.thumbs.redditmedia.com/N-frnMqRYp_XiaGds7kPbHf82a876RNKSQ1iw0LzHR0.jpg
08-06 00:17:46.629 28713 30532 D OK      : calling: https://b.thumbs.redditmedia.com/KH2o_q4MXufUdRChsfwLtl6gnEnT8MJtZn3Tyj5ZmBU.jpg
08-06 00:17:46.638 28713 29069 I art     : Explicit concurrent mark sweep GC freed 3766(161KB) AllocSpace objects, 0(0B) LOS objects, 36% free, 28MB/44MB, paused 934us total 53.212ms
08-06 00:17:46.656 28713 29069 I art     : Starting a blocking GC Explicit
08-06 00:17:46.686 28713 30533 D OK      : calling: https://b.thumbs.redditmedia.com/MGaOJeZl7UsmdtroJopYU_36HUNvQ9LUV5WFH_FJ2vI.jpg
08-06 00:17:46.710 28713 29069 I art     : Explicit concurrent mark sweep GC freed 4013(216KB) AllocSpace objects, 2(48KB) LOS objects, 35% free, 28MB/44MB, paused 965us total 53.716ms
08-06 00:17:46.729 28713 29069 I art     : Starting a blocking GC Explicit
08-06 00:17:46.754 28713 30534 D OK      : calling: https://a.thumbs.redditmedia.com/-D0hxchgus9EyzvGqvnabK_3Obl93tMfG9G58V1QwW8.jpg
08-06 00:17:46.797 28713 29069 I art     : Explicit concurrent mark sweep GC freed 12612(563KB) AllocSpace objects, 0(0B) LOS objects, 35% free, 29MB/45MB, paused 1.674ms total 65.395ms
08-06 00:17:46.800 28713 30541 D OK      : calling: https://b.thumbs.redditmedia.com/zCaV9kuSMZxmMvdmErGyUsYNdPrmX8LP9_Ee4QTT16g.jpg
08-06 00:17:46.803 28713 30542 D OK      : calling: https://b.thumbs.redditmedia.com/4EGkxZNzrzt-RCtd035cWyO0BipdbDVuPwi4W2v4TyM.jpg
08-06 00:17:46.816 28713 29069 I art     : Starting a blocking GC Explicit
08-06 00:17:46.852 28713 30543 D OK      : calling: https://a.thumbs.redditmedia.com/aVhMBmGX07uX0KhK0rKdhMvQ4UsOJIHN4KeTaa36EF4.jpg
08-06 00:17:46.874 28713 29069 I art     : Explicit concurrent mark sweep GC freed 7446(392KB) AllocSpace objects, 3(172KB) LOS objects, 35% free, 28MB/44MB, paused 930us total 57.660ms
08-06 00:17:46.938 28713 30531 I NAPPA_EXPERIMENTATION: MetricNetworkRequestExecutionTime: REQUEST_DURATION_SYSTEM='325',REQUEST_DURATION_OKHTTP='164',REQUEST_SYNCHRONOUS='TRUE',RESPONSE_CODE='200',RESPONSE_METHOD='GET',RESPONSE_LENGTH_OKHTTP='3750',RESPONSE_LENGTH_HEADER='3750',REQUEST_PROTOCOL='h2',REQUEST_URL='https://a.thumbs.redditmedia.com/N-frnMqRYp_XiaGds7kPbHf82a876RNKSQ1iw0LzHR0.jpg',
08-06 00:17:46.938 28713 30531 D OK      : request got status: 200
08-06 00:17:46.954 28713 30532 I NAPPA_EXPERIMENTATION: MetricNetworkRequestExecutionTime: REQUEST_DURATION_SYSTEM='325',REQUEST_DURATION_OKHTTP='171',REQUEST_SYNCHRONOUS='TRUE',RESPONSE_CODE='200',RESPONSE_METHOD='GET',RESPONSE_LENGTH_OKHTTP='2613',RESPONSE_LENGTH_HEADER='2613',REQUEST_PROTOCOL='h2',REQUEST_URL='https://b.thumbs.redditmedia.com/KH2o_q4MXufUdRChsfwLtl6gnEnT8MJtZn3Tyj5ZmBU.jpg',
08-06 00:17:46.954 28713 30532 D OK      : request got status: 200
08-06 00:17:46.995 28713 28713 W RecyclerView: Cannot call this method in a scroll callback. Scroll callbacks mightbe run during a measure & layout pass where you cannot change theRecyclerView data. Any method call that might change the structureof the RecyclerView or the adapter contents should be postponed tothe next frame.
08-06 00:17:46.995 28713 28713 W RecyclerView: java.lang.IllegalStateException:  androidx.recyclerview.widget.RecyclerView{ef96f4d VFED..... .F....ID 0,0-1440,2140 #7f0900ef app:id/scrollbar_recyclerview_recyclerview}, adapter:baseline.org.quantumbadger.redreader.adapters.GroupedRecyclerViewAdapter@2ac0a02, layout:androidx.recyclerview.widget.LinearLayoutManager@dd90f13, context:baseline.org.quantumbadger.redreader.activities.PostListingActivity@85f0a04
08-06 00:17:46.995 28713 28713 W RecyclerView: 	at androidx.recyclerview.widget.RecyclerView.assertNotInLayoutOrScroll(RecyclerView.java:3061)
08-06 00:17:46.995 28713 28713 W RecyclerView: 	at androidx.recyclerview.widget.RecyclerView$RecyclerViewDataObserver.onItemRangeInserted(RecyclerView.java:5555)
08-06 00:17:46.995 28713 28713 W RecyclerView: 	at androidx.recyclerview.widget.RecyclerView$AdapterDataObservable.notifyItemRangeInserted(RecyclerView.java:12278)
08-06 00:17:46.995 28713 28713 W RecyclerView: 	at androidx.recyclerview.widget.RecyclerView$Adapter.notifyItemInserted(RecyclerView.java:7464)
08-06 00:17:46.995 28713 28713 W RecyclerView: 	at baseline.org.quantumbadger.redreader.adapters.GroupedRecyclerViewAdapter.updateHiddenStatus(GroupedRecyclerViewAdapter.java:279)
08-06 00:17:46.995 28713 28713 W RecyclerView: 	at baseline.org.quantumbadger.redreader.adapters.RedditListingManager.setLoadingVisible(RedditListingManager.java:125)
08-06 00:17:46.995 28713 28713 W RecyclerView: 	at baseline.org.quantumbadger.redreader.fragments.PostListingFragment.onLoadMoreItemsCheck(PostListingFragment.java:465)
08-06 00:17:46.995 28713 28713 W RecyclerView: 	at baseline.org.quantumbadger.redreader.fragments.PostListingFragment.access$000(PostListingFragment.java:98)
08-06 00:17:46.995 28713 28713 W RecyclerView: 	at baseline.org.quantumbadger.redreader.fragments.PostListingFragment$2.onScrolled(PostListingFragment.java:215)
08-06 00:17:46.995 28713 28713 W RecyclerView: 	at androidx.recyclerview.widget.RecyclerView.dispatchOnScrolled(RecyclerView.java:5173)
08-06 00:17:46.995 28713 28713 W RecyclerView: 	at androidx.recyclerview.widget.RecyclerView.dispatchLayoutStep3(RecyclerView.java:4231)
08-06 00:17:46.995 28713 28713 W RecyclerView: 	at androidx.recyclerview.widget.RecyclerView.dispatchLayout(RecyclerView.java:3862)
08-06 00:17:46.995 28713 28713 W RecyclerView: 	at androidx.recyclerview.widget.RecyclerView.consumePendingUpdateOperations(RecyclerView.java:1897)
08-06 00:17:46.995 28713 28713 W RecyclerView: 	at androidx.recyclerview.widget.RecyclerView$1.run(RecyclerView.java:414)
08-06 00:17:46.995 28713 28713 W RecyclerView: 	at android.view.Choreographer$CallbackRecord.run(Choreographer.java:858)
08-06 00:17:46.995 28713 28713 W RecyclerView: 	at android.view.Choreographer.doCallbacks(Choreographer.java:670)
08-06 00:17:46.995 28713 28713 W RecyclerView: 	at android.view.Choreographer.doFrame(Choreographer.java:603)
08-06 00:17:46.995 28713 28713 W RecyclerView: 	at android.view.Choreographer$FrameDisplayEventReceiver.run(Choreographer.java:844)
08-06 00:17:46.995 28713 28713 W RecyclerView: 	at android.os.Handler.handleCallback(Handler.java:739)
08-06 00:17:46.995 28713 28713 W RecyclerView: 	at android.os.Handler.dispatchMessage(Handler.java:95)
08-06 00:17:46.995 28713 28713 W RecyclerView: 	at android.os.Looper.loop(Looper.java:148)
08-06 00:17:46.995 28713 28713 W RecyclerView: 	at android.app.ActivityThread.main(ActivityThread.java:5417)
08-06 00:17:46.995 28713 28713 W RecyclerView: 	at java.lang.reflect.Method.invoke(Native Method)
08-06 00:17:46.995 28713 28713 W RecyclerView: 	at com.android.internal.os.ZygoteInit$MethodAndArgsCaller.run(ZygoteInit.java:726)
08-06 00:17:46.995 28713 28713 W RecyclerView: 	at com.android.internal.os.ZygoteInit.main(ZygoteInit.java:616)
08-06 00:17:47.032 28713 30533 I NAPPA_EXPERIMENTATION: MetricNetworkRequestExecutionTime: REQUEST_DURATION_SYSTEM='345',REQUEST_DURATION_OKHTTP='241',REQUEST_SYNCHRONOUS='TRUE',RESPONSE_CODE='200',RESPONSE_METHOD='GET',RESPONSE_LENGTH_OKHTTP='4804',RESPONSE_LENGTH_HEADER='4804',REQUEST_PROTOCOL='h2',REQUEST_URL='https://b.thumbs.redditmedia.com/MGaOJeZl7UsmdtroJopYU_36HUNvQ9LUV5WFH_FJ2vI.jpg',
08-06 00:17:47.032 28713 30533 D OK      : request got status: 200
08-06 00:17:47.047 28713 30542 I NAPPA_EXPERIMENTATION: MetricNetworkRequestExecutionTime: REQUEST_DURATION_SYSTEM='243',REQUEST_DURATION_OKHTTP='238',REQUEST_SYNCHRONOUS='TRUE',RESPONSE_CODE='200',RESPONSE_METHOD='GET',RESPONSE_LENGTH_OKHTTP='4987',RESPONSE_LENGTH_HEADER='4987',REQUEST_PROTOCOL='h2',REQUEST_URL='https://b.thumbs.redditmedia.com/4EGkxZNzrzt-RCtd035cWyO0BipdbDVuPwi4W2v4TyM.jpg',
08-06 00:17:47.047 28713 30542 D OK      : request got status: 200
08-06 00:17:47.057 28713 30530 I NAPPA_EXPERIMENTATION: MetricNetworkRequestExecutionTime: REQUEST_DURATION_SYSTEM='476',REQUEST_DURATION_OKHTTP='267',REQUEST_SYNCHRONOUS='TRUE',RESPONSE_CODE='200',RESPONSE_METHOD='GET',RESPONSE_LENGTH_OKHTTP='2558',RESPONSE_LENGTH_HEADER='2558',REQUEST_PROTOCOL='h2',REQUEST_URL='https://b.thumbs.redditmedia.com/RROcLjDSUc0QV1UeQ1txXdyl1C_7233mmsMgtYXxQzo.jpg',
08-06 00:17:47.057 28713 30530 D OK      : request got status: 200
08-06 00:17:47.066 28713 30543 I NAPPA_EXPERIMENTATION: MetricNetworkRequestExecutionTime: REQUEST_DURATION_SYSTEM='214',REQUEST_DURATION_OKHTTP='214',REQUEST_SYNCHRONOUS='TRUE',RESPONSE_CODE='200',RESPONSE_METHOD='GET',RESPONSE_LENGTH_OKHTTP='6940',RESPONSE_LENGTH_HEADER='6940',REQUEST_PROTOCOL='h2',REQUEST_URL='https://a.thumbs.redditmedia.com/aVhMBmGX07uX0KhK0rKdhMvQ4UsOJIHN4KeTaa36EF4.jpg',
08-06 00:17:47.066 28713 30543 D OK      : request got status: 200
08-06 00:17:47.078 28713 30534 I NAPPA_EXPERIMENTATION: MetricNetworkRequestExecutionTime: REQUEST_DURATION_SYSTEM='324',REQUEST_DURATION_OKHTTP='199',REQUEST_SYNCHRONOUS='TRUE',RESPONSE_CODE='200',RESPONSE_METHOD='GET',RESPONSE_LENGTH_OKHTTP='4818',RESPONSE_LENGTH_HEADER='4818',REQUEST_PROTOCOL='h2',REQUEST_URL='https://a.thumbs.redditmedia.com/-D0hxchgus9EyzvGqvnabK_3Obl93tMfG9G58V1QwW8.jpg',
08-06 00:17:47.078 28713 30534 D OK      : request got status: 200
08-06 00:17:47.086 28713 30541 I NAPPA_EXPERIMENTATION: MetricNetworkRequestExecutionTime: REQUEST_DURATION_SYSTEM='286',REQUEST_DURATION_OKHTTP='284',REQUEST_SYNCHRONOUS='TRUE',RESPONSE_CODE='200',RESPONSE_METHOD='GET',RESPONSE_LENGTH_OKHTTP='6132',RESPONSE_LENGTH_HEADER='6132',REQUEST_PROTOCOL='h2',REQUEST_URL='https://b.thumbs.redditmedia.com/zCaV9kuSMZxmMvdmErGyUsYNdPrmX8LP9_Ee4QTT16g.jpg',
08-06 00:17:47.086 28713 30541 D OK      : request got status: 200
08-06 00:17:47.168 28713 28734 I art     : Starting a blocking GC Explicit
08-06 00:17:47.221 28713 28734 I art     : Explicit concurrent mark sweep GC freed 66416(3MB) AllocSpace objects, 49(2MB) LOS objects, 36% free, 27MB/43MB, paused 382us total 51.865ms
08-06 00:17:47.240 28713 28734 I art     : Starting a blocking GC Explicit
08-06 00:17:47.278 28713 28734 I art     : Explicit concurrent mark sweep GC freed 623(37KB) AllocSpace objects, 3(168KB) LOS objects, 36% free, 27MB/43MB, paused 765us total 38.305ms
08-06 00:17:47.297 28713 28734 I art     : Starting a blocking GC Explicit
08-06 00:17:47.340 28713 28734 I art     : Explicit concurrent mark sweep GC freed 202(8KB) AllocSpace objects, 0(0B) LOS objects, 36% free, 27MB/43MB, paused 355us total 42.444ms
08-06 00:17:47.349 28713 30555 D OK      : calling: https://oauth.reddit.com/r/announcements/hot/.json?after=t3_9jf8nh
08-06 00:17:47.357 28713 28734 I art     : Starting a blocking GC Explicit
08-06 00:17:47.404 28713 28734 I art     : Explicit concurrent mark sweep GC freed 86(3KB) AllocSpace objects, 0(0B) LOS objects, 36% free, 27MB/43MB, paused 472us total 46.377ms
08-06 00:17:47.423 28713 28734 I art     : Starting a blocking GC Explicit
08-06 00:17:47.474 28713 28734 I art     : Explicit concurrent mark sweep GC freed 21(912B) AllocSpace objects, 0(0B) LOS objects, 36% free, 27MB/43MB, paused 465us total 50.608ms
08-06 00:17:47.720 28713 30555 I NAPPA_EXPERIMENTATION: MetricNetworkRequestExecutionTime: REQUEST_DURATION_SYSTEM='371',REQUEST_DURATION_OKHTTP='147',REQUEST_SYNCHRONOUS='TRUE',RESPONSE_CODE='200',RESPONSE_METHOD='GET',RESPONSE_LENGTH_OKHTTP='-1',RESPONSE_LENGTH_HEADER='65685',REQUEST_PROTOCOL='h2',REQUEST_URL='https://oauth.reddit.com/r/announcements/hot/.json?after=t3_9jf8nh',
08-06 00:17:47.721 28713 30555 D OK      : request got status: 200
08-06 00:17:47.733 28713 29300 I PostListingFragment: Precaching images: OFF
08-06 00:17:47.733 28713 29300 I PostListingFragment: Precaching comments: OFF
08-06 00:17:47.775 28713 30568 D OK      : calling: https://a.thumbs.redditmedia.com/8P7BG-empihRDWkNYE_LZ8tekikmQtEiymWkwv7obo0.jpg
08-06 00:17:47.805 28713 28724 I art     : Starting a blocking GC Explicit
08-06 00:17:47.829 28713 30569 D OK      : calling: https://b.thumbs.redditmedia.com/PCxvz6Ma5pyTglQOwhW4LZZOY0qIwyWW5pD83dYmMgc.jpg
08-06 00:17:47.870 28713 28724 I art     : Explicit concurrent mark sweep GC freed 11046(667KB) AllocSpace objects, 2(36KB) LOS objects, 35% free, 29MB/45MB, paused 1.160ms total 65.508ms
08-06 00:17:47.890 28713 28724 I art     : Starting a blocking GC Explicit
08-06 00:17:47.938 28713 28724 I art     : Explicit concurrent mark sweep GC freed 5182(237KB) AllocSpace objects, 3(108KB) LOS objects, 35% free, 28MB/44MB, paused 705us total 47.893ms
08-06 00:17:47.957 28713 28724 I art     : Starting a blocking GC Explicit
08-06 00:17:47.964 28713 30569 I NAPPA_EXPERIMENTATION: MetricNetworkRequestExecutionTime: REQUEST_DURATION_SYSTEM='135',REQUEST_DURATION_OKHTTP='134',REQUEST_SYNCHRONOUS='TRUE',RESPONSE_CODE='200',RESPONSE_METHOD='GET',RESPONSE_LENGTH_OKHTTP='9233',RESPONSE_LENGTH_HEADER='9233',REQUEST_PROTOCOL='h2',REQUEST_URL='https://b.thumbs.redditmedia.com/PCxvz6Ma5pyTglQOwhW4LZZOY0qIwyWW5pD83dYmMgc.jpg',
08-06 00:17:47.964 28713 30569 D OK      : request got status: 200
08-06 00:17:48.008 28713 28724 I art     : Explicit concurrent mark sweep GC freed 3785(189KB) AllocSpace objects, 6(324KB) LOS objects, 35% free, 29MB/45MB, paused 791us total 50.177ms
08-06 00:17:48.020 28713 30568 I NAPPA_EXPERIMENTATION: MetricNetworkRequestExecutionTime: REQUEST_DURATION_SYSTEM='244',REQUEST_DURATION_OKHTTP='140',REQUEST_SYNCHRONOUS='TRUE',RESPONSE_CODE='200',RESPONSE_METHOD='GET',RESPONSE_LENGTH_OKHTTP='3039',RESPONSE_LENGTH_HEADER='3039',REQUEST_PROTOCOL='h2',REQUEST_URL='https://a.thumbs.redditmedia.com/8P7BG-empihRDWkNYE_LZ8tekikmQtEiymWkwv7obo0.jpg',
08-06 00:17:48.020 28713 30568 D OK      : request got status: 200
08-06 00:17:48.027 28713 28724 I art     : Starting a blocking GC Explicit
08-06 00:17:48.077 28713 28724 I art     : Explicit concurrent mark sweep GC freed 3986(211KB) AllocSpace objects, 5(528KB) LOS objects, 35% free, 29MB/45MB, paused 515us total 50.394ms
08-06 00:17:48.096 28713 28724 I art     : Starting a blocking GC Explicit
08-06 00:17:48.152 28713 28724 I art     : Explicit concurrent mark sweep GC freed 3315(146KB) AllocSpace objects, 1(68KB) LOS objects, 35% free, 29MB/45MB, paused 454us total 55.510ms
08-06 00:17:48.493 28713 28725 I art     : Starting a blocking GC Explicit
08-06 00:17:48.552 28713 28725 I art     : Explicit concurrent mark sweep GC freed 18139(932KB) AllocSpace objects, 7(128KB) LOS objects, 36% free, 28MB/44MB, paused 479us total 58.528ms
08-06 00:17:48.574 28713 28725 I art     : Starting a blocking GC Explicit
08-06 00:17:48.621 28713 28725 I art     : Explicit concurrent mark sweep GC freed 26(960B) AllocSpace objects, 0(0B) LOS objects, 36% free, 28MB/44MB, paused 384us total 47.127ms
08-06 00:17:48.640 28713 28725 I art     : Starting a blocking GC Explicit
08-06 00:17:48.691 28713 28725 I art     : Explicit concurrent mark sweep GC freed 3(96B) AllocSpace objects, 0(0B) LOS objects, 36% free, 28MB/44MB, paused 372us total 50.659ms
08-06 00:17:48.710 28713 28725 I art     : Starting a blocking GC Explicit
08-06 00:17:48.759 28713 28725 I art     : Explicit concurrent mark sweep GC freed 3(96B) AllocSpace objects, 0(0B) LOS objects, 36% free, 28MB/44MB, paused 394us total 48.953ms
08-06 00:17:48.778 28713 28725 I art     : Starting a blocking GC Explicit
08-06 00:17:48.828 28713 28725 I art     : Explicit concurrent mark sweep GC freed 3(96B) AllocSpace objects, 0(0B) LOS objects, 36% free, 28MB/44MB, paused 386us total 49.736ms
08-06 00:17:49.174 28713 29069 I art     : Starting a blocking GC Explicit
08-06 00:17:49.234 28713 29069 I art     : Explicit concurrent mark sweep GC freed 1344(82KB) AllocSpace objects, 1(20KB) LOS objects, 36% free, 28MB/44MB, paused 381us total 60.101ms
08-06 00:17:49.256 28713 29069 I art     : Starting a blocking GC Explicit
08-06 00:17:49.303 28713 29069 I art     : Explicit concurrent mark sweep GC freed 20(704B) AllocSpace objects, 0(0B) LOS objects, 36% free, 28MB/44MB, paused 362us total 46.495ms
08-06 00:17:49.322 28713 29069 I art     : Starting a blocking GC Explicit
08-06 00:17:49.371 28713 29069 I art     : Explicit concurrent mark sweep GC freed 3(96B) AllocSpace objects, 0(0B) LOS objects, 36% free, 28MB/44MB, paused 397us total 48.938ms
08-06 00:17:49.390 28713 29069 I art     : Starting a blocking GC Explicit
08-06 00:17:49.440 28713 29069 I art     : Explicit concurrent mark sweep GC freed 3(96B) AllocSpace objects, 0(0B) LOS objects, 36% free, 28MB/44MB, paused 390us total 49.571ms
08-06 00:17:49.459 28713 29069 I art     : Starting a blocking GC Explicit
08-06 00:17:49.508 28713 29069 I art     : Explicit concurrent mark sweep GC freed 3(96B) AllocSpace objects, 0(0B) LOS objects, 36% free, 28MB/44MB, paused 430us total 49.423ms
08-06 00:17:49.849 28713 28734 I art     : Starting a blocking GC Explicit
08-06 00:17:49.904 28713 28734 I art     : Explicit concurrent mark sweep GC freed 1344(82KB) AllocSpace objects, 1(20KB) LOS objects, 36% free, 28MB/44MB, paused 364us total 54.889ms
08-06 00:17:49.927 28713 28734 I art     : Starting a blocking GC Explicit
08-06 00:17:49.978 28713 28734 I art     : Explicit concurrent mark sweep GC freed 20(704B) AllocSpace objects, 0(0B) LOS objects, 36% free, 28MB/44MB, paused 421us total 50.776ms
08-06 00:17:49.997 28713 28734 I art     : Starting a blocking GC Explicit
08-06 00:17:50.049 28713 28734 I art     : Explicit concurrent mark sweep GC freed 3(96B) AllocSpace objects, 0(0B) LOS objects, 36% free, 28MB/44MB, paused 392us total 51.992ms
08-06 00:17:50.071 28713 28734 I art     : Starting a blocking GC Explicit
08-06 00:17:50.120 28713 28734 I art     : Explicit concurrent mark sweep GC freed 3(96B) AllocSpace objects, 0(0B) LOS objects, 36% free, 28MB/44MB, paused 356us total 48.758ms
08-06 00:17:50.139 28713 28734 I art     : Starting a blocking GC Explicit
08-06 00:17:50.182 28713 28734 I art     : Explicit concurrent mark sweep GC freed 3(96B) AllocSpace objects, 0(0B) LOS objects, 36% free, 28MB/44MB, paused 354us total 42.719ms
08-06 00:17:50.519 28713 28724 I art     : Starting a blocking GC Explicit
08-06 00:17:50.573 28713 28724 I art     : Explicit concurrent mark sweep GC freed 1349(82KB) AllocSpace objects, 1(20KB) LOS objects, 36% free, 28MB/44MB, paused 400us total 53.722ms
08-06 00:17:50.594 28713 28724 I art     : Starting a blocking GC Explicit
08-06 00:17:50.643 28713 28724 I art     : Explicit concurrent mark sweep GC freed 20(704B) AllocSpace objects, 0(0B) LOS objects, 36% free, 28MB/44MB, paused 390us total 48.078ms
08-06 00:17:50.661 28713 28724 I art     : Starting a blocking GC Explicit
08-06 00:17:50.674 30602 30602 D AndroidRuntime: >>>>>> START com.android.internal.os.RuntimeInit uid 2000 <<<<<<
08-06 00:17:50.681 30602 30602 D AndroidRuntime: CheckJNI is OFF
08-06 00:17:50.708 28713 28724 I art     : Explicit concurrent mark sweep GC freed 3(96B) AllocSpace objects, 0(0B) LOS objects, 36% free, 28MB/44MB, paused 387us total 46.198ms
08-06 00:17:50.726 28713 28724 I art     : Starting a blocking GC Explicit
08-06 00:17:50.729 30602 30602 D ICU     : No timezone override file found: /data/misc/zoneinfo/current/icu/icu_tzdata.dat
08-06 00:17:50.772 28713 28724 I art     : Explicit concurrent mark sweep GC freed 3(96B) AllocSpace objects, 0(0B) LOS objects, 36% free, 28MB/44MB, paused 415us total 45.638ms
08-06 00:17:50.774 30602 30602 I Radio-JNI: register_android_hardware_Radio DONE
08-06 00:17:50.790 28713 28724 I art     : Starting a blocking GC Explicit
08-06 00:17:50.804 30602 30602 D AndroidRuntime: Calling main entry com.android.commands.input.Input
08-06 00:17:50.807 30602 30602 I Input   : injectMotionEvent: MotionEvent { action=ACTION_DOWN, actionButton=0, id[0]=0, x[0]=600.0, y[0]=580.0, toolType[0]=TOOL_TYPE_UNKNOWN, buttonState=0, metaState=0, flags=0x0, edgeFlags=0x0, pointerCount=1, historySize=0, eventTime=836287219, downTime=836287219, deviceId=0, source=0x1002 }
08-06 00:17:50.814 30602 30602 I Input   : injectMotionEvent: MotionEvent { action=ACTION_UP, actionButton=0, id[0]=0, x[0]=600.0, y[0]=580.0, toolType[0]=TOOL_TYPE_UNKNOWN, buttonState=0, metaState=0, flags=0x0, edgeFlags=0x0, pointerCount=1, historySize=0, eventTime=836287219, downTime=836287219, deviceId=0, source=0x1002 }
08-06 00:17:50.821 30602 30602 D AndroidRuntime: Shutting down VM
08-06 00:17:50.836   512  2967 D audio_hw_primary: out_set_parameters: enter: usecase(1: low-latency-playback) kvpairs: routing=2
08-06 00:17:50.837   918  6110 I ActivityManager: START u0 {cmp=baseline.org.quantumbadger.redreader/.activities.WebViewActivity (has extras)} from uid 10705 on display 0
08-06 00:17:50.837 28713 28724 I art     : Explicit concurrent mark sweep GC freed 18(864B) AllocSpace objects, 0(0B) LOS objects, 36% free, 28MB/44MB, paused 516us total 46.307ms
08-06 00:17:50.849   512  2967 D audio_hw_primary: select_devices: out_snd_device(2: speaker) in_snd_device(0: none)
08-06 00:17:50.849   512  2967 D msm8974_platform: platform_send_audio_calibration: sending audio calibration for snd_device(2) acdb_id(15)
08-06 00:17:50.849   512  2967 I soundtrigger: audio_extn_sound_trigger_update_device_status: device 0x2 of type 0 for Event 1
08-06 00:17:50.859   512  2967 D audio_hw_primary: enable_snd_device: snd_device(2: speaker)
08-06 00:17:50.862   512  2967 D audio_hw_primary: enable_audio_route: apply and update mixer path: low-latency-playback speaker
08-06 00:17:50.864 28713 28713 I AppCompatViewInflater: app:theme is now deprecated. Please move to using android:theme instead.
08-06 00:17:50.881 28713 28713 I WebViewFactory: Loading com.google.android.webview version 84.0.4147.89 (code 414708953)
08-06 00:17:50.965 28713 28713 I cr_LibraryLoader: Loaded native library version number "84.0.4147.89"
08-06 00:17:50.965 28713 28713 I cr_CachingUmaRecorder: Flushed 5 samples from 5 histograms.
08-06 00:17:51.007 28713 28713 E chromium: [ERROR:filesystem_posix.cc(62)] mkdir /data/user/0/baseline.org.quantumbadger.redreader/cache/WebView/Crashpad: No such file or directory (2)
08-06 00:17:51.122   918  3714 D ConnectivityService: listenForNetwork for Listen from uid/pid:10705/28713 for NetworkRequest [ id=3643, legacyType=-1, [ Capabilities: INTERNET&NOT_RESTRICTED&TRUSTED] ]
08-06 00:17:51.150 28713 28724 I art     : Starting a blocking GC Explicit
08-06 00:17:51.177 28713 30646 W cr_media: Requires BLUETOOTH permission
08-06 00:17:51.188 28713 30661 E libEGL  : validate_display:255 error 3008 (EGL_BAD_DISPLAY)
08-06 00:17:51.208 28713 28724 I art     : Explicit concurrent mark sweep GC freed 16647(1389KB) AllocSpace objects, 6(136KB) LOS objects, 35% free, 29MB/45MB, paused 871us total 57.390ms
08-06 00:17:51.233 28713 28724 I art     : Starting a blocking GC Explicit
08-06 00:17:51.274 28713 28724 I art     : Explicit concurrent mark sweep GC freed 970(59KB) AllocSpace objects, 0(0B) LOS objects, 35% free, 29MB/45MB, paused 528us total 40.996ms
08-06 00:17:51.295 28713 28724 I art     : Starting a blocking GC Explicit
08-06 00:17:51.333 13866 13866 I GoogleInputMethodServic: GoogleInputMethodService.onFinishInput():3138 
08-06 00:17:51.334 13866 13866 I GoogleInputMethodServic: GoogleInputMethodService.onStartInput():1808 
08-06 00:17:51.334   918   936 I ActivityManager: Displayed baseline.org.quantumbadger.redreader/.activities.WebViewActivity: +489ms
08-06 00:17:51.342 28713 28724 I art     : Explicit concurrent mark sweep GC freed 659(32KB) AllocSpace objects, 0(0B) LOS objects, 35% free, 29MB/45MB, paused 532us total 46.669ms
08-06 00:17:51.361 28713 28724 I art     : Starting a blocking GC Explicit
08-06 00:17:51.398   512  2967 D audio_hw_primary: disable_audio_route: reset and update mixer path: low-latency-playback speaker
08-06 00:17:51.399   512  2967 D audio_hw_primary: disable_snd_device: snd_device(2: speaker)
08-06 00:17:51.403 28713 28724 I art     : Explicit concurrent mark sweep GC freed 193(13KB) AllocSpace objects, 0(0B) LOS objects, 35% free, 29MB/45MB, paused 423us total 41.174ms
08-06 00:17:51.407   512  2967 I soundtrigger: audio_extn_sound_trigger_update_device_status: device 0x2 of type 0 for Event 0
08-06 00:17:51.420 28713 28724 I art     : Starting a blocking GC Explicit
08-06 00:17:51.464 28713 28724 I art     : Explicit concurrent mark sweep GC freed 7(256B) AllocSpace objects, 0(0B) LOS objects, 35% free, 29MB/45MB, paused 435us total 43.688ms
08-06 00:17:51.564   380   380 W SurfaceFlinger: couldn't log to binary event log: overflow.
08-06 00:17:51.783 28713 29069 I art     : Starting a blocking GC Explicit
08-06 00:17:51.843 28713 29069 I art     : Explicit concurrent mark sweep GC freed 5263(306KB) AllocSpace objects, 4(220KB) LOS objects, 35% free, 29MB/45MB, paused 701us total 59.964ms
08-06 00:17:51.879 28713 29069 I art     : Starting a blocking GC Explicit
08-06 00:17:51.922 28713 29069 I art     : Explicit concurrent mark sweep GC freed 1138(131KB) AllocSpace objects, 0(0B) LOS objects, 35% free, 29MB/45MB, paused 526us total 42.352ms
08-06 00:17:51.943 28713 29069 I art     : Starting a blocking GC Explicit
08-06 00:17:51.984 28713 29069 I art     : Explicit concurrent mark sweep GC freed 1864(77KB) AllocSpace objects, 0(0B) LOS objects, 35% free, 29MB/45MB, paused 571us total 40.615ms
08-06 00:17:52.002 28713 29069 I art     : Starting a blocking GC Explicit
08-06 00:17:52.023 28602 28602 I ServiceManager: Waiting for service AtCmdFwd...
08-06 00:17:52.045 28713 29069 I art     : Explicit concurrent mark sweep GC freed 137(6KB) AllocSpace objects, 0(0B) LOS objects, 35% free, 29MB/45MB, paused 606us total 42.646ms
08-06 00:17:52.063 28713 29069 I art     : Starting a blocking GC Explicit
08-06 00:17:52.105 28713 29069 I art     : Explicit concurrent mark sweep GC freed 1976(81KB) AllocSpace objects, 0(0B) LOS objects, 35% free, 29MB/45MB, paused 637us total 42.369ms
08-06 00:17:52.442 28713 28724 I art     : Starting a blocking GC Explicit
08-06 00:17:52.484 28713 28724 I art     : Explicit concurrent mark sweep GC freed 1402(84KB) AllocSpace objects, 1(20KB) LOS objects, 35% free, 29MB/45MB, paused 533us total 41.213ms
08-06 00:17:52.505 28713 28724 I art     : Starting a blocking GC Explicit
08-06 00:17:52.546 28713 28724 I art     : Explicit concurrent mark sweep GC freed 20(704B) AllocSpace objects, 0(0B) LOS objects, 35% free, 29MB/45MB, paused 491us total 40.076ms
08-06 00:17:52.563 28713 28724 I art     : Starting a blocking GC Explicit
08-06 00:17:52.602 28713 28724 I art     : Explicit concurrent mark sweep GC freed 3(96B) AllocSpace objects, 0(0B) LOS objects, 35% free, 29MB/45MB, paused 536us total 39.555ms
08-06 00:17:52.620 28713 28724 I art     : Starting a blocking GC Explicit
08-06 00:17:52.659 28713 28724 I art     : Explicit concurrent mark sweep GC freed 3(96B) AllocSpace objects, 0(0B) LOS objects, 35% free, 29MB/45MB, paused 560us total 39.584ms
08-06 00:17:52.686 28713 28724 I art     : Starting a blocking GC Explicit
08-06 00:17:52.733 28713 28724 I art     : Explicit concurrent mark sweep GC freed 3(96B) AllocSpace objects, 0(0B) LOS objects, 35% free, 29MB/45MB, paused 750us total 46.758ms
08-06 00:17:52.912 28713 28713 I Choreographer: Skipped 56 frames!  The application may be doing too much work on its main thread.
08-06 00:17:53.024 28602 28602 I ServiceManager: Waiting for service AtCmdFwd...
08-06 00:17:53.103 28713 28734 I art     : Starting a blocking GC Explicit
08-06 00:17:53.157 28713 28734 I art     : Explicit concurrent mark sweep GC freed 1581(115KB) AllocSpace objects, 1(20KB) LOS objects, 35% free, 29MB/45MB, paused 636us total 53.183ms
08-06 00:17:53.177 28713 28734 I art     : Starting a blocking GC Explicit
08-06 00:17:53.227 28713 28734 I art     : Explicit concurrent mark sweep GC freed 92(3KB) AllocSpace objects, 0(0B) LOS objects, 35% free, 29MB/45MB, paused 535us total 50.073ms
08-06 00:17:53.244 28713 28734 I art     : Starting a blocking GC Explicit
08-06 00:17:53.284 28713 28734 I art     : Explicit concurrent mark sweep GC freed 3(96B) AllocSpace objects, 0(0B) LOS objects, 35% free, 29MB/45MB, paused 490us total 39.698ms
08-06 00:17:53.301 28713 28734 I art     : Starting a blocking GC Explicit
08-06 00:17:53.342 28713 28734 I art     : Explicit concurrent mark sweep GC freed 3(96B) AllocSpace objects, 0(0B) LOS objects, 35% free, 29MB/45MB, paused 484us total 40.402ms
08-06 00:17:53.359 28713 28734 I art     : Starting a blocking GC Explicit
08-06 00:17:53.400 28713 28734 I art     : Explicit concurrent mark sweep GC freed 3(96B) AllocSpace objects, 0(0B) LOS objects, 35% free, 29MB/45MB, paused 487us total 40.482ms
08-06 00:17:53.634 28713 28713 I chromium: [INFO:CONSOLE(1)] "
08-06 00:17:53.634 28713 28713 I chromium:                   ,d"=,.,qOp,
08-06 00:17:53.634 28713 28713 I chromium:                  ,7'  ''$(  )
08-06 00:17:53.634 28713 28713 I chromium:                 ,7'      '?q$7'
08-06 00:17:53.634 28713 28713 I chromium:              ..,$$,.
08-06 00:17:53.634 28713 28713 I chromium:    ,.  .,,--***""***--,,.  .,
08-06 00:17:53.634 28713 28713 I chromium:     ,p''              ''q,   
08-06 00:17:53.634 28713 28713 I chromium: :  ,7'                      '7,  :
08-06 00:17:53.634 28713 28713 I chromium:  ' $      ,db,      ,db,      $ '
08-06 00:17:53.634 28713 28713 I chromium:   '$      $$      $$      $'    Using Reddit at work? Work for Reddit.
08-06 00:17:53.634 28713 28713 I chromium:   '$                          $'        https://www.reddit.com/jobs
08-06 00:17:53.634 28713 28713 I chromium:    '$.     .,        ,.     .$'
08-06 00:17:53.634 28713 28713 I chromium:     'b,     ''     ,d'
08-06 00:17:53.634 28713 28713 I chromium:      '?bn,,          ,,nd?'
08-06 00:17:53.634 28713 28713 I chromium:        ,7$ '''' $7,
08-06 00:17:53.634 28713 28713 I chromium:      , $              $ ,
08-06 00:17:53.634 28713 28713 I chromium:      $  :$              $:  $
08-06 00:17:53.634 28713 28713 I chromium:      $   $              $   $
08-06 00:17:53.634 28713 28713 I chromium:      'b  q:            :p  d'
08-06 00:17:53.634 28713 28713 I chromium:       '?$.          .$?'
08-06 00:17:53.634 28713 28713 I chromium:          'b            d'
08-06 00:17:53.634 28713 28713 I chromium:        ,'?,.      .,?',
08-06 00:17:53.634 28713 28713 I chromium:       ==--==--==--==
08-06 00:17:53.634 28713 28713 I chromium: ", source: https://www.redditstatic.com/desktop2x/Chat~Governance~Reddit.2ea93b134a9b2e5b1d9a.js (1)
08-06 00:17:53.745 28713 28725 I art     : Starting a blocking GC Explicit
08-06 00:17:53.824 28713 28725 I art     : Explicit concurrent mark sweep GC freed 1364(85KB) AllocSpace objects, 1(20KB) LOS objects, 35% free, 29MB/45MB, paused 592us total 78.652ms
08-06 00:17:53.844 28713 28725 I art     : Starting a blocking GC Explicit
08-06 00:17:53.885 28713 28725 I art     : Explicit concurrent mark sweep GC freed 20(704B) AllocSpace objects, 0(0B) LOS objects, 35% free, 29MB/45MB, paused 508us total 41.316ms
08-06 00:17:53.904 28713 28725 I art     : Starting a blocking GC Explicit
08-06 00:17:53.952 28713 28725 I art     : Explicit concurrent mark sweep GC freed 3(96B) AllocSpace objects, 0(0B) LOS objects, 35% free, 29MB/45MB, paused 529us total 47.536ms
08-06 00:17:53.970 28713 28725 I art     : Starting a blocking GC Explicit
08-06 00:17:54.016 28713 28725 I art     : Explicit concurrent mark sweep GC freed 3(96B) AllocSpace objects, 0(0B) LOS objects, 35% free, 29MB/45MB, paused 535us total 45.694ms
08-06 00:17:54.024 28602 28602 I ServiceManager: Waiting for service AtCmdFwd...
08-06 00:17:54.036 28713 28725 I art     : Starting a blocking GC Explicit
08-06 00:17:54.085 28713 28725 I art     : Explicit concurrent mark sweep GC freed 3(96B) AllocSpace objects, 0(0B) LOS objects, 35% free, 29MB/45MB, paused 612us total 48.747ms
08-06 00:17:54.448 28713 28724 I art     : Starting a blocking GC Explicit
08-06 00:17:54.497 28713 28724 I art     : Explicit concurrent mark sweep GC freed 1367(83KB) AllocSpace objects, 1(20KB) LOS objects, 35% free, 29MB/45MB, paused 559us total 48.671ms
08-06 00:17:54.517 28713 28724 I art     : Starting a blocking GC Explicit
08-06 00:17:54.564 28713 28724 I art     : Explicit concurrent mark sweep GC freed 22(768B) AllocSpace objects, 0(0B) LOS objects, 35% free, 29MB/45MB, paused 545us total 47.366ms
08-06 00:17:54.583 28713 28724 I art     : Starting a blocking GC Explicit
08-06 00:17:54.632 28713 28724 I art     : Explicit concurrent mark sweep GC freed 3(96B) AllocSpace objects, 0(0B) LOS objects, 35% free, 29MB/45MB, paused 547us total 49.640ms
08-06 00:17:54.651 28713 28724 I art     : Starting a blocking GC Explicit
08-06 00:17:54.700 28713 28724 I art     : Explicit concurrent mark sweep GC freed 3(96B) AllocSpace objects, 0(0B) LOS objects, 35% free, 29MB/45MB, paused 608us total 48.322ms
08-06 00:17:54.719 28713 28724 I art     : Starting a blocking GC Explicit
08-06 00:17:54.767 28713 28724 I art     : Explicit concurrent mark sweep GC freed 3(96B) AllocSpace objects, 0(0B) LOS objects, 35% free, 29MB/45MB, paused 565us total 47.523ms
08-06 00:17:55.025 28602 28602 I ServiceManager: Waiting for service AtCmdFwd...
08-06 00:17:55.109 28713 29069 I art     : Starting a blocking GC Explicit
08-06 00:17:55.154 28713 29069 I art     : Explicit concurrent mark sweep GC freed 1573(95KB) AllocSpace objects, 1(20KB) LOS objects, 35% free, 29MB/45MB, paused 519us total 44.603ms
08-06 00:17:55.179 28713 29069 I art     : Starting a blocking GC Explicit
08-06 00:17:55.225 28713 29069 I art     : Explicit concurrent mark sweep GC freed 29(3KB) AllocSpace objects, 0(0B) LOS objects, 35% free, 29MB/45MB, paused 520us total 46.339ms
08-06 00:17:55.244 28713 29069 I art     : Starting a blocking GC Explicit
08-06 00:17:55.299 28713 29069 I art     : Explicit concurrent mark sweep GC freed 3(96B) AllocSpace objects, 0(0B) LOS objects, 35% free, 29MB/45MB, paused 539us total 54.514ms
08-06 00:17:55.318 28713 29069 I art     : Starting a blocking GC Explicit
08-06 00:17:55.370 28713 29069 I art     : Explicit concurrent mark sweep GC freed 3(96B) AllocSpace objects, 0(0B) LOS objects, 35% free, 29MB/45MB, paused 553us total 51.263ms
08-06 00:17:55.395 28713 29069 I art     : Starting a blocking GC Explicit
08-06 00:17:55.445 28713 29069 I art     : Explicit concurrent mark sweep GC freed 3(96B) AllocSpace objects, 0(0B) LOS objects, 35% free, 29MB/45MB, paused 483us total 49.247ms
08-06 00:17:55.790 28713 28725 I art     : Starting a blocking GC Explicit
08-06 00:17:55.840 28713 28725 I art     : Explicit concurrent mark sweep GC freed 1401(85KB) AllocSpace objects, 1(20KB) LOS objects, 35% free, 29MB/45MB, paused 509us total 49.655ms
08-06 00:17:55.847 28713 30626 I RedditChangeDataIO: Writing tmp data file at '/data/user/0/baseline.org.quantumbadger.redreader/files/rr_change_data_tmp.dat'
08-06 00:17:55.847 28713 30626 I RedditChangeDataManager: Taking snapshot...
08-06 00:17:55.848 28713 30626 I RedditChangeDataManager: Writing to stream...
08-06 00:17:55.848 28713 30626 I RedditChangeDataManager: Wrote 4 entries for user ''
08-06 00:17:55.848 28713 30626 I RedditChangeDataManager: All entries written to stream.
08-06 00:17:55.848 28713 30626 I RedditChangeDataIO: Write successful. Atomically replacing data file...
08-06 00:17:55.848 28713 30626 I RedditChangeDataIO: Write complete.
08-06 00:17:55.849 28713 30626 I RedditChangeDataIO: 110 bytes written in 2 ms
08-06 00:17:55.859 28713 28725 I art     : Starting a blocking GC Explicit
08-06 00:17:55.916 28713 28725 I art     : Explicit concurrent mark sweep GC freed 101(5KB) AllocSpace objects, 1(68KB) LOS objects, 35% free, 29MB/45MB, paused 487us total 56.750ms
08-06 00:17:55.935 28713 28725 I art     : Starting a blocking GC Explicit
08-06 00:17:55.993 28713 28725 I art     : Explicit concurrent mark sweep GC freed 6(192B) AllocSpace objects, 0(0B) LOS objects, 35% free, 29MB/45MB, paused 535us total 57.935ms
08-06 00:17:56.013 28713 28725 I art     : Starting a blocking GC Explicit
08-06 00:17:56.025 28602 28602 I ServiceManager: Waiting for service AtCmdFwd...
08-06 00:17:56.062 28713 28725 I art     : Explicit concurrent mark sweep GC freed 3(96B) AllocSpace objects, 0(0B) LOS objects, 35% free, 29MB/45MB, paused 483us total 48.779ms
08-06 00:17:56.088 28713 28725 I art     : Starting a blocking GC Explicit
08-06 00:17:56.138 28713 28725 I art     : Explicit concurrent mark sweep GC freed 3(96B) AllocSpace objects, 0(0B) LOS objects, 35% free, 29MB/45MB, paused 519us total 49.610ms
08-06 00:17:56.506 28713 29069 I art     : Starting a blocking GC Explicit
08-06 00:17:56.559 28713 29069 I art     : Explicit concurrent mark sweep GC freed 1355(82KB) AllocSpace objects, 1(20KB) LOS objects, 35% free, 29MB/45MB, paused 476us total 52.634ms
08-06 00:17:56.585 28713 29069 I art     : Starting a blocking GC Explicit
08-06 00:17:56.634 28713 29069 I art     : Explicit concurrent mark sweep GC freed 22(784B) AllocSpace objects, 0(0B) LOS objects, 35% free, 29MB/45MB, paused 504us total 49.120ms
08-06 00:17:56.654 28713 29069 I art     : Starting a blocking GC Explicit
08-06 00:17:56.702 28713 29069 I art     : Explicit concurrent mark sweep GC freed 3(96B) AllocSpace objects, 0(0B) LOS objects, 35% free, 29MB/45MB, paused 504us total 47.648ms
08-06 00:17:56.720 28713 29069 I art     : Starting a blocking GC Explicit
08-06 00:17:56.769 28713 29069 I art     : Explicit concurrent mark sweep GC freed 3(96B) AllocSpace objects, 0(0B) LOS objects, 35% free, 29MB/45MB, paused 592us total 48.256ms
08-06 00:17:56.790 28713 29069 I art     : Starting a blocking GC Explicit
08-06 00:17:56.841 28713 29069 I art     : Explicit concurrent mark sweep GC freed 3(96B) AllocSpace objects, 0(0B) LOS objects, 35% free, 29MB/45MB, paused 1.123ms total 50.146ms
08-06 00:17:57.026 28602 28602 W Atfwd_Sendcmd: AtCmdFwd service not published, waiting... retryCnt : 4
08-06 00:17:57.223 28713 28734 I art     : Starting a blocking GC Explicit
08-06 00:17:57.275 28713 28734 I art     : Explicit concurrent mark sweep GC freed 1355(82KB) AllocSpace objects, 1(20KB) LOS objects, 35% free, 29MB/45MB, paused 591us total 51.857ms
08-06 00:17:57.297 28713 28734 I art     : Starting a blocking GC Explicit
08-06 00:17:57.347 28713 28734 I art     : Explicit concurrent mark sweep GC freed 20(704B) AllocSpace objects, 0(0B) LOS objects, 35% free, 29MB/45MB, paused 516us total 49.626ms
08-06 00:17:57.366 28713 28734 I art     : Starting a blocking GC Explicit
08-06 00:17:57.417 28713 28734 I art     : Explicit concurrent mark sweep GC freed 3(96B) AllocSpace objects, 0(0B) LOS objects, 35% free, 29MB/45MB, paused 492us total 50.627ms
08-06 00:17:57.436 28713 28734 I art     : Starting a blocking GC Explicit
08-06 00:17:57.491 28713 28734 I art     : Explicit concurrent mark sweep GC freed 3(96B) AllocSpace objects, 0(0B) LOS objects, 35% free, 29MB/45MB, paused 463us total 54.838ms
08-06 00:17:57.510 28713 28734 I art     : Starting a blocking GC Explicit
08-06 00:17:57.558 28713 28734 I art     : Explicit concurrent mark sweep GC freed 3(96B) AllocSpace objects, 0(0B) LOS objects, 35% free, 29MB/45MB, paused 491us total 48.486ms
08-06 00:17:57.947 28713 28725 I art     : Starting a blocking GC Explicit
08-06 00:17:58.003 28713 28725 I art     : Explicit concurrent mark sweep GC freed 1355(82KB) AllocSpace objects, 1(20KB) LOS objects, 35% free, 29MB/45MB, paused 542us total 55.655ms
08-06 00:17:58.021 28713 28725 I art     : Starting a blocking GC Explicit
08-06 00:17:58.073 28713 28725 I art     : Explicit concurrent mark sweep GC freed 20(704B) AllocSpace objects, 0(0B) LOS objects, 35% free, 29MB/45MB, paused 585us total 51.333ms
08-06 00:17:58.098 28713 28725 I art     : Starting a blocking GC Explicit
08-06 00:17:58.148 28713 28725 I art     : Explicit concurrent mark sweep GC freed 3(96B) AllocSpace objects, 0(0B) LOS objects, 35% free, 29MB/45MB, paused 528us total 48.882ms
08-06 00:17:58.166 28713 28725 I art     : Starting a blocking GC Explicit
08-06 00:17:58.220 28713 28725 I art     : Explicit concurrent mark sweep GC freed 3(96B) AllocSpace objects, 0(0B) LOS objects, 35% free, 29MB/45MB, paused 537us total 53.074ms
08-06 00:17:58.239 28713 28725 I art     : Starting a blocking GC Explicit
08-06 00:17:58.292 28713 28725 I art     : Explicit concurrent mark sweep GC freed 3(96B) AllocSpace objects, 0(0B) LOS objects, 35% free, 29MB/45MB, paused 519us total 53.296ms
08-06 00:17:58.682 28713 29069 I art     : Starting a blocking GC Explicit
08-06 00:17:58.727 28713 29069 I art     : Explicit concurrent mark sweep GC freed 1355(82KB) AllocSpace objects, 1(20KB) LOS objects, 35% free, 29MB/45MB, paused 508us total 44.347ms
08-06 00:17:58.745 28713 29069 I art     : Starting a blocking GC Explicit
08-06 00:17:58.796 28713 29069 I art     : Explicit concurrent mark sweep GC freed 20(704B) AllocSpace objects, 0(0B) LOS objects, 35% free, 29MB/45MB, paused 472us total 51.483ms
08-06 00:17:58.815 28713 29069 I art     : Starting a blocking GC Explicit
08-06 00:17:58.865 28713 29069 I art     : Explicit concurrent mark sweep GC freed 3(96B) AllocSpace objects, 0(0B) LOS objects, 35% free, 29MB/45MB, paused 454us total 49.710ms
08-06 00:17:58.866 28713 28723 I art     : WaitForGcToComplete blocked for 41.500ms for cause HeapTrim
08-06 00:17:58.885 28713 29069 I art     : Starting a blocking GC Explicit
08-06 00:17:58.930 28713 29069 I art     : Explicit concurrent mark sweep GC freed 3(96B) AllocSpace objects, 0(0B) LOS objects, 35% free, 29MB/45MB, paused 616us total 44.566ms
08-06 00:17:58.949 28713 29069 I art     : Starting a blocking GC Explicit
08-06 00:17:58.992 28713 29069 I art     : Explicit concurrent mark sweep GC freed 3(96B) AllocSpace objects, 0(0B) LOS objects, 35% free, 29MB/45MB, paused 444us total 43.092ms
08-06 00:17:59.349 28713 29069 I art     : Starting a blocking GC Explicit
08-06 00:17:59.405 28713 29069 I art     : Explicit concurrent mark sweep GC freed 1355(82KB) AllocSpace objects, 1(20KB) LOS objects, 35% free, 29MB/45MB, paused 527us total 55.332ms
08-06 00:17:59.423 28713 29069 I art     : Starting a blocking GC Explicit
08-06 00:17:59.472 28713 29069 I art     : Explicit concurrent mark sweep GC freed 20(704B) AllocSpace objects, 0(0B) LOS objects, 35% free, 29MB/45MB, paused 559us total 47.844ms
08-06 00:17:59.495 28713 29069 I art     : Starting a blocking GC Explicit
08-06 00:17:59.542 28713 29069 I art     : Explicit concurrent mark sweep GC freed 3(96B) AllocSpace objects, 0(0B) LOS objects, 35% free, 29MB/45MB, paused 523us total 46.592ms
08-06 00:17:59.561 28713 29069 I art     : Starting a blocking GC Explicit
08-06 00:17:59.609 30813 30813 D AndroidRuntime: >>>>>> START com.android.internal.os.RuntimeInit uid 2000 <<<<<<
08-06 00:17:59.613 28713 29069 I art     : Explicit concurrent mark sweep GC freed 3(96B) AllocSpace objects, 0(0B) LOS objects, 35% free, 29MB/45MB, paused 512us total 51.405ms
08-06 00:17:59.615 30813 30813 D AndroidRuntime: CheckJNI is OFF
08-06 00:17:59.632 28713 29069 I art     : Starting a blocking GC Explicit
08-06 00:17:59.659 30813 30813 D ICU     : No timezone override file found: /data/misc/zoneinfo/current/icu/icu_tzdata.dat
08-06 00:17:59.685 28713 29069 I art     : Explicit concurrent mark sweep GC freed 3(96B) AllocSpace objects, 0(0B) LOS objects, 35% free, 29MB/45MB, paused 650us total 52.367ms
08-06 00:17:59.711 30813 30813 I Radio-JNI: register_android_hardware_Radio DONE
08-06 00:17:59.739 30813 30813 D AndroidRuntime: Calling main entry com.android.commands.input.Input
08-06 00:17:59.742 30813 30813 I Input   : injectKeyEvent: KeyEvent { action=ACTION_DOWN, keyCode=KEYCODE_BACK, scanCode=0, metaState=0, flags=0x0, repeatCount=0, eventTime=836296155, downTime=836296155, deviceId=-1, source=0x101 }
08-06 00:17:59.752 30813 30813 I Input   : injectKeyEvent: KeyEvent { action=ACTION_UP, keyCode=KEYCODE_BACK, scanCode=0, metaState=0, flags=0x0, repeatCount=0, eventTime=836296155, downTime=836296155, deviceId=-1, source=0x101 }
08-06 00:17:59.760 30813 30813 D AndroidRuntime: Shutting down VM
08-06 00:17:59.803 13866 13866 I GoogleInputMethodServic: GoogleInputMethodService.onFinishInput():3138 
08-06 00:17:59.803 13866 13866 I GoogleInputMethodServic: GoogleInputMethodService.onStartInput():1808 
08-06 00:18:00.006 28713 28724 I art     : Starting a blocking GC Explicit
08-06 00:18:00.064 28713 28724 I art     : Explicit concurrent mark sweep GC freed 1636(94KB) AllocSpace objects, 1(20KB) LOS objects, 35% free, 29MB/45MB, paused 664us total 56.825ms
08-06 00:18:00.084 28713 28724 I art     : Starting a blocking GC Explicit
08-06 00:18:00.107   380   380 W SurfaceFlinger: couldn't log to binary event log: overflow.
08-06 00:18:00.131 28713 28724 I art     : Explicit concurrent mark sweep GC freed 84(3KB) AllocSpace objects, 0(0B) LOS objects, 35% free, 29MB/45MB, paused 939us total 46.897ms
08-06 00:18:00.145   918  3263 D ConnectivityService: releasing NetworkRequest NetworkRequest [ id=3643, legacyType=-1, [ Capabilities: INTERNET&NOT_RESTRICTED&TRUSTED] ]
08-06 00:18:00.159 28713 28724 I art     : Starting a blocking GC Explicit
08-06 00:18:00.211 28713 28724 I art     : Explicit concurrent mark sweep GC freed 860(43KB) AllocSpace objects, 0(0B) LOS objects, 35% free, 29MB/45MB, paused 459us total 51.864ms
08-06 00:18:00.229 28713 28724 I art     : Starting a blocking GC Explicit
08-06 00:18:00.279 28713 28724 I art     : Explicit concurrent mark sweep GC freed 2091(123KB) AllocSpace objects, 1(28KB) LOS objects, 35% free, 29MB/45MB, paused 470us total 49.635ms
08-06 00:18:00.297 28713 28724 I art     : Starting a blocking GC Explicit
08-06 00:18:00.340 28713 28724 I art     : Explicit concurrent mark sweep GC freed 3(96B) AllocSpace objects, 0(0B) LOS objects, 35% free, 29MB/45MB, paused 498us total 43.107ms
08-06 00:18:00.696 28713 28734 I art     : Starting a blocking GC Explicit
08-06 00:18:00.754 28713 28734 I art     : Explicit concurrent mark sweep GC freed 1355(82KB) AllocSpace objects, 1(20KB) LOS objects, 35% free, 29MB/45MB, paused 537us total 58.117ms
08-06 00:18:00.777 28713 28734 I art     : Starting a blocking GC Explicit
08-06 00:18:00.822 28713 28734 I art     : Explicit concurrent mark sweep GC freed 20(704B) AllocSpace objects, 0(0B) LOS objects, 35% free, 29MB/45MB, paused 512us total 44.765ms
08-06 00:18:00.840 28713 28734 I art     : Starting a blocking GC Explicit
08-06 00:18:00.888 28713 28734 I art     : Explicit concurrent mark sweep GC freed 3(96B) AllocSpace objects, 0(0B) LOS objects, 35% free, 29MB/45MB, paused 544us total 47.530ms
08-06 00:18:00.907 28713 28734 I art     : Starting a blocking GC Explicit
08-06 00:18:00.954 28713 28734 I art     : Explicit concurrent mark sweep GC freed 3(96B) AllocSpace objects, 0(0B) LOS objects, 35% free, 29MB/45MB, paused 507us total 46.738ms
08-06 00:18:00.973 28713 28734 I art     : Starting a blocking GC Explicit
08-06 00:18:01.020 28713 28734 I art     : Explicit concurrent mark sweep GC freed 3(96B) AllocSpace objects, 0(0B) LOS objects, 35% free, 29MB/45MB, paused 449us total 46.569ms
08-06 00:18:01.349 28713 29069 I art     : Starting a blocking GC Explicit
08-06 00:18:01.409 28713 29069 I art     : Explicit concurrent mark sweep GC freed 1373(83KB) AllocSpace objects, 1(20KB) LOS objects, 35% free, 29MB/45MB, paused 561us total 59.006ms
08-06 00:18:01.428 28713 29069 I art     : Starting a blocking GC Explicit
08-06 00:18:01.477 28713 29069 I art     : Explicit concurrent mark sweep GC freed 26(928B) AllocSpace objects, 0(0B) LOS objects, 35% free, 29MB/45MB, paused 479us total 48.788ms
08-06 00:18:01.495 28713 29069 I art     : Starting a blocking GC Explicit
08-06 00:18:01.543 28713 29069 I art     : Explicit concurrent mark sweep GC freed 3(96B) AllocSpace objects, 0(0B) LOS objects, 35% free, 29MB/45MB, paused 525us total 48.290ms
08-06 00:18:01.563 28713 29069 I art     : Starting a blocking GC Explicit
08-06 00:18:01.571 30858 30858 D AndroidRuntime: >>>>>> START com.android.internal.os.RuntimeInit uid 2000 <<<<<<
08-06 00:18:01.577 30858 30858 D AndroidRuntime: CheckJNI is OFF
08-06 00:18:01.611 28713 29069 I art     : Explicit concurrent mark sweep GC freed 3(96B) AllocSpace objects, 0(0B) LOS objects, 35% free, 29MB/45MB, paused 512us total 47.961ms
08-06 00:18:01.623 30858 30858 D ICU     : No timezone override file found: /data/misc/zoneinfo/current/icu/icu_tzdata.dat
08-06 00:18:01.629 28713 29069 I art     : Starting a blocking GC Explicit
08-06 00:18:01.668 30858 30858 I Radio-JNI: register_android_hardware_Radio DONE
08-06 00:18:01.676 28713 29069 I art     : Explicit concurrent mark sweep GC freed 3(96B) AllocSpace objects, 0(0B) LOS objects, 35% free, 29MB/45MB, paused 571us total 47.209ms
08-06 00:18:01.697 30858 30858 D AndroidRuntime: Calling main entry com.android.commands.input.Input
08-06 00:18:01.699 30858 30858 I Input   : injectMotionEvent: MotionEvent { action=ACTION_DOWN, actionButton=0, id[0]=0, x[0]=600.0, y[0]=820.0, toolType[0]=TOOL_TYPE_UNKNOWN, buttonState=0, metaState=0, flags=0x0, edgeFlags=0x0, pointerCount=1, historySize=0, eventTime=836298112, downTime=836298112, deviceId=0, source=0x1002 }
08-06 00:18:01.714 30858 30858 I Input   : injectMotionEvent: MotionEvent { action=ACTION_UP, actionButton=0, id[0]=0, x[0]=600.0, y[0]=820.0, toolType[0]=TOOL_TYPE_UNKNOWN, buttonState=0, metaState=0, flags=0x0, edgeFlags=0x0, pointerCount=1, historySize=0, eventTime=836298112, downTime=836298112, deviceId=0, source=0x1002 }
08-06 00:18:01.717 30858 30858 D AndroidRuntime: Shutting down VM
08-06 00:18:01.729   512  2967 D audio_hw_primary: out_set_parameters: enter: usecase(1: low-latency-playback) kvpairs: routing=2
08-06 00:18:01.735   918  6110 I ActivityManager: START u0 {dat=https://oauth.reddit.com/... cmp=baseline.org.quantumbadger.redreader/.activities.CommentListingActivity} from uid 10705 on display 0
08-06 00:18:01.742   512  2967 D audio_hw_primary: select_devices: out_snd_device(2: speaker) in_snd_device(0: none)
08-06 00:18:01.742   512  2967 D msm8974_platform: platform_send_audio_calibration: sending audio calibration for snd_device(2) acdb_id(15)
08-06 00:18:01.742   512  2967 I soundtrigger: audio_extn_sound_trigger_update_device_status: device 0x2 of type 0 for Event 1
08-06 00:18:01.755   512  2967 D audio_hw_primary: enable_snd_device: snd_device(2: speaker)
08-06 00:18:01.758   512  2967 D audio_hw_primary: enable_audio_route: apply and update mixer path: low-latency-playback speaker
08-06 00:18:01.765 28713 28713 I AppCompatViewInflater: app:theme is now deprecated. Please move to using android:theme instead.
08-06 00:18:01.783 28713 30883 D OK      : calling: https://oauth.reddit.com/comments/hi3oht/.json?sort=confidence
08-06 00:18:01.864 13866 13866 I GoogleInputMethodServic: GoogleInputMethodService.onFinishInput():3138 
08-06 00:18:01.865   918   936 I ActivityManager: Displayed baseline.org.quantumbadger.redreader/.activities.CommentListingActivity: +117ms
08-06 00:18:01.865 13866 13866 I GoogleInputMethodServic: GoogleInputMethodService.onStartInput():1808 
08-06 00:18:01.980 28713 28724 I art     : Starting a blocking GC Explicit
08-06 00:18:02.047 28713 28724 I art     : Explicit concurrent mark sweep GC freed 6138(301KB) AllocSpace objects, 1(20KB) LOS objects, 35% free, 29MB/45MB, paused 973us total 67.381ms
08-06 00:18:02.054 28713 30883 I NAPPA_EXPERIMENTATION: MetricNetworkRequestExecutionTime: REQUEST_DURATION_SYSTEM='271',REQUEST_DURATION_OKHTTP='147',REQUEST_SYNCHRONOUS='TRUE',RESPONSE_CODE='200',RESPONSE_METHOD='GET',RESPONSE_LENGTH_OKHTTP='-1',RESPONSE_LENGTH_HEADER='167875',REQUEST_PROTOCOL='h2',REQUEST_URL='https://oauth.reddit.com/comments/hi3oht/.json?sort=confidence',
08-06 00:18:02.055 28713 30883 D OK      : request got status: 200
08-06 00:18:02.069 28713 29300 I CommentListingActivity: COMMENTS session changed to dca6fbde-1e00-4ee7-8056-bf2f61b51cd9
08-06 00:18:02.073 28713 28724 I art     : Starting a blocking GC Explicit
08-06 00:18:02.114   380   380 W SurfaceFlinger: couldn't log to binary event log: overflow.
08-06 00:18:02.129 28713 28724 I art     : Explicit concurrent mark sweep GC freed 1344(146KB) AllocSpace objects, 1(16KB) LOS objects, 34% free, 30MB/46MB, paused 989us total 56.231ms
08-06 00:18:02.148 28713 28724 I art     : Starting a blocking GC Explicit
08-06 00:18:02.200 28713 28724 I art     : Explicit concurrent mark sweep GC freed 9025(585KB) AllocSpace objects, 1(24KB) LOS objects, 33% free, 31MB/47MB, paused 1.473ms total 52.526ms
08-06 00:18:02.220 28713 28724 I art     : Starting a blocking GC Explicit
08-06 00:18:02.278 28713 28724 I art     : Explicit concurrent mark sweep GC freed 13751(841KB) AllocSpace objects, 1(24KB) LOS objects, 33% free, 32MB/48MB, paused 1.377ms total 57.630ms
08-06 00:18:02.288   512  2967 D audio_hw_primary: disable_audio_route: reset and update mixer path: low-latency-playback speaker
08-06 00:18:02.289   512  2967 D audio_hw_primary: disable_snd_device: snd_device(2: speaker)
08-06 00:18:02.297   512  2967 I soundtrigger: audio_extn_sound_trigger_update_device_status: device 0x2 of type 0 for Event 0
08-06 00:18:02.297 28713 28724 I art     : Starting a blocking GC Explicit
08-06 00:18:02.364 28713 28724 I art     : Explicit concurrent mark sweep GC freed 14661(969KB) AllocSpace objects, 1(20KB) LOS objects, 32% free, 33MB/49MB, paused 1.769ms total 66.439ms
08-06 00:18:02.686 28713 29069 I art     : Starting a blocking GC Explicit
08-06 00:18:02.771 28713 29069 I art     : Explicit concurrent mark sweep GC freed 21858(1691KB) AllocSpace objects, 4(120KB) LOS objects, 31% free, 35MB/51MB, paused 509us total 84.285ms
08-06 00:18:02.795 28713 29069 I art     : Starting a blocking GC Explicit
08-06 00:18:02.863 28713 29069 I art     : Explicit concurrent mark sweep GC freed 36749(1692KB) AllocSpace objects, 2(84KB) LOS objects, 32% free, 33MB/49MB, paused 534us total 67.981ms
08-06 00:18:02.887 28713 29069 I art     : Starting a blocking GC Explicit
08-06 00:18:02.952 28713 29069 I art     : Explicit concurrent mark sweep GC freed 8(272B) AllocSpace objects, 0(0B) LOS objects, 32% free, 33MB/49MB, paused 568us total 65.268ms
08-06 00:18:02.974 28713 29069 I art     : Starting a blocking GC Explicit
08-06 00:18:03.039 28713 29069 I art     : Explicit concurrent mark sweep GC freed 3(96B) AllocSpace objects, 0(0B) LOS objects, 32% free, 33MB/49MB, paused 559us total 64.571ms
08-06 00:18:03.062 28713 29069 I art     : Starting a blocking GC Explicit
08-06 00:18:03.128 28713 29069 I art     : Explicit concurrent mark sweep GC freed 3(96B) AllocSpace objects, 0(0B) LOS objects, 32% free, 33MB/49MB, paused 515us total 66.474ms
08-06 00:18:03.473 28713 28724 I art     : Starting a blocking GC Explicit
08-06 00:18:03.565 28713 28724 I art     : Explicit concurrent mark sweep GC freed 1400(84KB) AllocSpace objects, 1(20KB) LOS objects, 32% free, 33MB/49MB, paused 620us total 92.265ms
08-06 00:18:03.591 28713 28724 I art     : Starting a blocking GC Explicit
08-06 00:18:03.655   518   646 I ThermalEngine: ACTION: GPU - Setting GPU[0] to 390000000
08-06 00:18:03.700 28713 28724 I art     : Explicit concurrent mark sweep GC freed 20(704B) AllocSpace objects, 0(0B) LOS objects, 32% free, 33MB/49MB, paused 981us total 108.232ms
08-06 00:18:03.734 28713 28724 I art     : Starting a blocking GC Explicit
08-06 00:18:03.833 28713 28724 I art     : Explicit concurrent mark sweep GC freed 3(96B) AllocSpace objects, 0(0B) LOS objects, 32% free, 33MB/49MB, paused 965us total 98.206ms
08-06 00:18:03.870 28713 28724 I art     : Starting a blocking GC Explicit
08-06 00:18:03.961 28713 28724 I art     : Explicit concurrent mark sweep GC freed 3(96B) AllocSpace objects, 0(0B) LOS objects, 32% free, 33MB/49MB, paused 940us total 90.307ms
08-06 00:18:03.962 28713 28723 I art     : WaitForGcToComplete blocked for 31.411ms for cause HeapTrim
08-06 00:18:03.999 28713 28724 I art     : Starting a blocking GC Explicit
08-06 00:18:04.090 28713 28724 I art     : Explicit concurrent mark sweep GC freed 3(96B) AllocSpace objects, 0(0B) LOS objects, 32% free, 33MB/49MB, paused 1.373ms total 89.802ms
08-06 00:18:04.490 28713 28734 I art     : Starting a blocking GC Explicit
08-06 00:18:04.595 28713 28734 I art     : Explicit concurrent mark sweep GC freed 1354(82KB) AllocSpace objects, 1(20KB) LOS objects, 32% free, 33MB/49MB, paused 1.407ms total 104.360ms
08-06 00:18:04.630 28713 28734 I art     : Starting a blocking GC Explicit
08-06 00:18:04.648   518   646 I ThermalEngine: ACTION: GPU - Setting GPU[0] to 450000000
08-06 00:18:04.703 28713 28734 I art     : Explicit concurrent mark sweep GC freed 20(704B) AllocSpace objects, 0(0B) LOS objects, 32% free, 33MB/49MB, paused 530us total 73.326ms
08-06 00:18:04.726 28713 28734 I art     : Starting a blocking GC Explicit
08-06 00:18:04.805 28713 28734 I art     : Explicit concurrent mark sweep GC freed 3(96B) AllocSpace objects, 0(0B) LOS objects, 32% free, 33MB/49MB, paused 512us total 79.425ms
08-06 00:18:04.832 28713 28734 I art     : Starting a blocking GC Explicit
08-06 00:18:04.910 28713 28734 I art     : Explicit concurrent mark sweep GC freed 3(96B) AllocSpace objects, 0(0B) LOS objects, 32% free, 33MB/49MB, paused 571us total 77.579ms
08-06 00:18:04.933 28713 28734 I art     : Starting a blocking GC Explicit
08-06 00:18:05.013 28713 28734 I art     : Explicit concurrent mark sweep GC freed 3(96B) AllocSpace objects, 0(0B) LOS objects, 32% free, 33MB/49MB, paused 629us total 79.351ms
08-06 00:18:05.377 28713 28725 I art     : Starting a blocking GC Explicit
08-06 00:18:05.454 28713 28725 I art     : Explicit concurrent mark sweep GC freed 1354(82KB) AllocSpace objects, 1(20KB) LOS objects, 32% free, 33MB/49MB, paused 619us total 76.469ms
08-06 00:18:05.476 28713 28725 I art     : Starting a blocking GC Explicit
08-06 00:18:05.554 28713 28725 I art     : Explicit concurrent mark sweep GC freed 45(1648B) AllocSpace objects, 0(0B) LOS objects, 32% free, 33MB/49MB, paused 639us total 77.607ms
08-06 00:18:05.581 28713 28725 I art     : Starting a blocking GC Explicit
08-06 00:18:05.659 28713 28725 I art     : Explicit concurrent mark sweep GC freed 3(96B) AllocSpace objects, 0(0B) LOS objects, 32% free, 33MB/49MB, paused 584us total 77.425ms
08-06 00:18:05.682 28713 28725 I art     : Starting a blocking GC Explicit
08-06 00:18:05.760 28713 28725 I art     : Explicit concurrent mark sweep GC freed 3(96B) AllocSpace objects, 0(0B) LOS objects, 32% free, 33MB/49MB, paused 632us total 78.286ms
08-06 00:18:05.787 28713 28725 I art     : Starting a blocking GC Explicit
08-06 00:18:05.863 28713 28725 I art     : Explicit concurrent mark sweep GC freed 3(96B) AllocSpace objects, 0(0B) LOS objects, 32% free, 33MB/49MB, paused 601us total 75.783ms
08-06 00:18:06.187   918  3188 I hubconnection: sensorhub said: 'set_bias 3: -5.7216, 0.0000, 0.0000'
08-06 00:18:06.193 28713 29069 I art     : Starting a blocking GC Explicit
08-06 00:18:06.271 28713 29069 I art     : Explicit concurrent mark sweep GC freed 1355(82KB) AllocSpace objects, 1(20KB) LOS objects, 32% free, 33MB/49MB, paused 547us total 77.175ms
08-06 00:18:06.293 28713 29069 I art     : Starting a blocking GC Explicit
08-06 00:18:06.361 28713 29069 I art     : Explicit concurrent mark sweep GC freed 30(960B) AllocSpace objects, 0(0B) LOS objects, 32% free, 33MB/49MB, paused 569us total 67.404ms
08-06 00:18:06.383 28713 29069 I art     : Starting a blocking GC Explicit
08-06 00:18:06.457 28713 29069 I art     : Explicit concurrent mark sweep GC freed 34(1888B) AllocSpace objects, 0(0B) LOS objects, 32% free, 33MB/49MB, paused 578us total 73.264ms
08-06 00:18:06.479 28713 29069 I art     : Starting a blocking GC Explicit
08-06 00:18:06.541 30936 30936 D AndroidRuntime: >>>>>> START com.android.internal.os.RuntimeInit uid 2000 <<<<<<
08-06 00:18:06.548 30936 30936 D AndroidRuntime: CheckJNI is OFF
08-06 00:18:06.551 28713 29069 I art     : Explicit concurrent mark sweep GC freed 9(320B) AllocSpace objects, 0(0B) LOS objects, 32% free, 33MB/49MB, paused 657us total 71.130ms
08-06 00:18:06.574 28713 29069 I art     : Starting a blocking GC Explicit
08-06 00:18:06.594 30936 30936 D ICU     : No timezone override file found: /data/misc/zoneinfo/current/icu/icu_tzdata.dat
08-06 00:18:06.641 30936 30936 I Radio-JNI: register_android_hardware_Radio DONE
08-06 00:18:06.644 28713 29069 I art     : Explicit concurrent mark sweep GC freed 3(96B) AllocSpace objects, 0(0B) LOS objects, 32% free, 33MB/49MB, paused 631us total 70.074ms
08-06 00:18:06.671 30936 30936 D AndroidRuntime: Calling main entry com.android.commands.input.Input
08-06 00:18:06.673 30936 30936 I Input   : injectKeyEvent: KeyEvent { action=ACTION_DOWN, keyCode=KEYCODE_BACK, scanCode=0, metaState=0, flags=0x0, repeatCount=0, eventTime=836303086, downTime=836303086, deviceId=-1, source=0x101 }
08-06 00:18:06.680 30936 30936 I Input   : injectKeyEvent: KeyEvent { action=ACTION_UP, keyCode=KEYCODE_BACK, scanCode=0, metaState=0, flags=0x0, repeatCount=0, eventTime=836303086, downTime=836303086, deviceId=-1, source=0x101 }
08-06 00:18:06.686 30936 30936 D AndroidRuntime: Shutting down VM
08-06 00:18:06.727 13866 13866 I GoogleInputMethodServic: GoogleInputMethodService.onFinishInput():3138 
08-06 00:18:06.727 13866 13866 I GoogleInputMethodServic: GoogleInputMethodService.onStartInput():1808 
08-06 00:18:06.750 28713 30882 I RedditChangeDataIO: Writing tmp data file at '/data/user/0/baseline.org.quantumbadger.redreader/files/rr_change_data_tmp.dat'
08-06 00:18:06.751 28713 30882 I RedditChangeDataManager: Taking snapshot...
08-06 00:18:06.751 28713 30882 I RedditChangeDataManager: Writing to stream...
08-06 00:18:06.751 28713 30882 I RedditChangeDataManager: Wrote 5 entries for user ''
08-06 00:18:06.751 28713 30882 I RedditChangeDataManager: All entries written to stream.
08-06 00:18:06.751 28713 30882 I RedditChangeDataIO: Write successful. Atomically replacing data file...
08-06 00:18:06.752 28713 30882 I RedditChangeDataIO: Write complete.
08-06 00:18:06.752 28713 30882 I RedditChangeDataIO: 134 bytes written in 3 ms
08-06 00:18:06.972 28713 29069 I art     : Starting a blocking GC Explicit
08-06 00:18:07.048   380   380 W SurfaceFlinger: couldn't log to binary event log: overflow.
08-06 00:18:07.050 28713 29069 I art     : Explicit concurrent mark sweep GC freed 1709(97KB) AllocSpace objects, 2(88KB) LOS objects, 32% free, 33MB/49MB, paused 701us total 78.149ms
08-06 00:18:07.075 28713 29069 I art     : Starting a blocking GC Explicit
08-06 00:18:07.139 28713 29069 I art     : Explicit concurrent mark sweep GC freed 87(3KB) AllocSpace objects, 0(0B) LOS objects, 32% free, 33MB/49MB, paused 547us total 63.183ms
08-06 00:18:07.161 28713 29069 I art     : Starting a blocking GC Explicit
08-06 00:18:07.214 28713 29069 I art     : Explicit concurrent mark sweep GC freed 76493(4MB) AllocSpace objects, 5(140KB) LOS objects, 35% free, 29MB/45MB, paused 573us total 53.573ms
08-06 00:18:07.233 28713 29069 I art     : Starting a blocking GC Explicit
08-06 00:18:07.276 28713 29069 I art     : Explicit concurrent mark sweep GC freed 3(96B) AllocSpace objects, 0(0B) LOS objects, 35% free, 29MB/45MB, paused 556us total 43.265ms
08-06 00:18:07.295 28713 29069 I art     : Starting a blocking GC Explicit
08-06 00:18:07.343 28713 29069 I art     : Explicit concurrent mark sweep GC freed 3(96B) AllocSpace objects, 0(0B) LOS objects, 35% free, 29MB/45MB, paused 555us total 47.878ms
08-06 00:18:07.688 28713 28725 I art     : Starting a blocking GC Explicit
08-06 00:18:07.746 28713 28725 I art     : Explicit concurrent mark sweep GC freed 1593(119KB) AllocSpace objects, 1(20KB) LOS objects, 35% free, 29MB/45MB, paused 610us total 57.559ms
08-06 00:18:07.766 28713 28725 I art     : Starting a blocking GC Explicit
08-06 00:18:07.815 28713 28725 I art     : Explicit concurrent mark sweep GC freed 85(2880B) AllocSpace objects, 0(0B) LOS objects, 35% free, 29MB/45MB, paused 518us total 48.532ms
08-06 00:18:07.834 28713 28725 I art     : Starting a blocking GC Explicit
08-06 00:18:07.883 28713 28725 I art     : Explicit concurrent mark sweep GC freed 3(96B) AllocSpace objects, 0(0B) LOS objects, 35% free, 29MB/45MB, paused 605us total 48.019ms
08-06 00:18:07.902 28713 28725 I art     : Starting a blocking GC Explicit
08-06 00:18:07.947 28713 28725 I art     : Explicit concurrent mark sweep GC freed 3(96B) AllocSpace objects, 0(0B) LOS objects, 35% free, 29MB/45MB, paused 616us total 45.589ms
08-06 00:18:07.966 28713 28725 I art     : Starting a blocking GC Explicit
08-06 00:18:08.011 28713 28725 I art     : Explicit concurrent mark sweep GC freed 3(96B) AllocSpace objects, 0(0B) LOS objects, 35% free, 29MB/45MB, paused 548us total 44.233ms
08-06 00:18:08.341 28713 28724 I art     : Starting a blocking GC Explicit
08-06 00:18:08.397 28713 28724 I art     : Explicit concurrent mark sweep GC freed 1357(82KB) AllocSpace objects, 1(20KB) LOS objects, 35% free, 29MB/45MB, paused 508us total 55.127ms
08-06 00:18:08.415 28713 28724 I art     : Starting a blocking GC Explicit
08-06 00:18:08.463 28713 28724 I art     : Explicit concurrent mark sweep GC freed 20(704B) AllocSpace objects, 0(0B) LOS objects, 35% free, 29MB/45MB, paused 535us total 47.394ms
08-06 00:18:08.467 30979 30979 D AndroidRuntime: >>>>>> START com.android.internal.os.RuntimeInit uid 2000 <<<<<<
08-06 00:18:08.473 30979 30979 D AndroidRuntime: CheckJNI is OFF
08-06 00:18:08.481 28713 28724 I art     : Starting a blocking GC Explicit
08-06 00:18:08.518 30979 30979 D ICU     : No timezone override file found: /data/misc/zoneinfo/current/icu/icu_tzdata.dat
08-06 00:18:08.529 28713 28724 I art     : Explicit concurrent mark sweep GC freed 3(96B) AllocSpace objects, 0(0B) LOS objects, 35% free, 29MB/45MB, paused 568us total 47.464ms
08-06 00:18:08.548 28713 28724 I art     : Starting a blocking GC Explicit
08-06 00:18:08.564 30979 30979 I Radio-JNI: register_android_hardware_Radio DONE
08-06 00:18:08.592 30979 30979 D AndroidRuntime: Calling main entry com.android.commands.input.Input
08-06 00:18:08.592 28713 28724 I art     : Explicit concurrent mark sweep GC freed 3(96B) AllocSpace objects, 0(0B) LOS objects, 35% free, 29MB/45MB, paused 546us total 44.207ms
08-06 00:18:08.594 30979 30979 I Input   : injectMotionEvent: MotionEvent { action=ACTION_DOWN, actionButton=0, id[0]=0, x[0]=600.0, y[0]=580.0, toolType[0]=TOOL_TYPE_UNKNOWN, buttonState=0, metaState=0, flags=0x0, edgeFlags=0x0, pointerCount=1, historySize=0, eventTime=836305007, downTime=836305007, deviceId=0, source=0x1002 }
08-06 00:18:08.603 30979 30979 I Input   : injectMotionEvent: MotionEvent { action=ACTION_UP, actionButton=0, id[0]=0, x[0]=600.0, y[0]=580.0, toolType[0]=TOOL_TYPE_UNKNOWN, buttonState=0, metaState=0, flags=0x0, edgeFlags=0x0, pointerCount=1, historySize=0, eventTime=836305007, downTime=836305007, deviceId=0, source=0x1002 }
08-06 00:18:08.610 30979 30979 D AndroidRuntime: Shutting down VM
08-06 00:18:08.613 28713 28724 I art     : Starting a blocking GC Explicit
08-06 00:18:08.623   512  2967 D audio_hw_primary: out_set_parameters: enter: usecase(1: low-latency-playback) kvpairs: routing=2
08-06 00:18:08.628   918  4413 I ActivityManager: START u0 {cmp=baseline.org.quantumbadger.redreader/.activities.WebViewActivity (has extras)} from uid 10705 on display 0
08-06 00:18:08.636   512  2967 D audio_hw_primary: select_devices: out_snd_device(2: speaker) in_snd_device(0: none)
08-06 00:18:08.636   512  2967 D msm8974_platform: platform_send_audio_calibration: sending audio calibration for snd_device(2) acdb_id(15)
08-06 00:18:08.636   512  2967 I soundtrigger: audio_extn_sound_trigger_update_device_status: device 0x2 of type 0 for Event 1
08-06 00:18:08.646   512  2967 D audio_hw_primary: enable_snd_device: snd_device(2: speaker)
08-06 00:18:08.648   512  2967 D audio_hw_primary: enable_audio_route: apply and update mixer path: low-latency-playback speaker
08-06 00:18:08.650 28713 28713 I AppCompatViewInflater: app:theme is now deprecated. Please move to using android:theme instead.
08-06 00:18:08.660 28713 28724 I art     : Explicit concurrent mark sweep GC freed 1052(54KB) AllocSpace objects, 0(0B) LOS objects, 35% free, 29MB/45MB, paused 884us total 47.107ms
08-06 00:18:08.674   918   929 D ConnectivityService: listenForNetwork for Listen from uid/pid:10705/28713 for NetworkRequest [ id=3644, legacyType=-1, [ Capabilities: INTERNET&NOT_RESTRICTED&TRUSTED] ]
08-06 00:18:08.787 13866 13866 I GoogleInputMethodServic: GoogleInputMethodService.onFinishInput():3138 
08-06 00:18:08.788   918   936 I ActivityManager: Displayed baseline.org.quantumbadger.redreader/.activities.WebViewActivity: +152ms
08-06 00:18:08.788 13866 13866 I GoogleInputMethodServic: GoogleInputMethodService.onStartInput():1808 
08-06 00:18:08.977 28713 28725 I art     : Starting a blocking GC Explicit
08-06 00:18:09.017   380   380 W SurfaceFlinger: couldn't log to binary event log: overflow.
08-06 00:18:09.034 28713 28725 I art     : Explicit concurrent mark sweep GC freed 5020(264KB) AllocSpace objects, 1(20KB) LOS objects, 35% free, 29MB/45MB, paused 469us total 57.357ms
08-06 00:18:09.053 28713 28725 I art     : Starting a blocking GC Explicit
08-06 00:18:09.096 28713 28725 I art     : Explicit concurrent mark sweep GC freed 519(30KB) AllocSpace objects, 0(0B) LOS objects, 35% free, 29MB/45MB, paused 599us total 42.649ms
08-06 00:18:09.096 28713 28723 I art     : WaitForGcToComplete blocked for 6.260ms for cause HeapTrim
08-06 00:18:09.120 28713 28725 I art     : Starting a blocking GC Explicit
08-06 00:18:09.165 28713 28725 I art     : Explicit concurrent mark sweep GC freed 738(40KB) AllocSpace objects, 0(0B) LOS objects, 35% free, 29MB/45MB, paused 508us total 44.394ms
08-06 00:18:09.188   512  2967 D audio_hw_primary: disable_audio_route: reset and update mixer path: low-latency-playback speaker
08-06 00:18:09.189   512  2967 D audio_hw_primary: disable_snd_device: snd_device(2: speaker)
08-06 00:18:09.192 28713 28725 I art     : Starting a blocking GC Explicit
08-06 00:18:09.198   512  2967 I soundtrigger: audio_extn_sound_trigger_update_device_status: device 0x2 of type 0 for Event 0
08-06 00:18:09.248 28713 28725 I art     : Explicit concurrent mark sweep GC freed 78(3KB) AllocSpace objects, 0(0B) LOS objects, 35% free, 29MB/45MB, paused 521us total 55.781ms
08-06 00:18:09.271 28713 28725 I art     : Starting a blocking GC Explicit
08-06 00:18:09.327 28713 28725 I art     : Explicit concurrent mark sweep GC freed 5(144B) AllocSpace objects, 0(0B) LOS objects, 35% free, 29MB/45MB, paused 811us total 56.254ms
08-06 00:18:09.736 28713 30847 I art     : Starting a blocking GC Explicit
08-06 00:18:09.782 28713 30847 I art     : Explicit concurrent mark sweep GC freed 1397(84KB) AllocSpace objects, 1(20KB) LOS objects, 35% free, 29MB/45MB, paused 563us total 45.332ms
08-06 00:18:09.800 28713 30847 I art     : Starting a blocking GC Explicit
08-06 00:18:09.845 28713 30847 I art     : Explicit concurrent mark sweep GC freed 28(960B) AllocSpace objects, 0(0B) LOS objects, 35% free, 29MB/45MB, paused 525us total 44.911ms
08-06 00:18:09.865 28713 30847 I art     : Starting a blocking GC Explicit
08-06 00:18:09.909 28713 30847 I art     : Explicit concurrent mark sweep GC freed 11(352B) AllocSpace objects, 0(0B) LOS objects, 35% free, 29MB/45MB, paused 568us total 43.560ms
08-06 00:18:09.928 28713 30847 I art     : Starting a blocking GC Explicit
08-06 00:18:09.974 28713 30847 I art     : Explicit concurrent mark sweep GC freed 11(352B) AllocSpace objects, 0(0B) LOS objects, 35% free, 29MB/45MB, paused 469us total 46.248ms
08-06 00:18:09.995 28713 30847 I art     : Starting a blocking GC Explicit
08-06 00:18:10.042 28713 30847 I art     : Explicit concurrent mark sweep GC freed 11(352B) AllocSpace objects, 0(0B) LOS objects, 35% free, 29MB/45MB, paused 480us total 46.728ms
08-06 00:18:10.372 28713 28713 I chromium: [INFO:CONSOLE(1)] "
08-06 00:18:10.372 28713 28713 I chromium:                   ,d"=,.,qOp,
08-06 00:18:10.372 28713 28713 I chromium:                  ,7'  ''$(  )
08-06 00:18:10.372 28713 28713 I chromium:                 ,7'      '?q$7'
08-06 00:18:10.372 28713 28713 I chromium:              ..,$$,.
08-06 00:18:10.372 28713 28713 I chromium:    ,.  .,,--***""***--,,.  .,
08-06 00:18:10.372 28713 28713 I chromium:     ,p''              ''q,   
08-06 00:18:10.372 28713 28713 I chromium: :  ,7'                      '7,  :
08-06 00:18:10.372 28713 28713 I chromium:  ' $      ,db,      ,db,      $ '
08-06 00:18:10.372 28713 28713 I chromium:   '$      $$      $$      $'    Using Reddit at work? Work for Reddit.
08-06 00:18:10.372 28713 28713 I chromium:   '$                          $'        https://www.reddit.com/jobs
08-06 00:18:10.372 28713 28713 I chromium:    '$.     .,        ,.     .$'
08-06 00:18:10.372 28713 28713 I chromium:     'b,     ''     ,d'
08-06 00:18:10.372 28713 28713 I chromium:      '?bn,,          ,,nd?'
08-06 00:18:10.372 28713 28713 I chromium:        ,7$ '''' $7,
08-06 00:18:10.372 28713 28713 I chromium:      , $              $ ,
08-06 00:18:10.372 28713 28713 I chromium:      $  :$              $:  $
08-06 00:18:10.372 28713 28713 I chromium:      $   $              $   $
08-06 00:18:10.372 28713 28713 I chromium:      'b  q:            :p  d'
08-06 00:18:10.372 28713 28713 I chromium:       '?$.          .$?'
08-06 00:18:10.372 28713 28713 I chromium:          'b            d'
08-06 00:18:10.372 28713 28713 I chromium:        ,'?,.      .,?',
08-06 00:18:10.372 28713 28713 I chromium:       ==--==--==--==
08-06 00:18:10.372 28713 28713 I chromium: ", source: https://www.redditstatic.com/desktop2x/Chat~Governance~Reddit.2ea93b134a9b2e5b1d9a.js (1)
08-06 00:18:10.418 28713 28724 I art     : Starting a blocking GC Explicit
08-06 00:18:10.475 28713 28724 I art     : Explicit concurrent mark sweep GC freed 1427(87KB) AllocSpace objects, 1(20KB) LOS objects, 35% free, 29MB/45MB, paused 866us total 56.127ms
08-06 00:18:10.496 28713 28724 I art     : Starting a blocking GC Explicit
08-06 00:18:10.551 28713 28724 I art     : Explicit concurrent mark sweep GC freed 37(1248B) AllocSpace objects, 0(0B) LOS objects, 35% free, 29MB/45MB, paused 623us total 54.013ms
08-06 00:18:10.574 28713 28724 I art     : Starting a blocking GC Explicit
08-06 00:18:10.624 28713 28724 I art     : Explicit concurrent mark sweep GC freed 14(448B) AllocSpace objects, 0(0B) LOS objects, 35% free, 29MB/45MB, paused 484us total 49.905ms
08-06 00:18:10.641 28713 28724 I art     : Starting a blocking GC Explicit
08-06 00:18:10.664   518   646 I ThermalEngine: ACTION: GPU - Setting GPU[0] to 390000000
08-06 00:18:10.707 28713 28724 I art     : Explicit concurrent mark sweep GC freed 3(96B) AllocSpace objects, 0(0B) LOS objects, 35% free, 29MB/45MB, paused 959us total 65.293ms
08-06 00:18:10.731 28713 28724 I art     : Starting a blocking GC Explicit
08-06 00:18:10.785 28713 28724 I art     : Explicit concurrent mark sweep GC freed 3(96B) AllocSpace objects, 0(0B) LOS objects, 35% free, 29MB/45MB, paused 872us total 53.518ms
08-06 00:18:11.173 28713 28725 I art     : Starting a blocking GC Explicit
08-06 00:18:11.231 28713 28725 I art     : Explicit concurrent mark sweep GC freed 1364(83KB) AllocSpace objects, 1(20KB) LOS objects, 35% free, 29MB/45MB, paused 898us total 57.973ms
08-06 00:18:11.256 28713 28725 I art     : Starting a blocking GC Explicit
08-06 00:18:11.309 28713 28725 I art     : Explicit concurrent mark sweep GC freed 22(768B) AllocSpace objects, 0(0B) LOS objects, 35% free, 29MB/45MB, paused 940us total 52.955ms
08-06 00:18:11.334 28713 28725 I art     : Starting a blocking GC Explicit
08-06 00:18:11.391 28713 28725 I art     : Explicit concurrent mark sweep GC freed 3(96B) AllocSpace objects, 0(0B) LOS objects, 35% free, 29MB/45MB, paused 925us total 56.606ms
08-06 00:18:11.414 28713 28725 I art     : Starting a blocking GC Explicit
08-06 00:18:11.469 28713 28725 I art     : Explicit concurrent mark sweep GC freed 3(96B) AllocSpace objects, 0(0B) LOS objects, 35% free, 29MB/45MB, paused 923us total 54.849ms
08-06 00:18:11.493 28713 28725 I art     : Starting a blocking GC Explicit
08-06 00:18:11.548 28713 28725 I art     : Explicit concurrent mark sweep GC freed 3(96B) AllocSpace objects, 0(0B) LOS objects, 35% free, 29MB/45MB, paused 1.097ms total 54.080ms
08-06 00:18:11.934 28713 28725 I art     : Starting a blocking GC Explicit
08-06 00:18:11.996 28713 28725 I art     : Explicit concurrent mark sweep GC freed 1570(95KB) AllocSpace objects, 1(20KB) LOS objects, 35% free, 29MB/45MB, paused 799us total 60.908ms
08-06 00:18:12.026 28713 28725 I art     : Starting a blocking GC Explicit
08-06 00:18:12.085 28713 28725 I art     : Explicit concurrent mark sweep GC freed 29(3KB) AllocSpace objects, 0(0B) LOS objects, 35% free, 29MB/45MB, paused 1.273ms total 58.264ms
08-06 00:18:12.115 28713 28725 I art     : Starting a blocking GC Explicit
08-06 00:18:12.173 28713 28725 I art     : Explicit concurrent mark sweep GC freed 3(96B) AllocSpace objects, 0(0B) LOS objects, 35% free, 29MB/45MB, paused 770us total 58.021ms
08-06 00:18:12.196 28713 28725 I art     : Starting a blocking GC Explicit
08-06 00:18:12.253 28713 28725 I art     : Explicit concurrent mark sweep GC freed 3(96B) AllocSpace objects, 0(0B) LOS objects, 35% free, 29MB/45MB, paused 713us total 56.674ms
08-06 00:18:12.286 28713 28725 I art     : Starting a blocking GC Explicit
08-06 00:18:12.343 28713 28725 I art     : Explicit concurrent mark sweep GC freed 3(96B) AllocSpace objects, 0(0B) LOS objects, 35% free, 29MB/45MB, paused 1.036ms total 57.077ms
08-06 00:18:12.750 28713 28725 I art     : Starting a blocking GC Explicit
08-06 00:18:12.821 28713 28725 I art     : Explicit concurrent mark sweep GC freed 1401(85KB) AllocSpace objects, 1(20KB) LOS objects, 35% free, 29MB/45MB, paused 792us total 69.988ms
08-06 00:18:12.846 28713 28725 I art     : Starting a blocking GC Explicit
08-06 00:18:12.910 28713 28725 I art     : Explicit concurrent mark sweep GC freed 20(704B) AllocSpace objects, 0(0B) LOS objects, 35% free, 29MB/45MB, paused 885us total 63.337ms
08-06 00:18:12.934 28713 28725 I art     : Starting a blocking GC Explicit
08-06 00:18:12.998 28713 28725 I art     : Explicit concurrent mark sweep GC freed 3(96B) AllocSpace objects, 0(0B) LOS objects, 35% free, 29MB/45MB, paused 943us total 63.434ms
08-06 00:18:13.023 28713 28725 I art     : Starting a blocking GC Explicit
08-06 00:18:13.087 28713 28725 I art     : Explicit concurrent mark sweep GC freed 3(96B) AllocSpace objects, 0(0B) LOS objects, 35% free, 29MB/45MB, paused 689us total 63.760ms
08-06 00:18:13.111 28713 28725 I art     : Starting a blocking GC Explicit
08-06 00:18:13.174 28713 28725 I art     : Explicit concurrent mark sweep GC freed 3(96B) AllocSpace objects, 0(0B) LOS objects, 35% free, 29MB/45MB, paused 1.266ms total 62.226ms
08-06 00:18:13.539 31067 31067 D AndroidRuntime: >>>>>> START com.android.internal.os.RuntimeInit uid 2000 <<<<<<
08-06 00:18:13.547 31067 31067 D AndroidRuntime: CheckJNI is OFF
08-06 00:18:13.587 28713 28724 I art     : Starting a blocking GC Explicit
08-06 00:18:13.600 31067 31067 D ICU     : No timezone override file found: /data/misc/zoneinfo/current/icu/icu_tzdata.dat
08-06 00:18:13.638 28713 31004 I RedditChangeDataIO: Writing tmp data file at '/data/user/0/baseline.org.quantumbadger.redreader/files/rr_change_data_tmp.dat'
08-06 00:18:13.639 28713 31004 I RedditChangeDataManager: Taking snapshot...
08-06 00:18:13.639 28713 31004 I RedditChangeDataManager: Writing to stream...
08-06 00:18:13.639 28713 31004 I RedditChangeDataManager: Wrote 5 entries for user ''
08-06 00:18:13.639 28713 31004 I RedditChangeDataManager: All entries written to stream.
08-06 00:18:13.639 28713 31004 I RedditChangeDataIO: Write successful. Atomically replacing data file...
08-06 00:18:13.641 28713 31004 I RedditChangeDataIO: Write complete.
08-06 00:18:13.641 28713 31004 I RedditChangeDataIO: 134 bytes written in 3 ms
08-06 00:18:13.644 31067 31067 I Radio-JNI: register_android_hardware_Radio DONE
08-06 00:18:13.644 28713 28724 I art     : Explicit concurrent mark sweep GC freed 1424(86KB) AllocSpace objects, 2(88KB) LOS objects, 35% free, 29MB/45MB, paused 900us total 56.834ms
08-06 00:18:13.670 28713 28724 I art     : Starting a blocking GC Explicit
08-06 00:18:13.679 31067 31067 D AndroidRuntime: Calling main entry com.android.commands.input.Input
08-06 00:18:13.681 31067 31067 I Input   : injectKeyEvent: KeyEvent { action=ACTION_DOWN, keyCode=KEYCODE_BACK, scanCode=0, metaState=0, flags=0x0, repeatCount=0, eventTime=836310094, downTime=836310094, deviceId=-1, source=0x101 }
08-06 00:18:13.687 31067 31067 I Input   : injectKeyEvent: KeyEvent { action=ACTION_UP, keyCode=KEYCODE_BACK, scanCode=0, metaState=0, flags=0x0, repeatCount=0, eventTime=836310094, downTime=836310094, deviceId=-1, source=0x101 }
08-06 00:18:13.694 31067 31067 D AndroidRuntime: Shutting down VM
08-06 00:18:13.728 28713 28724 I art     : Explicit concurrent mark sweep GC freed 165(6KB) AllocSpace objects, 0(0B) LOS objects, 35% free, 29MB/45MB, paused 1.184ms total 58.323ms
08-06 00:18:13.738 13866 13866 I GoogleInputMethodServic: GoogleInputMethodService.onFinishInput():3138 
08-06 00:18:13.739 13866 13866 I GoogleInputMethodServic: GoogleInputMethodService.onStartInput():1808 
08-06 00:18:13.752 28713 28724 I art     : Starting a blocking GC Explicit
08-06 00:18:13.805 28713 28724 I art     : Explicit concurrent mark sweep GC freed 142(4KB) AllocSpace objects, 0(0B) LOS objects, 35% free, 29MB/45MB, paused 731us total 53.406ms
08-06 00:18:13.828 28713 28724 I art     : Starting a blocking GC Explicit
08-06 00:18:13.884 28713 28724 I art     : Explicit concurrent mark sweep GC freed 8(304B) AllocSpace objects, 0(0B) LOS objects, 35% free, 29MB/45MB, paused 736us total 55.554ms
08-06 00:18:13.914 28713 28724 I art     : Starting a blocking GC Explicit
08-06 00:18:14.002 28713 28724 I art     : Explicit concurrent mark sweep GC freed 3(96B) AllocSpace objects, 0(0B) LOS objects, 35% free, 29MB/45MB, paused 1.244ms total 87.438ms
08-06 00:18:14.039   380   380 W SurfaceFlinger: couldn't log to binary event log: overflow.
08-06 00:18:14.077   918  3263 D ConnectivityService: releasing NetworkRequest NetworkRequest [ id=3644, legacyType=-1, [ Capabilities: INTERNET&NOT_RESTRICTED&TRUSTED] ]
08-06 00:18:14.388 28713 30847 I art     : Starting a blocking GC Explicit
08-06 00:18:14.469 28713 30847 I art     : Explicit concurrent mark sweep GC freed 2234(123KB) AllocSpace objects, 1(20KB) LOS objects, 35% free, 29MB/45MB, paused 706us total 80.124ms
08-06 00:18:14.495 28713 30847 I art     : Starting a blocking GC Explicit
08-06 00:18:14.564 28713 30847 I art     : Explicit concurrent mark sweep GC freed 2116(124KB) AllocSpace objects, 1(28KB) LOS objects, 35% free, 29MB/45MB, paused 1.358ms total 68.079ms
08-06 00:18:14.591 28713 30847 I art     : Starting a blocking GC Explicit
08-06 00:18:14.651 28713 30847 I art     : Explicit concurrent mark sweep GC freed 3(96B) AllocSpace objects, 0(0B) LOS objects, 35% free, 29MB/45MB, paused 787us total 59.444ms
08-06 00:18:14.678 28713 30847 I art     : Starting a blocking GC Explicit
08-06 00:18:14.738 28713 30847 I art     : Explicit concurrent mark sweep GC freed 3(96B) AllocSpace objects, 0(0B) LOS objects, 35% free, 29MB/45MB, paused 669us total 59.045ms
08-06 00:18:14.764 28713 30847 I art     : Starting a blocking GC Explicit
08-06 00:18:14.829 28713 30847 I art     : Explicit concurrent mark sweep GC freed 3(96B) AllocSpace objects, 0(0B) LOS objects, 35% free, 29MB/45MB, paused 1.021ms total 64.249ms
08-06 00:18:15.199 28713 28725 I art     : Starting a blocking GC Explicit
08-06 00:18:15.261 28713 28725 I art     : Explicit concurrent mark sweep GC freed 1354(82KB) AllocSpace objects, 1(20KB) LOS objects, 35% free, 29MB/45MB, paused 755us total 61.217ms
08-06 00:18:15.286 28713 28725 I art     : Starting a blocking GC Explicit
08-06 00:18:15.343 28713 28725 I art     : Explicit concurrent mark sweep GC freed 20(704B) AllocSpace objects, 0(0B) LOS objects, 35% free, 29MB/45MB, paused 961us total 56.767ms
08-06 00:18:15.368 28713 28725 I art     : Starting a blocking GC Explicit
08-06 00:18:15.426 28713 28725 I art     : Explicit concurrent mark sweep GC freed 3(96B) AllocSpace objects, 0(0B) LOS objects, 35% free, 29MB/45MB, paused 773us total 57.735ms
08-06 00:18:15.452 28713 28725 I art     : Starting a blocking GC Explicit
08-06 00:18:15.509 28713 28725 I art     : Explicit concurrent mark sweep GC freed 3(96B) AllocSpace objects, 0(0B) LOS objects, 35% free, 29MB/45MB, paused 835us total 57.332ms
08-06 00:18:15.535 28713 28725 I art     : Starting a blocking GC Explicit
08-06 00:18:15.592 28713 28725 I art     : Explicit concurrent mark sweep GC freed 3(96B) AllocSpace objects, 0(0B) LOS objects, 35% free, 29MB/45MB, paused 895us total 57.459ms
08-06 00:18:15.599 31100 31100 D AndroidRuntime: >>>>>> START com.android.internal.os.RuntimeInit uid 2000 <<<<<<
08-06 00:18:15.605 31100 31100 D AndroidRuntime: CheckJNI is OFF
08-06 00:18:15.657 31100 31100 D ICU     : No timezone override file found: /data/misc/zoneinfo/current/icu/icu_tzdata.dat
08-06 00:18:15.668   518   646 I ThermalEngine: ACTION: GPU - Setting GPU[0] to 450000000
08-06 00:18:15.703 31100 31100 I Radio-JNI: register_android_hardware_Radio DONE
08-06 00:18:15.733 31100 31100 D AndroidRuntime: Calling main entry com.android.commands.input.Input
08-06 00:18:15.735 31100 31100 I Input   : injectKeyEvent: KeyEvent { action=ACTION_DOWN, keyCode=KEYCODE_BACK, scanCode=0, metaState=0, flags=0x0, repeatCount=0, eventTime=836312148, downTime=836312148, deviceId=-1, source=0x101 }
08-06 00:18:15.740 31100 31100 I Input   : injectKeyEvent: KeyEvent { action=ACTION_UP, keyCode=KEYCODE_BACK, scanCode=0, metaState=0, flags=0x0, repeatCount=0, eventTime=836312148, downTime=836312148, deviceId=-1, source=0x101 }
08-06 00:18:15.747 31100 31100 D AndroidRuntime: Shutting down VM
08-06 00:18:15.787 13866 13866 I GoogleInputMethodServic: GoogleInputMethodService.onFinishInput():3138 
08-06 00:18:15.788 13866 13866 I GoogleInputMethodServic: GoogleInputMethodService.onStartInput():1808 
08-06 00:18:15.914 28713 30847 I art     : Starting a blocking GC Explicit
08-06 00:18:15.971 28713 30847 I art     : Explicit concurrent mark sweep GC freed 1534(88KB) AllocSpace objects, 1(20KB) LOS objects, 35% free, 29MB/45MB, paused 527us total 56.804ms
08-06 00:18:15.994 28713 30847 I art     : Starting a blocking GC Explicit
08-06 00:18:16.039 28713 30847 I art     : Explicit concurrent mark sweep GC freed 24(864B) AllocSpace objects, 0(0B) LOS objects, 35% free, 29MB/45MB, paused 483us total 44.537ms
08-06 00:18:16.060 28713 30847 I art     : Starting a blocking GC Explicit
08-06 00:18:16.100 28713 30847 I art     : Explicit concurrent mark sweep GC freed 55(2048B) AllocSpace objects, 0(0B) LOS objects, 35% free, 29MB/45MB, paused 453us total 39.909ms
08-06 00:18:16.118 28713 30847 I art     : Starting a blocking GC Explicit
08-06 00:18:16.162 28713 30847 I art     : Explicit concurrent mark sweep GC freed 9(304B) AllocSpace objects, 0(0B) LOS objects, 35% free, 29MB/45MB, paused 531us total 44.332ms
08-06 00:18:16.181 28713 30847 I art     : Starting a blocking GC Explicit
08-06 00:18:16.226 28713 30847 I art     : Explicit concurrent mark sweep GC freed 133(6KB) AllocSpace objects, 0(0B) LOS objects, 35% free, 29MB/45MB, paused 522us total 45.324ms
08-06 00:18:16.575 28713 28725 I art     : Starting a blocking GC Explicit
08-06 00:18:16.635 28713 28725 I art     : Explicit concurrent mark sweep GC freed 1354(82KB) AllocSpace objects, 1(20KB) LOS objects, 35% free, 29MB/45MB, paused 586us total 59.193ms
08-06 00:18:16.658 28713 28725 I art     : Starting a blocking GC Explicit
08-06 00:18:16.707 28713 28725 I art     : Explicit concurrent mark sweep GC freed 20(704B) AllocSpace objects, 0(0B) LOS objects, 35% free, 29MB/45MB, paused 493us total 49.073ms
08-06 00:18:16.725 28713 28725 I art     : Starting a blocking GC Explicit
08-06 00:18:16.773 28713 28725 I art     : Explicit concurrent mark sweep GC freed 3(96B) AllocSpace objects, 0(0B) LOS objects, 35% free, 29MB/45MB, paused 523us total 47.621ms
08-06 00:18:16.792 28713 28725 I art     : Starting a blocking GC Explicit
08-06 00:18:16.840 28713 28725 I art     : Explicit concurrent mark sweep GC freed 3(96B) AllocSpace objects, 0(0B) LOS objects, 35% free, 29MB/45MB, paused 544us total 47.305ms
08-06 00:18:16.858 28713 28725 I art     : Starting a blocking GC Explicit
08-06 00:18:16.909 28713 28725 I art     : Explicit concurrent mark sweep GC freed 3(96B) AllocSpace objects, 0(0B) LOS objects, 35% free, 29MB/45MB, paused 605us total 50.655ms
08-06 00:18:17.026 28602 28602 I ServiceManager: Waiting for service AtCmdFwd...
08-06 00:18:17.230 28713 29069 I art     : Starting a blocking GC Explicit
08-06 00:18:17.282 28713 29069 I art     : Explicit concurrent mark sweep GC freed 1354(82KB) AllocSpace objects, 1(20KB) LOS objects, 35% free, 29MB/45MB, paused 530us total 51.286ms
08-06 00:18:17.300 28713 29069 I art     : Starting a blocking GC Explicit
08-06 00:18:17.350 28713 29069 I art     : Explicit concurrent mark sweep GC freed 20(704B) AllocSpace objects, 0(0B) LOS objects, 35% free, 29MB/45MB, paused 546us total 49.675ms
08-06 00:18:17.370 28713 29069 I art     : Starting a blocking GC Explicit
08-06 00:18:17.420 28713 29069 I art     : Explicit concurrent mark sweep GC freed 3(96B) AllocSpace objects, 0(0B) LOS objects, 35% free, 29MB/45MB, paused 582us total 49.907ms
08-06 00:18:17.439 28713 29069 I art     : Starting a blocking GC Explicit
08-06 00:18:17.489 28713 29069 I art     : Explicit concurrent mark sweep GC freed 3(96B) AllocSpace objects, 0(0B) LOS objects, 35% free, 29MB/45MB, paused 595us total 49.474ms
08-06 00:18:17.507 28713 29069 I art     : Starting a blocking GC Explicit
08-06 00:18:17.557 28713 29069 I art     : Explicit concurrent mark sweep GC freed 3(96B) AllocSpace objects, 0(0B) LOS objects, 35% free, 29MB/45MB, paused 638us total 49.891ms
08-06 00:18:17.558 31144 31144 D AndroidRuntime: >>>>>> START com.android.internal.os.RuntimeInit uid 2000 <<<<<<
08-06 00:18:17.564 31144 31144 D AndroidRuntime: CheckJNI is OFF
08-06 00:18:17.608 31144 31144 D ICU     : No timezone override file found: /data/misc/zoneinfo/current/icu/icu_tzdata.dat
08-06 00:18:17.652 31144 31144 I Radio-JNI: register_android_hardware_Radio DONE
08-06 00:18:17.682 31144 31144 D AndroidRuntime: Calling main entry com.android.commands.input.Input
08-06 00:18:17.685 31144 31144 I Input   : injectMotionEvent: MotionEvent { action=ACTION_DOWN, actionButton=0, id[0]=0, x[0]=600.0, y[0]=1000.0, toolType[0]=TOOL_TYPE_UNKNOWN, buttonState=0, metaState=0, flags=0x0, edgeFlags=0x0, pointerCount=1, historySize=0, eventTime=836314097, downTime=836314097, deviceId=0, source=0x1002 }
08-06 00:18:17.697 31144 31144 I Input   : injectMotionEvent: MotionEvent { action=ACTION_UP, actionButton=0, id[0]=0, x[0]=600.0, y[0]=1000.0, toolType[0]=TOOL_TYPE_UNKNOWN, buttonState=0, metaState=0, flags=0x0, edgeFlags=0x0, pointerCount=1, historySize=0, eventTime=836314097, downTime=836314097, deviceId=0, source=0x1002 }
08-06 00:18:17.701 31144 31144 D AndroidRuntime: Shutting down VM
08-06 00:18:17.714   918  6110 I ActivityManager: START u0 {dat=https://oauth.reddit.com/... cmp=baseline.org.quantumbadger.redreader/.activities.PostListingActivity} from uid 10705 on display 0
08-06 00:18:17.717   512  2967 D audio_hw_primary: out_set_parameters: enter: usecase(1: low-latency-playback) kvpairs: routing=2
08-06 00:18:17.731   512  2967 D audio_hw_primary: select_devices: out_snd_device(2: speaker) in_snd_device(0: none)
08-06 00:18:17.731   512  2967 D msm8974_platform: platform_send_audio_calibration: sending audio calibration for snd_device(2) acdb_id(15)
08-06 00:18:17.732   512  2967 I soundtrigger: audio_extn_sound_trigger_update_device_status: device 0x2 of type 0 for Event 1
08-06 00:18:17.741   512  2967 D audio_hw_primary: enable_snd_device: snd_device(2: speaker)
08-06 00:18:17.743   512  2967 D audio_hw_primary: enable_audio_route: apply and update mixer path: low-latency-playback speaker
08-06 00:18:17.746 28713 28713 I AppCompatViewInflater: app:theme is now deprecated. Please move to using android:theme instead.
08-06 00:18:17.769 28713 31178 D OK      : calling: https://oauth.reddit.com/r/announcements/about.json
08-06 00:18:17.844   918   936 I ActivityManager: Displayed baseline.org.quantumbadger.redreader/.activities.PostListingActivity: +119ms
08-06 00:18:17.846 13866 13866 I GoogleInputMethodServic: GoogleInputMethodService.onFinishInput():3138 
08-06 00:18:17.847 13866 13866 I GoogleInputMethodServic: GoogleInputMethodService.onStartInput():1808 
08-06 00:18:17.884 28713 30847 I art     : Starting a blocking GC Explicit
08-06 00:18:17.929 28713 30847 I art     : Explicit concurrent mark sweep GC freed 2999(188KB) AllocSpace objects, 1(20KB) LOS objects, 35% free, 29MB/45MB, paused 747us total 45.259ms
08-06 00:18:17.947 28713 30847 I art     : Starting a blocking GC Explicit
08-06 00:18:18.004 28713 30847 I art     : Explicit concurrent mark sweep GC freed 2401(101KB) AllocSpace objects, 0(0B) LOS objects, 35% free, 29MB/45MB, paused 4.358ms total 56.106ms
08-06 00:18:18.027 28602 28602 I ServiceManager: Waiting for service AtCmdFwd...
08-06 00:18:18.037 28713 30847 I art     : Starting a blocking GC Explicit
08-06 00:18:18.094   380   380 W SurfaceFlinger: couldn't log to binary event log: overflow.
08-06 00:18:18.110 28713 30847 I art     : Explicit concurrent mark sweep GC freed 117(4KB) AllocSpace objects, 0(0B) LOS objects, 35% free, 29MB/45MB, paused 942us total 72.047ms
08-06 00:18:18.133 28713 30847 I art     : Starting a blocking GC Explicit
08-06 00:18:18.139 28713 31178 I NAPPA_EXPERIMENTATION: MetricNetworkRequestExecutionTime: REQUEST_DURATION_SYSTEM='370',REQUEST_DURATION_OKHTTP='147',REQUEST_SYNCHRONOUS='TRUE',RESPONSE_CODE='200',RESPONSE_METHOD='GET',RESPONSE_LENGTH_OKHTTP='-1',RESPONSE_LENGTH_HEADER='1564',REQUEST_PROTOCOL='h2',REQUEST_URL='https://oauth.reddit.com/r/announcements/about.json',
08-06 00:18:18.139 28713 31178 D OK      : request got status: 200
08-06 00:18:18.183 28713 30847 I art     : Explicit concurrent mark sweep GC freed 1199(128KB) AllocSpace objects, 2(136KB) LOS objects, 35% free, 29MB/45MB, paused 619us total 49.946ms
08-06 00:18:18.201 28713 30847 I art     : Starting a blocking GC Explicit
08-06 00:18:18.244 28713 30847 I art     : Explicit concurrent mark sweep GC freed 400(31KB) AllocSpace objects, 0(0B) LOS objects, 35% free, 29MB/45MB, paused 540us total 42.613ms
08-06 00:18:18.288   512  2967 D audio_hw_primary: disable_audio_route: reset and update mixer path: low-latency-playback speaker
08-06 00:18:18.289   512  2967 D audio_hw_primary: disable_snd_device: snd_device(2: speaker)
08-06 00:18:18.297   512  2967 I soundtrigger: audio_extn_sound_trigger_update_device_status: device 0x2 of type 0 for Event 0
08-06 00:18:18.592 28713 29069 I art     : Starting a blocking GC Explicit
08-06 00:18:18.641 28713 29069 I art     : Explicit concurrent mark sweep GC freed 1433(86KB) AllocSpace objects, 1(20KB) LOS objects, 35% free, 29MB/45MB, paused 585us total 48.855ms
08-06 00:18:18.659 28713 29069 I art     : Starting a blocking GC Explicit
08-06 00:18:18.705 28713 29069 I art     : Explicit concurrent mark sweep GC freed 20(704B) AllocSpace objects, 0(0B) LOS objects, 35% free, 29MB/45MB, paused 576us total 45.711ms
08-06 00:18:18.724 28713 29069 I art     : Starting a blocking GC Explicit
08-06 00:18:18.770 28713 29069 I art     : Explicit concurrent mark sweep GC freed 3(96B) AllocSpace objects, 0(0B) LOS objects, 35% free, 29MB/45MB, paused 570us total 45.881ms
08-06 00:18:18.789 28713 29069 I art     : Starting a blocking GC Explicit
08-06 00:18:18.835 28713 29069 I art     : Explicit concurrent mark sweep GC freed 3(96B) AllocSpace objects, 0(0B) LOS objects, 35% free, 29MB/45MB, paused 562us total 45.857ms
08-06 00:18:18.853 28713 29069 I art     : Starting a blocking GC Explicit
08-06 00:18:18.900 28713 29069 I art     : Explicit concurrent mark sweep GC freed 3(96B) AllocSpace objects, 0(0B) LOS objects, 35% free, 29MB/45MB, paused 564us total 46.658ms
08-06 00:18:18.970 28713 31194 D OK      : calling: https://oauth.reddit.com/r/announcements/hot/.json
08-06 00:18:19.027 28602 28602 I ServiceManager: Waiting for service AtCmdFwd...
08-06 00:18:19.152 28713 31194 I NAPPA_EXPERIMENTATION: MetricNetworkRequestExecutionTime: REQUEST_DURATION_SYSTEM='182',REQUEST_DURATION_OKHTTP='178',REQUEST_SYNCHRONOUS='TRUE',RESPONSE_CODE='200',RESPONSE_METHOD='GET',RESPONSE_LENGTH_OKHTTP='-1',RESPONSE_LENGTH_HEADER='142016',REQUEST_PROTOCOL='h2',REQUEST_URL='https://oauth.reddit.com/r/announcements/hot/.json',
08-06 00:18:19.152 28713 31194 D OK      : request got status: 200
08-06 00:18:19.163 28713 29300 I PostListingFragment: Precaching images: OFF
08-06 00:18:19.163 28713 29300 I PostListingFragment: Precaching comments: OFF
08-06 00:18:19.230 28713 29069 I art     : Starting a blocking GC Explicit
08-06 00:18:19.285 28713 29069 I art     : Explicit concurrent mark sweep GC freed 3958(300KB) AllocSpace objects, 5(92KB) LOS objects, 34% free, 30MB/46MB, paused 938us total 55.102ms
08-06 00:18:19.304 28713 29069 I art     : Starting a blocking GC Explicit
08-06 00:18:19.360 28713 29069 I art     : Explicit concurrent mark sweep GC freed 2617(137KB) AllocSpace objects, 2(40KB) LOS objects, 33% free, 31MB/47MB, paused 1.610ms total 55.651ms
08-06 00:18:19.379 28713 29069 I art     : Starting a blocking GC Explicit
08-06 00:18:19.438 28713 29069 I art     : Explicit concurrent mark sweep GC freed 3553(235KB) AllocSpace objects, 8(512KB) LOS objects, 32% free, 32MB/48MB, paused 1.041ms total 58.176ms
08-06 00:18:19.457 28713 29069 I art     : Starting a blocking GC Explicit
08-06 00:18:19.518 28713 29069 I art     : Explicit concurrent mark sweep GC freed 4498(262KB) AllocSpace objects, 6(372KB) LOS objects, 32% free, 33MB/49MB, paused 957us total 60.287ms
08-06 00:18:19.518 28713 28723 I art     : WaitForGcToComplete blocked for 48.614ms for cause HeapTrim
08-06 00:18:19.537 28713 29069 I art     : Starting a blocking GC Explicit
08-06 00:18:19.597 28713 29069 I art     : Explicit concurrent mark sweep GC freed 5338(325KB) AllocSpace objects, 10(724KB) LOS objects, 31% free, 34MB/50MB, paused 659us total 59.463ms
08-06 00:18:19.761 28713 28713 W RecyclerView: Cannot call this method in a scroll callback. Scroll callbacks mightbe run during a measure & layout pass where you cannot change theRecyclerView data. Any method call that might change the structureof the RecyclerView or the adapter contents should be postponed tothe next frame.
08-06 00:18:19.761 28713 28713 W RecyclerView: java.lang.IllegalStateException:  androidx.recyclerview.widget.RecyclerView{fb08963 VFED..... .F....ID 0,0-1440,2140 #7f0900ef app:id/scrollbar_recyclerview_recyclerview}, adapter:baseline.org.quantumbadger.redreader.adapters.GroupedRecyclerViewAdapter@d98d960, layout:androidx.recyclerview.widget.LinearLayoutManager@c8ffe19, context:baseline.org.quantumbadger.redreader.activities.PostListingActivity@a218e80
08-06 00:18:19.761 28713 28713 W RecyclerView: 	at androidx.recyclerview.widget.RecyclerView.assertNotInLayoutOrScroll(RecyclerView.java:3061)
08-06 00:18:19.761 28713 28713 W RecyclerView: 	at androidx.recyclerview.widget.RecyclerView$RecyclerViewDataObserver.onItemRangeInserted(RecyclerView.java:5555)
08-06 00:18:19.761 28713 28713 W RecyclerView: 	at androidx.recyclerview.widget.RecyclerView$AdapterDataObservable.notifyItemRangeInserted(RecyclerView.java:12278)
08-06 00:18:19.761 28713 28713 W RecyclerView: 	at androidx.recyclerview.widget.RecyclerView$Adapter.notifyItemInserted(RecyclerView.java:7464)
08-06 00:18:19.761 28713 28713 W RecyclerView: 	at baseline.org.quantumbadger.redreader.adapters.GroupedRecyclerViewAdapter.updateHiddenStatus(GroupedRecyclerViewAdapter.java:279)
08-06 00:18:19.761 28713 28713 W RecyclerView: 	at baseline.org.quantumbadger.redreader.adapters.RedditListingManager.setLoadingVisible(RedditListingManager.java:125)
08-06 00:18:19.761 28713 28713 W RecyclerView: 	at baseline.org.quantumbadger.redreader.fragments.PostListingFragment.onLoadMoreItemsCheck(PostListingFragment.java:465)
08-06 00:18:19.761 28713 28713 W RecyclerView: 	at baseline.org.quantumbadger.redreader.fragments.PostListingFragment.access$000(PostListingFragment.java:98)
08-06 00:18:19.761 28713 28713 W RecyclerView: 	at baseline.org.quantumbadger.redreader.fragments.PostListingFragment$2.onScrolled(PostListingFragment.java:215)
08-06 00:18:19.761 28713 28713 W RecyclerView: 	at androidx.recyclerview.widget.RecyclerView.dispatchOnScrolled(RecyclerView.java:5173)
08-06 00:18:19.761 28713 28713 W RecyclerView: 	at androidx.recyclerview.widget.RecyclerView.dispatchLayoutStep3(RecyclerView.java:4231)
08-06 00:18:19.761 28713 28713 W RecyclerView: 	at androidx.recyclerview.widget.RecyclerView.dispatchLayout(RecyclerView.java:3862)
08-06 00:18:19.761 28713 28713 W RecyclerView: 	at androidx.recyclerview.widget.RecyclerView.consumePendingUpdateOperations(RecyclerView.java:1897)
08-06 00:18:19.761 28713 28713 W RecyclerView: 	at androidx.recyclerview.widget.RecyclerView$1.run(RecyclerView.java:414)
08-06 00:18:19.761 28713 28713 W RecyclerView: 	at android.view.Choreographer$CallbackRecord.run(Choreographer.java:858)
08-06 00:18:19.761 28713 28713 W RecyclerView: 	at android.view.Choreographer.doCallbacks(Choreographer.java:670)
08-06 00:18:19.761 28713 28713 W RecyclerView: 	at android.view.Choreographer.doFrame(Choreographer.java:603)
08-06 00:18:19.761 28713 28713 W RecyclerView: 	at android.view.Choreographer$FrameDisplayEventReceiver.run(Choreographer.java:844)
08-06 00:18:19.761 28713 28713 W RecyclerView: 	at android.os.Handler.handleCallback(Handler.java:739)
08-06 00:18:19.761 28713 28713 W RecyclerView: 	at android.os.Handler.dispatchMessage(Handler.java:95)
08-06 00:18:19.761 28713 28713 W RecyclerView: 	at android.os.Looper.loop(Looper.java:148)
08-06 00:18:19.761 28713 28713 W RecyclerView: 	at android.app.ActivityThread.main(ActivityThread.java:5417)
08-06 00:18:19.761 28713 28713 W RecyclerView: 	at java.lang.reflect.Method.invoke(Native Method)
08-06 00:18:19.761 28713 28713 W RecyclerView: 	at com.android.internal.os.ZygoteInit$MethodAndArgsCaller.run(ZygoteInit.java:726)
08-06 00:18:19.761 28713 28713 W RecyclerView: 	at com.android.internal.os.ZygoteInit.main(ZygoteInit.java:616)
08-06 00:18:19.917 28713 30847 I art     : Starting a blocking GC Explicit
08-06 00:18:19.977 28713 30847 I art     : Explicit concurrent mark sweep GC freed 65636(3MB) AllocSpace objects, 15(416KB) LOS objects, 33% free, 31MB/47MB, paused 634us total 59.838ms
08-06 00:18:19.997 28713 30847 I art     : Starting a blocking GC Explicit
08-06 00:18:20.028 28602 28602 I ServiceManager: Waiting for service AtCmdFwd...
08-06 00:18:20.043 28713 30847 I art     : Explicit concurrent mark sweep GC freed 591(26KB) AllocSpace objects, 0(0B) LOS objects, 33% free, 31MB/47MB, paused 546us total 45.290ms
08-06 00:18:20.062 28713 30847 I art     : Starting a blocking GC Explicit
08-06 00:18:20.112 28713 30847 I art     : Explicit concurrent mark sweep GC freed 175(7KB) AllocSpace objects, 0(0B) LOS objects, 33% free, 31MB/47MB, paused 595us total 49.558ms
08-06 00:18:20.131 28713 30847 I art     : Starting a blocking GC Explicit
08-06 00:18:20.172 28713 31217 D OK      : calling: https://oauth.reddit.com/r/announcements/hot/.json?after=t3_9jf8nh
08-06 00:18:20.185 28713 30847 I art     : Explicit concurrent mark sweep GC freed 121(5KB) AllocSpace objects, 0(0B) LOS objects, 33% free, 31MB/47MB, paused 676us total 53.895ms
08-06 00:18:20.205 28713 30847 I art     : Starting a blocking GC Explicit
08-06 00:18:20.264 28713 30847 I art     : Explicit concurrent mark sweep GC freed 10(384B) AllocSpace objects, 0(0B) LOS objects, 33% free, 31MB/47MB, paused 699us total 58.529ms
08-06 00:18:20.384 28713 31217 I NAPPA_EXPERIMENTATION: MetricNetworkRequestExecutionTime: REQUEST_DURATION_SYSTEM='211',REQUEST_DURATION_OKHTTP='205',REQUEST_SYNCHRONOUS='TRUE',RESPONSE_CODE='200',RESPONSE_METHOD='GET',RESPONSE_LENGTH_OKHTTP='-1',RESPONSE_LENGTH_HEADER='65685',REQUEST_PROTOCOL='h2',REQUEST_URL='https://oauth.reddit.com/r/announcements/hot/.json?after=t3_9jf8nh',
08-06 00:18:20.384 28713 31217 D OK      : request got status: 200
08-06 00:18:20.394 28713 29300 I PostListingFragment: Precaching images: OFF
08-06 00:18:20.394 28713 29300 I PostListingFragment: Precaching comments: OFF
08-06 00:18:20.612 28713 28724 I art     : Starting a blocking GC Explicit
08-06 00:18:20.683 28713 28724 I art     : Explicit concurrent mark sweep GC freed 15234(901KB) AllocSpace objects, 13(792KB) LOS objects, 32% free, 33MB/49MB, paused 896us total 70.892ms
08-06 00:18:20.703 28713 28724 I art     : Starting a blocking GC Explicit
08-06 00:18:20.766 28713 28724 I art     : Explicit concurrent mark sweep GC freed 5435(204KB) AllocSpace objects, 0(0B) LOS objects, 32% free, 33MB/49MB, paused 821us total 62.431ms
08-06 00:18:20.786 28713 28724 I art     : Starting a blocking GC Explicit
08-06 00:18:20.843 28713 28724 I art     : Explicit concurrent mark sweep GC freed 17476(875KB) AllocSpace objects, 6(108KB) LOS objects, 33% free, 32MB/48MB, paused 636us total 57.263ms
08-06 00:18:20.863 28713 28724 I art     : Starting a blocking GC Explicit
08-06 00:18:20.922 28713 28724 I art     : Explicit concurrent mark sweep GC freed 87(3KB) AllocSpace objects, 0(0B) LOS objects, 33% free, 32MB/48MB, paused 690us total 59.075ms
08-06 00:18:20.947 28713 28724 I art     : Starting a blocking GC Explicit
08-06 00:18:21.003 28713 28724 I art     : Explicit concurrent mark sweep GC freed 16(688B) AllocSpace objects, 0(0B) LOS objects, 33% free, 32MB/48MB, paused 606us total 56.094ms
08-06 00:18:21.028 28602 28602 I ServiceManager: Waiting for service AtCmdFwd...
08-06 00:18:21.383 28713 29069 I art     : Starting a blocking GC Explicit
08-06 00:18:21.454 28713 29069 I art     : Explicit concurrent mark sweep GC freed 1366(83KB) AllocSpace objects, 1(20KB) LOS objects, 33% free, 32MB/48MB, paused 629us total 69.809ms
08-06 00:18:21.477 28713 29069 I art     : Starting a blocking GC Explicit
08-06 00:18:21.536 28713 29069 I art     : Explicit concurrent mark sweep GC freed 20(704B) AllocSpace objects, 0(0B) LOS objects, 33% free, 32MB/48MB, paused 626us total 58.589ms
08-06 00:18:21.559 28713 29069 I art     : Starting a blocking GC Explicit
08-06 00:18:21.615 28713 29069 I art     : Explicit concurrent mark sweep GC freed 3(96B) AllocSpace objects, 0(0B) LOS objects, 33% free, 32MB/48MB, paused 590us total 55.907ms
08-06 00:18:21.635 28713 29069 I art     : Starting a blocking GC Explicit
08-06 00:18:21.690 28713 29069 I art     : Explicit concurrent mark sweep GC freed 3(96B) AllocSpace objects, 0(0B) LOS objects, 33% free, 32MB/48MB, paused 533us total 54.634ms
08-06 00:18:21.710 28713 29069 I art     : Starting a blocking GC Explicit
08-06 00:18:21.768 28713 29069 I art     : Explicit concurrent mark sweep GC freed 3(96B) AllocSpace objects, 0(0B) LOS objects, 33% free, 32MB/48MB, paused 662us total 57.832ms
08-06 00:18:22.028 28602 28602 W Atfwd_Sendcmd: AtCmdFwd service not published, waiting... retryCnt : 5
08-06 00:18:22.140 28713 28725 I art     : Starting a blocking GC Explicit
08-06 00:18:22.208 28713 28725 I art     : Explicit concurrent mark sweep GC freed 1354(82KB) AllocSpace objects, 1(20KB) LOS objects, 33% free, 32MB/48MB, paused 587us total 67.112ms
08-06 00:18:22.228 28713 28725 I art     : Starting a blocking GC Explicit
08-06 00:18:22.282 28713 28725 I art     : Explicit concurrent mark sweep GC freed 20(704B) AllocSpace objects, 0(0B) LOS objects, 33% free, 32MB/48MB, paused 586us total 53.765ms
08-06 00:18:22.302 28713 28725 I art     : Starting a blocking GC Explicit
08-06 00:18:22.357 28713 28725 I art     : Explicit concurrent mark sweep GC freed 3(96B) AllocSpace objects, 0(0B) LOS objects, 33% free, 32MB/48MB, paused 564us total 54.398ms
08-06 00:18:22.377 28713 28725 I art     : Starting a blocking GC Explicit
08-06 00:18:22.434 28713 28725 I art     : Explicit concurrent mark sweep GC freed 3(96B) AllocSpace objects, 0(0B) LOS objects, 33% free, 32MB/48MB, paused 552us total 56.795ms
08-06 00:18:22.454 28713 28725 I art     : Starting a blocking GC Explicit
08-06 00:18:22.512 28713 28725 I art     : Explicit concurrent mark sweep GC freed 3(96B) AllocSpace objects, 0(0B) LOS objects, 33% free, 32MB/48MB, paused 572us total 57.320ms
08-06 00:18:22.891 28713 28734 I art     : Starting a blocking GC Explicit
08-06 00:18:22.948 28713 28734 I art     : Explicit concurrent mark sweep GC freed 1357(83KB) AllocSpace objects, 1(20KB) LOS objects, 33% free, 32MB/48MB, paused 518us total 56.587ms
08-06 00:18:22.967 28713 28734 I art     : Starting a blocking GC Explicit
08-06 00:18:23.016 28713 28734 I art     : Explicit concurrent mark sweep GC freed 20(704B) AllocSpace objects, 0(0B) LOS objects, 33% free, 32MB/48MB, paused 534us total 48.726ms
08-06 00:18:23.035 28713 28734 I art     : Starting a blocking GC Explicit
08-06 00:18:23.087 28713 28734 I art     : Explicit concurrent mark sweep GC freed 3(96B) AllocSpace objects, 0(0B) LOS objects, 33% free, 32MB/48MB, paused 648us total 52.371ms
08-06 00:18:23.107 28713 28734 I art     : Starting a blocking GC Explicit
08-06 00:18:23.161 28713 28734 I art     : Explicit concurrent mark sweep GC freed 3(96B) AllocSpace objects, 0(0B) LOS objects, 33% free, 32MB/48MB, paused 581us total 53.522ms
08-06 00:18:23.180 28713 28734 I art     : Starting a blocking GC Explicit
08-06 00:18:23.234 28713 28734 I art     : Explicit concurrent mark sweep GC freed 3(96B) AllocSpace objects, 0(0B) LOS objects, 33% free, 32MB/48MB, paused 552us total 53.338ms
08-06 00:18:23.484 31258 31258 D AndroidRuntime: >>>>>> START com.android.internal.os.RuntimeInit uid 2000 <<<<<<
08-06 00:18:23.491 31258 31258 D AndroidRuntime: CheckJNI is OFF
08-06 00:18:23.533 31258 31258 D ICU     : No timezone override file found: /data/misc/zoneinfo/current/icu/icu_tzdata.dat
08-06 00:18:23.575 31258 31258 I Radio-JNI: register_android_hardware_Radio DONE
08-06 00:18:23.604 31258 31258 D AndroidRuntime: Calling main entry com.android.commands.input.Input
08-06 00:18:23.606 31258 31258 I Input   : injectMotionEvent: MotionEvent { action=ACTION_DOWN, actionButton=0, id[0]=0, x[0]=600.0, y[0]=580.0, toolType[0]=TOOL_TYPE_UNKNOWN, buttonState=0, metaState=0, flags=0x0, edgeFlags=0x0, pointerCount=1, historySize=0, eventTime=836320019, downTime=836320019, deviceId=0, source=0x1002 }
08-06 00:18:23.611 31258 31258 I Input   : injectMotionEvent: MotionEvent { action=ACTION_UP, actionButton=0, id[0]=0, x[0]=600.0, y[0]=580.0, toolType[0]=TOOL_TYPE_UNKNOWN, buttonState=0, metaState=0, flags=0x0, edgeFlags=0x0, pointerCount=1, historySize=0, eventTime=836320019, downTime=836320019, deviceId=0, source=0x1002 }
08-06 00:18:23.612 28713 30847 I art     : Starting a blocking GC Explicit
08-06 00:18:23.614 31258 31258 D AndroidRuntime: Shutting down VM
08-06 00:18:23.625   512  2967 D audio_hw_primary: out_set_parameters: enter: usecase(1: low-latency-playback) kvpairs: routing=2
08-06 00:18:23.626   918  6029 I ActivityManager: START u0 {cmp=baseline.org.quantumbadger.redreader/.activities.WebViewActivity (has extras)} from uid 10705 on display 0
08-06 00:18:23.638   512  2967 D audio_hw_primary: select_devices: out_snd_device(2: speaker) in_snd_device(0: none)
08-06 00:18:23.638   512  2967 D msm8974_platform: platform_send_audio_calibration: sending audio calibration for snd_device(2) acdb_id(15)
08-06 00:18:23.639   512  2967 I soundtrigger: audio_extn_sound_trigger_update_device_status: device 0x2 of type 0 for Event 1
08-06 00:18:23.652   512  2967 D audio_hw_primary: enable_snd_device: snd_device(2: speaker)
08-06 00:18:23.654   512  2967 D audio_hw_primary: enable_audio_route: apply and update mixer path: low-latency-playback speaker
08-06 00:18:23.655 28713 28713 I AppCompatViewInflater: app:theme is now deprecated. Please move to using android:theme instead.
08-06 00:18:23.664 28713 30847 I art     : Explicit concurrent mark sweep GC freed 2402(128KB) AllocSpace objects, 1(20KB) LOS objects, 33% free, 32MB/48MB, paused 834us total 51.597ms
08-06 00:18:23.684   918  5952 D ConnectivityService: listenForNetwork for Listen from uid/pid:10705/28713 for NetworkRequest [ id=3645, legacyType=-1, [ Capabilities: INTERNET&NOT_RESTRICTED&TRUSTED] ]
08-06 00:18:23.685 28713 30847 I art     : Starting a blocking GC Explicit
08-06 00:18:23.731 28713 30847 I art     : Explicit concurrent mark sweep GC freed 9701(961KB) AllocSpace objects, 17(2MB) LOS objects, 35% free, 29MB/45MB, paused 1.124ms total 45.771ms
08-06 00:18:23.749 28713 30847 I art     : Starting a blocking GC Explicit
08-06 00:18:23.791 28713 30847 I art     : Explicit concurrent mark sweep GC freed 913(40KB) AllocSpace objects, 0(0B) LOS objects, 35% free, 29MB/45MB, paused 858us total 41.804ms
08-06 00:18:23.810 28713 30847 I art     : Starting a blocking GC Explicit
08-06 00:18:23.822 13866 13866 I GoogleInputMethodServic: GoogleInputMethodService.onFinishInput():3138 
08-06 00:18:23.823 13866 13866 I GoogleInputMethodServic: GoogleInputMethodService.onStartInput():1808 
08-06 00:18:23.825   918   936 I ActivityManager: Displayed baseline.org.quantumbadger.redreader/.activities.WebViewActivity: +188ms
08-06 00:18:23.858 28713 30847 I art     : Explicit concurrent mark sweep GC freed 122(5KB) AllocSpace objects, 0(0B) LOS objects, 35% free, 29MB/45MB, paused 665us total 47.155ms
08-06 00:18:23.877 28713 30847 I art     : Starting a blocking GC Explicit
08-06 00:18:23.921 28713 30847 I art     : Explicit concurrent mark sweep GC freed 56(3KB) AllocSpace objects, 0(0B) LOS objects, 35% free, 29MB/45MB, paused 512us total 43.072ms
08-06 00:18:24.068   380   380 W SurfaceFlinger: couldn't log to binary event log: overflow.
08-06 00:18:24.188   512  2967 D audio_hw_primary: disable_audio_route: reset and update mixer path: low-latency-playback speaker
08-06 00:18:24.189   512  2967 D audio_hw_primary: disable_snd_device: snd_device(2: speaker)
08-06 00:18:24.197   512  2967 I soundtrigger: audio_extn_sound_trigger_update_device_status: device 0x2 of type 0 for Event 0
08-06 00:18:24.197 28713 31205 I RedditChangeDataIO: Writing tmp data file at '/data/user/0/baseline.org.quantumbadger.redreader/files/rr_change_data_tmp.dat'
08-06 00:18:24.198 28713 31205 I RedditChangeDataManager: Taking snapshot...
08-06 00:18:24.198 28713 31205 I RedditChangeDataManager: Writing to stream...
08-06 00:18:24.199 28713 31205 I RedditChangeDataManager: Wrote 5 entries for user ''
08-06 00:18:24.199 28713 31205 I RedditChangeDataManager: All entries written to stream.
08-06 00:18:24.199 28713 31205 I RedditChangeDataIO: Write successful. Atomically replacing data file...
08-06 00:18:24.199 28713 31205 I RedditChangeDataIO: Write complete.
08-06 00:18:24.200 28713 31205 I RedditChangeDataIO: 134 bytes written in 2 ms
08-06 00:18:24.293 28713 29069 I art     : Starting a blocking GC Explicit
08-06 00:18:24.342 28713 29069 I art     : Explicit concurrent mark sweep GC freed 2371(139KB) AllocSpace objects, 2(88KB) LOS objects, 35% free, 29MB/45MB, paused 524us total 48.818ms
08-06 00:18:24.359 28713 29069 I art     : Starting a blocking GC Explicit
08-06 00:18:24.405 28713 29069 I art     : Explicit concurrent mark sweep GC freed 26(896B) AllocSpace objects, 0(0B) LOS objects, 35% free, 29MB/45MB, paused 673us total 45.509ms
08-06 00:18:24.426 28713 29069 I art     : Starting a blocking GC Explicit
08-06 00:18:24.475 28713 29069 I art     : Explicit concurrent mark sweep GC freed 12(368B) AllocSpace objects, 0(0B) LOS objects, 35% free, 29MB/45MB, paused 709us total 48.852ms
08-06 00:18:24.496 28713 29069 I art     : Starting a blocking GC Explicit
08-06 00:18:24.548 28713 29069 I art     : Explicit concurrent mark sweep GC freed 11(352B) AllocSpace objects, 0(0B) LOS objects, 35% free, 29MB/45MB, paused 612us total 51.337ms
08-06 00:18:24.572 28713 29069 I art     : Starting a blocking GC Explicit
08-06 00:18:24.623 28713 29069 I art     : Explicit concurrent mark sweep GC freed 15(448B) AllocSpace objects, 0(0B) LOS objects, 35% free, 29MB/45MB, paused 557us total 50.691ms
08-06 00:18:24.623 28713 28723 I art     : WaitForGcToComplete blocked for 25.383ms for cause HeapTrim
08-06 00:18:25.006 28713 30847 I art     : Starting a blocking GC Explicit
08-06 00:18:25.061 28713 30847 I art     : Explicit concurrent mark sweep GC freed 1457(87KB) AllocSpace objects, 1(20KB) LOS objects, 35% free, 29MB/45MB, paused 526us total 54.529ms
08-06 00:18:25.084 28713 30847 I art     : Starting a blocking GC Explicit
08-06 00:18:25.141 28713 30847 I art     : Explicit concurrent mark sweep GC freed 30(1024B) AllocSpace objects, 0(0B) LOS objects, 35% free, 29MB/45MB, paused 645us total 56.635ms
08-06 00:18:25.162 28713 30847 I art     : Starting a blocking GC Explicit
08-06 00:18:25.174 28713 28713 I chromium: [INFO:CONSOLE(1)] "
08-06 00:18:25.174 28713 28713 I chromium:                   ,d"=,.,qOp,
08-06 00:18:25.174 28713 28713 I chromium:                  ,7'  ''$(  )
08-06 00:18:25.174 28713 28713 I chromium:                 ,7'      '?q$7'
08-06 00:18:25.174 28713 28713 I chromium:              ..,$$,.
08-06 00:18:25.174 28713 28713 I chromium:    ,.  .,,--***""***--,,.  .,
08-06 00:18:25.174 28713 28713 I chromium:     ,p''              ''q,   
08-06 00:18:25.174 28713 28713 I chromium: :  ,7'                      '7,  :
08-06 00:18:25.174 28713 28713 I chromium:  ' $      ,db,      ,db,      $ '
08-06 00:18:25.174 28713 28713 I chromium:   '$      $$      $$      $'    Using Reddit at work? Work for Reddit.
08-06 00:18:25.174 28713 28713 I chromium:   '$                          $'        https://www.reddit.com/jobs
08-06 00:18:25.174 28713 28713 I chromium:    '$.     .,        ,.     .$'
08-06 00:18:25.174 28713 28713 I chromium:     'b,     ''     ,d'
08-06 00:18:25.174 28713 28713 I chromium:      '?bn,,          ,,nd?'
08-06 00:18:25.174 28713 28713 I chromium:        ,7$ '''' $7,
08-06 00:18:25.174 28713 28713 I chromium:      , $              $ ,
08-06 00:18:25.174 28713 28713 I chromium:      $  :$              $:  $
08-06 00:18:25.174 28713 28713 I chromium:      $   $              $   $
08-06 00:18:25.174 28713 28713 I chromium:      'b  q:            :p  d'
08-06 00:18:25.174 28713 28713 I chromium:       '?$.          .$?'
08-06 00:18:25.174 28713 28713 I chromium:          'b            d'
08-06 00:18:25.174 28713 28713 I chromium:        ,'?,.      .,?',
08-06 00:18:25.174 28713 28713 I chromium:       ==--==--==--==
08-06 00:18:25.174 28713 28713 I chromium: ", source: https://www.redditstatic.com/desktop2x/Chat~Governance~Reddit.2ea93b134a9b2e5b1d9a.js (1)
08-06 00:18:25.217 28713 30847 I art     : Explicit concurrent mark sweep GC freed 14(2624B) AllocSpace objects, 0(0B) LOS objects, 35% free, 29MB/45MB, paused 623us total 54.645ms
08-06 00:18:25.238 28713 30847 I art     : Starting a blocking GC Explicit
08-06 00:18:25.293 28713 30847 I art     : Explicit concurrent mark sweep GC freed 14(448B) AllocSpace objects, 0(0B) LOS objects, 35% free, 29MB/45MB, paused 454us total 54.528ms
08-06 00:18:25.315 28713 30847 I art     : Starting a blocking GC Explicit
08-06 00:18:25.364 28713 30847 I art     : Explicit concurrent mark sweep GC freed 12(384B) AllocSpace objects, 0(0B) LOS objects, 35% free, 29MB/45MB, paused 530us total 48.750ms
08-06 00:18:25.687   518   646 I ThermalEngine: ACTION: GPU - Setting GPU[0] to 390000000
08-06 00:18:25.744 28713 28725 I art     : Starting a blocking GC Explicit
08-06 00:18:25.803 28713 28725 I art     : Explicit concurrent mark sweep GC freed 1701(128KB) AllocSpace objects, 1(20KB) LOS objects, 35% free, 29MB/45MB, paused 852us total 59.100ms
08-06 00:18:25.828 28713 28725 I art     : Starting a blocking GC Explicit
08-06 00:18:25.884 28713 28725 I art     : Explicit concurrent mark sweep GC freed 87(2944B) AllocSpace objects, 0(0B) LOS objects, 35% free, 29MB/45MB, paused 800us total 55.894ms
08-06 00:18:25.909 28713 28725 I art     : Starting a blocking GC Explicit
08-06 00:18:25.962 28713 28725 I art     : Explicit concurrent mark sweep GC freed 3(96B) AllocSpace objects, 0(0B) LOS objects, 35% free, 29MB/45MB, paused 801us total 53.139ms
08-06 00:18:25.987 28713 28725 I art     : Starting a blocking GC Explicit
08-06 00:18:26.043 28713 28725 I art     : Explicit concurrent mark sweep GC freed 3(96B) AllocSpace objects, 0(0B) LOS objects, 35% free, 29MB/45MB, paused 821us total 55.593ms
08-06 00:18:26.067 28713 28725 I art     : Starting a blocking GC Explicit
08-06 00:18:26.126 28713 28725 I art     : Explicit concurrent mark sweep GC freed 59(3KB) AllocSpace objects, 0(0B) LOS objects, 35% free, 29MB/45MB, paused 720us total 58.194ms
08-06 00:18:26.525 28713 28725 I art     : Starting a blocking GC Explicit
08-06 00:18:26.591 28713 28725 I art     : Explicit concurrent mark sweep GC freed 1525(94KB) AllocSpace objects, 1(20KB) LOS objects, 35% free, 29MB/45MB, paused 659us total 65.882ms
08-06 00:18:26.615 28713 28725 I art     : Starting a blocking GC Explicit
08-06 00:18:26.681 28713 28725 I art     : Explicit concurrent mark sweep GC freed 20(704B) AllocSpace objects, 0(0B) LOS objects, 35% free, 29MB/45MB, paused 1.334ms total 65.666ms
08-06 00:18:26.714 28713 28725 I art     : Starting a blocking GC Explicit
08-06 00:18:26.779 28713 28725 I art     : Explicit concurrent mark sweep GC freed 3(96B) AllocSpace objects, 0(0B) LOS objects, 35% free, 29MB/45MB, paused 1.298ms total 63.885ms
08-06 00:18:26.807 28713 28725 I art     : Starting a blocking GC Explicit
08-06 00:18:26.865 28713 28725 I art     : Explicit concurrent mark sweep GC freed 3(96B) AllocSpace objects, 0(0B) LOS objects, 35% free, 29MB/45MB, paused 820us total 58.411ms
08-06 00:18:26.896 28713 28725 I art     : Starting a blocking GC Explicit
08-06 00:18:26.957 28713 28725 I art     : Explicit concurrent mark sweep GC freed 49(2656B) AllocSpace objects, 0(0B) LOS objects, 35% free, 29MB/45MB, paused 848us total 60.596ms
08-06 00:18:27.354 28713 30847 I art     : Starting a blocking GC Explicit
08-06 00:18:27.427 28713 30847 I art     : Explicit concurrent mark sweep GC freed 1357(82KB) AllocSpace objects, 1(20KB) LOS objects, 35% free, 29MB/45MB, paused 564us total 71.928ms
08-06 00:18:27.451 28713 30847 I art     : Starting a blocking GC Explicit
08-06 00:18:27.525 28713 30847 I art     : Explicit concurrent mark sweep GC freed 20(704B) AllocSpace objects, 0(0B) LOS objects, 35% free, 29MB/45MB, paused 930us total 72.942ms
08-06 00:18:27.552 28713 30847 I art     : Starting a blocking GC Explicit
08-06 00:18:27.618 28713 30847 I art     : Explicit concurrent mark sweep GC freed 3(96B) AllocSpace objects, 0(0B) LOS objects, 35% free, 29MB/45MB, paused 723us total 65.991ms
08-06 00:18:27.644 28713 30847 I art     : Starting a blocking GC Explicit
08-06 00:18:27.709 28713 30847 I art     : Explicit concurrent mark sweep GC freed 3(96B) AllocSpace objects, 0(0B) LOS objects, 35% free, 29MB/45MB, paused 936us total 64.675ms
08-06 00:18:27.735 28713 30847 I art     : Starting a blocking GC Explicit
08-06 00:18:27.804 28713 30847 I art     : Explicit concurrent mark sweep GC freed 3(96B) AllocSpace objects, 0(0B) LOS objects, 35% free, 29MB/45MB, paused 768us total 68.995ms
08-06 00:18:28.239 28713 28734 I art     : Starting a blocking GC Explicit
08-06 00:18:28.310 28713 28734 I art     : Explicit concurrent mark sweep GC freed 1357(82KB) AllocSpace objects, 1(20KB) LOS objects, 35% free, 29MB/45MB, paused 837us total 70.532ms
08-06 00:18:28.334 28713 28734 I art     : Starting a blocking GC Explicit
08-06 00:18:28.396 28713 28734 I art     : Explicit concurrent mark sweep GC freed 20(704B) AllocSpace objects, 0(0B) LOS objects, 35% free, 29MB/45MB, paused 657us total 61.350ms
08-06 00:18:28.420 28713 28734 I art     : Starting a blocking GC Explicit
08-06 00:18:28.485 28713 28734 I art     : Explicit concurrent mark sweep GC freed 3(96B) AllocSpace objects, 0(0B) LOS objects, 35% free, 29MB/45MB, paused 1.249ms total 64.617ms
08-06 00:18:28.510 28713 28734 I art     : Starting a blocking GC Explicit
08-06 00:18:28.569 28713 28734 I art     : Explicit concurrent mark sweep GC freed 3(96B) AllocSpace objects, 0(0B) LOS objects, 35% free, 29MB/45MB, paused 1.412ms total 59.087ms
08-06 00:18:28.576 31335 31335 D AndroidRuntime: >>>>>> START com.android.internal.os.RuntimeInit uid 2000 <<<<<<
08-06 00:18:28.585 31335 31335 D AndroidRuntime: CheckJNI is OFF
08-06 00:18:28.601 28713 28734 I art     : Starting a blocking GC Explicit
08-06 00:18:28.645 31335 31335 D ICU     : No timezone override file found: /data/misc/zoneinfo/current/icu/icu_tzdata.dat
08-06 00:18:28.656 28713 28734 I art     : Explicit concurrent mark sweep GC freed 3(96B) AllocSpace objects, 0(0B) LOS objects, 35% free, 29MB/45MB, paused 602us total 54.707ms
08-06 00:18:28.695 31335 31335 I Radio-JNI: register_android_hardware_Radio DONE
08-06 00:18:28.726 31335 31335 D AndroidRuntime: Calling main entry com.android.commands.input.Input
08-06 00:18:28.728 31335 31335 I Input   : injectKeyEvent: KeyEvent { action=ACTION_DOWN, keyCode=KEYCODE_BACK, scanCode=0, metaState=0, flags=0x0, repeatCount=0, eventTime=836325141, downTime=836325141, deviceId=-1, source=0x101 }
08-06 00:18:28.734 31335 31335 I Input   : injectKeyEvent: KeyEvent { action=ACTION_UP, keyCode=KEYCODE_BACK, scanCode=0, metaState=0, flags=0x0, repeatCount=0, eventTime=836325141, downTime=836325141, deviceId=-1, source=0x101 }
08-06 00:18:28.741 31335 31335 D AndroidRuntime: Shutting down VM
08-06 00:18:28.802 13866 13866 I GoogleInputMethodServic: GoogleInputMethodService.onFinishInput():3138 
08-06 00:18:28.802 13866 13866 I GoogleInputMethodServic: GoogleInputMethodService.onStartInput():1808 
08-06 00:18:29.059 28713 29069 I art     : Starting a blocking GC Explicit
08-06 00:18:29.135 28713 29069 I art     : Explicit concurrent mark sweep GC freed 1622(91KB) AllocSpace objects, 1(20KB) LOS objects, 35% free, 29MB/45MB, paused 1.116ms total 75.415ms
08-06 00:18:29.156   380   380 W SurfaceFlinger: couldn't log to binary event log: overflow.
08-06 00:18:29.161 28713 29069 I art     : Starting a blocking GC Explicit
08-06 00:18:29.202   918  3263 D ConnectivityService: releasing NetworkRequest NetworkRequest [ id=3645, legacyType=-1, [ Capabilities: INTERNET&NOT_RESTRICTED&TRUSTED] ]
08-06 00:18:29.228 28713 29069 I art     : Explicit concurrent mark sweep GC freed 872(40KB) AllocSpace objects, 0(0B) LOS objects, 35% free, 29MB/45MB, paused 718us total 67.354ms
08-06 00:18:29.270 28713 29069 I art     : Starting a blocking GC Explicit
08-06 00:18:29.350 28713 29069 I art     : Explicit concurrent mark sweep GC freed 45(1904B) AllocSpace objects, 0(0B) LOS objects, 35% free, 29MB/45MB, paused 734us total 77.247ms
08-06 00:18:29.377 28713 29069 I art     : Starting a blocking GC Explicit
08-06 00:18:29.431 28713 29069 I art     : Explicit concurrent mark sweep GC freed 2089(123KB) AllocSpace objects, 1(28KB) LOS objects, 35% free, 29MB/45MB, paused 677us total 53.606ms
08-06 00:18:29.455 28713 29069 I art     : Starting a blocking GC Explicit
08-06 00:18:29.515 28713 29069 I art     : Explicit concurrent mark sweep GC freed 3(96B) AllocSpace objects, 0(0B) LOS objects, 35% free, 29MB/45MB, paused 822us total 59.535ms
08-06 00:18:29.904 28713 28724 I art     : Starting a blocking GC Explicit
08-06 00:18:29.907   918  3188 I hubconnection: sensorhub said: 'set_bias 3: -6.2400, 0.0000, 0.0000'
08-06 00:18:29.978 28713 28724 I art     : Explicit concurrent mark sweep GC freed 1357(82KB) AllocSpace objects, 1(20KB) LOS objects, 35% free, 29MB/45MB, paused 747us total 73.298ms
08-06 00:18:30.009 28713 28724 I art     : Starting a blocking GC Explicit
08-06 00:18:30.065 28713 28724 I art     : Explicit concurrent mark sweep GC freed 20(704B) AllocSpace objects, 0(0B) LOS objects, 35% free, 29MB/45MB, paused 758us total 56.514ms
08-06 00:18:30.091 28713 28724 I art     : Starting a blocking GC Explicit
08-06 00:18:30.146 28713 28724 I art     : Explicit concurrent mark sweep GC freed 3(96B) AllocSpace objects, 0(0B) LOS objects, 35% free, 29MB/45MB, paused 784us total 54.917ms
08-06 00:18:30.172 28713 28724 I art     : Starting a blocking GC Explicit
08-06 00:18:30.227 28713 28724 I art     : Explicit concurrent mark sweep GC freed 3(96B) AllocSpace objects, 0(0B) LOS objects, 35% free, 29MB/45MB, paused 745us total 54.997ms
08-06 00:18:30.253 28713 28724 I art     : Starting a blocking GC Explicit
08-06 00:18:30.309 28713 28724 I art     : Explicit concurrent mark sweep GC freed 3(96B) AllocSpace objects, 0(0B) LOS objects, 35% free, 29MB/45MB, paused 871us total 56.221ms
08-06 00:18:30.674 31378 31378 D AndroidRuntime: >>>>>> START com.android.internal.os.RuntimeInit uid 2000 <<<<<<
08-06 00:18:30.681 31378 31378 D AndroidRuntime: CheckJNI is OFF
08-06 00:18:30.694 28713 28725 I art     : Starting a blocking GC Explicit
08-06 00:18:30.743 31378 31378 D ICU     : No timezone override file found: /data/misc/zoneinfo/current/icu/icu_tzdata.dat
08-06 00:18:30.756 28713 28725 I art     : Explicit concurrent mark sweep GC freed 1356(82KB) AllocSpace objects, 1(20KB) LOS objects, 35% free, 29MB/45MB, paused 709us total 60.762ms
08-06 00:18:30.781 28713 28725 I art     : Starting a blocking GC Explicit
08-06 00:18:30.790 31378 31378 I Radio-JNI: register_android_hardware_Radio DONE
08-06 00:18:30.822 31378 31378 D AndroidRuntime: Calling main entry com.android.commands.input.Input
08-06 00:18:30.824 31378 31378 I Input   : injectKeyEvent: KeyEvent { action=ACTION_DOWN, keyCode=KEYCODE_BACK, scanCode=0, metaState=0, flags=0x0, repeatCount=0, eventTime=836327237, downTime=836327237, deviceId=-1, source=0x101 }
08-06 00:18:30.839 31378 31378 I Input   : injectKeyEvent: KeyEvent { action=ACTION_UP, keyCode=KEYCODE_BACK, scanCode=0, metaState=0, flags=0x0, repeatCount=0, eventTime=836327237, downTime=836327237, deviceId=-1, source=0x101 }
08-06 00:18:30.839 28713 28725 I art     : Explicit concurrent mark sweep GC freed 20(704B) AllocSpace objects, 0(0B) LOS objects, 35% free, 29MB/45MB, paused 1.038ms total 58.120ms
08-06 00:18:30.853 31378 31378 D AndroidRuntime: Shutting down VM
08-06 00:18:30.868 28713 28725 I art     : Starting a blocking GC Explicit
08-06 00:18:30.901 13866 13866 I GoogleInputMethodServic: GoogleInputMethodService.onFinishInput():3138 
08-06 00:18:30.902 13866 13866 I GoogleInputMethodServic: GoogleInputMethodService.onStartInput():1808 
08-06 00:18:30.922 28713 28725 I art     : Explicit concurrent mark sweep GC freed 119(4KB) AllocSpace objects, 0(0B) LOS objects, 35% free, 29MB/45MB, paused 816us total 53.631ms
08-06 00:18:30.947 28713 28725 I art     : Starting a blocking GC Explicit
08-06 00:18:30.999 28713 28725 I art     : Explicit concurrent mark sweep GC freed 70(2304B) AllocSpace objects, 0(0B) LOS objects, 35% free, 29MB/45MB, paused 1.013ms total 51.444ms
08-06 00:18:31.026 28713 28725 I art     : Starting a blocking GC Explicit
08-06 00:18:31.097 28713 28725 I art     : Explicit concurrent mark sweep GC freed 3(96B) AllocSpace objects, 0(0B) LOS objects, 35% free, 29MB/45MB, paused 929us total 70.119ms
08-06 00:18:31.464 28713 28734 I art     : Starting a blocking GC Explicit
08-06 00:18:31.538 28713 28734 I art     : Explicit concurrent mark sweep GC freed 1421(85KB) AllocSpace objects, 1(20KB) LOS objects, 35% free, 29MB/45MB, paused 806us total 74.001ms
08-06 00:18:31.568 28713 28734 I art     : Starting a blocking GC Explicit
08-06 00:18:31.628 28713 28734 I art     : Explicit concurrent mark sweep GC freed 150(7KB) AllocSpace objects, 0(0B) LOS objects, 35% free, 29MB/45MB, paused 731us total 59.399ms
08-06 00:18:31.654 28713 28734 I art     : Starting a blocking GC Explicit
08-06 00:18:31.697   518   646 I ThermalEngine: ACTION: GPU - Setting GPU[0] to 450000000
08-06 00:18:31.712 28713 28734 I art     : Explicit concurrent mark sweep GC freed 3(96B) AllocSpace objects, 0(0B) LOS objects, 35% free, 29MB/45MB, paused 407us total 57.340ms
08-06 00:18:31.730 28713 28734 I art     : Starting a blocking GC Explicit
08-06 00:18:31.778 28713 28734 I art     : Explicit concurrent mark sweep GC freed 3(96B) AllocSpace objects, 0(0B) LOS objects, 35% free, 29MB/45MB, paused 497us total 47.536ms
08-06 00:18:31.801 28713 28734 I art     : Starting a blocking GC Explicit
08-06 00:18:31.849 28713 28734 I art     : Explicit concurrent mark sweep GC freed 3(96B) AllocSpace objects, 0(0B) LOS objects, 35% free, 29MB/45MB, paused 505us total 48.068ms
08-06 00:18:32.205 28713 29069 I art     : Starting a blocking GC Explicit
08-06 00:18:32.263 28713 29069 I art     : Explicit concurrent mark sweep GC freed 1356(82KB) AllocSpace objects, 1(20KB) LOS objects, 35% free, 29MB/45MB, paused 861us total 58.430ms
08-06 00:18:32.288 28713 29069 I art     : Starting a blocking GC Explicit
08-06 00:18:32.341 28713 29069 I art     : Explicit concurrent mark sweep GC freed 20(704B) AllocSpace objects, 0(0B) LOS objects, 35% free, 29MB/45MB, paused 752us total 51.996ms
08-06 00:18:32.365 28713 29069 I art     : Starting a blocking GC Explicit
08-06 00:18:32.422 28713 29069 I art     : Explicit concurrent mark sweep GC freed 3(96B) AllocSpace objects, 0(0B) LOS objects, 35% free, 29MB/45MB, paused 787us total 56.746ms
08-06 00:18:32.447 28713 29069 I art     : Starting a blocking GC Explicit
08-06 00:18:32.505 28713 29069 I art     : Explicit concurrent mark sweep GC freed 3(96B) AllocSpace objects, 0(0B) LOS objects, 35% free, 29MB/45MB, paused 650us total 56.741ms
08-06 00:18:32.529 28713 29069 I art     : Starting a blocking GC Explicit
08-06 00:18:32.585 28713 29069 I art     : Explicit concurrent mark sweep GC freed 3(96B) AllocSpace objects, 0(0B) LOS objects, 35% free, 29MB/45MB, paused 513us total 55.458ms
08-06 00:18:32.605 31423 31423 D AndroidRuntime: >>>>>> START com.android.internal.os.RuntimeInit uid 2000 <<<<<<
08-06 00:18:32.611 31423 31423 D AndroidRuntime: CheckJNI is OFF
08-06 00:18:32.654 31423 31423 D ICU     : No timezone override file found: /data/misc/zoneinfo/current/icu/icu_tzdata.dat
08-06 00:18:32.697 31423 31423 I Radio-JNI: register_android_hardware_Radio DONE
08-06 00:18:32.728 31423 31423 D AndroidRuntime: Calling main entry com.android.commands.input.Input
08-06 00:18:32.731 31423 31423 I Input   : injectMotionEvent: MotionEvent { action=ACTION_DOWN, actionButton=0, id[0]=0, x[0]=600.0, y[0]=1733.0, toolType[0]=TOOL_TYPE_UNKNOWN, buttonState=0, metaState=0, flags=0x0, edgeFlags=0x0, pointerCount=1, historySize=0, eventTime=836329144, downTime=836329144, deviceId=0, source=0x1002 }
08-06 00:18:32.736 31423 31423 I Input   : injectMotionEvent: MotionEvent { action=ACTION_UP, actionButton=0, id[0]=0, x[0]=600.0, y[0]=1733.0, toolType[0]=TOOL_TYPE_UNKNOWN, buttonState=0, metaState=0, flags=0x0, edgeFlags=0x0, pointerCount=1, historySize=0, eventTime=836329144, downTime=836329144, deviceId=0, source=0x1002 }
08-06 00:18:32.738 31423 31423 D AndroidRuntime: Shutting down VM
08-06 00:18:32.754   918  6112 I ActivityManager: START u0 {dat=https://oauth.reddit.com/... cmp=baseline.org.quantumbadger.redreader/.activities.PostListingActivity} from uid 10705 on display 0
08-06 00:18:32.754   512  2967 D audio_hw_primary: out_set_parameters: enter: usecase(1: low-latency-playback) kvpairs: routing=2
08-06 00:18:32.771   512  2967 D audio_hw_primary: select_devices: out_snd_device(2: speaker) in_snd_device(0: none)
08-06 00:18:32.771   512  2967 D msm8974_platform: platform_send_audio_calibration: sending audio calibration for snd_device(2) acdb_id(15)
08-06 00:18:32.771   512  2967 I soundtrigger: audio_extn_sound_trigger_update_device_status: device 0x2 of type 0 for Event 1
08-06 00:18:32.782   512  2967 D audio_hw_primary: enable_snd_device: snd_device(2: speaker)
08-06 00:18:32.782 28713 28713 I AppCompatViewInflater: app:theme is now deprecated. Please move to using android:theme instead.
08-06 00:18:32.784   512  2967 D audio_hw_primary: enable_audio_route: apply and update mixer path: low-latency-playback speaker
08-06 00:18:32.805 28713 31447 D OK      : calling: https://oauth.reddit.com/r/aww/about.json
08-06 00:18:32.866   918   936 I ActivityManager: Displayed baseline.org.quantumbadger.redreader/.activities.PostListingActivity: +101ms
08-06 00:18:32.867 13866 13866 I GoogleInputMethodServic: GoogleInputMethodService.onFinishInput():3138 
08-06 00:18:32.867 13866 13866 I GoogleInputMethodServic: GoogleInputMethodService.onStartInput():1808 
08-06 00:18:32.908 28713 28734 I art     : Starting a blocking GC Explicit
08-06 00:18:32.952 28713 28734 I art     : Explicit concurrent mark sweep GC freed 4905(262KB) AllocSpace objects, 1(20KB) LOS objects, 35% free, 29MB/45MB, paused 589us total 44.475ms
08-06 00:18:32.972 28713 28734 I art     : Starting a blocking GC Explicit
08-06 00:18:33.021 28713 28734 I art     : Explicit concurrent mark sweep GC freed 604(31KB) AllocSpace objects, 0(0B) LOS objects, 35% free, 29MB/45MB, paused 554us total 49.105ms
08-06 00:18:33.043 28713 28734 I art     : Starting a blocking GC Explicit
08-06 00:18:33.077 28713 31447 I NAPPA_EXPERIMENTATION: MetricNetworkRequestExecutionTime: REQUEST_DURATION_SYSTEM='272',REQUEST_DURATION_OKHTTP='149',REQUEST_SYNCHRONOUS='TRUE',RESPONSE_CODE='200',RESPONSE_METHOD='GET',RESPONSE_LENGTH_OKHTTP='-1',RESPONSE_LENGTH_HEADER='3478',REQUEST_PROTOCOL='h2',REQUEST_URL='https://oauth.reddit.com/r/aww/about.json',
08-06 00:18:33.077 28713 31447 D OK      : request got status: 200
08-06 00:18:33.102 28713 28734 I art     : Explicit concurrent mark sweep GC freed 976(154KB) AllocSpace objects, 1(68KB) LOS objects, 35% free, 29MB/45MB, paused 964us total 58.370ms
08-06 00:18:33.125 28713 28734 I art     : Starting a blocking GC Explicit
08-06 00:18:33.128   380   380 W SurfaceFlinger: couldn't log to binary event log: overflow.
08-06 00:18:33.159   918  3261 D WifiStateMachine: starting scan for "H369AA63323"WPA_PSK with 2412,5180
08-06 00:18:33.168 28713 28734 I art     : Explicit concurrent mark sweep GC freed 386(20KB) AllocSpace objects, 0(0B) LOS objects, 35% free, 29MB/45MB, paused 779us total 42.975ms
08-06 00:18:33.186 28713 28734 I art     : Starting a blocking GC Explicit
08-06 00:18:33.230 28713 28734 I art     : Explicit concurrent mark sweep GC freed 503(38KB) AllocSpace objects, 1(68KB) LOS objects, 35% free, 29MB/45MB, paused 511us total 44.320ms
08-06 00:18:33.328   512  2967 D audio_hw_primary: disable_audio_route: reset and update mixer path: low-latency-playback speaker
08-06 00:18:33.330   512  2967 D audio_hw_primary: disable_snd_device: snd_device(2: speaker)
08-06 00:18:33.338   512  2967 I soundtrigger: audio_extn_sound_trigger_update_device_status: device 0x2 of type 0 for Event 0
08-06 00:18:33.570 28713 28734 I art     : Starting a blocking GC Explicit
08-06 00:18:33.620 28713 28734 I art     : Explicit concurrent mark sweep GC freed 1491(87KB) AllocSpace objects, 1(20KB) LOS objects, 35% free, 29MB/45MB, paused 553us total 49.761ms
08-06 00:18:33.639 28713 28734 I art     : Starting a blocking GC Explicit
08-06 00:18:33.687 28713 28734 I art     : Explicit concurrent mark sweep GC freed 20(704B) AllocSpace objects, 0(0B) LOS objects, 35% free, 29MB/45MB, paused 546us total 47.089ms
08-06 00:18:33.705 28713 28734 I art     : Starting a blocking GC Explicit
08-06 00:18:33.752 28713 28734 I art     : Explicit concurrent mark sweep GC freed 3(96B) AllocSpace objects, 0(0B) LOS objects, 35% free, 29MB/45MB, paused 543us total 46.506ms
08-06 00:18:33.770 28713 28734 I art     : Starting a blocking GC Explicit
08-06 00:18:33.817 28713 28734 I art     : Explicit concurrent mark sweep GC freed 3(96B) AllocSpace objects, 0(0B) LOS objects, 35% free, 29MB/45MB, paused 598us total 46.822ms
08-06 00:18:33.836 28713 28734 I art     : Starting a blocking GC Explicit
08-06 00:18:33.882 28713 28734 I art     : Explicit concurrent mark sweep GC freed 3(96B) AllocSpace objects, 0(0B) LOS objects, 35% free, 29MB/45MB, paused 514us total 46.227ms
08-06 00:18:34.006 28713 31461 D OK      : calling: https://oauth.reddit.com/r/aww/hot/.json
08-06 00:18:34.200 28713 31461 I NAPPA_EXPERIMENTATION: MetricNetworkRequestExecutionTime: REQUEST_DURATION_SYSTEM='193',REQUEST_DURATION_OKHTTP='188',REQUEST_SYNCHRONOUS='TRUE',RESPONSE_CODE='200',RESPONSE_METHOD='GET',RESPONSE_LENGTH_OKHTTP='-1',RESPONSE_LENGTH_HEADER='33430',REQUEST_PROTOCOL='h2',REQUEST_URL='https://oauth.reddit.com/r/aww/hot/.json',
08-06 00:18:34.200 28713 31461 D OK      : request got status: 200
08-06 00:18:34.205 28713 29300 I PostListingFragment: Precaching images: OFF
08-06 00:18:34.205 28713 29300 I PostListingFragment: Precaching comments: OFF
08-06 00:18:34.225 28713 28725 I art     : Starting a blocking GC Explicit
08-06 00:18:34.228 28713 31472 D OK      : calling: https://b.thumbs.redditmedia.com/CKInrczASoQbNvSBStGz11Tok0uCyQoxmZ02sOE37sQ.jpg
08-06 00:18:34.232 28713 31473 D OK      : calling: https://a.thumbs.redditmedia.com/sKVnLbatvJCZOE2ooe6CgiEftOB3ukgPMdcydbk9CZ4.jpg
08-06 00:18:34.233 28713 29300 I getImgurImageInfo: Image NSO7Npm: trying API v3 with auth
08-06 00:18:34.238 28713 31474 D OK      : calling: https://api.gfycat.com/v1/gfycats/deadlygravecavy
08-06 00:18:34.238 28713 31475 D OK      : calling: https://a.thumbs.redditmedia.com/dFt2-stQJkfZ8O7r7ywG9GQsF08fZXxEJfQtAmiJ-F8.jpg
08-06 00:18:34.243 28713 31476 D OK      : calling: https://b.thumbs.redditmedia.com/1cAaKl6LkrikiRbLsBzzOvufKqRKuPi3wgjUkX8axkI.jpg
08-06 00:18:34.253 28713 31477 D OK      : calling: https://api.imgur.com/3/image/NSO7Npm
08-06 00:18:34.253 28713 31478 D OK      : calling: https://b.thumbs.redditmedia.com/NUqJWcobH7ToYhCM0w6nnAFZ46ymm9vPD25BC3s7Wco.jpg
08-06 00:18:34.256 28713 31479 D OK      : calling: https://b.thumbs.redditmedia.com/bUY4al781EZ3q7hUlnLebemHCXE3e63_SSxl2uo4Q4A.jpg
08-06 00:18:34.259 28713 31480 D OK      : calling: https://b.thumbs.redditmedia.com/tTmEfIrujbsvZXbhNSQS6Pc7o7ShCaGqZHbYf7nWdfg.jpg
08-06 00:18:34.264 28713 31481 D OK      : calling: https://b.thumbs.redditmedia.com/_H8tFMmL5-3GrxYkCtMSHiyNfjbX8pxctOw_vrzyw7o.jpg
08-06 00:18:34.270 28713 31482 D OK      : calling: https://v.redd.it/fkewv2f65kd51/DASHPlaylist.mpd
08-06 00:18:34.274 28713 31484 D OK      : calling: https://b.thumbs.redditmedia.com/N6fiqTp8nJD2l7sUz4nij7j1yHYMTKaflUIrn8E2bAU.jpg
08-06 00:18:34.275 28713 31483 D OK      : calling: https://b.thumbs.redditmedia.com/JTSWFy2_tijPk6cA5noKDydEAMkMJcDmKQTSX178zwc.jpg
08-06 00:18:34.280 28713 31485 D OK      : calling: https://b.thumbs.redditmedia.com/HkEQtny0bE4H3dMCd_woPsLAXBoPwp_DZ4ioFNIQLKk.jpg
08-06 00:18:34.281 28713 28725 I art     : Explicit concurrent mark sweep GC freed 11847(591KB) AllocSpace objects, 1(20KB) LOS objects, 34% free, 30MB/46MB, paused 2.642ms total 56.020ms
08-06 00:18:34.286 28713 31486 D OK      : calling: https://b.thumbs.redditmedia.com/lVNra-iScxkYcYtSstJ-7J7pRAUDRXIwwJhsen1ZK9g.jpg
08-06 00:18:34.289 28713 31487 D OK      : calling: https://api.gfycat.com/v1/gfycats/altruisticthankfulankolewatusi
08-06 00:18:34.290 28713 31488 D OK      : calling: https://v.redd.it/ak6rer1hskd51/DASHPlaylist.mpd
08-06 00:18:34.298 28713 31489 D OK      : calling: https://b.thumbs.redditmedia.com/lQKqDneXS8E7ZBD9cUQy4OqOt8PuTneSvVFtnU0pwCE.jpg
08-06 00:18:34.304 28713 31490 D OK      : calling: https://b.thumbs.redditmedia.com/X3yyAViE0gxiHR-kf9Z5xmLa8dKsm8iWJyKdWNVtOhU.jpg
08-06 00:18:34.306 28713 31491 D OK      : calling: https://api.gfycat.com/v1/gfycats/foolhardysparklinglarva
08-06 00:18:34.307 28713 31492 D OK      : calling: https://b.thumbs.redditmedia.com/Bx9FZp8_w10DfFUf_mqVPMfu4Y0h2lo41Dh4tl2eNeQ.jpg
08-06 00:18:34.310 28713 28725 I art     : Starting a blocking GC Explicit
08-06 00:18:34.313 28713 31493 D OK      : calling: https://v.redd.it/h49fg58ygjd51/DASHPlaylist.mpd
08-06 00:18:34.320 28713 31494 D OK      : calling: https://a.thumbs.redditmedia.com/KpcC72KH04Be3BqxmFbv_Gz7LCy-24GU-70or3KCdJ4.jpg
08-06 00:18:34.323 28713 31495 D OK      : calling: https://a.thumbs.redditmedia.com/cEOtajy3CAQrjwSA3hhSqnPx8bfkRzglo7Lz1SBTmE0.jpg
08-06 00:18:34.331 28713 31496 D OK      : calling: https://b.thumbs.redditmedia.com/RrJbRRjFZWmckrONtkPTloJh52FfqD_XkLMuYuuQvAg.jpg
08-06 00:18:34.332 28713 31497 D OK      : calling: https://b.thumbs.redditmedia.com/chqK3f9u3D7UmfrGP85f4sOQFihMk6q7fFSeMyWs_7E.jpg
08-06 00:18:34.335 28713 31498 D OK      : calling: https://b.thumbs.redditmedia.com/B18Vu5Jw71XCkFOFHimnUC42ya8apHsmcCW-HFmtb6w.jpg
08-06 00:18:34.340 28713 31500 D OK      : calling: https://b.thumbs.redditmedia.com/iZuzjufMpYUYtQRLjRwce4RDb6JYsId95_iezR2Uc0w.jpg
08-06 00:18:34.340 28713 31499 D OK      : calling: https://v.redd.it/1ewzkieg0jd51/DASHPlaylist.mpd
08-06 00:18:34.343 28713 31501 D OK      : calling: https://v.redd.it/ppmhu2r9thd51/DASHPlaylist.mpd
08-06 00:18:34.351 28713 31502 D OK      : calling: https://v.redd.it/s9qqadf3mid51/DASHPlaylist.mpd
08-06 00:18:34.352 28713 31503 D OK      : calling: https://v.redd.it/b8vazlcb7ld51/DASHPlaylist.mpd
08-06 00:18:34.355 28713 31504 D OK      : calling: https://b.thumbs.redditmedia.com/XNb1kfskabGDLMqv661Q22hBtCb8w5oyePDcFaZi9aY.jpg
08-06 00:18:34.357 28713 31505 D OK      : calling: https://v.redd.it/ty24o02m1hd51/DASHPlaylist.mpd
08-06 00:18:34.366 28713 31506 D OK      : calling: https://b.thumbs.redditmedia.com/lMqJbh1Z40ffemA0TnSfVnovznn4hvJNue60AsJ-ETs.jpg
08-06 00:18:34.370 28713 28725 I art     : Explicit concurrent mark sweep GC freed 13171(591KB) AllocSpace objects, 0(0B) LOS objects, 33% free, 31MB/47MB, paused 3.694ms total 59.845ms
08-06 00:18:34.371 28713 31507 D OK      : calling: https://b.thumbs.redditmedia.com/x5l4cICw0WNNvslt5FqVjwj89XrGjrXnNbaSyQRAyCo.jpg
08-06 00:18:34.373 28713 31508 D OK      : calling: https://v.redd.it/ar5k8892pid51/DASHPlaylist.mpd
08-06 00:18:34.376 28713 31509 D OK      : calling: https://b.thumbs.redditmedia.com/189nmwjW7eGWBD0J-cxzsUac1V1ZWGzMFC66inY4u4Y.jpg
08-06 00:18:34.389 28713 28725 I art     : Starting a blocking GC Explicit
08-06 00:18:34.397 28713 31510 D OK      : calling: https://b.thumbs.redditmedia.com/d_-UsfmKASoIHi4vZyyjvvwFtm1S7-DEi9AQPOnGIgY.jpg
08-06 00:18:34.449 28713 28725 I art     : Explicit concurrent mark sweep GC freed 5136(269KB) AllocSpace objects, 1(68KB) LOS objects, 33% free, 31MB/47MB, paused 3.460ms total 60.585ms
08-06 00:18:34.468 28713 28725 I art     : Starting a blocking GC Explicit
08-06 00:18:34.492 28713 28713 W RecyclerView: Cannot call this method in a scroll callback. Scroll callbacks mightbe run during a measure & layout pass where you cannot change theRecyclerView data. Any method call that might change the structureof the RecyclerView or the adapter contents should be postponed tothe next frame.
08-06 00:18:34.492 28713 28713 W RecyclerView: java.lang.IllegalStateException:  androidx.recyclerview.widget.RecyclerView{a9a24d4 VFED..... .F....ID 0,0-1440,2140 #7f0900ef app:id/scrollbar_recyclerview_recyclerview}, adapter:baseline.org.quantumbadger.redreader.adapters.GroupedRecyclerViewAdapter@ad2767d, layout:androidx.recyclerview.widget.LinearLayoutManager@d64b972, context:baseline.org.quantumbadger.redreader.activities.PostListingActivity@cf8d89
08-06 00:18:34.492 28713 28713 W RecyclerView: 	at androidx.recyclerview.widget.RecyclerView.assertNotInLayoutOrScroll(RecyclerView.java:3061)
08-06 00:18:34.492 28713 28713 W RecyclerView: 	at androidx.recyclerview.widget.RecyclerView$RecyclerViewDataObserver.onItemRangeInserted(RecyclerView.java:5555)
08-06 00:18:34.492 28713 28713 W RecyclerView: 	at androidx.recyclerview.widget.RecyclerView$AdapterDataObservable.notifyItemRangeInserted(RecyclerView.java:12278)
08-06 00:18:34.492 28713 28713 W RecyclerView: 	at androidx.recyclerview.widget.RecyclerView$Adapter.notifyItemInserted(RecyclerView.java:7464)
08-06 00:18:34.492 28713 28713 W RecyclerView: 	at baseline.org.quantumbadger.redreader.adapters.GroupedRecyclerViewAdapter.updateHiddenStatus(GroupedRecyclerViewAdapter.java:279)
08-06 00:18:34.492 28713 28713 W RecyclerView: 	at baseline.org.quantumbadger.redreader.adapters.RedditListingManager.setLoadingVisible(RedditListingManager.java:125)
08-06 00:18:34.492 28713 28713 W RecyclerView: 	at baseline.org.quantumbadger.redreader.fragments.PostListingFragment.onLoadMoreItemsCheck(PostListingFragment.java:465)
08-06 00:18:34.492 28713 28713 W RecyclerView: 	at baseline.org.quantumbadger.redreader.fragments.PostListingFragment.access$000(PostListingFragment.java:98)
08-06 00:18:34.492 28713 28713 W RecyclerView: 	at baseline.org.quantumbadger.redreader.fragments.PostListingFragment$2.onScrolled(PostListingFragment.java:215)
08-06 00:18:34.492 28713 28713 W RecyclerView: 	at androidx.recyclerview.widget.RecyclerView.dispatchOnScrolled(RecyclerView.java:5173)
08-06 00:18:34.492 28713 28713 W RecyclerView: 	at androidx.recyclerview.widget.RecyclerView.dispatchLayoutStep3(RecyclerView.java:4231)
08-06 00:18:34.492 28713 28713 W RecyclerView: 	at androidx.recyclerview.widget.RecyclerView.dispatchLayout(RecyclerView.java:3862)
08-06 00:18:34.492 28713 28713 W RecyclerView: 	at androidx.recyclerview.widget.RecyclerView.consumePendingUpdateOperations(RecyclerView.java:1897)
08-06 00:18:34.492 28713 28713 W RecyclerView: 	at androidx.recyclerview.widget.RecyclerView$1.run(RecyclerView.java:414)
08-06 00:18:34.492 28713 28713 W RecyclerView: 	at android.view.Choreographer$CallbackRecord.run(Choreographer.java:858)
08-06 00:18:34.492 28713 28713 W RecyclerView: 	at android.view.Choreographer.doCallbacks(Choreographer.java:670)
08-06 00:18:34.492 28713 28713 W RecyclerView: 	at android.view.Choreographer.doFrame(Choreographer.java:603)
08-06 00:18:34.492 28713 28713 W RecyclerView: 	at android.view.Choreographer$FrameDisplayEventReceiver.run(Choreographer.java:844)
08-06 00:18:34.492 28713 28713 W RecyclerView: 	at android.os.Handler.handleCallback(Handler.java:739)
08-06 00:18:34.492 28713 28713 W RecyclerView: 	at android.os.Handler.dispatchMessage(Handler.java:95)
08-06 00:18:34.492 28713 28713 W RecyclerView: 	at android.os.Looper.loop(Looper.java:148)
08-06 00:18:34.492 28713 28713 W RecyclerView: 	at android.app.ActivityThread.main(ActivityThread.java:5417)
08-06 00:18:34.492 28713 28713 W RecyclerView: 	at java.lang.reflect.Method.invoke(Native Method)
08-06 00:18:34.492 28713 28713 W RecyclerView: 	at com.android.internal.os.ZygoteInit$MethodAndArgsCaller.run(ZygoteInit.java:726)
08-06 00:18:34.492 28713 28713 W RecyclerView: 	at com.android.internal.os.ZygoteInit.main(ZygoteInit.java:616)
08-06 00:18:34.526 28713 28725 I art     : Explicit concurrent mark sweep GC freed 22619(1144KB) AllocSpace objects, 1(68KB) LOS objects, 34% free, 30MB/46MB, paused 2.842ms total 57.687ms
08-06 00:18:34.545 28713 28725 I art     : Starting a blocking GC Explicit
08-06 00:18:34.604 28713 28725 I art     : Explicit concurrent mark sweep GC freed 2178(189KB) AllocSpace objects, 0(0B) LOS objects, 34% free, 30MB/46MB, paused 3.011ms total 58.567ms
08-06 00:18:34.935 28713 31472 I NAPPA_EXPERIMENTATION: MetricNetworkRequestExecutionTime: REQUEST_DURATION_SYSTEM='707',REQUEST_DURATION_OKHTTP='329',REQUEST_SYNCHRONOUS='TRUE',RESPONSE_CODE='200',RESPONSE_METHOD='GET',RESPONSE_LENGTH_OKHTTP='3891',RESPONSE_LENGTH_HEADER='3891',REQUEST_PROTOCOL='h2',REQUEST_URL='https://b.thumbs.redditmedia.com/CKInrczASoQbNvSBStGz11Tok0uCyQoxmZ02sOE37sQ.jpg',
08-06 00:18:34.935 28713 31472 D OK      : request got status: 200
08-06 00:18:34.965 28713 29069 I art     : Starting a blocking GC Explicit
08-06 00:18:35.032 28713 29069 I art     : Explicit concurrent mark sweep GC freed 53826(2MB) AllocSpace objects, 5(208KB) LOS objects, 34% free, 30MB/46MB, paused 2.702ms total 66.754ms
08-06 00:18:35.053 28713 29069 I art     : Starting a blocking GC Explicit
08-06 00:18:35.082 28713 31476 I NAPPA_EXPERIMENTATION: MetricNetworkRequestExecutionTime: REQUEST_DURATION_SYSTEM='839',REQUEST_DURATION_OKHTTP='404',REQUEST_SYNCHRONOUS='TRUE',RESPONSE_CODE='200',RESPONSE_METHOD='GET',RESPONSE_LENGTH_OKHTTP='5113',RESPONSE_LENGTH_HEADER='5113',REQUEST_PROTOCOL='h2',REQUEST_URL='https://b.thumbs.redditmedia.com/1cAaKl6LkrikiRbLsBzzOvufKqRKuPi3wgjUkX8axkI.jpg',
08-06 00:18:35.082 28713 31476 D OK      : request got status: 200
08-06 00:18:35.111 28713 29069 I art     : Explicit concurrent mark sweep GC freed 13117(544KB) AllocSpace objects, 1(68KB) LOS objects, 34% free, 30MB/46MB, paused 3.183ms total 58.072ms
08-06 00:18:35.131 28713 29069 I art     : Starting a blocking GC Explicit
08-06 00:18:35.161 28713 31481 I NAPPA_EXPERIMENTATION: MetricNetworkRequestExecutionTime: REQUEST_DURATION_SYSTEM='897',REQUEST_DURATION_OKHTTP='443',REQUEST_SYNCHRONOUS='TRUE',RESPONSE_CODE='200',RESPONSE_METHOD='GET',RESPONSE_LENGTH_OKHTTP='6434',RESPONSE_LENGTH_HEADER='6434',REQUEST_PROTOCOL='h2',REQUEST_URL='https://b.thumbs.redditmedia.com/_H8tFMmL5-3GrxYkCtMSHiyNfjbX8pxctOw_vrzyw7o.jpg',
08-06 00:18:35.161 28713 31481 D OK      : request got status: 200
08-06 00:18:35.187 28713 29069 I art     : Explicit concurrent mark sweep GC freed 3828(297KB) AllocSpace objects, 4(188KB) LOS objects, 34% free, 30MB/46MB, paused 2.273ms total 55.785ms
08-06 00:18:35.188 28713 28723 I art     : WaitForGcToComplete blocked for 41.214ms for cause HeapTrim
08-06 00:18:35.208 28713 31559 D OK      : calling: https://oauth.reddit.com/r/aww/hot/.json?after=t3_hz5odc
08-06 00:18:35.208 28713 29069 I art     : Starting a blocking GC Explicit
08-06 00:18:35.260 28713 31478 I NAPPA_EXPERIMENTATION: MetricNetworkRequestExecutionTime: REQUEST_DURATION_SYSTEM='1007',REQUEST_DURATION_OKHTTP='528',REQUEST_SYNCHRONOUS='TRUE',RESPONSE_CODE='200',RESPONSE_METHOD='GET',RESPONSE_LENGTH_OKHTTP='6242',RESPONSE_LENGTH_HEADER='6242',REQUEST_PROTOCOL='h2',REQUEST_URL='https://b.thumbs.redditmedia.com/NUqJWcobH7ToYhCM0w6nnAFZ46ymm9vPD25BC3s7Wco.jpg',
08-06 00:18:35.260 28713 31478 D OK      : request got status: 200
08-06 00:18:35.267 28713 29069 I art     : Explicit concurrent mark sweep GC freed 6336(286KB) AllocSpace objects, 5(256KB) LOS objects, 34% free, 30MB/46MB, paused 2.496ms total 58.422ms
08-06 00:18:35.282 28713 31482 I NAPPA_EXPERIMENTATION: MetricNetworkRequestExecutionTime: REQUEST_DURATION_SYSTEM='1011',REQUEST_DURATION_OKHTTP='554',REQUEST_SYNCHRONOUS='TRUE',RESPONSE_CODE='200',RESPONSE_METHOD='GET',RESPONSE_LENGTH_OKHTTP='2700',RESPONSE_LENGTH_HEADER='2700',REQUEST_PROTOCOL='h2',REQUEST_URL='https://v.redd.it/fkewv2f65kd51/DASHPlaylist.mpd',
08-06 00:18:35.283 28713 31482 D OK      : request got status: 200
08-06 00:18:35.287 28713 29069 I art     : Starting a blocking GC Explicit
08-06 00:18:35.292 28713 31473 I NAPPA_EXPERIMENTATION: MetricNetworkRequestExecutionTime: REQUEST_DURATION_SYSTEM='1059',REQUEST_DURATION_OKHTTP='584',REQUEST_SYNCHRONOUS='TRUE',RESPONSE_CODE='200',RESPONSE_METHOD='GET',RESPONSE_LENGTH_OKHTTP='4487',RESPONSE_LENGTH_HEADER='4487',REQUEST_PROTOCOL='h2',REQUEST_URL='https://a.thumbs.redditmedia.com/sKVnLbatvJCZOE2ooe6CgiEftOB3ukgPMdcydbk9CZ4.jpg',
08-06 00:18:35.292 28713 31473 D OK      : request got status: 200
08-06 00:18:35.341 28713 29069 I art     : Explicit concurrent mark sweep GC freed 5022(303KB) AllocSpace objects, 4(224KB) LOS objects, 33% free, 31MB/47MB, paused 2.361ms total 53.502ms
08-06 00:18:35.355 28713 31475 I NAPPA_EXPERIMENTATION: MetricNetworkRequestExecutionTime: REQUEST_DURATION_SYSTEM='1116',REQUEST_DURATION_OKHTTP='645',REQUEST_SYNCHRONOUS='TRUE',RESPONSE_CODE='200',RESPONSE_METHOD='GET',RESPONSE_LENGTH_OKHTTP='6530',RESPONSE_LENGTH_HEADER='6530',REQUEST_PROTOCOL='h2',REQUEST_URL='https://a.thumbs.redditmedia.com/dFt2-stQJkfZ8O7r7ywG9GQsF08fZXxEJfQtAmiJ-F8.jpg',
08-06 00:18:35.355 28713 31475 D OK      : request got status: 200
08-06 00:18:35.358 28713 31482 I RedditVideosAPI: For 'https://v.redd.it/fkewv2f65kd51/DASHPlaylist.mpd', got video stream 'https://v.redd.it/fkewv2f65kd51/DASH_480' and audio stream 'https://v.redd.it/fkewv2f65kd51/audio'
08-06 00:18:35.410 28713 31480 I NAPPA_EXPERIMENTATION: MetricNetworkRequestExecutionTime: REQUEST_DURATION_SYSTEM='1151',REQUEST_DURATION_OKHTTP='677',REQUEST_SYNCHRONOUS='TRUE',RESPONSE_CODE='200',RESPONSE_METHOD='GET',RESPONSE_LENGTH_OKHTTP='5439',RESPONSE_LENGTH_HEADER='5439',REQUEST_PROTOCOL='h2',REQUEST_URL='https://b.thumbs.redditmedia.com/tTmEfIrujbsvZXbhNSQS6Pc7o7ShCaGqZHbYf7nWdfg.jpg',
08-06 00:18:35.410 28713 31480 D OK      : request got status: 200
08-06 00:18:35.420 28713 31477 I NAPPA_EXPERIMENTATION: MetricNetworkRequestExecutionTime: REQUEST_DURATION_SYSTEM='1167',REQUEST_DURATION_OKHTTP='697',REQUEST_SYNCHRONOUS='TRUE',RESPONSE_CODE='200',RESPONSE_METHOD='GET',RESPONSE_LENGTH_OKHTTP='-1',RESPONSE_LENGTH_HEADER='379',REQUEST_PROTOCOL='h2',REQUEST_URL='https://api.imgur.com/3/image/NSO7Npm',
08-06 00:18:35.420 28713 31477 D OK      : request got status: 200
08-06 00:18:35.445 28713 31488 I NAPPA_EXPERIMENTATION: MetricNetworkRequestExecutionTime: REQUEST_DURATION_SYSTEM='1155',REQUEST_DURATION_OKHTTP='664',REQUEST_SYNCHRONOUS='TRUE',RESPONSE_CODE='200',RESPONSE_METHOD='GET',RESPONSE_LENGTH_OKHTTP='1713',RESPONSE_LENGTH_HEADER='1713',REQUEST_PROTOCOL='h2',REQUEST_URL='https://v.redd.it/ak6rer1hskd51/DASHPlaylist.mpd',
08-06 00:18:35.445 28713 31488 D OK      : request got status: 200
08-06 00:18:35.458 28713 31479 I NAPPA_EXPERIMENTATION: MetricNetworkRequestExecutionTime: REQUEST_DURATION_SYSTEM='1202',REQUEST_DURATION_OKHTTP='713',REQUEST_SYNCHRONOUS='TRUE',RESPONSE_CODE='200',RESPONSE_METHOD='GET',RESPONSE_LENGTH_OKHTTP='6131',RESPONSE_LENGTH_HEADER='6131',REQUEST_PROTOCOL='h2',REQUEST_URL='https://b.thumbs.redditmedia.com/bUY4al781EZ3q7hUlnLebemHCXE3e63_SSxl2uo4Q4A.jpg',
08-06 00:18:35.458 28713 31479 D OK      : request got status: 200
08-06 00:18:35.471 28713 31499 I NAPPA_EXPERIMENTATION: MetricNetworkRequestExecutionTime: REQUEST_DURATION_SYSTEM='1130',REQUEST_DURATION_OKHTTP='550',REQUEST_SYNCHRONOUS='TRUE',RESPONSE_CODE='200',RESPONSE_METHOD='GET',RESPONSE_LENGTH_OKHTTP='3058',RESPONSE_LENGTH_HEADER='3058',REQUEST_PROTOCOL='h2',REQUEST_URL='https://v.redd.it/1ewzkieg0jd51/DASHPlaylist.mpd',
08-06 00:18:35.471 28713 31499 D OK      : request got status: 200
08-06 00:18:35.476 28713 31486 I NAPPA_EXPERIMENTATION: MetricNetworkRequestExecutionTime: REQUEST_DURATION_SYSTEM='1190',REQUEST_DURATION_OKHTTP='710',REQUEST_SYNCHRONOUS='TRUE',RESPONSE_CODE='200',RESPONSE_METHOD='GET',RESPONSE_LENGTH_OKHTTP='4018',RESPONSE_LENGTH_HEADER='4018',REQUEST_PROTOCOL='h2',REQUEST_URL='https://b.thumbs.redditmedia.com/lVNra-iScxkYcYtSstJ-7J7pRAUDRXIwwJhsen1ZK9g.jpg',
08-06 00:18:35.476 28713 31486 D OK      : request got status: 200
08-06 00:18:35.485 28713 31502 I NAPPA_EXPERIMENTATION: MetricNetworkRequestExecutionTime: REQUEST_DURATION_SYSTEM='1134',REQUEST_DURATION_OKHTTP='623',REQUEST_SYNCHRONOUS='TRUE',RESPONSE_CODE='200',RESPONSE_METHOD='GET',RESPONSE_LENGTH_OKHTTP='2698',RESPONSE_LENGTH_HEADER='2698',REQUEST_PROTOCOL='h2',REQUEST_URL='https://v.redd.it/s9qqadf3mid51/DASHPlaylist.mpd',
08-06 00:18:35.485 28713 31502 D OK      : request got status: 200
08-06 00:18:35.494 28713 31493 I NAPPA_EXPERIMENTATION: MetricNetworkRequestExecutionTime: REQUEST_DURATION_SYSTEM='1181',REQUEST_DURATION_OKHTTP='665',REQUEST_SYNCHRONOUS='TRUE',RESPONSE_CODE='200',RESPONSE_METHOD='GET',RESPONSE_LENGTH_OKHTTP='2429',RESPONSE_LENGTH_HEADER='2429',REQUEST_PROTOCOL='h2',REQUEST_URL='https://v.redd.it/h49fg58ygjd51/DASHPlaylist.mpd',
08-06 00:18:35.494 28713 31493 D OK      : request got status: 200
08-06 00:18:35.500 28713 31490 I NAPPA_EXPERIMENTATION: MetricNetworkRequestExecutionTime: REQUEST_DURATION_SYSTEM='1196',REQUEST_DURATION_OKHTTP='748',REQUEST_SYNCHRONOUS='TRUE',RESPONSE_CODE='200',RESPONSE_METHOD='GET',RESPONSE_LENGTH_OKHTTP='7078',RESPONSE_LENGTH_HEADER='7078',REQUEST_PROTOCOL='h2',REQUEST_URL='https://b.thumbs.redditmedia.com/X3yyAViE0gxiHR-kf9Z5xmLa8dKsm8iWJyKdWNVtOhU.jpg',
08-06 00:18:35.500 28713 31490 D OK      : request got status: 200
08-06 00:18:35.532 28713 31488 I RedditVideosAPI: For 'https://v.redd.it/ak6rer1hskd51/DASHPlaylist.mpd', got video stream 'https://v.redd.it/ak6rer1hskd51/DASH_360' and audio stream 'null'
08-06 00:18:35.537 28713 31494 I NAPPA_EXPERIMENTATION: MetricNetworkRequestExecutionTime: REQUEST_DURATION_SYSTEM='1217',REQUEST_DURATION_OKHTTP='599',REQUEST_SYNCHRONOUS='TRUE',RESPONSE_CODE='200',RESPONSE_METHOD='GET',RESPONSE_LENGTH_OKHTTP='4798',RESPONSE_LENGTH_HEADER='4798',REQUEST_PROTOCOL='h2',REQUEST_URL='https://a.thumbs.redditmedia.com/KpcC72KH04Be3BqxmFbv_Gz7LCy-24GU-70or3KCdJ4.jpg',
08-06 00:18:35.537 28713 31494 D OK      : request got status: 200
08-06 00:18:35.546 28713 31495 I NAPPA_EXPERIMENTATION: MetricNetworkRequestExecutionTime: REQUEST_DURATION_SYSTEM='1222',REQUEST_DURATION_OKHTTP='638',REQUEST_SYNCHRONOUS='TRUE',RESPONSE_CODE='200',RESPONSE_METHOD='GET',RESPONSE_LENGTH_OKHTTP='5648',RESPONSE_LENGTH_HEADER='5648',REQUEST_PROTOCOL='h2',REQUEST_URL='https://a.thumbs.redditmedia.com/cEOtajy3CAQrjwSA3hhSqnPx8bfkRzglo7Lz1SBTmE0.jpg',
08-06 00:18:35.547 28713 31495 D OK      : request got status: 200
08-06 00:18:35.566 28713 31485 I NAPPA_EXPERIMENTATION: MetricNetworkRequestExecutionTime: REQUEST_DURATION_SYSTEM='1286',REQUEST_DURATION_OKHTTP='799',REQUEST_SYNCHRONOUS='TRUE',RESPONSE_CODE='200',RESPONSE_METHOD='GET',RESPONSE_LENGTH_OKHTTP='8699',RESPONSE_LENGTH_HEADER='8699',REQUEST_PROTOCOL='h2',REQUEST_URL='https://b.thumbs.redditmedia.com/HkEQtny0bE4H3dMCd_woPsLAXBoPwp_DZ4ioFNIQLKk.jpg',
08-06 00:18:35.566 28713 31485 D OK      : request got status: 200
08-06 00:18:35.573 28713 31501 I NAPPA_EXPERIMENTATION: MetricNetworkRequestExecutionTime: REQUEST_DURATION_SYSTEM='1230',REQUEST_DURATION_OKHTTP='530',REQUEST_SYNCHRONOUS='TRUE',RESPONSE_CODE='200',RESPONSE_METHOD='GET',RESPONSE_LENGTH_OKHTTP='2787',RESPONSE_LENGTH_HEADER='2787',REQUEST_PROTOCOL='h2',REQUEST_URL='https://v.redd.it/ppmhu2r9thd51/DASHPlaylist.mpd',
08-06 00:18:35.574 28713 31501 D OK      : request got status: 200
08-06 00:18:35.604 28713 31483 I NAPPA_EXPERIMENTATION: MetricNetworkRequestExecutionTime: REQUEST_DURATION_SYSTEM='1329',REQUEST_DURATION_OKHTTP='835',REQUEST_SYNCHRONOUS='TRUE',RESPONSE_CODE='200',RESPONSE_METHOD='GET',RESPONSE_LENGTH_OKHTTP='6634',RESPONSE_LENGTH_HEADER='6634',REQUEST_PROTOCOL='h2',REQUEST_URL='https://b.thumbs.redditmedia.com/JTSWFy2_tijPk6cA5noKDydEAMkMJcDmKQTSX178zwc.jpg',
08-06 00:18:35.604 28713 31483 D OK      : request got status: 200
08-06 00:18:35.623 28713 31484 I NAPPA_EXPERIMENTATION: MetricNetworkRequestExecutionTime: REQUEST_DURATION_SYSTEM='1349',REQUEST_DURATION_OKHTTP='819',REQUEST_SYNCHRONOUS='TRUE',RESPONSE_CODE='200',RESPONSE_METHOD='GET',RESPONSE_LENGTH_OKHTTP='7265',RESPONSE_LENGTH_HEADER='7265',REQUEST_PROTOCOL='h2',REQUEST_URL='https://b.thumbs.redditmedia.com/N6fiqTp8nJD2l7sUz4nij7j1yHYMTKaflUIrn8E2bAU.jpg',
08-06 00:18:35.623 28713 31484 D OK      : request got status: 200
08-06 00:18:35.632 28713 31499 I RedditVideosAPI: For 'https://v.redd.it/1ewzkieg0jd51/DASHPlaylist.mpd', got video stream 'https://v.redd.it/1ewzkieg0jd51/DASH_480' and audio stream 'https://v.redd.it/1ewzkieg0jd51/audio'
08-06 00:18:35.635 28713 31503 I NAPPA_EXPERIMENTATION: MetricNetworkRequestExecutionTime: REQUEST_DURATION_SYSTEM='1282',REQUEST_DURATION_OKHTTP='561',REQUEST_SYNCHRONOUS='TRUE',RESPONSE_CODE='200',RESPONSE_METHOD='GET',RESPONSE_LENGTH_OKHTTP='3060',RESPONSE_LENGTH_HEADER='3060',REQUEST_PROTOCOL='h2',REQUEST_URL='https://v.redd.it/b8vazlcb7ld51/DASHPlaylist.mpd',
08-06 00:18:35.635 28713 31503 D OK      : request got status: 200
08-06 00:18:35.643 28713 31474 I NAPPA_EXPERIMENTATION: MetricNetworkRequestExecutionTime: REQUEST_DURATION_SYSTEM='1405',REQUEST_DURATION_OKHTTP='671',REQUEST_SYNCHRONOUS='TRUE',RESPONSE_CODE='200',RESPONSE_METHOD='GET',RESPONSE_LENGTH_OKHTTP='-1',RESPONSE_LENGTH_HEADER='812',REQUEST_PROTOCOL='http/1.1',REQUEST_URL='https://api.gfycat.com/v1/gfycats/deadlygravecavy',
08-06 00:18:35.643 28713 31474 D OK      : request got status: 200
08-06 00:18:35.650 28713 31502 I RedditVideosAPI: For 'https://v.redd.it/s9qqadf3mid51/DASHPlaylist.mpd', got video stream 'https://v.redd.it/s9qqadf3mid51/DASH_480' and audio stream 'https://v.redd.it/s9qqadf3mid51/audio'
08-06 00:18:35.677 28713 31493 I RedditVideosAPI: For 'https://v.redd.it/h49fg58ygjd51/DASHPlaylist.mpd', got video stream 'https://v.redd.it/h49fg58ygjd51/DASH_480' and audio stream 'null'
08-06 00:18:35.685 28713 29069 I art     : Starting a blocking GC Explicit
08-06 00:18:35.708   518   646 I ThermalEngine: ACTION: GPU - Setting GPU[0] to 390000000
08-06 00:18:35.719 28713 31505 I NAPPA_EXPERIMENTATION: MetricNetworkRequestExecutionTime: REQUEST_DURATION_SYSTEM='1362',REQUEST_DURATION_OKHTTP='600',REQUEST_SYNCHRONOUS='TRUE',RESPONSE_CODE='200',RESPONSE_METHOD='GET',RESPONSE_LENGTH_OKHTTP='2071',RESPONSE_LENGTH_HEADER='2071',REQUEST_PROTOCOL='h2',REQUEST_URL='https://v.redd.it/ty24o02m1hd51/DASHPlaylist.mpd',
08-06 00:18:35.719 28713 31505 D OK      : request got status: 200
08-06 00:18:35.726 28713 31559 I NAPPA_EXPERIMENTATION: MetricNetworkRequestExecutionTime: REQUEST_DURATION_SYSTEM='518',REQUEST_DURATION_OKHTTP='514',REQUEST_SYNCHRONOUS='TRUE',RESPONSE_CODE='200',RESPONSE_METHOD='GET',RESPONSE_LENGTH_OKHTTP='-1',RESPONSE_LENGTH_HEADER='30610',REQUEST_PROTOCOL='h2',REQUEST_URL='https://oauth.reddit.com/r/aww/hot/.json?after=t3_hz5odc',
08-06 00:18:35.726 28713 31559 D OK      : request got status: 200
08-06 00:18:35.731 28713 31489 I NAPPA_EXPERIMENTATION: MetricNetworkRequestExecutionTime: REQUEST_DURATION_SYSTEM='1433',REQUEST_DURATION_OKHTTP='899',REQUEST_SYNCHRONOUS='TRUE',RESPONSE_CODE='200',RESPONSE_METHOD='GET',RESPONSE_LENGTH_OKHTTP='6093',RESPONSE_LENGTH_HEADER='6093',REQUEST_PROTOCOL='h2',REQUEST_URL='https://b.thumbs.redditmedia.com/lQKqDneXS8E7ZBD9cUQy4OqOt8PuTneSvVFtnU0pwCE.jpg',
08-06 00:18:35.731 28713 31489 D OK      : request got status: 200
08-06 00:18:35.738 28713 29300 I PostListingFragment: Precaching images: OFF
08-06 00:18:35.738 28713 29300 I PostListingFragment: Precaching comments: OFF
08-06 00:18:35.751 28713 31487 I NAPPA_EXPERIMENTATION: MetricNetworkRequestExecutionTime: REQUEST_DURATION_SYSTEM='1462',REQUEST_DURATION_OKHTTP='639',REQUEST_SYNCHRONOUS='TRUE',RESPONSE_CODE='200',RESPONSE_METHOD='GET',RESPONSE_LENGTH_OKHTTP='-1',RESPONSE_LENGTH_HEADER='955',REQUEST_PROTOCOL='http/1.1',REQUEST_URL='https://api.gfycat.com/v1/gfycats/altruisticthankfulankolewatusi',
08-06 00:18:35.751 28713 31487 D OK      : request got status: 200
08-06 00:18:35.757 28713 31492 I NAPPA_EXPERIMENTATION: MetricNetworkRequestExecutionTime: REQUEST_DURATION_SYSTEM='1450',REQUEST_DURATION_OKHTTP='921',REQUEST_SYNCHRONOUS='TRUE',RESPONSE_CODE='200',RESPONSE_METHOD='GET',RESPONSE_LENGTH_OKHTTP='5207',RESPONSE_LENGTH_HEADER='5207',REQUEST_PROTOCOL='h2',REQUEST_URL='https://b.thumbs.redditmedia.com/Bx9FZp8_w10DfFUf_mqVPMfu4Y0h2lo41Dh4tl2eNeQ.jpg',
08-06 00:18:35.757 28713 31492 D OK      : request got status: 200
08-06 00:18:35.761 28713 29069 I art     : Explicit concurrent mark sweep GC freed 10973(1228KB) AllocSpace objects, 64(3MB) LOS objects, 32% free, 33MB/49MB, paused 3.936ms total 75.490ms
08-06 00:18:35.761 28713 31498 I NAPPA_EXPERIMENTATION: MetricNetworkRequestExecutionTime: REQUEST_DURATION_SYSTEM='1426',REQUEST_DURATION_OKHTTP='841',REQUEST_SYNCHRONOUS='TRUE',RESPONSE_CODE='200',RESPONSE_METHOD='GET',RESPONSE_LENGTH_OKHTTP='8835',RESPONSE_LENGTH_HEADER='8835',REQUEST_PROTOCOL='h2',REQUEST_URL='https://b.thumbs.redditmedia.com/B18Vu5Jw71XCkFOFHimnUC42ya8apHsmcCW-HFmtb6w.jpg',
08-06 00:18:35.764 28713 31500 I NAPPA_EXPERIMENTATION: MetricNetworkRequestExecutionTime: REQUEST_DURATION_SYSTEM='1424',REQUEST_DURATION_OKHTTP='680',REQUEST_SYNCHRONOUS='TRUE',RESPONSE_CODE='200',RESPONSE_METHOD='GET',RESPONSE_LENGTH_OKHTTP='2861',RESPONSE_LENGTH_HEADER='2861',REQUEST_PROTOCOL='h2',REQUEST_URL='https://b.thumbs.redditmedia.com/iZuzjufMpYUYtQRLjRwce4RDb6JYsId95_iezR2Uc0w.jpg',
08-06 00:18:35.764 28713 31500 D OK      : request got status: 200
08-06 00:18:35.765 28713 31491 I NAPPA_EXPERIMENTATION: MetricNetworkRequestExecutionTime: REQUEST_DURATION_SYSTEM='1443',REQUEST_DURATION_OKHTTP='532',REQUEST_SYNCHRONOUS='TRUE',RESPONSE_CODE='200',RESPONSE_METHOD='GET',RESPONSE_LENGTH_OKHTTP='-1',RESPONSE_LENGTH_HEADER='1021',REQUEST_PROTOCOL='http/1.1',REQUEST_URL='https://api.gfycat.com/v1/gfycats/foolhardysparklinglarva',
08-06 00:18:35.765 28713 31491 D OK      : request got status: 200
08-06 00:18:35.766 28713 31496 I NAPPA_EXPERIMENTATION: MetricNetworkRequestExecutionTime: REQUEST_DURATION_SYSTEM='1433',REQUEST_DURATION_OKHTTP='831',REQUEST_SYNCHRONOUS='TRUE',RESPONSE_CODE='200',RESPONSE_METHOD='GET',RESPONSE_LENGTH_OKHTTP='5229',RESPONSE_LENGTH_HEADER='5229',REQUEST_PROTOCOL='h2',REQUEST_URL='https://b.thumbs.redditmedia.com/RrJbRRjFZWmckrONtkPTloJh52FfqD_XkLMuYuuQvAg.jpg',
08-06 00:18:35.766 28713 31496 D OK      : request got status: 200
08-06 00:18:35.767 28713 31508 I NAPPA_EXPERIMENTATION: MetricNetworkRequestExecutionTime: REQUEST_DURATION_SYSTEM='1394',REQUEST_DURATION_OKHTTP='482',REQUEST_SYNCHRONOUS='TRUE',RESPONSE_CODE='200',RESPONSE_METHOD='GET',RESPONSE_LENGTH_OKHTTP='2342',RESPONSE_LENGTH_HEADER='2342',REQUEST_PROTOCOL='h2',REQUEST_URL='https://v.redd.it/ar5k8892pid51/DASHPlaylist.mpd',
08-06 00:18:35.767 28713 31508 D OK      : request got status: 200
08-06 00:18:35.767 28713 31498 D OK      : request got status: 200
08-06 00:18:35.795 28713 29069 I art     : Starting a blocking GC Explicit
08-06 00:18:35.802 28713 31504 I NAPPA_EXPERIMENTATION: MetricNetworkRequestExecutionTime: REQUEST_DURATION_SYSTEM='1446',REQUEST_DURATION_OKHTTP='687',REQUEST_SYNCHRONOUS='TRUE',RESPONSE_CODE='200',RESPONSE_METHOD='GET',RESPONSE_LENGTH_OKHTTP='4067',RESPONSE_LENGTH_HEADER='4067',REQUEST_PROTOCOL='h2',REQUEST_URL='https://b.thumbs.redditmedia.com/XNb1kfskabGDLMqv661Q22hBtCb8w5oyePDcFaZi9aY.jpg',
08-06 00:18:35.802 28713 31504 D OK      : request got status: 200
08-06 00:18:35.810 28713 31509 I NAPPA_EXPERIMENTATION: MetricNetworkRequestExecutionTime: REQUEST_DURATION_SYSTEM='1431',REQUEST_DURATION_OKHTTP='501',REQUEST_SYNCHRONOUS='TRUE',RESPONSE_CODE='200',RESPONSE_METHOD='GET',RESPONSE_LENGTH_OKHTTP='6778',RESPONSE_LENGTH_HEADER='6778',REQUEST_PROTOCOL='h2',REQUEST_URL='https://b.thumbs.redditmedia.com/189nmwjW7eGWBD0J-cxzsUac1V1ZWGzMFC66inY4u4Y.jpg',
08-06 00:18:35.811 28713 31509 D OK      : request got status: 200
08-06 00:18:35.817 28713 31497 I NAPPA_EXPERIMENTATION: MetricNetworkRequestExecutionTime: REQUEST_DURATION_SYSTEM='1477',REQUEST_DURATION_OKHTTP='878',REQUEST_SYNCHRONOUS='TRUE',RESPONSE_CODE='200',RESPONSE_METHOD='GET',RESPONSE_LENGTH_OKHTTP='6163',RESPONSE_LENGTH_HEADER='6163',REQUEST_PROTOCOL='h2',REQUEST_URL='https://b.thumbs.redditmedia.com/chqK3f9u3D7UmfrGP85f4sOQFihMk6q7fFSeMyWs_7E.jpg',
08-06 00:18:35.817 28713 31497 D OK      : request got status: 200
08-06 00:18:35.817 28713 31507 I NAPPA_EXPERIMENTATION: MetricNetworkRequestExecutionTime: REQUEST_DURATION_SYSTEM='1438',REQUEST_DURATION_OKHTTP='588',REQUEST_SYNCHRONOUS='TRUE',RESPONSE_CODE='200',RESPONSE_METHOD='GET',RESPONSE_LENGTH_OKHTTP='6843',RESPONSE_LENGTH_HEADER='6843',REQUEST_PROTOCOL='h2',REQUEST_URL='https://b.thumbs.redditmedia.com/x5l4cICw0WNNvslt5FqVjwj89XrGjrXnNbaSyQRAyCo.jpg',
08-06 00:18:35.817 28713 31506 I NAPPA_EXPERIMENTATION: MetricNetworkRequestExecutionTime: REQUEST_DURATION_SYSTEM='1444',REQUEST_DURATION_OKHTTP='686',REQUEST_SYNCHRONOUS='TRUE',RESPONSE_CODE='200',RESPONSE_METHOD='GET',RESPONSE_LENGTH_OKHTTP='4249',RESPONSE_LENGTH_HEADER='4249',REQUEST_PROTOCOL='h2',REQUEST_URL='https://b.thumbs.redditmedia.com/lMqJbh1Z40ffemA0TnSfVnovznn4hvJNue60AsJ-ETs.jpg',
08-06 00:18:35.817 28713 31507 D OK      : request got status: 200
08-06 00:18:35.817 28713 31506 D OK      : request got status: 200
08-06 00:18:35.819 28713 31510 I NAPPA_EXPERIMENTATION: MetricNetworkRequestExecutionTime: REQUEST_DURATION_SYSTEM='1422',REQUEST_DURATION_OKHTTP='552',REQUEST_SYNCHRONOUS='TRUE',RESPONSE_CODE='200',RESPONSE_METHOD='GET',RESPONSE_LENGTH_OKHTTP='6221',RESPONSE_LENGTH_HEADER='6221',REQUEST_PROTOCOL='h2',REQUEST_URL='https://b.thumbs.redditmedia.com/d_-UsfmKASoIHi4vZyyjvvwFtm1S7-DEi9AQPOnGIgY.jpg',
08-06 00:18:35.819 28713 31510 D OK      : request got status: 200
08-06 00:18:35.853 28713 29300 I getImgurImageInfo: Image nLQR2hT: trying API v3 with auth
08-06 00:18:35.879 28713 29069 I art     : Explicit concurrent mark sweep GC freed 13616(757KB) AllocSpace objects, 26(1684KB) LOS objects, 31% free, 35MB/51MB, paused 2.454ms total 83.886ms
08-06 00:18:35.903 28713 31503 I RedditVideosAPI: For 'https://v.redd.it/b8vazlcb7ld51/DASHPlaylist.mpd', got video stream 'https://v.redd.it/b8vazlcb7ld51/DASH_480' and audio stream 'https://v.redd.it/b8vazlcb7ld51/audio'
08-06 00:18:35.905 28713 29069 I art     : Starting a blocking GC Explicit
08-06 00:18:35.910 28713 31575 D OK      : calling: https://b.thumbs.redditmedia.com/WehZGjN94ALGdO0M7RjPJ2EwcyyWVZ_NUn1Fuf7IYWY.jpg
08-06 00:18:35.918 28713 31501 I RedditVideosAPI: For 'https://v.redd.it/ppmhu2r9thd51/DASHPlaylist.mpd', got video stream 'https://v.redd.it/ppmhu2r9thd51/DASH_480' and audio stream 'null'
08-06 00:18:35.974 28713 29069 I art     : Explicit concurrent mark sweep GC freed 8090(533KB) AllocSpace objects, 13(860KB) LOS objects, 31% free, 35MB/51MB, paused 1.499ms total 68.794ms
08-06 00:18:36.007 28713 29069 I art     : Starting a blocking GC Explicit
08-06 00:18:36.072 28713 31505 I RedditVideosAPI: For 'https://v.redd.it/ty24o02m1hd51/DASHPlaylist.mpd', got video stream 'https://v.redd.it/ty24o02m1hd51/DASH_480' and audio stream 'null'
08-06 00:18:36.081 28713 29069 I art     : Explicit concurrent mark sweep GC freed 3846(245KB) AllocSpace objects, 9(776KB) LOS objects, 31% free, 35MB/51MB, paused 1.563ms total 73.462ms
08-06 00:18:36.083 28713 31578 D OK      : calling: https://b.thumbs.redditmedia.com/Xdo4lcQOwuUNK1yxSlXZ0OI8u23ORAr16_AzfAZ1nvU.jpg
08-06 00:18:36.108 28713 29069 I art     : Starting a blocking GC Explicit
08-06 00:18:36.111 28713 31508 I RedditVideosAPI: For 'https://v.redd.it/ar5k8892pid51/DASHPlaylist.mpd', got video stream 'https://v.redd.it/ar5k8892pid51/DASH_360' and audio stream 'https://v.redd.it/ar5k8892pid51/audio'
08-06 00:18:36.137   918  1210 D NetlinkSocketObserver: NeighborEvent{elapsedMs=1819720011, 192.168.2.254, [7C3953A63323], RTM_NEWNEIGH, NUD_PROBE}
08-06 00:18:36.162 28713 31575 I NAPPA_EXPERIMENTATION: MetricNetworkRequestExecutionTime: REQUEST_DURATION_SYSTEM='252',REQUEST_DURATION_OKHTTP='150',REQUEST_SYNCHRONOUS='TRUE',RESPONSE_CODE='200',RESPONSE_METHOD='GET',RESPONSE_LENGTH_OKHTTP='5435',RESPONSE_LENGTH_HEADER='5435',REQUEST_PROTOCOL='h2',REQUEST_URL='https://b.thumbs.redditmedia.com/WehZGjN94ALGdO0M7RjPJ2EwcyyWVZ_NUn1Fuf7IYWY.jpg',
08-06 00:18:36.163 28713 31575 D OK      : request got status: 200
08-06 00:18:36.179 28713 29069 I art     : Explicit concurrent mark sweep GC freed 1791(309KB) AllocSpace objects, 27(1400KB) LOS objects, 30% free, 36MB/52MB, paused 1.417ms total 70.701ms
08-06 00:18:36.195 28713 31579 D OK      : calling: https://b.thumbs.redditmedia.com/2KMYZ5hTlKXSvNO4hDUPyMba8Yz6skyu1SjUhLq1d9s.jpg
08-06 00:18:36.198 28713 31580 D OK      : calling: https://a.thumbs.redditmedia.com/EFVm-ZqqhARyEaKgtwU74c7tfzEDJvI0uiHXGglFag4.jpg
08-06 00:18:36.201 28713 31581 D OK      : calling: https://b.thumbs.redditmedia.com/qi4bNDKzoPvaSaSx99K2bAjwaRHh1nuOrcbySp1JHdk.jpg
08-06 00:18:36.204 28713 31582 D OK      : calling: https://b.thumbs.redditmedia.com/Ja8yiRMklM2lXd8q60LtBI6CqdmJ5YbWHRiBVFmICJA.jpg
08-06 00:18:36.213 28713 31583 D OK      : calling: https://b.thumbs.redditmedia.com/o5lSsJ_tCgCQxcdjMGaYxuveNluXB1PQT4PokXDhpvc.jpg
08-06 00:18:36.222 28713 31584 D OK      : calling: https://b.thumbs.redditmedia.com/SiCWTmKkQcbiAa7naxAHnw0adTeRkq1dB8QSqzGU7-Q.jpg
08-06 00:18:36.225 28713 31585 D OK      : calling: https://b.thumbs.redditmedia.com/C9qrVibnNxmzfLDKvEHp2v2Bo-Kqme7PoKC52s2o52M.jpg
08-06 00:18:36.228 28713 31586 D OK      : calling: https://a.thumbs.redditmedia.com/Tfsm0ol-ltlxNSBAkZ_4G4302d0hYeOSODkvXidBBR8.jpg
08-06 00:18:36.230 28713 31587 D OK      : calling: https://a.thumbs.redditmedia.com/Kzag-wH9wKRRg2MnPwgoFgXT_2jN_nkJ1lY1aNRQyT4.jpg
08-06 00:18:36.233 28713 31588 D OK      : calling: https://a.thumbs.redditmedia.com/P4gSGpXpi2wDXthNZ-LiwEs5Jvplm6dQ7W7Isqa7un4.jpg
08-06 00:18:36.237 28713 31589 D OK      : calling: https://b.thumbs.redditmedia.com/XkIhgqugP-9Zcb5I9A8o0r-zQJDh_6kastc0oWiiHkI.jpg
08-06 00:18:36.240 28713 31590 D OK      : calling: https://b.thumbs.redditmedia.com/3QPAtixkID9ojpqCAgfspJpruqoq45fM1G-Fx1K2F2A.jpg
08-06 00:18:36.243 28713 31591 D OK      : calling: https://b.thumbs.redditmedia.com/orK4W8Xc99pTzIT6q1waTsppldq24p1qMsHtkNnmu9w.jpg
08-06 00:18:36.245 28713 31592 D OK      : calling: https://b.thumbs.redditmedia.com/B1vXKY_-gTPbs625-RJ1MLIXxzCqfmnCB_0xnGjCECQ.jpg
08-06 00:18:36.248 28713 31593 D OK      : calling: https://a.thumbs.redditmedia.com/ffAKmOqnTuDMNR9MRfCdRtkq_CzN3MVhZxS64ZPYRh4.jpg
08-06 00:18:36.251 28713 31594 D OK      : calling: https://b.thumbs.redditmedia.com/OF1KI_LdSDMMWCy-WgJyRhIcM5fr7kDyu_OnpfRXHfI.jpg
08-06 00:18:36.254 28713 31595 D OK      : calling: https://b.thumbs.redditmedia.com/vuAhA4gGAmYfrTFA4woxZcKgmiDzJ3nAsql2pxcYGFs.jpg
08-06 00:18:36.257 28713 31578 I NAPPA_EXPERIMENTATION: MetricNetworkRequestExecutionTime: REQUEST_DURATION_SYSTEM='174',REQUEST_DURATION_OKHTTP='173',REQUEST_SYNCHRONOUS='TRUE',RESPONSE_CODE='200',RESPONSE_METHOD='GET',RESPONSE_LENGTH_OKHTTP='5191',RESPONSE_LENGTH_HEADER='5191',REQUEST_PROTOCOL='h2',REQUEST_URL='https://b.thumbs.redditmedia.com/Xdo4lcQOwuUNK1yxSlXZ0OI8u23ORAr16_AzfAZ1nvU.jpg',
08-06 00:18:36.257 28713 31578 D OK      : request got status: 200
08-06 00:18:36.258 28713 31596 D OK      : calling: https://b.thumbs.redditmedia.com/PtV7mFsO2n0j4YJweZjEqyVJ45hap4hXix9dwj6D0Wg.jpg
08-06 00:18:36.260 28713 31597 D OK      : calling: https://b.thumbs.redditmedia.com/wxTBcOhAgsmbc-TRaGNHpYJYnEOBr2LNsaZ6pCM91Lc.jpg
08-06 00:18:36.262 28713 31598 D OK      : calling: https://b.thumbs.redditmedia.com/Wo7bFIVNZYYuNioRYwZFYxrl6QMk0lT-3W01wrXgHmE.jpg
08-06 00:18:36.265 28713 31599 D OK      : calling: https://b.thumbs.redditmedia.com/NoqMycYTzsyhI0Lq351riEI1mO9p8PvY1QwcZ9Irb9g.jpg
08-06 00:18:36.267 28713 31600 D OK      : calling: https://b.thumbs.redditmedia.com/KrRufqpifph7KM2Le5RdqEYQb24zbB4fizBJpFaH1Pc.jpg
08-06 00:18:36.270 28713 31601 D OK      : calling: https://b.thumbs.redditmedia.com/u2qz17QE3X5G7kkJrgK3HPCdxNQxNkhaWqfIhCuRMvE.jpg
08-06 00:18:36.272 28713 31602 D OK      : calling: https://v.redd.it/syww111dtjd51/DASHPlaylist.mpd
08-06 00:18:36.274 28713 31603 D OK      : calling: https://v.redd.it/pbqrrfb3tkd51/DASHPlaylist.mpd
08-06 00:18:36.278 28713 31604 D OK      : calling: https://v.redd.it/rrygsb8i4ld51/DASHPlaylist.mpd
08-06 00:18:36.282 28713 31605 D OK      : calling: https://v.redd.it/5x6zzipz8ld51/DASHPlaylist.mpd
08-06 00:18:36.285 28713 31606 D OK      : calling: https://v.redd.it/75en73fm5id51/DASHPlaylist.mpd
08-06 00:18:36.288 28713 31607 D OK      : calling: https://api.imgur.com/3/image/nLQR2hT
08-06 00:18:36.291 28713 31608 D OK      : calling: https://v.redd.it/ggz4fyth6hd51/DASHPlaylist.mpd
08-06 00:18:36.294 28713 31609 D OK      : calling: https://v.redd.it/psrknoobrgd51/DASHPlaylist.mpd
08-06 00:18:36.298 28713 31610 D OK      : calling: https://v.redd.it/jk6cwef4wld51/DASHPlaylist.mpd
08-06 00:18:36.301 28713 31611 D OK      : calling: https://v.redd.it/t81s8zfz9ld51/DASHPlaylist.mpd
08-06 00:18:36.304 28713 31612 D OK      : calling: https://v.redd.it/xd6c4yyutgd51/DASHPlaylist.mpd
08-06 00:18:36.307 28713 31613 D OK      : calling: https://v.redd.it/ue0jdgk9zhd51/DASHPlaylist.mpd
08-06 00:18:36.413 28713 31581 I NAPPA_EXPERIMENTATION: MetricNetworkRequestExecutionTime: REQUEST_DURATION_SYSTEM='212',REQUEST_DURATION_OKHTTP='211',REQUEST_SYNCHRONOUS='TRUE',RESPONSE_CODE='200',RESPONSE_METHOD='GET',RESPONSE_LENGTH_OKHTTP='4475',RESPONSE_LENGTH_HEADER='4475',REQUEST_PROTOCOL='h2',REQUEST_URL='https://b.thumbs.redditmedia.com/qi4bNDKzoPvaSaSx99K2bAjwaRHh1nuOrcbySp1JHdk.jpg',
08-06 00:18:36.414 28713 31581 D OK      : request got status: 200
08-06 00:18:36.459 28713 31579 I NAPPA_EXPERIMENTATION: MetricNetworkRequestExecutionTime: REQUEST_DURATION_SYSTEM='264',REQUEST_DURATION_OKHTTP='263',REQUEST_SYNCHRONOUS='TRUE',RESPONSE_CODE='200',RESPONSE_METHOD='GET',RESPONSE_LENGTH_OKHTTP='5098',RESPONSE_LENGTH_HEADER='5098',REQUEST_PROTOCOL='h2',REQUEST_URL='https://b.thumbs.redditmedia.com/2KMYZ5hTlKXSvNO4hDUPyMba8Yz6skyu1SjUhLq1d9s.jpg',
08-06 00:18:36.460 28713 31579 D OK      : request got status: 200
08-06 00:18:36.534 28713 31583 I NAPPA_EXPERIMENTATION: MetricNetworkRequestExecutionTime: REQUEST_DURATION_SYSTEM='321',REQUEST_DURATION_OKHTTP='319',REQUEST_SYNCHRONOUS='TRUE',RESPONSE_CODE='200',RESPONSE_METHOD='GET',RESPONSE_LENGTH_OKHTTP='4921',RESPONSE_LENGTH_HEADER='4921',REQUEST_PROTOCOL='h2',REQUEST_URL='https://b.thumbs.redditmedia.com/o5lSsJ_tCgCQxcdjMGaYxuveNluXB1PQT4PokXDhpvc.jpg',
08-06 00:18:36.534 28713 31583 D OK      : request got status: 200
08-06 00:18:36.550 28713 31582 I NAPPA_EXPERIMENTATION: MetricNetworkRequestExecutionTime: REQUEST_DURATION_SYSTEM='346',REQUEST_DURATION_OKHTTP='345',REQUEST_SYNCHRONOUS='TRUE',RESPONSE_CODE='200',RESPONSE_METHOD='GET',RESPONSE_LENGTH_OKHTTP='5414',RESPONSE_LENGTH_HEADER='5414',REQUEST_PROTOCOL='h2',REQUEST_URL='https://b.thumbs.redditmedia.com/Ja8yiRMklM2lXd8q60LtBI6CqdmJ5YbWHRiBVFmICJA.jpg',
08-06 00:18:36.550 28713 31582 D OK      : request got status: 200
08-06 00:18:36.570 28713 30847 I art     : Starting a blocking GC Explicit
08-06 00:18:36.577 28713 31584 I NAPPA_EXPERIMENTATION: MetricNetworkRequestExecutionTime: REQUEST_DURATION_SYSTEM='355',REQUEST_DURATION_OKHTTP='354',REQUEST_SYNCHRONOUS='TRUE',RESPONSE_CODE='200',RESPONSE_METHOD='GET',RESPONSE_LENGTH_OKHTTP='5968',RESPONSE_LENGTH_HEADER='5968',REQUEST_PROTOCOL='h2',REQUEST_URL='https://b.thumbs.redditmedia.com/SiCWTmKkQcbiAa7naxAHnw0adTeRkq1dB8QSqzGU7-Q.jpg',
08-06 00:18:36.577 28713 31584 D OK      : request got status: 200
08-06 00:18:36.582 28713 31591 I NAPPA_EXPERIMENTATION: MetricNetworkRequestExecutionTime: REQUEST_DURATION_SYSTEM='338',REQUEST_DURATION_OKHTTP='338',REQUEST_SYNCHRONOUS='TRUE',RESPONSE_CODE='200',RESPONSE_METHOD='GET',RESPONSE_LENGTH_OKHTTP='6654',RESPONSE_LENGTH_HEADER='6654',REQUEST_PROTOCOL='h2',REQUEST_URL='https://b.thumbs.redditmedia.com/orK4W8Xc99pTzIT6q1waTsppldq24p1qMsHtkNnmu9w.jpg',
08-06 00:18:36.582 28713 31591 D OK      : request got status: 200
08-06 00:18:36.598 28713 31589 I NAPPA_EXPERIMENTATION: MetricNetworkRequestExecutionTime: REQUEST_DURATION_SYSTEM='361',REQUEST_DURATION_OKHTTP='360',REQUEST_SYNCHRONOUS='TRUE',RESPONSE_CODE='200',RESPONSE_METHOD='GET',RESPONSE_LENGTH_OKHTTP='4080',RESPONSE_LENGTH_HEADER='4080',REQUEST_PROTOCOL='h2',REQUEST_URL='https://b.thumbs.redditmedia.com/XkIhgqugP-9Zcb5I9A8o0r-zQJDh_6kastc0oWiiHkI.jpg',
08-06 00:18:36.598 28713 31589 D OK      : request got status: 200
08-06 00:18:36.659 28713 30847 I art     : Explicit concurrent mark sweep GC freed 30859(1888KB) AllocSpace objects, 52(3MB) LOS objects, 30% free, 36MB/52MB, paused 4.522ms total 88.910ms
08-06 00:18:36.688 28713 30847 I art     : Starting a blocking GC Explicit
08-06 00:18:36.695 28713 31590 I NAPPA_EXPERIMENTATION: MetricNetworkRequestExecutionTime: REQUEST_DURATION_SYSTEM='455',REQUEST_DURATION_OKHTTP='453',REQUEST_SYNCHRONOUS='TRUE',RESPONSE_CODE='200',RESPONSE_METHOD='GET',RESPONSE_LENGTH_OKHTTP='3183',RESPONSE_LENGTH_HEADER='3183',REQUEST_PROTOCOL='h2',REQUEST_URL='https://b.thumbs.redditmedia.com/3QPAtixkID9ojpqCAgfspJpruqoq45fM1G-Fx1K2F2A.jpg',
08-06 00:18:36.695 28713 31590 D OK      : request got status: 200
08-06 00:18:36.699 28713 31585 I NAPPA_EXPERIMENTATION: MetricNetworkRequestExecutionTime: REQUEST_DURATION_SYSTEM='473',REQUEST_DURATION_OKHTTP='472',REQUEST_SYNCHRONOUS='TRUE',RESPONSE_CODE='200',RESPONSE_METHOD='GET',RESPONSE_LENGTH_OKHTTP='5378',RESPONSE_LENGTH_HEADER='5378',REQUEST_PROTOCOL='h2',REQUEST_URL='https://b.thumbs.redditmedia.com/C9qrVibnNxmzfLDKvEHp2v2Bo-Kqme7PoKC52s2o52M.jpg',
08-06 00:18:36.699 28713 31585 D OK      : request got status: 200
08-06 00:18:36.707 28713 31594 I NAPPA_EXPERIMENTATION: MetricNetworkRequestExecutionTime: REQUEST_DURATION_SYSTEM='456',REQUEST_DURATION_OKHTTP='456',REQUEST_SYNCHRONOUS='TRUE',RESPONSE_CODE='200',RESPONSE_METHOD='GET',RESPONSE_LENGTH_OKHTTP='5125',RESPONSE_LENGTH_HEADER='5125',REQUEST_PROTOCOL='h2',REQUEST_URL='https://b.thumbs.redditmedia.com/OF1KI_LdSDMMWCy-WgJyRhIcM5fr7kDyu_OnpfRXHfI.jpg',
08-06 00:18:36.708 28713 31594 D OK      : request got status: 200
08-06 00:18:36.716 28713 31592 I NAPPA_EXPERIMENTATION: MetricNetworkRequestExecutionTime: REQUEST_DURATION_SYSTEM='471',REQUEST_DURATION_OKHTTP='470',REQUEST_SYNCHRONOUS='TRUE',RESPONSE_CODE='200',RESPONSE_METHOD='GET',RESPONSE_LENGTH_OKHTTP='3864',RESPONSE_LENGTH_HEADER='3864',REQUEST_PROTOCOL='h2',REQUEST_URL='https://b.thumbs.redditmedia.com/B1vXKY_-gTPbs625-RJ1MLIXxzCqfmnCB_0xnGjCECQ.jpg',
08-06 00:18:36.716 28713 31592 D OK      : request got status: 200
08-06 00:18:36.730 28713 31595 I NAPPA_EXPERIMENTATION: MetricNetworkRequestExecutionTime: REQUEST_DURATION_SYSTEM='475',REQUEST_DURATION_OKHTTP='474',REQUEST_SYNCHRONOUS='TRUE',RESPONSE_CODE='200',RESPONSE_METHOD='GET',RESPONSE_LENGTH_OKHTTP='6723',RESPONSE_LENGTH_HEADER='6723',REQUEST_PROTOCOL='h2',REQUEST_URL='https://b.thumbs.redditmedia.com/vuAhA4gGAmYfrTFA4woxZcKgmiDzJ3nAsql2pxcYGFs.jpg',
08-06 00:18:36.730 28713 31595 D OK      : request got status: 200
08-06 00:18:36.763 28713 31597 I NAPPA_EXPERIMENTATION: MetricNetworkRequestExecutionTime: REQUEST_DURATION_SYSTEM='502',REQUEST_DURATION_OKHTTP='501',REQUEST_SYNCHRONOUS='TRUE',RESPONSE_CODE='200',RESPONSE_METHOD='GET',RESPONSE_LENGTH_OKHTTP='6316',RESPONSE_LENGTH_HEADER='6316',REQUEST_PROTOCOL='h2',REQUEST_URL='https://b.thumbs.redditmedia.com/wxTBcOhAgsmbc-TRaGNHpYJYnEOBr2LNsaZ6pCM91Lc.jpg',
08-06 00:18:36.763 28713 31597 D OK      : request got status: 200
08-06 00:18:36.764 28713 30847 I art     : Explicit concurrent mark sweep GC freed 4882(313KB) AllocSpace objects, 11(796KB) LOS objects, 30% free, 37MB/53MB, paused 3.089ms total 76.487ms
08-06 00:18:36.790 28713 30847 I art     : Starting a blocking GC Explicit
08-06 00:18:36.803 28713 31598 I NAPPA_EXPERIMENTATION: MetricNetworkRequestExecutionTime: REQUEST_DURATION_SYSTEM='540',REQUEST_DURATION_OKHTTP='539',REQUEST_SYNCHRONOUS='TRUE',RESPONSE_CODE='200',RESPONSE_METHOD='GET',RESPONSE_LENGTH_OKHTTP='7815',RESPONSE_LENGTH_HEADER='7815',REQUEST_PROTOCOL='h2',REQUEST_URL='https://b.thumbs.redditmedia.com/Wo7bFIVNZYYuNioRYwZFYxrl6QMk0lT-3W01wrXgHmE.jpg',
08-06 00:18:36.803 28713 31598 D OK      : request got status: 200
08-06 00:18:36.813 28713 31599 I NAPPA_EXPERIMENTATION: MetricNetworkRequestExecutionTime: REQUEST_DURATION_SYSTEM='548',REQUEST_DURATION_OKHTTP='547',REQUEST_SYNCHRONOUS='TRUE',RESPONSE_CODE='200',RESPONSE_METHOD='GET',RESPONSE_LENGTH_OKHTTP='5648',RESPONSE_LENGTH_HEADER='5648',REQUEST_PROTOCOL='h2',REQUEST_URL='https://b.thumbs.redditmedia.com/NoqMycYTzsyhI0Lq351riEI1mO9p8PvY1QwcZ9Irb9g.jpg',
08-06 00:18:36.813 28713 31599 D OK      : request got status: 200
08-06 00:18:36.817 28713 31596 I NAPPA_EXPERIMENTATION: MetricNetworkRequestExecutionTime: REQUEST_DURATION_SYSTEM='559',REQUEST_DURATION_OKHTTP='559',REQUEST_SYNCHRONOUS='TRUE',RESPONSE_CODE='200',RESPONSE_METHOD='GET',RESPONSE_LENGTH_OKHTTP='5329',RESPONSE_LENGTH_HEADER='5329',REQUEST_PROTOCOL='h2',REQUEST_URL='https://b.thumbs.redditmedia.com/PtV7mFsO2n0j4YJweZjEqyVJ45hap4hXix9dwj6D0Wg.jpg',
08-06 00:18:36.817 28713 31596 D OK      : request got status: 200
08-06 00:18:36.855 28713 31600 I NAPPA_EXPERIMENTATION: MetricNetworkRequestExecutionTime: REQUEST_DURATION_SYSTEM='587',REQUEST_DURATION_OKHTTP='586',REQUEST_SYNCHRONOUS='TRUE',RESPONSE_CODE='200',RESPONSE_METHOD='GET',RESPONSE_LENGTH_OKHTTP='5198',RESPONSE_LENGTH_HEADER='5198',REQUEST_PROTOCOL='h2',REQUEST_URL='https://b.thumbs.redditmedia.com/KrRufqpifph7KM2Le5RdqEYQb24zbB4fizBJpFaH1Pc.jpg',
08-06 00:18:36.855 28713 31600 D OK      : request got status: 200
08-06 00:18:36.856 28713 30847 I art     : Explicit concurrent mark sweep GC freed 1498(264KB) AllocSpace objects, 17(712KB) LOS objects, 29% free, 39MB/55MB, paused 2.727ms total 65.546ms
08-06 00:18:36.867 28713 31601 I NAPPA_EXPERIMENTATION: MetricNetworkRequestExecutionTime: REQUEST_DURATION_SYSTEM='597',REQUEST_DURATION_OKHTTP='596',REQUEST_SYNCHRONOUS='TRUE',RESPONSE_CODE='200',RESPONSE_METHOD='GET',RESPONSE_LENGTH_OKHTTP='5579',RESPONSE_LENGTH_HEADER='5579',REQUEST_PROTOCOL='h2',REQUEST_URL='https://b.thumbs.redditmedia.com/u2qz17QE3X5G7kkJrgK3HPCdxNQxNkhaWqfIhCuRMvE.jpg',
08-06 00:18:36.867 28713 31601 D OK      : request got status: 200
08-06 00:18:36.879 28713 30847 I art     : Starting a blocking GC Explicit
08-06 00:18:36.969 28713 30847 I art     : Explicit concurrent mark sweep GC freed 19805(884KB) AllocSpace objects, 24(1920KB) LOS objects, 29% free, 38MB/54MB, paused 4.162ms total 89.735ms
08-06 00:18:36.993 28713 30847 I art     : Starting a blocking GC Explicit
08-06 00:18:37.057 28713 30847 I art     : Explicit concurrent mark sweep GC freed 8835(702KB) AllocSpace objects, 16(764KB) LOS objects, 28% free, 39MB/55MB, paused 2.326ms total 64.269ms
08-06 00:18:37.080 28713 31580 I NAPPA_EXPERIMENTATION: MetricNetworkRequestExecutionTime: REQUEST_DURATION_SYSTEM='881',REQUEST_DURATION_OKHTTP='340',REQUEST_SYNCHRONOUS='TRUE',RESPONSE_CODE='200',RESPONSE_METHOD='GET',RESPONSE_LENGTH_OKHTTP='5307',RESPONSE_LENGTH_HEADER='5307',REQUEST_PROTOCOL='h2',REQUEST_URL='https://a.thumbs.redditmedia.com/EFVm-ZqqhARyEaKgtwU74c7tfzEDJvI0uiHXGglFag4.jpg',
08-06 00:18:37.080 28713 31580 D OK      : request got status: 200
08-06 00:18:37.163 28713 31587 I NAPPA_EXPERIMENTATION: MetricNetworkRequestExecutionTime: REQUEST_DURATION_SYSTEM='933',REQUEST_DURATION_OKHTTP='265',REQUEST_SYNCHRONOUS='TRUE',RESPONSE_CODE='200',RESPONSE_METHOD='GET',RESPONSE_LENGTH_OKHTTP='3635',RESPONSE_LENGTH_HEADER='3635',REQUEST_PROTOCOL='h2',REQUEST_URL='https://a.thumbs.redditmedia.com/Kzag-wH9wKRRg2MnPwgoFgXT_2jN_nkJ1lY1aNRQyT4.jpg',
08-06 00:18:37.163 28713 31587 D OK      : request got status: 200
08-06 00:18:37.186 28713 31593 I NAPPA_EXPERIMENTATION: MetricNetworkRequestExecutionTime: REQUEST_DURATION_SYSTEM='937',REQUEST_DURATION_OKHTTP='271',REQUEST_SYNCHRONOUS='TRUE',RESPONSE_CODE='200',RESPONSE_METHOD='GET',RESPONSE_LENGTH_OKHTTP='4470',RESPONSE_LENGTH_HEADER='4470',REQUEST_PROTOCOL='h2',REQUEST_URL='https://a.thumbs.redditmedia.com/ffAKmOqnTuDMNR9MRfCdRtkq_CzN3MVhZxS64ZPYRh4.jpg',
08-06 00:18:37.186 28713 31593 D OK      : request got status: 200
08-06 00:18:37.207 28713 31586 I NAPPA_EXPERIMENTATION: MetricNetworkRequestExecutionTime: REQUEST_DURATION_SYSTEM='979',REQUEST_DURATION_OKHTTP='243',REQUEST_SYNCHRONOUS='TRUE',RESPONSE_CODE='200',RESPONSE_METHOD='GET',RESPONSE_LENGTH_OKHTTP='7540',RESPONSE_LENGTH_HEADER='7540',REQUEST_PROTOCOL='h2',REQUEST_URL='https://a.thumbs.redditmedia.com/Tfsm0ol-ltlxNSBAkZ_4G4302d0hYeOSODkvXidBBR8.jpg',
08-06 00:18:37.207 28713 31586 D OK      : request got status: 200
08-06 00:18:37.222 28713 31588 I NAPPA_EXPERIMENTATION: MetricNetworkRequestExecutionTime: REQUEST_DURATION_SYSTEM='989',REQUEST_DURATION_OKHTTP='291',REQUEST_SYNCHRONOUS='TRUE',RESPONSE_CODE='200',RESPONSE_METHOD='GET',RESPONSE_LENGTH_OKHTTP='5641',RESPONSE_LENGTH_HEADER='5641',REQUEST_PROTOCOL='h2',REQUEST_URL='https://a.thumbs.redditmedia.com/P4gSGpXpi2wDXthNZ-LiwEs5Jvplm6dQ7W7Isqa7un4.jpg',
08-06 00:18:37.223 28713 31588 D OK      : request got status: 200
08-06 00:18:37.236 28713 31602 I NAPPA_EXPERIMENTATION: MetricNetworkRequestExecutionTime: REQUEST_DURATION_SYSTEM='964',REQUEST_DURATION_OKHTTP='302',REQUEST_SYNCHRONOUS='TRUE',RESPONSE_CODE='200',RESPONSE_METHOD='GET',RESPONSE_LENGTH_OKHTTP='2696',RESPONSE_LENGTH_HEADER='2696',REQUEST_PROTOCOL='h2',REQUEST_URL='https://v.redd.it/syww111dtjd51/DASHPlaylist.mpd',
08-06 00:18:37.236 28713 31602 D OK      : request got status: 200
08-06 00:18:37.293 28713 31602 I RedditVideosAPI: For 'https://v.redd.it/syww111dtjd51/DASHPlaylist.mpd', got video stream 'https://v.redd.it/syww111dtjd51/DASH_480' and audio stream 'https://v.redd.it/syww111dtjd51/audio'
08-06 00:18:37.315 28713 31605 I NAPPA_EXPERIMENTATION: MetricNetworkRequestExecutionTime: REQUEST_DURATION_SYSTEM='1033',REQUEST_DURATION_OKHTTP='368',REQUEST_SYNCHRONOUS='TRUE',RESPONSE_CODE='200',RESPONSE_METHOD='GET',RESPONSE_LENGTH_OKHTTP='2789',RESPONSE_LENGTH_HEADER='2789',REQUEST_PROTOCOL='h2',REQUEST_URL='https://v.redd.it/5x6zzipz8ld51/DASHPlaylist.mpd',
08-06 00:18:37.315 28713 31605 D OK      : request got status: 200
08-06 00:18:37.322 28713 31604 I NAPPA_EXPERIMENTATION: MetricNetworkRequestExecutionTime: REQUEST_DURATION_SYSTEM='1044',REQUEST_DURATION_OKHTTP='366',REQUEST_SYNCHRONOUS='TRUE',RESPONSE_CODE='200',RESPONSE_METHOD='GET',RESPONSE_LENGTH_OKHTTP='3060',RESPONSE_LENGTH_HEADER='3060',REQUEST_PROTOCOL='h2',REQUEST_URL='https://v.redd.it/rrygsb8i4ld51/DASHPlaylist.mpd',
08-06 00:18:37.322 28713 31604 D OK      : request got status: 200
08-06 00:18:37.339 28713 31605 I RedditVideosAPI: For 'https://v.redd.it/5x6zzipz8ld51/DASHPlaylist.mpd', got video stream 'https://v.redd.it/5x6zzipz8ld51/DASH_480' and audio stream 'null'
08-06 00:18:37.340 28713 31603 I NAPPA_EXPERIMENTATION: MetricNetworkRequestExecutionTime: REQUEST_DURATION_SYSTEM='1066',REQUEST_DURATION_OKHTTP='375',REQUEST_SYNCHRONOUS='TRUE',RESPONSE_CODE='200',RESPONSE_METHOD='GET',RESPONSE_LENGTH_OKHTTP='2071',RESPONSE_LENGTH_HEADER='2071',REQUEST_PROTOCOL='h2',REQUEST_URL='https://v.redd.it/pbqrrfb3tkd51/DASHPlaylist.mpd',
08-06 00:18:37.341 28713 31603 D OK      : request got status: 200
08-06 00:18:37.345 28713 31607 I NAPPA_EXPERIMENTATION: MetricNetworkRequestExecutionTime: REQUEST_DURATION_SYSTEM='1057',REQUEST_DURATION_OKHTTP='345',REQUEST_SYNCHRONOUS='TRUE',RESPONSE_CODE='200',RESPONSE_METHOD='GET',RESPONSE_LENGTH_OKHTTP='-1',RESPONSE_LENGTH_HEADER='377',REQUEST_PROTOCOL='h2',REQUEST_URL='https://api.imgur.com/3/image/nLQR2hT',
08-06 00:18:37.345 28713 31607 D OK      : request got status: 200
08-06 00:18:37.349 28713 31606 I NAPPA_EXPERIMENTATION: MetricNetworkRequestExecutionTime: REQUEST_DURATION_SYSTEM='1064',REQUEST_DURATION_OKHTTP='381',REQUEST_SYNCHRONOUS='TRUE',RESPONSE_CODE='200',RESPONSE_METHOD='GET',RESPONSE_LENGTH_OKHTTP='2700',RESPONSE_LENGTH_HEADER='2700',REQUEST_PROTOCOL='h2',REQUEST_URL='https://v.redd.it/75en73fm5id51/DASHPlaylist.mpd',
08-06 00:18:37.350 28713 31606 D OK      : request got status: 200
08-06 00:18:37.366 28713 31608 I NAPPA_EXPERIMENTATION: MetricNetworkRequestExecutionTime: REQUEST_DURATION_SYSTEM='1075',REQUEST_DURATION_OKHTTP='384',REQUEST_SYNCHRONOUS='TRUE',RESPONSE_CODE='200',RESPONSE_METHOD='GET',RESPONSE_LENGTH_OKHTTP='1713',RESPONSE_LENGTH_HEADER='1713',REQUEST_PROTOCOL='h2',REQUEST_URL='https://v.redd.it/ggz4fyth6hd51/DASHPlaylist.mpd',
08-06 00:18:37.366 28713 31608 D OK      : request got status: 200
08-06 00:18:37.368 28713 31604 I RedditVideosAPI: For 'https://v.redd.it/rrygsb8i4ld51/DASHPlaylist.mpd', got video stream 'https://v.redd.it/rrygsb8i4ld51/DASH_480' and audio stream 'https://v.redd.it/rrygsb8i4ld51/audio'
08-06 00:18:37.373 28713 31603 I RedditVideosAPI: For 'https://v.redd.it/pbqrrfb3tkd51/DASHPlaylist.mpd', got video stream 'https://v.redd.it/pbqrrfb3tkd51/DASH_480' and audio stream 'null'
08-06 00:18:37.405 28713 31610 I NAPPA_EXPERIMENTATION: MetricNetworkRequestExecutionTime: REQUEST_DURATION_SYSTEM='1107',REQUEST_DURATION_OKHTTP='404',REQUEST_SYNCHRONOUS='TRUE',RESPONSE_CODE='200',RESPONSE_METHOD='GET',RESPONSE_LENGTH_OKHTTP='2071',RESPONSE_LENGTH_HEADER='2071',REQUEST_PROTOCOL='h2',REQUEST_URL='https://v.redd.it/jk6cwef4wld51/DASHPlaylist.mpd',
08-06 00:18:37.405 28713 31610 D OK      : request got status: 200
08-06 00:18:37.409 28713 31609 I NAPPA_EXPERIMENTATION: MetricNetworkRequestExecutionTime: REQUEST_DURATION_SYSTEM='1113',REQUEST_DURATION_OKHTTP='371',REQUEST_SYNCHRONOUS='TRUE',RESPONSE_CODE='200',RESPONSE_METHOD='GET',RESPONSE_LENGTH_OKHTTP='2427',RESPONSE_LENGTH_HEADER='2427',REQUEST_PROTOCOL='h2',REQUEST_URL='https://v.redd.it/psrknoobrgd51/DASHPlaylist.mpd',
08-06 00:18:37.409 28713 31609 D OK      : request got status: 200
08-06 00:18:37.420 28713 31613 I NAPPA_EXPERIMENTATION: MetricNetworkRequestExecutionTime: REQUEST_DURATION_SYSTEM='1113',REQUEST_DURATION_OKHTTP='287',REQUEST_SYNCHRONOUS='TRUE',RESPONSE_CODE='200',RESPONSE_METHOD='GET',RESPONSE_LENGTH_OKHTTP='2344',RESPONSE_LENGTH_HEADER='2344',REQUEST_PROTOCOL='h2',REQUEST_URL='https://v.redd.it/ue0jdgk9zhd51/DASHPlaylist.mpd',
08-06 00:18:37.420 28713 31613 D OK      : request got status: 200
08-06 00:18:37.433 28713 31611 I NAPPA_EXPERIMENTATION: MetricNetworkRequestExecutionTime: REQUEST_DURATION_SYSTEM='1132',REQUEST_DURATION_OKHTTP='288',REQUEST_SYNCHRONOUS='TRUE',RESPONSE_CODE='200',RESPONSE_METHOD='GET',RESPONSE_LENGTH_OKHTTP='3058',RESPONSE_LENGTH_HEADER='3058',REQUEST_PROTOCOL='h2',REQUEST_URL='https://v.redd.it/t81s8zfz9ld51/DASHPlaylist.mpd',
08-06 00:18:37.433 28713 31611 D OK      : request got status: 200
08-06 00:18:37.441 28713 31612 I NAPPA_EXPERIMENTATION: MetricNetworkRequestExecutionTime: REQUEST_DURATION_SYSTEM='1136',REQUEST_DURATION_OKHTTP='280',REQUEST_SYNCHRONOUS='TRUE',RESPONSE_CODE='200',RESPONSE_METHOD='GET',RESPONSE_LENGTH_OKHTTP='2071',RESPONSE_LENGTH_HEADER='2071',REQUEST_PROTOCOL='h2',REQUEST_URL='https://v.redd.it/xd6c4yyutgd51/DASHPlaylist.mpd',
08-06 00:18:37.441 28713 31612 D OK      : request got status: 200
08-06 00:18:37.451 28713 31608 I RedditVideosAPI: For 'https://v.redd.it/ggz4fyth6hd51/DASHPlaylist.mpd', got video stream 'https://v.redd.it/ggz4fyth6hd51/DASH_360' and audio stream 'null'
08-06 00:18:37.457 28713 28724 I art     : Starting a blocking GC Explicit
08-06 00:18:37.460 28713 31606 I RedditVideosAPI: For 'https://v.redd.it/75en73fm5id51/DASHPlaylist.mpd', got video stream 'https://v.redd.it/75en73fm5id51/DASH_480' and audio stream 'https://v.redd.it/75en73fm5id51/audio'
08-06 00:18:37.517 28713 31610 I RedditVideosAPI: For 'https://v.redd.it/jk6cwef4wld51/DASHPlaylist.mpd', got video stream 'https://v.redd.it/jk6cwef4wld51/DASH_480' and audio stream 'null'
08-06 00:18:37.524 28713 31613 I RedditVideosAPI: For 'https://v.redd.it/ue0jdgk9zhd51/DASHPlaylist.mpd', got video stream 'https://v.redd.it/ue0jdgk9zhd51/DASH_360' and audio stream 'https://v.redd.it/ue0jdgk9zhd51/audio'
08-06 00:18:37.525 28713 28724 I art     : Explicit concurrent mark sweep GC freed 15652(1473KB) AllocSpace objects, 59(3MB) LOS objects, 28% free, 40MB/56MB, paused 1.272ms total 67.705ms
08-06 00:18:37.538 28713 31609 I RedditVideosAPI: For 'https://v.redd.it/psrknoobrgd51/DASHPlaylist.mpd', got video stream 'https://v.redd.it/psrknoobrgd51/DASH_480' and audio stream 'null'
08-06 00:18:37.544 28713 31611 I RedditVideosAPI: For 'https://v.redd.it/t81s8zfz9ld51/DASHPlaylist.mpd', got video stream 'https://v.redd.it/t81s8zfz9ld51/DASH_480' and audio stream 'https://v.redd.it/t81s8zfz9ld51/audio'
08-06 00:18:37.550 28713 31612 I RedditVideosAPI: For 'https://v.redd.it/xd6c4yyutgd51/DASHPlaylist.mpd', got video stream 'https://v.redd.it/xd6c4yyutgd51/DASH_480' and audio stream 'null'
08-06 00:18:37.551 28713 28724 I art     : Starting a blocking GC Explicit
08-06 00:18:37.615 28713 28724 I art     : Explicit concurrent mark sweep GC freed 1955(253KB) AllocSpace objects, 10(680KB) LOS objects, 28% free, 39MB/55MB, paused 771us total 63.221ms
08-06 00:18:37.642 28713 28724 I art     : Starting a blocking GC Explicit
08-06 00:18:37.708 28713 28724 I art     : Explicit concurrent mark sweep GC freed 36(1152B) AllocSpace objects, 0(0B) LOS objects, 28% free, 39MB/55MB, paused 966us total 66.059ms
08-06 00:18:37.735 28713 28724 I art     : Starting a blocking GC Explicit
08-06 00:18:37.802 28713 28724 I art     : Explicit concurrent mark sweep GC freed 3(96B) AllocSpace objects, 0(0B) LOS objects, 28% free, 39MB/55MB, paused 928us total 66.530ms
08-06 00:18:37.829 28713 28724 I art     : Starting a blocking GC Explicit
08-06 00:18:37.906 28713 28724 I art     : Explicit concurrent mark sweep GC freed 3(96B) AllocSpace objects, 0(0B) LOS objects, 28% free, 39MB/55MB, paused 1.259ms total 76.202ms
08-06 00:18:38.278 28713 28734 I art     : Starting a blocking GC Explicit
08-06 00:18:38.346 28713 28734 I art     : Explicit concurrent mark sweep GC freed 1361(83KB) AllocSpace objects, 1(20KB) LOS objects, 28% free, 39MB/55MB, paused 863us total 66.818ms
08-06 00:18:38.372 28713 28734 I art     : Starting a blocking GC Explicit
08-06 00:18:38.437 28713 28734 I art     : Explicit concurrent mark sweep GC freed 20(704B) AllocSpace objects, 0(0B) LOS objects, 28% free, 39MB/55MB, paused 978us total 64.062ms
08-06 00:18:38.463 28713 28734 I art     : Starting a blocking GC Explicit
08-06 00:18:38.527 28713 28734 I art     : Explicit concurrent mark sweep GC freed 3(96B) AllocSpace objects, 0(0B) LOS objects, 28% free, 39MB/55MB, paused 861us total 63.220ms
08-06 00:18:38.553 28713 28734 I art     : Starting a blocking GC Explicit
08-06 00:18:38.619 31654 31654 D AndroidRuntime: >>>>>> START com.android.internal.os.RuntimeInit uid 2000 <<<<<<
08-06 00:18:38.620 28713 28734 I art     : Explicit concurrent mark sweep GC freed 3(96B) AllocSpace objects, 0(0B) LOS objects, 28% free, 39MB/55MB, paused 970us total 66.338ms
08-06 00:18:38.626 31654 31654 D AndroidRuntime: CheckJNI is OFF
08-06 00:18:38.646 28713 28734 I art     : Starting a blocking GC Explicit
08-06 00:18:38.680 31654 31654 D ICU     : No timezone override file found: /data/misc/zoneinfo/current/icu/icu_tzdata.dat
08-06 00:18:38.706 28713 28734 I art     : Explicit concurrent mark sweep GC freed 3(96B) AllocSpace objects, 0(0B) LOS objects, 28% free, 39MB/55MB, paused 967us total 59.891ms
08-06 00:18:38.711   518   646 I ThermalEngine: ACTION: GPU - Setting GPU[0] to 450000000
08-06 00:18:38.723 31654 31654 I Radio-JNI: register_android_hardware_Radio DONE
08-06 00:18:38.752 31654 31654 D AndroidRuntime: Calling main entry com.android.commands.input.Input
08-06 00:18:38.755 31654 31654 I Input   : injectMotionEvent: MotionEvent { action=ACTION_DOWN, actionButton=0, id[0]=0, x[0]=1340.0, y[0]=1100.0, toolType[0]=TOOL_TYPE_UNKNOWN, buttonState=0, metaState=0, flags=0x0, edgeFlags=0x0, pointerCount=1, historySize=0, eventTime=836335167, downTime=836335167, deviceId=0, source=0x1002 }
08-06 00:18:38.760 31654 31654 I Input   : injectMotionEvent: MotionEvent { action=ACTION_UP, actionButton=0, id[0]=0, x[0]=1340.0, y[0]=1100.0, toolType[0]=TOOL_TYPE_UNKNOWN, buttonState=0, metaState=0, flags=0x0, edgeFlags=0x0, pointerCount=1, historySize=0, eventTime=836335167, downTime=836335167, deviceId=0, source=0x1002 }
08-06 00:18:38.762 31654 31654 D AndroidRuntime: Shutting down VM
08-06 00:18:38.773   512  2967 D audio_hw_primary: out_set_parameters: enter: usecase(1: low-latency-playback) kvpairs: routing=2
08-06 00:18:38.774   918  3359 I ActivityManager: START u0 {dat=https://oauth.reddit.com/... cmp=baseline.org.quantumbadger.redreader/.activities.CommentListingActivity} from uid 10705 on display 0
08-06 00:18:38.786   512  2967 D audio_hw_primary: select_devices: out_snd_device(2: speaker) in_snd_device(0: none)
08-06 00:18:38.786   512  2967 D msm8974_platform: platform_send_audio_calibration: sending audio calibration for snd_device(2) acdb_id(15)
08-06 00:18:38.786   512  2967 I soundtrigger: audio_extn_sound_trigger_update_device_status: device 0x2 of type 0 for Event 1
08-06 00:18:38.798   512  2967 D audio_hw_primary: enable_snd_device: snd_device(2: speaker)
08-06 00:18:38.798 28713 28713 I AppCompatViewInflater: app:theme is now deprecated. Please move to using android:theme instead.
08-06 00:18:38.800   512  2967 D audio_hw_primary: enable_audio_route: apply and update mixer path: low-latency-playback speaker
08-06 00:18:38.818 28713 31679 D OK      : calling: https://oauth.reddit.com/comments/hzejrd/.json?sort=confidence
08-06 00:18:38.889 13866 13866 I GoogleInputMethodServic: GoogleInputMethodService.onFinishInput():3138 
08-06 00:18:38.890 13866 13866 I GoogleInputMethodServic: GoogleInputMethodService.onStartInput():1808 
08-06 00:18:38.891   918   936 I ActivityManager: Displayed baseline.org.quantumbadger.redreader/.activities.CommentListingActivity: +106ms
08-06 00:18:39.030 28713 28724 I art     : Starting a blocking GC Explicit
08-06 00:18:39.104 28713 28724 I art     : Explicit concurrent mark sweep GC freed 6066(297KB) AllocSpace objects, 1(20KB) LOS objects, 28% free, 40MB/56MB, paused 797us total 73.535ms
08-06 00:18:39.131 28713 28724 I art     : Starting a blocking GC Explicit
08-06 00:18:39.134   380   380 W SurfaceFlinger: couldn't log to binary event log: overflow.
08-06 00:18:39.177 28713 28724 I art     : Explicit concurrent mark sweep GC freed 7214(821KB) AllocSpace objects, 17(2MB) LOS objects, 30% free, 37MB/53MB, paused 561us total 46.367ms
08-06 00:18:39.195 28713 28724 I art     : Starting a blocking GC Explicit
08-06 00:18:39.240 28713 28724 I art     : Explicit concurrent mark sweep GC freed 3(96B) AllocSpace objects, 0(0B) LOS objects, 30% free, 37MB/53MB, paused 687us total 44.140ms
08-06 00:18:39.261 28713 28724 I art     : Starting a blocking GC Explicit
08-06 00:18:39.302 28713 28724 I art     : Explicit concurrent mark sweep GC freed 95(3KB) AllocSpace objects, 0(0B) LOS objects, 30% free, 37MB/53MB, paused 611us total 40.672ms
08-06 00:18:39.319 28713 28724 I art     : Starting a blocking GC Explicit
08-06 00:18:39.338   512  2967 D audio_hw_primary: disable_audio_route: reset and update mixer path: low-latency-playback speaker
08-06 00:18:39.339   512  2967 D audio_hw_primary: disable_snd_device: snd_device(2: speaker)
08-06 00:18:39.346   512  2967 I soundtrigger: audio_extn_sound_trigger_update_device_status: device 0x2 of type 0 for Event 0
08-06 00:18:39.360 28713 28724 I art     : Explicit concurrent mark sweep GC freed 3(96B) AllocSpace objects, 0(0B) LOS objects, 30% free, 37MB/53MB, paused 545us total 40.375ms
08-06 00:18:39.681 28713 28725 I art     : Starting a blocking GC Explicit
08-06 00:18:39.731 28713 28725 I art     : Explicit concurrent mark sweep GC freed 1383(84KB) AllocSpace objects, 1(20KB) LOS objects, 30% free, 37MB/53MB, paused 620us total 49.270ms
08-06 00:18:39.748 28713 31679 I NAPPA_EXPERIMENTATION: MetricNetworkRequestExecutionTime: REQUEST_DURATION_SYSTEM='930',REQUEST_DURATION_OKHTTP='784',REQUEST_SYNCHRONOUS='TRUE',RESPONSE_CODE='200',RESPONSE_METHOD='GET',RESPONSE_LENGTH_OKHTTP='-1',RESPONSE_LENGTH_HEADER='45890',REQUEST_PROTOCOL='h2',REQUEST_URL='https://oauth.reddit.com/comments/hzejrd/.json?sort=confidence',
08-06 00:18:39.748 28713 31679 D OK      : request got status: 200
08-06 00:18:39.750 28713 28725 I art     : Starting a blocking GC Explicit
08-06 00:18:39.758 28713 29300 I CommentListingActivity: COMMENTS session changed to c8784454-31d1-4a95-a621-5c33220891a3
08-06 00:18:39.797 28713 28725 I art     : Explicit concurrent mark sweep GC freed 2939(192KB) AllocSpace objects, 0(0B) LOS objects, 29% free, 37MB/53MB, paused 1.107ms total 46.710ms
08-06 00:18:39.815 28713 28725 I art     : Starting a blocking GC Explicit
08-06 00:18:39.880 28713 28725 I art     : Explicit concurrent mark sweep GC freed 7000(349KB) AllocSpace objects, 0(0B) LOS objects, 29% free, 38MB/54MB, paused 1.022ms total 64.428ms
08-06 00:18:39.899 28713 28725 I art     : Starting a blocking GC Explicit
08-06 00:18:39.957 28713 28725 I art     : Explicit concurrent mark sweep GC freed 10653(589KB) AllocSpace objects, 0(0B) LOS objects, 29% free, 39MB/55MB, paused 1.066ms total 57.350ms
08-06 00:18:39.976 28713 28725 I art     : Starting a blocking GC Explicit
08-06 00:18:40.035 28713 28725 I art     : Explicit concurrent mark sweep GC freed 8585(509KB) AllocSpace objects, 1(68KB) LOS objects, 28% free, 39MB/55MB, paused 573us total 58.368ms
08-06 00:18:40.382 28713 29069 I art     : Starting a blocking GC Explicit
08-06 00:18:40.449 28713 29069 I art     : Explicit concurrent mark sweep GC freed 14309(659KB) AllocSpace objects, 2(88KB) LOS objects, 29% free, 39MB/55MB, paused 494us total 66.265ms
08-06 00:18:40.470 28713 29069 I art     : Starting a blocking GC Explicit
08-06 00:18:40.528 28713 29069 I art     : Explicit concurrent mark sweep GC freed 73(3KB) AllocSpace objects, 0(0B) LOS objects, 29% free, 39MB/55MB, paused 473us total 58.378ms
08-06 00:18:40.549 28713 29069 I art     : Starting a blocking GC Explicit
08-06 00:18:40.608 28713 29069 I art     : Explicit concurrent mark sweep GC freed 3(96B) AllocSpace objects, 0(0B) LOS objects, 29% free, 39MB/55MB, paused 478us total 58.927ms
08-06 00:18:40.629 28713 29069 I art     : Starting a blocking GC Explicit
08-06 00:18:40.700 28713 29069 I art     : Explicit concurrent mark sweep GC freed 49(1920B) AllocSpace objects, 0(0B) LOS objects, 29% free, 39MB/55MB, paused 537us total 70.760ms
08-06 00:18:40.722 28713 29069 I art     : Starting a blocking GC Explicit
08-06 00:18:40.790 28713 29069 I art     : Explicit concurrent mark sweep GC freed 3(96B) AllocSpace objects, 0(0B) LOS objects, 29% free, 39MB/55MB, paused 565us total 67.259ms
08-06 00:18:41.172 28713 30847 I art     : Starting a blocking GC Explicit
08-06 00:18:41.257 28713 30847 I art     : Explicit concurrent mark sweep GC freed 1356(82KB) AllocSpace objects, 1(20KB) LOS objects, 29% free, 39MB/55MB, paused 577us total 84.444ms
08-06 00:18:41.282 28713 30847 I art     : Starting a blocking GC Explicit
08-06 00:18:41.357 28713 30847 I art     : Explicit concurrent mark sweep GC freed 20(704B) AllocSpace objects, 0(0B) LOS objects, 29% free, 39MB/55MB, paused 621us total 74.505ms
08-06 00:18:41.381 28713 30847 I art     : Starting a blocking GC Explicit
08-06 00:18:41.451 28713 30847 I art     : Explicit concurrent mark sweep GC freed 3(96B) AllocSpace objects, 0(0B) LOS objects, 29% free, 39MB/55MB, paused 557us total 70.348ms
08-06 00:18:41.473 28713 30847 I art     : Starting a blocking GC Explicit
08-06 00:18:41.541 28713 30847 I art     : Explicit concurrent mark sweep GC freed 3(96B) AllocSpace objects, 0(0B) LOS objects, 29% free, 39MB/55MB, paused 548us total 68.321ms
08-06 00:18:41.563 28713 30847 I art     : Starting a blocking GC Explicit
08-06 00:18:41.638 28713 30847 I art     : Explicit concurrent mark sweep GC freed 3(96B) AllocSpace objects, 0(0B) LOS objects, 29% free, 39MB/55MB, paused 731us total 75.022ms
08-06 00:18:41.730   518   646 I ThermalEngine: ACTION: GPU - Setting GPU[0] to 390000000
08-06 00:18:42.028 28713 28724 I art     : Starting a blocking GC Explicit
08-06 00:18:42.127 28713 28724 I art     : Explicit concurrent mark sweep GC freed 1354(82KB) AllocSpace objects, 1(20KB) LOS objects, 29% free, 39MB/55MB, paused 1.205ms total 99.007ms
08-06 00:18:42.156 28713 28724 I art     : Starting a blocking GC Explicit
08-06 00:18:42.237 28713 28724 I art     : Explicit concurrent mark sweep GC freed 20(704B) AllocSpace objects, 0(0B) LOS objects, 29% free, 39MB/55MB, paused 844us total 80.649ms
08-06 00:18:42.267 28713 28724 I art     : Starting a blocking GC Explicit
08-06 00:18:42.345 28713 28724 I art     : Explicit concurrent mark sweep GC freed 3(96B) AllocSpace objects, 0(0B) LOS objects, 29% free, 39MB/55MB, paused 732us total 77.612ms
08-06 00:18:42.374 28713 28724 I art     : Starting a blocking GC Explicit
08-06 00:18:42.457 28713 28724 I art     : Explicit concurrent mark sweep GC freed 3(96B) AllocSpace objects, 0(0B) LOS objects, 29% free, 39MB/55MB, paused 1.280ms total 82.519ms
08-06 00:18:42.489 28713 28724 I art     : Starting a blocking GC Explicit
08-06 00:18:42.579 28713 28724 I art     : Explicit concurrent mark sweep GC freed 3(96B) AllocSpace objects, 0(0B) LOS objects, 29% free, 39MB/55MB, paused 1.070ms total 88.907ms
08-06 00:18:42.726   518   646 I ThermalEngine: ACTION: GPU - Setting GPU[0] to 450000000
08-06 00:18:42.960 28713 28734 I art     : Starting a blocking GC Explicit
08-06 00:18:43.055 28713 28734 I art     : Explicit concurrent mark sweep GC freed 1354(82KB) AllocSpace objects, 1(20KB) LOS objects, 29% free, 39MB/55MB, paused 557us total 94.996ms
08-06 00:18:43.080 28713 28734 I art     : Starting a blocking GC Explicit
08-06 00:18:43.153 28713 28734 I art     : Explicit concurrent mark sweep GC freed 20(704B) AllocSpace objects, 0(0B) LOS objects, 29% free, 39MB/55MB, paused 583us total 72.589ms
08-06 00:18:43.175 28713 28734 I art     : Starting a blocking GC Explicit
08-06 00:18:43.246 28713 28734 I art     : Explicit concurrent mark sweep GC freed 3(96B) AllocSpace objects, 0(0B) LOS objects, 29% free, 39MB/55MB, paused 548us total 70.675ms
08-06 00:18:43.270 28713 28734 I art     : Starting a blocking GC Explicit
08-06 00:18:43.343 28713 28734 I art     : Explicit concurrent mark sweep GC freed 3(96B) AllocSpace objects, 0(0B) LOS objects, 29% free, 39MB/55MB, paused 599us total 72.325ms
08-06 00:18:43.367 28713 28734 I art     : Starting a blocking GC Explicit
08-06 00:18:43.435 28713 28734 I art     : Explicit concurrent mark sweep GC freed 3(96B) AllocSpace objects, 0(0B) LOS objects, 29% free, 39MB/55MB, paused 514us total 67.896ms
08-06 00:18:43.784 28713 31678 I RedditChangeDataIO: Writing tmp data file at '/data/user/0/baseline.org.quantumbadger.redreader/files/rr_change_data_tmp.dat'
08-06 00:18:43.786 28713 31678 I RedditChangeDataManager: Taking snapshot...
08-06 00:18:43.786 28713 31678 I RedditChangeDataManager: Writing to stream...
08-06 00:18:43.786 28713 31678 I RedditChangeDataManager: Wrote 6 entries for user ''
08-06 00:18:43.786 28713 31678 I RedditChangeDataManager: All entries written to stream.
08-06 00:18:43.786 28713 31678 I RedditChangeDataIO: Write successful. Atomically replacing data file...
08-06 00:18:43.787 28713 31678 I RedditChangeDataIO: Write complete.
08-06 00:18:43.787 28713 31678 I RedditChangeDataIO: 158 bytes written in 4 ms
08-06 00:18:43.802 28713 28725 I art     : Starting a blocking GC Explicit
08-06 00:18:43.883 28713 28725 I art     : Explicit concurrent mark sweep GC freed 1441(88KB) AllocSpace objects, 2(88KB) LOS objects, 29% free, 39MB/55MB, paused 555us total 80.352ms
08-06 00:18:43.907 28713 28725 I art     : Starting a blocking GC Explicit
08-06 00:18:43.977 28713 28725 I art     : Explicit concurrent mark sweep GC freed 23(800B) AllocSpace objects, 0(0B) LOS objects, 29% free, 39MB/55MB, paused 711us total 69.477ms
08-06 00:18:43.998 28713 28725 I art     : Starting a blocking GC Explicit
08-06 00:18:44.068 28713 28725 I art     : Explicit concurrent mark sweep GC freed 3(96B) AllocSpace objects, 0(0B) LOS objects, 29% free, 39MB/55MB, paused 571us total 69.474ms
08-06 00:18:44.090 28713 28725 I art     : Starting a blocking GC Explicit
08-06 00:18:44.162 28713 28725 I art     : Explicit concurrent mark sweep GC freed 3(96B) AllocSpace objects, 0(0B) LOS objects, 29% free, 39MB/55MB, paused 594us total 71.853ms
08-06 00:18:44.184 28713 28725 I art     : Starting a blocking GC Explicit
08-06 00:18:44.256 28713 28725 I art     : Explicit concurrent mark sweep GC freed 3(96B) AllocSpace objects, 0(0B) LOS objects, 29% free, 39MB/55MB, paused 552us total 71.046ms
08-06 00:18:44.652 28713 29069 I art     : Starting a blocking GC Explicit
08-06 00:18:44.734 28713 29069 I art     : Explicit concurrent mark sweep GC freed 1358(83KB) AllocSpace objects, 1(20KB) LOS objects, 29% free, 39MB/55MB, paused 613us total 81.083ms
08-06 00:18:44.758 28713 29069 I art     : Starting a blocking GC Explicit
08-06 00:18:44.828 28713 29069 I art     : Explicit concurrent mark sweep GC freed 20(704B) AllocSpace objects, 0(0B) LOS objects, 29% free, 39MB/55MB, paused 570us total 70.687ms
08-06 00:18:44.850 28713 29069 I art     : Starting a blocking GC Explicit
08-06 00:18:44.919 28713 29069 I art     : Explicit concurrent mark sweep GC freed 3(96B) AllocSpace objects, 0(0B) LOS objects, 29% free, 39MB/55MB, paused 576us total 68.651ms
08-06 00:18:44.940 28713 29069 I art     : Starting a blocking GC Explicit
08-06 00:18:45.009 28713 29069 I art     : Explicit concurrent mark sweep GC freed 32(1568B) AllocSpace objects, 0(0B) LOS objects, 29% free, 39MB/55MB, paused 470us total 68.441ms
08-06 00:18:45.030 28713 29069 I art     : Starting a blocking GC Explicit
08-06 00:18:45.092 28713 29069 I art     : Explicit concurrent mark sweep GC freed 209(35KB) AllocSpace objects, 0(0B) LOS objects, 29% free, 39MB/55MB, paused 507us total 61.416ms
08-06 00:18:45.461 28713 30847 I art     : Starting a blocking GC Explicit
08-06 00:18:45.541 28713 30847 I art     : Explicit concurrent mark sweep GC freed 1421(84KB) AllocSpace objects, 1(20KB) LOS objects, 29% free, 39MB/55MB, paused 491us total 79.922ms
08-06 00:18:45.562 28713 30847 I art     : Starting a blocking GC Explicit
08-06 00:18:45.588 31770 31770 D AndroidRuntime: >>>>>> START com.android.internal.os.RuntimeInit uid 2000 <<<<<<
08-06 00:18:45.594 31770 31770 D AndroidRuntime: CheckJNI is OFF
08-06 00:18:45.624 28713 30847 I art     : Explicit concurrent mark sweep GC freed 20(704B) AllocSpace objects, 0(0B) LOS objects, 29% free, 39MB/55MB, paused 505us total 62.556ms
08-06 00:18:45.643 31770 31770 D ICU     : No timezone override file found: /data/misc/zoneinfo/current/icu/icu_tzdata.dat
08-06 00:18:45.645 28713 30847 I art     : Starting a blocking GC Explicit
08-06 00:18:45.690 31770 31770 I Radio-JNI: register_android_hardware_Radio DONE
08-06 00:18:45.710 28713 30847 I art     : Explicit concurrent mark sweep GC freed 3(96B) AllocSpace objects, 0(0B) LOS objects, 29% free, 39MB/55MB, paused 488us total 64.720ms
08-06 00:18:45.721 31770 31770 D AndroidRuntime: Calling main entry com.android.commands.input.Input
08-06 00:18:45.723 31770 31770 I Input   : injectKeyEvent: KeyEvent { action=ACTION_DOWN, keyCode=KEYCODE_BACK, scanCode=0, metaState=0, flags=0x0, repeatCount=0, eventTime=836342136, downTime=836342136, deviceId=-1, source=0x101 }
08-06 00:18:45.731 31770 31770 I Input   : injectKeyEvent: KeyEvent { action=ACTION_UP, keyCode=KEYCODE_BACK, scanCode=0, metaState=0, flags=0x0, repeatCount=0, eventTime=836342136, downTime=836342136, deviceId=-1, source=0x101 }
08-06 00:18:45.731 28713 30847 I art     : Starting a blocking GC Explicit
08-06 00:18:45.737 31770 31770 D AndroidRuntime: Shutting down VM
08-06 00:18:45.780 13866 13866 I GoogleInputMethodServic: GoogleInputMethodService.onFinishInput():3138 
08-06 00:18:45.781 13866 13866 I GoogleInputMethodServic: GoogleInputMethodService.onStartInput():1808 
08-06 00:18:45.787 28713 30847 I art     : Explicit concurrent mark sweep GC freed 146(5KB) AllocSpace objects, 0(0B) LOS objects, 29% free, 39MB/55MB, paused 609us total 56.124ms
08-06 00:18:45.807 28713 30847 I art     : Starting a blocking GC Explicit
08-06 00:18:45.861 28713 30847 I art     : Explicit concurrent mark sweep GC freed 115(3KB) AllocSpace objects, 0(0B) LOS objects, 29% free, 39MB/55MB, paused 486us total 54.265ms
08-06 00:18:46.091   380   380 W SurfaceFlinger: couldn't log to binary event log: overflow.
08-06 00:18:46.185 28713 28725 I art     : Starting a blocking GC Explicit
08-06 00:18:46.186   918  1210 D NetlinkSocketObserver: NeighborEvent{elapsedMs=1819730061, 192.168.2.254, [7C3953A63323], RTM_NEWNEIGH, NUD_STALE}
08-06 00:18:46.251 28713 28725 I art     : Explicit concurrent mark sweep GC freed 1431(85KB) AllocSpace objects, 1(20KB) LOS objects, 29% free, 39MB/55MB, paused 507us total 66.195ms
08-06 00:18:46.273 28713 28725 I art     : Starting a blocking GC Explicit
08-06 00:18:46.324 28713 28725 I art     : Explicit concurrent mark sweep GC freed 41343(2MB) AllocSpace objects, 5(140KB) LOS objects, 30% free, 36MB/52MB, paused 488us total 50.692ms
08-06 00:18:46.342 28713 28725 I art     : Starting a blocking GC Explicit
08-06 00:18:46.390 28713 28725 I art     : Explicit concurrent mark sweep GC freed 3(96B) AllocSpace objects, 0(0B) LOS objects, 30% free, 36MB/52MB, paused 484us total 47.283ms
08-06 00:18:46.409 28713 28725 I art     : Starting a blocking GC Explicit
08-06 00:18:46.456 28713 28725 I art     : Explicit concurrent mark sweep GC freed 3(96B) AllocSpace objects, 0(0B) LOS objects, 30% free, 36MB/52MB, paused 497us total 47.527ms
08-06 00:18:46.476 28713 28725 I art     : Starting a blocking GC Explicit
08-06 00:18:46.526 28713 28725 I art     : Explicit concurrent mark sweep GC freed 3(96B) AllocSpace objects, 0(0B) LOS objects, 30% free, 36MB/52MB, paused 541us total 49.766ms
08-06 00:18:46.880 28713 28724 I art     : Starting a blocking GC Explicit
08-06 00:18:46.928 28713 28724 I art     : Explicit concurrent mark sweep GC freed 1354(82KB) AllocSpace objects, 1(20KB) LOS objects, 30% free, 36MB/52MB, paused 531us total 48.034ms
08-06 00:18:46.948 28713 28724 I art     : Starting a blocking GC Explicit
08-06 00:18:46.993 28713 28724 I art     : Explicit concurrent mark sweep GC freed 20(704B) AllocSpace objects, 0(0B) LOS objects, 30% free, 36MB/52MB, paused 437us total 45.263ms
08-06 00:18:47.012 28713 28724 I art     : Starting a blocking GC Explicit
08-06 00:18:47.029 28602 28602 I Atfwd_Sendcmd: AtCmdFwd service not ready - Exhausted retry attempts - :6
08-06 00:18:47.029 28602 28602 I Atfwd_Daemon: result : -1 	 ,Init step :2 	 ,qmiErrorCode: 0
08-06 00:18:47.057 28713 28724 I art     : Explicit concurrent mark sweep GC freed 3(96B) AllocSpace objects, 0(0B) LOS objects, 30% free, 36MB/52MB, paused 465us total 44.696ms
08-06 00:18:47.075 28713 28724 I art     : Starting a blocking GC Explicit
08-06 00:18:47.121 28713 28724 I art     : Explicit concurrent mark sweep GC freed 3(96B) AllocSpace objects, 0(0B) LOS objects, 30% free, 36MB/52MB, paused 474us total 45.458ms
08-06 00:18:47.139 28713 28724 I art     : Starting a blocking GC Explicit
08-06 00:18:47.186 28713 28724 I art     : Explicit concurrent mark sweep GC freed 3(96B) AllocSpace objects, 0(0B) LOS objects, 30% free, 36MB/52MB, paused 477us total 45.978ms
08-06 00:18:47.509 31813 31813 D AndroidRuntime: >>>>>> START com.android.internal.os.RuntimeInit uid 2000 <<<<<<
08-06 00:18:47.516 31813 31813 D AndroidRuntime: CheckJNI is OFF
08-06 00:18:47.521 28713 28734 I art     : Starting a blocking GC Explicit
08-06 00:18:47.561 31813 31813 D ICU     : No timezone override file found: /data/misc/zoneinfo/current/icu/icu_tzdata.dat
08-06 00:18:47.569 28713 28734 I art     : Explicit concurrent mark sweep GC freed 1354(82KB) AllocSpace objects, 1(20KB) LOS objects, 30% free, 36MB/52MB, paused 491us total 47.530ms
08-06 00:18:47.588 28713 28734 I art     : Starting a blocking GC Explicit
08-06 00:18:47.608 31813 31813 I Radio-JNI: register_android_hardware_Radio DONE
08-06 00:18:47.637 28713 28734 I art     : Explicit concurrent mark sweep GC freed 20(704B) AllocSpace objects, 0(0B) LOS objects, 30% free, 36MB/52MB, paused 541us total 48.745ms
08-06 00:18:47.637 31813 31813 D AndroidRuntime: Calling main entry com.android.commands.input.Input
08-06 00:18:47.639 31813 31813 I Input   : injectMotionEvent: MotionEvent { action=ACTION_DOWN, actionButton=0, id[0]=0, x[0]=600.0, y[0]=938.0, toolType[0]=TOOL_TYPE_UNKNOWN, buttonState=0, metaState=0, flags=0x0, edgeFlags=0x0, pointerCount=1, historySize=0, eventTime=836344051, downTime=836344051, deviceId=0, source=0x1002 }
08-06 00:18:47.646 31813 31813 I Input   : injectMotionEvent: MotionEvent { action=ACTION_UP, actionButton=0, id[0]=0, x[0]=600.0, y[0]=938.0, toolType[0]=TOOL_TYPE_UNKNOWN, buttonState=0, metaState=0, flags=0x0, edgeFlags=0x0, pointerCount=1, historySize=0, eventTime=836344051, downTime=836344051, deviceId=0, source=0x1002 }
08-06 00:18:47.649 31813 31813 D AndroidRuntime: Shutting down VM
08-06 00:18:47.655 28713 28734 I art     : Starting a blocking GC Explicit
08-06 00:18:47.670   512  2967 D audio_hw_primary: out_set_parameters: enter: usecase(1: low-latency-playback) kvpairs: routing=2
08-06 00:18:47.671   918  6111 I ActivityManager: START u0 {dat=https://gfycat.com/... cmp=baseline.org.quantumbadger.redreader/.activities.ImageViewActivity (has extras)} from uid 10705 on display 0
08-06 00:18:47.683   512  2967 D audio_hw_primary: select_devices: out_snd_device(2: speaker) in_snd_device(0: none)
08-06 00:18:47.683   512  2967 D msm8974_platform: platform_send_audio_calibration: sending audio calibration for snd_device(2) acdb_id(15)
08-06 00:18:47.683   512  2967 I soundtrigger: audio_extn_sound_trigger_update_device_status: device 0x2 of type 0 for Event 1
08-06 00:18:47.694 28713 28713 I ImageViewActivity: Loading URL https://gfycat.com/deadlygravecavy
08-06 00:18:47.696   512  2967 D audio_hw_primary: enable_snd_device: snd_device(2: speaker)
08-06 00:18:47.699   512  2967 D audio_hw_primary: enable_audio_route: apply and update mixer path: low-latency-playback speaker
08-06 00:18:47.705 28713 29300 I ImageViewActivity: Got image URL: https://giant.gfycat.com/DeadlyGraveCavy.mp4
08-06 00:18:47.705 28713 29300 I ImageViewActivity: Got image Type: video/mp4
08-06 00:18:47.705 28713 29300 I ImageViewActivity: Got media Type: VIDEO
08-06 00:18:47.705 28713 29300 I ImageViewActivity: Media type VIDEO detected
08-06 00:18:47.706 28713 29300 I ImageViewActivity: Proceeding with download
08-06 00:18:47.706 28713 28734 I art     : Explicit concurrent mark sweep GC freed 1507(75KB) AllocSpace objects, 0(0B) LOS objects, 30% free, 37MB/53MB, paused 1.738ms total 50.425ms
08-06 00:18:47.711 28713 31838 D OK      : calling: https://giant.gfycat.com/DeadlyGraveCavy.mp4
08-06 00:18:47.726 28713 28734 I art     : Starting a blocking GC Explicit
08-06 00:18:47.765 13866 13866 I GoogleInputMethodServic: GoogleInputMethodService.onFinishInput():3138 
08-06 00:18:47.765 13866 13866 I GoogleInputMethodServic: GoogleInputMethodService.onStartInput():1808 
08-06 00:18:47.766 28713 28734 I art     : Explicit concurrent mark sweep GC freed 1098(116KB) AllocSpace objects, 0(0B) LOS objects, 30% free, 36MB/52MB, paused 675us total 40.682ms
08-06 00:18:47.787 28713 28734 I art     : Starting a blocking GC Explicit
08-06 00:18:47.793   918   936 I ActivityManager: Displayed baseline.org.quantumbadger.redreader/.activities.ImageViewActivity: +113ms
08-06 00:18:47.831 28713 28734 I art     : Explicit concurrent mark sweep GC freed 220(11KB) AllocSpace objects, 0(0B) LOS objects, 30% free, 36MB/52MB, paused 492us total 44.157ms
08-06 00:18:48.043 28713 31838 I NAPPA_EXPERIMENTATION: MetricNetworkRequestExecutionTime: REQUEST_DURATION_SYSTEM='332',REQUEST_DURATION_OKHTTP='149',REQUEST_SYNCHRONOUS='TRUE',RESPONSE_CODE='200',RESPONSE_METHOD='GET',RESPONSE_LENGTH_OKHTTP='1942309',RESPONSE_LENGTH_HEADER='1942309',REQUEST_PROTOCOL='h2',REQUEST_URL='https://giant.gfycat.com/DeadlyGraveCavy.mp4',
08-06 00:18:48.044 28713 31838 D OK      : request got status: 200
08-06 00:18:48.044   380   380 W SurfaceFlinger: couldn't log to binary event log: overflow.
08-06 00:18:48.132 28713 28725 I art     : Starting a blocking GC Explicit
08-06 00:18:48.175 28713 28725 I art     : Explicit concurrent mark sweep GC freed 3905(201KB) AllocSpace objects, 1(20KB) LOS objects, 30% free, 37MB/53MB, paused 547us total 43.035ms
08-06 00:18:48.198 28713 28725 I art     : Starting a blocking GC Explicit
08-06 00:18:48.229   512  2967 D audio_hw_primary: disable_audio_route: reset and update mixer path: low-latency-playback speaker
08-06 00:18:48.230   512  2967 D audio_hw_primary: disable_snd_device: snd_device(2: speaker)
08-06 00:18:48.238   512  2967 I soundtrigger: audio_extn_sound_trigger_update_device_status: device 0x2 of type 0 for Event 0
08-06 00:18:48.243 28713 28725 I art     : Explicit concurrent mark sweep GC freed 491(27KB) AllocSpace objects, 0(0B) LOS objects, 29% free, 37MB/53MB, paused 591us total 44.558ms
08-06 00:18:48.261 28713 28725 I art     : Starting a blocking GC Explicit
08-06 00:18:48.302 28713 28725 I art     : Explicit concurrent mark sweep GC freed 413(25KB) AllocSpace objects, 0(0B) LOS objects, 29% free, 38MB/54MB, paused 506us total 40.991ms
08-06 00:18:48.319 28713 28725 I art     : Starting a blocking GC Explicit
08-06 00:18:48.362 28713 28725 I art     : Explicit concurrent mark sweep GC freed 332(594KB) AllocSpace objects, 0(0B) LOS objects, 29% free, 37MB/53MB, paused 565us total 42.851ms
08-06 00:18:48.381 28713 28725 I art     : Starting a blocking GC Explicit
08-06 00:18:48.426 28713 28725 I art     : Explicit concurrent mark sweep GC freed 425(505KB) AllocSpace objects, 1(68KB) LOS objects, 30% free, 37MB/53MB, paused 539us total 44.939ms
08-06 00:18:48.448 28713 28713 I ImageViewActivity: Playing video using ExoPlayer
08-06 00:18:48.516 28713 28713 I ExoPlayerImpl: Init f2acb53 [ExoPlayerLib/2.10.8] [angler, Nexus 6P, Huawei, 23]
08-06 00:18:48.687 28713 31852 W VideoCapabilities: Unrecognized profile 2130706433 for video/avc
08-06 00:18:48.720 28713 31852 I VideoCapabilities: Unsupported profile 4 for video/mp4v-es
08-06 00:18:48.748 28713 31865 I OMXClient: Using client-side OMX mux.
08-06 00:18:48.761 28713 28725 I art     : Starting a blocking GC Explicit
08-06 00:18:48.812 28713 28725 I art     : Explicit concurrent mark sweep GC freed 10596(796KB) AllocSpace objects, 6(256KB) LOS objects, 28% free, 39MB/55MB, paused 535us total 50.905ms
08-06 00:18:48.830 28713 28725 I art     : Starting a blocking GC Explicit
08-06 00:18:48.836   512 12838 I OMX-VDEC-1080P: component_init: OMX.qcom.video.decoder.avc : fd=49
08-06 00:18:48.836   512 12838 I OMX-VDEC-1080P: Capabilities: driver_name = msm_vidc_driver, card = msm_vdec_8974, bus_info = , version = 1, capabilities = 4003000
08-06 00:18:48.842   512 12838 I OMX-VDEC-1080P: Enabling default extradata for OMX.qcom.video.decoder.avc
08-06 00:18:48.845   512 12838 I OMX-VDEC-1080P: omx_vdec::component_init() success : fd=49
08-06 00:18:48.848 28713 31864 I MediaCodec: [OMX.qcom.video.decoder.avc] setting surface generation to 29402113
08-06 00:18:48.850   512  3660 E OMX-VDEC-1080P: Extension: OMX.google.android.index.storeANWBufferInMetadata not implemented
08-06 00:18:48.879 28713 28725 I art     : Explicit concurrent mark sweep GC freed 460(19KB) AllocSpace objects, 0(0B) LOS objects, 28% free, 39MB/55MB, paused 576us total 48.831ms
08-06 00:18:48.882 28713 31865 D SurfaceUtils: set up nativeWindow 0x7f7f7d2010 for 360x306, color 0x7fa30c04, rotation 0, usage 0x42002900
08-06 00:18:48.899 28713 28725 I art     : Starting a blocking GC Explicit
08-06 00:18:48.915 28713 31865 D SurfaceUtils: set up nativeWindow 0x7f7f7d2010 for 368x320, color 0x7fa30c04, rotation 0, usage 0x42002900
08-06 00:18:48.947 28713 28725 I art     : Explicit concurrent mark sweep GC freed 162(43KB) AllocSpace objects, 0(0B) LOS objects, 28% free, 40MB/56MB, paused 805us total 47.563ms
08-06 00:18:48.966 28713 28725 I art     : Starting a blocking GC Explicit
08-06 00:18:49.014 28713 28725 I art     : Explicit concurrent mark sweep GC freed 138(14KB) AllocSpace objects, 1(68KB) LOS objects, 28% free, 40MB/56MB, paused 535us total 46.779ms
08-06 00:18:49.032 28713 28725 I art     : Starting a blocking GC Explicit
08-06 00:18:49.080 28713 28725 I art     : Explicit concurrent mark sweep GC freed 27(960B) AllocSpace objects, 0(0B) LOS objects, 28% free, 40MB/56MB, paused 493us total 48.172ms
08-06 00:18:49.422 28713 28734 I art     : Starting a blocking GC Explicit
08-06 00:18:49.475 28713 28734 I art     : Explicit concurrent mark sweep GC freed 1482(87KB) AllocSpace objects, 1(20KB) LOS objects, 28% free, 40MB/56MB, paused 585us total 52.967ms
08-06 00:18:49.496 28713 28734 I art     : Starting a blocking GC Explicit
08-06 00:18:49.548 28713 28734 I art     : Explicit concurrent mark sweep GC freed 48(1744B) AllocSpace objects, 0(0B) LOS objects, 28% free, 40MB/56MB, paused 549us total 51.923ms
08-06 00:18:49.567 28713 28734 I art     : Starting a blocking GC Explicit
08-06 00:18:49.618 28713 28734 I art     : Explicit concurrent mark sweep GC freed 25(928B) AllocSpace objects, 0(0B) LOS objects, 28% free, 40MB/56MB, paused 525us total 50.099ms
08-06 00:18:49.637 28713 28734 I art     : Starting a blocking GC Explicit
08-06 00:18:49.689 28713 28734 I art     : Explicit concurrent mark sweep GC freed 26(992B) AllocSpace objects, 0(0B) LOS objects, 28% free, 40MB/56MB, paused 601us total 51.980ms
08-06 00:18:49.708 28713 28734 I art     : Starting a blocking GC Explicit
08-06 00:18:49.761 28713 28734 I art     : Explicit concurrent mark sweep GC freed 23(832B) AllocSpace objects, 0(0B) LOS objects, 28% free, 40MB/56MB, paused 524us total 52.051ms
08-06 00:18:50.118 28713 28725 I art     : Starting a blocking GC Explicit
08-06 00:18:50.171 28713 28725 I art     : Explicit concurrent mark sweep GC freed 1492(87KB) AllocSpace objects, 1(20KB) LOS objects, 28% free, 40MB/56MB, paused 581us total 52.254ms
08-06 00:18:50.190 28713 28725 I art     : Starting a blocking GC Explicit
08-06 00:18:50.242 28713 28725 I art     : Explicit concurrent mark sweep GC freed 42(1536B) AllocSpace objects, 0(0B) LOS objects, 28% free, 40MB/56MB, paused 537us total 51.409ms
08-06 00:18:50.262 28713 28725 I art     : Starting a blocking GC Explicit
08-06 00:18:50.315 28713 28725 I art     : Explicit concurrent mark sweep GC freed 25(928B) AllocSpace objects, 0(0B) LOS objects, 28% free, 40MB/56MB, paused 530us total 52.206ms
08-06 00:18:50.334 28713 28725 I art     : Starting a blocking GC Explicit
08-06 00:18:50.386 28713 28725 I art     : Explicit concurrent mark sweep GC freed 25(928B) AllocSpace objects, 0(0B) LOS objects, 28% free, 40MB/56MB, paused 584us total 51.332ms
08-06 00:18:50.405 28713 28725 I art     : Starting a blocking GC Explicit
08-06 00:18:50.458 28713 28725 I art     : Explicit concurrent mark sweep GC freed 31(1136B) AllocSpace objects, 0(0B) LOS objects, 28% free, 40MB/56MB, paused 619us total 52.542ms
08-06 00:18:50.819 28713 30847 I art     : Starting a blocking GC Explicit
08-06 00:18:50.872 28713 30847 I art     : Explicit concurrent mark sweep GC freed 1493(88KB) AllocSpace objects, 1(20KB) LOS objects, 28% free, 40MB/56MB, paused 552us total 52.271ms
08-06 00:18:50.891 28713 30847 I art     : Starting a blocking GC Explicit
08-06 00:18:50.943 28713 30847 I art     : Explicit concurrent mark sweep GC freed 42(1536B) AllocSpace objects, 0(0B) LOS objects, 28% free, 40MB/56MB, paused 572us total 51.889ms
08-06 00:18:50.963 28713 30847 I art     : Starting a blocking GC Explicit
08-06 00:18:51.014 28713 30847 I art     : Explicit concurrent mark sweep GC freed 25(928B) AllocSpace objects, 0(0B) LOS objects, 28% free, 40MB/56MB, paused 513us total 50.991ms
08-06 00:18:51.033 28713 30847 I art     : Starting a blocking GC Explicit
08-06 00:18:51.085 28713 30847 I art     : Explicit concurrent mark sweep GC freed 25(928B) AllocSpace objects, 0(0B) LOS objects, 28% free, 40MB/56MB, paused 526us total 52.136ms
08-06 00:18:51.105 28713 30847 I art     : Starting a blocking GC Explicit
08-06 00:18:51.157 28713 30847 I art     : Explicit concurrent mark sweep GC freed 32(1200B) AllocSpace objects, 0(0B) LOS objects, 28% free, 40MB/56MB, paused 519us total 51.838ms
08-06 00:18:51.521 28713 30847 I art     : Starting a blocking GC Explicit
08-06 00:18:51.577 28713 30847 I art     : Explicit concurrent mark sweep GC freed 1491(88KB) AllocSpace objects, 1(20KB) LOS objects, 28% free, 40MB/56MB, paused 571us total 55.649ms
08-06 00:18:51.596 28713 30847 I art     : Starting a blocking GC Explicit
08-06 00:18:51.647 28713 30847 I art     : Explicit concurrent mark sweep GC freed 43(1584B) AllocSpace objects, 0(0B) LOS objects, 28% free, 40MB/56MB, paused 573us total 50.142ms
08-06 00:18:51.666 28713 30847 I art     : Starting a blocking GC Explicit
08-06 00:18:51.720 28713 30847 I art     : Explicit concurrent mark sweep GC freed 31(1136B) AllocSpace objects, 0(0B) LOS objects, 28% free, 40MB/56MB, paused 524us total 53.557ms
08-06 00:18:51.739 28713 30847 I art     : Starting a blocking GC Explicit
08-06 00:18:51.790 28713 30847 I art     : Explicit concurrent mark sweep GC freed 25(928B) AllocSpace objects, 0(0B) LOS objects, 28% free, 40MB/56MB, paused 570us total 50.770ms
08-06 00:18:51.809 28713 30847 I art     : Starting a blocking GC Explicit
08-06 00:18:51.862 28713 30847 I art     : Explicit concurrent mark sweep GC freed 26(992B) AllocSpace objects, 0(0B) LOS objects, 28% free, 40MB/56MB, paused 512us total 52.462ms
08-06 00:18:52.223 28713 29069 I art     : Starting a blocking GC Explicit
08-06 00:18:52.272 28713 29069 I art     : Explicit concurrent mark sweep GC freed 1498(88KB) AllocSpace objects, 1(20KB) LOS objects, 28% free, 40MB/56MB, paused 501us total 49.114ms
08-06 00:18:52.291 28713 29069 I art     : Starting a blocking GC Explicit
08-06 00:18:52.339 28713 29069 I art     : Explicit concurrent mark sweep GC freed 38(1424B) AllocSpace objects, 0(0B) LOS objects, 28% free, 40MB/56MB, paused 555us total 48.281ms
08-06 00:18:52.359 28713 29069 I art     : Starting a blocking GC Explicit
08-06 00:18:52.409 28713 29069 I art     : Explicit concurrent mark sweep GC freed 25(928B) AllocSpace objects, 0(0B) LOS objects, 28% free, 40MB/56MB, paused 566us total 50.250ms
08-06 00:18:52.429 28713 29069 I art     : Starting a blocking GC Explicit
08-06 00:18:52.482 28713 29069 I art     : Explicit concurrent mark sweep GC freed 25(928B) AllocSpace objects, 0(0B) LOS objects, 28% free, 40MB/56MB, paused 575us total 52.497ms
08-06 00:18:52.502 28713 29069 I art     : Starting a blocking GC Explicit
08-06 00:18:52.554 28713 29069 I art     : Explicit concurrent mark sweep GC freed 31(1136B) AllocSpace objects, 0(0B) LOS objects, 28% free, 40MB/56MB, paused 573us total 51.065ms
08-06 00:18:52.680 28713 31837 I RedditChangeDataIO: Writing tmp data file at '/data/user/0/baseline.org.quantumbadger.redreader/files/rr_change_data_tmp.dat'
08-06 00:18:52.682 28713 31837 I RedditChangeDataManager: Taking snapshot...
08-06 00:18:52.682 28713 31837 I RedditChangeDataManager: Writing to stream...
08-06 00:18:52.682 28713 31837 I RedditChangeDataManager: Wrote 6 entries for user ''
08-06 00:18:52.683 28713 31837 I RedditChangeDataManager: All entries written to stream.
08-06 00:18:52.683 28713 31837 I RedditChangeDataIO: Write successful. Atomically replacing data file...
08-06 00:18:52.684 28713 31837 I RedditChangeDataIO: Write complete.
08-06 00:18:52.684 28713 31837 I RedditChangeDataIO: 158 bytes written in 4 ms
08-06 00:18:52.913 28713 29069 I art     : Starting a blocking GC Explicit
08-06 00:18:52.966 28713 29069 I art     : Explicit concurrent mark sweep GC freed 1579(93KB) AllocSpace objects, 2(88KB) LOS objects, 28% free, 40MB/56MB, paused 571us total 52.400ms
08-06 00:18:52.985 28713 29069 I art     : Starting a blocking GC Explicit
08-06 00:18:53.035 28713 29069 I art     : Explicit concurrent mark sweep GC freed 45(1632B) AllocSpace objects, 0(0B) LOS objects, 28% free, 40MB/56MB, paused 515us total 49.777ms
08-06 00:18:53.054 28713 29069 I art     : Starting a blocking GC Explicit
08-06 00:18:53.104 28713 29069 I art     : Explicit concurrent mark sweep GC freed 26(976B) AllocSpace objects, 0(0B) LOS objects, 28% free, 40MB/56MB, paused 507us total 48.960ms
08-06 00:18:53.122 28713 29069 I art     : Starting a blocking GC Explicit
08-06 00:18:53.173 28713 29069 I art     : Explicit concurrent mark sweep GC freed 25(928B) AllocSpace objects, 0(0B) LOS objects, 28% free, 40MB/56MB, paused 525us total 50.300ms
08-06 00:18:53.192 28713 29069 I art     : Starting a blocking GC Explicit
08-06 00:18:53.242 28713 29069 I art     : Explicit concurrent mark sweep GC freed 32(1200B) AllocSpace objects, 0(0B) LOS objects, 28% free, 40MB/56MB, paused 496us total 50.461ms
08-06 00:18:53.617 28713 28725 I art     : Starting a blocking GC Explicit
08-06 00:18:53.673 28713 28725 I art     : Explicit concurrent mark sweep GC freed 1677(119KB) AllocSpace objects, 1(20KB) LOS objects, 28% free, 40MB/56MB, paused 528us total 55.059ms
08-06 00:18:53.692 28713 28725 I art     : Starting a blocking GC Explicit
08-06 00:18:53.743 28713 28725 I art     : Explicit concurrent mark sweep GC freed 113(3KB) AllocSpace objects, 0(0B) LOS objects, 28% free, 40MB/56MB, paused 590us total 51.226ms
08-06 00:18:53.762 28713 28725 I art     : Starting a blocking GC Explicit
08-06 00:18:53.813 28713 28725 I art     : Explicit concurrent mark sweep GC freed 26(992B) AllocSpace objects, 0(0B) LOS objects, 28% free, 40MB/56MB, paused 537us total 50.062ms
08-06 00:18:53.832 28713 28725 I art     : Starting a blocking GC Explicit
08-06 00:18:53.885 28713 28725 I art     : Explicit concurrent mark sweep GC freed 25(928B) AllocSpace objects, 0(0B) LOS objects, 28% free, 40MB/56MB, paused 503us total 52.004ms
08-06 00:18:53.904 28713 28725 I art     : Starting a blocking GC Explicit
08-06 00:18:53.951 28713 28725 I art     : Explicit concurrent mark sweep GC freed 29(1040B) AllocSpace objects, 0(0B) LOS objects, 28% free, 40MB/56MB, paused 463us total 46.827ms
08-06 00:18:54.292 28713 28724 I art     : Starting a blocking GC Explicit
08-06 00:18:54.342 28713 28724 I art     : Explicit concurrent mark sweep GC freed 1482(87KB) AllocSpace objects, 1(20KB) LOS objects, 28% free, 40MB/56MB, paused 536us total 49.677ms
08-06 00:18:54.360 28713 28724 I art     : Starting a blocking GC Explicit
08-06 00:18:54.410 28713 28724 I art     : Explicit concurrent mark sweep GC freed 35(1328B) AllocSpace objects, 0(0B) LOS objects, 28% free, 40MB/56MB, paused 540us total 49.337ms
08-06 00:18:54.429 28713 28724 I art     : Starting a blocking GC Explicit
08-06 00:18:54.447 31944 31944 D AndroidRuntime: >>>>>> START com.android.internal.os.RuntimeInit uid 2000 <<<<<<
08-06 00:18:54.453 31944 31944 D AndroidRuntime: CheckJNI is OFF
08-06 00:18:54.479 28713 28724 I art     : Explicit concurrent mark sweep GC freed 33(1248B) AllocSpace objects, 0(0B) LOS objects, 28% free, 40MB/56MB, paused 529us total 50.089ms
08-06 00:18:54.498 28713 28724 I art     : Starting a blocking GC Explicit
08-06 00:18:54.500 31944 31944 D ICU     : No timezone override file found: /data/misc/zoneinfo/current/icu/icu_tzdata.dat
08-06 00:18:54.543 31944 31944 I Radio-JNI: register_android_hardware_Radio DONE
08-06 00:18:54.548 28713 28724 I art     : Explicit concurrent mark sweep GC freed 25(928B) AllocSpace objects, 0(0B) LOS objects, 28% free, 40MB/56MB, paused 716us total 49.761ms
08-06 00:18:54.566 28713 28724 I art     : Starting a blocking GC Explicit
08-06 00:18:54.573 31944 31944 D AndroidRuntime: Calling main entry com.android.commands.input.Input
08-06 00:18:54.575 31944 31944 I Input   : injectKeyEvent: KeyEvent { action=ACTION_DOWN, keyCode=KEYCODE_BACK, scanCode=0, metaState=0, flags=0x0, repeatCount=0, eventTime=836350988, downTime=836350988, deviceId=-1, source=0x101 }
08-06 00:18:54.582 31944 31944 I Input   : injectKeyEvent: KeyEvent { action=ACTION_UP, keyCode=KEYCODE_BACK, scanCode=0, metaState=0, flags=0x0, repeatCount=0, eventTime=836350988, downTime=836350988, deviceId=-1, source=0x101 }
08-06 00:18:54.588 31944 31944 D AndroidRuntime: Shutting down VM
08-06 00:18:54.614 28713 28724 I art     : Explicit concurrent mark sweep GC freed 151(5KB) AllocSpace objects, 0(0B) LOS objects, 28% free, 40MB/56MB, paused 557us total 47.544ms
08-06 00:18:54.649 13866 13866 I GoogleInputMethodServic: GoogleInputMethodService.onFinishInput():3138 
08-06 00:18:54.650 13866 13866 I GoogleInputMethodServic: GoogleInputMethodService.onStartInput():1808 
08-06 00:18:54.713 28713 31864 I MediaCodec: [OMX.qcom.video.decoder.avc] setting surface generation to 29402114
08-06 00:18:54.714 28713 31865 D SurfaceUtils: set up nativeWindow 0x7f7f7d5810 for 368x320, color 0x7fa30c04, rotation 0, usage 0x42002900
08-06 00:18:54.926 28713 28734 I art     : Starting a blocking GC Explicit
08-06 00:18:54.944 28713 28713 I ExoPlayerImpl: Release f2acb53 [ExoPlayerLib/2.10.8] [angler, Nexus 6P, Huawei, 23] [goog.exo.core, goog.exo.ui]
08-06 00:18:54.951   380   380 W SurfaceFlinger: couldn't log to binary event log: overflow.
08-06 00:18:54.959   512 15071 I OMX-VDEC-1080P: omx_vdec::component_deinit() complete
08-06 00:18:54.961   512 15071 I OMX-VDEC-1080P: Exit OMX vdec Destructor: fd=49
08-06 00:18:54.971 28713 28734 I art     : Explicit concurrent mark sweep GC freed 1678(96KB) AllocSpace objects, 1(20KB) LOS objects, 28% free, 40MB/56MB, paused 497us total 44.821ms
08-06 00:18:54.989 28713 28734 I art     : Starting a blocking GC Explicit
08-06 00:18:55.035 28713 28734 I art     : Explicit concurrent mark sweep GC freed 374(99KB) AllocSpace objects, 35(2MB) LOS objects, 29% free, 37MB/53MB, paused 465us total 45.090ms
08-06 00:18:55.053 28713 28734 I art     : Starting a blocking GC Explicit
08-06 00:18:55.097 28713 28734 I art     : Explicit concurrent mark sweep GC freed 2891(161KB) AllocSpace objects, 4(200KB) LOS objects, 29% free, 37MB/53MB, paused 468us total 44.381ms
08-06 00:18:55.115 28713 28734 I art     : Starting a blocking GC Explicit
08-06 00:18:55.159 28713 28734 I art     : Explicit concurrent mark sweep GC freed 3(96B) AllocSpace objects, 0(0B) LOS objects, 29% free, 37MB/53MB, paused 467us total 43.705ms
08-06 00:18:55.177 28713 28734 I art     : Starting a blocking GC Explicit
08-06 00:18:55.222 28713 28734 I art     : Explicit concurrent mark sweep GC freed 3(96B) AllocSpace objects, 0(0B) LOS objects, 29% free, 37MB/53MB, paused 464us total 44.836ms
08-06 00:18:55.549 28713 29069 I art     : Starting a blocking GC Explicit
08-06 00:18:55.610 28713 29069 I art     : Explicit concurrent mark sweep GC freed 1354(82KB) AllocSpace objects, 1(20KB) LOS objects, 29% free, 37MB/53MB, paused 582us total 60.240ms
08-06 00:18:55.632 28713 29069 I art     : Starting a blocking GC Explicit
08-06 00:18:55.682 28713 29069 I art     : Explicit concurrent mark sweep GC freed 20(704B) AllocSpace objects, 0(0B) LOS objects, 29% free, 37MB/53MB, paused 497us total 49.808ms
08-06 00:18:55.701 28713 29069 I art     : Starting a blocking GC Explicit
08-06 00:18:55.751 28713 29069 I art     : Explicit concurrent mark sweep GC freed 3(96B) AllocSpace objects, 0(0B) LOS objects, 29% free, 37MB/53MB, paused 547us total 50.078ms
08-06 00:18:55.776 28713 29069 I art     : Starting a blocking GC Explicit
08-06 00:18:55.824 28713 29069 I art     : Explicit concurrent mark sweep GC freed 3(96B) AllocSpace objects, 0(0B) LOS objects, 29% free, 37MB/53MB, paused 450us total 47.709ms
08-06 00:18:55.843 28713 29069 I art     : Starting a blocking GC Explicit
08-06 00:18:55.887 28713 29069 I art     : Explicit concurrent mark sweep GC freed 3(96B) AllocSpace objects, 0(0B) LOS objects, 29% free, 37MB/53MB, paused 581us total 44.143ms
08-06 00:18:55.888 28713 28723 I art     : WaitForGcToComplete blocked for 15.676ms for cause HeapTrim
08-06 00:18:56.222 28713 28725 I art     : Starting a blocking GC Explicit
08-06 00:18:56.284 28713 28725 I art     : Explicit concurrent mark sweep GC freed 1354(82KB) AllocSpace objects, 1(20KB) LOS objects, 29% free, 37MB/53MB, paused 597us total 61.122ms
08-06 00:18:56.308 28713 28725 I art     : Starting a blocking GC Explicit
08-06 00:18:56.357 28713 28725 I art     : Explicit concurrent mark sweep GC freed 20(704B) AllocSpace objects, 0(0B) LOS objects, 29% free, 37MB/53MB, paused 599us total 49.190ms
08-06 00:18:56.368 31990 31990 D AndroidRuntime: >>>>>> START com.android.internal.os.RuntimeInit uid 2000 <<<<<<
08-06 00:18:56.375 31990 31990 D AndroidRuntime: CheckJNI is OFF
08-06 00:18:56.378 28713 28725 I art     : Starting a blocking GC Explicit
08-06 00:18:56.419 31990 31990 D ICU     : No timezone override file found: /data/misc/zoneinfo/current/icu/icu_tzdata.dat
08-06 00:18:56.428 28713 28725 I art     : Explicit concurrent mark sweep GC freed 3(96B) AllocSpace objects, 0(0B) LOS objects, 29% free, 37MB/53MB, paused 564us total 50.149ms
08-06 00:18:56.447 28713 28725 I art     : Starting a blocking GC Explicit
08-06 00:18:56.466 31990 31990 I Radio-JNI: register_android_hardware_Radio DONE
08-06 00:18:56.495 31990 31990 D AndroidRuntime: Calling main entry com.android.commands.input.Input
08-06 00:18:56.496 28713 28725 I art     : Explicit concurrent mark sweep GC freed 3(96B) AllocSpace objects, 0(0B) LOS objects, 29% free, 37MB/53MB, paused 541us total 49.462ms
08-06 00:18:56.497 31990 31990 I Input   : injectMotionEvent: MotionEvent { action=ACTION_DOWN, actionButton=0, id[0]=0, x[0]=1340.0, y[0]=1100.0, toolType[0]=TOOL_TYPE_UNKNOWN, buttonState=0, metaState=0, flags=0x0, edgeFlags=0x0, pointerCount=1, historySize=0, eventTime=836352909, downTime=836352909, deviceId=0, source=0x1002 }
08-06 00:18:56.505 31990 31990 I Input   : injectMotionEvent: MotionEvent { action=ACTION_UP, actionButton=0, id[0]=0, x[0]=1340.0, y[0]=1100.0, toolType[0]=TOOL_TYPE_UNKNOWN, buttonState=0, metaState=0, flags=0x0, edgeFlags=0x0, pointerCount=1, historySize=0, eventTime=836352909, downTime=836352909, deviceId=0, source=0x1002 }
08-06 00:18:56.508 31990 31990 D AndroidRuntime: Shutting down VM
08-06 00:18:56.517 28713 28725 I art     : Starting a blocking GC Explicit
08-06 00:18:56.528   918  5952 I ActivityManager: START u0 {dat=https://oauth.reddit.com/... cmp=baseline.org.quantumbadger.redreader/.activities.CommentListingActivity} from uid 10705 on display 0
08-06 00:18:56.529   512  2967 D audio_hw_primary: out_set_parameters: enter: usecase(1: low-latency-playback) kvpairs: routing=2
08-06 00:18:56.542   512  2967 D audio_hw_primary: select_devices: out_snd_device(2: speaker) in_snd_device(0: none)
08-06 00:18:56.542   512  2967 D msm8974_platform: platform_send_audio_calibration: sending audio calibration for snd_device(2) acdb_id(15)
08-06 00:18:56.542   512  2967 I soundtrigger: audio_extn_sound_trigger_update_device_status: device 0x2 of type 0 for Event 1
08-06 00:18:56.552   512  2967 D audio_hw_primary: enable_snd_device: snd_device(2: speaker)
08-06 00:18:56.555 28713 28713 I AppCompatViewInflater: app:theme is now deprecated. Please move to using android:theme instead.
08-06 00:18:56.555   512  2967 D audio_hw_primary: enable_audio_route: apply and update mixer path: low-latency-playback speaker
08-06 00:18:56.568 28713 28725 I art     : Explicit concurrent mark sweep GC freed 1278(57KB) AllocSpace objects, 0(0B) LOS objects, 29% free, 37MB/53MB, paused 966us total 51.004ms
08-06 00:18:56.577 28713 29300 I CommentListingActivity: COMMENTS session changed to c8784454-31d1-4a95-a621-5c33220891a3
08-06 00:18:56.652   918   936 I ActivityManager: Displayed baseline.org.quantumbadger.redreader/.activities.CommentListingActivity: +115ms
08-06 00:18:56.658 13866 13866 I GoogleInputMethodServic: GoogleInputMethodService.onFinishInput():3138 
08-06 00:18:56.658 13866 13866 I GoogleInputMethodServic: GoogleInputMethodService.onStartInput():1808 
08-06 00:18:56.888 28713 28725 I art     : Starting a blocking GC Explicit
08-06 00:18:56.904   380   380 W SurfaceFlinger: couldn't log to binary event log: overflow.
08-06 00:18:56.957 28713 28725 I art     : Explicit concurrent mark sweep GC freed 42979(2MB) AllocSpace objects, 1(20KB) LOS objects, 28% free, 39MB/55MB, paused 500us total 68.981ms
08-06 00:18:56.977 28713 28725 I art     : Starting a blocking GC Explicit
08-06 00:18:57.029 28602 28602 I ServiceManager: Waiting for service AtCmdFwd...
08-06 00:18:57.036 28713 28725 I art     : Explicit concurrent mark sweep GC freed 477(23KB) AllocSpace objects, 0(0B) LOS objects, 28% free, 39MB/55MB, paused 620us total 58.571ms
08-06 00:18:57.057 28713 28725 I art     : Starting a blocking GC Explicit
08-06 00:18:57.089   512  2967 D audio_hw_primary: disable_audio_route: reset and update mixer path: low-latency-playback speaker
08-06 00:18:57.090   512  2967 D audio_hw_primary: disable_snd_device: snd_device(2: speaker)
08-06 00:18:57.097   512  2967 I soundtrigger: audio_extn_sound_trigger_update_device_status: device 0x2 of type 0 for Event 0
08-06 00:18:57.115 28713 28725 I art     : Explicit concurrent mark sweep GC freed 41(1312B) AllocSpace objects, 0(0B) LOS objects, 28% free, 39MB/55MB, paused 470us total 58.167ms
08-06 00:18:57.135 28713 28725 I art     : Starting a blocking GC Explicit
08-06 00:18:57.194 28713 28725 I art     : Explicit concurrent mark sweep GC freed 3(96B) AllocSpace objects, 0(0B) LOS objects, 28% free, 39MB/55MB, paused 448us total 59.155ms
08-06 00:18:57.216 28713 28725 I art     : Starting a blocking GC Explicit
08-06 00:18:57.275 28713 28725 I art     : Explicit concurrent mark sweep GC freed 3(96B) AllocSpace objects, 0(0B) LOS objects, 28% free, 39MB/55MB, paused 438us total 59.454ms
08-06 00:18:57.632 28713 28724 I art     : Starting a blocking GC Explicit
08-06 00:18:57.698 28713 28724 I art     : Explicit concurrent mark sweep GC freed 1354(82KB) AllocSpace objects, 1(20KB) LOS objects, 28% free, 39MB/55MB, paused 601us total 66.493ms
08-06 00:18:57.721 28713 28724 I art     : Starting a blocking GC Explicit
08-06 00:18:57.786 28713 28724 I art     : Explicit concurrent mark sweep GC freed 66(2528B) AllocSpace objects, 0(0B) LOS objects, 28% free, 39MB/55MB, paused 505us total 65.079ms
08-06 00:18:57.808 28713 28724 I art     : Starting a blocking GC Explicit
08-06 00:18:57.872 28713 28724 I art     : Explicit concurrent mark sweep GC freed 3(96B) AllocSpace objects, 0(0B) LOS objects, 28% free, 39MB/55MB, paused 499us total 64.556ms
08-06 00:18:57.894 28713 28724 I art     : Starting a blocking GC Explicit
08-06 00:18:57.965 28713 28724 I art     : Explicit concurrent mark sweep GC freed 3(96B) AllocSpace objects, 0(0B) LOS objects, 28% free, 39MB/55MB, paused 531us total 71.117ms
08-06 00:18:57.988 28713 28724 I art     : Starting a blocking GC Explicit
08-06 00:18:58.030 28602 28602 I ServiceManager: Waiting for service AtCmdFwd...
08-06 00:18:58.053 28713 28724 I art     : Explicit concurrent mark sweep GC freed 3(96B) AllocSpace objects, 0(0B) LOS objects, 28% free, 39MB/55MB, paused 505us total 65.004ms
08-06 00:18:58.400 28713 30847 I art     : Starting a blocking GC Explicit
08-06 00:18:58.485 28713 30847 I art     : Explicit concurrent mark sweep GC freed 1354(82KB) AllocSpace objects, 1(20KB) LOS objects, 28% free, 39MB/55MB, paused 446us total 84.704ms
08-06 00:18:58.506 28713 30847 I art     : Starting a blocking GC Explicit
08-06 00:18:58.568 28713 30847 I art     : Explicit concurrent mark sweep GC freed 20(704B) AllocSpace objects, 0(0B) LOS objects, 28% free, 39MB/55MB, paused 611us total 61.461ms
08-06 00:18:58.589 28713 30847 I art     : Starting a blocking GC Explicit
08-06 00:18:58.665 28713 30847 I art     : Explicit concurrent mark sweep GC freed 3(96B) AllocSpace objects, 0(0B) LOS objects, 28% free, 39MB/55MB, paused 547us total 75.465ms
08-06 00:18:58.688 28713 30847 I art     : Starting a blocking GC Explicit
08-06 00:18:58.761 28713 30847 I art     : Explicit concurrent mark sweep GC freed 3(96B) AllocSpace objects, 0(0B) LOS objects, 28% free, 39MB/55MB, paused 538us total 72.720ms
08-06 00:18:58.783 28713 30847 I art     : Starting a blocking GC Explicit
08-06 00:18:58.854 28713 30847 I art     : Explicit concurrent mark sweep GC freed 3(96B) AllocSpace objects, 0(0B) LOS objects, 28% free, 39MB/55MB, paused 603us total 70.507ms
08-06 00:18:59.031 28602 28602 I ServiceManager: Waiting for service AtCmdFwd...
08-06 00:18:59.226 28713 29069 I art     : Starting a blocking GC Explicit
08-06 00:18:59.317 28713 29069 I art     : Explicit concurrent mark sweep GC freed 1354(82KB) AllocSpace objects, 1(20KB) LOS objects, 28% free, 39MB/55MB, paused 575us total 90.589ms
08-06 00:18:59.340 28713 29069 I art     : Starting a blocking GC Explicit
08-06 00:18:59.413 28713 29069 I art     : Explicit concurrent mark sweep GC freed 20(704B) AllocSpace objects, 0(0B) LOS objects, 28% free, 39MB/55MB, paused 523us total 71.845ms
08-06 00:18:59.434 28713 29069 I art     : Starting a blocking GC Explicit
08-06 00:18:59.507 28713 29069 I art     : Explicit concurrent mark sweep GC freed 3(96B) AllocSpace objects, 0(0B) LOS objects, 28% free, 39MB/55MB, paused 679us total 72.883ms
08-06 00:18:59.529 28713 29069 I art     : Starting a blocking GC Explicit
08-06 00:18:59.602 28713 29069 I art     : Explicit concurrent mark sweep GC freed 3(96B) AllocSpace objects, 0(0B) LOS objects, 28% free, 39MB/55MB, paused 536us total 72.734ms
08-06 00:18:59.624 28713 29069 I art     : Starting a blocking GC Explicit
08-06 00:18:59.694 28713 29069 I art     : Explicit concurrent mark sweep GC freed 3(96B) AllocSpace objects, 0(0B) LOS objects, 28% free, 39MB/55MB, paused 515us total 69.142ms
08-06 00:19:00.031 28602 28602 I ServiceManager: Waiting for service AtCmdFwd...
08-06 00:19:00.058 28713 28734 I art     : Starting a blocking GC Explicit
08-06 00:19:00.124 28713 28734 I art     : Explicit concurrent mark sweep GC freed 1354(82KB) AllocSpace objects, 1(20KB) LOS objects, 28% free, 39MB/55MB, paused 504us total 65.034ms
08-06 00:19:00.145 28713 28734 I art     : Starting a blocking GC Explicit
08-06 00:19:00.215 28713 28734 I art     : Explicit concurrent mark sweep GC freed 20(704B) AllocSpace objects, 0(0B) LOS objects, 28% free, 39MB/55MB, paused 544us total 69.094ms
08-06 00:19:00.236 28713 28734 I art     : Starting a blocking GC Explicit
08-06 00:19:00.312 28713 28734 I art     : Explicit concurrent mark sweep GC freed 3(96B) AllocSpace objects, 0(0B) LOS objects, 28% free, 39MB/55MB, paused 558us total 74.833ms
08-06 00:19:00.336 28713 28734 I art     : Starting a blocking GC Explicit
08-06 00:19:00.408 28713 28734 I art     : Explicit concurrent mark sweep GC freed 3(96B) AllocSpace objects, 0(0B) LOS objects, 28% free, 39MB/55MB, paused 517us total 72.297ms
08-06 00:19:00.430 28713 28734 I art     : Starting a blocking GC Explicit
08-06 00:19:00.503 28713 28734 I art     : Explicit concurrent mark sweep GC freed 3(96B) AllocSpace objects, 0(0B) LOS objects, 28% free, 39MB/55MB, paused 532us total 72.784ms
08-06 00:19:00.875 28713 28725 I art     : Starting a blocking GC Explicit
08-06 00:19:00.953 28713 28725 I art     : Explicit concurrent mark sweep GC freed 1354(82KB) AllocSpace objects, 1(20KB) LOS objects, 28% free, 39MB/55MB, paused 542us total 77.125ms
08-06 00:19:00.974 28713 28725 I art     : Starting a blocking GC Explicit
08-06 00:19:01.032 28602 28602 I ServiceManager: Waiting for service AtCmdFwd...
08-06 00:19:01.035   918  3188 I hubconnection: sensorhub said: 'set_bias 3: -5.4144, 0.0000, 0.0000'
08-06 00:19:01.039 28713 28725 I art     : Explicit concurrent mark sweep GC freed 20(704B) AllocSpace objects, 0(0B) LOS objects, 28% free, 39MB/55MB, paused 480us total 64.564ms
08-06 00:19:01.060 28713 28725 I art     : Starting a blocking GC Explicit
08-06 00:19:01.127 28713 28725 I art     : Explicit concurrent mark sweep GC freed 3(96B) AllocSpace objects, 0(0B) LOS objects, 28% free, 39MB/55MB, paused 580us total 66.081ms
08-06 00:19:01.148 28713 28725 I art     : Starting a blocking GC Explicit
08-06 00:19:01.217 28713 28725 I art     : Explicit concurrent mark sweep GC freed 3(96B) AllocSpace objects, 0(0B) LOS objects, 28% free, 39MB/55MB, paused 538us total 68.140ms
08-06 00:19:01.238 28713 28725 I art     : Starting a blocking GC Explicit
08-06 00:19:01.303 28713 28725 I art     : Explicit concurrent mark sweep GC freed 3(96B) AllocSpace objects, 0(0B) LOS objects, 28% free, 39MB/55MB, paused 533us total 64.703ms
08-06 00:19:01.303 28713 28723 I art     : WaitForGcToComplete blocked for 19.260ms for cause HeapTrim
08-06 00:19:01.319 32071 32071 D AndroidRuntime: >>>>>> START com.android.internal.os.RuntimeInit uid 2000 <<<<<<
08-06 00:19:01.325 32071 32071 D AndroidRuntime: CheckJNI is OFF
08-06 00:19:01.369 32071 32071 D ICU     : No timezone override file found: /data/misc/zoneinfo/current/icu/icu_tzdata.dat
08-06 00:19:01.415 32071 32071 I Radio-JNI: register_android_hardware_Radio DONE
08-06 00:19:01.448 32071 32071 D AndroidRuntime: Calling main entry com.android.commands.input.Input
08-06 00:19:01.451 32071 32071 I Input   : injectKeyEvent: KeyEvent { action=ACTION_DOWN, keyCode=KEYCODE_BACK, scanCode=0, metaState=0, flags=0x0, repeatCount=0, eventTime=836357864, downTime=836357864, deviceId=-1, source=0x101 }
08-06 00:19:01.468 32071 32071 I Input   : injectKeyEvent: KeyEvent { action=ACTION_UP, keyCode=KEYCODE_BACK, scanCode=0, metaState=0, flags=0x0, repeatCount=0, eventTime=836357864, downTime=836357864, deviceId=-1, source=0x101 }
08-06 00:19:01.474 32071 32071 D AndroidRuntime: Shutting down VM
08-06 00:19:01.520 13866 13866 I GoogleInputMethodServic: GoogleInputMethodService.onFinishInput():3138 
08-06 00:19:01.521 13866 13866 I GoogleInputMethodServic: GoogleInputMethodService.onStartInput():1808 
08-06 00:19:01.537 28713 32014 I RedditChangeDataIO: Writing tmp data file at '/data/user/0/baseline.org.quantumbadger.redreader/files/rr_change_data_tmp.dat'
08-06 00:19:01.537 28713 32014 I RedditChangeDataManager: Taking snapshot...
08-06 00:19:01.538 28713 32014 I RedditChangeDataManager: Writing to stream...
08-06 00:19:01.538 28713 32014 I RedditChangeDataManager: Wrote 6 entries for user ''
08-06 00:19:01.538 28713 32014 I RedditChangeDataManager: All entries written to stream.
08-06 00:19:01.538 28713 32014 I RedditChangeDataIO: Write successful. Atomically replacing data file...
08-06 00:19:01.538 28713 32014 I RedditChangeDataIO: Write complete.
08-06 00:19:01.538 28713 32014 I RedditChangeDataIO: 158 bytes written in 1 ms
08-06 00:19:01.637 28713 28725 I art     : Starting a blocking GC Explicit
08-06 00:19:01.713 28713 28725 I art     : Explicit concurrent mark sweep GC freed 1710(97KB) AllocSpace objects, 2(88KB) LOS objects, 28% free, 39MB/55MB, paused 451us total 76.007ms
08-06 00:19:01.738 28713 28725 I art     : Starting a blocking GC Explicit
08-06 00:19:01.814 28713 28725 I art     : Explicit concurrent mark sweep GC freed 27(960B) AllocSpace objects, 0(0B) LOS objects, 28% free, 39MB/55MB, paused 583us total 75.502ms
08-06 00:19:01.837 28713 28725 I art     : Starting a blocking GC Explicit
08-06 00:19:01.842   380   380 W SurfaceFlinger: couldn't log to binary event log: overflow.
08-06 00:19:01.898 28713 28725 I art     : Explicit concurrent mark sweep GC freed 54(2032B) AllocSpace objects, 0(0B) LOS objects, 28% free, 39MB/55MB, paused 494us total 60.036ms
08-06 00:19:01.918 28713 28725 I art     : Starting a blocking GC Explicit
08-06 00:19:01.971 28713 28725 I art     : Explicit concurrent mark sweep GC freed 41380(2MB) AllocSpace objects, 5(140KB) LOS objects, 29% free, 37MB/53MB, paused 499us total 52.789ms
08-06 00:19:01.990 28713 28725 I art     : Starting a blocking GC Explicit
08-06 00:19:02.032 28602 28602 W Atfwd_Sendcmd: AtCmdFwd service not published, waiting... retryCnt : 1
08-06 00:19:02.037 28713 28725 I art     : Explicit concurrent mark sweep GC freed 3(96B) AllocSpace objects, 0(0B) LOS objects, 29% free, 37MB/53MB, paused 489us total 46.299ms
08-06 00:19:02.390 28713 28724 I art     : Starting a blocking GC Explicit
08-06 00:19:02.457 28713 28724 I art     : Explicit concurrent mark sweep GC freed 1354(82KB) AllocSpace objects, 1(20KB) LOS objects, 29% free, 37MB/53MB, paused 539us total 66.380ms
08-06 00:19:02.478 28713 28724 I art     : Starting a blocking GC Explicit
08-06 00:19:02.528 28713 28724 I art     : Explicit concurrent mark sweep GC freed 20(704B) AllocSpace objects, 0(0B) LOS objects, 29% free, 37MB/53MB, paused 529us total 50.102ms
08-06 00:19:02.547 28713 28724 I art     : Starting a blocking GC Explicit
08-06 00:19:02.597 28713 28724 I art     : Explicit concurrent mark sweep GC freed 3(96B) AllocSpace objects, 0(0B) LOS objects, 29% free, 37MB/53MB, paused 554us total 49.965ms
08-06 00:19:02.620 28713 28724 I art     : Starting a blocking GC Explicit
08-06 00:19:02.671 28713 28724 I art     : Explicit concurrent mark sweep GC freed 3(96B) AllocSpace objects, 0(0B) LOS objects, 29% free, 37MB/53MB, paused 556us total 50.816ms
08-06 00:19:02.690 28713 28724 I art     : Starting a blocking GC Explicit
08-06 00:19:02.739 28713 28724 I art     : Explicit concurrent mark sweep GC freed 3(96B) AllocSpace objects, 0(0B) LOS objects, 29% free, 37MB/53MB, paused 518us total 48.644ms
08-06 00:19:03.070 28713 30847 I art     : Starting a blocking GC Explicit
08-06 00:19:03.122 28713 30847 I art     : Explicit concurrent mark sweep GC freed 1354(82KB) AllocSpace objects, 1(20KB) LOS objects, 29% free, 37MB/53MB, paused 518us total 52.305ms
08-06 00:19:03.142 28713 30847 I art     : Starting a blocking GC Explicit
08-06 00:19:03.194 28713 30847 I art     : Explicit concurrent mark sweep GC freed 20(704B) AllocSpace objects, 0(0B) LOS objects, 29% free, 37MB/53MB, paused 524us total 52.163ms
08-06 00:19:03.213 28713 30847 I art     : Starting a blocking GC Explicit
08-06 00:19:03.264 28713 30847 I art     : Explicit concurrent mark sweep GC freed 3(96B) AllocSpace objects, 0(0B) LOS objects, 29% free, 37MB/53MB, paused 525us total 50.629ms
08-06 00:19:03.274 32112 32112 D AndroidRuntime: >>>>>> START com.android.internal.os.RuntimeInit uid 2000 <<<<<<
08-06 00:19:03.280 32112 32112 D AndroidRuntime: CheckJNI is OFF
08-06 00:19:03.284 28713 30847 I art     : Starting a blocking GC Explicit
08-06 00:19:03.324 32112 32112 D ICU     : No timezone override file found: /data/misc/zoneinfo/current/icu/icu_tzdata.dat
08-06 00:19:03.333 28713 30847 I art     : Explicit concurrent mark sweep GC freed 3(96B) AllocSpace objects, 0(0B) LOS objects, 29% free, 37MB/53MB, paused 506us total 49.097ms
08-06 00:19:03.352 28713 30847 I art     : Starting a blocking GC Explicit
08-06 00:19:03.371 32112 32112 I Radio-JNI: register_android_hardware_Radio DONE
08-06 00:19:03.400 32112 32112 D AndroidRuntime: Calling main entry com.android.commands.input.Input
08-06 00:19:03.402 32112 32112 I Input   : injectKeyEvent: KeyEvent { action=ACTION_DOWN, keyCode=KEYCODE_BACK, scanCode=0, metaState=0, flags=0x0, repeatCount=0, eventTime=836359815, downTime=836359815, deviceId=-1, source=0x101 }
08-06 00:19:03.402 28713 30847 I art     : Explicit concurrent mark sweep GC freed 3(96B) AllocSpace objects, 0(0B) LOS objects, 29% free, 37MB/53MB, paused 538us total 49.763ms
08-06 00:19:03.410 32112 32112 I Input   : injectKeyEvent: KeyEvent { action=ACTION_UP, keyCode=KEYCODE_BACK, scanCode=0, metaState=0, flags=0x0, repeatCount=0, eventTime=836359815, downTime=836359815, deviceId=-1, source=0x101 }
08-06 00:19:03.416 32112 32112 D AndroidRuntime: Shutting down VM
08-06 00:19:03.453 13866 13866 I GoogleInputMethodServic: GoogleInputMethodService.onFinishInput():3138 
08-06 00:19:03.454 13866 13866 I GoogleInputMethodServic: GoogleInputMethodService.onStartInput():1808 
08-06 00:19:03.707 28713 28724 I art     : Starting a blocking GC Explicit
08-06 00:19:03.751 28713 28724 I art     : Explicit concurrent mark sweep GC freed 1534(88KB) AllocSpace objects, 1(20KB) LOS objects, 29% free, 37MB/53MB, paused 423us total 43.368ms
08-06 00:19:03.769 28713 28724 I art     : Starting a blocking GC Explicit
08-06 00:19:03.812 28713 28724 I art     : Explicit concurrent mark sweep GC freed 82(3024B) AllocSpace objects, 0(0B) LOS objects, 29% free, 37MB/53MB, paused 489us total 43.463ms
08-06 00:19:03.830 28713 28724 I art     : Starting a blocking GC Explicit
08-06 00:19:03.875 28713 28724 I art     : Explicit concurrent mark sweep GC freed 133(6KB) AllocSpace objects, 0(0B) LOS objects, 29% free, 37MB/53MB, paused 458us total 45.167ms
08-06 00:19:03.893 28713 28724 I art     : Starting a blocking GC Explicit
08-06 00:19:03.941 28713 28724 I art     : Explicit concurrent mark sweep GC freed 3(96B) AllocSpace objects, 0(0B) LOS objects, 29% free, 37MB/53MB, paused 521us total 47.728ms
08-06 00:19:03.960 28713 28724 I art     : Starting a blocking GC Explicit
08-06 00:19:04.008 28713 28724 I art     : Explicit concurrent mark sweep GC freed 3(96B) AllocSpace objects, 0(0B) LOS objects, 29% free, 37MB/53MB, paused 515us total 48.237ms
08-06 00:19:04.351 28713 28734 I art     : Starting a blocking GC Explicit
08-06 00:19:04.417 28713 28734 I art     : Explicit concurrent mark sweep GC freed 1354(82KB) AllocSpace objects, 1(20KB) LOS objects, 29% free, 37MB/53MB, paused 529us total 65.880ms
08-06 00:19:04.436 28713 28734 I art     : Starting a blocking GC Explicit
08-06 00:19:04.488 28713 28734 I art     : Explicit concurrent mark sweep GC freed 20(704B) AllocSpace objects, 0(0B) LOS objects, 29% free, 37MB/53MB, paused 775us total 52.007ms
08-06 00:19:04.513 28713 28734 I art     : Starting a blocking GC Explicit
08-06 00:19:04.562 28713 28734 I art     : Explicit concurrent mark sweep GC freed 3(96B) AllocSpace objects, 0(0B) LOS objects, 29% free, 37MB/53MB, paused 529us total 49.401ms
08-06 00:19:04.581 28713 28734 I art     : Starting a blocking GC Explicit
08-06 00:19:04.633 28713 28734 I art     : Explicit concurrent mark sweep GC freed 3(96B) AllocSpace objects, 0(0B) LOS objects, 29% free, 37MB/53MB, paused 531us total 51.289ms
08-06 00:19:04.653 28713 28734 I art     : Starting a blocking GC Explicit
08-06 00:19:04.700 28713 28734 I art     : Explicit concurrent mark sweep GC freed 3(96B) AllocSpace objects, 0(0B) LOS objects, 29% free, 37MB/53MB, paused 521us total 46.919ms
08-06 00:19:05.031 28713 29069 I art     : Starting a blocking GC Explicit
08-06 00:19:05.092 28713 29069 I art     : Explicit concurrent mark sweep GC freed 1354(82KB) AllocSpace objects, 1(20KB) LOS objects, 29% free, 37MB/53MB, paused 558us total 61.539ms
08-06 00:19:05.112 28713 29069 I art     : Starting a blocking GC Explicit
08-06 00:19:05.164 28713 29069 I art     : Explicit concurrent mark sweep GC freed 20(704B) AllocSpace objects, 0(0B) LOS objects, 29% free, 37MB/53MB, paused 559us total 51.872ms
08-06 00:19:05.183 28713 29069 I art     : Starting a blocking GC Explicit
08-06 00:19:05.194 32156 32156 D AndroidRuntime: >>>>>> START com.android.internal.os.RuntimeInit uid 2000 <<<<<<
08-06 00:19:05.200 32156 32156 D AndroidRuntime: CheckJNI is OFF
08-06 00:19:05.233 28713 29069 I art     : Explicit concurrent mark sweep GC freed 3(96B) AllocSpace objects, 0(0B) LOS objects, 29% free, 37MB/53MB, paused 548us total 50.098ms
08-06 00:19:05.246 32156 32156 D ICU     : No timezone override file found: /data/misc/zoneinfo/current/icu/icu_tzdata.dat
08-06 00:19:05.252 28713 29069 I art     : Starting a blocking GC Explicit
08-06 00:19:05.291 32156 32156 I Radio-JNI: register_android_hardware_Radio DONE
08-06 00:19:05.302 28713 29069 I art     : Explicit concurrent mark sweep GC freed 3(96B) AllocSpace objects, 0(0B) LOS objects, 29% free, 37MB/53MB, paused 585us total 50.246ms
08-06 00:19:05.320 32156 32156 D AndroidRuntime: Calling main entry com.android.commands.input.Input
08-06 00:19:05.321 28713 29069 I art     : Starting a blocking GC Explicit
08-06 00:19:05.322 32156 32156 I Input   : injectMotionEvent: MotionEvent { action=ACTION_DOWN, actionButton=0, id[0]=0, x[0]=600.0, y[0]=1733.0, toolType[0]=TOOL_TYPE_UNKNOWN, buttonState=0, metaState=0, flags=0x0, edgeFlags=0x0, pointerCount=1, historySize=0, eventTime=836361734, downTime=836361734, deviceId=0, source=0x1002 }
08-06 00:19:05.332 32156 32156 I Input   : injectMotionEvent: MotionEvent { action=ACTION_UP, actionButton=0, id[0]=0, x[0]=600.0, y[0]=1733.0, toolType[0]=TOOL_TYPE_UNKNOWN, buttonState=0, metaState=0, flags=0x0, edgeFlags=0x0, pointerCount=1, historySize=0, eventTime=836361734, downTime=836361734, deviceId=0, source=0x1002 }
08-06 00:19:05.334 32156 32156 D AndroidRuntime: Shutting down VM
08-06 00:19:05.348   512  2967 D audio_hw_primary: out_set_parameters: enter: usecase(1: low-latency-playback) kvpairs: routing=2
08-06 00:19:05.349   918  4413 I ActivityManager: START u0 {dat=https://oauth.reddit.com/... cmp=baseline.org.quantumbadger.redreader/.activities.PostListingActivity} from uid 10705 on display 0
08-06 00:19:05.362   512  2967 D audio_hw_primary: select_devices: out_snd_device(2: speaker) in_snd_device(0: none)
08-06 00:19:05.362   512  2967 D msm8974_platform: platform_send_audio_calibration: sending audio calibration for snd_device(2) acdb_id(15)
08-06 00:19:05.362   512  2967 I soundtrigger: audio_extn_sound_trigger_update_device_status: device 0x2 of type 0 for Event 1
08-06 00:19:05.371 28713 29069 I art     : Explicit concurrent mark sweep GC freed 129(6KB) AllocSpace objects, 0(0B) LOS objects, 29% free, 37MB/53MB, paused 713us total 49.522ms
08-06 00:19:05.375   512  2967 D audio_hw_primary: enable_snd_device: snd_device(2: speaker)
08-06 00:19:05.376 28713 28713 I AppCompatViewInflater: app:theme is now deprecated. Please move to using android:theme instead.
08-06 00:19:05.378   512  2967 D audio_hw_primary: enable_audio_route: apply and update mixer path: low-latency-playback speaker
08-06 00:19:05.401 28713 32180 D OK      : calling: https://oauth.reddit.com/r/aww/about.json
08-06 00:19:05.459   918   936 I ActivityManager: Displayed baseline.org.quantumbadger.redreader/.activities.PostListingActivity: +99ms
08-06 00:19:05.460 13866 13866 I GoogleInputMethodServic: GoogleInputMethodService.onFinishInput():3138 
08-06 00:19:05.460 13866 13866 I GoogleInputMethodServic: GoogleInputMethodService.onStartInput():1808 
08-06 00:19:05.676 28713 29069 I art     : Starting a blocking GC Explicit
08-06 00:19:05.697   380   380 W SurfaceFlinger: couldn't log to binary event log: overflow.
08-06 00:19:05.720 28713 29069 I art     : Explicit concurrent mark sweep GC freed 4825(258KB) AllocSpace objects, 1(20KB) LOS objects, 29% free, 37MB/53MB, paused 539us total 44.529ms
08-06 00:19:05.738 28713 29069 I art     : Starting a blocking GC Explicit
08-06 00:19:05.782 28713 29069 I art     : Explicit concurrent mark sweep GC freed 548(28KB) AllocSpace objects, 0(0B) LOS objects, 29% free, 37MB/53MB, paused 526us total 43.395ms
08-06 00:19:05.799 28713 29069 I art     : Starting a blocking GC Explicit
08-06 00:19:05.826 28713 32180 I NAPPA_EXPERIMENTATION: MetricNetworkRequestExecutionTime: REQUEST_DURATION_SYSTEM='425',REQUEST_DURATION_OKHTTP='154',REQUEST_SYNCHRONOUS='TRUE',RESPONSE_CODE='200',RESPONSE_METHOD='GET',RESPONSE_LENGTH_OKHTTP='-1',RESPONSE_LENGTH_HEADER='3478',REQUEST_PROTOCOL='h2',REQUEST_URL='https://oauth.reddit.com/r/aww/about.json',
08-06 00:19:05.827 28713 32180 D OK      : request got status: 200
08-06 00:19:05.844 28713 29069 I art     : Explicit concurrent mark sweep GC freed 600(101KB) AllocSpace objects, 0(0B) LOS objects, 29% free, 37MB/53MB, paused 998us total 44.192ms
08-06 00:19:05.863 28713 29069 I art     : Starting a blocking GC Explicit
08-06 00:19:05.910 28713 29069 I art     : Explicit concurrent mark sweep GC freed 518(64KB) AllocSpace objects, 1(68KB) LOS objects, 29% free, 37MB/53MB, paused 580us total 46.373ms
08-06 00:19:05.918   512  2967 D audio_hw_primary: disable_audio_route: reset and update mixer path: low-latency-playback speaker
08-06 00:19:05.919   512  2967 D audio_hw_primary: disable_snd_device: snd_device(2: speaker)
08-06 00:19:05.927   512  2967 I soundtrigger: audio_extn_sound_trigger_update_device_status: device 0x2 of type 0 for Event 0
08-06 00:19:05.928 28713 29069 I art     : Starting a blocking GC Explicit
08-06 00:19:05.974 28713 29069 I art     : Explicit concurrent mark sweep GC freed 535(39KB) AllocSpace objects, 1(68KB) LOS objects, 29% free, 37MB/53MB, paused 549us total 46.274ms
08-06 00:19:06.313 28713 28725 I art     : Starting a blocking GC Explicit
08-06 00:19:06.366 28713 28725 I art     : Explicit concurrent mark sweep GC freed 1418(85KB) AllocSpace objects, 1(20KB) LOS objects, 29% free, 37MB/53MB, paused 701us total 52.851ms
08-06 00:19:06.386 28713 28725 I art     : Starting a blocking GC Explicit
08-06 00:19:06.434 28713 28725 I art     : Explicit concurrent mark sweep GC freed 20(704B) AllocSpace objects, 0(0B) LOS objects, 29% free, 37MB/53MB, paused 576us total 48.069ms
08-06 00:19:06.453 28713 28725 I art     : Starting a blocking GC Explicit
08-06 00:19:06.501 28713 28725 I art     : Explicit concurrent mark sweep GC freed 3(96B) AllocSpace objects, 0(0B) LOS objects, 29% free, 37MB/53MB, paused 519us total 47.992ms
08-06 00:19:06.520 28713 28725 I art     : Starting a blocking GC Explicit
08-06 00:19:06.570 28713 28725 I art     : Explicit concurrent mark sweep GC freed 3(96B) AllocSpace objects, 0(0B) LOS objects, 29% free, 37MB/53MB, paused 549us total 49.023ms
08-06 00:19:06.589 28713 28725 I art     : Starting a blocking GC Explicit
08-06 00:19:06.601 28713 32204 D OK      : calling: https://oauth.reddit.com/r/aww/hot/.json
08-06 00:19:06.638 28713 28725 I art     : Explicit concurrent mark sweep GC freed 95(3KB) AllocSpace objects, 0(0B) LOS objects, 29% free, 37MB/53MB, paused 668us total 49.453ms
08-06 00:19:06.767 28713 32204 I NAPPA_EXPERIMENTATION: MetricNetworkRequestExecutionTime: REQUEST_DURATION_SYSTEM='165',REQUEST_DURATION_OKHTTP='160',REQUEST_SYNCHRONOUS='TRUE',RESPONSE_CODE='200',RESPONSE_METHOD='GET',RESPONSE_LENGTH_OKHTTP='-1',RESPONSE_LENGTH_HEADER='33430',REQUEST_PROTOCOL='h2',REQUEST_URL='https://oauth.reddit.com/r/aww/hot/.json',
08-06 00:19:06.767 28713 32204 D OK      : request got status: 200
08-06 00:19:06.789 28713 29300 I PostListingFragment: Precaching images: OFF
08-06 00:19:06.789 28713 29300 I PostListingFragment: Precaching comments: OFF
08-06 00:19:06.815 28713 29300 I getImgurImageInfo: Image NSO7Npm: trying API v3 with auth
08-06 00:19:06.962 28713 32212 I RedditVideosAPI: For 'https://v.redd.it/ar5k8892pid51/DASHPlaylist.mpd', got video stream 'https://v.redd.it/ar5k8892pid51/DASH_360' and audio stream 'https://v.redd.it/ar5k8892pid51/audio'
08-06 00:19:06.967 28713 30847 I art     : Starting a blocking GC Explicit
08-06 00:19:06.973 28713 32212 I RedditVideosAPI: For 'https://v.redd.it/h49fg58ygjd51/DASHPlaylist.mpd', got video stream 'https://v.redd.it/h49fg58ygjd51/DASH_480' and audio stream 'null'
08-06 00:19:06.979 28713 31206 I RedditVideosAPI: For 'https://v.redd.it/ak6rer1hskd51/DASHPlaylist.mpd', got video stream 'https://v.redd.it/ak6rer1hskd51/DASH_360' and audio stream 'null'
08-06 00:19:06.993 28713 32212 I RedditVideosAPI: For 'https://v.redd.it/fkewv2f65kd51/DASHPlaylist.mpd', got video stream 'https://v.redd.it/fkewv2f65kd51/DASH_480' and audio stream 'https://v.redd.it/fkewv2f65kd51/audio'
08-06 00:19:06.997 28713 31206 I RedditVideosAPI: For 'https://v.redd.it/1ewzkieg0jd51/DASHPlaylist.mpd', got video stream 'https://v.redd.it/1ewzkieg0jd51/DASH_480' and audio stream 'https://v.redd.it/1ewzkieg0jd51/audio'
08-06 00:19:06.997 28713 32212 I RedditVideosAPI: For 'https://v.redd.it/ppmhu2r9thd51/DASHPlaylist.mpd', got video stream 'https://v.redd.it/ppmhu2r9thd51/DASH_480' and audio stream 'null'
08-06 00:19:06.998 28713 31206 I RedditVideosAPI: For 'https://v.redd.it/s9qqadf3mid51/DASHPlaylist.mpd', got video stream 'https://v.redd.it/s9qqadf3mid51/DASH_480' and audio stream 'https://v.redd.it/s9qqadf3mid51/audio'
08-06 00:19:06.998 28713 32212 I RedditVideosAPI: For 'https://v.redd.it/b8vazlcb7ld51/DASHPlaylist.mpd', got video stream 'https://v.redd.it/b8vazlcb7ld51/DASH_480' and audio stream 'https://v.redd.it/b8vazlcb7ld51/audio'
08-06 00:19:06.999 28713 31206 I RedditVideosAPI: For 'https://v.redd.it/ty24o02m1hd51/DASHPlaylist.mpd', got video stream 'https://v.redd.it/ty24o02m1hd51/DASH_480' and audio stream 'null'
08-06 00:19:07.024 28713 30847 I art     : Explicit concurrent mark sweep GC freed 48800(3MB) AllocSpace objects, 96(5MB) LOS objects, 26% free, 43MB/59MB, paused 891us total 55.867ms
08-06 00:19:07.033 28602 28602 I ServiceManager: Waiting for service AtCmdFwd...
08-06 00:19:07.038 28713 28713 W RecyclerView: Cannot call this method in a scroll callback. Scroll callbacks mightbe run during a measure & layout pass where you cannot change theRecyclerView data. Any method call that might change the structureof the RecyclerView or the adapter contents should be postponed tothe next frame.
08-06 00:19:07.038 28713 28713 W RecyclerView: java.lang.IllegalStateException:  androidx.recyclerview.widget.RecyclerView{c1b3617 VFED..... .F....ID 0,0-1440,2140 #7f0900ef app:id/scrollbar_recyclerview_recyclerview}, adapter:baseline.org.quantumbadger.redreader.adapters.GroupedRecyclerViewAdapter@edb3a04, layout:androidx.recyclerview.widget.LinearLayoutManager@21d1bed, context:baseline.org.quantumbadger.redreader.activities.PostListingActivity@acbecc0
08-06 00:19:07.038 28713 28713 W RecyclerView: 	at androidx.recyclerview.widget.RecyclerView.assertNotInLayoutOrScroll(RecyclerView.java:3061)
08-06 00:19:07.038 28713 28713 W RecyclerView: 	at androidx.recyclerview.widget.RecyclerView$RecyclerViewDataObserver.onItemRangeInserted(RecyclerView.java:5555)
08-06 00:19:07.038 28713 28713 W RecyclerView: 	at androidx.recyclerview.widget.RecyclerView$AdapterDataObservable.notifyItemRangeInserted(RecyclerView.java:12278)
08-06 00:19:07.038 28713 28713 W RecyclerView: 	at androidx.recyclerview.widget.RecyclerView$Adapter.notifyItemInserted(RecyclerView.java:7464)
08-06 00:19:07.038 28713 28713 W RecyclerView: 	at baseline.org.quantumbadger.redreader.adapters.GroupedRecyclerViewAdapter.updateHiddenStatus(GroupedRecyclerViewAdapter.java:279)
08-06 00:19:07.038 28713 28713 W RecyclerView: 	at baseline.org.quantumbadger.redreader.adapters.RedditListingManager.setLoadingVisible(RedditListingManager.java:125)
08-06 00:19:07.038 28713 28713 W RecyclerView: 	at baseline.org.quantumbadger.redreader.fragments.PostListingFragment.onLoadMoreItemsCheck(PostListingFragment.java:465)
08-06 00:19:07.038 28713 28713 W RecyclerView: 	at baseline.org.quantumbadger.redreader.fragments.PostListingFragment.access$000(PostListingFragment.java:98)
08-06 00:19:07.038 28713 28713 W RecyclerView: 	at baseline.org.quantumbadger.redreader.fragments.PostListingFragment$2.onScrolled(PostListingFragment.java:215)
08-06 00:19:07.038 28713 28713 W RecyclerView: 	at androidx.recyclerview.widget.RecyclerView.dispatchOnScrolled(RecyclerView.java:5173)
08-06 00:19:07.038 28713 28713 W RecyclerView: 	at androidx.recyclerview.widget.RecyclerView.dispatchLayoutStep3(RecyclerView.java:4231)
08-06 00:19:07.038 28713 28713 W RecyclerView: 	at androidx.recyclerview.widget.RecyclerView.dispatchLayout(RecyclerView.java:3862)
08-06 00:19:07.038 28713 28713 W RecyclerView: 	at androidx.recyclerview.widget.RecyclerView.consumePendingUpdateOperations(RecyclerView.java:1897)
08-06 00:19:07.038 28713 28713 W RecyclerView: 	at androidx.recyclerview.widget.RecyclerView$1.run(RecyclerView.java:414)
08-06 00:19:07.038 28713 28713 W RecyclerView: 	at android.view.Choreographer$CallbackRecord.run(Choreographer.java:858)
08-06 00:19:07.038 28713 28713 W RecyclerView: 	at android.view.Choreographer.doCallbacks(Choreographer.java:670)
08-06 00:19:07.038 28713 28713 W RecyclerView: 	at android.view.Choreographer.doFrame(Choreographer.java:603)
08-06 00:19:07.038 28713 28713 W RecyclerView: 	at android.view.Choreographer$FrameDisplayEventReceiver.run(Choreographer.java:844)
08-06 00:19:07.038 28713 28713 W RecyclerView: 	at android.os.Handler.handleCallback(Handler.java:739)
08-06 00:19:07.038 28713 28713 W RecyclerView: 	at android.os.Handler.dispatchMessage(Handler.java:95)
08-06 00:19:07.038 28713 28713 W RecyclerView: 	at android.os.Looper.loop(Looper.java:148)
08-06 00:19:07.038 28713 28713 W RecyclerView: 	at android.app.ActivityThread.main(ActivityThread.java:5417)
08-06 00:19:07.038 28713 28713 W RecyclerView: 	at java.lang.reflect.Method.invoke(Native Method)
08-06 00:19:07.038 28713 28713 W RecyclerView: 	at com.android.internal.os.ZygoteInit$MethodAndArgsCaller.run(ZygoteInit.java:726)
08-06 00:19:07.038 28713 28713 W RecyclerView: 	at com.android.internal.os.ZygoteInit.main(ZygoteInit.java:616)
08-06 00:19:07.042 28713 30847 I art     : Starting a blocking GC Explicit
08-06 00:19:07.092 28713 30847 I art     : Explicit concurrent mark sweep GC freed 3541(219KB) AllocSpace objects, 1(80KB) LOS objects, 27% free, 43MB/59MB, paused 561us total 49.794ms
08-06 00:19:07.111 28713 30847 I art     : Starting a blocking GC Explicit
08-06 00:19:07.162 28713 30847 I art     : Explicit concurrent mark sweep GC freed 48(2208B) AllocSpace objects, 0(0B) LOS objects, 27% free, 43MB/59MB, paused 607us total 50.432ms
08-06 00:19:07.181 28713 30847 I art     : Starting a blocking GC Explicit
08-06 00:19:07.235 28713 30847 I art     : Explicit concurrent mark sweep GC freed 51(1872B) AllocSpace objects, 0(0B) LOS objects, 27% free, 43MB/59MB, paused 594us total 53.549ms
08-06 00:19:07.255 28713 30847 I art     : Starting a blocking GC Explicit
08-06 00:19:07.303 28713 30847 I art     : Explicit concurrent mark sweep GC freed 25(1024B) AllocSpace objects, 0(0B) LOS objects, 27% free, 43MB/59MB, paused 492us total 48.264ms
08-06 00:19:07.668 28713 28724 I art     : Starting a blocking GC Explicit
08-06 00:19:07.741 28713 28724 I art     : Explicit concurrent mark sweep GC freed 1663(98KB) AllocSpace objects, 1(20KB) LOS objects, 27% free, 43MB/59MB, paused 634us total 72.608ms
08-06 00:19:07.763 28713 28724 I art     : Starting a blocking GC Explicit
08-06 00:19:07.803 28713 32228 D OK      : calling: https://oauth.reddit.com/r/aww/hot/.json?after=t3_hz5odc
08-06 00:19:07.822 28713 28724 I art     : Explicit concurrent mark sweep GC freed 180(8KB) AllocSpace objects, 0(0B) LOS objects, 27% free, 43MB/59MB, paused 699us total 59.017ms
08-06 00:19:07.842 28713 28724 I art     : Starting a blocking GC Explicit
08-06 00:19:07.901 28713 28724 I art     : Explicit concurrent mark sweep GC freed 10(384B) AllocSpace objects, 0(0B) LOS objects, 27% free, 43MB/59MB, paused 664us total 58.548ms
08-06 00:19:07.921 28713 28724 I art     : Starting a blocking GC Explicit
08-06 00:19:07.981 28713 28724 I art     : Explicit concurrent mark sweep GC freed 3(96B) AllocSpace objects, 0(0B) LOS objects, 27% free, 43MB/59MB, paused 620us total 59.949ms
08-06 00:19:08.001 28713 28724 I art     : Starting a blocking GC Explicit
08-06 00:19:08.005 28713 32228 I NAPPA_EXPERIMENTATION: MetricNetworkRequestExecutionTime: REQUEST_DURATION_SYSTEM='202',REQUEST_DURATION_OKHTTP='191',REQUEST_SYNCHRONOUS='TRUE',RESPONSE_CODE='200',RESPONSE_METHOD='GET',RESPONSE_LENGTH_OKHTTP='-1',RESPONSE_LENGTH_HEADER='30610',REQUEST_PROTOCOL='h2',REQUEST_URL='https://oauth.reddit.com/r/aww/hot/.json?after=t3_hz5odc',
08-06 00:19:08.005 28713 32228 D OK      : request got status: 200
08-06 00:19:08.025 28713 29300 I PostListingFragment: Precaching images: OFF
08-06 00:19:08.025 28713 29300 I PostListingFragment: Precaching comments: OFF
08-06 00:19:08.033 28602 28602 I ServiceManager: Waiting for service AtCmdFwd...
08-06 00:19:08.055 28713 31206 I RedditVideosAPI: For 'https://v.redd.it/syww111dtjd51/DASHPlaylist.mpd', got video stream 'https://v.redd.it/syww111dtjd51/DASH_480' and audio stream 'https://v.redd.it/syww111dtjd51/audio'
08-06 00:19:08.059 28713 28724 I art     : Explicit concurrent mark sweep GC freed 2860(235KB) AllocSpace objects, 5(388KB) LOS objects, 26% free, 43MB/59MB, paused 1.539ms total 57.429ms
08-06 00:19:08.122 28713 29300 I getImgurImageInfo: Image nLQR2hT: trying API v3 with auth
08-06 00:19:08.194 28713 32229 I RedditVideosAPI: For 'https://v.redd.it/ue0jdgk9zhd51/DASHPlaylist.mpd', got video stream 'https://v.redd.it/ue0jdgk9zhd51/DASH_360' and audio stream 'https://v.redd.it/ue0jdgk9zhd51/audio'
08-06 00:19:08.204 28713 31206 I RedditVideosAPI: For 'https://v.redd.it/pbqrrfb3tkd51/DASHPlaylist.mpd', got video stream 'https://v.redd.it/pbqrrfb3tkd51/DASH_480' and audio stream 'null'
08-06 00:19:08.205 28713 31206 I RedditVideosAPI: For 'https://v.redd.it/rrygsb8i4ld51/DASHPlaylist.mpd', got video stream 'https://v.redd.it/rrygsb8i4ld51/DASH_480' and audio stream 'https://v.redd.it/rrygsb8i4ld51/audio'
08-06 00:19:08.206 28713 31206 I RedditVideosAPI: For 'https://v.redd.it/5x6zzipz8ld51/DASHPlaylist.mpd', got video stream 'https://v.redd.it/5x6zzipz8ld51/DASH_480' and audio stream 'null'
08-06 00:19:08.208 28713 31206 I RedditVideosAPI: For 'https://v.redd.it/75en73fm5id51/DASHPlaylist.mpd', got video stream 'https://v.redd.it/75en73fm5id51/DASH_480' and audio stream 'https://v.redd.it/75en73fm5id51/audio'
08-06 00:19:08.211 28713 32229 I RedditVideosAPI: For 'https://v.redd.it/ggz4fyth6hd51/DASHPlaylist.mpd', got video stream 'https://v.redd.it/ggz4fyth6hd51/DASH_360' and audio stream 'null'
08-06 00:19:08.211 28713 31206 I RedditVideosAPI: For 'https://v.redd.it/psrknoobrgd51/DASHPlaylist.mpd', got video stream 'https://v.redd.it/psrknoobrgd51/DASH_480' and audio stream 'null'
08-06 00:19:08.212 28713 32229 I RedditVideosAPI: For 'https://v.redd.it/jk6cwef4wld51/DASHPlaylist.mpd', got video stream 'https://v.redd.it/jk6cwef4wld51/DASH_480' and audio stream 'null'
08-06 00:19:08.213 28713 31206 I RedditVideosAPI: For 'https://v.redd.it/t81s8zfz9ld51/DASHPlaylist.mpd', got video stream 'https://v.redd.it/t81s8zfz9ld51/DASH_480' and audio stream 'https://v.redd.it/t81s8zfz9ld51/audio'
08-06 00:19:08.213 28713 32229 I RedditVideosAPI: For 'https://v.redd.it/xd6c4yyutgd51/DASHPlaylist.mpd', got video stream 'https://v.redd.it/xd6c4yyutgd51/DASH_480' and audio stream 'null'
08-06 00:19:08.385 28713 30847 I art     : Starting a blocking GC Explicit
08-06 00:19:08.447   918  3188 I hubconnection: sensorhub said: 'set_bias 3: -4.8192, 0.0000, 0.0000'
08-06 00:19:08.464 28713 30847 I art     : Explicit concurrent mark sweep GC freed 41044(2MB) AllocSpace objects, 93(5MB) LOS objects, 24% free, 48MB/64MB, paused 639us total 78.449ms
08-06 00:19:08.487 28713 30847 I art     : Starting a blocking GC Explicit
08-06 00:19:08.546 28713 30847 I art     : Explicit concurrent mark sweep GC freed 2224(92KB) AllocSpace objects, 0(0B) LOS objects, 24% free, 48MB/64MB, paused 593us total 59.296ms
08-06 00:19:08.567 28713 30847 I art     : Starting a blocking GC Explicit
08-06 00:19:08.629 28713 30847 I art     : Explicit concurrent mark sweep GC freed 6(192B) AllocSpace objects, 0(0B) LOS objects, 24% free, 48MB/64MB, paused 709us total 61.760ms
08-06 00:19:08.652 28713 30847 I art     : Starting a blocking GC Explicit
08-06 00:19:08.714 28713 30847 I art     : Explicit concurrent mark sweep GC freed 3(96B) AllocSpace objects, 0(0B) LOS objects, 24% free, 48MB/64MB, paused 663us total 61.578ms
08-06 00:19:08.736 28713 30847 I art     : Starting a blocking GC Explicit
08-06 00:19:08.797 28713 30847 I art     : Explicit concurrent mark sweep GC freed 3(96B) AllocSpace objects, 0(0B) LOS objects, 24% free, 48MB/64MB, paused 697us total 61.400ms
08-06 00:19:09.034 28602 28602 I ServiceManager: Waiting for service AtCmdFwd...
08-06 00:19:09.162 28713 28734 I art     : Starting a blocking GC Explicit
08-06 00:19:09.235 28713 28734 I art     : Explicit concurrent mark sweep GC freed 1356(83KB) AllocSpace objects, 1(20KB) LOS objects, 24% free, 48MB/64MB, paused 683us total 72.871ms
08-06 00:19:09.259 28713 28734 I art     : Starting a blocking GC Explicit
08-06 00:19:09.320 28713 28734 I art     : Explicit concurrent mark sweep GC freed 20(704B) AllocSpace objects, 0(0B) LOS objects, 24% free, 48MB/64MB, paused 566us total 60.764ms
08-06 00:19:09.340 28713 28734 I art     : Starting a blocking GC Explicit
08-06 00:19:09.401 28713 28734 I art     : Explicit concurrent mark sweep GC freed 3(96B) AllocSpace objects, 0(0B) LOS objects, 24% free, 48MB/64MB, paused 587us total 60.954ms
08-06 00:19:09.421 28713 28734 I art     : Starting a blocking GC Explicit
08-06 00:19:09.481 28713 28734 I art     : Explicit concurrent mark sweep GC freed 3(96B) AllocSpace objects, 0(0B) LOS objects, 24% free, 48MB/64MB, paused 612us total 59.621ms
08-06 00:19:09.501 28713 28734 I art     : Starting a blocking GC Explicit
08-06 00:19:09.566 28713 28734 I art     : Explicit concurrent mark sweep GC freed 3(96B) AllocSpace objects, 0(0B) LOS objects, 24% free, 48MB/64MB, paused 655us total 64.297ms
08-06 00:19:09.954 28713 28725 I art     : Starting a blocking GC Explicit
08-06 00:19:10.032 28713 28725 I art     : Explicit concurrent mark sweep GC freed 1357(83KB) AllocSpace objects, 1(20KB) LOS objects, 24% free, 48MB/64MB, paused 634us total 77.434ms
08-06 00:19:10.035 28602 28602 I ServiceManager: Waiting for service AtCmdFwd...
08-06 00:19:10.052 28713 28725 I art     : Starting a blocking GC Explicit
08-06 00:19:10.111 28713 28725 I art     : Explicit concurrent mark sweep GC freed 20(704B) AllocSpace objects, 0(0B) LOS objects, 24% free, 48MB/64MB, paused 578us total 58.334ms
08-06 00:19:10.131 28713 28725 I art     : Starting a blocking GC Explicit
08-06 00:19:10.197 28713 28725 I art     : Explicit concurrent mark sweep GC freed 3(96B) AllocSpace objects, 0(0B) LOS objects, 24% free, 48MB/64MB, paused 661us total 65.806ms
08-06 00:19:10.220 28713 28725 I art     : Starting a blocking GC Explicit
08-06 00:19:10.280 28713 28725 I art     : Explicit concurrent mark sweep GC freed 3(96B) AllocSpace objects, 0(0B) LOS objects, 24% free, 48MB/64MB, paused 618us total 59.777ms
08-06 00:19:10.301 28713 28725 I art     : Starting a blocking GC Explicit
08-06 00:19:10.362 28713 28725 I art     : Explicit concurrent mark sweep GC freed 3(96B) AllocSpace objects, 0(0B) LOS objects, 24% free, 48MB/64MB, paused 601us total 61.073ms
08-06 00:19:10.743 28713 29069 I art     : Starting a blocking GC Explicit
08-06 00:19:10.798 28713 29069 I art     : Explicit concurrent mark sweep GC freed 1358(83KB) AllocSpace objects, 1(20KB) LOS objects, 24% free, 48MB/64MB, paused 665us total 54.704ms
08-06 00:19:10.817 28713 29069 I art     : Starting a blocking GC Explicit
08-06 00:19:10.874 28713 29069 I art     : Explicit concurrent mark sweep GC freed 20(704B) AllocSpace objects, 0(0B) LOS objects, 24% free, 48MB/64MB, paused 569us total 56.183ms
08-06 00:19:10.894 28713 29069 I art     : Starting a blocking GC Explicit
08-06 00:19:10.949 28713 29069 I art     : Explicit concurrent mark sweep GC freed 3(96B) AllocSpace objects, 0(0B) LOS objects, 24% free, 48MB/64MB, paused 571us total 55.206ms
08-06 00:19:10.969 28713 29069 I art     : Starting a blocking GC Explicit
08-06 00:19:11.025 28713 29069 I art     : Explicit concurrent mark sweep GC freed 3(96B) AllocSpace objects, 0(0B) LOS objects, 24% free, 48MB/64MB, paused 593us total 56.068ms
08-06 00:19:11.036 28602 28602 I ServiceManager: Waiting for service AtCmdFwd...
08-06 00:19:11.045 28713 29069 I art     : Starting a blocking GC Explicit
08-06 00:19:11.100 28713 29069 I art     : Explicit concurrent mark sweep GC freed 3(96B) AllocSpace objects, 0(0B) LOS objects, 24% free, 48MB/64MB, paused 614us total 54.974ms
08-06 00:19:11.150 32268 32268 D AndroidRuntime: >>>>>> START com.android.internal.os.RuntimeInit uid 2000 <<<<<<
08-06 00:19:11.157 32268 32268 D AndroidRuntime: CheckJNI is OFF
08-06 00:19:11.201 32268 32268 D ICU     : No timezone override file found: /data/misc/zoneinfo/current/icu/icu_tzdata.dat
08-06 00:19:11.251 32268 32268 I Radio-JNI: register_android_hardware_Radio DONE
08-06 00:19:11.281 32268 32268 D AndroidRuntime: Calling main entry com.android.commands.input.Input
08-06 00:19:11.283 32268 32268 I Input   : injectMotionEvent: MotionEvent { action=ACTION_DOWN, actionButton=0, id[0]=0, x[0]=1340.0, y[0]=1100.0, toolType[0]=TOOL_TYPE_UNKNOWN, buttonState=0, metaState=0, flags=0x0, edgeFlags=0x0, pointerCount=1, historySize=0, eventTime=836367696, downTime=836367696, deviceId=0, source=0x1002 }
08-06 00:19:11.288 32268 32268 I Input   : injectMotionEvent: MotionEvent { action=ACTION_UP, actionButton=0, id[0]=0, x[0]=1340.0, y[0]=1100.0, toolType[0]=TOOL_TYPE_UNKNOWN, buttonState=0, metaState=0, flags=0x0, edgeFlags=0x0, pointerCount=1, historySize=0, eventTime=836367696, downTime=836367696, deviceId=0, source=0x1002 }
08-06 00:19:11.291 32268 32268 D AndroidRuntime: Shutting down VM
08-06 00:19:11.313   512  2967 D audio_hw_primary: out_set_parameters: enter: usecase(1: low-latency-playback) kvpairs: routing=2
08-06 00:19:11.313   918  3359 I ActivityManager: START u0 {dat=https://oauth.reddit.com/... cmp=baseline.org.quantumbadger.redreader/.activities.CommentListingActivity} from uid 10705 on display 0
08-06 00:19:11.326   512  2967 D audio_hw_primary: select_devices: out_snd_device(2: speaker) in_snd_device(0: none)
08-06 00:19:11.326   512  2967 D msm8974_platform: platform_send_audio_calibration: sending audio calibration for snd_device(2) acdb_id(15)
08-06 00:19:11.327   512  2967 I soundtrigger: audio_extn_sound_trigger_update_device_status: device 0x2 of type 0 for Event 1
08-06 00:19:11.337 28713 28713 I AppCompatViewInflater: app:theme is now deprecated. Please move to using android:theme instead.
08-06 00:19:11.339   512  2967 D audio_hw_primary: enable_snd_device: snd_device(2: speaker)
08-06 00:19:11.341   512  2967 D audio_hw_primary: enable_audio_route: apply and update mixer path: low-latency-playback speaker
08-06 00:19:11.357 28713 29300 I CommentListingActivity: COMMENTS session changed to c8784454-31d1-4a95-a621-5c33220891a3
08-06 00:19:11.455   918   936 I ActivityManager: Displayed baseline.org.quantumbadger.redreader/.activities.CommentListingActivity: +133ms
08-06 00:19:11.458 28713 30847 I art     : Starting a blocking GC Explicit
08-06 00:19:11.463 13866 13866 I GoogleInputMethodServic: GoogleInputMethodService.onFinishInput():3138 
08-06 00:19:11.477 13866 13866 I GoogleInputMethodServic: GoogleInputMethodService.onStartInput():1808 
08-06 00:19:11.544 28713 30847 I art     : Explicit concurrent mark sweep GC freed 28117(1588KB) AllocSpace objects, 1(20KB) LOS objects, 24% free, 50MB/66MB, paused 800us total 85.967ms
08-06 00:19:11.567 28713 30847 I art     : Starting a blocking GC Explicit
08-06 00:19:11.630 28713 30847 I art     : Explicit concurrent mark sweep GC freed 23838(1265KB) AllocSpace objects, 53(10MB) LOS objects, 28% free, 39MB/55MB, paused 553us total 62.318ms
08-06 00:19:11.651 28713 30847 I art     : Starting a blocking GC Explicit
08-06 00:19:11.687   380   380 W SurfaceFlinger: couldn't log to binary event log: overflow.
08-06 00:19:11.709 28713 30847 I art     : Explicit concurrent mark sweep GC freed 64(3KB) AllocSpace objects, 0(0B) LOS objects, 28% free, 39MB/55MB, paused 496us total 58.021ms
08-06 00:19:11.729 28713 30847 I art     : Starting a blocking GC Explicit
08-06 00:19:11.785 28713 30847 I art     : Explicit concurrent mark sweep GC freed 5(192B) AllocSpace objects, 0(0B) LOS objects, 28% free, 39MB/55MB, paused 539us total 55.644ms
08-06 00:19:11.806 28713 30847 I art     : Starting a blocking GC Explicit
08-06 00:19:11.810 28713 32209 I RedditChangeDataIO: Writing tmp data file at '/data/user/0/baseline.org.quantumbadger.redreader/files/rr_change_data_tmp.dat'
08-06 00:19:11.811 28713 32209 I RedditChangeDataManager: Taking snapshot...
08-06 00:19:11.811 28713 32209 I RedditChangeDataManager: Writing to stream...
08-06 00:19:11.811 28713 32209 I RedditChangeDataManager: Wrote 6 entries for user ''
08-06 00:19:11.811 28713 32209 I RedditChangeDataManager: All entries written to stream.
08-06 00:19:11.811 28713 32209 I RedditChangeDataIO: Write successful. Atomically replacing data file...
08-06 00:19:11.811 28713 32209 I RedditChangeDataIO: Write complete.
08-06 00:19:11.812 28713 32209 I RedditChangeDataIO: 158 bytes written in 2 ms
08-06 00:19:11.868 28713 30847 I art     : Explicit concurrent mark sweep GC freed 226(9KB) AllocSpace objects, 1(68KB) LOS objects, 28% free, 39MB/55MB, paused 516us total 62.600ms
08-06 00:19:11.891   512  2967 D audio_hw_primary: disable_audio_route: reset and update mixer path: low-latency-playback speaker
08-06 00:19:11.893   512  2967 D audio_hw_primary: disable_snd_device: snd_device(2: speaker)
08-06 00:19:11.901   512  2967 I soundtrigger: audio_extn_sound_trigger_update_device_status: device 0x2 of type 0 for Event 0
08-06 00:19:12.036 28602 28602 W Atfwd_Sendcmd: AtCmdFwd service not published, waiting... retryCnt : 2
08-06 00:19:12.210 28713 29069 I art     : Starting a blocking GC Explicit
08-06 00:19:12.276 28713 29069 I art     : Explicit concurrent mark sweep GC freed 1373(83KB) AllocSpace objects, 1(20KB) LOS objects, 28% free, 39MB/55MB, paused 516us total 65.520ms
08-06 00:19:12.299 28713 29069 I art     : Starting a blocking GC Explicit
08-06 00:19:12.360 28713 29069 I art     : Explicit concurrent mark sweep GC freed 20(704B) AllocSpace objects, 0(0B) LOS objects, 28% free, 39MB/55MB, paused 479us total 60.591ms
08-06 00:19:12.381 28713 29069 I art     : Starting a blocking GC Explicit
08-06 00:19:12.441 28713 29069 I art     : Explicit concurrent mark sweep GC freed 3(96B) AllocSpace objects, 0(0B) LOS objects, 28% free, 39MB/55MB, paused 534us total 60.180ms
08-06 00:19:12.462 28713 29069 I art     : Starting a blocking GC Explicit
08-06 00:19:12.527 28713 29069 I art     : Explicit concurrent mark sweep GC freed 49(1920B) AllocSpace objects, 0(0B) LOS objects, 28% free, 39MB/55MB, paused 542us total 63.973ms
08-06 00:19:12.548 28713 29069 I art     : Starting a blocking GC Explicit
08-06 00:19:12.612 28713 29069 I art     : Explicit concurrent mark sweep GC freed 3(96B) AllocSpace objects, 0(0B) LOS objects, 28% free, 39MB/55MB, paused 543us total 63.879ms
08-06 00:19:12.975 28713 30847 I art     : Starting a blocking GC Explicit
08-06 00:19:13.067 28713 30847 I art     : Explicit concurrent mark sweep GC freed 1357(83KB) AllocSpace objects, 1(20KB) LOS objects, 28% free, 39MB/55MB, paused 627us total 91.734ms
08-06 00:19:13.090 28713 30847 I art     : Starting a blocking GC Explicit
08-06 00:19:13.165 28713 30847 I art     : Explicit concurrent mark sweep GC freed 49(2176B) AllocSpace objects, 0(0B) LOS objects, 28% free, 39MB/55MB, paused 505us total 74.004ms
08-06 00:19:13.166   918  3261 D WifiStateMachine: starting scan for "H369AA63323"WPA_PSK with 2412,5180
08-06 00:19:13.191 28713 30847 I art     : Starting a blocking GC Explicit
08-06 00:19:13.261 28713 30847 I art     : Explicit concurrent mark sweep GC freed 249(42KB) AllocSpace objects, 0(0B) LOS objects, 28% free, 39MB/55MB, paused 516us total 69.444ms
08-06 00:19:13.283 28713 30847 I art     : Starting a blocking GC Explicit
08-06 00:19:13.354 28713 30847 I art     : Explicit concurrent mark sweep GC freed 68(2272B) AllocSpace objects, 0(0B) LOS objects, 28% free, 39MB/55MB, paused 518us total 70.791ms
08-06 00:19:13.376 28713 30847 I art     : Starting a blocking GC Explicit
08-06 00:19:13.446 28713 30847 I art     : Explicit concurrent mark sweep GC freed 3(96B) AllocSpace objects, 0(0B) LOS objects, 28% free, 39MB/55MB, paused 446us total 69.418ms
08-06 00:19:13.820 28713 28734 I art     : Starting a blocking GC Explicit
08-06 00:19:13.905 28713 28734 I art     : Explicit concurrent mark sweep GC freed 1354(82KB) AllocSpace objects, 1(20KB) LOS objects, 28% free, 39MB/55MB, paused 566us total 84.465ms
08-06 00:19:13.931 28713 28734 I art     : Starting a blocking GC Explicit
08-06 00:19:14.001 28713 28734 I art     : Explicit concurrent mark sweep GC freed 20(704B) AllocSpace objects, 0(0B) LOS objects, 28% free, 39MB/55MB, paused 526us total 69.279ms
08-06 00:19:14.023 28713 28734 I art     : Starting a blocking GC Explicit
08-06 00:19:14.100 28713 28734 I art     : Explicit concurrent mark sweep GC freed 3(96B) AllocSpace objects, 0(0B) LOS objects, 28% free, 39MB/55MB, paused 570us total 76.934ms
08-06 00:19:14.124 28713 28734 I art     : Starting a blocking GC Explicit
08-06 00:19:14.197 28713 28734 I art     : Explicit concurrent mark sweep GC freed 3(96B) AllocSpace objects, 0(0B) LOS objects, 28% free, 39MB/55MB, paused 502us total 72.503ms
08-06 00:19:14.218 28713 28734 I art     : Starting a blocking GC Explicit
08-06 00:19:14.292 28713 28734 I art     : Explicit concurrent mark sweep GC freed 3(96B) AllocSpace objects, 0(0B) LOS objects, 28% free, 39MB/55MB, paused 521us total 73.582ms
08-06 00:19:14.676 28713 28724 I art     : Starting a blocking GC Explicit
08-06 00:19:14.762 28713 28724 I art     : Explicit concurrent mark sweep GC freed 1354(82KB) AllocSpace objects, 1(20KB) LOS objects, 28% free, 39MB/55MB, paused 540us total 85.625ms
08-06 00:19:14.787 28713 28724 I art     : Starting a blocking GC Explicit
08-06 00:19:14.861 28713 28724 I art     : Explicit concurrent mark sweep GC freed 20(704B) AllocSpace objects, 0(0B) LOS objects, 28% free, 39MB/55MB, paused 584us total 73.905ms
08-06 00:19:14.887 28713 28724 I art     : Starting a blocking GC Explicit
08-06 00:19:14.962 28713 28724 I art     : Explicit concurrent mark sweep GC freed 3(96B) AllocSpace objects, 0(0B) LOS objects, 28% free, 39MB/55MB, paused 499us total 74.921ms
08-06 00:19:14.984 28713 28724 I art     : Starting a blocking GC Explicit
08-06 00:19:15.059 28713 28724 I art     : Explicit concurrent mark sweep GC freed 3(96B) AllocSpace objects, 0(0B) LOS objects, 28% free, 39MB/55MB, paused 550us total 75.169ms
08-06 00:19:15.084 28713 28724 I art     : Starting a blocking GC Explicit
08-06 00:19:15.157 28713 28724 I art     : Explicit concurrent mark sweep GC freed 3(96B) AllocSpace objects, 0(0B) LOS objects, 28% free, 39MB/55MB, paused 524us total 72.996ms
08-06 00:19:15.525 28713 28725 I art     : Starting a blocking GC Explicit
08-06 00:19:15.601 28713 28725 I art     : Explicit concurrent mark sweep GC freed 1354(82KB) AllocSpace objects, 1(20KB) LOS objects, 28% free, 39MB/55MB, paused 511us total 75.690ms
08-06 00:19:15.622 28713 28725 I art     : Starting a blocking GC Explicit
08-06 00:19:15.685 28713 28725 I art     : Explicit concurrent mark sweep GC freed 20(704B) AllocSpace objects, 0(0B) LOS objects, 28% free, 39MB/55MB, paused 522us total 62.572ms
08-06 00:19:15.706 28713 28725 I art     : Starting a blocking GC Explicit
08-06 00:19:15.775 28713 28725 I art     : Explicit concurrent mark sweep GC freed 3(96B) AllocSpace objects, 0(0B) LOS objects, 28% free, 39MB/55MB, paused 497us total 69.286ms
08-06 00:19:15.796 28713 28725 I art     : Starting a blocking GC Explicit
08-06 00:19:15.864 28713 28725 I art     : Explicit concurrent mark sweep GC freed 3(96B) AllocSpace objects, 0(0B) LOS objects, 28% free, 39MB/55MB, paused 558us total 67.348ms
08-06 00:19:15.886 28713 28725 I art     : Starting a blocking GC Explicit
08-06 00:19:15.953 28713 28725 I art     : Explicit concurrent mark sweep GC freed 3(96B) AllocSpace objects, 0(0B) LOS objects, 28% free, 39MB/55MB, paused 534us total 67.416ms
08-06 00:19:16.114 32348 32348 D AndroidRuntime: >>>>>> START com.android.internal.os.RuntimeInit uid 2000 <<<<<<
08-06 00:19:16.121 32348 32348 D AndroidRuntime: CheckJNI is OFF
08-06 00:19:16.163 32348 32348 D ICU     : No timezone override file found: /data/misc/zoneinfo/current/icu/icu_tzdata.dat
08-06 00:19:16.204 32348 32348 I Radio-JNI: register_android_hardware_Radio DONE
08-06 00:19:16.232 32348 32348 D AndroidRuntime: Calling main entry com.android.commands.input.Input
08-06 00:19:16.234 32348 32348 I Input   : injectKeyEvent: KeyEvent { action=ACTION_DOWN, keyCode=KEYCODE_BACK, scanCode=0, metaState=0, flags=0x0, repeatCount=0, eventTime=836372647, downTime=836372647, deviceId=-1, source=0x101 }
08-06 00:19:16.239 32348 32348 I Input   : injectKeyEvent: KeyEvent { action=ACTION_UP, keyCode=KEYCODE_BACK, scanCode=0, metaState=0, flags=0x0, repeatCount=0, eventTime=836372647, downTime=836372647, deviceId=-1, source=0x101 }
08-06 00:19:16.245 32348 32348 D AndroidRuntime: Shutting down VM
08-06 00:19:16.291 13866 13866 I GoogleInputMethodServic: GoogleInputMethodService.onFinishInput():3138 
08-06 00:19:16.292 13866 13866 I GoogleInputMethodServic: GoogleInputMethodService.onStartInput():1808 
08-06 00:19:16.301 28713 28725 I art     : Starting a blocking GC Explicit
08-06 00:19:16.365 28713 28725 I art     : Explicit concurrent mark sweep GC freed 1610(91KB) AllocSpace objects, 1(20KB) LOS objects, 28% free, 39MB/55MB, paused 550us total 63.881ms
08-06 00:19:16.386 28713 28725 I art     : Starting a blocking GC Explicit
08-06 00:19:16.441 28713 28725 I art     : Explicit concurrent mark sweep GC freed 35(1232B) AllocSpace objects, 0(0B) LOS objects, 28% free, 39MB/55MB, paused 475us total 55.068ms
08-06 00:19:16.463 28713 28725 I art     : Starting a blocking GC Explicit
08-06 00:19:16.539 28713 28725 I art     : Explicit concurrent mark sweep GC freed 3(96B) AllocSpace objects, 0(0B) LOS objects, 28% free, 39MB/55MB, paused 489us total 75.889ms
08-06 00:19:16.566 28713 28725 I art     : Starting a blocking GC Explicit
08-06 00:19:16.609   380   380 W SurfaceFlinger: couldn't log to binary event log: overflow.
08-06 00:19:16.632 28713 28725 I art     : Explicit concurrent mark sweep GC freed 45(1488B) AllocSpace objects, 0(0B) LOS objects, 28% free, 39MB/55MB, paused 482us total 65.993ms
08-06 00:19:16.652 28713 28725 I art     : Starting a blocking GC Explicit
08-06 00:19:16.714 28713 28725 I art     : Explicit concurrent mark sweep GC freed 23(992B) AllocSpace objects, 0(0B) LOS objects, 28% free, 39MB/55MB, paused 513us total 61.395ms
08-06 00:19:17.059 28713 30847 I art     : Starting a blocking GC Explicit
08-06 00:19:17.136 28713 30847 I art     : Explicit concurrent mark sweep GC freed 42745(2MB) AllocSpace objects, 6(160KB) LOS objects, 29% free, 37MB/53MB, paused 566us total 76.418ms
08-06 00:19:17.157 28713 30847 I art     : Starting a blocking GC Explicit
08-06 00:19:17.207 28713 30847 I art     : Explicit concurrent mark sweep GC freed 20(704B) AllocSpace objects, 0(0B) LOS objects, 29% free, 37MB/53MB, paused 492us total 49.920ms
08-06 00:19:17.226 28713 30847 I art     : Starting a blocking GC Explicit
08-06 00:19:17.275 28713 30847 I art     : Explicit concurrent mark sweep GC freed 3(96B) AllocSpace objects, 0(0B) LOS objects, 29% free, 37MB/53MB, paused 494us total 48.958ms
08-06 00:19:17.295 28713 30847 I art     : Starting a blocking GC Explicit
08-06 00:19:17.349 28713 30847 I art     : Explicit concurrent mark sweep GC freed 3(96B) AllocSpace objects, 0(0B) LOS objects, 29% free, 37MB/53MB, paused 569us total 54.119ms
08-06 00:19:17.349 28713 28723 I art     : WaitForGcToComplete blocked for 54.586ms for cause HeapTrim
08-06 00:19:17.372 28713 30847 I art     : Starting a blocking GC Explicit
08-06 00:19:17.422 28713 30847 I art     : Explicit concurrent mark sweep GC freed 3(96B) AllocSpace objects, 0(0B) LOS objects, 29% free, 37MB/53MB, paused 494us total 49.886ms
08-06 00:19:17.742 28713 29069 I art     : Starting a blocking GC Explicit
08-06 00:19:17.799 28713 29069 I art     : Explicit concurrent mark sweep GC freed 1354(82KB) AllocSpace objects, 1(20KB) LOS objects, 29% free, 37MB/53MB, paused 495us total 56.677ms
08-06 00:19:17.819 28713 29069 I art     : Starting a blocking GC Explicit
08-06 00:19:17.869 28713 29069 I art     : Explicit concurrent mark sweep GC freed 20(704B) AllocSpace objects, 0(0B) LOS objects, 29% free, 37MB/53MB, paused 533us total 49.747ms
08-06 00:19:17.889 28713 29069 I art     : Starting a blocking GC Explicit
08-06 00:19:17.942 28713 29069 I art     : Explicit concurrent mark sweep GC freed 3(96B) AllocSpace objects, 0(0B) LOS objects, 29% free, 37MB/53MB, paused 514us total 52.910ms
08-06 00:19:17.961 28713 29069 I art     : Starting a blocking GC Explicit
08-06 00:19:18.013 28713 29069 I art     : Explicit concurrent mark sweep GC freed 3(96B) AllocSpace objects, 0(0B) LOS objects, 29% free, 37MB/53MB, paused 511us total 51.546ms
08-06 00:19:18.032 28713 29069 I art     : Starting a blocking GC Explicit
08-06 00:19:18.052 32383 32383 D AndroidRuntime: >>>>>> START com.android.internal.os.RuntimeInit uid 2000 <<<<<<
08-06 00:19:18.058 32383 32383 D AndroidRuntime: CheckJNI is OFF
08-06 00:19:18.083 28713 29069 I art     : Explicit concurrent mark sweep GC freed 3(96B) AllocSpace objects, 0(0B) LOS objects, 29% free, 37MB/53MB, paused 515us total 50.165ms
08-06 00:19:18.106 32383 32383 D ICU     : No timezone override file found: /data/misc/zoneinfo/current/icu/icu_tzdata.dat
08-06 00:19:18.152 32383 32383 I Radio-JNI: register_android_hardware_Radio DONE
08-06 00:19:18.181 32383 32383 D AndroidRuntime: Calling main entry com.android.commands.input.Input
08-06 00:19:18.183 32383 32383 I Input   : injectKeyEvent: KeyEvent { action=ACTION_DOWN, keyCode=KEYCODE_BACK, scanCode=0, metaState=0, flags=0x0, repeatCount=0, eventTime=836374596, downTime=836374596, deviceId=-1, source=0x101 }
08-06 00:19:18.191 32383 32383 I Input   : injectKeyEvent: KeyEvent { action=ACTION_UP, keyCode=KEYCODE_BACK, scanCode=0, metaState=0, flags=0x0, repeatCount=0, eventTime=836374596, downTime=836374596, deviceId=-1, source=0x101 }
08-06 00:19:18.202 32383 32383 D AndroidRuntime: Shutting down VM
08-06 00:19:18.239 13866 13866 I GoogleInputMethodServic: GoogleInputMethodService.onFinishInput():3138 
08-06 00:19:18.240 13866 13866 I GoogleInputMethodServic: GoogleInputMethodService.onStartInput():1808 
08-06 00:19:18.389 28713 28734 I art     : Starting a blocking GC Explicit
08-06 00:19:18.449 28713 28734 I art     : Explicit concurrent mark sweep GC freed 1533(88KB) AllocSpace objects, 1(20KB) LOS objects, 29% free, 37MB/53MB, paused 643us total 59.733ms
08-06 00:19:18.472 28713 28734 I art     : Starting a blocking GC Explicit
08-06 00:19:18.526 28713 28734 I art     : Explicit concurrent mark sweep GC freed 24(864B) AllocSpace objects, 0(0B) LOS objects, 29% free, 37MB/53MB, paused 494us total 54.217ms
08-06 00:19:18.547 28713 28734 I art     : Starting a blocking GC Explicit
08-06 00:19:18.593 28713 28734 I art     : Explicit concurrent mark sweep GC freed 58(2160B) AllocSpace objects, 0(0B) LOS objects, 29% free, 37MB/53MB, paused 520us total 46.142ms
08-06 00:19:18.612 28713 28734 I art     : Starting a blocking GC Explicit
08-06 00:19:18.662 28713 28734 I art     : Explicit concurrent mark sweep GC freed 133(6KB) AllocSpace objects, 0(0B) LOS objects, 29% free, 37MB/53MB, paused 573us total 49.410ms
08-06 00:19:18.681 28713 28734 I art     : Starting a blocking GC Explicit
08-06 00:19:18.731 28713 28734 I art     : Explicit concurrent mark sweep GC freed 3(96B) AllocSpace objects, 0(0B) LOS objects, 29% free, 37MB/53MB, paused 521us total 49.868ms
08-06 00:19:19.081 28713 28725 I art     : Starting a blocking GC Explicit
08-06 00:19:19.144 28713 28725 I art     : Explicit concurrent mark sweep GC freed 1354(82KB) AllocSpace objects, 1(20KB) LOS objects, 29% free, 37MB/53MB, paused 594us total 62.703ms
08-06 00:19:19.167 28713 28725 I art     : Starting a blocking GC Explicit
08-06 00:19:19.219 28713 28725 I art     : Explicit concurrent mark sweep GC freed 20(704B) AllocSpace objects, 0(0B) LOS objects, 29% free, 37MB/53MB, paused 548us total 52.331ms
08-06 00:19:19.238 28713 28725 I art     : Starting a blocking GC Explicit
08-06 00:19:19.289 28713 28725 I art     : Explicit concurrent mark sweep GC freed 3(96B) AllocSpace objects, 0(0B) LOS objects, 29% free, 37MB/53MB, paused 536us total 50.688ms
08-06 00:19:19.308 28713 28725 I art     : Starting a blocking GC Explicit
08-06 00:19:19.358 28713 28725 I art     : Explicit concurrent mark sweep GC freed 3(96B) AllocSpace objects, 0(0B) LOS objects, 29% free, 37MB/53MB, paused 508us total 48.891ms
08-06 00:19:19.377 28713 28725 I art     : Starting a blocking GC Explicit
08-06 00:19:19.428 28713 28725 I art     : Explicit concurrent mark sweep GC freed 3(96B) AllocSpace objects, 0(0B) LOS objects, 29% free, 37MB/53MB, paused 558us total 50.914ms
08-06 00:19:19.744 28713 29069 I art     : Starting a blocking GC Explicit
08-06 00:19:19.804 28713 29069 I art     : Explicit concurrent mark sweep GC freed 1354(82KB) AllocSpace objects, 1(20KB) LOS objects, 29% free, 37MB/53MB, paused 524us total 59.520ms
08-06 00:19:19.823 28713 29069 I art     : Starting a blocking GC Explicit
08-06 00:19:19.875 28713 29069 I art     : Explicit concurrent mark sweep GC freed 20(704B) AllocSpace objects, 0(0B) LOS objects, 29% free, 37MB/53MB, paused 592us total 51.811ms
08-06 00:19:19.895 28713 29069 I art     : Starting a blocking GC Explicit
08-06 00:19:19.946 28713 29069 I art     : Explicit concurrent mark sweep GC freed 3(96B) AllocSpace objects, 0(0B) LOS objects, 29% free, 37MB/53MB, paused 537us total 51.311ms
08-06 00:19:19.965 28713 29069 I art     : Starting a blocking GC Explicit
08-06 00:19:20.017 28713 29069 I art     : Explicit concurrent mark sweep GC freed 3(96B) AllocSpace objects, 0(0B) LOS objects, 29% free, 37MB/53MB, paused 566us total 51.061ms
08-06 00:19:20.036 28713 29069 I art     : Starting a blocking GC Explicit
08-06 00:19:20.068 32430 32430 D AndroidRuntime: >>>>>> START com.android.internal.os.RuntimeInit uid 2000 <<<<<<
08-06 00:19:20.074 32430 32430 D AndroidRuntime: CheckJNI is OFF
08-06 00:19:20.087 28713 29069 I art     : Explicit concurrent mark sweep GC freed 3(96B) AllocSpace objects, 0(0B) LOS objects, 29% free, 37MB/53MB, paused 620us total 51.445ms
08-06 00:19:20.123 32430 32430 D ICU     : No timezone override file found: /data/misc/zoneinfo/current/icu/icu_tzdata.dat
08-06 00:19:20.170 32430 32430 I Radio-JNI: register_android_hardware_Radio DONE
08-06 00:19:20.199 32430 32430 D AndroidRuntime: Calling main entry com.android.commands.am.Am
08-06 00:19:20.208  3167  3167 I Trepn   : Trepn 6.2s: Received intent: com.quicinc.trepn.stop_profiling
08-06 00:19:20.241  3167  3167 I Trepn   : Trepn 6.2s: Trepn has Stopped Profiling.
08-06 00:19:20.372 32430 32430 D AndroidRuntime: Shutting down VM
08-06 00:19:20.376   918  4400 W AppOps  : Finishing op nesting under-run: uid 10078 pkg com.quicinc.trepn code 24 time=0 duration=0 nesting=0
08-06 00:19:20.413 28713 28724 I art     : Starting a blocking GC Explicit
08-06 00:19:20.461 28713 28724 I art     : Explicit concurrent mark sweep GC freed 1354(82KB) AllocSpace objects, 1(20KB) LOS objects, 29% free, 37MB/53MB, paused 501us total 47.297ms
08-06 00:19:20.480 28713 28724 I art     : Starting a blocking GC Explicit
08-06 00:19:20.541 28713 28724 I art     : Explicit concurrent mark sweep GC freed 20(704B) AllocSpace objects, 0(0B) LOS objects, 29% free, 37MB/53MB, paused 603us total 60.154ms
08-06 00:19:20.563 28713 28724 I art     : Starting a blocking GC Explicit
08-06 00:19:20.616 28713 28724 I art     : Explicit concurrent mark sweep GC freed 3(96B) AllocSpace objects, 0(0B) LOS objects, 29% free, 37MB/53MB, paused 519us total 53.421ms
08-06 00:19:20.636 28713 28724 I art     : Starting a blocking GC Explicit
08-06 00:19:20.686 28713 28724 I art     : Explicit concurrent mark sweep GC freed 3(96B) AllocSpace objects, 0(0B) LOS objects, 29% free, 37MB/53MB, paused 473us total 49.699ms
08-06 00:19:20.705 28713 28724 I art     : Starting a blocking GC Explicit
08-06 00:19:20.753 28713 28724 I art     : Explicit concurrent mark sweep GC freed 3(96B) AllocSpace objects, 0(0B) LOS objects, 29% free, 37MB/53MB, paused 557us total 47.355ms
08-06 00:19:22.037 28602 28602 I ServiceManager: Waiting for service AtCmdFwd...
08-06 00:19:23.038 28602 28602 I ServiceManager: Waiting for service AtCmdFwd...
08-06 00:19:24.038 28602 28602 I ServiceManager: Waiting for service AtCmdFwd...
08-06 00:19:25.039 28602 28602 I ServiceManager: Waiting for service AtCmdFwd...
