--------- beginning of main
08-06 11:57:50.805  3784  3784 D CarrierServiceBindHelper: Receive action: android.intent.action.PACKAGE_REMOVED
08-06 11:57:50.830   918  6110 I AccountManagerService: getTypesVisibleToCaller: isPermitted? true
08-06 11:57:50.869 24365  4275 I Fitness : FitCleanupIntentOperation received Intent android.intent.action.PACKAGE_REMOVED [CONTEXT service_id=17 ]
08-06 11:57:50.869   918  5481 I AccountManagerService: getTypesVisibleToCaller: isPermitted? true
08-06 11:57:50.872 12162 12162 I Finsky  : [1] uah.a(18): PackageMonitorReceiverImpl - Received: android.intent.action.PACKAGE_REMOVED, [ocpw8ddNLhG67i_cxGNvtEQwqY1k5QNC_my-vN553D4]
08-06 11:57:50.872 12162 12162 I Finsky  : [1] ubi.d(9): Invalidating cached PackageState for baseline.org.quantumbadger.redreader
08-06 11:57:50.876 12162 12162 I Finsky  : [1] lzi.c(2): Frosting ID looked up on UI thread. Caller should move to a background thread.
08-06 11:57:50.878  3784  3784 D CarrierServiceBindHelper: Receive action: android.intent.action.PACKAGE_ADDED
08-06 11:57:50.879 12162 12162 I Finsky  : [1] nqb.c(3): Installer: package baseline.org.quantumbadger.redreader was removed. replacing: true
08-06 11:57:50.879  3784  3784 D CarrierServiceBindHelper: Receive action: android.intent.action.PACKAGE_REPLACED
08-06 11:57:50.879  3784  3784 D CarrierServiceBindHelper: mHandler: 3
08-06 11:57:50.879  3784  3784 D CarrierServiceBindHelper: mHandler: 3
08-06 11:57:50.879  3784  3784 D CarrierServiceBindHelper: mHandler: 3
08-06 11:57:50.879  3784  3784 D CarrierConfigLoader: mHandler: 9 phoneId: 0
08-06 11:57:50.880 12162 12162 I Finsky  : [1] nra.a(188): Installer: Notifying status update. package=baseline.org.quantumbadger.redreader, status=UNINSTALLED
08-06 11:57:50.890 12162 12162 I Finsky  : [1] lzi.c(2): Frosting ID looked up on UI thread. Caller should move to a background thread.
08-06 11:57:50.893 12162  4282 I Finsky  : [6392] ejf.a(-1): Cancelled 0 ongoing asset module downloads for package baseline.org.quantumbadger.redreader due to a concurrent app update.
08-06 11:57:50.901 12162 12162 I Finsky  : [1] nra.a(220): Installer: found apps to install. isMultiUserMode=false, apps=[]
08-06 11:57:50.910 12162 12269 I Finsky  : [6285] odj.b(52): IQ: Notifying installation update. package=baseline.org.quantumbadger.redreader, status=UNINSTALLED
08-06 11:57:50.928  3017  3017 I ServiceManager: Waiting for service AtCmdFwd...
08-06 11:57:50.938 12162  4280 I Finsky  : [6390] lyv.run(-1): Wrote row to frosting DB: 3286
08-06 11:57:50.958 24577  4271 I Auth    : [SupervisedAccountIntentOperation] onHandleIntent(): android.intent.action.PACKAGE_ADDED
08-06 11:57:50.959 24577  4270 I ChromeSync: [Sync,SyncIntentOperation] Handling the intent: Intent { act=android.intent.action.PACKAGE_ADDED dat=package:baseline.org.quantumbadger.redreader flg=0x4000010 cmp=com.google.android.gms/.chimera.GmsIntentOperationService (has extras) }.
--------- beginning of system
08-06 11:57:50.967   918  5952 W ActivityManager: Unable to start service Intent { act=com.google.android.gms.auth.key.retrieval.service.START pkg=com.google.android.gms } U=0: not found
08-06 11:57:50.968 12162 12162 I Finsky  : [1] uah.a(18): PackageMonitorReceiverImpl - Received: android.intent.action.PACKAGE_ADDED, [ocpw8ddNLhG67i_cxGNvtEQwqY1k5QNC_my-vN553D4]
08-06 11:57:50.969 12162 12162 I Finsky  : [1] ubi.d(9): Invalidating cached PackageState for baseline.org.quantumbadger.redreader
08-06 11:57:50.997 12162 12162 I Finsky  : [1] lzi.c(2): Frosting ID looked up on UI thread. Caller should move to a background thread.
08-06 11:57:51.047   918  5132 W ActivityManager: Unbind failed: could not find connection for android.os.BinderProxy@c50506c
08-06 11:57:51.056 12162 12162 I Finsky  : [1] agsx.a(4): Do not start WearSupportService due to Wear service optimization
08-06 11:57:51.056 24577 24621 E GmsClient: unable to connect to service: com.google.android.gms.auth.key.retrieval.service.START on com.google.android.gms
08-06 11:57:51.059 12162  4282 I Finsky  : [6392] ejc.a(-1): Asset module broadcast after update successful for package baseline.org.quantumbadger.redreader. 0 sessions broadcast.
08-06 11:57:51.068   918  5481 I AccountManagerService: getTypesVisibleToCaller: isPermitted? true
08-06 11:57:51.069 24577  4270 I ChromeSync: [Persistence,AffiliationManager] One of affiliation or grouping data for android://bz0hZa4nAJEtd0n5sRlXG7KAqctUMWVefv7Ki4mh1p6slZ9YO-n9gS9j8m9YCrsIyI2wIxrDHraumF9Y6pBLTA==@baseline.org.quantumbadger.redreader/ was not found. Marking affiliation data as stale...
08-06 11:57:51.071 12162 12162 I Finsky  : [1] lzi.c(2): Frosting ID looked up on UI thread. Caller should move to a background thread.
08-06 11:57:51.154 12162 12269 I Finsky  : [6285] odj.b(40): IQ: No matching installs to run for jobs: []
08-06 11:57:51.172   918  3961 I AccountManagerService: getTypesVisibleToCaller: isPermitted? true
08-06 11:57:51.234 12162  4280 I Finsky  : [6390] lyv.run(-1): Wrote row to frosting DB: 3287
08-06 11:57:51.247 12162  4281 I Finsky  : [6391] gzn.a(-1): [ContentSync] finished, scheduled=false
08-06 11:57:51.249 12162 12162 I Finsky  : [1] xmu.a(8): SCH: Jobs in database: 1-1337 3-225 3-226 12-1 24-77777777 26-1414141414 
08-06 11:57:51.252 12162 12162 I Finsky  : [1] xio.a(57): SCH: ConstraintMapping: 24-77777777,  -> L: 0ms, D: 33139675ms, C: false, I: true, N: 0
08-06 11:57:51.252 12162 12162 I Finsky  : [1] xio.a(57): SCH: ConstraintMapping: 1-1337, 12-1,  -> L: 14652ms, D: 36481662ms, C: false, I: false, N: 1
08-06 11:57:51.253 12162 12162 I Finsky  : [1] xio.a(57): SCH: ConstraintMapping: 3-225,  -> L: 0ms, D: 76265604ms, C: false, I: true, N: 2
08-06 11:57:51.253 12162 12162 I Finsky  : [1] xio.a(57): SCH: ConstraintMapping: 3-226,  -> L: 0ms, D: 76265648ms, C: true, I: true, N: 2
08-06 11:57:51.253 12162 12162 I Finsky  : [1] xio.a(57): SCH: ConstraintMapping: 26-1414141414,  -> L: 41263048ms, D: 42163048ms, C: false, I: false, N: 0
08-06 11:57:51.255 12162  4281 I Finsky  : [6391] gzn.a(-1): [ContentSync] finished, scheduled=true
08-06 11:57:51.268 12162 12162 I Finsky  : [1] xle.a(34): Cancelling existing jobscheduler jobs: 9002 9006 9004 9001 9010 9003 9005 9008 9007 9009 
08-06 11:57:51.268 12162 12162 I Finsky  : [1] xle.a(27): Scheduling job Id: 9000, L: 0, D: 33139675, C: false, I: true, N: 0
08-06 11:57:51.278 12162 12162 I Finsky  : [1] xle.a(27): Scheduling job Id: 9011, L: 14652, D: 36481662, C: false, I: false, N: 1
08-06 11:57:51.281 12162 12162 I Finsky  : [1] xle.a(27): Scheduling job Id: 9012, L: 0, D: 76265604, C: false, I: true, N: 2
08-06 11:57:51.283 12162 12162 I Finsky  : [1] xle.a(27): Scheduling job Id: 9013, L: 0, D: 76265648, C: true, I: true, N: 2
08-06 11:57:51.285 12162 12162 I Finsky  : [1] xle.a(27): Scheduling job Id: 9014, L: 41263048, D: 42163048, C: false, I: false, N: 0
08-06 11:57:51.287 12162 12162 I Finsky  : [1] xle.a(27): Scheduling job Id: 9015, L: 0, D: 33139675, C: false, I: true, N: 0
08-06 11:57:51.289 12162 12162 I Finsky  : [1] xle.a(27): Scheduling job Id: 9016, L: 14652, D: 36481662, C: false, I: false, N: 1
08-06 11:57:51.290 12162 12162 I Finsky  : [1] xle.a(27): Scheduling job Id: 9017, L: 0, D: 76265604, C: false, I: true, N: 2
08-06 11:57:51.292 12162 12162 I Finsky  : [1] xle.a(27): Scheduling job Id: 9018, L: 0, D: 76265648, C: true, I: true, N: 2
08-06 11:57:51.295 12162 12162 I Finsky  : [1] xle.a(27): Scheduling job Id: 9019, L: 41263048, D: 42163048, C: false, I: false, N: 0
08-06 11:57:51.331 12162  4280 I Finsky  : [6390] lyv.run(-1): Wrote row to frosting DB: 3288
08-06 11:57:51.382 24577 13294 I Icing   : IndexChimeraService.getServiceInterface callingPackage=com.google.android.gms componentName=AppsCorpus serviceId=36
08-06 11:57:51.392 12162  4280 I Finsky  : [6390] lyv.run(-1): Wrote row to frosting DB: 3289
08-06 11:57:51.400  4298  4298 D AndroidRuntime: >>>>>> START com.android.internal.os.RuntimeInit uid 2000 <<<<<<
08-06 11:57:51.404  4298  4298 D AndroidRuntime: CheckJNI is OFF
08-06 11:57:51.427  4298  4298 D ICU     : No timezone override file found: /data/misc/zoneinfo/current/icu/icu_tzdata.dat
08-06 11:57:51.427   918  6112 I AccountManagerService: getTypesVisibleToCaller: isPermitted? true
08-06 11:57:51.430 24577 19565 W Icing   : No valid account for uploading user actions
08-06 11:57:51.459  4298  4298 I Radio-JNI: register_android_hardware_Radio DONE
08-06 11:57:51.461 24577 13316 I Icing   : IndexChimeraService.getServiceInterface callingPackage=com.google.android.gms componentName=null serviceId=30
08-06 11:57:51.474  4298  4298 D AndroidRuntime: Calling main entry com.android.commands.monkey.Monkey
08-06 11:57:51.486 24577 19565 I Icing   : Usage reports ok 1, Failed Usage reports 0, indexed 0, rejected 0
08-06 11:57:51.489   918   931 W BroadcastQueue: Skipping deliver [background] BroadcastRecord{a615fd0 u-1 android.net.conn.CONNECTIVITY_CHANGE} to ReceiverList{1875bc9 4298 (unknown name)/2000/u-1 remote:13fe082}: process crashing
08-06 11:57:51.489 24577 19565 W Icing   : No valid account for uploading user actions
08-06 11:57:51.509 24577 19565 I Icing   : Usage reports ok 0, Failed Usage reports 0, indexed 0, rejected 0
08-06 11:57:51.510 24577 19565 I Icing   : Indexing com.google.android.gms-internal.3p:MobileApplication from com.google.android.gms using seqno 763
08-06 11:57:51.513 24577 19565 I Icing   : Indexing com.google.android.gms-internal.3p:MobileApplication from com.google.android.gms using seqno 763
08-06 11:57:51.528   918  3714 I ActivityManager: START u0 {act=android.intent.action.MAIN cat=[android.intent.category.LAUNCHER] flg=0x10200000 cmp=baseline.org.quantumbadger.redreader/.activities.MainActivity} from uid 2000 on display 0
08-06 11:57:51.545 24577 13316 I Icing   : IndexChimeraService.getServiceInterface callingPackage=com.google.android.gms componentName=null serviceId=36
08-06 11:57:51.551 24577 19565 W Icing   : No valid account for uploading user actions
08-06 11:57:51.553   918  6112 I ActivityManager: Start proc 4314:baseline.org.quantumbadger.redreader/u0a705 for activity baseline.org.quantumbadger.redreader/.activities.MainActivity
08-06 11:57:51.555  4314  4314 I art     : Late-enabling -Xcheck:jni
08-06 11:57:51.567 24577 19565 I Icing   : Usage reports ok 0, Failed Usage reports 0, indexed 0, rejected 0
08-06 11:57:51.581  4298  4298 I art     : System.exit called, status: 0
08-06 11:57:51.582  4298  4298 I AndroidRuntime: VM exiting with result code 0.
08-06 11:57:51.601  4314  4314 W System  : ClassLoader referenced unknown path: /data/app/baseline.org.quantumbadger.redreader-1/lib/arm64
08-06 11:57:51.613  4314  4314 I RedReader: Application created.
08-06 11:57:51.619  4314  4332 I RedditChangeDataIO: Running initial read...
08-06 11:57:51.629  4314  4314 I RedReader: Checking for new messages.
08-06 11:57:51.631  4314  4332 I RedditChangeDataIO: Data file at '/data/user/0/baseline.org.quantumbadger.redreader/files/rr_change_data.dat'
08-06 11:57:51.631  4314  4332 I RedditChangeDataIO: Data file does not exist. Aborting read.
08-06 11:57:51.632  4314  4332 I RedditChangeDataManager: Pruning for all users...
08-06 11:57:51.632  4314  4332 I RedditChangeDataManager: Pruning complete.
08-06 11:57:51.636 16458 14872 I PBSessionCacheImpl: Deleted sessionId[72384646105454640] from persistence.
08-06 11:57:51.642 16458 16488 W SearchServiceCore: Abort, client detached.
08-06 11:57:51.643 16458 16488 I MicroDetectionState: Should stop hotword detection immediately - true
08-06 11:57:51.715  4314  4314 W art     : Before Android 4.1, method android.graphics.PorterDuffColorFilter androidx.vectordrawable.graphics.drawable.VectorDrawableCompat.updateTintFilter(android.graphics.PorterDuffColorFilter, android.content.res.ColorStateList, android.graphics.PorterDuff$Mode) would have incorrectly overridden the package-private method in android.graphics.drawable.Drawable
08-06 11:57:51.716  4314  4331 I CacheManager: Pruning 108 files
08-06 11:57:51.736  4314  4314 I art     : Rejecting re-init on previously-failed class java.lang.Class<androidx.core.view.ViewCompat$2>
08-06 11:57:51.736  4314  4314 I art     : Rejecting re-init on previously-failed class java.lang.Class<androidx.core.view.ViewCompat$2>
08-06 11:57:51.745  4314  4314 I AppCompatViewInflater: app:theme is now deprecated. Please move to using android:theme instead.
08-06 11:57:51.906  4314  4314 I RawObjectDB query string: CREATE TABLE objects(RawObjectDB_id TEXT PRIMARY KEY ON CONFLICT REPLACE,RawObjectDB_timestamp INTEGER,serialised TEXT)
08-06 11:57:51.928  3017  3017 I ServiceManager: Waiting for service AtCmdFwd...
08-06 11:57:51.956  4314  4314 I RawObjectDB query string: CREATE TABLE objects(RawObjectDB_id TEXT PRIMARY KEY ON CONFLICT REPLACE,RawObjectDB_timestamp INTEGER,serialised TEXT)
08-06 11:57:52.043  4314  4334 D OpenGLRenderer: Use EGL_SWAP_BEHAVIOR_PRESERVED: true
08-06 11:57:52.118  4314  4334 I Adreno  : QUALCOMM build                   : fcf4852, I1af360237c
08-06 11:57:52.118  4314  4334 I Adreno  : Build Date                       : 09/23/15
08-06 11:57:52.118  4314  4334 I Adreno  : OpenGL ES Shader Compiler Version: XE031.05.13.02
08-06 11:57:52.118  4314  4334 I Adreno  : Local Branch                     : mybranch14465806
08-06 11:57:52.118  4314  4334 I Adreno  : Remote Branch                    : quic/LA.BF64.1.2.9_v2
08-06 11:57:52.118  4314  4334 I Adreno  : Remote Branch                    : NONE
08-06 11:57:52.118  4314  4334 I Adreno  : Reconstruct Branch               : NOTHING
08-06 11:57:52.129  4314  4334 I OpenGLRenderer: Initialized EGL, version 1.4
08-06 11:57:52.464   918   936 I ActivityManager: Displayed baseline.org.quantumbadger.redreader/.activities.MainActivity: +929ms
08-06 11:57:52.491 24577 14369 I Icing   : Indexing com.google.android.gms-apps from com.google.android.gms
08-06 11:57:52.630 24577 14369 I Icing   : Indexing done com.google.android.gms-apps
08-06 11:57:52.929  3017  3017 W Atfwd_Sendcmd: AtCmdFwd service not published, waiting... retryCnt : 4
08-06 11:57:53.135  4349  4349 D AndroidRuntime: >>>>>> START com.android.internal.os.RuntimeInit uid 2000 <<<<<<
08-06 11:57:53.141  4349  4349 D AndroidRuntime: CheckJNI is OFF
08-06 11:57:53.168  4349  4349 D ICU     : No timezone override file found: /data/misc/zoneinfo/current/icu/icu_tzdata.dat
08-06 11:57:53.203  4349  4349 I Radio-JNI: register_android_hardware_Radio DONE
08-06 11:57:53.221  4349  4349 D AndroidRuntime: Calling main entry com.android.commands.am.Am
08-06 11:57:53.233 14970 14970 I Trepn   : Trepn 6.2s: Received intent: com.quicinc.trepn.start_profiling
08-06 11:57:53.343 14970 14970 W FileUtils: Failed to chmod(/storage/emulated/0/trepn/Trepn_2020.08.06_115753.db): android.system.ErrnoException: chmod failed: EPERM (Operation not permitted)
08-06 11:57:53.479 14970 14970 I Trepn   : Trepn 6.2s: Trepn has Started Profiling.
08-06 11:57:53.482  4349  4349 D AndroidRuntime: Shutting down VM
08-06 11:57:53.978  4314  4326 I art     : Starting a blocking GC Explicit
08-06 11:57:54.017  4314  4326 I art     : Explicit concurrent mark sweep GC freed 31658(2MB) AllocSpace objects, 8(216KB) LOS objects, 40% free, 20MB/34MB, paused 166us total 38.437ms
08-06 11:57:54.025  4314  4326 I art     : Starting a blocking GC Explicit
08-06 11:57:54.036  4314  4326 I art     : Explicit concurrent mark sweep GC freed 1530(73KB) AllocSpace objects, 0(0B) LOS objects, 40% free, 20MB/34MB, paused 114us total 10.223ms
08-06 11:57:54.043  4314  4326 I art     : Starting a blocking GC Explicit
08-06 11:57:54.054  4314  4326 I art     : Explicit concurrent mark sweep GC freed 3(96B) AllocSpace objects, 0(0B) LOS objects, 40% free, 20MB/34MB, paused 121us total 10.143ms
08-06 11:57:54.061  4314  4326 I art     : Starting a blocking GC Explicit
08-06 11:57:54.072  4314  4326 I art     : Explicit concurrent mark sweep GC freed 3(96B) AllocSpace objects, 0(0B) LOS objects, 40% free, 20MB/34MB, paused 114us total 10.188ms
08-06 11:57:54.079  4314  4326 I art     : Starting a blocking GC Explicit
08-06 11:57:54.090  4314  4326 I art     : Explicit concurrent mark sweep GC freed 3(96B) AllocSpace objects, 0(0B) LOS objects, 40% free, 20MB/34MB, paused 116us total 10.369ms
08-06 11:57:54.389  4314  4327 I art     : Starting a blocking GC Explicit
08-06 11:57:54.406  4314  4327 I art     : Explicit concurrent mark sweep GC freed 1334(78KB) AllocSpace objects, 1(20KB) LOS objects, 40% free, 20MB/34MB, paused 162us total 16.356ms
08-06 11:57:54.414  4314  4327 I art     : Starting a blocking GC Explicit
08-06 11:57:54.426  4314  4327 I art     : Explicit concurrent mark sweep GC freed 20(704B) AllocSpace objects, 0(0B) LOS objects, 40% free, 20MB/34MB, paused 141us total 11.342ms
08-06 11:57:54.434  4314  4327 I art     : Starting a blocking GC Explicit
08-06 11:57:54.445  4314  4327 I art     : Explicit concurrent mark sweep GC freed 3(96B) AllocSpace objects, 0(0B) LOS objects, 40% free, 20MB/34MB, paused 124us total 10.647ms
08-06 11:57:54.453  4314  4327 I art     : Starting a blocking GC Explicit
08-06 11:57:54.464  4314  4327 I art     : Explicit concurrent mark sweep GC freed 3(96B) AllocSpace objects, 0(0B) LOS objects, 40% free, 20MB/34MB, paused 124us total 10.755ms
08-06 11:57:54.472  4314  4327 I art     : Starting a blocking GC Explicit
08-06 11:57:54.483  4314  4327 I art     : Explicit concurrent mark sweep GC freed 3(96B) AllocSpace objects, 0(0B) LOS objects, 40% free, 20MB/34MB, paused 121us total 10.606ms
08-06 11:57:54.752  4314  4380 I art     : Starting a blocking GC Explicit
08-06 11:57:54.768  4314  4380 I art     : Explicit concurrent mark sweep GC freed 1332(78KB) AllocSpace objects, 1(20KB) LOS objects, 40% free, 20MB/34MB, paused 297us total 15.461ms
08-06 11:57:54.779  4314  4380 I art     : Starting a blocking GC Explicit
08-06 11:57:54.791  4314  4380 I art     : Explicit concurrent mark sweep GC freed 20(704B) AllocSpace objects, 0(0B) LOS objects, 40% free, 20MB/34MB, paused 120us total 11.436ms
08-06 11:57:54.799  4314  4380 I art     : Starting a blocking GC Explicit
08-06 11:57:54.810  4314  4380 I art     : Explicit concurrent mark sweep GC freed 3(96B) AllocSpace objects, 0(0B) LOS objects, 40% free, 20MB/34MB, paused 126us total 10.805ms
08-06 11:57:54.818  4314  4380 I art     : Starting a blocking GC Explicit
08-06 11:57:54.829  4314  4380 I art     : Explicit concurrent mark sweep GC freed 3(96B) AllocSpace objects, 0(0B) LOS objects, 40% free, 20MB/34MB, paused 115us total 10.842ms
08-06 11:57:54.837  4314  4380 I art     : Starting a blocking GC Explicit
08-06 11:57:54.848  4314  4380 I art     : Explicit concurrent mark sweep GC freed 3(96B) AllocSpace objects, 0(0B) LOS objects, 40% free, 20MB/34MB, paused 125us total 10.203ms
08-06 11:57:55.139  4314  4326 I art     : Starting a blocking GC Explicit
08-06 11:57:55.152  4314  4326 I art     : Explicit concurrent mark sweep GC freed 1332(78KB) AllocSpace objects, 1(20KB) LOS objects, 40% free, 20MB/34MB, paused 149us total 13.050ms
08-06 11:57:55.161  4314  4326 I art     : Starting a blocking GC Explicit
08-06 11:57:55.173  4314  4326 I art     : Explicit concurrent mark sweep GC freed 20(704B) AllocSpace objects, 0(0B) LOS objects, 40% free, 20MB/34MB, paused 126us total 11.480ms
08-06 11:57:55.181  4314  4326 I art     : Starting a blocking GC Explicit
08-06 11:57:55.192  4314  4326 I art     : Explicit concurrent mark sweep GC freed 3(96B) AllocSpace objects, 0(0B) LOS objects, 40% free, 20MB/34MB, paused 121us total 10.658ms
08-06 11:57:55.200  4314  4326 I art     : Starting a blocking GC Explicit
08-06 11:57:55.211  4314  4326 I art     : Explicit concurrent mark sweep GC freed 3(96B) AllocSpace objects, 0(0B) LOS objects, 40% free, 20MB/34MB, paused 117us total 10.297ms
08-06 11:57:55.219  4314  4326 I art     : Starting a blocking GC Explicit
08-06 11:57:55.229  4314  4326 I art     : Explicit concurrent mark sweep GC freed 3(96B) AllocSpace objects, 0(0B) LOS objects, 40% free, 20MB/34MB, paused 117us total 10.400ms
08-06 11:57:55.506  4314  4327 I art     : Starting a blocking GC Explicit
08-06 11:57:55.522  4314  4327 I art     : Explicit concurrent mark sweep GC freed 1332(78KB) AllocSpace objects, 1(20KB) LOS objects, 40% free, 20MB/34MB, paused 154us total 15.691ms
08-06 11:57:55.533  4314  4327 I art     : Starting a blocking GC Explicit
08-06 11:57:55.544  4314  4327 I art     : Explicit concurrent mark sweep GC freed 20(704B) AllocSpace objects, 0(0B) LOS objects, 40% free, 20MB/34MB, paused 133us total 11.174ms
08-06 11:57:55.552  4314  4327 I art     : Starting a blocking GC Explicit
08-06 11:57:55.563  4314  4327 I art     : Explicit concurrent mark sweep GC freed 3(96B) AllocSpace objects, 0(0B) LOS objects, 40% free, 20MB/34MB, paused 135us total 10.533ms
08-06 11:57:55.571  4314  4327 I art     : Starting a blocking GC Explicit
08-06 11:57:55.582  4314  4327 I art     : Explicit concurrent mark sweep GC freed 3(96B) AllocSpace objects, 0(0B) LOS objects, 40% free, 20MB/34MB, paused 127us total 10.602ms
08-06 11:57:55.590  4314  4327 I art     : Starting a blocking GC Explicit
08-06 11:57:55.600  4314  4327 I art     : Explicit concurrent mark sweep GC freed 3(96B) AllocSpace objects, 0(0B) LOS objects, 40% free, 20MB/34MB, paused 122us total 10.391ms
08-06 11:57:55.897  4314  4380 I art     : Starting a blocking GC Explicit
08-06 11:57:55.912  4314  4380 I art     : Explicit concurrent mark sweep GC freed 1333(78KB) AllocSpace objects, 1(20KB) LOS objects, 40% free, 20MB/34MB, paused 150us total 15.340ms
08-06 11:57:55.923  4314  4380 I art     : Starting a blocking GC Explicit
08-06 11:57:55.934  4314  4380 I art     : Explicit concurrent mark sweep GC freed 20(704B) AllocSpace objects, 0(0B) LOS objects, 40% free, 20MB/34MB, paused 114us total 10.847ms
08-06 11:57:55.942  4314  4380 I art     : Starting a blocking GC Explicit
08-06 11:57:55.953  4314  4380 I art     : Explicit concurrent mark sweep GC freed 3(96B) AllocSpace objects, 0(0B) LOS objects, 40% free, 20MB/34MB, paused 119us total 10.781ms
08-06 11:57:55.961  4314  4380 I art     : Starting a blocking GC Explicit
08-06 11:57:55.972  4314  4380 I art     : Explicit concurrent mark sweep GC freed 3(96B) AllocSpace objects, 0(0B) LOS objects, 40% free, 20MB/34MB, paused 116us total 10.300ms
08-06 11:57:55.980  4314  4380 I art     : Starting a blocking GC Explicit
08-06 11:57:55.990  4314  4380 I art     : Explicit concurrent mark sweep GC freed 3(96B) AllocSpace objects, 0(0B) LOS objects, 40% free, 20MB/34MB, paused 115us total 10.299ms
08-06 11:57:56.303  4314  4326 I art     : Starting a blocking GC Explicit
08-06 11:57:56.319  4314  4326 I art     : Explicit concurrent mark sweep GC freed 1333(78KB) AllocSpace objects, 1(20KB) LOS objects, 40% free, 20MB/34MB, paused 164us total 15.920ms
08-06 11:57:56.331  4314  4326 I art     : Starting a blocking GC Explicit
08-06 11:57:56.343  4314  4326 I art     : Explicit concurrent mark sweep GC freed 20(704B) AllocSpace objects, 0(0B) LOS objects, 40% free, 20MB/34MB, paused 123us total 11.158ms
08-06 11:57:56.351  4314  4326 I art     : Starting a blocking GC Explicit
08-06 11:57:56.361  4314  4326 I art     : Explicit concurrent mark sweep GC freed 3(96B) AllocSpace objects, 0(0B) LOS objects, 40% free, 20MB/34MB, paused 120us total 10.279ms
08-06 11:57:56.369  4314  4326 I art     : Starting a blocking GC Explicit
08-06 11:57:56.380  4314  4326 I art     : Explicit concurrent mark sweep GC freed 3(96B) AllocSpace objects, 0(0B) LOS objects, 40% free, 20MB/34MB, paused 118us total 10.697ms
08-06 11:57:56.388  4314  4326 I art     : Starting a blocking GC Explicit
08-06 11:57:56.399  4314  4326 I art     : Explicit concurrent mark sweep GC freed 3(96B) AllocSpace objects, 0(0B) LOS objects, 40% free, 20MB/34MB, paused 110us total 10.331ms
08-06 11:57:56.708  4314  4327 I art     : Starting a blocking GC Explicit
08-06 11:57:56.725  4314  4327 I art     : Explicit concurrent mark sweep GC freed 1332(78KB) AllocSpace objects, 1(20KB) LOS objects, 40% free, 20MB/34MB, paused 180us total 17.027ms
08-06 11:57:56.738  4314  4327 I art     : Starting a blocking GC Explicit
08-06 11:57:56.752  4314  4327 I art     : Explicit concurrent mark sweep GC freed 20(704B) AllocSpace objects, 0(0B) LOS objects, 40% free, 20MB/34MB, paused 156us total 13.812ms
08-06 11:57:56.764  4314  4327 I art     : Starting a blocking GC Explicit
08-06 11:57:56.775  4314  4327 I art     : Explicit concurrent mark sweep GC freed 3(96B) AllocSpace objects, 0(0B) LOS objects, 40% free, 20MB/34MB, paused 124us total 10.794ms
08-06 11:57:56.783  4314  4327 I art     : Starting a blocking GC Explicit
08-06 11:57:56.794  4314  4327 I art     : Explicit concurrent mark sweep GC freed 3(96B) AllocSpace objects, 0(0B) LOS objects, 40% free, 20MB/34MB, paused 130us total 10.712ms
08-06 11:57:56.802  4314  4327 I art     : Starting a blocking GC Explicit
08-06 11:57:56.812  4314  4327 I art     : Explicit concurrent mark sweep GC freed 3(96B) AllocSpace objects, 0(0B) LOS objects, 40% free, 20MB/34MB, paused 123us total 10.065ms
08-06 11:57:57.096  4314  4380 I art     : Starting a blocking GC Explicit
08-06 11:57:57.109  4314  4380 I art     : Explicit concurrent mark sweep GC freed 1332(78KB) AllocSpace objects, 1(20KB) LOS objects, 40% free, 20MB/34MB, paused 125us total 13.311ms
08-06 11:57:57.118  4314  4380 I art     : Starting a blocking GC Explicit
08-06 11:57:57.129  4314  4380 I art     : Explicit concurrent mark sweep GC freed 20(704B) AllocSpace objects, 0(0B) LOS objects, 40% free, 20MB/34MB, paused 115us total 11.335ms
08-06 11:57:57.138  4314  4380 I art     : Starting a blocking GC Explicit
08-06 11:57:57.149  4314  4380 I art     : Explicit concurrent mark sweep GC freed 3(96B) AllocSpace objects, 0(0B) LOS objects, 40% free, 20MB/34MB, paused 120us total 10.816ms
08-06 11:57:57.157  4314  4380 I art     : Starting a blocking GC Explicit
08-06 11:57:57.167  4314  4380 I art     : Explicit concurrent mark sweep GC freed 3(96B) AllocSpace objects, 0(0B) LOS objects, 40% free, 20MB/34MB, paused 115us total 10.131ms
08-06 11:57:57.175  4314  4380 I art     : Starting a blocking GC Explicit
08-06 11:57:57.185  4314  4380 I art     : Explicit concurrent mark sweep GC freed 3(96B) AllocSpace objects, 0(0B) LOS objects, 40% free, 20MB/34MB, paused 116us total 10.277ms
08-06 11:57:57.490  4314  4326 I art     : Starting a blocking GC Explicit
08-06 11:57:57.507  4314  4326 I art     : Explicit concurrent mark sweep GC freed 1332(78KB) AllocSpace objects, 1(20KB) LOS objects, 40% free, 20MB/34MB, paused 163us total 16.653ms
08-06 11:57:57.525  4314  4326 I art     : Starting a blocking GC Explicit
08-06 11:57:57.535  4314  4326 I art     : Explicit concurrent mark sweep GC freed 20(704B) AllocSpace objects, 0(0B) LOS objects, 40% free, 20MB/34MB, paused 102us total 9.717ms
08-06 11:57:57.543  4314  4326 I art     : Starting a blocking GC Explicit
08-06 11:57:57.553  4314  4326 I art     : Explicit concurrent mark sweep GC freed 3(96B) AllocSpace objects, 0(0B) LOS objects, 40% free, 20MB/34MB, paused 109us total 9.832ms
08-06 11:57:57.560  4314  4326 I art     : Starting a blocking GC Explicit
08-06 11:57:57.569  4314  4326 I art     : Explicit concurrent mark sweep GC freed 3(96B) AllocSpace objects, 0(0B) LOS objects, 40% free, 20MB/34MB, paused 105us total 8.776ms
08-06 11:57:57.576  4314  4326 I art     : Starting a blocking GC Explicit
08-06 11:57:57.585  4314  4326 I art     : Explicit concurrent mark sweep GC freed 3(96B) AllocSpace objects, 0(0B) LOS objects, 40% free, 20MB/34MB, paused 100us total 8.817ms
08-06 11:57:57.849  4314  4327 I art     : Starting a blocking GC Explicit
08-06 11:57:57.865  4314  4327 I art     : Explicit concurrent mark sweep GC freed 1332(78KB) AllocSpace objects, 1(20KB) LOS objects, 40% free, 20MB/34MB, paused 181us total 15.536ms
08-06 11:57:57.877  4314  4327 I art     : Starting a blocking GC Explicit
08-06 11:57:57.888  4314  4327 I art     : Explicit concurrent mark sweep GC freed 20(704B) AllocSpace objects, 0(0B) LOS objects, 40% free, 20MB/34MB, paused 129us total 11.117ms
08-06 11:57:57.896  4314  4327 I art     : Starting a blocking GC Explicit
08-06 11:57:57.907  4314  4327 I art     : Explicit concurrent mark sweep GC freed 3(96B) AllocSpace objects, 0(0B) LOS objects, 40% free, 20MB/34MB, paused 126us total 10.671ms
08-06 11:57:57.915  4314  4327 I art     : Starting a blocking GC Explicit
08-06 11:57:57.926  4314  4327 I art     : Explicit concurrent mark sweep GC freed 3(96B) AllocSpace objects, 0(0B) LOS objects, 40% free, 20MB/34MB, paused 126us total 10.687ms
08-06 11:57:57.934  4314  4327 I art     : Starting a blocking GC Explicit
08-06 11:57:57.945  4314  4327 I art     : Explicit concurrent mark sweep GC freed 3(96B) AllocSpace objects, 0(0B) LOS objects, 40% free, 20MB/34MB, paused 126us total 10.607ms
08-06 11:57:58.214   918  3188 I hubconnection: sensorhub said: 'set_bias 3: -6.2400, 0.0000, 0.0000'
08-06 11:57:58.256  4314  4380 I art     : Starting a blocking GC Explicit
08-06 11:57:58.269  4314  4380 I art     : Explicit concurrent mark sweep GC freed 1332(78KB) AllocSpace objects, 1(20KB) LOS objects, 40% free, 20MB/34MB, paused 149us total 13.003ms
08-06 11:57:58.279  4314  4380 I art     : Starting a blocking GC Explicit
08-06 11:57:58.289  4314  4380 I art     : Explicit concurrent mark sweep GC freed 20(704B) AllocSpace objects, 0(0B) LOS objects, 40% free, 20MB/34MB, paused 127us total 10.435ms
08-06 11:57:58.298  4314  4380 I art     : Starting a blocking GC Explicit
08-06 11:57:58.307  4314  4380 I art     : Explicit concurrent mark sweep GC freed 3(96B) AllocSpace objects, 0(0B) LOS objects, 40% free, 20MB/34MB, paused 107us total 9.660ms
08-06 11:57:58.315  4314  4380 I art     : Starting a blocking GC Explicit
08-06 11:57:58.325  4314  4380 I art     : Explicit concurrent mark sweep GC freed 3(96B) AllocSpace objects, 0(0B) LOS objects, 40% free, 20MB/34MB, paused 138us total 10.126ms
08-06 11:57:58.333  4314  4380 I art     : Starting a blocking GC Explicit
08-06 11:57:58.343  4314  4380 I art     : Explicit concurrent mark sweep GC freed 3(96B) AllocSpace objects, 0(0B) LOS objects, 40% free, 20MB/34MB, paused 109us total 9.730ms
08-06 11:57:58.594  4314  4326 I art     : Starting a blocking GC Explicit
08-06 11:57:58.607  4314  4326 I art     : Explicit concurrent mark sweep GC freed 1332(78KB) AllocSpace objects, 1(20KB) LOS objects, 40% free, 20MB/34MB, paused 140us total 12.823ms
08-06 11:57:58.616  4314  4326 I art     : Starting a blocking GC Explicit
08-06 11:57:58.627  4314  4326 I art     : Explicit concurrent mark sweep GC freed 20(704B) AllocSpace objects, 0(0B) LOS objects, 40% free, 20MB/34MB, paused 206us total 10.993ms
08-06 11:57:58.635  4314  4326 I art     : Starting a blocking GC Explicit
08-06 11:57:58.645  4314  4326 I art     : Explicit concurrent mark sweep GC freed 3(96B) AllocSpace objects, 0(0B) LOS objects, 40% free, 20MB/34MB, paused 116us total 10.532ms
08-06 11:57:58.653  4314  4326 I art     : Starting a blocking GC Explicit
08-06 11:57:58.664  4314  4326 I art     : Explicit concurrent mark sweep GC freed 3(96B) AllocSpace objects, 0(0B) LOS objects, 40% free, 20MB/34MB, paused 113us total 10.645ms
08-06 11:57:58.672  4314  4326 I art     : Starting a blocking GC Explicit
08-06 11:57:58.682  4314  4326 I art     : Explicit concurrent mark sweep GC freed 3(96B) AllocSpace objects, 0(0B) LOS objects, 40% free, 20MB/34MB, paused 115us total 9.716ms
08-06 11:57:58.861  4525  4525 D AndroidRuntime: >>>>>> START com.android.internal.os.RuntimeInit uid 2000 <<<<<<
08-06 11:57:58.867  4525  4525 D AndroidRuntime: CheckJNI is OFF
08-06 11:57:58.893  4525  4525 D ICU     : No timezone override file found: /data/misc/zoneinfo/current/icu/icu_tzdata.dat
08-06 11:57:58.919  4525  4525 I Radio-JNI: register_android_hardware_Radio DONE
08-06 11:57:58.934  4525  4525 D AndroidRuntime: Calling main entry com.android.commands.input.Input
08-06 11:57:58.936  4525  4525 I Input   : injectMotionEvent: MotionEvent { action=ACTION_DOWN, actionButton=0, id[0]=0, x[0]=720.0, y[0]=1440.0, toolType[0]=TOOL_TYPE_UNKNOWN, buttonState=0, metaState=0, flags=0x0, edgeFlags=0x0, pointerCount=1, historySize=0, eventTime=878295349, downTime=878295349, deviceId=0, source=0x1002 }
08-06 11:57:58.941  4525  4525 I Input   : injectMotionEvent: MotionEvent { action=ACTION_UP, actionButton=0, id[0]=0, x[0]=720.0, y[0]=1440.0, toolType[0]=TOOL_TYPE_UNKNOWN, buttonState=0, metaState=0, flags=0x0, edgeFlags=0x0, pointerCount=1, historySize=0, eventTime=878295349, downTime=878295349, deviceId=0, source=0x1002 }
08-06 11:57:58.942  4525  4525 D AndroidRuntime: Shutting down VM
08-06 11:57:58.949   512  2967 D audio_hw_primary: out_set_parameters: enter: usecase(1: low-latency-playback) kvpairs: routing=2
08-06 11:57:58.960  4314  4380 I art     : Starting a blocking GC Explicit
08-06 11:57:58.961 13866 13866 I GoogleInputMethodServic: GoogleInputMethodService.onFinishInput():3138 
08-06 11:57:58.961   512  2967 D audio_hw_primary: select_devices: out_snd_device(2: speaker) in_snd_device(0: none)
08-06 11:57:58.961   512  2967 D msm8974_platform: platform_send_audio_calibration: sending audio calibration for snd_device(2) acdb_id(15)
08-06 11:57:58.962   512  2967 I soundtrigger: audio_extn_sound_trigger_update_device_status: device 0x2 of type 0 for Event 1
08-06 11:57:58.962 13866 13866 I GoogleInputMethodServic: GoogleInputMethodService.onStartInput():1808 
08-06 11:57:58.972   512  2967 D audio_hw_primary: enable_snd_device: snd_device(2: speaker)
08-06 11:57:58.973  4314  4380 I art     : Explicit concurrent mark sweep GC freed 1447(82KB) AllocSpace objects, 1(20KB) LOS objects, 40% free, 20MB/34MB, paused 186us total 12.057ms
08-06 11:57:58.975   512  2967 D audio_hw_primary: enable_audio_route: apply and update mixer path: low-latency-playback speaker
08-06 11:57:58.981  4314  4380 I art     : Starting a blocking GC Explicit
08-06 11:57:58.992  4314  4380 I art     : Explicit concurrent mark sweep GC freed 991(69KB) AllocSpace objects, 1(76KB) LOS objects, 40% free, 20MB/34MB, paused 114us total 10.647ms
08-06 11:57:59.001  4314  4380 I art     : Starting a blocking GC Explicit
08-06 11:57:59.010  4314  4380 I art     : Explicit concurrent mark sweep GC freed 3(96B) AllocSpace objects, 0(0B) LOS objects, 40% free, 20MB/34MB, paused 106us total 9.717ms
08-06 11:57:59.018  4314  4380 I art     : Starting a blocking GC Explicit
08-06 11:57:59.028  4314  4380 I art     : Explicit concurrent mark sweep GC freed 3(96B) AllocSpace objects, 0(0B) LOS objects, 40% free, 20MB/34MB, paused 108us total 9.567ms
08-06 11:57:59.028  4314  4325 I art     : WaitForGcToComplete blocked for 9.745ms for cause HeapTrim
08-06 11:57:59.036  4314  4380 I art     : Starting a blocking GC Explicit
08-06 11:57:59.047  4314  4380 I art     : Explicit concurrent mark sweep GC freed 3(96B) AllocSpace objects, 0(0B) LOS objects, 40% free, 20MB/34MB, paused 111us total 10.060ms
08-06 11:57:59.145   380   380 W SurfaceFlinger: couldn't log to binary event log: overflow.
08-06 11:57:59.265  4314  4326 I art     : Starting a blocking GC Explicit
08-06 11:57:59.276  4314  4326 I art     : Explicit concurrent mark sweep GC freed 1332(78KB) AllocSpace objects, 1(20KB) LOS objects, 40% free, 20MB/34MB, paused 130us total 10.770ms
08-06 11:57:59.284  4314  4326 I art     : Starting a blocking GC Explicit
08-06 11:57:59.295  4314  4326 I art     : Explicit concurrent mark sweep GC freed 20(704B) AllocSpace objects, 0(0B) LOS objects, 40% free, 20MB/34MB, paused 125us total 10.227ms
08-06 11:57:59.303  4314  4326 I art     : Starting a blocking GC Explicit
08-06 11:57:59.313  4314  4326 I art     : Explicit concurrent mark sweep GC freed 3(96B) AllocSpace objects, 0(0B) LOS objects, 40% free, 20MB/34MB, paused 113us total 10.157ms
08-06 11:57:59.322  4314  4326 I art     : Starting a blocking GC Explicit
08-06 11:57:59.332  4314  4326 I art     : Explicit concurrent mark sweep GC freed 3(96B) AllocSpace objects, 0(0B) LOS objects, 40% free, 20MB/34MB, paused 118us total 10.199ms
08-06 11:57:59.340  4314  4326 I art     : Starting a blocking GC Explicit
08-06 11:57:59.350  4314  4326 I art     : Explicit concurrent mark sweep GC freed 3(96B) AllocSpace objects, 0(0B) LOS objects, 40% free, 20MB/34MB, paused 115us total 10.249ms
08-06 11:57:59.513  4556  4556 D AndroidRuntime: >>>>>> START com.android.internal.os.RuntimeInit uid 2000 <<<<<<
08-06 11:57:59.518  4556  4556 D AndroidRuntime: CheckJNI is OFF
08-06 11:57:59.520   512  2967 D audio_hw_primary: disable_audio_route: reset and update mixer path: low-latency-playback speaker
08-06 11:57:59.522   512  2967 D audio_hw_primary: disable_snd_device: snd_device(2: speaker)
08-06 11:57:59.529   512  2967 I soundtrigger: audio_extn_sound_trigger_update_device_status: device 0x2 of type 0 for Event 0
08-06 11:57:59.544  4556  4556 D ICU     : No timezone override file found: /data/misc/zoneinfo/current/icu/icu_tzdata.dat
08-06 11:57:59.568  4556  4556 I Radio-JNI: register_android_hardware_Radio DONE
08-06 11:57:59.585  4556  4556 D AndroidRuntime: Calling main entry com.android.commands.input.Input
08-06 11:57:59.587  4556  4556 I Input   : injectMotionEvent: MotionEvent { action=ACTION_DOWN, actionButton=0, id[0]=0, x[0]=1345.0, y[0]=165.0, toolType[0]=TOOL_TYPE_UNKNOWN, buttonState=0, metaState=0, flags=0x0, edgeFlags=0x0, pointerCount=1, historySize=0, eventTime=878296000, downTime=878296000, deviceId=0, source=0x1002 }
08-06 11:57:59.591  4556  4556 I Input   : injectMotionEvent: MotionEvent { action=ACTION_UP, actionButton=0, id[0]=0, x[0]=1345.0, y[0]=165.0, toolType[0]=TOOL_TYPE_UNKNOWN, buttonState=0, metaState=0, flags=0x0, edgeFlags=0x0, pointerCount=1, historySize=0, eventTime=878296000, downTime=878296000, deviceId=0, source=0x1002 }
08-06 11:57:59.592  4556  4556 D AndroidRuntime: Shutting down VM
08-06 11:57:59.595  4314  4380 I art     : Starting a blocking GC Explicit
08-06 11:57:59.598   512  2967 D audio_hw_primary: out_set_parameters: enter: usecase(1: low-latency-playback) kvpairs: routing=2
08-06 11:57:59.600  4314  4314 W art     : Before Android 4.1, method int androidx.appcompat.widget.DropDownListView.lookForSelectablePosition(int, boolean) would have incorrectly overridden the package-private method in android.widget.ListView
08-06 11:57:59.604  4314  4314 W art     : Before Android 4.1, method int androidx.appcompat.widget.MenuPopupWindow$MenuDropDownListView.lookForSelectablePosition(int, boolean) would have incorrectly overridden the package-private method in android.widget.ListView
08-06 11:57:59.606  4314  4314 I ListPopupWindow: Could not find method setEpicenterBounds(Rect) on PopupWindow. Oh well.
08-06 11:57:59.608  4314  4380 I art     : Explicit concurrent mark sweep GC freed 1421(110KB) AllocSpace objects, 1(20KB) LOS objects, 40% free, 20MB/34MB, paused 888us total 13.218ms
08-06 11:57:59.611   512  2967 D audio_hw_primary: select_devices: out_snd_device(2: speaker) in_snd_device(0: none)
08-06 11:57:59.611   512  2967 D msm8974_platform: platform_send_audio_calibration: sending audio calibration for snd_device(2) acdb_id(15)
08-06 11:57:59.611   512  2967 I soundtrigger: audio_extn_sound_trigger_update_device_status: device 0x2 of type 0 for Event 1
08-06 11:57:59.617  4314  4380 I art     : Starting a blocking GC Explicit
08-06 11:57:59.622   512  2967 D audio_hw_primary: enable_snd_device: snd_device(2: speaker)
08-06 11:57:59.624   512  2967 D audio_hw_primary: enable_audio_route: apply and update mixer path: low-latency-playback speaker
08-06 11:57:59.629  4314  4380 I art     : Explicit concurrent mark sweep GC freed 396(74KB) AllocSpace objects, 0(0B) LOS objects, 40% free, 20MB/34MB, paused 272us total 12.238ms
08-06 11:57:59.637  4314  4380 I art     : Starting a blocking GC Explicit
08-06 11:57:59.647  4314  4380 I art     : Explicit concurrent mark sweep GC freed 241(30KB) AllocSpace objects, 0(0B) LOS objects, 40% free, 20MB/34MB, paused 174us total 9.768ms
08-06 11:57:59.654  4314  4380 I art     : Starting a blocking GC Explicit
08-06 11:57:59.665  4314  4380 I art     : Explicit concurrent mark sweep GC freed 239(12KB) AllocSpace objects, 0(0B) LOS objects, 40% free, 20MB/34MB, paused 425us total 11.001ms
08-06 11:57:59.670   512  2967 D AudioFlinger: mixer(0xf4740000) throttle end: throttle time(12)
08-06 11:57:59.673  4314  4380 I art     : Starting a blocking GC Explicit
08-06 11:57:59.684  4314  4380 I art     : Explicit concurrent mark sweep GC freed 91(7KB) AllocSpace objects, 0(0B) LOS objects, 40% free, 20MB/34MB, paused 134us total 10.995ms
08-06 11:57:59.923  4314  4327 I art     : Starting a blocking GC Explicit
08-06 11:57:59.933  4314  4327 I art     : Explicit concurrent mark sweep GC freed 1881(104KB) AllocSpace objects, 1(20KB) LOS objects, 40% free, 20MB/34MB, paused 115us total 10.036ms
08-06 11:57:59.942  4314  4327 I art     : Starting a blocking GC Explicit
08-06 11:57:59.952  4314  4327 I art     : Explicit concurrent mark sweep GC freed 569(37KB) AllocSpace objects, 0(0B) LOS objects, 40% free, 20MB/34MB, paused 142us total 10.577ms
08-06 11:57:59.960  4314  4327 I art     : Starting a blocking GC Explicit
08-06 11:57:59.971  4314  4327 I art     : Explicit concurrent mark sweep GC freed 3(96B) AllocSpace objects, 0(0B) LOS objects, 40% free, 20MB/34MB, paused 124us total 10.426ms
08-06 11:57:59.979  4314  4327 I art     : Starting a blocking GC Explicit
08-06 11:57:59.988  4314  4327 I art     : Explicit concurrent mark sweep GC freed 9(288B) AllocSpace objects, 0(0B) LOS objects, 40% free, 20MB/34MB, paused 121us total 9.699ms
08-06 11:57:59.996  4314  4327 I art     : Starting a blocking GC Explicit
08-06 11:58:00.006  4314  4327 I art     : Explicit concurrent mark sweep GC freed 3(96B) AllocSpace objects, 0(0B) LOS objects, 40% free, 20MB/34MB, paused 122us total 10.061ms
08-06 11:58:00.129  4589  4589 D AndroidRuntime: >>>>>> START com.android.internal.os.RuntimeInit uid 2000 <<<<<<
08-06 11:58:00.133  4589  4589 D AndroidRuntime: CheckJNI is OFF
08-06 11:58:00.156  4589  4589 D ICU     : No timezone override file found: /data/misc/zoneinfo/current/icu/icu_tzdata.dat
08-06 11:58:00.158   512  2967 D audio_hw_primary: disable_audio_route: reset and update mixer path: low-latency-playback speaker
08-06 11:58:00.159   512  2967 D audio_hw_primary: disable_snd_device: snd_device(2: speaker)
08-06 11:58:00.168   512  2967 I soundtrigger: audio_extn_sound_trigger_update_device_status: device 0x2 of type 0 for Event 0
08-06 11:58:00.180  4589  4589 I Radio-JNI: register_android_hardware_Radio DONE
08-06 11:58:00.195  4589  4589 D AndroidRuntime: Calling main entry com.android.commands.input.Input
08-06 11:58:00.197  4589  4589 I Input   : injectMotionEvent: MotionEvent { action=ACTION_DOWN, actionButton=0, id[0]=0, x[0]=940.0, y[0]=501.0, toolType[0]=TOOL_TYPE_UNKNOWN, buttonState=0, metaState=0, flags=0x0, edgeFlags=0x0, pointerCount=1, historySize=0, eventTime=878296610, downTime=878296610, deviceId=0, source=0x1002 }
08-06 11:58:00.204  4589  4589 I Input   : injectMotionEvent: MotionEvent { action=ACTION_UP, actionButton=0, id[0]=0, x[0]=940.0, y[0]=501.0, toolType[0]=TOOL_TYPE_UNKNOWN, buttonState=0, metaState=0, flags=0x0, edgeFlags=0x0, pointerCount=1, historySize=0, eventTime=878296610, downTime=878296610, deviceId=0, source=0x1002 }
08-06 11:58:00.205  4589  4589 D AndroidRuntime: Shutting down VM
08-06 11:58:00.243  4314  4380 I art     : Starting a blocking GC Explicit
08-06 11:58:00.254  4314  4380 I art     : Explicit concurrent mark sweep GC freed 1350(78KB) AllocSpace objects, 1(20KB) LOS objects, 40% free, 20MB/34MB, paused 125us total 11.285ms
08-06 11:58:00.263  4314  4380 I art     : Starting a blocking GC Explicit
08-06 11:58:00.272   512  2967 D audio_hw_primary: out_set_parameters: enter: usecase(1: low-latency-playback) kvpairs: routing=2
08-06 11:58:00.273   918  4400 I ActivityManager: START u0 {cmp=baseline.org.quantumbadger.redreader/.settings.SettingsActivity} from uid 10705 on display 0
08-06 11:58:00.274  4314  4380 I art     : Explicit concurrent mark sweep GC freed 32(8KB) AllocSpace objects, 0(0B) LOS objects, 40% free, 20MB/34MB, paused 138us total 11.024ms
08-06 11:58:00.283  4314  4380 I art     : Starting a blocking GC Explicit
08-06 11:58:00.285   512  2967 D audio_hw_primary: select_devices: out_snd_device(2: speaker) in_snd_device(0: none)
08-06 11:58:00.285   512  2967 D msm8974_platform: platform_send_audio_calibration: sending audio calibration for snd_device(2) acdb_id(15)
08-06 11:58:00.285   512  2967 I soundtrigger: audio_extn_sound_trigger_update_device_status: device 0x2 of type 0 for Event 1
08-06 11:58:00.292 13866 13866 I GoogleInputMethodServic: GoogleInputMethodService.onFinishInput():3138 
08-06 11:58:00.293 13866 13866 I GoogleInputMethodServic: GoogleInputMethodService.onStartInput():1808 
08-06 11:58:00.295  4314  4380 I art     : Explicit concurrent mark sweep GC freed 360(24KB) AllocSpace objects, 0(0B) LOS objects, 40% free, 20MB/34MB, paused 400us total 11.677ms
08-06 11:58:00.297   512  2967 D audio_hw_primary: enable_snd_device: snd_device(2: speaker)
08-06 11:58:00.300   512  2967 D audio_hw_primary: enable_audio_route: apply and update mixer path: low-latency-playback speaker
08-06 11:58:00.303  4314  4380 I art     : Starting a blocking GC Explicit
08-06 11:58:00.315  4314  4380 I art     : Explicit concurrent mark sweep GC freed 79(10KB) AllocSpace objects, 0(0B) LOS objects, 40% free, 20MB/34MB, paused 208us total 12.277ms
08-06 11:58:00.324  4314  4380 I art     : Starting a blocking GC Explicit
08-06 11:58:00.335  4314  4380 I art     : Explicit concurrent mark sweep GC freed 490(102KB) AllocSpace objects, 0(0B) LOS objects, 40% free, 21MB/35MB, paused 298us total 11.085ms
08-06 11:58:00.343   512  2967 D AudioFlinger: mixer(0xf4740000) throttle end: throttle time(12)
08-06 11:58:00.416   918   936 I ActivityManager: Displayed baseline.org.quantumbadger.redreader/.settings.SettingsActivity: +120ms
08-06 11:58:00.417 13866 13866 I GoogleInputMethodServic: GoogleInputMethodService.onFinishInput():3138 
08-06 11:58:00.418 13866 13866 I GoogleInputMethodServic: GoogleInputMethodService.onStartInput():1808 
08-06 11:58:00.441  4314  4334 D OpenGLRenderer: endAllStagingAnimators on 0x7f99f36800 (MenuPopupWindow$MenuDropDownListView) with handle 0x7f804d9a20
08-06 11:58:00.559  4314  4622 I art     : Starting a blocking GC Explicit
08-06 11:58:00.572  4314  4622 I art     : Explicit concurrent mark sweep GC freed 2250(134KB) AllocSpace objects, 1(20KB) LOS objects, 40% free, 21MB/35MB, paused 135us total 13.167ms
08-06 11:58:00.580  4314  4622 I art     : Starting a blocking GC Explicit
08-06 11:58:00.594  4314  4622 I art     : Explicit concurrent mark sweep GC freed 126(5KB) AllocSpace objects, 0(0B) LOS objects, 40% free, 21MB/35MB, paused 132us total 13.232ms
08-06 11:58:00.604  4314  4622 I art     : Starting a blocking GC Explicit
08-06 11:58:00.619  4314  4622 I art     : Explicit concurrent mark sweep GC freed 117(5KB) AllocSpace objects, 0(0B) LOS objects, 40% free, 21MB/35MB, paused 179us total 14.429ms
08-06 11:58:00.627  4314  4622 I art     : Starting a blocking GC Explicit
08-06 11:58:00.641  4314  4622 I art     : Explicit concurrent mark sweep GC freed 24(1024B) AllocSpace objects, 0(0B) LOS objects, 40% free, 21MB/35MB, paused 127us total 13.166ms
08-06 11:58:00.650  4314  4622 I art     : Starting a blocking GC Explicit
08-06 11:58:00.661  4314  4622 I art     : Explicit concurrent mark sweep GC freed 3(96B) AllocSpace objects, 0(0B) LOS objects, 40% free, 21MB/35MB, paused 134us total 11.624ms
08-06 11:58:00.664   380   380 W SurfaceFlinger: couldn't log to binary event log: overflow.
08-06 11:58:00.755  4623  4623 D AndroidRuntime: >>>>>> START com.android.internal.os.RuntimeInit uid 2000 <<<<<<
08-06 11:58:00.759  4623  4623 D AndroidRuntime: CheckJNI is OFF
08-06 11:58:00.788  4623  4623 D ICU     : No timezone override file found: /data/misc/zoneinfo/current/icu/icu_tzdata.dat
08-06 11:58:00.813  4623  4623 I Radio-JNI: register_android_hardware_Radio DONE
08-06 11:58:00.829  4623  4623 D AndroidRuntime: Calling main entry com.android.commands.input.Input
08-06 11:58:00.829   512  2967 D audio_hw_primary: disable_audio_route: reset and update mixer path: low-latency-playback speaker
08-06 11:58:00.830   512  2967 D audio_hw_primary: disable_snd_device: snd_device(2: speaker)
08-06 11:58:00.830  4623  4623 I Input   : injectMotionEvent: MotionEvent { action=ACTION_DOWN, actionButton=0, id[0]=0, x[0]=216.0, y[0]=853.0, toolType[0]=TOOL_TYPE_UNKNOWN, buttonState=0, metaState=0, flags=0x0, edgeFlags=0x0, pointerCount=1, historySize=0, eventTime=878297243, downTime=878297243, deviceId=0, source=0x1002 }
08-06 11:58:00.836  4623  4623 I Input   : injectMotionEvent: MotionEvent { action=ACTION_UP, actionButton=0, id[0]=0, x[0]=216.0, y[0]=853.0, toolType[0]=TOOL_TYPE_UNKNOWN, buttonState=0, metaState=0, flags=0x0, edgeFlags=0x0, pointerCount=1, historySize=0, eventTime=878297243, downTime=878297243, deviceId=0, source=0x1002 }
08-06 11:58:00.838  4623  4623 D AndroidRuntime: Shutting down VM
08-06 11:58:00.839   512  2967 I soundtrigger: audio_extn_sound_trigger_update_device_status: device 0x2 of type 0 for Event 0
08-06 11:58:00.901  4314  4380 I art     : Starting a blocking GC Explicit
08-06 11:58:00.904   918  6029 I ActivityManager: START u0 {act=android.intent.action.MAIN cmp=baseline.org.quantumbadger.redreader/.settings.SettingsActivity (has extras)} from uid 10705 on display 0
08-06 11:58:00.905   512  2967 D audio_hw_primary: out_set_parameters: enter: usecase(1: low-latency-playback) kvpairs: routing=2
08-06 11:58:00.914  4314  4380 I art     : Explicit concurrent mark sweep GC freed 1494(86KB) AllocSpace objects, 1(20KB) LOS objects, 40% free, 21MB/35MB, paused 330us total 12.869ms
08-06 11:58:00.919   512  2967 D audio_hw_primary: select_devices: out_snd_device(2: speaker) in_snd_device(0: none)
08-06 11:58:00.919   512  2967 D msm8974_platform: platform_send_audio_calibration: sending audio calibration for snd_device(2) acdb_id(15)
08-06 11:58:00.919   512  2967 I soundtrigger: audio_extn_sound_trigger_update_device_status: device 0x2 of type 0 for Event 1
08-06 11:58:00.923  4314  4380 I art     : Starting a blocking GC Explicit
08-06 11:58:00.930   512  2967 D audio_hw_primary: enable_snd_device: snd_device(2: speaker)
08-06 11:58:00.933   512  2967 D audio_hw_primary: enable_audio_route: apply and update mixer path: low-latency-playback speaker
08-06 11:58:00.937  4314  4380 I art     : Explicit concurrent mark sweep GC freed 596(49KB) AllocSpace objects, 0(0B) LOS objects, 40% free, 21MB/35MB, paused 335us total 13.705ms
08-06 11:58:00.945  4314  4380 I art     : Starting a blocking GC Explicit
08-06 11:58:00.960  4314  4380 I art     : Explicit concurrent mark sweep GC freed 549(77KB) AllocSpace objects, 1(20KB) LOS objects, 40% free, 21MB/35MB, paused 329us total 14.671ms
08-06 11:58:00.969  4314  4380 I art     : Starting a blocking GC Explicit
08-06 11:58:00.974   512  2967 D AudioFlinger: mixer(0xf4740000) throttle end: throttle time(12)
08-06 11:58:00.982  4314  4380 I art     : Explicit concurrent mark sweep GC freed 302(16KB) AllocSpace objects, 0(0B) LOS objects, 40% free, 21MB/35MB, paused 142us total 12.338ms
08-06 11:58:00.991  4314  4380 I art     : Starting a blocking GC Explicit
08-06 11:58:01.002  4314  4380 I art     : Explicit concurrent mark sweep GC freed 28(1264B) AllocSpace objects, 0(0B) LOS objects, 40% free, 21MB/35MB, paused 123us total 11.105ms
08-06 11:58:01.186 13866 13866 I GoogleInputMethodServic: GoogleInputMethodService.onFinishInput():3138 
08-06 11:58:01.187 13866 13866 I GoogleInputMethodServic: GoogleInputMethodService.onStartInput():1808 
08-06 11:58:01.192   918   936 I ActivityManager: Displayed baseline.org.quantumbadger.redreader/.settings.SettingsActivity: +277ms
08-06 11:58:01.203  4314  4334 D OpenGLRenderer: endAllStagingAnimators on 0x7f8066b000 (ListView) with handle 0x7f804d9020
08-06 11:58:01.243  4314  4327 I art     : Starting a blocking GC Explicit
08-06 11:58:01.263  4314  4327 I art     : Explicit concurrent mark sweep GC freed 78624(3MB) AllocSpace objects, 1(20KB) LOS objects, 40% free, 22MB/37MB, paused 150us total 20.130ms
08-06 11:58:01.274  4314  4327 I art     : Starting a blocking GC Explicit
08-06 11:58:01.288  4314  4327 I art     : Explicit concurrent mark sweep GC freed 2032(182KB) AllocSpace objects, 0(0B) LOS objects, 40% free, 22MB/36MB, paused 128us total 14.318ms
08-06 11:58:01.296  4314  4327 I art     : Starting a blocking GC Explicit
08-06 11:58:01.310  4314  4327 I art     : Explicit concurrent mark sweep GC freed 832(57KB) AllocSpace objects, 0(0B) LOS objects, 40% free, 22MB/36MB, paused 137us total 13.507ms
08-06 11:58:01.319  4314  4327 I art     : Starting a blocking GC Explicit
08-06 11:58:01.335  4314  4327 I art     : Explicit concurrent mark sweep GC freed 3(96B) AllocSpace objects, 0(0B) LOS objects, 40% free, 22MB/36MB, paused 155us total 15.290ms
08-06 11:58:01.344  4314  4327 I art     : Starting a blocking GC Explicit
08-06 11:58:01.359  4314  4327 I art     : Explicit concurrent mark sweep GC freed 59(2448B) AllocSpace objects, 0(0B) LOS objects, 40% free, 22MB/36MB, paused 155us total 15.012ms
08-06 11:58:01.379  4656  4656 D AndroidRuntime: >>>>>> START com.android.internal.os.RuntimeInit uid 2000 <<<<<<
08-06 11:58:01.384  4656  4656 D AndroidRuntime: CheckJNI is OFF
08-06 11:58:01.407  4656  4656 D ICU     : No timezone override file found: /data/misc/zoneinfo/current/icu/icu_tzdata.dat
08-06 11:58:01.437  4656  4656 I Radio-JNI: register_android_hardware_Radio DONE
08-06 11:58:01.448   380   380 W SurfaceFlinger: couldn't log to binary event log: overflow.
08-06 11:58:01.454  4656  4656 D AndroidRuntime: Calling main entry com.android.commands.input.Input
08-06 11:58:01.456  4656  4656 I Input   : injectMotionEvent: MotionEvent { action=ACTION_DOWN, actionButton=0, id[0]=0, x[0]=1318.0, y[0]=1194.0, toolType[0]=TOOL_TYPE_UNKNOWN, buttonState=0, metaState=0, flags=0x0, edgeFlags=0x0, pointerCount=1, historySize=0, eventTime=878297868, downTime=878297868, deviceId=0, source=0x1002 }
08-06 11:58:01.462   512  2967 D audio_hw_primary: disable_audio_route: reset and update mixer path: low-latency-playback speaker
08-06 11:58:01.462   512  2967 D audio_hw_primary: disable_snd_device: snd_device(2: speaker)
08-06 11:58:01.465  4656  4656 I Input   : injectMotionEvent: MotionEvent { action=ACTION_UP, actionButton=0, id[0]=0, x[0]=1318.0, y[0]=1194.0, toolType[0]=TOOL_TYPE_UNKNOWN, buttonState=0, metaState=0, flags=0x0, edgeFlags=0x0, pointerCount=1, historySize=0, eventTime=878297868, downTime=878297868, deviceId=0, source=0x1002 }
08-06 11:58:01.469  4656  4656 D AndroidRuntime: Shutting down VM
08-06 11:58:01.470   512  2967 I soundtrigger: audio_extn_sound_trigger_update_device_status: device 0x2 of type 0 for Event 0
08-06 11:58:01.535   512  2967 D audio_hw_primary: out_set_parameters: enter: usecase(1: low-latency-playback) kvpairs: routing=2
08-06 11:58:01.548   512  2967 D audio_hw_primary: select_devices: out_snd_device(2: speaker) in_snd_device(0: none)
08-06 11:58:01.548   512  2967 D msm8974_platform: platform_send_audio_calibration: sending audio calibration for snd_device(2) acdb_id(15)
08-06 11:58:01.548   512  2967 I soundtrigger: audio_extn_sound_trigger_update_device_status: device 0x2 of type 0 for Event 1
08-06 11:58:01.560   512  2967 D audio_hw_primary: enable_snd_device: snd_device(2: speaker)
08-06 11:58:01.562   512  2967 D audio_hw_primary: enable_audio_route: apply and update mixer path: low-latency-playback speaker
08-06 11:58:01.586  4314  4326 I art     : Starting a blocking GC Explicit
08-06 11:58:01.600  4314  4326 I art     : Explicit concurrent mark sweep GC freed 2014(123KB) AllocSpace objects, 2(40KB) LOS objects, 40% free, 22MB/36MB, paused 125us total 14.219ms
08-06 11:58:01.605   512  2967 D AudioFlinger: mixer(0xf4740000) throttle end: throttle time(12)
08-06 11:58:01.609  4314  4326 I art     : Starting a blocking GC Explicit
08-06 11:58:01.623  4314  4326 I art     : Explicit concurrent mark sweep GC freed 52(2048B) AllocSpace objects, 0(0B) LOS objects, 40% free, 22MB/36MB, paused 119us total 14.088ms
08-06 11:58:01.632  4314  4326 I art     : Starting a blocking GC Explicit
08-06 11:58:01.646  4314  4326 I art     : Explicit concurrent mark sweep GC freed 11(400B) AllocSpace objects, 0(0B) LOS objects, 40% free, 22MB/36MB, paused 127us total 13.902ms
08-06 11:58:01.655  4314  4326 I art     : Starting a blocking GC Explicit
08-06 11:58:01.669  4314  4326 I art     : Explicit concurrent mark sweep GC freed 18(672B) AllocSpace objects, 0(0B) LOS objects, 40% free, 22MB/36MB, paused 117us total 13.827ms
08-06 11:58:01.678  4314  4326 I art     : Starting a blocking GC Explicit
08-06 11:58:01.692  4314  4326 I art     : Explicit concurrent mark sweep GC freed 14(496B) AllocSpace objects, 0(0B) LOS objects, 40% free, 22MB/36MB, paused 129us total 14.246ms
08-06 11:58:01.924  4314  4380 I art     : Starting a blocking GC Explicit
08-06 11:58:01.940  4314  4380 I art     : Explicit concurrent mark sweep GC freed 1492(84KB) AllocSpace objects, 1(20KB) LOS objects, 40% free, 22MB/36MB, paused 137us total 15.298ms
08-06 11:58:01.949  4314  4380 I art     : Starting a blocking GC Explicit
08-06 11:58:01.966  4314  4380 I art     : Explicit concurrent mark sweep GC freed 62(2128B) AllocSpace objects, 0(0B) LOS objects, 40% free, 22MB/36MB, paused 314us total 16.110ms
08-06 11:58:01.974  4314  4380 I art     : Starting a blocking GC Explicit
08-06 11:58:01.988  4314  4380 I art     : Explicit concurrent mark sweep GC freed 19(704B) AllocSpace objects, 0(0B) LOS objects, 40% free, 22MB/36MB, paused 139us total 13.980ms
08-06 11:58:01.995  4687  4687 D AndroidRuntime: >>>>>> START com.android.internal.os.RuntimeInit uid 2000 <<<<<<
08-06 11:58:01.998  4314  4380 I art     : Starting a blocking GC Explicit
08-06 11:58:01.999  4687  4687 D AndroidRuntime: CheckJNI is OFF
08-06 11:58:02.012  4314  4380 I art     : Explicit concurrent mark sweep GC freed 12(416B) AllocSpace objects, 0(0B) LOS objects, 40% free, 22MB/36MB, paused 134us total 14.326ms
08-06 11:58:02.020  4314  4380 I art     : Starting a blocking GC Explicit
08-06 11:58:02.025  4687  4687 D ICU     : No timezone override file found: /data/misc/zoneinfo/current/icu/icu_tzdata.dat
08-06 11:58:02.033  4314  4380 I art     : Explicit concurrent mark sweep GC freed 15(592B) AllocSpace objects, 0(0B) LOS objects, 40% free, 22MB/36MB, paused 130us total 13.396ms
08-06 11:58:02.049  4687  4687 I Radio-JNI: register_android_hardware_Radio DONE
08-06 11:58:02.063  4687  4687 D AndroidRuntime: Calling main entry com.android.commands.input.Input
08-06 11:58:02.065  4687  4687 I Input   : injectMotionEvent: MotionEvent { action=ACTION_DOWN, actionButton=0, id[0]=0, x[0]=1309.0, y[0]=1701.0, toolType[0]=TOOL_TYPE_UNKNOWN, buttonState=0, metaState=0, flags=0x0, edgeFlags=0x0, pointerCount=1, historySize=0, eventTime=878298477, downTime=878298477, deviceId=0, source=0x1002 }
08-06 11:58:02.068  4687  4687 I Input   : injectMotionEvent: MotionEvent { action=ACTION_UP, actionButton=0, id[0]=0, x[0]=1309.0, y[0]=1701.0, toolType[0]=TOOL_TYPE_UNKNOWN, buttonState=0, metaState=0, flags=0x0, edgeFlags=0x0, pointerCount=1, historySize=0, eventTime=878298477, downTime=878298477, deviceId=0, source=0x1002 }
08-06 11:58:02.070  4687  4687 D AndroidRuntime: Shutting down VM
08-06 11:58:02.088   512  2967 D audio_hw_primary: disable_audio_route: reset and update mixer path: low-latency-playback speaker
08-06 11:58:02.089   512  2967 D audio_hw_primary: disable_snd_device: snd_device(2: speaker)
08-06 11:58:02.097   512  2967 I soundtrigger: audio_extn_sound_trigger_update_device_status: device 0x2 of type 0 for Event 0
08-06 11:58:02.136   512  2967 D audio_hw_primary: out_set_parameters: enter: usecase(1: low-latency-playback) kvpairs: routing=2
08-06 11:58:02.150   512  2967 D audio_hw_primary: select_devices: out_snd_device(2: speaker) in_snd_device(0: none)
08-06 11:58:02.150   512  2967 D msm8974_platform: platform_send_audio_calibration: sending audio calibration for snd_device(2) acdb_id(15)
08-06 11:58:02.150   512  2967 I soundtrigger: audio_extn_sound_trigger_update_device_status: device 0x2 of type 0 for Event 1
08-06 11:58:02.161   512  2967 D audio_hw_primary: enable_snd_device: snd_device(2: speaker)
08-06 11:58:02.164   512  2967 D audio_hw_primary: enable_audio_route: apply and update mixer path: low-latency-playback speaker
08-06 11:58:02.176   518   646 I ThermalEngine: ACTION: GPU - Setting GPU[0] to 510000000
08-06 11:58:02.208   512  2967 D AudioFlinger: mixer(0xf4740000) throttle end: throttle time(12)
08-06 11:58:02.276  4314  4380 I art     : Starting a blocking GC Explicit
08-06 11:58:02.296  4314  4380 I art     : Explicit concurrent mark sweep GC freed 2100(127KB) AllocSpace objects, 2(40KB) LOS objects, 40% free, 22MB/37MB, paused 157us total 19.869ms
08-06 11:58:02.309  4314  4380 I art     : Starting a blocking GC Explicit
08-06 11:58:02.325  4314  4380 I art     : Explicit concurrent mark sweep GC freed 111(4KB) AllocSpace objects, 0(0B) LOS objects, 40% free, 22MB/37MB, paused 162us total 16.555ms
08-06 11:58:02.336  4314  4380 I art     : Starting a blocking GC Explicit
08-06 11:58:02.354  4314  4380 I art     : Explicit concurrent mark sweep GC freed 55(2432B) AllocSpace objects, 0(0B) LOS objects, 40% free, 22MB/37MB, paused 163us total 17.186ms
08-06 11:58:02.365  4314  4380 I art     : Starting a blocking GC Explicit
08-06 11:58:02.382  4314  4380 I art     : Explicit concurrent mark sweep GC freed 25(1008B) AllocSpace objects, 0(0B) LOS objects, 40% free, 22MB/37MB, paused 322us total 17.603ms
08-06 11:58:02.394  4314  4380 I art     : Starting a blocking GC Explicit
08-06 11:58:02.411  4314  4380 I art     : Explicit concurrent mark sweep GC freed 16(608B) AllocSpace objects, 0(0B) LOS objects, 40% free, 22MB/37MB, paused 153us total 16.960ms
08-06 11:58:02.668  4314  4380 I art     : Starting a blocking GC Explicit
08-06 11:58:02.683  4719  4719 D AndroidRuntime: >>>>>> START com.android.internal.os.RuntimeInit uid 2000 <<<<<<
08-06 11:58:02.688  4314  4380 I art     : Explicit concurrent mark sweep GC freed 1487(84KB) AllocSpace objects, 1(20KB) LOS objects, 40% free, 22MB/37MB, paused 220us total 20.124ms
08-06 11:58:02.688  4719  4719 D AndroidRuntime: CheckJNI is OFF
08-06 11:58:02.698   512  2967 D audio_hw_primary: disable_audio_route: reset and update mixer path: low-latency-playback speaker
08-06 11:58:02.699   512  2967 D audio_hw_primary: disable_snd_device: snd_device(2: speaker)
08-06 11:58:02.700  4314  4380 I art     : Starting a blocking GC Explicit
08-06 11:58:02.707   512  2967 I soundtrigger: audio_extn_sound_trigger_update_device_status: device 0x2 of type 0 for Event 0
08-06 11:58:02.719  4314  4380 I art     : Explicit concurrent mark sweep GC freed 88(3KB) AllocSpace objects, 0(0B) LOS objects, 40% free, 22MB/37MB, paused 166us total 18.488ms
08-06 11:58:02.723  4719  4719 D ICU     : No timezone override file found: /data/misc/zoneinfo/current/icu/icu_tzdata.dat
08-06 11:58:02.730  4314  4380 I art     : Starting a blocking GC Explicit
08-06 11:58:02.747  4314  4380 I art     : Explicit concurrent mark sweep GC freed 8(256B) AllocSpace objects, 0(0B) LOS objects, 40% free, 22MB/37MB, paused 177us total 17.186ms
08-06 11:58:02.755  4719  4719 I Radio-JNI: register_android_hardware_Radio DONE
08-06 11:58:02.758  4314  4380 I art     : Starting a blocking GC Explicit
08-06 11:58:02.776  4314  4380 I art     : Explicit concurrent mark sweep GC freed 7(224B) AllocSpace objects, 0(0B) LOS objects, 40% free, 22MB/37MB, paused 172us total 16.953ms
08-06 11:58:02.776  4719  4719 D AndroidRuntime: Calling main entry com.android.commands.input.Input
08-06 11:58:02.778  4719  4719 I Input   : injectMotionEvent: MotionEvent { action=ACTION_DOWN, actionButton=0, id[0]=0, x[0]=477.0, y[0]=805.0, toolType[0]=TOOL_TYPE_UNKNOWN, buttonState=0, metaState=0, flags=0x0, edgeFlags=0x0, pointerCount=1, historySize=0, eventTime=878299190, downTime=878299190, deviceId=0, source=0x1002 }
08-06 11:58:02.783  4719  4719 I Input   : injectMotionEvent: MotionEvent { action=ACTION_UP, actionButton=0, id[0]=0, x[0]=477.0, y[0]=805.0, toolType[0]=TOOL_TYPE_UNKNOWN, buttonState=0, metaState=0, flags=0x0, edgeFlags=0x0, pointerCount=1, historySize=0, eventTime=878299190, downTime=878299190, deviceId=0, source=0x1002 }
08-06 11:58:02.785  4719  4719 D AndroidRuntime: Shutting down VM
08-06 11:58:02.787  4314  4380 I art     : Starting a blocking GC Explicit
08-06 11:58:02.805  4314  4380 I art     : Explicit concurrent mark sweep GC freed 34(1232B) AllocSpace objects, 0(0B) LOS objects, 40% free, 22MB/37MB, paused 154us total 17.682ms
08-06 11:58:02.851   512  2967 D audio_hw_primary: out_set_parameters: enter: usecase(1: low-latency-playback) kvpairs: routing=2
08-06 11:58:02.864   512  2967 D audio_hw_primary: select_devices: out_snd_device(2: speaker) in_snd_device(0: none)
08-06 11:58:02.864   512  2967 D msm8974_platform: platform_send_audio_calibration: sending audio calibration for snd_device(2) acdb_id(15)
08-06 11:58:02.865   512  2967 I soundtrigger: audio_extn_sound_trigger_update_device_status: device 0x2 of type 0 for Event 1
08-06 11:58:02.877   512  2967 D audio_hw_primary: enable_snd_device: snd_device(2: speaker)
08-06 11:58:02.879   512  2967 D audio_hw_primary: enable_audio_route: apply and update mixer path: low-latency-playback speaker
08-06 11:58:02.922   512  2967 D AudioFlinger: mixer(0xf4740000) throttle end: throttle time(12)
08-06 11:58:03.059  4314  4327 I art     : Starting a blocking GC Explicit
08-06 11:58:03.077  4314  4327 I art     : Explicit concurrent mark sweep GC freed 2623(203KB) AllocSpace objects, 1(20KB) LOS objects, 40% free, 22MB/37MB, paused 236us total 18.226ms
08-06 11:58:03.089  4314  4327 I art     : Starting a blocking GC Explicit
08-06 11:58:03.109  4314  4327 I art     : Explicit concurrent mark sweep GC freed 270(15KB) AllocSpace objects, 0(0B) LOS objects, 40% free, 22MB/37MB, paused 172us total 20.193ms
08-06 11:58:03.122  4314  4327 I art     : Starting a blocking GC Explicit
08-06 11:58:03.142  4314  4327 I art     : Explicit concurrent mark sweep GC freed 3(96B) AllocSpace objects, 0(0B) LOS objects, 40% free, 22MB/37MB, paused 182us total 19.639ms
08-06 11:58:03.154  4314  4327 I art     : Starting a blocking GC Explicit
08-06 11:58:03.174  4314  4327 I art     : Explicit concurrent mark sweep GC freed 3(96B) AllocSpace objects, 0(0B) LOS objects, 40% free, 22MB/37MB, paused 202us total 19.872ms
08-06 11:58:03.185  4314  4327 I art     : Starting a blocking GC Explicit
08-06 11:58:03.205  4314  4327 I art     : Explicit concurrent mark sweep GC freed 7(224B) AllocSpace objects, 0(0B) LOS objects, 40% free, 22MB/37MB, paused 163us total 19.536ms
08-06 11:58:03.406  4754  4754 D AndroidRuntime: >>>>>> START com.android.internal.os.RuntimeInit uid 2000 <<<<<<
08-06 11:58:03.409   512  2967 D audio_hw_primary: disable_audio_route: reset and update mixer path: low-latency-playback speaker
08-06 11:58:03.410  4754  4754 D AndroidRuntime: CheckJNI is OFF
08-06 11:58:03.412   512  2967 D audio_hw_primary: disable_snd_device: snd_device(2: speaker)
08-06 11:58:03.423   512  2967 I soundtrigger: audio_extn_sound_trigger_update_device_status: device 0x2 of type 0 for Event 0
08-06 11:58:03.442  4754  4754 D ICU     : No timezone override file found: /data/misc/zoneinfo/current/icu/icu_tzdata.dat
08-06 11:58:03.474  4754  4754 I Radio-JNI: register_android_hardware_Radio DONE
08-06 11:58:03.485  4314  4380 I art     : Starting a blocking GC Explicit
08-06 11:58:03.496  4754  4754 D AndroidRuntime: Calling main entry com.android.commands.input.Input
08-06 11:58:03.498  4754  4754 I Input   : injectMotionEvent: MotionEvent { action=ACTION_DOWN, actionButton=0, id[0]=0, x[0]=463.0, y[0]=464.0, toolType[0]=TOOL_TYPE_UNKNOWN, buttonState=0, metaState=0, flags=0x0, edgeFlags=0x0, pointerCount=1, historySize=0, eventTime=878299910, downTime=878299910, deviceId=0, source=0x1002 }
08-06 11:58:03.503  4754  4754 I Input   : injectMotionEvent: MotionEvent { action=ACTION_UP, actionButton=0, id[0]=0, x[0]=463.0, y[0]=464.0, toolType[0]=TOOL_TYPE_UNKNOWN, buttonState=0, metaState=0, flags=0x0, edgeFlags=0x0, pointerCount=1, historySize=0, eventTime=878299910, downTime=878299910, deviceId=0, source=0x1002 }
08-06 11:58:03.505  4754  4754 D AndroidRuntime: Shutting down VM
08-06 11:58:03.505  4314  4380 I art     : Explicit concurrent mark sweep GC freed 1341(78KB) AllocSpace objects, 1(20KB) LOS objects, 40% free, 22MB/37MB, paused 432us total 20.356ms
08-06 11:58:03.517  4314  4380 I art     : Starting a blocking GC Explicit
08-06 11:58:03.540  4314  4380 I art     : Explicit concurrent mark sweep GC freed 39(1344B) AllocSpace objects, 0(0B) LOS objects, 40% free, 22MB/37MB, paused 173us total 22.269ms
08-06 11:58:03.553  4314  4380 I art     : Starting a blocking GC Explicit
08-06 11:58:03.572   512  2967 D audio_hw_primary: out_set_parameters: enter: usecase(1: low-latency-playback) kvpairs: routing=2
08-06 11:58:03.575  4314  4380 I art     : Explicit concurrent mark sweep GC freed 63(2624B) AllocSpace objects, 0(0B) LOS objects, 40% free, 22MB/37MB, paused 236us total 22.457ms
08-06 11:58:03.586   512  2967 D audio_hw_primary: select_devices: out_snd_device(2: speaker) in_snd_device(0: none)
08-06 11:58:03.586   512  2967 D msm8974_platform: platform_send_audio_calibration: sending audio calibration for snd_device(2) acdb_id(15)
08-06 11:58:03.586   512  2967 I soundtrigger: audio_extn_sound_trigger_update_device_status: device 0x2 of type 0 for Event 1
08-06 11:58:03.587   918  3670 W InputMethodManagerService: Window already focused, ignoring focus gain of: com.android.internal.view.IInputMethodClient$Stub$Proxy@ec9b1bc attribute=null, token = android.os.BinderProxy@7343678
08-06 11:58:03.590  4314  4380 I art     : Starting a blocking GC Explicit
08-06 11:58:03.602   512  2967 D audio_hw_primary: enable_snd_device: snd_device(2: speaker)
08-06 11:58:03.604   512  2967 D audio_hw_primary: enable_audio_route: apply and update mixer path: low-latency-playback speaker
08-06 11:58:03.612  4314  4380 I art     : Explicit concurrent mark sweep GC freed 222(23KB) AllocSpace objects, 1(20KB) LOS objects, 40% free, 22MB/37MB, paused 226us total 21.570ms
08-06 11:58:03.623  4314  4380 I art     : Starting a blocking GC Explicit
08-06 11:58:03.642  4314  4380 I art     : Explicit concurrent mark sweep GC freed 119(6KB) AllocSpace objects, 0(0B) LOS objects, 40% free, 22MB/37MB, paused 166us total 18.653ms
08-06 11:58:03.646   512  2967 D AudioFlinger: mixer(0xf4740000) throttle end: throttle time(12)
08-06 11:58:03.783   380   380 W SurfaceFlinger: couldn't log to binary event log: overflow.
08-06 11:58:03.876  4314  4622 I art     : Starting a blocking GC Explicit
08-06 11:58:03.895  4314  4622 I art     : Explicit concurrent mark sweep GC freed 1357(78KB) AllocSpace objects, 1(20KB) LOS objects, 40% free, 22MB/37MB, paused 183us total 19.296ms
08-06 11:58:03.907  4314  4622 I art     : Starting a blocking GC Explicit
08-06 11:58:03.925  4314  4622 I art     : Explicit concurrent mark sweep GC freed 22(768B) AllocSpace objects, 0(0B) LOS objects, 40% free, 22MB/37MB, paused 183us total 17.591ms
08-06 11:58:03.935  4314  4622 I art     : Starting a blocking GC Explicit
08-06 11:58:03.954  4314  4622 I art     : Explicit concurrent mark sweep GC freed 3(96B) AllocSpace objects, 0(0B) LOS objects, 40% free, 22MB/37MB, paused 188us total 18.441ms
08-06 11:58:03.965  4314  4622 I art     : Starting a blocking GC Explicit
08-06 11:58:03.985  4314  4622 I art     : Explicit concurrent mark sweep GC freed 3(96B) AllocSpace objects, 0(0B) LOS objects, 40% free, 22MB/37MB, paused 182us total 19.218ms
08-06 11:58:03.996  4314  4622 I art     : Starting a blocking GC Explicit
08-06 11:58:04.015  4314  4622 I art     : Explicit concurrent mark sweep GC freed 3(96B) AllocSpace objects, 0(0B) LOS objects, 40% free, 22MB/37MB, paused 207us total 19.003ms
08-06 11:58:04.139   512  2967 D audio_hw_primary: disable_audio_route: reset and update mixer path: low-latency-playback speaker
08-06 11:58:04.141   512  2967 D audio_hw_primary: disable_snd_device: snd_device(2: speaker)
08-06 11:58:04.144  4776  4776 D AndroidRuntime: >>>>>> START com.android.internal.os.RuntimeInit uid 2000 <<<<<<
08-06 11:58:04.150  4776  4776 D AndroidRuntime: CheckJNI is OFF
08-06 11:58:04.151   512  2967 I soundtrigger: audio_extn_sound_trigger_update_device_status: device 0x2 of type 0 for Event 0
08-06 11:58:04.179   518   646 I ThermalEngine: ACTION: GPU - Setting GPU[0] to 450000000
08-06 11:58:04.185  4776  4776 D ICU     : No timezone override file found: /data/misc/zoneinfo/current/icu/icu_tzdata.dat
08-06 11:58:04.225  4776  4776 I Radio-JNI: register_android_hardware_Radio DONE
08-06 11:58:04.254  4776  4776 D AndroidRuntime: Calling main entry com.android.commands.input.Input
08-06 11:58:04.256  4776  4776 I Input   : injectKeyEvent: KeyEvent { action=ACTION_DOWN, keyCode=KEYCODE_BACK, scanCode=0, metaState=0, flags=0x0, repeatCount=0, eventTime=878300669, downTime=878300669, deviceId=-1, source=0x101 }
08-06 11:58:04.260  4776  4776 I Input   : injectKeyEvent: KeyEvent { action=ACTION_UP, keyCode=KEYCODE_BACK, scanCode=0, metaState=0, flags=0x0, repeatCount=0, eventTime=878300669, downTime=878300669, deviceId=-1, source=0x101 }
08-06 11:58:04.266  4776  4776 D AndroidRuntime: Shutting down VM
08-06 11:58:04.285  4314  4622 I art     : Starting a blocking GC Explicit
08-06 11:58:04.307 13866 13866 I GoogleInputMethodServic: GoogleInputMethodService.onFinishInput():3138 
08-06 11:58:04.308 13866 13866 I GoogleInputMethodServic: GoogleInputMethodService.onStartInput():1808 
08-06 11:58:04.310  4314  4622 I art     : Explicit concurrent mark sweep GC freed 1387(82KB) AllocSpace objects, 1(20KB) LOS objects, 40% free, 22MB/37MB, paused 524us total 24.919ms
08-06 11:58:04.326  4314  4622 I art     : Starting a blocking GC Explicit
08-06 11:58:04.350  4314  4622 I art     : Explicit concurrent mark sweep GC freed 64(2576B) AllocSpace objects, 0(0B) LOS objects, 40% free, 22MB/37MB, paused 243us total 24.100ms
08-06 11:58:04.366  4314  4622 I art     : Starting a blocking GC Explicit
08-06 11:58:04.387  4314  4622 I art     : Explicit concurrent mark sweep GC freed 28(944B) AllocSpace objects, 0(0B) LOS objects, 40% free, 22MB/37MB, paused 208us total 21.277ms
08-06 11:58:04.401  4314  4622 I art     : Starting a blocking GC Explicit
08-06 11:58:04.427  4314  4622 I art     : Explicit concurrent mark sweep GC freed 3(96B) AllocSpace objects, 0(0B) LOS objects, 40% free, 22MB/37MB, paused 235us total 25.414ms
08-06 11:58:04.442  4314  4622 I art     : Starting a blocking GC Explicit
08-06 11:58:04.468  4314  4622 I art     : Explicit concurrent mark sweep GC freed 3(96B) AllocSpace objects, 0(0B) LOS objects, 40% free, 22MB/37MB, paused 217us total 25.539ms
08-06 11:58:04.600   380   380 W SurfaceFlinger: couldn't log to binary event log: overflow.
08-06 11:58:04.739  4314  4380 I art     : Starting a blocking GC Explicit
08-06 11:58:04.764  4314  4380 I art     : Explicit concurrent mark sweep GC freed 1487(85KB) AllocSpace objects, 1(20KB) LOS objects, 40% free, 22MB/37MB, paused 229us total 25.171ms
08-06 11:58:04.779  4314  4380 I art     : Starting a blocking GC Explicit
08-06 11:58:04.801  4314  4380 I art     : Explicit concurrent mark sweep GC freed 13735(694KB) AllocSpace objects, 7(340KB) LOS objects, 40% free, 21MB/35MB, paused 215us total 21.435ms
08-06 11:58:04.815  4314  4380 I art     : Starting a blocking GC Explicit
08-06 11:58:04.834  4314  4380 I art     : Explicit concurrent mark sweep GC freed 3(96B) AllocSpace objects, 0(0B) LOS objects, 40% free, 21MB/35MB, paused 224us total 18.654ms
08-06 11:58:04.848  4314  4380 I art     : Starting a blocking GC Explicit
08-06 11:58:04.867  4314  4380 I art     : Explicit concurrent mark sweep GC freed 3(96B) AllocSpace objects, 0(0B) LOS objects, 40% free, 21MB/35MB, paused 260us total 18.999ms
08-06 11:58:04.881  4314  4380 I art     : Starting a blocking GC Explicit
08-06 11:58:04.900  4314  4380 I art     : Explicit concurrent mark sweep GC freed 3(96B) AllocSpace objects, 0(0B) LOS objects, 40% free, 21MB/35MB, paused 211us total 18.596ms
08-06 11:58:05.051  4809  4809 D AndroidRuntime: >>>>>> START com.android.internal.os.RuntimeInit uid 2000 <<<<<<
08-06 11:58:05.057  4809  4809 D AndroidRuntime: CheckJNI is OFF
08-06 11:58:05.098  4809  4809 D ICU     : No timezone override file found: /data/misc/zoneinfo/current/icu/icu_tzdata.dat
08-06 11:58:05.140  4809  4809 I Radio-JNI: register_android_hardware_Radio DONE
08-06 11:58:05.170  4809  4809 D AndroidRuntime: Calling main entry com.android.commands.input.Input
08-06 11:58:05.171  4809  4809 I Input   : injectKeyEvent: KeyEvent { action=ACTION_DOWN, keyCode=KEYCODE_BACK, scanCode=0, metaState=0, flags=0x0, repeatCount=0, eventTime=878301584, downTime=878301584, deviceId=-1, source=0x101 }
08-06 11:58:05.175  4809  4809 I Input   : injectKeyEvent: KeyEvent { action=ACTION_UP, keyCode=KEYCODE_BACK, scanCode=0, metaState=0, flags=0x0, repeatCount=0, eventTime=878301584, downTime=878301584, deviceId=-1, source=0x101 }
08-06 11:58:05.178  4314  4326 I art     : Starting a blocking GC Explicit
08-06 11:58:05.183  4809  4809 D AndroidRuntime: Shutting down VM
08-06 11:58:05.198  4314  4326 I art     : Explicit concurrent mark sweep GC freed 1433(81KB) AllocSpace objects, 1(20KB) LOS objects, 40% free, 21MB/35MB, paused 250us total 19.650ms
08-06 11:58:05.213  4314  4326 I art     : Starting a blocking GC Explicit
08-06 11:58:05.222 13866 13866 I GoogleInputMethodServic: GoogleInputMethodService.onFinishInput():3138 
08-06 11:58:05.223 13866 13866 I GoogleInputMethodServic: GoogleInputMethodService.onStartInput():1808 
08-06 11:58:05.232  4314  4326 I art     : Explicit concurrent mark sweep GC freed 68(3KB) AllocSpace objects, 0(0B) LOS objects, 40% free, 21MB/35MB, paused 231us total 18.117ms
08-06 11:58:05.247  4314  4326 I art     : Starting a blocking GC Explicit
08-06 11:58:05.264  4314  4326 I art     : Explicit concurrent mark sweep GC freed 23(880B) AllocSpace objects, 0(0B) LOS objects, 40% free, 21MB/35MB, paused 214us total 17.501ms
08-06 11:58:05.278  4314  4326 I art     : Starting a blocking GC Explicit
08-06 11:58:05.296  4314  4326 I art     : Explicit concurrent mark sweep GC freed 19(640B) AllocSpace objects, 0(0B) LOS objects, 40% free, 21MB/35MB, paused 214us total 17.073ms
08-06 11:58:05.309  4314  4326 I art     : Starting a blocking GC Explicit
08-06 11:58:05.325  4314  4326 I art     : Explicit concurrent mark sweep GC freed 3(96B) AllocSpace objects, 0(0B) LOS objects, 40% free, 21MB/35MB, paused 193us total 16.369ms
08-06 11:58:05.606  4314  4380 I art     : Starting a blocking GC Explicit
08-06 11:58:05.626  4314  4380 I art     : Explicit concurrent mark sweep GC freed 1362(79KB) AllocSpace objects, 1(20KB) LOS objects, 40% free, 21MB/35MB, paused 224us total 19.688ms
08-06 11:58:05.640  4314  4380 I art     : Starting a blocking GC Explicit
08-06 11:58:05.659  4314  4380 I art     : Explicit concurrent mark sweep GC freed 143(10KB) AllocSpace objects, 0(0B) LOS objects, 40% free, 21MB/35MB, paused 227us total 18.828ms
08-06 11:58:05.673  4314  4380 I art     : Starting a blocking GC Explicit
08-06 11:58:05.692  4314  4380 I art     : Explicit concurrent mark sweep GC freed 3(96B) AllocSpace objects, 0(0B) LOS objects, 40% free, 21MB/35MB, paused 239us total 19.031ms
08-06 11:58:05.707  4314  4380 I art     : Starting a blocking GC Explicit
08-06 11:58:05.725  4314  4380 I art     : Explicit concurrent mark sweep GC freed 3(96B) AllocSpace objects, 0(0B) LOS objects, 40% free, 21MB/35MB, paused 221us total 18.473ms
08-06 11:58:05.739  4314  4380 I art     : Starting a blocking GC Explicit
08-06 11:58:05.758  4314  4380 I art     : Explicit concurrent mark sweep GC freed 3(96B) AllocSpace objects, 0(0B) LOS objects, 40% free, 21MB/35MB, paused 228us total 18.999ms
08-06 11:58:05.933  4314  4314 I RedReader: Checking for new messages.
08-06 11:58:05.935  4314  4314 I RegularCachePruner: Pruning cache...
08-06 11:58:05.936  4314  4857 I RedditChangeDataManager: Pruning for all users...
08-06 11:58:05.937  4314  4857 I RedditChangeDataManager: Pruning complete.
08-06 11:58:05.941  4314  4857 I CacheManager: Pruning 0 files
08-06 11:58:05.966  4841  4841 D AndroidRuntime: >>>>>> START com.android.internal.os.RuntimeInit uid 2000 <<<<<<
08-06 11:58:05.972  4841  4841 D AndroidRuntime: CheckJNI is OFF
08-06 11:58:06.014  4841  4841 D ICU     : No timezone override file found: /data/misc/zoneinfo/current/icu/icu_tzdata.dat
08-06 11:58:06.041  4314  4327 I art     : Starting a blocking GC Explicit
08-06 11:58:06.056  4841  4841 I Radio-JNI: register_android_hardware_Radio DONE
08-06 11:58:06.061  4314  4327 I art     : Explicit concurrent mark sweep GC freed 1586(94KB) AllocSpace objects, 1(20KB) LOS objects, 40% free, 21MB/35MB, paused 262us total 19.725ms
08-06 11:58:06.075  4314  4327 I art     : Starting a blocking GC Explicit
08-06 11:58:06.086  4841  4841 D AndroidRuntime: Calling main entry com.android.commands.input.Input
08-06 11:58:06.088  4841  4841 I Input   : injectMotionEvent: MotionEvent { action=ACTION_DOWN, actionButton=0, id[0]=0, x[0]=600.0, y[0]=1536.0, toolType[0]=TOOL_TYPE_UNKNOWN, buttonState=0, metaState=0, flags=0x0, edgeFlags=0x0, pointerCount=1, historySize=0, eventTime=878302501, downTime=878302501, deviceId=0, source=0x1002 }
08-06 11:58:06.093  4841  4841 I Input   : injectMotionEvent: MotionEvent { action=ACTION_UP, actionButton=0, id[0]=0, x[0]=600.0, y[0]=1536.0, toolType[0]=TOOL_TYPE_UNKNOWN, buttonState=0, metaState=0, flags=0x0, edgeFlags=0x0, pointerCount=1, historySize=0, eventTime=878302501, downTime=878302501, deviceId=0, source=0x1002 }
08-06 11:58:06.093  4314  4327 I art     : Explicit concurrent mark sweep GC freed 2841(188KB) AllocSpace objects, 1(28KB) LOS objects, 40% free, 21MB/35MB, paused 276us total 18.033ms
08-06 11:58:06.094  4841  4841 D AndroidRuntime: Shutting down VM
08-06 11:58:06.104   512  2967 D audio_hw_primary: out_set_parameters: enter: usecase(1: low-latency-playback) kvpairs: routing=2
08-06 11:58:06.115   918  3670 I ActivityManager: START u0 {dat=https://oauth.reddit.com/... cmp=baseline.org.quantumbadger.redreader/.activities.PostListingActivity} from uid 10705 on display 0
08-06 11:58:06.116  4314  4327 I art     : Starting a blocking GC Explicit
08-06 11:58:06.117   512  2967 D audio_hw_primary: select_devices: out_snd_device(2: speaker) in_snd_device(0: none)
08-06 11:58:06.118   512  2967 D msm8974_platform: platform_send_audio_calibration: sending audio calibration for snd_device(2) acdb_id(15)
08-06 11:58:06.118   512  2967 I soundtrigger: audio_extn_sound_trigger_update_device_status: device 0x2 of type 0 for Event 1
08-06 11:58:06.129   512  2967 D audio_hw_primary: enable_snd_device: snd_device(2: speaker)
08-06 11:58:06.131   512  2967 D audio_hw_primary: enable_audio_route: apply and update mixer path: low-latency-playback speaker
08-06 11:58:06.134  4314  4327 I art     : Explicit concurrent mark sweep GC freed 101(13KB) AllocSpace objects, 0(0B) LOS objects, 40% free, 21MB/35MB, paused 554us total 17.944ms
08-06 11:58:06.142  4314  4314 I AppCompatViewInflater: app:theme is now deprecated. Please move to using android:theme instead.
08-06 11:58:06.149  4314  4327 I art     : Starting a blocking GC Explicit
08-06 11:58:06.168  4314  4327 I art     : Explicit concurrent mark sweep GC freed 3176(212KB) AllocSpace objects, 0(0B) LOS objects, 40% free, 21MB/35MB, paused 502us total 18.617ms
08-06 11:58:06.183  4314  4327 I art     : Starting a blocking GC Explicit
08-06 11:58:06.191  4314  4873 I RawObjectDB query string: CREATE TABLE objects(RawObjectDB_id TEXT PRIMARY KEY ON CONFLICT REPLACE,RawObjectDB_timestamp INTEGER,accounts_active INTEGER,created INTEGER,created_utc INTEGER,description TEXT,description_html TEXT,display_name TEXT,header_img TEXT,header_title TEXT,id TEXT,name TEXT,over18 INTEGER,public_description TEXT,subscribers INTEGER,title TEXT,url TEXT)
08-06 11:58:06.203  4314  4327 I art     : Explicit concurrent mark sweep GC freed 1158(77KB) AllocSpace objects, 0(0B) LOS objects, 40% free, 21MB/35MB, paused 289us total 19.291ms
08-06 11:58:06.233  4314  4874 D OK      : calling: https://www.reddit.com/api/v1/access_token
08-06 11:58:06.258   918   936 I ActivityManager: Displayed baseline.org.quantumbadger.redreader/.activities.PostListingActivity: +133ms
08-06 11:58:06.259 13866 13866 I GoogleInputMethodServic: GoogleInputMethodService.onFinishInput():3138 
08-06 11:58:06.259 13866 13866 I GoogleInputMethodServic: GoogleInputMethodService.onStartInput():1808 
08-06 11:58:06.484  4314  4380 I art     : Starting a blocking GC Explicit
08-06 11:58:06.512  4314  4380 I art     : Explicit concurrent mark sweep GC freed 4710(342KB) AllocSpace objects, 3(140KB) LOS objects, 40% free, 21MB/36MB, paused 534us total 28.090ms
08-06 11:58:06.519   380   380 W SurfaceFlinger: couldn't log to binary event log: overflow.
08-06 11:58:06.528  4314  4380 I art     : Starting a blocking GC Explicit
08-06 11:58:06.551  4314  4380 I art     : Explicit concurrent mark sweep GC freed 5268(297KB) AllocSpace objects, 1(80KB) LOS objects, 40% free, 21MB/36MB, paused 356us total 23.215ms
08-06 11:58:06.565  4314  4380 I art     : Starting a blocking GC Explicit
08-06 11:58:06.584  4314  4380 I art     : Explicit concurrent mark sweep GC freed 93(7KB) AllocSpace objects, 0(0B) LOS objects, 40% free, 21MB/36MB, paused 338us total 18.436ms
08-06 11:58:06.600  4314  4380 I art     : Starting a blocking GC Explicit
08-06 11:58:06.626  4314  4380 I art     : Explicit concurrent mark sweep GC freed 10071(751KB) AllocSpace objects, 2(48KB) LOS objects, 40% free, 22MB/38MB, paused 550us total 25.098ms
08-06 11:58:06.640  4314  4380 I art     : Starting a blocking GC Explicit
08-06 11:58:06.670  4314  4380 I art     : Explicit concurrent mark sweep GC freed 6436(439KB) AllocSpace objects, 8(944KB) LOS objects, 40% free, 23MB/38MB, paused 731us total 29.600ms
08-06 11:58:06.679   512  2967 D audio_hw_primary: disable_audio_route: reset and update mixer path: low-latency-playback speaker
08-06 11:58:06.679   512  2967 D audio_hw_primary: disable_snd_device: snd_device(2: speaker)
08-06 11:58:06.688   512  2967 I soundtrigger: audio_extn_sound_trigger_update_device_status: device 0x2 of type 0 for Event 0
08-06 11:58:06.749  4314  4874 D OK      : request got status: 200
08-06 11:58:06.759  4314  4874 D OK      : calling: https://oauth.reddit.com/r/askscience/about.json
08-06 11:58:06.964  4314  4622 I art     : Starting a blocking GC Explicit
08-06 11:58:07.003  4314  4622 I art     : Explicit concurrent mark sweep GC freed 21654(1307KB) AllocSpace objects, 5(520KB) LOS objects, 40% free, 23MB/39MB, paused 419us total 38.030ms
08-06 11:58:07.020  4314  4622 I art     : Starting a blocking GC Explicit
08-06 11:58:07.052  4314  4622 I art     : Explicit concurrent mark sweep GC freed 151(5KB) AllocSpace objects, 0(0B) LOS objects, 40% free, 23MB/39MB, paused 489us total 32.113ms
08-06 11:58:07.068  4314  4622 I art     : Starting a blocking GC Explicit
08-06 11:58:07.100  4314  4622 I art     : Explicit concurrent mark sweep GC freed 3(96B) AllocSpace objects, 0(0B) LOS objects, 40% free, 23MB/39MB, paused 395us total 31.915ms
08-06 11:58:07.113  4314  4874 I NAPPA_EXPERIMENTATION: MetricNetworkRequestExecutionTime: REQUEST_DURATION_SYSTEM='353',REQUEST_DURATION_OKHTTP='146',REQUEST_SYNCHRONOUS='TRUE',RESPONSE_CODE='200',RESPONSE_METHOD='GET',RESPONSE_LENGTH_OKHTTP='-1',RESPONSE_LENGTH_HEADER='4700',REQUEST_PROTOCOL='h2',REQUEST_URL='https://oauth.reddit.com/r/askscience/about.json',
08-06 11:58:07.113  4314  4874 D OK      : request got status: 200
08-06 11:58:07.117  4314  4622 I art     : Starting a blocking GC Explicit
08-06 11:58:07.156  4314  4622 I art     : Explicit concurrent mark sweep GC freed 1030(172KB) AllocSpace objects, 2(88KB) LOS objects, 39% free, 24MB/40MB, paused 1.449ms total 39.372ms
08-06 11:58:07.172  4314  4622 I art     : Starting a blocking GC Explicit
08-06 11:58:07.205  4314  4622 I art     : Explicit concurrent mark sweep GC freed 949(98KB) AllocSpace objects, 1(68KB) LOS objects, 39% free, 24MB/40MB, paused 322us total 32.642ms
08-06 11:58:07.431  4314  4918 D OK      : calling: https://oauth.reddit.com/r/askscience/hot/.json
08-06 11:58:07.501  4314  4380 I art     : Starting a blocking GC Explicit
08-06 11:58:07.540  4314  4380 I art     : Explicit concurrent mark sweep GC freed 1678(94KB) AllocSpace objects, 1(20KB) LOS objects, 39% free, 24MB/40MB, paused 388us total 38.302ms
08-06 11:58:07.557  4314  4380 I art     : Starting a blocking GC Explicit
08-06 11:58:07.591  4314  4380 I art     : Explicit concurrent mark sweep GC freed 26(960B) AllocSpace objects, 0(0B) LOS objects, 39% free, 24MB/40MB, paused 367us total 33.185ms
08-06 11:58:07.607  4314  4380 I art     : Starting a blocking GC Explicit
08-06 11:58:07.617  4314  4918 I NAPPA_EXPERIMENTATION: MetricNetworkRequestExecutionTime: REQUEST_DURATION_SYSTEM='186',REQUEST_DURATION_OKHTTP='183',REQUEST_SYNCHRONOUS='TRUE',RESPONSE_CODE='200',RESPONSE_METHOD='GET',RESPONSE_LENGTH_OKHTTP='-1',RESPONSE_LENGTH_HEADER='21282',REQUEST_PROTOCOL='h2',REQUEST_URL='https://oauth.reddit.com/r/askscience/hot/.json',
08-06 11:58:07.617  4314  4918 D OK      : request got status: 200
08-06 11:58:07.634  4314  4904 I PostListingFragment: Precaching images: OFF
08-06 11:58:07.634  4314  4904 I PostListingFragment: Precaching comments: OFF
08-06 11:58:07.641  4314  4380 I art     : Explicit concurrent mark sweep GC freed 508(103KB) AllocSpace objects, 0(0B) LOS objects, 39% free, 24MB/40MB, paused 653us total 34.118ms
08-06 11:58:07.658  4314  4380 I art     : Starting a blocking GC Explicit
08-06 11:58:07.695  4314  4380 I art     : Explicit concurrent mark sweep GC freed 1974(134KB) AllocSpace objects, 0(0B) LOS objects, 39% free, 24MB/40MB, paused 789us total 37.060ms
08-06 11:58:07.712  4314  4380 I art     : Starting a blocking GC Explicit
08-06 11:58:07.749  4314  4380 I art     : Explicit concurrent mark sweep GC freed 2361(134KB) AllocSpace objects, 1(68KB) LOS objects, 39% free, 24MB/40MB, paused 1.259ms total 37.731ms
08-06 11:58:08.061  4314  4380 I art     : Starting a blocking GC Explicit
08-06 11:58:08.104  4314  4380 I art     : Explicit concurrent mark sweep GC freed 18875(741KB) AllocSpace objects, 2(88KB) LOS objects, 39% free, 24MB/40MB, paused 421us total 42.583ms
08-06 11:58:08.121  4314  4380 I art     : Starting a blocking GC Explicit
08-06 11:58:08.157  4314  4380 I art     : Explicit concurrent mark sweep GC freed 13649(651KB) AllocSpace objects, 0(0B) LOS objects, 39% free, 24MB/40MB, paused 505us total 35.544ms
08-06 11:58:08.173  4314  4380 I art     : Starting a blocking GC Explicit
08-06 11:58:08.209  4314  4380 I art     : Explicit concurrent mark sweep GC freed 774(48KB) AllocSpace objects, 0(0B) LOS objects, 39% free, 24MB/40MB, paused 739us total 35.727ms
08-06 11:58:08.226  4314  4380 I art     : Starting a blocking GC Explicit
08-06 11:58:08.263  4314  4380 I art     : Explicit concurrent mark sweep GC freed 718(34KB) AllocSpace objects, 0(0B) LOS objects, 39% free, 24MB/40MB, paused 670us total 36.769ms
08-06 11:58:08.280  4314  4380 I art     : Starting a blocking GC Explicit
08-06 11:58:08.318  4314  4380 I art     : Explicit concurrent mark sweep GC freed 161(5KB) AllocSpace objects, 0(0B) LOS objects, 39% free, 24MB/40MB, paused 432us total 37.362ms
08-06 11:58:08.629  4314  4327 I art     : Starting a blocking GC Explicit
08-06 11:58:08.667  4314  4327 I art     : Explicit concurrent mark sweep GC freed 1683(94KB) AllocSpace objects, 1(20KB) LOS objects, 39% free, 24MB/40MB, paused 352us total 37.719ms
08-06 11:58:08.687  4314  4327 I art     : Starting a blocking GC Explicit
08-06 11:58:08.723  4314  4327 I art     : Explicit concurrent mark sweep GC freed 81(4KB) AllocSpace objects, 0(0B) LOS objects, 39% free, 24MB/40MB, paused 338us total 35.409ms
08-06 11:58:08.740  4314  4327 I art     : Starting a blocking GC Explicit
08-06 11:58:08.779  4314  4327 I art     : Explicit concurrent mark sweep GC freed 13(496B) AllocSpace objects, 0(0B) LOS objects, 39% free, 24MB/40MB, paused 366us total 39.041ms
08-06 11:58:08.796  4314  4327 I art     : Starting a blocking GC Explicit
08-06 11:58:08.836  4314  4327 I art     : Explicit concurrent mark sweep GC freed 3(96B) AllocSpace objects, 0(0B) LOS objects, 39% free, 24MB/40MB, paused 346us total 39.776ms
08-06 11:58:08.854  4314  4327 I art     : Starting a blocking GC Explicit
08-06 11:58:08.894  4314  4327 I art     : Explicit concurrent mark sweep GC freed 3(96B) AllocSpace objects, 0(0B) LOS objects, 39% free, 24MB/40MB, paused 351us total 40.647ms
08-06 11:58:09.187   518   646 I ThermalEngine: ACTION: GPU - Setting GPU[0] to 510000000
08-06 11:58:09.218  4314  4380 I art     : Starting a blocking GC Explicit
08-06 11:58:09.259  4314  4380 I art     : Explicit concurrent mark sweep GC freed 1349(78KB) AllocSpace objects, 1(20KB) LOS objects, 39% free, 24MB/40MB, paused 258us total 40.744ms
08-06 11:58:09.275  4314  4380 I art     : Starting a blocking GC Explicit
08-06 11:58:09.305  4314  4380 I art     : Explicit concurrent mark sweep GC freed 20(704B) AllocSpace objects, 0(0B) LOS objects, 39% free, 24MB/40MB, paused 268us total 29.838ms
08-06 11:58:09.319  4314  4380 I art     : Starting a blocking GC Explicit
08-06 11:58:09.350  4314  4380 I art     : Explicit concurrent mark sweep GC freed 3(96B) AllocSpace objects, 0(0B) LOS objects, 39% free, 24MB/40MB, paused 260us total 30.554ms
08-06 11:58:09.350  4314  4325 I art     : WaitForGcToComplete blocked for 31.371ms for cause HeapTrim
08-06 11:58:09.363  4314  4380 I art     : Starting a blocking GC Explicit
08-06 11:58:09.393  4314  4380 I art     : Explicit concurrent mark sweep GC freed 3(96B) AllocSpace objects, 0(0B) LOS objects, 39% free, 24MB/40MB, paused 257us total 29.844ms
08-06 11:58:09.406  4314  4380 I art     : Starting a blocking GC Explicit
08-06 11:58:09.436  4314  4380 I art     : Explicit concurrent mark sweep GC freed 3(96B) AllocSpace objects, 0(0B) LOS objects, 39% free, 24MB/40MB, paused 255us total 29.685ms
08-06 11:58:09.750  4314  4622 I art     : Starting a blocking GC Explicit
08-06 11:58:09.788  4314  4622 I art     : Explicit concurrent mark sweep GC freed 1346(78KB) AllocSpace objects, 1(20KB) LOS objects, 39% free, 24MB/40MB, paused 298us total 37.575ms
08-06 11:58:09.804  4314  4622 I art     : Starting a blocking GC Explicit
08-06 11:58:09.834  4314  4622 I art     : Explicit concurrent mark sweep GC freed 20(704B) AllocSpace objects, 0(0B) LOS objects, 39% free, 24MB/40MB, paused 267us total 29.559ms
08-06 11:58:09.847  4314  4622 I art     : Starting a blocking GC Explicit
08-06 11:58:09.878  4314  4622 I art     : Explicit concurrent mark sweep GC freed 3(96B) AllocSpace objects, 0(0B) LOS objects, 39% free, 24MB/40MB, paused 256us total 30.389ms
08-06 11:58:09.891  4314  4622 I art     : Starting a blocking GC Explicit
08-06 11:58:09.921  4314  4622 I art     : Explicit concurrent mark sweep GC freed 3(96B) AllocSpace objects, 0(0B) LOS objects, 39% free, 24MB/40MB, paused 243us total 29.603ms
08-06 11:58:09.934  4314  4622 I art     : Starting a blocking GC Explicit
08-06 11:58:09.965  4314  4622 I art     : Explicit concurrent mark sweep GC freed 3(96B) AllocSpace objects, 0(0B) LOS objects, 39% free, 24MB/40MB, paused 256us total 30.561ms
08-06 11:58:10.289  4314  4326 I art     : Starting a blocking GC Explicit
08-06 11:58:10.327  4314  4326 I art     : Explicit concurrent mark sweep GC freed 1346(78KB) AllocSpace objects, 1(20KB) LOS objects, 39% free, 24MB/40MB, paused 283us total 38.154ms
08-06 11:58:10.343  4314  4326 I art     : Starting a blocking GC Explicit
08-06 11:58:10.374  4314  4326 I art     : Explicit concurrent mark sweep GC freed 20(704B) AllocSpace objects, 0(0B) LOS objects, 39% free, 24MB/40MB, paused 245us total 30.321ms
08-06 11:58:10.387  4314  4326 I art     : Starting a blocking GC Explicit
08-06 11:58:10.418  4314  4326 I art     : Explicit concurrent mark sweep GC freed 3(96B) AllocSpace objects, 0(0B) LOS objects, 39% free, 24MB/40MB, paused 265us total 29.988ms
08-06 11:58:10.431  4314  4326 I art     : Starting a blocking GC Explicit
08-06 11:58:10.462  4314  4326 I art     : Explicit concurrent mark sweep GC freed 3(96B) AllocSpace objects, 0(0B) LOS objects, 39% free, 24MB/40MB, paused 255us total 30.682ms
08-06 11:58:10.475  4314  4326 I art     : Starting a blocking GC Explicit
08-06 11:58:10.505  4314  4326 I art     : Explicit concurrent mark sweep GC freed 3(96B) AllocSpace objects, 0(0B) LOS objects, 39% free, 24MB/40MB, paused 235us total 30.174ms
08-06 11:58:10.816  4314  4327 I art     : Starting a blocking GC Explicit
08-06 11:58:10.853  4314  4327 I art     : Explicit concurrent mark sweep GC freed 1350(79KB) AllocSpace objects, 1(20KB) LOS objects, 39% free, 24MB/40MB, paused 284us total 35.860ms
08-06 11:58:10.868  4314  4327 I art     : Starting a blocking GC Explicit
08-06 11:58:10.898  4314  4327 I art     : Explicit concurrent mark sweep GC freed 20(704B) AllocSpace objects, 0(0B) LOS objects, 39% free, 24MB/40MB, paused 263us total 29.579ms
08-06 11:58:10.911  4314  4327 I art     : Starting a blocking GC Explicit
08-06 11:58:10.941  4314  4327 I art     : Explicit concurrent mark sweep GC freed 3(96B) AllocSpace objects, 0(0B) LOS objects, 39% free, 24MB/40MB, paused 276us total 29.946ms
08-06 11:58:10.954 12162 12162 I Finsky  : [1] xow.onStartJob(3): SCH: onJobSchedulerWakeup with jobId 9011
08-06 11:58:10.954  4314  4327 I art     : Starting a blocking GC Explicit
08-06 11:58:10.968 12162 12162 I Finsky  : [1] xjw.a(9): Scheduling fallback in 43199996 (absolute: 1904894838)
08-06 11:58:10.973 12162 12162 I Finsky  : [1] xjw.a(9): Scheduling fallback in 64799995 (absolute: 1926494843)
08-06 11:58:10.979 12162 12162 I Finsky  : [1] xow.onStartJob(3): SCH: onJobSchedulerWakeup with jobId 9016
08-06 11:58:10.983  4314  4327 I art     : Explicit concurrent mark sweep GC freed 3(96B) AllocSpace objects, 0(0B) LOS objects, 39% free, 24MB/40MB, paused 244us total 28.254ms
08-06 11:58:10.986 12162 12162 I Finsky  : [1] xjw.a(9): Scheduling fallback in 43199998 (absolute: 1904894859)
08-06 11:58:10.989 12162 12162 I Finsky  : [1] xjw.a(9): Scheduling fallback in 64799997 (absolute: 1926494861)
08-06 11:58:10.993 12162 12162 W Finsky  : [1] xow.onStartJob(9): SCH: onJobSchedulerWakeup while already running
08-06 11:58:10.995  4314  4327 I art     : Starting a blocking GC Explicit
08-06 11:58:11.024  4314  4327 I art     : Explicit concurrent mark sweep GC freed 3(96B) AllocSpace objects, 0(0B) LOS objects, 39% free, 24MB/40MB, paused 246us total 28.397ms
08-06 11:58:11.103 12162 12162 I Finsky  : [1] xkf.handleMessage(8): SCH: DeviceState: DeviceState{currentTime=1596707891093, isCharging=false, isIdle=false, netAny=true, netNotRoaming=true, netUnmetered=true, batteryPercent=100.0}
08-06 11:58:11.114 12162  4281 I Finsky  : [6391] xmu.a(8): SCH: Jobs in database: 1-1337 3-225 3-226 12-1 24-77777777 26-1414141414 
08-06 11:58:11.120 12162 12162 I Finsky  : [1] xkg.a(16): SCH: Running job: 12-1
08-06 11:58:11.121 12162 12162 I Finsky  : [1] ContentSyncJob.a(16): [ContentSync] job started
08-06 11:58:11.122 12162 12162 I Finsky  : [1] xkf.handleMessage(61): SCH: RunningQueue size: 1, PendingQueue size: 0
08-06 11:58:11.123 12162 12162 I Finsky  : [1] xkf.handleMessage(64): SCH: Running queue: 12-1 
08-06 11:58:11.218 12162  4306 I Finsky  : [6398] dzn.a(22): Completed 0 account content syncs with 0 successful.
08-06 11:58:11.219 12162 12162 I Finsky  : [1] ContentSyncJob.a(1): [ContentSync] Installation state replication succeeded.
08-06 11:58:11.220 12162 12162 I Finsky  : [1] xlr.a(13): SCH: jobFinished: 12-1. TimeElapsed: 99ms.
08-06 11:58:11.220 12162 12162 I Finsky  : [1] xkg.a(36): SCH: Job 12-1 finished. Not rescheduling.
08-06 11:58:11.221 12162 12162 I Finsky  : [1] xkf.handleMessage(61): SCH: RunningQueue size: 0, PendingQueue size: 0
08-06 11:58:11.221 12162 12162 I Finsky  : [1] xkf.handleMessage(25): Executor finished
08-06 11:58:11.238 12162 12162 I Finsky  : [1] xmu.a(8): SCH: Jobs in database: 1-1337 3-225 3-226 24-77777777 26-1414141414 
08-06 11:58:11.240 12162 12162 I Finsky  : [1] xio.a(57): SCH: ConstraintMapping: 24-77777777,  -> L: 0ms, D: 33119687ms, C: false, I: true, N: 0
08-06 11:58:11.240 12162 12162 I Finsky  : [1] xio.a(57): SCH: ConstraintMapping: 1-1337,  -> L: 1825824ms, D: 36461674ms, C: false, I: false, N: 1
08-06 11:58:11.241 12162 12162 I Finsky  : [1] xio.a(57): SCH: ConstraintMapping: 3-225,  -> L: 0ms, D: 76245615ms, C: false, I: true, N: 2
08-06 11:58:11.242 12162 12162 I Finsky  : [1] xio.a(57): SCH: ConstraintMapping: 3-226,  -> L: 0ms, D: 76245659ms, C: true, I: true, N: 2
08-06 11:58:11.242 12162 12162 I Finsky  : [1] xio.a(57): SCH: ConstraintMapping: 26-1414141414,  -> L: 41243060ms, D: 42143060ms, C: false, I: false, N: 0
08-06 11:58:11.254 12162 12162 I Finsky  : [1] xle.a(34): Cancelling existing jobscheduler jobs: 9012 9014 9015 9019 9017 9013 9000 9018 
08-06 11:58:11.255 12162 12162 I Finsky  : [1] xle.a(10): Throttling wakeup for job 9001 (expected to run in 0 ms) due to recent wakeup
08-06 11:58:11.255 12162 12162 I Finsky  : [1] xle.a(27): Scheduling job Id: 9001, L: 30000, D: 33119687, C: false, I: true, N: 0
08-06 11:58:11.258 12162 12162 I Finsky  : [1] xle.a(27): Scheduling job Id: 9002, L: 1825824, D: 36461674, C: false, I: false, N: 1
08-06 11:58:11.259 12162 12162 I Finsky  : [1] xle.a(10): Throttling wakeup for job 9003 (expected to run in 0 ms) due to recent wakeup
08-06 11:58:11.260 12162 12162 I Finsky  : [1] xle.a(27): Scheduling job Id: 9003, L: 30000, D: 76245615, C: false, I: true, N: 2
08-06 11:58:11.261 12162 12162 I Finsky  : [1] xle.a(10): Throttling wakeup for job 9004 (expected to run in 0 ms) due to recent wakeup
08-06 11:58:11.261 12162 12162 I Finsky  : [1] xle.a(27): Scheduling job Id: 9004, L: 30000, D: 76245659, C: true, I: true, N: 2
08-06 11:58:11.262 12162 12162 I Finsky  : [1] xle.a(27): Scheduling job Id: 9005, L: 41243060, D: 42143060, C: false, I: false, N: 0
08-06 11:58:11.264 12162 12162 I Finsky  : [1] xle.a(10): Throttling wakeup for job 9006 (expected to run in 0 ms) due to recent wakeup
08-06 11:58:11.264 12162 12162 I Finsky  : [1] xle.a(27): Scheduling job Id: 9006, L: 30000, D: 33119687, C: false, I: true, N: 0
08-06 11:58:11.266 12162 12162 I Finsky  : [1] xle.a(27): Scheduling job Id: 9007, L: 1825824, D: 36461674, C: false, I: false, N: 1
08-06 11:58:11.267 12162 12162 I Finsky  : [1] xle.a(10): Throttling wakeup for job 9008 (expected to run in 0 ms) due to recent wakeup
08-06 11:58:11.268 12162 12162 I Finsky  : [1] xle.a(27): Scheduling job Id: 9008, L: 30000, D: 76245615, C: false, I: true, N: 2
08-06 11:58:11.269 12162 12162 I Finsky  : [1] xle.a(10): Throttling wakeup for job 9009 (expected to run in 0 ms) due to recent wakeup
08-06 11:58:11.269 12162 12162 I Finsky  : [1] xle.a(27): Scheduling job Id: 9009, L: 30000, D: 76245659, C: true, I: true, N: 2
08-06 11:58:11.270 12162 12162 I Finsky  : [1] xle.a(27): Scheduling job Id: 9010, L: 41243060, D: 42143060, C: false, I: false, N: 0
08-06 11:58:11.300  4314  4380 I art     : Starting a blocking GC Explicit
08-06 11:58:11.331  4314  4380 I art     : Explicit concurrent mark sweep GC freed 1347(78KB) AllocSpace objects, 1(20KB) LOS objects, 39% free, 24MB/40MB, paused 235us total 30.510ms
08-06 11:58:11.344  4314  4380 I art     : Starting a blocking GC Explicit
08-06 11:58:11.373  4314  4380 I art     : Explicit concurrent mark sweep GC freed 20(704B) AllocSpace objects, 0(0B) LOS objects, 39% free, 24MB/40MB, paused 239us total 28.934ms
08-06 11:58:11.386  4314  4380 I art     : Starting a blocking GC Explicit
08-06 11:58:11.414  4314  4380 I art     : Explicit concurrent mark sweep GC freed 3(96B) AllocSpace objects, 0(0B) LOS objects, 39% free, 24MB/40MB, paused 245us total 27.805ms
08-06 11:58:11.427  4314  4380 I art     : Starting a blocking GC Explicit
08-06 11:58:11.455  4314  4380 I art     : Explicit concurrent mark sweep GC freed 3(96B) AllocSpace objects, 0(0B) LOS objects, 39% free, 24MB/40MB, paused 247us total 28.272ms
08-06 11:58:11.468  4314  4380 I art     : Starting a blocking GC Explicit
08-06 11:58:11.496  4314  4380 I art     : Explicit concurrent mark sweep GC freed 3(96B) AllocSpace objects, 0(0B) LOS objects, 39% free, 24MB/40MB, paused 228us total 27.954ms
08-06 11:58:11.725  4993  4993 D AndroidRuntime: >>>>>> START com.android.internal.os.RuntimeInit uid 2000 <<<<<<
08-06 11:58:11.730  4993  4993 D AndroidRuntime: CheckJNI is OFF
08-06 11:58:11.759  4314  4622 I art     : Starting a blocking GC Explicit
08-06 11:58:11.764  4993  4993 D ICU     : No timezone override file found: /data/misc/zoneinfo/current/icu/icu_tzdata.dat
08-06 11:58:11.789  4314  4622 I art     : Explicit concurrent mark sweep GC freed 1346(78KB) AllocSpace objects, 1(20KB) LOS objects, 39% free, 24MB/40MB, paused 275us total 29.882ms
08-06 11:58:11.798  4993  4993 I Radio-JNI: register_android_hardware_Radio DONE
08-06 11:58:11.803  4314  4622 I art     : Starting a blocking GC Explicit
08-06 11:58:11.821  4993  4993 D AndroidRuntime: Calling main entry com.android.commands.input.Input
08-06 11:58:11.823  4993  4993 I Input   : injectMotionEvent: MotionEvent { action=ACTION_DOWN, actionButton=0, id[0]=0, x[0]=600.0, y[0]=700.0, toolType[0]=TOOL_TYPE_UNKNOWN, buttonState=0, metaState=0, flags=0x0, edgeFlags=0x0, pointerCount=1, historySize=0, eventTime=878308235, downTime=878308235, deviceId=0, source=0x1002 }
08-06 11:58:11.827  4993  4993 I Input   : injectMotionEvent: MotionEvent { action=ACTION_UP, actionButton=0, id[0]=0, x[0]=600.0, y[0]=700.0, toolType[0]=TOOL_TYPE_UNKNOWN, buttonState=0, metaState=0, flags=0x0, edgeFlags=0x0, pointerCount=1, historySize=0, eventTime=878308235, downTime=878308235, deviceId=0, source=0x1002 }
08-06 11:58:11.830  4314  4314 I RRChoreographer: Using modern Choreographer
08-06 11:58:11.831  4314  4622 I art     : Explicit concurrent mark sweep GC freed 25(1184B) AllocSpace objects, 0(0B) LOS objects, 39% free, 24MB/40MB, paused 522us total 28.077ms
08-06 11:58:11.832  4993  4993 D AndroidRuntime: Shutting down VM
08-06 11:58:11.840   512  2967 D audio_hw_primary: out_set_parameters: enter: usecase(1: low-latency-playback) kvpairs: routing=2
08-06 11:58:11.843   918  6029 I ActivityManager: START u0 {dat=https://oauth.reddit.com/... cmp=baseline.org.quantumbadger.redreader/.activities.CommentListingActivity} from uid 10705 on display 0
08-06 11:58:11.844  4314  4622 I art     : Starting a blocking GC Explicit
08-06 11:58:11.853   512  2967 D audio_hw_primary: select_devices: out_snd_device(2: speaker) in_snd_device(0: none)
08-06 11:58:11.853   512  2967 D msm8974_platform: platform_send_audio_calibration: sending audio calibration for snd_device(2) acdb_id(15)
08-06 11:58:11.853   512  2967 I soundtrigger: audio_extn_sound_trigger_update_device_status: device 0x2 of type 0 for Event 1
08-06 11:58:11.863   512  2967 D audio_hw_primary: enable_snd_device: snd_device(2: speaker)
08-06 11:58:11.865  4314  4314 I AppCompatViewInflater: app:theme is now deprecated. Please move to using android:theme instead.
08-06 11:58:11.865   512  2967 D audio_hw_primary: enable_audio_route: apply and update mixer path: low-latency-playback speaker
08-06 11:58:11.873  4314  4622 I art     : Explicit concurrent mark sweep GC freed 1196(75KB) AllocSpace objects, 0(0B) LOS objects, 39% free, 24MB/40MB, paused 524us total 28.937ms
08-06 11:58:11.887  4314  4622 I art     : Starting a blocking GC Explicit
08-06 11:58:11.887  4314  5018 D OK      : calling: https://oauth.reddit.com/comments/gvc7k9/.json?sort=confidence
08-06 11:58:11.914  4314  4622 I art     : Explicit concurrent mark sweep GC freed 1110(96KB) AllocSpace objects, 0(0B) LOS objects, 39% free, 24MB/40MB, paused 289us total 27.476ms
08-06 11:58:11.927  4314  4622 I art     : Starting a blocking GC Explicit
08-06 11:58:11.957  4314  4622 I art     : Explicit concurrent mark sweep GC freed 780(28KB) AllocSpace objects, 0(0B) LOS objects, 39% free, 24MB/40MB, paused 373us total 30.202ms
08-06 11:58:11.966 13866 13866 I GoogleInputMethodServic: GoogleInputMethodService.onFinishInput():3138 
08-06 11:58:11.966   918   936 I ActivityManager: Displayed baseline.org.quantumbadger.redreader/.activities.CommentListingActivity: +116ms
08-06 11:58:11.967 13866 13866 I GoogleInputMethodServic: GoogleInputMethodService.onStartInput():1808 
08-06 11:58:12.132  4314  5018 I NAPPA_EXPERIMENTATION: MetricNetworkRequestExecutionTime: REQUEST_DURATION_SYSTEM='245',REQUEST_DURATION_OKHTTP='240',REQUEST_SYNCHRONOUS='TRUE',RESPONSE_CODE='200',RESPONSE_METHOD='GET',RESPONSE_LENGTH_OKHTTP='-1',RESPONSE_LENGTH_HEADER='90132',REQUEST_PROTOCOL='h2',REQUEST_URL='https://oauth.reddit.com/comments/gvc7k9/.json?sort=confidence',
08-06 11:58:12.133  4314  5018 D OK      : request got status: 200
08-06 11:58:12.143  4314  4904 I CommentListingActivity: COMMENTS session changed to 8897938a-e247-4c9c-b618-497060fd0071
08-06 11:58:12.213  4314  4380 I art     : Starting a blocking GC Explicit
08-06 11:58:12.231   380   380 W SurfaceFlinger: couldn't log to binary event log: overflow.
08-06 11:58:12.254  4314  4380 I art     : Explicit concurrent mark sweep GC freed 13892(1046KB) AllocSpace objects, 3(56KB) LOS objects, 37% free, 26MB/42MB, paused 767us total 40.569ms
08-06 11:58:12.267  4314  4380 I art     : Starting a blocking GC Explicit
08-06 11:58:12.304  4314  4380 I art     : Explicit concurrent mark sweep GC freed 9510(650KB) AllocSpace objects, 0(0B) LOS objects, 36% free, 27MB/43MB, paused 576us total 36.635ms
08-06 11:58:12.317  4314  4380 I art     : Starting a blocking GC Explicit
08-06 11:58:12.358  4314  4380 I art     : Explicit concurrent mark sweep GC freed 8213(570KB) AllocSpace objects, 0(0B) LOS objects, 36% free, 28MB/44MB, paused 834us total 40.334ms
08-06 11:58:12.372  4314  4380 I art     : Starting a blocking GC Explicit
08-06 11:58:12.400   512  2967 D audio_hw_primary: disable_audio_route: reset and update mixer path: low-latency-playback speaker
08-06 11:58:12.402   512  2967 D audio_hw_primary: disable_snd_device: snd_device(2: speaker)
08-06 11:58:12.411   512  2967 I soundtrigger: audio_extn_sound_trigger_update_device_status: device 0x2 of type 0 for Event 0
08-06 11:58:12.422  4314  4380 I art     : Explicit concurrent mark sweep GC freed 11381(721KB) AllocSpace objects, 1(16KB) LOS objects, 35% free, 28MB/44MB, paused 616us total 49.942ms
08-06 11:58:12.436  4314  4380 I art     : Starting a blocking GC Explicit
08-06 11:58:12.480  4314  4380 I art     : Explicit concurrent mark sweep GC freed 1209(166KB) AllocSpace objects, 1(68KB) LOS objects, 35% free, 28MB/44MB, paused 224us total 43.411ms
08-06 11:58:12.775  4314  4622 I art     : Starting a blocking GC Explicit
08-06 11:58:12.825  4314  4622 I art     : Explicit concurrent mark sweep GC freed 20644(944KB) AllocSpace objects, 2(88KB) LOS objects, 36% free, 27MB/43MB, paused 248us total 49.266ms
08-06 11:58:12.842  4314  4622 I art     : Starting a blocking GC Explicit
08-06 11:58:12.884  4314  4622 I art     : Explicit concurrent mark sweep GC freed 25(880B) AllocSpace objects, 0(0B) LOS objects, 36% free, 27MB/43MB, paused 290us total 41.487ms
08-06 11:58:12.898  4314  4622 I art     : Starting a blocking GC Explicit
08-06 11:58:12.930  3017  3017 I ServiceManager: Waiting for service AtCmdFwd...
08-06 11:58:12.940  4314  4622 I art     : Explicit concurrent mark sweep GC freed 3(96B) AllocSpace objects, 0(0B) LOS objects, 36% free, 27MB/43MB, paused 252us total 41.855ms
08-06 11:58:12.955  4314  4622 I art     : Starting a blocking GC Explicit
08-06 11:58:12.997  4314  4622 I art     : Explicit concurrent mark sweep GC freed 3(96B) AllocSpace objects, 0(0B) LOS objects, 36% free, 27MB/43MB, paused 236us total 41.677ms
08-06 11:58:13.012  4314  4622 I art     : Starting a blocking GC Explicit
08-06 11:58:13.055  4314  4622 I art     : Explicit concurrent mark sweep GC freed 49(1920B) AllocSpace objects, 0(0B) LOS objects, 36% free, 27MB/43MB, paused 255us total 42.529ms
08-06 11:58:13.343  4314  4327 I art     : Starting a blocking GC Explicit
08-06 11:58:13.397  4314  4327 I art     : Explicit concurrent mark sweep GC freed 1346(78KB) AllocSpace objects, 1(20KB) LOS objects, 36% free, 27MB/43MB, paused 271us total 54.030ms
08-06 11:58:13.416  4314  4327 I art     : Starting a blocking GC Explicit
08-06 11:58:13.461  4314  4327 I art     : Explicit concurrent mark sweep GC freed 20(704B) AllocSpace objects, 0(0B) LOS objects, 36% free, 27MB/43MB, paused 260us total 45.162ms
08-06 11:58:13.477  4314  4327 I art     : Starting a blocking GC Explicit
08-06 11:58:13.521  4314  4327 I art     : Explicit concurrent mark sweep GC freed 3(96B) AllocSpace objects, 0(0B) LOS objects, 36% free, 27MB/43MB, paused 262us total 44.513ms
08-06 11:58:13.537  4314  4327 I art     : Starting a blocking GC Explicit
08-06 11:58:13.581  4314  4327 I art     : Explicit concurrent mark sweep GC freed 3(96B) AllocSpace objects, 0(0B) LOS objects, 36% free, 27MB/43MB, paused 268us total 43.986ms
08-06 11:58:13.596  4314  4327 I art     : Starting a blocking GC Explicit
08-06 11:58:13.641  4314  4327 I art     : Explicit concurrent mark sweep GC freed 3(96B) AllocSpace objects, 0(0B) LOS objects, 36% free, 27MB/43MB, paused 252us total 44.405ms
08-06 11:58:13.930  3017  3017 I ServiceManager: Waiting for service AtCmdFwd...
08-06 11:58:13.973  4314  4380 I art     : Starting a blocking GC Explicit
08-06 11:58:14.035  4314  4380 I art     : Explicit concurrent mark sweep GC freed 1346(78KB) AllocSpace objects, 1(20KB) LOS objects, 36% free, 27MB/43MB, paused 287us total 60.996ms
08-06 11:58:14.054  4314  4380 I art     : Starting a blocking GC Explicit
08-06 11:58:14.098  4314  4380 I art     : Explicit concurrent mark sweep GC freed 20(704B) AllocSpace objects, 0(0B) LOS objects, 36% free, 27MB/43MB, paused 266us total 43.327ms
08-06 11:58:14.113  4314  4380 I art     : Starting a blocking GC Explicit
08-06 11:58:14.156  4314  4380 I art     : Explicit concurrent mark sweep GC freed 3(96B) AllocSpace objects, 0(0B) LOS objects, 36% free, 27MB/43MB, paused 260us total 42.966ms
08-06 11:58:14.171  4314  4380 I art     : Starting a blocking GC Explicit
08-06 11:58:14.215  4314  4380 I art     : Explicit concurrent mark sweep GC freed 3(96B) AllocSpace objects, 0(0B) LOS objects, 36% free, 27MB/43MB, paused 244us total 43.689ms
08-06 11:58:14.230  4314  4380 I art     : Starting a blocking GC Explicit
08-06 11:58:14.276  4314  4380 I art     : Explicit concurrent mark sweep GC freed 3(96B) AllocSpace objects, 0(0B) LOS objects, 36% free, 27MB/43MB, paused 263us total 44.880ms
08-06 11:58:14.581  4314  4326 I art     : Starting a blocking GC Explicit
08-06 11:58:14.625  4314  4326 I art     : Explicit concurrent mark sweep GC freed 1346(78KB) AllocSpace objects, 1(20KB) LOS objects, 36% free, 27MB/43MB, paused 252us total 43.359ms
08-06 11:58:14.640  4314  4326 I art     : Starting a blocking GC Explicit
08-06 11:58:14.684  4314  4326 I art     : Explicit concurrent mark sweep GC freed 20(704B) AllocSpace objects, 0(0B) LOS objects, 36% free, 27MB/43MB, paused 271us total 44.317ms
08-06 11:58:14.700  4314  4326 I art     : Starting a blocking GC Explicit
08-06 11:58:14.745  4314  4326 I art     : Explicit concurrent mark sweep GC freed 3(96B) AllocSpace objects, 0(0B) LOS objects, 36% free, 27MB/43MB, paused 295us total 44.734ms
08-06 11:58:14.760  4314  4326 I art     : Starting a blocking GC Explicit
08-06 11:58:14.803  4314  4326 I art     : Explicit concurrent mark sweep GC freed 3(96B) AllocSpace objects, 0(0B) LOS objects, 36% free, 27MB/43MB, paused 263us total 43.194ms
08-06 11:58:14.819  4314  4326 I art     : Starting a blocking GC Explicit
08-06 11:58:14.863  4314  4326 I art     : Explicit concurrent mark sweep GC freed 3(96B) AllocSpace objects, 0(0B) LOS objects, 36% free, 27MB/43MB, paused 261us total 44.276ms
08-06 11:58:14.931  3017  3017 I ServiceManager: Waiting for service AtCmdFwd...
08-06 11:58:15.179  4314  4622 I art     : Starting a blocking GC Explicit
08-06 11:58:15.232  4314  4622 I art     : Explicit concurrent mark sweep GC freed 1347(79KB) AllocSpace objects, 1(20KB) LOS objects, 36% free, 27MB/43MB, paused 286us total 53.559ms
08-06 11:58:15.253  4314  4622 I art     : Starting a blocking GC Explicit
08-06 11:58:15.293  4314  4622 I art     : Explicit concurrent mark sweep GC freed 20(704B) AllocSpace objects, 0(0B) LOS objects, 36% free, 27MB/43MB, paused 255us total 40.342ms
08-06 11:58:15.308  4314  4622 I art     : Starting a blocking GC Explicit
08-06 11:58:15.353  4314  4622 I art     : Explicit concurrent mark sweep GC freed 3(96B) AllocSpace objects, 0(0B) LOS objects, 36% free, 27MB/43MB, paused 264us total 44.919ms
08-06 11:58:15.369  4314  4622 I art     : Starting a blocking GC Explicit
08-06 11:58:15.413  4314  4622 I art     : Explicit concurrent mark sweep GC freed 3(96B) AllocSpace objects, 0(0B) LOS objects, 36% free, 27MB/43MB, paused 261us total 43.981ms
08-06 11:58:15.428  4314  4622 I art     : Starting a blocking GC Explicit
08-06 11:58:15.472  4314  4622 I art     : Explicit concurrent mark sweep GC freed 3(96B) AllocSpace objects, 0(0B) LOS objects, 36% free, 27MB/43MB, paused 263us total 43.797ms
08-06 11:58:15.760  4314  4327 I art     : Starting a blocking GC Explicit
08-06 11:58:15.815  4314  4327 I art     : Explicit concurrent mark sweep GC freed 1350(79KB) AllocSpace objects, 1(20KB) LOS objects, 36% free, 27MB/43MB, paused 284us total 53.873ms
08-06 11:58:15.834  4314  4327 I art     : Starting a blocking GC Explicit
08-06 11:58:15.880  4314  4327 I art     : Explicit concurrent mark sweep GC freed 20(704B) AllocSpace objects, 0(0B) LOS objects, 36% free, 27MB/43MB, paused 268us total 45.102ms
08-06 11:58:15.895  4314  4327 I art     : Starting a blocking GC Explicit
08-06 11:58:15.932  3017  3017 I ServiceManager: Waiting for service AtCmdFwd...
08-06 11:58:15.938  4314  4327 I art     : Explicit concurrent mark sweep GC freed 3(96B) AllocSpace objects, 0(0B) LOS objects, 36% free, 27MB/43MB, paused 261us total 42.254ms
08-06 11:58:15.952  4314  4327 I art     : Starting a blocking GC Explicit
08-06 11:58:15.997  4314  4327 I art     : Explicit concurrent mark sweep GC freed 3(96B) AllocSpace objects, 0(0B) LOS objects, 36% free, 27MB/43MB, paused 250us total 44.050ms
08-06 11:58:16.012  4314  4327 I art     : Starting a blocking GC Explicit
08-06 11:58:16.055  4314  4327 I art     : Explicit concurrent mark sweep GC freed 3(96B) AllocSpace objects, 0(0B) LOS objects, 36% free, 27MB/43MB, paused 266us total 43.170ms
08-06 11:58:16.341  4314  4380 I art     : Starting a blocking GC Explicit
08-06 11:58:16.385  4314  4380 I art     : Explicit concurrent mark sweep GC freed 1347(78KB) AllocSpace objects, 1(20KB) LOS objects, 36% free, 27MB/43MB, paused 269us total 43.900ms
08-06 11:58:16.401  4314  4380 I art     : Starting a blocking GC Explicit
08-06 11:58:16.443  4314  4380 I art     : Explicit concurrent mark sweep GC freed 20(704B) AllocSpace objects, 0(0B) LOS objects, 36% free, 27MB/43MB, paused 253us total 42.497ms
08-06 11:58:16.458  4314  4380 I art     : Starting a blocking GC Explicit
08-06 11:58:16.493  5092  5092 D AndroidRuntime: >>>>>> START com.android.internal.os.RuntimeInit uid 2000 <<<<<<
08-06 11:58:16.498  5092  5092 D AndroidRuntime: CheckJNI is OFF
08-06 11:58:16.500  4314  4380 I art     : Explicit concurrent mark sweep GC freed 3(96B) AllocSpace objects, 0(0B) LOS objects, 36% free, 27MB/43MB, paused 275us total 41.221ms
08-06 11:58:16.514  4314  4380 I art     : Starting a blocking GC Explicit
08-06 11:58:16.533  5092  5092 D ICU     : No timezone override file found: /data/misc/zoneinfo/current/icu/icu_tzdata.dat
08-06 11:58:16.556  4314  4380 I art     : Explicit concurrent mark sweep GC freed 3(96B) AllocSpace objects, 0(0B) LOS objects, 36% free, 27MB/43MB, paused 261us total 41.682ms
08-06 11:58:16.570  5092  5092 I Radio-JNI: register_android_hardware_Radio DONE
08-06 11:58:16.571  4314  4380 I art     : Starting a blocking GC Explicit
08-06 11:58:16.592  5092  5092 D AndroidRuntime: Calling main entry com.android.commands.input.Input
08-06 11:58:16.594  5092  5092 I Input   : injectKeyEvent: KeyEvent { action=ACTION_DOWN, keyCode=KEYCODE_BACK, scanCode=0, metaState=0, flags=0x0, repeatCount=0, eventTime=878313007, downTime=878313007, deviceId=-1, source=0x101 }
08-06 11:58:16.601  5092  5092 I Input   : injectKeyEvent: KeyEvent { action=ACTION_UP, keyCode=KEYCODE_BACK, scanCode=0, metaState=0, flags=0x0, repeatCount=0, eventTime=878313007, downTime=878313007, deviceId=-1, source=0x101 }
08-06 11:58:16.608  5092  5092 D AndroidRuntime: Shutting down VM
08-06 11:58:16.612  4314  4380 I art     : Explicit concurrent mark sweep GC freed 14(496B) AllocSpace objects, 0(0B) LOS objects, 36% free, 27MB/43MB, paused 270us total 40.522ms
08-06 11:58:16.644 13866 13866 I GoogleInputMethodServic: GoogleInputMethodService.onFinishInput():3138 
08-06 11:58:16.644 13866 13866 I GoogleInputMethodServic: GoogleInputMethodService.onStartInput():1808 
08-06 11:58:16.852  4314  5017 I RedditChangeDataIO: Writing tmp data file at '/data/user/0/baseline.org.quantumbadger.redreader/files/rr_change_data_tmp.dat'
08-06 11:58:16.855  4314  5017 I RedditChangeDataManager: Taking snapshot...
08-06 11:58:16.855  4314  5017 I RedditChangeDataManager: Writing to stream...
08-06 11:58:16.855  4314  5017 I RedditChangeDataManager: Wrote 1 entries for user ''
08-06 11:58:16.855  4314  5017 I RedditChangeDataManager: All entries written to stream.
08-06 11:58:16.855  4314  5017 I RedditChangeDataIO: Write successful. Atomically replacing data file...
08-06 11:58:16.856  4314  5017 I RedditChangeDataIO: Write complete.
08-06 11:58:16.857  4314  5017 I RedditChangeDataIO: 38 bytes written in 4 ms
08-06 11:58:16.887  4314  4327 I art     : Starting a blocking GC Explicit
08-06 11:58:16.932  3017  3017 I ServiceManager: Waiting for service AtCmdFwd...
08-06 11:58:16.934  4314  4327 I art     : Explicit concurrent mark sweep GC freed 1656(92KB) AllocSpace objects, 2(88KB) LOS objects, 36% free, 27MB/43MB, paused 229us total 46.723ms
08-06 11:58:16.947   380   380 W SurfaceFlinger: couldn't log to binary event log: overflow.
08-06 11:58:16.952  4314  4327 I art     : Starting a blocking GC Explicit
08-06 11:58:16.992  4314  4327 I art     : Explicit concurrent mark sweep GC freed 85(2976B) AllocSpace objects, 0(0B) LOS objects, 36% free, 27MB/43MB, paused 256us total 38.596ms
08-06 11:58:17.006  4314  4327 I art     : Starting a blocking GC Explicit
08-06 11:58:17.045  4314  4327 I art     : Explicit concurrent mark sweep GC freed 118(6KB) AllocSpace objects, 0(0B) LOS objects, 36% free, 27MB/43MB, paused 244us total 38.982ms
08-06 11:58:17.060  4314  4327 I art     : Starting a blocking GC Explicit
08-06 11:58:17.093  4314  4327 I art     : Explicit concurrent mark sweep GC freed 46650(2MB) AllocSpace objects, 5(140KB) LOS objects, 39% free, 24MB/40MB, paused 237us total 33.223ms
08-06 11:58:17.107  4314  4327 I art     : Starting a blocking GC Explicit
08-06 11:58:17.137  4314  4327 I art     : Explicit concurrent mark sweep GC freed 3(96B) AllocSpace objects, 0(0B) LOS objects, 39% free, 24MB/40MB, paused 330us total 29.736ms
08-06 11:58:17.422  4314  4326 I art     : Starting a blocking GC Explicit
08-06 11:58:17.462  4314  4326 I art     : Explicit concurrent mark sweep GC freed 1375(80KB) AllocSpace objects, 1(20KB) LOS objects, 39% free, 24MB/40MB, paused 259us total 39.212ms
08-06 11:58:17.479  4314  4326 I art     : Starting a blocking GC Explicit
08-06 11:58:17.510  4314  4326 I art     : Explicit concurrent mark sweep GC freed 262(42KB) AllocSpace objects, 0(0B) LOS objects, 39% free, 24MB/40MB, paused 239us total 30.310ms
08-06 11:58:17.523  4314  4326 I art     : Starting a blocking GC Explicit
08-06 11:58:17.554  4314  4326 I art     : Explicit concurrent mark sweep GC freed 68(2272B) AllocSpace objects, 0(0B) LOS objects, 39% free, 24MB/40MB, paused 235us total 30.172ms
08-06 11:58:17.567  4314  4326 I art     : Starting a blocking GC Explicit
08-06 11:58:17.598  4314  4326 I art     : Explicit concurrent mark sweep GC freed 3(96B) AllocSpace objects, 0(0B) LOS objects, 39% free, 24MB/40MB, paused 300us total 30.804ms
08-06 11:58:17.611  4314  4326 I art     : Starting a blocking GC Explicit
08-06 11:58:17.642  4314  4326 I art     : Explicit concurrent mark sweep GC freed 3(96B) AllocSpace objects, 0(0B) LOS objects, 39% free, 24MB/40MB, paused 228us total 30.275ms
08-06 11:58:17.909  4314  4622 I art     : Starting a blocking GC Explicit
08-06 11:58:17.933  3017  3017 W Atfwd_Sendcmd: AtCmdFwd service not published, waiting... retryCnt : 5
08-06 11:58:17.940  4314  4622 I art     : Explicit concurrent mark sweep GC freed 1346(78KB) AllocSpace objects, 1(20KB) LOS objects, 39% free, 24MB/40MB, paused 241us total 30.291ms
08-06 11:58:17.953  4314  4622 I art     : Starting a blocking GC Explicit
08-06 11:58:17.982  4314  4622 I art     : Explicit concurrent mark sweep GC freed 20(704B) AllocSpace objects, 0(0B) LOS objects, 39% free, 24MB/40MB, paused 231us total 29.466ms
08-06 11:58:17.995  4314  4622 I art     : Starting a blocking GC Explicit
08-06 11:58:18.025  4314  4622 I art     : Explicit concurrent mark sweep GC freed 3(96B) AllocSpace objects, 0(0B) LOS objects, 39% free, 24MB/40MB, paused 270us total 29.535ms
08-06 11:58:18.038  4314  4622 I art     : Starting a blocking GC Explicit
08-06 11:58:18.067  4314  4622 I art     : Explicit concurrent mark sweep GC freed 3(96B) AllocSpace objects, 0(0B) LOS objects, 39% free, 24MB/40MB, paused 253us total 29.045ms
08-06 11:58:18.080  4314  4622 I art     : Starting a blocking GC Explicit
08-06 11:58:18.108  4314  4622 I art     : Explicit concurrent mark sweep GC freed 3(96B) AllocSpace objects, 0(0B) LOS objects, 39% free, 24MB/40MB, paused 228us total 28.092ms
08-06 11:58:18.278  5150  5150 D AndroidRuntime: >>>>>> START com.android.internal.os.RuntimeInit uid 2000 <<<<<<
08-06 11:58:18.284  5150  5150 D AndroidRuntime: CheckJNI is OFF
08-06 11:58:18.316  5150  5150 D ICU     : No timezone override file found: /data/misc/zoneinfo/current/icu/icu_tzdata.dat
08-06 11:58:18.348  5150  5150 I Radio-JNI: register_android_hardware_Radio DONE
08-06 11:58:18.370  5150  5150 D AndroidRuntime: Calling main entry com.android.commands.input.Input
08-06 11:58:18.372  5150  5150 I Input   : injectMotionEvent: MotionEvent { action=ACTION_DOWN, actionButton=0, id[0]=0, x[0]=600.0, y[0]=950.0, toolType[0]=TOOL_TYPE_UNKNOWN, buttonState=0, metaState=0, flags=0x0, edgeFlags=0x0, pointerCount=1, historySize=0, eventTime=878314784, downTime=878314784, deviceId=0, source=0x1002 }
08-06 11:58:18.376  5150  5150 I Input   : injectMotionEvent: MotionEvent { action=ACTION_UP, actionButton=0, id[0]=0, x[0]=600.0, y[0]=950.0, toolType[0]=TOOL_TYPE_UNKNOWN, buttonState=0, metaState=0, flags=0x0, edgeFlags=0x0, pointerCount=1, historySize=0, eventTime=878314784, downTime=878314784, deviceId=0, source=0x1002 }
08-06 11:58:18.377  5150  5150 D AndroidRuntime: Shutting down VM
08-06 11:58:18.378  4314  4380 I art     : Starting a blocking GC Explicit
08-06 11:58:18.389   512  2967 D audio_hw_primary: out_set_parameters: enter: usecase(1: low-latency-playback) kvpairs: routing=2
08-06 11:58:18.391   918  4413 I ActivityManager: START u0 {dat=https://oauth.reddit.com/... cmp=baseline.org.quantumbadger.redreader/.activities.CommentListingActivity} from uid 10705 on display 0
08-06 11:58:18.402   512  2967 D audio_hw_primary: select_devices: out_snd_device(2: speaker) in_snd_device(0: none)
08-06 11:58:18.402   512  2967 D msm8974_platform: platform_send_audio_calibration: sending audio calibration for snd_device(2) acdb_id(15)
08-06 11:58:18.403   512  2967 I soundtrigger: audio_extn_sound_trigger_update_device_status: device 0x2 of type 0 for Event 1
08-06 11:58:18.410  4314  4380 I art     : Explicit concurrent mark sweep GC freed 2231(113KB) AllocSpace objects, 1(20KB) LOS objects, 39% free, 24MB/40MB, paused 369us total 32.479ms
08-06 11:58:18.414   512  2967 D audio_hw_primary: enable_snd_device: snd_device(2: speaker)
08-06 11:58:18.416  4314  4314 I AppCompatViewInflater: app:theme is now deprecated. Please move to using android:theme instead.
08-06 11:58:18.417   512  2967 D audio_hw_primary: enable_audio_route: apply and update mixer path: low-latency-playback speaker
08-06 11:58:18.425  4314  4380 I art     : Starting a blocking GC Explicit
08-06 11:58:18.435  4314  5200 D OK      : calling: https://oauth.reddit.com/comments/hwnhe2/.json?sort=confidence
08-06 11:58:18.452  4314  4380 I art     : Explicit concurrent mark sweep GC freed 1240(80KB) AllocSpace objects, 0(0B) LOS objects, 39% free, 25MB/41MB, paused 331us total 27.002ms
08-06 11:58:18.464  4314  4380 I art     : Starting a blocking GC Explicit
08-06 11:58:18.492  4314  4380 I art     : Explicit concurrent mark sweep GC freed 870(33KB) AllocSpace objects, 0(0B) LOS objects, 38% free, 25MB/41MB, paused 318us total 28.149ms
08-06 11:58:18.494   918   936 I ActivityManager: Displayed baseline.org.quantumbadger.redreader/.activities.CommentListingActivity: +96ms
08-06 11:58:18.496 13866 13866 I GoogleInputMethodServic: GoogleInputMethodService.onFinishInput():3138 
08-06 11:58:18.497 13866 13866 I GoogleInputMethodServic: GoogleInputMethodService.onStartInput():1808 
08-06 11:58:18.507  4314  4380 I art     : Starting a blocking GC Explicit
08-06 11:58:18.537  4314  4380 I art     : Explicit concurrent mark sweep GC freed 179(9KB) AllocSpace objects, 0(0B) LOS objects, 38% free, 25MB/41MB, paused 255us total 29.666ms
08-06 11:58:18.549  4314  4380 I art     : Starting a blocking GC Explicit
08-06 11:58:18.577  4314  4380 I art     : Explicit concurrent mark sweep GC freed 75(5KB) AllocSpace objects, 0(0B) LOS objects, 38% free, 25MB/41MB, paused 305us total 27.616ms
08-06 11:58:18.752   380   380 W SurfaceFlinger: couldn't log to binary event log: overflow.
08-06 11:58:18.802  4314  5200 I NAPPA_EXPERIMENTATION: MetricNetworkRequestExecutionTime: REQUEST_DURATION_SYSTEM='366',REQUEST_DURATION_OKHTTP='145',REQUEST_SYNCHRONOUS='TRUE',RESPONSE_CODE='200',RESPONSE_METHOD='GET',RESPONSE_LENGTH_OKHTTP='-1',RESPONSE_LENGTH_HEADER='3930',REQUEST_PROTOCOL='h2',REQUEST_URL='https://oauth.reddit.com/comments/hwnhe2/.json?sort=confidence',
08-06 11:58:18.802  4314  5200 D OK      : request got status: 200
08-06 11:58:18.812  4314  4904 I CommentListingActivity: COMMENTS session changed to affaadf3-2a92-49ca-9712-b824057e459e
08-06 11:58:18.835  4314  4622 I art     : Starting a blocking GC Explicit
08-06 11:58:18.867  4314  4622 I art     : Explicit concurrent mark sweep GC freed 7342(525KB) AllocSpace objects, 5(188KB) LOS objects, 38% free, 25MB/41MB, paused 408us total 30.979ms
08-06 11:58:18.879  4314  4622 I art     : Starting a blocking GC Explicit
08-06 11:58:18.907  4314  4622 I art     : Explicit concurrent mark sweep GC freed 693(30KB) AllocSpace objects, 0(0B) LOS objects, 38% free, 25MB/41MB, paused 465us total 27.444ms
08-06 11:58:18.919  4314  4622 I art     : Starting a blocking GC Explicit
08-06 11:58:18.945  4314  4622 I art     : Explicit concurrent mark sweep GC freed 126(4KB) AllocSpace objects, 0(0B) LOS objects, 38% free, 25MB/41MB, paused 236us total 25.808ms
08-06 11:58:18.949   512  2967 D audio_hw_primary: disable_audio_route: reset and update mixer path: low-latency-playback speaker
08-06 11:58:18.950   512  2967 D audio_hw_primary: disable_snd_device: snd_device(2: speaker)
08-06 11:58:18.957   512  2967 I soundtrigger: audio_extn_sound_trigger_update_device_status: device 0x2 of type 0 for Event 0
08-06 11:58:18.957  4314  4622 I art     : Starting a blocking GC Explicit
08-06 11:58:18.984  4314  4622 I art     : Explicit concurrent mark sweep GC freed 8(256B) AllocSpace objects, 0(0B) LOS objects, 38% free, 25MB/41MB, paused 211us total 26.460ms
08-06 11:58:18.996  4314  4622 I art     : Starting a blocking GC Explicit
08-06 11:58:19.022  4314  4622 I art     : Explicit concurrent mark sweep GC freed 3(96B) AllocSpace objects, 0(0B) LOS objects, 38% free, 25MB/41MB, paused 214us total 25.744ms
08-06 11:58:19.154 26319 26356 W YouTube : Could not register for notifications with InnerTube: 
08-06 11:58:19.154 26319 26356 W YouTube : aeag: java.util.concurrent.ExecutionException: bwj
08-06 11:58:19.154 26319 26356 W YouTube : 	at adzy.b(PG:19)
08-06 11:58:19.154 26319 26356 W YouTube : 	at akkr.f(PG:65)
08-06 11:58:19.154 26319 26356 W YouTube : 	at akkr.g(PG:133)
08-06 11:58:19.154 26319 26356 W YouTube : 	at akkr.b(PG:99)
08-06 11:58:19.154 26319 26356 W YouTube : 	at akey.a(PG:4)
08-06 11:58:19.154 26319 26356 W YouTube : 	at abdc.a(PG:4)
08-06 11:58:19.154 26319 26356 W YouTube : 	at com.google.android.libraries.youtube.common.backgroundtask.workmanager.BackgroundTaskWorker.i(PG:7)
08-06 11:58:19.154 26319 26356 W YouTube : 	at bih.run(PG:1)
08-06 11:58:19.154 26319 26356 W YouTube : 	at java.util.concurrent.Executors$RunnableAdapter.call(Executors.java:423)
08-06 11:58:19.154 26319 26356 W YouTube : 	at java.util.concurrent.FutureTask.run(FutureTask.java:237)
08-06 11:58:19.154 26319 26356 W YouTube : 	at java.util.concurrent.ScheduledThreadPoolExecutor$ScheduledFutureTask.run(ScheduledThreadPoolExecutor.java:269)
08-06 11:58:19.154 26319 26356 W YouTube : 	at java.util.concurrent.ThreadPoolExecutor.runWorker(ThreadPoolExecutor.java:1113)
08-06 11:58:19.154 26319 26356 W YouTube : 	at java.util.concurrent.ThreadPoolExecutor$Worker.run(ThreadPoolExecutor.java:588)
08-06 11:58:19.154 26319 26356 W YouTube : 	at abgr.run(PG:12)
08-06 11:58:19.154 26319 26356 W YouTube : 	at java.lang.Thread.run(Thread.java:818)
08-06 11:58:19.154 26319 26356 W YouTube : Caused by: java.util.concurrent.ExecutionException: bwj
08-06 11:58:19.154 26319 26356 W YouTube : 	at asbb.a(PG:127)
08-06 11:58:19.154 26319 26356 W YouTube : 	at asbb.get(PG:83)
08-06 11:58:19.154 26319 26356 W YouTube : 	at adzy.b(PG:18)
08-06 11:58:19.154 26319 26356 W YouTube : 	... 14 more
08-06 11:58:19.154 26319 26356 W YouTube : Caused by: bwj
08-06 11:58:19.154 26319 26356 W YouTube : 	at abpp.run(Unknown Source)
08-06 11:58:19.154 26319 26356 W YouTube : 	... 4 more
08-06 11:58:19.154 26319 26356 W YouTube : Caused by: bljc: Exception in CronetUrlRequest: net::ERR_CONNECTION_CLOSED, ErrorCode=5, InternalErrorCode=-100, Retryable=true
08-06 11:58:19.154 26319 26356 W YouTube : 	at org.chromium.net.impl.CronetUrlRequest.onError(PG:55)
08-06 11:58:19.290  4314  4326 I art     : Starting a blocking GC Explicit
08-06 11:58:19.319  4314  4326 I art     : Explicit concurrent mark sweep GC freed 1346(79KB) AllocSpace objects, 1(20KB) LOS objects, 38% free, 25MB/41MB, paused 257us total 28.737ms
08-06 11:58:19.331  4314  4326 I art     : Starting a blocking GC Explicit
08-06 11:58:19.358  4314  4326 I art     : Explicit concurrent mark sweep GC freed 20(704B) AllocSpace objects, 0(0B) LOS objects, 38% free, 25MB/41MB, paused 220us total 26.696ms
08-06 11:58:19.371  4314  4326 I art     : Starting a blocking GC Explicit
08-06 11:58:19.401  4314  4326 I art     : Explicit concurrent mark sweep GC freed 3(96B) AllocSpace objects, 0(0B) LOS objects, 38% free, 25MB/41MB, paused 247us total 29.929ms
08-06 11:58:19.414  4314  4326 I art     : Starting a blocking GC Explicit
08-06 11:58:19.444  4314  4326 I art     : Explicit concurrent mark sweep GC freed 49(1920B) AllocSpace objects, 0(0B) LOS objects, 38% free, 25MB/41MB, paused 251us total 29.904ms
08-06 11:58:19.457  4314  4326 I art     : Starting a blocking GC Explicit
08-06 11:58:19.489  4314  4326 I art     : Explicit concurrent mark sweep GC freed 3(96B) AllocSpace objects, 0(0B) LOS objects, 38% free, 25MB/41MB, paused 256us total 30.925ms
08-06 11:58:19.774  4314  4622 I art     : Starting a blocking GC Explicit
08-06 11:58:19.814  4314  4622 I art     : Explicit concurrent mark sweep GC freed 1346(79KB) AllocSpace objects, 1(20KB) LOS objects, 38% free, 25MB/41MB, paused 266us total 40.493ms
08-06 11:58:19.830  4314  4622 I art     : Starting a blocking GC Explicit
08-06 11:58:19.864  4314  4622 I art     : Explicit concurrent mark sweep GC freed 20(704B) AllocSpace objects, 0(0B) LOS objects, 38% free, 25MB/41MB, paused 270us total 33.133ms
08-06 11:58:19.877  4314  4622 I art     : Starting a blocking GC Explicit
08-06 11:58:19.910  4314  4622 I art     : Explicit concurrent mark sweep GC freed 3(96B) AllocSpace objects, 0(0B) LOS objects, 38% free, 25MB/41MB, paused 260us total 32.805ms
08-06 11:58:19.924  4314  4622 I art     : Starting a blocking GC Explicit
08-06 11:58:19.957  4314  4622 I art     : Explicit concurrent mark sweep GC freed 3(96B) AllocSpace objects, 0(0B) LOS objects, 38% free, 25MB/41MB, paused 281us total 32.851ms
08-06 11:58:19.971  4314  4622 I art     : Starting a blocking GC Explicit
08-06 11:58:20.004  4314  4622 I art     : Explicit concurrent mark sweep GC freed 3(96B) AllocSpace objects, 0(0B) LOS objects, 38% free, 25MB/41MB, paused 254us total 32.621ms
08-06 11:58:20.311  4314  4327 I art     : Starting a blocking GC Explicit
08-06 11:58:20.349  4314  4327 I art     : Explicit concurrent mark sweep GC freed 1346(79KB) AllocSpace objects, 1(20KB) LOS objects, 38% free, 25MB/41MB, paused 275us total 37.943ms
08-06 11:58:20.366  4314  4327 I art     : Starting a blocking GC Explicit
08-06 11:58:20.399  4314  4327 I art     : Explicit concurrent mark sweep GC freed 20(704B) AllocSpace objects, 0(0B) LOS objects, 38% free, 25MB/41MB, paused 257us total 32.912ms
08-06 11:58:20.413  4314  4327 I art     : Starting a blocking GC Explicit
08-06 11:58:20.447  4314  4327 I art     : Explicit concurrent mark sweep GC freed 3(96B) AllocSpace objects, 0(0B) LOS objects, 38% free, 25MB/41MB, paused 256us total 33.253ms
08-06 11:58:20.460  4314  4327 I art     : Starting a blocking GC Explicit
08-06 11:58:20.493  4314  4327 I art     : Explicit concurrent mark sweep GC freed 3(96B) AllocSpace objects, 0(0B) LOS objects, 38% free, 25MB/41MB, paused 268us total 32.519ms
08-06 11:58:20.507  4314  4327 I art     : Starting a blocking GC Explicit
08-06 11:58:20.539  4314  4327 I art     : Explicit concurrent mark sweep GC freed 3(96B) AllocSpace objects, 0(0B) LOS objects, 38% free, 25MB/41MB, paused 249us total 31.901ms
08-06 11:58:20.855  4314  4380 I art     : Starting a blocking GC Explicit
08-06 11:58:20.884  4314  4380 I art     : Explicit concurrent mark sweep GC freed 1346(79KB) AllocSpace objects, 1(20KB) LOS objects, 38% free, 25MB/41MB, paused 244us total 28.925ms
08-06 11:58:20.897  4314  4380 I art     : Starting a blocking GC Explicit
08-06 11:58:20.928  4314  4380 I art     : Explicit concurrent mark sweep GC freed 32(1152B) AllocSpace objects, 0(0B) LOS objects, 38% free, 25MB/41MB, paused 252us total 30.872ms
08-06 11:58:20.942  4314  4380 I art     : Starting a blocking GC Explicit
08-06 11:58:20.974  4314  4380 I art     : Explicit concurrent mark sweep GC freed 3(96B) AllocSpace objects, 0(0B) LOS objects, 38% free, 25MB/41MB, paused 267us total 32.139ms
08-06 11:58:20.988  4314  4380 I art     : Starting a blocking GC Explicit
08-06 11:58:21.021  4314  4380 I art     : Explicit concurrent mark sweep GC freed 3(96B) AllocSpace objects, 0(0B) LOS objects, 38% free, 25MB/41MB, paused 262us total 32.989ms
08-06 11:58:21.034  4314  4380 I art     : Starting a blocking GC Explicit
08-06 11:58:21.067  4314  4380 I art     : Explicit concurrent mark sweep GC freed 3(96B) AllocSpace objects, 0(0B) LOS objects, 38% free, 25MB/41MB, paused 277us total 32.546ms
08-06 11:58:21.127   918  3261 D WifiStateMachine: starting scan for "H369AA63323"WPA_PSK with 2412,5180
08-06 11:58:21.390  4314  4326 I art     : Starting a blocking GC Explicit
08-06 11:58:21.431  4314  4326 I art     : Explicit concurrent mark sweep GC freed 1347(79KB) AllocSpace objects, 1(20KB) LOS objects, 38% free, 25MB/41MB, paused 291us total 40.883ms
08-06 11:58:21.446  4314  4326 I art     : Starting a blocking GC Explicit
08-06 11:58:21.479  4314  4326 I art     : Explicit concurrent mark sweep GC freed 20(704B) AllocSpace objects, 0(0B) LOS objects, 38% free, 25MB/41MB, paused 268us total 32.519ms
08-06 11:58:21.493  4314  4326 I art     : Starting a blocking GC Explicit
08-06 11:58:21.526  4314  4326 I art     : Explicit concurrent mark sweep GC freed 3(96B) AllocSpace objects, 0(0B) LOS objects, 38% free, 25MB/41MB, paused 274us total 32.545ms
08-06 11:58:21.539  4314  4326 I art     : Starting a blocking GC Explicit
08-06 11:58:21.572  4314  4326 I art     : Explicit concurrent mark sweep GC freed 3(96B) AllocSpace objects, 0(0B) LOS objects, 38% free, 25MB/41MB, paused 257us total 32.273ms
08-06 11:58:21.586  4314  4326 I art     : Starting a blocking GC Explicit
08-06 11:58:21.618  4314  4326 I art     : Explicit concurrent mark sweep GC freed 3(96B) AllocSpace objects, 0(0B) LOS objects, 38% free, 25MB/41MB, paused 262us total 32.149ms
08-06 11:58:21.911  4314  4622 I art     : Starting a blocking GC Explicit
08-06 11:58:21.949  4314  4622 I art     : Explicit concurrent mark sweep GC freed 1350(79KB) AllocSpace objects, 1(20KB) LOS objects, 38% free, 25MB/41MB, paused 286us total 37.781ms
08-06 11:58:21.965  4314  4622 I art     : Starting a blocking GC Explicit
08-06 11:58:21.998  4314  4622 I art     : Explicit concurrent mark sweep GC freed 20(704B) AllocSpace objects, 0(0B) LOS objects, 38% free, 25MB/41MB, paused 258us total 33.067ms
08-06 11:58:22.012  4314  4622 I art     : Starting a blocking GC Explicit
08-06 11:58:22.045  4314  4622 I art     : Explicit concurrent mark sweep GC freed 3(96B) AllocSpace objects, 0(0B) LOS objects, 38% free, 25MB/41MB, paused 261us total 32.817ms
08-06 11:58:22.058  4314  4622 I art     : Starting a blocking GC Explicit
08-06 11:58:22.091  4314  4622 I art     : Explicit concurrent mark sweep GC freed 3(96B) AllocSpace objects, 0(0B) LOS objects, 38% free, 25MB/41MB, paused 268us total 32.801ms
08-06 11:58:22.105  4314  4622 I art     : Starting a blocking GC Explicit
08-06 11:58:22.138  4314  4622 I art     : Explicit concurrent mark sweep GC freed 3(96B) AllocSpace objects, 0(0B) LOS objects, 38% free, 25MB/41MB, paused 268us total 32.893ms
08-06 11:58:22.454  4314  4327 I art     : Starting a blocking GC Explicit
08-06 11:58:22.500  4314  4327 I art     : Explicit concurrent mark sweep GC freed 1347(79KB) AllocSpace objects, 1(20KB) LOS objects, 38% free, 25MB/41MB, paused 289us total 45.609ms
08-06 11:58:22.517  4314  4327 I art     : Starting a blocking GC Explicit
08-06 11:58:22.551  4314  4327 I art     : Explicit concurrent mark sweep GC freed 20(704B) AllocSpace objects, 0(0B) LOS objects, 38% free, 25MB/41MB, paused 259us total 33.039ms
08-06 11:58:22.564  4314  4327 I art     : Starting a blocking GC Explicit
08-06 11:58:22.596  4314  4327 I art     : Explicit concurrent mark sweep GC freed 3(96B) AllocSpace objects, 0(0B) LOS objects, 38% free, 25MB/41MB, paused 252us total 31.968ms
08-06 11:58:22.610  4314  4327 I art     : Starting a blocking GC Explicit
08-06 11:58:22.642  4314  4327 I art     : Explicit concurrent mark sweep GC freed 3(96B) AllocSpace objects, 0(0B) LOS objects, 38% free, 25MB/41MB, paused 244us total 31.814ms
08-06 11:58:22.655  4314  4327 I art     : Starting a blocking GC Explicit
08-06 11:58:22.685  4314  4327 I art     : Explicit concurrent mark sweep GC freed 3(96B) AllocSpace objects, 0(0B) LOS objects, 38% free, 25MB/41MB, paused 259us total 30.073ms
08-06 11:58:22.968  4314  4380 I art     : Starting a blocking GC Explicit
08-06 11:58:23.000  4314  4380 I art     : Explicit concurrent mark sweep GC freed 1346(79KB) AllocSpace objects, 1(20KB) LOS objects, 38% free, 25MB/41MB, paused 270us total 32.209ms
08-06 11:58:23.014  4314  4380 I art     : Starting a blocking GC Explicit
08-06 11:58:23.036  5285  5285 D AndroidRuntime: >>>>>> START com.android.internal.os.RuntimeInit uid 2000 <<<<<<
08-06 11:58:23.041  5285  5285 D AndroidRuntime: CheckJNI is OFF
08-06 11:58:23.046  4314  4380 I art     : Explicit concurrent mark sweep GC freed 20(704B) AllocSpace objects, 0(0B) LOS objects, 38% free, 25MB/41MB, paused 284us total 31.651ms
08-06 11:58:23.059  4314  4380 I art     : Starting a blocking GC Explicit
08-06 11:58:23.076  5285  5285 D ICU     : No timezone override file found: /data/misc/zoneinfo/current/icu/icu_tzdata.dat
08-06 11:58:23.089  4314  4380 I art     : Explicit concurrent mark sweep GC freed 3(96B) AllocSpace objects, 0(0B) LOS objects, 38% free, 25MB/41MB, paused 239us total 30.249ms
08-06 11:58:23.102  4314  4380 I art     : Starting a blocking GC Explicit
08-06 11:58:23.112  5285  5285 I Radio-JNI: register_android_hardware_Radio DONE
08-06 11:58:23.134  4314  4380 I art     : Explicit concurrent mark sweep GC freed 3(96B) AllocSpace objects, 0(0B) LOS objects, 38% free, 25MB/41MB, paused 310us total 31.087ms
08-06 11:58:23.134  5285  5285 D AndroidRuntime: Calling main entry com.android.commands.input.Input
08-06 11:58:23.136  5285  5285 I Input   : injectKeyEvent: KeyEvent { action=ACTION_DOWN, keyCode=KEYCODE_BACK, scanCode=0, metaState=0, flags=0x0, repeatCount=0, eventTime=878319549, downTime=878319549, deviceId=-1, source=0x101 }
08-06 11:58:23.142  5285  5285 I Input   : injectKeyEvent: KeyEvent { action=ACTION_UP, keyCode=KEYCODE_BACK, scanCode=0, metaState=0, flags=0x0, repeatCount=0, eventTime=878319549, downTime=878319549, deviceId=-1, source=0x101 }
08-06 11:58:23.147  4314  4380 I art     : Starting a blocking GC Explicit
08-06 11:58:23.149  5285  5285 D AndroidRuntime: Shutting down VM
08-06 11:58:23.177  4314  4380 I art     : Explicit concurrent mark sweep GC freed 129(4KB) AllocSpace objects, 0(0B) LOS objects, 38% free, 25MB/41MB, paused 254us total 29.608ms
08-06 11:58:23.192 13866 13866 I GoogleInputMethodServic: GoogleInputMethodService.onFinishInput():3138 
08-06 11:58:23.193 13866 13866 I GoogleInputMethodServic: GoogleInputMethodService.onStartInput():1808 
08-06 11:58:23.400  4314  5199 I RedditChangeDataIO: Writing tmp data file at '/data/user/0/baseline.org.quantumbadger.redreader/files/rr_change_data_tmp.dat'
08-06 11:58:23.400  4314  5199 I RedditChangeDataManager: Taking snapshot...
08-06 11:58:23.400  4314  5199 I RedditChangeDataManager: Writing to stream...
08-06 11:58:23.400  4314  5199 I RedditChangeDataManager: Wrote 2 entries for user ''
08-06 11:58:23.400  4314  5199 I RedditChangeDataManager: All entries written to stream.
08-06 11:58:23.401  4314  5199 I RedditChangeDataIO: Write successful. Atomically replacing data file...
08-06 11:58:23.401  4314  5199 I RedditChangeDataIO: Write complete.
08-06 11:58:23.401  4314  5199 I RedditChangeDataIO: 62 bytes written in 1 ms
08-06 11:58:23.446  4314  4327 I art     : Starting a blocking GC Explicit
08-06 11:58:23.478  4314  4327 I art     : Explicit concurrent mark sweep GC freed 1540(88KB) AllocSpace objects, 2(88KB) LOS objects, 38% free, 25MB/41MB, paused 226us total 32.362ms
08-06 11:58:23.493  4314  4327 I art     : Starting a blocking GC Explicit
08-06 11:58:23.504   380   380 W SurfaceFlinger: couldn't log to binary event log: overflow.
08-06 11:58:23.524  4314  4327 I art     : Explicit concurrent mark sweep GC freed 76(2816B) AllocSpace objects, 0(0B) LOS objects, 38% free, 25MB/41MB, paused 238us total 30.669ms
08-06 11:58:23.538  4314  4327 I art     : Starting a blocking GC Explicit
08-06 11:58:23.567  4314  4327 I art     : Explicit concurrent mark sweep GC freed 10(416B) AllocSpace objects, 0(0B) LOS objects, 38% free, 25MB/41MB, paused 253us total 28.751ms
08-06 11:58:23.580  4314  4327 I art     : Starting a blocking GC Explicit
08-06 11:58:23.610  4314  4327 I art     : Explicit concurrent mark sweep GC freed 3833(309KB) AllocSpace objects, 5(140KB) LOS objects, 39% free, 24MB/40MB, paused 252us total 30.346ms
08-06 11:58:23.623  4314  4327 I art     : Starting a blocking GC Explicit
08-06 11:58:23.653  4314  4327 I art     : Explicit concurrent mark sweep GC freed 3(96B) AllocSpace objects, 0(0B) LOS objects, 39% free, 24MB/40MB, paused 264us total 29.653ms
08-06 11:58:23.940  4314  4622 I art     : Starting a blocking GC Explicit
08-06 11:58:23.980  4314  4622 I art     : Explicit concurrent mark sweep GC freed 1581(115KB) AllocSpace objects, 1(20KB) LOS objects, 39% free, 24MB/40MB, paused 318us total 39.274ms
08-06 11:58:23.998  4314  4622 I art     : Starting a blocking GC Explicit
08-06 11:58:24.028  4314  4622 I art     : Explicit concurrent mark sweep GC freed 85(2880B) AllocSpace objects, 0(0B) LOS objects, 39% free, 24MB/40MB, paused 235us total 29.473ms
08-06 11:58:24.041  4314  4622 I art     : Starting a blocking GC Explicit
08-06 11:58:24.072  4314  4622 I art     : Explicit concurrent mark sweep GC freed 3(96B) AllocSpace objects, 0(0B) LOS objects, 39% free, 24MB/40MB, paused 236us total 30.976ms
08-06 11:58:24.085  4314  4622 I art     : Starting a blocking GC Explicit
08-06 11:58:24.117  4314  4622 I art     : Explicit concurrent mark sweep GC freed 3(96B) AllocSpace objects, 0(0B) LOS objects, 39% free, 24MB/40MB, paused 235us total 31.044ms
08-06 11:58:24.130  4314  4622 I art     : Starting a blocking GC Explicit
08-06 11:58:24.160  4314  4622 I art     : Explicit concurrent mark sweep GC freed 3(96B) AllocSpace objects, 0(0B) LOS objects, 39% free, 24MB/40MB, paused 243us total 30.297ms
08-06 11:58:24.439  4314  4380 I art     : Starting a blocking GC Explicit
08-06 11:58:24.471  4314  4380 I art     : Explicit concurrent mark sweep GC freed 1346(79KB) AllocSpace objects, 1(20KB) LOS objects, 39% free, 24MB/40MB, paused 232us total 31.145ms
08-06 11:58:24.484  4314  4380 I art     : Starting a blocking GC Explicit
08-06 11:58:24.513  4314  4380 I art     : Explicit concurrent mark sweep GC freed 20(704B) AllocSpace objects, 0(0B) LOS objects, 39% free, 24MB/40MB, paused 230us total 29.476ms
08-06 11:58:24.527  4314  4380 I art     : Starting a blocking GC Explicit
08-06 11:58:24.555  4314  4380 I art     : Explicit concurrent mark sweep GC freed 3(96B) AllocSpace objects, 0(0B) LOS objects, 39% free, 24MB/40MB, paused 230us total 28.414ms
08-06 11:58:24.568  4314  4380 I art     : Starting a blocking GC Explicit
08-06 11:58:24.597  4314  4380 I art     : Explicit concurrent mark sweep GC freed 3(96B) AllocSpace objects, 0(0B) LOS objects, 39% free, 24MB/40MB, paused 311us total 28.511ms
08-06 11:58:24.610  4314  4380 I art     : Starting a blocking GC Explicit
08-06 11:58:24.639  4314  4380 I art     : Explicit concurrent mark sweep GC freed 3(96B) AllocSpace objects, 0(0B) LOS objects, 39% free, 24MB/40MB, paused 246us total 28.760ms
08-06 11:58:24.820  5337  5337 D AndroidRuntime: >>>>>> START com.android.internal.os.RuntimeInit uid 2000 <<<<<<
08-06 11:58:24.824  5337  5337 D AndroidRuntime: CheckJNI is OFF
08-06 11:58:24.857  5337  5337 D ICU     : No timezone override file found: /data/misc/zoneinfo/current/icu/icu_tzdata.dat
08-06 11:58:24.889  5337  5337 I Radio-JNI: register_android_hardware_Radio DONE
08-06 11:58:24.907  4314  4326 I art     : Starting a blocking GC Explicit
08-06 11:58:24.910  5337  5337 D AndroidRuntime: Calling main entry com.android.commands.input.Input
08-06 11:58:24.912  5337  5337 I Input   : injectMotionEvent: MotionEvent { action=ACTION_DOWN, actionButton=0, id[0]=0, x[0]=600.0, y[0]=1200.0, toolType[0]=TOOL_TYPE_UNKNOWN, buttonState=0, metaState=0, flags=0x0, edgeFlags=0x0, pointerCount=1, historySize=0, eventTime=878321325, downTime=878321325, deviceId=0, source=0x1002 }
08-06 11:58:24.916  5337  5337 I Input   : injectMotionEvent: MotionEvent { action=ACTION_UP, actionButton=0, id[0]=0, x[0]=600.0, y[0]=1200.0, toolType[0]=TOOL_TYPE_UNKNOWN, buttonState=0, metaState=0, flags=0x0, edgeFlags=0x0, pointerCount=1, historySize=0, eventTime=878321325, downTime=878321325, deviceId=0, source=0x1002 }
08-06 11:58:24.918  5337  5337 D AndroidRuntime: Shutting down VM
08-06 11:58:24.926   512  2967 D audio_hw_primary: out_set_parameters: enter: usecase(1: low-latency-playback) kvpairs: routing=2
08-06 11:58:24.931   918  5132 I ActivityManager: START u0 {dat=https://oauth.reddit.com/... cmp=baseline.org.quantumbadger.redreader/.activities.CommentListingActivity} from uid 10705 on display 0
08-06 11:58:24.939   512  2967 D audio_hw_primary: select_devices: out_snd_device(2: speaker) in_snd_device(0: none)
08-06 11:58:24.939   512  2967 D msm8974_platform: platform_send_audio_calibration: sending audio calibration for snd_device(2) acdb_id(15)
08-06 11:58:24.939   512  2967 I soundtrigger: audio_extn_sound_trigger_update_device_status: device 0x2 of type 0 for Event 1
08-06 11:58:24.940  4314  4326 I art     : Explicit concurrent mark sweep GC freed 1547(89KB) AllocSpace objects, 1(20KB) LOS objects, 39% free, 24MB/40MB, paused 350us total 30.062ms
08-06 11:58:24.951   512  2967 D audio_hw_primary: enable_snd_device: snd_device(2: speaker)
08-06 11:58:24.954   512  2967 D audio_hw_primary: enable_audio_route: apply and update mixer path: low-latency-playback speaker
08-06 11:58:24.958  4314  4326 I art     : Starting a blocking GC Explicit
08-06 11:58:24.959  4314  4314 I AppCompatViewInflater: app:theme is now deprecated. Please move to using android:theme instead.
08-06 11:58:24.975  4314  5364 D OK      : calling: https://oauth.reddit.com/comments/hza888/.json?sort=confidence
08-06 11:58:24.986  4314  4326 I art     : Explicit concurrent mark sweep GC freed 1909(105KB) AllocSpace objects, 0(0B) LOS objects, 39% free, 24MB/40MB, paused 349us total 27.638ms
08-06 11:58:24.999  4314  4326 I art     : Starting a blocking GC Explicit
08-06 11:58:25.027  4314  4326 I art     : Explicit concurrent mark sweep GC freed 850(32KB) AllocSpace objects, 0(0B) LOS objects, 39% free, 25MB/41MB, paused 387us total 28.105ms
08-06 11:58:25.034   918   936 I ActivityManager: Displayed baseline.org.quantumbadger.redreader/.activities.CommentListingActivity: +95ms
08-06 11:58:25.034 13866 13866 I GoogleInputMethodServic: GoogleInputMethodService.onFinishInput():3138 
08-06 11:58:25.035 13866 13866 I GoogleInputMethodServic: GoogleInputMethodService.onStartInput():1808 
08-06 11:58:25.042  4314  4326 I art     : Starting a blocking GC Explicit
08-06 11:58:25.072  4314  4326 I art     : Explicit concurrent mark sweep GC freed 188(9KB) AllocSpace objects, 0(0B) LOS objects, 39% free, 25MB/41MB, paused 288us total 29.756ms
08-06 11:58:25.084  4314  4326 I art     : Starting a blocking GC Explicit
08-06 11:58:25.112  4314  4326 I art     : Explicit concurrent mark sweep GC freed 89(5KB) AllocSpace objects, 0(0B) LOS objects, 39% free, 25MB/41MB, paused 256us total 27.391ms
08-06 11:58:25.273   380   380 W SurfaceFlinger: couldn't log to binary event log: overflow.
08-06 11:58:25.332  4314  5364 I NAPPA_EXPERIMENTATION: MetricNetworkRequestExecutionTime: REQUEST_DURATION_SYSTEM='357',REQUEST_DURATION_OKHTTP='144',REQUEST_SYNCHRONOUS='TRUE',RESPONSE_CODE='200',RESPONSE_METHOD='GET',RESPONSE_LENGTH_OKHTTP='-1',RESPONSE_LENGTH_HEADER='21928',REQUEST_PROTOCOL='h2',REQUEST_URL='https://oauth.reddit.com/comments/hza888/.json?sort=confidence',
08-06 11:58:25.332  4314  5364 D OK      : request got status: 200
08-06 11:58:25.343  4314  4904 I CommentListingActivity: COMMENTS session changed to feec42ca-d46c-4c61-9d24-3fc8a1eb467f
08-06 11:58:25.367  4314  4380 I art     : Starting a blocking GC Explicit
08-06 11:58:25.401  4314  4380 I art     : Explicit concurrent mark sweep GC freed 6567(379KB) AllocSpace objects, 1(20KB) LOS objects, 38% free, 25MB/41MB, paused 457us total 33.790ms
08-06 11:58:25.415  4314  4380 I art     : Starting a blocking GC Explicit
08-06 11:58:25.452  4314  4380 I art     : Explicit concurrent mark sweep GC freed 8433(477KB) AllocSpace objects, 1(68KB) LOS objects, 37% free, 26MB/42MB, paused 427us total 37.254ms
08-06 11:58:25.466  4314  4380 I art     : Starting a blocking GC Explicit
08-06 11:58:25.489   512  2967 D audio_hw_primary: disable_audio_route: reset and update mixer path: low-latency-playback speaker
08-06 11:58:25.491   512  2967 D audio_hw_primary: disable_snd_device: snd_device(2: speaker)
08-06 11:58:25.498  4314  4380 I art     : Explicit concurrent mark sweep GC freed 3094(235KB) AllocSpace objects, 1(68KB) LOS objects, 38% free, 26MB/42MB, paused 439us total 32.188ms
08-06 11:58:25.499   512  2967 I soundtrigger: audio_extn_sound_trigger_update_device_status: device 0x2 of type 0 for Event 0
08-06 11:58:25.511  4314  4380 I art     : Starting a blocking GC Explicit
08-06 11:58:25.546  4314  4380 I art     : Explicit concurrent mark sweep GC freed 3342(134KB) AllocSpace objects, 0(0B) LOS objects, 37% free, 26MB/42MB, paused 714us total 34.417ms
08-06 11:58:25.559  4314  4380 I art     : Starting a blocking GC Explicit
08-06 11:58:25.593  4314  4380 I art     : Explicit concurrent mark sweep GC freed 178(14KB) AllocSpace objects, 0(0B) LOS objects, 37% free, 26MB/42MB, paused 310us total 33.159ms
08-06 11:58:25.898  4314  4380 I art     : Starting a blocking GC Explicit
08-06 11:58:25.935  4314  4380 I art     : Explicit concurrent mark sweep GC freed 1352(80KB) AllocSpace objects, 1(20KB) LOS objects, 37% free, 26MB/42MB, paused 306us total 37.644ms
08-06 11:58:25.951  4314  4380 I art     : Starting a blocking GC Explicit
08-06 11:58:25.983  4314  4380 I art     : Explicit concurrent mark sweep GC freed 20(704B) AllocSpace objects, 0(0B) LOS objects, 37% free, 26MB/42MB, paused 241us total 31.880ms
08-06 11:58:25.997  4314  4380 I art     : Starting a blocking GC Explicit
08-06 11:58:26.032  4314  4380 I art     : Explicit concurrent mark sweep GC freed 3(96B) AllocSpace objects, 0(0B) LOS objects, 37% free, 26MB/42MB, paused 228us total 33.995ms
08-06 11:58:26.046  4314  4380 I art     : Starting a blocking GC Explicit
08-06 11:58:26.080  4314  4380 I art     : Explicit concurrent mark sweep GC freed 49(1920B) AllocSpace objects, 0(0B) LOS objects, 37% free, 26MB/42MB, paused 230us total 34.272ms
08-06 11:58:26.094  4314  4380 I art     : Starting a blocking GC Explicit
08-06 11:58:26.131  4314  4380 I art     : Explicit concurrent mark sweep GC freed 3(96B) AllocSpace objects, 0(0B) LOS objects, 37% free, 26MB/42MB, paused 242us total 36.614ms
08-06 11:58:26.423  4314  4622 I art     : Starting a blocking GC Explicit
08-06 11:58:26.471  4314  4622 I art     : Explicit concurrent mark sweep GC freed 1346(80KB) AllocSpace objects, 1(20KB) LOS objects, 37% free, 26MB/42MB, paused 267us total 47.146ms
08-06 11:58:26.487  4314  4622 I art     : Starting a blocking GC Explicit
08-06 11:58:26.525  4314  4622 I art     : Explicit concurrent mark sweep GC freed 20(704B) AllocSpace objects, 0(0B) LOS objects, 37% free, 26MB/42MB, paused 268us total 37.924ms
08-06 11:58:26.539  4314  4622 I art     : Starting a blocking GC Explicit
08-06 11:58:26.577  4314  4622 I art     : Explicit concurrent mark sweep GC freed 3(96B) AllocSpace objects, 0(0B) LOS objects, 37% free, 26MB/42MB, paused 281us total 38.004ms
08-06 11:58:26.592  4314  4622 I art     : Starting a blocking GC Explicit
08-06 11:58:26.630  4314  4622 I art     : Explicit concurrent mark sweep GC freed 3(96B) AllocSpace objects, 0(0B) LOS objects, 37% free, 26MB/42MB, paused 265us total 38.013ms
08-06 11:58:26.644  4314  4622 I art     : Starting a blocking GC Explicit
08-06 11:58:26.682  4314  4622 I art     : Explicit concurrent mark sweep GC freed 3(96B) AllocSpace objects, 0(0B) LOS objects, 37% free, 26MB/42MB, paused 248us total 37.881ms
08-06 11:58:26.983  4314  4327 I art     : Starting a blocking GC Explicit
08-06 11:58:27.031  4314  4327 I art     : Explicit concurrent mark sweep GC freed 1346(80KB) AllocSpace objects, 1(20KB) LOS objects, 37% free, 26MB/42MB, paused 286us total 46.798ms
08-06 11:58:27.049  4314  4327 I art     : Starting a blocking GC Explicit
08-06 11:58:27.090  4314  4327 I art     : Explicit concurrent mark sweep GC freed 20(704B) AllocSpace objects, 0(0B) LOS objects, 37% free, 26MB/42MB, paused 255us total 40.573ms
08-06 11:58:27.104  4314  4327 I art     : Starting a blocking GC Explicit
08-06 11:58:27.143  4314  4327 I art     : Explicit concurrent mark sweep GC freed 3(96B) AllocSpace objects, 0(0B) LOS objects, 37% free, 26MB/42MB, paused 270us total 38.150ms
08-06 11:58:27.157  4314  4327 I art     : Starting a blocking GC Explicit
08-06 11:58:27.193  4314  4327 I art     : Explicit concurrent mark sweep GC freed 3(96B) AllocSpace objects, 0(0B) LOS objects, 37% free, 26MB/42MB, paused 237us total 35.967ms
08-06 11:58:27.207  4314  4327 I art     : Starting a blocking GC Explicit
08-06 11:58:27.242  4314  4327 I art     : Explicit concurrent mark sweep GC freed 3(96B) AllocSpace objects, 0(0B) LOS objects, 37% free, 26MB/42MB, paused 260us total 34.335ms
08-06 11:58:27.551  4314  4326 I art     : Starting a blocking GC Explicit
08-06 11:58:27.580  5408  5408 D AndroidRuntime: >>>>>> START com.android.internal.os.RuntimeInit uid 2000 <<<<<<
08-06 11:58:27.586  5408  5408 D AndroidRuntime: CheckJNI is OFF
08-06 11:58:27.597  4314  4326 I art     : Explicit concurrent mark sweep GC freed 1346(80KB) AllocSpace objects, 1(20KB) LOS objects, 37% free, 26MB/42MB, paused 269us total 45.627ms
08-06 11:58:27.611  4314  4326 I art     : Starting a blocking GC Explicit
08-06 11:58:27.625  5408  5408 D ICU     : No timezone override file found: /data/misc/zoneinfo/current/icu/icu_tzdata.dat
08-06 11:58:27.648  4314  4326 I art     : Explicit concurrent mark sweep GC freed 20(704B) AllocSpace objects, 0(0B) LOS objects, 37% free, 26MB/42MB, paused 269us total 36.737ms
08-06 11:58:27.661  5408  5408 I Radio-JNI: register_android_hardware_Radio DONE
08-06 11:58:27.661  4314  4326 I art     : Starting a blocking GC Explicit
08-06 11:58:27.683  5408  5408 D AndroidRuntime: Calling main entry com.android.commands.input.Input
08-06 11:58:27.685  5408  5408 I Input   : injectKeyEvent: KeyEvent { action=ACTION_DOWN, keyCode=KEYCODE_BACK, scanCode=0, metaState=0, flags=0x0, repeatCount=0, eventTime=878324098, downTime=878324098, deviceId=-1, source=0x101 }
08-06 11:58:27.691  5408  5408 I Input   : injectKeyEvent: KeyEvent { action=ACTION_UP, keyCode=KEYCODE_BACK, scanCode=0, metaState=0, flags=0x0, repeatCount=0, eventTime=878324098, downTime=878324098, deviceId=-1, source=0x101 }
08-06 11:58:27.695  4314  4326 I art     : Explicit concurrent mark sweep GC freed 5(208B) AllocSpace objects, 0(0B) LOS objects, 37% free, 26MB/42MB, paused 309us total 33.473ms
08-06 11:58:27.696  5408  5408 D AndroidRuntime: Shutting down VM
08-06 11:58:27.708  4314  4326 I art     : Starting a blocking GC Explicit
08-06 11:58:27.732 13866 13866 I GoogleInputMethodServic: GoogleInputMethodService.onFinishInput():3138 
08-06 11:58:27.733 13866 13866 I GoogleInputMethodServic: GoogleInputMethodService.onStartInput():1808 
08-06 11:58:27.740  4314  4326 I art     : Explicit concurrent mark sweep GC freed 133(4KB) AllocSpace objects, 0(0B) LOS objects, 37% free, 26MB/42MB, paused 278us total 31.640ms
08-06 11:58:27.753  4314  4326 I art     : Starting a blocking GC Explicit
08-06 11:58:27.789  4314  4326 I art     : Explicit concurrent mark sweep GC freed 117(4KB) AllocSpace objects, 0(0B) LOS objects, 37% free, 26MB/42MB, paused 271us total 35.565ms
08-06 11:58:28.051  4314  4380 I art     : Starting a blocking GC Explicit
08-06 11:58:28.059   380   380 W SurfaceFlinger: couldn't log to binary event log: overflow.
08-06 11:58:28.092  4314  4380 I art     : Explicit concurrent mark sweep GC freed 1409(82KB) AllocSpace objects, 1(20KB) LOS objects, 37% free, 26MB/42MB, paused 246us total 40.294ms
08-06 11:58:28.105  4314  4380 I art     : Starting a blocking GC Explicit
08-06 11:58:28.138  4314  4380 I art     : Explicit concurrent mark sweep GC freed 26(992B) AllocSpace objects, 0(0B) LOS objects, 37% free, 26MB/42MB, paused 261us total 32.993ms
08-06 11:58:28.151  4314  4380 I art     : Starting a blocking GC Explicit
08-06 11:58:28.183  4314  4380 I art     : Explicit concurrent mark sweep GC freed 22972(1247KB) AllocSpace objects, 5(164KB) LOS objects, 39% free, 24MB/40MB, paused 252us total 31.575ms
08-06 11:58:28.196  4314  4380 I art     : Starting a blocking GC Explicit
08-06 11:58:28.226  4314  4380 I art     : Explicit concurrent mark sweep GC freed 3(96B) AllocSpace objects, 0(0B) LOS objects, 39% free, 24MB/40MB, paused 261us total 29.460ms
08-06 11:58:28.239  4314  4380 I art     : Starting a blocking GC Explicit
08-06 11:58:28.271  4314  4380 I art     : Explicit concurrent mark sweep GC freed 3(96B) AllocSpace objects, 0(0B) LOS objects, 39% free, 24MB/40MB, paused 263us total 31.254ms
08-06 11:58:28.554  4314  4326 I art     : Starting a blocking GC Explicit
08-06 11:58:28.594  4314  4326 I art     : Explicit concurrent mark sweep GC freed 1350(80KB) AllocSpace objects, 1(20KB) LOS objects, 39% free, 24MB/40MB, paused 262us total 38.909ms
08-06 11:58:28.607  4314  4326 I art     : Starting a blocking GC Explicit
08-06 11:58:28.638  4314  4326 I art     : Explicit concurrent mark sweep GC freed 20(704B) AllocSpace objects, 0(0B) LOS objects, 39% free, 24MB/40MB, paused 267us total 31.091ms
08-06 11:58:28.652  4314  4326 I art     : Starting a blocking GC Explicit
08-06 11:58:28.683  4314  4326 I art     : Explicit concurrent mark sweep GC freed 3(96B) AllocSpace objects, 0(0B) LOS objects, 39% free, 24MB/40MB, paused 262us total 31.331ms
08-06 11:58:28.697  4314  4326 I art     : Starting a blocking GC Explicit
08-06 11:58:28.728  4314  4326 I art     : Explicit concurrent mark sweep GC freed 3(96B) AllocSpace objects, 0(0B) LOS objects, 39% free, 24MB/40MB, paused 265us total 30.472ms
08-06 11:58:28.741  4314  4326 I art     : Starting a blocking GC Explicit
08-06 11:58:28.772  4314  4326 I art     : Explicit concurrent mark sweep GC freed 3(96B) AllocSpace objects, 0(0B) LOS objects, 39% free, 24MB/40MB, paused 256us total 30.873ms
08-06 11:58:29.039  4314  4622 I art     : Starting a blocking GC Explicit
08-06 11:58:29.070  4314  4622 I art     : Explicit concurrent mark sweep GC freed 1347(80KB) AllocSpace objects, 1(20KB) LOS objects, 39% free, 24MB/40MB, paused 275us total 30.997ms
08-06 11:58:29.084  4314  4622 I art     : Starting a blocking GC Explicit
08-06 11:58:29.114  4314  4622 I art     : Explicit concurrent mark sweep GC freed 20(704B) AllocSpace objects, 0(0B) LOS objects, 39% free, 24MB/40MB, paused 270us total 30.009ms
08-06 11:58:29.127  4314  4622 I art     : Starting a blocking GC Explicit
08-06 11:58:29.156  4314  4622 I art     : Explicit concurrent mark sweep GC freed 3(96B) AllocSpace objects, 0(0B) LOS objects, 39% free, 24MB/40MB, paused 253us total 28.980ms
08-06 11:58:29.169  4314  4622 I art     : Starting a blocking GC Explicit
08-06 11:58:29.198  4314  4622 I art     : Explicit concurrent mark sweep GC freed 3(96B) AllocSpace objects, 0(0B) LOS objects, 39% free, 24MB/40MB, paused 259us total 28.708ms
08-06 11:58:29.211  4314  4622 I art     : Starting a blocking GC Explicit
08-06 11:58:29.240  4314  4622 I art     : Explicit concurrent mark sweep GC freed 3(96B) AllocSpace objects, 0(0B) LOS objects, 39% free, 24MB/40MB, paused 263us total 29.028ms
08-06 11:58:29.373  5454  5454 D AndroidRuntime: >>>>>> START com.android.internal.os.RuntimeInit uid 2000 <<<<<<
08-06 11:58:29.378  5454  5454 D AndroidRuntime: CheckJNI is OFF
08-06 11:58:29.412  5454  5454 D ICU     : No timezone override file found: /data/misc/zoneinfo/current/icu/icu_tzdata.dat
08-06 11:58:29.445  5454  5454 I Radio-JNI: register_android_hardware_Radio DONE
08-06 11:58:29.468  5454  5454 D AndroidRuntime: Calling main entry com.android.commands.input.Input
08-06 11:58:29.470  5454  5454 I Input   : injectMotionEvent: MotionEvent { action=ACTION_DOWN, actionButton=0, id[0]=0, x[0]=600.0, y[0]=950.0, toolType[0]=TOOL_TYPE_UNKNOWN, buttonState=0, metaState=0, flags=0x0, edgeFlags=0x0, pointerCount=1, historySize=0, eventTime=878325882, downTime=878325882, deviceId=0, source=0x1002 }
08-06 11:58:29.476  5454  5454 I Input   : injectMotionEvent: MotionEvent { action=ACTION_UP, actionButton=0, id[0]=0, x[0]=600.0, y[0]=950.0, toolType[0]=TOOL_TYPE_UNKNOWN, buttonState=0, metaState=0, flags=0x0, edgeFlags=0x0, pointerCount=1, historySize=0, eventTime=878325882, downTime=878325882, deviceId=0, source=0x1002 }
08-06 11:58:29.482  5454  5454 D AndroidRuntime: Shutting down VM
08-06 11:58:29.496   512  2967 D audio_hw_primary: out_set_parameters: enter: usecase(1: low-latency-playback) kvpairs: routing=2
08-06 11:58:29.499   918  6112 I ActivityManager: START u0 {dat=https://oauth.reddit.com/... cmp=baseline.org.quantumbadger.redreader/.activities.CommentListingActivity} from uid 10705 on display 0
08-06 11:58:29.509   512  2967 D audio_hw_primary: select_devices: out_snd_device(2: speaker) in_snd_device(0: none)
08-06 11:58:29.509   512  2967 D msm8974_platform: platform_send_audio_calibration: sending audio calibration for snd_device(2) acdb_id(15)
08-06 11:58:29.509   512  2967 I soundtrigger: audio_extn_sound_trigger_update_device_status: device 0x2 of type 0 for Event 1
08-06 11:58:29.520   512  2967 D audio_hw_primary: enable_snd_device: snd_device(2: speaker)
08-06 11:58:29.523   512  2967 D audio_hw_primary: enable_audio_route: apply and update mixer path: low-latency-playback speaker
08-06 11:58:29.526  4314  4314 I AppCompatViewInflater: app:theme is now deprecated. Please move to using android:theme instead.
08-06 11:58:29.535  4314  4622 I art     : Starting a blocking GC Explicit
08-06 11:58:29.543  4314  4904 I CommentListingActivity: COMMENTS session changed to affaadf3-2a92-49ca-9712-b824057e459e
08-06 11:58:29.564  4314  4622 I art     : Explicit concurrent mark sweep GC freed 5478(457KB) AllocSpace objects, 1(20KB) LOS objects, 38% free, 25MB/41MB, paused 390us total 28.924ms
08-06 11:58:29.579  4314  4622 I art     : Starting a blocking GC Explicit
08-06 11:58:29.608  4314  4622 I art     : Explicit concurrent mark sweep GC freed 2136(94KB) AllocSpace objects, 2(32KB) LOS objects, 38% free, 25MB/41MB, paused 453us total 28.964ms
08-06 11:58:29.620  4314  4622 I art     : Starting a blocking GC Explicit
08-06 11:58:29.651  4314  4622 I art     : Explicit concurrent mark sweep GC freed 736(32KB) AllocSpace objects, 0(0B) LOS objects, 38% free, 25MB/41MB, paused 429us total 30.845ms
08-06 11:58:29.655   918   936 I ActivityManager: Displayed baseline.org.quantumbadger.redreader/.activities.CommentListingActivity: +144ms
08-06 11:58:29.655 13866 13866 I GoogleInputMethodServic: GoogleInputMethodService.onFinishInput():3138 
08-06 11:58:29.656 13866 13866 I GoogleInputMethodServic: GoogleInputMethodService.onStartInput():1808 
08-06 11:58:29.664  4314  4622 I art     : Starting a blocking GC Explicit
08-06 11:58:29.696  4314  4622 I art     : Explicit concurrent mark sweep GC freed 143(5KB) AllocSpace objects, 0(0B) LOS objects, 38% free, 25MB/41MB, paused 312us total 31.718ms
08-06 11:58:29.710  4314  4622 I art     : Starting a blocking GC Explicit
08-06 11:58:29.738  4314  4622 I art     : Explicit concurrent mark sweep GC freed 20(912B) AllocSpace objects, 0(0B) LOS objects, 38% free, 25MB/41MB, paused 236us total 27.990ms
08-06 11:58:29.912   380   380 W SurfaceFlinger: couldn't log to binary event log: overflow.
08-06 11:58:29.942  4314  5363 I RedditChangeDataIO: Writing tmp data file at '/data/user/0/baseline.org.quantumbadger.redreader/files/rr_change_data_tmp.dat'
08-06 11:58:29.942  4314  5363 I RedditChangeDataManager: Taking snapshot...
08-06 11:58:29.942  4314  5363 I RedditChangeDataManager: Writing to stream...
08-06 11:58:29.942  4314  5363 I RedditChangeDataManager: Wrote 3 entries for user ''
08-06 11:58:29.942  4314  5363 I RedditChangeDataManager: All entries written to stream.
08-06 11:58:29.943  4314  5363 I RedditChangeDataIO: Write successful. Atomically replacing data file...
08-06 11:58:29.943  4314  5363 I RedditChangeDataIO: Write complete.
08-06 11:58:29.943  4314  5363 I RedditChangeDataIO: 86 bytes written in 1 ms
08-06 11:58:29.987  4314  4326 I art     : Starting a blocking GC Explicit
08-06 11:58:30.020  4314  4326 I art     : Explicit concurrent mark sweep GC freed 1427(85KB) AllocSpace objects, 2(88KB) LOS objects, 38% free, 25MB/41MB, paused 253us total 33.210ms
08-06 11:58:30.036  4314  4326 I art     : Starting a blocking GC Explicit
08-06 11:58:30.068   512  2967 D audio_hw_primary: disable_audio_route: reset and update mixer path: low-latency-playback speaker
08-06 11:58:30.069  4314  4326 I art     : Explicit concurrent mark sweep GC freed 106(3KB) AllocSpace objects, 0(0B) LOS objects, 38% free, 25MB/41MB, paused 233us total 32.741ms
08-06 11:58:30.070   512  2967 D audio_hw_primary: disable_snd_device: snd_device(2: speaker)
08-06 11:58:30.078   512  2967 I soundtrigger: audio_extn_sound_trigger_update_device_status: device 0x2 of type 0 for Event 0
08-06 11:58:30.082  4314  4326 I art     : Starting a blocking GC Explicit
08-06 11:58:30.110  4314  4326 I art     : Explicit concurrent mark sweep GC freed 3(96B) AllocSpace objects, 0(0B) LOS objects, 38% free, 25MB/41MB, paused 255us total 27.568ms
08-06 11:58:30.123  4314  4326 I art     : Starting a blocking GC Explicit
08-06 11:58:30.150  4314  4326 I art     : Explicit concurrent mark sweep GC freed 3(96B) AllocSpace objects, 0(0B) LOS objects, 38% free, 25MB/41MB, paused 220us total 27.189ms
08-06 11:58:30.163  4314  4326 I art     : Starting a blocking GC Explicit
08-06 11:58:30.194  4314  4326 I art     : Explicit concurrent mark sweep GC freed 3(96B) AllocSpace objects, 0(0B) LOS objects, 38% free, 25MB/41MB, paused 245us total 30.856ms
08-06 11:58:30.466  4314  4327 I art     : Starting a blocking GC Explicit
08-06 11:58:30.504  4314  4327 I art     : Explicit concurrent mark sweep GC freed 1627(118KB) AllocSpace objects, 1(20KB) LOS objects, 38% free, 25MB/41MB, paused 249us total 38.343ms
08-06 11:58:30.521  4314  4327 I art     : Starting a blocking GC Explicit
08-06 11:58:30.553  4314  4327 I art     : Explicit concurrent mark sweep GC freed 85(2880B) AllocSpace objects, 0(0B) LOS objects, 38% free, 25MB/41MB, paused 334us total 32.571ms
08-06 11:58:30.568  4314  4327 I art     : Starting a blocking GC Explicit
08-06 11:58:30.600  4314  4327 I art     : Explicit concurrent mark sweep GC freed 3(96B) AllocSpace objects, 0(0B) LOS objects, 38% free, 25MB/41MB, paused 240us total 32.516ms
08-06 11:58:30.614  4314  4327 I art     : Starting a blocking GC Explicit
08-06 11:58:30.647  4314  4327 I art     : Explicit concurrent mark sweep GC freed 3(96B) AllocSpace objects, 0(0B) LOS objects, 38% free, 25MB/41MB, paused 240us total 32.410ms
08-06 11:58:30.660  4314  4327 I art     : Starting a blocking GC Explicit
08-06 11:58:30.694  4314  4327 I art     : Explicit concurrent mark sweep GC freed 3(96B) AllocSpace objects, 0(0B) LOS objects, 38% free, 25MB/41MB, paused 233us total 32.990ms
08-06 11:58:30.974  4314  4622 I art     : Starting a blocking GC Explicit
08-06 11:58:31.011  4314  4622 I art     : Explicit concurrent mark sweep GC freed 1346(80KB) AllocSpace objects, 1(20KB) LOS objects, 38% free, 25MB/41MB, paused 264us total 36.645ms
08-06 11:58:31.027  4314  4622 I art     : Starting a blocking GC Explicit
08-06 11:58:31.058  4314  4622 I art     : Explicit concurrent mark sweep GC freed 20(704B) AllocSpace objects, 0(0B) LOS objects, 38% free, 25MB/41MB, paused 228us total 30.895ms
08-06 11:58:31.071  4314  4622 I art     : Starting a blocking GC Explicit
08-06 11:58:31.104  4314  4622 I art     : Explicit concurrent mark sweep GC freed 3(96B) AllocSpace objects, 0(0B) LOS objects, 38% free, 25MB/41MB, paused 236us total 32.374ms
08-06 11:58:31.118  4314  4622 I art     : Starting a blocking GC Explicit
08-06 11:58:31.151  4314  4622 I art     : Explicit concurrent mark sweep GC freed 3(96B) AllocSpace objects, 0(0B) LOS objects, 38% free, 25MB/41MB, paused 248us total 32.911ms
08-06 11:58:31.165  4314  4622 I art     : Starting a blocking GC Explicit
08-06 11:58:31.197  4314  4622 I art     : Explicit concurrent mark sweep GC freed 3(96B) AllocSpace objects, 0(0B) LOS objects, 38% free, 25MB/41MB, paused 265us total 32.468ms
08-06 11:58:31.537  4314  4380 I art     : Starting a blocking GC Explicit
08-06 11:58:31.588  4314  4380 I art     : Explicit concurrent mark sweep GC freed 1346(80KB) AllocSpace objects, 1(20KB) LOS objects, 38% free, 25MB/41MB, paused 235us total 50.487ms
08-06 11:58:31.602  4314  4380 I art     : Starting a blocking GC Explicit
08-06 11:58:31.635  4314  4380 I art     : Explicit concurrent mark sweep GC freed 20(704B) AllocSpace objects, 0(0B) LOS objects, 38% free, 25MB/41MB, paused 235us total 32.300ms
08-06 11:58:31.648  4314  4380 I art     : Starting a blocking GC Explicit
08-06 11:58:31.681  4314  4380 I art     : Explicit concurrent mark sweep GC freed 3(96B) AllocSpace objects, 0(0B) LOS objects, 38% free, 25MB/41MB, paused 235us total 32.429ms
08-06 11:58:31.695  4314  4380 I art     : Starting a blocking GC Explicit
08-06 11:58:31.728  4314  4380 I art     : Explicit concurrent mark sweep GC freed 3(96B) AllocSpace objects, 0(0B) LOS objects, 38% free, 25MB/41MB, paused 239us total 32.572ms
08-06 11:58:31.741  4314  4380 I art     : Starting a blocking GC Explicit
08-06 11:58:31.773  4314  4380 I art     : Explicit concurrent mark sweep GC freed 3(96B) AllocSpace objects, 0(0B) LOS objects, 38% free, 25MB/41MB, paused 235us total 31.732ms
08-06 11:58:32.110  4314  4326 I art     : Starting a blocking GC Explicit
08-06 11:58:32.153  4314  4326 I art     : Explicit concurrent mark sweep GC freed 1346(80KB) AllocSpace objects, 1(20KB) LOS objects, 38% free, 25MB/41MB, paused 276us total 42.739ms
08-06 11:58:32.172  4314  4326 I art     : Starting a blocking GC Explicit
08-06 11:58:32.205  4314  4326 I art     : Explicit concurrent mark sweep GC freed 20(704B) AllocSpace objects, 0(0B) LOS objects, 38% free, 25MB/41MB, paused 232us total 32.728ms
08-06 11:58:32.218  4314  4326 I art     : Starting a blocking GC Explicit
08-06 11:58:32.251  4314  4326 I art     : Explicit concurrent mark sweep GC freed 3(96B) AllocSpace objects, 0(0B) LOS objects, 38% free, 25MB/41MB, paused 232us total 32.555ms
08-06 11:58:32.265  4314  4326 I art     : Starting a blocking GC Explicit
08-06 11:58:32.298  4314  4326 I art     : Explicit concurrent mark sweep GC freed 3(96B) AllocSpace objects, 0(0B) LOS objects, 38% free, 25MB/41MB, paused 226us total 33.218ms
08-06 11:58:32.312  4314  4326 I art     : Starting a blocking GC Explicit
08-06 11:58:32.343  4314  4326 I art     : Explicit concurrent mark sweep GC freed 3(96B) AllocSpace objects, 0(0B) LOS objects, 38% free, 25MB/41MB, paused 231us total 31.287ms
08-06 11:58:32.649  4314  4327 I art     : Starting a blocking GC Explicit
08-06 11:58:32.690  4314  4327 I art     : Explicit concurrent mark sweep GC freed 1346(80KB) AllocSpace objects, 1(20KB) LOS objects, 38% free, 25MB/41MB, paused 264us total 41.077ms
08-06 11:58:32.707  4314  4327 I art     : Starting a blocking GC Explicit
08-06 11:58:32.740  4314  4327 I art     : Explicit concurrent mark sweep GC freed 20(704B) AllocSpace objects, 0(0B) LOS objects, 38% free, 25MB/41MB, paused 242us total 32.873ms
08-06 11:58:32.754  4314  4327 I art     : Starting a blocking GC Explicit
08-06 11:58:32.787  4314  4327 I art     : Explicit concurrent mark sweep GC freed 3(96B) AllocSpace objects, 0(0B) LOS objects, 38% free, 25MB/41MB, paused 309us total 32.749ms
08-06 11:58:32.800  4314  4327 I art     : Starting a blocking GC Explicit
08-06 11:58:32.833  4314  4327 I art     : Explicit concurrent mark sweep GC freed 3(96B) AllocSpace objects, 0(0B) LOS objects, 38% free, 25MB/41MB, paused 243us total 32.373ms
08-06 11:58:32.847  4314  4327 I art     : Starting a blocking GC Explicit
08-06 11:58:32.880  4314  4327 I art     : Explicit concurrent mark sweep GC freed 3(96B) AllocSpace objects, 0(0B) LOS objects, 38% free, 25MB/41MB, paused 242us total 32.938ms
08-06 11:58:33.198  4314  4622 I art     : Starting a blocking GC Explicit
08-06 11:58:33.241  4314  4622 I art     : Explicit concurrent mark sweep GC freed 1348(80KB) AllocSpace objects, 1(20KB) LOS objects, 38% free, 25MB/41MB, paused 264us total 42.194ms
08-06 11:58:33.257  4314  4622 I art     : Starting a blocking GC Explicit
08-06 11:58:33.289  4314  4622 I art     : Explicit concurrent mark sweep GC freed 20(704B) AllocSpace objects, 0(0B) LOS objects, 38% free, 25MB/41MB, paused 241us total 32.639ms
08-06 11:58:33.303  4314  4622 I art     : Starting a blocking GC Explicit
08-06 11:58:33.336  4314  4622 I art     : Explicit concurrent mark sweep GC freed 3(96B) AllocSpace objects, 0(0B) LOS objects, 38% free, 25MB/41MB, paused 237us total 32.792ms
08-06 11:58:33.350  4314  4622 I art     : Starting a blocking GC Explicit
08-06 11:58:33.382  4314  4622 I art     : Explicit concurrent mark sweep GC freed 3(96B) AllocSpace objects, 0(0B) LOS objects, 38% free, 25MB/41MB, paused 250us total 32.356ms
08-06 11:58:33.396  4314  4622 I art     : Starting a blocking GC Explicit
08-06 11:58:33.429  4314  4622 I art     : Explicit concurrent mark sweep GC freed 3(96B) AllocSpace objects, 0(0B) LOS objects, 38% free, 25MB/41MB, paused 232us total 32.527ms
08-06 11:58:33.742  4314  4380 I art     : Starting a blocking GC Explicit
08-06 11:58:33.775  4314  4380 I art     : Explicit concurrent mark sweep GC freed 1346(80KB) AllocSpace objects, 1(20KB) LOS objects, 38% free, 25MB/41MB, paused 239us total 32.746ms
08-06 11:58:33.788  4314  4380 I art     : Starting a blocking GC Explicit
08-06 11:58:33.819  4314  4380 I art     : Explicit concurrent mark sweep GC freed 20(704B) AllocSpace objects, 0(0B) LOS objects, 38% free, 25MB/41MB, paused 248us total 30.152ms
08-06 11:58:33.832  4314  4380 I art     : Starting a blocking GC Explicit
08-06 11:58:33.862  4314  4380 I art     : Explicit concurrent mark sweep GC freed 3(96B) AllocSpace objects, 0(0B) LOS objects, 38% free, 25MB/41MB, paused 245us total 30.286ms
08-06 11:58:33.875  4314  4380 I art     : Starting a blocking GC Explicit
08-06 11:58:33.907  4314  4380 I art     : Explicit concurrent mark sweep GC freed 3(96B) AllocSpace objects, 0(0B) LOS objects, 38% free, 25MB/41MB, paused 238us total 31.619ms
08-06 11:58:33.921  4314  4380 I art     : Starting a blocking GC Explicit
08-06 11:58:33.951  4314  4380 I art     : Explicit concurrent mark sweep GC freed 3(96B) AllocSpace objects, 0(0B) LOS objects, 38% free, 25MB/41MB, paused 238us total 30.197ms
08-06 11:58:34.138  5570  5570 D AndroidRuntime: >>>>>> START com.android.internal.os.RuntimeInit uid 2000 <<<<<<
08-06 11:58:34.144  5570  5570 D AndroidRuntime: CheckJNI is OFF
08-06 11:58:34.177  5570  5570 D ICU     : No timezone override file found: /data/misc/zoneinfo/current/icu/icu_tzdata.dat
08-06 11:58:34.209  5570  5570 I Radio-JNI: register_android_hardware_Radio DONE
08-06 11:58:34.230  5570  5570 D AndroidRuntime: Calling main entry com.android.commands.input.Input
08-06 11:58:34.232  5570  5570 I Input   : injectKeyEvent: KeyEvent { action=ACTION_DOWN, keyCode=KEYCODE_BACK, scanCode=0, metaState=0, flags=0x0, repeatCount=0, eventTime=878330645, downTime=878330645, deviceId=-1, source=0x101 }
08-06 11:58:34.237  5570  5570 I Input   : injectKeyEvent: KeyEvent { action=ACTION_UP, keyCode=KEYCODE_BACK, scanCode=0, metaState=0, flags=0x0, repeatCount=0, eventTime=878330645, downTime=878330645, deviceId=-1, source=0x101 }
08-06 11:58:34.243  5570  5570 D AndroidRuntime: Shutting down VM
08-06 11:58:34.265  4314  4327 I art     : Starting a blocking GC Explicit
08-06 11:58:34.277 13866 13866 I GoogleInputMethodServic: GoogleInputMethodService.onFinishInput():3138 
08-06 11:58:34.278 13866 13866 I GoogleInputMethodServic: GoogleInputMethodService.onStartInput():1808 
08-06 11:58:34.296  4314  4327 I art     : Explicit concurrent mark sweep GC freed 1540(87KB) AllocSpace objects, 1(20KB) LOS objects, 38% free, 25MB/41MB, paused 254us total 30.851ms
08-06 11:58:34.309  4314  4327 I art     : Starting a blocking GC Explicit
08-06 11:58:34.338  4314  4327 I art     : Explicit concurrent mark sweep GC freed 73(2448B) AllocSpace objects, 0(0B) LOS objects, 38% free, 25MB/41MB, paused 219us total 28.548ms
08-06 11:58:34.350  4314  4327 I art     : Starting a blocking GC Explicit
08-06 11:58:34.379  4314  4327 I art     : Explicit concurrent mark sweep GC freed 5(176B) AllocSpace objects, 0(0B) LOS objects, 38% free, 25MB/41MB, paused 228us total 28.121ms
08-06 11:58:34.393  4314  4327 I art     : Starting a blocking GC Explicit
08-06 11:58:34.427  4314  4327 I art     : Explicit concurrent mark sweep GC freed 3(96B) AllocSpace objects, 0(0B) LOS objects, 38% free, 25MB/41MB, paused 259us total 33.950ms
08-06 11:58:34.441  4314  4327 I art     : Starting a blocking GC Explicit
08-06 11:58:34.481  4314  4327 I art     : Explicit concurrent mark sweep GC freed 3(96B) AllocSpace objects, 0(0B) LOS objects, 38% free, 25MB/41MB, paused 223us total 39.566ms
08-06 11:58:34.584   380   380 W SurfaceFlinger: couldn't log to binary event log: overflow.
08-06 11:58:34.740  4314  4326 I art     : Starting a blocking GC Explicit
08-06 11:58:34.773  4314  4326 I art     : Explicit concurrent mark sweep GC freed 1398(82KB) AllocSpace objects, 1(20KB) LOS objects, 38% free, 25MB/41MB, paused 249us total 33.730ms
08-06 11:58:34.787  4314  4326 I art     : Starting a blocking GC Explicit
08-06 11:58:34.819  4314  4326 I art     : Explicit concurrent mark sweep GC freed 3854(310KB) AllocSpace objects, 5(140KB) LOS objects, 39% free, 24MB/40MB, paused 237us total 31.387ms
08-06 11:58:34.832  4314  4326 I art     : Starting a blocking GC Explicit
08-06 11:58:34.862  4314  4326 I art     : Explicit concurrent mark sweep GC freed 3(96B) AllocSpace objects, 0(0B) LOS objects, 39% free, 24MB/40MB, paused 237us total 30.244ms
08-06 11:58:34.876  4314  4326 I art     : Starting a blocking GC Explicit
08-06 11:58:34.907  4314  4326 I art     : Explicit concurrent mark sweep GC freed 3(96B) AllocSpace objects, 0(0B) LOS objects, 39% free, 24MB/40MB, paused 318us total 31.090ms
08-06 11:58:34.920  4314  4326 I art     : Starting a blocking GC Explicit
08-06 11:58:34.951  4314  4326 I art     : Explicit concurrent mark sweep GC freed 3(96B) AllocSpace objects, 0(0B) LOS objects, 39% free, 24MB/40MB, paused 243us total 30.844ms
08-06 11:58:35.240  4314  4380 I art     : Starting a blocking GC Explicit
08-06 11:58:35.274  4314  4380 I art     : Explicit concurrent mark sweep GC freed 1346(80KB) AllocSpace objects, 1(20KB) LOS objects, 39% free, 24MB/40MB, paused 234us total 32.983ms
08-06 11:58:35.287  4314  4380 I art     : Starting a blocking GC Explicit
08-06 11:58:35.318  4314  4380 I art     : Explicit concurrent mark sweep GC freed 20(704B) AllocSpace objects, 0(0B) LOS objects, 39% free, 24MB/40MB, paused 240us total 30.451ms
08-06 11:58:35.331  4314  4380 I art     : Starting a blocking GC Explicit
08-06 11:58:35.362  4314  4380 I art     : Explicit concurrent mark sweep GC freed 3(96B) AllocSpace objects, 0(0B) LOS objects, 39% free, 24MB/40MB, paused 245us total 30.497ms
08-06 11:58:35.375  4314  4380 I art     : Starting a blocking GC Explicit
08-06 11:58:35.406  4314  4380 I art     : Explicit concurrent mark sweep GC freed 3(96B) AllocSpace objects, 0(0B) LOS objects, 39% free, 24MB/40MB, paused 237us total 30.827ms
08-06 11:58:35.419  4314  4380 I art     : Starting a blocking GC Explicit
08-06 11:58:35.451  4314  4380 I art     : Explicit concurrent mark sweep GC freed 3(96B) AllocSpace objects, 0(0B) LOS objects, 39% free, 24MB/40MB, paused 234us total 30.855ms
08-06 11:58:35.725  4314  4622 I art     : Starting a blocking GC Explicit
08-06 11:58:35.757  4314  4622 I art     : Explicit concurrent mark sweep GC freed 1346(80KB) AllocSpace objects, 1(20KB) LOS objects, 39% free, 24MB/40MB, paused 226us total 30.891ms
08-06 11:58:35.770  4314  4622 I art     : Starting a blocking GC Explicit
08-06 11:58:35.796  4314  4622 I art     : Explicit concurrent mark sweep GC freed 20(704B) AllocSpace objects, 0(0B) LOS objects, 39% free, 24MB/40MB, paused 232us total 26.411ms
08-06 11:58:35.809  4314  4622 I art     : Starting a blocking GC Explicit
08-06 11:58:35.838  4314  4622 I art     : Explicit concurrent mark sweep GC freed 3(96B) AllocSpace objects, 0(0B) LOS objects, 39% free, 24MB/40MB, paused 236us total 28.688ms
08-06 11:58:35.850  4314  4622 I art     : Starting a blocking GC Explicit
08-06 11:58:35.880  4314  4622 I art     : Explicit concurrent mark sweep GC freed 3(96B) AllocSpace objects, 0(0B) LOS objects, 39% free, 24MB/40MB, paused 243us total 29.065ms
08-06 11:58:35.893  4314  4622 I art     : Starting a blocking GC Explicit
08-06 11:58:35.895  5614  5614 D AndroidRuntime: >>>>>> START com.android.internal.os.RuntimeInit uid 2000 <<<<<<
08-06 11:58:35.900  5614  5614 D AndroidRuntime: CheckJNI is OFF
08-06 11:58:35.923  4314  4622 I art     : Explicit concurrent mark sweep GC freed 3(96B) AllocSpace objects, 0(0B) LOS objects, 39% free, 24MB/40MB, paused 234us total 29.322ms
08-06 11:58:35.938  5614  5614 D ICU     : No timezone override file found: /data/misc/zoneinfo/current/icu/icu_tzdata.dat
08-06 11:58:35.970  5614  5614 I Radio-JNI: register_android_hardware_Radio DONE
08-06 11:58:35.992  5614  5614 D AndroidRuntime: Calling main entry com.android.commands.input.Input
08-06 11:58:35.994  5614  5614 I Input   : injectMotionEvent: MotionEvent { action=ACTION_DOWN, actionButton=0, id[0]=0, x[0]=600.0, y[0]=700.0, toolType[0]=TOOL_TYPE_UNKNOWN, buttonState=0, metaState=0, flags=0x0, edgeFlags=0x0, pointerCount=1, historySize=0, eventTime=878332407, downTime=878332407, deviceId=0, source=0x1002 }
08-06 11:58:36.000  5614  5614 I Input   : injectMotionEvent: MotionEvent { action=ACTION_UP, actionButton=0, id[0]=0, x[0]=600.0, y[0]=700.0, toolType[0]=TOOL_TYPE_UNKNOWN, buttonState=0, metaState=0, flags=0x0, edgeFlags=0x0, pointerCount=1, historySize=0, eventTime=878332407, downTime=878332407, deviceId=0, source=0x1002 }
08-06 11:58:36.001  5614  5614 D AndroidRuntime: Shutting down VM
08-06 11:58:36.005   512  2967 D audio_hw_primary: out_set_parameters: enter: usecase(1: low-latency-playback) kvpairs: routing=2
08-06 11:58:36.009   918  3961 I ActivityManager: START u0 {dat=https://oauth.reddit.com/... cmp=baseline.org.quantumbadger.redreader/.activities.CommentListingActivity} from uid 10705 on display 0
08-06 11:58:36.018   512  2967 D audio_hw_primary: select_devices: out_snd_device(2: speaker) in_snd_device(0: none)
08-06 11:58:36.019   512  2967 D msm8974_platform: platform_send_audio_calibration: sending audio calibration for snd_device(2) acdb_id(15)
08-06 11:58:36.019   512  2967 I soundtrigger: audio_extn_sound_trigger_update_device_status: device 0x2 of type 0 for Event 1
08-06 11:58:36.030   512  2967 D audio_hw_primary: enable_snd_device: snd_device(2: speaker)
08-06 11:58:36.032   512  2967 D audio_hw_primary: enable_audio_route: apply and update mixer path: low-latency-playback speaker
08-06 11:58:36.034  4314  4314 I AppCompatViewInflater: app:theme is now deprecated. Please move to using android:theme instead.
08-06 11:58:36.049  4314  4904 I CommentListingActivity: COMMENTS session changed to 8897938a-e247-4c9c-b618-497060fd0071
08-06 11:58:36.115   918   936 I ActivityManager: Displayed baseline.org.quantumbadger.redreader/.activities.CommentListingActivity: +96ms
08-06 11:58:36.116 13866 13866 I GoogleInputMethodServic: GoogleInputMethodService.onFinishInput():3138 
08-06 11:58:36.116 13866 13866 I GoogleInputMethodServic: GoogleInputMethodService.onStartInput():1808 
08-06 11:58:36.190  4314  4622 I art     : Starting a blocking GC Explicit
08-06 11:58:36.241  4314  4622 I art     : Explicit concurrent mark sweep GC freed 39366(2MB) AllocSpace objects, 4(72KB) LOS objects, 35% free, 28MB/44MB, paused 386us total 51.115ms
08-06 11:58:36.257  4314  4622 I art     : Starting a blocking GC Explicit
08-06 11:58:36.303  4314  4622 I art     : Explicit concurrent mark sweep GC freed 7115(503KB) AllocSpace objects, 0(0B) LOS objects, 35% free, 28MB/44MB, paused 251us total 45.265ms
08-06 11:58:36.321  4314  4622 I art     : Starting a blocking GC Explicit
08-06 11:58:36.352   380   380 W SurfaceFlinger: couldn't log to binary event log: overflow.
08-06 11:58:36.368  4314  4622 I art     : Explicit concurrent mark sweep GC freed 19193(852KB) AllocSpace objects, 0(0B) LOS objects, 36% free, 27MB/43MB, paused 290us total 46.909ms
08-06 11:58:36.383  4314  4622 I art     : Starting a blocking GC Explicit
08-06 11:58:36.420  4314  4622 I art     : Explicit concurrent mark sweep GC freed 9(448B) AllocSpace objects, 0(0B) LOS objects, 36% free, 27MB/43MB, paused 222us total 36.351ms
08-06 11:58:36.435  4314  4622 I art     : Starting a blocking GC Explicit
08-06 11:58:36.476  4314  4622 I art     : Explicit concurrent mark sweep GC freed 3(96B) AllocSpace objects, 0(0B) LOS objects, 36% free, 27MB/43MB, paused 224us total 40.665ms
08-06 11:58:36.569   512  2967 D audio_hw_primary: disable_audio_route: reset and update mixer path: low-latency-playback speaker
08-06 11:58:36.570   512  2967 D audio_hw_primary: disable_snd_device: snd_device(2: speaker)
08-06 11:58:36.579   512  2967 I soundtrigger: audio_extn_sound_trigger_update_device_status: device 0x2 of type 0 for Event 0
08-06 11:58:36.771  4314  4326 I art     : Starting a blocking GC Explicit
08-06 11:58:36.819  4314  4326 I art     : Explicit concurrent mark sweep GC freed 1439(83KB) AllocSpace objects, 1(20KB) LOS objects, 36% free, 27MB/43MB, paused 226us total 48.343ms
08-06 11:58:36.837  4314  4326 I art     : Starting a blocking GC Explicit
08-06 11:58:36.879  4314  4326 I art     : Explicit concurrent mark sweep GC freed 24(832B) AllocSpace objects, 0(0B) LOS objects, 36% free, 27MB/43MB, paused 234us total 41.857ms
08-06 11:58:36.894  4314  4326 I art     : Starting a blocking GC Explicit
08-06 11:58:36.936  4314  4326 I art     : Explicit concurrent mark sweep GC freed 3(96B) AllocSpace objects, 0(0B) LOS objects, 36% free, 27MB/43MB, paused 228us total 42.190ms
08-06 11:58:36.952  4314  4326 I art     : Starting a blocking GC Explicit
08-06 11:58:36.994  4314  4326 I art     : Explicit concurrent mark sweep GC freed 3(96B) AllocSpace objects, 0(0B) LOS objects, 36% free, 27MB/43MB, paused 250us total 42.114ms
08-06 11:58:37.010  4314  4326 I art     : Starting a blocking GC Explicit
08-06 11:58:37.053  4314  4326 I art     : Explicit concurrent mark sweep GC freed 3(96B) AllocSpace objects, 0(0B) LOS objects, 36% free, 27MB/43MB, paused 221us total 42.175ms
08-06 11:58:37.344  4314  4380 I art     : Starting a blocking GC Explicit
08-06 11:58:37.400  4314  4380 I art     : Explicit concurrent mark sweep GC freed 1392(82KB) AllocSpace objects, 1(20KB) LOS objects, 36% free, 27MB/43MB, paused 321us total 56.114ms
08-06 11:58:37.416  4314  4380 I art     : Starting a blocking GC Explicit
08-06 11:58:37.461  4314  4380 I art     : Explicit concurrent mark sweep GC freed 20(704B) AllocSpace objects, 0(0B) LOS objects, 36% free, 27MB/43MB, paused 236us total 44.581ms
08-06 11:58:37.476  4314  4380 I art     : Starting a blocking GC Explicit
08-06 11:58:37.521  4314  4380 I art     : Explicit concurrent mark sweep GC freed 3(96B) AllocSpace objects, 0(0B) LOS objects, 36% free, 27MB/43MB, paused 246us total 44.641ms
08-06 11:58:37.537  4314  4380 I art     : Starting a blocking GC Explicit
08-06 11:58:37.582  4314  4380 I art     : Explicit concurrent mark sweep GC freed 3(96B) AllocSpace objects, 0(0B) LOS objects, 36% free, 27MB/43MB, paused 237us total 44.519ms
08-06 11:58:37.597  4314  4380 I art     : Starting a blocking GC Explicit
08-06 11:58:37.643  4314  4380 I art     : Explicit concurrent mark sweep GC freed 3(96B) AllocSpace objects, 0(0B) LOS objects, 36% free, 27MB/43MB, paused 246us total 44.968ms
08-06 11:58:37.959  4314  4622 I art     : Starting a blocking GC Explicit
08-06 11:58:38.021  4314  4622 I art     : Explicit concurrent mark sweep GC freed 1346(80KB) AllocSpace objects, 1(20KB) LOS objects, 36% free, 27MB/43MB, paused 273us total 61.522ms
08-06 11:58:38.038  4314  4622 I art     : Starting a blocking GC Explicit
08-06 11:58:38.083  4314  4622 I art     : Explicit concurrent mark sweep GC freed 20(704B) AllocSpace objects, 0(0B) LOS objects, 36% free, 27MB/43MB, paused 252us total 44.344ms
08-06 11:58:38.098  4314  4622 I art     : Starting a blocking GC Explicit
08-06 11:58:38.142  4314  4622 I art     : Explicit concurrent mark sweep GC freed 3(96B) AllocSpace objects, 0(0B) LOS objects, 36% free, 27MB/43MB, paused 239us total 43.086ms
08-06 11:58:38.157  4314  4622 I art     : Starting a blocking GC Explicit
08-06 11:58:38.200  4314  4622 I art     : Explicit concurrent mark sweep GC freed 3(96B) AllocSpace objects, 0(0B) LOS objects, 36% free, 27MB/43MB, paused 244us total 43.475ms
08-06 11:58:38.216  4314  4622 I art     : Starting a blocking GC Explicit
08-06 11:58:38.261  4314  4622 I art     : Explicit concurrent mark sweep GC freed 3(96B) AllocSpace objects, 0(0B) LOS objects, 36% free, 27MB/43MB, paused 240us total 44.474ms
08-06 11:58:38.583  4314  4327 I art     : Starting a blocking GC Explicit
08-06 11:58:38.640  4314  4327 I art     : Explicit concurrent mark sweep GC freed 1346(80KB) AllocSpace objects, 1(20KB) LOS objects, 36% free, 27MB/43MB, paused 269us total 56.245ms
08-06 11:58:38.660  4314  4327 I art     : Starting a blocking GC Explicit
08-06 11:58:38.705  4314  4327 I art     : Explicit concurrent mark sweep GC freed 20(704B) AllocSpace objects, 0(0B) LOS objects, 36% free, 27MB/43MB, paused 272us total 44.744ms
08-06 11:58:38.720  4314  4327 I art     : Starting a blocking GC Explicit
08-06 11:58:38.765  4314  4327 I art     : Explicit concurrent mark sweep GC freed 3(96B) AllocSpace objects, 0(0B) LOS objects, 36% free, 27MB/43MB, paused 247us total 44.590ms
08-06 11:58:38.781  4314  4327 I art     : Starting a blocking GC Explicit
08-06 11:58:38.825  4314  4327 I art     : Explicit concurrent mark sweep GC freed 3(96B) AllocSpace objects, 0(0B) LOS objects, 36% free, 27MB/43MB, paused 246us total 44.513ms
08-06 11:58:38.841  4314  4327 I art     : Starting a blocking GC Explicit
08-06 11:58:38.885  4314  4327 I art     : Explicit concurrent mark sweep GC freed 3(96B) AllocSpace objects, 0(0B) LOS objects, 36% free, 27MB/43MB, paused 249us total 43.660ms
08-06 11:58:39.210  4314  4326 I art     : Starting a blocking GC Explicit
08-06 11:58:39.269  4314  4326 I art     : Explicit concurrent mark sweep GC freed 1346(80KB) AllocSpace objects, 1(20KB) LOS objects, 36% free, 27MB/43MB, paused 282us total 58.768ms
08-06 11:58:39.287  4314  4326 I art     : Starting a blocking GC Explicit
08-06 11:58:39.332  4314  4326 I art     : Explicit concurrent mark sweep GC freed 20(704B) AllocSpace objects, 0(0B) LOS objects, 36% free, 27MB/43MB, paused 250us total 44.382ms
08-06 11:58:39.347  4314  4326 I art     : Starting a blocking GC Explicit
08-06 11:58:39.392  4314  4326 I art     : Explicit concurrent mark sweep GC freed 3(96B) AllocSpace objects, 0(0B) LOS objects, 36% free, 27MB/43MB, paused 247us total 44.374ms
08-06 11:58:39.408  4314  4326 I art     : Starting a blocking GC Explicit
08-06 11:58:39.452  4314  4326 I art     : Explicit concurrent mark sweep GC freed 3(96B) AllocSpace objects, 0(0B) LOS objects, 36% free, 27MB/43MB, paused 246us total 43.668ms
08-06 11:58:39.467  4314  4326 I art     : Starting a blocking GC Explicit
08-06 11:58:39.511  4314  4326 I art     : Explicit concurrent mark sweep GC freed 3(96B) AllocSpace objects, 0(0B) LOS objects, 36% free, 27MB/43MB, paused 263us total 44.169ms
08-06 11:58:39.834  4314  4380 I art     : Starting a blocking GC Explicit
08-06 11:58:39.888  4314  4380 I art     : Explicit concurrent mark sweep GC freed 1346(80KB) AllocSpace objects, 1(20KB) LOS objects, 36% free, 27MB/43MB, paused 354us total 53.629ms
08-06 11:58:39.908  4314  4380 I art     : Starting a blocking GC Explicit
08-06 11:58:39.952  4314  4380 I art     : Explicit concurrent mark sweep GC freed 20(704B) AllocSpace objects, 0(0B) LOS objects, 36% free, 27MB/43MB, paused 249us total 43.650ms
08-06 11:58:39.967  4314  4380 I art     : Starting a blocking GC Explicit
08-06 11:58:40.012  4314  4380 I art     : Explicit concurrent mark sweep GC freed 3(96B) AllocSpace objects, 0(0B) LOS objects, 36% free, 27MB/43MB, paused 248us total 44.367ms
08-06 11:58:40.028  4314  4380 I art     : Starting a blocking GC Explicit
08-06 11:58:40.072  4314  4380 I art     : Explicit concurrent mark sweep GC freed 3(96B) AllocSpace objects, 0(0B) LOS objects, 36% free, 27MB/43MB, paused 244us total 43.813ms
08-06 11:58:40.087  4314  4380 I art     : Starting a blocking GC Explicit
08-06 11:58:40.130  4314  4380 I art     : Explicit concurrent mark sweep GC freed 3(96B) AllocSpace objects, 0(0B) LOS objects, 36% free, 27MB/43MB, paused 234us total 42.759ms
08-06 11:58:40.402  4314  4622 I art     : Starting a blocking GC Explicit
08-06 11:58:40.445  4314  4622 I art     : Explicit concurrent mark sweep GC freed 1348(80KB) AllocSpace objects, 1(20KB) LOS objects, 36% free, 27MB/43MB, paused 245us total 43.113ms
08-06 11:58:40.460  4314  4622 I art     : Starting a blocking GC Explicit
08-06 11:58:40.503  4314  4622 I art     : Explicit concurrent mark sweep GC freed 20(704B) AllocSpace objects, 0(0B) LOS objects, 36% free, 27MB/43MB, paused 242us total 42.421ms
08-06 11:58:40.518  4314  4622 I art     : Starting a blocking GC Explicit
08-06 11:58:40.561  4314  4622 I art     : Explicit concurrent mark sweep GC freed 3(96B) AllocSpace objects, 0(0B) LOS objects, 36% free, 27MB/43MB, paused 237us total 42.580ms
08-06 11:58:40.576  4314  4622 I art     : Starting a blocking GC Explicit
08-06 11:58:40.618  4314  4622 I art     : Explicit concurrent mark sweep GC freed 3(96B) AllocSpace objects, 0(0B) LOS objects, 36% free, 27MB/43MB, paused 265us total 41.453ms
08-06 11:58:40.632  4314  4622 I art     : Starting a blocking GC Explicit
08-06 11:58:40.674  4314  4622 I art     : Explicit concurrent mark sweep GC freed 3(96B) AllocSpace objects, 0(0B) LOS objects, 36% free, 27MB/43MB, paused 239us total 41.041ms
08-06 11:58:40.697  5712  5712 D AndroidRuntime: >>>>>> START com.android.internal.os.RuntimeInit uid 2000 <<<<<<
08-06 11:58:40.702  5712  5712 D AndroidRuntime: CheckJNI is OFF
08-06 11:58:40.736  5712  5712 D ICU     : No timezone override file found: /data/misc/zoneinfo/current/icu/icu_tzdata.dat
08-06 11:58:40.770  5712  5712 I Radio-JNI: register_android_hardware_Radio DONE
08-06 11:58:40.792  5712  5712 D AndroidRuntime: Calling main entry com.android.commands.input.Input
08-06 11:58:40.795  5712  5712 I Input   : injectKeyEvent: KeyEvent { action=ACTION_DOWN, keyCode=KEYCODE_BACK, scanCode=0, metaState=0, flags=0x0, repeatCount=0, eventTime=878337208, downTime=878337208, deviceId=-1, source=0x101 }
08-06 11:58:40.802  5712  5712 I Input   : injectKeyEvent: KeyEvent { action=ACTION_UP, keyCode=KEYCODE_BACK, scanCode=0, metaState=0, flags=0x0, repeatCount=0, eventTime=878337208, downTime=878337208, deviceId=-1, source=0x101 }
08-06 11:58:40.814  5712  5712 D AndroidRuntime: Shutting down VM
08-06 11:58:40.850 13866 13866 I GoogleInputMethodServic: GoogleInputMethodService.onFinishInput():3138 
08-06 11:58:40.851 13866 13866 I GoogleInputMethodServic: GoogleInputMethodService.onStartInput():1808 
08-06 11:58:40.920  4314  4326 I art     : Starting a blocking GC Explicit
08-06 11:58:40.956  4314  4326 I art     : Explicit concurrent mark sweep GC freed 1591(89KB) AllocSpace objects, 1(20KB) LOS objects, 36% free, 27MB/43MB, paused 224us total 35.105ms
08-06 11:58:40.969  4314  4326 I art     : Starting a blocking GC Explicit
08-06 11:58:41.008  4314  4326 I art     : Explicit concurrent mark sweep GC freed 24(864B) AllocSpace objects, 0(0B) LOS objects, 36% free, 27MB/43MB, paused 204us total 38.651ms
08-06 11:58:41.021  4314  5639 I RedditChangeDataIO: Writing tmp data file at '/data/user/0/baseline.org.quantumbadger.redreader/files/rr_change_data_tmp.dat'
08-06 11:58:41.021  4314  5639 I RedditChangeDataManager: Taking snapshot...
08-06 11:58:41.021  4314  5639 I RedditChangeDataManager: Writing to stream...
08-06 11:58:41.021  4314  5639 I RedditChangeDataManager: Wrote 3 entries for user ''
08-06 11:58:41.021  4314  5639 I RedditChangeDataManager: All entries written to stream.
08-06 11:58:41.022  4314  5639 I RedditChangeDataIO: Write successful. Atomically replacing data file...
08-06 11:58:41.022  4314  5639 I RedditChangeDataIO: Write complete.
08-06 11:58:41.022  4314  5639 I RedditChangeDataIO: 86 bytes written in 1 ms
08-06 11:58:41.023  4314  4326 I art     : Starting a blocking GC Explicit
08-06 11:58:41.073  4314  4326 I art     : Explicit concurrent mark sweep GC freed 81(4KB) AllocSpace objects, 1(68KB) LOS objects, 36% free, 27MB/43MB, paused 217us total 49.498ms
08-06 11:58:41.091  4314  4326 I art     : Starting a blocking GC Explicit
08-06 11:58:41.129   918  3261 D WifiStateMachine: starting scan for "H369AA63323"WPA_PSK with 2412,5180
08-06 11:58:41.141  4314  4326 I art     : Explicit concurrent mark sweep GC freed 6(192B) AllocSpace objects, 0(0B) LOS objects, 36% free, 27MB/43MB, paused 208us total 49.284ms
08-06 11:58:41.157   380   380 W SurfaceFlinger: couldn't log to binary event log: overflow.
08-06 11:58:41.157  4314  4326 I art     : Starting a blocking GC Explicit
08-06 11:58:41.196  4314  4326 I art     : Explicit concurrent mark sweep GC freed 49(1728B) AllocSpace objects, 0(0B) LOS objects, 36% free, 27MB/43MB, paused 243us total 38.876ms
08-06 11:58:41.349 24365  4184 I NetworkScheduler.Stats: Task com.google.android.gms/com.google.android.gms.icing.service.IcingGcmTaskService started execution. cause:4 exec_start_elapsed_seconds: 1861725 [CONTEXT service_id=218 ]
08-06 11:58:41.350 24365  4184 I NetworkScheduler.Stats: Task com.google.android.gms/com.google.android.gms.icing.service.IcingGcmTaskService finished executing. cause:4 result: 1 elapsed_millis: 35 uptime_millis: 35 exec_start_elapsed_seconds: 1861725 [CONTEXT service_id=218 ]
08-06 11:58:41.398 24365 14427 I NetworkScheduler.Stats: Task com.google.android.gms/com.google.android.gms.clearcut.uploader.QosUploaderService started execution. cause:5 exec_start_elapsed_seconds: 1861725 [CONTEXT service_id=218 ]
08-06 11:58:41.419 24365 24372 I art     : Background partial concurrent mark sweep GC freed 82449(4MB) AllocSpace objects, 0(0B) LOS objects, 27% free, 41MB/57MB, paused 969us total 114.923ms
08-06 11:58:41.457  4314  4327 I art     : Starting a blocking GC Explicit
08-06 11:58:41.493  4314  4327 I art     : Explicit concurrent mark sweep GC freed 1461(86KB) AllocSpace objects, 1(20KB) LOS objects, 36% free, 27MB/43MB, paused 217us total 35.894ms
08-06 11:58:41.507  4314  4327 I art     : Starting a blocking GC Explicit
08-06 11:58:41.536  4314  4327 I art     : Explicit concurrent mark sweep GC freed 46670(2MB) AllocSpace objects, 5(140KB) LOS objects, 39% free, 24MB/40MB, paused 216us total 29.342ms
08-06 11:58:41.549  4314  4327 I art     : Starting a blocking GC Explicit
08-06 11:58:41.575  4314  4327 I art     : Explicit concurrent mark sweep GC freed 3(96B) AllocSpace objects, 0(0B) LOS objects, 39% free, 24MB/40MB, paused 220us total 25.512ms
08-06 11:58:41.587  4314  4327 I art     : Starting a blocking GC Explicit
08-06 11:58:41.612  4314  4327 I art     : Explicit concurrent mark sweep GC freed 3(96B) AllocSpace objects, 0(0B) LOS objects, 39% free, 24MB/40MB, paused 206us total 25.132ms
08-06 11:58:41.624  4314  4327 I art     : Starting a blocking GC Explicit
08-06 11:58:41.652  4314  4327 I art     : Explicit concurrent mark sweep GC freed 3(96B) AllocSpace objects, 0(0B) LOS objects, 39% free, 24MB/40MB, paused 221us total 27.464ms
08-06 11:58:41.819   918  3961 I AccountManagerService: getTypesVisibleToCaller: isPermitted? true
08-06 11:58:41.824   918  6112 I AccountManagerService: getTypesVisibleToCaller: isPermitted? true
08-06 11:58:41.830   918  5481 I AccountManagerService: getTypesVisibleToCaller: isPermitted? true
08-06 11:58:41.837   918  3670 I AccountManagerService: getTypesVisibleToCaller: isPermitted? true
08-06 11:58:41.843   918  5952 I AccountManagerService: getTypesVisibleToCaller: isPermitted? true
08-06 11:58:41.851   918  3359 I AccountManagerService: getTypesVisibleToCaller: isPermitted? true
08-06 11:58:41.857   918   928 I AccountManagerService: getTypesVisibleToCaller: isPermitted? true
08-06 11:58:41.862   918  3696 I AccountManagerService: getTypesVisibleToCaller: isPermitted? true
08-06 11:58:41.867   918  5132 I AccountManagerService: getTypesVisibleToCaller: isPermitted? true
08-06 11:58:41.871   918  6029 I AccountManagerService: getTypesVisibleToCaller: isPermitted? true
08-06 11:58:41.875   918  3961 I AccountManagerService: getTypesVisibleToCaller: isPermitted? true
08-06 11:58:41.879   918   929 I AccountManagerService: getTypesVisibleToCaller: isPermitted? true
08-06 11:58:41.885   918  4413 I AccountManagerService: getTypesVisibleToCaller: isPermitted? true
08-06 11:58:41.891   918  6110 I AccountManagerService: getTypesVisibleToCaller: isPermitted? true
08-06 11:58:41.895   918  3670 I AccountManagerService: getTypesVisibleToCaller: isPermitted? true
08-06 11:58:41.900   918  5481 I AccountManagerService: getTypesVisibleToCaller: isPermitted? true
08-06 11:58:41.906   918  3714 I AccountManagerService: getTypesVisibleToCaller: isPermitted? true
08-06 11:58:41.911   918  5952 I AccountManagerService: getTypesVisibleToCaller: isPermitted? true
08-06 11:58:41.916   918  3359 I AccountManagerService: getTypesVisibleToCaller: isPermitted? true
08-06 11:58:41.919  4314  4622 I art     : Starting a blocking GC Explicit
08-06 11:58:41.920   918  6111 I AccountManagerService: getTypesVisibleToCaller: isPermitted? true
08-06 11:58:41.925   918  6112 I AccountManagerService: getTypesVisibleToCaller: isPermitted? true
08-06 11:58:41.929   918  4400 I AccountManagerService: getTypesVisibleToCaller: isPermitted? true
08-06 11:58:41.933   918  6112 I AccountManagerService: getTypesVisibleToCaller: isPermitted? true
08-06 11:58:41.938   918  4400 I AccountManagerService: getTypesVisibleToCaller: isPermitted? true
08-06 11:58:41.942   918  3696 I AccountManagerService: getTypesVisibleToCaller: isPermitted? true
08-06 11:58:41.946  4314  4622 I art     : Explicit concurrent mark sweep GC freed 1346(80KB) AllocSpace objects, 1(20KB) LOS objects, 39% free, 24MB/40MB, paused 213us total 27.220ms
08-06 11:58:41.949   918  5132 I AccountManagerService: getTypesVisibleToCaller: isPermitted? true
08-06 11:58:41.955   918  6029 I AccountManagerService: getTypesVisibleToCaller: isPermitted? true
08-06 11:58:41.960  4314  4622 I art     : Starting a blocking GC Explicit
08-06 11:58:41.960   918  3961 I AccountManagerService: getTypesVisibleToCaller: isPermitted? true
08-06 11:58:41.987  4314  4622 I art     : Explicit concurrent mark sweep GC freed 20(704B) AllocSpace objects, 0(0B) LOS objects, 39% free, 24MB/40MB, paused 244us total 27.195ms
08-06 11:58:42.000  4314  4622 I art     : Starting a blocking GC Explicit
08-06 11:58:42.027  4314  4622 I art     : Explicit concurrent mark sweep GC freed 3(96B) AllocSpace objects, 0(0B) LOS objects, 39% free, 24MB/40MB, paused 245us total 26.901ms
08-06 11:58:42.039  4314  4622 I art     : Starting a blocking GC Explicit
08-06 11:58:42.068  4314  4622 I art     : Explicit concurrent mark sweep GC freed 3(96B) AllocSpace objects, 0(0B) LOS objects, 39% free, 24MB/40MB, paused 257us total 28.626ms
08-06 11:58:42.081  4314  4622 I art     : Starting a blocking GC Explicit
08-06 11:58:42.102 24365 31017 W Conscrypt: Could not set socket write timeout: java.net.SocketException: Socket closed
08-06 11:58:42.102 24365 31017 E art     : invalid stream - problem with parameter iterator in /data/app/com.google.android.gms-2/base.apk:classes3.dex for method void com.google.android.gms.org.conscrypt.ConscryptFileDescriptorSocket.setSoWriteTimeout(int)
08-06 11:58:42.102 24365 31017 W Conscrypt: 	at com.google.android.gms.org.conscrypt.Platform.setSocketWriteTimeout(:com.google.android.gms@202614019@20.26.14 (040400-320008519):2)
08-06 11:58:42.102 24365 31017 W Conscrypt: 	at com.google.android.gms.org.conscrypt.ConscryptFileDescriptorSocket.setSoWriteTimeout(:com.google.android.gms@202614019@20.26.14 (040400-320008519))
08-06 11:58:42.109  4314  4622 I art     : Explicit concurrent mark sweep GC freed 3(96B) AllocSpace objects, 0(0B) LOS objects, 39% free, 24MB/40MB, paused 244us total 27.517ms
08-06 11:58:42.133 24365 31017 W Conscrypt: Could not set socket write timeout: java.net.SocketException: Socket closed
08-06 11:58:42.134 24365 31017 E art     : invalid stream - problem with parameter iterator in /data/app/com.google.android.gms-2/base.apk:classes3.dex for method void com.google.android.gms.org.conscrypt.ConscryptFileDescriptorSocket.setSoWriteTimeout(int)
08-06 11:58:42.134 24365 31017 W Conscrypt: 	at com.google.android.gms.org.conscrypt.Platform.setSocketWriteTimeout(:com.google.android.gms@202614019@20.26.14 (040400-320008519):2)
08-06 11:58:42.134 24365 31017 W Conscrypt: 	at com.google.android.gms.org.conscrypt.ConscryptFileDescriptorSocket.setSoWriteTimeout(:com.google.android.gms@202614019@20.26.14 (040400-320008519))
08-06 11:58:42.159   918  5132 I AccountManagerService: getTypesVisibleToCaller: isPermitted? true
08-06 11:58:42.183 24365 31017 E CCTUploader: Clearcut transport failed to make network request. Use 205 milliseconds.
08-06 11:58:42.183 24365 31017 E CCTUploader: java.io.IOException: unexpected end of stream on Connection{play.googleapis.com:443, proxy=HTTP@192.168.2.12:8080 hostAddress=192.168.2.12 cipherSuite=TLS_AES_256_GCM_SHA384 protocol=http/1.1} (recycle count=0)
08-06 11:58:42.183 24365 31017 E CCTUploader: 	at com.android.okhttp.internal.http.HttpConnection.readResponse(HttpConnection.java:210)
08-06 11:58:42.183 24365 31017 E CCTUploader: 	at com.android.okhttp.internal.http.HttpTransport.readResponseHeaders(HttpTransport.java:80)
08-06 11:58:42.183 24365 31017 E CCTUploader: 	at com.android.okhttp.internal.http.HttpEngine.readNetworkResponse(HttpEngine.java:904)
08-06 11:58:42.183 24365 31017 E CCTUploader: 	at com.android.okhttp.internal.http.HttpEngine.readResponse(HttpEngine.java:788)
08-06 11:58:42.183 24365 31017 E CCTUploader: 	at com.android.okhttp.internal.huc.HttpURLConnectionImpl.execute(HttpURLConnectionImpl.java:439)
08-06 11:58:42.183 24365 31017 E CCTUploader: 	at com.android.okhttp.internal.huc.HttpURLConnectionImpl.getResponse(HttpURLConnectionImpl.java:384)
08-06 11:58:42.183 24365 31017 E CCTUploader: 	at com.android.okhttp.internal.huc.HttpURLConnectionImpl.getResponseCode(HttpURLConnectionImpl.java:497)
08-06 11:58:42.183 24365 31017 E CCTUploader: 	at com.android.okhttp.internal.huc.DelegatingHttpsURLConnection.getResponseCode(DelegatingHttpsURLConnection.java:105)
08-06 11:58:42.183 24365 31017 E CCTUploader: 	at com.android.okhttp.internal.huc.HttpsURLConnectionImpl.getResponseCode(HttpsURLConnectionImpl.java)
08-06 11:58:42.183 24365 31017 E CCTUploader: 	at aboy.a(:com.google.android.gms@202614019@20.26.14 (040400-320008519):29)
08-06 11:58:42.183 24365 31017 E CCTUploader: 	at aboy.execute(:com.google.android.gms@202614019@20.26.14 (040400-320008519):8)
08-06 11:58:42.183 24365 31017 E CCTUploader: 	at aboy.execute(:com.google.android.gms@202614019@20.26.14 (040400-320008519):7)
08-06 11:58:42.183 24365 31017 E CCTUploader: 	at rbc.a(:com.google.android.gms@202614019@20.26.14 (040400-320008519):7)
08-06 11:58:42.183 24365 31017 E CCTUploader: 	at rbc.a(:com.google.android.gms@202614019@20.26.14 (040400-320008519):30)
08-06 11:58:42.183 24365 31017 E CCTUploader: 	at com.google.android.gms.clearcut.uploader.QosUploaderChimeraService.a(:com.google.android.gms@202614019@20.26.14 (040400-320008519):110)
08-06 11:58:42.183 24365 31017 E CCTUploader: 	at com.google.android.gms.clearcut.uploader.QosUploaderChimeraService.a(:com.google.android.gms@202614019@20.26.14 (040400-320008519):2)
08-06 11:58:42.183 24365 31017 E CCTUploader: 	at aegr.call(Unknown Source)
08-06 11:58:42.183 24365 31017 E CCTUploader: 	at java.util.concurrent.FutureTask.run(FutureTask.java:237)
08-06 11:58:42.183 24365 31017 E CCTUploader: 	at skp.b(:com.google.android.gms@202614019@20.26.14 (040400-320008519):12)
08-06 11:58:42.183 24365 31017 E CCTUploader: 	at skp.run(:com.google.android.gms@202614019@20.26.14 (040400-320008519):7)
08-06 11:58:42.183 24365 31017 E CCTUploader: 	at java.util.concurrent.ThreadPoolExecutor.runWorker(ThreadPoolExecutor.java:1113)
08-06 11:58:42.183 24365 31017 E CCTUploader: 	at java.util.concurrent.ThreadPoolExecutor$Worker.run(ThreadPoolExecutor.java:588)
08-06 11:58:42.183 24365 31017 E CCTUploader: 	at sql.run(:com.google.android.gms@202614019@20.26.14 (040400-320008519):0)
08-06 11:58:42.183 24365 31017 E CCTUploader: 	at java.lang.Thread.run(Thread.java:818)
08-06 11:58:42.183 24365 31017 E CCTUploader: Caused by: java.io.EOFException: \n not found: size=0 content=...
08-06 11:58:42.183 24365 31017 E CCTUploader: 	at com.android.okhttp.okio.RealBufferedSource.readUtf8LineStrict(RealBufferedSource.java:200)
08-06 11:58:42.183 24365 31017 E CCTUploader: 	at com.android.okhttp.internal.http.HttpConnection.readResponse(HttpConnection.java:191)
08-06 11:58:42.183 24365 31017 E CCTUploader: 	... 23 more
08-06 11:58:42.358  4314  4380 I art     : Starting a blocking GC Explicit
08-06 11:58:42.385  4314  4380 I art     : Explicit concurrent mark sweep GC freed 1346(80KB) AllocSpace objects, 1(20KB) LOS objects, 39% free, 24MB/40MB, paused 222us total 26.547ms
08-06 11:58:42.397  4314  4380 I art     : Starting a blocking GC Explicit
08-06 11:58:42.423  4314  4380 I art     : Explicit concurrent mark sweep GC freed 20(704B) AllocSpace objects, 0(0B) LOS objects, 39% free, 24MB/40MB, paused 235us total 25.669ms
08-06 11:58:42.430  5765  5765 D AndroidRuntime: >>>>>> START com.android.internal.os.RuntimeInit uid 2000 <<<<<<
08-06 11:58:42.434  5765  5765 D AndroidRuntime: CheckJNI is OFF
08-06 11:58:42.435  4314  4380 I art     : Starting a blocking GC Explicit
08-06 11:58:42.461  4314  4380 I art     : Explicit concurrent mark sweep GC freed 3(96B) AllocSpace objects, 0(0B) LOS objects, 39% free, 24MB/40MB, paused 223us total 25.405ms
08-06 11:58:42.465  5765  5765 D ICU     : No timezone override file found: /data/misc/zoneinfo/current/icu/icu_tzdata.dat
08-06 11:58:42.473  4314  4380 I art     : Starting a blocking GC Explicit
08-06 11:58:42.496  5765  5765 I Radio-JNI: register_android_hardware_Radio DONE
08-06 11:58:42.498  4314  4380 I art     : Explicit concurrent mark sweep GC freed 3(96B) AllocSpace objects, 0(0B) LOS objects, 39% free, 24MB/40MB, paused 222us total 25.364ms
08-06 11:58:42.510  4314  4380 I art     : Starting a blocking GC Explicit
08-06 11:58:42.517  5765  5765 D AndroidRuntime: Calling main entry com.android.commands.input.Input
08-06 11:58:42.518  5765  5765 I Input   : injectKeyEvent: KeyEvent { action=ACTION_DOWN, keyCode=KEYCODE_BACK, scanCode=0, metaState=0, flags=0x0, repeatCount=0, eventTime=878338931, downTime=878338931, deviceId=-1, source=0x101 }
08-06 11:58:42.522  5765  5765 I Input   : injectKeyEvent: KeyEvent { action=ACTION_UP, keyCode=KEYCODE_BACK, scanCode=0, metaState=0, flags=0x0, repeatCount=0, eventTime=878338931, downTime=878338931, deviceId=-1, source=0x101 }
08-06 11:58:42.528  5765  5765 D AndroidRuntime: Shutting down VM
08-06 11:58:42.535  4314  4380 I art     : Explicit concurrent mark sweep GC freed 106(3KB) AllocSpace objects, 0(0B) LOS objects, 39% free, 24MB/40MB, paused 225us total 24.926ms
08-06 11:58:42.567 13866 13866 I GoogleInputMethodServic: GoogleInputMethodService.onFinishInput():3138 
08-06 11:58:42.568 13866 13866 I GoogleInputMethodServic: GoogleInputMethodService.onStartInput():1808 
08-06 11:58:42.623 24365 14427 I NetworkScheduler.Stats: Task com.google.android.gms/com.google.android.gms.clearcut.uploader.QosUploaderService finished executing. cause:5 result: 2 elapsed_millis: 1247 uptime_millis: 1248 exec_start_elapsed_seconds: 1861725 [CONTEXT service_id=218 ]
08-06 11:58:42.766  4314  4622 I art     : Starting a blocking GC Explicit
08-06 11:58:42.795  4314  4622 I art     : Explicit concurrent mark sweep GC freed 1422(83KB) AllocSpace objects, 1(20KB) LOS objects, 39% free, 24MB/40MB, paused 209us total 28.161ms
08-06 11:58:42.811  4314  4622 I art     : Starting a blocking GC Explicit
08-06 11:58:42.847  4314  4622 I art     : Explicit concurrent mark sweep GC freed 24(864B) AllocSpace objects, 0(0B) LOS objects, 39% free, 24MB/40MB, paused 326us total 35.645ms
08-06 11:58:42.860  4314  4622 I art     : Starting a blocking GC Explicit
08-06 11:58:42.889  4314  4622 I art     : Explicit concurrent mark sweep GC freed 61(2096B) AllocSpace objects, 0(0B) LOS objects, 39% free, 24MB/40MB, paused 260us total 27.789ms
08-06 11:58:42.901  4314  4622 I art     : Starting a blocking GC Explicit
08-06 11:58:42.929  4314  4622 I art     : Explicit concurrent mark sweep GC freed 116(6KB) AllocSpace objects, 0(0B) LOS objects, 39% free, 24MB/40MB, paused 242us total 27.735ms
08-06 11:58:42.933  3017  3017 I Atfwd_Sendcmd: AtCmdFwd service not ready - Exhausted retry attempts - :6
08-06 11:58:42.933  3017  3017 I Atfwd_Daemon: result : -1 	 ,Init step :2 	 ,qmiErrorCode: 0
08-06 11:58:42.941  4314  4622 I art     : Starting a blocking GC Explicit
08-06 11:58:42.970  4314  4622 I art     : Explicit concurrent mark sweep GC freed 23(864B) AllocSpace objects, 0(0B) LOS objects, 39% free, 24MB/40MB, paused 246us total 28.320ms
08-06 11:58:43.261  4314  4327 I art     : Starting a blocking GC Explicit
08-06 11:58:43.297  4314  4327 I art     : Explicit concurrent mark sweep GC freed 1346(80KB) AllocSpace objects, 1(20KB) LOS objects, 39% free, 24MB/40MB, paused 296us total 36.501ms
08-06 11:58:43.313  4314  4327 I art     : Starting a blocking GC Explicit
08-06 11:58:43.345  4314  4327 I art     : Explicit concurrent mark sweep GC freed 20(704B) AllocSpace objects, 0(0B) LOS objects, 39% free, 24MB/40MB, paused 268us total 31.310ms
08-06 11:58:43.358  4314  4327 I art     : Starting a blocking GC Explicit
08-06 11:58:43.390  4314  4327 I art     : Explicit concurrent mark sweep GC freed 3(96B) AllocSpace objects, 0(0B) LOS objects, 39% free, 24MB/40MB, paused 268us total 31.586ms
08-06 11:58:43.403  4314  4327 I art     : Starting a blocking GC Explicit
08-06 11:58:43.434  4314  4327 I art     : Explicit concurrent mark sweep GC freed 3(96B) AllocSpace objects, 0(0B) LOS objects, 39% free, 24MB/40MB, paused 257us total 30.645ms
08-06 11:58:43.447  4314  4327 I art     : Starting a blocking GC Explicit
08-06 11:58:43.479  4314  4327 I art     : Explicit concurrent mark sweep GC freed 3(96B) AllocSpace objects, 0(0B) LOS objects, 39% free, 24MB/40MB, paused 290us total 31.610ms
08-06 11:58:43.762  4314  4326 I art     : Starting a blocking GC Explicit
08-06 11:58:43.799  4314  4326 I art     : Explicit concurrent mark sweep GC freed 1346(80KB) AllocSpace objects, 1(20KB) LOS objects, 39% free, 24MB/40MB, paused 255us total 36.775ms
08-06 11:58:43.812  4314  4326 I art     : Starting a blocking GC Explicit
08-06 11:58:43.842  4314  4326 I art     : Explicit concurrent mark sweep GC freed 20(704B) AllocSpace objects, 0(0B) LOS objects, 39% free, 24MB/40MB, paused 256us total 29.487ms
08-06 11:58:43.854  4314  4326 I art     : Starting a blocking GC Explicit
08-06 11:58:43.884  4314  4326 I art     : Explicit concurrent mark sweep GC freed 3(96B) AllocSpace objects, 0(0B) LOS objects, 39% free, 24MB/40MB, paused 256us total 28.955ms
08-06 11:58:43.897  4314  4326 I art     : Starting a blocking GC Explicit
08-06 11:58:43.926  4314  4326 I art     : Explicit concurrent mark sweep GC freed 3(96B) AllocSpace objects, 0(0B) LOS objects, 39% free, 24MB/40MB, paused 251us total 29.538ms
08-06 11:58:43.939  4314  4326 I art     : Starting a blocking GC Explicit
08-06 11:58:43.972  4314  4326 I art     : Explicit concurrent mark sweep GC freed 3(96B) AllocSpace objects, 0(0B) LOS objects, 39% free, 24MB/40MB, paused 279us total 32.957ms
08-06 11:58:44.184  5822  5822 D AndroidRuntime: >>>>>> START com.android.internal.os.RuntimeInit uid 2000 <<<<<<
08-06 11:58:44.189  5822  5822 D AndroidRuntime: CheckJNI is OFF
08-06 11:58:44.222  5822  5822 D ICU     : No timezone override file found: /data/misc/zoneinfo/current/icu/icu_tzdata.dat
08-06 11:58:44.238  4314  4380 I art     : Starting a blocking GC Explicit
08-06 11:58:44.255  5822  5822 I Radio-JNI: register_android_hardware_Radio DONE
08-06 11:58:44.269  4314  4380 I art     : Explicit concurrent mark sweep GC freed 1346(80KB) AllocSpace objects, 1(20KB) LOS objects, 39% free, 24MB/40MB, paused 265us total 30.709ms
08-06 11:58:44.279  5822  5822 D AndroidRuntime: Calling main entry com.android.commands.input.Input
08-06 11:58:44.280  5822  5822 I Input   : injectMotionEvent: MotionEvent { action=ACTION_DOWN, actionButton=0, id[0]=0, x[0]=600.0, y[0]=1536.0, toolType[0]=TOOL_TYPE_UNKNOWN, buttonState=0, metaState=0, flags=0x0, edgeFlags=0x0, pointerCount=1, historySize=0, eventTime=878340693, downTime=878340693, deviceId=0, source=0x1002 }
08-06 11:58:44.283  4314  4380 I art     : Starting a blocking GC Explicit
08-06 11:58:44.285  5822  5822 I Input   : injectMotionEvent: MotionEvent { action=ACTION_UP, actionButton=0, id[0]=0, x[0]=600.0, y[0]=1536.0, toolType[0]=TOOL_TYPE_UNKNOWN, buttonState=0, metaState=0, flags=0x0, edgeFlags=0x0, pointerCount=1, historySize=0, eventTime=878340693, downTime=878340693, deviceId=0, source=0x1002 }
08-06 11:58:44.286  5822  5822 D AndroidRuntime: Shutting down VM
08-06 11:58:44.297   918  3714 I ActivityManager: START u0 {dat=https://oauth.reddit.com/... cmp=baseline.org.quantumbadger.redreader/.activities.PostListingActivity} from uid 10705 on display 0
08-06 11:58:44.297   512  2967 D audio_hw_primary: out_set_parameters: enter: usecase(1: low-latency-playback) kvpairs: routing=2
08-06 11:58:44.310   512  2967 D audio_hw_primary: select_devices: out_snd_device(2: speaker) in_snd_device(0: none)
08-06 11:58:44.310   512  2967 D msm8974_platform: platform_send_audio_calibration: sending audio calibration for snd_device(2) acdb_id(15)
08-06 11:58:44.310   512  2967 I soundtrigger: audio_extn_sound_trigger_update_device_status: device 0x2 of type 0 for Event 1
08-06 11:58:44.313  4314  4380 I art     : Explicit concurrent mark sweep GC freed 100(3KB) AllocSpace objects, 0(0B) LOS objects, 39% free, 24MB/40MB, paused 543us total 29.555ms
08-06 11:58:44.318  4314  4314 I AppCompatViewInflater: app:theme is now deprecated. Please move to using android:theme instead.
08-06 11:58:44.319   512  2967 D audio_hw_primary: enable_snd_device: snd_device(2: speaker)
08-06 11:58:44.321   512  2967 D audio_hw_primary: enable_audio_route: apply and update mixer path: low-latency-playback speaker
08-06 11:58:44.326  4314  4380 I art     : Starting a blocking GC Explicit
08-06 11:58:44.340  4314  5846 D OK      : calling: https://oauth.reddit.com/r/askscience/about.json
08-06 11:58:44.355  4314  4380 I art     : Explicit concurrent mark sweep GC freed 834(69KB) AllocSpace objects, 0(0B) LOS objects, 39% free, 24MB/40MB, paused 357us total 28.794ms
08-06 11:58:44.367  4314  4380 I art     : Starting a blocking GC Explicit
08-06 11:58:44.397  4314  4380 I art     : Explicit concurrent mark sweep GC freed 917(43KB) AllocSpace objects, 0(0B) LOS objects, 39% free, 25MB/41MB, paused 518us total 29.115ms
08-06 11:58:44.405   918   936 I ActivityManager: Displayed baseline.org.quantumbadger.redreader/.activities.PostListingActivity: +100ms
08-06 11:58:44.406 13866 13866 I GoogleInputMethodServic: GoogleInputMethodService.onFinishInput():3138 
08-06 11:58:44.407 13866 13866 I GoogleInputMethodServic: GoogleInputMethodService.onStartInput():1808 
08-06 11:58:44.410  4314  4380 I art     : Starting a blocking GC Explicit
08-06 11:58:44.441  4314  4380 I art     : Explicit concurrent mark sweep GC freed 179(9KB) AllocSpace objects, 0(0B) LOS objects, 39% free, 25MB/41MB, paused 311us total 30.754ms
08-06 11:58:44.671   380   380 W SurfaceFlinger: couldn't log to binary event log: overflow.
08-06 11:58:44.700  4314  5846 I NAPPA_EXPERIMENTATION: MetricNetworkRequestExecutionTime: REQUEST_DURATION_SYSTEM='360',REQUEST_DURATION_OKHTTP='149',REQUEST_SYNCHRONOUS='TRUE',RESPONSE_CODE='200',RESPONSE_METHOD='GET',RESPONSE_LENGTH_OKHTTP='-1',RESPONSE_LENGTH_HEADER='4700',REQUEST_PROTOCOL='h2',REQUEST_URL='https://oauth.reddit.com/r/askscience/about.json',
08-06 11:58:44.701  4314  5846 D OK      : request got status: 200
08-06 11:58:44.702  4314  4327 I art     : Starting a blocking GC Explicit
08-06 11:58:44.730  4314  4327 I art     : Explicit concurrent mark sweep GC freed 4396(306KB) AllocSpace objects, 3(108KB) LOS objects, 38% free, 25MB/41MB, paused 456us total 27.919ms
08-06 11:58:44.742  4314  4327 I art     : Starting a blocking GC Explicit
08-06 11:58:44.747  5179  5194 D QcrilMsgTunnelSocket: readRilMessage: Buffer = [B@671e81d HexData = [010000000404000011000000514f454d484f4f4bef0308000100000003]
08-06 11:58:44.747  5179  5194 D QcrilMsgTunnelSocket: Rcvd UNSOL response with 28 bytes data for SUB0
08-06 11:58:44.747  5179  5194 D QcrilMsgTunnelSocket: Response ID 525295 is not served in this process.
08-06 11:58:44.747  5179  5194 D QcrilMsgTunnelSocket: To broadcast an Intent via the notifier to external apps
08-06 11:58:44.747  5179  5179 D QcrilMsgTunnelIfaceManager: handleMessage what = 0
08-06 11:58:44.747  5179  5179 D QcrilMsgTunnelIfaceManager: Broadcasting intent ACTION_UNSOL_RESPONSE_OEM_HOOK_RAW
08-06 11:58:44.749  5164  5164 D QC_RIL_OEM_HOOK: Received Broadcast Intent ACTION_UNSOL_RESPONSE_OEM_HOOK_RAW
08-06 11:58:44.749  5164  5164 D QC_RIL_OEM_HOOK: Oem ID in QCRILHOOK UNSOL RESP is QOEMHOOK
08-06 11:58:44.772  4314  4327 I art     : Explicit concurrent mark sweep GC freed 792(53KB) AllocSpace objects, 1(68KB) LOS objects, 38% free, 25MB/41MB, paused 264us total 29.048ms
08-06 11:58:44.784  4314  4327 I art     : Starting a blocking GC Explicit
08-06 11:58:44.812  4314  4327 I art     : Explicit concurrent mark sweep GC freed 199(9KB) AllocSpace objects, 0(0B) LOS objects, 38% free, 25MB/41MB, paused 295us total 27.561ms
08-06 11:58:44.826  4314  4327 I art     : Starting a blocking GC Explicit
08-06 11:58:44.854  4314  4327 I art     : Explicit concurrent mark sweep GC freed 10(368B) AllocSpace objects, 0(0B) LOS objects, 38% free, 25MB/41MB, paused 245us total 27.781ms
08-06 11:58:44.859   512  2967 D audio_hw_primary: disable_audio_route: reset and update mixer path: low-latency-playback speaker
08-06 11:58:44.860   512  2967 D audio_hw_primary: disable_snd_device: snd_device(2: speaker)
08-06 11:58:44.867  4314  4327 I art     : Starting a blocking GC Explicit
08-06 11:58:44.868   512  2967 I soundtrigger: audio_extn_sound_trigger_update_device_status: device 0x2 of type 0 for Event 0
08-06 11:58:44.896  4314  4327 I art     : Explicit concurrent mark sweep GC freed 3(96B) AllocSpace objects, 0(0B) LOS objects, 38% free, 25MB/41MB, paused 325us total 28.430ms
08-06 11:58:45.175  4314  4327 I art     : Starting a blocking GC Explicit
08-06 11:58:45.209  4314  4327 I art     : Explicit concurrent mark sweep GC freed 1405(82KB) AllocSpace objects, 1(20KB) LOS objects, 38% free, 25MB/41MB, paused 286us total 33.957ms
08-06 11:58:45.223  4314  4327 I art     : Starting a blocking GC Explicit
08-06 11:58:45.245   518   646 I ThermalEngine: ACTION: GPU - Setting GPU[0] to 450000000
08-06 11:58:45.258  4314  4327 I art     : Explicit concurrent mark sweep GC freed 20(704B) AllocSpace objects, 0(0B) LOS objects, 38% free, 25MB/41MB, paused 382us total 35.167ms
08-06 11:58:45.275  4314  4327 I art     : Starting a blocking GC Explicit
08-06 11:58:45.312  4314  4327 I art     : Explicit concurrent mark sweep GC freed 3(96B) AllocSpace objects, 0(0B) LOS objects, 38% free, 25MB/41MB, paused 458us total 37.261ms
08-06 11:58:45.329  4314  4327 I art     : Starting a blocking GC Explicit
08-06 11:58:45.367  4314  4327 I art     : Explicit concurrent mark sweep GC freed 3(96B) AllocSpace objects, 0(0B) LOS objects, 38% free, 25MB/41MB, paused 424us total 37.909ms
08-06 11:58:45.384  4314  4327 I art     : Starting a blocking GC Explicit
08-06 11:58:45.421  4314  4327 I art     : Explicit concurrent mark sweep GC freed 3(96B) AllocSpace objects, 0(0B) LOS objects, 38% free, 25MB/41MB, paused 370us total 37.007ms
08-06 11:58:45.539  4314  5877 D OK      : calling: https://oauth.reddit.com/r/askscience/hot/.json
08-06 11:58:45.717  4314  5877 I NAPPA_EXPERIMENTATION: MetricNetworkRequestExecutionTime: REQUEST_DURATION_SYSTEM='178',REQUEST_DURATION_OKHTTP='175',REQUEST_SYNCHRONOUS='TRUE',RESPONSE_CODE='200',RESPONSE_METHOD='GET',RESPONSE_LENGTH_OKHTTP='-1',RESPONSE_LENGTH_HEADER='21282',REQUEST_PROTOCOL='h2',REQUEST_URL='https://oauth.reddit.com/r/askscience/hot/.json',
08-06 11:58:45.717  4314  5877 D OK      : request got status: 200
08-06 11:58:45.720  4314  4622 I art     : Starting a blocking GC Explicit
08-06 11:58:45.735  4314  4904 I PostListingFragment: Precaching images: OFF
08-06 11:58:45.735  4314  4904 I PostListingFragment: Precaching comments: OFF
08-06 11:58:45.761  4314  4622 I art     : Explicit concurrent mark sweep GC freed 2237(211KB) AllocSpace objects, 1(20KB) LOS objects, 38% free, 25MB/41MB, paused 558us total 40.922ms
08-06 11:58:45.778  4314  4622 I art     : Starting a blocking GC Explicit
08-06 11:58:45.819  4314  4622 I art     : Explicit concurrent mark sweep GC freed 3511(180KB) AllocSpace objects, 1(68KB) LOS objects, 38% free, 25MB/41MB, paused 543us total 40.463ms
08-06 11:58:45.836  4314  4622 I art     : Starting a blocking GC Explicit
08-06 11:58:45.875  4314  4622 I art     : Explicit concurrent mark sweep GC freed 3577(183KB) AllocSpace objects, 1(68KB) LOS objects, 38% free, 25MB/41MB, paused 486us total 39.291ms
08-06 11:58:45.892  4314  4622 I art     : Starting a blocking GC Explicit
08-06 11:58:45.934  4314  4622 I art     : Explicit concurrent mark sweep GC freed 3054(114KB) AllocSpace objects, 0(0B) LOS objects, 38% free, 25MB/41MB, paused 469us total 41.314ms
08-06 11:58:45.951  4314  4622 I art     : Starting a blocking GC Explicit
08-06 11:58:45.996  4314  4622 I art     : Explicit concurrent mark sweep GC freed 2975(111KB) AllocSpace objects, 0(0B) LOS objects, 38% free, 25MB/41MB, paused 523us total 44.538ms
08-06 11:58:46.319  4314  4327 I art     : Starting a blocking GC Explicit
08-06 11:58:46.373  4314  4327 I art     : Explicit concurrent mark sweep GC freed 20845(925KB) AllocSpace objects, 1(20KB) LOS objects, 38% free, 25MB/41MB, paused 400us total 54.163ms
08-06 11:58:46.391  4314  4327 I art     : Starting a blocking GC Explicit
08-06 11:58:46.429  4314  4327 I art     : Explicit concurrent mark sweep GC freed 919(40KB) AllocSpace objects, 0(0B) LOS objects, 38% free, 25MB/41MB, paused 331us total 38.060ms
08-06 11:58:46.451  4314  4327 I art     : Starting a blocking GC Explicit
08-06 11:58:46.490  4314  4327 I art     : Explicit concurrent mark sweep GC freed 32(1344B) AllocSpace objects, 0(0B) LOS objects, 38% free, 25MB/41MB, paused 349us total 39.363ms
08-06 11:58:46.507  4314  4327 I art     : Starting a blocking GC Explicit
08-06 11:58:46.547  4314  4327 I art     : Explicit concurrent mark sweep GC freed 3(96B) AllocSpace objects, 0(0B) LOS objects, 38% free, 25MB/41MB, paused 543us total 39.661ms
08-06 11:58:46.565  4314  4327 I art     : Starting a blocking GC Explicit
08-06 11:58:46.607  4314  4327 I art     : Explicit concurrent mark sweep GC freed 171(7KB) AllocSpace objects, 0(0B) LOS objects, 38% free, 25MB/41MB, paused 374us total 41.220ms
08-06 11:58:46.939  4314  4380 I art     : Starting a blocking GC Explicit
08-06 11:58:46.996  4314  4380 I art     : Explicit concurrent mark sweep GC freed 1350(80KB) AllocSpace objects, 1(20KB) LOS objects, 38% free, 25MB/41MB, paused 422us total 56.230ms
08-06 11:58:47.016  4314  4380 I art     : Starting a blocking GC Explicit
08-06 11:58:47.061  4314  4380 I art     : Explicit concurrent mark sweep GC freed 20(704B) AllocSpace objects, 0(0B) LOS objects, 38% free, 25MB/41MB, paused 372us total 44.660ms
08-06 11:58:47.079  4314  4380 I art     : Starting a blocking GC Explicit
08-06 11:58:47.124  4314  4380 I art     : Explicit concurrent mark sweep GC freed 3(96B) AllocSpace objects, 0(0B) LOS objects, 38% free, 25MB/41MB, paused 381us total 44.492ms
08-06 11:58:47.141  4314  4380 I art     : Starting a blocking GC Explicit
08-06 11:58:47.187  4314  4380 I art     : Explicit concurrent mark sweep GC freed 3(96B) AllocSpace objects, 0(0B) LOS objects, 38% free, 25MB/41MB, paused 340us total 45.062ms
08-06 11:58:47.205  4314  4380 I art     : Starting a blocking GC Explicit
08-06 11:58:47.251  4314  4380 I art     : Explicit concurrent mark sweep GC freed 3(96B) AllocSpace objects, 0(0B) LOS objects, 38% free, 25MB/41MB, paused 362us total 46.173ms
08-06 11:58:47.586  4314  4326 I art     : Starting a blocking GC Explicit
08-06 11:58:47.644  4314  4326 I art     : Explicit concurrent mark sweep GC freed 1347(80KB) AllocSpace objects, 1(20KB) LOS objects, 38% free, 25MB/41MB, paused 380us total 58.005ms
08-06 11:58:47.665  4314  4326 I art     : Starting a blocking GC Explicit
08-06 11:58:47.709  4314  4326 I art     : Explicit concurrent mark sweep GC freed 20(704B) AllocSpace objects, 0(0B) LOS objects, 38% free, 25MB/41MB, paused 377us total 43.337ms
08-06 11:58:47.727  4314  4326 I art     : Starting a blocking GC Explicit
08-06 11:58:47.772  4314  4326 I art     : Explicit concurrent mark sweep GC freed 3(96B) AllocSpace objects, 0(0B) LOS objects, 38% free, 25MB/41MB, paused 360us total 44.810ms
08-06 11:58:47.790  4314  4326 I art     : Starting a blocking GC Explicit
08-06 11:58:47.835  4314  4326 I art     : Explicit concurrent mark sweep GC freed 3(96B) AllocSpace objects, 0(0B) LOS objects, 38% free, 25MB/41MB, paused 381us total 44.562ms
08-06 11:58:47.853  4314  4326 I art     : Starting a blocking GC Explicit
08-06 11:58:47.898  4314  4326 I art     : Explicit concurrent mark sweep GC freed 3(96B) AllocSpace objects, 0(0B) LOS objects, 38% free, 25MB/41MB, paused 379us total 44.546ms
08-06 11:58:48.233  4314  4622 I art     : Starting a blocking GC Explicit
08-06 11:58:48.292  4314  4622 I art     : Explicit concurrent mark sweep GC freed 1347(80KB) AllocSpace objects, 1(20KB) LOS objects, 38% free, 25MB/41MB, paused 420us total 58.344ms
08-06 11:58:48.313  4314  4622 I art     : Starting a blocking GC Explicit
08-06 11:58:48.358  4314  4622 I art     : Explicit concurrent mark sweep GC freed 20(704B) AllocSpace objects, 0(0B) LOS objects, 38% free, 25MB/41MB, paused 442us total 44.366ms
08-06 11:58:48.378  4314  4622 I art     : Starting a blocking GC Explicit
08-06 11:58:48.422  4314  4622 I art     : Explicit concurrent mark sweep GC freed 3(96B) AllocSpace objects, 0(0B) LOS objects, 38% free, 25MB/41MB, paused 368us total 43.295ms
08-06 11:58:48.440  4314  4622 I art     : Starting a blocking GC Explicit
08-06 11:58:48.486  4314  4622 I art     : Explicit concurrent mark sweep GC freed 3(96B) AllocSpace objects, 0(0B) LOS objects, 38% free, 25MB/41MB, paused 386us total 45.745ms
08-06 11:58:48.507  4314  4622 I art     : Starting a blocking GC Explicit
08-06 11:58:48.550  4314  4622 I art     : Explicit concurrent mark sweep GC freed 3(96B) AllocSpace objects, 0(0B) LOS objects, 38% free, 25MB/41MB, paused 364us total 43.110ms
08-06 11:58:48.893  4314  4327 I art     : Starting a blocking GC Explicit
08-06 11:58:48.952  4314  4327 I art     : Explicit concurrent mark sweep GC freed 1346(80KB) AllocSpace objects, 1(20KB) LOS objects, 38% free, 25MB/41MB, paused 430us total 58.419ms
08-06 11:58:48.973  4314  4327 I art     : Starting a blocking GC Explicit
08-06 11:58:49.017  4314  4327 I art     : Explicit concurrent mark sweep GC freed 20(704B) AllocSpace objects, 0(0B) LOS objects, 38% free, 25MB/41MB, paused 361us total 43.716ms
08-06 11:58:49.040  4314  4327 I art     : Starting a blocking GC Explicit
08-06 11:58:49.083  4314  4327 I art     : Explicit concurrent mark sweep GC freed 3(96B) AllocSpace objects, 0(0B) LOS objects, 38% free, 25MB/41MB, paused 355us total 42.804ms
08-06 11:58:49.101  4314  4327 I art     : Starting a blocking GC Explicit
08-06 11:58:49.146  4314  4327 I art     : Explicit concurrent mark sweep GC freed 3(96B) AllocSpace objects, 0(0B) LOS objects, 38% free, 25MB/41MB, paused 387us total 44.760ms
08-06 11:58:49.164  4314  4327 I art     : Starting a blocking GC Explicit
08-06 11:58:49.207  4314  4327 I art     : Explicit concurrent mark sweep GC freed 3(96B) AllocSpace objects, 0(0B) LOS objects, 38% free, 25MB/41MB, paused 415us total 42.953ms
08-06 11:58:49.252   518   646 I ThermalEngine: ACTION: GPU - Setting GPU[0] to 510000000
08-06 11:58:49.529  4314  4380 I art     : Starting a blocking GC Explicit
08-06 11:58:49.564  4314  4380 I art     : Explicit concurrent mark sweep GC freed 1350(80KB) AllocSpace objects, 1(20KB) LOS objects, 38% free, 25MB/41MB, paused 287us total 33.768ms
08-06 11:58:49.578  4314  4380 I art     : Starting a blocking GC Explicit
08-06 11:58:49.609  4314  4380 I art     : Explicit concurrent mark sweep GC freed 20(704B) AllocSpace objects, 0(0B) LOS objects, 38% free, 25MB/41MB, paused 266us total 31.256ms
08-06 11:58:49.622  4314  4380 I art     : Starting a blocking GC Explicit
08-06 11:58:49.654  4314  4380 I art     : Explicit concurrent mark sweep GC freed 3(96B) AllocSpace objects, 0(0B) LOS objects, 38% free, 25MB/41MB, paused 275us total 31.370ms
08-06 11:58:49.667  4314  4380 I art     : Starting a blocking GC Explicit
08-06 11:58:49.699  4314  4380 I art     : Explicit concurrent mark sweep GC freed 3(96B) AllocSpace objects, 0(0B) LOS objects, 38% free, 25MB/41MB, paused 272us total 31.849ms
08-06 11:58:49.712  4314  4380 I art     : Starting a blocking GC Explicit
08-06 11:58:49.744  4314  4380 I art     : Explicit concurrent mark sweep GC freed 3(96B) AllocSpace objects, 0(0B) LOS objects, 38% free, 25MB/41MB, paused 284us total 32.163ms
08-06 11:58:49.935  5950  5950 D AndroidRuntime: >>>>>> START com.android.internal.os.RuntimeInit uid 2000 <<<<<<
08-06 11:58:49.940  5950  5950 D AndroidRuntime: CheckJNI is OFF
08-06 11:58:49.972  5950  5950 D ICU     : No timezone override file found: /data/misc/zoneinfo/current/icu/icu_tzdata.dat
08-06 11:58:50.008  5950  5950 I Radio-JNI: register_android_hardware_Radio DONE
08-06 11:58:50.031  5950  5950 D AndroidRuntime: Calling main entry com.android.commands.input.Input
08-06 11:58:50.033  5950  5950 I Input   : injectMotionEvent: MotionEvent { action=ACTION_DOWN, actionButton=0, id[0]=0, x[0]=600.0, y[0]=700.0, toolType[0]=TOOL_TYPE_UNKNOWN, buttonState=0, metaState=0, flags=0x0, edgeFlags=0x0, pointerCount=1, historySize=0, eventTime=878346445, downTime=878346445, deviceId=0, source=0x1002 }
08-06 11:58:50.037  5950  5950 I Input   : injectMotionEvent: MotionEvent { action=ACTION_UP, actionButton=0, id[0]=0, x[0]=600.0, y[0]=700.0, toolType[0]=TOOL_TYPE_UNKNOWN, buttonState=0, metaState=0, flags=0x0, edgeFlags=0x0, pointerCount=1, historySize=0, eventTime=878346445, downTime=878346445, deviceId=0, source=0x1002 }
08-06 11:58:50.038  5950  5950 D AndroidRuntime: Shutting down VM
08-06 11:58:50.054   512  2967 D audio_hw_primary: out_set_parameters: enter: usecase(1: low-latency-playback) kvpairs: routing=2
08-06 11:58:50.058  4314  4326 I art     : Starting a blocking GC Explicit
08-06 11:58:50.059   918  6029 I ActivityManager: START u0 {dat=https://oauth.reddit.com/... cmp=baseline.org.quantumbadger.redreader/.activities.CommentListingActivity} from uid 10705 on display 0
08-06 11:58:50.067   512  2967 D audio_hw_primary: select_devices: out_snd_device(2: speaker) in_snd_device(0: none)
08-06 11:58:50.067   512  2967 D msm8974_platform: platform_send_audio_calibration: sending audio calibration for snd_device(2) acdb_id(15)
08-06 11:58:50.068   512  2967 I soundtrigger: audio_extn_sound_trigger_update_device_status: device 0x2 of type 0 for Event 1
08-06 11:58:50.079   512  2967 D audio_hw_primary: enable_snd_device: snd_device(2: speaker)
08-06 11:58:50.081   512  2967 D audio_hw_primary: enable_audio_route: apply and update mixer path: low-latency-playback speaker
08-06 11:58:50.085  4314  4314 I AppCompatViewInflater: app:theme is now deprecated. Please move to using android:theme instead.
08-06 11:58:50.094  4314  4326 I art     : Explicit concurrent mark sweep GC freed 2520(141KB) AllocSpace objects, 1(20KB) LOS objects, 38% free, 25MB/41MB, paused 533us total 35.564ms
08-06 11:58:50.103  4314  4904 I CommentListingActivity: COMMENTS session changed to 8897938a-e247-4c9c-b618-497060fd0071
08-06 11:58:50.107  4314  4326 I art     : Starting a blocking GC Explicit
08-06 11:58:50.142  4314  4326 I art     : Explicit concurrent mark sweep GC freed 5954(460KB) AllocSpace objects, 1(20KB) LOS objects, 37% free, 26MB/42MB, paused 752us total 35.186ms
08-06 11:58:50.155  4314  4326 I art     : Starting a blocking GC Explicit
08-06 11:58:50.195  4314  4326 I art     : Explicit concurrent mark sweep GC freed 10323(680KB) AllocSpace objects, 1(16KB) LOS objects, 36% free, 27MB/43MB, paused 878us total 39.244ms
08-06 11:58:50.208  4314  4326 I art     : Starting a blocking GC Explicit
08-06 11:58:50.254  4314  4326 I art     : Explicit concurrent mark sweep GC freed 12454(838KB) AllocSpace objects, 0(0B) LOS objects, 35% free, 28MB/44MB, paused 809us total 45.177ms
08-06 11:58:50.270  4314  4326 I art     : Starting a blocking GC Explicit
08-06 11:58:50.281   918   936 I ActivityManager: Displayed baseline.org.quantumbadger.redreader/.activities.CommentListingActivity: +215ms
08-06 11:58:50.281 13866 13866 I GoogleInputMethodServic: GoogleInputMethodService.onFinishInput():3138 
08-06 11:58:50.282 13866 13866 I GoogleInputMethodServic: GoogleInputMethodService.onStartInput():1808 
08-06 11:58:50.319  4314  4326 I art     : Explicit concurrent mark sweep GC freed 12598(875KB) AllocSpace objects, 1(16KB) LOS objects, 35% free, 29MB/45MB, paused 1.299ms total 49.194ms
08-06 11:58:50.541   380   380 W SurfaceFlinger: couldn't log to binary event log: overflow.
08-06 11:58:50.582  4314  4327 I art     : Starting a blocking GC Explicit
08-06 11:58:50.619   512  2967 D audio_hw_primary: disable_audio_route: reset and update mixer path: low-latency-playback speaker
08-06 11:58:50.619   512  2967 D audio_hw_primary: disable_snd_device: snd_device(2: speaker)
08-06 11:58:50.623  4314  4327 I art     : Explicit concurrent mark sweep GC freed 23275(1110KB) AllocSpace objects, 1(20KB) LOS objects, 36% free, 28MB/44MB, paused 242us total 41.149ms
08-06 11:58:50.627   512  2967 I soundtrigger: audio_extn_sound_trigger_update_device_status: device 0x2 of type 0 for Event 0
08-06 11:58:50.638  4314  4327 I art     : Starting a blocking GC Explicit
08-06 11:58:50.682  4314  4327 I art     : Explicit concurrent mark sweep GC freed 110(3KB) AllocSpace objects, 0(0B) LOS objects, 36% free, 28MB/44MB, paused 302us total 43.530ms
08-06 11:58:50.696  4314  4327 I art     : Starting a blocking GC Explicit
08-06 11:58:50.737  4314  4327 I art     : Explicit concurrent mark sweep GC freed 13(416B) AllocSpace objects, 0(0B) LOS objects, 36% free, 28MB/44MB, paused 302us total 40.766ms
08-06 11:58:50.753  4314  4327 I art     : Starting a blocking GC Explicit
08-06 11:58:50.768  4314  5888 I RedditChangeDataIO: Writing tmp data file at '/data/user/0/baseline.org.quantumbadger.redreader/files/rr_change_data_tmp.dat'
08-06 11:58:50.769  4314  5888 I RedditChangeDataManager: Taking snapshot...
08-06 11:58:50.769  4314  5888 I RedditChangeDataManager: Writing to stream...
08-06 11:58:50.769  4314  5888 I RedditChangeDataManager: Wrote 3 entries for user ''
08-06 11:58:50.769  4314  5888 I RedditChangeDataManager: All entries written to stream.
08-06 11:58:50.769  4314  5888 I RedditChangeDataIO: Write successful. Atomically replacing data file...
08-06 11:58:50.770  4314  5888 I RedditChangeDataIO: Write complete.
08-06 11:58:50.770  4314  5888 I RedditChangeDataIO: 86 bytes written in 2 ms
08-06 11:58:50.799  4314  4327 I art     : Explicit concurrent mark sweep GC freed 104(5KB) AllocSpace objects, 1(68KB) LOS objects, 36% free, 28MB/44MB, paused 254us total 46.046ms
08-06 11:58:50.800  4314  4325 I art     : WaitForGcToComplete blocked for 37.839ms for cause HeapTrim
08-06 11:58:50.814  4314  4327 I art     : Starting a blocking GC Explicit
08-06 11:58:50.858  4314  4327 I art     : Explicit concurrent mark sweep GC freed 238(39KB) AllocSpace objects, 0(0B) LOS objects, 36% free, 28MB/44MB, paused 221us total 43.164ms
08-06 11:58:51.143  4314  4327 I art     : Starting a blocking GC Explicit
08-06 11:58:51.188  4314  4327 I art     : Explicit concurrent mark sweep GC freed 1411(82KB) AllocSpace objects, 1(20KB) LOS objects, 36% free, 28MB/44MB, paused 229us total 45.406ms
08-06 11:58:51.204  4314  4327 I art     : Starting a blocking GC Explicit
08-06 11:58:51.249  4314  4327 I art     : Explicit concurrent mark sweep GC freed 20(704B) AllocSpace objects, 0(0B) LOS objects, 36% free, 28MB/44MB, paused 256us total 45.040ms
08-06 11:58:51.265  4314  4327 I art     : Starting a blocking GC Explicit
08-06 11:58:51.312  4314  4327 I art     : Explicit concurrent mark sweep GC freed 49(1920B) AllocSpace objects, 0(0B) LOS objects, 36% free, 28MB/44MB, paused 259us total 46.611ms
08-06 11:58:51.328  4314  4327 I art     : Starting a blocking GC Explicit
08-06 11:58:51.374  4314  4327 I art     : Explicit concurrent mark sweep GC freed 3(96B) AllocSpace objects, 0(0B) LOS objects, 36% free, 28MB/44MB, paused 254us total 46.545ms
08-06 11:58:51.390  4314  4327 I art     : Starting a blocking GC Explicit
08-06 11:58:51.438  4314  4327 I art     : Explicit concurrent mark sweep GC freed 3(96B) AllocSpace objects, 0(0B) LOS objects, 36% free, 28MB/44MB, paused 281us total 47.190ms
08-06 11:58:51.747  4314  4622 I art     : Starting a blocking GC Explicit
08-06 11:58:51.809  4314  4622 I art     : Explicit concurrent mark sweep GC freed 1346(80KB) AllocSpace objects, 1(20KB) LOS objects, 36% free, 28MB/44MB, paused 321us total 61.017ms
08-06 11:58:51.830  4314  4622 I art     : Starting a blocking GC Explicit
08-06 11:58:51.874  4314  4622 I art     : Explicit concurrent mark sweep GC freed 20(704B) AllocSpace objects, 0(0B) LOS objects, 36% free, 28MB/44MB, paused 247us total 43.830ms
08-06 11:58:51.890  4314  4622 I art     : Starting a blocking GC Explicit
08-06 11:58:51.938  4314  4622 I art     : Explicit concurrent mark sweep GC freed 3(96B) AllocSpace objects, 0(0B) LOS objects, 36% free, 28MB/44MB, paused 264us total 48.247ms
08-06 11:58:51.954  4314  4622 I art     : Starting a blocking GC Explicit
08-06 11:58:52.001  4314  4622 I art     : Explicit concurrent mark sweep GC freed 3(96B) AllocSpace objects, 0(0B) LOS objects, 36% free, 28MB/44MB, paused 259us total 47.526ms
08-06 11:58:52.018  4314  4622 I art     : Starting a blocking GC Explicit
08-06 11:58:52.066  4314  4622 I art     : Explicit concurrent mark sweep GC freed 3(96B) AllocSpace objects, 0(0B) LOS objects, 36% free, 28MB/44MB, paused 253us total 47.723ms
08-06 11:58:52.261   518   646 I ThermalEngine: ACTION: GPU - Setting GPU[0] to 450000000
08-06 11:58:52.394  4314  4380 I art     : Starting a blocking GC Explicit
08-06 11:58:52.468  4314  4380 I art     : Explicit concurrent mark sweep GC freed 1346(80KB) AllocSpace objects, 1(20KB) LOS objects, 36% free, 28MB/44MB, paused 401us total 74.136ms
08-06 11:58:52.492  4314  4380 I art     : Starting a blocking GC Explicit
08-06 11:58:52.559  4314  4380 I art     : Explicit concurrent mark sweep GC freed 20(704B) AllocSpace objects, 0(0B) LOS objects, 36% free, 28MB/44MB, paused 369us total 66.890ms
08-06 11:58:52.583  4314  4380 I art     : Starting a blocking GC Explicit
08-06 11:58:52.648  4314  4380 I art     : Explicit concurrent mark sweep GC freed 3(96B) AllocSpace objects, 0(0B) LOS objects, 36% free, 28MB/44MB, paused 368us total 64.533ms
08-06 11:58:52.669  4314  4380 I art     : Starting a blocking GC Explicit
08-06 11:58:52.732  4314  4380 I art     : Explicit concurrent mark sweep GC freed 3(96B) AllocSpace objects, 0(0B) LOS objects, 36% free, 28MB/44MB, paused 351us total 63.540ms
08-06 11:58:52.753  4314  4380 I art     : Starting a blocking GC Explicit
08-06 11:58:52.823  4314  4380 I art     : Explicit concurrent mark sweep GC freed 3(96B) AllocSpace objects, 0(0B) LOS objects, 36% free, 28MB/44MB, paused 357us total 69.100ms
08-06 11:58:52.934  3017  3017 I ServiceManager: Waiting for service AtCmdFwd...
08-06 11:58:53.185  4314  4326 I art     : Starting a blocking GC Explicit
08-06 11:58:53.254  4314  4326 I art     : Explicit concurrent mark sweep GC freed 1346(80KB) AllocSpace objects, 1(20KB) LOS objects, 36% free, 28MB/44MB, paused 341us total 69.169ms
08-06 11:58:53.263   518   646 I ThermalEngine: ACTION: GPU - Setting GPU[0] to 510000000
08-06 11:58:53.275  4314  4326 I art     : Starting a blocking GC Explicit
08-06 11:58:53.329  4314  4326 I art     : Explicit concurrent mark sweep GC freed 20(704B) AllocSpace objects, 0(0B) LOS objects, 36% free, 28MB/44MB, paused 376us total 53.877ms
08-06 11:58:53.349  4314  4326 I art     : Starting a blocking GC Explicit
08-06 11:58:53.394  4314  4326 I art     : Explicit concurrent mark sweep GC freed 3(96B) AllocSpace objects, 0(0B) LOS objects, 36% free, 28MB/44MB, paused 245us total 44.800ms
08-06 11:58:53.409  4314  4326 I art     : Starting a blocking GC Explicit
08-06 11:58:53.457  4314  4326 I art     : Explicit concurrent mark sweep GC freed 3(96B) AllocSpace objects, 0(0B) LOS objects, 36% free, 28MB/44MB, paused 244us total 47.056ms
08-06 11:58:53.472  4314  4326 I art     : Starting a blocking GC Explicit
08-06 11:58:53.519  4314  4326 I art     : Explicit concurrent mark sweep GC freed 3(96B) AllocSpace objects, 0(0B) LOS objects, 36% free, 28MB/44MB, paused 253us total 47.196ms
08-06 11:58:53.704  5179  5194 D QcrilMsgTunnelSocket: readRilMessage: Buffer = [B@671e81d HexData = [010000000404000011000000514f454d484f4f4bef0308000100000003]
08-06 11:58:53.704  5179  5194 D QcrilMsgTunnelSocket: Rcvd UNSOL response with 28 bytes data for SUB0
08-06 11:58:53.705  5179  5194 D QcrilMsgTunnelSocket: Response ID 525295 is not served in this process.
08-06 11:58:53.705  5179  5194 D QcrilMsgTunnelSocket: To broadcast an Intent via the notifier to external apps
08-06 11:58:53.705  5179  5179 D QcrilMsgTunnelIfaceManager: handleMessage what = 0
08-06 11:58:53.705  5179  5179 D QcrilMsgTunnelIfaceManager: Broadcasting intent ACTION_UNSOL_RESPONSE_OEM_HOOK_RAW
08-06 11:58:53.709  5164  5164 D QC_RIL_OEM_HOOK: Received Broadcast Intent ACTION_UNSOL_RESPONSE_OEM_HOOK_RAW
08-06 11:58:53.709  5164  5164 D QC_RIL_OEM_HOOK: Oem ID in QCRILHOOK UNSOL RESP is QOEMHOOK
08-06 11:58:53.842  4314  4327 I art     : Starting a blocking GC Explicit
08-06 11:58:53.901  4314  4327 I art     : Explicit concurrent mark sweep GC freed 1346(80KB) AllocSpace objects, 1(20KB) LOS objects, 36% free, 28MB/44MB, paused 291us total 59.118ms
08-06 11:58:53.921  4314  4327 I art     : Starting a blocking GC Explicit
08-06 11:58:53.935  3017  3017 I ServiceManager: Waiting for service AtCmdFwd...
08-06 11:58:53.968  4314  4327 I art     : Explicit concurrent mark sweep GC freed 20(704B) AllocSpace objects, 0(0B) LOS objects, 36% free, 28MB/44MB, paused 279us total 46.864ms
08-06 11:58:53.983  4314  4327 I art     : Starting a blocking GC Explicit
08-06 11:58:54.031  4314  4327 I art     : Explicit concurrent mark sweep GC freed 3(96B) AllocSpace objects, 0(0B) LOS objects, 36% free, 28MB/44MB, paused 287us total 46.914ms
08-06 11:58:54.046  4314  4327 I art     : Starting a blocking GC Explicit
08-06 11:58:54.092  4314  4327 I art     : Explicit concurrent mark sweep GC freed 3(96B) AllocSpace objects, 0(0B) LOS objects, 36% free, 28MB/44MB, paused 244us total 46.297ms
08-06 11:58:54.108  4314  4327 I art     : Starting a blocking GC Explicit
08-06 11:58:54.156  4314  4327 I art     : Explicit concurrent mark sweep GC freed 3(96B) AllocSpace objects, 0(0B) LOS objects, 36% free, 28MB/44MB, paused 261us total 47.658ms
08-06 11:58:54.438  4314  4622 I art     : Starting a blocking GC Explicit
08-06 11:58:54.484  4314  4622 I art     : Explicit concurrent mark sweep GC freed 1348(80KB) AllocSpace objects, 1(20KB) LOS objects, 36% free, 28MB/44MB, paused 258us total 46.382ms
08-06 11:58:54.500  4314  4622 I art     : Starting a blocking GC Explicit
08-06 11:58:54.545  4314  4622 I art     : Explicit concurrent mark sweep GC freed 20(704B) AllocSpace objects, 0(0B) LOS objects, 36% free, 28MB/44MB, paused 255us total 45.487ms
08-06 11:58:54.560  4314  4622 I art     : Starting a blocking GC Explicit
08-06 11:58:54.605  4314  4622 I art     : Explicit concurrent mark sweep GC freed 3(96B) AllocSpace objects, 0(0B) LOS objects, 36% free, 28MB/44MB, paused 257us total 44.071ms
08-06 11:58:54.620  4314  4622 I art     : Starting a blocking GC Explicit
08-06 11:58:54.664  4314  4622 I art     : Explicit concurrent mark sweep GC freed 3(96B) AllocSpace objects, 0(0B) LOS objects, 36% free, 28MB/44MB, paused 249us total 44.488ms
08-06 11:58:54.680  4314  4622 I art     : Starting a blocking GC Explicit
08-06 11:58:54.726  4314  4622 I art     : Explicit concurrent mark sweep GC freed 3(96B) AllocSpace objects, 0(0B) LOS objects, 36% free, 28MB/44MB, paused 266us total 45.758ms
08-06 11:58:54.752  6045  6045 D AndroidRuntime: >>>>>> START com.android.internal.os.RuntimeInit uid 2000 <<<<<<
08-06 11:58:54.757  6045  6045 D AndroidRuntime: CheckJNI is OFF
08-06 11:58:54.790  6045  6045 D ICU     : No timezone override file found: /data/misc/zoneinfo/current/icu/icu_tzdata.dat
08-06 11:58:54.823  6045  6045 I Radio-JNI: register_android_hardware_Radio DONE
08-06 11:58:54.846  6045  6045 D AndroidRuntime: Calling main entry com.android.commands.input.Input
08-06 11:58:54.847  6045  6045 I Input   : injectKeyEvent: KeyEvent { action=ACTION_DOWN, keyCode=KEYCODE_BACK, scanCode=0, metaState=0, flags=0x0, repeatCount=0, eventTime=878351260, downTime=878351260, deviceId=-1, source=0x101 }
08-06 11:58:54.854  6045  6045 I Input   : injectKeyEvent: KeyEvent { action=ACTION_UP, keyCode=KEYCODE_BACK, scanCode=0, metaState=0, flags=0x0, repeatCount=0, eventTime=878351260, downTime=878351260, deviceId=-1, source=0x101 }
08-06 11:58:54.861  6045  6045 D AndroidRuntime: Shutting down VM
08-06 11:58:54.904 13866 13866 I GoogleInputMethodServic: GoogleInputMethodService.onFinishInput():3138 
08-06 11:58:54.905 13866 13866 I GoogleInputMethodServic: GoogleInputMethodService.onStartInput():1808 
08-06 11:58:54.935  3017  3017 I ServiceManager: Waiting for service AtCmdFwd...
08-06 11:58:54.974  4314  4326 I art     : Starting a blocking GC Explicit
08-06 11:58:55.017  4314  4326 I art     : Explicit concurrent mark sweep GC freed 1588(88KB) AllocSpace objects, 1(20KB) LOS objects, 36% free, 28MB/44MB, paused 273us total 42.537ms
08-06 11:58:55.034  4314  4326 I art     : Starting a blocking GC Explicit
08-06 11:58:55.083  4314  4326 I art     : Explicit concurrent mark sweep GC freed 24(864B) AllocSpace objects, 0(0B) LOS objects, 36% free, 28MB/44MB, paused 233us total 48.115ms
08-06 11:58:55.099  4314  4326 I art     : Starting a blocking GC Explicit
08-06 11:58:55.152  4314  4326 I art     : Explicit concurrent mark sweep GC freed 3(96B) AllocSpace objects, 0(0B) LOS objects, 36% free, 28MB/44MB, paused 255us total 53.411ms
08-06 11:58:55.171  4314  4326 I art     : Starting a blocking GC Explicit
08-06 11:58:55.222   380   380 W SurfaceFlinger: couldn't log to binary event log: overflow.
08-06 11:58:55.223  4314  4326 I art     : Explicit concurrent mark sweep GC freed 3(96B) AllocSpace objects, 0(0B) LOS objects, 36% free, 28MB/44MB, paused 367us total 51.644ms
08-06 11:58:55.239  4314  4326 I art     : Starting a blocking GC Explicit
08-06 11:58:55.281  4314  4326 I art     : Explicit concurrent mark sweep GC freed 64(2352B) AllocSpace objects, 0(0B) LOS objects, 36% free, 28MB/44MB, paused 236us total 41.735ms
08-06 11:58:55.571  4314  4327 I art     : Starting a blocking GC Explicit
08-06 11:58:55.616  4314  4327 I art     : Explicit concurrent mark sweep GC freed 48105(2MB) AllocSpace objects, 6(160KB) LOS objects, 38% free, 25MB/41MB, paused 282us total 44.584ms
08-06 11:58:55.630  4314  4327 I art     : Starting a blocking GC Explicit
08-06 11:58:55.663  4314  4327 I art     : Explicit concurrent mark sweep GC freed 20(704B) AllocSpace objects, 0(0B) LOS objects, 38% free, 25MB/41MB, paused 246us total 32.365ms
08-06 11:58:55.676  4314  4327 I art     : Starting a blocking GC Explicit
08-06 11:58:55.709  4314  4327 I art     : Explicit concurrent mark sweep GC freed 3(96B) AllocSpace objects, 0(0B) LOS objects, 38% free, 25MB/41MB, paused 250us total 32.942ms
08-06 11:58:55.723  4314  4327 I art     : Starting a blocking GC Explicit
08-06 11:58:55.757  4314  4327 I art     : Explicit concurrent mark sweep GC freed 3(96B) AllocSpace objects, 0(0B) LOS objects, 38% free, 25MB/41MB, paused 277us total 34.049ms
08-06 11:58:55.771  4314  4327 I art     : Starting a blocking GC Explicit
08-06 11:58:55.805  4314  4327 I art     : Explicit concurrent mark sweep GC freed 3(96B) AllocSpace objects, 0(0B) LOS objects, 38% free, 25MB/41MB, paused 271us total 33.833ms
08-06 11:58:55.936  3017  3017 I ServiceManager: Waiting for service AtCmdFwd...
08-06 11:58:56.101  4314  4380 I art     : Starting a blocking GC Explicit
08-06 11:58:56.135  4314  4380 I art     : Explicit concurrent mark sweep GC freed 1346(80KB) AllocSpace objects, 1(20KB) LOS objects, 38% free, 25MB/41MB, paused 252us total 33.224ms
08-06 11:58:56.149  4314  4380 I art     : Starting a blocking GC Explicit
08-06 11:58:56.180  4314  4380 I art     : Explicit concurrent mark sweep GC freed 20(704B) AllocSpace objects, 0(0B) LOS objects, 38% free, 25MB/41MB, paused 244us total 30.563ms
08-06 11:58:56.193  4314  4380 I art     : Starting a blocking GC Explicit
08-06 11:58:56.224  4314  4380 I art     : Explicit concurrent mark sweep GC freed 3(96B) AllocSpace objects, 0(0B) LOS objects, 38% free, 25MB/41MB, paused 241us total 31.130ms
08-06 11:58:56.237  4314  4380 I art     : Starting a blocking GC Explicit
08-06 11:58:56.269  4314  4380 I art     : Explicit concurrent mark sweep GC freed 3(96B) AllocSpace objects, 0(0B) LOS objects, 38% free, 25MB/41MB, paused 269us total 31.594ms
08-06 11:58:56.282  4314  4380 I art     : Starting a blocking GC Explicit
08-06 11:58:56.314  4314  4380 I art     : Explicit concurrent mark sweep GC freed 3(96B) AllocSpace objects, 0(0B) LOS objects, 38% free, 25MB/41MB, paused 240us total 31.249ms
08-06 11:58:56.507  6099  6099 D AndroidRuntime: >>>>>> START com.android.internal.os.RuntimeInit uid 2000 <<<<<<
08-06 11:58:56.512  6099  6099 D AndroidRuntime: CheckJNI is OFF
08-06 11:58:56.544  6099  6099 D ICU     : No timezone override file found: /data/misc/zoneinfo/current/icu/icu_tzdata.dat
08-06 11:58:56.577  6099  6099 I Radio-JNI: register_android_hardware_Radio DONE
08-06 11:58:56.580  4314  4622 I art     : Starting a blocking GC Explicit
08-06 11:58:56.599  6099  6099 D AndroidRuntime: Calling main entry com.android.commands.input.Input
08-06 11:58:56.601  6099  6099 I Input   : injectKeyEvent: KeyEvent { action=ACTION_DOWN, keyCode=KEYCODE_BACK, scanCode=0, metaState=0, flags=0x0, repeatCount=0, eventTime=878353014, downTime=878353014, deviceId=-1, source=0x101 }
08-06 11:58:56.605  6099  6099 I Input   : injectKeyEvent: KeyEvent { action=ACTION_UP, keyCode=KEYCODE_BACK, scanCode=0, metaState=0, flags=0x0, repeatCount=0, eventTime=878353014, downTime=878353014, deviceId=-1, source=0x101 }
08-06 11:58:56.612  6099  6099 D AndroidRuntime: Shutting down VM
08-06 11:58:56.613  4314  4622 I art     : Explicit concurrent mark sweep GC freed 1348(80KB) AllocSpace objects, 1(20KB) LOS objects, 38% free, 25MB/41MB, paused 337us total 32.672ms
08-06 11:58:56.627  4314  4622 I art     : Starting a blocking GC Explicit
08-06 11:58:56.645 13866 13866 I GoogleInputMethodServic: GoogleInputMethodService.onFinishInput():3138 
08-06 11:58:56.645 13866 13866 I GoogleInputMethodServic: GoogleInputMethodService.onStartInput():1808 
08-06 11:58:56.655  4314  4622 I art     : Explicit concurrent mark sweep GC freed 134(4KB) AllocSpace objects, 0(0B) LOS objects, 38% free, 25MB/41MB, paused 259us total 28.622ms
08-06 11:58:56.669  4314  4622 I art     : Starting a blocking GC Explicit
08-06 11:58:56.700  4314  4622 I art     : Explicit concurrent mark sweep GC freed 53(1744B) AllocSpace objects, 0(0B) LOS objects, 38% free, 25MB/41MB, paused 290us total 29.957ms
08-06 11:58:56.714  4314  4622 I art     : Starting a blocking GC Explicit
08-06 11:58:56.741  4314  4622 I art     : Explicit concurrent mark sweep GC freed 18(592B) AllocSpace objects, 0(0B) LOS objects, 38% free, 25MB/41MB, paused 208us total 26.905ms
08-06 11:58:56.754  4314  4622 I art     : Starting a blocking GC Explicit
08-06 11:58:56.784  4314  4622 I art     : Explicit concurrent mark sweep GC freed 3(96B) AllocSpace objects, 0(0B) LOS objects, 38% free, 25MB/41MB, paused 212us total 29.434ms
08-06 11:58:56.937  3017  3017 I ServiceManager: Waiting for service AtCmdFwd...
08-06 11:58:57.034  4314  4326 I art     : Starting a blocking GC Explicit
08-06 11:58:57.067  4314  4326 I art     : Explicit concurrent mark sweep GC freed 1401(82KB) AllocSpace objects, 1(20KB) LOS objects, 38% free, 25MB/41MB, paused 351us total 33.758ms
08-06 11:58:57.081  4314  4326 I art     : Starting a blocking GC Explicit
08-06 11:58:57.114  4314  4326 I art     : Explicit concurrent mark sweep GC freed 150(7KB) AllocSpace objects, 0(0B) LOS objects, 38% free, 25MB/41MB, paused 264us total 33.219ms
08-06 11:58:57.128  4314  4326 I art     : Starting a blocking GC Explicit
08-06 11:58:57.163  4314  4326 I art     : Explicit concurrent mark sweep GC freed 3(96B) AllocSpace objects, 0(0B) LOS objects, 38% free, 25MB/41MB, paused 236us total 34.425ms
08-06 11:58:57.176  4314  4326 I art     : Starting a blocking GC Explicit
08-06 11:58:57.211  4314  4326 I art     : Explicit concurrent mark sweep GC freed 3(96B) AllocSpace objects, 0(0B) LOS objects, 38% free, 25MB/41MB, paused 257us total 34.353ms
08-06 11:58:57.225  4314  4326 I art     : Starting a blocking GC Explicit
08-06 11:58:57.259  4314  4326 I art     : Explicit concurrent mark sweep GC freed 3(96B) AllocSpace objects, 0(0B) LOS objects, 38% free, 25MB/41MB, paused 285us total 33.973ms
08-06 11:58:57.548  4314  4380 I art     : Starting a blocking GC Explicit
08-06 11:58:57.590  4314  4380 I art     : Explicit concurrent mark sweep GC freed 1346(80KB) AllocSpace objects, 1(20KB) LOS objects, 38% free, 25MB/41MB, paused 311us total 41.599ms
08-06 11:58:57.608  4314  4380 I art     : Starting a blocking GC Explicit
08-06 11:58:57.644  4314  4380 I art     : Explicit concurrent mark sweep GC freed 20(704B) AllocSpace objects, 0(0B) LOS objects, 38% free, 25MB/41MB, paused 235us total 35.418ms
08-06 11:58:57.658  4314  4380 I art     : Starting a blocking GC Explicit
08-06 11:58:57.692  4314  4380 I art     : Explicit concurrent mark sweep GC freed 3(96B) AllocSpace objects, 0(0B) LOS objects, 38% free, 25MB/41MB, paused 280us total 33.762ms
08-06 11:58:57.706  4314  4380 I art     : Starting a blocking GC Explicit
08-06 11:58:57.740  4314  4380 I art     : Explicit concurrent mark sweep GC freed 3(96B) AllocSpace objects, 0(0B) LOS objects, 38% free, 25MB/41MB, paused 270us total 34.261ms
08-06 11:58:57.754  4314  4380 I art     : Starting a blocking GC Explicit
08-06 11:58:57.788  4314  4380 I art     : Explicit concurrent mark sweep GC freed 3(96B) AllocSpace objects, 0(0B) LOS objects, 38% free, 25MB/41MB, paused 265us total 34.207ms
08-06 11:58:57.937  3017  3017 W Atfwd_Sendcmd: AtCmdFwd service not published, waiting... retryCnt : 1
08-06 11:58:58.049  4314  4327 I art     : Starting a blocking GC Explicit
08-06 11:58:58.083  4314  4327 I art     : Explicit concurrent mark sweep GC freed 1346(80KB) AllocSpace objects, 1(20KB) LOS objects, 38% free, 25MB/41MB, paused 277us total 33.720ms
08-06 11:58:58.097  4314  4327 I art     : Starting a blocking GC Explicit
08-06 11:58:58.131  4314  4327 I art     : Explicit concurrent mark sweep GC freed 20(704B) AllocSpace objects, 0(0B) LOS objects, 38% free, 25MB/41MB, paused 286us total 33.739ms
08-06 11:58:58.144  4314  4327 I art     : Starting a blocking GC Explicit
08-06 11:58:58.178  4314  4327 I art     : Explicit concurrent mark sweep GC freed 3(96B) AllocSpace objects, 0(0B) LOS objects, 38% free, 25MB/41MB, paused 268us total 33.262ms
08-06 11:58:58.191  4314  4327 I art     : Starting a blocking GC Explicit
08-06 11:58:58.223  4314  4327 I art     : Explicit concurrent mark sweep GC freed 3(96B) AllocSpace objects, 0(0B) LOS objects, 38% free, 25MB/41MB, paused 267us total 31.962ms
08-06 11:58:58.236  4314  4327 I art     : Starting a blocking GC Explicit
08-06 11:58:58.269  4314  4327 I art     : Explicit concurrent mark sweep GC freed 3(96B) AllocSpace objects, 0(0B) LOS objects, 38% free, 25MB/41MB, paused 293us total 32.017ms
08-06 11:58:58.277  6145  6145 D AndroidRuntime: >>>>>> START com.android.internal.os.RuntimeInit uid 2000 <<<<<<
08-06 11:58:58.282  6145  6145 D AndroidRuntime: CheckJNI is OFF
08-06 11:58:58.315  6145  6145 D ICU     : No timezone override file found: /data/misc/zoneinfo/current/icu/icu_tzdata.dat
08-06 11:58:58.347  6145  6145 I Radio-JNI: register_android_hardware_Radio DONE
08-06 11:58:58.370  6145  6145 D AndroidRuntime: Calling main entry com.android.commands.input.Input
08-06 11:58:58.371  6145  6145 I Input   : injectMotionEvent: MotionEvent { action=ACTION_DOWN, actionButton=0, id[0]=0, x[0]=600.0, y[0]=1000.0, toolType[0]=TOOL_TYPE_UNKNOWN, buttonState=0, metaState=0, flags=0x0, edgeFlags=0x0, pointerCount=1, historySize=0, eventTime=878354784, downTime=878354784, deviceId=0, source=0x1002 }
08-06 11:58:58.377  6145  6145 I Input   : injectMotionEvent: MotionEvent { action=ACTION_UP, actionButton=0, id[0]=0, x[0]=600.0, y[0]=1000.0, toolType[0]=TOOL_TYPE_UNKNOWN, buttonState=0, metaState=0, flags=0x0, edgeFlags=0x0, pointerCount=1, historySize=0, eventTime=878354784, downTime=878354784, deviceId=0, source=0x1002 }
08-06 11:58:58.380  6145  6145 D AndroidRuntime: Shutting down VM
08-06 11:58:58.397   918  3696 I ActivityManager: START u0 {dat=https://oauth.reddit.com/... cmp=baseline.org.quantumbadger.redreader/.activities.PostListingActivity} from uid 10705 on display 0
08-06 11:58:58.397   512  2967 D audio_hw_primary: out_set_parameters: enter: usecase(1: low-latency-playback) kvpairs: routing=2
08-06 11:58:58.412   512  2967 D audio_hw_primary: select_devices: out_snd_device(2: speaker) in_snd_device(0: none)
08-06 11:58:58.412   512  2967 D msm8974_platform: platform_send_audio_calibration: sending audio calibration for snd_device(2) acdb_id(15)
08-06 11:58:58.412   512  2967 I soundtrigger: audio_extn_sound_trigger_update_device_status: device 0x2 of type 0 for Event 1
08-06 11:58:58.424   512  2967 D audio_hw_primary: enable_snd_device: snd_device(2: speaker)
08-06 11:58:58.424  4314  4314 I AppCompatViewInflater: app:theme is now deprecated. Please move to using android:theme instead.
08-06 11:58:58.426   512  2967 D audio_hw_primary: enable_audio_route: apply and update mixer path: low-latency-playback speaker
08-06 11:58:58.444  4314  6175 D OK      : calling: https://oauth.reddit.com/r/announcements/about.json
08-06 11:58:58.500 13866 13866 I GoogleInputMethodServic: GoogleInputMethodService.onFinishInput():3138 
08-06 11:58:58.500 13866 13866 I GoogleInputMethodServic: GoogleInputMethodService.onStartInput():1808 
08-06 11:58:58.501   918   936 I ActivityManager: Displayed baseline.org.quantumbadger.redreader/.activities.PostListingActivity: +88ms
08-06 11:58:58.518  4314  4380 I art     : Starting a blocking GC Explicit
08-06 11:58:58.555  4314  4380 I art     : Explicit concurrent mark sweep GC freed 2982(186KB) AllocSpace objects, 1(20KB) LOS objects, 38% free, 25MB/41MB, paused 291us total 36.712ms
08-06 11:58:58.567  4314  4380 I art     : Starting a blocking GC Explicit
08-06 11:58:58.598  4314  4380 I art     : Explicit concurrent mark sweep GC freed 2382(100KB) AllocSpace objects, 0(0B) LOS objects, 38% free, 25MB/41MB, paused 451us total 30.702ms
08-06 11:58:58.611  4314  4380 I art     : Starting a blocking GC Explicit
08-06 11:58:58.644  4314  4380 I art     : Explicit concurrent mark sweep GC freed 107(3KB) AllocSpace objects, 0(0B) LOS objects, 38% free, 25MB/41MB, paused 360us total 32.188ms
08-06 11:58:58.658  4314  4380 I art     : Starting a blocking GC Explicit
08-06 11:58:58.696  4314  4380 I art     : Explicit concurrent mark sweep GC freed 14(512B) AllocSpace objects, 0(0B) LOS objects, 38% free, 25MB/41MB, paused 319us total 37.187ms
08-06 11:58:58.712  4314  4380 I art     : Starting a blocking GC Explicit
08-06 11:58:58.735  4314  6175 I NAPPA_EXPERIMENTATION: MetricNetworkRequestExecutionTime: REQUEST_DURATION_SYSTEM='291',REQUEST_DURATION_OKHTTP='149',REQUEST_SYNCHRONOUS='TRUE',RESPONSE_CODE='200',RESPONSE_METHOD='GET',RESPONSE_LENGTH_OKHTTP='-1',RESPONSE_LENGTH_HEADER='1564',REQUEST_PROTOCOL='h2',REQUEST_URL='https://oauth.reddit.com/r/announcements/about.json',
08-06 11:58:58.736  4314  6175 D OK      : request got status: 200
08-06 11:58:58.744   380   380 W SurfaceFlinger: couldn't log to binary event log: overflow.
08-06 11:58:58.759  4314  4380 I art     : Explicit concurrent mark sweep GC freed 961(114KB) AllocSpace objects, 1(68KB) LOS objects, 38% free, 25MB/41MB, paused 1.024ms total 47.008ms
08-06 11:58:58.958   512  2967 D audio_hw_primary: disable_audio_route: reset and update mixer path: low-latency-playback speaker
08-06 11:58:58.960   512  2967 D audio_hw_primary: disable_snd_device: snd_device(2: speaker)
08-06 11:58:58.968   512  2967 I soundtrigger: audio_extn_sound_trigger_update_device_status: device 0x2 of type 0 for Event 0
08-06 11:58:59.026  4314  4326 I art     : Starting a blocking GC Explicit
08-06 11:58:59.071  4314  4326 I art     : Explicit concurrent mark sweep GC freed 2149(131KB) AllocSpace objects, 2(88KB) LOS objects, 38% free, 25MB/41MB, paused 266us total 44.047ms
08-06 11:58:59.084  4314  4326 I art     : Starting a blocking GC Explicit
08-06 11:58:59.123  4314  4326 I art     : Explicit concurrent mark sweep GC freed 181(9KB) AllocSpace objects, 0(0B) LOS objects, 38% free, 25MB/41MB, paused 290us total 38.710ms
08-06 11:58:59.137  4314  4326 I art     : Starting a blocking GC Explicit
08-06 11:58:59.169  4314  4326 I art     : Explicit concurrent mark sweep GC freed 3(96B) AllocSpace objects, 0(0B) LOS objects, 38% free, 25MB/41MB, paused 290us total 32.514ms
08-06 11:58:59.183  4314  4326 I art     : Starting a blocking GC Explicit
08-06 11:58:59.216  4314  4326 I art     : Explicit concurrent mark sweep GC freed 27(1120B) AllocSpace objects, 0(0B) LOS objects, 38% free, 25MB/41MB, paused 269us total 33.124ms
08-06 11:58:59.230  4314  4326 I art     : Starting a blocking GC Explicit
08-06 11:58:59.262  4314  4326 I art     : Explicit concurrent mark sweep GC freed 3(96B) AllocSpace objects, 0(0B) LOS objects, 38% free, 25MB/41MB, paused 283us total 32.349ms
08-06 11:58:59.530  4314  4622 I art     : Starting a blocking GC Explicit
08-06 11:58:59.569  4314  4622 I art     : Explicit concurrent mark sweep GC freed 1346(82KB) AllocSpace objects, 1(20KB) LOS objects, 38% free, 25MB/41MB, paused 301us total 39.269ms
08-06 11:58:59.584  4314  4622 I art     : Starting a blocking GC Explicit
08-06 11:58:59.616  4314  4622 I art     : Explicit concurrent mark sweep GC freed 20(704B) AllocSpace objects, 0(0B) LOS objects, 38% free, 25MB/41MB, paused 262us total 32.462ms
08-06 11:58:59.630  4314  4622 I art     : Starting a blocking GC Explicit
08-06 11:58:59.644  4314  6204 D OK      : calling: https://oauth.reddit.com/r/announcements/hot/.json
08-06 11:58:59.664  4314  4622 I art     : Explicit concurrent mark sweep GC freed 94(3KB) AllocSpace objects, 0(0B) LOS objects, 38% free, 25MB/41MB, paused 321us total 33.492ms
08-06 11:58:59.677  4314  4622 I art     : Starting a blocking GC Explicit
08-06 11:58:59.710  4314  4622 I art     : Explicit concurrent mark sweep GC freed 10(384B) AllocSpace objects, 0(0B) LOS objects, 38% free, 25MB/41MB, paused 285us total 32.709ms
08-06 11:58:59.724  4314  4622 I art     : Starting a blocking GC Explicit
08-06 11:58:59.757  4314  4622 I art     : Explicit concurrent mark sweep GC freed 3(96B) AllocSpace objects, 0(0B) LOS objects, 38% free, 25MB/41MB, paused 380us total 33.093ms
08-06 11:58:59.850  4314  6204 I NAPPA_EXPERIMENTATION: MetricNetworkRequestExecutionTime: REQUEST_DURATION_SYSTEM='206',REQUEST_DURATION_OKHTTP='203',REQUEST_SYNCHRONOUS='TRUE',RESPONSE_CODE='200',RESPONSE_METHOD='GET',RESPONSE_LENGTH_OKHTTP='-1',RESPONSE_LENGTH_HEADER='142016',REQUEST_PROTOCOL='h2',REQUEST_URL='https://oauth.reddit.com/r/announcements/hot/.json',
08-06 11:58:59.851  4314  6204 D OK      : request got status: 200
08-06 11:58:59.868  4314  4904 I PostListingFragment: Precaching images: OFF
08-06 11:58:59.868  4314  4904 I PostListingFragment: Precaching comments: OFF
08-06 11:59:00.035  4314  4622 I art     : Starting a blocking GC Explicit
08-06 11:59:00.053  4314  6215 D OK      : calling: https://b.thumbs.redditmedia.com/RROcLjDSUc0QV1UeQ1txXdyl1C_7233mmsMgtYXxQzo.jpg
08-06 11:59:00.078  4314  4622 I art     : Explicit concurrent mark sweep GC freed 7101(433KB) AllocSpace objects, 5(92KB) LOS objects, 36% free, 27MB/43MB, paused 668us total 42.452ms
08-06 11:59:00.083  4314  6216 D OK      : calling: https://a.thumbs.redditmedia.com/N-frnMqRYp_XiaGds7kPbHf82a876RNKSQ1iw0LzHR0.jpg
08-06 11:59:00.091  4314  4622 I art     : Starting a blocking GC Explicit
08-06 11:59:00.101  4314  6217 D OK      : calling: https://b.thumbs.redditmedia.com/KH2o_q4MXufUdRChsfwLtl6gnEnT8MJtZn3Tyj5ZmBU.jpg
08-06 11:59:00.132  4314  4622 I art     : Explicit concurrent mark sweep GC freed 3137(147KB) AllocSpace objects, 0(0B) LOS objects, 36% free, 28MB/44MB, paused 752us total 40.727ms
08-06 11:59:00.146  4314  4622 I art     : Starting a blocking GC Explicit
08-06 11:59:00.150  4314  6218 D OK      : calling: https://b.thumbs.redditmedia.com/MGaOJeZl7UsmdtroJopYU_36HUNvQ9LUV5WFH_FJ2vI.jpg
08-06 11:59:00.190  4314  4622 I art     : Explicit concurrent mark sweep GC freed 4538(231KB) AllocSpace objects, 1(24KB) LOS objects, 35% free, 28MB/44MB, paused 709us total 44.315ms
08-06 11:59:00.201  4314  6219 D OK      : calling: https://a.thumbs.redditmedia.com/-D0hxchgus9EyzvGqvnabK_3Obl93tMfG9G58V1QwW8.jpg
08-06 11:59:00.205  4314  4622 I art     : Starting a blocking GC Explicit
08-06 11:59:00.221  4314  6220 D OK      : calling: https://b.thumbs.redditmedia.com/zCaV9kuSMZxmMvdmErGyUsYNdPrmX8LP9_Ee4QTT16g.jpg
08-06 11:59:00.232  4314  6223 D OK      : calling: https://b.thumbs.redditmedia.com/4EGkxZNzrzt-RCtd035cWyO0BipdbDVuPwi4W2v4TyM.jpg
08-06 11:59:00.251  4314  4622 I art     : Explicit concurrent mark sweep GC freed 11662(497KB) AllocSpace objects, 1(24KB) LOS objects, 35% free, 29MB/45MB, paused 1.060ms total 45.851ms
08-06 11:59:00.267  4314  4622 I art     : Starting a blocking GC Explicit
08-06 11:59:00.274   518   646 I ThermalEngine: ACTION: GPU - Setting GPU[0] to 450000000
08-06 11:59:00.276  4314  6229 D OK      : calling: https://a.thumbs.redditmedia.com/aVhMBmGX07uX0KhK0rKdhMvQ4UsOJIHN4KeTaa36EF4.jpg
08-06 11:59:00.321  4314  4622 I art     : Explicit concurrent mark sweep GC freed 7501(355KB) AllocSpace objects, 2(104KB) LOS objects, 35% free, 29MB/45MB, paused 975us total 54.230ms
08-06 11:59:00.395  4314  6217 I NAPPA_EXPERIMENTATION: MetricNetworkRequestExecutionTime: REQUEST_DURATION_SYSTEM='294',REQUEST_DURATION_OKHTTP='172',REQUEST_SYNCHRONOUS='TRUE',RESPONSE_CODE='200',RESPONSE_METHOD='GET',RESPONSE_LENGTH_OKHTTP='2613',RESPONSE_LENGTH_HEADER='2613',REQUEST_PROTOCOL='h2',REQUEST_URL='https://b.thumbs.redditmedia.com/KH2o_q4MXufUdRChsfwLtl6gnEnT8MJtZn3Tyj5ZmBU.jpg',
08-06 11:59:00.395  4314  6217 D OK      : request got status: 200
08-06 11:59:00.413  4314  4314 W RecyclerView: Cannot call this method in a scroll callback. Scroll callbacks mightbe run during a measure & layout pass where you cannot change theRecyclerView data. Any method call that might change the structureof the RecyclerView or the adapter contents should be postponed tothe next frame.
08-06 11:59:00.413  4314  4314 W RecyclerView: java.lang.IllegalStateException:  androidx.recyclerview.widget.RecyclerView{4d4c44e VFED..... .F....ID 0,0-1440,2140 #7f0900ef app:id/scrollbar_recyclerview_recyclerview}, adapter:baseline.org.quantumbadger.redreader.adapters.GroupedRecyclerViewAdapter@4bb896f, layout:androidx.recyclerview.widget.LinearLayoutManager@293867c, context:baseline.org.quantumbadger.redreader.activities.PostListingActivity@ec4c270
08-06 11:59:00.413  4314  4314 W RecyclerView: 	at androidx.recyclerview.widget.RecyclerView.assertNotInLayoutOrScroll(RecyclerView.java:3061)
08-06 11:59:00.413  4314  4314 W RecyclerView: 	at androidx.recyclerview.widget.RecyclerView$RecyclerViewDataObserver.onItemRangeInserted(RecyclerView.java:5555)
08-06 11:59:00.413  4314  4314 W RecyclerView: 	at androidx.recyclerview.widget.RecyclerView$AdapterDataObservable.notifyItemRangeInserted(RecyclerView.java:12278)
08-06 11:59:00.413  4314  4314 W RecyclerView: 	at androidx.recyclerview.widget.RecyclerView$Adapter.notifyItemInserted(RecyclerView.java:7464)
08-06 11:59:00.413  4314  4314 W RecyclerView: 	at baseline.org.quantumbadger.redreader.adapters.GroupedRecyclerViewAdapter.updateHiddenStatus(GroupedRecyclerViewAdapter.java:279)
08-06 11:59:00.413  4314  4314 W RecyclerView: 	at baseline.org.quantumbadger.redreader.adapters.RedditListingManager.setLoadingVisible(RedditListingManager.java:125)
08-06 11:59:00.413  4314  4314 W RecyclerView: 	at baseline.org.quantumbadger.redreader.fragments.PostListingFragment.onLoadMoreItemsCheck(PostListingFragment.java:465)
08-06 11:59:00.413  4314  4314 W RecyclerView: 	at baseline.org.quantumbadger.redreader.fragments.PostListingFragment.access$000(PostListingFragment.java:98)
08-06 11:59:00.413  4314  4314 W RecyclerView: 	at baseline.org.quantumbadger.redreader.fragments.PostListingFragment$2.onScrolled(PostListingFragment.java:215)
08-06 11:59:00.413  4314  4314 W RecyclerView: 	at androidx.recyclerview.widget.RecyclerView.dispatchOnScrolled(RecyclerView.java:5173)
08-06 11:59:00.413  4314  4314 W RecyclerView: 	at androidx.recyclerview.widget.RecyclerView.dispatchLayoutStep3(RecyclerView.java:4231)
08-06 11:59:00.413  4314  4314 W RecyclerView: 	at androidx.recyclerview.widget.RecyclerView.dispatchLayout(RecyclerView.java:3862)
08-06 11:59:00.413  4314  4314 W RecyclerView: 	at androidx.recyclerview.widget.RecyclerView.consumePendingUpdateOperations(RecyclerView.java:1897)
08-06 11:59:00.413  4314  4314 W RecyclerView: 	at androidx.recyclerview.widget.RecyclerView$1.run(RecyclerView.java:414)
08-06 11:59:00.413  4314  4314 W RecyclerView: 	at android.view.Choreographer$CallbackRecord.run(Choreographer.java:858)
08-06 11:59:00.413  4314  4314 W RecyclerView: 	at android.view.Choreographer.doCallbacks(Choreographer.java:670)
08-06 11:59:00.413  4314  4314 W RecyclerView: 	at android.view.Choreographer.doFrame(Choreographer.java:603)
08-06 11:59:00.413  4314  4314 W RecyclerView: 	at android.view.Choreographer$FrameDisplayEventReceiver.run(Choreographer.java:844)
08-06 11:59:00.413  4314  4314 W RecyclerView: 	at android.os.Handler.handleCallback(Handler.java:739)
08-06 11:59:00.413  4314  4314 W RecyclerView: 	at android.os.Handler.dispatchMessage(Handler.java:95)
08-06 11:59:00.413  4314  4314 W RecyclerView: 	at android.os.Looper.loop(Looper.java:148)
08-06 11:59:00.413  4314  4314 W RecyclerView: 	at android.app.ActivityThread.main(ActivityThread.java:5417)
08-06 11:59:00.413  4314  4314 W RecyclerView: 	at java.lang.reflect.Method.invoke(Native Method)
08-06 11:59:00.413  4314  4314 W RecyclerView: 	at com.android.internal.os.ZygoteInit$MethodAndArgsCaller.run(ZygoteInit.java:726)
08-06 11:59:00.413  4314  4314 W RecyclerView: 	at com.android.internal.os.ZygoteInit.main(ZygoteInit.java:616)
08-06 11:59:00.421  4314  6223 I NAPPA_EXPERIMENTATION: MetricNetworkRequestExecutionTime: REQUEST_DURATION_SYSTEM='189',REQUEST_DURATION_OKHTTP='189',REQUEST_SYNCHRONOUS='TRUE',RESPONSE_CODE='200',RESPONSE_METHOD='GET',RESPONSE_LENGTH_OKHTTP='4987',RESPONSE_LENGTH_HEADER='4987',REQUEST_PROTOCOL='h2',REQUEST_URL='https://b.thumbs.redditmedia.com/4EGkxZNzrzt-RCtd035cWyO0BipdbDVuPwi4W2v4TyM.jpg',
08-06 11:59:00.421  4314  6223 D OK      : request got status: 200
08-06 11:59:00.453  4314  6215 I NAPPA_EXPERIMENTATION: MetricNetworkRequestExecutionTime: REQUEST_DURATION_SYSTEM='399',REQUEST_DURATION_OKHTTP='204',REQUEST_SYNCHRONOUS='TRUE',RESPONSE_CODE='200',RESPONSE_METHOD='GET',RESPONSE_LENGTH_OKHTTP='2558',RESPONSE_LENGTH_HEADER='2558',REQUEST_PROTOCOL='h2',REQUEST_URL='https://b.thumbs.redditmedia.com/RROcLjDSUc0QV1UeQ1txXdyl1C_7233mmsMgtYXxQzo.jpg',
08-06 11:59:00.453  4314  6215 D OK      : request got status: 200
08-06 11:59:00.480  4314  6229 I NAPPA_EXPERIMENTATION: MetricNetworkRequestExecutionTime: REQUEST_DURATION_SYSTEM='202',REQUEST_DURATION_OKHTTP='201',REQUEST_SYNCHRONOUS='TRUE',RESPONSE_CODE='200',RESPONSE_METHOD='GET',RESPONSE_LENGTH_OKHTTP='6940',RESPONSE_LENGTH_HEADER='6940',REQUEST_PROTOCOL='h2',REQUEST_URL='https://a.thumbs.redditmedia.com/aVhMBmGX07uX0KhK0rKdhMvQ4UsOJIHN4KeTaa36EF4.jpg',
08-06 11:59:00.480  4314  6229 D OK      : request got status: 200
08-06 11:59:00.493  4314  6216 I NAPPA_EXPERIMENTATION: MetricNetworkRequestExecutionTime: REQUEST_DURATION_SYSTEM='410',REQUEST_DURATION_OKHTTP='247',REQUEST_SYNCHRONOUS='TRUE',RESPONSE_CODE='200',RESPONSE_METHOD='GET',RESPONSE_LENGTH_OKHTTP='3750',RESPONSE_LENGTH_HEADER='3750',REQUEST_PROTOCOL='h2',REQUEST_URL='https://a.thumbs.redditmedia.com/N-frnMqRYp_XiaGds7kPbHf82a876RNKSQ1iw0LzHR0.jpg',
08-06 11:59:00.493  4314  6216 D OK      : request got status: 200
08-06 11:59:00.496  4314  6218 I NAPPA_EXPERIMENTATION: MetricNetworkRequestExecutionTime: REQUEST_DURATION_SYSTEM='346',REQUEST_DURATION_OKHTTP='187',REQUEST_SYNCHRONOUS='TRUE',RESPONSE_CODE='200',RESPONSE_METHOD='GET',RESPONSE_LENGTH_OKHTTP='4804',RESPONSE_LENGTH_HEADER='4804',REQUEST_PROTOCOL='h2',REQUEST_URL='https://b.thumbs.redditmedia.com/MGaOJeZl7UsmdtroJopYU_36HUNvQ9LUV5WFH_FJ2vI.jpg',
08-06 11:59:00.497  4314  6218 D OK      : request got status: 200
08-06 11:59:00.509  4314  6219 I NAPPA_EXPERIMENTATION: MetricNetworkRequestExecutionTime: REQUEST_DURATION_SYSTEM='307',REQUEST_DURATION_OKHTTP='184',REQUEST_SYNCHRONOUS='TRUE',RESPONSE_CODE='200',RESPONSE_METHOD='GET',RESPONSE_LENGTH_OKHTTP='4818',RESPONSE_LENGTH_HEADER='4818',REQUEST_PROTOCOL='h2',REQUEST_URL='https://a.thumbs.redditmedia.com/-D0hxchgus9EyzvGqvnabK_3Obl93tMfG9G58V1QwW8.jpg',
08-06 11:59:00.510  4314  6219 D OK      : request got status: 200
08-06 11:59:00.601  4314  4326 I art     : Starting a blocking GC Explicit
08-06 11:59:00.640  4314  6220 I NAPPA_EXPERIMENTATION: MetricNetworkRequestExecutionTime: REQUEST_DURATION_SYSTEM='419',REQUEST_DURATION_OKHTTP='142',REQUEST_SYNCHRONOUS='TRUE',RESPONSE_CODE='200',RESPONSE_METHOD='GET',RESPONSE_LENGTH_OKHTTP='6132',RESPONSE_LENGTH_HEADER='6132',REQUEST_PROTOCOL='h2',REQUEST_URL='https://b.thumbs.redditmedia.com/zCaV9kuSMZxmMvdmErGyUsYNdPrmX8LP9_Ee4QTT16g.jpg',
08-06 11:59:00.640  4314  6220 D OK      : request got status: 200
08-06 11:59:00.655  4314  4326 I art     : Explicit concurrent mark sweep GC freed 67609(3MB) AllocSpace objects, 48(2MB) LOS objects, 36% free, 27MB/43MB, paused 465us total 53.661ms
08-06 11:59:00.673  4314  4326 I art     : Starting a blocking GC Explicit
08-06 11:59:00.712  4314  4326 I art     : Explicit concurrent mark sweep GC freed 947(76KB) AllocSpace objects, 2(88KB) LOS objects, 36% free, 27MB/43MB, paused 408us total 38.706ms
08-06 11:59:00.729  4314  4326 I art     : Starting a blocking GC Explicit
08-06 11:59:00.770  4314  4326 I art     : Explicit concurrent mark sweep GC freed 386(27KB) AllocSpace objects, 3(168KB) LOS objects, 36% free, 27MB/43MB, paused 421us total 40.292ms
08-06 11:59:00.789  4314  4326 I art     : Starting a blocking GC Explicit
08-06 11:59:00.839  4314  4326 I art     : Explicit concurrent mark sweep GC freed 10(304B) AllocSpace objects, 0(0B) LOS objects, 36% free, 27MB/43MB, paused 427us total 49.730ms
08-06 11:59:00.846  4314  6243 D OK      : calling: https://oauth.reddit.com/r/announcements/hot/.json?after=t3_9jf8nh
08-06 11:59:00.860  4314  4326 I art     : Starting a blocking GC Explicit
08-06 11:59:00.906  4314  4326 I art     : Explicit concurrent mark sweep GC freed 86(3KB) AllocSpace objects, 0(0B) LOS objects, 36% free, 27MB/43MB, paused 483us total 45.640ms
08-06 11:59:01.130   918  3261 D WifiStateMachine: starting scan for "H369AA63323"WPA_PSK with 2412,5180
08-06 11:59:01.192  4314  6243 I NAPPA_EXPERIMENTATION: MetricNetworkRequestExecutionTime: REQUEST_DURATION_SYSTEM='346',REQUEST_DURATION_OKHTTP='145',REQUEST_SYNCHRONOUS='TRUE',RESPONSE_CODE='200',RESPONSE_METHOD='GET',RESPONSE_LENGTH_OKHTTP='-1',RESPONSE_LENGTH_HEADER='65685',REQUEST_PROTOCOL='h2',REQUEST_URL='https://oauth.reddit.com/r/announcements/hot/.json?after=t3_9jf8nh',
08-06 11:59:01.193  4314  6243 D OK      : request got status: 200
08-06 11:59:01.207  4314  4904 I PostListingFragment: Precaching images: OFF
08-06 11:59:01.207  4314  4904 I PostListingFragment: Precaching comments: OFF
08-06 11:59:01.215  4314  4380 I art     : Starting a blocking GC Explicit
08-06 11:59:01.252  4314  6257 D OK      : calling: https://a.thumbs.redditmedia.com/8P7BG-empihRDWkNYE_LZ8tekikmQtEiymWkwv7obo0.jpg
08-06 11:59:01.275  4314  4380 I art     : Explicit concurrent mark sweep GC freed 6755(451KB) AllocSpace objects, 1(20KB) LOS objects, 35% free, 28MB/44MB, paused 913us total 60.018ms
08-06 11:59:01.293  4314  4380 I art     : Starting a blocking GC Explicit
08-06 11:59:01.298  4314  6258 D OK      : calling: https://b.thumbs.redditmedia.com/PCxvz6Ma5pyTglQOwhW4LZZOY0qIwyWW5pD83dYmMgc.jpg
08-06 11:59:01.344  4314  4380 I art     : Explicit concurrent mark sweep GC freed 6045(260KB) AllocSpace objects, 3(100KB) LOS objects, 35% free, 29MB/45MB, paused 838us total 50.896ms
08-06 11:59:01.363  4314  4380 I art     : Starting a blocking GC Explicit
08-06 11:59:01.414  4314  4380 I art     : Explicit concurrent mark sweep GC freed 3428(184KB) AllocSpace objects, 2(92KB) LOS objects, 35% free, 28MB/44MB, paused 718us total 50.688ms
08-06 11:59:01.433  4314  4380 I art     : Starting a blocking GC Explicit
08-06 11:59:01.440  4314  6258 I NAPPA_EXPERIMENTATION: MetricNetworkRequestExecutionTime: REQUEST_DURATION_SYSTEM='142',REQUEST_DURATION_OKHTTP='141',REQUEST_SYNCHRONOUS='TRUE',RESPONSE_CODE='200',RESPONSE_METHOD='GET',RESPONSE_LENGTH_OKHTTP='9233',RESPONSE_LENGTH_HEADER='9233',REQUEST_PROTOCOL='h2',REQUEST_URL='https://b.thumbs.redditmedia.com/PCxvz6Ma5pyTglQOwhW4LZZOY0qIwyWW5pD83dYmMgc.jpg',
08-06 11:59:01.441  4314  6258 D OK      : request got status: 200
08-06 11:59:01.480  4314  6257 I NAPPA_EXPERIMENTATION: MetricNetworkRequestExecutionTime: REQUEST_DURATION_SYSTEM='228',REQUEST_DURATION_OKHTTP='135',REQUEST_SYNCHRONOUS='TRUE',RESPONSE_CODE='200',RESPONSE_METHOD='GET',RESPONSE_LENGTH_OKHTTP='3039',RESPONSE_LENGTH_HEADER='3039',REQUEST_PROTOCOL='h2',REQUEST_URL='https://a.thumbs.redditmedia.com/8P7BG-empihRDWkNYE_LZ8tekikmQtEiymWkwv7obo0.jpg',
08-06 11:59:01.480  4314  6257 D OK      : request got status: 200
08-06 11:59:01.483  4314  4380 I art     : Explicit concurrent mark sweep GC freed 4074(192KB) AllocSpace objects, 5(256KB) LOS objects, 35% free, 29MB/45MB, paused 630us total 49.381ms
08-06 11:59:01.501  4314  4380 I art     : Starting a blocking GC Explicit
08-06 11:59:01.551  4314  4380 I art     : Explicit concurrent mark sweep GC freed 4298(240KB) AllocSpace objects, 5(528KB) LOS objects, 35% free, 29MB/45MB, paused 503us total 50.002ms
08-06 11:59:01.883  4314  4327 I art     : Starting a blocking GC Explicit
08-06 11:59:01.947  4314  4327 I art     : Explicit concurrent mark sweep GC freed 20434(1017KB) AllocSpace objects, 8(196KB) LOS objects, 36% free, 28MB/44MB, paused 457us total 63.700ms
08-06 11:59:01.970  4314  4327 I art     : Starting a blocking GC Explicit
08-06 11:59:02.021  4314  4327 I art     : Explicit concurrent mark sweep GC freed 269(11KB) AllocSpace objects, 0(0B) LOS objects, 36% free, 28MB/44MB, paused 410us total 50.454ms
08-06 11:59:02.040  4314  4327 I art     : Starting a blocking GC Explicit
08-06 11:59:02.088  4314  4327 I art     : Explicit concurrent mark sweep GC freed 3(96B) AllocSpace objects, 0(0B) LOS objects, 36% free, 28MB/44MB, paused 449us total 48.271ms
08-06 11:59:02.107  4314  4327 I art     : Starting a blocking GC Explicit
08-06 11:59:02.158  4314  4327 I art     : Explicit concurrent mark sweep GC freed 3(96B) AllocSpace objects, 0(0B) LOS objects, 36% free, 28MB/44MB, paused 441us total 50.749ms
08-06 11:59:02.176  4314  4327 I art     : Starting a blocking GC Explicit
08-06 11:59:02.225  4314  4327 I art     : Explicit concurrent mark sweep GC freed 3(96B) AllocSpace objects, 0(0B) LOS objects, 36% free, 28MB/44MB, paused 417us total 48.282ms
08-06 11:59:02.556  4314  4622 I art     : Starting a blocking GC Explicit
08-06 11:59:02.623  4314  4622 I art     : Explicit concurrent mark sweep GC freed 1347(82KB) AllocSpace objects, 1(20KB) LOS objects, 36% free, 28MB/44MB, paused 448us total 67.084ms
08-06 11:59:02.644  4314  4622 I art     : Starting a blocking GC Explicit
08-06 11:59:02.691  4314  4622 I art     : Explicit concurrent mark sweep GC freed 20(704B) AllocSpace objects, 0(0B) LOS objects, 36% free, 28MB/44MB, paused 426us total 46.301ms
08-06 11:59:02.709  4314  4622 I art     : Starting a blocking GC Explicit
08-06 11:59:02.760  4314  4622 I art     : Explicit concurrent mark sweep GC freed 3(96B) AllocSpace objects, 0(0B) LOS objects, 36% free, 28MB/44MB, paused 452us total 50.342ms
08-06 11:59:02.782  4314  4622 I art     : Starting a blocking GC Explicit
08-06 11:59:02.829  4314  4622 I art     : Explicit concurrent mark sweep GC freed 3(96B) AllocSpace objects, 0(0B) LOS objects, 36% free, 28MB/44MB, paused 388us total 47.426ms
08-06 11:59:02.848  4314  4622 I art     : Starting a blocking GC Explicit
08-06 11:59:02.898  4314  4622 I art     : Explicit concurrent mark sweep GC freed 3(96B) AllocSpace objects, 0(0B) LOS objects, 36% free, 28MB/44MB, paused 444us total 49.534ms
08-06 11:59:02.938  3017  3017 I ServiceManager: Waiting for service AtCmdFwd...
08-06 11:59:03.251  4314  4326 I art     : Starting a blocking GC Explicit
08-06 11:59:03.317  4314  4326 I art     : Explicit concurrent mark sweep GC freed 1347(82KB) AllocSpace objects, 1(20KB) LOS objects, 36% free, 28MB/44MB, paused 434us total 65.727ms
08-06 11:59:03.339  4314  4326 I art     : Starting a blocking GC Explicit
08-06 11:59:03.390  4314  4326 I art     : Explicit concurrent mark sweep GC freed 20(704B) AllocSpace objects, 0(0B) LOS objects, 36% free, 28MB/44MB, paused 416us total 50.491ms
08-06 11:59:03.412  4314  4326 I art     : Starting a blocking GC Explicit
08-06 11:59:03.460  4314  4326 I art     : Explicit concurrent mark sweep GC freed 3(96B) AllocSpace objects, 0(0B) LOS objects, 36% free, 28MB/44MB, paused 412us total 48.058ms
08-06 11:59:03.479  4314  4326 I art     : Starting a blocking GC Explicit
08-06 11:59:03.530  4314  4326 I art     : Explicit concurrent mark sweep GC freed 3(96B) AllocSpace objects, 0(0B) LOS objects, 36% free, 28MB/44MB, paused 458us total 50.884ms
08-06 11:59:03.552  4314  4326 I art     : Starting a blocking GC Explicit
08-06 11:59:03.598  4314  4326 I art     : Explicit concurrent mark sweep GC freed 3(96B) AllocSpace objects, 0(0B) LOS objects, 36% free, 28MB/44MB, paused 394us total 46.278ms
08-06 11:59:03.899  4314  4327 I art     : Starting a blocking GC Explicit
08-06 11:59:03.938  3017  3017 I ServiceManager: Waiting for service AtCmdFwd...
08-06 11:59:03.944  4314  4327 I art     : Explicit concurrent mark sweep GC freed 1352(83KB) AllocSpace objects, 1(20KB) LOS objects, 36% free, 28MB/44MB, paused 415us total 43.856ms
08-06 11:59:03.962  4314  4327 I art     : Starting a blocking GC Explicit
08-06 11:59:04.009  4314  4327 I art     : Explicit concurrent mark sweep GC freed 35(1264B) AllocSpace objects, 0(0B) LOS objects, 36% free, 28MB/44MB, paused 449us total 46.338ms
08-06 11:59:04.027  4314  4327 I art     : Starting a blocking GC Explicit
08-06 11:59:04.075  4314  4327 I art     : Explicit concurrent mark sweep GC freed 3(96B) AllocSpace objects, 0(0B) LOS objects, 36% free, 28MB/44MB, paused 417us total 47.921ms
08-06 11:59:04.094  4314  4327 I art     : Starting a blocking GC Explicit
08-06 11:59:04.142  4314  4327 I art     : Explicit concurrent mark sweep GC freed 3(96B) AllocSpace objects, 0(0B) LOS objects, 36% free, 28MB/44MB, paused 409us total 47.883ms
08-06 11:59:04.160  4314  4327 I art     : Starting a blocking GC Explicit
08-06 11:59:04.193  6291  6291 D AndroidRuntime: >>>>>> START com.android.internal.os.RuntimeInit uid 2000 <<<<<<
08-06 11:59:04.199  6291  6291 D AndroidRuntime: CheckJNI is OFF
08-06 11:59:04.207  4314  4327 I art     : Explicit concurrent mark sweep GC freed 3(96B) AllocSpace objects, 0(0B) LOS objects, 36% free, 28MB/44MB, paused 515us total 46.966ms
08-06 11:59:04.246  6291  6291 D ICU     : No timezone override file found: /data/misc/zoneinfo/current/icu/icu_tzdata.dat
08-06 11:59:04.282   518   646 I ThermalEngine: ACTION: GPU - Setting GPU[0] to 510000000
08-06 11:59:04.291  6291  6291 I Radio-JNI: register_android_hardware_Radio DONE
08-06 11:59:04.319  6291  6291 D AndroidRuntime: Calling main entry com.android.commands.input.Input
08-06 11:59:04.321  6291  6291 I Input   : injectMotionEvent: MotionEvent { action=ACTION_DOWN, actionButton=0, id[0]=0, x[0]=600.0, y[0]=580.0, toolType[0]=TOOL_TYPE_UNKNOWN, buttonState=0, metaState=0, flags=0x0, edgeFlags=0x0, pointerCount=1, historySize=0, eventTime=878360734, downTime=878360734, deviceId=0, source=0x1002 }
08-06 11:59:04.327  6291  6291 I Input   : injectMotionEvent: MotionEvent { action=ACTION_UP, actionButton=0, id[0]=0, x[0]=600.0, y[0]=580.0, toolType[0]=TOOL_TYPE_UNKNOWN, buttonState=0, metaState=0, flags=0x0, edgeFlags=0x0, pointerCount=1, historySize=0, eventTime=878360734, downTime=878360734, deviceId=0, source=0x1002 }
08-06 11:59:04.330  6291  6291 D AndroidRuntime: Shutting down VM
08-06 11:59:04.340   512  2967 D audio_hw_primary: out_set_parameters: enter: usecase(1: low-latency-playback) kvpairs: routing=2
08-06 11:59:04.342   918   929 I ActivityManager: START u0 {cmp=baseline.org.quantumbadger.redreader/.activities.WebViewActivity (has extras)} from uid 10705 on display 0
08-06 11:59:04.354   512  2967 D audio_hw_primary: select_devices: out_snd_device(2: speaker) in_snd_device(0: none)
08-06 11:59:04.354   512  2967 D msm8974_platform: platform_send_audio_calibration: sending audio calibration for snd_device(2) acdb_id(15)
08-06 11:59:04.354   512  2967 I soundtrigger: audio_extn_sound_trigger_update_device_status: device 0x2 of type 0 for Event 1
08-06 11:59:04.364   512  2967 D audio_hw_primary: enable_snd_device: snd_device(2: speaker)
08-06 11:59:04.366  4314  4314 I AppCompatViewInflater: app:theme is now deprecated. Please move to using android:theme instead.
08-06 11:59:04.367   512  2967 D audio_hw_primary: enable_audio_route: apply and update mixer path: low-latency-playback speaker
08-06 11:59:04.381  4314  4314 I WebViewFactory: Loading com.google.android.webview version 84.0.4147.89 (code 414708953)
08-06 11:59:04.453  4314  4314 I cr_LibraryLoader: Loaded native library version number "84.0.4147.89"
08-06 11:59:04.454  4314  4314 I cr_CachingUmaRecorder: Flushed 5 samples from 5 histograms.
08-06 11:59:04.475  4314  4326 I art     : Starting a blocking GC Explicit
08-06 11:59:04.489  4314  4314 E chromium: [ERROR:filesystem_posix.cc(62)] mkdir /data/user/0/baseline.org.quantumbadger.redreader/cache/WebView/Crashpad: No such file or directory (2)
08-06 11:59:04.514  4314  4326 I art     : Explicit concurrent mark sweep GC freed 7570(681KB) AllocSpace objects, 3(60KB) LOS objects, 35% free, 29MB/45MB, paused 726us total 39.314ms
08-06 11:59:04.554  4314  4326 I art     : Starting a blocking GC Explicit
08-06 11:59:04.574   918  5132 D ConnectivityService: listenForNetwork for Listen from uid/pid:10705/4314 for NetworkRequest [ id=3940, legacyType=-1, [ Capabilities: INTERNET&NOT_RESTRICTED&TRUSTED] ]
08-06 11:59:04.591  4314  4326 I art     : Explicit concurrent mark sweep GC freed 7078(570KB) AllocSpace objects, 3(76KB) LOS objects, 35% free, 29MB/45MB, paused 965us total 36.482ms
08-06 11:59:04.604  4314  4326 I art     : Starting a blocking GC Explicit
08-06 11:59:04.617  4314  6341 W cr_media: Requires BLUETOOTH permission
08-06 11:59:04.637  4314  6353 E libEGL  : validate_display:255 error 3008 (EGL_BAD_DISPLAY)
08-06 11:59:04.645  4314  4326 I art     : Explicit concurrent mark sweep GC freed 2384(165KB) AllocSpace objects, 0(0B) LOS objects, 35% free, 29MB/45MB, paused 1.032ms total 40.491ms
08-06 11:59:04.664  4314  4326 I art     : Starting a blocking GC Explicit
08-06 11:59:04.703  4314  4326 I art     : Explicit concurrent mark sweep GC freed 600(33KB) AllocSpace objects, 0(0B) LOS objects, 35% free, 29MB/45MB, paused 499us total 38.976ms
08-06 11:59:04.723  4314  4326 I art     : Starting a blocking GC Explicit
08-06 11:59:04.757  4314  4326 I art     : Explicit concurrent mark sweep GC freed 634(30KB) AllocSpace objects, 0(0B) LOS objects, 35% free, 29MB/45MB, paused 602us total 33.469ms
08-06 11:59:04.759   918   936 I ActivityManager: Displayed baseline.org.quantumbadger.redreader/.activities.WebViewActivity: +409ms
08-06 11:59:04.760 13866 13866 I GoogleInputMethodServic: GoogleInputMethodService.onFinishInput():3138 
08-06 11:59:04.760 13866 13866 I GoogleInputMethodServic: GoogleInputMethodService.onStartInput():1808 
08-06 11:59:04.910   512  2967 D audio_hw_primary: disable_audio_route: reset and update mixer path: low-latency-playback speaker
08-06 11:59:04.913   512  2967 D audio_hw_primary: disable_snd_device: snd_device(2: speaker)
08-06 11:59:04.923   512  2967 I soundtrigger: audio_extn_sound_trigger_update_device_status: device 0x2 of type 0 for Event 0
08-06 11:59:04.939  3017  3017 I ServiceManager: Waiting for service AtCmdFwd...
08-06 11:59:05.022   380   380 W SurfaceFlinger: couldn't log to binary event log: overflow.
08-06 11:59:05.078  4314  4327 I art     : Starting a blocking GC Explicit
08-06 11:59:05.113  4314  4327 I art     : Explicit concurrent mark sweep GC freed 5303(312KB) AllocSpace objects, 4(220KB) LOS objects, 35% free, 29MB/45MB, paused 600us total 34.400ms
08-06 11:59:05.131  4314  4327 I art     : Starting a blocking GC Explicit
08-06 11:59:05.164  4314  4327 I art     : Explicit concurrent mark sweep GC freed 1239(135KB) AllocSpace objects, 0(0B) LOS objects, 35% free, 29MB/45MB, paused 472us total 33.420ms
08-06 11:59:05.180  4314  4327 I art     : Starting a blocking GC Explicit
08-06 11:59:05.215  4314  4327 I art     : Explicit concurrent mark sweep GC freed 15(512B) AllocSpace objects, 0(0B) LOS objects, 35% free, 29MB/45MB, paused 509us total 34.246ms
08-06 11:59:05.229  4314  4327 I art     : Starting a blocking GC Explicit
08-06 11:59:05.262  4314  4327 I art     : Explicit concurrent mark sweep GC freed 1898(78KB) AllocSpace objects, 0(0B) LOS objects, 35% free, 29MB/45MB, paused 508us total 33.271ms
08-06 11:59:05.276  4314  4327 I art     : Starting a blocking GC Explicit
08-06 11:59:05.309  4314  4327 I art     : Explicit concurrent mark sweep GC freed 100(5KB) AllocSpace objects, 0(0B) LOS objects, 35% free, 29MB/45MB, paused 471us total 33.375ms
08-06 11:59:05.603  4314  4326 I art     : Starting a blocking GC Explicit
08-06 11:59:05.644  4314  4326 I art     : Explicit concurrent mark sweep GC freed 3330(164KB) AllocSpace objects, 1(20KB) LOS objects, 35% free, 29MB/45MB, paused 391us total 40.759ms
08-06 11:59:05.658  4314  4326 I art     : Starting a blocking GC Explicit
08-06 11:59:05.691  4314  4326 I art     : Explicit concurrent mark sweep GC freed 66(2208B) AllocSpace objects, 0(0B) LOS objects, 35% free, 29MB/45MB, paused 485us total 32.994ms
08-06 11:59:05.705  4314  4326 I art     : Starting a blocking GC Explicit
08-06 11:59:05.738  4314  4326 I art     : Explicit concurrent mark sweep GC freed 3(96B) AllocSpace objects, 0(0B) LOS objects, 35% free, 29MB/45MB, paused 481us total 32.262ms
08-06 11:59:05.751  4314  4326 I art     : Starting a blocking GC Explicit
08-06 11:59:05.784  4314  4326 I art     : Explicit concurrent mark sweep GC freed 3(96B) AllocSpace objects, 0(0B) LOS objects, 35% free, 29MB/45MB, paused 475us total 33.014ms
08-06 11:59:05.797  4314  4326 I art     : Starting a blocking GC Explicit
08-06 11:59:05.831  4314  4326 I art     : Explicit concurrent mark sweep GC freed 3(96B) AllocSpace objects, 0(0B) LOS objects, 35% free, 29MB/45MB, paused 468us total 33.077ms
08-06 11:59:05.893  4314  4314 I Choreographer: Skipped 40 frames!  The application may be doing too much work on its main thread.
08-06 11:59:05.940  3017  3017 I ServiceManager: Waiting for service AtCmdFwd...
08-06 11:59:06.172  4314  4622 I art     : Starting a blocking GC Explicit
08-06 11:59:06.214  4314  4622 I art     : Explicit concurrent mark sweep GC freed 1400(84KB) AllocSpace objects, 1(20KB) LOS objects, 35% free, 29MB/45MB, paused 727us total 41.735ms
08-06 11:59:06.232  4314  4622 I art     : Starting a blocking GC Explicit
08-06 11:59:06.270  4314  4622 I art     : Explicit concurrent mark sweep GC freed 27(912B) AllocSpace objects, 0(0B) LOS objects, 35% free, 29MB/45MB, paused 531us total 37.855ms
08-06 11:59:06.284  4314  4622 I art     : Starting a blocking GC Explicit
08-06 11:59:06.288   518   646 I ThermalEngine: ACTION: GPU - Setting GPU[0] to 450000000
08-06 11:59:06.335  4314  4622 I art     : Explicit concurrent mark sweep GC freed 16(512B) AllocSpace objects, 0(0B) LOS objects, 35% free, 29MB/45MB, paused 695us total 49.969ms
08-06 11:59:06.335  4314  4325 I art     : WaitForGcToComplete blocked for 49.982ms for cause HeapTrim
08-06 11:59:06.358  4314  4622 I art     : Starting a blocking GC Explicit
08-06 11:59:06.408  4314  4622 I art     : Explicit concurrent mark sweep GC freed 22(704B) AllocSpace objects, 0(0B) LOS objects, 35% free, 29MB/45MB, paused 555us total 49.582ms
08-06 11:59:06.428  4314  4622 I art     : Starting a blocking GC Explicit
08-06 11:59:06.485  4314  4622 I art     : Explicit concurrent mark sweep GC freed 19(608B) AllocSpace objects, 0(0B) LOS objects, 35% free, 29MB/45MB, paused 757us total 57.038ms
08-06 11:59:06.869  4314  4380 I art     : Starting a blocking GC Explicit
08-06 11:59:06.918  4314  4380 I art     : Explicit concurrent mark sweep GC freed 1536(114KB) AllocSpace objects, 1(20KB) LOS objects, 35% free, 29MB/45MB, paused 600us total 49.368ms
08-06 11:59:06.937  4314  4380 I art     : Starting a blocking GC Explicit
08-06 11:59:06.938  4314  4314 I chromium: [INFO:CONSOLE(1)] "
08-06 11:59:06.938  4314  4314 I chromium:                   ,d"=,.,qOp,
08-06 11:59:06.938  4314  4314 I chromium:                  ,7'  ''$(  )
08-06 11:59:06.938  4314  4314 I chromium:                 ,7'      '?q$7'
08-06 11:59:06.938  4314  4314 I chromium:              ..,$$,.
08-06 11:59:06.938  4314  4314 I chromium:    ,.  .,,--***""***--,,.  .,
08-06 11:59:06.938  4314  4314 I chromium:     ,p''              ''q,   
08-06 11:59:06.938  4314  4314 I chromium: :  ,7'                      '7,  :
08-06 11:59:06.938  4314  4314 I chromium:  ' $      ,db,      ,db,      $ '
08-06 11:59:06.938  4314  4314 I chromium:   '$      $$      $$      $'    Using Reddit at work? Work for Reddit.
08-06 11:59:06.938  4314  4314 I chromium:   '$                          $'        https://www.reddit.com/jobs
08-06 11:59:06.938  4314  4314 I chromium:    '$.     .,        ,.     .$'
08-06 11:59:06.938  4314  4314 I chromium:     'b,     ''     ,d'
08-06 11:59:06.938  4314  4314 I chromium:      '?bn,,          ,,nd?'
08-06 11:59:06.938  4314  4314 I chromium:        ,7$ '''' $7,
08-06 11:59:06.938  4314  4314 I chromium:      , $              $ ,
08-06 11:59:06.938  4314  4314 I chromium:      $  :$              $:  $
08-06 11:59:06.938  4314  4314 I chromium:      $   $              $   $
08-06 11:59:06.938  4314  4314 I chromium:      'b  q:            :p  d'
08-06 11:59:06.938  4314  4314 I chromium:       '?$.          .$?'
08-06 11:59:06.938  4314  4314 I chromium:          'b            d'
08-06 11:59:06.938  4314  4314 I chromium:        ,'?,.      .,?',
08-06 11:59:06.938  4314  4314 I chromium:       ==--==--==--==
08-06 11:59:06.938  4314  4314 I chromium: ", source: https://www.redditstatic.com/desktop2x/Chat~Governance~Reddit.2ea93b134a9b2e5b1d9a.js (1)
08-06 11:59:06.940  3017  3017 I ServiceManager: Waiting for service AtCmdFwd...
08-06 11:59:06.984  4314  4380 I art     : Explicit concurrent mark sweep GC freed 91(3KB) AllocSpace objects, 0(0B) LOS objects, 35% free, 29MB/45MB, paused 630us total 46.369ms
08-06 11:59:07.002  4314  4380 I art     : Starting a blocking GC Explicit
08-06 11:59:07.050  4314  4380 I art     : Explicit concurrent mark sweep GC freed 6(2368B) AllocSpace objects, 0(0B) LOS objects, 35% free, 29MB/45MB, paused 566us total 47.546ms
08-06 11:59:07.068  4314  4380 I art     : Starting a blocking GC Explicit
08-06 11:59:07.116  4314  4380 I art     : Explicit concurrent mark sweep GC freed 3(96B) AllocSpace objects, 0(0B) LOS objects, 35% free, 29MB/45MB, paused 559us total 47.394ms
08-06 11:59:07.134  4314  4380 I art     : Starting a blocking GC Explicit
08-06 11:59:07.183  4314  4380 I art     : Explicit concurrent mark sweep GC freed 3(96B) AllocSpace objects, 0(0B) LOS objects, 35% free, 29MB/45MB, paused 565us total 48.663ms
08-06 11:59:07.573  4314  4622 I art     : Starting a blocking GC Explicit
08-06 11:59:07.623  4314  4622 I art     : Explicit concurrent mark sweep GC freed 1367(83KB) AllocSpace objects, 1(20KB) LOS objects, 35% free, 29MB/45MB, paused 628us total 49.381ms
08-06 11:59:07.642  4314  4622 I art     : Starting a blocking GC Explicit
08-06 11:59:07.689  4314  4622 I art     : Explicit concurrent mark sweep GC freed 22(768B) AllocSpace objects, 0(0B) LOS objects, 35% free, 29MB/45MB, paused 570us total 46.590ms
08-06 11:59:07.707  4314  4622 I art     : Starting a blocking GC Explicit
08-06 11:59:07.754  4314  4622 I art     : Explicit concurrent mark sweep GC freed 3(96B) AllocSpace objects, 0(0B) LOS objects, 35% free, 29MB/45MB, paused 603us total 46.284ms
08-06 11:59:07.772  4314  4622 I art     : Starting a blocking GC Explicit
08-06 11:59:07.817  4314  4622 I art     : Explicit concurrent mark sweep GC freed 3(96B) AllocSpace objects, 0(0B) LOS objects, 35% free, 29MB/45MB, paused 633us total 44.881ms
08-06 11:59:07.836  4314  4622 I art     : Starting a blocking GC Explicit
08-06 11:59:07.881  4314  4622 I art     : Explicit concurrent mark sweep GC freed 3(96B) AllocSpace objects, 0(0B) LOS objects, 35% free, 29MB/45MB, paused 551us total 45.343ms
08-06 11:59:07.941  3017  3017 W Atfwd_Sendcmd: AtCmdFwd service not published, waiting... retryCnt : 2
08-06 11:59:08.252  4314  4380 I art     : Starting a blocking GC Explicit
08-06 11:59:08.300  4314  4380 I art     : Explicit concurrent mark sweep GC freed 1567(95KB) AllocSpace objects, 1(20KB) LOS objects, 35% free, 29MB/45MB, paused 545us total 48.461ms
08-06 11:59:08.319  4314  4380 I art     : Starting a blocking GC Explicit
08-06 11:59:08.372  4314  4380 I art     : Explicit concurrent mark sweep GC freed 20(704B) AllocSpace objects, 0(0B) LOS objects, 35% free, 29MB/45MB, paused 493us total 52.986ms
08-06 11:59:08.391  4314  4380 I art     : Starting a blocking GC Explicit
08-06 11:59:08.438  4314  4380 I art     : Explicit concurrent mark sweep GC freed 7(208B) AllocSpace objects, 0(0B) LOS objects, 35% free, 29MB/45MB, paused 877us total 46.235ms
08-06 11:59:08.460  4314  4380 I art     : Starting a blocking GC Explicit
08-06 11:59:08.505  4314  4380 I art     : Explicit concurrent mark sweep GC freed 14(2784B) AllocSpace objects, 0(0B) LOS objects, 35% free, 29MB/45MB, paused 569us total 44.711ms
08-06 11:59:08.523  4314  4380 I art     : Starting a blocking GC Explicit
08-06 11:59:08.569  4314  4380 I art     : Explicit concurrent mark sweep GC freed 3(96B) AllocSpace objects, 0(0B) LOS objects, 35% free, 29MB/45MB, paused 494us total 46.063ms
08-06 11:59:08.949  4314  4622 I art     : Starting a blocking GC Explicit
08-06 11:59:08.994  4314  4622 I art     : Explicit concurrent mark sweep GC freed 1401(85KB) AllocSpace objects, 1(20KB) LOS objects, 35% free, 29MB/45MB, paused 530us total 43.593ms
08-06 11:59:09.012  4314  4622 I art     : Starting a blocking GC Explicit
08-06 11:59:09.061  4314  4622 I art     : Explicit concurrent mark sweep GC freed 20(704B) AllocSpace objects, 0(0B) LOS objects, 35% free, 29MB/45MB, paused 716us total 48.783ms
08-06 11:59:09.084  4314  4622 I art     : Starting a blocking GC Explicit
08-06 11:59:09.134  4314  4622 I art     : Explicit concurrent mark sweep GC freed 3(96B) AllocSpace objects, 0(0B) LOS objects, 35% free, 29MB/45MB, paused 528us total 49.949ms
08-06 11:59:09.155  4314  4622 I art     : Starting a blocking GC Explicit
08-06 11:59:09.206  4314  4622 I art     : Explicit concurrent mark sweep GC freed 3(96B) AllocSpace objects, 0(0B) LOS objects, 35% free, 29MB/45MB, paused 559us total 50.573ms
08-06 11:59:09.224  4314  4622 I art     : Starting a blocking GC Explicit
08-06 11:59:09.278  4314  4622 I art     : Explicit concurrent mark sweep GC freed 3(96B) AllocSpace objects, 0(0B) LOS objects, 35% free, 29MB/45MB, paused 536us total 52.953ms
08-06 11:59:09.353  4314  6318 I RedditChangeDataIO: Writing tmp data file at '/data/user/0/baseline.org.quantumbadger.redreader/files/rr_change_data_tmp.dat'
08-06 11:59:09.354  4314  6318 I RedditChangeDataManager: Taking snapshot...
08-06 11:59:09.354  4314  6318 I RedditChangeDataManager: Writing to stream...
08-06 11:59:09.354  4314  6318 I RedditChangeDataManager: Wrote 4 entries for user ''
08-06 11:59:09.354  4314  6318 I RedditChangeDataManager: All entries written to stream.
08-06 11:59:09.354  4314  6318 I RedditChangeDataIO: Write successful. Atomically replacing data file...
08-06 11:59:09.355  4314  6318 I RedditChangeDataIO: Write complete.
08-06 11:59:09.355  4314  6318 I RedditChangeDataIO: 110 bytes written in 2 ms
08-06 11:59:09.661  4314  4327 I art     : Starting a blocking GC Explicit
08-06 11:59:09.714  4314  4327 I art     : Explicit concurrent mark sweep GC freed 1436(87KB) AllocSpace objects, 2(88KB) LOS objects, 35% free, 29MB/45MB, paused 538us total 51.731ms
08-06 11:59:09.732  4314  4327 I art     : Starting a blocking GC Explicit
08-06 11:59:09.783  4314  4327 I art     : Explicit concurrent mark sweep GC freed 23(800B) AllocSpace objects, 0(0B) LOS objects, 35% free, 29MB/45MB, paused 533us total 49.971ms
08-06 11:59:09.801  4314  4327 I art     : Starting a blocking GC Explicit
08-06 11:59:09.847  4314  4327 I art     : Explicit concurrent mark sweep GC freed 3(96B) AllocSpace objects, 0(0B) LOS objects, 35% free, 29MB/45MB, paused 555us total 45.630ms
08-06 11:59:09.870  4314  4327 I art     : Starting a blocking GC Explicit
08-06 11:59:09.916  4314  4327 I art     : Explicit concurrent mark sweep GC freed 5(176B) AllocSpace objects, 0(0B) LOS objects, 35% free, 29MB/45MB, paused 522us total 45.188ms
08-06 11:59:09.935  4314  4327 I art     : Starting a blocking GC Explicit
08-06 11:59:09.986  4314  4327 I art     : Explicit concurrent mark sweep GC freed 3(96B) AllocSpace objects, 0(0B) LOS objects, 35% free, 29MB/45MB, paused 529us total 50.678ms
08-06 11:59:10.364  4314  4326 I art     : Starting a blocking GC Explicit
08-06 11:59:10.414  4314  4326 I art     : Explicit concurrent mark sweep GC freed 1355(82KB) AllocSpace objects, 1(20KB) LOS objects, 35% free, 29MB/45MB, paused 555us total 49.491ms
08-06 11:59:10.432  4314  4326 I art     : Starting a blocking GC Explicit
08-06 11:59:10.484  4314  4326 I art     : Explicit concurrent mark sweep GC freed 20(704B) AllocSpace objects, 0(0B) LOS objects, 35% free, 29MB/45MB, paused 547us total 51.073ms
08-06 11:59:10.502  4314  4326 I art     : Starting a blocking GC Explicit
08-06 11:59:10.551  4314  4326 I art     : Explicit concurrent mark sweep GC freed 3(96B) AllocSpace objects, 0(0B) LOS objects, 35% free, 29MB/45MB, paused 490us total 48.018ms
08-06 11:59:10.574  4314  4326 I art     : Starting a blocking GC Explicit
08-06 11:59:10.623  4314  4326 I art     : Explicit concurrent mark sweep GC freed 3(96B) AllocSpace objects, 0(0B) LOS objects, 35% free, 29MB/45MB, paused 533us total 47.977ms
08-06 11:59:10.642  4314  4326 I art     : Starting a blocking GC Explicit
08-06 11:59:10.693  4314  4326 I art     : Explicit concurrent mark sweep GC freed 3(96B) AllocSpace objects, 0(0B) LOS objects, 35% free, 29MB/45MB, paused 520us total 51.284ms
08-06 11:59:11.092  4314  4380 I art     : Starting a blocking GC Explicit
08-06 11:59:11.141  4314  4380 I art     : Explicit concurrent mark sweep GC freed 1355(82KB) AllocSpace objects, 1(20KB) LOS objects, 35% free, 29MB/45MB, paused 587us total 48.895ms
08-06 11:59:11.162  4314  4380 I art     : Starting a blocking GC Explicit
08-06 11:59:11.207  4314  4380 I art     : Explicit concurrent mark sweep GC freed 20(704B) AllocSpace objects, 0(0B) LOS objects, 35% free, 29MB/45MB, paused 543us total 44.415ms
08-06 11:59:11.225  4314  4380 I art     : Starting a blocking GC Explicit
08-06 11:59:11.278  4314  4380 I art     : Explicit concurrent mark sweep GC freed 3(96B) AllocSpace objects, 0(0B) LOS objects, 35% free, 29MB/45MB, paused 518us total 52.956ms
08-06 11:59:11.296  4314  4380 I art     : Starting a blocking GC Explicit
08-06 11:59:11.348  4314  4380 I art     : Explicit concurrent mark sweep GC freed 3(96B) AllocSpace objects, 0(0B) LOS objects, 35% free, 29MB/45MB, paused 3.151ms total 50.862ms
08-06 11:59:11.367  4314  4380 I art     : Starting a blocking GC Explicit
08-06 11:59:11.417  4314  4380 I art     : Explicit concurrent mark sweep GC freed 3(96B) AllocSpace objects, 0(0B) LOS objects, 35% free, 29MB/45MB, paused 595us total 50.040ms
08-06 11:59:11.417  4314  4325 I art     : WaitForGcToComplete blocked for 9.115ms for cause HeapTrim
08-06 11:59:11.804  4314  4622 I art     : Starting a blocking GC Explicit
08-06 11:59:11.852  4314  4622 I art     : Explicit concurrent mark sweep GC freed 1355(82KB) AllocSpace objects, 1(20KB) LOS objects, 35% free, 29MB/45MB, paused 502us total 47.214ms
08-06 11:59:11.871  4314  4622 I art     : Starting a blocking GC Explicit
08-06 11:59:11.917  4314  4622 I art     : Explicit concurrent mark sweep GC freed 20(704B) AllocSpace objects, 0(0B) LOS objects, 35% free, 29MB/45MB, paused 548us total 45.646ms
08-06 11:59:11.935  4314  4622 I art     : Starting a blocking GC Explicit
08-06 11:59:11.989  4314  4622 I art     : Explicit concurrent mark sweep GC freed 3(96B) AllocSpace objects, 0(0B) LOS objects, 35% free, 29MB/45MB, paused 557us total 53.102ms
08-06 11:59:12.007  4314  4622 I art     : Starting a blocking GC Explicit
08-06 11:59:12.055  4314  4622 I art     : Explicit concurrent mark sweep GC freed 3(96B) AllocSpace objects, 0(0B) LOS objects, 35% free, 29MB/45MB, paused 502us total 47.624ms
08-06 11:59:12.081  4314  4622 I art     : Starting a blocking GC Explicit
08-06 11:59:12.130  4314  4622 I art     : Explicit concurrent mark sweep GC freed 3(96B) AllocSpace objects, 0(0B) LOS objects, 35% free, 29MB/45MB, paused 468us total 49.008ms
08-06 11:59:12.529  4314  4326 I art     : Starting a blocking GC Explicit
08-06 11:59:12.584  4314  4326 I art     : Explicit concurrent mark sweep GC freed 1355(82KB) AllocSpace objects, 1(20KB) LOS objects, 35% free, 29MB/45MB, paused 524us total 54.380ms
08-06 11:59:12.602  4314  4326 I art     : Starting a blocking GC Explicit
08-06 11:59:12.646  4314  4326 I art     : Explicit concurrent mark sweep GC freed 20(704B) AllocSpace objects, 0(0B) LOS objects, 35% free, 29MB/45MB, paused 494us total 43.980ms
08-06 11:59:12.669  4314  4326 I art     : Starting a blocking GC Explicit
08-06 11:59:12.717  4314  4326 I art     : Explicit concurrent mark sweep GC freed 3(96B) AllocSpace objects, 0(0B) LOS objects, 35% free, 29MB/45MB, paused 549us total 47.603ms
08-06 11:59:12.735  4314  4326 I art     : Starting a blocking GC Explicit
08-06 11:59:12.788  4314  4326 I art     : Explicit concurrent mark sweep GC freed 3(96B) AllocSpace objects, 0(0B) LOS objects, 35% free, 29MB/45MB, paused 536us total 52.918ms
08-06 11:59:12.808  4314  4326 I art     : Starting a blocking GC Explicit
08-06 11:59:12.856  4314  4326 I art     : Explicit concurrent mark sweep GC freed 3(96B) AllocSpace objects, 0(0B) LOS objects, 35% free, 29MB/45MB, paused 622us total 47.943ms
08-06 11:59:13.105  6488  6488 D AndroidRuntime: >>>>>> START com.android.internal.os.RuntimeInit uid 2000 <<<<<<
08-06 11:59:13.111  6488  6488 D AndroidRuntime: CheckJNI is OFF
08-06 11:59:13.154  6488  6488 D ICU     : No timezone override file found: /data/misc/zoneinfo/current/icu/icu_tzdata.dat
08-06 11:59:13.195  6488  6488 I Radio-JNI: register_android_hardware_Radio DONE
08-06 11:59:13.225  6488  6488 D AndroidRuntime: Calling main entry com.android.commands.input.Input
08-06 11:59:13.227  6488  6488 I Input   : injectKeyEvent: KeyEvent { action=ACTION_DOWN, keyCode=KEYCODE_BACK, scanCode=0, metaState=0, flags=0x0, repeatCount=0, eventTime=878369639, downTime=878369639, deviceId=-1, source=0x101 }
08-06 11:59:13.241  6488  6488 I Input   : injectKeyEvent: KeyEvent { action=ACTION_UP, keyCode=KEYCODE_BACK, scanCode=0, metaState=0, flags=0x0, repeatCount=0, eventTime=878369639, downTime=878369639, deviceId=-1, source=0x101 }
08-06 11:59:13.245  4314  4326 I art     : Starting a blocking GC Explicit
08-06 11:59:13.254  6488  6488 D AndroidRuntime: Shutting down VM
08-06 11:59:13.309 13866 13866 I GoogleInputMethodServic: GoogleInputMethodService.onFinishInput():3138 
08-06 11:59:13.310 13866 13866 I GoogleInputMethodServic: GoogleInputMethodService.onStartInput():1808 
08-06 11:59:13.315  4314  4326 I art     : Explicit concurrent mark sweep GC freed 1524(90KB) AllocSpace objects, 1(20KB) LOS objects, 35% free, 29MB/45MB, paused 910us total 70.346ms
08-06 11:59:13.341  4314  4326 I art     : Starting a blocking GC Explicit
08-06 11:59:13.381  4314  4326 I art     : Explicit concurrent mark sweep GC freed 131(4KB) AllocSpace objects, 0(0B) LOS objects, 35% free, 29MB/45MB, paused 464us total 39.859ms
08-06 11:59:13.398  4314  4326 I art     : Starting a blocking GC Explicit
08-06 11:59:13.447  4314  4326 I art     : Explicit concurrent mark sweep GC freed 5(192B) AllocSpace objects, 0(0B) LOS objects, 35% free, 29MB/45MB, paused 514us total 48.082ms
08-06 11:59:13.466  4314  4326 I art     : Starting a blocking GC Explicit
08-06 11:59:13.510  4314  4326 I art     : Explicit concurrent mark sweep GC freed 3(96B) AllocSpace objects, 0(0B) LOS objects, 35% free, 29MB/45MB, paused 464us total 44.263ms
08-06 11:59:13.532  4314  4326 I art     : Starting a blocking GC Explicit
08-06 11:59:13.584  4314  4326 I art     : Explicit concurrent mark sweep GC freed 3(96B) AllocSpace objects, 0(0B) LOS objects, 35% free, 29MB/45MB, paused 643us total 51.724ms
08-06 11:59:13.609   380   380 W SurfaceFlinger: couldn't log to binary event log: overflow.
08-06 11:59:13.649   918  3263 D ConnectivityService: releasing NetworkRequest NetworkRequest [ id=3940, legacyType=-1, [ Capabilities: INTERNET&NOT_RESTRICTED&TRUSTED] ]
08-06 11:59:13.910  4314  4380 I art     : Starting a blocking GC Explicit
08-06 11:59:13.961  4314  4380 I art     : Explicit concurrent mark sweep GC freed 2271(128KB) AllocSpace objects, 1(20KB) LOS objects, 35% free, 29MB/45MB, paused 538us total 50.561ms
08-06 11:59:13.980  4314  4380 I art     : Starting a blocking GC Explicit
08-06 11:59:14.028  4314  4380 I art     : Explicit concurrent mark sweep GC freed 2114(124KB) AllocSpace objects, 1(28KB) LOS objects, 35% free, 29MB/45MB, paused 749us total 47.660ms
08-06 11:59:14.047  4314  4380 I art     : Starting a blocking GC Explicit
08-06 11:59:14.093  4314  4380 I art     : Explicit concurrent mark sweep GC freed 3(96B) AllocSpace objects, 0(0B) LOS objects, 35% free, 29MB/45MB, paused 519us total 44.872ms
08-06 11:59:14.111  4314  4380 I art     : Starting a blocking GC Explicit
08-06 11:59:14.159  4314  4380 I art     : Explicit concurrent mark sweep GC freed 3(96B) AllocSpace objects, 0(0B) LOS objects, 35% free, 29MB/45MB, paused 560us total 47.334ms
08-06 11:59:14.177  4314  4380 I art     : Starting a blocking GC Explicit
08-06 11:59:14.224  4314  4380 I art     : Explicit concurrent mark sweep GC freed 3(96B) AllocSpace objects, 0(0B) LOS objects, 35% free, 29MB/45MB, paused 525us total 46.958ms
08-06 11:59:14.574  4314  4622 I art     : Starting a blocking GC Explicit
08-06 11:59:14.621  4314  4622 I art     : Explicit concurrent mark sweep GC freed 1356(82KB) AllocSpace objects, 1(20KB) LOS objects, 35% free, 29MB/45MB, paused 550us total 46.384ms
08-06 11:59:14.639  4314  4622 I art     : Starting a blocking GC Explicit
08-06 11:59:14.685  4314  4622 I art     : Explicit concurrent mark sweep GC freed 20(704B) AllocSpace objects, 0(0B) LOS objects, 35% free, 29MB/45MB, paused 484us total 45.107ms
08-06 11:59:14.703  4314  4622 I art     : Starting a blocking GC Explicit
08-06 11:59:14.748  4314  4622 I art     : Explicit concurrent mark sweep GC freed 3(96B) AllocSpace objects, 0(0B) LOS objects, 35% free, 29MB/45MB, paused 549us total 44.653ms
08-06 11:59:14.766  4314  4622 I art     : Starting a blocking GC Explicit
08-06 11:59:14.811  4314  4622 I art     : Explicit concurrent mark sweep GC freed 18(1024B) AllocSpace objects, 0(0B) LOS objects, 35% free, 29MB/45MB, paused 537us total 44.176ms
08-06 11:59:14.829  4314  4622 I art     : Starting a blocking GC Explicit
08-06 11:59:14.875  4314  4622 I art     : Explicit concurrent mark sweep GC freed 10(288B) AllocSpace objects, 0(0B) LOS objects, 35% free, 29MB/45MB, paused 524us total 45.599ms
08-06 11:59:15.043  6531  6531 D AndroidRuntime: >>>>>> START com.android.internal.os.RuntimeInit uid 2000 <<<<<<
08-06 11:59:15.050  6531  6531 D AndroidRuntime: CheckJNI is OFF
08-06 11:59:15.092  6531  6531 D ICU     : No timezone override file found: /data/misc/zoneinfo/current/icu/icu_tzdata.dat
08-06 11:59:15.135  6531  6531 I Radio-JNI: register_android_hardware_Radio DONE
08-06 11:59:15.163  6531  6531 D AndroidRuntime: Calling main entry com.android.commands.input.Input
08-06 11:59:15.165  6531  6531 I Input   : injectMotionEvent: MotionEvent { action=ACTION_DOWN, actionButton=0, id[0]=0, x[0]=600.0, y[0]=820.0, toolType[0]=TOOL_TYPE_UNKNOWN, buttonState=0, metaState=0, flags=0x0, edgeFlags=0x0, pointerCount=1, historySize=0, eventTime=878371578, downTime=878371578, deviceId=0, source=0x1002 }
08-06 11:59:15.170  6531  6531 I Input   : injectMotionEvent: MotionEvent { action=ACTION_UP, actionButton=0, id[0]=0, x[0]=600.0, y[0]=820.0, toolType[0]=TOOL_TYPE_UNKNOWN, buttonState=0, metaState=0, flags=0x0, edgeFlags=0x0, pointerCount=1, historySize=0, eventTime=878371578, downTime=878371578, deviceId=0, source=0x1002 }
08-06 11:59:15.172  6531  6531 D AndroidRuntime: Shutting down VM
08-06 11:59:15.182   512  2967 D audio_hw_primary: out_set_parameters: enter: usecase(1: low-latency-playback) kvpairs: routing=2
08-06 11:59:15.188   918  6111 I ActivityManager: START u0 {dat=https://oauth.reddit.com/... cmp=baseline.org.quantumbadger.redreader/.activities.CommentListingActivity} from uid 10705 on display 0
08-06 11:59:15.195   512  2967 D audio_hw_primary: select_devices: out_snd_device(2: speaker) in_snd_device(0: none)
08-06 11:59:15.195   512  2967 D msm8974_platform: platform_send_audio_calibration: sending audio calibration for snd_device(2) acdb_id(15)
08-06 11:59:15.196   512  2967 I soundtrigger: audio_extn_sound_trigger_update_device_status: device 0x2 of type 0 for Event 1
08-06 11:59:15.212  4314  4314 I AppCompatViewInflater: app:theme is now deprecated. Please move to using android:theme instead.
08-06 11:59:15.212   512  2967 D audio_hw_primary: enable_snd_device: snd_device(2: speaker)
08-06 11:59:15.215   512  2967 D audio_hw_primary: enable_audio_route: apply and update mixer path: low-latency-playback speaker
08-06 11:59:15.233  4314  6556 D OK      : calling: https://oauth.reddit.com/comments/hi3oht/.json?sort=confidence
08-06 11:59:15.259  4314  4326 I art     : Starting a blocking GC Explicit
08-06 11:59:15.306  4314  4326 I art     : Explicit concurrent mark sweep GC freed 4091(220KB) AllocSpace objects, 1(20KB) LOS objects, 35% free, 29MB/45MB, paused 1.076ms total 47.202ms
08-06 11:59:15.323   918   936 I ActivityManager: Displayed baseline.org.quantumbadger.redreader/.activities.CommentListingActivity: +127ms
08-06 11:59:15.323 13866 13866 I GoogleInputMethodServic: GoogleInputMethodService.onFinishInput():3138 
08-06 11:59:15.324 13866 13866 I GoogleInputMethodServic: GoogleInputMethodService.onStartInput():1808 
08-06 11:59:15.324  4314  4326 I art     : Starting a blocking GC Explicit
08-06 11:59:15.370  4314  4326 I art     : Explicit concurrent mark sweep GC freed 498(25KB) AllocSpace objects, 0(0B) LOS objects, 35% free, 29MB/45MB, paused 553us total 45.532ms
08-06 11:59:15.388  4314  4326 I art     : Starting a blocking GC Explicit
08-06 11:59:15.431  4314  4326 I art     : Explicit concurrent mark sweep GC freed 1965(77KB) AllocSpace objects, 0(0B) LOS objects, 35% free, 29MB/45MB, paused 573us total 43.285ms
08-06 11:59:15.450  4314  4326 I art     : Starting a blocking GC Explicit
08-06 11:59:15.505  4314  4326 I art     : Explicit concurrent mark sweep GC freed 93(3KB) AllocSpace objects, 0(0B) LOS objects, 35% free, 29MB/45MB, paused 898us total 53.908ms
08-06 11:59:15.527  4314  4326 I art     : Starting a blocking GC Explicit
08-06 11:59:15.547  4314  6556 I NAPPA_EXPERIMENTATION: MetricNetworkRequestExecutionTime: REQUEST_DURATION_SYSTEM='313',REQUEST_DURATION_OKHTTP='152',REQUEST_SYNCHRONOUS='TRUE',RESPONSE_CODE='200',RESPONSE_METHOD='GET',RESPONSE_LENGTH_OKHTTP='-1',RESPONSE_LENGTH_HEADER='167875',REQUEST_PROTOCOL='h2',REQUEST_URL='https://oauth.reddit.com/comments/hi3oht/.json?sort=confidence',
08-06 11:59:15.547  4314  6556 D OK      : request got status: 200
08-06 11:59:15.556  4314  4904 I CommentListingActivity: COMMENTS session changed to ac6e0a3b-d8ae-4495-8ec6-5f4c7189b4a0
08-06 11:59:15.575  4314  4326 I art     : Explicit concurrent mark sweep GC freed 713(112KB) AllocSpace objects, 1(16KB) LOS objects, 34% free, 29MB/45MB, paused 1.117ms total 47.192ms
08-06 11:59:15.580   380   380 W SurfaceFlinger: couldn't log to binary event log: overflow.
08-06 11:59:15.750   512  2967 D audio_hw_primary: disable_audio_route: reset and update mixer path: low-latency-playback speaker
08-06 11:59:15.751   512  2967 D audio_hw_primary: disable_snd_device: snd_device(2: speaker)
08-06 11:59:15.759   512  2967 I soundtrigger: audio_extn_sound_trigger_update_device_status: device 0x2 of type 0 for Event 0
08-06 11:59:15.893  4314  4622 I art     : Starting a blocking GC Explicit
08-06 11:59:15.978  4314  4622 I art     : Explicit concurrent mark sweep GC freed 55921(3MB) AllocSpace objects, 4(88KB) LOS objects, 31% free, 34MB/50MB, paused 1.382ms total 85.311ms
08-06 11:59:16.002  4314  4622 I art     : Starting a blocking GC Explicit
08-06 11:59:16.077  4314  4622 I art     : Explicit concurrent mark sweep GC freed 3461(402KB) AllocSpace objects, 2(84KB) LOS objects, 31% free, 35MB/51MB, paused 618us total 75.009ms
08-06 11:59:16.100  4314  4622 I art     : Starting a blocking GC Explicit
08-06 11:59:16.166  4314  4622 I art     : Explicit concurrent mark sweep GC freed 36781(1724KB) AllocSpace objects, 3(100KB) LOS objects, 32% free, 33MB/49MB, paused 564us total 65.782ms
08-06 11:59:16.190  4314  4622 I art     : Starting a blocking GC Explicit
08-06 11:59:16.256  4314  4622 I art     : Explicit concurrent mark sweep GC freed 14(624B) AllocSpace objects, 0(0B) LOS objects, 32% free, 33MB/49MB, paused 574us total 65.508ms
08-06 11:59:16.278  4314  4622 I art     : Starting a blocking GC Explicit
08-06 11:59:16.344  4314  4622 I art     : Explicit concurrent mark sweep GC freed 3(96B) AllocSpace objects, 0(0B) LOS objects, 32% free, 33MB/49MB, paused 578us total 65.904ms
08-06 11:59:16.686  4314  4326 I art     : Starting a blocking GC Explicit
08-06 11:59:16.767  4314  4326 I art     : Explicit concurrent mark sweep GC freed 1356(82KB) AllocSpace objects, 1(20KB) LOS objects, 32% free, 33MB/49MB, paused 615us total 79.938ms
08-06 11:59:16.791  4314  4326 I art     : Starting a blocking GC Explicit
08-06 11:59:16.862  4314  4326 I art     : Explicit concurrent mark sweep GC freed 66(2528B) AllocSpace objects, 0(0B) LOS objects, 32% free, 33MB/49MB, paused 575us total 70.374ms
08-06 11:59:16.862  4314  4325 I art     : WaitForGcToComplete blocked for 10.218ms for cause HeapTrim
08-06 11:59:16.885  4314  4326 I art     : Starting a blocking GC Explicit
08-06 11:59:16.964  4314  4326 I art     : Explicit concurrent mark sweep GC freed 3(96B) AllocSpace objects, 0(0B) LOS objects, 32% free, 33MB/49MB, paused 659us total 78.607ms
08-06 11:59:16.989  4314  4326 I art     : Starting a blocking GC Explicit
08-06 11:59:17.063  4314  4326 I art     : Explicit concurrent mark sweep GC freed 3(96B) AllocSpace objects, 0(0B) LOS objects, 32% free, 33MB/49MB, paused 618us total 73.180ms
08-06 11:59:17.086  4314  4326 I art     : Starting a blocking GC Explicit
08-06 11:59:17.162  4314  4326 I art     : Explicit concurrent mark sweep GC freed 3(96B) AllocSpace objects, 0(0B) LOS objects, 32% free, 33MB/49MB, paused 587us total 75.909ms
08-06 11:59:17.546  4314  4380 I art     : Starting a blocking GC Explicit
08-06 11:59:17.630  4314  4380 I art     : Explicit concurrent mark sweep GC freed 1356(82KB) AllocSpace objects, 1(20KB) LOS objects, 32% free, 33MB/49MB, paused 709us total 83.464ms
08-06 11:59:17.656  4314  4380 I art     : Starting a blocking GC Explicit
08-06 11:59:17.733  4314  4380 I art     : Explicit concurrent mark sweep GC freed 20(704B) AllocSpace objects, 0(0B) LOS objects, 32% free, 33MB/49MB, paused 622us total 76.864ms
08-06 11:59:17.757  4314  4380 I art     : Starting a blocking GC Explicit
08-06 11:59:17.837  4314  4380 I art     : Explicit concurrent mark sweep GC freed 3(96B) AllocSpace objects, 0(0B) LOS objects, 32% free, 33MB/49MB, paused 642us total 79.783ms
08-06 11:59:17.862  4314  4380 I art     : Starting a blocking GC Explicit
08-06 11:59:17.938  4314  4380 I art     : Explicit concurrent mark sweep GC freed 3(96B) AllocSpace objects, 0(0B) LOS objects, 32% free, 33MB/49MB, paused 635us total 75.702ms
08-06 11:59:17.941  3017  3017 I ServiceManager: Waiting for service AtCmdFwd...
08-06 11:59:17.961  4314  4380 I art     : Starting a blocking GC Explicit
08-06 11:59:18.036  4314  4380 I art     : Explicit concurrent mark sweep GC freed 3(96B) AllocSpace objects, 0(0B) LOS objects, 32% free, 33MB/49MB, paused 616us total 74.832ms
08-06 11:59:18.391  4314  4327 I art     : Starting a blocking GC Explicit
08-06 11:59:18.488  4314  4327 I art     : Explicit concurrent mark sweep GC freed 1356(82KB) AllocSpace objects, 1(20KB) LOS objects, 32% free, 33MB/49MB, paused 651us total 96.548ms
08-06 11:59:18.515  4314  4327 I art     : Starting a blocking GC Explicit
08-06 11:59:18.592  4314  4327 I art     : Explicit concurrent mark sweep GC freed 20(704B) AllocSpace objects, 0(0B) LOS objects, 32% free, 33MB/49MB, paused 629us total 76.559ms
08-06 11:59:18.615  4314  4327 I art     : Starting a blocking GC Explicit
08-06 11:59:18.688  4314  4327 I art     : Explicit concurrent mark sweep GC freed 3(96B) AllocSpace objects, 0(0B) LOS objects, 32% free, 33MB/49MB, paused 644us total 73.482ms
08-06 11:59:18.711  4314  4327 I art     : Starting a blocking GC Explicit
08-06 11:59:18.793  4314  4327 I art     : Explicit concurrent mark sweep GC freed 3(96B) AllocSpace objects, 0(0B) LOS objects, 32% free, 33MB/49MB, paused 652us total 81.388ms
08-06 11:59:18.818  4314  4327 I art     : Starting a blocking GC Explicit
08-06 11:59:18.897  4314  4327 I art     : Explicit concurrent mark sweep GC freed 3(96B) AllocSpace objects, 0(0B) LOS objects, 32% free, 33MB/49MB, paused 652us total 79.358ms
08-06 11:59:18.943  3017  3017 I ServiceManager: Waiting for service AtCmdFwd...
08-06 11:59:19.273  4314  4622 I art     : Starting a blocking GC Explicit
08-06 11:59:19.363  4314  4622 I art     : Explicit concurrent mark sweep GC freed 1356(82KB) AllocSpace objects, 1(20KB) LOS objects, 32% free, 33MB/49MB, paused 635us total 89.796ms
08-06 11:59:19.389  4314  4622 I art     : Starting a blocking GC Explicit
08-06 11:59:19.461  4314  4622 I art     : Explicit concurrent mark sweep GC freed 20(704B) AllocSpace objects, 0(0B) LOS objects, 32% free, 33MB/49MB, paused 577us total 71.335ms
08-06 11:59:19.483  4314  4622 I art     : Starting a blocking GC Explicit
08-06 11:59:19.549  4314  4622 I art     : Explicit concurrent mark sweep GC freed 3(96B) AllocSpace objects, 0(0B) LOS objects, 32% free, 33MB/49MB, paused 582us total 66.199ms
08-06 11:59:19.571  4314  4622 I art     : Starting a blocking GC Explicit
08-06 11:59:19.644  4314  4622 I art     : Explicit concurrent mark sweep GC freed 3(96B) AllocSpace objects, 0(0B) LOS objects, 32% free, 33MB/49MB, paused 613us total 72.207ms
08-06 11:59:19.666  4314  4622 I art     : Starting a blocking GC Explicit
08-06 11:59:19.738  4314  4622 I art     : Explicit concurrent mark sweep GC freed 3(96B) AllocSpace objects, 0(0B) LOS objects, 32% free, 33MB/49MB, paused 625us total 71.278ms
08-06 11:59:19.943  3017  3017 I ServiceManager: Waiting for service AtCmdFwd...
08-06 11:59:19.977  6611  6611 D AndroidRuntime: >>>>>> START com.android.internal.os.RuntimeInit uid 2000 <<<<<<
08-06 11:59:19.983  6611  6611 D AndroidRuntime: CheckJNI is OFF
08-06 11:59:20.025  6611  6611 D ICU     : No timezone override file found: /data/misc/zoneinfo/current/icu/icu_tzdata.dat
08-06 11:59:20.067  6611  6611 I Radio-JNI: register_android_hardware_Radio DONE
08-06 11:59:20.095  6611  6611 D AndroidRuntime: Calling main entry com.android.commands.input.Input
08-06 11:59:20.097  6611  6611 I Input   : injectKeyEvent: KeyEvent { action=ACTION_DOWN, keyCode=KEYCODE_BACK, scanCode=0, metaState=0, flags=0x0, repeatCount=0, eventTime=878376511, downTime=878376511, deviceId=-1, source=0x101 }
08-06 11:59:20.101  4314  4327 I art     : Starting a blocking GC Explicit
08-06 11:59:20.110  6611  6611 I Input   : injectKeyEvent: KeyEvent { action=ACTION_UP, keyCode=KEYCODE_BACK, scanCode=0, metaState=0, flags=0x0, repeatCount=0, eventTime=878376511, downTime=878376511, deviceId=-1, source=0x101 }
08-06 11:59:20.120  6611  6611 D AndroidRuntime: Shutting down VM
08-06 11:59:20.158 13866 13866 I GoogleInputMethodServic: GoogleInputMethodService.onFinishInput():3138 
08-06 11:59:20.159 13866 13866 I GoogleInputMethodServic: GoogleInputMethodService.onStartInput():1808 
08-06 11:59:20.173  4314  4327 I art     : Explicit concurrent mark sweep GC freed 1547(90KB) AllocSpace objects, 1(20KB) LOS objects, 32% free, 33MB/49MB, paused 937us total 71.572ms
08-06 11:59:20.183 26319 26482 E GoogleConversionReporter: Error sending ping
08-06 11:59:20.183 26319 26482 E GoogleConversionReporter: bljc: Exception in CronetUrlRequest: net::ERR_CONNECTION_CLOSED, ErrorCode=5, InternalErrorCode=-100, Retryable=true
08-06 11:59:20.183 26319 26482 E GoogleConversionReporter: 	at org.chromium.net.impl.CronetUrlRequest.onError(PG:55)
08-06 11:59:20.195  4314  4327 I art     : Starting a blocking GC Explicit
08-06 11:59:20.198  4314  6555 I RedditChangeDataIO: Writing tmp data file at '/data/user/0/baseline.org.quantumbadger.redreader/files/rr_change_data_tmp.dat'
08-06 11:59:20.199  4314  6555 I RedditChangeDataManager: Taking snapshot...
08-06 11:59:20.199  4314  6555 I RedditChangeDataManager: Writing to stream...
08-06 11:59:20.199  4314  6555 I RedditChangeDataManager: Wrote 5 entries for user ''
08-06 11:59:20.199  4314  6555 I RedditChangeDataManager: All entries written to stream.
08-06 11:59:20.200  4314  6555 I RedditChangeDataIO: Write successful. Atomically replacing data file...
08-06 11:59:20.200  4314  6555 I RedditChangeDataIO: Write complete.
08-06 11:59:20.200  4314  6555 I RedditChangeDataIO: 134 bytes written in 2 ms
08-06 11:59:20.257  4314  4327 I art     : Explicit concurrent mark sweep GC freed 214(9KB) AllocSpace objects, 1(68KB) LOS objects, 32% free, 33MB/49MB, paused 537us total 61.448ms
08-06 11:59:20.278  4314  4327 I art     : Starting a blocking GC Explicit
08-06 11:59:20.346  4314  4327 I art     : Explicit concurrent mark sweep GC freed 27(1296B) AllocSpace objects, 0(0B) LOS objects, 32% free, 33MB/49MB, paused 568us total 68.208ms
08-06 11:59:20.369  4314  4327 I art     : Starting a blocking GC Explicit
08-06 11:59:20.438  4314  4327 I art     : Explicit concurrent mark sweep GC freed 3(96B) AllocSpace objects, 0(0B) LOS objects, 32% free, 33MB/49MB, paused 603us total 68.307ms
08-06 11:59:20.462  4314  4327 I art     : Starting a blocking GC Explicit
08-06 11:59:20.482   380   380 W SurfaceFlinger: couldn't log to binary event log: overflow.
08-06 11:59:20.525  4314  4327 I art     : Explicit concurrent mark sweep GC freed 61(2240B) AllocSpace objects, 0(0B) LOS objects, 32% free, 33MB/49MB, paused 512us total 63.199ms
08-06 11:59:20.867  4314  4622 I art     : Starting a blocking GC Explicit
08-06 11:59:20.944  3017  3017 I ServiceManager: Waiting for service AtCmdFwd...
08-06 11:59:20.958  4314  4622 I art     : Explicit concurrent mark sweep GC freed 1368(83KB) AllocSpace objects, 1(20KB) LOS objects, 32% free, 33MB/49MB, paused 786us total 91.256ms
08-06 11:59:20.985  4314  4622 I art     : Starting a blocking GC Explicit
08-06 11:59:21.038  4314  4622 I art     : Explicit concurrent mark sweep GC freed 76531(4MB) AllocSpace objects, 5(140KB) LOS objects, 35% free, 29MB/45MB, paused 543us total 53.134ms
08-06 11:59:21.056  4314  4622 I art     : Starting a blocking GC Explicit
08-06 11:59:21.099  4314  4622 I art     : Explicit concurrent mark sweep GC freed 211(35KB) AllocSpace objects, 0(0B) LOS objects, 35% free, 29MB/45MB, paused 547us total 42.246ms
08-06 11:59:21.117  4314  4622 I art     : Starting a blocking GC Explicit
08-06 11:59:21.163  4314  4622 I art     : Explicit concurrent mark sweep GC freed 68(2272B) AllocSpace objects, 0(0B) LOS objects, 35% free, 29MB/45MB, paused 553us total 45.914ms
08-06 11:59:21.182  4314  4622 I art     : Starting a blocking GC Explicit
08-06 11:59:21.229  4314  4622 I art     : Explicit concurrent mark sweep GC freed 3(96B) AllocSpace objects, 0(0B) LOS objects, 35% free, 29MB/45MB, paused 539us total 46.978ms
08-06 11:59:21.540  4314  4326 I art     : Starting a blocking GC Explicit
08-06 11:59:21.593  4314  4326 I art     : Explicit concurrent mark sweep GC freed 1357(82KB) AllocSpace objects, 1(20KB) LOS objects, 35% free, 29MB/45MB, paused 555us total 53.311ms
08-06 11:59:21.614  4314  4326 I art     : Starting a blocking GC Explicit
08-06 11:59:21.660  4314  4326 I art     : Explicit concurrent mark sweep GC freed 20(704B) AllocSpace objects, 0(0B) LOS objects, 35% free, 29MB/45MB, paused 549us total 44.939ms
08-06 11:59:21.678  4314  4326 I art     : Starting a blocking GC Explicit
08-06 11:59:21.722  4314  4326 I art     : Explicit concurrent mark sweep GC freed 3(96B) AllocSpace objects, 0(0B) LOS objects, 35% free, 29MB/45MB, paused 519us total 44.410ms
08-06 11:59:21.741  4314  4326 I art     : Starting a blocking GC Explicit
08-06 11:59:21.793  4314  4326 I art     : Explicit concurrent mark sweep GC freed 3(96B) AllocSpace objects, 0(0B) LOS objects, 35% free, 29MB/45MB, paused 574us total 51.369ms
08-06 11:59:21.811  4314  4326 I art     : Starting a blocking GC Explicit
08-06 11:59:21.858  4314  4326 I art     : Explicit concurrent mark sweep GC freed 3(96B) AllocSpace objects, 0(0B) LOS objects, 35% free, 29MB/45MB, paused 553us total 46.710ms
08-06 11:59:21.933  6645  6645 D AndroidRuntime: >>>>>> START com.android.internal.os.RuntimeInit uid 2000 <<<<<<
08-06 11:59:21.940  6645  6645 D AndroidRuntime: CheckJNI is OFF
08-06 11:59:21.945  3017  3017 I ServiceManager: Waiting for service AtCmdFwd...
08-06 11:59:21.982  6645  6645 D ICU     : No timezone override file found: /data/misc/zoneinfo/current/icu/icu_tzdata.dat
08-06 11:59:22.026  6645  6645 I Radio-JNI: register_android_hardware_Radio DONE
08-06 11:59:22.055  6645  6645 D AndroidRuntime: Calling main entry com.android.commands.input.Input
08-06 11:59:22.058  6645  6645 I Input   : injectMotionEvent: MotionEvent { action=ACTION_DOWN, actionButton=0, id[0]=0, x[0]=600.0, y[0]=580.0, toolType[0]=TOOL_TYPE_UNKNOWN, buttonState=0, metaState=0, flags=0x0, edgeFlags=0x0, pointerCount=1, historySize=0, eventTime=878378470, downTime=878378470, deviceId=0, source=0x1002 }
08-06 11:59:22.064  6645  6645 I Input   : injectMotionEvent: MotionEvent { action=ACTION_UP, actionButton=0, id[0]=0, x[0]=600.0, y[0]=580.0, toolType[0]=TOOL_TYPE_UNKNOWN, buttonState=0, metaState=0, flags=0x0, edgeFlags=0x0, pointerCount=1, historySize=0, eventTime=878378470, downTime=878378470, deviceId=0, source=0x1002 }
08-06 11:59:22.065  6645  6645 D AndroidRuntime: Shutting down VM
08-06 11:59:22.074   918  3961 I ActivityManager: START u0 {cmp=baseline.org.quantumbadger.redreader/.activities.WebViewActivity (has extras)} from uid 10705 on display 0
08-06 11:59:22.074   512  2967 D audio_hw_primary: out_set_parameters: enter: usecase(1: low-latency-playback) kvpairs: routing=2
08-06 11:59:22.087   512  2967 D audio_hw_primary: select_devices: out_snd_device(2: speaker) in_snd_device(0: none)
08-06 11:59:22.088   512  2967 D msm8974_platform: platform_send_audio_calibration: sending audio calibration for snd_device(2) acdb_id(15)
08-06 11:59:22.088   512  2967 I soundtrigger: audio_extn_sound_trigger_update_device_status: device 0x2 of type 0 for Event 1
08-06 11:59:22.099   512  2967 D audio_hw_primary: enable_snd_device: snd_device(2: speaker)
08-06 11:59:22.104   512  2967 D audio_hw_primary: enable_audio_route: apply and update mixer path: low-latency-playback speaker
08-06 11:59:22.107  4314  4314 I AppCompatViewInflater: app:theme is now deprecated. Please move to using android:theme instead.
08-06 11:59:22.134   918  3714 D ConnectivityService: listenForNetwork for Listen from uid/pid:10705/4314 for NetworkRequest [ id=3941, legacyType=-1, [ Capabilities: INTERNET&NOT_RESTRICTED&TRUSTED] ]
08-06 11:59:22.206  4314  4380 I art     : Starting a blocking GC Explicit
08-06 11:59:22.241 13866 13866 I GoogleInputMethodServic: GoogleInputMethodService.onFinishInput():3138 
08-06 11:59:22.242   918   936 I ActivityManager: Displayed baseline.org.quantumbadger.redreader/.activities.WebViewActivity: +159ms
08-06 11:59:22.242 13866 13866 I GoogleInputMethodServic: GoogleInputMethodService.onStartInput():1808 
08-06 11:59:22.255  4314  4380 I art     : Explicit concurrent mark sweep GC freed 5903(311KB) AllocSpace objects, 1(20KB) LOS objects, 35% free, 29MB/45MB, paused 715us total 47.783ms
08-06 11:59:22.276  4314  4380 I art     : Starting a blocking GC Explicit
08-06 11:59:22.318  4314  4380 I art     : Explicit concurrent mark sweep GC freed 521(29KB) AllocSpace objects, 0(0B) LOS objects, 35% free, 29MB/45MB, paused 572us total 41.740ms
08-06 11:59:22.336  4314  4380 I art     : Starting a blocking GC Explicit
08-06 11:59:22.380  4314  4380 I art     : Explicit concurrent mark sweep GC freed 36(1424B) AllocSpace objects, 0(0B) LOS objects, 35% free, 29MB/45MB, paused 548us total 44.394ms
08-06 11:59:22.401  4314  4380 I art     : Starting a blocking GC Explicit
08-06 11:59:22.454  4314  4380 I art     : Explicit concurrent mark sweep GC freed 4(128B) AllocSpace objects, 0(0B) LOS objects, 35% free, 29MB/45MB, paused 577us total 53.341ms
08-06 11:59:22.474  4314  4380 I art     : Starting a blocking GC Explicit
08-06 11:59:22.501   380   380 W SurfaceFlinger: couldn't log to binary event log: overflow.
08-06 11:59:22.519  4314  4380 I art     : Explicit concurrent mark sweep GC freed 10(432B) AllocSpace objects, 0(0B) LOS objects, 35% free, 29MB/45MB, paused 646us total 44.682ms
08-06 11:59:22.648   512  2967 D audio_hw_primary: disable_audio_route: reset and update mixer path: low-latency-playback speaker
08-06 11:59:22.651   512  2967 D audio_hw_primary: disable_snd_device: snd_device(2: speaker)
08-06 11:59:22.662   512  2967 I soundtrigger: audio_extn_sound_trigger_update_device_status: device 0x2 of type 0 for Event 0
08-06 11:59:22.945  4314  6634 I art     : Starting a blocking GC Explicit
08-06 11:59:22.945  3017  3017 W Atfwd_Sendcmd: AtCmdFwd service not published, waiting... retryCnt : 3
08-06 11:59:22.998  4314  6634 I art     : Explicit concurrent mark sweep GC freed 2291(134KB) AllocSpace objects, 1(20KB) LOS objects, 35% free, 29MB/45MB, paused 815us total 53.423ms
08-06 11:59:23.017  4314  6634 I art     : Starting a blocking GC Explicit
08-06 11:59:23.062  4314  6634 I art     : Explicit concurrent mark sweep GC freed 29(976B) AllocSpace objects, 0(0B) LOS objects, 35% free, 29MB/45MB, paused 535us total 45.103ms
08-06 11:59:23.083  4314  6634 I art     : Starting a blocking GC Explicit
08-06 11:59:23.131  4314  6634 I art     : Explicit concurrent mark sweep GC freed 11(352B) AllocSpace objects, 0(0B) LOS objects, 35% free, 29MB/45MB, paused 632us total 47.571ms
08-06 11:59:23.150  4314  6634 I art     : Starting a blocking GC Explicit
08-06 11:59:23.194  4314  6634 I art     : Explicit concurrent mark sweep GC freed 11(352B) AllocSpace objects, 0(0B) LOS objects, 35% free, 29MB/45MB, paused 499us total 43.379ms
08-06 11:59:23.214  4314  6634 I art     : Starting a blocking GC Explicit
08-06 11:59:23.257  4314  6634 I art     : Explicit concurrent mark sweep GC freed 11(352B) AllocSpace objects, 0(0B) LOS objects, 35% free, 29MB/45MB, paused 598us total 43.203ms
08-06 11:59:23.651  4314  4622 I art     : Starting a blocking GC Explicit
08-06 11:59:23.703  4314  4622 I art     : Explicit concurrent mark sweep GC freed 1407(84KB) AllocSpace objects, 1(20KB) LOS objects, 35% free, 29MB/45MB, paused 655us total 51.935ms
08-06 11:59:23.725  4314  4622 I art     : Starting a blocking GC Explicit
08-06 11:59:23.782  4314  4622 I art     : Explicit concurrent mark sweep GC freed 31(1056B) AllocSpace objects, 0(0B) LOS objects, 35% free, 29MB/45MB, paused 519us total 56.744ms
08-06 11:59:23.804  4314  4622 I art     : Starting a blocking GC Explicit
08-06 11:59:23.812  4314  4314 I chromium: [INFO:CONSOLE(1)] "
08-06 11:59:23.812  4314  4314 I chromium:                   ,d"=,.,qOp,
08-06 11:59:23.812  4314  4314 I chromium:                  ,7'  ''$(  )
08-06 11:59:23.812  4314  4314 I chromium:                 ,7'      '?q$7'
08-06 11:59:23.812  4314  4314 I chromium:              ..,$$,.
08-06 11:59:23.812  4314  4314 I chromium:    ,.  .,,--***""***--,,.  .,
08-06 11:59:23.812  4314  4314 I chromium:     ,p''              ''q,   
08-06 11:59:23.812  4314  4314 I chromium: :  ,7'                      '7,  :
08-06 11:59:23.812  4314  4314 I chromium:  ' $      ,db,      ,db,      $ '
08-06 11:59:23.812  4314  4314 I chromium:   '$      $$      $$      $'    Using Reddit at work? Work for Reddit.
08-06 11:59:23.812  4314  4314 I chromium:   '$                          $'        https://www.reddit.com/jobs
08-06 11:59:23.812  4314  4314 I chromium:    '$.     .,        ,.     .$'
08-06 11:59:23.812  4314  4314 I chromium:     'b,     ''     ,d'
08-06 11:59:23.812  4314  4314 I chromium:      '?bn,,          ,,nd?'
08-06 11:59:23.812  4314  4314 I chromium:        ,7$ '''' $7,
08-06 11:59:23.812  4314  4314 I chromium:      , $              $ ,
08-06 11:59:23.812  4314  4314 I chromium:      $  :$              $:  $
08-06 11:59:23.812  4314  4314 I chromium:      $   $              $   $
08-06 11:59:23.812  4314  4314 I chromium:      'b  q:            :p  d'
08-06 11:59:23.812  4314  4314 I chromium:       '?$.          .$?'
08-06 11:59:23.812  4314  4314 I chromium:          'b            d'
08-06 11:59:23.812  4314  4314 I chromium:        ,'?,.      .,?',
08-06 11:59:23.812  4314  4314 I chromium:       ==--==--==--==
08-06 11:59:23.812  4314  4314 I chromium: ", source: https://www.redditstatic.com/desktop2x/Chat~Governance~Reddit.2ea93b134a9b2e5b1d9a.js (1)
08-06 11:59:23.861  4314  4622 I art     : Explicit concurrent mark sweep GC freed 24(2944B) AllocSpace objects, 0(0B) LOS objects, 35% free, 29MB/45MB, paused 639us total 56.785ms
08-06 11:59:23.883  4314  4622 I art     : Starting a blocking GC Explicit
08-06 11:59:23.939  4314  4622 I art     : Explicit concurrent mark sweep GC freed 18(576B) AllocSpace objects, 0(0B) LOS objects, 35% free, 29MB/45MB, paused 717us total 55.143ms
08-06 11:59:23.958  4314  4622 I art     : Starting a blocking GC Explicit
08-06 11:59:24.013  4314  4622 I art     : Explicit concurrent mark sweep GC freed 23(736B) AllocSpace objects, 0(0B) LOS objects, 35% free, 29MB/45MB, paused 529us total 54.385ms
08-06 11:59:24.378  4314  4622 I art     : Starting a blocking GC Explicit
08-06 11:59:24.397   918  3359 I AccountManagerService: getTypesVisibleToCaller: isPermitted? true
08-06 11:59:24.423  4314  4622 I art     : Explicit concurrent mark sweep GC freed 1375(83KB) AllocSpace objects, 1(20KB) LOS objects, 35% free, 29MB/45MB, paused 538us total 45.491ms
08-06 11:59:24.442  4314  4622 I art     : Starting a blocking GC Explicit
08-06 11:59:24.486  4314  4622 I art     : Explicit concurrent mark sweep GC freed 22(768B) AllocSpace objects, 0(0B) LOS objects, 35% free, 29MB/45MB, paused 562us total 43.407ms
08-06 11:59:24.504  4314  4622 I art     : Starting a blocking GC Explicit
08-06 11:59:24.552  4314  4622 I art     : Explicit concurrent mark sweep GC freed 3(96B) AllocSpace objects, 0(0B) LOS objects, 35% free, 29MB/45MB, paused 621us total 47.265ms
08-06 11:59:24.570  4314  4622 I art     : Starting a blocking GC Explicit
08-06 11:59:24.618  4314  4622 I art     : Explicit concurrent mark sweep GC freed 3(96B) AllocSpace objects, 0(0B) LOS objects, 35% free, 29MB/45MB, paused 636us total 47.626ms
08-06 11:59:24.636  4314  4622 I art     : Starting a blocking GC Explicit
08-06 11:59:24.683  4314  4622 I art     : Explicit concurrent mark sweep GC freed 3(96B) AllocSpace objects, 0(0B) LOS objects, 35% free, 29MB/45MB, paused 576us total 46.213ms
08-06 11:59:25.047  4314  4314 E chromium: [ERROR:page_load_metrics_update_dispatcher.cc(165)] Invalid first_paint 0.724 s for first_image_paint 0.697 s
08-06 11:59:25.081  4314  4622 I art     : Starting a blocking GC Explicit
08-06 11:59:25.125  4314  4622 I art     : Explicit concurrent mark sweep GC freed 1566(94KB) AllocSpace objects, 1(20KB) LOS objects, 35% free, 29MB/45MB, paused 635us total 43.727ms
08-06 11:59:25.143  4314  4622 I art     : Starting a blocking GC Explicit
08-06 11:59:25.185  4314  4622 I art     : Explicit concurrent mark sweep GC freed 20(704B) AllocSpace objects, 0(0B) LOS objects, 35% free, 29MB/45MB, paused 504us total 41.792ms
08-06 11:59:25.203  4314  4622 I art     : Starting a blocking GC Explicit
08-06 11:59:25.253  4314  4622 I art     : Explicit concurrent mark sweep GC freed 3(96B) AllocSpace objects, 0(0B) LOS objects, 35% free, 29MB/45MB, paused 559us total 50.408ms
08-06 11:59:25.272  4314  4622 I art     : Starting a blocking GC Explicit
08-06 11:59:25.322  4314  4622 I art     : Explicit concurrent mark sweep GC freed 7(208B) AllocSpace objects, 0(0B) LOS objects, 35% free, 29MB/45MB, paused 603us total 49.530ms
08-06 11:59:25.325   518   646 I ThermalEngine: ACTION: GPU - Setting GPU[0] to 390000000
08-06 11:59:25.368  4314  4622 I art     : Starting a blocking GC Explicit
08-06 11:59:25.434  4314  4622 I art     : Explicit concurrent mark sweep GC freed 12(2528B) AllocSpace objects, 0(0B) LOS objects, 35% free, 29MB/45MB, paused 707us total 66.149ms
08-06 11:59:25.845  4314  4326 I art     : Starting a blocking GC Explicit
08-06 11:59:25.903  4314  4326 I art     : Explicit concurrent mark sweep GC freed 1401(85KB) AllocSpace objects, 1(20KB) LOS objects, 35% free, 29MB/45MB, paused 859us total 57.954ms
08-06 11:59:25.932  4314  4326 I art     : Starting a blocking GC Explicit
08-06 11:59:25.988  4314  4326 I art     : Explicit concurrent mark sweep GC freed 20(704B) AllocSpace objects, 0(0B) LOS objects, 35% free, 29MB/45MB, paused 754us total 54.908ms
08-06 11:59:26.013  4314  4326 I art     : Starting a blocking GC Explicit
08-06 11:59:26.067  4314  4314 E chromium: [ERROR:page_load_metrics_update_dispatcher.cc(165)] Invalid first_paint 0.724 s for first_image_paint 0.697 s
08-06 11:59:26.081  4314  4326 I art     : Explicit concurrent mark sweep GC freed 3(96B) AllocSpace objects, 0(0B) LOS objects, 35% free, 29MB/45MB, paused 857us total 66.825ms
08-06 11:59:26.107  4314  4326 I art     : Starting a blocking GC Explicit
08-06 11:59:26.172  4314  4326 I art     : Explicit concurrent mark sweep GC freed 3(96B) AllocSpace objects, 0(0B) LOS objects, 35% free, 29MB/45MB, paused 921us total 64.378ms
08-06 11:59:26.197  4314  4326 I art     : Starting a blocking GC Explicit
08-06 11:59:26.260  4314  4326 I art     : Explicit concurrent mark sweep GC freed 3(96B) AllocSpace objects, 0(0B) LOS objects, 35% free, 29MB/45MB, paused 821us total 63.264ms
08-06 11:59:26.695  4314  4380 I art     : Starting a blocking GC Explicit
08-06 11:59:26.761  4314  4380 I art     : Explicit concurrent mark sweep GC freed 1355(82KB) AllocSpace objects, 1(20KB) LOS objects, 35% free, 29MB/45MB, paused 825us total 66.209ms
08-06 11:59:26.786  4314  4380 I art     : Starting a blocking GC Explicit
08-06 11:59:26.852  4314  4380 I art     : Explicit concurrent mark sweep GC freed 20(704B) AllocSpace objects, 0(0B) LOS objects, 35% free, 29MB/45MB, paused 804us total 64.952ms
08-06 11:59:26.876  4314  4380 I art     : Starting a blocking GC Explicit
08-06 11:59:26.943  4314  4380 I art     : Explicit concurrent mark sweep GC freed 3(96B) AllocSpace objects, 0(0B) LOS objects, 35% free, 29MB/45MB, paused 986us total 66.166ms
08-06 11:59:26.968  4314  4380 I art     : Starting a blocking GC Explicit
08-06 11:59:27.006  6740  6740 D AndroidRuntime: >>>>>> START com.android.internal.os.RuntimeInit uid 2000 <<<<<<
08-06 11:59:27.012  6740  6740 D AndroidRuntime: CheckJNI is OFF
08-06 11:59:27.029  4314  4380 I art     : Explicit concurrent mark sweep GC freed 3(96B) AllocSpace objects, 0(0B) LOS objects, 35% free, 29MB/45MB, paused 1.638ms total 60.955ms
08-06 11:59:27.062  4314  4380 I art     : Starting a blocking GC Explicit
08-06 11:59:27.076  6740  6740 D ICU     : No timezone override file found: /data/misc/zoneinfo/current/icu/icu_tzdata.dat
08-06 11:59:27.083  4314  6676 I RedditChangeDataIO: Writing tmp data file at '/data/user/0/baseline.org.quantumbadger.redreader/files/rr_change_data_tmp.dat'
08-06 11:59:27.084  4314  6676 I RedditChangeDataManager: Taking snapshot...
08-06 11:59:27.084  4314  6676 I RedditChangeDataManager: Writing to stream...
08-06 11:59:27.084  4314  6676 I RedditChangeDataManager: Wrote 5 entries for user ''
08-06 11:59:27.084  4314  6676 I RedditChangeDataManager: All entries written to stream.
08-06 11:59:27.084  4314  6676 I RedditChangeDataIO: Write successful. Atomically replacing data file...
08-06 11:59:27.085  4314  6676 I RedditChangeDataIO: Write complete.
08-06 11:59:27.085  4314  6676 I RedditChangeDataIO: 134 bytes written in 2 ms
08-06 11:59:27.115  4314  4380 I art     : Explicit concurrent mark sweep GC freed 80(4KB) AllocSpace objects, 1(68KB) LOS objects, 35% free, 29MB/45MB, paused 826us total 52.383ms
08-06 11:59:27.121  6740  6740 I Radio-JNI: register_android_hardware_Radio DONE
08-06 11:59:27.155  6740  6740 D AndroidRuntime: Calling main entry com.android.commands.input.Input
08-06 11:59:27.157  6740  6740 I Input   : injectKeyEvent: KeyEvent { action=ACTION_DOWN, keyCode=KEYCODE_BACK, scanCode=0, metaState=0, flags=0x0, repeatCount=0, eventTime=878383570, downTime=878383570, deviceId=-1, source=0x101 }
08-06 11:59:27.162  6740  6740 I Input   : injectKeyEvent: KeyEvent { action=ACTION_UP, keyCode=KEYCODE_BACK, scanCode=0, metaState=0, flags=0x0, repeatCount=0, eventTime=878383570, downTime=878383570, deviceId=-1, source=0x101 }
08-06 11:59:27.169  6740  6740 D AndroidRuntime: Shutting down VM
08-06 11:59:27.215 13866 13866 I GoogleInputMethodServic: GoogleInputMethodService.onFinishInput():3138 
08-06 11:59:27.216 13866 13866 I GoogleInputMethodServic: GoogleInputMethodService.onStartInput():1808 
08-06 11:59:27.324   518   646 I ThermalEngine: ACTION: GPU - Setting GPU[0] to 450000000
08-06 11:59:27.472  4314  4622 I art     : Starting a blocking GC Explicit
08-06 11:59:27.523   380   380 W SurfaceFlinger: couldn't log to binary event log: overflow.
08-06 11:59:27.527  4314  4622 I art     : Explicit concurrent mark sweep GC freed 1661(93KB) AllocSpace objects, 1(20KB) LOS objects, 35% free, 29MB/45MB, paused 872us total 54.235ms
08-06 11:59:27.552  4314  4622 I art     : Starting a blocking GC Explicit
08-06 11:59:27.570   918  3263 D ConnectivityService: releasing NetworkRequest NetworkRequest [ id=3941, legacyType=-1, [ Capabilities: INTERNET&NOT_RESTRICTED&TRUSTED] ]
08-06 11:59:27.600  4314  4622 I art     : Explicit concurrent mark sweep GC freed 910(43KB) AllocSpace objects, 0(0B) LOS objects, 35% free, 29MB/45MB, paused 505us total 46.563ms
08-06 11:59:27.618  4314  4622 I art     : Starting a blocking GC Explicit
08-06 11:59:27.664  4314  4622 I art     : Explicit concurrent mark sweep GC freed 150(7KB) AllocSpace objects, 0(0B) LOS objects, 35% free, 29MB/45MB, paused 488us total 43.766ms
08-06 11:59:27.685  4314  4622 I art     : Starting a blocking GC Explicit
08-06 11:59:27.725  4314  4622 I art     : Explicit concurrent mark sweep GC freed 1976(117KB) AllocSpace objects, 1(28KB) LOS objects, 35% free, 29MB/45MB, paused 521us total 40.369ms
08-06 11:59:27.743  4314  4622 I art     : Starting a blocking GC Explicit
08-06 11:59:27.789  4314  4622 I art     : Explicit concurrent mark sweep GC freed 3(96B) AllocSpace objects, 0(0B) LOS objects, 35% free, 29MB/45MB, paused 613us total 45.687ms
08-06 11:59:28.153  4314  4326 I art     : Starting a blocking GC Explicit
08-06 11:59:28.215  4314  4326 I art     : Explicit concurrent mark sweep GC freed 1355(82KB) AllocSpace objects, 1(20KB) LOS objects, 35% free, 29MB/45MB, paused 596us total 61.604ms
08-06 11:59:28.237  4314  4326 I art     : Starting a blocking GC Explicit
08-06 11:59:28.285  4314  4326 I art     : Explicit concurrent mark sweep GC freed 20(704B) AllocSpace objects, 0(0B) LOS objects, 35% free, 29MB/45MB, paused 540us total 47.295ms
08-06 11:59:28.303  4314  4326 I art     : Starting a blocking GC Explicit
08-06 11:59:28.350  4314  4326 I art     : Explicit concurrent mark sweep GC freed 3(96B) AllocSpace objects, 0(0B) LOS objects, 35% free, 29MB/45MB, paused 536us total 46.886ms
08-06 11:59:28.369  4314  4326 I art     : Starting a blocking GC Explicit
08-06 11:59:28.416  4314  4326 I art     : Explicit concurrent mark sweep GC freed 3(96B) AllocSpace objects, 0(0B) LOS objects, 35% free, 29MB/45MB, paused 482us total 46.160ms
08-06 11:59:28.434  4314  4326 I art     : Starting a blocking GC Explicit
08-06 11:59:28.476  4314  4326 I art     : Explicit concurrent mark sweep GC freed 3(96B) AllocSpace objects, 0(0B) LOS objects, 35% free, 29MB/45MB, paused 505us total 41.127ms
08-06 11:59:28.814  4314  6634 I art     : Starting a blocking GC Explicit
08-06 11:59:28.872  4314  6634 I art     : Explicit concurrent mark sweep GC freed 1356(82KB) AllocSpace objects, 1(20KB) LOS objects, 35% free, 29MB/45MB, paused 578us total 56.807ms
08-06 11:59:28.890  4314  6634 I art     : Starting a blocking GC Explicit
08-06 11:59:28.938  4314  6634 I art     : Explicit concurrent mark sweep GC freed 20(704B) AllocSpace objects, 0(0B) LOS objects, 35% free, 29MB/45MB, paused 582us total 47.791ms
08-06 11:59:28.954  6784  6784 D AndroidRuntime: >>>>>> START com.android.internal.os.RuntimeInit uid 2000 <<<<<<
08-06 11:59:28.957  4314  6634 I art     : Starting a blocking GC Explicit
08-06 11:59:28.961  6784  6784 D AndroidRuntime: CheckJNI is OFF
08-06 11:59:29.004  4314  6634 I art     : Explicit concurrent mark sweep GC freed 3(96B) AllocSpace objects, 0(0B) LOS objects, 35% free, 29MB/45MB, paused 582us total 46.712ms
08-06 11:59:29.005  6784  6784 D ICU     : No timezone override file found: /data/misc/zoneinfo/current/icu/icu_tzdata.dat
08-06 11:59:29.023  4314  6634 I art     : Starting a blocking GC Explicit
08-06 11:59:29.050  6784  6784 I Radio-JNI: register_android_hardware_Radio DONE
08-06 11:59:29.071  4314  6634 I art     : Explicit concurrent mark sweep GC freed 3(96B) AllocSpace objects, 0(0B) LOS objects, 35% free, 29MB/45MB, paused 573us total 47.598ms
08-06 11:59:29.080  6784  6784 D AndroidRuntime: Calling main entry com.android.commands.input.Input
08-06 11:59:29.083  6784  6784 I Input   : injectKeyEvent: KeyEvent { action=ACTION_DOWN, keyCode=KEYCODE_BACK, scanCode=0, metaState=0, flags=0x0, repeatCount=0, eventTime=878385495, downTime=878385495, deviceId=-1, source=0x101 }
08-06 11:59:29.089  4314  6634 I art     : Starting a blocking GC Explicit
08-06 11:59:29.090  6784  6784 I Input   : injectKeyEvent: KeyEvent { action=ACTION_UP, keyCode=KEYCODE_BACK, scanCode=0, metaState=0, flags=0x0, repeatCount=0, eventTime=878385495, downTime=878385495, deviceId=-1, source=0x101 }
08-06 11:59:29.097  6784  6784 D AndroidRuntime: Shutting down VM
08-06 11:59:29.130  4314  6634 I art     : Explicit concurrent mark sweep GC freed 114(3KB) AllocSpace objects, 0(0B) LOS objects, 35% free, 29MB/45MB, paused 498us total 40.708ms
08-06 11:59:29.139 13866 13866 I GoogleInputMethodServic: GoogleInputMethodService.onFinishInput():3138 
08-06 11:59:29.140 13866 13866 I GoogleInputMethodServic: GoogleInputMethodService.onStartInput():1808 
08-06 11:59:29.462  4314  4326 I art     : Starting a blocking GC Explicit
08-06 11:59:29.510  4314  4326 I art     : Explicit concurrent mark sweep GC freed 1479(87KB) AllocSpace objects, 1(20KB) LOS objects, 35% free, 29MB/45MB, paused 558us total 47.877ms
08-06 11:59:29.528  4314  4326 I art     : Starting a blocking GC Explicit
08-06 11:59:29.575  4314  4326 I art     : Explicit concurrent mark sweep GC freed 134(6KB) AllocSpace objects, 0(0B) LOS objects, 35% free, 29MB/45MB, paused 579us total 46.401ms
08-06 11:59:29.594  4314  4326 I art     : Starting a blocking GC Explicit
08-06 11:59:29.639  4314  4326 I art     : Explicit concurrent mark sweep GC freed 27(1072B) AllocSpace objects, 0(0B) LOS objects, 35% free, 29MB/45MB, paused 583us total 45.278ms
08-06 11:59:29.658  4314  4326 I art     : Starting a blocking GC Explicit
08-06 11:59:29.707  4314  4326 I art     : Explicit concurrent mark sweep GC freed 3(96B) AllocSpace objects, 0(0B) LOS objects, 35% free, 29MB/45MB, paused 580us total 48.450ms
08-06 11:59:29.725  4314  4326 I art     : Starting a blocking GC Explicit
08-06 11:59:29.774  4314  4326 I art     : Explicit concurrent mark sweep GC freed 3(96B) AllocSpace objects, 0(0B) LOS objects, 35% free, 29MB/45MB, paused 621us total 48.638ms
08-06 11:59:30.117  4314  6634 I art     : Starting a blocking GC Explicit
08-06 11:59:30.183  4314  6634 I art     : Explicit concurrent mark sweep GC freed 1356(82KB) AllocSpace objects, 1(20KB) LOS objects, 35% free, 29MB/45MB, paused 631us total 64.695ms
08-06 11:59:30.204  4314  6634 I art     : Starting a blocking GC Explicit
08-06 11:59:30.256  4314  6634 I art     : Explicit concurrent mark sweep GC freed 20(704B) AllocSpace objects, 0(0B) LOS objects, 35% free, 29MB/45MB, paused 623us total 51.585ms
08-06 11:59:30.280  4314  6634 I art     : Starting a blocking GC Explicit
08-06 11:59:30.328  4314  6634 I art     : Explicit concurrent mark sweep GC freed 3(96B) AllocSpace objects, 0(0B) LOS objects, 35% free, 29MB/45MB, paused 602us total 47.391ms
08-06 11:59:30.347  4314  6634 I art     : Starting a blocking GC Explicit
08-06 11:59:30.391  4314  6634 I art     : Explicit concurrent mark sweep GC freed 3(96B) AllocSpace objects, 0(0B) LOS objects, 35% free, 29MB/45MB, paused 563us total 43.827ms
08-06 11:59:30.409  4314  6634 I art     : Starting a blocking GC Explicit
08-06 11:59:30.455  4314  6634 I art     : Explicit concurrent mark sweep GC freed 3(96B) AllocSpace objects, 0(0B) LOS objects, 35% free, 29MB/45MB, paused 572us total 45.541ms
08-06 11:59:30.787  4314  4380 I art     : Starting a blocking GC Explicit
08-06 11:59:30.841  4314  4380 I art     : Explicit concurrent mark sweep GC freed 1356(82KB) AllocSpace objects, 1(20KB) LOS objects, 35% free, 29MB/45MB, paused 590us total 53.701ms
08-06 11:59:30.859  4314  4380 I art     : Starting a blocking GC Explicit
08-06 11:59:30.890  6828  6828 D AndroidRuntime: >>>>>> START com.android.internal.os.RuntimeInit uid 2000 <<<<<<
08-06 11:59:30.895  6828  6828 D AndroidRuntime: CheckJNI is OFF
08-06 11:59:30.905  4314  4380 I art     : Explicit concurrent mark sweep GC freed 20(704B) AllocSpace objects, 0(0B) LOS objects, 35% free, 29MB/45MB, paused 579us total 45.511ms
08-06 11:59:30.923  4314  4380 I art     : Starting a blocking GC Explicit
08-06 11:59:30.941  6828  6828 D ICU     : No timezone override file found: /data/misc/zoneinfo/current/icu/icu_tzdata.dat
08-06 11:59:30.970  4314  4380 I art     : Explicit concurrent mark sweep GC freed 3(96B) AllocSpace objects, 0(0B) LOS objects, 35% free, 29MB/45MB, paused 652us total 46.954ms
08-06 11:59:30.989  6828  6828 I Radio-JNI: register_android_hardware_Radio DONE
08-06 11:59:30.989  4314  4380 I art     : Starting a blocking GC Explicit
08-06 11:59:31.019  6828  6828 D AndroidRuntime: Calling main entry com.android.commands.input.Input
08-06 11:59:31.021  6828  6828 I Input   : injectMotionEvent: MotionEvent { action=ACTION_DOWN, actionButton=0, id[0]=0, x[0]=600.0, y[0]=1000.0, toolType[0]=TOOL_TYPE_UNKNOWN, buttonState=0, metaState=0, flags=0x0, edgeFlags=0x0, pointerCount=1, historySize=0, eventTime=878387433, downTime=878387433, deviceId=0, source=0x1002 }
08-06 11:59:31.028  6828  6828 I Input   : injectMotionEvent: MotionEvent { action=ACTION_UP, actionButton=0, id[0]=0, x[0]=600.0, y[0]=1000.0, toolType[0]=TOOL_TYPE_UNKNOWN, buttonState=0, metaState=0, flags=0x0, edgeFlags=0x0, pointerCount=1, historySize=0, eventTime=878387433, downTime=878387433, deviceId=0, source=0x1002 }
08-06 11:59:31.030  6828  6828 D AndroidRuntime: Shutting down VM
08-06 11:59:31.037  4314  4380 I art     : Explicit concurrent mark sweep GC freed 6(192B) AllocSpace objects, 0(0B) LOS objects, 35% free, 29MB/45MB, paused 644us total 48.176ms
08-06 11:59:31.046   918  4413 I ActivityManager: START u0 {dat=https://oauth.reddit.com/... cmp=baseline.org.quantumbadger.redreader/.activities.PostListingActivity} from uid 10705 on display 0
08-06 11:59:31.047   512  2967 D audio_hw_primary: out_set_parameters: enter: usecase(1: low-latency-playback) kvpairs: routing=2
08-06 11:59:31.061   512  2967 D audio_hw_primary: select_devices: out_snd_device(2: speaker) in_snd_device(0: none)
08-06 11:59:31.061   512  2967 D msm8974_platform: platform_send_audio_calibration: sending audio calibration for snd_device(2) acdb_id(15)
08-06 11:59:31.061   512  2967 I soundtrigger: audio_extn_sound_trigger_update_device_status: device 0x2 of type 0 for Event 1
08-06 11:59:31.063  4314  4380 I art     : Starting a blocking GC Explicit
08-06 11:59:31.072   512  2967 D audio_hw_primary: enable_snd_device: snd_device(2: speaker)
08-06 11:59:31.075   512  2967 D audio_hw_primary: enable_audio_route: apply and update mixer path: low-latency-playback speaker
08-06 11:59:31.086  4314  4314 I AppCompatViewInflater: app:theme is now deprecated. Please move to using android:theme instead.
08-06 11:59:31.122  4314  6852 D OK      : calling: https://oauth.reddit.com/r/announcements/about.json
08-06 11:59:31.139  4314  4380 I art     : Explicit concurrent mark sweep GC freed 892(67KB) AllocSpace objects, 0(0B) LOS objects, 35% free, 29MB/45MB, paused 1.130ms total 74.983ms
08-06 11:59:31.199   918   936 I ActivityManager: Displayed baseline.org.quantumbadger.redreader/.activities.PostListingActivity: +143ms
08-06 11:59:31.200 13866 13866 I GoogleInputMethodServic: GoogleInputMethodService.onFinishInput():3138 
08-06 11:59:31.201 13866 13866 I GoogleInputMethodServic: GoogleInputMethodService.onStartInput():1808 
08-06 11:59:31.445   380   380 W SurfaceFlinger: couldn't log to binary event log: overflow.
08-06 11:59:31.468  4314  4622 I art     : Starting a blocking GC Explicit
08-06 11:59:31.487  4314  6852 I NAPPA_EXPERIMENTATION: MetricNetworkRequestExecutionTime: REQUEST_DURATION_SYSTEM='365',REQUEST_DURATION_OKHTTP='149',REQUEST_SYNCHRONOUS='TRUE',RESPONSE_CODE='200',RESPONSE_METHOD='GET',RESPONSE_LENGTH_OKHTTP='-1',RESPONSE_LENGTH_HEADER='1564',REQUEST_PROTOCOL='h2',REQUEST_URL='https://oauth.reddit.com/r/announcements/about.json',
08-06 11:59:31.487  4314  6852 D OK      : request got status: 200
08-06 11:59:31.512  4314  4622 I art     : Explicit concurrent mark sweep GC freed 5064(321KB) AllocSpace objects, 2(88KB) LOS objects, 35% free, 29MB/45MB, paused 641us total 43.883ms
08-06 11:59:31.532  4314  4622 I art     : Starting a blocking GC Explicit
08-06 11:59:31.575  4314  4622 I art     : Explicit concurrent mark sweep GC freed 971(57KB) AllocSpace objects, 1(68KB) LOS objects, 35% free, 29MB/45MB, paused 583us total 42.648ms
08-06 11:59:31.582   918  3188 I hubconnection: sensorhub said: 'set_bias 3: -6.7200, 0.0000, 0.0000'
08-06 11:59:31.592  4314  4622 I art     : Starting a blocking GC Explicit
08-06 11:59:31.619   512  2967 D audio_hw_primary: disable_audio_route: reset and update mixer path: low-latency-playback speaker
08-06 11:59:31.620   512  2967 D audio_hw_primary: disable_snd_device: snd_device(2: speaker)
08-06 11:59:31.627   512  2967 I soundtrigger: audio_extn_sound_trigger_update_device_status: device 0x2 of type 0 for Event 0
08-06 11:59:31.638  4314  4622 I art     : Explicit concurrent mark sweep GC freed 205(10KB) AllocSpace objects, 0(0B) LOS objects, 35% free, 29MB/45MB, paused 578us total 45.775ms
08-06 11:59:31.656  4314  4622 I art     : Starting a blocking GC Explicit
08-06 11:59:31.703  4314  4622 I art     : Explicit concurrent mark sweep GC freed 3(96B) AllocSpace objects, 0(0B) LOS objects, 35% free, 29MB/45MB, paused 606us total 46.900ms
08-06 11:59:31.721  4314  4622 I art     : Starting a blocking GC Explicit
08-06 11:59:31.769  4314  4622 I art     : Explicit concurrent mark sweep GC freed 3(96B) AllocSpace objects, 0(0B) LOS objects, 35% free, 29MB/45MB, paused 633us total 47.159ms
08-06 11:59:32.099  4314  6634 I art     : Starting a blocking GC Explicit
08-06 11:59:32.148  4314  6634 I art     : Explicit concurrent mark sweep GC freed 1415(85KB) AllocSpace objects, 1(20KB) LOS objects, 35% free, 29MB/45MB, paused 585us total 49.115ms
08-06 11:59:32.167  4314  6634 I art     : Starting a blocking GC Explicit
08-06 11:59:32.215  4314  6634 I art     : Explicit concurrent mark sweep GC freed 20(704B) AllocSpace objects, 0(0B) LOS objects, 35% free, 29MB/45MB, paused 612us total 47.197ms
08-06 11:59:32.233  4314  6634 I art     : Starting a blocking GC Explicit
08-06 11:59:32.281  4314  6634 I art     : Explicit concurrent mark sweep GC freed 3(96B) AllocSpace objects, 0(0B) LOS objects, 35% free, 29MB/45MB, paused 587us total 46.826ms
08-06 11:59:32.299  4314  6634 I art     : Starting a blocking GC Explicit
08-06 11:59:32.323  4314  6876 D OK      : calling: https://oauth.reddit.com/r/announcements/hot/.json
08-06 11:59:32.345  4314  6634 I art     : Explicit concurrent mark sweep GC freed 94(3KB) AllocSpace objects, 0(0B) LOS objects, 35% free, 29MB/45MB, paused 633us total 46.006ms
08-06 11:59:32.364  4314  6634 I art     : Starting a blocking GC Explicit
08-06 11:59:32.412  4314  6634 I art     : Explicit concurrent mark sweep GC freed 10(384B) AllocSpace objects, 0(0B) LOS objects, 35% free, 29MB/45MB, paused 620us total 48.062ms
08-06 11:59:32.515  4314  6876 I NAPPA_EXPERIMENTATION: MetricNetworkRequestExecutionTime: REQUEST_DURATION_SYSTEM='192',REQUEST_DURATION_OKHTTP='188',REQUEST_SYNCHRONOUS='TRUE',RESPONSE_CODE='200',RESPONSE_METHOD='GET',RESPONSE_LENGTH_OKHTTP='-1',RESPONSE_LENGTH_HEADER='142016',REQUEST_PROTOCOL='h2',REQUEST_URL='https://oauth.reddit.com/r/announcements/hot/.json',
08-06 11:59:32.515  4314  6876 D OK      : request got status: 200
08-06 11:59:32.525  4314  4904 I PostListingFragment: Precaching images: OFF
08-06 11:59:32.525  4314  4904 I PostListingFragment: Precaching comments: OFF
08-06 11:59:32.747  4314  6634 I art     : Starting a blocking GC Explicit
08-06 11:59:32.811  4314  6634 I art     : Explicit concurrent mark sweep GC freed 9003(630KB) AllocSpace objects, 15(644KB) LOS objects, 32% free, 32MB/48MB, paused 962us total 63.368ms
08-06 11:59:32.830  4314  6634 I art     : Starting a blocking GC Explicit
08-06 11:59:32.891  4314  6634 I art     : Explicit concurrent mark sweep GC freed 5254(276KB) AllocSpace objects, 5(348KB) LOS objects, 32% free, 33MB/49MB, paused 1.116ms total 60.163ms
08-06 11:59:32.910  4314  6634 I art     : Starting a blocking GC Explicit
08-06 11:59:32.971  4314  6634 I art     : Explicit concurrent mark sweep GC freed 5549(345KB) AllocSpace objects, 9(600KB) LOS objects, 31% free, 34MB/50MB, paused 937us total 60.636ms
08-06 11:59:32.991  4314  6634 I art     : Starting a blocking GC Explicit
08-06 11:59:33.052  4314  6634 I art     : Explicit concurrent mark sweep GC freed 4195(241KB) AllocSpace objects, 8(392KB) LOS objects, 31% free, 34MB/50MB, paused 627us total 60.394ms
08-06 11:59:33.072  4314  6634 I art     : Starting a blocking GC Explicit
08-06 11:59:33.124  4314  6634 I art     : Explicit concurrent mark sweep GC freed 59323(2MB) AllocSpace objects, 8(152KB) LOS objects, 33% free, 31MB/47MB, paused 1.053ms total 51.686ms
08-06 11:59:33.158  4314  4314 W RecyclerView: Cannot call this method in a scroll callback. Scroll callbacks mightbe run during a measure & layout pass where you cannot change theRecyclerView data. Any method call that might change the structureof the RecyclerView or the adapter contents should be postponed tothe next frame.
08-06 11:59:33.158  4314  4314 W RecyclerView: java.lang.IllegalStateException:  androidx.recyclerview.widget.RecyclerView{9a22b8c VFED..... .F....ID 0,0-1440,2140 #7f0900ef app:id/scrollbar_recyclerview_recyclerview}, adapter:baseline.org.quantumbadger.redreader.adapters.GroupedRecyclerViewAdapter@d9962d5, layout:androidx.recyclerview.widget.LinearLayoutManager@c2a2aea, context:baseline.org.quantumbadger.redreader.activities.PostListingActivity@63d8b75
08-06 11:59:33.158  4314  4314 W RecyclerView: 	at androidx.recyclerview.widget.RecyclerView.assertNotInLayoutOrScroll(RecyclerView.java:3061)
08-06 11:59:33.158  4314  4314 W RecyclerView: 	at androidx.recyclerview.widget.RecyclerView$RecyclerViewDataObserver.onItemRangeInserted(RecyclerView.java:5555)
08-06 11:59:33.158  4314  4314 W RecyclerView: 	at androidx.recyclerview.widget.RecyclerView$AdapterDataObservable.notifyItemRangeInserted(RecyclerView.java:12278)
08-06 11:59:33.158  4314  4314 W RecyclerView: 	at androidx.recyclerview.widget.RecyclerView$Adapter.notifyItemInserted(RecyclerView.java:7464)
08-06 11:59:33.158  4314  4314 W RecyclerView: 	at baseline.org.quantumbadger.redreader.adapters.GroupedRecyclerViewAdapter.updateHiddenStatus(GroupedRecyclerViewAdapter.java:279)
08-06 11:59:33.158  4314  4314 W RecyclerView: 	at baseline.org.quantumbadger.redreader.adapters.RedditListingManager.setLoadingVisible(RedditListingManager.java:125)
08-06 11:59:33.158  4314  4314 W RecyclerView: 	at baseline.org.quantumbadger.redreader.fragments.PostListingFragment.onLoadMoreItemsCheck(PostListingFragment.java:465)
08-06 11:59:33.158  4314  4314 W RecyclerView: 	at baseline.org.quantumbadger.redreader.fragments.PostListingFragment.access$000(PostListingFragment.java:98)
08-06 11:59:33.158  4314  4314 W RecyclerView: 	at baseline.org.quantumbadger.redreader.fragments.PostListingFragment$2.onScrolled(PostListingFragment.java:215)
08-06 11:59:33.158  4314  4314 W RecyclerView: 	at androidx.recyclerview.widget.RecyclerView.dispatchOnScrolled(RecyclerView.java:5173)
08-06 11:59:33.158  4314  4314 W RecyclerView: 	at androidx.recyclerview.widget.RecyclerView.dispatchLayoutStep3(RecyclerView.java:4231)
08-06 11:59:33.158  4314  4314 W RecyclerView: 	at androidx.recyclerview.widget.RecyclerView.dispatchLayout(RecyclerView.java:3862)
08-06 11:59:33.158  4314  4314 W RecyclerView: 	at androidx.recyclerview.widget.RecyclerView.consumePendingUpdateOperations(RecyclerView.java:1897)
08-06 11:59:33.158  4314  4314 W RecyclerView: 	at androidx.recyclerview.widget.RecyclerView$1.run(RecyclerView.java:414)
08-06 11:59:33.158  4314  4314 W RecyclerView: 	at android.view.Choreographer$CallbackRecord.run(Choreographer.java:858)
08-06 11:59:33.158  4314  4314 W RecyclerView: 	at android.view.Choreographer.doCallbacks(Choreographer.java:670)
08-06 11:59:33.158  4314  4314 W RecyclerView: 	at android.view.Choreographer.doFrame(Choreographer.java:603)
08-06 11:59:33.158  4314  4314 W RecyclerView: 	at android.view.Choreographer$FrameDisplayEventReceiver.run(Choreographer.java:844)
08-06 11:59:33.158  4314  4314 W RecyclerView: 	at android.os.Handler.handleCallback(Handler.java:739)
08-06 11:59:33.158  4314  4314 W RecyclerView: 	at android.os.Handler.dispatchMessage(Handler.java:95)
08-06 11:59:33.158  4314  4314 W RecyclerView: 	at android.os.Looper.loop(Looper.java:148)
08-06 11:59:33.158  4314  4314 W RecyclerView: 	at android.app.ActivityThread.main(ActivityThread.java:5417)
08-06 11:59:33.158  4314  4314 W RecyclerView: 	at java.lang.reflect.Method.invoke(Native Method)
08-06 11:59:33.158  4314  4314 W RecyclerView: 	at com.android.internal.os.ZygoteInit$MethodAndArgsCaller.run(ZygoteInit.java:726)
08-06 11:59:33.158  4314  4314 W RecyclerView: 	at com.android.internal.os.ZygoteInit.main(ZygoteInit.java:616)
08-06 11:59:33.474  4314  6634 I art     : Starting a blocking GC Explicit
08-06 11:59:33.524  4314  6899 D OK      : calling: https://oauth.reddit.com/r/announcements/hot/.json?after=t3_9jf8nh
08-06 11:59:33.529  4314  6634 I art     : Explicit concurrent mark sweep GC freed 2948(221KB) AllocSpace objects, 1(20KB) LOS objects, 33% free, 31MB/47MB, paused 1.180ms total 54.600ms
08-06 11:59:33.548  4314  6634 I art     : Starting a blocking GC Explicit
08-06 11:59:33.607  4314  6634 I art     : Explicit concurrent mark sweep GC freed 129(5KB) AllocSpace objects, 0(0B) LOS objects, 33% free, 31MB/47MB, paused 714us total 58.440ms
08-06 11:59:33.630  4314  6634 I art     : Starting a blocking GC Explicit
08-06 11:59:33.685  4314  6634 I art     : Explicit concurrent mark sweep GC freed 3(96B) AllocSpace objects, 0(0B) LOS objects, 33% free, 31MB/47MB, paused 706us total 55.028ms
08-06 11:59:33.704  4314  6634 I art     : Starting a blocking GC Explicit
08-06 11:59:33.748  4314  6899 I NAPPA_EXPERIMENTATION: MetricNetworkRequestExecutionTime: REQUEST_DURATION_SYSTEM='224',REQUEST_DURATION_OKHTTP='215',REQUEST_SYNCHRONOUS='TRUE',RESPONSE_CODE='200',RESPONSE_METHOD='GET',RESPONSE_LENGTH_OKHTTP='-1',RESPONSE_LENGTH_HEADER='65685',REQUEST_PROTOCOL='h2',REQUEST_URL='https://oauth.reddit.com/r/announcements/hot/.json?after=t3_9jf8nh',
08-06 11:59:33.749  4314  6899 D OK      : request got status: 200
08-06 11:59:33.757  4314  4904 I PostListingFragment: Precaching images: OFF
08-06 11:59:33.757  4314  4904 I PostListingFragment: Precaching comments: OFF
08-06 11:59:33.757  4314  6634 I art     : Explicit concurrent mark sweep GC freed 381(35KB) AllocSpace objects, 0(0B) LOS objects, 33% free, 31MB/47MB, paused 914us total 52.862ms
08-06 11:59:33.776  4314  6634 I art     : Starting a blocking GC Explicit
08-06 11:59:33.825  4314  6634 I art     : Explicit concurrent mark sweep GC freed 3233(288KB) AllocSpace objects, 4(460KB) LOS objects, 33% free, 32MB/48MB, paused 1.033ms total 48.345ms
08-06 11:59:34.162  4314  4326 I art     : Starting a blocking GC Explicit
08-06 11:59:34.236  4314  4326 I art     : Explicit concurrent mark sweep GC freed 32932(1590KB) AllocSpace objects, 15(440KB) LOS objects, 33% free, 32MB/48MB, paused 751us total 73.105ms
08-06 11:59:34.260  4314  4326 I art     : Starting a blocking GC Explicit
08-06 11:59:34.320  4314  4326 I art     : Explicit concurrent mark sweep GC freed 1674(70KB) AllocSpace objects, 0(0B) LOS objects, 33% free, 32MB/48MB, paused 774us total 59.610ms
08-06 11:59:34.342  4314  4326 I art     : Starting a blocking GC Explicit
08-06 11:59:34.397  4314  4326 I art     : Explicit concurrent mark sweep GC freed 3(96B) AllocSpace objects, 0(0B) LOS objects, 33% free, 32MB/48MB, paused 682us total 55.078ms
08-06 11:59:34.417  4314  4326 I art     : Starting a blocking GC Explicit
08-06 11:59:34.473  4314  4326 I art     : Explicit concurrent mark sweep GC freed 8(256B) AllocSpace objects, 0(0B) LOS objects, 33% free, 32MB/48MB, paused 660us total 56.116ms
08-06 11:59:34.493  4314  4326 I art     : Starting a blocking GC Explicit
08-06 11:59:34.550  4314  4326 I art     : Explicit concurrent mark sweep GC freed 22(944B) AllocSpace objects, 0(0B) LOS objects, 33% free, 32MB/48MB, paused 570us total 56.509ms
08-06 11:59:34.923  4314  4622 I art     : Starting a blocking GC Explicit
08-06 11:59:34.991  4314  4622 I art     : Explicit concurrent mark sweep GC freed 1357(82KB) AllocSpace objects, 1(20KB) LOS objects, 33% free, 32MB/48MB, paused 620us total 67.307ms
08-06 11:59:35.011  4314  4622 I art     : Starting a blocking GC Explicit
08-06 11:59:35.070  4314  4622 I art     : Explicit concurrent mark sweep GC freed 20(704B) AllocSpace objects, 0(0B) LOS objects, 33% free, 32MB/48MB, paused 720us total 59.034ms
08-06 11:59:35.092  4314  4622 I art     : Starting a blocking GC Explicit
08-06 11:59:35.154  4314  4622 I art     : Explicit concurrent mark sweep GC freed 3(96B) AllocSpace objects, 0(0B) LOS objects, 33% free, 32MB/48MB, paused 605us total 60.993ms
08-06 11:59:35.176  4314  4622 I art     : Starting a blocking GC Explicit
08-06 11:59:35.235  4314  4622 I art     : Explicit concurrent mark sweep GC freed 3(96B) AllocSpace objects, 0(0B) LOS objects, 33% free, 32MB/48MB, paused 666us total 59.231ms
08-06 11:59:35.257  4314  4622 I art     : Starting a blocking GC Explicit
08-06 11:59:35.314  4314  4622 I art     : Explicit concurrent mark sweep GC freed 3(96B) AllocSpace objects, 0(0B) LOS objects, 33% free, 32MB/48MB, paused 606us total 56.540ms
08-06 11:59:35.692  4314  4380 I art     : Starting a blocking GC Explicit
08-06 11:59:35.751  4314  4380 I art     : Explicit concurrent mark sweep GC freed 1357(83KB) AllocSpace objects, 1(20KB) LOS objects, 33% free, 32MB/48MB, paused 701us total 58.689ms
08-06 11:59:35.770  4314  4380 I art     : Starting a blocking GC Explicit
08-06 11:59:35.824  4314  4380 I art     : Explicit concurrent mark sweep GC freed 20(704B) AllocSpace objects, 0(0B) LOS objects, 33% free, 32MB/48MB, paused 627us total 53.623ms
08-06 11:59:35.843  4314  4380 I art     : Starting a blocking GC Explicit
08-06 11:59:35.901  4314  4380 I art     : Explicit concurrent mark sweep GC freed 3(96B) AllocSpace objects, 0(0B) LOS objects, 33% free, 32MB/48MB, paused 690us total 57.386ms
08-06 11:59:35.924  4314  4380 I art     : Starting a blocking GC Explicit
08-06 11:59:35.976  4314  4380 I art     : Explicit concurrent mark sweep GC freed 3(96B) AllocSpace objects, 0(0B) LOS objects, 33% free, 32MB/48MB, paused 554us total 52.405ms
08-06 11:59:35.996  4314  4380 I art     : Starting a blocking GC Explicit
08-06 11:59:36.055  4314  4380 I art     : Explicit concurrent mark sweep GC freed 3(96B) AllocSpace objects, 0(0B) LOS objects, 33% free, 32MB/48MB, paused 636us total 59.046ms
08-06 11:59:36.414  4314  4327 I art     : Starting a blocking GC Explicit
08-06 11:59:36.479  4314  4327 I art     : Explicit concurrent mark sweep GC freed 1358(83KB) AllocSpace objects, 1(20KB) LOS objects, 33% free, 32MB/48MB, paused 808us total 64.324ms
08-06 11:59:36.500  4314  4327 I art     : Starting a blocking GC Explicit
08-06 11:59:36.555  4314  4327 I art     : Explicit concurrent mark sweep GC freed 20(704B) AllocSpace objects, 0(0B) LOS objects, 33% free, 32MB/48MB, paused 617us total 54.620ms
08-06 11:59:36.574  4314  4327 I art     : Starting a blocking GC Explicit
08-06 11:59:36.627  4314  4327 I art     : Explicit concurrent mark sweep GC freed 3(96B) AllocSpace objects, 0(0B) LOS objects, 33% free, 32MB/48MB, paused 651us total 52.342ms
08-06 11:59:36.646  4314  4327 I art     : Starting a blocking GC Explicit
08-06 11:59:36.700  4314  4327 I art     : Explicit concurrent mark sweep GC freed 3(96B) AllocSpace objects, 0(0B) LOS objects, 33% free, 32MB/48MB, paused 601us total 53.656ms
08-06 11:59:36.719  4314  4327 I art     : Starting a blocking GC Explicit
08-06 11:59:36.774  4314  4327 I art     : Explicit concurrent mark sweep GC freed 3(96B) AllocSpace objects, 0(0B) LOS objects, 33% free, 32MB/48MB, paused 609us total 53.905ms
08-06 11:59:36.837  6934  6934 D AndroidRuntime: >>>>>> START com.android.internal.os.RuntimeInit uid 2000 <<<<<<
08-06 11:59:36.844  6934  6934 D AndroidRuntime: CheckJNI is OFF
08-06 11:59:36.894  6934  6934 D ICU     : No timezone override file found: /data/misc/zoneinfo/current/icu/icu_tzdata.dat
08-06 11:59:36.944  6934  6934 I Radio-JNI: register_android_hardware_Radio DONE
08-06 11:59:36.977  6934  6934 D AndroidRuntime: Calling main entry com.android.commands.input.Input
08-06 11:59:36.980  6934  6934 I Input   : injectMotionEvent: MotionEvent { action=ACTION_DOWN, actionButton=0, id[0]=0, x[0]=600.0, y[0]=580.0, toolType[0]=TOOL_TYPE_UNKNOWN, buttonState=0, metaState=0, flags=0x0, edgeFlags=0x0, pointerCount=1, historySize=0, eventTime=878393392, downTime=878393392, deviceId=0, source=0x1002 }
08-06 11:59:36.984  6934  6934 I Input   : injectMotionEvent: MotionEvent { action=ACTION_UP, actionButton=0, id[0]=0, x[0]=600.0, y[0]=580.0, toolType[0]=TOOL_TYPE_UNKNOWN, buttonState=0, metaState=0, flags=0x0, edgeFlags=0x0, pointerCount=1, historySize=0, eventTime=878393392, downTime=878393392, deviceId=0, source=0x1002 }
08-06 11:59:36.991  6934  6934 D AndroidRuntime: Shutting down VM
08-06 11:59:37.003   512  2967 D audio_hw_primary: out_set_parameters: enter: usecase(1: low-latency-playback) kvpairs: routing=2
08-06 11:59:37.005   918  6112 I ActivityManager: START u0 {cmp=baseline.org.quantumbadger.redreader/.activities.WebViewActivity (has extras)} from uid 10705 on display 0
08-06 11:59:37.016   512  2967 D audio_hw_primary: select_devices: out_snd_device(2: speaker) in_snd_device(0: none)
08-06 11:59:37.016   512  2967 D msm8974_platform: platform_send_audio_calibration: sending audio calibration for snd_device(2) acdb_id(15)
08-06 11:59:37.016   512  2967 I soundtrigger: audio_extn_sound_trigger_update_device_status: device 0x2 of type 0 for Event 1
08-06 11:59:37.028   512  2967 D audio_hw_primary: enable_snd_device: snd_device(2: speaker)
08-06 11:59:37.030  4314  4314 I AppCompatViewInflater: app:theme is now deprecated. Please move to using android:theme instead.
08-06 11:59:37.030   512  2967 D audio_hw_primary: enable_audio_route: apply and update mixer path: low-latency-playback speaker
08-06 11:59:37.053   918  3696 D ConnectivityService: listenForNetwork for Listen from uid/pid:10705/4314 for NetworkRequest [ id=3942, legacyType=-1, [ Capabilities: INTERNET&NOT_RESTRICTED&TRUSTED] ]
08-06 11:59:37.149  4314  4622 I art     : Starting a blocking GC Explicit
08-06 11:59:37.199  4314  4622 I art     : Explicit concurrent mark sweep GC freed 5839(308KB) AllocSpace objects, 1(20KB) LOS objects, 33% free, 32MB/48MB, paused 695us total 49.548ms
08-06 11:59:37.204   918   936 I ActivityManager: Displayed baseline.org.quantumbadger.redreader/.activities.WebViewActivity: +190ms
08-06 11:59:37.204 13866 13866 I GoogleInputMethodServic: GoogleInputMethodService.onFinishInput():3138 
08-06 11:59:37.205 13866 13866 I GoogleInputMethodServic: GoogleInputMethodService.onStartInput():1808 
08-06 11:59:37.220  4314  4622 I art     : Starting a blocking GC Explicit
08-06 11:59:37.265  4314  4622 I art     : Explicit concurrent mark sweep GC freed 7319(828KB) AllocSpace objects, 17(2MB) LOS objects, 35% free, 29MB/45MB, paused 546us total 45.483ms
08-06 11:59:37.285  4314  4622 I art     : Starting a blocking GC Explicit
08-06 11:59:37.326  4314  4622 I art     : Explicit concurrent mark sweep GC freed 23(2144B) AllocSpace objects, 0(0B) LOS objects, 35% free, 29MB/45MB, paused 524us total 40.688ms
08-06 11:59:37.344  4314  4622 I art     : Starting a blocking GC Explicit
08-06 11:59:37.385  4314  4622 I art     : Explicit concurrent mark sweep GC freed 4(128B) AllocSpace objects, 0(0B) LOS objects, 35% free, 29MB/45MB, paused 504us total 41.132ms
08-06 11:59:37.403  4314  4622 I art     : Starting a blocking GC Explicit
08-06 11:59:37.445  4314  4622 I art     : Explicit concurrent mark sweep GC freed 11(448B) AllocSpace objects, 0(0B) LOS objects, 35% free, 29MB/45MB, paused 576us total 41.571ms
08-06 11:59:37.450   380   380 W SurfaceFlinger: couldn't log to binary event log: overflow.
08-06 11:59:37.562  4314  6879 I RedditChangeDataIO: Writing tmp data file at '/data/user/0/baseline.org.quantumbadger.redreader/files/rr_change_data_tmp.dat'
08-06 11:59:37.562  4314  6879 I RedditChangeDataManager: Taking snapshot...
08-06 11:59:37.563  4314  6879 I RedditChangeDataManager: Writing to stream...
08-06 11:59:37.563  4314  6879 I RedditChangeDataManager: Wrote 5 entries for user ''
08-06 11:59:37.563  4314  6879 I RedditChangeDataManager: All entries written to stream.
08-06 11:59:37.563  4314  6879 I RedditChangeDataIO: Write successful. Atomically replacing data file...
08-06 11:59:37.563  4314  6879 I RedditChangeDataIO: Write complete.
08-06 11:59:37.563  4314  6879 I RedditChangeDataIO: 134 bytes written in 1 ms
08-06 11:59:37.568   512  2967 D audio_hw_primary: disable_audio_route: reset and update mixer path: low-latency-playback speaker
08-06 11:59:37.570   512  2967 D audio_hw_primary: disable_snd_device: snd_device(2: speaker)
08-06 11:59:37.579   512  2967 I soundtrigger: audio_extn_sound_trigger_update_device_status: device 0x2 of type 0 for Event 0
08-06 11:59:37.806  4314  6634 I art     : Starting a blocking GC Explicit
08-06 11:59:37.867  4314  6634 I art     : Explicit concurrent mark sweep GC freed 2373(139KB) AllocSpace objects, 2(88KB) LOS objects, 35% free, 29MB/45MB, paused 803us total 61.393ms
08-06 11:59:37.868  4314  4325 I art     : WaitForGcToComplete blocked for 56.170ms for cause HeapTrim
08-06 11:59:37.896  4314  6634 I art     : Starting a blocking GC Explicit
08-06 11:59:37.945  3017  3017 I ServiceManager: Waiting for service AtCmdFwd...
08-06 11:59:37.946  4314  6634 I art     : Explicit concurrent mark sweep GC freed 33(1120B) AllocSpace objects, 0(0B) LOS objects, 35% free, 29MB/45MB, paused 584us total 49.887ms
08-06 11:59:37.966  4314  6634 I art     : Starting a blocking GC Explicit
08-06 11:59:38.011  4314  6634 I art     : Explicit concurrent mark sweep GC freed 10(320B) AllocSpace objects, 0(0B) LOS objects, 35% free, 29MB/45MB, paused 590us total 44.921ms
08-06 11:59:38.033  4314  6634 I art     : Starting a blocking GC Explicit
08-06 11:59:38.084  4314  6634 I art     : Explicit concurrent mark sweep GC freed 11(352B) AllocSpace objects, 0(0B) LOS objects, 35% free, 29MB/45MB, paused 673us total 50.720ms
08-06 11:59:38.105  4314  6634 I art     : Starting a blocking GC Explicit
08-06 11:59:38.159  4314  6634 I art     : Explicit concurrent mark sweep GC freed 13(416B) AllocSpace objects, 0(0B) LOS objects, 35% free, 29MB/45MB, paused 598us total 54.143ms
08-06 11:59:38.508  4314  4314 I chromium: [INFO:CONSOLE(1)] "
08-06 11:59:38.508  4314  4314 I chromium:                   ,d"=,.,qOp,
08-06 11:59:38.508  4314  4314 I chromium:                  ,7'  ''$(  )
08-06 11:59:38.508  4314  4314 I chromium:                 ,7'      '?q$7'
08-06 11:59:38.508  4314  4314 I chromium:              ..,$$,.
08-06 11:59:38.508  4314  4314 I chromium:    ,.  .,,--***""***--,,.  .,
08-06 11:59:38.508  4314  4314 I chromium:     ,p''              ''q,   
08-06 11:59:38.508  4314  4314 I chromium: :  ,7'                      '7,  :
08-06 11:59:38.508  4314  4314 I chromium:  ' $      ,db,      ,db,      $ '
08-06 11:59:38.508  4314  4314 I chromium:   '$      $$      $$      $'    Using Reddit at work? Work for Reddit.
08-06 11:59:38.508  4314  4314 I chromium:   '$                          $'        https://www.reddit.com/jobs
08-06 11:59:38.508  4314  4314 I chromium:    '$.     .,        ,.     .$'
08-06 11:59:38.508  4314  4314 I chromium:     'b,     ''     ,d'
08-06 11:59:38.508  4314  4314 I chromium:      '?bn,,          ,,nd?'
08-06 11:59:38.508  4314  4314 I chromium:        ,7$ '''' $7,
08-06 11:59:38.508  4314  4314 I chromium:      , $              $ ,
08-06 11:59:38.508  4314  4314 I chromium:      $  :$              $:  $
08-06 11:59:38.508  4314  4314 I chromium:      $   $              $   $
08-06 11:59:38.508  4314  4314 I chromium:      'b  q:            :p  d'
08-06 11:59:38.508  4314  4314 I chromium:       '?$.          .$?'
08-06 11:59:38.508  4314  4314 I chromium:          'b            d'
08-06 11:59:38.508  4314  4314 I chromium:        ,'?,.      .,?',
08-06 11:59:38.508  4314  4314 I chromium:       ==--==--==--==
08-06 11:59:38.508  4314  4314 I chromium: ", source: https://www.redditstatic.com/desktop2x/Chat~Governance~Reddit.2ea93b134a9b2e5b1d9a.js (1)
08-06 11:59:38.528  4314  4380 I art     : Starting a blocking GC Explicit
08-06 11:59:38.585  4314  4380 I art     : Explicit concurrent mark sweep GC freed 1413(87KB) AllocSpace objects, 1(20KB) LOS objects, 35% free, 29MB/45MB, paused 692us total 56.025ms
08-06 11:59:38.607  4314  4380 I art     : Starting a blocking GC Explicit
08-06 11:59:38.665  4314  4380 I art     : Explicit concurrent mark sweep GC freed 31(1056B) AllocSpace objects, 0(0B) LOS objects, 35% free, 29MB/45MB, paused 609us total 57.804ms
08-06 11:59:38.688  4314  4380 I art     : Starting a blocking GC Explicit
08-06 11:59:38.745  4314  4380 I art     : Explicit concurrent mark sweep GC freed 26(912B) AllocSpace objects, 0(0B) LOS objects, 35% free, 29MB/45MB, paused 539us total 56.449ms
08-06 11:59:38.767  4314  4380 I art     : Starting a blocking GC Explicit
08-06 11:59:38.824  4314  4380 I art     : Explicit concurrent mark sweep GC freed 24(768B) AllocSpace objects, 0(0B) LOS objects, 35% free, 29MB/45MB, paused 725us total 57.053ms
08-06 11:59:38.844  4314  4380 I art     : Starting a blocking GC Explicit
08-06 11:59:38.898  4314  4380 I art     : Explicit concurrent mark sweep GC freed 19(608B) AllocSpace objects, 0(0B) LOS objects, 35% free, 29MB/45MB, paused 784us total 53.318ms
08-06 11:59:38.946  3017  3017 I ServiceManager: Waiting for service AtCmdFwd...
08-06 11:59:39.250  4314  4622 I art     : Starting a blocking GC Explicit
08-06 11:59:39.300  4314  4622 I art     : Explicit concurrent mark sweep GC freed 1652(126KB) AllocSpace objects, 1(20KB) LOS objects, 35% free, 29MB/45MB, paused 580us total 50.038ms
08-06 11:59:39.319  4314  4622 I art     : Starting a blocking GC Explicit
08-06 11:59:39.354   518   646 I ThermalEngine: ACTION: GPU - Setting GPU[0] to 390000000
08-06 11:59:39.397  4314  4622 I art     : Explicit concurrent mark sweep GC freed 136(5KB) AllocSpace objects, 0(0B) LOS objects, 35% free, 29MB/45MB, paused 1.014ms total 77.790ms
08-06 11:59:39.421  4314  4622 I art     : Starting a blocking GC Explicit
08-06 11:59:39.477  4314  4622 I art     : Explicit concurrent mark sweep GC freed 159(8KB) AllocSpace objects, 0(0B) LOS objects, 35% free, 29MB/45MB, paused 803us total 55.858ms
08-06 11:59:39.501  4314  4622 I art     : Starting a blocking GC Explicit
08-06 11:59:39.555  4314  4622 I art     : Explicit concurrent mark sweep GC freed 7(256B) AllocSpace objects, 0(0B) LOS objects, 35% free, 29MB/45MB, paused 936us total 54.026ms
08-06 11:59:39.583  4314  4622 I art     : Starting a blocking GC Explicit
08-06 11:59:39.644  4314  4622 I art     : Explicit concurrent mark sweep GC freed 3(96B) AllocSpace objects, 0(0B) LOS objects, 35% free, 29MB/45MB, paused 778us total 60.705ms
08-06 11:59:39.947  3017  3017 I ServiceManager: Waiting for service AtCmdFwd...
08-06 11:59:40.037  4314  4327 I art     : Starting a blocking GC Explicit
08-06 11:59:40.103  4314  4327 I art     : Explicit concurrent mark sweep GC freed 1370(85KB) AllocSpace objects, 1(20KB) LOS objects, 35% free, 29MB/45MB, paused 712us total 65.453ms
08-06 11:59:40.128  4314  4327 I art     : Starting a blocking GC Explicit
08-06 11:59:40.188  4314  4327 I art     : Explicit concurrent mark sweep GC freed 20(704B) AllocSpace objects, 0(0B) LOS objects, 35% free, 29MB/45MB, paused 890us total 60.320ms
08-06 11:59:40.212  4314  4327 I art     : Starting a blocking GC Explicit
08-06 11:59:40.271  4314  4327 I art     : Explicit concurrent mark sweep GC freed 49(2656B) AllocSpace objects, 0(0B) LOS objects, 35% free, 29MB/45MB, paused 770us total 58.932ms
08-06 11:59:40.294  4314  4327 I art     : Starting a blocking GC Explicit
08-06 11:59:40.358  4314  4327 I art     : Explicit concurrent mark sweep GC freed 3(96B) AllocSpace objects, 0(0B) LOS objects, 35% free, 29MB/45MB, paused 1.559ms total 64.340ms
08-06 11:59:40.385  4314  4327 I art     : Starting a blocking GC Explicit
08-06 11:59:40.445  4314  4327 I art     : Explicit concurrent mark sweep GC freed 3(96B) AllocSpace objects, 0(0B) LOS objects, 35% free, 29MB/45MB, paused 1.738ms total 59.304ms
08-06 11:59:40.839  4314  4380 I art     : Starting a blocking GC Explicit
08-06 11:59:40.904  4314  4380 I art     : Explicit concurrent mark sweep GC freed 1357(82KB) AllocSpace objects, 1(20KB) LOS objects, 35% free, 29MB/45MB, paused 696us total 64.501ms
08-06 11:59:40.929  4314  4380 I art     : Starting a blocking GC Explicit
08-06 11:59:40.948  3017  3017 I ServiceManager: Waiting for service AtCmdFwd...
08-06 11:59:40.994  4314  4380 I art     : Explicit concurrent mark sweep GC freed 20(704B) AllocSpace objects, 0(0B) LOS objects, 35% free, 29MB/45MB, paused 782us total 64.286ms
08-06 11:59:41.018  4314  4380 I art     : Starting a blocking GC Explicit
08-06 11:59:41.083  4314  4380 I art     : Explicit concurrent mark sweep GC freed 3(96B) AllocSpace objects, 0(0B) LOS objects, 35% free, 29MB/45MB, paused 734us total 64.558ms
08-06 11:59:41.108  4314  4380 I art     : Starting a blocking GC Explicit
08-06 11:59:41.174  4314  4380 I art     : Explicit concurrent mark sweep GC freed 3(96B) AllocSpace objects, 0(0B) LOS objects, 35% free, 29MB/45MB, paused 744us total 65.063ms
08-06 11:59:41.199  4314  4380 I art     : Starting a blocking GC Explicit
08-06 11:59:41.264  4314  4380 I art     : Explicit concurrent mark sweep GC freed 3(96B) AllocSpace objects, 0(0B) LOS objects, 35% free, 29MB/45MB, paused 1.418ms total 65.124ms
08-06 11:59:41.684  4314  4326 I art     : Starting a blocking GC Explicit
08-06 11:59:41.742  4314  4326 I art     : Explicit concurrent mark sweep GC freed 1357(82KB) AllocSpace objects, 1(20KB) LOS objects, 35% free, 29MB/45MB, paused 912us total 57.521ms
08-06 11:59:41.771  4314  4326 I art     : Starting a blocking GC Explicit
08-06 11:59:41.829  4314  4326 I art     : Explicit concurrent mark sweep GC freed 20(704B) AllocSpace objects, 0(0B) LOS objects, 35% free, 29MB/45MB, paused 1.053ms total 56.847ms
08-06 11:59:41.853  4314  4326 I art     : Starting a blocking GC Explicit
08-06 11:59:41.916  4314  4326 I art     : Explicit concurrent mark sweep GC freed 3(96B) AllocSpace objects, 0(0B) LOS objects, 35% free, 29MB/45MB, paused 769us total 62.266ms
08-06 11:59:41.939  4314  4326 I art     : Starting a blocking GC Explicit
08-06 11:59:41.949  3017  3017 I ServiceManager: Waiting for service AtCmdFwd...
08-06 11:59:41.963  7017  7017 D AndroidRuntime: >>>>>> START com.android.internal.os.RuntimeInit uid 2000 <<<<<<
08-06 11:59:41.970  7017  7017 D AndroidRuntime: CheckJNI is OFF
08-06 11:59:41.999  4314  4326 I art     : Explicit concurrent mark sweep GC freed 3(96B) AllocSpace objects, 0(0B) LOS objects, 35% free, 29MB/45MB, paused 766us total 58.907ms
08-06 11:59:42.021  7017  7017 D ICU     : No timezone override file found: /data/misc/zoneinfo/current/icu/icu_tzdata.dat
08-06 11:59:42.021  4314  4326 I art     : Starting a blocking GC Explicit
08-06 11:59:42.079  7017  7017 I Radio-JNI: register_android_hardware_Radio DONE
08-06 11:59:42.090  4314  4326 I art     : Explicit concurrent mark sweep GC freed 3(96B) AllocSpace objects, 0(0B) LOS objects, 35% free, 29MB/45MB, paused 868us total 68.426ms
08-06 11:59:42.114  7017  7017 D AndroidRuntime: Calling main entry com.android.commands.input.Input
08-06 11:59:42.116  7017  7017 I Input   : injectKeyEvent: KeyEvent { action=ACTION_DOWN, keyCode=KEYCODE_BACK, scanCode=0, metaState=0, flags=0x0, repeatCount=0, eventTime=878398529, downTime=878398529, deviceId=-1, source=0x101 }
08-06 11:59:42.121  7017  7017 I Input   : injectKeyEvent: KeyEvent { action=ACTION_UP, keyCode=KEYCODE_BACK, scanCode=0, metaState=0, flags=0x0, repeatCount=0, eventTime=878398529, downTime=878398529, deviceId=-1, source=0x101 }
08-06 11:59:42.128  7017  7017 D AndroidRuntime: Shutting down VM
08-06 11:59:42.173 13866 13866 I GoogleInputMethodServic: GoogleInputMethodService.onFinishInput():3138 
08-06 11:59:42.174 13866 13866 I GoogleInputMethodServic: GoogleInputMethodService.onStartInput():1808 
08-06 11:59:42.352   518   646 I ThermalEngine: ACTION: GPU - Setting GPU[0] to 450000000
08-06 11:59:42.455  4314  4326 I art     : Starting a blocking GC Explicit
08-06 11:59:42.489   380   380 W SurfaceFlinger: couldn't log to binary event log: overflow.
08-06 11:59:42.509  4314  4326 I art     : Explicit concurrent mark sweep GC freed 1674(93KB) AllocSpace objects, 1(20KB) LOS objects, 35% free, 29MB/45MB, paused 588us total 54.380ms
08-06 11:59:42.526  4314  4326 I art     : Starting a blocking GC Explicit
08-06 11:59:42.531   918  3263 D ConnectivityService: releasing NetworkRequest NetworkRequest [ id=3942, legacyType=-1, [ Capabilities: INTERNET&NOT_RESTRICTED&TRUSTED] ]
08-06 11:59:42.580  4314  4326 I art     : Explicit concurrent mark sweep GC freed 906(43KB) AllocSpace objects, 0(0B) LOS objects, 35% free, 29MB/45MB, paused 901us total 53.692ms
08-06 11:59:42.603  4314  4326 I art     : Starting a blocking GC Explicit
08-06 11:59:42.655  4314  4326 I art     : Explicit concurrent mark sweep GC freed 154(7KB) AllocSpace objects, 0(0B) LOS objects, 35% free, 29MB/45MB, paused 498us total 51.240ms
08-06 11:59:42.682  4314  4326 I art     : Starting a blocking GC Explicit
08-06 11:59:42.726  4314  4326 I art     : Explicit concurrent mark sweep GC freed 1953(116KB) AllocSpace objects, 1(28KB) LOS objects, 35% free, 29MB/45MB, paused 493us total 43.234ms
08-06 11:59:42.743  4314  4326 I art     : Starting a blocking GC Explicit
08-06 11:59:42.790  4314  4326 I art     : Explicit concurrent mark sweep GC freed 3(96B) AllocSpace objects, 0(0B) LOS objects, 35% free, 29MB/45MB, paused 509us total 45.992ms
08-06 11:59:42.949  3017  3017 W Atfwd_Sendcmd: AtCmdFwd service not published, waiting... retryCnt : 4
08-06 11:59:43.146  4314  6634 I art     : Starting a blocking GC Explicit
08-06 11:59:43.204  4314  6634 I art     : Explicit concurrent mark sweep GC freed 1357(82KB) AllocSpace objects, 1(20KB) LOS objects, 35% free, 29MB/45MB, paused 561us total 57.533ms
08-06 11:59:43.225  4314  6634 I art     : Starting a blocking GC Explicit
08-06 11:59:43.273  4314  6634 I art     : Explicit concurrent mark sweep GC freed 20(704B) AllocSpace objects, 0(0B) LOS objects, 35% free, 29MB/45MB, paused 509us total 47.593ms
08-06 11:59:43.292  4314  6634 I art     : Starting a blocking GC Explicit
08-06 11:59:43.340  4314  6634 I art     : Explicit concurrent mark sweep GC freed 3(96B) AllocSpace objects, 0(0B) LOS objects, 35% free, 29MB/45MB, paused 489us total 47.224ms
08-06 11:59:43.359  4314  6634 I art     : Starting a blocking GC Explicit
08-06 11:59:43.404  4314  6634 I art     : Explicit concurrent mark sweep GC freed 3(96B) AllocSpace objects, 0(0B) LOS objects, 35% free, 29MB/45MB, paused 488us total 44.868ms
08-06 11:59:43.422  4314  6634 I art     : Starting a blocking GC Explicit
08-06 11:59:43.466  4314  6634 I art     : Explicit concurrent mark sweep GC freed 3(96B) AllocSpace objects, 0(0B) LOS objects, 35% free, 29MB/45MB, paused 495us total 43.460ms
08-06 11:59:43.803  4314  4327 I art     : Starting a blocking GC Explicit
08-06 11:59:43.863  4314  4327 I art     : Explicit concurrent mark sweep GC freed 1358(82KB) AllocSpace objects, 1(20KB) LOS objects, 35% free, 29MB/45MB, paused 605us total 59.201ms
08-06 11:59:43.884  4314  4327 I art     : Starting a blocking GC Explicit
08-06 11:59:43.933  4314  4327 I art     : Explicit concurrent mark sweep GC freed 20(704B) AllocSpace objects, 0(0B) LOS objects, 35% free, 29MB/45MB, paused 579us total 48.937ms
08-06 11:59:43.933  7061  7061 D AndroidRuntime: >>>>>> START com.android.internal.os.RuntimeInit uid 2000 <<<<<<
08-06 11:59:43.939  7061  7061 D AndroidRuntime: CheckJNI is OFF
08-06 11:59:43.952  4314  4327 I art     : Starting a blocking GC Explicit
08-06 11:59:43.985  7061  7061 D ICU     : No timezone override file found: /data/misc/zoneinfo/current/icu/icu_tzdata.dat
08-06 11:59:44.000  4314  4327 I art     : Explicit concurrent mark sweep GC freed 3(96B) AllocSpace objects, 0(0B) LOS objects, 35% free, 29MB/45MB, paused 518us total 47.612ms
08-06 11:59:44.018  4314  4327 I art     : Starting a blocking GC Explicit
08-06 11:59:44.034  7061  7061 I Radio-JNI: register_android_hardware_Radio DONE
08-06 11:59:44.063  7061  7061 D AndroidRuntime: Calling main entry com.android.commands.input.Input
08-06 11:59:44.065  7061  7061 I Input   : injectKeyEvent: KeyEvent { action=ACTION_DOWN, keyCode=KEYCODE_BACK, scanCode=0, metaState=0, flags=0x0, repeatCount=0, eventTime=878400478, downTime=878400478, deviceId=-1, source=0x101 }
08-06 11:59:44.065  4314  4327 I art     : Explicit concurrent mark sweep GC freed 3(96B) AllocSpace objects, 0(0B) LOS objects, 35% free, 29MB/45MB, paused 591us total 46.767ms
08-06 11:59:44.072  7061  7061 I Input   : injectKeyEvent: KeyEvent { action=ACTION_UP, keyCode=KEYCODE_BACK, scanCode=0, metaState=0, flags=0x0, repeatCount=0, eventTime=878400478, downTime=878400478, deviceId=-1, source=0x101 }
08-06 11:59:44.080  7061  7061 D AndroidRuntime: Shutting down VM
08-06 11:59:44.084  4314  4327 I art     : Starting a blocking GC Explicit
08-06 11:59:44.121 13866 13866 I GoogleInputMethodServic: GoogleInputMethodService.onFinishInput():3138 
08-06 11:59:44.121 13866 13866 I GoogleInputMethodServic: GoogleInputMethodService.onStartInput():1808 
08-06 11:59:44.127  4314  4327 I art     : Explicit concurrent mark sweep GC freed 116(3KB) AllocSpace objects, 0(0B) LOS objects, 35% free, 29MB/45MB, paused 766us total 42.711ms
08-06 11:59:44.457  4314  6634 I art     : Starting a blocking GC Explicit
08-06 11:59:44.501  4314  6634 I art     : Explicit concurrent mark sweep GC freed 1489(87KB) AllocSpace objects, 1(20KB) LOS objects, 35% free, 29MB/45MB, paused 509us total 44.231ms
08-06 11:59:44.520  4314  6634 I art     : Starting a blocking GC Explicit
08-06 11:59:44.565  4314  6634 I art     : Explicit concurrent mark sweep GC freed 154(7KB) AllocSpace objects, 0(0B) LOS objects, 35% free, 29MB/45MB, paused 533us total 45.003ms
08-06 11:59:44.583  4314  6634 I art     : Starting a blocking GC Explicit
08-06 11:59:44.631  4314  6634 I art     : Explicit concurrent mark sweep GC freed 3(96B) AllocSpace objects, 0(0B) LOS objects, 35% free, 29MB/45MB, paused 536us total 47.066ms
08-06 11:59:44.649  4314  6634 I art     : Starting a blocking GC Explicit
08-06 11:59:44.697  4314  6634 I art     : Explicit concurrent mark sweep GC freed 3(96B) AllocSpace objects, 0(0B) LOS objects, 35% free, 29MB/45MB, paused 599us total 47.771ms
08-06 11:59:44.716  4314  6634 I art     : Starting a blocking GC Explicit
08-06 11:59:44.763  4314  6634 I art     : Explicit concurrent mark sweep GC freed 3(96B) AllocSpace objects, 0(0B) LOS objects, 35% free, 29MB/45MB, paused 507us total 47.177ms
08-06 11:59:44.923   918  3188 I hubconnection: sensorhub said: 'set_bias 3: -5.5776, 0.0000, 0.0000'
08-06 11:59:45.109  4314  4326 I art     : Starting a blocking GC Explicit
08-06 11:59:45.169  4314  4326 I art     : Explicit concurrent mark sweep GC freed 1358(82KB) AllocSpace objects, 1(20KB) LOS objects, 35% free, 29MB/45MB, paused 772us total 59.013ms
08-06 11:59:45.191  4314  4326 I art     : Starting a blocking GC Explicit
08-06 11:59:45.239  4314  4326 I art     : Explicit concurrent mark sweep GC freed 20(704B) AllocSpace objects, 0(0B) LOS objects, 35% free, 29MB/45MB, paused 553us total 48.061ms
08-06 11:59:45.258  4314  4326 I art     : Starting a blocking GC Explicit
08-06 11:59:45.307  4314  4326 I art     : Explicit concurrent mark sweep GC freed 3(96B) AllocSpace objects, 0(0B) LOS objects, 35% free, 29MB/45MB, paused 537us total 48.468ms
08-06 11:59:45.326  4314  4326 I art     : Starting a blocking GC Explicit
08-06 11:59:45.370  4314  4326 I art     : Explicit concurrent mark sweep GC freed 3(96B) AllocSpace objects, 0(0B) LOS objects, 35% free, 29MB/45MB, paused 568us total 43.943ms
08-06 11:59:45.388  4314  4326 I art     : Starting a blocking GC Explicit
08-06 11:59:45.434  4314  4326 I art     : Explicit concurrent mark sweep GC freed 3(96B) AllocSpace objects, 0(0B) LOS objects, 35% free, 29MB/45MB, paused 550us total 45.239ms
08-06 11:59:45.795  4314  4622 I art     : Starting a blocking GC Explicit
08-06 11:59:45.840  7107  7107 D AndroidRuntime: >>>>>> START com.android.internal.os.RuntimeInit uid 2000 <<<<<<
08-06 11:59:45.846  7107  7107 D AndroidRuntime: CheckJNI is OFF
08-06 11:59:45.858  4314  4622 I art     : Explicit concurrent mark sweep GC freed 1358(82KB) AllocSpace objects, 1(20KB) LOS objects, 35% free, 29MB/45MB, paused 1.043ms total 63.199ms
08-06 11:59:45.882  4314  4622 I art     : Starting a blocking GC Explicit
08-06 11:59:45.888  7107  7107 D ICU     : No timezone override file found: /data/misc/zoneinfo/current/icu/icu_tzdata.dat
08-06 11:59:45.929  7107  7107 I Radio-JNI: register_android_hardware_Radio DONE
08-06 11:59:45.930  4314  4622 I art     : Explicit concurrent mark sweep GC freed 20(704B) AllocSpace objects, 0(0B) LOS objects, 35% free, 29MB/45MB, paused 575us total 47.679ms
08-06 11:59:45.948  4314  4622 I art     : Starting a blocking GC Explicit
08-06 11:59:45.960  7107  7107 D AndroidRuntime: Calling main entry com.android.commands.input.Input
08-06 11:59:45.962  7107  7107 I Input   : injectMotionEvent: MotionEvent { action=ACTION_DOWN, actionButton=0, id[0]=0, x[0]=600.0, y[0]=1733.0, toolType[0]=TOOL_TYPE_UNKNOWN, buttonState=0, metaState=0, flags=0x0, edgeFlags=0x0, pointerCount=1, historySize=0, eventTime=878402375, downTime=878402375, deviceId=0, source=0x1002 }
08-06 11:59:45.966  7107  7107 I Input   : injectMotionEvent: MotionEvent { action=ACTION_UP, actionButton=0, id[0]=0, x[0]=600.0, y[0]=1733.0, toolType[0]=TOOL_TYPE_UNKNOWN, buttonState=0, metaState=0, flags=0x0, edgeFlags=0x0, pointerCount=1, historySize=0, eventTime=878402375, downTime=878402375, deviceId=0, source=0x1002 }
08-06 11:59:45.968  7107  7107 D AndroidRuntime: Shutting down VM
08-06 11:59:45.979   512  2967 D audio_hw_primary: out_set_parameters: enter: usecase(1: low-latency-playback) kvpairs: routing=2
08-06 11:59:45.981   918  6111 I ActivityManager: START u0 {dat=https://oauth.reddit.com/... cmp=baseline.org.quantumbadger.redreader/.activities.PostListingActivity} from uid 10705 on display 0
08-06 11:59:45.992   512  2967 D audio_hw_primary: select_devices: out_snd_device(2: speaker) in_snd_device(0: none)
08-06 11:59:45.992   512  2967 D msm8974_platform: platform_send_audio_calibration: sending audio calibration for snd_device(2) acdb_id(15)
08-06 11:59:45.992   512  2967 I soundtrigger: audio_extn_sound_trigger_update_device_status: device 0x2 of type 0 for Event 1
08-06 11:59:45.996  4314  4622 I art     : Explicit concurrent mark sweep GC freed 82(2640B) AllocSpace objects, 0(0B) LOS objects, 35% free, 29MB/45MB, paused 994us total 47.525ms
08-06 11:59:46.005   512  2967 D audio_hw_primary: enable_snd_device: snd_device(2: speaker)
08-06 11:59:46.006  4314  4314 I AppCompatViewInflater: app:theme is now deprecated. Please move to using android:theme instead.
08-06 11:59:46.007   512  2967 D audio_hw_primary: enable_audio_route: apply and update mixer path: low-latency-playback speaker
08-06 11:59:46.016  4314  4622 I art     : Starting a blocking GC Explicit
08-06 11:59:46.031  4314  7131 D OK      : calling: https://oauth.reddit.com/r/aww/about.json
08-06 11:59:46.058  4314  4622 I art     : Explicit concurrent mark sweep GC freed 871(70KB) AllocSpace objects, 0(0B) LOS objects, 35% free, 29MB/45MB, paused 634us total 41.894ms
08-06 11:59:46.076  4314  4622 I art     : Starting a blocking GC Explicit
08-06 11:59:46.091   918   936 I ActivityManager: Displayed baseline.org.quantumbadger.redreader/.activities.PostListingActivity: +102ms
08-06 11:59:46.092 13866 13866 I GoogleInputMethodServic: GoogleInputMethodService.onFinishInput():3138 
08-06 11:59:46.092 13866 13866 I GoogleInputMethodServic: GoogleInputMethodService.onStartInput():1808 
08-06 11:59:46.121  4314  4622 I art     : Explicit concurrent mark sweep GC freed 1022(48KB) AllocSpace objects, 0(0B) LOS objects, 35% free, 29MB/45MB, paused 604us total 44.927ms
08-06 11:59:46.343  4314  7131 I NAPPA_EXPERIMENTATION: MetricNetworkRequestExecutionTime: REQUEST_DURATION_SYSTEM='312',REQUEST_DURATION_OKHTTP='155',REQUEST_SYNCHRONOUS='TRUE',RESPONSE_CODE='200',RESPONSE_METHOD='GET',RESPONSE_LENGTH_OKHTTP='-1',RESPONSE_LENGTH_HEADER='3478',REQUEST_PROTOCOL='h2',REQUEST_URL='https://oauth.reddit.com/r/aww/about.json',
08-06 11:59:46.344  4314  7131 D OK      : request got status: 200
08-06 11:59:46.376   380   380 W SurfaceFlinger: couldn't log to binary event log: overflow.
08-06 11:59:46.456  4314  4622 I art     : Starting a blocking GC Explicit
08-06 11:59:46.502  4314  4622 I art     : Explicit concurrent mark sweep GC freed 5208(374KB) AllocSpace objects, 3(156KB) LOS objects, 35% free, 29MB/45MB, paused 557us total 46.356ms
08-06 11:59:46.520  4314  4622 I art     : Starting a blocking GC Explicit
08-06 11:59:46.549   512  2967 D audio_hw_primary: disable_audio_route: reset and update mixer path: low-latency-playback speaker
08-06 11:59:46.550   512  2967 D audio_hw_primary: disable_snd_device: snd_device(2: speaker)
08-06 11:59:46.558   512  2967 I soundtrigger: audio_extn_sound_trigger_update_device_status: device 0x2 of type 0 for Event 0
08-06 11:59:46.564  4314  4622 I art     : Explicit concurrent mark sweep GC freed 260(12KB) AllocSpace objects, 0(0B) LOS objects, 35% free, 29MB/45MB, paused 569us total 44.038ms
08-06 11:59:46.583  4314  4622 I art     : Starting a blocking GC Explicit
08-06 11:59:46.630  4314  4622 I art     : Explicit concurrent mark sweep GC freed 3(96B) AllocSpace objects, 0(0B) LOS objects, 35% free, 29MB/45MB, paused 589us total 47.360ms
08-06 11:59:46.649  4314  4622 I art     : Starting a blocking GC Explicit
08-06 11:59:46.697  4314  4622 I art     : Explicit concurrent mark sweep GC freed 16(640B) AllocSpace objects, 0(0B) LOS objects, 35% free, 29MB/45MB, paused 666us total 47.783ms
08-06 11:59:46.715  4314  4622 I art     : Starting a blocking GC Explicit
08-06 11:59:46.765  4314  4622 I art     : Explicit concurrent mark sweep GC freed 25(1024B) AllocSpace objects, 0(0B) LOS objects, 35% free, 29MB/45MB, paused 631us total 49.434ms
08-06 11:59:47.101  4314  6634 I art     : Starting a blocking GC Explicit
08-06 11:59:47.150  4314  6634 I art     : Explicit concurrent mark sweep GC freed 1382(83KB) AllocSpace objects, 1(20KB) LOS objects, 35% free, 29MB/45MB, paused 603us total 49.210ms
08-06 11:59:47.169  4314  6634 I art     : Starting a blocking GC Explicit
08-06 11:59:47.216  4314  6634 I art     : Explicit concurrent mark sweep GC freed 20(704B) AllocSpace objects, 0(0B) LOS objects, 35% free, 29MB/45MB, paused 592us total 46.722ms
08-06 11:59:47.232  4314  7155 D OK      : calling: https://oauth.reddit.com/r/aww/hot/.json
08-06 11:59:47.235  4314  6634 I art     : Starting a blocking GC Explicit
08-06 11:59:47.282  4314  6634 I art     : Explicit concurrent mark sweep GC freed 105(4KB) AllocSpace objects, 0(0B) LOS objects, 35% free, 29MB/45MB, paused 625us total 46.688ms
08-06 11:59:47.300  4314  6634 I art     : Starting a blocking GC Explicit
08-06 11:59:47.347  4314  6634 I art     : Explicit concurrent mark sweep GC freed 9(352B) AllocSpace objects, 0(0B) LOS objects, 35% free, 29MB/45MB, paused 794us total 46.671ms
08-06 11:59:47.366  4314  6634 I art     : Starting a blocking GC Explicit
08-06 11:59:47.413  4314  6634 I art     : Explicit concurrent mark sweep GC freed 3(96B) AllocSpace objects, 0(0B) LOS objects, 35% free, 29MB/45MB, paused 796us total 46.558ms
08-06 11:59:47.461  4314  7155 I NAPPA_EXPERIMENTATION: MetricNetworkRequestExecutionTime: REQUEST_DURATION_SYSTEM='229',REQUEST_DURATION_OKHTTP='225',REQUEST_SYNCHRONOUS='TRUE',RESPONSE_CODE='200',RESPONSE_METHOD='GET',RESPONSE_LENGTH_OKHTTP='-1',RESPONSE_LENGTH_HEADER='33430',REQUEST_PROTOCOL='h2',REQUEST_URL='https://oauth.reddit.com/r/aww/hot/.json',
08-06 11:59:47.461  4314  7155 D OK      : request got status: 200
08-06 11:59:47.473  4314  4904 I PostListingFragment: Precaching images: OFF
08-06 11:59:47.473  4314  4904 I PostListingFragment: Precaching comments: OFF
08-06 11:59:47.482  4314  7156 D OK      : calling: https://b.thumbs.redditmedia.com/CKInrczASoQbNvSBStGz11Tok0uCyQoxmZ02sOE37sQ.jpg
08-06 11:59:47.493  4314  7157 D OK      : calling: https://a.thumbs.redditmedia.com/sKVnLbatvJCZOE2ooe6CgiEftOB3ukgPMdcydbk9CZ4.jpg
08-06 11:59:47.493  4314  4904 I getImgurImageInfo: Image NSO7Npm: trying API v3 with auth
08-06 11:59:47.497  4314  7158 D OK      : calling: https://a.thumbs.redditmedia.com/dFt2-stQJkfZ8O7r7ywG9GQsF08fZXxEJfQtAmiJ-F8.jpg
08-06 11:59:47.502  4314  7159 D OK      : calling: https://api.gfycat.com/v1/gfycats/deadlygravecavy
08-06 11:59:47.506  4314  7160 D OK      : calling: https://b.thumbs.redditmedia.com/1cAaKl6LkrikiRbLsBzzOvufKqRKuPi3wgjUkX8axkI.jpg
08-06 11:59:47.514  4314  7161 D OK      : calling: https://b.thumbs.redditmedia.com/NUqJWcobH7ToYhCM0w6nnAFZ46ymm9vPD25BC3s7Wco.jpg
08-06 11:59:47.519  4314  7162 D OK      : calling: https://b.thumbs.redditmedia.com/bUY4al781EZ3q7hUlnLebemHCXE3e63_SSxl2uo4Q4A.jpg
08-06 11:59:47.521  4314  7163 D OK      : calling: https://b.thumbs.redditmedia.com/tTmEfIrujbsvZXbhNSQS6Pc7o7ShCaGqZHbYf7nWdfg.jpg
08-06 11:59:47.524  4314  7164 D OK      : calling: https://b.thumbs.redditmedia.com/_H8tFMmL5-3GrxYkCtMSHiyNfjbX8pxctOw_vrzyw7o.jpg
08-06 11:59:47.525  4314  7165 D OK      : calling: https://b.thumbs.redditmedia.com/JTSWFy2_tijPk6cA5noKDydEAMkMJcDmKQTSX178zwc.jpg
08-06 11:59:47.537  4314  7166 D OK      : calling: https://api.imgur.com/3/image/NSO7Npm
08-06 11:59:47.538  4314  7167 D OK      : calling: https://b.thumbs.redditmedia.com/N6fiqTp8nJD2l7sUz4nij7j1yHYMTKaflUIrn8E2bAU.jpg
08-06 11:59:47.540  4314  7168 D OK      : calling: https://b.thumbs.redditmedia.com/HkEQtny0bE4H3dMCd_woPsLAXBoPwp_DZ4ioFNIQLKk.jpg
08-06 11:59:47.542  4314  7169 D OK      : calling: https://b.thumbs.redditmedia.com/lVNra-iScxkYcYtSstJ-7J7pRAUDRXIwwJhsen1ZK9g.jpg
08-06 11:59:47.555  4314  7172 D OK      : calling: https://b.thumbs.redditmedia.com/lQKqDneXS8E7ZBD9cUQy4OqOt8PuTneSvVFtnU0pwCE.jpg
08-06 11:59:47.557  4314  7173 D OK      : calling: https://v.redd.it/fkewv2f65kd51/DASHPlaylist.mpd
08-06 11:59:47.561  4314  7174 D OK      : calling: https://b.thumbs.redditmedia.com/X3yyAViE0gxiHR-kf9Z5xmLa8dKsm8iWJyKdWNVtOhU.jpg
08-06 11:59:47.564  4314  7175 D OK      : calling: https://api.gfycat.com/v1/gfycats/altruisticthankfulankolewatusi
08-06 11:59:47.565  4314  7176 D OK      : calling: https://b.thumbs.redditmedia.com/Bx9FZp8_w10DfFUf_mqVPMfu4Y0h2lo41Dh4tl2eNeQ.jpg
08-06 11:59:47.568  4314  7177 D OK      : calling: https://v.redd.it/ak6rer1hskd51/DASHPlaylist.mpd
08-06 11:59:47.580  4314  7179 D OK      : calling: https://a.thumbs.redditmedia.com/KpcC72KH04Be3BqxmFbv_Gz7LCy-24GU-70or3KCdJ4.jpg
08-06 11:59:47.591  4314  7184 D OK      : calling: https://api.gfycat.com/v1/gfycats/foolhardysparklinglarva
08-06 11:59:47.594  4314  7185 D OK      : calling: https://a.thumbs.redditmedia.com/cEOtajy3CAQrjwSA3hhSqnPx8bfkRzglo7Lz1SBTmE0.jpg
08-06 11:59:47.595  4314  7186 D OK      : calling: https://v.redd.it/h49fg58ygjd51/DASHPlaylist.mpd
08-06 11:59:47.599  4314  7187 D OK      : calling: https://b.thumbs.redditmedia.com/RrJbRRjFZWmckrONtkPTloJh52FfqD_XkLMuYuuQvAg.jpg
08-06 11:59:47.605  4314  7188 D OK      : calling: https://b.thumbs.redditmedia.com/chqK3f9u3D7UmfrGP85f4sOQFihMk6q7fFSeMyWs_7E.jpg
08-06 11:59:47.605  4314  7189 D OK      : calling: https://b.thumbs.redditmedia.com/B18Vu5Jw71XCkFOFHimnUC42ya8apHsmcCW-HFmtb6w.jpg
08-06 11:59:47.609  4314  7192 D OK      : calling: https://v.redd.it/1ewzkieg0jd51/DASHPlaylist.mpd
08-06 11:59:47.614  4314  7193 D OK      : calling: https://b.thumbs.redditmedia.com/iZuzjufMpYUYtQRLjRwce4RDb6JYsId95_iezR2Uc0w.jpg
08-06 11:59:47.616  4314  7194 D OK      : calling: https://v.redd.it/ppmhu2r9thd51/DASHPlaylist.mpd
08-06 11:59:47.618  4314  7197 D OK      : calling: https://v.redd.it/s9qqadf3mid51/DASHPlaylist.mpd
08-06 11:59:47.619  4314  7198 D OK      : calling: https://v.redd.it/b8vazlcb7ld51/DASHPlaylist.mpd
08-06 11:59:47.629  4314  7199 D OK      : calling: https://b.thumbs.redditmedia.com/XNb1kfskabGDLMqv661Q22hBtCb8w5oyePDcFaZi9aY.jpg
08-06 11:59:47.634  4314  7200 D OK      : calling: https://v.redd.it/ty24o02m1hd51/DASHPlaylist.mpd
08-06 11:59:47.641  4314  7201 D OK      : calling: https://b.thumbs.redditmedia.com/lMqJbh1Z40ffemA0TnSfVnovznn4hvJNue60AsJ-ETs.jpg
08-06 11:59:47.642  4314  7202 D OK      : calling: https://b.thumbs.redditmedia.com/x5l4cICw0WNNvslt5FqVjwj89XrGjrXnNbaSyQRAyCo.jpg
08-06 11:59:47.648  4314  7203 D OK      : calling: https://b.thumbs.redditmedia.com/189nmwjW7eGWBD0J-cxzsUac1V1ZWGzMFC66inY4u4Y.jpg
08-06 11:59:47.651  4314  7204 D OK      : calling: https://b.thumbs.redditmedia.com/d_-UsfmKASoIHi4vZyyjvvwFtm1S7-DEi9AQPOnGIgY.jpg
08-06 11:59:47.659  4314  7205 D OK      : calling: https://v.redd.it/ar5k8892pid51/DASHPlaylist.mpd
08-06 11:59:47.741  4314  6634 I art     : Starting a blocking GC Explicit
08-06 11:59:47.774  4314  4314 W RecyclerView: Cannot call this method in a scroll callback. Scroll callbacks mightbe run during a measure & layout pass where you cannot change theRecyclerView data. Any method call that might change the structureof the RecyclerView or the adapter contents should be postponed tothe next frame.
08-06 11:59:47.774  4314  4314 W RecyclerView: java.lang.IllegalStateException:  androidx.recyclerview.widget.RecyclerView{6c0fabe VFED..... .F....ID 0,0-1440,2140 #7f0900ef app:id/scrollbar_recyclerview_recyclerview}, adapter:baseline.org.quantumbadger.redreader.adapters.GroupedRecyclerViewAdapter@984d71f, layout:androidx.recyclerview.widget.LinearLayoutManager@8153a6c, context:baseline.org.quantumbadger.redreader.activities.PostListingActivity@1d555cb
08-06 11:59:47.774  4314  4314 W RecyclerView: 	at androidx.recyclerview.widget.RecyclerView.assertNotInLayoutOrScroll(RecyclerView.java:3061)
08-06 11:59:47.774  4314  4314 W RecyclerView: 	at androidx.recyclerview.widget.RecyclerView$RecyclerViewDataObserver.onItemRangeInserted(RecyclerView.java:5555)
08-06 11:59:47.774  4314  4314 W RecyclerView: 	at androidx.recyclerview.widget.RecyclerView$AdapterDataObservable.notifyItemRangeInserted(RecyclerView.java:12278)
08-06 11:59:47.774  4314  4314 W RecyclerView: 	at androidx.recyclerview.widget.RecyclerView$Adapter.notifyItemInserted(RecyclerView.java:7464)
08-06 11:59:47.774  4314  4314 W RecyclerView: 	at baseline.org.quantumbadger.redreader.adapters.GroupedRecyclerViewAdapter.updateHiddenStatus(GroupedRecyclerViewAdapter.java:279)
08-06 11:59:47.774  4314  4314 W RecyclerView: 	at baseline.org.quantumbadger.redreader.adapters.RedditListingManager.setLoadingVisible(RedditListingManager.java:125)
08-06 11:59:47.774  4314  4314 W RecyclerView: 	at baseline.org.quantumbadger.redreader.fragments.PostListingFragment.onLoadMoreItemsCheck(PostListingFragment.java:465)
08-06 11:59:47.774  4314  4314 W RecyclerView: 	at baseline.org.quantumbadger.redreader.fragments.PostListingFragment.access$000(PostListingFragment.java:98)
08-06 11:59:47.774  4314  4314 W RecyclerView: 	at baseline.org.quantumbadger.redreader.fragments.PostListingFragment$2.onScrolled(PostListingFragment.java:215)
08-06 11:59:47.774  4314  4314 W RecyclerView: 	at androidx.recyclerview.widget.RecyclerView.dispatchOnScrolled(RecyclerView.java:5173)
08-06 11:59:47.774  4314  4314 W RecyclerView: 	at androidx.recyclerview.widget.RecyclerView.dispatchLayoutStep3(RecyclerView.java:4231)
08-06 11:59:47.774  4314  4314 W RecyclerView: 	at androidx.recyclerview.widget.RecyclerView.dispatchLayout(RecyclerView.java:3862)
08-06 11:59:47.774  4314  4314 W RecyclerView: 	at androidx.recyclerview.widget.RecyclerView.consumePendingUpdateOperations(RecyclerView.java:1897)
08-06 11:59:47.774  4314  4314 W RecyclerView: 	at androidx.recyclerview.widget.RecyclerView$1.run(RecyclerView.java:414)
08-06 11:59:47.774  4314  4314 W RecyclerView: 	at android.view.Choreographer$CallbackRecord.run(Choreographer.java:858)
08-06 11:59:47.774  4314  4314 W RecyclerView: 	at android.view.Choreographer.doCallbacks(Choreographer.java:670)
08-06 11:59:47.774  4314  4314 W RecyclerView: 	at android.view.Choreographer.doFrame(Choreographer.java:603)
08-06 11:59:47.774  4314  4314 W RecyclerView: 	at android.view.Choreographer$FrameDisplayEventReceiver.run(Choreographer.java:844)
08-06 11:59:47.774  4314  4314 W RecyclerView: 	at android.os.Handler.handleCallback(Handler.java:739)
08-06 11:59:47.774  4314  4314 W RecyclerView: 	at android.os.Handler.dispatchMessage(Handler.java:95)
08-06 11:59:47.774  4314  4314 W RecyclerView: 	at android.os.Looper.loop(Looper.java:148)
08-06 11:59:47.774  4314  4314 W RecyclerView: 	at android.app.ActivityThread.main(ActivityThread.java:5417)
08-06 11:59:47.774  4314  4314 W RecyclerView: 	at java.lang.reflect.Method.invoke(Native Method)
08-06 11:59:47.774  4314  4314 W RecyclerView: 	at com.android.internal.os.ZygoteInit$MethodAndArgsCaller.run(ZygoteInit.java:726)
08-06 11:59:47.774  4314  4314 W RecyclerView: 	at com.android.internal.os.ZygoteInit.main(ZygoteInit.java:616)
08-06 11:59:47.809  4314  6634 I art     : Explicit concurrent mark sweep GC freed 50199(2MB) AllocSpace objects, 3(156KB) LOS objects, 34% free, 30MB/46MB, paused 3.255ms total 68.286ms
08-06 11:59:47.829  4314  6634 I art     : Starting a blocking GC Explicit
08-06 11:59:47.885  4314  6634 I art     : Explicit concurrent mark sweep GC freed 8699(467KB) AllocSpace objects, 0(0B) LOS objects, 34% free, 30MB/46MB, paused 2.783ms total 55.772ms
08-06 11:59:47.905  4314  6634 I art     : Starting a blocking GC Explicit
08-06 11:59:47.960  4314  6634 I art     : Explicit concurrent mark sweep GC freed 6467(334KB) AllocSpace objects, 0(0B) LOS objects, 34% free, 30MB/46MB, paused 2.693ms total 54.721ms
08-06 11:59:47.983  4314  6634 I art     : Starting a blocking GC Explicit
08-06 11:59:48.037  4314  6634 I art     : Explicit concurrent mark sweep GC freed 13817(649KB) AllocSpace objects, 0(0B) LOS objects, 34% free, 30MB/46MB, paused 2.687ms total 54.031ms
08-06 11:59:48.055  4314  6634 I art     : Starting a blocking GC Explicit
08-06 11:59:48.107  4314  6634 I art     : Explicit concurrent mark sweep GC freed 3171(240KB) AllocSpace objects, 0(0B) LOS objects, 34% free, 30MB/46MB, paused 2.637ms total 51.804ms
08-06 11:59:48.203  4314  7156 I NAPPA_EXPERIMENTATION: MetricNetworkRequestExecutionTime: REQUEST_DURATION_SYSTEM='721',REQUEST_DURATION_OKHTTP='368',REQUEST_SYNCHRONOUS='TRUE',RESPONSE_CODE='200',RESPONSE_METHOD='GET',RESPONSE_LENGTH_OKHTTP='3891',RESPONSE_LENGTH_HEADER='3891',REQUEST_PROTOCOL='h2',REQUEST_URL='https://b.thumbs.redditmedia.com/CKInrczASoQbNvSBStGz11Tok0uCyQoxmZ02sOE37sQ.jpg',
08-06 11:59:48.203  4314  7156 D OK      : request got status: 200
08-06 11:59:48.253  4314  7158 I NAPPA_EXPERIMENTATION: MetricNetworkRequestExecutionTime: REQUEST_DURATION_SYSTEM='756',REQUEST_DURATION_OKHTTP='376',REQUEST_SYNCHRONOUS='TRUE',RESPONSE_CODE='200',RESPONSE_METHOD='GET',RESPONSE_LENGTH_OKHTTP='6530',RESPONSE_LENGTH_HEADER='6530',REQUEST_PROTOCOL='h2',REQUEST_URL='https://a.thumbs.redditmedia.com/dFt2-stQJkfZ8O7r7ywG9GQsF08fZXxEJfQtAmiJ-F8.jpg',
08-06 11:59:48.253  4314  7158 D OK      : request got status: 200
08-06 11:59:48.321  4314  7157 I NAPPA_EXPERIMENTATION: MetricNetworkRequestExecutionTime: REQUEST_DURATION_SYSTEM='828',REQUEST_DURATION_OKHTTP='435',REQUEST_SYNCHRONOUS='TRUE',RESPONSE_CODE='200',RESPONSE_METHOD='GET',RESPONSE_LENGTH_OKHTTP='4487',RESPONSE_LENGTH_HEADER='4487',REQUEST_PROTOCOL='h2',REQUEST_URL='https://a.thumbs.redditmedia.com/sKVnLbatvJCZOE2ooe6CgiEftOB3ukgPMdcydbk9CZ4.jpg',
08-06 11:59:48.321  4314  7157 D OK      : request got status: 200
08-06 11:59:48.369  4314  7162 I NAPPA_EXPERIMENTATION: MetricNetworkRequestExecutionTime: REQUEST_DURATION_SYSTEM='850',REQUEST_DURATION_OKHTTP='458',REQUEST_SYNCHRONOUS='TRUE',RESPONSE_CODE='200',RESPONSE_METHOD='GET',RESPONSE_LENGTH_OKHTTP='6131',RESPONSE_LENGTH_HEADER='6131',REQUEST_PROTOCOL='h2',REQUEST_URL='https://b.thumbs.redditmedia.com/bUY4al781EZ3q7hUlnLebemHCXE3e63_SSxl2uo4Q4A.jpg',
08-06 11:59:48.369  4314  7162 D OK      : request got status: 200
08-06 11:59:48.433  4314  7253 D OK      : calling: https://oauth.reddit.com/r/aww/hot/.json?after=t3_hz5odc
08-06 11:59:48.447  4314  4622 I art     : Starting a blocking GC Explicit
08-06 11:59:48.460  4314  7163 I NAPPA_EXPERIMENTATION: MetricNetworkRequestExecutionTime: REQUEST_DURATION_SYSTEM='939',REQUEST_DURATION_OKHTTP='519',REQUEST_SYNCHRONOUS='TRUE',RESPONSE_CODE='200',RESPONSE_METHOD='GET',RESPONSE_LENGTH_OKHTTP='5439',RESPONSE_LENGTH_HEADER='5439',REQUEST_PROTOCOL='h2',REQUEST_URL='https://b.thumbs.redditmedia.com/tTmEfIrujbsvZXbhNSQS6Pc7o7ShCaGqZHbYf7nWdfg.jpg',
08-06 11:59:48.460  4314  7163 D OK      : request got status: 200
08-06 11:59:48.500  4314  7165 I NAPPA_EXPERIMENTATION: MetricNetworkRequestExecutionTime: REQUEST_DURATION_SYSTEM='975',REQUEST_DURATION_OKHTTP='552',REQUEST_SYNCHRONOUS='TRUE',RESPONSE_CODE='200',RESPONSE_METHOD='GET',RESPONSE_LENGTH_OKHTTP='6634',RESPONSE_LENGTH_HEADER='6634',REQUEST_PROTOCOL='h2',REQUEST_URL='https://b.thumbs.redditmedia.com/JTSWFy2_tijPk6cA5noKDydEAMkMJcDmKQTSX178zwc.jpg',
08-06 11:59:48.500  4314  7165 D OK      : request got status: 200
08-06 11:59:48.506  4314  4622 I art     : Explicit concurrent mark sweep GC freed 50135(2MB) AllocSpace objects, 20(1116KB) LOS objects, 33% free, 31MB/47MB, paused 2.260ms total 57.890ms
08-06 11:59:48.524  4314  4622 I art     : Starting a blocking GC Explicit
08-06 11:59:48.550  4314  7167 I NAPPA_EXPERIMENTATION: MetricNetworkRequestExecutionTime: REQUEST_DURATION_SYSTEM='1012',REQUEST_DURATION_OKHTTP='570',REQUEST_SYNCHRONOUS='TRUE',RESPONSE_CODE='200',RESPONSE_METHOD='GET',RESPONSE_LENGTH_OKHTTP='7265',RESPONSE_LENGTH_HEADER='7265',REQUEST_PROTOCOL='h2',REQUEST_URL='https://b.thumbs.redditmedia.com/N6fiqTp8nJD2l7sUz4nij7j1yHYMTKaflUIrn8E2bAU.jpg',
08-06 11:59:48.550  4314  7167 D OK      : request got status: 200
08-06 11:59:48.576  4314  4622 I art     : Explicit concurrent mark sweep GC freed 4956(247KB) AllocSpace objects, 3(216KB) LOS objects, 33% free, 31MB/47MB, paused 2.339ms total 52.146ms
08-06 11:59:48.595  4314  4622 I art     : Starting a blocking GC Explicit
08-06 11:59:48.608  4314  7160 I NAPPA_EXPERIMENTATION: MetricNetworkRequestExecutionTime: REQUEST_DURATION_SYSTEM='1102',REQUEST_DURATION_OKHTTP='618',REQUEST_SYNCHRONOUS='TRUE',RESPONSE_CODE='200',RESPONSE_METHOD='GET',RESPONSE_LENGTH_OKHTTP='5113',RESPONSE_LENGTH_HEADER='5113',REQUEST_PROTOCOL='h2',REQUEST_URL='https://b.thumbs.redditmedia.com/1cAaKl6LkrikiRbLsBzzOvufKqRKuPi3wgjUkX8axkI.jpg',
08-06 11:59:48.608  4314  7160 D OK      : request got status: 200
08-06 11:59:48.648  4314  4622 I art     : Explicit concurrent mark sweep GC freed 420(47KB) AllocSpace objects, 2(136KB) LOS objects, 33% free, 31MB/47MB, paused 2.268ms total 52.678ms
08-06 11:59:48.666  4314  4622 I art     : Starting a blocking GC Explicit
08-06 11:59:48.684  4314  7161 I NAPPA_EXPERIMENTATION: MetricNetworkRequestExecutionTime: REQUEST_DURATION_SYSTEM='1170',REQUEST_DURATION_OKHTTP='669',REQUEST_SYNCHRONOUS='TRUE',RESPONSE_CODE='200',RESPONSE_METHOD='GET',RESPONSE_LENGTH_OKHTTP='6242',RESPONSE_LENGTH_HEADER='6242',REQUEST_PROTOCOL='h2',REQUEST_URL='https://b.thumbs.redditmedia.com/NUqJWcobH7ToYhCM0w6nnAFZ46ymm9vPD25BC3s7Wco.jpg',
08-06 11:59:48.684  4314  7161 D OK      : request got status: 200
08-06 11:59:48.707  4314  7164 I NAPPA_EXPERIMENTATION: MetricNetworkRequestExecutionTime: REQUEST_DURATION_SYSTEM='1183',REQUEST_DURATION_OKHTTP='686',REQUEST_SYNCHRONOUS='TRUE',RESPONSE_CODE='200',RESPONSE_METHOD='GET',RESPONSE_LENGTH_OKHTTP='6434',RESPONSE_LENGTH_HEADER='6434',REQUEST_PROTOCOL='h2',REQUEST_URL='https://b.thumbs.redditmedia.com/_H8tFMmL5-3GrxYkCtMSHiyNfjbX8pxctOw_vrzyw7o.jpg',
08-06 11:59:48.707  4314  7164 D OK      : request got status: 200
08-06 11:59:48.718  4314  4622 I art     : Explicit concurrent mark sweep GC freed 989(165KB) AllocSpace objects, 16(884KB) LOS objects, 33% free, 32MB/48MB, paused 2.339ms total 51.439ms
08-06 11:59:48.733  4314  7173 I NAPPA_EXPERIMENTATION: MetricNetworkRequestExecutionTime: REQUEST_DURATION_SYSTEM='1175',REQUEST_DURATION_OKHTTP='706',REQUEST_SYNCHRONOUS='TRUE',RESPONSE_CODE='200',RESPONSE_METHOD='GET',RESPONSE_LENGTH_OKHTTP='2700',RESPONSE_LENGTH_HEADER='2700',REQUEST_PROTOCOL='h2',REQUEST_URL='https://v.redd.it/fkewv2f65kd51/DASHPlaylist.mpd',
08-06 11:59:48.733  4314  7173 D OK      : request got status: 200
08-06 11:59:48.737  4314  4622 I art     : Starting a blocking GC Explicit
08-06 11:59:48.753  4314  7168 I NAPPA_EXPERIMENTATION: MetricNetworkRequestExecutionTime: REQUEST_DURATION_SYSTEM='1212',REQUEST_DURATION_OKHTTP='729',REQUEST_SYNCHRONOUS='TRUE',RESPONSE_CODE='200',RESPONSE_METHOD='GET',RESPONSE_LENGTH_OKHTTP='8699',RESPONSE_LENGTH_HEADER='8699',REQUEST_PROTOCOL='h2',REQUEST_URL='https://b.thumbs.redditmedia.com/HkEQtny0bE4H3dMCd_woPsLAXBoPwp_DZ4ioFNIQLKk.jpg',
08-06 11:59:48.753  4314  7168 D OK      : request got status: 200
08-06 11:59:48.780  4314  7169 I NAPPA_EXPERIMENTATION: MetricNetworkRequestExecutionTime: REQUEST_DURATION_SYSTEM='1238',REQUEST_DURATION_OKHTTP='740',REQUEST_SYNCHRONOUS='TRUE',RESPONSE_CODE='200',RESPONSE_METHOD='GET',RESPONSE_LENGTH_OKHTTP='4018',RESPONSE_LENGTH_HEADER='4018',REQUEST_PROTOCOL='h2',REQUEST_URL='https://b.thumbs.redditmedia.com/lVNra-iScxkYcYtSstJ-7J7pRAUDRXIwwJhsen1ZK9g.jpg',
08-06 11:59:48.780  4314  7169 D OK      : request got status: 200
08-06 11:59:48.781  4314  7179 I NAPPA_EXPERIMENTATION: MetricNetworkRequestExecutionTime: REQUEST_DURATION_SYSTEM='1201',REQUEST_DURATION_OKHTTP='605',REQUEST_SYNCHRONOUS='TRUE',RESPONSE_CODE='200',RESPONSE_METHOD='GET',RESPONSE_LENGTH_OKHTTP='4798',RESPONSE_LENGTH_HEADER='4798',REQUEST_PROTOCOL='h2',REQUEST_URL='https://a.thumbs.redditmedia.com/KpcC72KH04Be3BqxmFbv_Gz7LCy-24GU-70or3KCdJ4.jpg',
08-06 11:59:48.781  4314  7179 D OK      : request got status: 200
08-06 11:59:48.788  4314  4622 I art     : Explicit concurrent mark sweep GC freed 1500(149KB) AllocSpace objects, 13(716KB) LOS objects, 33% free, 32MB/48MB, paused 2.147ms total 51.474ms
08-06 11:59:48.792  4314  7176 I NAPPA_EXPERIMENTATION: MetricNetworkRequestExecutionTime: REQUEST_DURATION_SYSTEM='1227',REQUEST_DURATION_OKHTTP='668',REQUEST_SYNCHRONOUS='TRUE',RESPONSE_CODE='200',RESPONSE_METHOD='GET',RESPONSE_LENGTH_OKHTTP='5207',RESPONSE_LENGTH_HEADER='5207',REQUEST_PROTOCOL='h2',REQUEST_URL='https://b.thumbs.redditmedia.com/Bx9FZp8_w10DfFUf_mqVPMfu4Y0h2lo41Dh4tl2eNeQ.jpg',
08-06 11:59:48.792  4314  7176 D OK      : request got status: 200
08-06 11:59:48.793  4314  7177 I NAPPA_EXPERIMENTATION: MetricNetworkRequestExecutionTime: REQUEST_DURATION_SYSTEM='1225',REQUEST_DURATION_OKHTTP='618',REQUEST_SYNCHRONOUS='TRUE',RESPONSE_CODE='200',RESPONSE_METHOD='GET',RESPONSE_LENGTH_OKHTTP='1713',RESPONSE_LENGTH_HEADER='1713',REQUEST_PROTOCOL='h2',REQUEST_URL='https://v.redd.it/ak6rer1hskd51/DASHPlaylist.mpd',
08-06 11:59:48.793  4314  7177 D OK      : request got status: 200
08-06 11:59:48.800  4314  7166 I NAPPA_EXPERIMENTATION: MetricNetworkRequestExecutionTime: REQUEST_DURATION_SYSTEM='1263',REQUEST_DURATION_OKHTTP='723',REQUEST_SYNCHRONOUS='TRUE',RESPONSE_CODE='200',RESPONSE_METHOD='GET',RESPONSE_LENGTH_OKHTTP='-1',RESPONSE_LENGTH_HEADER='379',REQUEST_PROTOCOL='h2',REQUEST_URL='https://api.imgur.com/3/image/NSO7Npm',
08-06 11:59:48.800  4314  7166 D OK      : request got status: 200
08-06 11:59:48.801  4314  7174 I NAPPA_EXPERIMENTATION: MetricNetworkRequestExecutionTime: REQUEST_DURATION_SYSTEM='1240',REQUEST_DURATION_OKHTTP='652',REQUEST_SYNCHRONOUS='TRUE',RESPONSE_CODE='200',RESPONSE_METHOD='GET',RESPONSE_LENGTH_OKHTTP='7078',RESPONSE_LENGTH_HEADER='7078',REQUEST_PROTOCOL='h2',REQUEST_URL='https://b.thumbs.redditmedia.com/X3yyAViE0gxiHR-kf9Z5xmLa8dKsm8iWJyKdWNVtOhU.jpg',
08-06 11:59:48.801  4314  7174 D OK      : request got status: 200
08-06 11:59:48.807  4314  7185 I NAPPA_EXPERIMENTATION: MetricNetworkRequestExecutionTime: REQUEST_DURATION_SYSTEM='1212',REQUEST_DURATION_OKHTTP='608',REQUEST_SYNCHRONOUS='TRUE',RESPONSE_CODE='200',RESPONSE_METHOD='GET',RESPONSE_LENGTH_OKHTTP='5648',RESPONSE_LENGTH_HEADER='5648',REQUEST_PROTOCOL='h2',REQUEST_URL='https://a.thumbs.redditmedia.com/cEOtajy3CAQrjwSA3hhSqnPx8bfkRzglo7Lz1SBTmE0.jpg',
08-06 11:59:48.807  4314  7185 D OK      : request got status: 200
08-06 11:59:48.813  4314  7173 I RedditVideosAPI: For 'https://v.redd.it/fkewv2f65kd51/DASHPlaylist.mpd', got video stream 'https://v.redd.it/fkewv2f65kd51/DASH_480' and audio stream 'https://v.redd.it/fkewv2f65kd51/audio'
08-06 11:59:48.847  4314  7186 I NAPPA_EXPERIMENTATION: MetricNetworkRequestExecutionTime: REQUEST_DURATION_SYSTEM='1252',REQUEST_DURATION_OKHTTP='616',REQUEST_SYNCHRONOUS='TRUE',RESPONSE_CODE='200',RESPONSE_METHOD='GET',RESPONSE_LENGTH_OKHTTP='2429',RESPONSE_LENGTH_HEADER='2429',REQUEST_PROTOCOL='h2',REQUEST_URL='https://v.redd.it/h49fg58ygjd51/DASHPlaylist.mpd',
08-06 11:59:48.847  4314  7186 D OK      : request got status: 200
08-06 11:59:48.868  4314  7172 I NAPPA_EXPERIMENTATION: MetricNetworkRequestExecutionTime: REQUEST_DURATION_SYSTEM='1313',REQUEST_DURATION_OKHTTP='681',REQUEST_SYNCHRONOUS='TRUE',RESPONSE_CODE='200',RESPONSE_METHOD='GET',RESPONSE_LENGTH_OKHTTP='6093',RESPONSE_LENGTH_HEADER='6093',REQUEST_PROTOCOL='h2',REQUEST_URL='https://b.thumbs.redditmedia.com/lQKqDneXS8E7ZBD9cUQy4OqOt8PuTneSvVFtnU0pwCE.jpg',
08-06 11:59:48.868  4314  7172 D OK      : request got status: 200
08-06 11:59:48.879  4314  7177 I RedditVideosAPI: For 'https://v.redd.it/ak6rer1hskd51/DASHPlaylist.mpd', got video stream 'https://v.redd.it/ak6rer1hskd51/DASH_360' and audio stream 'null'
08-06 11:59:48.888  4314  7193 I NAPPA_EXPERIMENTATION: MetricNetworkRequestExecutionTime: REQUEST_DURATION_SYSTEM='1274',REQUEST_DURATION_OKHTTP='614',REQUEST_SYNCHRONOUS='TRUE',RESPONSE_CODE='200',RESPONSE_METHOD='GET',RESPONSE_LENGTH_OKHTTP='2861',RESPONSE_LENGTH_HEADER='2861',REQUEST_PROTOCOL='h2',REQUEST_URL='https://b.thumbs.redditmedia.com/iZuzjufMpYUYtQRLjRwce4RDb6JYsId95_iezR2Uc0w.jpg',
08-06 11:59:48.888  4314  7193 D OK      : request got status: 200
08-06 11:59:48.893  4314  7198 I NAPPA_EXPERIMENTATION: MetricNetworkRequestExecutionTime: REQUEST_DURATION_SYSTEM='1274',REQUEST_DURATION_OKHTTP='624',REQUEST_SYNCHRONOUS='TRUE',RESPONSE_CODE='200',RESPONSE_METHOD='GET',RESPONSE_LENGTH_OKHTTP='3060',RESPONSE_LENGTH_HEADER='3060',REQUEST_PROTOCOL='h2',REQUEST_URL='https://v.redd.it/b8vazlcb7ld51/DASHPlaylist.mpd',
08-06 11:59:48.894  4314  7198 D OK      : request got status: 200
08-06 11:59:48.898  4314  7199 I NAPPA_EXPERIMENTATION: MetricNetworkRequestExecutionTime: REQUEST_DURATION_SYSTEM='1269',REQUEST_DURATION_OKHTTP='575',REQUEST_SYNCHRONOUS='TRUE',RESPONSE_CODE='200',RESPONSE_METHOD='GET',RESPONSE_LENGTH_OKHTTP='4067',RESPONSE_LENGTH_HEADER='4067',REQUEST_PROTOCOL='h2',REQUEST_URL='https://b.thumbs.redditmedia.com/XNb1kfskabGDLMqv661Q22hBtCb8w5oyePDcFaZi9aY.jpg',
08-06 11:59:48.898  4314  7199 D OK      : request got status: 200
08-06 11:59:48.916  4314  7192 I NAPPA_EXPERIMENTATION: MetricNetworkRequestExecutionTime: REQUEST_DURATION_SYSTEM='1307',REQUEST_DURATION_OKHTTP='578',REQUEST_SYNCHRONOUS='TRUE',RESPONSE_CODE='200',RESPONSE_METHOD='GET',RESPONSE_LENGTH_OKHTTP='3058',RESPONSE_LENGTH_HEADER='3058',REQUEST_PROTOCOL='h2',REQUEST_URL='https://v.redd.it/1ewzkieg0jd51/DASHPlaylist.mpd',
08-06 11:59:48.916  4314  7192 D OK      : request got status: 200
08-06 11:59:48.933  4314  7189 I NAPPA_EXPERIMENTATION: MetricNetworkRequestExecutionTime: REQUEST_DURATION_SYSTEM='1328',REQUEST_DURATION_OKHTTP='631',REQUEST_SYNCHRONOUS='TRUE',RESPONSE_CODE='200',RESPONSE_METHOD='GET',RESPONSE_LENGTH_OKHTTP='8835',RESPONSE_LENGTH_HEADER='8835',REQUEST_PROTOCOL='h2',REQUEST_URL='https://b.thumbs.redditmedia.com/B18Vu5Jw71XCkFOFHimnUC42ya8apHsmcCW-HFmtb6w.jpg',
08-06 11:59:48.933  4314  7189 D OK      : request got status: 200
08-06 11:59:48.941  4314  7197 I NAPPA_EXPERIMENTATION: MetricNetworkRequestExecutionTime: REQUEST_DURATION_SYSTEM='1323',REQUEST_DURATION_OKHTTP='549',REQUEST_SYNCHRONOUS='TRUE',RESPONSE_CODE='200',RESPONSE_METHOD='GET',RESPONSE_LENGTH_OKHTTP='2698',RESPONSE_LENGTH_HEADER='2698',REQUEST_PROTOCOL='h2',REQUEST_URL='https://v.redd.it/s9qqadf3mid51/DASHPlaylist.mpd',
08-06 11:59:48.941  4314  7197 D OK      : request got status: 200
08-06 11:59:48.947  4314  7186 I RedditVideosAPI: For 'https://v.redd.it/h49fg58ygjd51/DASHPlaylist.mpd', got video stream 'https://v.redd.it/h49fg58ygjd51/DASH_480' and audio stream 'null'
08-06 11:59:48.975  4314  7198 I RedditVideosAPI: For 'https://v.redd.it/b8vazlcb7ld51/DASHPlaylist.mpd', got video stream 'https://v.redd.it/b8vazlcb7ld51/DASH_480' and audio stream 'https://v.redd.it/b8vazlcb7ld51/audio'
08-06 11:59:48.982  4314  7188 I NAPPA_EXPERIMENTATION: MetricNetworkRequestExecutionTime: REQUEST_DURATION_SYSTEM='1377',REQUEST_DURATION_OKHTTP='650',REQUEST_SYNCHRONOUS='TRUE',RESPONSE_CODE='200',RESPONSE_METHOD='GET',RESPONSE_LENGTH_OKHTTP='6163',RESPONSE_LENGTH_HEADER='6163',REQUEST_PROTOCOL='h2',REQUEST_URL='https://b.thumbs.redditmedia.com/chqK3f9u3D7UmfrGP85f4sOQFihMk6q7fFSeMyWs_7E.jpg',
08-06 11:59:48.982  4314  7188 D OK      : request got status: 200
08-06 11:59:48.993  4314  7200 I NAPPA_EXPERIMENTATION: MetricNetworkRequestExecutionTime: REQUEST_DURATION_SYSTEM='1358',REQUEST_DURATION_OKHTTP='563',REQUEST_SYNCHRONOUS='TRUE',RESPONSE_CODE='200',RESPONSE_METHOD='GET',RESPONSE_LENGTH_OKHTTP='2071',RESPONSE_LENGTH_HEADER='2071',REQUEST_PROTOCOL='h2',REQUEST_URL='https://v.redd.it/ty24o02m1hd51/DASHPlaylist.mpd',
08-06 11:59:48.993  4314  7200 D OK      : request got status: 200
08-06 11:59:48.999  4314  7253 I NAPPA_EXPERIMENTATION: MetricNetworkRequestExecutionTime: REQUEST_DURATION_SYSTEM='566',REQUEST_DURATION_OKHTTP='562',REQUEST_SYNCHRONOUS='TRUE',RESPONSE_CODE='200',RESPONSE_METHOD='GET',RESPONSE_LENGTH_OKHTTP='-1',RESPONSE_LENGTH_HEADER='30610',REQUEST_PROTOCOL='h2',REQUEST_URL='https://oauth.reddit.com/r/aww/hot/.json?after=t3_hz5odc',
08-06 11:59:49.000  4314  7253 D OK      : request got status: 200
08-06 11:59:49.001  4314  7194 I NAPPA_EXPERIMENTATION: MetricNetworkRequestExecutionTime: REQUEST_DURATION_SYSTEM='1385',REQUEST_DURATION_OKHTTP='545',REQUEST_SYNCHRONOUS='TRUE',RESPONSE_CODE='200',RESPONSE_METHOD='GET',RESPONSE_LENGTH_OKHTTP='2787',RESPONSE_LENGTH_HEADER='2787',REQUEST_PROTOCOL='h2',REQUEST_URL='https://v.redd.it/ppmhu2r9thd51/DASHPlaylist.mpd',
08-06 11:59:49.001  4314  7194 D OK      : request got status: 200
08-06 11:59:49.006  4314  4904 I PostListingFragment: Precaching images: OFF
08-06 11:59:49.007  4314  4904 I PostListingFragment: Precaching comments: OFF
08-06 11:59:49.008  4314  7187 I NAPPA_EXPERIMENTATION: MetricNetworkRequestExecutionTime: REQUEST_DURATION_SYSTEM='1407',REQUEST_DURATION_OKHTTP='671',REQUEST_SYNCHRONOUS='TRUE',RESPONSE_CODE='200',RESPONSE_METHOD='GET',RESPONSE_LENGTH_OKHTTP='5229',RESPONSE_LENGTH_HEADER='5229',REQUEST_PROTOCOL='h2',REQUEST_URL='https://b.thumbs.redditmedia.com/RrJbRRjFZWmckrONtkPTloJh52FfqD_XkLMuYuuQvAg.jpg',
08-06 11:59:49.008  4314  7187 D OK      : request got status: 200
08-06 11:59:49.025  4314  7159 I NAPPA_EXPERIMENTATION: MetricNetworkRequestExecutionTime: REQUEST_DURATION_SYSTEM='1521',REQUEST_DURATION_OKHTTP='699',REQUEST_SYNCHRONOUS='TRUE',RESPONSE_CODE='200',RESPONSE_METHOD='GET',RESPONSE_LENGTH_OKHTTP='-1',RESPONSE_LENGTH_HEADER='812',REQUEST_PROTOCOL='http/1.1',REQUEST_URL='https://api.gfycat.com/v1/gfycats/deadlygravecavy',
08-06 11:59:49.025  4314  7159 D OK      : request got status: 200
08-06 11:59:49.029  4314  7192 I RedditVideosAPI: For 'https://v.redd.it/1ewzkieg0jd51/DASHPlaylist.mpd', got video stream 'https://v.redd.it/1ewzkieg0jd51/DASH_480' and audio stream 'https://v.redd.it/1ewzkieg0jd51/audio'
08-06 11:59:49.031  4314  7184 I NAPPA_EXPERIMENTATION: MetricNetworkRequestExecutionTime: REQUEST_DURATION_SYSTEM='1439',REQUEST_DURATION_OKHTTP='656',REQUEST_SYNCHRONOUS='TRUE',RESPONSE_CODE='200',RESPONSE_METHOD='GET',RESPONSE_LENGTH_OKHTTP='-1',RESPONSE_LENGTH_HEADER='1021',REQUEST_PROTOCOL='http/1.1',REQUEST_URL='https://api.gfycat.com/v1/gfycats/foolhardysparklinglarva',
08-06 11:59:49.031  4314  7184 D OK      : request got status: 200
08-06 11:59:49.044  4314  7201 I NAPPA_EXPERIMENTATION: MetricNetworkRequestExecutionTime: REQUEST_DURATION_SYSTEM='1403',REQUEST_DURATION_OKHTTP='653',REQUEST_SYNCHRONOUS='TRUE',RESPONSE_CODE='200',RESPONSE_METHOD='GET',RESPONSE_LENGTH_OKHTTP='4249',RESPONSE_LENGTH_HEADER='4249',REQUEST_PROTOCOL='h2',REQUEST_URL='https://b.thumbs.redditmedia.com/lMqJbh1Z40ffemA0TnSfVnovznn4hvJNue60AsJ-ETs.jpg',
08-06 11:59:49.044  4314  7175 I NAPPA_EXPERIMENTATION: MetricNetworkRequestExecutionTime: REQUEST_DURATION_SYSTEM='1480',REQUEST_DURATION_OKHTTP='671',REQUEST_SYNCHRONOUS='TRUE',RESPONSE_CODE='200',RESPONSE_METHOD='GET',RESPONSE_LENGTH_OKHTTP='-1',RESPONSE_LENGTH_HEADER='955',REQUEST_PROTOCOL='http/1.1',REQUEST_URL='https://api.gfycat.com/v1/gfycats/altruisticthankfulankolewatusi',
08-06 11:59:49.045  4314  7175 D OK      : request got status: 200
08-06 11:59:49.045  4314  7201 D OK      : request got status: 200
08-06 11:59:49.050  4314  7205 I NAPPA_EXPERIMENTATION: MetricNetworkRequestExecutionTime: REQUEST_DURATION_SYSTEM='1391',REQUEST_DURATION_OKHTTP='483',REQUEST_SYNCHRONOUS='TRUE',RESPONSE_CODE='200',RESPONSE_METHOD='GET',RESPONSE_LENGTH_OKHTTP='2342',RESPONSE_LENGTH_HEADER='2342',REQUEST_PROTOCOL='h2',REQUEST_URL='https://v.redd.it/ar5k8892pid51/DASHPlaylist.mpd',
08-06 11:59:49.050  4314  7205 D OK      : request got status: 200
08-06 11:59:49.054  4314  7202 I NAPPA_EXPERIMENTATION: MetricNetworkRequestExecutionTime: REQUEST_DURATION_SYSTEM='1412',REQUEST_DURATION_OKHTTP='567',REQUEST_SYNCHRONOUS='TRUE',RESPONSE_CODE='200',RESPONSE_METHOD='GET',RESPONSE_LENGTH_OKHTTP='6843',RESPONSE_LENGTH_HEADER='6843',REQUEST_PROTOCOL='h2',REQUEST_URL='https://b.thumbs.redditmedia.com/x5l4cICw0WNNvslt5FqVjwj89XrGjrXnNbaSyQRAyCo.jpg',
08-06 11:59:49.054  4314  7202 D OK      : request got status: 200
08-06 11:59:49.058  4314  7197 I RedditVideosAPI: For 'https://v.redd.it/s9qqadf3mid51/DASHPlaylist.mpd', got video stream 'https://v.redd.it/s9qqadf3mid51/DASH_480' and audio stream 'https://v.redd.it/s9qqadf3mid51/audio'
08-06 11:59:49.068  4314  7203 I NAPPA_EXPERIMENTATION: MetricNetworkRequestExecutionTime: REQUEST_DURATION_SYSTEM='1420',REQUEST_DURATION_OKHTTP='677',REQUEST_SYNCHRONOUS='TRUE',RESPONSE_CODE='200',RESPONSE_METHOD='GET',RESPONSE_LENGTH_OKHTTP='6778',RESPONSE_LENGTH_HEADER='6778',REQUEST_PROTOCOL='h2',REQUEST_URL='https://b.thumbs.redditmedia.com/189nmwjW7eGWBD0J-cxzsUac1V1ZWGzMFC66inY4u4Y.jpg',
08-06 11:59:49.068  4314  7203 D OK      : request got status: 200
08-06 11:59:49.081  4314  7268 D OK      : calling: https://b.thumbs.redditmedia.com/WehZGjN94ALGdO0M7RjPJ2EwcyyWVZ_NUn1Fuf7IYWY.jpg
08-06 11:59:49.081  4314  4904 I getImgurImageInfo: Image nLQR2hT: trying API v3 with auth
08-06 11:59:49.084  4314  7204 I NAPPA_EXPERIMENTATION: MetricNetworkRequestExecutionTime: REQUEST_DURATION_SYSTEM='1433',REQUEST_DURATION_OKHTTP='687',REQUEST_SYNCHRONOUS='TRUE',RESPONSE_CODE='200',RESPONSE_METHOD='GET',RESPONSE_LENGTH_OKHTTP='6221',RESPONSE_LENGTH_HEADER='6221',REQUEST_PROTOCOL='h2',REQUEST_URL='https://b.thumbs.redditmedia.com/d_-UsfmKASoIHi4vZyyjvvwFtm1S7-DEi9AQPOnGIgY.jpg',
08-06 11:59:49.084  4314  7204 D OK      : request got status: 200
08-06 11:59:49.118  4314  4327 I art     : Starting a blocking GC Explicit
08-06 11:59:49.125  4314  7200 I RedditVideosAPI: For 'https://v.redd.it/ty24o02m1hd51/DASHPlaylist.mpd', got video stream 'https://v.redd.it/ty24o02m1hd51/DASH_480' and audio stream 'null'
08-06 11:59:49.136  4314  7194 I RedditVideosAPI: For 'https://v.redd.it/ppmhu2r9thd51/DASHPlaylist.mpd', got video stream 'https://v.redd.it/ppmhu2r9thd51/DASH_480' and audio stream 'null'
08-06 11:59:49.149  4314  7269 D OK      : calling: https://b.thumbs.redditmedia.com/Xdo4lcQOwuUNK1yxSlXZ0OI8u23ORAr16_AzfAZ1nvU.jpg
08-06 11:59:49.178  4314  4327 I art     : Explicit concurrent mark sweep GC freed 29868(2MB) AllocSpace objects, 92(5MB) LOS objects, 30% free, 36MB/52MB, paused 960us total 59.566ms
08-06 11:59:49.198  4314  4327 I art     : Starting a blocking GC Explicit
08-06 11:59:49.201  4314  7205 I RedditVideosAPI: For 'https://v.redd.it/ar5k8892pid51/DASHPlaylist.mpd', got video stream 'https://v.redd.it/ar5k8892pid51/DASH_360' and audio stream 'https://v.redd.it/ar5k8892pid51/audio'
08-06 11:59:49.212  4314  7270 D OK      : calling: https://b.thumbs.redditmedia.com/2KMYZ5hTlKXSvNO4hDUPyMba8Yz6skyu1SjUhLq1d9s.jpg
08-06 11:59:49.233  4314  7268 I NAPPA_EXPERIMENTATION: MetricNetworkRequestExecutionTime: REQUEST_DURATION_SYSTEM='152',REQUEST_DURATION_OKHTTP='151',REQUEST_SYNCHRONOUS='TRUE',RESPONSE_CODE='200',RESPONSE_METHOD='GET',RESPONSE_LENGTH_OKHTTP='5435',RESPONSE_LENGTH_HEADER='5435',REQUEST_PROTOCOL='h2',REQUEST_URL='https://b.thumbs.redditmedia.com/WehZGjN94ALGdO0M7RjPJ2EwcyyWVZ_NUn1Fuf7IYWY.jpg',
08-06 11:59:49.234  4314  7268 D OK      : request got status: 200
08-06 11:59:49.236  4314  7272 D OK      : calling: https://a.thumbs.redditmedia.com/EFVm-ZqqhARyEaKgtwU74c7tfzEDJvI0uiHXGglFag4.jpg
08-06 11:59:49.240  4314  7273 D OK      : calling: https://b.thumbs.redditmedia.com/qi4bNDKzoPvaSaSx99K2bAjwaRHh1nuOrcbySp1JHdk.jpg
08-06 11:59:49.245  4314  7274 D OK      : calling: https://b.thumbs.redditmedia.com/Ja8yiRMklM2lXd8q60LtBI6CqdmJ5YbWHRiBVFmICJA.jpg
08-06 11:59:49.245  4314  7275 D OK      : calling: https://b.thumbs.redditmedia.com/o5lSsJ_tCgCQxcdjMGaYxuveNluXB1PQT4PokXDhpvc.jpg
08-06 11:59:49.251  4314  4327 I art     : Explicit concurrent mark sweep GC freed 4019(364KB) AllocSpace objects, 24(1412KB) LOS objects, 30% free, 36MB/52MB, paused 1.292ms total 53.052ms
08-06 11:59:49.256  4314  7276 D OK      : calling: https://b.thumbs.redditmedia.com/SiCWTmKkQcbiAa7naxAHnw0adTeRkq1dB8QSqzGU7-Q.jpg
08-06 11:59:49.265  4314  7277 D OK      : calling: https://b.thumbs.redditmedia.com/C9qrVibnNxmzfLDKvEHp2v2Bo-Kqme7PoKC52s2o52M.jpg
08-06 11:59:49.269  4314  7278 D OK      : calling: https://a.thumbs.redditmedia.com/Tfsm0ol-ltlxNSBAkZ_4G4302d0hYeOSODkvXidBBR8.jpg
08-06 11:59:49.271  4314  7279 D OK      : calling: https://a.thumbs.redditmedia.com/Kzag-wH9wKRRg2MnPwgoFgXT_2jN_nkJ1lY1aNRQyT4.jpg
08-06 11:59:49.274  4314  7280 D OK      : calling: https://a.thumbs.redditmedia.com/P4gSGpXpi2wDXthNZ-LiwEs5Jvplm6dQ7W7Isqa7un4.jpg
08-06 11:59:49.276  4314  7281 D OK      : calling: https://b.thumbs.redditmedia.com/XkIhgqugP-9Zcb5I9A8o0r-zQJDh_6kastc0oWiiHkI.jpg
08-06 11:59:49.277  4314  4327 I art     : Starting a blocking GC Explicit
08-06 11:59:49.281  4314  7282 D OK      : calling: https://b.thumbs.redditmedia.com/3QPAtixkID9ojpqCAgfspJpruqoq45fM1G-Fx1K2F2A.jpg
08-06 11:59:49.283  4314  7283 D OK      : calling: https://b.thumbs.redditmedia.com/orK4W8Xc99pTzIT6q1waTsppldq24p1qMsHtkNnmu9w.jpg
08-06 11:59:49.285  4314  7284 D OK      : calling: https://b.thumbs.redditmedia.com/B1vXKY_-gTPbs625-RJ1MLIXxzCqfmnCB_0xnGjCECQ.jpg
08-06 11:59:49.289  4314  7285 D OK      : calling: https://a.thumbs.redditmedia.com/ffAKmOqnTuDMNR9MRfCdRtkq_CzN3MVhZxS64ZPYRh4.jpg
08-06 11:59:49.291  4314  7286 D OK      : calling: https://b.thumbs.redditmedia.com/OF1KI_LdSDMMWCy-WgJyRhIcM5fr7kDyu_OnpfRXHfI.jpg
08-06 11:59:49.293  4314  7287 D OK      : calling: https://b.thumbs.redditmedia.com/vuAhA4gGAmYfrTFA4woxZcKgmiDzJ3nAsql2pxcYGFs.jpg
08-06 11:59:49.295  4314  7288 D OK      : calling: https://b.thumbs.redditmedia.com/PtV7mFsO2n0j4YJweZjEqyVJ45hap4hXix9dwj6D0Wg.jpg
08-06 11:59:49.297  4314  7289 D OK      : calling: https://b.thumbs.redditmedia.com/wxTBcOhAgsmbc-TRaGNHpYJYnEOBr2LNsaZ6pCM91Lc.jpg
08-06 11:59:49.299  4314  7290 D OK      : calling: https://b.thumbs.redditmedia.com/Wo7bFIVNZYYuNioRYwZFYxrl6QMk0lT-3W01wrXgHmE.jpg
08-06 11:59:49.302  4314  7291 D OK      : calling: https://b.thumbs.redditmedia.com/NoqMycYTzsyhI0Lq351riEI1mO9p8PvY1QwcZ9Irb9g.jpg
08-06 11:59:49.304  4314  7292 D OK      : calling: https://b.thumbs.redditmedia.com/KrRufqpifph7KM2Le5RdqEYQb24zbB4fizBJpFaH1Pc.jpg
08-06 11:59:49.306  4314  7293 D OK      : calling: https://b.thumbs.redditmedia.com/u2qz17QE3X5G7kkJrgK3HPCdxNQxNkhaWqfIhCuRMvE.jpg
08-06 11:59:49.308  4314  7294 D OK      : calling: https://v.redd.it/syww111dtjd51/DASHPlaylist.mpd
08-06 11:59:49.310  4314  7295 D OK      : calling: https://v.redd.it/pbqrrfb3tkd51/DASHPlaylist.mpd
08-06 11:59:49.312  4314  7296 D OK      : calling: https://v.redd.it/rrygsb8i4ld51/DASHPlaylist.mpd
08-06 11:59:49.314  4314  7297 D OK      : calling: https://v.redd.it/5x6zzipz8ld51/DASHPlaylist.mpd
08-06 11:59:49.317  4314  7298 D OK      : calling: https://v.redd.it/75en73fm5id51/DASHPlaylist.mpd
08-06 11:59:49.321  4314  7299 D OK      : calling: https://api.imgur.com/3/image/nLQR2hT
08-06 11:59:49.326  4314  7300 D OK      : calling: https://v.redd.it/ggz4fyth6hd51/DASHPlaylist.mpd
08-06 11:59:49.328  4314  7301 D OK      : calling: https://v.redd.it/psrknoobrgd51/DASHPlaylist.mpd
08-06 11:59:49.329  4314  4327 I art     : Explicit concurrent mark sweep GC freed 24758(1270KB) AllocSpace objects, 12(864KB) LOS objects, 31% free, 35MB/51MB, paused 2.498ms total 52.206ms
08-06 11:59:49.331  4314  7302 D OK      : calling: https://v.redd.it/jk6cwef4wld51/DASHPlaylist.mpd
08-06 11:59:49.333  4314  7269 I NAPPA_EXPERIMENTATION: MetricNetworkRequestExecutionTime: REQUEST_DURATION_SYSTEM='184',REQUEST_DURATION_OKHTTP='183',REQUEST_SYNCHRONOUS='TRUE',RESPONSE_CODE='200',RESPONSE_METHOD='GET',RESPONSE_LENGTH_OKHTTP='5191',RESPONSE_LENGTH_HEADER='5191',REQUEST_PROTOCOL='h2',REQUEST_URL='https://b.thumbs.redditmedia.com/Xdo4lcQOwuUNK1yxSlXZ0OI8u23ORAr16_AzfAZ1nvU.jpg',
08-06 11:59:49.334  4314  7269 D OK      : request got status: 200
08-06 11:59:49.334  4314  7303 D OK      : calling: https://v.redd.it/t81s8zfz9ld51/DASHPlaylist.mpd
08-06 11:59:49.337  4314  7304 D OK      : calling: https://v.redd.it/xd6c4yyutgd51/DASHPlaylist.mpd
08-06 11:59:49.341  4314  7305 D OK      : calling: https://v.redd.it/ue0jdgk9zhd51/DASHPlaylist.mpd
08-06 11:59:49.348  4314  4327 I art     : Starting a blocking GC Explicit
08-06 11:59:49.403  4314  4327 I art     : Explicit concurrent mark sweep GC freed 1986(109KB) AllocSpace objects, 1(68KB) LOS objects, 31% free, 35MB/51MB, paused 2.715ms total 54.825ms
08-06 11:59:49.406  4314  7270 I NAPPA_EXPERIMENTATION: MetricNetworkRequestExecutionTime: REQUEST_DURATION_SYSTEM='194',REQUEST_DURATION_OKHTTP='193',REQUEST_SYNCHRONOUS='TRUE',RESPONSE_CODE='200',RESPONSE_METHOD='GET',RESPONSE_LENGTH_OKHTTP='5098',RESPONSE_LENGTH_HEADER='5098',REQUEST_PROTOCOL='h2',REQUEST_URL='https://b.thumbs.redditmedia.com/2KMYZ5hTlKXSvNO4hDUPyMba8Yz6skyu1SjUhLq1d9s.jpg',
08-06 11:59:49.406  4314  7270 D OK      : request got status: 200
08-06 11:59:49.422  4314  4327 I art     : Starting a blocking GC Explicit
08-06 11:59:49.472  4314  7273 I NAPPA_EXPERIMENTATION: MetricNetworkRequestExecutionTime: REQUEST_DURATION_SYSTEM='230',REQUEST_DURATION_OKHTTP='230',REQUEST_SYNCHRONOUS='TRUE',RESPONSE_CODE='200',RESPONSE_METHOD='GET',RESPONSE_LENGTH_OKHTTP='4475',RESPONSE_LENGTH_HEADER='4475',REQUEST_PROTOCOL='h2',REQUEST_URL='https://b.thumbs.redditmedia.com/qi4bNDKzoPvaSaSx99K2bAjwaRHh1nuOrcbySp1JHdk.jpg',
08-06 11:59:49.472  4314  7273 D OK      : request got status: 200
08-06 11:59:49.481  4314  4327 I art     : Explicit concurrent mark sweep GC freed 926(99KB) AllocSpace objects, 6(276KB) LOS objects, 30% free, 36MB/52MB, paused 2.558ms total 58.104ms
08-06 11:59:49.537  4314  7274 I NAPPA_EXPERIMENTATION: MetricNetworkRequestExecutionTime: REQUEST_DURATION_SYSTEM='292',REQUEST_DURATION_OKHTTP='290',REQUEST_SYNCHRONOUS='TRUE',RESPONSE_CODE='200',RESPONSE_METHOD='GET',RESPONSE_LENGTH_OKHTTP='5414',RESPONSE_LENGTH_HEADER='5414',REQUEST_PROTOCOL='h2',REQUEST_URL='https://b.thumbs.redditmedia.com/Ja8yiRMklM2lXd8q60LtBI6CqdmJ5YbWHRiBVFmICJA.jpg',
08-06 11:59:49.537  4314  7274 D OK      : request got status: 200
08-06 11:59:49.543  4314  7275 I NAPPA_EXPERIMENTATION: MetricNetworkRequestExecutionTime: REQUEST_DURATION_SYSTEM='298',REQUEST_DURATION_OKHTTP='297',REQUEST_SYNCHRONOUS='TRUE',RESPONSE_CODE='200',RESPONSE_METHOD='GET',RESPONSE_LENGTH_OKHTTP='4921',RESPONSE_LENGTH_HEADER='4921',REQUEST_PROTOCOL='h2',REQUEST_URL='https://b.thumbs.redditmedia.com/o5lSsJ_tCgCQxcdjMGaYxuveNluXB1PQT4PokXDhpvc.jpg',
08-06 11:59:49.543  4314  7275 D OK      : request got status: 200
08-06 11:59:49.570  4314  7277 I NAPPA_EXPERIMENTATION: MetricNetworkRequestExecutionTime: REQUEST_DURATION_SYSTEM='305',REQUEST_DURATION_OKHTTP='304',REQUEST_SYNCHRONOUS='TRUE',RESPONSE_CODE='200',RESPONSE_METHOD='GET',RESPONSE_LENGTH_OKHTTP='5378',RESPONSE_LENGTH_HEADER='5378',REQUEST_PROTOCOL='h2',REQUEST_URL='https://b.thumbs.redditmedia.com/C9qrVibnNxmzfLDKvEHp2v2Bo-Kqme7PoKC52s2o52M.jpg',
08-06 11:59:49.571  4314  7277 D OK      : request got status: 200
08-06 11:59:49.614  4314  7276 I NAPPA_EXPERIMENTATION: MetricNetworkRequestExecutionTime: REQUEST_DURATION_SYSTEM='358',REQUEST_DURATION_OKHTTP='357',REQUEST_SYNCHRONOUS='TRUE',RESPONSE_CODE='200',RESPONSE_METHOD='GET',RESPONSE_LENGTH_OKHTTP='5968',RESPONSE_LENGTH_HEADER='5968',REQUEST_PROTOCOL='h2',REQUEST_URL='https://b.thumbs.redditmedia.com/SiCWTmKkQcbiAa7naxAHnw0adTeRkq1dB8QSqzGU7-Q.jpg',
08-06 11:59:49.614  4314  7276 D OK      : request got status: 200
08-06 11:59:49.643  4314  7281 I NAPPA_EXPERIMENTATION: MetricNetworkRequestExecutionTime: REQUEST_DURATION_SYSTEM='367',REQUEST_DURATION_OKHTTP='364',REQUEST_SYNCHRONOUS='TRUE',RESPONSE_CODE='200',RESPONSE_METHOD='GET',RESPONSE_LENGTH_OKHTTP='4080',RESPONSE_LENGTH_HEADER='4080',REQUEST_PROTOCOL='h2',REQUEST_URL='https://b.thumbs.redditmedia.com/XkIhgqugP-9Zcb5I9A8o0r-zQJDh_6kastc0oWiiHkI.jpg',
08-06 11:59:49.643  4314  7281 D OK      : request got status: 200
08-06 11:59:49.688  4314  7282 I NAPPA_EXPERIMENTATION: MetricNetworkRequestExecutionTime: REQUEST_DURATION_SYSTEM='407',REQUEST_DURATION_OKHTTP='407',REQUEST_SYNCHRONOUS='TRUE',RESPONSE_CODE='200',RESPONSE_METHOD='GET',RESPONSE_LENGTH_OKHTTP='3183',RESPONSE_LENGTH_HEADER='3183',REQUEST_PROTOCOL='h2',REQUEST_URL='https://b.thumbs.redditmedia.com/3QPAtixkID9ojpqCAgfspJpruqoq45fM1G-Fx1K2F2A.jpg',
08-06 11:59:49.689  4314  7282 D OK      : request got status: 200
08-06 11:59:49.707  4314  7283 I NAPPA_EXPERIMENTATION: MetricNetworkRequestExecutionTime: REQUEST_DURATION_SYSTEM='423',REQUEST_DURATION_OKHTTP='422',REQUEST_SYNCHRONOUS='TRUE',RESPONSE_CODE='200',RESPONSE_METHOD='GET',RESPONSE_LENGTH_OKHTTP='6654',RESPONSE_LENGTH_HEADER='6654',REQUEST_PROTOCOL='h2',REQUEST_URL='https://b.thumbs.redditmedia.com/orK4W8Xc99pTzIT6q1waTsppldq24p1qMsHtkNnmu9w.jpg',
08-06 11:59:49.708  4314  7283 D OK      : request got status: 200
08-06 11:59:49.774  4314  7284 I NAPPA_EXPERIMENTATION: MetricNetworkRequestExecutionTime: REQUEST_DURATION_SYSTEM='489',REQUEST_DURATION_OKHTTP='488',REQUEST_SYNCHRONOUS='TRUE',RESPONSE_CODE='200',RESPONSE_METHOD='GET',RESPONSE_LENGTH_OKHTTP='3864',RESPONSE_LENGTH_HEADER='3864',REQUEST_PROTOCOL='h2',REQUEST_URL='https://b.thumbs.redditmedia.com/B1vXKY_-gTPbs625-RJ1MLIXxzCqfmnCB_0xnGjCECQ.jpg',
08-06 11:59:49.774  4314  7284 D OK      : request got status: 200
08-06 11:59:49.805  4314  7287 I NAPPA_EXPERIMENTATION: MetricNetworkRequestExecutionTime: REQUEST_DURATION_SYSTEM='511',REQUEST_DURATION_OKHTTP='510',REQUEST_SYNCHRONOUS='TRUE',RESPONSE_CODE='200',RESPONSE_METHOD='GET',RESPONSE_LENGTH_OKHTTP='6723',RESPONSE_LENGTH_HEADER='6723',REQUEST_PROTOCOL='h2',REQUEST_URL='https://b.thumbs.redditmedia.com/vuAhA4gGAmYfrTFA4woxZcKgmiDzJ3nAsql2pxcYGFs.jpg',
08-06 11:59:49.805  4314  7287 D OK      : request got status: 200
08-06 11:59:49.812  4314  7286 I NAPPA_EXPERIMENTATION: MetricNetworkRequestExecutionTime: REQUEST_DURATION_SYSTEM='521',REQUEST_DURATION_OKHTTP='521',REQUEST_SYNCHRONOUS='TRUE',RESPONSE_CODE='200',RESPONSE_METHOD='GET',RESPONSE_LENGTH_OKHTTP='5125',RESPONSE_LENGTH_HEADER='5125',REQUEST_PROTOCOL='h2',REQUEST_URL='https://b.thumbs.redditmedia.com/OF1KI_LdSDMMWCy-WgJyRhIcM5fr7kDyu_OnpfRXHfI.jpg',
08-06 11:59:49.812  4314  7286 D OK      : request got status: 200
08-06 11:59:49.825  4314  7288 I NAPPA_EXPERIMENTATION: MetricNetworkRequestExecutionTime: REQUEST_DURATION_SYSTEM='530',REQUEST_DURATION_OKHTTP='529',REQUEST_SYNCHRONOUS='TRUE',RESPONSE_CODE='200',RESPONSE_METHOD='GET',RESPONSE_LENGTH_OKHTTP='5329',RESPONSE_LENGTH_HEADER='5329',REQUEST_PROTOCOL='h2',REQUEST_URL='https://b.thumbs.redditmedia.com/PtV7mFsO2n0j4YJweZjEqyVJ45hap4hXix9dwj6D0Wg.jpg',
08-06 11:59:49.825  4314  7288 D OK      : request got status: 200
08-06 11:59:49.830  4314  4326 I art     : Starting a blocking GC Explicit
08-06 11:59:49.845  4314  7291 I NAPPA_EXPERIMENTATION: MetricNetworkRequestExecutionTime: REQUEST_DURATION_SYSTEM='543',REQUEST_DURATION_OKHTTP='543',REQUEST_SYNCHRONOUS='TRUE',RESPONSE_CODE='200',RESPONSE_METHOD='GET',RESPONSE_LENGTH_OKHTTP='5648',RESPONSE_LENGTH_HEADER='5648',REQUEST_PROTOCOL='h2',REQUEST_URL='https://b.thumbs.redditmedia.com/NoqMycYTzsyhI0Lq351riEI1mO9p8PvY1QwcZ9Irb9g.jpg',
08-06 11:59:49.845  4314  7291 D OK      : request got status: 200
08-06 11:59:49.858  4314  7289 I NAPPA_EXPERIMENTATION: MetricNetworkRequestExecutionTime: REQUEST_DURATION_SYSTEM='561',REQUEST_DURATION_OKHTTP='559',REQUEST_SYNCHRONOUS='TRUE',RESPONSE_CODE='200',RESPONSE_METHOD='GET',RESPONSE_LENGTH_OKHTTP='6316',RESPONSE_LENGTH_HEADER='6316',REQUEST_PROTOCOL='h2',REQUEST_URL='https://b.thumbs.redditmedia.com/wxTBcOhAgsmbc-TRaGNHpYJYnEOBr2LNsaZ6pCM91Lc.jpg',
08-06 11:59:49.858  4314  7289 D OK      : request got status: 200
08-06 11:59:49.872  4314  7290 I NAPPA_EXPERIMENTATION: MetricNetworkRequestExecutionTime: REQUEST_DURATION_SYSTEM='573',REQUEST_DURATION_OKHTTP='572',REQUEST_SYNCHRONOUS='TRUE',RESPONSE_CODE='200',RESPONSE_METHOD='GET',RESPONSE_LENGTH_OKHTTP='7815',RESPONSE_LENGTH_HEADER='7815',REQUEST_PROTOCOL='h2',REQUEST_URL='https://b.thumbs.redditmedia.com/Wo7bFIVNZYYuNioRYwZFYxrl6QMk0lT-3W01wrXgHmE.jpg',
08-06 11:59:49.872  4314  7290 D OK      : request got status: 200
08-06 11:59:49.889  4314  4326 I art     : Explicit concurrent mark sweep GC freed 8613(876KB) AllocSpace objects, 56(3MB) LOS objects, 29% free, 38MB/54MB, paused 1.786ms total 58.825ms
08-06 11:59:49.908  4314  4326 I art     : Starting a blocking GC Explicit
08-06 11:59:49.915  4314  7292 I NAPPA_EXPERIMENTATION: MetricNetworkRequestExecutionTime: REQUEST_DURATION_SYSTEM='611',REQUEST_DURATION_OKHTTP='611',REQUEST_SYNCHRONOUS='TRUE',RESPONSE_CODE='200',RESPONSE_METHOD='GET',RESPONSE_LENGTH_OKHTTP='5198',RESPONSE_LENGTH_HEADER='5198',REQUEST_PROTOCOL='h2',REQUEST_URL='https://b.thumbs.redditmedia.com/KrRufqpifph7KM2Le5RdqEYQb24zbB4fizBJpFaH1Pc.jpg',
08-06 11:59:49.916  4314  7292 D OK      : request got status: 200
08-06 11:59:49.920  4314  7293 I NAPPA_EXPERIMENTATION: MetricNetworkRequestExecutionTime: REQUEST_DURATION_SYSTEM='614',REQUEST_DURATION_OKHTTP='613',REQUEST_SYNCHRONOUS='TRUE',RESPONSE_CODE='200',RESPONSE_METHOD='GET',RESPONSE_LENGTH_OKHTTP='5579',RESPONSE_LENGTH_HEADER='5579',REQUEST_PROTOCOL='h2',REQUEST_URL='https://b.thumbs.redditmedia.com/u2qz17QE3X5G7kkJrgK3HPCdxNQxNkhaWqfIhCuRMvE.jpg',
08-06 11:59:49.920  4314  7293 D OK      : request got status: 200
08-06 11:59:49.964  4314  4326 I art     : Explicit concurrent mark sweep GC freed 7147(361KB) AllocSpace objects, 16(1096KB) LOS objects, 29% free, 38MB/54MB, paused 1.982ms total 55.488ms
08-06 11:59:49.984  4314  4326 I art     : Starting a blocking GC Explicit
08-06 11:59:50.018  4314  7272 I NAPPA_EXPERIMENTATION: MetricNetworkRequestExecutionTime: REQUEST_DURATION_SYSTEM='782',REQUEST_DURATION_OKHTTP='299',REQUEST_SYNCHRONOUS='TRUE',RESPONSE_CODE='200',RESPONSE_METHOD='GET',RESPONSE_LENGTH_OKHTTP='5307',RESPONSE_LENGTH_HEADER='5307',REQUEST_PROTOCOL='h2',REQUEST_URL='https://a.thumbs.redditmedia.com/EFVm-ZqqhARyEaKgtwU74c7tfzEDJvI0uiHXGglFag4.jpg',
08-06 11:59:50.019  4314  7272 D OK      : request got status: 200
08-06 11:59:50.056  4314  4326 I art     : Explicit concurrent mark sweep GC freed 10458(639KB) AllocSpace objects, 14(616KB) LOS objects, 28% free, 39MB/55MB, paused 3.376ms total 66.653ms
08-06 11:59:50.083  4314  4326 I art     : Starting a blocking GC Explicit
08-06 11:59:50.136  4314  4326 I art     : Explicit concurrent mark sweep GC freed 12100(736KB) AllocSpace objects, 15(768KB) LOS objects, 29% free, 39MB/55MB, paused 1.445ms total 53.100ms
08-06 11:59:50.155  4314  4326 I art     : Starting a blocking GC Explicit
08-06 11:59:50.176  4314  7279 I NAPPA_EXPERIMENTATION: MetricNetworkRequestExecutionTime: REQUEST_DURATION_SYSTEM='905',REQUEST_DURATION_OKHTTP='243',REQUEST_SYNCHRONOUS='TRUE',RESPONSE_CODE='200',RESPONSE_METHOD='GET',RESPONSE_LENGTH_OKHTTP='3635',RESPONSE_LENGTH_HEADER='3635',REQUEST_PROTOCOL='h2',REQUEST_URL='https://a.thumbs.redditmedia.com/Kzag-wH9wKRRg2MnPwgoFgXT_2jN_nkJ1lY1aNRQyT4.jpg',
08-06 11:59:50.177  4314  7279 D OK      : request got status: 200
08-06 11:59:50.209  4314  4326 I art     : Explicit concurrent mark sweep GC freed 6836(294KB) AllocSpace objects, 1(68KB) LOS objects, 28% free, 39MB/55MB, paused 1.549ms total 53.877ms
08-06 11:59:50.220  4314  7285 I NAPPA_EXPERIMENTATION: MetricNetworkRequestExecutionTime: REQUEST_DURATION_SYSTEM='931',REQUEST_DURATION_OKHTTP='277',REQUEST_SYNCHRONOUS='TRUE',RESPONSE_CODE='200',RESPONSE_METHOD='GET',RESPONSE_LENGTH_OKHTTP='4470',RESPONSE_LENGTH_HEADER='4470',REQUEST_PROTOCOL='h2',REQUEST_URL='https://a.thumbs.redditmedia.com/ffAKmOqnTuDMNR9MRfCdRtkq_CzN3MVhZxS64ZPYRh4.jpg',
08-06 11:59:50.220  4314  7285 D OK      : request got status: 200
08-06 11:59:50.265  4314  7280 I NAPPA_EXPERIMENTATION: MetricNetworkRequestExecutionTime: REQUEST_DURATION_SYSTEM='990',REQUEST_DURATION_OKHTTP='316',REQUEST_SYNCHRONOUS='TRUE',RESPONSE_CODE='200',RESPONSE_METHOD='GET',RESPONSE_LENGTH_OKHTTP='5641',RESPONSE_LENGTH_HEADER='5641',REQUEST_PROTOCOL='h2',REQUEST_URL='https://a.thumbs.redditmedia.com/P4gSGpXpi2wDXthNZ-LiwEs5Jvplm6dQ7W7Isqa7un4.jpg',
08-06 11:59:50.265  4314  7280 D OK      : request got status: 200
08-06 11:59:50.291  4314  7296 I NAPPA_EXPERIMENTATION: MetricNetworkRequestExecutionTime: REQUEST_DURATION_SYSTEM='978',REQUEST_DURATION_OKHTTP='284',REQUEST_SYNCHRONOUS='TRUE',RESPONSE_CODE='200',RESPONSE_METHOD='GET',RESPONSE_LENGTH_OKHTTP='3060',RESPONSE_LENGTH_HEADER='3060',REQUEST_PROTOCOL='h2',REQUEST_URL='https://v.redd.it/rrygsb8i4ld51/DASHPlaylist.mpd',
08-06 11:59:50.291  4314  7296 D OK      : request got status: 200
08-06 11:59:50.312  4314  7301 I NAPPA_EXPERIMENTATION: MetricNetworkRequestExecutionTime: REQUEST_DURATION_SYSTEM='984',REQUEST_DURATION_OKHTTP='267',REQUEST_SYNCHRONOUS='TRUE',RESPONSE_CODE='200',RESPONSE_METHOD='GET',RESPONSE_LENGTH_OKHTTP='2427',RESPONSE_LENGTH_HEADER='2427',REQUEST_PROTOCOL='h2',REQUEST_URL='https://v.redd.it/psrknoobrgd51/DASHPlaylist.mpd',
08-06 11:59:50.312  4314  7301 D OK      : request got status: 200
08-06 11:59:50.313  4314  7299 I NAPPA_EXPERIMENTATION: MetricNetworkRequestExecutionTime: REQUEST_DURATION_SYSTEM='992',REQUEST_DURATION_OKHTTP='287',REQUEST_SYNCHRONOUS='TRUE',RESPONSE_CODE='200',RESPONSE_METHOD='GET',RESPONSE_LENGTH_OKHTTP='-1',RESPONSE_LENGTH_HEADER='377',REQUEST_PROTOCOL='h2',REQUEST_URL='https://api.imgur.com/3/image/nLQR2hT',
08-06 11:59:50.313  4314  7299 D OK      : request got status: 200
08-06 11:59:50.325  4314  7296 I RedditVideosAPI: For 'https://v.redd.it/rrygsb8i4ld51/DASHPlaylist.mpd', got video stream 'https://v.redd.it/rrygsb8i4ld51/DASH_480' and audio stream 'https://v.redd.it/rrygsb8i4ld51/audio'
08-06 11:59:50.371  4314  7278 I NAPPA_EXPERIMENTATION: MetricNetworkRequestExecutionTime: REQUEST_DURATION_SYSTEM='1101',REQUEST_DURATION_OKHTTP='314',REQUEST_SYNCHRONOUS='TRUE',RESPONSE_CODE='200',RESPONSE_METHOD='GET',RESPONSE_LENGTH_OKHTTP='7540',RESPONSE_LENGTH_HEADER='7540',REQUEST_PROTOCOL='h2',REQUEST_URL='https://a.thumbs.redditmedia.com/Tfsm0ol-ltlxNSBAkZ_4G4302d0hYeOSODkvXidBBR8.jpg',
08-06 11:59:50.371  4314  7278 D OK      : request got status: 200
08-06 11:59:50.388  4314  7301 I RedditVideosAPI: For 'https://v.redd.it/psrknoobrgd51/DASHPlaylist.mpd', got video stream 'https://v.redd.it/psrknoobrgd51/DASH_480' and audio stream 'null'
08-06 11:59:50.406  4314  7298 I NAPPA_EXPERIMENTATION: MetricNetworkRequestExecutionTime: REQUEST_DURATION_SYSTEM='1089',REQUEST_DURATION_OKHTTP='333',REQUEST_SYNCHRONOUS='TRUE',RESPONSE_CODE='200',RESPONSE_METHOD='GET',RESPONSE_LENGTH_OKHTTP='2700',RESPONSE_LENGTH_HEADER='2700',REQUEST_PROTOCOL='h2',REQUEST_URL='https://v.redd.it/75en73fm5id51/DASHPlaylist.mpd',
08-06 11:59:50.407  4314  7298 D OK      : request got status: 200
08-06 11:59:50.429  4314  7294 I NAPPA_EXPERIMENTATION: MetricNetworkRequestExecutionTime: REQUEST_DURATION_SYSTEM='1121',REQUEST_DURATION_OKHTTP='355',REQUEST_SYNCHRONOUS='TRUE',RESPONSE_CODE='200',RESPONSE_METHOD='GET',RESPONSE_LENGTH_OKHTTP='2696',RESPONSE_LENGTH_HEADER='2696',REQUEST_PROTOCOL='h2',REQUEST_URL='https://v.redd.it/syww111dtjd51/DASHPlaylist.mpd',
08-06 11:59:50.429  4314  7294 D OK      : request got status: 200
08-06 11:59:50.430  4314  7304 I NAPPA_EXPERIMENTATION: MetricNetworkRequestExecutionTime: REQUEST_DURATION_SYSTEM='1093',REQUEST_DURATION_OKHTTP='350',REQUEST_SYNCHRONOUS='TRUE',RESPONSE_CODE='200',RESPONSE_METHOD='GET',RESPONSE_LENGTH_OKHTTP='2071',RESPONSE_LENGTH_HEADER='2071',REQUEST_PROTOCOL='h2',REQUEST_URL='https://v.redd.it/xd6c4yyutgd51/DASHPlaylist.mpd',
08-06 11:59:50.431  4314  7304 D OK      : request got status: 200
08-06 11:59:50.449  4314  7298 I RedditVideosAPI: For 'https://v.redd.it/75en73fm5id51/DASHPlaylist.mpd', got video stream 'https://v.redd.it/75en73fm5id51/DASH_480' and audio stream 'https://v.redd.it/75en73fm5id51/audio'
08-06 11:59:50.465  4314  7294 I RedditVideosAPI: For 'https://v.redd.it/syww111dtjd51/DASHPlaylist.mpd', got video stream 'https://v.redd.it/syww111dtjd51/DASH_480' and audio stream 'https://v.redd.it/syww111dtjd51/audio'
08-06 11:59:50.476  4314  7297 I NAPPA_EXPERIMENTATION: MetricNetworkRequestExecutionTime: REQUEST_DURATION_SYSTEM='1162',REQUEST_DURATION_OKHTTP='400',REQUEST_SYNCHRONOUS='TRUE',RESPONSE_CODE='200',RESPONSE_METHOD='GET',RESPONSE_LENGTH_OKHTTP='2789',RESPONSE_LENGTH_HEADER='2789',REQUEST_PROTOCOL='h2',REQUEST_URL='https://v.redd.it/5x6zzipz8ld51/DASHPlaylist.mpd',
08-06 11:59:50.476  4314  7297 D OK      : request got status: 200
08-06 11:59:50.477  4314  7300 I NAPPA_EXPERIMENTATION: MetricNetworkRequestExecutionTime: REQUEST_DURATION_SYSTEM='1151',REQUEST_DURATION_OKHTTP='397',REQUEST_SYNCHRONOUS='TRUE',RESPONSE_CODE='200',RESPONSE_METHOD='GET',RESPONSE_LENGTH_OKHTTP='1713',RESPONSE_LENGTH_HEADER='1713',REQUEST_PROTOCOL='h2',REQUEST_URL='https://v.redd.it/ggz4fyth6hd51/DASHPlaylist.mpd',
08-06 11:59:50.478  4314  7300 D OK      : request got status: 200
08-06 11:59:50.480  4314  7302 I NAPPA_EXPERIMENTATION: MetricNetworkRequestExecutionTime: REQUEST_DURATION_SYSTEM='1149',REQUEST_DURATION_OKHTTP='304',REQUEST_SYNCHRONOUS='TRUE',RESPONSE_CODE='200',RESPONSE_METHOD='GET',RESPONSE_LENGTH_OKHTTP='2071',RESPONSE_LENGTH_HEADER='2071',REQUEST_PROTOCOL='h2',REQUEST_URL='https://v.redd.it/jk6cwef4wld51/DASHPlaylist.mpd',
08-06 11:59:50.481  4314  7302 D OK      : request got status: 200
08-06 11:59:50.481  4314  7295 I NAPPA_EXPERIMENTATION: MetricNetworkRequestExecutionTime: REQUEST_DURATION_SYSTEM='1171',REQUEST_DURATION_OKHTTP='406',REQUEST_SYNCHRONOUS='TRUE',RESPONSE_CODE='200',RESPONSE_METHOD='GET',RESPONSE_LENGTH_OKHTTP='2071',RESPONSE_LENGTH_HEADER='2071',REQUEST_PROTOCOL='h2',REQUEST_URL='https://v.redd.it/pbqrrfb3tkd51/DASHPlaylist.mpd',
08-06 11:59:50.481  4314  7295 D OK      : request got status: 200
08-06 11:59:50.483  4314  7303 I NAPPA_EXPERIMENTATION: MetricNetworkRequestExecutionTime: REQUEST_DURATION_SYSTEM='1147',REQUEST_DURATION_OKHTTP='299',REQUEST_SYNCHRONOUS='TRUE',RESPONSE_CODE='200',RESPONSE_METHOD='GET',RESPONSE_LENGTH_OKHTTP='3058',RESPONSE_LENGTH_HEADER='3058',REQUEST_PROTOCOL='h2',REQUEST_URL='https://v.redd.it/t81s8zfz9ld51/DASHPlaylist.mpd',
08-06 11:59:50.483  4314  7303 D OK      : request got status: 200
08-06 11:59:50.487  4314  7305 I NAPPA_EXPERIMENTATION: MetricNetworkRequestExecutionTime: REQUEST_DURATION_SYSTEM='1145',REQUEST_DURATION_OKHTTP='332',REQUEST_SYNCHRONOUS='TRUE',RESPONSE_CODE='200',RESPONSE_METHOD='GET',RESPONSE_LENGTH_OKHTTP='2344',RESPONSE_LENGTH_HEADER='2344',REQUEST_PROTOCOL='h2',REQUEST_URL='https://v.redd.it/ue0jdgk9zhd51/DASHPlaylist.mpd',
08-06 11:59:50.487  4314  7305 D OK      : request got status: 200
08-06 11:59:50.491  4314  7304 I RedditVideosAPI: For 'https://v.redd.it/xd6c4yyutgd51/DASHPlaylist.mpd', got video stream 'https://v.redd.it/xd6c4yyutgd51/DASH_480' and audio stream 'null'
08-06 11:59:50.547  4314  4380 I art     : Starting a blocking GC Explicit
08-06 11:59:50.552  4314  7297 I RedditVideosAPI: For 'https://v.redd.it/5x6zzipz8ld51/DASHPlaylist.mpd', got video stream 'https://v.redd.it/5x6zzipz8ld51/DASH_480' and audio stream 'null'
08-06 11:59:50.559  4314  7302 I RedditVideosAPI: For 'https://v.redd.it/jk6cwef4wld51/DASHPlaylist.mpd', got video stream 'https://v.redd.it/jk6cwef4wld51/DASH_480' and audio stream 'null'
08-06 11:59:50.566  4314  7303 I RedditVideosAPI: For 'https://v.redd.it/t81s8zfz9ld51/DASHPlaylist.mpd', got video stream 'https://v.redd.it/t81s8zfz9ld51/DASH_480' and audio stream 'https://v.redd.it/t81s8zfz9ld51/audio'
08-06 11:59:50.577  4314  7295 I RedditVideosAPI: For 'https://v.redd.it/pbqrrfb3tkd51/DASHPlaylist.mpd', got video stream 'https://v.redd.it/pbqrrfb3tkd51/DASH_480' and audio stream 'null'
08-06 11:59:50.584  4314  7300 I RedditVideosAPI: For 'https://v.redd.it/ggz4fyth6hd51/DASHPlaylist.mpd', got video stream 'https://v.redd.it/ggz4fyth6hd51/DASH_360' and audio stream 'null'
08-06 11:59:50.590  4314  7305 I RedditVideosAPI: For 'https://v.redd.it/ue0jdgk9zhd51/DASHPlaylist.mpd', got video stream 'https://v.redd.it/ue0jdgk9zhd51/DASH_360' and audio stream 'https://v.redd.it/ue0jdgk9zhd51/audio'
08-06 11:59:50.601  4314  4380 I art     : Explicit concurrent mark sweep GC freed 8324(1225KB) AllocSpace objects, 50(3MB) LOS objects, 28% free, 40MB/56MB, paused 610us total 53.588ms
08-06 11:59:50.620  4314  4380 I art     : Starting a blocking GC Explicit
08-06 11:59:50.672  4314  4380 I art     : Explicit concurrent mark sweep GC freed 1269(50KB) AllocSpace objects, 6(408KB) LOS objects, 28% free, 39MB/55MB, paused 515us total 51.566ms
08-06 11:59:50.693  4314  4380 I art     : Starting a blocking GC Explicit
08-06 11:59:50.750  4314  4380 I art     : Explicit concurrent mark sweep GC freed 21(672B) AllocSpace objects, 0(0B) LOS objects, 28% free, 39MB/55MB, paused 574us total 56.871ms
08-06 11:59:50.770  4314  4380 I art     : Starting a blocking GC Explicit
08-06 11:59:50.827  4314  4380 I art     : Explicit concurrent mark sweep GC freed 3(96B) AllocSpace objects, 0(0B) LOS objects, 28% free, 39MB/55MB, paused 612us total 56.657ms
08-06 11:59:50.847  4314  4380 I art     : Starting a blocking GC Explicit
08-06 11:59:50.901  4314  4380 I art     : Explicit concurrent mark sweep GC freed 3(96B) AllocSpace objects, 0(0B) LOS objects, 28% free, 39MB/55MB, paused 626us total 53.651ms
08-06 11:59:51.274  4314  6634 I art     : Starting a blocking GC Explicit
08-06 11:59:51.328  4314  6634 I art     : Explicit concurrent mark sweep GC freed 1363(83KB) AllocSpace objects, 1(20KB) LOS objects, 28% free, 39MB/55MB, paused 722us total 53.810ms
08-06 11:59:51.348  4314  6634 I art     : Starting a blocking GC Explicit
08-06 11:59:51.401  4314  6634 I art     : Explicit concurrent mark sweep GC freed 20(704B) AllocSpace objects, 0(0B) LOS objects, 28% free, 39MB/55MB, paused 644us total 52.884ms
08-06 11:59:51.421  4314  6634 I art     : Starting a blocking GC Explicit
08-06 11:59:51.476  4314  6634 I art     : Explicit concurrent mark sweep GC freed 3(96B) AllocSpace objects, 0(0B) LOS objects, 28% free, 39MB/55MB, paused 606us total 54.746ms
08-06 11:59:51.496  4314  6634 I art     : Starting a blocking GC Explicit
08-06 11:59:51.549  4314  6634 I art     : Explicit concurrent mark sweep GC freed 3(96B) AllocSpace objects, 0(0B) LOS objects, 28% free, 39MB/55MB, paused 655us total 53.110ms
08-06 11:59:51.569  4314  6634 I art     : Starting a blocking GC Explicit
08-06 11:59:51.624  4314  6634 I art     : Explicit concurrent mark sweep GC freed 3(96B) AllocSpace objects, 0(0B) LOS objects, 28% free, 39MB/55MB, paused 570us total 54.898ms
08-06 11:59:51.768  7358  7358 D AndroidRuntime: >>>>>> START com.android.internal.os.RuntimeInit uid 2000 <<<<<<
08-06 11:59:51.776  7358  7358 D AndroidRuntime: CheckJNI is OFF
08-06 11:59:51.821  7358  7358 D ICU     : No timezone override file found: /data/misc/zoneinfo/current/icu/icu_tzdata.dat
08-06 11:59:51.864  7358  7358 I Radio-JNI: register_android_hardware_Radio DONE
08-06 11:59:51.893  7358  7358 D AndroidRuntime: Calling main entry com.android.commands.input.Input
08-06 11:59:51.895  7358  7358 I Input   : injectMotionEvent: MotionEvent { action=ACTION_DOWN, actionButton=0, id[0]=0, x[0]=1340.0, y[0]=1100.0, toolType[0]=TOOL_TYPE_UNKNOWN, buttonState=0, metaState=0, flags=0x0, edgeFlags=0x0, pointerCount=1, historySize=0, eventTime=878408308, downTime=878408308, deviceId=0, source=0x1002 }
08-06 11:59:51.900  7358  7358 I Input   : injectMotionEvent: MotionEvent { action=ACTION_UP, actionButton=0, id[0]=0, x[0]=1340.0, y[0]=1100.0, toolType[0]=TOOL_TYPE_UNKNOWN, buttonState=0, metaState=0, flags=0x0, edgeFlags=0x0, pointerCount=1, historySize=0, eventTime=878408308, downTime=878408308, deviceId=0, source=0x1002 }
08-06 11:59:51.905  7358  7358 D AndroidRuntime: Shutting down VM
08-06 11:59:51.921   918  3961 I ActivityManager: START u0 {dat=https://oauth.reddit.com/... cmp=baseline.org.quantumbadger.redreader/.activities.CommentListingActivity} from uid 10705 on display 0
08-06 11:59:51.922   512  2967 D audio_hw_primary: out_set_parameters: enter: usecase(1: low-latency-playback) kvpairs: routing=2
08-06 11:59:51.935   512  2967 D audio_hw_primary: select_devices: out_snd_device(2: speaker) in_snd_device(0: none)
08-06 11:59:51.935   512  2967 D msm8974_platform: platform_send_audio_calibration: sending audio calibration for snd_device(2) acdb_id(15)
08-06 11:59:51.935   512  2967 I soundtrigger: audio_extn_sound_trigger_update_device_status: device 0x2 of type 0 for Event 1
08-06 11:59:51.945   512  2967 D audio_hw_primary: enable_snd_device: snd_device(2: speaker)
08-06 11:59:51.947   512  2967 D audio_hw_primary: enable_audio_route: apply and update mixer path: low-latency-playback speaker
08-06 11:59:51.947  4314  4314 I AppCompatViewInflater: app:theme is now deprecated. Please move to using android:theme instead.
08-06 11:59:51.968  4314  7383 D OK      : calling: https://oauth.reddit.com/comments/hzejrd/.json?sort=confidence
08-06 11:59:51.999  4314  6634 I art     : Starting a blocking GC Explicit
08-06 11:59:52.049  4314  6634 I art     : Explicit concurrent mark sweep GC freed 4045(217KB) AllocSpace objects, 1(20KB) LOS objects, 28% free, 40MB/56MB, paused 1.010ms total 49.670ms
08-06 11:59:52.058 13866 13866 I GoogleInputMethodServic: GoogleInputMethodService.onFinishInput():3138 
08-06 11:59:52.059 13866 13866 I GoogleInputMethodServic: GoogleInputMethodService.onStartInput():1808 
08-06 11:59:52.059   918   936 I ActivityManager: Displayed baseline.org.quantumbadger.redreader/.activities.CommentListingActivity: +127ms
08-06 11:59:52.068  4314  6634 I art     : Starting a blocking GC Explicit
08-06 11:59:52.119  4314  6634 I art     : Explicit concurrent mark sweep GC freed 9006(892KB) AllocSpace objects, 17(2MB) LOS objects, 30% free, 37MB/53MB, paused 746us total 50.595ms
08-06 11:59:52.137  4314  6634 I art     : Starting a blocking GC Explicit
08-06 11:59:52.181  4314  6634 I art     : Explicit concurrent mark sweep GC freed 238(9KB) AllocSpace objects, 0(0B) LOS objects, 30% free, 37MB/53MB, paused 667us total 43.855ms
08-06 11:59:52.200  4314  6634 I art     : Starting a blocking GC Explicit
08-06 11:59:52.254  4314  6634 I art     : Explicit concurrent mark sweep GC freed 24(1040B) AllocSpace objects, 0(0B) LOS objects, 30% free, 37MB/53MB, paused 702us total 53.342ms
08-06 11:59:52.274  4314  6634 I art     : Starting a blocking GC Explicit
08-06 11:59:52.281  4314  7383 I NAPPA_EXPERIMENTATION: MetricNetworkRequestExecutionTime: REQUEST_DURATION_SYSTEM='312',REQUEST_DURATION_OKHTTP='156',REQUEST_SYNCHRONOUS='TRUE',RESPONSE_CODE='200',RESPONSE_METHOD='GET',RESPONSE_LENGTH_OKHTTP='-1',RESPONSE_LENGTH_HEADER='45890',REQUEST_PROTOCOL='h2',REQUEST_URL='https://oauth.reddit.com/comments/hzejrd/.json?sort=confidence',
08-06 11:59:52.281  4314  7383 D OK      : request got status: 200
08-06 11:59:52.293  4314  7267 I CommentListingActivity: COMMENTS session changed to a80e5a1d-dbc7-467b-9e74-027fc9fdd383
08-06 11:59:52.300   380   380 W SurfaceFlinger: couldn't log to binary event log: overflow.
08-06 11:59:52.331  4314  6634 I art     : Explicit concurrent mark sweep GC freed 2456(159KB) AllocSpace objects, 0(0B) LOS objects, 29% free, 37MB/53MB, paused 1.489ms total 56.568ms
08-06 11:59:52.489   512  2967 D audio_hw_primary: disable_audio_route: reset and update mixer path: low-latency-playback speaker
08-06 11:59:52.491   512  2967 D audio_hw_primary: disable_snd_device: snd_device(2: speaker)
08-06 11:59:52.500   512  2967 I soundtrigger: audio_extn_sound_trigger_update_device_status: device 0x2 of type 0 for Event 0
08-06 11:59:52.672  4314  4326 I art     : Starting a blocking GC Explicit
08-06 11:59:52.734  4314  4326 I art     : Explicit concurrent mark sweep GC freed 40154(2MB) AllocSpace objects, 3(156KB) LOS objects, 29% free, 39MB/55MB, paused 494us total 61.819ms
08-06 11:59:52.753  4314  4326 I art     : Starting a blocking GC Explicit
08-06 11:59:52.806  4314  4326 I art     : Explicit concurrent mark sweep GC freed 158(6KB) AllocSpace objects, 0(0B) LOS objects, 29% free, 39MB/55MB, paused 488us total 52.048ms
08-06 11:59:52.825  4314  4326 I art     : Starting a blocking GC Explicit
08-06 11:59:52.879  4314  4326 I art     : Explicit concurrent mark sweep GC freed 3(96B) AllocSpace objects, 0(0B) LOS objects, 29% free, 39MB/55MB, paused 523us total 53.852ms
08-06 11:59:52.899  4314  4326 I art     : Starting a blocking GC Explicit
08-06 11:59:52.958  4314  4326 I art     : Explicit concurrent mark sweep GC freed 868(42KB) AllocSpace objects, 0(0B) LOS objects, 29% free, 39MB/55MB, paused 578us total 57.984ms
08-06 11:59:52.979  4314  4326 I art     : Starting a blocking GC Explicit
08-06 11:59:53.036  4314  4326 I art     : Explicit concurrent mark sweep GC freed 3(96B) AllocSpace objects, 0(0B) LOS objects, 29% free, 39MB/55MB, paused 474us total 57.304ms
08-06 11:59:53.370  4314  4380 I art     : Starting a blocking GC Explicit
08-06 11:59:53.445  4314  4380 I art     : Explicit concurrent mark sweep GC freed 1360(83KB) AllocSpace objects, 1(20KB) LOS objects, 29% free, 39MB/55MB, paused 599us total 75.186ms
08-06 11:59:53.469  4314  4380 I art     : Starting a blocking GC Explicit
08-06 11:59:53.533  4314  4380 I art     : Explicit concurrent mark sweep GC freed 135(5KB) AllocSpace objects, 0(0B) LOS objects, 29% free, 39MB/55MB, paused 547us total 63.425ms
08-06 11:59:53.533  4314  4325 I art     : WaitForGcToComplete blocked for 26.853ms for cause HeapTrim
08-06 11:59:53.554  4314  4380 I art     : Starting a blocking GC Explicit
08-06 11:59:53.619  4314  4380 I art     : Explicit concurrent mark sweep GC freed 3(96B) AllocSpace objects, 0(0B) LOS objects, 29% free, 39MB/55MB, paused 596us total 65.104ms
08-06 11:59:53.640  4314  4380 I art     : Starting a blocking GC Explicit
08-06 11:59:53.715  4314  4380 I art     : Explicit concurrent mark sweep GC freed 3(96B) AllocSpace objects, 0(0B) LOS objects, 29% free, 39MB/55MB, paused 574us total 73.813ms
08-06 11:59:53.737  4314  4380 I art     : Starting a blocking GC Explicit
08-06 11:59:53.809  4314  4380 I art     : Explicit concurrent mark sweep GC freed 3(96B) AllocSpace objects, 0(0B) LOS objects, 29% free, 39MB/55MB, paused 679us total 71.326ms
08-06 11:59:54.198  4314  4326 I art     : Starting a blocking GC Explicit
08-06 11:59:54.280  4314  4326 I art     : Explicit concurrent mark sweep GC freed 1358(82KB) AllocSpace objects, 1(20KB) LOS objects, 29% free, 39MB/55MB, paused 674us total 81.763ms
08-06 11:59:54.303  4314  4326 I art     : Starting a blocking GC Explicit
08-06 11:59:54.372  4314  4326 I art     : Explicit concurrent mark sweep GC freed 20(704B) AllocSpace objects, 0(0B) LOS objects, 29% free, 39MB/55MB, paused 591us total 68.242ms
08-06 11:59:54.393  4314  4326 I art     : Starting a blocking GC Explicit
08-06 11:59:54.469  4314  4326 I art     : Explicit concurrent mark sweep GC freed 3(96B) AllocSpace objects, 0(0B) LOS objects, 29% free, 39MB/55MB, paused 603us total 75.465ms
08-06 11:59:54.492  4314  4326 I art     : Starting a blocking GC Explicit
08-06 11:59:54.510 12162 12181 I Finsky  : [6223] ktr.run(-1): Stats for Executor: BlockingExecutor kvs@e92de3c[Running, pool size = 0, active threads = 0, queued tasks = 0, completed tasks = 73]
08-06 11:59:54.511 12162 12181 I Finsky  : [6223] ktr.run(-1): Stats for Executor: LightweightExecutor kvs@2a717c5[Running, pool size = 4, active threads = 0, queued tasks = 0, completed tasks = 79]
08-06 11:59:54.563  4314  4326 I art     : Explicit concurrent mark sweep GC freed 3(96B) AllocSpace objects, 0(0B) LOS objects, 29% free, 39MB/55MB, paused 568us total 70.359ms
08-06 11:59:54.584  4314  4326 I art     : Starting a blocking GC Explicit
08-06 11:59:54.652  4314  4326 I art     : Explicit concurrent mark sweep GC freed 3(96B) AllocSpace objects, 0(0B) LOS objects, 29% free, 39MB/55MB, paused 620us total 66.865ms
08-06 11:59:55.031  4314  4327 I art     : Starting a blocking GC Explicit
08-06 11:59:55.037 12162 12181 I Finsky  : [6223] ktr.run(-1): Stats for Executor: bgExecutor kvs@1c1551a[Running, pool size = 4, active threads = 0, queued tasks = 0, completed tasks = 290]
08-06 11:59:55.116  4314  4327 I art     : Explicit concurrent mark sweep GC freed 1356(82KB) AllocSpace objects, 1(20KB) LOS objects, 29% free, 39MB/55MB, paused 631us total 84.180ms
08-06 11:59:55.140  4314  4327 I art     : Starting a blocking GC Explicit
08-06 11:59:55.214  4314  4327 I art     : Explicit concurrent mark sweep GC freed 20(704B) AllocSpace objects, 0(0B) LOS objects, 29% free, 39MB/55MB, paused 550us total 73.372ms
08-06 11:59:55.237  4314  4327 I art     : Starting a blocking GC Explicit
08-06 11:59:55.307  4314  4327 I art     : Explicit concurrent mark sweep GC freed 3(96B) AllocSpace objects, 0(0B) LOS objects, 29% free, 39MB/55MB, paused 683us total 70.143ms
08-06 11:59:55.329  4314  4327 I art     : Starting a blocking GC Explicit
08-06 11:59:55.403  4314  4327 I art     : Explicit concurrent mark sweep GC freed 3(96B) AllocSpace objects, 0(0B) LOS objects, 29% free, 39MB/55MB, paused 582us total 74.200ms
08-06 11:59:55.428  4314  4327 I art     : Starting a blocking GC Explicit
08-06 11:59:55.496  4314  4327 I art     : Explicit concurrent mark sweep GC freed 3(96B) AllocSpace objects, 0(0B) LOS objects, 29% free, 39MB/55MB, paused 593us total 67.769ms
08-06 11:59:55.863  4314  4622 I art     : Starting a blocking GC Explicit
08-06 11:59:55.939  4314  4622 I art     : Explicit concurrent mark sweep GC freed 1356(82KB) AllocSpace objects, 1(20KB) LOS objects, 29% free, 39MB/55MB, paused 661us total 75.937ms
08-06 11:59:55.964  4314  4622 I art     : Starting a blocking GC Explicit
08-06 11:59:56.028  4314  4622 I art     : Explicit concurrent mark sweep GC freed 20(704B) AllocSpace objects, 0(0B) LOS objects, 29% free, 39MB/55MB, paused 615us total 64.074ms
08-06 11:59:56.050  4314  4622 I art     : Starting a blocking GC Explicit
08-06 11:59:56.118  4314  4622 I art     : Explicit concurrent mark sweep GC freed 3(96B) AllocSpace objects, 0(0B) LOS objects, 29% free, 39MB/55MB, paused 665us total 67.694ms
08-06 11:59:56.139  4314  4622 I art     : Starting a blocking GC Explicit
08-06 11:59:56.208  4314  4622 I art     : Explicit concurrent mark sweep GC freed 3(96B) AllocSpace objects, 0(0B) LOS objects, 29% free, 39MB/55MB, paused 531us total 68.707ms
08-06 11:59:56.229  4314  4622 I art     : Starting a blocking GC Explicit
08-06 11:59:56.299  4314  4622 I art     : Explicit concurrent mark sweep GC freed 3(96B) AllocSpace objects, 0(0B) LOS objects, 29% free, 39MB/55MB, paused 576us total 70.155ms
08-06 11:59:56.662  4314  6634 I art     : Starting a blocking GC Explicit
08-06 11:59:56.746  4314  6634 I art     : Explicit concurrent mark sweep GC freed 1357(83KB) AllocSpace objects, 1(20KB) LOS objects, 29% free, 39MB/55MB, paused 651us total 83.455ms
08-06 11:59:56.769  4314  6634 I art     : Starting a blocking GC Explicit
08-06 11:59:56.839  4314  6634 I art     : Explicit concurrent mark sweep GC freed 20(704B) AllocSpace objects, 0(0B) LOS objects, 29% free, 39MB/55MB, paused 620us total 69.938ms
08-06 11:59:56.864  4314  6634 I art     : Starting a blocking GC Explicit
08-06 11:59:56.932  4314  7382 I RedditChangeDataIO: Writing tmp data file at '/data/user/0/baseline.org.quantumbadger.redreader/files/rr_change_data_tmp.dat'
08-06 11:59:56.936  4314  7382 I RedditChangeDataManager: Taking snapshot...
08-06 11:59:56.936  4314  7382 I RedditChangeDataManager: Writing to stream...
08-06 11:59:56.937  4314  6634 I art     : Explicit concurrent mark sweep GC freed 15(1488B) AllocSpace objects, 0(0B) LOS objects, 28% free, 39MB/55MB, paused 866us total 72.557ms
08-06 11:59:56.937  4314  7382 I RedditChangeDataManager: Wrote 6 entries for user ''
08-06 11:59:56.937  4314  7382 I RedditChangeDataManager: All entries written to stream.
08-06 11:59:56.938  4314  7382 I RedditChangeDataIO: Write successful. Atomically replacing data file...
08-06 11:59:56.939  4314  7382 I RedditChangeDataIO: Write complete.
08-06 11:59:56.940  4314  7382 I RedditChangeDataIO: 158 bytes written in 7 ms
08-06 11:59:56.960  4314  6634 I art     : Starting a blocking GC Explicit
08-06 11:59:57.029  4314  6634 I art     : Explicit concurrent mark sweep GC freed 77(3KB) AllocSpace objects, 1(68KB) LOS objects, 29% free, 39MB/55MB, paused 601us total 68.806ms
08-06 11:59:57.050  4314  6634 I art     : Starting a blocking GC Explicit
08-06 11:59:57.124  4314  6634 I art     : Explicit concurrent mark sweep GC freed 6(192B) AllocSpace objects, 0(0B) LOS objects, 29% free, 39MB/55MB, paused 594us total 73.312ms
08-06 11:59:57.495  4314  4380 I art     : Starting a blocking GC Explicit
08-06 11:59:57.572  4314  4380 I art     : Explicit concurrent mark sweep GC freed 1389(84KB) AllocSpace objects, 1(20KB) LOS objects, 29% free, 39MB/55MB, paused 520us total 76.400ms
08-06 11:59:57.596  4314  4380 I art     : Starting a blocking GC Explicit
08-06 11:59:57.665  4314  4380 I art     : Explicit concurrent mark sweep GC freed 226(35KB) AllocSpace objects, 0(0B) LOS objects, 29% free, 39MB/55MB, paused 530us total 68.899ms
08-06 11:59:57.687  4314  4380 I art     : Starting a blocking GC Explicit
08-06 11:59:57.752  4314  4380 I art     : Explicit concurrent mark sweep GC freed 68(2272B) AllocSpace objects, 0(0B) LOS objects, 29% free, 39MB/55MB, paused 540us total 65.299ms
08-06 11:59:57.774  4314  4380 I art     : Starting a blocking GC Explicit
08-06 11:59:57.849  4314  4380 I art     : Explicit concurrent mark sweep GC freed 3(96B) AllocSpace objects, 0(0B) LOS objects, 29% free, 39MB/55MB, paused 553us total 74.766ms
08-06 11:59:57.874  4314  4380 I art     : Starting a blocking GC Explicit
08-06 11:59:57.946  4314  4380 I art     : Explicit concurrent mark sweep GC freed 3(96B) AllocSpace objects, 0(0B) LOS objects, 29% free, 39MB/55MB, paused 569us total 71.299ms
08-06 11:59:58.299  4314  4326 I art     : Starting a blocking GC Explicit
08-06 11:59:58.367  4314  4326 I art     : Explicit concurrent mark sweep GC freed 1358(82KB) AllocSpace objects, 1(20KB) LOS objects, 29% free, 39MB/55MB, paused 541us total 67.707ms
08-06 11:59:58.388  4314  4326 I art     : Starting a blocking GC Explicit
08-06 11:59:58.453  4314  4326 I art     : Explicit concurrent mark sweep GC freed 20(704B) AllocSpace objects, 0(0B) LOS objects, 29% free, 39MB/55MB, paused 496us total 64.624ms
08-06 11:59:58.474  4314  4326 I art     : Starting a blocking GC Explicit
08-06 11:59:58.535  4314  4326 I art     : Explicit concurrent mark sweep GC freed 3(96B) AllocSpace objects, 0(0B) LOS objects, 29% free, 39MB/55MB, paused 531us total 60.700ms
08-06 11:59:58.557  4314  4326 I art     : Starting a blocking GC Explicit
08-06 11:59:58.621  4314  4326 I art     : Explicit concurrent mark sweep GC freed 3(96B) AllocSpace objects, 0(0B) LOS objects, 29% free, 39MB/55MB, paused 512us total 64.203ms
08-06 11:59:58.642  4314  4326 I art     : Starting a blocking GC Explicit
08-06 11:59:58.708  4314  4326 I art     : Explicit concurrent mark sweep GC freed 3(96B) AllocSpace objects, 0(0B) LOS objects, 29% free, 39MB/55MB, paused 525us total 65.715ms
08-06 11:59:58.733  7459  7459 D AndroidRuntime: >>>>>> START com.android.internal.os.RuntimeInit uid 2000 <<<<<<
08-06 11:59:58.740  7459  7459 D AndroidRuntime: CheckJNI is OFF
08-06 11:59:58.785  7459  7459 D ICU     : No timezone override file found: /data/misc/zoneinfo/current/icu/icu_tzdata.dat
08-06 11:59:58.831  7459  7459 I Radio-JNI: register_android_hardware_Radio DONE
08-06 11:59:58.862  7459  7459 D AndroidRuntime: Calling main entry com.android.commands.input.Input
08-06 11:59:58.864  7459  7459 I Input   : injectKeyEvent: KeyEvent { action=ACTION_DOWN, keyCode=KEYCODE_BACK, scanCode=0, metaState=0, flags=0x0, repeatCount=0, eventTime=878415277, downTime=878415277, deviceId=-1, source=0x101 }
08-06 11:59:58.871  7459  7459 I Input   : injectKeyEvent: KeyEvent { action=ACTION_UP, keyCode=KEYCODE_BACK, scanCode=0, metaState=0, flags=0x0, repeatCount=0, eventTime=878415277, downTime=878415277, deviceId=-1, source=0x101 }
08-06 11:59:58.877  7459  7459 D AndroidRuntime: Shutting down VM
08-06 11:59:58.917 13866 13866 I GoogleInputMethodServic: GoogleInputMethodService.onFinishInput():3138 
08-06 11:59:58.918 13866 13866 I GoogleInputMethodServic: GoogleInputMethodService.onStartInput():1808 
08-06 11:59:59.039  4314  4326 I art     : Starting a blocking GC Explicit
08-06 11:59:59.118  4314  4326 I art     : Explicit concurrent mark sweep GC freed 1622(91KB) AllocSpace objects, 1(20KB) LOS objects, 29% free, 39MB/55MB, paused 617us total 78.486ms
08-06 11:59:59.141  4314  4326 I art     : Starting a blocking GC Explicit
08-06 11:59:59.216  4314  4326 I art     : Explicit concurrent mark sweep GC freed 24(864B) AllocSpace objects, 0(0B) LOS objects, 29% free, 39MB/55MB, paused 583us total 73.901ms
08-06 11:59:59.239  4314  4326 I art     : Starting a blocking GC Explicit
08-06 11:59:59.256   380   380 W SurfaceFlinger: couldn't log to binary event log: overflow.
08-06 11:59:59.298  4314  4326 I art     : Explicit concurrent mark sweep GC freed 61(2240B) AllocSpace objects, 0(0B) LOS objects, 29% free, 39MB/55MB, paused 501us total 59.216ms
08-06 11:59:59.317  4314  4326 I art     : Starting a blocking GC Explicit
08-06 11:59:59.375  4314  4326 I art     : Explicit concurrent mark sweep GC freed 11(448B) AllocSpace objects, 0(0B) LOS objects, 29% free, 39MB/55MB, paused 519us total 57.471ms
08-06 11:59:59.396  4314  4326 I art     : Starting a blocking GC Explicit
08-06 11:59:59.445  4314  4326 I art     : Explicit concurrent mark sweep GC freed 41322(2MB) AllocSpace objects, 5(140KB) LOS objects, 30% free, 36MB/52MB, paused 501us total 48.962ms
08-06 11:59:59.777  4314  4327 I art     : Starting a blocking GC Explicit
08-06 11:59:59.843  4314  4327 I art     : Explicit concurrent mark sweep GC freed 1356(82KB) AllocSpace objects, 1(20KB) LOS objects, 30% free, 36MB/52MB, paused 505us total 66.392ms
08-06 11:59:59.865  4314  4327 I art     : Starting a blocking GC Explicit
08-06 11:59:59.912  4314  4327 I art     : Explicit concurrent mark sweep GC freed 24(864B) AllocSpace objects, 0(0B) LOS objects, 30% free, 36MB/52MB, paused 509us total 46.683ms
08-06 11:59:59.931  4314  4327 I art     : Starting a blocking GC Explicit
08-06 11:59:59.979  4314  4327 I art     : Explicit concurrent mark sweep GC freed 3(96B) AllocSpace objects, 0(0B) LOS objects, 30% free, 36MB/52MB, paused 520us total 47.598ms
08-06 11:59:59.999  4314  4327 I art     : Starting a blocking GC Explicit
08-06 12:00:00.002   918   918 D AlarmManagerService: Kernel timezone updated to -120 minutes west of GMT
08-06 12:00:00.019   918   918 I ActivityManager: Start proc 7502:com.qualcomm.timeservice/1000 for broadcast com.qualcomm.timeservice/.TimeServiceBroadcastReceiver
08-06 12:00:00.043  4314  4327 I art     : Explicit concurrent mark sweep GC freed 3(96B) AllocSpace objects, 0(0B) LOS objects, 30% free, 36MB/52MB, paused 440us total 43.818ms
08-06 12:00:00.061  4314  4327 I art     : Starting a blocking GC Explicit
08-06 12:00:00.075  7502  7502 W System  : ClassLoader referenced unknown path: /system/app/TimeService/lib/arm64
08-06 12:00:00.103  4314  4327 I art     : Explicit concurrent mark sweep GC freed 3(96B) AllocSpace objects, 0(0B) LOS objects, 30% free, 36MB/52MB, paused 471us total 41.469ms
08-06 12:00:00.108  7502  7502 D TimeService: Receivedandroid.intent.action.DATE_CHANGED intent. Current Time is 1596708000107
08-06 12:00:00.108  7502  7502 D         : TimeServiceNative: User Time to be set is 1596708000108
08-06 12:00:00.108  7502  7502 D QC-time-services: Lib:time_genoff_operation: pargs->base = 2
08-06 12:00:00.108  7502  7502 D QC-time-services: Lib:time_genoff_operation: pargs->operation = 0
08-06 12:00:00.108  7502  7502 D QC-time-services: Lib:time_genoff_operation: pargs->ts_val = 1596708000108
08-06 12:00:00.109  7502  7502 D QC-time-services: Lib:time_genoff_operation: Send to server  passed!!
08-06 12:00:00.116   536   563 D QC-time-services: Daemon: Connection accepted:time_genoff
08-06 12:00:00.116   536  7516 D QC-time-services: Daemon:Received base = 2, unit = 1, operation = 0,value = 1596708000108
08-06 12:00:00.116   536  7516 D QC-time-services: Daemon:genoff_opr: Base = 2, val = 1596708000108, operation = 0
08-06 12:00:00.117   536  7516 D QC-time-services: Daemon:rtc_get: Time read from RTC -- MM/DD/YY HH:MM:SS1/3/70 20:18:39
08-06 12:00:00.117   536  7516 D QC-time-services: Daemon:Value read from RTC seconds = 2924319000
08-06 12:00:00.117   536  7516 D QC-time-services: Daemon:new time 1596708000108 
08-06 12:00:00.117   536  7516 D QC-time-services: Daemon: delta 1593783681108 genoff 1593783681108 
08-06 12:00:00.117   536  7516 D QC-time-services: Daemon:genoff_persistent_update: Writing genoff = 1593783681108 to memory
08-06 12:00:00.117   536  7516 D QC-time-services: Daemon:Opening File: /data/time/ats_2
08-06 12:00:00.117   536  7516 D QC-time-services: Daemon:time_persistent_memory_opr:Genoff write operation 
08-06 12:00:00.121   536  7516 D QC-time-services: Updating the TOD offset
08-06 12:00:00.121   536  7516 D QC-time-services: Daemon:genoff_persistent_update: Writing genoff = 1593783681108 to memory
08-06 12:00:00.121   536  7516 D QC-time-services: Daemon:Opening File: /data/time/ats_1
08-06 12:00:00.121   536  7516 D QC-time-services: Daemon:time_persistent_memory_opr:Genoff write operation 
08-06 12:00:00.124   536  7516 E QC-time-services: Daemon:Update to modem bit set
08-06 12:00:00.124   536  7516 D QC-time-services: Daemon:genoff_send_modem: Sending data to MODEM !
08-06 12:00:00.124   536  7516 D QC-time-services: Daemon: Base = 2, Value being sent to MODEM = 1277818881108
08-06 12:00:00.124  7502  7502 E QC-time-services: Receive Passed == base = 2, unit = 1, operation = 0, result = 0
08-06 12:00:00.126   918  3961 I ActivityManager: Killing 26319:com.google.android.youtube/u0a75 (adj 15): empty #17
08-06 12:00:00.130   536   563 E QC-time-services: Daemon: Time-services: Waiting to acceptconnection
08-06 12:00:00.188   918  4413 D ConnectivityService: ConnectivityService NetworkRequestInfo binderDied(NetworkRequest [ id=3923, legacyType=-1, [ Capabilities: INTERNET&NOT_RESTRICTED&TRUSTED] ], android.os.BinderProxy@e9a032d)
08-06 12:00:00.189   918  3263 D ConnectivityService: releasing NetworkRequest NetworkRequest [ id=3923, legacyType=-1, [ Capabilities: INTERNET&NOT_RESTRICTED&TRUSTED] ]
08-06 12:00:00.190   918  3263 E ConnectivityService: RemoteException caught trying to send a callback msg for NetworkRequest [ id=3923, legacyType=-1, [ Capabilities: INTERNET&NOT_RESTRICTED&TRUSTED] ]
08-06 12:00:00.212   918  3359 I ActivityManager: Start proc 7517:com.google.android.calendar/u0a36 for broadcast com.google.android.calendar/com.android.calendar.widget.CalendarAppWidgetProvider
08-06 12:00:00.339  7517  7517 W System  : ClassLoader referenced unknown path: /data/app/com.google.android.calendar-2/lib/arm64
08-06 12:00:00.419  4314  6634 I art     : Starting a blocking GC Explicit
08-06 12:00:00.462  4314  6634 I art     : Explicit concurrent mark sweep GC freed 1364(83KB) AllocSpace objects, 1(20KB) LOS objects, 30% free, 36MB/52MB, paused 449us total 43.559ms
08-06 12:00:00.481  4314  6634 I art     : Starting a blocking GC Explicit
08-06 12:00:00.522  4314  6634 I art     : Explicit concurrent mark sweep GC freed 20(704B) AllocSpace objects, 0(0B) LOS objects, 30% free, 36MB/52MB, paused 459us total 40.470ms
08-06 12:00:00.540  4314  6634 I art     : Starting a blocking GC Explicit
08-06 12:00:00.581  4314  6634 I art     : Explicit concurrent mark sweep GC freed 3(96B) AllocSpace objects, 0(0B) LOS objects, 30% free, 36MB/52MB, paused 476us total 41.031ms
08-06 12:00:00.599  4314  6634 I art     : Starting a blocking GC Explicit
08-06 12:00:00.628  7514  7514 D AndroidRuntime: >>>>>> START com.android.internal.os.RuntimeInit uid 2000 <<<<<<
08-06 12:00:00.634  7514  7514 D AndroidRuntime: CheckJNI is OFF
08-06 12:00:00.639  4314  6634 I art     : Explicit concurrent mark sweep GC freed 3(96B) AllocSpace objects, 0(0B) LOS objects, 30% free, 36MB/52MB, paused 470us total 39.977ms
08-06 12:00:00.657  4314  6634 I art     : Starting a blocking GC Explicit
08-06 12:00:00.674  7514  7514 D ICU     : No timezone override file found: /data/misc/zoneinfo/current/icu/icu_tzdata.dat
08-06 12:00:00.697  4314  6634 I art     : Explicit concurrent mark sweep GC freed 3(96B) AllocSpace objects, 0(0B) LOS objects, 30% free, 36MB/52MB, paused 465us total 39.893ms
08-06 12:00:00.715  7514  7514 I Radio-JNI: register_android_hardware_Radio DONE
08-06 12:00:00.743  7514  7514 D AndroidRuntime: Calling main entry com.android.commands.input.Input
08-06 12:00:00.745  7514  7514 I Input   : injectMotionEvent: MotionEvent { action=ACTION_DOWN, actionButton=0, id[0]=0, x[0]=600.0, y[0]=938.0, toolType[0]=TOOL_TYPE_UNKNOWN, buttonState=0, metaState=0, flags=0x0, edgeFlags=0x0, pointerCount=1, historySize=0, eventTime=878417157, downTime=878417157, deviceId=0, source=0x1002 }
08-06 12:00:00.749  7514  7514 I Input   : injectMotionEvent: MotionEvent { action=ACTION_UP, actionButton=0, id[0]=0, x[0]=600.0, y[0]=938.0, toolType[0]=TOOL_TYPE_UNKNOWN, buttonState=0, metaState=0, flags=0x0, edgeFlags=0x0, pointerCount=1, historySize=0, eventTime=878417157, downTime=878417157, deviceId=0, source=0x1002 }
08-06 12:00:00.751  7514  7514 D AndroidRuntime: Shutting down VM
08-06 12:00:00.762   918  5481 I ActivityManager: START u0 {dat=https://gfycat.com/... cmp=baseline.org.quantumbadger.redreader/.activities.ImageViewActivity (has extras)} from uid 10705 on display 0
08-06 12:00:00.763   512  2967 D audio_hw_primary: out_set_parameters: enter: usecase(1: low-latency-playback) kvpairs: routing=2
08-06 12:00:00.776   512  2967 D audio_hw_primary: select_devices: out_snd_device(2: speaker) in_snd_device(0: none)
08-06 12:00:00.776   512  2967 D msm8974_platform: platform_send_audio_calibration: sending audio calibration for snd_device(2) acdb_id(15)
08-06 12:00:00.777   512  2967 I soundtrigger: audio_extn_sound_trigger_update_device_status: device 0x2 of type 0 for Event 1
08-06 12:00:00.783  4314  4314 I ImageViewActivity: Loading URL https://gfycat.com/deadlygravecavy
08-06 12:00:00.788   512  2967 D audio_hw_primary: enable_snd_device: snd_device(2: speaker)
08-06 12:00:00.791   512  2967 D audio_hw_primary: enable_audio_route: apply and update mixer path: low-latency-playback speaker
08-06 12:00:00.798  4314  7267 I ImageViewActivity: Got image URL: https://giant.gfycat.com/DeadlyGraveCavy.mp4
08-06 12:00:00.798  4314  7267 I ImageViewActivity: Got image Type: video/mp4
08-06 12:00:00.798  4314  7267 I ImageViewActivity: Got media Type: VIDEO
08-06 12:00:00.798  4314  7267 I ImageViewActivity: Media type VIDEO detected
08-06 12:00:00.798  4314  7267 I ImageViewActivity: Proceeding with download
08-06 12:00:00.802  4314  7553 D OK      : calling: https://giant.gfycat.com/DeadlyGraveCavy.mp4
08-06 12:00:00.848 13866 13866 I GoogleInputMethodServic: GoogleInputMethodService.onFinishInput():3138 
08-06 12:00:00.848 13866 13866 I GoogleInputMethodServic: GoogleInputMethodService.onStartInput():1808 
08-06 12:00:00.877   918   936 I ActivityManager: Displayed baseline.org.quantumbadger.redreader/.activities.ImageViewActivity: +106ms
08-06 12:00:01.009  4314  4326 I art     : Starting a blocking GC Explicit
08-06 12:00:01.069  4314  4326 I art     : Explicit concurrent mark sweep GC freed 5773(347KB) AllocSpace objects, 1(20KB) LOS objects, 30% free, 36MB/52MB, paused 601us total 59.059ms
08-06 12:00:01.090  4314  4326 I art     : Starting a blocking GC Explicit
08-06 12:00:01.096  4314  7553 I NAPPA_EXPERIMENTATION: MetricNetworkRequestExecutionTime: REQUEST_DURATION_SYSTEM='294',REQUEST_DURATION_OKHTTP='150',REQUEST_SYNCHRONOUS='TRUE',RESPONSE_CODE='200',RESPONSE_METHOD='GET',RESPONSE_LENGTH_OKHTTP='1942309',RESPONSE_LENGTH_HEADER='1942309',REQUEST_PROTOCOL='h2',REQUEST_URL='https://giant.gfycat.com/DeadlyGraveCavy.mp4',
08-06 12:00:01.096  4314  7553 D OK      : request got status: 200
08-06 12:00:01.125   380   380 W SurfaceFlinger: couldn't log to binary event log: overflow.
08-06 12:00:01.137  4314  4326 I art     : Explicit concurrent mark sweep GC freed 533(31KB) AllocSpace objects, 0(0B) LOS objects, 30% free, 37MB/53MB, paused 523us total 46.589ms
08-06 12:00:01.156  4314  4326 I art     : Starting a blocking GC Explicit
08-06 12:00:01.158   918  3696 I ActivityManager: Start proc 7574:com.android.providers.calendar/u0a1 for content provider com.android.providers.calendar/.CalendarProvider2
08-06 12:00:01.181   918  3961 I AccountManagerService: getTypesVisibleToCaller: isPermitted? true
08-06 12:00:01.196  4314  4326 I art     : Explicit concurrent mark sweep GC freed 316(18KB) AllocSpace objects, 0(0B) LOS objects, 29% free, 37MB/53MB, paused 585us total 40.003ms
08-06 12:00:01.214  4314  4326 I art     : Starting a blocking GC Explicit
08-06 12:00:01.238  7574  7574 W System  : ClassLoader referenced unknown path: /system/priv-app/CalendarProvider/lib/arm64
08-06 12:00:01.254  4314  4326 I art     : Explicit concurrent mark sweep GC freed 347(19KB) AllocSpace objects, 0(0B) LOS objects, 29% free, 37MB/53MB, paused 569us total 40.086ms
08-06 12:00:01.278  4314  4326 I art     : Starting a blocking GC Explicit
08-06 12:00:01.312  7574  7574 I CalendarProvider2: Created com.android.providers.calendar.CalendarAlarmManager@22b9060(com.android.providers.calendar.CalendarProvider2@cc9e919)
08-06 12:00:01.320  4314  4326 I art     : Explicit concurrent mark sweep GC freed 438(70KB) AllocSpace objects, 0(0B) LOS objects, 29% free, 38MB/54MB, paused 513us total 41.588ms
08-06 12:00:01.331   512  2967 D audio_hw_primary: disable_audio_route: reset and update mixer path: low-latency-playback speaker
08-06 12:00:01.332   512  2967 D audio_hw_primary: disable_snd_device: snd_device(2: speaker)
08-06 12:00:01.339   512  2967 I soundtrigger: audio_extn_sound_trigger_update_device_status: device 0x2 of type 0 for Event 0
08-06 12:00:01.361   918  3714 I AccountManagerService: getTypesVisibleToCaller: isPermitted? true
08-06 12:00:01.456   918  6029 I AccountManagerService: getTypesVisibleToCaller: isPermitted? true
08-06 12:00:01.487   918   929 I AccountManagerService: getTypesVisibleToCaller: isPermitted? true
08-06 12:00:01.512  4314  4314 I ImageViewActivity: Playing video using ExoPlayer
08-06 12:00:01.513   918  5481 I AccountManagerService: getTypesVisibleToCaller: isPermitted? true
08-06 12:00:01.551  4314  4314 I ExoPlayerImpl: Init 43f61bc [ExoPlayerLib/2.10.8] [angler, Nexus 6P, Huawei, 23]
08-06 12:00:01.637  7517  7614 I c.wtp   : Obtained writable database SQLiteDatabase/118466418 instance with path /data/user/0/com.google.android.calendar/databases/cal_v2a
08-06 12:00:01.638  4314  4380 I art     : Starting a blocking GC Explicit
08-06 12:00:01.669  7517  7610 I c.wrv   : The schema version is 15, the database version is 15, and there are 0 migrations
08-06 12:00:01.671  4314  7613 W VideoCapabilities: Unrecognized profile 2130706433 for video/avc
08-06 12:00:01.687  4314  4380 I art     : Explicit concurrent mark sweep GC freed 8658(2MB) AllocSpace objects, 7(324KB) LOS objects, 29% free, 38MB/54MB, paused 734us total 48.836ms
08-06 12:00:01.705  4314  4380 I art     : Starting a blocking GC Explicit
08-06 12:00:01.707  4314  7613 I VideoCapabilities: Unsupported profile 4 for video/mp4v-es
08-06 12:00:01.722  4314  7623 I OMXClient: Using client-side OMX mux.
08-06 12:00:01.751  4314  4380 I art     : Explicit concurrent mark sweep GC freed 3337(141KB) AllocSpace objects, 0(0B) LOS objects, 29% free, 38MB/54MB, paused 688us total 45.780ms
08-06 12:00:01.770  4314  4380 I art     : Starting a blocking GC Explicit
08-06 12:00:01.798   512 12837 I OMX-VDEC-1080P: component_init: OMX.qcom.video.decoder.avc : fd=49
08-06 12:00:01.798   512 12837 I OMX-VDEC-1080P: Capabilities: driver_name = msm_vidc_driver, card = msm_vdec_8974, bus_info = , version = 1, capabilities = 4003000
08-06 12:00:01.803   512 12837 I OMX-VDEC-1080P: Enabling default extradata for OMX.qcom.video.decoder.avc
08-06 12:00:01.807   512 12837 I OMX-VDEC-1080P: omx_vdec::component_init() success : fd=49
08-06 12:00:01.811  4314  7622 I MediaCodec: [OMX.qcom.video.decoder.avc] setting surface generation to 4417537
08-06 12:00:01.812   512   512 E OMX-VDEC-1080P: Extension: OMX.google.android.index.storeANWBufferInMetadata not implemented
08-06 12:00:01.814  4314  4380 I art     : Explicit concurrent mark sweep GC freed 61(5KB) AllocSpace objects, 0(0B) LOS objects, 28% free, 39MB/55MB, paused 578us total 42.714ms
08-06 12:00:01.832  4314  4380 I art     : Starting a blocking GC Explicit
08-06 12:00:01.838  4314  7623 D SurfaceUtils: set up nativeWindow 0x7f7aa74210 for 360x306, color 0x7fa30c04, rotation 0, usage 0x42002900
08-06 12:00:01.875  4314  7623 D SurfaceUtils: set up nativeWindow 0x7f7aa74210 for 368x320, color 0x7fa30c04, rotation 0, usage 0x42002900
08-06 12:00:01.875  4314  4380 I art     : Explicit concurrent mark sweep GC freed 92(39KB) AllocSpace objects, 0(0B) LOS objects, 28% free, 39MB/55MB, paused 673us total 42.893ms
08-06 12:00:01.893  4314  4380 I art     : Starting a blocking GC Explicit
08-06 12:00:01.937  4314  4380 I art     : Explicit concurrent mark sweep GC freed 220(17KB) AllocSpace objects, 1(68KB) LOS objects, 28% free, 40MB/56MB, paused 761us total 43.580ms
08-06 12:00:01.979  7517  7517 W GrowthKit: Failed to get phenotypeManager in PhenotypeBroadcastReceiver
08-06 12:00:01.979  7517  7517 W GrowthKit: java.lang.NullPointerException: Unable to get GrowthKit Component from host app: com.google.android.calendar
08-06 12:00:01.979  7517  7517 W GrowthKit: 	at cal.pyf.a(PG:12)
08-06 12:00:01.979  7517  7517 W GrowthKit: 	at com.google.android.libraries.internal.growth.growthkit.internal.experiments.impl.PhenotypeBroadcastReceiver.onReceive(PG:3)
08-06 12:00:01.979  7517  7517 W GrowthKit: 	at android.app.ActivityThread.handleReceiver(ActivityThread.java:2725)
08-06 12:00:01.979  7517  7517 W GrowthKit: 	at android.app.ActivityThread.-wrap14(ActivityThread.java)
08-06 12:00:01.979  7517  7517 W GrowthKit: 	at android.app.ActivityThread$H.handleMessage(ActivityThread.java:1421)
08-06 12:00:01.979  7517  7517 W GrowthKit: 	at android.os.Handler.dispatchMessage(Handler.java:102)
08-06 12:00:01.979  7517  7517 W GrowthKit: 	at android.os.Looper.loop(Looper.java:148)
08-06 12:00:01.979  7517  7517 W GrowthKit: 	at android.app.ActivityThread.main(ActivityThread.java:5417)
08-06 12:00:01.979  7517  7517 W GrowthKit: 	at java.lang.reflect.Method.invoke(Native Method)
08-06 12:00:01.979  7517  7517 W GrowthKit: 	at com.android.internal.os.ZygoteInit$MethodAndArgsCaller.run(ZygoteInit.java:726)
08-06 12:00:01.979  7517  7517 W GrowthKit: 	at com.android.internal.os.ZygoteInit.main(ZygoteInit.java:616)
08-06 12:00:02.004   918  5132 I ActivityManager: Killing 14845:nappagreedy.com.newsblur/u0a701 (adj 15): empty #17
08-06 12:00:02.263  4314  4380 I art     : Starting a blocking GC Explicit
08-06 12:00:02.317  4314  4380 I art     : Explicit concurrent mark sweep GC freed 1492(88KB) AllocSpace objects, 1(20KB) LOS objects, 28% free, 40MB/56MB, paused 544us total 53.456ms
08-06 12:00:02.336  4314  4380 I art     : Starting a blocking GC Explicit
08-06 12:00:02.389  4314  4380 I art     : Explicit concurrent mark sweep GC freed 57(2096B) AllocSpace objects, 0(0B) LOS objects, 28% free, 40MB/56MB, paused 612us total 52.710ms
08-06 12:00:02.410  4314  4380 I art     : Starting a blocking GC Explicit
08-06 12:00:02.430  7574  7574 I CalendarProvider2: Sending notification intent: Intent { act=android.intent.action.PROVIDER_CHANGED dat=content://com.android.calendar }
08-06 12:00:02.431  7574  7574 W ContentResolver: Failed to get type for: content://com.android.calendar (Unknown URL content://com.android.calendar)
08-06 12:00:02.441   918  3696 I ActivityManager: Killing 24726:nappatfpr.com.newsblur/u0a704 (adj 15): empty #17
08-06 12:00:02.462  4314  4380 I art     : Explicit concurrent mark sweep GC freed 31(1136B) AllocSpace objects, 0(0B) LOS objects, 28% free, 40MB/56MB, paused 510us total 51.850ms
08-06 12:00:02.481  4314  4380 I art     : Starting a blocking GC Explicit
08-06 12:00:02.531  4314  4380 I art     : Explicit concurrent mark sweep GC freed 19(720B) AllocSpace objects, 0(0B) LOS objects, 28% free, 40MB/56MB, paused 604us total 50.505ms
08-06 12:00:02.548 24577  7656 I IcingInternalCorpora: Received calendar change notification.
08-06 12:00:02.551  4314  4380 I art     : Starting a blocking GC Explicit
08-06 12:00:02.593  4314  4380 I art     : Explicit concurrent mark sweep GC freed 29(1040B) AllocSpace objects, 0(0B) LOS objects, 28% free, 40MB/56MB, paused 487us total 41.753ms
08-06 12:00:02.713   918  3188 I hubconnection: sensorhub said: 'set_bias 3: -6.2400, 0.0000, 0.0000'
08-06 12:00:02.865 16458 16475 I WM-GreedyScheduler: Ignoring schedule request in non-main process
08-06 12:00:02.922  4314  4380 I art     : Starting a blocking GC Explicit
08-06 12:00:02.950  3017  3017 I ServiceManager: Waiting for service AtCmdFwd...
08-06 12:00:02.970  4314  4380 I art     : Explicit concurrent mark sweep GC freed 1479(87KB) AllocSpace objects, 1(20KB) LOS objects, 28% free, 40MB/56MB, paused 513us total 47.600ms
08-06 12:00:02.988  4314  4380 I art     : Starting a blocking GC Explicit
08-06 12:00:03.031  4314  4380 I art     : Explicit concurrent mark sweep GC freed 42(1536B) AllocSpace objects, 0(0B) LOS objects, 28% free, 40MB/56MB, paused 484us total 42.683ms
08-06 12:00:03.049 16458 16475 I WM-GreedyScheduler: Ignoring schedule request in non-main process
08-06 12:00:03.049  4314  4380 I art     : Starting a blocking GC Explicit
08-06 12:00:03.089 16458 16475 I WM-GreedyScheduler: Ignoring schedule request in non-main process
08-06 12:00:03.093  4314  4380 I art     : Explicit concurrent mark sweep GC freed 19(720B) AllocSpace objects, 0(0B) LOS objects, 28% free, 40MB/56MB, paused 547us total 44.103ms
08-06 12:00:03.111  4314  4380 I art     : Starting a blocking GC Explicit
08-06 12:00:03.158  4314  4380 I art     : Explicit concurrent mark sweep GC freed 25(928B) AllocSpace objects, 0(0B) LOS objects, 28% free, 40MB/56MB, paused 570us total 46.810ms
08-06 12:00:03.177  4314  4380 I art     : Starting a blocking GC Explicit
08-06 12:00:03.227  4314  4380 I art     : Explicit concurrent mark sweep GC freed 25(928B) AllocSpace objects, 0(0B) LOS objects, 28% free, 40MB/56MB, paused 633us total 49.966ms
08-06 12:00:03.607  4314  4327 I art     : Starting a blocking GC Explicit
08-06 12:00:03.657  4314  4327 I art     : Explicit concurrent mark sweep GC freed 1499(88KB) AllocSpace objects, 1(20KB) LOS objects, 28% free, 40MB/56MB, paused 753us total 49.951ms
08-06 12:00:03.676  4314  4327 I art     : Starting a blocking GC Explicit
08-06 12:00:03.698 24577 14369 I IcingInternalCorpora: EventIndexer: starting incremental update
08-06 12:00:03.699 24577 14369 I IcingInternalCorpora: EventIndexer: 0 added, 0 removed, 0 changed, 0 unchanged, 0 errors.
08-06 12:00:03.719  4314  4327 I art     : Explicit concurrent mark sweep GC freed 46(1648B) AllocSpace objects, 0(0B) LOS objects, 28% free, 40MB/56MB, paused 545us total 43.145ms
08-06 12:00:03.719  4314  4325 I art     : WaitForGcToComplete blocked for 10.787ms for cause HeapTrim
08-06 12:00:03.721 24577 14369 I IcingInternalCorpora: EventIndexer: finished after 23 ms.
08-06 12:00:03.738  4314  4327 I art     : Starting a blocking GC Explicit
08-06 12:00:03.784  4314  4327 I art     : Explicit concurrent mark sweep GC freed 21(816B) AllocSpace objects, 0(0B) LOS objects, 28% free, 40MB/56MB, paused 519us total 46.182ms
08-06 12:00:03.804  4314  4327 I art     : Starting a blocking GC Explicit
08-06 12:00:03.856  4314  4327 I art     : Explicit concurrent mark sweep GC freed 25(928B) AllocSpace objects, 0(0B) LOS objects, 28% free, 40MB/56MB, paused 602us total 51.988ms
08-06 12:00:03.876  4314  4327 I art     : Starting a blocking GC Explicit
08-06 12:00:03.925  4314  4327 I art     : Explicit concurrent mark sweep GC freed 25(928B) AllocSpace objects, 0(0B) LOS objects, 28% free, 40MB/56MB, paused 552us total 48.758ms
08-06 12:00:03.950  3017  3017 I ServiceManager: Waiting for service AtCmdFwd...
08-06 12:00:04.282  4314  4327 I art     : Starting a blocking GC Explicit
08-06 12:00:04.339  4314  4327 I art     : Explicit concurrent mark sweep GC freed 1496(88KB) AllocSpace objects, 1(20KB) LOS objects, 28% free, 40MB/56MB, paused 630us total 56.431ms
08-06 12:00:04.358  4314  4327 I art     : Starting a blocking GC Explicit
08-06 12:00:04.408  4314  4327 I art     : Explicit concurrent mark sweep GC freed 49(1808B) AllocSpace objects, 0(0B) LOS objects, 28% free, 40MB/56MB, paused 524us total 49.214ms
08-06 12:00:04.427  4314  4327 I art     : Starting a blocking GC Explicit
08-06 12:00:04.479  4314  4327 I art     : Explicit concurrent mark sweep GC freed 19(720B) AllocSpace objects, 0(0B) LOS objects, 28% free, 40MB/56MB, paused 567us total 51.680ms
08-06 12:00:04.499  4314  4327 I art     : Starting a blocking GC Explicit
08-06 12:00:04.548  4314  4327 I art     : Explicit concurrent mark sweep GC freed 25(928B) AllocSpace objects, 0(0B) LOS objects, 28% free, 40MB/56MB, paused 558us total 49.096ms
08-06 12:00:04.568  4314  4327 I art     : Starting a blocking GC Explicit
08-06 12:00:04.619  4314  4327 I art     : Explicit concurrent mark sweep GC freed 32(1184B) AllocSpace objects, 0(0B) LOS objects, 28% free, 40MB/56MB, paused 667us total 51.719ms
08-06 12:00:04.951  3017  3017 I ServiceManager: Waiting for service AtCmdFwd...
08-06 12:00:04.983  4314  4622 I art     : Starting a blocking GC Explicit
08-06 12:00:05.037  4314  4622 I art     : Explicit concurrent mark sweep GC freed 1493(88KB) AllocSpace objects, 1(20KB) LOS objects, 28% free, 40MB/56MB, paused 604us total 53.983ms
08-06 12:00:05.057  4314  4622 I art     : Starting a blocking GC Explicit
08-06 12:00:05.105  4314  4622 I art     : Explicit concurrent mark sweep GC freed 42(1536B) AllocSpace objects, 0(0B) LOS objects, 28% free, 40MB/56MB, paused 555us total 47.898ms
08-06 12:00:05.123  4314  4622 I art     : Starting a blocking GC Explicit
08-06 12:00:05.172  4314  4622 I art     : Explicit concurrent mark sweep GC freed 25(928B) AllocSpace objects, 0(0B) LOS objects, 28% free, 40MB/56MB, paused 563us total 48.275ms
08-06 12:00:05.191  4314  4622 I art     : Starting a blocking GC Explicit
08-06 12:00:05.243  4314  4622 I art     : Explicit concurrent mark sweep GC freed 25(928B) AllocSpace objects, 0(0B) LOS objects, 28% free, 40MB/56MB, paused 534us total 51.690ms
08-06 12:00:05.262  4314  4622 I art     : Starting a blocking GC Explicit
08-06 12:00:05.305  4314  4622 I art     : Explicit concurrent mark sweep GC freed 26(992B) AllocSpace objects, 0(0B) LOS objects, 28% free, 40MB/56MB, paused 496us total 42.780ms
08-06 12:00:05.659  4314  4326 I art     : Starting a blocking GC Explicit
08-06 12:00:05.714  4314  4326 I art     : Explicit concurrent mark sweep GC freed 1492(88KB) AllocSpace objects, 1(20KB) LOS objects, 28% free, 40MB/56MB, paused 556us total 55.141ms
08-06 12:00:05.734  4314  4326 I art     : Starting a blocking GC Explicit
08-06 12:00:05.771  4314  7552 I RedditChangeDataIO: Writing tmp data file at '/data/user/0/baseline.org.quantumbadger.redreader/files/rr_change_data_tmp.dat'
08-06 12:00:05.771  4314  7552 I RedditChangeDataManager: Taking snapshot...
08-06 12:00:05.772  4314  7552 I RedditChangeDataManager: Writing to stream...
08-06 12:00:05.772  4314  7552 I RedditChangeDataManager: Wrote 6 entries for user ''
08-06 12:00:05.772  4314  7552 I RedditChangeDataManager: All entries written to stream.
08-06 12:00:05.772  4314  7552 I RedditChangeDataIO: Write successful. Atomically replacing data file...
08-06 12:00:05.772  4314  7552 I RedditChangeDataIO: Write complete.
08-06 12:00:05.773  4314  7552 I RedditChangeDataIO: 158 bytes written in 1 ms
08-06 12:00:05.785  4314  4326 I art     : Explicit concurrent mark sweep GC freed 124(6KB) AllocSpace objects, 1(68KB) LOS objects, 28% free, 40MB/56MB, paused 568us total 50.202ms
08-06 12:00:05.804  4314  4326 I art     : Starting a blocking GC Explicit
08-06 12:00:05.856  4314  4326 I art     : Explicit concurrent mark sweep GC freed 32(1344B) AllocSpace objects, 0(0B) LOS objects, 28% free, 40MB/56MB, paused 573us total 50.269ms
08-06 12:00:05.875  4314  4326 I art     : Starting a blocking GC Explicit
08-06 12:00:05.921  4314  4326 I art     : Explicit concurrent mark sweep GC freed 29(1072B) AllocSpace objects, 0(0B) LOS objects, 28% free, 40MB/56MB, paused 530us total 46.455ms
08-06 12:00:05.941  4314  4326 I art     : Starting a blocking GC Explicit
08-06 12:00:05.953  3017  3017 I ServiceManager: Waiting for service AtCmdFwd...
08-06 12:00:05.985  4314  4326 I art     : Explicit concurrent mark sweep GC freed 25(928B) AllocSpace objects, 0(0B) LOS objects, 28% free, 40MB/56MB, paused 527us total 44.279ms
08-06 12:00:06.342  4314  4622 I art     : Starting a blocking GC Explicit
08-06 12:00:06.396  4314  4622 I art     : Explicit concurrent mark sweep GC freed 1491(87KB) AllocSpace objects, 1(20KB) LOS objects, 28% free, 40MB/56MB, paused 546us total 53.743ms
08-06 12:00:06.416  4314  4622 I art     : Starting a blocking GC Explicit
08-06 12:00:06.466  4314  4622 I art     : Explicit concurrent mark sweep GC freed 48(1744B) AllocSpace objects, 0(0B) LOS objects, 28% free, 40MB/56MB, paused 537us total 49.373ms
08-06 12:00:06.486  4314  4622 I art     : Starting a blocking GC Explicit
08-06 12:00:06.537  4314  4622 I art     : Explicit concurrent mark sweep GC freed 206(32KB) AllocSpace objects, 0(0B) LOS objects, 28% free, 40MB/56MB, paused 501us total 50.104ms
08-06 12:00:06.556  4314  4622 I art     : Starting a blocking GC Explicit
08-06 12:00:06.605  4314  4622 I art     : Explicit concurrent mark sweep GC freed 96(3KB) AllocSpace objects, 0(0B) LOS objects, 28% free, 40MB/56MB, paused 474us total 49.128ms
08-06 12:00:06.624  4314  4622 I art     : Starting a blocking GC Explicit
08-06 12:00:06.676  4314  4622 I art     : Explicit concurrent mark sweep GC freed 29(1040B) AllocSpace objects, 0(0B) LOS objects, 28% free, 40MB/56MB, paused 521us total 51.760ms
08-06 12:00:06.953  3017  3017 I ServiceManager: Waiting for service AtCmdFwd...
08-06 12:00:07.056  4314  4327 I art     : Starting a blocking GC Explicit
08-06 12:00:07.108  4314  4327 I art     : Explicit concurrent mark sweep GC freed 1496(88KB) AllocSpace objects, 1(20KB) LOS objects, 28% free, 40MB/56MB, paused 510us total 51.468ms
08-06 12:00:07.127  4314  4327 I art     : Starting a blocking GC Explicit
08-06 12:00:07.178  4314  4327 I art     : Explicit concurrent mark sweep GC freed 42(1536B) AllocSpace objects, 0(0B) LOS objects, 28% free, 40MB/56MB, paused 521us total 50.708ms
08-06 12:00:07.197  4314  4327 I art     : Starting a blocking GC Explicit
08-06 12:00:07.247  4314  4327 I art     : Explicit concurrent mark sweep GC freed 29(1072B) AllocSpace objects, 0(0B) LOS objects, 28% free, 40MB/56MB, paused 517us total 49.136ms
08-06 12:00:07.266  4314  4327 I art     : Starting a blocking GC Explicit
08-06 12:00:07.316  4314  4327 I art     : Explicit concurrent mark sweep GC freed 21(784B) AllocSpace objects, 0(0B) LOS objects, 28% free, 40MB/56MB, paused 527us total 49.229ms
08-06 12:00:07.335  4314  4327 I art     : Starting a blocking GC Explicit
08-06 12:00:07.383  4314  4327 I art     : Explicit concurrent mark sweep GC freed 30(1088B) AllocSpace objects, 0(0B) LOS objects, 28% free, 40MB/56MB, paused 488us total 48.299ms
08-06 12:00:07.521  7738  7738 D AndroidRuntime: >>>>>> START com.android.internal.os.RuntimeInit uid 2000 <<<<<<
08-06 12:00:07.527  7738  7738 D AndroidRuntime: CheckJNI is OFF
08-06 12:00:07.569  7738  7738 D ICU     : No timezone override file found: /data/misc/zoneinfo/current/icu/icu_tzdata.dat
08-06 12:00:07.610  7738  7738 I Radio-JNI: register_android_hardware_Radio DONE
08-06 12:00:07.638  7738  7738 D AndroidRuntime: Calling main entry com.android.commands.input.Input
08-06 12:00:07.640  7738  7738 I Input   : injectKeyEvent: KeyEvent { action=ACTION_DOWN, keyCode=KEYCODE_BACK, scanCode=0, metaState=0, flags=0x0, repeatCount=0, eventTime=878424052, downTime=878424052, deviceId=-1, source=0x101 }
08-06 12:00:07.647  7738  7738 I Input   : injectKeyEvent: KeyEvent { action=ACTION_UP, keyCode=KEYCODE_BACK, scanCode=0, metaState=0, flags=0x0, repeatCount=0, eventTime=878424052, downTime=878424052, deviceId=-1, source=0x101 }
08-06 12:00:07.652  7738  7738 D AndroidRuntime: Shutting down VM
08-06 12:00:07.706 13866 13866 I GoogleInputMethodServic: GoogleInputMethodService.onFinishInput():3138 
08-06 12:00:07.707 13866 13866 I GoogleInputMethodServic: GoogleInputMethodService.onStartInput():1808 
08-06 12:00:07.733  4314  4326 I art     : Starting a blocking GC Explicit
08-06 12:00:07.770  4314  7622 I MediaCodec: [OMX.qcom.video.decoder.avc] setting surface generation to 4417538
08-06 12:00:07.771  4314  7623 D SurfaceUtils: set up nativeWindow 0x7f7b2d0610 for 368x320, color 0x7fa30c04, rotation 0, usage 0x42002900
08-06 12:00:07.788  4314  4326 I art     : Explicit concurrent mark sweep GC freed 1759(97KB) AllocSpace objects, 1(20KB) LOS objects, 28% free, 40MB/56MB, paused 763us total 55.396ms
08-06 12:00:07.810  4314  4326 I art     : Starting a blocking GC Explicit
08-06 12:00:07.854  4314  4326 I art     : Explicit concurrent mark sweep GC freed 37(3040B) AllocSpace objects, 0(0B) LOS objects, 28% free, 40MB/56MB, paused 502us total 44.240ms
08-06 12:00:07.873  4314  4326 I art     : Starting a blocking GC Explicit
08-06 12:00:07.925  4314  4326 I art     : Explicit concurrent mark sweep GC freed 19(720B) AllocSpace objects, 0(0B) LOS objects, 28% free, 40MB/56MB, paused 509us total 51.530ms
08-06 12:00:07.946  4314  4326 I art     : Starting a blocking GC Explicit
08-06 12:00:07.953  3017  3017 W Atfwd_Sendcmd: AtCmdFwd service not published, waiting... retryCnt : 5
08-06 12:00:08.003  4314  4326 I art     : Explicit concurrent mark sweep GC freed 30(1104B) AllocSpace objects, 0(0B) LOS objects, 28% free, 40MB/56MB, paused 548us total 57.233ms
08-06 12:00:08.025  4314  4326 I art     : Starting a blocking GC Explicit
08-06 12:00:08.025  4314  4314 I ExoPlayerImpl: Release 43f61bc [ExoPlayerLib/2.10.8] [angler, Nexus 6P, Huawei, 23] [goog.exo.core, goog.exo.ui]
08-06 12:00:08.032   380   380 W SurfaceFlinger: couldn't log to binary event log: overflow.
08-06 12:00:08.044   512 12838 I OMX-VDEC-1080P: omx_vdec::component_deinit() complete
08-06 12:00:08.046   512 12838 I OMX-VDEC-1080P: Exit OMX vdec Destructor: fd=49
08-06 12:00:08.072  4314  4326 I art     : Explicit concurrent mark sweep GC freed 422(101KB) AllocSpace objects, 35(2MB) LOS objects, 29% free, 37MB/53MB, paused 457us total 46.894ms
08-06 12:00:08.398  4314  4380 I art     : Starting a blocking GC Explicit
08-06 12:00:08.460  4314  4380 I art     : Explicit concurrent mark sweep GC freed 1402(85KB) AllocSpace objects, 1(20KB) LOS objects, 29% free, 37MB/53MB, paused 658us total 62.109ms
08-06 12:00:08.484  4314  4380 I art     : Starting a blocking GC Explicit
08-06 12:00:08.532  4314  4380 I art     : Explicit concurrent mark sweep GC freed 2884(160KB) AllocSpace objects, 4(200KB) LOS objects, 29% free, 37MB/53MB, paused 503us total 47.970ms
08-06 12:00:08.551  4314  4380 I art     : Starting a blocking GC Explicit
08-06 12:00:08.600  4314  4380 I art     : Explicit concurrent mark sweep GC freed 3(96B) AllocSpace objects, 0(0B) LOS objects, 29% free, 37MB/53MB, paused 468us total 49.050ms
08-06 12:00:08.620  4314  4380 I art     : Starting a blocking GC Explicit
08-06 12:00:08.668  4314  4380 I art     : Explicit concurrent mark sweep GC freed 3(96B) AllocSpace objects, 0(0B) LOS objects, 29% free, 37MB/53MB, paused 508us total 48.368ms
08-06 12:00:08.687  4314  4380 I art     : Starting a blocking GC Explicit
08-06 12:00:08.736  4314  4380 I art     : Explicit concurrent mark sweep GC freed 3(96B) AllocSpace objects, 0(0B) LOS objects, 29% free, 37MB/53MB, paused 505us total 48.904ms
08-06 12:00:09.069  4314  4327 I art     : Starting a blocking GC Explicit
08-06 12:00:09.129  4314  4327 I art     : Explicit concurrent mark sweep GC freed 1356(82KB) AllocSpace objects, 1(20KB) LOS objects, 29% free, 37MB/53MB, paused 712us total 58.788ms
08-06 12:00:09.150  4314  4327 I art     : Starting a blocking GC Explicit
08-06 12:00:09.197  4314  4327 I art     : Explicit concurrent mark sweep GC freed 20(704B) AllocSpace objects, 0(0B) LOS objects, 29% free, 37MB/53MB, paused 598us total 47.295ms
08-06 12:00:09.216  4314  4327 I art     : Starting a blocking GC Explicit
08-06 12:00:09.265  4314  4327 I art     : Explicit concurrent mark sweep GC freed 3(96B) AllocSpace objects, 0(0B) LOS objects, 29% free, 37MB/53MB, paused 492us total 48.062ms
08-06 12:00:09.283  4314  4327 I art     : Starting a blocking GC Explicit
08-06 12:00:09.332  4314  4327 I art     : Explicit concurrent mark sweep GC freed 3(96B) AllocSpace objects, 0(0B) LOS objects, 29% free, 37MB/53MB, paused 514us total 48.462ms
08-06 12:00:09.352  4314  4327 I art     : Starting a blocking GC Explicit
08-06 12:00:09.402  4314  4327 I art     : Explicit concurrent mark sweep GC freed 3(96B) AllocSpace objects, 0(0B) LOS objects, 29% free, 37MB/53MB, paused 501us total 50.325ms
08-06 12:00:09.454  7776  7776 D AndroidRuntime: >>>>>> START com.android.internal.os.RuntimeInit uid 2000 <<<<<<
08-06 12:00:09.461  7776  7776 D AndroidRuntime: CheckJNI is OFF
08-06 12:00:09.506  7776  7776 D ICU     : No timezone override file found: /data/misc/zoneinfo/current/icu/icu_tzdata.dat
08-06 12:00:09.552  7776  7776 I Radio-JNI: register_android_hardware_Radio DONE
08-06 12:00:09.581  7776  7776 D AndroidRuntime: Calling main entry com.android.commands.input.Input
08-06 12:00:09.584  7776  7776 I Input   : injectMotionEvent: MotionEvent { action=ACTION_DOWN, actionButton=0, id[0]=0, x[0]=1340.0, y[0]=1100.0, toolType[0]=TOOL_TYPE_UNKNOWN, buttonState=0, metaState=0, flags=0x0, edgeFlags=0x0, pointerCount=1, historySize=0, eventTime=878425996, downTime=878425996, deviceId=0, source=0x1002 }
08-06 12:00:09.589  7776  7776 I Input   : injectMotionEvent: MotionEvent { action=ACTION_UP, actionButton=0, id[0]=0, x[0]=1340.0, y[0]=1100.0, toolType[0]=TOOL_TYPE_UNKNOWN, buttonState=0, metaState=0, flags=0x0, edgeFlags=0x0, pointerCount=1, historySize=0, eventTime=878425996, downTime=878425996, deviceId=0, source=0x1002 }
08-06 12:00:09.591  7776  7776 D AndroidRuntime: Shutting down VM
08-06 12:00:09.608   512  2967 D audio_hw_primary: out_set_parameters: enter: usecase(1: low-latency-playback) kvpairs: routing=2
08-06 12:00:09.609   918  5481 I ActivityManager: START u0 {dat=https://oauth.reddit.com/... cmp=baseline.org.quantumbadger.redreader/.activities.CommentListingActivity} from uid 10705 on display 0
08-06 12:00:09.621   512  2967 D audio_hw_primary: select_devices: out_snd_device(2: speaker) in_snd_device(0: none)
08-06 12:00:09.622   512  2967 D msm8974_platform: platform_send_audio_calibration: sending audio calibration for snd_device(2) acdb_id(15)
08-06 12:00:09.622   512  2967 I soundtrigger: audio_extn_sound_trigger_update_device_status: device 0x2 of type 0 for Event 1
08-06 12:00:09.640   512  2967 D audio_hw_primary: enable_snd_device: snd_device(2: speaker)
08-06 12:00:09.641  4314  4314 I AppCompatViewInflater: app:theme is now deprecated. Please move to using android:theme instead.
08-06 12:00:09.642   512  2967 D audio_hw_primary: enable_audio_route: apply and update mixer path: low-latency-playback speaker
08-06 12:00:09.661  4314  7267 I CommentListingActivity: COMMENTS session changed to a80e5a1d-dbc7-467b-9e74-027fc9fdd383
08-06 12:00:09.744   918   936 I ActivityManager: Displayed baseline.org.quantumbadger.redreader/.activities.CommentListingActivity: +126ms
08-06 12:00:09.747  4314  4327 I art     : Starting a blocking GC Explicit
08-06 12:00:09.750 13866 13866 I GoogleInputMethodServic: GoogleInputMethodService.onFinishInput():3138 
08-06 12:00:09.751 13866 13866 I GoogleInputMethodServic: GoogleInputMethodService.onStartInput():1808 
08-06 12:00:09.815  4314  4327 I art     : Explicit concurrent mark sweep GC freed 21522(1184KB) AllocSpace objects, 1(20KB) LOS objects, 28% free, 39MB/55MB, paused 1.393ms total 67.586ms
08-06 12:00:09.841  4314  4327 I art     : Starting a blocking GC Explicit
08-06 12:00:09.905  4314  4327 I art     : Explicit concurrent mark sweep GC freed 11563(661KB) AllocSpace objects, 0(0B) LOS objects, 28% free, 39MB/55MB, paused 1.045ms total 63.244ms
08-06 12:00:09.925  4314  4327 I art     : Starting a blocking GC Explicit
08-06 12:00:09.994  4314  4327 I art     : Explicit concurrent mark sweep GC freed 11520(476KB) AllocSpace objects, 0(0B) LOS objects, 28% free, 39MB/55MB, paused 717us total 68.724ms
08-06 12:00:10.002   380   380 W SurfaceFlinger: couldn't log to binary event log: overflow.
08-06 12:00:10.021  4314  4327 I art     : Starting a blocking GC Explicit
08-06 12:00:10.078  4314  4327 I art     : Explicit concurrent mark sweep GC freed 39(2320B) AllocSpace objects, 0(0B) LOS objects, 28% free, 39MB/55MB, paused 461us total 56.889ms
08-06 12:00:10.097  4314  4327 I art     : Starting a blocking GC Explicit
08-06 12:00:10.158  4314  4327 I art     : Explicit concurrent mark sweep GC freed 145(4KB) AllocSpace objects, 0(0B) LOS objects, 28% free, 39MB/55MB, paused 544us total 60.327ms
08-06 12:00:10.180   512  2967 D audio_hw_primary: disable_audio_route: reset and update mixer path: low-latency-playback speaker
08-06 12:00:10.183   512  2967 D audio_hw_primary: disable_snd_device: snd_device(2: speaker)
08-06 12:00:10.192   512  2967 I soundtrigger: audio_extn_sound_trigger_update_device_status: device 0x2 of type 0 for Event 0
08-06 12:00:10.500  4314  4622 I art     : Starting a blocking GC Explicit
08-06 12:00:10.565  4314  4622 I art     : Explicit concurrent mark sweep GC freed 1369(83KB) AllocSpace objects, 1(20KB) LOS objects, 28% free, 39MB/55MB, paused 525us total 64.346ms
08-06 12:00:10.586  4314  4622 I art     : Starting a blocking GC Explicit
08-06 12:00:10.643  4314  4622 I art     : Explicit concurrent mark sweep GC freed 20(704B) AllocSpace objects, 0(0B) LOS objects, 28% free, 39MB/55MB, paused 462us total 56.964ms
08-06 12:00:10.665  4314  4622 I art     : Starting a blocking GC Explicit
08-06 12:00:10.725  4314  4622 I art     : Explicit concurrent mark sweep GC freed 3(96B) AllocSpace objects, 0(0B) LOS objects, 28% free, 39MB/55MB, paused 472us total 59.564ms
08-06 12:00:10.746  4314  4622 I art     : Starting a blocking GC Explicit
08-06 12:00:10.811  4314  4622 I art     : Explicit concurrent mark sweep GC freed 49(1920B) AllocSpace objects, 0(0B) LOS objects, 28% free, 39MB/55MB, paused 529us total 64.551ms
08-06 12:00:10.832  4314  4622 I art     : Starting a blocking GC Explicit
08-06 12:00:10.897  4314  4622 I art     : Explicit concurrent mark sweep GC freed 3(96B) AllocSpace objects, 0(0B) LOS objects, 28% free, 39MB/55MB, paused 584us total 65.033ms
08-06 12:00:11.244  4314  4380 I art     : Starting a blocking GC Explicit
08-06 12:00:11.330  4314  4380 I art     : Explicit concurrent mark sweep GC freed 1356(82KB) AllocSpace objects, 1(20KB) LOS objects, 28% free, 39MB/55MB, paused 715us total 86.081ms
08-06 12:00:11.354  4314  4380 I art     : Starting a blocking GC Explicit
08-06 12:00:11.425  4314  4380 I art     : Explicit concurrent mark sweep GC freed 20(704B) AllocSpace objects, 0(0B) LOS objects, 28% free, 39MB/55MB, paused 552us total 70.609ms
08-06 12:00:11.450  4314  4380 I art     : Starting a blocking GC Explicit
08-06 12:00:11.522  4314  4380 I art     : Explicit concurrent mark sweep GC freed 3(96B) AllocSpace objects, 0(0B) LOS objects, 28% free, 39MB/55MB, paused 559us total 71.117ms
08-06 12:00:11.547  4314  4380 I art     : Starting a blocking GC Explicit
08-06 12:00:11.618  4314  4380 I art     : Explicit concurrent mark sweep GC freed 3(96B) AllocSpace objects, 0(0B) LOS objects, 28% free, 39MB/55MB, paused 576us total 71.059ms
08-06 12:00:11.639  4314  4380 I art     : Starting a blocking GC Explicit
08-06 12:00:11.710  4314  4380 I art     : Explicit concurrent mark sweep GC freed 3(96B) AllocSpace objects, 0(0B) LOS objects, 28% free, 39MB/55MB, paused 531us total 70.394ms
08-06 12:00:12.071  4314  4326 I art     : Starting a blocking GC Explicit
08-06 12:00:12.166  4314  4326 I art     : Explicit concurrent mark sweep GC freed 1356(82KB) AllocSpace objects, 1(20KB) LOS objects, 28% free, 39MB/55MB, paused 596us total 95.127ms
08-06 12:00:12.190  4314  4326 I art     : Starting a blocking GC Explicit
08-06 12:00:12.268  4314  4326 I art     : Explicit concurrent mark sweep GC freed 20(704B) AllocSpace objects, 0(0B) LOS objects, 28% free, 39MB/55MB, paused 532us total 76.749ms
08-06 12:00:12.290  4314  4326 I art     : Starting a blocking GC Explicit
08-06 12:00:12.363  4314  4326 I art     : Explicit concurrent mark sweep GC freed 3(96B) AllocSpace objects, 0(0B) LOS objects, 28% free, 39MB/55MB, paused 520us total 72.917ms
08-06 12:00:12.385  4314  4326 I art     : Starting a blocking GC Explicit
08-06 12:00:12.457  4314  4326 I art     : Explicit concurrent mark sweep GC freed 3(96B) AllocSpace objects, 0(0B) LOS objects, 28% free, 39MB/55MB, paused 545us total 71.453ms
08-06 12:00:12.478  4314  4326 I art     : Starting a blocking GC Explicit
08-06 12:00:12.555  4314  4326 I art     : Explicit concurrent mark sweep GC freed 3(96B) AllocSpace objects, 0(0B) LOS objects, 28% free, 39MB/55MB, paused 599us total 76.547ms
08-06 12:00:12.919  4314  6634 I art     : Starting a blocking GC Explicit
08-06 12:00:13.007  4314  6634 I art     : Explicit concurrent mark sweep GC freed 1356(82KB) AllocSpace objects, 1(20KB) LOS objects, 28% free, 39MB/55MB, paused 585us total 86.839ms
08-06 12:00:13.029  4314  6634 I art     : Starting a blocking GC Explicit
08-06 12:00:13.102  4314  6634 I art     : Explicit concurrent mark sweep GC freed 20(704B) AllocSpace objects, 0(0B) LOS objects, 28% free, 39MB/55MB, paused 544us total 72.275ms
08-06 12:00:13.124  4314  6634 I art     : Starting a blocking GC Explicit
08-06 12:00:13.193  4314  6634 I art     : Explicit concurrent mark sweep GC freed 3(96B) AllocSpace objects, 0(0B) LOS objects, 28% free, 39MB/55MB, paused 551us total 68.839ms
08-06 12:00:13.214  4314  6634 I art     : Starting a blocking GC Explicit
08-06 12:00:13.285  4314  6634 I art     : Explicit concurrent mark sweep GC freed 3(96B) AllocSpace objects, 0(0B) LOS objects, 28% free, 39MB/55MB, paused 501us total 70.239ms
08-06 12:00:13.306  4314  6634 I art     : Starting a blocking GC Explicit
08-06 12:00:13.386  4314  6634 I art     : Explicit concurrent mark sweep GC freed 3(96B) AllocSpace objects, 0(0B) LOS objects, 28% free, 39MB/55MB, paused 572us total 79.253ms
08-06 12:00:13.786  4314  4327 I art     : Starting a blocking GC Explicit
08-06 12:00:13.860  4314  4327 I art     : Explicit concurrent mark sweep GC freed 1356(82KB) AllocSpace objects, 1(20KB) LOS objects, 28% free, 39MB/55MB, paused 489us total 73.662ms
08-06 12:00:13.881  4314  4327 I art     : Starting a blocking GC Explicit
08-06 12:00:13.942  4314  4327 I art     : Explicit concurrent mark sweep GC freed 20(704B) AllocSpace objects, 0(0B) LOS objects, 28% free, 39MB/55MB, paused 484us total 60.907ms
08-06 12:00:13.963  4314  4327 I art     : Starting a blocking GC Explicit
08-06 12:00:14.030  4314  4327 I art     : Explicit concurrent mark sweep GC freed 3(96B) AllocSpace objects, 0(0B) LOS objects, 28% free, 39MB/55MB, paused 515us total 66.651ms
08-06 12:00:14.051  4314  4327 I art     : Starting a blocking GC Explicit
08-06 12:00:14.119  4314  4327 I art     : Explicit concurrent mark sweep GC freed 3(96B) AllocSpace objects, 0(0B) LOS objects, 28% free, 39MB/55MB, paused 559us total 67.067ms
08-06 12:00:14.140  4314  4327 I art     : Starting a blocking GC Explicit
08-06 12:00:14.204  4314  4327 I art     : Explicit concurrent mark sweep GC freed 3(96B) AllocSpace objects, 0(0B) LOS objects, 28% free, 39MB/55MB, paused 488us total 63.681ms
08-06 12:00:14.204  4314  4325 I art     : WaitForGcToComplete blocked for 63.975ms for cause HeapTrim
08-06 12:00:14.378  7867  7867 D AndroidRuntime: >>>>>> START com.android.internal.os.RuntimeInit uid 2000 <<<<<<
08-06 12:00:14.385  7867  7867 D AndroidRuntime: CheckJNI is OFF
08-06 12:00:14.425  7867  7867 D ICU     : No timezone override file found: /data/misc/zoneinfo/current/icu/icu_tzdata.dat
08-06 12:00:14.467  7867  7867 I Radio-JNI: register_android_hardware_Radio DONE
08-06 12:00:14.497  7867  7867 D AndroidRuntime: Calling main entry com.android.commands.input.Input
08-06 12:00:14.498  7867  7867 I Input   : injectKeyEvent: KeyEvent { action=ACTION_DOWN, keyCode=KEYCODE_BACK, scanCode=0, metaState=0, flags=0x0, repeatCount=0, eventTime=878430911, downTime=878430911, deviceId=-1, source=0x101 }
08-06 12:00:14.503  7867  7867 I Input   : injectKeyEvent: KeyEvent { action=ACTION_UP, keyCode=KEYCODE_BACK, scanCode=0, metaState=0, flags=0x0, repeatCount=0, eventTime=878430911, downTime=878430911, deviceId=-1, source=0x101 }
08-06 12:00:14.509  7867  7867 D AndroidRuntime: Shutting down VM
08-06 12:00:14.553 13866 13866 I GoogleInputMethodServic: GoogleInputMethodService.onFinishInput():3138 
08-06 12:00:14.554 13866 13866 I GoogleInputMethodServic: GoogleInputMethodService.onStartInput():1808 
08-06 12:00:14.558  4314  4622 I art     : Starting a blocking GC Explicit
08-06 12:00:14.621  4314  7804 I RedditChangeDataIO: Writing tmp data file at '/data/user/0/baseline.org.quantumbadger.redreader/files/rr_change_data_tmp.dat'
08-06 12:00:14.622  4314  7804 I RedditChangeDataManager: Taking snapshot...
08-06 12:00:14.623  4314  7804 I RedditChangeDataManager: Writing to stream...
08-06 12:00:14.623  4314  4622 I art     : Explicit concurrent mark sweep GC freed 1614(91KB) AllocSpace objects, 1(20KB) LOS objects, 28% free, 39MB/55MB, paused 555us total 64.250ms
08-06 12:00:14.624  4314  7804 I RedditChangeDataManager: Wrote 6 entries for user ''
08-06 12:00:14.624  4314  7804 I RedditChangeDataManager: All entries written to stream.
08-06 12:00:14.624  4314  7804 I RedditChangeDataIO: Write successful. Atomically replacing data file...
08-06 12:00:14.624  4314  7804 I RedditChangeDataIO: Write complete.
08-06 12:00:14.624  4314  7804 I RedditChangeDataIO: 158 bytes written in 3 ms
08-06 12:00:14.642  4314  4622 I art     : Starting a blocking GC Explicit
08-06 12:00:14.699  4314  4622 I art     : Explicit concurrent mark sweep GC freed 121(6KB) AllocSpace objects, 1(68KB) LOS objects, 28% free, 39MB/55MB, paused 448us total 56.529ms
08-06 12:00:14.719  4314  4622 I art     : Starting a blocking GC Explicit
08-06 12:00:14.796  4314  4622 I art     : Explicit concurrent mark sweep GC freed 6(192B) AllocSpace objects, 0(0B) LOS objects, 28% free, 39MB/55MB, paused 595us total 75.732ms
08-06 12:00:14.820  4314  4622 I art     : Starting a blocking GC Explicit
08-06 12:00:14.856   380   380 W SurfaceFlinger: couldn't log to binary event log: overflow.
08-06 12:00:14.883  4314  4622 I art     : Explicit concurrent mark sweep GC freed 35(1168B) AllocSpace objects, 0(0B) LOS objects, 28% free, 39MB/55MB, paused 467us total 63.581ms
08-06 12:00:14.903  4314  4622 I art     : Starting a blocking GC Explicit
08-06 12:00:14.965  4314  4622 I art     : Explicit concurrent mark sweep GC freed 23(992B) AllocSpace objects, 0(0B) LOS objects, 28% free, 39MB/55MB, paused 562us total 61.584ms
08-06 12:00:15.312  4314  4327 I art     : Starting a blocking GC Explicit
08-06 12:00:15.383  4314  4327 I art     : Explicit concurrent mark sweep GC freed 42734(2MB) AllocSpace objects, 6(160KB) LOS objects, 29% free, 37MB/53MB, paused 552us total 70.428ms
08-06 12:00:15.406  4314  4327 I art     : Starting a blocking GC Explicit
08-06 12:00:15.454  4314  4327 I art     : Explicit concurrent mark sweep GC freed 20(704B) AllocSpace objects, 0(0B) LOS objects, 29% free, 37MB/53MB, paused 584us total 47.529ms
08-06 12:00:15.473  4314  4327 I art     : Starting a blocking GC Explicit
08-06 12:00:15.519  4314  4327 I art     : Explicit concurrent mark sweep GC freed 3(96B) AllocSpace objects, 0(0B) LOS objects, 29% free, 37MB/53MB, paused 456us total 45.004ms
08-06 12:00:15.538  4314  4327 I art     : Starting a blocking GC Explicit
08-06 12:00:15.587  4314  4327 I art     : Explicit concurrent mark sweep GC freed 3(96B) AllocSpace objects, 0(0B) LOS objects, 29% free, 37MB/53MB, paused 547us total 49.085ms
08-06 12:00:15.606  4314  4327 I art     : Starting a blocking GC Explicit
08-06 12:00:15.656  4314  4327 I art     : Explicit concurrent mark sweep GC freed 3(96B) AllocSpace objects, 0(0B) LOS objects, 29% free, 37MB/53MB, paused 511us total 49.188ms
08-06 12:00:15.979  4314  4326 I art     : Starting a blocking GC Explicit
08-06 12:00:16.036  4314  4326 I art     : Explicit concurrent mark sweep GC freed 1356(82KB) AllocSpace objects, 1(20KB) LOS objects, 29% free, 37MB/53MB, paused 503us total 56.074ms
08-06 12:00:16.055  4314  4326 I art     : Starting a blocking GC Explicit
08-06 12:00:16.103  4314  4326 I art     : Explicit concurrent mark sweep GC freed 20(704B) AllocSpace objects, 0(0B) LOS objects, 29% free, 37MB/53MB, paused 520us total 47.401ms
08-06 12:00:16.121  4314  4326 I art     : Starting a blocking GC Explicit
08-06 12:00:16.170  4314  4326 I art     : Explicit concurrent mark sweep GC freed 3(96B) AllocSpace objects, 0(0B) LOS objects, 29% free, 37MB/53MB, paused 483us total 48.515ms
08-06 12:00:16.189  4314  4326 I art     : Starting a blocking GC Explicit
08-06 12:00:16.240  4314  4326 I art     : Explicit concurrent mark sweep GC freed 3(96B) AllocSpace objects, 0(0B) LOS objects, 29% free, 37MB/53MB, paused 509us total 50.775ms
08-06 12:00:16.259  4314  4326 I art     : Starting a blocking GC Explicit
08-06 12:00:16.309  7900  7900 D AndroidRuntime: >>>>>> START com.android.internal.os.RuntimeInit uid 2000 <<<<<<
08-06 12:00:16.311  4314  4326 I art     : Explicit concurrent mark sweep GC freed 3(96B) AllocSpace objects, 0(0B) LOS objects, 29% free, 37MB/53MB, paused 559us total 51.254ms
08-06 12:00:16.315  7900  7900 D AndroidRuntime: CheckJNI is OFF
08-06 12:00:16.358  7900  7900 D ICU     : No timezone override file found: /data/misc/zoneinfo/current/icu/icu_tzdata.dat
08-06 12:00:16.402  7900  7900 I Radio-JNI: register_android_hardware_Radio DONE
08-06 12:00:16.432  7900  7900 D AndroidRuntime: Calling main entry com.android.commands.input.Input
08-06 12:00:16.435  7900  7900 I Input   : injectKeyEvent: KeyEvent { action=ACTION_DOWN, keyCode=KEYCODE_BACK, scanCode=0, metaState=0, flags=0x0, repeatCount=0, eventTime=878432847, downTime=878432847, deviceId=-1, source=0x101 }
08-06 12:00:16.442  7900  7900 I Input   : injectKeyEvent: KeyEvent { action=ACTION_UP, keyCode=KEYCODE_BACK, scanCode=0, metaState=0, flags=0x0, repeatCount=0, eventTime=878432847, downTime=878432847, deviceId=-1, source=0x101 }
08-06 12:00:16.449  7900  7900 D AndroidRuntime: Shutting down VM
08-06 12:00:16.491 13866 13866 I GoogleInputMethodServic: GoogleInputMethodService.onFinishInput():3138 
08-06 12:00:16.491 13866 13866 I GoogleInputMethodServic: GoogleInputMethodService.onStartInput():1808 
08-06 12:00:16.625  4314  4327 I art     : Starting a blocking GC Explicit
08-06 12:00:16.688  4314  4327 I art     : Explicit concurrent mark sweep GC freed 1536(88KB) AllocSpace objects, 1(20KB) LOS objects, 29% free, 37MB/53MB, paused 506us total 63.411ms
08-06 12:00:16.711  4314  4327 I art     : Starting a blocking GC Explicit
08-06 12:00:16.771  4314  4327 I art     : Explicit concurrent mark sweep GC freed 24(864B) AllocSpace objects, 0(0B) LOS objects, 29% free, 37MB/53MB, paused 483us total 59.116ms
08-06 12:00:16.793  4314  4327 I art     : Starting a blocking GC Explicit
08-06 12:00:16.839  4314  4327 I art     : Explicit concurrent mark sweep GC freed 56(2080B) AllocSpace objects, 0(0B) LOS objects, 29% free, 37MB/53MB, paused 483us total 45.943ms
08-06 12:00:16.857  4314  4327 I art     : Starting a blocking GC Explicit
08-06 12:00:16.905  4314  4327 I art     : Explicit concurrent mark sweep GC freed 8(272B) AllocSpace objects, 0(0B) LOS objects, 29% free, 37MB/53MB, paused 539us total 48.213ms
08-06 12:00:16.924  4314  4327 I art     : Starting a blocking GC Explicit
08-06 12:00:16.974  4314  4327 I art     : Explicit concurrent mark sweep GC freed 133(6KB) AllocSpace objects, 0(0B) LOS objects, 29% free, 37MB/53MB, paused 524us total 49.596ms
08-06 12:00:17.323  4314  4622 I art     : Starting a blocking GC Explicit
08-06 12:00:17.389  4314  4622 I art     : Explicit concurrent mark sweep GC freed 1356(82KB) AllocSpace objects, 1(20KB) LOS objects, 29% free, 37MB/53MB, paused 630us total 65.666ms
08-06 12:00:17.410  4314  4622 I art     : Starting a blocking GC Explicit
08-06 12:00:17.459  4314  4622 I art     : Explicit concurrent mark sweep GC freed 20(704B) AllocSpace objects, 0(0B) LOS objects, 29% free, 37MB/53MB, paused 550us total 49.156ms
08-06 12:00:17.478  4314  4622 I art     : Starting a blocking GC Explicit
08-06 12:00:17.529  4314  4622 I art     : Explicit concurrent mark sweep GC freed 3(96B) AllocSpace objects, 0(0B) LOS objects, 29% free, 37MB/53MB, paused 541us total 50.137ms
08-06 12:00:17.548  4314  4622 I art     : Starting a blocking GC Explicit
08-06 12:00:17.598  4314  4622 I art     : Explicit concurrent mark sweep GC freed 3(96B) AllocSpace objects, 0(0B) LOS objects, 29% free, 37MB/53MB, paused 582us total 49.515ms
08-06 12:00:17.617  4314  4622 I art     : Starting a blocking GC Explicit
08-06 12:00:17.665  4314  4622 I art     : Explicit concurrent mark sweep GC freed 3(96B) AllocSpace objects, 0(0B) LOS objects, 29% free, 37MB/53MB, paused 517us total 47.969ms
08-06 12:00:17.999  4314  4380 I art     : Starting a blocking GC Explicit
08-06 12:00:18.059  4314  4380 I art     : Explicit concurrent mark sweep GC freed 1356(82KB) AllocSpace objects, 1(20KB) LOS objects, 29% free, 37MB/53MB, paused 605us total 59.559ms
08-06 12:00:18.078  4314  4380 I art     : Starting a blocking GC Explicit
08-06 12:00:18.129  4314  4380 I art     : Explicit concurrent mark sweep GC freed 20(704B) AllocSpace objects, 0(0B) LOS objects, 29% free, 37MB/53MB, paused 569us total 51.037ms
08-06 12:00:18.148  4314  4380 I art     : Starting a blocking GC Explicit
08-06 12:00:18.200  4314  4380 I art     : Explicit concurrent mark sweep GC freed 3(96B) AllocSpace objects, 0(0B) LOS objects, 29% free, 37MB/53MB, paused 564us total 51.502ms
08-06 12:00:18.219  4314  4380 I art     : Starting a blocking GC Explicit
08-06 12:00:18.233  7943  7943 D AndroidRuntime: >>>>>> START com.android.internal.os.RuntimeInit uid 2000 <<<<<<
08-06 12:00:18.238  7943  7943 D AndroidRuntime: CheckJNI is OFF
08-06 12:00:18.269  4314  4380 I art     : Explicit concurrent mark sweep GC freed 3(96B) AllocSpace objects, 0(0B) LOS objects, 29% free, 37MB/53MB, paused 569us total 49.486ms
08-06 12:00:18.286  7943  7943 D ICU     : No timezone override file found: /data/misc/zoneinfo/current/icu/icu_tzdata.dat
08-06 12:00:18.288  4314  4380 I art     : Starting a blocking GC Explicit
08-06 12:00:18.332  7943  7943 I Radio-JNI: register_android_hardware_Radio DONE
08-06 12:00:18.339  4314  4380 I art     : Explicit concurrent mark sweep GC freed 3(96B) AllocSpace objects, 0(0B) LOS objects, 29% free, 37MB/53MB, paused 575us total 50.340ms
08-06 12:00:18.363  7943  7943 D AndroidRuntime: Calling main entry com.android.commands.input.Input
08-06 12:00:18.367  7943  7943 I Input   : injectMotionEvent: MotionEvent { action=ACTION_DOWN, actionButton=0, id[0]=0, x[0]=600.0, y[0]=1733.0, toolType[0]=TOOL_TYPE_UNKNOWN, buttonState=0, metaState=0, flags=0x0, edgeFlags=0x0, pointerCount=1, historySize=0, eventTime=878434780, downTime=878434780, deviceId=0, source=0x1002 }
08-06 12:00:18.374  7943  7943 I Input   : injectMotionEvent: MotionEvent { action=ACTION_UP, actionButton=0, id[0]=0, x[0]=600.0, y[0]=1733.0, toolType[0]=TOOL_TYPE_UNKNOWN, buttonState=0, metaState=0, flags=0x0, edgeFlags=0x0, pointerCount=1, historySize=0, eventTime=878434780, downTime=878434780, deviceId=0, source=0x1002 }
08-06 12:00:18.376  7943  7943 D AndroidRuntime: Shutting down VM
08-06 12:00:18.379   918  4413 I ActivityManager: START u0 {dat=https://oauth.reddit.com/... cmp=baseline.org.quantumbadger.redreader/.activities.PostListingActivity} from uid 10705 on display 0
08-06 12:00:18.380   512  2967 D audio_hw_primary: out_set_parameters: enter: usecase(1: low-latency-playback) kvpairs: routing=2
08-06 12:00:18.393   512  2967 D audio_hw_primary: select_devices: out_snd_device(2: speaker) in_snd_device(0: none)
08-06 12:00:18.393   512  2967 D msm8974_platform: platform_send_audio_calibration: sending audio calibration for snd_device(2) acdb_id(15)
08-06 12:00:18.394   512  2967 I soundtrigger: audio_extn_sound_trigger_update_device_status: device 0x2 of type 0 for Event 1
08-06 12:00:18.401  4314  4314 I AppCompatViewInflater: app:theme is now deprecated. Please move to using android:theme instead.
08-06 12:00:18.406   512  2967 D audio_hw_primary: enable_snd_device: snd_device(2: speaker)
08-06 12:00:18.408   512  2967 D audio_hw_primary: enable_audio_route: apply and update mixer path: low-latency-playback speaker
08-06 12:00:18.423  4314  7967 D OK      : calling: https://oauth.reddit.com/r/aww/about.json
08-06 12:00:18.496   918   936 I ActivityManager: Displayed baseline.org.quantumbadger.redreader/.activities.PostListingActivity: +109ms
08-06 12:00:18.497 13866 13866 I GoogleInputMethodServic: GoogleInputMethodService.onFinishInput():3138 
08-06 12:00:18.497 13866 13866 I GoogleInputMethodServic: GoogleInputMethodService.onStartInput():1808 
08-06 12:00:18.647  4314  4326 I art     : Starting a blocking GC Explicit
08-06 12:00:18.721  4314  4326 I art     : Explicit concurrent mark sweep GC freed 5164(281KB) AllocSpace objects, 1(20KB) LOS objects, 29% free, 37MB/53MB, paused 1.429ms total 73.189ms
08-06 12:00:18.722  4314  7967 I NAPPA_EXPERIMENTATION: MetricNetworkRequestExecutionTime: REQUEST_DURATION_SYSTEM='299',REQUEST_DURATION_OKHTTP='145',REQUEST_SYNCHRONOUS='TRUE',RESPONSE_CODE='200',RESPONSE_METHOD='GET',RESPONSE_LENGTH_OKHTTP='-1',RESPONSE_LENGTH_HEADER='3478',REQUEST_PROTOCOL='h2',REQUEST_URL='https://oauth.reddit.com/r/aww/about.json',
08-06 12:00:18.723  4314  7967 D OK      : request got status: 200
08-06 12:00:18.744   380   380 W SurfaceFlinger: couldn't log to binary event log: overflow.
08-06 12:00:18.745  4314  4326 I art     : Starting a blocking GC Explicit
08-06 12:00:18.792  4314  4326 I art     : Explicit concurrent mark sweep GC freed 1288(169KB) AllocSpace objects, 1(68KB) LOS objects, 29% free, 37MB/53MB, paused 591us total 46.872ms
08-06 12:00:18.810  4314  4326 I art     : Starting a blocking GC Explicit
08-06 12:00:18.856  4314  4326 I art     : Explicit concurrent mark sweep GC freed 619(44KB) AllocSpace objects, 1(68KB) LOS objects, 29% free, 37MB/53MB, paused 522us total 45.319ms
08-06 12:00:18.875  4314  4326 I art     : Starting a blocking GC Explicit
08-06 12:00:18.921  4314  4326 I art     : Explicit concurrent mark sweep GC freed 85(2784B) AllocSpace objects, 0(0B) LOS objects, 29% free, 37MB/53MB, paused 526us total 45.739ms
08-06 12:00:18.941  4314  4326 I art     : Starting a blocking GC Explicit
08-06 12:00:18.948   512  2967 D audio_hw_primary: disable_audio_route: reset and update mixer path: low-latency-playback speaker
08-06 12:00:18.949   512  2967 D audio_hw_primary: disable_snd_device: snd_device(2: speaker)
08-06 12:00:18.957   512  2967 I soundtrigger: audio_extn_sound_trigger_update_device_status: device 0x2 of type 0 for Event 0
08-06 12:00:18.991  4314  4326 I art     : Explicit concurrent mark sweep GC freed 3(96B) AllocSpace objects, 0(0B) LOS objects, 29% free, 37MB/53MB, paused 567us total 49.244ms
08-06 12:00:19.325  4314  6634 I art     : Starting a blocking GC Explicit
08-06 12:00:19.377  4314  6634 I art     : Explicit concurrent mark sweep GC freed 1416(85KB) AllocSpace objects, 1(20KB) LOS objects, 29% free, 37MB/53MB, paused 595us total 51.656ms
08-06 12:00:19.396  4314  6634 I art     : Starting a blocking GC Explicit
08-06 12:00:19.445  4314  6634 I art     : Explicit concurrent mark sweep GC freed 20(704B) AllocSpace objects, 0(0B) LOS objects, 29% free, 37MB/53MB, paused 500us total 48.661ms
08-06 12:00:19.464  4314  6634 I art     : Starting a blocking GC Explicit
08-06 12:00:19.514  4314  6634 I art     : Explicit concurrent mark sweep GC freed 3(96B) AllocSpace objects, 0(0B) LOS objects, 29% free, 37MB/53MB, paused 756us total 49.645ms
08-06 12:00:19.533  4314  6634 I art     : Starting a blocking GC Explicit
08-06 12:00:19.582  4314  6634 I art     : Explicit concurrent mark sweep GC freed 3(96B) AllocSpace objects, 0(0B) LOS objects, 29% free, 37MB/53MB, paused 536us total 48.743ms
08-06 12:00:19.601  4314  6634 I art     : Starting a blocking GC Explicit
08-06 12:00:19.624  4314  7992 D OK      : calling: https://oauth.reddit.com/r/aww/hot/.json
08-06 12:00:19.650  4314  6634 I art     : Explicit concurrent mark sweep GC freed 94(3KB) AllocSpace objects, 0(0B) LOS objects, 29% free, 37MB/53MB, paused 630us total 48.968ms
08-06 12:00:19.651  4314  4325 I art     : WaitForGcToComplete blocked for 27.777ms for cause HeapTrim
08-06 12:00:19.824  4314  7992 I NAPPA_EXPERIMENTATION: MetricNetworkRequestExecutionTime: REQUEST_DURATION_SYSTEM='200',REQUEST_DURATION_OKHTTP='196',REQUEST_SYNCHRONOUS='TRUE',RESPONSE_CODE='200',RESPONSE_METHOD='GET',RESPONSE_LENGTH_OKHTTP='-1',RESPONSE_LENGTH_HEADER='33430',REQUEST_PROTOCOL='h2',REQUEST_URL='https://oauth.reddit.com/r/aww/hot/.json',
08-06 12:00:19.824  4314  7992 D OK      : request got status: 200
08-06 12:00:19.854  4314  7267 I PostListingFragment: Precaching images: OFF
08-06 12:00:19.854  4314  7267 I PostListingFragment: Precaching comments: OFF
08-06 12:00:19.880  4314  7267 I getImgurImageInfo: Image NSO7Npm: trying API v3 with auth
08-06 12:00:19.993  4314  4380 I art     : Starting a blocking GC Explicit
08-06 12:00:20.040  4314  8004 I RedditVideosAPI: For 'https://v.redd.it/fkewv2f65kd51/DASHPlaylist.mpd', got video stream 'https://v.redd.it/fkewv2f65kd51/DASH_480' and audio stream 'https://v.redd.it/fkewv2f65kd51/audio'
08-06 12:00:20.050  4314  4380 I art     : Explicit concurrent mark sweep GC freed 26216(1981KB) AllocSpace objects, 78(4MB) LOS objects, 26% free, 44MB/60MB, paused 990us total 56.907ms
08-06 12:00:20.054  4314  8004 I RedditVideosAPI: For 'https://v.redd.it/ak6rer1hskd51/DASHPlaylist.mpd', got video stream 'https://v.redd.it/ak6rer1hskd51/DASH_360' and audio stream 'null'
08-06 12:00:20.059  4314  8004 I RedditVideosAPI: For 'https://v.redd.it/h49fg58ygjd51/DASHPlaylist.mpd', got video stream 'https://v.redd.it/h49fg58ygjd51/DASH_480' and audio stream 'null'
08-06 12:00:20.060  4314  8004 I RedditVideosAPI: For 'https://v.redd.it/1ewzkieg0jd51/DASHPlaylist.mpd', got video stream 'https://v.redd.it/1ewzkieg0jd51/DASH_480' and audio stream 'https://v.redd.it/1ewzkieg0jd51/audio'
08-06 12:00:20.060  4314  6888 I RedditVideosAPI: For 'https://v.redd.it/ppmhu2r9thd51/DASHPlaylist.mpd', got video stream 'https://v.redd.it/ppmhu2r9thd51/DASH_480' and audio stream 'null'
08-06 12:00:20.061  4314  8004 I RedditVideosAPI: For 'https://v.redd.it/b8vazlcb7ld51/DASHPlaylist.mpd', got video stream 'https://v.redd.it/b8vazlcb7ld51/DASH_480' and audio stream 'https://v.redd.it/b8vazlcb7ld51/audio'
08-06 12:00:20.061  4314  6888 I RedditVideosAPI: For 'https://v.redd.it/s9qqadf3mid51/DASHPlaylist.mpd', got video stream 'https://v.redd.it/s9qqadf3mid51/DASH_480' and audio stream 'https://v.redd.it/s9qqadf3mid51/audio'
08-06 12:00:20.062  4314  8004 I RedditVideosAPI: For 'https://v.redd.it/ty24o02m1hd51/DASHPlaylist.mpd', got video stream 'https://v.redd.it/ty24o02m1hd51/DASH_480' and audio stream 'null'
08-06 12:00:20.062  4314  6888 I RedditVideosAPI: For 'https://v.redd.it/ar5k8892pid51/DASHPlaylist.mpd', got video stream 'https://v.redd.it/ar5k8892pid51/DASH_360' and audio stream 'https://v.redd.it/ar5k8892pid51/audio'
08-06 12:00:20.069  4314  4380 I art     : Starting a blocking GC Explicit
08-06 12:00:20.101  4314  4314 W RecyclerView: Cannot call this method in a scroll callback. Scroll callbacks mightbe run during a measure & layout pass where you cannot change theRecyclerView data. Any method call that might change the structureof the RecyclerView or the adapter contents should be postponed tothe next frame.
08-06 12:00:20.101  4314  4314 W RecyclerView: java.lang.IllegalStateException:  androidx.recyclerview.widget.RecyclerView{a931cb3 VFED..... .F....ID 0,0-1440,2140 #7f0900ef app:id/scrollbar_recyclerview_recyclerview}, adapter:baseline.org.quantumbadger.redreader.adapters.GroupedRecyclerViewAdapter@8d3f270, layout:androidx.recyclerview.widget.LinearLayoutManager@8bc89e9, context:baseline.org.quantumbadger.redreader.activities.PostListingActivity@4e314ec
08-06 12:00:20.101  4314  4314 W RecyclerView: 	at androidx.recyclerview.widget.RecyclerView.assertNotInLayoutOrScroll(RecyclerView.java:3061)
08-06 12:00:20.101  4314  4314 W RecyclerView: 	at androidx.recyclerview.widget.RecyclerView$RecyclerViewDataObserver.onItemRangeInserted(RecyclerView.java:5555)
08-06 12:00:20.101  4314  4314 W RecyclerView: 	at androidx.recyclerview.widget.RecyclerView$AdapterDataObservable.notifyItemRangeInserted(RecyclerView.java:12278)
08-06 12:00:20.101  4314  4314 W RecyclerView: 	at androidx.recyclerview.widget.RecyclerView$Adapter.notifyItemInserted(RecyclerView.java:7464)
08-06 12:00:20.101  4314  4314 W RecyclerView: 	at baseline.org.quantumbadger.redreader.adapters.GroupedRecyclerViewAdapter.updateHiddenStatus(GroupedRecyclerViewAdapter.java:279)
08-06 12:00:20.101  4314  4314 W RecyclerView: 	at baseline.org.quantumbadger.redreader.adapters.RedditListingManager.setLoadingVisible(RedditListingManager.java:125)
08-06 12:00:20.101  4314  4314 W RecyclerView: 	at baseline.org.quantumbadger.redreader.fragments.PostListingFragment.onLoadMoreItemsCheck(PostListingFragment.java:465)
08-06 12:00:20.101  4314  4314 W RecyclerView: 	at baseline.org.quantumbadger.redreader.fragments.PostListingFragment.access$000(PostListingFragment.java:98)
08-06 12:00:20.101  4314  4314 W RecyclerView: 	at baseline.org.quantumbadger.redreader.fragments.PostListingFragment$2.onScrolled(PostListingFragment.java:215)
08-06 12:00:20.101  4314  4314 W RecyclerView: 	at androidx.recyclerview.widget.RecyclerView.dispatchOnScrolled(RecyclerView.java:5173)
08-06 12:00:20.101  4314  4314 W RecyclerView: 	at androidx.recyclerview.widget.RecyclerView.dispatchLayoutStep3(RecyclerView.java:4231)
08-06 12:00:20.101  4314  4314 W RecyclerView: 	at androidx.recyclerview.widget.RecyclerView.dispatchLayout(RecyclerView.java:3862)
08-06 12:00:20.101  4314  4314 W RecyclerView: 	at androidx.recyclerview.widget.RecyclerView.consumePendingUpdateOperations(RecyclerView.java:1897)
08-06 12:00:20.101  4314  4314 W RecyclerView: 	at androidx.recyclerview.widget.RecyclerView$1.run(RecyclerView.java:414)
08-06 12:00:20.101  4314  4314 W RecyclerView: 	at android.view.Choreographer$CallbackRecord.run(Choreographer.java:858)
08-06 12:00:20.101  4314  4314 W RecyclerView: 	at android.view.Choreographer.doCallbacks(Choreographer.java:670)
08-06 12:00:20.101  4314  4314 W RecyclerView: 	at android.view.Choreographer.doFrame(Choreographer.java:603)
08-06 12:00:20.101  4314  4314 W RecyclerView: 	at android.view.Choreographer$FrameDisplayEventReceiver.run(Choreographer.java:844)
08-06 12:00:20.101  4314  4314 W RecyclerView: 	at android.os.Handler.handleCallback(Handler.java:739)
08-06 12:00:20.101  4314  4314 W RecyclerView: 	at android.os.Handler.dispatchMessage(Handler.java:95)
08-06 12:00:20.101  4314  4314 W RecyclerView: 	at android.os.Looper.loop(Looper.java:148)
08-06 12:00:20.101  4314  4314 W RecyclerView: 	at android.app.ActivityThread.main(ActivityThread.java:5417)
08-06 12:00:20.101  4314  4314 W RecyclerView: 	at java.lang.reflect.Method.invoke(Native Method)
08-06 12:00:20.101  4314  4314 W RecyclerView: 	at com.android.internal.os.ZygoteInit$MethodAndArgsCaller.run(ZygoteInit.java:726)
08-06 12:00:20.101  4314  4314 W RecyclerView: 	at com.android.internal.os.ZygoteInit.main(ZygoteInit.java:616)
08-06 12:00:20.120  4314  4380 I art     : Explicit concurrent mark sweep GC freed 25774(1718KB) AllocSpace objects, 19(1232KB) LOS objects, 27% free, 43MB/59MB, paused 614us total 51.182ms
08-06 12:00:20.138  4314  4380 I art     : Starting a blocking GC Explicit
08-06 12:00:20.187  4314  4380 I art     : Explicit concurrent mark sweep GC freed 366(13KB) AllocSpace objects, 0(0B) LOS objects, 27% free, 43MB/59MB, paused 629us total 48.659ms
08-06 12:00:20.206  4314  4380 I art     : Starting a blocking GC Explicit
08-06 12:00:20.255  4314  4380 I art     : Explicit concurrent mark sweep GC freed 118(6KB) AllocSpace objects, 0(0B) LOS objects, 27% free, 43MB/59MB, paused 672us total 49.080ms
08-06 12:00:20.275  4314  4380 I art     : Starting a blocking GC Explicit
08-06 12:00:20.323  4314  4380 I art     : Explicit concurrent mark sweep GC freed 91(4KB) AllocSpace objects, 0(0B) LOS objects, 27% free, 43MB/59MB, paused 553us total 48.100ms
08-06 12:00:20.689  4314  4326 I art     : Starting a blocking GC Explicit
08-06 12:00:20.763  4314  4326 I art     : Explicit concurrent mark sweep GC freed 1597(94KB) AllocSpace objects, 1(20KB) LOS objects, 27% free, 43MB/59MB, paused 682us total 73.678ms
08-06 12:00:20.787  4314  4326 I art     : Starting a blocking GC Explicit
08-06 12:00:20.826  4314  8016 D OK      : calling: https://oauth.reddit.com/r/aww/hot/.json?after=t3_hz5odc
08-06 12:00:20.848  4314  4326 I art     : Explicit concurrent mark sweep GC freed 117(4KB) AllocSpace objects, 0(0B) LOS objects, 27% free, 43MB/59MB, paused 880us total 60.593ms
08-06 12:00:20.871  4314  4326 I art     : Starting a blocking GC Explicit
08-06 12:00:20.929  4314  4326 I art     : Explicit concurrent mark sweep GC freed 10(384B) AllocSpace objects, 0(0B) LOS objects, 27% free, 43MB/59MB, paused 725us total 57.478ms
08-06 12:00:20.949  4314  4326 I art     : Starting a blocking GC Explicit
08-06 12:00:21.009  4314  4326 I art     : Explicit concurrent mark sweep GC freed 3(96B) AllocSpace objects, 0(0B) LOS objects, 27% free, 43MB/59MB, paused 654us total 59.374ms
08-06 12:00:21.032  4314  4326 I art     : Starting a blocking GC Explicit
08-06 12:00:21.052  4314  8016 I NAPPA_EXPERIMENTATION: MetricNetworkRequestExecutionTime: REQUEST_DURATION_SYSTEM='226',REQUEST_DURATION_OKHTTP='221',REQUEST_SYNCHRONOUS='TRUE',RESPONSE_CODE='200',RESPONSE_METHOD='GET',RESPONSE_LENGTH_OKHTTP='-1',RESPONSE_LENGTH_HEADER='30610',REQUEST_PROTOCOL='h2',REQUEST_URL='https://oauth.reddit.com/r/aww/hot/.json?after=t3_hz5odc',
08-06 12:00:21.053  4314  8016 D OK      : request got status: 200
08-06 12:00:21.070  4314  8005 I PostListingFragment: Precaching images: OFF
08-06 12:00:21.070  4314  8005 I PostListingFragment: Precaching comments: OFF
08-06 12:00:21.089  4314  4326 I art     : Explicit concurrent mark sweep GC freed 1384(104KB) AllocSpace objects, 0(0B) LOS objects, 26% free, 43MB/59MB, paused 1.420ms total 56.422ms
08-06 12:00:21.104  4314  8004 I RedditVideosAPI: For 'https://v.redd.it/syww111dtjd51/DASHPlaylist.mpd', got video stream 'https://v.redd.it/syww111dtjd51/DASH_480' and audio stream 'https://v.redd.it/syww111dtjd51/audio'
08-06 12:00:21.138   918  3261 D WifiStateMachine: starting scan for "H369AA63323"WPA_PSK with 2412,5180
08-06 12:00:21.165  4314  8005 I getImgurImageInfo: Image nLQR2hT: trying API v3 with auth
08-06 12:00:21.238  4314  8004 I RedditVideosAPI: For 'https://v.redd.it/ue0jdgk9zhd51/DASHPlaylist.mpd', got video stream 'https://v.redd.it/ue0jdgk9zhd51/DASH_360' and audio stream 'https://v.redd.it/ue0jdgk9zhd51/audio'
08-06 12:00:21.248  4314  8004 I RedditVideosAPI: For 'https://v.redd.it/pbqrrfb3tkd51/DASHPlaylist.mpd', got video stream 'https://v.redd.it/pbqrrfb3tkd51/DASH_480' and audio stream 'null'
08-06 12:00:21.249  4314  8004 I RedditVideosAPI: For 'https://v.redd.it/rrygsb8i4ld51/DASHPlaylist.mpd', got video stream 'https://v.redd.it/rrygsb8i4ld51/DASH_480' and audio stream 'https://v.redd.it/rrygsb8i4ld51/audio'
08-06 12:00:21.252  4314  8004 I RedditVideosAPI: For 'https://v.redd.it/5x6zzipz8ld51/DASHPlaylist.mpd', got video stream 'https://v.redd.it/5x6zzipz8ld51/DASH_480' and audio stream 'null'
08-06 12:00:21.254  4314  8004 I RedditVideosAPI: For 'https://v.redd.it/75en73fm5id51/DASHPlaylist.mpd', got video stream 'https://v.redd.it/75en73fm5id51/DASH_480' and audio stream 'https://v.redd.it/75en73fm5id51/audio'
08-06 12:00:21.257  4314  8004 I RedditVideosAPI: For 'https://v.redd.it/ggz4fyth6hd51/DASHPlaylist.mpd', got video stream 'https://v.redd.it/ggz4fyth6hd51/DASH_360' and audio stream 'null'
08-06 12:00:21.257  4314  8017 I RedditVideosAPI: For 'https://v.redd.it/psrknoobrgd51/DASHPlaylist.mpd', got video stream 'https://v.redd.it/psrknoobrgd51/DASH_480' and audio stream 'null'
08-06 12:00:21.259  4314  8004 I RedditVideosAPI: For 'https://v.redd.it/jk6cwef4wld51/DASHPlaylist.mpd', got video stream 'https://v.redd.it/jk6cwef4wld51/DASH_480' and audio stream 'null'
08-06 12:00:21.259  4314  8017 I RedditVideosAPI: For 'https://v.redd.it/t81s8zfz9ld51/DASHPlaylist.mpd', got video stream 'https://v.redd.it/t81s8zfz9ld51/DASH_480' and audio stream 'https://v.redd.it/t81s8zfz9ld51/audio'
08-06 12:00:21.260  4314  8004 I RedditVideosAPI: For 'https://v.redd.it/xd6c4yyutgd51/DASHPlaylist.mpd', got video stream 'https://v.redd.it/xd6c4yyutgd51/DASH_480' and audio stream 'null'
08-06 12:00:21.418  4314  4327 I art     : Starting a blocking GC Explicit
08-06 12:00:21.499  4314  4327 I art     : Explicit concurrent mark sweep GC freed 42357(2MB) AllocSpace objects, 98(5MB) LOS objects, 24% free, 48MB/64MB, paused 718us total 80.182ms
08-06 12:00:21.522  4314  4327 I art     : Starting a blocking GC Explicit
08-06 12:00:21.581  4314  4327 I art     : Explicit concurrent mark sweep GC freed 2393(99KB) AllocSpace objects, 0(0B) LOS objects, 24% free, 48MB/64MB, paused 656us total 59.316ms
08-06 12:00:21.602  4314  4327 I art     : Starting a blocking GC Explicit
08-06 12:00:21.661  4314  4327 I art     : Explicit concurrent mark sweep GC freed 7(272B) AllocSpace objects, 0(0B) LOS objects, 24% free, 48MB/64MB, paused 639us total 59.036ms
08-06 12:00:21.681  4314  4327 I art     : Starting a blocking GC Explicit
08-06 12:00:21.742  4314  4327 I art     : Explicit concurrent mark sweep GC freed 3(96B) AllocSpace objects, 0(0B) LOS objects, 24% free, 48MB/64MB, paused 639us total 60.364ms
08-06 12:00:21.765  4314  4327 I art     : Starting a blocking GC Explicit
08-06 12:00:21.824  4314  4327 I art     : Explicit concurrent mark sweep GC freed 3(96B) AllocSpace objects, 0(0B) LOS objects, 24% free, 48MB/64MB, paused 645us total 59.259ms
08-06 12:00:22.199  4314  4380 I art     : Starting a blocking GC Explicit
08-06 12:00:22.265  4314  4380 I art     : Explicit concurrent mark sweep GC freed 1358(83KB) AllocSpace objects, 1(20KB) LOS objects, 24% free, 48MB/64MB, paused 646us total 65.612ms
08-06 12:00:22.285  4314  4380 I art     : Starting a blocking GC Explicit
08-06 12:00:22.347  4314  4380 I art     : Explicit concurrent mark sweep GC freed 20(704B) AllocSpace objects, 0(0B) LOS objects, 24% free, 48MB/64MB, paused 687us total 61.910ms
08-06 12:00:22.370  4314  4380 I art     : Starting a blocking GC Explicit
08-06 12:00:22.431  4314  4380 I art     : Explicit concurrent mark sweep GC freed 3(96B) AllocSpace objects, 0(0B) LOS objects, 24% free, 48MB/64MB, paused 632us total 60.007ms
08-06 12:00:22.450  4314  4380 I art     : Starting a blocking GC Explicit
08-06 12:00:22.514  4314  4380 I art     : Explicit concurrent mark sweep GC freed 3(96B) AllocSpace objects, 0(0B) LOS objects, 24% free, 48MB/64MB, paused 685us total 63.077ms
08-06 12:00:22.536  4314  4380 I art     : Starting a blocking GC Explicit
08-06 12:00:22.597  4314  4380 I art     : Explicit concurrent mark sweep GC freed 3(96B) AllocSpace objects, 0(0B) LOS objects, 24% free, 48MB/64MB, paused 633us total 60.556ms
08-06 12:00:22.987  4314  6634 I art     : Starting a blocking GC Explicit
08-06 12:00:23.065  4314  6634 I art     : Explicit concurrent mark sweep GC freed 1359(83KB) AllocSpace objects, 1(20KB) LOS objects, 24% free, 48MB/64MB, paused 696us total 77.500ms
08-06 12:00:23.087  4314  6634 I art     : Starting a blocking GC Explicit
08-06 12:00:23.143  4314  6634 I art     : Explicit concurrent mark sweep GC freed 20(704B) AllocSpace objects, 0(0B) LOS objects, 24% free, 48MB/64MB, paused 613us total 55.962ms
08-06 12:00:23.164  4314  6634 I art     : Starting a blocking GC Explicit
08-06 12:00:23.225  4314  6634 I art     : Explicit concurrent mark sweep GC freed 3(96B) AllocSpace objects, 0(0B) LOS objects, 24% free, 48MB/64MB, paused 624us total 60.753ms
08-06 12:00:23.245  4314  6634 I art     : Starting a blocking GC Explicit
08-06 12:00:23.304  4314  6634 I art     : Explicit concurrent mark sweep GC freed 3(96B) AllocSpace objects, 0(0B) LOS objects, 24% free, 48MB/64MB, paused 627us total 59.218ms
08-06 12:00:23.324  4314  6634 I art     : Starting a blocking GC Explicit
08-06 12:00:23.385  4314  6634 I art     : Explicit concurrent mark sweep GC freed 3(96B) AllocSpace objects, 0(0B) LOS objects, 24% free, 48MB/64MB, paused 620us total 59.868ms
08-06 12:00:23.748  4314  4622 I art     : Starting a blocking GC Explicit
08-06 12:00:23.813  4314  4622 I art     : Explicit concurrent mark sweep GC freed 1357(83KB) AllocSpace objects, 1(20KB) LOS objects, 24% free, 48MB/64MB, paused 664us total 64.511ms
08-06 12:00:23.836  4314  4622 I art     : Starting a blocking GC Explicit
08-06 12:00:23.890  4314  4622 I art     : Explicit concurrent mark sweep GC freed 20(704B) AllocSpace objects, 0(0B) LOS objects, 24% free, 48MB/64MB, paused 674us total 53.929ms
08-06 12:00:23.910  4314  4622 I art     : Starting a blocking GC Explicit
08-06 12:00:23.966  4314  4622 I art     : Explicit concurrent mark sweep GC freed 3(96B) AllocSpace objects, 0(0B) LOS objects, 24% free, 48MB/64MB, paused 653us total 56.254ms
08-06 12:00:23.986  4314  4622 I art     : Starting a blocking GC Explicit
08-06 12:00:24.044  4314  4622 I art     : Explicit concurrent mark sweep GC freed 3(96B) AllocSpace objects, 0(0B) LOS objects, 24% free, 48MB/64MB, paused 588us total 57.265ms
08-06 12:00:24.064  4314  4622 I art     : Starting a blocking GC Explicit
08-06 12:00:24.119  4314  4622 I art     : Explicit concurrent mark sweep GC freed 3(96B) AllocSpace objects, 0(0B) LOS objects, 24% free, 48MB/64MB, paused 608us total 55.090ms
08-06 12:00:24.196  8055  8055 D AndroidRuntime: >>>>>> START com.android.internal.os.RuntimeInit uid 2000 <<<<<<
08-06 12:00:24.203  8055  8055 D AndroidRuntime: CheckJNI is OFF
08-06 12:00:24.251  8055  8055 D ICU     : No timezone override file found: /data/misc/zoneinfo/current/icu/icu_tzdata.dat
08-06 12:00:24.297  8055  8055 I Radio-JNI: register_android_hardware_Radio DONE
08-06 12:00:24.325  8055  8055 D AndroidRuntime: Calling main entry com.android.commands.input.Input
08-06 12:00:24.328  8055  8055 I Input   : injectMotionEvent: MotionEvent { action=ACTION_DOWN, actionButton=0, id[0]=0, x[0]=1340.0, y[0]=1100.0, toolType[0]=TOOL_TYPE_UNKNOWN, buttonState=0, metaState=0, flags=0x0, edgeFlags=0x0, pointerCount=1, historySize=0, eventTime=878440740, downTime=878440740, deviceId=0, source=0x1002 }
08-06 12:00:24.335  8055  8055 I Input   : injectMotionEvent: MotionEvent { action=ACTION_UP, actionButton=0, id[0]=0, x[0]=1340.0, y[0]=1100.0, toolType[0]=TOOL_TYPE_UNKNOWN, buttonState=0, metaState=0, flags=0x0, edgeFlags=0x0, pointerCount=1, historySize=0, eventTime=878440740, downTime=878440740, deviceId=0, source=0x1002 }
08-06 12:00:24.342  8055  8055 D AndroidRuntime: Shutting down VM
08-06 12:00:24.355   918  6110 I ActivityManager: START u0 {dat=https://oauth.reddit.com/... cmp=baseline.org.quantumbadger.redreader/.activities.CommentListingActivity} from uid 10705 on display 0
08-06 12:00:24.356   512  2967 D audio_hw_primary: out_set_parameters: enter: usecase(1: low-latency-playback) kvpairs: routing=2
08-06 12:00:24.370   512  2967 D audio_hw_primary: select_devices: out_snd_device(2: speaker) in_snd_device(0: none)
08-06 12:00:24.370   512  2967 D msm8974_platform: platform_send_audio_calibration: sending audio calibration for snd_device(2) acdb_id(15)
08-06 12:00:24.370   512  2967 I soundtrigger: audio_extn_sound_trigger_update_device_status: device 0x2 of type 0 for Event 1
08-06 12:00:24.383   512  2967 D audio_hw_primary: enable_snd_device: snd_device(2: speaker)
08-06 12:00:24.384  4314  4314 I AppCompatViewInflater: app:theme is now deprecated. Please move to using android:theme instead.
08-06 12:00:24.385   512  2967 D audio_hw_primary: enable_audio_route: apply and update mixer path: low-latency-playback speaker
08-06 12:00:24.403  4314  8005 I CommentListingActivity: COMMENTS session changed to a80e5a1d-dbc7-467b-9e74-027fc9fdd383
08-06 12:00:24.478  4314  4622 I art     : Starting a blocking GC Explicit
08-06 12:00:24.495   918   936 I ActivityManager: Displayed baseline.org.quantumbadger.redreader/.activities.CommentListingActivity: +130ms
08-06 12:00:24.499 13866 13866 I GoogleInputMethodServic: GoogleInputMethodService.onFinishInput():3138 
08-06 12:00:24.499 13866 13866 I GoogleInputMethodServic: GoogleInputMethodService.onStartInput():1808 
08-06 12:00:24.550  4314  4622 I art     : Explicit concurrent mark sweep GC freed 18933(1026KB) AllocSpace objects, 1(20KB) LOS objects, 24% free, 50MB/66MB, paused 1.250ms total 71.007ms
08-06 12:00:24.579  4314  4622 I art     : Starting a blocking GC Explicit
08-06 12:00:24.642  4314  4622 I art     : Explicit concurrent mark sweep GC freed 20338(1312KB) AllocSpace objects, 53(10MB) LOS objects, 28% free, 39MB/55MB, paused 714us total 62.559ms
08-06 12:00:24.662  4314  4622 I art     : Starting a blocking GC Explicit
08-06 12:00:24.724  4314  4622 I art     : Explicit concurrent mark sweep GC freed 12581(514KB) AllocSpace objects, 0(0B) LOS objects, 28% free, 39MB/55MB, paused 641us total 61.515ms
08-06 12:00:24.734   380   380 W SurfaceFlinger: couldn't log to binary event log: overflow.
08-06 12:00:24.748  4314  4622 I art     : Starting a blocking GC Explicit
08-06 12:00:24.802  4314  4622 I art     : Explicit concurrent mark sweep GC freed 175(6KB) AllocSpace objects, 0(0B) LOS objects, 28% free, 39MB/55MB, paused 496us total 52.708ms
08-06 12:00:24.822  4314  4622 I art     : Starting a blocking GC Explicit
08-06 12:00:24.876  4314  8003 I RedditChangeDataIO: Writing tmp data file at '/data/user/0/baseline.org.quantumbadger.redreader/files/rr_change_data_tmp.dat'
08-06 12:00:24.877  4314  8003 I RedditChangeDataManager: Taking snapshot...
08-06 12:00:24.877  4314  4622 I art     : Explicit concurrent mark sweep GC freed 55(1840B) AllocSpace objects, 0(0B) LOS objects, 28% free, 39MB/55MB, paused 661us total 54.938ms
08-06 12:00:24.877  4314  8003 I RedditChangeDataManager: Writing to stream...
08-06 12:00:24.877  4314  8003 I RedditChangeDataManager: Wrote 6 entries for user ''
08-06 12:00:24.877  4314  8003 I RedditChangeDataManager: All entries written to stream.
08-06 12:00:24.877  4314  8003 I RedditChangeDataIO: Write successful. Atomically replacing data file...
08-06 12:00:24.878  4314  8003 I RedditChangeDataIO: Write complete.
08-06 12:00:24.878  4314  8003 I RedditChangeDataIO: 158 bytes written in 2 ms
08-06 12:00:24.919   512  2967 D audio_hw_primary: disable_audio_route: reset and update mixer path: low-latency-playback speaker
08-06 12:00:24.920   512  2967 D audio_hw_primary: disable_snd_device: snd_device(2: speaker)
08-06 12:00:24.928   512  2967 I soundtrigger: audio_extn_sound_trigger_update_device_status: device 0x2 of type 0 for Event 0
08-06 12:00:25.200  4314  4380 I art     : Starting a blocking GC Explicit
08-06 12:00:25.256  4314  4380 I art     : Explicit concurrent mark sweep GC freed 1541(91KB) AllocSpace objects, 2(88KB) LOS objects, 28% free, 39MB/55MB, paused 466us total 55.730ms
08-06 12:00:25.276  4314  4380 I art     : Starting a blocking GC Explicit
08-06 12:00:25.331  4314  4380 I art     : Explicit concurrent mark sweep GC freed 25(864B) AllocSpace objects, 0(0B) LOS objects, 28% free, 39MB/55MB, paused 507us total 55.184ms
08-06 12:00:25.351  4314  4380 I art     : Starting a blocking GC Explicit
08-06 12:00:25.409  4314  4380 I art     : Explicit concurrent mark sweep GC freed 3(96B) AllocSpace objects, 0(0B) LOS objects, 28% free, 39MB/55MB, paused 471us total 58.409ms
08-06 12:00:25.430  4314  4380 I art     : Starting a blocking GC Explicit
08-06 12:00:25.491  4314  4380 I art     : Explicit concurrent mark sweep GC freed 3(96B) AllocSpace objects, 0(0B) LOS objects, 28% free, 39MB/55MB, paused 532us total 60.261ms
08-06 12:00:25.512  4314  4380 I art     : Starting a blocking GC Explicit
08-06 12:00:25.575  4314  4380 I art     : Explicit concurrent mark sweep GC freed 49(1920B) AllocSpace objects, 0(0B) LOS objects, 28% free, 39MB/55MB, paused 544us total 62.934ms
08-06 12:00:25.922  4314  6634 I art     : Starting a blocking GC Explicit
08-06 12:00:26.005  4314  6634 I art     : Explicit concurrent mark sweep GC freed 1359(83KB) AllocSpace objects, 1(20KB) LOS objects, 28% free, 39MB/55MB, paused 622us total 82.122ms
08-06 12:00:26.029  4314  6634 I art     : Starting a blocking GC Explicit
08-06 12:00:26.101  4314  6634 I art     : Explicit concurrent mark sweep GC freed 20(704B) AllocSpace objects, 0(0B) LOS objects, 28% free, 39MB/55MB, paused 526us total 71.902ms
08-06 12:00:26.123  4314  6634 I art     : Starting a blocking GC Explicit
08-06 12:00:26.196  4314  6634 I art     : Explicit concurrent mark sweep GC freed 32(1568B) AllocSpace objects, 0(0B) LOS objects, 28% free, 39MB/55MB, paused 526us total 72.660ms
08-06 12:00:26.217  4314  6634 I art     : Starting a blocking GC Explicit
08-06 12:00:26.289  4314  6634 I art     : Explicit concurrent mark sweep GC freed 245(41KB) AllocSpace objects, 0(0B) LOS objects, 28% free, 39MB/55MB, paused 528us total 71.386ms
08-06 12:00:26.311  4314  6634 I art     : Starting a blocking GC Explicit
08-06 12:00:26.379  4314  6634 I art     : Explicit concurrent mark sweep GC freed 68(2272B) AllocSpace objects, 0(0B) LOS objects, 28% free, 39MB/55MB, paused 531us total 67.650ms
08-06 12:00:26.743  4314  4326 I art     : Starting a blocking GC Explicit
08-06 12:00:26.835  4314  4326 I art     : Explicit concurrent mark sweep GC freed 1356(82KB) AllocSpace objects, 1(20KB) LOS objects, 28% free, 39MB/55MB, paused 579us total 91.501ms
08-06 12:00:26.862  4314  4326 I art     : Starting a blocking GC Explicit
08-06 12:00:26.933  4314  4326 I art     : Explicit concurrent mark sweep GC freed 20(704B) AllocSpace objects, 0(0B) LOS objects, 28% free, 39MB/55MB, paused 524us total 70.164ms
08-06 12:00:26.954  4314  4326 I art     : Starting a blocking GC Explicit
08-06 12:00:27.025  4314  4326 I art     : Explicit concurrent mark sweep GC freed 3(96B) AllocSpace objects, 0(0B) LOS objects, 28% free, 39MB/55MB, paused 518us total 70.887ms
08-06 12:00:27.047  4314  4326 I art     : Starting a blocking GC Explicit
08-06 12:00:27.119  4314  4326 I art     : Explicit concurrent mark sweep GC freed 3(96B) AllocSpace objects, 0(0B) LOS objects, 28% free, 39MB/55MB, paused 484us total 72.075ms
08-06 12:00:27.141  4314  4326 I art     : Starting a blocking GC Explicit
08-06 12:00:27.214  4314  4326 I art     : Explicit concurrent mark sweep GC freed 3(96B) AllocSpace objects, 0(0B) LOS objects, 28% free, 39MB/55MB, paused 533us total 72.622ms
08-06 12:00:27.594  4314  4622 I art     : Starting a blocking GC Explicit
08-06 12:00:27.681  4314  4622 I art     : Explicit concurrent mark sweep GC freed 1356(82KB) AllocSpace objects, 1(20KB) LOS objects, 28% free, 39MB/55MB, paused 572us total 87.423ms
08-06 12:00:27.705  4314  4622 I art     : Starting a blocking GC Explicit
08-06 12:00:27.776  4314  4622 I art     : Explicit concurrent mark sweep GC freed 20(704B) AllocSpace objects, 0(0B) LOS objects, 28% free, 39MB/55MB, paused 595us total 70.187ms
08-06 12:00:27.798  4314  4622 I art     : Starting a blocking GC Explicit
08-06 12:00:27.869  4314  4622 I art     : Explicit concurrent mark sweep GC freed 3(96B) AllocSpace objects, 0(0B) LOS objects, 28% free, 39MB/55MB, paused 485us total 71.260ms
08-06 12:00:27.891  4314  4622 I art     : Starting a blocking GC Explicit
08-06 12:00:27.963  4314  4622 I art     : Explicit concurrent mark sweep GC freed 3(96B) AllocSpace objects, 0(0B) LOS objects, 28% free, 39MB/55MB, paused 495us total 72.442ms
08-06 12:00:27.985  4314  4622 I art     : Starting a blocking GC Explicit
08-06 12:00:28.056  4314  4622 I art     : Explicit concurrent mark sweep GC freed 3(96B) AllocSpace objects, 0(0B) LOS objects, 28% free, 39MB/55MB, paused 526us total 70.658ms
08-06 12:00:28.435  4314  4327 I art     : Starting a blocking GC Explicit
08-06 12:00:28.522  4314  4327 I art     : Explicit concurrent mark sweep GC freed 1356(82KB) AllocSpace objects, 1(20KB) LOS objects, 28% free, 39MB/55MB, paused 589us total 87.144ms
08-06 12:00:28.547  4314  4327 I art     : Starting a blocking GC Explicit
08-06 12:00:28.615  4314  4327 I art     : Explicit concurrent mark sweep GC freed 20(704B) AllocSpace objects, 0(0B) LOS objects, 28% free, 39MB/55MB, paused 471us total 67.513ms
08-06 12:00:28.636  4314  4327 I art     : Starting a blocking GC Explicit
08-06 12:00:28.696  4314  4327 I art     : Explicit concurrent mark sweep GC freed 3(96B) AllocSpace objects, 0(0B) LOS objects, 28% free, 39MB/55MB, paused 496us total 59.762ms
08-06 12:00:28.716  4314  4327 I art     : Starting a blocking GC Explicit
08-06 12:00:28.780  4314  4327 I art     : Explicit concurrent mark sweep GC freed 3(96B) AllocSpace objects, 0(0B) LOS objects, 28% free, 39MB/55MB, paused 523us total 63.311ms
08-06 12:00:28.801  4314  4327 I art     : Starting a blocking GC Explicit
08-06 12:00:28.866  4314  4327 I art     : Explicit concurrent mark sweep GC freed 3(96B) AllocSpace objects, 0(0B) LOS objects, 28% free, 39MB/55MB, paused 470us total 64.365ms
08-06 12:00:29.132  8134  8134 D AndroidRuntime: >>>>>> START com.android.internal.os.RuntimeInit uid 2000 <<<<<<
08-06 12:00:29.138  8134  8134 D AndroidRuntime: CheckJNI is OFF
08-06 12:00:29.181  8134  8134 D ICU     : No timezone override file found: /data/misc/zoneinfo/current/icu/icu_tzdata.dat
08-06 12:00:29.206 14970 14979 I art     : Background sticky concurrent mark sweep GC freed 65328(6MB) AllocSpace objects, 300(5MB) LOS objects, 39% free, 19MB/32MB, paused 7.732ms total 41.249ms
08-06 12:00:29.222  8134  8134 I Radio-JNI: register_android_hardware_Radio DONE
08-06 12:00:29.233  4314  4380 I art     : Starting a blocking GC Explicit
08-06 12:00:29.251  8134  8134 D AndroidRuntime: Calling main entry com.android.commands.input.Input
08-06 12:00:29.253  8134  8134 I Input   : injectKeyEvent: KeyEvent { action=ACTION_DOWN, keyCode=KEYCODE_BACK, scanCode=0, metaState=0, flags=0x0, repeatCount=0, eventTime=878445666, downTime=878445666, deviceId=-1, source=0x101 }
08-06 12:00:29.258  8134  8134 I Input   : injectKeyEvent: KeyEvent { action=ACTION_UP, keyCode=KEYCODE_BACK, scanCode=0, metaState=0, flags=0x0, repeatCount=0, eventTime=878445666, downTime=878445666, deviceId=-1, source=0x101 }
08-06 12:00:29.264  8134  8134 D AndroidRuntime: Shutting down VM
08-06 12:00:29.291  4314  4380 I art     : Explicit concurrent mark sweep GC freed 1487(87KB) AllocSpace objects, 1(20KB) LOS objects, 28% free, 39MB/55MB, paused 474us total 57.662ms
08-06 12:00:29.298 13866 13866 I GoogleInputMethodServic: GoogleInputMethodService.onFinishInput():3138 
08-06 12:00:29.299 13866 13866 I GoogleInputMethodServic: GoogleInputMethodService.onStartInput():1808 
08-06 12:00:29.311  4314  4380 I art     : Starting a blocking GC Explicit
08-06 12:00:29.368  4314  4380 I art     : Explicit concurrent mark sweep GC freed 145(5KB) AllocSpace objects, 0(0B) LOS objects, 28% free, 39MB/55MB, paused 573us total 56.760ms
08-06 12:00:29.387  4314  4380 I art     : Starting a blocking GC Explicit
08-06 12:00:29.450  4314  4380 I art     : Explicit concurrent mark sweep GC freed 18(624B) AllocSpace objects, 0(0B) LOS objects, 28% free, 39MB/55MB, paused 462us total 62.845ms
08-06 12:00:29.477  4314  4380 I art     : Starting a blocking GC Explicit
08-06 12:00:29.540  4314  4380 I art     : Explicit concurrent mark sweep GC freed 3(96B) AllocSpace objects, 0(0B) LOS objects, 28% free, 39MB/55MB, paused 442us total 62.957ms
08-06 12:00:29.565  4314  4380 I art     : Starting a blocking GC Explicit
08-06 12:00:29.605   380   380 W SurfaceFlinger: couldn't log to binary event log: overflow.
08-06 12:00:29.622  4314  4380 I art     : Explicit concurrent mark sweep GC freed 45(1488B) AllocSpace objects, 0(0B) LOS objects, 28% free, 39MB/55MB, paused 515us total 57.440ms
08-06 12:00:29.960  4314  4622 I art     : Starting a blocking GC Explicit
08-06 12:00:30.043  4314  4622 I art     : Explicit concurrent mark sweep GC freed 1378(84KB) AllocSpace objects, 1(20KB) LOS objects, 28% free, 39MB/55MB, paused 780us total 83.437ms
08-06 12:00:30.069  4314  4622 I art     : Starting a blocking GC Explicit
08-06 12:00:30.122  4314  4622 I art     : Explicit concurrent mark sweep GC freed 41409(2MB) AllocSpace objects, 5(140KB) LOS objects, 29% free, 37MB/53MB, paused 601us total 52.558ms
08-06 12:00:30.142  4314  4622 I art     : Starting a blocking GC Explicit
08-06 12:00:30.191  4314  4622 I art     : Explicit concurrent mark sweep GC freed 3(96B) AllocSpace objects, 0(0B) LOS objects, 29% free, 37MB/53MB, paused 515us total 48.057ms
08-06 12:00:30.210  4314  4622 I art     : Starting a blocking GC Explicit
08-06 12:00:30.260  4314  4622 I art     : Explicit concurrent mark sweep GC freed 3(96B) AllocSpace objects, 0(0B) LOS objects, 29% free, 37MB/53MB, paused 517us total 49.784ms
08-06 12:00:30.279  4314  4622 I art     : Starting a blocking GC Explicit
08-06 12:00:30.330  4314  4622 I art     : Explicit concurrent mark sweep GC freed 3(96B) AllocSpace objects, 0(0B) LOS objects, 29% free, 37MB/53MB, paused 557us total 51.168ms
08-06 12:00:30.662  4314  4326 I art     : Starting a blocking GC Explicit
08-06 12:00:30.721  4314  4326 I art     : Explicit concurrent mark sweep GC freed 1356(82KB) AllocSpace objects, 1(20KB) LOS objects, 29% free, 37MB/53MB, paused 568us total 58.324ms
08-06 12:00:30.742  4314  4326 I art     : Starting a blocking GC Explicit
08-06 12:00:30.790  4314  4326 I art     : Explicit concurrent mark sweep GC freed 20(704B) AllocSpace objects, 0(0B) LOS objects, 29% free, 37MB/53MB, paused 519us total 48.121ms
08-06 12:00:30.809  4314  4326 I art     : Starting a blocking GC Explicit
08-06 12:00:30.856  4314  4326 I art     : Explicit concurrent mark sweep GC freed 3(96B) AllocSpace objects, 0(0B) LOS objects, 29% free, 37MB/53MB, paused 488us total 46.807ms
08-06 12:00:30.875  4314  4326 I art     : Starting a blocking GC Explicit
08-06 12:00:30.923  4314  4326 I art     : Explicit concurrent mark sweep GC freed 3(96B) AllocSpace objects, 0(0B) LOS objects, 29% free, 37MB/53MB, paused 492us total 48.043ms
08-06 12:00:30.942  4314  4326 I art     : Starting a blocking GC Explicit
08-06 12:00:30.993  4314  4326 I art     : Explicit concurrent mark sweep GC freed 3(96B) AllocSpace objects, 0(0B) LOS objects, 29% free, 37MB/53MB, paused 516us total 50.820ms
08-06 12:00:31.085  8171  8171 D AndroidRuntime: >>>>>> START com.android.internal.os.RuntimeInit uid 2000 <<<<<<
08-06 12:00:31.091  8171  8171 D AndroidRuntime: CheckJNI is OFF
08-06 12:00:31.140  8171  8171 D ICU     : No timezone override file found: /data/misc/zoneinfo/current/icu/icu_tzdata.dat
08-06 12:00:31.186  8171  8171 I Radio-JNI: register_android_hardware_Radio DONE
08-06 12:00:31.214  8171  8171 D AndroidRuntime: Calling main entry com.android.commands.input.Input
08-06 12:00:31.216  8171  8171 I Input   : injectKeyEvent: KeyEvent { action=ACTION_DOWN, keyCode=KEYCODE_BACK, scanCode=0, metaState=0, flags=0x0, repeatCount=0, eventTime=878447629, downTime=878447629, deviceId=-1, source=0x101 }
08-06 12:00:31.221  8171  8171 I Input   : injectKeyEvent: KeyEvent { action=ACTION_UP, keyCode=KEYCODE_BACK, scanCode=0, metaState=0, flags=0x0, repeatCount=0, eventTime=878447629, downTime=878447629, deviceId=-1, source=0x101 }
08-06 12:00:31.227  8171  8171 D AndroidRuntime: Shutting down VM
08-06 12:00:31.268 13866 13866 I GoogleInputMethodServic: GoogleInputMethodService.onFinishInput():3138 
08-06 12:00:31.269 13866 13866 I GoogleInputMethodServic: GoogleInputMethodService.onStartInput():1808 
08-06 12:00:31.334  4314  4622 I art     : Starting a blocking GC Explicit
08-06 12:00:31.377  4314  4622 I art     : Explicit concurrent mark sweep GC freed 1535(88KB) AllocSpace objects, 1(20KB) LOS objects, 29% free, 37MB/53MB, paused 583us total 42.273ms
08-06 12:00:31.400  4314  4622 I art     : Starting a blocking GC Explicit
08-06 12:00:31.457  4314  4622 I art     : Explicit concurrent mark sweep GC freed 24(864B) AllocSpace objects, 0(0B) LOS objects, 29% free, 37MB/53MB, paused 545us total 56.778ms
08-06 12:00:31.482  4314  4622 I art     : Starting a blocking GC Explicit
08-06 12:00:31.541  4314  4622 I art     : Explicit concurrent mark sweep GC freed 3(96B) AllocSpace objects, 0(0B) LOS objects, 29% free, 37MB/53MB, paused 463us total 59.307ms
08-06 12:00:31.565  4314  4622 I art     : Starting a blocking GC Explicit
08-06 12:00:31.613  4314  4622 I art     : Explicit concurrent mark sweep GC freed 38(1264B) AllocSpace objects, 0(0B) LOS objects, 29% free, 37MB/53MB, paused 496us total 48.228ms
08-06 12:00:31.632  4314  4622 I art     : Starting a blocking GC Explicit
08-06 12:00:31.679  4314  4622 I art     : Explicit concurrent mark sweep GC freed 23(992B) AllocSpace objects, 0(0B) LOS objects, 29% free, 37MB/53MB, paused 615us total 46.197ms
08-06 12:00:32.036  4314  6634 I art     : Starting a blocking GC Explicit
08-06 12:00:32.105  4314  6634 I art     : Explicit concurrent mark sweep GC freed 1486(89KB) AllocSpace objects, 1(20KB) LOS objects, 29% free, 37MB/53MB, paused 611us total 68.578ms
08-06 12:00:32.127  4314  6634 I art     : Starting a blocking GC Explicit
08-06 12:00:32.181  4314  6634 I art     : Explicit concurrent mark sweep GC freed 20(704B) AllocSpace objects, 0(0B) LOS objects, 29% free, 37MB/53MB, paused 686us total 53.654ms
08-06 12:00:32.203  4314  6634 I art     : Starting a blocking GC Explicit
08-06 12:00:32.253  4314  6634 I art     : Explicit concurrent mark sweep GC freed 3(96B) AllocSpace objects, 0(0B) LOS objects, 29% free, 37MB/53MB, paused 538us total 49.410ms
08-06 12:00:32.272  4314  6634 I art     : Starting a blocking GC Explicit
08-06 12:00:32.322  4314  6634 I art     : Explicit concurrent mark sweep GC freed 3(96B) AllocSpace objects, 0(0B) LOS objects, 29% free, 37MB/53MB, paused 482us total 49.977ms
08-06 12:00:32.341  4314  6634 I art     : Starting a blocking GC Explicit
08-06 12:00:32.390  4314  6634 I art     : Explicit concurrent mark sweep GC freed 3(96B) AllocSpace objects, 0(0B) LOS objects, 29% free, 37MB/53MB, paused 538us total 48.272ms
08-06 12:00:32.719  4314  4327 I art     : Starting a blocking GC Explicit
08-06 12:00:32.775  4314  4327 I art     : Explicit concurrent mark sweep GC freed 1356(82KB) AllocSpace objects, 1(20KB) LOS objects, 29% free, 37MB/53MB, paused 620us total 56.215ms
08-06 12:00:32.794  4314  4327 I art     : Starting a blocking GC Explicit
08-06 12:00:32.843  4314  4327 I art     : Explicit concurrent mark sweep GC freed 20(704B) AllocSpace objects, 0(0B) LOS objects, 29% free, 37MB/53MB, paused 568us total 47.877ms
08-06 12:00:32.862  4314  4327 I art     : Starting a blocking GC Explicit
08-06 12:00:32.912  4314  4327 I art     : Explicit concurrent mark sweep GC freed 3(96B) AllocSpace objects, 0(0B) LOS objects, 29% free, 37MB/53MB, paused 572us total 50.641ms
08-06 12:00:32.932  4314  4327 I art     : Starting a blocking GC Explicit
08-06 12:00:32.954  3017  3017 I Atfwd_Sendcmd: AtCmdFwd service not ready - Exhausted retry attempts - :6
08-06 12:00:32.954  3017  3017 I Atfwd_Daemon: result : -1 	 ,Init step :2 	 ,qmiErrorCode: 0
08-06 12:00:32.985  4314  4327 I art     : Explicit concurrent mark sweep GC freed 3(96B) AllocSpace objects, 0(0B) LOS objects, 29% free, 37MB/53MB, paused 549us total 52.701ms
08-06 12:00:33.004  4314  4327 I art     : Starting a blocking GC Explicit
08-06 12:00:33.056  4314  4327 I art     : Explicit concurrent mark sweep GC freed 3(96B) AllocSpace objects, 0(0B) LOS objects, 29% free, 37MB/53MB, paused 579us total 52.141ms
08-06 12:00:33.100  8216  8216 D AndroidRuntime: >>>>>> START com.android.internal.os.RuntimeInit uid 2000 <<<<<<
08-06 12:00:33.106  8216  8216 D AndroidRuntime: CheckJNI is OFF
08-06 12:00:33.149  8216  8216 D ICU     : No timezone override file found: /data/misc/zoneinfo/current/icu/icu_tzdata.dat
08-06 12:00:33.199  8216  8216 I Radio-JNI: register_android_hardware_Radio DONE
08-06 12:00:33.229  8216  8216 D AndroidRuntime: Calling main entry com.android.commands.am.Am
08-06 12:00:33.236 14970 14970 I Trepn   : Trepn 6.2s: Received intent: com.quicinc.trepn.stop_profiling
08-06 12:00:33.282 14970 14970 I Trepn   : Trepn 6.2s: Trepn has Stopped Profiling.
08-06 12:00:33.397  4314  4380 I art     : Starting a blocking GC Explicit
08-06 12:00:33.449  4314  4380 I art     : Explicit concurrent mark sweep GC freed 1356(82KB) AllocSpace objects, 1(20KB) LOS objects, 29% free, 37MB/53MB, paused 575us total 51.242ms
08-06 12:00:33.468  4314  4380 I art     : Starting a blocking GC Explicit
08-06 12:00:33.519  4314  4380 I art     : Explicit concurrent mark sweep GC freed 20(704B) AllocSpace objects, 0(0B) LOS objects, 29% free, 37MB/53MB, paused 636us total 50.829ms
08-06 12:00:33.541  4314  4380 I art     : Starting a blocking GC Explicit
08-06 12:00:33.587  8216  8216 D AndroidRuntime: Shutting down VM
08-06 12:00:33.590  4314  4380 I art     : Explicit concurrent mark sweep GC freed 3(96B) AllocSpace objects, 0(0B) LOS objects, 29% free, 37MB/53MB, paused 674us total 48.704ms
08-06 12:00:33.593   918  4400 W AppOps  : Finishing op nesting under-run: uid 10078 pkg com.quicinc.trepn code 24 time=0 duration=0 nesting=0
08-06 12:00:33.611  4314  4380 I art     : Starting a blocking GC Explicit
08-06 12:00:33.653  4314  4380 I art     : Explicit concurrent mark sweep GC freed 3(96B) AllocSpace objects, 0(0B) LOS objects, 29% free, 37MB/53MB, paused 487us total 41.871ms
08-06 12:00:33.671  4314  4380 I art     : Starting a blocking GC Explicit
08-06 12:00:33.722  4314  4380 I art     : Explicit concurrent mark sweep GC freed 3(96B) AllocSpace objects, 0(0B) LOS objects, 29% free, 37MB/53MB, paused 565us total 51.381ms
08-06 12:00:33.843   918  3188 I hubconnection: sensorhub said: 'set_bias 3: -5.3760, 0.0000, 0.0000'
08-06 12:00:34.062  4314  4326 I art     : Starting a blocking GC Explicit
08-06 12:00:34.113  4314  4326 I art     : Explicit concurrent mark sweep GC freed 1356(82KB) AllocSpace objects, 1(20KB) LOS objects, 29% free, 37MB/53MB, paused 520us total 49.833ms
08-06 12:00:34.132  4314  4326 I art     : Starting a blocking GC Explicit
08-06 12:00:34.181  4314  4326 I art     : Explicit concurrent mark sweep GC freed 20(704B) AllocSpace objects, 0(0B) LOS objects, 29% free, 37MB/53MB, paused 506us total 47.785ms
08-06 12:00:34.200  4314  4326 I art     : Starting a blocking GC Explicit
08-06 12:00:34.247  4314  4326 I art     : Explicit concurrent mark sweep GC freed 3(96B) AllocSpace objects, 0(0B) LOS objects, 29% free, 37MB/53MB, paused 552us total 46.637ms
08-06 12:00:34.266  4314  4326 I art     : Starting a blocking GC Explicit
08-06 12:00:34.314  4314  4326 I art     : Explicit concurrent mark sweep GC freed 3(96B) AllocSpace objects, 0(0B) LOS objects, 29% free, 37MB/53MB, paused 493us total 47.883ms
08-06 12:00:34.333  4314  4326 I art     : Starting a blocking GC Explicit
08-06 12:00:34.380  4314  4326 I art     : Explicit concurrent mark sweep GC freed 3(96B) AllocSpace objects, 0(0B) LOS objects, 29% free, 37MB/53MB, paused 484us total 46.716ms
08-06 12:00:36.434   518   646 I ThermalEngine: ACTION: GPU - Setting GPU[0] to 510000000
