--------- beginning of main
08-06 03:59:52.383   918  6112 I AccountManagerService: getTypesVisibleToCaller: isPermitted? true
08-06 03:59:52.420 24365 24750 I Fitness : FitCleanupIntentOperation received Intent android.intent.action.PACKAGE_REMOVED [CONTEXT service_id=17 ]
08-06 03:59:52.420  3784  3784 D CarrierServiceBindHelper: Receive action: android.intent.action.PACKAGE_ADDED
08-06 03:59:52.421  3784  3784 D CarrierServiceBindHelper: Receive action: android.intent.action.PACKAGE_REPLACED
08-06 03:59:52.421  3784  3784 D CarrierServiceBindHelper: mHandler: 3
08-06 03:59:52.421  3784  3784 D CarrierServiceBindHelper: mHandler: 3
08-06 03:59:52.421  3784  3784 D CarrierServiceBindHelper: mHandler: 3
08-06 03:59:52.421  3784  3784 D CarrierConfigLoader: mHandler: 9 phoneId: 0
08-06 03:59:52.422 14692 14692 I Finsky  : [1] uah.a(18): PackageMonitorReceiverImpl - Received: android.intent.action.PACKAGE_REMOVED, [ocpw8ddNLhG67i_cxGNvtEQwqY1k5QNC_my-vN553D4]
08-06 03:59:52.422 14692 14692 I Finsky  : [1] ubi.d(9): Invalidating cached PackageState for baseline.org.quantumbadger.redreader
08-06 03:59:52.435 14692 14692 I Finsky  : [1] lzi.c(2): Frosting ID looked up on UI thread. Caller should move to a background thread.
08-06 03:59:52.441 14692 14692 I Finsky  : [1] nqb.c(3): Installer: package baseline.org.quantumbadger.redreader was removed. replacing: true
08-06 03:59:52.442 14692 14692 I Finsky  : [1] nra.a(188): Installer: Notifying status update. package=baseline.org.quantumbadger.redreader, status=UNINSTALLED
08-06 03:59:52.444   918  3714 I AccountManagerService: getTypesVisibleToCaller: isPermitted? true
08-06 03:59:52.481 14692 14692 I Finsky  : [1] lzi.c(2): Frosting ID looked up on UI thread. Caller should move to a background thread.
08-06 03:59:52.497 14692 24767 I Finsky  : [6286] ejf.a(-1): Cancelled 0 ongoing asset module downloads for package baseline.org.quantumbadger.redreader due to a concurrent app update.
08-06 03:59:52.522 14692 14692 I Finsky  : [1] nra.a(220): Installer: found apps to install. isMultiUserMode=false, apps=[]
08-06 03:59:52.616 14692 24761 I Finsky  : [6284] lyv.run(-1): Wrote row to frosting DB: 3160
08-06 03:59:52.646 24577 24762 I Auth    : [SupervisedAccountIntentOperation] onHandleIntent(): android.intent.action.PACKAGE_ADDED
08-06 03:59:52.648 24577 24760 I ChromeSync: [Sync,SyncIntentOperation] Handling the intent: Intent { act=android.intent.action.PACKAGE_ADDED dat=package:baseline.org.quantumbadger.redreader flg=0x4000010 cmp=com.google.android.gms/.chimera.GmsIntentOperationService (has extras) }.
08-06 03:59:52.655 14692 14876 I Finsky  : [6220] odj.b(52): IQ: Notifying installation update. package=baseline.org.quantumbadger.redreader, status=UNINSTALLED
08-06 03:59:52.660 14692 14692 I Finsky  : [1] uah.a(18): PackageMonitorReceiverImpl - Received: android.intent.action.PACKAGE_ADDED, [ocpw8ddNLhG67i_cxGNvtEQwqY1k5QNC_my-vN553D4]
08-06 03:59:52.661 14692 14692 I Finsky  : [1] ubi.d(9): Invalidating cached PackageState for baseline.org.quantumbadger.redreader
08-06 03:59:52.665 14692 14692 I Finsky  : [1] lzi.c(2): Frosting ID looked up on UI thread. Caller should move to a background thread.
08-06 03:59:52.670 14692 24766 I Finsky  : [6285] gzn.a(-1): [ContentSync] finished, scheduled=false
08-06 03:59:52.672 14692 14692 I Finsky  : [1] agsx.a(4): Do not start WearSupportService due to Wear service optimization
08-06 03:59:52.720 14692 24767 I Finsky  : [6286] ejc.a(-1): Asset module broadcast after update successful for package baseline.org.quantumbadger.redreader. 0 sessions broadcast.
08-06 03:59:52.730 14692 14692 I Finsky  : [1] lzi.c(2): Frosting ID looked up on UI thread. Caller should move to a background thread.
--------- beginning of system
08-06 03:59:52.735   918  4413 W ActivityManager: Unable to start service Intent { act=com.google.android.gms.auth.key.retrieval.service.START pkg=com.google.android.gms } U=0: not found
08-06 03:59:52.736   918  3714 W ActivityManager: Unbind failed: could not find connection for android.os.BinderProxy@3773e5
08-06 03:59:52.777 24577 24621 E GmsClient: unable to connect to service: com.google.android.gms.auth.key.retrieval.service.START on com.google.android.gms
08-06 03:59:52.806 14692 24761 I Finsky  : [6284] lyv.run(-1): Wrote row to frosting DB: 3161
08-06 03:59:52.815 14692 14876 I Finsky  : [6220] odj.b(40): IQ: No matching installs to run for jobs: []
08-06 03:59:52.819 22752 22752 I ServiceManager: Waiting for service AtCmdFwd...
08-06 03:59:52.827 14692 24761 I Finsky  : [6284] lyv.run(-1): Wrote row to frosting DB: 3162
08-06 03:59:52.829   918  5952 I AccountManagerService: getTypesVisibleToCaller: isPermitted? true
08-06 03:59:52.831 24577 24760 I ChromeSync: [Persistence,AffiliationManager] One of affiliation or grouping data for android://bz0hZa4nAJEtd0n5sRlXG7KAqctUMWVefv7Ki4mh1p6slZ9YO-n9gS9j8m9YCrsIyI2wIxrDHraumF9Y6pBLTA==@baseline.org.quantumbadger.redreader/ was not found. Marking affiliation data as stale...
08-06 03:59:52.908 24577 13294 I Icing   : IndexChimeraService.getServiceInterface callingPackage=com.google.android.gms componentName=AppsCorpus serviceId=36
08-06 03:59:52.930 14692 14692 I Finsky  : [1] xmu.a(8): SCH: Jobs in database: 1-1337 3-221 3-222 12-1 24-77777777 26-1414141414 
08-06 03:59:52.933 14692 14692 I Finsky  : [1] xio.a(57): SCH: ConstraintMapping: 24-77777777,  -> L: 0ms, D: 61817994ms, C: false, I: true, N: 0
08-06 03:59:52.933 14692 14692 I Finsky  : [1] xio.a(57): SCH: ConstraintMapping: 1-1337, 12-1,  -> L: 14546ms, D: 65159986ms, C: false, I: false, N: 1
08-06 03:59:52.933 14692 14692 I Finsky  : [1] xio.a(57): SCH: ConstraintMapping: 3-221,  -> L: 0ms, D: 83296494ms, C: false, I: true, N: 2
08-06 03:59:52.934 14692 14692 I Finsky  : [1] xio.a(57): SCH: ConstraintMapping: 3-222,  -> L: 0ms, D: 83296567ms, C: true, I: true, N: 2
08-06 03:59:52.934 14692 14692 I Finsky  : [1] xio.a(57): SCH: ConstraintMapping: 26-1414141414,  -> L: 26607887ms, D: 27507887ms, C: false, I: false, N: 0
08-06 03:59:52.936 14692 24766 I Finsky  : [6285] gzn.a(-1): [ContentSync] finished, scheduled=true
08-06 03:59:52.948 14692 24761 I Finsky  : [6284] lyv.run(-1): Wrote row to frosting DB: 3163
08-06 03:59:52.949 14692 14692 I Finsky  : [1] xle.a(34): Cancelling existing jobscheduler jobs: 9002 9007 9000 9004 9012 9003 9010 9011 9014 9013 
08-06 03:59:52.949 14692 14692 I Finsky  : [1] xle.a(27): Scheduling job Id: 9001, L: 0, D: 61817994, C: false, I: true, N: 0
08-06 03:59:52.951   918  3961 I AccountManagerService: getTypesVisibleToCaller: isPermitted? true
08-06 03:59:52.955 14692 14692 I Finsky  : [1] xle.a(27): Scheduling job Id: 9005, L: 14546, D: 65159986, C: false, I: false, N: 1
08-06 03:59:52.958 14692 14692 I Finsky  : [1] xle.a(27): Scheduling job Id: 9006, L: 0, D: 83296494, C: false, I: true, N: 2
08-06 03:59:52.960 14692 14692 I Finsky  : [1] xle.a(27): Scheduling job Id: 9008, L: 0, D: 83296567, C: true, I: true, N: 2
08-06 03:59:52.967 14692 14692 I Finsky  : [1] xle.a(27): Scheduling job Id: 9009, L: 26607887, D: 27507887, C: false, I: false, N: 0
08-06 03:59:52.968 14692 14692 I Finsky  : [1] xle.a(27): Scheduling job Id: 9015, L: 0, D: 61817994, C: false, I: true, N: 0
08-06 03:59:52.970 14692 14692 I Finsky  : [1] xle.a(27): Scheduling job Id: 9016, L: 14546, D: 65159986, C: false, I: false, N: 1
08-06 03:59:52.972 14692 14692 I Finsky  : [1] xle.a(27): Scheduling job Id: 9017, L: 0, D: 83296494, C: false, I: true, N: 2
08-06 03:59:52.973 14692 14692 I Finsky  : [1] xle.a(27): Scheduling job Id: 9018, L: 0, D: 83296567, C: true, I: true, N: 2
08-06 03:59:52.976 14692 14692 I Finsky  : [1] xle.a(27): Scheduling job Id: 9019, L: 26607887, D: 27507887, C: false, I: false, N: 0
08-06 03:59:52.980   918  3359 I AccountManagerService: getTypesVisibleToCaller: isPermitted? true
08-06 03:59:52.985 24781 24781 D AndroidRuntime: >>>>>> START com.android.internal.os.RuntimeInit uid 2000 <<<<<<
08-06 03:59:52.989 24781 24781 D AndroidRuntime: CheckJNI is OFF
08-06 03:59:53.013 24781 24781 D ICU     : No timezone override file found: /data/misc/zoneinfo/current/icu/icu_tzdata.dat
08-06 03:59:53.039 24781 24781 I Radio-JNI: register_android_hardware_Radio DONE
08-06 03:59:53.054 24781 24781 D AndroidRuntime: Calling main entry com.android.commands.monkey.Monkey
08-06 03:59:53.068 24577 23808 W Icing   : No valid account for uploading user actions
08-06 03:59:53.069   918   931 W BroadcastQueue: Skipping deliver [background] BroadcastRecord{ba2712f u-1 android.net.conn.CONNECTIVITY_CHANGE} to ReceiverList{f50c8c5 24781 (unknown name)/2000/u-1 remote:897e509}: process crashing
08-06 03:59:53.082   918  5481 I ActivityManager: START u0 {act=android.intent.action.MAIN cat=[android.intent.category.LAUNCHER] flg=0x10200000 cmp=baseline.org.quantumbadger.redreader/.activities.MainActivity} from uid 2000 on display 0
08-06 03:59:53.092   918   932 I sensors : batch
08-06 03:59:53.104   918  3188 I hubconnection: sensorhub said: 'batch 31 flags:0, sampling_rate_Hz:15.00, max_report_latency_us:0'
08-06 03:59:53.106   918   928 I ActivityManager: Start proc 24798:baseline.org.quantumbadger.redreader/u0a705 for activity baseline.org.quantumbadger.redreader/.activities.MainActivity
08-06 03:59:53.108 24798 24798 I art     : Late-enabling -Xcheck:jni
08-06 03:59:53.121 24577 23808 I Icing   : Usage reports ok 1, Failed Usage reports 0, indexed 0, rejected 0
08-06 03:59:53.125 24577 23808 I Icing   : Indexing com.google.android.gms-internal.3p:MobileApplication from com.google.android.gms using seqno 763
08-06 03:59:53.129 24577 23808 I Icing   : Indexing com.google.android.gms-internal.3p:MobileApplication from com.google.android.gms using seqno 763
08-06 03:59:53.138 24577 13294 I Icing   : IndexChimeraService.getServiceInterface callingPackage=com.google.android.gms componentName=null serviceId=30
08-06 03:59:53.142 24781 24781 I art     : System.exit called, status: 0
08-06 03:59:53.142 24781 24781 I AndroidRuntime: VM exiting with result code 0.
08-06 03:59:53.158   918   932 I sensors : flush
08-06 03:59:53.161 24798 24798 W System  : ClassLoader referenced unknown path: /data/app/baseline.org.quantumbadger.redreader-1/lib/arm64
08-06 03:59:53.164   918  3188 I hubconnection: sensorhub said: 'flush 31'
08-06 03:59:53.164   918  3188 I hubconnection: saw sensor 31 flushed
08-06 03:59:53.171 24798 24798 I RedReader: Application created.
08-06 03:59:53.173 24577 23808 W Icing   : No valid account for uploading user actions
08-06 03:59:53.179 24798 24820 I RedditChangeDataIO: Running initial read...
08-06 03:59:53.180 24798 24798 I RedReader: Checking for new messages.
08-06 03:59:53.184 24798 24820 I RedditChangeDataIO: Data file at '/data/user/0/baseline.org.quantumbadger.redreader/files/rr_change_data.dat'
08-06 03:59:53.184 24798 24820 I RedditChangeDataIO: Data file does not exist. Aborting read.
08-06 03:59:53.184 24798 24820 I RedditChangeDataManager: Pruning for all users...
08-06 03:59:53.185 24798 24820 I RedditChangeDataManager: Pruning complete.
08-06 03:59:53.190 16458  6583 I PBSessionCacheImpl: Deleted sessionId[72384646105454640] from persistence.
08-06 03:59:53.196 16458 16488 W SearchServiceCore: Abort, client detached.
08-06 03:59:53.196 16458 16488 I MicroDetectionState: Should stop hotword detection immediately - true
08-06 03:59:53.211 24577 23808 I Icing   : Usage reports ok 1, Failed Usage reports 0, indexed 0, rejected 0
08-06 03:59:53.213 24577 13294 I Icing   : IndexChimeraService.getServiceInterface callingPackage=com.google.android.gms componentName=null serviceId=36
08-06 03:59:53.217 24577 22836 W Icing   : No valid account for uploading user actions
08-06 03:59:53.231 24577 22836 I Icing   : Usage reports ok 0, Failed Usage reports 0, indexed 0, rejected 0
08-06 03:59:53.254 24798 24798 W art     : Before Android 4.1, method android.graphics.PorterDuffColorFilter androidx.vectordrawable.graphics.drawable.VectorDrawableCompat.updateTintFilter(android.graphics.PorterDuffColorFilter, android.content.res.ColorStateList, android.graphics.PorterDuff$Mode) would have incorrectly overridden the package-private method in android.graphics.drawable.Drawable
08-06 03:59:53.273 24798 24798 I art     : Rejecting re-init on previously-failed class java.lang.Class<androidx.core.view.ViewCompat$2>
08-06 03:59:53.273 24798 24798 I art     : Rejecting re-init on previously-failed class java.lang.Class<androidx.core.view.ViewCompat$2>
08-06 03:59:53.281 24798 24798 I AppCompatViewInflater: app:theme is now deprecated. Please move to using android:theme instead.
08-06 03:59:53.291 24798 24819 I CacheManager: Pruning 108 files
08-06 03:59:53.470 24798 24798 I RawObjectDB query string: CREATE TABLE objects(RawObjectDB_id TEXT PRIMARY KEY ON CONFLICT REPLACE,RawObjectDB_timestamp INTEGER,serialised TEXT)
08-06 03:59:53.531 24798 24798 I RawObjectDB query string: CREATE TABLE objects(RawObjectDB_id TEXT PRIMARY KEY ON CONFLICT REPLACE,RawObjectDB_timestamp INTEGER,serialised TEXT)
08-06 03:59:53.598 24798 24822 D OpenGLRenderer: Use EGL_SWAP_BEHAVIOR_PRESERVED: true
08-06 03:59:53.637 24798 24822 I Adreno  : QUALCOMM build                   : fcf4852, I1af360237c
08-06 03:59:53.637 24798 24822 I Adreno  : Build Date                       : 09/23/15
08-06 03:59:53.637 24798 24822 I Adreno  : OpenGL ES Shader Compiler Version: XE031.05.13.02
08-06 03:59:53.637 24798 24822 I Adreno  : Local Branch                     : mybranch14465806
08-06 03:59:53.637 24798 24822 I Adreno  : Remote Branch                    : quic/LA.BF64.1.2.9_v2
08-06 03:59:53.637 24798 24822 I Adreno  : Remote Branch                    : NONE
08-06 03:59:53.637 24798 24822 I Adreno  : Reconstruct Branch               : NOTHING
08-06 03:59:53.641 24798 24822 I OpenGLRenderer: Initialized EGL, version 1.4
08-06 03:59:53.820 22752 22752 I ServiceManager: Waiting for service AtCmdFwd...
08-06 03:59:53.948   918   936 I ActivityManager: Displayed baseline.org.quantumbadger.redreader/.activities.MainActivity: +856ms
08-06 03:59:54.124 24577 22836 I Icing   : Indexing com.google.android.gms-apps from com.google.android.gms
08-06 03:59:54.216 24577 22836 I Icing   : Indexing done com.google.android.gms-apps
08-06 03:59:54.715 24838 24838 D AndroidRuntime: >>>>>> START com.android.internal.os.RuntimeInit uid 2000 <<<<<<
08-06 03:59:54.721 24838 24838 D AndroidRuntime: CheckJNI is OFF
08-06 03:59:54.752 24838 24838 D ICU     : No timezone override file found: /data/misc/zoneinfo/current/icu/icu_tzdata.dat
08-06 03:59:54.787 24838 24838 I Radio-JNI: register_android_hardware_Radio DONE
08-06 03:59:54.805 24838 24838 D AndroidRuntime: Calling main entry com.android.commands.am.Am
08-06 03:59:54.814  3167  3167 I Trepn   : Trepn 6.2s: Received intent: com.quicinc.trepn.start_profiling
08-06 03:59:54.821 22752 22752 I ServiceManager: Waiting for service AtCmdFwd...
08-06 03:59:54.963  3167  3167 W FileUtils: Failed to chmod(/storage/emulated/0/trepn/Trepn_2020.08.06_035954.db): android.system.ErrnoException: chmod failed: EPERM (Operation not permitted)
08-06 03:59:55.165  3167  3167 I Trepn   : Trepn 6.2s: Trepn has Started Profiling.
08-06 03:59:55.167 24838 24838 D AndroidRuntime: Shutting down VM
08-06 03:59:55.185   918  3261 D WifiStateMachine: starting scan for "H369AA63323"WPA_PSK with 2412,5180
08-06 03:59:55.230   918   930 I UsageStatsService: User[0] Flushing usage stats to disk
08-06 03:59:55.618 24798 24811 I art     : Starting a blocking GC Explicit
08-06 03:59:55.650 24798 24811 I art     : Explicit concurrent mark sweep GC freed 20158(1821KB) AllocSpace objects, 8(216KB) LOS objects, 40% free, 20MB/34MB, paused 211us total 30.713ms
08-06 03:59:55.663 24798 24811 I art     : Starting a blocking GC Explicit
08-06 03:59:55.674 24798 24811 I art     : Explicit concurrent mark sweep GC freed 1530(73KB) AllocSpace objects, 0(0B) LOS objects, 40% free, 20MB/34MB, paused 115us total 10.717ms
08-06 03:59:55.682 24798 24811 I art     : Starting a blocking GC Explicit
08-06 03:59:55.693 24798 24811 I art     : Explicit concurrent mark sweep GC freed 3(96B) AllocSpace objects, 0(0B) LOS objects, 40% free, 20MB/34MB, paused 125us total 10.385ms
08-06 03:59:55.701 24798 24811 I art     : Starting a blocking GC Explicit
08-06 03:59:55.711 24798 24811 I art     : Explicit concurrent mark sweep GC freed 3(96B) AllocSpace objects, 0(0B) LOS objects, 40% free, 20MB/34MB, paused 124us total 10.417ms
08-06 03:59:55.719 24798 24811 I art     : Starting a blocking GC Explicit
08-06 03:59:55.730 24798 24811 I art     : Explicit concurrent mark sweep GC freed 3(96B) AllocSpace objects, 0(0B) LOS objects, 40% free, 20MB/34MB, paused 113us total 10.237ms
08-06 03:59:55.821 22752 22752 I ServiceManager: Waiting for service AtCmdFwd...
08-06 03:59:56.008 24798 24827 I art     : Starting a blocking GC Explicit
08-06 03:59:56.024 24798 24827 I art     : Explicit concurrent mark sweep GC freed 1339(78KB) AllocSpace objects, 1(20KB) LOS objects, 40% free, 20MB/34MB, paused 139us total 15.736ms
08-06 03:59:56.036 24798 24827 I art     : Starting a blocking GC Explicit
08-06 03:59:56.050 24798 24827 I art     : Explicit concurrent mark sweep GC freed 20(704B) AllocSpace objects, 0(0B) LOS objects, 40% free, 20MB/34MB, paused 127us total 13.247ms
08-06 03:59:56.061 24798 24827 I art     : Starting a blocking GC Explicit
08-06 03:59:56.074 24798 24827 I art     : Explicit concurrent mark sweep GC freed 3(96B) AllocSpace objects, 0(0B) LOS objects, 40% free, 20MB/34MB, paused 119us total 12.973ms
08-06 03:59:56.085 24798 24827 I art     : Starting a blocking GC Explicit
08-06 03:59:56.096 24798 24827 I art     : Explicit concurrent mark sweep GC freed 3(96B) AllocSpace objects, 0(0B) LOS objects, 40% free, 20MB/34MB, paused 167us total 10.859ms
08-06 03:59:56.104 24798 24827 I art     : Starting a blocking GC Explicit
08-06 03:59:56.113 24798 24827 I art     : Explicit concurrent mark sweep GC freed 3(96B) AllocSpace objects, 0(0B) LOS objects, 40% free, 20MB/34MB, paused 102us total 9.040ms
08-06 03:59:56.367 24798 24809 I art     : Starting a blocking GC Explicit
08-06 03:59:56.382 24798 24809 I art     : Explicit concurrent mark sweep GC freed 1335(78KB) AllocSpace objects, 1(20KB) LOS objects, 40% free, 20MB/34MB, paused 138us total 14.049ms
08-06 03:59:56.395 24798 24809 I art     : Starting a blocking GC Explicit
08-06 03:59:56.406 24798 24809 I art     : Explicit concurrent mark sweep GC freed 20(704B) AllocSpace objects, 0(0B) LOS objects, 40% free, 20MB/34MB, paused 114us total 10.709ms
08-06 03:59:56.414 24798 24809 I art     : Starting a blocking GC Explicit
08-06 03:59:56.425 24798 24809 I art     : Explicit concurrent mark sweep GC freed 3(96B) AllocSpace objects, 0(0B) LOS objects, 40% free, 20MB/34MB, paused 133us total 10.290ms
08-06 03:59:56.432 24798 24809 I art     : Starting a blocking GC Explicit
08-06 03:59:56.443 24798 24809 I art     : Explicit concurrent mark sweep GC freed 3(96B) AllocSpace objects, 0(0B) LOS objects, 40% free, 20MB/34MB, paused 109us total 10.584ms
08-06 03:59:56.451 24798 24809 I art     : Starting a blocking GC Explicit
08-06 03:59:56.462 24798 24809 I art     : Explicit concurrent mark sweep GC freed 3(96B) AllocSpace objects, 0(0B) LOS objects, 40% free, 20MB/34MB, paused 107us total 10.449ms
08-06 03:59:56.770 24798 24811 I art     : Starting a blocking GC Explicit
08-06 03:59:56.789 24798 24811 I art     : Explicit concurrent mark sweep GC freed 1335(78KB) AllocSpace objects, 1(20KB) LOS objects, 40% free, 20MB/34MB, paused 141us total 18.408ms
08-06 03:59:56.801 24798 24811 I art     : Starting a blocking GC Explicit
08-06 03:59:56.815 24798 24811 I art     : Explicit concurrent mark sweep GC freed 20(704B) AllocSpace objects, 0(0B) LOS objects, 40% free, 20MB/34MB, paused 152us total 13.474ms
08-06 03:59:56.822 22752 22752 W Atfwd_Sendcmd: AtCmdFwd service not published, waiting... retryCnt : 3
08-06 03:59:56.826 24798 24811 I art     : Starting a blocking GC Explicit
08-06 03:59:56.837 24798 24811 I art     : Explicit concurrent mark sweep GC freed 3(96B) AllocSpace objects, 0(0B) LOS objects, 40% free, 20MB/34MB, paused 128us total 10.712ms
08-06 03:59:56.845 24798 24811 I art     : Starting a blocking GC Explicit
08-06 03:59:56.856 24798 24811 I art     : Explicit concurrent mark sweep GC freed 3(96B) AllocSpace objects, 0(0B) LOS objects, 40% free, 20MB/34MB, paused 120us total 10.448ms
08-06 03:59:56.864 24798 24811 I art     : Starting a blocking GC Explicit
08-06 03:59:56.874 24798 24811 I art     : Explicit concurrent mark sweep GC freed 3(96B) AllocSpace objects, 0(0B) LOS objects, 40% free, 20MB/34MB, paused 117us total 10.006ms
08-06 03:59:57.145 24798 24827 I art     : Starting a blocking GC Explicit
08-06 03:59:57.159 24798 24827 I art     : Explicit concurrent mark sweep GC freed 1335(78KB) AllocSpace objects, 1(20KB) LOS objects, 40% free, 20MB/34MB, paused 137us total 13.722ms
08-06 03:59:57.171 24798 24827 I art     : Starting a blocking GC Explicit
08-06 03:59:57.184 24798 24827 I art     : Explicit concurrent mark sweep GC freed 20(704B) AllocSpace objects, 0(0B) LOS objects, 40% free, 20MB/34MB, paused 125us total 13.422ms
08-06 03:59:57.193 24798 24827 I art     : Starting a blocking GC Explicit
08-06 03:59:57.204 24798 24827 I art     : Explicit concurrent mark sweep GC freed 3(96B) AllocSpace objects, 0(0B) LOS objects, 40% free, 20MB/34MB, paused 113us total 10.734ms
08-06 03:59:57.212 24798 24827 I art     : Starting a blocking GC Explicit
08-06 03:59:57.224 24798 24827 I art     : Explicit concurrent mark sweep GC freed 3(96B) AllocSpace objects, 0(0B) LOS objects, 40% free, 20MB/34MB, paused 115us total 10.942ms
08-06 03:59:57.232 24798 24827 I art     : Starting a blocking GC Explicit
08-06 03:59:57.242 24798 24827 I art     : Explicit concurrent mark sweep GC freed 3(96B) AllocSpace objects, 0(0B) LOS objects, 40% free, 20MB/34MB, paused 110us total 10.392ms
08-06 03:59:57.545 24798 24809 I art     : Starting a blocking GC Explicit
08-06 03:59:57.561 24798 24809 I art     : Explicit concurrent mark sweep GC freed 1336(78KB) AllocSpace objects, 1(20KB) LOS objects, 40% free, 20MB/34MB, paused 172us total 14.869ms
08-06 03:59:57.576 24798 24809 I art     : Starting a blocking GC Explicit
08-06 03:59:57.588 24798 24809 I art     : Explicit concurrent mark sweep GC freed 20(704B) AllocSpace objects, 0(0B) LOS objects, 40% free, 20MB/34MB, paused 119us total 11.443ms
08-06 03:59:57.596 24798 24809 I art     : Starting a blocking GC Explicit
08-06 03:59:57.607 24798 24809 I art     : Explicit concurrent mark sweep GC freed 3(96B) AllocSpace objects, 0(0B) LOS objects, 40% free, 20MB/34MB, paused 182us total 10.549ms
08-06 03:59:57.615 24798 24809 I art     : Starting a blocking GC Explicit
08-06 03:59:57.626 24798 24809 I art     : Explicit concurrent mark sweep GC freed 3(96B) AllocSpace objects, 0(0B) LOS objects, 40% free, 20MB/34MB, paused 117us total 10.119ms
08-06 03:59:57.633 24798 24809 I art     : Starting a blocking GC Explicit
08-06 03:59:57.644 24798 24809 I art     : Explicit concurrent mark sweep GC freed 3(96B) AllocSpace objects, 0(0B) LOS objects, 40% free, 20MB/34MB, paused 116us total 9.957ms
08-06 03:59:57.864 24577 24757 W art     : No such thread id for suspend: 208
08-06 03:59:57.956 24798 24811 I art     : Starting a blocking GC Explicit
08-06 03:59:57.973 24798 24811 I art     : Explicit concurrent mark sweep GC freed 1336(78KB) AllocSpace objects, 1(20KB) LOS objects, 40% free, 20MB/34MB, paused 167us total 16.882ms
08-06 03:59:57.985 24798 24811 I art     : Starting a blocking GC Explicit
08-06 03:59:57.999 24798 24811 I art     : Explicit concurrent mark sweep GC freed 20(704B) AllocSpace objects, 0(0B) LOS objects, 40% free, 20MB/34MB, paused 141us total 13.479ms
08-06 03:59:58.009 24798 24811 I art     : Starting a blocking GC Explicit
08-06 03:59:58.021 24798 24811 I art     : Explicit concurrent mark sweep GC freed 3(96B) AllocSpace objects, 0(0B) LOS objects, 40% free, 20MB/34MB, paused 124us total 10.854ms
08-06 03:59:58.029 24798 24811 I art     : Starting a blocking GC Explicit
08-06 03:59:58.039 24798 24811 I art     : Explicit concurrent mark sweep GC freed 3(96B) AllocSpace objects, 0(0B) LOS objects, 40% free, 20MB/34MB, paused 115us total 10.506ms
08-06 03:59:58.048 24798 24811 I art     : Starting a blocking GC Explicit
08-06 03:59:58.059 24798 24811 I art     : Explicit concurrent mark sweep GC freed 3(96B) AllocSpace objects, 0(0B) LOS objects, 40% free, 20MB/34MB, paused 121us total 10.490ms
08-06 03:59:58.346 24798 24827 I art     : Starting a blocking GC Explicit
08-06 03:59:58.359 24798 24827 I art     : Explicit concurrent mark sweep GC freed 1335(78KB) AllocSpace objects, 1(20KB) LOS objects, 40% free, 20MB/34MB, paused 120us total 13.583ms
08-06 03:59:58.368 24798 24827 I art     : Starting a blocking GC Explicit
08-06 03:59:58.380 24798 24827 I art     : Explicit concurrent mark sweep GC freed 20(704B) AllocSpace objects, 0(0B) LOS objects, 40% free, 20MB/34MB, paused 117us total 11.305ms
08-06 03:59:58.388 24798 24827 I art     : Starting a blocking GC Explicit
08-06 03:59:58.399 24798 24827 I art     : Explicit concurrent mark sweep GC freed 3(96B) AllocSpace objects, 0(0B) LOS objects, 40% free, 20MB/34MB, paused 111us total 10.782ms
08-06 03:59:58.407 24798 24827 I art     : Starting a blocking GC Explicit
08-06 03:59:58.417 24798 24827 I art     : Explicit concurrent mark sweep GC freed 3(96B) AllocSpace objects, 0(0B) LOS objects, 40% free, 20MB/34MB, paused 115us total 10.557ms
08-06 03:59:58.425 24798 24827 I art     : Starting a blocking GC Explicit
08-06 03:59:58.436 24798 24827 I art     : Explicit concurrent mark sweep GC freed 3(96B) AllocSpace objects, 0(0B) LOS objects, 40% free, 20MB/34MB, paused 109us total 10.676ms
08-06 03:59:58.735 24798 24809 I art     : Starting a blocking GC Explicit
08-06 03:59:58.748 24798 24809 I art     : Explicit concurrent mark sweep GC freed 1335(78KB) AllocSpace objects, 1(20KB) LOS objects, 40% free, 20MB/34MB, paused 125us total 12.869ms
08-06 03:59:58.757 24798 24809 I art     : Starting a blocking GC Explicit
08-06 03:59:58.768 24798 24809 I art     : Explicit concurrent mark sweep GC freed 20(704B) AllocSpace objects, 0(0B) LOS objects, 40% free, 20MB/34MB, paused 114us total 11.318ms
08-06 03:59:58.777 24798 24809 I art     : Starting a blocking GC Explicit
08-06 03:59:58.788 24798 24809 I art     : Explicit concurrent mark sweep GC freed 3(96B) AllocSpace objects, 0(0B) LOS objects, 40% free, 20MB/34MB, paused 108us total 10.816ms
08-06 03:59:58.796 24798 24809 I art     : Starting a blocking GC Explicit
08-06 03:59:58.807 24798 24809 I art     : Explicit concurrent mark sweep GC freed 3(96B) AllocSpace objects, 0(0B) LOS objects, 40% free, 20MB/34MB, paused 129us total 10.721ms
08-06 03:59:58.815 24798 24809 I art     : Starting a blocking GC Explicit
08-06 03:59:58.825 24798 24809 I art     : Explicit concurrent mark sweep GC freed 3(96B) AllocSpace objects, 0(0B) LOS objects, 40% free, 20MB/34MB, paused 114us total 10.404ms
08-06 03:59:59.119 24798 24811 I art     : Starting a blocking GC Explicit
08-06 03:59:59.132 24798 24811 I art     : Explicit concurrent mark sweep GC freed 1335(78KB) AllocSpace objects, 1(20KB) LOS objects, 40% free, 20MB/34MB, paused 138us total 12.745ms
08-06 03:59:59.141 24798 24811 I art     : Starting a blocking GC Explicit
08-06 03:59:59.152 24798 24811 I art     : Explicit concurrent mark sweep GC freed 20(704B) AllocSpace objects, 0(0B) LOS objects, 40% free, 20MB/34MB, paused 118us total 10.632ms
08-06 03:59:59.160 24798 24811 I art     : Starting a blocking GC Explicit
08-06 03:59:59.170 24798 24811 I art     : Explicit concurrent mark sweep GC freed 3(96B) AllocSpace objects, 0(0B) LOS objects, 40% free, 20MB/34MB, paused 108us total 9.644ms
08-06 03:59:59.177 24798 24811 I art     : Starting a blocking GC Explicit
08-06 03:59:59.186 24798 24811 I art     : Explicit concurrent mark sweep GC freed 3(96B) AllocSpace objects, 0(0B) LOS objects, 40% free, 20MB/34MB, paused 112us total 9.107ms
08-06 03:59:59.194 24798 24811 I art     : Starting a blocking GC Explicit
08-06 03:59:59.203 24798 24811 I art     : Explicit concurrent mark sweep GC freed 3(96B) AllocSpace objects, 0(0B) LOS objects, 40% free, 20MB/34MB, paused 113us total 9.007ms
08-06 03:59:59.487 24798 24827 I art     : Starting a blocking GC Explicit
08-06 03:59:59.502 24798 24827 I art     : Explicit concurrent mark sweep GC freed 1335(78KB) AllocSpace objects, 1(20KB) LOS objects, 40% free, 20MB/34MB, paused 130us total 15.343ms
08-06 03:59:59.514 24798 24827 I art     : Starting a blocking GC Explicit
08-06 03:59:59.525 24798 24827 I art     : Explicit concurrent mark sweep GC freed 20(704B) AllocSpace objects, 0(0B) LOS objects, 40% free, 20MB/34MB, paused 117us total 11.164ms
08-06 03:59:59.533 24798 24827 I art     : Starting a blocking GC Explicit
08-06 03:59:59.544 24798 24827 I art     : Explicit concurrent mark sweep GC freed 3(96B) AllocSpace objects, 0(0B) LOS objects, 40% free, 20MB/34MB, paused 102us total 10.489ms
08-06 03:59:59.552 24798 24827 I art     : Starting a blocking GC Explicit
08-06 03:59:59.563 24798 24827 I art     : Explicit concurrent mark sweep GC freed 3(96B) AllocSpace objects, 0(0B) LOS objects, 40% free, 20MB/34MB, paused 108us total 10.592ms
08-06 03:59:59.571 24798 24827 I art     : Starting a blocking GC Explicit
08-06 03:59:59.582 24798 24827 I art     : Explicit concurrent mark sweep GC freed 3(96B) AllocSpace objects, 0(0B) LOS objects, 40% free, 20MB/34MB, paused 108us total 10.580ms
08-06 03:59:59.878 24798 24809 I art     : Starting a blocking GC Explicit
08-06 03:59:59.891 24798 24809 I art     : Explicit concurrent mark sweep GC freed 1335(78KB) AllocSpace objects, 1(20KB) LOS objects, 40% free, 20MB/34MB, paused 130us total 13.054ms
08-06 03:59:59.901 24798 24809 I art     : Starting a blocking GC Explicit
08-06 03:59:59.912 24798 24809 I art     : Explicit concurrent mark sweep GC freed 20(704B) AllocSpace objects, 0(0B) LOS objects, 40% free, 20MB/34MB, paused 150us total 11.158ms
08-06 03:59:59.920 24798 24809 I art     : Starting a blocking GC Explicit
08-06 03:59:59.931 24798 24809 I art     : Explicit concurrent mark sweep GC freed 3(96B) AllocSpace objects, 0(0B) LOS objects, 40% free, 20MB/34MB, paused 110us total 10.045ms
08-06 03:59:59.939 24798 24809 I art     : Starting a blocking GC Explicit
08-06 03:59:59.949 24798 24809 I art     : Explicit concurrent mark sweep GC freed 3(96B) AllocSpace objects, 0(0B) LOS objects, 40% free, 20MB/34MB, paused 101us total 10.112ms
08-06 03:59:59.957 24798 24809 I art     : Starting a blocking GC Explicit
08-06 03:59:59.966 24798 24809 I art     : Explicit concurrent mark sweep GC freed 3(96B) AllocSpace objects, 0(0B) LOS objects, 40% free, 20MB/34MB, paused 113us total 9.750ms
08-06 04:00:00.014   918   937 W ProcessCpuTracker: Skipping unknown process pid 24989
08-06 04:00:00.218 24798 24811 I art     : Starting a blocking GC Explicit
08-06 04:00:00.231 24798 24811 I art     : Explicit concurrent mark sweep GC freed 1335(78KB) AllocSpace objects, 1(20KB) LOS objects, 40% free, 20MB/34MB, paused 145us total 12.786ms
08-06 04:00:00.240 24798 24811 I art     : Starting a blocking GC Explicit
08-06 04:00:00.251 24798 24811 I art     : Explicit concurrent mark sweep GC freed 20(704B) AllocSpace objects, 0(0B) LOS objects, 40% free, 20MB/34MB, paused 140us total 10.704ms
08-06 04:00:00.259 24798 24811 I art     : Starting a blocking GC Explicit
08-06 04:00:00.270 24798 24811 I art     : Explicit concurrent mark sweep GC freed 3(96B) AllocSpace objects, 0(0B) LOS objects, 40% free, 20MB/34MB, paused 126us total 10.400ms
08-06 04:00:00.278 24798 24811 I art     : Starting a blocking GC Explicit
08-06 04:00:00.288 24798 24811 I art     : Explicit concurrent mark sweep GC freed 3(96B) AllocSpace objects, 0(0B) LOS objects, 40% free, 20MB/34MB, paused 127us total 10.444ms
08-06 04:00:00.297 24798 24811 I art     : Starting a blocking GC Explicit
08-06 04:00:00.307 24798 24811 I art     : Explicit concurrent mark sweep GC freed 3(96B) AllocSpace objects, 0(0B) LOS objects, 40% free, 20MB/34MB, paused 135us total 10.083ms
08-06 04:00:00.500 25007 25007 D AndroidRuntime: >>>>>> START com.android.internal.os.RuntimeInit uid 2000 <<<<<<
08-06 04:00:00.504 25007 25007 D AndroidRuntime: CheckJNI is OFF
08-06 04:00:00.530 25007 25007 D ICU     : No timezone override file found: /data/misc/zoneinfo/current/icu/icu_tzdata.dat
08-06 04:00:00.555 25007 25007 I Radio-JNI: register_android_hardware_Radio DONE
08-06 04:00:00.570 25007 25007 D AndroidRuntime: Calling main entry com.android.commands.input.Input
08-06 04:00:00.572 25007 25007 I Input   : injectMotionEvent: MotionEvent { action=ACTION_DOWN, actionButton=0, id[0]=0, x[0]=720.0, y[0]=1440.0, toolType[0]=TOOL_TYPE_UNKNOWN, buttonState=0, metaState=0, flags=0x0, edgeFlags=0x0, pointerCount=1, historySize=0, eventTime=849616985, downTime=849616985, deviceId=0, source=0x1002 }
08-06 04:00:00.576 25007 25007 I Input   : injectMotionEvent: MotionEvent { action=ACTION_UP, actionButton=0, id[0]=0, x[0]=720.0, y[0]=1440.0, toolType[0]=TOOL_TYPE_UNKNOWN, buttonState=0, metaState=0, flags=0x0, edgeFlags=0x0, pointerCount=1, historySize=0, eventTime=849616985, downTime=849616985, deviceId=0, source=0x1002 }
08-06 04:00:00.577 25007 25007 D AndroidRuntime: Shutting down VM
08-06 04:00:00.594   512  2967 D audio_hw_primary: out_set_parameters: enter: usecase(1: low-latency-playback) kvpairs: routing=2
08-06 04:00:00.600 24798 24827 I art     : Starting a blocking GC Explicit
08-06 04:00:00.605 13866 13866 I GoogleInputMethodServic: GoogleInputMethodService.onFinishInput():3138 
08-06 04:00:00.607   512  2967 D audio_hw_primary: select_devices: out_snd_device(2: speaker) in_snd_device(0: none)
08-06 04:00:00.607 13866 13866 I GoogleInputMethodServic: GoogleInputMethodService.onStartInput():1808 
08-06 04:00:00.608   512  2967 D msm8974_platform: platform_send_audio_calibration: sending audio calibration for snd_device(2) acdb_id(15)
08-06 04:00:00.608   512  2967 I soundtrigger: audio_extn_sound_trigger_update_device_status: device 0x2 of type 0 for Event 1
08-06 04:00:00.614 24798 24827 I art     : Explicit concurrent mark sweep GC freed 1449(82KB) AllocSpace objects, 1(20KB) LOS objects, 40% free, 20MB/34MB, paused 186us total 12.946ms
08-06 04:00:00.620   512  2967 D audio_hw_primary: enable_snd_device: snd_device(2: speaker)
08-06 04:00:00.622   512  2967 D audio_hw_primary: enable_audio_route: apply and update mixer path: low-latency-playback speaker
08-06 04:00:00.623 24798 24827 I art     : Starting a blocking GC Explicit
08-06 04:00:00.633 24798 24827 I art     : Explicit concurrent mark sweep GC freed 132(6KB) AllocSpace objects, 0(0B) LOS objects, 40% free, 20MB/34MB, paused 111us total 9.916ms
08-06 04:00:00.641 24798 24827 I art     : Starting a blocking GC Explicit
08-06 04:00:00.650 24798 24827 I art     : Explicit concurrent mark sweep GC freed 863(62KB) AllocSpace objects, 1(76KB) LOS objects, 40% free, 20MB/34MB, paused 117us total 9.109ms
08-06 04:00:00.659 24798 24827 I art     : Starting a blocking GC Explicit
08-06 04:00:00.668 24798 24827 I art     : Explicit concurrent mark sweep GC freed 3(96B) AllocSpace objects, 0(0B) LOS objects, 40% free, 20MB/34MB, paused 112us total 9.601ms
08-06 04:00:00.677 24798 24827 I art     : Starting a blocking GC Explicit
08-06 04:00:00.687 24798 24827 I art     : Explicit concurrent mark sweep GC freed 3(96B) AllocSpace objects, 0(0B) LOS objects, 40% free, 20MB/34MB, paused 115us total 9.879ms
08-06 04:00:00.789   380   380 W SurfaceFlinger: couldn't log to binary event log: overflow.
08-06 04:00:00.908 24798 24811 I art     : Starting a blocking GC Explicit
08-06 04:00:00.919 24798 24811 I art     : Explicit concurrent mark sweep GC freed 1335(78KB) AllocSpace objects, 1(20KB) LOS objects, 40% free, 20MB/34MB, paused 139us total 10.729ms
08-06 04:00:00.927 24798 24811 I art     : Starting a blocking GC Explicit
08-06 04:00:00.937 24798 24811 I art     : Explicit concurrent mark sweep GC freed 20(704B) AllocSpace objects, 0(0B) LOS objects, 40% free, 20MB/34MB, paused 131us total 10.423ms
08-06 04:00:00.946 24798 24811 I art     : Starting a blocking GC Explicit
08-06 04:00:00.956 24798 24811 I art     : Explicit concurrent mark sweep GC freed 3(96B) AllocSpace objects, 0(0B) LOS objects, 40% free, 20MB/34MB, paused 132us total 10.084ms
08-06 04:00:00.964 24798 24811 I art     : Starting a blocking GC Explicit
08-06 04:00:00.974 24798 24811 I art     : Explicit concurrent mark sweep GC freed 3(96B) AllocSpace objects, 0(0B) LOS objects, 40% free, 20MB/34MB, paused 124us total 10.186ms
08-06 04:00:00.982 24798 24811 I art     : Starting a blocking GC Explicit
08-06 04:00:00.992 24798 24811 I art     : Explicit concurrent mark sweep GC freed 3(96B) AllocSpace objects, 0(0B) LOS objects, 40% free, 20MB/34MB, paused 125us total 9.957ms
08-06 04:00:01.144 25034 25034 D AndroidRuntime: >>>>>> START com.android.internal.os.RuntimeInit uid 2000 <<<<<<
08-06 04:00:01.150 25034 25034 D AndroidRuntime: CheckJNI is OFF
08-06 04:00:01.159   512  2967 D audio_hw_primary: disable_audio_route: reset and update mixer path: low-latency-playback speaker
08-06 04:00:01.160   512  2967 D audio_hw_primary: disable_snd_device: snd_device(2: speaker)
08-06 04:00:01.168   512  2967 I soundtrigger: audio_extn_sound_trigger_update_device_status: device 0x2 of type 0 for Event 0
08-06 04:00:01.176 25034 25034 D ICU     : No timezone override file found: /data/misc/zoneinfo/current/icu/icu_tzdata.dat
08-06 04:00:01.201 25034 25034 I Radio-JNI: register_android_hardware_Radio DONE
08-06 04:00:01.216 25034 25034 D AndroidRuntime: Calling main entry com.android.commands.input.Input
08-06 04:00:01.218 25034 25034 I Input   : injectMotionEvent: MotionEvent { action=ACTION_DOWN, actionButton=0, id[0]=0, x[0]=1345.0, y[0]=165.0, toolType[0]=TOOL_TYPE_UNKNOWN, buttonState=0, metaState=0, flags=0x0, edgeFlags=0x0, pointerCount=1, historySize=0, eventTime=849617631, downTime=849617631, deviceId=0, source=0x1002 }
08-06 04:00:01.222 25034 25034 I Input   : injectMotionEvent: MotionEvent { action=ACTION_UP, actionButton=0, id[0]=0, x[0]=1345.0, y[0]=165.0, toolType[0]=TOOL_TYPE_UNKNOWN, buttonState=0, metaState=0, flags=0x0, edgeFlags=0x0, pointerCount=1, historySize=0, eventTime=849617631, downTime=849617631, deviceId=0, source=0x1002 }
08-06 04:00:01.223 25034 25034 D AndroidRuntime: Shutting down VM
08-06 04:00:01.241   512  2967 D audio_hw_primary: out_set_parameters: enter: usecase(1: low-latency-playback) kvpairs: routing=2
08-06 04:00:01.243 24798 24798 W art     : Before Android 4.1, method int androidx.appcompat.widget.DropDownListView.lookForSelectablePosition(int, boolean) would have incorrectly overridden the package-private method in android.widget.ListView
08-06 04:00:01.248 24798 24798 W art     : Before Android 4.1, method int androidx.appcompat.widget.MenuPopupWindow$MenuDropDownListView.lookForSelectablePosition(int, boolean) would have incorrectly overridden the package-private method in android.widget.ListView
08-06 04:00:01.248 24798 24809 I art     : Starting a blocking GC Explicit
08-06 04:00:01.251 24798 24798 I ListPopupWindow: Could not find method setEpicenterBounds(Rect) on PopupWindow. Oh well.
08-06 04:00:01.255   512  2967 D audio_hw_primary: select_devices: out_snd_device(2: speaker) in_snd_device(0: none)
08-06 04:00:01.255   512  2967 D msm8974_platform: platform_send_audio_calibration: sending audio calibration for snd_device(2) acdb_id(15)
08-06 04:00:01.255   512  2967 I soundtrigger: audio_extn_sound_trigger_update_device_status: device 0x2 of type 0 for Event 1
08-06 04:00:01.261 24798 24809 I art     : Explicit concurrent mark sweep GC freed 1635(150KB) AllocSpace objects, 1(20KB) LOS objects, 40% free, 20MB/34MB, paused 247us total 12.185ms
08-06 04:00:01.264   512  2967 D audio_hw_primary: enable_snd_device: snd_device(2: speaker)
08-06 04:00:01.266   512  2967 D audio_hw_primary: enable_audio_route: apply and update mixer path: low-latency-playback speaker
08-06 04:00:01.269 24798 24809 I art     : Starting a blocking GC Explicit
08-06 04:00:01.281 24798 24809 I art     : Explicit concurrent mark sweep GC freed 369(62KB) AllocSpace objects, 0(0B) LOS objects, 40% free, 20MB/34MB, paused 132us total 11.609ms
08-06 04:00:01.289 24798 24809 I art     : Starting a blocking GC Explicit
08-06 04:00:01.299 24798 24809 I art     : Explicit concurrent mark sweep GC freed 94(4KB) AllocSpace objects, 0(0B) LOS objects, 40% free, 20MB/34MB, paused 375us total 10.005ms
08-06 04:00:01.307 24798 24809 I art     : Starting a blocking GC Explicit
08-06 04:00:01.310   512  2967 D AudioFlinger: mixer(0xf4740000) throttle end: throttle time(12)
08-06 04:00:01.317 24798 24809 I art     : Explicit concurrent mark sweep GC freed 254(15KB) AllocSpace objects, 0(0B) LOS objects, 40% free, 20MB/34MB, paused 141us total 9.940ms
08-06 04:00:01.324 24798 24809 I art     : Starting a blocking GC Explicit
08-06 04:00:01.336 24798 24809 I art     : Explicit concurrent mark sweep GC freed 52(2448B) AllocSpace objects, 0(0B) LOS objects, 40% free, 20MB/34MB, paused 235us total 10.942ms
08-06 04:00:01.571 24798 24827 I art     : Starting a blocking GC Explicit
08-06 04:00:01.584 24798 24827 I art     : Explicit concurrent mark sweep GC freed 2132(116KB) AllocSpace objects, 1(20KB) LOS objects, 40% free, 20MB/34MB, paused 140us total 13.233ms
08-06 04:00:01.592 24798 24827 I art     : Starting a blocking GC Explicit
08-06 04:00:01.603 24798 24827 I art     : Explicit concurrent mark sweep GC freed 292(24KB) AllocSpace objects, 0(0B) LOS objects, 40% free, 20MB/34MB, paused 119us total 10.964ms
08-06 04:00:01.611 24798 24827 I art     : Starting a blocking GC Explicit
08-06 04:00:01.622 24798 24827 I art     : Explicit concurrent mark sweep GC freed 9(288B) AllocSpace objects, 0(0B) LOS objects, 40% free, 20MB/34MB, paused 114us total 10.612ms
08-06 04:00:01.630 24798 24827 I art     : Starting a blocking GC Explicit
08-06 04:00:01.640 24798 24827 I art     : Explicit concurrent mark sweep GC freed 3(96B) AllocSpace objects, 0(0B) LOS objects, 40% free, 20MB/34MB, paused 109us total 9.976ms
08-06 04:00:01.648 24798 24827 I art     : Starting a blocking GC Explicit
08-06 04:00:01.658 24798 24827 I art     : Explicit concurrent mark sweep GC freed 3(96B) AllocSpace objects, 0(0B) LOS objects, 40% free, 20MB/34MB, paused 121us total 9.928ms
08-06 04:00:01.775 25068 25068 D AndroidRuntime: >>>>>> START com.android.internal.os.RuntimeInit uid 2000 <<<<<<
08-06 04:00:01.779 25068 25068 D AndroidRuntime: CheckJNI is OFF
08-06 04:00:01.799   512  2967 D audio_hw_primary: disable_audio_route: reset and update mixer path: low-latency-playback speaker
08-06 04:00:01.800   512  2967 D audio_hw_primary: disable_snd_device: snd_device(2: speaker)
08-06 04:00:01.802 25068 25068 D ICU     : No timezone override file found: /data/misc/zoneinfo/current/icu/icu_tzdata.dat
08-06 04:00:01.810   512  2967 I soundtrigger: audio_extn_sound_trigger_update_device_status: device 0x2 of type 0 for Event 0
08-06 04:00:01.826 25068 25068 I Radio-JNI: register_android_hardware_Radio DONE
08-06 04:00:01.841 25068 25068 D AndroidRuntime: Calling main entry com.android.commands.input.Input
08-06 04:00:01.843 25068 25068 I Input   : injectMotionEvent: MotionEvent { action=ACTION_DOWN, actionButton=0, id[0]=0, x[0]=940.0, y[0]=501.0, toolType[0]=TOOL_TYPE_UNKNOWN, buttonState=0, metaState=0, flags=0x0, edgeFlags=0x0, pointerCount=1, historySize=0, eventTime=849618256, downTime=849618256, deviceId=0, source=0x1002 }
08-06 04:00:01.847 25068 25068 I Input   : injectMotionEvent: MotionEvent { action=ACTION_UP, actionButton=0, id[0]=0, x[0]=940.0, y[0]=501.0, toolType[0]=TOOL_TYPE_UNKNOWN, buttonState=0, metaState=0, flags=0x0, edgeFlags=0x0, pointerCount=1, historySize=0, eventTime=849618256, downTime=849618256, deviceId=0, source=0x1002 }
08-06 04:00:01.849 25068 25068 D AndroidRuntime: Shutting down VM
08-06 04:00:01.892 24798 24809 I art     : Starting a blocking GC Explicit
08-06 04:00:01.905 24798 24809 I art     : Explicit concurrent mark sweep GC freed 1352(78KB) AllocSpace objects, 1(20KB) LOS objects, 40% free, 20MB/34MB, paused 117us total 12.435ms
08-06 04:00:01.915 24798 24809 I art     : Starting a blocking GC Explicit
08-06 04:00:01.917   512  2967 D audio_hw_primary: out_set_parameters: enter: usecase(1: low-latency-playback) kvpairs: routing=2
08-06 04:00:01.918   918  5132 I ActivityManager: START u0 {cmp=baseline.org.quantumbadger.redreader/.settings.SettingsActivity} from uid 10705 on display 0
08-06 04:00:01.927 24798 24809 I art     : Explicit concurrent mark sweep GC freed 47(12KB) AllocSpace objects, 0(0B) LOS objects, 40% free, 20MB/34MB, paused 183us total 11.362ms
08-06 04:00:01.930   512  2967 D audio_hw_primary: select_devices: out_snd_device(2: speaker) in_snd_device(0: none)
08-06 04:00:01.931   512  2967 D msm8974_platform: platform_send_audio_calibration: sending audio calibration for snd_device(2) acdb_id(15)
08-06 04:00:01.931   512  2967 I soundtrigger: audio_extn_sound_trigger_update_device_status: device 0x2 of type 0 for Event 1
08-06 04:00:01.935 13866 13866 I GoogleInputMethodServic: GoogleInputMethodService.onFinishInput():3138 
08-06 04:00:01.938 13866 13866 I GoogleInputMethodServic: GoogleInputMethodService.onStartInput():1808 
08-06 04:00:01.938 24798 24809 I art     : Starting a blocking GC Explicit
08-06 04:00:01.944   512  2967 D audio_hw_primary: enable_snd_device: snd_device(2: speaker)
08-06 04:00:01.946   512  2967 D audio_hw_primary: enable_audio_route: apply and update mixer path: low-latency-playback speaker
08-06 04:00:01.949 24798 24809 I art     : Explicit concurrent mark sweep GC freed 378(23KB) AllocSpace objects, 0(0B) LOS objects, 40% free, 20MB/34MB, paused 142us total 11.444ms
08-06 04:00:01.958 24798 24809 I art     : Starting a blocking GC Explicit
08-06 04:00:01.969 24798 24809 I art     : Explicit concurrent mark sweep GC freed 459(103KB) AllocSpace objects, 0(0B) LOS objects, 40% free, 21MB/35MB, paused 369us total 11.107ms
08-06 04:00:01.977 24798 24809 I art     : Starting a blocking GC Explicit
08-06 04:00:01.987   512  2967 D AudioFlinger: mixer(0xf4740000) throttle end: throttle time(12)
08-06 04:00:01.989 24798 24809 I art     : Explicit concurrent mark sweep GC freed 429(35KB) AllocSpace objects, 0(0B) LOS objects, 40% free, 21MB/35MB, paused 362us total 11.689ms
08-06 04:00:02.056   918   936 I ActivityManager: Displayed baseline.org.quantumbadger.redreader/.settings.SettingsActivity: +117ms
08-06 04:00:02.057 13866 13866 I GoogleInputMethodServic: GoogleInputMethodService.onFinishInput():3138 
08-06 04:00:02.058 13866 13866 I GoogleInputMethodServic: GoogleInputMethodService.onStartInput():1808 
08-06 04:00:02.094 24798 24822 D OpenGLRenderer: endAllStagingAnimators on 0x7f99dfe800 (MenuPopupWindow$MenuDropDownListView) with handle 0x7f802f85a0
08-06 04:00:02.207 24798 24827 I art     : Starting a blocking GC Explicit
08-06 04:00:02.219 24798 24827 I art     : Explicit concurrent mark sweep GC freed 1932(106KB) AllocSpace objects, 1(20KB) LOS objects, 40% free, 21MB/35MB, paused 118us total 11.488ms
08-06 04:00:02.227 24798 24827 I art     : Starting a blocking GC Explicit
08-06 04:00:02.239 24798 24827 I art     : Explicit concurrent mark sweep GC freed 110(4KB) AllocSpace objects, 0(0B) LOS objects, 40% free, 21MB/35MB, paused 129us total 11.251ms
08-06 04:00:02.247 24798 24827 I art     : Starting a blocking GC Explicit
08-06 04:00:02.260 24798 24827 I art     : Explicit concurrent mark sweep GC freed 117(5KB) AllocSpace objects, 0(0B) LOS objects, 40% free, 21MB/35MB, paused 113us total 11.872ms
08-06 04:00:02.268 24798 24827 I art     : Starting a blocking GC Explicit
08-06 04:00:02.280 24798 24827 I art     : Explicit concurrent mark sweep GC freed 24(1024B) AllocSpace objects, 0(0B) LOS objects, 40% free, 21MB/35MB, paused 112us total 11.819ms
08-06 04:00:02.288 24798 24827 I art     : Starting a blocking GC Explicit
08-06 04:00:02.299 24798 24827 I art     : Explicit concurrent mark sweep GC freed 3(96B) AllocSpace objects, 0(0B) LOS objects, 40% free, 21MB/35MB, paused 111us total 11.425ms
08-06 04:00:02.308   380   380 W SurfaceFlinger: couldn't log to binary event log: overflow.
08-06 04:00:02.375 25102 25102 D AndroidRuntime: >>>>>> START com.android.internal.os.RuntimeInit uid 2000 <<<<<<
08-06 04:00:02.379 25102 25102 D AndroidRuntime: CheckJNI is OFF
08-06 04:00:02.401 25102 25102 D ICU     : No timezone override file found: /data/misc/zoneinfo/current/icu/icu_tzdata.dat
08-06 04:00:02.423 25102 25102 I Radio-JNI: register_android_hardware_Radio DONE
08-06 04:00:02.439 25102 25102 D AndroidRuntime: Calling main entry com.android.commands.input.Input
08-06 04:00:02.441 25102 25102 I Input   : injectMotionEvent: MotionEvent { action=ACTION_DOWN, actionButton=0, id[0]=0, x[0]=216.0, y[0]=853.0, toolType[0]=TOOL_TYPE_UNKNOWN, buttonState=0, metaState=0, flags=0x0, edgeFlags=0x0, pointerCount=1, historySize=0, eventTime=849618853, downTime=849618853, deviceId=0, source=0x1002 }
08-06 04:00:02.445 25102 25102 I Input   : injectMotionEvent: MotionEvent { action=ACTION_UP, actionButton=0, id[0]=0, x[0]=216.0, y[0]=853.0, toolType[0]=TOOL_TYPE_UNKNOWN, buttonState=0, metaState=0, flags=0x0, edgeFlags=0x0, pointerCount=1, historySize=0, eventTime=849618853, downTime=849618853, deviceId=0, source=0x1002 }
08-06 04:00:02.447 25102 25102 D AndroidRuntime: Shutting down VM
08-06 04:00:02.479   512  2967 D audio_hw_primary: disable_audio_route: reset and update mixer path: low-latency-playback speaker
08-06 04:00:02.480   512  2967 D audio_hw_primary: disable_snd_device: snd_device(2: speaker)
08-06 04:00:02.487   512  2967 I soundtrigger: audio_extn_sound_trigger_update_device_status: device 0x2 of type 0 for Event 0
08-06 04:00:02.513   918   928 I ActivityManager: START u0 {act=android.intent.action.MAIN cmp=baseline.org.quantumbadger.redreader/.settings.SettingsActivity (has extras)} from uid 10705 on display 0
08-06 04:00:02.514   512  2967 D audio_hw_primary: out_set_parameters: enter: usecase(1: low-latency-playback) kvpairs: routing=2
08-06 04:00:02.528   512  2967 D audio_hw_primary: select_devices: out_snd_device(2: speaker) in_snd_device(0: none)
08-06 04:00:02.528   512  2967 D msm8974_platform: platform_send_audio_calibration: sending audio calibration for snd_device(2) acdb_id(15)
08-06 04:00:02.528   512  2967 I soundtrigger: audio_extn_sound_trigger_update_device_status: device 0x2 of type 0 for Event 1
08-06 04:00:02.539   512  2967 D audio_hw_primary: enable_snd_device: snd_device(2: speaker)
08-06 04:00:02.540 24798 24811 I art     : Starting a blocking GC Explicit
08-06 04:00:02.541   512  2967 D audio_hw_primary: enable_audio_route: apply and update mixer path: low-latency-playback speaker
08-06 04:00:02.559 24798 24811 I art     : Explicit concurrent mark sweep GC freed 2244(178KB) AllocSpace objects, 2(40KB) LOS objects, 40% free, 21MB/35MB, paused 287us total 18.686ms
08-06 04:00:02.568 24798 24811 I art     : Starting a blocking GC Explicit
08-06 04:00:02.582 24798 24811 I art     : Explicit concurrent mark sweep GC freed 641(48KB) AllocSpace objects, 0(0B) LOS objects, 40% free, 21MB/35MB, paused 194us total 13.637ms
08-06 04:00:02.582   512  2967 D AudioFlinger: mixer(0xf4740000) throttle end: throttle time(12)
08-06 04:00:02.591 24798 24811 I art     : Starting a blocking GC Explicit
08-06 04:00:02.603 24798 24811 I art     : Explicit concurrent mark sweep GC freed 69(3KB) AllocSpace objects, 0(0B) LOS objects, 40% free, 21MB/35MB, paused 134us total 12.094ms
08-06 04:00:02.611 24798 24811 I art     : Starting a blocking GC Explicit
08-06 04:00:02.623 24798 24811 I art     : Explicit concurrent mark sweep GC freed 126(12KB) AllocSpace objects, 0(0B) LOS objects, 40% free, 21MB/35MB, paused 327us total 12.395ms
08-06 04:00:02.632 24798 24811 I art     : Starting a blocking GC Explicit
08-06 04:00:02.647 24798 24811 I art     : Explicit concurrent mark sweep GC freed 13121(564KB) AllocSpace objects, 0(0B) LOS objects, 40% free, 21MB/36MB, paused 361us total 14.542ms
08-06 04:00:02.807   918   936 I ActivityManager: Displayed baseline.org.quantumbadger.redreader/.settings.SettingsActivity: +281ms
08-06 04:00:02.807 13866 13866 I GoogleInputMethodServic: GoogleInputMethodService.onFinishInput():3138 
08-06 04:00:02.813 13866 13866 I GoogleInputMethodServic: GoogleInputMethodService.onStartInput():1808 
08-06 04:00:02.830 24798 24822 D OpenGLRenderer: endAllStagingAnimators on 0x7f8054b000 (ListView) with handle 0x7f802f8020
08-06 04:00:02.890 24798 24827 I art     : Starting a blocking GC Explicit
08-06 04:00:02.908 24798 24827 I art     : Explicit concurrent mark sweep GC freed 65805(2MB) AllocSpace objects, 1(20KB) LOS objects, 40% free, 22MB/37MB, paused 142us total 18.259ms
08-06 04:00:02.917 24798 24827 I art     : Starting a blocking GC Explicit
08-06 04:00:02.933 24798 24827 I art     : Explicit concurrent mark sweep GC freed 1659(156KB) AllocSpace objects, 0(0B) LOS objects, 40% free, 22MB/36MB, paused 158us total 15.975ms
08-06 04:00:02.943 24798 24827 I art     : Starting a blocking GC Explicit
08-06 04:00:02.958 24798 24827 I art     : Explicit concurrent mark sweep GC freed 832(57KB) AllocSpace objects, 0(0B) LOS objects, 40% free, 22MB/36MB, paused 225us total 15.350ms
08-06 04:00:02.967 24798 24827 I art     : Starting a blocking GC Explicit
08-06 04:00:02.983 24798 24827 I art     : Explicit concurrent mark sweep GC freed 59(2448B) AllocSpace objects, 0(0B) LOS objects, 40% free, 22MB/36MB, paused 125us total 15.027ms
08-06 04:00:02.985 25134 25134 D AndroidRuntime: >>>>>> START com.android.internal.os.RuntimeInit uid 2000 <<<<<<
08-06 04:00:02.989 25134 25134 D AndroidRuntime: CheckJNI is OFF
08-06 04:00:02.992 24798 24827 I art     : Starting a blocking GC Explicit
08-06 04:00:03.008 24798 24827 I art     : Explicit concurrent mark sweep GC freed 5(240B) AllocSpace objects, 0(0B) LOS objects, 40% free, 22MB/36MB, paused 125us total 15.477ms
08-06 04:00:03.020 25134 25134 D ICU     : No timezone override file found: /data/misc/zoneinfo/current/icu/icu_tzdata.dat
08-06 04:00:03.047 25134 25134 I Radio-JNI: register_android_hardware_Radio DONE
08-06 04:00:03.058   380   380 W SurfaceFlinger: couldn't log to binary event log: overflow.
08-06 04:00:03.064 25134 25134 D AndroidRuntime: Calling main entry com.android.commands.input.Input
08-06 04:00:03.065 25134 25134 I Input   : injectMotionEvent: MotionEvent { action=ACTION_DOWN, actionButton=0, id[0]=0, x[0]=1318.0, y[0]=1194.0, toolType[0]=TOOL_TYPE_UNKNOWN, buttonState=0, metaState=0, flags=0x0, edgeFlags=0x0, pointerCount=1, historySize=0, eventTime=849619478, downTime=849619478, deviceId=0, source=0x1002 }
08-06 04:00:03.068   512  2967 D audio_hw_primary: disable_audio_route: reset and update mixer path: low-latency-playback speaker
08-06 04:00:03.070   512  2967 D audio_hw_primary: disable_snd_device: snd_device(2: speaker)
08-06 04:00:03.070 25134 25134 I Input   : injectMotionEvent: MotionEvent { action=ACTION_UP, actionButton=0, id[0]=0, x[0]=1318.0, y[0]=1194.0, toolType[0]=TOOL_TYPE_UNKNOWN, buttonState=0, metaState=0, flags=0x0, edgeFlags=0x0, pointerCount=1, historySize=0, eventTime=849619478, downTime=849619478, deviceId=0, source=0x1002 }
08-06 04:00:03.072 25134 25134 D AndroidRuntime: Shutting down VM
08-06 04:00:03.078   512  2967 I soundtrigger: audio_extn_sound_trigger_update_device_status: device 0x2 of type 0 for Event 0
08-06 04:00:03.141   512  2967 D audio_hw_primary: out_set_parameters: enter: usecase(1: low-latency-playback) kvpairs: routing=2
08-06 04:00:03.155   512  2967 D audio_hw_primary: select_devices: out_snd_device(2: speaker) in_snd_device(0: none)
08-06 04:00:03.155   512  2967 D msm8974_platform: platform_send_audio_calibration: sending audio calibration for snd_device(2) acdb_id(15)
08-06 04:00:03.155   512  2967 I soundtrigger: audio_extn_sound_trigger_update_device_status: device 0x2 of type 0 for Event 1
08-06 04:00:03.169   512  2967 D audio_hw_primary: enable_snd_device: snd_device(2: speaker)
08-06 04:00:03.172   512  2967 D audio_hw_primary: enable_audio_route: apply and update mixer path: low-latency-playback speaker
08-06 04:00:03.214   512  2967 D AudioFlinger: mixer(0xf4740000) throttle end: throttle time(12)
08-06 04:00:03.270 24798 24809 I art     : Starting a blocking GC Explicit
08-06 04:00:03.288 24798 24809 I art     : Explicit concurrent mark sweep GC freed 2043(124KB) AllocSpace objects, 2(40KB) LOS objects, 40% free, 22MB/36MB, paused 148us total 17.040ms
08-06 04:00:03.297 24798 24809 I art     : Starting a blocking GC Explicit
08-06 04:00:03.313 24798 24809 I art     : Explicit concurrent mark sweep GC freed 84(3KB) AllocSpace objects, 0(0B) LOS objects, 40% free, 22MB/36MB, paused 135us total 15.557ms
08-06 04:00:03.322 24798 24809 I art     : Starting a blocking GC Explicit
08-06 04:00:03.336 24798 24809 I art     : Explicit concurrent mark sweep GC freed 39(1648B) AllocSpace objects, 0(0B) LOS objects, 40% free, 22MB/36MB, paused 126us total 14.398ms
08-06 04:00:03.345 24798 24809 I art     : Starting a blocking GC Explicit
08-06 04:00:03.359 24798 24809 I art     : Explicit concurrent mark sweep GC freed 33(1488B) AllocSpace objects, 0(0B) LOS objects, 40% free, 22MB/36MB, paused 172us total 13.671ms
08-06 04:00:03.367 24798 24809 I art     : Starting a blocking GC Explicit
08-06 04:00:03.381 24798 24809 I art     : Explicit concurrent mark sweep GC freed 16(608B) AllocSpace objects, 0(0B) LOS objects, 40% free, 22MB/36MB, paused 125us total 13.582ms
08-06 04:00:03.599 25166 25166 D AndroidRuntime: >>>>>> START com.android.internal.os.RuntimeInit uid 2000 <<<<<<
08-06 04:00:03.603 25166 25166 D AndroidRuntime: CheckJNI is OFF
08-06 04:00:03.626 25166 25166 D ICU     : No timezone override file found: /data/misc/zoneinfo/current/icu/icu_tzdata.dat
08-06 04:00:03.632   518   646 I ThermalEngine: ACTION: GPU - Setting GPU[0] to 510000000
08-06 04:00:03.636 24798 25031 I art     : Starting a blocking GC Explicit
08-06 04:00:03.653 24798 25031 I art     : Explicit concurrent mark sweep GC freed 1440(82KB) AllocSpace objects, 1(20KB) LOS objects, 40% free, 22MB/36MB, paused 178us total 17.250ms
08-06 04:00:03.657 25166 25166 I Radio-JNI: register_android_hardware_Radio DONE
08-06 04:00:03.664 24798 25031 I art     : Starting a blocking GC Explicit
08-06 04:00:03.678 25166 25166 D AndroidRuntime: Calling main entry com.android.commands.input.Input
08-06 04:00:03.680 25166 25166 I Input   : injectMotionEvent: MotionEvent { action=ACTION_DOWN, actionButton=0, id[0]=0, x[0]=1309.0, y[0]=1701.0, toolType[0]=TOOL_TYPE_UNKNOWN, buttonState=0, metaState=0, flags=0x0, edgeFlags=0x0, pointerCount=1, historySize=0, eventTime=849620092, downTime=849620092, deviceId=0, source=0x1002 }
08-06 04:00:03.682 24798 25031 I art     : Explicit concurrent mark sweep GC freed 85(3KB) AllocSpace objects, 0(0B) LOS objects, 40% free, 22MB/36MB, paused 181us total 17.182ms
08-06 04:00:03.683 25166 25166 I Input   : injectMotionEvent: MotionEvent { action=ACTION_UP, actionButton=0, id[0]=0, x[0]=1309.0, y[0]=1701.0, toolType[0]=TOOL_TYPE_UNKNOWN, buttonState=0, metaState=0, flags=0x0, edgeFlags=0x0, pointerCount=1, historySize=0, eventTime=849620092, downTime=849620092, deviceId=0, source=0x1002 }
08-06 04:00:03.685 25166 25166 D AndroidRuntime: Shutting down VM
08-06 04:00:03.693 24798 25031 I art     : Starting a blocking GC Explicit
08-06 04:00:03.699   512  2967 D audio_hw_primary: disable_audio_route: reset and update mixer path: low-latency-playback speaker
08-06 04:00:03.700   512  2967 D audio_hw_primary: disable_snd_device: snd_device(2: speaker)
08-06 04:00:03.707   512  2967 I soundtrigger: audio_extn_sound_trigger_update_device_status: device 0x2 of type 0 for Event 0
08-06 04:00:03.710 24798 25031 I art     : Explicit concurrent mark sweep GC freed 68(2752B) AllocSpace objects, 0(0B) LOS objects, 40% free, 22MB/36MB, paused 154us total 17.260ms
08-06 04:00:03.721 24798 25031 I art     : Starting a blocking GC Explicit
08-06 04:00:03.737 24798 25031 I art     : Explicit concurrent mark sweep GC freed 28(1040B) AllocSpace objects, 0(0B) LOS objects, 40% free, 22MB/36MB, paused 174us total 16.064ms
08-06 04:00:03.749 24798 25031 I art     : Starting a blocking GC Explicit
08-06 04:00:03.753   512  2967 D audio_hw_primary: out_set_parameters: enter: usecase(1: low-latency-playback) kvpairs: routing=2
08-06 04:00:03.765   512  2967 D audio_hw_primary: select_devices: out_snd_device(2: speaker) in_snd_device(0: none)
08-06 04:00:03.766   512  2967 D msm8974_platform: platform_send_audio_calibration: sending audio calibration for snd_device(2) acdb_id(15)
08-06 04:00:03.766   512  2967 I soundtrigger: audio_extn_sound_trigger_update_device_status: device 0x2 of type 0 for Event 1
08-06 04:00:03.766 24798 25031 I art     : Explicit concurrent mark sweep GC freed 151(19KB) AllocSpace objects, 1(20KB) LOS objects, 40% free, 22MB/36MB, paused 457us total 17.318ms
08-06 04:00:03.777   512  2967 D audio_hw_primary: enable_snd_device: snd_device(2: speaker)
08-06 04:00:03.779   512  2967 D audio_hw_primary: enable_audio_route: apply and update mixer path: low-latency-playback speaker
08-06 04:00:03.823   512  2967 D AudioFlinger: mixer(0xf4740000) throttle end: throttle time(12)
08-06 04:00:04.029 24798 24811 I art     : Starting a blocking GC Explicit
08-06 04:00:04.046 24798 24811 I art     : Explicit concurrent mark sweep GC freed 1968(109KB) AllocSpace objects, 1(20KB) LOS objects, 40% free, 22MB/37MB, paused 163us total 17.581ms
08-06 04:00:04.057 24798 24811 I art     : Starting a blocking GC Explicit
08-06 04:00:04.074 24798 24811 I art     : Explicit concurrent mark sweep GC freed 76(2736B) AllocSpace objects, 0(0B) LOS objects, 40% free, 22MB/37MB, paused 171us total 16.838ms
08-06 04:00:04.085 24798 24811 I art     : Starting a blocking GC Explicit
08-06 04:00:04.102 24798 24811 I art     : Explicit concurrent mark sweep GC freed 21(768B) AllocSpace objects, 0(0B) LOS objects, 40% free, 22MB/37MB, paused 176us total 16.829ms
08-06 04:00:04.114 24798 24811 I art     : Starting a blocking GC Explicit
08-06 04:00:04.131 24798 24811 I art     : Explicit concurrent mark sweep GC freed 18(672B) AllocSpace objects, 0(0B) LOS objects, 40% free, 22MB/37MB, paused 161us total 17.006ms
08-06 04:00:04.142 24798 24811 I art     : Starting a blocking GC Explicit
08-06 04:00:04.159 24798 24811 I art     : Explicit concurrent mark sweep GC freed 14(496B) AllocSpace objects, 0(0B) LOS objects, 40% free, 22MB/37MB, paused 163us total 16.976ms
08-06 04:00:04.309 25189 25189 D AndroidRuntime: >>>>>> START com.android.internal.os.RuntimeInit uid 2000 <<<<<<
08-06 04:00:04.312   512  2967 D audio_hw_primary: disable_audio_route: reset and update mixer path: low-latency-playback speaker
08-06 04:00:04.314 25189 25189 D AndroidRuntime: CheckJNI is OFF
08-06 04:00:04.315   512  2967 D audio_hw_primary: disable_snd_device: snd_device(2: speaker)
08-06 04:00:04.323   512  2967 I soundtrigger: audio_extn_sound_trigger_update_device_status: device 0x2 of type 0 for Event 0
08-06 04:00:04.347 25189 25189 D ICU     : No timezone override file found: /data/misc/zoneinfo/current/icu/icu_tzdata.dat
08-06 04:00:04.376 25189 25189 I Radio-JNI: register_android_hardware_Radio DONE
08-06 04:00:04.397 25189 25189 D AndroidRuntime: Calling main entry com.android.commands.input.Input
08-06 04:00:04.399 25189 25189 I Input   : injectMotionEvent: MotionEvent { action=ACTION_DOWN, actionButton=0, id[0]=0, x[0]=477.0, y[0]=805.0, toolType[0]=TOOL_TYPE_UNKNOWN, buttonState=0, metaState=0, flags=0x0, edgeFlags=0x0, pointerCount=1, historySize=0, eventTime=849620812, downTime=849620812, deviceId=0, source=0x1002 }
08-06 04:00:04.402 25189 25189 I Input   : injectMotionEvent: MotionEvent { action=ACTION_UP, actionButton=0, id[0]=0, x[0]=477.0, y[0]=805.0, toolType[0]=TOOL_TYPE_UNKNOWN, buttonState=0, metaState=0, flags=0x0, edgeFlags=0x0, pointerCount=1, historySize=0, eventTime=849620812, downTime=849620812, deviceId=0, source=0x1002 }
08-06 04:00:04.404 25189 25189 D AndroidRuntime: Shutting down VM
08-06 04:00:04.413 24798 24811 I art     : Starting a blocking GC Explicit
08-06 04:00:04.431 24798 24811 I art     : Explicit concurrent mark sweep GC freed 1498(84KB) AllocSpace objects, 1(20KB) LOS objects, 40% free, 22MB/37MB, paused 153us total 17.745ms
08-06 04:00:04.442 24798 24811 I art     : Starting a blocking GC Explicit
08-06 04:00:04.459 24798 24811 I art     : Explicit concurrent mark sweep GC freed 60(1984B) AllocSpace objects, 0(0B) LOS objects, 40% free, 22MB/37MB, paused 157us total 16.887ms
08-06 04:00:04.470 24798 24811 I art     : Starting a blocking GC Explicit
08-06 04:00:04.470   512  2967 D audio_hw_primary: out_set_parameters: enter: usecase(1: low-latency-playback) kvpairs: routing=2
08-06 04:00:04.482   512  2967 D audio_hw_primary: select_devices: out_snd_device(2: speaker) in_snd_device(0: none)
08-06 04:00:04.482   512  2967 D msm8974_platform: platform_send_audio_calibration: sending audio calibration for snd_device(2) acdb_id(15)
08-06 04:00:04.483   512  2967 I soundtrigger: audio_extn_sound_trigger_update_device_status: device 0x2 of type 0 for Event 1
08-06 04:00:04.488 24798 24811 I art     : Explicit concurrent mark sweep GC freed 163(27KB) AllocSpace objects, 0(0B) LOS objects, 40% free, 22MB/37MB, paused 293us total 18.460ms
08-06 04:00:04.492   512  2967 D audio_hw_primary: enable_snd_device: snd_device(2: speaker)
08-06 04:00:04.495   512  2967 D audio_hw_primary: enable_audio_route: apply and update mixer path: low-latency-playback speaker
08-06 04:00:04.499 24798 24811 I art     : Starting a blocking GC Explicit
08-06 04:00:04.518 24798 24811 I art     : Explicit concurrent mark sweep GC freed 666(82KB) AllocSpace objects, 0(0B) LOS objects, 40% free, 22MB/37MB, paused 197us total 18.099ms
08-06 04:00:04.529 24798 24811 I art     : Starting a blocking GC Explicit
08-06 04:00:04.537   512  2967 D AudioFlinger: mixer(0xf4740000) throttle end: throttle time(12)
08-06 04:00:04.548 24798 24811 I art     : Explicit concurrent mark sweep GC freed 418(17KB) AllocSpace objects, 0(0B) LOS objects, 40% free, 22MB/37MB, paused 344us total 18.656ms
08-06 04:00:04.791 24798 24811 I art     : Starting a blocking GC Explicit
08-06 04:00:04.815 24798 24811 I art     : Explicit concurrent mark sweep GC freed 1636(90KB) AllocSpace objects, 1(20KB) LOS objects, 40% free, 22MB/37MB, paused 226us total 23.816ms
08-06 04:00:04.828 24798 24811 I art     : Starting a blocking GC Explicit
08-06 04:00:04.850 24798 24811 I art     : Explicit concurrent mark sweep GC freed 42(1488B) AllocSpace objects, 0(0B) LOS objects, 40% free, 22MB/37MB, paused 167us total 22.254ms
08-06 04:00:04.863 24798 24811 I art     : Starting a blocking GC Explicit
08-06 04:00:04.886 24798 24811 I art     : Explicit concurrent mark sweep GC freed 5(192B) AllocSpace objects, 0(0B) LOS objects, 40% free, 22MB/37MB, paused 185us total 22.580ms
08-06 04:00:04.898 24798 24811 I art     : Starting a blocking GC Explicit
08-06 04:00:04.921 24798 24811 I art     : Explicit concurrent mark sweep GC freed 5(160B) AllocSpace objects, 0(0B) LOS objects, 40% free, 22MB/37MB, paused 184us total 22.387ms
08-06 04:00:04.934 24798 24811 I art     : Starting a blocking GC Explicit
08-06 04:00:04.954 24798 24811 I art     : Explicit concurrent mark sweep GC freed 3(96B) AllocSpace objects, 0(0B) LOS objects, 40% free, 22MB/37MB, paused 162us total 19.495ms
08-06 04:00:05.029   512  2967 D audio_hw_primary: disable_audio_route: reset and update mixer path: low-latency-playback speaker
08-06 04:00:05.031   512  2967 D audio_hw_primary: disable_snd_device: snd_device(2: speaker)
08-06 04:00:05.039   512  2967 I soundtrigger: audio_extn_sound_trigger_update_device_status: device 0x2 of type 0 for Event 0
08-06 04:00:05.069 25220 25220 D AndroidRuntime: >>>>>> START com.android.internal.os.RuntimeInit uid 2000 <<<<<<
08-06 04:00:05.074 25220 25220 D AndroidRuntime: CheckJNI is OFF
08-06 04:00:05.109 25220 25220 D ICU     : No timezone override file found: /data/misc/zoneinfo/current/icu/icu_tzdata.dat
08-06 04:00:05.148 25220 25220 I Radio-JNI: register_android_hardware_Radio DONE
08-06 04:00:05.170 25220 25220 D AndroidRuntime: Calling main entry com.android.commands.input.Input
08-06 04:00:05.172 25220 25220 I Input   : injectMotionEvent: MotionEvent { action=ACTION_DOWN, actionButton=0, id[0]=0, x[0]=463.0, y[0]=464.0, toolType[0]=TOOL_TYPE_UNKNOWN, buttonState=0, metaState=0, flags=0x0, edgeFlags=0x0, pointerCount=1, historySize=0, eventTime=849621584, downTime=849621584, deviceId=0, source=0x1002 }
08-06 04:00:05.176 25220 25220 I Input   : injectMotionEvent: MotionEvent { action=ACTION_UP, actionButton=0, id[0]=0, x[0]=463.0, y[0]=464.0, toolType[0]=TOOL_TYPE_UNKNOWN, buttonState=0, metaState=0, flags=0x0, edgeFlags=0x0, pointerCount=1, historySize=0, eventTime=849621584, downTime=849621584, deviceId=0, source=0x1002 }
08-06 04:00:05.179 25220 25220 D AndroidRuntime: Shutting down VM
08-06 04:00:05.224 24798 24809 I art     : Starting a blocking GC Explicit
08-06 04:00:05.247   512  2967 D audio_hw_primary: out_set_parameters: enter: usecase(1: low-latency-playback) kvpairs: routing=2
08-06 04:00:05.249 24798 24809 I art     : Explicit concurrent mark sweep GC freed 1414(81KB) AllocSpace objects, 1(20KB) LOS objects, 40% free, 22MB/37MB, paused 337us total 24.717ms
08-06 04:00:05.260   512  2967 D audio_hw_primary: select_devices: out_snd_device(2: speaker) in_snd_device(0: none)
08-06 04:00:05.261   512  2967 D msm8974_platform: platform_send_audio_calibration: sending audio calibration for snd_device(2) acdb_id(15)
08-06 04:00:05.262   512  2967 I soundtrigger: audio_extn_sound_trigger_update_device_status: device 0x2 of type 0 for Event 1
08-06 04:00:05.265 24798 24809 I art     : Starting a blocking GC Explicit
08-06 04:00:05.269   918  3670 W InputMethodManagerService: Window already focused, ignoring focus gain of: com.android.internal.view.IInputMethodClient$Stub$Proxy@dfe67df attribute=null, token = android.os.BinderProxy@79c610b
08-06 04:00:05.274   512  2967 D audio_hw_primary: enable_snd_device: snd_device(2: speaker)
08-06 04:00:05.276   512  2967 D audio_hw_primary: enable_audio_route: apply and update mixer path: low-latency-playback speaker
08-06 04:00:05.286 24798 24809 I art     : Explicit concurrent mark sweep GC freed 234(23KB) AllocSpace objects, 1(20KB) LOS objects, 40% free, 22MB/37MB, paused 376us total 20.788ms
08-06 04:00:05.297 24798 24809 I art     : Starting a blocking GC Explicit
08-06 04:00:05.316 24798 24809 I art     : Explicit concurrent mark sweep GC freed 126(6KB) AllocSpace objects, 0(0B) LOS objects, 40% free, 22MB/37MB, paused 158us total 18.087ms
08-06 04:00:05.318   512  2967 D AudioFlinger: mixer(0xf4740000) throttle end: throttle time(12)
08-06 04:00:05.327 24798 24809 I art     : Starting a blocking GC Explicit
08-06 04:00:05.344 24798 24809 I art     : Explicit concurrent mark sweep GC freed 25(880B) AllocSpace objects, 0(0B) LOS objects, 40% free, 22MB/37MB, paused 142us total 17.335ms
08-06 04:00:05.356 24798 24809 I art     : Starting a blocking GC Explicit
08-06 04:00:05.376 24798 24809 I art     : Explicit concurrent mark sweep GC freed 3(96B) AllocSpace objects, 0(0B) LOS objects, 40% free, 22MB/37MB, paused 161us total 19.614ms
08-06 04:00:05.461   380   380 W SurfaceFlinger: couldn't log to binary event log: overflow.
08-06 04:00:05.608 24798 24811 I art     : Starting a blocking GC Explicit
08-06 04:00:05.628 24798 24811 I art     : Explicit concurrent mark sweep GC freed 1337(78KB) AllocSpace objects, 1(20KB) LOS objects, 40% free, 22MB/37MB, paused 190us total 20.226ms
08-06 04:00:05.635   518   646 I ThermalEngine: ACTION: GPU - Setting GPU[0] to 450000000
08-06 04:00:05.643 24798 24811 I art     : Starting a blocking GC Explicit
08-06 04:00:05.668 24798 24811 I art     : Explicit concurrent mark sweep GC freed 20(704B) AllocSpace objects, 0(0B) LOS objects, 40% free, 22MB/37MB, paused 227us total 24.728ms
08-06 04:00:05.683 24798 24811 I art     : Starting a blocking GC Explicit
08-06 04:00:05.708 24798 24811 I art     : Explicit concurrent mark sweep GC freed 3(96B) AllocSpace objects, 0(0B) LOS objects, 40% free, 22MB/37MB, paused 303us total 24.388ms
08-06 04:00:05.708 24798 24808 I art     : WaitForGcToComplete blocked for 24.650ms for cause HeapTrim
08-06 04:00:05.723 24798 24811 I art     : Starting a blocking GC Explicit
08-06 04:00:05.747 24798 24811 I art     : Explicit concurrent mark sweep GC freed 3(96B) AllocSpace objects, 0(0B) LOS objects, 40% free, 22MB/37MB, paused 247us total 24.393ms
08-06 04:00:05.762 24798 24811 I art     : Starting a blocking GC Explicit
08-06 04:00:05.787 24798 24811 I art     : Explicit concurrent mark sweep GC freed 3(96B) AllocSpace objects, 0(0B) LOS objects, 40% free, 22MB/37MB, paused 265us total 24.592ms
08-06 04:00:05.809   512  2967 D audio_hw_primary: disable_audio_route: reset and update mixer path: low-latency-playback speaker
08-06 04:00:05.810   512  2967 D audio_hw_primary: disable_snd_device: snd_device(2: speaker)
08-06 04:00:05.817   512  2967 I soundtrigger: audio_extn_sound_trigger_update_device_status: device 0x2 of type 0 for Event 0
08-06 04:00:05.893 25252 25252 D AndroidRuntime: >>>>>> START com.android.internal.os.RuntimeInit uid 2000 <<<<<<
08-06 04:00:05.900 25252 25252 D AndroidRuntime: CheckJNI is OFF
08-06 04:00:05.945 25252 25252 D ICU     : No timezone override file found: /data/misc/zoneinfo/current/icu/icu_tzdata.dat
08-06 04:00:05.986 25252 25252 I Radio-JNI: register_android_hardware_Radio DONE
08-06 04:00:06.014 25252 25252 D AndroidRuntime: Calling main entry com.android.commands.input.Input
08-06 04:00:06.016 25252 25252 I Input   : injectKeyEvent: KeyEvent { action=ACTION_DOWN, keyCode=KEYCODE_BACK, scanCode=0, metaState=0, flags=0x0, repeatCount=0, eventTime=849622429, downTime=849622429, deviceId=-1, source=0x101 }
08-06 04:00:06.021 25252 25252 I Input   : injectKeyEvent: KeyEvent { action=ACTION_UP, keyCode=KEYCODE_BACK, scanCode=0, metaState=0, flags=0x0, repeatCount=0, eventTime=849622429, downTime=849622429, deviceId=-1, source=0x101 }
08-06 04:00:06.026 25252 25252 D AndroidRuntime: Shutting down VM
08-06 04:00:06.060 24798 24827 I art     : Starting a blocking GC Explicit
08-06 04:00:06.070 13866 13866 I GoogleInputMethodServic: GoogleInputMethodService.onFinishInput():3138 
08-06 04:00:06.071 13866 13866 I GoogleInputMethodServic: GoogleInputMethodService.onStartInput():1808 
08-06 04:00:06.085 24798 24827 I art     : Explicit concurrent mark sweep GC freed 1420(83KB) AllocSpace objects, 1(20KB) LOS objects, 40% free, 22MB/37MB, paused 343us total 24.726ms
08-06 04:00:06.102 24798 24827 I art     : Starting a blocking GC Explicit
08-06 04:00:06.125 24798 24827 I art     : Explicit concurrent mark sweep GC freed 154(7KB) AllocSpace objects, 0(0B) LOS objects, 40% free, 22MB/37MB, paused 229us total 22.653ms
08-06 04:00:06.140 24798 24827 I art     : Starting a blocking GC Explicit
08-06 04:00:06.162 24798 24827 I art     : Explicit concurrent mark sweep GC freed 1758(119KB) AllocSpace objects, 0(0B) LOS objects, 40% free, 22MB/37MB, paused 194us total 21.643ms
08-06 04:00:06.176 24798 24827 I art     : Starting a blocking GC Explicit
08-06 04:00:06.200 24798 24827 I art     : Explicit concurrent mark sweep GC freed 3(96B) AllocSpace objects, 0(0B) LOS objects, 40% free, 22MB/37MB, paused 212us total 23.365ms
08-06 04:00:06.217 24798 24827 I art     : Starting a blocking GC Explicit
08-06 04:00:06.243 24798 24827 I art     : Explicit concurrent mark sweep GC freed 3(96B) AllocSpace objects, 0(0B) LOS objects, 40% free, 22MB/37MB, paused 222us total 25.067ms
08-06 04:00:06.378   380   380 W SurfaceFlinger: couldn't log to binary event log: overflow.
08-06 04:00:06.514 24798 24811 I art     : Starting a blocking GC Explicit
08-06 04:00:06.539 24798 24811 I art     : Explicit concurrent mark sweep GC freed 1385(80KB) AllocSpace objects, 1(20KB) LOS objects, 40% free, 22MB/37MB, paused 248us total 25.002ms
08-06 04:00:06.554 24798 24811 I art     : Starting a blocking GC Explicit
08-06 04:00:06.575 24798 24811 I art     : Explicit concurrent mark sweep GC freed 11984(575KB) AllocSpace objects, 7(340KB) LOS objects, 40% free, 21MB/35MB, paused 297us total 21.218ms
08-06 04:00:06.589 24798 24811 I art     : Starting a blocking GC Explicit
08-06 04:00:06.608 24798 24811 I art     : Explicit concurrent mark sweep GC freed 3(96B) AllocSpace objects, 0(0B) LOS objects, 40% free, 21MB/35MB, paused 231us total 18.362ms
08-06 04:00:06.622 24798 24811 I art     : Starting a blocking GC Explicit
08-06 04:00:06.641 24798 24811 I art     : Explicit concurrent mark sweep GC freed 3(96B) AllocSpace objects, 0(0B) LOS objects, 40% free, 21MB/35MB, paused 223us total 19.244ms
08-06 04:00:06.655 24798 24811 I art     : Starting a blocking GC Explicit
08-06 04:00:06.675 24798 24811 I art     : Explicit concurrent mark sweep GC freed 3(96B) AllocSpace objects, 0(0B) LOS objects, 40% free, 21MB/35MB, paused 215us total 18.813ms
08-06 04:00:06.820 25283 25283 D AndroidRuntime: >>>>>> START com.android.internal.os.RuntimeInit uid 2000 <<<<<<
08-06 04:00:06.827 25283 25283 D AndroidRuntime: CheckJNI is OFF
08-06 04:00:06.867 25283 25283 D ICU     : No timezone override file found: /data/misc/zoneinfo/current/icu/icu_tzdata.dat
08-06 04:00:06.909 25283 25283 I Radio-JNI: register_android_hardware_Radio DONE
08-06 04:00:06.939 25283 25283 D AndroidRuntime: Calling main entry com.android.commands.input.Input
08-06 04:00:06.941 25283 25283 I Input   : injectKeyEvent: KeyEvent { action=ACTION_DOWN, keyCode=KEYCODE_BACK, scanCode=0, metaState=0, flags=0x0, repeatCount=0, eventTime=849623354, downTime=849623354, deviceId=-1, source=0x101 }
08-06 04:00:06.945 25283 25283 I Input   : injectKeyEvent: KeyEvent { action=ACTION_UP, keyCode=KEYCODE_BACK, scanCode=0, metaState=0, flags=0x0, repeatCount=0, eventTime=849623354, downTime=849623354, deviceId=-1, source=0x101 }
08-06 04:00:06.950 25283 25283 D AndroidRuntime: Shutting down VM
08-06 04:00:06.950 24798 24827 I art     : Starting a blocking GC Explicit
08-06 04:00:06.970 24798 24827 I art     : Explicit concurrent mark sweep GC freed 1441(82KB) AllocSpace objects, 1(20KB) LOS objects, 40% free, 21MB/35MB, paused 235us total 19.448ms
08-06 04:00:06.983 24798 24827 I art     : Starting a blocking GC Explicit
08-06 04:00:06.989 13866 13866 I GoogleInputMethodServic: GoogleInputMethodService.onFinishInput():3138 
08-06 04:00:06.989 13866 13866 I GoogleInputMethodServic: GoogleInputMethodService.onStartInput():1808 
08-06 04:00:07.003 24798 24827 I art     : Explicit concurrent mark sweep GC freed 63(3KB) AllocSpace objects, 0(0B) LOS objects, 40% free, 21MB/35MB, paused 232us total 19.470ms
08-06 04:00:07.018 24798 24827 I art     : Starting a blocking GC Explicit
08-06 04:00:07.035 24798 24827 I art     : Explicit concurrent mark sweep GC freed 25(816B) AllocSpace objects, 0(0B) LOS objects, 40% free, 21MB/35MB, paused 204us total 17.674ms
08-06 04:00:07.050 24798 24827 I art     : Starting a blocking GC Explicit
08-06 04:00:07.067 24798 24827 I art     : Explicit concurrent mark sweep GC freed 14(448B) AllocSpace objects, 0(0B) LOS objects, 40% free, 21MB/35MB, paused 193us total 16.696ms
08-06 04:00:07.080 24798 24827 I art     : Starting a blocking GC Explicit
08-06 04:00:07.098 24798 24827 I art     : Explicit concurrent mark sweep GC freed 3(96B) AllocSpace objects, 0(0B) LOS objects, 40% free, 21MB/35MB, paused 186us total 17.248ms
08-06 04:00:07.364 24798 24811 I art     : Starting a blocking GC Explicit
08-06 04:00:07.384 24798 24811 I art     : Explicit concurrent mark sweep GC freed 1362(79KB) AllocSpace objects, 1(20KB) LOS objects, 40% free, 21MB/35MB, paused 226us total 19.534ms
08-06 04:00:07.398 24798 24811 I art     : Starting a blocking GC Explicit
08-06 04:00:07.417 24798 24811 I art     : Explicit concurrent mark sweep GC freed 143(10KB) AllocSpace objects, 0(0B) LOS objects, 40% free, 21MB/35MB, paused 255us total 19.046ms
08-06 04:00:07.431 24798 24811 I art     : Starting a blocking GC Explicit
08-06 04:00:07.451 24798 24811 I art     : Explicit concurrent mark sweep GC freed 3(96B) AllocSpace objects, 0(0B) LOS objects, 40% free, 21MB/35MB, paused 227us total 19.179ms
08-06 04:00:07.464 24798 24811 I art     : Starting a blocking GC Explicit
08-06 04:00:07.483 24798 24811 I art     : Explicit concurrent mark sweep GC freed 3(96B) AllocSpace objects, 0(0B) LOS objects, 40% free, 21MB/35MB, paused 240us total 18.720ms
08-06 04:00:07.497 24798 24811 I art     : Starting a blocking GC Explicit
08-06 04:00:07.503 24798 24798 I RedReader: Checking for new messages.
08-06 04:00:07.505 24798 24798 I RegularCachePruner: Pruning cache...
08-06 04:00:07.507 24798 25326 I RedditChangeDataManager: Pruning for all users...
08-06 04:00:07.507 24798 25326 I RedditChangeDataManager: Pruning complete.
08-06 04:00:07.513 24798 25326 I CacheManager: Pruning 0 files
08-06 04:00:07.516 24798 24811 I art     : Explicit concurrent mark sweep GC freed 120(7KB) AllocSpace objects, 0(0B) LOS objects, 40% free, 21MB/35MB, paused 242us total 18.344ms
08-06 04:00:07.727 25314 25314 D AndroidRuntime: >>>>>> START com.android.internal.os.RuntimeInit uid 2000 <<<<<<
08-06 04:00:07.734 25314 25314 D AndroidRuntime: CheckJNI is OFF
08-06 04:00:07.776 25314 25314 D ICU     : No timezone override file found: /data/misc/zoneinfo/current/icu/icu_tzdata.dat
08-06 04:00:07.797 24798 24827 I art     : Starting a blocking GC Explicit
08-06 04:00:07.817 24798 24827 I art     : Explicit concurrent mark sweep GC freed 1484(87KB) AllocSpace objects, 1(20KB) LOS objects, 40% free, 21MB/35MB, paused 264us total 19.750ms
08-06 04:00:07.819 25314 25314 I Radio-JNI: register_android_hardware_Radio DONE
08-06 04:00:07.831 24798 24827 I art     : Starting a blocking GC Explicit
08-06 04:00:07.849 24798 24827 I art     : Explicit concurrent mark sweep GC freed 2826(188KB) AllocSpace objects, 1(28KB) LOS objects, 40% free, 21MB/35MB, paused 228us total 17.512ms
08-06 04:00:07.849 25314 25314 D AndroidRuntime: Calling main entry com.android.commands.input.Input
08-06 04:00:07.851 25314 25314 I Input   : injectMotionEvent: MotionEvent { action=ACTION_DOWN, actionButton=0, id[0]=0, x[0]=600.0, y[0]=1536.0, toolType[0]=TOOL_TYPE_UNKNOWN, buttonState=0, metaState=0, flags=0x0, edgeFlags=0x0, pointerCount=1, historySize=0, eventTime=849624264, downTime=849624264, deviceId=0, source=0x1002 }
08-06 04:00:07.857 25314 25314 I Input   : injectMotionEvent: MotionEvent { action=ACTION_UP, actionButton=0, id[0]=0, x[0]=600.0, y[0]=1536.0, toolType[0]=TOOL_TYPE_UNKNOWN, buttonState=0, metaState=0, flags=0x0, edgeFlags=0x0, pointerCount=1, historySize=0, eventTime=849624264, downTime=849624264, deviceId=0, source=0x1002 }
08-06 04:00:07.859 25314 25314 D AndroidRuntime: Shutting down VM
08-06 04:00:07.864 24798 24827 I art     : Starting a blocking GC Explicit
08-06 04:00:07.869   512  2967 D audio_hw_primary: out_set_parameters: enter: usecase(1: low-latency-playback) kvpairs: routing=2
08-06 04:00:07.874   918  5132 I ActivityManager: START u0 {dat=https://oauth.reddit.com/... cmp=baseline.org.quantumbadger.redreader/.activities.PostListingActivity} from uid 10705 on display 0
08-06 04:00:07.883   512  2967 D audio_hw_primary: select_devices: out_snd_device(2: speaker) in_snd_device(0: none)
08-06 04:00:07.883   512  2967 D msm8974_platform: platform_send_audio_calibration: sending audio calibration for snd_device(2) acdb_id(15)
08-06 04:00:07.883   512  2967 I soundtrigger: audio_extn_sound_trigger_update_device_status: device 0x2 of type 0 for Event 1
08-06 04:00:07.884 24798 24827 I art     : Explicit concurrent mark sweep GC freed 96(8KB) AllocSpace objects, 0(0B) LOS objects, 40% free, 21MB/35MB, paused 337us total 20.526ms
08-06 04:00:07.897   512  2967 D audio_hw_primary: enable_snd_device: snd_device(2: speaker)
08-06 04:00:07.899   512  2967 D audio_hw_primary: enable_audio_route: apply and update mixer path: low-latency-playback speaker
08-06 04:00:07.900 24798 24827 I art     : Starting a blocking GC Explicit
08-06 04:00:07.913 24798 24798 I AppCompatViewInflater: app:theme is now deprecated. Please move to using android:theme instead.
08-06 04:00:07.917 24798 24827 I art     : Explicit concurrent mark sweep GC freed 385(27KB) AllocSpace objects, 0(0B) LOS objects, 40% free, 21MB/35MB, paused 349us total 17.086ms
08-06 04:00:07.931 24798 24827 I art     : Starting a blocking GC Explicit
08-06 04:00:07.950 24798 24827 I art     : Explicit concurrent mark sweep GC freed 3523(241KB) AllocSpace objects, 0(0B) LOS objects, 40% free, 21MB/35MB, paused 435us total 18.911ms
08-06 04:00:07.967 24798 25346 I RawObjectDB query string: CREATE TABLE objects(RawObjectDB_id TEXT PRIMARY KEY ON CONFLICT REPLACE,RawObjectDB_timestamp INTEGER,accounts_active INTEGER,created INTEGER,created_utc INTEGER,description TEXT,description_html TEXT,display_name TEXT,header_img TEXT,header_title TEXT,id TEXT,name TEXT,over18 INTEGER,public_description TEXT,subscribers INTEGER,title TEXT,url TEXT)
08-06 04:00:08.011 24798 25347 D OK      : calling: https://www.reddit.com/api/v1/access_token
08-06 04:00:08.041 13866 13866 I GoogleInputMethodServic: GoogleInputMethodService.onFinishInput():3138 
08-06 04:00:08.041   918   936 I ActivityManager: Displayed baseline.org.quantumbadger.redreader/.activities.PostListingActivity: +159ms
08-06 04:00:08.042 13866 13866 I GoogleInputMethodServic: GoogleInputMethodService.onStartInput():1808 
08-06 04:00:08.219 24798 24827 I art     : Starting a blocking GC Explicit
08-06 04:00:08.248 24798 24827 I art     : Explicit concurrent mark sweep GC freed 9275(539KB) AllocSpace objects, 4(220KB) LOS objects, 40% free, 21MB/36MB, paused 386us total 28.244ms
08-06 04:00:08.266 24798 24827 I art     : Starting a blocking GC Explicit
08-06 04:00:08.295 24798 24827 I art     : Explicit concurrent mark sweep GC freed 10655(804KB) AllocSpace objects, 0(0B) LOS objects, 40% free, 22MB/37MB, paused 843us total 28.882ms
08-06 04:00:08.297   380   380 W SurfaceFlinger: couldn't log to binary event log: overflow.
08-06 04:00:08.313 24798 24827 I art     : Starting a blocking GC Explicit
08-06 04:00:08.340 24798 24827 I art     : Explicit concurrent mark sweep GC freed 6458(467KB) AllocSpace objects, 10(992KB) LOS objects, 40% free, 23MB/38MB, paused 861us total 26.768ms
08-06 04:00:08.355 24798 24827 I art     : Starting a blocking GC Explicit
08-06 04:00:08.384 24798 24827 I art     : Explicit concurrent mark sweep GC freed 7640(477KB) AllocSpace objects, 2(180KB) LOS objects, 40% free, 23MB/39MB, paused 618us total 28.897ms
08-06 04:00:08.399 24798 24827 I art     : Starting a blocking GC Explicit
08-06 04:00:08.423 24798 25347 D OK      : request got status: 200
08-06 04:00:08.430   512  2967 D audio_hw_primary: disable_audio_route: reset and update mixer path: low-latency-playback speaker
08-06 04:00:08.431   512  2967 D audio_hw_primary: disable_snd_device: snd_device(2: speaker)
08-06 04:00:08.436 24798 24827 I art     : Explicit concurrent mark sweep GC freed 10917(649KB) AllocSpace objects, 0(0B) LOS objects, 39% free, 24MB/40MB, paused 1.075ms total 36.710ms
08-06 04:00:08.438 24798 25347 D OK      : calling: https://oauth.reddit.com/r/askscience/about.json
08-06 04:00:08.442   512  2967 I soundtrigger: audio_extn_sound_trigger_update_device_status: device 0x2 of type 0 for Event 0
08-06 04:00:08.704 24798 25347 I NAPPA_EXPERIMENTATION: MetricNetworkRequestExecutionTime: REQUEST_DURATION_SYSTEM='265',REQUEST_DURATION_OKHTTP='148',REQUEST_SYNCHRONOUS='TRUE',RESPONSE_CODE='200',RESPONSE_METHOD='GET',RESPONSE_LENGTH_OKHTTP='-1',RESPONSE_LENGTH_HEADER='4700',REQUEST_PROTOCOL='h2',REQUEST_URL='https://oauth.reddit.com/r/askscience/about.json',
08-06 04:00:08.704 24798 25347 D OK      : request got status: 200
08-06 04:00:08.725 24798 24827 I art     : Starting a blocking GC Explicit
08-06 04:00:08.764 24798 24827 I art     : Explicit concurrent mark sweep GC freed 5199(435KB) AllocSpace objects, 5(428KB) LOS objects, 39% free, 24MB/40MB, paused 864us total 38.966ms
08-06 04:00:08.781 24798 24827 I art     : Starting a blocking GC Explicit
08-06 04:00:08.817 24798 24827 I art     : Explicit concurrent mark sweep GC freed 790(64KB) AllocSpace objects, 1(68KB) LOS objects, 39% free, 24MB/40MB, paused 305us total 35.273ms
08-06 04:00:08.832 24798 24827 I art     : Starting a blocking GC Explicit
08-06 04:00:08.866 24798 24827 I art     : Explicit concurrent mark sweep GC freed 60(3KB) AllocSpace objects, 0(0B) LOS objects, 39% free, 24MB/40MB, paused 403us total 32.883ms
08-06 04:00:08.882 24798 24827 I art     : Starting a blocking GC Explicit
08-06 04:00:08.915 24798 24827 I art     : Explicit concurrent mark sweep GC freed 3(96B) AllocSpace objects, 0(0B) LOS objects, 39% free, 24MB/40MB, paused 423us total 32.531ms
08-06 04:00:08.931 24798 24827 I art     : Starting a blocking GC Explicit
08-06 04:00:08.964 24798 24827 I art     : Explicit concurrent mark sweep GC freed 3(96B) AllocSpace objects, 0(0B) LOS objects, 39% free, 24MB/40MB, paused 314us total 33.195ms
08-06 04:00:09.208 24798 25387 D OK      : calling: https://oauth.reddit.com/r/askscience/hot/.json
08-06 04:00:09.260 24798 24827 I art     : Starting a blocking GC Explicit
08-06 04:00:09.295 24798 24827 I art     : Explicit concurrent mark sweep GC freed 1494(84KB) AllocSpace objects, 1(20KB) LOS objects, 39% free, 24MB/40MB, paused 390us total 34.536ms
08-06 04:00:09.312 24798 24827 I art     : Starting a blocking GC Explicit
08-06 04:00:09.344 24798 24827 I art     : Explicit concurrent mark sweep GC freed 26(960B) AllocSpace objects, 0(0B) LOS objects, 39% free, 24MB/40MB, paused 383us total 31.667ms
08-06 04:00:09.360 24798 24827 I art     : Starting a blocking GC Explicit
08-06 04:00:09.392 24798 24827 I art     : Explicit concurrent mark sweep GC freed 3(96B) AllocSpace objects, 0(0B) LOS objects, 39% free, 24MB/40MB, paused 373us total 31.683ms
08-06 04:00:09.409 24798 24827 I art     : Starting a blocking GC Explicit
08-06 04:00:09.420 24798 25387 I NAPPA_EXPERIMENTATION: MetricNetworkRequestExecutionTime: REQUEST_DURATION_SYSTEM='212',REQUEST_DURATION_OKHTTP='208',REQUEST_SYNCHRONOUS='TRUE',RESPONSE_CODE='200',RESPONSE_METHOD='GET',RESPONSE_LENGTH_OKHTTP='-1',RESPONSE_LENGTH_HEADER='21282',REQUEST_PROTOCOL='h2',REQUEST_URL='https://oauth.reddit.com/r/askscience/hot/.json',
08-06 04:00:09.420 24798 25387 D OK      : request got status: 200
08-06 04:00:09.437 24798 25375 I PostListingFragment: Precaching images: OFF
08-06 04:00:09.437 24798 25375 I PostListingFragment: Precaching comments: OFF
08-06 04:00:09.441 24798 24827 I art     : Explicit concurrent mark sweep GC freed 492(113KB) AllocSpace objects, 0(0B) LOS objects, 39% free, 24MB/40MB, paused 685us total 32.463ms
08-06 04:00:09.458 24798 24827 I art     : Starting a blocking GC Explicit
08-06 04:00:09.494 24798 24827 I art     : Explicit concurrent mark sweep GC freed 1619(108KB) AllocSpace objects, 0(0B) LOS objects, 39% free, 24MB/40MB, paused 742us total 36.236ms
08-06 04:00:09.783 24798 24827 I art     : Starting a blocking GC Explicit
08-06 04:00:09.827 24798 24827 I art     : Explicit concurrent mark sweep GC freed 17891(761KB) AllocSpace objects, 3(156KB) LOS objects, 39% free, 24MB/40MB, paused 637us total 43.906ms
08-06 04:00:09.844 24798 24827 I art     : Starting a blocking GC Explicit
08-06 04:00:09.885 24798 24827 I art     : Explicit concurrent mark sweep GC freed 4727(179KB) AllocSpace objects, 0(0B) LOS objects, 39% free, 24MB/40MB, paused 600us total 40.787ms
08-06 04:00:09.902 24798 24827 I art     : Starting a blocking GC Explicit
08-06 04:00:09.938 24798 24827 I art     : Explicit concurrent mark sweep GC freed 12479(597KB) AllocSpace objects, 0(0B) LOS objects, 39% free, 24MB/40MB, paused 580us total 36.131ms
08-06 04:00:09.955 24798 24827 I art     : Starting a blocking GC Explicit
08-06 04:00:09.991 24798 24827 I art     : Explicit concurrent mark sweep GC freed 523(35KB) AllocSpace objects, 0(0B) LOS objects, 39% free, 24MB/40MB, paused 524us total 35.656ms
08-06 04:00:10.008 24798 24827 I art     : Starting a blocking GC Explicit
08-06 04:00:10.044 24798 24827 I art     : Explicit concurrent mark sweep GC freed 766(38KB) AllocSpace objects, 0(0B) LOS objects, 39% free, 24MB/40MB, paused 649us total 35.733ms
08-06 04:00:10.345 24798 24811 I art     : Starting a blocking GC Explicit
08-06 04:00:10.381 24798 24811 I art     : Explicit concurrent mark sweep GC freed 2274(119KB) AllocSpace objects, 1(20KB) LOS objects, 39% free, 24MB/40MB, paused 336us total 35.955ms
08-06 04:00:10.398 24798 24811 I art     : Starting a blocking GC Explicit
08-06 04:00:10.437 24798 24811 I art     : Explicit concurrent mark sweep GC freed 99(5KB) AllocSpace objects, 0(0B) LOS objects, 39% free, 24MB/40MB, paused 329us total 38.713ms
08-06 04:00:10.454 24798 24811 I art     : Starting a blocking GC Explicit
08-06 04:00:10.493 24798 24811 I art     : Explicit concurrent mark sweep GC freed 3(96B) AllocSpace objects, 0(0B) LOS objects, 39% free, 24MB/40MB, paused 324us total 38.442ms
08-06 04:00:10.510 24798 24811 I art     : Starting a blocking GC Explicit
08-06 04:00:10.549 24798 24811 I art     : Explicit concurrent mark sweep GC freed 3(96B) AllocSpace objects, 0(0B) LOS objects, 39% free, 24MB/40MB, paused 342us total 39.329ms
08-06 04:00:10.567 24798 24811 I art     : Starting a blocking GC Explicit
08-06 04:00:10.607 24798 24811 I art     : Explicit concurrent mark sweep GC freed 3(96B) AllocSpace objects, 0(0B) LOS objects, 39% free, 24MB/40MB, paused 351us total 39.681ms
08-06 04:00:10.951 24798 25031 I art     : Starting a blocking GC Explicit
08-06 04:00:10.998 24798 25031 I art     : Explicit concurrent mark sweep GC freed 1343(78KB) AllocSpace objects, 1(20KB) LOS objects, 39% free, 24MB/40MB, paused 485us total 47.170ms
08-06 04:00:11.018 24798 25031 I art     : Starting a blocking GC Explicit
08-06 04:00:11.058 24798 25031 I art     : Explicit concurrent mark sweep GC freed 20(704B) AllocSpace objects, 0(0B) LOS objects, 39% free, 24MB/40MB, paused 349us total 40.374ms
08-06 04:00:11.076 24798 25031 I art     : Starting a blocking GC Explicit
08-06 04:00:11.115 24798 25031 I art     : Explicit concurrent mark sweep GC freed 3(96B) AllocSpace objects, 0(0B) LOS objects, 39% free, 24MB/40MB, paused 351us total 39.299ms
08-06 04:00:11.133 24798 25031 I art     : Starting a blocking GC Explicit
08-06 04:00:11.173 24798 25031 I art     : Explicit concurrent mark sweep GC freed 3(96B) AllocSpace objects, 0(0B) LOS objects, 39% free, 24MB/40MB, paused 347us total 40.106ms
08-06 04:00:11.190 24798 25031 I art     : Starting a blocking GC Explicit
08-06 04:00:11.231 24798 25031 I art     : Explicit concurrent mark sweep GC freed 3(96B) AllocSpace objects, 0(0B) LOS objects, 39% free, 24MB/40MB, paused 346us total 39.840ms
08-06 04:00:11.552 24798 24827 I art     : Starting a blocking GC Explicit
08-06 04:00:11.596 24798 24827 I art     : Explicit concurrent mark sweep GC freed 1346(78KB) AllocSpace objects, 1(20KB) LOS objects, 39% free, 24MB/40MB, paused 357us total 43.975ms
08-06 04:00:11.616 24798 24827 I art     : Starting a blocking GC Explicit
08-06 04:00:11.655 24798 24827 I art     : Explicit concurrent mark sweep GC freed 20(704B) AllocSpace objects, 0(0B) LOS objects, 39% free, 24MB/40MB, paused 333us total 38.585ms
08-06 04:00:11.673 24798 24827 I art     : Starting a blocking GC Explicit
08-06 04:00:11.713 24798 24827 I art     : Explicit concurrent mark sweep GC freed 3(96B) AllocSpace objects, 0(0B) LOS objects, 39% free, 24MB/40MB, paused 340us total 39.653ms
08-06 04:00:11.730 24798 24827 I art     : Starting a blocking GC Explicit
08-06 04:00:11.769 24798 24827 I art     : Explicit concurrent mark sweep GC freed 3(96B) AllocSpace objects, 0(0B) LOS objects, 39% free, 24MB/40MB, paused 335us total 38.908ms
08-06 04:00:11.787 24798 24827 I art     : Starting a blocking GC Explicit
08-06 04:00:11.823 22752 22752 I ServiceManager: Waiting for service AtCmdFwd...
08-06 04:00:11.826 24798 24827 I art     : Explicit concurrent mark sweep GC freed 3(96B) AllocSpace objects, 0(0B) LOS objects, 39% free, 24MB/40MB, paused 342us total 39.314ms
08-06 04:00:12.150 24798 24809 I art     : Starting a blocking GC Explicit
08-06 04:00:12.197 24798 24809 I art     : Explicit concurrent mark sweep GC freed 1343(78KB) AllocSpace objects, 1(20KB) LOS objects, 39% free, 24MB/40MB, paused 361us total 46.362ms
08-06 04:00:12.217 24798 24809 I art     : Starting a blocking GC Explicit
08-06 04:00:12.257 24798 24809 I art     : Explicit concurrent mark sweep GC freed 20(704B) AllocSpace objects, 0(0B) LOS objects, 39% free, 24MB/40MB, paused 348us total 38.825ms
08-06 04:00:12.274 24798 24809 I art     : Starting a blocking GC Explicit
08-06 04:00:12.314 24798 24809 I art     : Explicit concurrent mark sweep GC freed 3(96B) AllocSpace objects, 0(0B) LOS objects, 39% free, 24MB/40MB, paused 338us total 39.828ms
08-06 04:00:12.331 24798 24809 I art     : Starting a blocking GC Explicit
08-06 04:00:12.370 24798 24809 I art     : Explicit concurrent mark sweep GC freed 3(96B) AllocSpace objects, 0(0B) LOS objects, 39% free, 24MB/40MB, paused 340us total 38.378ms
08-06 04:00:12.388 24798 24809 I art     : Starting a blocking GC Explicit
08-06 04:00:12.428 24798 24809 I art     : Explicit concurrent mark sweep GC freed 3(96B) AllocSpace objects, 0(0B) LOS objects, 39% free, 24MB/40MB, paused 352us total 39.789ms
08-06 04:00:12.531 14692 14692 I Finsky  : [1] xow.onStartJob(3): SCH: onJobSchedulerWakeup with jobId 9005
08-06 04:00:12.544 14692 14692 I Finsky  : [1] xjw.a(9): Scheduling fallback in 43199997 (absolute: 1876216415)
08-06 04:00:12.548 14692 14692 I Finsky  : [1] xjw.a(9): Scheduling fallback in 64799997 (absolute: 1897816419)
08-06 04:00:12.555 14692 14692 I Finsky  : [1] xow.onStartJob(3): SCH: onJobSchedulerWakeup with jobId 9016
08-06 04:00:12.564 14692 14692 I Finsky  : [1] xjw.a(9): Scheduling fallback in 43199998 (absolute: 1876216436)
08-06 04:00:12.567 14692 14692 I Finsky  : [1] xjw.a(9): Scheduling fallback in 64799998 (absolute: 1897816439)
08-06 04:00:12.571 14692 14692 W Finsky  : [1] xow.onStartJob(9): SCH: onJobSchedulerWakeup while already running
08-06 04:00:12.646   518   646 I ThermalEngine: ACTION: GPU - Setting GPU[0] to 510000000
08-06 04:00:12.691 14692 14692 I Finsky  : [1] xkf.handleMessage(8): SCH: DeviceState: DeviceState{currentTime=1596679212687, isCharging=false, isIdle=false, netAny=true, netNotRoaming=true, netUnmetered=true, batteryPercent=100.0}
08-06 04:00:12.697 14692 24766 I Finsky  : [6285] xmu.a(8): SCH: Jobs in database: 1-1337 3-221 3-222 12-1 24-77777777 26-1414141414 
08-06 04:00:12.701 14692 14692 I Finsky  : [1] xkg.a(16): SCH: Running job: 12-1
08-06 04:00:12.701 14692 14692 I Finsky  : [1] ContentSyncJob.a(16): [ContentSync] job started
08-06 04:00:12.702 14692 14692 I Finsky  : [1] xkf.handleMessage(61): SCH: RunningQueue size: 1, PendingQueue size: 0
08-06 04:00:12.702 14692 14692 I Finsky  : [1] xkf.handleMessage(64): SCH: Running queue: 12-1 
08-06 04:00:12.736 24798 24811 I art     : Starting a blocking GC Explicit
08-06 04:00:12.764 24798 24811 I art     : Explicit concurrent mark sweep GC freed 1343(78KB) AllocSpace objects, 1(20KB) LOS objects, 39% free, 24MB/40MB, paused 239us total 27.779ms
08-06 04:00:12.769 14692 24787 I Finsky  : [6290] dzn.a(22): Completed 0 account content syncs with 0 successful.
08-06 04:00:12.770 14692 14692 I Finsky  : [1] ContentSyncJob.a(1): [ContentSync] Installation state replication succeeded.
08-06 04:00:12.771 14692 14692 I Finsky  : [1] xlr.a(13): SCH: jobFinished: 12-1. TimeElapsed: 70ms.
08-06 04:00:12.771 14692 14692 I Finsky  : [1] xkg.a(36): SCH: Job 12-1 finished. Not rescheduling.
08-06 04:00:12.772 14692 14692 I Finsky  : [1] xkf.handleMessage(61): SCH: RunningQueue size: 0, PendingQueue size: 0
08-06 04:00:12.772 14692 14692 I Finsky  : [1] xkf.handleMessage(25): Executor finished
08-06 04:00:12.777 24798 24811 I art     : Starting a blocking GC Explicit
08-06 04:00:12.788 14692 14692 I Finsky  : [1] xmu.a(8): SCH: Jobs in database: 1-1337 3-221 3-222 24-77777777 26-1414141414 
08-06 04:00:12.790 14692 14692 I Finsky  : [1] xio.a(57): SCH: ConstraintMapping: 24-77777777,  -> L: 0ms, D: 61798137ms, C: false, I: true, N: 0
08-06 04:00:12.790 14692 14692 I Finsky  : [1] xio.a(57): SCH: ConstraintMapping: 1-1337,  -> L: 21940129ms, D: 65140129ms, C: false, I: false, N: 1
08-06 04:00:12.791 14692 14692 I Finsky  : [1] xio.a(57): SCH: ConstraintMapping: 3-221,  -> L: 0ms, D: 83276636ms, C: false, I: true, N: 2
08-06 04:00:12.791 14692 14692 I Finsky  : [1] xio.a(57): SCH: ConstraintMapping: 3-222,  -> L: 0ms, D: 83276709ms, C: true, I: true, N: 2
08-06 04:00:12.792 14692 14692 I Finsky  : [1] xio.a(57): SCH: ConstraintMapping: 26-1414141414,  -> L: 26588030ms, D: 27488030ms, C: false, I: false, N: 0
08-06 04:00:12.803 14692 14692 I Finsky  : [1] xle.a(34): Cancelling existing jobscheduler jobs: 9008 9015 9006 9019 9009 9017 9018 9001 
08-06 04:00:12.803 14692 14692 I Finsky  : [1] xle.a(10): Throttling wakeup for job 9000 (expected to run in 0 ms) due to recent wakeup
08-06 04:00:12.804 14692 14692 I Finsky  : [1] xle.a(27): Scheduling job Id: 9000, L: 30000, D: 61798137, C: false, I: true, N: 0
08-06 04:00:12.805 24798 24811 I art     : Explicit concurrent mark sweep GC freed 20(704B) AllocSpace objects, 0(0B) LOS objects, 39% free, 24MB/40MB, paused 233us total 27.662ms
08-06 04:00:12.807 14692 14692 I Finsky  : [1] xle.a(27): Scheduling job Id: 9002, L: 21940129, D: 65140129, C: false, I: false, N: 1
08-06 04:00:12.809 14692 14692 I Finsky  : [1] xle.a(10): Throttling wakeup for job 9003 (expected to run in 0 ms) due to recent wakeup
08-06 04:00:12.810 14692 14692 I Finsky  : [1] xle.a(27): Scheduling job Id: 9003, L: 30000, D: 83276636, C: false, I: true, N: 2
08-06 04:00:12.812 14692 14692 I Finsky  : [1] xle.a(10): Throttling wakeup for job 9004 (expected to run in 0 ms) due to recent wakeup
08-06 04:00:12.812 14692 14692 I Finsky  : [1] xle.a(27): Scheduling job Id: 9004, L: 30000, D: 83276709, C: true, I: true, N: 2
08-06 04:00:12.814 14692 14692 I Finsky  : [1] xle.a(27): Scheduling job Id: 9007, L: 26588030, D: 27488030, C: false, I: false, N: 0
08-06 04:00:12.816 14692 14692 I Finsky  : [1] xle.a(10): Throttling wakeup for job 9010 (expected to run in 0 ms) due to recent wakeup
08-06 04:00:12.817 14692 14692 I Finsky  : [1] xle.a(27): Scheduling job Id: 9010, L: 30000, D: 61798137, C: false, I: true, N: 0
08-06 04:00:12.818 24798 24811 I art     : Starting a blocking GC Explicit
08-06 04:00:12.819 14692 14692 I Finsky  : [1] xle.a(27): Scheduling job Id: 9011, L: 21940129, D: 65140129, C: false, I: false, N: 1
08-06 04:00:12.820 14692 14692 I Finsky  : [1] xle.a(10): Throttling wakeup for job 9012 (expected to run in 0 ms) due to recent wakeup
08-06 04:00:12.821 14692 14692 I Finsky  : [1] xle.a(27): Scheduling job Id: 9012, L: 30000, D: 83276636, C: false, I: true, N: 2
08-06 04:00:12.822 14692 14692 I Finsky  : [1] xle.a(10): Throttling wakeup for job 9013 (expected to run in 0 ms) due to recent wakeup
08-06 04:00:12.823 14692 14692 I Finsky  : [1] xle.a(27): Scheduling job Id: 9013, L: 30000, D: 83276709, C: true, I: true, N: 2
08-06 04:00:12.823 22752 22752 I ServiceManager: Waiting for service AtCmdFwd...
08-06 04:00:12.825 14692 14692 I Finsky  : [1] xle.a(27): Scheduling job Id: 9014, L: 26588030, D: 27488030, C: false, I: false, N: 0
08-06 04:00:12.846 24798 24811 I art     : Explicit concurrent mark sweep GC freed 3(96B) AllocSpace objects, 0(0B) LOS objects, 39% free, 24MB/40MB, paused 256us total 28.103ms
08-06 04:00:12.859 24798 24811 I art     : Starting a blocking GC Explicit
08-06 04:00:12.887 24798 24811 I art     : Explicit concurrent mark sweep GC freed 3(96B) AllocSpace objects, 0(0B) LOS objects, 39% free, 24MB/40MB, paused 317us total 27.727ms
08-06 04:00:12.899 24798 24811 I art     : Starting a blocking GC Explicit
08-06 04:00:12.929 24798 24811 I art     : Explicit concurrent mark sweep GC freed 3(96B) AllocSpace objects, 0(0B) LOS objects, 39% free, 24MB/40MB, paused 247us total 29.234ms
08-06 04:00:13.203 24798 25031 I art     : Starting a blocking GC Explicit
08-06 04:00:13.228 24798 25031 I art     : Explicit concurrent mark sweep GC freed 1347(78KB) AllocSpace objects, 1(20KB) LOS objects, 39% free, 24MB/40MB, paused 228us total 25.585ms
08-06 04:00:13.240 24798 25031 I art     : Starting a blocking GC Explicit
08-06 04:00:13.266 24798 25031 I art     : Explicit concurrent mark sweep GC freed 20(704B) AllocSpace objects, 0(0B) LOS objects, 39% free, 24MB/40MB, paused 233us total 25.247ms
08-06 04:00:13.278 24798 25031 I art     : Starting a blocking GC Explicit
08-06 04:00:13.303 24798 25031 I art     : Explicit concurrent mark sweep GC freed 3(96B) AllocSpace objects, 0(0B) LOS objects, 39% free, 24MB/40MB, paused 237us total 24.988ms
08-06 04:00:13.315 24798 25031 I art     : Starting a blocking GC Explicit
08-06 04:00:13.340 24798 25031 I art     : Explicit concurrent mark sweep GC freed 3(96B) AllocSpace objects, 0(0B) LOS objects, 39% free, 24MB/40MB, paused 238us total 24.586ms
08-06 04:00:13.352 24798 25031 I art     : Starting a blocking GC Explicit
08-06 04:00:13.379 24798 25031 I art     : Explicit concurrent mark sweep GC freed 3(96B) AllocSpace objects, 0(0B) LOS objects, 39% free, 24MB/40MB, paused 276us total 27.425ms
08-06 04:00:13.524 25451 25451 D AndroidRuntime: >>>>>> START com.android.internal.os.RuntimeInit uid 2000 <<<<<<
08-06 04:00:13.529 25451 25451 D AndroidRuntime: CheckJNI is OFF
08-06 04:00:13.560 25451 25451 D ICU     : No timezone override file found: /data/misc/zoneinfo/current/icu/icu_tzdata.dat
08-06 04:00:13.592 25451 25451 I Radio-JNI: register_android_hardware_Radio DONE
08-06 04:00:13.614 25451 25451 D AndroidRuntime: Calling main entry com.android.commands.input.Input
08-06 04:00:13.616 25451 25451 I Input   : injectMotionEvent: MotionEvent { action=ACTION_DOWN, actionButton=0, id[0]=0, x[0]=600.0, y[0]=700.0, toolType[0]=TOOL_TYPE_UNKNOWN, buttonState=0, metaState=0, flags=0x0, edgeFlags=0x0, pointerCount=1, historySize=0, eventTime=849630028, downTime=849630028, deviceId=0, source=0x1002 }
08-06 04:00:13.622 25451 25451 I Input   : injectMotionEvent: MotionEvent { action=ACTION_UP, actionButton=0, id[0]=0, x[0]=600.0, y[0]=700.0, toolType[0]=TOOL_TYPE_UNKNOWN, buttonState=0, metaState=0, flags=0x0, edgeFlags=0x0, pointerCount=1, historySize=0, eventTime=849630028, downTime=849630028, deviceId=0, source=0x1002 }
08-06 04:00:13.623 24798 24798 I RRChoreographer: Using modern Choreographer
08-06 04:00:13.625 25451 25451 D AndroidRuntime: Shutting down VM
08-06 04:00:13.640   512  2967 D audio_hw_primary: out_set_parameters: enter: usecase(1: low-latency-playback) kvpairs: routing=2
08-06 04:00:13.645   918  6110 I ActivityManager: START u0 {dat=https://oauth.reddit.com/... cmp=baseline.org.quantumbadger.redreader/.activities.CommentListingActivity} from uid 10705 on display 0
08-06 04:00:13.654   512  2967 D audio_hw_primary: select_devices: out_snd_device(2: speaker) in_snd_device(0: none)
08-06 04:00:13.654   512  2967 D msm8974_platform: platform_send_audio_calibration: sending audio calibration for snd_device(2) acdb_id(15)
08-06 04:00:13.654   512  2967 I soundtrigger: audio_extn_sound_trigger_update_device_status: device 0x2 of type 0 for Event 1
08-06 04:00:13.666   512  2967 D audio_hw_primary: enable_snd_device: snd_device(2: speaker)
08-06 04:00:13.668   512  2967 D audio_hw_primary: enable_audio_route: apply and update mixer path: low-latency-playback speaker
08-06 04:00:13.669 24798 24798 I AppCompatViewInflater: app:theme is now deprecated. Please move to using android:theme instead.
08-06 04:00:13.672 24798 24811 I art     : Starting a blocking GC Explicit
08-06 04:00:13.690 24798 25484 D OK      : calling: https://oauth.reddit.com/comments/gvc7k9/.json?sort=confidence
08-06 04:00:13.703 24798 24811 I art     : Explicit concurrent mark sweep GC freed 3464(219KB) AllocSpace objects, 1(20KB) LOS objects, 39% free, 24MB/40MB, paused 337us total 30.445ms
08-06 04:00:13.715 24798 24811 I art     : Starting a blocking GC Explicit
08-06 04:00:13.743 24798 24811 I art     : Explicit concurrent mark sweep GC freed 954(60KB) AllocSpace objects, 0(0B) LOS objects, 39% free, 24MB/40MB, paused 520us total 27.909ms
08-06 04:00:13.755   918   936 I ActivityManager: Displayed baseline.org.quantumbadger.redreader/.activities.CommentListingActivity: +101ms
08-06 04:00:13.756 24798 24811 I art     : Starting a blocking GC Explicit
08-06 04:00:13.757 13866 13866 I GoogleInputMethodServic: GoogleInputMethodService.onFinishInput():3138 
08-06 04:00:13.757 13866 13866 I GoogleInputMethodServic: GoogleInputMethodService.onStartInput():1808 
08-06 04:00:13.787 24798 24811 I art     : Explicit concurrent mark sweep GC freed 189(10KB) AllocSpace objects, 0(0B) LOS objects, 39% free, 24MB/40MB, paused 374us total 30.891ms
08-06 04:00:13.799 24798 24811 I art     : Starting a blocking GC Explicit
08-06 04:00:13.823 22752 22752 I ServiceManager: Waiting for service AtCmdFwd...
08-06 04:00:13.825 24798 24811 I art     : Explicit concurrent mark sweep GC freed 24(1120B) AllocSpace objects, 0(0B) LOS objects, 39% free, 24MB/40MB, paused 261us total 25.898ms
08-06 04:00:13.838 24798 24811 I art     : Starting a blocking GC Explicit
08-06 04:00:13.866 24798 24811 I art     : Explicit concurrent mark sweep GC freed 3(96B) AllocSpace objects, 0(0B) LOS objects, 39% free, 24MB/40MB, paused 293us total 26.984ms
08-06 04:00:13.925 24798 25484 I NAPPA_EXPERIMENTATION: MetricNetworkRequestExecutionTime: REQUEST_DURATION_SYSTEM='235',REQUEST_DURATION_OKHTTP='233',REQUEST_SYNCHRONOUS='TRUE',RESPONSE_CODE='200',RESPONSE_METHOD='GET',RESPONSE_LENGTH_OKHTTP='-1',RESPONSE_LENGTH_HEADER='90132',REQUEST_PROTOCOL='h2',REQUEST_URL='https://oauth.reddit.com/comments/gvc7k9/.json?sort=confidence',
08-06 04:00:13.926 24798 25484 D OK      : request got status: 200
08-06 04:00:13.938 24798 25375 I CommentListingActivity: COMMENTS session changed to 71497fd2-bcab-40da-a46b-d357a8e13972
08-06 04:00:14.008   380   380 W SurfaceFlinger: couldn't log to binary event log: overflow.
08-06 04:00:14.109 24798 25031 I art     : Starting a blocking GC Explicit
08-06 04:00:14.149 24798 25031 I art     : Explicit concurrent mark sweep GC freed 27671(2011KB) AllocSpace objects, 3(56KB) LOS objects, 36% free, 27MB/43MB, paused 402us total 39.287ms
08-06 04:00:14.162 24798 25031 I art     : Starting a blocking GC Explicit
08-06 04:00:14.199   512  2967 D audio_hw_primary: disable_audio_route: reset and update mixer path: low-latency-playback speaker
08-06 04:00:14.199   512  2967 D audio_hw_primary: disable_snd_device: snd_device(2: speaker)
08-06 04:00:14.204 24798 25031 I art     : Explicit concurrent mark sweep GC freed 11550(767KB) AllocSpace objects, 1(16KB) LOS objects, 35% free, 28MB/44MB, paused 559us total 42.131ms
08-06 04:00:14.207   512  2967 I soundtrigger: audio_extn_sound_trigger_update_device_status: device 0x2 of type 0 for Event 0
08-06 04:00:14.218 24798 25031 I art     : Starting a blocking GC Explicit
08-06 04:00:14.260 24798 25031 I art     : Explicit concurrent mark sweep GC freed 4657(312KB) AllocSpace objects, 1(68KB) LOS objects, 35% free, 28MB/44MB, paused 297us total 41.805ms
08-06 04:00:14.274 24798 25031 I art     : Starting a blocking GC Explicit
08-06 04:00:14.314 24798 25031 I art     : Explicit concurrent mark sweep GC freed 19360(915KB) AllocSpace objects, 1(68KB) LOS objects, 36% free, 27MB/43MB, paused 301us total 39.436ms
08-06 04:00:14.328 24798 25031 I art     : Starting a blocking GC Explicit
08-06 04:00:14.365 24798 25031 I art     : Explicit concurrent mark sweep GC freed 14(624B) AllocSpace objects, 0(0B) LOS objects, 36% free, 27MB/43MB, paused 251us total 37.033ms
08-06 04:00:14.643 24798 24827 I art     : Starting a blocking GC Explicit
08-06 04:00:14.687 24798 24827 I art     : Explicit concurrent mark sweep GC freed 1343(78KB) AllocSpace objects, 1(20KB) LOS objects, 36% free, 27MB/43MB, paused 246us total 43.029ms
08-06 04:00:14.702 24798 24827 I art     : Starting a blocking GC Explicit
08-06 04:00:14.746 24798 24827 I art     : Explicit concurrent mark sweep GC freed 20(704B) AllocSpace objects, 0(0B) LOS objects, 36% free, 27MB/43MB, paused 248us total 43.406ms
08-06 04:00:14.761 24798 24827 I art     : Starting a blocking GC Explicit
08-06 04:00:14.804 24798 24827 I art     : Explicit concurrent mark sweep GC freed 3(96B) AllocSpace objects, 0(0B) LOS objects, 36% free, 27MB/43MB, paused 238us total 42.249ms
08-06 04:00:14.819 24798 24827 I art     : Starting a blocking GC Explicit
08-06 04:00:14.824 22752 22752 I ServiceManager: Waiting for service AtCmdFwd...
08-06 04:00:14.861 24798 24827 I art     : Explicit concurrent mark sweep GC freed 49(1920B) AllocSpace objects, 0(0B) LOS objects, 36% free, 27MB/43MB, paused 248us total 42.254ms
08-06 04:00:14.876 24798 24827 I art     : Starting a blocking GC Explicit
08-06 04:00:14.920 24798 24827 I art     : Explicit concurrent mark sweep GC freed 3(96B) AllocSpace objects, 0(0B) LOS objects, 36% free, 27MB/43MB, paused 245us total 43.856ms
08-06 04:00:15.187   918  3261 D WifiStateMachine: starting scan for "H369AA63323"WPA_PSK with 2412,5180
08-06 04:00:15.221 24798 24811 I art     : Starting a blocking GC Explicit
08-06 04:00:15.276 24798 24811 I art     : Explicit concurrent mark sweep GC freed 1343(78KB) AllocSpace objects, 1(20KB) LOS objects, 36% free, 27MB/43MB, paused 282us total 54.758ms
08-06 04:00:15.294 24798 24811 I art     : Starting a blocking GC Explicit
08-06 04:00:15.338 24798 24811 I art     : Explicit concurrent mark sweep GC freed 20(720B) AllocSpace objects, 0(0B) LOS objects, 36% free, 27MB/43MB, paused 268us total 43.899ms
08-06 04:00:15.353 24798 24811 I art     : Starting a blocking GC Explicit
08-06 04:00:15.397 24798 24811 I art     : Explicit concurrent mark sweep GC freed 3(96B) AllocSpace objects, 0(0B) LOS objects, 36% free, 27MB/43MB, paused 287us total 44.495ms
08-06 04:00:15.413 24798 24811 I art     : Starting a blocking GC Explicit
08-06 04:00:15.458 24798 24811 I art     : Explicit concurrent mark sweep GC freed 3(96B) AllocSpace objects, 0(0B) LOS objects, 36% free, 27MB/43MB, paused 282us total 44.501ms
08-06 04:00:15.473 24798 24811 I art     : Starting a blocking GC Explicit
08-06 04:00:15.518 24798 24811 I art     : Explicit concurrent mark sweep GC freed 3(96B) AllocSpace objects, 0(0B) LOS objects, 36% free, 27MB/43MB, paused 301us total 44.743ms
08-06 04:00:15.823 24798 24809 I art     : Starting a blocking GC Explicit
08-06 04:00:15.824 22752 22752 I ServiceManager: Waiting for service AtCmdFwd...
08-06 04:00:15.874 24798 24809 I art     : Explicit concurrent mark sweep GC freed 1343(78KB) AllocSpace objects, 1(20KB) LOS objects, 36% free, 27MB/43MB, paused 279us total 50.494ms
08-06 04:00:15.893 24798 24809 I art     : Starting a blocking GC Explicit
08-06 04:00:15.938 24798 24809 I art     : Explicit concurrent mark sweep GC freed 20(704B) AllocSpace objects, 0(0B) LOS objects, 36% free, 27MB/43MB, paused 265us total 44.801ms
08-06 04:00:15.953 24798 24809 I art     : Starting a blocking GC Explicit
08-06 04:00:15.998 24798 24809 I art     : Explicit concurrent mark sweep GC freed 3(96B) AllocSpace objects, 0(0B) LOS objects, 36% free, 27MB/43MB, paused 260us total 44.899ms
08-06 04:00:16.014 24798 24809 I art     : Starting a blocking GC Explicit
08-06 04:00:16.059 24798 24809 I art     : Explicit concurrent mark sweep GC freed 3(96B) AllocSpace objects, 0(0B) LOS objects, 36% free, 27MB/43MB, paused 256us total 44.855ms
08-06 04:00:16.074 24798 24809 I art     : Starting a blocking GC Explicit
08-06 04:00:16.120 24798 24809 I art     : Explicit concurrent mark sweep GC freed 3(96B) AllocSpace objects, 0(0B) LOS objects, 36% free, 27MB/43MB, paused 400us total 45.667ms
08-06 04:00:16.455 24798 25031 I art     : Starting a blocking GC Explicit
08-06 04:00:16.511 24798 25031 I art     : Explicit concurrent mark sweep GC freed 1343(78KB) AllocSpace objects, 1(20KB) LOS objects, 36% free, 27MB/43MB, paused 292us total 55.178ms
08-06 04:00:16.528 24798 25031 I art     : Starting a blocking GC Explicit
08-06 04:00:16.573 24798 25031 I art     : Explicit concurrent mark sweep GC freed 20(704B) AllocSpace objects, 0(0B) LOS objects, 36% free, 27MB/43MB, paused 268us total 45.123ms
08-06 04:00:16.588 24798 25031 I art     : Starting a blocking GC Explicit
08-06 04:00:16.633 24798 25031 I art     : Explicit concurrent mark sweep GC freed 3(96B) AllocSpace objects, 0(0B) LOS objects, 36% free, 27MB/43MB, paused 277us total 44.433ms
08-06 04:00:16.648 24798 25031 I art     : Starting a blocking GC Explicit
08-06 04:00:16.692 24798 25031 I art     : Explicit concurrent mark sweep GC freed 3(96B) AllocSpace objects, 0(0B) LOS objects, 36% free, 27MB/43MB, paused 260us total 43.559ms
08-06 04:00:16.707 24798 25031 I art     : Starting a blocking GC Explicit
08-06 04:00:16.751 24798 25031 I art     : Explicit concurrent mark sweep GC freed 3(96B) AllocSpace objects, 0(0B) LOS objects, 36% free, 27MB/43MB, paused 275us total 43.939ms
08-06 04:00:16.824 22752 22752 W Atfwd_Sendcmd: AtCmdFwd service not published, waiting... retryCnt : 4
08-06 04:00:17.061 24798 24827 I art     : Starting a blocking GC Explicit
08-06 04:00:17.121 24798 24827 I art     : Explicit concurrent mark sweep GC freed 1344(79KB) AllocSpace objects, 1(20KB) LOS objects, 36% free, 27MB/43MB, paused 287us total 60.045ms
08-06 04:00:17.141 24798 24827 I art     : Starting a blocking GC Explicit
08-06 04:00:17.186 24798 24827 I art     : Explicit concurrent mark sweep GC freed 20(704B) AllocSpace objects, 0(0B) LOS objects, 36% free, 27MB/43MB, paused 265us total 44.874ms
08-06 04:00:17.201 24798 24827 I art     : Starting a blocking GC Explicit
08-06 04:00:17.244 24798 24827 I art     : Explicit concurrent mark sweep GC freed 3(96B) AllocSpace objects, 0(0B) LOS objects, 36% free, 27MB/43MB, paused 260us total 42.869ms
08-06 04:00:17.259 24798 24827 I art     : Starting a blocking GC Explicit
08-06 04:00:17.305 24798 24827 I art     : Explicit concurrent mark sweep GC freed 3(96B) AllocSpace objects, 0(0B) LOS objects, 36% free, 27MB/43MB, paused 262us total 44.895ms
08-06 04:00:17.320 24798 24827 I art     : Starting a blocking GC Explicit
08-06 04:00:17.363 24798 24827 I art     : Explicit concurrent mark sweep GC freed 3(96B) AllocSpace objects, 0(0B) LOS objects, 36% free, 27MB/43MB, paused 252us total 43.041ms
08-06 04:00:17.672 24798 24811 I art     : Starting a blocking GC Explicit
08-06 04:00:17.728 24798 24811 I art     : Explicit concurrent mark sweep GC freed 1347(79KB) AllocSpace objects, 1(20KB) LOS objects, 36% free, 27MB/43MB, paused 305us total 55.896ms
08-06 04:00:17.748 24798 24811 I art     : Starting a blocking GC Explicit
08-06 04:00:17.793 24798 24811 I art     : Explicit concurrent mark sweep GC freed 20(704B) AllocSpace objects, 0(0B) LOS objects, 36% free, 27MB/43MB, paused 321us total 44.825ms
08-06 04:00:17.808 24798 24811 I art     : Starting a blocking GC Explicit
08-06 04:00:17.852 24798 24811 I art     : Explicit concurrent mark sweep GC freed 3(96B) AllocSpace objects, 0(0B) LOS objects, 36% free, 27MB/43MB, paused 249us total 44.071ms
08-06 04:00:17.868 24798 24811 I art     : Starting a blocking GC Explicit
08-06 04:00:17.909 24798 24811 I art     : Explicit concurrent mark sweep GC freed 3(96B) AllocSpace objects, 0(0B) LOS objects, 36% free, 27MB/43MB, paused 256us total 41.200ms
08-06 04:00:17.924 24798 24811 I art     : Starting a blocking GC Explicit
08-06 04:00:17.966 24798 24811 I art     : Explicit concurrent mark sweep GC freed 3(96B) AllocSpace objects, 0(0B) LOS objects, 36% free, 27MB/43MB, paused 258us total 41.384ms
08-06 04:00:18.260 24798 24809 I art     : Starting a blocking GC Explicit
08-06 04:00:18.291 25555 25555 D AndroidRuntime: >>>>>> START com.android.internal.os.RuntimeInit uid 2000 <<<<<<
08-06 04:00:18.296 25555 25555 D AndroidRuntime: CheckJNI is OFF
08-06 04:00:18.304 24798 24809 I art     : Explicit concurrent mark sweep GC freed 1344(78KB) AllocSpace objects, 1(20KB) LOS objects, 36% free, 27MB/43MB, paused 260us total 44.407ms
08-06 04:00:18.319 24798 24809 I art     : Starting a blocking GC Explicit
08-06 04:00:18.333 25555 25555 D ICU     : No timezone override file found: /data/misc/zoneinfo/current/icu/icu_tzdata.dat
08-06 04:00:18.361 24798 24809 I art     : Explicit concurrent mark sweep GC freed 20(704B) AllocSpace objects, 0(0B) LOS objects, 36% free, 27MB/43MB, paused 255us total 41.424ms
08-06 04:00:18.369 25555 25555 I Radio-JNI: register_android_hardware_Radio DONE
08-06 04:00:18.376 24798 24809 I art     : Starting a blocking GC Explicit
08-06 04:00:18.392 25555 25555 D AndroidRuntime: Calling main entry com.android.commands.input.Input
08-06 04:00:18.394 25555 25555 I Input   : injectKeyEvent: KeyEvent { action=ACTION_DOWN, keyCode=KEYCODE_BACK, scanCode=0, metaState=0, flags=0x0, repeatCount=0, eventTime=849634807, downTime=849634807, deviceId=-1, source=0x101 }
08-06 04:00:18.401 25555 25555 I Input   : injectKeyEvent: KeyEvent { action=ACTION_UP, keyCode=KEYCODE_BACK, scanCode=0, metaState=0, flags=0x0, repeatCount=0, eventTime=849634807, downTime=849634807, deviceId=-1, source=0x101 }
08-06 04:00:18.407 25555 25555 D AndroidRuntime: Shutting down VM
08-06 04:00:18.417 24798 24809 I art     : Explicit concurrent mark sweep GC freed 14(496B) AllocSpace objects, 0(0B) LOS objects, 36% free, 27MB/43MB, paused 353us total 41.377ms
08-06 04:00:18.432 24798 24809 I art     : Starting a blocking GC Explicit
08-06 04:00:18.450 13866 13866 I GoogleInputMethodServic: GoogleInputMethodService.onFinishInput():3138 
08-06 04:00:18.450 13866 13866 I GoogleInputMethodServic: GoogleInputMethodService.onStartInput():1808 
08-06 04:00:18.470 24798 24809 I art     : Explicit concurrent mark sweep GC freed 156(6KB) AllocSpace objects, 0(0B) LOS objects, 36% free, 27MB/43MB, paused 295us total 36.755ms
08-06 04:00:18.485 24798 24809 I art     : Starting a blocking GC Explicit
08-06 04:00:18.524 24798 24809 I art     : Explicit concurrent mark sweep GC freed 83(2832B) AllocSpace objects, 0(0B) LOS objects, 36% free, 27MB/43MB, paused 246us total 39.119ms
08-06 04:00:18.656 24798 25483 I RedditChangeDataIO: Writing tmp data file at '/data/user/0/baseline.org.quantumbadger.redreader/files/rr_change_data_tmp.dat'
08-06 04:00:18.657 24798 25483 I RedditChangeDataManager: Taking snapshot...
08-06 04:00:18.657 24798 25483 I RedditChangeDataManager: Writing to stream...
08-06 04:00:18.657 24798 25483 I RedditChangeDataManager: Wrote 1 entries for user ''
08-06 04:00:18.657 24798 25483 I RedditChangeDataManager: All entries written to stream.
08-06 04:00:18.658 24798 25483 I RedditChangeDataIO: Write successful. Atomically replacing data file...
08-06 04:00:18.658 24798 25483 I RedditChangeDataIO: Write complete.
08-06 04:00:18.658 24798 25483 I RedditChangeDataIO: 38 bytes written in 2 ms
08-06 04:00:18.758   380   380 W SurfaceFlinger: couldn't log to binary event log: overflow.
08-06 04:00:18.769 24798 25031 I art     : Starting a blocking GC Explicit
08-06 04:00:18.809 24798 25031 I art     : Explicit concurrent mark sweep GC freed 1487(86KB) AllocSpace objects, 2(88KB) LOS objects, 36% free, 27MB/43MB, paused 283us total 39.329ms
08-06 04:00:18.823 24798 25031 I art     : Starting a blocking GC Explicit
08-06 04:00:18.854 24798 25031 I art     : Explicit concurrent mark sweep GC freed 46781(2MB) AllocSpace objects, 5(140KB) LOS objects, 39% free, 24MB/40MB, paused 251us total 30.851ms
08-06 04:00:18.866 24798 25031 I art     : Starting a blocking GC Explicit
08-06 04:00:18.896 24798 25031 I art     : Explicit concurrent mark sweep GC freed 3(96B) AllocSpace objects, 0(0B) LOS objects, 39% free, 24MB/40MB, paused 252us total 29.816ms
08-06 04:00:18.909 24798 25031 I art     : Starting a blocking GC Explicit
08-06 04:00:18.939 24798 25031 I art     : Explicit concurrent mark sweep GC freed 3(96B) AllocSpace objects, 0(0B) LOS objects, 39% free, 24MB/40MB, paused 260us total 29.831ms
08-06 04:00:18.952 24798 25031 I art     : Starting a blocking GC Explicit
08-06 04:00:18.983 24798 25031 I art     : Explicit concurrent mark sweep GC freed 3(96B) AllocSpace objects, 0(0B) LOS objects, 39% free, 24MB/40MB, paused 261us total 30.497ms
08-06 04:00:19.256 24798 24811 I art     : Starting a blocking GC Explicit
08-06 04:00:19.287 24798 24811 I art     : Explicit concurrent mark sweep GC freed 1618(122KB) AllocSpace objects, 1(20KB) LOS objects, 39% free, 24MB/40MB, paused 318us total 31.485ms
08-06 04:00:19.301 24798 24811 I art     : Starting a blocking GC Explicit
08-06 04:00:19.332 24798 24811 I art     : Explicit concurrent mark sweep GC freed 85(2880B) AllocSpace objects, 0(0B) LOS objects, 39% free, 24MB/40MB, paused 239us total 30.688ms
08-06 04:00:19.345 24798 24811 I art     : Starting a blocking GC Explicit
08-06 04:00:19.376 24798 24811 I art     : Explicit concurrent mark sweep GC freed 3(96B) AllocSpace objects, 0(0B) LOS objects, 39% free, 24MB/40MB, paused 244us total 30.502ms
08-06 04:00:19.389 24798 24811 I art     : Starting a blocking GC Explicit
08-06 04:00:19.419 24798 24811 I art     : Explicit concurrent mark sweep GC freed 3(96B) AllocSpace objects, 0(0B) LOS objects, 39% free, 24MB/40MB, paused 217us total 29.377ms
08-06 04:00:19.431 24798 24811 I art     : Starting a blocking GC Explicit
08-06 04:00:19.461 24798 24811 I art     : Explicit concurrent mark sweep GC freed 3(96B) AllocSpace objects, 0(0B) LOS objects, 39% free, 24MB/40MB, paused 217us total 29.763ms
08-06 04:00:19.739 24798 24827 I art     : Starting a blocking GC Explicit
08-06 04:00:19.769 24798 24827 I art     : Explicit concurrent mark sweep GC freed 1343(78KB) AllocSpace objects, 1(20KB) LOS objects, 39% free, 24MB/40MB, paused 233us total 30.212ms
08-06 04:00:19.783 24798 24827 I art     : Starting a blocking GC Explicit
08-06 04:00:19.812 24798 24827 I art     : Explicit concurrent mark sweep GC freed 20(704B) AllocSpace objects, 0(0B) LOS objects, 39% free, 24MB/40MB, paused 229us total 28.583ms
08-06 04:00:19.824 24798 24827 I art     : Starting a blocking GC Explicit
08-06 04:00:19.853 24798 24827 I art     : Explicit concurrent mark sweep GC freed 3(96B) AllocSpace objects, 0(0B) LOS objects, 39% free, 24MB/40MB, paused 217us total 28.702ms
08-06 04:00:19.866 24798 24827 I art     : Starting a blocking GC Explicit
08-06 04:00:19.895 24798 24827 I art     : Explicit concurrent mark sweep GC freed 3(96B) AllocSpace objects, 0(0B) LOS objects, 39% free, 24MB/40MB, paused 226us total 28.804ms
08-06 04:00:19.908 24798 24827 I art     : Starting a blocking GC Explicit
08-06 04:00:19.938 24798 24827 I art     : Explicit concurrent mark sweep GC freed 3(96B) AllocSpace objects, 0(0B) LOS objects, 39% free, 24MB/40MB, paused 223us total 29.675ms
08-06 04:00:20.067 25600 25600 D AndroidRuntime: >>>>>> START com.android.internal.os.RuntimeInit uid 2000 <<<<<<
08-06 04:00:20.073 25600 25600 D AndroidRuntime: CheckJNI is OFF
08-06 04:00:20.108 25600 25600 D ICU     : No timezone override file found: /data/misc/zoneinfo/current/icu/icu_tzdata.dat
08-06 04:00:20.141 25600 25600 I Radio-JNI: register_android_hardware_Radio DONE
08-06 04:00:20.163 25600 25600 D AndroidRuntime: Calling main entry com.android.commands.input.Input
08-06 04:00:20.165 25600 25600 I Input   : injectMotionEvent: MotionEvent { action=ACTION_DOWN, actionButton=0, id[0]=0, x[0]=600.0, y[0]=950.0, toolType[0]=TOOL_TYPE_UNKNOWN, buttonState=0, metaState=0, flags=0x0, edgeFlags=0x0, pointerCount=1, historySize=0, eventTime=849636578, downTime=849636578, deviceId=0, source=0x1002 }
08-06 04:00:20.171 25600 25600 I Input   : injectMotionEvent: MotionEvent { action=ACTION_UP, actionButton=0, id[0]=0, x[0]=600.0, y[0]=950.0, toolType[0]=TOOL_TYPE_UNKNOWN, buttonState=0, metaState=0, flags=0x0, edgeFlags=0x0, pointerCount=1, historySize=0, eventTime=849636578, downTime=849636578, deviceId=0, source=0x1002 }
08-06 04:00:20.172 25600 25600 D AndroidRuntime: Shutting down VM
08-06 04:00:20.182   512  2967 D audio_hw_primary: out_set_parameters: enter: usecase(1: low-latency-playback) kvpairs: routing=2
08-06 04:00:20.186   918  3714 I ActivityManager: START u0 {dat=https://oauth.reddit.com/... cmp=baseline.org.quantumbadger.redreader/.activities.CommentListingActivity} from uid 10705 on display 0
08-06 04:00:20.195   512  2967 D audio_hw_primary: select_devices: out_snd_device(2: speaker) in_snd_device(0: none)
08-06 04:00:20.195   512  2967 D msm8974_platform: platform_send_audio_calibration: sending audio calibration for snd_device(2) acdb_id(15)
08-06 04:00:20.195   512  2967 I soundtrigger: audio_extn_sound_trigger_update_device_status: device 0x2 of type 0 for Event 1
08-06 04:00:20.208   512  2967 D audio_hw_primary: enable_snd_device: snd_device(2: speaker)
08-06 04:00:20.210   512  2967 D audio_hw_primary: enable_audio_route: apply and update mixer path: low-latency-playback speaker
08-06 04:00:20.212 24798 24798 I AppCompatViewInflater: app:theme is now deprecated. Please move to using android:theme instead.
08-06 04:00:20.228 24798 25633 D OK      : calling: https://oauth.reddit.com/comments/hwnhe2/.json?sort=confidence
08-06 04:00:20.238 24798 24809 I art     : Starting a blocking GC Explicit
08-06 04:00:20.266 24798 24809 I art     : Explicit concurrent mark sweep GC freed 3415(192KB) AllocSpace objects, 1(20KB) LOS objects, 39% free, 24MB/40MB, paused 270us total 27.749ms
08-06 04:00:20.279 24798 24809 I art     : Starting a blocking GC Explicit
08-06 04:00:20.290   918   936 I ActivityManager: Displayed baseline.org.quantumbadger.redreader/.activities.CommentListingActivity: +93ms
08-06 04:00:20.290 13866 13866 I GoogleInputMethodServic: GoogleInputMethodService.onFinishInput():3138 
08-06 04:00:20.292 13866 13866 I GoogleInputMethodServic: GoogleInputMethodService.onStartInput():1808 
08-06 04:00:20.309 24798 24809 I art     : Explicit concurrent mark sweep GC freed 957(37KB) AllocSpace objects, 0(0B) LOS objects, 38% free, 25MB/41MB, paused 332us total 30.497ms
08-06 04:00:20.324 24798 24809 I art     : Starting a blocking GC Explicit
08-06 04:00:20.350 24798 24809 I art     : Explicit concurrent mark sweep GC freed 208(12KB) AllocSpace objects, 0(0B) LOS objects, 38% free, 25MB/41MB, paused 248us total 25.994ms
08-06 04:00:20.362 24798 24809 I art     : Starting a blocking GC Explicit
08-06 04:00:20.389 24798 24809 I art     : Explicit concurrent mark sweep GC freed 12(1408B) AllocSpace objects, 0(0B) LOS objects, 38% free, 25MB/41MB, paused 267us total 26.062ms
08-06 04:00:20.401 24798 24809 I art     : Starting a blocking GC Explicit
08-06 04:00:20.429 24798 24809 I art     : Explicit concurrent mark sweep GC freed 1945(76KB) AllocSpace objects, 0(0B) LOS objects, 38% free, 25MB/41MB, paused 332us total 27.103ms
08-06 04:00:20.544   380   380 W SurfaceFlinger: couldn't log to binary event log: overflow.
08-06 04:00:20.574 24798 25633 I NAPPA_EXPERIMENTATION: MetricNetworkRequestExecutionTime: REQUEST_DURATION_SYSTEM='346',REQUEST_DURATION_OKHTTP='147',REQUEST_SYNCHRONOUS='TRUE',RESPONSE_CODE='200',RESPONSE_METHOD='GET',RESPONSE_LENGTH_OKHTTP='-1',RESPONSE_LENGTH_HEADER='3930',REQUEST_PROTOCOL='h2',REQUEST_URL='https://oauth.reddit.com/comments/hwnhe2/.json?sort=confidence',
08-06 04:00:20.574 24798 25633 D OK      : request got status: 200
08-06 04:00:20.580 24798 25375 I CommentListingActivity: COMMENTS session changed to 46497cee-dd25-44dc-8d56-37c5dede6e4c
08-06 04:00:20.660 24798 24809 I art     : Starting a blocking GC Explicit
08-06 04:00:20.690 24798 24809 I art     : Explicit concurrent mark sweep GC freed 6073(478KB) AllocSpace objects, 5(188KB) LOS objects, 38% free, 25MB/41MB, paused 274us total 29.133ms
08-06 04:00:20.702 24798 24809 I art     : Starting a blocking GC Explicit
08-06 04:00:20.730 24798 24809 I art     : Explicit concurrent mark sweep GC freed 115(4KB) AllocSpace objects, 0(0B) LOS objects, 38% free, 25MB/41MB, paused 244us total 28.218ms
08-06 04:00:20.744 24798 24809 I art     : Starting a blocking GC Explicit
08-06 04:00:20.749   512  2967 D audio_hw_primary: disable_audio_route: reset and update mixer path: low-latency-playback speaker
08-06 04:00:20.751   512  2967 D audio_hw_primary: disable_snd_device: snd_device(2: speaker)
08-06 04:00:20.759   512  2967 I soundtrigger: audio_extn_sound_trigger_update_device_status: device 0x2 of type 0 for Event 0
08-06 04:00:20.774 24798 24809 I art     : Explicit concurrent mark sweep GC freed 3(96B) AllocSpace objects, 0(0B) LOS objects, 38% free, 25MB/41MB, paused 246us total 29.638ms
08-06 04:00:20.787 24798 24809 I art     : Starting a blocking GC Explicit
08-06 04:00:20.815 24798 24809 I art     : Explicit concurrent mark sweep GC freed 3(96B) AllocSpace objects, 0(0B) LOS objects, 38% free, 25MB/41MB, paused 218us total 27.959ms
08-06 04:00:20.829 24798 24809 I art     : Starting a blocking GC Explicit
08-06 04:00:20.860 24798 24809 I art     : Explicit concurrent mark sweep GC freed 3(96B) AllocSpace objects, 0(0B) LOS objects, 38% free, 25MB/41MB, paused 234us total 31ms
08-06 04:00:21.151 24798 25031 I art     : Starting a blocking GC Explicit
08-06 04:00:21.186 24798 25031 I art     : Explicit concurrent mark sweep GC freed 1343(79KB) AllocSpace objects, 1(20KB) LOS objects, 38% free, 25MB/41MB, paused 322us total 34.816ms
08-06 04:00:21.201 24798 25031 I art     : Starting a blocking GC Explicit
08-06 04:00:21.230 24798 25031 I art     : Explicit concurrent mark sweep GC freed 20(704B) AllocSpace objects, 0(0B) LOS objects, 38% free, 25MB/41MB, paused 230us total 28.954ms
08-06 04:00:21.242 24798 25031 I art     : Starting a blocking GC Explicit
08-06 04:00:21.273 24798 25031 I art     : Explicit concurrent mark sweep GC freed 49(1920B) AllocSpace objects, 0(0B) LOS objects, 38% free, 25MB/41MB, paused 253us total 29.934ms
08-06 04:00:21.286 24798 25031 I art     : Starting a blocking GC Explicit
08-06 04:00:21.317 24798 25031 I art     : Explicit concurrent mark sweep GC freed 3(96B) AllocSpace objects, 0(0B) LOS objects, 38% free, 25MB/41MB, paused 275us total 31.372ms
08-06 04:00:21.331 24798 25031 I art     : Starting a blocking GC Explicit
08-06 04:00:21.364 24798 25031 I art     : Explicit concurrent mark sweep GC freed 3(96B) AllocSpace objects, 0(0B) LOS objects, 38% free, 25MB/41MB, paused 256us total 32.334ms
08-06 04:00:21.656 24798 24811 I art     : Starting a blocking GC Explicit
08-06 04:00:21.691 24798 24811 I art     : Explicit concurrent mark sweep GC freed 1343(79KB) AllocSpace objects, 1(20KB) LOS objects, 38% free, 25MB/41MB, paused 260us total 35.292ms
08-06 04:00:21.705 24798 24811 I art     : Starting a blocking GC Explicit
08-06 04:00:21.737 24798 24811 I art     : Explicit concurrent mark sweep GC freed 20(704B) AllocSpace objects, 0(0B) LOS objects, 38% free, 25MB/41MB, paused 304us total 31.706ms
08-06 04:00:21.750 24798 24811 I art     : Starting a blocking GC Explicit
08-06 04:00:21.783 24798 24811 I art     : Explicit concurrent mark sweep GC freed 3(96B) AllocSpace objects, 0(0B) LOS objects, 38% free, 25MB/41MB, paused 262us total 32.618ms
08-06 04:00:21.797 24798 24811 I art     : Starting a blocking GC Explicit
08-06 04:00:21.830 24798 24811 I art     : Explicit concurrent mark sweep GC freed 3(96B) AllocSpace objects, 0(0B) LOS objects, 38% free, 25MB/41MB, paused 268us total 32.591ms
08-06 04:00:21.843 24798 24811 I art     : Starting a blocking GC Explicit
08-06 04:00:21.876 24798 24811 I art     : Explicit concurrent mark sweep GC freed 3(96B) AllocSpace objects, 0(0B) LOS objects, 38% free, 25MB/41MB, paused 274us total 32.580ms
08-06 04:00:22.182 24798 24809 I art     : Starting a blocking GC Explicit
08-06 04:00:22.220 24798 24809 I art     : Explicit concurrent mark sweep GC freed 1343(79KB) AllocSpace objects, 1(20KB) LOS objects, 38% free, 25MB/41MB, paused 272us total 37.940ms
08-06 04:00:22.235 24798 24809 I art     : Starting a blocking GC Explicit
08-06 04:00:22.269 24798 24809 I art     : Explicit concurrent mark sweep GC freed 20(704B) AllocSpace objects, 0(0B) LOS objects, 38% free, 25MB/41MB, paused 260us total 33.436ms
08-06 04:00:22.283 24798 24809 I art     : Starting a blocking GC Explicit
08-06 04:00:22.316 24798 24809 I art     : Explicit concurrent mark sweep GC freed 3(96B) AllocSpace objects, 0(0B) LOS objects, 38% free, 25MB/41MB, paused 259us total 32.668ms
08-06 04:00:22.329 24798 24809 I art     : Starting a blocking GC Explicit
08-06 04:00:22.362 24798 24809 I art     : Explicit concurrent mark sweep GC freed 3(96B) AllocSpace objects, 0(0B) LOS objects, 38% free, 25MB/41MB, paused 256us total 32.360ms
08-06 04:00:22.375 24798 24809 I art     : Starting a blocking GC Explicit
08-06 04:00:22.408 24798 24809 I art     : Explicit concurrent mark sweep GC freed 3(96B) AllocSpace objects, 0(0B) LOS objects, 38% free, 25MB/41MB, paused 258us total 32.815ms
08-06 04:00:22.726 24798 24827 I art     : Starting a blocking GC Explicit
08-06 04:00:22.766 24798 24827 I art     : Explicit concurrent mark sweep GC freed 1343(79KB) AllocSpace objects, 1(20KB) LOS objects, 38% free, 25MB/41MB, paused 289us total 40.249ms
08-06 04:00:22.784 24798 24827 I art     : Starting a blocking GC Explicit
08-06 04:00:22.818 24798 24827 I art     : Explicit concurrent mark sweep GC freed 20(704B) AllocSpace objects, 0(0B) LOS objects, 38% free, 25MB/41MB, paused 314us total 34.211ms
08-06 04:00:22.832 24798 24827 I art     : Starting a blocking GC Explicit
08-06 04:00:22.863 24798 24827 I art     : Explicit concurrent mark sweep GC freed 3(96B) AllocSpace objects, 0(0B) LOS objects, 38% free, 25MB/41MB, paused 258us total 31.429ms
08-06 04:00:22.877 24798 24827 I art     : Starting a blocking GC Explicit
08-06 04:00:22.909 24798 24827 I art     : Explicit concurrent mark sweep GC freed 3(96B) AllocSpace objects, 0(0B) LOS objects, 38% free, 25MB/41MB, paused 263us total 32.078ms
08-06 04:00:22.922 24798 24827 I art     : Starting a blocking GC Explicit
08-06 04:00:22.955 24798 24827 I art     : Explicit concurrent mark sweep GC freed 3(96B) AllocSpace objects, 0(0B) LOS objects, 38% free, 25MB/41MB, paused 255us total 32.808ms
08-06 04:00:23.283 24798 25031 I art     : Starting a blocking GC Explicit
08-06 04:00:23.331 24798 25031 I art     : Explicit concurrent mark sweep GC freed 1344(79KB) AllocSpace objects, 1(20KB) LOS objects, 38% free, 25MB/41MB, paused 286us total 48.043ms
08-06 04:00:23.349 24798 25031 I art     : Starting a blocking GC Explicit
08-06 04:00:23.381 24798 25031 I art     : Explicit concurrent mark sweep GC freed 20(704B) AllocSpace objects, 0(0B) LOS objects, 38% free, 25MB/41MB, paused 244us total 32.211ms
08-06 04:00:23.395 24798 25031 I art     : Starting a blocking GC Explicit
08-06 04:00:23.427 24798 25031 I art     : Explicit concurrent mark sweep GC freed 3(96B) AllocSpace objects, 0(0B) LOS objects, 38% free, 25MB/41MB, paused 267us total 32.128ms
08-06 04:00:23.441 24798 25031 I art     : Starting a blocking GC Explicit
08-06 04:00:23.473 24798 25031 I art     : Explicit concurrent mark sweep GC freed 3(96B) AllocSpace objects, 0(0B) LOS objects, 38% free, 25MB/41MB, paused 258us total 32.208ms
08-06 04:00:23.487 24798 25031 I art     : Starting a blocking GC Explicit
08-06 04:00:23.520 24798 25031 I art     : Explicit concurrent mark sweep GC freed 3(96B) AllocSpace objects, 0(0B) LOS objects, 38% free, 25MB/41MB, paused 278us total 33.223ms
08-06 04:00:23.823 24798 24811 I art     : Starting a blocking GC Explicit
08-06 04:00:23.865 24798 24811 I art     : Explicit concurrent mark sweep GC freed 1347(79KB) AllocSpace objects, 1(20KB) LOS objects, 38% free, 25MB/41MB, paused 300us total 41.616ms
08-06 04:00:23.883 24798 24811 I art     : Starting a blocking GC Explicit
08-06 04:00:23.915 24798 24811 I art     : Explicit concurrent mark sweep GC freed 20(704B) AllocSpace objects, 0(0B) LOS objects, 38% free, 25MB/41MB, paused 277us total 32.496ms
08-06 04:00:23.929 24798 24811 I art     : Starting a blocking GC Explicit
08-06 04:00:23.962 24798 24811 I art     : Explicit concurrent mark sweep GC freed 3(96B) AllocSpace objects, 0(0B) LOS objects, 38% free, 25MB/41MB, paused 283us total 32.576ms
08-06 04:00:23.976 24798 24811 I art     : Starting a blocking GC Explicit
08-06 04:00:24.008 24798 24811 I art     : Explicit concurrent mark sweep GC freed 3(96B) AllocSpace objects, 0(0B) LOS objects, 38% free, 25MB/41MB, paused 278us total 32.177ms
08-06 04:00:24.022 24798 24811 I art     : Starting a blocking GC Explicit
08-06 04:00:24.054 24798 24811 I art     : Explicit concurrent mark sweep GC freed 3(96B) AllocSpace objects, 0(0B) LOS objects, 38% free, 25MB/41MB, paused 259us total 32.443ms
08-06 04:00:24.368 24798 24809 I art     : Starting a blocking GC Explicit
08-06 04:00:24.405 24798 24809 I art     : Explicit concurrent mark sweep GC freed 1344(79KB) AllocSpace objects, 1(20KB) LOS objects, 38% free, 25MB/41MB, paused 268us total 36.931ms
08-06 04:00:24.421 24798 24809 I art     : Starting a blocking GC Explicit
08-06 04:00:24.450 24798 24809 I art     : Explicit concurrent mark sweep GC freed 20(704B) AllocSpace objects, 0(0B) LOS objects, 38% free, 25MB/41MB, paused 235us total 29.146ms
08-06 04:00:24.463 24798 24809 I art     : Starting a blocking GC Explicit
08-06 04:00:24.492 24798 24809 I art     : Explicit concurrent mark sweep GC freed 3(96B) AllocSpace objects, 0(0B) LOS objects, 38% free, 25MB/41MB, paused 261us total 29.344ms
08-06 04:00:24.505 24798 24809 I art     : Starting a blocking GC Explicit
08-06 04:00:24.535 24798 24809 I art     : Explicit concurrent mark sweep GC freed 3(96B) AllocSpace objects, 0(0B) LOS objects, 38% free, 25MB/41MB, paused 268us total 29.860ms
08-06 04:00:24.549 24798 24809 I art     : Starting a blocking GC Explicit
08-06 04:00:24.579 24798 24809 I art     : Explicit concurrent mark sweep GC freed 3(96B) AllocSpace objects, 0(0B) LOS objects, 38% free, 25MB/41MB, paused 250us total 30.391ms
08-06 04:00:24.858 25717 25717 D AndroidRuntime: >>>>>> START com.android.internal.os.RuntimeInit uid 2000 <<<<<<
08-06 04:00:24.864 25717 25717 D AndroidRuntime: CheckJNI is OFF
08-06 04:00:24.892 24798 24827 I art     : Starting a blocking GC Explicit
08-06 04:00:24.899 25717 25717 D ICU     : No timezone override file found: /data/misc/zoneinfo/current/icu/icu_tzdata.dat
08-06 04:00:24.924 24798 24827 I art     : Explicit concurrent mark sweep GC freed 1343(79KB) AllocSpace objects, 1(20KB) LOS objects, 38% free, 25MB/41MB, paused 262us total 32.425ms
08-06 04:00:24.935 25717 25717 I Radio-JNI: register_android_hardware_Radio DONE
08-06 04:00:24.938 24798 24827 I art     : Starting a blocking GC Explicit
08-06 04:00:24.956 25717 25717 D AndroidRuntime: Calling main entry com.android.commands.input.Input
08-06 04:00:24.957 25717 25717 I Input   : injectKeyEvent: KeyEvent { action=ACTION_DOWN, keyCode=KEYCODE_BACK, scanCode=0, metaState=0, flags=0x0, repeatCount=0, eventTime=849641371, downTime=849641371, deviceId=-1, source=0x101 }
08-06 04:00:24.963 25717 25717 I Input   : injectKeyEvent: KeyEvent { action=ACTION_UP, keyCode=KEYCODE_BACK, scanCode=0, metaState=0, flags=0x0, repeatCount=0, eventTime=849641371, downTime=849641371, deviceId=-1, source=0x101 }
08-06 04:00:24.966 24798 24827 I art     : Explicit concurrent mark sweep GC freed 22(816B) AllocSpace objects, 0(0B) LOS objects, 38% free, 25MB/41MB, paused 296us total 28.036ms
08-06 04:00:24.967 25717 25717 D AndroidRuntime: Shutting down VM
08-06 04:00:24.978 24798 24827 I art     : Starting a blocking GC Explicit
08-06 04:00:25.005 24798 24827 I art     : Explicit concurrent mark sweep GC freed 129(4KB) AllocSpace objects, 0(0B) LOS objects, 38% free, 25MB/41MB, paused 237us total 26.772ms
08-06 04:00:25.013 13866 13866 I GoogleInputMethodServic: GoogleInputMethodService.onFinishInput():3138 
08-06 04:00:25.014 13866 13866 I GoogleInputMethodServic: GoogleInputMethodService.onStartInput():1808 
08-06 04:00:25.018 24798 24827 I art     : Starting a blocking GC Explicit
08-06 04:00:25.046 24798 24827 I art     : Explicit concurrent mark sweep GC freed 117(4KB) AllocSpace objects, 0(0B) LOS objects, 38% free, 25MB/41MB, paused 249us total 27.565ms
08-06 04:00:25.058 24798 24827 I art     : Starting a blocking GC Explicit
08-06 04:00:25.085 24798 24827 I art     : Explicit concurrent mark sweep GC freed 9(336B) AllocSpace objects, 0(0B) LOS objects, 38% free, 25MB/41MB, paused 219us total 25.996ms
08-06 04:00:25.199 24798 25632 I RedditChangeDataIO: Writing tmp data file at '/data/user/0/baseline.org.quantumbadger.redreader/files/rr_change_data_tmp.dat'
08-06 04:00:25.200 24798 25632 I RedditChangeDataManager: Taking snapshot...
08-06 04:00:25.200 24798 25632 I RedditChangeDataManager: Writing to stream...
08-06 04:00:25.200 24798 25632 I RedditChangeDataManager: Wrote 2 entries for user ''
08-06 04:00:25.200 24798 25632 I RedditChangeDataManager: All entries written to stream.
08-06 04:00:25.201 24798 25632 I RedditChangeDataIO: Write successful. Atomically replacing data file...
08-06 04:00:25.201 24798 25632 I RedditChangeDataIO: Write complete.
08-06 04:00:25.201 24798 25632 I RedditChangeDataIO: 62 bytes written in 2 ms
08-06 04:00:25.333   380   380 W SurfaceFlinger: couldn't log to binary event log: overflow.
08-06 04:00:25.359 24798 24827 I art     : Starting a blocking GC Explicit
08-06 04:00:25.387 24798 24827 I art     : Explicit concurrent mark sweep GC freed 1471(85KB) AllocSpace objects, 2(88KB) LOS objects, 38% free, 25MB/41MB, paused 243us total 28.197ms
08-06 04:00:25.399 24798 24827 I art     : Starting a blocking GC Explicit
08-06 04:00:25.429 24798 24827 I art     : Explicit concurrent mark sweep GC freed 3857(310KB) AllocSpace objects, 5(140KB) LOS objects, 39% free, 24MB/40MB, paused 275us total 29.402ms
08-06 04:00:25.441 24798 24827 I art     : Starting a blocking GC Explicit
08-06 04:00:25.472 24798 24827 I art     : Explicit concurrent mark sweep GC freed 3(96B) AllocSpace objects, 0(0B) LOS objects, 39% free, 24MB/40MB, paused 252us total 29.907ms
08-06 04:00:25.485 24798 24827 I art     : Starting a blocking GC Explicit
08-06 04:00:25.515 24798 24827 I art     : Explicit concurrent mark sweep GC freed 3(96B) AllocSpace objects, 0(0B) LOS objects, 39% free, 24MB/40MB, paused 277us total 30.447ms
08-06 04:00:25.529 24798 24827 I art     : Starting a blocking GC Explicit
08-06 04:00:25.560 24798 24827 I art     : Explicit concurrent mark sweep GC freed 3(96B) AllocSpace objects, 0(0B) LOS objects, 39% free, 24MB/40MB, paused 247us total 30.730ms
08-06 04:00:25.841 24798 24809 I art     : Starting a blocking GC Explicit
08-06 04:00:25.880 24798 24809 I art     : Explicit concurrent mark sweep GC freed 1578(115KB) AllocSpace objects, 1(20KB) LOS objects, 39% free, 24MB/40MB, paused 248us total 39.065ms
08-06 04:00:25.898 24798 24809 I art     : Starting a blocking GC Explicit
08-06 04:00:25.928 24798 24809 I art     : Explicit concurrent mark sweep GC freed 85(2880B) AllocSpace objects, 0(0B) LOS objects, 39% free, 24MB/40MB, paused 226us total 30.299ms
08-06 04:00:25.941 24798 24809 I art     : Starting a blocking GC Explicit
08-06 04:00:25.972 24798 24809 I art     : Explicit concurrent mark sweep GC freed 3(96B) AllocSpace objects, 0(0B) LOS objects, 39% free, 24MB/40MB, paused 208us total 30.345ms
08-06 04:00:25.985 24798 24809 I art     : Starting a blocking GC Explicit
08-06 04:00:26.017 24798 24809 I art     : Explicit concurrent mark sweep GC freed 3(96B) AllocSpace objects, 0(0B) LOS objects, 39% free, 24MB/40MB, paused 278us total 31.023ms
08-06 04:00:26.030 24798 24809 I art     : Starting a blocking GC Explicit
08-06 04:00:26.061 24798 24809 I art     : Explicit concurrent mark sweep GC freed 3(96B) AllocSpace objects, 0(0B) LOS objects, 39% free, 24MB/40MB, paused 229us total 30.873ms
08-06 04:00:26.324 24798 24811 I art     : Starting a blocking GC Explicit
08-06 04:00:26.355 24798 24811 I art     : Explicit concurrent mark sweep GC freed 1343(79KB) AllocSpace objects, 1(20KB) LOS objects, 39% free, 24MB/40MB, paused 231us total 30.459ms
08-06 04:00:26.368 24798 24811 I art     : Starting a blocking GC Explicit
08-06 04:00:26.397 24798 24811 I art     : Explicit concurrent mark sweep GC freed 20(704B) AllocSpace objects, 0(0B) LOS objects, 39% free, 24MB/40MB, paused 234us total 29.227ms
08-06 04:00:26.410 24798 24811 I art     : Starting a blocking GC Explicit
08-06 04:00:26.439 24798 24811 I art     : Explicit concurrent mark sweep GC freed 3(96B) AllocSpace objects, 0(0B) LOS objects, 39% free, 24MB/40MB, paused 236us total 28.594ms
08-06 04:00:26.452 24798 24811 I art     : Starting a blocking GC Explicit
08-06 04:00:26.481 24798 24811 I art     : Explicit concurrent mark sweep GC freed 3(96B) AllocSpace objects, 0(0B) LOS objects, 39% free, 24MB/40MB, paused 226us total 29.003ms
08-06 04:00:26.494 24798 24811 I art     : Starting a blocking GC Explicit
08-06 04:00:26.523 24798 24811 I art     : Explicit concurrent mark sweep GC freed 3(96B) AllocSpace objects, 0(0B) LOS objects, 39% free, 24MB/40MB, paused 213us total 28.763ms
08-06 04:00:26.630 25762 25762 D AndroidRuntime: >>>>>> START com.android.internal.os.RuntimeInit uid 2000 <<<<<<
08-06 04:00:26.636 25762 25762 D AndroidRuntime: CheckJNI is OFF
08-06 04:00:26.672 25762 25762 D ICU     : No timezone override file found: /data/misc/zoneinfo/current/icu/icu_tzdata.dat
08-06 04:00:26.704 25762 25762 I Radio-JNI: register_android_hardware_Radio DONE
08-06 04:00:26.726 25762 25762 D AndroidRuntime: Calling main entry com.android.commands.input.Input
08-06 04:00:26.728 25762 25762 I Input   : injectMotionEvent: MotionEvent { action=ACTION_DOWN, actionButton=0, id[0]=0, x[0]=600.0, y[0]=1200.0, toolType[0]=TOOL_TYPE_UNKNOWN, buttonState=0, metaState=0, flags=0x0, edgeFlags=0x0, pointerCount=1, historySize=0, eventTime=849643140, downTime=849643140, deviceId=0, source=0x1002 }
08-06 04:00:26.737 25762 25762 I Input   : injectMotionEvent: MotionEvent { action=ACTION_UP, actionButton=0, id[0]=0, x[0]=600.0, y[0]=1200.0, toolType[0]=TOOL_TYPE_UNKNOWN, buttonState=0, metaState=0, flags=0x0, edgeFlags=0x0, pointerCount=1, historySize=0, eventTime=849643140, downTime=849643140, deviceId=0, source=0x1002 }
08-06 04:00:26.740 25762 25762 D AndroidRuntime: Shutting down VM
08-06 04:00:26.753   512  2967 D audio_hw_primary: out_set_parameters: enter: usecase(1: low-latency-playback) kvpairs: routing=2
08-06 04:00:26.760   918  3696 I ActivityManager: START u0 {dat=https://oauth.reddit.com/... cmp=baseline.org.quantumbadger.redreader/.activities.CommentListingActivity} from uid 10705 on display 0
08-06 04:00:26.766   512  2967 D audio_hw_primary: select_devices: out_snd_device(2: speaker) in_snd_device(0: none)
08-06 04:00:26.766   512  2967 D msm8974_platform: platform_send_audio_calibration: sending audio calibration for snd_device(2) acdb_id(15)
08-06 04:00:26.767   512  2967 I soundtrigger: audio_extn_sound_trigger_update_device_status: device 0x2 of type 0 for Event 1
08-06 04:00:26.779   512  2967 D audio_hw_primary: enable_snd_device: snd_device(2: speaker)
08-06 04:00:26.782   512  2967 D audio_hw_primary: enable_audio_route: apply and update mixer path: low-latency-playback speaker
08-06 04:00:26.784 24798 24798 I AppCompatViewInflater: app:theme is now deprecated. Please move to using android:theme instead.
08-06 04:00:26.800 24798 25795 D OK      : calling: https://oauth.reddit.com/comments/hza888/.json?sort=confidence
08-06 04:00:26.812 24798 24827 I art     : Starting a blocking GC Explicit
08-06 04:00:26.840 24798 24827 I art     : Explicit concurrent mark sweep GC freed 3429(193KB) AllocSpace objects, 1(20KB) LOS objects, 39% free, 24MB/40MB, paused 492us total 28.259ms
08-06 04:00:26.854 24798 24827 I art     : Starting a blocking GC Explicit
08-06 04:00:26.860   918   936 I ActivityManager: Displayed baseline.org.quantumbadger.redreader/.activities.CommentListingActivity: +89ms
08-06 04:00:26.861 13866 13866 I GoogleInputMethodServic: GoogleInputMethodService.onFinishInput():3138 
08-06 04:00:26.865 13866 13866 I GoogleInputMethodServic: GoogleInputMethodService.onStartInput():1808 
08-06 04:00:26.883 24798 24827 I art     : Explicit concurrent mark sweep GC freed 938(36KB) AllocSpace objects, 0(0B) LOS objects, 39% free, 25MB/41MB, paused 330us total 29.167ms
08-06 04:00:26.898 24798 24827 I art     : Starting a blocking GC Explicit
08-06 04:00:26.924 24798 24827 I art     : Explicit concurrent mark sweep GC freed 213(13KB) AllocSpace objects, 0(0B) LOS objects, 39% free, 25MB/41MB, paused 244us total 26.138ms
08-06 04:00:26.936 24798 24827 I art     : Starting a blocking GC Explicit
08-06 04:00:26.967 24798 24827 I art     : Explicit concurrent mark sweep GC freed 1793(70KB) AllocSpace objects, 0(0B) LOS objects, 39% free, 25MB/41MB, paused 371us total 30.777ms
08-06 04:00:26.982 24798 24827 I art     : Starting a blocking GC Explicit
08-06 04:00:27.011 24798 24827 I art     : Explicit concurrent mark sweep GC freed 199(7KB) AllocSpace objects, 0(0B) LOS objects, 39% free, 25MB/41MB, paused 316us total 29.005ms
08-06 04:00:27.118   380   380 W SurfaceFlinger: couldn't log to binary event log: overflow.
08-06 04:00:27.129 24798 25795 I NAPPA_EXPERIMENTATION: MetricNetworkRequestExecutionTime: REQUEST_DURATION_SYSTEM='329',REQUEST_DURATION_OKHTTP='153',REQUEST_SYNCHRONOUS='TRUE',RESPONSE_CODE='200',RESPONSE_METHOD='GET',RESPONSE_LENGTH_OKHTTP='-1',RESPONSE_LENGTH_HEADER='21928',REQUEST_PROTOCOL='h2',REQUEST_URL='https://oauth.reddit.com/comments/hza888/.json?sort=confidence',
08-06 04:00:27.129 24798 25795 D OK      : request got status: 200
08-06 04:00:27.156 24798 25375 I CommentListingActivity: COMMENTS session changed to 5cd0264b-61ee-4f7c-926c-11dadba247d5
08-06 04:00:27.256 24798 24811 I art     : Starting a blocking GC Explicit
08-06 04:00:27.289 24798 24811 I art     : Explicit concurrent mark sweep GC freed 14107(910KB) AllocSpace objects, 2(88KB) LOS objects, 37% free, 26MB/42MB, paused 391us total 33.272ms
08-06 04:00:27.302 24798 24811 I art     : Starting a blocking GC Explicit
08-06 04:00:27.319   512  2967 D audio_hw_primary: disable_audio_route: reset and update mixer path: low-latency-playback speaker
08-06 04:00:27.320   512  2967 D audio_hw_primary: disable_snd_device: snd_device(2: speaker)
08-06 04:00:27.327   512  2967 I soundtrigger: audio_extn_sound_trigger_update_device_status: device 0x2 of type 0 for Event 0
08-06 04:00:27.334 24798 24811 I art     : Explicit concurrent mark sweep GC freed 5309(236KB) AllocSpace objects, 1(68KB) LOS objects, 37% free, 26MB/42MB, paused 594us total 31.858ms
08-06 04:00:27.348 24798 24811 I art     : Starting a blocking GC Explicit
08-06 04:00:27.379 24798 24811 I art     : Explicit concurrent mark sweep GC freed 198(15KB) AllocSpace objects, 0(0B) LOS objects, 37% free, 26MB/42MB, paused 265us total 31.517ms
08-06 04:00:27.393 24798 24811 I art     : Starting a blocking GC Explicit
08-06 04:00:27.425 24798 24811 I art     : Explicit concurrent mark sweep GC freed 13(512B) AllocSpace objects, 0(0B) LOS objects, 37% free, 26MB/42MB, paused 220us total 32.192ms
08-06 04:00:27.439 24798 24811 I art     : Starting a blocking GC Explicit
08-06 04:00:27.471 24798 24811 I art     : Explicit concurrent mark sweep GC freed 3(96B) AllocSpace objects, 0(0B) LOS objects, 37% free, 26MB/42MB, paused 222us total 32.355ms
08-06 04:00:27.743 24798 24811 I art     : Starting a blocking GC Explicit
08-06 04:00:27.779 24798 24811 I art     : Explicit concurrent mark sweep GC freed 1343(80KB) AllocSpace objects, 1(20KB) LOS objects, 37% free, 26MB/42MB, paused 235us total 36.417ms
08-06 04:00:27.794 24798 24811 I art     : Starting a blocking GC Explicit
08-06 04:00:27.831 24798 24811 I art     : Explicit concurrent mark sweep GC freed 20(704B) AllocSpace objects, 0(0B) LOS objects, 37% free, 26MB/42MB, paused 253us total 36.655ms
08-06 04:00:27.845 24798 24811 I art     : Starting a blocking GC Explicit
08-06 04:00:27.879 24798 24811 I art     : Explicit concurrent mark sweep GC freed 49(1920B) AllocSpace objects, 0(0B) LOS objects, 37% free, 26MB/42MB, paused 250us total 34.035ms
08-06 04:00:27.893 24798 24811 I art     : Starting a blocking GC Explicit
08-06 04:00:27.930 24798 24811 I art     : Explicit concurrent mark sweep GC freed 3(96B) AllocSpace objects, 0(0B) LOS objects, 37% free, 26MB/42MB, paused 266us total 36.687ms
08-06 04:00:27.944 24798 24811 I art     : Starting a blocking GC Explicit
08-06 04:00:27.983 24798 24811 I art     : Explicit concurrent mark sweep GC freed 3(96B) AllocSpace objects, 0(0B) LOS objects, 37% free, 26MB/42MB, paused 261us total 38.188ms
08-06 04:00:28.288 24798 24809 I art     : Starting a blocking GC Explicit
08-06 04:00:28.342 24798 24809 I art     : Explicit concurrent mark sweep GC freed 1343(80KB) AllocSpace objects, 1(20KB) LOS objects, 37% free, 26MB/42MB, paused 269us total 53.479ms
08-06 04:00:28.361 24798 24809 I art     : Starting a blocking GC Explicit
08-06 04:00:28.397 24798 24809 I art     : Explicit concurrent mark sweep GC freed 20(704B) AllocSpace objects, 0(0B) LOS objects, 37% free, 26MB/42MB, paused 254us total 36.452ms
08-06 04:00:28.412 24798 24809 I art     : Starting a blocking GC Explicit
08-06 04:00:28.450 24798 24809 I art     : Explicit concurrent mark sweep GC freed 3(96B) AllocSpace objects, 0(0B) LOS objects, 37% free, 26MB/42MB, paused 260us total 38.150ms
08-06 04:00:28.464 24798 24809 I art     : Starting a blocking GC Explicit
08-06 04:00:28.502 24798 24809 I art     : Explicit concurrent mark sweep GC freed 3(96B) AllocSpace objects, 0(0B) LOS objects, 37% free, 26MB/42MB, paused 262us total 37.699ms
08-06 04:00:28.517 24798 24809 I art     : Starting a blocking GC Explicit
08-06 04:00:28.555 24798 24809 I art     : Explicit concurrent mark sweep GC freed 3(96B) AllocSpace objects, 0(0B) LOS objects, 37% free, 26MB/42MB, paused 262us total 38.430ms
08-06 04:00:28.883 24798 25031 I art     : Starting a blocking GC Explicit
08-06 04:00:28.936 24798 25031 I art     : Explicit concurrent mark sweep GC freed 1343(80KB) AllocSpace objects, 1(20KB) LOS objects, 37% free, 26MB/42MB, paused 281us total 52.970ms
08-06 04:00:28.955 24798 25031 I art     : Starting a blocking GC Explicit
08-06 04:00:28.990 24798 25031 I art     : Explicit concurrent mark sweep GC freed 20(704B) AllocSpace objects, 0(0B) LOS objects, 37% free, 26MB/42MB, paused 246us total 35.126ms
08-06 04:00:29.004 24798 25031 I art     : Starting a blocking GC Explicit
08-06 04:00:29.039 24798 25031 I art     : Explicit concurrent mark sweep GC freed 3(96B) AllocSpace objects, 0(0B) LOS objects, 37% free, 26MB/42MB, paused 237us total 34.904ms
08-06 04:00:29.053 24798 25031 I art     : Starting a blocking GC Explicit
08-06 04:00:29.088 24798 25031 I art     : Explicit concurrent mark sweep GC freed 3(96B) AllocSpace objects, 0(0B) LOS objects, 37% free, 26MB/42MB, paused 254us total 35.420ms
08-06 04:00:29.102 24798 25031 I art     : Starting a blocking GC Explicit
08-06 04:00:29.138 24798 25031 I art     : Explicit concurrent mark sweep GC freed 3(96B) AllocSpace objects, 0(0B) LOS objects, 37% free, 26MB/42MB, paused 251us total 35.369ms
08-06 04:00:29.423 24798 24827 I art     : Starting a blocking GC Explicit
08-06 04:00:29.432 25838 25838 D AndroidRuntime: >>>>>> START com.android.internal.os.RuntimeInit uid 2000 <<<<<<
08-06 04:00:29.437 25838 25838 D AndroidRuntime: CheckJNI is OFF
08-06 04:00:29.461 24798 24827 I art     : Explicit concurrent mark sweep GC freed 1343(80KB) AllocSpace objects, 1(20KB) LOS objects, 37% free, 26MB/42MB, paused 280us total 38.171ms
08-06 04:00:29.475 24798 24827 I art     : Starting a blocking GC Explicit
08-06 04:00:29.477 25838 25838 D ICU     : No timezone override file found: /data/misc/zoneinfo/current/icu/icu_tzdata.dat
08-06 04:00:29.511 24798 24827 I art     : Explicit concurrent mark sweep GC freed 20(704B) AllocSpace objects, 0(0B) LOS objects, 37% free, 26MB/42MB, paused 263us total 35.646ms
08-06 04:00:29.511 25838 25838 I Radio-JNI: register_android_hardware_Radio DONE
08-06 04:00:29.524 24798 24827 I art     : Starting a blocking GC Explicit
08-06 04:00:29.534 25838 25838 D AndroidRuntime: Calling main entry com.android.commands.input.Input
08-06 04:00:29.535 25838 25838 I Input   : injectKeyEvent: KeyEvent { action=ACTION_DOWN, keyCode=KEYCODE_BACK, scanCode=0, metaState=0, flags=0x0, repeatCount=0, eventTime=849645949, downTime=849645949, deviceId=-1, source=0x101 }
08-06 04:00:29.542 25838 25838 I Input   : injectKeyEvent: KeyEvent { action=ACTION_UP, keyCode=KEYCODE_BACK, scanCode=0, metaState=0, flags=0x0, repeatCount=0, eventTime=849645949, downTime=849645949, deviceId=-1, source=0x101 }
08-06 04:00:29.547 25838 25838 D AndroidRuntime: Shutting down VM
08-06 04:00:29.559 24798 24827 I art     : Explicit concurrent mark sweep GC freed 120(4KB) AllocSpace objects, 0(0B) LOS objects, 37% free, 26MB/42MB, paused 264us total 34.216ms
08-06 04:00:29.572 24798 24827 I art     : Starting a blocking GC Explicit
08-06 04:00:29.582 13866 13866 I GoogleInputMethodServic: GoogleInputMethodService.onFinishInput():3138 
08-06 04:00:29.583 13866 13866 I GoogleInputMethodServic: GoogleInputMethodService.onStartInput():1808 
08-06 04:00:29.604 24798 24827 I art     : Explicit concurrent mark sweep GC freed 87(3KB) AllocSpace objects, 0(0B) LOS objects, 37% free, 26MB/42MB, paused 263us total 31.861ms
08-06 04:00:29.618 24798 24827 I art     : Starting a blocking GC Explicit
08-06 04:00:29.651 24798 24827 I art     : Explicit concurrent mark sweep GC freed 60(1968B) AllocSpace objects, 0(0B) LOS objects, 37% free, 26MB/42MB, paused 268us total 33.039ms
08-06 04:00:29.897 24798 25031 I art     : Starting a blocking GC Explicit
08-06 04:00:29.904   380   380 W SurfaceFlinger: couldn't log to binary event log: overflow.
08-06 04:00:29.931 24798 25031 I art     : Explicit concurrent mark sweep GC freed 1394(82KB) AllocSpace objects, 1(20KB) LOS objects, 37% free, 26MB/42MB, paused 230us total 33.928ms
08-06 04:00:29.944 24798 25031 I art     : Starting a blocking GC Explicit
08-06 04:00:29.978 24798 25031 I art     : Explicit concurrent mark sweep GC freed 26(992B) AllocSpace objects, 0(0B) LOS objects, 37% free, 26MB/42MB, paused 283us total 33.742ms
08-06 04:00:29.991 24798 25031 I art     : Starting a blocking GC Explicit
08-06 04:00:30.022 24798 25031 I art     : Explicit concurrent mark sweep GC freed 22972(1247KB) AllocSpace objects, 5(164KB) LOS objects, 39% free, 24MB/40MB, paused 255us total 30.902ms
08-06 04:00:30.035 24798 25031 I art     : Starting a blocking GC Explicit
08-06 04:00:30.065 24798 25031 I art     : Explicit concurrent mark sweep GC freed 3(96B) AllocSpace objects, 0(0B) LOS objects, 39% free, 24MB/40MB, paused 257us total 29.700ms
08-06 04:00:30.078 24798 25031 I art     : Starting a blocking GC Explicit
08-06 04:00:30.109 24798 25031 I art     : Explicit concurrent mark sweep GC freed 3(96B) AllocSpace objects, 0(0B) LOS objects, 39% free, 24MB/40MB, paused 263us total 30.477ms
08-06 04:00:30.406 24798 24811 I art     : Starting a blocking GC Explicit
08-06 04:00:30.446 24798 24811 I art     : Explicit concurrent mark sweep GC freed 1347(80KB) AllocSpace objects, 1(20KB) LOS objects, 39% free, 24MB/40MB, paused 288us total 39.184ms
08-06 04:00:30.461 24798 24811 I art     : Starting a blocking GC Explicit
08-06 04:00:30.492 24798 24811 I art     : Explicit concurrent mark sweep GC freed 20(704B) AllocSpace objects, 0(0B) LOS objects, 39% free, 24MB/40MB, paused 265us total 30.708ms
08-06 04:00:30.506 24798 24811 I art     : Starting a blocking GC Explicit
08-06 04:00:30.537 24798 24811 I art     : Explicit concurrent mark sweep GC freed 3(96B) AllocSpace objects, 0(0B) LOS objects, 39% free, 24MB/40MB, paused 327us total 31.039ms
08-06 04:00:30.550 24798 24811 I art     : Starting a blocking GC Explicit
08-06 04:00:30.580 24798 24811 I art     : Explicit concurrent mark sweep GC freed 3(96B) AllocSpace objects, 0(0B) LOS objects, 39% free, 24MB/40MB, paused 266us total 29.924ms
08-06 04:00:30.593 24798 24811 I art     : Starting a blocking GC Explicit
08-06 04:00:30.625 24798 24811 I art     : Explicit concurrent mark sweep GC freed 3(96B) AllocSpace objects, 0(0B) LOS objects, 39% free, 24MB/40MB, paused 286us total 30.981ms
08-06 04:00:30.896 24798 24809 I art     : Starting a blocking GC Explicit
08-06 04:00:30.927 24798 24809 I art     : Explicit concurrent mark sweep GC freed 1344(80KB) AllocSpace objects, 1(20KB) LOS objects, 39% free, 24MB/40MB, paused 329us total 31.002ms
08-06 04:00:30.941 24798 24809 I art     : Starting a blocking GC Explicit
08-06 04:00:30.970 24798 24809 I art     : Explicit concurrent mark sweep GC freed 20(704B) AllocSpace objects, 0(0B) LOS objects, 39% free, 24MB/40MB, paused 267us total 29.737ms
08-06 04:00:30.984 24798 24809 I art     : Starting a blocking GC Explicit
08-06 04:00:31.013 24798 24809 I art     : Explicit concurrent mark sweep GC freed 3(96B) AllocSpace objects, 0(0B) LOS objects, 39% free, 24MB/40MB, paused 250us total 29.231ms
08-06 04:00:31.026 24798 24809 I art     : Starting a blocking GC Explicit
08-06 04:00:31.055 24798 24809 I art     : Explicit concurrent mark sweep GC freed 3(96B) AllocSpace objects, 0(0B) LOS objects, 39% free, 24MB/40MB, paused 258us total 29.202ms
08-06 04:00:31.068 24798 24809 I art     : Starting a blocking GC Explicit
08-06 04:00:31.098 24798 24809 I art     : Explicit concurrent mark sweep GC freed 3(96B) AllocSpace objects, 0(0B) LOS objects, 39% free, 24MB/40MB, paused 255us total 29.537ms
08-06 04:00:31.209 25884 25884 D AndroidRuntime: >>>>>> START com.android.internal.os.RuntimeInit uid 2000 <<<<<<
08-06 04:00:31.214 25884 25884 D AndroidRuntime: CheckJNI is OFF
08-06 04:00:31.252 25884 25884 D ICU     : No timezone override file found: /data/misc/zoneinfo/current/icu/icu_tzdata.dat
08-06 04:00:31.284 25884 25884 I Radio-JNI: register_android_hardware_Radio DONE
08-06 04:00:31.306 25884 25884 D AndroidRuntime: Calling main entry com.android.commands.input.Input
08-06 04:00:31.308 25884 25884 I Input   : injectMotionEvent: MotionEvent { action=ACTION_DOWN, actionButton=0, id[0]=0, x[0]=600.0, y[0]=950.0, toolType[0]=TOOL_TYPE_UNKNOWN, buttonState=0, metaState=0, flags=0x0, edgeFlags=0x0, pointerCount=1, historySize=0, eventTime=849647721, downTime=849647721, deviceId=0, source=0x1002 }
08-06 04:00:31.313 25884 25884 I Input   : injectMotionEvent: MotionEvent { action=ACTION_UP, actionButton=0, id[0]=0, x[0]=600.0, y[0]=950.0, toolType[0]=TOOL_TYPE_UNKNOWN, buttonState=0, metaState=0, flags=0x0, edgeFlags=0x0, pointerCount=1, historySize=0, eventTime=849647721, downTime=849647721, deviceId=0, source=0x1002 }
08-06 04:00:31.315 25884 25884 D AndroidRuntime: Shutting down VM
08-06 04:00:31.329   512  2967 D audio_hw_primary: out_set_parameters: enter: usecase(1: low-latency-playback) kvpairs: routing=2
08-06 04:00:31.336   918   929 I ActivityManager: START u0 {dat=https://oauth.reddit.com/... cmp=baseline.org.quantumbadger.redreader/.activities.CommentListingActivity} from uid 10705 on display 0
08-06 04:00:31.342   512  2967 D audio_hw_primary: select_devices: out_snd_device(2: speaker) in_snd_device(0: none)
08-06 04:00:31.342   512  2967 D msm8974_platform: platform_send_audio_calibration: sending audio calibration for snd_device(2) acdb_id(15)
08-06 04:00:31.342   512  2967 I soundtrigger: audio_extn_sound_trigger_update_device_status: device 0x2 of type 0 for Event 1
08-06 04:00:31.351   512  2967 D audio_hw_primary: enable_snd_device: snd_device(2: speaker)
08-06 04:00:31.354   512  2967 D audio_hw_primary: enable_audio_route: apply and update mixer path: low-latency-playback speaker
08-06 04:00:31.363 24798 24798 I AppCompatViewInflater: app:theme is now deprecated. Please move to using android:theme instead.
08-06 04:00:31.379 24798 24809 I art     : Starting a blocking GC Explicit
08-06 04:00:31.380 24798 25375 I CommentListingActivity: COMMENTS session changed to 46497cee-dd25-44dc-8d56-37c5dede6e4c
08-06 04:00:31.408 24798 24809 I art     : Explicit concurrent mark sweep GC freed 5990(490KB) AllocSpace objects, 3(52KB) LOS objects, 38% free, 25MB/41MB, paused 326us total 29.169ms
08-06 04:00:31.420 24798 24809 I art     : Starting a blocking GC Explicit
08-06 04:00:31.448   918   936 I ActivityManager: Displayed baseline.org.quantumbadger.redreader/.activities.CommentListingActivity: +98ms
08-06 04:00:31.449 24798 24809 I art     : Explicit concurrent mark sweep GC freed 1005(38KB) AllocSpace objects, 0(0B) LOS objects, 38% free, 25MB/41MB, paused 346us total 28.446ms
08-06 04:00:31.461 24798 24809 I art     : Starting a blocking GC Explicit
08-06 04:00:31.465 13866 13866 I GoogleInputMethodServic: GoogleInputMethodService.onFinishInput():3138 
08-06 04:00:31.465 13866 13866 I GoogleInputMethodServic: GoogleInputMethodService.onStartInput():1808 
08-06 04:00:31.492 24798 24809 I art     : Explicit concurrent mark sweep GC freed 1388(58KB) AllocSpace objects, 0(0B) LOS objects, 38% free, 25MB/41MB, paused 510us total 31.229ms
08-06 04:00:31.507 24798 24809 I art     : Starting a blocking GC Explicit
08-06 04:00:31.537 24798 24809 I art     : Explicit concurrent mark sweep GC freed 53(2416B) AllocSpace objects, 0(0B) LOS objects, 38% free, 25MB/41MB, paused 261us total 30.091ms
08-06 04:00:31.549 24798 24809 I art     : Starting a blocking GC Explicit
08-06 04:00:31.578 24798 24809 I art     : Explicit concurrent mark sweep GC freed 5(192B) AllocSpace objects, 0(0B) LOS objects, 38% free, 25MB/41MB, paused 243us total 28.583ms
08-06 04:00:31.707   380   380 W SurfaceFlinger: couldn't log to binary event log: overflow.
08-06 04:00:31.773 24798 25794 I RedditChangeDataIO: Writing tmp data file at '/data/user/0/baseline.org.quantumbadger.redreader/files/rr_change_data_tmp.dat'
08-06 04:00:31.774 24798 25794 I RedditChangeDataManager: Taking snapshot...
08-06 04:00:31.774 24798 25794 I RedditChangeDataManager: Writing to stream...
08-06 04:00:31.774 24798 25794 I RedditChangeDataManager: Wrote 3 entries for user ''
08-06 04:00:31.774 24798 25794 I RedditChangeDataManager: All entries written to stream.
08-06 04:00:31.774 24798 25794 I RedditChangeDataIO: Write successful. Atomically replacing data file...
08-06 04:00:31.774 24798 25794 I RedditChangeDataIO: Write complete.
08-06 04:00:31.774 24798 25794 I RedditChangeDataIO: 86 bytes written in 1 ms
08-06 04:00:31.848 24798 24827 I art     : Starting a blocking GC Explicit
08-06 04:00:31.875 24798 24827 I art     : Explicit concurrent mark sweep GC freed 1505(87KB) AllocSpace objects, 2(88KB) LOS objects, 38% free, 25MB/41MB, paused 244us total 26.604ms
08-06 04:00:31.887 24798 24827 I art     : Starting a blocking GC Explicit
08-06 04:00:31.890   512  2967 D audio_hw_primary: disable_audio_route: reset and update mixer path: low-latency-playback speaker
08-06 04:00:31.891   512  2967 D audio_hw_primary: disable_snd_device: snd_device(2: speaker)
08-06 04:00:31.898   512  2967 I soundtrigger: audio_extn_sound_trigger_update_device_status: device 0x2 of type 0 for Event 0
08-06 04:00:31.912 24798 24827 I art     : Explicit concurrent mark sweep GC freed 23(800B) AllocSpace objects, 0(0B) LOS objects, 38% free, 25MB/41MB, paused 223us total 25.425ms
08-06 04:00:31.925 24798 24827 I art     : Starting a blocking GC Explicit
08-06 04:00:31.951 24798 24827 I art     : Explicit concurrent mark sweep GC freed 3(96B) AllocSpace objects, 0(0B) LOS objects, 38% free, 25MB/41MB, paused 231us total 26.420ms
08-06 04:00:31.963 24798 24827 I art     : Starting a blocking GC Explicit
08-06 04:00:31.990 24798 24827 I art     : Explicit concurrent mark sweep GC freed 3(96B) AllocSpace objects, 0(0B) LOS objects, 38% free, 25MB/41MB, paused 267us total 26.664ms
08-06 04:00:32.002 24798 24827 I art     : Starting a blocking GC Explicit
08-06 04:00:32.029 24798 24827 I art     : Explicit concurrent mark sweep GC freed 49(1920B) AllocSpace objects, 0(0B) LOS objects, 38% free, 25MB/41MB, paused 223us total 26.292ms
08-06 04:00:32.300 24798 24811 I art     : Starting a blocking GC Explicit
08-06 04:00:32.333 24798 24811 I art     : Explicit concurrent mark sweep GC freed 1578(116KB) AllocSpace objects, 1(20KB) LOS objects, 38% free, 25MB/41MB, paused 247us total 32.326ms
08-06 04:00:32.346 24798 24811 I art     : Starting a blocking GC Explicit
08-06 04:00:32.377 24798 24811 I art     : Explicit concurrent mark sweep GC freed 85(2880B) AllocSpace objects, 0(0B) LOS objects, 38% free, 25MB/41MB, paused 292us total 30.319ms
08-06 04:00:32.390 24798 24811 I art     : Starting a blocking GC Explicit
08-06 04:00:32.421 24798 24811 I art     : Explicit concurrent mark sweep GC freed 3(96B) AllocSpace objects, 0(0B) LOS objects, 38% free, 25MB/41MB, paused 281us total 31.164ms
08-06 04:00:32.434 24798 24811 I art     : Starting a blocking GC Explicit
08-06 04:00:32.466 24798 24811 I art     : Explicit concurrent mark sweep GC freed 3(96B) AllocSpace objects, 0(0B) LOS objects, 38% free, 25MB/41MB, paused 245us total 31.170ms
08-06 04:00:32.479 24798 24811 I art     : Starting a blocking GC Explicit
08-06 04:00:32.511 24798 24811 I art     : Explicit concurrent mark sweep GC freed 3(96B) AllocSpace objects, 0(0B) LOS objects, 38% free, 25MB/41MB, paused 241us total 31.801ms
08-06 04:00:32.680   518   646 I ThermalEngine: ACTION: GPU - Setting GPU[0] to 450000000
08-06 04:00:32.800 24798 24809 I art     : Starting a blocking GC Explicit
08-06 04:00:32.848 24798 24809 I art     : Explicit concurrent mark sweep GC freed 1343(80KB) AllocSpace objects, 1(20KB) LOS objects, 38% free, 25MB/41MB, paused 489us total 47.516ms
08-06 04:00:32.867 24798 24809 I art     : Starting a blocking GC Explicit
08-06 04:00:32.907 24798 24809 I art     : Explicit concurrent mark sweep GC freed 20(704B) AllocSpace objects, 0(0B) LOS objects, 38% free, 25MB/41MB, paused 314us total 39.483ms
08-06 04:00:32.925 24798 24809 I art     : Starting a blocking GC Explicit
08-06 04:00:32.967 24798 24809 I art     : Explicit concurrent mark sweep GC freed 3(96B) AllocSpace objects, 0(0B) LOS objects, 38% free, 25MB/41MB, paused 316us total 41.875ms
08-06 04:00:32.985 24798 24809 I art     : Starting a blocking GC Explicit
08-06 04:00:33.028 24798 24809 I art     : Explicit concurrent mark sweep GC freed 3(96B) AllocSpace objects, 0(0B) LOS objects, 38% free, 25MB/41MB, paused 326us total 42.872ms
08-06 04:00:33.046 24798 24809 I art     : Starting a blocking GC Explicit
08-06 04:00:33.090 24798 24809 I art     : Explicit concurrent mark sweep GC freed 3(96B) AllocSpace objects, 0(0B) LOS objects, 38% free, 25MB/41MB, paused 317us total 43.737ms
08-06 04:00:33.437 24798 25031 I art     : Starting a blocking GC Explicit
08-06 04:00:33.490 24798 25031 I art     : Explicit concurrent mark sweep GC freed 1343(80KB) AllocSpace objects, 1(20KB) LOS objects, 38% free, 25MB/41MB, paused 330us total 52.391ms
08-06 04:00:33.512 24798 25031 I art     : Starting a blocking GC Explicit
08-06 04:00:33.554 24798 25031 I art     : Explicit concurrent mark sweep GC freed 20(704B) AllocSpace objects, 0(0B) LOS objects, 38% free, 25MB/41MB, paused 329us total 41.296ms
08-06 04:00:33.572 24798 25031 I art     : Starting a blocking GC Explicit
08-06 04:00:33.614 24798 25031 I art     : Explicit concurrent mark sweep GC freed 3(96B) AllocSpace objects, 0(0B) LOS objects, 38% free, 25MB/41MB, paused 393us total 41.786ms
08-06 04:00:33.632 24798 25031 I art     : Starting a blocking GC Explicit
08-06 04:00:33.672 24798 25031 I art     : Explicit concurrent mark sweep GC freed 3(96B) AllocSpace objects, 0(0B) LOS objects, 38% free, 25MB/41MB, paused 294us total 40.463ms
08-06 04:00:33.690 24798 25031 I art     : Starting a blocking GC Explicit
08-06 04:00:33.728 24798 25031 I art     : Explicit concurrent mark sweep GC freed 3(96B) AllocSpace objects, 0(0B) LOS objects, 38% free, 25MB/41MB, paused 368us total 38.425ms
08-06 04:00:34.055 24798 24827 I art     : Starting a blocking GC Explicit
08-06 04:00:34.110 24798 24827 I art     : Explicit concurrent mark sweep GC freed 1343(80KB) AllocSpace objects, 1(20KB) LOS objects, 38% free, 25MB/41MB, paused 346us total 54.623ms
08-06 04:00:34.131 24798 24827 I art     : Starting a blocking GC Explicit
08-06 04:00:34.174 24798 24827 I art     : Explicit concurrent mark sweep GC freed 20(704B) AllocSpace objects, 0(0B) LOS objects, 38% free, 25MB/41MB, paused 314us total 43.183ms
08-06 04:00:34.192 24798 24827 I art     : Starting a blocking GC Explicit
08-06 04:00:34.235 24798 24827 I art     : Explicit concurrent mark sweep GC freed 3(96B) AllocSpace objects, 0(0B) LOS objects, 38% free, 25MB/41MB, paused 341us total 42.685ms
08-06 04:00:34.253 24798 24827 I art     : Starting a blocking GC Explicit
08-06 04:00:34.295 24798 24827 I art     : Explicit concurrent mark sweep GC freed 3(96B) AllocSpace objects, 0(0B) LOS objects, 38% free, 25MB/41MB, paused 309us total 42.506ms
08-06 04:00:34.313 24798 24827 I art     : Starting a blocking GC Explicit
08-06 04:00:34.356 24798 24827 I art     : Explicit concurrent mark sweep GC freed 3(96B) AllocSpace objects, 0(0B) LOS objects, 38% free, 25MB/41MB, paused 340us total 42.683ms
08-06 04:00:34.685   518   646 I ThermalEngine: ACTION: GPU - Setting GPU[0] to 510000000
08-06 04:00:34.701 24798 24811 I art     : Starting a blocking GC Explicit
08-06 04:00:34.748 24798 24811 I art     : Explicit concurrent mark sweep GC freed 1343(80KB) AllocSpace objects, 1(20KB) LOS objects, 38% free, 25MB/41MB, paused 271us total 46.724ms
08-06 04:00:34.764 24798 24811 I art     : Starting a blocking GC Explicit
08-06 04:00:34.797 24798 24811 I art     : Explicit concurrent mark sweep GC freed 20(704B) AllocSpace objects, 0(0B) LOS objects, 38% free, 25MB/41MB, paused 236us total 32.747ms
08-06 04:00:34.810 24798 24811 I art     : Starting a blocking GC Explicit
08-06 04:00:34.843 24798 24811 I art     : Explicit concurrent mark sweep GC freed 3(96B) AllocSpace objects, 0(0B) LOS objects, 38% free, 25MB/41MB, paused 247us total 32.388ms
08-06 04:00:34.856 24798 24811 I art     : Starting a blocking GC Explicit
08-06 04:00:34.889 24798 24811 I art     : Explicit concurrent mark sweep GC freed 3(96B) AllocSpace objects, 0(0B) LOS objects, 38% free, 25MB/41MB, paused 247us total 32.747ms
08-06 04:00:34.903 24798 24811 I art     : Starting a blocking GC Explicit
08-06 04:00:34.935 24798 24811 I art     : Explicit concurrent mark sweep GC freed 3(96B) AllocSpace objects, 0(0B) LOS objects, 38% free, 25MB/41MB, paused 255us total 32.080ms
08-06 04:00:35.189   918  3261 D WifiStateMachine: starting scan for "H369AA63323"WPA_PSK with 2412,5180
08-06 04:00:35.278 24798 24809 I art     : Starting a blocking GC Explicit
08-06 04:00:35.320 24798 24809 I art     : Explicit concurrent mark sweep GC freed 1345(80KB) AllocSpace objects, 1(20KB) LOS objects, 38% free, 25MB/41MB, paused 241us total 41.388ms
08-06 04:00:35.336 24798 24809 I art     : Starting a blocking GC Explicit
08-06 04:00:35.368 24798 24809 I art     : Explicit concurrent mark sweep GC freed 20(704B) AllocSpace objects, 0(0B) LOS objects, 38% free, 25MB/41MB, paused 239us total 31.542ms
08-06 04:00:35.381 24798 24809 I art     : Starting a blocking GC Explicit
08-06 04:00:35.413 24798 24809 I art     : Explicit concurrent mark sweep GC freed 3(96B) AllocSpace objects, 0(0B) LOS objects, 38% free, 25MB/41MB, paused 242us total 32.181ms
08-06 04:00:35.427 24798 24809 I art     : Starting a blocking GC Explicit
08-06 04:00:35.460 24798 24809 I art     : Explicit concurrent mark sweep GC freed 3(96B) AllocSpace objects, 0(0B) LOS objects, 38% free, 25MB/41MB, paused 261us total 32.584ms
08-06 04:00:35.473 24798 24809 I art     : Starting a blocking GC Explicit
08-06 04:00:35.506 24798 24809 I art     : Explicit concurrent mark sweep GC freed 3(96B) AllocSpace objects, 0(0B) LOS objects, 38% free, 25MB/41MB, paused 240us total 32.646ms
08-06 04:00:35.769 24798 25031 I art     : Starting a blocking GC Explicit
08-06 04:00:35.801 24798 25031 I art     : Explicit concurrent mark sweep GC freed 1343(80KB) AllocSpace objects, 1(20KB) LOS objects, 38% free, 25MB/41MB, paused 247us total 31.949ms
08-06 04:00:35.814 24798 25031 I art     : Starting a blocking GC Explicit
08-06 04:00:35.845 24798 25031 I art     : Explicit concurrent mark sweep GC freed 20(704B) AllocSpace objects, 0(0B) LOS objects, 38% free, 25MB/41MB, paused 243us total 30.722ms
08-06 04:00:35.858 24798 25031 I art     : Starting a blocking GC Explicit
08-06 04:00:35.890 24798 25031 I art     : Explicit concurrent mark sweep GC freed 3(96B) AllocSpace objects, 0(0B) LOS objects, 38% free, 25MB/41MB, paused 243us total 31.577ms
08-06 04:00:35.903 24798 25031 I art     : Starting a blocking GC Explicit
08-06 04:00:35.934 24798 25031 I art     : Explicit concurrent mark sweep GC freed 3(96B) AllocSpace objects, 0(0B) LOS objects, 38% free, 25MB/41MB, paused 234us total 29.921ms
08-06 04:00:35.947 24798 25031 I art     : Starting a blocking GC Explicit
08-06 04:00:35.978 24798 25031 I art     : Explicit concurrent mark sweep GC freed 3(96B) AllocSpace objects, 0(0B) LOS objects, 38% free, 25MB/41MB, paused 232us total 30.819ms
08-06 04:00:36.012 25990 25990 D AndroidRuntime: >>>>>> START com.android.internal.os.RuntimeInit uid 2000 <<<<<<
08-06 04:00:36.017 25990 25990 D AndroidRuntime: CheckJNI is OFF
08-06 04:00:36.050 25990 25990 D ICU     : No timezone override file found: /data/misc/zoneinfo/current/icu/icu_tzdata.dat
08-06 04:00:36.084 25990 25990 I Radio-JNI: register_android_hardware_Radio DONE
08-06 04:00:36.106 25990 25990 D AndroidRuntime: Calling main entry com.android.commands.input.Input
08-06 04:00:36.108 25990 25990 I Input   : injectKeyEvent: KeyEvent { action=ACTION_DOWN, keyCode=KEYCODE_BACK, scanCode=0, metaState=0, flags=0x0, repeatCount=0, eventTime=849652521, downTime=849652521, deviceId=-1, source=0x101 }
08-06 04:00:36.115 25990 25990 I Input   : injectKeyEvent: KeyEvent { action=ACTION_UP, keyCode=KEYCODE_BACK, scanCode=0, metaState=0, flags=0x0, repeatCount=0, eventTime=849652521, downTime=849652521, deviceId=-1, source=0x101 }
08-06 04:00:36.122 25990 25990 D AndroidRuntime: Shutting down VM
08-06 04:00:36.157 13866 13866 I GoogleInputMethodServic: GoogleInputMethodService.onFinishInput():3138 
08-06 04:00:36.158 13866 13866 I GoogleInputMethodServic: GoogleInputMethodService.onStartInput():1808 
08-06 04:00:36.224 24798 24827 I art     : Starting a blocking GC Explicit
08-06 04:00:36.252 24798 24827 I art     : Explicit concurrent mark sweep GC freed 1588(89KB) AllocSpace objects, 1(20KB) LOS objects, 38% free, 25MB/41MB, paused 205us total 27.400ms
08-06 04:00:36.265 24798 24827 I art     : Starting a blocking GC Explicit
08-06 04:00:36.293 24798 24827 I art     : Explicit concurrent mark sweep GC freed 24(864B) AllocSpace objects, 0(0B) LOS objects, 38% free, 25MB/41MB, paused 220us total 28.225ms
08-06 04:00:36.308 24798 24827 I art     : Starting a blocking GC Explicit
08-06 04:00:36.339 24798 24827 I art     : Explicit concurrent mark sweep GC freed 3(96B) AllocSpace objects, 0(0B) LOS objects, 38% free, 25MB/41MB, paused 222us total 30.755ms
08-06 04:00:36.351 24798 24827 I art     : Starting a blocking GC Explicit
08-06 04:00:36.381 24798 24827 I art     : Explicit concurrent mark sweep GC freed 3(96B) AllocSpace objects, 0(0B) LOS objects, 38% free, 25MB/41MB, paused 228us total 29.233ms
08-06 04:00:36.394 24798 24827 I art     : Starting a blocking GC Explicit
08-06 04:00:36.429 24798 24827 I art     : Explicit concurrent mark sweep GC freed 3(96B) AllocSpace objects, 0(0B) LOS objects, 38% free, 25MB/41MB, paused 203us total 34.197ms
08-06 04:00:36.429 24798 24808 I art     : WaitForGcToComplete blocked for 20.361ms for cause HeapTrim
08-06 04:00:36.461   380   380 W SurfaceFlinger: couldn't log to binary event log: overflow.
08-06 04:00:36.718 24798 24811 I art     : Starting a blocking GC Explicit
08-06 04:00:36.758 24798 24811 I art     : Explicit concurrent mark sweep GC freed 1395(82KB) AllocSpace objects, 1(20KB) LOS objects, 38% free, 25MB/41MB, paused 283us total 39.895ms
08-06 04:00:36.773 24798 24811 I art     : Starting a blocking GC Explicit
08-06 04:00:36.804 24798 24811 I art     : Explicit concurrent mark sweep GC freed 3855(310KB) AllocSpace objects, 5(140KB) LOS objects, 39% free, 24MB/40MB, paused 235us total 30.633ms
08-06 04:00:36.817 24798 24811 I art     : Starting a blocking GC Explicit
08-06 04:00:36.825 22752 22752 I ServiceManager: Waiting for service AtCmdFwd...
08-06 04:00:36.847 24798 24811 I art     : Explicit concurrent mark sweep GC freed 3(96B) AllocSpace objects, 0(0B) LOS objects, 39% free, 24MB/40MB, paused 250us total 29.796ms
08-06 04:00:36.860 24798 24811 I art     : Starting a blocking GC Explicit
08-06 04:00:36.891 24798 24811 I art     : Explicit concurrent mark sweep GC freed 3(96B) AllocSpace objects, 0(0B) LOS objects, 39% free, 24MB/40MB, paused 245us total 30.408ms
08-06 04:00:36.904 24798 24811 I art     : Starting a blocking GC Explicit
08-06 04:00:36.936 24798 24811 I art     : Explicit concurrent mark sweep GC freed 3(96B) AllocSpace objects, 0(0B) LOS objects, 39% free, 24MB/40MB, paused 249us total 31.637ms
08-06 04:00:37.228 24798 25031 I art     : Starting a blocking GC Explicit
08-06 04:00:37.271 24798 25031 I art     : Explicit concurrent mark sweep GC freed 1343(80KB) AllocSpace objects, 1(20KB) LOS objects, 39% free, 24MB/40MB, paused 317us total 42.506ms
08-06 04:00:37.288 24798 25031 I art     : Starting a blocking GC Explicit
08-06 04:00:37.322 24798 25031 I art     : Explicit concurrent mark sweep GC freed 20(704B) AllocSpace objects, 0(0B) LOS objects, 39% free, 24MB/40MB, paused 239us total 33.196ms
08-06 04:00:37.335 24798 25031 I art     : Starting a blocking GC Explicit
08-06 04:00:37.364 24798 25031 I art     : Explicit concurrent mark sweep GC freed 3(96B) AllocSpace objects, 0(0B) LOS objects, 39% free, 24MB/40MB, paused 232us total 29.485ms
08-06 04:00:37.378 24798 25031 I art     : Starting a blocking GC Explicit
08-06 04:00:37.404 24798 25031 I art     : Explicit concurrent mark sweep GC freed 3(96B) AllocSpace objects, 0(0B) LOS objects, 39% free, 24MB/40MB, paused 226us total 26.179ms
08-06 04:00:37.417 24798 25031 I art     : Starting a blocking GC Explicit
08-06 04:00:37.446 24798 25031 I art     : Explicit concurrent mark sweep GC freed 3(96B) AllocSpace objects, 0(0B) LOS objects, 39% free, 24MB/40MB, paused 238us total 28.486ms
08-06 04:00:37.709 24798 24809 I art     : Starting a blocking GC Explicit
08-06 04:00:37.740 24798 24809 I art     : Explicit concurrent mark sweep GC freed 1343(80KB) AllocSpace objects, 1(20KB) LOS objects, 39% free, 24MB/40MB, paused 245us total 30.693ms
08-06 04:00:37.753 24798 24809 I art     : Starting a blocking GC Explicit
08-06 04:00:37.779 26043 26043 D AndroidRuntime: >>>>>> START com.android.internal.os.RuntimeInit uid 2000 <<<<<<
08-06 04:00:37.783 24798 24809 I art     : Explicit concurrent mark sweep GC freed 20(704B) AllocSpace objects, 0(0B) LOS objects, 39% free, 24MB/40MB, paused 237us total 29.061ms
08-06 04:00:37.784 26043 26043 D AndroidRuntime: CheckJNI is OFF
08-06 04:00:37.795 24798 24809 I art     : Starting a blocking GC Explicit
08-06 04:00:37.820 26043 26043 D ICU     : No timezone override file found: /data/misc/zoneinfo/current/icu/icu_tzdata.dat
08-06 04:00:37.825 24798 24809 I art     : Explicit concurrent mark sweep GC freed 3(96B) AllocSpace objects, 0(0B) LOS objects, 39% free, 24MB/40MB, paused 234us total 29.106ms
08-06 04:00:37.826 22752 22752 I ServiceManager: Waiting for service AtCmdFwd...
08-06 04:00:37.838 24798 24809 I art     : Starting a blocking GC Explicit
08-06 04:00:37.856 26043 26043 I Radio-JNI: register_android_hardware_Radio DONE
08-06 04:00:37.866 24798 24809 I art     : Explicit concurrent mark sweep GC freed 3(96B) AllocSpace objects, 0(0B) LOS objects, 39% free, 24MB/40MB, paused 234us total 28.177ms
08-06 04:00:37.878 26043 26043 D AndroidRuntime: Calling main entry com.android.commands.input.Input
08-06 04:00:37.879 24798 24809 I art     : Starting a blocking GC Explicit
08-06 04:00:37.880 26043 26043 I Input   : injectMotionEvent: MotionEvent { action=ACTION_DOWN, actionButton=0, id[0]=0, x[0]=600.0, y[0]=700.0, toolType[0]=TOOL_TYPE_UNKNOWN, buttonState=0, metaState=0, flags=0x0, edgeFlags=0x0, pointerCount=1, historySize=0, eventTime=849654292, downTime=849654292, deviceId=0, source=0x1002 }
08-06 04:00:37.886 26043 26043 I Input   : injectMotionEvent: MotionEvent { action=ACTION_UP, actionButton=0, id[0]=0, x[0]=600.0, y[0]=700.0, toolType[0]=TOOL_TYPE_UNKNOWN, buttonState=0, metaState=0, flags=0x0, edgeFlags=0x0, pointerCount=1, historySize=0, eventTime=849654292, downTime=849654292, deviceId=0, source=0x1002 }
08-06 04:00:37.887 26043 26043 D AndroidRuntime: Shutting down VM
08-06 04:00:37.900   512  2967 D audio_hw_primary: out_set_parameters: enter: usecase(1: low-latency-playback) kvpairs: routing=2
08-06 04:00:37.901   918  6111 I ActivityManager: START u0 {dat=https://oauth.reddit.com/... cmp=baseline.org.quantumbadger.redreader/.activities.CommentListingActivity} from uid 10705 on display 0
08-06 04:00:37.909 24798 24809 I art     : Explicit concurrent mark sweep GC freed 204(7KB) AllocSpace objects, 0(0B) LOS objects, 39% free, 24MB/40MB, paused 317us total 29.849ms
08-06 04:00:37.913   512  2967 D audio_hw_primary: select_devices: out_snd_device(2: speaker) in_snd_device(0: none)
08-06 04:00:37.913   512  2967 D msm8974_platform: platform_send_audio_calibration: sending audio calibration for snd_device(2) acdb_id(15)
08-06 04:00:37.913   512  2967 I soundtrigger: audio_extn_sound_trigger_update_device_status: device 0x2 of type 0 for Event 1
08-06 04:00:37.926   512  2967 D audio_hw_primary: enable_snd_device: snd_device(2: speaker)
08-06 04:00:37.929   512  2967 D audio_hw_primary: enable_audio_route: apply and update mixer path: low-latency-playback speaker
08-06 04:00:37.933 24798 24798 I AppCompatViewInflater: app:theme is now deprecated. Please move to using android:theme instead.
08-06 04:00:37.948 24798 25375 I CommentListingActivity: COMMENTS session changed to 71497fd2-bcab-40da-a46b-d357a8e13972
08-06 04:00:38.089 13866 13866 I GoogleInputMethodServic: GoogleInputMethodService.onFinishInput():3138 
08-06 04:00:38.089   918   936 I ActivityManager: Displayed baseline.org.quantumbadger.redreader/.activities.CommentListingActivity: +178ms
08-06 04:00:38.091 13866 13866 I GoogleInputMethodServic: GoogleInputMethodService.onStartInput():1808 
08-06 04:00:38.162 24798 24811 I art     : Starting a blocking GC Explicit
08-06 04:00:38.212 24798 24811 I art     : Explicit concurrent mark sweep GC freed 45836(3MB) AllocSpace objects, 4(72KB) LOS objects, 35% free, 28MB/44MB, paused 242us total 49.543ms
08-06 04:00:38.231 24798 24811 I art     : Starting a blocking GC Explicit
08-06 04:00:38.281 24798 24811 I art     : Explicit concurrent mark sweep GC freed 19631(872KB) AllocSpace objects, 0(0B) LOS objects, 36% free, 27MB/43MB, paused 248us total 48.824ms
08-06 04:00:38.298 24798 24811 I art     : Starting a blocking GC Explicit
08-06 04:00:38.330   380   380 W SurfaceFlinger: couldn't log to binary event log: overflow.
08-06 04:00:38.348 24798 24811 I art     : Explicit concurrent mark sweep GC freed 3(96B) AllocSpace objects, 0(0B) LOS objects, 36% free, 27MB/43MB, paused 220us total 49.182ms
08-06 04:00:38.363 24798 24811 I art     : Starting a blocking GC Explicit
08-06 04:00:38.398 24798 24811 I art     : Explicit concurrent mark sweep GC freed 3(96B) AllocSpace objects, 0(0B) LOS objects, 36% free, 27MB/43MB, paused 214us total 35.534ms
08-06 04:00:38.413 24798 24811 I art     : Starting a blocking GC Explicit
08-06 04:00:38.453 24798 24811 I art     : Explicit concurrent mark sweep GC freed 3(96B) AllocSpace objects, 0(0B) LOS objects, 36% free, 27MB/43MB, paused 232us total 40.039ms
08-06 04:00:38.469   512  2967 D audio_hw_primary: disable_audio_route: reset and update mixer path: low-latency-playback speaker
08-06 04:00:38.470   512  2967 D audio_hw_primary: disable_snd_device: snd_device(2: speaker)
08-06 04:00:38.478   512  2967 I soundtrigger: audio_extn_sound_trigger_update_device_status: device 0x2 of type 0 for Event 0
08-06 04:00:38.732 24798 24809 I art     : Starting a blocking GC Explicit
08-06 04:00:38.780 24798 24809 I art     : Explicit concurrent mark sweep GC freed 1436(83KB) AllocSpace objects, 1(20KB) LOS objects, 36% free, 27MB/43MB, paused 245us total 47.118ms
08-06 04:00:38.796 24798 24809 I art     : Starting a blocking GC Explicit
08-06 04:00:38.826 22752 22752 I ServiceManager: Waiting for service AtCmdFwd...
08-06 04:00:38.837 24798 24809 I art     : Explicit concurrent mark sweep GC freed 24(832B) AllocSpace objects, 0(0B) LOS objects, 36% free, 27MB/43MB, paused 230us total 40.926ms
08-06 04:00:38.853 24798 24809 I art     : Starting a blocking GC Explicit
08-06 04:00:38.894 24798 24809 I art     : Explicit concurrent mark sweep GC freed 3(96B) AllocSpace objects, 0(0B) LOS objects, 36% free, 27MB/43MB, paused 233us total 41.155ms
08-06 04:00:38.910 24798 24809 I art     : Starting a blocking GC Explicit
08-06 04:00:38.952 24798 24809 I art     : Explicit concurrent mark sweep GC freed 3(96B) AllocSpace objects, 0(0B) LOS objects, 36% free, 27MB/43MB, paused 221us total 41.682ms
08-06 04:00:38.967 24798 24809 I art     : Starting a blocking GC Explicit
08-06 04:00:39.010 24798 24809 I art     : Explicit concurrent mark sweep GC freed 3(96B) AllocSpace objects, 0(0B) LOS objects, 36% free, 27MB/43MB, paused 222us total 42.787ms
08-06 04:00:39.233  3784  3784 D CallStatisticsService: Post delayed to sync data packages to nv.
08-06 04:00:39.233  3784  3784 D CallStatisticsService: handleMessage PHONE_DATA.
08-06 04:00:39.234  3784  3784 D CallStatisticsService: txTotal(Kb) = 0
08-06 04:00:39.234  3784  3784 D CallStatisticsService: rxTotal(Kb) = 0
08-06 04:00:39.234  3784  3784 E CallStatisticsService: TX And RX Data packages are totally 0, no need to update.
08-06 04:00:39.308 24798 24827 I art     : Starting a blocking GC Explicit
08-06 04:00:39.362 24798 24827 I art     : Explicit concurrent mark sweep GC freed 1343(80KB) AllocSpace objects, 1(20KB) LOS objects, 36% free, 27MB/43MB, paused 281us total 53.345ms
08-06 04:00:39.384 24798 24827 I art     : Starting a blocking GC Explicit
08-06 04:00:39.426 24798 24827 I art     : Explicit concurrent mark sweep GC freed 66(2528B) AllocSpace objects, 0(0B) LOS objects, 36% free, 27MB/43MB, paused 254us total 41.930ms
08-06 04:00:39.441 24798 24827 I art     : Starting a blocking GC Explicit
08-06 04:00:39.486 24798 24827 I art     : Explicit concurrent mark sweep GC freed 3(96B) AllocSpace objects, 0(0B) LOS objects, 36% free, 27MB/43MB, paused 257us total 44.219ms
08-06 04:00:39.502 24798 24827 I art     : Starting a blocking GC Explicit
08-06 04:00:39.544 24798 24827 I art     : Explicit concurrent mark sweep GC freed 3(96B) AllocSpace objects, 0(0B) LOS objects, 36% free, 27MB/43MB, paused 244us total 42.352ms
08-06 04:00:39.560 24798 24827 I art     : Starting a blocking GC Explicit
08-06 04:00:39.604 24798 24827 I art     : Explicit concurrent mark sweep GC freed 3(96B) AllocSpace objects, 0(0B) LOS objects, 36% free, 27MB/43MB, paused 245us total 44.252ms
08-06 04:00:39.693   518   646 I ThermalEngine: ACTION: GPU - Setting GPU[0] to 450000000
08-06 04:00:39.827 22752 22752 I ServiceManager: Waiting for service AtCmdFwd...
08-06 04:00:39.924 24798 24811 I art     : Starting a blocking GC Explicit
08-06 04:00:39.998 24798 24811 I art     : Explicit concurrent mark sweep GC freed 1343(80KB) AllocSpace objects, 1(20KB) LOS objects, 36% free, 27MB/43MB, paused 445us total 73.644ms
08-06 04:00:40.021 24798 24811 I art     : Starting a blocking GC Explicit
08-06 04:00:40.085 24798 24811 I art     : Explicit concurrent mark sweep GC freed 20(704B) AllocSpace objects, 0(0B) LOS objects, 36% free, 27MB/43MB, paused 426us total 63.030ms
08-06 04:00:40.106 24798 24811 I art     : Starting a blocking GC Explicit
08-06 04:00:40.167 24798 24811 I art     : Explicit concurrent mark sweep GC freed 3(96B) AllocSpace objects, 0(0B) LOS objects, 36% free, 27MB/43MB, paused 333us total 60.478ms
08-06 04:00:40.187 24798 24811 I art     : Starting a blocking GC Explicit
08-06 04:00:40.246 24798 24811 I art     : Explicit concurrent mark sweep GC freed 3(96B) AllocSpace objects, 0(0B) LOS objects, 36% free, 27MB/43MB, paused 330us total 58.851ms
08-06 04:00:40.267 24798 24811 I art     : Starting a blocking GC Explicit
08-06 04:00:40.327 24798 24811 I art     : Explicit concurrent mark sweep GC freed 3(96B) AllocSpace objects, 0(0B) LOS objects, 36% free, 27MB/43MB, paused 323us total 59.910ms
08-06 04:00:40.664 24798 24809 I art     : Starting a blocking GC Explicit
08-06 04:00:40.730 24798 24809 I art     : Explicit concurrent mark sweep GC freed 1343(80KB) AllocSpace objects, 1(20KB) LOS objects, 36% free, 27MB/43MB, paused 327us total 65.545ms
08-06 04:00:40.750 24798 24809 I art     : Starting a blocking GC Explicit
08-06 04:00:40.804 24798 24809 I art     : Explicit concurrent mark sweep GC freed 20(704B) AllocSpace objects, 0(0B) LOS objects, 36% free, 27MB/43MB, paused 343us total 54.216ms
08-06 04:00:40.824 24798 24809 I art     : Starting a blocking GC Explicit
08-06 04:00:40.827 22752 22752 I ServiceManager: Waiting for service AtCmdFwd...
08-06 04:00:40.885 24798 24809 I art     : Explicit concurrent mark sweep GC freed 3(96B) AllocSpace objects, 0(0B) LOS objects, 36% free, 27MB/43MB, paused 324us total 60.680ms
08-06 04:00:40.905 24798 24809 I art     : Starting a blocking GC Explicit
08-06 04:00:40.967 24798 24809 I art     : Explicit concurrent mark sweep GC freed 3(96B) AllocSpace objects, 0(0B) LOS objects, 36% free, 27MB/43MB, paused 366us total 61.391ms
08-06 04:00:40.990 24798 24809 I art     : Starting a blocking GC Explicit
08-06 04:00:41.054 24798 24809 I art     : Explicit concurrent mark sweep GC freed 3(96B) AllocSpace objects, 0(0B) LOS objects, 36% free, 27MB/43MB, paused 344us total 63.482ms
08-06 04:00:41.404 24798 25031 I art     : Starting a blocking GC Explicit
08-06 04:00:41.470 24798 25031 I art     : Explicit concurrent mark sweep GC freed 1343(80KB) AllocSpace objects, 1(20KB) LOS objects, 36% free, 27MB/43MB, paused 338us total 65.989ms
08-06 04:00:41.491 24798 25031 I art     : Starting a blocking GC Explicit
08-06 04:00:41.552 24798 25031 I art     : Explicit concurrent mark sweep GC freed 20(704B) AllocSpace objects, 0(0B) LOS objects, 36% free, 27MB/43MB, paused 362us total 60.383ms
08-06 04:00:41.575 24798 25031 I art     : Starting a blocking GC Explicit
08-06 04:00:41.633 24798 25031 I art     : Explicit concurrent mark sweep GC freed 3(96B) AllocSpace objects, 0(0B) LOS objects, 36% free, 27MB/43MB, paused 338us total 57.656ms
08-06 04:00:41.653 24798 25031 I art     : Starting a blocking GC Explicit
08-06 04:00:41.698   518   646 I ThermalEngine: ACTION: GPU - Setting GPU[0] to 510000000
08-06 04:00:41.715 24798 25031 I art     : Explicit concurrent mark sweep GC freed 3(96B) AllocSpace objects, 0(0B) LOS objects, 36% free, 27MB/43MB, paused 358us total 61.692ms
08-06 04:00:41.737 24798 25031 I art     : Starting a blocking GC Explicit
08-06 04:00:41.783 24798 25031 I art     : Explicit concurrent mark sweep GC freed 3(96B) AllocSpace objects, 0(0B) LOS objects, 36% free, 27MB/43MB, paused 236us total 45.575ms
08-06 04:00:41.783 24798 24808 I art     : WaitForGcToComplete blocked for 25.249ms for cause HeapTrim
08-06 04:00:41.828 22752 22752 W Atfwd_Sendcmd: AtCmdFwd service not published, waiting... retryCnt : 5
08-06 04:00:42.105 24798 24827 I art     : Starting a blocking GC Explicit
08-06 04:00:42.157 24798 24827 I art     : Explicit concurrent mark sweep GC freed 1343(80KB) AllocSpace objects, 1(20KB) LOS objects, 36% free, 27MB/43MB, paused 319us total 51.863ms
08-06 04:00:42.173 24798 24827 I art     : Starting a blocking GC Explicit
08-06 04:00:42.214 24798 24827 I art     : Explicit concurrent mark sweep GC freed 20(704B) AllocSpace objects, 0(0B) LOS objects, 36% free, 27MB/43MB, paused 240us total 41.162ms
08-06 04:00:42.229 24798 24827 I art     : Starting a blocking GC Explicit
08-06 04:00:42.270 24798 24827 I art     : Explicit concurrent mark sweep GC freed 3(96B) AllocSpace objects, 0(0B) LOS objects, 36% free, 27MB/43MB, paused 268us total 41.202ms
08-06 04:00:42.285 24798 24827 I art     : Starting a blocking GC Explicit
08-06 04:00:42.327 24798 24827 I art     : Explicit concurrent mark sweep GC freed 3(96B) AllocSpace objects, 0(0B) LOS objects, 36% free, 27MB/43MB, paused 234us total 41.375ms
08-06 04:00:42.342 24798 24827 I art     : Starting a blocking GC Explicit
08-06 04:00:42.384 24798 24827 I art     : Explicit concurrent mark sweep GC freed 3(96B) AllocSpace objects, 0(0B) LOS objects, 36% free, 27MB/43MB, paused 249us total 41.762ms
08-06 04:00:42.551 26140 26140 D AndroidRuntime: >>>>>> START com.android.internal.os.RuntimeInit uid 2000 <<<<<<
08-06 04:00:42.557 26140 26140 D AndroidRuntime: CheckJNI is OFF
08-06 04:00:42.589 26140 26140 D ICU     : No timezone override file found: /data/misc/zoneinfo/current/icu/icu_tzdata.dat
08-06 04:00:42.621 26140 26140 I Radio-JNI: register_android_hardware_Radio DONE
08-06 04:00:42.643 26140 26140 D AndroidRuntime: Calling main entry com.android.commands.input.Input
08-06 04:00:42.644 26140 26140 I Input   : injectKeyEvent: KeyEvent { action=ACTION_DOWN, keyCode=KEYCODE_BACK, scanCode=0, metaState=0, flags=0x0, repeatCount=0, eventTime=849659057, downTime=849659057, deviceId=-1, source=0x101 }
08-06 04:00:42.649 26140 26140 I Input   : injectKeyEvent: KeyEvent { action=ACTION_UP, keyCode=KEYCODE_BACK, scanCode=0, metaState=0, flags=0x0, repeatCount=0, eventTime=849659057, downTime=849659057, deviceId=-1, source=0x101 }
08-06 04:00:42.654 26140 26140 D AndroidRuntime: Shutting down VM
08-06 04:00:42.678 24798 24811 I art     : Starting a blocking GC Explicit
08-06 04:00:42.697 13866 13866 I GoogleInputMethodServic: GoogleInputMethodService.onFinishInput():3138 
08-06 04:00:42.698 13866 13866 I GoogleInputMethodServic: GoogleInputMethodService.onStartInput():1808 
08-06 04:00:42.720 24798 24811 I art     : Explicit concurrent mark sweep GC freed 1508(86KB) AllocSpace objects, 1(20KB) LOS objects, 36% free, 27MB/43MB, paused 280us total 41.412ms
08-06 04:00:42.736 24798 24811 I art     : Starting a blocking GC Explicit
08-06 04:00:42.776 24798 24811 I art     : Explicit concurrent mark sweep GC freed 157(5KB) AllocSpace objects, 0(0B) LOS objects, 36% free, 27MB/43MB, paused 231us total 39.184ms
08-06 04:00:42.790 24798 24811 I art     : Starting a blocking GC Explicit
08-06 04:00:42.827 24798 24811 I art     : Explicit concurrent mark sweep GC freed 3(96B) AllocSpace objects, 0(0B) LOS objects, 36% free, 27MB/43MB, paused 237us total 37.046ms
08-06 04:00:42.841 24798 24811 I art     : Starting a blocking GC Explicit
08-06 04:00:42.854 24365  3309 I NetworkScheduler.Stats: Task com.google.android.gms/com.google.android.gms.icing.service.IcingGcmTaskService started execution. cause:4 exec_start_elapsed_seconds: 1833046 [CONTEXT service_id=218 ]
08-06 04:00:42.869 24365 12204 I NetworkScheduler.Stats: Task com.google.android.gms/com.google.android.gms.icing.service.IcingGcmTaskService finished executing. cause:4 result: 1 elapsed_millis: 36 uptime_millis: 35 exec_start_elapsed_seconds: 1833046 [CONTEXT service_id=218 ]
08-06 04:00:42.880 24798 24811 I art     : Explicit concurrent mark sweep GC freed 3(96B) AllocSpace objects, 0(0B) LOS objects, 36% free, 27MB/43MB, paused 204us total 38.333ms
08-06 04:00:42.895 24798 24811 I art     : Starting a blocking GC Explicit
08-06 04:00:42.911 24798 26067 I RedditChangeDataIO: Writing tmp data file at '/data/user/0/baseline.org.quantumbadger.redreader/files/rr_change_data_tmp.dat'
08-06 04:00:42.912 24798 26067 I RedditChangeDataManager: Taking snapshot...
08-06 04:00:42.912 24798 26067 I RedditChangeDataManager: Writing to stream...
08-06 04:00:42.912 24798 26067 I RedditChangeDataManager: Wrote 3 entries for user ''
08-06 04:00:42.912 24798 26067 I RedditChangeDataManager: All entries written to stream.
08-06 04:00:42.912 24798 26067 I RedditChangeDataIO: Write successful. Atomically replacing data file...
08-06 04:00:42.912 24798 26067 I RedditChangeDataIO: Write complete.
08-06 04:00:42.912 24798 26067 I RedditChangeDataIO: 86 bytes written in 1 ms
08-06 04:00:42.916 24365  3309 I NetworkScheduler.Stats: Task com.google.android.gms/com.google.android.gms.clearcut.uploader.QosUploaderService started execution. cause:5 exec_start_elapsed_seconds: 1833046 [CONTEXT service_id=218 ]
08-06 04:00:42.933 24798 24811 I art     : Explicit concurrent mark sweep GC freed 75(4KB) AllocSpace objects, 1(68KB) LOS objects, 36% free, 27MB/43MB, paused 230us total 38.479ms
08-06 04:00:42.947 24365  3309 I NetworkScheduler.Stats: Task com.google.android.gms/com.google.android.gms.clearcut.uploader.QosUploaderService finished executing. cause:5 result: 1 elapsed_millis: 53 uptime_millis: 53 exec_start_elapsed_seconds: 1833046 [CONTEXT service_id=218 ]
08-06 04:00:43.001   380   380 W SurfaceFlinger: couldn't log to binary event log: overflow.
08-06 04:00:43.181 24798 25031 I art     : Starting a blocking GC Explicit
08-06 04:00:43.237 24798 25031 I art     : Explicit concurrent mark sweep GC freed 1404(82KB) AllocSpace objects, 1(20KB) LOS objects, 36% free, 27MB/43MB, paused 277us total 55.811ms
08-06 04:00:43.261 24798 25031 I art     : Starting a blocking GC Explicit
08-06 04:00:43.295 24798 25031 I art     : Explicit concurrent mark sweep GC freed 46779(2MB) AllocSpace objects, 5(140KB) LOS objects, 39% free, 24MB/40MB, paused 242us total 34.123ms
08-06 04:00:43.308 24798 25031 I art     : Starting a blocking GC Explicit
08-06 04:00:43.337 24798 25031 I art     : Explicit concurrent mark sweep GC freed 3(96B) AllocSpace objects, 0(0B) LOS objects, 39% free, 24MB/40MB, paused 252us total 29.210ms
08-06 04:00:43.350 24798 25031 I art     : Starting a blocking GC Explicit
08-06 04:00:43.380 24798 25031 I art     : Explicit concurrent mark sweep GC freed 3(96B) AllocSpace objects, 0(0B) LOS objects, 39% free, 24MB/40MB, paused 245us total 29.898ms
08-06 04:00:43.393 24798 25031 I art     : Starting a blocking GC Explicit
08-06 04:00:43.424 24798 25031 I art     : Explicit concurrent mark sweep GC freed 3(96B) AllocSpace objects, 0(0B) LOS objects, 39% free, 24MB/40MB, paused 237us total 30.025ms
08-06 04:00:43.712 24798 24827 I art     : Starting a blocking GC Explicit
08-06 04:00:43.751 24798 24827 I art     : Explicit concurrent mark sweep GC freed 1343(80KB) AllocSpace objects, 1(20KB) LOS objects, 39% free, 24MB/40MB, paused 267us total 38.409ms
08-06 04:00:43.769 24798 24827 I art     : Starting a blocking GC Explicit
08-06 04:00:43.799 24798 24827 I art     : Explicit concurrent mark sweep GC freed 20(704B) AllocSpace objects, 0(0B) LOS objects, 39% free, 24MB/40MB, paused 237us total 30.085ms
08-06 04:00:43.813 24798 24827 I art     : Starting a blocking GC Explicit
08-06 04:00:43.844 24798 24827 I art     : Explicit concurrent mark sweep GC freed 3(96B) AllocSpace objects, 0(0B) LOS objects, 39% free, 24MB/40MB, paused 230us total 30.952ms
08-06 04:00:43.857 24798 24827 I art     : Starting a blocking GC Explicit
08-06 04:00:43.888 24798 24827 I art     : Explicit concurrent mark sweep GC freed 3(96B) AllocSpace objects, 0(0B) LOS objects, 39% free, 24MB/40MB, paused 223us total 30.089ms
08-06 04:00:43.901 24798 24827 I art     : Starting a blocking GC Explicit
08-06 04:00:43.930 24798 24827 I art     : Explicit concurrent mark sweep GC freed 3(96B) AllocSpace objects, 0(0B) LOS objects, 39% free, 24MB/40MB, paused 240us total 29.337ms
08-06 04:00:44.200 24798 24811 I art     : Starting a blocking GC Explicit
08-06 04:00:44.231 24798 24811 I art     : Explicit concurrent mark sweep GC freed 1343(80KB) AllocSpace objects, 1(20KB) LOS objects, 39% free, 24MB/40MB, paused 252us total 31.090ms
08-06 04:00:44.245 24798 24811 I art     : Starting a blocking GC Explicit
08-06 04:00:44.275 24798 24811 I art     : Explicit concurrent mark sweep GC freed 20(704B) AllocSpace objects, 0(0B) LOS objects, 39% free, 24MB/40MB, paused 244us total 29.831ms
08-06 04:00:44.287 24798 24811 I art     : Starting a blocking GC Explicit
08-06 04:00:44.304 26184 26184 D AndroidRuntime: >>>>>> START com.android.internal.os.RuntimeInit uid 2000 <<<<<<
08-06 04:00:44.309 26184 26184 D AndroidRuntime: CheckJNI is OFF
08-06 04:00:44.317 24798 24811 I art     : Explicit concurrent mark sweep GC freed 3(96B) AllocSpace objects, 0(0B) LOS objects, 39% free, 24MB/40MB, paused 271us total 28.936ms
08-06 04:00:44.329 24798 24811 I art     : Starting a blocking GC Explicit
08-06 04:00:44.344 26184 26184 D ICU     : No timezone override file found: /data/misc/zoneinfo/current/icu/icu_tzdata.dat
08-06 04:00:44.358 24798 24811 I art     : Explicit concurrent mark sweep GC freed 3(96B) AllocSpace objects, 0(0B) LOS objects, 39% free, 24MB/40MB, paused 222us total 28.659ms
08-06 04:00:44.371 24798 24811 I art     : Starting a blocking GC Explicit
08-06 04:00:44.380 26184 26184 I Radio-JNI: register_android_hardware_Radio DONE
08-06 04:00:44.402 24798 24811 I art     : Explicit concurrent mark sweep GC freed 3(96B) AllocSpace objects, 0(0B) LOS objects, 39% free, 24MB/40MB, paused 232us total 29.938ms
08-06 04:00:44.403 26184 26184 D AndroidRuntime: Calling main entry com.android.commands.input.Input
08-06 04:00:44.404 26184 26184 I Input   : injectKeyEvent: KeyEvent { action=ACTION_DOWN, keyCode=KEYCODE_BACK, scanCode=0, metaState=0, flags=0x0, repeatCount=0, eventTime=849660817, downTime=849660817, deviceId=-1, source=0x101 }
08-06 04:00:44.410 26184 26184 I Input   : injectKeyEvent: KeyEvent { action=ACTION_UP, keyCode=KEYCODE_BACK, scanCode=0, metaState=0, flags=0x0, repeatCount=0, eventTime=849660817, downTime=849660817, deviceId=-1, source=0x101 }
08-06 04:00:44.418 26184 26184 D AndroidRuntime: Shutting down VM
08-06 04:00:44.435   918   937 W ProcessCpuTracker: Skipping unknown process pid 26192
08-06 04:00:44.435   918   937 W ProcessCpuTracker: Skipping unknown process pid 26195
08-06 04:00:44.459 13866 13866 I GoogleInputMethodServic: GoogleInputMethodService.onFinishInput():3138 
08-06 04:00:44.460 13866 13866 I GoogleInputMethodServic: GoogleInputMethodService.onStartInput():1808 
08-06 04:00:44.650 24798 25031 I art     : Starting a blocking GC Explicit
08-06 04:00:44.688 24798 25031 I art     : Explicit concurrent mark sweep GC freed 1522(86KB) AllocSpace objects, 1(20KB) LOS objects, 39% free, 24MB/40MB, paused 250us total 37.950ms
08-06 04:00:44.705 24798 25031 I art     : Starting a blocking GC Explicit
08-06 04:00:44.741 24798 25031 I art     : Explicit concurrent mark sweep GC freed 24(864B) AllocSpace objects, 0(0B) LOS objects, 39% free, 24MB/40MB, paused 239us total 35.770ms
08-06 04:00:44.755 24798 25031 I art     : Starting a blocking GC Explicit
08-06 04:00:44.784 24798 25031 I art     : Explicit concurrent mark sweep GC freed 61(2096B) AllocSpace objects, 0(0B) LOS objects, 39% free, 24MB/40MB, paused 251us total 28.525ms
08-06 04:00:44.796 24798 25031 I art     : Starting a blocking GC Explicit
08-06 04:00:44.825 24798 25031 I art     : Explicit concurrent mark sweep GC freed 116(6KB) AllocSpace objects, 0(0B) LOS objects, 39% free, 24MB/40MB, paused 253us total 28.235ms
08-06 04:00:44.837 24798 25031 I art     : Starting a blocking GC Explicit
08-06 04:00:44.867 24798 25031 I art     : Explicit concurrent mark sweep GC freed 23(864B) AllocSpace objects, 0(0B) LOS objects, 39% free, 24MB/40MB, paused 314us total 29.201ms
08-06 04:00:45.148 24798 24827 I art     : Starting a blocking GC Explicit
08-06 04:00:45.184 24798 24827 I art     : Explicit concurrent mark sweep GC freed 1343(80KB) AllocSpace objects, 1(20KB) LOS objects, 39% free, 24MB/40MB, paused 276us total 35.488ms
08-06 04:00:45.197 24798 24827 I art     : Starting a blocking GC Explicit
08-06 04:00:45.228 24798 24827 I art     : Explicit concurrent mark sweep GC freed 20(704B) AllocSpace objects, 0(0B) LOS objects, 39% free, 24MB/40MB, paused 278us total 30.556ms
08-06 04:00:45.241 24798 24827 I art     : Starting a blocking GC Explicit
08-06 04:00:45.272 24798 24827 I art     : Explicit concurrent mark sweep GC freed 3(96B) AllocSpace objects, 0(0B) LOS objects, 39% free, 24MB/40MB, paused 267us total 31.381ms
08-06 04:00:45.286 24798 24827 I art     : Starting a blocking GC Explicit
08-06 04:00:45.318 24798 24827 I art     : Explicit concurrent mark sweep GC freed 3(96B) AllocSpace objects, 0(0B) LOS objects, 39% free, 24MB/40MB, paused 272us total 31.495ms
08-06 04:00:45.331 24798 24827 I art     : Starting a blocking GC Explicit
08-06 04:00:45.362 24798 24827 I art     : Explicit concurrent mark sweep GC freed 3(96B) AllocSpace objects, 0(0B) LOS objects, 39% free, 24MB/40MB, paused 269us total 31.053ms
08-06 04:00:45.650 24798 24809 I art     : Starting a blocking GC Explicit
08-06 04:00:45.685 24798 24809 I art     : Explicit concurrent mark sweep GC freed 1343(80KB) AllocSpace objects, 1(20KB) LOS objects, 39% free, 24MB/40MB, paused 270us total 35.008ms
08-06 04:00:45.699 24798 24809 I art     : Starting a blocking GC Explicit
08-06 04:00:45.729 24798 24809 I art     : Explicit concurrent mark sweep GC freed 20(704B) AllocSpace objects, 0(0B) LOS objects, 39% free, 24MB/40MB, paused 322us total 30.051ms
08-06 04:00:45.742 24798 24809 I art     : Starting a blocking GC Explicit
08-06 04:00:45.771 24798 24809 I art     : Explicit concurrent mark sweep GC freed 3(96B) AllocSpace objects, 0(0B) LOS objects, 39% free, 24MB/40MB, paused 258us total 29.343ms
08-06 04:00:45.784 24798 24809 I art     : Starting a blocking GC Explicit
08-06 04:00:45.814 24798 24809 I art     : Explicit concurrent mark sweep GC freed 3(96B) AllocSpace objects, 0(0B) LOS objects, 39% free, 24MB/40MB, paused 241us total 29.301ms
08-06 04:00:45.826 24798 24809 I art     : Starting a blocking GC Explicit
08-06 04:00:45.857 24798 24809 I art     : Explicit concurrent mark sweep GC freed 3(96B) AllocSpace objects, 0(0B) LOS objects, 39% free, 24MB/40MB, paused 267us total 30.021ms
08-06 04:00:46.077 26237 26237 D AndroidRuntime: >>>>>> START com.android.internal.os.RuntimeInit uid 2000 <<<<<<
08-06 04:00:46.082 26237 26237 D AndroidRuntime: CheckJNI is OFF
08-06 04:00:46.116 26237 26237 D ICU     : No timezone override file found: /data/misc/zoneinfo/current/icu/icu_tzdata.dat
08-06 04:00:46.119 24798 24811 I art     : Starting a blocking GC Explicit
08-06 04:00:46.150 26237 26237 I Radio-JNI: register_android_hardware_Radio DONE
08-06 04:00:46.150 24798 24811 I art     : Explicit concurrent mark sweep GC freed 1343(80KB) AllocSpace objects, 1(20KB) LOS objects, 39% free, 24MB/40MB, paused 295us total 30.964ms
08-06 04:00:46.164 24798 24811 I art     : Starting a blocking GC Explicit
08-06 04:00:46.174 26237 26237 D AndroidRuntime: Calling main entry com.android.commands.input.Input
08-06 04:00:46.176 26237 26237 I Input   : injectMotionEvent: MotionEvent { action=ACTION_DOWN, actionButton=0, id[0]=0, x[0]=600.0, y[0]=1536.0, toolType[0]=TOOL_TYPE_UNKNOWN, buttonState=0, metaState=0, flags=0x0, edgeFlags=0x0, pointerCount=1, historySize=0, eventTime=849662588, downTime=849662588, deviceId=0, source=0x1002 }
08-06 04:00:46.181 26237 26237 I Input   : injectMotionEvent: MotionEvent { action=ACTION_UP, actionButton=0, id[0]=0, x[0]=600.0, y[0]=1536.0, toolType[0]=TOOL_TYPE_UNKNOWN, buttonState=0, metaState=0, flags=0x0, edgeFlags=0x0, pointerCount=1, historySize=0, eventTime=849662588, downTime=849662588, deviceId=0, source=0x1002 }
08-06 04:00:46.183 26237 26237 D AndroidRuntime: Shutting down VM
08-06 04:00:46.190   512  2967 D audio_hw_primary: out_set_parameters: enter: usecase(1: low-latency-playback) kvpairs: routing=2
08-06 04:00:46.190   918   929 I ActivityManager: START u0 {dat=https://oauth.reddit.com/... cmp=baseline.org.quantumbadger.redreader/.activities.PostListingActivity} from uid 10705 on display 0
08-06 04:00:46.193 24798 24811 I art     : Explicit concurrent mark sweep GC freed 72(2560B) AllocSpace objects, 0(0B) LOS objects, 39% free, 24MB/40MB, paused 303us total 29.219ms
08-06 04:00:46.202   512  2967 D audio_hw_primary: select_devices: out_snd_device(2: speaker) in_snd_device(0: none)
08-06 04:00:46.202   512  2967 D msm8974_platform: platform_send_audio_calibration: sending audio calibration for snd_device(2) acdb_id(15)
08-06 04:00:46.203   512  2967 I soundtrigger: audio_extn_sound_trigger_update_device_status: device 0x2 of type 0 for Event 1
08-06 04:00:46.208 24798 24811 I art     : Starting a blocking GC Explicit
08-06 04:00:46.211 24798 24798 I AppCompatViewInflater: app:theme is now deprecated. Please move to using android:theme instead.
08-06 04:00:46.214   512  2967 D audio_hw_primary: enable_snd_device: snd_device(2: speaker)
08-06 04:00:46.216   512  2967 D audio_hw_primary: enable_audio_route: apply and update mixer path: low-latency-playback speaker
08-06 04:00:46.229 24798 26261 D OK      : calling: https://oauth.reddit.com/r/askscience/about.json
08-06 04:00:46.237 24798 24811 I art     : Explicit concurrent mark sweep GC freed 862(75KB) AllocSpace objects, 0(0B) LOS objects, 39% free, 24MB/40MB, paused 369us total 28.345ms
08-06 04:00:46.249 24798 24811 I art     : Starting a blocking GC Explicit
08-06 04:00:46.276 24798 24811 I art     : Explicit concurrent mark sweep GC freed 899(37KB) AllocSpace objects, 0(0B) LOS objects, 39% free, 25MB/41MB, paused 353us total 27.587ms
08-06 04:00:46.278   918   936 I ActivityManager: Displayed baseline.org.quantumbadger.redreader/.activities.PostListingActivity: +80ms
08-06 04:00:46.278 13866 13866 I GoogleInputMethodServic: GoogleInputMethodService.onFinishInput():3138 
08-06 04:00:46.278 13866 13866 I GoogleInputMethodServic: GoogleInputMethodService.onStartInput():1808 
08-06 04:00:46.289 24798 24811 I art     : Starting a blocking GC Explicit
08-06 04:00:46.318 24798 24811 I art     : Explicit concurrent mark sweep GC freed 194(9KB) AllocSpace objects, 0(0B) LOS objects, 39% free, 25MB/41MB, paused 301us total 28.890ms
08-06 04:00:46.539   380   380 W SurfaceFlinger: couldn't log to binary event log: overflow.
08-06 04:00:46.577 24798 25031 I art     : Starting a blocking GC Explicit
08-06 04:00:46.605 24798 25031 I art     : Explicit concurrent mark sweep GC freed 3410(163KB) AllocSpace objects, 1(20KB) LOS objects, 39% free, 25MB/41MB, paused 274us total 28.108ms
08-06 04:00:46.614 24798 26261 I NAPPA_EXPERIMENTATION: MetricNetworkRequestExecutionTime: REQUEST_DURATION_SYSTEM='385',REQUEST_DURATION_OKHTTP='148',REQUEST_SYNCHRONOUS='TRUE',RESPONSE_CODE='200',RESPONSE_METHOD='GET',RESPONSE_LENGTH_OKHTTP='-1',RESPONSE_LENGTH_HEADER='4700',REQUEST_PROTOCOL='h2',REQUEST_URL='https://oauth.reddit.com/r/askscience/about.json',
08-06 04:00:46.614 24798 26261 D OK      : request got status: 200
08-06 04:00:46.618 24798 25031 I art     : Starting a blocking GC Explicit
08-06 04:00:46.651 24798 25031 I art     : Explicit concurrent mark sweep GC freed 1122(134KB) AllocSpace objects, 2(88KB) LOS objects, 38% free, 25MB/41MB, paused 434us total 32.591ms
08-06 04:00:46.665 24798 25031 I art     : Starting a blocking GC Explicit
08-06 04:00:46.694 24798 25031 I art     : Explicit concurrent mark sweep GC freed 728(63KB) AllocSpace objects, 1(68KB) LOS objects, 38% free, 25MB/41MB, paused 248us total 28.451ms
08-06 04:00:46.706 24798 25031 I art     : Starting a blocking GC Explicit
08-06 04:00:46.735 24798 25031 I art     : Explicit concurrent mark sweep GC freed 137(7KB) AllocSpace objects, 0(0B) LOS objects, 38% free, 25MB/41MB, paused 321us total 28.483ms
08-06 04:00:46.747 24798 25031 I art     : Starting a blocking GC Explicit
08-06 04:00:46.760   512  2967 D audio_hw_primary: disable_audio_route: reset and update mixer path: low-latency-playback speaker
08-06 04:00:46.761   512  2967 D audio_hw_primary: disable_snd_device: snd_device(2: speaker)
08-06 04:00:46.769   512  2967 I soundtrigger: audio_extn_sound_trigger_update_device_status: device 0x2 of type 0 for Event 0
08-06 04:00:46.777 24798 25031 I art     : Explicit concurrent mark sweep GC freed 3(96B) AllocSpace objects, 0(0B) LOS objects, 38% free, 25MB/41MB, paused 339us total 29.537ms
08-06 04:00:47.066 24798 25031 I art     : Starting a blocking GC Explicit
08-06 04:00:47.099 24798 25031 I art     : Explicit concurrent mark sweep GC freed 1380(81KB) AllocSpace objects, 1(20KB) LOS objects, 38% free, 25MB/41MB, paused 304us total 32.710ms
08-06 04:00:47.112 24798 25031 I art     : Starting a blocking GC Explicit
08-06 04:00:47.142 24798 25031 I art     : Explicit concurrent mark sweep GC freed 42(1632B) AllocSpace objects, 0(0B) LOS objects, 38% free, 25MB/41MB, paused 274us total 29.708ms
08-06 04:00:47.155 24798 25031 I art     : Starting a blocking GC Explicit
08-06 04:00:47.186 24798 25031 I art     : Explicit concurrent mark sweep GC freed 3(96B) AllocSpace objects, 0(0B) LOS objects, 38% free, 25MB/41MB, paused 296us total 30.403ms
08-06 04:00:47.186 24798 24808 I art     : WaitForGcToComplete blocked for 28.400ms for cause HeapTrim
08-06 04:00:47.199 24798 25031 I art     : Starting a blocking GC Explicit
08-06 04:00:47.229 24798 25031 I art     : Explicit concurrent mark sweep GC freed 3(96B) AllocSpace objects, 0(0B) LOS objects, 38% free, 25MB/41MB, paused 280us total 29.711ms
08-06 04:00:47.242 24798 25031 I art     : Starting a blocking GC Explicit
08-06 04:00:47.273 24798 25031 I art     : Explicit concurrent mark sweep GC freed 3(96B) AllocSpace objects, 0(0B) LOS objects, 38% free, 25MB/41MB, paused 356us total 30.506ms
08-06 04:00:47.430 24798 26299 D OK      : calling: https://oauth.reddit.com/r/askscience/hot/.json
08-06 04:00:47.578 24798 24811 I art     : Starting a blocking GC Explicit
08-06 04:00:47.611 24798 24811 I art     : Explicit concurrent mark sweep GC freed 1435(83KB) AllocSpace objects, 1(20KB) LOS objects, 38% free, 25MB/41MB, paused 302us total 33.206ms
08-06 04:00:47.616 24798 26299 I NAPPA_EXPERIMENTATION: MetricNetworkRequestExecutionTime: REQUEST_DURATION_SYSTEM='186',REQUEST_DURATION_OKHTTP='182',REQUEST_SYNCHRONOUS='TRUE',RESPONSE_CODE='200',RESPONSE_METHOD='GET',RESPONSE_LENGTH_OKHTTP='-1',RESPONSE_LENGTH_HEADER='21282',REQUEST_PROTOCOL='h2',REQUEST_URL='https://oauth.reddit.com/r/askscience/hot/.json',
08-06 04:00:47.616 24798 26299 D OK      : request got status: 200
08-06 04:00:47.624 24798 24811 I art     : Starting a blocking GC Explicit
08-06 04:00:47.636 24798 25375 I PostListingFragment: Precaching images: OFF
08-06 04:00:47.636 24798 25375 I PostListingFragment: Precaching comments: OFF
08-06 04:00:47.656 24798 24811 I art     : Explicit concurrent mark sweep GC freed 793(126KB) AllocSpace objects, 0(0B) LOS objects, 38% free, 25MB/41MB, paused 441us total 31.191ms
08-06 04:00:47.668 24798 24811 I art     : Starting a blocking GC Explicit
08-06 04:00:47.699 24798 24811 I art     : Explicit concurrent mark sweep GC freed 2627(132KB) AllocSpace objects, 0(0B) LOS objects, 38% free, 25MB/41MB, paused 538us total 30.991ms
08-06 04:00:47.709   518   646 I ThermalEngine: ACTION: GPU - Setting GPU[0] to 450000000
08-06 04:00:47.715 24798 24811 I art     : Starting a blocking GC Explicit
08-06 04:00:47.753 24798 24811 I art     : Explicit concurrent mark sweep GC freed 3214(175KB) AllocSpace objects, 0(0B) LOS objects, 38% free, 25MB/41MB, paused 470us total 38.268ms
08-06 04:00:47.770 24798 24811 I art     : Starting a blocking GC Explicit
08-06 04:00:47.811 24798 24811 I art     : Explicit concurrent mark sweep GC freed 2984(124KB) AllocSpace objects, 2(136KB) LOS objects, 38% free, 25MB/41MB, paused 485us total 40.802ms
08-06 04:00:48.104 24798 25031 I art     : Starting a blocking GC Explicit
08-06 04:00:48.151 24798 25031 I art     : Explicit concurrent mark sweep GC freed 24641(1063KB) AllocSpace objects, 1(20KB) LOS objects, 38% free, 25MB/41MB, paused 560us total 46.842ms
08-06 04:00:48.169 24798 25031 I art     : Starting a blocking GC Explicit
08-06 04:00:48.205 24798 25031 I art     : Explicit concurrent mark sweep GC freed 1344(58KB) AllocSpace objects, 0(0B) LOS objects, 38% free, 25MB/41MB, paused 352us total 36.103ms
08-06 04:00:48.222 24798 25031 I art     : Starting a blocking GC Explicit
08-06 04:00:48.260 24798 25031 I art     : Explicit concurrent mark sweep GC freed 87(4KB) AllocSpace objects, 0(0B) LOS objects, 38% free, 25MB/41MB, paused 342us total 38.085ms
08-06 04:00:48.278 24798 25031 I art     : Starting a blocking GC Explicit
08-06 04:00:48.318 24798 25031 I art     : Explicit concurrent mark sweep GC freed 32(1344B) AllocSpace objects, 0(0B) LOS objects, 38% free, 25MB/41MB, paused 371us total 40.119ms
08-06 04:00:48.338 24798 25031 I art     : Starting a blocking GC Explicit
08-06 04:00:48.378 24798 25031 I art     : Explicit concurrent mark sweep GC freed 3(96B) AllocSpace objects, 0(0B) LOS objects, 38% free, 25MB/41MB, paused 355us total 39.479ms
08-06 04:00:48.674 24798 25031 I art     : Starting a blocking GC Explicit
08-06 04:00:48.716 24798 25031 I art     : Explicit concurrent mark sweep GC freed 1515(87KB) AllocSpace objects, 1(20KB) LOS objects, 38% free, 25MB/41MB, paused 393us total 41.731ms
08-06 04:00:48.734 24798 25031 I art     : Starting a blocking GC Explicit
08-06 04:00:48.779 24798 25031 I art     : Explicit concurrent mark sweep GC freed 20(704B) AllocSpace objects, 0(0B) LOS objects, 38% free, 25MB/41MB, paused 369us total 44.556ms
08-06 04:00:48.797 24798 25031 I art     : Starting a blocking GC Explicit
08-06 04:00:48.841 24798 25031 I art     : Explicit concurrent mark sweep GC freed 3(96B) AllocSpace objects, 0(0B) LOS objects, 38% free, 25MB/41MB, paused 386us total 43.921ms
08-06 04:00:48.859 24798 25031 I art     : Starting a blocking GC Explicit
08-06 04:00:48.905 24798 25031 I art     : Explicit concurrent mark sweep GC freed 3(96B) AllocSpace objects, 0(0B) LOS objects, 38% free, 25MB/41MB, paused 426us total 45.513ms
08-06 04:00:48.926 24798 25031 I art     : Starting a blocking GC Explicit
08-06 04:00:48.972 24798 25031 I art     : Explicit concurrent mark sweep GC freed 3(96B) AllocSpace objects, 0(0B) LOS objects, 38% free, 25MB/41MB, paused 362us total 45.373ms
08-06 04:00:49.317 24798 24809 I art     : Starting a blocking GC Explicit
08-06 04:00:49.371 24798 24809 I art     : Explicit concurrent mark sweep GC freed 1344(80KB) AllocSpace objects, 1(20KB) LOS objects, 38% free, 25MB/41MB, paused 392us total 53.575ms
08-06 04:00:49.391 24798 24809 I art     : Starting a blocking GC Explicit
08-06 04:00:49.435 24798 24809 I art     : Explicit concurrent mark sweep GC freed 20(704B) AllocSpace objects, 0(0B) LOS objects, 38% free, 25MB/41MB, paused 387us total 43.042ms
08-06 04:00:49.453 24798 24809 I art     : Starting a blocking GC Explicit
08-06 04:00:49.497 24798 24809 I art     : Explicit concurrent mark sweep GC freed 3(96B) AllocSpace objects, 0(0B) LOS objects, 38% free, 25MB/41MB, paused 403us total 44.477ms
08-06 04:00:49.515 24798 24809 I art     : Starting a blocking GC Explicit
08-06 04:00:49.560 24798 24809 I art     : Explicit concurrent mark sweep GC freed 3(96B) AllocSpace objects, 0(0B) LOS objects, 38% free, 25MB/41MB, paused 413us total 44.432ms
08-06 04:00:49.581 24798 24809 I art     : Starting a blocking GC Explicit
08-06 04:00:49.628 24798 24809 I art     : Explicit concurrent mark sweep GC freed 3(96B) AllocSpace objects, 0(0B) LOS objects, 38% free, 25MB/41MB, paused 406us total 46.451ms
08-06 04:00:49.979 24798 24811 I art     : Starting a blocking GC Explicit
08-06 04:00:50.022 24798 24811 I art     : Explicit concurrent mark sweep GC freed 1344(80KB) AllocSpace objects, 1(20KB) LOS objects, 38% free, 25MB/41MB, paused 374us total 43.008ms
08-06 04:00:50.040 24798 24811 I art     : Starting a blocking GC Explicit
08-06 04:00:50.085 24798 24811 I art     : Explicit concurrent mark sweep GC freed 20(704B) AllocSpace objects, 0(0B) LOS objects, 38% free, 25MB/41MB, paused 396us total 44.968ms
08-06 04:00:50.103 24798 24811 I art     : Starting a blocking GC Explicit
08-06 04:00:50.149 24798 24811 I art     : Explicit concurrent mark sweep GC freed 3(96B) AllocSpace objects, 0(0B) LOS objects, 38% free, 25MB/41MB, paused 371us total 45.114ms
08-06 04:00:50.167 24798 24811 I art     : Starting a blocking GC Explicit
08-06 04:00:50.211 24798 24811 I art     : Explicit concurrent mark sweep GC freed 3(96B) AllocSpace objects, 0(0B) LOS objects, 38% free, 25MB/41MB, paused 386us total 44.216ms
08-06 04:00:50.229 24798 24811 I art     : Starting a blocking GC Explicit
08-06 04:00:50.276 24798 24811 I art     : Explicit concurrent mark sweep GC freed 3(96B) AllocSpace objects, 0(0B) LOS objects, 38% free, 25MB/41MB, paused 376us total 46.453ms
08-06 04:00:50.613 24798 24827 I art     : Starting a blocking GC Explicit
08-06 04:00:50.672 24798 24827 I art     : Explicit concurrent mark sweep GC freed 1343(80KB) AllocSpace objects, 1(20KB) LOS objects, 38% free, 25MB/41MB, paused 434us total 58.281ms
08-06 04:00:50.695 24798 24827 I art     : Starting a blocking GC Explicit
08-06 04:00:50.739 24798 24827 I art     : Explicit concurrent mark sweep GC freed 20(704B) AllocSpace objects, 0(0B) LOS objects, 38% free, 25MB/41MB, paused 362us total 43.750ms
08-06 04:00:50.756 24798 24827 I art     : Starting a blocking GC Explicit
08-06 04:00:50.799 24798 24827 I art     : Explicit concurrent mark sweep GC freed 3(96B) AllocSpace objects, 0(0B) LOS objects, 38% free, 25MB/41MB, paused 353us total 42.545ms
08-06 04:00:50.817 24798 24827 I art     : Starting a blocking GC Explicit
08-06 04:00:50.863 24798 24827 I art     : Explicit concurrent mark sweep GC freed 3(96B) AllocSpace objects, 0(0B) LOS objects, 38% free, 25MB/41MB, paused 411us total 45.588ms
08-06 04:00:50.884 24798 24827 I art     : Starting a blocking GC Explicit
08-06 04:00:50.929 24798 24827 I art     : Explicit concurrent mark sweep GC freed 3(96B) AllocSpace objects, 0(0B) LOS objects, 38% free, 25MB/41MB, paused 376us total 45.090ms
08-06 04:00:51.277 24798 25031 I art     : Starting a blocking GC Explicit
08-06 04:00:51.333 24798 25031 I art     : Explicit concurrent mark sweep GC freed 1347(80KB) AllocSpace objects, 1(20KB) LOS objects, 38% free, 25MB/41MB, paused 413us total 55.221ms
08-06 04:00:51.354 24798 25031 I art     : Starting a blocking GC Explicit
08-06 04:00:51.400 24798 25031 I art     : Explicit concurrent mark sweep GC freed 20(704B) AllocSpace objects, 0(0B) LOS objects, 38% free, 25MB/41MB, paused 409us total 46.248ms
08-06 04:00:51.421 24798 25031 I art     : Starting a blocking GC Explicit
08-06 04:00:51.461 24798 25031 I art     : Explicit concurrent mark sweep GC freed 3(96B) AllocSpace objects, 0(0B) LOS objects, 38% free, 25MB/41MB, paused 367us total 40.080ms
08-06 04:00:51.479 24798 25031 I art     : Starting a blocking GC Explicit
08-06 04:00:51.519 24798 25031 I art     : Explicit concurrent mark sweep GC freed 3(96B) AllocSpace objects, 0(0B) LOS objects, 38% free, 25MB/41MB, paused 355us total 39.760ms
08-06 04:00:51.536 24798 25031 I art     : Starting a blocking GC Explicit
08-06 04:00:51.575 24798 25031 I art     : Explicit concurrent mark sweep GC freed 3(96B) AllocSpace objects, 0(0B) LOS objects, 38% free, 25MB/41MB, paused 415us total 38.800ms
08-06 04:00:51.722   518   646 I ThermalEngine: ACTION: GPU - Setting GPU[0] to 510000000
08-06 04:00:51.878 24798 24809 I art     : Starting a blocking GC Explicit
08-06 04:00:51.917 24798 24809 I art     : Explicit concurrent mark sweep GC freed 1344(80KB) AllocSpace objects, 1(20KB) LOS objects, 38% free, 25MB/41MB, paused 310us total 39.325ms
08-06 04:00:51.931 24798 24809 I art     : Starting a blocking GC Explicit
08-06 04:00:51.937 26370 26370 D AndroidRuntime: >>>>>> START com.android.internal.os.RuntimeInit uid 2000 <<<<<<
08-06 04:00:51.942 26370 26370 D AndroidRuntime: CheckJNI is OFF
08-06 04:00:51.964 24798 24809 I art     : Explicit concurrent mark sweep GC freed 20(704B) AllocSpace objects, 0(0B) LOS objects, 38% free, 25MB/41MB, paused 269us total 32.345ms
08-06 04:00:51.976 24798 24809 I art     : Starting a blocking GC Explicit
08-06 04:00:51.979 26370 26370 D ICU     : No timezone override file found: /data/misc/zoneinfo/current/icu/icu_tzdata.dat
08-06 04:00:52.008 24798 24809 I art     : Explicit concurrent mark sweep GC freed 3(96B) AllocSpace objects, 0(0B) LOS objects, 38% free, 25MB/41MB, paused 290us total 31.909ms
08-06 04:00:52.015 26370 26370 I Radio-JNI: register_android_hardware_Radio DONE
08-06 04:00:52.022 24798 24809 I art     : Starting a blocking GC Explicit
08-06 04:00:52.038 26370 26370 D AndroidRuntime: Calling main entry com.android.commands.input.Input
08-06 04:00:52.039 26370 26370 I Input   : injectMotionEvent: MotionEvent { action=ACTION_DOWN, actionButton=0, id[0]=0, x[0]=600.0, y[0]=700.0, toolType[0]=TOOL_TYPE_UNKNOWN, buttonState=0, metaState=0, flags=0x0, edgeFlags=0x0, pointerCount=1, historySize=0, eventTime=849668452, downTime=849668452, deviceId=0, source=0x1002 }
08-06 04:00:52.046 26370 26370 I Input   : injectMotionEvent: MotionEvent { action=ACTION_UP, actionButton=0, id[0]=0, x[0]=600.0, y[0]=700.0, toolType[0]=TOOL_TYPE_UNKNOWN, buttonState=0, metaState=0, flags=0x0, edgeFlags=0x0, pointerCount=1, historySize=0, eventTime=849668452, downTime=849668452, deviceId=0, source=0x1002 }
08-06 04:00:52.048 26370 26370 D AndroidRuntime: Shutting down VM
08-06 04:00:52.054 24798 24809 I art     : Explicit concurrent mark sweep GC freed 12(432B) AllocSpace objects, 0(0B) LOS objects, 38% free, 25MB/41MB, paused 308us total 32.255ms
08-06 04:00:52.062   512  2967 D audio_hw_primary: out_set_parameters: enter: usecase(1: low-latency-playback) kvpairs: routing=2
08-06 04:00:52.065   918  3670 I ActivityManager: START u0 {dat=https://oauth.reddit.com/... cmp=baseline.org.quantumbadger.redreader/.activities.CommentListingActivity} from uid 10705 on display 0
08-06 04:00:52.068 24798 24809 I art     : Starting a blocking GC Explicit
08-06 04:00:52.075   512  2967 D audio_hw_primary: select_devices: out_snd_device(2: speaker) in_snd_device(0: none)
08-06 04:00:52.075   512  2967 D msm8974_platform: platform_send_audio_calibration: sending audio calibration for snd_device(2) acdb_id(15)
08-06 04:00:52.076   512  2967 I soundtrigger: audio_extn_sound_trigger_update_device_status: device 0x2 of type 0 for Event 1
08-06 04:00:52.086   512  2967 D audio_hw_primary: enable_snd_device: snd_device(2: speaker)
08-06 04:00:52.088   512  2967 D audio_hw_primary: enable_audio_route: apply and update mixer path: low-latency-playback speaker
08-06 04:00:52.090 24798 24798 I AppCompatViewInflater: app:theme is now deprecated. Please move to using android:theme instead.
08-06 04:00:52.101 24798 24809 I art     : Explicit concurrent mark sweep GC freed 1320(65KB) AllocSpace objects, 0(0B) LOS objects, 38% free, 25MB/41MB, paused 500us total 31.792ms
08-06 04:00:52.107 24798 25375 I CommentListingActivity: COMMENTS session changed to 71497fd2-bcab-40da-a46b-d357a8e13972
08-06 04:00:52.175   918   936 I ActivityManager: Displayed baseline.org.quantumbadger.redreader/.activities.CommentListingActivity: +101ms
08-06 04:00:52.175 13866 13866 I GoogleInputMethodServic: GoogleInputMethodService.onFinishInput():3138 
08-06 04:00:52.178 13866 13866 I GoogleInputMethodServic: GoogleInputMethodService.onStartInput():1808 
08-06 04:00:52.357 24798 24827 I art     : Starting a blocking GC Explicit
08-06 04:00:52.405 24798 24827 I art     : Explicit concurrent mark sweep GC freed 63972(3MB) AllocSpace objects, 4(72KB) LOS objects, 36% free, 28MB/44MB, paused 268us total 47.610ms
08-06 04:00:52.411   380   380 W SurfaceFlinger: couldn't log to binary event log: overflow.
08-06 04:00:52.420 24798 24827 I art     : Starting a blocking GC Explicit
08-06 04:00:52.458 24798 24827 I art     : Explicit concurrent mark sweep GC freed 350(17KB) AllocSpace objects, 0(0B) LOS objects, 36% free, 28MB/44MB, paused 403us total 37.959ms
08-06 04:00:52.472 24798 24827 I art     : Starting a blocking GC Explicit
08-06 04:00:52.511 24798 24827 I art     : Explicit concurrent mark sweep GC freed 3(96B) AllocSpace objects, 0(0B) LOS objects, 36% free, 28MB/44MB, paused 239us total 38.606ms
08-06 04:00:52.525 24798 24827 I art     : Starting a blocking GC Explicit
08-06 04:00:52.565 24798 24827 I art     : Explicit concurrent mark sweep GC freed 84(2880B) AllocSpace objects, 0(0B) LOS objects, 36% free, 28MB/44MB, paused 274us total 39.784ms
08-06 04:00:52.582 24798 24827 I art     : Starting a blocking GC Explicit
08-06 04:00:52.619   512  2967 D audio_hw_primary: disable_audio_route: reset and update mixer path: low-latency-playback speaker
08-06 04:00:52.620   512  2967 D audio_hw_primary: disable_snd_device: snd_device(2: speaker)
08-06 04:00:52.625 24798 24827 I art     : Explicit concurrent mark sweep GC freed 14(448B) AllocSpace objects, 0(0B) LOS objects, 36% free, 28MB/44MB, paused 263us total 42.870ms
08-06 04:00:52.630   512  2967 I soundtrigger: audio_extn_sound_trigger_update_device_status: device 0x2 of type 0 for Event 0
08-06 04:00:52.675 24798 26308 I RedditChangeDataIO: Writing tmp data file at '/data/user/0/baseline.org.quantumbadger.redreader/files/rr_change_data_tmp.dat'
08-06 04:00:52.676 24798 26308 I RedditChangeDataManager: Taking snapshot...
08-06 04:00:52.676 24798 26308 I RedditChangeDataManager: Writing to stream...
08-06 04:00:52.676 24798 26308 I RedditChangeDataManager: Wrote 3 entries for user ''
08-06 04:00:52.676 24798 26308 I RedditChangeDataManager: All entries written to stream.
08-06 04:00:52.676 24798 26308 I RedditChangeDataIO: Write successful. Atomically replacing data file...
08-06 04:00:52.676 24798 26308 I RedditChangeDataIO: Write complete.
08-06 04:00:52.677 24798 26308 I RedditChangeDataIO: 86 bytes written in 1 ms
08-06 04:00:52.913 24798 25031 I art     : Starting a blocking GC Explicit
08-06 04:00:52.961 24798 25031 I art     : Explicit concurrent mark sweep GC freed 1676(125KB) AllocSpace objects, 2(88KB) LOS objects, 36% free, 28MB/44MB, paused 264us total 47.717ms
08-06 04:00:52.978 24798 25031 I art     : Starting a blocking GC Explicit
08-06 04:00:53.025 24798 25031 I art     : Explicit concurrent mark sweep GC freed 88(2976B) AllocSpace objects, 0(0B) LOS objects, 36% free, 28MB/44MB, paused 260us total 46.929ms
08-06 04:00:53.041 24798 25031 I art     : Starting a blocking GC Explicit
08-06 04:00:53.086 24798 25031 I art     : Explicit concurrent mark sweep GC freed 3(96B) AllocSpace objects, 0(0B) LOS objects, 36% free, 28MB/44MB, paused 273us total 44.680ms
08-06 04:00:53.101 24798 25031 I art     : Starting a blocking GC Explicit
08-06 04:00:53.145 24798 25031 I art     : Explicit concurrent mark sweep GC freed 3(96B) AllocSpace objects, 0(0B) LOS objects, 36% free, 28MB/44MB, paused 272us total 43.191ms
08-06 04:00:53.160 24798 25031 I art     : Starting a blocking GC Explicit
08-06 04:00:53.207 24798 25031 I art     : Explicit concurrent mark sweep GC freed 49(1920B) AllocSpace objects, 0(0B) LOS objects, 36% free, 28MB/44MB, paused 259us total 46.509ms
08-06 04:00:53.503 24798 24827 I art     : Starting a blocking GC Explicit
08-06 04:00:53.562 24798 24827 I art     : Explicit concurrent mark sweep GC freed 1343(80KB) AllocSpace objects, 1(20KB) LOS objects, 36% free, 28MB/44MB, paused 276us total 58.603ms
08-06 04:00:53.582 24798 24827 I art     : Starting a blocking GC Explicit
08-06 04:00:53.628 24798 24827 I art     : Explicit concurrent mark sweep GC freed 20(704B) AllocSpace objects, 0(0B) LOS objects, 36% free, 28MB/44MB, paused 250us total 46.167ms
08-06 04:00:53.644 24798 24827 I art     : Starting a blocking GC Explicit
08-06 04:00:53.692 24798 24827 I art     : Explicit concurrent mark sweep GC freed 3(96B) AllocSpace objects, 0(0B) LOS objects, 36% free, 28MB/44MB, paused 252us total 47.464ms
08-06 04:00:53.708 24798 24827 I art     : Starting a blocking GC Explicit
08-06 04:00:53.726   518   646 I ThermalEngine: ACTION: GPU - Setting GPU[0] to 450000000
08-06 04:00:53.764 24798 24827 I art     : Explicit concurrent mark sweep GC freed 3(96B) AllocSpace objects, 0(0B) LOS objects, 36% free, 28MB/44MB, paused 329us total 55.851ms
08-06 04:00:53.785 24798 24827 I art     : Starting a blocking GC Explicit
08-06 04:00:53.847 24798 24827 I art     : Explicit concurrent mark sweep GC freed 3(96B) AllocSpace objects, 0(0B) LOS objects, 36% free, 28MB/44MB, paused 486us total 62.662ms
08-06 04:00:54.181 24798 24811 I art     : Starting a blocking GC Explicit
08-06 04:00:54.252 24798 24811 I art     : Explicit concurrent mark sweep GC freed 1343(80KB) AllocSpace objects, 1(20KB) LOS objects, 36% free, 28MB/44MB, paused 360us total 70.350ms
08-06 04:00:54.276 24798 24811 I art     : Starting a blocking GC Explicit
08-06 04:00:54.338 24798 24811 I art     : Explicit concurrent mark sweep GC freed 20(704B) AllocSpace objects, 0(0B) LOS objects, 36% free, 28MB/44MB, paused 382us total 61.547ms
08-06 04:00:54.359 24798 24811 I art     : Starting a blocking GC Explicit
08-06 04:00:54.425 24798 24811 I art     : Explicit concurrent mark sweep GC freed 3(96B) AllocSpace objects, 0(0B) LOS objects, 36% free, 28MB/44MB, paused 358us total 66.307ms
08-06 04:00:54.447 24798 24811 I art     : Starting a blocking GC Explicit
08-06 04:00:54.511 24798 24811 I art     : Explicit concurrent mark sweep GC freed 3(96B) AllocSpace objects, 0(0B) LOS objects, 36% free, 28MB/44MB, paused 354us total 63.979ms
08-06 04:00:54.532 24798 24811 I art     : Starting a blocking GC Explicit
08-06 04:00:54.598 24798 24811 I art     : Explicit concurrent mark sweep GC freed 3(96B) AllocSpace objects, 0(0B) LOS objects, 36% free, 28MB/44MB, paused 478us total 65.156ms
08-06 04:00:54.933 24798 24809 I art     : Starting a blocking GC Explicit
08-06 04:00:55.006 24798 24809 I art     : Explicit concurrent mark sweep GC freed 1343(80KB) AllocSpace objects, 1(20KB) LOS objects, 36% free, 28MB/44MB, paused 457us total 72.871ms
08-06 04:00:55.028 24798 24809 I art     : Starting a blocking GC Explicit
08-06 04:00:55.090 24798 24809 I art     : Explicit concurrent mark sweep GC freed 20(704B) AllocSpace objects, 0(0B) LOS objects, 36% free, 28MB/44MB, paused 337us total 61.437ms
08-06 04:00:55.111 24798 24809 I art     : Starting a blocking GC Explicit
08-06 04:00:55.178 24798 24809 I art     : Explicit concurrent mark sweep GC freed 3(96B) AllocSpace objects, 0(0B) LOS objects, 36% free, 28MB/44MB, paused 374us total 67.105ms
08-06 04:00:55.200 24798 24809 I art     : Starting a blocking GC Explicit
08-06 04:00:55.263 24798 24809 I art     : Explicit concurrent mark sweep GC freed 3(96B) AllocSpace objects, 0(0B) LOS objects, 36% free, 28MB/44MB, paused 336us total 62.963ms
08-06 04:00:55.284 24798 24809 I art     : Starting a blocking GC Explicit
08-06 04:00:55.351 24798 24809 I art     : Explicit concurrent mark sweep GC freed 3(96B) AllocSpace objects, 0(0B) LOS objects, 36% free, 28MB/44MB, paused 363us total 66.223ms
08-06 04:00:55.675 24798 25031 I art     : Starting a blocking GC Explicit
08-06 04:00:55.728   518   646 I ThermalEngine: ACTION: GPU - Setting GPU[0] to 510000000
08-06 04:00:55.735 24798 25031 I art     : Explicit concurrent mark sweep GC freed 1343(80KB) AllocSpace objects, 1(20KB) LOS objects, 36% free, 28MB/44MB, paused 347us total 60.237ms
08-06 04:00:55.756 24798 25031 I art     : Starting a blocking GC Explicit
08-06 04:00:55.807 24798 25031 I art     : Explicit concurrent mark sweep GC freed 20(704B) AllocSpace objects, 0(0B) LOS objects, 36% free, 28MB/44MB, paused 306us total 50.764ms
08-06 04:00:55.823 24798 25031 I art     : Starting a blocking GC Explicit
08-06 04:00:55.870 24798 25031 I art     : Explicit concurrent mark sweep GC freed 3(96B) AllocSpace objects, 0(0B) LOS objects, 36% free, 28MB/44MB, paused 268us total 46.234ms
08-06 04:00:55.890 24798 25031 I art     : Starting a blocking GC Explicit
08-06 04:00:55.935 24798 25031 I art     : Explicit concurrent mark sweep GC freed 3(96B) AllocSpace objects, 0(0B) LOS objects, 36% free, 28MB/44MB, paused 246us total 43.933ms
08-06 04:00:55.950 24798 25031 I art     : Starting a blocking GC Explicit
08-06 04:00:55.998 24798 25031 I art     : Explicit concurrent mark sweep GC freed 3(96B) AllocSpace objects, 0(0B) LOS objects, 36% free, 28MB/44MB, paused 270us total 47.604ms
08-06 04:00:56.327 24798 24827 I art     : Starting a blocking GC Explicit
08-06 04:00:56.374 24798 24827 I art     : Explicit concurrent mark sweep GC freed 1345(80KB) AllocSpace objects, 1(20KB) LOS objects, 36% free, 28MB/44MB, paused 250us total 46.785ms
08-06 04:00:56.390 24798 24827 I art     : Starting a blocking GC Explicit
08-06 04:00:56.433 24798 24827 I art     : Explicit concurrent mark sweep GC freed 20(704B) AllocSpace objects, 0(0B) LOS objects, 36% free, 28MB/44MB, paused 240us total 42.982ms
08-06 04:00:56.449 24798 24827 I art     : Starting a blocking GC Explicit
08-06 04:00:56.492 24798 24827 I art     : Explicit concurrent mark sweep GC freed 3(96B) AllocSpace objects, 0(0B) LOS objects, 36% free, 28MB/44MB, paused 252us total 43.761ms
08-06 04:00:56.508 24798 24827 I art     : Starting a blocking GC Explicit
08-06 04:00:56.551 24798 24827 I art     : Explicit concurrent mark sweep GC freed 3(96B) AllocSpace objects, 0(0B) LOS objects, 36% free, 28MB/44MB, paused 249us total 43.336ms
08-06 04:00:56.566 24798 24827 I art     : Starting a blocking GC Explicit
08-06 04:00:56.611 24798 24827 I art     : Explicit concurrent mark sweep GC freed 3(96B) AllocSpace objects, 0(0B) LOS objects, 36% free, 28MB/44MB, paused 271us total 44.284ms
08-06 04:00:56.720 26465 26465 D AndroidRuntime: >>>>>> START com.android.internal.os.RuntimeInit uid 2000 <<<<<<
08-06 04:00:56.726 26465 26465 D AndroidRuntime: CheckJNI is OFF
08-06 04:00:56.764 26465 26465 D ICU     : No timezone override file found: /data/misc/zoneinfo/current/icu/icu_tzdata.dat
08-06 04:00:56.800 26465 26465 I Radio-JNI: register_android_hardware_Radio DONE
08-06 04:00:56.821 26465 26465 D AndroidRuntime: Calling main entry com.android.commands.input.Input
08-06 04:00:56.822 26465 26465 I Input   : injectKeyEvent: KeyEvent { action=ACTION_DOWN, keyCode=KEYCODE_BACK, scanCode=0, metaState=0, flags=0x0, repeatCount=0, eventTime=849673235, downTime=849673235, deviceId=-1, source=0x101 }
08-06 04:00:56.828 26465 26465 I Input   : injectKeyEvent: KeyEvent { action=ACTION_UP, keyCode=KEYCODE_BACK, scanCode=0, metaState=0, flags=0x0, repeatCount=0, eventTime=849673235, downTime=849673235, deviceId=-1, source=0x101 }
08-06 04:00:56.835 26465 26465 D AndroidRuntime: Shutting down VM
08-06 04:00:56.879 13866 13866 I GoogleInputMethodServic: GoogleInputMethodService.onFinishInput():3138 
08-06 04:00:56.880 13866 13866 I GoogleInputMethodServic: GoogleInputMethodService.onStartInput():1808 
08-06 04:00:56.899 24798 24811 I art     : Starting a blocking GC Explicit
08-06 04:00:56.944 24798 24811 I art     : Explicit concurrent mark sweep GC freed 1583(88KB) AllocSpace objects, 1(20KB) LOS objects, 36% free, 28MB/44MB, paused 250us total 44.463ms
08-06 04:00:56.958 24798 24811 I art     : Starting a blocking GC Explicit
08-06 04:00:56.998 24798 24811 I art     : Explicit concurrent mark sweep GC freed 26(944B) AllocSpace objects, 0(0B) LOS objects, 36% free, 28MB/44MB, paused 248us total 39.680ms
08-06 04:00:57.013 24798 24811 I art     : Starting a blocking GC Explicit
08-06 04:00:57.064 24798 24811 I art     : Explicit concurrent mark sweep GC freed 3(96B) AllocSpace objects, 0(0B) LOS objects, 36% free, 28MB/44MB, paused 256us total 50.331ms
08-06 04:00:57.083 24798 24811 I art     : Starting a blocking GC Explicit
08-06 04:00:57.143 24798 24811 I art     : Explicit concurrent mark sweep GC freed 3(96B) AllocSpace objects, 0(0B) LOS objects, 36% free, 28MB/44MB, paused 315us total 58.875ms
08-06 04:00:57.160 24798 24811 I art     : Starting a blocking GC Explicit
08-06 04:00:57.199   380   380 W SurfaceFlinger: couldn't log to binary event log: overflow.
08-06 04:00:57.208 24798 24811 I art     : Explicit concurrent mark sweep GC freed 44(1456B) AllocSpace objects, 0(0B) LOS objects, 36% free, 28MB/44MB, paused 243us total 47.778ms
08-06 04:00:57.506 24798 24827 I art     : Starting a blocking GC Explicit
08-06 04:00:57.566 24798 24827 I art     : Explicit concurrent mark sweep GC freed 1363(81KB) AllocSpace objects, 1(20KB) LOS objects, 36% free, 28MB/44MB, paused 296us total 59.354ms
08-06 04:00:57.590 24798 24827 I art     : Starting a blocking GC Explicit
08-06 04:00:57.626 24798 24827 I art     : Explicit concurrent mark sweep GC freed 46779(2MB) AllocSpace objects, 5(140KB) LOS objects, 38% free, 25MB/41MB, paused 247us total 35.713ms
08-06 04:00:57.639 24798 24827 I art     : Starting a blocking GC Explicit
08-06 04:00:57.672 24798 24827 I art     : Explicit concurrent mark sweep GC freed 3(96B) AllocSpace objects, 0(0B) LOS objects, 38% free, 25MB/41MB, paused 244us total 32.136ms
08-06 04:00:57.685 24798 24827 I art     : Starting a blocking GC Explicit
08-06 04:00:57.720 24798 24827 I art     : Explicit concurrent mark sweep GC freed 3(96B) AllocSpace objects, 0(0B) LOS objects, 38% free, 25MB/41MB, paused 256us total 34.334ms
08-06 04:00:57.733 24798 24827 I art     : Starting a blocking GC Explicit
08-06 04:00:57.766 24798 24827 I art     : Explicit concurrent mark sweep GC freed 3(96B) AllocSpace objects, 0(0B) LOS objects, 38% free, 25MB/41MB, paused 254us total 32.774ms
08-06 04:00:58.050 24798 24809 I art     : Starting a blocking GC Explicit
08-06 04:00:58.090 24798 24809 I art     : Explicit concurrent mark sweep GC freed 1343(80KB) AllocSpace objects, 1(20KB) LOS objects, 38% free, 25MB/41MB, paused 263us total 39.614ms
08-06 04:00:58.104 24798 24809 I art     : Starting a blocking GC Explicit
08-06 04:00:58.135 24798 24809 I art     : Explicit concurrent mark sweep GC freed 20(704B) AllocSpace objects, 0(0B) LOS objects, 38% free, 25MB/41MB, paused 253us total 30.741ms
08-06 04:00:58.149 24798 24809 I art     : Starting a blocking GC Explicit
08-06 04:00:58.181 24798 24809 I art     : Explicit concurrent mark sweep GC freed 3(96B) AllocSpace objects, 0(0B) LOS objects, 38% free, 25MB/41MB, paused 244us total 31.124ms
08-06 04:00:58.194 24798 24809 I art     : Starting a blocking GC Explicit
08-06 04:00:58.226 24798 24809 I art     : Explicit concurrent mark sweep GC freed 3(96B) AllocSpace objects, 0(0B) LOS objects, 38% free, 25MB/41MB, paused 232us total 31.597ms
08-06 04:00:58.239 24798 24809 I art     : Starting a blocking GC Explicit
08-06 04:00:58.271 24798 24809 I art     : Explicit concurrent mark sweep GC freed 3(96B) AllocSpace objects, 0(0B) LOS objects, 38% free, 25MB/41MB, paused 243us total 32.150ms
08-06 04:00:58.489 26508 26508 D AndroidRuntime: >>>>>> START com.android.internal.os.RuntimeInit uid 2000 <<<<<<
08-06 04:00:58.494 26508 26508 D AndroidRuntime: CheckJNI is OFF
08-06 04:00:58.529 26508 26508 D ICU     : No timezone override file found: /data/misc/zoneinfo/current/icu/icu_tzdata.dat
08-06 04:00:58.540 24798 25031 I art     : Starting a blocking GC Explicit
08-06 04:00:58.562 26508 26508 I Radio-JNI: register_android_hardware_Radio DONE
08-06 04:00:58.573 24798 25031 I art     : Explicit concurrent mark sweep GC freed 1343(80KB) AllocSpace objects, 1(20KB) LOS objects, 38% free, 25MB/41MB, paused 271us total 33.014ms
08-06 04:00:58.585 26508 26508 D AndroidRuntime: Calling main entry com.android.commands.input.Input
08-06 04:00:58.586 26508 26508 I Input   : injectKeyEvent: KeyEvent { action=ACTION_DOWN, keyCode=KEYCODE_BACK, scanCode=0, metaState=0, flags=0x0, repeatCount=0, eventTime=849674999, downTime=849674999, deviceId=-1, source=0x101 }
08-06 04:00:58.588 24798 25031 I art     : Starting a blocking GC Explicit
08-06 04:00:58.592 26508 26508 I Input   : injectKeyEvent: KeyEvent { action=ACTION_UP, keyCode=KEYCODE_BACK, scanCode=0, metaState=0, flags=0x0, repeatCount=0, eventTime=849674999, downTime=849674999, deviceId=-1, source=0x101 }
08-06 04:00:58.597 26508 26508 D AndroidRuntime: Shutting down VM
08-06 04:00:58.619 24798 25031 I art     : Explicit concurrent mark sweep GC freed 123(4KB) AllocSpace objects, 0(0B) LOS objects, 38% free, 25MB/41MB, paused 384us total 30.829ms
08-06 04:00:58.632 24798 25031 I art     : Starting a blocking GC Explicit
08-06 04:00:58.643 13866 13866 I GoogleInputMethodServic: GoogleInputMethodService.onFinishInput():3138 
08-06 04:00:58.644 13866 13866 I GoogleInputMethodServic: GoogleInputMethodService.onStartInput():1808 
08-06 04:00:58.660 24798 25031 I art     : Explicit concurrent mark sweep GC freed 16(640B) AllocSpace objects, 0(0B) LOS objects, 38% free, 25MB/41MB, paused 247us total 27.982ms
08-06 04:00:58.673 24798 25031 I art     : Starting a blocking GC Explicit
08-06 04:00:58.704 24798 25031 I art     : Explicit concurrent mark sweep GC freed 53(1744B) AllocSpace objects, 0(0B) LOS objects, 38% free, 25MB/41MB, paused 240us total 30.961ms
08-06 04:00:58.716 24798 25031 I art     : Starting a blocking GC Explicit
08-06 04:00:58.743 24798 25031 I art     : Explicit concurrent mark sweep GC freed 18(592B) AllocSpace objects, 0(0B) LOS objects, 38% free, 25MB/41MB, paused 211us total 27.024ms
08-06 04:00:58.993 24798 24809 I art     : Starting a blocking GC Explicit
08-06 04:00:59.026 24798 24809 I art     : Explicit concurrent mark sweep GC freed 1398(82KB) AllocSpace objects, 1(20KB) LOS objects, 38% free, 25MB/41MB, paused 257us total 32.292ms
08-06 04:00:59.039 24798 24809 I art     : Starting a blocking GC Explicit
08-06 04:00:59.074 24798 24809 I art     : Explicit concurrent mark sweep GC freed 150(7KB) AllocSpace objects, 0(0B) LOS objects, 38% free, 25MB/41MB, paused 263us total 34.150ms
08-06 04:00:59.087 24798 24809 I art     : Starting a blocking GC Explicit
08-06 04:00:59.121 24798 24809 I art     : Explicit concurrent mark sweep GC freed 3(96B) AllocSpace objects, 0(0B) LOS objects, 38% free, 25MB/41MB, paused 311us total 33.882ms
08-06 04:00:59.135 24798 24809 I art     : Starting a blocking GC Explicit
08-06 04:00:59.169 24798 24809 I art     : Explicit concurrent mark sweep GC freed 3(96B) AllocSpace objects, 0(0B) LOS objects, 38% free, 25MB/41MB, paused 262us total 34.281ms
08-06 04:00:59.183 24798 24809 I art     : Starting a blocking GC Explicit
08-06 04:00:59.218 24798 24809 I art     : Explicit concurrent mark sweep GC freed 3(96B) AllocSpace objects, 0(0B) LOS objects, 38% free, 25MB/41MB, paused 277us total 34.472ms
08-06 04:00:59.492 24798 24811 I art     : Starting a blocking GC Explicit
08-06 04:00:59.535 24798 24811 I art     : Explicit concurrent mark sweep GC freed 1343(80KB) AllocSpace objects, 1(20KB) LOS objects, 38% free, 25MB/41MB, paused 319us total 42.669ms
08-06 04:00:59.552 24798 24811 I art     : Starting a blocking GC Explicit
08-06 04:00:59.588 24798 24811 I art     : Explicit concurrent mark sweep GC freed 20(704B) AllocSpace objects, 0(0B) LOS objects, 38% free, 25MB/41MB, paused 309us total 35.716ms
08-06 04:00:59.602 24798 24811 I art     : Starting a blocking GC Explicit
08-06 04:00:59.636 24798 24811 I art     : Explicit concurrent mark sweep GC freed 3(96B) AllocSpace objects, 0(0B) LOS objects, 38% free, 25MB/41MB, paused 277us total 33.480ms
08-06 04:00:59.649 24798 24811 I art     : Starting a blocking GC Explicit
08-06 04:00:59.684 24798 24811 I art     : Explicit concurrent mark sweep GC freed 3(96B) AllocSpace objects, 0(0B) LOS objects, 38% free, 25MB/41MB, paused 273us total 34.072ms
08-06 04:00:59.698 24798 24811 I art     : Starting a blocking GC Explicit
08-06 04:00:59.732 24798 24811 I art     : Explicit concurrent mark sweep GC freed 3(96B) AllocSpace objects, 0(0B) LOS objects, 38% free, 25MB/41MB, paused 287us total 33.762ms
08-06 04:00:59.988 24798 24827 I art     : Starting a blocking GC Explicit
08-06 04:01:00.027 24798 24827 I art     : Explicit concurrent mark sweep GC freed 1343(80KB) AllocSpace objects, 1(20KB) LOS objects, 38% free, 25MB/41MB, paused 254us total 38.318ms
08-06 04:01:00.040 24798 24827 I art     : Starting a blocking GC Explicit
08-06 04:01:00.068 24798 24827 I art     : Explicit concurrent mark sweep GC freed 20(704B) AllocSpace objects, 0(0B) LOS objects, 38% free, 25MB/41MB, paused 252us total 27.937ms
08-06 04:01:00.080 24798 24827 I art     : Starting a blocking GC Explicit
08-06 04:01:00.110 24798 24827 I art     : Explicit concurrent mark sweep GC freed 3(96B) AllocSpace objects, 0(0B) LOS objects, 38% free, 25MB/41MB, paused 248us total 28.861ms
08-06 04:01:00.122 24798 24827 I art     : Starting a blocking GC Explicit
08-06 04:01:00.154 24798 24827 I art     : Explicit concurrent mark sweep GC freed 3(96B) AllocSpace objects, 0(0B) LOS objects, 38% free, 25MB/41MB, paused 276us total 31.713ms
08-06 04:01:00.167 24798 24827 I art     : Starting a blocking GC Explicit
08-06 04:01:00.199 24798 24827 I art     : Explicit concurrent mark sweep GC freed 3(96B) AllocSpace objects, 0(0B) LOS objects, 38% free, 25MB/41MB, paused 259us total 31.751ms
08-06 04:01:00.269 26552 26552 D AndroidRuntime: >>>>>> START com.android.internal.os.RuntimeInit uid 2000 <<<<<<
08-06 04:01:00.273 26552 26552 D AndroidRuntime: CheckJNI is OFF
08-06 04:01:00.312 26552 26552 D ICU     : No timezone override file found: /data/misc/zoneinfo/current/icu/icu_tzdata.dat
08-06 04:01:00.352 26552 26552 I Radio-JNI: register_android_hardware_Radio DONE
08-06 04:01:00.375 26552 26552 D AndroidRuntime: Calling main entry com.android.commands.input.Input
08-06 04:01:00.377 26552 26552 I Input   : injectMotionEvent: MotionEvent { action=ACTION_DOWN, actionButton=0, id[0]=0, x[0]=600.0, y[0]=1000.0, toolType[0]=TOOL_TYPE_UNKNOWN, buttonState=0, metaState=0, flags=0x0, edgeFlags=0x0, pointerCount=1, historySize=0, eventTime=849676790, downTime=849676790, deviceId=0, source=0x1002 }
08-06 04:01:00.382 26552 26552 I Input   : injectMotionEvent: MotionEvent { action=ACTION_UP, actionButton=0, id[0]=0, x[0]=600.0, y[0]=1000.0, toolType[0]=TOOL_TYPE_UNKNOWN, buttonState=0, metaState=0, flags=0x0, edgeFlags=0x0, pointerCount=1, historySize=0, eventTime=849676790, downTime=849676790, deviceId=0, source=0x1002 }
08-06 04:01:00.384 26552 26552 D AndroidRuntime: Shutting down VM
08-06 04:01:00.392   918  3714 I ActivityManager: START u0 {dat=https://oauth.reddit.com/... cmp=baseline.org.quantumbadger.redreader/.activities.PostListingActivity} from uid 10705 on display 0
08-06 04:01:00.392   512  2967 D audio_hw_primary: out_set_parameters: enter: usecase(1: low-latency-playback) kvpairs: routing=2
08-06 04:01:00.405   512  2967 D audio_hw_primary: select_devices: out_snd_device(2: speaker) in_snd_device(0: none)
08-06 04:01:00.405   512  2967 D msm8974_platform: platform_send_audio_calibration: sending audio calibration for snd_device(2) acdb_id(15)
08-06 04:01:00.406   512  2967 I soundtrigger: audio_extn_sound_trigger_update_device_status: device 0x2 of type 0 for Event 1
08-06 04:01:00.413 24798 24798 I AppCompatViewInflater: app:theme is now deprecated. Please move to using android:theme instead.
08-06 04:01:00.417   512  2967 D audio_hw_primary: enable_snd_device: snd_device(2: speaker)
08-06 04:01:00.419   512  2967 D audio_hw_primary: enable_audio_route: apply and update mixer path: low-latency-playback speaker
08-06 04:01:00.434 24798 26586 D OK      : calling: https://oauth.reddit.com/r/announcements/about.json
08-06 04:01:00.481 24798 24827 I art     : Starting a blocking GC Explicit
08-06 04:01:00.500   918   936 I ActivityManager: Displayed baseline.org.quantumbadger.redreader/.activities.PostListingActivity: +100ms
08-06 04:01:00.501 13866 13866 I GoogleInputMethodServic: GoogleInputMethodService.onFinishInput():3138 
08-06 04:01:00.501 13866 13866 I GoogleInputMethodServic: GoogleInputMethodService.onStartInput():1808 
08-06 04:01:00.515 24798 24827 I art     : Explicit concurrent mark sweep GC freed 2964(185KB) AllocSpace objects, 1(20KB) LOS objects, 38% free, 25MB/41MB, paused 302us total 34.029ms
08-06 04:01:00.530 24798 24827 I art     : Starting a blocking GC Explicit
08-06 04:01:00.560 24798 24827 I art     : Explicit concurrent mark sweep GC freed 465(24KB) AllocSpace objects, 0(0B) LOS objects, 38% free, 25MB/41MB, paused 263us total 30.093ms
08-06 04:01:00.573 24798 24827 I art     : Starting a blocking GC Explicit
08-06 04:01:00.606 24798 24827 I art     : Explicit concurrent mark sweep GC freed 1825(73KB) AllocSpace objects, 0(0B) LOS objects, 38% free, 25MB/41MB, paused 419us total 33.064ms
08-06 04:01:00.619 24798 24827 I art     : Starting a blocking GC Explicit
08-06 04:01:00.652 24798 24827 I art     : Explicit concurrent mark sweep GC freed 218(7KB) AllocSpace objects, 0(0B) LOS objects, 38% free, 25MB/41MB, paused 320us total 32.577ms
08-06 04:01:00.666 24798 24827 I art     : Starting a blocking GC Explicit
08-06 04:01:00.705 24798 24827 I art     : Explicit concurrent mark sweep GC freed 13(480B) AllocSpace objects, 0(0B) LOS objects, 38% free, 25MB/41MB, paused 485us total 38.524ms
08-06 04:01:00.733 24798 26586 I NAPPA_EXPERIMENTATION: MetricNetworkRequestExecutionTime: REQUEST_DURATION_SYSTEM='299',REQUEST_DURATION_OKHTTP='146',REQUEST_SYNCHRONOUS='TRUE',RESPONSE_CODE='200',RESPONSE_METHOD='GET',RESPONSE_LENGTH_OKHTTP='-1',RESPONSE_LENGTH_HEADER='1564',REQUEST_PROTOCOL='h2',REQUEST_URL='https://oauth.reddit.com/r/announcements/about.json',
08-06 04:01:00.734 24798 26586 D OK      : request got status: 200
08-06 04:01:00.753   380   380 W SurfaceFlinger: couldn't log to binary event log: overflow.
08-06 04:01:00.960   512  2967 D audio_hw_primary: disable_audio_route: reset and update mixer path: low-latency-playback speaker
08-06 04:01:00.961   512  2967 D audio_hw_primary: disable_snd_device: snd_device(2: speaker)
08-06 04:01:00.969   512  2967 I soundtrigger: audio_extn_sound_trigger_update_device_status: device 0x2 of type 0 for Event 0
08-06 04:01:00.975 24798 24827 I art     : Starting a blocking GC Explicit
08-06 04:01:01.008 24798 24827 I art     : Explicit concurrent mark sweep GC freed 3049(241KB) AllocSpace objects, 3(156KB) LOS objects, 38% free, 25MB/41MB, paused 330us total 32.616ms
08-06 04:01:01.022 24798 24827 I art     : Starting a blocking GC Explicit
08-06 04:01:01.056 24798 24827 I art     : Explicit concurrent mark sweep GC freed 211(11KB) AllocSpace objects, 0(0B) LOS objects, 38% free, 25MB/41MB, paused 333us total 33.696ms
08-06 04:01:01.070 24798 24827 I art     : Starting a blocking GC Explicit
08-06 04:01:01.104 24798 24827 I art     : Explicit concurrent mark sweep GC freed 28(1136B) AllocSpace objects, 0(0B) LOS objects, 38% free, 25MB/41MB, paused 360us total 33.796ms
08-06 04:01:01.119 24798 24827 I art     : Starting a blocking GC Explicit
08-06 04:01:01.153 24798 24827 I art     : Explicit concurrent mark sweep GC freed 3(96B) AllocSpace objects, 0(0B) LOS objects, 38% free, 25MB/41MB, paused 300us total 33.907ms
08-06 04:01:01.167 24798 24827 I art     : Starting a blocking GC Explicit
08-06 04:01:01.201 24798 24827 I art     : Explicit concurrent mark sweep GC freed 5(192B) AllocSpace objects, 0(0B) LOS objects, 38% free, 25MB/41MB, paused 293us total 33.556ms
08-06 04:01:01.499 24798 25031 I art     : Starting a blocking GC Explicit
08-06 04:01:01.535 24798 25031 I art     : Explicit concurrent mark sweep GC freed 1365(83KB) AllocSpace objects, 1(20KB) LOS objects, 38% free, 25MB/41MB, paused 308us total 35.679ms
08-06 04:01:01.549 24798 25031 I art     : Starting a blocking GC Explicit
08-06 04:01:01.583 24798 25031 I art     : Explicit concurrent mark sweep GC freed 20(704B) AllocSpace objects, 0(0B) LOS objects, 38% free, 25MB/41MB, paused 305us total 33.869ms
08-06 04:01:01.596 24798 25031 I art     : Starting a blocking GC Explicit
08-06 04:01:01.629 24798 25031 I art     : Explicit concurrent mark sweep GC freed 3(96B) AllocSpace objects, 0(0B) LOS objects, 38% free, 25MB/41MB, paused 341us total 32.932ms
08-06 04:01:01.633 24798 26611 D OK      : calling: https://oauth.reddit.com/r/announcements/hot/.json
08-06 04:01:01.643 24798 25031 I art     : Starting a blocking GC Explicit
08-06 04:01:01.676 24798 25031 I art     : Explicit concurrent mark sweep GC freed 95(3KB) AllocSpace objects, 0(0B) LOS objects, 38% free, 25MB/41MB, paused 342us total 33.098ms
08-06 04:01:01.689 24798 25031 I art     : Starting a blocking GC Explicit
08-06 04:01:01.723 24798 25031 I art     : Explicit concurrent mark sweep GC freed 9(352B) AllocSpace objects, 0(0B) LOS objects, 38% free, 25MB/41MB, paused 382us total 33.102ms
08-06 04:01:01.739   518   646 I ThermalEngine: ACTION: GPU - Setting GPU[0] to 450000000
08-06 04:01:01.850 24798 26611 I NAPPA_EXPERIMENTATION: MetricNetworkRequestExecutionTime: REQUEST_DURATION_SYSTEM='217',REQUEST_DURATION_OKHTTP='213',REQUEST_SYNCHRONOUS='TRUE',RESPONSE_CODE='200',RESPONSE_METHOD='GET',RESPONSE_LENGTH_OKHTTP='-1',RESPONSE_LENGTH_HEADER='142016',REQUEST_PROTOCOL='h2',REQUEST_URL='https://oauth.reddit.com/r/announcements/hot/.json',
08-06 04:01:01.850 24798 26611 D OK      : request got status: 200
08-06 04:01:01.882 24798 25375 I PostListingFragment: Precaching images: OFF
08-06 04:01:01.882 24798 25375 I PostListingFragment: Precaching comments: OFF
08-06 04:01:02.007 24798 24811 I art     : Starting a blocking GC Explicit
08-06 04:01:02.056 24798 26622 D OK      : calling: https://b.thumbs.redditmedia.com/RROcLjDSUc0QV1UeQ1txXdyl1C_7233mmsMgtYXxQzo.jpg
08-06 04:01:02.062 24798 24811 I art     : Explicit concurrent mark sweep GC freed 6119(393KB) AllocSpace objects, 5(92KB) LOS objects, 36% free, 27MB/43MB, paused 1.079ms total 54.380ms
08-06 04:01:02.080 24798 24811 I art     : Starting a blocking GC Explicit
08-06 04:01:02.092 24798 26623 D OK      : calling: https://a.thumbs.redditmedia.com/N-frnMqRYp_XiaGds7kPbHf82a876RNKSQ1iw0LzHR0.jpg
08-06 04:01:02.108 24798 26624 D OK      : calling: https://b.thumbs.redditmedia.com/KH2o_q4MXufUdRChsfwLtl6gnEnT8MJtZn3Tyj5ZmBU.jpg
08-06 04:01:02.133 24798 24811 I art     : Explicit concurrent mark sweep GC freed 3892(190KB) AllocSpace objects, 0(0B) LOS objects, 36% free, 28MB/44MB, paused 961us total 52.462ms
08-06 04:01:02.152 24798 24811 I art     : Starting a blocking GC Explicit
08-06 04:01:02.158 24798 26625 D OK      : calling: https://b.thumbs.redditmedia.com/MGaOJeZl7UsmdtroJopYU_36HUNvQ9LUV5WFH_FJ2vI.jpg
08-06 04:01:02.206 24798 24811 I art     : Explicit concurrent mark sweep GC freed 4813(255KB) AllocSpace objects, 2(48KB) LOS objects, 35% free, 28MB/44MB, paused 879us total 54.268ms
08-06 04:01:02.225 24798 24811 I art     : Starting a blocking GC Explicit
08-06 04:01:02.229 24798 26626 D OK      : calling: https://a.thumbs.redditmedia.com/-D0hxchgus9EyzvGqvnabK_3Obl93tMfG9G58V1QwW8.jpg
08-06 04:01:02.268 24798 26633 D OK      : calling: https://b.thumbs.redditmedia.com/zCaV9kuSMZxmMvdmErGyUsYNdPrmX8LP9_Ee4QTT16g.jpg
08-06 04:01:02.279 24798 26634 D OK      : calling: https://b.thumbs.redditmedia.com/4EGkxZNzrzt-RCtd035cWyO0BipdbDVuPwi4W2v4TyM.jpg
08-06 04:01:02.281 24798 24811 I art     : Explicit concurrent mark sweep GC freed 12331(532KB) AllocSpace objects, 1(68KB) LOS objects, 35% free, 29MB/45MB, paused 1.380ms total 55.717ms
08-06 04:01:02.301 24798 24811 I art     : Starting a blocking GC Explicit
08-06 04:01:02.320 24798 26635 D OK      : calling: https://a.thumbs.redditmedia.com/aVhMBmGX07uX0KhK0rKdhMvQ4UsOJIHN4KeTaa36EF4.jpg
08-06 04:01:02.358 24798 24811 I art     : Explicit concurrent mark sweep GC freed 5096(280KB) AllocSpace objects, 2(104KB) LOS objects, 35% free, 28MB/44MB, paused 989us total 57.720ms
08-06 04:01:02.413 24798 26624 I NAPPA_EXPERIMENTATION: MetricNetworkRequestExecutionTime: REQUEST_DURATION_SYSTEM='305',REQUEST_DURATION_OKHTTP='161',REQUEST_SYNCHRONOUS='TRUE',RESPONSE_CODE='200',RESPONSE_METHOD='GET',RESPONSE_LENGTH_OKHTTP='2613',RESPONSE_LENGTH_HEADER='2613',REQUEST_PROTOCOL='h2',REQUEST_URL='https://b.thumbs.redditmedia.com/KH2o_q4MXufUdRChsfwLtl6gnEnT8MJtZn3Tyj5ZmBU.jpg',
08-06 04:01:02.413 24798 26624 D OK      : request got status: 200
08-06 04:01:02.428 24798 26622 I NAPPA_EXPERIMENTATION: MetricNetworkRequestExecutionTime: REQUEST_DURATION_SYSTEM='371',REQUEST_DURATION_OKHTTP='198',REQUEST_SYNCHRONOUS='TRUE',RESPONSE_CODE='200',RESPONSE_METHOD='GET',RESPONSE_LENGTH_OKHTTP='2558',RESPONSE_LENGTH_HEADER='2558',REQUEST_PROTOCOL='h2',REQUEST_URL='https://b.thumbs.redditmedia.com/RROcLjDSUc0QV1UeQ1txXdyl1C_7233mmsMgtYXxQzo.jpg',
08-06 04:01:02.428 24798 26622 D OK      : request got status: 200
08-06 04:01:02.457 24798 24798 W RecyclerView: Cannot call this method in a scroll callback. Scroll callbacks mightbe run during a measure & layout pass where you cannot change theRecyclerView data. Any method call that might change the structureof the RecyclerView or the adapter contents should be postponed tothe next frame.
08-06 04:01:02.457 24798 24798 W RecyclerView: java.lang.IllegalStateException:  androidx.recyclerview.widget.RecyclerView{293867c VFED..... .F....ID 0,0-1440,2140 #7f0900ef app:id/scrollbar_recyclerview_recyclerview}, adapter:baseline.org.quantumbadger.redreader.adapters.GroupedRecyclerViewAdapter@bb23b05, layout:androidx.recyclerview.widget.LinearLayoutManager@3bcd75a, context:baseline.org.quantumbadger.redreader.activities.PostListingActivity@79be10f
08-06 04:01:02.457 24798 24798 W RecyclerView: 	at androidx.recyclerview.widget.RecyclerView.assertNotInLayoutOrScroll(RecyclerView.java:3061)
08-06 04:01:02.457 24798 24798 W RecyclerView: 	at androidx.recyclerview.widget.RecyclerView$RecyclerViewDataObserver.onItemRangeInserted(RecyclerView.java:5555)
08-06 04:01:02.457 24798 24798 W RecyclerView: 	at androidx.recyclerview.widget.RecyclerView$AdapterDataObservable.notifyItemRangeInserted(RecyclerView.java:12278)
08-06 04:01:02.457 24798 24798 W RecyclerView: 	at androidx.recyclerview.widget.RecyclerView$Adapter.notifyItemInserted(RecyclerView.java:7464)
08-06 04:01:02.457 24798 24798 W RecyclerView: 	at baseline.org.quantumbadger.redreader.adapters.GroupedRecyclerViewAdapter.updateHiddenStatus(GroupedRecyclerViewAdapter.java:279)
08-06 04:01:02.457 24798 24798 W RecyclerView: 	at baseline.org.quantumbadger.redreader.adapters.RedditListingManager.setLoadingVisible(RedditListingManager.java:125)
08-06 04:01:02.457 24798 24798 W RecyclerView: 	at baseline.org.quantumbadger.redreader.fragments.PostListingFragment.onLoadMoreItemsCheck(PostListingFragment.java:465)
08-06 04:01:02.457 24798 24798 W RecyclerView: 	at baseline.org.quantumbadger.redreader.fragments.PostListingFragment.access$000(PostListingFragment.java:98)
08-06 04:01:02.457 24798 24798 W RecyclerView: 	at baseline.org.quantumbadger.redreader.fragments.PostListingFragment$2.onScrolled(PostListingFragment.java:215)
08-06 04:01:02.457 24798 24798 W RecyclerView: 	at androidx.recyclerview.widget.RecyclerView.dispatchOnScrolled(RecyclerView.java:5173)
08-06 04:01:02.457 24798 24798 W RecyclerView: 	at androidx.recyclerview.widget.RecyclerView.dispatchLayoutStep3(RecyclerView.java:4231)
08-06 04:01:02.457 24798 24798 W RecyclerView: 	at androidx.recyclerview.widget.RecyclerView.dispatchLayout(RecyclerView.java:3862)
08-06 04:01:02.457 24798 24798 W RecyclerView: 	at androidx.recyclerview.widget.RecyclerView.consumePendingUpdateOperations(RecyclerView.java:1897)
08-06 04:01:02.457 24798 24798 W RecyclerView: 	at androidx.recyclerview.widget.RecyclerView$1.run(RecyclerView.java:414)
08-06 04:01:02.457 24798 24798 W RecyclerView: 	at android.view.Choreographer$CallbackRecord.run(Choreographer.java:858)
08-06 04:01:02.457 24798 24798 W RecyclerView: 	at android.view.Choreographer.doCallbacks(Choreographer.java:670)
08-06 04:01:02.457 24798 24798 W RecyclerView: 	at android.view.Choreographer.doFrame(Choreographer.java:603)
08-06 04:01:02.457 24798 24798 W RecyclerView: 	at android.view.Choreographer$FrameDisplayEventReceiver.run(Choreographer.java:844)
08-06 04:01:02.457 24798 24798 W RecyclerView: 	at android.os.Handler.handleCallback(Handler.java:739)
08-06 04:01:02.457 24798 24798 W RecyclerView: 	at android.os.Handler.dispatchMessage(Handler.java:95)
08-06 04:01:02.457 24798 24798 W RecyclerView: 	at android.os.Looper.loop(Looper.java:148)
08-06 04:01:02.457 24798 24798 W RecyclerView: 	at android.app.ActivityThread.main(ActivityThread.java:5417)
08-06 04:01:02.457 24798 24798 W RecyclerView: 	at java.lang.reflect.Method.invoke(Native Method)
08-06 04:01:02.457 24798 24798 W RecyclerView: 	at com.android.internal.os.ZygoteInit$MethodAndArgsCaller.run(ZygoteInit.java:726)
08-06 04:01:02.457 24798 24798 W RecyclerView: 	at com.android.internal.os.ZygoteInit.main(ZygoteInit.java:616)
08-06 04:01:02.464 24798 26623 I NAPPA_EXPERIMENTATION: MetricNetworkRequestExecutionTime: REQUEST_DURATION_SYSTEM='372',REQUEST_DURATION_OKHTTP='220',REQUEST_SYNCHRONOUS='TRUE',RESPONSE_CODE='200',RESPONSE_METHOD='GET',RESPONSE_LENGTH_OKHTTP='3750',RESPONSE_LENGTH_HEADER='3750',REQUEST_PROTOCOL='h2',REQUEST_URL='https://a.thumbs.redditmedia.com/N-frnMqRYp_XiaGds7kPbHf82a876RNKSQ1iw0LzHR0.jpg',
08-06 04:01:02.464 24798 26623 D OK      : request got status: 200
08-06 04:01:02.498 24798 26625 I NAPPA_EXPERIMENTATION: MetricNetworkRequestExecutionTime: REQUEST_DURATION_SYSTEM='340',REQUEST_DURATION_OKHTTP='242',REQUEST_SYNCHRONOUS='TRUE',RESPONSE_CODE='200',RESPONSE_METHOD='GET',RESPONSE_LENGTH_OKHTTP='4804',RESPONSE_LENGTH_HEADER='4804',REQUEST_PROTOCOL='h2',REQUEST_URL='https://b.thumbs.redditmedia.com/MGaOJeZl7UsmdtroJopYU_36HUNvQ9LUV5WFH_FJ2vI.jpg',
08-06 04:01:02.498 24798 26625 D OK      : request got status: 200
08-06 04:01:02.507 24798 26634 I NAPPA_EXPERIMENTATION: MetricNetworkRequestExecutionTime: REQUEST_DURATION_SYSTEM='228',REQUEST_DURATION_OKHTTP='227',REQUEST_SYNCHRONOUS='TRUE',RESPONSE_CODE='200',RESPONSE_METHOD='GET',RESPONSE_LENGTH_OKHTTP='4987',RESPONSE_LENGTH_HEADER='4987',REQUEST_PROTOCOL='h2',REQUEST_URL='https://b.thumbs.redditmedia.com/4EGkxZNzrzt-RCtd035cWyO0BipdbDVuPwi4W2v4TyM.jpg',
08-06 04:01:02.507 24798 26634 D OK      : request got status: 200
08-06 04:01:02.508 24798 26633 I NAPPA_EXPERIMENTATION: MetricNetworkRequestExecutionTime: REQUEST_DURATION_SYSTEM='240',REQUEST_DURATION_OKHTTP='239',REQUEST_SYNCHRONOUS='TRUE',RESPONSE_CODE='200',RESPONSE_METHOD='GET',RESPONSE_LENGTH_OKHTTP='6132',RESPONSE_LENGTH_HEADER='6132',REQUEST_PROTOCOL='h2',REQUEST_URL='https://b.thumbs.redditmedia.com/zCaV9kuSMZxmMvdmErGyUsYNdPrmX8LP9_Ee4QTT16g.jpg',
08-06 04:01:02.508 24798 26633 D OK      : request got status: 200
08-06 04:01:02.544 24798 26635 I NAPPA_EXPERIMENTATION: MetricNetworkRequestExecutionTime: REQUEST_DURATION_SYSTEM='223',REQUEST_DURATION_OKHTTP='222',REQUEST_SYNCHRONOUS='TRUE',RESPONSE_CODE='200',RESPONSE_METHOD='GET',RESPONSE_LENGTH_OKHTTP='6940',RESPONSE_LENGTH_HEADER='6940',REQUEST_PROTOCOL='h2',REQUEST_URL='https://a.thumbs.redditmedia.com/aVhMBmGX07uX0KhK0rKdhMvQ4UsOJIHN4KeTaa36EF4.jpg',
08-06 04:01:02.544 24798 26635 D OK      : request got status: 200
08-06 04:01:02.641 24798 24809 I art     : Starting a blocking GC Explicit
08-06 04:01:02.649 24798 26626 I NAPPA_EXPERIMENTATION: MetricNetworkRequestExecutionTime: REQUEST_DURATION_SYSTEM='420',REQUEST_DURATION_OKHTTP='150',REQUEST_SYNCHRONOUS='TRUE',RESPONSE_CODE='200',RESPONSE_METHOD='GET',RESPONSE_LENGTH_OKHTTP='4818',RESPONSE_LENGTH_HEADER='4818',REQUEST_PROTOCOL='h2',REQUEST_URL='https://a.thumbs.redditmedia.com/-D0hxchgus9EyzvGqvnabK_3Obl93tMfG9G58V1QwW8.jpg',
08-06 04:01:02.649 24798 26626 D OK      : request got status: 200
08-06 04:01:02.692 24798 24809 I art     : Explicit concurrent mark sweep GC freed 67250(3MB) AllocSpace objects, 46(2MB) LOS objects, 36% free, 27MB/43MB, paused 448us total 51.315ms
08-06 04:01:02.711 24798 24809 I art     : Starting a blocking GC Explicit
08-06 04:01:02.750 24798 24809 I art     : Explicit concurrent mark sweep GC freed 790(71KB) AllocSpace objects, 4(484KB) LOS objects, 36% free, 27MB/43MB, paused 346us total 38.448ms
08-06 04:01:02.767 24798 24809 I art     : Starting a blocking GC Explicit
08-06 04:01:02.807 24798 24809 I art     : Explicit concurrent mark sweep GC freed 388(27KB) AllocSpace objects, 2(88KB) LOS objects, 36% free, 27MB/43MB, paused 348us total 40.490ms
08-06 04:01:02.825 24798 24809 I art     : Starting a blocking GC Explicit
08-06 04:01:02.835 24798 26647 D OK      : calling: https://oauth.reddit.com/r/announcements/hot/.json?after=t3_9jf8nh
08-06 04:01:02.871 24798 24809 I art     : Explicit concurrent mark sweep GC freed 93(3KB) AllocSpace objects, 0(0B) LOS objects, 36% free, 27MB/43MB, paused 498us total 45.789ms
08-06 04:01:02.890 24798 24809 I art     : Starting a blocking GC Explicit
08-06 04:01:02.940 24798 24809 I art     : Explicit concurrent mark sweep GC freed 21(912B) AllocSpace objects, 0(0B) LOS objects, 36% free, 27MB/43MB, paused 518us total 50.499ms
08-06 04:01:03.202 24798 26647 I NAPPA_EXPERIMENTATION: MetricNetworkRequestExecutionTime: REQUEST_DURATION_SYSTEM='366',REQUEST_DURATION_OKHTTP='154',REQUEST_SYNCHRONOUS='TRUE',RESPONSE_CODE='200',RESPONSE_METHOD='GET',RESPONSE_LENGTH_OKHTTP='-1',RESPONSE_LENGTH_HEADER='65685',REQUEST_PROTOCOL='h2',REQUEST_URL='https://oauth.reddit.com/r/announcements/hot/.json?after=t3_9jf8nh',
08-06 04:01:03.202 24798 26647 D OK      : request got status: 200
08-06 04:01:03.211 24798 25375 I PostListingFragment: Precaching images: OFF
08-06 04:01:03.211 24798 25375 I PostListingFragment: Precaching comments: OFF
08-06 04:01:03.245 24798 25031 I art     : Starting a blocking GC Explicit
08-06 04:01:03.245 24798 26660 D OK      : calling: https://a.thumbs.redditmedia.com/8P7BG-empihRDWkNYE_LZ8tekikmQtEiymWkwv7obo0.jpg
08-06 04:01:03.290 24798 26661 D OK      : calling: https://b.thumbs.redditmedia.com/PCxvz6Ma5pyTglQOwhW4LZZOY0qIwyWW5pD83dYmMgc.jpg
08-06 04:01:03.297 24798 25031 I art     : Explicit concurrent mark sweep GC freed 8212(517KB) AllocSpace objects, 3(52KB) LOS objects, 35% free, 28MB/44MB, paused 902us total 52.155ms
08-06 04:01:03.316 24798 25031 I art     : Starting a blocking GC Explicit
08-06 04:01:03.366 24798 25031 I art     : Explicit concurrent mark sweep GC freed 4124(184KB) AllocSpace objects, 1(68KB) LOS objects, 35% free, 29MB/45MB, paused 872us total 49.733ms
08-06 04:01:03.380 24798 26660 I NAPPA_EXPERIMENTATION: MetricNetworkRequestExecutionTime: REQUEST_DURATION_SYSTEM='135',REQUEST_DURATION_OKHTTP='133',REQUEST_SYNCHRONOUS='TRUE',RESPONSE_CODE='200',RESPONSE_METHOD='GET',RESPONSE_LENGTH_OKHTTP='3039',RESPONSE_LENGTH_HEADER='3039',REQUEST_PROTOCOL='h2',REQUEST_URL='https://a.thumbs.redditmedia.com/8P7BG-empihRDWkNYE_LZ8tekikmQtEiymWkwv7obo0.jpg',
08-06 04:01:03.380 24798 26660 D OK      : request got status: 200
08-06 04:01:03.384 24798 25031 I art     : Starting a blocking GC Explicit
08-06 04:01:03.434 24798 25031 I art     : Explicit concurrent mark sweep GC freed 5590(303KB) AllocSpace objects, 7(620KB) LOS objects, 35% free, 29MB/45MB, paused 598us total 49.218ms
08-06 04:01:03.452 24798 25031 I art     : Starting a blocking GC Explicit
08-06 04:01:03.504 24798 25031 I art     : Explicit concurrent mark sweep GC freed 4027(176KB) AllocSpace objects, 1(68KB) LOS objects, 35% free, 29MB/45MB, paused 697us total 50.944ms
08-06 04:01:03.522 24798 25031 I art     : Starting a blocking GC Explicit
08-06 04:01:03.551 24798 26661 I NAPPA_EXPERIMENTATION: MetricNetworkRequestExecutionTime: REQUEST_DURATION_SYSTEM='261',REQUEST_DURATION_OKHTTP='142',REQUEST_SYNCHRONOUS='TRUE',RESPONSE_CODE='200',RESPONSE_METHOD='GET',RESPONSE_LENGTH_OKHTTP='9233',RESPONSE_LENGTH_HEADER='9233',REQUEST_PROTOCOL='h2',REQUEST_URL='https://b.thumbs.redditmedia.com/PCxvz6Ma5pyTglQOwhW4LZZOY0qIwyWW5pD83dYmMgc.jpg',
08-06 04:01:03.551 24798 26661 D OK      : request got status: 200
08-06 04:01:03.572 24798 25031 I art     : Explicit concurrent mark sweep GC freed 3830(148KB) AllocSpace objects, 1(68KB) LOS objects, 35% free, 29MB/45MB, paused 599us total 48.961ms
08-06 04:01:03.896 24798 24827 I art     : Starting a blocking GC Explicit
08-06 04:01:03.946 24798 24827 I art     : Explicit concurrent mark sweep GC freed 19233(1027KB) AllocSpace objects, 11(316KB) LOS objects, 36% free, 28MB/44MB, paused 381us total 49.586ms
08-06 04:01:03.964 24798 24827 I art     : Starting a blocking GC Explicit
08-06 04:01:04.013 24798 24827 I art     : Explicit concurrent mark sweep GC freed 234(8KB) AllocSpace objects, 0(0B) LOS objects, 36% free, 28MB/44MB, paused 388us total 48.769ms
08-06 04:01:04.032 24798 24827 I art     : Starting a blocking GC Explicit
08-06 04:01:04.080 24798 24827 I art     : Explicit concurrent mark sweep GC freed 3(96B) AllocSpace objects, 0(0B) LOS objects, 36% free, 28MB/44MB, paused 398us total 48.401ms
08-06 04:01:04.099 24798 24827 I art     : Starting a blocking GC Explicit
08-06 04:01:04.149 24798 24827 I art     : Explicit concurrent mark sweep GC freed 3(96B) AllocSpace objects, 0(0B) LOS objects, 36% free, 28MB/44MB, paused 399us total 49.629ms
08-06 04:01:04.171 24798 24827 I art     : Starting a blocking GC Explicit
08-06 04:01:04.223 24798 24827 I art     : Explicit concurrent mark sweep GC freed 3(96B) AllocSpace objects, 0(0B) LOS objects, 36% free, 28MB/44MB, paused 430us total 50.953ms
08-06 04:01:04.563 24798 24811 I art     : Starting a blocking GC Explicit
08-06 04:01:04.620 24798 24811 I art     : Explicit concurrent mark sweep GC freed 1344(82KB) AllocSpace objects, 1(20KB) LOS objects, 36% free, 28MB/44MB, paused 458us total 57.072ms
08-06 04:01:04.642 24798 24811 I art     : Starting a blocking GC Explicit
08-06 04:01:04.688 24798 24811 I art     : Explicit concurrent mark sweep GC freed 20(704B) AllocSpace objects, 0(0B) LOS objects, 36% free, 28MB/44MB, paused 397us total 45.921ms
08-06 04:01:04.706 24798 24811 I art     : Starting a blocking GC Explicit
08-06 04:01:04.756 24798 24811 I art     : Explicit concurrent mark sweep GC freed 3(96B) AllocSpace objects, 0(0B) LOS objects, 36% free, 28MB/44MB, paused 421us total 49.049ms
08-06 04:01:04.775 24798 24811 I art     : Starting a blocking GC Explicit
08-06 04:01:04.823 24798 24811 I art     : Explicit concurrent mark sweep GC freed 3(96B) AllocSpace objects, 0(0B) LOS objects, 36% free, 28MB/44MB, paused 399us total 48.507ms
08-06 04:01:04.842 24798 24811 I art     : Starting a blocking GC Explicit
08-06 04:01:04.892 24798 24811 I art     : Explicit concurrent mark sweep GC freed 3(96B) AllocSpace objects, 0(0B) LOS objects, 36% free, 28MB/44MB, paused 409us total 50.009ms
08-06 04:01:05.220 24798 24809 I art     : Starting a blocking GC Explicit
08-06 04:01:05.284 24798 24809 I art     : Explicit concurrent mark sweep GC freed 1344(82KB) AllocSpace objects, 1(20KB) LOS objects, 36% free, 28MB/44MB, paused 434us total 63.124ms
08-06 04:01:05.308 24798 24809 I art     : Starting a blocking GC Explicit
08-06 04:01:05.356 24798 24809 I art     : Explicit concurrent mark sweep GC freed 20(704B) AllocSpace objects, 0(0B) LOS objects, 36% free, 28MB/44MB, paused 397us total 48.621ms
08-06 04:01:05.378 24798 24809 I art     : Starting a blocking GC Explicit
08-06 04:01:05.428 24798 24809 I art     : Explicit concurrent mark sweep GC freed 3(96B) AllocSpace objects, 0(0B) LOS objects, 36% free, 28MB/44MB, paused 419us total 49.229ms
08-06 04:01:05.447 24798 24809 I art     : Starting a blocking GC Explicit
08-06 04:01:05.498 24798 24809 I art     : Explicit concurrent mark sweep GC freed 3(96B) AllocSpace objects, 0(0B) LOS objects, 36% free, 28MB/44MB, paused 543us total 50.848ms
08-06 04:01:05.520 24798 24809 I art     : Starting a blocking GC Explicit
08-06 04:01:05.566 24798 24809 I art     : Explicit concurrent mark sweep GC freed 3(96B) AllocSpace objects, 0(0B) LOS objects, 36% free, 28MB/44MB, paused 398us total 45.839ms
08-06 04:01:05.858 24798 25031 I art     : Starting a blocking GC Explicit
08-06 04:01:05.913 24798 25031 I art     : Explicit concurrent mark sweep GC freed 1349(82KB) AllocSpace objects, 1(20KB) LOS objects, 36% free, 28MB/44MB, paused 470us total 55.079ms
08-06 04:01:05.936 24798 25031 I art     : Starting a blocking GC Explicit
08-06 04:01:05.982 24798 25031 I art     : Explicit concurrent mark sweep GC freed 20(704B) AllocSpace objects, 0(0B) LOS objects, 36% free, 28MB/44MB, paused 425us total 46.259ms
08-06 04:01:06.000 24798 25031 I art     : Starting a blocking GC Explicit
08-06 04:01:06.048 24798 25031 I art     : Explicit concurrent mark sweep GC freed 3(96B) AllocSpace objects, 0(0B) LOS objects, 36% free, 28MB/44MB, paused 428us total 46.977ms
08-06 04:01:06.066 24798 25031 I art     : Starting a blocking GC Explicit
08-06 04:01:06.113 24798 25031 I art     : Explicit concurrent mark sweep GC freed 3(96B) AllocSpace objects, 0(0B) LOS objects, 36% free, 28MB/44MB, paused 412us total 47.055ms
08-06 04:01:06.131 24798 25031 I art     : Starting a blocking GC Explicit
08-06 04:01:06.179 24798 25031 I art     : Explicit concurrent mark sweep GC freed 3(96B) AllocSpace objects, 0(0B) LOS objects, 36% free, 28MB/44MB, paused 413us total 47.091ms
08-06 04:01:06.233 26694 26694 D AndroidRuntime: >>>>>> START com.android.internal.os.RuntimeInit uid 2000 <<<<<<
08-06 04:01:06.240 26694 26694 D AndroidRuntime: CheckJNI is OFF
08-06 04:01:06.286 26694 26694 D ICU     : No timezone override file found: /data/misc/zoneinfo/current/icu/icu_tzdata.dat
08-06 04:01:06.333 26694 26694 I Radio-JNI: register_android_hardware_Radio DONE
08-06 04:01:06.363 26694 26694 D AndroidRuntime: Calling main entry com.android.commands.input.Input
08-06 04:01:06.365 26694 26694 I Input   : injectMotionEvent: MotionEvent { action=ACTION_DOWN, actionButton=0, id[0]=0, x[0]=600.0, y[0]=580.0, toolType[0]=TOOL_TYPE_UNKNOWN, buttonState=0, metaState=0, flags=0x0, edgeFlags=0x0, pointerCount=1, historySize=0, eventTime=849682778, downTime=849682778, deviceId=0, source=0x1002 }
08-06 04:01:06.371 26694 26694 I Input   : injectMotionEvent: MotionEvent { action=ACTION_UP, actionButton=0, id[0]=0, x[0]=600.0, y[0]=580.0, toolType[0]=TOOL_TYPE_UNKNOWN, buttonState=0, metaState=0, flags=0x0, edgeFlags=0x0, pointerCount=1, historySize=0, eventTime=849682778, downTime=849682778, deviceId=0, source=0x1002 }
08-06 04:01:06.373 26694 26694 D AndroidRuntime: Shutting down VM
08-06 04:01:06.387   512  2967 D audio_hw_primary: out_set_parameters: enter: usecase(1: low-latency-playback) kvpairs: routing=2
08-06 04:01:06.388   918  3359 I ActivityManager: START u0 {cmp=baseline.org.quantumbadger.redreader/.activities.WebViewActivity (has extras)} from uid 10705 on display 0
08-06 04:01:06.400   512  2967 D audio_hw_primary: select_devices: out_snd_device(2: speaker) in_snd_device(0: none)
08-06 04:01:06.400   512  2967 D msm8974_platform: platform_send_audio_calibration: sending audio calibration for snd_device(2) acdb_id(15)
08-06 04:01:06.401   512  2967 I soundtrigger: audio_extn_sound_trigger_update_device_status: device 0x2 of type 0 for Event 1
08-06 04:01:06.411   512  2967 D audio_hw_primary: enable_snd_device: snd_device(2: speaker)
08-06 04:01:06.412 24798 24798 I AppCompatViewInflater: app:theme is now deprecated. Please move to using android:theme instead.
08-06 04:01:06.413   512  2967 D audio_hw_primary: enable_audio_route: apply and update mixer path: low-latency-playback speaker
08-06 04:01:06.430 24798 24798 I WebViewFactory: Loading com.google.android.webview version 84.0.4147.89 (code 414708953)
08-06 04:01:06.520 24798 24798 I cr_LibraryLoader: Loaded native library version number "84.0.4147.89"
08-06 04:01:06.521 24798 24798 I cr_CachingUmaRecorder: Flushed 5 samples from 5 histograms.
08-06 04:01:06.526 24798 24809 I art     : Starting a blocking GC Explicit
08-06 04:01:06.564 24798 24798 E chromium: [ERROR:filesystem_posix.cc(62)] mkdir /data/user/0/baseline.org.quantumbadger.redreader/cache/WebView/Crashpad: No such file or directory (2)
08-06 04:01:06.578 24798 24809 I art     : Explicit concurrent mark sweep GC freed 7308(659KB) AllocSpace objects, 3(60KB) LOS objects, 35% free, 29MB/45MB, paused 1.130ms total 51.820ms
08-06 04:01:06.608 24798 24809 I art     : Starting a blocking GC Explicit
08-06 04:01:06.662 24798 24809 I art     : Explicit concurrent mark sweep GC freed 7031(560KB) AllocSpace objects, 3(76KB) LOS objects, 35% free, 28MB/44MB, paused 947us total 53.479ms
08-06 04:01:06.662   918  4413 D ConnectivityService: listenForNetwork for Listen from uid/pid:10705/24798 for NetworkRequest [ id=3808, legacyType=-1, [ Capabilities: INTERNET&NOT_RESTRICTED&TRUSTED] ]
08-06 04:01:06.679 24798 24809 I art     : Starting a blocking GC Explicit
08-06 04:01:06.715 24798 26743 W cr_media: Requires BLUETOOTH permission
08-06 04:01:06.732 24798 24809 I art     : Explicit concurrent mark sweep GC freed 2484(165KB) AllocSpace objects, 0(0B) LOS objects, 35% free, 29MB/45MB, paused 1.316ms total 51.923ms
08-06 04:01:06.733 24798 26752 E libEGL  : validate_display:255 error 3008 (EGL_BAD_DISPLAY)
08-06 04:01:06.760 24798 24809 I art     : Starting a blocking GC Explicit
08-06 04:01:06.808 24798 24809 I art     : Explicit concurrent mark sweep GC freed 789(64KB) AllocSpace objects, 0(0B) LOS objects, 35% free, 29MB/45MB, paused 554us total 47.371ms
08-06 04:01:06.825 24798 24809 I art     : Starting a blocking GC Explicit
08-06 04:01:06.828 22752 22752 I Atfwd_Sendcmd: AtCmdFwd service not ready - Exhausted retry attempts - :6
08-06 04:01:06.828 22752 22752 I Atfwd_Daemon: result : -1 	 ,Init step :2 	 ,qmiErrorCode: 0
08-06 04:01:06.865 24798 24809 I art     : Explicit concurrent mark sweep GC freed 596(25KB) AllocSpace objects, 0(0B) LOS objects, 35% free, 29MB/45MB, paused 564us total 40.058ms
08-06 04:01:06.886 13866 13866 I GoogleInputMethodServic: GoogleInputMethodService.onFinishInput():3138 
08-06 04:01:06.887   918   936 I ActivityManager: Displayed baseline.org.quantumbadger.redreader/.activities.WebViewActivity: +488ms
08-06 04:01:06.887 13866 13866 I GoogleInputMethodServic: GoogleInputMethodService.onStartInput():1808 
08-06 04:01:06.959   512  2967 D audio_hw_primary: disable_audio_route: reset and update mixer path: low-latency-playback speaker
08-06 04:01:06.960   512  2967 D audio_hw_primary: disable_snd_device: snd_device(2: speaker)
08-06 04:01:06.967   512  2967 I soundtrigger: audio_extn_sound_trigger_update_device_status: device 0x2 of type 0 for Event 0
08-06 04:01:07.143   380   380 W SurfaceFlinger: couldn't log to binary event log: overflow.
08-06 04:01:07.182 24798 24827 I art     : Starting a blocking GC Explicit
08-06 04:01:07.226 24798 24827 I art     : Explicit concurrent mark sweep GC freed 4441(250KB) AllocSpace objects, 4(220KB) LOS objects, 35% free, 29MB/45MB, paused 517us total 44.103ms
08-06 04:01:07.245 24798 24827 I art     : Starting a blocking GC Explicit
08-06 04:01:07.285 24798 24827 I art     : Explicit concurrent mark sweep GC freed 1075(122KB) AllocSpace objects, 0(0B) LOS objects, 35% free, 29MB/45MB, paused 454us total 39.757ms
08-06 04:01:07.304 24798 24827 I art     : Starting a blocking GC Explicit
08-06 04:01:07.350 24798 24827 I art     : Explicit concurrent mark sweep GC freed 678(52KB) AllocSpace objects, 0(0B) LOS objects, 35% free, 29MB/45MB, paused 754us total 45.419ms
08-06 04:01:07.368 24798 24827 I art     : Starting a blocking GC Explicit
08-06 04:01:07.409 24798 24827 I art     : Explicit concurrent mark sweep GC freed 415(32KB) AllocSpace objects, 0(0B) LOS objects, 35% free, 29MB/45MB, paused 553us total 41.664ms
08-06 04:01:07.427 24798 24827 I art     : Starting a blocking GC Explicit
08-06 04:01:07.468 24798 24827 I art     : Explicit concurrent mark sweep GC freed 64(1984B) AllocSpace objects, 0(0B) LOS objects, 35% free, 29MB/45MB, paused 587us total 40.847ms
08-06 04:01:07.770 24798 24809 I art     : Starting a blocking GC Explicit
08-06 04:01:07.816 24798 24809 I art     : Explicit concurrent mark sweep GC freed 5273(246KB) AllocSpace objects, 1(20KB) LOS objects, 35% free, 29MB/45MB, paused 628us total 46.405ms
08-06 04:01:07.835 24798 24809 I art     : Starting a blocking GC Explicit
08-06 04:01:07.879 24798 24809 I art     : Explicit concurrent mark sweep GC freed 112(3KB) AllocSpace objects, 0(0B) LOS objects, 35% free, 29MB/45MB, paused 590us total 43.664ms
08-06 04:01:07.897 24798 24809 I art     : Starting a blocking GC Explicit
08-06 04:01:07.941 24798 24809 I art     : Explicit concurrent mark sweep GC freed 3(96B) AllocSpace objects, 0(0B) LOS objects, 35% free, 29MB/45MB, paused 570us total 43.989ms
08-06 04:01:07.961 24798 24809 I art     : Starting a blocking GC Explicit
08-06 04:01:08.004 24798 24809 I art     : Explicit concurrent mark sweep GC freed 3(96B) AllocSpace objects, 0(0B) LOS objects, 35% free, 29MB/45MB, paused 730us total 43.443ms
08-06 04:01:08.026 24798 24809 I art     : Starting a blocking GC Explicit
08-06 04:01:08.068 24798 24809 I art     : Explicit concurrent mark sweep GC freed 3(96B) AllocSpace objects, 0(0B) LOS objects, 35% free, 29MB/45MB, paused 721us total 40.650ms
08-06 04:01:08.408 24798 24798 I Choreographer: Skipped 55 frames!  The application may be doing too much work on its main thread.
08-06 04:01:08.426 24798 25031 I art     : Starting a blocking GC Explicit
08-06 04:01:08.483 24798 25031 I art     : Explicit concurrent mark sweep GC freed 1378(83KB) AllocSpace objects, 1(20KB) LOS objects, 35% free, 29MB/45MB, paused 789us total 56.522ms
08-06 04:01:08.505 24798 25031 I art     : Starting a blocking GC Explicit
08-06 04:01:08.545 24798 25031 I art     : Explicit concurrent mark sweep GC freed 32(1072B) AllocSpace objects, 0(0B) LOS objects, 35% free, 29MB/45MB, paused 638us total 40.031ms
08-06 04:01:08.568 24798 25031 I art     : Starting a blocking GC Explicit
08-06 04:01:08.615 24798 25031 I art     : Explicit concurrent mark sweep GC freed 184(31KB) AllocSpace objects, 0(0B) LOS objects, 35% free, 29MB/45MB, paused 511us total 46.049ms
08-06 04:01:08.634 24798 25031 I art     : Starting a blocking GC Explicit
08-06 04:01:08.684 24798 25031 I art     : Explicit concurrent mark sweep GC freed 82(2752B) AllocSpace objects, 0(0B) LOS objects, 35% free, 29MB/45MB, paused 545us total 50.151ms
08-06 04:01:08.704 24798 25031 I art     : Starting a blocking GC Explicit
08-06 04:01:08.747 24798 25031 I art     : Explicit concurrent mark sweep GC freed 4(128B) AllocSpace objects, 0(0B) LOS objects, 35% free, 29MB/45MB, paused 498us total 42.605ms
08-06 04:01:09.118 24798 24809 I art     : Starting a blocking GC Explicit
08-06 04:01:09.168 24798 24809 I art     : Explicit concurrent mark sweep GC freed 1355(82KB) AllocSpace objects, 1(20KB) LOS objects, 35% free, 29MB/45MB, paused 629us total 49.886ms
08-06 04:01:09.187 24798 24809 I art     : Starting a blocking GC Explicit
08-06 04:01:09.218 24798 24798 I chromium: [INFO:CONSOLE(1)] "
08-06 04:01:09.218 24798 24798 I chromium:                   ,d"=,.,qOp,
08-06 04:01:09.218 24798 24798 I chromium:                  ,7'  ''$(  )
08-06 04:01:09.218 24798 24798 I chromium:                 ,7'      '?q$7'
08-06 04:01:09.218 24798 24798 I chromium:              ..,$$,.
08-06 04:01:09.218 24798 24798 I chromium:    ,.  .,,--***""***--,,.  .,
08-06 04:01:09.218 24798 24798 I chromium:     ,p''              ''q,   
08-06 04:01:09.218 24798 24798 I chromium: :  ,7'                      '7,  :
08-06 04:01:09.218 24798 24798 I chromium:  ' $      ,db,      ,db,      $ '
08-06 04:01:09.218 24798 24798 I chromium:   '$      $$      $$      $'    Using Reddit at work? Work for Reddit.
08-06 04:01:09.218 24798 24798 I chromium:   '$                          $'        https://www.reddit.com/jobs
08-06 04:01:09.218 24798 24798 I chromium:    '$.     .,        ,.     .$'
08-06 04:01:09.218 24798 24798 I chromium:     'b,     ''     ,d'
08-06 04:01:09.218 24798 24798 I chromium:      '?bn,,          ,,nd?'
08-06 04:01:09.218 24798 24798 I chromium:        ,7$ '''' $7,
08-06 04:01:09.218 24798 24798 I chromium:      , $              $ ,
08-06 04:01:09.218 24798 24798 I chromium:      $  :$              $:  $
08-06 04:01:09.218 24798 24798 I chromium:      $   $              $   $
08-06 04:01:09.218 24798 24798 I chromium:      'b  q:            :p  d'
08-06 04:01:09.218 24798 24798 I chromium:       '?$.          .$?'
08-06 04:01:09.218 24798 24798 I chromium:          'b            d'
08-06 04:01:09.218 24798 24798 I chromium:        ,'?,.      .,?',
08-06 04:01:09.218 24798 24798 I chromium:       ==--==--==--==
08-06 04:01:09.218 24798 24798 I chromium: ", source: https://www.redditstatic.com/desktop2x/Chat~Governance~Reddit.2ea93b134a9b2e5b1d9a.js (1)
08-06 04:01:09.235 24798 24809 I art     : Explicit concurrent mark sweep GC freed 26(3KB) AllocSpace objects, 0(0B) LOS objects, 35% free, 29MB/45MB, paused 605us total 46.995ms
08-06 04:01:09.253 24798 24809 I art     : Starting a blocking GC Explicit
08-06 04:01:09.301 24798 24809 I art     : Explicit concurrent mark sweep GC freed 6(544B) AllocSpace objects, 0(0B) LOS objects, 35% free, 29MB/45MB, paused 526us total 47.792ms
08-06 04:01:09.320 24798 24809 I art     : Starting a blocking GC Explicit
08-06 04:01:09.366 24798 24809 I art     : Explicit concurrent mark sweep GC freed 3(96B) AllocSpace objects, 0(0B) LOS objects, 35% free, 29MB/45MB, paused 532us total 45.903ms
08-06 04:01:09.384 24798 24809 I art     : Starting a blocking GC Explicit
08-06 04:01:09.431 24798 24809 I art     : Explicit concurrent mark sweep GC freed 3(96B) AllocSpace objects, 0(0B) LOS objects, 35% free, 29MB/45MB, paused 544us total 46.685ms
08-06 04:01:09.778 24798 25031 I art     : Starting a blocking GC Explicit
08-06 04:01:09.831 24798 25031 I art     : Explicit concurrent mark sweep GC freed 1367(83KB) AllocSpace objects, 1(20KB) LOS objects, 35% free, 29MB/45MB, paused 566us total 52.432ms
08-06 04:01:09.850 24798 25031 I art     : Starting a blocking GC Explicit
08-06 04:01:09.895 24798 25031 I art     : Explicit concurrent mark sweep GC freed 22(768B) AllocSpace objects, 0(0B) LOS objects, 35% free, 29MB/45MB, paused 563us total 44.959ms
08-06 04:01:09.913 24798 25031 I art     : Starting a blocking GC Explicit
08-06 04:01:09.960 24798 25031 I art     : Explicit concurrent mark sweep GC freed 3(96B) AllocSpace objects, 0(0B) LOS objects, 35% free, 29MB/45MB, paused 539us total 46.773ms
08-06 04:01:09.979 24798 25031 I art     : Starting a blocking GC Explicit
08-06 04:01:10.026 24798 25031 I art     : Explicit concurrent mark sweep GC freed 3(96B) AllocSpace objects, 0(0B) LOS objects, 35% free, 29MB/45MB, paused 553us total 46.896ms
08-06 04:01:10.045 24798 25031 I art     : Starting a blocking GC Explicit
08-06 04:01:10.092 24798 25031 I art     : Explicit concurrent mark sweep GC freed 3(96B) AllocSpace objects, 0(0B) LOS objects, 35% free, 29MB/45MB, paused 549us total 46.640ms
08-06 04:01:10.480 24798 24809 I art     : Starting a blocking GC Explicit
08-06 04:01:10.526 24798 24809 I art     : Explicit concurrent mark sweep GC freed 1566(94KB) AllocSpace objects, 1(20KB) LOS objects, 35% free, 29MB/45MB, paused 723us total 45.323ms
08-06 04:01:10.548 24798 24809 I art     : Starting a blocking GC Explicit
08-06 04:01:10.593 24798 24809 I art     : Explicit concurrent mark sweep GC freed 20(704B) AllocSpace objects, 0(0B) LOS objects, 35% free, 29MB/45MB, paused 563us total 44.952ms
08-06 04:01:10.612 24798 24809 I art     : Starting a blocking GC Explicit
08-06 04:01:10.664 24798 24809 I art     : Explicit concurrent mark sweep GC freed 3(96B) AllocSpace objects, 0(0B) LOS objects, 35% free, 29MB/45MB, paused 559us total 51.771ms
08-06 04:01:10.682 24798 24809 I art     : Starting a blocking GC Explicit
08-06 04:01:10.727 24798 24809 I art     : Explicit concurrent mark sweep GC freed 7(208B) AllocSpace objects, 0(0B) LOS objects, 35% free, 29MB/45MB, paused 552us total 44.418ms
08-06 04:01:10.749 24798 24809 I art     : Starting a blocking GC Explicit
08-06 04:01:10.797 24798 24809 I art     : Explicit concurrent mark sweep GC freed 14(2784B) AllocSpace objects, 0(0B) LOS objects, 35% free, 29MB/45MB, paused 502us total 47.776ms
08-06 04:01:11.182 24798 24811 I art     : Starting a blocking GC Explicit
08-06 04:01:11.233 24798 24811 I art     : Explicit concurrent mark sweep GC freed 1355(82KB) AllocSpace objects, 1(20KB) LOS objects, 35% free, 29MB/45MB, paused 886us total 50.478ms
08-06 04:01:11.255 24798 24811 I art     : Starting a blocking GC Explicit
08-06 04:01:11.298 24798 24811 I art     : Explicit concurrent mark sweep GC freed 66(3KB) AllocSpace objects, 0(0B) LOS objects, 35% free, 29MB/45MB, paused 514us total 42.132ms
08-06 04:01:11.317 24798 24811 I art     : Starting a blocking GC Explicit
08-06 04:01:11.364 24798 24811 I art     : Explicit concurrent mark sweep GC freed 3(96B) AllocSpace objects, 0(0B) LOS objects, 35% free, 29MB/45MB, paused 518us total 46.964ms
08-06 04:01:11.382 24798 24811 I art     : Starting a blocking GC Explicit
08-06 04:01:11.398 24798 26724 I RedditChangeDataIO: Writing tmp data file at '/data/user/0/baseline.org.quantumbadger.redreader/files/rr_change_data_tmp.dat'
08-06 04:01:11.400 24798 26724 I RedditChangeDataManager: Taking snapshot...
08-06 04:01:11.400 24798 26724 I RedditChangeDataManager: Writing to stream...
08-06 04:01:11.400 24798 26724 I RedditChangeDataManager: Wrote 4 entries for user ''
08-06 04:01:11.400 24798 26724 I RedditChangeDataManager: All entries written to stream.
08-06 04:01:11.401 24798 26724 I RedditChangeDataIO: Write successful. Atomically replacing data file...
08-06 04:01:11.402 24798 26724 I RedditChangeDataIO: Write complete.
08-06 04:01:11.402 24798 26724 I RedditChangeDataIO: 110 bytes written in 4 ms
08-06 04:01:11.429 24798 24811 I art     : Explicit concurrent mark sweep GC freed 77(4KB) AllocSpace objects, 1(68KB) LOS objects, 35% free, 29MB/45MB, paused 470us total 46.173ms
08-06 04:01:11.450 24798 24811 I art     : Starting a blocking GC Explicit
08-06 04:01:11.498 24798 24811 I art     : Explicit concurrent mark sweep GC freed 13(624B) AllocSpace objects, 0(0B) LOS objects, 35% free, 29MB/45MB, paused 564us total 47.288ms
08-06 04:01:11.887 24798 24827 I art     : Starting a blocking GC Explicit
08-06 04:01:11.942 24798 24827 I art     : Explicit concurrent mark sweep GC freed 1355(82KB) AllocSpace objects, 1(20KB) LOS objects, 35% free, 29MB/45MB, paused 628us total 53.719ms
08-06 04:01:11.962 24798 24827 I art     : Starting a blocking GC Explicit
08-06 04:01:12.011 24798 24827 I art     : Explicit concurrent mark sweep GC freed 22(784B) AllocSpace objects, 0(0B) LOS objects, 35% free, 29MB/45MB, paused 525us total 49.621ms
08-06 04:01:12.031 24798 24827 I art     : Starting a blocking GC Explicit
08-06 04:01:12.082 24798 24827 I art     : Explicit concurrent mark sweep GC freed 3(96B) AllocSpace objects, 0(0B) LOS objects, 35% free, 29MB/45MB, paused 515us total 51.307ms
08-06 04:01:12.101 24798 24827 I art     : Starting a blocking GC Explicit
08-06 04:01:12.157 24798 24827 I art     : Explicit concurrent mark sweep GC freed 3(96B) AllocSpace objects, 0(0B) LOS objects, 35% free, 29MB/45MB, paused 535us total 55.958ms
08-06 04:01:12.176 24798 24827 I art     : Starting a blocking GC Explicit
08-06 04:01:12.225 24798 24827 I art     : Explicit concurrent mark sweep GC freed 3(96B) AllocSpace objects, 0(0B) LOS objects, 35% free, 29MB/45MB, paused 477us total 49.014ms
08-06 04:01:12.611 24798 24827 I art     : Starting a blocking GC Explicit
08-06 04:01:12.663 24798 24827 I art     : Explicit concurrent mark sweep GC freed 1355(82KB) AllocSpace objects, 1(20KB) LOS objects, 35% free, 29MB/45MB, paused 478us total 51.405ms
08-06 04:01:12.682 24798 24827 I art     : Starting a blocking GC Explicit
08-06 04:01:12.728   918  1209 D NetworkMonitor/NetworkAgentInfo [WIFI () - 159]: Checking http://connectivitycheck.gstatic.com/generate_204 on "H369AA63323", 192.168.2.12=192.168.2.12
08-06 04:01:12.730 24798 24827 I art     : Explicit concurrent mark sweep GC freed 20(704B) AllocSpace objects, 0(0B) LOS objects, 35% free, 29MB/45MB, paused 533us total 47.837ms
08-06 04:01:12.753 24798 24827 I art     : Starting a blocking GC Explicit
08-06 04:01:12.795   918  1209 D NetworkMonitor/NetworkAgentInfo [WIFI () - 159]: Probably not a portal: exception java.io.IOException: unexpected end of stream on Connection{connectivitycheck.gstatic.com:80, proxy=HTTP@/192.168.2.12:8080 hostAddress=192.168.2.12 cipherSuite=none protocol=http/1.1} (recycle count=0)
08-06 04:01:12.796   918  3263 D ConnectivityService: NetworkAgentInfo [WIFI () - 159] validation failed
08-06 04:01:12.798   918  3261 E WifiConfigStore:  rewrite network history for "H369AA63323"WPA_PSK
08-06 04:01:12.800 24798 24827 I art     : Explicit concurrent mark sweep GC freed 3(96B) AllocSpace objects, 0(0B) LOS objects, 35% free, 29MB/45MB, paused 496us total 46.726ms
08-06 04:01:12.819 24798 24827 I art     : Starting a blocking GC Explicit
08-06 04:01:12.872 24798 24827 I art     : Explicit concurrent mark sweep GC freed 3(96B) AllocSpace objects, 0(0B) LOS objects, 35% free, 29MB/45MB, paused 478us total 53.072ms
08-06 04:01:12.872 24798 24808 I art     : WaitForGcToComplete blocked for 53.489ms for cause HeapTrim
08-06 04:01:12.891 24798 24827 I art     : Starting a blocking GC Explicit
08-06 04:01:12.944 24798 24827 I art     : Explicit concurrent mark sweep GC freed 3(96B) AllocSpace objects, 0(0B) LOS objects, 35% free, 29MB/45MB, paused 581us total 52.928ms
08-06 04:01:13.313 24798 24827 I art     : Starting a blocking GC Explicit
08-06 04:01:13.369 24798 24827 I art     : Explicit concurrent mark sweep GC freed 1355(82KB) AllocSpace objects, 1(20KB) LOS objects, 35% free, 29MB/45MB, paused 489us total 55.254ms
08-06 04:01:13.387 24798 24827 I art     : Starting a blocking GC Explicit
08-06 04:01:13.436 24798 24827 I art     : Explicit concurrent mark sweep GC freed 20(704B) AllocSpace objects, 0(0B) LOS objects, 35% free, 29MB/45MB, paused 614us total 48.578ms
08-06 04:01:13.461 24798 24827 I art     : Starting a blocking GC Explicit
08-06 04:01:13.508 24798 24827 I art     : Explicit concurrent mark sweep GC freed 3(96B) AllocSpace objects, 0(0B) LOS objects, 35% free, 29MB/45MB, paused 485us total 46.734ms
08-06 04:01:13.528 24798 24827 I art     : Starting a blocking GC Explicit
08-06 04:01:13.575 24798 24827 I art     : Explicit concurrent mark sweep GC freed 3(96B) AllocSpace objects, 0(0B) LOS objects, 35% free, 29MB/45MB, paused 464us total 47.409ms
08-06 04:01:13.595 24798 24827 I art     : Starting a blocking GC Explicit
08-06 04:01:13.646 24798 24827 I art     : Explicit concurrent mark sweep GC freed 3(96B) AllocSpace objects, 0(0B) LOS objects, 35% free, 29MB/45MB, paused 580us total 50.570ms
08-06 04:01:14.018 24798 24827 I art     : Starting a blocking GC Explicit
08-06 04:01:14.077 24798 24827 I art     : Explicit concurrent mark sweep GC freed 1355(82KB) AllocSpace objects, 1(20KB) LOS objects, 35% free, 29MB/45MB, paused 487us total 59.039ms
08-06 04:01:14.096 24798 24827 I art     : Starting a blocking GC Explicit
08-06 04:01:14.152 24798 24827 I art     : Explicit concurrent mark sweep GC freed 20(704B) AllocSpace objects, 0(0B) LOS objects, 35% free, 29MB/45MB, paused 463us total 55.941ms
08-06 04:01:14.172 24798 24827 I art     : Starting a blocking GC Explicit
08-06 04:01:14.222 24798 24827 I art     : Explicit concurrent mark sweep GC freed 3(96B) AllocSpace objects, 0(0B) LOS objects, 35% free, 29MB/45MB, paused 472us total 49.868ms
08-06 04:01:14.243 24798 24827 I art     : Starting a blocking GC Explicit
08-06 04:01:14.291 24798 24827 I art     : Explicit concurrent mark sweep GC freed 3(96B) AllocSpace objects, 0(0B) LOS objects, 35% free, 29MB/45MB, paused 526us total 47.907ms
08-06 04:01:14.310 24798 24827 I art     : Starting a blocking GC Explicit
08-06 04:01:14.363 24798 24827 I art     : Explicit concurrent mark sweep GC freed 3(96B) AllocSpace objects, 0(0B) LOS objects, 35% free, 29MB/45MB, paused 528us total 53.128ms
08-06 04:01:14.731 24798 24827 I art     : Starting a blocking GC Explicit
08-06 04:01:14.785 24798 24827 I art     : Explicit concurrent mark sweep GC freed 1355(82KB) AllocSpace objects, 1(20KB) LOS objects, 35% free, 29MB/45MB, paused 816us total 52.758ms
08-06 04:01:14.804 24798 24827 I art     : Starting a blocking GC Explicit
08-06 04:01:14.856 24798 24827 I art     : Explicit concurrent mark sweep GC freed 20(704B) AllocSpace objects, 0(0B) LOS objects, 35% free, 29MB/45MB, paused 488us total 51.150ms
08-06 04:01:14.874 24798 24827 I art     : Starting a blocking GC Explicit
08-06 04:01:14.921 24798 24827 I art     : Explicit concurrent mark sweep GC freed 3(96B) AllocSpace objects, 0(0B) LOS objects, 35% free, 29MB/45MB, paused 497us total 46.722ms
08-06 04:01:14.942 24798 24827 I art     : Starting a blocking GC Explicit
08-06 04:01:14.992 24798 24827 I art     : Explicit concurrent mark sweep GC freed 3(96B) AllocSpace objects, 0(0B) LOS objects, 35% free, 29MB/45MB, paused 534us total 48.745ms
08-06 04:01:15.010 24798 24827 I art     : Starting a blocking GC Explicit
08-06 04:01:15.063 24798 24827 I art     : Explicit concurrent mark sweep GC freed 3(96B) AllocSpace objects, 0(0B) LOS objects, 35% free, 29MB/45MB, paused 525us total 52.074ms
08-06 04:01:15.167 26891 26891 D AndroidRuntime: >>>>>> START com.android.internal.os.RuntimeInit uid 2000 <<<<<<
08-06 04:01:15.173 26891 26891 D AndroidRuntime: CheckJNI is OFF
08-06 04:01:15.215 26891 26891 D ICU     : No timezone override file found: /data/misc/zoneinfo/current/icu/icu_tzdata.dat
08-06 04:01:15.263 26891 26891 I Radio-JNI: register_android_hardware_Radio DONE
08-06 04:01:15.291 26891 26891 D AndroidRuntime: Calling main entry com.android.commands.input.Input
08-06 04:01:15.293 26891 26891 I Input   : injectKeyEvent: KeyEvent { action=ACTION_DOWN, keyCode=KEYCODE_BACK, scanCode=0, metaState=0, flags=0x0, repeatCount=0, eventTime=849691706, downTime=849691706, deviceId=-1, source=0x101 }
08-06 04:01:15.301 26891 26891 I Input   : injectKeyEvent: KeyEvent { action=ACTION_UP, keyCode=KEYCODE_BACK, scanCode=0, metaState=0, flags=0x0, repeatCount=0, eventTime=849691706, downTime=849691706, deviceId=-1, source=0x101 }
08-06 04:01:15.311 26891 26891 D AndroidRuntime: Shutting down VM
08-06 04:01:15.388 13866 13866 I GoogleInputMethodServic: GoogleInputMethodService.onFinishInput():3138 
08-06 04:01:15.389 13866 13866 I GoogleInputMethodServic: GoogleInputMethodService.onStartInput():1808 
08-06 04:01:15.483 24798 25031 I art     : Starting a blocking GC Explicit
08-06 04:01:15.531 24798 25031 I art     : Explicit concurrent mark sweep GC freed 1633(93KB) AllocSpace objects, 1(20KB) LOS objects, 35% free, 29MB/45MB, paused 510us total 47.980ms
08-06 04:01:15.551 24798 25031 I art     : Starting a blocking GC Explicit
08-06 04:01:15.603 24798 25031 I art     : Explicit concurrent mark sweep GC freed 24(864B) AllocSpace objects, 0(0B) LOS objects, 35% free, 29MB/45MB, paused 475us total 51.189ms
08-06 04:01:15.626 24798 25031 I art     : Starting a blocking GC Explicit
08-06 04:01:15.680 24798 25031 I art     : Explicit concurrent mark sweep GC freed 3(96B) AllocSpace objects, 0(0B) LOS objects, 35% free, 29MB/45MB, paused 544us total 53.496ms
08-06 04:01:15.699 24798 25031 I art     : Starting a blocking GC Explicit
08-06 04:01:15.702   380   380 W SurfaceFlinger: couldn't log to binary event log: overflow.
08-06 04:01:15.745 24798 25031 I art     : Explicit concurrent mark sweep GC freed 599(30KB) AllocSpace objects, 0(0B) LOS objects, 35% free, 29MB/45MB, paused 899us total 45.304ms
08-06 04:01:15.745   918  3263 D ConnectivityService: releasing NetworkRequest NetworkRequest [ id=3808, legacyType=-1, [ Capabilities: INTERNET&NOT_RESTRICTED&TRUSTED] ]
08-06 04:01:15.762 24798 25031 I art     : Starting a blocking GC Explicit
08-06 04:01:15.806 24798 25031 I art     : Explicit concurrent mark sweep GC freed 324(14KB) AllocSpace objects, 0(0B) LOS objects, 35% free, 29MB/45MB, paused 460us total 44.351ms
08-06 04:01:16.133 24798 24809 I art     : Starting a blocking GC Explicit
08-06 04:01:16.196 24798 24809 I art     : Explicit concurrent mark sweep GC freed 1497(89KB) AllocSpace objects, 1(20KB) LOS objects, 35% free, 29MB/45MB, paused 574us total 62.253ms
08-06 04:01:16.217 24798 24809 I art     : Starting a blocking GC Explicit
08-06 04:01:16.265 24798 24809 I art     : Explicit concurrent mark sweep GC freed 1971(117KB) AllocSpace objects, 1(28KB) LOS objects, 35% free, 29MB/45MB, paused 523us total 47.140ms
08-06 04:01:16.283 24798 24809 I art     : Starting a blocking GC Explicit
08-06 04:01:16.330 24798 24809 I art     : Explicit concurrent mark sweep GC freed 3(96B) AllocSpace objects, 0(0B) LOS objects, 35% free, 29MB/45MB, paused 509us total 46.030ms
08-06 04:01:16.348 24798 24809 I art     : Starting a blocking GC Explicit
08-06 04:01:16.396 24798 24809 I art     : Explicit concurrent mark sweep GC freed 3(96B) AllocSpace objects, 0(0B) LOS objects, 35% free, 29MB/45MB, paused 512us total 47.019ms
08-06 04:01:16.414 24798 24809 I art     : Starting a blocking GC Explicit
08-06 04:01:16.461 24798 24809 I art     : Explicit concurrent mark sweep GC freed 3(96B) AllocSpace objects, 0(0B) LOS objects, 35% free, 29MB/45MB, paused 522us total 46.974ms
08-06 04:01:16.782 24798 24811 I art     : Starting a blocking GC Explicit
08-06 04:01:16.835 24798 24811 I art     : Explicit concurrent mark sweep GC freed 1354(82KB) AllocSpace objects, 1(20KB) LOS objects, 35% free, 29MB/45MB, paused 535us total 53.190ms
08-06 04:01:16.854 24798 24811 I art     : Starting a blocking GC Explicit
08-06 04:01:16.898 24798 24811 I art     : Explicit concurrent mark sweep GC freed 39(1712B) AllocSpace objects, 0(0B) LOS objects, 35% free, 29MB/45MB, paused 589us total 44.019ms
08-06 04:01:16.917 24798 24811 I art     : Starting a blocking GC Explicit
08-06 04:01:16.962 24798 24811 I art     : Explicit concurrent mark sweep GC freed 9(320B) AllocSpace objects, 0(0B) LOS objects, 35% free, 29MB/45MB, paused 482us total 45.278ms
08-06 04:01:16.980 24798 24811 I art     : Starting a blocking GC Explicit
08-06 04:01:17.025 24798 24811 I art     : Explicit concurrent mark sweep GC freed 3(96B) AllocSpace objects, 0(0B) LOS objects, 35% free, 29MB/45MB, paused 519us total 44.296ms
08-06 04:01:17.043 24798 24811 I art     : Starting a blocking GC Explicit
08-06 04:01:17.088 24798 24811 I art     : Explicit concurrent mark sweep GC freed 3(96B) AllocSpace objects, 0(0B) LOS objects, 35% free, 29MB/45MB, paused 538us total 45.234ms
08-06 04:01:17.141 26924 26924 D AndroidRuntime: >>>>>> START com.android.internal.os.RuntimeInit uid 2000 <<<<<<
08-06 04:01:17.148 26924 26924 D AndroidRuntime: CheckJNI is OFF
08-06 04:01:17.194 26924 26924 D ICU     : No timezone override file found: /data/misc/zoneinfo/current/icu/icu_tzdata.dat
08-06 04:01:17.244 26924 26924 I Radio-JNI: register_android_hardware_Radio DONE
08-06 04:01:17.275 26924 26924 D AndroidRuntime: Calling main entry com.android.commands.input.Input
08-06 04:01:17.278 26924 26924 I Input   : injectMotionEvent: MotionEvent { action=ACTION_DOWN, actionButton=0, id[0]=0, x[0]=600.0, y[0]=820.0, toolType[0]=TOOL_TYPE_UNKNOWN, buttonState=0, metaState=0, flags=0x0, edgeFlags=0x0, pointerCount=1, historySize=0, eventTime=849693690, downTime=849693690, deviceId=0, source=0x1002 }
08-06 04:01:17.285 26924 26924 I Input   : injectMotionEvent: MotionEvent { action=ACTION_UP, actionButton=0, id[0]=0, x[0]=600.0, y[0]=820.0, toolType[0]=TOOL_TYPE_UNKNOWN, buttonState=0, metaState=0, flags=0x0, edgeFlags=0x0, pointerCount=1, historySize=0, eventTime=849693690, downTime=849693690, deviceId=0, source=0x1002 }
08-06 04:01:17.288 26924 26924 D AndroidRuntime: Shutting down VM
08-06 04:01:17.297   512  2967 D audio_hw_primary: out_set_parameters: enter: usecase(1: low-latency-playback) kvpairs: routing=2
08-06 04:01:17.302   918  6110 I ActivityManager: START u0 {dat=https://oauth.reddit.com/... cmp=baseline.org.quantumbadger.redreader/.activities.CommentListingActivity} from uid 10705 on display 0
08-06 04:01:17.310   512  2967 D audio_hw_primary: select_devices: out_snd_device(2: speaker) in_snd_device(0: none)
08-06 04:01:17.311   512  2967 D msm8974_platform: platform_send_audio_calibration: sending audio calibration for snd_device(2) acdb_id(15)
08-06 04:01:17.311   512  2967 I soundtrigger: audio_extn_sound_trigger_update_device_status: device 0x2 of type 0 for Event 1
08-06 04:01:17.327   512  2967 D audio_hw_primary: enable_snd_device: snd_device(2: speaker)
08-06 04:01:17.328 24798 24798 I AppCompatViewInflater: app:theme is now deprecated. Please move to using android:theme instead.
08-06 04:01:17.329   512  2967 D audio_hw_primary: enable_audio_route: apply and update mixer path: low-latency-playback speaker
08-06 04:01:17.349 24798 26959 D OK      : calling: https://oauth.reddit.com/comments/hi3oht/.json?sort=confidence
08-06 04:01:17.437 24798 24811 I art     : Starting a blocking GC Explicit
08-06 04:01:17.445 13866 13866 I GoogleInputMethodServic: GoogleInputMethodService.onFinishInput():3138 
08-06 04:01:17.446   918   936 I ActivityManager: Displayed baseline.org.quantumbadger.redreader/.activities.CommentListingActivity: +134ms
08-06 04:01:17.447 13866 13866 I GoogleInputMethodServic: GoogleInputMethodService.onStartInput():1808 
08-06 04:01:17.487 24798 24811 I art     : Explicit concurrent mark sweep GC freed 6104(300KB) AllocSpace objects, 1(20KB) LOS objects, 35% free, 29MB/45MB, paused 605us total 50.269ms
08-06 04:01:17.505 24798 24811 I art     : Starting a blocking GC Explicit
08-06 04:01:17.548 24798 24811 I art     : Explicit concurrent mark sweep GC freed 526(25KB) AllocSpace objects, 0(0B) LOS objects, 35% free, 29MB/45MB, paused 697us total 42.922ms
08-06 04:01:17.567 24798 24811 I art     : Starting a blocking GC Explicit
08-06 04:01:17.616 24798 24811 I art     : Explicit concurrent mark sweep GC freed 10(384B) AllocSpace objects, 0(0B) LOS objects, 35% free, 29MB/45MB, paused 590us total 48.536ms
08-06 04:01:17.621 24798 26959 I NAPPA_EXPERIMENTATION: MetricNetworkRequestExecutionTime: REQUEST_DURATION_SYSTEM='272',REQUEST_DURATION_OKHTTP='150',REQUEST_SYNCHRONOUS='TRUE',RESPONSE_CODE='200',RESPONSE_METHOD='GET',RESPONSE_LENGTH_OKHTTP='-1',RESPONSE_LENGTH_HEADER='167875',REQUEST_PROTOCOL='h2',REQUEST_URL='https://oauth.reddit.com/comments/hi3oht/.json?sort=confidence',
08-06 04:01:17.621 24798 26959 D OK      : request got status: 200
08-06 04:01:17.628 24798 25375 I CommentListingActivity: COMMENTS session changed to ac53a54f-159d-4a1c-a50a-04a40da8fd39
08-06 04:01:17.637 24798 24811 I art     : Starting a blocking GC Explicit
08-06 04:01:17.688   380   380 W SurfaceFlinger: couldn't log to binary event log: overflow.
08-06 04:01:17.695 24798 24811 I art     : Explicit concurrent mark sweep GC freed 1167(149KB) AllocSpace objects, 1(16KB) LOS objects, 34% free, 30MB/46MB, paused 1.099ms total 58.070ms
08-06 04:01:17.714 24798 24811 I art     : Starting a blocking GC Explicit
08-06 04:01:17.768 24798 24811 I art     : Explicit concurrent mark sweep GC freed 9683(633KB) AllocSpace objects, 1(24KB) LOS objects, 33% free, 31MB/47MB, paused 1.521ms total 53.683ms
08-06 04:01:17.878   512  2967 D audio_hw_primary: disable_audio_route: reset and update mixer path: low-latency-playback speaker
08-06 04:01:17.879   512  2967 D audio_hw_primary: disable_snd_device: snd_device(2: speaker)
08-06 04:01:17.886   512  2967 I soundtrigger: audio_extn_sound_trigger_update_device_status: device 0x2 of type 0 for Event 0
08-06 04:01:18.073 24798 24827 I art     : Starting a blocking GC Explicit
08-06 04:01:18.158 24798 24827 I art     : Explicit concurrent mark sweep GC freed 49210(3MB) AllocSpace objects, 5(148KB) LOS objects, 31% free, 35MB/51MB, paused 626us total 84.219ms
08-06 04:01:18.181 24798 24827 I art     : Starting a blocking GC Explicit
08-06 04:01:18.244 24798 24827 I art     : Explicit concurrent mark sweep GC freed 36805(1725KB) AllocSpace objects, 3(100KB) LOS objects, 32% free, 33MB/49MB, paused 484us total 62.634ms
08-06 04:01:18.267 24798 24827 I art     : Starting a blocking GC Explicit
08-06 04:01:18.331 24798 24827 I art     : Explicit concurrent mark sweep GC freed 14(624B) AllocSpace objects, 0(0B) LOS objects, 32% free, 33MB/49MB, paused 557us total 63.866ms
08-06 04:01:18.353 24798 24827 I art     : Starting a blocking GC Explicit
08-06 04:01:18.418 24798 24827 I art     : Explicit concurrent mark sweep GC freed 3(96B) AllocSpace objects, 0(0B) LOS objects, 32% free, 33MB/49MB, paused 566us total 65.089ms
08-06 04:01:18.441 24798 24827 I art     : Starting a blocking GC Explicit
08-06 04:01:18.505 24798 24827 I art     : Explicit concurrent mark sweep GC freed 3(96B) AllocSpace objects, 0(0B) LOS objects, 32% free, 33MB/49MB, paused 539us total 63.569ms
08-06 04:01:18.825 24798 24811 I art     : Starting a blocking GC Explicit
08-06 04:01:18.915 24798 24811 I art     : Explicit concurrent mark sweep GC freed 1354(82KB) AllocSpace objects, 1(20KB) LOS objects, 32% free, 33MB/49MB, paused 629us total 89.187ms
08-06 04:01:18.941 24798 24811 I art     : Starting a blocking GC Explicit
08-06 04:01:19.017 24798 24811 I art     : Explicit concurrent mark sweep GC freed 66(2528B) AllocSpace objects, 0(0B) LOS objects, 32% free, 33MB/49MB, paused 686us total 75.766ms
08-06 04:01:19.040 24798 24811 I art     : Starting a blocking GC Explicit
08-06 04:01:19.114 24798 24811 I art     : Explicit concurrent mark sweep GC freed 3(96B) AllocSpace objects, 0(0B) LOS objects, 32% free, 33MB/49MB, paused 597us total 73.216ms
08-06 04:01:19.137 24798 24811 I art     : Starting a blocking GC Explicit
08-06 04:01:19.213 24798 24811 I art     : Explicit concurrent mark sweep GC freed 3(96B) AllocSpace objects, 0(0B) LOS objects, 32% free, 33MB/49MB, paused 578us total 75.582ms
08-06 04:01:19.236 24798 24811 I art     : Starting a blocking GC Explicit
08-06 04:01:19.312 24798 24811 I art     : Explicit concurrent mark sweep GC freed 3(96B) AllocSpace objects, 0(0B) LOS objects, 32% free, 33MB/49MB, paused 609us total 76.465ms
08-06 04:01:19.681 24798 24809 I art     : Starting a blocking GC Explicit
08-06 04:01:19.775 24798 24809 I art     : Explicit concurrent mark sweep GC freed 1354(82KB) AllocSpace objects, 1(20KB) LOS objects, 32% free, 33MB/49MB, paused 606us total 93.177ms
08-06 04:01:19.802 24798 24809 I art     : Starting a blocking GC Explicit
08-06 04:01:19.884 24798 24809 I art     : Explicit concurrent mark sweep GC freed 20(704B) AllocSpace objects, 0(0B) LOS objects, 32% free, 33MB/49MB, paused 664us total 81.209ms
08-06 04:01:19.909 24798 24809 I art     : Starting a blocking GC Explicit
08-06 04:01:19.984 24798 24809 I art     : Explicit concurrent mark sweep GC freed 3(96B) AllocSpace objects, 0(0B) LOS objects, 32% free, 33MB/49MB, paused 608us total 75.217ms
08-06 04:01:20.008 24798 24809 I art     : Starting a blocking GC Explicit
08-06 04:01:20.084 24798 24809 I art     : Explicit concurrent mark sweep GC freed 3(96B) AllocSpace objects, 0(0B) LOS objects, 32% free, 33MB/49MB, paused 603us total 76.278ms
08-06 04:01:20.108 24798 24809 I art     : Starting a blocking GC Explicit
08-06 04:01:20.184 24798 24809 I art     : Explicit concurrent mark sweep GC freed 3(96B) AllocSpace objects, 0(0B) LOS objects, 32% free, 33MB/49MB, paused 561us total 75.931ms
08-06 04:01:20.555 24798 24827 I art     : Starting a blocking GC Explicit
08-06 04:01:20.646 24798 24827 I art     : Explicit concurrent mark sweep GC freed 1354(82KB) AllocSpace objects, 1(20KB) LOS objects, 32% free, 33MB/49MB, paused 650us total 90.463ms
08-06 04:01:20.673 24798 24827 I art     : Starting a blocking GC Explicit
08-06 04:01:20.746 24798 24827 I art     : Explicit concurrent mark sweep GC freed 20(704B) AllocSpace objects, 0(0B) LOS objects, 32% free, 33MB/49MB, paused 608us total 73.206ms
08-06 04:01:20.769 24798 24827 I art     : Starting a blocking GC Explicit
08-06 04:01:20.852 24798 24827 I art     : Explicit concurrent mark sweep GC freed 3(96B) AllocSpace objects, 0(0B) LOS objects, 32% free, 33MB/49MB, paused 623us total 82.351ms
08-06 04:01:20.879 24798 24827 I art     : Starting a blocking GC Explicit
08-06 04:01:20.960 24798 24827 I art     : Explicit concurrent mark sweep GC freed 3(96B) AllocSpace objects, 0(0B) LOS objects, 32% free, 33MB/49MB, paused 654us total 80.347ms
08-06 04:01:20.984 24798 24827 I art     : Starting a blocking GC Explicit
08-06 04:01:21.063 24798 24827 I art     : Explicit concurrent mark sweep GC freed 3(96B) AllocSpace objects, 0(0B) LOS objects, 32% free, 33MB/49MB, paused 583us total 78.549ms
08-06 04:01:21.448 24798 25031 I art     : Starting a blocking GC Explicit
08-06 04:01:21.532 24798 25031 I art     : Explicit concurrent mark sweep GC freed 1354(82KB) AllocSpace objects, 1(20KB) LOS objects, 32% free, 33MB/49MB, paused 641us total 84.055ms
08-06 04:01:21.558 24798 25031 I art     : Starting a blocking GC Explicit
08-06 04:01:21.624 24798 25031 I art     : Explicit concurrent mark sweep GC freed 20(704B) AllocSpace objects, 0(0B) LOS objects, 32% free, 33MB/49MB, paused 602us total 65.389ms
08-06 04:01:21.646 24798 25031 I art     : Starting a blocking GC Explicit
08-06 04:01:21.713 24798 25031 I art     : Explicit concurrent mark sweep GC freed 3(96B) AllocSpace objects, 0(0B) LOS objects, 32% free, 33MB/49MB, paused 571us total 66.089ms
08-06 04:01:21.735 24798 25031 I art     : Starting a blocking GC Explicit
08-06 04:01:21.808 24798 25031 I art     : Explicit concurrent mark sweep GC freed 3(96B) AllocSpace objects, 0(0B) LOS objects, 32% free, 33MB/49MB, paused 642us total 72.406ms
08-06 04:01:21.829 22752 22752 I ServiceManager: Waiting for service AtCmdFwd...
08-06 04:01:21.831 24798 25031 I art     : Starting a blocking GC Explicit
08-06 04:01:21.900 24798 25031 I art     : Explicit concurrent mark sweep GC freed 13(352B) AllocSpace objects, 0(0B) LOS objects, 32% free, 33MB/49MB, paused 661us total 68.640ms
08-06 04:01:22.084 27012 27012 D AndroidRuntime: >>>>>> START com.android.internal.os.RuntimeInit uid 2000 <<<<<<
08-06 04:01:22.093 27012 27012 D AndroidRuntime: CheckJNI is OFF
08-06 04:01:22.132 27012 27012 D ICU     : No timezone override file found: /data/misc/zoneinfo/current/icu/icu_tzdata.dat
08-06 04:01:22.174 27012 27012 I Radio-JNI: register_android_hardware_Radio DONE
08-06 04:01:22.203 27012 27012 D AndroidRuntime: Calling main entry com.android.commands.input.Input
08-06 04:01:22.205 27012 27012 I Input   : injectKeyEvent: KeyEvent { action=ACTION_DOWN, keyCode=KEYCODE_BACK, scanCode=0, metaState=0, flags=0x0, repeatCount=0, eventTime=849698618, downTime=849698618, deviceId=-1, source=0x101 }
08-06 04:01:22.211 27012 27012 I Input   : injectKeyEvent: KeyEvent { action=ACTION_UP, keyCode=KEYCODE_BACK, scanCode=0, metaState=0, flags=0x0, repeatCount=0, eventTime=849698618, downTime=849698618, deviceId=-1, source=0x101 }
08-06 04:01:22.217 27012 27012 D AndroidRuntime: Shutting down VM
08-06 04:01:22.256 24798 24827 I art     : Starting a blocking GC Explicit
08-06 04:01:22.258 13866 13866 I GoogleInputMethodServic: GoogleInputMethodService.onFinishInput():3138 
08-06 04:01:22.259 13866 13866 I GoogleInputMethodServic: GoogleInputMethodService.onStartInput():1808 
08-06 04:01:22.312 24798 26954 I RedditChangeDataIO: Writing tmp data file at '/data/user/0/baseline.org.quantumbadger.redreader/files/rr_change_data_tmp.dat'
08-06 04:01:22.313 24798 26954 I RedditChangeDataManager: Taking snapshot...
08-06 04:01:22.313 24798 26954 I RedditChangeDataManager: Writing to stream...
08-06 04:01:22.313 24798 26954 I RedditChangeDataManager: Wrote 5 entries for user ''
08-06 04:01:22.313 24798 26954 I RedditChangeDataManager: All entries written to stream.
08-06 04:01:22.314 24798 26954 I RedditChangeDataIO: Write successful. Atomically replacing data file...
08-06 04:01:22.314 24798 26954 I RedditChangeDataIO: Write complete.
08-06 04:01:22.314 24798 26954 I RedditChangeDataIO: 134 bytes written in 2 ms
08-06 04:01:22.322 24798 24827 I art     : Explicit concurrent mark sweep GC freed 1719(98KB) AllocSpace objects, 2(88KB) LOS objects, 32% free, 33MB/49MB, paused 623us total 65.193ms
08-06 04:01:22.342 24798 24827 I art     : Starting a blocking GC Explicit
08-06 04:01:22.409 24798 24827 I art     : Explicit concurrent mark sweep GC freed 54(2256B) AllocSpace objects, 0(0B) LOS objects, 32% free, 33MB/49MB, paused 548us total 66.882ms
08-06 04:01:22.436 24798 24827 I art     : Starting a blocking GC Explicit
08-06 04:01:22.508 24798 24827 I art     : Explicit concurrent mark sweep GC freed 3(96B) AllocSpace objects, 0(0B) LOS objects, 32% free, 33MB/49MB, paused 568us total 71.964ms
08-06 04:01:22.535 24798 24827 I art     : Starting a blocking GC Explicit
08-06 04:01:22.560   380   380 W SurfaceFlinger: couldn't log to binary event log: overflow.
08-06 04:01:22.602 24798 24827 I art     : Explicit concurrent mark sweep GC freed 61(2240B) AllocSpace objects, 0(0B) LOS objects, 32% free, 33MB/49MB, paused 555us total 66.908ms
08-06 04:01:22.624 24798 24827 I art     : Starting a blocking GC Explicit
08-06 04:01:22.691 24798 24827 I art     : Explicit concurrent mark sweep GC freed 11(448B) AllocSpace objects, 0(0B) LOS objects, 32% free, 33MB/49MB, paused 595us total 66.365ms
08-06 04:01:22.830 22752 22752 I ServiceManager: Waiting for service AtCmdFwd...
08-06 04:01:23.025 24798 24809 I art     : Starting a blocking GC Explicit
08-06 04:01:23.105 24798 24809 I art     : Explicit concurrent mark sweep GC freed 77842(4MB) AllocSpace objects, 6(160KB) LOS objects, 35% free, 29MB/45MB, paused 746us total 79.664ms
08-06 04:01:23.124 24798 24809 I art     : Starting a blocking GC Explicit
08-06 04:01:23.170 24798 24809 I art     : Explicit concurrent mark sweep GC freed 255(37KB) AllocSpace objects, 0(0B) LOS objects, 35% free, 29MB/45MB, paused 512us total 45.627ms
08-06 04:01:23.170 24798 24808 I art     : WaitForGcToComplete blocked for 11.940ms for cause HeapTrim
08-06 04:01:23.188 24798 24809 I art     : Starting a blocking GC Explicit
08-06 04:01:23.234 24798 24809 I art     : Explicit concurrent mark sweep GC freed 68(2272B) AllocSpace objects, 0(0B) LOS objects, 35% free, 29MB/45MB, paused 525us total 45.882ms
08-06 04:01:23.253 24798 24809 I art     : Starting a blocking GC Explicit
08-06 04:01:23.300 24798 24809 I art     : Explicit concurrent mark sweep GC freed 3(96B) AllocSpace objects, 0(0B) LOS objects, 35% free, 29MB/45MB, paused 527us total 46.926ms
08-06 04:01:23.319 24798 24809 I art     : Starting a blocking GC Explicit
08-06 04:01:23.365 24798 24809 I art     : Explicit concurrent mark sweep GC freed 3(96B) AllocSpace objects, 0(0B) LOS objects, 35% free, 29MB/45MB, paused 519us total 45.957ms
08-06 04:01:23.685 24798 24811 I art     : Starting a blocking GC Explicit
08-06 04:01:23.740 24798 24811 I art     : Explicit concurrent mark sweep GC freed 1355(82KB) AllocSpace objects, 1(20KB) LOS objects, 35% free, 29MB/45MB, paused 539us total 55.254ms
08-06 04:01:23.759 24798 24811 I art     : Starting a blocking GC Explicit
08-06 04:01:23.803 24798 24811 I art     : Explicit concurrent mark sweep GC freed 20(704B) AllocSpace objects, 0(0B) LOS objects, 35% free, 29MB/45MB, paused 536us total 43.822ms
08-06 04:01:23.821 24798 24811 I art     : Starting a blocking GC Explicit
08-06 04:01:23.830 22752 22752 I ServiceManager: Waiting for service AtCmdFwd...
08-06 04:01:23.867 24798 24811 I art     : Explicit concurrent mark sweep GC freed 3(96B) AllocSpace objects, 0(0B) LOS objects, 35% free, 29MB/45MB, paused 547us total 45.737ms
08-06 04:01:23.885 24798 24811 I art     : Starting a blocking GC Explicit
08-06 04:01:23.933 24798 24811 I art     : Explicit concurrent mark sweep GC freed 3(96B) AllocSpace objects, 0(0B) LOS objects, 35% free, 29MB/45MB, paused 524us total 46.993ms
08-06 04:01:23.955 24798 24811 I art     : Starting a blocking GC Explicit
08-06 04:01:24.003 24798 24811 I art     : Explicit concurrent mark sweep GC freed 5(160B) AllocSpace objects, 0(0B) LOS objects, 35% free, 29MB/45MB, paused 553us total 47.795ms
08-06 04:01:24.025 27045 27045 D AndroidRuntime: >>>>>> START com.android.internal.os.RuntimeInit uid 2000 <<<<<<
08-06 04:01:24.031 27045 27045 D AndroidRuntime: CheckJNI is OFF
08-06 04:01:24.076 27045 27045 D ICU     : No timezone override file found: /data/misc/zoneinfo/current/icu/icu_tzdata.dat
08-06 04:01:24.120 27045 27045 I Radio-JNI: register_android_hardware_Radio DONE
08-06 04:01:24.152 27045 27045 D AndroidRuntime: Calling main entry com.android.commands.input.Input
08-06 04:01:24.155 27045 27045 I Input   : injectMotionEvent: MotionEvent { action=ACTION_DOWN, actionButton=0, id[0]=0, x[0]=600.0, y[0]=580.0, toolType[0]=TOOL_TYPE_UNKNOWN, buttonState=0, metaState=0, flags=0x0, edgeFlags=0x0, pointerCount=1, historySize=0, eventTime=849700567, downTime=849700567, deviceId=0, source=0x1002 }
08-06 04:01:24.165 27045 27045 I Input   : injectMotionEvent: MotionEvent { action=ACTION_UP, actionButton=0, id[0]=0, x[0]=600.0, y[0]=580.0, toolType[0]=TOOL_TYPE_UNKNOWN, buttonState=0, metaState=0, flags=0x0, edgeFlags=0x0, pointerCount=1, historySize=0, eventTime=849700567, downTime=849700567, deviceId=0, source=0x1002 }
08-06 04:01:24.172 27045 27045 D AndroidRuntime: Shutting down VM
08-06 04:01:24.190   512  2967 D audio_hw_primary: out_set_parameters: enter: usecase(1: low-latency-playback) kvpairs: routing=2
08-06 04:01:24.190   918  3359 I ActivityManager: START u0 {cmp=baseline.org.quantumbadger.redreader/.activities.WebViewActivity (has extras)} from uid 10705 on display 0
08-06 04:01:24.203   512  2967 D audio_hw_primary: select_devices: out_snd_device(2: speaker) in_snd_device(0: none)
08-06 04:01:24.203   512  2967 D msm8974_platform: platform_send_audio_calibration: sending audio calibration for snd_device(2) acdb_id(15)
08-06 04:01:24.203   512  2967 I soundtrigger: audio_extn_sound_trigger_update_device_status: device 0x2 of type 0 for Event 1
08-06 04:01:24.214   512  2967 D audio_hw_primary: enable_snd_device: snd_device(2: speaker)
08-06 04:01:24.216 24798 24798 I AppCompatViewInflater: app:theme is now deprecated. Please move to using android:theme instead.
08-06 04:01:24.217   512  2967 D audio_hw_primary: enable_audio_route: apply and update mixer path: low-latency-playback speaker
08-06 04:01:24.237   918  6111 D ConnectivityService: listenForNetwork for Listen from uid/pid:10705/24798 for NetworkRequest [ id=3809, legacyType=-1, [ Capabilities: INTERNET&NOT_RESTRICTED&TRUSTED] ]
08-06 04:01:24.351 24798 25031 I art     : Starting a blocking GC Explicit
08-06 04:01:24.357   918   936 I ActivityManager: Displayed baseline.org.quantumbadger.redreader/.activities.WebViewActivity: +155ms
08-06 04:01:24.358 13866 13866 I GoogleInputMethodServic: GoogleInputMethodService.onFinishInput():3138 
08-06 04:01:24.359 13866 13866 I GoogleInputMethodServic: GoogleInputMethodService.onStartInput():1808 
08-06 04:01:24.399 24798 25031 I art     : Explicit concurrent mark sweep GC freed 5910(312KB) AllocSpace objects, 1(20KB) LOS objects, 35% free, 29MB/45MB, paused 649us total 48.152ms
08-06 04:01:24.418 24798 25031 I art     : Starting a blocking GC Explicit
08-06 04:01:24.459 24798 25031 I art     : Explicit concurrent mark sweep GC freed 541(29KB) AllocSpace objects, 0(0B) LOS objects, 35% free, 29MB/45MB, paused 517us total 40.759ms
08-06 04:01:24.477 24798 25031 I art     : Starting a blocking GC Explicit
08-06 04:01:24.529 24798 25031 I art     : Explicit concurrent mark sweep GC freed 6(224B) AllocSpace objects, 0(0B) LOS objects, 35% free, 29MB/45MB, paused 608us total 51.059ms
08-06 04:01:24.550 24798 25031 I art     : Starting a blocking GC Explicit
08-06 04:01:24.605 24798 25031 I art     : Explicit concurrent mark sweep GC freed 5(144B) AllocSpace objects, 0(0B) LOS objects, 35% free, 29MB/45MB, paused 535us total 54.738ms
08-06 04:01:24.613   380   380 W SurfaceFlinger: couldn't log to binary event log: overflow.
08-06 04:01:24.624 24798 25031 I art     : Starting a blocking GC Explicit
08-06 04:01:24.668 24798 25031 I art     : Explicit concurrent mark sweep GC freed 79(4KB) AllocSpace objects, 0(0B) LOS objects, 35% free, 29MB/45MB, paused 559us total 43.928ms
08-06 04:01:24.760   512  2967 D audio_hw_primary: disable_audio_route: reset and update mixer path: low-latency-playback speaker
08-06 04:01:24.762   512  2967 D audio_hw_primary: disable_snd_device: snd_device(2: speaker)
08-06 04:01:24.770   512  2967 I soundtrigger: audio_extn_sound_trigger_update_device_status: device 0x2 of type 0 for Event 0
08-06 04:01:24.831 22752 22752 I ServiceManager: Waiting for service AtCmdFwd...
08-06 04:01:25.045 24798 25031 I art     : Starting a blocking GC Explicit
08-06 04:01:25.101 24798 25031 I art     : Explicit concurrent mark sweep GC freed 2215(130KB) AllocSpace objects, 1(20KB) LOS objects, 35% free, 29MB/45MB, paused 1.066ms total 55.464ms
08-06 04:01:25.123 24798 25031 I art     : Starting a blocking GC Explicit
08-06 04:01:25.167 24798 25031 I art     : Explicit concurrent mark sweep GC freed 30(1152B) AllocSpace objects, 0(0B) LOS objects, 35% free, 29MB/45MB, paused 613us total 43.779ms
08-06 04:01:25.187 24798 25031 I art     : Starting a blocking GC Explicit
08-06 04:01:25.237 24798 25031 I art     : Explicit concurrent mark sweep GC freed 15(448B) AllocSpace objects, 0(0B) LOS objects, 35% free, 29MB/45MB, paused 631us total 50.005ms
08-06 04:01:25.257 24798 25031 I art     : Starting a blocking GC Explicit
08-06 04:01:25.302 24798 25031 I art     : Explicit concurrent mark sweep GC freed 11(352B) AllocSpace objects, 0(0B) LOS objects, 35% free, 29MB/45MB, paused 570us total 44.464ms
08-06 04:01:25.320 24798 25031 I art     : Starting a blocking GC Explicit
08-06 04:01:25.368 24798 25031 I art     : Explicit concurrent mark sweep GC freed 11(352B) AllocSpace objects, 0(0B) LOS objects, 35% free, 29MB/45MB, paused 500us total 47.952ms
08-06 04:01:25.737 24798 25031 I art     : Starting a blocking GC Explicit
08-06 04:01:25.795 24798 25031 I art     : Explicit concurrent mark sweep GC freed 1405(84KB) AllocSpace objects, 1(20KB) LOS objects, 35% free, 29MB/45MB, paused 504us total 57.890ms
08-06 04:01:25.818 24798 25031 I art     : Starting a blocking GC Explicit
08-06 04:01:25.832 22752 22752 I ServiceManager: Waiting for service AtCmdFwd...
08-06 04:01:25.874 24798 25031 I art     : Explicit concurrent mark sweep GC freed 31(1056B) AllocSpace objects, 0(0B) LOS objects, 35% free, 29MB/45MB, paused 610us total 56.472ms
08-06 04:01:25.895 24798 25031 I art     : Starting a blocking GC Explicit
08-06 04:01:25.936 24798 24798 I chromium: [INFO:CONSOLE(1)] "
08-06 04:01:25.936 24798 24798 I chromium:                   ,d"=,.,qOp,
08-06 04:01:25.936 24798 24798 I chromium:                  ,7'  ''$(  )
08-06 04:01:25.936 24798 24798 I chromium:                 ,7'      '?q$7'
08-06 04:01:25.936 24798 24798 I chromium:              ..,$$,.
08-06 04:01:25.936 24798 24798 I chromium:    ,.  .,,--***""***--,,.  .,
08-06 04:01:25.936 24798 24798 I chromium:     ,p''              ''q,   
08-06 04:01:25.936 24798 24798 I chromium: :  ,7'                      '7,  :
08-06 04:01:25.936 24798 24798 I chromium:  ' $      ,db,      ,db,      $ '
08-06 04:01:25.936 24798 24798 I chromium:   '$      $$      $$      $'    Using Reddit at work? Work for Reddit.
08-06 04:01:25.936 24798 24798 I chromium:   '$                          $'        https://www.reddit.com/jobs
08-06 04:01:25.936 24798 24798 I chromium:    '$.     .,        ,.     .$'
08-06 04:01:25.936 24798 24798 I chromium:     'b,     ''     ,d'
08-06 04:01:25.936 24798 24798 I chromium:      '?bn,,          ,,nd?'
08-06 04:01:25.936 24798 24798 I chromium:        ,7$ '''' $7,
08-06 04:01:25.936 24798 24798 I chromium:      , $              $ ,
08-06 04:01:25.936 24798 24798 I chromium:      $  :$              $:  $
08-06 04:01:25.936 24798 24798 I chromium:      $   $              $   $
08-06 04:01:25.936 24798 24798 I chromium:      'b  q:            :p  d'
08-06 04:01:25.936 24798 24798 I chromium:       '?$.          .$?'
08-06 04:01:25.936 24798 24798 I chromium:          'b            d'
08-06 04:01:25.936 24798 24798 I chromium:        ,'?,.      .,?',
08-06 04:01:25.936 24798 24798 I chromium:       ==--==--==--==
08-06 04:01:25.936 24798 24798 I chromium: ", source: https://www.redditstatic.com/desktop2x/Chat~Governance~Reddit.2ea93b134a9b2e5b1d9a.js (1)
08-06 04:01:25.949 24798 25031 I art     : Explicit concurrent mark sweep GC freed 19(2784B) AllocSpace objects, 0(0B) LOS objects, 35% free, 29MB/45MB, paused 688us total 53.745ms
08-06 04:01:25.969 24798 25031 I art     : Starting a blocking GC Explicit
08-06 04:01:26.021 24798 25031 I art     : Explicit concurrent mark sweep GC freed 23(736B) AllocSpace objects, 0(0B) LOS objects, 35% free, 29MB/45MB, paused 632us total 51.122ms
08-06 04:01:26.041 24798 25031 I art     : Starting a blocking GC Explicit
08-06 04:01:26.094 24798 25031 I art     : Explicit concurrent mark sweep GC freed 19(608B) AllocSpace objects, 0(0B) LOS objects, 35% free, 29MB/45MB, paused 575us total 53.116ms
08-06 04:01:26.468 24798 24811 I art     : Starting a blocking GC Explicit
08-06 04:01:26.517 24798 24811 I art     : Explicit concurrent mark sweep GC freed 1379(83KB) AllocSpace objects, 1(20KB) LOS objects, 35% free, 29MB/45MB, paused 605us total 49.266ms
08-06 04:01:26.537 24798 24811 I art     : Starting a blocking GC Explicit
08-06 04:01:26.583 24798 24811 I art     : Explicit concurrent mark sweep GC freed 22(768B) AllocSpace objects, 0(0B) LOS objects, 35% free, 29MB/45MB, paused 574us total 45.345ms
08-06 04:01:26.600 24798 24811 I art     : Starting a blocking GC Explicit
08-06 04:01:26.647 24798 24811 I art     : Explicit concurrent mark sweep GC freed 3(96B) AllocSpace objects, 0(0B) LOS objects, 35% free, 29MB/45MB, paused 564us total 46.119ms
08-06 04:01:26.668 24798 24811 I art     : Starting a blocking GC Explicit
08-06 04:01:26.716 24798 24811 I art     : Explicit concurrent mark sweep GC freed 3(96B) AllocSpace objects, 0(0B) LOS objects, 35% free, 29MB/45MB, paused 575us total 47.567ms
08-06 04:01:26.735 24798 24811 I art     : Starting a blocking GC Explicit
08-06 04:01:26.786   518   646 I ThermalEngine: ACTION: GPU - Setting GPU[0] to 390000000
08-06 04:01:26.798 24798 24811 I art     : Explicit concurrent mark sweep GC freed 3(96B) AllocSpace objects, 0(0B) LOS objects, 35% free, 29MB/45MB, paused 1.999ms total 62.987ms
08-06 04:01:26.832 22752 22752 W Atfwd_Sendcmd: AtCmdFwd service not published, waiting... retryCnt : 1
08-06 04:01:26.958   918  3188 I hubconnection: sensorhub said: 'set_bias 3: -5.5008, 0.0000, 0.0000'
08-06 04:01:27.202 24798 24809 I art     : Starting a blocking GC Explicit
08-06 04:01:27.261 24798 24809 I art     : Explicit concurrent mark sweep GC freed 1355(82KB) AllocSpace objects, 1(20KB) LOS objects, 35% free, 29MB/45MB, paused 902us total 58.201ms
08-06 04:01:27.285 24798 24809 I art     : Starting a blocking GC Explicit
08-06 04:01:27.341 24798 24809 I art     : Explicit concurrent mark sweep GC freed 78(4KB) AllocSpace objects, 0(0B) LOS objects, 35% free, 29MB/45MB, paused 836us total 55.950ms
08-06 04:01:27.364 24798 24809 I art     : Starting a blocking GC Explicit
08-06 04:01:27.423 24798 24809 I art     : Explicit concurrent mark sweep GC freed 152(8KB) AllocSpace objects, 0(0B) LOS objects, 35% free, 29MB/45MB, paused 868us total 58.343ms
08-06 04:01:27.462 24798 24809 I art     : Starting a blocking GC Explicit
08-06 04:01:27.518 24798 24809 I art     : Explicit concurrent mark sweep GC freed 20(3056B) AllocSpace objects, 0(0B) LOS objects, 35% free, 29MB/45MB, paused 818us total 54.199ms
08-06 04:01:27.558 24798 24809 I art     : Starting a blocking GC Explicit
08-06 04:01:27.614 24798 24809 I art     : Explicit concurrent mark sweep GC freed 3(96B) AllocSpace objects, 0(0B) LOS objects, 35% free, 29MB/45MB, paused 831us total 55.381ms
08-06 04:01:28.004 24798 24827 I art     : Starting a blocking GC Explicit
08-06 04:01:28.075 24798 24827 I art     : Explicit concurrent mark sweep GC freed 1355(82KB) AllocSpace objects, 1(20KB) LOS objects, 35% free, 29MB/45MB, paused 899us total 70.334ms
08-06 04:01:28.099 24798 24827 I art     : Starting a blocking GC Explicit
08-06 04:01:28.156 24798 24827 I art     : Explicit concurrent mark sweep GC freed 66(3KB) AllocSpace objects, 0(0B) LOS objects, 35% free, 29MB/45MB, paused 630us total 55.899ms
08-06 04:01:28.179 24798 24827 I art     : Starting a blocking GC Explicit
08-06 04:01:28.247 24798 24827 I art     : Explicit concurrent mark sweep GC freed 3(96B) AllocSpace objects, 0(0B) LOS objects, 35% free, 29MB/45MB, paused 1.143ms total 66.757ms
08-06 04:01:28.247 24798 24808 I art     : WaitForGcToComplete blocked for 9.953ms for cause HeapTrim
08-06 04:01:28.272 24798 24827 I art     : Starting a blocking GC Explicit
08-06 04:01:28.340 24798 24827 I art     : Explicit concurrent mark sweep GC freed 3(96B) AllocSpace objects, 0(0B) LOS objects, 35% free, 29MB/45MB, paused 2.217ms total 67.770ms
08-06 04:01:28.368 24798 24827 I art     : Starting a blocking GC Explicit
08-06 04:01:28.430 24798 24827 I art     : Explicit concurrent mark sweep GC freed 3(96B) AllocSpace objects, 0(0B) LOS objects, 35% free, 29MB/45MB, paused 1.550ms total 61.559ms
08-06 04:01:28.837 24798 24811 I art     : Starting a blocking GC Explicit
08-06 04:01:28.899 24798 24811 I art     : Explicit concurrent mark sweep GC freed 1355(82KB) AllocSpace objects, 1(20KB) LOS objects, 35% free, 29MB/45MB, paused 842us total 61.457ms
08-06 04:01:28.924 24798 24811 I art     : Starting a blocking GC Explicit
08-06 04:01:28.990 24798 24811 I art     : Explicit concurrent mark sweep GC freed 20(704B) AllocSpace objects, 0(0B) LOS objects, 35% free, 29MB/45MB, paused 858us total 65.953ms
08-06 04:01:29.015 24798 24811 I art     : Starting a blocking GC Explicit
08-06 04:01:29.079 24798 24811 I art     : Explicit concurrent mark sweep GC freed 3(96B) AllocSpace objects, 0(0B) LOS objects, 35% free, 29MB/45MB, paused 892us total 63.347ms
08-06 04:01:29.103 24798 24811 I art     : Starting a blocking GC Explicit
08-06 04:01:29.105 27133 27133 D AndroidRuntime: >>>>>> START com.android.internal.os.RuntimeInit uid 2000 <<<<<<
08-06 04:01:29.112 27133 27133 D AndroidRuntime: CheckJNI is OFF
08-06 04:01:29.167 24798 24811 I art     : Explicit concurrent mark sweep GC freed 3(96B) AllocSpace objects, 0(0B) LOS objects, 35% free, 29MB/45MB, paused 819us total 63.450ms
08-06 04:01:29.173 27133 27133 D ICU     : No timezone override file found: /data/misc/zoneinfo/current/icu/icu_tzdata.dat
08-06 04:01:29.191 24798 24811 I art     : Starting a blocking GC Explicit
08-06 04:01:29.206 24798 27076 I RedditChangeDataIO: Writing tmp data file at '/data/user/0/baseline.org.quantumbadger.redreader/files/rr_change_data_tmp.dat'
08-06 04:01:29.207 24798 27076 I RedditChangeDataManager: Taking snapshot...
08-06 04:01:29.207 24798 27076 I RedditChangeDataManager: Writing to stream...
08-06 04:01:29.207 24798 27076 I RedditChangeDataManager: Wrote 5 entries for user ''
08-06 04:01:29.207 24798 27076 I RedditChangeDataManager: All entries written to stream.
08-06 04:01:29.207 24798 27076 I RedditChangeDataIO: Write successful. Atomically replacing data file...
08-06 04:01:29.208 24798 27076 I RedditChangeDataIO: Write complete.
08-06 04:01:29.208 24798 27076 I RedditChangeDataIO: 134 bytes written in 3 ms
08-06 04:01:29.219 27133 27133 I Radio-JNI: register_android_hardware_Radio DONE
08-06 04:01:29.251 24798 24811 I art     : Explicit concurrent mark sweep GC freed 80(4KB) AllocSpace objects, 1(68KB) LOS objects, 35% free, 29MB/45MB, paused 728us total 59.529ms
08-06 04:01:29.256 27133 27133 D AndroidRuntime: Calling main entry com.android.commands.input.Input
08-06 04:01:29.258 27133 27133 I Input   : injectKeyEvent: KeyEvent { action=ACTION_DOWN, keyCode=KEYCODE_BACK, scanCode=0, metaState=0, flags=0x0, repeatCount=0, eventTime=849705671, downTime=849705671, deviceId=-1, source=0x101 }
08-06 04:01:29.264 27133 27133 I Input   : injectKeyEvent: KeyEvent { action=ACTION_UP, keyCode=KEYCODE_BACK, scanCode=0, metaState=0, flags=0x0, repeatCount=0, eventTime=849705671, downTime=849705671, deviceId=-1, source=0x101 }
08-06 04:01:29.270 27133 27133 D AndroidRuntime: Shutting down VM
08-06 04:01:29.289   918   937 W ProcessCpuTracker: Skipping unknown process pid 27141
08-06 04:01:29.290   918   937 W ProcessCpuTracker: Skipping unknown process pid 27143
08-06 04:01:29.290   918   937 W ProcessCpuTracker: Skipping unknown process pid 27144
08-06 04:01:29.315 13866 13866 I GoogleInputMethodServic: GoogleInputMethodService.onFinishInput():3138 
08-06 04:01:29.316 13866 13866 I GoogleInputMethodServic: GoogleInputMethodService.onStartInput():1808 
08-06 04:01:29.634   380   380 W SurfaceFlinger: couldn't log to binary event log: overflow.
08-06 04:01:29.660 24798 25031 I art     : Starting a blocking GC Explicit
08-06 04:01:29.691   918  3263 D ConnectivityService: releasing NetworkRequest NetworkRequest [ id=3809, legacyType=-1, [ Capabilities: INTERNET&NOT_RESTRICTED&TRUSTED] ]
08-06 04:01:29.736 24798 25031 I art     : Explicit concurrent mark sweep GC freed 2551(135KB) AllocSpace objects, 1(20KB) LOS objects, 35% free, 29MB/45MB, paused 793us total 75.013ms
08-06 04:01:29.773 24798 25031 I art     : Starting a blocking GC Explicit
08-06 04:01:29.869 24798 25031 I art     : Explicit concurrent mark sweep GC freed 169(8KB) AllocSpace objects, 0(0B) LOS objects, 35% free, 29MB/45MB, paused 920us total 95.354ms
08-06 04:01:29.893 24798 25031 I art     : Starting a blocking GC Explicit
08-06 04:01:29.950 24798 25031 I art     : Explicit concurrent mark sweep GC freed 1979(117KB) AllocSpace objects, 1(28KB) LOS objects, 35% free, 29MB/45MB, paused 755us total 57.073ms
08-06 04:01:29.976 24798 25031 I art     : Starting a blocking GC Explicit
08-06 04:01:30.040 24798 25031 I art     : Explicit concurrent mark sweep GC freed 3(96B) AllocSpace objects, 0(0B) LOS objects, 35% free, 29MB/45MB, paused 900us total 63.673ms
08-06 04:01:30.070 24798 25031 I art     : Starting a blocking GC Explicit
08-06 04:01:30.135 24798 25031 I art     : Explicit concurrent mark sweep GC freed 3(96B) AllocSpace objects, 0(0B) LOS objects, 35% free, 29MB/45MB, paused 840us total 64.299ms
08-06 04:01:30.525 24798 24811 I art     : Starting a blocking GC Explicit
08-06 04:01:30.583 24798 24811 I art     : Explicit concurrent mark sweep GC freed 1399(84KB) AllocSpace objects, 1(20KB) LOS objects, 35% free, 29MB/45MB, paused 832us total 56.959ms
08-06 04:01:30.607 24798 24811 I art     : Starting a blocking GC Explicit
08-06 04:01:30.664 24798 24811 I art     : Explicit concurrent mark sweep GC freed 20(704B) AllocSpace objects, 0(0B) LOS objects, 35% free, 29MB/45MB, paused 944us total 56.638ms
08-06 04:01:30.689 24798 24811 I art     : Starting a blocking GC Explicit
08-06 04:01:30.746 24798 24811 I art     : Explicit concurrent mark sweep GC freed 3(96B) AllocSpace objects, 0(0B) LOS objects, 35% free, 29MB/45MB, paused 793us total 56.208ms
08-06 04:01:30.771 24798 24811 I art     : Starting a blocking GC Explicit
08-06 04:01:30.788   518   646 I ThermalEngine: ACTION: GPU - Setting GPU[0] to 450000000
08-06 04:01:30.821 24798 24811 I art     : Explicit concurrent mark sweep GC freed 3(96B) AllocSpace objects, 0(0B) LOS objects, 35% free, 29MB/45MB, paused 523us total 50.178ms
08-06 04:01:30.840 24798 24811 I art     : Starting a blocking GC Explicit
08-06 04:01:30.885 24798 24811 I art     : Explicit concurrent mark sweep GC freed 3(96B) AllocSpace objects, 0(0B) LOS objects, 35% free, 29MB/45MB, paused 508us total 45.027ms
08-06 04:01:31.099 27176 27176 D AndroidRuntime: >>>>>> START com.android.internal.os.RuntimeInit uid 2000 <<<<<<
08-06 04:01:31.105 27176 27176 D AndroidRuntime: CheckJNI is OFF
08-06 04:01:31.145 27176 27176 D ICU     : No timezone override file found: /data/misc/zoneinfo/current/icu/icu_tzdata.dat
08-06 04:01:31.187 27176 27176 I Radio-JNI: register_android_hardware_Radio DONE
08-06 04:01:31.217 27176 27176 D AndroidRuntime: Calling main entry com.android.commands.input.Input
08-06 04:01:31.218 27176 27176 I Input   : injectKeyEvent: KeyEvent { action=ACTION_DOWN, keyCode=KEYCODE_BACK, scanCode=0, metaState=0, flags=0x0, repeatCount=0, eventTime=849707631, downTime=849707631, deviceId=-1, source=0x101 }
08-06 04:01:31.223 27176 27176 I Input   : injectKeyEvent: KeyEvent { action=ACTION_UP, keyCode=KEYCODE_BACK, scanCode=0, metaState=0, flags=0x0, repeatCount=0, eventTime=849707631, downTime=849707631, deviceId=-1, source=0x101 }
08-06 04:01:31.229 27176 27176 D AndroidRuntime: Shutting down VM
08-06 04:01:31.254 24798 24827 I art     : Starting a blocking GC Explicit
08-06 04:01:31.277 13866 13866 I GoogleInputMethodServic: GoogleInputMethodService.onFinishInput():3138 
08-06 04:01:31.278 13866 13866 I GoogleInputMethodServic: GoogleInputMethodService.onStartInput():1808 
08-06 04:01:31.301 24798 24827 I art     : Explicit concurrent mark sweep GC freed 1470(86KB) AllocSpace objects, 1(20KB) LOS objects, 35% free, 29MB/45MB, paused 575us total 46.753ms
08-06 04:01:31.320 24798 24827 I art     : Starting a blocking GC Explicit
08-06 04:01:31.362 24798 24827 I art     : Explicit concurrent mark sweep GC freed 88(2944B) AllocSpace objects, 0(0B) LOS objects, 35% free, 29MB/45MB, paused 528us total 41.754ms
08-06 04:01:31.380 24798 24827 I art     : Starting a blocking GC Explicit
08-06 04:01:31.425 24798 24827 I art     : Explicit concurrent mark sweep GC freed 3(96B) AllocSpace objects, 0(0B) LOS objects, 35% free, 29MB/45MB, paused 530us total 45.197ms
08-06 04:01:31.444 24798 24827 I art     : Starting a blocking GC Explicit
08-06 04:01:31.496 24798 24827 I art     : Explicit concurrent mark sweep GC freed 3(96B) AllocSpace objects, 0(0B) LOS objects, 35% free, 29MB/45MB, paused 475us total 51.402ms
08-06 04:01:31.517 24798 24827 I art     : Starting a blocking GC Explicit
08-06 04:01:31.569 24798 24827 I art     : Explicit concurrent mark sweep GC freed 3(96B) AllocSpace objects, 0(0B) LOS objects, 35% free, 29MB/45MB, paused 504us total 52.064ms
08-06 04:01:31.833 22752 22752 I ServiceManager: Waiting for service AtCmdFwd...
08-06 04:01:31.894 24798 24811 I art     : Starting a blocking GC Explicit
08-06 04:01:31.953 24798 24811 I art     : Explicit concurrent mark sweep GC freed 1412(84KB) AllocSpace objects, 1(20KB) LOS objects, 35% free, 29MB/45MB, paused 510us total 58.658ms
08-06 04:01:31.972 24798 24811 I art     : Starting a blocking GC Explicit
08-06 04:01:32.019 24798 24811 I art     : Explicit concurrent mark sweep GC freed 150(7KB) AllocSpace objects, 0(0B) LOS objects, 35% free, 29MB/45MB, paused 540us total 47.380ms
08-06 04:01:32.038 24798 24811 I art     : Starting a blocking GC Explicit
08-06 04:01:32.085 24798 24811 I art     : Explicit concurrent mark sweep GC freed 3(96B) AllocSpace objects, 0(0B) LOS objects, 35% free, 29MB/45MB, paused 548us total 47.352ms
08-06 04:01:32.104 24798 24811 I art     : Starting a blocking GC Explicit
08-06 04:01:32.152 24798 24811 I art     : Explicit concurrent mark sweep GC freed 3(96B) AllocSpace objects, 0(0B) LOS objects, 35% free, 29MB/45MB, paused 551us total 47.784ms
08-06 04:01:32.171 24798 24811 I art     : Starting a blocking GC Explicit
08-06 04:01:32.220 24798 24811 I art     : Explicit concurrent mark sweep GC freed 3(96B) AllocSpace objects, 0(0B) LOS objects, 35% free, 29MB/45MB, paused 622us total 48.554ms
08-06 04:01:32.559 24798 24809 I art     : Starting a blocking GC Explicit
08-06 04:01:32.613 24798 24809 I art     : Explicit concurrent mark sweep GC freed 1354(82KB) AllocSpace objects, 1(20KB) LOS objects, 35% free, 29MB/45MB, paused 542us total 53.869ms
08-06 04:01:32.632 24798 24809 I art     : Starting a blocking GC Explicit
08-06 04:01:32.676 24798 24809 I art     : Explicit concurrent mark sweep GC freed 20(704B) AllocSpace objects, 0(0B) LOS objects, 35% free, 29MB/45MB, paused 492us total 44.031ms
08-06 04:01:32.695 24798 24809 I art     : Starting a blocking GC Explicit
08-06 04:01:32.741 24798 24809 I art     : Explicit concurrent mark sweep GC freed 3(96B) AllocSpace objects, 0(0B) LOS objects, 35% free, 29MB/45MB, paused 557us total 45.670ms
08-06 04:01:32.759 24798 24809 I art     : Starting a blocking GC Explicit
08-06 04:01:32.804 24798 24809 I art     : Explicit concurrent mark sweep GC freed 3(96B) AllocSpace objects, 0(0B) LOS objects, 35% free, 29MB/45MB, paused 554us total 45.135ms
08-06 04:01:32.822 24798 24809 I art     : Starting a blocking GC Explicit
08-06 04:01:32.833 22752 22752 I ServiceManager: Waiting for service AtCmdFwd...
08-06 04:01:32.868 24798 24809 I art     : Explicit concurrent mark sweep GC freed 3(96B) AllocSpace objects, 0(0B) LOS objects, 35% free, 29MB/45MB, paused 582us total 45.527ms
08-06 04:01:33.021 27219 27219 D AndroidRuntime: >>>>>> START com.android.internal.os.RuntimeInit uid 2000 <<<<<<
08-06 04:01:33.028 27219 27219 D AndroidRuntime: CheckJNI is OFF
08-06 04:01:33.070 27219 27219 D ICU     : No timezone override file found: /data/misc/zoneinfo/current/icu/icu_tzdata.dat
08-06 04:01:33.112 27219 27219 I Radio-JNI: register_android_hardware_Radio DONE
08-06 04:01:33.141 27219 27219 D AndroidRuntime: Calling main entry com.android.commands.input.Input
08-06 04:01:33.142 27219 27219 I Input   : injectMotionEvent: MotionEvent { action=ACTION_DOWN, actionButton=0, id[0]=0, x[0]=600.0, y[0]=1000.0, toolType[0]=TOOL_TYPE_UNKNOWN, buttonState=0, metaState=0, flags=0x0, edgeFlags=0x0, pointerCount=1, historySize=0, eventTime=849709555, downTime=849709555, deviceId=0, source=0x1002 }
08-06 04:01:33.146 27219 27219 I Input   : injectMotionEvent: MotionEvent { action=ACTION_UP, actionButton=0, id[0]=0, x[0]=600.0, y[0]=1000.0, toolType[0]=TOOL_TYPE_UNKNOWN, buttonState=0, metaState=0, flags=0x0, edgeFlags=0x0, pointerCount=1, historySize=0, eventTime=849709555, downTime=849709555, deviceId=0, source=0x1002 }
08-06 04:01:33.148 27219 27219 D AndroidRuntime: Shutting down VM
08-06 04:01:33.157   918  6110 I ActivityManager: START u0 {dat=https://oauth.reddit.com/... cmp=baseline.org.quantumbadger.redreader/.activities.PostListingActivity} from uid 10705 on display 0
08-06 04:01:33.158   512  2967 D audio_hw_primary: out_set_parameters: enter: usecase(1: low-latency-playback) kvpairs: routing=2
08-06 04:01:33.171   512  2967 D audio_hw_primary: select_devices: out_snd_device(2: speaker) in_snd_device(0: none)
08-06 04:01:33.171   512  2967 D msm8974_platform: platform_send_audio_calibration: sending audio calibration for snd_device(2) acdb_id(15)
08-06 04:01:33.172   512  2967 I soundtrigger: audio_extn_sound_trigger_update_device_status: device 0x2 of type 0 for Event 1
08-06 04:01:33.183 24798 24798 I AppCompatViewInflater: app:theme is now deprecated. Please move to using android:theme instead.
08-06 04:01:33.184   512  2967 D audio_hw_primary: enable_snd_device: snd_device(2: speaker)
08-06 04:01:33.187   512  2967 D audio_hw_primary: enable_audio_route: apply and update mixer path: low-latency-playback speaker
08-06 04:01:33.210 24798 27243 D OK      : calling: https://oauth.reddit.com/r/announcements/about.json
08-06 04:01:33.219 24798 25031 I art     : Starting a blocking GC Explicit
08-06 04:01:33.264 24798 25031 I art     : Explicit concurrent mark sweep GC freed 2934(185KB) AllocSpace objects, 1(20KB) LOS objects, 35% free, 29MB/45MB, paused 911us total 44.755ms
08-06 04:01:33.269   918   936 I ActivityManager: Displayed baseline.org.quantumbadger.redreader/.activities.PostListingActivity: +102ms
08-06 04:01:33.269 13866 13866 I GoogleInputMethodServic: GoogleInputMethodService.onFinishInput():3138 
08-06 04:01:33.271 13866 13866 I GoogleInputMethodServic: GoogleInputMethodService.onStartInput():1808 
08-06 04:01:33.284 24798 25031 I art     : Starting a blocking GC Explicit
08-06 04:01:33.332 24798 25031 I art     : Explicit concurrent mark sweep GC freed 2442(103KB) AllocSpace objects, 0(0B) LOS objects, 35% free, 29MB/45MB, paused 637us total 47.331ms
08-06 04:01:33.349 24798 25031 I art     : Starting a blocking GC Explicit
08-06 04:01:33.395 24798 25031 I art     : Explicit concurrent mark sweep GC freed 136(5KB) AllocSpace objects, 0(0B) LOS objects, 35% free, 29MB/45MB, paused 623us total 45.499ms
08-06 04:01:33.395 24798 24808 I art     : WaitForGcToComplete blocked for 45.833ms for cause HeapTrim
08-06 04:01:33.413 24798 25031 I art     : Starting a blocking GC Explicit
08-06 04:01:33.465 24798 25031 I art     : Explicit concurrent mark sweep GC freed 8(288B) AllocSpace objects, 0(0B) LOS objects, 35% free, 29MB/45MB, paused 602us total 51.792ms
08-06 04:01:33.480 24798 27243 I NAPPA_EXPERIMENTATION: MetricNetworkRequestExecutionTime: REQUEST_DURATION_SYSTEM='270',REQUEST_DURATION_OKHTTP='149',REQUEST_SYNCHRONOUS='TRUE',RESPONSE_CODE='200',RESPONSE_METHOD='GET',RESPONSE_LENGTH_OKHTTP='-1',RESPONSE_LENGTH_HEADER='1564',REQUEST_PROTOCOL='h2',REQUEST_URL='https://oauth.reddit.com/r/announcements/about.json',
08-06 04:01:33.481 24798 27243 D OK      : request got status: 200
08-06 04:01:33.487 24798 25031 I art     : Starting a blocking GC Explicit
08-06 04:01:33.522   380   380 W SurfaceFlinger: couldn't log to binary event log: overflow.
08-06 04:01:33.547 24798 25031 I art     : Explicit concurrent mark sweep GC freed 919(103KB) AllocSpace objects, 1(68KB) LOS objects, 35% free, 29MB/45MB, paused 620us total 59.629ms
08-06 04:01:33.719   512  2967 D audio_hw_primary: disable_audio_route: reset and update mixer path: low-latency-playback speaker
08-06 04:01:33.720   512  2967 D audio_hw_primary: disable_snd_device: snd_device(2: speaker)
08-06 04:01:33.730   512  2967 I soundtrigger: audio_extn_sound_trigger_update_device_status: device 0x2 of type 0 for Event 0
08-06 04:01:33.834 22752 22752 I ServiceManager: Waiting for service AtCmdFwd...
08-06 04:01:33.889 24798 24809 I art     : Starting a blocking GC Explicit
08-06 04:01:33.941 24798 24809 I art     : Explicit concurrent mark sweep GC freed 2070(140KB) AllocSpace objects, 2(88KB) LOS objects, 35% free, 29MB/45MB, paused 600us total 52.198ms
08-06 04:01:33.960 24798 24809 I art     : Starting a blocking GC Explicit
08-06 04:01:34.007 24798 24809 I art     : Explicit concurrent mark sweep GC freed 60(2480B) AllocSpace objects, 0(0B) LOS objects, 35% free, 29MB/45MB, paused 669us total 46.670ms
08-06 04:01:34.026 24798 24809 I art     : Starting a blocking GC Explicit
08-06 04:01:34.072 24798 24809 I art     : Explicit concurrent mark sweep GC freed 3(96B) AllocSpace objects, 0(0B) LOS objects, 35% free, 29MB/45MB, paused 593us total 46.255ms
08-06 04:01:34.091 24798 24809 I art     : Starting a blocking GC Explicit
08-06 04:01:34.138 24798 24809 I art     : Explicit concurrent mark sweep GC freed 3(96B) AllocSpace objects, 0(0B) LOS objects, 35% free, 29MB/45MB, paused 608us total 46.730ms
08-06 04:01:34.156 24798 24809 I art     : Starting a blocking GC Explicit
08-06 04:01:34.202 24798 24809 I art     : Explicit concurrent mark sweep GC freed 3(96B) AllocSpace objects, 0(0B) LOS objects, 35% free, 29MB/45MB, paused 607us total 46.096ms
08-06 04:01:34.370   918  3188 I hubconnection: sensorhub said: 'set_bias 3: -6.2400, 0.0000, 0.0000'
08-06 04:01:34.410 24798 27263 D OK      : calling: https://oauth.reddit.com/r/announcements/hot/.json
08-06 04:01:34.542 24798 24827 I art     : Starting a blocking GC Explicit
08-06 04:01:34.592 24798 24827 I art     : Explicit concurrent mark sweep GC freed 1446(86KB) AllocSpace objects, 1(20KB) LOS objects, 35% free, 29MB/45MB, paused 790us total 49.394ms
08-06 04:01:34.611 24798 24827 I art     : Starting a blocking GC Explicit
08-06 04:01:34.616 24798 27263 I NAPPA_EXPERIMENTATION: MetricNetworkRequestExecutionTime: REQUEST_DURATION_SYSTEM='206',REQUEST_DURATION_OKHTTP='202',REQUEST_SYNCHRONOUS='TRUE',RESPONSE_CODE='200',RESPONSE_METHOD='GET',RESPONSE_LENGTH_OKHTTP='-1',RESPONSE_LENGTH_HEADER='142016',REQUEST_PROTOCOL='h2',REQUEST_URL='https://oauth.reddit.com/r/announcements/hot/.json',
08-06 04:01:34.616 24798 27263 D OK      : request got status: 200
08-06 04:01:34.623 24798 25375 I PostListingFragment: Precaching images: OFF
08-06 04:01:34.623 24798 25375 I PostListingFragment: Precaching comments: OFF
08-06 04:01:34.658 24798 24827 I art     : Explicit concurrent mark sweep GC freed 983(127KB) AllocSpace objects, 0(0B) LOS objects, 34% free, 30MB/46MB, paused 1.632ms total 47.305ms
08-06 04:01:34.676 24798 24827 I art     : Starting a blocking GC Explicit
08-06 04:01:34.724 24798 24827 I art     : Explicit concurrent mark sweep GC freed 1532(72KB) AllocSpace objects, 4(72KB) LOS objects, 34% free, 30MB/46MB, paused 837us total 47.352ms
08-06 04:01:34.742 24798 24827 I art     : Starting a blocking GC Explicit
08-06 04:01:34.794 24798 24827 I art     : Explicit concurrent mark sweep GC freed 1734(86KB) AllocSpace objects, 0(0B) LOS objects, 33% free, 31MB/47MB, paused 837us total 52.121ms
08-06 04:01:34.813 24798 24827 I art     : Starting a blocking GC Explicit
08-06 04:01:34.834 22752 22752 I ServiceManager: Waiting for service AtCmdFwd...
08-06 04:01:34.868 24798 24827 I art     : Explicit concurrent mark sweep GC freed 2981(191KB) AllocSpace objects, 7(432KB) LOS objects, 33% free, 32MB/48MB, paused 1.288ms total 54.812ms
08-06 04:01:35.192 24798 25031 I art     : Starting a blocking GC Explicit
08-06 04:01:35.208 24798 24798 W RecyclerView: Cannot call this method in a scroll callback. Scroll callbacks mightbe run during a measure & layout pass where you cannot change theRecyclerView data. Any method call that might change the structureof the RecyclerView or the adapter contents should be postponed tothe next frame.
08-06 04:01:35.208 24798 24798 W RecyclerView: java.lang.IllegalStateException:  androidx.recyclerview.widget.RecyclerView{203c1db VFED..... .F....ID 0,0-1440,2140 #7f0900ef app:id/scrollbar_recyclerview_recyclerview}, adapter:baseline.org.quantumbadger.redreader.adapters.GroupedRecyclerViewAdapter@b0c7478, layout:androidx.recyclerview.widget.LinearLayoutManager@c9a5751, context:baseline.org.quantumbadger.redreader.activities.PostListingActivity@b12ad98
08-06 04:01:35.208 24798 24798 W RecyclerView: 	at androidx.recyclerview.widget.RecyclerView.assertNotInLayoutOrScroll(RecyclerView.java:3061)
08-06 04:01:35.208 24798 24798 W RecyclerView: 	at androidx.recyclerview.widget.RecyclerView$RecyclerViewDataObserver.onItemRangeInserted(RecyclerView.java:5555)
08-06 04:01:35.208 24798 24798 W RecyclerView: 	at androidx.recyclerview.widget.RecyclerView$AdapterDataObservable.notifyItemRangeInserted(RecyclerView.java:12278)
08-06 04:01:35.208 24798 24798 W RecyclerView: 	at androidx.recyclerview.widget.RecyclerView$Adapter.notifyItemInserted(RecyclerView.java:7464)
08-06 04:01:35.208 24798 24798 W RecyclerView: 	at baseline.org.quantumbadger.redreader.adapters.GroupedRecyclerViewAdapter.updateHiddenStatus(GroupedRecyclerViewAdapter.java:279)
08-06 04:01:35.208 24798 24798 W RecyclerView: 	at baseline.org.quantumbadger.redreader.adapters.RedditListingManager.setLoadingVisible(RedditListingManager.java:125)
08-06 04:01:35.208 24798 24798 W RecyclerView: 	at baseline.org.quantumbadger.redreader.fragments.PostListingFragment.onLoadMoreItemsCheck(PostListingFragment.java:465)
08-06 04:01:35.208 24798 24798 W RecyclerView: 	at baseline.org.quantumbadger.redreader.fragments.PostListingFragment.access$000(PostListingFragment.java:98)
08-06 04:01:35.208 24798 24798 W RecyclerView: 	at baseline.org.quantumbadger.redreader.fragments.PostListingFragment$2.onScrolled(PostListingFragment.java:215)
08-06 04:01:35.208 24798 24798 W RecyclerView: 	at androidx.recyclerview.widget.RecyclerView.dispatchOnScrolled(RecyclerView.java:5173)
08-06 04:01:35.208 24798 24798 W RecyclerView: 	at androidx.recyclerview.widget.RecyclerView.dispatchLayoutStep3(RecyclerView.java:4231)
08-06 04:01:35.208 24798 24798 W RecyclerView: 	at androidx.recyclerview.widget.RecyclerView.dispatchLayout(RecyclerView.java:3862)
08-06 04:01:35.208 24798 24798 W RecyclerView: 	at androidx.recyclerview.widget.RecyclerView.consumePendingUpdateOperations(RecyclerView.java:1897)
08-06 04:01:35.208 24798 24798 W RecyclerView: 	at androidx.recyclerview.widget.RecyclerView$1.run(RecyclerView.java:414)
08-06 04:01:35.208 24798 24798 W RecyclerView: 	at android.view.Choreographer$CallbackRecord.run(Choreographer.java:858)
08-06 04:01:35.208 24798 24798 W RecyclerView: 	at android.view.Choreographer.doCallbacks(Choreographer.java:670)
08-06 04:01:35.208 24798 24798 W RecyclerView: 	at android.view.Choreographer.doFrame(Choreographer.java:603)
08-06 04:01:35.208 24798 24798 W RecyclerView: 	at android.view.Choreographer$FrameDisplayEventReceiver.run(Choreographer.java:844)
08-06 04:01:35.208 24798 24798 W RecyclerView: 	at android.os.Handler.handleCallback(Handler.java:739)
08-06 04:01:35.208 24798 24798 W RecyclerView: 	at android.os.Handler.dispatchMessage(Handler.java:95)
08-06 04:01:35.208 24798 24798 W RecyclerView: 	at android.os.Looper.loop(Looper.java:148)
08-06 04:01:35.208 24798 24798 W RecyclerView: 	at android.app.ActivityThread.main(ActivityThread.java:5417)
08-06 04:01:35.208 24798 24798 W RecyclerView: 	at java.lang.reflect.Method.invoke(Native Method)
08-06 04:01:35.208 24798 24798 W RecyclerView: 	at com.android.internal.os.ZygoteInit$MethodAndArgsCaller.run(ZygoteInit.java:726)
08-06 04:01:35.208 24798 24798 W RecyclerView: 	at com.android.internal.os.ZygoteInit.main(ZygoteInit.java:616)
08-06 04:01:35.255 24798 25031 I art     : Explicit concurrent mark sweep GC freed 75673(3MB) AllocSpace objects, 34(1632KB) LOS objects, 33% free, 31MB/47MB, paused 699us total 62.814ms
08-06 04:01:35.274 24798 25031 I art     : Starting a blocking GC Explicit
08-06 04:01:35.323 24798 25031 I art     : Explicit concurrent mark sweep GC freed 1754(74KB) AllocSpace objects, 0(0B) LOS objects, 33% free, 31MB/47MB, paused 585us total 48.249ms
08-06 04:01:35.340 24798 25031 I art     : Starting a blocking GC Explicit
08-06 04:01:35.390 24798 25031 I art     : Explicit concurrent mark sweep GC freed 49(1776B) AllocSpace objects, 0(0B) LOS objects, 33% free, 31MB/47MB, paused 661us total 49.409ms
08-06 04:01:35.409 24798 25031 I art     : Starting a blocking GC Explicit
08-06 04:01:35.460 24798 25031 I art     : Explicit concurrent mark sweep GC freed 27(1120B) AllocSpace objects, 0(0B) LOS objects, 33% free, 31MB/47MB, paused 532us total 50.340ms
08-06 04:01:35.478 24798 25031 I art     : Starting a blocking GC Explicit
08-06 04:01:35.528 24798 25031 I art     : Explicit concurrent mark sweep GC freed 19(864B) AllocSpace objects, 0(0B) LOS objects, 33% free, 31MB/47MB, paused 619us total 49.422ms
08-06 04:01:35.611 24798 27280 D OK      : calling: https://oauth.reddit.com/r/announcements/hot/.json?after=t3_9jf8nh
08-06 04:01:35.835 22752 22752 I ServiceManager: Waiting for service AtCmdFwd...
08-06 04:01:35.839 24798 27280 I NAPPA_EXPERIMENTATION: MetricNetworkRequestExecutionTime: REQUEST_DURATION_SYSTEM='228',REQUEST_DURATION_OKHTTP='224',REQUEST_SYNCHRONOUS='TRUE',RESPONSE_CODE='200',RESPONSE_METHOD='GET',RESPONSE_LENGTH_OKHTTP='-1',RESPONSE_LENGTH_HEADER='65685',REQUEST_PROTOCOL='h2',REQUEST_URL='https://oauth.reddit.com/r/announcements/hot/.json?after=t3_9jf8nh',
08-06 04:01:35.840 24798 27280 D OK      : request got status: 200
08-06 04:01:35.850 24798 25375 I PostListingFragment: Precaching images: OFF
08-06 04:01:35.850 24798 25375 I PostListingFragment: Precaching comments: OFF
08-06 04:01:35.885 24798 24811 I art     : Starting a blocking GC Explicit
08-06 04:01:35.942 24798 24811 I art     : Explicit concurrent mark sweep GC freed 6379(496KB) AllocSpace objects, 7(556KB) LOS objects, 32% free, 32MB/48MB, paused 1.029ms total 56.575ms
08-06 04:01:35.962 24798 24811 I art     : Starting a blocking GC Explicit
08-06 04:01:36.017 24798 24811 I art     : Explicit concurrent mark sweep GC freed 4265(200KB) AllocSpace objects, 4(144KB) LOS objects, 32% free, 33MB/49MB, paused 787us total 55.397ms
08-06 04:01:36.037 24798 24811 I art     : Starting a blocking GC Explicit
08-06 04:01:36.094 24798 24811 I art     : Explicit concurrent mark sweep GC freed 3764(180KB) AllocSpace objects, 2(92KB) LOS objects, 32% free, 33MB/49MB, paused 772us total 57.013ms
08-06 04:01:36.114 24798 24811 I art     : Starting a blocking GC Explicit
08-06 04:01:36.178 24798 24811 I art     : Explicit concurrent mark sweep GC freed 4327(158KB) AllocSpace objects, 0(0B) LOS objects, 32% free, 33MB/49MB, paused 1.025ms total 64.532ms
08-06 04:01:36.198 24798 24811 I art     : Starting a blocking GC Explicit
08-06 04:01:36.261 24798 24811 I art     : Explicit concurrent mark sweep GC freed 3015(111KB) AllocSpace objects, 0(0B) LOS objects, 32% free, 33MB/49MB, paused 738us total 62.995ms
08-06 04:01:36.645 24798 24809 I art     : Starting a blocking GC Explicit
08-06 04:01:36.720 24798 24809 I art     : Explicit concurrent mark sweep GC freed 18125(932KB) AllocSpace objects, 7(128KB) LOS objects, 33% free, 32MB/48MB, paused 660us total 75.188ms
08-06 04:01:36.742 24798 24809 I art     : Starting a blocking GC Explicit
08-06 04:01:36.800 24798 24809 I art     : Explicit concurrent mark sweep GC freed 23(832B) AllocSpace objects, 0(0B) LOS objects, 33% free, 32MB/48MB, paused 562us total 57.275ms
08-06 04:01:36.819 24798 24809 I art     : Starting a blocking GC Explicit
08-06 04:01:36.836 22752 22752 W Atfwd_Sendcmd: AtCmdFwd service not published, waiting... retryCnt : 2
08-06 04:01:36.874 24798 24809 I art     : Explicit concurrent mark sweep GC freed 3(96B) AllocSpace objects, 0(0B) LOS objects, 33% free, 32MB/48MB, paused 617us total 54.438ms
08-06 04:01:36.893 24798 24809 I art     : Starting a blocking GC Explicit
08-06 04:01:36.949 24798 24809 I art     : Explicit concurrent mark sweep GC freed 3(96B) AllocSpace objects, 0(0B) LOS objects, 33% free, 32MB/48MB, paused 557us total 55.459ms
08-06 04:01:36.969 24798 24809 I art     : Starting a blocking GC Explicit
08-06 04:01:37.029 24798 24809 I art     : Explicit concurrent mark sweep GC freed 3(96B) AllocSpace objects, 0(0B) LOS objects, 33% free, 32MB/48MB, paused 718us total 60.267ms
08-06 04:01:37.430 24798 24827 I art     : Starting a blocking GC Explicit
08-06 04:01:37.490 24798 24827 I art     : Explicit concurrent mark sweep GC freed 1355(82KB) AllocSpace objects, 1(20KB) LOS objects, 33% free, 32MB/48MB, paused 671us total 58.931ms
08-06 04:01:37.513 24798 24827 I art     : Starting a blocking GC Explicit
08-06 04:01:37.567 24798 24827 I art     : Explicit concurrent mark sweep GC freed 20(704B) AllocSpace objects, 0(0B) LOS objects, 33% free, 32MB/48MB, paused 554us total 53.741ms
08-06 04:01:37.586 24798 24827 I art     : Starting a blocking GC Explicit
08-06 04:01:37.643 24798 24827 I art     : Explicit concurrent mark sweep GC freed 3(96B) AllocSpace objects, 0(0B) LOS objects, 33% free, 32MB/48MB, paused 663us total 55.955ms
08-06 04:01:37.666 24798 24827 I art     : Starting a blocking GC Explicit
08-06 04:01:37.720 24798 24827 I art     : Explicit concurrent mark sweep GC freed 3(96B) AllocSpace objects, 0(0B) LOS objects, 33% free, 32MB/48MB, paused 610us total 53.865ms
08-06 04:01:37.740 24798 24827 I art     : Starting a blocking GC Explicit
08-06 04:01:37.798 24798 24827 I art     : Explicit concurrent mark sweep GC freed 3(96B) AllocSpace objects, 0(0B) LOS objects, 33% free, 32MB/48MB, paused 616us total 57.560ms
08-06 04:01:38.163 24798 25031 I art     : Starting a blocking GC Explicit
08-06 04:01:38.234 24798 25031 I art     : Explicit concurrent mark sweep GC freed 1357(83KB) AllocSpace objects, 1(20KB) LOS objects, 33% free, 32MB/48MB, paused 681us total 70.726ms
08-06 04:01:38.256 24798 25031 I art     : Starting a blocking GC Explicit
08-06 04:01:38.317 24798 25031 I art     : Explicit concurrent mark sweep GC freed 20(704B) AllocSpace objects, 0(0B) LOS objects, 33% free, 32MB/48MB, paused 581us total 60.482ms
08-06 04:01:38.339 24798 25031 I art     : Starting a blocking GC Explicit
08-06 04:01:38.394 24798 25031 I art     : Explicit concurrent mark sweep GC freed 3(96B) AllocSpace objects, 0(0B) LOS objects, 33% free, 32MB/48MB, paused 558us total 54.955ms
08-06 04:01:38.414 24798 25031 I art     : Starting a blocking GC Explicit
08-06 04:01:38.462 24798 25031 I art     : Explicit concurrent mark sweep GC freed 3(96B) AllocSpace objects, 0(0B) LOS objects, 33% free, 32MB/48MB, paused 575us total 48.269ms
08-06 04:01:38.481 24798 25031 I art     : Starting a blocking GC Explicit
08-06 04:01:38.530 24798 25031 I art     : Explicit concurrent mark sweep GC freed 3(96B) AllocSpace objects, 0(0B) LOS objects, 33% free, 32MB/48MB, paused 582us total 49.051ms
08-06 04:01:38.530 24798 24808 I art     : WaitForGcToComplete blocked for 49.342ms for cause HeapTrim
08-06 04:01:38.882 24798 24811 I art     : Starting a blocking GC Explicit
08-06 04:01:38.943 24798 24811 I art     : Explicit concurrent mark sweep GC freed 1354(82KB) AllocSpace objects, 1(20KB) LOS objects, 33% free, 32MB/48MB, paused 657us total 61.257ms
08-06 04:01:38.950 27322 27322 D AndroidRuntime: >>>>>> START com.android.internal.os.RuntimeInit uid 2000 <<<<<<
08-06 04:01:38.957 27322 27322 D AndroidRuntime: CheckJNI is OFF
08-06 04:01:38.962 24798 24811 I art     : Starting a blocking GC Explicit
08-06 04:01:39.000 27322 27322 D ICU     : No timezone override file found: /data/misc/zoneinfo/current/icu/icu_tzdata.dat
08-06 04:01:39.011 24798 24811 I art     : Explicit concurrent mark sweep GC freed 20(704B) AllocSpace objects, 0(0B) LOS objects, 33% free, 32MB/48MB, paused 626us total 48.865ms
08-06 04:01:39.030 24798 24811 I art     : Starting a blocking GC Explicit
08-06 04:01:39.048 27322 27322 I Radio-JNI: register_android_hardware_Radio DONE
08-06 04:01:39.077 27322 27322 D AndroidRuntime: Calling main entry com.android.commands.input.Input
08-06 04:01:39.079 27322 27322 I Input   : injectMotionEvent: MotionEvent { action=ACTION_DOWN, actionButton=0, id[0]=0, x[0]=600.0, y[0]=580.0, toolType[0]=TOOL_TYPE_UNKNOWN, buttonState=0, metaState=0, flags=0x0, edgeFlags=0x0, pointerCount=1, historySize=0, eventTime=849715491, downTime=849715491, deviceId=0, source=0x1002 }
08-06 04:01:39.081 24798 24811 I art     : Explicit concurrent mark sweep GC freed 3(96B) AllocSpace objects, 0(0B) LOS objects, 33% free, 32MB/48MB, paused 597us total 50.796ms
08-06 04:01:39.085 27322 27322 I Input   : injectMotionEvent: MotionEvent { action=ACTION_UP, actionButton=0, id[0]=0, x[0]=600.0, y[0]=580.0, toolType[0]=TOOL_TYPE_UNKNOWN, buttonState=0, metaState=0, flags=0x0, edgeFlags=0x0, pointerCount=1, historySize=0, eventTime=849715491, downTime=849715491, deviceId=0, source=0x1002 }
08-06 04:01:39.087 27322 27322 D AndroidRuntime: Shutting down VM
08-06 04:01:39.100 24798 24811 I art     : Starting a blocking GC Explicit
08-06 04:01:39.101   512  2967 D audio_hw_primary: out_set_parameters: enter: usecase(1: low-latency-playback) kvpairs: routing=2
08-06 04:01:39.102   918  3359 I ActivityManager: START u0 {cmp=baseline.org.quantumbadger.redreader/.activities.WebViewActivity (has extras)} from uid 10705 on display 0
08-06 04:01:39.115   512  2967 D audio_hw_primary: select_devices: out_snd_device(2: speaker) in_snd_device(0: none)
08-06 04:01:39.115   512  2967 D msm8974_platform: platform_send_audio_calibration: sending audio calibration for snd_device(2) acdb_id(15)
08-06 04:01:39.115   512  2967 I soundtrigger: audio_extn_sound_trigger_update_device_status: device 0x2 of type 0 for Event 1
08-06 04:01:39.129   512  2967 D audio_hw_primary: enable_snd_device: snd_device(2: speaker)
08-06 04:01:39.132   512  2967 D audio_hw_primary: enable_audio_route: apply and update mixer path: low-latency-playback speaker
08-06 04:01:39.136 24798 24798 I AppCompatViewInflater: app:theme is now deprecated. Please move to using android:theme instead.
08-06 04:01:39.150 24798 24811 I art     : Explicit concurrent mark sweep GC freed 1061(51KB) AllocSpace objects, 0(0B) LOS objects, 33% free, 32MB/48MB, paused 875us total 49.431ms
08-06 04:01:39.165   918  6029 D ConnectivityService: listenForNetwork for Listen from uid/pid:10705/24798 for NetworkRequest [ id=3810, legacyType=-1, [ Capabilities: INTERNET&NOT_RESTRICTED&TRUSTED] ]
08-06 04:01:39.169 24798 24811 I art     : Starting a blocking GC Explicit
08-06 04:01:39.217 24798 24811 I art     : Explicit concurrent mark sweep GC freed 9774(956KB) AllocSpace objects, 17(2MB) LOS objects, 35% free, 29MB/45MB, paused 802us total 48.401ms
08-06 04:01:39.303   918   936 I ActivityManager: Displayed baseline.org.quantumbadger.redreader/.activities.WebViewActivity: +191ms
08-06 04:01:39.304 13866 13866 I GoogleInputMethodServic: GoogleInputMethodService.onFinishInput():3138 
08-06 04:01:39.304 13866 13866 I GoogleInputMethodServic: GoogleInputMethodService.onStartInput():1808 
08-06 04:01:39.522 24798 24827 I art     : Starting a blocking GC Explicit
08-06 04:01:39.568   380   380 W SurfaceFlinger: couldn't log to binary event log: overflow.
08-06 04:01:39.583 24798 24827 I art     : Explicit concurrent mark sweep GC freed 2287(127KB) AllocSpace objects, 1(20KB) LOS objects, 35% free, 29MB/45MB, paused 659us total 61.032ms
08-06 04:01:39.602 24798 24827 I art     : Starting a blocking GC Explicit
08-06 04:01:39.646 24798 24827 I art     : Explicit concurrent mark sweep GC freed 495(27KB) AllocSpace objects, 0(0B) LOS objects, 35% free, 29MB/45MB, paused 654us total 43.333ms
08-06 04:01:39.658 24798 27268 I RedditChangeDataIO: Writing tmp data file at '/data/user/0/baseline.org.quantumbadger.redreader/files/rr_change_data_tmp.dat'
08-06 04:01:39.659 24798 27268 I RedditChangeDataManager: Taking snapshot...
08-06 04:01:39.659 24798 27268 I RedditChangeDataManager: Writing to stream...
08-06 04:01:39.659 24798 27268 I RedditChangeDataManager: Wrote 5 entries for user ''
08-06 04:01:39.659 24798 27268 I RedditChangeDataManager: All entries written to stream.
08-06 04:01:39.659 24798 27268 I RedditChangeDataIO: Write successful. Atomically replacing data file...
08-06 04:01:39.660 24798 27268 I RedditChangeDataIO: Write complete.
08-06 04:01:39.660 24798 27268 I RedditChangeDataIO: 134 bytes written in 2 ms
08-06 04:01:39.667 24798 24827 I art     : Starting a blocking GC Explicit
08-06 04:01:39.671   512  2967 D audio_hw_primary: disable_audio_route: reset and update mixer path: low-latency-playback speaker
08-06 04:01:39.673   512  2967 D audio_hw_primary: disable_snd_device: snd_device(2: speaker)
08-06 04:01:39.683   512  2967 I soundtrigger: audio_extn_sound_trigger_update_device_status: device 0x2 of type 0 for Event 0
08-06 04:01:39.711 24798 24827 I art     : Explicit concurrent mark sweep GC freed 477(25KB) AllocSpace objects, 1(68KB) LOS objects, 35% free, 29MB/45MB, paused 570us total 43.111ms
08-06 04:01:39.732 24798 24827 I art     : Starting a blocking GC Explicit
08-06 04:01:39.773 24798 24827 I art     : Explicit concurrent mark sweep GC freed 183(10KB) AllocSpace objects, 0(0B) LOS objects, 35% free, 29MB/45MB, paused 539us total 41.498ms
08-06 04:01:39.792 24798 24827 I art     : Starting a blocking GC Explicit
08-06 04:01:39.836 24798 24827 I art     : Explicit concurrent mark sweep GC freed 7(208B) AllocSpace objects, 0(0B) LOS objects, 35% free, 29MB/45MB, paused 530us total 42.826ms
08-06 04:01:40.197 24798 24809 I art     : Starting a blocking GC Explicit
08-06 04:01:40.247 24798 24809 I art     : Explicit concurrent mark sweep GC freed 1404(84KB) AllocSpace objects, 1(20KB) LOS objects, 35% free, 29MB/45MB, paused 601us total 49.809ms
08-06 04:01:40.265 24798 24809 I art     : Starting a blocking GC Explicit
08-06 04:01:40.321 24798 24809 I art     : Explicit concurrent mark sweep GC freed 30(1024B) AllocSpace objects, 0(0B) LOS objects, 35% free, 29MB/45MB, paused 709us total 55.217ms
08-06 04:01:40.342 24798 24809 I art     : Starting a blocking GC Explicit
08-06 04:01:40.395 24798 24809 I art     : Explicit concurrent mark sweep GC freed 10(320B) AllocSpace objects, 0(0B) LOS objects, 35% free, 29MB/45MB, paused 651us total 53.052ms
08-06 04:01:40.418 24798 24809 I art     : Starting a blocking GC Explicit
08-06 04:01:40.472 24798 24809 I art     : Explicit concurrent mark sweep GC freed 13(416B) AllocSpace objects, 0(0B) LOS objects, 35% free, 29MB/45MB, paused 540us total 54.298ms
08-06 04:01:40.494 24798 24809 I art     : Starting a blocking GC Explicit
08-06 04:01:40.551 24798 24809 I art     : Explicit concurrent mark sweep GC freed 11(352B) AllocSpace objects, 0(0B) LOS objects, 35% free, 29MB/45MB, paused 958us total 56.672ms
08-06 04:01:40.679 24798 24798 I chromium: [INFO:CONSOLE(1)] "
08-06 04:01:40.679 24798 24798 I chromium:                   ,d"=,.,qOp,
08-06 04:01:40.679 24798 24798 I chromium:                  ,7'  ''$(  )
08-06 04:01:40.679 24798 24798 I chromium:                 ,7'      '?q$7'
08-06 04:01:40.679 24798 24798 I chromium:              ..,$$,.
08-06 04:01:40.679 24798 24798 I chromium:    ,.  .,,--***""***--,,.  .,
08-06 04:01:40.679 24798 24798 I chromium:     ,p''              ''q,   
08-06 04:01:40.679 24798 24798 I chromium: :  ,7'                      '7,  :
08-06 04:01:40.679 24798 24798 I chromium:  ' $      ,db,      ,db,      $ '
08-06 04:01:40.679 24798 24798 I chromium:   '$      $$      $$      $'    Using Reddit at work? Work for Reddit.
08-06 04:01:40.679 24798 24798 I chromium:   '$                          $'        https://www.reddit.com/jobs
08-06 04:01:40.679 24798 24798 I chromium:    '$.     .,        ,.     .$'
08-06 04:01:40.679 24798 24798 I chromium:     'b,     ''     ,d'
08-06 04:01:40.679 24798 24798 I chromium:      '?bn,,          ,,nd?'
08-06 04:01:40.679 24798 24798 I chromium:        ,7$ '''' $7,
08-06 04:01:40.679 24798 24798 I chromium:      , $              $ ,
08-06 04:01:40.679 24798 24798 I chromium:      $  :$              $:  $
08-06 04:01:40.679 24798 24798 I chromium:      $   $              $   $
08-06 04:01:40.679 24798 24798 I chromium:      'b  q:            :p  d'
08-06 04:01:40.679 24798 24798 I chromium:       '?$.          .$?'
08-06 04:01:40.679 24798 24798 I chromium:          'b            d'
08-06 04:01:40.679 24798 24798 I chromium:        ,'?,.      .,?',
08-06 04:01:40.679 24798 24798 I chromium:       ==--==--==--==
08-06 04:01:40.679 24798 24798 I chromium: ", source: https://www.redditstatic.com/desktop2x/Chat~Governance~Reddit.2ea93b134a9b2e5b1d9a.js (1)
08-06 04:01:40.937 24798 24827 I art     : Starting a blocking GC Explicit
08-06 04:01:40.993 24798 24827 I art     : Explicit concurrent mark sweep GC freed 1442(87KB) AllocSpace objects, 1(20KB) LOS objects, 35% free, 29MB/45MB, paused 564us total 55.149ms
08-06 04:01:41.015 24798 24827 I art     : Starting a blocking GC Explicit
08-06 04:01:41.073 24798 24827 I art     : Explicit concurrent mark sweep GC freed 315(44KB) AllocSpace objects, 0(0B) LOS objects, 35% free, 29MB/45MB, paused 575us total 58.117ms
08-06 04:01:41.095 24798 24827 I art     : Starting a blocking GC Explicit
08-06 04:01:41.138 24798 24827 I art     : Explicit concurrent mark sweep GC freed 69(2304B) AllocSpace objects, 0(0B) LOS objects, 35% free, 29MB/45MB, paused 491us total 42.509ms
08-06 04:01:41.155 24798 24827 I art     : Starting a blocking GC Explicit
08-06 04:01:41.200 24798 24827 I art     : Explicit concurrent mark sweep GC freed 3(96B) AllocSpace objects, 0(0B) LOS objects, 35% free, 29MB/45MB, paused 551us total 44.562ms
08-06 04:01:41.219 24798 24827 I art     : Starting a blocking GC Explicit
08-06 04:01:41.266 24798 24827 I art     : Explicit concurrent mark sweep GC freed 3(96B) AllocSpace objects, 0(0B) LOS objects, 35% free, 29MB/45MB, paused 586us total 46.772ms
08-06 04:01:41.647 24798 24827 I art     : Starting a blocking GC Explicit
08-06 04:01:41.698 24798 24827 I art     : Explicit concurrent mark sweep GC freed 1566(94KB) AllocSpace objects, 1(20KB) LOS objects, 35% free, 29MB/45MB, paused 700us total 50.026ms
08-06 04:01:41.719 24798 24827 I art     : Starting a blocking GC Explicit
08-06 04:01:41.766 24798 24827 I art     : Explicit concurrent mark sweep GC freed 20(704B) AllocSpace objects, 0(0B) LOS objects, 35% free, 29MB/45MB, paused 478us total 47.049ms
08-06 04:01:41.785 24798 24827 I art     : Starting a blocking GC Explicit
08-06 04:01:41.813   518   646 I ThermalEngine: ACTION: GPU - Setting GPU[0] to 390000000
08-06 04:01:41.856 24798 24827 I art     : Explicit concurrent mark sweep GC freed 3(96B) AllocSpace objects, 0(0B) LOS objects, 35% free, 29MB/45MB, paused 994us total 70.304ms
08-06 04:01:41.883 24798 24827 I art     : Starting a blocking GC Explicit
08-06 04:01:41.950 24798 24827 I art     : Explicit concurrent mark sweep GC freed 7(208B) AllocSpace objects, 0(0B) LOS objects, 35% free, 29MB/45MB, paused 912us total 66.894ms
08-06 04:01:41.975 24798 24827 I art     : Starting a blocking GC Explicit
08-06 04:01:42.047 24798 24827 I art     : Explicit concurrent mark sweep GC freed 12(2528B) AllocSpace objects, 0(0B) LOS objects, 35% free, 29MB/45MB, paused 697us total 70.858ms
08-06 04:01:42.482 24798 25031 I art     : Starting a blocking GC Explicit
08-06 04:01:42.553 24798 25031 I art     : Explicit concurrent mark sweep GC freed 1403(85KB) AllocSpace objects, 1(20KB) LOS objects, 35% free, 29MB/45MB, paused 743us total 71.060ms
08-06 04:01:42.580 24798 25031 I art     : Starting a blocking GC Explicit
08-06 04:01:42.651 24798 25031 I art     : Explicit concurrent mark sweep GC freed 20(704B) AllocSpace objects, 0(0B) LOS objects, 35% free, 29MB/45MB, paused 912us total 71.211ms
08-06 04:01:42.677 24798 25031 I art     : Starting a blocking GC Explicit
08-06 04:01:42.744 24798 25031 I art     : Explicit concurrent mark sweep GC freed 3(96B) AllocSpace objects, 0(0B) LOS objects, 35% free, 29MB/45MB, paused 839us total 66.816ms
08-06 04:01:42.769 24798 25031 I art     : Starting a blocking GC Explicit
08-06 04:01:42.841 24798 25031 I art     : Explicit concurrent mark sweep GC freed 3(96B) AllocSpace objects, 0(0B) LOS objects, 35% free, 29MB/45MB, paused 880us total 71.081ms
08-06 04:01:42.866 24798 25031 I art     : Starting a blocking GC Explicit
08-06 04:01:42.939 24798 25031 I art     : Explicit concurrent mark sweep GC freed 3(96B) AllocSpace objects, 0(0B) LOS objects, 35% free, 29MB/45MB, paused 892us total 72.071ms
08-06 04:01:43.348 24798 24809 I art     : Starting a blocking GC Explicit
08-06 04:01:43.415 24798 24809 I art     : Explicit concurrent mark sweep GC freed 1357(82KB) AllocSpace objects, 1(20KB) LOS objects, 35% free, 29MB/45MB, paused 755us total 66.481ms
08-06 04:01:43.440 24798 24809 I art     : Starting a blocking GC Explicit
08-06 04:01:43.501 24798 24809 I art     : Explicit concurrent mark sweep GC freed 20(704B) AllocSpace objects, 0(0B) LOS objects, 35% free, 29MB/45MB, paused 1.688ms total 60.937ms
08-06 04:01:43.529 24798 24809 I art     : Starting a blocking GC Explicit
08-06 04:01:43.588 24798 24809 I art     : Explicit concurrent mark sweep GC freed 3(96B) AllocSpace objects, 0(0B) LOS objects, 35% free, 29MB/45MB, paused 970us total 57.869ms
08-06 04:01:43.638 24798 24809 I art     : Starting a blocking GC Explicit
08-06 04:01:43.695 24798 24809 I art     : Explicit concurrent mark sweep GC freed 3(96B) AllocSpace objects, 0(0B) LOS objects, 35% free, 29MB/45MB, paused 1.308ms total 57.100ms
08-06 04:01:43.724 24798 24809 I art     : Starting a blocking GC Explicit
08-06 04:01:43.782 24798 24809 I art     : Explicit concurrent mark sweep GC freed 3(96B) AllocSpace objects, 0(0B) LOS objects, 35% free, 29MB/45MB, paused 783us total 56.753ms
08-06 04:01:44.129 27416 27416 D AndroidRuntime: >>>>>> START com.android.internal.os.RuntimeInit uid 2000 <<<<<<
08-06 04:01:44.135 27416 27416 D AndroidRuntime: CheckJNI is OFF
08-06 04:01:44.190 27416 27416 D ICU     : No timezone override file found: /data/misc/zoneinfo/current/icu/icu_tzdata.dat
08-06 04:01:44.205 24798 25031 I art     : Starting a blocking GC Explicit
08-06 04:01:44.245 27416 27416 I Radio-JNI: register_android_hardware_Radio DONE
08-06 04:01:44.267 24798 25031 I art     : Explicit concurrent mark sweep GC freed 1357(82KB) AllocSpace objects, 1(20KB) LOS objects, 35% free, 29MB/45MB, paused 721us total 61.783ms
08-06 04:01:44.278 27416 27416 D AndroidRuntime: Calling main entry com.android.commands.input.Input
08-06 04:01:44.280 27416 27416 I Input   : injectKeyEvent: KeyEvent { action=ACTION_DOWN, keyCode=KEYCODE_BACK, scanCode=0, metaState=0, flags=0x0, repeatCount=0, eventTime=849720693, downTime=849720693, deviceId=-1, source=0x101 }
08-06 04:01:44.289 27416 27416 I Input   : injectKeyEvent: KeyEvent { action=ACTION_UP, keyCode=KEYCODE_BACK, scanCode=0, metaState=0, flags=0x0, repeatCount=0, eventTime=849720693, downTime=849720693, deviceId=-1, source=0x101 }
08-06 04:01:44.293 24798 25031 I art     : Starting a blocking GC Explicit
08-06 04:01:44.307 27416 27416 D AndroidRuntime: Shutting down VM
08-06 04:01:44.382 13866 13866 I GoogleInputMethodServic: GoogleInputMethodService.onFinishInput():3138 
08-06 04:01:44.388 13866 13866 I GoogleInputMethodServic: GoogleInputMethodService.onStartInput():1808 
08-06 04:01:44.398 24798 25031 I art     : Explicit concurrent mark sweep GC freed 179(6KB) AllocSpace objects, 0(0B) LOS objects, 35% free, 29MB/45MB, paused 1.266ms total 105.464ms
08-06 04:01:44.426 24798 25031 I art     : Starting a blocking GC Explicit
08-06 04:01:44.484 24798 25031 I art     : Explicit concurrent mark sweep GC freed 111(3KB) AllocSpace objects, 0(0B) LOS objects, 35% free, 29MB/45MB, paused 794us total 58.105ms
08-06 04:01:44.508 24798 25031 I art     : Starting a blocking GC Explicit
08-06 04:01:44.572 24798 25031 I art     : Explicit concurrent mark sweep GC freed 5(192B) AllocSpace objects, 0(0B) LOS objects, 35% free, 29MB/45MB, paused 992us total 63.163ms
08-06 04:01:44.604 24798 25031 I art     : Starting a blocking GC Explicit
08-06 04:01:44.679 24798 25031 I art     : Explicit concurrent mark sweep GC freed 3(96B) AllocSpace objects, 0(0B) LOS objects, 35% free, 29MB/45MB, paused 1.142ms total 74.642ms
08-06 04:01:44.717   380   380 W SurfaceFlinger: couldn't log to binary event log: overflow.
08-06 04:01:44.760   918  3263 D ConnectivityService: releasing NetworkRequest NetworkRequest [ id=3810, legacyType=-1, [ Capabilities: INTERNET&NOT_RESTRICTED&TRUSTED] ]
08-06 04:01:45.082 24798 24811 I art     : Starting a blocking GC Explicit
08-06 04:01:45.169 24798 24811 I art     : Explicit concurrent mark sweep GC freed 2239(123KB) AllocSpace objects, 1(20KB) LOS objects, 35% free, 29MB/45MB, paused 791us total 85.948ms
08-06 04:01:45.198 24798 24811 I art     : Starting a blocking GC Explicit
08-06 04:01:45.266 24798 24811 I art     : Explicit concurrent mark sweep GC freed 2114(124KB) AllocSpace objects, 1(28KB) LOS objects, 35% free, 29MB/45MB, paused 817us total 67.247ms
08-06 04:01:45.292 24798 24811 I art     : Starting a blocking GC Explicit
08-06 04:01:45.352 24798 24811 I art     : Explicit concurrent mark sweep GC freed 3(96B) AllocSpace objects, 0(0B) LOS objects, 35% free, 29MB/45MB, paused 933us total 59.674ms
08-06 04:01:45.377 24798 24811 I art     : Starting a blocking GC Explicit
08-06 04:01:45.437 24798 24811 I art     : Explicit concurrent mark sweep GC freed 3(96B) AllocSpace objects, 0(0B) LOS objects, 35% free, 29MB/45MB, paused 692us total 59.521ms
08-06 04:01:45.465 24798 24811 I art     : Starting a blocking GC Explicit
08-06 04:01:45.530 24798 24811 I art     : Explicit concurrent mark sweep GC freed 3(96B) AllocSpace objects, 0(0B) LOS objects, 35% free, 29MB/45MB, paused 788us total 64.402ms
08-06 04:01:45.903 24798 24827 I art     : Starting a blocking GC Explicit
08-06 04:01:45.966 24798 24827 I art     : Explicit concurrent mark sweep GC freed 1356(82KB) AllocSpace objects, 1(20KB) LOS objects, 35% free, 29MB/45MB, paused 798us total 61.864ms
08-06 04:01:45.991 24798 24827 I art     : Starting a blocking GC Explicit
08-06 04:01:46.048 24798 24827 I art     : Explicit concurrent mark sweep GC freed 20(704B) AllocSpace objects, 0(0B) LOS objects, 35% free, 29MB/45MB, paused 976us total 57.461ms
08-06 04:01:46.073 24798 24827 I art     : Starting a blocking GC Explicit
08-06 04:01:46.131 24798 24827 I art     : Explicit concurrent mark sweep GC freed 3(96B) AllocSpace objects, 0(0B) LOS objects, 35% free, 29MB/45MB, paused 789us total 57.599ms
08-06 04:01:46.156 24798 24827 I art     : Starting a blocking GC Explicit
08-06 04:01:46.214 24798 24827 I art     : Explicit concurrent mark sweep GC freed 3(96B) AllocSpace objects, 0(0B) LOS objects, 35% free, 29MB/45MB, paused 761us total 57ms
08-06 04:01:46.222 27449 27449 D AndroidRuntime: >>>>>> START com.android.internal.os.RuntimeInit uid 2000 <<<<<<
08-06 04:01:46.228 27449 27449 D AndroidRuntime: CheckJNI is OFF
08-06 04:01:46.239 24798 24827 I art     : Starting a blocking GC Explicit
08-06 04:01:46.283 27449 27449 D ICU     : No timezone override file found: /data/misc/zoneinfo/current/icu/icu_tzdata.dat
08-06 04:01:46.295 24798 24827 I art     : Explicit concurrent mark sweep GC freed 3(96B) AllocSpace objects, 0(0B) LOS objects, 35% free, 29MB/45MB, paused 675us total 55.670ms
08-06 04:01:46.329 27449 27449 I Radio-JNI: register_android_hardware_Radio DONE
08-06 04:01:46.361 27449 27449 D AndroidRuntime: Calling main entry com.android.commands.input.Input
08-06 04:01:46.363 27449 27449 I Input   : injectKeyEvent: KeyEvent { action=ACTION_DOWN, keyCode=KEYCODE_BACK, scanCode=0, metaState=0, flags=0x0, repeatCount=0, eventTime=849722776, downTime=849722776, deviceId=-1, source=0x101 }
08-06 04:01:46.369 27449 27449 I Input   : injectKeyEvent: KeyEvent { action=ACTION_UP, keyCode=KEYCODE_BACK, scanCode=0, metaState=0, flags=0x0, repeatCount=0, eventTime=849722776, downTime=849722776, deviceId=-1, source=0x101 }
08-06 04:01:46.376 27449 27449 D AndroidRuntime: Shutting down VM
08-06 04:01:46.419 13866 13866 I GoogleInputMethodServic: GoogleInputMethodService.onFinishInput():3138 
08-06 04:01:46.420 13866 13866 I GoogleInputMethodServic: GoogleInputMethodService.onStartInput():1808 
08-06 04:01:46.657 24798 25031 I art     : Starting a blocking GC Explicit
08-06 04:01:46.729 24798 25031 I art     : Explicit concurrent mark sweep GC freed 1535(88KB) AllocSpace objects, 1(20KB) LOS objects, 35% free, 29MB/45MB, paused 1.050ms total 71.806ms
08-06 04:01:46.754 24798 25031 I art     : Starting a blocking GC Explicit
08-06 04:01:46.810 24798 25031 I art     : Explicit concurrent mark sweep GC freed 89(3KB) AllocSpace objects, 0(0B) LOS objects, 35% free, 29MB/45MB, paused 756us total 55.688ms
08-06 04:01:46.818   518   646 I ThermalEngine: ACTION: GPU - Setting GPU[0] to 450000000
08-06 04:01:46.832 24798 25031 I art     : Starting a blocking GC Explicit
08-06 04:01:46.836 22752 22752 I ServiceManager: Waiting for service AtCmdFwd...
08-06 04:01:46.879 24798 25031 I art     : Explicit concurrent mark sweep GC freed 133(6KB) AllocSpace objects, 0(0B) LOS objects, 35% free, 29MB/45MB, paused 541us total 47.133ms
08-06 04:01:46.898 24798 25031 I art     : Starting a blocking GC Explicit
08-06 04:01:46.945 24798 25031 I art     : Explicit concurrent mark sweep GC freed 3(96B) AllocSpace objects, 0(0B) LOS objects, 35% free, 29MB/45MB, paused 527us total 47.321ms
08-06 04:01:46.964 24798 25031 I art     : Starting a blocking GC Explicit
08-06 04:01:47.013 24798 25031 I art     : Explicit concurrent mark sweep GC freed 3(96B) AllocSpace objects, 0(0B) LOS objects, 35% free, 29MB/45MB, paused 518us total 48.442ms
08-06 04:01:47.362 24798 24811 I art     : Starting a blocking GC Explicit
08-06 04:01:47.425 24798 24811 I art     : Explicit concurrent mark sweep GC freed 1356(82KB) AllocSpace objects, 1(20KB) LOS objects, 35% free, 29MB/45MB, paused 607us total 62.443ms
08-06 04:01:47.445 24798 24811 I art     : Starting a blocking GC Explicit
08-06 04:01:47.494 24798 24811 I art     : Explicit concurrent mark sweep GC freed 20(704B) AllocSpace objects, 0(0B) LOS objects, 35% free, 29MB/45MB, paused 518us total 48.487ms
08-06 04:01:47.513 24798 24811 I art     : Starting a blocking GC Explicit
08-06 04:01:47.561 24798 24811 I art     : Explicit concurrent mark sweep GC freed 3(96B) AllocSpace objects, 0(0B) LOS objects, 35% free, 29MB/45MB, paused 578us total 48.618ms
08-06 04:01:47.580 24798 24811 I art     : Starting a blocking GC Explicit
08-06 04:01:47.626 24798 24811 I art     : Explicit concurrent mark sweep GC freed 3(96B) AllocSpace objects, 0(0B) LOS objects, 35% free, 29MB/45MB, paused 488us total 45.481ms
08-06 04:01:47.644 24798 24811 I art     : Starting a blocking GC Explicit
08-06 04:01:47.685 24798 24811 I art     : Explicit concurrent mark sweep GC freed 3(96B) AllocSpace objects, 0(0B) LOS objects, 35% free, 29MB/45MB, paused 479us total 40.126ms
08-06 04:01:47.837 22752 22752 I ServiceManager: Waiting for service AtCmdFwd...
08-06 04:01:48.011 24798 24827 I art     : Starting a blocking GC Explicit
08-06 04:01:48.065 24798 24827 I art     : Explicit concurrent mark sweep GC freed 1356(82KB) AllocSpace objects, 1(20KB) LOS objects, 35% free, 29MB/45MB, paused 578us total 54.233ms
08-06 04:01:48.085 24798 24827 I art     : Starting a blocking GC Explicit
08-06 04:01:48.133 24798 24827 I art     : Explicit concurrent mark sweep GC freed 20(704B) AllocSpace objects, 0(0B) LOS objects, 35% free, 29MB/45MB, paused 541us total 48.366ms
08-06 04:01:48.152 24798 24827 I art     : Starting a blocking GC Explicit
08-06 04:01:48.160 27493 27493 D AndroidRuntime: >>>>>> START com.android.internal.os.RuntimeInit uid 2000 <<<<<<
08-06 04:01:48.166 27493 27493 D AndroidRuntime: CheckJNI is OFF
08-06 04:01:48.201 24798 24827 I art     : Explicit concurrent mark sweep GC freed 3(96B) AllocSpace objects, 0(0B) LOS objects, 35% free, 29MB/45MB, paused 554us total 48.573ms
08-06 04:01:48.213 27493 27493 D ICU     : No timezone override file found: /data/misc/zoneinfo/current/icu/icu_tzdata.dat
08-06 04:01:48.219 24798 24827 I art     : Starting a blocking GC Explicit
08-06 04:01:48.261 27493 27493 I Radio-JNI: register_android_hardware_Radio DONE
08-06 04:01:48.267 24798 24827 I art     : Explicit concurrent mark sweep GC freed 3(96B) AllocSpace objects, 0(0B) LOS objects, 35% free, 29MB/45MB, paused 522us total 47.278ms
08-06 04:01:48.285 24798 24827 I art     : Starting a blocking GC Explicit
08-06 04:01:48.291 27493 27493 D AndroidRuntime: Calling main entry com.android.commands.input.Input
08-06 04:01:48.293 27493 27493 I Input   : injectMotionEvent: MotionEvent { action=ACTION_DOWN, actionButton=0, id[0]=0, x[0]=600.0, y[0]=1733.0, toolType[0]=TOOL_TYPE_UNKNOWN, buttonState=0, metaState=0, flags=0x0, edgeFlags=0x0, pointerCount=1, historySize=0, eventTime=849724705, downTime=849724705, deviceId=0, source=0x1002 }
08-06 04:01:48.299 27493 27493 I Input   : injectMotionEvent: MotionEvent { action=ACTION_UP, actionButton=0, id[0]=0, x[0]=600.0, y[0]=1733.0, toolType[0]=TOOL_TYPE_UNKNOWN, buttonState=0, metaState=0, flags=0x0, edgeFlags=0x0, pointerCount=1, historySize=0, eventTime=849724705, downTime=849724705, deviceId=0, source=0x1002 }
08-06 04:01:48.301 27493 27493 D AndroidRuntime: Shutting down VM
08-06 04:01:48.306   512  2967 D audio_hw_primary: out_set_parameters: enter: usecase(1: low-latency-playback) kvpairs: routing=2
08-06 04:01:48.307   918  4400 I ActivityManager: START u0 {dat=https://oauth.reddit.com/... cmp=baseline.org.quantumbadger.redreader/.activities.PostListingActivity} from uid 10705 on display 0
08-06 04:01:48.320   512  2967 D audio_hw_primary: select_devices: out_snd_device(2: speaker) in_snd_device(0: none)
08-06 04:01:48.320   512  2967 D msm8974_platform: platform_send_audio_calibration: sending audio calibration for snd_device(2) acdb_id(15)
08-06 04:01:48.320   512  2967 I soundtrigger: audio_extn_sound_trigger_update_device_status: device 0x2 of type 0 for Event 1
08-06 04:01:48.332 24798 24827 I art     : Explicit concurrent mark sweep GC freed 207(11KB) AllocSpace objects, 0(0B) LOS objects, 35% free, 29MB/45MB, paused 767us total 46.525ms
08-06 04:01:48.332 24798 24798 I AppCompatViewInflater: app:theme is now deprecated. Please move to using android:theme instead.
08-06 04:01:48.333   512  2967 D audio_hw_primary: enable_snd_device: snd_device(2: speaker)
08-06 04:01:48.335   512  2967 D audio_hw_primary: enable_audio_route: apply and update mixer path: low-latency-playback speaker
08-06 04:01:48.358 24798 27518 D OK      : calling: https://oauth.reddit.com/r/aww/about.json
08-06 04:01:48.423   918   936 I ActivityManager: Displayed baseline.org.quantumbadger.redreader/.activities.PostListingActivity: +105ms
08-06 04:01:48.423 13866 13866 I GoogleInputMethodServic: GoogleInputMethodService.onFinishInput():3138 
08-06 04:01:48.424 13866 13866 I GoogleInputMethodServic: GoogleInputMethodService.onStartInput():1808 
08-06 04:01:48.638 24798 24809 I art     : Starting a blocking GC Explicit
08-06 04:01:48.656 24798 27518 I NAPPA_EXPERIMENTATION: MetricNetworkRequestExecutionTime: REQUEST_DURATION_SYSTEM='298',REQUEST_DURATION_OKHTTP='151',REQUEST_SYNCHRONOUS='TRUE',RESPONSE_CODE='200',RESPONSE_METHOD='GET',RESPONSE_LENGTH_OKHTTP='-1',RESPONSE_LENGTH_HEADER='3478',REQUEST_PROTOCOL='h2',REQUEST_URL='https://oauth.reddit.com/r/aww/about.json',
08-06 04:01:48.657 24798 27518 D OK      : request got status: 200
08-06 04:01:48.672   380   380 W SurfaceFlinger: couldn't log to binary event log: overflow.
08-06 04:01:48.699 24798 24809 I art     : Explicit concurrent mark sweep GC freed 5800(412KB) AllocSpace objects, 2(88KB) LOS objects, 35% free, 29MB/45MB, paused 665us total 60.319ms
08-06 04:01:48.717 24798 24809 I art     : Starting a blocking GC Explicit
08-06 04:01:48.758 24798 24809 I art     : Explicit concurrent mark sweep GC freed 1243(75KB) AllocSpace objects, 1(68KB) LOS objects, 35% free, 29MB/45MB, paused 553us total 40.588ms
08-06 04:01:48.774 24798 24809 I art     : Starting a blocking GC Explicit
08-06 04:01:48.816 24798 24809 I art     : Explicit concurrent mark sweep GC freed 201(9KB) AllocSpace objects, 0(0B) LOS objects, 35% free, 29MB/45MB, paused 497us total 41.095ms
08-06 04:01:48.833 24798 24809 I art     : Starting a blocking GC Explicit
08-06 04:01:48.837 22752 22752 I ServiceManager: Waiting for service AtCmdFwd...
08-06 04:01:48.869   512  2967 D audio_hw_primary: disable_audio_route: reset and update mixer path: low-latency-playback speaker
08-06 04:01:48.869   512  2967 D audio_hw_primary: disable_snd_device: snd_device(2: speaker)
08-06 04:01:48.874 24798 24809 I art     : Explicit concurrent mark sweep GC freed 9(336B) AllocSpace objects, 0(0B) LOS objects, 35% free, 29MB/45MB, paused 487us total 40.453ms
08-06 04:01:48.878   512  2967 I soundtrigger: audio_extn_sound_trigger_update_device_status: device 0x2 of type 0 for Event 0
08-06 04:01:48.891 24798 24809 I art     : Starting a blocking GC Explicit
08-06 04:01:48.932 24798 24809 I art     : Explicit concurrent mark sweep GC freed 3(96B) AllocSpace objects, 0(0B) LOS objects, 35% free, 29MB/45MB, paused 533us total 40.828ms
08-06 04:01:49.268 24798 24811 I art     : Waiting for a blocking GC Explicit
08-06 04:01:49.268 24798 24811 I art     : Starting a blocking GC Explicit
08-06 04:01:49.316 24798 24811 I art     : Explicit concurrent mark sweep GC freed 1415(85KB) AllocSpace objects, 1(20KB) LOS objects, 35% free, 29MB/45MB, paused 582us total 47.991ms
08-06 04:01:49.335 24798 24811 I art     : Starting a blocking GC Explicit
08-06 04:01:49.381 24798 24811 I art     : Explicit concurrent mark sweep GC freed 20(704B) AllocSpace objects, 0(0B) LOS objects, 35% free, 29MB/45MB, paused 549us total 46.103ms
08-06 04:01:49.400 24798 24811 I art     : Starting a blocking GC Explicit
08-06 04:01:49.446 24798 24811 I art     : Explicit concurrent mark sweep GC freed 3(96B) AllocSpace objects, 0(0B) LOS objects, 35% free, 29MB/45MB, paused 570us total 45.921ms
08-06 04:01:49.465 24798 24811 I art     : Starting a blocking GC Explicit
08-06 04:01:49.511 24798 24811 I art     : Explicit concurrent mark sweep GC freed 3(96B) AllocSpace objects, 0(0B) LOS objects, 35% free, 29MB/45MB, paused 530us total 45.946ms
08-06 04:01:49.529 24798 24811 I art     : Starting a blocking GC Explicit
08-06 04:01:49.559 24798 27542 D OK      : calling: https://oauth.reddit.com/r/aww/hot/.json
08-06 04:01:49.575 24798 24811 I art     : Explicit concurrent mark sweep GC freed 94(3KB) AllocSpace objects, 0(0B) LOS objects, 35% free, 29MB/45MB, paused 579us total 45.288ms
08-06 04:01:49.769 24798 27542 I NAPPA_EXPERIMENTATION: MetricNetworkRequestExecutionTime: REQUEST_DURATION_SYSTEM='210',REQUEST_DURATION_OKHTTP='206',REQUEST_SYNCHRONOUS='TRUE',RESPONSE_CODE='200',RESPONSE_METHOD='GET',RESPONSE_LENGTH_OKHTTP='-1',RESPONSE_LENGTH_HEADER='33430',REQUEST_PROTOCOL='h2',REQUEST_URL='https://oauth.reddit.com/r/aww/hot/.json',
08-06 04:01:49.769 24798 27542 D OK      : request got status: 200
08-06 04:01:49.781 24798 25375 I PostListingFragment: Precaching images: OFF
08-06 04:01:49.781 24798 25375 I PostListingFragment: Precaching comments: OFF
08-06 04:01:49.793 24798 27552 D OK      : calling: https://b.thumbs.redditmedia.com/CKInrczASoQbNvSBStGz11Tok0uCyQoxmZ02sOE37sQ.jpg
08-06 04:01:49.804 24798 27555 D OK      : calling: https://a.thumbs.redditmedia.com/sKVnLbatvJCZOE2ooe6CgiEftOB3ukgPMdcydbk9CZ4.jpg
08-06 04:01:49.806 24798 25375 I getImgurImageInfo: Image NSO7Npm: trying API v3 with auth
08-06 04:01:49.809 24798 27556 D OK      : calling: https://api.gfycat.com/v1/gfycats/deadlygravecavy
08-06 04:01:49.810 24798 27557 D OK      : calling: https://a.thumbs.redditmedia.com/dFt2-stQJkfZ8O7r7ywG9GQsF08fZXxEJfQtAmiJ-F8.jpg
08-06 04:01:49.813 24798 27558 D OK      : calling: https://api.imgur.com/3/image/NSO7Npm
08-06 04:01:49.815 24798 27559 D OK      : calling: https://b.thumbs.redditmedia.com/1cAaKl6LkrikiRbLsBzzOvufKqRKuPi3wgjUkX8axkI.jpg
08-06 04:01:49.837 24798 27560 D OK      : calling: https://v.redd.it/fkewv2f65kd51/DASHPlaylist.mpd
08-06 04:01:49.838 22752 22752 I ServiceManager: Waiting for service AtCmdFwd...
08-06 04:01:49.856 24798 27561 D OK      : calling: https://b.thumbs.redditmedia.com/NUqJWcobH7ToYhCM0w6nnAFZ46ymm9vPD25BC3s7Wco.jpg
08-06 04:01:49.861 24798 27562 D OK      : calling: https://b.thumbs.redditmedia.com/bUY4al781EZ3q7hUlnLebemHCXE3e63_SSxl2uo4Q4A.jpg
08-06 04:01:49.861 24798 27563 D OK      : calling: https://b.thumbs.redditmedia.com/tTmEfIrujbsvZXbhNSQS6Pc7o7ShCaGqZHbYf7nWdfg.jpg
08-06 04:01:49.864 24798 27564 D OK      : calling: https://b.thumbs.redditmedia.com/_H8tFMmL5-3GrxYkCtMSHiyNfjbX8pxctOw_vrzyw7o.jpg
08-06 04:01:49.871 24798 27565 D OK      : calling: https://b.thumbs.redditmedia.com/JTSWFy2_tijPk6cA5noKDydEAMkMJcDmKQTSX178zwc.jpg
08-06 04:01:49.874 24798 27566 D OK      : calling: https://b.thumbs.redditmedia.com/N6fiqTp8nJD2l7sUz4nij7j1yHYMTKaflUIrn8E2bAU.jpg
08-06 04:01:49.880 24798 27568 D OK      : calling: https://b.thumbs.redditmedia.com/lVNra-iScxkYcYtSstJ-7J7pRAUDRXIwwJhsen1ZK9g.jpg
08-06 04:01:49.880 24798 27567 D OK      : calling: https://b.thumbs.redditmedia.com/HkEQtny0bE4H3dMCd_woPsLAXBoPwp_DZ4ioFNIQLKk.jpg
08-06 04:01:49.886 24798 27569 D OK      : calling: https://b.thumbs.redditmedia.com/lQKqDneXS8E7ZBD9cUQy4OqOt8PuTneSvVFtnU0pwCE.jpg
08-06 04:01:49.893 24798 27571 D OK      : calling: https://b.thumbs.redditmedia.com/Bx9FZp8_w10DfFUf_mqVPMfu4Y0h2lo41Dh4tl2eNeQ.jpg
08-06 04:01:49.894 24798 27570 D OK      : calling: https://b.thumbs.redditmedia.com/X3yyAViE0gxiHR-kf9Z5xmLa8dKsm8iWJyKdWNVtOhU.jpg
08-06 04:01:49.898 24798 27572 D OK      : calling: https://a.thumbs.redditmedia.com/KpcC72KH04Be3BqxmFbv_Gz7LCy-24GU-70or3KCdJ4.jpg
08-06 04:01:49.900 24798 27573 D OK      : calling: https://a.thumbs.redditmedia.com/cEOtajy3CAQrjwSA3hhSqnPx8bfkRzglo7Lz1SBTmE0.jpg
08-06 04:01:49.904 24798 27574 D OK      : calling: https://b.thumbs.redditmedia.com/RrJbRRjFZWmckrONtkPTloJh52FfqD_XkLMuYuuQvAg.jpg
08-06 04:01:49.911 24798 27576 D OK      : calling: https://b.thumbs.redditmedia.com/B18Vu5Jw71XCkFOFHimnUC42ya8apHsmcCW-HFmtb6w.jpg
08-06 04:01:49.911 24798 27575 D OK      : calling: https://b.thumbs.redditmedia.com/chqK3f9u3D7UmfrGP85f4sOQFihMk6q7fFSeMyWs_7E.jpg
08-06 04:01:49.915 24798 27577 D OK      : calling: https://b.thumbs.redditmedia.com/iZuzjufMpYUYtQRLjRwce4RDb6JYsId95_iezR2Uc0w.jpg
08-06 04:01:49.923 24798 27578 D OK      : calling: https://b.thumbs.redditmedia.com/XNb1kfskabGDLMqv661Q22hBtCb8w5oyePDcFaZi9aY.jpg
08-06 04:01:49.927 24798 27579 D OK      : calling: https://b.thumbs.redditmedia.com/lMqJbh1Z40ffemA0TnSfVnovznn4hvJNue60AsJ-ETs.jpg
08-06 04:01:49.930 24798 27580 D OK      : calling: https://b.thumbs.redditmedia.com/x5l4cICw0WNNvslt5FqVjwj89XrGjrXnNbaSyQRAyCo.jpg
08-06 04:01:49.932 24798 27581 D OK      : calling: https://b.thumbs.redditmedia.com/189nmwjW7eGWBD0J-cxzsUac1V1ZWGzMFC66inY4u4Y.jpg
08-06 04:01:49.944 24798 27582 D OK      : calling: https://api.gfycat.com/v1/gfycats/altruisticthankfulankolewatusi
08-06 04:01:49.953 24798 24811 I art     : Starting a blocking GC Explicit
08-06 04:01:49.953 24798 27583 D OK      : calling: https://b.thumbs.redditmedia.com/d_-UsfmKASoIHi4vZyyjvvwFtm1S7-DEi9AQPOnGIgY.jpg
08-06 04:01:49.961 24798 27584 D OK      : calling: https://v.redd.it/ak6rer1hskd51/DASHPlaylist.mpd
08-06 04:01:49.966 24798 27586 D OK      : calling: https://v.redd.it/h49fg58ygjd51/DASHPlaylist.mpd
08-06 04:01:49.968 24798 27585 D OK      : calling: https://api.gfycat.com/v1/gfycats/foolhardysparklinglarva
08-06 04:01:49.968 24798 27587 D OK      : calling: https://v.redd.it/1ewzkieg0jd51/DASHPlaylist.mpd
08-06 04:01:49.971 24798 27588 D OK      : calling: https://v.redd.it/ppmhu2r9thd51/DASHPlaylist.mpd
08-06 04:01:49.973 24798 27589 D OK      : calling: https://v.redd.it/s9qqadf3mid51/DASHPlaylist.mpd
08-06 04:01:49.975 24798 27590 D OK      : calling: https://v.redd.it/b8vazlcb7ld51/DASHPlaylist.mpd
08-06 04:01:49.978 24798 27591 D OK      : calling: https://v.redd.it/ty24o02m1hd51/DASHPlaylist.mpd
08-06 04:01:49.981 24798 27592 D OK      : calling: https://v.redd.it/ar5k8892pid51/DASHPlaylist.mpd
08-06 04:01:50.015 24798 24811 I art     : Explicit concurrent mark sweep GC freed 48398(2MB) AllocSpace objects, 3(156KB) LOS objects, 34% free, 30MB/46MB, paused 3.482ms total 62.037ms
08-06 04:01:50.033 24798 24811 I art     : Starting a blocking GC Explicit
08-06 04:01:50.061 24798 24798 W RecyclerView: Cannot call this method in a scroll callback. Scroll callbacks mightbe run during a measure & layout pass where you cannot change theRecyclerView data. Any method call that might change the structureof the RecyclerView or the adapter contents should be postponed tothe next frame.
08-06 04:01:50.061 24798 24798 W RecyclerView: java.lang.IllegalStateException:  androidx.recyclerview.widget.RecyclerView{8153a6c VFED..... .F....ID 0,0-1440,2140 #7f0900ef app:id/scrollbar_recyclerview_recyclerview}, adapter:baseline.org.quantumbadger.redreader.adapters.GroupedRecyclerViewAdapter@45ef835, layout:androidx.recyclerview.widget.LinearLayoutManager@a0e04ca, context:baseline.org.quantumbadger.redreader.activities.PostListingActivity@a6e64c1
08-06 04:01:50.061 24798 24798 W RecyclerView: 	at androidx.recyclerview.widget.RecyclerView.assertNotInLayoutOrScroll(RecyclerView.java:3061)
08-06 04:01:50.061 24798 24798 W RecyclerView: 	at androidx.recyclerview.widget.RecyclerView$RecyclerViewDataObserver.onItemRangeInserted(RecyclerView.java:5555)
08-06 04:01:50.061 24798 24798 W RecyclerView: 	at androidx.recyclerview.widget.RecyclerView$AdapterDataObservable.notifyItemRangeInserted(RecyclerView.java:12278)
08-06 04:01:50.061 24798 24798 W RecyclerView: 	at androidx.recyclerview.widget.RecyclerView$Adapter.notifyItemInserted(RecyclerView.java:7464)
08-06 04:01:50.061 24798 24798 W RecyclerView: 	at baseline.org.quantumbadger.redreader.adapters.GroupedRecyclerViewAdapter.updateHiddenStatus(GroupedRecyclerViewAdapter.java:279)
08-06 04:01:50.061 24798 24798 W RecyclerView: 	at baseline.org.quantumbadger.redreader.adapters.RedditListingManager.setLoadingVisible(RedditListingManager.java:125)
08-06 04:01:50.061 24798 24798 W RecyclerView: 	at baseline.org.quantumbadger.redreader.fragments.PostListingFragment.onLoadMoreItemsCheck(PostListingFragment.java:465)
08-06 04:01:50.061 24798 24798 W RecyclerView: 	at baseline.org.quantumbadger.redreader.fragments.PostListingFragment.access$000(PostListingFragment.java:98)
08-06 04:01:50.061 24798 24798 W RecyclerView: 	at baseline.org.quantumbadger.redreader.fragments.PostListingFragment$2.onScrolled(PostListingFragment.java:215)
08-06 04:01:50.061 24798 24798 W RecyclerView: 	at androidx.recyclerview.widget.RecyclerView.dispatchOnScrolled(RecyclerView.java:5173)
08-06 04:01:50.061 24798 24798 W RecyclerView: 	at androidx.recyclerview.widget.RecyclerView.dispatchLayoutStep3(RecyclerView.java:4231)
08-06 04:01:50.061 24798 24798 W RecyclerView: 	at androidx.recyclerview.widget.RecyclerView.dispatchLayout(RecyclerView.java:3862)
08-06 04:01:50.061 24798 24798 W RecyclerView: 	at androidx.recyclerview.widget.RecyclerView.consumePendingUpdateOperations(RecyclerView.java:1897)
08-06 04:01:50.061 24798 24798 W RecyclerView: 	at androidx.recyclerview.widget.RecyclerView$1.run(RecyclerView.java:414)
08-06 04:01:50.061 24798 24798 W RecyclerView: 	at android.view.Choreographer$CallbackRecord.run(Choreographer.java:858)
08-06 04:01:50.061 24798 24798 W RecyclerView: 	at android.view.Choreographer.doCallbacks(Choreographer.java:670)
08-06 04:01:50.061 24798 24798 W RecyclerView: 	at android.view.Choreographer.doFrame(Choreographer.java:603)
08-06 04:01:50.061 24798 24798 W RecyclerView: 	at android.view.Choreographer$FrameDisplayEventReceiver.run(Choreographer.java:844)
08-06 04:01:50.061 24798 24798 W RecyclerView: 	at android.os.Handler.handleCallback(Handler.java:739)
08-06 04:01:50.061 24798 24798 W RecyclerView: 	at android.os.Handler.dispatchMessage(Handler.java:95)
08-06 04:01:50.061 24798 24798 W RecyclerView: 	at android.os.Looper.loop(Looper.java:148)
08-06 04:01:50.061 24798 24798 W RecyclerView: 	at android.app.ActivityThread.main(ActivityThread.java:5417)
08-06 04:01:50.061 24798 24798 W RecyclerView: 	at java.lang.reflect.Method.invoke(Native Method)
08-06 04:01:50.061 24798 24798 W RecyclerView: 	at com.android.internal.os.ZygoteInit$MethodAndArgsCaller.run(ZygoteInit.java:726)
08-06 04:01:50.061 24798 24798 W RecyclerView: 	at com.android.internal.os.ZygoteInit.main(ZygoteInit.java:616)
08-06 04:01:50.090 24798 24811 I art     : Explicit concurrent mark sweep GC freed 5866(323KB) AllocSpace objects, 0(0B) LOS objects, 34% free, 30MB/46MB, paused 2.964ms total 56.660ms
08-06 04:01:50.111 24798 24811 I art     : Starting a blocking GC Explicit
08-06 04:01:50.166 24798 24811 I art     : Explicit concurrent mark sweep GC freed 585(56KB) AllocSpace objects, 0(0B) LOS objects, 34% free, 30MB/46MB, paused 2.777ms total 54.544ms
08-06 04:01:50.185 24798 24811 I art     : Starting a blocking GC Explicit
08-06 04:01:50.242 24798 24811 I art     : Explicit concurrent mark sweep GC freed 8148(419KB) AllocSpace objects, 0(0B) LOS objects, 34% free, 30MB/46MB, paused 2.656ms total 56.286ms
08-06 04:01:50.261 24798 24811 I art     : Starting a blocking GC Explicit
08-06 04:01:50.318 24798 24811 I art     : Explicit concurrent mark sweep GC freed 13741(625KB) AllocSpace objects, 0(0B) LOS objects, 34% free, 30MB/46MB, paused 2.819ms total 56.395ms
08-06 04:01:50.436 24798 27552 I NAPPA_EXPERIMENTATION: MetricNetworkRequestExecutionTime: REQUEST_DURATION_SYSTEM='643',REQUEST_DURATION_OKHTTP='364',REQUEST_SYNCHRONOUS='TRUE',RESPONSE_CODE='200',RESPONSE_METHOD='GET',RESPONSE_LENGTH_OKHTTP='3891',RESPONSE_LENGTH_HEADER='3891',REQUEST_PROTOCOL='h2',REQUEST_URL='https://b.thumbs.redditmedia.com/CKInrczASoQbNvSBStGz11Tok0uCyQoxmZ02sOE37sQ.jpg',
08-06 04:01:50.436 24798 27552 D OK      : request got status: 200
08-06 04:01:50.534 24798 27559 I NAPPA_EXPERIMENTATION: MetricNetworkRequestExecutionTime: REQUEST_DURATION_SYSTEM='719',REQUEST_DURATION_OKHTTP='308',REQUEST_SYNCHRONOUS='TRUE',RESPONSE_CODE='200',RESPONSE_METHOD='GET',RESPONSE_LENGTH_OKHTTP='5113',RESPONSE_LENGTH_HEADER='5113',REQUEST_PROTOCOL='h2',REQUEST_URL='https://b.thumbs.redditmedia.com/1cAaKl6LkrikiRbLsBzzOvufKqRKuPi3wgjUkX8axkI.jpg',
08-06 04:01:50.534 24798 27559 D OK      : request got status: 200
08-06 04:01:50.652 24798 25031 I art     : Starting a blocking GC Explicit
08-06 04:01:50.652 24798 27561 I NAPPA_EXPERIMENTATION: MetricNetworkRequestExecutionTime: REQUEST_DURATION_SYSTEM='796',REQUEST_DURATION_OKHTTP='380',REQUEST_SYNCHRONOUS='TRUE',RESPONSE_CODE='200',RESPONSE_METHOD='GET',RESPONSE_LENGTH_OKHTTP='6242',RESPONSE_LENGTH_HEADER='6242',REQUEST_PROTOCOL='h2',REQUEST_URL='https://b.thumbs.redditmedia.com/NUqJWcobH7ToYhCM0w6nnAFZ46ymm9vPD25BC3s7Wco.jpg',
08-06 04:01:50.652 24798 27561 D OK      : request got status: 200
08-06 04:01:50.677 24798 27557 I NAPPA_EXPERIMENTATION: MetricNetworkRequestExecutionTime: REQUEST_DURATION_SYSTEM='866',REQUEST_DURATION_OKHTTP='468',REQUEST_SYNCHRONOUS='TRUE',RESPONSE_CODE='200',RESPONSE_METHOD='GET',RESPONSE_LENGTH_OKHTTP='6530',RESPONSE_LENGTH_HEADER='6530',REQUEST_PROTOCOL='h2',REQUEST_URL='https://a.thumbs.redditmedia.com/dFt2-stQJkfZ8O7r7ywG9GQsF08fZXxEJfQtAmiJ-F8.jpg',
08-06 04:01:50.677 24798 27557 D OK      : request got status: 200
08-06 04:01:50.715 24798 25031 I art     : Explicit concurrent mark sweep GC freed 37013(2027KB) AllocSpace objects, 11(532KB) LOS objects, 34% free, 31MB/47MB, paused 2.331ms total 63.357ms
08-06 04:01:50.725 24798 27555 I NAPPA_EXPERIMENTATION: MetricNetworkRequestExecutionTime: REQUEST_DURATION_SYSTEM='921',REQUEST_DURATION_OKHTTP='497',REQUEST_SYNCHRONOUS='TRUE',RESPONSE_CODE='200',RESPONSE_METHOD='GET',RESPONSE_LENGTH_OKHTTP='4487',RESPONSE_LENGTH_HEADER='4487',REQUEST_PROTOCOL='h2',REQUEST_URL='https://a.thumbs.redditmedia.com/sKVnLbatvJCZOE2ooe6CgiEftOB3ukgPMdcydbk9CZ4.jpg',
08-06 04:01:50.725 24798 27555 D OK      : request got status: 200
08-06 04:01:50.731 24798 27558 I NAPPA_EXPERIMENTATION: MetricNetworkRequestExecutionTime: REQUEST_DURATION_SYSTEM='913',REQUEST_DURATION_OKHTTP='502',REQUEST_SYNCHRONOUS='TRUE',RESPONSE_CODE='200',RESPONSE_METHOD='GET',RESPONSE_LENGTH_OKHTTP='-1',RESPONSE_LENGTH_HEADER='379',REQUEST_PROTOCOL='h2',REQUEST_URL='https://api.imgur.com/3/image/NSO7Npm',
08-06 04:01:50.732 24798 27558 D OK      : request got status: 200
08-06 04:01:50.743 24798 27566 I NAPPA_EXPERIMENTATION: MetricNetworkRequestExecutionTime: REQUEST_DURATION_SYSTEM='868',REQUEST_DURATION_OKHTTP='451',REQUEST_SYNCHRONOUS='TRUE',RESPONSE_CODE='200',RESPONSE_METHOD='GET',RESPONSE_LENGTH_OKHTTP='7265',RESPONSE_LENGTH_HEADER='7265',REQUEST_PROTOCOL='h2',REQUEST_URL='https://b.thumbs.redditmedia.com/N6fiqTp8nJD2l7sUz4nij7j1yHYMTKaflUIrn8E2bAU.jpg',
08-06 04:01:50.743 24798 27566 D OK      : request got status: 200
08-06 04:01:50.744 24798 25031 I art     : Starting a blocking GC Explicit
08-06 04:01:50.778 24798 27641 D OK      : calling: https://oauth.reddit.com/r/aww/hot/.json?after=t3_hz5odc
08-06 04:01:50.803 24798 25031 I art     : Explicit concurrent mark sweep GC freed 20685(1011KB) AllocSpace objects, 8(460KB) LOS objects, 33% free, 31MB/47MB, paused 2.321ms total 58.135ms
08-06 04:01:50.808 24798 27564 I NAPPA_EXPERIMENTATION: MetricNetworkRequestExecutionTime: REQUEST_DURATION_SYSTEM='944',REQUEST_DURATION_OKHTTP='513',REQUEST_SYNCHRONOUS='TRUE',RESPONSE_CODE='200',RESPONSE_METHOD='GET',RESPONSE_LENGTH_OKHTTP='6434',RESPONSE_LENGTH_HEADER='6434',REQUEST_PROTOCOL='h2',REQUEST_URL='https://b.thumbs.redditmedia.com/_H8tFMmL5-3GrxYkCtMSHiyNfjbX8pxctOw_vrzyw7o.jpg',
08-06 04:01:50.809 24798 27564 D OK      : request got status: 200
08-06 04:01:50.821 24798 25031 I art     : Starting a blocking GC Explicit
08-06 04:01:50.838 22752 22752 I ServiceManager: Waiting for service AtCmdFwd...
08-06 04:01:50.871 24798 25031 I art     : Explicit concurrent mark sweep GC freed 4051(419KB) AllocSpace objects, 12(884KB) LOS objects, 33% free, 31MB/47MB, paused 2.194ms total 50.355ms
08-06 04:01:50.889 24798 25031 I art     : Starting a blocking GC Explicit
08-06 04:01:50.889 24798 27565 I NAPPA_EXPERIMENTATION: MetricNetworkRequestExecutionTime: REQUEST_DURATION_SYSTEM='1017',REQUEST_DURATION_OKHTTP='593',REQUEST_SYNCHRONOUS='TRUE',RESPONSE_CODE='200',RESPONSE_METHOD='GET',RESPONSE_LENGTH_OKHTTP='6634',RESPONSE_LENGTH_HEADER='6634',REQUEST_PROTOCOL='h2',REQUEST_URL='https://b.thumbs.redditmedia.com/JTSWFy2_tijPk6cA5noKDydEAMkMJcDmKQTSX178zwc.jpg',
08-06 04:01:50.893 24798 27565 D OK      : request got status: 200
08-06 04:01:50.938 24798 25031 I art     : Explicit concurrent mark sweep GC freed 1541(144KB) AllocSpace objects, 14(748KB) LOS objects, 33% free, 31MB/47MB, paused 2.107ms total 48.520ms
08-06 04:01:50.956 24798 25031 I art     : Starting a blocking GC Explicit
08-06 04:01:50.984 24798 27562 I NAPPA_EXPERIMENTATION: MetricNetworkRequestExecutionTime: REQUEST_DURATION_SYSTEM='1123',REQUEST_DURATION_OKHTTP='675',REQUEST_SYNCHRONOUS='TRUE',RESPONSE_CODE='200',RESPONSE_METHOD='GET',RESPONSE_LENGTH_OKHTTP='6131',RESPONSE_LENGTH_HEADER='6131',REQUEST_PROTOCOL='h2',REQUEST_URL='https://b.thumbs.redditmedia.com/bUY4al781EZ3q7hUlnLebemHCXE3e63_SSxl2uo4Q4A.jpg',
08-06 04:01:50.984 24798 27562 D OK      : request got status: 200
08-06 04:01:51.008 24798 25031 I art     : Explicit concurrent mark sweep GC freed 282(21KB) AllocSpace objects, 0(0B) LOS objects, 33% free, 31MB/47MB, paused 2.123ms total 51.283ms
08-06 04:01:51.010 24798 27560 I NAPPA_EXPERIMENTATION: MetricNetworkRequestExecutionTime: REQUEST_DURATION_SYSTEM='1173',REQUEST_DURATION_OKHTTP='667',REQUEST_SYNCHRONOUS='TRUE',RESPONSE_CODE='200',RESPONSE_METHOD='GET',RESPONSE_LENGTH_OKHTTP='2700',RESPONSE_LENGTH_HEADER='2700',REQUEST_PROTOCOL='h2',REQUEST_URL='https://v.redd.it/fkewv2f65kd51/DASHPlaylist.mpd',
08-06 04:01:51.010 24798 27560 D OK      : request got status: 200
08-06 04:01:51.012 24798 27573 I NAPPA_EXPERIMENTATION: MetricNetworkRequestExecutionTime: REQUEST_DURATION_SYSTEM='1112',REQUEST_DURATION_OKHTTP='493',REQUEST_SYNCHRONOUS='TRUE',RESPONSE_CODE='200',RESPONSE_METHOD='GET',RESPONSE_LENGTH_OKHTTP='5648',RESPONSE_LENGTH_HEADER='5648',REQUEST_PROTOCOL='h2',REQUEST_URL='https://a.thumbs.redditmedia.com/cEOtajy3CAQrjwSA3hhSqnPx8bfkRzglo7Lz1SBTmE0.jpg',
08-06 04:01:51.012 24798 27573 D OK      : request got status: 200
08-06 04:01:51.016 24798 27572 I NAPPA_EXPERIMENTATION: MetricNetworkRequestExecutionTime: REQUEST_DURATION_SYSTEM='1117',REQUEST_DURATION_OKHTTP='517',REQUEST_SYNCHRONOUS='TRUE',RESPONSE_CODE='200',RESPONSE_METHOD='GET',RESPONSE_LENGTH_OKHTTP='4798',RESPONSE_LENGTH_HEADER='4798',REQUEST_PROTOCOL='h2',REQUEST_URL='https://a.thumbs.redditmedia.com/KpcC72KH04Be3BqxmFbv_Gz7LCy-24GU-70or3KCdJ4.jpg',
08-06 04:01:51.016 24798 27572 D OK      : request got status: 200
08-06 04:01:51.027 24798 27568 I NAPPA_EXPERIMENTATION: MetricNetworkRequestExecutionTime: REQUEST_DURATION_SYSTEM='1147',REQUEST_DURATION_OKHTTP='709',REQUEST_SYNCHRONOUS='TRUE',RESPONSE_CODE='200',RESPONSE_METHOD='GET',RESPONSE_LENGTH_OKHTTP='4018',RESPONSE_LENGTH_HEADER='4018',REQUEST_PROTOCOL='h2',REQUEST_URL='https://b.thumbs.redditmedia.com/lVNra-iScxkYcYtSstJ-7J7pRAUDRXIwwJhsen1ZK9g.jpg',
08-06 04:01:51.027 24798 27568 D OK      : request got status: 200
08-06 04:01:51.044 24798 27567 I NAPPA_EXPERIMENTATION: MetricNetworkRequestExecutionTime: REQUEST_DURATION_SYSTEM='1164',REQUEST_DURATION_OKHTTP='715',REQUEST_SYNCHRONOUS='TRUE',RESPONSE_CODE='200',RESPONSE_METHOD='GET',RESPONSE_LENGTH_OKHTTP='8699',RESPONSE_LENGTH_HEADER='8699',REQUEST_PROTOCOL='h2',REQUEST_URL='https://b.thumbs.redditmedia.com/HkEQtny0bE4H3dMCd_woPsLAXBoPwp_DZ4ioFNIQLKk.jpg',
08-06 04:01:51.045 24798 27567 D OK      : request got status: 200
08-06 04:01:51.060 24798 27560 I RedditVideosAPI: For 'https://v.redd.it/fkewv2f65kd51/DASHPlaylist.mpd', got video stream 'https://v.redd.it/fkewv2f65kd51/DASH_480' and audio stream 'https://v.redd.it/fkewv2f65kd51/audio'
08-06 04:01:51.108 24798 27563 I NAPPA_EXPERIMENTATION: MetricNetworkRequestExecutionTime: REQUEST_DURATION_SYSTEM='1246',REQUEST_DURATION_OKHTTP='769',REQUEST_SYNCHRONOUS='TRUE',RESPONSE_CODE='200',RESPONSE_METHOD='GET',RESPONSE_LENGTH_OKHTTP='5439',RESPONSE_LENGTH_HEADER='5439',REQUEST_PROTOCOL='h2',REQUEST_URL='https://b.thumbs.redditmedia.com/tTmEfIrujbsvZXbhNSQS6Pc7o7ShCaGqZHbYf7nWdfg.jpg',
08-06 04:01:51.108 24798 27563 D OK      : request got status: 200
08-06 04:01:51.128 24798 27571 I NAPPA_EXPERIMENTATION: MetricNetworkRequestExecutionTime: REQUEST_DURATION_SYSTEM='1234',REQUEST_DURATION_OKHTTP='674',REQUEST_SYNCHRONOUS='TRUE',RESPONSE_CODE='200',RESPONSE_METHOD='GET',RESPONSE_LENGTH_OKHTTP='5207',RESPONSE_LENGTH_HEADER='5207',REQUEST_PROTOCOL='h2',REQUEST_URL='https://b.thumbs.redditmedia.com/Bx9FZp8_w10DfFUf_mqVPMfu4Y0h2lo41Dh4tl2eNeQ.jpg',
08-06 04:01:51.128 24798 27571 D OK      : request got status: 200
08-06 04:01:51.141 24798 27556 I NAPPA_EXPERIMENTATION: MetricNetworkRequestExecutionTime: REQUEST_DURATION_SYSTEM='1331',REQUEST_DURATION_OKHTTP='616',REQUEST_SYNCHRONOUS='TRUE',RESPONSE_CODE='200',RESPONSE_METHOD='GET',RESPONSE_LENGTH_OKHTTP='-1',RESPONSE_LENGTH_HEADER='812',REQUEST_PROTOCOL='http/1.1',REQUEST_URL='https://api.gfycat.com/v1/gfycats/deadlygravecavy',
08-06 04:01:51.141 24798 27556 D OK      : request got status: 200
08-06 04:01:51.163 24798 27569 I NAPPA_EXPERIMENTATION: MetricNetworkRequestExecutionTime: REQUEST_DURATION_SYSTEM='1277',REQUEST_DURATION_OKHTTP='767',REQUEST_SYNCHRONOUS='TRUE',RESPONSE_CODE='200',RESPONSE_METHOD='GET',RESPONSE_LENGTH_OKHTTP='6093',RESPONSE_LENGTH_HEADER='6093',REQUEST_PROTOCOL='h2',REQUEST_URL='https://b.thumbs.redditmedia.com/lQKqDneXS8E7ZBD9cUQy4OqOt8PuTneSvVFtnU0pwCE.jpg',
08-06 04:01:51.163 24798 27569 D OK      : request got status: 200
08-06 04:01:51.218 24798 27574 I NAPPA_EXPERIMENTATION: MetricNetworkRequestExecutionTime: REQUEST_DURATION_SYSTEM='1314',REQUEST_DURATION_OKHTTP='742',REQUEST_SYNCHRONOUS='TRUE',RESPONSE_CODE='200',RESPONSE_METHOD='GET',RESPONSE_LENGTH_OKHTTP='5229',RESPONSE_LENGTH_HEADER='5229',REQUEST_PROTOCOL='h2',REQUEST_URL='https://b.thumbs.redditmedia.com/RrJbRRjFZWmckrONtkPTloJh52FfqD_XkLMuYuuQvAg.jpg',
08-06 04:01:51.218 24798 27574 D OK      : request got status: 200
08-06 04:01:51.248 24798 27576 I NAPPA_EXPERIMENTATION: MetricNetworkRequestExecutionTime: REQUEST_DURATION_SYSTEM='1337',REQUEST_DURATION_OKHTTP='741',REQUEST_SYNCHRONOUS='TRUE',RESPONSE_CODE='200',RESPONSE_METHOD='GET',RESPONSE_LENGTH_OKHTTP='8835',RESPONSE_LENGTH_HEADER='8835',REQUEST_PROTOCOL='h2',REQUEST_URL='https://b.thumbs.redditmedia.com/B18Vu5Jw71XCkFOFHimnUC42ya8apHsmcCW-HFmtb6w.jpg',
08-06 04:01:51.249 24798 27576 D OK      : request got status: 200
08-06 04:01:51.272 24798 27570 I NAPPA_EXPERIMENTATION: MetricNetworkRequestExecutionTime: REQUEST_DURATION_SYSTEM='1377',REQUEST_DURATION_OKHTTP='753',REQUEST_SYNCHRONOUS='TRUE',RESPONSE_CODE='200',RESPONSE_METHOD='GET',RESPONSE_LENGTH_OKHTTP='7078',RESPONSE_LENGTH_HEADER='7078',REQUEST_PROTOCOL='h2',REQUEST_URL='https://b.thumbs.redditmedia.com/X3yyAViE0gxiHR-kf9Z5xmLa8dKsm8iWJyKdWNVtOhU.jpg',
08-06 04:01:51.272 24798 27570 D OK      : request got status: 200
08-06 04:01:51.277 24798 27588 I NAPPA_EXPERIMENTATION: MetricNetworkRequestExecutionTime: REQUEST_DURATION_SYSTEM='1306',REQUEST_DURATION_OKHTTP='543',REQUEST_SYNCHRONOUS='TRUE',RESPONSE_CODE='200',RESPONSE_METHOD='GET',RESPONSE_LENGTH_OKHTTP='2787',RESPONSE_LENGTH_HEADER='2787',REQUEST_PROTOCOL='h2',REQUEST_URL='https://v.redd.it/ppmhu2r9thd51/DASHPlaylist.mpd',
08-06 04:01:51.277 24798 27588 D OK      : request got status: 200
08-06 04:01:51.282 24798 27587 I NAPPA_EXPERIMENTATION: MetricNetworkRequestExecutionTime: REQUEST_DURATION_SYSTEM='1314',REQUEST_DURATION_OKHTTP='527',REQUEST_SYNCHRONOUS='TRUE',RESPONSE_CODE='200',RESPONSE_METHOD='GET',RESPONSE_LENGTH_OKHTTP='3058',RESPONSE_LENGTH_HEADER='3058',REQUEST_PROTOCOL='h2',REQUEST_URL='https://v.redd.it/1ewzkieg0jd51/DASHPlaylist.mpd',
08-06 04:01:51.282 24798 27587 D OK      : request got status: 200
08-06 04:01:51.299 24798 27582 I NAPPA_EXPERIMENTATION: MetricNetworkRequestExecutionTime: REQUEST_DURATION_SYSTEM='1354',REQUEST_DURATION_OKHTTP='542',REQUEST_SYNCHRONOUS='TRUE',RESPONSE_CODE='200',RESPONSE_METHOD='GET',RESPONSE_LENGTH_OKHTTP='-1',RESPONSE_LENGTH_HEADER='955',REQUEST_PROTOCOL='http/1.1',REQUEST_URL='https://api.gfycat.com/v1/gfycats/altruisticthankfulankolewatusi',
08-06 04:01:51.299 24798 27582 D OK      : request got status: 200
08-06 04:01:51.308 24798 27575 I NAPPA_EXPERIMENTATION: MetricNetworkRequestExecutionTime: REQUEST_DURATION_SYSTEM='1396',REQUEST_DURATION_OKHTTP='783',REQUEST_SYNCHRONOUS='TRUE',RESPONSE_CODE='200',RESPONSE_METHOD='GET',RESPONSE_LENGTH_OKHTTP='6163',RESPONSE_LENGTH_HEADER='6163',REQUEST_PROTOCOL='h2',REQUEST_URL='https://b.thumbs.redditmedia.com/chqK3f9u3D7UmfrGP85f4sOQFihMk6q7fFSeMyWs_7E.jpg',
08-06 04:01:51.308 24798 27575 D OK      : request got status: 200
08-06 04:01:51.312 24798 27592 I NAPPA_EXPERIMENTATION: MetricNetworkRequestExecutionTime: REQUEST_DURATION_SYSTEM='1331',REQUEST_DURATION_OKHTTP='571',REQUEST_SYNCHRONOUS='TRUE',RESPONSE_CODE='200',RESPONSE_METHOD='GET',RESPONSE_LENGTH_OKHTTP='2342',RESPONSE_LENGTH_HEADER='2342',REQUEST_PROTOCOL='h2',REQUEST_URL='https://v.redd.it/ar5k8892pid51/DASHPlaylist.mpd',
08-06 04:01:51.312 24798 27592 D OK      : request got status: 200
08-06 04:01:51.318 24798 27591 I NAPPA_EXPERIMENTATION: MetricNetworkRequestExecutionTime: REQUEST_DURATION_SYSTEM='1340',REQUEST_DURATION_OKHTTP='563',REQUEST_SYNCHRONOUS='TRUE',RESPONSE_CODE='200',RESPONSE_METHOD='GET',RESPONSE_LENGTH_OKHTTP='2071',RESPONSE_LENGTH_HEADER='2071',REQUEST_PROTOCOL='h2',REQUEST_URL='https://v.redd.it/ty24o02m1hd51/DASHPlaylist.mpd',
08-06 04:01:51.318 24798 27591 D OK      : request got status: 200
08-06 04:01:51.324 24798 27584 I NAPPA_EXPERIMENTATION: MetricNetworkRequestExecutionTime: REQUEST_DURATION_SYSTEM='1363',REQUEST_DURATION_OKHTTP='569',REQUEST_SYNCHRONOUS='TRUE',RESPONSE_CODE='200',RESPONSE_METHOD='GET',RESPONSE_LENGTH_OKHTTP='1713',RESPONSE_LENGTH_HEADER='1713',REQUEST_PROTOCOL='h2',REQUEST_URL='https://v.redd.it/ak6rer1hskd51/DASHPlaylist.mpd',
08-06 04:01:51.325 24798 27584 D OK      : request got status: 200
08-06 04:01:51.326 24798 27588 I RedditVideosAPI: For 'https://v.redd.it/ppmhu2r9thd51/DASHPlaylist.mpd', got video stream 'https://v.redd.it/ppmhu2r9thd51/DASH_480' and audio stream 'null'
08-06 04:01:51.330 24798 27583 I NAPPA_EXPERIMENTATION: MetricNetworkRequestExecutionTime: REQUEST_DURATION_SYSTEM='1377',REQUEST_DURATION_OKHTTP='775',REQUEST_SYNCHRONOUS='TRUE',RESPONSE_CODE='200',RESPONSE_METHOD='GET',RESPONSE_LENGTH_OKHTTP='6221',RESPONSE_LENGTH_HEADER='6221',REQUEST_PROTOCOL='h2',REQUEST_URL='https://b.thumbs.redditmedia.com/d_-UsfmKASoIHi4vZyyjvvwFtm1S7-DEi9AQPOnGIgY.jpg',
08-06 04:01:51.330 24798 27583 D OK      : request got status: 200
08-06 04:01:51.343 24798 27578 I NAPPA_EXPERIMENTATION: MetricNetworkRequestExecutionTime: REQUEST_DURATION_SYSTEM='1420',REQUEST_DURATION_OKHTTP='692',REQUEST_SYNCHRONOUS='TRUE',RESPONSE_CODE='200',RESPONSE_METHOD='GET',RESPONSE_LENGTH_OKHTTP='4067',RESPONSE_LENGTH_HEADER='4067',REQUEST_PROTOCOL='h2',REQUEST_URL='https://b.thumbs.redditmedia.com/XNb1kfskabGDLMqv661Q22hBtCb8w5oyePDcFaZi9aY.jpg',
08-06 04:01:51.344 24798 27578 D OK      : request got status: 200
08-06 04:01:51.344 24798 27589 I NAPPA_EXPERIMENTATION: MetricNetworkRequestExecutionTime: REQUEST_DURATION_SYSTEM='1371',REQUEST_DURATION_OKHTTP='585',REQUEST_SYNCHRONOUS='TRUE',RESPONSE_CODE='200',RESPONSE_METHOD='GET',RESPONSE_LENGTH_OKHTTP='2698',RESPONSE_LENGTH_HEADER='2698',REQUEST_PROTOCOL='h2',REQUEST_URL='https://v.redd.it/s9qqadf3mid51/DASHPlaylist.mpd',
08-06 04:01:51.344 24798 27589 D OK      : request got status: 200
08-06 04:01:51.346 24798 24827 I art     : Starting a blocking GC Explicit
08-06 04:01:51.358 24798 27579 I NAPPA_EXPERIMENTATION: MetricNetworkRequestExecutionTime: REQUEST_DURATION_SYSTEM='1431',REQUEST_DURATION_OKHTTP='682',REQUEST_SYNCHRONOUS='TRUE',RESPONSE_CODE='200',RESPONSE_METHOD='GET',RESPONSE_LENGTH_OKHTTP='4249',RESPONSE_LENGTH_HEADER='4249',REQUEST_PROTOCOL='h2',REQUEST_URL='https://b.thumbs.redditmedia.com/lMqJbh1Z40ffemA0TnSfVnovznn4hvJNue60AsJ-ETs.jpg',
08-06 04:01:51.358 24798 27579 D OK      : request got status: 200
08-06 04:01:51.361 24798 27585 I NAPPA_EXPERIMENTATION: MetricNetworkRequestExecutionTime: REQUEST_DURATION_SYSTEM='1393',REQUEST_DURATION_OKHTTP='498',REQUEST_SYNCHRONOUS='TRUE',RESPONSE_CODE='200',RESPONSE_METHOD='GET',RESPONSE_LENGTH_OKHTTP='-1',RESPONSE_LENGTH_HEADER='1021',REQUEST_PROTOCOL='http/1.1',REQUEST_URL='https://api.gfycat.com/v1/gfycats/foolhardysparklinglarva',
08-06 04:01:51.361 24798 27585 D OK      : request got status: 200
08-06 04:01:51.366 24798 27580 I NAPPA_EXPERIMENTATION: MetricNetworkRequestExecutionTime: REQUEST_DURATION_SYSTEM='1436',REQUEST_DURATION_OKHTTP='679',REQUEST_SYNCHRONOUS='TRUE',RESPONSE_CODE='200',RESPONSE_METHOD='GET',RESPONSE_LENGTH_OKHTTP='6843',RESPONSE_LENGTH_HEADER='6843',REQUEST_PROTOCOL='h2',REQUEST_URL='https://b.thumbs.redditmedia.com/x5l4cICw0WNNvslt5FqVjwj89XrGjrXnNbaSyQRAyCo.jpg',
08-06 04:01:51.366 24798 27580 D OK      : request got status: 200
08-06 04:01:51.368 24798 27590 I NAPPA_EXPERIMENTATION: MetricNetworkRequestExecutionTime: REQUEST_DURATION_SYSTEM='1393',REQUEST_DURATION_OKHTTP='565',REQUEST_SYNCHRONOUS='TRUE',RESPONSE_CODE='200',RESPONSE_METHOD='GET',RESPONSE_LENGTH_OKHTTP='3060',RESPONSE_LENGTH_HEADER='3060',REQUEST_PROTOCOL='h2',REQUEST_URL='https://v.redd.it/b8vazlcb7ld51/DASHPlaylist.mpd',
08-06 04:01:51.368 24798 27590 D OK      : request got status: 200
08-06 04:01:51.383 24798 27581 I NAPPA_EXPERIMENTATION: MetricNetworkRequestExecutionTime: REQUEST_DURATION_SYSTEM='1451',REQUEST_DURATION_OKHTTP='702',REQUEST_SYNCHRONOUS='TRUE',RESPONSE_CODE='200',RESPONSE_METHOD='GET',RESPONSE_LENGTH_OKHTTP='6778',RESPONSE_LENGTH_HEADER='6778',REQUEST_PROTOCOL='h2',REQUEST_URL='https://b.thumbs.redditmedia.com/189nmwjW7eGWBD0J-cxzsUac1V1ZWGzMFC66inY4u4Y.jpg',
08-06 04:01:51.383 24798 27581 D OK      : request got status: 200
08-06 04:01:51.390 24798 27586 I NAPPA_EXPERIMENTATION: MetricNetworkRequestExecutionTime: REQUEST_DURATION_SYSTEM='1424',REQUEST_DURATION_OKHTTP='611',REQUEST_SYNCHRONOUS='TRUE',RESPONSE_CODE='200',RESPONSE_METHOD='GET',RESPONSE_LENGTH_OKHTTP='2429',RESPONSE_LENGTH_HEADER='2429',REQUEST_PROTOCOL='h2',REQUEST_URL='https://v.redd.it/h49fg58ygjd51/DASHPlaylist.mpd',
08-06 04:01:51.392 24798 27586 D OK      : request got status: 200
08-06 04:01:51.399 24798 24827 I art     : Explicit concurrent mark sweep GC freed 10398(1214KB) AllocSpace objects, 80(4MB) LOS objects, 31% free, 35MB/51MB, paused 1.035ms total 52.686ms
08-06 04:01:51.402 24798 27577 I NAPPA_EXPERIMENTATION: MetricNetworkRequestExecutionTime: REQUEST_DURATION_SYSTEM='1487',REQUEST_DURATION_OKHTTP='711',REQUEST_SYNCHRONOUS='TRUE',RESPONSE_CODE='200',RESPONSE_METHOD='GET',RESPONSE_LENGTH_OKHTTP='2861',RESPONSE_LENGTH_HEADER='2861',REQUEST_PROTOCOL='h2',REQUEST_URL='https://b.thumbs.redditmedia.com/iZuzjufMpYUYtQRLjRwce4RDb6JYsId95_iezR2Uc0w.jpg',
08-06 04:01:51.402 24798 27577 D OK      : request got status: 200
08-06 04:01:51.415 24798 27592 I RedditVideosAPI: For 'https://v.redd.it/ar5k8892pid51/DASHPlaylist.mpd', got video stream 'https://v.redd.it/ar5k8892pid51/DASH_360' and audio stream 'https://v.redd.it/ar5k8892pid51/audio'
08-06 04:01:51.418 24798 24827 I art     : Starting a blocking GC Explicit
08-06 04:01:51.466 24798 24827 I art     : Explicit concurrent mark sweep GC freed 3407(250KB) AllocSpace objects, 10(768KB) LOS objects, 31% free, 35MB/51MB, paused 1.094ms total 47.959ms
08-06 04:01:51.484 24798 24827 I art     : Starting a blocking GC Explicit
08-06 04:01:51.487 24798 27591 I RedditVideosAPI: For 'https://v.redd.it/ty24o02m1hd51/DASHPlaylist.mpd', got video stream 'https://v.redd.it/ty24o02m1hd51/DASH_480' and audio stream 'null'
08-06 04:01:51.531 24798 24827 I art     : Explicit concurrent mark sweep GC freed 621(85KB) AllocSpace objects, 4(236KB) LOS objects, 31% free, 34MB/50MB, paused 850us total 47.370ms
08-06 04:01:51.546 24798 27584 I RedditVideosAPI: For 'https://v.redd.it/ak6rer1hskd51/DASHPlaylist.mpd', got video stream 'https://v.redd.it/ak6rer1hskd51/DASH_360' and audio stream 'null'
08-06 04:01:51.551 24798 24827 I art     : Starting a blocking GC Explicit
08-06 04:01:51.562 24798 27587 I RedditVideosAPI: For 'https://v.redd.it/1ewzkieg0jd51/DASHPlaylist.mpd', got video stream 'https://v.redd.it/1ewzkieg0jd51/DASH_480' and audio stream 'https://v.redd.it/1ewzkieg0jd51/audio'
08-06 04:01:51.569 24798 27589 I RedditVideosAPI: For 'https://v.redd.it/s9qqadf3mid51/DASHPlaylist.mpd', got video stream 'https://v.redd.it/s9qqadf3mid51/DASH_480' and audio stream 'https://v.redd.it/s9qqadf3mid51/audio'
08-06 04:01:51.583 24798 27590 I RedditVideosAPI: For 'https://v.redd.it/b8vazlcb7ld51/DASHPlaylist.mpd', got video stream 'https://v.redd.it/b8vazlcb7ld51/DASH_480' and audio stream 'https://v.redd.it/b8vazlcb7ld51/audio'
08-06 04:01:51.601 24798 24827 I art     : Explicit concurrent mark sweep GC freed 1592(342KB) AllocSpace objects, 20(1212KB) LOS objects, 31% free, 35MB/51MB, paused 863us total 50.162ms
08-06 04:01:51.605 24798 27641 I NAPPA_EXPERIMENTATION: MetricNetworkRequestExecutionTime: REQUEST_DURATION_SYSTEM='827',REQUEST_DURATION_OKHTTP='147',REQUEST_SYNCHRONOUS='TRUE',RESPONSE_CODE='200',RESPONSE_METHOD='GET',RESPONSE_LENGTH_OKHTTP='-1',RESPONSE_LENGTH_HEADER='30610',REQUEST_PROTOCOL='h2',REQUEST_URL='https://oauth.reddit.com/r/aww/hot/.json?after=t3_hz5odc',
08-06 04:01:51.605 24798 27641 D OK      : request got status: 200
08-06 04:01:51.611 24798 27586 I RedditVideosAPI: For 'https://v.redd.it/h49fg58ygjd51/DASHPlaylist.mpd', got video stream 'https://v.redd.it/h49fg58ygjd51/DASH_480' and audio stream 'null'
08-06 04:01:51.616 24798 25375 I PostListingFragment: Precaching images: OFF
08-06 04:01:51.616 24798 25375 I PostListingFragment: Precaching comments: OFF
08-06 04:01:51.620 24798 24827 I art     : Starting a blocking GC Explicit
08-06 04:01:51.630 24798 27656 D OK      : calling: https://b.thumbs.redditmedia.com/WehZGjN94ALGdO0M7RjPJ2EwcyyWVZ_NUn1Fuf7IYWY.jpg
08-06 04:01:51.634 24798 27657 D OK      : calling: https://b.thumbs.redditmedia.com/Xdo4lcQOwuUNK1yxSlXZ0OI8u23ORAr16_AzfAZ1nvU.jpg
08-06 04:01:51.637 24798 27658 D OK      : calling: https://v.redd.it/syww111dtjd51/DASHPlaylist.mpd
08-06 04:01:51.639 24798 27659 D OK      : calling: https://b.thumbs.redditmedia.com/2KMYZ5hTlKXSvNO4hDUPyMba8Yz6skyu1SjUhLq1d9s.jpg
08-06 04:01:51.645 24798 27661 D OK      : calling: https://v.redd.it/pbqrrfb3tkd51/DASHPlaylist.mpd
08-06 04:01:51.650 24798 27662 D OK      : calling: https://b.thumbs.redditmedia.com/qi4bNDKzoPvaSaSx99K2bAjwaRHh1nuOrcbySp1JHdk.jpg
08-06 04:01:51.651 24798 27660 D OK      : calling: https://a.thumbs.redditmedia.com/EFVm-ZqqhARyEaKgtwU74c7tfzEDJvI0uiHXGglFag4.jpg
08-06 04:01:51.654 24798 27663 D OK      : calling: https://v.redd.it/rrygsb8i4ld51/DASHPlaylist.mpd
08-06 04:01:51.655 24798 27664 D OK      : calling: https://b.thumbs.redditmedia.com/Ja8yiRMklM2lXd8q60LtBI6CqdmJ5YbWHRiBVFmICJA.jpg
08-06 04:01:51.667 24798 27665 D OK      : calling: https://b.thumbs.redditmedia.com/o5lSsJ_tCgCQxcdjMGaYxuveNluXB1PQT4PokXDhpvc.jpg
08-06 04:01:51.669 24798 27666 D OK      : calling: https://b.thumbs.redditmedia.com/SiCWTmKkQcbiAa7naxAHnw0adTeRkq1dB8QSqzGU7-Q.jpg
08-06 04:01:51.673 24798 27667 D OK      : calling: https://b.thumbs.redditmedia.com/C9qrVibnNxmzfLDKvEHp2v2Bo-Kqme7PoKC52s2o52M.jpg
08-06 04:01:51.676 24798 24827 I art     : Explicit concurrent mark sweep GC freed 11209(606KB) AllocSpace objects, 13(1108KB) LOS objects, 30% free, 35MB/51MB, paused 1.804ms total 56.223ms
08-06 04:01:51.677 24798 27668 D OK      : calling: https://a.thumbs.redditmedia.com/Tfsm0ol-ltlxNSBAkZ_4G4302d0hYeOSODkvXidBBR8.jpg
08-06 04:01:51.679 24798 27669 D OK      : calling: https://a.thumbs.redditmedia.com/Kzag-wH9wKRRg2MnPwgoFgXT_2jN_nkJ1lY1aNRQyT4.jpg
08-06 04:01:51.684 24798 27670 D OK      : calling: https://a.thumbs.redditmedia.com/P4gSGpXpi2wDXthNZ-LiwEs5Jvplm6dQ7W7Isqa7un4.jpg
08-06 04:01:51.690 24798 27671 D OK      : calling: https://v.redd.it/5x6zzipz8ld51/DASHPlaylist.mpd
08-06 04:01:51.691 24798 27672 D OK      : calling: https://b.thumbs.redditmedia.com/XkIhgqugP-9Zcb5I9A8o0r-zQJDh_6kastc0oWiiHkI.jpg
08-06 04:01:51.693 24798 27673 D OK      : calling: https://b.thumbs.redditmedia.com/3QPAtixkID9ojpqCAgfspJpruqoq45fM1G-Fx1K2F2A.jpg
08-06 04:01:51.696 24798 27674 D OK      : calling: https://v.redd.it/75en73fm5id51/DASHPlaylist.mpd
08-06 04:01:51.703 24798 25375 I getImgurImageInfo: Image nLQR2hT: trying API v3 with auth
08-06 04:01:51.705 24798 27675 D OK      : calling: https://b.thumbs.redditmedia.com/orK4W8Xc99pTzIT6q1waTsppldq24p1qMsHtkNnmu9w.jpg
08-06 04:01:51.707 24798 27676 D OK      : calling: https://api.imgur.com/3/image/nLQR2hT
08-06 04:01:51.709 24798 27677 D OK      : calling: https://b.thumbs.redditmedia.com/B1vXKY_-gTPbs625-RJ1MLIXxzCqfmnCB_0xnGjCECQ.jpg
08-06 04:01:51.721 24798 27678 D OK      : calling: https://a.thumbs.redditmedia.com/ffAKmOqnTuDMNR9MRfCdRtkq_CzN3MVhZxS64ZPYRh4.jpg
08-06 04:01:51.723 24798 27679 D OK      : calling: https://v.redd.it/ggz4fyth6hd51/DASHPlaylist.mpd
08-06 04:01:51.727 24798 27680 D OK      : calling: https://b.thumbs.redditmedia.com/OF1KI_LdSDMMWCy-WgJyRhIcM5fr7kDyu_OnpfRXHfI.jpg
08-06 04:01:51.729 24798 27681 D OK      : calling: https://v.redd.it/psrknoobrgd51/DASHPlaylist.mpd
08-06 04:01:51.731 24798 27682 D OK      : calling: https://b.thumbs.redditmedia.com/vuAhA4gGAmYfrTFA4woxZcKgmiDzJ3nAsql2pxcYGFs.jpg
08-06 04:01:51.733 24798 27683 D OK      : calling: https://b.thumbs.redditmedia.com/PtV7mFsO2n0j4YJweZjEqyVJ45hap4hXix9dwj6D0Wg.jpg
08-06 04:01:51.735 24798 27684 D OK      : calling: https://v.redd.it/jk6cwef4wld51/DASHPlaylist.mpd
08-06 04:01:51.737 24798 27685 D OK      : calling: https://b.thumbs.redditmedia.com/wxTBcOhAgsmbc-TRaGNHpYJYnEOBr2LNsaZ6pCM91Lc.jpg
08-06 04:01:51.740 24798 27686 D OK      : calling: https://b.thumbs.redditmedia.com/Wo7bFIVNZYYuNioRYwZFYxrl6QMk0lT-3W01wrXgHmE.jpg
08-06 04:01:51.753 24798 27687 D OK      : calling: https://v.redd.it/t81s8zfz9ld51/DASHPlaylist.mpd
08-06 04:01:51.761 24798 27688 D OK      : calling: https://b.thumbs.redditmedia.com/NoqMycYTzsyhI0Lq351riEI1mO9p8PvY1QwcZ9Irb9g.jpg
08-06 04:01:51.763 24798 27689 D OK      : calling: https://b.thumbs.redditmedia.com/KrRufqpifph7KM2Le5RdqEYQb24zbB4fizBJpFaH1Pc.jpg
08-06 04:01:51.766 24798 27690 D OK      : calling: https://b.thumbs.redditmedia.com/u2qz17QE3X5G7kkJrgK3HPCdxNQxNkhaWqfIhCuRMvE.jpg
08-06 04:01:51.768 24798 27691 D OK      : calling: https://v.redd.it/xd6c4yyutgd51/DASHPlaylist.mpd
08-06 04:01:51.770 24798 27692 D OK      : calling: https://v.redd.it/ue0jdgk9zhd51/DASHPlaylist.mpd
08-06 04:01:51.838 22752 22752 W Atfwd_Sendcmd: AtCmdFwd service not published, waiting... retryCnt : 3
08-06 04:01:51.857 24798 27656 I NAPPA_EXPERIMENTATION: MetricNetworkRequestExecutionTime: REQUEST_DURATION_SYSTEM='227',REQUEST_DURATION_OKHTTP='226',REQUEST_SYNCHRONOUS='TRUE',RESPONSE_CODE='200',RESPONSE_METHOD='GET',RESPONSE_LENGTH_OKHTTP='5435',RESPONSE_LENGTH_HEADER='5435',REQUEST_PROTOCOL='h2',REQUEST_URL='https://b.thumbs.redditmedia.com/WehZGjN94ALGdO0M7RjPJ2EwcyyWVZ_NUn1Fuf7IYWY.jpg',
08-06 04:01:51.857 24798 27656 D OK      : request got status: 200
08-06 04:01:51.937 24798 27657 I NAPPA_EXPERIMENTATION: MetricNetworkRequestExecutionTime: REQUEST_DURATION_SYSTEM='303',REQUEST_DURATION_OKHTTP='302',REQUEST_SYNCHRONOUS='TRUE',RESPONSE_CODE='200',RESPONSE_METHOD='GET',RESPONSE_LENGTH_OKHTTP='5191',RESPONSE_LENGTH_HEADER='5191',REQUEST_PROTOCOL='h2',REQUEST_URL='https://b.thumbs.redditmedia.com/Xdo4lcQOwuUNK1yxSlXZ0OI8u23ORAr16_AzfAZ1nvU.jpg',
08-06 04:01:51.938 24798 27657 D OK      : request got status: 200
08-06 04:01:52.000 24798 27664 I NAPPA_EXPERIMENTATION: MetricNetworkRequestExecutionTime: REQUEST_DURATION_SYSTEM='345',REQUEST_DURATION_OKHTTP='342',REQUEST_SYNCHRONOUS='TRUE',RESPONSE_CODE='200',RESPONSE_METHOD='GET',RESPONSE_LENGTH_OKHTTP='5414',RESPONSE_LENGTH_HEADER='5414',REQUEST_PROTOCOL='h2',REQUEST_URL='https://b.thumbs.redditmedia.com/Ja8yiRMklM2lXd8q60LtBI6CqdmJ5YbWHRiBVFmICJA.jpg',
08-06 04:01:52.000 24798 27664 D OK      : request got status: 200
08-06 04:01:52.002 24798 27662 I NAPPA_EXPERIMENTATION: MetricNetworkRequestExecutionTime: REQUEST_DURATION_SYSTEM='351',REQUEST_DURATION_OKHTTP='350',REQUEST_SYNCHRONOUS='TRUE',RESPONSE_CODE='200',RESPONSE_METHOD='GET',RESPONSE_LENGTH_OKHTTP='4475',RESPONSE_LENGTH_HEADER='4475',REQUEST_PROTOCOL='h2',REQUEST_URL='https://b.thumbs.redditmedia.com/qi4bNDKzoPvaSaSx99K2bAjwaRHh1nuOrcbySp1JHdk.jpg',
08-06 04:01:52.002 24798 27662 D OK      : request got status: 200
08-06 04:01:52.014 24798 27659 I NAPPA_EXPERIMENTATION: MetricNetworkRequestExecutionTime: REQUEST_DURATION_SYSTEM='374',REQUEST_DURATION_OKHTTP='373',REQUEST_SYNCHRONOUS='TRUE',RESPONSE_CODE='200',RESPONSE_METHOD='GET',RESPONSE_LENGTH_OKHTTP='5098',RESPONSE_LENGTH_HEADER='5098',REQUEST_PROTOCOL='h2',REQUEST_URL='https://b.thumbs.redditmedia.com/2KMYZ5hTlKXSvNO4hDUPyMba8Yz6skyu1SjUhLq1d9s.jpg',
08-06 04:01:52.014 24798 27659 D OK      : request got status: 200
08-06 04:01:52.021 24798 25031 I art     : Starting a blocking GC Explicit
08-06 04:01:52.039 24798 27665 I NAPPA_EXPERIMENTATION: MetricNetworkRequestExecutionTime: REQUEST_DURATION_SYSTEM='372',REQUEST_DURATION_OKHTTP='371',REQUEST_SYNCHRONOUS='TRUE',RESPONSE_CODE='200',RESPONSE_METHOD='GET',RESPONSE_LENGTH_OKHTTP='4921',RESPONSE_LENGTH_HEADER='4921',REQUEST_PROTOCOL='h2',REQUEST_URL='https://b.thumbs.redditmedia.com/o5lSsJ_tCgCQxcdjMGaYxuveNluXB1PQT4PokXDhpvc.jpg',
08-06 04:01:52.040 24798 27665 D OK      : request got status: 200
08-06 04:01:52.046 24798 27667 I NAPPA_EXPERIMENTATION: MetricNetworkRequestExecutionTime: REQUEST_DURATION_SYSTEM='372',REQUEST_DURATION_OKHTTP='371',REQUEST_SYNCHRONOUS='TRUE',RESPONSE_CODE='200',RESPONSE_METHOD='GET',RESPONSE_LENGTH_OKHTTP='5378',RESPONSE_LENGTH_HEADER='5378',REQUEST_PROTOCOL='h2',REQUEST_URL='https://b.thumbs.redditmedia.com/C9qrVibnNxmzfLDKvEHp2v2Bo-Kqme7PoKC52s2o52M.jpg',
08-06 04:01:52.046 24798 27667 D OK      : request got status: 200
08-06 04:01:52.086 24798 25031 I art     : Explicit concurrent mark sweep GC freed 37582(1893KB) AllocSpace objects, 15(936KB) LOS objects, 30% free, 36MB/52MB, paused 2.369ms total 64.736ms
08-06 04:01:52.106 24798 25031 I art     : Starting a blocking GC Explicit
08-06 04:01:52.142 24798 27672 I NAPPA_EXPERIMENTATION: MetricNetworkRequestExecutionTime: REQUEST_DURATION_SYSTEM='450',REQUEST_DURATION_OKHTTP='449',REQUEST_SYNCHRONOUS='TRUE',RESPONSE_CODE='200',RESPONSE_METHOD='GET',RESPONSE_LENGTH_OKHTTP='4080',RESPONSE_LENGTH_HEADER='4080',REQUEST_PROTOCOL='h2',REQUEST_URL='https://b.thumbs.redditmedia.com/XkIhgqugP-9Zcb5I9A8o0r-zQJDh_6kastc0oWiiHkI.jpg',
08-06 04:01:52.142 24798 27672 D OK      : request got status: 200
08-06 04:01:52.159 24798 27666 I NAPPA_EXPERIMENTATION: MetricNetworkRequestExecutionTime: REQUEST_DURATION_SYSTEM='489',REQUEST_DURATION_OKHTTP='487',REQUEST_SYNCHRONOUS='TRUE',RESPONSE_CODE='200',RESPONSE_METHOD='GET',RESPONSE_LENGTH_OKHTTP='5968',RESPONSE_LENGTH_HEADER='5968',REQUEST_PROTOCOL='h2',REQUEST_URL='https://b.thumbs.redditmedia.com/SiCWTmKkQcbiAa7naxAHnw0adTeRkq1dB8QSqzGU7-Q.jpg',
08-06 04:01:52.159 24798 27666 D OK      : request got status: 200
08-06 04:01:52.166 24798 25031 I art     : Explicit concurrent mark sweep GC freed 4395(306KB) AllocSpace objects, 15(884KB) LOS objects, 30% free, 37MB/53MB, paused 2.393ms total 58.861ms
08-06 04:01:52.172 24798 27673 I NAPPA_EXPERIMENTATION: MetricNetworkRequestExecutionTime: REQUEST_DURATION_SYSTEM='479',REQUEST_DURATION_OKHTTP='478',REQUEST_SYNCHRONOUS='TRUE',RESPONSE_CODE='200',RESPONSE_METHOD='GET',RESPONSE_LENGTH_OKHTTP='3183',RESPONSE_LENGTH_HEADER='3183',REQUEST_PROTOCOL='h2',REQUEST_URL='https://b.thumbs.redditmedia.com/3QPAtixkID9ojpqCAgfspJpruqoq45fM1G-Fx1K2F2A.jpg',
08-06 04:01:52.173 24798 27673 D OK      : request got status: 200
08-06 04:01:52.177 24798 27675 I NAPPA_EXPERIMENTATION: MetricNetworkRequestExecutionTime: REQUEST_DURATION_SYSTEM='472',REQUEST_DURATION_OKHTTP='472',REQUEST_SYNCHRONOUS='TRUE',RESPONSE_CODE='200',RESPONSE_METHOD='GET',RESPONSE_LENGTH_OKHTTP='6654',RESPONSE_LENGTH_HEADER='6654',REQUEST_PROTOCOL='h2',REQUEST_URL='https://b.thumbs.redditmedia.com/orK4W8Xc99pTzIT6q1waTsppldq24p1qMsHtkNnmu9w.jpg',
08-06 04:01:52.178 24798 27675 D OK      : request got status: 200
08-06 04:01:52.185 24798 25031 I art     : Starting a blocking GC Explicit
08-06 04:01:52.193 24798 27677 I NAPPA_EXPERIMENTATION: MetricNetworkRequestExecutionTime: REQUEST_DURATION_SYSTEM='484',REQUEST_DURATION_OKHTTP='484',REQUEST_SYNCHRONOUS='TRUE',RESPONSE_CODE='200',RESPONSE_METHOD='GET',RESPONSE_LENGTH_OKHTTP='3864',RESPONSE_LENGTH_HEADER='3864',REQUEST_PROTOCOL='h2',REQUEST_URL='https://b.thumbs.redditmedia.com/B1vXKY_-gTPbs625-RJ1MLIXxzCqfmnCB_0xnGjCECQ.jpg',
08-06 04:01:52.193 24798 27677 D OK      : request got status: 200
08-06 04:01:52.221 24798 27680 I NAPPA_EXPERIMENTATION: MetricNetworkRequestExecutionTime: REQUEST_DURATION_SYSTEM='494',REQUEST_DURATION_OKHTTP='493',REQUEST_SYNCHRONOUS='TRUE',RESPONSE_CODE='200',RESPONSE_METHOD='GET',RESPONSE_LENGTH_OKHTTP='5125',RESPONSE_LENGTH_HEADER='5125',REQUEST_PROTOCOL='h2',REQUEST_URL='https://b.thumbs.redditmedia.com/OF1KI_LdSDMMWCy-WgJyRhIcM5fr7kDyu_OnpfRXHfI.jpg',
08-06 04:01:52.222 24798 27680 D OK      : request got status: 200
08-06 04:01:52.241 24798 25031 I art     : Explicit concurrent mark sweep GC freed 4989(299KB) AllocSpace objects, 5(600KB) LOS objects, 30% free, 37MB/53MB, paused 2.133ms total 55.019ms
08-06 04:01:52.262 24798 25031 I art     : Starting a blocking GC Explicit
08-06 04:01:52.272 24798 27683 I NAPPA_EXPERIMENTATION: MetricNetworkRequestExecutionTime: REQUEST_DURATION_SYSTEM='538',REQUEST_DURATION_OKHTTP='537',REQUEST_SYNCHRONOUS='TRUE',RESPONSE_CODE='200',RESPONSE_METHOD='GET',RESPONSE_LENGTH_OKHTTP='5329',RESPONSE_LENGTH_HEADER='5329',REQUEST_PROTOCOL='h2',REQUEST_URL='https://b.thumbs.redditmedia.com/PtV7mFsO2n0j4YJweZjEqyVJ45hap4hXix9dwj6D0Wg.jpg',
08-06 04:01:52.272 24798 27683 D OK      : request got status: 200
08-06 04:01:52.282 24798 27685 I NAPPA_EXPERIMENTATION: MetricNetworkRequestExecutionTime: REQUEST_DURATION_SYSTEM='545',REQUEST_DURATION_OKHTTP='544',REQUEST_SYNCHRONOUS='TRUE',RESPONSE_CODE='200',RESPONSE_METHOD='GET',RESPONSE_LENGTH_OKHTTP='6316',RESPONSE_LENGTH_HEADER='6316',REQUEST_PROTOCOL='h2',REQUEST_URL='https://b.thumbs.redditmedia.com/wxTBcOhAgsmbc-TRaGNHpYJYnEOBr2LNsaZ6pCM91Lc.jpg',
08-06 04:01:52.282 24798 27685 D OK      : request got status: 200
08-06 04:01:52.313 24798 25031 I art     : Explicit concurrent mark sweep GC freed 7104(422KB) AllocSpace objects, 17(1208KB) LOS objects, 29% free, 38MB/54MB, paused 1.903ms total 50.851ms
08-06 04:01:52.317 24798 27682 I NAPPA_EXPERIMENTATION: MetricNetworkRequestExecutionTime: REQUEST_DURATION_SYSTEM='586',REQUEST_DURATION_OKHTTP='585',REQUEST_SYNCHRONOUS='TRUE',RESPONSE_CODE='200',RESPONSE_METHOD='GET',RESPONSE_LENGTH_OKHTTP='6723',RESPONSE_LENGTH_HEADER='6723',REQUEST_PROTOCOL='h2',REQUEST_URL='https://b.thumbs.redditmedia.com/vuAhA4gGAmYfrTFA4woxZcKgmiDzJ3nAsql2pxcYGFs.jpg',
08-06 04:01:52.317 24798 27682 D OK      : request got status: 200
08-06 04:01:52.331 24798 25031 I art     : Starting a blocking GC Explicit
08-06 04:01:52.382 24798 25031 I art     : Explicit concurrent mark sweep GC freed 1392(195KB) AllocSpace objects, 18(1324KB) LOS objects, 29% free, 38MB/54MB, paused 1.772ms total 51.271ms
08-06 04:01:52.384 24798 27689 I NAPPA_EXPERIMENTATION: MetricNetworkRequestExecutionTime: REQUEST_DURATION_SYSTEM='620',REQUEST_DURATION_OKHTTP='620',REQUEST_SYNCHRONOUS='TRUE',RESPONSE_CODE='200',RESPONSE_METHOD='GET',RESPONSE_LENGTH_OKHTTP='5198',RESPONSE_LENGTH_HEADER='5198',REQUEST_PROTOCOL='h2',REQUEST_URL='https://b.thumbs.redditmedia.com/KrRufqpifph7KM2Le5RdqEYQb24zbB4fizBJpFaH1Pc.jpg',
08-06 04:01:52.384 24798 27689 D OK      : request got status: 200
08-06 04:01:52.385 24798 27690 I NAPPA_EXPERIMENTATION: MetricNetworkRequestExecutionTime: REQUEST_DURATION_SYSTEM='619',REQUEST_DURATION_OKHTTP='618',REQUEST_SYNCHRONOUS='TRUE',RESPONSE_CODE='200',RESPONSE_METHOD='GET',RESPONSE_LENGTH_OKHTTP='5579',RESPONSE_LENGTH_HEADER='5579',REQUEST_PROTOCOL='h2',REQUEST_URL='https://b.thumbs.redditmedia.com/u2qz17QE3X5G7kkJrgK3HPCdxNQxNkhaWqfIhCuRMvE.jpg',
08-06 04:01:52.385 24798 27690 D OK      : request got status: 200
08-06 04:01:52.388 24798 27688 I NAPPA_EXPERIMENTATION: MetricNetworkRequestExecutionTime: REQUEST_DURATION_SYSTEM='627',REQUEST_DURATION_OKHTTP='626',REQUEST_SYNCHRONOUS='TRUE',RESPONSE_CODE='200',RESPONSE_METHOD='GET',RESPONSE_LENGTH_OKHTTP='5648',RESPONSE_LENGTH_HEADER='5648',REQUEST_PROTOCOL='h2',REQUEST_URL='https://b.thumbs.redditmedia.com/NoqMycYTzsyhI0Lq351riEI1mO9p8PvY1QwcZ9Irb9g.jpg',
08-06 04:01:52.389 24798 27688 D OK      : request got status: 200
08-06 04:01:52.390 24798 27686 I NAPPA_EXPERIMENTATION: MetricNetworkRequestExecutionTime: REQUEST_DURATION_SYSTEM='650',REQUEST_DURATION_OKHTTP='649',REQUEST_SYNCHRONOUS='TRUE',RESPONSE_CODE='200',RESPONSE_METHOD='GET',RESPONSE_LENGTH_OKHTTP='7815',RESPONSE_LENGTH_HEADER='7815',REQUEST_PROTOCOL='h2',REQUEST_URL='https://b.thumbs.redditmedia.com/Wo7bFIVNZYYuNioRYwZFYxrl6QMk0lT-3W01wrXgHmE.jpg',
08-06 04:01:52.391 24798 27686 D OK      : request got status: 200
08-06 04:01:52.479 24798 27661 I NAPPA_EXPERIMENTATION: MetricNetworkRequestExecutionTime: REQUEST_DURATION_SYSTEM='834',REQUEST_DURATION_OKHTTP='313',REQUEST_SYNCHRONOUS='TRUE',RESPONSE_CODE='200',RESPONSE_METHOD='GET',RESPONSE_LENGTH_OKHTTP='2071',RESPONSE_LENGTH_HEADER='2071',REQUEST_PROTOCOL='h2',REQUEST_URL='https://v.redd.it/pbqrrfb3tkd51/DASHPlaylist.mpd',
08-06 04:01:52.479 24798 27661 D OK      : request got status: 200
08-06 04:01:52.544 24798 27661 I RedditVideosAPI: For 'https://v.redd.it/pbqrrfb3tkd51/DASHPlaylist.mpd', got video stream 'https://v.redd.it/pbqrrfb3tkd51/DASH_480' and audio stream 'null'
08-06 04:01:52.572 24798 27663 I NAPPA_EXPERIMENTATION: MetricNetworkRequestExecutionTime: REQUEST_DURATION_SYSTEM='917',REQUEST_DURATION_OKHTTP='338',REQUEST_SYNCHRONOUS='TRUE',RESPONSE_CODE='200',RESPONSE_METHOD='GET',RESPONSE_LENGTH_OKHTTP='3060',RESPONSE_LENGTH_HEADER='3060',REQUEST_PROTOCOL='h2',REQUEST_URL='https://v.redd.it/rrygsb8i4ld51/DASHPlaylist.mpd',
08-06 04:01:52.572 24798 27663 D OK      : request got status: 200
08-06 04:01:52.594 24798 27658 I NAPPA_EXPERIMENTATION: MetricNetworkRequestExecutionTime: REQUEST_DURATION_SYSTEM='957',REQUEST_DURATION_OKHTTP='411',REQUEST_SYNCHRONOUS='TRUE',RESPONSE_CODE='200',RESPONSE_METHOD='GET',RESPONSE_LENGTH_OKHTTP='2696',RESPONSE_LENGTH_HEADER='2696',REQUEST_PROTOCOL='h2',REQUEST_URL='https://v.redd.it/syww111dtjd51/DASHPlaylist.mpd',
08-06 04:01:52.594 24798 27658 D OK      : request got status: 200
08-06 04:01:52.612 24798 27663 I RedditVideosAPI: For 'https://v.redd.it/rrygsb8i4ld51/DASHPlaylist.mpd', got video stream 'https://v.redd.it/rrygsb8i4ld51/DASH_480' and audio stream 'https://v.redd.it/rrygsb8i4ld51/audio'
08-06 04:01:52.615 24798 27668 I NAPPA_EXPERIMENTATION: MetricNetworkRequestExecutionTime: REQUEST_DURATION_SYSTEM='938',REQUEST_DURATION_OKHTTP='355',REQUEST_SYNCHRONOUS='TRUE',RESPONSE_CODE='200',RESPONSE_METHOD='GET',RESPONSE_LENGTH_OKHTTP='7540',RESPONSE_LENGTH_HEADER='7540',REQUEST_PROTOCOL='h2',REQUEST_URL='https://a.thumbs.redditmedia.com/Tfsm0ol-ltlxNSBAkZ_4G4302d0hYeOSODkvXidBBR8.jpg',
08-06 04:01:52.616 24798 27668 D OK      : request got status: 200
08-06 04:01:52.633 24798 27658 I RedditVideosAPI: For 'https://v.redd.it/syww111dtjd51/DASHPlaylist.mpd', got video stream 'https://v.redd.it/syww111dtjd51/DASH_480' and audio stream 'https://v.redd.it/syww111dtjd51/audio'
08-06 04:01:52.635 24798 27669 I NAPPA_EXPERIMENTATION: MetricNetworkRequestExecutionTime: REQUEST_DURATION_SYSTEM='956',REQUEST_DURATION_OKHTTP='369',REQUEST_SYNCHRONOUS='TRUE',RESPONSE_CODE='200',RESPONSE_METHOD='GET',RESPONSE_LENGTH_OKHTTP='3635',RESPONSE_LENGTH_HEADER='3635',REQUEST_PROTOCOL='h2',REQUEST_URL='https://a.thumbs.redditmedia.com/Kzag-wH9wKRRg2MnPwgoFgXT_2jN_nkJ1lY1aNRQyT4.jpg',
08-06 04:01:52.635 24798 27669 D OK      : request got status: 200
08-06 04:01:52.708 24798 27670 I NAPPA_EXPERIMENTATION: MetricNetworkRequestExecutionTime: REQUEST_DURATION_SYSTEM='1024',REQUEST_DURATION_OKHTTP='416',REQUEST_SYNCHRONOUS='TRUE',RESPONSE_CODE='200',RESPONSE_METHOD='GET',RESPONSE_LENGTH_OKHTTP='5641',RESPONSE_LENGTH_HEADER='5641',REQUEST_PROTOCOL='h2',REQUEST_URL='https://a.thumbs.redditmedia.com/P4gSGpXpi2wDXthNZ-LiwEs5Jvplm6dQ7W7Isqa7un4.jpg',
08-06 04:01:52.708 24798 27670 D OK      : request got status: 200
08-06 04:01:52.721 24798 24811 I art     : Starting a blocking GC Explicit
08-06 04:01:52.737 24798 27660 I NAPPA_EXPERIMENTATION: MetricNetworkRequestExecutionTime: REQUEST_DURATION_SYSTEM='1084',REQUEST_DURATION_OKHTTP='322',REQUEST_SYNCHRONOUS='TRUE',RESPONSE_CODE='200',RESPONSE_METHOD='GET',RESPONSE_LENGTH_OKHTTP='5307',RESPONSE_LENGTH_HEADER='5307',REQUEST_PROTOCOL='h2',REQUEST_URL='https://a.thumbs.redditmedia.com/EFVm-ZqqhARyEaKgtwU74c7tfzEDJvI0uiHXGglFag4.jpg',
08-06 04:01:52.737 24798 27660 D OK      : request got status: 200
08-06 04:01:52.740 24798 27671 I NAPPA_EXPERIMENTATION: MetricNetworkRequestExecutionTime: REQUEST_DURATION_SYSTEM='1049',REQUEST_DURATION_OKHTTP='320',REQUEST_SYNCHRONOUS='TRUE',RESPONSE_CODE='200',RESPONSE_METHOD='GET',RESPONSE_LENGTH_OKHTTP='2789',RESPONSE_LENGTH_HEADER='2789',REQUEST_PROTOCOL='h2',REQUEST_URL='https://v.redd.it/5x6zzipz8ld51/DASHPlaylist.mpd',
08-06 04:01:52.740 24798 27671 D OK      : request got status: 200
08-06 04:01:52.766 24798 27674 I NAPPA_EXPERIMENTATION: MetricNetworkRequestExecutionTime: REQUEST_DURATION_SYSTEM='1070',REQUEST_DURATION_OKHTTP='340',REQUEST_SYNCHRONOUS='TRUE',RESPONSE_CODE='200',RESPONSE_METHOD='GET',RESPONSE_LENGTH_OKHTTP='2700',RESPONSE_LENGTH_HEADER='2700',REQUEST_PROTOCOL='h2',REQUEST_URL='https://v.redd.it/75en73fm5id51/DASHPlaylist.mpd',
08-06 04:01:52.766 24798 27674 D OK      : request got status: 200
08-06 04:01:52.784 24798 24811 I art     : Explicit concurrent mark sweep GC freed 29126(2025KB) AllocSpace objects, 74(4MB) LOS objects, 28% free, 40MB/56MB, paused 1.251ms total 62.181ms
08-06 04:01:52.788 24798 27671 I RedditVideosAPI: For 'https://v.redd.it/5x6zzipz8ld51/DASHPlaylist.mpd', got video stream 'https://v.redd.it/5x6zzipz8ld51/DASH_480' and audio stream 'null'
08-06 04:01:52.798 24798 27684 I NAPPA_EXPERIMENTATION: MetricNetworkRequestExecutionTime: REQUEST_DURATION_SYSTEM='1063',REQUEST_DURATION_OKHTTP='297',REQUEST_SYNCHRONOUS='TRUE',RESPONSE_CODE='200',RESPONSE_METHOD='GET',RESPONSE_LENGTH_OKHTTP='2071',RESPONSE_LENGTH_HEADER='2071',REQUEST_PROTOCOL='h2',REQUEST_URL='https://v.redd.it/jk6cwef4wld51/DASHPlaylist.mpd',
08-06 04:01:52.798 24798 27684 D OK      : request got status: 200
08-06 04:01:52.803 24798 24811 I art     : Starting a blocking GC Explicit
08-06 04:01:52.817 24798 27678 I NAPPA_EXPERIMENTATION: MetricNetworkRequestExecutionTime: REQUEST_DURATION_SYSTEM='1096',REQUEST_DURATION_OKHTTP='321',REQUEST_SYNCHRONOUS='TRUE',RESPONSE_CODE='200',RESPONSE_METHOD='GET',RESPONSE_LENGTH_OKHTTP='4470',RESPONSE_LENGTH_HEADER='4470',REQUEST_PROTOCOL='h2',REQUEST_URL='https://a.thumbs.redditmedia.com/ffAKmOqnTuDMNR9MRfCdRtkq_CzN3MVhZxS64ZPYRh4.jpg',
08-06 04:01:52.817 24798 27678 D OK      : request got status: 200
08-06 04:01:52.818 24798 27674 I RedditVideosAPI: For 'https://v.redd.it/75en73fm5id51/DASHPlaylist.mpd', got video stream 'https://v.redd.it/75en73fm5id51/DASH_480' and audio stream 'https://v.redd.it/75en73fm5id51/audio'
08-06 04:01:52.826 24798 27681 I NAPPA_EXPERIMENTATION: MetricNetworkRequestExecutionTime: REQUEST_DURATION_SYSTEM='1096',REQUEST_DURATION_OKHTTP='220',REQUEST_SYNCHRONOUS='TRUE',RESPONSE_CODE='200',RESPONSE_METHOD='GET',RESPONSE_LENGTH_OKHTTP='2427',RESPONSE_LENGTH_HEADER='2427',REQUEST_PROTOCOL='h2',REQUEST_URL='https://v.redd.it/psrknoobrgd51/DASHPlaylist.mpd',
08-06 04:01:52.826 24798 27681 D OK      : request got status: 200
08-06 04:01:52.851 24798 27684 I RedditVideosAPI: For 'https://v.redd.it/jk6cwef4wld51/DASHPlaylist.mpd', got video stream 'https://v.redd.it/jk6cwef4wld51/DASH_480' and audio stream 'null'
08-06 04:01:52.854 24798 24811 I art     : Explicit concurrent mark sweep GC freed 2679(234KB) AllocSpace objects, 8(544KB) LOS objects, 28% free, 40MB/56MB, paused 1.006ms total 50.467ms
08-06 04:01:52.873 24798 24811 I art     : Starting a blocking GC Explicit
08-06 04:01:52.887 24798 27681 I RedditVideosAPI: For 'https://v.redd.it/psrknoobrgd51/DASHPlaylist.mpd', got video stream 'https://v.redd.it/psrknoobrgd51/DASH_480' and audio stream 'null'
08-06 04:01:52.899 24798 27691 I NAPPA_EXPERIMENTATION: MetricNetworkRequestExecutionTime: REQUEST_DURATION_SYSTEM='1131',REQUEST_DURATION_OKHTTP='277',REQUEST_SYNCHRONOUS='TRUE',RESPONSE_CODE='200',RESPONSE_METHOD='GET',RESPONSE_LENGTH_OKHTTP='2071',RESPONSE_LENGTH_HEADER='2071',REQUEST_PROTOCOL='h2',REQUEST_URL='https://v.redd.it/xd6c4yyutgd51/DASHPlaylist.mpd',
08-06 04:01:52.899 24798 27691 D OK      : request got status: 200
08-06 04:01:52.912 24798 27676 I NAPPA_EXPERIMENTATION: MetricNetworkRequestExecutionTime: REQUEST_DURATION_SYSTEM='1205',REQUEST_DURATION_OKHTTP='379',REQUEST_SYNCHRONOUS='TRUE',RESPONSE_CODE='200',RESPONSE_METHOD='GET',RESPONSE_LENGTH_OKHTTP='-1',RESPONSE_LENGTH_HEADER='377',REQUEST_PROTOCOL='h2',REQUEST_URL='https://api.imgur.com/3/image/nLQR2hT',
08-06 04:01:52.912 24798 27676 D OK      : request got status: 200
08-06 04:01:52.923 24798 27679 I NAPPA_EXPERIMENTATION: MetricNetworkRequestExecutionTime: REQUEST_DURATION_SYSTEM='1199',REQUEST_DURATION_OKHTTP='309',REQUEST_SYNCHRONOUS='TRUE',RESPONSE_CODE='200',RESPONSE_METHOD='GET',RESPONSE_LENGTH_OKHTTP='1713',RESPONSE_LENGTH_HEADER='1713',REQUEST_PROTOCOL='h2',REQUEST_URL='https://v.redd.it/ggz4fyth6hd51/DASHPlaylist.mpd',
08-06 04:01:52.923 24798 24811 I art     : Explicit concurrent mark sweep GC freed 1154(161KB) AllocSpace objects, 9(528KB) LOS objects, 28% free, 40MB/56MB, paused 852us total 50.455ms
08-06 04:01:52.923 24798 27679 D OK      : request got status: 200
08-06 04:01:52.928 24798 27692 I NAPPA_EXPERIMENTATION: MetricNetworkRequestExecutionTime: REQUEST_DURATION_SYSTEM='1158',REQUEST_DURATION_OKHTTP='311',REQUEST_SYNCHRONOUS='TRUE',RESPONSE_CODE='200',RESPONSE_METHOD='GET',RESPONSE_LENGTH_OKHTTP='2344',RESPONSE_LENGTH_HEADER='2344',REQUEST_PROTOCOL='h2',REQUEST_URL='https://v.redd.it/ue0jdgk9zhd51/DASHPlaylist.mpd',
08-06 04:01:52.928 24798 27692 D OK      : request got status: 200
08-06 04:01:52.940 24798 27691 I RedditVideosAPI: For 'https://v.redd.it/xd6c4yyutgd51/DASHPlaylist.mpd', got video stream 'https://v.redd.it/xd6c4yyutgd51/DASH_480' and audio stream 'null'
08-06 04:01:52.940 24798 27687 I NAPPA_EXPERIMENTATION: MetricNetworkRequestExecutionTime: REQUEST_DURATION_SYSTEM='1187',REQUEST_DURATION_OKHTTP='315',REQUEST_SYNCHRONOUS='TRUE',RESPONSE_CODE='200',RESPONSE_METHOD='GET',RESPONSE_LENGTH_OKHTTP='3058',RESPONSE_LENGTH_HEADER='3058',REQUEST_PROTOCOL='h2',REQUEST_URL='https://v.redd.it/t81s8zfz9ld51/DASHPlaylist.mpd',
08-06 04:01:52.940 24798 27687 D OK      : request got status: 200
08-06 04:01:52.946 24798 24811 I art     : Starting a blocking GC Explicit
08-06 04:01:52.974 24798 27679 I RedditVideosAPI: For 'https://v.redd.it/ggz4fyth6hd51/DASHPlaylist.mpd', got video stream 'https://v.redd.it/ggz4fyth6hd51/DASH_360' and audio stream 'null'
08-06 04:01:52.991 24798 27692 I RedditVideosAPI: For 'https://v.redd.it/ue0jdgk9zhd51/DASHPlaylist.mpd', got video stream 'https://v.redd.it/ue0jdgk9zhd51/DASH_360' and audio stream 'https://v.redd.it/ue0jdgk9zhd51/audio'
08-06 04:01:52.994 24798 24811 I art     : Explicit concurrent mark sweep GC freed 1718(244KB) AllocSpace objects, 9(612KB) LOS objects, 28% free, 40MB/56MB, paused 575us total 47.712ms
08-06 04:01:52.997 24798 27687 I RedditVideosAPI: For 'https://v.redd.it/t81s8zfz9ld51/DASHPlaylist.mpd', got video stream 'https://v.redd.it/t81s8zfz9ld51/DASH_480' and audio stream 'https://v.redd.it/t81s8zfz9ld51/audio'
08-06 04:01:53.012 24798 24811 I art     : Starting a blocking GC Explicit
08-06 04:01:53.062 24798 24811 I art     : Explicit concurrent mark sweep GC freed 1526(179KB) AllocSpace objects, 5(340KB) LOS objects, 28% free, 39MB/55MB, paused 554us total 50.227ms
08-06 04:01:53.445 24798 24809 I art     : Starting a blocking GC Explicit
08-06 04:01:53.517 24798 24809 I art     : Explicit concurrent mark sweep GC freed 1530(89KB) AllocSpace objects, 1(20KB) LOS objects, 28% free, 39MB/55MB, paused 667us total 71.989ms
08-06 04:01:53.541 24798 24809 I art     : Starting a blocking GC Explicit
08-06 04:01:53.592 24798 24809 I art     : Explicit concurrent mark sweep GC freed 20(704B) AllocSpace objects, 0(0B) LOS objects, 28% free, 39MB/55MB, paused 493us total 50.592ms
08-06 04:01:53.610 24798 24809 I art     : Starting a blocking GC Explicit
08-06 04:01:53.659 24798 24809 I art     : Explicit concurrent mark sweep GC freed 3(96B) AllocSpace objects, 0(0B) LOS objects, 28% free, 39MB/55MB, paused 549us total 48.363ms
08-06 04:01:53.677 24798 24809 I art     : Starting a blocking GC Explicit
08-06 04:01:53.730 24798 24809 I art     : Explicit concurrent mark sweep GC freed 3(96B) AllocSpace objects, 0(0B) LOS objects, 28% free, 39MB/55MB, paused 595us total 52.142ms
08-06 04:01:53.749 24798 24809 I art     : Starting a blocking GC Explicit
08-06 04:01:53.804 24798 24809 I art     : Explicit concurrent mark sweep GC freed 3(96B) AllocSpace objects, 0(0B) LOS objects, 28% free, 39MB/55MB, paused 587us total 54.607ms
08-06 04:01:54.102 27744 27744 D AndroidRuntime: >>>>>> START com.android.internal.os.RuntimeInit uid 2000 <<<<<<
08-06 04:01:54.108 27744 27744 D AndroidRuntime: CheckJNI is OFF
08-06 04:01:54.154 27744 27744 D ICU     : No timezone override file found: /data/misc/zoneinfo/current/icu/icu_tzdata.dat
08-06 04:01:54.187 24798 24827 I art     : Starting a blocking GC Explicit
08-06 04:01:54.198 27744 27744 I Radio-JNI: register_android_hardware_Radio DONE
08-06 04:01:54.228 27744 27744 D AndroidRuntime: Calling main entry com.android.commands.input.Input
08-06 04:01:54.231 27744 27744 I Input   : injectMotionEvent: MotionEvent { action=ACTION_DOWN, actionButton=0, id[0]=0, x[0]=1340.0, y[0]=1100.0, toolType[0]=TOOL_TYPE_UNKNOWN, buttonState=0, metaState=0, flags=0x0, edgeFlags=0x0, pointerCount=1, historySize=0, eventTime=849730643, downTime=849730643, deviceId=0, source=0x1002 }
08-06 04:01:54.237 27744 27744 I Input   : injectMotionEvent: MotionEvent { action=ACTION_UP, actionButton=0, id[0]=0, x[0]=1340.0, y[0]=1100.0, toolType[0]=TOOL_TYPE_UNKNOWN, buttonState=0, metaState=0, flags=0x0, edgeFlags=0x0, pointerCount=1, historySize=0, eventTime=849730643, downTime=849730643, deviceId=0, source=0x1002 }
08-06 04:01:54.240 24798 24827 I art     : Explicit concurrent mark sweep GC freed 1362(83KB) AllocSpace objects, 1(20KB) LOS objects, 28% free, 39MB/55MB, paused 923us total 52.975ms
08-06 04:01:54.240 27744 27744 D AndroidRuntime: Shutting down VM
08-06 04:01:54.252   512  2967 D audio_hw_primary: out_set_parameters: enter: usecase(1: low-latency-playback) kvpairs: routing=2
08-06 04:01:54.253   918  4413 I ActivityManager: START u0 {dat=https://oauth.reddit.com/... cmp=baseline.org.quantumbadger.redreader/.activities.CommentListingActivity} from uid 10705 on display 0
08-06 04:01:54.259 24798 24827 I art     : Starting a blocking GC Explicit
08-06 04:01:54.265   512  2967 D audio_hw_primary: select_devices: out_snd_device(2: speaker) in_snd_device(0: none)
08-06 04:01:54.265   512  2967 D msm8974_platform: platform_send_audio_calibration: sending audio calibration for snd_device(2) acdb_id(15)
08-06 04:01:54.265   512  2967 I soundtrigger: audio_extn_sound_trigger_update_device_status: device 0x2 of type 0 for Event 1
08-06 04:01:54.276 24798 24798 I AppCompatViewInflater: app:theme is now deprecated. Please move to using android:theme instead.
08-06 04:01:54.277   512  2967 D audio_hw_primary: enable_snd_device: snd_device(2: speaker)
08-06 04:01:54.280   512  2967 D audio_hw_primary: enable_audio_route: apply and update mixer path: low-latency-playback speaker
08-06 04:01:54.296 24798 27769 D OK      : calling: https://oauth.reddit.com/comments/hzejrd/.json?sort=confidence
08-06 04:01:54.311 24798 24827 I art     : Explicit concurrent mark sweep GC freed 2000(107KB) AllocSpace objects, 0(0B) LOS objects, 28% free, 39MB/55MB, paused 1.256ms total 51.502ms
08-06 04:01:54.329 24798 24827 I art     : Starting a blocking GC Explicit
08-06 04:01:54.375 24798 24827 I art     : Explicit concurrent mark sweep GC freed 7670(835KB) AllocSpace objects, 17(2MB) LOS objects, 30% free, 37MB/53MB, paused 1.124ms total 45.595ms
08-06 04:01:54.375 24798 24808 I art     : WaitForGcToComplete blocked for 45.872ms for cause HeapTrim
08-06 04:01:54.391   918   936 I ActivityManager: Displayed baseline.org.quantumbadger.redreader/.activities.CommentListingActivity: +128ms
08-06 04:01:54.391 13866 13866 I GoogleInputMethodServic: GoogleInputMethodService.onFinishInput():3138 
08-06 04:01:54.391 13866 13866 I GoogleInputMethodServic: GoogleInputMethodService.onStartInput():1808 
08-06 04:01:54.393 24798 24827 I art     : Starting a blocking GC Explicit
08-06 04:01:54.440 24798 24827 I art     : Explicit concurrent mark sweep GC freed 2153(88KB) AllocSpace objects, 0(0B) LOS objects, 30% free, 37MB/53MB, paused 690us total 46.735ms
08-06 04:01:54.459 24798 24827 I art     : Starting a blocking GC Explicit
08-06 04:01:54.502 24798 24827 I art     : Explicit concurrent mark sweep GC freed 126(5KB) AllocSpace objects, 0(0B) LOS objects, 30% free, 37MB/53MB, paused 586us total 43.022ms
08-06 04:01:54.588 24798 27769 I NAPPA_EXPERIMENTATION: MetricNetworkRequestExecutionTime: REQUEST_DURATION_SYSTEM='292',REQUEST_DURATION_OKHTTP='153',REQUEST_SYNCHRONOUS='TRUE',RESPONSE_CODE='200',RESPONSE_METHOD='GET',RESPONSE_LENGTH_OKHTTP='-1',RESPONSE_LENGTH_HEADER='45890',REQUEST_PROTOCOL='h2',REQUEST_URL='https://oauth.reddit.com/comments/hzejrd/.json?sort=confidence',
08-06 04:01:54.588 24798 27769 D OK      : request got status: 200
08-06 04:01:54.597 24798 25375 I CommentListingActivity: COMMENTS session changed to cf1e9f3e-a368-4b6c-81f8-030db3b6dfbc
08-06 04:01:54.644   380   380 W SurfaceFlinger: couldn't log to binary event log: overflow.
08-06 04:01:54.802 24798 25031 I art     : Starting a blocking GC Explicit
08-06 04:01:54.830   512  2967 D audio_hw_primary: disable_audio_route: reset and update mixer path: low-latency-playback speaker
08-06 04:01:54.832   512  2967 D audio_hw_primary: disable_snd_device: snd_device(2: speaker)
08-06 04:01:54.840   512  2967 I soundtrigger: audio_extn_sound_trigger_update_device_status: device 0x2 of type 0 for Event 0
08-06 04:01:54.863 24798 25031 I art     : Explicit concurrent mark sweep GC freed 29509(1682KB) AllocSpace objects, 2(88KB) LOS objects, 28% free, 39MB/55MB, paused 560us total 60.176ms
08-06 04:01:54.882 24798 25031 I art     : Starting a blocking GC Explicit
08-06 04:01:54.935 24798 25031 I art     : Explicit concurrent mark sweep GC freed 13038(572KB) AllocSpace objects, 1(68KB) LOS objects, 29% free, 39MB/55MB, paused 632us total 52.891ms
08-06 04:01:54.953 24798 25031 I art     : Starting a blocking GC Explicit
08-06 04:01:55.004 24798 25031 I art     : Explicit concurrent mark sweep GC freed 116(4KB) AllocSpace objects, 0(0B) LOS objects, 29% free, 39MB/55MB, paused 465us total 50.752ms
08-06 04:01:55.024 24798 25031 I art     : Starting a blocking GC Explicit
08-06 04:01:55.077 24798 25031 I art     : Explicit concurrent mark sweep GC freed 3(96B) AllocSpace objects, 0(0B) LOS objects, 29% free, 39MB/55MB, paused 509us total 52.727ms
08-06 04:01:55.096 24798 25031 I art     : Starting a blocking GC Explicit
08-06 04:01:55.149 24798 25031 I art     : Explicit concurrent mark sweep GC freed 803(39KB) AllocSpace objects, 0(0B) LOS objects, 29% free, 39MB/55MB, paused 458us total 52.913ms
08-06 04:01:55.491 24798 24827 I art     : Starting a blocking GC Explicit
08-06 04:01:55.556 24798 24827 I art     : Explicit concurrent mark sweep GC freed 1423(85KB) AllocSpace objects, 1(20KB) LOS objects, 29% free, 39MB/55MB, paused 550us total 64.625ms
08-06 04:01:55.579 24798 24827 I art     : Starting a blocking GC Explicit
08-06 04:01:55.641 24798 24827 I art     : Explicit concurrent mark sweep GC freed 66(2528B) AllocSpace objects, 0(0B) LOS objects, 29% free, 39MB/55MB, paused 540us total 62.379ms
08-06 04:01:55.662 24798 24827 I art     : Starting a blocking GC Explicit
08-06 04:01:55.724 24798 24827 I art     : Explicit concurrent mark sweep GC freed 3(96B) AllocSpace objects, 0(0B) LOS objects, 29% free, 39MB/55MB, paused 548us total 61.802ms
08-06 04:01:55.745 24798 24827 I art     : Starting a blocking GC Explicit
08-06 04:01:55.810 24798 24827 I art     : Explicit concurrent mark sweep GC freed 3(96B) AllocSpace objects, 0(0B) LOS objects, 29% free, 39MB/55MB, paused 576us total 64.618ms
08-06 04:01:55.836   518   646 I ThermalEngine: ACTION: GPU - Setting GPU[0] to 390000000
08-06 04:01:55.838 24798 24827 I art     : Starting a blocking GC Explicit
08-06 04:01:55.916 24798 24827 I art     : Explicit concurrent mark sweep GC freed 3(96B) AllocSpace objects, 0(0B) LOS objects, 29% free, 39MB/55MB, paused 888us total 78.118ms
08-06 04:01:56.322 24798 24811 I art     : Starting a blocking GC Explicit
08-06 04:01:56.424 24798 24811 I art     : Explicit concurrent mark sweep GC freed 1356(82KB) AllocSpace objects, 1(20KB) LOS objects, 29% free, 39MB/55MB, paused 958us total 99.994ms
08-06 04:01:56.428   918  1210 D NetlinkSocketObserver: NeighborEvent{elapsedMs=1833120302, 192.168.2.254, [7C3953A63323], RTM_NEWNEIGH, NUD_PROBE}
08-06 04:01:56.458 24798 24811 I art     : Starting a blocking GC Explicit
08-06 04:01:56.534 24798 24811 I art     : Explicit concurrent mark sweep GC freed 20(704B) AllocSpace objects, 0(0B) LOS objects, 29% free, 39MB/55MB, paused 773us total 75.592ms
08-06 04:01:56.564 24798 24811 I art     : Starting a blocking GC Explicit
08-06 04:01:56.647 24798 24811 I art     : Explicit concurrent mark sweep GC freed 3(96B) AllocSpace objects, 0(0B) LOS objects, 29% free, 39MB/55MB, paused 776us total 83.197ms
08-06 04:01:56.676 24798 24811 I art     : Starting a blocking GC Explicit
08-06 04:01:56.759 24798 24811 I art     : Explicit concurrent mark sweep GC freed 3(96B) AllocSpace objects, 0(0B) LOS objects, 29% free, 39MB/55MB, paused 996us total 82.446ms
08-06 04:01:56.792 24798 24811 I art     : Starting a blocking GC Explicit
08-06 04:01:56.869 24798 24811 I art     : Explicit concurrent mark sweep GC freed 3(96B) AllocSpace objects, 0(0B) LOS objects, 29% free, 39MB/55MB, paused 895us total 77.313ms
08-06 04:01:57.267 24798 25031 I art     : Starting a blocking GC Explicit
08-06 04:01:57.362 24798 25031 I art     : Explicit concurrent mark sweep GC freed 1354(82KB) AllocSpace objects, 1(20KB) LOS objects, 29% free, 39MB/55MB, paused 966us total 94.179ms
08-06 04:01:57.398 24798 25031 I art     : Starting a blocking GC Explicit
08-06 04:01:57.481 24798 25031 I art     : Explicit concurrent mark sweep GC freed 20(704B) AllocSpace objects, 0(0B) LOS objects, 29% free, 39MB/55MB, paused 952us total 82.659ms
08-06 04:01:57.514 24798 25031 I art     : Starting a blocking GC Explicit
08-06 04:01:57.591 24798 25031 I art     : Explicit concurrent mark sweep GC freed 3(96B) AllocSpace objects, 0(0B) LOS objects, 29% free, 39MB/55MB, paused 827us total 76.542ms
08-06 04:01:57.624 24798 25031 I art     : Starting a blocking GC Explicit
08-06 04:01:57.708 24798 25031 I art     : Explicit concurrent mark sweep GC freed 3(96B) AllocSpace objects, 0(0B) LOS objects, 29% free, 39MB/55MB, paused 1.155ms total 83.219ms
08-06 04:01:57.741 24798 25031 I art     : Starting a blocking GC Explicit
08-06 04:01:57.818 24798 25031 I art     : Explicit concurrent mark sweep GC freed 3(96B) AllocSpace objects, 0(0B) LOS objects, 29% free, 39MB/55MB, paused 921us total 76.432ms
08-06 04:01:57.839   518   646 I ThermalEngine: ACTION: GPU - Setting GPU[0] to 450000000
08-06 04:01:58.201 24798 24809 I art     : Starting a blocking GC Explicit
08-06 04:01:58.284 24798 24809 I art     : Explicit concurrent mark sweep GC freed 1354(82KB) AllocSpace objects, 1(20KB) LOS objects, 29% free, 39MB/55MB, paused 632us total 81.619ms
08-06 04:01:58.309 24798 24809 I art     : Starting a blocking GC Explicit
08-06 04:01:58.380 24798 24809 I art     : Explicit concurrent mark sweep GC freed 20(704B) AllocSpace objects, 0(0B) LOS objects, 29% free, 39MB/55MB, paused 615us total 71.170ms
08-06 04:01:58.403 24798 24809 I art     : Starting a blocking GC Explicit
08-06 04:01:58.471 24798 24809 I art     : Explicit concurrent mark sweep GC freed 3(96B) AllocSpace objects, 0(0B) LOS objects, 29% free, 39MB/55MB, paused 530us total 68.260ms
08-06 04:01:58.492 24798 24809 I art     : Starting a blocking GC Explicit
08-06 04:01:58.562 24798 24809 I art     : Explicit concurrent mark sweep GC freed 3(96B) AllocSpace objects, 0(0B) LOS objects, 29% free, 39MB/55MB, paused 543us total 69.469ms
08-06 04:01:58.583 24798 24809 I art     : Starting a blocking GC Explicit
08-06 04:01:58.657 24798 24809 I art     : Explicit concurrent mark sweep GC freed 3(96B) AllocSpace objects, 0(0B) LOS objects, 29% free, 39MB/55MB, paused 612us total 73.208ms
08-06 04:01:59.011 24798 24827 I art     : Starting a blocking GC Explicit
08-06 04:01:59.098 24798 24827 I art     : Explicit concurrent mark sweep GC freed 1355(83KB) AllocSpace objects, 1(20KB) LOS objects, 29% free, 39MB/55MB, paused 621us total 87.123ms
08-06 04:01:59.122 24798 24827 I art     : Starting a blocking GC Explicit
08-06 04:01:59.195 24798 24827 I art     : Explicit concurrent mark sweep GC freed 20(704B) AllocSpace objects, 0(0B) LOS objects, 29% free, 39MB/55MB, paused 565us total 72.296ms
08-06 04:01:59.217 24798 24827 I art     : Starting a blocking GC Explicit
08-06 04:01:59.268 24798 27768 I RedditChangeDataIO: Writing tmp data file at '/data/user/0/baseline.org.quantumbadger.redreader/files/rr_change_data_tmp.dat'
08-06 04:01:59.270 24798 27768 I RedditChangeDataManager: Taking snapshot...
08-06 04:01:59.270 24798 27768 I RedditChangeDataManager: Writing to stream...
08-06 04:01:59.270 24798 27768 I RedditChangeDataManager: Wrote 6 entries for user ''
08-06 04:01:59.270 24798 27768 I RedditChangeDataManager: All entries written to stream.
08-06 04:01:59.271 24798 27768 I RedditChangeDataIO: Write successful. Atomically replacing data file...
08-06 04:01:59.271 24798 27768 I RedditChangeDataIO: Write complete.
08-06 04:01:59.271 24798 27768 I RedditChangeDataIO: 158 bytes written in 4 ms
08-06 04:01:59.286 24798 24827 I art     : Explicit concurrent mark sweep GC freed 81(4KB) AllocSpace objects, 1(68KB) LOS objects, 29% free, 39MB/55MB, paused 572us total 68.389ms
08-06 04:01:59.307 24798 24827 I art     : Starting a blocking GC Explicit
08-06 04:01:59.380 24798 24827 I art     : Explicit concurrent mark sweep GC freed 14(656B) AllocSpace objects, 0(0B) LOS objects, 29% free, 39MB/55MB, paused 627us total 71.891ms
08-06 04:01:59.403 24798 24827 I art     : Starting a blocking GC Explicit
08-06 04:01:59.477 24798 24827 I art     : Explicit concurrent mark sweep GC freed 3(96B) AllocSpace objects, 0(0B) LOS objects, 29% free, 39MB/55MB, paused 608us total 73.926ms
08-06 04:01:59.478 24798 24808 I art     : WaitForGcToComplete blocked for 36.689ms for cause HeapTrim
08-06 04:01:59.829 24798 24811 I art     : Starting a blocking GC Explicit
08-06 04:01:59.909 24798 24811 I art     : Explicit concurrent mark sweep GC freed 1593(119KB) AllocSpace objects, 1(20KB) LOS objects, 29% free, 39MB/55MB, paused 605us total 80.393ms
08-06 04:01:59.934 24798 24811 I art     : Starting a blocking GC Explicit
08-06 04:02:00.004 24798 24811 I art     : Explicit concurrent mark sweep GC freed 85(2880B) AllocSpace objects, 0(0B) LOS objects, 29% free, 39MB/55MB, paused 499us total 69.515ms
08-06 04:02:00.025 24798 24811 I art     : Starting a blocking GC Explicit
08-06 04:02:00.081 24798 24811 I art     : Explicit concurrent mark sweep GC freed 3(96B) AllocSpace objects, 0(0B) LOS objects, 29% free, 39MB/55MB, paused 427us total 55.221ms
08-06 04:02:00.101 24798 24811 I art     : Starting a blocking GC Explicit
08-06 04:02:00.167 24798 24811 I art     : Explicit concurrent mark sweep GC freed 3(96B) AllocSpace objects, 0(0B) LOS objects, 29% free, 39MB/55MB, paused 501us total 66.008ms
08-06 04:02:00.188 24798 24811 I art     : Starting a blocking GC Explicit
08-06 04:02:00.255 24798 24811 I art     : Explicit concurrent mark sweep GC freed 3(96B) AllocSpace objects, 0(0B) LOS objects, 29% free, 39MB/55MB, paused 505us total 66.897ms
08-06 04:02:00.619 24798 25031 I art     : Starting a blocking GC Explicit
08-06 04:02:00.691 24798 25031 I art     : Explicit concurrent mark sweep GC freed 1356(82KB) AllocSpace objects, 1(20KB) LOS objects, 29% free, 39MB/55MB, paused 502us total 71.597ms
08-06 04:02:00.712 24798 25031 I art     : Starting a blocking GC Explicit
08-06 04:02:00.776 24798 25031 I art     : Explicit concurrent mark sweep GC freed 20(704B) AllocSpace objects, 0(0B) LOS objects, 29% free, 39MB/55MB, paused 487us total 63.821ms
08-06 04:02:00.796 24798 25031 I art     : Starting a blocking GC Explicit
08-06 04:02:00.860 24798 25031 I art     : Explicit concurrent mark sweep GC freed 3(96B) AllocSpace objects, 0(0B) LOS objects, 29% free, 39MB/55MB, paused 555us total 63.733ms
08-06 04:02:00.882 24798 25031 I art     : Starting a blocking GC Explicit
08-06 04:02:00.947 24798 25031 I art     : Explicit concurrent mark sweep GC freed 3(96B) AllocSpace objects, 0(0B) LOS objects, 29% free, 39MB/55MB, paused 520us total 64.400ms
08-06 04:02:00.967 24798 25031 I art     : Starting a blocking GC Explicit
08-06 04:02:01.032 24798 25031 I art     : Explicit concurrent mark sweep GC freed 3(96B) AllocSpace objects, 0(0B) LOS objects, 29% free, 39MB/55MB, paused 520us total 64.872ms
08-06 04:02:01.051 27846 27846 D AndroidRuntime: >>>>>> START com.android.internal.os.RuntimeInit uid 2000 <<<<<<
08-06 04:02:01.057 27846 27846 D AndroidRuntime: CheckJNI is OFF
08-06 04:02:01.101 27846 27846 D ICU     : No timezone override file found: /data/misc/zoneinfo/current/icu/icu_tzdata.dat
08-06 04:02:01.147 27846 27846 I Radio-JNI: register_android_hardware_Radio DONE
08-06 04:02:01.179 27846 27846 D AndroidRuntime: Calling main entry com.android.commands.input.Input
08-06 04:02:01.182 27846 27846 I Input   : injectKeyEvent: KeyEvent { action=ACTION_DOWN, keyCode=KEYCODE_BACK, scanCode=0, metaState=0, flags=0x0, repeatCount=0, eventTime=849737595, downTime=849737595, deviceId=-1, source=0x101 }
08-06 04:02:01.190 27846 27846 I Input   : injectKeyEvent: KeyEvent { action=ACTION_UP, keyCode=KEYCODE_BACK, scanCode=0, metaState=0, flags=0x0, repeatCount=0, eventTime=849737595, downTime=849737595, deviceId=-1, source=0x101 }
08-06 04:02:01.198 27846 27846 D AndroidRuntime: Shutting down VM
08-06 04:02:01.241 13866 13866 I GoogleInputMethodServic: GoogleInputMethodService.onFinishInput():3138 
08-06 04:02:01.242 13866 13866 I GoogleInputMethodServic: GoogleInputMethodService.onStartInput():1808 
08-06 04:02:01.362 24798 24809 I art     : Starting a blocking GC Explicit
08-06 04:02:01.417 24798 24809 I art     : Explicit concurrent mark sweep GC freed 1620(91KB) AllocSpace objects, 1(20KB) LOS objects, 29% free, 39MB/55MB, paused 488us total 54.703ms
08-06 04:02:01.437 24798 24809 I art     : Starting a blocking GC Explicit
08-06 04:02:01.493 24798 24809 I art     : Explicit concurrent mark sweep GC freed 24(864B) AllocSpace objects, 0(0B) LOS objects, 29% free, 39MB/55MB, paused 442us total 55.867ms
08-06 04:02:01.512 24798 24809 I art     : Starting a blocking GC Explicit
08-06 04:02:01.568 24798 24809 I art     : Explicit concurrent mark sweep GC freed 3(96B) AllocSpace objects, 0(0B) LOS objects, 29% free, 39MB/55MB, paused 583us total 54.998ms
08-06 04:02:01.568   380   380 W SurfaceFlinger: couldn't log to binary event log: overflow.
08-06 04:02:01.588 24798 24809 I art     : Starting a blocking GC Explicit
08-06 04:02:01.643 24798 24809 I art     : Explicit concurrent mark sweep GC freed 65(2384B) AllocSpace objects, 0(0B) LOS objects, 29% free, 39MB/55MB, paused 492us total 54.772ms
08-06 04:02:01.663 24798 24809 I art     : Starting a blocking GC Explicit
08-06 04:02:01.713 24798 24809 I art     : Explicit concurrent mark sweep GC freed 41386(2MB) AllocSpace objects, 5(140KB) LOS objects, 30% free, 36MB/52MB, paused 477us total 49.667ms
08-06 04:02:02.051 24798 24811 I art     : Starting a blocking GC Explicit
08-06 04:02:02.114 24798 24811 I art     : Explicit concurrent mark sweep GC freed 1354(82KB) AllocSpace objects, 1(20KB) LOS objects, 30% free, 36MB/52MB, paused 564us total 62.480ms
08-06 04:02:02.136 24798 24811 I art     : Starting a blocking GC Explicit
08-06 04:02:02.184 24798 24811 I art     : Explicit concurrent mark sweep GC freed 20(704B) AllocSpace objects, 0(0B) LOS objects, 30% free, 36MB/52MB, paused 545us total 47.781ms
08-06 04:02:02.206 24798 24811 I art     : Starting a blocking GC Explicit
08-06 04:02:02.252 24798 24811 I art     : Explicit concurrent mark sweep GC freed 3(96B) AllocSpace objects, 0(0B) LOS objects, 30% free, 36MB/52MB, paused 503us total 46.110ms
08-06 04:02:02.272 24798 24811 I art     : Starting a blocking GC Explicit
08-06 04:02:02.319 24798 24811 I art     : Explicit concurrent mark sweep GC freed 3(96B) AllocSpace objects, 0(0B) LOS objects, 30% free, 36MB/52MB, paused 481us total 47.387ms
08-06 04:02:02.338 24798 24811 I art     : Starting a blocking GC Explicit
08-06 04:02:02.385 24798 24811 I art     : Explicit concurrent mark sweep GC freed 3(96B) AllocSpace objects, 0(0B) LOS objects, 30% free, 36MB/52MB, paused 510us total 46.989ms
08-06 04:02:02.702 24798 25031 I art     : Starting a blocking GC Explicit
08-06 04:02:02.758 24798 25031 I art     : Explicit concurrent mark sweep GC freed 1354(82KB) AllocSpace objects, 1(20KB) LOS objects, 30% free, 36MB/52MB, paused 557us total 55.903ms
08-06 04:02:02.782 24798 25031 I art     : Starting a blocking GC Explicit
08-06 04:02:02.827 24798 25031 I art     : Explicit concurrent mark sweep GC freed 20(704B) AllocSpace objects, 0(0B) LOS objects, 30% free, 36MB/52MB, paused 569us total 45.452ms
08-06 04:02:02.846 24798 25031 I art     : Starting a blocking GC Explicit
08-06 04:02:02.893 24798 25031 I art     : Explicit concurrent mark sweep GC freed 3(96B) AllocSpace objects, 0(0B) LOS objects, 30% free, 36MB/52MB, paused 498us total 47.209ms
08-06 04:02:02.912 24798 25031 I art     : Starting a blocking GC Explicit
08-06 04:02:02.959 24798 25031 I art     : Explicit concurrent mark sweep GC freed 3(96B) AllocSpace objects, 0(0B) LOS objects, 30% free, 36MB/52MB, paused 518us total 47.256ms
08-06 04:02:02.978 24798 25031 I art     : Starting a blocking GC Explicit
08-06 04:02:02.995 27886 27886 D AndroidRuntime: >>>>>> START com.android.internal.os.RuntimeInit uid 2000 <<<<<<
08-06 04:02:03.001 27886 27886 D AndroidRuntime: CheckJNI is OFF
08-06 04:02:03.027 24798 25031 I art     : Explicit concurrent mark sweep GC freed 3(96B) AllocSpace objects, 0(0B) LOS objects, 30% free, 36MB/52MB, paused 486us total 48.271ms
08-06 04:02:03.048 27886 27886 D ICU     : No timezone override file found: /data/misc/zoneinfo/current/icu/icu_tzdata.dat
08-06 04:02:03.092 27886 27886 I Radio-JNI: register_android_hardware_Radio DONE
08-06 04:02:03.123 27886 27886 D AndroidRuntime: Calling main entry com.android.commands.input.Input
08-06 04:02:03.125 27886 27886 I Input   : injectMotionEvent: MotionEvent { action=ACTION_DOWN, actionButton=0, id[0]=0, x[0]=600.0, y[0]=938.0, toolType[0]=TOOL_TYPE_UNKNOWN, buttonState=0, metaState=0, flags=0x0, edgeFlags=0x0, pointerCount=1, historySize=0, eventTime=849739538, downTime=849739538, deviceId=0, source=0x1002 }
08-06 04:02:03.132 27886 27886 I Input   : injectMotionEvent: MotionEvent { action=ACTION_UP, actionButton=0, id[0]=0, x[0]=600.0, y[0]=938.0, toolType[0]=TOOL_TYPE_UNKNOWN, buttonState=0, metaState=0, flags=0x0, edgeFlags=0x0, pointerCount=1, historySize=0, eventTime=849739538, downTime=849739538, deviceId=0, source=0x1002 }
08-06 04:02:03.133 27886 27886 D AndroidRuntime: Shutting down VM
08-06 04:02:03.142   512  2967 D audio_hw_primary: out_set_parameters: enter: usecase(1: low-latency-playback) kvpairs: routing=2
08-06 04:02:03.142   918   929 I ActivityManager: START u0 {dat=https://gfycat.com/... cmp=baseline.org.quantumbadger.redreader/.activities.ImageViewActivity (has extras)} from uid 10705 on display 0
08-06 04:02:03.155   512  2967 D audio_hw_primary: select_devices: out_snd_device(2: speaker) in_snd_device(0: none)
08-06 04:02:03.155   512  2967 D msm8974_platform: platform_send_audio_calibration: sending audio calibration for snd_device(2) acdb_id(15)
08-06 04:02:03.155   512  2967 I soundtrigger: audio_extn_sound_trigger_update_device_status: device 0x2 of type 0 for Event 1
08-06 04:02:03.168   512  2967 D audio_hw_primary: enable_snd_device: snd_device(2: speaker)
08-06 04:02:03.169 24798 24798 I ImageViewActivity: Loading URL https://gfycat.com/deadlygravecavy
08-06 04:02:03.171   512  2967 D audio_hw_primary: enable_audio_route: apply and update mixer path: low-latency-playback speaker
08-06 04:02:03.182 24798 25375 I ImageViewActivity: Got image URL: https://giant.gfycat.com/DeadlyGraveCavy.mp4
08-06 04:02:03.182 24798 25375 I ImageViewActivity: Got image Type: video/mp4
08-06 04:02:03.182 24798 25375 I ImageViewActivity: Got media Type: VIDEO
08-06 04:02:03.182 24798 25375 I ImageViewActivity: Media type VIDEO detected
08-06 04:02:03.182 24798 25375 I ImageViewActivity: Proceeding with download
08-06 04:02:03.186 24798 27914 D OK      : calling: https://giant.gfycat.com/DeadlyGraveCavy.mp4
08-06 04:02:03.223 13866 13866 I GoogleInputMethodServic: GoogleInputMethodService.onFinishInput():3138 
08-06 04:02:03.224 13866 13866 I GoogleInputMethodServic: GoogleInputMethodService.onStartInput():1808 
08-06 04:02:03.259   918   936 I ActivityManager: Displayed baseline.org.quantumbadger.redreader/.activities.ImageViewActivity: +106ms
08-06 04:02:03.345 24798 27875 I art     : Starting a blocking GC Explicit
08-06 04:02:03.393 24798 27875 I art     : Explicit concurrent mark sweep GC freed 5437(334KB) AllocSpace objects, 1(20KB) LOS objects, 30% free, 37MB/53MB, paused 656us total 47.590ms
08-06 04:02:03.412 24798 27875 I art     : Starting a blocking GC Explicit
08-06 04:02:03.459 24798 27875 I art     : Explicit concurrent mark sweep GC freed 280(11KB) AllocSpace objects, 0(0B) LOS objects, 30% free, 36MB/52MB, paused 602us total 47.244ms
08-06 04:02:03.479 24798 27875 I art     : Starting a blocking GC Explicit
08-06 04:02:03.504   380   380 W SurfaceFlinger: couldn't log to binary event log: overflow.
08-06 04:02:03.522 24798 27914 I NAPPA_EXPERIMENTATION: MetricNetworkRequestExecutionTime: REQUEST_DURATION_SYSTEM='336',REQUEST_DURATION_OKHTTP='159',REQUEST_SYNCHRONOUS='TRUE',RESPONSE_CODE='200',RESPONSE_METHOD='GET',RESPONSE_LENGTH_OKHTTP='1942309',RESPONSE_LENGTH_HEADER='1942309',REQUEST_PROTOCOL='h2',REQUEST_URL='https://giant.gfycat.com/DeadlyGraveCavy.mp4',
08-06 04:02:03.522 24798 27914 D OK      : request got status: 200
08-06 04:02:03.530 24798 27875 I art     : Explicit concurrent mark sweep GC freed 216(16KB) AllocSpace objects, 0(0B) LOS objects, 30% free, 37MB/53MB, paused 550us total 50.195ms
08-06 04:02:03.547 24798 27875 I art     : Starting a blocking GC Explicit
08-06 04:02:03.589 24798 27875 I art     : Explicit concurrent mark sweep GC freed 158(9KB) AllocSpace objects, 0(0B) LOS objects, 30% free, 37MB/53MB, paused 596us total 42.276ms
08-06 04:02:03.608 24798 27875 I art     : Starting a blocking GC Explicit
08-06 04:02:03.660 24798 27875 I art     : Explicit concurrent mark sweep GC freed 395(32KB) AllocSpace objects, 0(0B) LOS objects, 29% free, 37MB/53MB, paused 653us total 52.235ms
08-06 04:02:03.718   512  2967 D audio_hw_primary: disable_audio_route: reset and update mixer path: low-latency-playback speaker
08-06 04:02:03.721   512  2967 D audio_hw_primary: disable_snd_device: snd_device(2: speaker)
08-06 04:02:03.730   512  2967 I soundtrigger: audio_extn_sound_trigger_update_device_status: device 0x2 of type 0 for Event 0
08-06 04:02:03.942 24798 24798 I ImageViewActivity: Playing video using ExoPlayer
08-06 04:02:03.980 24798 24811 I art     : Starting a blocking GC Explicit
08-06 04:02:04.018 24798 24798 I ExoPlayerImpl: Init c6651cb [ExoPlayerLib/2.10.8] [angler, Nexus 6P, Huawei, 23]
08-06 04:02:04.056 24798 24811 I art     : Explicit concurrent mark sweep GC freed 4414(1864KB) AllocSpace objects, 3(156KB) LOS objects, 29% free, 37MB/53MB, paused 1.993ms total 76.092ms
08-06 04:02:04.075 24798 24811 I art     : Starting a blocking GC Explicit
08-06 04:02:04.135 24798 24811 I art     : Explicit concurrent mark sweep GC freed 2354(224KB) AllocSpace objects, 2(84KB) LOS objects, 29% free, 38MB/54MB, paused 1.671ms total 59.487ms
08-06 04:02:04.154 24798 24811 I art     : Starting a blocking GC Explicit
08-06 04:02:04.203 24798 24811 I art     : Explicit concurrent mark sweep GC freed 1422(101KB) AllocSpace objects, 2(84KB) LOS objects, 29% free, 38MB/54MB, paused 2.547ms total 48.084ms
08-06 04:02:04.213 24798 27936 W VideoCapabilities: Unrecognized profile 2130706433 for video/avc
08-06 04:02:04.221 24798 24811 I art     : Starting a blocking GC Explicit
08-06 04:02:04.257 24798 27936 I VideoCapabilities: Unsupported profile 4 for video/mp4v-es
08-06 04:02:04.271 24798 24811 I art     : Explicit concurrent mark sweep GC freed 4375(188KB) AllocSpace objects, 0(0B) LOS objects, 29% free, 38MB/54MB, paused 1.044ms total 49.686ms
08-06 04:02:04.279 24798 27939 I OMXClient: Using client-side OMX mux.
08-06 04:02:04.291 24798 24811 I art     : Starting a blocking GC Explicit
08-06 04:02:04.336 24798 24811 I art     : Explicit concurrent mark sweep GC freed 114(7KB) AllocSpace objects, 0(0B) LOS objects, 28% free, 39MB/55MB, paused 568us total 44.619ms
08-06 04:02:04.420   512  2978 I OMX-VDEC-1080P: component_init: OMX.qcom.video.decoder.avc : fd=49
08-06 04:02:04.420   512  2978 I OMX-VDEC-1080P: Capabilities: driver_name = msm_vidc_driver, card = msm_vdec_8974, bus_info = , version = 1, capabilities = 4003000
08-06 04:02:04.425   512  2978 I OMX-VDEC-1080P: Enabling default extradata for OMX.qcom.video.decoder.avc
08-06 04:02:04.429   512  2978 I OMX-VDEC-1080P: omx_vdec::component_init() success : fd=49
08-06 04:02:04.432 24798 27938 I MediaCodec: [OMX.qcom.video.decoder.avc] setting surface generation to 25393153
08-06 04:02:04.434   512 12932 E OMX-VDEC-1080P: Extension: OMX.google.android.index.storeANWBufferInMetadata not implemented
08-06 04:02:04.465 24798 27939 D SurfaceUtils: set up nativeWindow 0x7f9ad62810 for 360x306, color 0x7fa30c04, rotation 0, usage 0x42002900
08-06 04:02:04.505 24798 27939 D SurfaceUtils: set up nativeWindow 0x7f9ad62810 for 368x320, color 0x7fa30c04, rotation 0, usage 0x42002900
08-06 04:02:04.662 24798 24811 I art     : Starting a blocking GC Explicit
08-06 04:02:04.710 24798 24811 I art     : Explicit concurrent mark sweep GC freed 1736(143KB) AllocSpace objects, 2(88KB) LOS objects, 28% free, 40MB/56MB, paused 527us total 48.105ms
08-06 04:02:04.729 24798 24811 I art     : Starting a blocking GC Explicit
08-06 04:02:04.781 24798 24811 I art     : Explicit concurrent mark sweep GC freed 46(1664B) AllocSpace objects, 0(0B) LOS objects, 28% free, 40MB/56MB, paused 615us total 51.817ms
08-06 04:02:04.802 24798 24811 I art     : Starting a blocking GC Explicit
08-06 04:02:04.852 24798 24811 I art     : Explicit concurrent mark sweep GC freed 25(896B) AllocSpace objects, 0(0B) LOS objects, 28% free, 40MB/56MB, paused 606us total 50.161ms
08-06 04:02:04.871 24798 24811 I art     : Starting a blocking GC Explicit
08-06 04:02:04.924 24798 24811 I art     : Explicit concurrent mark sweep GC freed 31(1168B) AllocSpace objects, 0(0B) LOS objects, 28% free, 40MB/56MB, paused 535us total 51.982ms
08-06 04:02:04.924 24798 24808 I art     : WaitForGcToComplete blocked for 14.044ms for cause HeapTrim
08-06 04:02:04.943 24798 24811 I art     : Starting a blocking GC Explicit
08-06 04:02:04.995 24798 24811 I art     : Explicit concurrent mark sweep GC freed 22(816B) AllocSpace objects, 0(0B) LOS objects, 28% free, 40MB/56MB, paused 541us total 51.630ms
08-06 04:02:05.353 24798 25031 I art     : Starting a blocking GC Explicit
08-06 04:02:05.408 24798 25031 I art     : Explicit concurrent mark sweep GC freed 1490(87KB) AllocSpace objects, 1(20KB) LOS objects, 28% free, 40MB/56MB, paused 631us total 54.828ms
08-06 04:02:05.427 24798 25031 I art     : Starting a blocking GC Explicit
08-06 04:02:05.477 24798 25031 I art     : Explicit concurrent mark sweep GC freed 40(1488B) AllocSpace objects, 0(0B) LOS objects, 28% free, 40MB/56MB, paused 574us total 49.709ms
08-06 04:02:05.496 24798 25031 I art     : Starting a blocking GC Explicit
08-06 04:02:05.549 24798 25031 I art     : Explicit concurrent mark sweep GC freed 35(1280B) AllocSpace objects, 0(0B) LOS objects, 28% free, 40MB/56MB, paused 636us total 52.258ms
08-06 04:02:05.568 24798 25031 I art     : Starting a blocking GC Explicit
08-06 04:02:05.618 24798 25031 I art     : Explicit concurrent mark sweep GC freed 21(816B) AllocSpace objects, 0(0B) LOS objects, 28% free, 40MB/56MB, paused 616us total 49.807ms
08-06 04:02:05.637 24798 25031 I art     : Starting a blocking GC Explicit
08-06 04:02:05.690 24798 25031 I art     : Explicit concurrent mark sweep GC freed 25(928B) AllocSpace objects, 0(0B) LOS objects, 28% free, 40MB/56MB, paused 560us total 52.289ms
08-06 04:02:06.064 24798 24827 I art     : Starting a blocking GC Explicit
08-06 04:02:06.114 24798 24827 I art     : Explicit concurrent mark sweep GC freed 1497(88KB) AllocSpace objects, 1(20KB) LOS objects, 28% free, 40MB/56MB, paused 576us total 49.699ms
08-06 04:02:06.132 24798 24827 I art     : Starting a blocking GC Explicit
08-06 04:02:06.183 24798 24827 I art     : Explicit concurrent mark sweep GC freed 42(1536B) AllocSpace objects, 0(0B) LOS objects, 28% free, 40MB/56MB, paused 606us total 50.173ms
08-06 04:02:06.201 24798 24827 I art     : Starting a blocking GC Explicit
08-06 04:02:06.252 24798 24827 I art     : Explicit concurrent mark sweep GC freed 29(1040B) AllocSpace objects, 0(0B) LOS objects, 28% free, 40MB/56MB, paused 600us total 49.928ms
08-06 04:02:06.271 24798 24827 I art     : Starting a blocking GC Explicit
08-06 04:02:06.322 24798 24827 I art     : Explicit concurrent mark sweep GC freed 27(1024B) AllocSpace objects, 0(0B) LOS objects, 28% free, 40MB/56MB, paused 583us total 50.543ms
08-06 04:02:06.341 24798 24827 I art     : Starting a blocking GC Explicit
08-06 04:02:06.392 24798 24827 I art     : Explicit concurrent mark sweep GC freed 19(720B) AllocSpace objects, 0(0B) LOS objects, 28% free, 40MB/56MB, paused 568us total 50.995ms
08-06 04:02:06.764 24798 24827 I art     : Starting a blocking GC Explicit
08-06 04:02:06.818 24798 24827 I art     : Explicit concurrent mark sweep GC freed 1499(88KB) AllocSpace objects, 1(20KB) LOS objects, 28% free, 40MB/56MB, paused 602us total 54.192ms
08-06 04:02:06.838 24798 24827 I art     : Starting a blocking GC Explicit
08-06 04:02:06.839 22752 22752 I ServiceManager: Waiting for service AtCmdFwd...
08-06 04:02:06.892 24798 24827 I art     : Explicit concurrent mark sweep GC freed 42(1536B) AllocSpace objects, 0(0B) LOS objects, 28% free, 40MB/56MB, paused 563us total 53.266ms
08-06 04:02:06.911 24798 24827 I art     : Starting a blocking GC Explicit
08-06 04:02:06.963 24798 24827 I art     : Explicit concurrent mark sweep GC freed 25(928B) AllocSpace objects, 0(0B) LOS objects, 28% free, 40MB/56MB, paused 560us total 52.202ms
08-06 04:02:06.983 24798 24827 I art     : Starting a blocking GC Explicit
08-06 04:02:07.036 24798 24827 I art     : Explicit concurrent mark sweep GC freed 32(1200B) AllocSpace objects, 0(0B) LOS objects, 28% free, 40MB/56MB, paused 586us total 52.822ms
08-06 04:02:07.055 24798 24827 I art     : Starting a blocking GC Explicit
08-06 04:02:07.106 24798 24827 I art     : Explicit concurrent mark sweep GC freed 25(928B) AllocSpace objects, 0(0B) LOS objects, 28% free, 40MB/56MB, paused 584us total 51.368ms
08-06 04:02:07.460 24798 25031 I art     : Starting a blocking GC Explicit
08-06 04:02:07.512 24798 25031 I art     : Explicit concurrent mark sweep GC freed 1492(88KB) AllocSpace objects, 1(20KB) LOS objects, 28% free, 40MB/56MB, paused 558us total 51.310ms
08-06 04:02:07.531 24798 25031 I art     : Starting a blocking GC Explicit
08-06 04:02:07.582 24798 25031 I art     : Explicit concurrent mark sweep GC freed 42(1536B) AllocSpace objects, 0(0B) LOS objects, 28% free, 40MB/56MB, paused 579us total 50.310ms
08-06 04:02:07.601 24798 25031 I art     : Starting a blocking GC Explicit
08-06 04:02:07.653 24798 25031 I art     : Explicit concurrent mark sweep GC freed 31(1136B) AllocSpace objects, 0(0B) LOS objects, 28% free, 40MB/56MB, paused 554us total 51.918ms
08-06 04:02:07.673 24798 25031 I art     : Starting a blocking GC Explicit
08-06 04:02:07.726 24798 25031 I art     : Explicit concurrent mark sweep GC freed 19(720B) AllocSpace objects, 0(0B) LOS objects, 28% free, 40MB/56MB, paused 558us total 52.782ms
08-06 04:02:07.746 24798 25031 I art     : Starting a blocking GC Explicit
08-06 04:02:07.797 24798 25031 I art     : Explicit concurrent mark sweep GC freed 25(928B) AllocSpace objects, 0(0B) LOS objects, 28% free, 40MB/56MB, paused 546us total 50.577ms
08-06 04:02:07.840 22752 22752 I ServiceManager: Waiting for service AtCmdFwd...
08-06 04:02:08.155 24798 27911 I RedditChangeDataIO: Writing tmp data file at '/data/user/0/baseline.org.quantumbadger.redreader/files/rr_change_data_tmp.dat'
08-06 04:02:08.155 24798 27911 I RedditChangeDataManager: Taking snapshot...
08-06 04:02:08.155 24798 27911 I RedditChangeDataManager: Writing to stream...
08-06 04:02:08.155 24798 27911 I RedditChangeDataManager: Wrote 6 entries for user ''
08-06 04:02:08.155 24798 27911 I RedditChangeDataManager: All entries written to stream.
08-06 04:02:08.156 24798 27911 I RedditChangeDataIO: Write successful. Atomically replacing data file...
08-06 04:02:08.156 24798 27911 I RedditChangeDataIO: Write complete.
08-06 04:02:08.156 24798 27911 I RedditChangeDataIO: 158 bytes written in 2 ms
08-06 04:02:08.158 24798 25031 I art     : Starting a blocking GC Explicit
08-06 04:02:08.209 24798 25031 I art     : Explicit concurrent mark sweep GC freed 1587(93KB) AllocSpace objects, 2(88KB) LOS objects, 28% free, 40MB/56MB, paused 527us total 51.049ms
08-06 04:02:08.229 24798 25031 I art     : Starting a blocking GC Explicit
08-06 04:02:08.280 24798 25031 I art     : Explicit concurrent mark sweep GC freed 41(1488B) AllocSpace objects, 0(0B) LOS objects, 28% free, 40MB/56MB, paused 565us total 51.145ms
08-06 04:02:08.299 24798 25031 I art     : Starting a blocking GC Explicit
08-06 04:02:08.349 24798 25031 I art     : Explicit concurrent mark sweep GC freed 29(1072B) AllocSpace objects, 0(0B) LOS objects, 28% free, 40MB/56MB, paused 577us total 50.055ms
08-06 04:02:08.368 24798 25031 I art     : Starting a blocking GC Explicit
08-06 04:02:08.421 24798 25031 I art     : Explicit concurrent mark sweep GC freed 21(784B) AllocSpace objects, 0(0B) LOS objects, 28% free, 40MB/56MB, paused 581us total 52.589ms
08-06 04:02:08.441 24798 25031 I art     : Starting a blocking GC Explicit
08-06 04:02:08.493 24798 25031 I art     : Explicit concurrent mark sweep GC freed 29(1072B) AllocSpace objects, 0(0B) LOS objects, 28% free, 40MB/56MB, paused 543us total 51.209ms
08-06 04:02:08.840 22752 22752 I ServiceManager: Waiting for service AtCmdFwd...
08-06 04:02:08.862 24798 24809 I art     : Starting a blocking GC Explicit
08-06 04:02:08.915 24798 24809 I art     : Explicit concurrent mark sweep GC freed 1523(89KB) AllocSpace objects, 1(20KB) LOS objects, 28% free, 40MB/56MB, paused 534us total 52.085ms
08-06 04:02:08.933 24798 24809 I art     : Starting a blocking GC Explicit
08-06 04:02:08.986 24798 24809 I art     : Explicit concurrent mark sweep GC freed 206(32KB) AllocSpace objects, 0(0B) LOS objects, 28% free, 40MB/56MB, paused 558us total 52.288ms
08-06 04:02:09.005 24798 24809 I art     : Starting a blocking GC Explicit
08-06 04:02:09.056 24798 24809 I art     : Explicit concurrent mark sweep GC freed 90(3KB) AllocSpace objects, 0(0B) LOS objects, 28% free, 40MB/56MB, paused 492us total 50.659ms
08-06 04:02:09.076 24798 24809 I art     : Starting a blocking GC Explicit
08-06 04:02:09.128 24798 24809 I art     : Explicit concurrent mark sweep GC freed 25(928B) AllocSpace objects, 0(0B) LOS objects, 28% free, 40MB/56MB, paused 551us total 51.819ms
08-06 04:02:09.148 24798 24809 I art     : Starting a blocking GC Explicit
08-06 04:02:09.198 24798 24809 I art     : Explicit concurrent mark sweep GC freed 31(1136B) AllocSpace objects, 0(0B) LOS objects, 28% free, 40MB/56MB, paused 514us total 49.814ms
08-06 04:02:09.540 24798 24827 I art     : Starting a blocking GC Explicit
08-06 04:02:09.591 24798 24827 I art     : Explicit concurrent mark sweep GC freed 1484(87KB) AllocSpace objects, 1(20KB) LOS objects, 28% free, 40MB/56MB, paused 568us total 50.864ms
08-06 04:02:09.610 24798 24827 I art     : Starting a blocking GC Explicit
08-06 04:02:09.660 24798 24827 I art     : Explicit concurrent mark sweep GC freed 44(1632B) AllocSpace objects, 0(0B) LOS objects, 28% free, 40MB/56MB, paused 509us total 49.353ms
08-06 04:02:09.679 24798 24827 I art     : Starting a blocking GC Explicit
08-06 04:02:09.728 24798 24827 I art     : Explicit concurrent mark sweep GC freed 19(720B) AllocSpace objects, 0(0B) LOS objects, 28% free, 40MB/56MB, paused 546us total 49.070ms
08-06 04:02:09.747 24798 24827 I art     : Starting a blocking GC Explicit
08-06 04:02:09.798 24798 24827 I art     : Explicit concurrent mark sweep GC freed 31(1136B) AllocSpace objects, 0(0B) LOS objects, 28% free, 40MB/56MB, paused 525us total 50.823ms
08-06 04:02:09.817 24798 24827 I art     : Starting a blocking GC Explicit
08-06 04:02:09.841 22752 22752 I ServiceManager: Waiting for service AtCmdFwd...
08-06 04:02:09.867 24798 24827 I art     : Explicit concurrent mark sweep GC freed 27(944B) AllocSpace objects, 0(0B) LOS objects, 28% free, 40MB/56MB, paused 698us total 49.753ms
08-06 04:02:09.935 28020 28020 D AndroidRuntime: >>>>>> START com.android.internal.os.RuntimeInit uid 2000 <<<<<<
08-06 04:02:09.941 28020 28020 D AndroidRuntime: CheckJNI is OFF
08-06 04:02:09.983 28020 28020 D ICU     : No timezone override file found: /data/misc/zoneinfo/current/icu/icu_tzdata.dat
08-06 04:02:10.026 28020 28020 I Radio-JNI: register_android_hardware_Radio DONE
08-06 04:02:10.055 28020 28020 D AndroidRuntime: Calling main entry com.android.commands.input.Input
08-06 04:02:10.057 28020 28020 I Input   : injectKeyEvent: KeyEvent { action=ACTION_DOWN, keyCode=KEYCODE_BACK, scanCode=0, metaState=0, flags=0x0, repeatCount=0, eventTime=849746470, downTime=849746470, deviceId=-1, source=0x101 }
08-06 04:02:10.066 28020 28020 I Input   : injectKeyEvent: KeyEvent { action=ACTION_UP, keyCode=KEYCODE_BACK, scanCode=0, metaState=0, flags=0x0, repeatCount=0, eventTime=849746470, downTime=849746470, deviceId=-1, source=0x101 }
08-06 04:02:10.072 28020 28020 D AndroidRuntime: Shutting down VM
08-06 04:02:10.121 13866 13866 I GoogleInputMethodServic: GoogleInputMethodService.onFinishInput():3138 
08-06 04:02:10.125 13866 13866 I GoogleInputMethodServic: GoogleInputMethodService.onStartInput():1808 
08-06 04:02:10.195 24798 27938 I MediaCodec: [OMX.qcom.video.decoder.avc] setting surface generation to 25393154
08-06 04:02:10.197 24798 27939 D SurfaceUtils: set up nativeWindow 0x7f7989e010 for 368x320, color 0x7fa30c04, rotation 0, usage 0x42002900
08-06 04:02:10.233 24798 27875 I art     : Starting a blocking GC Explicit
08-06 04:02:10.285 24798 27875 I art     : Explicit concurrent mark sweep GC freed 1746(98KB) AllocSpace objects, 1(20KB) LOS objects, 28% free, 40MB/56MB, paused 592us total 51.209ms
08-06 04:02:10.305 24798 27875 I art     : Starting a blocking GC Explicit
08-06 04:02:10.362 24798 27875 I art     : Explicit concurrent mark sweep GC freed 51(1872B) AllocSpace objects, 0(0B) LOS objects, 28% free, 40MB/56MB, paused 642us total 56.687ms
08-06 04:02:10.384 24798 27875 I art     : Starting a blocking GC Explicit
08-06 04:02:10.437 24798 24798 I ExoPlayerImpl: Release c6651cb [ExoPlayerLib/2.10.8] [angler, Nexus 6P, Huawei, 23] [goog.exo.core, goog.exo.ui]
08-06 04:02:10.443 24798 27875 I art     : Explicit concurrent mark sweep GC freed 64(2704B) AllocSpace objects, 0(0B) LOS objects, 28% free, 40MB/56MB, paused 580us total 58.469ms
08-06 04:02:10.444   380   380 W SurfaceFlinger: couldn't log to binary event log: overflow.
08-06 04:02:10.458   512  2978 I OMX-VDEC-1080P: omx_vdec::component_deinit() complete
08-06 04:02:10.460   512  2978 I OMX-VDEC-1080P: Exit OMX vdec Destructor: fd=49
08-06 04:02:10.464 24798 27875 I art     : Starting a blocking GC Explicit
08-06 04:02:10.513 24798 27875 I art     : Explicit concurrent mark sweep GC freed 392(100KB) AllocSpace objects, 35(2MB) LOS objects, 29% free, 37MB/53MB, paused 481us total 48.610ms
08-06 04:02:10.531 24798 27875 I art     : Starting a blocking GC Explicit
08-06 04:02:10.578 24798 27875 I art     : Explicit concurrent mark sweep GC freed 169(7KB) AllocSpace objects, 0(0B) LOS objects, 29% free, 37MB/53MB, paused 510us total 46.435ms
08-06 04:02:10.841 22752 22752 I ServiceManager: Waiting for service AtCmdFwd...
08-06 04:02:10.928 24798 24811 I art     : Starting a blocking GC Explicit
08-06 04:02:10.992 24798 24811 I art     : Explicit concurrent mark sweep GC freed 4085(236KB) AllocSpace objects, 5(220KB) LOS objects, 29% free, 37MB/53MB, paused 569us total 63.967ms
08-06 04:02:11.013 24798 24811 I art     : Starting a blocking GC Explicit
08-06 04:02:11.062 24798 24811 I art     : Explicit concurrent mark sweep GC freed 20(704B) AllocSpace objects, 0(0B) LOS objects, 29% free, 37MB/53MB, paused 465us total 48.860ms
08-06 04:02:11.081 24798 24811 I art     : Starting a blocking GC Explicit
08-06 04:02:11.131 24798 24811 I art     : Explicit concurrent mark sweep GC freed 3(96B) AllocSpace objects, 0(0B) LOS objects, 29% free, 37MB/53MB, paused 493us total 49.514ms
08-06 04:02:11.150 24798 24811 I art     : Starting a blocking GC Explicit
08-06 04:02:11.200 24798 24811 I art     : Explicit concurrent mark sweep GC freed 3(96B) AllocSpace objects, 0(0B) LOS objects, 29% free, 37MB/53MB, paused 509us total 49.803ms
08-06 04:02:11.219 24798 24811 I art     : Starting a blocking GC Explicit
08-06 04:02:11.268 24798 24811 I art     : Explicit concurrent mark sweep GC freed 3(96B) AllocSpace objects, 0(0B) LOS objects, 29% free, 37MB/53MB, paused 548us total 49.140ms
08-06 04:02:11.386   918  1210 D NetlinkSocketObserver: NeighborEvent{elapsedMs=1833135261, 192.168.2.254, [7C3953A63323], RTM_NEWNEIGH, NUD_STALE}
08-06 04:02:11.590 24798 24827 I art     : Starting a blocking GC Explicit
08-06 04:02:11.646 24798 24827 I art     : Explicit concurrent mark sweep GC freed 1354(82KB) AllocSpace objects, 1(20KB) LOS objects, 29% free, 37MB/53MB, paused 543us total 56.248ms
08-06 04:02:11.665 24798 24827 I art     : Starting a blocking GC Explicit
08-06 04:02:11.718 24798 24827 I art     : Explicit concurrent mark sweep GC freed 20(704B) AllocSpace objects, 0(0B) LOS objects, 29% free, 37MB/53MB, paused 581us total 52.218ms
08-06 04:02:11.737 24798 24827 I art     : Starting a blocking GC Explicit
08-06 04:02:11.789 24798 24827 I art     : Explicit concurrent mark sweep GC freed 3(96B) AllocSpace objects, 0(0B) LOS objects, 29% free, 37MB/53MB, paused 536us total 51.994ms
08-06 04:02:11.808 24798 24827 I art     : Starting a blocking GC Explicit
08-06 04:02:11.842 22752 22752 W Atfwd_Sendcmd: AtCmdFwd service not published, waiting... retryCnt : 4
08-06 04:02:11.858 24798 24827 I art     : Explicit concurrent mark sweep GC freed 3(96B) AllocSpace objects, 0(0B) LOS objects, 29% free, 37MB/53MB, paused 572us total 49.686ms
08-06 04:02:11.862 28062 28062 D AndroidRuntime: >>>>>> START com.android.internal.os.RuntimeInit uid 2000 <<<<<<
08-06 04:02:11.868 28062 28062 D AndroidRuntime: CheckJNI is OFF
08-06 04:02:11.877 24798 24827 I art     : Starting a blocking GC Explicit
08-06 04:02:11.913 28062 28062 D ICU     : No timezone override file found: /data/misc/zoneinfo/current/icu/icu_tzdata.dat
08-06 04:02:11.927 24798 24827 I art     : Explicit concurrent mark sweep GC freed 3(96B) AllocSpace objects, 0(0B) LOS objects, 29% free, 37MB/53MB, paused 609us total 49.665ms
08-06 04:02:11.962 28062 28062 I Radio-JNI: register_android_hardware_Radio DONE
08-06 04:02:11.990 28062 28062 D AndroidRuntime: Calling main entry com.android.commands.input.Input
08-06 04:02:11.993 28062 28062 I Input   : injectMotionEvent: MotionEvent { action=ACTION_DOWN, actionButton=0, id[0]=0, x[0]=1340.0, y[0]=1100.0, toolType[0]=TOOL_TYPE_UNKNOWN, buttonState=0, metaState=0, flags=0x0, edgeFlags=0x0, pointerCount=1, historySize=0, eventTime=849748405, downTime=849748405, deviceId=0, source=0x1002 }
08-06 04:02:11.999 28062 28062 I Input   : injectMotionEvent: MotionEvent { action=ACTION_UP, actionButton=0, id[0]=0, x[0]=1340.0, y[0]=1100.0, toolType[0]=TOOL_TYPE_UNKNOWN, buttonState=0, metaState=0, flags=0x0, edgeFlags=0x0, pointerCount=1, historySize=0, eventTime=849748405, downTime=849748405, deviceId=0, source=0x1002 }
08-06 04:02:12.001 28062 28062 D AndroidRuntime: Shutting down VM
08-06 04:02:12.019   918  4413 I ActivityManager: START u0 {dat=https://oauth.reddit.com/... cmp=baseline.org.quantumbadger.redreader/.activities.CommentListingActivity} from uid 10705 on display 0
08-06 04:02:12.022   512  2967 D audio_hw_primary: out_set_parameters: enter: usecase(1: low-latency-playback) kvpairs: routing=2
08-06 04:02:12.036   512  2967 D audio_hw_primary: select_devices: out_snd_device(2: speaker) in_snd_device(0: none)
08-06 04:02:12.036   512  2967 D msm8974_platform: platform_send_audio_calibration: sending audio calibration for snd_device(2) acdb_id(15)
08-06 04:02:12.036   512  2967 I soundtrigger: audio_extn_sound_trigger_update_device_status: device 0x2 of type 0 for Event 1
08-06 04:02:12.046 24798 24798 I AppCompatViewInflater: app:theme is now deprecated. Please move to using android:theme instead.
08-06 04:02:12.047   512  2967 D audio_hw_primary: enable_snd_device: snd_device(2: speaker)
08-06 04:02:12.050   512  2967 D audio_hw_primary: enable_audio_route: apply and update mixer path: low-latency-playback speaker
08-06 04:02:12.065 24798 25375 I CommentListingActivity: COMMENTS session changed to cf1e9f3e-a368-4b6c-81f8-030db3b6dfbc
08-06 04:02:12.152   918   936 I ActivityManager: Displayed baseline.org.quantumbadger.redreader/.activities.CommentListingActivity: +122ms
08-06 04:02:12.159 13866 13866 I GoogleInputMethodServic: GoogleInputMethodService.onFinishInput():3138 
08-06 04:02:12.159 13866 13866 I GoogleInputMethodServic: GoogleInputMethodService.onStartInput():1808 
08-06 04:02:12.241 24798 24811 I art     : Starting a blocking GC Explicit
08-06 04:02:12.302 24798 24811 I art     : Explicit concurrent mark sweep GC freed 31433(1780KB) AllocSpace objects, 1(20KB) LOS objects, 28% free, 39MB/55MB, paused 688us total 61.082ms
08-06 04:02:12.322 24798 24811 I art     : Starting a blocking GC Explicit
08-06 04:02:12.382 24798 24811 I art     : Explicit concurrent mark sweep GC freed 13124(539KB) AllocSpace objects, 0(0B) LOS objects, 28% free, 39MB/55MB, paused 549us total 59.720ms
08-06 04:02:12.403 24798 24811 I art     : Starting a blocking GC Explicit
08-06 04:02:12.413   380   380 W SurfaceFlinger: couldn't log to binary event log: overflow.
08-06 04:02:12.458 24798 24811 I art     : Explicit concurrent mark sweep GC freed 71(3KB) AllocSpace objects, 0(0B) LOS objects, 28% free, 39MB/55MB, paused 501us total 55.092ms
08-06 04:02:12.478 24798 24811 I art     : Starting a blocking GC Explicit
08-06 04:02:12.536 24798 24811 I art     : Explicit concurrent mark sweep GC freed 33(1120B) AllocSpace objects, 0(0B) LOS objects, 28% free, 39MB/55MB, paused 863us total 57.307ms
08-06 04:02:12.557 24798 24811 I art     : Starting a blocking GC Explicit
08-06 04:02:12.589   512  2967 D audio_hw_primary: disable_audio_route: reset and update mixer path: low-latency-playback speaker
08-06 04:02:12.589   512  2967 D audio_hw_primary: disable_snd_device: snd_device(2: speaker)
08-06 04:02:12.598   512  2967 I soundtrigger: audio_extn_sound_trigger_update_device_status: device 0x2 of type 0 for Event 0
08-06 04:02:12.614 24798 24811 I art     : Explicit concurrent mark sweep GC freed 127(4KB) AllocSpace objects, 0(0B) LOS objects, 28% free, 39MB/55MB, paused 478us total 56.862ms
08-06 04:02:12.968 24798 24827 I art     : Starting a blocking GC Explicit
08-06 04:02:13.034 24798 24827 I art     : Explicit concurrent mark sweep GC freed 1358(82KB) AllocSpace objects, 1(20KB) LOS objects, 28% free, 39MB/55MB, paused 1.009ms total 65.879ms
08-06 04:02:13.055 24798 24827 I art     : Starting a blocking GC Explicit
08-06 04:02:13.111 24798 24827 I art     : Explicit concurrent mark sweep GC freed 20(704B) AllocSpace objects, 0(0B) LOS objects, 28% free, 39MB/55MB, paused 469us total 55.636ms
08-06 04:02:13.132 24798 24827 I art     : Starting a blocking GC Explicit
08-06 04:02:13.196 24798 24827 I art     : Explicit concurrent mark sweep GC freed 49(1920B) AllocSpace objects, 0(0B) LOS objects, 28% free, 39MB/55MB, paused 515us total 63.425ms
08-06 04:02:13.217 24798 24827 I art     : Starting a blocking GC Explicit
08-06 04:02:13.280 24798 24827 I art     : Explicit concurrent mark sweep GC freed 3(96B) AllocSpace objects, 0(0B) LOS objects, 28% free, 39MB/55MB, paused 524us total 63.374ms
08-06 04:02:13.302 24798 24827 I art     : Starting a blocking GC Explicit
08-06 04:02:13.371 24798 24827 I art     : Explicit concurrent mark sweep GC freed 3(96B) AllocSpace objects, 0(0B) LOS objects, 28% free, 39MB/55MB, paused 575us total 68.810ms
08-06 04:02:13.733 24798 25031 I art     : Starting a blocking GC Explicit
08-06 04:02:13.811 24798 25031 I art     : Explicit concurrent mark sweep GC freed 1354(82KB) AllocSpace objects, 1(20KB) LOS objects, 28% free, 39MB/55MB, paused 569us total 77.738ms
08-06 04:02:13.836 24798 25031 I art     : Starting a blocking GC Explicit
08-06 04:02:13.906 24798 25031 I art     : Explicit concurrent mark sweep GC freed 20(704B) AllocSpace objects, 0(0B) LOS objects, 28% free, 39MB/55MB, paused 552us total 69.825ms
08-06 04:02:13.927 24798 25031 I art     : Starting a blocking GC Explicit
08-06 04:02:13.996 24798 25031 I art     : Explicit concurrent mark sweep GC freed 3(96B) AllocSpace objects, 0(0B) LOS objects, 28% free, 39MB/55MB, paused 537us total 68.123ms
08-06 04:02:14.017 24798 25031 I art     : Starting a blocking GC Explicit
08-06 04:02:14.093 24798 25031 I art     : Explicit concurrent mark sweep GC freed 3(96B) AllocSpace objects, 0(0B) LOS objects, 28% free, 39MB/55MB, paused 598us total 74.951ms
08-06 04:02:14.116 24798 25031 I art     : Starting a blocking GC Explicit
08-06 04:02:14.187 24798 25031 I art     : Explicit concurrent mark sweep GC freed 3(96B) AllocSpace objects, 0(0B) LOS objects, 28% free, 39MB/55MB, paused 577us total 71.242ms
08-06 04:02:14.578 24798 24809 I art     : Starting a blocking GC Explicit
08-06 04:02:14.659 24798 24809 I art     : Explicit concurrent mark sweep GC freed 1354(82KB) AllocSpace objects, 1(20KB) LOS objects, 28% free, 39MB/55MB, paused 656us total 80.218ms
08-06 04:02:14.682 24798 24809 I art     : Starting a blocking GC Explicit
08-06 04:02:14.752 24798 24809 I art     : Explicit concurrent mark sweep GC freed 20(704B) AllocSpace objects, 0(0B) LOS objects, 28% free, 39MB/55MB, paused 544us total 69.853ms
08-06 04:02:14.773 24798 24809 I art     : Starting a blocking GC Explicit
08-06 04:02:14.844 24798 24809 I art     : Explicit concurrent mark sweep GC freed 3(96B) AllocSpace objects, 0(0B) LOS objects, 28% free, 39MB/55MB, paused 481us total 70.089ms
08-06 04:02:14.865 24798 24809 I art     : Starting a blocking GC Explicit
08-06 04:02:14.937 24798 24809 I art     : Explicit concurrent mark sweep GC freed 3(96B) AllocSpace objects, 0(0B) LOS objects, 28% free, 39MB/55MB, paused 512us total 71.476ms
08-06 04:02:14.958 24798 24809 I art     : Starting a blocking GC Explicit
08-06 04:02:15.031 24798 24809 I art     : Explicit concurrent mark sweep GC freed 3(96B) AllocSpace objects, 0(0B) LOS objects, 28% free, 39MB/55MB, paused 552us total 72.408ms
08-06 04:02:15.383 24798 27875 I art     : Starting a blocking GC Explicit
08-06 04:02:15.469 24798 27875 I art     : Explicit concurrent mark sweep GC freed 1354(82KB) AllocSpace objects, 1(20KB) LOS objects, 28% free, 39MB/55MB, paused 635us total 86.230ms
08-06 04:02:15.494 24798 27875 I art     : Starting a blocking GC Explicit
08-06 04:02:15.569 24798 27875 I art     : Explicit concurrent mark sweep GC freed 20(704B) AllocSpace objects, 0(0B) LOS objects, 28% free, 39MB/55MB, paused 571us total 74.988ms
08-06 04:02:15.590 24798 27875 I art     : Starting a blocking GC Explicit
08-06 04:02:15.664 24798 27875 I art     : Explicit concurrent mark sweep GC freed 3(96B) AllocSpace objects, 0(0B) LOS objects, 28% free, 39MB/55MB, paused 597us total 73.160ms
08-06 04:02:15.687 24798 27875 I art     : Starting a blocking GC Explicit
08-06 04:02:15.758 24798 27875 I art     : Explicit concurrent mark sweep GC freed 3(96B) AllocSpace objects, 0(0B) LOS objects, 28% free, 39MB/55MB, paused 590us total 70.405ms
08-06 04:02:15.779 24798 27875 I art     : Starting a blocking GC Explicit
08-06 04:02:15.855 24798 27875 I art     : Explicit concurrent mark sweep GC freed 3(96B) AllocSpace objects, 0(0B) LOS objects, 28% free, 39MB/55MB, paused 535us total 75.590ms
08-06 04:02:16.234 24798 24811 I art     : Starting a blocking GC Explicit
08-06 04:02:16.299 24798 24811 I art     : Explicit concurrent mark sweep GC freed 1354(82KB) AllocSpace objects, 1(20KB) LOS objects, 28% free, 39MB/55MB, paused 531us total 64.999ms
08-06 04:02:16.321 24798 24811 I art     : Starting a blocking GC Explicit
08-06 04:02:16.384 24798 24811 I art     : Explicit concurrent mark sweep GC freed 20(704B) AllocSpace objects, 0(0B) LOS objects, 28% free, 39MB/55MB, paused 559us total 63.337ms
08-06 04:02:16.405 24798 24811 I art     : Starting a blocking GC Explicit
08-06 04:02:16.472 24798 24811 I art     : Explicit concurrent mark sweep GC freed 3(96B) AllocSpace objects, 0(0B) LOS objects, 28% free, 39MB/55MB, paused 547us total 66.556ms
08-06 04:02:16.493 24798 24811 I art     : Starting a blocking GC Explicit
08-06 04:02:16.560 24798 24811 I art     : Explicit concurrent mark sweep GC freed 3(96B) AllocSpace objects, 0(0B) LOS objects, 28% free, 39MB/55MB, paused 549us total 66.313ms
08-06 04:02:16.581 24798 24811 I art     : Starting a blocking GC Explicit
08-06 04:02:16.649 24798 24811 I art     : Explicit concurrent mark sweep GC freed 3(96B) AllocSpace objects, 0(0B) LOS objects, 28% free, 39MB/55MB, paused 554us total 67.518ms
08-06 04:02:16.808 28148 28148 D AndroidRuntime: >>>>>> START com.android.internal.os.RuntimeInit uid 2000 <<<<<<
08-06 04:02:16.816 28148 28148 D AndroidRuntime: CheckJNI is OFF
08-06 04:02:16.859 28148 28148 D ICU     : No timezone override file found: /data/misc/zoneinfo/current/icu/icu_tzdata.dat
08-06 04:02:16.902 28148 28148 I Radio-JNI: register_android_hardware_Radio DONE
08-06 04:02:16.931 28148 28148 D AndroidRuntime: Calling main entry com.android.commands.input.Input
08-06 04:02:16.933 28148 28148 I Input   : injectKeyEvent: KeyEvent { action=ACTION_DOWN, keyCode=KEYCODE_BACK, scanCode=0, metaState=0, flags=0x0, repeatCount=0, eventTime=849753345, downTime=849753345, deviceId=-1, source=0x101 }
08-06 04:02:16.938 28148 28148 I Input   : injectKeyEvent: KeyEvent { action=ACTION_UP, keyCode=KEYCODE_BACK, scanCode=0, metaState=0, flags=0x0, repeatCount=0, eventTime=849753345, downTime=849753345, deviceId=-1, source=0x101 }
08-06 04:02:16.946 28148 28148 D AndroidRuntime: Shutting down VM
08-06 04:02:16.997 13866 13866 I GoogleInputMethodServic: GoogleInputMethodService.onFinishInput():3138 
08-06 04:02:16.998 13866 13866 I GoogleInputMethodServic: GoogleInputMethodService.onStartInput():1808 
08-06 04:02:17.032 24798 24827 I art     : Starting a blocking GC Explicit
08-06 04:02:17.032 24798 28087 I RedditChangeDataIO: Writing tmp data file at '/data/user/0/baseline.org.quantumbadger.redreader/files/rr_change_data_tmp.dat'
08-06 04:02:17.034 24798 28087 I RedditChangeDataManager: Taking snapshot...
08-06 04:02:17.034 24798 28087 I RedditChangeDataManager: Writing to stream...
08-06 04:02:17.034 24798 28087 I RedditChangeDataManager: Wrote 6 entries for user ''
08-06 04:02:17.034 24798 28087 I RedditChangeDataManager: All entries written to stream.
08-06 04:02:17.035 24798 28087 I RedditChangeDataIO: Write successful. Atomically replacing data file...
08-06 04:02:17.035 24798 28087 I RedditChangeDataIO: Write complete.
08-06 04:02:17.035 24798 28087 I RedditChangeDataIO: 158 bytes written in 3 ms
08-06 04:02:17.092 24798 24827 I art     : Explicit concurrent mark sweep GC freed 1686(95KB) AllocSpace objects, 2(88KB) LOS objects, 28% free, 39MB/55MB, paused 447us total 59.454ms
08-06 04:02:17.111 24798 24827 I art     : Starting a blocking GC Explicit
08-06 04:02:17.169 24798 24827 I art     : Explicit concurrent mark sweep GC freed 47(1952B) AllocSpace objects, 0(0B) LOS objects, 28% free, 39MB/55MB, paused 970us total 57.695ms
08-06 04:02:17.194 24798 24827 I art     : Starting a blocking GC Explicit
08-06 04:02:17.266 24798 24827 I art     : Explicit concurrent mark sweep GC freed 6(192B) AllocSpace objects, 0(0B) LOS objects, 28% free, 39MB/55MB, paused 503us total 70.723ms
08-06 04:02:17.291 24798 24827 I art     : Starting a blocking GC Explicit
08-06 04:02:17.318   380   380 W SurfaceFlinger: couldn't log to binary event log: overflow.
08-06 04:02:17.350 24798 24827 I art     : Explicit concurrent mark sweep GC freed 50(1888B) AllocSpace objects, 0(0B) LOS objects, 28% free, 39MB/55MB, paused 488us total 59.093ms
08-06 04:02:17.370 24798 24827 I art     : Starting a blocking GC Explicit
08-06 04:02:17.432 24798 24827 I art     : Explicit concurrent mark sweep GC freed 12(480B) AllocSpace objects, 0(0B) LOS objects, 28% free, 39MB/55MB, paused 529us total 61.989ms
08-06 04:02:17.781 24798 24811 I art     : Starting a blocking GC Explicit
08-06 04:02:17.854 24798 24811 I art     : Explicit concurrent mark sweep GC freed 42721(2MB) AllocSpace objects, 6(160KB) LOS objects, 29% free, 37MB/53MB, paused 555us total 72.512ms
08-06 04:02:17.874 24798 24811 I art     : Starting a blocking GC Explicit
08-06 04:02:17.924 24798 24811 I art     : Explicit concurrent mark sweep GC freed 20(704B) AllocSpace objects, 0(0B) LOS objects, 29% free, 37MB/53MB, paused 522us total 49.850ms
08-06 04:02:17.943 24798 24811 I art     : Starting a blocking GC Explicit
08-06 04:02:17.992 24798 24811 I art     : Explicit concurrent mark sweep GC freed 3(96B) AllocSpace objects, 0(0B) LOS objects, 29% free, 37MB/53MB, paused 512us total 48.859ms
08-06 04:02:18.011 24798 24811 I art     : Starting a blocking GC Explicit
08-06 04:02:18.062 24798 24811 I art     : Explicit concurrent mark sweep GC freed 3(96B) AllocSpace objects, 0(0B) LOS objects, 29% free, 37MB/53MB, paused 509us total 49.934ms
08-06 04:02:18.081 24798 24811 I art     : Starting a blocking GC Explicit
08-06 04:02:18.131 24798 24811 I art     : Explicit concurrent mark sweep GC freed 3(96B) AllocSpace objects, 0(0B) LOS objects, 29% free, 37MB/53MB, paused 502us total 49.545ms
08-06 04:02:18.452 24798 27875 I art     : Starting a blocking GC Explicit
08-06 04:02:18.511 24798 27875 I art     : Explicit concurrent mark sweep GC freed 1354(82KB) AllocSpace objects, 1(20KB) LOS objects, 29% free, 37MB/53MB, paused 597us total 59.283ms
08-06 04:02:18.535 24798 27875 I art     : Starting a blocking GC Explicit
08-06 04:02:18.587 24798 27875 I art     : Explicit concurrent mark sweep GC freed 20(704B) AllocSpace objects, 0(0B) LOS objects, 29% free, 37MB/53MB, paused 540us total 51.076ms
08-06 04:02:18.606 24798 27875 I art     : Starting a blocking GC Explicit
08-06 04:02:18.658 24798 27875 I art     : Explicit concurrent mark sweep GC freed 3(96B) AllocSpace objects, 0(0B) LOS objects, 29% free, 37MB/53MB, paused 576us total 51.699ms
08-06 04:02:18.677 24798 27875 I art     : Starting a blocking GC Explicit
08-06 04:02:18.729 24798 27875 I art     : Explicit concurrent mark sweep GC freed 3(96B) AllocSpace objects, 0(0B) LOS objects, 29% free, 37MB/53MB, paused 573us total 51.914ms
08-06 04:02:18.738 28181 28181 D AndroidRuntime: >>>>>> START com.android.internal.os.RuntimeInit uid 2000 <<<<<<
08-06 04:02:18.744 28181 28181 D AndroidRuntime: CheckJNI is OFF
08-06 04:02:18.748 24798 27875 I art     : Starting a blocking GC Explicit
08-06 04:02:18.789 28181 28181 D ICU     : No timezone override file found: /data/misc/zoneinfo/current/icu/icu_tzdata.dat
08-06 04:02:18.797 24798 27875 I art     : Explicit concurrent mark sweep GC freed 3(96B) AllocSpace objects, 0(0B) LOS objects, 29% free, 37MB/53MB, paused 577us total 48.773ms
08-06 04:02:18.836 28181 28181 I Radio-JNI: register_android_hardware_Radio DONE
08-06 04:02:18.865 28181 28181 D AndroidRuntime: Calling main entry com.android.commands.input.Input
08-06 04:02:18.868 28181 28181 I Input   : injectKeyEvent: KeyEvent { action=ACTION_DOWN, keyCode=KEYCODE_BACK, scanCode=0, metaState=0, flags=0x0, repeatCount=0, eventTime=849755281, downTime=849755281, deviceId=-1, source=0x101 }
08-06 04:02:18.874 28181 28181 I Input   : injectKeyEvent: KeyEvent { action=ACTION_UP, keyCode=KEYCODE_BACK, scanCode=0, metaState=0, flags=0x0, repeatCount=0, eventTime=849755281, downTime=849755281, deviceId=-1, source=0x101 }
08-06 04:02:18.880 28181 28181 D AndroidRuntime: Shutting down VM
08-06 04:02:18.915 13866 13866 I GoogleInputMethodServic: GoogleInputMethodService.onFinishInput():3138 
08-06 04:02:18.916 13866 13866 I GoogleInputMethodServic: GoogleInputMethodService.onStartInput():1808 
08-06 04:02:19.113 24798 24811 I art     : Starting a blocking GC Explicit
08-06 04:02:19.172 24798 24811 I art     : Explicit concurrent mark sweep GC freed 1534(88KB) AllocSpace objects, 1(20KB) LOS objects, 29% free, 37MB/53MB, paused 450us total 58.858ms
08-06 04:02:19.195 24798 24811 I art     : Starting a blocking GC Explicit
08-06 04:02:19.242 24798 24811 I art     : Explicit concurrent mark sweep GC freed 62(2128B) AllocSpace objects, 0(0B) LOS objects, 29% free, 37MB/53MB, paused 489us total 46.392ms
08-06 04:02:19.260 24798 24811 I art     : Starting a blocking GC Explicit
08-06 04:02:19.308 24798 24811 I art     : Explicit concurrent mark sweep GC freed 23(992B) AllocSpace objects, 0(0B) LOS objects, 29% free, 37MB/53MB, paused 595us total 47.705ms
08-06 04:02:19.326 24798 24811 I art     : Starting a blocking GC Explicit
08-06 04:02:19.376 24798 24811 I art     : Explicit concurrent mark sweep GC freed 133(6KB) AllocSpace objects, 0(0B) LOS objects, 29% free, 37MB/53MB, paused 550us total 50.072ms
08-06 04:02:19.395 24798 24811 I art     : Starting a blocking GC Explicit
08-06 04:02:19.446 24798 24811 I art     : Explicit concurrent mark sweep GC freed 3(96B) AllocSpace objects, 0(0B) LOS objects, 29% free, 37MB/53MB, paused 545us total 51.040ms
08-06 04:02:19.792 24798 27875 I art     : Starting a blocking GC Explicit
08-06 04:02:19.856 24798 27875 I art     : Explicit concurrent mark sweep GC freed 1354(82KB) AllocSpace objects, 1(20KB) LOS objects, 29% free, 37MB/53MB, paused 546us total 64.388ms
08-06 04:02:19.877 24798 27875 I art     : Starting a blocking GC Explicit
08-06 04:02:19.927 24798 27875 I art     : Explicit concurrent mark sweep GC freed 20(704B) AllocSpace objects, 0(0B) LOS objects, 29% free, 37MB/53MB, paused 543us total 49.988ms
08-06 04:02:19.946 24798 27875 I art     : Starting a blocking GC Explicit
08-06 04:02:19.996 24798 27875 I art     : Explicit concurrent mark sweep GC freed 3(96B) AllocSpace objects, 0(0B) LOS objects, 29% free, 37MB/53MB, paused 537us total 49.566ms
08-06 04:02:20.014 24798 27875 I art     : Starting a blocking GC Explicit
08-06 04:02:20.063 24798 27875 I art     : Explicit concurrent mark sweep GC freed 3(96B) AllocSpace objects, 0(0B) LOS objects, 29% free, 37MB/53MB, paused 548us total 48.721ms
08-06 04:02:20.082 24798 27875 I art     : Starting a blocking GC Explicit
08-06 04:02:20.132 24798 27875 I art     : Explicit concurrent mark sweep GC freed 3(96B) AllocSpace objects, 0(0B) LOS objects, 29% free, 37MB/53MB, paused 569us total 49.101ms
08-06 04:02:20.459 24798 24809 I art     : Starting a blocking GC Explicit
08-06 04:02:20.522 24798 24809 I art     : Explicit concurrent mark sweep GC freed 1354(82KB) AllocSpace objects, 1(20KB) LOS objects, 29% free, 37MB/53MB, paused 589us total 62.506ms
08-06 04:02:20.523 24798 24808 I art     : WaitForGcToComplete blocked for 52.806ms for cause HeapTrim
08-06 04:02:20.542 24798 24809 I art     : Starting a blocking GC Explicit
08-06 04:02:20.593 24798 24809 I art     : Explicit concurrent mark sweep GC freed 20(704B) AllocSpace objects, 0(0B) LOS objects, 29% free, 37MB/53MB, paused 564us total 51.440ms
08-06 04:02:20.612 24798 24809 I art     : Starting a blocking GC Explicit
08-06 04:02:20.663 24798 24809 I art     : Explicit concurrent mark sweep GC freed 3(96B) AllocSpace objects, 0(0B) LOS objects, 29% free, 37MB/53MB, paused 514us total 51.129ms
08-06 04:02:20.683 24798 24809 I art     : Starting a blocking GC Explicit
08-06 04:02:20.684 28224 28224 D AndroidRuntime: >>>>>> START com.android.internal.os.RuntimeInit uid 2000 <<<<<<
08-06 04:02:20.690 28224 28224 D AndroidRuntime: CheckJNI is OFF
08-06 04:02:20.733 24798 24809 I art     : Explicit concurrent mark sweep GC freed 3(96B) AllocSpace objects, 0(0B) LOS objects, 29% free, 37MB/53MB, paused 610us total 50.326ms
08-06 04:02:20.735 28224 28224 D ICU     : No timezone override file found: /data/misc/zoneinfo/current/icu/icu_tzdata.dat
08-06 04:02:20.753 24798 24809 I art     : Starting a blocking GC Explicit
08-06 04:02:20.783 28224 28224 I Radio-JNI: register_android_hardware_Radio DONE
08-06 04:02:20.803 24798 24809 I art     : Explicit concurrent mark sweep GC freed 3(96B) AllocSpace objects, 0(0B) LOS objects, 29% free, 37MB/53MB, paused 574us total 50.556ms
08-06 04:02:20.813 28224 28224 D AndroidRuntime: Calling main entry com.android.commands.input.Input
08-06 04:02:20.815 28224 28224 I Input   : injectMotionEvent: MotionEvent { action=ACTION_DOWN, actionButton=0, id[0]=0, x[0]=600.0, y[0]=1733.0, toolType[0]=TOOL_TYPE_UNKNOWN, buttonState=0, metaState=0, flags=0x0, edgeFlags=0x0, pointerCount=1, historySize=0, eventTime=849757227, downTime=849757227, deviceId=0, source=0x1002 }
08-06 04:02:20.824 28224 28224 I Input   : injectMotionEvent: MotionEvent { action=ACTION_UP, actionButton=0, id[0]=0, x[0]=600.0, y[0]=1733.0, toolType[0]=TOOL_TYPE_UNKNOWN, buttonState=0, metaState=0, flags=0x0, edgeFlags=0x0, pointerCount=1, historySize=0, eventTime=849757227, downTime=849757227, deviceId=0, source=0x1002 }
08-06 04:02:20.826 28224 28224 D AndroidRuntime: Shutting down VM
08-06 04:02:20.841   512  2967 D audio_hw_primary: out_set_parameters: enter: usecase(1: low-latency-playback) kvpairs: routing=2
08-06 04:02:20.843   918  4413 I ActivityManager: START u0 {dat=https://oauth.reddit.com/... cmp=baseline.org.quantumbadger.redreader/.activities.PostListingActivity} from uid 10705 on display 0
08-06 04:02:20.855   512  2967 D audio_hw_primary: select_devices: out_snd_device(2: speaker) in_snd_device(0: none)
08-06 04:02:20.855   512  2967 D msm8974_platform: platform_send_audio_calibration: sending audio calibration for snd_device(2) acdb_id(15)
08-06 04:02:20.855   512  2967 I soundtrigger: audio_extn_sound_trigger_update_device_status: device 0x2 of type 0 for Event 1
08-06 04:02:20.863 24798 24798 I AppCompatViewInflater: app:theme is now deprecated. Please move to using android:theme instead.
08-06 04:02:20.866   512  2967 D audio_hw_primary: enable_snd_device: snd_device(2: speaker)
08-06 04:02:20.868   512  2967 D audio_hw_primary: enable_audio_route: apply and update mixer path: low-latency-playback speaker
08-06 04:02:20.885 24798 28248 D OK      : calling: https://oauth.reddit.com/r/aww/about.json
08-06 04:02:20.956   918   936 I ActivityManager: Displayed baseline.org.quantumbadger.redreader/.activities.PostListingActivity: +105ms
08-06 04:02:20.957 13866 13866 I GoogleInputMethodServic: GoogleInputMethodService.onFinishInput():3138 
08-06 04:02:20.957 13866 13866 I GoogleInputMethodServic: GoogleInputMethodService.onStartInput():1808 
08-06 04:02:21.113 24798 25031 I art     : Starting a blocking GC Explicit
08-06 04:02:21.160 24798 25031 I art     : Explicit concurrent mark sweep GC freed 4955(264KB) AllocSpace objects, 1(20KB) LOS objects, 29% free, 37MB/53MB, paused 566us total 45.855ms
08-06 04:02:21.177 24798 25031 I art     : Starting a blocking GC Explicit
08-06 04:02:21.206   380   380 W SurfaceFlinger: couldn't log to binary event log: overflow.
08-06 04:02:21.215 24798 28248 I NAPPA_EXPERIMENTATION: MetricNetworkRequestExecutionTime: REQUEST_DURATION_SYSTEM='330',REQUEST_DURATION_OKHTTP='146',REQUEST_SYNCHRONOUS='TRUE',RESPONSE_CODE='200',RESPONSE_METHOD='GET',RESPONSE_LENGTH_OKHTTP='-1',RESPONSE_LENGTH_HEADER='3478',REQUEST_PROTOCOL='h2',REQUEST_URL='https://oauth.reddit.com/r/aww/about.json',
08-06 04:02:21.215 24798 28248 D OK      : request got status: 200
08-06 04:02:21.223 24798 25031 I art     : Explicit concurrent mark sweep GC freed 1017(63KB) AllocSpace objects, 0(0B) LOS objects, 29% free, 37MB/53MB, paused 648us total 45.303ms
08-06 04:02:21.241 24798 25031 I art     : Starting a blocking GC Explicit
08-06 04:02:21.285 24798 25031 I art     : Explicit concurrent mark sweep GC freed 501(124KB) AllocSpace objects, 1(68KB) LOS objects, 29% free, 37MB/53MB, paused 546us total 44.470ms
08-06 04:02:21.303 24798 25031 I art     : Starting a blocking GC Explicit
08-06 04:02:21.350 24798 25031 I art     : Explicit concurrent mark sweep GC freed 665(45KB) AllocSpace objects, 1(68KB) LOS objects, 29% free, 37MB/53MB, paused 578us total 46.724ms
08-06 04:02:21.368 24798 25031 I art     : Starting a blocking GC Explicit
08-06 04:02:21.398   512  2967 D audio_hw_primary: disable_audio_route: reset and update mixer path: low-latency-playback speaker
08-06 04:02:21.399   512  2967 D audio_hw_primary: disable_snd_device: snd_device(2: speaker)
08-06 04:02:21.407   512  2967 I soundtrigger: audio_extn_sound_trigger_update_device_status: device 0x2 of type 0 for Event 0
08-06 04:02:21.413 24798 25031 I art     : Explicit concurrent mark sweep GC freed 19(672B) AllocSpace objects, 0(0B) LOS objects, 29% free, 37MB/53MB, paused 535us total 44.955ms
08-06 04:02:21.745 24798 24809 I art     : Starting a blocking GC Explicit
08-06 04:02:21.798 24798 24809 I art     : Explicit concurrent mark sweep GC freed 1413(85KB) AllocSpace objects, 1(20KB) LOS objects, 29% free, 37MB/53MB, paused 632us total 52.101ms
08-06 04:02:21.817 24798 24809 I art     : Starting a blocking GC Explicit
08-06 04:02:21.866 24798 24809 I art     : Explicit concurrent mark sweep GC freed 20(704B) AllocSpace objects, 0(0B) LOS objects, 29% free, 37MB/53MB, paused 582us total 48.658ms
08-06 04:02:21.885 24798 24809 I art     : Starting a blocking GC Explicit
08-06 04:02:21.935 24798 24809 I art     : Explicit concurrent mark sweep GC freed 3(96B) AllocSpace objects, 0(0B) LOS objects, 29% free, 37MB/53MB, paused 565us total 49.579ms
08-06 04:02:21.953 24798 24809 I art     : Starting a blocking GC Explicit
08-06 04:02:22.002 24798 24809 I art     : Explicit concurrent mark sweep GC freed 3(96B) AllocSpace objects, 0(0B) LOS objects, 29% free, 37MB/53MB, paused 581us total 48.780ms
08-06 04:02:22.022 24798 24809 I art     : Starting a blocking GC Explicit
08-06 04:02:22.070 24798 24809 I art     : Explicit concurrent mark sweep GC freed 3(96B) AllocSpace objects, 0(0B) LOS objects, 29% free, 37MB/53MB, paused 567us total 48.236ms
08-06 04:02:22.086 24798 28272 D OK      : calling: https://oauth.reddit.com/r/aww/hot/.json
08-06 04:02:22.338 24798 28272 I NAPPA_EXPERIMENTATION: MetricNetworkRequestExecutionTime: REQUEST_DURATION_SYSTEM='252',REQUEST_DURATION_OKHTTP='248',REQUEST_SYNCHRONOUS='TRUE',RESPONSE_CODE='200',RESPONSE_METHOD='GET',RESPONSE_LENGTH_OKHTTP='-1',RESPONSE_LENGTH_HEADER='33430',REQUEST_PROTOCOL='h2',REQUEST_URL='https://oauth.reddit.com/r/aww/hot/.json',
08-06 04:02:22.338 24798 28272 D OK      : request got status: 200
08-06 04:02:22.367 24798 25375 I PostListingFragment: Precaching images: OFF
08-06 04:02:22.367 24798 25375 I PostListingFragment: Precaching comments: OFF
08-06 04:02:22.390 24798 25375 I getImgurImageInfo: Image NSO7Npm: trying API v3 with auth
08-06 04:02:22.406 24798 27269 I RedditVideosAPI: For 'https://v.redd.it/fkewv2f65kd51/DASHPlaylist.mpd', got video stream 'https://v.redd.it/fkewv2f65kd51/DASH_480' and audio stream 'https://v.redd.it/fkewv2f65kd51/audio'
08-06 04:02:22.418 24798 24827 I art     : Starting a blocking GC Explicit
08-06 04:02:22.479 24798 24827 I art     : Explicit concurrent mark sweep GC freed 19657(1316KB) AllocSpace objects, 38(1848KB) LOS objects, 27% free, 41MB/57MB, paused 1.238ms total 61.020ms
08-06 04:02:22.499 24798 24827 I art     : Starting a blocking GC Explicit
08-06 04:02:22.550 24798 24827 I art     : Explicit concurrent mark sweep GC freed 7692(654KB) AllocSpace objects, 38(2MB) LOS objects, 26% free, 43MB/59MB, paused 890us total 50.387ms
08-06 04:02:22.550 24798 27269 I RedditVideosAPI: For 'https://v.redd.it/ar5k8892pid51/DASHPlaylist.mpd', got video stream 'https://v.redd.it/ar5k8892pid51/DASH_360' and audio stream 'https://v.redd.it/ar5k8892pid51/audio'
08-06 04:02:22.556 24798 28284 I RedditVideosAPI: For 'https://v.redd.it/ak6rer1hskd51/DASHPlaylist.mpd', got video stream 'https://v.redd.it/ak6rer1hskd51/DASH_360' and audio stream 'null'
08-06 04:02:22.569 24798 24827 I art     : Starting a blocking GC Explicit
08-06 04:02:22.569 24798 27269 I RedditVideosAPI: For 'https://v.redd.it/1ewzkieg0jd51/DASHPlaylist.mpd', got video stream 'https://v.redd.it/1ewzkieg0jd51/DASH_480' and audio stream 'https://v.redd.it/1ewzkieg0jd51/audio'
08-06 04:02:22.569 24798 28284 I RedditVideosAPI: For 'https://v.redd.it/h49fg58ygjd51/DASHPlaylist.mpd', got video stream 'https://v.redd.it/h49fg58ygjd51/DASH_480' and audio stream 'null'
08-06 04:02:22.571 24798 27269 I RedditVideosAPI: For 'https://v.redd.it/s9qqadf3mid51/DASHPlaylist.mpd', got video stream 'https://v.redd.it/s9qqadf3mid51/DASH_480' and audio stream 'https://v.redd.it/s9qqadf3mid51/audio'
08-06 04:02:22.572 24798 28284 I RedditVideosAPI: For 'https://v.redd.it/ppmhu2r9thd51/DASHPlaylist.mpd', got video stream 'https://v.redd.it/ppmhu2r9thd51/DASH_480' and audio stream 'null'
08-06 04:02:22.574 24798 27269 I RedditVideosAPI: For 'https://v.redd.it/b8vazlcb7ld51/DASHPlaylist.mpd', got video stream 'https://v.redd.it/b8vazlcb7ld51/DASH_480' and audio stream 'https://v.redd.it/b8vazlcb7ld51/audio'
08-06 04:02:22.575 24798 28284 I RedditVideosAPI: For 'https://v.redd.it/ty24o02m1hd51/DASHPlaylist.mpd', got video stream 'https://v.redd.it/ty24o02m1hd51/DASH_480' and audio stream 'null'
08-06 04:02:22.613 24798 24798 W RecyclerView: Cannot call this method in a scroll callback. Scroll callbacks mightbe run during a measure & layout pass where you cannot change theRecyclerView data. Any method call that might change the structureof the RecyclerView or the adapter contents should be postponed tothe next frame.
08-06 04:02:22.613 24798 24798 W RecyclerView: java.lang.IllegalStateException:  androidx.recyclerview.widget.RecyclerView{5dc59c VFED..... .F....ID 0,0-1440,2140 #7f0900ef app:id/scrollbar_recyclerview_recyclerview}, adapter:baseline.org.quantumbadger.redreader.adapters.GroupedRecyclerViewAdapter@ccadba5, layout:androidx.recyclerview.widget.LinearLayoutManager@7e9fb7a, context:baseline.org.quantumbadger.redreader.activities.PostListingActivity@66293d8
08-06 04:02:22.613 24798 24798 W RecyclerView: 	at androidx.recyclerview.widget.RecyclerView.assertNotInLayoutOrScroll(RecyclerView.java:3061)
08-06 04:02:22.613 24798 24798 W RecyclerView: 	at androidx.recyclerview.widget.RecyclerView$RecyclerViewDataObserver.onItemRangeInserted(RecyclerView.java:5555)
08-06 04:02:22.613 24798 24798 W RecyclerView: 	at androidx.recyclerview.widget.RecyclerView$AdapterDataObservable.notifyItemRangeInserted(RecyclerView.java:12278)
08-06 04:02:22.613 24798 24798 W RecyclerView: 	at androidx.recyclerview.widget.RecyclerView$Adapter.notifyItemInserted(RecyclerView.java:7464)
08-06 04:02:22.613 24798 24798 W RecyclerView: 	at baseline.org.quantumbadger.redreader.adapters.GroupedRecyclerViewAdapter.updateHiddenStatus(GroupedRecyclerViewAdapter.java:279)
08-06 04:02:22.613 24798 24798 W RecyclerView: 	at baseline.org.quantumbadger.redreader.adapters.RedditListingManager.setLoadingVisible(RedditListingManager.java:125)
08-06 04:02:22.613 24798 24798 W RecyclerView: 	at baseline.org.quantumbadger.redreader.fragments.PostListingFragment.onLoadMoreItemsCheck(PostListingFragment.java:465)
08-06 04:02:22.613 24798 24798 W RecyclerView: 	at baseline.org.quantumbadger.redreader.fragments.PostListingFragment.access$000(PostListingFragment.java:98)
08-06 04:02:22.613 24798 24798 W RecyclerView: 	at baseline.org.quantumbadger.redreader.fragments.PostListingFragment$2.onScrolled(PostListingFragment.java:215)
08-06 04:02:22.613 24798 24798 W RecyclerView: 	at androidx.recyclerview.widget.RecyclerView.dispatchOnScrolled(RecyclerView.java:5173)
08-06 04:02:22.613 24798 24798 W RecyclerView: 	at androidx.recyclerview.widget.RecyclerView.dispatchLayoutStep3(RecyclerView.java:4231)
08-06 04:02:22.613 24798 24798 W RecyclerView: 	at androidx.recyclerview.widget.RecyclerView.dispatchLayout(RecyclerView.java:3862)
08-06 04:02:22.613 24798 24798 W RecyclerView: 	at androidx.recyclerview.widget.RecyclerView.consumePendingUpdateOperations(RecyclerView.java:1897)
08-06 04:02:22.613 24798 24798 W RecyclerView: 	at androidx.recyclerview.widget.RecyclerView$1.run(RecyclerView.java:414)
08-06 04:02:22.613 24798 24798 W RecyclerView: 	at android.view.Choreographer$CallbackRecord.run(Choreographer.java:858)
08-06 04:02:22.613 24798 24798 W RecyclerView: 	at android.view.Choreographer.doCallbacks(Choreographer.java:670)
08-06 04:02:22.613 24798 24798 W RecyclerView: 	at android.view.Choreographer.doFrame(Choreographer.java:603)
08-06 04:02:22.613 24798 24798 W RecyclerView: 	at android.view.Choreographer$FrameDisplayEventReceiver.run(Choreographer.java:844)
08-06 04:02:22.613 24798 24798 W RecyclerView: 	at android.os.Handler.handleCallback(Handler.java:739)
08-06 04:02:22.613 24798 24798 W RecyclerView: 	at android.os.Handler.dispatchMessage(Handler.java:95)
08-06 04:02:22.613 24798 24798 W RecyclerView: 	at android.os.Looper.loop(Looper.java:148)
08-06 04:02:22.613 24798 24798 W RecyclerView: 	at android.app.ActivityThread.main(ActivityThread.java:5417)
08-06 04:02:22.613 24798 24798 W RecyclerView: 	at java.lang.reflect.Method.invoke(Native Method)
08-06 04:02:22.613 24798 24798 W RecyclerView: 	at com.android.internal.os.ZygoteInit$MethodAndArgsCaller.run(ZygoteInit.java:726)
08-06 04:02:22.613 24798 24798 W RecyclerView: 	at com.android.internal.os.ZygoteInit.main(ZygoteInit.java:616)
08-06 04:02:22.620 24798 24827 I art     : Explicit concurrent mark sweep GC freed 24451(1681KB) AllocSpace objects, 21(1272KB) LOS objects, 27% free, 43MB/59MB, paused 994us total 51.316ms
08-06 04:02:22.639 24798 24827 I art     : Starting a blocking GC Explicit
08-06 04:02:22.688 24798 24827 I art     : Explicit concurrent mark sweep GC freed 681(66KB) AllocSpace objects, 0(0B) LOS objects, 27% free, 43MB/59MB, paused 707us total 48.771ms
08-06 04:02:22.706 24798 24827 I art     : Starting a blocking GC Explicit
08-06 04:02:22.755 24798 24827 I art     : Explicit concurrent mark sweep GC freed 116(7KB) AllocSpace objects, 0(0B) LOS objects, 27% free, 43MB/59MB, paused 632us total 48.250ms
08-06 04:02:23.115 24798 27875 I art     : Starting a blocking GC Explicit
08-06 04:02:23.190 24798 27875 I art     : Explicit concurrent mark sweep GC freed 1679(97KB) AllocSpace objects, 1(20KB) LOS objects, 27% free, 43MB/59MB, paused 637us total 74.749ms
08-06 04:02:23.213 24798 27875 I art     : Starting a blocking GC Explicit
08-06 04:02:23.270 24798 27875 I art     : Explicit concurrent mark sweep GC freed 30(1104B) AllocSpace objects, 0(0B) LOS objects, 27% free, 43MB/59MB, paused 597us total 57.080ms
08-06 04:02:23.288 24798 28296 D OK      : calling: https://oauth.reddit.com/r/aww/hot/.json?after=t3_hz5odc
08-06 04:02:23.291 24798 27875 I art     : Starting a blocking GC Explicit
08-06 04:02:23.350 24798 27875 I art     : Explicit concurrent mark sweep GC freed 62(2768B) AllocSpace objects, 0(0B) LOS objects, 27% free, 43MB/59MB, paused 708us total 58.705ms
08-06 04:02:23.370 24798 27875 I art     : Starting a blocking GC Explicit
08-06 04:02:23.428 24798 27875 I art     : Explicit concurrent mark sweep GC freed 48(1776B) AllocSpace objects, 0(0B) LOS objects, 27% free, 43MB/59MB, paused 736us total 57.848ms
08-06 04:02:23.448 24798 27875 I art     : Starting a blocking GC Explicit
08-06 04:02:23.466 24798 28296 I NAPPA_EXPERIMENTATION: MetricNetworkRequestExecutionTime: REQUEST_DURATION_SYSTEM='177',REQUEST_DURATION_OKHTTP='169',REQUEST_SYNCHRONOUS='TRUE',RESPONSE_CODE='200',RESPONSE_METHOD='GET',RESPONSE_LENGTH_OKHTTP='-1',RESPONSE_LENGTH_HEADER='30610',REQUEST_PROTOCOL='h2',REQUEST_URL='https://oauth.reddit.com/r/aww/hot/.json?after=t3_hz5odc',
08-06 04:02:23.467 24798 28296 D OK      : request got status: 200
08-06 04:02:23.480 24798 28285 I PostListingFragment: Precaching images: OFF
08-06 04:02:23.481 24798 28285 I PostListingFragment: Precaching comments: OFF
08-06 04:02:23.505 24798 27875 I art     : Explicit concurrent mark sweep GC freed 1565(121KB) AllocSpace objects, 0(0B) LOS objects, 26% free, 43MB/59MB, paused 995us total 56.848ms
08-06 04:02:23.583 24798 28285 I getImgurImageInfo: Image nLQR2hT: trying API v3 with auth
08-06 04:02:23.670 24798 27269 I RedditVideosAPI: For 'https://v.redd.it/ue0jdgk9zhd51/DASHPlaylist.mpd', got video stream 'https://v.redd.it/ue0jdgk9zhd51/DASH_360' and audio stream 'https://v.redd.it/ue0jdgk9zhd51/audio'
08-06 04:02:23.680 24798 27269 I RedditVideosAPI: For 'https://v.redd.it/syww111dtjd51/DASHPlaylist.mpd', got video stream 'https://v.redd.it/syww111dtjd51/DASH_480' and audio stream 'https://v.redd.it/syww111dtjd51/audio'
08-06 04:02:23.681 24798 27269 I RedditVideosAPI: For 'https://v.redd.it/pbqrrfb3tkd51/DASHPlaylist.mpd', got video stream 'https://v.redd.it/pbqrrfb3tkd51/DASH_480' and audio stream 'null'
08-06 04:02:23.682 24798 27269 I RedditVideosAPI: For 'https://v.redd.it/rrygsb8i4ld51/DASHPlaylist.mpd', got video stream 'https://v.redd.it/rrygsb8i4ld51/DASH_480' and audio stream 'https://v.redd.it/rrygsb8i4ld51/audio'
08-06 04:02:23.683 24798 27269 I RedditVideosAPI: For 'https://v.redd.it/5x6zzipz8ld51/DASHPlaylist.mpd', got video stream 'https://v.redd.it/5x6zzipz8ld51/DASH_480' and audio stream 'null'
08-06 04:02:23.684 24798 27269 I RedditVideosAPI: For 'https://v.redd.it/75en73fm5id51/DASHPlaylist.mpd', got video stream 'https://v.redd.it/75en73fm5id51/DASH_480' and audio stream 'https://v.redd.it/75en73fm5id51/audio'
08-06 04:02:23.685 24798 27269 I RedditVideosAPI: For 'https://v.redd.it/ggz4fyth6hd51/DASHPlaylist.mpd', got video stream 'https://v.redd.it/ggz4fyth6hd51/DASH_360' and audio stream 'null'
08-06 04:02:23.687 24798 27269 I RedditVideosAPI: For 'https://v.redd.it/psrknoobrgd51/DASHPlaylist.mpd', got video stream 'https://v.redd.it/psrknoobrgd51/DASH_480' and audio stream 'null'
08-06 04:02:23.688 24798 27269 I RedditVideosAPI: For 'https://v.redd.it/jk6cwef4wld51/DASHPlaylist.mpd', got video stream 'https://v.redd.it/jk6cwef4wld51/DASH_480' and audio stream 'null'
08-06 04:02:23.688 24798 28297 I RedditVideosAPI: For 'https://v.redd.it/t81s8zfz9ld51/DASHPlaylist.mpd', got video stream 'https://v.redd.it/t81s8zfz9ld51/DASH_480' and audio stream 'https://v.redd.it/t81s8zfz9ld51/audio'
08-06 04:02:23.689 24798 27269 I RedditVideosAPI: For 'https://v.redd.it/xd6c4yyutgd51/DASHPlaylist.mpd', got video stream 'https://v.redd.it/xd6c4yyutgd51/DASH_480' and audio stream 'null'
08-06 04:02:23.836 24798 24811 I art     : Starting a blocking GC Explicit
08-06 04:02:23.914 24798 24811 I art     : Explicit concurrent mark sweep GC freed 42233(2MB) AllocSpace objects, 98(5MB) LOS objects, 24% free, 48MB/64MB, paused 676us total 77.267ms
08-06 04:02:23.934 24798 24811 I art     : Starting a blocking GC Explicit
08-06 04:02:23.994 24798 24811 I art     : Explicit concurrent mark sweep GC freed 2354(98KB) AllocSpace objects, 0(0B) LOS objects, 24% free, 48MB/64MB, paused 657us total 59.837ms
08-06 04:02:24.014 24798 24811 I art     : Starting a blocking GC Explicit
08-06 04:02:24.078 24798 24811 I art     : Explicit concurrent mark sweep GC freed 3(96B) AllocSpace objects, 0(0B) LOS objects, 24% free, 48MB/64MB, paused 717us total 64.284ms
08-06 04:02:24.101 24798 24811 I art     : Starting a blocking GC Explicit
08-06 04:02:24.162 24798 24811 I art     : Explicit concurrent mark sweep GC freed 3(96B) AllocSpace objects, 0(0B) LOS objects, 24% free, 48MB/64MB, paused 631us total 60.695ms
08-06 04:02:24.182 24798 24811 I art     : Starting a blocking GC Explicit
08-06 04:02:24.243 24798 24811 I art     : Explicit concurrent mark sweep GC freed 3(96B) AllocSpace objects, 0(0B) LOS objects, 24% free, 48MB/64MB, paused 639us total 60.174ms
08-06 04:02:24.623 24798 24809 I art     : Starting a blocking GC Explicit
08-06 04:02:24.697 24798 24809 I art     : Explicit concurrent mark sweep GC freed 1356(83KB) AllocSpace objects, 1(20KB) LOS objects, 24% free, 48MB/64MB, paused 670us total 73.558ms
08-06 04:02:24.719 24798 24809 I art     : Starting a blocking GC Explicit
08-06 04:02:24.776 24798 24809 I art     : Explicit concurrent mark sweep GC freed 20(704B) AllocSpace objects, 0(0B) LOS objects, 24% free, 48MB/64MB, paused 629us total 56.534ms
08-06 04:02:24.796 24798 24809 I art     : Starting a blocking GC Explicit
08-06 04:02:24.856 24798 24809 I art     : Explicit concurrent mark sweep GC freed 3(96B) AllocSpace objects, 0(0B) LOS objects, 24% free, 48MB/64MB, paused 635us total 60.053ms
08-06 04:02:24.880 24798 24809 I art     : Starting a blocking GC Explicit
08-06 04:02:24.941 24798 24809 I art     : Explicit concurrent mark sweep GC freed 3(96B) AllocSpace objects, 0(0B) LOS objects, 24% free, 48MB/64MB, paused 833us total 60.313ms
08-06 04:02:24.965 24798 24809 I art     : Starting a blocking GC Explicit
08-06 04:02:25.022 24798 24809 I art     : Explicit concurrent mark sweep GC freed 3(96B) AllocSpace objects, 0(0B) LOS objects, 24% free, 48MB/64MB, paused 643us total 56.974ms
08-06 04:02:25.396 24798 25031 I art     : Starting a blocking GC Explicit
08-06 04:02:25.476 24798 25031 I art     : Explicit concurrent mark sweep GC freed 1357(83KB) AllocSpace objects, 1(20KB) LOS objects, 24% free, 48MB/64MB, paused 658us total 79.804ms
08-06 04:02:25.499 24798 25031 I art     : Starting a blocking GC Explicit
08-06 04:02:25.557 24798 25031 I art     : Explicit concurrent mark sweep GC freed 20(704B) AllocSpace objects, 0(0B) LOS objects, 24% free, 48MB/64MB, paused 636us total 57.986ms
08-06 04:02:25.577 24798 25031 I art     : Starting a blocking GC Explicit
08-06 04:02:25.636 24798 25031 I art     : Explicit concurrent mark sweep GC freed 3(96B) AllocSpace objects, 0(0B) LOS objects, 24% free, 48MB/64MB, paused 635us total 58.270ms
08-06 04:02:25.636 24798 24808 I art     : WaitForGcToComplete blocked for 41.782ms for cause HeapTrim
08-06 04:02:25.655 24798 25031 I art     : Starting a blocking GC Explicit
08-06 04:02:25.718 24798 25031 I art     : Explicit concurrent mark sweep GC freed 3(96B) AllocSpace objects, 0(0B) LOS objects, 24% free, 48MB/64MB, paused 698us total 61.796ms
08-06 04:02:25.740 24798 25031 I art     : Starting a blocking GC Explicit
08-06 04:02:25.800 24798 25031 I art     : Explicit concurrent mark sweep GC freed 3(96B) AllocSpace objects, 0(0B) LOS objects, 24% free, 48MB/64MB, paused 647us total 59.643ms
08-06 04:02:26.181 24798 24827 I art     : Starting a blocking GC Explicit
08-06 04:02:26.249 24798 24827 I art     : Explicit concurrent mark sweep GC freed 1358(83KB) AllocSpace objects, 1(20KB) LOS objects, 24% free, 48MB/64MB, paused 846us total 67.200ms
08-06 04:02:26.270 24798 24827 I art     : Starting a blocking GC Explicit
08-06 04:02:26.328 24798 24827 I art     : Explicit concurrent mark sweep GC freed 20(704B) AllocSpace objects, 0(0B) LOS objects, 24% free, 48MB/64MB, paused 686us total 58.061ms
08-06 04:02:26.348 24798 24827 I art     : Starting a blocking GC Explicit
08-06 04:02:26.404 24798 24827 I art     : Explicit concurrent mark sweep GC freed 3(96B) AllocSpace objects, 0(0B) LOS objects, 24% free, 48MB/64MB, paused 612us total 55.172ms
08-06 04:02:26.423 24798 24827 I art     : Starting a blocking GC Explicit
08-06 04:02:26.480 24798 24827 I art     : Explicit concurrent mark sweep GC freed 3(96B) AllocSpace objects, 0(0B) LOS objects, 24% free, 48MB/64MB, paused 560us total 56.794ms
08-06 04:02:26.500 24798 24827 I art     : Starting a blocking GC Explicit
08-06 04:02:26.557 24798 24827 I art     : Explicit concurrent mark sweep GC freed 3(96B) AllocSpace objects, 0(0B) LOS objects, 24% free, 48MB/64MB, paused 643us total 56.982ms
08-06 04:02:26.640 28336 28336 D AndroidRuntime: >>>>>> START com.android.internal.os.RuntimeInit uid 2000 <<<<<<
08-06 04:02:26.647 28336 28336 D AndroidRuntime: CheckJNI is OFF
08-06 04:02:26.697 28336 28336 D ICU     : No timezone override file found: /data/misc/zoneinfo/current/icu/icu_tzdata.dat
08-06 04:02:26.744 28336 28336 I Radio-JNI: register_android_hardware_Radio DONE
08-06 04:02:26.773 28336 28336 D AndroidRuntime: Calling main entry com.android.commands.input.Input
08-06 04:02:26.775 28336 28336 I Input   : injectMotionEvent: MotionEvent { action=ACTION_DOWN, actionButton=0, id[0]=0, x[0]=1340.0, y[0]=1100.0, toolType[0]=TOOL_TYPE_UNKNOWN, buttonState=0, metaState=0, flags=0x0, edgeFlags=0x0, pointerCount=1, historySize=0, eventTime=849763187, downTime=849763187, deviceId=0, source=0x1002 }
08-06 04:02:26.780 28336 28336 I Input   : injectMotionEvent: MotionEvent { action=ACTION_UP, actionButton=0, id[0]=0, x[0]=1340.0, y[0]=1100.0, toolType[0]=TOOL_TYPE_UNKNOWN, buttonState=0, metaState=0, flags=0x0, edgeFlags=0x0, pointerCount=1, historySize=0, eventTime=849763187, downTime=849763187, deviceId=0, source=0x1002 }
08-06 04:02:26.787 28336 28336 D AndroidRuntime: Shutting down VM
08-06 04:02:26.801   512  2967 D audio_hw_primary: out_set_parameters: enter: usecase(1: low-latency-playback) kvpairs: routing=2
08-06 04:02:26.803   918  5952 I ActivityManager: START u0 {dat=https://oauth.reddit.com/... cmp=baseline.org.quantumbadger.redreader/.activities.CommentListingActivity} from uid 10705 on display 0
08-06 04:02:26.817   512  2967 D audio_hw_primary: select_devices: out_snd_device(2: speaker) in_snd_device(0: none)
08-06 04:02:26.817   512  2967 D msm8974_platform: platform_send_audio_calibration: sending audio calibration for snd_device(2) acdb_id(15)
08-06 04:02:26.817   512  2967 I soundtrigger: audio_extn_sound_trigger_update_device_status: device 0x2 of type 0 for Event 1
08-06 04:02:26.831   512  2967 D audio_hw_primary: enable_snd_device: snd_device(2: speaker)
08-06 04:02:26.833 24798 24798 I AppCompatViewInflater: app:theme is now deprecated. Please move to using android:theme instead.
08-06 04:02:26.833   512  2967 D audio_hw_primary: enable_audio_route: apply and update mixer path: low-latency-playback speaker
08-06 04:02:26.854 24798 28285 I CommentListingActivity: COMMENTS session changed to cf1e9f3e-a368-4b6c-81f8-030db3b6dfbc
08-06 04:02:26.919 24798 25031 I art     : Starting a blocking GC Explicit
08-06 04:02:26.956   918   936 I ActivityManager: Displayed baseline.org.quantumbadger.redreader/.activities.CommentListingActivity: +144ms
08-06 04:02:26.959 13866 13866 I GoogleInputMethodServic: GoogleInputMethodService.onFinishInput():3138 
08-06 04:02:26.961 13866 13866 I GoogleInputMethodServic: GoogleInputMethodService.onStartInput():1808 
08-06 04:02:26.998 24798 25031 I art     : Explicit concurrent mark sweep GC freed 17261(916KB) AllocSpace objects, 1(20KB) LOS objects, 24% free, 50MB/66MB, paused 1.531ms total 78.498ms
08-06 04:02:27.025 24798 25031 I art     : Starting a blocking GC Explicit
08-06 04:02:27.087 24798 25031 I art     : Explicit concurrent mark sweep GC freed 21964(1429KB) AllocSpace objects, 53(10MB) LOS objects, 28% free, 39MB/55MB, paused 671us total 62.517ms
08-06 04:02:27.109 24798 25031 I art     : Starting a blocking GC Explicit
08-06 04:02:27.176 24798 25031 I art     : Explicit concurrent mark sweep GC freed 12722(511KB) AllocSpace objects, 0(0B) LOS objects, 28% free, 39MB/55MB, paused 577us total 66.625ms
08-06 04:02:27.197   380   380 W SurfaceFlinger: couldn't log to binary event log: overflow.
08-06 04:02:27.200 24798 25031 I art     : Starting a blocking GC Explicit
08-06 04:02:27.259 24798 25031 I art     : Explicit concurrent mark sweep GC freed 79(4KB) AllocSpace objects, 0(0B) LOS objects, 28% free, 39MB/55MB, paused 553us total 59.417ms
08-06 04:02:27.280 24798 25031 I art     : Starting a blocking GC Explicit
08-06 04:02:27.340 24798 25031 I art     : Explicit concurrent mark sweep GC freed 143(4KB) AllocSpace objects, 0(0B) LOS objects, 28% free, 39MB/55MB, paused 578us total 59.715ms
08-06 04:02:27.369   512  2967 D audio_hw_primary: disable_audio_route: reset and update mixer path: low-latency-playback speaker
08-06 04:02:27.370   512  2967 D audio_hw_primary: disable_snd_device: snd_device(2: speaker)
08-06 04:02:27.379   512  2967 I soundtrigger: audio_extn_sound_trigger_update_device_status: device 0x2 of type 0 for Event 0
08-06 04:02:27.387 24798 28283 I RedditChangeDataIO: Writing tmp data file at '/data/user/0/baseline.org.quantumbadger.redreader/files/rr_change_data_tmp.dat'
08-06 04:02:27.388 24798 28283 I RedditChangeDataManager: Taking snapshot...
08-06 04:02:27.388 24798 28283 I RedditChangeDataManager: Writing to stream...
08-06 04:02:27.388 24798 28283 I RedditChangeDataManager: Wrote 6 entries for user ''
08-06 04:02:27.388 24798 28283 I RedditChangeDataManager: All entries written to stream.
08-06 04:02:27.388 24798 28283 I RedditChangeDataIO: Write successful. Atomically replacing data file...
08-06 04:02:27.389 24798 28283 I RedditChangeDataIO: Write complete.
08-06 04:02:27.389 24798 28283 I RedditChangeDataIO: 158 bytes written in 2 ms
08-06 04:02:27.692 24798 24809 I art     : Starting a blocking GC Explicit
08-06 04:02:27.759 24798 24809 I art     : Explicit concurrent mark sweep GC freed 1452(88KB) AllocSpace objects, 2(88KB) LOS objects, 28% free, 39MB/55MB, paused 604us total 66.332ms
08-06 04:02:27.782 24798 24809 I art     : Starting a blocking GC Explicit
08-06 04:02:27.839 24798 24809 I art     : Explicit concurrent mark sweep GC freed 23(800B) AllocSpace objects, 0(0B) LOS objects, 28% free, 39MB/55MB, paused 484us total 57.084ms
08-06 04:02:27.860 24798 24809 I art     : Starting a blocking GC Explicit
08-06 04:02:27.921 24798 24809 I art     : Explicit concurrent mark sweep GC freed 3(96B) AllocSpace objects, 0(0B) LOS objects, 28% free, 39MB/55MB, paused 540us total 60.047ms
08-06 04:02:27.942 24798 24809 I art     : Starting a blocking GC Explicit
08-06 04:02:28.007 24798 24809 I art     : Explicit concurrent mark sweep GC freed 49(1920B) AllocSpace objects, 0(0B) LOS objects, 28% free, 39MB/55MB, paused 554us total 64.417ms
08-06 04:02:28.028 24798 24809 I art     : Starting a blocking GC Explicit
08-06 04:02:28.092 24798 24809 I art     : Explicit concurrent mark sweep GC freed 3(96B) AllocSpace objects, 0(0B) LOS objects, 28% free, 39MB/55MB, paused 547us total 63.601ms
08-06 04:02:28.444 24798 24811 I art     : Starting a blocking GC Explicit
08-06 04:02:28.525 24798 24811 I art     : Explicit concurrent mark sweep GC freed 1357(83KB) AllocSpace objects, 1(20KB) LOS objects, 28% free, 39MB/55MB, paused 627us total 80.518ms
08-06 04:02:28.548 24798 24811 I art     : Starting a blocking GC Explicit
08-06 04:02:28.618 24798 24811 I art     : Explicit concurrent mark sweep GC freed 49(2176B) AllocSpace objects, 0(0B) LOS objects, 28% free, 39MB/55MB, paused 526us total 69.401ms
08-06 04:02:28.640 24798 24811 I art     : Starting a blocking GC Explicit
08-06 04:02:28.708 24798 24811 I art     : Explicit concurrent mark sweep GC freed 249(42KB) AllocSpace objects, 0(0B) LOS objects, 28% free, 39MB/55MB, paused 506us total 68.104ms
08-06 04:02:28.730 24798 24811 I art     : Starting a blocking GC Explicit
08-06 04:02:28.801 24798 24811 I art     : Explicit concurrent mark sweep GC freed 68(2272B) AllocSpace objects, 0(0B) LOS objects, 28% free, 39MB/55MB, paused 551us total 70.312ms
08-06 04:02:28.822 24798 24811 I art     : Starting a blocking GC Explicit
08-06 04:02:28.894 24798 24811 I art     : Explicit concurrent mark sweep GC freed 3(96B) AllocSpace objects, 0(0B) LOS objects, 28% free, 39MB/55MB, paused 534us total 71.411ms
08-06 04:02:29.220   918  3188 I hubconnection: sensorhub said: 'set_bias 3: -5.7600, 0.0000, 0.0000'
08-06 04:02:29.272 24798 25031 I art     : Starting a blocking GC Explicit
08-06 04:02:29.350 24798 25031 I art     : Explicit concurrent mark sweep GC freed 1354(82KB) AllocSpace objects, 1(20KB) LOS objects, 28% free, 39MB/55MB, paused 592us total 78.267ms
08-06 04:02:29.377 24798 25031 I art     : Starting a blocking GC Explicit
08-06 04:02:29.453 24798 25031 I art     : Explicit concurrent mark sweep GC freed 20(704B) AllocSpace objects, 0(0B) LOS objects, 28% free, 39MB/55MB, paused 576us total 75.970ms
08-06 04:02:29.477 24798 25031 I art     : Starting a blocking GC Explicit
08-06 04:02:29.549 24798 25031 I art     : Explicit concurrent mark sweep GC freed 3(96B) AllocSpace objects, 0(0B) LOS objects, 28% free, 39MB/55MB, paused 618us total 71.500ms
08-06 04:02:29.572 24798 25031 I art     : Starting a blocking GC Explicit
08-06 04:02:29.642 24798 25031 I art     : Explicit concurrent mark sweep GC freed 3(96B) AllocSpace objects, 0(0B) LOS objects, 28% free, 39MB/55MB, paused 542us total 69.594ms
08-06 04:02:29.664 24798 25031 I art     : Starting a blocking GC Explicit
08-06 04:02:29.741 24798 25031 I art     : Explicit concurrent mark sweep GC freed 3(96B) AllocSpace objects, 0(0B) LOS objects, 28% free, 39MB/55MB, paused 562us total 76.456ms
08-06 04:02:30.108 24798 27875 I art     : Starting a blocking GC Explicit
08-06 04:02:30.193 24798 27875 I art     : Explicit concurrent mark sweep GC freed 1354(82KB) AllocSpace objects, 1(20KB) LOS objects, 28% free, 39MB/55MB, paused 589us total 85.159ms
08-06 04:02:30.216 24798 27875 I art     : Starting a blocking GC Explicit
08-06 04:02:30.287 24798 27875 I art     : Explicit concurrent mark sweep GC freed 20(704B) AllocSpace objects, 0(0B) LOS objects, 28% free, 39MB/55MB, paused 554us total 70.286ms
08-06 04:02:30.308 24798 27875 I art     : Starting a blocking GC Explicit
08-06 04:02:30.385 24798 27875 I art     : Explicit concurrent mark sweep GC freed 3(96B) AllocSpace objects, 0(0B) LOS objects, 28% free, 39MB/55MB, paused 528us total 75.698ms
08-06 04:02:30.407 24798 27875 I art     : Starting a blocking GC Explicit
08-06 04:02:30.480 24798 27875 I art     : Explicit concurrent mark sweep GC freed 3(96B) AllocSpace objects, 0(0B) LOS objects, 28% free, 39MB/55MB, paused 579us total 73.433ms
08-06 04:02:30.504 24798 27875 I art     : Starting a blocking GC Explicit
08-06 04:02:30.573 24798 27875 I art     : Explicit concurrent mark sweep GC freed 3(96B) AllocSpace objects, 0(0B) LOS objects, 28% free, 39MB/55MB, paused 568us total 69.351ms
08-06 04:02:30.944 24798 24827 I art     : Starting a blocking GC Explicit
08-06 04:02:31.028 24798 24827 I art     : Explicit concurrent mark sweep GC freed 1354(82KB) AllocSpace objects, 1(20KB) LOS objects, 28% free, 39MB/55MB, paused 556us total 83.028ms
08-06 04:02:31.052 24798 24827 I art     : Starting a blocking GC Explicit
08-06 04:02:31.115 24798 24827 I art     : Explicit concurrent mark sweep GC freed 20(704B) AllocSpace objects, 0(0B) LOS objects, 28% free, 39MB/55MB, paused 480us total 62.097ms
08-06 04:02:31.135 24798 24827 I art     : Starting a blocking GC Explicit
08-06 04:02:31.198 24798 24827 I art     : Explicit concurrent mark sweep GC freed 3(96B) AllocSpace objects, 0(0B) LOS objects, 28% free, 39MB/55MB, paused 537us total 62.778ms
08-06 04:02:31.219 24798 24827 I art     : Starting a blocking GC Explicit
08-06 04:02:31.286 24798 24827 I art     : Explicit concurrent mark sweep GC freed 3(96B) AllocSpace objects, 0(0B) LOS objects, 28% free, 39MB/55MB, paused 529us total 66.212ms
08-06 04:02:31.307 24798 24827 I art     : Starting a blocking GC Explicit
08-06 04:02:31.373 24798 24827 I art     : Explicit concurrent mark sweep GC freed 3(96B) AllocSpace objects, 0(0B) LOS objects, 28% free, 39MB/55MB, paused 495us total 65.728ms
08-06 04:02:31.597 28414 28414 D AndroidRuntime: >>>>>> START com.android.internal.os.RuntimeInit uid 2000 <<<<<<
08-06 04:02:31.603 28414 28414 D AndroidRuntime: CheckJNI is OFF
08-06 04:02:31.644 28414 28414 D ICU     : No timezone override file found: /data/misc/zoneinfo/current/icu/icu_tzdata.dat
08-06 04:02:31.687 28414 28414 I Radio-JNI: register_android_hardware_Radio DONE
08-06 04:02:31.717 28414 28414 D AndroidRuntime: Calling main entry com.android.commands.input.Input
08-06 04:02:31.719 28414 28414 I Input   : injectKeyEvent: KeyEvent { action=ACTION_DOWN, keyCode=KEYCODE_BACK, scanCode=0, metaState=0, flags=0x0, repeatCount=0, eventTime=849768132, downTime=849768132, deviceId=-1, source=0x101 }
08-06 04:02:31.724 28414 28414 I Input   : injectKeyEvent: KeyEvent { action=ACTION_UP, keyCode=KEYCODE_BACK, scanCode=0, metaState=0, flags=0x0, repeatCount=0, eventTime=849768132, downTime=849768132, deviceId=-1, source=0x101 }
08-06 04:02:31.731 28414 28414 D AndroidRuntime: Shutting down VM
08-06 04:02:31.750 24798 27875 I art     : Starting a blocking GC Explicit
08-06 04:02:31.773 13866 13866 I GoogleInputMethodServic: GoogleInputMethodService.onFinishInput():3138 
08-06 04:02:31.774 13866 13866 I GoogleInputMethodServic: GoogleInputMethodService.onStartInput():1808 
08-06 04:02:31.807 24798 27875 I art     : Explicit concurrent mark sweep GC freed 1538(89KB) AllocSpace objects, 1(20KB) LOS objects, 28% free, 39MB/55MB, paused 533us total 57.395ms
08-06 04:02:31.828 24798 27875 I art     : Starting a blocking GC Explicit
08-06 04:02:31.842 22752 22752 I ServiceManager: Waiting for service AtCmdFwd...
08-06 04:02:31.884 24798 27875 I art     : Explicit concurrent mark sweep GC freed 107(3KB) AllocSpace objects, 0(0B) LOS objects, 28% free, 39MB/55MB, paused 502us total 55.546ms
08-06 04:02:31.903 24798 27875 I art     : Starting a blocking GC Explicit
08-06 04:02:31.961 24798 27875 I art     : Explicit concurrent mark sweep GC freed 3(96B) AllocSpace objects, 0(0B) LOS objects, 28% free, 39MB/55MB, paused 460us total 57.706ms
08-06 04:02:31.984 24798 27875 I art     : Starting a blocking GC Explicit
08-06 04:02:32.046 24798 27875 I art     : Explicit concurrent mark sweep GC freed 3(96B) AllocSpace objects, 0(0B) LOS objects, 28% free, 39MB/55MB, paused 497us total 61.295ms
08-06 04:02:32.070 24798 27875 I art     : Starting a blocking GC Explicit
08-06 04:02:32.085   380   380 W SurfaceFlinger: couldn't log to binary event log: overflow.
08-06 04:02:32.129 24798 27875 I art     : Explicit concurrent mark sweep GC freed 61(2240B) AllocSpace objects, 0(0B) LOS objects, 28% free, 39MB/55MB, paused 572us total 59.016ms
08-06 04:02:32.472 24798 24827 I art     : Starting a blocking GC Explicit
08-06 04:02:32.556 24798 24827 I art     : Explicit concurrent mark sweep GC freed 1364(83KB) AllocSpace objects, 1(20KB) LOS objects, 28% free, 39MB/55MB, paused 843us total 83.493ms
08-06 04:02:32.581 24798 24827 I art     : Starting a blocking GC Explicit
08-06 04:02:32.635 24798 24827 I art     : Explicit concurrent mark sweep GC freed 41405(2MB) AllocSpace objects, 5(140KB) LOS objects, 29% free, 37MB/53MB, paused 504us total 53.541ms
08-06 04:02:32.655 24798 24827 I art     : Starting a blocking GC Explicit
08-06 04:02:32.704 24798 24827 I art     : Explicit concurrent mark sweep GC freed 3(96B) AllocSpace objects, 0(0B) LOS objects, 29% free, 37MB/53MB, paused 512us total 48.716ms
08-06 04:02:32.723 24798 24827 I art     : Starting a blocking GC Explicit
08-06 04:02:32.772 24798 24827 I art     : Explicit concurrent mark sweep GC freed 3(96B) AllocSpace objects, 0(0B) LOS objects, 29% free, 37MB/53MB, paused 514us total 49.551ms
08-06 04:02:32.791 24798 24827 I art     : Starting a blocking GC Explicit
08-06 04:02:32.843 24798 24827 I art     : Explicit concurrent mark sweep GC freed 3(96B) AllocSpace objects, 0(0B) LOS objects, 29% free, 37MB/53MB, paused 530us total 50.896ms
08-06 04:02:32.843 22752 22752 I ServiceManager: Waiting for service AtCmdFwd...
08-06 04:02:33.164 24798 25031 I art     : Starting a blocking GC Explicit
08-06 04:02:33.224 24798 25031 I art     : Explicit concurrent mark sweep GC freed 1354(82KB) AllocSpace objects, 1(20KB) LOS objects, 29% free, 37MB/53MB, paused 562us total 58.837ms
08-06 04:02:33.245 24798 25031 I art     : Starting a blocking GC Explicit
08-06 04:02:33.293 24798 25031 I art     : Explicit concurrent mark sweep GC freed 20(704B) AllocSpace objects, 0(0B) LOS objects, 29% free, 37MB/53MB, paused 521us total 47.793ms
08-06 04:02:33.312 24798 25031 I art     : Starting a blocking GC Explicit
08-06 04:02:33.360 24798 25031 I art     : Explicit concurrent mark sweep GC freed 3(96B) AllocSpace objects, 0(0B) LOS objects, 29% free, 37MB/53MB, paused 515us total 47.229ms
08-06 04:02:33.378 24798 25031 I art     : Starting a blocking GC Explicit
08-06 04:02:33.430 24798 25031 I art     : Explicit concurrent mark sweep GC freed 3(96B) AllocSpace objects, 0(0B) LOS objects, 29% free, 37MB/53MB, paused 534us total 51.700ms
08-06 04:02:33.449 24798 25031 I art     : Starting a blocking GC Explicit
08-06 04:02:33.498 24798 25031 I art     : Explicit concurrent mark sweep GC freed 3(96B) AllocSpace objects, 0(0B) LOS objects, 29% free, 37MB/53MB, paused 521us total 48.684ms
08-06 04:02:33.545 28449 28449 D AndroidRuntime: >>>>>> START com.android.internal.os.RuntimeInit uid 2000 <<<<<<
08-06 04:02:33.550 28449 28449 D AndroidRuntime: CheckJNI is OFF
08-06 04:02:33.592 28449 28449 D ICU     : No timezone override file found: /data/misc/zoneinfo/current/icu/icu_tzdata.dat
08-06 04:02:33.639 28449 28449 I Radio-JNI: register_android_hardware_Radio DONE
08-06 04:02:33.670 28449 28449 D AndroidRuntime: Calling main entry com.android.commands.input.Input
08-06 04:02:33.674 28449 28449 I Input   : injectKeyEvent: KeyEvent { action=ACTION_DOWN, keyCode=KEYCODE_BACK, scanCode=0, metaState=0, flags=0x0, repeatCount=0, eventTime=849770086, downTime=849770086, deviceId=-1, source=0x101 }
08-06 04:02:33.687 28449 28449 I Input   : injectKeyEvent: KeyEvent { action=ACTION_UP, keyCode=KEYCODE_BACK, scanCode=0, metaState=0, flags=0x0, repeatCount=0, eventTime=849770086, downTime=849770086, deviceId=-1, source=0x101 }
08-06 04:02:33.697 28449 28449 D AndroidRuntime: Shutting down VM
08-06 04:02:33.733 13866 13866 I GoogleInputMethodServic: GoogleInputMethodService.onFinishInput():3138 
08-06 04:02:33.734 13866 13866 I GoogleInputMethodServic: GoogleInputMethodService.onStartInput():1808 
08-06 04:02:33.844 22752 22752 I ServiceManager: Waiting for service AtCmdFwd...
08-06 04:02:33.844 24798 27875 I art     : Starting a blocking GC Explicit
08-06 04:02:33.898 24798 27875 I art     : Explicit concurrent mark sweep GC freed 1533(88KB) AllocSpace objects, 1(20KB) LOS objects, 29% free, 37MB/53MB, paused 595us total 53.746ms
08-06 04:02:33.920 24798 27875 I art     : Starting a blocking GC Explicit
08-06 04:02:33.980 24798 27875 I art     : Explicit concurrent mark sweep GC freed 24(864B) AllocSpace objects, 0(0B) LOS objects, 29% free, 37MB/53MB, paused 722us total 59.208ms
08-06 04:02:34.000 24798 27875 I art     : Starting a blocking GC Explicit
08-06 04:02:34.047 24798 27875 I art     : Explicit concurrent mark sweep GC freed 38(1264B) AllocSpace objects, 0(0B) LOS objects, 29% free, 37MB/53MB, paused 509us total 46.502ms
08-06 04:02:34.065 24798 27875 I art     : Starting a blocking GC Explicit
08-06 04:02:34.114 24798 27875 I art     : Explicit concurrent mark sweep GC freed 23(992B) AllocSpace objects, 0(0B) LOS objects, 29% free, 37MB/53MB, paused 530us total 48.590ms
08-06 04:02:34.132 24798 27875 I art     : Starting a blocking GC Explicit
08-06 04:02:34.183 24798 27875 I art     : Explicit concurrent mark sweep GC freed 133(6KB) AllocSpace objects, 0(0B) LOS objects, 29% free, 37MB/53MB, paused 539us total 50.115ms
08-06 04:02:34.533 24798 24827 I art     : Starting a blocking GC Explicit
08-06 04:02:34.602 24798 24827 I art     : Explicit concurrent mark sweep GC freed 1354(82KB) AllocSpace objects, 1(20KB) LOS objects, 29% free, 37MB/53MB, paused 702us total 68.607ms
08-06 04:02:34.625 24798 24827 I art     : Starting a blocking GC Explicit
08-06 04:02:34.673 24798 24827 I art     : Explicit concurrent mark sweep GC freed 20(704B) AllocSpace objects, 0(0B) LOS objects, 29% free, 37MB/53MB, paused 558us total 47.791ms
08-06 04:02:34.692 24798 24827 I art     : Starting a blocking GC Explicit
08-06 04:02:34.739 24798 24827 I art     : Explicit concurrent mark sweep GC freed 3(96B) AllocSpace objects, 0(0B) LOS objects, 29% free, 37MB/53MB, paused 528us total 47.342ms
08-06 04:02:34.758 24798 24827 I art     : Starting a blocking GC Explicit
08-06 04:02:34.809 24798 24827 I art     : Explicit concurrent mark sweep GC freed 3(96B) AllocSpace objects, 0(0B) LOS objects, 29% free, 37MB/53MB, paused 560us total 50.466ms
08-06 04:02:34.828 24798 24827 I art     : Starting a blocking GC Explicit
08-06 04:02:34.845 22752 22752 I ServiceManager: Waiting for service AtCmdFwd...
08-06 04:02:34.878 24798 24827 I art     : Explicit concurrent mark sweep GC freed 3(96B) AllocSpace objects, 0(0B) LOS objects, 29% free, 37MB/53MB, paused 571us total 49.900ms
08-06 04:02:35.192 24798 24811 I art     : Starting a blocking GC Explicit
08-06 04:02:35.203   918  3261 D WifiStateMachine: starting scan for "H369AA63323"WPA_PSK with 2412,5180
08-06 04:02:35.250 24798 24811 I art     : Explicit concurrent mark sweep GC freed 1354(82KB) AllocSpace objects, 1(20KB) LOS objects, 29% free, 37MB/53MB, paused 560us total 58.397ms
08-06 04:02:35.269 24798 24811 I art     : Starting a blocking GC Explicit
08-06 04:02:35.314 24798 24811 I art     : Explicit concurrent mark sweep GC freed 20(704B) AllocSpace objects, 0(0B) LOS objects, 29% free, 37MB/53MB, paused 530us total 44.981ms
08-06 04:02:35.333 24798 24811 I art     : Starting a blocking GC Explicit
08-06 04:02:35.382 24798 24811 I art     : Explicit concurrent mark sweep GC freed 3(96B) AllocSpace objects, 0(0B) LOS objects, 29% free, 37MB/53MB, paused 551us total 48.253ms
08-06 04:02:35.400 24798 24811 I art     : Starting a blocking GC Explicit
08-06 04:02:35.449 24798 24811 I art     : Explicit concurrent mark sweep GC freed 3(96B) AllocSpace objects, 0(0B) LOS objects, 29% free, 37MB/53MB, paused 573us total 48.032ms
08-06 04:02:35.467 24798 24811 I art     : Starting a blocking GC Explicit
08-06 04:02:35.515 24798 24811 I art     : Explicit concurrent mark sweep GC freed 3(96B) AllocSpace objects, 0(0B) LOS objects, 29% free, 37MB/53MB, paused 558us total 47.936ms
08-06 04:02:35.556 28496 28496 D AndroidRuntime: >>>>>> START com.android.internal.os.RuntimeInit uid 2000 <<<<<<
08-06 04:02:35.562 28496 28496 D AndroidRuntime: CheckJNI is OFF
08-06 04:02:35.604 28496 28496 D ICU     : No timezone override file found: /data/misc/zoneinfo/current/icu/icu_tzdata.dat
08-06 04:02:35.649 28496 28496 I Radio-JNI: register_android_hardware_Radio DONE
08-06 04:02:35.677 28496 28496 D AndroidRuntime: Calling main entry com.android.commands.am.Am
08-06 04:02:35.685  3167  3167 I Trepn   : Trepn 6.2s: Received intent: com.quicinc.trepn.stop_profiling
08-06 04:02:35.735  3167  3167 I Trepn   : Trepn 6.2s: Trepn has Stopped Profiling.
08-06 04:02:35.817 28496 28496 D AndroidRuntime: Shutting down VM
08-06 04:02:35.822   918  3961 W AppOps  : Finishing op nesting under-run: uid 10078 pkg com.quicinc.trepn code 24 time=0 duration=0 nesting=0
08-06 04:02:35.843 24798 25031 I art     : Starting a blocking GC Explicit
08-06 04:02:35.845 22752 22752 I ServiceManager: Waiting for service AtCmdFwd...
08-06 04:02:35.886 24798 25031 I art     : Explicit concurrent mark sweep GC freed 1354(82KB) AllocSpace objects, 1(20KB) LOS objects, 29% free, 37MB/53MB, paused 500us total 42.971ms
08-06 04:02:35.903 24798 25031 I art     : Starting a blocking GC Explicit
08-06 04:02:35.957 24798 25031 I art     : Explicit concurrent mark sweep GC freed 20(704B) AllocSpace objects, 0(0B) LOS objects, 29% free, 37MB/53MB, paused 625us total 53.594ms
08-06 04:02:35.977 24798 25031 I art     : Starting a blocking GC Explicit
08-06 04:02:36.032 24798 25031 I art     : Explicit concurrent mark sweep GC freed 3(96B) AllocSpace objects, 0(0B) LOS objects, 29% free, 37MB/53MB, paused 567us total 54.105ms
08-06 04:02:36.051 24798 25031 I art     : Starting a blocking GC Explicit
08-06 04:02:36.102 24798 25031 I art     : Explicit concurrent mark sweep GC freed 3(96B) AllocSpace objects, 0(0B) LOS objects, 29% free, 37MB/53MB, paused 517us total 50.743ms
08-06 04:02:36.121 24798 25031 I art     : Starting a blocking GC Explicit
08-06 04:02:36.168 24798 25031 I art     : Explicit concurrent mark sweep GC freed 3(96B) AllocSpace objects, 0(0B) LOS objects, 29% free, 37MB/53MB, paused 555us total 46.930ms
08-06 04:02:36.845 22752 22752 W Atfwd_Sendcmd: AtCmdFwd service not published, waiting... retryCnt : 5
