08-06 12:23:39.264 28510 28510 D ActivityNode: 	activity ID 2( key arg.feedurl)
08-06 12:23:39.264 28510 28510 D ActivityNode: 	activity ID 2( key nappagreedy.de.danoeh.antennapod.extra.feedId)
08-06 12:23:39.264 28510 28510 D ActivityNode: 	activity ID 2( key nappagreedy.de.danoeh.antennapod.extra.feedId)
08-06 12:23:39.264 28510 28510 D ActivityNode: 	activity ID 2( key title)
08-06 12:23:39.264 28510 28510 D ActivityNode: 	activity ID 2( key arg.feedurl)
08-06 12:23:39.264 28510 28510 D ActivityNode: 	activity ID 2( key title)
08-06 12:23:39.264 28510 28510 D ActivityNode: 	activity ID 2( key arg.feedurl)
08-06 12:23:39.264 28510 28510 D ActivityNode: 	activity ID 2( key title)
08-06 12:23:39.264 28510 28510 D ActivityNode: 	activity ID 2( key arg.feedurl)
08-06 12:23:39.264 28510 28510 D ActivityNode: 	activity ID 2( key title)
08-06 12:23:39.264 28510 28510 D ActivityNode: 	activity ID 2( key arg.feedurl)
08-06 12:23:39.264 28510 28510 D ActivityNode: 	activity ID 2( key title)
08-06 12:23:39.264 28510 28510 D ActivityNode: 	activity ID 2( key arg.feedurl)
08-06 12:23:39.264 28510 28510 D ActivityNode: 	activity ID 2( key title)
08-06 12:23:39.264 28510 28510 D ActivityNode: 	activity ID 2( key arg.feedurl)
08-06 12:23:39.264 28510 28510 D ActivityNode: 	activity ID 2( key title)
08-06 12:23:39.264 28510 28510 D ActivityNode: 	activity ID 2( key arg.feedurl)
08-06 12:23:39.264 28510 28510 D ActivityNode: 	activity ID 2( key title)
08-06 12:23:39.264 28510 28510 D ActivityNode: 	activity ID 2( key arg.feedurl)
08-06 12:23:39.264 28510 28510 D ActivityNode: 	activity ID 2( key nappagreedy.de.danoeh.antennapod.extra.feedId)
08-06 12:23:39.264 28510 28510 D ActivityNode: 	activity ID 2( key nappagreedy.de.danoeh.antennapod.extra.feedId)
08-06 12:23:39.264 28510 28510 D ActivityNode: 	activity ID 2( key title)
08-06 12:23:39.264 28510 28510 D ActivityNode: 	activity ID 2( key arg.feedurl)
08-06 12:23:39.264 28510 28510 D ActivityNode: 	activity ID 2( key title)
08-06 12:23:39.264 28510 28510 D ActivityNode: 	activity ID 2( key arg.feedurl)
08-06 12:23:39.264 28510 28510 D ActivityNode: 	activity ID 2( key title)
08-06 12:23:39.264 28510 28510 D ActivityNode: 	activity ID 2( key arg.feedurl)
08-06 12:23:39.264 28510 28510 D PARAM   : COUNT: 0
08-06 12:23:39.264 28510 28510 D ActivityNode: Observer - URL candidate PreferenceActivity[]
08-06 12:23:39.264 28510 28510 D ActivityNode: Observer - visit time - PreferenceActivity - New aggregate visit time found is 21727 ms
08-06 12:23:39.264 28510 28510 D ActivityNode: Observer - session data - sourceOnlineFeedViewActivity
08-06 12:23:39.264 28510 28510 D ActivityNode: destinations:
08-06 12:23:39.264 28510 28510 D ActivityNode: Observer - intent extra - PreferenceActivity
08-06 12:23:39.264 28510 28510 D ActivityNode: Extras:
08-06 12:23:39.264 28510 28510 D ActivityNode: Observer - intent extra - OnlineFeedViewActivity
08-06 12:23:39.264 28510 28510 D ActivityNode: Extras:
08-06 12:23:39.265 28510 28510 D PARAM   : COUNT: 1
08-06 12:23:39.265 28510 28510 D PARAM   : ID_ACTIVITY: 4
08-06 12:23:39.265 28510 28510 D PARAM   : parameter.urlPiece = arg.feedurl
08-06 12:23:39.265 28510 28510 D PARAM   : parameter.type = 1
08-06 12:23:39.265 28510 28510 D PARAM   : parameter.urlOrder = 0
08-06 12:23:39.265 28510 28510 D ActivityNode: Observer - URL candidate OnlineFeedViewActivity[nl.vu.cs.s2group.nappa.room.dao.UrlCandidateDao$UrlCandidateToUrlParameter@4a3145b]
08-06 12:23:39.266 28510 28510 D ActivityNode: Observer - session data - sourceFeedSettingsActivity
08-06 12:23:39.266 28510 28510 D ActivityNode: destinations:
08-06 12:23:39.266 28510 28510 D PARAM   : COUNT: 0
08-06 12:23:39.266 28510 28510 D ActivityNode: Observer - URL candidate FeedSettingsActivity[]
08-06 12:23:39.266 28510 28510 D ActivityNode: Observer - visit time - FeedSettingsActivity - New aggregate visit time found is 17828 ms
08-06 12:23:39.266 28510 28510 D ActivityNode: Observer - visit time - OnlineFeedViewActivity - New aggregate visit time found is 198672 ms
08-06 12:23:39.266 28510 28510 D ActivityNode: Observer - intent extra - FeedSettingsActivity
08-06 12:23:39.266 28510 28510 D ActivityNode: Extras:
08-06 12:23:39.266 28510 28510 D ActivityNode: Observer - session data - sourceFeedInfoActivity
08-06 12:23:39.266 28510 28510 D ActivityNode: destinations:
08-06 12:23:39.266 28510 28510 D ActivityNode: Observer - intent extra - FeedInfoActivity
08-06 12:23:39.266 28510 28510 D ActivityNode: Extras:
08-06 12:23:39.266 28510 28510 D PARAM   : COUNT: 0
08-06 12:23:39.266 28510 28510 D ActivityNode: Observer - URL candidate FeedInfoActivity[]
08-06 12:23:39.267 28510 28510 D ActivityNode: Observer - visit time - FeedInfoActivity - New aggregate visit time found is 18557 ms
08-06 12:23:39.267 28510 28510 D ActivityNode: Observer - session data - sourceSplashActivity
08-06 12:23:39.267 28510 28510 D ActivityNode: destinations:
08-06 12:23:39.267 28510 28510 D ActivityNode: 	nappagreedy.de.danoeh.antennapod.activity.MainActivity( count 4)
08-06 12:23:39.335 14970 14970 W FileUtils: Failed to chmod(/storage/emulated/0/trepn/Trepn_2020.08.06_122339.db): android.system.ErrnoException: chmod failed: EPERM (Operation not permitted)
08-06 12:23:39.338 24365 21170 I GeofencerStateMachine: removeGeofences: removeRequest=RemoveGeofencingRequest[REMOVE_BY_IDS Ids=[atn_geofence_request_id], packageName=com.google.android.apps.maps]
08-06 12:23:39.349 28510 28510 D UserPreferences: Using default data folder
08-06 12:23:39.383 28510 28510 D MainActivity: getLastNavFragment() -> QueueFragment
08-06 12:23:39.384 28510 28510 D MainActivity: loadFragment(tag: QueueFragment, args: null)
08-06 12:23:39.386 28510 28510 D MainActivity: saveLastNavFragment(tag: QueueFragment)
08-06 12:23:39.387 28510 28510 D MainActivity: getLastNavFragment() -> QueueFragment
08-06 12:23:39.388 28510 28510 D UserPreferences: timeOfDay: []
08-06 12:23:39.390 28510 28510 D AutoUpdateManager: Restarting update alarm.
08-06 12:23:39.395 28510 28510 D AutoUpdateManager: Changed alarm to new interval 12 h
08-06 12:23:39.418 28510 28510 D UserPreferences: timeOfDay: []
08-06 12:23:39.418 28510 28510 D AutoUpdateManager: Restarting update alarm.
08-06 12:23:39.419 28510 28510 D AutoUpdateManager: Changed alarm to new interval 12 h
08-06 12:23:39.453 28510 28510 D ExternalPlayerFragment: Loading media info
08-06 12:23:39.454 28510 28510 D QueueFragment: loadItems()
08-06 12:23:39.458 28510 28591 D DBReader: getQueue() called
08-06 12:23:39.458 28510 28591 D DBReader: getQueue()
08-06 12:23:39.459 28510 28591 D DBReader: getFavoriteIDList() called
08-06 12:23:39.460 28510 28591 D DBReader: getQueueIDList() called
08-06 12:23:39.461 28510 28591 D DBReader: Extracting Feedlist
08-06 12:23:39.462 14970 14970 I Trepn   : Trepn 6.2s: Trepn has Started Profiling.
08-06 12:23:39.463 28510 28510 V PlaybackController: initServiceNotRunning()
08-06 12:23:39.463 28510 28510 D ExternalPlayerFragment: Loading media info
08-06 12:23:39.464 28576 28576 D AndroidRuntime: Shutting down VM
08-06 12:23:39.467 28510 28510 D UserPreferences: Using default data folder
08-06 12:23:39.469 28510 28510 D AutoUpdateManager: last refresh: 443530 hours 23 minutes ago
08-06 12:23:39.470 28510 28510 D NappaLifecycleObserver: nappagreedy.de.danoeh.antennapod.activity.MainActivity - onResume
08-06 12:23:39.470 28510 28510 D Nappa   : setCurrentActivity - MetricStrategyAccuracy - 
08-06 12:23:39.470 28510 28510 D Nappa   : madePredictionFromActivity = false, 
08-06 12:23:39.470 28510 28510 D Nappa   : fromActivity = nappagreedy.de.danoeh.antennapod.activity.SplashActivity, 
08-06 12:23:39.470 28510 28510 D Nappa   : predictedNextActivityFromActivity = [], 
08-06 12:23:39.470 28510 28510 D Nappa   : activity.getClass().getCanonicalName() = nappagreedy.de.danoeh.antennapod.activity.MainActivity, 
08-06 12:23:39.470 28510 28591 D DBReader: getNavDrawerData() called with: 
08-06 12:23:39.470 28510 28510 D Nappa   : setCurrentActivity - MetricStrategyAccuracy - 
08-06 12:23:39.470 28510 28510 D Nappa   : madePredictionFromExtra = false, 
08-06 12:23:39.470 28510 28510 D Nappa   : fromActivity = nappagreedy.de.danoeh.antennapod.activity.SplashActivity, 
08-06 12:23:39.470 28510 28510 D Nappa   : predictedNextActivityFromExtra = [], 
08-06 12:23:39.470 28510 28510 D Nappa   : activity.getClass().getCanonicalName() = nappagreedy.de.danoeh.antennapod.activity.MainActivity, 
08-06 12:23:39.470 28510 28510 D Nappa   : PREFETCH_ON_EXTRA - setCurrentActivity - logs - from activity - made prediction isfalse
08-06 12:23:39.473 28510 28548 D Nappa   : PREFETCH_ON_EXTRA - setCurrentActivity - logs - from extra - made prediction isfalse
08-06 12:23:39.475 28510 28591 D DBReader: getDownloadedItems() called
08-06 12:23:39.476 28510 28591 D DBReader: getFavoriteIDList() called
08-06 12:23:39.476 28510 28591 D DBReader: getQueueIDList() called
08-06 12:23:39.477 28510 28591 D DBReader: Extracting Feedlist
08-06 12:23:39.511 28442 28588 I FA      : App measurement initialized, version: 29027
08-06 12:23:39.512 28442 28588 I FA      : To enable debug logging run: adb shell setprop log.tag.FA VERBOSE
08-06 12:23:39.512 28442 28588 I FA      : To enable faster debug mode event logging run:
08-06 12:23:39.512 28442 28588 I FA      :   adb shell setprop debug.firebase.analytics.app com.google.android.apps.maps
08-06 12:23:39.571 28510 28510 D Nappa   : registerActivity: (already in) nappagreedy.de.danoeh.antennapod.activity.MainActivity
08-06 12:23:39.571 28510 28510 D ActivityNode: ACTNODE UPDATING AFTER LOADING FROM DB
08-06 12:23:39.571 28510 28510 D ActivityGraph: LARDataCalculatedUpdate nappagreedy.de.danoeh.antennapod.activity.MainActivity Pagerank: 0.25 HITS-Authority: 1.0 HITS-Hub: 1.0 SALSA-Authority: 1.0 SALSA-Hub: 1.0
08-06 12:23:39.571 28510 28510 D Nappa   : SHOULD_PREFETCH true
08-06 12:23:39.627 24577 19565 I Icing   : Indexing com.google.android.gms-apps from com.google.android.gms
08-06 12:23:39.672 28510 28510 D Nappa   : registerActivity: (already in) nappagreedy.de.danoeh.antennapod.activity.MainActivity
08-06 12:23:39.672 28510 28510 D Nappa   : SUCCESSORS nappagreedy.de.danoeh.antennapod.activity.PreferenceActivity
08-06 12:23:39.672 28510 28510 D Nappa   : SUCCESSORS nappagreedy.de.danoeh.antennapod.activity.OnlineFeedViewActivity
08-06 12:23:39.672 28510 28510 D Nappa   : SUCCESSORS nappagreedy.de.danoeh.antennapod.activity.FeedSettingsActivity
08-06 12:23:39.672 28510 28510 D Nappa   : SUCCESSORS nappagreedy.de.danoeh.antennapod.activity.FeedInfoActivity
08-06 12:23:39.672 28510 28510 D Nappa   : STATS Number of requests not prefetched: 0
08-06 12:23:39.672 28510 28510 D Nappa   : STATS Number of requests prefetched: 0
08-06 12:23:39.673 28510 28510 D Nappa   : STATS Time saved until now: 0.0
08-06 12:23:39.678 28510 28510 D ActivityNode: Observer - visit time - SplashActivity - New aggregate visit time found is 633 ms
08-06 12:23:39.703 24577 19565 I Icing   : Indexing done com.google.android.gms-apps
08-06 12:23:39.777 28510 28510 D MainActivity: getLastNavFragment() -> QueueFragment
08-06 12:23:39.777 28510 28510 D MainActivity: handleNavIntent()
08-06 12:23:39.870 28510 28524 I art     : Starting a blocking GC Explicit
08-06 12:23:39.871 28510 28548 D Nappa   : PREFETCH_ON_EXTRA - setCurrentActivity - logs - from extra - made prediction isfalse
08-06 12:23:39.898 28510 28524 I art     : Explicit concurrent mark sweep GC freed 9579(1085KB) AllocSpace objects, 4(80KB) LOS objects, 40% free, 23MB/39MB, paused 368us total 27.107ms
08-06 12:23:39.906 28510 28524 I art     : Starting a blocking GC Explicit
08-06 12:23:39.921 28510 28524 I art     : Explicit concurrent mark sweep GC freed 1557(83KB) AllocSpace objects, 0(0B) LOS objects, 40% free, 23MB/39MB, paused 257us total 15.548ms
08-06 12:23:39.927 28510 28524 I art     : Starting a blocking GC Explicit
08-06 12:23:39.933   918   936 I ActivityManager: Displayed nappagreedy.de.danoeh.antennapod.debug/nappagreedy.de.danoeh.antennapod.activity.MainActivity: +677ms (total +2s282ms)
08-06 12:23:39.939 28510 28510 D ActivityNode: Observer - session data - sourceSplashActivity
08-06 12:23:39.939 28510 28510 D ActivityNode: destinations:
08-06 12:23:39.939 28510 28510 D ActivityNode: 	nappagreedy.de.danoeh.antennapod.activity.MainActivity( count 5)
08-06 12:23:39.940 28510 28510 D ActivityNode: Observer - session data - sourceMainActivity
08-06 12:23:39.940 28510 28510 D ActivityNode: destinations:
08-06 12:23:39.940 28510 28510 D ActivityNode: 	nappagreedy.de.danoeh.antennapod.activity.PreferenceActivity( count 4)
08-06 12:23:39.940 28510 28510 D ActivityNode: 	nappagreedy.de.danoeh.antennapod.activity.OnlineFeedViewActivity( count 32)
08-06 12:23:39.940 28510 28510 D ActivityNode: 	nappagreedy.de.danoeh.antennapod.activity.FeedSettingsActivity( count 4)
08-06 12:23:39.940 28510 28510 D ActivityNode: 	nappagreedy.de.danoeh.antennapod.activity.FeedInfoActivity( count 4)
08-06 12:23:39.940 28510 28510 D ActivityNode: Observer - session data - sourcePreferenceActivity
08-06 12:23:39.940 28510 28510 D ActivityNode: destinations:
08-06 12:23:39.940 28510 28510 D ActivityNode: Observer - session data - sourceOnlineFeedViewActivity
08-06 12:23:39.940 28510 28510 D ActivityNode: destinations:
08-06 12:23:39.940 28510 28510 D ActivityNode: Observer - session data - sourceFeedInfoActivity
08-06 12:23:39.940 28510 28510 D ActivityNode: destinations:
08-06 12:23:39.940 28510 28510 D ActivityNode: Observer - session data - sourceFeedSettingsActivity
08-06 12:23:39.940 28510 28510 D ActivityNode: destinations:
08-06 12:23:39.940 28510 28524 I art     : Explicit concurrent mark sweep GC freed 324(16KB) AllocSpace objects, 0(0B) LOS objects, 40% free, 23MB/39MB, paused 436us total 13.006ms
08-06 12:23:39.942 13866 13866 I GoogleInputMethodServic: GoogleInputMethodService.onFinishInput():3138 
08-06 12:23:39.943 13866 13866 I GoogleInputMethodServic: GoogleInputMethodService.onStartInput():1808 
08-06 12:23:39.946 28510 28524 I art     : Starting a blocking GC Explicit
08-06 12:23:39.957 28510 28510 D NappaLifecycleObserver: nappagreedy.de.danoeh.antennapod.activity.SplashActivity - onDestroy
08-06 12:23:39.957 28510 28510 D NappaLifecycleObserver: -------------F1_SCORE #0 -----------
08-06 12:23:39.957 28510 28510 D NappaLifecycleObserver: F1_SCORE - Intercept list (0)= []
08-06 12:23:39.957 28510 28510 D NappaLifecycleObserver: F1_SCORE - Prefetch list (0)= []
08-06 12:23:39.957 28510 28510 D NappaLifecycleObserver: F1_SCORE - TP list (0)= []
08-06 12:23:39.957 28510 28510 D NappaLifecycleObserver: F1_SCORE - FN list (0)= []
08-06 12:23:39.958 28510 28510 I NAPPA_EXPERIMENTATION: MetricPrefetchingAccuracy: LOG_ID='1',F1_SCORE_1='0.0',F1_SCORE_2='0.0',TRUE_POSITIVE='0',FALSE_POSITIVE='0',FALSE_NEGATIVE='0',
08-06 12:23:39.962 28510 28524 I art     : Explicit concurrent mark sweep GC freed 630(34KB) AllocSpace objects, 0(0B) LOS objects, 40% free, 23MB/39MB, paused 275us total 16.442ms
08-06 12:23:39.964 29532 29532 W PathParser: Points are too far apart 4.030360828967057
08-06 12:23:39.964 29532 29532 W PathParser: Points are too far apart 4.030360538880159
08-06 12:23:39.969 28510 28524 I art     : Starting a blocking GC Explicit
08-06 12:23:39.981 29532 29532 W PathParser: Points are too far apart 4.030360828967057
08-06 12:23:39.981 29532 29532 W PathParser: Points are too far apart 4.030360538880159
08-06 12:23:39.981 28510 28524 I art     : Explicit concurrent mark sweep GC freed 521(34KB) AllocSpace objects, 0(0B) LOS objects, 40% free, 23MB/39MB, paused 254us total 12.019ms
08-06 12:23:39.998 29532 29532 W PathParser: Points are too far apart 4.030360828967057
08-06 12:23:39.998 29532 29532 W PathParser: Points are too far apart 4.030360538880159
08-06 12:23:40.015 29532 29532 W PathParser: Points are too far apart 4.030360828967057
08-06 12:23:40.015 29532 29532 W PathParser: Points are too far apart 4.030360538880159
08-06 12:23:40.031 29532 29532 W PathParser: Points are too far apart 4.030360828967057
08-06 12:23:40.031 29532 29532 W PathParser: Points are too far apart 4.030360538880159
08-06 12:23:40.048 29532 29532 W PathParser: Points are too far apart 4.030360828967057
08-06 12:23:40.048 29532 29532 W PathParser: Points are too far apart 4.030360538880159
08-06 12:23:40.065 29532 29532 W PathParser: Points are too far apart 4.030360828967057
08-06 12:23:40.065 29532 29532 W PathParser: Points are too far apart 4.030360538880159
08-06 12:23:40.081 29532 29532 W PathParser: Points are too far apart 4.030360828967057
08-06 12:23:40.081 29532 29532 W PathParser: Points are too far apart 4.030360538880159
08-06 12:23:40.173 28510 28548 D Nappa   : PREFETCH_ON_EXTRA - setCurrentActivity - starting new prediction
08-06 12:23:40.173 28510 28548 D Nappa   : Current node - currentActivityName - nappagreedy.de.danoeh.antennapod.activity.MainActivity
08-06 12:23:40.173 28510 28548 D Nappa   : Current node - activityGraph.getCurrent() - nappagreedy.de.danoeh.antennapod.activity.MainActivity
08-06 12:23:40.175 28510 28548 I NAPPA_EXPERIMENTATION: MetricNappaPrefetchingStrategyExecutionTime: STRATEGY_CLASS='GreedyPrefetchingStrategyOnVisitFrequencyAndTime',DURATION='1000209',NUMBER_OF_URLS='0',NUMBER_OF_SELECTED_CHILDREN_NODES='1',NUMBER_OF_CHILDREN_NODES='4',STRATEGY_RUN_SUCCESSFULLY='True',
08-06 12:23:40.175 28510 28548 D GreedyPrefetchingStrategyOnVisitFrequencyAndTime: ==================================
08-06 12:23:40.175 28510 28548 D GreedyPrefetchingStrategyOnVisitFrequencyAndTime: Starting Run #1
08-06 12:23:40.175 28510 28548 D GreedyPrefetchingStrategyOnVisitFrequencyAndTime: ----------------------------------
08-06 12:23:40.176 28510 28548 D GreedyPrefetchingStrategyOnVisitFrequencyAndTime: Node data MainActivity 
08-06 12:23:40.176 28510 28548 D GreedyPrefetchingStrategyOnVisitFrequencyAndTime: 	Successors:
08-06 12:23:40.176 28510 28548 D GreedyPrefetchingStrategyOnVisitFrequencyAndTime: 		PreferenceActivity (0 hits)
08-06 12:23:40.176 28510 28548 D GreedyPrefetchingStrategyOnVisitFrequencyAndTime: 		OnlineFeedViewActivity (0 hits)
08-06 12:23:40.176 28510 28548 D GreedyPrefetchingStrategyOnVisitFrequencyAndTime: 		FeedSettingsActivity (0 hits)
08-06 12:23:40.176 28510 28548 D GreedyPrefetchingStrategyOnVisitFrequencyAndTime: 		FeedInfoActivity (0 hits)
08-06 12:23:40.176 28510 28548 D GreedyPrefetchingStrategyOnVisitFrequencyAndTime: 	Ancestors:
08-06 12:23:40.176 28510 28548 D GreedyPrefetchingStrategyOnVisitFrequencyAndTime: 		SplashActivity (0 hits)
08-06 12:23:40.176 28510 28548 D GreedyPrefetchingStrategyOnVisitFrequencyAndTime: 
08-06 12:23:40.176 28510 28548 D GreedyPrefetchingStrategyOnVisitFrequencyAndTime: MetricStrategyAccuracy inc execution count1 | act = true; extra = false
08-06 12:23:40.176 28510 28548 D GreedyPrefetchingStrategyOnVisitFrequencyAndTime: ------------- Recursion #1 -----------
08-06 12:23:40.176 28510 28548 D GreedyPrefetchingStrategyOnVisitFrequencyAndTime: Best successors so far []
08-06 12:23:40.176 28510 28548 D GreedyPrefetchingStrategyOnVisitFrequencyAndTime: Checking node MainActivity with 4 successors
08-06 12:23:40.176 28510 28548 D GreedyPrefetchingStrategyOnVisitFrequencyAndTime: Check successor PreferenceActivity
08-06 12:23:40.176 28510 28548 D GreedyPrefetchingStrategyOnVisitFrequencyAndTime: Data:
08-06 12:23:40.176 28510 28548 D GreedyPrefetchingStrategyOnVisitFrequencyAndTime: 	- Successor time = 21727.0
08-06 12:23:40.176 28510 28548 D GreedyPrefetchingStrategyOnVisitFrequencyAndTime: 	- Successor frequency = 4
08-06 12:23:40.176 28510 28548 D GreedyPrefetchingStrategyOnVisitFrequencyAndTime: 	- Aggregated time = 256784.0
08-06 12:23:40.176 28510 28548 D GreedyPrefetchingStrategyOnVisitFrequencyAndTime: 	- Aggregated frequency = 44
08-06 12:23:40.176 28510 28548 D GreedyPrefetchingStrategyOnVisitFrequencyAndTime: Calculated scores:
08-06 12:23:40.177 28510 28548 D GreedyPrefetchingStrategyOnVisitFrequencyAndTime: 	- Parent score = 1.0
08-06 12:23:40.177 28510 28548 D GreedyPrefetchingStrategyOnVisitFrequencyAndTime: 	- Successor time score = 0.042305984
08-06 12:23:40.177 28510 28548 D GreedyPrefetchingStrategyOnVisitFrequencyAndTime: 	- Successor frequency score = 0.045454547
08-06 12:23:40.177 28510 28548 D GreedyPrefetchingStrategyOnVisitFrequencyAndTime: 	- Successor final score = 0.08776053
08-06 12:23:40.177 28510 28548 D GreedyPrefetchingStrategyOnVisitFrequencyAndTime: Switch best successor
08-06 12:23:40.177 28510 28548 D GreedyPrefetchingStrategyOnVisitFrequencyAndTime: Check successor OnlineFeedViewActivity
08-06 12:23:40.177 28510 28548 D GreedyPrefetchingStrategyOnVisitFrequencyAndTime: Data:
08-06 12:23:40.177 28510 28548 D GreedyPrefetchingStrategyOnVisitFrequencyAndTime: 	- Successor time = 198672.0
08-06 12:23:40.177 28510 28548 D GreedyPrefetchingStrategyOnVisitFrequencyAndTime: 	- Successor frequency = 32
08-06 12:23:40.177 28510 28548 D GreedyPrefetchingStrategyOnVisitFrequencyAndTime: 	- Aggregated time = 256784.0
08-06 12:23:40.177 28510 28548 D GreedyPrefetchingStrategyOnVisitFrequencyAndTime: 	- Aggregated frequency = 44
08-06 12:23:40.177 28510 28548 D GreedyPrefetchingStrategyOnVisitFrequencyAndTime: Calculated scores:
08-06 12:23:40.177 28510 28548 D GreedyPrefetchingStrategyOnVisitFrequencyAndTime: 	- Parent score = 1.0
08-06 12:23:40.178 28510 28548 D GreedyPrefetchingStrategyOnVisitFrequencyAndTime: 	- Successor time score = 0.38684654
08-06 12:23:40.178 28510 28548 D GreedyPrefetchingStrategyOnVisitFrequencyAndTime: 	- Successor frequency score = 0.36363637
08-06 12:23:40.178 28510 28548 D GreedyPrefetchingStrategyOnVisitFrequencyAndTime: 	- Successor final score = 0.7504829
08-06 12:23:40.178 28510 28548 D GreedyPrefetchingStrategyOnVisitFrequencyAndTime: Switch best successor
08-06 12:23:40.178 28510 28548 D GreedyPrefetchingStrategyOnVisitFrequencyAndTime: Check successor FeedSettingsActivity
08-06 12:23:40.178 28510 28548 D GreedyPrefetchingStrategyOnVisitFrequencyAndTime: Data:
08-06 12:23:40.178 28510 28548 D GreedyPrefetchingStrategyOnVisitFrequencyAndTime: 	- Successor time = 17828.0
08-06 12:23:40.178 28510 28548 D GreedyPrefetchingStrategyOnVisitFrequencyAndTime: 	- Successor frequency = 4
08-06 12:23:40.178 28510 28548 D GreedyPrefetchingStrategyOnVisitFrequencyAndTime: 	- Aggregated time = 256784.0
08-06 12:23:40.178 28510 28548 D GreedyPrefetchingStrategyOnVisitFrequencyAndTime: 	- Aggregated frequency = 44
08-06 12:23:40.178 28510 28548 D GreedyPrefetchingStrategyOnVisitFrequencyAndTime: Calculated scores:
08-06 12:23:40.178 28510 28548 D GreedyPrefetchingStrategyOnVisitFrequencyAndTime: 	- Parent score = 1.0
08-06 12:23:40.178 28510 28548 D GreedyPrefetchingStrategyOnVisitFrequencyAndTime: 	- Successor time score = 0.034714002
08-06 12:23:40.179 28510 28548 D GreedyPrefetchingStrategyOnVisitFrequencyAndTime: 	- Successor frequency score = 0.045454547
08-06 12:23:40.179 28510 28548 D GreedyPrefetchingStrategyOnVisitFrequencyAndTime: 	- Successor final score = 0.080168545
08-06 12:23:40.179 28510 28548 D GreedyPrefetchingStrategyOnVisitFrequencyAndTime: Check successor FeedInfoActivity
08-06 12:23:40.179 28510 28548 D GreedyPrefetchingStrategyOnVisitFrequencyAndTime: Data:
08-06 12:23:40.179 28510 28548 D GreedyPrefetchingStrategyOnVisitFrequencyAndTime: 	- Successor time = 18557.0
08-06 12:23:40.179 28510 28548 D GreedyPrefetchingStrategyOnVisitFrequencyAndTime: 	- Successor frequency = 4
08-06 12:23:40.179 28510 28548 D GreedyPrefetchingStrategyOnVisitFrequencyAndTime: 	- Aggregated time = 256784.0
08-06 12:23:40.179 28510 28548 D GreedyPrefetchingStrategyOnVisitFrequencyAndTime: 	- Aggregated frequency = 44
08-06 12:23:40.179 28510 28548 D GreedyPrefetchingStrategyOnVisitFrequencyAndTime: Calculated scores:
08-06 12:23:40.179 28510 28548 D GreedyPrefetchingStrategyOnVisitFrequencyAndTime: 	- Parent score = 1.0
08-06 12:23:40.179 28510 28548 D GreedyPrefetchingStrategyOnVisitFrequencyAndTime: 	- Successor time score = 0.036133483
08-06 12:23:40.179 28510 28548 D GreedyPrefetchingStrategyOnVisitFrequencyAndTime: 	- Successor frequency score = 0.045454547
08-06 12:23:40.179 28510 28548 D GreedyPrefetchingStrategyOnVisitFrequencyAndTime: 	- Successor final score = 0.08158803
08-06 12:23:40.179 28510 28548 D GreedyPrefetchingStrategyOnVisitFrequencyAndTime: MainActivity best successor is OnlineFeedViewActivity with score 0.7504829 containing the URLS []
08-06 12:23:40.180 28510 28548 D GreedyPrefetchingStrategyOnVisitFrequencyAndTime: ------------- Recursion #2 -----------
08-06 12:23:40.180 28510 28548 D GreedyPrefetchingStrategyOnVisitFrequencyAndTime: Best successors so far [OnlineFeedViewActivity]
08-06 12:23:40.180 28510 28548 D GreedyPrefetchingStrategyOnVisitFrequencyAndTime: Checking node OnlineFeedViewActivity with 0 successors
08-06 12:23:40.180 28510 28548 D GreedyPrefetchingStrategyOnVisitFrequencyAndTime: this node has no successors
08-06 12:23:40.180 28510 28548 D GreedyPrefetchingStrategyOnVisitFrequencyAndTime: Next visited child will be [nappagreedy.de.danoeh.antennapod.activity.OnlineFeedViewActivity]
08-06 12:23:40.180 28510 28548 D GreedyPrefetchingStrategyOnVisitFrequencyAndTime: ==================================
08-06 12:23:40.180 28510 28548 D Nappa   : PREFETCH_ON_EXTRA - setCurrentActivity - finished new prediction
08-06 12:23:40.249 28510 28523 I art     : Starting a blocking GC Explicit
08-06 12:23:40.265 28510 28523 I art     : Explicit concurrent mark sweep GC freed 3205(196KB) AllocSpace objects, 3(608KB) LOS objects, 40% free, 22MB/38MB, paused 287us total 16.599ms
08-06 12:23:40.272 28510 28523 I art     : Starting a blocking GC Explicit
08-06 12:23:40.287 28510 28523 I art     : Explicit concurrent mark sweep GC freed 35(1136B) AllocSpace objects, 0(0B) LOS objects, 40% free, 22MB/38MB, paused 230us total 14.124ms
08-06 12:23:40.293 28510 28523 I art     : Starting a blocking GC Explicit
08-06 12:23:40.308 28510 28523 I art     : Explicit concurrent mark sweep GC freed 3(96B) AllocSpace objects, 0(0B) LOS objects, 40% free, 22MB/38MB, paused 262us total 14.011ms
08-06 12:23:40.315 28510 28523 I art     : Starting a blocking GC Explicit
08-06 12:23:40.328 28510 28523 I art     : Explicit concurrent mark sweep GC freed 3(96B) AllocSpace objects, 0(0B) LOS objects, 40% free, 22MB/38MB, paused 214us total 13.548ms
08-06 12:23:40.334 28510 28523 I art     : Starting a blocking GC Explicit
08-06 12:23:40.348 28510 28523 I art     : Explicit concurrent mark sweep GC freed 3(96B) AllocSpace objects, 0(0B) LOS objects, 40% free, 22MB/38MB, paused 219us total 13.520ms
08-06 12:23:40.481 28510 28654 D DBReader: Extracting Feedlist
08-06 12:23:40.482 28510 28654 D FlattrUtils: Retrieving access token
08-06 12:23:40.482 28510 28654 D FlattrUtils: No access token found
08-06 12:23:40.485 28510 28654 I art     : Rejecting re-init on previously-failed class java.lang.Class<androidx.core.app.JobIntentService$JobServiceEngineImpl>
08-06 12:23:40.485 28510 28654 I art     : Rejecting re-init on previously-failed class java.lang.Class<androidx.core.app.JobIntentService$JobServiceEngineImpl>
08-06 12:23:40.486 28510 28654 I art     : Rejecting re-init on previously-failed class java.lang.Class<androidx.core.app.SafeJobIntentService$SafeJobServiceEngineImpl>
08-06 12:23:40.486 28510 28654 I art     : Rejecting re-init on previously-failed class java.lang.Class<androidx.core.app.SafeJobIntentService$SafeJobServiceEngineImpl>
08-06 12:23:40.636 28510 28634 I art     : Starting a blocking GC Explicit
08-06 12:23:40.653 28510 28634 I art     : Explicit concurrent mark sweep GC freed 2054(184KB) AllocSpace objects, 2(40KB) LOS objects, 40% free, 22MB/38MB, paused 265us total 16.750ms
08-06 12:23:40.660 28510 28634 I art     : Starting a blocking GC Explicit
08-06 12:23:40.674 28510 28634 I art     : Explicit concurrent mark sweep GC freed 85(3KB) AllocSpace objects, 0(0B) LOS objects, 40% free, 22MB/38MB, paused 219us total 13.497ms
08-06 12:23:40.680 28510 28634 I art     : Starting a blocking GC Explicit
08-06 12:23:40.692 28510 28634 I art     : Explicit concurrent mark sweep GC freed 3(96B) AllocSpace objects, 0(0B) LOS objects, 40% free, 22MB/38MB, paused 211us total 12.176ms
08-06 12:23:40.698 28510 28634 I art     : Starting a blocking GC Explicit
08-06 12:23:40.710 28510 28634 I art     : Explicit concurrent mark sweep GC freed 3(96B) AllocSpace objects, 0(0B) LOS objects, 40% free, 22MB/38MB, paused 212us total 12.087ms
08-06 12:23:40.716 28510 28634 I art     : Starting a blocking GC Explicit
08-06 12:23:40.728 28510 28634 I art     : Explicit concurrent mark sweep GC freed 3(96B) AllocSpace objects, 0(0B) LOS objects, 40% free, 22MB/38MB, paused 211us total 12.304ms
08-06 12:23:40.936 13866 13866 I GoogleInputMethodServic: GoogleInputMethodService.onFinishInput():3138 
08-06 12:23:40.937 13866 13866 I GoogleInputMethodServic: GoogleInputMethodService.onStartInput():1808 
08-06 12:23:41.029 28510 28634 I art     : Starting a blocking GC Explicit
08-06 12:23:41.046 28510 28634 I art     : Explicit concurrent mark sweep GC freed 1682(99KB) AllocSpace objects, 1(20KB) LOS objects, 40% free, 22MB/38MB, paused 234us total 16.287ms
08-06 12:23:41.053 28510 28634 I art     : Starting a blocking GC Explicit
08-06 12:23:41.068 28510 28634 I art     : Explicit concurrent mark sweep GC freed 43(1584B) AllocSpace objects, 0(0B) LOS objects, 40% free, 22MB/38MB, paused 207us total 14.642ms
08-06 12:23:41.074 28510 28634 I art     : Starting a blocking GC Explicit
08-06 12:23:41.087 28510 28634 I art     : Explicit concurrent mark sweep GC freed 30(832B) AllocSpace objects, 0(0B) LOS objects, 40% free, 22MB/38MB, paused 186us total 13.398ms
08-06 12:23:41.094 28510 28634 I art     : Starting a blocking GC Explicit
08-06 12:23:41.107 28510 28634 I art     : Explicit concurrent mark sweep GC freed 3(96B) AllocSpace objects, 0(0B) LOS objects, 40% free, 22MB/38MB, paused 215us total 13.541ms
08-06 12:23:41.113 28510 28634 I art     : Starting a blocking GC Explicit
08-06 12:23:41.125 28510 28634 I art     : Explicit concurrent mark sweep GC freed 3(96B) AllocSpace objects, 0(0B) LOS objects, 40% free, 22MB/38MB, paused 202us total 11.894ms
08-06 12:23:41.418 28510 28524 I art     : Starting a blocking GC Explicit
08-06 12:23:41.434 28510 28524 I art     : Explicit concurrent mark sweep GC freed 1597(97KB) AllocSpace objects, 1(20KB) LOS objects, 40% free, 22MB/38MB, paused 235us total 15.875ms
08-06 12:23:41.440 28510 28524 I art     : Starting a blocking GC Explicit
08-06 12:23:41.455 28510 28524 I art     : Explicit concurrent mark sweep GC freed 35(1136B) AllocSpace objects, 0(0B) LOS objects, 40% free, 22MB/38MB, paused 223us total 14.713ms
08-06 12:23:41.462 28510 28524 I art     : Starting a blocking GC Explicit
08-06 12:23:41.476 28510 28524 I art     : Explicit concurrent mark sweep GC freed 3(96B) AllocSpace objects, 0(0B) LOS objects, 40% free, 22MB/38MB, paused 206us total 14.409ms
08-06 12:23:41.484 28510 28524 I art     : Starting a blocking GC Explicit
08-06 12:23:41.497 28510 28524 I art     : Explicit concurrent mark sweep GC freed 3(96B) AllocSpace objects, 0(0B) LOS objects, 40% free, 22MB/38MB, paused 215us total 13.677ms
08-06 12:23:41.504 28510 28524 I art     : Starting a blocking GC Explicit
08-06 12:23:41.518 28510 28524 I art     : Explicit concurrent mark sweep GC freed 3(96B) AllocSpace objects, 0(0B) LOS objects, 40% free, 22MB/38MB, paused 203us total 13.743ms
08-06 12:23:41.847 28510 28634 I art     : Starting a blocking GC Explicit
08-06 12:23:41.866 28510 28634 I art     : Explicit concurrent mark sweep GC freed 1597(97KB) AllocSpace objects, 1(20KB) LOS objects, 40% free, 22MB/38MB, paused 293us total 19.065ms
08-06 12:23:41.876 28510 28634 I art     : Starting a blocking GC Explicit
08-06 12:23:41.891 28510 28634 I art     : Explicit concurrent mark sweep GC freed 35(1136B) AllocSpace objects, 0(0B) LOS objects, 40% free, 22MB/38MB, paused 213us total 14.465ms
08-06 12:23:41.897 28510 28634 I art     : Starting a blocking GC Explicit
08-06 12:23:41.911 28510 28634 I art     : Explicit concurrent mark sweep GC freed 3(96B) AllocSpace objects, 0(0B) LOS objects, 40% free, 22MB/38MB, paused 200us total 13.542ms
08-06 12:23:41.918 28510 28634 I art     : Starting a blocking GC Explicit
08-06 12:23:41.932 28510 28634 I art     : Explicit concurrent mark sweep GC freed 3(96B) AllocSpace objects, 0(0B) LOS objects, 40% free, 22MB/38MB, paused 206us total 13.712ms
08-06 12:23:41.938 28510 28634 I art     : Starting a blocking GC Explicit
08-06 12:23:41.951 28510 28634 I art     : Explicit concurrent mark sweep GC freed 3(96B) AllocSpace objects, 0(0B) LOS objects, 40% free, 22MB/38MB, paused 197us total 13.119ms
08-06 12:23:42.219 28510 28523 I art     : Starting a blocking GC Explicit
08-06 12:23:42.242 28510 28523 I art     : Explicit concurrent mark sweep GC freed 1627(102KB) AllocSpace objects, 1(20KB) LOS objects, 40% free, 22MB/38MB, paused 238us total 23.093ms
08-06 12:23:42.256 28510 28523 I art     : Starting a blocking GC Explicit
08-06 12:23:42.270 28510 28523 I art     : Explicit concurrent mark sweep GC freed 35(1136B) AllocSpace objects, 0(0B) LOS objects, 40% free, 22MB/38MB, paused 211us total 13.582ms
08-06 12:23:42.276 28510 28523 I art     : Starting a blocking GC Explicit
08-06 12:23:42.290 28510 28523 I art     : Explicit concurrent mark sweep GC freed 3(96B) AllocSpace objects, 0(0B) LOS objects, 40% free, 22MB/38MB, paused 206us total 13.556ms
08-06 12:23:42.296 28510 28523 I art     : Starting a blocking GC Explicit
08-06 12:23:42.310 28510 28523 I art     : Explicit concurrent mark sweep GC freed 3(96B) AllocSpace objects, 0(0B) LOS objects, 40% free, 22MB/38MB, paused 208us total 13.463ms
08-06 12:23:42.316 28510 28523 I art     : Starting a blocking GC Explicit
08-06 12:23:42.330 28510 28523 I art     : Explicit concurrent mark sweep GC freed 3(96B) AllocSpace objects, 0(0B) LOS objects, 40% free, 22MB/38MB, paused 204us total 13.586ms
08-06 12:23:42.634 28510 28524 I art     : Starting a blocking GC Explicit
08-06 12:23:42.651 28510 28524 I art     : Explicit concurrent mark sweep GC freed 1614(99KB) AllocSpace objects, 1(20KB) LOS objects, 40% free, 22MB/38MB, paused 223us total 16.656ms
08-06 12:23:42.658 28510 28524 I art     : Starting a blocking GC Explicit
08-06 12:23:42.673 28510 28524 I art     : Explicit concurrent mark sweep GC freed 38(1232B) AllocSpace objects, 0(0B) LOS objects, 40% free, 22MB/38MB, paused 263us total 14.523ms
08-06 12:23:42.680 28510 28524 I art     : Starting a blocking GC Explicit
08-06 12:23:42.693 28510 28524 I art     : Explicit concurrent mark sweep GC freed 6(192B) AllocSpace objects, 0(0B) LOS objects, 40% free, 22MB/38MB, paused 209us total 12.989ms
08-06 12:23:42.699 28510 28524 I art     : Starting a blocking GC Explicit
08-06 12:23:42.711 28510 28524 I art     : Explicit concurrent mark sweep GC freed 5(160B) AllocSpace objects, 0(0B) LOS objects, 40% free, 22MB/38MB, paused 210us total 12.149ms
08-06 12:23:42.717 28510 28524 I art     : Starting a blocking GC Explicit
08-06 12:23:42.729 28510 28524 I art     : Explicit concurrent mark sweep GC freed 5(160B) AllocSpace objects, 0(0B) LOS objects, 40% free, 22MB/38MB, paused 220us total 12.633ms
08-06 12:23:43.030 28510 28524 I art     : Starting a blocking GC Explicit
08-06 12:23:43.048 28510 28524 I art     : Explicit concurrent mark sweep GC freed 1598(94KB) AllocSpace objects, 1(20KB) LOS objects, 40% free, 22MB/38MB, paused 233us total 17.291ms
08-06 12:23:43.060 28510 28524 I art     : Starting a blocking GC Explicit
08-06 12:23:43.075 28510 28524 I art     : Explicit concurrent mark sweep GC freed 62(1872B) AllocSpace objects, 0(0B) LOS objects, 40% free, 22MB/38MB, paused 227us total 15.109ms
08-06 12:23:43.081 28510 28524 I art     : Starting a blocking GC Explicit
08-06 12:23:43.095 28510 28524 I art     : Explicit concurrent mark sweep GC freed 3(96B) AllocSpace objects, 0(0B) LOS objects, 40% free, 22MB/38MB, paused 215us total 13.588ms
08-06 12:23:43.101 28510 28524 I art     : Starting a blocking GC Explicit
08-06 12:23:43.115 28510 28524 I art     : Explicit concurrent mark sweep GC freed 3(96B) AllocSpace objects, 0(0B) LOS objects, 40% free, 22MB/38MB, paused 216us total 13.563ms
08-06 12:23:43.121 28510 28524 I art     : Starting a blocking GC Explicit
08-06 12:23:43.135 28510 28524 I art     : Explicit concurrent mark sweep GC freed 3(96B) AllocSpace objects, 0(0B) LOS objects, 40% free, 22MB/38MB, paused 218us total 13.624ms
08-06 12:23:43.470 28510 28634 I art     : Starting a blocking GC Explicit
08-06 12:23:43.491 28510 28634 I art     : Explicit concurrent mark sweep GC freed 1596(96KB) AllocSpace objects, 1(20KB) LOS objects, 40% free, 22MB/38MB, paused 254us total 20.609ms
08-06 12:23:43.502 28510 28634 I art     : Starting a blocking GC Explicit
08-06 12:23:43.519 28510 28634 I art     : Explicit concurrent mark sweep GC freed 35(1136B) AllocSpace objects, 0(0B) LOS objects, 40% free, 22MB/38MB, paused 212us total 17.132ms
08-06 12:23:43.526 28510 28634 I art     : Starting a blocking GC Explicit
08-06 12:23:43.540 28510 28634 I art     : Explicit concurrent mark sweep GC freed 3(96B) AllocSpace objects, 0(0B) LOS objects, 40% free, 22MB/38MB, paused 214us total 13.894ms
08-06 12:23:43.546 28510 28634 I art     : Starting a blocking GC Explicit
08-06 12:23:43.560 28510 28634 I art     : Explicit concurrent mark sweep GC freed 3(96B) AllocSpace objects, 0(0B) LOS objects, 40% free, 22MB/38MB, paused 212us total 13.772ms
08-06 12:23:43.567 28510 28634 I art     : Starting a blocking GC Explicit
08-06 12:23:43.581 28510 28634 I art     : Explicit concurrent mark sweep GC freed 3(96B) AllocSpace objects, 0(0B) LOS objects, 40% free, 22MB/38MB, paused 203us total 13.790ms
08-06 12:23:43.889 28510 28523 I art     : Starting a blocking GC Explicit
08-06 12:23:43.913 28510 28523 I art     : Explicit concurrent mark sweep GC freed 1594(94KB) AllocSpace objects, 1(20KB) LOS objects, 40% free, 22MB/38MB, paused 229us total 23.304ms
08-06 12:23:43.925 28510 28523 I art     : Starting a blocking GC Explicit
08-06 12:23:43.940 28510 28523 I art     : Explicit concurrent mark sweep GC freed 35(1136B) AllocSpace objects, 0(0B) LOS objects, 40% free, 22MB/38MB, paused 210us total 14.249ms
08-06 12:23:43.946 28510 28523 I art     : Starting a blocking GC Explicit
08-06 12:23:43.959 28510 28523 I art     : Explicit concurrent mark sweep GC freed 3(96B) AllocSpace objects, 0(0B) LOS objects, 40% free, 22MB/38MB, paused 209us total 13.208ms
08-06 12:23:43.966 28510 28523 I art     : Starting a blocking GC Explicit
08-06 12:23:43.980 28510 28523 I art     : Explicit concurrent mark sweep GC freed 3(96B) AllocSpace objects, 0(0B) LOS objects, 40% free, 22MB/38MB, paused 205us total 13.811ms
08-06 12:23:43.986 28510 28523 I art     : Starting a blocking GC Explicit
08-06 12:23:44.000 28510 28523 I art     : Explicit concurrent mark sweep GC freed 3(96B) AllocSpace objects, 0(0B) LOS objects, 40% free, 22MB/38MB, paused 211us total 13.751ms
08-06 12:23:44.265 28510 28524 I art     : Starting a blocking GC Explicit
08-06 12:23:44.282 28510 28524 I art     : Explicit concurrent mark sweep GC freed 1622(95KB) AllocSpace objects, 1(20KB) LOS objects, 40% free, 22MB/38MB, paused 261us total 16.587ms
08-06 12:23:44.289 28510 28524 I art     : Starting a blocking GC Explicit
08-06 12:23:44.303 28510 28524 I art     : Explicit concurrent mark sweep GC freed 35(1136B) AllocSpace objects, 0(0B) LOS objects, 40% free, 22MB/38MB, paused 213us total 13.141ms
08-06 12:23:44.303 28510 28521 I art     : WaitForGcToComplete blocked for 5.008ms for cause HeapTrim
08-06 12:23:44.309 28510 28524 I art     : Starting a blocking GC Explicit
08-06 12:23:44.321 28510 28524 I art     : Explicit concurrent mark sweep GC freed 3(96B) AllocSpace objects, 0(0B) LOS objects, 40% free, 22MB/38MB, paused 204us total 12.330ms
08-06 12:23:44.327 28510 28524 I art     : Starting a blocking GC Explicit
08-06 12:23:44.339 28510 28524 I art     : Explicit concurrent mark sweep GC freed 3(96B) AllocSpace objects, 0(0B) LOS objects, 40% free, 22MB/38MB, paused 206us total 12.319ms
08-06 12:23:44.345 28510 28524 I art     : Starting a blocking GC Explicit
08-06 12:23:44.357 28510 28524 I art     : Explicit concurrent mark sweep GC freed 3(96B) AllocSpace objects, 0(0B) LOS objects, 40% free, 22MB/38MB, paused 201us total 12.018ms
08-06 12:23:44.593 28763 28763 D AndroidRuntime: >>>>>> START com.android.internal.os.RuntimeInit uid 2000 <<<<<<
08-06 12:23:44.597 28763 28763 D AndroidRuntime: CheckJNI is OFF
08-06 12:23:44.624 28763 28763 D ICU     : No timezone override file found: /data/misc/zoneinfo/current/icu/icu_tzdata.dat
08-06 12:23:44.627 28510 28634 I art     : Starting a blocking GC Explicit
08-06 12:23:44.642 28510 28634 I art     : Explicit concurrent mark sweep GC freed 1593(94KB) AllocSpace objects, 1(20KB) LOS objects, 40% free, 22MB/38MB, paused 232us total 14.644ms
08-06 12:23:44.645 28442 28588 W ConnectionTracker: Exception thrown while unbinding
08-06 12:23:44.645 28442 28588 W ConnectionTracker: java.lang.IllegalArgumentException: Service not registered: lu@65bcc22
08-06 12:23:44.645 28442 28588 W ConnectionTracker: 	at android.app.LoadedApk.forgetServiceDispatcher(LoadedApk.java:1044)
08-06 12:23:44.645 28442 28588 W ConnectionTracker: 	at android.app.ContextImpl.unbindService(ContextImpl.java:1337)
08-06 12:23:44.645 28442 28588 W ConnectionTracker: 	at android.content.ContextWrapper.unbindService(ContextWrapper.java:616)
08-06 12:23:44.645 28442 28588 W ConnectionTracker: 	at cg.b(:com.google.android.gms.dynamite_measurementdynamite@202614048@20.26.14 (040400-0):1)
08-06 12:23:44.645 28442 28588 W ConnectionTracker: 	at cg.a(:com.google.android.gms.dynamite_measurementdynamite@202614048@20.26.14 (040400-0):6)
08-06 12:23:44.645 28442 28588 W ConnectionTracker: 	at lv.A(:com.google.android.gms.dynamite_measurementdynamite@202614048@20.26.14 (040400-0):10)
08-06 12:23:44.645 28442 28588 W ConnectionTracker: 	at lg.a(:com.google.android.gms.dynamite_measurementdynamite@202614048@20.26.14 (040400-0):3)
08-06 12:23:44.645 28442 28588 W ConnectionTracker: 	at dz.run(:com.google.android.gms.dynamite_measurementdynamite@202614048@20.26.14 (040400-0):3)
08-06 12:23:44.645 28442 28588 W ConnectionTracker: 	at java.util.concurrent.Executors$RunnableAdapter.call(Executors.java:423)
08-06 12:23:44.645 28442 28588 W ConnectionTracker: 	at java.util.concurrent.FutureTask.run(FutureTask.java:237)
08-06 12:23:44.645 28442 28588 W ConnectionTracker: 	at jb.run(:com.google.android.gms.dynamite_measurementdynamite@202614048@20.26.14 (040400-0):6)
08-06 12:23:44.649 28510 28634 I art     : Starting a blocking GC Explicit
08-06 12:23:44.651 28763 28763 I Radio-JNI: register_android_hardware_Radio DONE
08-06 12:23:44.662 28510 28634 I art     : Explicit concurrent mark sweep GC freed 35(1136B) AllocSpace objects, 0(0B) LOS objects, 40% free, 22MB/38MB, paused 209us total 13.434ms
08-06 12:23:44.668 28763 28763 D AndroidRuntime: Calling main entry com.android.commands.input.Input
08-06 12:23:44.668 28510 28634 I art     : Starting a blocking GC Explicit
08-06 12:23:44.669 28763 28763 I Input   : injectMotionEvent: MotionEvent { action=ACTION_DOWN, actionButton=0, id[0]=0, x[0]=1233.0, y[0]=1274.0, toolType[0]=TOOL_TYPE_UNKNOWN, buttonState=0, metaState=0, flags=0x0, edgeFlags=0x0, pointerCount=1, historySize=0, eventTime=879841082, downTime=879841082, deviceId=0, source=0x1002 }
08-06 12:23:44.675 28763 28763 I Input   : injectMotionEvent: MotionEvent { action=ACTION_UP, actionButton=0, id[0]=0, x[0]=1233.0, y[0]=1274.0, toolType[0]=TOOL_TYPE_UNKNOWN, buttonState=0, metaState=0, flags=0x0, edgeFlags=0x0, pointerCount=1, historySize=0, eventTime=879841082, downTime=879841082, deviceId=0, source=0x1002 }
08-06 12:23:44.677 28763 28763 D AndroidRuntime: Shutting down VM
08-06 12:23:44.682 28510 28634 I art     : Explicit concurrent mark sweep GC freed 6(192B) AllocSpace objects, 0(0B) LOS objects, 40% free, 22MB/38MB, paused 232us total 13.826ms
08-06 12:23:44.688 28510 28634 I art     : Starting a blocking GC Explicit
08-06 12:23:44.702 28510 28634 I art     : Explicit concurrent mark sweep GC freed 3(96B) AllocSpace objects, 0(0B) LOS objects, 40% free, 22MB/38MB, paused 208us total 13.425ms
08-06 12:23:44.708 28510 28634 I art     : Starting a blocking GC Explicit
08-06 12:23:44.721 28510 28634 I art     : Explicit concurrent mark sweep GC freed 3(96B) AllocSpace objects, 0(0B) LOS objects, 40% free, 22MB/38MB, paused 194us total 13.018ms
08-06 12:23:44.937 28510 28524 I art     : Starting a blocking GC Explicit
08-06 12:23:44.951 28510 28524 I art     : Explicit concurrent mark sweep GC freed 1594(94KB) AllocSpace objects, 1(20KB) LOS objects, 40% free, 22MB/38MB, paused 224us total 13.677ms
08-06 12:23:44.957 28510 28524 I art     : Starting a blocking GC Explicit
08-06 12:23:44.971 28510 28524 I art     : Explicit concurrent mark sweep GC freed 35(1136B) AllocSpace objects, 0(0B) LOS objects, 40% free, 22MB/38MB, paused 265us total 13.548ms
08-06 12:23:44.978 28510 28524 I art     : Starting a blocking GC Explicit
08-06 12:23:44.991 28510 28524 I art     : Explicit concurrent mark sweep GC freed 3(96B) AllocSpace objects, 0(0B) LOS objects, 40% free, 22MB/38MB, paused 242us total 12.458ms
08-06 12:23:44.997 28510 28524 I art     : Starting a blocking GC Explicit
08-06 12:23:45.007   918   927 I art     : Background partial concurrent mark sweep GC freed 73065(6MB) AllocSpace objects, 40(824KB) LOS objects, 18% free, 70MB/86MB, paused 1.392ms total 209.855ms
08-06 12:23:45.011 28510 28524 I art     : Explicit concurrent mark sweep GC freed 3(96B) AllocSpace objects, 0(0B) LOS objects, 40% free, 22MB/38MB, paused 220us total 13.763ms
08-06 12:23:45.017 28510 28524 I art     : Starting a blocking GC Explicit
08-06 12:23:45.029 28510 28524 I art     : Explicit concurrent mark sweep GC freed 3(96B) AllocSpace objects, 0(0B) LOS objects, 40% free, 22MB/38MB, paused 193us total 12.093ms
08-06 12:23:45.108 13866 13866 I GoogleInputMethodServic: GoogleInputMethodService.onFinishInput():3138 
08-06 12:23:45.108 13866 13866 I GoogleInputMethodServic: GoogleInputMethodService.onStartInput():1808 
08-06 12:23:45.292 28510 28524 I art     : Starting a blocking GC Explicit
08-06 12:23:45.314 28510 28524 I art     : Explicit concurrent mark sweep GC freed 1717(99KB) AllocSpace objects, 1(20KB) LOS objects, 40% free, 22MB/38MB, paused 262us total 21.776ms
08-06 12:23:45.325 28510 28524 I art     : Starting a blocking GC Explicit
08-06 12:23:45.340 28510 28524 I art     : Explicit concurrent mark sweep GC freed 46(1696B) AllocSpace objects, 0(0B) LOS objects, 40% free, 22MB/38MB, paused 193us total 14.780ms
08-06 12:23:45.347 28510 28524 I art     : Starting a blocking GC Explicit
08-06 12:23:45.362 28510 28524 I art     : Explicit concurrent mark sweep GC freed 3(96B) AllocSpace objects, 0(0B) LOS objects, 40% free, 22MB/38MB, paused 218us total 14.635ms
08-06 12:23:45.368 28510 28524 I art     : Starting a blocking GC Explicit
08-06 12:23:45.382 28510 28524 I art     : Explicit concurrent mark sweep GC freed 3(96B) AllocSpace objects, 0(0B) LOS objects, 40% free, 22MB/38MB, paused 196us total 13.475ms
08-06 12:23:45.388 28510 28524 I art     : Starting a blocking GC Explicit
08-06 12:23:45.402 28510 28524 I art     : Explicit concurrent mark sweep GC freed 3(96B) AllocSpace objects, 0(0B) LOS objects, 40% free, 22MB/38MB, paused 201us total 13.395ms
08-06 12:23:45.687 28510 28523 I art     : Starting a blocking GC Explicit
08-06 12:23:45.708 28510 28523 I art     : Explicit concurrent mark sweep GC freed 1594(94KB) AllocSpace objects, 1(20KB) LOS objects, 40% free, 22MB/38MB, paused 253us total 20.894ms
08-06 12:23:45.719 28510 28523 I art     : Starting a blocking GC Explicit
08-06 12:23:45.738 28510 28523 I art     : Explicit concurrent mark sweep GC freed 35(1136B) AllocSpace objects, 0(0B) LOS objects, 40% free, 22MB/38MB, paused 288us total 19.302ms
08-06 12:23:45.748 28510 28523 I art     : Starting a blocking GC Explicit
08-06 12:23:45.762 28510 28523 I art     : Explicit concurrent mark sweep GC freed 3(96B) AllocSpace objects, 0(0B) LOS objects, 40% free, 22MB/38MB, paused 238us total 13.899ms
08-06 12:23:45.768 28510 28523 I art     : Starting a blocking GC Explicit
08-06 12:23:45.783 28510 28523 I art     : Explicit concurrent mark sweep GC freed 3(96B) AllocSpace objects, 0(0B) LOS objects, 40% free, 22MB/38MB, paused 202us total 14.059ms
08-06 12:23:45.790 28510 28523 I art     : Starting a blocking GC Explicit
08-06 12:23:45.804 28510 28523 I art     : Explicit concurrent mark sweep GC freed 3(96B) AllocSpace objects, 0(0B) LOS objects, 40% free, 22MB/38MB, paused 211us total 13.982ms
08-06 12:23:46.038 28510 28634 I art     : Starting a blocking GC Explicit
08-06 12:23:46.052 28510 28634 I art     : Explicit concurrent mark sweep GC freed 1593(94KB) AllocSpace objects, 1(20KB) LOS objects, 40% free, 22MB/38MB, paused 205us total 14.199ms
08-06 12:23:46.059 28510 28634 I art     : Starting a blocking GC Explicit
08-06 12:23:46.073 28510 28634 I art     : Explicit concurrent mark sweep GC freed 62(1872B) AllocSpace objects, 0(0B) LOS objects, 40% free, 22MB/38MB, paused 214us total 14.039ms
08-06 12:23:46.079 28510 28634 I art     : Starting a blocking GC Explicit
08-06 12:23:46.093 28510 28634 I art     : Explicit concurrent mark sweep GC freed 3(96B) AllocSpace objects, 0(0B) LOS objects, 40% free, 22MB/38MB, paused 200us total 13.332ms
08-06 12:23:46.099 28510 28634 I art     : Starting a blocking GC Explicit
