--------- beginning of main
--------- beginning of system
08-06 04:09:03.436 23252 23252 D Nappa   : Selected prefetching strategy STRATEGY_TFPR
08-06 04:09:03.491 23252 32267 D Nappa   : Updating activity map nappatfpr.com.newsblur.activity.Main: 1
08-06 04:09:03.491 23252 32267 D Nappa   : Updating activity map nappatfpr.com.newsblur.activity.GlobalSharedStoriesItemsList: 2
08-06 04:09:03.491 23252 32267 D Nappa   : Updating activity map nappatfpr.com.newsblur.activity.GlobalSharedStoriesReading: 3
08-06 04:09:03.491 23252 32267 D Nappa   : Updating activity map nappatfpr.com.newsblur.activity.AllSharedStoriesItemsList: 4
08-06 04:09:03.491 23252 32267 D Nappa   : Updating activity map nappatfpr.com.newsblur.activity.AllSharedStoriesReading: 5
08-06 04:09:03.593 23252 32267 D Nappa   : registerActivity: (already in) nappatfpr.com.newsblur.activity.Main
08-06 04:09:03.702 23252 32267 D Nappa   : registerActivity: (already in) nappatfpr.com.newsblur.activity.GlobalSharedStoriesItemsList
08-06 04:09:03.709 23252 32270 D Nappa   : {nappatfpr.com.newsblur.activity.GlobalSharedStoriesReading=3, nappatfpr.com.newsblur.activity.AllSharedStoriesItemsList=4, nappatfpr.com.newsblur.activity.AllSharedStoriesReading=5, nappatfpr.com.newsblur.activity.GlobalSharedStoriesItemsList=2, nappatfpr.com.newsblur.activity.Main=1}
08-06 04:09:03.808 23252 32267 D Nappa   : registerActivity: (already in) nappatfpr.com.newsblur.activity.AllSharedStoriesItemsList
08-06 04:09:03.812 23252 32270 D Nappa   : {nappatfpr.com.newsblur.activity.GlobalSharedStoriesReading=3, nappatfpr.com.newsblur.activity.AllSharedStoriesItemsList=4, nappatfpr.com.newsblur.activity.AllSharedStoriesReading=5, nappatfpr.com.newsblur.activity.GlobalSharedStoriesItemsList=2, nappatfpr.com.newsblur.activity.Main=1}
08-06 04:09:03.943 23252 32267 D Nappa   : registerActivity: (already in) nappatfpr.com.newsblur.activity.GlobalSharedStoriesItemsList
08-06 04:09:04.049 23252 32267 D Nappa   : registerActivity: (already in) nappatfpr.com.newsblur.activity.GlobalSharedStoriesReading
08-06 04:09:04.052 23252 32270 D Nappa   : {nappatfpr.com.newsblur.activity.GlobalSharedStoriesReading=3, nappatfpr.com.newsblur.activity.AllSharedStoriesItemsList=4, nappatfpr.com.newsblur.activity.AllSharedStoriesReading=5, nappatfpr.com.newsblur.activity.GlobalSharedStoriesItemsList=2, nappatfpr.com.newsblur.activity.Main=1}
08-06 04:09:04.162 23252 32267 D Nappa   : registerActivity: (already in) nappatfpr.com.newsblur.activity.GlobalSharedStoriesReading
08-06 04:09:04.275 23252 32267 D Nappa   : registerActivity: (already in) nappatfpr.com.newsblur.activity.AllSharedStoriesItemsList
08-06 04:09:04.381 23252 32267 D Nappa   : registerActivity: (already in) nappatfpr.com.newsblur.activity.AllSharedStoriesReading
08-06 04:09:04.386 23252 32270 D Nappa   : {nappatfpr.com.newsblur.activity.GlobalSharedStoriesReading=3, nappatfpr.com.newsblur.activity.AllSharedStoriesItemsList=4, nappatfpr.com.newsblur.activity.AllSharedStoriesReading=5, nappatfpr.com.newsblur.activity.GlobalSharedStoriesItemsList=2, nappatfpr.com.newsblur.activity.Main=1}
08-06 04:09:04.497 23252 32267 D Nappa   : registerActivity: (already in) nappatfpr.com.newsblur.activity.AllSharedStoriesReading
08-06 04:09:04.508 23252 32267 D Nappa   : Extended Startup-time: 1072 ms
08-06 04:09:04.512 23252 23252 D Nappa   : Startup-time: 1076 ms
08-06 04:09:04.880 23252 23252 D Nappa   : setCurrentActivity - MetricStrategyAccuracy - 
08-06 04:09:04.880 23252 23252 D Nappa   : madePredictionFromActivity = false, 
08-06 04:09:04.880 23252 23252 D Nappa   : fromActivity = null, 
08-06 04:09:04.880 23252 23252 D Nappa   : predictedNextActivityFromActivity = [], 
08-06 04:09:04.880 23252 23252 D Nappa   : activity.getClass().getCanonicalName() = nappatfpr.com.newsblur.activity.Main, 
08-06 04:09:04.880 23252 23252 D Nappa   : setCurrentActivity - MetricStrategyAccuracy - 
08-06 04:09:04.880 23252 23252 D Nappa   : madePredictionFromExtra = false, 
08-06 04:09:04.880 23252 23252 D Nappa   : fromActivity = null, 
08-06 04:09:04.880 23252 23252 D Nappa   : predictedNextActivityFromExtra = [], 
08-06 04:09:04.880 23252 23252 D Nappa   : activity.getClass().getCanonicalName() = nappatfpr.com.newsblur.activity.Main, 
08-06 04:09:04.880 23252 23252 D Nappa   : PREFETCH_ON_EXTRA - setCurrentActivity - logs - from activity - made prediction isfalse
08-06 04:09:04.981 23252 23252 D Nappa   : registerActivity: (already in) nappatfpr.com.newsblur.activity.Main
08-06 04:09:04.981 23252 23252 D Nappa   : SHOULD_PREFETCH false
08-06 04:09:04.981 23252 23252 D Nappa   : STATS Number of requests not prefetched: 0
08-06 04:09:04.981 23252 23252 D Nappa   : STATS Number of requests prefetched: 0
08-06 04:09:04.981 23252 23252 D Nappa   : STATS Time saved until now: 0.0
08-06 04:09:05.014 23252 32295 D Nappa   : TAG okHttpClient initialized
08-06 04:09:05.021 23252 32295 D Nappa   : TAG okHttpClient initialized
08-06 04:09:05.039 23252 32295 D Nappa   : F1_SCORE add_intercept_url - (new) - https://www.newsblur.com/reader/feeds/?update_counts=true
08-06 04:09:05.039 23252 32295 D Nappa   : F1_SCORE add_fn_url - (new) - https://www.newsblur.com/reader/feeds/?update_counts=true
08-06 04:09:05.039 23252 32295 D Nappa   : -------------F1_SCORE #0 -----------
08-06 04:09:05.039 23252 32295 D Nappa   : F1_SCORE - Intercept list (1)= [https://www.newsblur.com/reader/feeds/?update_counts=true]
08-06 04:09:05.039 23252 32295 D Nappa   : F1_SCORE - Prefetch list (0)= []
08-06 04:09:05.039 23252 32295 D Nappa   : F1_SCORE - TP list (0)= []
08-06 04:09:05.039 23252 32295 D Nappa   : F1_SCORE - FN list (1)= [https://www.newsblur.com/reader/feeds/?update_counts=true]
08-06 04:09:05.139 23252 32270 D Nappa   : registerActivity: (already in) nappatfpr.com.newsblur.activity.Main
08-06 04:09:05.140 23252 32270 D Nappa   : PARENTS 
08-06 04:09:05.140 23252 32270 D Nappa   : Of: nappatfpr.com.newsblur.activity.Main -> 
08-06 04:09:05.281 23252 32270 D Nappa   : PREFETCH_ON_EXTRA - setCurrentActivity - logs - from extra - made prediction isfalse
08-06 04:09:06.047 23252 32343 D Nappa   : F1_SCORE add_intercept_url - (new) - https://www.newsblur.com/reader/unread_story_hashes?include_timestamps=1
08-06 04:09:06.048 23252 32343 D Nappa   : F1_SCORE add_fn_url - (new) - https://www.newsblur.com/reader/unread_story_hashes?include_timestamps=1
08-06 04:09:06.048 23252 32343 D Nappa   : -------------F1_SCORE #1 -----------
08-06 04:09:06.048 23252 32343 D Nappa   : F1_SCORE - Intercept list (2)= [https://www.newsblur.com/reader/feeds/?update_counts=true, https://www.newsblur.com/reader/unread_story_hashes?include_timestamps=1]
08-06 04:09:06.048 23252 32343 D Nappa   : F1_SCORE - Prefetch list (0)= []
08-06 04:09:06.048 23252 32343 D Nappa   : F1_SCORE - TP list (0)= []
08-06 04:09:06.048 23252 32343 D Nappa   : F1_SCORE - FN list (2)= [https://www.newsblur.com/reader/feeds/?update_counts=true, https://www.newsblur.com/reader/unread_story_hashes?include_timestamps=1]
08-06 04:09:06.148 23252 32270 D Nappa   : registerActivity: (already in) nappatfpr.com.newsblur.activity.Main
08-06 04:09:06.148 23252 32270 D Nappa   : PARENTS 
08-06 04:09:06.148 23252 32270 D Nappa   : Of: nappatfpr.com.newsblur.activity.Main -> 
08-06 04:09:10.524 23252 32270 D Nappa   : PREFETCH_ON_EXTRA - notifyExtras- start
08-06 04:09:10.530 23252 32270 D Nappa   : PREFETCH_ON_EXTRA - notifyExtras- end
08-06 04:09:10.530 23252 32270 D Nappa   : PREFSTRAT2 ADDING NEW ACTEXTRADATA
08-06 04:09:10.538 23252 23252 D Nappa   : Stayed on nappatfpr.com.newsblur.activity.Main for 5557 ms
08-06 04:09:10.615 23252 23252 D Nappa   : setCurrentActivity - MetricStrategyAccuracy - 
08-06 04:09:10.615 23252 23252 D Nappa   : madePredictionFromActivity = false, 
08-06 04:09:10.615 23252 23252 D Nappa   : fromActivity = nappatfpr.com.newsblur.activity.Main, 
08-06 04:09:10.615 23252 23252 D Nappa   : predictedNextActivityFromActivity = [], 
08-06 04:09:10.615 23252 23252 D Nappa   : activity.getClass().getCanonicalName() = nappatfpr.com.newsblur.activity.GlobalSharedStoriesItemsList, 
08-06 04:09:10.615 23252 23252 D Nappa   : setCurrentActivity - MetricStrategyAccuracy - 
08-06 04:09:10.615 23252 23252 D Nappa   : madePredictionFromExtra = true, 
08-06 04:09:10.615 23252 23252 D Nappa   : fromActivity = nappatfpr.com.newsblur.activity.Main, 
08-06 04:09:10.615 23252 23252 D Nappa   : predictedNextActivityFromExtra = [nappatfpr.com.newsblur.activity.AllSharedStoriesItemsList, nappatfpr.com.newsblur.activity.GlobalSharedStoriesItemsList], 
08-06 04:09:10.615 23252 23252 D Nappa   : activity.getClass().getCanonicalName() = nappatfpr.com.newsblur.activity.GlobalSharedStoriesItemsList, 
08-06 04:09:10.616 23252 23252 D Nappa   : PREFETCH_ON_EXTRA - setCurrentActivity - logs - from activity - made prediction isfalse
08-06 04:09:10.716 23252 23252 D Nappa   : registerActivity: (already in) nappatfpr.com.newsblur.activity.GlobalSharedStoriesItemsList
08-06 04:09:10.717 23252 23252 D Nappa   : SHOULD_PREFETCH true
08-06 04:09:10.817 23252 23252 D Nappa   : registerActivity: (already in) nappatfpr.com.newsblur.activity.GlobalSharedStoriesItemsList
08-06 04:09:10.818 23252 23252 D Nappa   : SUCCESSORS nappatfpr.com.newsblur.activity.GlobalSharedStoriesReading
08-06 04:09:10.818 23252 23252 D Nappa   : STATS Number of requests not prefetched: 2
08-06 04:09:10.818 23252 23252 D Nappa   : STATS Number of requests prefetched: 0
08-06 04:09:10.818 23252 23252 D Nappa   : STATS Time saved until now: 0.0
08-06 04:09:10.869 23252 32488 D Nappa   : TAG okHttpClient initialized
08-06 04:09:10.881 23252 32488 D Nappa   : F1_SCORE add_intercept_url - (new) - https://www.newsblur.com/social/river_stories?order=newest&page=1&read_filter=all&global_feed=true
08-06 04:09:10.881 23252 32488 D Nappa   : F1_SCORE add_fn_url - (new) - https://www.newsblur.com/social/river_stories?order=newest&page=1&read_filter=all&global_feed=true
08-06 04:09:10.881 23252 32488 D Nappa   : -------------F1_SCORE #2 -----------
08-06 04:09:10.881 23252 32488 D Nappa   : F1_SCORE - Intercept list (3)= [https://www.newsblur.com/reader/feeds/?update_counts=true, https://www.newsblur.com/reader/unread_story_hashes?include_timestamps=1, https://www.newsblur.com/social/river_stories?order=newest&page=1&read_filter=all&global_feed=true]
08-06 04:09:10.881 23252 32488 D Nappa   : F1_SCORE - Prefetch list (0)= []
08-06 04:09:10.881 23252 32488 D Nappa   : F1_SCORE - TP list (0)= []
08-06 04:09:10.881 23252 32488 D Nappa   : F1_SCORE - FN list (3)= [https://www.newsblur.com/reader/feeds/?update_counts=true, https://www.newsblur.com/reader/unread_story_hashes?include_timestamps=1, https://www.newsblur.com/social/river_stories?order=newest&page=1&read_filter=all&global_feed=true]
08-06 04:09:10.981 23252 32270 D Nappa   : registerActivity: (already in) nappatfpr.com.newsblur.activity.GlobalSharedStoriesItemsList
08-06 04:09:10.981 23252 32270 D Nappa   : PARENTS 
08-06 04:09:10.981 23252 32270 D Nappa   : Of: nappatfpr.com.newsblur.activity.GlobalSharedStoriesItemsList -> 
08-06 04:09:10.981 23252 32270 D Nappa   : PARENTS nappatfpr.com.newsblur.activity.Main
08-06 04:09:10.981 23252 32270 D Nappa   : PARENTS has extra: (feed_set, nappatfpr.com.newsblur.util.FeedSet@e)
08-06 04:09:11.016 23252 32270 D Nappa   : PREFETCH_ON_EXTRA - setCurrentActivity - logs - from extra - made prediction istrue
08-06 04:09:11.016 23252 32270 D Nappa   : PREFETCH_ON_EXTRA - setCurrentActivity - logs - from extra - start
08-06 04:09:11.016 23252 32270 D Nappa   : setCurrentActivity - MetricStrategyAccuracy - checking prediction VS current activity for extras
08-06 04:09:11.016 23252 32270 D Nappa   : PREFETCH_ON_EXTRA - setCurrentActivity - logs - from extra- finished
08-06 04:09:11.318 23252 32270 D Nappa   : PREFETCH_ON_EXTRA - setCurrentActivity - starting new prediction
08-06 04:09:11.318 23252 32270 D Nappa   : Current node - currentActivityName - nappatfpr.com.newsblur.activity.GlobalSharedStoriesItemsList
08-06 04:09:11.319 23252 32270 D Nappa   : Current node - activityGraph.getCurrent() - nappatfpr.com.newsblur.activity.GlobalSharedStoriesItemsList
08-06 04:09:11.325 23252 32270 D Nappa   : PREFETCH_ON_EXTRA - setCurrentActivity - finished new prediction
08-06 04:09:11.690 23252 32524 D Nappa   : F1_SCORE add_intercept_url - (new) - https://www.newsblur.com/rss_feeds/icon/0
08-06 04:09:11.690 23252 32524 D Nappa   : F1_SCORE add_fn_url - (new) - https://www.newsblur.com/rss_feeds/icon/0
08-06 04:09:11.690 23252 32524 D Nappa   : -------------F1_SCORE #3 -----------
08-06 04:09:11.690 23252 32524 D Nappa   : F1_SCORE - Intercept list (4)= [https://www.newsblur.com/reader/feeds/?update_counts=true, https://www.newsblur.com/reader/unread_story_hashes?include_timestamps=1, https://www.newsblur.com/social/river_stories?order=newest&page=1&read_filter=all&global_feed=true, https://www.newsblur.com/rss_feeds/icon/0]
08-06 04:09:11.690 23252 32524 D Nappa   : F1_SCORE - Prefetch list (0)= []
08-06 04:09:11.690 23252 32524 D Nappa   : F1_SCORE - TP list (0)= []
08-06 04:09:11.690 23252 32524 D Nappa   : F1_SCORE - FN list (4)= [https://www.newsblur.com/reader/feeds/?update_counts=true, https://www.newsblur.com/reader/unread_story_hashes?include_timestamps=1, https://www.newsblur.com/social/river_stories?order=newest&page=1&read_filter=all&global_feed=true, https://www.newsblur.com/rss_feeds/icon/0]
08-06 04:09:11.699 23252 32527 D Nappa   : F1_SCORE add_intercept_url - (already in) - https://www.newsblur.com/rss_feeds/icon/0
08-06 04:09:11.699 23252 32527 D Nappa   : F1_SCORE add_fn_url - (already in) - https://www.newsblur.com/rss_feeds/icon/0
08-06 04:09:11.699 23252 32527 D Nappa   : -------------F1_SCORE #4 -----------
08-06 04:09:11.699 23252 32527 D Nappa   : F1_SCORE - Intercept list (4)= [https://www.newsblur.com/reader/feeds/?update_counts=true, https://www.newsblur.com/reader/unread_story_hashes?include_timestamps=1, https://www.newsblur.com/social/river_stories?order=newest&page=1&read_filter=all&global_feed=true, https://www.newsblur.com/rss_feeds/icon/0]
08-06 04:09:11.699 23252 32527 D Nappa   : F1_SCORE - Prefetch list (0)= []
08-06 04:09:11.699 23252 32527 D Nappa   : F1_SCORE - TP list (0)= []
08-06 04:09:11.699 23252 32527 D Nappa   : F1_SCORE - FN list (4)= [https://www.newsblur.com/reader/feeds/?update_counts=true, https://www.newsblur.com/reader/unread_story_hashes?include_timestamps=1, https://www.newsblur.com/social/river_stories?order=newest&page=1&read_filter=all&global_feed=true, https://www.newsblur.com/rss_feeds/icon/0]
08-06 04:09:11.704 23252 32528 D Nappa   : F1_SCORE add_intercept_url - (already in) - https://www.newsblur.com/rss_feeds/icon/0
08-06 04:09:11.704 23252 32528 D Nappa   : F1_SCORE add_fn_url - (already in) - https://www.newsblur.com/rss_feeds/icon/0
08-06 04:09:11.704 23252 32528 D Nappa   : -------------F1_SCORE #5 -----------
08-06 04:09:11.704 23252 32528 D Nappa   : F1_SCORE - Intercept list (4)= [https://www.newsblur.com/reader/feeds/?update_counts=true, https://www.newsblur.com/reader/unread_story_hashes?include_timestamps=1, https://www.newsblur.com/social/river_stories?order=newest&page=1&read_filter=all&global_feed=true, https://www.newsblur.com/rss_feeds/icon/0]
08-06 04:09:11.704 23252 32528 D Nappa   : F1_SCORE - Prefetch list (0)= []
08-06 04:09:11.704 23252 32528 D Nappa   : F1_SCORE - TP list (0)= []
08-06 04:09:11.705 23252 32528 D Nappa   : F1_SCORE - FN list (4)= [https://www.newsblur.com/reader/feeds/?update_counts=true, https://www.newsblur.com/reader/unread_story_hashes?include_timestamps=1, https://www.newsblur.com/social/river_stories?order=newest&page=1&read_filter=all&global_feed=true, https://www.newsblur.com/rss_feeds/icon/0]
08-06 04:09:11.711 23252 32529 D Nappa   : F1_SCORE add_intercept_url - (new) - https://s3.amazonaws.com/icons.newsblur.com/6882243.png
08-06 04:09:11.711 23252 32529 D Nappa   : F1_SCORE add_fn_url - (new) - https://s3.amazonaws.com/icons.newsblur.com/6882243.png
08-06 04:09:11.711 23252 32529 D Nappa   : -------------F1_SCORE #6 -----------
08-06 04:09:11.711 23252 32529 D Nappa   : F1_SCORE - Intercept list (5)= [https://www.newsblur.com/reader/feeds/?update_counts=true, https://www.newsblur.com/reader/unread_story_hashes?include_timestamps=1, https://www.newsblur.com/social/river_stories?order=newest&page=1&read_filter=all&global_feed=true, https://www.newsblur.com/rss_feeds/icon/0, https://s3.amazonaws.com/icons.newsblur.com/6882243.png]
08-06 04:09:11.712 23252 32529 D Nappa   : F1_SCORE - Prefetch list (0)= []
08-06 04:09:11.712 23252 32529 D Nappa   : F1_SCORE - TP list (0)= []
08-06 04:09:11.712 23252 32529 D Nappa   : F1_SCORE - FN list (5)= [https://www.newsblur.com/reader/feeds/?update_counts=true, https://www.newsblur.com/reader/unread_story_hashes?include_timestamps=1, https://www.newsblur.com/social/river_stories?order=newest&page=1&read_filter=all&global_feed=true, https://www.newsblur.com/rss_feeds/icon/0, https://s3.amazonaws.com/icons.newsblur.com/6882243.png]
08-06 04:09:11.719 23252 32531 D Nappa   : F1_SCORE add_intercept_url - (new) - https://s3.amazonaws.com/icons.newsblur.com/18178.png
08-06 04:09:11.719 23252 32531 D Nappa   : F1_SCORE add_fn_url - (new) - https://s3.amazonaws.com/icons.newsblur.com/18178.png
08-06 04:09:11.719 23252 32531 D Nappa   : -------------F1_SCORE #7 -----------
08-06 04:09:11.719 23252 32531 D Nappa   : F1_SCORE - Intercept list (6)= [https://www.newsblur.com/reader/feeds/?update_counts=true, https://www.newsblur.com/reader/unread_story_hashes?include_timestamps=1, https://www.newsblur.com/social/river_stories?order=newest&page=1&read_filter=all&global_feed=true, https://www.newsblur.com/rss_feeds/icon/0, https://s3.amazonaws.com/icons.newsblur.com/6882243.png, https://s3.amazonaws.com/icons.newsblur.com/18178.png]
08-06 04:09:11.719 23252 32531 D Nappa   : F1_SCORE - Prefetch list (0)= []
08-06 04:09:11.719 23252 32531 D Nappa   : F1_SCORE - TP list (0)= []
08-06 04:09:11.719 23252 32531 D Nappa   : F1_SCORE - FN list (6)= [https://www.newsblur.com/reader/feeds/?update_counts=true, https://www.newsblur.com/reader/unread_story_hashes?include_timestamps=1, https://www.newsblur.com/social/river_stories?order=newest&page=1&read_filter=all&global_feed=true, https://www.newsblur.com/rss_feeds/icon/0, https://s3.amazonaws.com/icons.newsblur.com/6882243.png, https://s3.amazonaws.com/icons.newsblur.com/18178.png]
08-06 04:09:11.728 23252 32533 D Nappa   : F1_SCORE add_intercept_url - (new) - https://s3.amazonaws.com/icons.newsblur.com/5762506.png
08-06 04:09:11.728 23252 32533 D Nappa   : F1_SCORE add_fn_url - (new) - https://s3.amazonaws.com/icons.newsblur.com/5762506.png
08-06 04:09:11.728 23252 32533 D Nappa   : -------------F1_SCORE #8 -----------
08-06 04:09:11.728 23252 32533 D Nappa   : F1_SCORE - Intercept list (7)= [https://www.newsblur.com/reader/feeds/?update_counts=true, https://www.newsblur.com/reader/unread_story_hashes?include_timestamps=1, https://www.newsblur.com/social/river_stories?order=newest&page=1&read_filter=all&global_feed=true, https://www.newsblur.com/rss_feeds/icon/0, https://s3.amazonaws.com/icons.newsblur.com/6882243.png, https://s3.amazonaws.com/icons.newsblur.com/18178.png, https://s3.amazonaws.com/icons.newsblur.com/5762506.png]
08-06 04:09:11.728 23252 32533 D Nappa   : F1_SCORE - Prefetch list (0)= []
08-06 04:09:11.728 23252 32533 D Nappa   : F1_SCORE - TP list (0)= []
08-06 04:09:11.728 23252 32533 D Nappa   : F1_SCORE - FN list (7)= [https://www.newsblur.com/reader/feeds/?update_counts=true, https://www.newsblur.com/reader/unread_story_hashes?include_timestamps=1, https://www.newsblur.com/social/river_stories?order=newest&page=1&read_filter=all&global_feed=true, https://www.newsblur.com/rss_feeds/icon/0, https://s3.amazonaws.com/icons.newsblur.com/6882243.png, https://s3.amazonaws.com/icons.newsblur.com/18178.png, https://s3.amazonaws.com/icons.newsblur.com/5762506.png]
08-06 04:09:11.739 23252 32530 D Nappa   : F1_SCORE add_intercept_url - (new) - http://feeds.feedburner.com/~r/retort/~4/UffaFMiJbNs
08-06 04:09:11.739 23252 32530 D Nappa   : F1_SCORE add_fn_url - (new) - http://feeds.feedburner.com/~r/retort/~4/UffaFMiJbNs
08-06 04:09:11.739 23252 32530 D Nappa   : -------------F1_SCORE #9 -----------
08-06 04:09:11.739 23252 32530 D Nappa   : F1_SCORE - Intercept list (8)= [https://www.newsblur.com/reader/feeds/?update_counts=true, https://www.newsblur.com/reader/unread_story_hashes?include_timestamps=1, https://www.newsblur.com/social/river_stories?order=newest&page=1&read_filter=all&global_feed=true, https://www.newsblur.com/rss_feeds/icon/0, https://s3.amazonaws.com/icons.newsblur.com/6882243.png, https://s3.amazonaws.com/icons.newsblur.com/18178.png, https://s3.amazonaws.com/icons.newsblur.com/5762506.png, http://feeds.feedburner.com/~r/retort/~4/UffaFMiJbNs]
08-06 04:09:11.739 23252 32530 D Nappa   : F1_SCORE - Prefetch list (0)= []
08-06 04:09:11.739 23252 32530 D Nappa   : F1_SCORE - TP list (0)= []
08-06 04:09:11.739 23252 32530 D Nappa   : F1_SCORE - FN list (8)= [https://www.newsblur.com/reader/feeds/?update_counts=true, https://www.newsblur.com/reader/unread_story_hashes?include_timestamps=1, https://www.newsblur.com/social/river_stories?order=newest&page=1&read_filter=all&global_feed=true, https://www.newsblur.com/rss_feeds/icon/0, https://s3.amazonaws.com/icons.newsblur.com/6882243.png, https://s3.amazonaws.com/icons.newsblur.com/18178.png, https://s3.amazonaws.com/icons.newsblur.com/5762506.png, http://feeds.feedburner.com/~r/retort/~4/UffaFMiJbNs]
08-06 04:09:11.748 23252 32532 D Nappa   : F1_SCORE add_intercept_url - (new) - https://images.fastcompany.net/image/upload/w_1280,q_auto,f_auto,fl_lossy/wp-cms/uploads/2020/07/p-1-90532920-this-chart-shows-how-effective-masks-can-be.png
08-06 04:09:11.748 23252 32532 D Nappa   : F1_SCORE add_fn_url - (new) - https://images.fastcompany.net/image/upload/w_1280,q_auto,f_auto,fl_lossy/wp-cms/uploads/2020/07/p-1-90532920-this-chart-shows-how-effective-masks-can-be.png
08-06 04:09:11.748 23252 32532 D Nappa   : -------------F1_SCORE #10 -----------
08-06 04:09:11.748 23252 32532 D Nappa   : F1_SCORE - Intercept list (9)= [https://www.newsblur.com/reader/feeds/?update_counts=true, https://www.newsblur.com/reader/unread_story_hashes?include_timestamps=1, https://www.newsblur.com/social/river_stories?order=newest&page=1&read_filter=all&global_feed=true, https://www.newsblur.com/rss_feeds/icon/0, https://s3.amazonaws.com/icons.newsblur.com/6882243.png, https://s3.amazonaws.com/icons.newsblur.com/18178.png, https://s3.amazonaws.com/icons.newsblur.com/5762506.png, http://feeds.feedburner.com/~r/retort/~4/UffaFMiJbNs, https://images.fastcompany.net/image/upload/w_1280,q_auto,f_auto,fl_lossy/wp-cms/uploads/2020/07/p-1-90532920-this-chart-shows-how-effective-masks-can-be.png]
08-06 04:09:11.748 23252 32532 D Nappa   : F1_SCORE - Prefetch list (0)= []
08-06 04:09:11.748 23252 32532 D Nappa   : F1_SCORE - TP list (0)= []
08-06 04:09:11.748 23252 32532 D Nappa   : F1_SCORE - FN list (9)= [https://www.newsblur.com/reader/feeds/?update_counts=true, https://www.newsblur.com/reader/unread_story_hashes?include_timestamps=1, https://www.newsblur.com/social/river_stories?order=newest&page=1&read_filter=all&global_feed=true, https://www.newsblur.com/rss_feeds/icon/0, https://s3.amazonaws.com/icons.newsblur.com/6882243.png, https://s3.amazonaws.com/icons.newsblur.com/18178.png, https://s3.amazonaws.com/icons.newsblur.com/5762506.png, http://feeds.feedburner.com/~r/retort/~4/UffaFMiJbNs, https://images.fastcompany.net/image/upload/w_1280,q_auto,f_auto,fl_lossy/wp-cms/uploads/2020/07/p-1-90532920-this-chart-shows-how-effective-masks-can-be.png]
08-06 04:09:11.790 23252 32270 D Nappa   : registerActivity: (already in) nappatfpr.com.newsblur.activity.GlobalSharedStoriesItemsList
08-06 04:09:11.790 23252 32270 D Nappa   : PARENTS 
08-06 04:09:11.790 23252 32270 D Nappa   : Of: nappatfpr.com.newsblur.activity.GlobalSharedStoriesItemsList -> 
08-06 04:09:11.790 23252 32270 D Nappa   : PARENTS nappatfpr.com.newsblur.activity.Main
08-06 04:09:11.790 23252 32270 D Nappa   : PARENTS has extra: (feed_set, nappatfpr.com.newsblur.util.FeedSet@e)
08-06 04:09:11.890 23252 32270 D Nappa   : registerActivity: (already in) nappatfpr.com.newsblur.activity.GlobalSharedStoriesItemsList
08-06 04:09:11.890 23252 32270 D Nappa   : PARENTS 
08-06 04:09:11.890 23252 32270 D Nappa   : Of: nappatfpr.com.newsblur.activity.GlobalSharedStoriesItemsList -> 
08-06 04:09:11.890 23252 32270 D Nappa   : PARENTS nappatfpr.com.newsblur.activity.Main
08-06 04:09:11.890 23252 32270 D Nappa   : PARENTS has extra: (feed_set, nappatfpr.com.newsblur.util.FeedSet@e)
08-06 04:09:11.991 23252 32270 D Nappa   : registerActivity: (already in) nappatfpr.com.newsblur.activity.GlobalSharedStoriesItemsList
08-06 04:09:11.991 23252 32270 D Nappa   : PARENTS 
08-06 04:09:11.991 23252 32270 D Nappa   : Of: nappatfpr.com.newsblur.activity.GlobalSharedStoriesItemsList -> 
08-06 04:09:11.991 23252 32270 D Nappa   : PARENTS nappatfpr.com.newsblur.activity.Main
08-06 04:09:11.991 23252 32270 D Nappa   : PARENTS has extra: (feed_set, nappatfpr.com.newsblur.util.FeedSet@e)
08-06 04:09:12.092 23252 32270 D Nappa   : registerActivity: (already in) nappatfpr.com.newsblur.activity.GlobalSharedStoriesItemsList
08-06 04:09:12.092 23252 32270 D Nappa   : PARENTS 
08-06 04:09:12.092 23252 32270 D Nappa   : Of: nappatfpr.com.newsblur.activity.GlobalSharedStoriesItemsList -> 
08-06 04:09:12.092 23252 32270 D Nappa   : PARENTS nappatfpr.com.newsblur.activity.Main
08-06 04:09:12.092 23252 32270 D Nappa   : PARENTS has extra: (feed_set, nappatfpr.com.newsblur.util.FeedSet@e)
08-06 04:09:12.192 23252 32270 D Nappa   : registerActivity: (already in) nappatfpr.com.newsblur.activity.GlobalSharedStoriesItemsList
08-06 04:09:12.192 23252 32270 D Nappa   : PARENTS 
08-06 04:09:12.192 23252 32270 D Nappa   : Of: nappatfpr.com.newsblur.activity.GlobalSharedStoriesItemsList -> 
08-06 04:09:12.192 23252 32270 D Nappa   : PARENTS nappatfpr.com.newsblur.activity.Main
08-06 04:09:12.192 23252 32270 D Nappa   : PARENTS has extra: (feed_set, nappatfpr.com.newsblur.util.FeedSet@e)
08-06 04:09:12.292 23252 32270 D Nappa   : registerActivity: (already in) nappatfpr.com.newsblur.activity.GlobalSharedStoriesItemsList
08-06 04:09:12.293 23252 32270 D Nappa   : PARENTS 
08-06 04:09:12.293 23252 32270 D Nappa   : Of: nappatfpr.com.newsblur.activity.GlobalSharedStoriesItemsList -> 
08-06 04:09:12.293 23252 32270 D Nappa   : PARENTS nappatfpr.com.newsblur.activity.Main
08-06 04:09:12.293 23252 32270 D Nappa   : PARENTS has extra: (feed_set, nappatfpr.com.newsblur.util.FeedSet@e)
08-06 04:09:12.393 23252 32270 D Nappa   : registerActivity: (already in) nappatfpr.com.newsblur.activity.GlobalSharedStoriesItemsList
08-06 04:09:12.393 23252 32270 D Nappa   : PARENTS 
08-06 04:09:12.393 23252 32270 D Nappa   : Of: nappatfpr.com.newsblur.activity.GlobalSharedStoriesItemsList -> 
08-06 04:09:12.393 23252 32270 D Nappa   : PARENTS nappatfpr.com.newsblur.activity.Main
08-06 04:09:12.393 23252 32270 D Nappa   : PARENTS has extra: (feed_set, nappatfpr.com.newsblur.util.FeedSet@e)
08-06 04:09:12.493 23252 32270 D Nappa   : registerActivity: (already in) nappatfpr.com.newsblur.activity.GlobalSharedStoriesItemsList
08-06 04:09:12.494 23252 32270 D Nappa   : PARENTS 
08-06 04:09:12.494 23252 32270 D Nappa   : Of: nappatfpr.com.newsblur.activity.GlobalSharedStoriesItemsList -> 
08-06 04:09:12.494 23252 32270 D Nappa   : PARENTS nappatfpr.com.newsblur.activity.Main
08-06 04:09:12.494 23252 32270 D Nappa   : PARENTS has extra: (feed_set, nappatfpr.com.newsblur.util.FeedSet@e)
08-06 04:09:21.138 23252 32270 D Nappa   : PREFETCH_ON_EXTRA - notifyExtras- start
08-06 04:09:21.143 23252 32270 D Nappa   : PREFETCH_ON_EXTRA - notifyExtras- end
08-06 04:09:21.143 23252 32270 D Nappa   : PREFSTRAT2 ADDING NEW ACTEXTRADATA
08-06 04:09:21.147 23252 32270 D Nappa   : PREFSTRAT2 ADDING NEW ACTEXTRADATA
08-06 04:09:21.148 23252 23252 D Nappa   : Stayed on nappatfpr.com.newsblur.activity.GlobalSharedStoriesItemsList for 10330 ms
08-06 04:09:21.262 23252 23252 D Nappa   : setCurrentActivity - MetricStrategyAccuracy - 
08-06 04:09:21.262 23252 23252 D Nappa   : madePredictionFromActivity = true, 
08-06 04:09:21.262 23252 23252 D Nappa   : fromActivity = nappatfpr.com.newsblur.activity.GlobalSharedStoriesItemsList, 
08-06 04:09:21.262 23252 23252 D Nappa   : predictedNextActivityFromActivity = [nappatfpr.com.newsblur.activity.GlobalSharedStoriesReading], 
08-06 04:09:21.262 23252 23252 D Nappa   : activity.getClass().getCanonicalName() = nappatfpr.com.newsblur.activity.GlobalSharedStoriesReading, 
08-06 04:09:21.262 23252 23252 D Nappa   : setCurrentActivity - MetricStrategyAccuracy - 
08-06 04:09:21.262 23252 23252 D Nappa   : madePredictionFromExtra = true, 
08-06 04:09:21.262 23252 23252 D Nappa   : fromActivity = nappatfpr.com.newsblur.activity.GlobalSharedStoriesItemsList, 
08-06 04:09:21.262 23252 23252 D Nappa   : predictedNextActivityFromExtra = [nappatfpr.com.newsblur.activity.GlobalSharedStoriesReading], 
08-06 04:09:21.262 23252 23252 D Nappa   : activity.getClass().getCanonicalName() = nappatfpr.com.newsblur.activity.GlobalSharedStoriesReading, 
08-06 04:09:21.262 23252 23252 D Nappa   : PREFETCH_ON_EXTRA - setCurrentActivity - logs - from activity - made prediction istrue
08-06 04:09:21.262 23252 23252 D Nappa   : PREFETCH_ON_EXTRA - setCurrentActivity - logs - from activity - start
08-06 04:09:21.263 23252 23252 D Nappa   : setCurrentActivity - MetricStrategyAccuracy - checking prediction VS current activity for activities
08-06 04:09:21.263 23252 23252 D Nappa   : PREFETCH_ON_EXTRA - setCurrentActivity - logs - from activity- finished
08-06 04:09:21.363 23252 23252 D Nappa   : registerActivity: (already in) nappatfpr.com.newsblur.activity.GlobalSharedStoriesReading
08-06 04:09:21.363 23252 23252 D Nappa   : SHOULD_PREFETCH true
08-06 04:09:21.465 23252 23252 D Nappa   : registerActivity: (already in) nappatfpr.com.newsblur.activity.GlobalSharedStoriesReading
08-06 04:09:21.465 23252 23252 D Nappa   : STATS Number of requests not prefetched: 8
08-06 04:09:21.465 23252 23252 D Nappa   : STATS Number of requests prefetched: 0
08-06 04:09:21.465 23252 23252 D Nappa   : STATS Time saved until now: 0.0
08-06 04:09:21.664 23252 32270 D Nappa   : PREFETCH_ON_EXTRA - setCurrentActivity - logs - from extra - made prediction istrue
08-06 04:09:21.664 23252 32270 D Nappa   : PREFETCH_ON_EXTRA - setCurrentActivity - logs - from extra - start
08-06 04:09:21.664 23252 32270 D Nappa   : setCurrentActivity - MetricStrategyAccuracy - checking prediction VS current activity for extras
08-06 04:09:21.665 23252 32270 D Nappa   : PREFETCH_ON_EXTRA - setCurrentActivity - logs - from extra- finished
08-06 04:09:21.812 23252 32529 D Nappa   : F1_SCORE add_intercept_url - (already in) - https://www.newsblur.com/rss_feeds/icon/0
08-06 04:09:21.812 23252 32529 D Nappa   : F1_SCORE add_fn_url - (already in) - https://www.newsblur.com/rss_feeds/icon/0
08-06 04:09:21.812 23252 32529 D Nappa   : -------------F1_SCORE #11 -----------
08-06 04:09:21.812 23252 32529 D Nappa   : F1_SCORE - Intercept list (9)= [https://www.newsblur.com/reader/feeds/?update_counts=true, https://www.newsblur.com/reader/unread_story_hashes?include_timestamps=1, https://www.newsblur.com/social/river_stories?order=newest&page=1&read_filter=all&global_feed=true, https://www.newsblur.com/rss_feeds/icon/0, https://s3.amazonaws.com/icons.newsblur.com/6882243.png, https://s3.amazonaws.com/icons.newsblur.com/18178.png, https://s3.amazonaws.com/icons.newsblur.com/5762506.png, http://feeds.feedburner.com/~r/retort/~4/UffaFMiJbNs, https://images.fastcompany.net/image/upload/w_1280,q_auto,f_auto,fl_lossy/wp-cms/uploads/2020/07/p-1-90532920-this-chart-shows-how-effective-masks-can-be.png]
08-06 04:09:21.812 23252 32529 D Nappa   : F1_SCORE - Prefetch list (0)= []
08-06 04:09:21.812 23252 32529 D Nappa   : F1_SCORE - TP list (0)= []
08-06 04:09:21.812 23252 32529 D Nappa   : F1_SCORE - FN list (9)= [https://www.newsblur.com/reader/feeds/?update_counts=true, https://www.newsblur.com/reader/unread_story_hashes?include_timestamps=1, https://www.newsblur.com/social/river_stories?order=newest&page=1&read_filter=all&global_feed=true, https://www.newsblur.com/rss_feeds/icon/0, https://s3.amazonaws.com/icons.newsblur.com/6882243.png, https://s3.amazonaws.com/icons.newsblur.com/18178.png, https://s3.amazonaws.com/icons.newsblur.com/5762506.png, http://feeds.feedburner.com/~r/retort/~4/UffaFMiJbNs, https://images.fastcompany.net/image/upload/w_1280,q_auto,f_auto,fl_lossy/wp-cms/uploads/2020/07/p-1-90532920-this-chart-shows-how-effective-masks-can-be.png]
08-06 04:09:21.832 23252 32533 D Nappa   : F1_SCORE add_intercept_url - (new) - https://www.gravatar.com/avatar/f5934485a0863578733c447016505547
08-06 04:09:21.832 23252 32533 D Nappa   : F1_SCORE add_fn_url - (new) - https://www.gravatar.com/avatar/f5934485a0863578733c447016505547
08-06 04:09:21.832 23252 32533 D Nappa   : -------------F1_SCORE #12 -----------
08-06 04:09:21.832 23252 32531 D Nappa   : F1_SCORE add_intercept_url - (already in) - https://www.gravatar.com/avatar/f5934485a0863578733c447016505547
08-06 04:09:21.833 23252 32531 D Nappa   : F1_SCORE add_fn_url - (already in) - https://www.gravatar.com/avatar/f5934485a0863578733c447016505547
08-06 04:09:21.833 23252 32531 D Nappa   : -------------F1_SCORE #12 -----------
08-06 04:09:21.833 23252 32524 D Nappa   : F1_SCORE add_intercept_url - (already in) - https://www.newsblur.com/rss_feeds/icon/0
08-06 04:09:21.833 23252 32524 D Nappa   : F1_SCORE add_fn_url - (already in) - https://www.newsblur.com/rss_feeds/icon/0
08-06 04:09:21.833 23252 32524 D Nappa   : -------------F1_SCORE #12 -----------
08-06 04:09:21.833 23252 32533 D Nappa   : F1_SCORE - Intercept list (10)= [https://www.newsblur.com/reader/feeds/?update_counts=true, https://www.newsblur.com/reader/unread_story_hashes?include_timestamps=1, https://www.newsblur.com/social/river_stories?order=newest&page=1&read_filter=all&global_feed=true, https://www.newsblur.com/rss_feeds/icon/0, https://s3.amazonaws.com/icons.newsblur.com/6882243.png, https://s3.amazonaws.com/icons.newsblur.com/18178.png, https://s3.amazonaws.com/icons.newsblur.com/5762506.png, http://feeds.feedburner.com/~r/retort/~4/UffaFMiJbNs, https://images.fastcompany.net/image/upload/w_1280,q_auto,f_auto,fl_lossy/wp-cms/uploads/2020/07/p-1-90532920-this-chart-shows-how-effective-masks-can-be.png, https://www.gravatar.com/avatar/f5934485a0863578733c447016505547]
08-06 04:09:21.833 23252 32533 D Nappa   : F1_SCORE - Prefetch list (0)= []
08-06 04:09:21.833 23252 32533 D Nappa   : F1_SCORE - TP list (0)= []
08-06 04:09:21.833 23252 32533 D Nappa   : F1_SCORE - FN list (10)= [https://www.newsblur.com/reader/feeds/?update_counts=true, https://www.newsblur.com/reader/unread_story_hashes?include_timestamps=1, https://www.newsblur.com/social/river_stories?order=newest&page=1&read_filter=all&global_feed=true, https://www.newsblur.com/rss_feeds/icon/0, https://s3.amazonaws.com/icons.newsblur.com/6882243.png, https://s3.amazonaws.com/icons.newsblur.com/18178.png, https://s3.amazonaws.com/icons.newsblur.com/5762506.png, http://feeds.feedburner.com/~r/retort/~4/UffaFMiJbNs, https://images.fastcompany.net/image/upload/w_1280,q_auto,f_auto,fl_lossy/wp-cms/uploads/2020/07/p-1-90532920-this-chart-shows-how-effective-masks-can-be.png, https://www.gravatar.com/avatar/f5934485a0863578733c447016505547]
08-06 04:09:21.834 23252 32531 D Nappa   : F1_SCORE - Intercept list (10)= [https://www.newsblur.com/reader/feeds/?update_counts=true, https://www.newsblur.com/reader/unread_story_hashes?include_timestamps=1, https://www.newsblur.com/social/river_stories?order=newest&page=1&read_filter=all&global_feed=true, https://www.newsblur.com/rss_feeds/icon/0, https://s3.amazonaws.com/icons.newsblur.com/6882243.png, https://s3.amazonaws.com/icons.newsblur.com/18178.png, https://s3.amazonaws.com/icons.newsblur.com/5762506.png, http://feeds.feedburner.com/~r/retort/~4/UffaFMiJbNs, https://images.fastcompany.net/image/upload/w_1280,q_auto,f_auto,fl_lossy/wp-cms/uploads/2020/07/p-1-90532920-this-chart-shows-how-effective-masks-can-be.png, https://www.gravatar.com/avatar/f5934485a0863578733c447016505547]
08-06 04:09:21.834 23252 32531 D Nappa   : F1_SCORE - Prefetch list (0)= []
08-06 04:09:21.835 23252 32531 D Nappa   : F1_SCORE - TP list (0)= []
08-06 04:09:21.836 23252 32531 D Nappa   : F1_SCORE - FN list (10)= [https://www.newsblur.com/reader/feeds/?update_counts=true, https://www.newsblur.com/reader/unread_story_hashes?include_timestamps=1, https://www.newsblur.com/social/river_stories?order=newest&page=1&read_filter=all&global_feed=true, https://www.newsblur.com/rss_feeds/icon/0, https://s3.amazonaws.com/icons.newsblur.com/6882243.png, https://s3.amazonaws.com/icons.newsblur.com/18178.png, https://s3.amazonaws.com/icons.newsblur.com/5762506.png, http://feeds.feedburner.com/~r/retort/~4/UffaFMiJbNs, https://images.fastcompany.net/image/upload/w_1280,q_auto,f_auto,fl_lossy/wp-cms/uploads/2020/07/p-1-90532920-this-chart-shows-how-effective-masks-can-be.png, https://www.gravatar.com/avatar/f5934485a0863578733c447016505547]
08-06 04:09:21.836 23252 32524 D Nappa   : F1_SCORE - Intercept list (10)= [https://www.newsblur.com/reader/feeds/?update_counts=true, https://www.newsblur.com/reader/unread_story_hashes?include_timestamps=1, https://www.newsblur.com/social/river_stories?order=newest&page=1&read_filter=all&global_feed=true, https://www.newsblur.com/rss_feeds/icon/0, https://s3.amazonaws.com/icons.newsblur.com/6882243.png, https://s3.amazonaws.com/icons.newsblur.com/18178.png, https://s3.amazonaws.com/icons.newsblur.com/5762506.png, http://feeds.feedburner.com/~r/retort/~4/UffaFMiJbNs, https://images.fastcompany.net/image/upload/w_1280,q_auto,f_auto,fl_lossy/wp-cms/uploads/2020/07/p-1-90532920-this-chart-shows-how-effective-masks-can-be.png, https://www.gravatar.com/avatar/f5934485a0863578733c447016505547]
08-06 04:09:21.836 23252 32524 D Nappa   : F1_SCORE - Prefetch list (0)= []
08-06 04:09:21.836 23252 32524 D Nappa   : F1_SCORE - TP list (0)= []
08-06 04:09:21.837 23252 32524 D Nappa   : F1_SCORE - FN list (10)= [https://www.newsblur.com/reader/feeds/?update_counts=true, https://www.newsblur.com/reader/unread_story_hashes?include_timestamps=1, https://www.newsblur.com/social/river_stories?order=newest&page=1&read_filter=all&global_feed=true, https://www.newsblur.com/rss_feeds/icon/0, https://s3.amazonaws.com/icons.newsblur.com/6882243.png, https://s3.amazonaws.com/icons.newsblur.com/18178.png, https://s3.amazonaws.com/icons.newsblur.com/5762506.png, http://feeds.feedburner.com/~r/retort/~4/UffaFMiJbNs, https://images.fastcompany.net/image/upload/w_1280,q_auto,f_auto,fl_lossy/wp-cms/uploads/2020/07/p-1-90532920-this-chart-shows-how-effective-masks-can-be.png, https://www.gravatar.com/avatar/f5934485a0863578733c447016505547]
08-06 04:09:21.847 23252 32527 D Nappa   : F1_SCORE add_intercept_url - (already in) - https://www.gravatar.com/avatar/f5934485a0863578733c447016505547
08-06 04:09:21.848 23252 32528 D Nappa   : F1_SCORE add_intercept_url - (already in) - https://www.gravatar.com/avatar/f5934485a0863578733c447016505547
08-06 04:09:21.848 23252 32527 D Nappa   : F1_SCORE add_fn_url - (already in) - https://www.gravatar.com/avatar/f5934485a0863578733c447016505547
08-06 04:09:21.848 23252 32527 D Nappa   : -------------F1_SCORE #15 -----------
08-06 04:09:21.848 23252 32528 D Nappa   : F1_SCORE add_fn_url - (already in) - https://www.gravatar.com/avatar/f5934485a0863578733c447016505547
08-06 04:09:21.848 23252 32528 D Nappa   : -------------F1_SCORE #15 -----------
08-06 04:09:21.848 23252 32527 D Nappa   : F1_SCORE - Intercept list (10)= [https://www.newsblur.com/reader/feeds/?update_counts=true, https://www.newsblur.com/reader/unread_story_hashes?include_timestamps=1, https://www.newsblur.com/social/river_stories?order=newest&page=1&read_filter=all&global_feed=true, https://www.newsblur.com/rss_feeds/icon/0, https://s3.amazonaws.com/icons.newsblur.com/6882243.png, https://s3.amazonaws.com/icons.newsblur.com/18178.png, https://s3.amazonaws.com/icons.newsblur.com/5762506.png, http://feeds.feedburner.com/~r/retort/~4/UffaFMiJbNs, https://images.fastcompany.net/image/upload/w_1280,q_auto,f_auto,fl_lossy/wp-cms/uploads/2020/07/p-1-90532920-this-chart-shows-how-effective-masks-can-be.png, https://www.gravatar.com/avatar/f5934485a0863578733c447016505547]
08-06 04:09:21.848 23252 32528 D Nappa   : F1_SCORE - Intercept list (10)= [https://www.newsblur.com/reader/feeds/?update_counts=true, https://www.newsblur.com/reader/unread_story_hashes?include_timestamps=1, https://www.newsblur.com/social/river_stories?order=newest&page=1&read_filter=all&global_feed=true, https://www.newsblur.com/rss_feeds/icon/0, https://s3.amazonaws.com/icons.newsblur.com/6882243.png, https://s3.amazonaws.com/icons.newsblur.com/18178.png, https://s3.amazonaws.com/icons.newsblur.com/5762506.png, http://feeds.feedburner.com/~r/retort/~4/UffaFMiJbNs, https://images.fastcompany.net/image/upload/w_1280,q_auto,f_auto,fl_lossy/wp-cms/uploads/2020/07/p-1-90532920-this-chart-shows-how-effective-masks-can-be.png, https://www.gravatar.com/avatar/f5934485a0863578733c447016505547]
08-06 04:09:21.848 23252 32527 D Nappa   : F1_SCORE - Prefetch list (0)= []
08-06 04:09:21.848 23252 32528 D Nappa   : F1_SCORE - Prefetch list (0)= []
08-06 04:09:21.848 23252 32527 D Nappa   : F1_SCORE - TP list (0)= []
08-06 04:09:21.848 23252 32528 D Nappa   : F1_SCORE - TP list (0)= []
08-06 04:09:21.848 23252 32527 D Nappa   : F1_SCORE - FN list (10)= [https://www.newsblur.com/reader/feeds/?update_counts=true, https://www.newsblur.com/reader/unread_story_hashes?include_timestamps=1, https://www.newsblur.com/social/river_stories?order=newest&page=1&read_filter=all&global_feed=true, https://www.newsblur.com/rss_feeds/icon/0, https://s3.amazonaws.com/icons.newsblur.com/6882243.png, https://s3.amazonaws.com/icons.newsblur.com/18178.png, https://s3.amazonaws.com/icons.newsblur.com/5762506.png, http://feeds.feedburner.com/~r/retort/~4/UffaFMiJbNs, https://images.fastcompany.net/image/upload/w_1280,q_auto,f_auto,fl_lossy/wp-cms/uploads/2020/07/p-1-90532920-this-chart-shows-how-effective-masks-can-be.png, https://www.gravatar.com/avatar/f5934485a0863578733c447016505547]
08-06 04:09:21.848 23252 32528 D Nappa   : F1_SCORE - FN list (10)= [https://www.newsblur.com/reader/feeds/?update_counts=true, https://www.newsblur.com/reader/unread_story_hashes?include_timestamps=1, https://www.newsblur.com/social/river_stories?order=newest&page=1&read_filter=all&global_feed=true, https://www.newsblur.com/rss_feeds/icon/0, https://s3.amazonaws.com/icons.newsblur.com/6882243.png, https://s3.amazonaws.com/icons.newsblur.com/18178.png, https://s3.amazonaws.com/icons.newsblur.com/5762506.png, http://feeds.feedburner.com/~r/retort/~4/UffaFMiJbNs, https://images.fastcompany.net/image/upload/w_1280,q_auto,f_auto,fl_lossy/wp-cms/uploads/2020/07/p-1-90532920-this-chart-shows-how-effective-masks-can-be.png, https://www.gravatar.com/avatar/f5934485a0863578733c447016505547]
08-06 04:09:21.912 23252 32270 D Nappa   : registerActivity: (already in) nappatfpr.com.newsblur.activity.GlobalSharedStoriesReading
08-06 04:09:21.912 23252 32270 D Nappa   : PARENTS 
08-06 04:09:21.912 23252 32270 D Nappa   : Of: nappatfpr.com.newsblur.activity.GlobalSharedStoriesReading -> 
08-06 04:09:21.912 23252 32270 D Nappa   : PARENTS nappatfpr.com.newsblur.activity.GlobalSharedStoriesItemsList
08-06 04:09:21.912 23252 32270 D Nappa   : PARENTS has extra: (story_hash, 0:65a6e4)
08-06 04:09:21.912 23252 32270 D Nappa   : PARENTS has extra: (feed_set, nappatfpr.com.newsblur.util.FeedSet@e)
08-06 04:09:21.912 23252 32270 D Nappa   : PARENTS nappatfpr.com.newsblur.activity.Main
08-06 04:09:21.912 23252 32270 D Nappa   : PARENTS has extra: (feed_set, nappatfpr.com.newsblur.util.FeedSet@e)
08-06 04:09:21.966 23252   465 D Nappa   : TAG okHttpClient initialized
08-06 04:09:22.013 23252 32270 D Nappa   : registerActivity: (already in) nappatfpr.com.newsblur.activity.GlobalSharedStoriesReading
08-06 04:09:22.013 23252 32270 D Nappa   : PARENTS 
08-06 04:09:22.013 23252 32270 D Nappa   : Of: nappatfpr.com.newsblur.activity.GlobalSharedStoriesReading -> 
08-06 04:09:22.013 23252 32270 D Nappa   : PARENTS nappatfpr.com.newsblur.activity.GlobalSharedStoriesItemsList
08-06 04:09:22.013 23252 32270 D Nappa   : PARENTS has extra: (story_hash, 0:65a6e4)
08-06 04:09:22.013 23252 32270 D Nappa   : PARENTS has extra: (feed_set, nappatfpr.com.newsblur.util.FeedSet@e)
08-06 04:09:22.013 23252 32270 D Nappa   : PARENTS nappatfpr.com.newsblur.activity.Main
08-06 04:09:22.013 23252 32270 D Nappa   : PARENTS has extra: (feed_set, nappatfpr.com.newsblur.util.FeedSet@e)
08-06 04:09:22.113 23252 32270 D Nappa   : registerActivity: (already in) nappatfpr.com.newsblur.activity.GlobalSharedStoriesReading
08-06 04:09:22.113 23252 32270 D Nappa   : PARENTS 
08-06 04:09:22.113 23252 32270 D Nappa   : Of: nappatfpr.com.newsblur.activity.GlobalSharedStoriesReading -> 
08-06 04:09:22.113 23252 32270 D Nappa   : PARENTS nappatfpr.com.newsblur.activity.GlobalSharedStoriesItemsList
08-06 04:09:22.113 23252 32270 D Nappa   : PARENTS has extra: (story_hash, 0:65a6e4)
08-06 04:09:22.114 23252 32270 D Nappa   : PARENTS has extra: (feed_set, nappatfpr.com.newsblur.util.FeedSet@e)
08-06 04:09:22.114 23252 32270 D Nappa   : PARENTS nappatfpr.com.newsblur.activity.Main
08-06 04:09:22.114 23252 32270 D Nappa   : PARENTS has extra: (feed_set, nappatfpr.com.newsblur.util.FeedSet@e)
08-06 04:09:22.215 23252 32270 D Nappa   : registerActivity: (already in) nappatfpr.com.newsblur.activity.GlobalSharedStoriesReading
08-06 04:09:22.215 23252 32270 D Nappa   : PARENTS 
08-06 04:09:22.215 23252 32270 D Nappa   : Of: nappatfpr.com.newsblur.activity.GlobalSharedStoriesReading -> 
08-06 04:09:22.215 23252 32270 D Nappa   : PARENTS nappatfpr.com.newsblur.activity.GlobalSharedStoriesItemsList
08-06 04:09:22.215 23252 32270 D Nappa   : PARENTS has extra: (story_hash, 0:65a6e4)
08-06 04:09:22.215 23252 32270 D Nappa   : PARENTS has extra: (feed_set, nappatfpr.com.newsblur.util.FeedSet@e)
08-06 04:09:22.215 23252 32270 D Nappa   : PARENTS nappatfpr.com.newsblur.activity.Main
08-06 04:09:22.215 23252 32270 D Nappa   : PARENTS has extra: (feed_set, nappatfpr.com.newsblur.util.FeedSet@e)
08-06 04:09:22.315 23252 32270 D Nappa   : registerActivity: (already in) nappatfpr.com.newsblur.activity.GlobalSharedStoriesReading
08-06 04:09:22.315 23252 32270 D Nappa   : PARENTS 
08-06 04:09:22.315 23252 32270 D Nappa   : Of: nappatfpr.com.newsblur.activity.GlobalSharedStoriesReading -> 
08-06 04:09:22.315 23252 32270 D Nappa   : PARENTS nappatfpr.com.newsblur.activity.GlobalSharedStoriesItemsList
08-06 04:09:22.315 23252 32270 D Nappa   : PARENTS has extra: (story_hash, 0:65a6e4)
08-06 04:09:22.315 23252 32270 D Nappa   : PARENTS has extra: (feed_set, nappatfpr.com.newsblur.util.FeedSet@e)
08-06 04:09:22.316 23252 32270 D Nappa   : PARENTS nappatfpr.com.newsblur.activity.Main
08-06 04:09:22.316 23252 32270 D Nappa   : PARENTS has extra: (feed_set, nappatfpr.com.newsblur.util.FeedSet@e)
08-06 04:09:22.416 23252 32270 D Nappa   : registerActivity: (already in) nappatfpr.com.newsblur.activity.GlobalSharedStoriesReading
08-06 04:09:22.417 23252 32270 D Nappa   : PARENTS 
08-06 04:09:22.417 23252 32270 D Nappa   : Of: nappatfpr.com.newsblur.activity.GlobalSharedStoriesReading -> 
08-06 04:09:22.417 23252 32270 D Nappa   : PARENTS nappatfpr.com.newsblur.activity.GlobalSharedStoriesItemsList
08-06 04:09:22.417 23252 32270 D Nappa   : PARENTS has extra: (story_hash, 0:65a6e4)
08-06 04:09:22.417 23252 32270 D Nappa   : PARENTS has extra: (feed_set, nappatfpr.com.newsblur.util.FeedSet@e)
08-06 04:09:22.417 23252 32270 D Nappa   : PARENTS nappatfpr.com.newsblur.activity.Main
08-06 04:09:22.417 23252 32270 D Nappa   : PARENTS has extra: (feed_set, nappatfpr.com.newsblur.util.FeedSet@e)
08-06 04:09:22.417 23252 32270 D Nappa   : PREFETCH_ON_EXTRA - setCurrentActivity - starting new prediction
08-06 04:09:22.417 23252 32270 D Nappa   : Current node - currentActivityName - nappatfpr.com.newsblur.activity.GlobalSharedStoriesReading
08-06 04:09:22.418 23252 32270 D Nappa   : Current node - activityGraph.getCurrent() - nappatfpr.com.newsblur.activity.GlobalSharedStoriesReading
08-06 04:09:22.419 23252 32270 D Nappa   : PREFETCH_ON_EXTRA - setCurrentActivity - finished new prediction
08-06 04:09:23.340 23252 32529 D Nappa   : F1_SCORE add_intercept_url - (already in) - https://www.gravatar.com/avatar/f5934485a0863578733c447016505547
08-06 04:09:23.341 23252 32529 D Nappa   : F1_SCORE add_fn_url - (already in) - https://www.gravatar.com/avatar/f5934485a0863578733c447016505547
08-06 04:09:23.341 23252 32529 D Nappa   : -------------F1_SCORE #17 -----------
