--------- beginning of main
08-06 11:36:33.099 12162 12162 I Finsky  : [1] uah.a(18): PackageMonitorReceiverImpl - Received: android.intent.action.PACKAGE_REMOVED, [CFjXe5fo2ooiLur0Ju3smv2h5qnGgIsGl5_C_SkJu8g]
08-06 11:36:33.099 12162 12162 I Finsky  : [1] ubi.d(9): Invalidating cached PackageState for baseline.de.danoeh.antennapod.debug
08-06 11:36:33.104 24365 15054 I Fitness : FitCleanupIntentOperation received Intent android.intent.action.PACKAGE_REMOVED [CONTEXT service_id=17 ]
08-06 11:36:33.104 12162 12162 I Finsky  : [1] lzi.c(2): Frosting ID looked up on UI thread. Caller should move to a background thread.
08-06 11:36:33.111  3784  3784 D CarrierServiceBindHelper: Receive action: android.intent.action.PACKAGE_ADDED
08-06 11:36:33.112  3784  3784 D CarrierServiceBindHelper: Receive action: android.intent.action.PACKAGE_REPLACED
08-06 11:36:33.116  3784  3784 D CarrierServiceBindHelper: mHandler: 3
08-06 11:36:33.116  3784  3784 D CarrierServiceBindHelper: mHandler: 3
08-06 11:36:33.117  3784  3784 D CarrierServiceBindHelper: mHandler: 3
08-06 11:36:33.117  3784  3784 D CarrierConfigLoader: mHandler: 9 phoneId: 0
08-06 11:36:33.123 12162 12162 I Finsky  : [1] nqb.c(3): Installer: package baseline.de.danoeh.antennapod.debug was removed. replacing: true
08-06 11:36:33.132 12162 12162 I Finsky  : [1] nra.a(188): Installer: Notifying status update. package=baseline.de.danoeh.antennapod.debug, status=UNINSTALLED
08-06 11:36:33.160 12162 12162 I Finsky  : [1] lzi.c(2): Frosting ID looked up on UI thread. Caller should move to a background thread.
08-06 11:36:33.171 12162 12162 I Finsky  : [1] nra.a(220): Installer: found apps to install. isMultiUserMode=false, apps=[]
08-06 11:36:33.174 12162 15064 I Finsky  : [6342] ejf.a(-1): Cancelled 0 ongoing asset module downloads for package baseline.de.danoeh.antennapod.debug due to a concurrent app update.
08-06 11:36:33.185 12162 12269 I Finsky  : [6285] odj.b(52): IQ: Notifying installation update. package=baseline.de.danoeh.antennapod.debug, status=UNINSTALLED
08-06 11:36:33.219   918   929 I AccountManagerService: getTypesVisibleToCaller: isPermitted? true
08-06 11:36:33.264 12162 15055 I Finsky  : [6340] lyv.run(-1): Wrote row to frosting DB: 3266
08-06 11:36:33.286 24577 15062 I Auth    : [SupervisedAccountIntentOperation] onHandleIntent(): android.intent.action.PACKAGE_ADDED
08-06 11:36:33.288 24577 15062 I ChromeSync: [Sync,SyncIntentOperation] Handling the intent: Intent { act=android.intent.action.PACKAGE_ADDED dat=package:baseline.de.danoeh.antennapod.debug flg=0x4000010 cmp=com.google.android.gms/.chimera.GmsIntentOperationService (has extras) }.
08-06 11:36:33.323 12162 12162 I Finsky  : [1] uah.a(18): PackageMonitorReceiverImpl - Received: android.intent.action.PACKAGE_ADDED, [CFjXe5fo2ooiLur0Ju3smv2h5qnGgIsGl5_C_SkJu8g]
08-06 11:36:33.324 12162 12162 I Finsky  : [1] ubi.d(9): Invalidating cached PackageState for baseline.de.danoeh.antennapod.debug
08-06 11:36:33.327 12162 12162 I Finsky  : [1] lzi.c(2): Frosting ID looked up on UI thread. Caller should move to a background thread.
--------- beginning of system
08-06 11:36:33.331   918  5132 W ActivityManager: Unable to start service Intent { act=com.google.android.gms.auth.key.retrieval.service.START pkg=com.google.android.gms } U=0: not found
08-06 11:36:33.345 12162 12269 I Finsky  : [6285] odj.b(40): IQ: No matching installs to run for jobs: []
08-06 11:36:33.354 12162 12162 I Finsky  : [1] agsx.a(4): Do not start WearSupportService due to Wear service optimization
08-06 11:36:33.358 12162 15064 I Finsky  : [6342] ejc.a(-1): Asset module broadcast after update successful for package baseline.de.danoeh.antennapod.debug. 0 sessions broadcast.
08-06 11:36:33.390 12162 15055 I Finsky  : [6340] lyv.run(-1): Wrote row to frosting DB: 3267
08-06 11:36:33.392 12162 15063 I Finsky  : [6341] gzn.a(-1): [ContentSync] finished, scheduled=false
08-06 11:36:33.398 12162 12162 I Finsky  : [1] lzi.c(2): Frosting ID looked up on UI thread. Caller should move to a background thread.
08-06 11:36:33.404   918  4413 W ActivityManager: Unbind failed: could not find connection for android.os.BinderProxy@5f15a
08-06 11:36:33.430 24577 24621 E GmsClient: unable to connect to service: com.google.android.gms.auth.key.retrieval.service.START on com.google.android.gms
08-06 11:36:33.493   918  3696 I AccountManagerService: getTypesVisibleToCaller: isPermitted? true
08-06 11:36:33.494 14957 14957 I ServiceManager: Waiting for service AtCmdFwd...
08-06 11:36:33.505 24577 15062 I ChromeSync: [Persistence,AffiliationManager] One of affiliation or grouping data for android://bz0hZa4nAJEtd0n5sRlXG7KAqctUMWVefv7Ki4mh1p6slZ9YO-n9gS9j8m9YCrsIyI2wIxrDHraumF9Y6pBLTA==@baseline.de.danoeh.antennapod.debug/ was not found. Marking affiliation data as stale...
08-06 11:36:33.557 12162 15055 I Finsky  : [6340] lyv.run(-1): Wrote row to frosting DB: 3268
08-06 11:36:33.609   918  3670 I AccountManagerService: getTypesVisibleToCaller: isPermitted? true
08-06 11:36:33.671 12162 15055 I Finsky  : [6340] lyv.run(-1): Wrote row to frosting DB: 3269
08-06 11:36:33.672 15077 15077 D AndroidRuntime: >>>>>> START com.android.internal.os.RuntimeInit uid 2000 <<<<<<
08-06 11:36:33.675 15077 15077 D AndroidRuntime: CheckJNI is OFF
08-06 11:36:33.677 24577 13316 I Icing   : IndexChimeraService.getServiceInterface callingPackage=com.google.android.gms componentName=AppsCorpus serviceId=36
08-06 11:36:33.699 15077 15077 D ICU     : No timezone override file found: /data/misc/zoneinfo/current/icu/icu_tzdata.dat
08-06 11:36:33.724 12162 12162 I Finsky  : [1] xmu.a(8): SCH: Jobs in database: 1-1337 3-225 3-226 12-1 24-77777777 26-1414141414 
08-06 11:36:33.726 12162 12162 I Finsky  : [1] xio.a(57): SCH: ConstraintMapping: 24-77777777,  -> L: 0ms, D: 34417201ms, C: false, I: true, N: 0
08-06 11:36:33.727 12162 15063 I Finsky  : [6341] gzn.a(-1): [ContentSync] finished, scheduled=true
08-06 11:36:33.729 15077 15077 I Radio-JNI: register_android_hardware_Radio DONE
08-06 11:36:33.733 12162 12162 I Finsky  : [1] xio.a(57): SCH: ConstraintMapping: 1-1337, 12-1,  -> L: 14449ms, D: 37759188ms, C: false, I: false, N: 1
08-06 11:36:33.734 12162 12162 I Finsky  : [1] xio.a(57): SCH: ConstraintMapping: 3-225,  -> L: 0ms, D: 77543130ms, C: false, I: true, N: 2
08-06 11:36:33.734 12162 12162 I Finsky  : [1] xio.a(57): SCH: ConstraintMapping: 3-226,  -> L: 0ms, D: 77543174ms, C: true, I: true, N: 2
08-06 11:36:33.734 12162 12162 I Finsky  : [1] xio.a(57): SCH: ConstraintMapping: 26-1414141414,  -> L: 42540574ms, D: 43440574ms, C: false, I: false, N: 0
08-06 11:36:33.744 15077 15077 D AndroidRuntime: Calling main entry com.android.commands.monkey.Monkey
08-06 11:36:33.748 12162 12162 I Finsky  : [1] xle.a(34): Cancelling existing jobscheduler jobs: 9013 9006 9003 9005 9007 9016 9001 9004 9010 9017 
08-06 11:36:33.749 12162 12162 I Finsky  : [1] xle.a(27): Scheduling job Id: 9000, L: 0, D: 34417201, C: false, I: true, N: 0
08-06 11:36:33.750 12162 12162 I Finsky  : [1] xle.a(27): Scheduling job Id: 9002, L: 14449, D: 37759188, C: false, I: false, N: 1
08-06 11:36:33.752 12162 12162 I Finsky  : [1] xle.a(27): Scheduling job Id: 9008, L: 0, D: 77543130, C: false, I: true, N: 2
08-06 11:36:33.759   918   931 W BroadcastQueue: Skipping deliver [background] BroadcastRecord{d568b98 u-1 android.net.conn.CONNECTIVITY_CHANGE} to ReceiverList{bf1eff1 15077 (unknown name)/2000/u-1 remote:ded650a}: process crashing
08-06 11:36:33.761 12162 12162 I Finsky  : [1] xle.a(27): Scheduling job Id: 9009, L: 0, D: 77543174, C: true, I: true, N: 2
08-06 11:36:33.767 12162 12162 I Finsky  : [1] xle.a(27): Scheduling job Id: 9011, L: 42540574, D: 43440574, C: false, I: false, N: 0
08-06 11:36:33.768 12162 12162 I Finsky  : [1] xle.a(27): Scheduling job Id: 9012, L: 0, D: 34417201, C: false, I: true, N: 0
08-06 11:36:33.769 12162 12162 I Finsky  : [1] xle.a(27): Scheduling job Id: 9014, L: 14449, D: 37759188, C: false, I: false, N: 1
08-06 11:36:33.771 12162 12162 I Finsky  : [1] xle.a(27): Scheduling job Id: 9015, L: 0, D: 77543130, C: false, I: true, N: 2
08-06 11:36:33.772 12162 12162 I Finsky  : [1] xle.a(27): Scheduling job Id: 9018, L: 0, D: 77543174, C: true, I: true, N: 2
08-06 11:36:33.772   918  5481 I ActivityManager: START u0 {act=android.intent.action.MAIN cat=[android.intent.category.LAUNCHER] flg=0x10200000 cmp=baseline.de.danoeh.antennapod.debug/baseline.de.danoeh.antennapod.activity.SplashActivity} from uid 2000 on display 0
08-06 11:36:33.775 12162 12162 I Finsky  : [1] xle.a(27): Scheduling job Id: 9019, L: 42540574, D: 43440574, C: false, I: false, N: 0
08-06 11:36:33.794 15100 15100 I art     : Late-enabling -Xcheck:jni
08-06 11:36:33.795   918   929 I ActivityManager: Start proc 15100:baseline.de.danoeh.antennapod.debug/u0a711 for activity baseline.de.danoeh.antennapod.debug/baseline.de.danoeh.antennapod.activity.SplashActivity
08-06 11:36:33.799 15077 15077 I art     : System.exit called, status: 0
08-06 11:36:33.800 15077 15077 I AndroidRuntime: VM exiting with result code 0.
08-06 11:36:33.817 24577 14591 W Icing   : No valid account for uploading user actions
08-06 11:36:33.820   918  3359 I AccountManagerService: getTypesVisibleToCaller: isPermitted? true
08-06 11:36:33.840 15100 15100 W System  : ClassLoader referenced unknown path: /data/app/baseline.de.danoeh.antennapod.debug-2/lib/arm64
08-06 11:36:33.852 24577 13316 I Icing   : IndexChimeraService.getServiceInterface callingPackage=com.google.android.gms componentName=null serviceId=30
08-06 11:36:33.857 15100 15100 D UserPreferences: Creating new instance of UserPreferences
08-06 11:36:33.858 15100 15100 D UserPreferences: Using default data folder
08-06 11:36:33.861 15100 15100 D UserPreferences: Import directory already exists
08-06 11:36:33.864 15100 15100 D UpdateManager: old: -1, current: 1070296
08-06 11:36:33.880 16458 14872 I PBSessionCacheImpl: Deleted sessionId[72384646105454640] from persistence.
08-06 11:36:33.882 15100 15100 D SleepTimerPreferences: Creating new instance of SleepTimerPreferences
08-06 11:36:33.885 16458 16488 W SearchServiceCore: Abort, client detached.
08-06 11:36:33.885 16458 16488 I MicroDetectionState: Should stop hotword detection immediately - true
08-06 11:36:33.900 15100 15100 D SPAUtil : Sending SP_APPS_QUERY_FEEDS intent
08-06 11:36:33.909 24577 14591 I Icing   : Usage reports ok 2, Failed Usage reports 0, indexed 0, rejected 0
08-06 11:36:33.913 24577 14591 W Icing   : No valid account for uploading user actions
08-06 11:36:33.929 24577 14591 I Icing   : Usage reports ok 0, Failed Usage reports 0, indexed 0, rejected 0
08-06 11:36:33.930 24577 14591 I Icing   : Indexing com.google.android.gms-internal.3p:MobileApplication from com.google.android.gms using seqno 763
08-06 11:36:33.933 15100 15100 W art     : Before Android 4.1, method android.graphics.PorterDuffColorFilter androidx.vectordrawable.graphics.drawable.VectorDrawableCompat.updateTintFilter(android.graphics.PorterDuffColorFilter, android.content.res.ColorStateList, android.graphics.PorterDuff$Mode) would have incorrectly overridden the package-private method in android.graphics.drawable.Drawable
08-06 11:36:33.934 24577 14591 I Icing   : Indexing com.google.android.gms-internal.3p:MobileApplication from com.google.android.gms using seqno 763
08-06 11:36:33.961 15100 15100 I art     : Rejecting re-init on previously-failed class java.lang.Class<androidx.core.view.ViewCompat$2>
08-06 11:36:33.961 15100 15100 I art     : Rejecting re-init on previously-failed class java.lang.Class<androidx.core.view.ViewCompat$2>
08-06 11:36:33.972 24577 13316 I Icing   : IndexChimeraService.getServiceInterface callingPackage=com.google.android.gms componentName=null serviceId=36
08-06 11:36:33.975 24577 14590 W Icing   : No valid account for uploading user actions
08-06 11:36:33.988 24577 14590 I Icing   : Usage reports ok 0, Failed Usage reports 0, indexed 0, rejected 0
08-06 11:36:33.990 15100 15121 D OpenGLRenderer: Use EGL_SWAP_BEHAVIOR_PRESERVED: true
08-06 11:36:34.035 15100 15121 I Adreno  : QUALCOMM build                   : fcf4852, I1af360237c
08-06 11:36:34.035 15100 15121 I Adreno  : Build Date                       : 09/23/15
08-06 11:36:34.035 15100 15121 I Adreno  : OpenGL ES Shader Compiler Version: XE031.05.13.02
08-06 11:36:34.035 15100 15121 I Adreno  : Local Branch                     : mybranch14465806
08-06 11:36:34.035 15100 15121 I Adreno  : Remote Branch                    : quic/LA.BF64.1.2.9_v2
08-06 11:36:34.035 15100 15121 I Adreno  : Remote Branch                    : NONE
08-06 11:36:34.035 15100 15121 I Adreno  : Reconstruct Branch               : NOTHING
08-06 11:36:34.040 15100 15121 I OpenGLRenderer: Initialized EGL, version 1.4
08-06 11:36:34.067   918  5132 I ActivityManager: START u0 {cmp=baseline.de.danoeh.antennapod.debug/baseline.de.danoeh.antennapod.activity.MainActivity} from uid 10711 on display 0
08-06 11:36:34.069 13866 13866 I GoogleInputMethodServic: GoogleInputMethodService.onFinishInput():3138 
08-06 11:36:34.070 13866 13866 I GoogleInputMethodServic: GoogleInputMethodService.onStartInput():1808 
08-06 11:36:34.223 15100 15100 D UserPreferences: Using default data folder
08-06 11:36:34.280 15100 15100 D MainActivity: getLastNavFragment() -> QueueFragment
08-06 11:36:34.281 15100 15100 D MainActivity: loadFragment(tag: QueueFragment, args: null)
08-06 11:36:34.285 15100 15100 D MainActivity: saveLastNavFragment(tag: QueueFragment)
08-06 11:36:34.286 15100 15100 D MainActivity: getLastNavFragment() -> QueueFragment
08-06 11:36:34.286 15100 15100 D UserPreferences: timeOfDay: []
08-06 11:36:34.288 15100 15100 D AutoUpdateManager: Restarting update alarm.
08-06 11:36:34.289 15100 15100 D AutoUpdateManager: Changed alarm to new interval 12 h
08-06 11:36:34.320 15100 15100 D UserPreferences: timeOfDay: []
08-06 11:36:34.320 15100 15100 D AutoUpdateManager: Restarting update alarm.
08-06 11:36:34.322 15100 15100 D AutoUpdateManager: Changed alarm to new interval 12 h
08-06 11:36:34.370 15100 15100 D ExternalPlayerFragment: Loading media info
08-06 11:36:34.372 15100 15100 D QueueFragment: loadItems()
08-06 11:36:34.375 15100 15120 D DBReader: getQueue() called
08-06 11:36:34.375 15100 15120 D DBReader: getQueue()
08-06 11:36:34.377 15100 15120 D DBReader: getFavoriteIDList() called
08-06 11:36:34.377 15100 15120 D DBReader: getQueueIDList() called
08-06 11:36:34.378 15100 15120 D DBReader: Extracting Feedlist
08-06 11:36:34.380 15100 15100 V PlaybackController: initServiceNotRunning()
08-06 11:36:34.380 15100 15100 D ExternalPlayerFragment: Loading media info
08-06 11:36:34.383 15100 15100 D UserPreferences: Using default data folder
08-06 11:36:34.386 15100 15100 D AutoUpdateManager: last refresh: 443529 hours 36 minutes ago
08-06 11:36:34.387 15100 15120 D DBReader: getNavDrawerData() called with: 
08-06 11:36:34.391 15100 15120 D DBReader: getDownloadedItems() called
08-06 11:36:34.391 15100 15120 D DBReader: getFavoriteIDList() called
08-06 11:36:34.392 15100 15120 D DBReader: getQueueIDList() called
08-06 11:36:34.393 15100 15120 D DBReader: Extracting Feedlist
08-06 11:36:34.408   380   380 W SurfaceFlinger: couldn't log to binary event log: overflow.
08-06 11:36:34.494 14957 14957 I ServiceManager: Waiting for service AtCmdFwd...
08-06 11:36:34.579 15100 15100 D MainActivity: getLastNavFragment() -> QueueFragment
08-06 11:36:34.579 15100 15100 D MainActivity: handleNavIntent()
08-06 11:36:34.664   918   936 I ActivityManager: Displayed baseline.de.danoeh.antennapod.debug/baseline.de.danoeh.antennapod.activity.MainActivity: +478ms (total +886ms)
08-06 11:36:34.664 13866 13866 I GoogleInputMethodServic: GoogleInputMethodService.onFinishInput():3138 
08-06 11:36:34.664 13866 13866 I GoogleInputMethodServic: GoogleInputMethodService.onStartInput():1808 
08-06 11:36:34.692 29532 29532 W PathParser: Points are too far apart 4.030360828967057
08-06 11:36:34.693 29532 29532 W PathParser: Points are too far apart 4.030360538880159
08-06 11:36:34.710 29532 29532 W PathParser: Points are too far apart 4.030360828967057
08-06 11:36:34.710 29532 29532 W PathParser: Points are too far apart 4.030360538880159
08-06 11:36:34.726 29532 29532 W PathParser: Points are too far apart 4.030360828967057
08-06 11:36:34.726 29532 29532 W PathParser: Points are too far apart 4.030360538880159
08-06 11:36:34.744 29532 29532 W PathParser: Points are too far apart 4.030360828967057
08-06 11:36:34.744 29532 29532 W PathParser: Points are too far apart 4.030360538880159
08-06 11:36:34.759 29532 29532 W PathParser: Points are too far apart 4.030360828967057
08-06 11:36:34.760 29532 29532 W PathParser: Points are too far apart 4.030360538880159
08-06 11:36:34.777 29532 29532 W PathParser: Points are too far apart 4.030360828967057
08-06 11:36:34.777 29532 29532 W PathParser: Points are too far apart 4.030360538880159
08-06 11:36:34.793 29532 29532 W PathParser: Points are too far apart 4.030360828967057
08-06 11:36:34.794 29532 29532 W PathParser: Points are too far apart 4.030360538880159
08-06 11:36:34.811 29532 29532 W PathParser: Points are too far apart 4.030360828967057
08-06 11:36:34.811 29532 29532 W PathParser: Points are too far apart 4.030360538880159
08-06 11:36:34.912 24577 14590 I Icing   : Indexing com.google.android.gms-apps from com.google.android.gms
08-06 11:36:34.996 24577 14591 I Icing   : Indexing done com.google.android.gms-apps
08-06 11:36:35.365 15141 15141 D AndroidRuntime: >>>>>> START com.android.internal.os.RuntimeInit uid 2000 <<<<<<
08-06 11:36:35.372 15141 15141 D AndroidRuntime: CheckJNI is OFF
08-06 11:36:35.396 15100 15144 D DBReader: Extracting Feedlist
08-06 11:36:35.397 15100 15144 D FlattrUtils: Retrieving access token
08-06 11:36:35.398 15100 15144 D FlattrUtils: No access token found
08-06 11:36:35.399 15100 15144 I art     : Rejecting re-init on previously-failed class java.lang.Class<androidx.core.app.JobIntentService$JobServiceEngineImpl>
08-06 11:36:35.399 15100 15144 I art     : Rejecting re-init on previously-failed class java.lang.Class<androidx.core.app.JobIntentService$JobServiceEngineImpl>
08-06 11:36:35.400 15100 15144 I art     : Rejecting re-init on previously-failed class java.lang.Class<androidx.core.app.SafeJobIntentService$SafeJobServiceEngineImpl>
08-06 11:36:35.400 15100 15144 I art     : Rejecting re-init on previously-failed class java.lang.Class<androidx.core.app.SafeJobIntentService$SafeJobServiceEngineImpl>
08-06 11:36:35.403 15141 15141 D ICU     : No timezone override file found: /data/misc/zoneinfo/current/icu/icu_tzdata.dat
08-06 11:36:35.431 15141 15141 I Radio-JNI: register_android_hardware_Radio DONE
08-06 11:36:35.446 15141 15141 D AndroidRuntime: Calling main entry com.android.commands.am.Am
08-06 11:36:35.460 14970 14970 I Trepn   : Trepn 6.2s: Received intent: com.quicinc.trepn.start_profiling
08-06 11:36:35.495 14957 14957 I ServiceManager: Waiting for service AtCmdFwd...
08-06 11:36:35.680 14970 14970 W FileUtils: Failed to chmod(/storage/emulated/0/trepn/Trepn_2020.08.06_113635.db): android.system.ErrnoException: chmod failed: EPERM (Operation not permitted)
08-06 11:36:35.793 14970 15170 D OpenGLRenderer: Use EGL_SWAP_BEHAVIOR_PRESERVED: true
08-06 11:36:35.834 13866 13866 I GoogleInputMethodServic: GoogleInputMethodService.onFinishInput():3138 
08-06 11:36:35.835 13866 13866 I GoogleInputMethodServic: GoogleInputMethodService.onStartInput():1808 
08-06 11:36:35.898 14970 14970 I Trepn   : Trepn 6.2s: Trepn has Started Profiling.
08-06 11:36:35.901 15141 15141 D AndroidRuntime: Shutting down VM
08-06 11:36:35.915 14970 15170 I Adreno  : QUALCOMM build                   : fcf4852, I1af360237c
08-06 11:36:35.915 14970 15170 I Adreno  : Build Date                       : 09/23/15
08-06 11:36:35.915 14970 15170 I Adreno  : OpenGL ES Shader Compiler Version: XE031.05.13.02
08-06 11:36:35.915 14970 15170 I Adreno  : Local Branch                     : mybranch14465806
08-06 11:36:35.915 14970 15170 I Adreno  : Remote Branch                    : quic/LA.BF64.1.2.9_v2
08-06 11:36:35.915 14970 15170 I Adreno  : Remote Branch                    : NONE
08-06 11:36:35.915 14970 15170 I Adreno  : Reconstruct Branch               : NOTHING
08-06 11:36:35.924 14970 15170 I OpenGLRenderer: Initialized EGL, version 1.4
08-06 11:36:36.378 15100 15113 I art     : Starting a blocking GC Explicit
08-06 11:36:36.437 15100 15113 I art     : Explicit concurrent mark sweep GC freed 3942(316KB) AllocSpace objects, 1(20KB) LOS objects, 40% free, 23MB/38MB, paused 399us total 58.487ms
08-06 11:36:36.453 15100 15113 I art     : Starting a blocking GC Explicit
08-06 11:36:36.480 15100 15113 I art     : Explicit concurrent mark sweep GC freed 2279(140KB) AllocSpace objects, 2(588KB) LOS objects, 40% free, 22MB/37MB, paused 220us total 26.690ms
08-06 11:36:36.489 15100 15113 I art     : Starting a blocking GC Explicit
08-06 11:36:36.496 14957 14957 I ServiceManager: Waiting for service AtCmdFwd...
08-06 11:36:36.506 15100 15113 I art     : Explicit concurrent mark sweep GC freed 3(96B) AllocSpace objects, 0(0B) LOS objects, 40% free, 22MB/37MB, paused 189us total 16.163ms
08-06 11:36:36.513 15100 15113 I art     : Starting a blocking GC Explicit
08-06 11:36:36.528 15100 15113 I art     : Explicit concurrent mark sweep GC freed 3(96B) AllocSpace objects, 0(0B) LOS objects, 40% free, 22MB/37MB, paused 170us total 14.580ms
08-06 11:36:36.535 15100 15113 I art     : Starting a blocking GC Explicit
08-06 11:36:36.548 15100 15113 I art     : Explicit concurrent mark sweep GC freed 3(96B) AllocSpace objects, 0(0B) LOS objects, 40% free, 22MB/37MB, paused 150us total 12.965ms
08-06 11:36:36.835 15100 15112 I art     : Starting a blocking GC Explicit
08-06 11:36:36.850 15100 15112 I art     : Explicit concurrent mark sweep GC freed 1374(82KB) AllocSpace objects, 1(20KB) LOS objects, 40% free, 22MB/37MB, paused 175us total 14.988ms
08-06 11:36:36.857 15100 15112 I art     : Starting a blocking GC Explicit
08-06 11:36:36.870 15100 15112 I art     : Explicit concurrent mark sweep GC freed 23(752B) AllocSpace objects, 0(0B) LOS objects, 40% free, 22MB/37MB, paused 145us total 12.570ms
08-06 11:36:36.877 15100 15112 I art     : Starting a blocking GC Explicit
08-06 11:36:36.888 15100 15112 I art     : Explicit concurrent mark sweep GC freed 3(96B) AllocSpace objects, 0(0B) LOS objects, 40% free, 22MB/37MB, paused 138us total 10.946ms
08-06 11:36:36.893 15100 15112 I art     : Starting a blocking GC Explicit
08-06 11:36:36.905 15100 15112 I art     : Explicit concurrent mark sweep GC freed 3(96B) AllocSpace objects, 0(0B) LOS objects, 40% free, 22MB/37MB, paused 141us total 11.226ms
08-06 11:36:36.910 15100 15112 I art     : Starting a blocking GC Explicit
08-06 11:36:36.921 15100 15112 I art     : Explicit concurrent mark sweep GC freed 3(96B) AllocSpace objects, 0(0B) LOS objects, 40% free, 22MB/37MB, paused 139us total 10.983ms
08-06 11:36:37.217 15100 15113 I art     : Starting a blocking GC Explicit
08-06 11:36:37.232 15100 15113 I art     : Explicit concurrent mark sweep GC freed 1391(80KB) AllocSpace objects, 1(20KB) LOS objects, 40% free, 22MB/37MB, paused 187us total 14.736ms
08-06 11:36:37.239 15100 15113 I art     : Starting a blocking GC Explicit
08-06 11:36:37.252 15100 15113 I art     : Explicit concurrent mark sweep GC freed 23(752B) AllocSpace objects, 0(0B) LOS objects, 40% free, 22MB/37MB, paused 150us total 12.504ms
08-06 11:36:37.258 15100 15113 I art     : Starting a blocking GC Explicit
08-06 11:36:37.270 15100 15113 I art     : Explicit concurrent mark sweep GC freed 3(96B) AllocSpace objects, 0(0B) LOS objects, 40% free, 22MB/37MB, paused 144us total 11.936ms
08-06 11:36:37.276 15100 15113 I art     : Starting a blocking GC Explicit
08-06 11:36:37.288 15100 15113 I art     : Explicit concurrent mark sweep GC freed 3(96B) AllocSpace objects, 0(0B) LOS objects, 40% free, 22MB/37MB, paused 150us total 12.439ms
08-06 11:36:37.294 15100 15113 I art     : Starting a blocking GC Explicit
08-06 11:36:37.307 15100 15113 I art     : Explicit concurrent mark sweep GC freed 3(96B) AllocSpace objects, 0(0B) LOS objects, 40% free, 22MB/37MB, paused 148us total 12.548ms
08-06 11:36:37.496 14957 14957 W Atfwd_Sendcmd: AtCmdFwd service not published, waiting... retryCnt : 3
08-06 11:36:37.615 15100 15112 I art     : Starting a blocking GC Explicit
08-06 11:36:37.635 15100 15112 I art     : Explicit concurrent mark sweep GC freed 1389(80KB) AllocSpace objects, 1(20KB) LOS objects, 40% free, 22MB/37MB, paused 343us total 19.530ms
08-06 11:36:37.642 15100 15112 I art     : Starting a blocking GC Explicit
08-06 11:36:37.654 15100 15112 I art     : Explicit concurrent mark sweep GC freed 26(848B) AllocSpace objects, 0(0B) LOS objects, 40% free, 22MB/37MB, paused 160us total 12.480ms
08-06 11:36:37.661 15100 15112 I art     : Starting a blocking GC Explicit
08-06 11:36:37.672 15100 15112 I art     : Explicit concurrent mark sweep GC freed 3(96B) AllocSpace objects, 0(0B) LOS objects, 40% free, 22MB/37MB, paused 149us total 11.242ms
08-06 11:36:37.678 15100 15112 I art     : Starting a blocking GC Explicit
08-06 11:36:37.689 15100 15112 I art     : Explicit concurrent mark sweep GC freed 3(96B) AllocSpace objects, 0(0B) LOS objects, 40% free, 22MB/37MB, paused 142us total 11.005ms
08-06 11:36:37.695 15100 15112 I art     : Starting a blocking GC Explicit
08-06 11:36:37.706 15100 15112 I art     : Explicit concurrent mark sweep GC freed 3(96B) AllocSpace objects, 0(0B) LOS objects, 40% free, 22MB/37MB, paused 144us total 11.004ms
08-06 11:36:38.004 15100 15220 I art     : Starting a blocking GC Explicit
08-06 11:36:38.028 15100 15220 I art     : Explicit concurrent mark sweep GC freed 1390(80KB) AllocSpace objects, 1(20KB) LOS objects, 40% free, 22MB/37MB, paused 415us total 23.875ms
08-06 11:36:38.035 15100 15220 I art     : Starting a blocking GC Explicit
08-06 11:36:38.049 15100 15220 I art     : Explicit concurrent mark sweep GC freed 23(752B) AllocSpace objects, 0(0B) LOS objects, 40% free, 22MB/37MB, paused 159us total 13.625ms
08-06 11:36:38.056 15100 15220 I art     : Starting a blocking GC Explicit
08-06 11:36:38.069 15100 15220 I art     : Explicit concurrent mark sweep GC freed 3(96B) AllocSpace objects, 0(0B) LOS objects, 40% free, 22MB/37MB, paused 147us total 12.773ms
08-06 11:36:38.075 15100 15220 I art     : Starting a blocking GC Explicit
08-06 11:36:38.087 15100 15220 I art     : Explicit concurrent mark sweep GC freed 3(96B) AllocSpace objects, 0(0B) LOS objects, 40% free, 22MB/37MB, paused 141us total 12.412ms
08-06 11:36:38.093 15100 15220 I art     : Starting a blocking GC Explicit
08-06 11:36:38.106 15100 15220 I art     : Explicit concurrent mark sweep GC freed 3(96B) AllocSpace objects, 0(0B) LOS objects, 40% free, 22MB/37MB, paused 148us total 12.364ms
08-06 11:36:38.398 15100 15113 I art     : Starting a blocking GC Explicit
08-06 11:36:38.419 15100 15113 I art     : Explicit concurrent mark sweep GC freed 1363(81KB) AllocSpace objects, 1(20KB) LOS objects, 40% free, 22MB/37MB, paused 174us total 20.372ms
08-06 11:36:38.425 15100 15113 I art     : Starting a blocking GC Explicit
08-06 11:36:38.439 15100 15113 I art     : Explicit concurrent mark sweep GC freed 23(752B) AllocSpace objects, 0(0B) LOS objects, 40% free, 22MB/37MB, paused 161us total 13.468ms
08-06 11:36:38.446 15100 15113 I art     : Starting a blocking GC Explicit
08-06 11:36:38.458 15100 15113 I art     : Explicit concurrent mark sweep GC freed 3(96B) AllocSpace objects, 0(0B) LOS objects, 40% free, 22MB/37MB, paused 157us total 12.399ms
08-06 11:36:38.464 15100 15113 I art     : Starting a blocking GC Explicit
08-06 11:36:38.477 15100 15113 I art     : Explicit concurrent mark sweep GC freed 3(96B) AllocSpace objects, 0(0B) LOS objects, 40% free, 22MB/37MB, paused 144us total 12.565ms
08-06 11:36:38.483 15100 15113 I art     : Starting a blocking GC Explicit
08-06 11:36:38.496 15100 15113 I art     : Explicit concurrent mark sweep GC freed 3(96B) AllocSpace objects, 0(0B) LOS objects, 40% free, 22MB/37MB, paused 158us total 12.294ms
08-06 11:36:38.791 15100 15112 I art     : Starting a blocking GC Explicit
08-06 11:36:38.806 15100 15112 I art     : Explicit concurrent mark sweep GC freed 1364(82KB) AllocSpace objects, 1(20KB) LOS objects, 40% free, 22MB/37MB, paused 166us total 14.829ms
08-06 11:36:38.816 15100 15112 I art     : Starting a blocking GC Explicit
08-06 11:36:38.832 15100 15112 I art     : Explicit concurrent mark sweep GC freed 23(752B) AllocSpace objects, 0(0B) LOS objects, 40% free, 22MB/37MB, paused 159us total 16.105ms
08-06 11:36:38.841 15100 15112 I art     : Starting a blocking GC Explicit
08-06 11:36:38.854 15100 15112 I art     : Explicit concurrent mark sweep GC freed 3(96B) AllocSpace objects, 0(0B) LOS objects, 40% free, 22MB/37MB, paused 152us total 13.073ms
08-06 11:36:38.860 15100 15112 I art     : Starting a blocking GC Explicit
08-06 11:36:38.873 15100 15112 I art     : Explicit concurrent mark sweep GC freed 3(96B) AllocSpace objects, 0(0B) LOS objects, 40% free, 22MB/37MB, paused 151us total 12.814ms
08-06 11:36:38.881 15100 15112 I art     : Starting a blocking GC Explicit
08-06 11:36:38.893 15100 15112 I art     : Explicit concurrent mark sweep GC freed 3(96B) AllocSpace objects, 0(0B) LOS objects, 40% free, 22MB/37MB, paused 148us total 12.211ms
08-06 11:36:39.181 15100 15220 I art     : Starting a blocking GC Explicit
08-06 11:36:39.203 15100 15220 I art     : Explicit concurrent mark sweep GC freed 1390(82KB) AllocSpace objects, 1(20KB) LOS objects, 40% free, 22MB/37MB, paused 304us total 21.138ms
08-06 11:36:39.214 15100 15220 I art     : Starting a blocking GC Explicit
08-06 11:36:39.230 15100 15220 I art     : Explicit concurrent mark sweep GC freed 23(752B) AllocSpace objects, 0(0B) LOS objects, 40% free, 22MB/37MB, paused 140us total 15.254ms
08-06 11:36:39.236 15100 15220 I art     : Starting a blocking GC Explicit
08-06 11:36:39.248 15100 15220 I art     : Explicit concurrent mark sweep GC freed 3(96B) AllocSpace objects, 0(0B) LOS objects, 40% free, 22MB/37MB, paused 157us total 12.419ms
08-06 11:36:39.255 15100 15220 I art     : Starting a blocking GC Explicit
08-06 11:36:39.268 15100 15220 I art     : Explicit concurrent mark sweep GC freed 3(96B) AllocSpace objects, 0(0B) LOS objects, 40% free, 22MB/37MB, paused 325us total 13.115ms
08-06 11:36:39.274 15100 15220 I art     : Starting a blocking GC Explicit
08-06 11:36:39.287 15100 15220 I art     : Explicit concurrent mark sweep GC freed 3(96B) AllocSpace objects, 0(0B) LOS objects, 40% free, 22MB/37MB, paused 263us total 12.452ms
08-06 11:36:39.593 15100 15113 I art     : Starting a blocking GC Explicit
08-06 11:36:39.617 15100 15113 I art     : Explicit concurrent mark sweep GC freed 1362(80KB) AllocSpace objects, 1(20KB) LOS objects, 40% free, 22MB/37MB, paused 236us total 23.296ms
08-06 11:36:39.627 15100 15113 I art     : Starting a blocking GC Explicit
08-06 11:36:39.641 15100 15113 I art     : Explicit concurrent mark sweep GC freed 23(752B) AllocSpace objects, 0(0B) LOS objects, 40% free, 22MB/37MB, paused 163us total 13.664ms
08-06 11:36:39.647 15100 15113 I art     : Starting a blocking GC Explicit
08-06 11:36:39.660 15100 15113 I art     : Explicit concurrent mark sweep GC freed 3(96B) AllocSpace objects, 0(0B) LOS objects, 40% free, 22MB/37MB, paused 145us total 12.786ms
08-06 11:36:39.667 15100 15113 I art     : Starting a blocking GC Explicit
08-06 11:36:39.680 15100 15113 I art     : Explicit concurrent mark sweep GC freed 3(96B) AllocSpace objects, 0(0B) LOS objects, 40% free, 22MB/37MB, paused 146us total 12.826ms
08-06 11:36:39.686 15100 15113 I art     : Starting a blocking GC Explicit
08-06 11:36:39.698 15100 15113 I art     : Explicit concurrent mark sweep GC freed 3(96B) AllocSpace objects, 0(0B) LOS objects, 40% free, 22MB/37MB, paused 149us total 12.207ms
08-06 11:36:39.956 15100 15112 I art     : Starting a blocking GC Explicit
08-06 11:36:39.971 15100 15112 I art     : Explicit concurrent mark sweep GC freed 1362(80KB) AllocSpace objects, 1(20KB) LOS objects, 40% free, 22MB/37MB, paused 189us total 15.414ms
08-06 11:36:39.978 15100 15112 I art     : Starting a blocking GC Explicit
08-06 11:36:39.992 15100 15112 I art     : Explicit concurrent mark sweep GC freed 50(1488B) AllocSpace objects, 0(0B) LOS objects, 40% free, 22MB/37MB, paused 162us total 13.359ms
08-06 11:36:39.999 15100 15112 I art     : Starting a blocking GC Explicit
08-06 11:36:40.012 15100 15112 I art     : Explicit concurrent mark sweep GC freed 3(96B) AllocSpace objects, 0(0B) LOS objects, 40% free, 22MB/37MB, paused 146us total 12.736ms
08-06 11:36:40.018 15100 15112 I art     : Starting a blocking GC Explicit
08-06 11:36:40.031 15100 15112 I art     : Explicit concurrent mark sweep GC freed 3(96B) AllocSpace objects, 0(0B) LOS objects, 40% free, 22MB/37MB, paused 137us total 12.792ms
08-06 11:36:40.037 15100 15112 I art     : Starting a blocking GC Explicit
08-06 11:36:40.050 15100 15112 I art     : Explicit concurrent mark sweep GC freed 3(96B) AllocSpace objects, 0(0B) LOS objects, 40% free, 22MB/37MB, paused 142us total 12.200ms
08-06 11:36:40.360 15100 15220 I art     : Starting a blocking GC Explicit
08-06 11:36:40.380 15100 15220 I art     : Explicit concurrent mark sweep GC freed 1361(79KB) AllocSpace objects, 1(20KB) LOS objects, 40% free, 22MB/37MB, paused 179us total 18.801ms
08-06 11:36:40.389 15100 15220 I art     : Starting a blocking GC Explicit
08-06 11:36:40.402 15100 15220 I art     : Explicit concurrent mark sweep GC freed 23(752B) AllocSpace objects, 0(0B) LOS objects, 40% free, 22MB/37MB, paused 148us total 13.313ms
08-06 11:36:40.409 15100 15220 I art     : Starting a blocking GC Explicit
08-06 11:36:40.421 15100 15220 I art     : Explicit concurrent mark sweep GC freed 3(96B) AllocSpace objects, 0(0B) LOS objects, 40% free, 22MB/37MB, paused 135us total 12.382ms
08-06 11:36:40.427 15100 15220 I art     : Starting a blocking GC Explicit
08-06 11:36:40.440 15100 15220 I art     : Explicit concurrent mark sweep GC freed 3(96B) AllocSpace objects, 0(0B) LOS objects, 40% free, 22MB/37MB, paused 146us total 12.081ms
08-06 11:36:40.445 15100 15220 I art     : Starting a blocking GC Explicit
08-06 11:36:40.458 15100 15220 I art     : Explicit concurrent mark sweep GC freed 3(96B) AllocSpace objects, 0(0B) LOS objects, 40% free, 22MB/37MB, paused 131us total 11.917ms
08-06 11:36:40.762 15100 15113 I art     : Starting a blocking GC Explicit
08-06 11:36:40.776 15100 15113 I art     : Explicit concurrent mark sweep GC freed 1362(80KB) AllocSpace objects, 1(20KB) LOS objects, 40% free, 22MB/37MB, paused 171us total 14.247ms
08-06 11:36:40.783 15100 15113 I art     : Starting a blocking GC Explicit
08-06 11:36:40.796 15100 15113 I art     : Explicit concurrent mark sweep GC freed 23(752B) AllocSpace objects, 0(0B) LOS objects, 40% free, 22MB/37MB, paused 165us total 13.002ms
08-06 11:36:40.802 15100 15113 I art     : Starting a blocking GC Explicit
08-06 11:36:40.814 15100 15113 I art     : Explicit concurrent mark sweep GC freed 3(96B) AllocSpace objects, 0(0B) LOS objects, 40% free, 22MB/37MB, paused 143us total 11.884ms
08-06 11:36:40.821 15100 15113 I art     : Starting a blocking GC Explicit
08-06 11:36:40.832 15100 15113 I art     : Explicit concurrent mark sweep GC freed 3(96B) AllocSpace objects, 0(0B) LOS objects, 40% free, 22MB/37MB, paused 139us total 11.143ms
08-06 11:36:40.838 15100 15113 I art     : Starting a blocking GC Explicit
08-06 11:36:40.849 15100 15113 I art     : Explicit concurrent mark sweep GC freed 3(96B) AllocSpace objects, 0(0B) LOS objects, 40% free, 22MB/37MB, paused 135us total 10.826ms
08-06 11:36:40.927   918  3261 D WifiStateMachine: starting scan for "H369AA63323"WPA_PSK with 2412,5180
08-06 11:36:41.094 15100 15112 I art     : Starting a blocking GC Explicit
08-06 11:36:41.107 15100 15112 I art     : Explicit concurrent mark sweep GC freed 1388(80KB) AllocSpace objects, 1(20KB) LOS objects, 40% free, 22MB/37MB, paused 162us total 13.042ms
08-06 11:36:41.114 15100 15112 I art     : Starting a blocking GC Explicit
08-06 11:36:41.126 15100 15112 I art     : Explicit concurrent mark sweep GC freed 23(752B) AllocSpace objects, 0(0B) LOS objects, 40% free, 22MB/37MB, paused 149us total 12.163ms
08-06 11:36:41.132 15100 15112 I art     : Starting a blocking GC Explicit
08-06 11:36:41.145 15100 15112 I art     : Explicit concurrent mark sweep GC freed 3(96B) AllocSpace objects, 0(0B) LOS objects, 40% free, 22MB/37MB, paused 152us total 12.115ms
08-06 11:36:41.151 15100 15112 I art     : Starting a blocking GC Explicit
08-06 11:36:41.151 15310 15310 D AndroidRuntime: >>>>>> START com.android.internal.os.RuntimeInit uid 2000 <<<<<<
08-06 11:36:41.156 15310 15310 D AndroidRuntime: CheckJNI is OFF
08-06 11:36:41.163 15100 15112 I art     : Explicit concurrent mark sweep GC freed 3(96B) AllocSpace objects, 0(0B) LOS objects, 40% free, 22MB/37MB, paused 142us total 12.226ms
08-06 11:36:41.169 15100 15112 I art     : Starting a blocking GC Explicit
08-06 11:36:41.181 15100 15112 I art     : Explicit concurrent mark sweep GC freed 3(96B) AllocSpace objects, 0(0B) LOS objects, 40% free, 22MB/37MB, paused 167us total 11.587ms
08-06 11:36:41.183 15310 15310 D ICU     : No timezone override file found: /data/misc/zoneinfo/current/icu/icu_tzdata.dat
08-06 11:36:41.209 15310 15310 I Radio-JNI: register_android_hardware_Radio DONE
08-06 11:36:41.225 15310 15310 D AndroidRuntime: Calling main entry com.android.commands.input.Input
08-06 11:36:41.226 15310 15310 I Input   : injectMotionEvent: MotionEvent { action=ACTION_DOWN, actionButton=0, id[0]=0, x[0]=1233.0, y[0]=1274.0, toolType[0]=TOOL_TYPE_UNKNOWN, buttonState=0, metaState=0, flags=0x0, edgeFlags=0x0, pointerCount=1, historySize=0, eventTime=877017639, downTime=877017639, deviceId=0, source=0x1002 }
08-06 11:36:41.231 15310 15310 I Input   : injectMotionEvent: MotionEvent { action=ACTION_UP, actionButton=0, id[0]=0, x[0]=1233.0, y[0]=1274.0, toolType[0]=TOOL_TYPE_UNKNOWN, buttonState=0, metaState=0, flags=0x0, edgeFlags=0x0, pointerCount=1, historySize=0, eventTime=877017639, downTime=877017639, deviceId=0, source=0x1002 }
08-06 11:36:41.232 15310 15310 D AndroidRuntime: Shutting down VM
08-06 11:36:41.424 15100 15113 I art     : Starting a blocking GC Explicit
08-06 11:36:41.442 15100 15113 I art     : Explicit concurrent mark sweep GC freed 1365(80KB) AllocSpace objects, 1(20KB) LOS objects, 40% free, 22MB/37MB, paused 274us total 17.759ms
08-06 11:36:41.450 15100 15113 I art     : Starting a blocking GC Explicit
08-06 11:36:41.464 15100 15113 I art     : Explicit concurrent mark sweep GC freed 23(752B) AllocSpace objects, 0(0B) LOS objects, 40% free, 22MB/37MB, paused 161us total 13.848ms
08-06 11:36:41.470 15100 15113 I art     : Starting a blocking GC Explicit
08-06 11:36:41.484 15100 15113 I art     : Explicit concurrent mark sweep GC freed 3(96B) AllocSpace objects, 0(0B) LOS objects, 40% free, 22MB/37MB, paused 158us total 13.336ms
08-06 11:36:41.491 15100 15113 I art     : Starting a blocking GC Explicit
08-06 11:36:41.503 15100 15113 I art     : Explicit concurrent mark sweep GC freed 3(96B) AllocSpace objects, 0(0B) LOS objects, 40% free, 22MB/37MB, paused 141us total 12.322ms
08-06 11:36:41.510 15100 15113 I art     : Starting a blocking GC Explicit
08-06 11:36:41.522 15100 15113 I art     : Explicit concurrent mark sweep GC freed 3(96B) AllocSpace objects, 0(0B) LOS objects, 40% free, 22MB/37MB, paused 140us total 11.851ms
08-06 11:36:41.659 13866 13866 I GoogleInputMethodServic: GoogleInputMethodService.onFinishInput():3138 
08-06 11:36:41.660 13866 13866 I GoogleInputMethodServic: GoogleInputMethodService.onStartInput():1808 
08-06 11:36:41.757 15100 15220 I art     : Starting a blocking GC Explicit
08-06 11:36:41.775 15100 15220 I art     : Explicit concurrent mark sweep GC freed 1458(83KB) AllocSpace objects, 1(20KB) LOS objects, 40% free, 22MB/37MB, paused 174us total 17.603ms
08-06 11:36:41.787 15100 15220 I art     : Starting a blocking GC Explicit
08-06 11:36:41.800 15100 15220 I art     : Explicit concurrent mark sweep GC freed 31(1200B) AllocSpace objects, 0(0B) LOS objects, 40% free, 22MB/37MB, paused 154us total 12.753ms
08-06 11:36:41.806 15100 15220 I art     : Starting a blocking GC Explicit
08-06 11:36:41.818 15100 15220 I art     : Explicit concurrent mark sweep GC freed 3(96B) AllocSpace objects, 0(0B) LOS objects, 40% free, 22MB/37MB, paused 137us total 12.193ms
08-06 11:36:41.824 15100 15220 I art     : Starting a blocking GC Explicit
08-06 11:36:41.836 15100 15220 I art     : Explicit concurrent mark sweep GC freed 3(96B) AllocSpace objects, 0(0B) LOS objects, 40% free, 22MB/37MB, paused 143us total 12.247ms
08-06 11:36:41.842 15100 15220 I art     : Starting a blocking GC Explicit
08-06 11:36:41.855 15100 15220 I art     : Explicit concurrent mark sweep GC freed 3(96B) AllocSpace objects, 0(0B) LOS objects, 40% free, 22MB/37MB, paused 139us total 12.153ms
08-06 11:36:42.120 15100 15113 I art     : Starting a blocking GC Explicit
08-06 11:36:42.140 15100 15113 I art     : Explicit concurrent mark sweep GC freed 1389(80KB) AllocSpace objects, 1(20KB) LOS objects, 40% free, 22MB/37MB, paused 184us total 19.536ms
08-06 11:36:42.150 15100 15113 I art     : Starting a blocking GC Explicit
08-06 11:36:42.166 15100 15113 I art     : Explicit concurrent mark sweep GC freed 23(752B) AllocSpace objects, 0(0B) LOS objects, 40% free, 22MB/37MB, paused 175us total 16.092ms
08-06 11:36:42.173 15100 15113 I art     : Starting a blocking GC Explicit
08-06 11:36:42.187 15100 15113 I art     : Explicit concurrent mark sweep GC freed 3(96B) AllocSpace objects, 0(0B) LOS objects, 40% free, 22MB/37MB, paused 204us total 13.030ms
08-06 11:36:42.193 15100 15113 I art     : Starting a blocking GC Explicit
08-06 11:36:42.206 15100 15113 I art     : Explicit concurrent mark sweep GC freed 3(96B) AllocSpace objects, 0(0B) LOS objects, 40% free, 22MB/37MB, paused 148us total 13.009ms
08-06 11:36:42.213 15100 15113 I art     : Starting a blocking GC Explicit
08-06 11:36:42.226 15100 15113 I art     : Explicit concurrent mark sweep GC freed 3(96B) AllocSpace objects, 0(0B) LOS objects, 40% free, 22MB/37MB, paused 152us total 12.452ms
08-06 11:36:42.498 15100 15112 I art     : Starting a blocking GC Explicit
08-06 11:36:42.514 15100 15112 I art     : Explicit concurrent mark sweep GC freed 1361(80KB) AllocSpace objects, 1(20KB) LOS objects, 40% free, 22MB/37MB, paused 193us total 16.372ms
08-06 11:36:42.522 15100 15112 I art     : Starting a blocking GC Explicit
08-06 11:36:42.536 15100 15112 I art     : Explicit concurrent mark sweep GC freed 23(752B) AllocSpace objects, 0(0B) LOS objects, 40% free, 22MB/37MB, paused 161us total 14.131ms
08-06 11:36:42.542 15100 15112 I art     : Starting a blocking GC Explicit
08-06 11:36:42.555 15100 15112 I art     : Explicit concurrent mark sweep GC freed 3(96B) AllocSpace objects, 0(0B) LOS objects, 40% free, 22MB/37MB, paused 141us total 12.013ms
08-06 11:36:42.561 15100 15112 I art     : Starting a blocking GC Explicit
08-06 11:36:42.573 15100 15112 I art     : Explicit concurrent mark sweep GC freed 3(96B) AllocSpace objects, 0(0B) LOS objects, 40% free, 22MB/37MB, paused 142us total 12.180ms
08-06 11:36:42.580 15100 15112 I art     : Starting a blocking GC Explicit
08-06 11:36:42.591 15100 15112 I art     : Explicit concurrent mark sweep GC freed 3(96B) AllocSpace objects, 0(0B) LOS objects, 40% free, 22MB/37MB, paused 159us total 11.138ms
08-06 11:36:42.790 15376 15376 D AndroidRuntime: >>>>>> START com.android.internal.os.RuntimeInit uid 2000 <<<<<<
08-06 11:36:42.794 15376 15376 D AndroidRuntime: CheckJNI is OFF
08-06 11:36:42.818 15376 15376 D ICU     : No timezone override file found: /data/misc/zoneinfo/current/icu/icu_tzdata.dat
08-06 11:36:42.844 15376 15376 I Radio-JNI: register_android_hardware_Radio DONE
08-06 11:36:42.844 15100 15220 I art     : Starting a blocking GC Explicit
08-06 11:36:42.857 15100 15220 I art     : Explicit concurrent mark sweep GC freed 1361(80KB) AllocSpace objects, 1(20KB) LOS objects, 40% free, 22MB/37MB, paused 220us total 12.711ms
08-06 11:36:42.861 15376 15376 D AndroidRuntime: Calling main entry com.android.commands.input.Input
08-06 11:36:42.862 15376 15376 I Input   : injectMotionEvent: MotionEvent { action=ACTION_DOWN, actionButton=0, id[0]=0, x[0]=103.0, y[0]=192.0, toolType[0]=TOOL_TYPE_UNKNOWN, buttonState=0, metaState=0, flags=0x0, edgeFlags=0x0, pointerCount=1, historySize=0, eventTime=877019275, downTime=877019275, deviceId=0, source=0x1002 }
08-06 11:36:42.863 15100 15220 I art     : Starting a blocking GC Explicit
08-06 11:36:42.867 15376 15376 I Input   : injectMotionEvent: MotionEvent { action=ACTION_UP, actionButton=0, id[0]=0, x[0]=103.0, y[0]=192.0, toolType[0]=TOOL_TYPE_UNKNOWN, buttonState=0, metaState=0, flags=0x0, edgeFlags=0x0, pointerCount=1, historySize=0, eventTime=877019275, downTime=877019275, deviceId=0, source=0x1002 }
08-06 11:36:42.868 15376 15376 D AndroidRuntime: Shutting down VM
08-06 11:36:42.873   512  2967 D audio_hw_primary: out_set_parameters: enter: usecase(1: low-latency-playback) kvpairs: routing=2
08-06 11:36:42.877 15100 15220 I art     : Explicit concurrent mark sweep GC freed 53(1680B) AllocSpace objects, 0(0B) LOS objects, 40% free, 22MB/37MB, paused 235us total 14.074ms
08-06 11:36:42.884 15100 15220 I art     : Starting a blocking GC Explicit
08-06 11:36:42.886   512  2967 D audio_hw_primary: select_devices: out_snd_device(2: speaker) in_snd_device(0: none)
08-06 11:36:42.886   512  2967 D msm8974_platform: platform_send_audio_calibration: sending audio calibration for snd_device(2) acdb_id(15)
08-06 11:36:42.886   512  2967 I soundtrigger: audio_extn_sound_trigger_update_device_status: device 0x2 of type 0 for Event 1
08-06 11:36:42.897 15100 15220 I art     : Explicit concurrent mark sweep GC freed 34(1088B) AllocSpace objects, 0(0B) LOS objects, 40% free, 22MB/37MB, paused 215us total 12.366ms
08-06 11:36:42.898   512  2967 D audio_hw_primary: enable_snd_device: snd_device(2: speaker)
08-06 11:36:42.900   512  2967 D audio_hw_primary: enable_audio_route: apply and update mixer path: low-latency-playback speaker
08-06 11:36:42.902 15100 15220 I art     : Starting a blocking GC Explicit
08-06 11:36:42.919 13866 13866 I GoogleInputMethodServic: GoogleInputMethodService.onFinishInput():3138 
08-06 11:36:42.920 13866 13866 I GoogleInputMethodServic: GoogleInputMethodService.onStartInput():1808 
08-06 11:36:42.925 15100 15220 I art     : Explicit concurrent mark sweep GC freed 68(2816B) AllocSpace objects, 0(0B) LOS objects, 40% free, 22MB/37MB, paused 137us total 22.379ms
08-06 11:36:42.932 15100 15220 I art     : Starting a blocking GC Explicit
08-06 11:36:42.943 15100 15220 I art     : Explicit concurrent mark sweep GC freed 110(4KB) AllocSpace objects, 0(0B) LOS objects, 40% free, 22MB/37MB, paused 140us total 11.742ms
08-06 11:36:43.178 15100 15113 I art     : Starting a blocking GC Explicit
08-06 11:36:43.190 15100 15113 I art     : Explicit concurrent mark sweep GC freed 1672(96KB) AllocSpace objects, 1(20KB) LOS objects, 40% free, 22MB/37MB, paused 152us total 12.479ms
08-06 11:36:43.196 15100 15113 I art     : Starting a blocking GC Explicit
08-06 11:36:43.208 15100 15113 I art     : Explicit concurrent mark sweep GC freed 29(1104B) AllocSpace objects, 0(0B) LOS objects, 40% free, 22MB/37MB, paused 154us total 11.709ms
08-06 11:36:43.214 15100 15113 I art     : Starting a blocking GC Explicit
08-06 11:36:43.226 15100 15113 I art     : Explicit concurrent mark sweep GC freed 9(288B) AllocSpace objects, 0(0B) LOS objects, 40% free, 22MB/37MB, paused 161us total 12.017ms
08-06 11:36:43.232 15100 15113 I art     : Starting a blocking GC Explicit
08-06 11:36:43.244 15100 15113 I art     : Explicit concurrent mark sweep GC freed 3(96B) AllocSpace objects, 0(0B) LOS objects, 40% free, 22MB/37MB, paused 147us total 11.731ms
08-06 11:36:43.250 15100 15113 I art     : Starting a blocking GC Explicit
08-06 11:36:43.262 15100 15113 I art     : Explicit concurrent mark sweep GC freed 3(96B) AllocSpace objects, 0(0B) LOS objects, 40% free, 22MB/37MB, paused 144us total 11.411ms
08-06 11:36:43.410 15401 15401 D AndroidRuntime: >>>>>> START com.android.internal.os.RuntimeInit uid 2000 <<<<<<
08-06 11:36:43.414 15401 15401 D AndroidRuntime: CheckJNI is OFF
08-06 11:36:43.439   512  2967 D audio_hw_primary: disable_audio_route: reset and update mixer path: low-latency-playback speaker
08-06 11:36:43.439 15401 15401 D ICU     : No timezone override file found: /data/misc/zoneinfo/current/icu/icu_tzdata.dat
08-06 11:36:43.441   512  2967 D audio_hw_primary: disable_snd_device: snd_device(2: speaker)
08-06 11:36:43.449   512  2967 I soundtrigger: audio_extn_sound_trigger_update_device_status: device 0x2 of type 0 for Event 0
08-06 11:36:43.463 15401 15401 I Radio-JNI: register_android_hardware_Radio DONE
08-06 11:36:43.478 15401 15401 D AndroidRuntime: Calling main entry com.android.commands.input.Input
08-06 11:36:43.479 15401 15401 I Input   : injectMotionEvent: MotionEvent { action=ACTION_DOWN, actionButton=0, id[0]=0, x[0]=324.0, y[0]=2298.0, toolType[0]=TOOL_TYPE_UNKNOWN, buttonState=0, metaState=0, flags=0x0, edgeFlags=0x0, pointerCount=1, historySize=0, eventTime=877019892, downTime=877019892, deviceId=0, source=0x1002 }
08-06 11:36:43.483 15401 15401 I Input   : injectMotionEvent: MotionEvent { action=ACTION_UP, actionButton=0, id[0]=0, x[0]=324.0, y[0]=2298.0, toolType[0]=TOOL_TYPE_UNKNOWN, buttonState=0, metaState=0, flags=0x0, edgeFlags=0x0, pointerCount=1, historySize=0, eventTime=877019892, downTime=877019892, deviceId=0, source=0x1002 }
08-06 11:36:43.484 15401 15401 D AndroidRuntime: Shutting down VM
08-06 11:36:43.490   918  4413 I ActivityManager: START u0 {cmp=baseline.de.danoeh.antennapod.debug/baseline.de.danoeh.antennapod.activity.PreferenceActivity} from uid 10711 on display 0
08-06 11:36:43.491   512  2967 D audio_hw_primary: out_set_parameters: enter: usecase(1: low-latency-playback) kvpairs: routing=2
08-06 11:36:43.504   512  2967 D audio_hw_primary: select_devices: out_snd_device(2: speaker) in_snd_device(0: none)
08-06 11:36:43.504   512  2967 D msm8974_platform: platform_send_audio_calibration: sending audio calibration for snd_device(2) acdb_id(15)
08-06 11:36:43.504   512  2967 I soundtrigger: audio_extn_sound_trigger_update_device_status: device 0x2 of type 0 for Event 1
08-06 11:36:43.506 15100 15113 I art     : Starting a blocking GC Explicit
08-06 11:36:43.520 15100 15113 I art     : Explicit concurrent mark sweep GC freed 1465(107KB) AllocSpace objects, 2(40KB) LOS objects, 40% free, 22MB/37MB, paused 156us total 13.425ms
08-06 11:36:43.523   512  2967 D audio_hw_primary: enable_snd_device: snd_device(2: speaker)
08-06 11:36:43.526   512  2967 D audio_hw_primary: enable_audio_route: apply and update mixer path: low-latency-playback speaker
08-06 11:36:43.526 15100 15113 I art     : Starting a blocking GC Explicit
08-06 11:36:43.554 15100 15113 I art     : Explicit concurrent mark sweep GC freed 655(84KB) AllocSpace objects, 0(0B) LOS objects, 40% free, 22MB/37MB, paused 715us total 28.264ms
08-06 11:36:43.561 15100 15113 I art     : Starting a blocking GC Explicit
08-06 11:36:43.566   512  2967 D AudioFlinger: mixer(0xf4740000) throttle end: throttle time(12)
08-06 11:36:43.576 15100 15113 I art     : Explicit concurrent mark sweep GC freed 580(91KB) AllocSpace objects, 0(0B) LOS objects, 40% free, 22MB/37MB, paused 240us total 14.559ms
08-06 11:36:43.582 15100 15113 I art     : Starting a blocking GC Explicit
08-06 11:36:43.594 15100 15113 I art     : Explicit concurrent mark sweep GC freed 182(16KB) AllocSpace objects, 0(0B) LOS objects, 40% free, 22MB/37MB, paused 151us total 11.741ms
08-06 11:36:43.600 15100 15113 I art     : Starting a blocking GC Explicit
08-06 11:36:43.612 15100 15113 I art     : Explicit concurrent mark sweep GC freed 49(2032B) AllocSpace objects, 0(0B) LOS objects, 40% free, 22MB/37MB, paused 385us total 11.653ms
08-06 11:36:43.749   918   936 I ActivityManager: Displayed baseline.de.danoeh.antennapod.debug/baseline.de.danoeh.antennapod.activity.PreferenceActivity: +237ms
08-06 11:36:43.750 13866 13866 I GoogleInputMethodServic: GoogleInputMethodService.onFinishInput():3138 
08-06 11:36:43.751 13866 13866 I GoogleInputMethodServic: GoogleInputMethodService.onStartInput():1808 
08-06 11:36:43.797 15100 15121 D OpenGLRenderer: endAllStagingAnimators on 0x7f7f104000 (RippleDrawable) with handle 0x7f7f4ff0a0
08-06 11:36:43.862 15100 15113 I art     : Starting a blocking GC Explicit
08-06 11:36:43.880 15100 15113 I art     : Explicit concurrent mark sweep GC freed 3343(242KB) AllocSpace objects, 1(20KB) LOS objects, 40% free, 23MB/39MB, paused 177us total 17.981ms
08-06 11:36:43.888 15100 15113 I art     : Starting a blocking GC Explicit
08-06 11:36:43.904 15100 15113 I art     : Explicit concurrent mark sweep GC freed 221(10KB) AllocSpace objects, 0(0B) LOS objects, 40% free, 23MB/38MB, paused 144us total 16.589ms
08-06 11:36:43.913 15100 15113 I art     : Starting a blocking GC Explicit
08-06 11:36:43.930 15100 15113 I art     : Explicit concurrent mark sweep GC freed 3(96B) AllocSpace objects, 0(0B) LOS objects, 40% free, 23MB/38MB, paused 148us total 17.031ms
08-06 11:36:43.937 15100 15113 I art     : Starting a blocking GC Explicit
08-06 11:36:43.954 15100 15113 I art     : Explicit concurrent mark sweep GC freed 3(96B) AllocSpace objects, 0(0B) LOS objects, 40% free, 23MB/38MB, paused 171us total 16.219ms
08-06 11:36:43.963 15100 15113 I art     : Starting a blocking GC Explicit
08-06 11:36:43.980 15100 15113 I art     : Explicit concurrent mark sweep GC freed 30(832B) AllocSpace objects, 0(0B) LOS objects, 40% free, 23MB/38MB, paused 158us total 16.774ms
08-06 11:36:43.988   380   380 W SurfaceFlinger: couldn't log to binary event log: overflow.
08-06 11:36:44.089   512  2967 D audio_hw_primary: disable_audio_route: reset and update mixer path: low-latency-playback speaker
08-06 11:36:44.090   512  2967 D audio_hw_primary: disable_snd_device: snd_device(2: speaker)
08-06 11:36:44.098   512  2967 I soundtrigger: audio_extn_sound_trigger_update_device_status: device 0x2 of type 0 for Event 0
08-06 11:36:44.114 15100 15100 D PlaybackController: Releasing PlaybackController
08-06 11:36:44.257 15100 15220 I art     : Starting a blocking GC Explicit
08-06 11:36:44.278 15100 15220 I art     : Explicit concurrent mark sweep GC freed 1624(98KB) AllocSpace objects, 1(20KB) LOS objects, 40% free, 23MB/39MB, paused 326us total 19.810ms
08-06 11:36:44.288 15100 15220 I art     : Starting a blocking GC Explicit
08-06 11:36:44.303 15100 15220 I art     : Explicit concurrent mark sweep GC freed 63(2064B) AllocSpace objects, 0(0B) LOS objects, 40% free, 23MB/39MB, paused 143us total 15.243ms
08-06 11:36:44.310 15100 15220 I art     : Starting a blocking GC Explicit
08-06 11:36:44.325 15100 15220 I art     : Explicit concurrent mark sweep GC freed 3(96B) AllocSpace objects, 0(0B) LOS objects, 40% free, 23MB/39MB, paused 129us total 14.727ms
08-06 11:36:44.331 15100 15220 I art     : Starting a blocking GC Explicit
08-06 11:36:44.345 15100 15220 I art     : Explicit concurrent mark sweep GC freed 3(96B) AllocSpace objects, 0(0B) LOS objects, 40% free, 23MB/39MB, paused 131us total 13.877ms
08-06 11:36:44.352 15100 15220 I art     : Starting a blocking GC Explicit
08-06 11:36:44.367 15100 15220 I art     : Explicit concurrent mark sweep GC freed 3(96B) AllocSpace objects, 0(0B) LOS objects, 40% free, 23MB/39MB, paused 142us total 14.594ms
08-06 11:36:44.650 15100 15112 I art     : Starting a blocking GC Explicit
08-06 11:36:44.671 15100 15112 I art     : Explicit concurrent mark sweep GC freed 1364(80KB) AllocSpace objects, 1(20KB) LOS objects, 40% free, 23MB/39MB, paused 164us total 20.822ms
08-06 11:36:44.681 15100 15112 I art     : Starting a blocking GC Explicit
08-06 11:36:44.697 15100 15112 I art     : Explicit concurrent mark sweep GC freed 23(752B) AllocSpace objects, 0(0B) LOS objects, 40% free, 23MB/39MB, paused 165us total 15.593ms
08-06 11:36:44.704 15100 15112 I art     : Starting a blocking GC Explicit
08-06 11:36:44.718 15100 15112 I art     : Explicit concurrent mark sweep GC freed 3(96B) AllocSpace objects, 0(0B) LOS objects, 40% free, 23MB/39MB, paused 133us total 14.726ms
08-06 11:36:44.725 15100 15112 I art     : Starting a blocking GC Explicit
08-06 11:36:44.739 15100 15112 I art     : Explicit concurrent mark sweep GC freed 3(96B) AllocSpace objects, 0(0B) LOS objects, 40% free, 23MB/39MB, paused 140us total 14.248ms
08-06 11:36:44.745 15100 15112 I art     : Starting a blocking GC Explicit
08-06 11:36:44.759 15100 15112 I art     : Explicit concurrent mark sweep GC freed 3(96B) AllocSpace objects, 0(0B) LOS objects, 40% free, 23MB/39MB, paused 137us total 13.336ms
08-06 11:36:45.008 15100 15113 I art     : Starting a blocking GC Explicit
08-06 11:36:45.012 15462 15462 D AndroidRuntime: >>>>>> START com.android.internal.os.RuntimeInit uid 2000 <<<<<<
08-06 11:36:45.017 15462 15462 D AndroidRuntime: CheckJNI is OFF
08-06 11:36:45.024 15100 15113 I art     : Explicit concurrent mark sweep GC freed 1391(80KB) AllocSpace objects, 1(20KB) LOS objects, 40% free, 23MB/39MB, paused 165us total 15.313ms
08-06 11:36:45.030 15100 15113 I art     : Starting a blocking GC Explicit
08-06 11:36:45.046 15100 15113 I art     : Explicit concurrent mark sweep GC freed 23(752B) AllocSpace objects, 0(0B) LOS objects, 40% free, 23MB/39MB, paused 157us total 15.075ms
08-06 11:36:45.046 15462 15462 D ICU     : No timezone override file found: /data/misc/zoneinfo/current/icu/icu_tzdata.dat
08-06 11:36:45.052 15100 15113 I art     : Starting a blocking GC Explicit
08-06 11:36:45.066 15100 15113 I art     : Explicit concurrent mark sweep GC freed 3(96B) AllocSpace objects, 0(0B) LOS objects, 40% free, 23MB/39MB, paused 163us total 13.979ms
08-06 11:36:45.072 15462 15462 I Radio-JNI: register_android_hardware_Radio DONE
08-06 11:36:45.072 15100 15113 I art     : Starting a blocking GC Explicit
08-06 11:36:45.086 15100 15113 I art     : Explicit concurrent mark sweep GC freed 3(96B) AllocSpace objects, 0(0B) LOS objects, 40% free, 23MB/39MB, paused 152us total 14.080ms
08-06 11:36:45.089 15462 15462 D AndroidRuntime: Calling main entry com.android.commands.input.Input
08-06 11:36:45.090 15462 15462 I Input   : injectMotionEvent: MotionEvent { action=ACTION_DOWN, actionButton=0, id[0]=0, x[0]=400.0, y[0]=997.0, toolType[0]=TOOL_TYPE_UNKNOWN, buttonState=0, metaState=0, flags=0x0, edgeFlags=0x0, pointerCount=1, historySize=0, eventTime=877021503, downTime=877021503, deviceId=0, source=0x1002 }
08-06 11:36:45.093 15100 15113 I art     : Starting a blocking GC Explicit
08-06 11:36:45.094 15462 15462 I Input   : injectMotionEvent: MotionEvent { action=ACTION_UP, actionButton=0, id[0]=0, x[0]=400.0, y[0]=997.0, toolType[0]=TOOL_TYPE_UNKNOWN, buttonState=0, metaState=0, flags=0x0, edgeFlags=0x0, pointerCount=1, historySize=0, eventTime=877021503, downTime=877021503, deviceId=0, source=0x1002 }
08-06 11:36:45.096 15462 15462 D AndroidRuntime: Shutting down VM
08-06 11:36:45.107 15100 15113 I art     : Explicit concurrent mark sweep GC freed 19(800B) AllocSpace objects, 0(0B) LOS objects, 40% free, 23MB/39MB, paused 162us total 13.971ms
08-06 11:36:45.109   512  2967 D audio_hw_primary: out_set_parameters: enter: usecase(1: low-latency-playback) kvpairs: routing=2
08-06 11:36:45.122   512  2967 D audio_hw_primary: select_devices: out_snd_device(2: speaker) in_snd_device(0: none)
08-06 11:36:45.122   512  2967 D msm8974_platform: platform_send_audio_calibration: sending audio calibration for snd_device(2) acdb_id(15)
08-06 11:36:45.122   512  2967 I soundtrigger: audio_extn_sound_trigger_update_device_status: device 0x2 of type 0 for Event 1
08-06 11:36:45.133   512  2967 D audio_hw_primary: enable_snd_device: snd_device(2: speaker)
08-06 11:36:45.135   512  2967 D audio_hw_primary: enable_audio_route: apply and update mixer path: low-latency-playback speaker
08-06 11:36:45.196 13866 13866 I GoogleInputMethodServic: GoogleInputMethodService.onFinishInput():3138 
08-06 11:36:45.197 13866 13866 I GoogleInputMethodServic: GoogleInputMethodService.onStartInput():1808 
08-06 11:36:45.320 15100 15220 I art     : Starting a blocking GC Explicit
08-06 11:36:45.339 15100 15220 I art     : Explicit concurrent mark sweep GC freed 2947(187KB) AllocSpace objects, 2(40KB) LOS objects, 40% free, 23MB/39MB, paused 166us total 18.434ms
08-06 11:36:45.346 15100 15220 I art     : Starting a blocking GC Explicit
08-06 11:36:45.361 15100 15220 I art     : Explicit concurrent mark sweep GC freed 178(8KB) AllocSpace objects, 0(0B) LOS objects, 40% free, 23MB/39MB, paused 159us total 14.676ms
08-06 11:36:45.367 15100 15220 I art     : Starting a blocking GC Explicit
08-06 11:36:45.382 15100 15220 I art     : Explicit concurrent mark sweep GC freed 3(96B) AllocSpace objects, 0(0B) LOS objects, 40% free, 23MB/39MB, paused 149us total 14.776ms
08-06 11:36:45.388 15100 15220 I art     : Starting a blocking GC Explicit
08-06 11:36:45.403 15100 15220 I art     : Explicit concurrent mark sweep GC freed 3(96B) AllocSpace objects, 0(0B) LOS objects, 40% free, 23MB/39MB, paused 141us total 14.585ms
08-06 11:36:45.409 15100 15220 I art     : Starting a blocking GC Explicit
08-06 11:36:45.424 15100 15220 I art     : Explicit concurrent mark sweep GC freed 3(96B) AllocSpace objects, 0(0B) LOS objects, 40% free, 23MB/39MB, paused 142us total 14.696ms
08-06 11:36:45.641 15100 15112 I art     : Starting a blocking GC Explicit
08-06 11:36:45.657 15496 15496 D AndroidRuntime: >>>>>> START com.android.internal.os.RuntimeInit uid 2000 <<<<<<
08-06 11:36:45.658 15100 15112 I art     : Explicit concurrent mark sweep GC freed 1365(80KB) AllocSpace objects, 1(20KB) LOS objects, 40% free, 23MB/39MB, paused 167us total 16.683ms
08-06 11:36:45.662 15496 15496 D AndroidRuntime: CheckJNI is OFF
08-06 11:36:45.665 15100 15112 I art     : Starting a blocking GC Explicit
08-06 11:36:45.679   512  2967 D audio_hw_primary: disable_audio_route: reset and update mixer path: low-latency-playback speaker
08-06 11:36:45.680   512  2967 D audio_hw_primary: disable_snd_device: snd_device(2: speaker)
08-06 11:36:45.681 15100 15112 I art     : Explicit concurrent mark sweep GC freed 23(752B) AllocSpace objects, 0(0B) LOS objects, 40% free, 23MB/39MB, paused 137us total 16.058ms
08-06 11:36:45.687 15100 15112 I art     : Starting a blocking GC Explicit
08-06 11:36:45.687   512  2967 I soundtrigger: audio_extn_sound_trigger_update_device_status: device 0x2 of type 0 for Event 0
08-06 11:36:45.690 15496 15496 D ICU     : No timezone override file found: /data/misc/zoneinfo/current/icu/icu_tzdata.dat
08-06 11:36:45.701 15100 15112 I art     : Explicit concurrent mark sweep GC freed 3(96B) AllocSpace objects, 0(0B) LOS objects, 40% free, 23MB/39MB, paused 148us total 14.447ms
08-06 11:36:45.707 15100 15112 I art     : Starting a blocking GC Explicit
08-06 11:36:45.714 15496 15496 I Radio-JNI: register_android_hardware_Radio DONE
08-06 11:36:45.722 15100 15112 I art     : Explicit concurrent mark sweep GC freed 3(96B) AllocSpace objects, 0(0B) LOS objects, 40% free, 23MB/39MB, paused 133us total 14.450ms
08-06 11:36:45.728 15100 15112 I art     : Starting a blocking GC Explicit
08-06 11:36:45.730 15496 15496 D AndroidRuntime: Calling main entry com.android.commands.input.Input
08-06 11:36:45.731 15496 15496 I Input   : injectMotionEvent: MotionEvent { action=ACTION_DOWN, actionButton=0, id[0]=0, x[0]=697.0, y[0]=656.0, toolType[0]=TOOL_TYPE_UNKNOWN, buttonState=0, metaState=0, flags=0x0, edgeFlags=0x0, pointerCount=1, historySize=0, eventTime=877022144, downTime=877022144, deviceId=0, source=0x1002 }
08-06 11:36:45.735 15496 15496 I Input   : injectMotionEvent: MotionEvent { action=ACTION_UP, actionButton=0, id[0]=0, x[0]=697.0, y[0]=656.0, toolType[0]=TOOL_TYPE_UNKNOWN, buttonState=0, metaState=0, flags=0x0, edgeFlags=0x0, pointerCount=1, historySize=0, eventTime=877022144, downTime=877022144, deviceId=0, source=0x1002 }
08-06 11:36:45.737 15496 15496 D AndroidRuntime: Shutting down VM
08-06 11:36:45.742 15100 15112 I art     : Explicit concurrent mark sweep GC freed 16(512B) AllocSpace objects, 0(0B) LOS objects, 40% free, 23MB/39MB, paused 245us total 14.181ms
08-06 11:36:45.745   512  2967 D audio_hw_primary: out_set_parameters: enter: usecase(1: low-latency-playback) kvpairs: routing=2
08-06 11:36:45.758   512  2967 D audio_hw_primary: select_devices: out_snd_device(2: speaker) in_snd_device(0: none)
08-06 11:36:45.758   512  2967 D msm8974_platform: platform_send_audio_calibration: sending audio calibration for snd_device(2) acdb_id(15)
08-06 11:36:45.758   512  2967 I soundtrigger: audio_extn_sound_trigger_update_device_status: device 0x2 of type 0 for Event 1
08-06 11:36:45.769   512  2967 D audio_hw_primary: enable_snd_device: snd_device(2: speaker)
08-06 11:36:45.771   512  2967 D audio_hw_primary: enable_audio_route: apply and update mixer path: low-latency-playback speaker
08-06 11:36:45.811   512  2967 D AudioFlinger: mixer(0xf4740000) throttle end: throttle time(12)
08-06 11:36:45.813 13866 13866 I GoogleInputMethodServic: GoogleInputMethodService.onFinishInput():3138 
08-06 11:36:45.814 13866 13866 I GoogleInputMethodServic: GoogleInputMethodService.onStartInput():1808 
08-06 11:36:45.999 15100 15220 I art     : Starting a blocking GC Explicit
08-06 11:36:46.020 15100 15220 I art     : Explicit concurrent mark sweep GC freed 2454(195KB) AllocSpace objects, 1(20KB) LOS objects, 40% free, 23MB/39MB, paused 157us total 20.745ms
08-06 11:36:46.030 15100 15220 I art     : Starting a blocking GC Explicit
08-06 11:36:46.043 29532 29532 W PathParser: Points are too far apart 4.030360828967057
08-06 11:36:46.044 29532 29532 W PathParser: Points are too far apart 4.030360538880159
08-06 11:36:46.048 15100 15220 I art     : Explicit concurrent mark sweep GC freed 165(7KB) AllocSpace objects, 0(0B) LOS objects, 40% free, 23MB/39MB, paused 148us total 17.216ms
08-06 11:36:46.054 15100 15220 I art     : Starting a blocking GC Explicit
08-06 11:36:46.059 29532 29532 W PathParser: Points are too far apart 4.030360828967057
08-06 11:36:46.059 29532 29532 W PathParser: Points are too far apart 4.030360538880159
08-06 11:36:46.071 15100 15220 I art     : Explicit concurrent mark sweep GC freed 3(96B) AllocSpace objects, 0(0B) LOS objects, 40% free, 23MB/39MB, paused 154us total 16.758ms
08-06 11:36:46.075 29532 29532 W PathParser: Points are too far apart 4.030360828967057
08-06 11:36:46.075 29532 29532 W PathParser: Points are too far apart 4.030360538880159
08-06 11:36:46.078 15100 15220 I art     : Starting a blocking GC Explicit
08-06 11:36:46.091 29532 29532 W PathParser: Points are too far apart 4.030360828967057
08-06 11:36:46.092 29532 29532 W PathParser: Points are too far apart 4.030360538880159
08-06 11:36:46.093 15100 15220 I art     : Explicit concurrent mark sweep GC freed 3(96B) AllocSpace objects, 0(0B) LOS objects, 40% free, 23MB/39MB, paused 134us total 14.806ms
08-06 11:36:46.099 15100 15220 I art     : Starting a blocking GC Explicit
08-06 11:36:46.109 29532 29532 W PathParser: Points are too far apart 4.030360828967057
08-06 11:36:46.109 29532 29532 W PathParser: Points are too far apart 4.030360538880159
08-06 11:36:46.114 15100 15220 I art     : Explicit concurrent mark sweep GC freed 3(96B) AllocSpace objects, 0(0B) LOS objects, 40% free, 23MB/39MB, paused 140us total 15.489ms
08-06 11:36:46.126 29532 29532 W PathParser: Points are too far apart 4.030360828967057
08-06 11:36:46.126 29532 29532 W PathParser: Points are too far apart 4.030360538880159
08-06 11:36:46.142 29532 29532 W PathParser: Points are too far apart 4.030360828967057
08-06 11:36:46.142 29532 29532 W PathParser: Points are too far apart 4.030360538880159
08-06 11:36:46.292 15529 15529 D AndroidRuntime: >>>>>> START com.android.internal.os.RuntimeInit uid 2000 <<<<<<
08-06 11:36:46.298 15529 15529 D AndroidRuntime: CheckJNI is OFF
08-06 11:36:46.299   512  2967 D audio_hw_primary: disable_audio_route: reset and update mixer path: low-latency-playback speaker
08-06 11:36:46.300   512  2967 D audio_hw_primary: disable_snd_device: snd_device(2: speaker)
08-06 11:36:46.308   512  2967 I soundtrigger: audio_extn_sound_trigger_update_device_status: device 0x2 of type 0 for Event 0
08-06 11:36:46.326 15529 15529 D ICU     : No timezone override file found: /data/misc/zoneinfo/current/icu/icu_tzdata.dat
08-06 11:36:46.354 15529 15529 I Radio-JNI: register_android_hardware_Radio DONE
08-06 11:36:46.369 15100 15112 I art     : Starting a blocking GC Explicit
08-06 11:36:46.371 15529 15529 D AndroidRuntime: Calling main entry com.android.commands.input.Input
08-06 11:36:46.373 15529 15529 I Input   : injectMotionEvent: MotionEvent { action=ACTION_DOWN, actionButton=0, id[0]=0, x[0]=256.0, y[0]=1589.0, toolType[0]=TOOL_TYPE_UNKNOWN, buttonState=0, metaState=0, flags=0x0, edgeFlags=0x0, pointerCount=1, historySize=0, eventTime=877022786, downTime=877022786, deviceId=0, source=0x1002 }
08-06 11:36:46.378 15529 15529 I Input   : injectMotionEvent: MotionEvent { action=ACTION_UP, actionButton=0, id[0]=0, x[0]=256.0, y[0]=1589.0, toolType[0]=TOOL_TYPE_UNKNOWN, buttonState=0, metaState=0, flags=0x0, edgeFlags=0x0, pointerCount=1, historySize=0, eventTime=877022786, downTime=877022786, deviceId=0, source=0x1002 }
08-06 11:36:46.379 15529 15529 D AndroidRuntime: Shutting down VM
08-06 11:36:46.386 15100 15112 I art     : Explicit concurrent mark sweep GC freed 1370(80KB) AllocSpace objects, 1(20KB) LOS objects, 40% free, 23MB/39MB, paused 147us total 17.079ms
08-06 11:36:46.394 15100 15112 I art     : Starting a blocking GC Explicit
08-06 11:36:46.397 15100 15100 D UserPreferences: timeOfDay: []
08-06 11:36:46.397 15100 15100 D AutoUpdateManager: Restarting update alarm.
08-06 11:36:46.399   512  2967 D audio_hw_primary: out_set_parameters: enter: usecase(1: low-latency-playback) kvpairs: routing=2
08-06 11:36:46.399 15100 15100 D AutoUpdateManager: Automatic update was deactivated
08-06 11:36:46.412   512  2967 D audio_hw_primary: select_devices: out_snd_device(2: speaker) in_snd_device(0: none)
08-06 11:36:46.412   512  2967 D msm8974_platform: platform_send_audio_calibration: sending audio calibration for snd_device(2) acdb_id(15)
08-06 11:36:46.413   512  2967 I soundtrigger: audio_extn_sound_trigger_update_device_status: device 0x2 of type 0 for Event 1
08-06 11:36:46.415 15100 15112 I art     : Explicit concurrent mark sweep GC freed 193(21KB) AllocSpace objects, 1(20KB) LOS objects, 40% free, 23MB/39MB, paused 277us total 20.236ms
08-06 11:36:46.421 13866 13866 I GoogleInputMethodServic: GoogleInputMethodService.onFinishInput():3138 
08-06 11:36:46.422 13866 13866 I GoogleInputMethodServic: GoogleInputMethodService.onStartInput():1808 
08-06 11:36:46.425 15100 15112 I art     : Starting a blocking GC Explicit
08-06 11:36:46.426   512  2967 D audio_hw_primary: enable_snd_device: snd_device(2: speaker)
08-06 11:36:46.428   512  2967 D audio_hw_primary: enable_audio_route: apply and update mixer path: low-latency-playback speaker
08-06 11:36:46.440 15100 15112 I art     : Explicit concurrent mark sweep GC freed 178(7KB) AllocSpace objects, 0(0B) LOS objects, 40% free, 23MB/39MB, paused 170us total 14.610ms
08-06 11:36:46.442 29532 29532 W PathParser: Points are too far apart 4.030360828967057
08-06 11:36:46.443 29532 29532 W PathParser: Points are too far apart 4.030360538880159
08-06 11:36:46.447 15100 15112 I art     : Starting a blocking GC Explicit
08-06 11:36:46.458 29532 29532 W PathParser: Points are too far apart 4.030360828967057
08-06 11:36:46.459 29532 29532 W PathParser: Points are too far apart 4.030360538880159
08-06 11:36:46.462 15100 15112 I art     : Explicit concurrent mark sweep GC freed 24(880B) AllocSpace objects, 0(0B) LOS objects, 40% free, 23MB/39MB, paused 130us total 15.302ms
08-06 11:36:46.469   512  2967 D AudioFlinger: mixer(0xf4740000) throttle end: throttle time(12)
08-06 11:36:46.469 15100 15112 I art     : Starting a blocking GC Explicit
08-06 11:36:46.475 29532 29532 W PathParser: Points are too far apart 4.030360828967057
08-06 11:36:46.475 29532 29532 W PathParser: Points are too far apart 4.030360538880159
08-06 11:36:46.484 15100 15112 I art     : Explicit concurrent mark sweep GC freed 3(96B) AllocSpace objects, 0(0B) LOS objects, 40% free, 23MB/39MB, paused 132us total 14.470ms
08-06 11:36:46.492 29532 29532 W PathParser: Points are too far apart 4.030360828967057
08-06 11:36:46.492 29532 29532 W PathParser: Points are too far apart 4.030360538880159
08-06 11:36:46.508 29532 29532 W PathParser: Points are too far apart 4.030360828967057
08-06 11:36:46.509 29532 29532 W PathParser: Points are too far apart 4.030360538880159
08-06 11:36:46.525 29532 29532 W PathParser: Points are too far apart 4.030360828967057
08-06 11:36:46.526 29532 29532 W PathParser: Points are too far apart 4.030360538880159
08-06 11:36:46.542 29532 29532 W PathParser: Points are too far apart 4.030360828967057
08-06 11:36:46.543 29532 29532 W PathParser: Points are too far apart 4.030360538880159
08-06 11:36:46.560 29532 29532 W PathParser: Points are too far apart 4.030360828967057
08-06 11:36:46.560 29532 29532 W PathParser: Points are too far apart 4.030360538880159
08-06 11:36:46.609   380   380 W SurfaceFlinger: couldn't log to binary event log: overflow.
08-06 11:36:46.721 15100 15112 I art     : Starting a blocking GC Explicit
08-06 11:36:46.739 15100 15112 I art     : Explicit concurrent mark sweep GC freed 1368(80KB) AllocSpace objects, 1(20KB) LOS objects, 40% free, 23MB/39MB, paused 166us total 17.656ms
08-06 11:36:46.746 15100 15112 I art     : Starting a blocking GC Explicit
08-06 11:36:46.763 15100 15112 I art     : Explicit concurrent mark sweep GC freed 99(4KB) AllocSpace objects, 0(0B) LOS objects, 40% free, 23MB/39MB, paused 151us total 16.431ms
08-06 11:36:46.770 15100 15112 I art     : Starting a blocking GC Explicit
08-06 11:36:46.788 15100 15112 I art     : Explicit concurrent mark sweep GC freed 36(1152B) AllocSpace objects, 0(0B) LOS objects, 40% free, 23MB/39MB, paused 153us total 17.511ms
08-06 11:36:46.794 15100 15112 I art     : Starting a blocking GC Explicit
08-06 11:36:46.811 15100 15112 I art     : Explicit concurrent mark sweep GC freed 60(1920B) AllocSpace objects, 0(0B) LOS objects, 40% free, 23MB/39MB, paused 243us total 15.956ms
08-06 11:36:46.817 15100 15112 I art     : Starting a blocking GC Explicit
08-06 11:36:46.834 15100 15112 I art     : Explicit concurrent mark sweep GC freed 42(1344B) AllocSpace objects, 0(0B) LOS objects, 40% free, 23MB/39MB, paused 244us total 16.318ms
08-06 11:36:46.949 15550 15550 D AndroidRuntime: >>>>>> START com.android.internal.os.RuntimeInit uid 2000 <<<<<<
08-06 11:36:46.954 15550 15550 D AndroidRuntime: CheckJNI is OFF
08-06 11:36:46.960   512  2967 D audio_hw_primary: disable_audio_route: reset and update mixer path: low-latency-playback speaker
08-06 11:36:46.962   512  2967 D audio_hw_primary: disable_snd_device: snd_device(2: speaker)
08-06 11:36:46.970   512  2967 I soundtrigger: audio_extn_sound_trigger_update_device_status: device 0x2 of type 0 for Event 0
08-06 11:36:46.978 15550 15550 D ICU     : No timezone override file found: /data/misc/zoneinfo/current/icu/icu_tzdata.dat
08-06 11:36:47.004 15550 15550 I Radio-JNI: register_android_hardware_Radio DONE
08-06 11:36:47.019 15550 15550 D AndroidRuntime: Calling main entry com.android.commands.input.Input
08-06 11:36:47.020 15550 15550 I Input   : injectKeyEvent: KeyEvent { action=ACTION_DOWN, keyCode=KEYCODE_BACK, scanCode=0, metaState=0, flags=0x0, repeatCount=0, eventTime=877023433, downTime=877023433, deviceId=-1, source=0x101 }
08-06 11:36:47.024 15550 15550 I Input   : injectKeyEvent: KeyEvent { action=ACTION_UP, keyCode=KEYCODE_BACK, scanCode=0, metaState=0, flags=0x0, repeatCount=0, eventTime=877023433, downTime=877023433, deviceId=-1, source=0x101 }
08-06 11:36:47.032 15550 15550 D AndroidRuntime: Shutting down VM
08-06 11:36:47.077 15100 15113 I art     : Starting a blocking GC Explicit
08-06 11:36:47.083 13866 13866 I GoogleInputMethodServic: GoogleInputMethodService.onFinishInput():3138 
08-06 11:36:47.084 13866 13866 I GoogleInputMethodServic: GoogleInputMethodService.onStartInput():1808 
08-06 11:36:47.097 15100 15113 I art     : Explicit concurrent mark sweep GC freed 2998(149KB) AllocSpace objects, 1(20KB) LOS objects, 39% free, 24MB/40MB, paused 200us total 19.740ms
08-06 11:36:47.105 15100 15113 I art     : Starting a blocking GC Explicit
08-06 11:36:47.121 15100 15113 I art     : Explicit concurrent mark sweep GC freed 8416(532KB) AllocSpace objects, 0(0B) LOS objects, 40% free, 23MB/39MB, paused 183us total 15.655ms
08-06 11:36:47.128 15100 15113 I art     : Starting a blocking GC Explicit
08-06 11:36:47.143 15100 15113 I art     : Explicit concurrent mark sweep GC freed 8(336B) AllocSpace objects, 0(0B) LOS objects, 40% free, 23MB/39MB, paused 168us total 15.031ms
08-06 11:36:47.150 15100 15113 I art     : Starting a blocking GC Explicit
08-06 11:36:47.165 15100 15113 I art     : Explicit concurrent mark sweep GC freed 3(96B) AllocSpace objects, 0(0B) LOS objects, 40% free, 23MB/39MB, paused 192us total 15.490ms
08-06 11:36:47.172 15100 15113 I art     : Starting a blocking GC Explicit
08-06 11:36:47.188 15100 15113 I art     : Explicit concurrent mark sweep GC freed 3(96B) AllocSpace objects, 0(0B) LOS objects, 40% free, 23MB/39MB, paused 204us total 15.888ms
08-06 11:36:47.457 15100 15112 I art     : Starting a blocking GC Explicit
08-06 11:36:47.479 15100 15112 I art     : Explicit concurrent mark sweep GC freed 1466(85KB) AllocSpace objects, 1(20KB) LOS objects, 40% free, 23MB/39MB, paused 176us total 21.389ms
08-06 11:36:47.489 15100 15112 I art     : Starting a blocking GC Explicit
08-06 11:36:47.506 15100 15112 I art     : Explicit concurrent mark sweep GC freed 889(56KB) AllocSpace objects, 1(48KB) LOS objects, 40% free, 23MB/39MB, paused 160us total 16.442ms
08-06 11:36:47.513 15100 15112 I art     : Starting a blocking GC Explicit
08-06 11:36:47.529 15100 15112 I art     : Explicit concurrent mark sweep GC freed 3(96B) AllocSpace objects, 0(0B) LOS objects, 40% free, 23MB/39MB, paused 149us total 15.799ms
08-06 11:36:47.536 15100 15112 I art     : Starting a blocking GC Explicit
08-06 11:36:47.552 15100 15112 I art     : Explicit concurrent mark sweep GC freed 3(96B) AllocSpace objects, 0(0B) LOS objects, 40% free, 23MB/39MB, paused 155us total 15.558ms
08-06 11:36:47.559 15100 15112 I art     : Starting a blocking GC Explicit
08-06 11:36:47.573 15100 15112 I art     : Explicit concurrent mark sweep GC freed 3(96B) AllocSpace objects, 0(0B) LOS objects, 40% free, 23MB/39MB, paused 148us total 14.733ms
08-06 11:36:47.841 15100 15220 I art     : Starting a blocking GC Explicit
08-06 11:36:47.863 15100 15220 I art     : Explicit concurrent mark sweep GC freed 1365(80KB) AllocSpace objects, 1(20KB) LOS objects, 40% free, 23MB/39MB, paused 176us total 21.678ms
08-06 11:36:47.872 15100 15220 I art     : Starting a blocking GC Explicit
08-06 11:36:47.887 15100 15220 I art     : Explicit concurrent mark sweep GC freed 23(752B) AllocSpace objects, 0(0B) LOS objects, 40% free, 23MB/39MB, paused 149us total 15.433ms
08-06 11:36:47.895 15100 15220 I art     : Starting a blocking GC Explicit
08-06 11:36:47.910 15100 15220 I art     : Explicit concurrent mark sweep GC freed 3(96B) AllocSpace objects, 0(0B) LOS objects, 40% free, 23MB/39MB, paused 141us total 14.769ms
08-06 11:36:47.916 15100 15220 I art     : Starting a blocking GC Explicit
08-06 11:36:47.931 15100 15220 I art     : Explicit concurrent mark sweep GC freed 3(96B) AllocSpace objects, 0(0B) LOS objects, 40% free, 23MB/39MB, paused 140us total 14.537ms
08-06 11:36:47.937 15100 15220 I art     : Starting a blocking GC Explicit
08-06 11:36:47.952 15100 15220 I art     : Explicit concurrent mark sweep GC freed 3(96B) AllocSpace objects, 0(0B) LOS objects, 40% free, 23MB/39MB, paused 145us total 14.602ms
08-06 11:36:48.232 15100 15113 I art     : Starting a blocking GC Explicit
08-06 11:36:48.255 15100 15113 I art     : Explicit concurrent mark sweep GC freed 1392(80KB) AllocSpace objects, 1(20KB) LOS objects, 40% free, 23MB/39MB, paused 186us total 22.466ms
08-06 11:36:48.268 15100 15113 I art     : Starting a blocking GC Explicit
08-06 11:36:48.286 15100 15113 I art     : Explicit concurrent mark sweep GC freed 23(752B) AllocSpace objects, 0(0B) LOS objects, 40% free, 23MB/39MB, paused 165us total 17.281ms
08-06 11:36:48.292 15100 15113 I art     : Starting a blocking GC Explicit
08-06 11:36:48.306 15100 15113 I art     : Explicit concurrent mark sweep GC freed 3(96B) AllocSpace objects, 0(0B) LOS objects, 40% free, 23MB/39MB, paused 152us total 14.032ms
08-06 11:36:48.312 15100 15113 I art     : Starting a blocking GC Explicit
08-06 11:36:48.326 15100 15113 I art     : Explicit concurrent mark sweep GC freed 3(96B) AllocSpace objects, 0(0B) LOS objects, 40% free, 23MB/39MB, paused 148us total 13.939ms
08-06 11:36:48.333 15100 15113 I art     : Starting a blocking GC Explicit
08-06 11:36:48.347 15100 15113 I art     : Explicit concurrent mark sweep GC freed 3(96B) AllocSpace objects, 0(0B) LOS objects, 40% free, 23MB/39MB, paused 187us total 13.927ms
08-06 11:36:48.576 15613 15613 D AndroidRuntime: >>>>>> START com.android.internal.os.RuntimeInit uid 2000 <<<<<<
08-06 11:36:48.581 15613 15613 D AndroidRuntime: CheckJNI is OFF
08-06 11:36:48.588 15100 15112 I art     : Starting a blocking GC Explicit
08-06 11:36:48.603 15100 15112 I art     : Explicit concurrent mark sweep GC freed 1365(80KB) AllocSpace objects, 1(20KB) LOS objects, 40% free, 23MB/39MB, paused 156us total 15.188ms
08-06 11:36:48.610 15100 15112 I art     : Starting a blocking GC Explicit
08-06 11:36:48.610 15613 15613 D ICU     : No timezone override file found: /data/misc/zoneinfo/current/icu/icu_tzdata.dat
08-06 11:36:48.625 15100 15112 I art     : Explicit concurrent mark sweep GC freed 23(752B) AllocSpace objects, 0(0B) LOS objects, 40% free, 23MB/39MB, paused 133us total 14.787ms
08-06 11:36:48.631 15100 15112 I art     : Starting a blocking GC Explicit
08-06 11:36:48.635 15613 15613 I Radio-JNI: register_android_hardware_Radio DONE
08-06 11:36:48.645 15100 15112 I art     : Explicit concurrent mark sweep GC freed 3(96B) AllocSpace objects, 0(0B) LOS objects, 40% free, 23MB/39MB, paused 300us total 13.575ms
08-06 11:36:48.650 15100 15112 I art     : Starting a blocking GC Explicit
08-06 11:36:48.651 15613 15613 D AndroidRuntime: Calling main entry com.android.commands.input.Input
08-06 11:36:48.652 15613 15613 I Input   : injectKeyEvent: KeyEvent { action=ACTION_DOWN, keyCode=KEYCODE_BACK, scanCode=0, metaState=0, flags=0x0, repeatCount=0, eventTime=877025065, downTime=877025065, deviceId=-1, source=0x101 }
08-06 11:36:48.658 15613 15613 I Input   : injectKeyEvent: KeyEvent { action=ACTION_UP, keyCode=KEYCODE_BACK, scanCode=0, metaState=0, flags=0x0, repeatCount=0, eventTime=877025065, downTime=877025065, deviceId=-1, source=0x101 }
08-06 11:36:48.662 15613 15613 D AndroidRuntime: Shutting down VM
08-06 11:36:48.666 15100 15112 I art     : Explicit concurrent mark sweep GC freed 49(2528B) AllocSpace objects, 0(0B) LOS objects, 40% free, 23MB/39MB, paused 248us total 15.258ms
08-06 11:36:48.672 15100 15112 I art     : Starting a blocking GC Explicit
08-06 11:36:48.680 15100 15100 D QueueFragment: loadItems()
08-06 11:36:48.681 15100 15124 D DBReader: getQueue() called
08-06 11:36:48.681 15100 15124 D DBReader: getQueue()
08-06 11:36:48.681 15100 15100 V PlaybackController: initServiceNotRunning()
08-06 11:36:48.681 15100 15100 D ExternalPlayerFragment: Loading media info
08-06 11:36:48.681 15100 15100 D UserPreferences: Using default data folder
08-06 11:36:48.681 15100 15124 D DBReader: getFavoriteIDList() called
08-06 11:36:48.682 15100 15124 D DBReader: getQueueIDList() called
08-06 11:36:48.682 15100 15124 D DBReader: Extracting Feedlist
08-06 11:36:48.684 15100 15120 D DBReader: getNavDrawerData() called with: 
08-06 11:36:48.687 15100 15112 I art     : Explicit concurrent mark sweep GC freed 418(35KB) AllocSpace objects, 0(0B) LOS objects, 40% free, 23MB/39MB, paused 292us total 14.269ms
08-06 11:36:48.687 15100 15120 D DBReader: getDownloadedItems() called
08-06 11:36:48.687 15100 15120 D DBReader: getFavoriteIDList() called
08-06 11:36:48.688 15100 15120 D DBReader: getQueueIDList() called
08-06 11:36:48.688 15100 15120 D DBReader: Extracting Feedlist
08-06 11:36:48.735 15100 15100 D MainActivity: getLastNavFragment() -> QueueFragment
08-06 11:36:48.766 13866 13866 I GoogleInputMethodServic: GoogleInputMethodService.onFinishInput():3138 
08-06 11:36:48.767 13866 13866 I GoogleInputMethodServic: GoogleInputMethodService.onStartInput():1808 
08-06 11:36:48.936 15100 15220 I art     : Starting a blocking GC Explicit
08-06 11:36:48.955 15100 15220 I art     : Explicit concurrent mark sweep GC freed 3016(170KB) AllocSpace objects, 1(20KB) LOS objects, 40% free, 23MB/39MB, paused 155us total 18.868ms
08-06 11:36:48.962 15100 15220 I art     : Starting a blocking GC Explicit
08-06 11:36:48.980 15100 15220 I art     : Explicit concurrent mark sweep GC freed 1332(83KB) AllocSpace objects, 0(0B) LOS objects, 40% free, 23MB/39MB, paused 155us total 17.770ms
08-06 11:36:48.991 15100 15220 I art     : Starting a blocking GC Explicit
08-06 11:36:49.009 15100 15220 I art     : Explicit concurrent mark sweep GC freed 3(96B) AllocSpace objects, 0(0B) LOS objects, 40% free, 23MB/39MB, paused 165us total 17.557ms
08-06 11:36:49.016 15100 15220 I art     : Starting a blocking GC Explicit
08-06 11:36:49.028   380   380 W SurfaceFlinger: couldn't log to binary event log: overflow.
08-06 11:36:49.031 15100 15220 I art     : Explicit concurrent mark sweep GC freed 434(18KB) AllocSpace objects, 0(0B) LOS objects, 40% free, 23MB/39MB, paused 289us total 15.264ms
08-06 11:36:49.038 15100 15220 I art     : Starting a blocking GC Explicit
08-06 11:36:49.053 15100 15220 I art     : Explicit concurrent mark sweep GC freed 112(4KB) AllocSpace objects, 0(0B) LOS objects, 40% free, 23MB/39MB, paused 158us total 15.511ms
08-06 11:36:49.333 15100 15220 I art     : Starting a blocking GC Explicit
08-06 11:36:49.356 15100 15220 I art     : Explicit concurrent mark sweep GC freed 7591(472KB) AllocSpace objects, 12(328KB) LOS objects, 40% free, 22MB/38MB, paused 233us total 21.845ms
08-06 11:36:49.366 15100 15220 I art     : Starting a blocking GC Explicit
08-06 11:36:49.380 15100 15220 I art     : Explicit concurrent mark sweep GC freed 23(752B) AllocSpace objects, 0(0B) LOS objects, 40% free, 22MB/38MB, paused 154us total 13.543ms
08-06 11:36:49.386 15100 15220 I art     : Starting a blocking GC Explicit
08-06 11:36:49.400 15100 15220 I art     : Explicit concurrent mark sweep GC freed 3(96B) AllocSpace objects, 0(0B) LOS objects, 40% free, 22MB/38MB, paused 169us total 13.011ms
08-06 11:36:49.406 15100 15220 I art     : Starting a blocking GC Explicit
08-06 11:36:49.419 15100 15220 I art     : Explicit concurrent mark sweep GC freed 3(96B) AllocSpace objects, 0(0B) LOS objects, 40% free, 22MB/38MB, paused 153us total 12.923ms
08-06 11:36:49.425 15100 15220 I art     : Starting a blocking GC Explicit
08-06 11:36:49.438 15100 15220 I art     : Explicit concurrent mark sweep GC freed 3(96B) AllocSpace objects, 0(0B) LOS objects, 40% free, 22MB/38MB, paused 154us total 13.103ms
08-06 11:36:49.721 15100 15113 I art     : Starting a blocking GC Explicit
08-06 11:36:49.737 15100 15113 I art     : Explicit concurrent mark sweep GC freed 1364(80KB) AllocSpace objects, 1(20KB) LOS objects, 40% free, 22MB/38MB, paused 196us total 16.020ms
08-06 11:36:49.744 15100 15113 I art     : Starting a blocking GC Explicit
08-06 11:36:49.759 15100 15113 I art     : Explicit concurrent mark sweep GC freed 23(752B) AllocSpace objects, 0(0B) LOS objects, 40% free, 22MB/38MB, paused 175us total 14.138ms
08-06 11:36:49.765 15100 15113 I art     : Starting a blocking GC Explicit
08-06 11:36:49.779 15100 15113 I art     : Explicit concurrent mark sweep GC freed 3(96B) AllocSpace objects, 0(0B) LOS objects, 40% free, 22MB/38MB, paused 171us total 13.725ms
08-06 11:36:49.786 15100 15113 I art     : Starting a blocking GC Explicit
08-06 11:36:49.799 15100 15113 I art     : Explicit concurrent mark sweep GC freed 3(96B) AllocSpace objects, 0(0B) LOS objects, 40% free, 22MB/38MB, paused 163us total 12.982ms
08-06 11:36:49.805 15100 15113 I art     : Starting a blocking GC Explicit
08-06 11:36:49.819 15100 15113 I art     : Explicit concurrent mark sweep GC freed 3(96B) AllocSpace objects, 0(0B) LOS objects, 40% free, 22MB/38MB, paused 160us total 13.089ms
08-06 11:36:50.060 15100 15112 I art     : Starting a blocking GC Explicit
08-06 11:36:50.074 15100 15112 I art     : Explicit concurrent mark sweep GC freed 1392(81KB) AllocSpace objects, 1(20KB) LOS objects, 40% free, 22MB/38MB, paused 163us total 13.366ms
08-06 11:36:50.080 15100 15112 I art     : Starting a blocking GC Explicit
08-06 11:36:50.093 15100 15112 I art     : Explicit concurrent mark sweep GC freed 23(752B) AllocSpace objects, 0(0B) LOS objects, 40% free, 22MB/38MB, paused 161us total 12.894ms
08-06 11:36:50.100 15100 15112 I art     : Starting a blocking GC Explicit
08-06 11:36:50.113 15100 15112 I art     : Explicit concurrent mark sweep GC freed 3(96B) AllocSpace objects, 0(0B) LOS objects, 40% free, 22MB/38MB, paused 161us total 12.958ms
08-06 11:36:50.120 15100 15112 I art     : Starting a blocking GC Explicit
08-06 11:36:50.132 15100 15112 I art     : Explicit concurrent mark sweep GC freed 3(96B) AllocSpace objects, 0(0B) LOS objects, 40% free, 22MB/38MB, paused 153us total 12.375ms
08-06 11:36:50.138 15100 15112 I art     : Starting a blocking GC Explicit
08-06 11:36:50.151 15100 15112 I art     : Explicit concurrent mark sweep GC freed 3(96B) AllocSpace objects, 0(0B) LOS objects, 40% free, 22MB/38MB, paused 157us total 12.686ms
08-06 11:36:50.241 15667 15667 D AndroidRuntime: >>>>>> START com.android.internal.os.RuntimeInit uid 2000 <<<<<<
08-06 11:36:50.246 15667 15667 D AndroidRuntime: CheckJNI is OFF
08-06 11:36:50.281 15667 15667 D ICU     : No timezone override file found: /data/misc/zoneinfo/current/icu/icu_tzdata.dat
08-06 11:36:50.307 15667 15667 I Radio-JNI: register_android_hardware_Radio DONE
08-06 11:36:50.323 15667 15667 D AndroidRuntime: Calling main entry com.android.commands.input.Input
08-06 11:36:50.325 15667 15667 I Input   : injectMotionEvent: MotionEvent { action=ACTION_DOWN, actionButton=0, id[0]=0, x[0]=103.0, y[0]=192.0, toolType[0]=TOOL_TYPE_UNKNOWN, buttonState=0, metaState=0, flags=0x0, edgeFlags=0x0, pointerCount=1, historySize=0, eventTime=877026738, downTime=877026738, deviceId=0, source=0x1002 }
08-06 11:36:50.330 15667 15667 I Input   : injectMotionEvent: MotionEvent { action=ACTION_UP, actionButton=0, id[0]=0, x[0]=103.0, y[0]=192.0, toolType[0]=TOOL_TYPE_UNKNOWN, buttonState=0, metaState=0, flags=0x0, edgeFlags=0x0, pointerCount=1, historySize=0, eventTime=877026738, downTime=877026738, deviceId=0, source=0x1002 }
08-06 11:36:50.332 15667 15667 D AndroidRuntime: Shutting down VM
08-06 11:36:50.348   512  2967 D audio_hw_primary: out_set_parameters: enter: usecase(1: low-latency-playback) kvpairs: routing=2
08-06 11:36:50.361   512  2967 D audio_hw_primary: select_devices: out_snd_device(2: speaker) in_snd_device(0: none)
08-06 11:36:50.361   512  2967 D msm8974_platform: platform_send_audio_calibration: sending audio calibration for snd_device(2) acdb_id(15)
08-06 11:36:50.361   512  2967 I soundtrigger: audio_extn_sound_trigger_update_device_status: device 0x2 of type 0 for Event 1
08-06 11:36:50.371   512  2967 D audio_hw_primary: enable_snd_device: snd_device(2: speaker)
08-06 11:36:50.373   512  2967 D audio_hw_primary: enable_audio_route: apply and update mixer path: low-latency-playback speaker
08-06 11:36:50.385 13866 13866 I GoogleInputMethodServic: GoogleInputMethodService.onFinishInput():3138 
08-06 11:36:50.387 13866 13866 I GoogleInputMethodServic: GoogleInputMethodService.onStartInput():1808 
08-06 11:36:50.388 15100 15112 I art     : Starting a blocking GC Explicit
08-06 11:36:50.401 15100 15112 I art     : Explicit concurrent mark sweep GC freed 1493(85KB) AllocSpace objects, 1(20KB) LOS objects, 40% free, 22MB/38MB, paused 181us total 13.089ms
08-06 11:36:50.408 15100 15112 I art     : Starting a blocking GC Explicit
08-06 11:36:50.422 15100 15112 I art     : Explicit concurrent mark sweep GC freed 445(23KB) AllocSpace objects, 0(0B) LOS objects, 40% free, 22MB/38MB, paused 144us total 13.345ms
08-06 11:36:50.428 15100 15112 I art     : Starting a blocking GC Explicit
08-06 11:36:50.441 15100 15112 I art     : Explicit concurrent mark sweep GC freed 7(384B) AllocSpace objects, 0(0B) LOS objects, 40% free, 22MB/38MB, paused 158us total 12.835ms
08-06 11:36:50.447 15100 15112 I art     : Starting a blocking GC Explicit
08-06 11:36:50.460 15100 15112 I art     : Explicit concurrent mark sweep GC freed 3(96B) AllocSpace objects, 0(0B) LOS objects, 40% free, 22MB/38MB, paused 155us total 12.874ms
08-06 11:36:50.466 15100 15112 I art     : Starting a blocking GC Explicit
08-06 11:36:50.479 15100 15112 I art     : Explicit concurrent mark sweep GC freed 3(96B) AllocSpace objects, 0(0B) LOS objects, 40% free, 22MB/38MB, paused 142us total 12.746ms
08-06 11:36:50.752 15100 15112 I art     : Starting a blocking GC Explicit
08-06 11:36:50.769 15100 15112 I art     : Explicit concurrent mark sweep GC freed 1367(81KB) AllocSpace objects, 1(20KB) LOS objects, 40% free, 22MB/38MB, paused 175us total 16.546ms
08-06 11:36:50.777 15100 15112 I art     : Starting a blocking GC Explicit
08-06 11:36:50.792 15100 15112 I art     : Explicit concurrent mark sweep GC freed 33(1072B) AllocSpace objects, 0(0B) LOS objects, 40% free, 22MB/38MB, paused 169us total 14.720ms
08-06 11:36:50.798 15100 15112 I art     : Starting a blocking GC Explicit
08-06 11:36:50.814 15100 15112 I art     : Explicit concurrent mark sweep GC freed 3(96B) AllocSpace objects, 0(0B) LOS objects, 40% free, 22MB/38MB, paused 150us total 15.924ms
08-06 11:36:50.822 15100 15112 I art     : Starting a blocking GC Explicit
08-06 11:36:50.836 15100 15112 I art     : Explicit concurrent mark sweep GC freed 3(96B) AllocSpace objects, 0(0B) LOS objects, 40% free, 22MB/38MB, paused 154us total 13.053ms
08-06 11:36:50.842 15100 15112 I art     : Starting a blocking GC Explicit
08-06 11:36:50.855 15100 15112 I art     : Explicit concurrent mark sweep GC freed 3(96B) AllocSpace objects, 0(0B) LOS objects, 40% free, 22MB/38MB, paused 164us total 12.825ms
08-06 11:36:50.909   512  2967 D audio_hw_primary: disable_audio_route: reset and update mixer path: low-latency-playback speaker
08-06 11:36:50.910   512  2967 D audio_hw_primary: disable_snd_device: snd_device(2: speaker)
08-06 11:36:50.918   512  2967 I soundtrigger: audio_extn_sound_trigger_update_device_status: device 0x2 of type 0 for Event 0
08-06 11:36:51.140 15100 15220 I art     : Starting a blocking GC Explicit
08-06 11:36:51.164 15100 15220 I art     : Explicit concurrent mark sweep GC freed 1392(82KB) AllocSpace objects, 1(20KB) LOS objects, 40% free, 22MB/38MB, paused 237us total 24.117ms
08-06 11:36:51.176 15100 15220 I art     : Starting a blocking GC Explicit
08-06 11:36:51.189 15100 15220 I art     : Explicit concurrent mark sweep GC freed 25(816B) AllocSpace objects, 0(0B) LOS objects, 40% free, 22MB/38MB, paused 152us total 13.268ms
08-06 11:36:51.195 15100 15220 I art     : Starting a blocking GC Explicit
08-06 11:36:51.208 15100 15220 I art     : Explicit concurrent mark sweep GC freed 3(96B) AllocSpace objects, 0(0B) LOS objects, 40% free, 22MB/38MB, paused 155us total 13.037ms
08-06 11:36:51.215 15100 15220 I art     : Starting a blocking GC Explicit
08-06 11:36:51.228 15100 15220 I art     : Explicit concurrent mark sweep GC freed 3(96B) AllocSpace objects, 0(0B) LOS objects, 40% free, 22MB/38MB, paused 146us total 13.004ms
08-06 11:36:51.234 15100 15220 I art     : Starting a blocking GC Explicit
08-06 11:36:51.247 15100 15220 I art     : Explicit concurrent mark sweep GC freed 3(96B) AllocSpace objects, 0(0B) LOS objects, 40% free, 22MB/38MB, paused 149us total 13.049ms
08-06 11:36:51.522 15100 15112 I art     : Starting a blocking GC Explicit
08-06 11:36:51.539 15100 15112 I art     : Explicit concurrent mark sweep GC freed 1362(80KB) AllocSpace objects, 1(20KB) LOS objects, 40% free, 22MB/38MB, paused 184us total 16.890ms
08-06 11:36:51.550 15100 15112 I art     : Starting a blocking GC Explicit
08-06 11:36:51.565 15100 15112 I art     : Explicit concurrent mark sweep GC freed 23(752B) AllocSpace objects, 0(0B) LOS objects, 40% free, 22MB/38MB, paused 142us total 15.506ms
08-06 11:36:51.571 15100 15112 I art     : Starting a blocking GC Explicit
08-06 11:36:51.584 15100 15112 I art     : Explicit concurrent mark sweep GC freed 3(96B) AllocSpace objects, 0(0B) LOS objects, 40% free, 22MB/38MB, paused 150us total 12.414ms
08-06 11:36:51.590 15100 15112 I art     : Starting a blocking GC Explicit
08-06 11:36:51.602 15100 15112 I art     : Explicit concurrent mark sweep GC freed 3(96B) AllocSpace objects, 0(0B) LOS objects, 40% free, 22MB/38MB, paused 167us total 11.643ms
08-06 11:36:51.608 15100 15112 I art     : Starting a blocking GC Explicit
08-06 11:36:51.621 15100 15112 I art     : Explicit concurrent mark sweep GC freed 3(96B) AllocSpace objects, 0(0B) LOS objects, 40% free, 22MB/38MB, paused 153us total 12.191ms
08-06 11:36:51.859 15100 15113 I art     : Starting a blocking GC Explicit
08-06 11:36:51.872 15100 15113 I art     : Explicit concurrent mark sweep GC freed 1362(80KB) AllocSpace objects, 1(20KB) LOS objects, 40% free, 22MB/38MB, paused 203us total 13.596ms
08-06 11:36:51.879 15100 15113 I art     : Starting a blocking GC Explicit
08-06 11:36:51.881 15731 15731 D AndroidRuntime: >>>>>> START com.android.internal.os.RuntimeInit uid 2000 <<<<<<
08-06 11:36:51.886 15731 15731 D AndroidRuntime: CheckJNI is OFF
08-06 11:36:51.893 15100 15113 I art     : Explicit concurrent mark sweep GC freed 23(752B) AllocSpace objects, 0(0B) LOS objects, 40% free, 22MB/38MB, paused 334us total 13.792ms
08-06 11:36:51.899 15100 15113 I art     : Starting a blocking GC Explicit
08-06 11:36:51.911 15100 15113 I art     : Explicit concurrent mark sweep GC freed 3(96B) AllocSpace objects, 0(0B) LOS objects, 40% free, 22MB/38MB, paused 183us total 12.388ms
08-06 11:36:51.914 15731 15731 D ICU     : No timezone override file found: /data/misc/zoneinfo/current/icu/icu_tzdata.dat
08-06 11:36:51.917 15100 15113 I art     : Starting a blocking GC Explicit
08-06 11:36:51.930 15100 15113 I art     : Explicit concurrent mark sweep GC freed 3(96B) AllocSpace objects, 0(0B) LOS objects, 40% free, 22MB/38MB, paused 199us total 12.727ms
08-06 11:36:51.937 15100 15113 I art     : Starting a blocking GC Explicit
08-06 11:36:51.940 15731 15731 I Radio-JNI: register_android_hardware_Radio DONE
08-06 11:36:51.949 15100 15113 I art     : Explicit concurrent mark sweep GC freed 3(96B) AllocSpace objects, 0(0B) LOS objects, 40% free, 22MB/38MB, paused 167us total 12.048ms
08-06 11:36:51.956 15731 15731 D AndroidRuntime: Calling main entry com.android.commands.input.Input
08-06 11:36:51.957 15731 15731 I Input   : injectMotionEvent: MotionEvent { action=ACTION_DOWN, actionButton=0, id[0]=0, x[0]=409.0, y[0]=1034.0, toolType[0]=TOOL_TYPE_UNKNOWN, buttonState=0, metaState=0, flags=0x0, edgeFlags=0x0, pointerCount=1, historySize=0, eventTime=877028370, downTime=877028370, deviceId=0, source=0x1002 }
08-06 11:36:51.963 15731 15731 I Input   : injectMotionEvent: MotionEvent { action=ACTION_UP, actionButton=0, id[0]=0, x[0]=409.0, y[0]=1034.0, toolType[0]=TOOL_TYPE_UNKNOWN, buttonState=0, metaState=0, flags=0x0, edgeFlags=0x0, pointerCount=1, historySize=0, eventTime=877028370, downTime=877028370, deviceId=0, source=0x1002 }
08-06 11:36:51.964 15731 15731 D AndroidRuntime: Shutting down VM
08-06 11:36:52.032 15100 15100 D MainActivity: loadFragment(index: 5, args: null)
08-06 11:36:52.032 15100 15100 D MainActivity: loadFragment(tag: AddFeedFragment, args: null)
08-06 11:36:52.033 15100 15100 D MainActivity: saveLastNavFragment(tag: AddFeedFragment)
08-06 11:36:52.033 15100 15100 D MainActivity: getLastNavFragment() -> AddFeedFragment
08-06 11:36:52.036   512  2967 D audio_hw_primary: out_set_parameters: enter: usecase(1: low-latency-playback) kvpairs: routing=2
08-06 11:36:52.049   512  2967 D audio_hw_primary: select_devices: out_snd_device(2: speaker) in_snd_device(0: none)
08-06 11:36:52.050   512  2967 D msm8974_platform: platform_send_audio_calibration: sending audio calibration for snd_device(2) acdb_id(15)
08-06 11:36:52.050   512  2967 I soundtrigger: audio_extn_sound_trigger_update_device_status: device 0x2 of type 0 for Event 1
08-06 11:36:52.060   512  2967 D audio_hw_primary: enable_snd_device: snd_device(2: speaker)
08-06 11:36:52.062   512  2967 D audio_hw_primary: enable_audio_route: apply and update mixer path: low-latency-playback speaker
08-06 11:36:52.176 15100 15220 I art     : Starting a blocking GC Explicit
08-06 11:36:52.190 15100 15220 I art     : Explicit concurrent mark sweep GC freed 3540(210KB) AllocSpace objects, 2(40KB) LOS objects, 40% free, 23MB/38MB, paused 152us total 13.724ms
08-06 11:36:52.196 15100 15220 I art     : Starting a blocking GC Explicit
08-06 11:36:52.209 15100 15220 I art     : Explicit concurrent mark sweep GC freed 1372(83KB) AllocSpace objects, 2(56KB) LOS objects, 40% free, 22MB/38MB, paused 146us total 12.545ms
08-06 11:36:52.215 15100 15220 I art     : Starting a blocking GC Explicit
08-06 11:36:52.228 15100 15220 I art     : Explicit concurrent mark sweep GC freed 3(96B) AllocSpace objects, 0(0B) LOS objects, 40% free, 22MB/38MB, paused 161us total 12.710ms
08-06 11:36:52.234 15100 15220 I art     : Starting a blocking GC Explicit
08-06 11:36:52.247 15100 15220 I art     : Explicit concurrent mark sweep GC freed 3(96B) AllocSpace objects, 0(0B) LOS objects, 40% free, 22MB/38MB, paused 160us total 12.718ms
08-06 11:36:52.254 15100 15220 I art     : Starting a blocking GC Explicit
08-06 11:36:52.267 15100 15220 I art     : Explicit concurrent mark sweep GC freed 3(96B) AllocSpace objects, 0(0B) LOS objects, 40% free, 22MB/38MB, paused 215us total 13.035ms
08-06 11:36:52.475 13866 13866 I GoogleInputMethodServic: GoogleInputMethodService.onFinishInput():3138 
08-06 11:36:52.477 13866 13866 I GoogleInputMethodServic: GoogleInputMethodService.onStartInput():1808 
08-06 11:36:52.497 14957 14957 I ServiceManager: Waiting for service AtCmdFwd...
08-06 11:36:52.518 15100 15113 I art     : Starting a blocking GC Explicit
08-06 11:36:52.535 15100 15113 I art     : Explicit concurrent mark sweep GC freed 1493(85KB) AllocSpace objects, 1(20KB) LOS objects, 40% free, 22MB/38MB, paused 185us total 16.087ms
08-06 11:36:52.542 15100 15113 I art     : Starting a blocking GC Explicit
08-06 11:36:52.556 15100 15113 I art     : Explicit concurrent mark sweep GC freed 123(6KB) AllocSpace objects, 0(0B) LOS objects, 40% free, 22MB/38MB, paused 166us total 14.004ms
08-06 11:36:52.563 15100 15113 I art     : Starting a blocking GC Explicit
08-06 11:36:52.576 15100 15113 I art     : Explicit concurrent mark sweep GC freed 3(96B) AllocSpace objects, 0(0B) LOS objects, 40% free, 22MB/38MB, paused 151us total 12.735ms
08-06 11:36:52.583 15100 15113 I art     : Starting a blocking GC Explicit
08-06 11:36:52.596 15100 15113 I art     : Explicit concurrent mark sweep GC freed 3(96B) AllocSpace objects, 0(0B) LOS objects, 40% free, 22MB/38MB, paused 244us total 13.432ms
08-06 11:36:52.604 15100 15113 I art     : Starting a blocking GC Explicit
08-06 11:36:52.609   512  2967 D audio_hw_primary: disable_audio_route: reset and update mixer path: low-latency-playback speaker
08-06 11:36:52.610   512  2967 D audio_hw_primary: disable_snd_device: snd_device(2: speaker)
08-06 11:36:52.615 15100 15113 I art     : Explicit concurrent mark sweep GC freed 5(160B) AllocSpace objects, 0(0B) LOS objects, 40% free, 22MB/38MB, paused 138us total 11.647ms
08-06 11:36:52.618   512  2967 I soundtrigger: audio_extn_sound_trigger_update_device_status: device 0x2 of type 0 for Event 0
08-06 11:36:52.891 15100 15220 I art     : Starting a blocking GC Explicit
08-06 11:36:52.907 15100 15220 I art     : Explicit concurrent mark sweep GC freed 1363(80KB) AllocSpace objects, 1(20KB) LOS objects, 40% free, 22MB/38MB, paused 287us total 16.281ms
08-06 11:36:52.914 15100 15220 I art     : Starting a blocking GC Explicit
08-06 11:36:52.929 15100 15220 I art     : Explicit concurrent mark sweep GC freed 25(816B) AllocSpace objects, 0(0B) LOS objects, 40% free, 22MB/38MB, paused 184us total 14.604ms
08-06 11:36:52.935 15100 15220 I art     : Starting a blocking GC Explicit
08-06 11:36:52.949 15100 15220 I art     : Explicit concurrent mark sweep GC freed 3(96B) AllocSpace objects, 0(0B) LOS objects, 40% free, 22MB/38MB, paused 160us total 13.514ms
08-06 11:36:52.955 15100 15220 I art     : Starting a blocking GC Explicit
08-06 11:36:52.969 15100 15220 I art     : Explicit concurrent mark sweep GC freed 3(96B) AllocSpace objects, 0(0B) LOS objects, 40% free, 22MB/38MB, paused 145us total 13.640ms
08-06 11:36:52.976 15100 15220 I art     : Starting a blocking GC Explicit
08-06 11:36:52.990 15100 15220 I art     : Explicit concurrent mark sweep GC freed 32(880B) AllocSpace objects, 0(0B) LOS objects, 40% free, 22MB/38MB, paused 159us total 13.133ms
08-06 11:36:53.211 12162 12162 I Finsky  : [1] xow.onStartJob(3): SCH: onJobSchedulerWakeup with jobId 9002
08-06 11:36:53.218 12162 12162 I Finsky  : [1] xjw.a(9): Scheduling fallback in 43199997 (absolute: 1903617090)
08-06 11:36:53.221 12162 12162 I Finsky  : [1] xjw.a(9): Scheduling fallback in 64799999 (absolute: 1925217094)
08-06 11:36:53.224 12162 12162 I Finsky  : [1] xow.onStartJob(3): SCH: onJobSchedulerWakeup with jobId 9014
08-06 11:36:53.230 12162 12162 I Finsky  : [1] xjw.a(9): Scheduling fallback in 43199999 (absolute: 1903617103)
08-06 11:36:53.232 12162 12162 I Finsky  : [1] xjw.a(9): Scheduling fallback in 64799998 (absolute: 1925217105)
08-06 11:36:53.235 12162 12162 W Finsky  : [1] xow.onStartJob(9): SCH: onJobSchedulerWakeup while already running
08-06 11:36:53.254 15100 15112 I art     : Starting a blocking GC Explicit
08-06 11:36:53.268 15100 15112 I art     : Explicit concurrent mark sweep GC freed 1362(80KB) AllocSpace objects, 1(20KB) LOS objects, 40% free, 22MB/38MB, paused 190us total 13.855ms
08-06 11:36:53.274 15100 15112 I art     : Starting a blocking GC Explicit
08-06 11:36:53.288 15100 15112 I art     : Explicit concurrent mark sweep GC freed 23(752B) AllocSpace objects, 0(0B) LOS objects, 40% free, 22MB/38MB, paused 160us total 13.262ms
08-06 11:36:53.294 15100 15112 I art     : Starting a blocking GC Explicit
08-06 11:36:53.307 15100 15112 I art     : Explicit concurrent mark sweep GC freed 3(96B) AllocSpace objects, 0(0B) LOS objects, 40% free, 22MB/38MB, paused 161us total 12.851ms
08-06 11:36:53.313 15100 15112 I art     : Starting a blocking GC Explicit
08-06 11:36:53.326 15100 15112 I art     : Explicit concurrent mark sweep GC freed 3(96B) AllocSpace objects, 0(0B) LOS objects, 40% free, 22MB/38MB, paused 155us total 12.917ms
08-06 11:36:53.332 15100 15112 I art     : Starting a blocking GC Explicit
08-06 11:36:53.337 12162 12162 I Finsky  : [1] xkf.handleMessage(8): SCH: DeviceState: DeviceState{currentTime=1596706613332, isCharging=false, isIdle=false, netAny=true, netNotRoaming=true, netUnmetered=true, batteryPercent=100.0}
08-06 11:36:53.341 12162 15063 I Finsky  : [6341] xmu.a(8): SCH: Jobs in database: 1-1337 3-225 3-226 12-1 24-77777777 26-1414141414 
08-06 11:36:53.344 12162 12162 I Finsky  : [1] xkg.a(16): SCH: Running job: 12-1
08-06 11:36:53.344 12162 12162 I Finsky  : [1] ContentSyncJob.a(16): [ContentSync] job started
08-06 11:36:53.345 15100 15112 I art     : Explicit concurrent mark sweep GC freed 3(96B) AllocSpace objects, 0(0B) LOS objects, 40% free, 22MB/38MB, paused 152us total 12.007ms
08-06 11:36:53.345 12162 12162 I Finsky  : [1] xkf.handleMessage(61): SCH: RunningQueue size: 1, PendingQueue size: 0
08-06 11:36:53.345 12162 12162 I Finsky  : [1] xkf.handleMessage(64): SCH: Running queue: 12-1 
08-06 11:36:53.406 12162 15090 I Finsky  : [6348] dzn.a(22): Completed 0 account content syncs with 0 successful.
08-06 11:36:53.407 12162 12162 I Finsky  : [1] ContentSyncJob.a(1): [ContentSync] Installation state replication succeeded.
08-06 11:36:53.407 12162 12162 I Finsky  : [1] xlr.a(13): SCH: jobFinished: 12-1. TimeElapsed: 63ms.
08-06 11:36:53.407 12162 12162 I Finsky  : [1] xkg.a(36): SCH: Job 12-1 finished. Not rescheduling.
08-06 11:36:53.408 12162 12162 I Finsky  : [1] xkf.handleMessage(61): SCH: RunningQueue size: 0, PendingQueue size: 0
08-06 11:36:53.408 12162 12162 I Finsky  : [1] xkf.handleMessage(25): Executor finished
08-06 11:36:53.421 12162 12162 I Finsky  : [1] xmu.a(8): SCH: Jobs in database: 1-1337 3-225 3-226 24-77777777 26-1414141414 
08-06 11:36:53.423 12162 12162 I Finsky  : [1] xio.a(57): SCH: ConstraintMapping: 24-77777777,  -> L: 0ms, D: 34397504ms, C: false, I: true, N: 0
08-06 11:36:53.424 12162 12162 I Finsky  : [1] xio.a(57): SCH: ConstraintMapping: 1-1337,  -> L: 3103640ms, D: 37739490ms, C: false, I: false, N: 1
08-06 11:36:53.424 12162 12162 I Finsky  : [1] xio.a(57): SCH: ConstraintMapping: 3-225,  -> L: 0ms, D: 77523432ms, C: false, I: true, N: 2
08-06 11:36:53.424 12162 12162 I Finsky  : [1] xio.a(57): SCH: ConstraintMapping: 3-226,  -> L: 0ms, D: 77523476ms, C: true, I: true, N: 2
08-06 11:36:53.425 12162 12162 I Finsky  : [1] xio.a(57): SCH: ConstraintMapping: 26-1414141414,  -> L: 42520877ms, D: 43420877ms, C: false, I: false, N: 0
08-06 11:36:53.435 12162 12162 I Finsky  : [1] xle.a(34): Cancelling existing jobscheduler jobs: 9009 9015 9019 9011 9008 9012 9000 9018 
08-06 11:36:53.436 12162 12162 I Finsky  : [1] xle.a(10): Throttling wakeup for job 9001 (expected to run in 0 ms) due to recent wakeup
08-06 11:36:53.436 12162 12162 I Finsky  : [1] xle.a(27): Scheduling job Id: 9001, L: 30000, D: 34397504, C: false, I: true, N: 0
08-06 11:36:53.438 12162 12162 I Finsky  : [1] xle.a(27): Scheduling job Id: 9003, L: 3103640, D: 37739490, C: false, I: false, N: 1
08-06 11:36:53.440 12162 12162 I Finsky  : [1] xle.a(10): Throttling wakeup for job 9004 (expected to run in 0 ms) due to recent wakeup
08-06 11:36:53.440 12162 12162 I Finsky  : [1] xle.a(27): Scheduling job Id: 9004, L: 30000, D: 77523432, C: false, I: true, N: 2
08-06 11:36:53.442 12162 12162 I Finsky  : [1] xle.a(10): Throttling wakeup for job 9005 (expected to run in 0 ms) due to recent wakeup
08-06 11:36:53.442 12162 12162 I Finsky  : [1] xle.a(27): Scheduling job Id: 9005, L: 30000, D: 77523476, C: true, I: true, N: 2
08-06 11:36:53.444 12162 12162 I Finsky  : [1] xle.a(27): Scheduling job Id: 9006, L: 42520877, D: 43420877, C: false, I: false, N: 0
08-06 11:36:53.445 12162 12162 I Finsky  : [1] xle.a(10): Throttling wakeup for job 9007 (expected to run in 0 ms) due to recent wakeup
08-06 11:36:53.445 12162 12162 I Finsky  : [1] xle.a(27): Scheduling job Id: 9007, L: 30000, D: 34397504, C: false, I: true, N: 0
08-06 11:36:53.447 12162 12162 I Finsky  : [1] xle.a(27): Scheduling job Id: 9010, L: 3103640, D: 37739490, C: false, I: false, N: 1
08-06 11:36:53.449 12162 12162 I Finsky  : [1] xle.a(10): Throttling wakeup for job 9013 (expected to run in 0 ms) due to recent wakeup
08-06 11:36:53.449 12162 12162 I Finsky  : [1] xle.a(27): Scheduling job Id: 9013, L: 30000, D: 77523432, C: false, I: true, N: 2
08-06 11:36:53.451 12162 12162 I Finsky  : [1] xle.a(10): Throttling wakeup for job 9014 (expected to run in 0 ms) due to recent wakeup
08-06 11:36:53.451 12162 12162 I Finsky  : [1] xle.a(27): Scheduling job Id: 9014, L: 30000, D: 77523476, C: true, I: true, N: 2
08-06 11:36:53.453 12162 12162 I Finsky  : [1] xle.a(27): Scheduling job Id: 9016, L: 42520877, D: 43420877, C: false, I: false, N: 0
08-06 11:36:53.497 14957 14957 I ServiceManager: Waiting for service AtCmdFwd...
08-06 11:36:53.508 15790 15790 D AndroidRuntime: >>>>>> START com.android.internal.os.RuntimeInit uid 2000 <<<<<<
08-06 11:36:53.512 15790 15790 D AndroidRuntime: CheckJNI is OFF
08-06 11:36:53.537 15790 15790 D ICU     : No timezone override file found: /data/misc/zoneinfo/current/icu/icu_tzdata.dat
08-06 11:36:53.562 15790 15790 I Radio-JNI: register_android_hardware_Radio DONE
08-06 11:36:53.578 15790 15790 D AndroidRuntime: Calling main entry com.android.commands.input.Input
08-06 11:36:53.580 15790 15790 I Input   : injectMotionEvent: MotionEvent { action=ACTION_DOWN, actionButton=0, id[0]=0, x[0]=567.0, y[0]=714.0, toolType[0]=TOOL_TYPE_UNKNOWN, buttonState=0, metaState=0, flags=0x0, edgeFlags=0x0, pointerCount=1, historySize=0, eventTime=877029993, downTime=877029993, deviceId=0, source=0x1002 }
08-06 11:36:53.585 15790 15790 I Input   : injectMotionEvent: MotionEvent { action=ACTION_UP, actionButton=0, id[0]=0, x[0]=567.0, y[0]=714.0, toolType[0]=TOOL_TYPE_UNKNOWN, buttonState=0, metaState=0, flags=0x0, edgeFlags=0x0, pointerCount=1, historySize=0, eventTime=877029993, downTime=877029993, deviceId=0, source=0x1002 }
08-06 11:36:53.587 15790 15790 D AndroidRuntime: Shutting down VM
08-06 11:36:53.588 15100 15220 I art     : Starting a blocking GC Explicit
08-06 11:36:53.603 15100 15220 I art     : Explicit concurrent mark sweep GC freed 1394(81KB) AllocSpace objects, 1(20KB) LOS objects, 40% free, 23MB/38MB, paused 745us total 14.752ms
08-06 11:36:53.606   512  2967 D audio_hw_primary: out_set_parameters: enter: usecase(1: low-latency-playback) kvpairs: routing=2
08-06 11:36:53.611 15100 15220 I art     : Starting a blocking GC Explicit
08-06 11:36:53.617 15100 15636 D AntennapodHttpClient: Creating new instance of HTTP client
08-06 11:36:53.618   512  2967 D audio_hw_primary: select_devices: out_snd_device(2: speaker) in_snd_device(0: none)
08-06 11:36:53.618   512  2967 D msm8974_platform: platform_send_audio_calibration: sending audio calibration for snd_device(2) acdb_id(15)
08-06 11:36:53.619   512  2967 I soundtrigger: audio_extn_sound_trigger_update_device_status: device 0x2 of type 0 for Event 1
08-06 11:36:53.623 13866 13866 I GoogleInputMethodServic: GoogleInputMethodService.onFinishInput():3138 
08-06 11:36:53.624 13866 13866 I GoogleInputMethodServic: GoogleInputMethodService.onStartInput():1808 
08-06 11:36:53.629   512  2967 D audio_hw_primary: enable_snd_device: snd_device(2: speaker)
08-06 11:36:53.630 15100 15220 I art     : Explicit concurrent mark sweep GC freed 1718(110KB) AllocSpace objects, 0(0B) LOS objects, 40% free, 23MB/38MB, paused 3.801ms total 19.203ms
08-06 11:36:53.631   512  2967 D audio_hw_primary: enable_audio_route: apply and update mixer path: low-latency-playback speaker
08-06 11:36:53.638 15100 15220 I art     : Starting a blocking GC Explicit
08-06 11:36:53.653 15100 15220 I art     : Explicit concurrent mark sweep GC freed 1587(102KB) AllocSpace objects, 0(0B) LOS objects, 40% free, 23MB/39MB, paused 230us total 15.040ms
08-06 11:36:53.660 15100 15220 I art     : Starting a blocking GC Explicit
08-06 11:36:53.673 15100 15220 I art     : Explicit concurrent mark sweep GC freed 180(10KB) AllocSpace objects, 0(0B) LOS objects, 40% free, 23MB/39MB, paused 188us total 12.883ms
08-06 11:36:53.678 15100 15220 I art     : Starting a blocking GC Explicit
08-06 11:36:53.692 15100 15220 I art     : Explicit concurrent mark sweep GC freed 10(352B) AllocSpace objects, 0(0B) LOS objects, 40% free, 23MB/39MB, paused 215us total 13.663ms
08-06 11:36:53.925 15100 15112 I art     : Starting a blocking GC Explicit
08-06 11:36:53.942 15100 15112 I art     : Explicit concurrent mark sweep GC freed 9862(524KB) AllocSpace objects, 5(440KB) LOS objects, 40% free, 23MB/39MB, paused 232us total 16.653ms
08-06 11:36:53.948 15100 15112 I art     : Starting a blocking GC Explicit
08-06 11:36:53.961 15100 15112 I art     : Explicit concurrent mark sweep GC freed 1035(119KB) AllocSpace objects, 0(0B) LOS objects, 40% free, 23MB/39MB, paused 222us total 12.882ms
08-06 11:36:53.967 15100 15112 I art     : Starting a blocking GC Explicit
08-06 11:36:53.980 15100 15112 I art     : Explicit concurrent mark sweep GC freed 37(1072B) AllocSpace objects, 0(0B) LOS objects, 40% free, 23MB/39MB, paused 214us total 12.780ms
08-06 11:36:53.985 15100 15112 I art     : Starting a blocking GC Explicit
08-06 11:36:53.998 15100 15112 I art     : Explicit concurrent mark sweep GC freed 8(288B) AllocSpace objects, 0(0B) LOS objects, 40% free, 23MB/39MB, paused 215us total 12.949ms
08-06 11:36:54.004 15100 15112 I art     : Starting a blocking GC Explicit
08-06 11:36:54.017 15100 15112 I art     : Explicit concurrent mark sweep GC freed 8(288B) AllocSpace objects, 0(0B) LOS objects, 40% free, 23MB/39MB, paused 250us total 12.819ms
08-06 11:36:54.028 15100 15636 I NAPPA_EXPERIMENTATION: MetricNetworkRequestExecutionTime: REQUEST_DURATION_SYSTEM='393',REQUEST_DURATION_OKHTTP='152',REQUEST_SYNCHRONOUS='TRUE',RESPONSE_CODE='400',RESPONSE_METHOD='GET',RESPONSE_LENGTH_OKHTTP='0',RESPONSE_LENGTH_HEADER='0',REQUEST_PROTOCOL='h2',REQUEST_URL='https://itunes.apple.com/en/rss/toppodcasts/limit=25/explicit=true/json',
08-06 11:36:54.167 15100 15636 I NAPPA_EXPERIMENTATION: MetricNetworkRequestExecutionTime: REQUEST_DURATION_SYSTEM='138',REQUEST_DURATION_OKHTTP='137',REQUEST_SYNCHRONOUS='TRUE',RESPONSE_CODE='200',RESPONSE_METHOD='GET',RESPONSE_LENGTH_OKHTTP='-1',RESPONSE_LENGTH_HEADER='10075',REQUEST_PROTOCOL='h2',REQUEST_URL='https://itunes.apple.com/us/rss/toppodcasts/limit=25/explicit=true/json',
08-06 11:36:54.169   512  2967 D audio_hw_primary: disable_audio_route: reset and update mixer path: low-latency-playback speaker
08-06 11:36:54.170   512  2967 D audio_hw_primary: disable_snd_device: snd_device(2: speaker)
08-06 11:36:54.177   512  2967 I soundtrigger: audio_extn_sound_trigger_update_device_status: device 0x2 of type 0 for Event 0
08-06 11:36:54.228 15100 15100 D AntennapodHttpClient: Creating new instance of HTTP client
08-06 11:36:54.241 15100 15843 D ApOkHttpUrlLoader: buildLoadData() called with: model = [https://is4-ssl.mzstatic.com/image/thumb/Podcasts114/v4/3f/16/74/3f167426-bf50-ce3a-d709-e4301620fc5b/mza_5832671293059882550.jpeg/170x170bb.png], width = [224], height = [224]
08-06 11:36:54.244 15100 15844 D DBReader: getImageAuthentication() called with: imageUrl = [https://is4-ssl.mzstatic.com/image/thumb/Podcasts114/v4/3f/16/74/3f167426-bf50-ce3a-d709-e4301620fc5b/mza_5832671293059882550.jpeg/170x170bb.png]
08-06 11:36:54.245 15100 15845 D ApOkHttpUrlLoader: buildLoadData() called with: model = [https://is4-ssl.mzstatic.com/image/thumb/Podcasts113/v4/e5/8a/10/e58a108f-f5d0-f622-c94a-13f66edd570c/mza_3025981348644196724.jpg/170x170bb.png], width = [224], height = [224]
08-06 11:36:54.245 15100 15844 D ApOkHttpUrlLoader: no credentials for 'https://is4-ssl.mzstatic.com/image/thumb/Podcasts114/v4/3f/16/74/3f167426-bf50-ce3a-d709-e4301620fc5b/mza_5832671293059882550.jpeg/170x170bb.png'
08-06 11:36:54.246 15100 15846 D DBReader: getImageAuthentication() called with: imageUrl = [https://is4-ssl.mzstatic.com/image/thumb/Podcasts113/v4/e5/8a/10/e58a108f-f5d0-f622-c94a-13f66edd570c/mza_3025981348644196724.jpg/170x170bb.png]
08-06 11:36:54.247 15100 15846 D ApOkHttpUrlLoader: no credentials for 'https://is4-ssl.mzstatic.com/image/thumb/Podcasts113/v4/e5/8a/10/e58a108f-f5d0-f622-c94a-13f66edd570c/mza_3025981348644196724.jpg/170x170bb.png'
08-06 11:36:54.248 15100 15847 D ApOkHttpUrlLoader: buildLoadData() called with: model = [https://is2-ssl.mzstatic.com/image/thumb/Podcasts113/v4/a9/39/cc/a939ccc5-6d60-0c11-0a4c-16d71cdef89b/mza_8787577209688278658.jpg/170x170bb.png], width = [224], height = [224]
08-06 11:36:54.250 15100 15848 D DBReader: getImageAuthentication() called with: imageUrl = [https://is2-ssl.mzstatic.com/image/thumb/Podcasts113/v4/a9/39/cc/a939ccc5-6d60-0c11-0a4c-16d71cdef89b/mza_8787577209688278658.jpg/170x170bb.png]
08-06 11:36:54.251 15100 15848 D ApOkHttpUrlLoader: no credentials for 'https://is2-ssl.mzstatic.com/image/thumb/Podcasts113/v4/a9/39/cc/a939ccc5-6d60-0c11-0a4c-16d71cdef89b/mza_8787577209688278658.jpg/170x170bb.png'
08-06 11:36:54.252 15100 15849 D ApOkHttpUrlLoader: buildLoadData() called with: model = [https://is5-ssl.mzstatic.com/image/thumb/Podcasts114/v4/93/cf/99/93cf9960-fff3-205e-6655-72c03ddeccb2/mza_10545582232493904175.jpeg/170x170bb.png], width = [224], height = [224]
08-06 11:36:54.253 15100 15850 D DBReader: getImageAuthentication() called with: imageUrl = [https://is5-ssl.mzstatic.com/image/thumb/Podcasts114/v4/93/cf/99/93cf9960-fff3-205e-6655-72c03ddeccb2/mza_10545582232493904175.jpeg/170x170bb.png]
08-06 11:36:54.254 15100 15850 D ApOkHttpUrlLoader: no credentials for 'https://is5-ssl.mzstatic.com/image/thumb/Podcasts114/v4/93/cf/99/93cf9960-fff3-205e-6655-72c03ddeccb2/mza_10545582232493904175.jpeg/170x170bb.png'
08-06 11:36:54.254 15100 15843 D ApOkHttpUrlLoader: buildLoadData() called with: model = [https://is4-ssl.mzstatic.com/image/thumb/Podcasts124/v4/49/a4/91/49a491b7-3daf-c5dc-d7c6-6c4f1486955c/mza_5930014091766152297.png/170x170bb.png], width = [224], height = [224]
08-06 11:36:54.255 15100 15851 D DBReader: getImageAuthentication() called with: imageUrl = [https://is4-ssl.mzstatic.com/image/thumb/Podcasts124/v4/49/a4/91/49a491b7-3daf-c5dc-d7c6-6c4f1486955c/mza_5930014091766152297.png/170x170bb.png]
08-06 11:36:54.256 15100 15851 D ApOkHttpUrlLoader: no credentials for 'https://is4-ssl.mzstatic.com/image/thumb/Podcasts124/v4/49/a4/91/49a491b7-3daf-c5dc-d7c6-6c4f1486955c/mza_5930014091766152297.png/170x170bb.png'
08-06 11:36:54.257 15100 15845 D ApOkHttpUrlLoader: buildLoadData() called with: model = [https://is5-ssl.mzstatic.com/image/thumb/Podcasts113/v4/fd/54/6e/fd546ea0-7ab2-e3f0-6049-884d82917af9/mza_4855349695799758348.jpeg/170x170bb.png], width = [224], height = [224]
08-06 11:36:54.258 15100 15852 D DBReader: getImageAuthentication() called with: imageUrl = [https://is5-ssl.mzstatic.com/image/thumb/Podcasts113/v4/fd/54/6e/fd546ea0-7ab2-e3f0-6049-884d82917af9/mza_4855349695799758348.jpeg/170x170bb.png]
08-06 11:36:54.259 15100 15220 I art     : Starting a blocking GC Explicit
08-06 11:36:54.259 15100 15852 D ApOkHttpUrlLoader: no credentials for 'https://is5-ssl.mzstatic.com/image/thumb/Podcasts113/v4/fd/54/6e/fd546ea0-7ab2-e3f0-6049-884d82917af9/mza_4855349695799758348.jpeg/170x170bb.png'
08-06 11:36:54.261 15100 15847 D ApOkHttpUrlLoader: buildLoadData() called with: model = [https://is2-ssl.mzstatic.com/image/thumb/Podcasts114/v4/b3/4c/cf/b34ccfc2-cea4-1ca1-0fad-7793af301cc5/mza_2466085192629456364.jpg/170x170bb.png], width = [224], height = [224]
08-06 11:36:54.262 15100 15853 D DBReader: getImageAuthentication() called with: imageUrl = [https://is2-ssl.mzstatic.com/image/thumb/Podcasts114/v4/b3/4c/cf/b34ccfc2-cea4-1ca1-0fad-7793af301cc5/mza_2466085192629456364.jpg/170x170bb.png]
08-06 11:36:54.263 15100 15853 D ApOkHttpUrlLoader: no credentials for 'https://is2-ssl.mzstatic.com/image/thumb/Podcasts114/v4/b3/4c/cf/b34ccfc2-cea4-1ca1-0fad-7793af301cc5/mza_2466085192629456364.jpg/170x170bb.png'
08-06 11:36:54.290 15100 15220 I art     : Explicit concurrent mark sweep GC freed 14294(897KB) AllocSpace objects, 5(372KB) LOS objects, 39% free, 24MB/40MB, paused 535us total 31.084ms
08-06 11:36:54.296 15100 15220 I art     : Starting a blocking GC Explicit
08-06 11:36:54.312 15100 15220 I art     : Explicit concurrent mark sweep GC freed 484(26KB) AllocSpace objects, 0(0B) LOS objects, 39% free, 24MB/40MB, paused 672us total 15.383ms
08-06 11:36:54.318 15100 15220 I art     : Starting a blocking GC Explicit
08-06 11:36:54.333 15100 15220 I art     : Explicit concurrent mark sweep GC freed 54(3KB) AllocSpace objects, 0(0B) LOS objects, 39% free, 24MB/40MB, paused 462us total 14.876ms
08-06 11:36:54.339 15100 15220 I art     : Starting a blocking GC Explicit
08-06 11:36:54.355 15100 15220 I art     : Explicit concurrent mark sweep GC freed 3(96B) AllocSpace objects, 0(0B) LOS objects, 39% free, 24MB/40MB, paused 497us total 15.607ms
08-06 11:36:54.361 15100 15220 I art     : Starting a blocking GC Explicit
08-06 11:36:54.378 15100 15220 I art     : Explicit concurrent mark sweep GC freed 3(96B) AllocSpace objects, 0(0B) LOS objects, 39% free, 24MB/40MB, paused 470us total 16.766ms
08-06 11:36:54.498 14957 14957 I ServiceManager: Waiting for service AtCmdFwd...
08-06 11:36:54.637 15100 15112 I art     : Starting a blocking GC Explicit
08-06 11:36:54.672 15100 15112 I art     : Explicit concurrent mark sweep GC freed 26783(1289KB) AllocSpace objects, 4(220KB) LOS objects, 39% free, 24MB/40MB, paused 1.028ms total 35.221ms
08-06 11:36:54.685 15100 15112 I art     : Starting a blocking GC Explicit
08-06 11:36:54.703 15100 15112 I art     : Explicit concurrent mark sweep GC freed 1466(133KB) AllocSpace objects, 0(0B) LOS objects, 39% free, 24MB/40MB, paused 543us total 18.257ms
08-06 11:36:54.710 15100 15112 I art     : Starting a blocking GC Explicit
08-06 11:36:54.718 15100 15846 D MYTAG   : interceptor 2a
08-06 11:36:54.718 15100 15846 I NAPPA_EXPERIMENTATION: MetricNetworkRequestExecutionTime: REQUEST_DURATION_SYSTEM='471',REQUEST_DURATION_OKHTTP='241',REQUEST_SYNCHRONOUS='TRUE',RESPONSE_CODE='200',RESPONSE_METHOD='GET',RESPONSE_LENGTH_OKHTTP='45995',RESPONSE_LENGTH_HEADER='45995',REQUEST_PROTOCOL='h2',REQUEST_URL='https://is4-ssl.mzstatic.com/image/thumb/Podcasts113/v4/e5/8a/10/e58a108f-f5d0-f622-c94a-13f66edd570c/mza_3025981348644196724.jpg/170x170bb.png',
08-06 11:36:54.729 15100 15112 I art     : Explicit concurrent mark sweep GC freed 705(42KB) AllocSpace objects, 0(0B) LOS objects, 39% free, 24MB/40MB, paused 1.226ms total 18.953ms
08-06 11:36:54.736 15100 15112 I art     : Starting a blocking GC Explicit
08-06 11:36:54.745 15100 15844 D MYTAG   : interceptor 2a
08-06 11:36:54.745 15100 15844 I NAPPA_EXPERIMENTATION: MetricNetworkRequestExecutionTime: REQUEST_DURATION_SYSTEM='499',REQUEST_DURATION_OKHTTP='266',REQUEST_SYNCHRONOUS='TRUE',RESPONSE_CODE='200',RESPONSE_METHOD='GET',RESPONSE_LENGTH_OKHTTP='26177',RESPONSE_LENGTH_HEADER='26177',REQUEST_PROTOCOL='h2',REQUEST_URL='https://is4-ssl.mzstatic.com/image/thumb/Podcasts114/v4/3f/16/74/3f167426-bf50-ce3a-d709-e4301620fc5b/mza_5832671293059882550.jpeg/170x170bb.png',
08-06 11:36:54.749 15100 15853 D MYTAG   : interceptor 2a
08-06 11:36:54.749 15100 15853 I NAPPA_EXPERIMENTATION: MetricNetworkRequestExecutionTime: REQUEST_DURATION_SYSTEM='486',REQUEST_DURATION_OKHTTP='253',REQUEST_SYNCHRONOUS='TRUE',RESPONSE_CODE='200',RESPONSE_METHOD='GET',RESPONSE_LENGTH_OKHTTP='42299',RESPONSE_LENGTH_HEADER='42299',REQUEST_PROTOCOL='h2',REQUEST_URL='https://is2-ssl.mzstatic.com/image/thumb/Podcasts114/v4/b3/4c/cf/b34ccfc2-cea4-1ca1-0fad-7793af301cc5/mza_2466085192629456364.jpg/170x170bb.png',
08-06 11:36:54.755 15100 15112 I art     : Explicit concurrent mark sweep GC freed 573(48KB) AllocSpace objects, 0(0B) LOS objects, 38% free, 25MB/41MB, paused 939us total 19.063ms
08-06 11:36:54.755 15100 15110 I art     : WaitForGcToComplete blocked for 17.374ms for cause HeapTrim
08-06 11:36:54.762 15100 15112 I art     : Starting a blocking GC Explicit
08-06 11:36:54.763 15100 15850 D MYTAG   : interceptor 2a
08-06 11:36:54.763 15100 15850 I NAPPA_EXPERIMENTATION: MetricNetworkRequestExecutionTime: REQUEST_DURATION_SYSTEM='509',REQUEST_DURATION_OKHTTP='283',REQUEST_SYNCHRONOUS='TRUE',RESPONSE_CODE='200',RESPONSE_METHOD='GET',RESPONSE_LENGTH_OKHTTP='22351',RESPONSE_LENGTH_HEADER='22351',REQUEST_PROTOCOL='h2',REQUEST_URL='https://is5-ssl.mzstatic.com/image/thumb/Podcasts114/v4/93/cf/99/93cf9960-fff3-205e-6655-72c03ddeccb2/mza_10545582232493904175.jpeg/170x170bb.png',
08-06 11:36:54.767 15100 15851 D MYTAG   : interceptor 2a
08-06 11:36:54.768 15100 15851 I NAPPA_EXPERIMENTATION: MetricNetworkRequestExecutionTime: REQUEST_DURATION_SYSTEM='511',REQUEST_DURATION_OKHTTP='276',REQUEST_SYNCHRONOUS='TRUE',RESPONSE_CODE='200',RESPONSE_METHOD='GET',RESPONSE_LENGTH_OKHTTP='12000',RESPONSE_LENGTH_HEADER='12000',REQUEST_PROTOCOL='h2',REQUEST_URL='https://is4-ssl.mzstatic.com/image/thumb/Podcasts124/v4/49/a4/91/49a491b7-3daf-c5dc-d7c6-6c4f1486955c/mza_5930014091766152297.png/170x170bb.png',
08-06 11:36:54.773 15100 15848 D MYTAG   : interceptor 2a
08-06 11:36:54.773 15100 15848 I NAPPA_EXPERIMENTATION: MetricNetworkRequestExecutionTime: REQUEST_DURATION_SYSTEM='522',REQUEST_DURATION_OKHTTP='294',REQUEST_SYNCHRONOUS='TRUE',RESPONSE_CODE='200',RESPONSE_METHOD='GET',RESPONSE_LENGTH_OKHTTP='48239',RESPONSE_LENGTH_HEADER='48239',REQUEST_PROTOCOL='h2',REQUEST_URL='https://is2-ssl.mzstatic.com/image/thumb/Podcasts113/v4/a9/39/cc/a939ccc5-6d60-0c11-0a4c-16d71cdef89b/mza_8787577209688278658.jpg/170x170bb.png',
08-06 11:36:54.780 15100 15112 I art     : Explicit concurrent mark sweep GC freed 1188(78KB) AllocSpace objects, 0(0B) LOS objects, 38% free, 25MB/41MB, paused 466us total 17.084ms
08-06 11:36:54.798 15100 15852 D MYTAG   : interceptor 2a
08-06 11:36:54.798 15100 15852 I NAPPA_EXPERIMENTATION: MetricNetworkRequestExecutionTime: REQUEST_DURATION_SYSTEM='539',REQUEST_DURATION_OKHTTP='311',REQUEST_SYNCHRONOUS='TRUE',RESPONSE_CODE='200',RESPONSE_METHOD='GET',RESPONSE_LENGTH_OKHTTP='54835',RESPONSE_LENGTH_HEADER='54835',REQUEST_PROTOCOL='h2',REQUEST_URL='https://is5-ssl.mzstatic.com/image/thumb/Podcasts113/v4/fd/54/6e/fd546ea0-7ab2-e3f0-6049-884d82917af9/mza_4855349695799758348.jpeg/170x170bb.png',
08-06 11:36:55.036 15100 15112 I art     : Starting a blocking GC Explicit
08-06 11:36:55.054 15100 15112 I art     : Explicit concurrent mark sweep GC freed 2780(146KB) AllocSpace objects, 1(20KB) LOS objects, 38% free, 25MB/41MB, paused 398us total 17.548ms
08-06 11:36:55.060 15100 15112 I art     : Starting a blocking GC Explicit
08-06 11:36:55.076 15100 15112 I art     : Explicit concurrent mark sweep GC freed 55(3056B) AllocSpace objects, 0(0B) LOS objects, 38% free, 25MB/41MB, paused 366us total 15.366ms
08-06 11:36:55.082 15100 15112 I art     : Starting a blocking GC Explicit
08-06 11:36:55.098 15100 15112 I art     : Explicit concurrent mark sweep GC freed 3(96B) AllocSpace objects, 0(0B) LOS objects, 38% free, 25MB/41MB, paused 497us total 15.524ms
08-06 11:36:55.104 15100 15112 I art     : Starting a blocking GC Explicit
08-06 11:36:55.120 15100 15112 I art     : Explicit concurrent mark sweep GC freed 3(96B) AllocSpace objects, 0(0B) LOS objects, 38% free, 25MB/41MB, paused 362us total 15.817ms
08-06 11:36:55.126 15100 15112 I art     : Starting a blocking GC Explicit
08-06 11:36:55.142 15100 15112 I art     : Explicit concurrent mark sweep GC freed 3(96B) AllocSpace objects, 0(0B) LOS objects, 38% free, 25MB/41MB, paused 365us total 15.881ms
08-06 11:36:55.428 15100 15220 I art     : Starting a blocking GC Explicit
08-06 11:36:55.453 15100 15220 I art     : Explicit concurrent mark sweep GC freed 1363(80KB) AllocSpace objects, 1(20KB) LOS objects, 38% free, 25MB/41MB, paused 437us total 24.334ms
08-06 11:36:55.464 15100 15220 I art     : Starting a blocking GC Explicit
08-06 11:36:55.482 15100 15220 I art     : Explicit concurrent mark sweep GC freed 23(752B) AllocSpace objects, 0(0B) LOS objects, 38% free, 25MB/41MB, paused 393us total 17.685ms
08-06 11:36:55.489 15100 15220 I art     : Starting a blocking GC Explicit
08-06 11:36:55.498 14957 14957 I ServiceManager: Waiting for service AtCmdFwd...
08-06 11:36:55.506 15100 15220 I art     : Explicit concurrent mark sweep GC freed 3(96B) AllocSpace objects, 0(0B) LOS objects, 38% free, 25MB/41MB, paused 381us total 17.177ms
08-06 11:36:55.513 15100 15220 I art     : Starting a blocking GC Explicit
08-06 11:36:55.530 15100 15220 I art     : Explicit concurrent mark sweep GC freed 3(96B) AllocSpace objects, 0(0B) LOS objects, 38% free, 25MB/41MB, paused 378us total 17.282ms
08-06 11:36:55.537 15100 15220 I art     : Starting a blocking GC Explicit
08-06 11:36:55.555 15100 15220 I art     : Explicit concurrent mark sweep GC freed 3(96B) AllocSpace objects, 0(0B) LOS objects, 38% free, 25MB/41MB, paused 388us total 17.449ms
08-06 11:36:55.899 15100 15220 I art     : Starting a blocking GC Explicit
08-06 11:36:55.922 15100 15220 I art     : Explicit concurrent mark sweep GC freed 1378(80KB) AllocSpace objects, 1(20KB) LOS objects, 38% free, 25MB/41MB, paused 575us total 23.342ms
08-06 11:36:55.932 15100 15220 I art     : Starting a blocking GC Explicit
08-06 11:36:55.951 15100 15220 I art     : Explicit concurrent mark sweep GC freed 26(848B) AllocSpace objects, 0(0B) LOS objects, 38% free, 25MB/41MB, paused 382us total 18.606ms
08-06 11:36:55.957 15100 15220 I art     : Starting a blocking GC Explicit
08-06 11:36:55.975 15100 15220 I art     : Explicit concurrent mark sweep GC freed 6(192B) AllocSpace objects, 0(0B) LOS objects, 38% free, 25MB/41MB, paused 343us total 17.061ms
08-06 11:36:55.983 15100 15220 I art     : Starting a blocking GC Explicit
08-06 11:36:56.000 15100 15220 I art     : Explicit concurrent mark sweep GC freed 35(976B) AllocSpace objects, 0(0B) LOS objects, 38% free, 25MB/41MB, paused 377us total 17.096ms
08-06 11:36:56.006 15100 15220 I art     : Starting a blocking GC Explicit
08-06 11:36:56.024 15100 15220 I art     : Explicit concurrent mark sweep GC freed 6(192B) AllocSpace objects, 0(0B) LOS objects, 38% free, 25MB/41MB, paused 378us total 17.179ms
08-06 11:36:56.355 15100 15113 I art     : Starting a blocking GC Explicit
08-06 11:36:56.383 15100 15113 I art     : Explicit concurrent mark sweep GC freed 1366(80KB) AllocSpace objects, 1(20KB) LOS objects, 38% free, 25MB/41MB, paused 484us total 25.964ms
08-06 11:36:56.393 15100 15113 I art     : Starting a blocking GC Explicit
08-06 11:36:56.411 15100 15113 I art     : Explicit concurrent mark sweep GC freed 23(752B) AllocSpace objects, 0(0B) LOS objects, 38% free, 25MB/41MB, paused 391us total 17.647ms
08-06 11:36:56.418 15100 15113 I art     : Starting a blocking GC Explicit
08-06 11:36:56.436 15100 15113 I art     : Explicit concurrent mark sweep GC freed 3(96B) AllocSpace objects, 0(0B) LOS objects, 38% free, 25MB/41MB, paused 387us total 17.813ms
08-06 11:36:56.443 15100 15113 I art     : Starting a blocking GC Explicit
08-06 11:36:56.460 15100 15113 I art     : Explicit concurrent mark sweep GC freed 3(96B) AllocSpace objects, 0(0B) LOS objects, 38% free, 25MB/41MB, paused 424us total 17.138ms
08-06 11:36:56.467 15100 15113 I art     : Starting a blocking GC Explicit
08-06 11:36:56.484 15100 15113 I art     : Explicit concurrent mark sweep GC freed 3(96B) AllocSpace objects, 0(0B) LOS objects, 38% free, 25MB/41MB, paused 396us total 17.454ms
08-06 11:36:56.499 14957 14957 I ServiceManager: Waiting for service AtCmdFwd...
08-06 11:36:56.787 15100 15220 I art     : Starting a blocking GC Explicit
08-06 11:36:56.812 15100 15220 I art     : Explicit concurrent mark sweep GC freed 1363(80KB) AllocSpace objects, 1(20KB) LOS objects, 38% free, 25MB/41MB, paused 431us total 24.896ms
08-06 11:36:56.825 15100 15220 I art     : Starting a blocking GC Explicit
08-06 11:36:56.844 15100 15220 I art     : Explicit concurrent mark sweep GC freed 23(752B) AllocSpace objects, 0(0B) LOS objects, 38% free, 25MB/41MB, paused 388us total 19.138ms
08-06 11:36:56.851 15100 15220 I art     : Starting a blocking GC Explicit
08-06 11:36:56.869 15100 15220 I art     : Explicit concurrent mark sweep GC freed 3(96B) AllocSpace objects, 0(0B) LOS objects, 38% free, 25MB/41MB, paused 388us total 17.302ms
08-06 11:36:56.875 15100 15220 I art     : Starting a blocking GC Explicit
08-06 11:36:56.893 15100 15220 I art     : Explicit concurrent mark sweep GC freed 3(96B) AllocSpace objects, 0(0B) LOS objects, 38% free, 25MB/41MB, paused 385us total 17.399ms
08-06 11:36:56.900 15100 15220 I art     : Starting a blocking GC Explicit
08-06 11:36:56.917 15100 15220 I art     : Explicit concurrent mark sweep GC freed 3(96B) AllocSpace objects, 0(0B) LOS objects, 38% free, 25MB/41MB, paused 434us total 17.382ms
08-06 11:36:57.247 15100 15112 I art     : Starting a blocking GC Explicit
08-06 11:36:57.276 15100 15112 I art     : Explicit concurrent mark sweep GC freed 1392(80KB) AllocSpace objects, 1(20KB) LOS objects, 38% free, 25MB/41MB, paused 477us total 28.676ms
08-06 11:36:57.288 15100 15112 I art     : Starting a blocking GC Explicit
08-06 11:36:57.305 15100 15112 I art     : Explicit concurrent mark sweep GC freed 23(752B) AllocSpace objects, 0(0B) LOS objects, 38% free, 25MB/41MB, paused 381us total 17.382ms
08-06 11:36:57.312 15100 15112 I art     : Starting a blocking GC Explicit
08-06 11:36:57.330 15100 15112 I art     : Explicit concurrent mark sweep GC freed 3(96B) AllocSpace objects, 0(0B) LOS objects, 38% free, 25MB/41MB, paused 391us total 17.381ms
08-06 11:36:57.337 15100 15112 I art     : Starting a blocking GC Explicit
08-06 11:36:57.355 15100 15112 I art     : Explicit concurrent mark sweep GC freed 3(96B) AllocSpace objects, 0(0B) LOS objects, 38% free, 25MB/41MB, paused 385us total 17.704ms
08-06 11:36:57.362 15100 15112 I art     : Starting a blocking GC Explicit
08-06 11:36:57.380 15100 15112 I art     : Explicit concurrent mark sweep GC freed 3(96B) AllocSpace objects, 0(0B) LOS objects, 38% free, 25MB/41MB, paused 481us total 18.203ms
08-06 11:36:57.500 14957 14957 W Atfwd_Sendcmd: AtCmdFwd service not published, waiting... retryCnt : 4
08-06 11:36:57.688 15100 15113 I art     : Starting a blocking GC Explicit
08-06 11:36:57.709 15100 15113 I art     : Explicit concurrent mark sweep GC freed 1363(80KB) AllocSpace objects, 1(20KB) LOS objects, 38% free, 25MB/41MB, paused 446us total 20.617ms
08-06 11:36:57.716 15100 15113 I art     : Starting a blocking GC Explicit
08-06 11:36:57.731 15100 15113 I art     : Explicit concurrent mark sweep GC freed 23(752B) AllocSpace objects, 0(0B) LOS objects, 38% free, 25MB/41MB, paused 364us total 15.624ms
08-06 11:36:57.738 15100 15113 I art     : Starting a blocking GC Explicit
08-06 11:36:57.753 15100 15113 I art     : Explicit concurrent mark sweep GC freed 3(96B) AllocSpace objects, 0(0B) LOS objects, 38% free, 25MB/41MB, paused 370us total 15.648ms
08-06 11:36:57.760 15100 15113 I art     : Starting a blocking GC Explicit
08-06 11:36:57.777 15100 15113 I art     : Explicit concurrent mark sweep GC freed 3(96B) AllocSpace objects, 0(0B) LOS objects, 38% free, 25MB/41MB, paused 422us total 16.836ms
08-06 11:36:57.784 15100 15113 I art     : Starting a blocking GC Explicit
08-06 11:36:57.801 15100 15113 I art     : Explicit concurrent mark sweep GC freed 3(96B) AllocSpace objects, 0(0B) LOS objects, 38% free, 25MB/41MB, paused 390us total 16.941ms
08-06 11:36:58.097 15100 15220 I art     : Starting a blocking GC Explicit
08-06 11:36:58.122 15100 15220 I art     : Explicit concurrent mark sweep GC freed 1392(80KB) AllocSpace objects, 1(20KB) LOS objects, 38% free, 25MB/41MB, paused 436us total 24.626ms
08-06 11:36:58.133 15100 15220 I art     : Starting a blocking GC Explicit
08-06 11:36:58.156 15100 15220 I art     : Explicit concurrent mark sweep GC freed 23(752B) AllocSpace objects, 0(0B) LOS objects, 38% free, 25MB/41MB, paused 426us total 22.223ms
08-06 11:36:58.164 15100 15220 I art     : Starting a blocking GC Explicit
08-06 11:36:58.182 15100 15220 I art     : Explicit concurrent mark sweep GC freed 3(96B) AllocSpace objects, 0(0B) LOS objects, 38% free, 25MB/41MB, paused 395us total 18.240ms
08-06 11:36:58.190 15100 15220 I art     : Starting a blocking GC Explicit
08-06 11:36:58.207 15100 15220 I art     : Explicit concurrent mark sweep GC freed 3(96B) AllocSpace objects, 0(0B) LOS objects, 38% free, 25MB/41MB, paused 372us total 16.869ms
08-06 11:36:58.213 15100 15220 I art     : Starting a blocking GC Explicit
08-06 11:36:58.230 15100 15220 I art     : Explicit concurrent mark sweep GC freed 3(96B) AllocSpace objects, 0(0B) LOS objects, 38% free, 25MB/41MB, paused 367us total 16.891ms
08-06 11:36:58.507 15100 15112 I art     : Starting a blocking GC Explicit
08-06 11:36:58.528 15100 15112 I art     : Explicit concurrent mark sweep GC freed 1363(80KB) AllocSpace objects, 1(20KB) LOS objects, 38% free, 25MB/41MB, paused 455us total 21.224ms
08-06 11:36:58.539 15100 15112 I art     : Starting a blocking GC Explicit
08-06 11:36:58.558 15100 15112 I art     : Explicit concurrent mark sweep GC freed 23(752B) AllocSpace objects, 0(0B) LOS objects, 38% free, 25MB/41MB, paused 411us total 18.029ms
08-06 11:36:58.565 15100 15112 I art     : Starting a blocking GC Explicit
08-06 11:36:58.582 15100 15112 I art     : Explicit concurrent mark sweep GC freed 3(96B) AllocSpace objects, 0(0B) LOS objects, 38% free, 25MB/41MB, paused 384us total 17.648ms
08-06 11:36:58.589 15100 15112 I art     : Starting a blocking GC Explicit
08-06 11:36:58.607 15100 15112 I art     : Explicit concurrent mark sweep GC freed 3(96B) AllocSpace objects, 0(0B) LOS objects, 38% free, 25MB/41MB, paused 425us total 17.487ms
08-06 11:36:58.614 15100 15112 I art     : Starting a blocking GC Explicit
08-06 11:36:58.631 15100 15112 I art     : Explicit concurrent mark sweep GC freed 3(96B) AllocSpace objects, 0(0B) LOS objects, 38% free, 25MB/41MB, paused 392us total 17.293ms
08-06 11:36:58.936 15100 15113 I art     : Starting a blocking GC Explicit
08-06 11:36:58.959 15100 15113 I art     : Explicit concurrent mark sweep GC freed 1363(80KB) AllocSpace objects, 1(20KB) LOS objects, 38% free, 25MB/41MB, paused 484us total 22.686ms
08-06 11:36:58.970 15100 15113 I art     : Starting a blocking GC Explicit
08-06 11:36:58.988 15100 15113 I art     : Explicit concurrent mark sweep GC freed 52(1536B) AllocSpace objects, 0(0B) LOS objects, 38% free, 25MB/41MB, paused 402us total 17.369ms
08-06 11:36:58.994 15100 15113 I art     : Starting a blocking GC Explicit
08-06 11:36:59.012 15100 15113 I art     : Explicit concurrent mark sweep GC freed 3(96B) AllocSpace objects, 0(0B) LOS objects, 38% free, 25MB/41MB, paused 375us total 17.188ms
08-06 11:36:59.018 15100 15113 I art     : Starting a blocking GC Explicit
08-06 11:36:59.036 15100 15113 I art     : Explicit concurrent mark sweep GC freed 3(96B) AllocSpace objects, 0(0B) LOS objects, 38% free, 25MB/41MB, paused 397us total 17.202ms
08-06 11:36:59.043 15100 15113 I art     : Starting a blocking GC Explicit
08-06 11:36:59.060 15100 15113 I art     : Explicit concurrent mark sweep GC freed 3(96B) AllocSpace objects, 0(0B) LOS objects, 38% free, 25MB/41MB, paused 401us total 17.329ms
08-06 11:36:59.387 15100 15220 I art     : Starting a blocking GC Explicit
08-06 11:36:59.415 15100 15220 I art     : Explicit concurrent mark sweep GC freed 1363(80KB) AllocSpace objects, 1(20KB) LOS objects, 38% free, 25MB/41MB, paused 435us total 27.470ms
08-06 11:36:59.427 15100 15220 I art     : Starting a blocking GC Explicit
08-06 11:36:59.445 15100 15220 I art     : Explicit concurrent mark sweep GC freed 23(752B) AllocSpace objects, 0(0B) LOS objects, 38% free, 25MB/41MB, paused 405us total 18.280ms
08-06 11:36:59.452 15100 15220 I art     : Starting a blocking GC Explicit
08-06 11:36:59.471 15100 15220 I art     : Explicit concurrent mark sweep GC freed 3(96B) AllocSpace objects, 0(0B) LOS objects, 38% free, 25MB/41MB, paused 395us total 17.963ms
08-06 11:36:59.478 15100 15220 I art     : Starting a blocking GC Explicit
08-06 11:36:59.495 15100 15220 I art     : Explicit concurrent mark sweep GC freed 3(96B) AllocSpace objects, 0(0B) LOS objects, 38% free, 25MB/41MB, paused 390us total 17.237ms
08-06 11:36:59.502 15100 15220 I art     : Starting a blocking GC Explicit
08-06 11:36:59.520 15100 15220 I art     : Explicit concurrent mark sweep GC freed 3(96B) AllocSpace objects, 0(0B) LOS objects, 38% free, 25MB/41MB, paused 392us total 17.288ms
08-06 11:36:59.837 15100 15112 I art     : Starting a blocking GC Explicit
08-06 11:36:59.856 15100 15112 I art     : Explicit concurrent mark sweep GC freed 1363(80KB) AllocSpace objects, 1(20KB) LOS objects, 38% free, 25MB/41MB, paused 426us total 18.898ms
08-06 11:36:59.864 15100 15112 I art     : Starting a blocking GC Explicit
08-06 11:36:59.881 15100 15112 I art     : Explicit concurrent mark sweep GC freed 23(752B) AllocSpace objects, 0(0B) LOS objects, 38% free, 25MB/41MB, paused 434us total 17.023ms
08-06 11:36:59.887 15100 15112 I art     : Starting a blocking GC Explicit
08-06 11:36:59.904 15100 15112 I art     : Explicit concurrent mark sweep GC freed 3(96B) AllocSpace objects, 0(0B) LOS objects, 38% free, 25MB/41MB, paused 399us total 16.751ms
08-06 11:36:59.911 15100 15112 I art     : Starting a blocking GC Explicit
08-06 11:36:59.926 15100 15112 I art     : Explicit concurrent mark sweep GC freed 3(96B) AllocSpace objects, 0(0B) LOS objects, 38% free, 25MB/41MB, paused 369us total 15.225ms
08-06 11:36:59.932 15100 15112 I art     : Starting a blocking GC Explicit
08-06 11:36:59.949 15100 15112 I art     : Explicit concurrent mark sweep GC freed 3(96B) AllocSpace objects, 0(0B) LOS objects, 38% free, 25MB/41MB, paused 380us total 16.117ms
08-06 11:37:00.127 16000 16000 D AndroidRuntime: >>>>>> START com.android.internal.os.RuntimeInit uid 2000 <<<<<<
08-06 11:37:00.131 16000 16000 D AndroidRuntime: CheckJNI is OFF
08-06 11:37:00.155 16000 16000 D ICU     : No timezone override file found: /data/misc/zoneinfo/current/icu/icu_tzdata.dat
08-06 11:37:00.180 16000 16000 I Radio-JNI: register_android_hardware_Radio DONE
08-06 11:37:00.193 15100 15113 I art     : Starting a blocking GC Explicit
08-06 11:37:00.196 16000 16000 D AndroidRuntime: Calling main entry com.android.commands.input.Input
08-06 11:37:00.198 16000 16000 I Input   : injectMotionEvent: MotionEvent { action=ACTION_DOWN, actionButton=0, id[0]=0, x[0]=616.0, y[0]=469.0, toolType[0]=TOOL_TYPE_UNKNOWN, buttonState=0, metaState=0, flags=0x0, edgeFlags=0x0, pointerCount=1, historySize=0, eventTime=877036611, downTime=877036611, deviceId=0, source=0x1002 }
08-06 11:37:00.202 16000 16000 I Input   : injectMotionEvent: MotionEvent { action=ACTION_UP, actionButton=0, id[0]=0, x[0]=616.0, y[0]=469.0, toolType[0]=TOOL_TYPE_UNKNOWN, buttonState=0, metaState=0, flags=0x0, edgeFlags=0x0, pointerCount=1, historySize=0, eventTime=877036611, downTime=877036611, deviceId=0, source=0x1002 }
08-06 11:37:00.204 16000 16000 D AndroidRuntime: Shutting down VM
08-06 11:37:00.211 15100 15113 I art     : Explicit concurrent mark sweep GC freed 1409(81KB) AllocSpace objects, 1(20KB) LOS objects, 38% free, 25MB/41MB, paused 612us total 17.742ms
08-06 11:37:00.219 15100 15113 I art     : Starting a blocking GC Explicit
08-06 11:37:00.235 15100 15113 I art     : Explicit concurrent mark sweep GC freed 27(880B) AllocSpace objects, 0(0B) LOS objects, 38% free, 25MB/41MB, paused 404us total 15.854ms
08-06 11:37:00.241 15100 15113 I art     : Starting a blocking GC Explicit
08-06 11:37:00.257 15100 15113 I art     : Explicit concurrent mark sweep GC freed 4(128B) AllocSpace objects, 0(0B) LOS objects, 38% free, 25MB/41MB, paused 490us total 15.749ms
08-06 11:37:00.263 15100 15113 I art     : Starting a blocking GC Explicit
08-06 11:37:00.270   512  2967 D audio_hw_primary: out_set_parameters: enter: usecase(1: low-latency-playback) kvpairs: routing=2
08-06 11:37:00.281 15100 15113 I art     : Explicit concurrent mark sweep GC freed 168(7KB) AllocSpace objects, 0(0B) LOS objects, 38% free, 25MB/41MB, paused 566us total 17.299ms
08-06 11:37:00.283   512  2967 D audio_hw_primary: select_devices: out_snd_device(2: speaker) in_snd_device(0: none)
08-06 11:37:00.283   512  2967 D msm8974_platform: platform_send_audio_calibration: sending audio calibration for snd_device(2) acdb_id(15)
08-06 11:37:00.283   512  2967 I soundtrigger: audio_extn_sound_trigger_update_device_status: device 0x2 of type 0 for Event 1
08-06 11:37:00.288 15100 15113 I art     : Starting a blocking GC Explicit
08-06 11:37:00.297   512  2967 D audio_hw_primary: enable_snd_device: snd_device(2: speaker)
08-06 11:37:00.299   512  2967 D audio_hw_primary: enable_audio_route: apply and update mixer path: low-latency-playback speaker
08-06 11:37:00.307 15100 15113 I art     : Explicit concurrent mark sweep GC freed 49(2528B) AllocSpace objects, 0(0B) LOS objects, 38% free, 25MB/41MB, paused 460us total 19.049ms
08-06 11:37:00.525 15100 15124 I NAPPA_EXPERIMENTATION: MetricNetworkRequestExecutionTime: REQUEST_DURATION_SYSTEM='256',REQUEST_DURATION_OKHTTP='254',REQUEST_SYNCHRONOUS='TRUE',RESPONSE_CODE='200',RESPONSE_METHOD='GET',RESPONSE_LENGTH_OKHTTP='-1',RESPONSE_LENGTH_HEADER='628',REQUEST_PROTOCOL='h2',REQUEST_URL='https://itunes.apple.com/lookup?id=1524080195',
08-06 11:37:00.547   918  3714 I ActivityManager: START u0 {cmp=baseline.de.danoeh.antennapod.debug/baseline.de.danoeh.antennapod.activity.OnlineFeedViewActivity (has extras)} from uid 10711 on display 0
08-06 11:37:00.553 15100 15220 I art     : Starting a blocking GC Explicit
08-06 11:37:00.566 13866 13866 I GoogleInputMethodServic: GoogleInputMethodService.onFinishInput():3138 
08-06 11:37:00.567 13866 13866 I GoogleInputMethodServic: GoogleInputMethodService.onStartInput():1808 
08-06 11:37:00.572 15100 15220 I art     : Explicit concurrent mark sweep GC freed 2224(139KB) AllocSpace objects, 1(20KB) LOS objects, 38% free, 25MB/41MB, paused 391us total 18.671ms
08-06 11:37:00.579 15100 15220 I art     : Starting a blocking GC Explicit
08-06 11:37:00.588 15100 15100 D UserPreferences: Using default data folder
08-06 11:37:00.589 15100 15100 D OnlineFeedViewActivity: Activity was started with url https://rss.art19.com/nice-white-parents
08-06 11:37:00.591 15100 15100 D OnlineFeedViewActivity: Starting feed download
08-06 11:37:00.594 15100 15120 D DBReader: Extracting Feedlist
08-06 11:37:00.598 15100 15220 I art     : Explicit concurrent mark sweep GC freed 1277(84KB) AllocSpace objects, 0(0B) LOS objects, 38% free, 26MB/42MB, paused 1.035ms total 19.358ms
08-06 11:37:00.599   918  4400 D WifiService: acquireWifiLockLocked: WifiLock{Downloader type=1 binder=android.os.BinderProxy@2400e7}
08-06 11:37:00.599 15100 15120 D AntennapodHttpClient: Creating new instance of HTTP client
08-06 11:37:00.605 15100 15220 I art     : Starting a blocking GC Explicit
08-06 11:37:00.622 15100 15220 I art     : Explicit concurrent mark sweep GC freed 561(30KB) AllocSpace objects, 0(0B) LOS objects, 38% free, 26MB/42MB, paused 480us total 16.057ms
08-06 11:37:00.628 15100 15220 I art     : Starting a blocking GC Explicit
08-06 11:37:00.644 15100 15220 I art     : Explicit concurrent mark sweep GC freed 68(3KB) AllocSpace objects, 0(0B) LOS objects, 38% free, 26MB/42MB, paused 405us total 15.713ms
08-06 11:37:00.651 15100 15220 I art     : Starting a blocking GC Explicit
08-06 11:37:00.655 13866 13866 I GoogleInputMethodServic: GoogleInputMethodService.onFinishInput():3138 
08-06 11:37:00.656 13866 13866 I GoogleInputMethodServic: GoogleInputMethodService.onStartInput():1808 
08-06 11:37:00.668 15100 15220 I art     : Explicit concurrent mark sweep GC freed 117(4KB) AllocSpace objects, 0(0B) LOS objects, 37% free, 26MB/42MB, paused 547us total 17.402ms
08-06 11:37:00.678   918   936 I ActivityManager: Displayed baseline.de.danoeh.antennapod.debug/baseline.de.danoeh.antennapod.activity.OnlineFeedViewActivity: +111ms
08-06 11:37:00.830   512  2967 D audio_hw_primary: disable_audio_route: reset and update mixer path: low-latency-playback speaker
08-06 11:37:00.834   512  2967 D audio_hw_primary: disable_snd_device: snd_device(2: speaker)
08-06 11:37:00.843   512  2967 I soundtrigger: audio_extn_sound_trigger_update_device_status: device 0x2 of type 0 for Event 0
08-06 11:37:00.891 15100 15120 D MYTAG   : interceptor 3a https://rss.art19.com/nice-white-parents
08-06 11:37:00.891 15100 15120 I NAPPA_EXPERIMENTATION: MetricNetworkRequestExecutionTime: REQUEST_DURATION_SYSTEM='290',REQUEST_DURATION_OKHTTP='140',REQUEST_SYNCHRONOUS='TRUE',RESPONSE_CODE='200',RESPONSE_METHOD='GET',RESPONSE_LENGTH_OKHTTP='-1',RESPONSE_LENGTH_HEADER='1803',REQUEST_PROTOCOL='h2',REQUEST_URL='https://rss.art19.com/nice-white-parents',
08-06 11:37:00.892 15100 15120 D HttpDownloader: Response code is 200
08-06 11:37:00.892 15100 15120 D UserPreferences: Using default data folder
08-06 11:37:00.897 15100 15120 D HttpDownloader: Getting size of download
08-06 11:37:00.900 15100 15120 D HttpDownloader: Size is -1
08-06 11:37:00.900 15100 15120 D UserPreferences: Using default data folder
08-06 11:37:00.901 15100 15120 D HttpDownloader: Free space is 20199497728
08-06 11:37:00.901 15100 15120 D HttpDownloader: Starting download
08-06 11:37:00.903 15100 15120 D HttpDownloader: Download was successful
08-06 11:37:00.908   918   929 D WifiService: releaseWifiLockLocked: WifiLock{Downloader type=1 binder=android.os.BinderProxy@2400e7}
08-06 11:37:00.909 15100 15100 D OnlineFeedViewActivity: Parsing feed
08-06 11:37:00.928   380   380 W SurfaceFlinger: couldn't log to binary event log: overflow.
08-06 11:37:00.934 15100 16047 D TypeGetter: Recognized type RSS 2.0
08-06 11:37:00.940 15100 16047 D SyndHandler: Recognized ITunes namespace
08-06 11:37:00.942 15100 16047 D SyndHandler: Recognized Atom namespace
08-06 11:37:00.942 15100 16047 D SyndHandler: Recognized Content namespace
08-06 11:37:00.951 15100 16047 D OnlineFeedViewActivity: Deleted feed source file. Result: true
08-06 11:37:00.951 15100 15100 D OnlineFeedViewActivity: Removing HTML from shownotes
08-06 11:37:00.956 15100 15220 I art     : Starting a blocking GC Explicit
08-06 11:37:00.976 15100 15220 I art     : Explicit concurrent mark sweep GC freed 8716(606KB) AllocSpace objects, 7(280KB) LOS objects, 37% free, 26MB/42MB, paused 611us total 20.367ms
08-06 11:37:00.983 15100 15220 I art     : Starting a blocking GC Explicit
08-06 11:37:01.000 15100 15100 W art     : Before Android 4.1, method int androidx.appcompat.widget.DropDownListView.lookForSelectablePosition(int, boolean) would have incorrectly overridden the package-private method in android.widget.ListView
08-06 11:37:01.002 15100 15220 I art     : Explicit concurrent mark sweep GC freed 4167(270KB) AllocSpace objects, 0(0B) LOS objects, 37% free, 27MB/43MB, paused 789us total 18.874ms
08-06 11:37:01.005 15100 15100 I ListPopupWindow: Could not find method setEpicenterBounds(Rect) on PopupWindow. Oh well.
08-06 11:37:01.008 15100 15220 I art     : Starting a blocking GC Explicit
08-06 11:37:01.019 15100 16048 D ApOkHttpUrlLoader: buildLoadData() called with: model = [https://content.production.cdn.art19.com/images/89/e0/88/44/89e08844-ac28-4fc0-96fa-15a41fec2014/262c12ed699a8d9720dea0bd66449d998e4a08cf18095bed170ccaa76722045fa5dbf7a366918b2db7e3acf29ad22f6b99fd659a9409cb807bf2781d968932f8.jpeg], width = [350], height = [350]
08-06 11:37:01.024 15100 15852 D DBReader: getImageAuthentication() called with: imageUrl = [https://content.production.cdn.art19.com/images/89/e0/88/44/89e08844-ac28-4fc0-96fa-15a41fec2014/262c12ed699a8d9720dea0bd66449d998e4a08cf18095bed170ccaa76722045fa5dbf7a366918b2db7e3acf29ad22f6b99fd659a9409cb807bf2781d968932f8.jpeg]
08-06 11:37:01.025 15100 15852 D ApOkHttpUrlLoader: no credentials for 'https://content.production.cdn.art19.com/images/89/e0/88/44/89e08844-ac28-4fc0-96fa-15a41fec2014/262c12ed699a8d9720dea0bd66449d998e4a08cf18095bed170ccaa76722045fa5dbf7a366918b2db7e3acf29ad22f6b99fd659a9409cb807bf2781d968932f8.jpeg'
08-06 11:37:01.041 15100 15220 I art     : Explicit concurrent mark sweep GC freed 1503(169KB) AllocSpace objects, 3(152KB) LOS objects, 37% free, 27MB/43MB, paused 14.480ms total 32.843ms
08-06 11:37:01.049 15100 15220 I art     : Starting a blocking GC Explicit
08-06 11:37:01.071 15100 15100 D PlaybackController: Releasing PlaybackController
08-06 11:37:01.077 15100 15220 I art     : Explicit concurrent mark sweep GC freed 6189(312KB) AllocSpace objects, 0(0B) LOS objects, 37% free, 27MB/43MB, paused 538us total 28.202ms
08-06 11:37:01.084 15100 15220 I art     : Starting a blocking GC Explicit
08-06 11:37:01.102 15100 15220 I art     : Explicit concurrent mark sweep GC freed 1647(89KB) AllocSpace objects, 1(112KB) LOS objects, 37% free, 26MB/42MB, paused 504us total 17.723ms
08-06 11:37:01.364 15100 15852 D MYTAG   : interceptor 2a
08-06 11:37:01.365 15100 15852 I NAPPA_EXPERIMENTATION: MetricNetworkRequestExecutionTime: REQUEST_DURATION_SYSTEM='339',REQUEST_DURATION_OKHTTP='154',REQUEST_SYNCHRONOUS='TRUE',RESPONSE_CODE='200',RESPONSE_METHOD='GET',RESPONSE_LENGTH_OKHTTP='2466122',RESPONSE_LENGTH_HEADER='2466122',REQUEST_PROTOCOL='h2',REQUEST_URL='https://content.production.cdn.art19.com/images/89/e0/88/44/89e08844-ac28-4fc0-96fa-15a41fec2014/262c12ed699a8d9720dea0bd66449d998e4a08cf18095bed170ccaa76722045fa5dbf7a366918b2db7e3acf29ad22f6b99fd659a9409cb807bf2781d968932f8.jpeg',
08-06 11:37:01.376 15100 15220 I art     : Starting a blocking GC Explicit
08-06 11:37:01.400 15100 15220 I art     : Explicit concurrent mark sweep GC freed 5600(270KB) AllocSpace objects, 1(20KB) LOS objects, 37% free, 26MB/42MB, paused 608us total 23.999ms
08-06 11:37:01.408 15100 15220 I art     : Starting a blocking GC Explicit
08-06 11:37:01.428 15100 15220 I art     : Explicit concurrent mark sweep GC freed 96(3KB) AllocSpace objects, 0(0B) LOS objects, 37% free, 26MB/42MB, paused 471us total 19.821ms
08-06 11:37:01.435 15100 15220 I art     : Starting a blocking GC Explicit
08-06 11:37:01.455 15100 15220 I art     : Explicit concurrent mark sweep GC freed 27(864B) AllocSpace objects, 0(0B) LOS objects, 37% free, 26MB/42MB, paused 597us total 19.799ms
08-06 11:37:01.462 15100 15220 I art     : Starting a blocking GC Explicit
08-06 11:37:01.481 15100 15220 I art     : Explicit concurrent mark sweep GC freed 39(1248B) AllocSpace objects, 0(0B) LOS objects, 37% free, 26MB/42MB, paused 452us total 19.022ms
08-06 11:37:01.488 15100 15220 I art     : Starting a blocking GC Explicit
08-06 11:37:01.506 15100 15220 I art     : Explicit concurrent mark sweep GC freed 45(1440B) AllocSpace objects, 0(0B) LOS objects, 37% free, 26MB/42MB, paused 441us total 17.801ms
08-06 11:37:01.766 15100 15113 I art     : Starting a blocking GC Explicit
08-06 11:37:01.794 15100 15113 I art     : Explicit concurrent mark sweep GC freed 2731(139KB) AllocSpace objects, 1(20KB) LOS objects, 36% free, 27MB/43MB, paused 698us total 28.439ms
08-06 11:37:01.804 15100 15113 I art     : Starting a blocking GC Explicit
08-06 11:37:01.826 15100 15113 I art     : Explicit concurrent mark sweep GC freed 36(1120B) AllocSpace objects, 0(0B) LOS objects, 36% free, 27MB/43MB, paused 548us total 21.241ms
08-06 11:37:01.833 15100 15113 I art     : Starting a blocking GC Explicit
08-06 11:37:01.854 15100 15113 I art     : Explicit concurrent mark sweep GC freed 61(13KB) AllocSpace objects, 0(0B) LOS objects, 36% free, 27MB/43MB, paused 501us total 20.234ms
08-06 11:37:01.861 15100 15113 I art     : Starting a blocking GC Explicit
08-06 11:37:01.880 15100 15113 I art     : Explicit concurrent mark sweep GC freed 95(4KB) AllocSpace objects, 0(0B) LOS objects, 36% free, 27MB/43MB, paused 420us total 19.102ms
08-06 11:37:01.887 15100 15113 I art     : Starting a blocking GC Explicit
08-06 11:37:01.906 15100 15113 I art     : Explicit concurrent mark sweep GC freed 5(176B) AllocSpace objects, 0(0B) LOS objects, 36% free, 27MB/43MB, paused 450us total 19.098ms
08-06 11:37:02.221 15100 15220 I art     : Starting a blocking GC Explicit
08-06 11:37:02.255 15100 15220 I art     : Explicit concurrent mark sweep GC freed 1398(80KB) AllocSpace objects, 1(20KB) LOS objects, 36% free, 27MB/43MB, paused 716us total 33.519ms
08-06 11:37:02.269 15100 15220 I art     : Starting a blocking GC Explicit
08-06 11:37:02.288 15100 15220 I art     : Explicit concurrent mark sweep GC freed 23(752B) AllocSpace objects, 0(0B) LOS objects, 36% free, 27MB/43MB, paused 458us total 19.265ms
08-06 11:37:02.295 15100 15220 I art     : Starting a blocking GC Explicit
08-06 11:37:02.315 15100 15220 I art     : Explicit concurrent mark sweep GC freed 3(96B) AllocSpace objects, 0(0B) LOS objects, 36% free, 27MB/43MB, paused 447us total 19.614ms
08-06 11:37:02.322 15100 15220 I art     : Starting a blocking GC Explicit
08-06 11:37:02.342 15100 15220 I art     : Explicit concurrent mark sweep GC freed 3(96B) AllocSpace objects, 0(0B) LOS objects, 36% free, 27MB/43MB, paused 460us total 19.664ms
08-06 11:37:02.349 15100 15220 I art     : Starting a blocking GC Explicit
08-06 11:37:02.369 15100 15220 I art     : Explicit concurrent mark sweep GC freed 3(96B) AllocSpace objects, 0(0B) LOS objects, 36% free, 27MB/43MB, paused 444us total 20.052ms
08-06 11:37:02.699 15100 15112 I art     : Starting a blocking GC Explicit
08-06 11:37:02.728 15100 15112 I art     : Explicit concurrent mark sweep GC freed 1382(80KB) AllocSpace objects, 1(20KB) LOS objects, 36% free, 27MB/43MB, paused 590us total 29.251ms
08-06 11:37:02.739 15100 15112 I art     : Starting a blocking GC Explicit
08-06 11:37:02.760 15100 15112 I art     : Explicit concurrent mark sweep GC freed 27(880B) AllocSpace objects, 0(0B) LOS objects, 36% free, 27MB/43MB, paused 471us total 20.963ms
08-06 11:37:02.767 15100 15112 I art     : Starting a blocking GC Explicit
08-06 11:37:02.787 15100 15112 I art     : Explicit concurrent mark sweep GC freed 6(192B) AllocSpace objects, 0(0B) LOS objects, 36% free, 27MB/43MB, paused 579us total 19.902ms
08-06 11:37:02.794 15100 15112 I art     : Starting a blocking GC Explicit
08-06 11:37:02.815 15100 15112 I art     : Explicit concurrent mark sweep GC freed 6(192B) AllocSpace objects, 0(0B) LOS objects, 36% free, 27MB/43MB, paused 617us total 20.007ms
08-06 11:37:02.822 15100 15112 I art     : Starting a blocking GC Explicit
08-06 11:37:02.842 15100 15112 I art     : Explicit concurrent mark sweep GC freed 7(224B) AllocSpace objects, 0(0B) LOS objects, 36% free, 27MB/43MB, paused 456us total 19.999ms
08-06 11:37:03.142 15100 15112 I art     : Starting a blocking GC Explicit
08-06 11:37:03.171 15100 15112 I art     : Explicit concurrent mark sweep GC freed 1396(82KB) AllocSpace objects, 1(20KB) LOS objects, 36% free, 27MB/43MB, paused 520us total 29.030ms
08-06 11:37:03.182 15100 15112 I art     : Starting a blocking GC Explicit
08-06 11:37:03.203 15100 15112 I art     : Explicit concurrent mark sweep GC freed 23(752B) AllocSpace objects, 0(0B) LOS objects, 36% free, 27MB/43MB, paused 474us total 20.616ms
08-06 11:37:03.210 15100 15112 I art     : Starting a blocking GC Explicit
08-06 11:37:03.231 15100 15112 I art     : Explicit concurrent mark sweep GC freed 3(96B) AllocSpace objects, 0(0B) LOS objects, 36% free, 27MB/43MB, paused 470us total 20.872ms
08-06 11:37:03.239 15100 15112 I art     : Starting a blocking GC Explicit
08-06 11:37:03.259 15100 15112 I art     : Explicit concurrent mark sweep GC freed 3(96B) AllocSpace objects, 0(0B) LOS objects, 36% free, 27MB/43MB, paused 532us total 20.602ms
08-06 11:37:03.267 15100 15112 I art     : Starting a blocking GC Explicit
08-06 11:37:03.288 15100 15112 I art     : Explicit concurrent mark sweep GC freed 3(96B) AllocSpace objects, 0(0B) LOS objects, 36% free, 27MB/43MB, paused 482us total 20.844ms
08-06 11:37:03.608 15100 15220 I art     : Starting a blocking GC Explicit
08-06 11:37:03.642 15100 15220 I art     : Explicit concurrent mark sweep GC freed 1366(80KB) AllocSpace objects, 1(20KB) LOS objects, 36% free, 27MB/43MB, paused 519us total 33.421ms
08-06 11:37:03.653 15100 15220 I art     : Starting a blocking GC Explicit
08-06 11:37:03.674 15100 15220 I art     : Explicit concurrent mark sweep GC freed 23(752B) AllocSpace objects, 0(0B) LOS objects, 36% free, 27MB/43MB, paused 459us total 20.754ms
08-06 11:37:03.682 15100 15220 I art     : Starting a blocking GC Explicit
08-06 11:37:03.703 15100 15220 I art     : Explicit concurrent mark sweep GC freed 3(96B) AllocSpace objects, 0(0B) LOS objects, 36% free, 27MB/43MB, paused 466us total 20.740ms
08-06 11:37:03.710 15100 15220 I art     : Starting a blocking GC Explicit
08-06 11:37:03.730 15100 15220 I art     : Explicit concurrent mark sweep GC freed 3(96B) AllocSpace objects, 0(0B) LOS objects, 36% free, 27MB/43MB, paused 451us total 20.128ms
08-06 11:37:03.737 15100 15220 I art     : Starting a blocking GC Explicit
08-06 11:37:03.757 15100 15220 I art     : Explicit concurrent mark sweep GC freed 3(96B) AllocSpace objects, 0(0B) LOS objects, 36% free, 27MB/43MB, paused 479us total 20.088ms
08-06 11:37:04.074 15100 15113 I art     : Starting a blocking GC Explicit
08-06 11:37:04.109 15100 15113 I art     : Explicit concurrent mark sweep GC freed 1395(80KB) AllocSpace objects, 1(20KB) LOS objects, 36% free, 27MB/43MB, paused 909us total 33.875ms
08-06 11:37:04.121 15100 15113 I art     : Starting a blocking GC Explicit
08-06 11:37:04.142 15100 15113 I art     : Explicit concurrent mark sweep GC freed 23(752B) AllocSpace objects, 0(0B) LOS objects, 36% free, 27MB/43MB, paused 486us total 20.986ms
08-06 11:37:04.150 15100 15113 I art     : Starting a blocking GC Explicit
08-06 11:37:04.170 15100 15113 I art     : Explicit concurrent mark sweep GC freed 3(96B) AllocSpace objects, 0(0B) LOS objects, 36% free, 27MB/43MB, paused 451us total 20.178ms
08-06 11:37:04.177 15100 15113 I art     : Starting a blocking GC Explicit
08-06 11:37:04.198 15100 15113 I art     : Explicit concurrent mark sweep GC freed 3(96B) AllocSpace objects, 0(0B) LOS objects, 36% free, 27MB/43MB, paused 456us total 20.212ms
08-06 11:37:04.205 15100 15113 I art     : Starting a blocking GC Explicit
08-06 11:37:04.225 15100 15113 I art     : Explicit concurrent mark sweep GC freed 3(96B) AllocSpace objects, 0(0B) LOS objects, 36% free, 27MB/43MB, paused 465us total 20.216ms
08-06 11:37:04.526 15100 15112 I art     : Starting a blocking GC Explicit
08-06 11:37:04.548 15100 15112 I art     : Explicit concurrent mark sweep GC freed 1366(80KB) AllocSpace objects, 1(20KB) LOS objects, 36% free, 27MB/43MB, paused 486us total 21.570ms
08-06 11:37:04.556 15100 15112 I art     : Starting a blocking GC Explicit
08-06 11:37:04.576 15100 15112 I art     : Explicit concurrent mark sweep GC freed 23(752B) AllocSpace objects, 0(0B) LOS objects, 36% free, 27MB/43MB, paused 502us total 19.471ms
08-06 11:37:04.583 15100 15112 I art     : Starting a blocking GC Explicit
08-06 11:37:04.603 15100 15112 I art     : Explicit concurrent mark sweep GC freed 3(96B) AllocSpace objects, 0(0B) LOS objects, 36% free, 27MB/43MB, paused 485us total 19.584ms
08-06 11:37:04.609 15100 15112 I art     : Starting a blocking GC Explicit
08-06 11:37:04.629 15100 15112 I art     : Explicit concurrent mark sweep GC freed 3(96B) AllocSpace objects, 0(0B) LOS objects, 36% free, 27MB/43MB, paused 465us total 19.393ms
08-06 11:37:04.636 15100 15112 I art     : Starting a blocking GC Explicit
08-06 11:37:04.656 15100 15112 I art     : Explicit concurrent mark sweep GC freed 3(96B) AllocSpace objects, 0(0B) LOS objects, 36% free, 27MB/43MB, paused 452us total 19.716ms
08-06 11:37:04.782 16131 16131 D AndroidRuntime: >>>>>> START com.android.internal.os.RuntimeInit uid 2000 <<<<<<
08-06 11:37:04.788 16131 16131 D AndroidRuntime: CheckJNI is OFF
08-06 11:37:04.819 16131 16131 D ICU     : No timezone override file found: /data/misc/zoneinfo/current/icu/icu_tzdata.dat
08-06 11:37:04.844 16131 16131 I Radio-JNI: register_android_hardware_Radio DONE
08-06 11:37:04.859 16131 16131 D AndroidRuntime: Calling main entry com.android.commands.input.Input
08-06 11:37:04.861 16131 16131 I Input   : injectMotionEvent: MotionEvent { action=ACTION_DOWN, actionButton=0, id[0]=0, x[0]=625.0, y[0]=832.0, toolType[0]=TOOL_TYPE_UNKNOWN, buttonState=0, metaState=0, flags=0x0, edgeFlags=0x0, pointerCount=1, historySize=0, eventTime=877041274, downTime=877041274, deviceId=0, source=0x1002 }
08-06 11:37:04.866 16131 16131 I Input   : injectMotionEvent: MotionEvent { action=ACTION_UP, actionButton=0, id[0]=0, x[0]=625.0, y[0]=832.0, toolType[0]=TOOL_TYPE_UNKNOWN, buttonState=0, metaState=0, flags=0x0, edgeFlags=0x0, pointerCount=1, historySize=0, eventTime=877041274, downTime=877041274, deviceId=0, source=0x1002 }
08-06 11:37:04.868 16131 16131 D AndroidRuntime: Shutting down VM
08-06 11:37:04.885 15100 15100 D UserPreferences: Using default data folder
08-06 11:37:04.887 15100 15100 D DownloadRequester: partiallyDownloadedFileExists: false
08-06 11:37:04.888 15100 15100 D DownloadRequester: /storage/emulated/0/Android/data/baseline.de.danoeh.antennapod.debug/files/cache/feed-Nice White Parents is available as a download destination
08-06 11:37:04.889 15100 15100 D DownloadRequester: Requesting download of url https://rss.art19.com/nice-white-parents
08-06 11:37:04.891   512  2967 D audio_hw_primary: out_set_parameters: enter: usecase(1: low-latency-playback) kvpairs: routing=2
08-06 11:37:04.893 15100 15100 D DownloadService: Service started
08-06 11:37:04.894 15100 15100 D DownloadService: parallel downloads: 4
08-06 11:37:04.895 15100 16158 D downloadCompletionThd: downloadCompletionThread was started
08-06 11:37:04.896 15100 15100 D DownloadService: Notification set up
08-06 11:37:04.904   512  2967 D audio_hw_primary: select_devices: out_snd_device(2: speaker) in_snd_device(0: none)
08-06 11:37:04.904   512  2967 D msm8974_platform: platform_send_audio_calibration: sending audio calibration for snd_device(2) acdb_id(15)
08-06 11:37:04.905   512  2967 I soundtrigger: audio_extn_sound_trigger_update_device_status: device 0x2 of type 0 for Event 1
08-06 11:37:04.905 15100 15100 D DownloadService: Received enqueue request
08-06 11:37:04.907 15100 15100 D OnlineFeedViewActivity: onEventMainThread() called with: event = [DownloadEvent{update=DownloaderUpdate{downloaders=[baseline.de.danoeh.antennapod.core.service.download.HttpDownloader@c66911b], feedIds=[0], mediaIds=[]}}]
08-06 11:37:04.908 15100 15100 D DownloadService: 1 downloads left
08-06 11:37:04.908 15100 15100 D DownloadService: Setting up notification updater
08-06 11:37:04.909   918  6110 D WifiService: acquireWifiLockLocked: WifiLock{Downloader type=1 binder=android.os.BinderProxy@3ee6d56}
08-06 11:37:04.910 15100 16160 D AntennapodHttpClient: Creating new instance of HTTP client
08-06 11:37:04.916   512  2967 D audio_hw_primary: enable_snd_device: snd_device(2: speaker)
08-06 11:37:04.920   512  2967 D audio_hw_primary: enable_audio_route: apply and update mixer path: low-latency-playback speaker
08-06 11:37:04.922 15100 15220 I art     : Starting a blocking GC Explicit
08-06 11:37:04.941 15100 15220 I art     : Explicit concurrent mark sweep GC freed 2556(150KB) AllocSpace objects, 1(20KB) LOS objects, 36% free, 27MB/43MB, paused 587us total 19.236ms
08-06 11:37:04.948 15100 15220 I art     : Starting a blocking GC Explicit
08-06 11:37:04.967 15100 15220 I art     : Explicit concurrent mark sweep GC freed 33(1216B) AllocSpace objects, 0(0B) LOS objects, 36% free, 27MB/43MB, paused 876us total 18.735ms
08-06 11:37:04.974 15100 15220 I art     : Starting a blocking GC Explicit
08-06 11:37:04.992 15100 15220 I art     : Explicit concurrent mark sweep GC freed 45(1440B) AllocSpace objects, 0(0B) LOS objects, 36% free, 27MB/43MB, paused 560us total 18.155ms
08-06 11:37:04.998 15100 15220 I art     : Starting a blocking GC Explicit
08-06 11:37:05.017 15100 15220 I art     : Explicit concurrent mark sweep GC freed 66(4KB) AllocSpace objects, 0(0B) LOS objects, 36% free, 27MB/43MB, paused 820us total 18.471ms
08-06 11:37:05.024 15100 15220 I art     : Starting a blocking GC Explicit
08-06 11:37:05.043 15100 15220 I art     : Explicit concurrent mark sweep GC freed 17(704B) AllocSpace objects, 0(0B) LOS objects, 36% free, 27MB/43MB, paused 583us total 18.863ms
08-06 11:37:05.257 15100 16160 D MYTAG   : interceptor 3a https://rss.art19.com/nice-white-parents
08-06 11:37:05.257 15100 16160 I NAPPA_EXPERIMENTATION: MetricNetworkRequestExecutionTime: REQUEST_DURATION_SYSTEM='345',REQUEST_DURATION_OKHTTP='147',REQUEST_SYNCHRONOUS='TRUE',RESPONSE_CODE='200',RESPONSE_METHOD='GET',RESPONSE_LENGTH_OKHTTP='-1',RESPONSE_LENGTH_HEADER='1803',REQUEST_PROTOCOL='h2',REQUEST_URL='https://rss.art19.com/nice-white-parents',
08-06 11:37:05.257 15100 16160 D HttpDownloader: Response code is 200
08-06 11:37:05.258 15100 16160 D UserPreferences: Using default data folder
08-06 11:37:05.261 15100 16160 D HttpDownloader: Getting size of download
08-06 11:37:05.261 15100 16160 D HttpDownloader: Size is -1
08-06 11:37:05.261 15100 16160 D UserPreferences: Using default data folder
08-06 11:37:05.262 15100 16160 D HttpDownloader: Free space is 20196986880
08-06 11:37:05.262 15100 16160 D HttpDownloader: Starting download
08-06 11:37:05.265 15100 16160 D HttpDownloader: Download was successful
08-06 11:37:05.266   918   929 D WifiService: releaseWifiLockLocked: WifiLock{Downloader type=1 binder=android.os.BinderProxy@3ee6d56}
08-06 11:37:05.269 15100 16158 D downloadCompletionThd: Received 'Download Complete' - message.
08-06 11:37:05.269 15100 16158 D DownloadService: Handling completed Feed Download
08-06 11:37:05.269 15100 15100 D DownloadService: Removing downloader: https://rss.art19.com/nice-white-parents
08-06 11:37:05.269 15100 15100 D DownloadService: Result of downloads.remove: true
08-06 11:37:05.270 15100 15100 D OnlineFeedViewActivity: onEventMainThread() called with: event = [DownloadEvent{update=DownloaderUpdate{downloaders=[], feedIds=[], mediaIds=[]}}]
08-06 11:37:05.273 15100 16176 D TypeGetter: Recognized type RSS 2.0
08-06 11:37:05.274 15100 16176 D SyndHandler: Recognized ITunes namespace
08-06 11:37:05.274 15100 16176 D SyndHandler: Recognized Atom namespace
08-06 11:37:05.274 15100 16176 D SyndHandler: Recognized Content namespace
08-06 11:37:05.279 15100 16176 D FeedSyncThread: Nice White Parents parsed
08-06 11:37:05.279 15100 16176 D FeedSyncThread: Deletion of file '/storage/emulated/0/Android/data/baseline.de.danoeh.antennapod.debug/files/cache/feed-Nice White Parents' successful
08-06 11:37:05.279 15100 16176 D DBReader: getFeedDownloadLog() called with: feed = [baseline.de.danoeh.antennapod.core.feed.Feed@0]
08-06 11:37:05.281 15100 16159 D FeedSyncThread: Bundling 1 feeds
08-06 11:37:05.282 15100 16177 D DBReader: Extracting Feedlist
08-06 11:37:05.283 15100 16177 D DBTasks : Found no existing Feed with title Nice White Parents. Adding as new one.
08-06 11:37:05.286 15100 16178 D PodDBAdapter: Setting feed with flattr status Nice White Parents: 0
08-06 11:37:05.286 15100 16178 D baseline.de.danoeh.antennapod.core.storage.PodDBAdapter@c6ea0d0: Inserting new Feed into db
08-06 11:37:05.300 15100 15100 D EventDistributor: Processing event queue. Number of events: 1
08-06 11:37:05.301 15100 15100 D EventDistributor: Notifying observers. Data: 1
08-06 11:37:05.301 15100 15100 D DownloadService: 0 downloads left
08-06 11:37:05.301 15100 15636 D DBReader: Extracting Feedlist
08-06 11:37:05.301 15100 15100 D DownloadService: Number of downloads is 0, attempting shutdown
08-06 11:37:05.302 15100 15100 D DownloadService: Service shutting down
08-06 11:37:05.302 15100 15100 D DownloadService: No report is created
08-06 11:37:05.303 15100 15100 D OnlineFeedViewActivity: onEventMainThread() called with: event = [DownloadEvent{update=DownloaderUpdate{downloaders=[], feedIds=[], mediaIds=[]}}]
08-06 11:37:05.304 15100 15113 I art     : Starting a blocking GC Explicit
08-06 11:37:05.304 15100 15100 D DownloadService: NotificationUpdater cancelled. Result: false
08-06 11:37:05.305 15100 15100 D DBTasks : autodownloadUndownloadedItems
08-06 11:37:05.307 15100 16158 E downloadCompletionThd: DownloadCompletionThread was interrupted
08-06 11:37:05.309 15100 16179 D NetworkUtils: Device is connected to Wi-Fi
08-06 11:37:05.309 15100 16179 D NetworkUtils: Auto-dl filter is disabled
08-06 11:37:05.326 15100 15113 I art     : Explicit concurrent mark sweep GC freed 7436(573KB) AllocSpace objects, 8(300KB) LOS objects, 36% free, 27MB/43MB, paused 630us total 22.610ms
08-06 11:37:05.333 15100 15113 I art     : Starting a blocking GC Explicit
08-06 11:37:05.354 15100 15113 I art     : Explicit concurrent mark sweep GC freed 1283(133KB) AllocSpace objects, 0(0B) LOS objects, 36% free, 27MB/43MB, paused 645us total 20.645ms
08-06 11:37:05.361 15100 15113 I art     : Starting a blocking GC Explicit
08-06 11:37:05.381 15100 15113 I art     : Explicit concurrent mark sweep GC freed 16(496B) AllocSpace objects, 0(0B) LOS objects, 36% free, 27MB/43MB, paused 562us total 19.930ms
08-06 11:37:05.388 15100 15113 I art     : Starting a blocking GC Explicit
08-06 11:37:05.408 15100 15113 I art     : Explicit concurrent mark sweep GC freed 13(512B) AllocSpace objects, 0(0B) LOS objects, 36% free, 27MB/43MB, paused 534us total 19.531ms
08-06 11:37:05.414 15100 15113 I art     : Starting a blocking GC Explicit
08-06 11:37:05.434 15100 15113 I art     : Explicit concurrent mark sweep GC freed 5(160B) AllocSpace objects, 0(0B) LOS objects, 36% free, 27MB/43MB, paused 512us total 19.129ms
08-06 11:37:05.458   512  2967 D audio_hw_primary: disable_audio_route: reset and update mixer path: low-latency-playback speaker
08-06 11:37:05.459   512  2967 D audio_hw_primary: disable_snd_device: snd_device(2: speaker)
08-06 11:37:05.466   512  2967 I soundtrigger: audio_extn_sound_trigger_update_device_status: device 0x2 of type 0 for Event 0
08-06 11:37:05.713 15100 15112 I art     : Starting a blocking GC Explicit
08-06 11:37:05.737 15100 15112 I art     : Explicit concurrent mark sweep GC freed 1379(80KB) AllocSpace objects, 1(20KB) LOS objects, 36% free, 27MB/43MB, paused 556us total 23.854ms
08-06 11:37:05.744 15100 15112 I art     : Starting a blocking GC Explicit
08-06 11:37:05.766 15100 15112 I art     : Explicit concurrent mark sweep GC freed 25(816B) AllocSpace objects, 0(0B) LOS objects, 36% free, 27MB/43MB, paused 608us total 21.471ms
08-06 11:37:05.773 15100 15112 I art     : Starting a blocking GC Explicit
08-06 11:37:05.795 15100 15112 I art     : Explicit concurrent mark sweep GC freed 3(96B) AllocSpace objects, 0(0B) LOS objects, 36% free, 27MB/43MB, paused 565us total 21.700ms
08-06 11:37:05.802 15100 15112 I art     : Starting a blocking GC Explicit
08-06 11:37:05.824 15100 15112 I art     : Explicit concurrent mark sweep GC freed 3(96B) AllocSpace objects, 0(0B) LOS objects, 36% free, 27MB/43MB, paused 553us total 21.147ms
08-06 11:37:05.831 15100 15112 I art     : Starting a blocking GC Explicit
08-06 11:37:05.852 15100 15112 I art     : Explicit concurrent mark sweep GC freed 3(96B) AllocSpace objects, 0(0B) LOS objects, 36% free, 27MB/43MB, paused 558us total 21.153ms
08-06 11:37:06.145 15100 15113 I art     : Starting a blocking GC Explicit
08-06 11:37:06.173 15100 15113 I art     : Explicit concurrent mark sweep GC freed 1396(82KB) AllocSpace objects, 1(20KB) LOS objects, 36% free, 27MB/43MB, paused 1.169ms total 28.479ms
08-06 11:37:06.184 15100 15113 I art     : Starting a blocking GC Explicit
08-06 11:37:06.207 15100 15113 I art     : Explicit concurrent mark sweep GC freed 23(752B) AllocSpace objects, 0(0B) LOS objects, 36% free, 27MB/43MB, paused 641us total 22.444ms
08-06 11:37:06.215 15100 15113 I art     : Starting a blocking GC Explicit
08-06 11:37:06.236 15100 15113 I art     : Explicit concurrent mark sweep GC freed 3(96B) AllocSpace objects, 0(0B) LOS objects, 36% free, 27MB/43MB, paused 559us total 21.563ms
08-06 11:37:06.244 15100 15113 I art     : Starting a blocking GC Explicit
08-06 11:37:06.265 15100 15113 I art     : Explicit concurrent mark sweep GC freed 3(96B) AllocSpace objects, 0(0B) LOS objects, 36% free, 27MB/43MB, paused 553us total 21.142ms
08-06 11:37:06.272 15100 15113 I art     : Starting a blocking GC Explicit
08-06 11:37:06.294 15100 15113 I art     : Explicit concurrent mark sweep GC freed 3(96B) AllocSpace objects, 0(0B) LOS objects, 36% free, 27MB/43MB, paused 538us total 21.690ms
08-06 11:37:06.590 15100 15220 I art     : Starting a blocking GC Explicit
08-06 11:37:06.623 15100 15220 I art     : Explicit concurrent mark sweep GC freed 1373(82KB) AllocSpace objects, 1(20KB) LOS objects, 36% free, 27MB/43MB, paused 647us total 33.251ms
08-06 11:37:06.637 15100 15220 I art     : Starting a blocking GC Explicit
08-06 11:37:06.658 15100 15220 I art     : Explicit concurrent mark sweep GC freed 23(752B) AllocSpace objects, 0(0B) LOS objects, 36% free, 27MB/43MB, paused 565us total 21.623ms
08-06 11:37:06.666 15100 15220 I art     : Starting a blocking GC Explicit
08-06 11:37:06.688 15100 15220 I art     : Explicit concurrent mark sweep GC freed 3(96B) AllocSpace objects, 0(0B) LOS objects, 36% free, 27MB/43MB, paused 566us total 21.661ms
08-06 11:37:06.695 15100 15220 I art     : Starting a blocking GC Explicit
08-06 11:37:06.716 15100 15220 I art     : Explicit concurrent mark sweep GC freed 3(96B) AllocSpace objects, 0(0B) LOS objects, 36% free, 27MB/43MB, paused 559us total 21.065ms
08-06 11:37:06.723 15100 15220 I art     : Starting a blocking GC Explicit
08-06 11:37:06.744 15100 15220 I art     : Explicit concurrent mark sweep GC freed 3(96B) AllocSpace objects, 0(0B) LOS objects, 36% free, 27MB/43MB, paused 566us total 20.884ms
08-06 11:37:07.072 15100 15112 I art     : Starting a blocking GC Explicit
08-06 11:37:07.092 15100 15112 I art     : Explicit concurrent mark sweep GC freed 1401(83KB) AllocSpace objects, 1(20KB) LOS objects, 36% free, 27MB/43MB, paused 590us total 19.875ms
08-06 11:37:07.099 15100 15112 I art     : Starting a blocking GC Explicit
08-06 11:37:07.118 15100 15112 I art     : Explicit concurrent mark sweep GC freed 23(752B) AllocSpace objects, 0(0B) LOS objects, 36% free, 27MB/43MB, paused 508us total 19.122ms
08-06 11:37:07.124 15100 15112 I art     : Starting a blocking GC Explicit
08-06 11:37:07.144 15100 15112 I art     : Explicit concurrent mark sweep GC freed 13(480B) AllocSpace objects, 0(0B) LOS objects, 36% free, 27MB/43MB, paused 545us total 19.219ms
08-06 11:37:07.150 15100 15112 I art     : Starting a blocking GC Explicit
08-06 11:37:07.170 15100 15112 I art     : Explicit concurrent mark sweep GC freed 3(96B) AllocSpace objects, 0(0B) LOS objects, 36% free, 27MB/43MB, paused 552us total 19.637ms
08-06 11:37:07.177 15100 15112 I art     : Starting a blocking GC Explicit
08-06 11:37:07.199 15100 15112 I art     : Explicit concurrent mark sweep GC freed 3(96B) AllocSpace objects, 0(0B) LOS objects, 36% free, 27MB/43MB, paused 550us total 21.088ms
08-06 11:37:07.502 15100 15113 I art     : Starting a blocking GC Explicit
08-06 11:37:07.529 15100 15113 I art     : Explicit concurrent mark sweep GC freed 1370(80KB) AllocSpace objects, 1(20KB) LOS objects, 36% free, 27MB/43MB, paused 648us total 26.285ms
08-06 11:37:07.540 15100 15113 I art     : Starting a blocking GC Explicit
08-06 11:37:07.562 15100 15113 I art     : Explicit concurrent mark sweep GC freed 23(752B) AllocSpace objects, 0(0B) LOS objects, 36% free, 27MB/43MB, paused 562us total 21.593ms
08-06 11:37:07.569 15100 15113 I art     : Starting a blocking GC Explicit
08-06 11:37:07.591 15100 15113 I art     : Explicit concurrent mark sweep GC freed 3(96B) AllocSpace objects, 0(0B) LOS objects, 36% free, 27MB/43MB, paused 554us total 21.692ms
08-06 11:37:07.599 15100 15113 I art     : Starting a blocking GC Explicit
08-06 11:37:07.620 15100 15113 I art     : Explicit concurrent mark sweep GC freed 3(96B) AllocSpace objects, 0(0B) LOS objects, 36% free, 27MB/43MB, paused 553us total 20.864ms
08-06 11:37:07.627 15100 15113 I art     : Starting a blocking GC Explicit
08-06 11:37:07.648 15100 15113 I art     : Explicit concurrent mark sweep GC freed 3(96B) AllocSpace objects, 0(0B) LOS objects, 36% free, 27MB/43MB, paused 569us total 21.034ms
08-06 11:37:07.964 15100 15220 I art     : Starting a blocking GC Explicit
08-06 11:37:07.995 15100 15220 I art     : Explicit concurrent mark sweep GC freed 1395(80KB) AllocSpace objects, 1(20KB) LOS objects, 36% free, 27MB/43MB, paused 628us total 30.206ms
08-06 11:37:08.004 15100 15220 I art     : Starting a blocking GC Explicit
08-06 11:37:08.027 15100 15220 I art     : Explicit concurrent mark sweep GC freed 23(752B) AllocSpace objects, 0(0B) LOS objects, 36% free, 27MB/43MB, paused 649us total 22.427ms
08-06 11:37:08.035 15100 15220 I art     : Starting a blocking GC Explicit
08-06 11:37:08.056 15100 15220 I art     : Explicit concurrent mark sweep GC freed 3(96B) AllocSpace objects, 0(0B) LOS objects, 36% free, 27MB/43MB, paused 535us total 21.469ms
08-06 11:37:08.063 15100 15220 I art     : Starting a blocking GC Explicit
08-06 11:37:08.085 15100 15220 I art     : Explicit concurrent mark sweep GC freed 3(96B) AllocSpace objects, 0(0B) LOS objects, 36% free, 27MB/43MB, paused 570us total 21.217ms
08-06 11:37:08.092 15100 15220 I art     : Starting a blocking GC Explicit
08-06 11:37:08.114 15100 15220 I art     : Explicit concurrent mark sweep GC freed 3(96B) AllocSpace objects, 0(0B) LOS objects, 36% free, 27MB/43MB, paused 555us total 21.207ms
08-06 11:37:08.443 15100 15112 I art     : Starting a blocking GC Explicit
08-06 11:37:08.477 15100 15112 I art     : Explicit concurrent mark sweep GC freed 1367(82KB) AllocSpace objects, 1(20KB) LOS objects, 36% free, 27MB/43MB, paused 635us total 33.649ms
08-06 11:37:08.490 15100 15112 I art     : Starting a blocking GC Explicit
08-06 11:37:08.512 15100 15112 I art     : Explicit concurrent mark sweep GC freed 23(752B) AllocSpace objects, 0(0B) LOS objects, 36% free, 27MB/43MB, paused 562us total 21.829ms
08-06 11:37:08.520 15100 15112 I art     : Starting a blocking GC Explicit
08-06 11:37:08.542 15100 15112 I art     : Explicit concurrent mark sweep GC freed 3(96B) AllocSpace objects, 0(0B) LOS objects, 36% free, 27MB/43MB, paused 570us total 21.823ms
08-06 11:37:08.549 15100 15112 I art     : Starting a blocking GC Explicit
08-06 11:37:08.571 15100 15112 I art     : Explicit concurrent mark sweep GC freed 3(96B) AllocSpace objects, 0(0B) LOS objects, 36% free, 27MB/43MB, paused 560us total 21.516ms
08-06 11:37:08.579 15100 15112 I art     : Starting a blocking GC Explicit
08-06 11:37:08.601 15100 15112 I art     : Explicit concurrent mark sweep GC freed 3(96B) AllocSpace objects, 0(0B) LOS objects, 36% free, 27MB/43MB, paused 552us total 21.756ms
08-06 11:37:08.920 15100 15113 I art     : Starting a blocking GC Explicit
08-06 11:37:08.955 15100 15113 I art     : Explicit concurrent mark sweep GC freed 1366(80KB) AllocSpace objects, 1(20KB) LOS objects, 36% free, 27MB/43MB, paused 633us total 34.584ms
08-06 11:37:08.967 15100 15113 I art     : Starting a blocking GC Explicit
08-06 11:37:08.988 15100 15113 I art     : Explicit concurrent mark sweep GC freed 52(1536B) AllocSpace objects, 0(0B) LOS objects, 36% free, 27MB/43MB, paused 577us total 21.282ms
08-06 11:37:08.995 15100 15113 I art     : Starting a blocking GC Explicit
08-06 11:37:09.017 15100 15113 I art     : Explicit concurrent mark sweep GC freed 3(96B) AllocSpace objects, 0(0B) LOS objects, 36% free, 27MB/43MB, paused 608us total 21.660ms
08-06 11:37:09.024 15100 15113 I art     : Starting a blocking GC Explicit
08-06 11:37:09.046 15100 15113 I art     : Explicit concurrent mark sweep GC freed 3(96B) AllocSpace objects, 0(0B) LOS objects, 36% free, 27MB/43MB, paused 558us total 21.041ms
08-06 11:37:09.053 15100 15113 I art     : Starting a blocking GC Explicit
08-06 11:37:09.074 15100 15113 I art     : Explicit concurrent mark sweep GC freed 3(96B) AllocSpace objects, 0(0B) LOS objects, 36% free, 27MB/43MB, paused 545us total 20.859ms
08-06 11:37:09.330 15100 15220 I art     : Starting a blocking GC Explicit
08-06 11:37:09.353 15100 15220 I art     : Explicit concurrent mark sweep GC freed 1366(80KB) AllocSpace objects, 1(20KB) LOS objects, 36% free, 27MB/43MB, paused 601us total 22.250ms
08-06 11:37:09.360 15100 15220 I art     : Starting a blocking GC Explicit
08-06 11:37:09.381 15100 15220 I art     : Explicit concurrent mark sweep GC freed 23(752B) AllocSpace objects, 0(0B) LOS objects, 36% free, 27MB/43MB, paused 560us total 20.189ms
08-06 11:37:09.388 15100 15220 I art     : Starting a blocking GC Explicit
08-06 11:37:09.408 15100 15220 I art     : Explicit concurrent mark sweep GC freed 3(96B) AllocSpace objects, 0(0B) LOS objects, 36% free, 27MB/43MB, paused 574us total 20.356ms
08-06 11:37:09.415 15100 15220 I art     : Starting a blocking GC Explicit
08-06 11:37:09.436 15100 15220 I art     : Explicit concurrent mark sweep GC freed 3(96B) AllocSpace objects, 0(0B) LOS objects, 36% free, 27MB/43MB, paused 594us total 20.483ms
08-06 11:37:09.443 15100 15220 I art     : Starting a blocking GC Explicit
08-06 11:37:09.451 16263 16263 D AndroidRuntime: >>>>>> START com.android.internal.os.RuntimeInit uid 2000 <<<<<<
08-06 11:37:09.455 16263 16263 D AndroidRuntime: CheckJNI is OFF
08-06 11:37:09.463 15100 15220 I art     : Explicit concurrent mark sweep GC freed 3(96B) AllocSpace objects, 0(0B) LOS objects, 36% free, 27MB/43MB, paused 531us total 19.567ms
08-06 11:37:09.481 16263 16263 D ICU     : No timezone override file found: /data/misc/zoneinfo/current/icu/icu_tzdata.dat
08-06 11:37:09.505 16263 16263 I Radio-JNI: register_android_hardware_Radio DONE
08-06 11:37:09.521 16263 16263 D AndroidRuntime: Calling main entry com.android.commands.input.Input
08-06 11:37:09.523 16263 16263 I Input   : injectKeyEvent: KeyEvent { action=ACTION_DOWN, keyCode=KEYCODE_BACK, scanCode=0, metaState=0, flags=0x0, repeatCount=0, eventTime=877045936, downTime=877045936, deviceId=-1, source=0x101 }
08-06 11:37:09.529 16263 16263 I Input   : injectKeyEvent: KeyEvent { action=ACTION_UP, keyCode=KEYCODE_BACK, scanCode=0, metaState=0, flags=0x0, repeatCount=0, eventTime=877045936, downTime=877045936, deviceId=-1, source=0x101 }
08-06 11:37:09.535 16263 16263 D AndroidRuntime: Shutting down VM
08-06 11:37:09.539 15100 15100 V PlaybackController: initServiceNotRunning()
08-06 11:37:09.540 15100 15100 D ExternalPlayerFragment: Loading media info
08-06 11:37:09.541 15100 15100 D UserPreferences: Using default data folder
08-06 11:37:09.541 15100 15636 D DBReader: getNavDrawerData() called with: 
08-06 11:37:09.544 15100 15636 D DBReader: getDownloadedItems() called
08-06 11:37:09.544 15100 15636 D DBReader: getFavoriteIDList() called
08-06 11:37:09.545 15100 15636 D DBReader: getQueueIDList() called
08-06 11:37:09.545 15100 15636 D DBReader: Extracting Feedlist
08-06 11:37:09.567 15100 15100 D MainActivity: getLastNavFragment() -> AddFeedFragment
08-06 11:37:09.569 13866 13866 I GoogleInputMethodServic: GoogleInputMethodService.onFinishInput():3138 
08-06 11:37:09.569 13866 13866 I GoogleInputMethodServic: GoogleInputMethodService.onStartInput():1808 
08-06 11:37:09.580 15100 16048 D ApOkHttpUrlLoader: buildLoadData() called with: model = [https://content.production.cdn.art19.com/images/89/e0/88/44/89e08844-ac28-4fc0-96fa-15a41fec2014/262c12ed699a8d9720dea0bd66449d998e4a08cf18095bed170ccaa76722045fa5dbf7a366918b2db7e3acf29ad22f6b99fd659a9409cb807bf2781d968932f8.jpeg], width = [140], height = [140]
08-06 11:37:09.685 15100 15113 I art     : Starting a blocking GC Explicit
08-06 11:37:09.711 15100 15113 I art     : Explicit concurrent mark sweep GC freed 2646(190KB) AllocSpace objects, 1(20KB) LOS objects, 36% free, 27MB/43MB, paused 602us total 25.380ms
08-06 11:37:09.721 15100 15113 I art     : Starting a blocking GC Explicit
08-06 11:37:09.750 15100 15113 I art     : Explicit concurrent mark sweep GC freed 503(25KB) AllocSpace objects, 0(0B) LOS objects, 36% free, 27MB/43MB, paused 961us total 28.379ms
08-06 11:37:09.758 15100 15113 I art     : Starting a blocking GC Explicit
08-06 11:37:09.785 15100 15113 I art     : Explicit concurrent mark sweep GC freed 3(96B) AllocSpace objects, 0(0B) LOS objects, 36% free, 27MB/43MB, paused 583us total 26.233ms
08-06 11:37:09.793 15100 15113 I art     : Starting a blocking GC Explicit
08-06 11:37:09.819 15100 15113 I art     : Explicit concurrent mark sweep GC freed 3(96B) AllocSpace objects, 0(0B) LOS objects, 36% free, 27MB/43MB, paused 575us total 25.670ms
08-06 11:37:09.827 15100 15113 I art     : Starting a blocking GC Explicit
08-06 11:37:09.853 15100 15113 I art     : Explicit concurrent mark sweep GC freed 3(96B) AllocSpace objects, 0(0B) LOS objects, 36% free, 27MB/43MB, paused 596us total 25.789ms
08-06 11:37:09.890   380   380 W SurfaceFlinger: couldn't log to binary event log: overflow.
08-06 11:37:10.129 15100 15220 I art     : Starting a blocking GC Explicit
08-06 11:37:10.160 15100 15220 I art     : Explicit concurrent mark sweep GC freed 2036(108KB) AllocSpace objects, 1(20KB) LOS objects, 36% free, 27MB/43MB, paused 675us total 30.228ms
08-06 11:37:10.168 15100 15220 I art     : Starting a blocking GC Explicit
08-06 11:37:10.190 15100 15220 I art     : Explicit concurrent mark sweep GC freed 2483(152KB) AllocSpace objects, 2(248KB) LOS objects, 36% free, 27MB/43MB, paused 689us total 22.032ms
08-06 11:37:10.197 15100 15220 I art     : Starting a blocking GC Explicit
08-06 11:37:10.218 15100 15220 I art     : Explicit concurrent mark sweep GC freed 3(96B) AllocSpace objects, 0(0B) LOS objects, 36% free, 27MB/43MB, paused 710us total 20.638ms
08-06 11:37:10.226 15100 15220 I art     : Starting a blocking GC Explicit
08-06 11:37:10.246 15100 15220 I art     : Explicit concurrent mark sweep GC freed 3(96B) AllocSpace objects, 0(0B) LOS objects, 36% free, 27MB/43MB, paused 549us total 20.324ms
08-06 11:37:10.253 15100 15220 I art     : Starting a blocking GC Explicit
08-06 11:37:10.274 15100 15220 I art     : Explicit concurrent mark sweep GC freed 3(96B) AllocSpace objects, 0(0B) LOS objects, 36% free, 27MB/43MB, paused 532us total 20.487ms
08-06 11:37:10.562 15100 15113 I art     : Starting a blocking GC Explicit
08-06 11:37:10.590 15100 15113 I art     : Explicit concurrent mark sweep GC freed 1369(82KB) AllocSpace objects, 1(20KB) LOS objects, 36% free, 27MB/43MB, paused 627us total 27.705ms
08-06 11:37:10.601 15100 15113 I art     : Starting a blocking GC Explicit
08-06 11:37:10.623 15100 15113 I art     : Explicit concurrent mark sweep GC freed 23(752B) AllocSpace objects, 0(0B) LOS objects, 36% free, 27MB/43MB, paused 563us total 21.694ms
08-06 11:37:10.630 15100 15113 I art     : Starting a blocking GC Explicit
08-06 11:37:10.651 15100 15113 I art     : Explicit concurrent mark sweep GC freed 3(96B) AllocSpace objects, 0(0B) LOS objects, 36% free, 27MB/43MB, paused 561us total 21.138ms
08-06 11:37:10.659 15100 15113 I art     : Starting a blocking GC Explicit
08-06 11:37:10.680 15100 15113 I art     : Explicit concurrent mark sweep GC freed 3(96B) AllocSpace objects, 0(0B) LOS objects, 36% free, 27MB/43MB, paused 573us total 20.636ms
08-06 11:37:10.688 15100 15113 I art     : Starting a blocking GC Explicit
08-06 11:37:10.709 15100 15113 I art     : Explicit concurrent mark sweep GC freed 3(96B) AllocSpace objects, 0(0B) LOS objects, 36% free, 27MB/43MB, paused 570us total 21.152ms
08-06 11:37:10.969 15100 15112 I art     : Starting a blocking GC Explicit
08-06 11:37:10.990 15100 15112 I art     : Explicit concurrent mark sweep GC freed 1397(81KB) AllocSpace objects, 1(20KB) LOS objects, 36% free, 27MB/43MB, paused 553us total 21.433ms
08-06 11:37:10.997 15100 15112 I art     : Starting a blocking GC Explicit
08-06 11:37:11.017 15100 15112 I art     : Explicit concurrent mark sweep GC freed 23(752B) AllocSpace objects, 0(0B) LOS objects, 36% free, 27MB/43MB, paused 624us total 19.519ms
08-06 11:37:11.024 15100 15112 I art     : Starting a blocking GC Explicit
08-06 11:37:11.043 15100 15112 I art     : Explicit concurrent mark sweep GC freed 3(96B) AllocSpace objects, 0(0B) LOS objects, 36% free, 27MB/43MB, paused 545us total 19.130ms
08-06 11:37:11.050 15100 15112 I art     : Starting a blocking GC Explicit
08-06 11:37:11.069 15100 15112 I art     : Explicit concurrent mark sweep GC freed 3(96B) AllocSpace objects, 0(0B) LOS objects, 36% free, 27MB/43MB, paused 554us total 19.166ms
08-06 11:37:11.076 15100 15112 I art     : Starting a blocking GC Explicit
08-06 11:37:11.093 16316 16316 D AndroidRuntime: >>>>>> START com.android.internal.os.RuntimeInit uid 2000 <<<<<<
08-06 11:37:11.095 15100 15112 I art     : Explicit concurrent mark sweep GC freed 3(96B) AllocSpace objects, 0(0B) LOS objects, 36% free, 27MB/43MB, paused 648us total 19.557ms
08-06 11:37:11.097 16316 16316 D AndroidRuntime: CheckJNI is OFF
08-06 11:37:11.122 16316 16316 D ICU     : No timezone override file found: /data/misc/zoneinfo/current/icu/icu_tzdata.dat
08-06 11:37:11.146 16316 16316 I Radio-JNI: register_android_hardware_Radio DONE
08-06 11:37:11.162 16316 16316 D AndroidRuntime: Calling main entry com.android.commands.input.Input
08-06 11:37:11.163 16316 16316 I Input   : injectMotionEvent: MotionEvent { action=ACTION_DOWN, actionButton=0, id[0]=0, x[0]=639.0, y[0]=762.0, toolType[0]=TOOL_TYPE_UNKNOWN, buttonState=0, metaState=0, flags=0x0, edgeFlags=0x0, pointerCount=1, historySize=0, eventTime=877047576, downTime=877047576, deviceId=0, source=0x1002 }
08-06 11:37:11.169 16316 16316 I Input   : injectMotionEvent: MotionEvent { action=ACTION_UP, actionButton=0, id[0]=0, x[0]=639.0, y[0]=762.0, toolType[0]=TOOL_TYPE_UNKNOWN, buttonState=0, metaState=0, flags=0x0, edgeFlags=0x0, pointerCount=1, historySize=0, eventTime=877047576, downTime=877047576, deviceId=0, source=0x1002 }
08-06 11:37:11.170 16316 16316 D AndroidRuntime: Shutting down VM
08-06 11:37:11.244   512  2967 D audio_hw_primary: out_set_parameters: enter: usecase(1: low-latency-playback) kvpairs: routing=2
08-06 11:37:11.257   512  2967 D audio_hw_primary: select_devices: out_snd_device(2: speaker) in_snd_device(0: none)
08-06 11:37:11.257   512  2967 D msm8974_platform: platform_send_audio_calibration: sending audio calibration for snd_device(2) acdb_id(15)
08-06 11:37:11.258   512  2967 I soundtrigger: audio_extn_sound_trigger_update_device_status: device 0x2 of type 0 for Event 1
08-06 11:37:11.264 13866 13866 I GoogleInputMethodServic: GoogleInputMethodService.onFinishInput():3138 
08-06 11:37:11.266 13866 13866 I GoogleInputMethodServic: GoogleInputMethodService.onStartInput():1808 
08-06 11:37:11.271   512  2967 D audio_hw_primary: enable_snd_device: snd_device(2: speaker)
08-06 11:37:11.272   512  2967 D audio_hw_primary: enable_audio_route: apply and update mixer path: low-latency-playback speaker
08-06 11:37:11.338 15100 15113 I art     : Starting a blocking GC Explicit
08-06 11:37:11.360 15100 15113 I art     : Explicit concurrent mark sweep GC freed 1623(91KB) AllocSpace objects, 1(20KB) LOS objects, 36% free, 27MB/43MB, paused 810us total 21.940ms
08-06 11:37:11.368 15100 15113 I art     : Starting a blocking GC Explicit
08-06 11:37:11.389 15100 15113 I art     : Explicit concurrent mark sweep GC freed 49(1712B) AllocSpace objects, 0(0B) LOS objects, 36% free, 27MB/43MB, paused 618us total 21.403ms
08-06 11:37:11.396 15100 15113 I art     : Starting a blocking GC Explicit
08-06 11:37:11.416 15100 15113 I art     : Explicit concurrent mark sweep GC freed 13(480B) AllocSpace objects, 0(0B) LOS objects, 36% free, 27MB/43MB, paused 694us total 19.582ms
08-06 11:37:11.423 15100 15113 I art     : Starting a blocking GC Explicit
08-06 11:37:11.442 15100 15113 I art     : Explicit concurrent mark sweep GC freed 10(352B) AllocSpace objects, 0(0B) LOS objects, 36% free, 27MB/43MB, paused 594us total 19.682ms
08-06 11:37:11.449 15100 15113 I art     : Starting a blocking GC Explicit
08-06 11:37:11.469 15100 15113 I art     : Explicit concurrent mark sweep GC freed 11(416B) AllocSpace objects, 0(0B) LOS objects, 36% free, 27MB/43MB, paused 605us total 19.455ms
08-06 11:37:11.481 15100 15124 I NAPPA_EXPERIMENTATION: MetricNetworkRequestExecutionTime: REQUEST_DURATION_SYSTEM='238',REQUEST_DURATION_OKHTTP='237',REQUEST_SYNCHRONOUS='TRUE',RESPONSE_CODE='200',RESPONSE_METHOD='GET',RESPONSE_LENGTH_OKHTTP='-1',RESPONSE_LENGTH_HEADER='622',REQUEST_PROTOCOL='h2',REQUEST_URL='https://itunes.apple.com/lookup?id=360084272',
08-06 11:37:11.493   918  3961 I ActivityManager: START u0 {cmp=baseline.de.danoeh.antennapod.debug/baseline.de.danoeh.antennapod.activity.OnlineFeedViewActivity (has extras)} from uid 10711 on display 0
08-06 11:37:11.518 13866 13866 I GoogleInputMethodServic: GoogleInputMethodService.onFinishInput():3138 
08-06 11:37:11.519 13866 13866 I GoogleInputMethodServic: GoogleInputMethodService.onStartInput():1808 
08-06 11:37:11.536 15100 15100 D UserPreferences: Using default data folder
08-06 11:37:11.537 15100 15100 D OnlineFeedViewActivity: Activity was started with url http://joeroganexp.joerogan.libsynpro.com/rss
08-06 11:37:11.539 15100 15100 D OnlineFeedViewActivity: Starting feed download
08-06 11:37:11.541 15100 15120 D DBReader: Extracting Feedlist
08-06 11:37:11.542   918  6111 D WifiService: acquireWifiLockLocked: WifiLock{Downloader type=1 binder=android.os.BinderProxy@d1ad806}
08-06 11:37:11.542 15100 15120 D AntennapodHttpClient: Creating new instance of HTTP client
08-06 11:37:11.584 15100 15120 D MYTAG   : interceptor 3a http://joeroganexp.joerogan.libsynpro.com/rss
08-06 11:37:11.584 15100 15120 I NAPPA_EXPERIMENTATION: MetricNetworkRequestExecutionTime: REQUEST_DURATION_SYSTEM='41',REQUEST_DURATION_OKHTTP='36',REQUEST_SYNCHRONOUS='TRUE',RESPONSE_CODE='200',RESPONSE_METHOD='GET',RESPONSE_LENGTH_OKHTTP='-1',RESPONSE_LENGTH_HEADER='307892',REQUEST_PROTOCOL='http/1.1',REQUEST_URL='http://joeroganexp.joerogan.libsynpro.com/rss',
08-06 11:37:11.584 15100 15120 D HttpDownloader: Response code is 200
08-06 11:37:11.584 15100 15120 D UserPreferences: Using default data folder
08-06 11:37:11.586 15100 15120 D HttpDownloader: Getting size of download
08-06 11:37:11.586 15100 15120 D HttpDownloader: Size is -1
08-06 11:37:11.586 15100 15120 D UserPreferences: Using default data folder
08-06 11:37:11.586 15100 15120 D HttpDownloader: Free space is 20196913152
08-06 11:37:11.586 15100 15120 D HttpDownloader: Starting download
08-06 11:37:11.607 13866 13866 I GoogleInputMethodServic: GoogleInputMethodService.onFinishInput():3138 
08-06 11:37:11.608 13866 13866 I GoogleInputMethodServic: GoogleInputMethodService.onStartInput():1808 
08-06 11:37:11.629   918   936 I ActivityManager: Displayed baseline.de.danoeh.antennapod.debug/baseline.de.danoeh.antennapod.activity.OnlineFeedViewActivity: +113ms
08-06 11:37:11.671 15100 15120 D HttpDownloader: Download was successful
08-06 11:37:11.672   918   928 D WifiService: releaseWifiLockLocked: WifiLock{Downloader type=1 binder=android.os.BinderProxy@d1ad806}
08-06 11:37:11.672 15100 15100 D OnlineFeedViewActivity: Parsing feed
08-06 11:37:11.675 15100 16360 D TypeGetter: Recognized type RSS 2.0
08-06 11:37:11.676 15100 16360 D SyndHandler: Recognized Atom namespace
08-06 11:37:11.676 15100 16360 D SyndHandler: Recognized ITunes namespace
08-06 11:37:11.676 15100 16360 D SyndHandler: Recognized media namespace
08-06 11:37:11.676 15100 16360 D SyndHandler: Recognized Content namespace
08-06 11:37:11.686 15100 15220 I art     : Starting a blocking GC Explicit
08-06 11:37:11.708 15100 15220 I art     : Explicit concurrent mark sweep GC freed 6146(520KB) AllocSpace objects, 4(80KB) LOS objects, 36% free, 27MB/43MB, paused 960us total 21.772ms
08-06 11:37:11.715 15100 15220 I art     : Starting a blocking GC Explicit
08-06 11:37:11.735 15100 15220 I art     : Explicit concurrent mark sweep GC freed 3240(164KB) AllocSpace objects, 0(0B) LOS objects, 36% free, 27MB/43MB, paused 742us total 19.849ms
08-06 11:37:11.742 15100 15220 I art     : Starting a blocking GC Explicit
08-06 11:37:11.764 15100 15220 I art     : Explicit concurrent mark sweep GC freed 2778(139KB) AllocSpace objects, 0(0B) LOS objects, 36% free, 27MB/43MB, paused 715us total 21.787ms
08-06 11:37:11.771 15100 15220 I art     : Starting a blocking GC Explicit
08-06 11:37:11.792 15100 15220 I art     : Explicit concurrent mark sweep GC freed 2758(148KB) AllocSpace objects, 0(0B) LOS objects, 36% free, 28MB/44MB, paused 743us total 20.905ms
08-06 11:37:11.800 15100 15220 I art     : Starting a blocking GC Explicit
08-06 11:37:11.810   512  2967 D audio_hw_primary: disable_audio_route: reset and update mixer path: low-latency-playback speaker
08-06 11:37:11.811   512  2967 D audio_hw_primary: disable_snd_device: snd_device(2: speaker)
08-06 11:37:11.819   512  2967 I soundtrigger: audio_extn_sound_trigger_update_device_status: device 0x2 of type 0 for Event 0
08-06 11:37:11.821 15100 15220 I art     : Explicit concurrent mark sweep GC freed 2877(142KB) AllocSpace objects, 0(0B) LOS objects, 36% free, 28MB/44MB, paused 716us total 20.734ms
08-06 11:37:11.877   380   380 W SurfaceFlinger: couldn't log to binary event log: overflow.
08-06 11:37:11.998 15100 15100 D PlaybackController: Releasing PlaybackController
08-06 11:37:12.080 15100 15113 I art     : Starting a blocking GC Explicit
08-06 11:37:12.107 15100 15113 I art     : Explicit concurrent mark sweep GC freed 28710(1545KB) AllocSpace objects, 1(20KB) LOS objects, 35% free, 28MB/44MB, paused 856us total 26.683ms
08-06 11:37:12.115 15100 15113 I art     : Starting a blocking GC Explicit
08-06 11:37:12.138 15100 15113 I art     : Explicit concurrent mark sweep GC freed 5099(246KB) AllocSpace objects, 0(0B) LOS objects, 35% free, 28MB/44MB, paused 932us total 23.312ms
08-06 11:37:12.146 15100 15113 I art     : Starting a blocking GC Explicit
08-06 11:37:12.168 15100 15113 I art     : Explicit concurrent mark sweep GC freed 9288(434KB) AllocSpace objects, 0(0B) LOS objects, 35% free, 28MB/44MB, paused 804us total 20.863ms
08-06 11:37:12.175 15100 15113 I art     : Starting a blocking GC Explicit
08-06 11:37:12.196 15100 15113 I art     : Explicit concurrent mark sweep GC freed 3073(156KB) AllocSpace objects, 0(0B) LOS objects, 35% free, 28MB/44MB, paused 761us total 20.957ms
08-06 11:37:12.203 15100 15113 I art     : Starting a blocking GC Explicit
08-06 11:37:12.224 15100 15113 I art     : Explicit concurrent mark sweep GC freed 2989(153KB) AllocSpace objects, 0(0B) LOS objects, 35% free, 28MB/44MB, paused 756us total 20.374ms
08-06 11:37:12.510 15100 15113 I art     : Starting a blocking GC Explicit
08-06 11:37:12.540 15100 15113 I art     : Explicit concurrent mark sweep GC freed 32186(1740KB) AllocSpace objects, 1(20KB) LOS objects, 34% free, 29MB/45MB, paused 902us total 30.064ms
08-06 11:37:12.549 15100 15113 I art     : Starting a blocking GC Explicit
08-06 11:37:12.574 15100 15113 I art     : Explicit concurrent mark sweep GC freed 8984(421KB) AllocSpace objects, 0(0B) LOS objects, 35% free, 29MB/45MB, paused 1.960ms total 24.578ms
08-06 11:37:12.582 15100 15113 I art     : Starting a blocking GC Explicit
08-06 11:37:12.605 15100 15113 I art     : Explicit concurrent mark sweep GC freed 6874(335KB) AllocSpace objects, 0(0B) LOS objects, 35% free, 29MB/45MB, paused 876us total 22.921ms
08-06 11:37:12.614 15100 15113 I art     : Starting a blocking GC Explicit
08-06 11:37:12.637 15100 15113 I art     : Explicit concurrent mark sweep GC freed 3293(171KB) AllocSpace objects, 0(0B) LOS objects, 35% free, 29MB/45MB, paused 787us total 23.053ms
08-06 11:37:12.644 15100 15113 I art     : Starting a blocking GC Explicit
08-06 11:37:12.667 15100 15113 I art     : Explicit concurrent mark sweep GC freed 3219(176KB) AllocSpace objects, 0(0B) LOS objects, 35% free, 29MB/45MB, paused 811us total 22.735ms
08-06 11:37:12.914 15100 15112 I art     : Starting a blocking GC Explicit
08-06 11:37:12.945 15100 15112 I art     : Explicit concurrent mark sweep GC freed 29236(1614KB) AllocSpace objects, 1(20KB) LOS objects, 34% free, 30MB/46MB, paused 950us total 31.197ms
08-06 11:37:12.955 15100 15112 I art     : Starting a blocking GC Explicit
08-06 11:37:12.981 15100 15112 I art     : Explicit concurrent mark sweep GC freed 10456(497KB) AllocSpace objects, 0(0B) LOS objects, 34% free, 30MB/46MB, paused 1.676ms total 25.852ms
08-06 11:37:12.990 15100 15112 I art     : Starting a blocking GC Explicit
08-06 11:37:13.014 15100 15112 I art     : Explicit concurrent mark sweep GC freed 5229(254KB) AllocSpace objects, 0(0B) LOS objects, 34% free, 30MB/46MB, paused 989us total 24.393ms
08-06 11:37:13.022 15100 15112 I art     : Starting a blocking GC Explicit
08-06 11:37:13.047 15100 15112 I art     : Explicit concurrent mark sweep GC freed 3491(183KB) AllocSpace objects, 0(0B) LOS objects, 34% free, 30MB/46MB, paused 849us total 24.685ms
08-06 11:37:13.055 15100 15112 I art     : Starting a blocking GC Explicit
08-06 11:37:13.080 15100 15112 I art     : Explicit concurrent mark sweep GC freed 3611(187KB) AllocSpace objects, 0(0B) LOS objects, 34% free, 30MB/46MB, paused 832us total 24.563ms
08-06 11:37:13.393 15100 16360 D OnlineFeedViewActivity: Deleted feed source file. Result: true
08-06 11:37:13.397 15100 15220 I art     : Starting a blocking GC Explicit
08-06 11:37:13.398 15100 15100 D OnlineFeedViewActivity: Removing HTML from shownotes
08-06 11:37:13.441 15100 15220 I art     : Explicit concurrent mark sweep GC freed 60156(3MB) AllocSpace objects, 116(7MB) LOS objects, 31% free, 34MB/50MB, paused 1.010ms total 43.998ms
08-06 11:37:13.453 15100 15220 I art     : Starting a blocking GC Explicit
08-06 11:37:13.487 15100 15220 I art     : Explicit concurrent mark sweep GC freed 59380(4MB) AllocSpace objects, 226(15MB) LOS objects, 32% free, 32MB/48MB, paused 1.024ms total 33.782ms
08-06 11:37:13.495 15100 15220 I art     : Starting a blocking GC Explicit
08-06 11:37:13.527 15100 15220 I art     : Explicit concurrent mark sweep GC freed 52500(4MB) AllocSpace objects, 221(14MB) LOS objects, 32% free, 33MB/49MB, paused 819us total 31.436ms
08-06 11:37:13.536 15100 15220 I art     : Starting a blocking GC Explicit
08-06 11:37:13.568 15100 15220 I art     : Explicit concurrent mark sweep GC freed 49764(4MB) AllocSpace objects, 218(14MB) LOS objects, 32% free, 33MB/49MB, paused 758us total 31.729ms
08-06 11:37:13.577 15100 15220 I art     : Starting a blocking GC Explicit
08-06 11:37:13.609 15100 15220 I art     : Explicit concurrent mark sweep GC freed 50626(4MB) AllocSpace objects, 226(15MB) LOS objects, 33% free, 32MB/48MB, paused 826us total 31.978ms
08-06 11:37:13.713 15100 16048 D ApOkHttpUrlLoader: buildLoadData() called with: model = [http://static.libsyn.com/p/assets/7/1/f/3/71f3014e14ef2722/JREiTunesImage2.jpg], width = [350], height = [350]
08-06 11:37:13.715 15100 15852 D DBReader: getImageAuthentication() called with: imageUrl = [http://static.libsyn.com/p/assets/7/1/f/3/71f3014e14ef2722/JREiTunesImage2.jpg]
08-06 11:37:13.716 15100 15852 D ApOkHttpUrlLoader: no credentials for 'http://static.libsyn.com/p/assets/7/1/f/3/71f3014e14ef2722/JREiTunesImage2.jpg'
08-06 11:37:13.829 15100 15852 D MYTAG   : interceptor 2a
08-06 11:37:13.829 15100 15852 I NAPPA_EXPERIMENTATION: MetricNetworkRequestExecutionTime: REQUEST_DURATION_SYSTEM='112',REQUEST_DURATION_OKHTTP='35',REQUEST_SYNCHRONOUS='TRUE',RESPONSE_CODE='200',RESPONSE_METHOD='GET',RESPONSE_LENGTH_OKHTTP='402832',RESPONSE_LENGTH_HEADER='402832',REQUEST_PROTOCOL='http/1.1',REQUEST_URL='http://static.libsyn.com/p/assets/7/1/f/3/71f3014e14ef2722/JREiTunesImage2.jpg',
08-06 11:37:13.874 15100 15113 I art     : Starting a blocking GC Explicit
08-06 11:37:13.907 15100 15113 I art     : Explicit concurrent mark sweep GC freed 686(58KB) AllocSpace objects, 1(68KB) LOS objects, 34% free, 30MB/46MB, paused 662us total 32.146ms
08-06 11:37:13.917 15100 15113 I art     : Starting a blocking GC Explicit
08-06 11:37:13.944 15100 15113 I art     : Explicit concurrent mark sweep GC freed 440(20KB) AllocSpace objects, 1(112KB) LOS objects, 33% free, 31MB/47MB, paused 590us total 27.148ms
08-06 11:37:13.953 15100 15113 I art     : Starting a blocking GC Explicit
08-06 11:37:13.981 15100 15113 I art     : Explicit concurrent mark sweep GC freed 63(4KB) AllocSpace objects, 0(0B) LOS objects, 33% free, 31MB/47MB, paused 883us total 27.462ms
08-06 11:37:13.990 15100 15113 I art     : Starting a blocking GC Explicit
08-06 11:37:14.019 15100 15113 I art     : Explicit concurrent mark sweep GC freed 110(12KB) AllocSpace objects, 0(0B) LOS objects, 33% free, 31MB/47MB, paused 601us total 28.680ms
08-06 11:37:14.028 15100 15113 I art     : Starting a blocking GC Explicit
08-06 11:37:14.054 15100 15113 I art     : Explicit concurrent mark sweep GC freed 9(288B) AllocSpace objects, 0(0B) LOS objects, 33% free, 31MB/47MB, paused 578us total 25.943ms
08-06 11:37:14.362 15100 15220 I art     : Starting a blocking GC Explicit
08-06 11:37:14.403 15100 15220 I art     : Explicit concurrent mark sweep GC freed 1368(82KB) AllocSpace objects, 1(20KB) LOS objects, 33% free, 31MB/47MB, paused 600us total 40.792ms
08-06 11:37:14.414 15100 15220 I art     : Starting a blocking GC Explicit
08-06 11:37:14.443 15100 15220 I art     : Explicit concurrent mark sweep GC freed 23(752B) AllocSpace objects, 0(0B) LOS objects, 33% free, 31MB/47MB, paused 601us total 29.181ms
08-06 11:37:14.452 15100 15220 I art     : Starting a blocking GC Explicit
08-06 11:37:14.483 15100 15220 I art     : Explicit concurrent mark sweep GC freed 3(96B) AllocSpace objects, 0(0B) LOS objects, 33% free, 31MB/47MB, paused 594us total 30.503ms
08-06 11:37:14.493 15100 15220 I art     : Starting a blocking GC Explicit
08-06 11:37:14.522 15100 15220 I art     : Explicit concurrent mark sweep GC freed 3(96B) AllocSpace objects, 0(0B) LOS objects, 33% free, 31MB/47MB, paused 568us total 29.622ms
08-06 11:37:14.532 15100 15220 I art     : Starting a blocking GC Explicit
08-06 11:37:14.563 15100 15220 I art     : Explicit concurrent mark sweep GC freed 3(96B) AllocSpace objects, 0(0B) LOS objects, 33% free, 31MB/47MB, paused 595us total 30.722ms
08-06 11:37:14.871 15100 15112 I art     : Starting a blocking GC Explicit
08-06 11:37:14.912 15100 15112 I art     : Explicit concurrent mark sweep GC freed 1445(86KB) AllocSpace objects, 1(20KB) LOS objects, 33% free, 31MB/47MB, paused 714us total 40.928ms
08-06 11:37:14.927 15100 15112 I art     : Starting a blocking GC Explicit
08-06 11:37:14.959 15100 15112 I art     : Explicit concurrent mark sweep GC freed 23(752B) AllocSpace objects, 0(0B) LOS objects, 33% free, 31MB/47MB, paused 577us total 31.792ms
08-06 11:37:14.969 15100 15112 I art     : Starting a blocking GC Explicit
08-06 11:37:15.000 15100 15112 I art     : Explicit concurrent mark sweep GC freed 32(880B) AllocSpace objects, 0(0B) LOS objects, 33% free, 31MB/47MB, paused 555us total 30.692ms
08-06 11:37:15.011 15100 15112 I art     : Starting a blocking GC Explicit
08-06 11:37:15.040 15100 15112 I art     : Explicit concurrent mark sweep GC freed 3(96B) AllocSpace objects, 0(0B) LOS objects, 33% free, 31MB/47MB, paused 530us total 29.084ms
08-06 11:37:15.050 15100 15112 I art     : Starting a blocking GC Explicit
08-06 11:37:15.080 15100 15112 I art     : Explicit concurrent mark sweep GC freed 3(96B) AllocSpace objects, 0(0B) LOS objects, 33% free, 31MB/47MB, paused 559us total 29.996ms
08-06 11:37:15.428 15100 15113 I art     : Starting a blocking GC Explicit
08-06 11:37:15.461 15100 15113 I art     : Explicit concurrent mark sweep GC freed 1385(80KB) AllocSpace objects, 1(20KB) LOS objects, 33% free, 31MB/47MB, paused 543us total 32.257ms
08-06 11:37:15.471 15100 15113 I art     : Starting a blocking GC Explicit
08-06 11:37:15.498 15100 15113 I art     : Explicit concurrent mark sweep GC freed 27(880B) AllocSpace objects, 0(0B) LOS objects, 33% free, 31MB/47MB, paused 553us total 26.695ms
08-06 11:37:15.507 15100 15113 I art     : Starting a blocking GC Explicit
08-06 11:37:15.533 15100 15113 I art     : Explicit concurrent mark sweep GC freed 7(224B) AllocSpace objects, 0(0B) LOS objects, 33% free, 31MB/47MB, paused 565us total 26.330ms
08-06 11:37:15.542 15100 15113 I art     : Starting a blocking GC Explicit
08-06 11:37:15.569 15100 15113 I art     : Explicit concurrent mark sweep GC freed 7(224B) AllocSpace objects, 0(0B) LOS objects, 33% free, 31MB/47MB, paused 589us total 26.231ms
08-06 11:37:15.577 15100 15113 I art     : Starting a blocking GC Explicit
08-06 11:37:15.604 15100 15113 I art     : Explicit concurrent mark sweep GC freed 3(96B) AllocSpace objects, 0(0B) LOS objects, 33% free, 31MB/47MB, paused 519us total 26.346ms
08-06 11:37:15.708 16442 16442 D AndroidRuntime: >>>>>> START com.android.internal.os.RuntimeInit uid 2000 <<<<<<
08-06 11:37:15.713 16442 16442 D AndroidRuntime: CheckJNI is OFF
08-06 11:37:15.740 16442 16442 D ICU     : No timezone override file found: /data/misc/zoneinfo/current/icu/icu_tzdata.dat
08-06 11:37:15.765 16442 16442 I Radio-JNI: register_android_hardware_Radio DONE
08-06 11:37:15.781 16442 16442 D AndroidRuntime: Calling main entry com.android.commands.input.Input
08-06 11:37:15.782 16442 16442 I Input   : injectMotionEvent: MotionEvent { action=ACTION_DOWN, actionButton=0, id[0]=0, x[0]=693.0, y[0]=821.0, toolType[0]=TOOL_TYPE_UNKNOWN, buttonState=0, metaState=0, flags=0x0, edgeFlags=0x0, pointerCount=1, historySize=0, eventTime=877052195, downTime=877052195, deviceId=0, source=0x1002 }
08-06 11:37:15.789 16442 16442 I Input   : injectMotionEvent: MotionEvent { action=ACTION_UP, actionButton=0, id[0]=0, x[0]=693.0, y[0]=821.0, toolType[0]=TOOL_TYPE_UNKNOWN, buttonState=0, metaState=0, flags=0x0, edgeFlags=0x0, pointerCount=1, historySize=0, eventTime=877052195, downTime=877052195, deviceId=0, source=0x1002 }
08-06 11:37:15.791 16442 16442 D AndroidRuntime: Shutting down VM
08-06 11:37:15.802 15100 15100 D UserPreferences: Using default data folder
08-06 11:37:15.803 15100 15100 D DownloadRequester: partiallyDownloadedFileExists: false
08-06 11:37:15.803 15100 15100 D DownloadRequester: /storage/emulated/0/Android/data/baseline.de.danoeh.antennapod.debug/files/cache/feed-The Joe Rogan Experience is available as a download destination
08-06 11:37:15.804   512  2967 D audio_hw_primary: out_set_parameters: enter: usecase(1: low-latency-playback) kvpairs: routing=2
08-06 11:37:15.805 15100 15100 D DownloadRequester: Requesting download of url http://joeroganexp.joerogan.libsynpro.com/rss
08-06 11:37:15.816 15100 15100 D DownloadService: Service started
08-06 11:37:15.817   512  2967 D audio_hw_primary: select_devices: out_snd_device(2: speaker) in_snd_device(0: none)
08-06 11:37:15.817   512  2967 D msm8974_platform: platform_send_audio_calibration: sending audio calibration for snd_device(2) acdb_id(15)
08-06 11:37:15.817 15100 15100 D DownloadService: parallel downloads: 4
08-06 11:37:15.817   512  2967 I soundtrigger: audio_extn_sound_trigger_update_device_status: device 0x2 of type 0 for Event 1
08-06 11:37:15.818 15100 16477 D downloadCompletionThd: downloadCompletionThread was started
08-06 11:37:15.819 15100 15100 D DownloadService: Notification set up
08-06 11:37:15.824 15100 15100 D DownloadService: Received enqueue request
08-06 11:37:15.824 15100 15100 D OnlineFeedViewActivity: onEventMainThread() called with: event = [DownloadEvent{update=DownloaderUpdate{downloaders=[baseline.de.danoeh.antennapod.core.service.download.HttpDownloader@8f335e0], feedIds=[0], mediaIds=[]}}]
08-06 11:37:15.824 15100 15100 D DownloadService: 1 downloads left
08-06 11:37:15.824 15100 15100 D DownloadService: Setting up notification updater
08-06 11:37:15.825   918  3359 D WifiService: acquireWifiLockLocked: WifiLock{Downloader type=1 binder=android.os.BinderProxy@188c651}
08-06 11:37:15.826 15100 16489 D AntennapodHttpClient: Creating new instance of HTTP client
08-06 11:37:15.832   512  2967 D audio_hw_primary: enable_snd_device: snd_device(2: speaker)
08-06 11:37:15.834   512  2967 D audio_hw_primary: enable_audio_route: apply and update mixer path: low-latency-playback speaker
08-06 11:37:15.873 15100 15113 I art     : Starting a blocking GC Explicit
08-06 11:37:15.901 15100 15113 I art     : Explicit concurrent mark sweep GC freed 2458(138KB) AllocSpace objects, 1(20KB) LOS objects, 33% free, 31MB/47MB, paused 693us total 28.013ms
08-06 11:37:15.910 15100 15113 I art     : Starting a blocking GC Explicit
08-06 11:37:15.938 15100 15113 I art     : Explicit concurrent mark sweep GC freed 33(1264B) AllocSpace objects, 0(0B) LOS objects, 33% free, 31MB/47MB, paused 658us total 27.831ms
08-06 11:37:15.947 15100 15113 I art     : Starting a blocking GC Explicit
08-06 11:37:15.976 15100 15113 I art     : Explicit concurrent mark sweep GC freed 66(3KB) AllocSpace objects, 0(0B) LOS objects, 33% free, 31MB/47MB, paused 693us total 28.433ms
08-06 11:37:15.979 15100 16489 D MYTAG   : interceptor 3a http://joeroganexp.joerogan.libsynpro.com/rss
08-06 11:37:15.980 15100 16489 I NAPPA_EXPERIMENTATION: MetricNetworkRequestExecutionTime: REQUEST_DURATION_SYSTEM='152',REQUEST_DURATION_OKHTTP='33',REQUEST_SYNCHRONOUS='TRUE',RESPONSE_CODE='200',RESPONSE_METHOD='GET',RESPONSE_LENGTH_OKHTTP='-1',RESPONSE_LENGTH_HEADER='307892',REQUEST_PROTOCOL='http/1.1',REQUEST_URL='http://joeroganexp.joerogan.libsynpro.com/rss',
08-06 11:37:15.980 15100 16489 D HttpDownloader: Response code is 200
08-06 11:37:15.980 15100 16489 D UserPreferences: Using default data folder
08-06 11:37:15.985 15100 15113 I art     : Starting a blocking GC Explicit
08-06 11:37:15.989 15100 16489 D HttpDownloader: Getting size of download
08-06 11:37:15.989 15100 16489 D HttpDownloader: Size is -1
08-06 11:37:15.989 15100 16489 D UserPreferences: Using default data folder
08-06 11:37:15.990 15100 16489 D HttpDownloader: Free space is 20196454400
08-06 11:37:15.990 15100 16489 D HttpDownloader: Starting download
08-06 11:37:16.015 15100 15113 I art     : Explicit concurrent mark sweep GC freed 193(16KB) AllocSpace objects, 0(0B) LOS objects, 33% free, 31MB/47MB, paused 627us total 29.257ms
08-06 11:37:16.024 15100 15113 I art     : Starting a blocking GC Explicit
08-06 11:37:16.050 15100 15113 I art     : Explicit concurrent mark sweep GC freed 5(160B) AllocSpace objects, 0(0B) LOS objects, 33% free, 31MB/47MB, paused 706us total 25.849ms
08-06 11:37:16.092 15100 16489 D HttpDownloader: Download was successful
08-06 11:37:16.094   918  5952 D WifiService: releaseWifiLockLocked: WifiLock{Downloader type=1 binder=android.os.BinderProxy@188c651}
08-06 11:37:16.094 15100 16477 D downloadCompletionThd: Received 'Download Complete' - message.
08-06 11:37:16.094 15100 16477 D DownloadService: Handling completed Feed Download
08-06 11:37:16.094 15100 15100 D DownloadService: Removing downloader: http://joeroganexp.joerogan.libsynpro.com/rss
08-06 11:37:16.094 15100 15100 D DownloadService: Result of downloads.remove: true
08-06 11:37:16.094 15100 15100 D OnlineFeedViewActivity: onEventMainThread() called with: event = [DownloadEvent{update=DownloaderUpdate{downloaders=[], feedIds=[], mediaIds=[]}}]
08-06 11:37:16.097 15100 16500 D TypeGetter: Recognized type RSS 2.0
08-06 11:37:16.098 15100 16500 D SyndHandler: Recognized Atom namespace
08-06 11:37:16.098 15100 16500 D SyndHandler: Recognized ITunes namespace
08-06 11:37:16.098 15100 16500 D SyndHandler: Recognized media namespace
08-06 11:37:16.098 15100 16500 D SyndHandler: Recognized Content namespace
08-06 11:37:16.278 15100 15220 I art     : Starting a blocking GC Explicit
08-06 11:37:16.312 15100 15220 I art     : Explicit concurrent mark sweep GC freed 19081(1173KB) AllocSpace objects, 4(80KB) LOS objects, 33% free, 32MB/48MB, paused 1.029ms total 33.839ms
08-06 11:37:16.322 15100 15220 I art     : Starting a blocking GC Explicit
08-06 11:37:16.351 15100 15220 I art     : Explicit concurrent mark sweep GC freed 6754(331KB) AllocSpace objects, 0(0B) LOS objects, 33% free, 32MB/48MB, paused 929us total 29.608ms
08-06 11:37:16.361 15100 15220 I art     : Starting a blocking GC Explicit
08-06 11:37:16.369   512  2967 D audio_hw_primary: disable_audio_route: reset and update mixer path: low-latency-playback speaker
08-06 11:37:16.369   512  2967 D audio_hw_primary: disable_snd_device: snd_device(2: speaker)
08-06 11:37:16.377   512  2967 I soundtrigger: audio_extn_sound_trigger_update_device_status: device 0x2 of type 0 for Event 0
08-06 11:37:16.388 15100 15220 I art     : Explicit concurrent mark sweep GC freed 5850(286KB) AllocSpace objects, 0(0B) LOS objects, 33% free, 32MB/48MB, paused 897us total 27.233ms
08-06 11:37:16.396 15100 15220 I art     : Starting a blocking GC Explicit
08-06 11:37:16.425 15100 15220 I art     : Explicit concurrent mark sweep GC freed 3879(197KB) AllocSpace objects, 0(0B) LOS objects, 33% free, 32MB/48MB, paused 889us total 28.032ms
08-06 11:37:16.433 15100 15220 I art     : Starting a blocking GC Explicit
08-06 11:37:16.461 15100 15220 I art     : Explicit concurrent mark sweep GC freed 3974(207KB) AllocSpace objects, 0(0B) LOS objects, 33% free, 32MB/48MB, paused 822us total 27.669ms
08-06 11:37:16.720 15100 15113 I art     : Starting a blocking GC Explicit
08-06 11:37:16.764 15100 15113 I art     : Explicit concurrent mark sweep GC freed 31010(1636KB) AllocSpace objects, 1(20KB) LOS objects, 32% free, 33MB/49MB, paused 1.032ms total 44.307ms
08-06 11:37:16.775 15100 15113 I art     : Starting a blocking GC Explicit
08-06 11:37:16.807 15100 15113 I art     : Explicit concurrent mark sweep GC freed 9011(449KB) AllocSpace objects, 0(0B) LOS objects, 32% free, 33MB/49MB, paused 930us total 32.345ms
08-06 11:37:16.817 15100 15113 I art     : Starting a blocking GC Explicit
08-06 11:37:16.848 15100 15113 I art     : Explicit concurrent mark sweep GC freed 8177(399KB) AllocSpace objects, 0(0B) LOS objects, 32% free, 32MB/48MB, paused 986us total 30.800ms
08-06 11:37:16.857 15100 15113 I art     : Starting a blocking GC Explicit
08-06 11:37:16.888 15100 15113 I art     : Explicit concurrent mark sweep GC freed 4150(228KB) AllocSpace objects, 0(0B) LOS objects, 32% free, 32MB/48MB, paused 944us total 30.614ms
08-06 11:37:16.897 15100 15113 I art     : Starting a blocking GC Explicit
08-06 11:37:16.928 15100 15113 I art     : Explicit concurrent mark sweep GC freed 4154(207KB) AllocSpace objects, 0(0B) LOS objects, 32% free, 33MB/49MB, paused 870us total 30.706ms
08-06 11:37:17.178 15100 15220 I art     : Starting a blocking GC Explicit
08-06 11:37:17.223 15100 15220 I art     : Explicit concurrent mark sweep GC freed 29088(1603KB) AllocSpace objects, 1(20KB) LOS objects, 32% free, 33MB/49MB, paused 1.135ms total 43.856ms
08-06 11:37:17.234 15100 15220 I art     : Starting a blocking GC Explicit
08-06 11:37:17.269 15100 15220 I art     : Explicit concurrent mark sweep GC freed 9477(480KB) AllocSpace objects, 0(0B) LOS objects, 32% free, 33MB/49MB, paused 1.020ms total 35.099ms
08-06 11:37:17.279 15100 15220 I art     : Starting a blocking GC Explicit
08-06 11:37:17.312 15100 15220 I art     : Explicit concurrent mark sweep GC freed 7929(389KB) AllocSpace objects, 0(0B) LOS objects, 32% free, 33MB/49MB, paused 880us total 32.903ms
08-06 11:37:17.322 15100 15220 I art     : Starting a blocking GC Explicit
08-06 11:37:17.355 15100 15220 I art     : Explicit concurrent mark sweep GC freed 4587(226KB) AllocSpace objects, 0(0B) LOS objects, 32% free, 33MB/49MB, paused 919us total 32.826ms
08-06 11:37:17.365 15100 15220 I art     : Starting a blocking GC Explicit
08-06 11:37:17.398 15100 15220 I art     : Explicit concurrent mark sweep GC freed 4522(231KB) AllocSpace objects, 0(0B) LOS objects, 32% free, 33MB/49MB, paused 1.092ms total 33.418ms
08-06 11:37:17.500 14957 14957 I ServiceManager: Waiting for service AtCmdFwd...
08-06 11:37:17.596 15100 15100 D OnlineFeedViewActivity: onEventMainThread() called with: event = [DownloadEvent{update=DownloaderUpdate{downloaders=[], feedIds=[], mediaIds=[]}}]
08-06 11:37:17.680 15100 15113 I art     : Starting a blocking GC Explicit
08-06 11:37:17.725 15100 15113 I art     : Explicit concurrent mark sweep GC freed 32812(1668KB) AllocSpace objects, 1(20KB) LOS objects, 31% free, 34MB/50MB, paused 1.124ms total 44.944ms
08-06 11:37:17.737 15100 15113 I art     : Starting a blocking GC Explicit
08-06 11:37:17.771 15100 15113 I art     : Explicit concurrent mark sweep GC freed 12859(578KB) AllocSpace objects, 0(0B) LOS objects, 31% free, 34MB/50MB, paused 1.058ms total 34.236ms
08-06 11:37:17.781 15100 15113 I art     : Starting a blocking GC Explicit
08-06 11:37:17.815 15100 15113 I art     : Explicit concurrent mark sweep GC freed 6245(279KB) AllocSpace objects, 0(0B) LOS objects, 31% free, 34MB/50MB, paused 911us total 32.970ms
08-06 11:37:17.824 15100 15113 I art     : Starting a blocking GC Explicit
08-06 11:37:17.859 15100 15113 I art     : Explicit concurrent mark sweep GC freed 4797(226KB) AllocSpace objects, 0(0B) LOS objects, 31% free, 34MB/50MB, paused 933us total 34.771ms
08-06 11:37:17.869 15100 15113 I art     : Starting a blocking GC Explicit
08-06 11:37:17.898 15100 16500 D FeedSyncThread: The Joe Rogan Experience parsed
08-06 11:37:17.902 15100 16500 D FeedSyncThread: Deletion of file '/storage/emulated/0/Android/data/baseline.de.danoeh.antennapod.debug/files/cache/feed-The Joe Rogan Experience' successful
08-06 11:37:17.902 15100 16500 D DBReader: getFeedDownloadLog() called with: feed = [baseline.de.danoeh.antennapod.core.feed.Feed@0]
08-06 11:37:17.903 15100 16486 D FeedSyncThread: Bundling 1 feeds
08-06 11:37:17.903 15100 15113 I art     : Explicit concurrent mark sweep GC freed 6321(241KB) AllocSpace objects, 0(0B) LOS objects, 31% free, 34MB/50MB, paused 872us total 33.405ms
08-06 11:37:17.903 15100 16550 D DBReader: Extracting Feedlist
08-06 11:37:17.904 15100 16550 D DBTasks : Found no existing Feed with title The Joe Rogan Experience. Adding as new one.
08-06 11:37:17.907 15100 16178 D PodDBAdapter: Setting feed with flattr status The Joe Rogan Experience: 0
08-06 11:37:17.907 15100 16178 D baseline.de.danoeh.antennapod.core.storage.PodDBAdapter@c6ea0d0: Inserting new Feed into db
08-06 11:37:18.146 15100 15220 I art     : Starting a blocking GC Explicit
08-06 11:37:18.191 15100 15220 I art     : Explicit concurrent mark sweep GC freed 73833(5MB) AllocSpace objects, 1(20KB) LOS objects, 31% free, 34MB/50MB, paused 788us total 44.404ms
08-06 11:37:18.203 15100 15220 I art     : Starting a blocking GC Explicit
08-06 11:37:18.237 15100 15220 I art     : Explicit concurrent mark sweep GC freed 14284(1065KB) AllocSpace objects, 0(0B) LOS objects, 31% free, 34MB/50MB, paused 753us total 33.540ms
08-06 11:37:18.247 15100 15220 I art     : Starting a blocking GC Explicit
08-06 11:37:18.283 15100 15220 I art     : Explicit concurrent mark sweep GC freed 12712(948KB) AllocSpace objects, 0(0B) LOS objects, 31% free, 34MB/50MB, paused 757us total 35.885ms
08-06 11:37:18.293 15100 15220 I art     : Starting a blocking GC Explicit
08-06 11:37:18.333 15100 15220 I art     : Explicit concurrent mark sweep GC freed 14035(1052KB) AllocSpace objects, 0(0B) LOS objects, 31% free, 34MB/50MB, paused 926us total 39.018ms
08-06 11:37:18.344 15100 15220 I art     : Starting a blocking GC Explicit
08-06 11:37:18.382 15100 15220 I art     : Explicit concurrent mark sweep GC freed 9389(703KB) AllocSpace objects, 0(0B) LOS objects, 31% free, 34MB/50MB, paused 664us total 37.909ms
08-06 11:37:18.414 15100 15100 D EventDistributor: Processing event queue. Number of events: 1
08-06 11:37:18.414 15100 15100 D EventDistributor: Notifying observers. Data: 1
08-06 11:37:18.414 15100 15100 D DownloadService: 0 downloads left
08-06 11:37:18.414 15100 15636 D DBReader: Extracting Feedlist
08-06 11:37:18.414 15100 15100 D DownloadService: Number of downloads is 0, attempting shutdown
08-06 11:37:18.415 15100 15100 D DownloadService: Service shutting down
08-06 11:37:18.415 15100 15100 D DownloadService: No report is created
08-06 11:37:18.415 15100 15100 D OnlineFeedViewActivity: onEventMainThread() called with: event = [DownloadEvent{update=DownloaderUpdate{downloaders=[], feedIds=[], mediaIds=[]}}]
08-06 11:37:18.416 15100 15100 D DownloadService: NotificationUpdater cancelled. Result: false
08-06 11:37:18.416 15100 16477 E downloadCompletionThd: DownloadCompletionThread was interrupted
08-06 11:37:18.416 15100 15100 D DBTasks : autodownloadUndownloadedItems
08-06 11:37:18.417 15100 16179 D NetworkUtils: Device is connected to Wi-Fi
08-06 11:37:18.417 15100 16179 D NetworkUtils: Auto-dl filter is disabled
08-06 11:37:18.501 14957 14957 I ServiceManager: Waiting for service AtCmdFwd...
08-06 11:37:18.657 15100 15220 I art     : Starting a blocking GC Explicit
08-06 11:37:18.706 15100 15220 I art     : Explicit concurrent mark sweep GC freed 32044(3MB) AllocSpace objects, 2(40KB) LOS objects, 33% free, 31MB/47MB, paused 1.013ms total 49.365ms
08-06 11:37:18.717 15100 15220 I art     : Starting a blocking GC Explicit
08-06 11:37:18.746 15100 15220 I art     : Explicit concurrent mark sweep GC freed 99(4KB) AllocSpace objects, 0(0B) LOS objects, 33% free, 31MB/47MB, paused 603us total 29.270ms
08-06 11:37:18.755 15100 15220 I art     : Starting a blocking GC Explicit
08-06 11:37:18.783 15100 15220 I art     : Explicit concurrent mark sweep GC freed 3(96B) AllocSpace objects, 0(0B) LOS objects, 33% free, 31MB/47MB, paused 621us total 28.401ms
08-06 11:37:18.793 15100 15220 I art     : Starting a blocking GC Explicit
08-06 11:37:18.824 15100 15220 I art     : Explicit concurrent mark sweep GC freed 3(96B) AllocSpace objects, 0(0B) LOS objects, 33% free, 31MB/47MB, paused 620us total 30.744ms
08-06 11:37:18.834 15100 15220 I art     : Starting a blocking GC Explicit
08-06 11:37:18.864 15100 15220 I art     : Explicit concurrent mark sweep GC freed 3(96B) AllocSpace objects, 0(0B) LOS objects, 33% free, 31MB/47MB, paused 616us total 30.208ms
08-06 11:37:19.200 15100 15112 I art     : Starting a blocking GC Explicit
08-06 11:37:19.245 15100 15112 I art     : Explicit concurrent mark sweep GC freed 1415(83KB) AllocSpace objects, 1(20KB) LOS objects, 33% free, 31MB/47MB, paused 694us total 43.433ms
08-06 11:37:19.257 15100 15112 I art     : Starting a blocking GC Explicit
08-06 11:37:19.290 15100 15112 I art     : Explicit concurrent mark sweep GC freed 23(752B) AllocSpace objects, 0(0B) LOS objects, 33% free, 31MB/47MB, paused 647us total 32.738ms
08-06 11:37:19.300 15100 15112 I art     : Starting a blocking GC Explicit
08-06 11:37:19.332 15100 15112 I art     : Explicit concurrent mark sweep GC freed 3(96B) AllocSpace objects, 0(0B) LOS objects, 33% free, 31MB/47MB, paused 626us total 31.513ms
08-06 11:37:19.342 15100 15112 I art     : Starting a blocking GC Explicit
08-06 11:37:19.373 15100 15112 I art     : Explicit concurrent mark sweep GC freed 3(96B) AllocSpace objects, 0(0B) LOS objects, 33% free, 31MB/47MB, paused 725us total 30.754ms
08-06 11:37:19.383 15100 15112 I art     : Starting a blocking GC Explicit
08-06 11:37:19.414 15100 15112 I art     : Explicit concurrent mark sweep GC freed 3(96B) AllocSpace objects, 0(0B) LOS objects, 33% free, 31MB/47MB, paused 614us total 30.604ms
08-06 11:37:19.502 14957 14957 I ServiceManager: Waiting for service AtCmdFwd...
08-06 11:37:19.745 15100 15113 I art     : Starting a blocking GC Explicit
08-06 11:37:19.794 15100 15113 I art     : Explicit concurrent mark sweep GC freed 1378(81KB) AllocSpace objects, 1(20KB) LOS objects, 33% free, 31MB/47MB, paused 705us total 47.880ms
08-06 11:37:19.807 15100 15113 I art     : Starting a blocking GC Explicit
08-06 11:37:19.840 15100 15113 I art     : Explicit concurrent mark sweep GC freed 23(752B) AllocSpace objects, 0(0B) LOS objects, 33% free, 31MB/47MB, paused 652us total 32.930ms
08-06 11:37:19.851 15100 15113 I art     : Starting a blocking GC Explicit
08-06 11:37:19.881 15100 15113 I art     : Explicit concurrent mark sweep GC freed 3(96B) AllocSpace objects, 0(0B) LOS objects, 33% free, 31MB/47MB, paused 634us total 30.673ms
08-06 11:37:19.891 15100 15113 I art     : Starting a blocking GC Explicit
08-06 11:37:19.922 15100 15113 I art     : Explicit concurrent mark sweep GC freed 3(96B) AllocSpace objects, 0(0B) LOS objects, 33% free, 31MB/47MB, paused 749us total 30.637ms
08-06 11:37:19.932 15100 15113 I art     : Starting a blocking GC Explicit
08-06 11:37:19.963 15100 15113 I art     : Explicit concurrent mark sweep GC freed 3(96B) AllocSpace objects, 0(0B) LOS objects, 33% free, 31MB/47MB, paused 621us total 30.529ms
08-06 11:37:20.209 15100 15220 I art     : Starting a blocking GC Explicit
08-06 11:37:20.241 15100 15220 I art     : Explicit concurrent mark sweep GC freed 1415(83KB) AllocSpace objects, 1(20KB) LOS objects, 33% free, 31MB/47MB, paused 696us total 31.737ms
08-06 11:37:20.251 15100 15220 I art     : Starting a blocking GC Explicit
08-06 11:37:20.282 15100 15220 I art     : Explicit concurrent mark sweep GC freed 23(752B) AllocSpace objects, 0(0B) LOS objects, 33% free, 31MB/47MB, paused 632us total 30.637ms
08-06 11:37:20.292 15100 15220 I art     : Starting a blocking GC Explicit
08-06 11:37:20.321 15100 15220 I art     : Explicit concurrent mark sweep GC freed 3(96B) AllocSpace objects, 0(0B) LOS objects, 33% free, 31MB/47MB, paused 590us total 28.908ms
08-06 11:37:20.330 15100 15220 I art     : Starting a blocking GC Explicit
08-06 11:37:20.359 15100 15220 I art     : Explicit concurrent mark sweep GC freed 3(96B) AllocSpace objects, 0(0B) LOS objects, 33% free, 31MB/47MB, paused 609us total 28.546ms
08-06 11:37:20.368 15100 15220 I art     : Starting a blocking GC Explicit
08-06 11:37:20.394 16591 16591 D AndroidRuntime: >>>>>> START com.android.internal.os.RuntimeInit uid 2000 <<<<<<
08-06 11:37:20.397 15100 15220 I art     : Explicit concurrent mark sweep GC freed 3(96B) AllocSpace objects, 0(0B) LOS objects, 33% free, 31MB/47MB, paused 693us total 28.955ms
08-06 11:37:20.398 16591 16591 D AndroidRuntime: CheckJNI is OFF
08-06 11:37:20.423 16591 16591 D ICU     : No timezone override file found: /data/misc/zoneinfo/current/icu/icu_tzdata.dat
08-06 11:37:20.448 16591 16591 I Radio-JNI: register_android_hardware_Radio DONE
08-06 11:37:20.464 16591 16591 D AndroidRuntime: Calling main entry com.android.commands.input.Input
08-06 11:37:20.465 16591 16591 I Input   : injectKeyEvent: KeyEvent { action=ACTION_DOWN, keyCode=KEYCODE_BACK, scanCode=0, metaState=0, flags=0x0, repeatCount=0, eventTime=877056878, downTime=877056878, deviceId=-1, source=0x101 }
08-06 11:37:20.471 16591 16591 I Input   : injectKeyEvent: KeyEvent { action=ACTION_UP, keyCode=KEYCODE_BACK, scanCode=0, metaState=0, flags=0x0, repeatCount=0, eventTime=877056878, downTime=877056878, deviceId=-1, source=0x101 }
08-06 11:37:20.476 16591 16591 D AndroidRuntime: Shutting down VM
08-06 11:37:20.480 15100 15100 V PlaybackController: initServiceNotRunning()
08-06 11:37:20.480 15100 15100 D ExternalPlayerFragment: Loading media info
08-06 11:37:20.483 15100 15100 D UserPreferences: Using default data folder
08-06 11:37:20.484 15100 15636 D DBReader: getNavDrawerData() called with: 
08-06 11:37:20.492 15100 15636 D DBReader: getDownloadedItems() called
08-06 11:37:20.492 15100 15636 D DBReader: getFavoriteIDList() called
08-06 11:37:20.493 15100 15636 D DBReader: getQueueIDList() called
08-06 11:37:20.493 15100 15636 D DBReader: Extracting Feedlist
08-06 11:37:20.502 14957 14957 I ServiceManager: Waiting for service AtCmdFwd...
08-06 11:37:20.512 15100 15100 D MainActivity: getLastNavFragment() -> AddFeedFragment
08-06 11:37:20.514 13866 13866 I GoogleInputMethodServic: GoogleInputMethodService.onFinishInput():3138 
08-06 11:37:20.514 13866 13866 I GoogleInputMethodServic: GoogleInputMethodService.onStartInput():1808 
08-06 11:37:20.518 15100 16048 D ApOkHttpUrlLoader: buildLoadData() called with: model = [http://static.libsyn.com/p/assets/7/1/f/3/71f3014e14ef2722/JREiTunesImage2.jpg], width = [140], height = [140]
08-06 11:37:20.540 15100 16048 D ApOkHttpUrlLoader: buildLoadData() called with: model = [http://static.libsyn.com/p/assets/7/1/f/3/71f3014e14ef2722/JREiTunesImage2.jpg], width = [140], height = [140]
08-06 11:37:20.619 15100 15113 I art     : Starting a blocking GC Explicit
08-06 11:37:20.651 15100 15113 I art     : Explicit concurrent mark sweep GC freed 2858(184KB) AllocSpace objects, 1(20KB) LOS objects, 33% free, 31MB/47MB, paused 668us total 32.395ms
08-06 11:37:20.665 15100 15113 I art     : Starting a blocking GC Explicit
08-06 11:37:20.703 15100 15113 I art     : Explicit concurrent mark sweep GC freed 513(26KB) AllocSpace objects, 0(0B) LOS objects, 33% free, 31MB/47MB, paused 651us total 38.387ms
08-06 11:37:20.717 15100 15113 I art     : Starting a blocking GC Explicit
08-06 11:37:20.753 15100 15113 I art     : Explicit concurrent mark sweep GC freed 3(96B) AllocSpace objects, 0(0B) LOS objects, 33% free, 31MB/47MB, paused 614us total 36.176ms
08-06 11:37:20.767 15100 15113 I art     : Starting a blocking GC Explicit
08-06 11:37:20.802 15100 15113 I art     : Explicit concurrent mark sweep GC freed 3(96B) AllocSpace objects, 0(0B) LOS objects, 33% free, 31MB/47MB, paused 698us total 34.887ms
08-06 11:37:20.805   380   380 W SurfaceFlinger: couldn't log to binary event log: overflow.
08-06 11:37:20.816 15100 15113 I art     : Starting a blocking GC Explicit
08-06 11:37:20.844 15100 15113 I art     : Explicit concurrent mark sweep GC freed 640(26KB) AllocSpace objects, 0(0B) LOS objects, 33% free, 31MB/47MB, paused 624us total 27.995ms
08-06 11:37:21.142 15100 15220 I art     : Starting a blocking GC Explicit
08-06 11:37:21.179 15100 15220 I art     : Explicit concurrent mark sweep GC freed 34717(3MB) AllocSpace objects, 3(268KB) LOS objects, 36% free, 28MB/44MB, paused 680us total 36.751ms
08-06 11:37:21.187 15100 15220 I art     : Starting a blocking GC Explicit
08-06 11:37:21.209 15100 15220 I art     : Explicit concurrent mark sweep GC freed 23(752B) AllocSpace objects, 0(0B) LOS objects, 36% free, 28MB/44MB, paused 599us total 21.924ms
08-06 11:37:21.217 15100 15220 I art     : Starting a blocking GC Explicit
08-06 11:37:21.236 15100 15220 I art     : Explicit concurrent mark sweep GC freed 3(96B) AllocSpace objects, 0(0B) LOS objects, 36% free, 28MB/44MB, paused 583us total 19.276ms
08-06 11:37:21.243 15100 15220 I art     : Starting a blocking GC Explicit
08-06 11:37:21.263 15100 15220 I art     : Explicit concurrent mark sweep GC freed 3(96B) AllocSpace objects, 0(0B) LOS objects, 36% free, 28MB/44MB, paused 584us total 20.158ms
08-06 11:37:21.270 15100 15220 I art     : Starting a blocking GC Explicit
08-06 11:37:21.289 15100 15220 I art     : Explicit concurrent mark sweep GC freed 3(96B) AllocSpace objects, 0(0B) LOS objects, 36% free, 28MB/44MB, paused 573us total 19.406ms
08-06 11:37:21.503 14957 14957 I ServiceManager: Waiting for service AtCmdFwd...
08-06 11:37:21.588 15100 16624 I art     : Starting a blocking GC Explicit
08-06 11:37:21.619 15100 16624 I art     : Explicit concurrent mark sweep GC freed 1373(82KB) AllocSpace objects, 1(20KB) LOS objects, 36% free, 28MB/44MB, paused 779us total 30.658ms
08-06 11:37:21.629 15100 16624 I art     : Starting a blocking GC Explicit
08-06 11:37:21.652 15100 16624 I art     : Explicit concurrent mark sweep GC freed 23(752B) AllocSpace objects, 0(0B) LOS objects, 36% free, 28MB/44MB, paused 641us total 22.518ms
08-06 11:37:21.660 15100 16624 I art     : Starting a blocking GC Explicit
08-06 11:37:21.682 15100 16624 I art     : Explicit concurrent mark sweep GC freed 3(96B) AllocSpace objects, 0(0B) LOS objects, 36% free, 28MB/44MB, paused 608us total 21.694ms
08-06 11:37:21.689 15100 16624 I art     : Starting a blocking GC Explicit
08-06 11:37:21.710 15100 16624 I art     : Explicit concurrent mark sweep GC freed 3(96B) AllocSpace objects, 0(0B) LOS objects, 36% free, 28MB/44MB, paused 563us total 20.777ms
08-06 11:37:21.717 15100 16624 I art     : Starting a blocking GC Explicit
08-06 11:37:21.738 15100 16624 I art     : Explicit concurrent mark sweep GC freed 3(96B) AllocSpace objects, 0(0B) LOS objects, 36% free, 28MB/44MB, paused 634us total 20.521ms
08-06 11:37:22.000 15100 15112 I art     : Starting a blocking GC Explicit
08-06 11:37:22.020 16645 16645 D AndroidRuntime: >>>>>> START com.android.internal.os.RuntimeInit uid 2000 <<<<<<
08-06 11:37:22.023 15100 15112 I art     : Explicit concurrent mark sweep GC freed 1402(81KB) AllocSpace objects, 1(20KB) LOS objects, 36% free, 28MB/44MB, paused 696us total 22.844ms
08-06 11:37:22.025 16645 16645 D AndroidRuntime: CheckJNI is OFF
08-06 11:37:22.030 15100 15112 I art     : Starting a blocking GC Explicit
08-06 11:37:22.049 15100 15112 I art     : Explicit concurrent mark sweep GC freed 23(752B) AllocSpace objects, 0(0B) LOS objects, 36% free, 28MB/44MB, paused 670us total 18.674ms
08-06 11:37:22.050 16645 16645 D ICU     : No timezone override file found: /data/misc/zoneinfo/current/icu/icu_tzdata.dat
08-06 11:37:22.055 15100 15112 I art     : Starting a blocking GC Explicit
08-06 11:37:22.074 16645 16645 I Radio-JNI: register_android_hardware_Radio DONE
08-06 11:37:22.075 15100 15112 I art     : Explicit concurrent mark sweep GC freed 3(96B) AllocSpace objects, 0(0B) LOS objects, 36% free, 28MB/44MB, paused 622us total 19.092ms
08-06 11:37:22.081 15100 15112 I art     : Starting a blocking GC Explicit
08-06 11:37:22.091 16645 16645 D AndroidRuntime: Calling main entry com.android.commands.input.Input
08-06 11:37:22.093 16645 16645 I Input   : injectMotionEvent: MotionEvent { action=ACTION_DOWN, actionButton=0, id[0]=0, x[0]=639.0, y[0]=762.0, toolType[0]=TOOL_TYPE_UNKNOWN, buttonState=0, metaState=0, flags=0x0, edgeFlags=0x0, pointerCount=1, historySize=0, eventTime=877058506, downTime=877058506, deviceId=0, source=0x1002 }
08-06 11:37:22.100 16645 16645 I Input   : injectMotionEvent: MotionEvent { action=ACTION_UP, actionButton=0, id[0]=0, x[0]=639.0, y[0]=762.0, toolType[0]=TOOL_TYPE_UNKNOWN, buttonState=0, metaState=0, flags=0x0, edgeFlags=0x0, pointerCount=1, historySize=0, eventTime=877058506, downTime=877058506, deviceId=0, source=0x1002 }
08-06 11:37:22.101 16645 16645 D AndroidRuntime: Shutting down VM
08-06 11:37:22.102 15100 15112 I art     : Explicit concurrent mark sweep GC freed 12(352B) AllocSpace objects, 0(0B) LOS objects, 36% free, 28MB/44MB, paused 771us total 20.792ms
08-06 11:37:22.109 15100 15112 I art     : Starting a blocking GC Explicit
08-06 11:37:22.130 15100 15112 I art     : Explicit concurrent mark sweep GC freed 242(12KB) AllocSpace objects, 0(0B) LOS objects, 36% free, 28MB/44MB, paused 657us total 20.853ms
08-06 11:37:22.176   512  2967 D audio_hw_primary: out_set_parameters: enter: usecase(1: low-latency-playback) kvpairs: routing=2
08-06 11:37:22.189   512  2967 D audio_hw_primary: select_devices: out_snd_device(2: speaker) in_snd_device(0: none)
08-06 11:37:22.189   512  2967 D msm8974_platform: platform_send_audio_calibration: sending audio calibration for snd_device(2) acdb_id(15)
08-06 11:37:22.190   512  2967 I soundtrigger: audio_extn_sound_trigger_update_device_status: device 0x2 of type 0 for Event 1
08-06 11:37:22.197 13866 13866 I GoogleInputMethodServic: GoogleInputMethodService.onFinishInput():3138 
08-06 11:37:22.197 13866 13866 I GoogleInputMethodServic: GoogleInputMethodService.onStartInput():1808 
08-06 11:37:22.200   512  2967 D audio_hw_primary: enable_snd_device: snd_device(2: speaker)
08-06 11:37:22.201   512  2967 D audio_hw_primary: enable_audio_route: apply and update mixer path: low-latency-playback speaker
08-06 11:37:22.332 15100 15124 I NAPPA_EXPERIMENTATION: MetricNetworkRequestExecutionTime: REQUEST_DURATION_SYSTEM='158',REQUEST_DURATION_OKHTTP='157',REQUEST_SYNCHRONOUS='TRUE',RESPONSE_CODE='200',RESPONSE_METHOD='GET',RESPONSE_LENGTH_OKHTTP='-1',RESPONSE_LENGTH_HEADER='622',REQUEST_PROTOCOL='h2',REQUEST_URL='https://itunes.apple.com/lookup?id=360084272',
08-06 11:37:22.342   918  5952 I ActivityManager: START u0 {cmp=baseline.de.danoeh.antennapod.debug/baseline.de.danoeh.antennapod.activity.OnlineFeedViewActivity (has extras)} from uid 10711 on display 0
08-06 11:37:22.365 13866 13866 I GoogleInputMethodServic: GoogleInputMethodService.onFinishInput():3138 
08-06 11:37:22.366 13866 13866 I GoogleInputMethodServic: GoogleInputMethodService.onStartInput():1808 
08-06 11:37:22.381 15100 15112 I art     : Starting a blocking GC Explicit
08-06 11:37:22.385 15100 15100 D UserPreferences: Using default data folder
08-06 11:37:22.386 15100 15100 D OnlineFeedViewActivity: Activity was started with url http://joeroganexp.joerogan.libsynpro.com/rss
08-06 11:37:22.387 15100 15100 D OnlineFeedViewActivity: Starting feed download
08-06 11:37:22.389 15100 15120 D DBReader: Extracting Feedlist
08-06 11:37:22.391   918   929 D WifiService: acquireWifiLockLocked: WifiLock{Downloader type=1 binder=android.os.BinderProxy@936e5c1}
08-06 11:37:22.391 15100 15120 D AntennapodHttpClient: Creating new instance of HTTP client
08-06 11:37:22.407 15100 15112 I art     : Explicit concurrent mark sweep GC freed 3224(208KB) AllocSpace objects, 1(20KB) LOS objects, 36% free, 28MB/44MB, paused 755us total 25.936ms
08-06 11:37:22.415 15100 15112 I art     : Starting a blocking GC Explicit
08-06 11:37:22.434 15100 15120 D MYTAG   : interceptor 3a http://joeroganexp.joerogan.libsynpro.com/rss
08-06 11:37:22.435 15100 15120 I NAPPA_EXPERIMENTATION: MetricNetworkRequestExecutionTime: REQUEST_DURATION_SYSTEM='42',REQUEST_DURATION_OKHTTP='36',REQUEST_SYNCHRONOUS='TRUE',RESPONSE_CODE='200',RESPONSE_METHOD='GET',RESPONSE_LENGTH_OKHTTP='-1',RESPONSE_LENGTH_HEADER='307892',REQUEST_PROTOCOL='http/1.1',REQUEST_URL='http://joeroganexp.joerogan.libsynpro.com/rss',
08-06 11:37:22.435 15100 15120 D HttpDownloader: Response code is 200
08-06 11:37:22.435 15100 15120 D UserPreferences: Using default data folder
08-06 11:37:22.436 15100 15112 I art     : Explicit concurrent mark sweep GC freed 508(34KB) AllocSpace objects, 0(0B) LOS objects, 36% free, 28MB/44MB, paused 744us total 21.617ms
08-06 11:37:22.437 15100 15120 D HttpDownloader: Getting size of download
08-06 11:37:22.437 15100 15120 D HttpDownloader: Size is -1
08-06 11:37:22.437 15100 15120 D UserPreferences: Using default data folder
08-06 11:37:22.437 15100 15120 D HttpDownloader: Free space is 20195233792
08-06 11:37:22.437 15100 15120 D HttpDownloader: Starting download
08-06 11:37:22.443 15100 15112 I art     : Starting a blocking GC Explicit
08-06 11:37:22.454 13866 13866 I GoogleInputMethodServic: GoogleInputMethodService.onFinishInput():3138 
08-06 11:37:22.455 13866 13866 I GoogleInputMethodServic: GoogleInputMethodService.onStartInput():1808 
08-06 11:37:22.468 15100 15112 I art     : Explicit concurrent mark sweep GC freed 177(7KB) AllocSpace objects, 0(0B) LOS objects, 35% free, 28MB/44MB, paused 923us total 24.403ms
08-06 11:37:22.473   918   936 I ActivityManager: Displayed baseline.de.danoeh.antennapod.debug/baseline.de.danoeh.antennapod.activity.OnlineFeedViewActivity: +109ms
08-06 11:37:22.475 15100 15112 I art     : Starting a blocking GC Explicit
08-06 11:37:22.497 15100 15112 I art     : Explicit concurrent mark sweep GC freed 36(1536B) AllocSpace objects, 0(0B) LOS objects, 35% free, 28MB/44MB, paused 817us total 21.550ms
08-06 11:37:22.500 15100 15121 D OpenGLRenderer: endAllStagingAnimators on 0x7f7ec5c000 (GridView) with handle 0x7f7967ffe0
08-06 11:37:22.503 14957 14957 W Atfwd_Sendcmd: AtCmdFwd service not published, waiting... retryCnt : 5
08-06 11:37:22.506 15100 15112 I art     : Starting a blocking GC Explicit
08-06 11:37:22.526 15100 15112 I art     : Explicit concurrent mark sweep GC freed 22(1296B) AllocSpace objects, 0(0B) LOS objects, 35% free, 28MB/44MB, paused 595us total 20.450ms
08-06 11:37:22.594 15100 15120 D HttpDownloader: Download was successful
08-06 11:37:22.594   918  5132 D WifiService: releaseWifiLockLocked: WifiLock{Downloader type=1 binder=android.os.BinderProxy@936e5c1}
08-06 11:37:22.595 15100 15100 D OnlineFeedViewActivity: Parsing feed
08-06 11:37:22.598 15100 16679 D TypeGetter: Recognized type RSS 2.0
08-06 11:37:22.599 15100 16679 D SyndHandler: Recognized Atom namespace
08-06 11:37:22.599 15100 16679 D SyndHandler: Recognized ITunes namespace
08-06 11:37:22.599 15100 16679 D SyndHandler: Recognized media namespace
08-06 11:37:22.599 15100 16679 D SyndHandler: Recognized Content namespace
08-06 11:37:22.725   380   380 W SurfaceFlinger: couldn't log to binary event log: overflow.
08-06 11:37:22.749   512  2967 D audio_hw_primary: disable_audio_route: reset and update mixer path: low-latency-playback speaker
08-06 11:37:22.751   512  2967 D audio_hw_primary: disable_snd_device: snd_device(2: speaker)
08-06 11:37:22.758   512  2967 I soundtrigger: audio_extn_sound_trigger_update_device_status: device 0x2 of type 0 for Event 0
08-06 11:37:22.801 15100 15113 I art     : Starting a blocking GC Explicit
08-06 11:37:22.827 15100 15113 I art     : Explicit concurrent mark sweep GC freed 20220(1236KB) AllocSpace objects, 4(80KB) LOS objects, 35% free, 29MB/45MB, paused 818us total 26.080ms
08-06 11:37:22.835 15100 15113 I art     : Starting a blocking GC Explicit
08-06 11:37:22.844 15100 15100 D PlaybackController: Releasing PlaybackController
08-06 11:37:22.860 15100 15113 I art     : Explicit concurrent mark sweep GC freed 5226(256KB) AllocSpace objects, 0(0B) LOS objects, 35% free, 29MB/45MB, paused 979us total 25.467ms
08-06 11:37:22.869 15100 15113 I art     : Starting a blocking GC Explicit
08-06 11:37:22.889 15100 15113 I art     : Explicit concurrent mark sweep GC freed 6393(309KB) AllocSpace objects, 0(0B) LOS objects, 35% free, 28MB/44MB, paused 760us total 20.351ms
08-06 11:37:22.896 15100 15113 I art     : Starting a blocking GC Explicit
08-06 11:37:22.917 15100 15113 I art     : Explicit concurrent mark sweep GC freed 2974(151KB) AllocSpace objects, 0(0B) LOS objects, 35% free, 29MB/45MB, paused 1.046ms total 21.014ms
08-06 11:37:22.924 15100 15113 I art     : Starting a blocking GC Explicit
08-06 11:37:22.945 15100 15113 I art     : Explicit concurrent mark sweep GC freed 2994(150KB) AllocSpace objects, 0(0B) LOS objects, 35% free, 29MB/45MB, paused 785us total 20.474ms
08-06 11:37:23.208 15100 16624 I art     : Starting a blocking GC Explicit
08-06 11:37:23.239 15100 16624 I art     : Explicit concurrent mark sweep GC freed 30117(1599KB) AllocSpace objects, 1(20KB) LOS objects, 34% free, 30MB/46MB, paused 925us total 31.166ms
08-06 11:37:23.248 15100 16624 I art     : Starting a blocking GC Explicit
08-06 11:37:23.274 15100 16624 I art     : Explicit concurrent mark sweep GC freed 7577(359KB) AllocSpace objects, 0(0B) LOS objects, 34% free, 29MB/45MB, paused 998us total 24.975ms
08-06 11:37:23.281 15100 16624 I art     : Starting a blocking GC Explicit
08-06 11:37:23.304 15100 16624 I art     : Explicit concurrent mark sweep GC freed 7485(370KB) AllocSpace objects, 0(0B) LOS objects, 34% free, 29MB/45MB, paused 863us total 22.509ms
08-06 11:37:23.311 15100 16624 I art     : Starting a blocking GC Explicit
08-06 11:37:23.333 15100 16624 I art     : Explicit concurrent mark sweep GC freed 3145(162KB) AllocSpace objects, 0(0B) LOS objects, 34% free, 29MB/45MB, paused 796us total 22.138ms
08-06 11:37:23.341 15100 16624 I art     : Starting a blocking GC Explicit
08-06 11:37:23.364 15100 16624 I art     : Explicit concurrent mark sweep GC freed 3145(165KB) AllocSpace objects, 0(0B) LOS objects, 34% free, 29MB/45MB, paused 904us total 22.807ms
08-06 11:37:23.450 24577 16702 I MS_RegisterService: Tachyon host: instantmessaging-pa.googleapis.com, Tachyon port: 443
08-06 11:37:23.483 24577 16703 I MS_RegisterService: RegisterService intent:Intent { act=com.google.android.gms.matchstick.register_intent_action cat=[targeted_intent_op_prefix:com.google.android.libraries.matchstick.net.SilentRegisterIntentOperation] flg=0x4 cmp=com.google.android.gms/.chimera.GmsIntentOperationService (has extras) } isPeriodic:false
08-06 11:37:23.504 24365 14427 I NetworkScheduler.Stats: Task com.google.android.gms/com.google.android.gms.icing.service.IcingGcmTaskService started execution. cause:4 exec_start_elapsed_seconds: 1860447 [CONTEXT service_id=218 ]
08-06 11:37:23.513 24365 31017 I NetworkScheduler.Stats: Task com.google.android.gms/com.google.android.gms.icing.service.IcingGcmTaskService finished executing. cause:4 result: 1 elapsed_millis: 34 uptime_millis: 35 exec_start_elapsed_seconds: 1860447 [CONTEXT service_id=218 ]
08-06 11:37:23.530 24577 16703 W MS_RegisterService: Not eligible for registration.
08-06 11:37:23.609 15100 16624 I art     : Starting a blocking GC Explicit
08-06 11:37:23.640 15100 16624 I art     : Explicit concurrent mark sweep GC freed 28689(1572KB) AllocSpace objects, 1(20KB) LOS objects, 34% free, 30MB/46MB, paused 976us total 30.463ms
08-06 11:37:23.649 15100 16624 I art     : Starting a blocking GC Explicit
08-06 11:37:23.676 15100 16624 I art     : Explicit concurrent mark sweep GC freed 8296(401KB) AllocSpace objects, 0(0B) LOS objects, 34% free, 30MB/46MB, paused 1.736ms total 26.550ms
08-06 11:37:23.684 15100 16624 I art     : Starting a blocking GC Explicit
08-06 11:37:23.708 15100 16624 I art     : Explicit concurrent mark sweep GC freed 7090(357KB) AllocSpace objects, 0(0B) LOS objects, 34% free, 30MB/46MB, paused 988us total 24.466ms
08-06 11:37:23.716 15100 16624 I art     : Starting a blocking GC Explicit
08-06 11:37:23.741 15100 16624 I art     : Explicit concurrent mark sweep GC freed 3427(189KB) AllocSpace objects, 0(0B) LOS objects, 34% free, 30MB/46MB, paused 921us total 24.804ms
08-06 11:37:23.749 15100 16624 I art     : Starting a blocking GC Explicit
08-06 11:37:23.774 15100 16624 I art     : Explicit concurrent mark sweep GC freed 3425(185KB) AllocSpace objects, 0(0B) LOS objects, 34% free, 30MB/46MB, paused 927us total 24.892ms
08-06 11:37:24.057 15100 15220 I art     : Starting a blocking GC Explicit
08-06 11:37:24.090 15100 15220 I art     : Explicit concurrent mark sweep GC freed 32587(1757KB) AllocSpace objects, 1(20KB) LOS objects, 33% free, 31MB/47MB, paused 980us total 32.811ms
08-06 11:37:24.100 15100 15220 I art     : Starting a blocking GC Explicit
08-06 11:37:24.131 15100 15220 I art     : Explicit concurrent mark sweep GC freed 4345(183KB) AllocSpace objects, 0(0B) LOS objects, 33% free, 31MB/47MB, paused 1.585ms total 31.657ms
08-06 11:37:24.140 15100 15220 I art     : Starting a blocking GC Explicit
08-06 11:37:24.166 15100 15220 I art     : Explicit concurrent mark sweep GC freed 12344(547KB) AllocSpace objects, 0(0B) LOS objects, 33% free, 31MB/47MB, paused 943us total 26.528ms
08-06 11:37:24.174 15100 15220 I art     : Starting a blocking GC Explicit
08-06 11:37:24.200 15100 15220 I art     : Explicit concurrent mark sweep GC freed 4614(198KB) AllocSpace objects, 0(0B) LOS objects, 33% free, 31MB/47MB, paused 811us total 25.250ms
08-06 11:37:24.208 15100 15220 I art     : Starting a blocking GC Explicit
08-06 11:37:24.234 15100 15220 I art     : Explicit concurrent mark sweep GC freed 3696(165KB) AllocSpace objects, 0(0B) LOS objects, 33% free, 31MB/47MB, paused 877us total 25.958ms
08-06 11:37:24.356 15100 16679 D OnlineFeedViewActivity: Deleted feed source file. Result: true
08-06 11:37:24.363 15100 15100 D OnlineFeedViewActivity: Removing HTML from shownotes
08-06 11:37:24.519 15100 15113 I art     : Waiting for a blocking GC Explicit
08-06 11:37:24.524 15100 15113 I art     : WaitForGcToComplete blocked for 5.476ms for cause Explicit
08-06 11:37:24.524 15100 15113 I art     : Starting a blocking GC Explicit
08-06 11:37:24.563 15100 15113 I art     : Explicit concurrent mark sweep GC freed 47901(3MB) AllocSpace objects, 208(13MB) LOS objects, 32% free, 33MB/49MB, paused 968us total 38.139ms
08-06 11:37:24.572 15100 15113 I art     : Starting a blocking GC Explicit
08-06 11:37:24.604 15100 15113 I art     : Explicit concurrent mark sweep GC freed 50096(4MB) AllocSpace objects, 225(14MB) LOS objects, 32% free, 33MB/49MB, paused 851us total 31.958ms
08-06 11:37:24.613 15100 15113 I art     : Starting a blocking GC Explicit
08-06 11:37:24.646 15100 15113 I art     : Explicit concurrent mark sweep GC freed 50427(4MB) AllocSpace objects, 225(14MB) LOS objects, 32% free, 33MB/49MB, paused 835us total 33.238ms
08-06 11:37:24.655 15100 15113 I art     : Starting a blocking GC Explicit
08-06 11:37:24.689 15100 15113 I art     : Explicit concurrent mark sweep GC freed 48508(4MB) AllocSpace objects, 270(17MB) LOS objects, 31% free, 34MB/50MB, paused 865us total 34.178ms
08-06 11:37:24.698 15100 15113 I art     : Starting a blocking GC Explicit
08-06 11:37:24.730 15100 15113 I art     : Explicit concurrent mark sweep GC freed 28970(3MB) AllocSpace objects, 195(12MB) LOS objects, 33% free, 31MB/47MB, paused 991us total 31.478ms
08-06 11:37:25.034 15100 15112 I art     : Starting a blocking GC Explicit
08-06 11:37:25.078 15100 15112 I art     : Explicit concurrent mark sweep GC freed 2287(138KB) AllocSpace objects, 2(88KB) LOS objects, 33% free, 31MB/47MB, paused 724us total 43.424ms
08-06 11:37:25.091 15100 15112 I art     : Starting a blocking GC Explicit
08-06 11:37:25.124 15100 15112 I art     : Explicit concurrent mark sweep GC freed 473(23KB) AllocSpace objects, 1(112KB) LOS objects, 33% free, 31MB/47MB, paused 688us total 33.452ms
08-06 11:37:25.134 15100 15112 I art     : Starting a blocking GC Explicit
08-06 11:37:25.165 15100 15112 I art     : Explicit concurrent mark sweep GC freed 3(96B) AllocSpace objects, 0(0B) LOS objects, 33% free, 31MB/47MB, paused 628us total 30.793ms
08-06 11:37:25.175 15100 15112 I art     : Starting a blocking GC Explicit
08-06 11:37:25.205 15100 15112 I art     : Explicit concurrent mark sweep GC freed 3(96B) AllocSpace objects, 0(0B) LOS objects, 33% free, 31MB/47MB, paused 630us total 30.575ms
08-06 11:37:25.215 15100 15112 I art     : Starting a blocking GC Explicit
08-06 11:37:25.248 15100 15112 I art     : Explicit concurrent mark sweep GC freed 3(96B) AllocSpace objects, 0(0B) LOS objects, 33% free, 31MB/47MB, paused 661us total 32.048ms
08-06 11:37:25.564 15100 15113 I art     : Starting a blocking GC Explicit
08-06 11:37:25.607 15100 15113 I art     : Explicit concurrent mark sweep GC freed 1374(82KB) AllocSpace objects, 1(20KB) LOS objects, 33% free, 31MB/47MB, paused 721us total 42.845ms
08-06 11:37:25.622 15100 15113 I art     : Starting a blocking GC Explicit
08-06 11:37:25.655 15100 15113 I art     : Explicit concurrent mark sweep GC freed 23(752B) AllocSpace objects, 0(0B) LOS objects, 33% free, 31MB/47MB, paused 649us total 32.591ms
08-06 11:37:25.665 15100 15113 I art     : Starting a blocking GC Explicit
08-06 11:37:25.698 15100 15113 I art     : Explicit concurrent mark sweep GC freed 3(96B) AllocSpace objects, 0(0B) LOS objects, 33% free, 31MB/47MB, paused 670us total 32.321ms
08-06 11:37:25.708 15100 15113 I art     : Starting a blocking GC Explicit
08-06 11:37:25.739 15100 15113 I art     : Explicit concurrent mark sweep GC freed 3(96B) AllocSpace objects, 0(0B) LOS objects, 33% free, 31MB/47MB, paused 635us total 31.385ms
08-06 11:37:25.749 15100 15113 I art     : Starting a blocking GC Explicit
08-06 11:37:25.781 15100 15113 I art     : Explicit concurrent mark sweep GC freed 3(96B) AllocSpace objects, 0(0B) LOS objects, 33% free, 31MB/47MB, paused 768us total 31.934ms
08-06 11:37:26.103 15100 15220 I art     : Starting a blocking GC Explicit
08-06 11:37:26.144 15100 15220 I art     : Explicit concurrent mark sweep GC freed 1401(81KB) AllocSpace objects, 1(20KB) LOS objects, 33% free, 31MB/47MB, paused 645us total 40.600ms
08-06 11:37:26.155 15100 15220 I art     : Starting a blocking GC Explicit
08-06 11:37:26.187 15100 15220 I art     : Explicit concurrent mark sweep GC freed 23(752B) AllocSpace objects, 0(0B) LOS objects, 33% free, 31MB/47MB, paused 734us total 32.359ms
08-06 11:37:26.197 15100 15220 I art     : Starting a blocking GC Explicit
08-06 11:37:26.229 15100 15220 I art     : Explicit concurrent mark sweep GC freed 3(96B) AllocSpace objects, 0(0B) LOS objects, 33% free, 31MB/47MB, paused 654us total 31.305ms
08-06 11:37:26.239 15100 15220 I art     : Starting a blocking GC Explicit
08-06 11:37:26.271 15100 15220 I art     : Explicit concurrent mark sweep GC freed 3(96B) AllocSpace objects, 0(0B) LOS objects, 33% free, 31MB/47MB, paused 637us total 31.990ms
08-06 11:37:26.281 15100 15220 I art     : Starting a blocking GC Explicit
08-06 11:37:26.312 15100 15220 I art     : Explicit concurrent mark sweep GC freed 3(96B) AllocSpace objects, 0(0B) LOS objects, 33% free, 31MB/47MB, paused 624us total 30.625ms
08-06 11:37:26.568 15100 15112 I art     : Starting a blocking GC Explicit
08-06 11:37:26.600 15100 15112 I art     : Explicit concurrent mark sweep GC freed 1400(81KB) AllocSpace objects, 1(20KB) LOS objects, 33% free, 31MB/47MB, paused 579us total 31.351ms
08-06 11:37:26.610 15100 15112 I art     : Starting a blocking GC Explicit
08-06 11:37:26.639 15100 15112 I art     : Explicit concurrent mark sweep GC freed 23(752B) AllocSpace objects, 0(0B) LOS objects, 33% free, 31MB/47MB, paused 633us total 28.792ms
08-06 11:37:26.648 15100 15112 I art     : Starting a blocking GC Explicit
08-06 11:37:26.677 15100 15112 I art     : Explicit concurrent mark sweep GC freed 3(96B) AllocSpace objects, 0(0B) LOS objects, 33% free, 31MB/47MB, paused 686us total 28.689ms
08-06 11:37:26.686 15100 15112 I art     : Starting a blocking GC Explicit
08-06 11:37:26.704 16765 16765 D AndroidRuntime: >>>>>> START com.android.internal.os.RuntimeInit uid 2000 <<<<<<
08-06 11:37:26.708 16765 16765 D AndroidRuntime: CheckJNI is OFF
08-06 11:37:26.715 15100 15112 I art     : Explicit concurrent mark sweep GC freed 3(96B) AllocSpace objects, 0(0B) LOS objects, 33% free, 31MB/47MB, paused 642us total 29.109ms
08-06 11:37:26.725 15100 15112 I art     : Starting a blocking GC Explicit
08-06 11:37:26.737 16765 16765 D ICU     : No timezone override file found: /data/misc/zoneinfo/current/icu/icu_tzdata.dat
08-06 11:37:26.754 15100 15112 I art     : Explicit concurrent mark sweep GC freed 3(96B) AllocSpace objects, 0(0B) LOS objects, 33% free, 31MB/47MB, paused 623us total 28.926ms
08-06 11:37:26.762 16765 16765 I Radio-JNI: register_android_hardware_Radio DONE
08-06 11:37:26.778 16765 16765 D AndroidRuntime: Calling main entry com.android.commands.input.Input
08-06 11:37:26.779 16765 16765 I Input   : injectKeyEvent: KeyEvent { action=ACTION_DOWN, keyCode=KEYCODE_BACK, scanCode=0, metaState=0, flags=0x0, repeatCount=0, eventTime=877063192, downTime=877063192, deviceId=-1, source=0x101 }
08-06 11:37:26.785 16765 16765 I Input   : injectKeyEvent: KeyEvent { action=ACTION_UP, keyCode=KEYCODE_BACK, scanCode=0, metaState=0, flags=0x0, repeatCount=0, eventTime=877063192, downTime=877063192, deviceId=-1, source=0x101 }
08-06 11:37:26.790 16765 16765 D AndroidRuntime: Shutting down VM
08-06 11:37:26.795 15100 15100 V PlaybackController: initServiceNotRunning()
08-06 11:37:26.795 15100 15100 D ExternalPlayerFragment: Loading media info
08-06 11:37:26.800 15100 15100 D UserPreferences: Using default data folder
08-06 11:37:26.800 15100 15120 D DBReader: getNavDrawerData() called with: 
08-06 11:37:26.808 15100 15120 D DBReader: getDownloadedItems() called
08-06 11:37:26.808 15100 15120 D DBReader: getFavoriteIDList() called
08-06 11:37:26.809 15100 15120 D DBReader: getQueueIDList() called
08-06 11:37:26.809 15100 15120 D DBReader: Extracting Feedlist
08-06 11:37:26.826 13866 13866 I GoogleInputMethodServic: GoogleInputMethodService.onFinishInput():3138 
08-06 11:37:26.826 15100 15100 D MainActivity: getLastNavFragment() -> AddFeedFragment
08-06 11:37:26.827 13866 13866 I GoogleInputMethodServic: GoogleInputMethodService.onStartInput():1808 
08-06 11:37:27.036 15100 16624 I art     : Starting a blocking GC Explicit
08-06 11:37:27.079 15100 16624 I art     : Explicit concurrent mark sweep GC freed 2510(153KB) AllocSpace objects, 1(20KB) LOS objects, 33% free, 31MB/47MB, paused 695us total 41.926ms
08-06 11:37:27.094 15100 16624 I art     : Starting a blocking GC Explicit
08-06 11:37:27.114   380   380 W SurfaceFlinger: couldn't log to binary event log: overflow.
08-06 11:37:27.128 15100 16624 I art     : Explicit concurrent mark sweep GC freed 938(44KB) AllocSpace objects, 0(0B) LOS objects, 33% free, 31MB/47MB, paused 707us total 34.038ms
08-06 11:37:27.137 15100 16624 I art     : Starting a blocking GC Explicit
08-06 11:37:27.166 15100 16624 I art     : Explicit concurrent mark sweep GC freed 111(4KB) AllocSpace objects, 0(0B) LOS objects, 33% free, 31MB/47MB, paused 647us total 28.627ms
08-06 11:37:27.175 15100 16624 I art     : Starting a blocking GC Explicit
08-06 11:37:27.199 15100 16624 I art     : Explicit concurrent mark sweep GC freed 33266(3MB) AllocSpace objects, 1(28KB) LOS objects, 36% free, 28MB/44MB, paused 616us total 23.514ms
08-06 11:37:27.206 15100 16624 I art     : Starting a blocking GC Explicit
08-06 11:37:27.227 15100 16624 I art     : Explicit concurrent mark sweep GC freed 3(96B) AllocSpace objects, 0(0B) LOS objects, 36% free, 28MB/44MB, paused 642us total 20.674ms
08-06 11:37:27.514 15100 15112 I art     : Starting a blocking GC Explicit
08-06 11:37:27.545 15100 15112 I art     : Explicit concurrent mark sweep GC freed 1373(80KB) AllocSpace objects, 1(20KB) LOS objects, 36% free, 28MB/44MB, paused 694us total 30.569ms
08-06 11:37:27.559 15100 15112 I art     : Starting a blocking GC Explicit
08-06 11:37:27.581 15100 15112 I art     : Explicit concurrent mark sweep GC freed 23(752B) AllocSpace objects, 0(0B) LOS objects, 36% free, 28MB/44MB, paused 628us total 21.455ms
08-06 11:37:27.588 15100 15112 I art     : Starting a blocking GC Explicit
08-06 11:37:27.610 15100 15112 I art     : Explicit concurrent mark sweep GC freed 3(96B) AllocSpace objects, 0(0B) LOS objects, 36% free, 28MB/44MB, paused 620us total 21.449ms
08-06 11:37:27.617 15100 15112 I art     : Starting a blocking GC Explicit
08-06 11:37:27.640 15100 15112 I art     : Explicit concurrent mark sweep GC freed 3(96B) AllocSpace objects, 0(0B) LOS objects, 36% free, 28MB/44MB, paused 638us total 22.184ms
08-06 11:37:27.647 15100 15112 I art     : Starting a blocking GC Explicit
08-06 11:37:27.669 15100 15112 I art     : Explicit concurrent mark sweep GC freed 3(96B) AllocSpace objects, 0(0B) LOS objects, 36% free, 28MB/44MB, paused 689us total 21.724ms
08-06 11:37:27.953 15100 15113 I art     : Starting a blocking GC Explicit
08-06 11:37:27.983 15100 15113 I art     : Explicit concurrent mark sweep GC freed 1403(83KB) AllocSpace objects, 1(20KB) LOS objects, 36% free, 28MB/44MB, paused 693us total 29.193ms
08-06 11:37:27.992 15100 15113 I art     : Starting a blocking GC Explicit
08-06 11:37:28.015 15100 15113 I art     : Explicit concurrent mark sweep GC freed 23(752B) AllocSpace objects, 0(0B) LOS objects, 36% free, 28MB/44MB, paused 733us total 22.976ms
08-06 11:37:28.022 15100 15113 I art     : Starting a blocking GC Explicit
08-06 11:37:28.043 15100 15113 I art     : Explicit concurrent mark sweep GC freed 3(96B) AllocSpace objects, 0(0B) LOS objects, 36% free, 28MB/44MB, paused 587us total 20.649ms
08-06 11:37:28.050 15100 15113 I art     : Starting a blocking GC Explicit
08-06 11:37:28.069 15100 15113 I art     : Explicit concurrent mark sweep GC freed 3(96B) AllocSpace objects, 0(0B) LOS objects, 36% free, 28MB/44MB, paused 605us total 18.831ms
08-06 11:37:28.076 15100 15113 I art     : Starting a blocking GC Explicit
08-06 11:37:28.095 15100 15113 I art     : Explicit concurrent mark sweep GC freed 3(96B) AllocSpace objects, 0(0B) LOS objects, 36% free, 28MB/44MB, paused 587us total 18.812ms
08-06 11:37:28.320 16818 16818 D AndroidRuntime: >>>>>> START com.android.internal.os.RuntimeInit uid 2000 <<<<<<
08-06 11:37:28.324 16818 16818 D AndroidRuntime: CheckJNI is OFF
08-06 11:37:28.350 15100 15220 I art     : Starting a blocking GC Explicit
08-06 11:37:28.352 16818 16818 D ICU     : No timezone override file found: /data/misc/zoneinfo/current/icu/icu_tzdata.dat
08-06 11:37:28.373 15100 15220 I art     : Explicit concurrent mark sweep GC freed 1373(80KB) AllocSpace objects, 1(20KB) LOS objects, 36% free, 28MB/44MB, paused 668us total 22.192ms
08-06 11:37:28.379 16818 16818 I Radio-JNI: register_android_hardware_Radio DONE
08-06 11:37:28.380 15100 15220 I art     : Starting a blocking GC Explicit
08-06 11:37:28.396 16818 16818 D AndroidRuntime: Calling main entry com.android.commands.input.Input
08-06 11:37:28.397 16818 16818 I Input   : injectMotionEvent: MotionEvent { action=ACTION_DOWN, actionButton=0, id[0]=0, x[0]=616.0, y[0]=469.0, toolType[0]=TOOL_TYPE_UNKNOWN, buttonState=0, metaState=0, flags=0x0, edgeFlags=0x0, pointerCount=1, historySize=0, eventTime=877064810, downTime=877064810, deviceId=0, source=0x1002 }
08-06 11:37:28.400 15100 15220 I art     : Explicit concurrent mark sweep GC freed 23(752B) AllocSpace objects, 0(0B) LOS objects, 36% free, 28MB/44MB, paused 626us total 19.772ms
08-06 11:37:28.401 16818 16818 I Input   : injectMotionEvent: MotionEvent { action=ACTION_UP, actionButton=0, id[0]=0, x[0]=616.0, y[0]=469.0, toolType[0]=TOOL_TYPE_UNKNOWN, buttonState=0, metaState=0, flags=0x0, edgeFlags=0x0, pointerCount=1, historySize=0, eventTime=877064810, downTime=877064810, deviceId=0, source=0x1002 }
08-06 11:37:28.403 16818 16818 D AndroidRuntime: Shutting down VM
08-06 11:37:28.407 15100 15220 I art     : Starting a blocking GC Explicit
08-06 11:37:28.428 15100 15220 I art     : Explicit concurrent mark sweep GC freed 43(1776B) AllocSpace objects, 0(0B) LOS objects, 36% free, 28MB/44MB, paused 809us total 20.783ms
08-06 11:37:28.436 15100 15220 I art     : Starting a blocking GC Explicit
08-06 11:37:28.458 15100 15220 I art     : Explicit concurrent mark sweep GC freed 16(512B) AllocSpace objects, 0(0B) LOS objects, 36% free, 28MB/44MB, paused 621us total 21.615ms
08-06 11:37:28.465 15100 15220 I art     : Starting a blocking GC Explicit
08-06 11:37:28.484   512  2967 D audio_hw_primary: out_set_parameters: enter: usecase(1: low-latency-playback) kvpairs: routing=2
08-06 11:37:28.487 15100 15220 I art     : Explicit concurrent mark sweep GC freed 136(6KB) AllocSpace objects, 0(0B) LOS objects, 36% free, 28MB/44MB, paused 1.137ms total 21.690ms
08-06 11:37:28.497   512  2967 D audio_hw_primary: select_devices: out_snd_device(2: speaker) in_snd_device(0: none)
08-06 11:37:28.497   512  2967 D msm8974_platform: platform_send_audio_calibration: sending audio calibration for snd_device(2) acdb_id(15)
08-06 11:37:28.497   512  2967 I soundtrigger: audio_extn_sound_trigger_update_device_status: device 0x2 of type 0 for Event 1
08-06 11:37:28.503 13866 13866 I GoogleInputMethodServic: GoogleInputMethodService.onFinishInput():3138 
08-06 11:37:28.504 13866 13866 I GoogleInputMethodServic: GoogleInputMethodService.onStartInput():1808 
08-06 11:37:28.507   512  2967 D audio_hw_primary: enable_snd_device: snd_device(2: speaker)
08-06 11:37:28.509   512  2967 D audio_hw_primary: enable_audio_route: apply and update mixer path: low-latency-playback speaker
08-06 11:37:28.678 15100 15636 I NAPPA_EXPERIMENTATION: MetricNetworkRequestExecutionTime: REQUEST_DURATION_SYSTEM='195',REQUEST_DURATION_OKHTTP='194',REQUEST_SYNCHRONOUS='TRUE',RESPONSE_CODE='200',RESPONSE_METHOD='GET',RESPONSE_LENGTH_OKHTTP='-1',RESPONSE_LENGTH_HEADER='628',REQUEST_PROTOCOL='h2',REQUEST_URL='https://itunes.apple.com/lookup?id=1524080195',
08-06 11:37:28.701   918  5481 I ActivityManager: START u0 {cmp=baseline.de.danoeh.antennapod.debug/baseline.de.danoeh.antennapod.activity.OnlineFeedViewActivity (has extras)} from uid 10711 on display 0
08-06 11:37:28.723 13866 13866 I GoogleInputMethodServic: GoogleInputMethodService.onFinishInput():3138 
08-06 11:37:28.724 13866 13866 I GoogleInputMethodServic: GoogleInputMethodService.onStartInput():1808 
08-06 11:37:28.733 15100 16624 I art     : Starting a blocking GC Explicit
08-06 11:37:28.748 15100 15100 D UserPreferences: Using default data folder
08-06 11:37:28.748 15100 15100 D OnlineFeedViewActivity: Activity was started with url https://rss.art19.com/nice-white-parents
08-06 11:37:28.749 15100 15100 D OnlineFeedViewActivity: Starting feed download
08-06 11:37:28.751 15100 15124 D DBReader: Extracting Feedlist
08-06 11:37:28.753   918   929 D WifiService: acquireWifiLockLocked: WifiLock{Downloader type=1 binder=android.os.BinderProxy@8e2589b}
08-06 11:37:28.753 15100 15124 D AntennapodHttpClient: Creating new instance of HTTP client
08-06 11:37:28.759 15100 16624 I art     : Explicit concurrent mark sweep GC freed 3026(196KB) AllocSpace objects, 1(20KB) LOS objects, 36% free, 28MB/44MB, paused 877us total 25.813ms
08-06 11:37:28.766 15100 16624 I art     : Starting a blocking GC Explicit
08-06 11:37:28.787 15100 16624 I art     : Explicit concurrent mark sweep GC freed 462(27KB) AllocSpace objects, 0(0B) LOS objects, 36% free, 28MB/44MB, paused 672us total 20.837ms
08-06 11:37:28.794 15100 16624 I art     : Starting a blocking GC Explicit
08-06 11:37:28.808 13866 13866 I GoogleInputMethodServic: GoogleInputMethodService.onFinishInput():3138 
08-06 11:37:28.808 13866 13866 I GoogleInputMethodServic: GoogleInputMethodService.onStartInput():1808 
08-06 11:37:28.813 15100 16624 I art     : Explicit concurrent mark sweep GC freed 95(3KB) AllocSpace objects, 0(0B) LOS objects, 36% free, 28MB/44MB, paused 689us total 19.634ms
08-06 11:37:28.822 15100 16624 I art     : Starting a blocking GC Explicit
08-06 11:37:28.835   918   936 I ActivityManager: Displayed baseline.de.danoeh.antennapod.debug/baseline.de.danoeh.antennapod.activity.OnlineFeedViewActivity: +111ms
08-06 11:37:28.844 15100 16624 I art     : Explicit concurrent mark sweep GC freed 91(3KB) AllocSpace objects, 0(0B) LOS objects, 36% free, 28MB/44MB, paused 632us total 21.598ms
08-06 11:37:28.851 15100 16624 I art     : Starting a blocking GC Explicit
08-06 11:37:28.878 15100 16624 I art     : Explicit concurrent mark sweep GC freed 3859(190KB) AllocSpace objects, 3(200KB) LOS objects, 35% free, 28MB/44MB, paused 1.079ms total 26.526ms
08-06 11:37:29.030 15100 15124 D MYTAG   : interceptor 3a https://rss.art19.com/nice-white-parents
08-06 11:37:29.030 15100 15124 I NAPPA_EXPERIMENTATION: MetricNetworkRequestExecutionTime: REQUEST_DURATION_SYSTEM='276',REQUEST_DURATION_OKHTTP='146',REQUEST_SYNCHRONOUS='TRUE',RESPONSE_CODE='200',RESPONSE_METHOD='GET',RESPONSE_LENGTH_OKHTTP='-1',RESPONSE_LENGTH_HEADER='1803',REQUEST_PROTOCOL='h2',REQUEST_URL='https://rss.art19.com/nice-white-parents',
08-06 11:37:29.030 15100 15124 D HttpDownloader: Response code is 200
08-06 11:37:29.030 15100 15124 D UserPreferences: Using default data folder
08-06 11:37:29.032 15100 15124 D HttpDownloader: Getting size of download
08-06 11:37:29.032 15100 15124 D HttpDownloader: Size is -1
08-06 11:37:29.033 15100 15124 D UserPreferences: Using default data folder
08-06 11:37:29.033 15100 15124 D HttpDownloader: Free space is 20195205120
08-06 11:37:29.033 15100 15124 D HttpDownloader: Starting download
08-06 11:37:29.040 15100 15124 D HttpDownloader: Download was successful
08-06 11:37:29.041   918   928 D WifiService: releaseWifiLockLocked: WifiLock{Downloader type=1 binder=android.os.BinderProxy@8e2589b}
08-06 11:37:29.042 15100 15100 D OnlineFeedViewActivity: Parsing feed
08-06 11:37:29.047 15100 16859 D TypeGetter: Recognized type RSS 2.0
08-06 11:37:29.050 15100 16859 D SyndHandler: Recognized ITunes namespace
08-06 11:37:29.050 15100 16859 D SyndHandler: Recognized Atom namespace
08-06 11:37:29.050   512  2967 D audio_hw_primary: disable_audio_route: reset and update mixer path: low-latency-playback speaker
08-06 11:37:29.050 15100 16859 D SyndHandler: Recognized Content namespace
08-06 11:37:29.053   512  2967 D audio_hw_primary: disable_snd_device: snd_device(2: speaker)
08-06 11:37:29.060 15100 16859 D OnlineFeedViewActivity: Deleted feed source file. Result: true
08-06 11:37:29.060 15100 15100 D OnlineFeedViewActivity: Removing HTML from shownotes
08-06 11:37:29.063   512  2967 I soundtrigger: audio_extn_sound_trigger_update_device_status: device 0x2 of type 0 for Event 0
08-06 11:37:29.083   380   380 W SurfaceFlinger: couldn't log to binary event log: overflow.
08-06 11:37:29.174 15100 15113 I art     : Starting a blocking GC Explicit
08-06 11:37:29.202 15100 15113 I art     : Explicit concurrent mark sweep GC freed 5199(511KB) AllocSpace objects, 5(148KB) LOS objects, 35% free, 28MB/44MB, paused 880us total 27.771ms
08-06 11:37:29.209 15100 15100 D PlaybackController: Releasing PlaybackController
08-06 11:37:29.212 15100 15113 I art     : Starting a blocking GC Explicit
08-06 11:37:29.233 15100 15113 I art     : Explicit concurrent mark sweep GC freed 892(44KB) AllocSpace objects, 1(112KB) LOS objects, 35% free, 28MB/44MB, paused 565us total 20.307ms
08-06 11:37:29.240 15100 15113 I art     : Starting a blocking GC Explicit
08-06 11:37:29.259 15100 15113 I art     : Explicit concurrent mark sweep GC freed 19(640B) AllocSpace objects, 0(0B) LOS objects, 35% free, 28MB/44MB, paused 578us total 18.894ms
08-06 11:37:29.265 15100 15113 I art     : Starting a blocking GC Explicit
08-06 11:37:29.286 15100 15113 I art     : Explicit concurrent mark sweep GC freed 3(96B) AllocSpace objects, 0(0B) LOS objects, 35% free, 28MB/44MB, paused 637us total 20.329ms
08-06 11:37:29.293 15100 15113 I art     : Starting a blocking GC Explicit
08-06 11:37:29.314 15100 15113 I art     : Explicit concurrent mark sweep GC freed 3(96B) AllocSpace objects, 0(0B) LOS objects, 35% free, 28MB/44MB, paused 752us total 21.733ms
08-06 11:37:29.609 15100 15112 I art     : Starting a blocking GC Explicit
08-06 11:37:29.646 15100 15112 I art     : Explicit concurrent mark sweep GC freed 1374(82KB) AllocSpace objects, 1(20KB) LOS objects, 35% free, 28MB/44MB, paused 754us total 36.174ms
08-06 11:37:29.657 15100 15112 I art     : Starting a blocking GC Explicit
08-06 11:37:29.681 15100 15112 I art     : Explicit concurrent mark sweep GC freed 23(752B) AllocSpace objects, 0(0B) LOS objects, 35% free, 28MB/44MB, paused 686us total 23.640ms
08-06 11:37:29.688 15100 15112 I art     : Starting a blocking GC Explicit
08-06 11:37:29.712 15100 15112 I art     : Explicit concurrent mark sweep GC freed 3(96B) AllocSpace objects, 0(0B) LOS objects, 35% free, 28MB/44MB, paused 669us total 23.058ms
08-06 11:37:29.719 15100 15112 I art     : Starting a blocking GC Explicit
08-06 11:37:29.741 15100 15112 I art     : Explicit concurrent mark sweep GC freed 3(96B) AllocSpace objects, 0(0B) LOS objects, 35% free, 28MB/44MB, paused 664us total 22.200ms
08-06 11:37:29.749 15100 15112 I art     : Starting a blocking GC Explicit
08-06 11:37:29.772 15100 15112 I art     : Explicit concurrent mark sweep GC freed 3(96B) AllocSpace objects, 0(0B) LOS objects, 35% free, 28MB/44MB, paused 744us total 22.924ms
08-06 11:37:30.069 15100 15220 I art     : Starting a blocking GC Explicit
08-06 11:37:30.101 15100 15220 I art     : Explicit concurrent mark sweep GC freed 1401(81KB) AllocSpace objects, 1(20KB) LOS objects, 35% free, 28MB/44MB, paused 761us total 31.994ms
08-06 11:37:30.113 15100 15220 I art     : Starting a blocking GC Explicit
08-06 11:37:30.138 15100 15220 I art     : Explicit concurrent mark sweep GC freed 23(752B) AllocSpace objects, 0(0B) LOS objects, 35% free, 28MB/44MB, paused 732us total 24.272ms
08-06 11:37:30.146 15100 15220 I art     : Starting a blocking GC Explicit
08-06 11:37:30.169 15100 15220 I art     : Explicit concurrent mark sweep GC freed 3(96B) AllocSpace objects, 0(0B) LOS objects, 35% free, 28MB/44MB, paused 661us total 23.303ms
08-06 11:37:30.177 15100 15220 I art     : Starting a blocking GC Explicit
08-06 11:37:30.199 15100 15220 I art     : Explicit concurrent mark sweep GC freed 3(96B) AllocSpace objects, 0(0B) LOS objects, 35% free, 28MB/44MB, paused 658us total 22.461ms
08-06 11:37:30.207 15100 15220 I art     : Starting a blocking GC Explicit
08-06 11:37:30.231 15100 15220 I art     : Explicit concurrent mark sweep GC freed 3(96B) AllocSpace objects, 0(0B) LOS objects, 35% free, 28MB/44MB, paused 824us total 23.687ms
08-06 11:37:30.556 15100 16624 I art     : Starting a blocking GC Explicit
08-06 11:37:30.589 15100 16624 I art     : Explicit concurrent mark sweep GC freed 1372(80KB) AllocSpace objects, 1(20KB) LOS objects, 35% free, 28MB/44MB, paused 878us total 32.260ms
08-06 11:37:30.601 15100 16624 I art     : Starting a blocking GC Explicit
08-06 11:37:30.626 15100 16624 I art     : Explicit concurrent mark sweep GC freed 23(752B) AllocSpace objects, 0(0B) LOS objects, 35% free, 28MB/44MB, paused 676us total 24.121ms
08-06 11:37:30.634 15100 16624 I art     : Starting a blocking GC Explicit
08-06 11:37:30.657 15100 16624 I art     : Explicit concurrent mark sweep GC freed 3(96B) AllocSpace objects, 0(0B) LOS objects, 35% free, 28MB/44MB, paused 746us total 23.348ms
08-06 11:37:30.664 15100 16624 I art     : Starting a blocking GC Explicit
08-06 11:37:30.691 15100 16624 I art     : Explicit concurrent mark sweep GC freed 5(160B) AllocSpace objects, 0(0B) LOS objects, 35% free, 28MB/44MB, paused 752us total 26.188ms
08-06 11:37:30.699 15100 16624 I art     : Waiting for a blocking GC Explicit
08-06 11:37:30.701 15100 16624 I art     : Starting a blocking GC Explicit
08-06 11:37:30.728 15100 16624 I art     : Explicit concurrent mark sweep GC freed 8(256B) AllocSpace objects, 0(0B) LOS objects, 35% free, 28MB/44MB, paused 658us total 27.273ms
08-06 11:37:31.061 15100 15220 I art     : Starting a blocking GC Explicit
08-06 11:37:31.090 15100 15220 I art     : Explicit concurrent mark sweep GC freed 1424(82KB) AllocSpace objects, 1(20KB) LOS objects, 35% free, 28MB/44MB, paused 751us total 29.223ms
08-06 11:37:31.100 15100 15220 I art     : Starting a blocking GC Explicit
08-06 11:37:31.123 15100 15220 I art     : Explicit concurrent mark sweep GC freed 23(752B) AllocSpace objects, 0(0B) LOS objects, 35% free, 28MB/44MB, paused 655us total 22.096ms
08-06 11:37:31.130 15100 15220 I art     : Starting a blocking GC Explicit
08-06 11:37:31.152 15100 15220 I art     : Explicit concurrent mark sweep GC freed 3(96B) AllocSpace objects, 0(0B) LOS objects, 35% free, 28MB/44MB, paused 653us total 22.016ms
08-06 11:37:31.159 15100 15220 I art     : Starting a blocking GC Explicit
08-06 11:37:31.181 15100 15220 I art     : Explicit concurrent mark sweep GC freed 3(96B) AllocSpace objects, 0(0B) LOS objects, 35% free, 28MB/44MB, paused 664us total 21.937ms
08-06 11:37:31.188 15100 15220 I art     : Starting a blocking GC Explicit
08-06 11:37:31.211 15100 15220 I art     : Explicit concurrent mark sweep GC freed 3(96B) AllocSpace objects, 0(0B) LOS objects, 35% free, 28MB/44MB, paused 672us total 22.685ms
08-06 11:37:31.526 15100 15113 I art     : Starting a blocking GC Explicit
08-06 11:37:31.558 15100 15113 I art     : Explicit concurrent mark sweep GC freed 1372(80KB) AllocSpace objects, 1(20KB) LOS objects, 35% free, 28MB/44MB, paused 912us total 32.034ms
08-06 11:37:31.571 15100 15113 I art     : Starting a blocking GC Explicit
08-06 11:37:31.593 15100 15113 I art     : Explicit concurrent mark sweep GC freed 23(752B) AllocSpace objects, 0(0B) LOS objects, 35% free, 28MB/44MB, paused 669us total 22.709ms
08-06 11:37:31.601 15100 15113 I art     : Starting a blocking GC Explicit
08-06 11:37:31.624 15100 15113 I art     : Explicit concurrent mark sweep GC freed 3(96B) AllocSpace objects, 0(0B) LOS objects, 35% free, 28MB/44MB, paused 675us total 22.713ms
08-06 11:37:31.631 15100 15113 I art     : Starting a blocking GC Explicit
08-06 11:37:31.655 15100 15113 I art     : Explicit concurrent mark sweep GC freed 3(96B) AllocSpace objects, 0(0B) LOS objects, 35% free, 28MB/44MB, paused 641us total 23.133ms
08-06 11:37:31.662 15100 15113 I art     : Starting a blocking GC Explicit
08-06 11:37:31.685 15100 15113 I art     : Explicit concurrent mark sweep GC freed 3(96B) AllocSpace objects, 0(0B) LOS objects, 35% free, 28MB/44MB, paused 661us total 22.587ms
08-06 11:37:32.025 15100 16624 I art     : Starting a blocking GC Explicit
08-06 11:37:32.064 15100 16624 I art     : Explicit concurrent mark sweep GC freed 1402(83KB) AllocSpace objects, 1(20KB) LOS objects, 35% free, 28MB/44MB, paused 762us total 38.570ms
08-06 11:37:32.076 15100 16624 I art     : Starting a blocking GC Explicit
08-06 11:37:32.103 15100 16624 I art     : Explicit concurrent mark sweep GC freed 23(752B) AllocSpace objects, 0(0B) LOS objects, 35% free, 28MB/44MB, paused 678us total 26.884ms
08-06 11:37:32.111 15100 16624 I art     : Starting a blocking GC Explicit
08-06 11:37:32.134 15100 16624 I art     : Explicit concurrent mark sweep GC freed 3(96B) AllocSpace objects, 0(0B) LOS objects, 35% free, 28MB/44MB, paused 692us total 23.562ms
08-06 11:37:32.142 15100 16624 I art     : Starting a blocking GC Explicit
08-06 11:37:32.166 15100 16624 I art     : Explicit concurrent mark sweep GC freed 3(96B) AllocSpace objects, 0(0B) LOS objects, 35% free, 28MB/44MB, paused 678us total 23.521ms
08-06 11:37:32.173 15100 16624 I art     : Starting a blocking GC Explicit
08-06 11:37:32.197 15100 16624 I art     : Explicit concurrent mark sweep GC freed 3(96B) AllocSpace objects, 0(0B) LOS objects, 35% free, 28MB/44MB, paused 749us total 23.691ms
08-06 11:37:32.525 15100 15112 I art     : Starting a blocking GC Explicit
08-06 11:37:32.566 15100 15112 I art     : Explicit concurrent mark sweep GC freed 1372(80KB) AllocSpace objects, 1(20KB) LOS objects, 35% free, 28MB/44MB, paused 833us total 40.701ms
08-06 11:37:32.576 15100 15112 I art     : Starting a blocking GC Explicit
08-06 11:37:32.600 15100 15112 I art     : Explicit concurrent mark sweep GC freed 23(752B) AllocSpace objects, 0(0B) LOS objects, 35% free, 28MB/44MB, paused 716us total 23.657ms
08-06 11:37:32.608 15100 15112 I art     : Starting a blocking GC Explicit
08-06 11:37:32.631 15100 15112 I art     : Explicit concurrent mark sweep GC freed 3(96B) AllocSpace objects, 0(0B) LOS objects, 35% free, 28MB/44MB, paused 675us total 23.399ms
08-06 11:37:32.639 15100 15112 I art     : Starting a blocking GC Explicit
08-06 11:37:32.663 15100 15112 I art     : Explicit concurrent mark sweep GC freed 3(96B) AllocSpace objects, 0(0B) LOS objects, 35% free, 28MB/44MB, paused 666us total 23.279ms
08-06 11:37:32.670 15100 15112 I art     : Starting a blocking GC Explicit
08-06 11:37:32.693 15100 15112 I art     : Explicit concurrent mark sweep GC freed 3(96B) AllocSpace objects, 0(0B) LOS objects, 35% free, 28MB/44MB, paused 646us total 22.744ms
08-06 11:37:33.026 15100 15220 I art     : Starting a blocking GC Explicit
08-06 11:37:33.065 15100 15220 I art     : Explicit concurrent mark sweep GC freed 1401(81KB) AllocSpace objects, 1(20KB) LOS objects, 35% free, 28MB/44MB, paused 681us total 38.851ms
08-06 11:37:33.073 15100 15220 I art     : Starting a blocking GC Explicit
08-06 11:37:33.097 15100 15220 I art     : Explicit concurrent mark sweep GC freed 23(752B) AllocSpace objects, 0(0B) LOS objects, 35% free, 28MB/44MB, paused 651us total 23.084ms
08-06 11:37:33.104 15100 15220 I art     : Starting a blocking GC Explicit
08-06 11:37:33.126 15100 15220 I art     : Explicit concurrent mark sweep GC freed 3(96B) AllocSpace objects, 0(0B) LOS objects, 35% free, 28MB/44MB, paused 649us total 22.088ms
08-06 11:37:33.133 15100 15220 I art     : Starting a blocking GC Explicit
08-06 11:37:33.157 15100 15220 I art     : Explicit concurrent mark sweep GC freed 3(96B) AllocSpace objects, 0(0B) LOS objects, 35% free, 28MB/44MB, paused 732us total 23.553ms
08-06 11:37:33.165 15100 15220 I art     : Starting a blocking GC Explicit
08-06 11:37:33.188 15100 15220 I art     : Explicit concurrent mark sweep GC freed 3(96B) AllocSpace objects, 0(0B) LOS objects, 35% free, 28MB/44MB, paused 733us total 22.995ms
08-06 11:37:33.521 15100 15113 I art     : Starting a blocking GC Explicit
08-06 11:37:33.555 15100 15113 I art     : Explicit concurrent mark sweep GC freed 1372(80KB) AllocSpace objects, 1(20KB) LOS objects, 35% free, 28MB/44MB, paused 783us total 33.435ms
08-06 11:37:33.564 15100 15113 I art     : Starting a blocking GC Explicit
08-06 11:37:33.589 15100 15113 I art     : Explicit concurrent mark sweep GC freed 23(752B) AllocSpace objects, 0(0B) LOS objects, 35% free, 28MB/44MB, paused 696us total 23.964ms
08-06 11:37:33.596 15100 15113 I art     : Starting a blocking GC Explicit
08-06 11:37:33.620 15100 15113 I art     : Explicit concurrent mark sweep GC freed 3(96B) AllocSpace objects, 0(0B) LOS objects, 35% free, 28MB/44MB, paused 666us total 23.279ms
08-06 11:37:33.627 15100 15113 I art     : Starting a blocking GC Explicit
08-06 11:37:33.651 15100 15113 I art     : Explicit concurrent mark sweep GC freed 3(96B) AllocSpace objects, 0(0B) LOS objects, 35% free, 28MB/44MB, paused 740us total 23.331ms
08-06 11:37:33.658 15100 15113 I art     : Starting a blocking GC Explicit
08-06 11:37:33.681 15100 15113 I art     : Explicit concurrent mark sweep GC freed 3(96B) AllocSpace objects, 0(0B) LOS objects, 35% free, 28MB/44MB, paused 653us total 22.716ms
08-06 11:37:34.013 15100 16624 I art     : Starting a blocking GC Explicit
08-06 11:37:34.046 15100 16624 I art     : Explicit concurrent mark sweep GC freed 1445(84KB) AllocSpace objects, 1(20KB) LOS objects, 35% free, 28MB/44MB, paused 720us total 32.039ms
08-06 11:37:34.060 15100 16624 I art     : Starting a blocking GC Explicit
08-06 11:37:34.083 15100 16624 I art     : Explicit concurrent mark sweep GC freed 23(752B) AllocSpace objects, 0(0B) LOS objects, 35% free, 28MB/44MB, paused 656us total 22.968ms
08-06 11:37:34.091 15100 16624 I art     : Starting a blocking GC Explicit
08-06 11:37:34.113 15100 16624 I art     : Explicit concurrent mark sweep GC freed 3(96B) AllocSpace objects, 0(0B) LOS objects, 35% free, 28MB/44MB, paused 638us total 22.448ms
08-06 11:37:34.121 15100 16624 I art     : Starting a blocking GC Explicit
08-06 11:37:34.144 15100 16624 I art     : Explicit concurrent mark sweep GC freed 3(96B) AllocSpace objects, 0(0B) LOS objects, 35% free, 28MB/44MB, paused 610us total 23.274ms
08-06 11:37:34.152 15100 16624 I art     : Starting a blocking GC Explicit
08-06 11:37:34.175 15100 16624 I art     : Explicit concurrent mark sweep GC freed 3(96B) AllocSpace objects, 0(0B) LOS objects, 35% free, 28MB/44MB, paused 631us total 22.566ms
08-06 11:37:34.495 15100 15112 I art     : Starting a blocking GC Explicit
08-06 11:37:34.525 15100 15112 I art     : Explicit concurrent mark sweep GC freed 1372(80KB) AllocSpace objects, 1(20KB) LOS objects, 35% free, 28MB/44MB, paused 726us total 29.110ms
08-06 11:37:34.535 15100 15112 I art     : Starting a blocking GC Explicit
08-06 11:37:34.559 15100 15112 I art     : Explicit concurrent mark sweep GC freed 23(752B) AllocSpace objects, 0(0B) LOS objects, 35% free, 28MB/44MB, paused 643us total 23.770ms
08-06 11:37:34.567 15100 15112 I art     : Starting a blocking GC Explicit
08-06 11:37:34.590 15100 15112 I art     : Explicit concurrent mark sweep GC freed 3(96B) AllocSpace objects, 0(0B) LOS objects, 35% free, 28MB/44MB, paused 646us total 22.513ms
08-06 11:37:34.597 15100 15112 I art     : Starting a blocking GC Explicit
08-06 11:37:34.620 15100 15112 I art     : Explicit concurrent mark sweep GC freed 3(96B) AllocSpace objects, 0(0B) LOS objects, 35% free, 28MB/44MB, paused 629us total 22.672ms
08-06 11:37:34.627 15100 15112 I art     : Starting a blocking GC Explicit
08-06 11:37:34.650 15100 15112 I art     : Explicit concurrent mark sweep GC freed 3(96B) AllocSpace objects, 0(0B) LOS objects, 35% free, 28MB/44MB, paused 575us total 22.606ms
08-06 11:37:34.965 15100 15220 I art     : Starting a blocking GC Explicit
08-06 11:37:34.996 15100 15220 I art     : Explicit concurrent mark sweep GC freed 1440(84KB) AllocSpace objects, 1(20KB) LOS objects, 35% free, 28MB/44MB, paused 699us total 31.525ms
08-06 11:37:35.008 15100 15220 I art     : Starting a blocking GC Explicit
08-06 11:37:35.033 15100 15220 I art     : Explicit concurrent mark sweep GC freed 23(752B) AllocSpace objects, 0(0B) LOS objects, 35% free, 28MB/44MB, paused 657us total 24.597ms
08-06 11:37:35.041 15100 15220 I art     : Starting a blocking GC Explicit
08-06 11:37:35.065 15100 15220 I art     : Explicit concurrent mark sweep GC freed 3(96B) AllocSpace objects, 0(0B) LOS objects, 35% free, 28MB/44MB, paused 635us total 23.463ms
08-06 11:37:35.072 15100 15220 I art     : Starting a blocking GC Explicit
08-06 11:37:35.096 15100 15220 I art     : Explicit concurrent mark sweep GC freed 3(96B) AllocSpace objects, 0(0B) LOS objects, 35% free, 28MB/44MB, paused 633us total 23.221ms
08-06 11:37:35.104 15100 15220 I art     : Starting a blocking GC Explicit
08-06 11:37:35.127 15100 15220 I art     : Explicit concurrent mark sweep GC freed 3(96B) AllocSpace objects, 0(0B) LOS objects, 35% free, 28MB/44MB, paused 662us total 23.082ms
08-06 11:37:35.456 15100 15113 I art     : Starting a blocking GC Explicit
08-06 11:37:35.491 15100 15113 I art     : Explicit concurrent mark sweep GC freed 1372(80KB) AllocSpace objects, 1(20KB) LOS objects, 35% free, 28MB/44MB, paused 662us total 33.997ms
08-06 11:37:35.502 15100 15113 I art     : Starting a blocking GC Explicit
08-06 11:37:35.526 15100 15113 I art     : Explicit concurrent mark sweep GC freed 23(752B) AllocSpace objects, 0(0B) LOS objects, 35% free, 28MB/44MB, paused 640us total 23.533ms
08-06 11:37:35.534 15100 15113 I art     : Starting a blocking GC Explicit
08-06 11:37:35.557 15100 15113 I art     : Explicit concurrent mark sweep GC freed 3(96B) AllocSpace objects, 0(0B) LOS objects, 35% free, 28MB/44MB, paused 735us total 23.075ms
08-06 11:37:35.564 15100 15113 I art     : Starting a blocking GC Explicit
08-06 11:37:35.587 15100 15113 I art     : Explicit concurrent mark sweep GC freed 3(96B) AllocSpace objects, 0(0B) LOS objects, 35% free, 28MB/44MB, paused 680us total 22.598ms
08-06 11:37:35.595 15100 15113 I art     : Starting a blocking GC Explicit
08-06 11:37:35.618 15100 15113 I art     : Explicit concurrent mark sweep GC freed 3(96B) AllocSpace objects, 0(0B) LOS objects, 35% free, 28MB/44MB, paused 657us total 23.224ms
08-06 11:37:35.938 15100 16624 I art     : Starting a blocking GC Explicit
08-06 11:37:35.971 15100 16624 I art     : Explicit concurrent mark sweep GC freed 1372(80KB) AllocSpace objects, 1(20KB) LOS objects, 35% free, 28MB/44MB, paused 699us total 32.035ms
08-06 11:37:35.982 15100 16624 I art     : Starting a blocking GC Explicit
08-06 11:37:36.005 15100 16624 I art     : Explicit concurrent mark sweep GC freed 52(1536B) AllocSpace objects, 0(0B) LOS objects, 35% free, 28MB/44MB, paused 632us total 23.162ms
08-06 11:37:36.013 15100 16624 I art     : Starting a blocking GC Explicit
08-06 11:37:36.036 15100 16624 I art     : Explicit concurrent mark sweep GC freed 3(96B) AllocSpace objects, 0(0B) LOS objects, 35% free, 28MB/44MB, paused 623us total 23.279ms
08-06 11:37:36.044 15100 16624 I art     : Starting a blocking GC Explicit
08-06 11:37:36.067 15100 16624 I art     : Explicit concurrent mark sweep GC freed 3(96B) AllocSpace objects, 0(0B) LOS objects, 35% free, 28MB/44MB, paused 717us total 23.260ms
08-06 11:37:36.075 15100 16624 I art     : Starting a blocking GC Explicit
08-06 11:37:36.098 15100 16624 I art     : Explicit concurrent mark sweep GC freed 3(96B) AllocSpace objects, 0(0B) LOS objects, 35% free, 28MB/44MB, paused 632us total 22.893ms
08-06 11:37:36.404 15100 15112 I art     : Starting a blocking GC Explicit
08-06 11:37:36.435 15100 15112 I art     : Explicit concurrent mark sweep GC freed 1372(80KB) AllocSpace objects, 1(20KB) LOS objects, 35% free, 28MB/44MB, paused 688us total 30.985ms
08-06 11:37:36.444 15100 15112 I art     : Starting a blocking GC Explicit
08-06 11:37:36.468 15100 15112 I art     : Explicit concurrent mark sweep GC freed 23(752B) AllocSpace objects, 0(0B) LOS objects, 35% free, 28MB/44MB, paused 731us total 23.736ms
08-06 11:37:36.475 15100 15112 I art     : Starting a blocking GC Explicit
08-06 11:37:36.498 15100 15112 I art     : Explicit concurrent mark sweep GC freed 3(96B) AllocSpace objects, 0(0B) LOS objects, 35% free, 28MB/44MB, paused 646us total 23.012ms
08-06 11:37:36.506 15100 15112 I art     : Starting a blocking GC Explicit
08-06 11:37:36.528 15100 15112 I art     : Explicit concurrent mark sweep GC freed 3(96B) AllocSpace objects, 0(0B) LOS objects, 35% free, 28MB/44MB, paused 621us total 22.663ms
08-06 11:37:36.536 15100 15112 I art     : Starting a blocking GC Explicit
08-06 11:37:36.559 15100 15112 I art     : Explicit concurrent mark sweep GC freed 3(96B) AllocSpace objects, 0(0B) LOS objects, 35% free, 28MB/44MB, paused 657us total 22.820ms
08-06 11:37:36.809 15100 15220 I art     : Starting a blocking GC Explicit
08-06 11:37:36.833 15100 15220 I art     : Explicit concurrent mark sweep GC freed 1372(80KB) AllocSpace objects, 1(20KB) LOS objects, 35% free, 28MB/44MB, paused 649us total 23.525ms
08-06 11:37:36.841 15100 15220 I art     : Starting a blocking GC Explicit
08-06 11:37:36.863 15100 15220 I art     : Explicit concurrent mark sweep GC freed 23(752B) AllocSpace objects, 0(0B) LOS objects, 35% free, 28MB/44MB, paused 625us total 21.847ms
08-06 11:37:36.871 15100 15220 I art     : Starting a blocking GC Explicit
08-06 11:37:36.893 15100 15220 I art     : Explicit concurrent mark sweep GC freed 3(96B) AllocSpace objects, 0(0B) LOS objects, 35% free, 28MB/44MB, paused 622us total 21.987ms
08-06 11:37:36.900 15100 15220 I art     : Starting a blocking GC Explicit
08-06 11:37:36.923 15100 15220 I art     : Explicit concurrent mark sweep GC freed 3(96B) AllocSpace objects, 0(0B) LOS objects, 35% free, 28MB/44MB, paused 703us total 22.656ms
08-06 11:37:36.930 15100 15220 I art     : Starting a blocking GC Explicit
08-06 11:37:36.952 15100 15220 I art     : Explicit concurrent mark sweep GC freed 3(96B) AllocSpace objects, 0(0B) LOS objects, 35% free, 28MB/44MB, paused 613us total 22.127ms
08-06 11:37:37.009 17017 17017 D AndroidRuntime: >>>>>> START com.android.internal.os.RuntimeInit uid 2000 <<<<<<
08-06 11:37:37.014 17017 17017 D AndroidRuntime: CheckJNI is OFF
08-06 11:37:37.041 17017 17017 D ICU     : No timezone override file found: /data/misc/zoneinfo/current/icu/icu_tzdata.dat
08-06 11:37:37.073 17017 17017 I Radio-JNI: register_android_hardware_Radio DONE
08-06 11:37:37.090 17017 17017 D AndroidRuntime: Calling main entry com.android.commands.input.Input
08-06 11:37:37.091 17017 17017 I Input   : injectKeyEvent: KeyEvent { action=ACTION_DOWN, keyCode=KEYCODE_BACK, scanCode=0, metaState=0, flags=0x0, repeatCount=0, eventTime=877073504, downTime=877073504, deviceId=-1, source=0x101 }
08-06 11:37:37.098 17017 17017 I Input   : injectKeyEvent: KeyEvent { action=ACTION_UP, keyCode=KEYCODE_BACK, scanCode=0, metaState=0, flags=0x0, repeatCount=0, eventTime=877073504, downTime=877073504, deviceId=-1, source=0x101 }
08-06 11:37:37.105 17017 17017 D AndroidRuntime: Shutting down VM
08-06 11:37:37.110 15100 15100 V PlaybackController: initServiceNotRunning()
08-06 11:37:37.110 15100 15100 D ExternalPlayerFragment: Loading media info
08-06 11:37:37.117 15100 15100 D UserPreferences: Using default data folder
08-06 11:37:37.118 15100 15124 D DBReader: getNavDrawerData() called with: 
08-06 11:37:37.125 15100 15124 D DBReader: getDownloadedItems() called
08-06 11:37:37.126 15100 15124 D DBReader: getFavoriteIDList() called
08-06 11:37:37.127 15100 15124 D DBReader: getQueueIDList() called
08-06 11:37:37.127 15100 15124 D DBReader: Extracting Feedlist
08-06 11:37:37.147 13866 13866 I GoogleInputMethodServic: GoogleInputMethodService.onFinishInput():3138 
08-06 11:37:37.148 13866 13866 I GoogleInputMethodServic: GoogleInputMethodService.onStartInput():1808 
08-06 11:37:37.159 15100 15100 D MainActivity: getLastNavFragment() -> AddFeedFragment
08-06 11:37:37.197 15100 15113 I art     : Starting a blocking GC Explicit
08-06 11:37:37.218 15100 15113 I art     : Explicit concurrent mark sweep GC freed 2511(154KB) AllocSpace objects, 1(20KB) LOS objects, 35% free, 28MB/44MB, paused 596us total 21.030ms
08-06 11:37:37.225 15100 15113 I art     : Starting a blocking GC Explicit
08-06 11:37:37.247 15100 15113 I art     : Explicit concurrent mark sweep GC freed 452(24KB) AllocSpace objects, 0(0B) LOS objects, 35% free, 28MB/44MB, paused 577us total 21.784ms
08-06 11:37:37.255 15100 15113 I art     : Starting a blocking GC Explicit
08-06 11:37:37.278 15100 15113 I art     : Explicit concurrent mark sweep GC freed 3(96B) AllocSpace objects, 0(0B) LOS objects, 35% free, 28MB/44MB, paused 735us total 22.288ms
08-06 11:37:37.288 15100 15113 I art     : Starting a blocking GC Explicit
08-06 11:37:37.313 15100 15113 I art     : Explicit concurrent mark sweep GC freed 3(96B) AllocSpace objects, 0(0B) LOS objects, 35% free, 28MB/44MB, paused 713us total 24.954ms
08-06 11:37:37.325 15100 15113 I art     : Starting a blocking GC Explicit
08-06 11:37:37.347 15100 15113 I art     : Explicit concurrent mark sweep GC freed 3(96B) AllocSpace objects, 0(0B) LOS objects, 35% free, 28MB/44MB, paused 707us total 21.967ms
08-06 11:37:37.428   380   380 W SurfaceFlinger: couldn't log to binary event log: overflow.
08-06 11:37:37.595 15100 16624 I art     : Starting a blocking GC Explicit
08-06 11:37:37.621 15100 16624 I art     : Explicit concurrent mark sweep GC freed 1969(105KB) AllocSpace objects, 1(20KB) LOS objects, 35% free, 28MB/44MB, paused 694us total 25.031ms
08-06 11:37:37.629 15100 16624 I art     : Starting a blocking GC Explicit
08-06 11:37:37.652 15100 16624 I art     : Explicit concurrent mark sweep GC freed 2457(152KB) AllocSpace objects, 1(28KB) LOS objects, 36% free, 28MB/44MB, paused 622us total 22.993ms
08-06 11:37:37.659 15100 16624 I art     : Starting a blocking GC Explicit
08-06 11:37:37.682 15100 16624 I art     : Explicit concurrent mark sweep GC freed 3(96B) AllocSpace objects, 0(0B) LOS objects, 36% free, 28MB/44MB, paused 625us total 22.405ms
08-06 11:37:37.689 15100 16624 I art     : Starting a blocking GC Explicit
08-06 11:37:37.712 15100 16624 I art     : Explicit concurrent mark sweep GC freed 3(96B) AllocSpace objects, 0(0B) LOS objects, 36% free, 28MB/44MB, paused 606us total 22.236ms
08-06 11:37:37.719 15100 16624 I art     : Starting a blocking GC Explicit
08-06 11:37:37.741 15100 16624 I art     : Explicit concurrent mark sweep GC freed 3(96B) AllocSpace objects, 0(0B) LOS objects, 36% free, 28MB/44MB, paused 619us total 21.793ms
08-06 11:37:38.030 15100 15220 I art     : Starting a blocking GC Explicit
08-06 11:37:38.059 15100 15220 I art     : Explicit concurrent mark sweep GC freed 1403(83KB) AllocSpace objects, 1(20KB) LOS objects, 36% free, 28MB/44MB, paused 660us total 28.651ms
08-06 11:37:38.066 15100 15220 I art     : Starting a blocking GC Explicit
08-06 11:37:38.089 15100 15220 I art     : Explicit concurrent mark sweep GC freed 23(752B) AllocSpace objects, 0(0B) LOS objects, 36% free, 28MB/44MB, paused 624us total 22.401ms
08-06 11:37:38.096 15100 15220 I art     : Starting a blocking GC Explicit
08-06 11:37:38.118 15100 15220 I art     : Explicit concurrent mark sweep GC freed 3(96B) AllocSpace objects, 0(0B) LOS objects, 36% free, 28MB/44MB, paused 627us total 21.279ms
08-06 11:37:38.125 15100 15220 I art     : Starting a blocking GC Explicit
08-06 11:37:38.148 15100 15220 I art     : Explicit concurrent mark sweep GC freed 3(96B) AllocSpace objects, 0(0B) LOS objects, 36% free, 28MB/44MB, paused 681us total 22.260ms
08-06 11:37:38.156 15100 15220 I art     : Starting a blocking GC Explicit
08-06 11:37:38.178 15100 15220 I art     : Explicit concurrent mark sweep GC freed 3(96B) AllocSpace objects, 0(0B) LOS objects, 36% free, 28MB/44MB, paused 643us total 22.131ms
08-06 11:37:38.454 15100 15112 I art     : Starting a blocking GC Explicit
08-06 11:37:38.476 15100 15112 I art     : Explicit concurrent mark sweep GC freed 1373(80KB) AllocSpace objects, 1(20KB) LOS objects, 36% free, 28MB/44MB, paused 674us total 22.377ms
08-06 11:37:38.484 15100 15112 I art     : Starting a blocking GC Explicit
08-06 11:37:38.507 15100 15112 I art     : Explicit concurrent mark sweep GC freed 23(752B) AllocSpace objects, 0(0B) LOS objects, 36% free, 28MB/44MB, paused 769us total 23.125ms
08-06 11:37:38.515 15100 15112 I art     : Starting a blocking GC Explicit
08-06 11:37:38.535 15100 15112 I art     : Explicit concurrent mark sweep GC freed 3(96B) AllocSpace objects, 0(0B) LOS objects, 36% free, 28MB/44MB, paused 604us total 20.505ms
08-06 11:37:38.542 15100 15112 I art     : Starting a blocking GC Explicit
08-06 11:37:38.563 15100 15112 I art     : Explicit concurrent mark sweep GC freed 3(96B) AllocSpace objects, 0(0B) LOS objects, 36% free, 28MB/44MB, paused 630us total 20.376ms
08-06 11:37:38.570 15100 15112 I art     : Starting a blocking GC Explicit
08-06 11:37:38.591 15100 15112 I art     : Explicit concurrent mark sweep GC freed 3(96B) AllocSpace objects, 0(0B) LOS objects, 36% free, 28MB/44MB, paused 619us total 20.793ms
08-06 11:37:38.688 17073 17073 D AndroidRuntime: >>>>>> START com.android.internal.os.RuntimeInit uid 2000 <<<<<<
08-06 11:37:38.693 17073 17073 D AndroidRuntime: CheckJNI is OFF
08-06 11:37:38.724 17073 17073 D ICU     : No timezone override file found: /data/misc/zoneinfo/current/icu/icu_tzdata.dat
08-06 11:37:38.751 17073 17073 I Radio-JNI: register_android_hardware_Radio DONE
08-06 11:37:38.768 17073 17073 D AndroidRuntime: Calling main entry com.android.commands.input.Input
08-06 11:37:38.770 17073 17073 I Input   : injectKeyEvent: KeyEvent { action=ACTION_DOWN, keyCode=KEYCODE_BACK, scanCode=0, metaState=0, flags=0x0, repeatCount=0, eventTime=877075183, downTime=877075183, deviceId=-1, source=0x101 }
08-06 11:37:38.778 17073 17073 I Input   : injectKeyEvent: KeyEvent { action=ACTION_UP, keyCode=KEYCODE_BACK, scanCode=0, metaState=0, flags=0x0, repeatCount=0, eventTime=877075183, downTime=877075183, deviceId=-1, source=0x101 }
08-06 11:37:38.786 13866 13866 I GoogleInputMethodServic: GoogleInputMethodService.onFinishInput():3138 
08-06 11:37:38.787 13866 13866 I GoogleInputMethodServic: GoogleInputMethodService.onStartInput():1808 
08-06 11:37:38.790 17073 17073 D AndroidRuntime: Shutting down VM
08-06 11:37:38.849 15100 16624 I art     : Starting a blocking GC Explicit
08-06 11:37:38.872 15100 16624 I art     : Explicit concurrent mark sweep GC freed 2536(127KB) AllocSpace objects, 1(20KB) LOS objects, 36% free, 28MB/44MB, paused 660us total 23.280ms
08-06 11:37:38.880 15100 16624 I art     : Starting a blocking GC Explicit
08-06 11:37:38.903 15100 16624 I art     : Explicit concurrent mark sweep GC freed 2703(179KB) AllocSpace objects, 9(1540KB) LOS objects, 37% free, 26MB/42MB, paused 608us total 22.911ms
08-06 11:37:38.911 15100 16624 I art     : Starting a blocking GC Explicit
08-06 11:37:38.933 15100 16624 I art     : Explicit concurrent mark sweep GC freed 3(96B) AllocSpace objects, 0(0B) LOS objects, 37% free, 26MB/42MB, paused 656us total 22.592ms
08-06 11:37:38.942 15100 16624 I art     : Starting a blocking GC Explicit
08-06 11:37:38.964 15100 16624 I art     : Explicit concurrent mark sweep GC freed 3(96B) AllocSpace objects, 0(0B) LOS objects, 37% free, 26MB/42MB, paused 661us total 22.064ms
08-06 11:37:38.971 15100 16624 I art     : Starting a blocking GC Explicit
08-06 11:37:38.994 15100 16624 I art     : Explicit concurrent mark sweep GC freed 32(880B) AllocSpace objects, 0(0B) LOS objects, 37% free, 26MB/42MB, paused 681us total 22.244ms
08-06 11:37:39.248 15100 15220 I art     : Starting a blocking GC Explicit
08-06 11:37:39.276 15100 15220 I art     : Explicit concurrent mark sweep GC freed 1373(81KB) AllocSpace objects, 1(20KB) LOS objects, 37% free, 26MB/42MB, paused 672us total 27.216ms
08-06 11:37:39.284 15100 15220 I art     : Starting a blocking GC Explicit
08-06 11:37:39.307 15100 15220 I art     : Explicit concurrent mark sweep GC freed 23(752B) AllocSpace objects, 0(0B) LOS objects, 37% free, 26MB/42MB, paused 707us total 22.849ms
08-06 11:37:39.314 15100 15220 I art     : Starting a blocking GC Explicit
08-06 11:37:39.335 15100 15220 I art     : Explicit concurrent mark sweep GC freed 3(96B) AllocSpace objects, 0(0B) LOS objects, 37% free, 26MB/42MB, paused 619us total 20.746ms
08-06 11:37:39.342 15100 15220 I art     : Starting a blocking GC Explicit
08-06 11:37:39.364 15100 15220 I art     : Explicit concurrent mark sweep GC freed 3(96B) AllocSpace objects, 0(0B) LOS objects, 37% free, 26MB/42MB, paused 632us total 21.775ms
08-06 11:37:39.372 15100 15220 I art     : Starting a blocking GC Explicit
08-06 11:37:39.394 15100 15220 I art     : Explicit concurrent mark sweep GC freed 3(96B) AllocSpace objects, 0(0B) LOS objects, 37% free, 26MB/42MB, paused 615us total 21.801ms
08-06 11:37:39.693 15100 15112 I art     : Starting a blocking GC Explicit
08-06 11:37:39.724 15100 15112 I art     : Explicit concurrent mark sweep GC freed 1373(81KB) AllocSpace objects, 1(20KB) LOS objects, 37% free, 26MB/42MB, paused 698us total 30.840ms
08-06 11:37:39.733 15100 15112 I art     : Starting a blocking GC Explicit
08-06 11:37:39.756 15100 15112 I art     : Explicit concurrent mark sweep GC freed 23(752B) AllocSpace objects, 0(0B) LOS objects, 37% free, 26MB/42MB, paused 638us total 22.240ms
08-06 11:37:39.763 15100 15112 I art     : Starting a blocking GC Explicit
08-06 11:37:39.785 15100 15112 I art     : Explicit concurrent mark sweep GC freed 3(96B) AllocSpace objects, 0(0B) LOS objects, 37% free, 26MB/42MB, paused 632us total 21.751ms
08-06 11:37:39.793 15100 15112 I art     : Starting a blocking GC Explicit
08-06 11:37:39.815 15100 15112 I art     : Explicit concurrent mark sweep GC freed 3(96B) AllocSpace objects, 0(0B) LOS objects, 37% free, 26MB/42MB, paused 621us total 22.382ms
08-06 11:37:39.823 15100 15112 I art     : Starting a blocking GC Explicit
08-06 11:37:39.844 15100 15112 I art     : Explicit concurrent mark sweep GC freed 3(96B) AllocSpace objects, 0(0B) LOS objects, 37% free, 26MB/42MB, paused 612us total 21.085ms
08-06 11:37:40.120 15100 15113 I art     : Starting a blocking GC Explicit
08-06 11:37:40.143 15100 15113 I art     : Explicit concurrent mark sweep GC freed 1401(83KB) AllocSpace objects, 1(20KB) LOS objects, 37% free, 26MB/42MB, paused 673us total 22.781ms
08-06 11:37:40.150 15100 15113 I art     : Starting a blocking GC Explicit
08-06 11:37:40.172 15100 15113 I art     : Explicit concurrent mark sweep GC freed 23(752B) AllocSpace objects, 0(0B) LOS objects, 37% free, 26MB/42MB, paused 617us total 21.036ms
08-06 11:37:40.180 15100 15113 I art     : Starting a blocking GC Explicit
08-06 11:37:40.199 15100 15113 I art     : Explicit concurrent mark sweep GC freed 3(96B) AllocSpace objects, 0(0B) LOS objects, 37% free, 26MB/42MB, paused 649us total 19.781ms
08-06 11:37:40.206 15100 15113 I art     : Starting a blocking GC Explicit
08-06 11:37:40.227 15100 15113 I art     : Explicit concurrent mark sweep GC freed 3(96B) AllocSpace objects, 0(0B) LOS objects, 37% free, 26MB/42MB, paused 628us total 19.965ms
08-06 11:37:40.233 15100 15113 I art     : Starting a blocking GC Explicit
08-06 11:37:40.254 15100 15113 I art     : Explicit concurrent mark sweep GC freed 3(96B) AllocSpace objects, 0(0B) LOS objects, 37% free, 26MB/42MB, paused 640us total 20.044ms
08-06 11:37:40.365 17128 17128 D AndroidRuntime: >>>>>> START com.android.internal.os.RuntimeInit uid 2000 <<<<<<
08-06 11:37:40.371 17128 17128 D AndroidRuntime: CheckJNI is OFF
08-06 11:37:40.398 17128 17128 D ICU     : No timezone override file found: /data/misc/zoneinfo/current/icu/icu_tzdata.dat
08-06 11:37:40.428 17128 17128 I Radio-JNI: register_android_hardware_Radio DONE
08-06 11:37:40.444 17128 17128 D AndroidRuntime: Calling main entry com.android.commands.input.Input
08-06 11:37:40.445 17128 17128 I Input   : injectMotionEvent: MotionEvent { action=ACTION_DOWN, actionButton=0, id[0]=0, x[0]=567.0, y[0]=714.0, toolType[0]=TOOL_TYPE_UNKNOWN, buttonState=0, metaState=0, flags=0x0, edgeFlags=0x0, pointerCount=1, historySize=0, eventTime=877076858, downTime=877076858, deviceId=0, source=0x1002 }
08-06 11:37:40.451 17128 17128 I Input   : injectMotionEvent: MotionEvent { action=ACTION_UP, actionButton=0, id[0]=0, x[0]=567.0, y[0]=714.0, toolType[0]=TOOL_TYPE_UNKNOWN, buttonState=0, metaState=0, flags=0x0, edgeFlags=0x0, pointerCount=1, historySize=0, eventTime=877076858, downTime=877076858, deviceId=0, source=0x1002 }
08-06 11:37:40.455 17128 17128 D AndroidRuntime: Shutting down VM
08-06 11:37:40.469   512  2967 D audio_hw_primary: out_set_parameters: enter: usecase(1: low-latency-playback) kvpairs: routing=2
08-06 11:37:40.482   512  2967 D audio_hw_primary: select_devices: out_snd_device(2: speaker) in_snd_device(0: none)
08-06 11:37:40.483   512  2967 D msm8974_platform: platform_send_audio_calibration: sending audio calibration for snd_device(2) acdb_id(15)
08-06 11:37:40.483   512  2967 I soundtrigger: audio_extn_sound_trigger_update_device_status: device 0x2 of type 0 for Event 1
08-06 11:37:40.492   512  2967 D audio_hw_primary: enable_snd_device: snd_device(2: speaker)
08-06 11:37:40.494   512  2967 D audio_hw_primary: enable_audio_route: apply and update mixer path: low-latency-playback speaker
08-06 11:37:40.514 15100 15112 I art     : Starting a blocking GC Explicit
08-06 11:37:40.538 15100 15112 I art     : Explicit concurrent mark sweep GC freed 3610(169KB) AllocSpace objects, 1(20KB) LOS objects, 37% free, 27MB/43MB, paused 992us total 24.125ms
08-06 11:37:40.545 15100 15112 I art     : Starting a blocking GC Explicit
08-06 11:37:40.566 15100 15112 I art     : Explicit concurrent mark sweep GC freed 1639(85KB) AllocSpace objects, 1(220KB) LOS objects, 37% free, 26MB/42MB, paused 731us total 20.956ms
08-06 11:37:40.573 15100 15112 I art     : Starting a blocking GC Explicit
08-06 11:37:40.594 15100 15112 I art     : Explicit concurrent mark sweep GC freed 11(416B) AllocSpace objects, 0(0B) LOS objects, 37% free, 26MB/42MB, paused 672us total 20.230ms
08-06 11:37:40.601 15100 15112 I art     : Starting a blocking GC Explicit
08-06 11:37:40.621 15100 15112 I art     : Explicit concurrent mark sweep GC freed 2801(118KB) AllocSpace objects, 0(0B) LOS objects, 37% free, 26MB/42MB, paused 644us total 20.243ms
08-06 11:37:40.628 15100 15112 I art     : Starting a blocking GC Explicit
08-06 11:37:40.648 15100 15112 I art     : Explicit concurrent mark sweep GC freed 50(1744B) AllocSpace objects, 0(0B) LOS objects, 37% free, 26MB/42MB, paused 671us total 20.303ms
08-06 11:37:40.815 15100 15120 I NAPPA_EXPERIMENTATION: MetricNetworkRequestExecutionTime: REQUEST_DURATION_SYSTEM='326',REQUEST_DURATION_OKHTTP='158',REQUEST_SYNCHRONOUS='TRUE',RESPONSE_CODE='400',RESPONSE_METHOD='GET',RESPONSE_LENGTH_OKHTTP='0',RESPONSE_LENGTH_HEADER='0',REQUEST_PROTOCOL='h2',REQUEST_URL='https://itunes.apple.com/en/rss/toppodcasts/limit=25/explicit=true/json',
08-06 11:37:40.884 15100 15112 I art     : Starting a blocking GC Explicit
08-06 11:37:40.906 15100 15112 I art     : Explicit concurrent mark sweep GC freed 2756(159KB) AllocSpace objects, 1(20KB) LOS objects, 37% free, 26MB/42MB, paused 752us total 22.587ms
08-06 11:37:40.914 15100 15112 I art     : Starting a blocking GC Explicit
08-06 11:37:40.935   918  3261 D WifiStateMachine: starting scan for "H369AA63323"WPA_PSK with 2412,5180
08-06 11:37:40.937 15100 15112 I art     : Explicit concurrent mark sweep GC freed 138(4KB) AllocSpace objects, 0(0B) LOS objects, 37% free, 26MB/42MB, paused 736us total 22.057ms
08-06 11:37:40.944 15100 15112 I art     : Starting a blocking GC Explicit
08-06 11:37:40.965 15100 15112 I art     : Explicit concurrent mark sweep GC freed 10(352B) AllocSpace objects, 0(0B) LOS objects, 37% free, 26MB/42MB, paused 698us total 20.097ms
08-06 11:37:40.972 15100 15112 I art     : Starting a blocking GC Explicit
08-06 11:37:40.988 15100 15120 I NAPPA_EXPERIMENTATION: MetricNetworkRequestExecutionTime: REQUEST_DURATION_SYSTEM='172',REQUEST_DURATION_OKHTTP='171',REQUEST_SYNCHRONOUS='TRUE',RESPONSE_CODE='200',RESPONSE_METHOD='GET',RESPONSE_LENGTH_OKHTTP='-1',RESPONSE_LENGTH_HEADER='10075',REQUEST_PROTOCOL='h2',REQUEST_URL='https://itunes.apple.com/us/rss/toppodcasts/limit=25/explicit=true/json',
08-06 11:37:40.992 15100 15112 I art     : Explicit concurrent mark sweep GC freed 363(26KB) AllocSpace objects, 0(0B) LOS objects, 37% free, 27MB/43MB, paused 708us total 20.163ms
08-06 11:37:40.992 15100 15110 I art     : WaitForGcToComplete blocked for 20.329ms for cause HeapTrim
08-06 11:37:40.999 15100 15112 I art     : Starting a blocking GC Explicit
08-06 11:37:41.019 15100 15112 I art     : Explicit concurrent mark sweep GC freed 8130(415KB) AllocSpace objects, 4(352KB) LOS objects, 37% free, 26MB/42MB, paused 969us total 20.378ms
08-06 11:37:41.019 15100 15845 D ApOkHttpUrlLoader: buildLoadData() called with: model = [https://is4-ssl.mzstatic.com/image/thumb/Podcasts114/v4/3f/16/74/3f167426-bf50-ce3a-d709-e4301620fc5b/mza_5832671293059882550.jpeg/170x170bb.png], width = [224], height = [224]
08-06 11:37:41.020 15100 15852 D DBReader: getImageAuthentication() called with: imageUrl = [https://is4-ssl.mzstatic.com/image/thumb/Podcasts114/v4/3f/16/74/3f167426-bf50-ce3a-d709-e4301620fc5b/mza_5832671293059882550.jpeg/170x170bb.png]
08-06 11:37:41.023 15100 15847 D ApOkHttpUrlLoader: buildLoadData() called with: model = [https://is4-ssl.mzstatic.com/image/thumb/Podcasts113/v4/e5/8a/10/e58a108f-f5d0-f622-c94a-13f66edd570c/mza_3025981348644196724.jpg/170x170bb.png], width = [224], height = [224]
08-06 11:37:41.024 15100 15852 D ApOkHttpUrlLoader: no credentials for 'https://is4-ssl.mzstatic.com/image/thumb/Podcasts114/v4/3f/16/74/3f167426-bf50-ce3a-d709-e4301620fc5b/mza_5832671293059882550.jpeg/170x170bb.png'
08-06 11:37:41.025 15100 15848 D DBReader: getImageAuthentication() called with: imageUrl = [https://is4-ssl.mzstatic.com/image/thumb/Podcasts113/v4/e5/8a/10/e58a108f-f5d0-f622-c94a-13f66edd570c/mza_3025981348644196724.jpg/170x170bb.png]
08-06 11:37:41.026 15100 15843 D ApOkHttpUrlLoader: buildLoadData() called with: model = [https://is2-ssl.mzstatic.com/image/thumb/Podcasts113/v4/a9/39/cc/a939ccc5-6d60-0c11-0a4c-16d71cdef89b/mza_8787577209688278658.jpg/170x170bb.png], width = [224], height = [224]
08-06 11:37:41.027 15100 15851 D DBReader: getImageAuthentication() called with: imageUrl = [https://is2-ssl.mzstatic.com/image/thumb/Podcasts113/v4/a9/39/cc/a939ccc5-6d60-0c11-0a4c-16d71cdef89b/mza_8787577209688278658.jpg/170x170bb.png]
08-06 11:37:41.028 15100 15849 D ApOkHttpUrlLoader: buildLoadData() called with: model = [https://is5-ssl.mzstatic.com/image/thumb/Podcasts114/v4/93/cf/99/93cf9960-fff3-205e-6655-72c03ddeccb2/mza_10545582232493904175.jpeg/170x170bb.png], width = [224], height = [224]
08-06 11:37:41.028 15100 15848 D ApOkHttpUrlLoader: no credentials for 'https://is4-ssl.mzstatic.com/image/thumb/Podcasts113/v4/e5/8a/10/e58a108f-f5d0-f622-c94a-13f66edd570c/mza_3025981348644196724.jpg/170x170bb.png'
08-06 11:37:41.029 15100 15850 D DBReader: getImageAuthentication() called with: imageUrl = [https://is5-ssl.mzstatic.com/image/thumb/Podcasts114/v4/93/cf/99/93cf9960-fff3-205e-6655-72c03ddeccb2/mza_10545582232493904175.jpeg/170x170bb.png]
08-06 11:37:41.030 15100 15845 D ApOkHttpUrlLoader: buildLoadData() called with: model = [https://is4-ssl.mzstatic.com/image/thumb/Podcasts124/v4/49/a4/91/49a491b7-3daf-c5dc-d7c6-6c4f1486955c/mza_5930014091766152297.png/170x170bb.png], width = [224], height = [224]
08-06 11:37:41.030 15100 15853 D DBReader: getImageAuthentication() called with: imageUrl = [https://is4-ssl.mzstatic.com/image/thumb/Podcasts124/v4/49/a4/91/49a491b7-3daf-c5dc-d7c6-6c4f1486955c/mza_5930014091766152297.png/170x170bb.png]
08-06 11:37:41.031   512  2967 D audio_hw_primary: disable_audio_route: reset and update mixer path: low-latency-playback speaker
08-06 11:37:41.032 15100 15847 D ApOkHttpUrlLoader: buildLoadData() called with: model = [https://is5-ssl.mzstatic.com/image/thumb/Podcasts113/v4/fd/54/6e/fd546ea0-7ab2-e3f0-6049-884d82917af9/mza_4855349695799758348.jpeg/170x170bb.png], width = [224], height = [224]
08-06 11:37:41.032 15100 15851 D ApOkHttpUrlLoader: no credentials for 'https://is2-ssl.mzstatic.com/image/thumb/Podcasts113/v4/a9/39/cc/a939ccc5-6d60-0c11-0a4c-16d71cdef89b/mza_8787577209688278658.jpg/170x170bb.png'
08-06 11:37:41.032 15100 15844 D DBReader: getImageAuthentication() called with: imageUrl = [https://is5-ssl.mzstatic.com/image/thumb/Podcasts113/v4/fd/54/6e/fd546ea0-7ab2-e3f0-6049-884d82917af9/mza_4855349695799758348.jpeg/170x170bb.png]
08-06 11:37:41.034 15100 15843 D ApOkHttpUrlLoader: buildLoadData() called with: model = [https://is2-ssl.mzstatic.com/image/thumb/Podcasts114/v4/b3/4c/cf/b34ccfc2-cea4-1ca1-0fad-7793af301cc5/mza_2466085192629456364.jpg/170x170bb.png], width = [224], height = [224]
08-06 11:37:41.034 15100 15853 D ApOkHttpUrlLoader: no credentials for 'https://is4-ssl.mzstatic.com/image/thumb/Podcasts124/v4/49/a4/91/49a491b7-3daf-c5dc-d7c6-6c4f1486955c/mza_5930014091766152297.png/170x170bb.png'
08-06 11:37:41.034 15100 15846 D DBReader: getImageAuthentication() called with: imageUrl = [https://is2-ssl.mzstatic.com/image/thumb/Podcasts114/v4/b3/4c/cf/b34ccfc2-cea4-1ca1-0fad-7793af301cc5/mza_2466085192629456364.jpg/170x170bb.png]
08-06 11:37:41.034   512  2967 D audio_hw_primary: disable_snd_device: snd_device(2: speaker)
08-06 11:37:41.035 15100 15844 D ApOkHttpUrlLoader: no credentials for 'https://is5-ssl.mzstatic.com/image/thumb/Podcasts113/v4/fd/54/6e/fd546ea0-7ab2-e3f0-6049-884d82917af9/mza_4855349695799758348.jpeg/170x170bb.png'
08-06 11:37:41.038 15100 15850 D ApOkHttpUrlLoader: no credentials for 'https://is5-ssl.mzstatic.com/image/thumb/Podcasts114/v4/93/cf/99/93cf9960-fff3-205e-6655-72c03ddeccb2/mza_10545582232493904175.jpeg/170x170bb.png'
08-06 11:37:41.040 15100 15846 D ApOkHttpUrlLoader: no credentials for 'https://is2-ssl.mzstatic.com/image/thumb/Podcasts114/v4/b3/4c/cf/b34ccfc2-cea4-1ca1-0fad-7793af301cc5/mza_2466085192629456364.jpg/170x170bb.png'
08-06 11:37:41.042   512  2967 I soundtrigger: audio_extn_sound_trigger_update_device_status: device 0x2 of type 0 for Event 0
08-06 11:37:41.290 15100 16624 I art     : Starting a blocking GC Explicit
08-06 11:37:41.318 15100 16624 I art     : Explicit concurrent mark sweep GC freed 29509(1512KB) AllocSpace objects, 1(20KB) LOS objects, 37% free, 26MB/42MB, paused 956us total 27.651ms
08-06 11:37:41.326 15100 16624 I art     : Starting a blocking GC Explicit
08-06 11:37:41.350 15100 16624 I art     : Explicit concurrent mark sweep GC freed 1028(38KB) AllocSpace objects, 0(0B) LOS objects, 37% free, 26MB/42MB, paused 867us total 23.722ms
08-06 11:37:41.357 15100 16624 I art     : Starting a blocking GC Explicit
08-06 11:37:41.379 15100 16624 I art     : Explicit concurrent mark sweep GC freed 3(96B) AllocSpace objects, 0(0B) LOS objects, 37% free, 26MB/42MB, paused 845us total 21.898ms
08-06 11:37:41.386 15100 16624 I art     : Starting a blocking GC Explicit
08-06 11:37:41.409 15100 16624 I art     : Explicit concurrent mark sweep GC freed 3(96B) AllocSpace objects, 0(0B) LOS objects, 37% free, 26MB/42MB, paused 858us total 23.068ms
08-06 11:37:41.417 15100 16624 I art     : Starting a blocking GC Explicit
08-06 11:37:41.439 15100 16624 I art     : Explicit concurrent mark sweep GC freed 3(96B) AllocSpace objects, 0(0B) LOS objects, 37% free, 26MB/42MB, paused 949us total 22.524ms
08-06 11:37:41.509 15100 15844 D MYTAG   : interceptor 2a
08-06 11:37:41.509 15100 15844 I NAPPA_EXPERIMENTATION: MetricNetworkRequestExecutionTime: REQUEST_DURATION_SYSTEM='474',REQUEST_DURATION_OKHTTP='263',REQUEST_SYNCHRONOUS='TRUE',RESPONSE_CODE='200',RESPONSE_METHOD='GET',RESPONSE_LENGTH_OKHTTP='54835',RESPONSE_LENGTH_HEADER='54835',REQUEST_PROTOCOL='h2',REQUEST_URL='https://is5-ssl.mzstatic.com/image/thumb/Podcasts113/v4/fd/54/6e/fd546ea0-7ab2-e3f0-6049-884d82917af9/mza_4855349695799758348.jpeg/170x170bb.png',
08-06 11:37:41.519 15100 15852 D MYTAG   : interceptor 2a
08-06 11:37:41.519 15100 15852 I NAPPA_EXPERIMENTATION: MetricNetworkRequestExecutionTime: REQUEST_DURATION_SYSTEM='495',REQUEST_DURATION_OKHTTP='271',REQUEST_SYNCHRONOUS='TRUE',RESPONSE_CODE='200',RESPONSE_METHOD='GET',RESPONSE_LENGTH_OKHTTP='26177',RESPONSE_LENGTH_HEADER='26177',REQUEST_PROTOCOL='h2',REQUEST_URL='https://is4-ssl.mzstatic.com/image/thumb/Podcasts114/v4/3f/16/74/3f167426-bf50-ce3a-d709-e4301620fc5b/mza_5832671293059882550.jpeg/170x170bb.png',
08-06 11:37:41.522 15100 15850 D MYTAG   : interceptor 2a
08-06 11:37:41.522 15100 15850 I NAPPA_EXPERIMENTATION: MetricNetworkRequestExecutionTime: REQUEST_DURATION_SYSTEM='484',REQUEST_DURATION_OKHTTP='267',REQUEST_SYNCHRONOUS='TRUE',RESPONSE_CODE='200',RESPONSE_METHOD='GET',RESPONSE_LENGTH_OKHTTP='22351',RESPONSE_LENGTH_HEADER='22351',REQUEST_PROTOCOL='h2',REQUEST_URL='https://is5-ssl.mzstatic.com/image/thumb/Podcasts114/v4/93/cf/99/93cf9960-fff3-205e-6655-72c03ddeccb2/mza_10545582232493904175.jpeg/170x170bb.png',
08-06 11:37:41.524 15100 15851 D MYTAG   : interceptor 2a
08-06 11:37:41.524 15100 15851 I NAPPA_EXPERIMENTATION: MetricNetworkRequestExecutionTime: REQUEST_DURATION_SYSTEM='492',REQUEST_DURATION_OKHTTP='262',REQUEST_SYNCHRONOUS='TRUE',RESPONSE_CODE='200',RESPONSE_METHOD='GET',RESPONSE_LENGTH_OKHTTP='48239',RESPONSE_LENGTH_HEADER='48239',REQUEST_PROTOCOL='h2',REQUEST_URL='https://is2-ssl.mzstatic.com/image/thumb/Podcasts113/v4/a9/39/cc/a939ccc5-6d60-0c11-0a4c-16d71cdef89b/mza_8787577209688278658.jpg/170x170bb.png',
08-06 11:37:41.530 15100 15853 D MYTAG   : interceptor 2a
08-06 11:37:41.530 15100 15853 I NAPPA_EXPERIMENTATION: MetricNetworkRequestExecutionTime: REQUEST_DURATION_SYSTEM='496',REQUEST_DURATION_OKHTTP='267',REQUEST_SYNCHRONOUS='TRUE',RESPONSE_CODE='200',RESPONSE_METHOD='GET',RESPONSE_LENGTH_OKHTTP='12000',RESPONSE_LENGTH_HEADER='12000',REQUEST_PROTOCOL='h2',REQUEST_URL='https://is4-ssl.mzstatic.com/image/thumb/Podcasts124/v4/49/a4/91/49a491b7-3daf-c5dc-d7c6-6c4f1486955c/mza_5930014091766152297.png/170x170bb.png',
08-06 11:37:41.545 15100 15848 D MYTAG   : interceptor 2a
08-06 11:37:41.545 15100 15848 I NAPPA_EXPERIMENTATION: MetricNetworkRequestExecutionTime: REQUEST_DURATION_SYSTEM='516',REQUEST_DURATION_OKHTTP='287',REQUEST_SYNCHRONOUS='TRUE',RESPONSE_CODE='200',RESPONSE_METHOD='GET',RESPONSE_LENGTH_OKHTTP='45995',RESPONSE_LENGTH_HEADER='45995',REQUEST_PROTOCOL='h2',REQUEST_URL='https://is4-ssl.mzstatic.com/image/thumb/Podcasts113/v4/e5/8a/10/e58a108f-f5d0-f622-c94a-13f66edd570c/mza_3025981348644196724.jpg/170x170bb.png',
08-06 11:37:41.566 15100 15846 D MYTAG   : interceptor 2a
08-06 11:37:41.567 15100 15846 I NAPPA_EXPERIMENTATION: MetricNetworkRequestExecutionTime: REQUEST_DURATION_SYSTEM='526',REQUEST_DURATION_OKHTTP='316',REQUEST_SYNCHRONOUS='TRUE',RESPONSE_CODE='200',RESPONSE_METHOD='GET',RESPONSE_LENGTH_OKHTTP='42299',RESPONSE_LENGTH_HEADER='42299',REQUEST_PROTOCOL='h2',REQUEST_URL='https://is2-ssl.mzstatic.com/image/thumb/Podcasts114/v4/b3/4c/cf/b34ccfc2-cea4-1ca1-0fad-7793af301cc5/mza_2466085192629456364.jpg/170x170bb.png',
08-06 11:37:41.710 15100 15112 I art     : Starting a blocking GC Explicit
08-06 11:37:41.736 15100 15112 I art     : Explicit concurrent mark sweep GC freed 4399(273KB) AllocSpace objects, 1(20KB) LOS objects, 36% free, 28MB/44MB, paused 739us total 25.858ms
08-06 11:37:41.744 15100 15112 I art     : Starting a blocking GC Explicit
08-06 11:37:41.767 15100 15112 I art     : Explicit concurrent mark sweep GC freed 51(2672B) AllocSpace objects, 0(0B) LOS objects, 36% free, 28MB/44MB, paused 811us total 23.357ms
08-06 11:37:41.775 15100 15112 I art     : Starting a blocking GC Explicit
08-06 11:37:41.798 15100 15112 I art     : Explicit concurrent mark sweep GC freed 3(96B) AllocSpace objects, 0(0B) LOS objects, 36% free, 28MB/44MB, paused 722us total 23.012ms
08-06 11:37:41.806 15100 15112 I art     : Starting a blocking GC Explicit
08-06 11:37:41.828 15100 15112 I art     : Explicit concurrent mark sweep GC freed 3(96B) AllocSpace objects, 0(0B) LOS objects, 36% free, 28MB/44MB, paused 727us total 21.436ms
08-06 11:37:41.835 15100 15112 I art     : Starting a blocking GC Explicit
08-06 11:37:41.857 15100 15112 I art     : Explicit concurrent mark sweep GC freed 3(96B) AllocSpace objects, 0(0B) LOS objects, 36% free, 28MB/44MB, paused 744us total 21.633ms
08-06 11:37:42.154 15100 15220 I art     : Starting a blocking GC Explicit
08-06 11:37:42.187 15100 15220 I art     : Explicit concurrent mark sweep GC freed 1401(81KB) AllocSpace objects, 1(20KB) LOS objects, 36% free, 28MB/44MB, paused 799us total 31.808ms
08-06 11:37:42.199 15100 15220 I art     : Starting a blocking GC Explicit
08-06 11:37:42.223 15100 15220 I art     : Explicit concurrent mark sweep GC freed 23(752B) AllocSpace objects, 0(0B) LOS objects, 36% free, 28MB/44MB, paused 815us total 23.293ms
08-06 11:37:42.230 15100 15220 I art     : Starting a blocking GC Explicit
08-06 11:37:42.253 15100 15220 I art     : Explicit concurrent mark sweep GC freed 3(96B) AllocSpace objects, 0(0B) LOS objects, 36% free, 28MB/44MB, paused 714us total 22.854ms
08-06 11:37:42.261 15100 15220 I art     : Starting a blocking GC Explicit
08-06 11:37:42.284 15100 15220 I art     : Explicit concurrent mark sweep GC freed 3(96B) AllocSpace objects, 0(0B) LOS objects, 36% free, 28MB/44MB, paused 716us total 22.790ms
08-06 11:37:42.292 15100 15220 I art     : Starting a blocking GC Explicit
08-06 11:37:42.314 15100 15220 I art     : Explicit concurrent mark sweep GC freed 3(96B) AllocSpace objects, 0(0B) LOS objects, 36% free, 28MB/44MB, paused 680us total 22.517ms
08-06 11:37:42.659 15100 15112 I art     : Starting a blocking GC Explicit
08-06 11:37:42.682 15100 15112 I art     : Explicit concurrent mark sweep GC freed 1381(81KB) AllocSpace objects, 1(20KB) LOS objects, 36% free, 28MB/44MB, paused 681us total 23.236ms
08-06 11:37:42.689 15100 15112 I art     : Starting a blocking GC Explicit
08-06 11:37:42.710 15100 15112 I art     : Explicit concurrent mark sweep GC freed 26(848B) AllocSpace objects, 0(0B) LOS objects, 36% free, 28MB/44MB, paused 619us total 20.655ms
08-06 11:37:42.717 15100 15112 I art     : Starting a blocking GC Explicit
08-06 11:37:42.737 15100 15112 I art     : Explicit concurrent mark sweep GC freed 7(224B) AllocSpace objects, 0(0B) LOS objects, 36% free, 28MB/44MB, paused 805us total 20.470ms
08-06 11:37:42.744 15100 15112 I art     : Starting a blocking GC Explicit
08-06 11:37:42.765 15100 15112 I art     : Explicit concurrent mark sweep GC freed 6(192B) AllocSpace objects, 0(0B) LOS objects, 36% free, 28MB/44MB, paused 683us total 20.511ms
08-06 11:37:42.772 15100 15112 I art     : Starting a blocking GC Explicit
08-06 11:37:42.793 15100 15112 I art     : Explicit concurrent mark sweep GC freed 6(192B) AllocSpace objects, 0(0B) LOS objects, 36% free, 28MB/44MB, paused 982us total 21.242ms
08-06 11:37:43.114 15100 15113 I art     : Starting a blocking GC Explicit
08-06 11:37:43.148 15100 15113 I art     : Explicit concurrent mark sweep GC freed 1410(83KB) AllocSpace objects, 1(20KB) LOS objects, 36% free, 28MB/44MB, paused 797us total 33.864ms
08-06 11:37:43.161 15100 15113 I art     : Starting a blocking GC Explicit
08-06 11:37:43.183 15100 15113 I art     : Explicit concurrent mark sweep GC freed 23(752B) AllocSpace objects, 0(0B) LOS objects, 36% free, 28MB/44MB, paused 727us total 22.400ms
08-06 11:37:43.191 15100 15113 I art     : Starting a blocking GC Explicit
08-06 11:37:43.214 15100 15113 I art     : Explicit concurrent mark sweep GC freed 3(96B) AllocSpace objects, 0(0B) LOS objects, 36% free, 28MB/44MB, paused 687us total 22.987ms
08-06 11:37:43.222 15100 15113 I art     : Starting a blocking GC Explicit
08-06 11:37:43.245 15100 15113 I art     : Explicit concurrent mark sweep GC freed 3(96B) AllocSpace objects, 0(0B) LOS objects, 36% free, 28MB/44MB, paused 721us total 22.970ms
08-06 11:37:43.253 15100 15113 I art     : Starting a blocking GC Explicit
08-06 11:37:43.275 15100 15113 I art     : Explicit concurrent mark sweep GC freed 3(96B) AllocSpace objects, 0(0B) LOS objects, 36% free, 28MB/44MB, paused 713us total 22.282ms
08-06 11:37:43.607 15100 15220 I art     : Starting a blocking GC Explicit
08-06 11:37:43.640 15100 15220 I art     : Explicit concurrent mark sweep GC freed 1372(80KB) AllocSpace objects, 1(20KB) LOS objects, 36% free, 28MB/44MB, paused 765us total 32.916ms
08-06 11:37:43.651 15100 15220 I art     : Starting a blocking GC Explicit
08-06 11:37:43.675 15100 15220 I art     : Explicit concurrent mark sweep GC freed 23(752B) AllocSpace objects, 0(0B) LOS objects, 36% free, 28MB/44MB, paused 727us total 23.508ms
08-06 11:37:43.683 15100 15220 I art     : Starting a blocking GC Explicit
08-06 11:37:43.706 15100 15220 I art     : Explicit concurrent mark sweep GC freed 3(96B) AllocSpace objects, 0(0B) LOS objects, 36% free, 28MB/44MB, paused 703us total 22.790ms
08-06 11:37:43.713 15100 15220 I art     : Starting a blocking GC Explicit
08-06 11:37:43.736 15100 15220 I art     : Explicit concurrent mark sweep GC freed 3(96B) AllocSpace objects, 0(0B) LOS objects, 36% free, 28MB/44MB, paused 716us total 22.537ms
08-06 11:37:43.744 15100 15220 I art     : Starting a blocking GC Explicit
08-06 11:37:43.767 15100 15220 I art     : Explicit concurrent mark sweep GC freed 3(96B) AllocSpace objects, 0(0B) LOS objects, 36% free, 28MB/44MB, paused 817us total 22.820ms
08-06 11:37:44.092 15100 15112 I art     : Starting a blocking GC Explicit
08-06 11:37:44.126 15100 15112 I art     : Explicit concurrent mark sweep GC freed 1404(84KB) AllocSpace objects, 1(20KB) LOS objects, 36% free, 28MB/44MB, paused 807us total 33.591ms
08-06 11:37:44.135 15100 15112 I art     : Starting a blocking GC Explicit
08-06 11:37:44.159 15100 15112 I art     : Explicit concurrent mark sweep GC freed 23(752B) AllocSpace objects, 0(0B) LOS objects, 36% free, 28MB/44MB, paused 729us total 23.490ms
08-06 11:37:44.167 15100 15112 I art     : Starting a blocking GC Explicit
08-06 11:37:44.189 15100 15112 I art     : Explicit concurrent mark sweep GC freed 3(96B) AllocSpace objects, 0(0B) LOS objects, 36% free, 28MB/44MB, paused 701us total 22.258ms
08-06 11:37:44.196 15100 15112 I art     : Starting a blocking GC Explicit
08-06 11:37:44.219 15100 15112 I art     : Explicit concurrent mark sweep GC freed 3(96B) AllocSpace objects, 0(0B) LOS objects, 36% free, 28MB/44MB, paused 801us total 22.616ms
08-06 11:37:44.227 15100 15112 I art     : Starting a blocking GC Explicit
08-06 11:37:44.249 15100 15112 I art     : Explicit concurrent mark sweep GC freed 3(96B) AllocSpace objects, 0(0B) LOS objects, 36% free, 28MB/44MB, paused 712us total 21.977ms
08-06 11:37:44.577 15100 16624 I art     : Starting a blocking GC Explicit
08-06 11:37:44.611 15100 16624 I art     : Explicit concurrent mark sweep GC freed 1373(81KB) AllocSpace objects, 1(20KB) LOS objects, 36% free, 28MB/44MB, paused 825us total 33.824ms
08-06 11:37:44.621 15100 16624 I art     : Starting a blocking GC Explicit
08-06 11:37:44.645 15100 16624 I art     : Explicit concurrent mark sweep GC freed 23(752B) AllocSpace objects, 0(0B) LOS objects, 36% free, 28MB/44MB, paused 709us total 23.329ms
08-06 11:37:44.652 15100 16624 I art     : Starting a blocking GC Explicit
08-06 11:37:44.675 15100 16624 I art     : Explicit concurrent mark sweep GC freed 3(96B) AllocSpace objects, 0(0B) LOS objects, 36% free, 28MB/44MB, paused 713us total 22.918ms
08-06 11:37:44.683 15100 16624 I art     : Starting a blocking GC Explicit
08-06 11:37:44.705 15100 16624 I art     : Explicit concurrent mark sweep GC freed 3(96B) AllocSpace objects, 0(0B) LOS objects, 36% free, 28MB/44MB, paused 810us total 22.092ms
08-06 11:37:44.712 15100 16624 I art     : Starting a blocking GC Explicit
08-06 11:37:44.735 15100 16624 I art     : Explicit concurrent mark sweep GC freed 3(96B) AllocSpace objects, 0(0B) LOS objects, 36% free, 28MB/44MB, paused 695us total 22.054ms
08-06 11:37:45.047 15100 15113 I art     : Starting a blocking GC Explicit
08-06 11:37:45.078 15100 15113 I art     : Explicit concurrent mark sweep GC freed 1401(81KB) AllocSpace objects, 1(20KB) LOS objects, 36% free, 28MB/44MB, paused 846us total 30.759ms
08-06 11:37:45.089 15100 15113 I art     : Starting a blocking GC Explicit
08-06 11:37:45.113 15100 15113 I art     : Explicit concurrent mark sweep GC freed 23(752B) AllocSpace objects, 0(0B) LOS objects, 36% free, 28MB/44MB, paused 713us total 23.059ms
08-06 11:37:45.120 15100 15113 I art     : Starting a blocking GC Explicit
08-06 11:37:45.143 15100 15113 I art     : Explicit concurrent mark sweep GC freed 3(96B) AllocSpace objects, 0(0B) LOS objects, 36% free, 28MB/44MB, paused 685us total 22.757ms
08-06 11:37:45.151 15100 15113 I art     : Starting a blocking GC Explicit
08-06 11:37:45.174 15100 15113 I art     : Explicit concurrent mark sweep GC freed 3(96B) AllocSpace objects, 0(0B) LOS objects, 36% free, 28MB/44MB, paused 708us total 22.977ms
08-06 11:37:45.181 15100 15113 I art     : Starting a blocking GC Explicit
08-06 11:37:45.204 15100 15113 I art     : Explicit concurrent mark sweep GC freed 3(96B) AllocSpace objects, 0(0B) LOS objects, 36% free, 28MB/44MB, paused 706us total 22.674ms
08-06 11:37:45.527 15100 15220 I art     : Starting a blocking GC Explicit
08-06 11:37:45.560 15100 15220 I art     : Explicit concurrent mark sweep GC freed 1372(80KB) AllocSpace objects, 1(20KB) LOS objects, 36% free, 28MB/44MB, paused 1.105ms total 32.481ms
08-06 11:37:45.572 15100 15220 I art     : Starting a blocking GC Explicit
08-06 11:37:45.596 15100 15220 I art     : Explicit concurrent mark sweep GC freed 23(752B) AllocSpace objects, 0(0B) LOS objects, 36% free, 28MB/44MB, paused 732us total 23.157ms
08-06 11:37:45.603 15100 15220 I art     : Starting a blocking GC Explicit
08-06 11:37:45.626 15100 15220 I art     : Explicit concurrent mark sweep GC freed 3(96B) AllocSpace objects, 0(0B) LOS objects, 36% free, 28MB/44MB, paused 705us total 22.985ms
08-06 11:37:45.634 15100 15220 I art     : Starting a blocking GC Explicit
08-06 11:37:45.656 15100 15220 I art     : Explicit concurrent mark sweep GC freed 3(96B) AllocSpace objects, 0(0B) LOS objects, 36% free, 28MB/44MB, paused 715us total 22.076ms
08-06 11:37:45.663 15100 15220 I art     : Starting a blocking GC Explicit
08-06 11:37:45.686 15100 15220 I art     : Explicit concurrent mark sweep GC freed 3(96B) AllocSpace objects, 0(0B) LOS objects, 36% free, 28MB/44MB, paused 686us total 22.570ms
08-06 11:37:46.019 15100 15112 I art     : Starting a blocking GC Explicit
08-06 11:37:46.050 15100 15112 I art     : Explicit concurrent mark sweep GC freed 1401(81KB) AllocSpace objects, 1(20KB) LOS objects, 36% free, 28MB/44MB, paused 786us total 30.965ms
08-06 11:37:46.051 15100 15110 I art     : WaitForGcToComplete blocked for 29.181ms for cause HeapTrim
08-06 11:37:46.061 15100 15112 I art     : Starting a blocking GC Explicit
08-06 11:37:46.084 15100 15112 I art     : Explicit concurrent mark sweep GC freed 23(752B) AllocSpace objects, 0(0B) LOS objects, 36% free, 28MB/44MB, paused 708us total 23.533ms
08-06 11:37:46.093 15100 15112 I art     : Starting a blocking GC Explicit
08-06 11:37:46.115 15100 15112 I art     : Explicit concurrent mark sweep GC freed 3(96B) AllocSpace objects, 0(0B) LOS objects, 36% free, 28MB/44MB, paused 696us total 22.170ms
08-06 11:37:46.123 15100 15112 I art     : Starting a blocking GC Explicit
08-06 11:37:46.145 15100 15112 I art     : Explicit concurrent mark sweep GC freed 3(96B) AllocSpace objects, 0(0B) LOS objects, 36% free, 28MB/44MB, paused 716us total 22.438ms
08-06 11:37:46.153 15100 15112 I art     : Starting a blocking GC Explicit
08-06 11:37:46.175 15100 15112 I art     : Explicit concurrent mark sweep GC freed 3(96B) AllocSpace objects, 0(0B) LOS objects, 36% free, 28MB/44MB, paused 713us total 22.310ms
08-06 11:37:46.521 15100 16624 I art     : Starting a blocking GC Explicit
08-06 11:37:46.558 15100 16624 I art     : Explicit concurrent mark sweep GC freed 1372(80KB) AllocSpace objects, 1(20KB) LOS objects, 36% free, 28MB/44MB, paused 901us total 36.336ms
08-06 11:37:46.571 15100 16624 I art     : Starting a blocking GC Explicit
08-06 11:37:46.594 15100 16624 I art     : Explicit concurrent mark sweep GC freed 23(752B) AllocSpace objects, 0(0B) LOS objects, 36% free, 28MB/44MB, paused 711us total 23.281ms
08-06 11:37:46.602 15100 16624 I art     : Starting a blocking GC Explicit
08-06 11:37:46.625 15100 16624 I art     : Explicit concurrent mark sweep GC freed 3(96B) AllocSpace objects, 0(0B) LOS objects, 36% free, 28MB/44MB, paused 708us total 22.805ms
08-06 11:37:46.632 15100 16624 I art     : Starting a blocking GC Explicit
08-06 11:37:46.655 15100 16624 I art     : Explicit concurrent mark sweep GC freed 3(96B) AllocSpace objects, 0(0B) LOS objects, 36% free, 28MB/44MB, paused 714us total 22.882ms
08-06 11:37:46.663 15100 16624 I art     : Starting a blocking GC Explicit
08-06 11:37:46.685 15100 16624 I art     : Explicit concurrent mark sweep GC freed 3(96B) AllocSpace objects, 0(0B) LOS objects, 36% free, 28MB/44MB, paused 825us total 22.351ms
08-06 11:37:46.963 15100 15113 I art     : Starting a blocking GC Explicit
08-06 11:37:46.986 15100 15113 I art     : Explicit concurrent mark sweep GC freed 1401(81KB) AllocSpace objects, 1(20KB) LOS objects, 36% free, 28MB/44MB, paused 738us total 22.829ms
08-06 11:37:46.994 15100 15113 I art     : Starting a blocking GC Explicit
08-06 11:37:47.016 15100 15113 I art     : Explicit concurrent mark sweep GC freed 23(752B) AllocSpace objects, 0(0B) LOS objects, 36% free, 28MB/44MB, paused 796us total 22.180ms
08-06 11:37:47.024 15100 15113 I art     : Starting a blocking GC Explicit
08-06 11:37:47.030 17304 17304 D AndroidRuntime: >>>>>> START com.android.internal.os.RuntimeInit uid 2000 <<<<<<
08-06 11:37:47.033 17304 17304 D AndroidRuntime: CheckJNI is OFF
08-06 11:37:47.044 15100 15113 I art     : Explicit concurrent mark sweep GC freed 3(96B) AllocSpace objects, 0(0B) LOS objects, 36% free, 28MB/44MB, paused 678us total 19.890ms
08-06 11:37:47.051 15100 15113 I art     : Starting a blocking GC Explicit
08-06 11:37:47.060 17304 17304 D ICU     : No timezone override file found: /data/misc/zoneinfo/current/icu/icu_tzdata.dat
08-06 11:37:47.071 15100 15113 I art     : Explicit concurrent mark sweep GC freed 3(96B) AllocSpace objects, 0(0B) LOS objects, 36% free, 28MB/44MB, paused 741us total 19.803ms
08-06 11:37:47.077 15100 15113 I art     : Starting a blocking GC Explicit
08-06 11:37:47.085 17304 17304 I Radio-JNI: register_android_hardware_Radio DONE
08-06 11:37:47.097 15100 15113 I art     : Explicit concurrent mark sweep GC freed 3(96B) AllocSpace objects, 0(0B) LOS objects, 36% free, 28MB/44MB, paused 749us total 19.801ms
08-06 11:37:47.101 17304 17304 D AndroidRuntime: Calling main entry com.android.commands.input.Input
08-06 11:37:47.102 17304 17304 I Input   : injectMotionEvent: MotionEvent { action=ACTION_DOWN, actionButton=0, id[0]=0, x[0]=616.0, y[0]=469.0, toolType[0]=TOOL_TYPE_UNKNOWN, buttonState=0, metaState=0, flags=0x0, edgeFlags=0x0, pointerCount=1, historySize=0, eventTime=877083515, downTime=877083515, deviceId=0, source=0x1002 }
08-06 11:37:47.108 17304 17304 I Input   : injectMotionEvent: MotionEvent { action=ACTION_UP, actionButton=0, id[0]=0, x[0]=616.0, y[0]=469.0, toolType[0]=TOOL_TYPE_UNKNOWN, buttonState=0, metaState=0, flags=0x0, edgeFlags=0x0, pointerCount=1, historySize=0, eventTime=877083515, downTime=877083515, deviceId=0, source=0x1002 }
08-06 11:37:47.111 17304 17304 D AndroidRuntime: Shutting down VM
08-06 11:37:47.177   512  2967 D audio_hw_primary: out_set_parameters: enter: usecase(1: low-latency-playback) kvpairs: routing=2
08-06 11:37:47.190   512  2967 D audio_hw_primary: select_devices: out_snd_device(2: speaker) in_snd_device(0: none)
08-06 11:37:47.190   512  2967 D msm8974_platform: platform_send_audio_calibration: sending audio calibration for snd_device(2) acdb_id(15)
08-06 11:37:47.190   512  2967 I soundtrigger: audio_extn_sound_trigger_update_device_status: device 0x2 of type 0 for Event 1
08-06 11:37:47.200   512  2967 D audio_hw_primary: enable_snd_device: snd_device(2: speaker)
08-06 11:37:47.202   512  2967 D audio_hw_primary: enable_audio_route: apply and update mixer path: low-latency-playback speaker
08-06 11:37:47.334 15100 15220 I art     : Starting a blocking GC Explicit
08-06 11:37:47.358 15100 15220 I art     : Explicit concurrent mark sweep GC freed 1617(90KB) AllocSpace objects, 1(20KB) LOS objects, 36% free, 28MB/44MB, paused 891us total 23.610ms
08-06 11:37:47.365 15100 15220 I art     : Starting a blocking GC Explicit
08-06 11:37:47.388 15100 15220 I art     : Explicit concurrent mark sweep GC freed 55(1904B) AllocSpace objects, 0(0B) LOS objects, 36% free, 28MB/44MB, paused 768us total 22.317ms
08-06 11:37:47.395 15100 15220 I art     : Starting a blocking GC Explicit
08-06 11:37:47.416 15100 15220 I art     : Explicit concurrent mark sweep GC freed 13(480B) AllocSpace objects, 0(0B) LOS objects, 36% free, 28MB/44MB, paused 753us total 21.205ms
08-06 11:37:47.417 15100 15636 I NAPPA_EXPERIMENTATION: MetricNetworkRequestExecutionTime: REQUEST_DURATION_SYSTEM='242',REQUEST_DURATION_OKHTTP='241',REQUEST_SYNCHRONOUS='TRUE',RESPONSE_CODE='200',RESPONSE_METHOD='GET',RESPONSE_LENGTH_OKHTTP='-1',RESPONSE_LENGTH_HEADER='628',REQUEST_PROTOCOL='h2',REQUEST_URL='https://itunes.apple.com/lookup?id=1524080195',
08-06 11:37:47.423 15100 15220 I art     : Starting a blocking GC Explicit
08-06 11:37:47.442   918  3670 I ActivityManager: START u0 {cmp=baseline.de.danoeh.antennapod.debug/baseline.de.danoeh.antennapod.activity.OnlineFeedViewActivity (has extras)} from uid 10711 on display 0
08-06 11:37:47.444 15100 15220 I art     : Explicit concurrent mark sweep GC freed 510(44KB) AllocSpace objects, 0(0B) LOS objects, 36% free, 28MB/44MB, paused 795us total 21.111ms
08-06 11:37:47.451 15100 15220 I art     : Starting a blocking GC Explicit
08-06 11:37:47.464 13866 13866 I GoogleInputMethodServic: GoogleInputMethodService.onFinishInput():3138 
08-06 11:37:47.465 13866 13866 I GoogleInputMethodServic: GoogleInputMethodService.onStartInput():1808 
08-06 11:37:47.473 15100 15220 I art     : Explicit concurrent mark sweep GC freed 326(12KB) AllocSpace objects, 0(0B) LOS objects, 36% free, 28MB/44MB, paused 768us total 21.483ms
08-06 11:37:47.485 15100 15100 D UserPreferences: Using default data folder
08-06 11:37:47.485 15100 15100 D OnlineFeedViewActivity: Activity was started with url https://rss.art19.com/nice-white-parents
08-06 11:37:47.487 15100 15100 D OnlineFeedViewActivity: Starting feed download
08-06 11:37:47.489 15100 15124 D DBReader: Extracting Feedlist
08-06 11:37:47.490   918  3961 D WifiService: acquireWifiLockLocked: WifiLock{Downloader type=1 binder=android.os.BinderProxy@79059b9}
08-06 11:37:47.491 15100 15124 D AntennapodHttpClient: Creating new instance of HTTP client
08-06 11:37:47.504 14957 14957 I Atfwd_Sendcmd: AtCmdFwd service not ready - Exhausted retry attempts - :6
08-06 11:37:47.504 14957 14957 I Atfwd_Daemon: result : -1 	 ,Init step :2 	 ,qmiErrorCode: 0
08-06 11:37:47.551 13866 13866 I GoogleInputMethodServic: GoogleInputMethodService.onFinishInput():3138 
08-06 11:37:47.552 13866 13866 I GoogleInputMethodServic: GoogleInputMethodService.onStartInput():1808 
08-06 11:37:47.582   918   936 I ActivityManager: Displayed baseline.de.danoeh.antennapod.debug/baseline.de.danoeh.antennapod.activity.OnlineFeedViewActivity: +118ms
08-06 11:37:47.739   512  2967 D audio_hw_primary: disable_audio_route: reset and update mixer path: low-latency-playback speaker
08-06 11:37:47.743   512  2967 D audio_hw_primary: disable_snd_device: snd_device(2: speaker)
08-06 11:37:47.751   512  2967 I soundtrigger: audio_extn_sound_trigger_update_device_status: device 0x2 of type 0 for Event 0
08-06 11:37:47.762 15100 15112 I art     : Starting a blocking GC Explicit
08-06 11:37:47.789 15100 15124 D MYTAG   : interceptor 3a https://rss.art19.com/nice-white-parents
08-06 11:37:47.789 15100 15124 I NAPPA_EXPERIMENTATION: MetricNetworkRequestExecutionTime: REQUEST_DURATION_SYSTEM='298',REQUEST_DURATION_OKHTTP='143',REQUEST_SYNCHRONOUS='TRUE',RESPONSE_CODE='200',RESPONSE_METHOD='GET',RESPONSE_LENGTH_OKHTTP='-1',RESPONSE_LENGTH_HEADER='1803',REQUEST_PROTOCOL='h2',REQUEST_URL='https://rss.art19.com/nice-white-parents',
08-06 11:37:47.789 15100 15124 D HttpDownloader: Response code is 200
08-06 11:37:47.789 15100 15124 D UserPreferences: Using default data folder
08-06 11:37:47.796 15100 15124 D HttpDownloader: Getting size of download
08-06 11:37:47.796 15100 15124 D HttpDownloader: Size is -1
08-06 11:37:47.796 15100 15124 D UserPreferences: Using default data folder
08-06 11:37:47.797 15100 15124 D HttpDownloader: Free space is 20195188736
08-06 11:37:47.798 15100 15124 D HttpDownloader: Starting download
08-06 11:37:47.799 15100 15124 D HttpDownloader: Download was successful
08-06 11:37:47.800 15100 15112 I art     : Explicit concurrent mark sweep GC freed 7344(401KB) AllocSpace objects, 4(220KB) LOS objects, 35% free, 28MB/44MB, paused 1.115ms total 36.780ms
08-06 11:37:47.800   918  4400 D WifiService: releaseWifiLockLocked: WifiLock{Downloader type=1 binder=android.os.BinderProxy@79059b9}
08-06 11:37:47.801 15100 15100 D OnlineFeedViewActivity: Parsing feed
08-06 11:37:47.806 15100 17351 D TypeGetter: Recognized type RSS 2.0
08-06 11:37:47.808 15100 15112 I art     : Starting a blocking GC Explicit
08-06 11:37:47.809 15100 17351 D SyndHandler: Recognized ITunes namespace
08-06 11:37:47.810 15100 17351 D SyndHandler: Recognized Atom namespace
08-06 11:37:47.810 15100 17351 D SyndHandler: Recognized Content namespace
08-06 11:37:47.820 15100 17351 D OnlineFeedViewActivity: Deleted feed source file. Result: true
08-06 11:37:47.820 15100 15100 D OnlineFeedViewActivity: Removing HTML from shownotes
08-06 11:37:47.825   380   380 W SurfaceFlinger: couldn't log to binary event log: overflow.
08-06 11:37:47.837 15100 15112 I art     : Explicit concurrent mark sweep GC freed 2347(335KB) AllocSpace objects, 4(128KB) LOS objects, 35% free, 28MB/44MB, paused 980us total 29.027ms
08-06 11:37:47.844 15100 15112 I art     : Starting a blocking GC Explicit
08-06 11:37:47.865 15100 15112 I art     : Explicit concurrent mark sweep GC freed 831(62KB) AllocSpace objects, 0(0B) LOS objects, 35% free, 28MB/44MB, paused 685us total 20.434ms
08-06 11:37:47.873 15100 15112 I art     : Starting a blocking GC Explicit
08-06 11:37:47.893 15100 15112 I art     : Explicit concurrent mark sweep GC freed 566(28KB) AllocSpace objects, 0(0B) LOS objects, 35% free, 28MB/44MB, paused 646us total 19.363ms
08-06 11:37:47.899 15100 15112 I art     : Starting a blocking GC Explicit
08-06 11:37:47.919 15100 15112 I art     : Explicit concurrent mark sweep GC freed 5(176B) AllocSpace objects, 0(0B) LOS objects, 35% free, 28MB/44MB, paused 649us total 19.472ms
08-06 11:37:47.948 15100 15100 D PlaybackController: Releasing PlaybackController
08-06 11:37:48.218 15100 15220 I art     : Starting a blocking GC Explicit
08-06 11:37:48.254 15100 15220 I art     : Explicit concurrent mark sweep GC freed 1649(94KB) AllocSpace objects, 2(132KB) LOS objects, 35% free, 28MB/44MB, paused 840us total 35.662ms
08-06 11:37:48.265 15100 15220 I art     : Starting a blocking GC Explicit
08-06 11:37:48.290 15100 15220 I art     : Explicit concurrent mark sweep GC freed 39(1296B) AllocSpace objects, 0(0B) LOS objects, 35% free, 28MB/44MB, paused 742us total 24.507ms
08-06 11:37:48.298 15100 15220 I art     : Starting a blocking GC Explicit
08-06 11:37:48.322 15100 15220 I art     : Explicit concurrent mark sweep GC freed 3(96B) AllocSpace objects, 0(0B) LOS objects, 35% free, 28MB/44MB, paused 739us total 24.134ms
08-06 11:37:48.330 15100 15220 I art     : Starting a blocking GC Explicit
08-06 11:37:48.355 15100 15220 I art     : Explicit concurrent mark sweep GC freed 3(96B) AllocSpace objects, 0(0B) LOS objects, 35% free, 28MB/44MB, paused 746us total 24.483ms
08-06 11:37:48.363 15100 15220 I art     : Starting a blocking GC Explicit
08-06 11:37:48.386 15100 15220 I art     : Explicit concurrent mark sweep GC freed 3(96B) AllocSpace objects, 0(0B) LOS objects, 35% free, 28MB/44MB, paused 751us total 23.501ms
08-06 11:37:48.679 15100 16624 I art     : Starting a blocking GC Explicit
08-06 11:37:48.715 15100 16624 I art     : Explicit concurrent mark sweep GC freed 1372(80KB) AllocSpace objects, 1(20KB) LOS objects, 35% free, 28MB/44MB, paused 860us total 34.948ms
08-06 11:37:48.727 15100 16624 I art     : Starting a blocking GC Explicit
08-06 11:37:48.753 15100 16624 I art     : Explicit concurrent mark sweep GC freed 23(752B) AllocSpace objects, 0(0B) LOS objects, 35% free, 28MB/44MB, paused 759us total 25.219ms
08-06 11:37:48.760 15100 16624 I art     : Starting a blocking GC Explicit
08-06 11:37:48.785 15100 16624 I art     : Explicit concurrent mark sweep GC freed 3(96B) AllocSpace objects, 0(0B) LOS objects, 35% free, 28MB/44MB, paused 755us total 24.182ms
08-06 11:37:48.793 15100 16624 I art     : Starting a blocking GC Explicit
08-06 11:37:48.817 15100 16624 I art     : Explicit concurrent mark sweep GC freed 3(96B) AllocSpace objects, 0(0B) LOS objects, 35% free, 28MB/44MB, paused 810us total 24.332ms
08-06 11:37:48.825 15100 16624 I art     : Starting a blocking GC Explicit
08-06 11:37:48.849 15100 16624 I art     : Explicit concurrent mark sweep GC freed 3(96B) AllocSpace objects, 0(0B) LOS objects, 35% free, 28MB/44MB, paused 728us total 23.779ms
08-06 11:37:49.178 15100 15112 I art     : Starting a blocking GC Explicit
08-06 11:37:49.212 15100 15112 I art     : Explicit concurrent mark sweep GC freed 1401(81KB) AllocSpace objects, 1(20KB) LOS objects, 35% free, 28MB/44MB, paused 856us total 33.031ms
08-06 11:37:49.223 15100 15112 I art     : Starting a blocking GC Explicit
08-06 11:37:49.248 15100 15112 I art     : Explicit concurrent mark sweep GC freed 23(752B) AllocSpace objects, 0(0B) LOS objects, 35% free, 28MB/44MB, paused 820us total 24.838ms
08-06 11:37:49.256 15100 15112 I art     : Starting a blocking GC Explicit
08-06 11:37:49.280 15100 15112 I art     : Explicit concurrent mark sweep GC freed 3(96B) AllocSpace objects, 0(0B) LOS objects, 35% free, 28MB/44MB, paused 749us total 23.692ms
08-06 11:37:49.287 15100 15112 I art     : Starting a blocking GC Explicit
08-06 11:37:49.311 15100 15112 I art     : Explicit concurrent mark sweep GC freed 3(96B) AllocSpace objects, 0(0B) LOS objects, 35% free, 28MB/44MB, paused 756us total 23.694ms
08-06 11:37:49.319 15100 15112 I art     : Starting a blocking GC Explicit
08-06 11:37:49.343 15100 15112 I art     : Explicit concurrent mark sweep GC freed 3(96B) AllocSpace objects, 0(0B) LOS objects, 35% free, 28MB/44MB, paused 783us total 24.182ms
08-06 11:37:49.666 15100 15113 I art     : Starting a blocking GC Explicit
08-06 11:37:49.695 15100 15113 I art     : Explicit concurrent mark sweep GC freed 1402(81KB) AllocSpace objects, 1(20KB) LOS objects, 35% free, 28MB/44MB, paused 772us total 28.121ms
08-06 11:37:49.703 15100 15113 I art     : Starting a blocking GC Explicit
08-06 11:37:49.724 15100 15113 I art     : Explicit concurrent mark sweep GC freed 23(752B) AllocSpace objects, 0(0B) LOS objects, 35% free, 28MB/44MB, paused 723us total 20.466ms
08-06 11:37:49.731 15100 15113 I art     : Starting a blocking GC Explicit
08-06 11:37:49.752 15100 15113 I art     : Explicit concurrent mark sweep GC freed 3(96B) AllocSpace objects, 0(0B) LOS objects, 35% free, 28MB/44MB, paused 660us total 21.082ms
08-06 11:37:49.759 15100 15113 I art     : Starting a blocking GC Explicit
08-06 11:37:49.782 15100 15113 I art     : Explicit concurrent mark sweep GC freed 3(96B) AllocSpace objects, 0(0B) LOS objects, 35% free, 28MB/44MB, paused 832us total 22.151ms
08-06 11:37:49.789 15100 15113 I art     : Starting a blocking GC Explicit
08-06 11:37:49.812 15100 15113 I art     : Explicit concurrent mark sweep GC freed 3(96B) AllocSpace objects, 0(0B) LOS objects, 35% free, 28MB/44MB, paused 797us total 23.144ms
08-06 11:37:50.130 15100 15112 I art     : Starting a blocking GC Explicit
08-06 11:37:50.165 15100 15112 I art     : Explicit concurrent mark sweep GC freed 1401(81KB) AllocSpace objects, 1(20KB) LOS objects, 35% free, 28MB/44MB, paused 863us total 34.882ms
08-06 11:37:50.176 15100 15112 I art     : Starting a blocking GC Explicit
08-06 11:37:50.201 15100 15112 I art     : Explicit concurrent mark sweep GC freed 23(752B) AllocSpace objects, 0(0B) LOS objects, 35% free, 28MB/44MB, paused 775us total 24.993ms
08-06 11:37:50.209 15100 15112 I art     : Starting a blocking GC Explicit
08-06 11:37:50.233 15100 15112 I art     : Explicit concurrent mark sweep GC freed 3(96B) AllocSpace objects, 0(0B) LOS objects, 35% free, 28MB/44MB, paused 735us total 23.762ms
08-06 11:37:50.240 15100 15112 I art     : Starting a blocking GC Explicit
08-06 11:37:50.264 15100 15112 I art     : Explicit concurrent mark sweep GC freed 3(96B) AllocSpace objects, 0(0B) LOS objects, 35% free, 28MB/44MB, paused 793us total 23.686ms
08-06 11:37:50.272 15100 15112 I art     : Starting a blocking GC Explicit
08-06 11:37:50.296 15100 15112 I art     : Explicit concurrent mark sweep GC freed 3(96B) AllocSpace objects, 0(0B) LOS objects, 35% free, 28MB/44MB, paused 774us total 24.260ms
08-06 11:37:50.630 15100 15220 I art     : Starting a blocking GC Explicit
08-06 11:37:50.665 15100 15220 I art     : Explicit concurrent mark sweep GC freed 1372(80KB) AllocSpace objects, 1(20KB) LOS objects, 35% free, 28MB/44MB, paused 857us total 35.440ms
08-06 11:37:50.676 15100 15220 I art     : Starting a blocking GC Explicit
08-06 11:37:50.701 15100 15220 I art     : Explicit concurrent mark sweep GC freed 23(752B) AllocSpace objects, 0(0B) LOS objects, 35% free, 28MB/44MB, paused 759us total 24.963ms
08-06 11:37:50.709 15100 15220 I art     : Starting a blocking GC Explicit
08-06 11:37:50.733 15100 15220 I art     : Explicit concurrent mark sweep GC freed 3(96B) AllocSpace objects, 0(0B) LOS objects, 35% free, 28MB/44MB, paused 748us total 23.438ms
08-06 11:37:50.740 15100 15220 I art     : Starting a blocking GC Explicit
08-06 11:37:50.764 15100 15220 I art     : Explicit concurrent mark sweep GC freed 3(96B) AllocSpace objects, 0(0B) LOS objects, 35% free, 28MB/44MB, paused 740us total 23.485ms
08-06 11:37:50.772 15100 15220 I art     : Starting a blocking GC Explicit
08-06 11:37:50.796 15100 15220 I art     : Explicit concurrent mark sweep GC freed 3(96B) AllocSpace objects, 0(0B) LOS objects, 35% free, 28MB/44MB, paused 747us total 23.959ms
08-06 11:37:51.119 15100 16624 I art     : Starting a blocking GC Explicit
08-06 11:37:51.152 15100 16624 I art     : Explicit concurrent mark sweep GC freed 1402(83KB) AllocSpace objects, 1(20KB) LOS objects, 35% free, 28MB/44MB, paused 837us total 32.466ms
08-06 11:37:51.163 15100 16624 I art     : Starting a blocking GC Explicit
08-06 11:37:51.188 15100 16624 I art     : Explicit concurrent mark sweep GC freed 23(752B) AllocSpace objects, 0(0B) LOS objects, 35% free, 28MB/44MB, paused 856us total 24.975ms
08-06 11:37:51.196 15100 16624 I art     : Starting a blocking GC Explicit
08-06 11:37:51.220 15100 16624 I art     : Explicit concurrent mark sweep GC freed 3(96B) AllocSpace objects, 0(0B) LOS objects, 35% free, 28MB/44MB, paused 739us total 23.895ms
08-06 11:37:51.228 15100 16624 I art     : Starting a blocking GC Explicit
08-06 11:37:51.252 15100 16624 I art     : Explicit concurrent mark sweep GC freed 3(96B) AllocSpace objects, 0(0B) LOS objects, 35% free, 28MB/44MB, paused 749us total 23.739ms
08-06 11:37:51.260 15100 16624 I art     : Starting a blocking GC Explicit
08-06 11:37:51.285 15100 16624 I art     : Explicit concurrent mark sweep GC freed 3(96B) AllocSpace objects, 0(0B) LOS objects, 35% free, 28MB/44MB, paused 824us total 24.700ms
08-06 11:37:51.543 15100 15113 I art     : Starting a blocking GC Explicit
08-06 11:37:51.567 15100 15113 I art     : Explicit concurrent mark sweep GC freed 1372(80KB) AllocSpace objects, 1(20KB) LOS objects, 35% free, 28MB/44MB, paused 789us total 23.689ms
08-06 11:37:51.575 15100 15113 I art     : Starting a blocking GC Explicit
08-06 11:37:51.599 15100 15113 I art     : Explicit concurrent mark sweep GC freed 23(752B) AllocSpace objects, 0(0B) LOS objects, 35% free, 28MB/44MB, paused 728us total 24.227ms
08-06 11:37:51.606 15100 15113 I art     : Starting a blocking GC Explicit
08-06 11:37:51.629 15100 15113 I art     : Explicit concurrent mark sweep GC freed 3(96B) AllocSpace objects, 0(0B) LOS objects, 35% free, 28MB/44MB, paused 754us total 22.451ms
08-06 11:37:51.636 15100 15113 I art     : Starting a blocking GC Explicit
08-06 11:37:51.658 15100 15113 I art     : Explicit concurrent mark sweep GC freed 3(96B) AllocSpace objects, 0(0B) LOS objects, 35% free, 28MB/44MB, paused 736us total 22.051ms
08-06 11:37:51.665 15100 15113 I art     : Starting a blocking GC Explicit
08-06 11:37:51.688 15100 15113 I art     : Explicit concurrent mark sweep GC freed 3(96B) AllocSpace objects, 0(0B) LOS objects, 35% free, 28MB/44MB, paused 760us total 22.744ms
08-06 11:37:51.707 17435 17435 D AndroidRuntime: >>>>>> START com.android.internal.os.RuntimeInit uid 2000 <<<<<<
08-06 11:37:51.711 17435 17435 D AndroidRuntime: CheckJNI is OFF
08-06 11:37:51.738 17435 17435 D ICU     : No timezone override file found: /data/misc/zoneinfo/current/icu/icu_tzdata.dat
08-06 11:37:51.762 17435 17435 I Radio-JNI: register_android_hardware_Radio DONE
08-06 11:37:51.778 17435 17435 D AndroidRuntime: Calling main entry com.android.commands.input.Input
08-06 11:37:51.780 17435 17435 I Input   : injectKeyEvent: KeyEvent { action=ACTION_DOWN, keyCode=KEYCODE_BACK, scanCode=0, metaState=0, flags=0x0, repeatCount=0, eventTime=877088193, downTime=877088193, deviceId=-1, source=0x101 }
08-06 11:37:51.786 17435 17435 I Input   : injectKeyEvent: KeyEvent { action=ACTION_UP, keyCode=KEYCODE_BACK, scanCode=0, metaState=0, flags=0x0, repeatCount=0, eventTime=877088193, downTime=877088193, deviceId=-1, source=0x101 }
08-06 11:37:51.792 17435 17435 D AndroidRuntime: Shutting down VM
08-06 11:37:51.796 15100 15100 V PlaybackController: initServiceNotRunning()
08-06 11:37:51.796 15100 15100 D ExternalPlayerFragment: Loading media info
08-06 11:37:51.800 15100 15100 D UserPreferences: Using default data folder
08-06 11:37:51.800 15100 15124 D DBReader: getNavDrawerData() called with: 
08-06 11:37:51.808 15100 15124 D DBReader: getDownloadedItems() called
08-06 11:37:51.809 15100 15124 D DBReader: getFavoriteIDList() called
08-06 11:37:51.809 15100 15124 D DBReader: getQueueIDList() called
08-06 11:37:51.810 15100 15124 D DBReader: Extracting Feedlist
08-06 11:37:51.838 15100 15100 D MainActivity: getLastNavFragment() -> AddFeedFragment
08-06 11:37:51.840 13866 13866 I GoogleInputMethodServic: GoogleInputMethodService.onFinishInput():3138 
08-06 11:37:51.840 13866 13866 I GoogleInputMethodServic: GoogleInputMethodService.onStartInput():1808 
08-06 11:37:51.917 15100 16624 I art     : Starting a blocking GC Explicit
08-06 11:37:51.941 15100 16624 I art     : Explicit concurrent mark sweep GC freed 2484(153KB) AllocSpace objects, 1(20KB) LOS objects, 35% free, 28MB/44MB, paused 673us total 23.296ms
08-06 11:37:51.949 15100 16624 I art     : Starting a blocking GC Explicit
08-06 11:37:51.978 15100 16624 I art     : Explicit concurrent mark sweep GC freed 478(24KB) AllocSpace objects, 0(0B) LOS objects, 35% free, 28MB/44MB, paused 805us total 29.553ms
08-06 11:37:51.989 15100 16624 I art     : Starting a blocking GC Explicit
08-06 11:37:52.020 15100 16624 I art     : Explicit concurrent mark sweep GC freed 3(96B) AllocSpace objects, 0(0B) LOS objects, 35% free, 28MB/44MB, paused 1.052ms total 30.220ms
08-06 11:37:52.030 15100 16624 I art     : Starting a blocking GC Explicit
08-06 11:37:52.062 15100 16624 I art     : Explicit concurrent mark sweep GC freed 3(96B) AllocSpace objects, 0(0B) LOS objects, 35% free, 28MB/44MB, paused 856us total 31.517ms
08-06 11:37:52.073 15100 16624 I art     : Starting a blocking GC Explicit
08-06 11:37:52.104 15100 16624 I art     : Explicit concurrent mark sweep GC freed 3(96B) AllocSpace objects, 0(0B) LOS objects, 35% free, 28MB/44MB, paused 929us total 30.068ms
08-06 11:37:52.130   380   380 W SurfaceFlinger: couldn't log to binary event log: overflow.
08-06 11:37:52.398 15100 15113 I art     : Starting a blocking GC Explicit
08-06 11:37:52.433 15100 15113 I art     : Explicit concurrent mark sweep GC freed 1970(105KB) AllocSpace objects, 1(20KB) LOS objects, 35% free, 28MB/44MB, paused 833us total 34.330ms
08-06 11:37:52.444 15100 15113 I art     : Starting a blocking GC Explicit
08-06 11:37:52.469 15100 15113 I art     : Explicit concurrent mark sweep GC freed 2457(152KB) AllocSpace objects, 1(28KB) LOS objects, 35% free, 28MB/44MB, paused 782us total 24.224ms
08-06 11:37:52.477 15100 15113 I art     : Starting a blocking GC Explicit
08-06 11:37:52.500 15100 15113 I art     : Explicit concurrent mark sweep GC freed 3(96B) AllocSpace objects, 0(0B) LOS objects, 35% free, 28MB/44MB, paused 892us total 23.190ms
08-06 11:37:52.504 14957 14957 I ServiceManager: Waiting for service AtCmdFwd...
08-06 11:37:52.508 15100 15113 I art     : Starting a blocking GC Explicit
08-06 11:37:52.531 15100 15113 I art     : Explicit concurrent mark sweep GC freed 3(96B) AllocSpace objects, 0(0B) LOS objects, 35% free, 28MB/44MB, paused 748us total 22.514ms
08-06 11:37:52.538 15100 15113 I art     : Starting a blocking GC Explicit
08-06 11:37:52.561 15100 15113 I art     : Explicit concurrent mark sweep GC freed 3(96B) AllocSpace objects, 0(0B) LOS objects, 35% free, 28MB/44MB, paused 750us total 22.613ms
08-06 11:37:52.854 15100 15220 I art     : Starting a blocking GC Explicit
08-06 11:37:52.891 15100 15220 I art     : Explicit concurrent mark sweep GC freed 1374(82KB) AllocSpace objects, 1(20KB) LOS objects, 35% free, 28MB/44MB, paused 842us total 36.101ms
08-06 11:37:52.904 15100 15220 I art     : Starting a blocking GC Explicit
08-06 11:37:52.928 15100 15220 I art     : Explicit concurrent mark sweep GC freed 23(752B) AllocSpace objects, 0(0B) LOS objects, 35% free, 28MB/44MB, paused 789us total 23.394ms
08-06 11:37:52.936 15100 15220 I art     : Starting a blocking GC Explicit
08-06 11:37:52.960 15100 15220 I art     : Explicit concurrent mark sweep GC freed 3(96B) AllocSpace objects, 0(0B) LOS objects, 35% free, 28MB/44MB, paused 746us total 23.609ms
08-06 11:37:52.967 15100 15220 I art     : Starting a blocking GC Explicit
08-06 11:37:52.990 15100 15220 I art     : Explicit concurrent mark sweep GC freed 32(880B) AllocSpace objects, 0(0B) LOS objects, 35% free, 28MB/44MB, paused 754us total 22.893ms
08-06 11:37:52.999 15100 15220 I art     : Starting a blocking GC Explicit
08-06 11:37:53.021 15100 15220 I art     : Explicit concurrent mark sweep GC freed 3(96B) AllocSpace objects, 0(0B) LOS objects, 35% free, 28MB/44MB, paused 697us total 22.189ms
08-06 11:37:53.271 15100 17470 I art     : Starting a blocking GC Explicit
08-06 11:37:53.295 15100 17470 I art     : Explicit concurrent mark sweep GC freed 1373(80KB) AllocSpace objects, 1(20KB) LOS objects, 35% free, 28MB/44MB, paused 777us total 23.478ms
08-06 11:37:53.303 15100 17470 I art     : Starting a blocking GC Explicit
08-06 11:37:53.325 15100 17470 I art     : Explicit concurrent mark sweep GC freed 23(752B) AllocSpace objects, 0(0B) LOS objects, 35% free, 28MB/44MB, paused 750us total 21.805ms
08-06 11:37:53.333 15100 17470 I art     : Starting a blocking GC Explicit
08-06 11:37:53.344 17493 17493 D AndroidRuntime: >>>>>> START com.android.internal.os.RuntimeInit uid 2000 <<<<<<
08-06 11:37:53.348 17493 17493 D AndroidRuntime: CheckJNI is OFF
08-06 11:37:53.355 15100 17470 I art     : Explicit concurrent mark sweep GC freed 3(96B) AllocSpace objects, 0(0B) LOS objects, 35% free, 28MB/44MB, paused 756us total 22.234ms
08-06 11:37:53.362 15100 17470 I art     : Starting a blocking GC Explicit
08-06 11:37:53.377 17493 17493 D ICU     : No timezone override file found: /data/misc/zoneinfo/current/icu/icu_tzdata.dat
08-06 11:37:53.384 15100 17470 I art     : Explicit concurrent mark sweep GC freed 3(96B) AllocSpace objects, 0(0B) LOS objects, 35% free, 28MB/44MB, paused 873us total 21.795ms
08-06 11:37:53.391 15100 17470 I art     : Starting a blocking GC Explicit
08-06 11:37:53.402 17493 17493 I Radio-JNI: register_android_hardware_Radio DONE
08-06 11:37:53.411 15100 17470 I art     : Explicit concurrent mark sweep GC freed 3(96B) AllocSpace objects, 0(0B) LOS objects, 35% free, 28MB/44MB, paused 698us total 20.020ms
08-06 11:37:53.418 17493 17493 D AndroidRuntime: Calling main entry com.android.commands.input.Input
08-06 11:37:53.419 17493 17493 I Input   : injectKeyEvent: KeyEvent { action=ACTION_DOWN, keyCode=KEYCODE_BACK, scanCode=0, metaState=0, flags=0x0, repeatCount=0, eventTime=877089832, downTime=877089832, deviceId=-1, source=0x101 }
08-06 11:37:53.425 17493 17493 I Input   : injectKeyEvent: KeyEvent { action=ACTION_UP, keyCode=KEYCODE_BACK, scanCode=0, metaState=0, flags=0x0, repeatCount=0, eventTime=877089832, downTime=877089832, deviceId=-1, source=0x101 }
08-06 11:37:53.432 13866 13866 I GoogleInputMethodServic: GoogleInputMethodService.onFinishInput():3138 
08-06 11:37:53.433 13866 13866 I GoogleInputMethodServic: GoogleInputMethodService.onStartInput():1808 
08-06 11:37:53.436 17493 17493 D AndroidRuntime: Shutting down VM
08-06 11:37:53.505 14957 14957 I ServiceManager: Waiting for service AtCmdFwd...
08-06 11:37:53.645 15100 15113 I art     : Starting a blocking GC Explicit
08-06 11:37:53.672 15100 15113 I art     : Explicit concurrent mark sweep GC freed 2575(129KB) AllocSpace objects, 1(20KB) LOS objects, 35% free, 28MB/44MB, paused 822us total 27.092ms
08-06 11:37:53.684 15100 15113 I art     : Starting a blocking GC Explicit
08-06 11:37:53.708 15100 15113 I art     : Explicit concurrent mark sweep GC freed 2648(177KB) AllocSpace objects, 9(1540KB) LOS objects, 37% free, 26MB/42MB, paused 896us total 24.457ms
08-06 11:37:53.717 15100 15113 I art     : Starting a blocking GC Explicit
08-06 11:37:53.740 15100 15113 I art     : Explicit concurrent mark sweep GC freed 3(96B) AllocSpace objects, 0(0B) LOS objects, 37% free, 26MB/42MB, paused 785us total 22.921ms
08-06 11:37:53.748 15100 15113 I art     : Starting a blocking GC Explicit
08-06 11:37:53.771 15100 15113 I art     : Explicit concurrent mark sweep GC freed 3(96B) AllocSpace objects, 0(0B) LOS objects, 37% free, 26MB/42MB, paused 779us total 23.366ms
08-06 11:37:53.779 15100 15113 I art     : Starting a blocking GC Explicit
08-06 11:37:53.803 15100 15113 I art     : Explicit concurrent mark sweep GC freed 3(96B) AllocSpace objects, 0(0B) LOS objects, 37% free, 26MB/42MB, paused 876us total 23.564ms
08-06 11:37:54.101 15100 15220 I art     : Starting a blocking GC Explicit
08-06 11:37:54.133 15100 15220 I art     : Explicit concurrent mark sweep GC freed 1402(82KB) AllocSpace objects, 1(20KB) LOS objects, 37% free, 26MB/42MB, paused 841us total 31.591ms
08-06 11:37:54.143 15100 15220 I art     : Starting a blocking GC Explicit
08-06 11:37:54.167 15100 15220 I art     : Explicit concurrent mark sweep GC freed 23(752B) AllocSpace objects, 0(0B) LOS objects, 37% free, 26MB/42MB, paused 833us total 23.972ms
08-06 11:37:54.175 15100 15220 I art     : Starting a blocking GC Explicit
08-06 11:37:54.197 15100 15220 I art     : Explicit concurrent mark sweep GC freed 3(96B) AllocSpace objects, 0(0B) LOS objects, 37% free, 26MB/42MB, paused 793us total 22.012ms
08-06 11:37:54.204 15100 15220 I art     : Starting a blocking GC Explicit
08-06 11:37:54.226 15100 15220 I art     : Explicit concurrent mark sweep GC freed 3(96B) AllocSpace objects, 0(0B) LOS objects, 37% free, 26MB/42MB, paused 749us total 21.885ms
08-06 11:37:54.233 15100 15220 I art     : Starting a blocking GC Explicit
08-06 11:37:54.256 15100 15220 I art     : Explicit concurrent mark sweep GC freed 3(96B) AllocSpace objects, 0(0B) LOS objects, 37% free, 26MB/42MB, paused 758us total 22.390ms
08-06 11:37:54.505 14957 14957 I ServiceManager: Waiting for service AtCmdFwd...
08-06 11:37:54.560 15100 17470 I art     : Starting a blocking GC Explicit
08-06 11:37:54.594 15100 17470 I art     : Explicit concurrent mark sweep GC freed 1373(81KB) AllocSpace objects, 1(20KB) LOS objects, 37% free, 26MB/42MB, paused 760us total 34.500ms
08-06 11:37:54.604 15100 17470 I art     : Starting a blocking GC Explicit
08-06 11:37:54.628 15100 17470 I art     : Explicit concurrent mark sweep GC freed 23(752B) AllocSpace objects, 0(0B) LOS objects, 37% free, 26MB/42MB, paused 818us total 23.591ms
08-06 11:37:54.636 15100 17470 I art     : Starting a blocking GC Explicit
08-06 11:37:54.658 15100 17470 I art     : Explicit concurrent mark sweep GC freed 3(96B) AllocSpace objects, 0(0B) LOS objects, 37% free, 26MB/42MB, paused 669us total 22.364ms
08-06 11:37:54.665 15100 17470 I art     : Starting a blocking GC Explicit
08-06 11:37:54.687 15100 17470 I art     : Explicit concurrent mark sweep GC freed 3(96B) AllocSpace objects, 0(0B) LOS objects, 37% free, 26MB/42MB, paused 966us total 21.576ms
08-06 11:37:54.695 15100 17470 I art     : Starting a blocking GC Explicit
08-06 11:37:54.716 15100 17470 I art     : Explicit concurrent mark sweep GC freed 3(96B) AllocSpace objects, 0(0B) LOS objects, 37% free, 26MB/42MB, paused 740us total 21.445ms
08-06 11:37:54.982 17547 17547 D AndroidRuntime: >>>>>> START com.android.internal.os.RuntimeInit uid 2000 <<<<<<
08-06 11:37:54.983 15100 15112 I art     : Starting a blocking GC Explicit
08-06 11:37:54.986 17547 17547 D AndroidRuntime: CheckJNI is OFF
08-06 11:37:55.006 15100 15112 I art     : Explicit concurrent mark sweep GC freed 1401(83KB) AllocSpace objects, 1(20KB) LOS objects, 37% free, 26MB/42MB, paused 821us total 23.172ms
08-06 11:37:55.014 15100 15112 I art     : Starting a blocking GC Explicit
08-06 11:37:55.017 17547 17547 D ICU     : No timezone override file found: /data/misc/zoneinfo/current/icu/icu_tzdata.dat
08-06 11:37:55.036 15100 15112 I art     : Explicit concurrent mark sweep GC freed 23(752B) AllocSpace objects, 0(0B) LOS objects, 37% free, 26MB/42MB, paused 758us total 21.238ms
08-06 11:37:55.042 17547 17547 I Radio-JNI: register_android_hardware_Radio DONE
08-06 11:37:55.043 15100 15112 I art     : Starting a blocking GC Explicit
08-06 11:37:55.060 17547 17547 D AndroidRuntime: Calling main entry com.android.commands.input.Input
08-06 11:37:55.062 17547 17547 I Input   : injectMotionEvent: MotionEvent { action=ACTION_DOWN, actionButton=0, id[0]=0, x[0]=103.0, y[0]=192.0, toolType[0]=TOOL_TYPE_UNKNOWN, buttonState=0, metaState=0, flags=0x0, edgeFlags=0x0, pointerCount=1, historySize=0, eventTime=877091475, downTime=877091475, deviceId=0, source=0x1002 }
08-06 11:37:55.064 15100 15112 I art     : Explicit concurrent mark sweep GC freed 5(160B) AllocSpace objects, 0(0B) LOS objects, 37% free, 26MB/42MB, paused 895us total 21.078ms
08-06 11:37:55.068 17547 17547 I Input   : injectMotionEvent: MotionEvent { action=ACTION_UP, actionButton=0, id[0]=0, x[0]=103.0, y[0]=192.0, toolType[0]=TOOL_TYPE_UNKNOWN, buttonState=0, metaState=0, flags=0x0, edgeFlags=0x0, pointerCount=1, historySize=0, eventTime=877091475, downTime=877091475, deviceId=0, source=0x1002 }
08-06 11:37:55.071 15100 15112 I art     : Starting a blocking GC Explicit
08-06 11:37:55.074 17547 17547 D AndroidRuntime: Shutting down VM
08-06 11:37:55.088   512  2967 D audio_hw_primary: out_set_parameters: enter: usecase(1: low-latency-playback) kvpairs: routing=2
08-06 11:37:55.095 15100 15112 I art     : Explicit concurrent mark sweep GC freed 30(960B) AllocSpace objects, 0(0B) LOS objects, 37% free, 26MB/42MB, paused 774us total 23.640ms
08-06 11:37:55.101   512  2967 D audio_hw_primary: select_devices: out_snd_device(2: speaker) in_snd_device(0: none)
08-06 11:37:55.101   512  2967 D msm8974_platform: platform_send_audio_calibration: sending audio calibration for snd_device(2) acdb_id(15)
08-06 11:37:55.101   512  2967 I soundtrigger: audio_extn_sound_trigger_update_device_status: device 0x2 of type 0 for Event 1
08-06 11:37:55.102 15100 15112 I art     : Starting a blocking GC Explicit
08-06 11:37:55.110   512  2967 D audio_hw_primary: enable_snd_device: snd_device(2: speaker)
08-06 11:37:55.111   512  2967 D audio_hw_primary: enable_audio_route: apply and update mixer path: low-latency-playback speaker
08-06 11:37:55.128 15100 15112 I art     : Explicit concurrent mark sweep GC freed 199(7KB) AllocSpace objects, 0(0B) LOS objects, 37% free, 26MB/42MB, paused 1.071ms total 26.094ms
08-06 11:37:55.130 13866 13866 I GoogleInputMethodServic: GoogleInputMethodService.onFinishInput():3138 
08-06 11:37:55.131 13866 13866 I GoogleInputMethodServic: GoogleInputMethodService.onStartInput():1808 
08-06 11:37:55.378 15100 15113 I art     : Starting a blocking GC Explicit
08-06 11:37:55.403 15100 15113 I art     : Explicit concurrent mark sweep GC freed 1799(102KB) AllocSpace objects, 1(20KB) LOS objects, 37% free, 26MB/42MB, paused 1.023ms total 25.065ms
08-06 11:37:55.413 15100 15113 I art     : Starting a blocking GC Explicit
08-06 11:37:55.437 15100 15113 I art     : Explicit concurrent mark sweep GC freed 80(4KB) AllocSpace objects, 0(0B) LOS objects, 37% free, 26MB/42MB, paused 842us total 23.746ms
08-06 11:37:55.444 15100 15113 I art     : Starting a blocking GC Explicit
08-06 11:37:55.465 15100 15113 I art     : Explicit concurrent mark sweep GC freed 9(288B) AllocSpace objects, 0(0B) LOS objects, 37% free, 26MB/42MB, paused 770us total 21.223ms
08-06 11:37:55.473 15100 15113 I art     : Starting a blocking GC Explicit
08-06 11:37:55.494 15100 15113 I art     : Explicit concurrent mark sweep GC freed 3(96B) AllocSpace objects, 0(0B) LOS objects, 37% free, 26MB/42MB, paused 687us total 21.315ms
08-06 11:37:55.501 15100 15113 I art     : Starting a blocking GC Explicit
08-06 11:37:55.506 14957 14957 I ServiceManager: Waiting for service AtCmdFwd...
08-06 11:37:55.522 15100 15113 I art     : Explicit concurrent mark sweep GC freed 6(224B) AllocSpace objects, 0(0B) LOS objects, 37% free, 26MB/42MB, paused 672us total 21.010ms
08-06 11:37:55.649   512  2967 D audio_hw_primary: disable_audio_route: reset and update mixer path: low-latency-playback speaker
08-06 11:37:55.652   512  2967 D audio_hw_primary: disable_snd_device: snd_device(2: speaker)
08-06 11:37:55.662   512  2967 I soundtrigger: audio_extn_sound_trigger_update_device_status: device 0x2 of type 0 for Event 0
08-06 11:37:55.814 15100 15220 I art     : Starting a blocking GC Explicit
08-06 11:37:55.839 15100 15220 I art     : Explicit concurrent mark sweep GC freed 1373(80KB) AllocSpace objects, 1(20KB) LOS objects, 37% free, 26MB/42MB, paused 776us total 25.176ms
08-06 11:37:55.847 15100 15220 I art     : Starting a blocking GC Explicit
08-06 11:37:55.870 15100 15220 I art     : Explicit concurrent mark sweep GC freed 25(816B) AllocSpace objects, 0(0B) LOS objects, 37% free, 26MB/42MB, paused 743us total 23.325ms
08-06 11:37:55.878 15100 15220 I art     : Starting a blocking GC Explicit
08-06 11:37:55.901 15100 15220 I art     : Explicit concurrent mark sweep GC freed 3(96B) AllocSpace objects, 0(0B) LOS objects, 37% free, 26MB/42MB, paused 762us total 22.369ms
08-06 11:37:55.908 15100 15220 I art     : Starting a blocking GC Explicit
08-06 11:37:55.930 15100 15220 I art     : Explicit concurrent mark sweep GC freed 3(96B) AllocSpace objects, 0(0B) LOS objects, 37% free, 26MB/42MB, paused 746us total 22.179ms
08-06 11:37:55.938 15100 15220 I art     : Starting a blocking GC Explicit
08-06 11:37:55.960 15100 15220 I art     : Explicit concurrent mark sweep GC freed 3(96B) AllocSpace objects, 0(0B) LOS objects, 37% free, 26MB/42MB, paused 734us total 22.021ms
08-06 11:37:56.259 15100 15112 I art     : Starting a blocking GC Explicit
08-06 11:37:56.290 15100 15112 I art     : Explicit concurrent mark sweep GC freed 1400(81KB) AllocSpace objects, 1(20KB) LOS objects, 37% free, 26MB/42MB, paused 848us total 30.913ms
08-06 11:37:56.303 15100 15112 I art     : Starting a blocking GC Explicit
08-06 11:37:56.325 15100 15112 I art     : Explicit concurrent mark sweep GC freed 23(752B) AllocSpace objects, 0(0B) LOS objects, 37% free, 26MB/42MB, paused 789us total 22.031ms
08-06 11:37:56.333 15100 15112 I art     : Starting a blocking GC Explicit
08-06 11:37:56.354 15100 15112 I art     : Explicit concurrent mark sweep GC freed 3(96B) AllocSpace objects, 0(0B) LOS objects, 37% free, 26MB/42MB, paused 708us total 20.691ms
08-06 11:37:56.360 15100 15112 I art     : Starting a blocking GC Explicit
08-06 11:37:56.380 15100 15112 I art     : Explicit concurrent mark sweep GC freed 3(96B) AllocSpace objects, 0(0B) LOS objects, 37% free, 26MB/42MB, paused 702us total 19.498ms
08-06 11:37:56.387 15100 15112 I art     : Starting a blocking GC Explicit
08-06 11:37:56.406 15100 15112 I art     : Explicit concurrent mark sweep GC freed 3(96B) AllocSpace objects, 0(0B) LOS objects, 37% free, 26MB/42MB, paused 704us total 19.568ms
08-06 11:37:56.506 14957 14957 I ServiceManager: Waiting for service AtCmdFwd...
08-06 11:37:56.619 17602 17602 D AndroidRuntime: >>>>>> START com.android.internal.os.RuntimeInit uid 2000 <<<<<<
08-06 11:37:56.624 17602 17602 D AndroidRuntime: CheckJNI is OFF
08-06 11:37:56.651 17602 17602 D ICU     : No timezone override file found: /data/misc/zoneinfo/current/icu/icu_tzdata.dat
08-06 11:37:56.673 15100 16624 I art     : Starting a blocking GC Explicit
08-06 11:37:56.678 17602 17602 I Radio-JNI: register_android_hardware_Radio DONE
08-06 11:37:56.695 17602 17602 D AndroidRuntime: Calling main entry com.android.commands.input.Input
08-06 11:37:56.696 15100 16624 I art     : Explicit concurrent mark sweep GC freed 1371(80KB) AllocSpace objects, 1(20KB) LOS objects, 37% free, 26MB/42MB, paused 827us total 23.114ms
08-06 11:37:56.697 17602 17602 I Input   : injectMotionEvent: MotionEvent { action=ACTION_DOWN, actionButton=0, id[0]=0, x[0]=625.0, y[0]=1248.0, toolType[0]=TOOL_TYPE_UNKNOWN, buttonState=0, metaState=0, flags=0x0, edgeFlags=0x0, pointerCount=1, historySize=0, eventTime=877093109, downTime=877093109, deviceId=0, source=0x1002 }
08-06 11:37:56.701 17602 17602 I Input   : injectMotionEvent: MotionEvent { action=ACTION_UP, actionButton=0, id[0]=0, x[0]=625.0, y[0]=1248.0, toolType[0]=TOOL_TYPE_UNKNOWN, buttonState=0, metaState=0, flags=0x0, edgeFlags=0x0, pointerCount=1, historySize=0, eventTime=877093109, downTime=877093109, deviceId=0, source=0x1002 }
08-06 11:37:56.703 17602 17602 D AndroidRuntime: Shutting down VM
08-06 11:37:56.704 15100 16624 I art     : Starting a blocking GC Explicit
08-06 11:37:56.728 15100 16624 I art     : Explicit concurrent mark sweep GC freed 64(2144B) AllocSpace objects, 0(0B) LOS objects, 37% free, 26MB/42MB, paused 810us total 24.298ms
08-06 11:37:56.735 15100 16624 I art     : Starting a blocking GC Explicit
08-06 11:37:56.755 15100 16624 I art     : Explicit concurrent mark sweep GC freed 18(576B) AllocSpace objects, 0(0B) LOS objects, 37% free, 26MB/42MB, paused 848us total 19.868ms
08-06 11:37:56.762 15100 16624 I art     : Starting a blocking GC Explicit
08-06 11:37:56.771 15100 15100 D MainActivity: loadFragment(index: 7, args: null)
08-06 11:37:56.772 15100 15100 D MainActivity: saveLastNavFragment(tag: 2)
08-06 11:37:56.772   512  2967 D audio_hw_primary: out_set_parameters: enter: usecase(1: low-latency-playback) kvpairs: routing=2
08-06 11:37:56.773 15100 15100 D MainActivity: getLastNavFragment() -> 2
08-06 11:37:56.785 15100 16624 I art     : Explicit concurrent mark sweep GC freed 93(16KB) AllocSpace objects, 1(20KB) LOS objects, 37% free, 26MB/42MB, paused 804us total 22.800ms
08-06 11:37:56.785   512  2967 D audio_hw_primary: select_devices: out_snd_device(2: speaker) in_snd_device(0: none)
08-06 11:37:56.785   512  2967 D msm8974_platform: platform_send_audio_calibration: sending audio calibration for snd_device(2) acdb_id(15)
08-06 11:37:56.785   512  2967 I soundtrigger: audio_extn_sound_trigger_update_device_status: device 0x2 of type 0 for Event 1
08-06 11:37:56.792 15100 16624 I art     : Starting a blocking GC Explicit
08-06 11:37:56.794   512  2967 D audio_hw_primary: enable_snd_device: snd_device(2: speaker)
08-06 11:37:56.796   512  2967 D audio_hw_primary: enable_audio_route: apply and update mixer path: low-latency-playback speaker
08-06 11:37:56.805 15100 15100 D ItemlistFragment: onEventMainThread() called with: event = [DownloadEvent{update=DownloaderUpdate{downloaders=[], feedIds=[], mediaIds=[]}}]
08-06 11:37:56.806 15100 15120 D DBReader: getFeed() called with: feedId = [2]
08-06 11:37:56.807 15100 15120 D DBReader: getFeedItemList() called with: feed = [baseline.de.danoeh.antennapod.core.feed.Feed@2]
08-06 11:37:56.817 15100 16624 I art     : Explicit concurrent mark sweep GC freed 2272(109KB) AllocSpace objects, 0(0B) LOS objects, 37% free, 27MB/43MB, paused 941us total 24.105ms
08-06 11:37:56.862 15100 15120 W PodDBAdapter: Length of id array is larger than 800. Creating multiple cursors
08-06 11:37:56.913 15100 15120 D DBReader: getFavoriteIDList() called
08-06 11:37:56.914 15100 15120 D DBReader: getQueueIDList() called
08-06 11:37:56.915 15100 15120 D DBReader: Extracting Feedlist
08-06 11:37:56.946 15100 15100 D FeedMenuHandler: Preparing options menu
08-06 11:37:56.995 15100 16048 D ApOkHttpUrlLoader: buildLoadData() called with: model = [http://static.libsyn.com/p/assets/7/1/f/3/71f3014e14ef2722/JREiTunesImage2.jpg], width = [1440], height = [462]
08-06 11:37:57.055 15100 17470 I art     : Starting a blocking GC Explicit
08-06 11:37:57.085 15100 17470 I art     : Explicit concurrent mark sweep GC freed 15825(720KB) AllocSpace objects, 3(52KB) LOS objects, 29% free, 37MB/53MB, paused 877us total 29.654ms
08-06 11:37:57.094 15100 17470 I art     : Starting a blocking GC Explicit
08-06 11:37:57.097 15100 15121 V RenderScript: 0x7f7c14c000 Launching thread(s), CPUs 8
08-06 11:37:57.123 15100 17470 I art     : Explicit concurrent mark sweep GC freed 2539(156KB) AllocSpace objects, 5(216KB) LOS objects, 29% free, 37MB/53MB, paused 880us total 28.938ms
08-06 11:37:57.131 15100 17470 I art     : Starting a blocking GC Explicit
08-06 11:37:57.157 15100 17470 I art     : Explicit concurrent mark sweep GC freed 42(1696B) AllocSpace objects, 0(0B) LOS objects, 29% free, 37MB/53MB, paused 867us total 25.869ms
08-06 11:37:57.166 15100 17470 I art     : Starting a blocking GC Explicit
08-06 11:37:57.192 15100 17470 I art     : Explicit concurrent mark sweep GC freed 58(2016B) AllocSpace objects, 0(0B) LOS objects, 29% free, 37MB/53MB, paused 807us total 25.729ms
08-06 11:37:57.200 15100 17470 I art     : Starting a blocking GC Explicit
08-06 11:37:57.211 13866 13866 I GoogleInputMethodServic: GoogleInputMethodService.onFinishInput():3138 
08-06 11:37:57.212 13866 13866 I GoogleInputMethodServic: GoogleInputMethodService.onStartInput():1808 
08-06 11:37:57.227 15100 17470 I art     : Explicit concurrent mark sweep GC freed 203(8KB) AllocSpace objects, 0(0B) LOS objects, 29% free, 37MB/53MB, paused 984us total 27.178ms
08-06 11:37:57.329   512  2967 D audio_hw_primary: disable_audio_route: reset and update mixer path: low-latency-playback speaker
08-06 11:37:57.330   512  2967 D audio_hw_primary: disable_snd_device: snd_device(2: speaker)
08-06 11:37:57.339   512  2967 I soundtrigger: audio_extn_sound_trigger_update_device_status: device 0x2 of type 0 for Event 0
08-06 11:37:57.507 14957 14957 W Atfwd_Sendcmd: AtCmdFwd service not published, waiting... retryCnt : 1
08-06 11:37:57.540 15100 15220 I art     : Starting a blocking GC Explicit
08-06 11:37:57.575 15100 15220 I art     : Explicit concurrent mark sweep GC freed 1471(86KB) AllocSpace objects, 1(20KB) LOS objects, 29% free, 37MB/53MB, paused 691us total 34.523ms
08-06 11:37:57.585 15100 15220 I art     : Starting a blocking GC Explicit
08-06 11:37:57.615 15100 15220 I art     : Explicit concurrent mark sweep GC freed 59(1984B) AllocSpace objects, 0(0B) LOS objects, 29% free, 37MB/53MB, paused 693us total 29.812ms
08-06 11:37:57.624 15100 15220 I art     : Starting a blocking GC Explicit
08-06 11:37:57.653 15100 15220 I art     : Explicit concurrent mark sweep GC freed 5(160B) AllocSpace objects, 0(0B) LOS objects, 29% free, 37MB/53MB, paused 863us total 28.798ms
08-06 11:37:57.662 15100 15220 I art     : Starting a blocking GC Explicit
08-06 11:37:57.691 15100 15220 I art     : Explicit concurrent mark sweep GC freed 3(96B) AllocSpace objects, 0(0B) LOS objects, 29% free, 37MB/53MB, paused 759us total 29.403ms
08-06 11:37:57.700 15100 15220 I art     : Starting a blocking GC Explicit
08-06 11:37:57.730 15100 15220 I art     : Explicit concurrent mark sweep GC freed 3(96B) AllocSpace objects, 0(0B) LOS objects, 29% free, 37MB/53MB, paused 774us total 29.637ms
08-06 11:37:58.031 15100 15113 I art     : Starting a blocking GC Explicit
08-06 11:37:58.073 15100 15113 I art     : Explicit concurrent mark sweep GC freed 1401(81KB) AllocSpace objects, 1(20KB) LOS objects, 29% free, 37MB/53MB, paused 855us total 41.538ms
08-06 11:37:58.086 15100 15113 I art     : Starting a blocking GC Explicit
08-06 11:37:58.118 15100 15113 I art     : Explicit concurrent mark sweep GC freed 23(752B) AllocSpace objects, 0(0B) LOS objects, 29% free, 37MB/53MB, paused 815us total 31.540ms
08-06 11:37:58.128 15100 15113 I art     : Starting a blocking GC Explicit
08-06 11:37:58.158 15100 15113 I art     : Explicit concurrent mark sweep GC freed 3(96B) AllocSpace objects, 0(0B) LOS objects, 29% free, 37MB/53MB, paused 810us total 29.740ms
08-06 11:37:58.167 15100 15113 I art     : Starting a blocking GC Explicit
08-06 11:37:58.197 15100 15113 I art     : Explicit concurrent mark sweep GC freed 3(96B) AllocSpace objects, 0(0B) LOS objects, 29% free, 37MB/53MB, paused 840us total 30.318ms
08-06 11:37:58.206 15100 15113 I art     : Starting a blocking GC Explicit
08-06 11:37:58.237 15100 15113 I art     : Explicit concurrent mark sweep GC freed 3(96B) AllocSpace objects, 0(0B) LOS objects, 29% free, 37MB/53MB, paused 757us total 30.134ms
08-06 11:37:58.543 15100 16624 I art     : Starting a blocking GC Explicit
08-06 11:37:58.586 15100 16624 I art     : Explicit concurrent mark sweep GC freed 1377(80KB) AllocSpace objects, 1(20KB) LOS objects, 29% free, 37MB/53MB, paused 691us total 43.227ms
08-06 11:37:58.594 15100 16624 I art     : Starting a blocking GC Explicit
08-06 11:37:58.621 15100 16624 I art     : Explicit concurrent mark sweep GC freed 28(912B) AllocSpace objects, 0(0B) LOS objects, 29% free, 37MB/53MB, paused 737us total 26.644ms
08-06 11:37:58.629 15100 16624 I art     : Starting a blocking GC Explicit
08-06 11:37:58.656 15100 16624 I art     : Explicit concurrent mark sweep GC freed 7(224B) AllocSpace objects, 0(0B) LOS objects, 29% free, 37MB/53MB, paused 638us total 26.884ms
08-06 11:37:58.665 15100 16624 I art     : Starting a blocking GC Explicit
08-06 11:37:58.691 15100 16624 I art     : Explicit concurrent mark sweep GC freed 7(224B) AllocSpace objects, 0(0B) LOS objects, 29% free, 37MB/53MB, paused 795us total 26.153ms
08-06 11:37:58.699 15100 16624 I art     : Starting a blocking GC Explicit
08-06 11:37:58.726 15100 16624 I art     : Explicit concurrent mark sweep GC freed 7(224B) AllocSpace objects, 0(0B) LOS objects, 29% free, 37MB/53MB, paused 769us total 26.706ms
08-06 11:37:59.033 15100 15220 I art     : Starting a blocking GC Explicit
08-06 11:37:59.074 15100 15220 I art     : Explicit concurrent mark sweep GC freed 2111(103KB) AllocSpace objects, 1(20KB) LOS objects, 29% free, 37MB/53MB, paused 856us total 41.188ms
08-06 11:37:59.086 15100 15220 I art     : Starting a blocking GC Explicit
08-06 11:37:59.119 15100 15220 I art     : Explicit concurrent mark sweep GC freed 23(752B) AllocSpace objects, 0(0B) LOS objects, 29% free, 37MB/53MB, paused 895us total 31.893ms
08-06 11:37:59.128 15100 15220 I art     : Starting a blocking GC Explicit
08-06 11:37:59.159 15100 15220 I art     : Explicit concurrent mark sweep GC freed 3(96B) AllocSpace objects, 0(0B) LOS objects, 29% free, 37MB/53MB, paused 787us total 30.658ms
08-06 11:37:59.168 15100 15220 I art     : Starting a blocking GC Explicit
08-06 11:37:59.198 15100 15220 I art     : Explicit concurrent mark sweep GC freed 3(96B) AllocSpace objects, 0(0B) LOS objects, 29% free, 37MB/53MB, paused 784us total 29.369ms
08-06 11:37:59.206 15100 15220 I art     : Starting a blocking GC Explicit
08-06 11:37:59.236 15100 15220 I art     : Explicit concurrent mark sweep GC freed 3(96B) AllocSpace objects, 0(0B) LOS objects, 29% free, 37MB/53MB, paused 747us total 29.796ms
08-06 11:37:59.550 15100 15113 I art     : Starting a blocking GC Explicit
08-06 11:37:59.592 15100 15113 I art     : Explicit concurrent mark sweep GC freed 2260(112KB) AllocSpace objects, 1(20KB) LOS objects, 29% free, 37MB/53MB, paused 855us total 41.227ms
08-06 11:37:59.605 15100 15113 I art     : Starting a blocking GC Explicit
08-06 11:37:59.636 15100 15113 I art     : Explicit concurrent mark sweep GC freed 23(752B) AllocSpace objects, 0(0B) LOS objects, 29% free, 37MB/53MB, paused 765us total 31.551ms
08-06 11:37:59.645 15100 15113 I art     : Starting a blocking GC Explicit
08-06 11:37:59.676 15100 15113 I art     : Explicit concurrent mark sweep GC freed 3(96B) AllocSpace objects, 0(0B) LOS objects, 29% free, 37MB/53MB, paused 763us total 30.708ms
08-06 11:37:59.685 15100 15113 I art     : Starting a blocking GC Explicit
08-06 11:37:59.716 15100 15113 I art     : Explicit concurrent mark sweep GC freed 3(96B) AllocSpace objects, 0(0B) LOS objects, 29% free, 37MB/53MB, paused 758us total 30.353ms
08-06 11:37:59.725 15100 15113 I art     : Starting a blocking GC Explicit
08-06 11:37:59.755 15100 15113 I art     : Explicit concurrent mark sweep GC freed 3(96B) AllocSpace objects, 0(0B) LOS objects, 29% free, 37MB/53MB, paused 768us total 30.165ms
08-06 11:38:00.061 15100 16624 I art     : Starting a blocking GC Explicit
08-06 11:38:00.087 15100 16624 I art     : Explicit concurrent mark sweep GC freed 1403(82KB) AllocSpace objects, 1(20KB) LOS objects, 29% free, 37MB/53MB, paused 707us total 25.677ms
08-06 11:38:00.096 15100 16624 I art     : Starting a blocking GC Explicit
08-06 11:38:00.126 15100 16624 I art     : Explicit concurrent mark sweep GC freed 84(3056B) AllocSpace objects, 0(0B) LOS objects, 29% free, 37MB/53MB, paused 889us total 29.900ms
08-06 11:38:00.135 15100 16624 I art     : Starting a blocking GC Explicit
08-06 11:38:00.164 15100 16624 I art     : Explicit concurrent mark sweep GC freed 3(96B) AllocSpace objects, 0(0B) LOS objects, 29% free, 37MB/53MB, paused 736us total 28.604ms
08-06 11:38:00.172 15100 16624 I art     : Starting a blocking GC Explicit
08-06 11:38:00.202 15100 16624 I art     : Explicit concurrent mark sweep GC freed 3(96B) AllocSpace objects, 0(0B) LOS objects, 29% free, 37MB/53MB, paused 764us total 29.835ms
08-06 11:38:00.211 15100 16624 I art     : Starting a blocking GC Explicit
08-06 11:38:00.241 15100 16624 I art     : Explicit concurrent mark sweep GC freed 3(96B) AllocSpace objects, 0(0B) LOS objects, 29% free, 37MB/53MB, paused 756us total 29.732ms
08-06 11:38:00.572 15100 15112 I art     : Starting a blocking GC Explicit
08-06 11:38:00.614 15100 15112 I art     : Explicit concurrent mark sweep GC freed 1373(82KB) AllocSpace objects, 1(20KB) LOS objects, 29% free, 37MB/53MB, paused 861us total 41.069ms
08-06 11:38:00.626 15100 15112 I art     : Starting a blocking GC Explicit
08-06 11:38:00.658 15100 15112 I art     : Explicit concurrent mark sweep GC freed 23(752B) AllocSpace objects, 0(0B) LOS objects, 29% free, 37MB/53MB, paused 807us total 31.700ms
08-06 11:38:00.667 15100 15112 I art     : Starting a blocking GC Explicit
08-06 11:38:00.698 15100 15112 I art     : Explicit concurrent mark sweep GC freed 3(96B) AllocSpace objects, 0(0B) LOS objects, 29% free, 37MB/53MB, paused 771us total 30.592ms
08-06 11:38:00.708 15100 15112 I art     : Starting a blocking GC Explicit
08-06 11:38:00.737 15100 15112 I art     : Explicit concurrent mark sweep GC freed 3(96B) AllocSpace objects, 0(0B) LOS objects, 29% free, 37MB/53MB, paused 864us total 29.655ms
08-06 11:38:00.746 15100 15112 I art     : Starting a blocking GC Explicit
08-06 11:38:00.777 15100 15112 I art     : Explicit concurrent mark sweep GC freed 3(96B) AllocSpace objects, 0(0B) LOS objects, 29% free, 37MB/53MB, paused 766us total 30.261ms
08-06 11:38:00.939   918  3261 D WifiStateMachine: starting scan for "H369AA63323"WPA_PSK with 2412,5180
08-06 11:38:01.079 15100 15113 I art     : Starting a blocking GC Explicit
08-06 11:38:01.110 15100 15113 I art     : Explicit concurrent mark sweep GC freed 1401(81KB) AllocSpace objects, 1(20KB) LOS objects, 29% free, 37MB/53MB, paused 783us total 30.057ms
08-06 11:38:01.119 15100 15113 I art     : Starting a blocking GC Explicit
08-06 11:38:01.147 15100 15113 I art     : Explicit concurrent mark sweep GC freed 23(752B) AllocSpace objects, 0(0B) LOS objects, 29% free, 37MB/53MB, paused 780us total 27.698ms
08-06 11:38:01.155 15100 15113 I art     : Starting a blocking GC Explicit
08-06 11:38:01.182 15100 15113 I art     : Explicit concurrent mark sweep GC freed 3(96B) AllocSpace objects, 0(0B) LOS objects, 29% free, 37MB/53MB, paused 767us total 26.647ms
08-06 11:38:01.190 15100 15113 I art     : Starting a blocking GC Explicit
08-06 11:38:01.219 15100 15113 I art     : Explicit concurrent mark sweep GC freed 3(96B) AllocSpace objects, 0(0B) LOS objects, 29% free, 37MB/53MB, paused 759us total 28.585ms
08-06 11:38:01.227 15100 15113 I art     : Starting a blocking GC Explicit
08-06 11:38:01.255 15100 15113 I art     : Explicit concurrent mark sweep GC freed 3(96B) AllocSpace objects, 0(0B) LOS objects, 29% free, 37MB/53MB, paused 752us total 27.798ms
08-06 11:38:01.299 17719 17719 D AndroidRuntime: >>>>>> START com.android.internal.os.RuntimeInit uid 2000 <<<<<<
08-06 11:38:01.303 17719 17719 D AndroidRuntime: CheckJNI is OFF
08-06 11:38:01.328 17719 17719 D ICU     : No timezone override file found: /data/misc/zoneinfo/current/icu/icu_tzdata.dat
08-06 11:38:01.355 17719 17719 I Radio-JNI: register_android_hardware_Radio DONE
08-06 11:38:01.371 17719 17719 D AndroidRuntime: Calling main entry com.android.commands.input.Input
08-06 11:38:01.373 17719 17719 I Input   : injectMotionEvent: MotionEvent { action=ACTION_DOWN, actionButton=0, id[0]=0, x[0]=1363.0, y[0]=517.0, toolType[0]=TOOL_TYPE_UNKNOWN, buttonState=0, metaState=0, flags=0x0, edgeFlags=0x0, pointerCount=1, historySize=0, eventTime=877097786, downTime=877097786, deviceId=0, source=0x1002 }
08-06 11:38:01.380 17719 17719 I Input   : injectMotionEvent: MotionEvent { action=ACTION_UP, actionButton=0, id[0]=0, x[0]=1363.0, y[0]=517.0, toolType[0]=TOOL_TYPE_UNKNOWN, buttonState=0, metaState=0, flags=0x0, edgeFlags=0x0, pointerCount=1, historySize=0, eventTime=877097786, downTime=877097786, deviceId=0, source=0x1002 }
08-06 11:38:01.382 17719 17719 D AndroidRuntime: Shutting down VM
08-06 11:38:01.396   512  2967 D audio_hw_primary: out_set_parameters: enter: usecase(1: low-latency-playback) kvpairs: routing=2
08-06 11:38:01.396   918   929 I ActivityManager: START u0 {cmp=baseline.de.danoeh.antennapod.debug/baseline.de.danoeh.antennapod.activity.FeedSettingsActivity (has extras)} from uid 10711 on display 0
08-06 11:38:01.409   512  2967 D audio_hw_primary: select_devices: out_snd_device(2: speaker) in_snd_device(0: none)
08-06 11:38:01.409   512  2967 D msm8974_platform: platform_send_audio_calibration: sending audio calibration for snd_device(2) acdb_id(15)
08-06 11:38:01.409   512  2967 I soundtrigger: audio_extn_sound_trigger_update_device_status: device 0x2 of type 0 for Event 1
08-06 11:38:01.423   512  2967 D audio_hw_primary: enable_snd_device: snd_device(2: speaker)
08-06 11:38:01.425   512  2967 D audio_hw_primary: enable_audio_route: apply and update mixer path: low-latency-playback speaker
08-06 11:38:01.498 15100 15113 I art     : Starting a blocking GC Explicit
08-06 11:38:01.532 15100 15113 I art     : Explicit concurrent mark sweep GC freed 48746(2MB) AllocSpace objects, 1(20KB) LOS objects, 29% free, 39MB/55MB, paused 1.128ms total 33.875ms
08-06 11:38:01.541 15100 15113 I art     : Starting a blocking GC Explicit
08-06 11:38:01.550 15100 15636 D DBReader: getFeed() called with: feedId = [2]
08-06 11:38:01.550 15100 15636 D DBReader: getFeedItemList() called with: feed = [baseline.de.danoeh.antennapod.core.feed.Feed@2]
08-06 11:38:01.570 13866 13866 I ShortcutsDataManager: ShortcutsDataManager.onContentChanged():89 onContentChanged()
08-06 11:38:01.587 15100 15113 I art     : Explicit concurrent mark sweep GC freed 4626(272KB) AllocSpace objects, 0(0B) LOS objects, 28% free, 40MB/56MB, paused 2.726ms total 46.007ms
08-06 11:38:01.597 15100 15113 I art     : Starting a blocking GC Explicit
08-06 11:38:01.611 15100 15636 W PodDBAdapter: Length of id array is larger than 800. Creating multiple cursors
08-06 11:38:01.632 15100 15113 I art     : Explicit concurrent mark sweep GC freed 3444(263KB) AllocSpace objects, 1(16KB) LOS objects, 27% free, 41MB/57MB, paused 1.096ms total 34.646ms
08-06 11:38:01.641 15100 15113 I art     : Starting a blocking GC Explicit
08-06 11:38:01.673 13866 13866 I GoogleInputMethodServic: GoogleInputMethodService.onFinishInput():3138 
08-06 11:38:01.673   918   936 I ActivityManager: Displayed baseline.de.danoeh.antennapod.debug/baseline.de.danoeh.antennapod.activity.FeedSettingsActivity: +266ms
08-06 11:38:01.673 13866 13866 I GoogleInputMethodServic: GoogleInputMethodService.onStartInput():1808 
08-06 11:38:01.674 13866 13866 I ShortcutsDataManager: AbstractContentDataManager.startImportContentTask():208 startImportContentTask()
08-06 11:38:01.675 13866 13938 I ShortcutsDataManager: AbstractContentDataManager$ImportContentTask.doInBackground():222 doInBackground()
08-06 11:38:01.675 13866 13938 I PersonalDictionaryDataH: PersonalDictionaryDataHandler.beginProcess():111 LanguageTags = [en-US]
08-06 11:38:01.683 15100 15113 I art     : Explicit concurrent mark sweep GC freed 5381(106KB) AllocSpace objects, 0(0B) LOS objects, 27% free, 41MB/57MB, paused 1.163ms total 41.975ms
08-06 11:38:01.685 13866 13938 I ShortcutsDataManager: AbstractContentDataManager.importRecords():312 importRecords() : Success : Count = 0
08-06 11:38:01.689 13866 13938 I ShortcutsDataManager: AbstractContentDataManager.importContentData():262 importContentData() : Ending import process
08-06 11:38:01.694 15100 16048 D ApOkHttpUrlLoader: buildLoadData() called with: model = [http://static.libsyn.com/p/assets/7/1/f/3/71f3014e14ef2722/JREiTunesImage2.jpg], width = [1440], height = [462]
08-06 11:38:01.695 15100 15113 I art     : Starting a blocking GC Explicit
08-06 11:38:01.698 13866 13866 I GoogleInputMethodServic: GoogleInputMethodService.onStartInput():1808 
08-06 11:38:01.698 13866 13866 W SessionManager: SessionManager.beginSession():53 Try to begin an already begun session [INPUT_SESSION], end it first
08-06 11:38:01.700 15100 15100 D FeedSettingsActivity: No filter set
08-06 11:38:01.706   918  3961 W IntentResolver: resolveIntent: multiple matches, only some with CATEGORY_DEFAULT
08-06 11:38:01.731 13866 13938 I PersonalLanguageModelUp: PersonalLanguageModelUpdater$UpdateOperation.performInternal():160 run() : Added 0 words and 0 shortcuts
08-06 11:38:01.731 13866 13938 I DynamicLanguageModelOpe: DynamicLanguageModelOperation.perform():37 perform() : 4 : coc : Completed
08-06 11:38:01.731 13866 13950 I Delight5Decoder: Delight5DecoderWrapper.loadLanguageModel():578 loadLanguageModel() : 4, version [n/a]
08-06 11:38:01.731 13866 13866 I ShortcutsDataManager: AbstractContentDataManager$ImportContentTask.onPostExecute():233 onPostExecute() : Result = [2,0]
08-06 11:38:01.731 13866 13866 I ShortcutsDataManager: ShortcutsDataManager.onImportFinished():99 onImportFinished() : Result = 2 : Count = 0
08-06 11:38:01.732 13866 13950 I Delight5Decoder: Delight5DecoderWrapper.loadLanguageModel():616 Loaded dynamic LM 4.en
08-06 11:38:01.734 15100 15113 I art     : Explicit concurrent mark sweep GC freed 2796(121KB) AllocSpace objects, 1(16KB) LOS objects, 27% free, 42MB/58MB, paused 1.002ms total 39.141ms
08-06 11:38:01.757 15100 15121 D OpenGLRenderer: endAllStagingAnimators on 0x7f7ecc7800 (RippleDrawable) with handle 0x7f7a1822a0
08-06 11:38:01.935   380   380 W SurfaceFlinger: couldn't log to binary event log: overflow.
08-06 11:38:01.968   512  2967 D audio_hw_primary: disable_audio_route: reset and update mixer path: low-latency-playback speaker
08-06 11:38:01.969   512  2967 D audio_hw_primary: disable_snd_device: snd_device(2: speaker)
08-06 11:38:01.979   512  2967 I soundtrigger: audio_extn_sound_trigger_update_device_status: device 0x2 of type 0 for Event 0
08-06 11:38:02.032 15100 17470 I art     : Starting a blocking GC Explicit
08-06 11:38:02.057 15100 15100 D PlaybackController: Releasing PlaybackController
08-06 11:38:02.065 15100 17470 I art     : Explicit concurrent mark sweep GC freed 2236(134KB) AllocSpace objects, 1(20KB) LOS objects, 27% free, 42MB/58MB, paused 890us total 32.912ms
08-06 11:38:02.075 15100 17470 I art     : Starting a blocking GC Explicit
08-06 11:38:02.107 15100 17470 I art     : Explicit concurrent mark sweep GC freed 332(20KB) AllocSpace objects, 0(0B) LOS objects, 27% free, 42MB/58MB, paused 709us total 31.400ms
08-06 11:38:02.116 15100 17470 I art     : Starting a blocking GC Explicit
08-06 11:38:02.149 15100 17470 I art     : Explicit concurrent mark sweep GC freed 54(1904B) AllocSpace objects, 0(0B) LOS objects, 27% free, 42MB/58MB, paused 685us total 32.667ms
08-06 11:38:02.158 15100 17470 I art     : Starting a blocking GC Explicit
08-06 11:38:02.191 15100 17470 I art     : Explicit concurrent mark sweep GC freed 19(704B) AllocSpace objects, 0(0B) LOS objects, 27% free, 42MB/58MB, paused 757us total 32.352ms
08-06 11:38:02.200 15100 17470 I art     : Starting a blocking GC Explicit
08-06 11:38:02.234 15100 17470 I art     : Explicit concurrent mark sweep GC freed 22(848B) AllocSpace objects, 0(0B) LOS objects, 27% free, 42MB/58MB, paused 848us total 33.518ms
08-06 11:38:02.507 14957 14957 I ServiceManager: Waiting for service AtCmdFwd...
08-06 11:38:02.540 15100 15112 I art     : Starting a blocking GC Explicit
08-06 11:38:02.585 15100 15112 I art     : Explicit concurrent mark sweep GC freed 1420(82KB) AllocSpace objects, 1(20KB) LOS objects, 27% free, 42MB/58MB, paused 841us total 44.247ms
08-06 11:38:02.596 15100 15112 I art     : Starting a blocking GC Explicit
08-06 11:38:02.634 15100 15112 I art     : Explicit concurrent mark sweep GC freed 27(880B) AllocSpace objects, 0(0B) LOS objects, 27% free, 42MB/58MB, paused 784us total 38.151ms
08-06 11:38:02.645 15100 15112 I art     : Starting a blocking GC Explicit
08-06 11:38:02.686 15100 15112 I art     : Explicit concurrent mark sweep GC freed 3(96B) AllocSpace objects, 0(0B) LOS objects, 27% free, 42MB/58MB, paused 1.027ms total 40.926ms
08-06 11:38:02.697 15100 15112 I art     : Starting a blocking GC Explicit
08-06 11:38:02.738 15100 15112 I art     : Explicit concurrent mark sweep GC freed 3(96B) AllocSpace objects, 0(0B) LOS objects, 27% free, 42MB/58MB, paused 1.533ms total 40.838ms
08-06 11:38:02.749 15100 15112 I art     : Starting a blocking GC Explicit
08-06 11:38:02.789 15100 15112 I art     : Explicit concurrent mark sweep GC freed 3(96B) AllocSpace objects, 0(0B) LOS objects, 27% free, 42MB/58MB, paused 839us total 39.663ms
08-06 11:38:03.095 15100 17470 I art     : Starting a blocking GC Explicit
08-06 11:38:03.151 15100 17470 I art     : Explicit concurrent mark sweep GC freed 1401(81KB) AllocSpace objects, 1(20KB) LOS objects, 27% free, 42MB/58MB, paused 846us total 56.142ms
08-06 11:38:03.162 15100 17470 I art     : Starting a blocking GC Explicit
08-06 11:38:03.201 15100 17470 I art     : Explicit concurrent mark sweep GC freed 28(912B) AllocSpace objects, 0(0B) LOS objects, 27% free, 42MB/58MB, paused 868us total 38.430ms
08-06 11:38:03.211 15100 17470 I art     : Starting a blocking GC Explicit
08-06 11:38:03.249 15100 17470 I art     : Explicit concurrent mark sweep GC freed 14(448B) AllocSpace objects, 0(0B) LOS objects, 27% free, 42MB/58MB, paused 754us total 37.818ms
08-06 11:38:03.260 15100 17470 I art     : Starting a blocking GC Explicit
08-06 11:38:03.295 15100 17470 I art     : Explicit concurrent mark sweep GC freed 12(384B) AllocSpace objects, 0(0B) LOS objects, 27% free, 42MB/58MB, paused 761us total 34.958ms
08-06 11:38:03.305 15100 17470 I art     : Starting a blocking GC Explicit
08-06 11:38:03.339 15100 17470 I art     : Explicit concurrent mark sweep GC freed 14(448B) AllocSpace objects, 0(0B) LOS objects, 27% free, 42MB/58MB, paused 988us total 34.054ms
08-06 11:38:03.508 14957 14957 I ServiceManager: Waiting for service AtCmdFwd...
08-06 11:38:03.680 15100 17470 I art     : Starting a blocking GC Explicit
08-06 11:38:03.736 15100 17470 I art     : Explicit concurrent mark sweep GC freed 1394(83KB) AllocSpace objects, 1(20KB) LOS objects, 27% free, 42MB/58MB, paused 871us total 56.028ms
08-06 11:38:03.754 15100 17470 I art     : Starting a blocking GC Explicit
08-06 11:38:03.793 15100 17470 I art     : Explicit concurrent mark sweep GC freed 23(752B) AllocSpace objects, 0(0B) LOS objects, 27% free, 42MB/58MB, paused 910us total 39.388ms
08-06 11:38:03.804 15100 17470 I art     : Starting a blocking GC Explicit
08-06 11:38:03.844 15100 17470 I art     : Explicit concurrent mark sweep GC freed 3(96B) AllocSpace objects, 0(0B) LOS objects, 27% free, 42MB/58MB, paused 917us total 39.451ms
08-06 11:38:03.854 15100 17470 I art     : Starting a blocking GC Explicit
08-06 11:38:03.894 15100 17470 I art     : Explicit concurrent mark sweep GC freed 3(96B) AllocSpace objects, 0(0B) LOS objects, 27% free, 42MB/58MB, paused 784us total 39.545ms
08-06 11:38:03.905 15100 17470 I art     : Starting a blocking GC Explicit
08-06 11:38:03.947 15100 17470 I art     : Explicit concurrent mark sweep GC freed 3(96B) AllocSpace objects, 0(0B) LOS objects, 27% free, 42MB/58MB, paused 839us total 41.273ms
08-06 11:38:04.269 15100 15113 I art     : Starting a blocking GC Explicit
08-06 11:38:04.312 15100 15113 I art     : Explicit concurrent mark sweep GC freed 1402(82KB) AllocSpace objects, 1(20KB) LOS objects, 27% free, 42MB/58MB, paused 854us total 42.665ms
08-06 11:38:04.323 15100 15113 I art     : Starting a blocking GC Explicit
08-06 11:38:04.362 15100 15113 I art     : Explicit concurrent mark sweep GC freed 23(752B) AllocSpace objects, 0(0B) LOS objects, 27% free, 42MB/58MB, paused 809us total 38.884ms
08-06 11:38:04.372 15100 15113 I art     : Starting a blocking GC Explicit
08-06 11:38:04.412 15100 15113 I art     : Explicit concurrent mark sweep GC freed 3(96B) AllocSpace objects, 0(0B) LOS objects, 27% free, 42MB/58MB, paused 841us total 39.552ms
08-06 11:38:04.422 15100 15113 I art     : Starting a blocking GC Explicit
08-06 11:38:04.464 15100 15113 I art     : Explicit concurrent mark sweep GC freed 3(96B) AllocSpace objects, 0(0B) LOS objects, 27% free, 42MB/58MB, paused 841us total 41.030ms
08-06 11:38:04.475 15100 15113 I art     : Starting a blocking GC Explicit
08-06 11:38:04.509 14957 14957 I ServiceManager: Waiting for service AtCmdFwd...
08-06 11:38:04.515 15100 15113 I art     : Explicit concurrent mark sweep GC freed 3(96B) AllocSpace objects, 0(0B) LOS objects, 27% free, 42MB/58MB, paused 821us total 39.946ms
08-06 11:38:04.845 15100 16624 I art     : Starting a blocking GC Explicit
08-06 11:38:04.891 15100 16624 I art     : Explicit concurrent mark sweep GC freed 2075(106KB) AllocSpace objects, 1(20KB) LOS objects, 27% free, 41MB/57MB, paused 831us total 46.039ms
08-06 11:38:04.903 15100 16624 I art     : Starting a blocking GC Explicit
08-06 11:38:04.945 15100 16624 I art     : Explicit concurrent mark sweep GC freed 23(752B) AllocSpace objects, 0(0B) LOS objects, 27% free, 41MB/57MB, paused 824us total 41.308ms
08-06 11:38:04.955 15100 16624 I art     : Starting a blocking GC Explicit
08-06 11:38:04.996 15100 16624 I art     : Explicit concurrent mark sweep GC freed 32(880B) AllocSpace objects, 0(0B) LOS objects, 27% free, 41MB/57MB, paused 826us total 40.538ms
08-06 11:38:05.008 15100 16624 I art     : Starting a blocking GC Explicit
08-06 11:38:05.049 15100 16624 I art     : Explicit concurrent mark sweep GC freed 3(96B) AllocSpace objects, 0(0B) LOS objects, 27% free, 41MB/57MB, paused 831us total 41.095ms
08-06 11:38:05.059 15100 16624 I art     : Starting a blocking GC Explicit
08-06 11:38:05.100 15100 16624 I art     : Explicit concurrent mark sweep GC freed 3(96B) AllocSpace objects, 0(0B) LOS objects, 27% free, 41MB/57MB, paused 832us total 40.295ms
08-06 11:38:05.127   918  1210 D NetlinkSocketObserver: NeighborEvent{elapsedMs=1860489002, 192.168.2.254, [7C3953A63323], RTM_NEWNEIGH, NUD_PROBE}
08-06 11:38:05.437 15100 15220 I art     : Starting a blocking GC Explicit
08-06 11:38:05.494 15100 15220 I art     : Explicit concurrent mark sweep GC freed 2261(112KB) AllocSpace objects, 1(20KB) LOS objects, 27% free, 41MB/57MB, paused 868us total 56.115ms
08-06 11:38:05.505 15100 15220 I art     : Starting a blocking GC Explicit
08-06 11:38:05.509 14957 14957 I ServiceManager: Waiting for service AtCmdFwd...
08-06 11:38:05.546 15100 15220 I art     : Explicit concurrent mark sweep GC freed 23(752B) AllocSpace objects, 0(0B) LOS objects, 27% free, 41MB/57MB, paused 808us total 40.674ms
08-06 11:38:05.556 15100 15220 I art     : Starting a blocking GC Explicit
08-06 11:38:05.597 15100 15220 I art     : Explicit concurrent mark sweep GC freed 3(96B) AllocSpace objects, 0(0B) LOS objects, 27% free, 41MB/57MB, paused 887us total 40.500ms
08-06 11:38:05.608 15100 15220 I art     : Starting a blocking GC Explicit
08-06 11:38:05.647 15100 15220 I art     : Explicit concurrent mark sweep GC freed 3(96B) AllocSpace objects, 0(0B) LOS objects, 27% free, 41MB/57MB, paused 858us total 38.712ms
08-06 11:38:05.657 15100 15220 I art     : Starting a blocking GC Explicit
08-06 11:38:05.695 15100 15220 I art     : Explicit concurrent mark sweep GC freed 3(96B) AllocSpace objects, 0(0B) LOS objects, 27% free, 41MB/57MB, paused 881us total 37.750ms
08-06 11:38:05.955 17827 17827 D AndroidRuntime: >>>>>> START com.android.internal.os.RuntimeInit uid 2000 <<<<<<
08-06 11:38:05.960 17827 17827 D AndroidRuntime: CheckJNI is OFF
08-06 11:38:05.987 17827 17827 D ICU     : No timezone override file found: /data/misc/zoneinfo/current/icu/icu_tzdata.dat
08-06 11:38:06.008 15100 15112 I art     : Starting a blocking GC Explicit
08-06 11:38:06.014 17827 17827 I Radio-JNI: register_android_hardware_Radio DONE
08-06 11:38:06.031 17827 17827 D AndroidRuntime: Calling main entry com.android.commands.input.Input
08-06 11:38:06.032 17827 17827 I Input   : injectKeyEvent: KeyEvent { action=ACTION_DOWN, keyCode=KEYCODE_BACK, scanCode=0, metaState=0, flags=0x0, repeatCount=0, eventTime=877102445, downTime=877102445, deviceId=-1, source=0x101 }
08-06 11:38:06.041 17827 17827 I Input   : injectKeyEvent: KeyEvent { action=ACTION_UP, keyCode=KEYCODE_BACK, scanCode=0, metaState=0, flags=0x0, repeatCount=0, eventTime=877102445, downTime=877102445, deviceId=-1, source=0x101 }
08-06 11:38:06.046 17827 17827 D AndroidRuntime: Shutting down VM
08-06 11:38:06.050 15100 15112 I art     : Explicit concurrent mark sweep GC freed 1451(83KB) AllocSpace objects, 1(20KB) LOS objects, 27% free, 41MB/57MB, paused 1.438ms total 41.285ms
08-06 11:38:06.051 15100 15100 V PlaybackController: initServiceNotRunning()
08-06 11:38:06.051 15100 15100 D ExternalPlayerFragment: Loading media info
08-06 11:38:06.053 15100 15100 D ItemlistFragment: onEventMainThread() called with: event = [DownloadEvent{update=DownloaderUpdate{downloaders=[], feedIds=[], mediaIds=[]}}]
08-06 11:38:06.054 15100 16048 D ApOkHttpUrlLoader: buildLoadData() called with: model = [http://static.libsyn.com/p/assets/7/1/f/3/71f3014e14ef2722/JREiTunesImage2.jpg], width = [1440], height = [462]
08-06 11:38:06.056 15100 15100 D UserPreferences: Using default data folder
08-06 11:38:06.057 15100 15636 D DBReader: getNavDrawerData() called with: 
08-06 11:38:06.057 15100 15120 D DBReader: getFeed() called with: feedId = [2]
08-06 11:38:06.059 15100 15120 D DBReader: getFeedItemList() called with: feed = [baseline.de.danoeh.antennapod.core.feed.Feed@2]
08-06 11:38:06.062 15100 15112 I art     : Starting a blocking GC Explicit
08-06 11:38:06.072 15100 15100 D FeedMenuHandler: Preparing options menu
08-06 11:38:06.075 15100 15636 D DBReader: getDownloadedItems() called
08-06 11:38:06.077 15100 15636 D DBReader: getFavoriteIDList() called
08-06 11:38:06.077 15100 15636 D DBReader: getQueueIDList() called
08-06 11:38:06.078 15100 15636 D DBReader: Extracting Feedlist
08-06 11:38:06.102 15100 15112 I art     : Explicit concurrent mark sweep GC freed 2368(102KB) AllocSpace objects, 0(0B) LOS objects, 25% free, 45MB/61MB, paused 1.174ms total 40.523ms
08-06 11:38:06.109 15100 15100 D MainActivity: getLastNavFragment() -> 2
08-06 11:38:06.113 15100 15112 I art     : Starting a blocking GC Explicit
08-06 11:38:06.117 15100 15120 W PodDBAdapter: Length of id array is larger than 800. Creating multiple cursors
08-06 11:38:06.140 13866 13866 I GoogleInputMethodServic: GoogleInputMethodService.onFinishInput():3138 
08-06 11:38:06.141 13866 13866 I GoogleInputMethodServic: GoogleInputMethodService.onStartInput():1808 
08-06 11:38:06.155 15100 15112 I art     : Explicit concurrent mark sweep GC freed 3773(281KB) AllocSpace objects, 1(16KB) LOS objects, 25% free, 46MB/62MB, paused 1.816ms total 42.041ms
08-06 11:38:06.168 15100 15112 I art     : Starting a blocking GC Explicit
08-06 11:38:06.172 15100 15120 D DBReader: getFavoriteIDList() called
08-06 11:38:06.172 15100 15120 D DBReader: getQueueIDList() called
08-06 11:38:06.173 15100 15120 D DBReader: Extracting Feedlist
08-06 11:38:06.175 15100 16048 D ApOkHttpUrlLoader: buildLoadData() called with: model = [http://static.libsyn.com/p/assets/7/1/f/3/71f3014e14ef2722/JREiTunesImage2.jpg], width = [1440], height = [462]
08-06 11:38:06.189 15100 15100 D FeedMenuHandler: Preparing options menu
08-06 11:38:06.205 15100 15112 I art     : Explicit concurrent mark sweep GC freed 33756(2MB) AllocSpace objects, 0(0B) LOS objects, 25% free, 47MB/63MB, paused 956us total 37.378ms
08-06 11:38:06.215 15100 15112 I art     : Starting a blocking GC Explicit
08-06 11:38:06.250 15100 15112 I art     : Explicit concurrent mark sweep GC freed 2311(96KB) AllocSpace objects, 1(16KB) LOS objects, 25% free, 47MB/63MB, paused 805us total 34.700ms
08-06 11:38:06.417   380   380 W SurfaceFlinger: couldn't log to binary event log: overflow.
08-06 11:38:06.498 15100 15220 I art     : Starting a blocking GC Explicit
08-06 11:38:06.510 14957 14957 I ServiceManager: Waiting for service AtCmdFwd...
08-06 11:38:06.539 15100 15220 I art     : Explicit concurrent mark sweep GC freed 2757(158KB) AllocSpace objects, 1(20KB) LOS objects, 25% free, 47MB/63MB, paused 807us total 40.689ms
08-06 11:38:06.540 15100 15110 I art     : WaitForGcToComplete blocked for 7.472ms for cause HeapTrim
08-06 11:38:06.550 15100 15220 I art     : Starting a blocking GC Explicit
08-06 11:38:06.583 15100 15220 I art     : Explicit concurrent mark sweep GC freed 34810(2MB) AllocSpace objects, 45(2MB) LOS objects, 27% free, 42MB/58MB, paused 789us total 32.185ms
08-06 11:38:06.591 15100 15220 I art     : Starting a blocking GC Explicit
08-06 11:38:06.620 15100 15220 I art     : Explicit concurrent mark sweep GC freed 3(96B) AllocSpace objects, 0(0B) LOS objects, 27% free, 42MB/58MB, paused 822us total 29.054ms
08-06 11:38:06.629 15100 15220 I art     : Starting a blocking GC Explicit
08-06 11:38:06.660 15100 15220 I art     : Explicit concurrent mark sweep GC freed 3(96B) AllocSpace objects, 0(0B) LOS objects, 27% free, 42MB/58MB, paused 835us total 30.649ms
08-06 11:38:06.669 15100 15220 I art     : Starting a blocking GC Explicit
08-06 11:38:06.700 15100 15220 I art     : Explicit concurrent mark sweep GC freed 3(96B) AllocSpace objects, 0(0B) LOS objects, 27% free, 42MB/58MB, paused 1.103ms total 30.777ms
08-06 11:38:07.007 15100 15113 I art     : Starting a blocking GC Explicit
08-06 11:38:07.050 15100 15113 I art     : Explicit concurrent mark sweep GC freed 1403(82KB) AllocSpace objects, 1(20KB) LOS objects, 27% free, 42MB/58MB, paused 965us total 43.236ms
08-06 11:38:07.060 15100 15113 I art     : Starting a blocking GC Explicit
08-06 11:38:07.092 15100 15113 I art     : Explicit concurrent mark sweep GC freed 23(752B) AllocSpace objects, 0(0B) LOS objects, 27% free, 42MB/58MB, paused 822us total 31.449ms
08-06 11:38:07.101 15100 15113 I art     : Starting a blocking GC Explicit
08-06 11:38:07.132 15100 15113 I art     : Explicit concurrent mark sweep GC freed 3(96B) AllocSpace objects, 0(0B) LOS objects, 27% free, 42MB/58MB, paused 831us total 30.982ms
08-06 11:38:07.141 15100 15113 I art     : Starting a blocking GC Explicit
08-06 11:38:07.172 15100 15113 I art     : Explicit concurrent mark sweep GC freed 3(96B) AllocSpace objects, 0(0B) LOS objects, 27% free, 42MB/58MB, paused 837us total 30.436ms
08-06 11:38:07.181 15100 15113 I art     : Starting a blocking GC Explicit
08-06 11:38:07.212 15100 15113 I art     : Explicit concurrent mark sweep GC freed 3(96B) AllocSpace objects, 0(0B) LOS objects, 27% free, 42MB/58MB, paused 997us total 30.852ms
08-06 11:38:07.477 15100 16624 I art     : Starting a blocking GC Explicit
08-06 11:38:07.508 15100 16624 I art     : Explicit concurrent mark sweep GC freed 1373(82KB) AllocSpace objects, 1(20KB) LOS objects, 27% free, 42MB/58MB, paused 892us total 31.440ms
08-06 11:38:07.510 14957 14957 W Atfwd_Sendcmd: AtCmdFwd service not published, waiting... retryCnt : 2
08-06 11:38:07.518 15100 16624 I art     : Starting a blocking GC Explicit
08-06 11:38:07.548 15100 16624 I art     : Explicit concurrent mark sweep GC freed 23(752B) AllocSpace objects, 0(0B) LOS objects, 27% free, 42MB/58MB, paused 875us total 29.790ms
08-06 11:38:07.557 15100 16624 I art     : Starting a blocking GC Explicit
08-06 11:38:07.586 15100 16624 I art     : Explicit concurrent mark sweep GC freed 3(96B) AllocSpace objects, 0(0B) LOS objects, 27% free, 42MB/58MB, paused 939us total 29.374ms
08-06 11:38:07.594 17870 17870 D AndroidRuntime: >>>>>> START com.android.internal.os.RuntimeInit uid 2000 <<<<<<
08-06 11:38:07.595 15100 16624 I art     : Starting a blocking GC Explicit
08-06 11:38:07.598 17870 17870 D AndroidRuntime: CheckJNI is OFF
08-06 11:38:07.624 15100 16624 I art     : Explicit concurrent mark sweep GC freed 3(96B) AllocSpace objects, 0(0B) LOS objects, 27% free, 42MB/58MB, paused 873us total 28.840ms
08-06 11:38:07.625 17870 17870 D ICU     : No timezone override file found: /data/misc/zoneinfo/current/icu/icu_tzdata.dat
08-06 11:38:07.633 15100 16624 I art     : Starting a blocking GC Explicit
08-06 11:38:07.650 17870 17870 I Radio-JNI: register_android_hardware_Radio DONE
08-06 11:38:07.662 15100 16624 I art     : Explicit concurrent mark sweep GC freed 3(96B) AllocSpace objects, 0(0B) LOS objects, 27% free, 42MB/58MB, paused 806us total 28.978ms
08-06 11:38:07.668 17870 17870 D AndroidRuntime: Calling main entry com.android.commands.input.Input
08-06 11:38:07.669 17870 17870 I Input   : injectMotionEvent: MotionEvent { action=ACTION_DOWN, actionButton=0, id[0]=0, x[0]=1372.0, y[0]=384.0, toolType[0]=TOOL_TYPE_UNKNOWN, buttonState=0, metaState=0, flags=0x0, edgeFlags=0x0, pointerCount=1, historySize=0, eventTime=877104082, downTime=877104082, deviceId=0, source=0x1002 }
08-06 11:38:07.676 17870 17870 I Input   : injectMotionEvent: MotionEvent { action=ACTION_UP, actionButton=0, id[0]=0, x[0]=1372.0, y[0]=384.0, toolType[0]=TOOL_TYPE_UNKNOWN, buttonState=0, metaState=0, flags=0x0, edgeFlags=0x0, pointerCount=1, historySize=0, eventTime=877104082, downTime=877104082, deviceId=0, source=0x1002 }
08-06 11:38:07.677 17870 17870 D AndroidRuntime: Shutting down VM
08-06 11:38:07.686   918  6110 I ActivityManager: START u0 {cmp=baseline.de.danoeh.antennapod.debug/baseline.de.danoeh.antennapod.activity.FeedInfoActivity (has extras)} from uid 10711 on display 0
08-06 11:38:07.687   512  2967 D audio_hw_primary: out_set_parameters: enter: usecase(1: low-latency-playback) kvpairs: routing=2
08-06 11:38:07.700   512  2967 D audio_hw_primary: select_devices: out_snd_device(2: speaker) in_snd_device(0: none)
08-06 11:38:07.700   512  2967 D msm8974_platform: platform_send_audio_calibration: sending audio calibration for snd_device(2) acdb_id(15)
08-06 11:38:07.700   512  2967 I soundtrigger: audio_extn_sound_trigger_update_device_status: device 0x2 of type 0 for Event 1
08-06 11:38:07.713   512  2967 D audio_hw_primary: enable_snd_device: snd_device(2: speaker)
08-06 11:38:07.715   512  2967 D audio_hw_primary: enable_audio_route: apply and update mixer path: low-latency-playback speaker
08-06 11:38:07.721 15100 15124 D DBReader: getFeed() called with: feedId = [2]
08-06 11:38:07.722 15100 15124 D DBReader: getFeedItemList() called with: feed = [baseline.de.danoeh.antennapod.core.feed.Feed@2]
08-06 11:38:07.730 15100 15100 D androidx.gridlayout.widget.GridLayout: horizontal constraints: x2-x0>=1328, x2-x1<=0, x1-x0<=242 are inconsistent; permanently removing: x2-x1<=0. 
08-06 11:38:07.731 15100 15100 D androidx.gridlayout.widget.GridLayout: vertical constraints: y3-y2>=80, y3-y2<=66, y2-y1<=94, y1-y0<=94 are inconsistent; permanently removing: y3-y2<=66. 
08-06 11:38:07.776 15100 15124 W PodDBAdapter: Length of id array is larger than 800. Creating multiple cursors
08-06 11:38:07.811 13866 13866 I GoogleInputMethodServic: GoogleInputMethodService.onFinishInput():3138 
08-06 11:38:07.811   918   936 I ActivityManager: Displayed baseline.de.danoeh.antennapod.debug/baseline.de.danoeh.antennapod.activity.FeedInfoActivity: +115ms
08-06 11:38:07.812 13866 13866 I GoogleInputMethodServic: GoogleInputMethodService.onStartInput():1808 
08-06 11:38:07.824 15100 15121 D OpenGLRenderer: endAllStagingAnimators on 0x7f7ecc7400 (RippleDrawable) with handle 0x7f79685180
08-06 11:38:07.830 15100 15100 D FeedInfoActivity: Language is en
08-06 11:38:07.830 15100 15100 D FeedInfoActivity: Author is Joe Rogan
08-06 11:38:07.830 15100 15100 D FeedInfoActivity: URL is http://joeroganexp.joerogan.libsynpro.com/rss
08-06 11:38:07.832 15100 16048 D ApOkHttpUrlLoader: buildLoadData() called with: model = [http://static.libsyn.com/p/assets/7/1/f/3/71f3014e14ef2722/JREiTunesImage2.jpg], width = [1440], height = [462]
08-06 11:38:07.840   918  3696 W IntentResolver: resolveIntent: multiple matches, only some with CATEGORY_DEFAULT
08-06 11:38:07.847 15100 15100 D androidx.gridlayout.widget.GridLayout: horizontal constraints: x2-x0>=1328, x2-x1<=232, x1-x0<=242 are inconsistent; permanently removing: x2-x1<=232. 
08-06 11:38:07.847 15100 15100 D androidx.gridlayout.widget.GridLayout: vertical constraints: y3-y2>=80, y3-y2<=66, y2-y1<=94, y1-y0<=94 are inconsistent; permanently removing: y3-y2<=66. 
08-06 11:38:07.894 15100 15112 I art     : Starting a blocking GC Explicit
08-06 11:38:07.929 15100 15112 I art     : Explicit concurrent mark sweep GC freed 15497(649KB) AllocSpace objects, 3(52KB) LOS objects, 25% free, 47MB/63MB, paused 776us total 35.076ms
08-06 11:38:07.940 15100 15112 I art     : Starting a blocking GC Explicit
08-06 11:38:07.977 15100 15112 I art     : Explicit concurrent mark sweep GC freed 551(33KB) AllocSpace objects, 0(0B) LOS objects, 25% free, 47MB/63MB, paused 839us total 37.265ms
08-06 11:38:07.989 15100 15112 I art     : Starting a blocking GC Explicit
08-06 11:38:08.033 15100 15112 I art     : Explicit concurrent mark sweep GC freed 4(128B) AllocSpace objects, 0(0B) LOS objects, 25% free, 47MB/63MB, paused 899us total 43.820ms
08-06 11:38:08.037   380   380 W SurfaceFlinger: couldn't log to binary event log: overflow.
08-06 11:38:08.048 15100 15112 I art     : Starting a blocking GC Explicit
08-06 11:38:08.083 15100 15112 I art     : Explicit concurrent mark sweep GC freed 3(96B) AllocSpace objects, 0(0B) LOS objects, 25% free, 47MB/63MB, paused 829us total 34.374ms
08-06 11:38:08.092 15100 15112 I art     : Starting a blocking GC Explicit
08-06 11:38:08.127 15100 15112 I art     : Explicit concurrent mark sweep GC freed 3(96B) AllocSpace objects, 0(0B) LOS objects, 25% free, 47MB/63MB, paused 830us total 34.290ms
08-06 11:38:08.182 15100 15100 D PlaybackController: Releasing PlaybackController
08-06 11:38:08.258   512  2967 D audio_hw_primary: disable_audio_route: reset and update mixer path: low-latency-playback speaker
08-06 11:38:08.259   512  2967 D audio_hw_primary: disable_snd_device: snd_device(2: speaker)
08-06 11:38:08.267   512  2967 I soundtrigger: audio_extn_sound_trigger_update_device_status: device 0x2 of type 0 for Event 0
08-06 11:38:08.374 15100 15220 I art     : Starting a blocking GC Explicit
08-06 11:38:08.408 15100 15220 I art     : Explicit concurrent mark sweep GC freed 1716(97KB) AllocSpace objects, 1(20KB) LOS objects, 25% free, 47MB/63MB, paused 812us total 33.541ms
08-06 11:38:08.417 15100 15220 I art     : Starting a blocking GC Explicit
08-06 11:38:08.452 15100 15220 I art     : Explicit concurrent mark sweep GC freed 47(1568B) AllocSpace objects, 0(0B) LOS objects, 25% free, 47MB/63MB, paused 790us total 34.166ms
08-06 11:38:08.461 15100 15220 I art     : Starting a blocking GC Explicit
08-06 11:38:08.495 15100 15220 I art     : Explicit concurrent mark sweep GC freed 3(96B) AllocSpace objects, 0(0B) LOS objects, 25% free, 47MB/63MB, paused 784us total 34.172ms
08-06 11:38:08.505 15100 15220 I art     : Starting a blocking GC Explicit
08-06 11:38:08.541 15100 15220 I art     : Explicit concurrent mark sweep GC freed 3(96B) AllocSpace objects, 0(0B) LOS objects, 25% free, 47MB/63MB, paused 790us total 35.915ms
08-06 11:38:08.551 15100 15220 I art     : Starting a blocking GC Explicit
08-06 11:38:08.588 15100 15220 I art     : Explicit concurrent mark sweep GC freed 3(96B) AllocSpace objects, 0(0B) LOS objects, 25% free, 47MB/63MB, paused 859us total 36.723ms
08-06 11:38:08.887 15100 15113 I art     : Starting a blocking GC Explicit
08-06 11:38:08.931 15100 15113 I art     : Explicit concurrent mark sweep GC freed 1372(80KB) AllocSpace objects, 1(20KB) LOS objects, 25% free, 47MB/63MB, paused 834us total 43.992ms
08-06 11:38:08.943 15100 15113 I art     : Starting a blocking GC Explicit
08-06 11:38:08.983 15100 15113 I art     : Explicit concurrent mark sweep GC freed 52(1536B) AllocSpace objects, 0(0B) LOS objects, 25% free, 47MB/63MB, paused 835us total 40.243ms
08-06 11:38:08.994 15100 15113 I art     : Starting a blocking GC Explicit
08-06 11:38:09.034 15100 15113 I art     : Explicit concurrent mark sweep GC freed 3(96B) AllocSpace objects, 0(0B) LOS objects, 25% free, 47MB/63MB, paused 825us total 39.792ms
08-06 11:38:09.045 15100 15113 I art     : Starting a blocking GC Explicit
08-06 11:38:09.084 15100 15113 I art     : Explicit concurrent mark sweep GC freed 3(96B) AllocSpace objects, 0(0B) LOS objects, 25% free, 47MB/63MB, paused 851us total 38.587ms
08-06 11:38:09.095 15100 15113 I art     : Starting a blocking GC Explicit
08-06 11:38:09.134 15100 15113 I art     : Explicit concurrent mark sweep GC freed 3(96B) AllocSpace objects, 0(0B) LOS objects, 25% free, 47MB/63MB, paused 818us total 39.088ms
08-06 11:38:09.438 15100 16624 I art     : Starting a blocking GC Explicit
08-06 11:38:09.531 15100 16624 I art     : Explicit concurrent mark sweep GC freed 1395(81KB) AllocSpace objects, 1(20KB) LOS objects, 25% free, 47MB/63MB, paused 1.193ms total 92.917ms
08-06 11:38:09.546 15100 16624 I art     : Starting a blocking GC Explicit
08-06 11:38:09.589 15100 16624 I art     : Explicit concurrent mark sweep GC freed 29(960B) AllocSpace objects, 0(0B) LOS objects, 25% free, 47MB/63MB, paused 837us total 42.510ms
08-06 11:38:09.600 15100 16624 I art     : Starting a blocking GC Explicit
08-06 11:38:09.637 15100 16624 I art     : Explicit concurrent mark sweep GC freed 3(96B) AllocSpace objects, 0(0B) LOS objects, 25% free, 47MB/63MB, paused 870us total 37.245ms
08-06 11:38:09.648 15100 16624 I art     : Starting a blocking GC Explicit
08-06 11:38:09.686 15100 16624 I art     : Explicit concurrent mark sweep GC freed 3(96B) AllocSpace objects, 0(0B) LOS objects, 25% free, 47MB/63MB, paused 825us total 38.083ms
08-06 11:38:09.697 15100 16624 I art     : Starting a blocking GC Explicit
08-06 11:38:09.735 15100 16624 I art     : Explicit concurrent mark sweep GC freed 3(96B) AllocSpace objects, 0(0B) LOS objects, 25% free, 47MB/63MB, paused 836us total 38.292ms
08-06 11:38:10.077 15100 15112 I art     : Starting a blocking GC Explicit
08-06 11:38:10.126 15100 15112 I art     : Explicit concurrent mark sweep GC freed 1402(83KB) AllocSpace objects, 1(20KB) LOS objects, 25% free, 47MB/63MB, paused 841us total 49.243ms
08-06 11:38:10.137 15100 15112 I art     : Starting a blocking GC Explicit
08-06 11:38:10.177 15100 15112 I art     : Explicit concurrent mark sweep GC freed 23(752B) AllocSpace objects, 0(0B) LOS objects, 25% free, 47MB/63MB, paused 827us total 39.338ms
08-06 11:38:10.188 15100 15112 I art     : Starting a blocking GC Explicit
08-06 11:38:10.229 15100 15112 I art     : Explicit concurrent mark sweep GC freed 3(96B) AllocSpace objects, 0(0B) LOS objects, 25% free, 47MB/63MB, paused 868us total 40.626ms
08-06 11:38:10.239 15100 15112 I art     : Starting a blocking GC Explicit
08-06 11:38:10.279 15100 15112 I art     : Explicit concurrent mark sweep GC freed 3(96B) AllocSpace objects, 0(0B) LOS objects, 25% free, 47MB/63MB, paused 856us total 39.075ms
08-06 11:38:10.289 15100 15112 I art     : Starting a blocking GC Explicit
08-06 11:38:10.329 15100 15112 I art     : Explicit concurrent mark sweep GC freed 3(96B) AllocSpace objects, 0(0B) LOS objects, 25% free, 47MB/63MB, paused 857us total 39.283ms
08-06 11:38:10.671 15100 15220 I art     : Starting a blocking GC Explicit
08-06 11:38:10.725 15100 15220 I art     : Explicit concurrent mark sweep GC freed 1373(81KB) AllocSpace objects, 1(20KB) LOS objects, 25% free, 47MB/63MB, paused 929us total 53.468ms
08-06 11:38:10.743 15100 15220 I art     : Starting a blocking GC Explicit
08-06 11:38:10.782 15100 15220 I art     : Explicit concurrent mark sweep GC freed 23(768B) AllocSpace objects, 0(0B) LOS objects, 25% free, 47MB/63MB, paused 809us total 38.388ms
08-06 11:38:10.792 15100 15220 I art     : Starting a blocking GC Explicit
08-06 11:38:10.832 15100 15220 I art     : Explicit concurrent mark sweep GC freed 3(96B) AllocSpace objects, 0(0B) LOS objects, 25% free, 47MB/63MB, paused 814us total 39.546ms
08-06 11:38:10.842 15100 15220 I art     : Starting a blocking GC Explicit
08-06 11:38:10.882 15100 15220 I art     : Explicit concurrent mark sweep GC freed 3(96B) AllocSpace objects, 0(0B) LOS objects, 25% free, 47MB/63MB, paused 1.008ms total 39.675ms
08-06 11:38:10.893 15100 15220 I art     : Starting a blocking GC Explicit
08-06 11:38:10.933 15100 15220 I art     : Explicit concurrent mark sweep GC freed 3(96B) AllocSpace objects, 0(0B) LOS objects, 25% free, 47MB/63MB, paused 841us total 39.381ms
08-06 11:38:11.281 15100 15113 I art     : Starting a blocking GC Explicit
08-06 11:38:11.334 15100 15113 I art     : Explicit concurrent mark sweep GC freed 2104(107KB) AllocSpace objects, 1(20KB) LOS objects, 25% free, 47MB/63MB, paused 835us total 52.186ms
08-06 11:38:11.345 15100 15113 I art     : Starting a blocking GC Explicit
08-06 11:38:11.379 15100 15113 I art     : Explicit concurrent mark sweep GC freed 23(752B) AllocSpace objects, 0(0B) LOS objects, 25% free, 47MB/63MB, paused 808us total 34.288ms
08-06 11:38:11.389 15100 15113 I art     : Starting a blocking GC Explicit
08-06 11:38:11.427 15100 15113 I art     : Explicit concurrent mark sweep GC freed 3(96B) AllocSpace objects, 0(0B) LOS objects, 25% free, 47MB/63MB, paused 818us total 37.632ms
08-06 11:38:11.437 15100 15113 I art     : Starting a blocking GC Explicit
08-06 11:38:11.472 15100 15113 I art     : Explicit concurrent mark sweep GC freed 3(96B) AllocSpace objects, 0(0B) LOS objects, 25% free, 47MB/63MB, paused 722us total 34.684ms
08-06 11:38:11.481 15100 15113 I art     : Starting a blocking GC Explicit
08-06 11:38:11.512 15100 15113 I art     : Explicit concurrent mark sweep GC freed 3(96B) AllocSpace objects, 0(0B) LOS objects, 25% free, 47MB/63MB, paused 699us total 30.559ms
08-06 11:38:11.804 15100 16624 I art     : Starting a blocking GC Explicit
08-06 11:38:11.857 15100 16624 I art     : Explicit concurrent mark sweep GC freed 2261(112KB) AllocSpace objects, 1(20KB) LOS objects, 25% free, 47MB/63MB, paused 915us total 52.959ms
08-06 11:38:11.874 15100 16624 I art     : Starting a blocking GC Explicit
08-06 11:38:11.912 15100 16624 I art     : Explicit concurrent mark sweep GC freed 27(928B) AllocSpace objects, 0(0B) LOS objects, 25% free, 47MB/63MB, paused 797us total 38.193ms
08-06 11:38:11.923 15100 16624 I art     : Starting a blocking GC Explicit
08-06 11:38:11.961 15100 16624 I art     : Explicit concurrent mark sweep GC freed 3(96B) AllocSpace objects, 0(0B) LOS objects, 25% free, 47MB/63MB, paused 790us total 38.007ms
08-06 11:38:11.972 15100 16624 I art     : Starting a blocking GC Explicit
08-06 11:38:12.009 15100 16624 I art     : Explicit concurrent mark sweep GC freed 32(880B) AllocSpace objects, 0(0B) LOS objects, 25% free, 47MB/63MB, paused 822us total 36.985ms
08-06 11:38:12.019 15100 16624 I art     : Starting a blocking GC Explicit
08-06 11:38:12.055 15100 16624 I art     : Explicit concurrent mark sweep GC freed 3(96B) AllocSpace objects, 0(0B) LOS objects, 25% free, 47MB/63MB, paused 800us total 35.375ms
08-06 11:38:12.256 17975 17975 D AndroidRuntime: >>>>>> START com.android.internal.os.RuntimeInit uid 2000 <<<<<<
08-06 11:38:12.259 17975 17975 D AndroidRuntime: CheckJNI is OFF
08-06 11:38:12.282 17975 17975 D ICU     : No timezone override file found: /data/misc/zoneinfo/current/icu/icu_tzdata.dat
08-06 11:38:12.305 17975 17975 I Radio-JNI: register_android_hardware_Radio DONE
08-06 11:38:12.321 17975 17975 D AndroidRuntime: Calling main entry com.android.commands.input.Input
08-06 11:38:12.323 17975 17975 I Input   : injectKeyEvent: KeyEvent { action=ACTION_DOWN, keyCode=KEYCODE_BACK, scanCode=0, metaState=0, flags=0x0, repeatCount=0, eventTime=877108736, downTime=877108736, deviceId=-1, source=0x101 }
08-06 11:38:12.327 17975 17975 I Input   : injectKeyEvent: KeyEvent { action=ACTION_UP, keyCode=KEYCODE_BACK, scanCode=0, metaState=0, flags=0x0, repeatCount=0, eventTime=877108736, downTime=877108736, deviceId=-1, source=0x101 }
08-06 11:38:12.335 17975 17975 D AndroidRuntime: Shutting down VM
08-06 11:38:12.339 15100 15100 V PlaybackController: initServiceNotRunning()
08-06 11:38:12.339 15100 15100 D ExternalPlayerFragment: Loading media info
08-06 11:38:12.341 15100 15100 D ItemlistFragment: onEventMainThread() called with: event = [DownloadEvent{update=DownloaderUpdate{downloaders=[], feedIds=[], mediaIds=[]}}]
08-06 11:38:12.342 15100 16048 D ApOkHttpUrlLoader: buildLoadData() called with: model = [http://static.libsyn.com/p/assets/7/1/f/3/71f3014e14ef2722/JREiTunesImage2.jpg], width = [1440], height = [462]
08-06 11:38:12.345 15100 15100 D UserPreferences: Using default data folder
08-06 11:38:12.345 15100 15124 D DBReader: getNavDrawerData() called with: 
08-06 11:38:12.345 15100 15636 D DBReader: getFeed() called with: feedId = [2]
08-06 11:38:12.348 15100 15636 D DBReader: getFeedItemList() called with: feed = [baseline.de.danoeh.antennapod.core.feed.Feed@2]
08-06 11:38:12.355 15100 15220 I art     : Starting a blocking GC Explicit
08-06 11:38:12.355 15100 15100 D FeedMenuHandler: Preparing options menu
08-06 11:38:12.365 15100 15124 D DBReader: getDownloadedItems() called
08-06 11:38:12.367 15100 15124 D DBReader: getFavoriteIDList() called
08-06 11:38:12.367 15100 15124 D DBReader: getQueueIDList() called
08-06 11:38:12.368 15100 15124 D DBReader: Extracting Feedlist
08-06 11:38:12.392 15100 15100 D MainActivity: getLastNavFragment() -> 2
08-06 11:38:12.394 13866 13866 I GoogleInputMethodServic: GoogleInputMethodService.onFinishInput():3138 
08-06 11:38:12.394 13866 13866 I GoogleInputMethodServic: GoogleInputMethodService.onStartInput():1808 
08-06 11:38:12.396 15100 15220 I art     : Explicit concurrent mark sweep GC freed 4253(206KB) AllocSpace objects, 1(20KB) LOS objects, 23% free, 51MB/67MB, paused 1.738ms total 41.158ms
08-06 11:38:12.406 15100 15220 I art     : Starting a blocking GC Explicit
08-06 11:38:12.409 15100 15636 W PodDBAdapter: Length of id array is larger than 800. Creating multiple cursors
08-06 11:38:12.446 15100 15220 I art     : Explicit concurrent mark sweep GC freed 3492(249KB) AllocSpace objects, 1(16KB) LOS objects, 23% free, 51MB/67MB, paused 1.044ms total 39.197ms
08-06 11:38:12.456 15100 15220 I art     : Starting a blocking GC Explicit
08-06 11:38:12.463 15100 15636 D DBReader: getFavoriteIDList() called
08-06 11:38:12.464 15100 15636 D DBReader: getQueueIDList() called
08-06 11:38:12.464 15100 15636 D DBReader: Extracting Feedlist
08-06 11:38:12.466 15100 16048 D ApOkHttpUrlLoader: buildLoadData() called with: model = [http://static.libsyn.com/p/assets/7/1/f/3/71f3014e14ef2722/JREiTunesImage2.jpg], width = [1440], height = [462]
08-06 11:38:12.481 15100 15100 D FeedMenuHandler: Preparing options menu
08-06 11:38:12.493 15100 15220 I art     : Explicit concurrent mark sweep GC freed 33355(2MB) AllocSpace objects, 0(0B) LOS objects, 23% free, 52MB/68MB, paused 1.420ms total 36.715ms
08-06 11:38:12.503 15100 15220 I art     : Starting a blocking GC Explicit
08-06 11:38:12.539 15100 15220 I art     : Explicit concurrent mark sweep GC freed 2503(105KB) AllocSpace objects, 1(16KB) LOS objects, 23% free, 52MB/68MB, paused 876us total 35.606ms
08-06 11:38:12.551 15100 15220 I art     : Starting a blocking GC Explicit
08-06 11:38:12.589 15100 15220 I art     : Explicit concurrent mark sweep GC freed 857(63KB) AllocSpace objects, 0(0B) LOS objects, 23% free, 52MB/68MB, paused 838us total 37.868ms
08-06 11:38:12.709   380   380 W SurfaceFlinger: couldn't log to binary event log: overflow.
08-06 11:38:12.850 15100 15112 I art     : Starting a blocking GC Explicit
08-06 11:38:12.891 15100 15112 I art     : Explicit concurrent mark sweep GC freed 1980(107KB) AllocSpace objects, 1(20KB) LOS objects, 23% free, 52MB/68MB, paused 842us total 40.975ms
08-06 11:38:12.902 15100 15112 I art     : Starting a blocking GC Explicit
08-06 11:38:12.936 15100 15112 I art     : Explicit concurrent mark sweep GC freed 29265(2MB) AllocSpace objects, 3(84KB) LOS objects, 24% free, 50MB/66MB, paused 835us total 34.270ms
08-06 11:38:12.946 15100 15112 I art     : Starting a blocking GC Explicit
08-06 11:38:12.973 15100 15112 I art     : Explicit concurrent mark sweep GC freed 3(96B) AllocSpace objects, 0(0B) LOS objects, 24% free, 50MB/66MB, paused 767us total 27.139ms
08-06 11:38:12.981 15100 15112 I art     : Starting a blocking GC Explicit
08-06 11:38:13.011 15100 15112 I art     : Explicit concurrent mark sweep GC freed 32(880B) AllocSpace objects, 0(0B) LOS objects, 24% free, 50MB/66MB, paused 774us total 29.455ms
08-06 11:38:13.019 15100 15112 I art     : Starting a blocking GC Explicit
08-06 11:38:13.050 15100 15112 I art     : Explicit concurrent mark sweep GC freed 3(96B) AllocSpace objects, 0(0B) LOS objects, 24% free, 50MB/66MB, paused 824us total 30.322ms
08-06 11:38:13.358 15100 17470 I art     : Starting a blocking GC Explicit
08-06 11:38:13.401 15100 17470 I art     : Explicit concurrent mark sweep GC freed 1374(81KB) AllocSpace objects, 1(20KB) LOS objects, 24% free, 50MB/66MB, paused 929us total 42.856ms
08-06 11:38:13.415 15100 17470 I art     : Starting a blocking GC Explicit
08-06 11:38:13.448 15100 17470 I art     : Explicit concurrent mark sweep GC freed 23(752B) AllocSpace objects, 0(0B) LOS objects, 24% free, 50MB/66MB, paused 874us total 32.963ms
08-06 11:38:13.458 15100 17470 I art     : Starting a blocking GC Explicit
08-06 11:38:13.489 15100 17470 I art     : Explicit concurrent mark sweep GC freed 3(96B) AllocSpace objects, 0(0B) LOS objects, 24% free, 50MB/66MB, paused 804us total 30.750ms
08-06 11:38:13.498 15100 17470 I art     : Starting a blocking GC Explicit
08-06 11:38:13.529 15100 17470 I art     : Explicit concurrent mark sweep GC freed 3(96B) AllocSpace objects, 0(0B) LOS objects, 24% free, 50MB/66MB, paused 822us total 30.628ms
08-06 11:38:13.538 15100 17470 I art     : Starting a blocking GC Explicit
08-06 11:38:13.569 15100 17470 I art     : Explicit concurrent mark sweep GC freed 3(96B) AllocSpace objects, 0(0B) LOS objects, 24% free, 50MB/66MB, paused 740us total 30.879ms
08-06 11:38:13.586   918  1210 D NetlinkSocketObserver: NeighborEvent{elapsedMs=1860497461, 192.168.2.254, [7C3953A63323], RTM_NEWNEIGH, NUD_STALE}
08-06 11:38:13.846 15100 15220 I art     : Starting a blocking GC Explicit
08-06 11:38:13.879 15100 15220 I art     : Explicit concurrent mark sweep GC freed 1373(82KB) AllocSpace objects, 1(20KB) LOS objects, 24% free, 50MB/66MB, paused 884us total 32.505ms
08-06 11:38:13.883 18019 18019 D AndroidRuntime: >>>>>> START com.android.internal.os.RuntimeInit uid 2000 <<<<<<
08-06 11:38:13.887 18019 18019 D AndroidRuntime: CheckJNI is OFF
08-06 11:38:13.889 15100 15220 I art     : Starting a blocking GC Explicit
08-06 11:38:13.913 18019 18019 D ICU     : No timezone override file found: /data/misc/zoneinfo/current/icu/icu_tzdata.dat
08-06 11:38:13.918 15100 15220 I art     : Explicit concurrent mark sweep GC freed 23(752B) AllocSpace objects, 0(0B) LOS objects, 24% free, 50MB/66MB, paused 860us total 28.923ms
08-06 11:38:13.927 15100 15220 I art     : Starting a blocking GC Explicit
08-06 11:38:13.938 18019 18019 I Radio-JNI: register_android_hardware_Radio DONE
08-06 11:38:13.954 18019 18019 D AndroidRuntime: Calling main entry com.android.commands.input.Input
08-06 11:38:13.954 15100 15220 I art     : Explicit concurrent mark sweep GC freed 3(96B) AllocSpace objects, 0(0B) LOS objects, 24% free, 50MB/66MB, paused 862us total 27.307ms
08-06 11:38:13.955 18019 18019 I Input   : injectMotionEvent: MotionEvent { action=ACTION_DOWN, actionButton=0, id[0]=0, x[0]=733.0, y[0]=896.0, toolType[0]=TOOL_TYPE_UNKNOWN, buttonState=0, metaState=0, flags=0x0, edgeFlags=0x0, pointerCount=1, historySize=0, eventTime=877110368, downTime=877110368, deviceId=0, source=0x1002 }
08-06 11:38:13.962 18019 18019 I Input   : injectMotionEvent: MotionEvent { action=ACTION_UP, actionButton=0, id[0]=0, x[0]=733.0, y[0]=896.0, toolType[0]=TOOL_TYPE_UNKNOWN, buttonState=0, metaState=0, flags=0x0, edgeFlags=0x0, pointerCount=1, historySize=0, eventTime=877110368, downTime=877110368, deviceId=0, source=0x1002 }
08-06 11:38:13.963 15100 15220 I art     : Starting a blocking GC Explicit
08-06 11:38:13.964 18019 18019 D AndroidRuntime: Shutting down VM
08-06 11:38:13.992 15100 15220 I art     : Explicit concurrent mark sweep GC freed 52(1552B) AllocSpace objects, 0(0B) LOS objects, 24% free, 50MB/66MB, paused 853us total 29.431ms
08-06 11:38:14.001 15100 15220 I art     : Starting a blocking GC Explicit
08-06 11:38:14.030 15100 15220 I art     : Explicit concurrent mark sweep GC freed 12(384B) AllocSpace objects, 0(0B) LOS objects, 24% free, 50MB/66MB, paused 890us total 29.130ms
08-06 11:38:14.046   512  2967 D audio_hw_primary: out_set_parameters: enter: usecase(1: low-latency-playback) kvpairs: routing=2
08-06 11:38:14.059   512  2967 D audio_hw_primary: select_devices: out_snd_device(2: speaker) in_snd_device(0: none)
08-06 11:38:14.059   512  2967 D msm8974_platform: platform_send_audio_calibration: sending audio calibration for snd_device(2) acdb_id(15)
08-06 11:38:14.059   512  2967 I soundtrigger: audio_extn_sound_trigger_update_device_status: device 0x2 of type 0 for Event 1
08-06 11:38:14.069   512  2967 D audio_hw_primary: enable_snd_device: snd_device(2: speaker)
08-06 11:38:14.071   512  2967 D audio_hw_primary: enable_audio_route: apply and update mixer path: low-latency-playback speaker
08-06 11:38:14.073 15100 15100 I WebViewFactory: Loading com.google.android.webview version 84.0.4147.89 (code 414708953)
08-06 11:38:14.280 15100 15113 I art     : Starting a blocking GC Explicit
08-06 11:38:14.313 15100 15113 I art     : Explicit concurrent mark sweep GC freed 3235(188KB) AllocSpace objects, 1(20KB) LOS objects, 23% free, 50MB/66MB, paused 1.217ms total 33.051ms
08-06 11:38:14.324 15100 15113 I art     : Starting a blocking GC Explicit
08-06 11:38:14.356 15100 15113 I art     : Explicit concurrent mark sweep GC freed 1030(91KB) AllocSpace objects, 0(0B) LOS objects, 23% free, 51MB/67MB, paused 1.626ms total 31.913ms
08-06 11:38:14.367 15100 15113 I art     : Starting a blocking GC Explicit
08-06 11:38:14.390   918   929 I ActivityManager: Start proc 18064:com.google.android.webview:webview_service/u0a74 for service com.google.android.webview/org.chromium.android_webview.services.VariationsSeedServer
08-06 11:38:14.399 15100 15113 I art     : Explicit concurrent mark sweep GC freed 2495(219KB) AllocSpace objects, 2(40KB) LOS objects, 23% free, 51MB/67MB, paused 1.101ms total 31.560ms
08-06 11:38:14.409 15100 15113 I art     : Starting a blocking GC Explicit
08-06 11:38:14.413 15100 15100 I cr_LibraryLoader: Loaded native library version number "84.0.4147.89"
08-06 11:38:14.421 18064 18064 I LoadedApk: No resource references to update in package com.google.android.webview_translations
08-06 11:38:14.424 15100 15100 I cr_CachingUmaRecorder: Flushed 5 samples from 5 histograms.
08-06 11:38:14.439 15100 15113 I art     : Explicit concurrent mark sweep GC freed 119(10KB) AllocSpace objects, 0(0B) LOS objects, 23% free, 51MB/67MB, paused 951us total 29.870ms
08-06 11:38:14.447 15100 15113 I art     : Starting a blocking GC Explicit
08-06 11:38:14.479 15100 15113 I art     : Explicit concurrent mark sweep GC freed 692(94KB) AllocSpace objects, 0(0B) LOS objects, 23% free, 51MB/67MB, paused 1.342ms total 31.682ms
08-06 11:38:14.569 15100 15100 E chromium: [ERROR:filesystem_posix.cc(62)] mkdir /data/user/0/baseline.de.danoeh.antennapod.debug/cache/WebView/Crashpad: No such file or directory (2)
08-06 11:38:14.599   512  2967 D audio_hw_primary: disable_audio_route: reset and update mixer path: low-latency-playback speaker
08-06 11:38:14.599   512  2967 D audio_hw_primary: disable_snd_device: snd_device(2: speaker)
08-06 11:38:14.607   512  2967 I soundtrigger: audio_extn_sound_trigger_update_device_status: device 0x2 of type 0 for Event 0
08-06 11:38:14.751   918  6112 D ConnectivityService: listenForNetwork for Listen from uid/pid:10711/15100 for NetworkRequest [ id=3917, legacyType=-1, [ Capabilities: INTERNET&NOT_RESTRICTED&TRUSTED] ]
08-06 11:38:14.770 15100 16624 I art     : Starting a blocking GC Explicit
08-06 11:38:14.782 15100 15120 D DBReader: getFeedItem() called with: itemId = [2]
08-06 11:38:14.782 15100 15120 D DBReader: Loading feeditem with id 2
08-06 11:38:14.782 15100 15100 D ItemFragment: onEventMainThread() called with: event = [DownloadEvent{update=DownloaderUpdate{downloaders=[], feedIds=[], mediaIds=[]}}]
08-06 11:38:14.783 15100 15120 D DBReader: getFavoriteIDList() called
08-06 11:38:14.784 15100 15120 D DBReader: getQueueIDList() called
08-06 11:38:14.784 15100 15120 D DBReader: Extracting Feedlist
08-06 11:38:14.784 15100 15100 I Choreographer: Skipped 42 frames!  The application may be doing too much work on its main thread.
08-06 11:38:14.786 13866 13866 I GoogleInputMethodServic: GoogleInputMethodService.onFinishInput():3138 
08-06 11:38:14.786 13866 13866 I GoogleInputMethodServic: GoogleInputMethodService.onStartInput():1808 
08-06 11:38:14.790 15100 15120 D DBReader: loadExtraInformationOfFeedItem() called with: item = [FeedItem[autoDownload=1,chapters=<null>,contentEncoded=<null>,description=<null>,feed=baseline.de.danoeh.antennapod.core.feed.Feed@319f2b0,feedId=2,flattrStatus=baseline.de.danoeh.antennapod.core.util.flattr.FlattrStatus@e1e2529,hasChapters=false,imageUrl=http://static.libsyn.com/p/assets/2/7/8/6/278615fe73b1f0ca/JRE1514.jpg,itemIdentifier=a0870b6b-c887-4883-930c-a06d5e1a8f7e,link=http://traffic.libsyn.com/joeroganexp/p1514.mp3,media=baseline.de.danoeh.antennapod.core.feed.FeedMedia@8de80ae,paymentLink=<null>,pubDate=Fri Jul 24 21:00:00 GMT+02:00 2020,state=-1,tags=[],title=#1514 - Joe De Sena,id=2]]
08-06 11:38:14.793 15100 15100 E libEGL  : validate_display:255 error 3008 (EGL_BAD_DISPLAY)
08-06 11:38:14.804 15100 16624 I art     : Explicit concurrent mark sweep GC freed 6133(476KB) AllocSpace objects, 2(88KB) LOS objects, 23% free, 51MB/67MB, paused 1.377ms total 33.978ms
08-06 11:38:14.813 15100 16624 I art     : Starting a blocking GC Explicit
08-06 11:38:14.844 15100 16624 I art     : Explicit concurrent mark sweep GC freed 511(38KB) AllocSpace objects, 0(0B) LOS objects, 23% free, 51MB/67MB, paused 1.440ms total 31.436ms
08-06 11:38:14.857 15100 16624 I art     : Starting a blocking GC Explicit
08-06 11:38:14.857   918   935 D BluetoothManagerService: Added callback: android.bluetooth.IBluetoothManagerCallback$Stub$Proxy@6ea4aff:true
08-06 11:38:14.865 15100 16048 D ApOkHttpUrlLoader: buildLoadData() called with: model = [http://static.libsyn.com/p/assets/2/7/8/6/278615fe73b1f0ca/JRE1514.jpg], width = [175], height = [175]
08-06 11:38:14.867 15100 15846 D DBReader: getImageAuthentication() called with: imageUrl = [http://static.libsyn.com/p/assets/2/7/8/6/278615fe73b1f0ca/JRE1514.jpg]
08-06 11:38:14.871 15100 15846 D ApOkHttpUrlLoader: no credentials for 'http://static.libsyn.com/p/assets/2/7/8/6/278615fe73b1f0ca/JRE1514.jpg'
08-06 11:38:14.897 15100 16624 I art     : Explicit concurrent mark sweep GC freed 1271(91KB) AllocSpace objects, 3(84KB) LOS objects, 23% free, 51MB/67MB, paused 1.282ms total 40.153ms
08-06 11:38:14.906 15100 16624 I art     : Starting a blocking GC Explicit
08-06 11:38:14.936 15100 16624 I art     : Explicit concurrent mark sweep GC freed 983(62KB) AllocSpace objects, 1(28KB) LOS objects, 23% free, 51MB/67MB, paused 824us total 29.808ms
08-06 11:38:14.946 15100 16624 I art     : Starting a blocking GC Explicit
08-06 11:38:14.965 15100 15846 D MYTAG   : interceptor 2a
08-06 11:38:14.965 15100 15846 I NAPPA_EXPERIMENTATION: MetricNetworkRequestExecutionTime: REQUEST_DURATION_SYSTEM='93',REQUEST_DURATION_OKHTTP='93',REQUEST_SYNCHRONOUS='TRUE',RESPONSE_CODE='200',RESPONSE_METHOD='GET',RESPONSE_LENGTH_OKHTTP='364960',RESPONSE_LENGTH_HEADER='364960',REQUEST_PROTOCOL='http/1.1',REQUEST_URL='http://static.libsyn.com/p/assets/2/7/8/6/278615fe73b1f0ca/JRE1514.jpg',
08-06 11:38:14.974 15100 16624 I art     : Explicit concurrent mark sweep GC freed 195(18KB) AllocSpace objects, 0(0B) LOS objects, 23% free, 51MB/67MB, paused 909us total 27.994ms
08-06 11:38:15.251 15100 17470 I art     : Starting a blocking GC Explicit
08-06 11:38:15.292 15100 17470 I art     : Explicit concurrent mark sweep GC freed 1816(127KB) AllocSpace objects, 1(20KB) LOS objects, 23% free, 51MB/67MB, paused 983us total 40.101ms
08-06 11:38:15.302 15100 17470 I art     : Starting a blocking GC Explicit
08-06 11:38:15.333 15100 17470 I art     : Explicit concurrent mark sweep GC freed 57(1936B) AllocSpace objects, 0(0B) LOS objects, 23% free, 51MB/67MB, paused 763us total 30.487ms
08-06 11:38:15.342 15100 17470 I art     : Starting a blocking GC Explicit
08-06 11:38:15.373 15100 17470 I art     : Explicit concurrent mark sweep GC freed 7(224B) AllocSpace objects, 0(0B) LOS objects, 23% free, 51MB/67MB, paused 956us total 30.938ms
08-06 11:38:15.382 15100 17470 I art     : Starting a blocking GC Explicit
08-06 11:38:15.413 15100 17470 I art     : Explicit concurrent mark sweep GC freed 8(256B) AllocSpace objects, 0(0B) LOS objects, 23% free, 51MB/67MB, paused 962us total 31.107ms
08-06 11:38:15.422 15100 17470 I art     : Starting a blocking GC Explicit
08-06 11:38:15.453 15100 17470 I art     : Explicit concurrent mark sweep GC freed 8(256B) AllocSpace objects, 0(0B) LOS objects, 23% free, 51MB/67MB, paused 819us total 30.213ms
08-06 11:38:15.796 15100 15112 I art     : Starting a blocking GC Explicit
08-06 11:38:15.836 15100 15112 I art     : Explicit concurrent mark sweep GC freed 1431(82KB) AllocSpace objects, 1(20KB) LOS objects, 23% free, 51MB/67MB, paused 836us total 39.743ms
08-06 11:38:15.849 15100 15112 I art     : Starting a blocking GC Explicit
08-06 11:38:15.881 15100 15112 I art     : Explicit concurrent mark sweep GC freed 27(880B) AllocSpace objects, 0(0B) LOS objects, 23% free, 51MB/67MB, paused 863us total 31.893ms
08-06 11:38:15.890 15100 15112 I art     : Starting a blocking GC Explicit
08-06 11:38:15.920 15100 15112 I art     : Explicit concurrent mark sweep GC freed 8(256B) AllocSpace objects, 0(0B) LOS objects, 23% free, 51MB/67MB, paused 854us total 30.063ms
08-06 11:38:15.929 15100 15112 I art     : Starting a blocking GC Explicit
08-06 11:38:15.960 15100 15112 I art     : Explicit concurrent mark sweep GC freed 7(224B) AllocSpace objects, 0(0B) LOS objects, 23% free, 51MB/67MB, paused 860us total 30.639ms
08-06 11:38:15.968 15100 15112 I art     : Starting a blocking GC Explicit
08-06 11:38:15.999 15100 15112 I art     : Explicit concurrent mark sweep GC freed 37(1040B) AllocSpace objects, 0(0B) LOS objects, 23% free, 51MB/67MB, paused 877us total 30.498ms
08-06 11:38:16.353 15100 15220 I art     : Starting a blocking GC Explicit
08-06 11:38:16.392 15100 15220 I art     : Explicit concurrent mark sweep GC freed 1428(82KB) AllocSpace objects, 1(20KB) LOS objects, 23% free, 51MB/67MB, paused 918us total 39.449ms
08-06 11:38:16.402 15100 15220 I art     : Starting a blocking GC Explicit
08-06 11:38:16.434 15100 15220 I art     : Explicit concurrent mark sweep GC freed 32(1040B) AllocSpace objects, 0(0B) LOS objects, 23% free, 51MB/67MB, paused 761us total 30.876ms
08-06 11:38:16.442 15100 15220 I art     : Starting a blocking GC Explicit
08-06 11:38:16.478 15100 15220 I art     : Explicit concurrent mark sweep GC freed 14(448B) AllocSpace objects, 0(0B) LOS objects, 23% free, 51MB/67MB, paused 1.057ms total 35.198ms
08-06 11:38:16.488 15100 15220 I art     : Starting a blocking GC Explicit
08-06 11:38:16.521 15100 15220 I art     : Explicit concurrent mark sweep GC freed 14(448B) AllocSpace objects, 0(0B) LOS objects, 23% free, 51MB/67MB, paused 947us total 32.349ms
08-06 11:38:16.530 15100 15220 I art     : Starting a blocking GC Explicit
08-06 11:38:16.563 15100 15220 I art     : Explicit concurrent mark sweep GC freed 12(384B) AllocSpace objects, 0(0B) LOS objects, 23% free, 51MB/67MB, paused 959us total 32.694ms
08-06 11:38:16.921 15100 17470 I art     : Starting a blocking GC Explicit
08-06 11:38:16.967 15100 17470 I art     : Explicit concurrent mark sweep GC freed 1405(82KB) AllocSpace objects, 1(20KB) LOS objects, 23% free, 51MB/67MB, paused 938us total 45.904ms
08-06 11:38:16.977 15100 17470 I art     : Starting a blocking GC Explicit
08-06 11:38:17.013 15100 17470 I art     : Explicit concurrent mark sweep GC freed 52(1536B) AllocSpace objects, 0(0B) LOS objects, 23% free, 51MB/67MB, paused 923us total 35.937ms
08-06 11:38:17.023 15100 17470 I art     : Starting a blocking GC Explicit
08-06 11:38:17.058 15100 17470 I art     : Explicit concurrent mark sweep GC freed 3(96B) AllocSpace objects, 0(0B) LOS objects, 23% free, 51MB/67MB, paused 1.009ms total 35.117ms
08-06 11:38:17.068 15100 17470 I art     : Starting a blocking GC Explicit
08-06 11:38:17.102 15100 17470 I art     : Explicit concurrent mark sweep GC freed 3(96B) AllocSpace objects, 0(0B) LOS objects, 23% free, 51MB/67MB, paused 915us total 33.938ms
08-06 11:38:17.111 15100 17470 I art     : Starting a blocking GC Explicit
08-06 11:38:17.146 15100 17470 I art     : Explicit concurrent mark sweep GC freed 3(96B) AllocSpace objects, 0(0B) LOS objects, 23% free, 51MB/67MB, paused 836us total 34.173ms
08-06 11:38:17.500 15100 15220 I art     : Starting a blocking GC Explicit
08-06 11:38:17.511 14957 14957 I ServiceManager: Waiting for service AtCmdFwd...
08-06 11:38:17.541 15100 15220 I art     : Explicit concurrent mark sweep GC freed 1382(81KB) AllocSpace objects, 1(20KB) LOS objects, 23% free, 51MB/67MB, paused 933us total 40.830ms
08-06 11:38:17.551 15100 15220 I art     : Starting a blocking GC Explicit
08-06 11:38:17.587 15100 15220 I art     : Explicit concurrent mark sweep GC freed 23(752B) AllocSpace objects, 0(0B) LOS objects, 23% free, 51MB/67MB, paused 916us total 35.302ms
08-06 11:38:17.596 15100 15220 I art     : Starting a blocking GC Explicit
08-06 11:38:17.631 15100 15220 I art     : Explicit concurrent mark sweep GC freed 3(96B) AllocSpace objects, 0(0B) LOS objects, 23% free, 51MB/67MB, paused 925us total 34.865ms
08-06 11:38:17.641 15100 15220 I art     : Starting a blocking GC Explicit
08-06 11:38:17.676 15100 15220 I art     : Explicit concurrent mark sweep GC freed 3(96B) AllocSpace objects, 0(0B) LOS objects, 23% free, 51MB/67MB, paused 921us total 35.012ms
08-06 11:38:17.685 15100 15220 I art     : Starting a blocking GC Explicit
08-06 11:38:17.720 15100 15220 I art     : Explicit concurrent mark sweep GC freed 3(96B) AllocSpace objects, 0(0B) LOS objects, 23% free, 51MB/67MB, paused 932us total 34.793ms
08-06 11:38:18.096 15100 15112 I art     : Starting a blocking GC Explicit
08-06 11:38:18.144 15100 15112 I art     : Explicit concurrent mark sweep GC freed 1411(83KB) AllocSpace objects, 1(20KB) LOS objects, 23% free, 51MB/67MB, paused 1.058ms total 47.101ms
08-06 11:38:18.158 15100 15112 I art     : Starting a blocking GC Explicit
08-06 11:38:18.195 15100 15112 I art     : Explicit concurrent mark sweep GC freed 23(752B) AllocSpace objects, 0(0B) LOS objects, 23% free, 51MB/67MB, paused 1.055ms total 36.285ms
08-06 11:38:18.205 15100 15112 I art     : Starting a blocking GC Explicit
08-06 11:38:18.238 15100 15112 I art     : Explicit concurrent mark sweep GC freed 3(96B) AllocSpace objects, 0(0B) LOS objects, 23% free, 51MB/67MB, paused 888us total 32.943ms
08-06 11:38:18.248 15100 15112 I art     : Starting a blocking GC Explicit
08-06 11:38:18.280 15100 15112 I art     : Explicit concurrent mark sweep GC freed 3(96B) AllocSpace objects, 0(0B) LOS objects, 23% free, 51MB/67MB, paused 926us total 31.805ms
08-06 11:38:18.289 15100 15112 I art     : Starting a blocking GC Explicit
08-06 11:38:18.321 15100 15112 I art     : Explicit concurrent mark sweep GC freed 3(96B) AllocSpace objects, 0(0B) LOS objects, 23% free, 51MB/67MB, paused 891us total 31.743ms
08-06 11:38:18.512 14957 14957 I ServiceManager: Waiting for service AtCmdFwd...
08-06 11:38:18.540 18220 18220 D AndroidRuntime: >>>>>> START com.android.internal.os.RuntimeInit uid 2000 <<<<<<
08-06 11:38:18.545 18220 18220 D AndroidRuntime: CheckJNI is OFF
08-06 11:38:18.570 18220 18220 D ICU     : No timezone override file found: /data/misc/zoneinfo/current/icu/icu_tzdata.dat
08-06 11:38:18.595 18220 18220 I Radio-JNI: register_android_hardware_Radio DONE
08-06 11:38:18.612 18220 18220 D AndroidRuntime: Calling main entry com.android.commands.input.Input
08-06 11:38:18.613 18220 18220 I Input   : injectKeyEvent: KeyEvent { action=ACTION_DOWN, keyCode=KEYCODE_BACK, scanCode=0, metaState=0, flags=0x0, repeatCount=0, eventTime=877115027, downTime=877115027, deviceId=-1, source=0x101 }
08-06 11:38:18.619 18220 18220 I Input   : injectKeyEvent: KeyEvent { action=ACTION_UP, keyCode=KEYCODE_BACK, scanCode=0, metaState=0, flags=0x0, repeatCount=0, eventTime=877115027, downTime=877115027, deviceId=-1, source=0x101 }
08-06 11:38:18.635 15100 15100 D ItemlistFragment: onEventMainThread() called with: event = [DownloadEvent{update=DownloaderUpdate{downloaders=[], feedIds=[], mediaIds=[]}}]
08-06 11:38:18.636 15100 15124 D DBReader: getFeed() called with: feedId = [2]
08-06 11:38:18.637 15100 15124 D DBReader: getFeedItemList() called with: feed = [baseline.de.danoeh.antennapod.core.feed.Feed@2]
08-06 11:38:18.637 18220 18220 D AndroidRuntime: Shutting down VM
08-06 11:38:18.639   918  3263 D ConnectivityService: releasing NetworkRequest NetworkRequest [ id=3917, legacyType=-1, [ Capabilities: INTERNET&NOT_RESTRICTED&TRUSTED] ]
08-06 11:38:18.649 15100 15113 I art     : Starting a blocking GC Explicit
08-06 11:38:18.657 15100 15100 D FeedMenuHandler: Preparing options menu
08-06 11:38:18.691 15100 15113 I art     : Explicit concurrent mark sweep GC freed 5703(272KB) AllocSpace objects, 1(20KB) LOS objects, 23% free, 53MB/69MB, paused 2.034ms total 41.506ms
08-06 11:38:18.698 15100 16048 D ApOkHttpUrlLoader: buildLoadData() called with: model = [http://static.libsyn.com/p/assets/7/1/f/3/71f3014e14ef2722/JREiTunesImage2.jpg], width = [1440], height = [462]
08-06 11:38:18.700 15100 15113 I art     : Starting a blocking GC Explicit
08-06 11:38:18.705 15100 15124 W PodDBAdapter: Length of id array is larger than 800. Creating multiple cursors
08-06 11:38:18.718 13866 13866 I GoogleInputMethodServic: GoogleInputMethodService.onFinishInput():3138 
08-06 11:38:18.719 13866 13866 I GoogleInputMethodServic: GoogleInputMethodService.onStartInput():1808 
08-06 11:38:18.738 15100 15113 I art     : Explicit concurrent mark sweep GC freed 7922(552KB) AllocSpace objects, 5(2MB) LOS objects, 23% free, 53MB/69MB, paused 1.277ms total 37.775ms
08-06 11:38:18.748 15100 15113 I art     : Starting a blocking GC Explicit
08-06 11:38:18.758 15100 15124 D DBReader: getFavoriteIDList() called
08-06 11:38:18.759 15100 15124 D DBReader: getQueueIDList() called
08-06 11:38:18.759 15100 15124 D DBReader: Extracting Feedlist
08-06 11:38:18.762 15100 16048 D ApOkHttpUrlLoader: buildLoadData() called with: model = [http://static.libsyn.com/p/assets/7/1/f/3/71f3014e14ef2722/JREiTunesImage2.jpg], width = [1440], height = [462]
08-06 11:38:18.772 15100 15100 D FeedMenuHandler: Preparing options menu
08-06 11:38:18.781 15100 15113 I art     : Explicit concurrent mark sweep GC freed 32528(2043KB) AllocSpace objects, 2(108KB) LOS objects, 22% free, 54MB/70MB, paused 1.449ms total 33.330ms
08-06 11:38:18.790 15100 15113 I art     : Starting a blocking GC Explicit
08-06 11:38:18.820 15100 15113 I art     : Explicit concurrent mark sweep GC freed 2697(114KB) AllocSpace objects, 1(16KB) LOS objects, 22% free, 54MB/70MB, paused 845us total 29.884ms
08-06 11:38:18.828 15100 15113 I art     : Starting a blocking GC Explicit
08-06 11:38:18.858 15100 15113 I art     : Explicit concurrent mark sweep GC freed 866(61KB) AllocSpace objects, 0(0B) LOS objects, 22% free, 54MB/70MB, paused 964us total 29.441ms
08-06 11:38:19.170 15100 15220 I art     : Starting a blocking GC Explicit
08-06 11:38:19.218 15100 15220 I art     : Explicit concurrent mark sweep GC freed 1410(81KB) AllocSpace objects, 1(20KB) LOS objects, 22% free, 54MB/70MB, paused 1.211ms total 47.584ms
08-06 11:38:19.229 15100 15220 I art     : Starting a blocking GC Explicit
08-06 11:38:19.266 15100 15220 I art     : Explicit concurrent mark sweep GC freed 23(752B) AllocSpace objects, 0(0B) LOS objects, 22% free, 54MB/70MB, paused 984us total 35.992ms
08-06 11:38:19.275 15100 15220 I art     : Starting a blocking GC Explicit
08-06 11:38:19.311 15100 15220 I art     : Explicit concurrent mark sweep GC freed 3(96B) AllocSpace objects, 0(0B) LOS objects, 22% free, 54MB/70MB, paused 951us total 35.361ms
08-06 11:38:19.320 15100 15220 I art     : Starting a blocking GC Explicit
08-06 11:38:19.356 15100 15220 I art     : Explicit concurrent mark sweep GC freed 3(96B) AllocSpace objects, 0(0B) LOS objects, 22% free, 54MB/70MB, paused 908us total 34.265ms
08-06 11:38:19.365 15100 15220 I art     : Starting a blocking GC Explicit
08-06 11:38:19.402 15100 15220 I art     : Explicit concurrent mark sweep GC freed 3(96B) AllocSpace objects, 0(0B) LOS objects, 22% free, 54MB/70MB, paused 907us total 36.179ms
08-06 11:38:19.512 14957 14957 I ServiceManager: Waiting for service AtCmdFwd...
08-06 11:38:19.732 15100 15112 I art     : Starting a blocking GC Explicit
08-06 11:38:19.776 15100 15112 I art     : Explicit concurrent mark sweep GC freed 1382(83KB) AllocSpace objects, 1(20KB) LOS objects, 22% free, 54MB/70MB, paused 952us total 43.114ms
08-06 11:38:19.786 15100 15112 I art     : Starting a blocking GC Explicit
08-06 11:38:19.821 15100 15112 I art     : Explicit concurrent mark sweep GC freed 23(752B) AllocSpace objects, 0(0B) LOS objects, 22% free, 54MB/70MB, paused 900us total 34.406ms
08-06 11:38:19.830 15100 15112 I art     : Starting a blocking GC Explicit
08-06 11:38:19.865 15100 15112 I art     : Explicit concurrent mark sweep GC freed 3(96B) AllocSpace objects, 0(0B) LOS objects, 22% free, 54MB/70MB, paused 825us total 34.259ms
08-06 11:38:19.874 15100 15112 I art     : Starting a blocking GC Explicit
08-06 11:38:19.906 15100 15112 I art     : Explicit concurrent mark sweep GC freed 3(96B) AllocSpace objects, 0(0B) LOS objects, 22% free, 54MB/70MB, paused 926us total 31.793ms
08-06 11:38:19.915 15100 15112 I art     : Starting a blocking GC Explicit
08-06 11:38:19.945 15100 15112 I art     : Explicit concurrent mark sweep GC freed 5(176B) AllocSpace objects, 0(0B) LOS objects, 22% free, 54MB/70MB, paused 898us total 29.547ms
08-06 11:38:20.173 18272 18272 D AndroidRuntime: >>>>>> START com.android.internal.os.RuntimeInit uid 2000 <<<<<<
08-06 11:38:20.177 18272 18272 D AndroidRuntime: CheckJNI is OFF
08-06 11:38:20.205 18272 18272 D ICU     : No timezone override file found: /data/misc/zoneinfo/current/icu/icu_tzdata.dat
08-06 11:38:20.231 18272 18272 I Radio-JNI: register_android_hardware_Radio DONE
08-06 11:38:20.244 15100 17470 I art     : Starting a blocking GC Explicit
08-06 11:38:20.249 18272 18272 D AndroidRuntime: Calling main entry com.android.commands.input.Input
08-06 11:38:20.251 18272 18272 I Input   : injectMotionEvent: MotionEvent { action=ACTION_DOWN, actionButton=0, id[0]=0, x[0]=103.0, y[0]=192.0, toolType[0]=TOOL_TYPE_UNKNOWN, buttonState=0, metaState=0, flags=0x0, edgeFlags=0x0, pointerCount=1, historySize=0, eventTime=877116664, downTime=877116664, deviceId=0, source=0x1002 }
08-06 11:38:20.261 18272 18272 I Input   : injectMotionEvent: MotionEvent { action=ACTION_UP, actionButton=0, id[0]=0, x[0]=103.0, y[0]=192.0, toolType[0]=TOOL_TYPE_UNKNOWN, buttonState=0, metaState=0, flags=0x0, edgeFlags=0x0, pointerCount=1, historySize=0, eventTime=877116664, downTime=877116664, deviceId=0, source=0x1002 }
08-06 11:38:20.262 18272 18272 D AndroidRuntime: Shutting down VM
08-06 11:38:20.272   512  2967 D audio_hw_primary: out_set_parameters: enter: usecase(1: low-latency-playback) kvpairs: routing=2
08-06 11:38:20.285   512  2967 D audio_hw_primary: select_devices: out_snd_device(2: speaker) in_snd_device(0: none)
08-06 11:38:20.285   512  2967 D msm8974_platform: platform_send_audio_calibration: sending audio calibration for snd_device(2) acdb_id(15)
08-06 11:38:20.285   512  2967 I soundtrigger: audio_extn_sound_trigger_update_device_status: device 0x2 of type 0 for Event 1
08-06 11:38:20.285 15100 17470 I art     : Explicit concurrent mark sweep GC freed 1440(83KB) AllocSpace objects, 1(20KB) LOS objects, 22% free, 54MB/70MB, paused 909us total 41.065ms
08-06 11:38:20.296 15100 17470 I art     : Starting a blocking GC Explicit
08-06 11:38:20.297   512  2967 D audio_hw_primary: enable_snd_device: snd_device(2: speaker)
08-06 11:38:20.299   512  2967 D audio_hw_primary: enable_audio_route: apply and update mixer path: low-latency-playback speaker
08-06 11:38:20.326 15100 17470 I art     : Explicit concurrent mark sweep GC freed 53(2016B) AllocSpace objects, 0(0B) LOS objects, 22% free, 54MB/70MB, paused 855us total 30.500ms
08-06 11:38:20.335 15100 17470 I art     : Starting a blocking GC Explicit
08-06 11:38:20.366 15100 17470 I art     : Explicit concurrent mark sweep GC freed 389(19KB) AllocSpace objects, 0(0B) LOS objects, 22% free, 54MB/70MB, paused 914us total 30.936ms
08-06 11:38:20.375 15100 17470 I art     : Starting a blocking GC Explicit
08-06 11:38:20.407 15100 17470 I art     : Explicit concurrent mark sweep GC freed 12(544B) AllocSpace objects, 0(0B) LOS objects, 22% free, 54MB/70MB, paused 913us total 31.674ms
08-06 11:38:20.417 15100 17470 I art     : Starting a blocking GC Explicit
08-06 11:38:20.449 15100 17470 I art     : Explicit concurrent mark sweep GC freed 7(224B) AllocSpace objects, 0(0B) LOS objects, 22% free, 54MB/70MB, paused 926us total 31.985ms
08-06 11:38:20.512 14957 14957 I ServiceManager: Waiting for service AtCmdFwd...
08-06 11:38:20.728 15100 15112 I art     : Starting a blocking GC Explicit
08-06 11:38:20.774 15100 15112 I art     : Explicit concurrent mark sweep GC freed 2116(109KB) AllocSpace objects, 1(20KB) LOS objects, 22% free, 54MB/70MB, paused 1.020ms total 45.466ms
08-06 11:38:20.783 15100 15112 I art     : Starting a blocking GC Explicit
08-06 11:38:20.816 15100 15112 I art     : Explicit concurrent mark sweep GC freed 48(1888B) AllocSpace objects, 0(0B) LOS objects, 22% free, 54MB/70MB, paused 843us total 32.589ms
08-06 11:38:20.824 15100 15112 I art     : Starting a blocking GC Explicit
08-06 11:38:20.850   512  2967 D audio_hw_primary: disable_audio_route: reset and update mixer path: low-latency-playback speaker
08-06 11:38:20.851   512  2967 D audio_hw_primary: disable_snd_device: snd_device(2: speaker)
08-06 11:38:20.855 15100 15112 I art     : Explicit concurrent mark sweep GC freed 3(96B) AllocSpace objects, 0(0B) LOS objects, 22% free, 54MB/70MB, paused 883us total 30.487ms
08-06 11:38:20.859   512  2967 I soundtrigger: audio_extn_sound_trigger_update_device_status: device 0x2 of type 0 for Event 0
08-06 11:38:20.864 15100 15112 I art     : Starting a blocking GC Explicit
08-06 11:38:20.896 15100 15112 I art     : Explicit concurrent mark sweep GC freed 3(96B) AllocSpace objects, 0(0B) LOS objects, 22% free, 54MB/70MB, paused 855us total 31.825ms
08-06 11:38:20.905 15100 15112 I art     : Starting a blocking GC Explicit
08-06 11:38:20.935 15100 15112 I art     : Explicit concurrent mark sweep GC freed 3(96B) AllocSpace objects, 0(0B) LOS objects, 22% free, 54MB/70MB, paused 840us total 29.582ms
08-06 11:38:20.941   918  3261 D WifiStateMachine: starting scan for "H369AA63323"WPA_PSK with 2412,5180
08-06 11:38:21.255 15100 15113 I art     : Starting a blocking GC Explicit
08-06 11:38:21.299 15100 15113 I art     : Explicit concurrent mark sweep GC freed 2299(114KB) AllocSpace objects, 1(20KB) LOS objects, 22% free, 53MB/69MB, paused 1.122ms total 43.511ms
08-06 11:38:21.309 15100 15113 I art     : Starting a blocking GC Explicit
08-06 11:38:21.342 15100 15113 I art     : Explicit concurrent mark sweep GC freed 25(816B) AllocSpace objects, 0(0B) LOS objects, 22% free, 53MB/69MB, paused 872us total 32.775ms
08-06 11:38:21.352 15100 15113 I art     : Starting a blocking GC Explicit
08-06 11:38:21.387 15100 15113 I art     : Explicit concurrent mark sweep GC freed 3(96B) AllocSpace objects, 0(0B) LOS objects, 22% free, 53MB/69MB, paused 914us total 34.924ms
08-06 11:38:21.396 15100 15113 I art     : Starting a blocking GC Explicit
08-06 11:38:21.431 15100 15113 I art     : Explicit concurrent mark sweep GC freed 3(96B) AllocSpace objects, 0(0B) LOS objects, 22% free, 53MB/69MB, paused 886us total 34.586ms
08-06 11:38:21.440 15100 15113 I art     : Starting a blocking GC Explicit
08-06 11:38:21.475 15100 15113 I art     : Explicit concurrent mark sweep GC freed 3(96B) AllocSpace objects, 0(0B) LOS objects, 22% free, 53MB/69MB, paused 1.036ms total 34.810ms
08-06 11:38:21.513 14957 14957 I ServiceManager: Waiting for service AtCmdFwd...
08-06 11:38:21.763 15100 17470 I art     : Starting a blocking GC Explicit
08-06 11:38:21.797 15100 17470 I art     : Explicit concurrent mark sweep GC freed 1502(91KB) AllocSpace objects, 1(20KB) LOS objects, 22% free, 53MB/69MB, paused 905us total 34.462ms
08-06 11:38:21.808 15100 17470 I art     : Starting a blocking GC Explicit
08-06 11:38:21.810 18315 18315 D AndroidRuntime: >>>>>> START com.android.internal.os.RuntimeInit uid 2000 <<<<<<
08-06 11:38:21.814 18315 18315 D AndroidRuntime: CheckJNI is OFF
08-06 11:38:21.839 15100 17470 I art     : Explicit concurrent mark sweep GC freed 23(752B) AllocSpace objects, 0(0B) LOS objects, 22% free, 53MB/69MB, paused 860us total 31.207ms
08-06 11:38:21.841 18315 18315 D ICU     : No timezone override file found: /data/misc/zoneinfo/current/icu/icu_tzdata.dat
08-06 11:38:21.847 15100 17470 I art     : Starting a blocking GC Explicit
08-06 11:38:21.865 18315 18315 I Radio-JNI: register_android_hardware_Radio DONE
08-06 11:38:21.877 15100 17470 I art     : Explicit concurrent mark sweep GC freed 3(96B) AllocSpace objects, 0(0B) LOS objects, 22% free, 53MB/69MB, paused 927us total 29.616ms
08-06 11:38:21.881 18315 18315 D AndroidRuntime: Calling main entry com.android.commands.input.Input
08-06 11:38:21.883 18315 18315 I Input   : injectMotionEvent: MotionEvent { action=ACTION_DOWN, actionButton=0, id[0]=0, x[0]=409.0, y[0]=1034.0, toolType[0]=TOOL_TYPE_UNKNOWN, buttonState=0, metaState=0, flags=0x0, edgeFlags=0x0, pointerCount=1, historySize=0, eventTime=877118296, downTime=877118296, deviceId=0, source=0x1002 }
08-06 11:38:21.886 15100 17470 I art     : Starting a blocking GC Explicit
08-06 11:38:21.889 18315 18315 I Input   : injectMotionEvent: MotionEvent { action=ACTION_UP, actionButton=0, id[0]=0, x[0]=409.0, y[0]=1034.0, toolType[0]=TOOL_TYPE_UNKNOWN, buttonState=0, metaState=0, flags=0x0, edgeFlags=0x0, pointerCount=1, historySize=0, eventTime=877118296, downTime=877118296, deviceId=0, source=0x1002 }
08-06 11:38:21.891 18315 18315 D AndroidRuntime: Shutting down VM
08-06 11:38:21.918 15100 17470 I art     : Explicit concurrent mark sweep GC freed 41(1424B) AllocSpace objects, 0(0B) LOS objects, 22% free, 53MB/69MB, paused 897us total 32.425ms
08-06 11:38:21.927 15100 17470 I art     : Starting a blocking GC Explicit
08-06 11:38:21.955 15100 15100 D MainActivity: loadFragment(index: 5, args: null)
08-06 11:38:21.955 15100 15100 D MainActivity: loadFragment(tag: AddFeedFragment, args: null)
08-06 11:38:21.956 15100 15100 D MainActivity: saveLastNavFragment(tag: AddFeedFragment)
08-06 11:38:21.957   512  2967 D audio_hw_primary: out_set_parameters: enter: usecase(1: low-latency-playback) kvpairs: routing=2
08-06 11:38:21.957 15100 15100 D MainActivity: getLastNavFragment() -> AddFeedFragment
08-06 11:38:21.960 15100 17470 I art     : Explicit concurrent mark sweep GC freed 63(2896B) AllocSpace objects, 0(0B) LOS objects, 22% free, 53MB/69MB, paused 1.182ms total 32.026ms
08-06 11:38:21.970   512  2967 D audio_hw_primary: select_devices: out_snd_device(2: speaker) in_snd_device(0: none)
08-06 11:38:21.970   512  2967 D msm8974_platform: platform_send_audio_calibration: sending audio calibration for snd_device(2) acdb_id(15)
08-06 11:38:21.970   512  2967 I soundtrigger: audio_extn_sound_trigger_update_device_status: device 0x2 of type 0 for Event 1
08-06 11:38:21.979   512  2967 D audio_hw_primary: enable_snd_device: snd_device(2: speaker)
08-06 11:38:21.981   512  2967 D audio_hw_primary: enable_audio_route: apply and update mixer path: low-latency-playback speaker
08-06 11:38:21.990 13866 13866 I GoogleInputMethodServic: GoogleInputMethodService.onFinishInput():3138 
08-06 11:38:21.991 13866 13866 I GoogleInputMethodServic: GoogleInputMethodService.onStartInput():1808 
08-06 11:38:22.221 15100 15112 I art     : Starting a blocking GC Explicit
08-06 11:38:22.258 15100 15112 I art     : Explicit concurrent mark sweep GC freed 3783(199KB) AllocSpace objects, 2(40KB) LOS objects, 22% free, 54MB/70MB, paused 860us total 36.972ms
08-06 11:38:22.269 15100 15112 I art     : Starting a blocking GC Explicit
08-06 11:38:22.296 15100 15112 I art     : Explicit concurrent mark sweep GC freed 31499(2MB) AllocSpace objects, 9(3MB) LOS objects, 24% free, 48MB/64MB, paused 733us total 27.258ms
08-06 11:38:22.304 15100 15112 I art     : Starting a blocking GC Explicit
08-06 11:38:22.328 15100 15112 I art     : Explicit concurrent mark sweep GC freed 11(352B) AllocSpace objects, 0(0B) LOS objects, 24% free, 48MB/64MB, paused 768us total 23.482ms
08-06 11:38:22.335 15100 15112 I art     : Starting a blocking GC Explicit
08-06 11:38:22.359 15100 15112 I art     : Explicit concurrent mark sweep GC freed 3(96B) AllocSpace objects, 0(0B) LOS objects, 24% free, 48MB/64MB, paused 846us total 23.540ms
08-06 11:38:22.367 15100 15112 I art     : Starting a blocking GC Explicit
08-06 11:38:22.391 15100 15112 I art     : Explicit concurrent mark sweep GC freed 114(4KB) AllocSpace objects, 0(0B) LOS objects, 24% free, 48MB/64MB, paused 997us total 24.292ms
08-06 11:38:22.398 13866 13866 I GoogleInputMethodServic: GoogleInputMethodService.onFinishInput():3138 
08-06 11:38:22.398 13866 13866 I GoogleInputMethodServic: GoogleInputMethodService.onStartInput():1808 
08-06 11:38:22.513 14957 14957 W Atfwd_Sendcmd: AtCmdFwd service not published, waiting... retryCnt : 3
08-06 11:38:22.519   512  2967 D audio_hw_primary: disable_audio_route: reset and update mixer path: low-latency-playback speaker
08-06 11:38:22.520   512  2967 D audio_hw_primary: disable_snd_device: snd_device(2: speaker)
08-06 11:38:22.530   512  2967 I soundtrigger: audio_extn_sound_trigger_update_device_status: device 0x2 of type 0 for Event 0
08-06 11:38:22.708 15100 15112 I art     : Starting a blocking GC Explicit
08-06 11:38:22.737 15100 15112 I art     : Explicit concurrent mark sweep GC freed 1534(87KB) AllocSpace objects, 1(20KB) LOS objects, 24% free, 48MB/64MB, paused 912us total 28.615ms
08-06 11:38:22.745 15100 15112 I art     : Starting a blocking GC Explicit
08-06 11:38:22.772 15100 15112 I art     : Explicit concurrent mark sweep GC freed 98(5KB) AllocSpace objects, 0(0B) LOS objects, 24% free, 48MB/64MB, paused 810us total 26.364ms
08-06 11:38:22.779 15100 15112 I art     : Starting a blocking GC Explicit
08-06 11:38:22.804 15100 15112 I art     : Explicit concurrent mark sweep GC freed 3(96B) AllocSpace objects, 0(0B) LOS objects, 24% free, 48MB/64MB, paused 726us total 24.571ms
08-06 11:38:22.812 15100 15112 I art     : Starting a blocking GC Explicit
08-06 11:38:22.836 15100 15112 I art     : Explicit concurrent mark sweep GC freed 5(160B) AllocSpace objects, 0(0B) LOS objects, 24% free, 48MB/64MB, paused 815us total 24.303ms
08-06 11:38:22.844 15100 15112 I art     : Starting a blocking GC Explicit
08-06 11:38:22.869 15100 15112 I art     : Explicit concurrent mark sweep GC freed 3(96B) AllocSpace objects, 0(0B) LOS objects, 24% free, 48MB/64MB, paused 790us total 25.036ms
08-06 11:38:23.196 15100 15113 I art     : Starting a blocking GC Explicit
08-06 11:38:23.223 15100 15113 I art     : Explicit concurrent mark sweep GC freed 1409(81KB) AllocSpace objects, 1(20KB) LOS objects, 24% free, 48MB/64MB, paused 856us total 26.844ms
08-06 11:38:23.231 15100 15113 I art     : Starting a blocking GC Explicit
08-06 11:38:23.258 15100 15113 I art     : Explicit concurrent mark sweep GC freed 23(752B) AllocSpace objects, 0(0B) LOS objects, 24% free, 48MB/64MB, paused 933us total 26.942ms
08-06 11:38:23.267 15100 15113 I art     : Starting a blocking GC Explicit
08-06 11:38:23.291 15100 15113 I art     : Explicit concurrent mark sweep GC freed 3(96B) AllocSpace objects, 0(0B) LOS objects, 24% free, 48MB/64MB, paused 840us total 24.066ms
08-06 11:38:23.298 15100 15113 I art     : Starting a blocking GC Explicit
08-06 11:38:23.322 15100 15113 I art     : Explicit concurrent mark sweep GC freed 3(96B) AllocSpace objects, 0(0B) LOS objects, 24% free, 48MB/64MB, paused 765us total 23.251ms
08-06 11:38:23.329 15100 15113 I art     : Starting a blocking GC Explicit
08-06 11:38:23.353 15100 15113 I art     : Explicit concurrent mark sweep GC freed 3(96B) AllocSpace objects, 0(0B) LOS objects, 24% free, 48MB/64MB, paused 823us total 23.657ms
08-06 11:38:23.448 18372 18372 D AndroidRuntime: >>>>>> START com.android.internal.os.RuntimeInit uid 2000 <<<<<<
08-06 11:38:23.452 18372 18372 D AndroidRuntime: CheckJNI is OFF
08-06 11:38:23.481 18372 18372 D ICU     : No timezone override file found: /data/misc/zoneinfo/current/icu/icu_tzdata.dat
08-06 11:38:23.507 18372 18372 I Radio-JNI: register_android_hardware_Radio DONE
08-06 11:38:23.522 18372 18372 D AndroidRuntime: Calling main entry com.android.commands.input.Input
08-06 11:38:23.523 18372 18372 I Input   : injectMotionEvent: MotionEvent { action=ACTION_DOWN, actionButton=0, id[0]=0, x[0]=603.0, y[0]=1061.0, toolType[0]=TOOL_TYPE_UNKNOWN, buttonState=0, metaState=0, flags=0x0, edgeFlags=0x0, pointerCount=1, historySize=0, eventTime=877119936, downTime=877119936, deviceId=0, source=0x1002 }
08-06 11:38:23.528 18372 18372 I Input   : injectMotionEvent: MotionEvent { action=ACTION_UP, actionButton=0, id[0]=0, x[0]=603.0, y[0]=1061.0, toolType[0]=TOOL_TYPE_UNKNOWN, buttonState=0, metaState=0, flags=0x0, edgeFlags=0x0, pointerCount=1, historySize=0, eventTime=877119936, downTime=877119936, deviceId=0, source=0x1002 }
08-06 11:38:23.531 18372 18372 D AndroidRuntime: Shutting down VM
08-06 11:38:23.549   512  2967 D audio_hw_primary: out_set_parameters: enter: usecase(1: low-latency-playback) kvpairs: routing=2
08-06 11:38:23.562   512  2967 D audio_hw_primary: select_devices: out_snd_device(2: speaker) in_snd_device(0: none)
08-06 11:38:23.562   512  2967 D msm8974_platform: platform_send_audio_calibration: sending audio calibration for snd_device(2) acdb_id(15)
08-06 11:38:23.562   512  2967 I soundtrigger: audio_extn_sound_trigger_update_device_status: device 0x2 of type 0 for Event 1
08-06 11:38:23.573   512  2967 D audio_hw_primary: enable_snd_device: snd_device(2: speaker)
08-06 11:38:23.575   512  2967 D audio_hw_primary: enable_audio_route: apply and update mixer path: low-latency-playback speaker
08-06 11:38:23.598 13866 13866 I GoogleInputMethodServic: GoogleInputMethodService.onFinishInput():3138 
08-06 11:38:23.598 13866 13866 I GoogleInputMethodServic: GoogleInputMethodService.onStartInput():1808 
08-06 11:38:23.624 15100 15113 I art     : Starting a blocking GC Explicit
08-06 11:38:23.648 15100 15113 I art     : Explicit concurrent mark sweep GC freed 4796(337KB) AllocSpace objects, 1(20KB) LOS objects, 24% free, 49MB/65MB, paused 879us total 24.111ms
08-06 11:38:23.656 15100 15113 I art     : Starting a blocking GC Explicit
08-06 11:38:23.680 15100 15113 I art     : Explicit concurrent mark sweep GC freed 1832(94KB) AllocSpace objects, 1(220KB) LOS objects, 24% free, 49MB/65MB, paused 886us total 23.792ms
08-06 11:38:23.687 15100 15113 I art     : Starting a blocking GC Explicit
08-06 11:38:23.710 15100 15113 I art     : Explicit concurrent mark sweep GC freed 32(1248B) AllocSpace objects, 0(0B) LOS objects, 24% free, 49MB/65MB, paused 848us total 23.430ms
08-06 11:38:23.718 15100 15113 I art     : Starting a blocking GC Explicit
08-06 11:38:23.741 15100 15113 I art     : Explicit concurrent mark sweep GC freed 19(688B) AllocSpace objects, 0(0B) LOS objects, 24% free, 49MB/65MB, paused 1.147ms total 23.705ms
08-06 11:38:23.749 15100 15113 I art     : Starting a blocking GC Explicit
08-06 11:38:23.772 15100 15113 I art     : Explicit concurrent mark sweep GC freed 17(656B) AllocSpace objects, 0(0B) LOS objects, 24% free, 49MB/65MB, paused 897us total 23.686ms
08-06 11:38:24.040 15100 15220 I art     : Starting a blocking GC Explicit
08-06 11:38:24.068 15100 15220 I art     : Explicit concurrent mark sweep GC freed 1526(86KB) AllocSpace objects, 1(20KB) LOS objects, 24% free, 49MB/65MB, paused 1.121ms total 27.059ms
08-06 11:38:24.075 15100 15220 I art     : Starting a blocking GC Explicit
08-06 11:38:24.101 15100 15220 I art     : Explicit concurrent mark sweep GC freed 107(3KB) AllocSpace objects, 0(0B) LOS objects, 24% free, 49MB/65MB, paused 879us total 25.549ms
08-06 11:38:24.109 15100 15220 I art     : Starting a blocking GC Explicit
08-06 11:38:24.110   512  2967 D audio_hw_primary: disable_audio_route: reset and update mixer path: low-latency-playback speaker
08-06 11:38:24.111   512  2967 D audio_hw_primary: disable_snd_device: snd_device(2: speaker)
08-06 11:38:24.118   512  2967 I soundtrigger: audio_extn_sound_trigger_update_device_status: device 0x2 of type 0 for Event 0
08-06 11:38:24.133 15100 15220 I art     : Explicit concurrent mark sweep GC freed 23(864B) AllocSpace objects, 0(0B) LOS objects, 24% free, 49MB/65MB, paused 860us total 24.350ms
08-06 11:38:24.140 15100 15220 I art     : Starting a blocking GC Explicit
08-06 11:38:24.165 15100 15220 I art     : Explicit concurrent mark sweep GC freed 23(864B) AllocSpace objects, 0(0B) LOS objects, 24% free, 49MB/65MB, paused 865us total 24.338ms
08-06 11:38:24.172 15100 15220 I art     : Starting a blocking GC Explicit
08-06 11:38:24.196 15100 15220 I art     : Explicit concurrent mark sweep GC freed 23(864B) AllocSpace objects, 0(0B) LOS objects, 24% free, 49MB/65MB, paused 854us total 23.948ms
08-06 11:38:24.405 15100 18397 I NAPPA_EXPERIMENTATION: MetricNetworkRequestExecutionTime: REQUEST_DURATION_SYSTEM='817',REQUEST_DURATION_OKHTTP='37',REQUEST_SYNCHRONOUS='TRUE',RESPONSE_CODE='200',RESPONSE_METHOD='GET',RESPONSE_LENGTH_OKHTTP='2923',RESPONSE_LENGTH_HEADER='2923',REQUEST_PROTOCOL='http/1.1',REQUEST_URL='https://gpodder.net/api/2/tags/50.json',
08-06 11:38:24.430 15100 18396 I NAPPA_EXPERIMENTATION: MetricNetworkRequestExecutionTime: REQUEST_DURATION_SYSTEM='851',REQUEST_DURATION_OKHTTP='54',REQUEST_SYNCHRONOUS='TRUE',RESPONSE_CODE='200',RESPONSE_METHOD='GET',RESPONSE_LENGTH_OKHTTP='37507',RESPONSE_LENGTH_HEADER='37507',REQUEST_PROTOCOL='http/1.1',REQUEST_URL='https://gpodder.net/toplist/50.json',
08-06 11:38:24.478 15100 16048 D ApOkHttpUrlLoader: buildLoadData() called with: model = [http://sixgun.org/files/linuxoutlaws.jpg], width = [224], height = [224]
08-06 11:38:24.480 15100 15846 D DBReader: getImageAuthentication() called with: imageUrl = [http://sixgun.org/files/linuxoutlaws.jpg]
08-06 11:38:24.484 15100 15846 D ApOkHttpUrlLoader: no credentials for 'http://sixgun.org/files/linuxoutlaws.jpg'
08-06 11:38:24.485 15100 16048 D ApOkHttpUrlLoader: buildLoadData() called with: model = [https://files.thisamericanlife.org/sites/all/themes/thislife/img/tal-name-1400x1400.png], width = [224], height = [224]
08-06 11:38:24.487 15100 15848 D DBReader: getImageAuthentication() called with: imageUrl = [https://files.thisamericanlife.org/sites/all/themes/thislife/img/tal-name-1400x1400.png]
08-06 11:38:24.489 15100 15848 D ApOkHttpUrlLoader: no credentials for 'https://files.thisamericanlife.org/sites/all/themes/thislife/img/tal-name-1400x1400.png'
08-06 11:38:24.489 15100 16048 D ApOkHttpUrlLoader: buildLoadData() called with: model = [https://elroy.twit.tv/sites/default/files/styles/twit_album_art_2048x2048/public/images/shows/floss_weekly/album_art/audio/floss_albumart_mask.jpg?itok=IUjxKpwt], width = [224], height = [224]
08-06 11:38:24.491 15100 15853 D DBReader: getImageAuthentication() called with: imageUrl = [https://elroy.twit.tv/sites/default/files/styles/twit_album_art_2048x2048/public/images/shows/floss_weekly/album_art/audio/floss_albumart_mask.jpg?itok=IUjxKpwt]
08-06 11:38:24.493 15100 16048 D ApOkHttpUrlLoader: buildLoadData() called with: model = [http://ichef.bbci.co.uk/images/ic/3000x3000/p07kfvzb.jpg], width = [224], height = [224]
08-06 11:38:24.494 15100 15851 D DBReader: getImageAuthentication() called with: imageUrl = [http://ichef.bbci.co.uk/images/ic/3000x3000/p07kfvzb.jpg]
08-06 11:38:24.496 15100 15853 D ApOkHttpUrlLoader: no credentials for 'https://elroy.twit.tv/sites/default/files/styles/twit_album_art_2048x2048/public/images/shows/floss_weekly/album_art/audio/floss_albumart_mask.jpg?itok=IUjxKpwt'
08-06 11:38:24.497 15100 16048 D ApOkHttpUrlLoader: buildLoadData() called with: model = [https://pl.tedcdn.com/rss_feed_images/ted_talks_main_podcast/video.png], width = [224], height = [224]
08-06 11:38:24.498 15100 15850 D DBReader: getImageAuthentication() called with: imageUrl = [https://pl.tedcdn.com/rss_feed_images/ted_talks_main_podcast/video.png]
08-06 11:38:24.500 15100 15851 D ApOkHttpUrlLoader: no credentials for 'http://ichef.bbci.co.uk/images/ic/3000x3000/p07kfvzb.jpg'
08-06 11:38:24.501 15100 16048 D ApOkHttpUrlLoader: buildLoadData() called with: model = [https://elroy.twit.tv/sites/default/files/styles/twit_album_art_2048x2048/public/images/shows/this_week_in_tech/album_art/audio/twit1400audio.jpg?itok=J0vhatZb], width = [224], height = [224]
08-06 11:38:24.502 15100 15850 D ApOkHttpUrlLoader: no credentials for 'https://pl.tedcdn.com/rss_feed_images/ted_talks_main_podcast/video.png'
08-06 11:38:24.502 15100 15852 D DBReader: getImageAuthentication() called with: imageUrl = [https://elroy.twit.tv/sites/default/files/styles/twit_album_art_2048x2048/public/images/shows/this_week_in_tech/album_art/audio/twit1400audio.jpg?itok=J0vhatZb]
08-06 11:38:24.505 15100 15852 D ApOkHttpUrlLoader: no credentials for 'https://elroy.twit.tv/sites/default/files/styles/twit_album_art_2048x2048/public/images/shows/this_week_in_tech/album_art/audio/twit1400audio.jpg?itok=J0vhatZb'
08-06 11:38:24.505 15100 16048 D ApOkHttpUrlLoader: buildLoadData() called with: model = [http://ichef.bbci.co.uk/images/ic/3000x3000/p03gtk3j.jpg], width = [224], height = [224]
08-06 11:38:24.507 15100 15844 D DBReader: getImageAuthentication() called with: imageUrl = [http://ichef.bbci.co.uk/images/ic/3000x3000/p03gtk3j.jpg]
08-06 11:38:24.509 15100 17470 I art     : Starting a blocking GC Explicit
08-06 11:38:24.509 15100 15844 D ApOkHttpUrlLoader: no credentials for 'http://ichef.bbci.co.uk/images/ic/3000x3000/p03gtk3j.jpg'
08-06 11:38:24.536 15100 17470 I art     : Explicit concurrent mark sweep GC freed 11862(739KB) AllocSpace objects, 4(212KB) LOS objects, 24% free, 49MB/65MB, paused 1.049ms total 26.840ms
08-06 11:38:24.536 15100 15846 D DBWriter: updateFeedDownloadURL(original: http://sixgun.org/files/linuxoutlaws.jpg, updated: https://fab.industries/sixgun/files/linuxoutlaws.jpg)
08-06 11:38:24.543 15100 17470 I art     : Starting a blocking GC Explicit
08-06 11:38:24.569 15100 17470 I art     : Explicit concurrent mark sweep GC freed 1022(74KB) AllocSpace objects, 0(0B) LOS objects, 24% free, 49MB/65MB, paused 962us total 25.478ms
08-06 11:38:24.576 15100 17470 I art     : Starting a blocking GC Explicit
08-06 11:38:24.603 15100 17470 I art     : Explicit concurrent mark sweep GC freed 92(3KB) AllocSpace objects, 0(0B) LOS objects, 24% free, 49MB/65MB, paused 1.038ms total 26.187ms
08-06 11:38:24.606 15100 15844 D MYTAG   : interceptor 2a
08-06 11:38:24.606 15100 15844 I NAPPA_EXPERIMENTATION: MetricNetworkRequestExecutionTime: REQUEST_DURATION_SYSTEM='97',REQUEST_DURATION_OKHTTP='93',REQUEST_SYNCHRONOUS='TRUE',RESPONSE_CODE='200',RESPONSE_METHOD='GET',RESPONSE_LENGTH_OKHTTP='814284',RESPONSE_LENGTH_HEADER='814284',REQUEST_PROTOCOL='http/1.1',REQUEST_URL='http://ichef.bbci.co.uk/images/ic/3000x3000/p03gtk3j.jpg',
08-06 11:38:24.608 15100 15851 D MYTAG   : interceptor 2a
08-06 11:38:24.608 15100 15851 I NAPPA_EXPERIMENTATION: MetricNetworkRequestExecutionTime: REQUEST_DURATION_SYSTEM='108',REQUEST_DURATION_OKHTTP='104',REQUEST_SYNCHRONOUS='TRUE',RESPONSE_CODE='200',RESPONSE_METHOD='GET',RESPONSE_LENGTH_OKHTTP='589826',RESPONSE_LENGTH_HEADER='589826',REQUEST_PROTOCOL='http/1.1',REQUEST_URL='http://ichef.bbci.co.uk/images/ic/3000x3000/p07kfvzb.jpg',
08-06 11:38:24.610 15100 17470 I art     : Starting a blocking GC Explicit
08-06 11:38:24.637 15100 17470 I art     : Explicit concurrent mark sweep GC freed 644(55KB) AllocSpace objects, 0(0B) LOS objects, 24% free, 49MB/65MB, paused 982us total 26.518ms
08-06 11:38:24.645 15100 17470 I art     : Starting a blocking GC Explicit
08-06 11:38:24.670 15100 17470 I art     : Explicit concurrent mark sweep GC freed 21(1040B) AllocSpace objects, 0(0B) LOS objects, 24% free, 49MB/65MB, paused 1.329ms total 25.040ms
08-06 11:38:24.843 15100 15848 D MYTAG   : interceptor 2a
08-06 11:38:24.844 15100 15848 I NAPPA_EXPERIMENTATION: MetricNetworkRequestExecutionTime: REQUEST_DURATION_SYSTEM='354',REQUEST_DURATION_OKHTTP='39',REQUEST_SYNCHRONOUS='TRUE',RESPONSE_CODE='200',RESPONSE_METHOD='GET',RESPONSE_LENGTH_OKHTTP='52553',RESPONSE_LENGTH_HEADER='52553',REQUEST_PROTOCOL='http/1.1',REQUEST_URL='https://files.thisamericanlife.org/sites/all/themes/thislife/img/tal-name-1400x1400.png',
08-06 11:38:24.909 15100 15853 D MYTAG   : interceptor 2a
08-06 11:38:24.910 15100 15853 I NAPPA_EXPERIMENTATION: MetricNetworkRequestExecutionTime: REQUEST_DURATION_SYSTEM='413',REQUEST_DURATION_OKHTTP='198',REQUEST_SYNCHRONOUS='TRUE',RESPONSE_CODE='200',RESPONSE_METHOD='GET',RESPONSE_LENGTH_OKHTTP='297964',RESPONSE_LENGTH_HEADER='297964',REQUEST_PROTOCOL='h2',REQUEST_URL='https://elroy.twit.tv/sites/default/files/styles/twit_album_art_2048x2048/public/images/shows/floss_weekly/album_art/audio/floss_albumart_mask.jpg?itok=IUjxKpwt',
08-06 11:38:24.923 15100 15850 D MYTAG   : interceptor 2a
08-06 11:38:24.923 15100 15850 I NAPPA_EXPERIMENTATION: MetricNetworkRequestExecutionTime: REQUEST_DURATION_SYSTEM='421',REQUEST_DURATION_OKHTTP='178',REQUEST_SYNCHRONOUS='TRUE',RESPONSE_CODE='200',RESPONSE_METHOD='GET',RESPONSE_LENGTH_OKHTTP='89986',RESPONSE_LENGTH_HEADER='89986',REQUEST_PROTOCOL='h2',REQUEST_URL='https://pl.tedcdn.com/rss_feed_images/ted_talks_main_podcast/video.png',
08-06 11:38:24.941 15100 16624 I art     : Starting a blocking GC Explicit
08-06 11:38:24.956 15100 15846 D MYTAG   : interceptor 2a
08-06 11:38:24.956 15100 15846 I NAPPA_EXPERIMENTATION: MetricNetworkRequestExecutionTime: REQUEST_DURATION_SYSTEM='472',REQUEST_DURATION_OKHTTP='171',REQUEST_SYNCHRONOUS='TRUE',RESPONSE_CODE='404',RESPONSE_METHOD='GET',RESPONSE_LENGTH_OKHTTP='-1',RESPONSE_LENGTH_HEADER='1503',REQUEST_PROTOCOL='h2',REQUEST_URL='https://fab.industries/sixgun/files/linuxoutlaws.jpg',
08-06 11:38:24.958 15100 15100 W Glide   : Load failed for http://sixgun.org/files/linuxoutlaws.jpg with size [224x224]
08-06 11:38:24.958 15100 15100 W Glide   : class com.bumptech.glide.load.engine.GlideException: Failed to load resource
08-06 11:38:24.958 15100 15100 W Glide   : There was 1 cause:
08-06 11:38:24.958 15100 15100 W Glide   : com.bumptech.glide.load.HttpException()
08-06 11:38:24.958 15100 15100 W Glide   :  call GlideException#logRootCauses(String) for more detail
08-06 11:38:24.958 15100 15100 W Glide   :   Cause (1 of 1): class com.bumptech.glide.load.engine.GlideException: Fetching data failed, class java.io.InputStream, REMOTE
08-06 11:38:24.958 15100 15100 W Glide   : There was 1 cause:
08-06 11:38:24.958 15100 15100 W Glide   : com.bumptech.glide.load.HttpException()
08-06 11:38:24.958 15100 15100 W Glide   :  call GlideException#logRootCauses(String) for more detail
08-06 11:38:24.958 15100 15100 W Glide   :     Cause (1 of 1): class com.bumptech.glide.load.HttpException: 
08-06 11:38:24.958 15100 15100 I Glide   : Root cause (1 of 1)
08-06 11:38:24.958 15100 15100 I Glide   : com.bumptech.glide.load.HttpException: 
08-06 11:38:24.958 15100 15100 I Glide   : 	at com.bumptech.glide.integration.okhttp3.OkHttpStreamFetcher.onResponse(OkHttpStreamFetcher.java:73)
08-06 11:38:24.958 15100 15100 I Glide   : 	at okhttp3.RealCall$AsyncCall.execute(RealCall.java:174)
08-06 11:38:24.958 15100 15100 I Glide   : 	at okhttp3.internal.NamedRunnable.run(NamedRunnable.java:32)
08-06 11:38:24.958 15100 15100 I Glide   : 	at java.util.concurrent.ThreadPoolExecutor.runWorker(ThreadPoolExecutor.java:1113)
08-06 11:38:24.958 15100 15100 I Glide   : 	at java.util.concurrent.ThreadPoolExecutor$Worker.run(ThreadPoolExecutor.java:588)
08-06 11:38:24.958 15100 15100 I Glide   : 	at java.lang.Thread.run(Thread.java:818)
08-06 11:38:24.959 15100 15100 W Glide   : Load failed for http://sixgun.org/files/linuxoutlaws.jpg with size [224x224]
08-06 11:38:24.959 15100 15100 W Glide   : class com.bumptech.glide.load.engine.GlideException: Failed to load resource
08-06 11:38:24.959 15100 15100 W Glide   : There was 1 cause:
08-06 11:38:24.959 15100 15100 W Glide   : com.bumptech.glide.load.HttpException()
08-06 11:38:24.959 15100 15100 W Glide   :  call GlideException#logRootCauses(String) for more detail
08-06 11:38:24.959 15100 15100 W Glide   :   Cause (1 of 1): class com.bumptech.glide.load.engine.GlideException: Fetching data failed, class java.io.InputStream, REMOTE
08-06 11:38:24.959 15100 15100 W Glide   : There was 1 cause:
08-06 11:38:24.959 15100 15100 W Glide   : com.bumptech.glide.load.HttpException()
08-06 11:38:24.959 15100 15100 W Glide   :  call GlideException#logRootCauses(String) for more detail
08-06 11:38:24.959 15100 15100 W Glide   :     Cause (1 of 1): class com.bumptech.glide.load.HttpException: 
08-06 11:38:24.959 15100 15100 I Glide   : Root cause (1 of 1)
08-06 11:38:24.959 15100 15100 I Glide   : com.bumptech.glide.load.HttpException: 
08-06 11:38:24.959 15100 15100 I Glide   : 	at com.bumptech.glide.integration.okhttp3.OkHttpStreamFetcher.onResponse(OkHttpStreamFetcher.java:73)
08-06 11:38:24.959 15100 15100 I Glide   : 	at okhttp3.RealCall$AsyncCall.execute(RealCall.java:174)
08-06 11:38:24.959 15100 15100 I Glide   : 	at okhttp3.internal.NamedRunnable.run(NamedRunnable.java:32)
08-06 11:38:24.959 15100 15100 I Glide   : 	at java.util.concurrent.ThreadPoolExecutor.runWorker(ThreadPoolExecutor.java:1113)
08-06 11:38:24.959 15100 15100 I Glide   : 	at java.util.concurrent.ThreadPoolExecutor$Worker.run(ThreadPoolExecutor.java:588)
08-06 11:38:24.959 15100 15100 I Glide   : 	at java.lang.Thread.run(Thread.java:818)
08-06 11:38:24.970 15100 16624 I art     : Explicit concurrent mark sweep GC freed 13027(725KB) AllocSpace objects, 1(20KB) LOS objects, 24% free, 50MB/66MB, paused 1.122ms total 28.874ms
08-06 11:38:24.978 15100 16624 I art     : Starting a blocking GC Explicit
08-06 11:38:24.999 15100 15852 D MYTAG   : interceptor 2a
08-06 11:38:24.999 15100 15852 I NAPPA_EXPERIMENTATION: MetricNetworkRequestExecutionTime: REQUEST_DURATION_SYSTEM='494',REQUEST_DURATION_OKHTTP='283',REQUEST_SYNCHRONOUS='TRUE',RESPONSE_CODE='200',RESPONSE_METHOD='GET',RESPONSE_LENGTH_OKHTTP='465707',RESPONSE_LENGTH_HEADER='465707',REQUEST_PROTOCOL='h2',REQUEST_URL='https://elroy.twit.tv/sites/default/files/styles/twit_album_art_2048x2048/public/images/shows/this_week_in_tech/album_art/audio/twit1400audio.jpg?itok=J0vhatZb',
08-06 11:38:25.005 15100 16624 I art     : Explicit concurrent mark sweep GC freed 1182(58KB) AllocSpace objects, 0(0B) LOS objects, 24% free, 50MB/66MB, paused 922us total 26.347ms
08-06 11:38:25.012 15100 16624 I art     : Starting a blocking GC Explicit
08-06 11:38:25.037 15100 16624 I art     : Explicit concurrent mark sweep GC freed 100(3KB) AllocSpace objects, 0(0B) LOS objects, 24% free, 50MB/66MB, paused 943us total 25.078ms
08-06 11:38:25.045 15100 16624 I art     : Starting a blocking GC Explicit
08-06 11:38:25.069 15100 16624 I art     : Explicit concurrent mark sweep GC freed 171(9KB) AllocSpace objects, 0(0B) LOS objects, 23% free, 50MB/66MB, paused 1.098ms total 23.981ms
08-06 11:38:25.076 15100 16624 I art     : Starting a blocking GC Explicit
08-06 11:38:25.092 15100 16048 D ApOkHttpUrlLoader: buildLoadData() called with: model = [http://sixgun.org/files/linuxoutlaws.jpg], width = [224], height = [224]
08-06 11:38:25.093 15100 15852 D DBReader: getImageAuthentication() called with: imageUrl = [http://sixgun.org/files/linuxoutlaws.jpg]
08-06 11:38:25.096 15100 15852 D ApOkHttpUrlLoader: no credentials for 'http://sixgun.org/files/linuxoutlaws.jpg'
08-06 11:38:25.102 15100 16624 I art     : Explicit concurrent mark sweep GC freed 545(38KB) AllocSpace objects, 0(0B) LOS objects, 23% free, 50MB/66MB, paused 954us total 25.721ms
08-06 11:38:25.136 15100 15852 D DBWriter: updateFeedDownloadURL(original: http://sixgun.org/files/linuxoutlaws.jpg, updated: https://fab.industries/sixgun/files/linuxoutlaws.jpg)
08-06 11:38:25.274 15100 15852 D MYTAG   : interceptor 2a
08-06 11:38:25.275 15100 15852 I NAPPA_EXPERIMENTATION: MetricNetworkRequestExecutionTime: REQUEST_DURATION_SYSTEM='178',REQUEST_DURATION_OKHTTP='136',REQUEST_SYNCHRONOUS='TRUE',RESPONSE_CODE='404',RESPONSE_METHOD='GET',RESPONSE_LENGTH_OKHTTP='-1',RESPONSE_LENGTH_HEADER='1503',REQUEST_PROTOCOL='h2',REQUEST_URL='https://fab.industries/sixgun/files/linuxoutlaws.jpg',
08-06 11:38:25.293 15100 15100 W Glide   : Load failed for http://sixgun.org/files/linuxoutlaws.jpg with size [224x224]
08-06 11:38:25.293 15100 15100 W Glide   : class com.bumptech.glide.load.engine.GlideException: Failed to load resource
08-06 11:38:25.293 15100 15100 W Glide   : There was 1 cause:
08-06 11:38:25.293 15100 15100 W Glide   : com.bumptech.glide.load.HttpException()
08-06 11:38:25.293 15100 15100 W Glide   :  call GlideException#logRootCauses(String) for more detail
08-06 11:38:25.293 15100 15100 W Glide   :   Cause (1 of 1): class com.bumptech.glide.load.engine.GlideException: Fetching data failed, class java.io.InputStream, REMOTE
08-06 11:38:25.293 15100 15100 W Glide   : There was 1 cause:
08-06 11:38:25.293 15100 15100 W Glide   : com.bumptech.glide.load.HttpException()
08-06 11:38:25.293 15100 15100 W Glide   :  call GlideException#logRootCauses(String) for more detail
08-06 11:38:25.293 15100 15100 W Glide   :     Cause (1 of 1): class com.bumptech.glide.load.HttpException: 
08-06 11:38:25.294 15100 15100 I Glide   : Root cause (1 of 1)
08-06 11:38:25.294 15100 15100 I Glide   : com.bumptech.glide.load.HttpException: 
08-06 11:38:25.294 15100 15100 I Glide   : 	at com.bumptech.glide.integration.okhttp3.OkHttpStreamFetcher.onResponse(OkHttpStreamFetcher.java:73)
08-06 11:38:25.294 15100 15100 I Glide   : 	at okhttp3.RealCall$AsyncCall.execute(RealCall.java:174)
08-06 11:38:25.294 15100 15100 I Glide   : 	at okhttp3.internal.NamedRunnable.run(NamedRunnable.java:32)
08-06 11:38:25.294 15100 15100 I Glide   : 	at java.util.concurrent.ThreadPoolExecutor.runWorker(ThreadPoolExecutor.java:1113)
08-06 11:38:25.294 15100 15100 I Glide   : 	at java.util.concurrent.ThreadPoolExecutor$Worker.run(ThreadPoolExecutor.java:588)
08-06 11:38:25.294 15100 15100 I Glide   : 	at java.lang.Thread.run(Thread.java:818)
08-06 11:38:25.417 15100 16624 I art     : Starting a blocking GC Explicit
08-06 11:38:25.447 15100 16624 I art     : Explicit concurrent mark sweep GC freed 2684(183KB) AllocSpace objects, 1(20KB) LOS objects, 23% free, 50MB/66MB, paused 836us total 29.146ms
08-06 11:38:25.455 15100 16624 I art     : Starting a blocking GC Explicit
08-06 11:38:25.485 15100 16624 I art     : Explicit concurrent mark sweep GC freed 75(2640B) AllocSpace objects, 0(0B) LOS objects, 23% free, 50MB/66MB, paused 909us total 29.017ms
08-06 11:38:25.493 15100 16624 I art     : Starting a blocking GC Explicit
08-06 11:38:25.522 15100 16624 I art     : Explicit concurrent mark sweep GC freed 3(96B) AllocSpace objects, 0(0B) LOS objects, 23% free, 50MB/66MB, paused 886us total 28.358ms
08-06 11:38:25.530 15100 16624 I art     : Starting a blocking GC Explicit
08-06 11:38:25.558 15100 16624 I art     : Explicit concurrent mark sweep GC freed 3(96B) AllocSpace objects, 0(0B) LOS objects, 23% free, 50MB/66MB, paused 924us total 28.233ms
08-06 11:38:25.566 15100 16624 I art     : Starting a blocking GC Explicit
08-06 11:38:25.595 15100 16624 I art     : Explicit concurrent mark sweep GC freed 3(96B) AllocSpace objects, 0(0B) LOS objects, 23% free, 50MB/66MB, paused 923us total 28.809ms
08-06 11:38:25.940 15100 15113 I art     : Starting a blocking GC Explicit
08-06 11:38:25.979 15100 15113 I art     : Explicit concurrent mark sweep GC freed 1412(81KB) AllocSpace objects, 1(20KB) LOS objects, 23% free, 50MB/66MB, paused 1.214ms total 38.226ms
08-06 11:38:25.992 15100 15113 I art     : Starting a blocking GC Explicit
08-06 11:38:26.022 15100 15113 I art     : Explicit concurrent mark sweep GC freed 24(784B) AllocSpace objects, 0(0B) LOS objects, 23% free, 50MB/66MB, paused 898us total 29.575ms
08-06 11:38:26.030 15100 15113 I art     : Starting a blocking GC Explicit
08-06 11:38:26.058 15100 15113 I art     : Explicit concurrent mark sweep GC freed 3(96B) AllocSpace objects, 0(0B) LOS objects, 23% free, 50MB/66MB, paused 936us total 27.846ms
08-06 11:38:26.067 15100 15113 I art     : Starting a blocking GC Explicit
08-06 11:38:26.094 15100 15113 I art     : Explicit concurrent mark sweep GC freed 6(192B) AllocSpace objects, 0(0B) LOS objects, 23% free, 50MB/66MB, paused 1.048ms total 27.399ms
08-06 11:38:26.105 15100 15113 I art     : Starting a blocking GC Explicit
08-06 11:38:26.135 15100 15113 I art     : Explicit concurrent mark sweep GC freed 15(480B) AllocSpace objects, 0(0B) LOS objects, 23% free, 50MB/66MB, paused 812us total 30.146ms
08-06 11:38:26.466 15100 15220 I art     : Starting a blocking GC Explicit
08-06 11:38:26.500 15100 15220 I art     : Explicit concurrent mark sweep GC freed 1439(82KB) AllocSpace objects, 1(20KB) LOS objects, 23% free, 50MB/66MB, paused 1.071ms total 32.764ms
08-06 11:38:26.510 15100 15220 I art     : Starting a blocking GC Explicit
08-06 11:38:26.537 15100 15220 I art     : Explicit concurrent mark sweep GC freed 23(752B) AllocSpace objects, 0(0B) LOS objects, 23% free, 50MB/66MB, paused 958us total 27.174ms
08-06 11:38:26.545 15100 15220 I art     : Starting a blocking GC Explicit
08-06 11:38:26.572 15100 15220 I art     : Explicit concurrent mark sweep GC freed 3(96B) AllocSpace objects, 0(0B) LOS objects, 23% free, 50MB/66MB, paused 873us total 27.220ms
08-06 11:38:26.580 15100 15220 I art     : Starting a blocking GC Explicit
08-06 11:38:26.608 15100 15220 I art     : Explicit concurrent mark sweep GC freed 3(96B) AllocSpace objects, 0(0B) LOS objects, 23% free, 50MB/66MB, paused 970us total 28.060ms
08-06 11:38:26.617 15100 15220 I art     : Starting a blocking GC Explicit
08-06 11:38:26.646 15100 15220 I art     : Explicit concurrent mark sweep GC freed 3(96B) AllocSpace objects, 0(0B) LOS objects, 23% free, 50MB/66MB, paused 895us total 28.559ms
08-06 11:38:26.977 15100 16624 I art     : Starting a blocking GC Explicit
08-06 11:38:27.016 15100 16624 I art     : Explicit concurrent mark sweep GC freed 1410(81KB) AllocSpace objects, 1(20KB) LOS objects, 23% free, 50MB/66MB, paused 1.015ms total 39.104ms
08-06 11:38:27.029 15100 16624 I art     : Starting a blocking GC Explicit
08-06 11:38:27.059 15100 16624 I art     : Explicit concurrent mark sweep GC freed 23(752B) AllocSpace objects, 0(0B) LOS objects, 23% free, 50MB/66MB, paused 996us total 29.364ms
08-06 11:38:27.067 15100 16624 I art     : Starting a blocking GC Explicit
08-06 11:38:27.096 15100 16624 I art     : Explicit concurrent mark sweep GC freed 3(96B) AllocSpace objects, 0(0B) LOS objects, 23% free, 50MB/66MB, paused 887us total 28.416ms
08-06 11:38:27.104 15100 16624 I art     : Starting a blocking GC Explicit
08-06 11:38:27.131 15100 16624 I art     : Explicit concurrent mark sweep GC freed 3(96B) AllocSpace objects, 0(0B) LOS objects, 23% free, 50MB/66MB, paused 879us total 27.345ms
08-06 11:38:27.139 15100 16624 I art     : Starting a blocking GC Explicit
08-06 11:38:27.167 15100 16624 I art     : Explicit concurrent mark sweep GC freed 3(96B) AllocSpace objects, 0(0B) LOS objects, 23% free, 50MB/66MB, paused 1.030ms total 27.604ms
08-06 11:38:27.518 15100 17470 I art     : Starting a blocking GC Explicit
08-06 11:38:27.555 15100 17470 I art     : Explicit concurrent mark sweep GC freed 1383(81KB) AllocSpace objects, 1(20KB) LOS objects, 23% free, 50MB/66MB, paused 912us total 36.397ms
08-06 11:38:27.564 15100 17470 I art     : Starting a blocking GC Explicit
08-06 11:38:27.593 15100 17470 I art     : Explicit concurrent mark sweep GC freed 23(752B) AllocSpace objects, 0(0B) LOS objects, 23% free, 50MB/66MB, paused 904us total 29.133ms
08-06 11:38:27.601 15100 17470 I art     : Starting a blocking GC Explicit
08-06 11:38:27.630 15100 17470 I art     : Explicit concurrent mark sweep GC freed 3(96B) AllocSpace objects, 0(0B) LOS objects, 23% free, 50MB/66MB, paused 979us total 28.627ms
08-06 11:38:27.639 15100 17470 I art     : Starting a blocking GC Explicit
08-06 11:38:27.667 15100 17470 I art     : Explicit concurrent mark sweep GC freed 3(96B) AllocSpace objects, 0(0B) LOS objects, 23% free, 50MB/66MB, paused 1.002ms total 28.738ms
08-06 11:38:27.676 15100 17470 I art     : Starting a blocking GC Explicit
08-06 11:38:27.704 15100 17470 I art     : Explicit concurrent mark sweep GC freed 3(96B) AllocSpace objects, 0(0B) LOS objects, 23% free, 50MB/66MB, paused 1.005ms total 28.004ms
08-06 11:38:28.065 15100 15113 I art     : Starting a blocking GC Explicit
08-06 11:38:28.103 15100 15113 I art     : Explicit concurrent mark sweep GC freed 1411(82KB) AllocSpace objects, 1(20KB) LOS objects, 23% free, 50MB/66MB, paused 929us total 38.093ms
08-06 11:38:28.112 15100 15113 I art     : Starting a blocking GC Explicit
08-06 11:38:28.141 15100 15113 I art     : Explicit concurrent mark sweep GC freed 23(752B) AllocSpace objects, 0(0B) LOS objects, 23% free, 50MB/66MB, paused 905us total 29.061ms
08-06 11:38:28.149 15100 15113 I art     : Starting a blocking GC Explicit
08-06 11:38:28.177 15100 15113 I art     : Explicit concurrent mark sweep GC freed 3(96B) AllocSpace objects, 0(0B) LOS objects, 23% free, 50MB/66MB, paused 960us total 27.800ms
08-06 11:38:28.186 15100 15113 I art     : Starting a blocking GC Explicit
08-06 11:38:28.215 15100 15113 I art     : Explicit concurrent mark sweep GC freed 3(96B) AllocSpace objects, 0(0B) LOS objects, 23% free, 50MB/66MB, paused 927us total 28.829ms
08-06 11:38:28.223 15100 15113 I art     : Starting a blocking GC Explicit
08-06 11:38:28.251 15100 15113 I art     : Explicit concurrent mark sweep GC freed 3(96B) AllocSpace objects, 0(0B) LOS objects, 23% free, 50MB/66MB, paused 894us total 28.002ms
08-06 11:38:28.600 15100 15112 I art     : Starting a blocking GC Explicit
08-06 11:38:28.640 15100 15112 I art     : Explicit concurrent mark sweep GC freed 1381(81KB) AllocSpace objects, 1(20KB) LOS objects, 23% free, 50MB/66MB, paused 1.273ms total 39.016ms
08-06 11:38:28.652 15100 15112 I art     : Starting a blocking GC Explicit
08-06 11:38:28.682 15100 15112 I art     : Explicit concurrent mark sweep GC freed 23(752B) AllocSpace objects, 0(0B) LOS objects, 23% free, 50MB/66MB, paused 932us total 29.697ms
08-06 11:38:28.691 15100 15112 I art     : Starting a blocking GC Explicit
08-06 11:38:28.719 15100 15112 I art     : Explicit concurrent mark sweep GC freed 3(96B) AllocSpace objects, 0(0B) LOS objects, 23% free, 50MB/66MB, paused 908us total 27.908ms
08-06 11:38:28.727 15100 15112 I art     : Starting a blocking GC Explicit
08-06 11:38:28.755 15100 15112 I art     : Explicit concurrent mark sweep GC freed 3(96B) AllocSpace objects, 0(0B) LOS objects, 23% free, 50MB/66MB, paused 1.012ms total 28.080ms
08-06 11:38:28.763 15100 15112 I art     : Starting a blocking GC Explicit
08-06 11:38:28.792 15100 15112 I art     : Explicit concurrent mark sweep GC freed 3(96B) AllocSpace objects, 0(0B) LOS objects, 23% free, 50MB/66MB, paused 908us total 28.172ms
08-06 11:38:29.139 15100 15220 I art     : Starting a blocking GC Explicit
08-06 11:38:29.178 15100 15220 I art     : Explicit concurrent mark sweep GC freed 1413(82KB) AllocSpace objects, 1(20KB) LOS objects, 23% free, 50MB/66MB, paused 1.106ms total 38.452ms
08-06 11:38:29.190 15100 15220 I art     : Starting a blocking GC Explicit
08-06 11:38:29.219 15100 15220 I art     : Explicit concurrent mark sweep GC freed 23(752B) AllocSpace objects, 0(0B) LOS objects, 23% free, 50MB/66MB, paused 1.027ms total 29.355ms
08-06 11:38:29.228 15100 15220 I art     : Starting a blocking GC Explicit
08-06 11:38:29.256 15100 15220 I art     : Explicit concurrent mark sweep GC freed 3(96B) AllocSpace objects, 0(0B) LOS objects, 23% free, 50MB/66MB, paused 884us total 27.492ms
08-06 11:38:29.264 15100 15220 I art     : Starting a blocking GC Explicit
08-06 11:38:29.292 15100 15220 I art     : Explicit concurrent mark sweep GC freed 3(96B) AllocSpace objects, 0(0B) LOS objects, 23% free, 50MB/66MB, paused 895us total 27.534ms
08-06 11:38:29.300 15100 15220 I art     : Starting a blocking GC Explicit
08-06 11:38:29.328 15100 15220 I art     : Explicit concurrent mark sweep GC freed 3(96B) AllocSpace objects, 0(0B) LOS objects, 23% free, 50MB/66MB, paused 938us total 28.394ms
08-06 11:38:29.685 15100 16624 I art     : Starting a blocking GC Explicit
08-06 11:38:29.725 15100 16624 I art     : Explicit concurrent mark sweep GC freed 1381(81KB) AllocSpace objects, 1(20KB) LOS objects, 23% free, 50MB/66MB, paused 1.048ms total 38.721ms
08-06 11:38:29.737 15100 16624 I art     : Starting a blocking GC Explicit
08-06 11:38:29.766 15100 16624 I art     : Explicit concurrent mark sweep GC freed 23(752B) AllocSpace objects, 0(0B) LOS objects, 23% free, 50MB/66MB, paused 858us total 28.107ms
08-06 11:38:29.774 15100 16624 I art     : Starting a blocking GC Explicit
08-06 11:38:29.801 15100 16624 I art     : Explicit concurrent mark sweep GC freed 3(96B) AllocSpace objects, 0(0B) LOS objects, 23% free, 50MB/66MB, paused 841us total 27.094ms
08-06 11:38:29.809 15100 16624 I art     : Starting a blocking GC Explicit
08-06 11:38:29.836 15100 16624 I art     : Explicit concurrent mark sweep GC freed 3(96B) AllocSpace objects, 0(0B) LOS objects, 23% free, 50MB/66MB, paused 903us total 26.835ms
08-06 11:38:29.844 15100 16624 I art     : Starting a blocking GC Explicit
08-06 11:38:29.871 15100 16624 I art     : Explicit concurrent mark sweep GC freed 3(96B) AllocSpace objects, 0(0B) LOS objects, 23% free, 50MB/66MB, paused 882us total 26.639ms
08-06 11:38:29.920   918  4413 I ActivityManager: Killing 14510:com.google.android.apps.plus/u0a77 (adj 15): empty #17
08-06 11:38:30.103 18527 18527 D AndroidRuntime: >>>>>> START com.android.internal.os.RuntimeInit uid 2000 <<<<<<
08-06 11:38:30.107 18527 18527 D AndroidRuntime: CheckJNI is OFF
08-06 11:38:30.134 18527 18527 D ICU     : No timezone override file found: /data/misc/zoneinfo/current/icu/icu_tzdata.dat
08-06 11:38:30.159 18527 18527 I Radio-JNI: register_android_hardware_Radio DONE
08-06 11:38:30.176 18527 18527 D AndroidRuntime: Calling main entry com.android.commands.input.Input
08-06 11:38:30.177 18527 18527 I Input   : injectMotionEvent: MotionEvent { action=ACTION_DOWN, actionButton=0, id[0]=0, x[0]=526.0, y[0]=597.0, toolType[0]=TOOL_TYPE_UNKNOWN, buttonState=0, metaState=0, flags=0x0, edgeFlags=0x0, pointerCount=1, historySize=0, eventTime=877126590, downTime=877126590, deviceId=0, source=0x1002 }
08-06 11:38:30.182 18527 18527 I Input   : injectMotionEvent: MotionEvent { action=ACTION_UP, actionButton=0, id[0]=0, x[0]=526.0, y[0]=597.0, toolType[0]=TOOL_TYPE_UNKNOWN, buttonState=0, metaState=0, flags=0x0, edgeFlags=0x0, pointerCount=1, historySize=0, eventTime=877126590, downTime=877126590, deviceId=0, source=0x1002 }
08-06 11:38:30.184 18527 18527 D AndroidRuntime: Shutting down VM
08-06 11:38:30.204 15100 15112 I art     : Starting a blocking GC Explicit
08-06 11:38:30.235 15100 15112 I art     : Explicit concurrent mark sweep GC freed 1471(84KB) AllocSpace objects, 1(20KB) LOS objects, 23% free, 50MB/66MB, paused 1.256ms total 30.944ms
08-06 11:38:30.246 15100 15112 I art     : Starting a blocking GC Explicit
08-06 11:38:30.249   512  2967 D audio_hw_primary: out_set_parameters: enter: usecase(1: low-latency-playback) kvpairs: routing=2
08-06 11:38:30.250 15100 15100 D PodcastListFragment: Selected podcast: GpodnetPodcast [url=http://feeds.feedburner.com/linuxoutlaws, title=Linux Outlaws, description=Two pragmatic geeks talk about the latest news concerning Linux, free and open
08-06 11:38:30.250 15100 15100 D PodcastListFragment: technology or anything else they deem noteworthy which may include such absurd
08-06 11:38:30.250 15100 15100 D PodcastListFragment: things as hockey or bands you never heard of. This means there's many a joke
08-06 11:38:30.250 15100 15100 D PodcastListFragment: and derailed conversation along the way, so don't come here expecting only
08-06 11:38:30.250 15100 15100 D PodcastListFragment: Linux or software freedom talk  just sit back and relax, partner., subscribers=3321, logoUrl=http://sixgun.org/files/linuxoutlaws.jpg, website=http://sixgun.org, mygpoLink=http://gpodder.net/podcast/linux-outlaws-mp3]
08-06 11:38:30.251   918  4413 I ActivityManager: START u0 {cmp=baseline.de.danoeh.antennapod.debug/baseline.de.danoeh.antennapod.activity.OnlineFeedViewActivity (has extras)} from uid 10711 on display 0
08-06 11:38:30.262   512  2967 D audio_hw_primary: select_devices: out_snd_device(2: speaker) in_snd_device(0: none)
08-06 11:38:30.262   512  2967 D msm8974_platform: platform_send_audio_calibration: sending audio calibration for snd_device(2) acdb_id(15)
08-06 11:38:30.263   512  2967 I soundtrigger: audio_extn_sound_trigger_update_device_status: device 0x2 of type 0 for Event 1
08-06 11:38:30.275   512  2967 D audio_hw_primary: enable_snd_device: snd_device(2: speaker)
08-06 11:38:30.276 15100 15112 I art     : Explicit concurrent mark sweep GC freed 718(58KB) AllocSpace objects, 1(20KB) LOS objects, 23% free, 50MB/66MB, paused 1.420ms total 29.763ms
08-06 11:38:30.276 15100 15100 D UserPreferences: Using default data folder
08-06 11:38:30.277 15100 15100 D OnlineFeedViewActivity: Activity was started with url http://feeds.feedburner.com/linuxoutlaws
08-06 11:38:30.277   512  2967 D audio_hw_primary: enable_audio_route: apply and update mixer path: low-latency-playback speaker
08-06 11:38:30.279 15100 15100 D OnlineFeedViewActivity: Starting feed download
08-06 11:38:30.281 15100 15636 D DBReader: Extracting Feedlist
08-06 11:38:30.284   918  3359 D WifiService: acquireWifiLockLocked: WifiLock{Downloader type=1 binder=android.os.BinderProxy@ab2b9da}
08-06 11:38:30.284 15100 15636 D AntennapodHttpClient: Creating new instance of HTTP client
08-06 11:38:30.285 15100 15112 I art     : Starting a blocking GC Explicit
08-06 11:38:30.310 15100 15112 I art     : Explicit concurrent mark sweep GC freed 700(61KB) AllocSpace objects, 0(0B) LOS objects, 23% free, 50MB/66MB, paused 903us total 25.327ms
08-06 11:38:30.318 15100 15112 I art     : Starting a blocking GC Explicit
08-06 11:38:30.325 13866 13866 I GoogleInputMethodServic: GoogleInputMethodService.onFinishInput():3138 
08-06 11:38:30.325 13866 13866 I GoogleInputMethodServic: GoogleInputMethodService.onStartInput():1808 
08-06 11:38:30.343 15100 15112 I art     : Explicit concurrent mark sweep GC freed 349(14KB) AllocSpace objects, 0(0B) LOS objects, 23% free, 51MB/67MB, paused 1.039ms total 25.705ms
08-06 11:38:30.345   918   936 I ActivityManager: Displayed baseline.de.danoeh.antennapod.debug/baseline.de.danoeh.antennapod.activity.OnlineFeedViewActivity: +87ms
08-06 11:38:30.353 15100 15112 I art     : Starting a blocking GC Explicit
08-06 11:38:30.368 15100 15121 D OpenGLRenderer: endAllStagingAnimators on 0x7f79a51400 (GridView) with handle 0x7f7e2d47a0
08-06 11:38:30.379 15100 15112 I art     : Explicit concurrent mark sweep GC freed 37(1552B) AllocSpace objects, 0(0B) LOS objects, 23% free, 50MB/66MB, paused 867us total 25.941ms
08-06 11:38:30.423 15100 15636 D MYTAG   : interceptor 3a http://feeds.feedburner.com/linuxoutlaws
08-06 11:38:30.424 15100 15636 I NAPPA_EXPERIMENTATION: MetricNetworkRequestExecutionTime: REQUEST_DURATION_SYSTEM='137',REQUEST_DURATION_OKHTTP='34',REQUEST_SYNCHRONOUS='TRUE',RESPONSE_CODE='200',RESPONSE_METHOD='GET',RESPONSE_LENGTH_OKHTTP='-1',RESPONSE_LENGTH_HEADER='-2',REQUEST_PROTOCOL='http/1.1',REQUEST_URL='http://feeds.feedburner.com/linuxoutlaws',
08-06 11:38:30.424 15100 15636 D HttpDownloader: Response code is 200
08-06 11:38:30.424 15100 15636 D UserPreferences: Using default data folder
08-06 11:38:30.426 15100 15636 D HttpDownloader: Getting size of download
08-06 11:38:30.426 15100 15636 D HttpDownloader: Size is -1
08-06 11:38:30.426 15100 15636 D UserPreferences: Using default data folder
08-06 11:38:30.426 15100 15636 D HttpDownloader: Free space is 20192014336
08-06 11:38:30.426 15100 15636 D HttpDownloader: Starting download
08-06 11:38:30.429 15100 15636 D HttpDownloader: Download was successful
08-06 11:38:30.429   918  6111 D WifiService: releaseWifiLockLocked: WifiLock{Downloader type=1 binder=android.os.BinderProxy@ab2b9da}
08-06 11:38:30.429 15100 15100 D OnlineFeedViewActivity: Parsing feed
08-06 11:38:30.431 15100 18551 D TypeGetter: Recognized type RSS 2.0
08-06 11:38:30.432 15100 18551 D SyndHandler: Recognized Content namespace
08-06 11:38:30.432 15100 18551 D SyndHandler: Recognized DublinCore namespace
08-06 11:38:30.433 15100 18551 D SyndHandler: Recognized Atom namespace
08-06 11:38:30.433 15100 18551 D SyndHandler: Recognized ITunes namespace
08-06 11:38:30.433 15100 18551 D SyndHandler: Recognized media namespace
08-06 11:38:30.455 15100 18551 D OnlineFeedViewActivity: Deleted feed source file. Result: true
08-06 11:38:30.456 15100 15100 D OnlineFeedViewActivity: Removing HTML from shownotes
08-06 11:38:30.473 15100 16048 D ApOkHttpUrlLoader: buildLoadData() called with: model = [http://sixgun.org/files/linuxoutlaws.jpg], width = [350], height = [350]
08-06 11:38:30.474 15100 15852 D DBReader: getImageAuthentication() called with: imageUrl = [http://sixgun.org/files/linuxoutlaws.jpg]
08-06 11:38:30.476 15100 15852 D ApOkHttpUrlLoader: no credentials for 'http://sixgun.org/files/linuxoutlaws.jpg'
08-06 11:38:30.511 15100 15852 D DBWriter: updateFeedDownloadURL(original: http://sixgun.org/files/linuxoutlaws.jpg, updated: https://fab.industries/sixgun/files/linuxoutlaws.jpg)
08-06 11:38:30.600   380   380 W SurfaceFlinger: couldn't log to binary event log: overflow.
08-06 11:38:30.638 15100 15220 I art     : Starting a blocking GC Explicit
08-06 11:38:30.651 15100 15852 D MYTAG   : interceptor 2a
08-06 11:38:30.652 15100 15852 I NAPPA_EXPERIMENTATION: MetricNetworkRequestExecutionTime: REQUEST_DURATION_SYSTEM='175',REQUEST_DURATION_OKHTTP='138',REQUEST_SYNCHRONOUS='TRUE',RESPONSE_CODE='404',RESPONSE_METHOD='GET',RESPONSE_LENGTH_OKHTTP='-1',RESPONSE_LENGTH_HEADER='1503',REQUEST_PROTOCOL='h2',REQUEST_URL='https://fab.industries/sixgun/files/linuxoutlaws.jpg',
08-06 11:38:30.653 15100 15100 W Glide   : Load failed for http://sixgun.org/files/linuxoutlaws.jpg with size [350x350]
08-06 11:38:30.653 15100 15100 W Glide   : class com.bumptech.glide.load.engine.GlideException: Failed to load resource
08-06 11:38:30.653 15100 15100 W Glide   : There was 1 cause:
08-06 11:38:30.653 15100 15100 W Glide   : com.bumptech.glide.load.HttpException()
08-06 11:38:30.653 15100 15100 W Glide   :  call GlideException#logRootCauses(String) for more detail
08-06 11:38:30.653 15100 15100 W Glide   :   Cause (1 of 1): class com.bumptech.glide.load.engine.GlideException: Fetching data failed, class java.io.InputStream, REMOTE
08-06 11:38:30.653 15100 15100 W Glide   : There was 1 cause:
08-06 11:38:30.653 15100 15100 W Glide   : com.bumptech.glide.load.HttpException()
08-06 11:38:30.653 15100 15100 W Glide   :  call GlideException#logRootCauses(String) for more detail
08-06 11:38:30.653 15100 15100 W Glide   :     Cause (1 of 1): class com.bumptech.glide.load.HttpException: 
08-06 11:38:30.653 15100 15100 I Glide   : Root cause (1 of 1)
08-06 11:38:30.653 15100 15100 I Glide   : com.bumptech.glide.load.HttpException: 
08-06 11:38:30.653 15100 15100 I Glide   : 	at com.bumptech.glide.integration.okhttp3.OkHttpStreamFetcher.onResponse(OkHttpStreamFetcher.java:73)
08-06 11:38:30.653 15100 15100 I Glide   : 	at okhttp3.RealCall$AsyncCall.execute(RealCall.java:174)
08-06 11:38:30.653 15100 15100 I Glide   : 	at okhttp3.internal.NamedRunnable.run(NamedRunnable.java:32)
08-06 11:38:30.653 15100 15100 I Glide   : 	at java.util.concurrent.ThreadPoolExecutor.runWorker(ThreadPoolExecutor.java:1113)
08-06 11:38:30.653 15100 15100 I Glide   : 	at java.util.concurrent.ThreadPoolExecutor$Worker.run(ThreadPoolExecutor.java:588)
08-06 11:38:30.653 15100 15100 I Glide   : 	at java.lang.Thread.run(Thread.java:818)
08-06 11:38:30.667 15100 15220 I art     : Explicit concurrent mark sweep GC freed 14141(1226KB) AllocSpace objects, 15(828KB) LOS objects, 23% free, 51MB/67MB, paused 957us total 28.588ms
08-06 11:38:30.675 15100 15220 I art     : Starting a blocking GC Explicit
08-06 11:38:30.703 15100 15220 I art     : Explicit concurrent mark sweep GC freed 1307(58KB) AllocSpace objects, 0(0B) LOS objects, 23% free, 51MB/67MB, paused 1.031ms total 28.020ms
08-06 11:38:30.705 15100 15100 D PlaybackController: Releasing PlaybackController
08-06 11:38:30.712 15100 15220 I art     : Starting a blocking GC Explicit
08-06 11:38:30.742 15100 15220 I art     : Explicit concurrent mark sweep GC freed 279(15KB) AllocSpace objects, 0(0B) LOS objects, 23% free, 51MB/67MB, paused 857us total 30.001ms
08-06 11:38:30.751 15100 15220 I art     : Starting a blocking GC Explicit
08-06 11:38:30.776 15100 15220 I art     : Explicit concurrent mark sweep GC freed 28(1072B) AllocSpace objects, 1(112KB) LOS objects, 23% free, 51MB/67MB, paused 767us total 24.755ms
08-06 11:38:30.784 15100 15220 I art     : Starting a blocking GC Explicit
08-06 11:38:30.810 15100 15220 I art     : Explicit concurrent mark sweep GC freed 3(96B) AllocSpace objects, 0(0B) LOS objects, 23% free, 51MB/67MB, paused 870us total 25.914ms
08-06 11:38:30.820   512  2967 D audio_hw_primary: disable_audio_route: reset and update mixer path: low-latency-playback speaker
08-06 11:38:30.821   512  2967 D audio_hw_primary: disable_snd_device: snd_device(2: speaker)
08-06 11:38:30.829   512  2967 I soundtrigger: audio_extn_sound_trigger_update_device_status: device 0x2 of type 0 for Event 0
08-06 11:38:31.138 15100 16624 I art     : Starting a blocking GC Explicit
08-06 11:38:31.169 15100 16624 I art     : Explicit concurrent mark sweep GC freed 1410(81KB) AllocSpace objects, 1(20KB) LOS objects, 23% free, 51MB/67MB, paused 890us total 30.667ms
08-06 11:38:31.178 15100 16624 I art     : Starting a blocking GC Explicit
08-06 11:38:31.208 15100 16624 I art     : Explicit concurrent mark sweep GC freed 23(752B) AllocSpace objects, 0(0B) LOS objects, 23% free, 51MB/67MB, paused 985us total 29.131ms
08-06 11:38:31.216 15100 16624 I art     : Starting a blocking GC Explicit
08-06 11:38:31.244 15100 16624 I art     : Explicit concurrent mark sweep GC freed 3(96B) AllocSpace objects, 0(0B) LOS objects, 23% free, 51MB/67MB, paused 898us total 28.561ms
08-06 11:38:31.252 15100 16624 I art     : Starting a blocking GC Explicit
08-06 11:38:31.281 15100 16624 I art     : Explicit concurrent mark sweep GC freed 3(96B) AllocSpace objects, 0(0B) LOS objects, 23% free, 51MB/67MB, paused 917us total 28.535ms
08-06 11:38:31.289 15100 16624 I art     : Starting a blocking GC Explicit
08-06 11:38:31.319 15100 16624 I art     : Explicit concurrent mark sweep GC freed 3(96B) AllocSpace objects, 0(0B) LOS objects, 23% free, 51MB/67MB, paused 925us total 28.832ms
08-06 11:38:31.640 15100 15112 I art     : Starting a blocking GC Explicit
08-06 11:38:31.680 15100 15112 I art     : Explicit concurrent mark sweep GC freed 1381(81KB) AllocSpace objects, 1(20KB) LOS objects, 23% free, 51MB/67MB, paused 1.132ms total 40.012ms
08-06 11:38:31.691 15100 15112 I art     : Starting a blocking GC Explicit
08-06 11:38:31.722 15100 15112 I art     : Explicit concurrent mark sweep GC freed 23(752B) AllocSpace objects, 0(0B) LOS objects, 23% free, 51MB/67MB, paused 930us total 30.497ms
08-06 11:38:31.730 15100 15112 I art     : Starting a blocking GC Explicit
08-06 11:38:31.760 15100 15112 I art     : Explicit concurrent mark sweep GC freed 3(96B) AllocSpace objects, 0(0B) LOS objects, 23% free, 51MB/67MB, paused 908us total 29.702ms
08-06 11:38:31.769 15100 15112 I art     : Starting a blocking GC Explicit
08-06 11:38:31.798 15100 15112 I art     : Explicit concurrent mark sweep GC freed 3(96B) AllocSpace objects, 0(0B) LOS objects, 23% free, 51MB/67MB, paused 914us total 29.040ms
08-06 11:38:31.807 15100 15112 I art     : Starting a blocking GC Explicit
08-06 11:38:31.836 15100 15112 I art     : Explicit concurrent mark sweep GC freed 3(96B) AllocSpace objects, 0(0B) LOS objects, 23% free, 51MB/67MB, paused 929us total 29.415ms
08-06 11:38:32.186 15100 15220 I art     : Starting a blocking GC Explicit
08-06 11:38:32.219 15100 15220 I art     : Explicit concurrent mark sweep GC freed 1427(82KB) AllocSpace objects, 1(20KB) LOS objects, 23% free, 51MB/67MB, paused 856us total 32.617ms
08-06 11:38:32.228 15100 15220 I art     : Starting a blocking GC Explicit
08-06 11:38:32.256 15100 15220 I art     : Explicit concurrent mark sweep GC freed 29(944B) AllocSpace objects, 0(0B) LOS objects, 23% free, 51MB/67MB, paused 1.588ms total 27.596ms
08-06 11:38:32.263 15100 15220 I art     : Starting a blocking GC Explicit
08-06 11:38:32.289 15100 15220 I art     : Explicit concurrent mark sweep GC freed 7(224B) AllocSpace objects, 0(0B) LOS objects, 23% free, 51MB/67MB, paused 814us total 25.759ms
08-06 11:38:32.297 15100 15220 I art     : Starting a blocking GC Explicit
08-06 11:38:32.325 15100 15220 I art     : Explicit concurrent mark sweep GC freed 6(192B) AllocSpace objects, 0(0B) LOS objects, 23% free, 51MB/67MB, paused 792us total 27.130ms
08-06 11:38:32.334 15100 15220 I art     : Starting a blocking GC Explicit
08-06 11:38:32.359 15100 15220 I art     : Explicit concurrent mark sweep GC freed 3(96B) AllocSpace objects, 0(0B) LOS objects, 23% free, 51MB/67MB, paused 779us total 24.702ms
08-06 11:38:32.732 15100 17470 I art     : Starting a blocking GC Explicit
08-06 11:38:32.773 15100 17470 I art     : Explicit concurrent mark sweep GC freed 1381(81KB) AllocSpace objects, 1(20KB) LOS objects, 23% free, 51MB/67MB, paused 1.204ms total 40.834ms
08-06 11:38:32.783 15100 17470 I art     : Starting a blocking GC Explicit
08-06 11:38:32.814 15100 17470 I art     : Explicit concurrent mark sweep GC freed 23(752B) AllocSpace objects, 0(0B) LOS objects, 23% free, 51MB/67MB, paused 905us total 30.894ms
08-06 11:38:32.822 15100 17470 I art     : Starting a blocking GC Explicit
08-06 11:38:32.852 15100 17470 I art     : Explicit concurrent mark sweep GC freed 3(96B) AllocSpace objects, 0(0B) LOS objects, 23% free, 51MB/67MB, paused 918us total 29.139ms
08-06 11:38:32.860 15100 17470 I art     : Starting a blocking GC Explicit
08-06 11:38:32.889 15100 17470 I art     : Explicit concurrent mark sweep GC freed 3(96B) AllocSpace objects, 0(0B) LOS objects, 23% free, 51MB/67MB, paused 982us total 28.920ms
08-06 11:38:32.897 15100 17470 I art     : Starting a blocking GC Explicit
08-06 11:38:32.927 15100 17470 I art     : Explicit concurrent mark sweep GC freed 3(96B) AllocSpace objects, 0(0B) LOS objects, 23% free, 51MB/67MB, paused 924us total 28.984ms
08-06 11:38:33.269 15100 16624 I art     : Starting a blocking GC Explicit
08-06 11:38:33.310 15100 16624 I art     : Explicit concurrent mark sweep GC freed 1411(83KB) AllocSpace objects, 1(20KB) LOS objects, 23% free, 51MB/67MB, paused 1.073ms total 40.505ms
08-06 11:38:33.321 15100 16624 I art     : Starting a blocking GC Explicit
08-06 11:38:33.352 15100 16624 I art     : Explicit concurrent mark sweep GC freed 23(752B) AllocSpace objects, 0(0B) LOS objects, 23% free, 51MB/67MB, paused 939us total 30.665ms
08-06 11:38:33.360 15100 16624 I art     : Starting a blocking GC Explicit
08-06 11:38:33.391 15100 16624 I art     : Explicit concurrent mark sweep GC freed 3(96B) AllocSpace objects, 0(0B) LOS objects, 23% free, 51MB/67MB, paused 914us total 29.969ms
08-06 11:38:33.399 15100 16624 I art     : Starting a blocking GC Explicit
08-06 11:38:33.428 15100 16624 I art     : Explicit concurrent mark sweep GC freed 3(96B) AllocSpace objects, 0(0B) LOS objects, 23% free, 51MB/67MB, paused 853us total 29.008ms
08-06 11:38:33.437 15100 16624 I art     : Starting a blocking GC Explicit
08-06 11:38:33.466 15100 16624 I art     : Explicit concurrent mark sweep GC freed 3(96B) AllocSpace objects, 0(0B) LOS objects, 23% free, 51MB/67MB, paused 926us total 29.538ms
08-06 11:38:33.820 15100 15112 I art     : Starting a blocking GC Explicit
08-06 11:38:33.860 15100 15112 I art     : Explicit concurrent mark sweep GC freed 1382(82KB) AllocSpace objects, 1(20KB) LOS objects, 23% free, 51MB/67MB, paused 1.099ms total 39.925ms
08-06 11:38:33.873 15100 15112 I art     : Starting a blocking GC Explicit
08-06 11:38:33.906 15100 15112 I art     : Explicit concurrent mark sweep GC freed 23(752B) AllocSpace objects, 0(0B) LOS objects, 23% free, 51MB/67MB, paused 930us total 32.753ms
08-06 11:38:33.915 15100 15112 I art     : Starting a blocking GC Explicit
08-06 11:38:33.945 15100 15112 I art     : Explicit concurrent mark sweep GC freed 3(96B) AllocSpace objects, 0(0B) LOS objects, 23% free, 51MB/67MB, paused 922us total 29.912ms
08-06 11:38:33.954 15100 15112 I art     : Starting a blocking GC Explicit
08-06 11:38:33.984 15100 15112 I art     : Explicit concurrent mark sweep GC freed 34(944B) AllocSpace objects, 0(0B) LOS objects, 23% free, 51MB/67MB, paused 915us total 29.928ms
08-06 11:38:33.993 15100 15112 I art     : Starting a blocking GC Explicit
08-06 11:38:34.022 15100 15112 I art     : Explicit concurrent mark sweep GC freed 4(112B) AllocSpace objects, 0(0B) LOS objects, 23% free, 51MB/67MB, paused 928us total 29.046ms
08-06 11:38:34.368 15100 15220 I art     : Starting a blocking GC Explicit
08-06 11:38:34.409 15100 15220 I art     : Explicit concurrent mark sweep GC freed 1384(81KB) AllocSpace objects, 1(20KB) LOS objects, 23% free, 51MB/67MB, paused 1.117ms total 40.305ms
08-06 11:38:34.419 15100 15220 I art     : Starting a blocking GC Explicit
08-06 11:38:34.449 15100 15220 I art     : Explicit concurrent mark sweep GC freed 23(752B) AllocSpace objects, 0(0B) LOS objects, 23% free, 51MB/67MB, paused 872us total 29.332ms
08-06 11:38:34.457 15100 15220 I art     : Starting a blocking GC Explicit
08-06 11:38:34.485 15100 15220 I art     : Explicit concurrent mark sweep GC freed 3(96B) AllocSpace objects, 0(0B) LOS objects, 23% free, 51MB/67MB, paused 943us total 27.856ms
08-06 11:38:34.494 15100 15220 I art     : Starting a blocking GC Explicit
08-06 11:38:34.521 15100 15220 I art     : Explicit concurrent mark sweep GC freed 3(96B) AllocSpace objects, 0(0B) LOS objects, 23% free, 51MB/67MB, paused 875us total 27.042ms
08-06 11:38:34.529 15100 15220 I art     : Starting a blocking GC Explicit
08-06 11:38:34.556 15100 15220 I art     : Explicit concurrent mark sweep GC freed 3(96B) AllocSpace objects, 0(0B) LOS objects, 23% free, 51MB/67MB, paused 894us total 27.145ms
08-06 11:38:34.751 18632 18632 D AndroidRuntime: >>>>>> START com.android.internal.os.RuntimeInit uid 2000 <<<<<<
08-06 11:38:34.755 18632 18632 D AndroidRuntime: CheckJNI is OFF
08-06 11:38:34.780 18632 18632 D ICU     : No timezone override file found: /data/misc/zoneinfo/current/icu/icu_tzdata.dat
08-06 11:38:34.807 18632 18632 I Radio-JNI: register_android_hardware_Radio DONE
08-06 11:38:34.824 18632 18632 D AndroidRuntime: Calling main entry com.android.commands.input.Input
08-06 11:38:34.825 18632 18632 I Input   : injectKeyEvent: KeyEvent { action=ACTION_DOWN, keyCode=KEYCODE_BACK, scanCode=0, metaState=0, flags=0x0, repeatCount=0, eventTime=877131238, downTime=877131238, deviceId=-1, source=0x101 }
08-06 11:38:34.830 18632 18632 I Input   : injectKeyEvent: KeyEvent { action=ACTION_UP, keyCode=KEYCODE_BACK, scanCode=0, metaState=0, flags=0x0, repeatCount=0, eventTime=877131238, downTime=877131238, deviceId=-1, source=0x101 }
08-06 11:38:34.836 18632 18632 D AndroidRuntime: Shutting down VM
08-06 11:38:34.840 15100 15100 V PlaybackController: initServiceNotRunning()
08-06 11:38:34.840 15100 15100 D ExternalPlayerFragment: Loading media info
08-06 11:38:34.841 15100 16048 D ApOkHttpUrlLoader: buildLoadData() called with: model = [http://sixgun.org/files/linuxoutlaws.jpg], width = [224], height = [224]
08-06 11:38:34.842 15100 15852 D DBReader: getImageAuthentication() called with: imageUrl = [http://sixgun.org/files/linuxoutlaws.jpg]
08-06 11:38:34.844 15100 15852 D ApOkHttpUrlLoader: no credentials for 'http://sixgun.org/files/linuxoutlaws.jpg'
08-06 11:38:34.844 15100 15100 D UserPreferences: Using default data folder
08-06 11:38:34.844 15100 15636 D DBReader: getNavDrawerData() called with: 
08-06 11:38:34.853 15100 15636 D DBReader: getDownloadedItems() called
08-06 11:38:34.854 15100 15636 D DBReader: getFavoriteIDList() called
08-06 11:38:34.854 15100 15636 D DBReader: getQueueIDList() called
08-06 11:38:34.855 15100 15636 D DBReader: Extracting Feedlist
08-06 11:38:34.866 15100 15112 I art     : Starting a blocking GC Explicit
08-06 11:38:34.878 15100 15100 D MainActivity: getLastNavFragment() -> AddFeedFragment
08-06 11:38:34.886 13866 13866 I GoogleInputMethodServic: GoogleInputMethodService.onFinishInput():3138 
08-06 11:38:34.887 13866 13866 I GoogleInputMethodServic: GoogleInputMethodService.onStartInput():1808 
08-06 11:38:34.895 15100 15112 I art     : Explicit concurrent mark sweep GC freed 2578(157KB) AllocSpace objects, 1(20KB) LOS objects, 23% free, 51MB/67MB, paused 1.267ms total 28.841ms
08-06 11:38:34.903 15100 15112 I art     : Starting a blocking GC Explicit
08-06 11:38:34.924 15100 15852 D DBWriter: updateFeedDownloadURL(original: http://sixgun.org/files/linuxoutlaws.jpg, updated: https://fab.industries/sixgun/files/linuxoutlaws.jpg)
08-06 11:38:34.934 15100 15112 I art     : Explicit concurrent mark sweep GC freed 859(44KB) AllocSpace objects, 0(0B) LOS objects, 23% free, 51MB/67MB, paused 925us total 30.944ms
08-06 11:38:34.942 15100 15112 I art     : Starting a blocking GC Explicit
08-06 11:38:34.967 15100 15112 I art     : Explicit concurrent mark sweep GC freed 161(10KB) AllocSpace objects, 0(0B) LOS objects, 23% free, 51MB/67MB, paused 816us total 24.578ms
08-06 11:38:34.974 15100 15112 I art     : Starting a blocking GC Explicit
08-06 11:38:34.999 15100 15112 I art     : Explicit concurrent mark sweep GC freed 32(880B) AllocSpace objects, 0(0B) LOS objects, 23% free, 51MB/67MB, paused 834us total 24.987ms
08-06 11:38:35.006 15100 15112 I art     : Starting a blocking GC Explicit
08-06 11:38:35.031 15100 15112 I art     : Explicit concurrent mark sweep GC freed 3(96B) AllocSpace objects, 0(0B) LOS objects, 23% free, 51MB/67MB, paused 814us total 24.712ms
08-06 11:38:35.062 15100 15852 D MYTAG   : interceptor 2a
08-06 11:38:35.063 15100 15852 I NAPPA_EXPERIMENTATION: MetricNetworkRequestExecutionTime: REQUEST_DURATION_SYSTEM='218',REQUEST_DURATION_OKHTTP='135',REQUEST_SYNCHRONOUS='TRUE',RESPONSE_CODE='404',RESPONSE_METHOD='GET',RESPONSE_LENGTH_OKHTTP='-1',RESPONSE_LENGTH_HEADER='1503',REQUEST_PROTOCOL='h2',REQUEST_URL='https://fab.industries/sixgun/files/linuxoutlaws.jpg',
08-06 11:38:35.063 15100 15100 W Glide   : Load failed for http://sixgun.org/files/linuxoutlaws.jpg with size [224x224]
08-06 11:38:35.063 15100 15100 W Glide   : class com.bumptech.glide.load.engine.GlideException: Failed to load resource
08-06 11:38:35.063 15100 15100 W Glide   : There was 1 cause:
08-06 11:38:35.063 15100 15100 W Glide   : com.bumptech.glide.load.HttpException()
08-06 11:38:35.063 15100 15100 W Glide   :  call GlideException#logRootCauses(String) for more detail
08-06 11:38:35.063 15100 15100 W Glide   :   Cause (1 of 1): class com.bumptech.glide.load.engine.GlideException: Fetching data failed, class java.io.InputStream, REMOTE
08-06 11:38:35.063 15100 15100 W Glide   : There was 1 cause:
08-06 11:38:35.063 15100 15100 W Glide   : com.bumptech.glide.load.HttpException()
08-06 11:38:35.063 15100 15100 W Glide   :  call GlideException#logRootCauses(String) for more detail
08-06 11:38:35.063 15100 15100 W Glide   :     Cause (1 of 1): class com.bumptech.glide.load.HttpException: 
08-06 11:38:35.064 15100 15100 I Glide   : Root cause (1 of 1)
08-06 11:38:35.064 15100 15100 I Glide   : com.bumptech.glide.load.HttpException: 
08-06 11:38:35.064 15100 15100 I Glide   : 	at com.bumptech.glide.integration.okhttp3.OkHttpStreamFetcher.onResponse(OkHttpStreamFetcher.java:73)
08-06 11:38:35.064 15100 15100 I Glide   : 	at okhttp3.RealCall$AsyncCall.execute(RealCall.java:174)
08-06 11:38:35.064 15100 15100 I Glide   : 	at okhttp3.internal.NamedRunnable.run(NamedRunnable.java:32)
08-06 11:38:35.064 15100 15100 I Glide   : 	at java.util.concurrent.ThreadPoolExecutor.runWorker(ThreadPoolExecutor.java:1113)
08-06 11:38:35.064 15100 15100 I Glide   : 	at java.util.concurrent.ThreadPoolExecutor$Worker.run(ThreadPoolExecutor.java:588)
08-06 11:38:35.064 15100 15100 I Glide   : 	at java.lang.Thread.run(Thread.java:818)
08-06 11:38:35.064 15100 15100 W Glide   : Load failed for http://sixgun.org/files/linuxoutlaws.jpg with size [224x224]
08-06 11:38:35.064 15100 15100 W Glide   : class com.bumptech.glide.load.engine.GlideException: Failed to load resource
08-06 11:38:35.064 15100 15100 W Glide   : There was 1 cause:
08-06 11:38:35.064 15100 15100 W Glide   : com.bumptech.glide.load.HttpException()
08-06 11:38:35.064 15100 15100 W Glide   :  call GlideException#logRootCauses(String) for more detail
08-06 11:38:35.064 15100 15100 W Glide   :   Cause (1 of 1): class com.bumptech.glide.load.engine.GlideException: Fetching data failed, class java.io.InputStream, REMOTE
08-06 11:38:35.064 15100 15100 W Glide   : There was 1 cause:
08-06 11:38:35.064 15100 15100 W Glide   : com.bumptech.glide.load.HttpException()
08-06 11:38:35.064 15100 15100 W Glide   :  call GlideException#logRootCauses(String) for more detail
08-06 11:38:35.064 15100 15100 W Glide   :     Cause (1 of 1): class com.bumptech.glide.load.HttpException: 
08-06 11:38:35.064 15100 15100 I Glide   : Root cause (1 of 1)
08-06 11:38:35.064 15100 15100 I Glide   : com.bumptech.glide.load.HttpException: 
08-06 11:38:35.064 15100 15100 I Glide   : 	at com.bumptech.glide.integration.okhttp3.OkHttpStreamFetcher.onResponse(OkHttpStreamFetcher.java:73)
08-06 11:38:35.064 15100 15100 I Glide   : 	at okhttp3.RealCall$AsyncCall.execute(RealCall.java:174)
08-06 11:38:35.064 15100 15100 I Glide   : 	at okhttp3.internal.NamedRunnable.run(NamedRunnable.java:32)
08-06 11:38:35.064 15100 15100 I Glide   : 	at java.util.concurrent.ThreadPoolExecutor.runWorker(ThreadPoolExecutor.java:1113)
08-06 11:38:35.064 15100 15100 I Glide   : 	at java.util.concurrent.ThreadPoolExecutor$Worker.run(ThreadPoolExecutor.java:588)
08-06 11:38:35.064 15100 15100 I Glide   : 	at java.lang.Thread.run(Thread.java:818)
08-06 11:38:35.189   380   380 W SurfaceFlinger: couldn't log to binary event log: overflow.
08-06 11:38:35.304 15100 17470 I art     : Starting a blocking GC Explicit
08-06 11:38:35.337 15100 17470 I art     : Explicit concurrent mark sweep GC freed 2540(182KB) AllocSpace objects, 1(20KB) LOS objects, 23% free, 51MB/67MB, paused 993us total 32.821ms
08-06 11:38:35.347 15100 17470 I art     : Starting a blocking GC Explicit
08-06 11:38:35.376 15100 17470 I art     : Explicit concurrent mark sweep GC freed 2909(237KB) AllocSpace objects, 1(28KB) LOS objects, 23% free, 50MB/66MB, paused 891us total 29.431ms
08-06 11:38:35.384 15100 17470 I art     : Starting a blocking GC Explicit
08-06 11:38:35.412 15100 17470 I art     : Explicit concurrent mark sweep GC freed 3(96B) AllocSpace objects, 0(0B) LOS objects, 23% free, 50MB/66MB, paused 909us total 28.060ms
08-06 11:38:35.420 15100 17470 I art     : Starting a blocking GC Explicit
08-06 11:38:35.449 15100 17470 I art     : Explicit concurrent mark sweep GC freed 3(96B) AllocSpace objects, 0(0B) LOS objects, 23% free, 50MB/66MB, paused 928us total 28.157ms
08-06 11:38:35.457 15100 17470 I art     : Starting a blocking GC Explicit
08-06 11:38:35.487 15100 17470 I art     : Explicit concurrent mark sweep GC freed 3(96B) AllocSpace objects, 0(0B) LOS objects, 23% free, 50MB/66MB, paused 934us total 29.257ms
08-06 11:38:35.822 15100 16624 I art     : Starting a blocking GC Explicit
08-06 11:38:35.861 15100 16624 I art     : Explicit concurrent mark sweep GC freed 1383(81KB) AllocSpace objects, 1(20KB) LOS objects, 23% free, 50MB/66MB, paused 1.061ms total 38.311ms
08-06 11:38:35.873 15100 16624 I art     : Starting a blocking GC Explicit
08-06 11:38:35.902 15100 16624 I art     : Explicit concurrent mark sweep GC freed 23(752B) AllocSpace objects, 0(0B) LOS objects, 23% free, 50MB/66MB, paused 918us total 28.711ms
08-06 11:38:35.910 15100 16624 I art     : Starting a blocking GC Explicit
08-06 11:38:35.939 15100 16624 I art     : Explicit concurrent mark sweep GC freed 3(96B) AllocSpace objects, 0(0B) LOS objects, 23% free, 50MB/66MB, paused 927us total 28.530ms
08-06 11:38:35.947 15100 16624 I art     : Starting a blocking GC Explicit
08-06 11:38:35.976 15100 16624 I art     : Explicit concurrent mark sweep GC freed 3(96B) AllocSpace objects, 0(0B) LOS objects, 23% free, 50MB/66MB, paused 919us total 28.598ms
08-06 11:38:35.984 15100 16624 I art     : Starting a blocking GC Explicit
08-06 11:38:36.013 15100 16624 I art     : Explicit concurrent mark sweep GC freed 32(880B) AllocSpace objects, 0(0B) LOS objects, 23% free, 50MB/66MB, paused 912us total 28.940ms
08-06 11:38:36.282 15100 15220 I art     : Starting a blocking GC Explicit
08-06 11:38:36.311 15100 15220 I art     : Explicit concurrent mark sweep GC freed 1382(81KB) AllocSpace objects, 1(20KB) LOS objects, 23% free, 50MB/66MB, paused 947us total 29.154ms
08-06 11:38:36.320 15100 15220 I art     : Starting a blocking GC Explicit
08-06 11:38:36.348 15100 15220 I art     : Explicit concurrent mark sweep GC freed 23(752B) AllocSpace objects, 0(0B) LOS objects, 23% free, 50MB/66MB, paused 973us total 28.050ms
08-06 11:38:36.356 15100 15220 I art     : Starting a blocking GC Explicit
08-06 11:38:36.384 15100 15220 I art     : Explicit concurrent mark sweep GC freed 3(96B) AllocSpace objects, 0(0B) LOS objects, 23% free, 50MB/66MB, paused 922us total 27.516ms
08-06 11:38:36.386 18678 18678 D AndroidRuntime: >>>>>> START com.android.internal.os.RuntimeInit uid 2000 <<<<<<
08-06 11:38:36.390 18678 18678 D AndroidRuntime: CheckJNI is OFF
08-06 11:38:36.392 15100 15220 I art     : Starting a blocking GC Explicit
08-06 11:38:36.416 18678 18678 D ICU     : No timezone override file found: /data/misc/zoneinfo/current/icu/icu_tzdata.dat
08-06 11:38:36.418 15100 15220 I art     : Explicit concurrent mark sweep GC freed 3(96B) AllocSpace objects, 0(0B) LOS objects, 23% free, 50MB/66MB, paused 1.041ms total 26.371ms
08-06 11:38:36.426 15100 15220 I art     : Starting a blocking GC Explicit
08-06 11:38:36.441 18678 18678 I Radio-JNI: register_android_hardware_Radio DONE
08-06 11:38:36.451 15100 15220 I art     : Explicit concurrent mark sweep GC freed 3(96B) AllocSpace objects, 0(0B) LOS objects, 23% free, 50MB/66MB, paused 880us total 24.937ms
08-06 11:38:36.457 18678 18678 D AndroidRuntime: Calling main entry com.android.commands.input.Input
08-06 11:38:36.458 18678 18678 I Input   : injectMotionEvent: MotionEvent { action=ACTION_DOWN, actionButton=0, id[0]=0, x[0]=526.0, y[0]=597.0, toolType[0]=TOOL_TYPE_UNKNOWN, buttonState=0, metaState=0, flags=0x0, edgeFlags=0x0, pointerCount=1, historySize=0, eventTime=877132871, downTime=877132871, deviceId=0, source=0x1002 }
08-06 11:38:36.464 18678 18678 I Input   : injectMotionEvent: MotionEvent { action=ACTION_UP, actionButton=0, id[0]=0, x[0]=526.0, y[0]=597.0, toolType[0]=TOOL_TYPE_UNKNOWN, buttonState=0, metaState=0, flags=0x0, edgeFlags=0x0, pointerCount=1, historySize=0, eventTime=877132871, downTime=877132871, deviceId=0, source=0x1002 }
08-06 11:38:36.465 18678 18678 D AndroidRuntime: Shutting down VM
08-06 11:38:36.541 15100 15100 D PodcastListFragment: Selected podcast: GpodnetPodcast [url=http://feeds.feedburner.com/linuxoutlaws, title=Linux Outlaws, description=Two pragmatic geeks talk about the latest news concerning Linux, free and open
08-06 11:38:36.541 15100 15100 D PodcastListFragment: technology or anything else they deem noteworthy which may include such absurd
08-06 11:38:36.541 15100 15100 D PodcastListFragment: things as hockey or bands you never heard of. This means there's many a joke
08-06 11:38:36.541 15100 15100 D PodcastListFragment: and derailed conversation along the way, so don't come here expecting only
08-06 11:38:36.541 15100 15100 D PodcastListFragment: Linux or software freedom talk  just sit back and relax, partner., subscribers=3321, logoUrl=http://sixgun.org/files/linuxoutlaws.jpg, website=http://sixgun.org, mygpoLink=http://gpodder.net/podcast/linux-outlaws-mp3]
08-06 11:38:36.542   918  3670 I ActivityManager: START u0 {cmp=baseline.de.danoeh.antennapod.debug/baseline.de.danoeh.antennapod.activity.OnlineFeedViewActivity (has extras)} from uid 10711 on display 0
08-06 11:38:36.543   512  2967 D audio_hw_primary: out_set_parameters: enter: usecase(1: low-latency-playback) kvpairs: routing=2
08-06 11:38:36.556   512  2967 D audio_hw_primary: select_devices: out_snd_device(2: speaker) in_snd_device(0: none)
08-06 11:38:36.556   512  2967 D msm8974_platform: platform_send_audio_calibration: sending audio calibration for snd_device(2) acdb_id(15)
08-06 11:38:36.557   512  2967 I soundtrigger: audio_extn_sound_trigger_update_device_status: device 0x2 of type 0 for Event 1
08-06 11:38:36.569   512  2967 D audio_hw_primary: enable_snd_device: snd_device(2: speaker)
08-06 11:38:36.571   512  2967 D audio_hw_primary: enable_audio_route: apply and update mixer path: low-latency-playback speaker
08-06 11:38:36.587 15100 15100 D UserPreferences: Using default data folder
08-06 11:38:36.588 15100 15100 D OnlineFeedViewActivity: Activity was started with url http://feeds.feedburner.com/linuxoutlaws
08-06 11:38:36.589 15100 15100 D OnlineFeedViewActivity: Starting feed download
08-06 11:38:36.591 15100 15120 D DBReader: Extracting Feedlist
08-06 11:38:36.592   918  4400 D WifiService: acquireWifiLockLocked: WifiLock{Downloader type=1 binder=android.os.BinderProxy@3d07c2e}
08-06 11:38:36.593 15100 15120 D AntennapodHttpClient: Creating new instance of HTTP client
08-06 11:38:36.649   918   936 I ActivityManager: Displayed baseline.de.danoeh.antennapod.debug/baseline.de.danoeh.antennapod.activity.OnlineFeedViewActivity: +89ms
08-06 11:38:36.649 13866 13866 I GoogleInputMethodServic: GoogleInputMethodService.onFinishInput():3138 
08-06 11:38:36.649 13866 13866 I GoogleInputMethodServic: GoogleInputMethodService.onStartInput():1808 
08-06 11:38:36.663 15100 15121 D OpenGLRenderer: endAllStagingAnimators on 0x7f79a51400 (GridView) with handle 0x7f7967f780
08-06 11:38:36.669 15100 15120 D MYTAG   : interceptor 3a http://feeds.feedburner.com/linuxoutlaws
08-06 11:38:36.669 15100 15120 I NAPPA_EXPERIMENTATION: MetricNetworkRequestExecutionTime: REQUEST_DURATION_SYSTEM='76',REQUEST_DURATION_OKHTTP='34',REQUEST_SYNCHRONOUS='TRUE',RESPONSE_CODE='200',RESPONSE_METHOD='GET',RESPONSE_LENGTH_OKHTTP='-1',RESPONSE_LENGTH_HEADER='-2',REQUEST_PROTOCOL='http/1.1',REQUEST_URL='http://feeds.feedburner.com/linuxoutlaws',
08-06 11:38:36.669 15100 15120 D HttpDownloader: Response code is 200
08-06 11:38:36.669 15100 15120 D UserPreferences: Using default data folder
08-06 11:38:36.671 15100 15120 D HttpDownloader: Getting size of download
08-06 11:38:36.671 15100 15120 D HttpDownloader: Size is -1
08-06 11:38:36.671 15100 15120 D UserPreferences: Using default data folder
08-06 11:38:36.671 15100 15120 D HttpDownloader: Free space is 20192010240
08-06 11:38:36.671 15100 15120 D HttpDownloader: Starting download
08-06 11:38:36.675 15100 15120 D HttpDownloader: Download was successful
08-06 11:38:36.676   918  4400 D WifiService: releaseWifiLockLocked: WifiLock{Downloader type=1 binder=android.os.BinderProxy@3d07c2e}
08-06 11:38:36.676 15100 15100 D OnlineFeedViewActivity: Parsing feed
08-06 11:38:36.679 15100 18712 D TypeGetter: Recognized type RSS 2.0
08-06 11:38:36.681 15100 18712 D SyndHandler: Recognized Content namespace
08-06 11:38:36.681 15100 18712 D SyndHandler: Recognized DublinCore namespace
08-06 11:38:36.681 15100 18712 D SyndHandler: Recognized Atom namespace
08-06 11:38:36.681 15100 18712 D SyndHandler: Recognized ITunes namespace
08-06 11:38:36.681 15100 18712 D SyndHandler: Recognized media namespace
08-06 11:38:36.710 15100 18712 D OnlineFeedViewActivity: Deleted feed source file. Result: true
08-06 11:38:36.710 15100 15100 D OnlineFeedViewActivity: Removing HTML from shownotes
08-06 11:38:36.723 15100 16048 D ApOkHttpUrlLoader: buildLoadData() called with: model = [http://sixgun.org/files/linuxoutlaws.jpg], width = [350], height = [350]
08-06 11:38:36.724 15100 15852 D DBReader: getImageAuthentication() called with: imageUrl = [http://sixgun.org/files/linuxoutlaws.jpg]
08-06 11:38:36.729 15100 15852 D ApOkHttpUrlLoader: no credentials for 'http://sixgun.org/files/linuxoutlaws.jpg'
08-06 11:38:36.731 15100 15113 I art     : Starting a blocking GC Explicit
08-06 11:38:36.761 15100 15113 I art     : Explicit concurrent mark sweep GC freed 8374(939KB) AllocSpace objects, 15(828KB) LOS objects, 23% free, 51MB/67MB, paused 1.033ms total 29.755ms
08-06 11:38:36.762 15100 15852 D DBWriter: updateFeedDownloadURL(original: http://sixgun.org/files/linuxoutlaws.jpg, updated: https://fab.industries/sixgun/files/linuxoutlaws.jpg)
08-06 11:38:36.769 15100 15113 I art     : Starting a blocking GC Explicit
08-06 11:38:36.797 15100 15113 I art     : Explicit concurrent mark sweep GC freed 1693(80KB) AllocSpace objects, 0(0B) LOS objects, 23% free, 51MB/67MB, paused 911us total 27.758ms
08-06 11:38:36.805 15100 15113 I art     : Starting a blocking GC Explicit
08-06 11:38:36.833 15100 15113 I art     : Explicit concurrent mark sweep GC freed 9(352B) AllocSpace objects, 0(0B) LOS objects, 23% free, 51MB/67MB, paused 897us total 28.573ms
08-06 11:38:36.842 15100 15113 I art     : Starting a blocking GC Explicit
08-06 11:38:36.871 15100 15113 I art     : Explicit concurrent mark sweep GC freed 12(480B) AllocSpace objects, 0(0B) LOS objects, 23% free, 51MB/67MB, paused 1.030ms total 28.913ms
08-06 11:38:36.884 15100 15113 I art     : Starting a blocking GC Explicit
08-06 11:38:36.900 15100 15852 D MYTAG   : interceptor 2a
08-06 11:38:36.900 15100 15852 I NAPPA_EXPERIMENTATION: MetricNetworkRequestExecutionTime: REQUEST_DURATION_SYSTEM='171',REQUEST_DURATION_OKHTTP='136',REQUEST_SYNCHRONOUS='TRUE',RESPONSE_CODE='404',RESPONSE_METHOD='GET',RESPONSE_LENGTH_OKHTTP='-1',RESPONSE_LENGTH_HEADER='1503',REQUEST_PROTOCOL='h2',REQUEST_URL='https://fab.industries/sixgun/files/linuxoutlaws.jpg',
08-06 11:38:36.909   380   380 W SurfaceFlinger: couldn't log to binary event log: overflow.
08-06 11:38:36.911 15100 15100 W Glide   : Load failed for http://sixgun.org/files/linuxoutlaws.jpg with size [350x350]
08-06 11:38:36.911 15100 15100 W Glide   : class com.bumptech.glide.load.engine.GlideException: Failed to load resource
08-06 11:38:36.911 15100 15100 W Glide   : There was 1 cause:
08-06 11:38:36.911 15100 15100 W Glide   : com.bumptech.glide.load.HttpException()
08-06 11:38:36.911 15100 15100 W Glide   :  call GlideException#logRootCauses(String) for more detail
08-06 11:38:36.911 15100 15100 W Glide   :   Cause (1 of 1): class com.bumptech.glide.load.engine.GlideException: Fetching data failed, class java.io.InputStream, REMOTE
08-06 11:38:36.911 15100 15100 W Glide   : There was 1 cause:
08-06 11:38:36.911 15100 15100 W Glide   : com.bumptech.glide.load.HttpException()
08-06 11:38:36.911 15100 15100 W Glide   :  call GlideException#logRootCauses(String) for more detail
08-06 11:38:36.911 15100 15100 W Glide   :     Cause (1 of 1): class com.bumptech.glide.load.HttpException: 
08-06 11:38:36.912 15100 15100 I Glide   : Root cause (1 of 1)
08-06 11:38:36.912 15100 15100 I Glide   : com.bumptech.glide.load.HttpException: 
08-06 11:38:36.912 15100 15100 I Glide   : 	at com.bumptech.glide.integration.okhttp3.OkHttpStreamFetcher.onResponse(OkHttpStreamFetcher.java:73)
08-06 11:38:36.912 15100 15100 I Glide   : 	at okhttp3.RealCall$AsyncCall.execute(RealCall.java:174)
08-06 11:38:36.912 15100 15100 I Glide   : 	at okhttp3.internal.NamedRunnable.run(NamedRunnable.java:32)
08-06 11:38:36.912 15100 15100 I Glide   : 	at java.util.concurrent.ThreadPoolExecutor.runWorker(ThreadPoolExecutor.java:1113)
08-06 11:38:36.912 15100 15100 I Glide   : 	at java.util.concurrent.ThreadPoolExecutor$Worker.run(ThreadPoolExecutor.java:588)
08-06 11:38:36.912 15100 15100 I Glide   : 	at java.lang.Thread.run(Thread.java:818)
08-06 11:38:36.921 15100 15113 I art     : Explicit concurrent mark sweep GC freed 305(41KB) AllocSpace objects, 0(0B) LOS objects, 23% free, 51MB/67MB, paused 976us total 37.375ms
08-06 11:38:37.034 15100 15100 D PlaybackController: Releasing PlaybackController
08-06 11:38:37.108   512  2967 D audio_hw_primary: disable_audio_route: reset and update mixer path: low-latency-playback speaker
08-06 11:38:37.110   512  2967 D audio_hw_primary: disable_snd_device: snd_device(2: speaker)
08-06 11:38:37.118   512  2967 I soundtrigger: audio_extn_sound_trigger_update_device_status: device 0x2 of type 0 for Event 0
08-06 11:38:37.249 15100 15112 I art     : Starting a blocking GC Explicit
08-06 11:38:37.286 15100 15112 I art     : Explicit concurrent mark sweep GC freed 1876(103KB) AllocSpace objects, 2(132KB) LOS objects, 23% free, 51MB/67MB, paused 1.065ms total 35.980ms
08-06 11:38:37.298 15100 15112 I art     : Starting a blocking GC Explicit
08-06 11:38:37.330 15100 15112 I art     : Explicit concurrent mark sweep GC freed 42(1392B) AllocSpace objects, 0(0B) LOS objects, 23% free, 51MB/67MB, paused 967us total 31.486ms
08-06 11:38:37.339 15100 15112 I art     : Starting a blocking GC Explicit
08-06 11:38:37.368 15100 15112 I art     : Explicit concurrent mark sweep GC freed 3(96B) AllocSpace objects, 0(0B) LOS objects, 23% free, 51MB/67MB, paused 982us total 29.244ms
08-06 11:38:37.376 15100 15112 I art     : Starting a blocking GC Explicit
08-06 11:38:37.405 15100 15112 I art     : Explicit concurrent mark sweep GC freed 3(96B) AllocSpace objects, 0(0B) LOS objects, 23% free, 51MB/67MB, paused 916us total 29.052ms
08-06 11:38:37.414 15100 15112 I art     : Starting a blocking GC Explicit
08-06 11:38:37.444 15100 15112 I art     : Explicit concurrent mark sweep GC freed 3(96B) AllocSpace objects, 0(0B) LOS objects, 23% free, 51MB/67MB, paused 955us total 30.357ms
08-06 11:38:37.513 14957 14957 I ServiceManager: Waiting for service AtCmdFwd...
08-06 11:38:37.758 15100 15220 I art     : Starting a blocking GC Explicit
08-06 11:38:37.794 15100 15220 I art     : Explicit concurrent mark sweep GC freed 1381(81KB) AllocSpace objects, 1(20KB) LOS objects, 23% free, 51MB/67MB, paused 938us total 35.207ms
08-06 11:38:37.794 15100 15110 I art     : WaitForGcToComplete blocked for 20.696ms for cause HeapTrim
08-06 11:38:37.803 15100 15220 I art     : Starting a blocking GC Explicit
08-06 11:38:37.833 15100 15220 I art     : Explicit concurrent mark sweep GC freed 23(768B) AllocSpace objects, 0(0B) LOS objects, 23% free, 51MB/67MB, paused 917us total 29.872ms
08-06 11:38:37.841 15100 15220 I art     : Starting a blocking GC Explicit
08-06 11:38:37.872 15100 15220 I art     : Explicit concurrent mark sweep GC freed 3(96B) AllocSpace objects, 0(0B) LOS objects, 23% free, 51MB/67MB, paused 1.168ms total 30.295ms
08-06 11:38:37.880 15100 15220 I art     : Starting a blocking GC Explicit
08-06 11:38:37.911 15100 15220 I art     : Explicit concurrent mark sweep GC freed 3(96B) AllocSpace objects, 0(0B) LOS objects, 23% free, 51MB/67MB, paused 934us total 30.164ms
08-06 11:38:37.919 15100 15220 I art     : Starting a blocking GC Explicit
08-06 11:38:37.949 15100 15220 I art     : Explicit concurrent mark sweep GC freed 3(96B) AllocSpace objects, 0(0B) LOS objects, 23% free, 51MB/67MB, paused 936us total 30.077ms
08-06 11:38:38.313 15100 16624 I art     : Starting a blocking GC Explicit
08-06 11:38:38.350 15100 16624 I art     : Explicit concurrent mark sweep GC freed 1412(81KB) AllocSpace objects, 1(20KB) LOS objects, 23% free, 51MB/67MB, paused 1.676ms total 36.694ms
08-06 11:38:38.359 15100 16624 I art     : Starting a blocking GC Explicit
08-06 11:38:38.389 15100 16624 I art     : Explicit concurrent mark sweep GC freed 28(912B) AllocSpace objects, 0(0B) LOS objects, 23% free, 51MB/67MB, paused 1.015ms total 29.629ms
08-06 11:38:38.397 15100 16624 I art     : Starting a blocking GC Explicit
08-06 11:38:38.428 15100 16624 I art     : Explicit concurrent mark sweep GC freed 7(224B) AllocSpace objects, 0(0B) LOS objects, 23% free, 51MB/67MB, paused 1.099ms total 29.896ms
08-06 11:38:38.436 15100 16624 I art     : Starting a blocking GC Explicit
08-06 11:38:38.463 15100 16624 I art     : Explicit concurrent mark sweep GC freed 8(256B) AllocSpace objects, 0(0B) LOS objects, 23% free, 51MB/67MB, paused 1.094ms total 26.877ms
08-06 11:38:38.471 15100 16624 I art     : Starting a blocking GC Explicit
08-06 11:38:38.496 15100 16624 I art     : Explicit concurrent mark sweep GC freed 7(224B) AllocSpace objects, 0(0B) LOS objects, 23% free, 51MB/67MB, paused 919us total 25.113ms
08-06 11:38:38.514 14957 14957 I ServiceManager: Waiting for service AtCmdFwd...
08-06 11:38:38.843 15100 15113 I art     : Starting a blocking GC Explicit
08-06 11:38:38.884 15100 15113 I art     : Explicit concurrent mark sweep GC freed 1391(81KB) AllocSpace objects, 1(20KB) LOS objects, 23% free, 51MB/67MB, paused 1.090ms total 40.727ms
08-06 11:38:38.893 15100 15113 I art     : Starting a blocking GC Explicit
08-06 11:38:38.924 15100 15113 I art     : Explicit concurrent mark sweep GC freed 23(752B) AllocSpace objects, 0(0B) LOS objects, 23% free, 51MB/67MB, paused 938us total 30.660ms
08-06 11:38:38.932 15100 15113 I art     : Starting a blocking GC Explicit
08-06 11:38:38.962 15100 15113 I art     : Explicit concurrent mark sweep GC freed 3(96B) AllocSpace objects, 0(0B) LOS objects, 23% free, 51MB/67MB, paused 926us total 29.457ms
08-06 11:38:38.970 15100 15113 I art     : Starting a blocking GC Explicit
08-06 11:38:39.001 15100 15113 I art     : Explicit concurrent mark sweep GC freed 32(880B) AllocSpace objects, 0(0B) LOS objects, 23% free, 51MB/67MB, paused 938us total 30.385ms
08-06 11:38:39.010 15100 15113 I art     : Starting a blocking GC Explicit
08-06 11:38:39.040 15100 15113 I art     : Explicit concurrent mark sweep GC freed 3(96B) AllocSpace objects, 0(0B) LOS objects, 23% free, 51MB/67MB, paused 929us total 29.671ms
08-06 11:38:39.411 15100 16624 I art     : Starting a blocking GC Explicit
08-06 11:38:39.451 15100 16624 I art     : Explicit concurrent mark sweep GC freed 1381(81KB) AllocSpace objects, 1(20KB) LOS objects, 23% free, 51MB/67MB, paused 958us total 40.099ms
08-06 11:38:39.460 15100 16624 I art     : Starting a blocking GC Explicit
08-06 11:38:39.489 15100 16624 I art     : Explicit concurrent mark sweep GC freed 23(752B) AllocSpace objects, 0(0B) LOS objects, 23% free, 51MB/67MB, paused 886us total 29.103ms
08-06 11:38:39.497 15100 16624 I art     : Starting a blocking GC Explicit
08-06 11:38:39.515 14957 14957 I ServiceManager: Waiting for service AtCmdFwd...
08-06 11:38:39.528 15100 16624 I art     : Explicit concurrent mark sweep GC freed 3(96B) AllocSpace objects, 0(0B) LOS objects, 23% free, 51MB/67MB, paused 1.035ms total 29.882ms
08-06 11:38:39.536 15100 16624 I art     : Starting a blocking GC Explicit
08-06 11:38:39.567 15100 16624 I art     : Explicit concurrent mark sweep GC freed 3(96B) AllocSpace objects, 0(0B) LOS objects, 23% free, 51MB/67MB, paused 1.017ms total 30.688ms
08-06 11:38:39.575 15100 16624 I art     : Starting a blocking GC Explicit
08-06 11:38:39.605 15100 16624 I art     : Explicit concurrent mark sweep GC freed 3(96B) AllocSpace objects, 0(0B) LOS objects, 23% free, 51MB/67MB, paused 925us total 29.881ms
08-06 11:38:39.953 15100 17470 I art     : Starting a blocking GC Explicit
08-06 11:38:39.994 15100 17470 I art     : Explicit concurrent mark sweep GC freed 1412(84KB) AllocSpace objects, 1(20KB) LOS objects, 23% free, 51MB/67MB, paused 1.177ms total 40.518ms
08-06 11:38:40.004 15100 17470 I art     : Starting a blocking GC Explicit
08-06 11:38:40.035 15100 17470 I art     : Explicit concurrent mark sweep GC freed 23(752B) AllocSpace objects, 0(0B) LOS objects, 23% free, 51MB/67MB, paused 916us total 30.954ms
08-06 11:38:40.044 15100 17470 I art     : Starting a blocking GC Explicit
08-06 11:38:40.074 15100 17470 I art     : Explicit concurrent mark sweep GC freed 3(96B) AllocSpace objects, 0(0B) LOS objects, 23% free, 51MB/67MB, paused 931us total 29.954ms
08-06 11:38:40.083 15100 17470 I art     : Starting a blocking GC Explicit
08-06 11:38:40.113 15100 17470 I art     : Explicit concurrent mark sweep GC freed 3(96B) AllocSpace objects, 0(0B) LOS objects, 23% free, 51MB/67MB, paused 977us total 29.991ms
08-06 11:38:40.121 15100 17470 I art     : Starting a blocking GC Explicit
08-06 11:38:40.151 15100 17470 I art     : Explicit concurrent mark sweep GC freed 3(96B) AllocSpace objects, 0(0B) LOS objects, 23% free, 51MB/67MB, paused 922us total 29.207ms
08-06 11:38:40.515 15100 15112 I art     : Starting a blocking GC Explicit
08-06 11:38:40.516 14957 14957 I ServiceManager: Waiting for service AtCmdFwd...
08-06 11:38:40.557 15100 15112 I art     : Explicit concurrent mark sweep GC freed 1384(81KB) AllocSpace objects, 1(20KB) LOS objects, 23% free, 51MB/67MB, paused 1.422ms total 40.949ms
08-06 11:38:40.569 15100 15112 I art     : Starting a blocking GC Explicit
08-06 11:38:40.600 15100 15112 I art     : Explicit concurrent mark sweep GC freed 23(752B) AllocSpace objects, 0(0B) LOS objects, 23% free, 51MB/67MB, paused 942us total 31.051ms
08-06 11:38:40.609 15100 15112 I art     : Starting a blocking GC Explicit
08-06 11:38:40.640 15100 15112 I art     : Explicit concurrent mark sweep GC freed 3(96B) AllocSpace objects, 0(0B) LOS objects, 23% free, 51MB/67MB, paused 951us total 30.297ms
08-06 11:38:40.649 15100 15112 I art     : Starting a blocking GC Explicit
08-06 11:38:40.678 15100 15112 I art     : Explicit concurrent mark sweep GC freed 3(96B) AllocSpace objects, 0(0B) LOS objects, 23% free, 51MB/67MB, paused 955us total 29.150ms
08-06 11:38:40.686 15100 15112 I art     : Starting a blocking GC Explicit
08-06 11:38:40.714 15100 15112 I art     : Explicit concurrent mark sweep GC freed 3(96B) AllocSpace objects, 0(0B) LOS objects, 23% free, 51MB/67MB, paused 890us total 28.004ms
08-06 11:38:40.942   918  3261 D WifiStateMachine: starting scan for "H369AA63323"WPA_PSK with 2412,5180
08-06 11:38:41.014 15100 15220 I art     : Starting a blocking GC Explicit
08-06 11:38:41.045 15100 15220 I art     : Explicit concurrent mark sweep GC freed 1410(81KB) AllocSpace objects, 1(20KB) LOS objects, 23% free, 51MB/67MB, paused 1.012ms total 30.568ms
08-06 11:38:41.046 18784 18784 D AndroidRuntime: >>>>>> START com.android.internal.os.RuntimeInit uid 2000 <<<<<<
08-06 11:38:41.051 18784 18784 D AndroidRuntime: CheckJNI is OFF
08-06 11:38:41.054 15100 15220 I art     : Starting a blocking GC Explicit
08-06 11:38:41.078 18784 18784 D ICU     : No timezone override file found: /data/misc/zoneinfo/current/icu/icu_tzdata.dat
08-06 11:38:41.081 15100 15220 I art     : Explicit concurrent mark sweep GC freed 23(752B) AllocSpace objects, 0(0B) LOS objects, 23% free, 51MB/67MB, paused 946us total 27.477ms
08-06 11:38:41.089 15100 15220 I art     : Starting a blocking GC Explicit
08-06 11:38:41.103 18784 18784 I Radio-JNI: register_android_hardware_Radio DONE
08-06 11:38:41.116 15100 15220 I art     : Explicit concurrent mark sweep GC freed 3(96B) AllocSpace objects, 0(0B) LOS objects, 23% free, 51MB/67MB, paused 921us total 25.969ms
08-06 11:38:41.119 18784 18784 D AndroidRuntime: Calling main entry com.android.commands.input.Input
08-06 11:38:41.121 18784 18784 I Input   : injectKeyEvent: KeyEvent { action=ACTION_DOWN, keyCode=KEYCODE_BACK, scanCode=0, metaState=0, flags=0x0, repeatCount=0, eventTime=877137534, downTime=877137534, deviceId=-1, source=0x101 }
08-06 11:38:41.123 15100 15220 I art     : Starting a blocking GC Explicit
08-06 11:38:41.128 18784 18784 I Input   : injectKeyEvent: KeyEvent { action=ACTION_UP, keyCode=KEYCODE_BACK, scanCode=0, metaState=0, flags=0x0, repeatCount=0, eventTime=877137534, downTime=877137534, deviceId=-1, source=0x101 }
08-06 11:38:41.133 18784 18784 D AndroidRuntime: Shutting down VM
08-06 11:38:41.139 15100 15100 V PlaybackController: initServiceNotRunning()
08-06 11:38:41.139 15100 15100 D ExternalPlayerFragment: Loading media info
08-06 11:38:41.140 15100 16048 D ApOkHttpUrlLoader: buildLoadData() called with: model = [http://sixgun.org/files/linuxoutlaws.jpg], width = [224], height = [224]
08-06 11:38:41.140 15100 15852 D DBReader: getImageAuthentication() called with: imageUrl = [http://sixgun.org/files/linuxoutlaws.jpg]
08-06 11:38:41.142 15100 15100 D UserPreferences: Using default data folder
08-06 11:38:41.142 15100 15852 D ApOkHttpUrlLoader: no credentials for 'http://sixgun.org/files/linuxoutlaws.jpg'
08-06 11:38:41.143 15100 15120 D DBReader: getNavDrawerData() called with: 
08-06 11:38:41.151 15100 15220 I art     : Explicit concurrent mark sweep GC freed 633(37KB) AllocSpace objects, 0(0B) LOS objects, 23% free, 51MB/67MB, paused 1.264ms total 27.449ms
08-06 11:38:41.152 15100 15120 D DBReader: getDownloadedItems() called
08-06 11:38:41.153 15100 15120 D DBReader: getFavoriteIDList() called
08-06 11:38:41.154 15100 15120 D DBReader: getQueueIDList() called
08-06 11:38:41.154 15100 15120 D DBReader: Extracting Feedlist
08-06 11:38:41.159 15100 15220 I art     : Starting a blocking GC Explicit
08-06 11:38:41.175 15100 15100 D MainActivity: getLastNavFragment() -> AddFeedFragment
08-06 11:38:41.177 13866 13866 I GoogleInputMethodServic: GoogleInputMethodService.onFinishInput():3138 
08-06 11:38:41.177 13866 13866 I GoogleInputMethodServic: GoogleInputMethodService.onStartInput():1808 
08-06 11:38:41.185 15100 15220 I art     : Explicit concurrent mark sweep GC freed 488(37KB) AllocSpace objects, 0(0B) LOS objects, 23% free, 51MB/67MB, paused 1.243ms total 25.730ms
08-06 11:38:41.275 15100 15852 D DBWriter: updateFeedDownloadURL(original: http://sixgun.org/files/linuxoutlaws.jpg, updated: https://fab.industries/sixgun/files/linuxoutlaws.jpg)
08-06 11:38:41.460 15100 17470 I art     : Starting a blocking GC Explicit
08-06 11:38:41.496 15100 17470 I art     : Explicit concurrent mark sweep GC freed 2300(129KB) AllocSpace objects, 1(20KB) LOS objects, 23% free, 51MB/67MB, paused 1.030ms total 35.097ms
08-06 11:38:41.497   380   380 W SurfaceFlinger: couldn't log to binary event log: overflow.
08-06 11:38:41.510 15100 17470 I art     : Starting a blocking GC Explicit
08-06 11:38:41.517 14957 14957 I ServiceManager: Waiting for service AtCmdFwd...
08-06 11:38:41.537 15100 17470 I art     : Explicit concurrent mark sweep GC freed 769(35KB) AllocSpace objects, 0(0B) LOS objects, 23% free, 51MB/67MB, paused 963us total 26.640ms
08-06 11:38:41.545 15100 17470 I art     : Starting a blocking GC Explicit
08-06 11:38:41.551 15100 15852 D MYTAG   : interceptor 2a
08-06 11:38:41.551 15100 15852 I NAPPA_EXPERIMENTATION: MetricNetworkRequestExecutionTime: REQUEST_DURATION_SYSTEM='409',REQUEST_DURATION_OKHTTP='272',REQUEST_SYNCHRONOUS='TRUE',RESPONSE_CODE='404',RESPONSE_METHOD='GET',RESPONSE_LENGTH_OKHTTP='-1',RESPONSE_LENGTH_HEADER='1503',REQUEST_PROTOCOL='h2',REQUEST_URL='https://fab.industries/sixgun/files/linuxoutlaws.jpg',
08-06 11:38:41.551 15100 15100 W Glide   : Load failed for http://sixgun.org/files/linuxoutlaws.jpg with size [224x224]
08-06 11:38:41.551 15100 15100 W Glide   : class com.bumptech.glide.load.engine.GlideException: Failed to load resource
08-06 11:38:41.551 15100 15100 W Glide   : There was 1 cause:
08-06 11:38:41.551 15100 15100 W Glide   : com.bumptech.glide.load.HttpException()
08-06 11:38:41.551 15100 15100 W Glide   :  call GlideException#logRootCauses(String) for more detail
08-06 11:38:41.551 15100 15100 W Glide   :   Cause (1 of 1): class com.bumptech.glide.load.engine.GlideException: Fetching data failed, class java.io.InputStream, REMOTE
08-06 11:38:41.551 15100 15100 W Glide   : There was 1 cause:
08-06 11:38:41.551 15100 15100 W Glide   : com.bumptech.glide.load.HttpException()
08-06 11:38:41.551 15100 15100 W Glide   :  call GlideException#logRootCauses(String) for more detail
08-06 11:38:41.551 15100 15100 W Glide   :     Cause (1 of 1): class com.bumptech.glide.load.HttpException: 
08-06 11:38:41.551 15100 15100 I Glide   : Root cause (1 of 1)
08-06 11:38:41.551 15100 15100 I Glide   : com.bumptech.glide.load.HttpException: 
08-06 11:38:41.551 15100 15100 I Glide   : 	at com.bumptech.glide.integration.okhttp3.OkHttpStreamFetcher.onResponse(OkHttpStreamFetcher.java:73)
08-06 11:38:41.551 15100 15100 I Glide   : 	at okhttp3.RealCall$AsyncCall.execute(RealCall.java:174)
08-06 11:38:41.551 15100 15100 I Glide   : 	at okhttp3.internal.NamedRunnable.run(NamedRunnable.java:32)
08-06 11:38:41.551 15100 15100 I Glide   : 	at java.util.concurrent.ThreadPoolExecutor.runWorker(ThreadPoolExecutor.java:1113)
08-06 11:38:41.551 15100 15100 I Glide   : 	at java.util.concurrent.ThreadPoolExecutor$Worker.run(ThreadPoolExecutor.java:588)
08-06 11:38:41.551 15100 15100 I Glide   : 	at java.lang.Thread.run(Thread.java:818)
08-06 11:38:41.552 15100 15100 W Glide   : Load failed for http://sixgun.org/files/linuxoutlaws.jpg with size [224x224]
08-06 11:38:41.552 15100 15100 W Glide   : class com.bumptech.glide.load.engine.GlideException: Failed to load resource
08-06 11:38:41.552 15100 15100 W Glide   : There was 1 cause:
08-06 11:38:41.552 15100 15100 W Glide   : com.bumptech.glide.load.HttpException()
08-06 11:38:41.552 15100 15100 W Glide   :  call GlideException#logRootCauses(String) for more detail
08-06 11:38:41.552 15100 15100 W Glide   :   Cause (1 of 1): class com.bumptech.glide.load.engine.GlideException: Fetching data failed, class java.io.InputStream, REMOTE
08-06 11:38:41.552 15100 15100 W Glide   : There was 1 cause:
08-06 11:38:41.552 15100 15100 W Glide   : com.bumptech.glide.load.HttpException()
08-06 11:38:41.552 15100 15100 W Glide   :  call GlideException#logRootCauses(String) for more detail
08-06 11:38:41.552 15100 15100 W Glide   :     Cause (1 of 1): class com.bumptech.glide.load.HttpException: 
08-06 11:38:41.552 15100 15100 I Glide   : Root cause (1 of 1)
08-06 11:38:41.552 15100 15100 I Glide   : com.bumptech.glide.load.HttpException: 
08-06 11:38:41.552 15100 15100 I Glide   : 	at com.bumptech.glide.integration.okhttp3.OkHttpStreamFetcher.onResponse(OkHttpStreamFetcher.java:73)
08-06 11:38:41.552 15100 15100 I Glide   : 	at okhttp3.RealCall$AsyncCall.execute(RealCall.java:174)
08-06 11:38:41.552 15100 15100 I Glide   : 	at okhttp3.internal.NamedRunnable.run(NamedRunnable.java:32)
08-06 11:38:41.552 15100 15100 I Glide   : 	at java.util.concurrent.ThreadPoolExecutor.runWorker(ThreadPoolExecutor.java:1113)
08-06 11:38:41.552 15100 15100 I Glide   : 	at java.util.concurrent.ThreadPoolExecutor$Worker.run(ThreadPoolExecutor.java:588)
08-06 11:38:41.552 15100 15100 I Glide   : 	at java.lang.Thread.run(Thread.java:818)
08-06 11:38:41.571 15100 17470 I art     : Explicit concurrent mark sweep GC freed 3259(304KB) AllocSpace objects, 1(28KB) LOS objects, 23% free, 50MB/66MB, paused 920us total 25.919ms
08-06 11:38:41.579 15100 17470 I art     : Starting a blocking GC Explicit
08-06 11:38:41.605 15100 17470 I art     : Explicit concurrent mark sweep GC freed 166(6KB) AllocSpace objects, 0(0B) LOS objects, 23% free, 50MB/66MB, paused 918us total 25.687ms
08-06 11:38:41.613 15100 17470 I art     : Starting a blocking GC Explicit
08-06 11:38:41.640 15100 17470 I art     : Explicit concurrent mark sweep GC freed 6(192B) AllocSpace objects, 0(0B) LOS objects, 23% free, 50MB/66MB, paused 951us total 26.611ms
08-06 11:38:41.950 15100 15113 I art     : Starting a blocking GC Explicit
08-06 11:38:41.989 15100 15113 I art     : Explicit concurrent mark sweep GC freed 1412(82KB) AllocSpace objects, 1(20KB) LOS objects, 23% free, 50MB/66MB, paused 1.313ms total 38.624ms
08-06 11:38:42.000 15100 15113 I art     : Starting a blocking GC Explicit
08-06 11:38:42.030 15100 15113 I art     : Explicit concurrent mark sweep GC freed 23(752B) AllocSpace objects, 0(0B) LOS objects, 23% free, 50MB/66MB, paused 974us total 29.638ms
08-06 11:38:42.038 15100 15113 I art     : Starting a blocking GC Explicit
08-06 11:38:42.067 15100 15113 I art     : Explicit concurrent mark sweep GC freed 3(96B) AllocSpace objects, 0(0B) LOS objects, 23% free, 50MB/66MB, paused 1.035ms total 28.920ms
08-06 11:38:42.076 15100 15113 I art     : Starting a blocking GC Explicit
08-06 11:38:42.105 15100 15113 I art     : Explicit concurrent mark sweep GC freed 3(96B) AllocSpace objects, 0(0B) LOS objects, 23% free, 50MB/66MB, paused 924us total 28.511ms
08-06 11:38:42.113 15100 15113 I art     : Starting a blocking GC Explicit
08-06 11:38:42.141 15100 15113 I art     : Explicit concurrent mark sweep GC freed 3(96B) AllocSpace objects, 0(0B) LOS objects, 23% free, 50MB/66MB, paused 913us total 27.926ms
08-06 11:38:42.456 15100 15220 I art     : Starting a blocking GC Explicit
08-06 11:38:42.485 15100 15220 I art     : Explicit concurrent mark sweep GC freed 1382(81KB) AllocSpace objects, 1(20KB) LOS objects, 23% free, 50MB/66MB, paused 990us total 29.352ms
08-06 11:38:42.494 15100 15220 I art     : Starting a blocking GC Explicit
08-06 11:38:42.517 14957 14957 W Atfwd_Sendcmd: AtCmdFwd service not published, waiting... retryCnt : 4
08-06 11:38:42.522 15100 15220 I art     : Explicit concurrent mark sweep GC freed 23(752B) AllocSpace objects, 0(0B) LOS objects, 23% free, 50MB/66MB, paused 941us total 27.436ms
08-06 11:38:42.529 15100 15220 I art     : Starting a blocking GC Explicit
08-06 11:38:42.557 15100 15220 I art     : Explicit concurrent mark sweep GC freed 3(96B) AllocSpace objects, 0(0B) LOS objects, 23% free, 50MB/66MB, paused 922us total 26.872ms
08-06 11:38:42.564 15100 15220 I art     : Starting a blocking GC Explicit
08-06 11:38:42.591 15100 15220 I art     : Explicit concurrent mark sweep GC freed 3(96B) AllocSpace objects, 0(0B) LOS objects, 23% free, 50MB/66MB, paused 914us total 26.906ms
08-06 11:38:42.599 15100 15220 I art     : Starting a blocking GC Explicit
08-06 11:38:42.626 15100 15220 I art     : Explicit concurrent mark sweep GC freed 3(96B) AllocSpace objects, 0(0B) LOS objects, 23% free, 50MB/66MB, paused 1.014ms total 26.997ms
08-06 11:38:42.702 18837 18837 D AndroidRuntime: >>>>>> START com.android.internal.os.RuntimeInit uid 2000 <<<<<<
08-06 11:38:42.706 18837 18837 D AndroidRuntime: CheckJNI is OFF
08-06 11:38:42.736 18837 18837 D ICU     : No timezone override file found: /data/misc/zoneinfo/current/icu/icu_tzdata.dat
08-06 11:38:42.767 18837 18837 I Radio-JNI: register_android_hardware_Radio DONE
08-06 11:38:42.787 18837 18837 D AndroidRuntime: Calling main entry com.android.commands.input.Input
08-06 11:38:42.788 18837 18837 I Input   : injectKeyEvent: KeyEvent { action=ACTION_DOWN, keyCode=KEYCODE_BACK, scanCode=0, metaState=0, flags=0x0, repeatCount=0, eventTime=877139201, downTime=877139201, deviceId=-1, source=0x101 }
08-06 11:38:42.797 18837 18837 I Input   : injectKeyEvent: KeyEvent { action=ACTION_UP, keyCode=KEYCODE_BACK, scanCode=0, metaState=0, flags=0x0, repeatCount=0, eventTime=877139201, downTime=877139201, deviceId=-1, source=0x101 }
08-06 11:38:42.811 18837 18837 D AndroidRuntime: Shutting down VM
08-06 11:38:42.914 15100 15112 I art     : Starting a blocking GC Explicit
08-06 11:38:42.947 15100 15112 I art     : Explicit concurrent mark sweep GC freed 3582(172KB) AllocSpace objects, 1(20KB) LOS objects, 23% free, 50MB/66MB, paused 1.038ms total 31.986ms
08-06 11:38:42.956 15100 15112 I art     : Starting a blocking GC Explicit
08-06 11:38:42.985 15100 15112 I art     : Explicit concurrent mark sweep GC freed 5370(395KB) AllocSpace objects, 9(1620KB) LOS objects, 24% free, 48MB/64MB, paused 980us total 28.697ms
08-06 11:38:42.993 15100 15112 I art     : Starting a blocking GC Explicit
08-06 11:38:43.021 15100 15112 I art     : Explicit concurrent mark sweep GC freed 3(96B) AllocSpace objects, 0(0B) LOS objects, 24% free, 48MB/64MB, paused 1.030ms total 27.981ms
08-06 11:38:43.030 15100 15112 I art     : Starting a blocking GC Explicit
08-06 11:38:43.059 15100 15112 I art     : Explicit concurrent mark sweep GC freed 3(96B) AllocSpace objects, 0(0B) LOS objects, 24% free, 48MB/64MB, paused 981us total 28.802ms
08-06 11:38:43.067 15100 15112 I art     : Starting a blocking GC Explicit
08-06 11:38:43.095 15100 15112 I art     : Explicit concurrent mark sweep GC freed 3(96B) AllocSpace objects, 0(0B) LOS objects, 24% free, 48MB/64MB, paused 972us total 27.560ms
08-06 11:38:43.381 15100 16624 I art     : Starting a blocking GC Explicit
08-06 11:38:43.418 15100 16624 I art     : Explicit concurrent mark sweep GC freed 1382(82KB) AllocSpace objects, 1(20KB) LOS objects, 24% free, 48MB/64MB, paused 1.219ms total 36.702ms
08-06 11:38:43.432 15100 16624 I art     : Starting a blocking GC Explicit
08-06 11:38:43.460 15100 16624 I art     : Explicit concurrent mark sweep GC freed 23(752B) AllocSpace objects, 0(0B) LOS objects, 24% free, 48MB/64MB, paused 931us total 27.853ms
08-06 11:38:43.468 15100 16624 I art     : Starting a blocking GC Explicit
08-06 11:38:43.495 15100 16624 I art     : Explicit concurrent mark sweep GC freed 3(96B) AllocSpace objects, 0(0B) LOS objects, 24% free, 48MB/64MB, paused 911us total 26.825ms
08-06 11:38:43.503 15100 16624 I art     : Starting a blocking GC Explicit
08-06 11:38:43.531 15100 16624 I art     : Explicit concurrent mark sweep GC freed 3(96B) AllocSpace objects, 0(0B) LOS objects, 24% free, 48MB/64MB, paused 1.109ms total 27.593ms
08-06 11:38:43.540 15100 16624 I art     : Starting a blocking GC Explicit
08-06 11:38:43.567 15100 16624 I art     : Explicit concurrent mark sweep GC freed 3(96B) AllocSpace objects, 0(0B) LOS objects, 24% free, 48MB/64MB, paused 936us total 26.450ms
08-06 11:38:43.905 15100 17470 I art     : Starting a blocking GC Explicit
08-06 11:38:43.942 15100 17470 I art     : Explicit concurrent mark sweep GC freed 1382(83KB) AllocSpace objects, 1(20KB) LOS objects, 24% free, 48MB/64MB, paused 1.079ms total 36.929ms
08-06 11:38:43.953 15100 17470 I art     : Starting a blocking GC Explicit
08-06 11:38:43.981 15100 17470 I art     : Explicit concurrent mark sweep GC freed 52(1536B) AllocSpace objects, 0(0B) LOS objects, 24% free, 48MB/64MB, paused 941us total 27.862ms
08-06 11:38:43.990 15100 17470 I art     : Starting a blocking GC Explicit
08-06 11:38:44.018 15100 17470 I art     : Explicit concurrent mark sweep GC freed 3(96B) AllocSpace objects, 0(0B) LOS objects, 24% free, 48MB/64MB, paused 1.042ms total 27.556ms
08-06 11:38:44.026 15100 17470 I art     : Starting a blocking GC Explicit
08-06 11:38:44.052 15100 17470 I art     : Explicit concurrent mark sweep GC freed 3(96B) AllocSpace objects, 0(0B) LOS objects, 24% free, 48MB/64MB, paused 842us total 26.372ms
08-06 11:38:44.060 15100 17470 I art     : Starting a blocking GC Explicit
08-06 11:38:44.087 15100 17470 I art     : Explicit concurrent mark sweep GC freed 3(96B) AllocSpace objects, 0(0B) LOS objects, 24% free, 48MB/64MB, paused 930us total 26.129ms
08-06 11:38:44.355 18881 18881 D AndroidRuntime: >>>>>> START com.android.internal.os.RuntimeInit uid 2000 <<<<<<
08-06 11:38:44.360 18881 18881 D AndroidRuntime: CheckJNI is OFF
08-06 11:38:44.383 15100 15113 I art     : Starting a blocking GC Explicit
08-06 11:38:44.387 18881 18881 D ICU     : No timezone override file found: /data/misc/zoneinfo/current/icu/icu_tzdata.dat
08-06 11:38:44.412 15100 15113 I art     : Explicit concurrent mark sweep GC freed 1393(81KB) AllocSpace objects, 1(20KB) LOS objects, 24% free, 48MB/64MB, paused 1.054ms total 28.475ms
08-06 11:38:44.414 18881 18881 I Radio-JNI: register_android_hardware_Radio DONE
08-06 11:38:44.420 15100 15113 I art     : Starting a blocking GC Explicit
08-06 11:38:44.431 18881 18881 D AndroidRuntime: Calling main entry com.android.commands.input.Input
08-06 11:38:44.432 18881 18881 I Input   : injectMotionEvent: MotionEvent { action=ACTION_DOWN, actionButton=0, id[0]=0, x[0]=603.0, y[0]=1061.0, toolType[0]=TOOL_TYPE_UNKNOWN, buttonState=0, metaState=0, flags=0x0, edgeFlags=0x0, pointerCount=1, historySize=0, eventTime=877140845, downTime=877140845, deviceId=0, source=0x1002 }
08-06 11:38:44.440 18881 18881 I Input   : injectMotionEvent: MotionEvent { action=ACTION_UP, actionButton=0, id[0]=0, x[0]=603.0, y[0]=1061.0, toolType[0]=TOOL_TYPE_UNKNOWN, buttonState=0, metaState=0, flags=0x0, edgeFlags=0x0, pointerCount=1, historySize=0, eventTime=877140845, downTime=877140845, deviceId=0, source=0x1002 }
08-06 11:38:44.442 18881 18881 D AndroidRuntime: Shutting down VM
08-06 11:38:44.446 15100 15113 I art     : Explicit concurrent mark sweep GC freed 54(1808B) AllocSpace objects, 0(0B) LOS objects, 24% free, 48MB/64MB, paused 1.077ms total 25.375ms
08-06 11:38:44.454   512  2967 D audio_hw_primary: out_set_parameters: enter: usecase(1: low-latency-playback) kvpairs: routing=2
08-06 11:38:44.454 15100 15113 I art     : Starting a blocking GC Explicit
08-06 11:38:44.466   512  2967 D audio_hw_primary: select_devices: out_snd_device(2: speaker) in_snd_device(0: none)
08-06 11:38:44.466   512  2967 D msm8974_platform: platform_send_audio_calibration: sending audio calibration for snd_device(2) acdb_id(15)
08-06 11:38:44.467   512  2967 I soundtrigger: audio_extn_sound_trigger_update_device_status: device 0x2 of type 0 for Event 1
08-06 11:38:44.476   512  2967 D audio_hw_primary: enable_snd_device: snd_device(2: speaker)
08-06 11:38:44.478   512  2967 D audio_hw_primary: enable_audio_route: apply and update mixer path: low-latency-playback speaker
08-06 11:38:44.478 15100 15113 I art     : Explicit concurrent mark sweep GC freed 639(26KB) AllocSpace objects, 0(0B) LOS objects, 24% free, 49MB/65MB, paused 1.048ms total 24.060ms
08-06 11:38:44.486 15100 15113 I art     : Starting a blocking GC Explicit
08-06 11:38:44.511 15100 15113 I art     : Explicit concurrent mark sweep GC freed 1837(76KB) AllocSpace objects, 0(0B) LOS objects, 24% free, 49MB/65MB, paused 1.227ms total 24.947ms
08-06 11:38:44.518 15100 15113 I art     : Starting a blocking GC Explicit
08-06 11:38:44.542 15100 15113 I art     : Explicit concurrent mark sweep GC freed 2070(97KB) AllocSpace objects, 1(220KB) LOS objects, 24% free, 49MB/65MB, paused 874us total 24.100ms
08-06 11:38:44.575 15100 18904 I NAPPA_EXPERIMENTATION: MetricNetworkRequestExecutionTime: REQUEST_DURATION_SYSTEM='86',REQUEST_DURATION_OKHTTP='85',REQUEST_SYNCHRONOUS='TRUE',RESPONSE_CODE='200',RESPONSE_METHOD='GET',RESPONSE_LENGTH_OKHTTP='37507',RESPONSE_LENGTH_HEADER='37507',REQUEST_PROTOCOL='http/1.1',REQUEST_URL='https://gpodder.net/toplist/50.json',
08-06 11:38:44.582 15100 17750 I NAPPA_EXPERIMENTATION: MetricNetworkRequestExecutionTime: REQUEST_DURATION_SYSTEM='91',REQUEST_DURATION_OKHTTP='90',REQUEST_SYNCHRONOUS='TRUE',RESPONSE_CODE='200',RESPONSE_METHOD='GET',RESPONSE_LENGTH_OKHTTP='2923',RESPONSE_LENGTH_HEADER='2923',REQUEST_PROTOCOL='http/1.1',REQUEST_URL='https://gpodder.net/api/2/tags/50.json',
08-06 11:38:44.620 15100 16048 D ApOkHttpUrlLoader: buildLoadData() called with: model = [http://sixgun.org/files/linuxoutlaws.jpg], width = [224], height = [224]
08-06 11:38:44.621 15100 15852 D DBReader: getImageAuthentication() called with: imageUrl = [http://sixgun.org/files/linuxoutlaws.jpg]
08-06 11:38:44.624 15100 15852 D ApOkHttpUrlLoader: no credentials for 'http://sixgun.org/files/linuxoutlaws.jpg'
08-06 11:38:44.629 15100 16048 D ApOkHttpUrlLoader: buildLoadData() called with: model = [https://files.thisamericanlife.org/sites/all/themes/thislife/img/tal-name-1400x1400.png], width = [224], height = [224]
08-06 11:38:44.632 15100 16048 D ApOkHttpUrlLoader: buildLoadData() called with: model = [https://elroy.twit.tv/sites/default/files/styles/twit_album_art_2048x2048/public/images/shows/floss_weekly/album_art/audio/floss_albumart_mask.jpg?itok=IUjxKpwt], width = [224], height = [224]
08-06 11:38:44.635 15100 16048 D ApOkHttpUrlLoader: buildLoadData() called with: model = [http://ichef.bbci.co.uk/images/ic/3000x3000/p07kfvzb.jpg], width = [224], height = [224]
08-06 11:38:44.638 15100 16048 D ApOkHttpUrlLoader: buildLoadData() called with: model = [https://pl.tedcdn.com/rss_feed_images/ted_talks_main_podcast/video.png], width = [224], height = [224]
08-06 11:38:44.641 15100 16048 D ApOkHttpUrlLoader: buildLoadData() called with: model = [https://elroy.twit.tv/sites/default/files/styles/twit_album_art_2048x2048/public/images/shows/this_week_in_tech/album_art/audio/twit1400audio.jpg?itok=J0vhatZb], width = [224], height = [224]
08-06 11:38:44.644 15100 16048 D ApOkHttpUrlLoader: buildLoadData() called with: model = [http://ichef.bbci.co.uk/images/ic/3000x3000/p03gtk3j.jpg], width = [224], height = [224]
08-06 11:38:44.651 15100 15852 D DBWriter: updateFeedDownloadURL(original: http://sixgun.org/files/linuxoutlaws.jpg, updated: https://fab.industries/sixgun/files/linuxoutlaws.jpg)
08-06 11:38:44.785 15100 15220 I art     : Starting a blocking GC Explicit
08-06 11:38:44.793 15100 15852 D MYTAG   : interceptor 2a
08-06 11:38:44.793 15100 15852 I NAPPA_EXPERIMENTATION: MetricNetworkRequestExecutionTime: REQUEST_DURATION_SYSTEM='169',REQUEST_DURATION_OKHTTP='140',REQUEST_SYNCHRONOUS='TRUE',RESPONSE_CODE='404',RESPONSE_METHOD='GET',RESPONSE_LENGTH_OKHTTP='-1',RESPONSE_LENGTH_HEADER='1503',REQUEST_PROTOCOL='h2',REQUEST_URL='https://fab.industries/sixgun/files/linuxoutlaws.jpg',
08-06 11:38:44.794 15100 15100 W Glide   : Load failed for http://sixgun.org/files/linuxoutlaws.jpg with size [224x224]
08-06 11:38:44.794 15100 15100 W Glide   : class com.bumptech.glide.load.engine.GlideException: Failed to load resource
08-06 11:38:44.794 15100 15100 W Glide   : There was 1 cause:
08-06 11:38:44.794 15100 15100 W Glide   : com.bumptech.glide.load.HttpException()
08-06 11:38:44.794 15100 15100 W Glide   :  call GlideException#logRootCauses(String) for more detail
08-06 11:38:44.794 15100 15100 W Glide   :   Cause (1 of 1): class com.bumptech.glide.load.engine.GlideException: Fetching data failed, class java.io.InputStream, REMOTE
08-06 11:38:44.794 15100 15100 W Glide   : There was 1 cause:
08-06 11:38:44.794 15100 15100 W Glide   : com.bumptech.glide.load.HttpException()
08-06 11:38:44.794 15100 15100 W Glide   :  call GlideException#logRootCauses(String) for more detail
08-06 11:38:44.794 15100 15100 W Glide   :     Cause (1 of 1): class com.bumptech.glide.load.HttpException: 
08-06 11:38:44.794 15100 15100 I Glide   : Root cause (1 of 1)
08-06 11:38:44.794 15100 15100 I Glide   : com.bumptech.glide.load.HttpException: 
08-06 11:38:44.794 15100 15100 I Glide   : 	at com.bumptech.glide.integration.okhttp3.OkHttpStreamFetcher.onResponse(OkHttpStreamFetcher.java:73)
08-06 11:38:44.794 15100 15100 I Glide   : 	at okhttp3.RealCall$AsyncCall.execute(RealCall.java:174)
08-06 11:38:44.794 15100 15100 I Glide   : 	at okhttp3.internal.NamedRunnable.run(NamedRunnable.java:32)
08-06 11:38:44.794 15100 15100 I Glide   : 	at java.util.concurrent.ThreadPoolExecutor.runWorker(ThreadPoolExecutor.java:1113)
08-06 11:38:44.794 15100 15100 I Glide   : 	at java.util.concurrent.ThreadPoolExecutor$Worker.run(ThreadPoolExecutor.java:588)
08-06 11:38:44.794 15100 15100 I Glide   : 	at java.lang.Thread.run(Thread.java:818)
08-06 11:38:44.795 15100 15100 W Glide   : Load failed for http://sixgun.org/files/linuxoutlaws.jpg with size [224x224]
08-06 11:38:44.795 15100 15100 W Glide   : class com.bumptech.glide.load.engine.GlideException: Failed to load resource
08-06 11:38:44.795 15100 15100 W Glide   : There was 1 cause:
08-06 11:38:44.795 15100 15100 W Glide   : com.bumptech.glide.load.HttpException()
08-06 11:38:44.795 15100 15100 W Glide   :  call GlideException#logRootCauses(String) for more detail
08-06 11:38:44.795 15100 15100 W Glide   :   Cause (1 of 1): class com.bumptech.glide.load.engine.GlideException: Fetching data failed, class java.io.InputStream, REMOTE
08-06 11:38:44.795 15100 15100 W Glide   : There was 1 cause:
08-06 11:38:44.795 15100 15100 W Glide   : com.bumptech.glide.load.HttpException()
08-06 11:38:44.795 15100 15100 W Glide   :  call GlideException#logRootCauses(String) for more detail
08-06 11:38:44.795 15100 15100 W Glide   :     Cause (1 of 1): class com.bumptech.glide.load.HttpException: 
08-06 11:38:44.795 15100 15100 I Glide   : Root cause (1 of 1)
08-06 11:38:44.795 15100 15100 I Glide   : com.bumptech.glide.load.HttpException: 
08-06 11:38:44.795 15100 15100 I Glide   : 	at com.bumptech.glide.integration.okhttp3.OkHttpStreamFetcher.onResponse(OkHttpStreamFetcher.java:73)
08-06 11:38:44.795 15100 15100 I Glide   : 	at okhttp3.RealCall$AsyncCall.execute(RealCall.java:174)
08-06 11:38:44.795 15100 15100 I Glide   : 	at okhttp3.internal.NamedRunnable.run(NamedRunnable.java:32)
08-06 11:38:44.795 15100 15100 I Glide   : 	at java.util.concurrent.ThreadPoolExecutor.runWorker(ThreadPoolExecutor.java:1113)
08-06 11:38:44.795 15100 15100 I Glide   : 	at java.util.concurrent.ThreadPoolExecutor$Worker.run(ThreadPoolExecutor.java:588)
08-06 11:38:44.795 15100 15100 I Glide   : 	at java.lang.Thread.run(Thread.java:818)
08-06 11:38:44.819 15100 15220 I art     : Explicit concurrent mark sweep GC freed 8298(586KB) AllocSpace objects, 4(212KB) LOS objects, 23% free, 50MB/66MB, paused 1.036ms total 34.263ms
08-06 11:38:44.828 15100 15220 I art     : Starting a blocking GC Explicit
08-06 11:38:44.856 15100 15220 I art     : Explicit concurrent mark sweep GC freed 396(16KB) AllocSpace objects, 0(0B) LOS objects, 23% free, 50MB/66MB, paused 808us total 27.208ms
08-06 11:38:44.864 15100 15220 I art     : Starting a blocking GC Explicit
08-06 11:38:44.892 15100 15220 I art     : Explicit concurrent mark sweep GC freed 6(192B) AllocSpace objects, 0(0B) LOS objects, 23% free, 50MB/66MB, paused 950us total 27.244ms
08-06 11:38:44.900 15100 15220 I art     : Starting a blocking GC Explicit
08-06 11:38:44.926 15100 15220 I art     : Explicit concurrent mark sweep GC freed 3(96B) AllocSpace objects, 0(0B) LOS objects, 23% free, 50MB/66MB, paused 901us total 26.773ms
08-06 11:38:44.934 15100 15220 I art     : Starting a blocking GC Explicit
08-06 11:38:44.961 15100 15220 I art     : Explicit concurrent mark sweep GC freed 3(96B) AllocSpace objects, 0(0B) LOS objects, 23% free, 50MB/66MB, paused 827us total 26.716ms
08-06 11:38:45.008   512  2967 D audio_hw_primary: disable_audio_route: reset and update mixer path: low-latency-playback speaker
08-06 11:38:45.010   512  2967 D audio_hw_primary: disable_snd_device: snd_device(2: speaker)
08-06 11:38:45.019   512  2967 I soundtrigger: audio_extn_sound_trigger_update_device_status: device 0x2 of type 0 for Event 0
08-06 11:38:45.293 15100 16624 I art     : Starting a blocking GC Explicit
08-06 11:38:45.324 15100 16624 I art     : Explicit concurrent mark sweep GC freed 1410(81KB) AllocSpace objects, 1(20KB) LOS objects, 23% free, 50MB/66MB, paused 1.050ms total 30.805ms
08-06 11:38:45.336 15100 16624 I art     : Starting a blocking GC Explicit
08-06 11:38:45.364 15100 16624 I art     : Explicit concurrent mark sweep GC freed 40(1344B) AllocSpace objects, 0(0B) LOS objects, 23% free, 50MB/66MB, paused 840us total 27.388ms
08-06 11:38:45.372 15100 16624 I art     : Starting a blocking GC Explicit
08-06 11:38:45.399 15100 16624 I art     : Explicit concurrent mark sweep GC freed 3(96B) AllocSpace objects, 0(0B) LOS objects, 23% free, 50MB/66MB, paused 906us total 27.477ms
08-06 11:38:45.407 15100 16624 I art     : Starting a blocking GC Explicit
08-06 11:38:45.435 15100 16624 I art     : Explicit concurrent mark sweep GC freed 3(96B) AllocSpace objects, 0(0B) LOS objects, 23% free, 50MB/66MB, paused 913us total 27.695ms
08-06 11:38:45.444 15100 16624 I art     : Starting a blocking GC Explicit
08-06 11:38:45.472 15100 16624 I art     : Explicit concurrent mark sweep GC freed 3(96B) AllocSpace objects, 0(0B) LOS objects, 23% free, 50MB/66MB, paused 916us total 28.058ms
08-06 11:38:45.812 15100 15113 I art     : Starting a blocking GC Explicit
08-06 11:38:45.852 15100 15113 I art     : Explicit concurrent mark sweep GC freed 1381(81KB) AllocSpace objects, 1(20KB) LOS objects, 23% free, 50MB/66MB, paused 1.035ms total 39.192ms
08-06 11:38:45.865 15100 15113 I art     : Starting a blocking GC Explicit
08-06 11:38:45.894 15100 15113 I art     : Explicit concurrent mark sweep GC freed 23(752B) AllocSpace objects, 0(0B) LOS objects, 23% free, 50MB/66MB, paused 916us total 28.817ms
08-06 11:38:45.903 15100 15113 I art     : Starting a blocking GC Explicit
08-06 11:38:45.931 15100 15113 I art     : Explicit concurrent mark sweep GC freed 3(96B) AllocSpace objects, 0(0B) LOS objects, 23% free, 50MB/66MB, paused 919us total 28.483ms
08-06 11:38:45.939 15100 15113 I art     : Starting a blocking GC Explicit
08-06 11:38:45.968 15100 15113 I art     : Explicit concurrent mark sweep GC freed 3(96B) AllocSpace objects, 0(0B) LOS objects, 23% free, 50MB/66MB, paused 966us total 28.743ms
08-06 11:38:45.977 15100 15113 I art     : Starting a blocking GC Explicit
08-06 11:38:46.007 15100 15113 I art     : Explicit concurrent mark sweep GC freed 32(880B) AllocSpace objects, 0(0B) LOS objects, 23% free, 50MB/66MB, paused 920us total 29.069ms
08-06 11:38:46.366 15100 15112 I art     : Starting a blocking GC Explicit
08-06 11:38:46.396 15100 15112 I art     : Explicit concurrent mark sweep GC freed 1425(82KB) AllocSpace objects, 1(20KB) LOS objects, 23% free, 50MB/66MB, paused 882us total 29.844ms
08-06 11:38:46.405 15100 15112 I art     : Starting a blocking GC Explicit
08-06 11:38:46.434 15100 15112 I art     : Explicit concurrent mark sweep GC freed 49(1616B) AllocSpace objects, 0(0B) LOS objects, 23% free, 50MB/66MB, paused 920us total 29.341ms
08-06 11:38:46.442 15100 15112 I art     : Starting a blocking GC Explicit
08-06 11:38:46.470 15100 15112 I art     : Explicit concurrent mark sweep GC freed 8(256B) AllocSpace objects, 0(0B) LOS objects, 23% free, 50MB/66MB, paused 877us total 27.781ms
08-06 11:38:46.479 15100 15112 I art     : Starting a blocking GC Explicit
08-06 11:38:46.506 15100 15112 I art     : Explicit concurrent mark sweep GC freed 4(128B) AllocSpace objects, 0(0B) LOS objects, 23% free, 50MB/66MB, paused 797us total 27.613ms
08-06 11:38:46.514 15100 15112 I art     : Starting a blocking GC Explicit
08-06 11:38:46.542 15100 15112 I art     : Explicit concurrent mark sweep GC freed 4(160B) AllocSpace objects, 0(0B) LOS objects, 23% free, 50MB/66MB, paused 891us total 27.686ms
08-06 11:38:46.888 15100 17470 I art     : Starting a blocking GC Explicit
08-06 11:38:46.927 15100 17470 I art     : Explicit concurrent mark sweep GC freed 1381(81KB) AllocSpace objects, 1(20KB) LOS objects, 23% free, 50MB/66MB, paused 1.058ms total 39.010ms
08-06 11:38:46.939 15100 17470 I art     : Starting a blocking GC Explicit
08-06 11:38:46.970 15100 17470 I art     : Explicit concurrent mark sweep GC freed 23(752B) AllocSpace objects, 0(0B) LOS objects, 23% free, 50MB/66MB, paused 923us total 29.948ms
08-06 11:38:46.978 15100 17470 I art     : Starting a blocking GC Explicit
08-06 11:38:47.008 15100 17470 I art     : Explicit concurrent mark sweep GC freed 32(880B) AllocSpace objects, 0(0B) LOS objects, 23% free, 50MB/66MB, paused 1.044ms total 29.263ms
08-06 11:38:47.016 15100 17470 I art     : Starting a blocking GC Explicit
08-06 11:38:47.045 15100 17470 I art     : Explicit concurrent mark sweep GC freed 3(96B) AllocSpace objects, 0(0B) LOS objects, 23% free, 50MB/66MB, paused 879us total 28.652ms
08-06 11:38:47.053 15100 17470 I art     : Starting a blocking GC Explicit
08-06 11:38:47.082 15100 17470 I art     : Explicit concurrent mark sweep GC freed 3(96B) AllocSpace objects, 0(0B) LOS objects, 23% free, 50MB/66MB, paused 928us total 28.913ms
08-06 11:38:47.408 15100 16624 I art     : Starting a blocking GC Explicit
08-06 11:38:47.444 15100 16624 I art     : Explicit concurrent mark sweep GC freed 1381(81KB) AllocSpace objects, 1(20KB) LOS objects, 23% free, 50MB/66MB, paused 948us total 35.581ms
08-06 11:38:47.453 15100 16624 I art     : Starting a blocking GC Explicit
08-06 11:38:47.481 15100 16624 I art     : Explicit concurrent mark sweep GC freed 23(752B) AllocSpace objects, 0(0B) LOS objects, 23% free, 50MB/66MB, paused 896us total 27.925ms
08-06 11:38:47.489 15100 16624 I art     : Starting a blocking GC Explicit
08-06 11:38:47.518 15100 16624 I art     : Explicit concurrent mark sweep GC freed 3(96B) AllocSpace objects, 0(0B) LOS objects, 23% free, 50MB/66MB, paused 968us total 28.958ms
08-06 11:38:47.527 15100 16624 I art     : Starting a blocking GC Explicit
08-06 11:38:47.556 15100 16624 I art     : Explicit concurrent mark sweep GC freed 3(96B) AllocSpace objects, 0(0B) LOS objects, 23% free, 50MB/66MB, paused 1.041ms total 28.968ms
08-06 11:38:47.564 15100 16624 I art     : Starting a blocking GC Explicit
08-06 11:38:47.593 15100 16624 I art     : Explicit concurrent mark sweep GC freed 3(96B) AllocSpace objects, 0(0B) LOS objects, 23% free, 50MB/66MB, paused 911us total 28.924ms
08-06 11:38:47.961 15100 15113 I art     : Starting a blocking GC Explicit
08-06 11:38:48.000 15100 15113 I art     : Explicit concurrent mark sweep GC freed 1411(82KB) AllocSpace objects, 1(20KB) LOS objects, 23% free, 50MB/66MB, paused 1.249ms total 39.215ms
08-06 11:38:48.016 15100 15113 I art     : Starting a blocking GC Explicit
08-06 11:38:48.045 15100 15113 I art     : Explicit concurrent mark sweep GC freed 23(752B) AllocSpace objects, 0(0B) LOS objects, 23% free, 50MB/66MB, paused 924us total 28.903ms
08-06 11:38:48.053 15100 15113 I art     : Starting a blocking GC Explicit
08-06 11:38:48.082 15100 15113 I art     : Explicit concurrent mark sweep GC freed 3(96B) AllocSpace objects, 0(0B) LOS objects, 23% free, 50MB/66MB, paused 921us total 28.760ms
08-06 11:38:48.090 15100 15113 I art     : Starting a blocking GC Explicit
08-06 11:38:48.119 15100 15113 I art     : Explicit concurrent mark sweep GC freed 3(96B) AllocSpace objects, 0(0B) LOS objects, 23% free, 50MB/66MB, paused 977us total 28.879ms
08-06 11:38:48.128 15100 15113 I art     : Starting a blocking GC Explicit
08-06 11:38:48.157 15100 15113 I art     : Explicit concurrent mark sweep GC freed 3(96B) AllocSpace objects, 0(0B) LOS objects, 23% free, 50MB/66MB, paused 1.005ms total 29.039ms
08-06 11:38:48.512 15100 15220 I art     : Starting a blocking GC Explicit
08-06 11:38:48.551 15100 15220 I art     : Explicit concurrent mark sweep GC freed 1384(81KB) AllocSpace objects, 1(20KB) LOS objects, 23% free, 50MB/66MB, paused 1.057ms total 38.551ms
08-06 11:38:48.567 15100 15220 I art     : Starting a blocking GC Explicit
08-06 11:38:48.597 15100 15220 I art     : Explicit concurrent mark sweep GC freed 23(752B) AllocSpace objects, 0(0B) LOS objects, 23% free, 50MB/66MB, paused 966us total 29.906ms
08-06 11:38:48.605 15100 15220 I art     : Starting a blocking GC Explicit
08-06 11:38:48.634 15100 15220 I art     : Explicit concurrent mark sweep GC freed 3(96B) AllocSpace objects, 0(0B) LOS objects, 23% free, 50MB/66MB, paused 934us total 28.798ms
08-06 11:38:48.642 15100 15220 I art     : Starting a blocking GC Explicit
08-06 11:38:48.672 15100 15220 I art     : Explicit concurrent mark sweep GC freed 3(96B) AllocSpace objects, 0(0B) LOS objects, 23% free, 50MB/66MB, paused 931us total 28.989ms
08-06 11:38:48.680 15100 15220 I art     : Starting a blocking GC Explicit
08-06 11:38:48.709 15100 15220 I art     : Explicit concurrent mark sweep GC freed 3(96B) AllocSpace objects, 0(0B) LOS objects, 23% free, 50MB/66MB, paused 950us total 28.696ms
08-06 11:38:49.051 15100 15112 I art     : Starting a blocking GC Explicit
08-06 11:38:49.091 15100 15112 I art     : Explicit concurrent mark sweep GC freed 1410(81KB) AllocSpace objects, 1(20KB) LOS objects, 23% free, 50MB/66MB, paused 1.012ms total 39.067ms
08-06 11:38:49.100 15100 15112 I art     : Starting a blocking GC Explicit
08-06 11:38:49.130 15100 15112 I art     : Explicit concurrent mark sweep GC freed 23(752B) AllocSpace objects, 0(0B) LOS objects, 23% free, 50MB/66MB, paused 915us total 29.424ms
08-06 11:38:49.138 15100 15112 I art     : Starting a blocking GC Explicit
08-06 11:38:49.168 15100 15112 I art     : Explicit concurrent mark sweep GC freed 3(96B) AllocSpace objects, 0(0B) LOS objects, 23% free, 50MB/66MB, paused 985us total 29.553ms
08-06 11:38:49.176 15100 15112 I art     : Starting a blocking GC Explicit
08-06 11:38:49.205 15100 15112 I art     : Explicit concurrent mark sweep GC freed 3(96B) AllocSpace objects, 0(0B) LOS objects, 23% free, 50MB/66MB, paused 903us total 28.265ms
08-06 11:38:49.213 15100 15112 I art     : Starting a blocking GC Explicit
08-06 11:38:49.241 15100 15112 I art     : Explicit concurrent mark sweep GC freed 3(96B) AllocSpace objects, 0(0B) LOS objects, 23% free, 50MB/66MB, paused 916us total 28.262ms
08-06 11:38:49.601 15100 17470 I art     : Starting a blocking GC Explicit
08-06 11:38:49.640 15100 17470 I art     : Explicit concurrent mark sweep GC freed 1381(81KB) AllocSpace objects, 1(20KB) LOS objects, 23% free, 50MB/66MB, paused 1.091ms total 38.716ms
08-06 11:38:49.652 15100 17470 I art     : Starting a blocking GC Explicit
08-06 11:38:49.682 15100 17470 I art     : Explicit concurrent mark sweep GC freed 23(752B) AllocSpace objects, 0(0B) LOS objects, 23% free, 50MB/66MB, paused 929us total 29.843ms
08-06 11:38:49.691 15100 17470 I art     : Starting a blocking GC Explicit
08-06 11:38:49.720 15100 17470 I art     : Explicit concurrent mark sweep GC freed 3(96B) AllocSpace objects, 0(0B) LOS objects, 23% free, 50MB/66MB, paused 845us total 28.827ms
08-06 11:38:49.728 15100 17470 I art     : Starting a blocking GC Explicit
08-06 11:38:49.757 15100 17470 I art     : Explicit concurrent mark sweep GC freed 3(96B) AllocSpace objects, 0(0B) LOS objects, 23% free, 50MB/66MB, paused 969us total 28.569ms
08-06 11:38:49.765 15100 17470 I art     : Starting a blocking GC Explicit
08-06 11:38:49.794 15100 17470 I art     : Explicit concurrent mark sweep GC freed 3(96B) AllocSpace objects, 0(0B) LOS objects, 23% free, 50MB/66MB, paused 926us total 28.513ms
08-06 11:38:50.147 15100 16624 I art     : Starting a blocking GC Explicit
08-06 11:38:50.185 15100 16624 I art     : Explicit concurrent mark sweep GC freed 1410(81KB) AllocSpace objects, 1(20KB) LOS objects, 23% free, 50MB/66MB, paused 954us total 37.494ms
08-06 11:38:50.194 15100 16624 I art     : Starting a blocking GC Explicit
08-06 11:38:50.222 15100 16624 I art     : Explicit concurrent mark sweep GC freed 23(752B) AllocSpace objects, 0(0B) LOS objects, 23% free, 50MB/66MB, paused 918us total 28.195ms
08-06 11:38:50.230 15100 16624 I art     : Starting a blocking GC Explicit
08-06 11:38:50.260 15100 16624 I art     : Explicit concurrent mark sweep GC freed 3(96B) AllocSpace objects, 0(0B) LOS objects, 23% free, 50MB/66MB, paused 929us total 28.932ms
08-06 11:38:50.268 15100 16624 I art     : Starting a blocking GC Explicit
08-06 11:38:50.297 15100 16624 I art     : Explicit concurrent mark sweep GC freed 3(96B) AllocSpace objects, 0(0B) LOS objects, 23% free, 50MB/66MB, paused 1.008ms total 29.123ms
08-06 11:38:50.306 15100 16624 I art     : Starting a blocking GC Explicit
08-06 11:38:50.335 15100 16624 I art     : Explicit concurrent mark sweep GC freed 3(96B) AllocSpace objects, 0(0B) LOS objects, 23% free, 50MB/66MB, paused 903us total 28.972ms
08-06 11:38:50.676 15100 15113 I art     : Starting a blocking GC Explicit
08-06 11:38:50.710 15100 15113 I art     : Explicit concurrent mark sweep GC freed 1381(81KB) AllocSpace objects, 1(20KB) LOS objects, 23% free, 50MB/66MB, paused 909us total 33.353ms
08-06 11:38:50.719 15100 15113 I art     : Starting a blocking GC Explicit
08-06 11:38:50.743 15100 15113 I art     : Explicit concurrent mark sweep GC freed 23(752B) AllocSpace objects, 0(0B) LOS objects, 23% free, 50MB/66MB, paused 862us total 24.434ms
08-06 11:38:50.751 15100 15113 I art     : Starting a blocking GC Explicit
08-06 11:38:50.776 15100 15113 I art     : Explicit concurrent mark sweep GC freed 3(96B) AllocSpace objects, 0(0B) LOS objects, 23% free, 50MB/66MB, paused 885us total 25.737ms
08-06 11:38:50.784 15100 15113 I art     : Starting a blocking GC Explicit
08-06 11:38:50.811 15100 15113 I art     : Explicit concurrent mark sweep GC freed 3(96B) AllocSpace objects, 0(0B) LOS objects, 23% free, 50MB/66MB, paused 875us total 26.186ms
08-06 11:38:50.818 15100 15113 I art     : Starting a blocking GC Explicit
08-06 11:38:50.845 15100 15113 I art     : Explicit concurrent mark sweep GC freed 3(96B) AllocSpace objects, 0(0B) LOS objects, 23% free, 50MB/66MB, paused 980us total 26.635ms
08-06 11:38:51.020 19028 19028 D AndroidRuntime: >>>>>> START com.android.internal.os.RuntimeInit uid 2000 <<<<<<
08-06 11:38:51.025 19028 19028 D AndroidRuntime: CheckJNI is OFF
08-06 11:38:51.051 19028 19028 D ICU     : No timezone override file found: /data/misc/zoneinfo/current/icu/icu_tzdata.dat
08-06 11:38:51.076 19028 19028 I Radio-JNI: register_android_hardware_Radio DONE
08-06 11:38:51.092 19028 19028 D AndroidRuntime: Calling main entry com.android.commands.input.Input
08-06 11:38:51.093 19028 19028 I Input   : injectMotionEvent: MotionEvent { action=ACTION_DOWN, actionButton=0, id[0]=0, x[0]=526.0, y[0]=597.0, toolType[0]=TOOL_TYPE_UNKNOWN, buttonState=0, metaState=0, flags=0x0, edgeFlags=0x0, pointerCount=1, historySize=0, eventTime=877147506, downTime=877147506, deviceId=0, source=0x1002 }
08-06 11:38:51.107 19028 19028 I Input   : injectMotionEvent: MotionEvent { action=ACTION_UP, actionButton=0, id[0]=0, x[0]=526.0, y[0]=597.0, toolType[0]=TOOL_TYPE_UNKNOWN, buttonState=0, metaState=0, flags=0x0, edgeFlags=0x0, pointerCount=1, historySize=0, eventTime=877147506, downTime=877147506, deviceId=0, source=0x1002 }
08-06 11:38:51.109 19028 19028 D AndroidRuntime: Shutting down VM
08-06 11:38:51.173 15100 15100 D PodcastListFragment: Selected podcast: GpodnetPodcast [url=http://feeds.feedburner.com/linuxoutlaws, title=Linux Outlaws, description=Two pragmatic geeks talk about the latest news concerning Linux, free and open
08-06 11:38:51.173 15100 15100 D PodcastListFragment: technology or anything else they deem noteworthy which may include such absurd
08-06 11:38:51.173 15100 15100 D PodcastListFragment: things as hockey or bands you never heard of. This means there's many a joke
08-06 11:38:51.173 15100 15100 D PodcastListFragment: and derailed conversation along the way, so don't come here expecting only
08-06 11:38:51.173 15100 15100 D PodcastListFragment: Linux or software freedom talk  just sit back and relax, partner., subscribers=3321, logoUrl=http://sixgun.org/files/linuxoutlaws.jpg, website=http://sixgun.org, mygpoLink=http://gpodder.net/podcast/linux-outlaws-mp3]
08-06 11:38:51.173   918  6112 I ActivityManager: START u0 {cmp=baseline.de.danoeh.antennapod.debug/baseline.de.danoeh.antennapod.activity.OnlineFeedViewActivity (has extras)} from uid 10711 on display 0
08-06 11:38:51.174 15100 16624 I art     : Starting a blocking GC Explicit
08-06 11:38:51.174   512  2967 D audio_hw_primary: out_set_parameters: enter: usecase(1: low-latency-playback) kvpairs: routing=2
08-06 11:38:51.188   512  2967 D audio_hw_primary: select_devices: out_snd_device(2: speaker) in_snd_device(0: none)
08-06 11:38:51.188   512  2967 D msm8974_platform: platform_send_audio_calibration: sending audio calibration for snd_device(2) acdb_id(15)
08-06 11:38:51.188   512  2967 I soundtrigger: audio_extn_sound_trigger_update_device_status: device 0x2 of type 0 for Event 1
08-06 11:38:51.198 15100 15100 D UserPreferences: Using default data folder
08-06 11:38:51.200 15100 15100 D OnlineFeedViewActivity: Activity was started with url http://feeds.feedburner.com/linuxoutlaws
08-06 11:38:51.202   512  2967 D audio_hw_primary: enable_snd_device: snd_device(2: speaker)
08-06 11:38:51.204   512  2967 D audio_hw_primary: enable_audio_route: apply and update mixer path: low-latency-playback speaker
08-06 11:38:51.207 15100 15100 D OnlineFeedViewActivity: Starting feed download
08-06 11:38:51.207 15100 16624 I art     : Explicit concurrent mark sweep GC freed 2264(137KB) AllocSpace objects, 1(20KB) LOS objects, 23% free, 50MB/66MB, paused 1.242ms total 32.433ms
08-06 11:38:51.209 15100 15124 D DBReader: Extracting Feedlist
08-06 11:38:51.211   918  5132 D WifiService: acquireWifiLockLocked: WifiLock{Downloader type=1 binder=android.os.BinderProxy@28d96b7}
08-06 11:38:51.211 15100 15124 D AntennapodHttpClient: Creating new instance of HTTP client
08-06 11:38:51.215 15100 16624 I art     : Starting a blocking GC Explicit
08-06 11:38:51.241 15100 16624 I art     : Explicit concurrent mark sweep GC freed 602(53KB) AllocSpace objects, 0(0B) LOS objects, 23% free, 50MB/66MB, paused 888us total 26.377ms
08-06 11:38:51.249 15100 16624 I art     : Starting a blocking GC Explicit
08-06 11:38:51.256 13866 13866 I GoogleInputMethodServic: GoogleInputMethodService.onFinishInput():3138 
08-06 11:38:51.257 13866 13866 I GoogleInputMethodServic: GoogleInputMethodService.onStartInput():1808 
08-06 11:38:51.274   918   936 I ActivityManager: Displayed baseline.de.danoeh.antennapod.debug/baseline.de.danoeh.antennapod.activity.OnlineFeedViewActivity: +91ms
08-06 11:38:51.279 15100 16624 I art     : Explicit concurrent mark sweep GC freed 282(12KB) AllocSpace objects, 0(0B) LOS objects, 23% free, 51MB/67MB, paused 1.100ms total 30.299ms
08-06 11:38:51.287 15100 16624 I art     : Starting a blocking GC Explicit
08-06 11:38:51.296 15100 15121 D OpenGLRenderer: endAllStagingAnimators on 0x7f7b382000 (GridView) with handle 0x7f766b1600
08-06 11:38:51.313 15100 16624 I art     : Explicit concurrent mark sweep GC freed 70(3KB) AllocSpace objects, 0(0B) LOS objects, 23% free, 51MB/67MB, paused 920us total 25.662ms
08-06 11:38:51.322 15100 16624 I art     : Starting a blocking GC Explicit
08-06 11:38:51.325 15100 15124 D MYTAG   : interceptor 3a http://feeds.feedburner.com/linuxoutlaws
08-06 11:38:51.325 15100 15124 I NAPPA_EXPERIMENTATION: MetricNetworkRequestExecutionTime: REQUEST_DURATION_SYSTEM='113',REQUEST_DURATION_OKHTTP='46',REQUEST_SYNCHRONOUS='TRUE',RESPONSE_CODE='200',RESPONSE_METHOD='GET',RESPONSE_LENGTH_OKHTTP='-1',RESPONSE_LENGTH_HEADER='-2',REQUEST_PROTOCOL='http/1.1',REQUEST_URL='http://feeds.feedburner.com/linuxoutlaws',
08-06 11:38:51.325 15100 15124 D HttpDownloader: Response code is 200
08-06 11:38:51.325 15100 15124 D UserPreferences: Using default data folder
08-06 11:38:51.327 15100 15124 D HttpDownloader: Getting size of download
08-06 11:38:51.327 15100 15124 D HttpDownloader: Size is -1
08-06 11:38:51.327 15100 15124 D UserPreferences: Using default data folder
08-06 11:38:51.327 15100 15124 D HttpDownloader: Free space is 20192006144
08-06 11:38:51.327 15100 15124 D HttpDownloader: Starting download
08-06 11:38:51.335 15100 15124 D HttpDownloader: Download was successful
08-06 11:38:51.335   918  5952 D WifiService: releaseWifiLockLocked: WifiLock{Downloader type=1 binder=android.os.BinderProxy@28d96b7}
08-06 11:38:51.336 15100 15100 D OnlineFeedViewActivity: Parsing feed
08-06 11:38:51.338 15100 19052 D TypeGetter: Recognized type RSS 2.0
08-06 11:38:51.339 15100 19052 D SyndHandler: Recognized Content namespace
08-06 11:38:51.339 15100 19052 D SyndHandler: Recognized DublinCore namespace
08-06 11:38:51.339 15100 19052 D SyndHandler: Recognized Atom namespace
08-06 11:38:51.339 15100 19052 D SyndHandler: Recognized ITunes namespace
08-06 11:38:51.339 15100 19052 D SyndHandler: Recognized media namespace
08-06 11:38:51.349 15100 16624 I art     : Explicit concurrent mark sweep GC freed 817(223KB) AllocSpace objects, 3(60KB) LOS objects, 23% free, 51MB/67MB, paused 1.092ms total 26.491ms
08-06 11:38:51.365 15100 19052 D OnlineFeedViewActivity: Deleted feed source file. Result: true
08-06 11:38:51.366 15100 15100 D OnlineFeedViewActivity: Removing HTML from shownotes
08-06 11:38:51.381 15100 16048 D ApOkHttpUrlLoader: buildLoadData() called with: model = [http://sixgun.org/files/linuxoutlaws.jpg], width = [350], height = [350]
08-06 11:38:51.382 15100 15852 D DBReader: getImageAuthentication() called with: imageUrl = [http://sixgun.org/files/linuxoutlaws.jpg]
08-06 11:38:51.384 15100 15852 D ApOkHttpUrlLoader: no credentials for 'http://sixgun.org/files/linuxoutlaws.jpg'
08-06 11:38:51.419 15100 15852 D DBWriter: updateFeedDownloadURL(original: http://sixgun.org/files/linuxoutlaws.jpg, updated: https://fab.industries/sixgun/files/linuxoutlaws.jpg)
08-06 11:38:51.512   380   380 W SurfaceFlinger: couldn't log to binary event log: overflow.
08-06 11:38:51.556 15100 15852 D MYTAG   : interceptor 2a
08-06 11:38:51.557 15100 15852 I NAPPA_EXPERIMENTATION: MetricNetworkRequestExecutionTime: REQUEST_DURATION_SYSTEM='172',REQUEST_DURATION_OKHTTP='135',REQUEST_SYNCHRONOUS='TRUE',RESPONSE_CODE='404',RESPONSE_METHOD='GET',RESPONSE_LENGTH_OKHTTP='-1',RESPONSE_LENGTH_HEADER='1503',REQUEST_PROTOCOL='h2',REQUEST_URL='https://fab.industries/sixgun/files/linuxoutlaws.jpg',
08-06 11:38:51.557 15100 15100 W Glide   : Load failed for http://sixgun.org/files/linuxoutlaws.jpg with size [350x350]
08-06 11:38:51.557 15100 15100 W Glide   : class com.bumptech.glide.load.engine.GlideException: Failed to load resource
08-06 11:38:51.557 15100 15100 W Glide   : There was 1 cause:
08-06 11:38:51.557 15100 15100 W Glide   : com.bumptech.glide.load.HttpException()
08-06 11:38:51.557 15100 15100 W Glide   :  call GlideException#logRootCauses(String) for more detail
08-06 11:38:51.557 15100 15100 W Glide   :   Cause (1 of 1): class com.bumptech.glide.load.engine.GlideException: Fetching data failed, class java.io.InputStream, REMOTE
08-06 11:38:51.557 15100 15100 W Glide   : There was 1 cause:
08-06 11:38:51.557 15100 15100 W Glide   : com.bumptech.glide.load.HttpException()
08-06 11:38:51.557 15100 15100 W Glide   :  call GlideException#logRootCauses(String) for more detail
08-06 11:38:51.557 15100 15100 W Glide   :     Cause (1 of 1): class com.bumptech.glide.load.HttpException: 
08-06 11:38:51.558 15100 15100 I Glide   : Root cause (1 of 1)
08-06 11:38:51.558 15100 15100 I Glide   : com.bumptech.glide.load.HttpException: 
08-06 11:38:51.558 15100 15100 I Glide   : 	at com.bumptech.glide.integration.okhttp3.OkHttpStreamFetcher.onResponse(OkHttpStreamFetcher.java:73)
08-06 11:38:51.558 15100 15100 I Glide   : 	at okhttp3.RealCall$AsyncCall.execute(RealCall.java:174)
08-06 11:38:51.558 15100 15100 I Glide   : 	at okhttp3.internal.NamedRunnable.run(NamedRunnable.java:32)
08-06 11:38:51.558 15100 15100 I Glide   : 	at java.util.concurrent.ThreadPoolExecutor.runWorker(ThreadPoolExecutor.java:1113)
08-06 11:38:51.558 15100 15100 I Glide   : 	at java.util.concurrent.ThreadPoolExecutor$Worker.run(ThreadPoolExecutor.java:588)
08-06 11:38:51.558 15100 15100 I Glide   : 	at java.lang.Thread.run(Thread.java:818)
08-06 11:38:51.608 15100 17470 I art     : Starting a blocking GC Explicit
08-06 11:38:51.641 15100 17470 I art     : Explicit concurrent mark sweep GC freed 6862(672KB) AllocSpace objects, 12(768KB) LOS objects, 23% free, 51MB/67MB, paused 902us total 32.099ms
08-06 11:38:51.651 15100 17470 I art     : Starting a blocking GC Explicit
08-06 11:38:51.656 15100 15100 D PlaybackController: Releasing PlaybackController
08-06 11:38:51.683 15100 17470 I art     : Explicit concurrent mark sweep GC freed 1307(61KB) AllocSpace objects, 1(112KB) LOS objects, 23% free, 51MB/67MB, paused 841us total 32.158ms
08-06 11:38:51.691 15100 17470 I art     : Starting a blocking GC Explicit
08-06 11:38:51.717 15100 17470 I art     : Explicit concurrent mark sweep GC freed 19(640B) AllocSpace objects, 0(0B) LOS objects, 23% free, 51MB/67MB, paused 982us total 25.641ms
08-06 11:38:51.725 15100 17470 I art     : Starting a blocking GC Explicit
08-06 11:38:51.738   512  2967 D audio_hw_primary: disable_audio_route: reset and update mixer path: low-latency-playback speaker
08-06 11:38:51.740   512  2967 D audio_hw_primary: disable_snd_device: snd_device(2: speaker)
08-06 11:38:51.748   512  2967 I soundtrigger: audio_extn_sound_trigger_update_device_status: device 0x2 of type 0 for Event 0
08-06 11:38:51.751 15100 17470 I art     : Explicit concurrent mark sweep GC freed 3(96B) AllocSpace objects, 0(0B) LOS objects, 23% free, 51MB/67MB, paused 857us total 26.414ms
08-06 11:38:51.759 15100 17470 I art     : Starting a blocking GC Explicit
08-06 11:38:51.788 15100 17470 I art     : Explicit concurrent mark sweep GC freed 3(96B) AllocSpace objects, 0(0B) LOS objects, 23% free, 51MB/67MB, paused 976us total 28.457ms
08-06 11:38:52.094 15100 15112 I art     : Starting a blocking GC Explicit
08-06 11:38:52.132 15100 15112 I art     : Explicit concurrent mark sweep GC freed 1410(81KB) AllocSpace objects, 1(20KB) LOS objects, 23% free, 51MB/67MB, paused 964us total 37.898ms
08-06 11:38:52.141 15100 15112 I art     : Starting a blocking GC Explicit
08-06 11:38:52.171 15100 15112 I art     : Explicit concurrent mark sweep GC freed 23(752B) AllocSpace objects, 0(0B) LOS objects, 23% free, 51MB/67MB, paused 934us total 29.582ms
08-06 11:38:52.179 15100 15112 I art     : Starting a blocking GC Explicit
08-06 11:38:52.208 15100 15112 I art     : Explicit concurrent mark sweep GC freed 3(96B) AllocSpace objects, 0(0B) LOS objects, 23% free, 51MB/67MB, paused 962us total 28.675ms
08-06 11:38:52.216 15100 15112 I art     : Starting a blocking GC Explicit
08-06 11:38:52.245 15100 15112 I art     : Explicit concurrent mark sweep GC freed 3(96B) AllocSpace objects, 0(0B) LOS objects, 23% free, 51MB/67MB, paused 905us total 29.118ms
08-06 11:38:52.254 15100 15112 I art     : Starting a blocking GC Explicit
08-06 11:38:52.284 15100 15112 I art     : Explicit concurrent mark sweep GC freed 3(96B) AllocSpace objects, 0(0B) LOS objects, 23% free, 51MB/67MB, paused 905us total 29.840ms
08-06 11:38:52.617 15100 15220 I art     : Starting a blocking GC Explicit
08-06 11:38:52.657 15100 15220 I art     : Explicit concurrent mark sweep GC freed 1381(81KB) AllocSpace objects, 1(20KB) LOS objects, 23% free, 51MB/67MB, paused 896us total 39.374ms
08-06 11:38:52.666 15100 15220 I art     : Starting a blocking GC Explicit
08-06 11:38:52.696 15100 15220 I art     : Explicit concurrent mark sweep GC freed 23(752B) AllocSpace objects, 0(0B) LOS objects, 23% free, 51MB/67MB, paused 891us total 30.567ms
08-06 11:38:52.704 15100 15220 I art     : Starting a blocking GC Explicit
08-06 11:38:52.735 15100 15220 I art     : Explicit concurrent mark sweep GC freed 3(96B) AllocSpace objects, 0(0B) LOS objects, 23% free, 51MB/67MB, paused 922us total 30.099ms
08-06 11:38:52.743 15100 15220 I art     : Starting a blocking GC Explicit
08-06 11:38:52.772 15100 15220 I art     : Explicit concurrent mark sweep GC freed 3(96B) AllocSpace objects, 0(0B) LOS objects, 23% free, 51MB/67MB, paused 900us total 29.207ms
08-06 11:38:52.781 15100 15220 I art     : Starting a blocking GC Explicit
08-06 11:38:52.810 15100 15220 I art     : Explicit concurrent mark sweep GC freed 3(96B) AllocSpace objects, 0(0B) LOS objects, 23% free, 51MB/67MB, paused 899us total 29.400ms
08-06 11:38:53.159 15100 15113 I art     : Starting a blocking GC Explicit
08-06 11:38:53.192 15100 15113 I art     : Explicit concurrent mark sweep GC freed 1435(82KB) AllocSpace objects, 1(20KB) LOS objects, 23% free, 51MB/67MB, paused 897us total 31.735ms
08-06 11:38:53.201 15100 15113 I art     : Starting a blocking GC Explicit
08-06 11:38:53.230 15100 15113 I art     : Explicit concurrent mark sweep GC freed 28(912B) AllocSpace objects, 0(0B) LOS objects, 23% free, 51MB/67MB, paused 904us total 28.664ms
08-06 11:38:53.238 15100 15113 I art     : Starting a blocking GC Explicit
08-06 11:38:53.267 15100 15113 I art     : Explicit concurrent mark sweep GC freed 3(96B) AllocSpace objects, 0(0B) LOS objects, 23% free, 51MB/67MB, paused 835us total 27.945ms
08-06 11:38:53.275 15100 15113 I art     : Starting a blocking GC Explicit
08-06 11:38:53.302 15100 15113 I art     : Explicit concurrent mark sweep GC freed 3(96B) AllocSpace objects, 0(0B) LOS objects, 23% free, 51MB/67MB, paused 805us total 27.474ms
08-06 11:38:53.311 15100 15113 I art     : Starting a blocking GC Explicit
08-06 11:38:53.340 15100 15113 I art     : Explicit concurrent mark sweep GC freed 3(96B) AllocSpace objects, 0(0B) LOS objects, 23% free, 51MB/67MB, paused 890us total 29.075ms
08-06 11:38:53.697 15100 16624 I art     : Starting a blocking GC Explicit
08-06 11:38:53.738 15100 16624 I art     : Explicit concurrent mark sweep GC freed 1381(81KB) AllocSpace objects, 1(20KB) LOS objects, 23% free, 51MB/67MB, paused 1.268ms total 41.172ms
08-06 11:38:53.751 15100 16624 I art     : Starting a blocking GC Explicit
08-06 11:38:53.780 15100 16624 I art     : Explicit concurrent mark sweep GC freed 23(752B) AllocSpace objects, 0(0B) LOS objects, 23% free, 51MB/67MB, paused 922us total 29.178ms
08-06 11:38:53.789 15100 16624 I art     : Starting a blocking GC Explicit
08-06 11:38:53.818 15100 16624 I art     : Explicit concurrent mark sweep GC freed 3(96B) AllocSpace objects, 0(0B) LOS objects, 23% free, 51MB/67MB, paused 969us total 29.266ms
08-06 11:38:53.826 15100 16624 I art     : Starting a blocking GC Explicit
08-06 11:38:53.856 15100 16624 I art     : Explicit concurrent mark sweep GC freed 3(96B) AllocSpace objects, 0(0B) LOS objects, 23% free, 51MB/67MB, paused 983us total 29.714ms
08-06 11:38:53.865 15100 16624 I art     : Starting a blocking GC Explicit
08-06 11:38:53.895 15100 16624 I art     : Explicit concurrent mark sweep GC freed 3(96B) AllocSpace objects, 0(0B) LOS objects, 23% free, 51MB/67MB, paused 945us total 30.192ms
08-06 11:38:54.255 15100 17470 I art     : Starting a blocking GC Explicit
08-06 11:38:54.295 15100 17470 I art     : Explicit concurrent mark sweep GC freed 1411(83KB) AllocSpace objects, 1(20KB) LOS objects, 23% free, 51MB/67MB, paused 1.071ms total 39.857ms
08-06 11:38:54.310 15100 17470 I art     : Starting a blocking GC Explicit
08-06 11:38:54.341 15100 17470 I art     : Explicit concurrent mark sweep GC freed 23(752B) AllocSpace objects, 0(0B) LOS objects, 23% free, 51MB/67MB, paused 933us total 30.535ms
08-06 11:38:54.350 15100 17470 I art     : Starting a blocking GC Explicit
08-06 11:38:54.380 15100 17470 I art     : Explicit concurrent mark sweep GC freed 3(96B) AllocSpace objects, 0(0B) LOS objects, 23% free, 51MB/67MB, paused 915us total 29.859ms
08-06 11:38:54.388 15100 17470 I art     : Starting a blocking GC Explicit
08-06 11:38:54.419 15100 17470 I art     : Explicit concurrent mark sweep GC freed 3(96B) AllocSpace objects, 0(0B) LOS objects, 23% free, 51MB/67MB, paused 1.027ms total 30.082ms
08-06 11:38:54.427 15100 17470 I art     : Starting a blocking GC Explicit
08-06 11:38:54.458 15100 17470 I art     : Explicit concurrent mark sweep GC freed 3(96B) AllocSpace objects, 0(0B) LOS objects, 23% free, 51MB/67MB, paused 990us total 30.211ms
08-06 11:38:54.779 15100 15112 I art     : Starting a blocking GC Explicit
08-06 11:38:54.819 15100 15112 I art     : Explicit concurrent mark sweep GC freed 1382(82KB) AllocSpace objects, 1(20KB) LOS objects, 23% free, 51MB/67MB, paused 1.128ms total 40.147ms
08-06 11:38:54.832 15100 15112 I art     : Starting a blocking GC Explicit
08-06 11:38:54.863 15100 15112 I art     : Explicit concurrent mark sweep GC freed 23(752B) AllocSpace objects, 0(0B) LOS objects, 23% free, 51MB/67MB, paused 958us total 30.695ms
08-06 11:38:54.872 15100 15112 I art     : Starting a blocking GC Explicit
08-06 11:38:54.902 15100 15112 I art     : Explicit concurrent mark sweep GC freed 3(96B) AllocSpace objects, 0(0B) LOS objects, 23% free, 51MB/67MB, paused 931us total 29.291ms
08-06 11:38:54.910 15100 15112 I art     : Starting a blocking GC Explicit
08-06 11:38:54.940 15100 15112 I art     : Explicit concurrent mark sweep GC freed 3(96B) AllocSpace objects, 0(0B) LOS objects, 23% free, 51MB/67MB, paused 1.116ms total 29.964ms
08-06 11:38:54.948 15100 15112 I art     : Starting a blocking GC Explicit
08-06 11:38:54.979 15100 15112 I art     : Explicit concurrent mark sweep GC freed 32(880B) AllocSpace objects, 0(0B) LOS objects, 23% free, 51MB/67MB, paused 972us total 30.160ms
08-06 11:38:55.324 15100 15220 I art     : Starting a blocking GC Explicit
08-06 11:38:55.358 15100 15220 I art     : Explicit concurrent mark sweep GC freed 1384(81KB) AllocSpace objects, 1(20KB) LOS objects, 23% free, 51MB/67MB, paused 965us total 33.548ms
08-06 11:38:55.367 15100 15220 I art     : Starting a blocking GC Explicit
08-06 11:38:55.395 15100 15220 I art     : Explicit concurrent mark sweep GC freed 23(752B) AllocSpace objects, 0(0B) LOS objects, 23% free, 51MB/67MB, paused 839us total 27.836ms
08-06 11:38:55.403 15100 15220 I art     : Starting a blocking GC Explicit
08-06 11:38:55.431 15100 15220 I art     : Explicit concurrent mark sweep GC freed 3(96B) AllocSpace objects, 0(0B) LOS objects, 23% free, 51MB/67MB, paused 982us total 28.008ms
08-06 11:38:55.439 15100 15220 I art     : Starting a blocking GC Explicit
08-06 11:38:55.467 15100 15220 I art     : Explicit concurrent mark sweep GC freed 3(96B) AllocSpace objects, 0(0B) LOS objects, 23% free, 51MB/67MB, paused 961us total 28.233ms
08-06 11:38:55.475 15100 15220 I art     : Starting a blocking GC Explicit
08-06 11:38:55.500 15100 15220 I art     : Explicit concurrent mark sweep GC freed 3(96B) AllocSpace objects, 0(0B) LOS objects, 23% free, 51MB/67MB, paused 874us total 25.336ms
08-06 11:38:55.690 19136 19136 D AndroidRuntime: >>>>>> START com.android.internal.os.RuntimeInit uid 2000 <<<<<<
08-06 11:38:55.694 19136 19136 D AndroidRuntime: CheckJNI is OFF
08-06 11:38:55.719 19136 19136 D ICU     : No timezone override file found: /data/misc/zoneinfo/current/icu/icu_tzdata.dat
08-06 11:38:55.744 19136 19136 I Radio-JNI: register_android_hardware_Radio DONE
08-06 11:38:55.760 19136 19136 D AndroidRuntime: Calling main entry com.android.commands.input.Input
08-06 11:38:55.762 19136 19136 I Input   : injectKeyEvent: KeyEvent { action=ACTION_DOWN, keyCode=KEYCODE_BACK, scanCode=0, metaState=0, flags=0x0, repeatCount=0, eventTime=877152175, downTime=877152175, deviceId=-1, source=0x101 }
08-06 11:38:55.767 19136 19136 I Input   : injectKeyEvent: KeyEvent { action=ACTION_UP, keyCode=KEYCODE_BACK, scanCode=0, metaState=0, flags=0x0, repeatCount=0, eventTime=877152175, downTime=877152175, deviceId=-1, source=0x101 }
08-06 11:38:55.853 19136 19136 D AndroidRuntime: Shutting down VM
08-06 11:38:55.853 15100 16624 I art     : Starting a blocking GC Explicit
08-06 11:38:55.861 15100 15100 V PlaybackController: initServiceNotRunning()
08-06 11:38:55.861 15100 15100 D ExternalPlayerFragment: Loading media info
08-06 11:38:55.862 15100 16048 D ApOkHttpUrlLoader: buildLoadData() called with: model = [http://sixgun.org/files/linuxoutlaws.jpg], width = [224], height = [224]
08-06 11:38:55.863 15100 15852 D DBReader: getImageAuthentication() called with: imageUrl = [http://sixgun.org/files/linuxoutlaws.jpg]
08-06 11:38:55.866 15100 15852 D ApOkHttpUrlLoader: no credentials for 'http://sixgun.org/files/linuxoutlaws.jpg'
08-06 11:38:55.870 15100 15100 D UserPreferences: Using default data folder
08-06 11:38:55.870 15100 15124 D DBReader: getNavDrawerData() called with: 
08-06 11:38:55.871   918   927 I art     : Background sticky concurrent mark sweep GC freed 48473(9MB) AllocSpace objects, 229(4MB) LOS objects, 16% free, 70MB/84MB, paused 30.192ms total 116.843ms
08-06 11:38:55.877 15100 15124 D DBReader: getDownloadedItems() called
08-06 11:38:55.878 15100 15124 D DBReader: getFavoriteIDList() called
08-06 11:38:55.879 15100 15124 D DBReader: getQueueIDList() called
08-06 11:38:55.879 15100 15124 D DBReader: Extracting Feedlist
08-06 11:38:55.885 15100 16624 I art     : Explicit concurrent mark sweep GC freed 2249(144KB) AllocSpace objects, 1(20KB) LOS objects, 23% free, 51MB/67MB, paused 997us total 31.829ms
08-06 11:38:55.893 15100 16624 I art     : Starting a blocking GC Explicit
08-06 11:38:55.897 15100 15100 D MainActivity: getLastNavFragment() -> AddFeedFragment
08-06 11:38:55.897 13866 13866 I GoogleInputMethodServic: GoogleInputMethodService.onFinishInput():3138 
08-06 11:38:55.898 13866 13866 I GoogleInputMethodServic: GoogleInputMethodService.onStartInput():1808 
08-06 11:38:55.919 15100 15852 D DBWriter: updateFeedDownloadURL(original: http://sixgun.org/files/linuxoutlaws.jpg, updated: https://fab.industries/sixgun/files/linuxoutlaws.jpg)
08-06 11:38:55.920 15100 16624 I art     : Explicit concurrent mark sweep GC freed 848(40KB) AllocSpace objects, 0(0B) LOS objects, 23% free, 51MB/67MB, paused 1.323ms total 26.618ms
08-06 11:38:55.928 15100 16624 I art     : Starting a blocking GC Explicit
08-06 11:38:55.953 15100 16624 I art     : Explicit concurrent mark sweep GC freed 454(22KB) AllocSpace objects, 0(0B) LOS objects, 23% free, 51MB/67MB, paused 872us total 25.563ms
08-06 11:38:55.961 15100 16624 I art     : Starting a blocking GC Explicit
08-06 11:38:55.986 15100 16624 I art     : Explicit concurrent mark sweep GC freed 158(9KB) AllocSpace objects, 0(0B) LOS objects, 23% free, 51MB/67MB, paused 843us total 24.677ms
08-06 11:38:55.994 15100 16624 I art     : Starting a blocking GC Explicit
08-06 11:38:56.020 15100 16624 I art     : Explicit concurrent mark sweep GC freed 3(96B) AllocSpace objects, 0(0B) LOS objects, 23% free, 51MB/67MB, paused 1.001ms total 26.407ms
08-06 11:38:56.056 15100 15852 D MYTAG   : interceptor 2a
08-06 11:38:56.056 15100 15852 I NAPPA_EXPERIMENTATION: MetricNetworkRequestExecutionTime: REQUEST_DURATION_SYSTEM='190',REQUEST_DURATION_OKHTTP='135',REQUEST_SYNCHRONOUS='TRUE',RESPONSE_CODE='404',RESPONSE_METHOD='GET',RESPONSE_LENGTH_OKHTTP='-1',RESPONSE_LENGTH_HEADER='1503',REQUEST_PROTOCOL='h2',REQUEST_URL='https://fab.industries/sixgun/files/linuxoutlaws.jpg',
08-06 11:38:56.058 15100 15100 W Glide   : Load failed for http://sixgun.org/files/linuxoutlaws.jpg with size [224x224]
08-06 11:38:56.058 15100 15100 W Glide   : class com.bumptech.glide.load.engine.GlideException: Failed to load resource
08-06 11:38:56.058 15100 15100 W Glide   : There was 1 cause:
08-06 11:38:56.058 15100 15100 W Glide   : com.bumptech.glide.load.HttpException()
08-06 11:38:56.058 15100 15100 W Glide   :  call GlideException#logRootCauses(String) for more detail
08-06 11:38:56.058 15100 15100 W Glide   :   Cause (1 of 1): class com.bumptech.glide.load.engine.GlideException: Fetching data failed, class java.io.InputStream, REMOTE
08-06 11:38:56.058 15100 15100 W Glide   : There was 1 cause:
08-06 11:38:56.058 15100 15100 W Glide   : com.bumptech.glide.load.HttpException()
08-06 11:38:56.058 15100 15100 W Glide   :  call GlideException#logRootCauses(String) for more detail
08-06 11:38:56.058 15100 15100 W Glide   :     Cause (1 of 1): class com.bumptech.glide.load.HttpException: 
08-06 11:38:56.058 15100 15100 I Glide   : Root cause (1 of 1)
08-06 11:38:56.058 15100 15100 I Glide   : com.bumptech.glide.load.HttpException: 
08-06 11:38:56.058 15100 15100 I Glide   : 	at com.bumptech.glide.integration.okhttp3.OkHttpStreamFetcher.onResponse(OkHttpStreamFetcher.java:73)
08-06 11:38:56.058 15100 15100 I Glide   : 	at okhttp3.RealCall$AsyncCall.execute(RealCall.java:174)
08-06 11:38:56.058 15100 15100 I Glide   : 	at okhttp3.internal.NamedRunnable.run(NamedRunnable.java:32)
08-06 11:38:56.058 15100 15100 I Glide   : 	at java.util.concurrent.ThreadPoolExecutor.runWorker(ThreadPoolExecutor.java:1113)
08-06 11:38:56.058 15100 15100 I Glide   : 	at java.util.concurrent.ThreadPoolExecutor$Worker.run(ThreadPoolExecutor.java:588)
08-06 11:38:56.058 15100 15100 I Glide   : 	at java.lang.Thread.run(Thread.java:818)
08-06 11:38:56.058 15100 15100 W Glide   : Load failed for http://sixgun.org/files/linuxoutlaws.jpg with size [224x224]
08-06 11:38:56.058 15100 15100 W Glide   : class com.bumptech.glide.load.engine.GlideException: Failed to load resource
08-06 11:38:56.058 15100 15100 W Glide   : There was 1 cause:
08-06 11:38:56.058 15100 15100 W Glide   : com.bumptech.glide.load.HttpException()
08-06 11:38:56.058 15100 15100 W Glide   :  call GlideException#logRootCauses(String) for more detail
08-06 11:38:56.058 15100 15100 W Glide   :   Cause (1 of 1): class com.bumptech.glide.load.engine.GlideException: Fetching data failed, class java.io.InputStream, REMOTE
08-06 11:38:56.058 15100 15100 W Glide   : There was 1 cause:
08-06 11:38:56.058 15100 15100 W Glide   : com.bumptech.glide.load.HttpException()
08-06 11:38:56.058 15100 15100 W Glide   :  call GlideException#logRootCauses(String) for more detail
08-06 11:38:56.058 15100 15100 W Glide   :     Cause (1 of 1): class com.bumptech.glide.load.HttpException: 
08-06 11:38:56.058 15100 15100 I Glide   : Root cause (1 of 1)
08-06 11:38:56.058 15100 15100 I Glide   : com.bumptech.glide.load.HttpException: 
08-06 11:38:56.058 15100 15100 I Glide   : 	at com.bumptech.glide.integration.okhttp3.OkHttpStreamFetcher.onResponse(OkHttpStreamFetcher.java:73)
08-06 11:38:56.058 15100 15100 I Glide   : 	at okhttp3.RealCall$AsyncCall.execute(RealCall.java:174)
08-06 11:38:56.058 15100 15100 I Glide   : 	at okhttp3.internal.NamedRunnable.run(NamedRunnable.java:32)
08-06 11:38:56.058 15100 15100 I Glide   : 	at java.util.concurrent.ThreadPoolExecutor.runWorker(ThreadPoolExecutor.java:1113)
08-06 11:38:56.058 15100 15100 I Glide   : 	at java.util.concurrent.ThreadPoolExecutor$Worker.run(ThreadPoolExecutor.java:588)
08-06 11:38:56.058 15100 15100 I Glide   : 	at java.lang.Thread.run(Thread.java:818)
08-06 11:38:56.200   380   380 W SurfaceFlinger: couldn't log to binary event log: overflow.
08-06 11:38:56.284 15100 15220 I art     : Starting a blocking GC Explicit
08-06 11:38:56.312 15100 15220 I art     : Explicit concurrent mark sweep GC freed 2548(183KB) AllocSpace objects, 1(20KB) LOS objects, 23% free, 51MB/67MB, paused 941us total 28.439ms
08-06 11:38:56.321 15100 15220 I art     : Starting a blocking GC Explicit
08-06 11:38:56.348 15100 15220 I art     : Explicit concurrent mark sweep GC freed 2896(237KB) AllocSpace objects, 1(28KB) LOS objects, 23% free, 50MB/66MB, paused 1ms total 26.375ms
08-06 11:38:56.355 15100 15220 I art     : Starting a blocking GC Explicit
08-06 11:38:56.382 15100 15220 I art     : Explicit concurrent mark sweep GC freed 3(96B) AllocSpace objects, 0(0B) LOS objects, 23% free, 50MB/66MB, paused 924us total 27.101ms
08-06 11:38:56.390 15100 15220 I art     : Starting a blocking GC Explicit
08-06 11:38:56.419 15100 15220 I art     : Explicit concurrent mark sweep GC freed 3(96B) AllocSpace objects, 0(0B) LOS objects, 23% free, 50MB/66MB, paused 927us total 28.237ms
08-06 11:38:56.427 15100 15220 I art     : Starting a blocking GC Explicit
08-06 11:38:56.456 15100 15220 I art     : Explicit concurrent mark sweep GC freed 3(96B) AllocSpace objects, 0(0B) LOS objects, 23% free, 50MB/66MB, paused 937us total 29.010ms
08-06 11:38:56.790 15100 15113 I art     : Starting a blocking GC Explicit
08-06 11:38:56.830 15100 15113 I art     : Explicit concurrent mark sweep GC freed 1383(81KB) AllocSpace objects, 1(20KB) LOS objects, 23% free, 50MB/66MB, paused 1.089ms total 39.097ms
08-06 11:38:56.842 15100 15113 I art     : Starting a blocking GC Explicit
08-06 11:38:56.872 15100 15113 I art     : Explicit concurrent mark sweep GC freed 23(768B) AllocSpace objects, 0(0B) LOS objects, 23% free, 50MB/66MB, paused 943us total 29.503ms
08-06 11:38:56.881 15100 15113 I art     : Starting a blocking GC Explicit
08-06 11:38:56.910 15100 15113 I art     : Explicit concurrent mark sweep GC freed 3(96B) AllocSpace objects, 0(0B) LOS objects, 23% free, 50MB/66MB, paused 918us total 28.092ms
08-06 11:38:56.918 15100 15113 I art     : Starting a blocking GC Explicit
08-06 11:38:56.946 15100 15113 I art     : Explicit concurrent mark sweep GC freed 3(96B) AllocSpace objects, 0(0B) LOS objects, 23% free, 50MB/66MB, paused 960us total 28.664ms
08-06 11:38:56.955 15100 15113 I art     : Starting a blocking GC Explicit
08-06 11:38:56.981 15100 15113 I art     : Explicit concurrent mark sweep GC freed 32(880B) AllocSpace objects, 0(0B) LOS objects, 23% free, 50MB/66MB, paused 891us total 25.996ms
08-06 11:38:57.255 15100 17470 I art     : Starting a blocking GC Explicit
08-06 11:38:57.285 15100 17470 I art     : Explicit concurrent mark sweep GC freed 1382(81KB) AllocSpace objects, 1(20KB) LOS objects, 23% free, 50MB/66MB, paused 971us total 29.452ms
08-06 11:38:57.294 15100 17470 I art     : Starting a blocking GC Explicit
08-06 11:38:57.323 15100 17470 I art     : Explicit concurrent mark sweep GC freed 23(752B) AllocSpace objects, 0(0B) LOS objects, 23% free, 50MB/66MB, paused 906us total 28.758ms
08-06 11:38:57.330 15100 17470 I art     : Starting a blocking GC Explicit
08-06 11:38:57.358 15100 17470 I art     : Explicit concurrent mark sweep GC freed 3(96B) AllocSpace objects, 0(0B) LOS objects, 23% free, 50MB/66MB, paused 971us total 26.786ms
08-06 11:38:57.366 15100 17470 I art     : Starting a blocking GC Explicit
08-06 11:38:57.393 15100 17470 I art     : Explicit concurrent mark sweep GC freed 3(96B) AllocSpace objects, 0(0B) LOS objects, 23% free, 50MB/66MB, paused 1.077ms total 27.327ms
08-06 11:38:57.400 19182 19182 D AndroidRuntime: >>>>>> START com.android.internal.os.RuntimeInit uid 2000 <<<<<<
08-06 11:38:57.402 15100 17470 I art     : Starting a blocking GC Explicit
08-06 11:38:57.405 19182 19182 D AndroidRuntime: CheckJNI is OFF
08-06 11:38:57.427 15100 17470 I art     : Explicit concurrent mark sweep GC freed 3(96B) AllocSpace objects, 0(0B) LOS objects, 23% free, 50MB/66MB, paused 967us total 24.948ms
08-06 11:38:57.432 19182 19182 D ICU     : No timezone override file found: /data/misc/zoneinfo/current/icu/icu_tzdata.dat
08-06 11:38:57.456 19182 19182 I Radio-JNI: register_android_hardware_Radio DONE
08-06 11:38:57.471 19182 19182 D AndroidRuntime: Calling main entry com.android.commands.input.Input
08-06 11:38:57.472 19182 19182 I Input   : injectKeyEvent: KeyEvent { action=ACTION_DOWN, keyCode=KEYCODE_BACK, scanCode=0, metaState=0, flags=0x0, repeatCount=0, eventTime=877153885, downTime=877153885, deviceId=-1, source=0x101 }
08-06 11:38:57.478 19182 19182 I Input   : injectKeyEvent: KeyEvent { action=ACTION_UP, keyCode=KEYCODE_BACK, scanCode=0, metaState=0, flags=0x0, repeatCount=0, eventTime=877153885, downTime=877153885, deviceId=-1, source=0x101 }
08-06 11:38:57.490 19182 19182 D AndroidRuntime: Shutting down VM
08-06 11:38:57.693 15100 15220 I art     : Starting a blocking GC Explicit
08-06 11:38:57.727 15100 15220 I art     : Explicit concurrent mark sweep GC freed 3568(172KB) AllocSpace objects, 1(20KB) LOS objects, 23% free, 50MB/66MB, paused 1.032ms total 33.861ms
08-06 11:38:57.737 15100 15220 I art     : Starting a blocking GC Explicit
08-06 11:38:57.766 15100 15220 I art     : Explicit concurrent mark sweep GC freed 5335(394KB) AllocSpace objects, 9(1620KB) LOS objects, 24% free, 48MB/64MB, paused 993us total 28.963ms
08-06 11:38:57.774 15100 15220 I art     : Starting a blocking GC Explicit
08-06 11:38:57.801 15100 15220 I art     : Explicit concurrent mark sweep GC freed 3(96B) AllocSpace objects, 0(0B) LOS objects, 24% free, 48MB/64MB, paused 951us total 27.183ms
08-06 11:38:57.809 15100 15220 I art     : Starting a blocking GC Explicit
08-06 11:38:57.837 15100 15220 I art     : Explicit concurrent mark sweep GC freed 3(96B) AllocSpace objects, 0(0B) LOS objects, 24% free, 48MB/64MB, paused 1.051ms total 27.700ms
08-06 11:38:57.846 15100 15220 I art     : Starting a blocking GC Explicit
08-06 11:38:57.874 15100 15220 I art     : Explicit concurrent mark sweep GC freed 3(96B) AllocSpace objects, 0(0B) LOS objects, 24% free, 48MB/64MB, paused 979us total 28.491ms
08-06 11:38:58.203 15100 15113 I art     : Starting a blocking GC Explicit
08-06 11:38:58.240 15100 15113 I art     : Explicit concurrent mark sweep GC freed 1411(82KB) AllocSpace objects, 1(20KB) LOS objects, 24% free, 48MB/64MB, paused 1.102ms total 36.525ms
08-06 11:38:58.253 15100 15113 I art     : Starting a blocking GC Explicit
08-06 11:38:58.281 15100 15113 I art     : Explicit concurrent mark sweep GC freed 23(752B) AllocSpace objects, 0(0B) LOS objects, 24% free, 48MB/64MB, paused 961us total 28.529ms
08-06 11:38:58.290 15100 15113 I art     : Starting a blocking GC Explicit
08-06 11:38:58.317 15100 15113 I art     : Explicit concurrent mark sweep GC freed 3(96B) AllocSpace objects, 0(0B) LOS objects, 24% free, 48MB/64MB, paused 1.018ms total 26.883ms
08-06 11:38:58.325 15100 15113 I art     : Starting a blocking GC Explicit
08-06 11:38:58.353 15100 15113 I art     : Explicit concurrent mark sweep GC freed 3(96B) AllocSpace objects, 0(0B) LOS objects, 24% free, 48MB/64MB, paused 955us total 27.176ms
08-06 11:38:58.361 15100 15113 I art     : Starting a blocking GC Explicit
08-06 11:38:58.389 15100 15113 I art     : Explicit concurrent mark sweep GC freed 3(96B) AllocSpace objects, 0(0B) LOS objects, 24% free, 48MB/64MB, paused 951us total 27.594ms
08-06 11:38:58.714 15100 17470 I art     : Starting a blocking GC Explicit
08-06 11:38:58.745 15100 17470 I art     : Explicit concurrent mark sweep GC freed 1382(83KB) AllocSpace objects, 1(20KB) LOS objects, 24% free, 48MB/64MB, paused 917us total 30.312ms
08-06 11:38:58.753 15100 17470 I art     : Starting a blocking GC Explicit
08-06 11:38:58.777 15100 17470 I art     : Explicit concurrent mark sweep GC freed 23(752B) AllocSpace objects, 0(0B) LOS objects, 24% free, 48MB/64MB, paused 859us total 23.319ms
08-06 11:38:58.784 15100 17470 I art     : Starting a blocking GC Explicit
08-06 11:38:58.807 15100 17470 I art     : Explicit concurrent mark sweep GC freed 3(96B) AllocSpace objects, 0(0B) LOS objects, 24% free, 48MB/64MB, paused 946us total 23.549ms
08-06 11:38:58.815 15100 17470 I art     : Starting a blocking GC Explicit
08-06 11:38:58.838 15100 17470 I art     : Explicit concurrent mark sweep GC freed 3(96B) AllocSpace objects, 0(0B) LOS objects, 24% free, 48MB/64MB, paused 883us total 23.500ms
08-06 11:38:58.845 15100 17470 I art     : Starting a blocking GC Explicit
08-06 11:38:58.869 15100 17470 I art     : Explicit concurrent mark sweep GC freed 3(96B) AllocSpace objects, 0(0B) LOS objects, 24% free, 48MB/64MB, paused 893us total 23.646ms
08-06 11:38:59.087 19241 19241 D AndroidRuntime: >>>>>> START com.android.internal.os.RuntimeInit uid 2000 <<<<<<
08-06 11:38:59.092 19241 19241 D AndroidRuntime: CheckJNI is OFF
08-06 11:38:59.119 19241 19241 D ICU     : No timezone override file found: /data/misc/zoneinfo/current/icu/icu_tzdata.dat
08-06 11:38:59.147 19241 19241 I Radio-JNI: register_android_hardware_Radio DONE
08-06 11:38:59.148 15100 15220 I art     : Starting a blocking GC Explicit
08-06 11:38:59.163 19241 19241 D AndroidRuntime: Calling main entry com.android.commands.am.Am
08-06 11:38:59.170 14970 14970 I Trepn   : Trepn 6.2s: Received intent: com.quicinc.trepn.stop_profiling
08-06 11:38:59.174 15100 15220 I art     : Explicit concurrent mark sweep GC freed 1421(82KB) AllocSpace objects, 1(20KB) LOS objects, 24% free, 48MB/64MB, paused 822us total 26.307ms
08-06 11:38:59.184 15100 15220 I art     : Starting a blocking GC Explicit
08-06 11:38:59.207 15100 15220 I art     : Explicit concurrent mark sweep GC freed 27(880B) AllocSpace objects, 0(0B) LOS objects, 24% free, 48MB/64MB, paused 892us total 23.301ms
08-06 11:38:59.215 15100 15220 I art     : Starting a blocking GC Explicit
08-06 11:38:59.222 14970 14970 I Trepn   : Trepn 6.2s: Trepn has Stopped Profiling.
08-06 11:38:59.238 15100 15220 I art     : Explicit concurrent mark sweep GC freed 7(224B) AllocSpace objects, 0(0B) LOS objects, 24% free, 48MB/64MB, paused 919us total 23.144ms
08-06 11:38:59.245 15100 15220 I art     : Starting a blocking GC Explicit
08-06 11:38:59.267 15100 15220 I art     : Explicit concurrent mark sweep GC freed 6(192B) AllocSpace objects, 0(0B) LOS objects, 24% free, 48MB/64MB, paused 926us total 22.152ms
08-06 11:38:59.274 15100 15220 I art     : Starting a blocking GC Explicit
08-06 11:38:59.298 15100 15220 I art     : Explicit concurrent mark sweep GC freed 6(192B) AllocSpace objects, 0(0B) LOS objects, 24% free, 48MB/64MB, paused 881us total 23.842ms
08-06 11:38:59.416 19241 19241 D AndroidRuntime: Shutting down VM
08-06 11:38:59.421   918  3714 W AppOps  : Finishing op nesting under-run: uid 10078 pkg com.quicinc.trepn code 24 time=0 duration=0 nesting=0
08-06 11:38:59.600 15100 16624 I art     : Starting a blocking GC Explicit
08-06 11:38:59.637 15100 16624 I art     : Explicit concurrent mark sweep GC freed 1387(81KB) AllocSpace objects, 1(20KB) LOS objects, 24% free, 48MB/64MB, paused 1.170ms total 36.954ms
08-06 11:38:59.646 15100 16624 I art     : Starting a blocking GC Explicit
08-06 11:38:59.673 15100 16624 I art     : Explicit concurrent mark sweep GC freed 23(752B) AllocSpace objects, 0(0B) LOS objects, 24% free, 48MB/64MB, paused 805us total 26.551ms
08-06 11:38:59.680 15100 16624 I art     : Starting a blocking GC Explicit
08-06 11:38:59.705 15100 16624 I art     : Explicit concurrent mark sweep GC freed 3(96B) AllocSpace objects, 0(0B) LOS objects, 24% free, 48MB/64MB, paused 904us total 24.746ms
08-06 11:38:59.713 15100 16624 I art     : Starting a blocking GC Explicit
08-06 11:38:59.738 15100 16624 I art     : Explicit concurrent mark sweep GC freed 3(96B) AllocSpace objects, 0(0B) LOS objects, 24% free, 48MB/64MB, paused 850us total 24.693ms
08-06 11:38:59.746 15100 16624 I art     : Starting a blocking GC Explicit
08-06 11:38:59.771 15100 16624 I art     : Explicit concurrent mark sweep GC freed 3(96B) AllocSpace objects, 0(0B) LOS objects, 24% free, 48MB/64MB, paused 872us total 25.514ms
08-06 11:39:00.944   918  3261 D WifiStateMachine: starting scan for "H369AA63323"WPA_PSK with 2412,5180
08-06 11:39:02.517 14957 14957 I ServiceManager: Waiting for service AtCmdFwd...
