--------- beginning of main
08-06 12:58:05.987   918  5952 I AccountManagerService: getTypesVisibleToCaller: isPermitted? true
08-06 12:58:06.006 24515 24515 W System  : ClassLoader referenced unknown path: /system/app/KeyChain/lib/arm64
08-06 12:58:06.037  3784  3784 D CarrierServiceBindHelper: Receive action: android.intent.action.PACKAGE_ADDED
08-06 12:58:06.037  3784  3784 D CarrierServiceBindHelper: Receive action: android.intent.action.PACKAGE_REPLACED
08-06 12:58:06.039  3784  3784 D CarrierServiceBindHelper: mHandler: 3
08-06 12:58:06.039  3784  3784 D CarrierServiceBindHelper: mHandler: 3
08-06 12:58:06.039  3784  3784 D CarrierServiceBindHelper: mHandler: 3
08-06 12:58:06.039  3784  3784 D CarrierConfigLoader: mHandler: 9 phoneId: 0
08-06 12:58:06.041 12162 12162 I Finsky  : [1] uah.a(18): PackageMonitorReceiverImpl - Received: android.intent.action.PACKAGE_REMOVED, [CFjXe5fo2ooiLur0Ju3smv2h5qnGgIsGl5_C_SkJu8g]
08-06 12:58:06.042 24365 24535 I Fitness : FitCleanupIntentOperation received Intent android.intent.action.PACKAGE_REMOVED [CONTEXT service_id=17 ]
08-06 12:58:06.042 12162 12162 I Finsky  : [1] ubi.d(9): Invalidating cached PackageState for baseline.de.danoeh.antennapod.debug
08-06 12:58:06.052 12162 12162 I Finsky  : [1] lzi.c(2): Frosting ID looked up on UI thread. Caller should move to a background thread.
08-06 12:58:06.073 12162 12162 I Finsky  : [1] nqb.c(3): Installer: package baseline.de.danoeh.antennapod.debug was removed. replacing: true
08-06 12:58:06.074 12162 12162 I Finsky  : [1] nra.a(188): Installer: Notifying status update. package=baseline.de.danoeh.antennapod.debug, status=UNINSTALLED
08-06 12:58:06.100 12162 12162 I Finsky  : [1] lzi.c(2): Frosting ID looked up on UI thread. Caller should move to a background thread.
08-06 12:58:06.104   918   929 I AccountManagerService: getTypesVisibleToCaller: isPermitted? true
08-06 12:58:06.132 12162 24547 I Finsky  : [6498] ejf.a(-1): Cancelled 0 ongoing asset module downloads for package baseline.de.danoeh.antennapod.debug due to a concurrent app update.
08-06 12:58:06.134 12162 12162 I Finsky  : [1] nra.a(220): Installer: found apps to install. isMultiUserMode=false, apps=[]
08-06 12:58:06.197 24577 24543 I Auth    : [SupervisedAccountIntentOperation] onHandleIntent(): android.intent.action.PACKAGE_ADDED
08-06 12:58:06.199 24577 24544 I ChromeSync: [Sync,SyncIntentOperation] Handling the intent: Intent { act=android.intent.action.PACKAGE_ADDED dat=package:baseline.de.danoeh.antennapod.debug flg=0x4000010 cmp=com.google.android.gms/.chimera.GmsIntentOperationService (has extras) }.
08-06 12:58:06.209 12162 12162 I Finsky  : [1] uah.a(18): PackageMonitorReceiverImpl - Received: android.intent.action.PACKAGE_ADDED, [CFjXe5fo2ooiLur0Ju3smv2h5qnGgIsGl5_C_SkJu8g]
08-06 12:58:06.210 12162 12162 I Finsky  : [1] ubi.d(9): Invalidating cached PackageState for baseline.de.danoeh.antennapod.debug
--------- beginning of system
08-06 12:58:06.246   918  3696 W ActivityManager: Unable to start service Intent { act=com.google.android.gms.auth.key.retrieval.service.START pkg=com.google.android.gms } U=0: not found
08-06 12:58:06.251 12162 12162 I Finsky  : [1] lzi.c(2): Frosting ID looked up on UI thread. Caller should move to a background thread.
08-06 12:58:06.304 12162 12162 I Finsky  : [1] agsx.a(4): Do not start WearSupportService due to Wear service optimization
08-06 12:58:06.308 12162 24547 I Finsky  : [6498] ejc.a(-1): Asset module broadcast after update successful for package baseline.de.danoeh.antennapod.debug. 0 sessions broadcast.
08-06 12:58:06.339   918  4400 I AccountManagerService: getTypesVisibleToCaller: isPermitted? true
08-06 12:58:06.341 24577 24544 I ChromeSync: [Persistence,AffiliationManager] One of affiliation or grouping data for android://bz0hZa4nAJEtd0n5sRlXG7KAqctUMWVefv7Ki4mh1p6slZ9YO-n9gS9j8m9YCrsIyI2wIxrDHraumF9Y6pBLTA==@baseline.de.danoeh.antennapod.debug/ was not found. Marking affiliation data as stale...
08-06 12:58:06.346 12162 12162 I Finsky  : [1] lzi.c(2): Frosting ID looked up on UI thread. Caller should move to a background thread.
08-06 12:58:06.349 12162 12269 I Finsky  : [6285] odj.b(52): IQ: Notifying installation update. package=baseline.de.danoeh.antennapod.debug, status=UNINSTALLED
08-06 12:58:06.352   918  5952 W ActivityManager: Unbind failed: could not find connection for android.os.BinderProxy@690ec9f
08-06 12:58:06.365 12162 24539 I Finsky  : [6496] lyv.run(-1): Wrote row to frosting DB: 3328
08-06 12:58:06.366 24577 24621 E GmsClient: unable to connect to service: com.google.android.gms.auth.key.retrieval.service.START on com.google.android.gms
08-06 12:58:06.437   918   929 I AccountManagerService: getTypesVisibleToCaller: isPermitted? true
08-06 12:58:06.499 12162 24546 I Finsky  : [6497] gzn.a(-1): [ContentSync] finished, scheduled=false
08-06 12:58:06.543 12162 12269 I Finsky  : [6285] odj.b(40): IQ: No matching installs to run for jobs: []
08-06 12:58:06.562 12162 24539 I Finsky  : [6496] lyv.run(-1): Wrote row to frosting DB: 3329
08-06 12:58:06.568 24558 24558 D AndroidRuntime: >>>>>> START com.android.internal.os.RuntimeInit uid 2000 <<<<<<
08-06 12:58:06.571 24558 24558 D AndroidRuntime: CheckJNI is OFF
08-06 12:58:06.596 24558 24558 D ICU     : No timezone override file found: /data/misc/zoneinfo/current/icu/icu_tzdata.dat
08-06 12:58:06.600 12162 24539 I Finsky  : [6496] lyv.run(-1): Wrote row to frosting DB: 3330
08-06 12:58:06.630 24558 24558 I Radio-JNI: register_android_hardware_Radio DONE
08-06 12:58:06.645 24558 24558 D AndroidRuntime: Calling main entry com.android.commands.monkey.Monkey
08-06 12:58:06.661   918   931 W BroadcastQueue: Skipping deliver [background] BroadcastRecord{1565069 u-1 android.net.conn.CONNECTIVITY_CHANGE} to ReceiverList{8766aee 24558 (unknown name)/2000/u-1 remote:374df33}: process crashing
08-06 12:58:06.665 12162 24539 I Finsky  : [6496] lyv.run(-1): Wrote row to frosting DB: 3331
08-06 12:58:06.672   918  3714 I ActivityManager: START u0 {act=android.intent.action.MAIN cat=[android.intent.category.LAUNCHER] flg=0x10200000 cmp=baseline.de.danoeh.antennapod.debug/baseline.de.danoeh.antennapod.activity.SplashActivity} from uid 2000 on display 0
08-06 12:58:06.672 24577 13316 I Icing   : IndexChimeraService.getServiceInterface callingPackage=com.google.android.gms componentName=AppsCorpus serviceId=36
08-06 12:58:06.691 24574 24574 I art     : Late-enabling -Xcheck:jni
08-06 12:58:06.691   918  4400 I ActivityManager: Start proc 24574:baseline.de.danoeh.antennapod.debug/u0a711 for activity baseline.de.danoeh.antennapod.debug/baseline.de.danoeh.antennapod.activity.SplashActivity
08-06 12:58:06.701 24558 24558 I art     : System.exit called, status: 0
08-06 12:58:06.701 24558 24558 I AndroidRuntime: VM exiting with result code 0.
08-06 12:58:06.713   918  3670 I AccountManagerService: getTypesVisibleToCaller: isPermitted? true
08-06 12:58:06.726 24577  4292 W Icing   : No valid account for uploading user actions
08-06 12:58:06.740 24574 24574 W System  : ClassLoader referenced unknown path: /data/app/baseline.de.danoeh.antennapod.debug-1/lib/arm64
08-06 12:58:06.751 24574 24574 D UserPreferences: Creating new instance of UserPreferences
08-06 12:58:06.752 24574 24574 D UserPreferences: Using default data folder
08-06 12:58:06.760 24574 24574 D UserPreferences: Import directory already exists
08-06 12:58:06.764 24574 24574 D UpdateManager: old: -1, current: 1070296
08-06 12:58:06.768 24574 24574 D SleepTimerPreferences: Creating new instance of SleepTimerPreferences
08-06 12:58:06.783 16458 28535 I PBSessionCacheImpl: Deleted sessionId[72384646105454640] from persistence.
08-06 12:58:06.788 16458 16488 W SearchServiceCore: Abort, client detached.
08-06 12:58:06.789 16458 16488 I MicroDetectionState: Should stop hotword detection immediately - true
08-06 12:58:06.789 24574 24574 D SPAUtil : Sending SP_APPS_QUERY_FEEDS intent
08-06 12:58:06.793 24577 13294 I Icing   : IndexChimeraService.getServiceInterface callingPackage=com.google.android.gms componentName=null serviceId=30
08-06 12:58:06.804 12162 12162 I Finsky  : [1] xmu.a(8): SCH: Jobs in database: 1-1337 3-225 3-226 12-1 24-77777777 26-1414141414 
08-06 12:58:06.807 12162 12162 I Finsky  : [1] xio.a(57): SCH: ConstraintMapping: 24-77777777,  -> L: 0ms, D: 29524120ms, C: false, I: true, N: 0
08-06 12:58:06.808 12162 12162 I Finsky  : [1] xio.a(57): SCH: ConstraintMapping: 1-1337, 12-1,  -> L: 14287ms, D: 32866106ms, C: false, I: false, N: 1
08-06 12:58:06.809 12162 12162 I Finsky  : [1] xio.a(57): SCH: ConstraintMapping: 3-225,  -> L: 0ms, D: 72650048ms, C: false, I: true, N: 2
08-06 12:58:06.809 12162 12162 I Finsky  : [1] xio.a(57): SCH: ConstraintMapping: 3-226,  -> L: 0ms, D: 72650092ms, C: true, I: true, N: 2
08-06 12:58:06.810 12162 12162 I Finsky  : [1] xio.a(57): SCH: ConstraintMapping: 26-1414141414,  -> L: 37647492ms, D: 38547492ms, C: false, I: false, N: 0
08-06 12:58:06.812 12162 24546 I Finsky  : [6497] gzn.a(-1): [ContentSync] finished, scheduled=true
08-06 12:58:06.824 24574 24574 W art     : Before Android 4.1, method android.graphics.PorterDuffColorFilter androidx.vectordrawable.graphics.drawable.VectorDrawableCompat.updateTintFilter(android.graphics.PorterDuffColorFilter, android.content.res.ColorStateList, android.graphics.PorterDuff$Mode) would have incorrectly overridden the package-private method in android.graphics.drawable.Drawable
08-06 12:58:06.829 12162 12162 I Finsky  : [1] xle.a(34): Cancelling existing jobscheduler jobs: 9003 9011 9002 9007 9015 9014 9012 9010 9000 9013 
08-06 12:58:06.830 12162 12162 I Finsky  : [1] xle.a(27): Scheduling job Id: 9001, L: 0, D: 29524120, C: false, I: true, N: 0
08-06 12:58:06.831 12162 12162 I Finsky  : [1] xle.a(27): Scheduling job Id: 9004, L: 14287, D: 32866106, C: false, I: false, N: 1
08-06 12:58:06.849 12162 12162 I Finsky  : [1] xle.a(27): Scheduling job Id: 9005, L: 0, D: 72650048, C: false, I: true, N: 2
08-06 12:58:06.851 12162 12162 I Finsky  : [1] xle.a(27): Scheduling job Id: 9006, L: 0, D: 72650092, C: true, I: true, N: 2
08-06 12:58:06.852 12162 12162 I Finsky  : [1] xle.a(27): Scheduling job Id: 9008, L: 37647492, D: 38547492, C: false, I: false, N: 0
08-06 12:58:06.854 12162 12162 I Finsky  : [1] xle.a(27): Scheduling job Id: 9009, L: 0, D: 29524120, C: false, I: true, N: 0
08-06 12:58:06.856 12162 12162 I Finsky  : [1] xle.a(27): Scheduling job Id: 9016, L: 14287, D: 32866106, C: false, I: false, N: 1
08-06 12:58:06.858 24577  4292 I Icing   : Usage reports ok 3, Failed Usage reports 0, indexed 0, rejected 0
08-06 12:58:06.858 12162 12162 I Finsky  : [1] xle.a(27): Scheduling job Id: 9017, L: 0, D: 72650048, C: false, I: true, N: 2
08-06 12:58:06.861 12162 12162 I Finsky  : [1] xle.a(27): Scheduling job Id: 9018, L: 0, D: 72650092, C: true, I: true, N: 2
08-06 12:58:06.862 24574 24574 I art     : Rejecting re-init on previously-failed class java.lang.Class<androidx.core.view.ViewCompat$2>
08-06 12:58:06.862 24574 24574 I art     : Rejecting re-init on previously-failed class java.lang.Class<androidx.core.view.ViewCompat$2>
08-06 12:58:06.862 12162 12162 I Finsky  : [1] xle.a(27): Scheduling job Id: 9019, L: 37647492, D: 38547492, C: false, I: false, N: 0
08-06 12:58:06.868 24577  4292 W Icing   : No valid account for uploading user actions
08-06 12:58:06.879 24577  4292 I Icing   : Usage reports ok 0, Failed Usage reports 0, indexed 0, rejected 0
08-06 12:58:06.880 24577  4292 I Icing   : Indexing com.google.android.gms-internal.3p:MobileApplication from com.google.android.gms using seqno 763
08-06 12:58:06.886 24577  4292 I Icing   : Indexing com.google.android.gms-internal.3p:MobileApplication from com.google.android.gms using seqno 763
08-06 12:58:06.888 24574 24606 D OpenGLRenderer: Use EGL_SWAP_BEHAVIOR_PRESERVED: true
08-06 12:58:06.920 24574 24606 I Adreno  : QUALCOMM build                   : fcf4852, I1af360237c
08-06 12:58:06.920 24574 24606 I Adreno  : Build Date                       : 09/23/15
08-06 12:58:06.920 24574 24606 I Adreno  : OpenGL ES Shader Compiler Version: XE031.05.13.02
08-06 12:58:06.920 24574 24606 I Adreno  : Local Branch                     : mybranch14465806
08-06 12:58:06.920 24574 24606 I Adreno  : Remote Branch                    : quic/LA.BF64.1.2.9_v2
08-06 12:58:06.920 24574 24606 I Adreno  : Remote Branch                    : NONE
08-06 12:58:06.920 24574 24606 I Adreno  : Reconstruct Branch               : NOTHING
08-06 12:58:06.925 24574 24606 I OpenGLRenderer: Initialized EGL, version 1.4
08-06 12:58:06.926 24577 13294 I Icing   : IndexChimeraService.getServiceInterface callingPackage=com.google.android.gms componentName=null serviceId=36
08-06 12:58:06.929 24577 14322 W Icing   : No valid account for uploading user actions
08-06 12:58:06.942 24577 14322 I Icing   : Usage reports ok 0, Failed Usage reports 0, indexed 0, rejected 0
08-06 12:58:06.951 13866 13866 I GoogleInputMethodServic: GoogleInputMethodService.onFinishInput():3138 
08-06 12:58:06.952 13866 13866 I GoogleInputMethodServic: GoogleInputMethodService.onStartInput():1808 
08-06 12:58:07.024   918  5481 I ActivityManager: START u0 {cmp=baseline.de.danoeh.antennapod.debug/baseline.de.danoeh.antennapod.activity.MainActivity} from uid 10711 on display 0
08-06 12:58:07.078 24574 24574 D UserPreferences: Using default data folder
08-06 12:58:07.113 24574 24574 D MainActivity: getLastNavFragment() -> QueueFragment
08-06 12:58:07.115 24574 24574 D MainActivity: loadFragment(tag: QueueFragment, args: null)
08-06 12:58:07.119 24574 24574 D MainActivity: saveLastNavFragment(tag: QueueFragment)
08-06 12:58:07.120 24574 24574 D MainActivity: getLastNavFragment() -> QueueFragment
08-06 12:58:07.120 24574 24574 D UserPreferences: timeOfDay: []
08-06 12:58:07.122 24574 24574 D AutoUpdateManager: Restarting update alarm.
08-06 12:58:07.139 24574 24574 D AutoUpdateManager: Changed alarm to new interval 12 h
08-06 12:58:07.147 24574 24592 I art     : Background sticky concurrent mark sweep GC freed 29633(2MB) AllocSpace objects, 3(60KB) LOS objects, 27% free, 22MB/30MB, paused 6.905ms total 38.037ms
08-06 12:58:07.151 24574 24574 D UserPreferences: timeOfDay: []
08-06 12:58:07.151 24574 24574 D AutoUpdateManager: Restarting update alarm.
08-06 12:58:07.153 24574 24574 D AutoUpdateManager: Changed alarm to new interval 12 h
08-06 12:58:07.190 24574 24574 D ExternalPlayerFragment: Loading media info
08-06 12:58:07.191 24574 24574 D QueueFragment: loadItems()
08-06 12:58:07.195 24574 24605 D DBReader: getQueue() called
08-06 12:58:07.195 24574 24605 D DBReader: getQueue()
08-06 12:58:07.196 24574 24605 D DBReader: getFavoriteIDList() called
08-06 12:58:07.197 24574 24605 D DBReader: getQueueIDList() called
08-06 12:58:07.198 24574 24605 D DBReader: Extracting Feedlist
08-06 12:58:07.202 24574 24574 V PlaybackController: initServiceNotRunning()
08-06 12:58:07.203 24574 24574 D ExternalPlayerFragment: Loading media info
08-06 12:58:07.207 24574 24574 D UserPreferences: Using default data folder
08-06 12:58:07.208 24574 24574 D AutoUpdateManager: last refresh: 443530 hours 58 minutes ago
08-06 12:58:07.209 24574 24605 D DBReader: getNavDrawerData() called with: 
08-06 12:58:07.213 24574 24605 D DBReader: getDownloadedItems() called
08-06 12:58:07.213 24574 24605 D DBReader: getFavoriteIDList() called
08-06 12:58:07.214 24574 24605 D DBReader: getQueueIDList() called
08-06 12:58:07.214 24574 24605 D DBReader: Extracting Feedlist
08-06 12:58:07.231   380   380 W SurfaceFlinger: couldn't log to binary event log: overflow.
08-06 12:58:07.318 24574 24574 D MainActivity: getLastNavFragment() -> QueueFragment
08-06 12:58:07.318 24574 24574 D MainActivity: handleNavIntent()
08-06 12:58:07.457   918   936 I ActivityManager: Displayed baseline.de.danoeh.antennapod.debug/baseline.de.danoeh.antennapod.activity.MainActivity: +416ms (total +778ms)
08-06 12:58:07.463 13866 13866 I GoogleInputMethodServic: GoogleInputMethodService.onFinishInput():3138 
08-06 12:58:07.464 13866 13866 I GoogleInputMethodServic: GoogleInputMethodService.onStartInput():1808 
08-06 12:58:07.480 29532 29532 W PathParser: Points are too far apart 4.030360828967057
08-06 12:58:07.480 29532 29532 W PathParser: Points are too far apart 4.030360538880159
08-06 12:58:07.498 29532 29532 W PathParser: Points are too far apart 4.030360828967057
08-06 12:58:07.498 29532 29532 W PathParser: Points are too far apart 4.030360538880159
08-06 12:58:07.513 29532 29532 W PathParser: Points are too far apart 4.030360828967057
08-06 12:58:07.513 29532 29532 W PathParser: Points are too far apart 4.030360538880159
08-06 12:58:07.530 29532 29532 W PathParser: Points are too far apart 4.030360828967057
08-06 12:58:07.530 29532 29532 W PathParser: Points are too far apart 4.030360538880159
08-06 12:58:07.547 29532 29532 W PathParser: Points are too far apart 4.030360828967057
08-06 12:58:07.547 29532 29532 W PathParser: Points are too far apart 4.030360538880159
08-06 12:58:07.564 29532 29532 W PathParser: Points are too far apart 4.030360828967057
08-06 12:58:07.564 29532 29532 W PathParser: Points are too far apart 4.030360538880159
08-06 12:58:07.581 29532 29532 W PathParser: Points are too far apart 4.030360828967057
08-06 12:58:07.581 29532 29532 W PathParser: Points are too far apart 4.030360538880159
08-06 12:58:07.597 29532 29532 W PathParser: Points are too far apart 4.030360828967057
08-06 12:58:07.597 29532 29532 W PathParser: Points are too far apart 4.030360538880159
08-06 12:58:07.862 24577 14322 I Icing   : Indexing com.google.android.gms-apps from com.google.android.gms
08-06 12:58:07.959 24577 14322 I Icing   : Indexing done com.google.android.gms-apps
08-06 12:58:08.222 24574 24636 D DBReader: Extracting Feedlist
08-06 12:58:08.224 24574 24636 D FlattrUtils: Retrieving access token
08-06 12:58:08.224 24574 24636 D FlattrUtils: No access token found
08-06 12:58:08.226 24574 24636 I art     : Rejecting re-init on previously-failed class java.lang.Class<androidx.core.app.JobIntentService$JobServiceEngineImpl>
08-06 12:58:08.226 24574 24636 I art     : Rejecting re-init on previously-failed class java.lang.Class<androidx.core.app.JobIntentService$JobServiceEngineImpl>
08-06 12:58:08.227 24574 24636 I art     : Rejecting re-init on previously-failed class java.lang.Class<androidx.core.app.SafeJobIntentService$SafeJobServiceEngineImpl>
08-06 12:58:08.227 24574 24636 I art     : Rejecting re-init on previously-failed class java.lang.Class<androidx.core.app.SafeJobIntentService$SafeJobServiceEngineImpl>
08-06 12:58:08.313 24633 24633 D AndroidRuntime: >>>>>> START com.android.internal.os.RuntimeInit uid 2000 <<<<<<
08-06 12:58:08.317 24633 24633 D AndroidRuntime: CheckJNI is OFF
08-06 12:58:08.349 24633 24633 D ICU     : No timezone override file found: /data/misc/zoneinfo/current/icu/icu_tzdata.dat
08-06 12:58:08.386 24633 24633 I Radio-JNI: register_android_hardware_Radio DONE
08-06 12:58:08.403 24633 24633 D AndroidRuntime: Calling main entry com.android.commands.am.Am
08-06 12:58:08.413 14970 14970 I Trepn   : Trepn 6.2s: Received intent: com.quicinc.trepn.start_profiling
08-06 12:58:08.545 14970 14970 W FileUtils: Failed to chmod(/storage/emulated/0/trepn/Trepn_2020.08.06_125808.db): android.system.ErrnoException: chmod failed: EPERM (Operation not permitted)
08-06 12:58:08.668 13866 13866 I GoogleInputMethodServic: GoogleInputMethodService.onFinishInput():3138 
08-06 12:58:08.669 13866 13866 I GoogleInputMethodServic: GoogleInputMethodService.onStartInput():1808 
08-06 12:58:08.710 14970 14970 I Trepn   : Trepn 6.2s: Trepn has Started Profiling.
08-06 12:58:08.713 24633 24633 D AndroidRuntime: Shutting down VM
08-06 12:58:09.189 24574 24594 I art     : Starting a blocking GC Explicit
08-06 12:58:09.212 24574 24594 I art     : Explicit concurrent mark sweep GC freed 6927(748KB) AllocSpace objects, 4(80KB) LOS objects, 40% free, 23MB/38MB, paused 177us total 21.999ms
08-06 12:58:09.222 24574 24594 I art     : Starting a blocking GC Explicit
08-06 12:58:09.235 24574 24594 I art     : Explicit concurrent mark sweep GC freed 2956(175KB) AllocSpace objects, 2(588KB) LOS objects, 40% free, 22MB/37MB, paused 149us total 12.549ms
08-06 12:58:09.241 24574 24594 I art     : Starting a blocking GC Explicit
08-06 12:58:09.253 24574 24594 I art     : Explicit concurrent mark sweep GC freed 3(96B) AllocSpace objects, 0(0B) LOS objects, 40% free, 22MB/37MB, paused 146us total 11.872ms
08-06 12:58:09.259 24574 24594 I art     : Starting a blocking GC Explicit
08-06 12:58:09.271 24574 24594 I art     : Explicit concurrent mark sweep GC freed 3(96B) AllocSpace objects, 0(0B) LOS objects, 40% free, 22MB/37MB, paused 146us total 11.888ms
08-06 12:58:09.277 24574 24594 I art     : Starting a blocking GC Explicit
08-06 12:58:09.289 24574 24594 I art     : Explicit concurrent mark sweep GC freed 3(96B) AllocSpace objects, 0(0B) LOS objects, 40% free, 22MB/37MB, paused 145us total 11.818ms
08-06 12:58:09.603 24574 24611 I art     : Starting a blocking GC Explicit
08-06 12:58:09.625 24574 24611 I art     : Explicit concurrent mark sweep GC freed 1376(82KB) AllocSpace objects, 1(20KB) LOS objects, 40% free, 22MB/37MB, paused 214us total 21.219ms
08-06 12:58:09.638 24574 24611 I art     : Starting a blocking GC Explicit
08-06 12:58:09.652 24574 24611 I art     : Explicit concurrent mark sweep GC freed 23(752B) AllocSpace objects, 0(0B) LOS objects, 40% free, 22MB/37MB, paused 215us total 13.765ms
08-06 12:58:09.659 24574 24611 I art     : Starting a blocking GC Explicit
08-06 12:58:09.670 24574 24611 I art     : Explicit concurrent mark sweep GC freed 3(96B) AllocSpace objects, 0(0B) LOS objects, 40% free, 22MB/37MB, paused 161us total 11.399ms
08-06 12:58:09.676 24574 24611 I art     : Starting a blocking GC Explicit
08-06 12:58:09.687 24574 24611 I art     : Explicit concurrent mark sweep GC freed 3(96B) AllocSpace objects, 0(0B) LOS objects, 40% free, 22MB/37MB, paused 160us total 10.914ms
08-06 12:58:09.692 24574 24611 I art     : Starting a blocking GC Explicit
08-06 12:58:09.703 24574 24611 I art     : Explicit concurrent mark sweep GC freed 3(96B) AllocSpace objects, 0(0B) LOS objects, 40% free, 22MB/37MB, paused 145us total 10.665ms
08-06 12:58:10.002 24574 24595 I art     : Starting a blocking GC Explicit
08-06 12:58:10.019 24574 24595 I art     : Explicit concurrent mark sweep GC freed 1390(80KB) AllocSpace objects, 1(20KB) LOS objects, 40% free, 22MB/37MB, paused 202us total 16.795ms
08-06 12:58:10.027 24574 24595 I art     : Starting a blocking GC Explicit
08-06 12:58:10.041 24574 24595 I art     : Explicit concurrent mark sweep GC freed 23(752B) AllocSpace objects, 0(0B) LOS objects, 40% free, 22MB/37MB, paused 179us total 13.373ms
08-06 12:58:10.048 24574 24595 I art     : Starting a blocking GC Explicit
08-06 12:58:10.061 24574 24595 I art     : Explicit concurrent mark sweep GC freed 3(96B) AllocSpace objects, 0(0B) LOS objects, 40% free, 22MB/37MB, paused 157us total 12.755ms
08-06 12:58:10.067 24574 24595 I art     : Starting a blocking GC Explicit
08-06 12:58:10.080 24574 24595 I art     : Explicit concurrent mark sweep GC freed 3(96B) AllocSpace objects, 0(0B) LOS objects, 40% free, 22MB/37MB, paused 150us total 12.156ms
08-06 12:58:10.086 24574 24595 I art     : Starting a blocking GC Explicit
08-06 12:58:10.098 24574 24595 I art     : Explicit concurrent mark sweep GC freed 3(96B) AllocSpace objects, 0(0B) LOS objects, 40% free, 22MB/37MB, paused 146us total 12.149ms
08-06 12:58:10.410 24574 24595 I art     : Starting a blocking GC Explicit
08-06 12:58:10.428 24574 24595 I art     : Explicit concurrent mark sweep GC freed 1384(80KB) AllocSpace objects, 1(20KB) LOS objects, 40% free, 22MB/37MB, paused 195us total 17.465ms
08-06 12:58:10.436 24574 24595 I art     : Starting a blocking GC Explicit
08-06 12:58:10.450 24574 24595 I art     : Explicit concurrent mark sweep GC freed 26(848B) AllocSpace objects, 0(0B) LOS objects, 40% free, 22MB/37MB, paused 151us total 14.227ms
08-06 12:58:10.458 24574 24595 I art     : Starting a blocking GC Explicit
08-06 12:58:10.470 24574 24595 I art     : Explicit concurrent mark sweep GC freed 5(160B) AllocSpace objects, 0(0B) LOS objects, 40% free, 22MB/37MB, paused 188us total 12.436ms
08-06 12:58:10.477 24574 24595 I art     : Starting a blocking GC Explicit
08-06 12:58:10.490 24574 24595 I art     : Explicit concurrent mark sweep GC freed 5(160B) AllocSpace objects, 0(0B) LOS objects, 40% free, 22MB/37MB, paused 137us total 12.237ms
08-06 12:58:10.496 24574 24595 I art     : Starting a blocking GC Explicit
08-06 12:58:10.508 24574 24595 I art     : Explicit concurrent mark sweep GC freed 4(128B) AllocSpace objects, 0(0B) LOS objects, 40% free, 22MB/37MB, paused 141us total 12.127ms
08-06 12:58:10.799 24574 24594 I art     : Starting a blocking GC Explicit
08-06 12:58:10.819 24574 24594 I art     : Explicit concurrent mark sweep GC freed 1362(80KB) AllocSpace objects, 1(20KB) LOS objects, 40% free, 22MB/37MB, paused 182us total 18.882ms
08-06 12:58:10.827 24574 24594 I art     : Starting a blocking GC Explicit
08-06 12:58:10.841 24574 24594 I art     : Explicit concurrent mark sweep GC freed 23(752B) AllocSpace objects, 0(0B) LOS objects, 40% free, 22MB/37MB, paused 149us total 13.393ms
08-06 12:58:10.847 24574 24594 I art     : Starting a blocking GC Explicit
08-06 12:58:10.861 24574 24594 I art     : Explicit concurrent mark sweep GC freed 3(96B) AllocSpace objects, 0(0B) LOS objects, 40% free, 22MB/37MB, paused 147us total 12.997ms
08-06 12:58:10.867 24574 24594 I art     : Starting a blocking GC Explicit
08-06 12:58:10.879 24574 24594 I art     : Explicit concurrent mark sweep GC freed 30(832B) AllocSpace objects, 0(0B) LOS objects, 40% free, 22MB/37MB, paused 142us total 12.374ms
08-06 12:58:10.886 24574 24594 I art     : Starting a blocking GC Explicit
08-06 12:58:10.898 24574 24594 I art     : Explicit concurrent mark sweep GC freed 3(96B) AllocSpace objects, 0(0B) LOS objects, 40% free, 22MB/37MB, paused 136us total 12.710ms
08-06 12:58:11.174 24574 24611 I art     : Starting a blocking GC Explicit
08-06 12:58:11.190 24574 24611 I art     : Explicit concurrent mark sweep GC freed 1363(81KB) AllocSpace objects, 1(20KB) LOS objects, 40% free, 22MB/37MB, paused 179us total 15.803ms
08-06 12:58:11.197 24574 24611 I art     : Starting a blocking GC Explicit
08-06 12:58:11.211 24574 24611 I art     : Explicit concurrent mark sweep GC freed 23(752B) AllocSpace objects, 0(0B) LOS objects, 40% free, 22MB/37MB, paused 160us total 13.793ms
08-06 12:58:11.218 24574 24611 I art     : Starting a blocking GC Explicit
08-06 12:58:11.231 24574 24611 I art     : Explicit concurrent mark sweep GC freed 3(96B) AllocSpace objects, 0(0B) LOS objects, 40% free, 22MB/37MB, paused 159us total 12.922ms
08-06 12:58:11.237 24574 24611 I art     : Starting a blocking GC Explicit
08-06 12:58:11.249 24574 24611 I art     : Explicit concurrent mark sweep GC freed 3(96B) AllocSpace objects, 0(0B) LOS objects, 40% free, 22MB/37MB, paused 149us total 12.197ms
08-06 12:58:11.256 24574 24611 I art     : Starting a blocking GC Explicit
08-06 12:58:11.269 24574 24611 I art     : Explicit concurrent mark sweep GC freed 3(96B) AllocSpace objects, 0(0B) LOS objects, 40% free, 22MB/37MB, paused 156us total 12.808ms
08-06 12:58:11.578 24574 24595 I art     : Starting a blocking GC Explicit
08-06 12:58:11.597 24574 24595 I art     : Explicit concurrent mark sweep GC freed 1364(82KB) AllocSpace objects, 1(20KB) LOS objects, 40% free, 22MB/37MB, paused 210us total 18.854ms
08-06 12:58:11.608 24574 24595 I art     : Starting a blocking GC Explicit
08-06 12:58:11.622 24574 24595 I art     : Explicit concurrent mark sweep GC freed 23(752B) AllocSpace objects, 0(0B) LOS objects, 40% free, 22MB/37MB, paused 150us total 13.845ms
08-06 12:58:11.628 24574 24595 I art     : Starting a blocking GC Explicit
08-06 12:58:11.641 24574 24595 I art     : Explicit concurrent mark sweep GC freed 3(96B) AllocSpace objects, 0(0B) LOS objects, 40% free, 22MB/37MB, paused 148us total 12.357ms
08-06 12:58:11.647 24574 24595 I art     : Starting a blocking GC Explicit
08-06 12:58:11.659 24574 24595 I art     : Explicit concurrent mark sweep GC freed 3(96B) AllocSpace objects, 0(0B) LOS objects, 40% free, 22MB/37MB, paused 147us total 12.347ms
08-06 12:58:11.665 24574 24595 I art     : Starting a blocking GC Explicit
08-06 12:58:11.679 24574 24595 I art     : Explicit concurrent mark sweep GC freed 3(96B) AllocSpace objects, 0(0B) LOS objects, 40% free, 22MB/37MB, paused 150us total 12.896ms
08-06 12:58:11.974 24574 24594 I art     : Starting a blocking GC Explicit
08-06 12:58:11.993 24574 24594 I art     : Explicit concurrent mark sweep GC freed 1390(82KB) AllocSpace objects, 1(20KB) LOS objects, 40% free, 22MB/37MB, paused 195us total 19.134ms
08-06 12:58:12.004 24574 24594 I art     : Starting a blocking GC Explicit
08-06 12:58:12.020 24574 24594 I art     : Explicit concurrent mark sweep GC freed 23(752B) AllocSpace objects, 0(0B) LOS objects, 40% free, 22MB/37MB, paused 163us total 16.511ms
08-06 12:58:12.029 24574 24594 I art     : Starting a blocking GC Explicit
08-06 12:58:12.042 24574 24594 I art     : Explicit concurrent mark sweep GC freed 3(96B) AllocSpace objects, 0(0B) LOS objects, 40% free, 22MB/37MB, paused 150us total 12.847ms
08-06 12:58:12.049 24574 24594 I art     : Starting a blocking GC Explicit
08-06 12:58:12.062 24574 24594 I art     : Explicit concurrent mark sweep GC freed 3(96B) AllocSpace objects, 0(0B) LOS objects, 40% free, 22MB/37MB, paused 147us total 12.935ms
08-06 12:58:12.069 24574 24594 I art     : Starting a blocking GC Explicit
08-06 12:58:12.081 24574 24594 I art     : Explicit concurrent mark sweep GC freed 3(96B) AllocSpace objects, 0(0B) LOS objects, 40% free, 22MB/37MB, paused 145us total 12ms
08-06 12:58:12.411 24574 24611 I art     : Starting a blocking GC Explicit
08-06 12:58:12.435 24574 24611 I art     : Explicit concurrent mark sweep GC freed 1362(80KB) AllocSpace objects, 1(20KB) LOS objects, 40% free, 22MB/37MB, paused 236us total 23.315ms
08-06 12:58:12.446 24574 24611 I art     : Starting a blocking GC Explicit
08-06 12:58:12.461 24574 24611 I art     : Explicit concurrent mark sweep GC freed 23(752B) AllocSpace objects, 0(0B) LOS objects, 40% free, 22MB/37MB, paused 152us total 15.095ms
08-06 12:58:12.467 24574 24611 I art     : Starting a blocking GC Explicit
08-06 12:58:12.480 24574 24611 I art     : Explicit concurrent mark sweep GC freed 3(96B) AllocSpace objects, 0(0B) LOS objects, 40% free, 22MB/37MB, paused 156us total 12.636ms
08-06 12:58:12.486 24574 24611 I art     : Starting a blocking GC Explicit
08-06 12:58:12.499 24574 24611 I art     : Explicit concurrent mark sweep GC freed 3(96B) AllocSpace objects, 0(0B) LOS objects, 40% free, 22MB/37MB, paused 150us total 12.223ms
08-06 12:58:12.505 24574 24611 I art     : Starting a blocking GC Explicit
08-06 12:58:12.518 24574 24611 I art     : Explicit concurrent mark sweep GC freed 3(96B) AllocSpace objects, 0(0B) LOS objects, 40% free, 22MB/37MB, paused 141us total 12.037ms
08-06 12:58:12.777 24574 24595 I art     : Starting a blocking GC Explicit
08-06 12:58:12.792 24574 24595 I art     : Explicit concurrent mark sweep GC freed 1362(80KB) AllocSpace objects, 1(20KB) LOS objects, 40% free, 22MB/37MB, paused 178us total 14.636ms
08-06 12:58:12.799 24574 24595 I art     : Starting a blocking GC Explicit
08-06 12:58:12.811 24574 24595 I art     : Explicit concurrent mark sweep GC freed 23(752B) AllocSpace objects, 0(0B) LOS objects, 40% free, 22MB/37MB, paused 167us total 12.648ms
08-06 12:58:12.818 24574 24595 I art     : Starting a blocking GC Explicit
08-06 12:58:12.831 24574 24595 I art     : Explicit concurrent mark sweep GC freed 3(96B) AllocSpace objects, 0(0B) LOS objects, 40% free, 22MB/37MB, paused 147us total 12.023ms
08-06 12:58:12.837 24574 24595 I art     : Starting a blocking GC Explicit
08-06 12:58:12.849 24574 24595 I art     : Explicit concurrent mark sweep GC freed 3(96B) AllocSpace objects, 0(0B) LOS objects, 40% free, 22MB/37MB, paused 148us total 12.156ms
08-06 12:58:12.855 24574 24595 I art     : Starting a blocking GC Explicit
08-06 12:58:12.867 24574 24595 I art     : Explicit concurrent mark sweep GC freed 3(96B) AllocSpace objects, 0(0B) LOS objects, 40% free, 22MB/37MB, paused 315us total 12.536ms
08-06 12:58:13.167 24574 24594 I art     : Starting a blocking GC Explicit
08-06 12:58:13.186 24574 24594 I art     : Explicit concurrent mark sweep GC freed 1388(80KB) AllocSpace objects, 1(20KB) LOS objects, 40% free, 22MB/37MB, paused 172us total 18.408ms
08-06 12:58:13.194 24574 24594 I art     : Starting a blocking GC Explicit
08-06 12:58:13.208 24574 24594 I art     : Explicit concurrent mark sweep GC freed 23(752B) AllocSpace objects, 0(0B) LOS objects, 40% free, 22MB/37MB, paused 146us total 13.264ms
08-06 12:58:13.214 24574 24594 I art     : Starting a blocking GC Explicit
08-06 12:58:13.227 24574 24594 I art     : Explicit concurrent mark sweep GC freed 3(96B) AllocSpace objects, 0(0B) LOS objects, 40% free, 22MB/37MB, paused 137us total 12.862ms
08-06 12:58:13.233 24574 24594 I art     : Starting a blocking GC Explicit
08-06 12:58:13.246 24574 24594 I art     : Explicit concurrent mark sweep GC freed 3(96B) AllocSpace objects, 0(0B) LOS objects, 40% free, 22MB/37MB, paused 140us total 12.496ms
08-06 12:58:13.252 24574 24594 I art     : Starting a blocking GC Explicit
08-06 12:58:13.264 24574 24594 I art     : Explicit concurrent mark sweep GC freed 3(96B) AllocSpace objects, 0(0B) LOS objects, 40% free, 22MB/37MB, paused 144us total 12.137ms
08-06 12:58:13.566 24574 24611 I art     : Starting a blocking GC Explicit
08-06 12:58:13.581 24574 24611 I art     : Explicit concurrent mark sweep GC freed 1362(80KB) AllocSpace objects, 1(20KB) LOS objects, 40% free, 22MB/37MB, paused 172us total 15.062ms
08-06 12:58:13.588 24574 24611 I art     : Starting a blocking GC Explicit
08-06 12:58:13.601 24574 24611 I art     : Explicit concurrent mark sweep GC freed 23(752B) AllocSpace objects, 0(0B) LOS objects, 40% free, 22MB/37MB, paused 143us total 11.326ms
08-06 12:58:13.607 24574 24611 I art     : Starting a blocking GC Explicit
08-06 12:58:13.619 24574 24611 I art     : Explicit concurrent mark sweep GC freed 3(96B) AllocSpace objects, 0(0B) LOS objects, 40% free, 22MB/37MB, paused 149us total 12.451ms
08-06 12:58:13.625 24574 24611 I art     : Starting a blocking GC Explicit
08-06 12:58:13.635 24574 24611 I art     : Explicit concurrent mark sweep GC freed 3(96B) AllocSpace objects, 0(0B) LOS objects, 40% free, 22MB/37MB, paused 134us total 10.700ms
08-06 12:58:13.641 24574 24611 I art     : Starting a blocking GC Explicit
08-06 12:58:13.651 24574 24611 I art     : Explicit concurrent mark sweep GC freed 3(96B) AllocSpace objects, 0(0B) LOS objects, 40% free, 22MB/37MB, paused 137us total 10.641ms
08-06 12:58:13.900 24796 24796 D AndroidRuntime: >>>>>> START com.android.internal.os.RuntimeInit uid 2000 <<<<<<
08-06 12:58:13.904 24796 24796 D AndroidRuntime: CheckJNI is OFF
08-06 12:58:13.931 24796 24796 D ICU     : No timezone override file found: /data/misc/zoneinfo/current/icu/icu_tzdata.dat
08-06 12:58:13.935 24574 24595 I art     : Starting a blocking GC Explicit
08-06 12:58:13.948 24574 24595 I art     : Explicit concurrent mark sweep GC freed 1388(80KB) AllocSpace objects, 1(20KB) LOS objects, 40% free, 22MB/37MB, paused 157us total 12.405ms
08-06 12:58:13.954 24574 24595 I art     : Starting a blocking GC Explicit
08-06 12:58:13.957 24796 24796 I Radio-JNI: register_android_hardware_Radio DONE
08-06 12:58:13.966 24574 24595 I art     : Explicit concurrent mark sweep GC freed 23(752B) AllocSpace objects, 0(0B) LOS objects, 40% free, 22MB/37MB, paused 152us total 12.724ms
08-06 12:58:13.972 24574 24595 I art     : Starting a blocking GC Explicit
08-06 12:58:13.973 24796 24796 D AndroidRuntime: Calling main entry com.android.commands.input.Input
08-06 12:58:13.975 24796 24796 I Input   : injectMotionEvent: MotionEvent { action=ACTION_DOWN, actionButton=0, id[0]=0, x[0]=1233.0, y[0]=1274.0, toolType[0]=TOOL_TYPE_UNKNOWN, buttonState=0, metaState=0, flags=0x0, edgeFlags=0x0, pointerCount=1, historySize=0, eventTime=881910388, downTime=881910388, deviceId=0, source=0x1002 }
08-06 12:58:13.979 24796 24796 I Input   : injectMotionEvent: MotionEvent { action=ACTION_UP, actionButton=0, id[0]=0, x[0]=1233.0, y[0]=1274.0, toolType[0]=TOOL_TYPE_UNKNOWN, buttonState=0, metaState=0, flags=0x0, edgeFlags=0x0, pointerCount=1, historySize=0, eventTime=881910388, downTime=881910388, deviceId=0, source=0x1002 }
08-06 12:58:13.981 24796 24796 D AndroidRuntime: Shutting down VM
08-06 12:58:13.985 24574 24595 I art     : Explicit concurrent mark sweep GC freed 6(192B) AllocSpace objects, 0(0B) LOS objects, 40% free, 22MB/37MB, paused 158us total 12.330ms
08-06 12:58:13.991 24574 24595 I art     : Starting a blocking GC Explicit
08-06 12:58:14.005 24574 24595 I art     : Explicit concurrent mark sweep GC freed 3(96B) AllocSpace objects, 0(0B) LOS objects, 40% free, 22MB/37MB, paused 169us total 13.739ms
08-06 12:58:14.011 24574 24595 I art     : Starting a blocking GC Explicit
08-06 12:58:14.023 24574 24595 I art     : Explicit concurrent mark sweep GC freed 3(96B) AllocSpace objects, 0(0B) LOS objects, 40% free, 22MB/37MB, paused 165us total 11.513ms
08-06 12:58:14.267 24574 24611 I art     : Starting a blocking GC Explicit
08-06 12:58:14.282 24574 24611 I art     : Explicit concurrent mark sweep GC freed 1362(80KB) AllocSpace objects, 1(20KB) LOS objects, 40% free, 22MB/37MB, paused 149us total 14.717ms
08-06 12:58:14.289 24574 24611 I art     : Starting a blocking GC Explicit
08-06 12:58:14.303 24574 24611 I art     : Explicit concurrent mark sweep GC freed 23(752B) AllocSpace objects, 0(0B) LOS objects, 40% free, 22MB/37MB, paused 312us total 13.807ms
08-06 12:58:14.310 24574 24611 I art     : Starting a blocking GC Explicit
08-06 12:58:14.322 24574 24611 I art     : Explicit concurrent mark sweep GC freed 3(96B) AllocSpace objects, 0(0B) LOS objects, 40% free, 22MB/37MB, paused 141us total 11.849ms
08-06 12:58:14.329 24574 24611 I art     : Starting a blocking GC Explicit
08-06 12:58:14.341 24574 24611 I art     : Explicit concurrent mark sweep GC freed 3(96B) AllocSpace objects, 0(0B) LOS objects, 40% free, 22MB/37MB, paused 171us total 11.849ms
08-06 12:58:14.347 24574 24611 I art     : Starting a blocking GC Explicit
08-06 12:58:14.360 24574 24611 I art     : Explicit concurrent mark sweep GC freed 3(96B) AllocSpace objects, 0(0B) LOS objects, 40% free, 22MB/37MB, paused 136us total 12.264ms
08-06 12:58:14.408 13866 13866 I GoogleInputMethodServic: GoogleInputMethodService.onFinishInput():3138 
08-06 12:58:14.408 13866 13866 I GoogleInputMethodServic: GoogleInputMethodService.onStartInput():1808 
08-06 12:58:14.629 24574 24611 I art     : Starting a blocking GC Explicit
08-06 12:58:14.649 24574 24611 I art     : Explicit concurrent mark sweep GC freed 1458(83KB) AllocSpace objects, 1(20KB) LOS objects, 40% free, 22MB/37MB, paused 213us total 19.885ms
08-06 12:58:14.660 24574 24611 I art     : Starting a blocking GC Explicit
08-06 12:58:14.674 24574 24611 I art     : Explicit concurrent mark sweep GC freed 31(1200B) AllocSpace objects, 0(0B) LOS objects, 40% free, 22MB/37MB, paused 160us total 13.462ms
08-06 12:58:14.680 24574 24611 I art     : Starting a blocking GC Explicit
08-06 12:58:14.693 24574 24611 I art     : Explicit concurrent mark sweep GC freed 3(96B) AllocSpace objects, 0(0B) LOS objects, 40% free, 22MB/37MB, paused 151us total 12.939ms
08-06 12:58:14.699 24574 24611 I art     : Starting a blocking GC Explicit
08-06 12:58:14.712 24574 24611 I art     : Explicit concurrent mark sweep GC freed 3(96B) AllocSpace objects, 0(0B) LOS objects, 40% free, 22MB/37MB, paused 146us total 12.635ms
08-06 12:58:14.718 24574 24611 I art     : Starting a blocking GC Explicit
08-06 12:58:14.731 24574 24611 I art     : Explicit concurrent mark sweep GC freed 3(96B) AllocSpace objects, 0(0B) LOS objects, 40% free, 22MB/37MB, paused 144us total 12.517ms
08-06 12:58:14.996 24574 24595 I art     : Starting a blocking GC Explicit
08-06 12:58:15.015 24574 24595 I art     : Explicit concurrent mark sweep GC freed 1389(80KB) AllocSpace objects, 1(20KB) LOS objects, 40% free, 22MB/37MB, paused 173us total 19.593ms
08-06 12:58:15.022 24574 24595 I art     : Starting a blocking GC Explicit
08-06 12:58:15.035 24574 24595 I art     : Explicit concurrent mark sweep GC freed 23(752B) AllocSpace objects, 0(0B) LOS objects, 40% free, 22MB/37MB, paused 154us total 13.047ms
08-06 12:58:15.042 24574 24595 I art     : Starting a blocking GC Explicit
08-06 12:58:15.054 24574 24595 I art     : Explicit concurrent mark sweep GC freed 3(96B) AllocSpace objects, 0(0B) LOS objects, 40% free, 22MB/37MB, paused 152us total 12.682ms
08-06 12:58:15.061 24574 24595 I art     : Starting a blocking GC Explicit
08-06 12:58:15.074 24574 24595 I art     : Explicit concurrent mark sweep GC freed 3(96B) AllocSpace objects, 0(0B) LOS objects, 40% free, 22MB/37MB, paused 148us total 12.514ms
08-06 12:58:15.080 24574 24595 I art     : Starting a blocking GC Explicit
08-06 12:58:15.092 24574 24595 I art     : Explicit concurrent mark sweep GC freed 3(96B) AllocSpace objects, 0(0B) LOS objects, 40% free, 22MB/37MB, paused 149us total 12.315ms
08-06 12:58:15.327 24574 24594 I art     : Starting a blocking GC Explicit
08-06 12:58:15.340 24574 24594 I art     : Explicit concurrent mark sweep GC freed 1361(80KB) AllocSpace objects, 1(20KB) LOS objects, 40% free, 22MB/37MB, paused 157us total 12.571ms
08-06 12:58:15.346 24574 24594 I art     : Starting a blocking GC Explicit
08-06 12:58:15.358 24574 24594 I art     : Explicit concurrent mark sweep GC freed 23(752B) AllocSpace objects, 0(0B) LOS objects, 40% free, 22MB/37MB, paused 143us total 12.123ms
08-06 12:58:15.364 24574 24594 I art     : Starting a blocking GC Explicit
08-06 12:58:15.377 24574 24594 I art     : Explicit concurrent mark sweep GC freed 3(96B) AllocSpace objects, 0(0B) LOS objects, 40% free, 22MB/37MB, paused 179us total 12.181ms
08-06 12:58:15.383 24574 24594 I art     : Starting a blocking GC Explicit
08-06 12:58:15.395 24574 24594 I art     : Explicit concurrent mark sweep GC freed 3(96B) AllocSpace objects, 0(0B) LOS objects, 40% free, 22MB/37MB, paused 141us total 12.041ms
08-06 12:58:15.401 24574 24594 I art     : Starting a blocking GC Explicit
08-06 12:58:15.413 24574 24594 I art     : Explicit concurrent mark sweep GC freed 3(96B) AllocSpace objects, 0(0B) LOS objects, 40% free, 22MB/37MB, paused 136us total 11.786ms
08-06 12:58:15.559 24850 24850 D AndroidRuntime: >>>>>> START com.android.internal.os.RuntimeInit uid 2000 <<<<<<
08-06 12:58:15.565 24850 24850 D AndroidRuntime: CheckJNI is OFF
08-06 12:58:15.589 24850 24850 D ICU     : No timezone override file found: /data/misc/zoneinfo/current/icu/icu_tzdata.dat
08-06 12:58:15.614 24850 24850 I Radio-JNI: register_android_hardware_Radio DONE
08-06 12:58:15.630 24850 24850 D AndroidRuntime: Calling main entry com.android.commands.input.Input
08-06 12:58:15.631 24850 24850 I Input   : injectMotionEvent: MotionEvent { action=ACTION_DOWN, actionButton=0, id[0]=0, x[0]=103.0, y[0]=192.0, toolType[0]=TOOL_TYPE_UNKNOWN, buttonState=0, metaState=0, flags=0x0, edgeFlags=0x0, pointerCount=1, historySize=0, eventTime=881912044, downTime=881912044, deviceId=0, source=0x1002 }
08-06 12:58:15.635 24850 24850 I Input   : injectMotionEvent: MotionEvent { action=ACTION_UP, actionButton=0, id[0]=0, x[0]=103.0, y[0]=192.0, toolType[0]=TOOL_TYPE_UNKNOWN, buttonState=0, metaState=0, flags=0x0, edgeFlags=0x0, pointerCount=1, historySize=0, eventTime=881912044, downTime=881912044, deviceId=0, source=0x1002 }
08-06 12:58:15.636 24850 24850 D AndroidRuntime: Shutting down VM
08-06 12:58:15.641   512  2967 D audio_hw_primary: out_set_parameters: enter: usecase(1: low-latency-playback) kvpairs: routing=2
08-06 12:58:15.654   512  2967 D audio_hw_primary: select_devices: out_snd_device(2: speaker) in_snd_device(0: none)
08-06 12:58:15.654   512  2967 D msm8974_platform: platform_send_audio_calibration: sending audio calibration for snd_device(2) acdb_id(15)
08-06 12:58:15.654   512  2967 I soundtrigger: audio_extn_sound_trigger_update_device_status: device 0x2 of type 0 for Event 1
08-06 12:58:15.661 24574 24595 I art     : Starting a blocking GC Explicit
08-06 12:58:15.666   512  2967 D audio_hw_primary: enable_snd_device: snd_device(2: speaker)
08-06 12:58:15.668   512  2967 D audio_hw_primary: enable_audio_route: apply and update mixer path: low-latency-playback speaker
08-06 12:58:15.674 24574 24595 I art     : Explicit concurrent mark sweep GC freed 1475(83KB) AllocSpace objects, 1(20KB) LOS objects, 40% free, 22MB/37MB, paused 221us total 13.257ms
08-06 12:58:15.679 13866 13866 I GoogleInputMethodServic: GoogleInputMethodService.onFinishInput():3138 
08-06 12:58:15.680 13866 13866 I GoogleInputMethodServic: GoogleInputMethodService.onStartInput():1808 
08-06 12:58:15.681 24574 24595 I art     : Starting a blocking GC Explicit
08-06 12:58:15.695 24574 24595 I art     : Explicit concurrent mark sweep GC freed 40(1632B) AllocSpace objects, 0(0B) LOS objects, 40% free, 22MB/37MB, paused 165us total 13.363ms
08-06 12:58:15.701 24574 24595 I art     : Starting a blocking GC Explicit
08-06 12:58:15.713 24574 24595 I art     : Explicit concurrent mark sweep GC freed 105(4KB) AllocSpace objects, 0(0B) LOS objects, 40% free, 22MB/37MB, paused 158us total 12.306ms
08-06 12:58:15.719 24574 24595 I art     : Starting a blocking GC Explicit
08-06 12:58:15.731 24574 24595 I art     : Explicit concurrent mark sweep GC freed 287(15KB) AllocSpace objects, 0(0B) LOS objects, 40% free, 22MB/37MB, paused 148us total 11.790ms
08-06 12:58:15.737 24574 24595 I art     : Starting a blocking GC Explicit
08-06 12:58:15.750 24574 24595 I art     : Explicit concurrent mark sweep GC freed 7(384B) AllocSpace objects, 0(0B) LOS objects, 40% free, 22MB/37MB, paused 161us total 12.378ms
08-06 12:58:15.959 24574 24594 I art     : Starting a blocking GC Explicit
08-06 12:58:15.971 24574 24594 I art     : Explicit concurrent mark sweep GC freed 1389(80KB) AllocSpace objects, 1(20KB) LOS objects, 40% free, 22MB/37MB, paused 295us total 12.446ms
08-06 12:58:15.977 24574 24594 I art     : Starting a blocking GC Explicit
08-06 12:58:15.990 24574 24594 I art     : Explicit concurrent mark sweep GC freed 25(816B) AllocSpace objects, 0(0B) LOS objects, 40% free, 22MB/37MB, paused 142us total 12.021ms
08-06 12:58:15.996 24574 24594 I art     : Starting a blocking GC Explicit
08-06 12:58:16.008 24574 24594 I art     : Explicit concurrent mark sweep GC freed 9(288B) AllocSpace objects, 0(0B) LOS objects, 40% free, 22MB/37MB, paused 200us total 11.920ms
08-06 12:58:16.015 24574 24594 I art     : Starting a blocking GC Explicit
08-06 12:58:16.028 24574 24594 I art     : Explicit concurrent mark sweep GC freed 3(96B) AllocSpace objects, 0(0B) LOS objects, 40% free, 22MB/37MB, paused 170us total 12.279ms
08-06 12:58:16.034 24574 24594 I art     : Starting a blocking GC Explicit
08-06 12:58:16.046 24574 24594 I art     : Explicit concurrent mark sweep GC freed 3(96B) AllocSpace objects, 0(0B) LOS objects, 40% free, 22MB/37MB, paused 153us total 12.454ms
08-06 12:58:16.188 24883 24883 D AndroidRuntime: >>>>>> START com.android.internal.os.RuntimeInit uid 2000 <<<<<<
08-06 12:58:16.192 24883 24883 D AndroidRuntime: CheckJNI is OFF
08-06 12:58:16.209   512  2967 D audio_hw_primary: disable_audio_route: reset and update mixer path: low-latency-playback speaker
08-06 12:58:16.212   512  2967 D audio_hw_primary: disable_snd_device: snd_device(2: speaker)
08-06 12:58:16.217 24883 24883 D ICU     : No timezone override file found: /data/misc/zoneinfo/current/icu/icu_tzdata.dat
08-06 12:58:16.219   512  2967 I soundtrigger: audio_extn_sound_trigger_update_device_status: device 0x2 of type 0 for Event 0
08-06 12:58:16.240 24883 24883 I Radio-JNI: register_android_hardware_Radio DONE
08-06 12:58:16.255 24883 24883 D AndroidRuntime: Calling main entry com.android.commands.input.Input
08-06 12:58:16.256 24883 24883 I Input   : injectMotionEvent: MotionEvent { action=ACTION_DOWN, actionButton=0, id[0]=0, x[0]=324.0, y[0]=2298.0, toolType[0]=TOOL_TYPE_UNKNOWN, buttonState=0, metaState=0, flags=0x0, edgeFlags=0x0, pointerCount=1, historySize=0, eventTime=881912669, downTime=881912669, deviceId=0, source=0x1002 }
08-06 12:58:16.260 24883 24883 I Input   : injectMotionEvent: MotionEvent { action=ACTION_UP, actionButton=0, id[0]=0, x[0]=324.0, y[0]=2298.0, toolType[0]=TOOL_TYPE_UNKNOWN, buttonState=0, metaState=0, flags=0x0, edgeFlags=0x0, pointerCount=1, historySize=0, eventTime=881912669, downTime=881912669, deviceId=0, source=0x1002 }
08-06 12:58:16.261 24883 24883 D AndroidRuntime: Shutting down VM
08-06 12:58:16.273   918  5481 I ActivityManager: START u0 {cmp=baseline.de.danoeh.antennapod.debug/baseline.de.danoeh.antennapod.activity.PreferenceActivity} from uid 10711 on display 0
08-06 12:58:16.274   512  2967 D audio_hw_primary: out_set_parameters: enter: usecase(1: low-latency-playback) kvpairs: routing=2
08-06 12:58:16.287   512  2967 D audio_hw_primary: select_devices: out_snd_device(2: speaker) in_snd_device(0: none)
08-06 12:58:16.287   512  2967 D msm8974_platform: platform_send_audio_calibration: sending audio calibration for snd_device(2) acdb_id(15)
08-06 12:58:16.288 24574 24595 I art     : Starting a blocking GC Explicit
08-06 12:58:16.288   512  2967 I soundtrigger: audio_extn_sound_trigger_update_device_status: device 0x2 of type 0 for Event 1
08-06 12:58:16.299   512  2967 D audio_hw_primary: enable_snd_device: snd_device(2: speaker)
08-06 12:58:16.301 24574 24595 I art     : Explicit concurrent mark sweep GC freed 1462(107KB) AllocSpace objects, 2(40KB) LOS objects, 40% free, 22MB/37MB, paused 205us total 13.138ms
08-06 12:58:16.301   512  2967 D audio_hw_primary: enable_audio_route: apply and update mixer path: low-latency-playback speaker
08-06 12:58:16.307 24574 24595 I art     : Starting a blocking GC Explicit
08-06 12:58:16.321 24574 24595 I art     : Explicit concurrent mark sweep GC freed 659(84KB) AllocSpace objects, 0(0B) LOS objects, 40% free, 22MB/37MB, paused 769us total 14.270ms
08-06 12:58:16.328 24574 24595 I art     : Starting a blocking GC Explicit
08-06 12:58:16.341 24574 24595 I art     : Explicit concurrent mark sweep GC freed 556(89KB) AllocSpace objects, 0(0B) LOS objects, 40% free, 22MB/37MB, paused 230us total 13.630ms
08-06 12:58:16.347   512  2967 D AudioFlinger: mixer(0xf4740000) throttle end: throttle time(12)
08-06 12:58:16.349 24574 24595 I art     : Starting a blocking GC Explicit
08-06 12:58:16.362 24574 24595 I art     : Explicit concurrent mark sweep GC freed 198(18KB) AllocSpace objects, 0(0B) LOS objects, 40% free, 22MB/37MB, paused 160us total 12.868ms
08-06 12:58:16.368 24574 24595 I art     : Starting a blocking GC Explicit
08-06 12:58:16.379 24574 24595 I art     : Explicit concurrent mark sweep GC freed 39(1840B) AllocSpace objects, 0(0B) LOS objects, 40% free, 22MB/37MB, paused 149us total 11.290ms
08-06 12:58:16.531   918   936 I ActivityManager: Displayed baseline.de.danoeh.antennapod.debug/baseline.de.danoeh.antennapod.activity.PreferenceActivity: +234ms
08-06 12:58:16.531 13866 13866 I GoogleInputMethodServic: GoogleInputMethodService.onFinishInput():3138 
08-06 12:58:16.534 13866 13866 I GoogleInputMethodServic: GoogleInputMethodService.onStartInput():1808 
08-06 12:58:16.558 24574 24606 D OpenGLRenderer: endAllStagingAnimators on 0x7f7f47f800 (RippleDrawable) with handle 0x7f7e423d20
08-06 12:58:16.625 24574 24594 I art     : Starting a blocking GC Explicit
08-06 12:58:16.641 24574 24594 I art     : Explicit concurrent mark sweep GC freed 3356(242KB) AllocSpace objects, 1(20KB) LOS objects, 40% free, 23MB/39MB, paused 144us total 15.998ms
08-06 12:58:16.648 24574 24594 I art     : Starting a blocking GC Explicit
08-06 12:58:16.662 24574 24594 I art     : Explicit concurrent mark sweep GC freed 223(10KB) AllocSpace objects, 0(0B) LOS objects, 40% free, 23MB/38MB, paused 142us total 13.792ms
08-06 12:58:16.669 24574 24594 I art     : Starting a blocking GC Explicit
08-06 12:58:16.686 24574 24594 I art     : Explicit concurrent mark sweep GC freed 3(96B) AllocSpace objects, 0(0B) LOS objects, 40% free, 23MB/38MB, paused 164us total 16.687ms
08-06 12:58:16.694 24574 24594 I art     : Starting a blocking GC Explicit
08-06 12:58:16.711 24574 24594 I art     : Explicit concurrent mark sweep GC freed 3(96B) AllocSpace objects, 0(0B) LOS objects, 40% free, 23MB/38MB, paused 155us total 16.857ms
08-06 12:58:16.719 24574 24594 I art     : Starting a blocking GC Explicit
08-06 12:58:16.737 24574 24594 I art     : Explicit concurrent mark sweep GC freed 3(96B) AllocSpace objects, 0(0B) LOS objects, 40% free, 23MB/38MB, paused 271us total 17.940ms
08-06 12:58:16.789   380   380 W SurfaceFlinger: couldn't log to binary event log: overflow.
08-06 12:58:16.839   512  2967 D audio_hw_primary: disable_audio_route: reset and update mixer path: low-latency-playback speaker
08-06 12:58:16.839   512  2967 D audio_hw_primary: disable_snd_device: snd_device(2: speaker)
08-06 12:58:16.847   512  2967 I soundtrigger: audio_extn_sound_trigger_update_device_status: device 0x2 of type 0 for Event 0
08-06 12:58:16.918 24574 24574 D PlaybackController: Releasing PlaybackController
08-06 12:58:17.005 24574 24611 I art     : Starting a blocking GC Explicit
08-06 12:58:17.024 24574 24611 I art     : Explicit concurrent mark sweep GC freed 1651(98KB) AllocSpace objects, 1(20KB) LOS objects, 40% free, 23MB/39MB, paused 165us total 18.620ms
08-06 12:58:17.034 24574 24611 I art     : Starting a blocking GC Explicit
08-06 12:58:17.049 24574 24611 I art     : Explicit concurrent mark sweep GC freed 63(2064B) AllocSpace objects, 0(0B) LOS objects, 40% free, 23MB/39MB, paused 151us total 14.401ms
08-06 12:58:17.055 24574 24611 I art     : Starting a blocking GC Explicit
08-06 12:58:17.068 24574 24611 I art     : Explicit concurrent mark sweep GC freed 3(96B) AllocSpace objects, 0(0B) LOS objects, 40% free, 23MB/39MB, paused 140us total 13.107ms
08-06 12:58:17.074 24574 24611 I art     : Starting a blocking GC Explicit
08-06 12:58:17.089 24574 24611 I art     : Explicit concurrent mark sweep GC freed 3(96B) AllocSpace objects, 0(0B) LOS objects, 40% free, 23MB/39MB, paused 143us total 14.223ms
08-06 12:58:17.095 24574 24611 I art     : Starting a blocking GC Explicit
08-06 12:58:17.109 24574 24611 I art     : Explicit concurrent mark sweep GC freed 3(96B) AllocSpace objects, 0(0B) LOS objects, 40% free, 23MB/39MB, paused 155us total 14.006ms
08-06 12:58:17.147   518   646 I ThermalEngine: ACTION: GPU - Setting GPU[0] to 510000000
08-06 12:58:17.360 24574 24594 I art     : Starting a blocking GC Explicit
08-06 12:58:17.380 24574 24594 I art     : Explicit concurrent mark sweep GC freed 1364(80KB) AllocSpace objects, 1(20KB) LOS objects, 40% free, 23MB/39MB, paused 200us total 19.938ms
08-06 12:58:17.389 24574 24594 I art     : Starting a blocking GC Explicit
08-06 12:58:17.409 24574 24594 I art     : Explicit concurrent mark sweep GC freed 23(752B) AllocSpace objects, 0(0B) LOS objects, 40% free, 23MB/39MB, paused 227us total 19.287ms
08-06 12:58:17.417 24574 24594 I art     : Starting a blocking GC Explicit
08-06 12:58:17.436 24574 24594 I art     : Explicit concurrent mark sweep GC freed 3(96B) AllocSpace objects, 0(0B) LOS objects, 40% free, 23MB/39MB, paused 196us total 19.221ms
08-06 12:58:17.445 24574 24594 I art     : Starting a blocking GC Explicit
08-06 12:58:17.463 24574 24594 I art     : Explicit concurrent mark sweep GC freed 3(96B) AllocSpace objects, 0(0B) LOS objects, 40% free, 23MB/39MB, paused 202us total 18.294ms
08-06 12:58:17.472 24574 24594 I art     : Starting a blocking GC Explicit
08-06 12:58:17.490 24574 24594 I art     : Explicit concurrent mark sweep GC freed 3(96B) AllocSpace objects, 0(0B) LOS objects, 40% free, 23MB/39MB, paused 184us total 17.458ms
08-06 12:58:17.756 24574 24595 I art     : Starting a blocking GC Explicit
08-06 12:58:17.776 24574 24595 I art     : Explicit concurrent mark sweep GC freed 1364(80KB) AllocSpace objects, 1(20KB) LOS objects, 40% free, 23MB/39MB, paused 217us total 19.672ms
08-06 12:58:17.784 24574 24595 I art     : Starting a blocking GC Explicit
08-06 12:58:17.803 24574 24595 I art     : Explicit concurrent mark sweep GC freed 23(752B) AllocSpace objects, 0(0B) LOS objects, 40% free, 23MB/39MB, paused 207us total 18.611ms
08-06 12:58:17.812 24574 24595 I art     : Starting a blocking GC Explicit
08-06 12:58:17.830 24574 24595 I art     : Explicit concurrent mark sweep GC freed 3(96B) AllocSpace objects, 0(0B) LOS objects, 40% free, 23MB/39MB, paused 209us total 17.826ms
08-06 12:58:17.837 24574 24595 I art     : Starting a blocking GC Explicit
08-06 12:58:17.856 24574 24595 I art     : Explicit concurrent mark sweep GC freed 3(96B) AllocSpace objects, 0(0B) LOS objects, 40% free, 23MB/39MB, paused 204us total 17.831ms
08-06 12:58:17.863 24574 24595 I art     : Starting a blocking GC Explicit
08-06 12:58:17.882 24574 24595 I art     : Explicit concurrent mark sweep GC freed 30(832B) AllocSpace objects, 0(0B) LOS objects, 40% free, 23MB/39MB, paused 202us total 17.892ms
08-06 12:58:17.910 24955 24955 D AndroidRuntime: >>>>>> START com.android.internal.os.RuntimeInit uid 2000 <<<<<<
08-06 12:58:17.915 24955 24955 D AndroidRuntime: CheckJNI is OFF
08-06 12:58:17.947 24955 24955 D ICU     : No timezone override file found: /data/misc/zoneinfo/current/icu/icu_tzdata.dat
08-06 12:58:17.980 24955 24955 I Radio-JNI: register_android_hardware_Radio DONE
08-06 12:58:18.002 24955 24955 D AndroidRuntime: Calling main entry com.android.commands.input.Input
08-06 12:58:18.005 24955 24955 I Input   : injectMotionEvent: MotionEvent { action=ACTION_DOWN, actionButton=0, id[0]=0, x[0]=400.0, y[0]=997.0, toolType[0]=TOOL_TYPE_UNKNOWN, buttonState=0, metaState=0, flags=0x0, edgeFlags=0x0, pointerCount=1, historySize=0, eventTime=881914417, downTime=881914417, deviceId=0, source=0x1002 }
08-06 12:58:18.018 24955 24955 I Input   : injectMotionEvent: MotionEvent { action=ACTION_UP, actionButton=0, id[0]=0, x[0]=400.0, y[0]=997.0, toolType[0]=TOOL_TYPE_UNKNOWN, buttonState=0, metaState=0, flags=0x0, edgeFlags=0x0, pointerCount=1, historySize=0, eventTime=881914417, downTime=881914417, deviceId=0, source=0x1002 }
08-06 12:58:18.020 24955 24955 D AndroidRuntime: Shutting down VM
08-06 12:58:18.029   512  2967 D audio_hw_primary: out_set_parameters: enter: usecase(1: low-latency-playback) kvpairs: routing=2
08-06 12:58:18.042   512  2967 D audio_hw_primary: select_devices: out_snd_device(2: speaker) in_snd_device(0: none)
08-06 12:58:18.042   512  2967 D msm8974_platform: platform_send_audio_calibration: sending audio calibration for snd_device(2) acdb_id(15)
08-06 12:58:18.042   512  2967 I soundtrigger: audio_extn_sound_trigger_update_device_status: device 0x2 of type 0 for Event 1
08-06 12:58:18.052   512  2967 D audio_hw_primary: enable_snd_device: snd_device(2: speaker)
08-06 12:58:18.055   512  2967 D audio_hw_primary: enable_audio_route: apply and update mixer path: low-latency-playback speaker
08-06 12:58:18.129 24574 24595 I art     : Starting a blocking GC Explicit
08-06 12:58:18.147 13866 13866 I GoogleInputMethodServic: GoogleInputMethodService.onFinishInput():3138 
08-06 12:58:18.148 13866 13866 I GoogleInputMethodServic: GoogleInputMethodService.onStartInput():1808 
08-06 12:58:18.149 24574 24595 I art     : Explicit concurrent mark sweep GC freed 2932(186KB) AllocSpace objects, 2(40KB) LOS objects, 40% free, 23MB/39MB, paused 240us total 20.173ms
08-06 12:58:18.157 24574 24595 I art     : Starting a blocking GC Explicit
08-06 12:58:18.175 24574 24595 I art     : Explicit concurrent mark sweep GC freed 178(9KB) AllocSpace objects, 0(0B) LOS objects, 40% free, 23MB/39MB, paused 181us total 17.715ms
08-06 12:58:18.183 24574 24595 I art     : Starting a blocking GC Explicit
08-06 12:58:18.200 24574 24595 I art     : Explicit concurrent mark sweep GC freed 5(160B) AllocSpace objects, 0(0B) LOS objects, 40% free, 23MB/39MB, paused 198us total 17.195ms
08-06 12:58:18.208 24574 24595 I art     : Starting a blocking GC Explicit
08-06 12:58:18.228 24574 24595 I art     : Explicit concurrent mark sweep GC freed 3(96B) AllocSpace objects, 0(0B) LOS objects, 40% free, 23MB/39MB, paused 205us total 19.365ms
08-06 12:58:18.236 24574 24595 I art     : Starting a blocking GC Explicit
08-06 12:58:18.256 24574 24595 I art     : Explicit concurrent mark sweep GC freed 3(96B) AllocSpace objects, 0(0B) LOS objects, 40% free, 23MB/39MB, paused 212us total 19.399ms
08-06 12:58:18.496 24574 24611 I art     : Starting a blocking GC Explicit
08-06 12:58:18.516 24574 24611 I art     : Explicit concurrent mark sweep GC freed 1365(80KB) AllocSpace objects, 1(20KB) LOS objects, 40% free, 23MB/39MB, paused 198us total 19.907ms
08-06 12:58:18.525 24574 24611 I art     : Starting a blocking GC Explicit
08-06 12:58:18.546 24574 24611 I art     : Explicit concurrent mark sweep GC freed 23(752B) AllocSpace objects, 0(0B) LOS objects, 40% free, 23MB/39MB, paused 211us total 20.600ms
08-06 12:58:18.555 24574 24611 I art     : Starting a blocking GC Explicit
08-06 12:58:18.574 24574 24611 I art     : Explicit concurrent mark sweep GC freed 3(96B) AllocSpace objects, 0(0B) LOS objects, 40% free, 23MB/39MB, paused 204us total 19.460ms
08-06 12:58:18.583 24574 24611 I art     : Starting a blocking GC Explicit
08-06 12:58:18.589   512  2967 D audio_hw_primary: disable_audio_route: reset and update mixer path: low-latency-playback speaker
08-06 12:58:18.590   512  2967 D audio_hw_primary: disable_snd_device: snd_device(2: speaker)
08-06 12:58:18.598   512  2967 I soundtrigger: audio_extn_sound_trigger_update_device_status: device 0x2 of type 0 for Event 0
08-06 12:58:18.602 24574 24611 I art     : Explicit concurrent mark sweep GC freed 3(96B) AllocSpace objects, 0(0B) LOS objects, 40% free, 23MB/39MB, paused 198us total 19.067ms
08-06 12:58:18.610 24574 24611 I art     : Starting a blocking GC Explicit
08-06 12:58:18.630 24574 24611 I art     : Explicit concurrent mark sweep GC freed 3(96B) AllocSpace objects, 0(0B) LOS objects, 40% free, 23MB/39MB, paused 206us total 19.731ms
08-06 12:58:18.674 24990 24990 D AndroidRuntime: >>>>>> START com.android.internal.os.RuntimeInit uid 2000 <<<<<<
08-06 12:58:18.679 24990 24990 D AndroidRuntime: CheckJNI is OFF
08-06 12:58:18.713 24990 24990 D ICU     : No timezone override file found: /data/misc/zoneinfo/current/icu/icu_tzdata.dat
08-06 12:58:18.748 24990 24990 I Radio-JNI: register_android_hardware_Radio DONE
08-06 12:58:18.770 24990 24990 D AndroidRuntime: Calling main entry com.android.commands.input.Input
08-06 12:58:18.772 24990 24990 I Input   : injectMotionEvent: MotionEvent { action=ACTION_DOWN, actionButton=0, id[0]=0, x[0]=697.0, y[0]=656.0, toolType[0]=TOOL_TYPE_UNKNOWN, buttonState=0, metaState=0, flags=0x0, edgeFlags=0x0, pointerCount=1, historySize=0, eventTime=881915185, downTime=881915185, deviceId=0, source=0x1002 }
08-06 12:58:18.776 24990 24990 I Input   : injectMotionEvent: MotionEvent { action=ACTION_UP, actionButton=0, id[0]=0, x[0]=697.0, y[0]=656.0, toolType[0]=TOOL_TYPE_UNKNOWN, buttonState=0, metaState=0, flags=0x0, edgeFlags=0x0, pointerCount=1, historySize=0, eventTime=881915185, downTime=881915185, deviceId=0, source=0x1002 }
08-06 12:58:18.777 24990 24990 D AndroidRuntime: Shutting down VM
08-06 12:58:18.795   512  2967 D audio_hw_primary: out_set_parameters: enter: usecase(1: low-latency-playback) kvpairs: routing=2
08-06 12:58:18.808   512  2967 D audio_hw_primary: select_devices: out_snd_device(2: speaker) in_snd_device(0: none)
08-06 12:58:18.809   512  2967 D msm8974_platform: platform_send_audio_calibration: sending audio calibration for snd_device(2) acdb_id(15)
08-06 12:58:18.809   512  2967 I soundtrigger: audio_extn_sound_trigger_update_device_status: device 0x2 of type 0 for Event 1
08-06 12:58:18.819   512  2967 D audio_hw_primary: enable_snd_device: snd_device(2: speaker)
08-06 12:58:18.821   512  2967 D audio_hw_primary: enable_audio_route: apply and update mixer path: low-latency-playback speaker
08-06 12:58:18.860 13866 13866 I GoogleInputMethodServic: GoogleInputMethodService.onFinishInput():3138 
08-06 12:58:18.861 13866 13866 I GoogleInputMethodServic: GoogleInputMethodService.onStartInput():1808 
08-06 12:58:18.863   512  2967 D AudioFlinger: mixer(0xf4740000) throttle end: throttle time(12)
08-06 12:58:18.876 24574 24595 I art     : Starting a blocking GC Explicit
08-06 12:58:18.897 24574 24595 I art     : Explicit concurrent mark sweep GC freed 2447(194KB) AllocSpace objects, 1(20KB) LOS objects, 40% free, 23MB/39MB, paused 239us total 21.304ms
08-06 12:58:18.905 24574 24595 I art     : Starting a blocking GC Explicit
08-06 12:58:18.924 24574 24595 I art     : Explicit concurrent mark sweep GC freed 181(7KB) AllocSpace objects, 0(0B) LOS objects, 40% free, 23MB/39MB, paused 181us total 18.926ms
08-06 12:58:18.933 24574 24595 I art     : Starting a blocking GC Explicit
08-06 12:58:18.954 24574 24595 I art     : Explicit concurrent mark sweep GC freed 5(176B) AllocSpace objects, 0(0B) LOS objects, 40% free, 23MB/39MB, paused 212us total 20.733ms
08-06 12:58:18.962 24574 24595 I art     : Starting a blocking GC Explicit
08-06 12:58:18.983 24574 24595 I art     : Explicit concurrent mark sweep GC freed 3(96B) AllocSpace objects, 0(0B) LOS objects, 40% free, 23MB/39MB, paused 202us total 20.922ms
08-06 12:58:18.993 24574 24595 I art     : Starting a blocking GC Explicit
08-06 12:58:19.017 24574 24595 I art     : Explicit concurrent mark sweep GC freed 3(96B) AllocSpace objects, 0(0B) LOS objects, 40% free, 23MB/39MB, paused 376us total 23.593ms
08-06 12:58:19.092 29532 29532 W PathParser: Points are too far apart 4.030360828967057
08-06 12:58:19.092 29532 29532 W PathParser: Points are too far apart 4.030360538880159
08-06 12:58:19.108 29532 29532 W PathParser: Points are too far apart 4.030360828967057
08-06 12:58:19.108 29532 29532 W PathParser: Points are too far apart 4.030360538880159
08-06 12:58:19.124 29532 29532 W PathParser: Points are too far apart 4.030360828967057
08-06 12:58:19.124 29532 29532 W PathParser: Points are too far apart 4.030360538880159
08-06 12:58:19.141 29532 29532 W PathParser: Points are too far apart 4.030360828967057
08-06 12:58:19.141 29532 29532 W PathParser: Points are too far apart 4.030360538880159
08-06 12:58:19.158 29532 29532 W PathParser: Points are too far apart 4.030360828967057
08-06 12:58:19.158 29532 29532 W PathParser: Points are too far apart 4.030360538880159
08-06 12:58:19.174 29532 29532 W PathParser: Points are too far apart 4.030360828967057
08-06 12:58:19.175 29532 29532 W PathParser: Points are too far apart 4.030360538880159
08-06 12:58:19.191 29532 29532 W PathParser: Points are too far apart 4.030360828967057
08-06 12:58:19.191 29532 29532 W PathParser: Points are too far apart 4.030360538880159
08-06 12:58:19.197 21246 21246 I ServiceManager: Waiting for service AtCmdFwd...
08-06 12:58:19.266 24574 24595 I art     : Starting a blocking GC Explicit
08-06 12:58:19.290 24574 24595 I art     : Explicit concurrent mark sweep GC freed 1369(80KB) AllocSpace objects, 1(20KB) LOS objects, 40% free, 23MB/39MB, paused 204us total 22.679ms
08-06 12:58:19.299 24574 24595 I art     : Starting a blocking GC Explicit
08-06 12:58:19.319 24574 24595 I art     : Explicit concurrent mark sweep GC freed 29(944B) AllocSpace objects, 0(0B) LOS objects, 40% free, 23MB/39MB, paused 223us total 19.986ms
08-06 12:58:19.327 24574 24595 I art     : Starting a blocking GC Explicit
08-06 12:58:19.347 24574 24595 I art     : Explicit concurrent mark sweep GC freed 3(96B) AllocSpace objects, 0(0B) LOS objects, 40% free, 23MB/39MB, paused 216us total 19.580ms
08-06 12:58:19.351   512  2967 D audio_hw_primary: disable_audio_route: reset and update mixer path: low-latency-playback speaker
08-06 12:58:19.352   512  2967 D audio_hw_primary: disable_snd_device: snd_device(2: speaker)
08-06 12:58:19.357 24574 24595 I art     : Starting a blocking GC Explicit
08-06 12:58:19.360   512  2967 I soundtrigger: audio_extn_sound_trigger_update_device_status: device 0x2 of type 0 for Event 0
08-06 12:58:19.377 24574 24595 I art     : Explicit concurrent mark sweep GC freed 3(96B) AllocSpace objects, 0(0B) LOS objects, 40% free, 23MB/39MB, paused 241us total 19.726ms
08-06 12:58:19.386 24574 24595 I art     : Starting a blocking GC Explicit
08-06 12:58:19.406 24574 24595 I art     : Explicit concurrent mark sweep GC freed 3(96B) AllocSpace objects, 0(0B) LOS objects, 40% free, 23MB/39MB, paused 201us total 19.493ms
08-06 12:58:19.441 25022 25022 D AndroidRuntime: >>>>>> START com.android.internal.os.RuntimeInit uid 2000 <<<<<<
08-06 12:58:19.446 25022 25022 D AndroidRuntime: CheckJNI is OFF
08-06 12:58:19.480 25022 25022 D ICU     : No timezone override file found: /data/misc/zoneinfo/current/icu/icu_tzdata.dat
08-06 12:58:19.516 25022 25022 I Radio-JNI: register_android_hardware_Radio DONE
08-06 12:58:19.539 25022 25022 D AndroidRuntime: Calling main entry com.android.commands.input.Input
08-06 12:58:19.541 25022 25022 I Input   : injectMotionEvent: MotionEvent { action=ACTION_DOWN, actionButton=0, id[0]=0, x[0]=256.0, y[0]=1589.0, toolType[0]=TOOL_TYPE_UNKNOWN, buttonState=0, metaState=0, flags=0x0, edgeFlags=0x0, pointerCount=1, historySize=0, eventTime=881915954, downTime=881915954, deviceId=0, source=0x1002 }
08-06 12:58:19.546 25022 25022 I Input   : injectMotionEvent: MotionEvent { action=ACTION_UP, actionButton=0, id[0]=0, x[0]=256.0, y[0]=1589.0, toolType[0]=TOOL_TYPE_UNKNOWN, buttonState=0, metaState=0, flags=0x0, edgeFlags=0x0, pointerCount=1, historySize=0, eventTime=881915954, downTime=881915954, deviceId=0, source=0x1002 }
08-06 12:58:19.550 25022 25022 D AndroidRuntime: Shutting down VM
08-06 12:58:19.559 24574 24574 D UserPreferences: timeOfDay: []
08-06 12:58:19.559 24574 24574 D AutoUpdateManager: Restarting update alarm.
08-06 12:58:19.560 24574 24574 D AutoUpdateManager: Automatic update was deactivated
08-06 12:58:19.563   512  2967 D audio_hw_primary: out_set_parameters: enter: usecase(1: low-latency-playback) kvpairs: routing=2
08-06 12:58:19.576   512  2967 D audio_hw_primary: select_devices: out_snd_device(2: speaker) in_snd_device(0: none)
08-06 12:58:19.576   512  2967 D msm8974_platform: platform_send_audio_calibration: sending audio calibration for snd_device(2) acdb_id(15)
08-06 12:58:19.577   512  2967 I soundtrigger: audio_extn_sound_trigger_update_device_status: device 0x2 of type 0 for Event 1
08-06 12:58:19.588   512  2967 D audio_hw_primary: enable_snd_device: snd_device(2: speaker)
08-06 12:58:19.591   512  2967 D audio_hw_primary: enable_audio_route: apply and update mixer path: low-latency-playback speaker
08-06 12:58:19.594 13866 13866 I GoogleInputMethodServic: GoogleInputMethodService.onFinishInput():3138 
08-06 12:58:19.595 13866 13866 I GoogleInputMethodServic: GoogleInputMethodService.onStartInput():1808 
08-06 12:58:19.608 29532 29532 W PathParser: Points are too far apart 4.030360828967057
08-06 12:58:19.609 29532 29532 W PathParser: Points are too far apart 4.030360538880159
08-06 12:58:19.625 29532 29532 W PathParser: Points are too far apart 4.030360828967057
08-06 12:58:19.625 29532 29532 W PathParser: Points are too far apart 4.030360538880159
08-06 12:58:19.633   512  2967 D AudioFlinger: mixer(0xf4740000) throttle end: throttle time(12)
08-06 12:58:19.641 29532 29532 W PathParser: Points are too far apart 4.030360828967057
08-06 12:58:19.641 29532 29532 W PathParser: Points are too far apart 4.030360538880159
08-06 12:58:19.656 24574 24611 I art     : Starting a blocking GC Explicit
08-06 12:58:19.658 29532 29532 W PathParser: Points are too far apart 4.030360828967057
08-06 12:58:19.658 29532 29532 W PathParser: Points are too far apart 4.030360538880159
08-06 12:58:19.675 29532 29532 W PathParser: Points are too far apart 4.030360828967057
08-06 12:58:19.675 29532 29532 W PathParser: Points are too far apart 4.030360538880159
08-06 12:58:19.676 24574 24611 I art     : Explicit concurrent mark sweep GC freed 1694(107KB) AllocSpace objects, 2(40KB) LOS objects, 40% free, 23MB/39MB, paused 236us total 19.766ms
08-06 12:58:19.684 24574 24611 I art     : Starting a blocking GC Explicit
08-06 12:58:19.692 29532 29532 W PathParser: Points are too far apart 4.030360828967057
08-06 12:58:19.692 29532 29532 W PathParser: Points are too far apart 4.030360538880159
08-06 12:58:19.705 24574 24611 I art     : Explicit concurrent mark sweep GC freed 96(3KB) AllocSpace objects, 0(0B) LOS objects, 40% free, 23MB/39MB, paused 207us total 20.819ms
08-06 12:58:19.709 29532 29532 W PathParser: Points are too far apart 4.030360828967057
08-06 12:58:19.709 29532 29532 W PathParser: Points are too far apart 4.030360538880159
08-06 12:58:19.714 24574 24611 I art     : Starting a blocking GC Explicit
08-06 12:58:19.725 29532 29532 W PathParser: Points are too far apart 4.030360828967057
08-06 12:58:19.726 29532 29532 W PathParser: Points are too far apart 4.030360538880159
08-06 12:58:19.735 24574 24611 I art     : Explicit concurrent mark sweep GC freed 71(2496B) AllocSpace objects, 0(0B) LOS objects, 40% free, 23MB/39MB, paused 198us total 20.782ms
08-06 12:58:19.743 24574 24611 I art     : Starting a blocking GC Explicit
08-06 12:58:19.764 24574 24611 I art     : Explicit concurrent mark sweep GC freed 68(2176B) AllocSpace objects, 0(0B) LOS objects, 40% free, 23MB/39MB, paused 275us total 20.337ms
08-06 12:58:19.772 24574 24611 I art     : Starting a blocking GC Explicit
08-06 12:58:19.775   380   380 W SurfaceFlinger: couldn't log to binary event log: overflow.
08-06 12:58:19.792 24574 24611 I art     : Explicit concurrent mark sweep GC freed 35(1120B) AllocSpace objects, 0(0B) LOS objects, 40% free, 23MB/39MB, paused 231us total 19.481ms
08-06 12:58:20.023 24574 24594 I art     : Starting a blocking GC Explicit
08-06 12:58:20.043 24574 24594 I art     : Explicit concurrent mark sweep GC freed 1700(90KB) AllocSpace objects, 1(20KB) LOS objects, 40% free, 23MB/39MB, paused 190us total 19.901ms
08-06 12:58:20.051 24574 24594 I art     : Starting a blocking GC Explicit
08-06 12:58:20.072 24574 24594 I art     : Explicit concurrent mark sweep GC freed 23(752B) AllocSpace objects, 0(0B) LOS objects, 40% free, 23MB/39MB, paused 196us total 19.982ms
08-06 12:58:20.080 24574 24594 I art     : Starting a blocking GC Explicit
08-06 12:58:20.100 24574 24594 I art     : Explicit concurrent mark sweep GC freed 3(96B) AllocSpace objects, 0(0B) LOS objects, 40% free, 23MB/39MB, paused 190us total 19.812ms
08-06 12:58:20.108 24574 24594 I art     : Starting a blocking GC Explicit
08-06 12:58:20.119   512  2967 D audio_hw_primary: disable_audio_route: reset and update mixer path: low-latency-playback speaker
08-06 12:58:20.120   512  2967 D audio_hw_primary: disable_snd_device: snd_device(2: speaker)
08-06 12:58:20.128   512  2967 I soundtrigger: audio_extn_sound_trigger_update_device_status: device 0x2 of type 0 for Event 0
08-06 12:58:20.128 24574 24594 I art     : Explicit concurrent mark sweep GC freed 3(96B) AllocSpace objects, 0(0B) LOS objects, 40% free, 23MB/39MB, paused 202us total 19.631ms
08-06 12:58:20.136 24574 24594 I art     : Starting a blocking GC Explicit
08-06 12:58:20.155   518   646 I ThermalEngine: ACTION: GPU - Setting GPU[0] to 450000000
08-06 12:58:20.158 24574 24594 I art     : Explicit concurrent mark sweep GC freed 3(96B) AllocSpace objects, 0(0B) LOS objects, 40% free, 23MB/39MB, paused 200us total 20.994ms
08-06 12:58:20.197 25054 25054 D AndroidRuntime: >>>>>> START com.android.internal.os.RuntimeInit uid 2000 <<<<<<
08-06 12:58:20.198 21246 21246 I ServiceManager: Waiting for service AtCmdFwd...
08-06 12:58:20.203 25054 25054 D AndroidRuntime: CheckJNI is OFF
08-06 12:58:20.247 25054 25054 D ICU     : No timezone override file found: /data/misc/zoneinfo/current/icu/icu_tzdata.dat
08-06 12:58:20.293 25054 25054 I Radio-JNI: register_android_hardware_Radio DONE
08-06 12:58:20.321 25054 25054 D AndroidRuntime: Calling main entry com.android.commands.input.Input
08-06 12:58:20.323 25054 25054 I Input   : injectKeyEvent: KeyEvent { action=ACTION_DOWN, keyCode=KEYCODE_BACK, scanCode=0, metaState=0, flags=0x0, repeatCount=0, eventTime=881916736, downTime=881916736, deviceId=-1, source=0x101 }
08-06 12:58:20.328 25054 25054 I Input   : injectKeyEvent: KeyEvent { action=ACTION_UP, keyCode=KEYCODE_BACK, scanCode=0, metaState=0, flags=0x0, repeatCount=0, eventTime=881916736, downTime=881916736, deviceId=-1, source=0x101 }
08-06 12:58:20.340 25054 25054 D AndroidRuntime: Shutting down VM
08-06 12:58:20.414 13866 13866 I GoogleInputMethodServic: GoogleInputMethodService.onFinishInput():3138 
08-06 12:58:20.415 13866 13866 I GoogleInputMethodServic: GoogleInputMethodService.onStartInput():1808 
08-06 12:58:20.437 24574 24611 I art     : Starting a blocking GC Explicit
08-06 12:58:20.467 24574 24611 I art     : Explicit concurrent mark sweep GC freed 2750(144KB) AllocSpace objects, 1(20KB) LOS objects, 39% free, 24MB/40MB, paused 279us total 29.966ms
08-06 12:58:20.479 24574 24611 I art     : Starting a blocking GC Explicit
08-06 12:58:20.505 24574 24611 I art     : Explicit concurrent mark sweep GC freed 6457(396KB) AllocSpace objects, 1(48KB) LOS objects, 40% free, 23MB/39MB, paused 311us total 26.383ms
08-06 12:58:20.516 24574 24611 I art     : Starting a blocking GC Explicit
08-06 12:58:20.541 24574 24611 I art     : Explicit concurrent mark sweep GC freed 2852(192KB) AllocSpace objects, 0(0B) LOS objects, 40% free, 23MB/39MB, paused 272us total 24.608ms
08-06 12:58:20.552 24574 24611 I art     : Starting a blocking GC Explicit
08-06 12:58:20.576 24574 24611 I art     : Explicit concurrent mark sweep GC freed 3(96B) AllocSpace objects, 0(0B) LOS objects, 40% free, 23MB/39MB, paused 259us total 23.911ms
08-06 12:58:20.587 24574 24611 I art     : Starting a blocking GC Explicit
08-06 12:58:20.611 24574 24611 I art     : Explicit concurrent mark sweep GC freed 3(96B) AllocSpace objects, 0(0B) LOS objects, 40% free, 23MB/39MB, paused 263us total 24.209ms
08-06 12:58:20.894 24574 24595 I art     : Starting a blocking GC Explicit
08-06 12:58:20.923 24574 24595 I art     : Explicit concurrent mark sweep GC freed 1392(80KB) AllocSpace objects, 1(20KB) LOS objects, 40% free, 23MB/39MB, paused 331us total 28.650ms
08-06 12:58:20.937 24574 24595 I art     : Starting a blocking GC Explicit
08-06 12:58:20.965 24574 24595 I art     : Explicit concurrent mark sweep GC freed 23(752B) AllocSpace objects, 0(0B) LOS objects, 40% free, 23MB/39MB, paused 281us total 27.794ms
08-06 12:58:20.978 24574 24595 I art     : Starting a blocking GC Explicit
08-06 12:58:21.002 24574 24595 I art     : Explicit concurrent mark sweep GC freed 3(96B) AllocSpace objects, 0(0B) LOS objects, 40% free, 23MB/39MB, paused 258us total 24.195ms
08-06 12:58:21.013 24574 24595 I art     : Starting a blocking GC Explicit
08-06 12:58:21.037 24574 24595 I art     : Explicit concurrent mark sweep GC freed 3(96B) AllocSpace objects, 0(0B) LOS objects, 40% free, 23MB/39MB, paused 260us total 23.608ms
08-06 12:58:21.047 24574 24595 I art     : Starting a blocking GC Explicit
08-06 12:58:21.072 24574 24595 I art     : Explicit concurrent mark sweep GC freed 3(96B) AllocSpace objects, 0(0B) LOS objects, 40% free, 23MB/39MB, paused 269us total 24.163ms
08-06 12:58:21.199 21246 21246 I ServiceManager: Waiting for service AtCmdFwd...
08-06 12:58:21.363 24574 24594 I art     : Starting a blocking GC Explicit
08-06 12:58:21.394 24574 24594 I art     : Explicit concurrent mark sweep GC freed 1365(80KB) AllocSpace objects, 1(20KB) LOS objects, 40% free, 23MB/39MB, paused 299us total 30.120ms
08-06 12:58:21.410 24574 24594 I art     : Starting a blocking GC Explicit
08-06 12:58:21.434 24574 24594 I art     : Explicit concurrent mark sweep GC freed 23(752B) AllocSpace objects, 0(0B) LOS objects, 40% free, 23MB/39MB, paused 272us total 23.591ms
08-06 12:58:21.444 24574 24594 I art     : Starting a blocking GC Explicit
08-06 12:58:21.469 24574 24594 I art     : Explicit concurrent mark sweep GC freed 3(96B) AllocSpace objects, 0(0B) LOS objects, 40% free, 23MB/39MB, paused 267us total 24.426ms
08-06 12:58:21.480 24574 24594 I art     : Starting a blocking GC Explicit
08-06 12:58:21.504 24574 24594 I art     : Explicit concurrent mark sweep GC freed 3(96B) AllocSpace objects, 0(0B) LOS objects, 40% free, 23MB/39MB, paused 257us total 24.167ms
08-06 12:58:21.515 24574 24594 I art     : Starting a blocking GC Explicit
08-06 12:58:21.538 24574 24594 I art     : Explicit concurrent mark sweep GC freed 3(96B) AllocSpace objects, 0(0B) LOS objects, 40% free, 23MB/39MB, paused 274us total 23.063ms
08-06 12:58:21.679   918  3261 D WifiStateMachine: starting scan for "H369AA63323"WPA_PSK with 2412,5180
08-06 12:58:21.748   918  3261 D HS20    : HSNwk: 'NetworkInfo{mSSID='TMNL-DDF9E1', mHESSID=b8d526ddf9e1, mBSSID=b8d526ddf9e1, mStationCount=0, mChannelUtilization=46, mCapacity=31250, mAnt=Private, mInternet=false, mVenueGroup=Unspecified, mVenueType=ConventionCenter, mHSRelease=null, mAnqpDomainID=0, mAnqpOICount=0, mRoamingConsortiums=null}
08-06 12:58:21.805   918  6029 I ActivityManager: Killing 24931:com.google.android.apps.gcs/u0a11 (adj 15): empty #17
08-06 12:58:21.807 24574 24611 I art     : Starting a blocking GC Explicit
08-06 12:58:21.831 24574 24611 I art     : Explicit concurrent mark sweep GC freed 1365(80KB) AllocSpace objects, 1(20KB) LOS objects, 40% free, 23MB/39MB, paused 266us total 23.186ms
08-06 12:58:21.841 24574 24611 I art     : Starting a blocking GC Explicit
08-06 12:58:21.864 24574 24611 I art     : Explicit concurrent mark sweep GC freed 23(752B) AllocSpace objects, 0(0B) LOS objects, 40% free, 23MB/39MB, paused 284us total 22.548ms
08-06 12:58:21.874 24574 24611 I art     : Starting a blocking GC Explicit
08-06 12:58:21.878   918  3262 D WifiService: Client connection lost with reason: 4
08-06 12:58:21.897 24574 24611 I art     : Explicit concurrent mark sweep GC freed 30(832B) AllocSpace objects, 0(0B) LOS objects, 40% free, 23MB/39MB, paused 306us total 22.732ms
08-06 12:58:21.907 24574 24611 I art     : Starting a blocking GC Explicit
08-06 12:58:21.931 24574 24611 I art     : Explicit concurrent mark sweep GC freed 3(96B) AllocSpace objects, 0(0B) LOS objects, 40% free, 23MB/39MB, paused 246us total 23.727ms
08-06 12:58:21.942 24574 24611 I art     : Starting a blocking GC Explicit
08-06 12:58:21.966 24574 24611 I art     : Explicit concurrent mark sweep GC freed 7(256B) AllocSpace objects, 0(0B) LOS objects, 40% free, 23MB/39MB, paused 252us total 23.697ms
08-06 12:58:22.109 25105 25105 D AndroidRuntime: >>>>>> START com.android.internal.os.RuntimeInit uid 2000 <<<<<<
08-06 12:58:22.116 25105 25105 D AndroidRuntime: CheckJNI is OFF
08-06 12:58:22.156 25105 25105 D ICU     : No timezone override file found: /data/misc/zoneinfo/current/icu/icu_tzdata.dat
08-06 12:58:22.196 25105 25105 I Radio-JNI: register_android_hardware_Radio DONE
08-06 12:58:22.200 21246 21246 I ServiceManager: Waiting for service AtCmdFwd...
08-06 12:58:22.224 25105 25105 D AndroidRuntime: Calling main entry com.android.commands.input.Input
08-06 12:58:22.225 25105 25105 I Input   : injectKeyEvent: KeyEvent { action=ACTION_DOWN, keyCode=KEYCODE_BACK, scanCode=0, metaState=0, flags=0x0, repeatCount=0, eventTime=881918638, downTime=881918638, deviceId=-1, source=0x101 }
08-06 12:58:22.235 25105 25105 I Input   : injectKeyEvent: KeyEvent { action=ACTION_UP, keyCode=KEYCODE_BACK, scanCode=0, metaState=0, flags=0x0, repeatCount=0, eventTime=881918638, downTime=881918638, deviceId=-1, source=0x101 }
08-06 12:58:22.241 25105 25105 D AndroidRuntime: Shutting down VM
08-06 12:58:22.261 24574 24611 I art     : Starting a blocking GC Explicit
08-06 12:58:22.265 24574 24574 D QueueFragment: loadItems()
08-06 12:58:22.265 24574 24613 D DBReader: getQueue() called
08-06 12:58:22.265 24574 24574 V PlaybackController: initServiceNotRunning()
08-06 12:58:22.265 24574 24613 D DBReader: getQueue()
08-06 12:58:22.265 24574 24574 D ExternalPlayerFragment: Loading media info
08-06 12:58:22.266 24574 24613 D DBReader: getFavoriteIDList() called
08-06 12:58:22.266 24574 24574 D UserPreferences: Using default data folder
08-06 12:58:22.267 24574 24613 D DBReader: getQueueIDList() called
08-06 12:58:22.267 24574 24605 D DBReader: getNavDrawerData() called with: 
08-06 12:58:22.268 24574 24613 D DBReader: Extracting Feedlist
08-06 12:58:22.271 24574 24605 D DBReader: getDownloadedItems() called
08-06 12:58:22.272 24574 24605 D DBReader: getFavoriteIDList() called
08-06 12:58:22.273 24574 24605 D DBReader: getQueueIDList() called
08-06 12:58:22.273 24574 24605 D DBReader: Extracting Feedlist
08-06 12:58:22.285 24574 24611 I art     : Explicit concurrent mark sweep GC freed 2815(165KB) AllocSpace objects, 1(20KB) LOS objects, 40% free, 23MB/39MB, paused 501us total 24.074ms
08-06 12:58:22.295 24574 24611 I art     : Starting a blocking GC Explicit
08-06 12:58:22.318 24574 24611 I art     : Explicit concurrent mark sweep GC freed 654(34KB) AllocSpace objects, 0(0B) LOS objects, 40% free, 23MB/39MB, paused 289us total 22.201ms
08-06 12:58:22.321 24574 24574 D MainActivity: getLastNavFragment() -> QueueFragment
08-06 12:58:22.328 24574 24611 I art     : Starting a blocking GC Explicit
08-06 12:58:22.350 24574 24611 I art     : Explicit concurrent mark sweep GC freed 1095(62KB) AllocSpace objects, 0(0B) LOS objects, 40% free, 23MB/39MB, paused 389us total 22.404ms
08-06 12:58:22.358 13866 13866 I GoogleInputMethodServic: GoogleInputMethodService.onFinishInput():3138 
08-06 12:58:22.358 13866 13866 I GoogleInputMethodServic: GoogleInputMethodService.onStartInput():1808 
08-06 12:58:22.361 24574 24611 I art     : Starting a blocking GC Explicit
08-06 12:58:22.385 24574 24611 I art     : Explicit concurrent mark sweep GC freed 829(47KB) AllocSpace objects, 0(0B) LOS objects, 40% free, 23MB/39MB, paused 296us total 23.601ms
08-06 12:58:22.395 24574 24611 I art     : Starting a blocking GC Explicit
08-06 12:58:22.416 24574 24611 I art     : Explicit concurrent mark sweep GC freed 37(2016B) AllocSpace objects, 0(0B) LOS objects, 40% free, 23MB/39MB, paused 253us total 20.760ms
08-06 12:58:22.628   380   380 W SurfaceFlinger: couldn't log to binary event log: overflow.
08-06 12:58:22.696 24574 24611 I art     : Starting a blocking GC Explicit
08-06 12:58:22.721 24574 24611 I art     : Explicit concurrent mark sweep GC freed 1908(105KB) AllocSpace objects, 1(20KB) LOS objects, 40% free, 23MB/39MB, paused 300us total 25.008ms
08-06 12:58:22.732 24574 24611 I art     : Starting a blocking GC Explicit
08-06 12:58:22.755 24574 24611 I art     : Explicit concurrent mark sweep GC freed 6247(390KB) AllocSpace objects, 11(308KB) LOS objects, 40% free, 22MB/38MB, paused 269us total 22.615ms
08-06 12:58:22.765 24574 24611 I art     : Starting a blocking GC Explicit
08-06 12:58:22.787 24574 24611 I art     : Explicit concurrent mark sweep GC freed 3(96B) AllocSpace objects, 0(0B) LOS objects, 40% free, 22MB/38MB, paused 312us total 21.131ms
08-06 12:58:22.797 24574 24611 I art     : Starting a blocking GC Explicit
08-06 12:58:22.819 24574 24611 I art     : Explicit concurrent mark sweep GC freed 3(96B) AllocSpace objects, 0(0B) LOS objects, 40% free, 22MB/38MB, paused 279us total 21.609ms
08-06 12:58:22.829 24574 24611 I art     : Starting a blocking GC Explicit
08-06 12:58:22.851 24574 24611 I art     : Explicit concurrent mark sweep GC freed 3(96B) AllocSpace objects, 0(0B) LOS objects, 40% free, 22MB/38MB, paused 276us total 21.587ms
08-06 12:58:23.145 24574 24594 I art     : Starting a blocking GC Explicit
08-06 12:58:23.176 24574 24594 I art     : Explicit concurrent mark sweep GC freed 1396(83KB) AllocSpace objects, 1(20KB) LOS objects, 40% free, 22MB/38MB, paused 331us total 29.813ms
08-06 12:58:23.190 24574 24594 I art     : Starting a blocking GC Explicit
08-06 12:58:23.200 21246 21246 I ServiceManager: Waiting for service AtCmdFwd...
08-06 12:58:23.213 24574 24594 I art     : Explicit concurrent mark sweep GC freed 23(752B) AllocSpace objects, 0(0B) LOS objects, 40% free, 22MB/38MB, paused 277us total 23.169ms
08-06 12:58:23.223 24574 24594 I art     : Starting a blocking GC Explicit
08-06 12:58:23.245 24574 24594 I art     : Explicit concurrent mark sweep GC freed 3(96B) AllocSpace objects, 0(0B) LOS objects, 40% free, 22MB/38MB, paused 281us total 20.983ms
08-06 12:58:23.255 24574 24594 I art     : Starting a blocking GC Explicit
08-06 12:58:23.276 24574 24594 I art     : Explicit concurrent mark sweep GC freed 3(96B) AllocSpace objects, 0(0B) LOS objects, 40% free, 22MB/38MB, paused 287us total 21ms
08-06 12:58:23.286 24574 24594 I art     : Starting a blocking GC Explicit
08-06 12:58:23.308 24574 24594 I art     : Explicit concurrent mark sweep GC freed 3(96B) AllocSpace objects, 0(0B) LOS objects, 40% free, 22MB/38MB, paused 289us total 20.958ms
08-06 12:58:23.580 24574 24595 I art     : Starting a blocking GC Explicit
08-06 12:58:23.605 24574 24595 I art     : Explicit concurrent mark sweep GC freed 1364(80KB) AllocSpace objects, 1(20KB) LOS objects, 40% free, 22MB/38MB, paused 305us total 24.404ms
08-06 12:58:23.617 24574 24595 I art     : Starting a blocking GC Explicit
08-06 12:58:23.640 24574 24595 I art     : Explicit concurrent mark sweep GC freed 23(752B) AllocSpace objects, 0(0B) LOS objects, 40% free, 22MB/38MB, paused 268us total 21.867ms
08-06 12:58:23.650 24574 24595 I art     : Starting a blocking GC Explicit
08-06 12:58:23.671 24574 24595 I art     : Explicit concurrent mark sweep GC freed 3(96B) AllocSpace objects, 0(0B) LOS objects, 40% free, 22MB/38MB, paused 274us total 20.628ms
08-06 12:58:23.681 24574 24595 I art     : Starting a blocking GC Explicit
08-06 12:58:23.702 24574 24595 I art     : Explicit concurrent mark sweep GC freed 3(96B) AllocSpace objects, 0(0B) LOS objects, 40% free, 22MB/38MB, paused 265us total 20.673ms
08-06 12:58:23.712 24574 24595 I art     : Starting a blocking GC Explicit
08-06 12:58:23.733 24574 24595 I art     : Explicit concurrent mark sweep GC freed 3(96B) AllocSpace objects, 0(0B) LOS objects, 40% free, 22MB/38MB, paused 287us total 20.941ms
08-06 12:58:24.013 24574 24611 I art     : Starting a blocking GC Explicit
08-06 12:58:24.028 25162 25162 D AndroidRuntime: >>>>>> START com.android.internal.os.RuntimeInit uid 2000 <<<<<<
08-06 12:58:24.034 25162 25162 D AndroidRuntime: CheckJNI is OFF
08-06 12:58:24.038 24574 24611 I art     : Explicit concurrent mark sweep GC freed 1393(81KB) AllocSpace objects, 1(20KB) LOS objects, 40% free, 22MB/38MB, paused 411us total 24.119ms
08-06 12:58:24.048 24574 24611 I art     : Starting a blocking GC Explicit
08-06 12:58:24.068 24574 24611 I art     : Explicit concurrent mark sweep GC freed 23(752B) AllocSpace objects, 0(0B) LOS objects, 40% free, 22MB/38MB, paused 276us total 19.626ms
08-06 12:58:24.077 24574 24611 I art     : Starting a blocking GC Explicit
08-06 12:58:24.080 25162 25162 D ICU     : No timezone override file found: /data/misc/zoneinfo/current/icu/icu_tzdata.dat
08-06 12:58:24.098 24574 24611 I art     : Explicit concurrent mark sweep GC freed 3(96B) AllocSpace objects, 0(0B) LOS objects, 40% free, 22MB/38MB, paused 450us total 20.394ms
08-06 12:58:24.108 24574 24611 I art     : Starting a blocking GC Explicit
08-06 12:58:24.123 25162 25162 I Radio-JNI: register_android_hardware_Radio DONE
08-06 12:58:24.129 24574 24611 I art     : Explicit concurrent mark sweep GC freed 3(96B) AllocSpace objects, 0(0B) LOS objects, 40% free, 22MB/38MB, paused 281us total 21.016ms
08-06 12:58:24.140 24574 24611 I art     : Starting a blocking GC Explicit
08-06 12:58:24.153 25162 25162 D AndroidRuntime: Calling main entry com.android.commands.input.Input
08-06 12:58:24.155 25162 25162 I Input   : injectMotionEvent: MotionEvent { action=ACTION_DOWN, actionButton=0, id[0]=0, x[0]=103.0, y[0]=192.0, toolType[0]=TOOL_TYPE_UNKNOWN, buttonState=0, metaState=0, flags=0x0, edgeFlags=0x0, pointerCount=1, historySize=0, eventTime=881920567, downTime=881920567, deviceId=0, source=0x1002 }
08-06 12:58:24.160 24574 24611 I art     : Explicit concurrent mark sweep GC freed 3(96B) AllocSpace objects, 0(0B) LOS objects, 40% free, 22MB/38MB, paused 336us total 20.309ms
08-06 12:58:24.162 25162 25162 I Input   : injectMotionEvent: MotionEvent { action=ACTION_UP, actionButton=0, id[0]=0, x[0]=103.0, y[0]=192.0, toolType[0]=TOOL_TYPE_UNKNOWN, buttonState=0, metaState=0, flags=0x0, edgeFlags=0x0, pointerCount=1, historySize=0, eventTime=881920567, downTime=881920567, deviceId=0, source=0x1002 }
08-06 12:58:24.164 25162 25162 D AndroidRuntime: Shutting down VM
08-06 12:58:24.182   512  2967 D audio_hw_primary: out_set_parameters: enter: usecase(1: low-latency-playback) kvpairs: routing=2
08-06 12:58:24.196   512  2967 D audio_hw_primary: select_devices: out_snd_device(2: speaker) in_snd_device(0: none)
08-06 12:58:24.196   512  2967 D msm8974_platform: platform_send_audio_calibration: sending audio calibration for snd_device(2) acdb_id(15)
08-06 12:58:24.196   512  2967 I soundtrigger: audio_extn_sound_trigger_update_device_status: device 0x2 of type 0 for Event 1
08-06 12:58:24.201 21246 21246 W Atfwd_Sendcmd: AtCmdFwd service not published, waiting... retryCnt : 1
08-06 12:58:24.209   512  2967 D audio_hw_primary: enable_snd_device: snd_device(2: speaker)
08-06 12:58:24.211   512  2967 D audio_hw_primary: enable_audio_route: apply and update mixer path: low-latency-playback speaker
08-06 12:58:24.220 13866 13866 I GoogleInputMethodServic: GoogleInputMethodService.onFinishInput():3138 
08-06 12:58:24.221 13866 13866 I GoogleInputMethodServic: GoogleInputMethodService.onStartInput():1808 
08-06 12:58:24.438 24574 24594 I art     : Starting a blocking GC Explicit
08-06 12:58:24.460 24574 24594 I art     : Explicit concurrent mark sweep GC freed 1856(104KB) AllocSpace objects, 1(20KB) LOS objects, 40% free, 22MB/38MB, paused 286us total 21.813ms
08-06 12:58:24.471 24574 24594 I art     : Starting a blocking GC Explicit
08-06 12:58:24.492 24574 24594 I art     : Explicit concurrent mark sweep GC freed 86(5KB) AllocSpace objects, 0(0B) LOS objects, 40% free, 22MB/38MB, paused 285us total 21.299ms
08-06 12:58:24.503 24574 24594 I art     : Starting a blocking GC Explicit
08-06 12:58:24.525 24574 24594 I art     : Explicit concurrent mark sweep GC freed 3(96B) AllocSpace objects, 0(0B) LOS objects, 40% free, 22MB/38MB, paused 279us total 21.478ms
08-06 12:58:24.535 24574 24594 I art     : Starting a blocking GC Explicit
08-06 12:58:24.557 24574 24594 I art     : Explicit concurrent mark sweep GC freed 9(288B) AllocSpace objects, 0(0B) LOS objects, 40% free, 22MB/38MB, paused 386us total 21.674ms
08-06 12:58:24.567 24574 24594 I art     : Starting a blocking GC Explicit
08-06 12:58:24.589 24574 24594 I art     : Explicit concurrent mark sweep GC freed 5(192B) AllocSpace objects, 0(0B) LOS objects, 40% free, 22MB/38MB, paused 284us total 22.138ms
08-06 12:58:24.758   512  2967 D audio_hw_primary: disable_audio_route: reset and update mixer path: low-latency-playback speaker
08-06 12:58:24.760   512  2967 D audio_hw_primary: disable_snd_device: snd_device(2: speaker)
08-06 12:58:24.770   512  2967 I soundtrigger: audio_extn_sound_trigger_update_device_status: device 0x2 of type 0 for Event 0
08-06 12:58:24.883 24574 24595 I art     : Starting a blocking GC Explicit
08-06 12:58:24.905 24574 24595 I art     : Explicit concurrent mark sweep GC freed 1396(81KB) AllocSpace objects, 1(20KB) LOS objects, 40% free, 22MB/38MB, paused 284us total 22.043ms
08-06 12:58:24.916 24574 24595 I art     : Starting a blocking GC Explicit
08-06 12:58:24.937 24574 24595 I art     : Explicit concurrent mark sweep GC freed 25(816B) AllocSpace objects, 0(0B) LOS objects, 40% free, 22MB/38MB, paused 309us total 21.568ms
08-06 12:58:24.948 24574 24595 I art     : Starting a blocking GC Explicit
08-06 12:58:24.969 24574 24595 I art     : Explicit concurrent mark sweep GC freed 3(96B) AllocSpace objects, 0(0B) LOS objects, 40% free, 22MB/38MB, paused 267us total 21.080ms
08-06 12:58:24.980 24574 24595 I art     : Starting a blocking GC Explicit
08-06 12:58:25.001 24574 24595 I art     : Explicit concurrent mark sweep GC freed 3(96B) AllocSpace objects, 0(0B) LOS objects, 40% free, 22MB/38MB, paused 278us total 21.475ms
08-06 12:58:25.012 24574 24595 I art     : Starting a blocking GC Explicit
08-06 12:58:25.033 24574 24595 I art     : Explicit concurrent mark sweep GC freed 3(96B) AllocSpace objects, 0(0B) LOS objects, 40% free, 22MB/38MB, paused 271us total 21.460ms
08-06 12:58:25.162   518   646 I ThermalEngine: ACTION: GPU - Setting GPU[0] to 510000000
08-06 12:58:25.316 24574 24594 I art     : Starting a blocking GC Explicit
08-06 12:58:25.342 24574 24594 I art     : Explicit concurrent mark sweep GC freed 1363(82KB) AllocSpace objects, 1(20KB) LOS objects, 40% free, 22MB/38MB, paused 262us total 25.179ms
08-06 12:58:25.354 24574 24594 I art     : Starting a blocking GC Explicit
08-06 12:58:25.372 24574 24594 I art     : Explicit concurrent mark sweep GC freed 23(752B) AllocSpace objects, 0(0B) LOS objects, 40% free, 22MB/38MB, paused 212us total 17.211ms
08-06 12:58:25.380 24574 24594 I art     : Starting a blocking GC Explicit
08-06 12:58:25.396 24574 24594 I art     : Explicit concurrent mark sweep GC freed 3(96B) AllocSpace objects, 0(0B) LOS objects, 40% free, 22MB/38MB, paused 245us total 16.062ms
08-06 12:58:25.404 24574 24594 I art     : Starting a blocking GC Explicit
08-06 12:58:25.421 24574 24594 I art     : Explicit concurrent mark sweep GC freed 3(96B) AllocSpace objects, 0(0B) LOS objects, 40% free, 22MB/38MB, paused 205us total 16.347ms
08-06 12:58:25.429 24574 24594 I art     : Starting a blocking GC Explicit
08-06 12:58:25.445 24574 24594 I art     : Explicit concurrent mark sweep GC freed 3(96B) AllocSpace objects, 0(0B) LOS objects, 40% free, 22MB/38MB, paused 235us total 15.925ms
08-06 12:58:25.708 24574 24611 I art     : Starting a blocking GC Explicit
08-06 12:58:25.727 24574 24611 I art     : Explicit concurrent mark sweep GC freed 1362(80KB) AllocSpace objects, 1(20KB) LOS objects, 40% free, 22MB/38MB, paused 395us total 19.099ms
08-06 12:58:25.739 24574 24611 I art     : Starting a blocking GC Explicit
08-06 12:58:25.755 24574 24611 I art     : Explicit concurrent mark sweep GC freed 23(752B) AllocSpace objects, 0(0B) LOS objects, 40% free, 22MB/38MB, paused 212us total 15.820ms
08-06 12:58:25.763 24574 24611 I art     : Starting a blocking GC Explicit
08-06 12:58:25.779 24574 24611 I art     : Explicit concurrent mark sweep GC freed 3(96B) AllocSpace objects, 0(0B) LOS objects, 40% free, 22MB/38MB, paused 212us total 16.086ms
08-06 12:58:25.787 24574 24611 I art     : Starting a blocking GC Explicit
08-06 12:58:25.803 24574 24611 I art     : Explicit concurrent mark sweep GC freed 3(96B) AllocSpace objects, 0(0B) LOS objects, 40% free, 22MB/38MB, paused 205us total 16.049ms
08-06 12:58:25.811 24574 24611 I art     : Starting a blocking GC Explicit
08-06 12:58:25.821 25224 25224 D AndroidRuntime: >>>>>> START com.android.internal.os.RuntimeInit uid 2000 <<<<<<
08-06 12:58:25.826 25224 25224 D AndroidRuntime: CheckJNI is OFF
08-06 12:58:25.827 24574 24611 I art     : Explicit concurrent mark sweep GC freed 4(128B) AllocSpace objects, 0(0B) LOS objects, 40% free, 22MB/38MB, paused 253us total 16.325ms
08-06 12:58:25.859 25224 25224 D ICU     : No timezone override file found: /data/misc/zoneinfo/current/icu/icu_tzdata.dat
08-06 12:58:25.890 25224 25224 I Radio-JNI: register_android_hardware_Radio DONE
08-06 12:58:25.912 25224 25224 D AndroidRuntime: Calling main entry com.android.commands.input.Input
08-06 12:58:25.914 25224 25224 I Input   : injectMotionEvent: MotionEvent { action=ACTION_DOWN, actionButton=0, id[0]=0, x[0]=409.0, y[0]=1034.0, toolType[0]=TOOL_TYPE_UNKNOWN, buttonState=0, metaState=0, flags=0x0, edgeFlags=0x0, pointerCount=1, historySize=0, eventTime=881922326, downTime=881922326, deviceId=0, source=0x1002 }
08-06 12:58:25.919 25224 25224 I Input   : injectMotionEvent: MotionEvent { action=ACTION_UP, actionButton=0, id[0]=0, x[0]=409.0, y[0]=1034.0, toolType[0]=TOOL_TYPE_UNKNOWN, buttonState=0, metaState=0, flags=0x0, edgeFlags=0x0, pointerCount=1, historySize=0, eventTime=881922326, downTime=881922326, deviceId=0, source=0x1002 }
08-06 12:58:25.923 25224 25224 D AndroidRuntime: Shutting down VM
08-06 12:58:25.999 24574 24574 D MainActivity: loadFragment(index: 5, args: null)
08-06 12:58:25.999 24574 24574 D MainActivity: loadFragment(tag: AddFeedFragment, args: null)
08-06 12:58:26.000 24574 24574 D MainActivity: saveLastNavFragment(tag: AddFeedFragment)
08-06 12:58:26.000 24574 24574 D MainActivity: getLastNavFragment() -> AddFeedFragment
08-06 12:58:26.001   512  2967 D audio_hw_primary: out_set_parameters: enter: usecase(1: low-latency-playback) kvpairs: routing=2
08-06 12:58:26.014   512  2967 D audio_hw_primary: select_devices: out_snd_device(2: speaker) in_snd_device(0: none)
08-06 12:58:26.014   512  2967 D msm8974_platform: platform_send_audio_calibration: sending audio calibration for snd_device(2) acdb_id(15)
08-06 12:58:26.014   512  2967 I soundtrigger: audio_extn_sound_trigger_update_device_status: device 0x2 of type 0 for Event 1
08-06 12:58:26.023   512  2967 D audio_hw_primary: enable_snd_device: snd_device(2: speaker)
08-06 12:58:26.025   512  2967 D audio_hw_primary: enable_audio_route: apply and update mixer path: low-latency-playback speaker
08-06 12:58:26.059 24574 24611 I art     : Starting a blocking GC Explicit
08-06 12:58:26.076 24574 24611 I art     : Explicit concurrent mark sweep GC freed 3494(208KB) AllocSpace objects, 2(40KB) LOS objects, 40% free, 23MB/38MB, paused 231us total 16.661ms
08-06 12:58:26.084 24574 24611 I art     : Starting a blocking GC Explicit
08-06 12:58:26.101 24574 24611 I art     : Explicit concurrent mark sweep GC freed 1361(82KB) AllocSpace objects, 2(56KB) LOS objects, 40% free, 22MB/38MB, paused 282us total 16.463ms
08-06 12:58:26.109 24574 24611 I art     : Starting a blocking GC Explicit
08-06 12:58:26.124 24574 24611 I art     : Explicit concurrent mark sweep GC freed 5(160B) AllocSpace objects, 0(0B) LOS objects, 40% free, 22MB/38MB, paused 211us total 14.881ms
08-06 12:58:26.131 24574 24611 I art     : Starting a blocking GC Explicit
08-06 12:58:26.146 12162 12162 I Finsky  : [1] xow.onStartJob(3): SCH: onJobSchedulerWakeup with jobId 9004
08-06 12:58:26.147 24574 24611 I art     : Explicit concurrent mark sweep GC freed 48(2016B) AllocSpace objects, 0(0B) LOS objects, 40% free, 22MB/38MB, paused 213us total 15.316ms
08-06 12:58:26.152 12162 12162 I Finsky  : [1] xjw.a(9): Scheduling fallback in 43199994 (absolute: 1908510021)
08-06 12:58:26.154 12162 12162 I Finsky  : [1] xjw.a(9): Scheduling fallback in 64799998 (absolute: 1930110027)
08-06 12:58:26.155 24574 24611 I art     : Starting a blocking GC Explicit
08-06 12:58:26.157 12162 12162 I Finsky  : [1] xow.onStartJob(3): SCH: onJobSchedulerWakeup with jobId 9016
08-06 12:58:26.162 12162 12162 I Finsky  : [1] xjw.a(9): Scheduling fallback in 43199998 (absolute: 1908510035)
08-06 12:58:26.168 12162 12162 I Finsky  : [1] xjw.a(9): Scheduling fallback in 64799994 (absolute: 1930110037)
08-06 12:58:26.170 24574 24611 I art     : Explicit concurrent mark sweep GC freed 5(160B) AllocSpace objects, 0(0B) LOS objects, 40% free, 22MB/38MB, paused 190us total 15.164ms
08-06 12:58:26.172 12162 12162 W Finsky  : [1] xow.onStartJob(9): SCH: onJobSchedulerWakeup while already running
08-06 12:58:26.232 12162 12162 I Finsky  : [1] xkf.handleMessage(8): SCH: DeviceState: DeviceState{currentTime=1596711506228, isCharging=false, isIdle=false, netAny=true, netNotRoaming=true, netUnmetered=true, batteryPercent=100.0}
08-06 12:58:26.237 12162 24546 I Finsky  : [6497] xmu.a(8): SCH: Jobs in database: 1-1337 3-225 3-226 12-1 24-77777777 26-1414141414 
08-06 12:58:26.240 12162 12162 I Finsky  : [1] xkg.a(16): SCH: Running job: 12-1
08-06 12:58:26.240 12162 12162 I Finsky  : [1] ContentSyncJob.a(16): [ContentSync] job started
08-06 12:58:26.241 12162 12162 I Finsky  : [1] xkf.handleMessage(61): SCH: RunningQueue size: 1, PendingQueue size: 0
08-06 12:58:26.241 12162 12162 I Finsky  : [1] xkf.handleMessage(64): SCH: Running queue: 12-1 
08-06 12:58:26.349 12162 24566 I Finsky  : [6504] dzn.a(22): Completed 0 account content syncs with 0 successful.
08-06 12:58:26.350 12162 12162 I Finsky  : [1] ContentSyncJob.a(1): [ContentSync] Installation state replication succeeded.
08-06 12:58:26.350 12162 12162 I Finsky  : [1] xlr.a(13): SCH: jobFinished: 12-1. TimeElapsed: 110ms.
08-06 12:58:26.351 12162 12162 I Finsky  : [1] xkg.a(36): SCH: Job 12-1 finished. Not rescheduling.
08-06 12:58:26.353 12162 12162 I Finsky  : [1] xkf.handleMessage(61): SCH: RunningQueue size: 0, PendingQueue size: 0
08-06 12:58:26.354 12162 12162 I Finsky  : [1] xkf.handleMessage(25): Executor finished
08-06 12:58:26.370 12162 12162 I Finsky  : [1] xmu.a(8): SCH: Jobs in database: 1-1337 3-225 3-226 24-77777777 26-1414141414 
08-06 12:58:26.372 12162 12162 I Finsky  : [1] xio.a(57): SCH: ConstraintMapping: 24-77777777,  -> L: 0ms, D: 29504555ms, C: false, I: true, N: 0
08-06 12:58:26.372 12162 12162 I Finsky  : [1] xio.a(57): SCH: ConstraintMapping: 1-1337,  -> L: 14652399ms, D: 32846541ms, C: false, I: false, N: 1
08-06 12:58:26.373 12162 12162 I Finsky  : [1] xio.a(57): SCH: ConstraintMapping: 3-225,  -> L: 0ms, D: 72630483ms, C: false, I: true, N: 2
08-06 12:58:26.373 12162 12162 I Finsky  : [1] xio.a(57): SCH: ConstraintMapping: 3-226,  -> L: 0ms, D: 72630527ms, C: true, I: true, N: 2
08-06 12:58:26.374 12162 12162 I Finsky  : [1] xio.a(57): SCH: ConstraintMapping: 26-1414141414,  -> L: 37627928ms, D: 38527928ms, C: false, I: false, N: 0
08-06 12:58:26.387 12162 12162 I Finsky  : [1] xle.a(34): Cancelling existing jobscheduler jobs: 9005 9018 9017 9009 9008 9001 9006 9019 
08-06 12:58:26.388 12162 12162 I Finsky  : [1] xle.a(10): Throttling wakeup for job 9000 (expected to run in 0 ms) due to recent wakeup
08-06 12:58:26.388 12162 12162 I Finsky  : [1] xle.a(27): Scheduling job Id: 9000, L: 30000, D: 29504555, C: false, I: true, N: 0
08-06 12:58:26.390 12162 12162 I Finsky  : [1] xle.a(27): Scheduling job Id: 9002, L: 14652399, D: 32846541, C: false, I: false, N: 1
08-06 12:58:26.391 12162 12162 I Finsky  : [1] xle.a(10): Throttling wakeup for job 9003 (expected to run in 0 ms) due to recent wakeup
08-06 12:58:26.391 12162 12162 I Finsky  : [1] xle.a(27): Scheduling job Id: 9003, L: 30000, D: 72630483, C: false, I: true, N: 2
08-06 12:58:26.393 12162 12162 I Finsky  : [1] xle.a(10): Throttling wakeup for job 9007 (expected to run in 0 ms) due to recent wakeup
08-06 12:58:26.394 12162 12162 I Finsky  : [1] xle.a(27): Scheduling job Id: 9007, L: 30000, D: 72630527, C: true, I: true, N: 2
08-06 12:58:26.395 12162 12162 I Finsky  : [1] xle.a(27): Scheduling job Id: 9010, L: 37627928, D: 38527928, C: false, I: false, N: 0
08-06 12:58:26.396 12162 12162 I Finsky  : [1] xle.a(10): Throttling wakeup for job 9011 (expected to run in 0 ms) due to recent wakeup
08-06 12:58:26.397 12162 12162 I Finsky  : [1] xle.a(27): Scheduling job Id: 9011, L: 30000, D: 29504555, C: false, I: true, N: 0
08-06 12:58:26.398 12162 12162 I Finsky  : [1] xle.a(27): Scheduling job Id: 9012, L: 14652399, D: 32846541, C: false, I: false, N: 1
08-06 12:58:26.399 12162 12162 I Finsky  : [1] xle.a(10): Throttling wakeup for job 9013 (expected to run in 0 ms) due to recent wakeup
08-06 12:58:26.400 12162 12162 I Finsky  : [1] xle.a(27): Scheduling job Id: 9013, L: 30000, D: 72630483, C: false, I: true, N: 2
08-06 12:58:26.401 12162 12162 I Finsky  : [1] xle.a(10): Throttling wakeup for job 9014 (expected to run in 0 ms) due to recent wakeup
08-06 12:58:26.401 12162 12162 I Finsky  : [1] xle.a(27): Scheduling job Id: 9014, L: 30000, D: 72630527, C: true, I: true, N: 2
08-06 12:58:26.403 12162 12162 I Finsky  : [1] xle.a(27): Scheduling job Id: 9015, L: 37627928, D: 38527928, C: false, I: false, N: 0
08-06 12:58:26.415 24574 24611 I art     : Starting a blocking GC Explicit
08-06 12:58:26.439 24574 24611 I art     : Explicit concurrent mark sweep GC freed 1476(84KB) AllocSpace objects, 1(20KB) LOS objects, 40% free, 22MB/38MB, paused 231us total 23.226ms
08-06 12:58:26.447 24574 24611 I art     : Starting a blocking GC Explicit
08-06 12:58:26.451 13866 13866 I GoogleInputMethodServic: GoogleInputMethodService.onFinishInput():3138 
08-06 12:58:26.454 13866 13866 I GoogleInputMethodServic: GoogleInputMethodService.onStartInput():1808 
08-06 12:58:26.464 24574 24611 I art     : Explicit concurrent mark sweep GC freed 118(6KB) AllocSpace objects, 0(0B) LOS objects, 40% free, 22MB/38MB, paused 227us total 16.665ms
08-06 12:58:26.472 24574 24611 I art     : Starting a blocking GC Explicit
08-06 12:58:26.487 24574 24611 I art     : Explicit concurrent mark sweep GC freed 24(928B) AllocSpace objects, 0(0B) LOS objects, 40% free, 22MB/38MB, paused 183us total 15.428ms
08-06 12:58:26.495 24574 24611 I art     : Starting a blocking GC Explicit
08-06 12:58:26.510 24574 24611 I art     : Explicit concurrent mark sweep GC freed 3(96B) AllocSpace objects, 0(0B) LOS objects, 40% free, 22MB/38MB, paused 191us total 14.606ms
08-06 12:58:26.518 24574 24611 I art     : Starting a blocking GC Explicit
08-06 12:58:26.534 24574 24611 I art     : Explicit concurrent mark sweep GC freed 3(96B) AllocSpace objects, 0(0B) LOS objects, 40% free, 22MB/38MB, paused 202us total 16.121ms
08-06 12:58:26.579   512  2967 D audio_hw_primary: disable_audio_route: reset and update mixer path: low-latency-playback speaker
08-06 12:58:26.580   512  2967 D audio_hw_primary: disable_snd_device: snd_device(2: speaker)
08-06 12:58:26.588   512  2967 I soundtrigger: audio_extn_sound_trigger_update_device_status: device 0x2 of type 0 for Event 0
08-06 12:58:26.829 24574 24595 I art     : Starting a blocking GC Explicit
08-06 12:58:26.847 24574 24595 I art     : Explicit concurrent mark sweep GC freed 1363(80KB) AllocSpace objects, 1(20KB) LOS objects, 40% free, 22MB/38MB, paused 209us total 17.578ms
08-06 12:58:26.855 24574 24595 I art     : Starting a blocking GC Explicit
08-06 12:58:26.870 24574 24595 I art     : Explicit concurrent mark sweep GC freed 27(880B) AllocSpace objects, 0(0B) LOS objects, 40% free, 22MB/38MB, paused 183us total 15.209ms
08-06 12:58:26.878 24574 24595 I art     : Starting a blocking GC Explicit
08-06 12:58:26.892 24574 24595 I art     : Explicit concurrent mark sweep GC freed 32(880B) AllocSpace objects, 0(0B) LOS objects, 40% free, 22MB/38MB, paused 180us total 14.020ms
08-06 12:58:26.899 24574 24595 I art     : Starting a blocking GC Explicit
08-06 12:58:26.914 24574 24595 I art     : Explicit concurrent mark sweep GC freed 3(96B) AllocSpace objects, 0(0B) LOS objects, 40% free, 22MB/38MB, paused 182us total 14.573ms
08-06 12:58:26.921 24574 24595 I art     : Starting a blocking GC Explicit
08-06 12:58:26.935 24574 24595 I art     : Explicit concurrent mark sweep GC freed 3(96B) AllocSpace objects, 0(0B) LOS objects, 40% free, 22MB/38MB, paused 185us total 14.269ms
08-06 12:58:27.168   518   646 I ThermalEngine: ACTION: GPU - Setting GPU[0] to 450000000
08-06 12:58:27.221 24574 24594 I art     : Starting a blocking GC Explicit
08-06 12:58:27.243 24574 24594 I art     : Explicit concurrent mark sweep GC freed 1362(80KB) AllocSpace objects, 1(20KB) LOS objects, 40% free, 22MB/38MB, paused 317us total 21.900ms
08-06 12:58:27.254 24574 24594 I art     : Starting a blocking GC Explicit
08-06 12:58:27.275 24574 24594 I art     : Explicit concurrent mark sweep GC freed 23(752B) AllocSpace objects, 0(0B) LOS objects, 40% free, 22MB/38MB, paused 283us total 20.961ms
08-06 12:58:27.285 24574 24594 I art     : Starting a blocking GC Explicit
08-06 12:58:27.306 24574 24594 I art     : Explicit concurrent mark sweep GC freed 3(96B) AllocSpace objects, 0(0B) LOS objects, 40% free, 22MB/38MB, paused 274us total 20.947ms
08-06 12:58:27.316 24574 24594 I art     : Starting a blocking GC Explicit
08-06 12:58:27.337 24574 24594 I art     : Explicit concurrent mark sweep GC freed 3(96B) AllocSpace objects, 0(0B) LOS objects, 40% free, 22MB/38MB, paused 294us total 20.812ms
08-06 12:58:27.348 24574 24594 I art     : Starting a blocking GC Explicit
08-06 12:58:27.369 24574 24594 I art     : Explicit concurrent mark sweep GC freed 3(96B) AllocSpace objects, 0(0B) LOS objects, 40% free, 22MB/38MB, paused 277us total 20.803ms
08-06 12:58:27.642 24574 24611 I art     : Starting a blocking GC Explicit
08-06 12:58:27.666 24574 24611 I art     : Explicit concurrent mark sweep GC freed 1364(80KB) AllocSpace objects, 1(20KB) LOS objects, 40% free, 22MB/38MB, paused 384us total 23.239ms
08-06 12:58:27.677 24574 24611 I art     : Starting a blocking GC Explicit
08-06 12:58:27.697 24574 24611 I art     : Explicit concurrent mark sweep GC freed 27(880B) AllocSpace objects, 0(0B) LOS objects, 40% free, 22MB/38MB, paused 279us total 19.420ms
08-06 12:58:27.700 25288 25288 D AndroidRuntime: >>>>>> START com.android.internal.os.RuntimeInit uid 2000 <<<<<<
08-06 12:58:27.706 25288 25288 D AndroidRuntime: CheckJNI is OFF
08-06 12:58:27.706 24574 24611 I art     : Starting a blocking GC Explicit
08-06 12:58:27.727 24574 24611 I art     : Explicit concurrent mark sweep GC freed 6(192B) AllocSpace objects, 0(0B) LOS objects, 40% free, 22MB/38MB, paused 281us total 20.881ms
08-06 12:58:27.728 24574 24592 I art     : WaitForGcToComplete blocked for 6.239ms for cause HeapTrim
08-06 12:58:27.737 24574 24611 I art     : Starting a blocking GC Explicit
08-06 12:58:27.752 25288 25288 D ICU     : No timezone override file found: /data/misc/zoneinfo/current/icu/icu_tzdata.dat
08-06 12:58:27.759 24574 24611 I art     : Explicit concurrent mark sweep GC freed 7(224B) AllocSpace objects, 0(0B) LOS objects, 40% free, 22MB/38MB, paused 280us total 21.135ms
08-06 12:58:27.769 24574 24611 I art     : Starting a blocking GC Explicit
08-06 12:58:27.789 24574 24611 I art     : Explicit concurrent mark sweep GC freed 8(256B) AllocSpace objects, 0(0B) LOS objects, 40% free, 22MB/38MB, paused 281us total 20.299ms
08-06 12:58:27.796 25288 25288 I Radio-JNI: register_android_hardware_Radio DONE
08-06 12:58:27.824 25288 25288 D AndroidRuntime: Calling main entry com.android.commands.input.Input
08-06 12:58:27.827 25288 25288 I Input   : injectMotionEvent: MotionEvent { action=ACTION_DOWN, actionButton=0, id[0]=0, x[0]=567.0, y[0]=714.0, toolType[0]=TOOL_TYPE_UNKNOWN, buttonState=0, metaState=0, flags=0x0, edgeFlags=0x0, pointerCount=1, historySize=0, eventTime=881924239, downTime=881924239, deviceId=0, source=0x1002 }
08-06 12:58:27.832 25288 25288 I Input   : injectMotionEvent: MotionEvent { action=ACTION_UP, actionButton=0, id[0]=0, x[0]=567.0, y[0]=714.0, toolType[0]=TOOL_TYPE_UNKNOWN, buttonState=0, metaState=0, flags=0x0, edgeFlags=0x0, pointerCount=1, historySize=0, eventTime=881924239, downTime=881924239, deviceId=0, source=0x1002 }
08-06 12:58:27.835 25288 25288 D AndroidRuntime: Shutting down VM
08-06 12:58:27.840   512  2967 D audio_hw_primary: out_set_parameters: enter: usecase(1: low-latency-playback) kvpairs: routing=2
08-06 12:58:27.853   512  2967 D audio_hw_primary: select_devices: out_snd_device(2: speaker) in_snd_device(0: none)
08-06 12:58:27.853   512  2967 D msm8974_platform: platform_send_audio_calibration: sending audio calibration for snd_device(2) acdb_id(15)
08-06 12:58:27.853   512  2967 I soundtrigger: audio_extn_sound_trigger_update_device_status: device 0x2 of type 0 for Event 1
08-06 12:58:27.863 24574 25139 D AntennapodHttpClient: Creating new instance of HTTP client
08-06 12:58:27.864   512  2967 D audio_hw_primary: enable_snd_device: snd_device(2: speaker)
08-06 12:58:27.866   512  2967 D audio_hw_primary: enable_audio_route: apply and update mixer path: low-latency-playback speaker
08-06 12:58:27.874 13866 13866 I GoogleInputMethodServic: GoogleInputMethodService.onFinishInput():3138 
08-06 12:58:27.874 13866 13866 I GoogleInputMethodServic: GoogleInputMethodService.onStartInput():1808 
08-06 12:58:28.062 24574 24611 I art     : Starting a blocking GC Explicit
08-06 12:58:28.092 24574 24611 I art     : Explicit concurrent mark sweep GC freed 7800(507KB) AllocSpace objects, 4(220KB) LOS objects, 40% free, 23MB/39MB, paused 738us total 29.724ms
08-06 12:58:28.106 24574 24611 I art     : Starting a blocking GC Explicit
08-06 12:58:28.129 24574 24611 I art     : Explicit concurrent mark sweep GC freed 6499(356KB) AllocSpace objects, 1(220KB) LOS objects, 40% free, 23MB/39MB, paused 440us total 23.163ms
08-06 12:58:28.139 24574 24611 I art     : Starting a blocking GC Explicit
08-06 12:58:28.161 24574 24611 I art     : Explicit concurrent mark sweep GC freed 19(704B) AllocSpace objects, 0(0B) LOS objects, 40% free, 23MB/39MB, paused 423us total 21.983ms
08-06 12:58:28.171 24574 24611 I art     : Starting a blocking GC Explicit
08-06 12:58:28.193 24574 24611 I art     : Explicit concurrent mark sweep GC freed 13(480B) AllocSpace objects, 0(0B) LOS objects, 40% free, 23MB/39MB, paused 411us total 21.858ms
08-06 12:58:28.203 24574 24611 I art     : Starting a blocking GC Explicit
08-06 12:58:28.226 24574 24611 I art     : Explicit concurrent mark sweep GC freed 13(480B) AllocSpace objects, 0(0B) LOS objects, 40% free, 23MB/39MB, paused 425us total 22.853ms
08-06 12:58:28.256 24574 25139 I NAPPA_EXPERIMENTATION: MetricNetworkRequestExecutionTime: REQUEST_DURATION_SYSTEM='373',REQUEST_DURATION_OKHTTP='153',REQUEST_SYNCHRONOUS='TRUE',RESPONSE_CODE='400',RESPONSE_METHOD='GET',RESPONSE_LENGTH_OKHTTP='0',RESPONSE_LENGTH_HEADER='0',REQUEST_PROTOCOL='h2',REQUEST_URL='https://itunes.apple.com/en/rss/toppodcasts/limit=25/explicit=true/json',
08-06 12:58:28.399 24574 25139 I NAPPA_EXPERIMENTATION: MetricNetworkRequestExecutionTime: REQUEST_DURATION_SYSTEM='141',REQUEST_DURATION_OKHTTP='139',REQUEST_SYNCHRONOUS='TRUE',RESPONSE_CODE='200',RESPONSE_METHOD='GET',RESPONSE_LENGTH_OKHTTP='-1',RESPONSE_LENGTH_HEADER='10075',REQUEST_PROTOCOL='h2',REQUEST_URL='https://itunes.apple.com/us/rss/toppodcasts/limit=25/explicit=true/json',
08-06 12:58:28.409   512  2967 D audio_hw_primary: disable_audio_route: reset and update mixer path: low-latency-playback speaker
08-06 12:58:28.410   512  2967 D audio_hw_primary: disable_snd_device: snd_device(2: speaker)
08-06 12:58:28.419   512  2967 I soundtrigger: audio_extn_sound_trigger_update_device_status: device 0x2 of type 0 for Event 0
08-06 12:58:28.484 24574 24574 D AntennapodHttpClient: Creating new instance of HTTP client
08-06 12:58:28.500 24574 25336 D ApOkHttpUrlLoader: buildLoadData() called with: model = [https://is4-ssl.mzstatic.com/image/thumb/Podcasts114/v4/3f/16/74/3f167426-bf50-ce3a-d709-e4301620fc5b/mza_5832671293059882550.jpeg/170x170bb.png], width = [224], height = [224]
08-06 12:58:28.505 24574 25337 D DBReader: getImageAuthentication() called with: imageUrl = [https://is4-ssl.mzstatic.com/image/thumb/Podcasts114/v4/3f/16/74/3f167426-bf50-ce3a-d709-e4301620fc5b/mza_5832671293059882550.jpeg/170x170bb.png]
08-06 12:58:28.505 24574 25338 D ApOkHttpUrlLoader: buildLoadData() called with: model = [https://is4-ssl.mzstatic.com/image/thumb/Podcasts113/v4/e5/8a/10/e58a108f-f5d0-f622-c94a-13f66edd570c/mza_3025981348644196724.jpg/170x170bb.png], width = [224], height = [224]
08-06 12:58:28.507 24574 25337 D ApOkHttpUrlLoader: no credentials for 'https://is4-ssl.mzstatic.com/image/thumb/Podcasts114/v4/3f/16/74/3f167426-bf50-ce3a-d709-e4301620fc5b/mza_5832671293059882550.jpeg/170x170bb.png'
08-06 12:58:28.507 24574 24595 I art     : Starting a blocking GC Explicit
08-06 12:58:28.508 24574 25339 D DBReader: getImageAuthentication() called with: imageUrl = [https://is4-ssl.mzstatic.com/image/thumb/Podcasts113/v4/e5/8a/10/e58a108f-f5d0-f622-c94a-13f66edd570c/mza_3025981348644196724.jpg/170x170bb.png]
08-06 12:58:28.509 24574 25339 D ApOkHttpUrlLoader: no credentials for 'https://is4-ssl.mzstatic.com/image/thumb/Podcasts113/v4/e5/8a/10/e58a108f-f5d0-f622-c94a-13f66edd570c/mza_3025981348644196724.jpg/170x170bb.png'
08-06 12:58:28.511 24574 25340 D ApOkHttpUrlLoader: buildLoadData() called with: model = [https://is2-ssl.mzstatic.com/image/thumb/Podcasts113/v4/a9/39/cc/a939ccc5-6d60-0c11-0a4c-16d71cdef89b/mza_8787577209688278658.jpg/170x170bb.png], width = [224], height = [224]
08-06 12:58:28.513 24574 25341 D DBReader: getImageAuthentication() called with: imageUrl = [https://is2-ssl.mzstatic.com/image/thumb/Podcasts113/v4/a9/39/cc/a939ccc5-6d60-0c11-0a4c-16d71cdef89b/mza_8787577209688278658.jpg/170x170bb.png]
08-06 12:58:28.514 24574 25341 D ApOkHttpUrlLoader: no credentials for 'https://is2-ssl.mzstatic.com/image/thumb/Podcasts113/v4/a9/39/cc/a939ccc5-6d60-0c11-0a4c-16d71cdef89b/mza_8787577209688278658.jpg/170x170bb.png'
08-06 12:58:28.515 24574 25342 D ApOkHttpUrlLoader: buildLoadData() called with: model = [https://is5-ssl.mzstatic.com/image/thumb/Podcasts114/v4/93/cf/99/93cf9960-fff3-205e-6655-72c03ddeccb2/mza_10545582232493904175.jpeg/170x170bb.png], width = [224], height = [224]
08-06 12:58:28.517 24574 25343 D DBReader: getImageAuthentication() called with: imageUrl = [https://is5-ssl.mzstatic.com/image/thumb/Podcasts114/v4/93/cf/99/93cf9960-fff3-205e-6655-72c03ddeccb2/mza_10545582232493904175.jpeg/170x170bb.png]
08-06 12:58:28.518 24574 25336 D ApOkHttpUrlLoader: buildLoadData() called with: model = [https://is4-ssl.mzstatic.com/image/thumb/Podcasts124/v4/49/a4/91/49a491b7-3daf-c5dc-d7c6-6c4f1486955c/mza_5930014091766152297.png/170x170bb.png], width = [224], height = [224]
08-06 12:58:28.518 24574 25343 D ApOkHttpUrlLoader: no credentials for 'https://is5-ssl.mzstatic.com/image/thumb/Podcasts114/v4/93/cf/99/93cf9960-fff3-205e-6655-72c03ddeccb2/mza_10545582232493904175.jpeg/170x170bb.png'
08-06 12:58:28.520 24574 25344 D DBReader: getImageAuthentication() called with: imageUrl = [https://is4-ssl.mzstatic.com/image/thumb/Podcasts124/v4/49/a4/91/49a491b7-3daf-c5dc-d7c6-6c4f1486955c/mza_5930014091766152297.png/170x170bb.png]
08-06 12:58:28.521 24574 25344 D ApOkHttpUrlLoader: no credentials for 'https://is4-ssl.mzstatic.com/image/thumb/Podcasts124/v4/49/a4/91/49a491b7-3daf-c5dc-d7c6-6c4f1486955c/mza_5930014091766152297.png/170x170bb.png'
08-06 12:58:28.521 24574 25338 D ApOkHttpUrlLoader: buildLoadData() called with: model = [https://is5-ssl.mzstatic.com/image/thumb/Podcasts113/v4/fd/54/6e/fd546ea0-7ab2-e3f0-6049-884d82917af9/mza_4855349695799758348.jpeg/170x170bb.png], width = [224], height = [224]
08-06 12:58:28.523 24574 25345 D DBReader: getImageAuthentication() called with: imageUrl = [https://is5-ssl.mzstatic.com/image/thumb/Podcasts113/v4/fd/54/6e/fd546ea0-7ab2-e3f0-6049-884d82917af9/mza_4855349695799758348.jpeg/170x170bb.png]
08-06 12:58:28.524 24574 25345 D ApOkHttpUrlLoader: no credentials for 'https://is5-ssl.mzstatic.com/image/thumb/Podcasts113/v4/fd/54/6e/fd546ea0-7ab2-e3f0-6049-884d82917af9/mza_4855349695799758348.jpeg/170x170bb.png'
08-06 12:58:28.525 24574 25340 D ApOkHttpUrlLoader: buildLoadData() called with: model = [https://is2-ssl.mzstatic.com/image/thumb/Podcasts114/v4/b3/4c/cf/b34ccfc2-cea4-1ca1-0fad-7793af301cc5/mza_2466085192629456364.jpg/170x170bb.png], width = [224], height = [224]
08-06 12:58:28.527 24574 25346 D DBReader: getImageAuthentication() called with: imageUrl = [https://is2-ssl.mzstatic.com/image/thumb/Podcasts114/v4/b3/4c/cf/b34ccfc2-cea4-1ca1-0fad-7793af301cc5/mza_2466085192629456364.jpg/170x170bb.png]
08-06 12:58:28.528 24574 25346 D ApOkHttpUrlLoader: no credentials for 'https://is2-ssl.mzstatic.com/image/thumb/Podcasts114/v4/b3/4c/cf/b34ccfc2-cea4-1ca1-0fad-7793af301cc5/mza_2466085192629456364.jpg/170x170bb.png'
08-06 12:58:28.543 24574 24595 I art     : Explicit concurrent mark sweep GC freed 14161(889KB) AllocSpace objects, 5(372KB) LOS objects, 39% free, 24MB/40MB, paused 1.094ms total 35.017ms
08-06 12:58:28.554 24574 24595 I art     : Starting a blocking GC Explicit
08-06 12:58:28.579 24574 24595 I art     : Explicit concurrent mark sweep GC freed 664(38KB) AllocSpace objects, 0(0B) LOS objects, 39% free, 24MB/40MB, paused 878us total 24.516ms
08-06 12:58:28.589 24574 24595 I art     : Starting a blocking GC Explicit
08-06 12:58:28.615 24574 24595 I art     : Explicit concurrent mark sweep GC freed 29(1472B) AllocSpace objects, 0(0B) LOS objects, 39% free, 24MB/40MB, paused 869us total 26.248ms
08-06 12:58:28.626 24574 24595 I art     : Starting a blocking GC Explicit
08-06 12:58:28.653 24574 24595 I art     : Explicit concurrent mark sweep GC freed 3(96B) AllocSpace objects, 0(0B) LOS objects, 39% free, 24MB/40MB, paused 883us total 26.648ms
08-06 12:58:28.664 24574 24595 I art     : Starting a blocking GC Explicit
08-06 12:58:28.692 24574 24595 I art     : Explicit concurrent mark sweep GC freed 482(18KB) AllocSpace objects, 0(0B) LOS objects, 39% free, 24MB/40MB, paused 1.477ms total 27.647ms
08-06 12:58:28.976 24574 24611 I art     : Starting a blocking GC Explicit
08-06 12:58:28.991 24574 25344 D MYTAG   : interceptor 2a
08-06 12:58:28.992 24574 25344 I NAPPA_EXPERIMENTATION: MetricNetworkRequestExecutionTime: REQUEST_DURATION_SYSTEM='470',REQUEST_DURATION_OKHTTP='263',REQUEST_SYNCHRONOUS='TRUE',RESPONSE_CODE='200',RESPONSE_METHOD='GET',RESPONSE_LENGTH_OKHTTP='12000',RESPONSE_LENGTH_HEADER='12000',REQUEST_PROTOCOL='h2',REQUEST_URL='https://is4-ssl.mzstatic.com/image/thumb/Podcasts124/v4/49/a4/91/49a491b7-3daf-c5dc-d7c6-6c4f1486955c/mza_5930014091766152297.png/170x170bb.png',
08-06 12:58:29.007 24574 25345 D MYTAG   : interceptor 2a
08-06 12:58:29.007 24574 25345 I NAPPA_EXPERIMENTATION: MetricNetworkRequestExecutionTime: REQUEST_DURATION_SYSTEM='482',REQUEST_DURATION_OKHTTP='264',REQUEST_SYNCHRONOUS='TRUE',RESPONSE_CODE='200',RESPONSE_METHOD='GET',RESPONSE_LENGTH_OKHTTP='54835',RESPONSE_LENGTH_HEADER='54835',REQUEST_PROTOCOL='h2',REQUEST_URL='https://is5-ssl.mzstatic.com/image/thumb/Podcasts113/v4/fd/54/6e/fd546ea0-7ab2-e3f0-6049-884d82917af9/mza_4855349695799758348.jpeg/170x170bb.png',
08-06 12:58:29.010 24574 25337 D MYTAG   : interceptor 2a
08-06 12:58:29.011 24574 25337 I NAPPA_EXPERIMENTATION: MetricNetworkRequestExecutionTime: REQUEST_DURATION_SYSTEM='503',REQUEST_DURATION_OKHTTP='259',REQUEST_SYNCHRONOUS='TRUE',RESPONSE_CODE='200',RESPONSE_METHOD='GET',RESPONSE_LENGTH_OKHTTP='26177',RESPONSE_LENGTH_HEADER='26177',REQUEST_PROTOCOL='h2',REQUEST_URL='https://is4-ssl.mzstatic.com/image/thumb/Podcasts114/v4/3f/16/74/3f167426-bf50-ce3a-d709-e4301620fc5b/mza_5832671293059882550.jpeg/170x170bb.png',
08-06 12:58:29.018 24574 24611 I art     : Explicit concurrent mark sweep GC freed 28035(1434KB) AllocSpace objects, 4(220KB) LOS objects, 38% free, 25MB/41MB, paused 2.070ms total 41.072ms
08-06 12:58:29.020 24574 25346 D MYTAG   : interceptor 2a
08-06 12:58:29.020 24574 25346 I NAPPA_EXPERIMENTATION: MetricNetworkRequestExecutionTime: REQUEST_DURATION_SYSTEM='492',REQUEST_DURATION_OKHTTP='274',REQUEST_SYNCHRONOUS='TRUE',RESPONSE_CODE='200',RESPONSE_METHOD='GET',RESPONSE_LENGTH_OKHTTP='42299',RESPONSE_LENGTH_HEADER='42299',REQUEST_PROTOCOL='h2',REQUEST_URL='https://is2-ssl.mzstatic.com/image/thumb/Podcasts114/v4/b3/4c/cf/b34ccfc2-cea4-1ca1-0fad-7793af301cc5/mza_2466085192629456364.jpg/170x170bb.png',
08-06 12:58:29.023 24574 25343 D MYTAG   : interceptor 2a
08-06 12:58:29.024 24574 25343 I NAPPA_EXPERIMENTATION: MetricNetworkRequestExecutionTime: REQUEST_DURATION_SYSTEM='504',REQUEST_DURATION_OKHTTP='265',REQUEST_SYNCHRONOUS='TRUE',RESPONSE_CODE='200',RESPONSE_METHOD='GET',RESPONSE_LENGTH_OKHTTP='22351',RESPONSE_LENGTH_HEADER='22351',REQUEST_PROTOCOL='h2',REQUEST_URL='https://is5-ssl.mzstatic.com/image/thumb/Podcasts114/v4/93/cf/99/93cf9960-fff3-205e-6655-72c03ddeccb2/mza_10545582232493904175.jpeg/170x170bb.png',
08-06 12:58:29.025 24574 25339 D MYTAG   : interceptor 2a
08-06 12:58:29.025 24574 25339 I NAPPA_EXPERIMENTATION: MetricNetworkRequestExecutionTime: REQUEST_DURATION_SYSTEM='516',REQUEST_DURATION_OKHTTP='281',REQUEST_SYNCHRONOUS='TRUE',RESPONSE_CODE='200',RESPONSE_METHOD='GET',RESPONSE_LENGTH_OKHTTP='45995',RESPONSE_LENGTH_HEADER='45995',REQUEST_PROTOCOL='h2',REQUEST_URL='https://is4-ssl.mzstatic.com/image/thumb/Podcasts113/v4/e5/8a/10/e58a108f-f5d0-f622-c94a-13f66edd570c/mza_3025981348644196724.jpg/170x170bb.png',
08-06 12:58:29.030 24574 24611 I art     : Starting a blocking GC Explicit
08-06 12:58:29.050 24574 25341 D MYTAG   : interceptor 2a
08-06 12:58:29.050 24574 25341 I NAPPA_EXPERIMENTATION: MetricNetworkRequestExecutionTime: REQUEST_DURATION_SYSTEM='535',REQUEST_DURATION_OKHTTP='298',REQUEST_SYNCHRONOUS='TRUE',RESPONSE_CODE='200',RESPONSE_METHOD='GET',RESPONSE_LENGTH_OKHTTP='48239',RESPONSE_LENGTH_HEADER='48239',REQUEST_PROTOCOL='h2',REQUEST_URL='https://is2-ssl.mzstatic.com/image/thumb/Podcasts113/v4/a9/39/cc/a939ccc5-6d60-0c11-0a4c-16d71cdef89b/mza_8787577209688278658.jpg/170x170bb.png',
08-06 12:58:29.057 24574 24611 I art     : Explicit concurrent mark sweep GC freed 3164(245KB) AllocSpace objects, 0(0B) LOS objects, 38% free, 26MB/42MB, paused 1.204ms total 26.030ms
08-06 12:58:29.067 24574 24611 I art     : Starting a blocking GC Explicit
08-06 12:58:29.091 24574 24611 I art     : Explicit concurrent mark sweep GC freed 814(32KB) AllocSpace objects, 0(0B) LOS objects, 38% free, 25MB/41MB, paused 668us total 23.981ms
08-06 12:58:29.101 24574 24611 I art     : Starting a blocking GC Explicit
08-06 12:58:29.125 24574 24611 I art     : Explicit concurrent mark sweep GC freed 32(1984B) AllocSpace objects, 0(0B) LOS objects, 38% free, 25MB/41MB, paused 656us total 24.336ms
08-06 12:58:29.136 24574 24611 I art     : Starting a blocking GC Explicit
08-06 12:58:29.162 24574 24611 I art     : Explicit concurrent mark sweep GC freed 5(240B) AllocSpace objects, 0(0B) LOS objects, 38% free, 25MB/41MB, paused 651us total 25.786ms
08-06 12:58:29.201 21246 21246 I ServiceManager: Waiting for service AtCmdFwd...
08-06 12:58:29.451 24574 24595 I art     : Starting a blocking GC Explicit
08-06 12:58:29.484 24574 24595 I art     : Explicit concurrent mark sweep GC freed 1363(80KB) AllocSpace objects, 1(20KB) LOS objects, 38% free, 25MB/41MB, paused 731us total 32.594ms
08-06 12:58:29.498 24574 24595 I art     : Starting a blocking GC Explicit
08-06 12:58:29.526 24574 24595 I art     : Explicit concurrent mark sweep GC freed 23(752B) AllocSpace objects, 0(0B) LOS objects, 38% free, 25MB/41MB, paused 820us total 27.939ms
08-06 12:58:29.537 24574 24595 I art     : Starting a blocking GC Explicit
08-06 12:58:29.565 24574 24595 I art     : Explicit concurrent mark sweep GC freed 3(96B) AllocSpace objects, 0(0B) LOS objects, 38% free, 25MB/41MB, paused 698us total 27.728ms
08-06 12:58:29.576 24574 24595 I art     : Starting a blocking GC Explicit
08-06 12:58:29.604 24574 24595 I art     : Explicit concurrent mark sweep GC freed 3(96B) AllocSpace objects, 0(0B) LOS objects, 38% free, 25MB/41MB, paused 733us total 27.756ms
08-06 12:58:29.616 24574 24595 I art     : Starting a blocking GC Explicit
08-06 12:58:29.647 24574 24595 I art     : Explicit concurrent mark sweep GC freed 3(96B) AllocSpace objects, 0(0B) LOS objects, 38% free, 25MB/41MB, paused 718us total 30.579ms
08-06 12:58:29.981 24574 24594 I art     : Starting a blocking GC Explicit
08-06 12:58:30.016 24574 24594 I art     : Explicit concurrent mark sweep GC freed 1392(80KB) AllocSpace objects, 1(20KB) LOS objects, 38% free, 25MB/41MB, paused 768us total 35.254ms
08-06 12:58:30.029 24574 24594 I art     : Starting a blocking GC Explicit
08-06 12:58:30.059 24574 24594 I art     : Explicit concurrent mark sweep GC freed 24(784B) AllocSpace objects, 0(0B) LOS objects, 38% free, 25MB/41MB, paused 698us total 29.259ms
08-06 12:58:30.070 24574 24594 I art     : Starting a blocking GC Explicit
08-06 12:58:30.102 24574 24594 I art     : Explicit concurrent mark sweep GC freed 8(256B) AllocSpace objects, 0(0B) LOS objects, 38% free, 25MB/41MB, paused 684us total 31.161ms
08-06 12:58:30.113 24574 24594 I art     : Starting a blocking GC Explicit
08-06 12:58:30.141 24574 24594 I art     : Explicit concurrent mark sweep GC freed 8(256B) AllocSpace objects, 0(0B) LOS objects, 38% free, 25MB/41MB, paused 661us total 27.825ms
08-06 12:58:30.153 24574 24594 I art     : Starting a blocking GC Explicit
08-06 12:58:30.181 24574 24594 I art     : Explicit concurrent mark sweep GC freed 8(256B) AllocSpace objects, 0(0B) LOS objects, 38% free, 25MB/41MB, paused 767us total 27.905ms
08-06 12:58:30.202 21246 21246 I ServiceManager: Waiting for service AtCmdFwd...
08-06 12:58:30.508 24574 24611 I art     : Starting a blocking GC Explicit
08-06 12:58:30.544 24574 24611 I art     : Explicit concurrent mark sweep GC freed 1377(80KB) AllocSpace objects, 1(20KB) LOS objects, 38% free, 25MB/41MB, paused 774us total 35.977ms
08-06 12:58:30.559 24574 24611 I art     : Starting a blocking GC Explicit
08-06 12:58:30.587 24574 24611 I art     : Explicit concurrent mark sweep GC freed 23(752B) AllocSpace objects, 0(0B) LOS objects, 38% free, 25MB/41MB, paused 776us total 27.706ms
08-06 12:58:30.599 24574 24611 I art     : Starting a blocking GC Explicit
08-06 12:58:30.629 24574 24611 I art     : Explicit concurrent mark sweep GC freed 3(96B) AllocSpace objects, 0(0B) LOS objects, 38% free, 25MB/41MB, paused 722us total 30.044ms
08-06 12:58:30.640 24574 24611 I art     : Starting a blocking GC Explicit
08-06 12:58:30.671 24574 24611 I art     : Explicit concurrent mark sweep GC freed 3(96B) AllocSpace objects, 0(0B) LOS objects, 38% free, 25MB/41MB, paused 656us total 30.023ms
08-06 12:58:30.682 24574 24611 I art     : Starting a blocking GC Explicit
08-06 12:58:30.711 24574 24611 I art     : Explicit concurrent mark sweep GC freed 3(96B) AllocSpace objects, 0(0B) LOS objects, 38% free, 25MB/41MB, paused 700us total 28.701ms
08-06 12:58:31.025 24574 24595 I art     : Starting a blocking GC Explicit
08-06 12:58:31.063 24574 24595 I art     : Explicit concurrent mark sweep GC freed 1392(80KB) AllocSpace objects, 1(20KB) LOS objects, 38% free, 25MB/41MB, paused 738us total 37.833ms
08-06 12:58:31.078 24574 24595 I art     : Starting a blocking GC Explicit
08-06 12:58:31.108 24574 24595 I art     : Explicit concurrent mark sweep GC freed 23(752B) AllocSpace objects, 0(0B) LOS objects, 38% free, 25MB/41MB, paused 850us total 29.578ms
08-06 12:58:31.119 24574 24595 I art     : Starting a blocking GC Explicit
08-06 12:58:31.149 24574 24595 I art     : Explicit concurrent mark sweep GC freed 3(96B) AllocSpace objects, 0(0B) LOS objects, 38% free, 25MB/41MB, paused 702us total 29.965ms
08-06 12:58:31.161 24574 24595 I art     : Starting a blocking GC Explicit
08-06 12:58:31.174   518   646 I ThermalEngine: ACTION: GPU - Setting GPU[0] to 510000000
08-06 12:58:31.190 24574 24595 I art     : Explicit concurrent mark sweep GC freed 3(96B) AllocSpace objects, 0(0B) LOS objects, 38% free, 25MB/41MB, paused 729us total 28.637ms
08-06 12:58:31.201 24574 24595 I art     : Starting a blocking GC Explicit
08-06 12:58:31.202 21246 21246 I ServiceManager: Waiting for service AtCmdFwd...
08-06 12:58:31.226 24574 24595 I art     : Explicit concurrent mark sweep GC freed 3(96B) AllocSpace objects, 0(0B) LOS objects, 38% free, 25MB/41MB, paused 581us total 24.341ms
08-06 12:58:31.541 24574 24594 I art     : Starting a blocking GC Explicit
08-06 12:58:31.572 24574 24594 I art     : Explicit concurrent mark sweep GC freed 1363(80KB) AllocSpace objects, 1(20KB) LOS objects, 38% free, 25MB/41MB, paused 626us total 30.402ms
08-06 12:58:31.584 24574 24594 I art     : Starting a blocking GC Explicit
08-06 12:58:31.607 24574 24594 I art     : Explicit concurrent mark sweep GC freed 23(752B) AllocSpace objects, 0(0B) LOS objects, 38% free, 25MB/41MB, paused 615us total 22.839ms
08-06 12:58:31.616 24574 24594 I art     : Starting a blocking GC Explicit
08-06 12:58:31.638 24574 24594 I art     : Explicit concurrent mark sweep GC freed 3(96B) AllocSpace objects, 0(0B) LOS objects, 38% free, 25MB/41MB, paused 534us total 22.078ms
08-06 12:58:31.647 24574 24594 I art     : Starting a blocking GC Explicit
08-06 12:58:31.669 24574 24594 I art     : Explicit concurrent mark sweep GC freed 3(96B) AllocSpace objects, 0(0B) LOS objects, 38% free, 25MB/41MB, paused 527us total 22.194ms
08-06 12:58:31.678 24574 24594 I art     : Starting a blocking GC Explicit
08-06 12:58:31.700 24574 24594 I art     : Explicit concurrent mark sweep GC freed 3(96B) AllocSpace objects, 0(0B) LOS objects, 38% free, 25MB/41MB, paused 519us total 21.725ms
08-06 12:58:32.021 24574 24611 I art     : Starting a blocking GC Explicit
08-06 12:58:32.049 24574 24611 I art     : Explicit concurrent mark sweep GC freed 1392(80KB) AllocSpace objects, 1(20KB) LOS objects, 38% free, 25MB/41MB, paused 587us total 28.307ms
08-06 12:58:32.061 24574 24611 I art     : Starting a blocking GC Explicit
08-06 12:58:32.083 24574 24611 I art     : Explicit concurrent mark sweep GC freed 23(752B) AllocSpace objects, 0(0B) LOS objects, 38% free, 25MB/41MB, paused 496us total 21.382ms
08-06 12:58:32.092 24574 24611 I art     : Starting a blocking GC Explicit
08-06 12:58:32.113 24574 24611 I art     : Explicit concurrent mark sweep GC freed 3(96B) AllocSpace objects, 0(0B) LOS objects, 38% free, 25MB/41MB, paused 521us total 21.284ms
08-06 12:58:32.122 24574 24611 I art     : Starting a blocking GC Explicit
08-06 12:58:32.144 24574 24611 I art     : Explicit concurrent mark sweep GC freed 3(96B) AllocSpace objects, 0(0B) LOS objects, 38% free, 25MB/41MB, paused 527us total 22.370ms
08-06 12:58:32.153 24574 24611 I art     : Starting a blocking GC Explicit
08-06 12:58:32.176 24574 24611 I art     : Explicit concurrent mark sweep GC freed 3(96B) AllocSpace objects, 0(0B) LOS objects, 38% free, 25MB/41MB, paused 528us total 22.409ms
08-06 12:58:32.203 21246 21246 I ServiceManager: Waiting for service AtCmdFwd...
08-06 12:58:32.491 24574 24595 I art     : Starting a blocking GC Explicit
08-06 12:58:32.520 24574 24595 I art     : Explicit concurrent mark sweep GC freed 1363(80KB) AllocSpace objects, 1(20KB) LOS objects, 38% free, 25MB/41MB, paused 568us total 28.066ms
08-06 12:58:32.532 24574 24595 I art     : Starting a blocking GC Explicit
08-06 12:58:32.559 24574 24595 I art     : Explicit concurrent mark sweep GC freed 23(752B) AllocSpace objects, 0(0B) LOS objects, 38% free, 25MB/41MB, paused 548us total 26.735ms
08-06 12:58:32.570 24574 24595 I art     : Starting a blocking GC Explicit
08-06 12:58:32.592 24574 24595 I art     : Explicit concurrent mark sweep GC freed 3(96B) AllocSpace objects, 0(0B) LOS objects, 38% free, 25MB/41MB, paused 530us total 22.109ms
08-06 12:58:32.601 24574 24595 I art     : Starting a blocking GC Explicit
08-06 12:58:32.624 24574 24595 I art     : Explicit concurrent mark sweep GC freed 3(96B) AllocSpace objects, 0(0B) LOS objects, 38% free, 25MB/41MB, paused 529us total 22.263ms
08-06 12:58:32.632 24574 24595 I art     : Starting a blocking GC Explicit
08-06 12:58:32.655 24574 24595 I art     : Explicit concurrent mark sweep GC freed 3(96B) AllocSpace objects, 0(0B) LOS objects, 38% free, 25MB/41MB, paused 526us total 22.556ms
08-06 12:58:32.981 24574 24594 I art     : Starting a blocking GC Explicit
08-06 12:58:33.010 24574 24594 I art     : Explicit concurrent mark sweep GC freed 1392(80KB) AllocSpace objects, 1(20KB) LOS objects, 38% free, 25MB/41MB, paused 581us total 27.815ms
08-06 12:58:33.021 24574 24594 I art     : Starting a blocking GC Explicit
08-06 12:58:33.043 24574 24594 I art     : Explicit concurrent mark sweep GC freed 23(752B) AllocSpace objects, 0(0B) LOS objects, 38% free, 25MB/41MB, paused 516us total 21.726ms
08-06 12:58:33.052 24574 24594 I art     : Starting a blocking GC Explicit
08-06 12:58:33.074 24574 24594 I art     : Explicit concurrent mark sweep GC freed 3(96B) AllocSpace objects, 0(0B) LOS objects, 38% free, 25MB/41MB, paused 507us total 21.619ms
08-06 12:58:33.082 24574 24594 I art     : Starting a blocking GC Explicit
08-06 12:58:33.104 24574 24594 I art     : Explicit concurrent mark sweep GC freed 3(96B) AllocSpace objects, 0(0B) LOS objects, 38% free, 25MB/41MB, paused 524us total 21.829ms
08-06 12:58:33.113 24574 24594 I art     : Starting a blocking GC Explicit
08-06 12:58:33.135 24574 24594 I art     : Explicit concurrent mark sweep GC freed 3(96B) AllocSpace objects, 0(0B) LOS objects, 38% free, 25MB/41MB, paused 497us total 21.807ms
08-06 12:58:33.204 21246 21246 I ServiceManager: Waiting for service AtCmdFwd...
08-06 12:58:33.450 24574 24611 I art     : Starting a blocking GC Explicit
08-06 12:58:33.478 24574 24611 I art     : Explicit concurrent mark sweep GC freed 1363(80KB) AllocSpace objects, 1(20KB) LOS objects, 38% free, 25MB/41MB, paused 589us total 27.928ms
08-06 12:58:33.490 24574 24611 I art     : Starting a blocking GC Explicit
08-06 12:58:33.513 24574 24611 I art     : Explicit concurrent mark sweep GC freed 23(752B) AllocSpace objects, 0(0B) LOS objects, 38% free, 25MB/41MB, paused 544us total 22.871ms
08-06 12:58:33.522 24574 24611 I art     : Starting a blocking GC Explicit
08-06 12:58:33.545 24574 24611 I art     : Explicit concurrent mark sweep GC freed 3(96B) AllocSpace objects, 0(0B) LOS objects, 38% free, 25MB/41MB, paused 539us total 22.185ms
08-06 12:58:33.554 24574 24611 I art     : Starting a blocking GC Explicit
08-06 12:58:33.576 24574 24611 I art     : Explicit concurrent mark sweep GC freed 3(96B) AllocSpace objects, 0(0B) LOS objects, 38% free, 25MB/41MB, paused 522us total 21.998ms
08-06 12:58:33.585 24574 24611 I art     : Starting a blocking GC Explicit
08-06 12:58:33.607 24574 24611 I art     : Explicit concurrent mark sweep GC freed 3(96B) AllocSpace objects, 0(0B) LOS objects, 38% free, 25MB/41MB, paused 518us total 22.412ms
08-06 12:58:33.919 24574 24595 I art     : Starting a blocking GC Explicit
08-06 12:58:33.945 24574 24595 I art     : Explicit concurrent mark sweep GC freed 1392(80KB) AllocSpace objects, 1(20KB) LOS objects, 38% free, 25MB/41MB, paused 575us total 26.412ms
08-06 12:58:33.956 24574 24595 I art     : Starting a blocking GC Explicit
08-06 12:58:33.979 24574 24595 I art     : Explicit concurrent mark sweep GC freed 23(752B) AllocSpace objects, 0(0B) LOS objects, 38% free, 25MB/41MB, paused 532us total 22.710ms
08-06 12:58:33.988 24574 24595 I art     : Starting a blocking GC Explicit
08-06 12:58:34.011 24574 24595 I art     : Explicit concurrent mark sweep GC freed 3(96B) AllocSpace objects, 0(0B) LOS objects, 38% free, 25MB/41MB, paused 523us total 22.624ms
08-06 12:58:34.020 24574 24595 I art     : Starting a blocking GC Explicit
08-06 12:58:34.042 24574 24595 I art     : Explicit concurrent mark sweep GC freed 3(96B) AllocSpace objects, 0(0B) LOS objects, 38% free, 25MB/41MB, paused 500us total 21.700ms
08-06 12:58:34.051 24574 24595 I art     : Starting a blocking GC Explicit
08-06 12:58:34.073 24574 24595 I art     : Explicit concurrent mark sweep GC freed 3(96B) AllocSpace objects, 0(0B) LOS objects, 38% free, 25MB/41MB, paused 510us total 21.702ms
08-06 12:58:34.204 21246 21246 W Atfwd_Sendcmd: AtCmdFwd service not published, waiting... retryCnt : 2
08-06 12:58:34.342 24574 24594 I art     : Starting a blocking GC Explicit
08-06 12:58:34.364 24574 24594 I art     : Explicit concurrent mark sweep GC freed 1363(80KB) AllocSpace objects, 1(20KB) LOS objects, 38% free, 25MB/41MB, paused 567us total 22.468ms
08-06 12:58:34.373 24574 24594 I art     : Starting a blocking GC Explicit
08-06 12:58:34.396 24574 24594 I art     : Explicit concurrent mark sweep GC freed 23(752B) AllocSpace objects, 0(0B) LOS objects, 38% free, 25MB/41MB, paused 545us total 22.423ms
08-06 12:58:34.405 24574 24594 I art     : Starting a blocking GC Explicit
08-06 12:58:34.426 24574 24594 I art     : Explicit concurrent mark sweep GC freed 3(96B) AllocSpace objects, 0(0B) LOS objects, 38% free, 25MB/41MB, paused 523us total 21.233ms
08-06 12:58:34.435 24574 24594 I art     : Starting a blocking GC Explicit
08-06 12:58:34.456 24574 24594 I art     : Explicit concurrent mark sweep GC freed 3(96B) AllocSpace objects, 0(0B) LOS objects, 38% free, 25MB/41MB, paused 537us total 20.962ms
08-06 12:58:34.464 24574 24594 I art     : Starting a blocking GC Explicit
08-06 12:58:34.486 24574 24594 I art     : Explicit concurrent mark sweep GC freed 3(96B) AllocSpace objects, 0(0B) LOS objects, 38% free, 25MB/41MB, paused 512us total 21.148ms
08-06 12:58:34.519 25469 25469 D AndroidRuntime: >>>>>> START com.android.internal.os.RuntimeInit uid 2000 <<<<<<
08-06 12:58:34.524 25469 25469 D AndroidRuntime: CheckJNI is OFF
08-06 12:58:34.557 25469 25469 D ICU     : No timezone override file found: /data/misc/zoneinfo/current/icu/icu_tzdata.dat
08-06 12:58:34.591 25469 25469 I Radio-JNI: register_android_hardware_Radio DONE
08-06 12:58:34.613 25469 25469 D AndroidRuntime: Calling main entry com.android.commands.input.Input
08-06 12:58:34.615 25469 25469 I Input   : injectMotionEvent: MotionEvent { action=ACTION_DOWN, actionButton=0, id[0]=0, x[0]=616.0, y[0]=469.0, toolType[0]=TOOL_TYPE_UNKNOWN, buttonState=0, metaState=0, flags=0x0, edgeFlags=0x0, pointerCount=1, historySize=0, eventTime=881931028, downTime=881931028, deviceId=0, source=0x1002 }
08-06 12:58:34.621 25469 25469 I Input   : injectMotionEvent: MotionEvent { action=ACTION_UP, actionButton=0, id[0]=0, x[0]=616.0, y[0]=469.0, toolType[0]=TOOL_TYPE_UNKNOWN, buttonState=0, metaState=0, flags=0x0, edgeFlags=0x0, pointerCount=1, historySize=0, eventTime=881931028, downTime=881931028, deviceId=0, source=0x1002 }
08-06 12:58:34.623 25469 25469 D AndroidRuntime: Shutting down VM
08-06 12:58:34.689   512  2967 D audio_hw_primary: out_set_parameters: enter: usecase(1: low-latency-playback) kvpairs: routing=2
08-06 12:58:34.701   512  2967 D audio_hw_primary: select_devices: out_snd_device(2: speaker) in_snd_device(0: none)
08-06 12:58:34.702   512  2967 D msm8974_platform: platform_send_audio_calibration: sending audio calibration for snd_device(2) acdb_id(15)
08-06 12:58:34.702   512  2967 I soundtrigger: audio_extn_sound_trigger_update_device_status: device 0x2 of type 0 for Event 1
08-06 12:58:34.712   512  2967 D audio_hw_primary: enable_snd_device: snd_device(2: speaker)
08-06 12:58:34.714   512  2967 D audio_hw_primary: enable_audio_route: apply and update mixer path: low-latency-playback speaker
08-06 12:58:34.748 24574 24595 I art     : Starting a blocking GC Explicit
08-06 12:58:34.771 24574 24595 I art     : Explicit concurrent mark sweep GC freed 1599(90KB) AllocSpace objects, 1(20KB) LOS objects, 38% free, 25MB/41MB, paused 566us total 22.430ms
08-06 12:58:34.779 24574 24595 I art     : Starting a blocking GC Explicit
08-06 12:58:34.802 24574 24595 I art     : Explicit concurrent mark sweep GC freed 45(1584B) AllocSpace objects, 0(0B) LOS objects, 38% free, 25MB/41MB, paused 569us total 22.074ms
08-06 12:58:34.810 24574 24595 I art     : Starting a blocking GC Explicit
08-06 12:58:34.832 24574 24595 I art     : Explicit concurrent mark sweep GC freed 13(480B) AllocSpace objects, 0(0B) LOS objects, 38% free, 25MB/41MB, paused 603us total 21.517ms
08-06 12:58:34.840 24574 24595 I art     : Starting a blocking GC Explicit
08-06 12:58:34.861 24574 24595 I art     : Explicit concurrent mark sweep GC freed 13(480B) AllocSpace objects, 0(0B) LOS objects, 38% free, 25MB/41MB, paused 555us total 20.754ms
08-06 12:58:34.869 24574 24595 I art     : Starting a blocking GC Explicit
08-06 12:58:34.890 24574 24595 I art     : Explicit concurrent mark sweep GC freed 39(1136B) AllocSpace objects, 0(0B) LOS objects, 38% free, 25MB/41MB, paused 552us total 20.885ms
08-06 12:58:34.940 24574 24613 I NAPPA_EXPERIMENTATION: MetricNetworkRequestExecutionTime: REQUEST_DURATION_SYSTEM='252',REQUEST_DURATION_OKHTTP='251',REQUEST_SYNCHRONOUS='TRUE',RESPONSE_CODE='200',RESPONSE_METHOD='GET',RESPONSE_LENGTH_OKHTTP='-1',RESPONSE_LENGTH_HEADER='628',REQUEST_PROTOCOL='h2',REQUEST_URL='https://itunes.apple.com/lookup?id=1524080195',
08-06 12:58:34.961   918   928 I ActivityManager: START u0 {cmp=baseline.de.danoeh.antennapod.debug/baseline.de.danoeh.antennapod.activity.OnlineFeedViewActivity (has extras)} from uid 10711 on display 0
08-06 12:58:34.984 13866 13866 I GoogleInputMethodServic: GoogleInputMethodService.onFinishInput():3138 
08-06 12:58:34.986 13866 13866 I GoogleInputMethodServic: GoogleInputMethodService.onStartInput():1808 
08-06 12:58:35.002 24574 24574 D UserPreferences: Using default data folder
08-06 12:58:35.003 24574 24574 D OnlineFeedViewActivity: Activity was started with url https://rss.art19.com/nice-white-parents
08-06 12:58:35.005 24574 24574 D OnlineFeedViewActivity: Starting feed download
08-06 12:58:35.010 24574 24605 D DBReader: Extracting Feedlist
08-06 12:58:35.012   918  6029 D WifiService: acquireWifiLockLocked: WifiLock{Downloader type=1 binder=android.os.BinderProxy@c24ebbe}
08-06 12:58:35.014 24574 24605 D AntennapodHttpClient: Creating new instance of HTTP client
08-06 12:58:35.064 13866 13866 I GoogleInputMethodServic: GoogleInputMethodService.onFinishInput():3138 
08-06 12:58:35.065 13866 13866 I GoogleInputMethodServic: GoogleInputMethodService.onStartInput():1808 
08-06 12:58:35.100   918   936 I ActivityManager: Displayed baseline.de.danoeh.antennapod.debug/baseline.de.danoeh.antennapod.activity.OnlineFeedViewActivity: +116ms
08-06 12:58:35.139 24574 24611 I art     : Starting a blocking GC Explicit
08-06 12:58:35.163 24574 24611 I art     : Explicit concurrent mark sweep GC freed 7700(435KB) AllocSpace objects, 2(100KB) LOS objects, 37% free, 26MB/42MB, paused 700us total 23.262ms
08-06 12:58:35.171 24574 24611 I art     : Starting a blocking GC Explicit
08-06 12:58:35.193 24574 24611 I art     : Explicit concurrent mark sweep GC freed 2027(159KB) AllocSpace objects, 2(120KB) LOS objects, 37% free, 26MB/42MB, paused 572us total 22.110ms
08-06 12:58:35.202 24574 24611 I art     : Starting a blocking GC Explicit
08-06 12:58:35.222 24574 24611 I art     : Explicit concurrent mark sweep GC freed 36(1648B) AllocSpace objects, 0(0B) LOS objects, 37% free, 26MB/42MB, paused 548us total 19.881ms
08-06 12:58:35.230 24574 24611 I art     : Starting a blocking GC Explicit
08-06 12:58:35.248   512  2967 D audio_hw_primary: disable_audio_route: reset and update mixer path: low-latency-playback speaker
08-06 12:58:35.249   512  2967 D audio_hw_primary: disable_snd_device: snd_device(2: speaker)
08-06 12:58:35.250 24574 24611 I art     : Explicit concurrent mark sweep GC freed 7(256B) AllocSpace objects, 0(0B) LOS objects, 37% free, 26MB/42MB, paused 544us total 19.890ms
08-06 12:58:35.257   512  2967 I soundtrigger: audio_extn_sound_trigger_update_device_status: device 0x2 of type 0 for Event 0
08-06 12:58:35.258 24574 24611 I art     : Starting a blocking GC Explicit
08-06 12:58:35.278 24574 24611 I art     : Explicit concurrent mark sweep GC freed 3(96B) AllocSpace objects, 0(0B) LOS objects, 37% free, 26MB/42MB, paused 555us total 20.234ms
08-06 12:58:35.319 24574 24605 D MYTAG   : interceptor 3a https://rss.art19.com/nice-white-parents
08-06 12:58:35.319 24574 24605 I NAPPA_EXPERIMENTATION: MetricNetworkRequestExecutionTime: REQUEST_DURATION_SYSTEM='304',REQUEST_DURATION_OKHTTP='151',REQUEST_SYNCHRONOUS='TRUE',RESPONSE_CODE='200',RESPONSE_METHOD='GET',RESPONSE_LENGTH_OKHTTP='-1',RESPONSE_LENGTH_HEADER='1803',REQUEST_PROTOCOL='h2',REQUEST_URL='https://rss.art19.com/nice-white-parents',
08-06 12:58:35.319 24574 24605 D HttpDownloader: Response code is 200
08-06 12:58:35.319 24574 24605 D UserPreferences: Using default data folder
08-06 12:58:35.320 24574 24605 D HttpDownloader: Getting size of download
08-06 12:58:35.321 24574 24605 D HttpDownloader: Size is -1
08-06 12:58:35.321 24574 24605 D UserPreferences: Using default data folder
08-06 12:58:35.321 24574 24605 D HttpDownloader: Free space is 20179861504
08-06 12:58:35.321 24574 24605 D HttpDownloader: Starting download
08-06 12:58:35.328 24574 24605 D HttpDownloader: Download was successful
08-06 12:58:35.330   918   928 D WifiService: releaseWifiLockLocked: WifiLock{Downloader type=1 binder=android.os.BinderProxy@c24ebbe}
08-06 12:58:35.330 24574 24574 D OnlineFeedViewActivity: Parsing feed
08-06 12:58:35.339 24574 25516 D TypeGetter: Recognized type RSS 2.0
08-06 12:58:35.342   380   380 W SurfaceFlinger: couldn't log to binary event log: overflow.
08-06 12:58:35.344 24574 25516 D SyndHandler: Recognized ITunes namespace
08-06 12:58:35.345 24574 25516 D SyndHandler: Recognized Atom namespace
08-06 12:58:35.345 24574 25516 D SyndHandler: Recognized Content namespace
08-06 12:58:35.354 24574 25516 D OnlineFeedViewActivity: Deleted feed source file. Result: true
08-06 12:58:35.356 24574 24574 D OnlineFeedViewActivity: Removing HTML from shownotes
08-06 12:58:35.425 24574 24574 W art     : Before Android 4.1, method int androidx.appcompat.widget.DropDownListView.lookForSelectablePosition(int, boolean) would have incorrectly overridden the package-private method in android.widget.ListView
08-06 12:58:35.430 24574 24574 I ListPopupWindow: Could not find method setEpicenterBounds(Rect) on PopupWindow. Oh well.
08-06 12:58:35.438 24574 25523 D ApOkHttpUrlLoader: buildLoadData() called with: model = [https://content.production.cdn.art19.com/images/89/e0/88/44/89e08844-ac28-4fc0-96fa-15a41fec2014/262c12ed699a8d9720dea0bd66449d998e4a08cf18095bed170ccaa76722045fa5dbf7a366918b2db7e3acf29ad22f6b99fd659a9409cb807bf2781d968932f8.jpeg], width = [350], height = [350]
08-06 12:58:35.444 24574 25341 D DBReader: getImageAuthentication() called with: imageUrl = [https://content.production.cdn.art19.com/images/89/e0/88/44/89e08844-ac28-4fc0-96fa-15a41fec2014/262c12ed699a8d9720dea0bd66449d998e4a08cf18095bed170ccaa76722045fa5dbf7a366918b2db7e3acf29ad22f6b99fd659a9409cb807bf2781d968932f8.jpeg]
08-06 12:58:35.445 24574 25341 D ApOkHttpUrlLoader: no credentials for 'https://content.production.cdn.art19.com/images/89/e0/88/44/89e08844-ac28-4fc0-96fa-15a41fec2014/262c12ed699a8d9720dea0bd66449d998e4a08cf18095bed170ccaa76722045fa5dbf7a366918b2db7e3acf29ad22f6b99fd659a9409cb807bf2781d968932f8.jpeg'
08-06 12:58:35.478 24574 24574 D PlaybackController: Releasing PlaybackController
08-06 12:58:35.534 24574 24594 I art     : Starting a blocking GC Explicit
08-06 12:58:35.561 24574 24594 I art     : Explicit concurrent mark sweep GC freed 19079(1210KB) AllocSpace objects, 7(232KB) LOS objects, 37% free, 27MB/43MB, paused 711us total 26.575ms
08-06 12:58:35.570 24574 24594 I art     : Starting a blocking GC Explicit
08-06 12:58:35.595 24574 24594 I art     : Explicit concurrent mark sweep GC freed 1483(66KB) AllocSpace objects, 1(112KB) LOS objects, 37% free, 26MB/42MB, paused 669us total 24.942ms
08-06 12:58:35.604 24574 24594 I art     : Starting a blocking GC Explicit
08-06 12:58:35.628 24574 24594 I art     : Explicit concurrent mark sweep GC freed 30(1696B) AllocSpace objects, 0(0B) LOS objects, 37% free, 26MB/42MB, paused 625us total 23.667ms
08-06 12:58:35.637 24574 24594 I art     : Starting a blocking GC Explicit
08-06 12:58:35.661 24574 24594 I art     : Explicit concurrent mark sweep GC freed 7(288B) AllocSpace objects, 0(0B) LOS objects, 37% free, 26MB/42MB, paused 678us total 23.338ms
08-06 12:58:35.670 24574 24594 I art     : Starting a blocking GC Explicit
08-06 12:58:35.694 24574 24594 I art     : Explicit concurrent mark sweep GC freed 3(96B) AllocSpace objects, 0(0B) LOS objects, 37% free, 26MB/42MB, paused 648us total 23.640ms
08-06 12:58:35.721 24574 25341 D MYTAG   : interceptor 2a
08-06 12:58:35.721 24574 25341 I NAPPA_EXPERIMENTATION: MetricNetworkRequestExecutionTime: REQUEST_DURATION_SYSTEM='276',REQUEST_DURATION_OKHTTP='157',REQUEST_SYNCHRONOUS='TRUE',RESPONSE_CODE='200',RESPONSE_METHOD='GET',RESPONSE_LENGTH_OKHTTP='2466122',RESPONSE_LENGTH_HEADER='2466122',REQUEST_PROTOCOL='h2',REQUEST_URL='https://content.production.cdn.art19.com/images/89/e0/88/44/89e08844-ac28-4fc0-96fa-15a41fec2014/262c12ed699a8d9720dea0bd66449d998e4a08cf18095bed170ccaa76722045fa5dbf7a366918b2db7e3acf29ad22f6b99fd659a9409cb807bf2781d968932f8.jpeg',
08-06 12:58:35.968 24574 24611 I art     : Starting a blocking GC Explicit
08-06 12:58:35.996 24574 24611 I art     : Explicit concurrent mark sweep GC freed 3146(165KB) AllocSpace objects, 1(20KB) LOS objects, 36% free, 27MB/43MB, paused 842us total 27.217ms
08-06 12:58:36.005 24574 24611 I art     : Starting a blocking GC Explicit
08-06 12:58:36.031 24574 24611 I art     : Explicit concurrent mark sweep GC freed 51(3KB) AllocSpace objects, 0(0B) LOS objects, 36% free, 27MB/43MB, paused 639us total 25.603ms
08-06 12:58:36.040 24574 24611 I art     : Starting a blocking GC Explicit
08-06 12:58:36.066 24574 24611 I art     : Explicit concurrent mark sweep GC freed 7(208B) AllocSpace objects, 0(0B) LOS objects, 36% free, 27MB/43MB, paused 691us total 25.699ms
08-06 12:58:36.075 24574 24611 I art     : Starting a blocking GC Explicit
08-06 12:58:36.101 24574 24611 I art     : Explicit concurrent mark sweep GC freed 3(96B) AllocSpace objects, 0(0B) LOS objects, 36% free, 27MB/43MB, paused 725us total 25.849ms
08-06 12:58:36.111 24574 24611 I art     : Starting a blocking GC Explicit
08-06 12:58:36.137 24574 24611 I art     : Explicit concurrent mark sweep GC freed 40(4KB) AllocSpace objects, 0(0B) LOS objects, 36% free, 27MB/43MB, paused 921us total 26.631ms
08-06 12:58:36.422 24574 24594 I art     : Starting a blocking GC Explicit
08-06 12:58:36.455 24574 24594 I art     : Explicit concurrent mark sweep GC freed 1475(93KB) AllocSpace objects, 1(20KB) LOS objects, 36% free, 27MB/43MB, paused 691us total 32.728ms
08-06 12:58:36.467 24574 24594 I art     : Starting a blocking GC Explicit
08-06 12:58:36.493 24574 24594 I art     : Explicit concurrent mark sweep GC freed 29(944B) AllocSpace objects, 0(0B) LOS objects, 36% free, 27MB/43MB, paused 640us total 26.491ms
08-06 12:58:36.503 24574 24594 I art     : Starting a blocking GC Explicit
08-06 12:58:36.529 24574 24594 I art     : Explicit concurrent mark sweep GC freed 3(96B) AllocSpace objects, 0(0B) LOS objects, 36% free, 27MB/43MB, paused 625us total 26.223ms
08-06 12:58:36.539 24574 24594 I art     : Starting a blocking GC Explicit
08-06 12:58:36.566 24574 24594 I art     : Explicit concurrent mark sweep GC freed 3(96B) AllocSpace objects, 0(0B) LOS objects, 36% free, 27MB/43MB, paused 642us total 26.546ms
08-06 12:58:36.575 24574 24594 I art     : Starting a blocking GC Explicit
08-06 12:58:36.602 24574 24594 I art     : Explicit concurrent mark sweep GC freed 3(96B) AllocSpace objects, 0(0B) LOS objects, 36% free, 27MB/43MB, paused 628us total 26.508ms
08-06 12:58:36.918 24574 24611 I art     : Starting a blocking GC Explicit
08-06 12:58:36.951 24574 24611 I art     : Explicit concurrent mark sweep GC freed 1398(80KB) AllocSpace objects, 1(20KB) LOS objects, 36% free, 27MB/43MB, paused 836us total 33.148ms
08-06 12:58:36.962 24574 24611 I art     : Starting a blocking GC Explicit
08-06 12:58:36.989 24574 24611 I art     : Explicit concurrent mark sweep GC freed 23(752B) AllocSpace objects, 0(0B) LOS objects, 36% free, 27MB/43MB, paused 695us total 26.454ms
08-06 12:58:36.998 24574 24611 I art     : Starting a blocking GC Explicit
08-06 12:58:37.024 24574 24611 I art     : Explicit concurrent mark sweep GC freed 3(96B) AllocSpace objects, 0(0B) LOS objects, 36% free, 27MB/43MB, paused 634us total 25.606ms
08-06 12:58:37.033 24574 24611 I art     : Starting a blocking GC Explicit
08-06 12:58:37.061 24574 24611 I art     : Explicit concurrent mark sweep GC freed 7(224B) AllocSpace objects, 0(0B) LOS objects, 36% free, 27MB/43MB, paused 575us total 27.398ms
08-06 12:58:37.070 24574 24611 I art     : Starting a blocking GC Explicit
08-06 12:58:37.095 24574 24611 I art     : Explicit concurrent mark sweep GC freed 7(224B) AllocSpace objects, 0(0B) LOS objects, 36% free, 27MB/43MB, paused 784us total 25.426ms
08-06 12:58:37.411 24574 24595 I art     : Starting a blocking GC Explicit
08-06 12:58:37.440 24574 24595 I art     : Explicit concurrent mark sweep GC freed 1388(80KB) AllocSpace objects, 1(20KB) LOS objects, 36% free, 27MB/43MB, paused 649us total 28.495ms
08-06 12:58:37.454 24574 24595 I art     : Starting a blocking GC Explicit
08-06 12:58:37.479 24574 24595 I art     : Explicit concurrent mark sweep GC freed 23(752B) AllocSpace objects, 0(0B) LOS objects, 36% free, 27MB/43MB, paused 625us total 24.691ms
08-06 12:58:37.488 24574 24595 I art     : Starting a blocking GC Explicit
08-06 12:58:37.513 24574 24595 I art     : Explicit concurrent mark sweep GC freed 3(96B) AllocSpace objects, 0(0B) LOS objects, 36% free, 27MB/43MB, paused 622us total 25.133ms
08-06 12:58:37.522 24574 24595 I art     : Starting a blocking GC Explicit
08-06 12:58:37.548 24574 24595 I art     : Explicit concurrent mark sweep GC freed 3(96B) AllocSpace objects, 0(0B) LOS objects, 36% free, 27MB/43MB, paused 634us total 25.297ms
08-06 12:58:37.557 24574 24595 I art     : Starting a blocking GC Explicit
08-06 12:58:37.583 24574 24595 I art     : Explicit concurrent mark sweep GC freed 3(96B) AllocSpace objects, 0(0B) LOS objects, 36% free, 27MB/43MB, paused 645us total 25.845ms
08-06 12:58:37.927 24574 24594 I art     : Starting a blocking GC Explicit
08-06 12:58:37.962 24574 24594 I art     : Explicit concurrent mark sweep GC freed 1396(82KB) AllocSpace objects, 1(20KB) LOS objects, 36% free, 27MB/43MB, paused 680us total 33.777ms
08-06 12:58:37.974 24574 24594 I art     : Starting a blocking GC Explicit
08-06 12:58:38.000 24574 24594 I art     : Explicit concurrent mark sweep GC freed 23(752B) AllocSpace objects, 0(0B) LOS objects, 36% free, 27MB/43MB, paused 639us total 26.284ms
08-06 12:58:38.010 24574 24594 I art     : Starting a blocking GC Explicit
08-06 12:58:38.036 24574 24594 I art     : Explicit concurrent mark sweep GC freed 3(96B) AllocSpace objects, 0(0B) LOS objects, 36% free, 27MB/43MB, paused 630us total 26.298ms
08-06 12:58:38.037 24574 24592 I art     : WaitForGcToComplete blocked for 26.231ms for cause HeapTrim
08-06 12:58:38.046 24574 24594 I art     : Starting a blocking GC Explicit
08-06 12:58:38.071 24574 24594 I art     : Explicit concurrent mark sweep GC freed 3(96B) AllocSpace objects, 0(0B) LOS objects, 36% free, 27MB/43MB, paused 621us total 25.576ms
08-06 12:58:38.081 24574 24594 I art     : Starting a blocking GC Explicit
08-06 12:58:38.107 24574 24594 I art     : Explicit concurrent mark sweep GC freed 3(96B) AllocSpace objects, 0(0B) LOS objects, 36% free, 27MB/43MB, paused 621us total 25.703ms
08-06 12:58:38.434 24574 24611 I art     : Starting a blocking GC Explicit
08-06 12:58:38.469 24574 24611 I art     : Explicit concurrent mark sweep GC freed 1366(80KB) AllocSpace objects, 1(20KB) LOS objects, 36% free, 27MB/43MB, paused 668us total 34.594ms
08-06 12:58:38.481 24574 24611 I art     : Starting a blocking GC Explicit
08-06 12:58:38.507 24574 24611 I art     : Explicit concurrent mark sweep GC freed 23(752B) AllocSpace objects, 0(0B) LOS objects, 36% free, 27MB/43MB, paused 704us total 25.656ms
08-06 12:58:38.517 24574 24611 I art     : Starting a blocking GC Explicit
08-06 12:58:38.542 24574 24611 I art     : Explicit concurrent mark sweep GC freed 3(96B) AllocSpace objects, 0(0B) LOS objects, 36% free, 27MB/43MB, paused 570us total 24.812ms
08-06 12:58:38.551 24574 24611 I art     : Starting a blocking GC Explicit
08-06 12:58:38.576 24574 24611 I art     : Explicit concurrent mark sweep GC freed 3(96B) AllocSpace objects, 0(0B) LOS objects, 36% free, 27MB/43MB, paused 620us total 25.131ms
08-06 12:58:38.585 24574 24611 I art     : Starting a blocking GC Explicit
08-06 12:58:38.611 24574 24611 I art     : Explicit concurrent mark sweep GC freed 3(96B) AllocSpace objects, 0(0B) LOS objects, 36% free, 27MB/43MB, paused 616us total 25.314ms
08-06 12:58:38.920 24574 24595 I art     : Starting a blocking GC Explicit
08-06 12:58:38.946 24574 24595 I art     : Explicit concurrent mark sweep GC freed 1395(80KB) AllocSpace objects, 1(20KB) LOS objects, 36% free, 27MB/43MB, paused 633us total 26.137ms
08-06 12:58:38.955 24574 24595 I art     : Starting a blocking GC Explicit
08-06 12:58:38.981 24574 24595 I art     : Explicit concurrent mark sweep GC freed 23(752B) AllocSpace objects, 0(0B) LOS objects, 36% free, 27MB/43MB, paused 638us total 25.589ms
08-06 12:58:38.990 24574 24595 I art     : Starting a blocking GC Explicit
08-06 12:58:39.016 24574 24595 I art     : Explicit concurrent mark sweep GC freed 3(96B) AllocSpace objects, 0(0B) LOS objects, 36% free, 27MB/43MB, paused 670us total 25.030ms
08-06 12:58:39.025 24574 24595 I art     : Starting a blocking GC Explicit
08-06 12:58:39.049 24574 24595 I art     : Explicit concurrent mark sweep GC freed 3(96B) AllocSpace objects, 0(0B) LOS objects, 36% free, 27MB/43MB, paused 635us total 24.501ms
08-06 12:58:39.058 24574 24595 I art     : Starting a blocking GC Explicit
08-06 12:58:39.083 24574 24595 I art     : Explicit concurrent mark sweep GC freed 3(96B) AllocSpace objects, 0(0B) LOS objects, 36% free, 27MB/43MB, paused 630us total 24.524ms
08-06 12:58:39.277 25600 25600 D AndroidRuntime: >>>>>> START com.android.internal.os.RuntimeInit uid 2000 <<<<<<
08-06 12:58:39.282 25600 25600 D AndroidRuntime: CheckJNI is OFF
08-06 12:58:39.314 25600 25600 D ICU     : No timezone override file found: /data/misc/zoneinfo/current/icu/icu_tzdata.dat
08-06 12:58:39.346 25600 25600 I Radio-JNI: register_android_hardware_Radio DONE
08-06 12:58:39.369 25600 25600 D AndroidRuntime: Calling main entry com.android.commands.input.Input
08-06 12:58:39.371 25600 25600 I Input   : injectMotionEvent: MotionEvent { action=ACTION_DOWN, actionButton=0, id[0]=0, x[0]=625.0, y[0]=832.0, toolType[0]=TOOL_TYPE_UNKNOWN, buttonState=0, metaState=0, flags=0x0, edgeFlags=0x0, pointerCount=1, historySize=0, eventTime=881935783, downTime=881935783, deviceId=0, source=0x1002 }
08-06 12:58:39.378 25600 25600 I Input   : injectMotionEvent: MotionEvent { action=ACTION_UP, actionButton=0, id[0]=0, x[0]=625.0, y[0]=832.0, toolType[0]=TOOL_TYPE_UNKNOWN, buttonState=0, metaState=0, flags=0x0, edgeFlags=0x0, pointerCount=1, historySize=0, eventTime=881935783, downTime=881935783, deviceId=0, source=0x1002 }
08-06 12:58:39.380 25600 25600 D AndroidRuntime: Shutting down VM
08-06 12:58:39.401 24574 24574 D UserPreferences: Using default data folder
08-06 12:58:39.402   512  2967 D audio_hw_primary: out_set_parameters: enter: usecase(1: low-latency-playback) kvpairs: routing=2
08-06 12:58:39.404 24574 24574 D DownloadRequester: partiallyDownloadedFileExists: false
08-06 12:58:39.404 24574 24574 D DownloadRequester: /storage/emulated/0/Android/data/baseline.de.danoeh.antennapod.debug/files/cache/feed-Nice White Parents is available as a download destination
08-06 12:58:39.407 24574 24574 D DownloadRequester: Requesting download of url https://rss.art19.com/nice-white-parents
08-06 12:58:39.409 24574 24594 I art     : Starting a blocking GC Explicit
08-06 12:58:39.413 24574 24574 D DownloadService: Service started
08-06 12:58:39.415 24574 24574 D DownloadService: parallel downloads: 4
08-06 12:58:39.415   512  2967 D audio_hw_primary: select_devices: out_snd_device(2: speaker) in_snd_device(0: none)
08-06 12:58:39.416   512  2967 D msm8974_platform: platform_send_audio_calibration: sending audio calibration for snd_device(2) acdb_id(15)
08-06 12:58:39.416   512  2967 I soundtrigger: audio_extn_sound_trigger_update_device_status: device 0x2 of type 0 for Event 1
08-06 12:58:39.416 24574 25623 D downloadCompletionThd: downloadCompletionThread was started
08-06 12:58:39.417 24574 24574 D DownloadService: Notification set up
08-06 12:58:39.427   512  2967 D audio_hw_primary: enable_snd_device: snd_device(2: speaker)
08-06 12:58:39.429   512  2967 D audio_hw_primary: enable_audio_route: apply and update mixer path: low-latency-playback speaker
08-06 12:58:39.432 24574 24574 D DownloadService: Received enqueue request
08-06 12:58:39.434 24574 24574 D OnlineFeedViewActivity: onEventMainThread() called with: event = [DownloadEvent{update=DownloaderUpdate{downloaders=[baseline.de.danoeh.antennapod.core.service.download.HttpDownloader@1666ccd], feedIds=[0], mediaIds=[]}}]
08-06 12:58:39.435 24574 24574 D DownloadService: 1 downloads left
08-06 12:58:39.435 24574 24574 D DownloadService: Setting up notification updater
08-06 12:58:39.436   918  6111 D WifiService: acquireWifiLockLocked: WifiLock{Downloader type=1 binder=android.os.BinderProxy@b8b8be9}
08-06 12:58:39.443 24574 25625 D AntennapodHttpClient: Creating new instance of HTTP client
08-06 12:58:39.443 24574 24594 I art     : Explicit concurrent mark sweep GC freed 2139(126KB) AllocSpace objects, 1(20KB) LOS objects, 36% free, 27MB/43MB, paused 6.299ms total 34.466ms
08-06 12:58:39.453 24574 24594 I art     : Starting a blocking GC Explicit
08-06 12:58:39.477 24574 24594 I art     : Explicit concurrent mark sweep GC freed 443(25KB) AllocSpace objects, 0(0B) LOS objects, 36% free, 27MB/43MB, paused 937us total 23.278ms
08-06 12:58:39.486 24574 24594 I art     : Starting a blocking GC Explicit
08-06 12:58:39.508 24574 24594 I art     : Explicit concurrent mark sweep GC freed 23(944B) AllocSpace objects, 0(0B) LOS objects, 36% free, 27MB/43MB, paused 733us total 22.174ms
08-06 12:58:39.517 24574 24594 I art     : Starting a blocking GC Explicit
08-06 12:58:39.540 24574 24594 I art     : Explicit concurrent mark sweep GC freed 65(4KB) AllocSpace objects, 0(0B) LOS objects, 36% free, 27MB/43MB, paused 711us total 23.308ms
08-06 12:58:39.549 24574 24594 I art     : Starting a blocking GC Explicit
08-06 12:58:39.572 24574 24594 I art     : Explicit concurrent mark sweep GC freed 22(928B) AllocSpace objects, 0(0B) LOS objects, 36% free, 27MB/43MB, paused 703us total 23.556ms
08-06 12:58:39.768 24574 25625 D MYTAG   : interceptor 3a https://rss.art19.com/nice-white-parents
08-06 12:58:39.768 24574 25625 I NAPPA_EXPERIMENTATION: MetricNetworkRequestExecutionTime: REQUEST_DURATION_SYSTEM='324',REQUEST_DURATION_OKHTTP='147',REQUEST_SYNCHRONOUS='TRUE',RESPONSE_CODE='200',RESPONSE_METHOD='GET',RESPONSE_LENGTH_OKHTTP='-1',RESPONSE_LENGTH_HEADER='1803',REQUEST_PROTOCOL='h2',REQUEST_URL='https://rss.art19.com/nice-white-parents',
08-06 12:58:39.768 24574 25625 D HttpDownloader: Response code is 200
08-06 12:58:39.768 24574 25625 D UserPreferences: Using default data folder
08-06 12:58:39.771 24574 25625 D HttpDownloader: Getting size of download
08-06 12:58:39.771 24574 25625 D HttpDownloader: Size is -1
08-06 12:58:39.771 24574 25625 D UserPreferences: Using default data folder
08-06 12:58:39.771 24574 25625 D HttpDownloader: Free space is 20177350656
08-06 12:58:39.771 24574 25625 D HttpDownloader: Starting download
08-06 12:58:39.809 24574 25625 D HttpDownloader: Download was successful
08-06 12:58:39.810   918  3961 D WifiService: releaseWifiLockLocked: WifiLock{Downloader type=1 binder=android.os.BinderProxy@b8b8be9}
08-06 12:58:39.811 24574 25623 D downloadCompletionThd: Received 'Download Complete' - message.
08-06 12:58:39.811 24574 25623 D DownloadService: Handling completed Feed Download
08-06 12:58:39.811 24574 24574 D DownloadService: Removing downloader: https://rss.art19.com/nice-white-parents
08-06 12:58:39.811 24574 24574 D DownloadService: Result of downloads.remove: true
08-06 12:58:39.812 24574 24574 D OnlineFeedViewActivity: onEventMainThread() called with: event = [DownloadEvent{update=DownloaderUpdate{downloaders=[], feedIds=[], mediaIds=[]}}]
08-06 12:58:39.818 24574 25641 D TypeGetter: Recognized type RSS 2.0
08-06 12:58:39.819 24574 25641 D SyndHandler: Recognized ITunes namespace
08-06 12:58:39.819 24574 25641 D SyndHandler: Recognized Atom namespace
08-06 12:58:39.819 24574 25641 D SyndHandler: Recognized Content namespace
08-06 12:58:39.823 24574 25641 D FeedSyncThread: Nice White Parents parsed
08-06 12:58:39.824 24574 25641 D FeedSyncThread: Deletion of file '/storage/emulated/0/Android/data/baseline.de.danoeh.antennapod.debug/files/cache/feed-Nice White Parents' successful
08-06 12:58:39.824 24574 25641 D DBReader: getFeedDownloadLog() called with: feed = [baseline.de.danoeh.antennapod.core.feed.Feed@0]
08-06 12:58:39.825 24574 25624 D FeedSyncThread: Bundling 1 feeds
08-06 12:58:39.826 24574 25642 D DBReader: Extracting Feedlist
08-06 12:58:39.827 24574 25642 D DBTasks : Found no existing Feed with title Nice White Parents. Adding as new one.
08-06 12:58:39.829 24574 25643 D PodDBAdapter: Setting feed with flattr status Nice White Parents: 0
08-06 12:58:39.830 24574 25643 D baseline.de.danoeh.antennapod.core.storage.PodDBAdapter@52036da: Inserting new Feed into db
08-06 12:58:39.837 24574 24594 I art     : Starting a blocking GC Explicit
08-06 12:58:39.844 24574 24574 D EventDistributor: Processing event queue. Number of events: 1
08-06 12:58:39.844 24574 24574 D EventDistributor: Notifying observers. Data: 1
08-06 12:58:39.844 24574 24574 D DownloadService: 0 downloads left
08-06 12:58:39.844 24574 25139 D DBReader: Extracting Feedlist
08-06 12:58:39.845 24574 24574 D DownloadService: Number of downloads is 0, attempting shutdown
08-06 12:58:39.846 24574 24574 D DownloadService: Service shutting down
08-06 12:58:39.846 24574 24574 D DownloadService: No report is created
08-06 12:58:39.846 24574 24574 D OnlineFeedViewActivity: onEventMainThread() called with: event = [DownloadEvent{update=DownloaderUpdate{downloaders=[], feedIds=[], mediaIds=[]}}]
08-06 12:58:39.849 24574 24574 D DownloadService: NotificationUpdater cancelled. Result: false
08-06 12:58:39.849 24574 25623 E downloadCompletionThd: DownloadCompletionThread was interrupted
08-06 12:58:39.850 24574 24574 D DBTasks : autodownloadUndownloadedItems
08-06 12:58:39.852 24574 25644 D NetworkUtils: Device is connected to Wi-Fi
08-06 12:58:39.853 24574 25644 D NetworkUtils: Auto-dl filter is disabled
08-06 12:58:39.867 24574 24594 I art     : Explicit concurrent mark sweep GC freed 7379(568KB) AllocSpace objects, 8(300KB) LOS objects, 36% free, 27MB/43MB, paused 1.030ms total 28.954ms
08-06 12:58:39.875 24574 24594 I art     : Starting a blocking GC Explicit
08-06 12:58:39.900 24574 24594 I art     : Explicit concurrent mark sweep GC freed 1368(138KB) AllocSpace objects, 0(0B) LOS objects, 36% free, 27MB/43MB, paused 722us total 24.182ms
08-06 12:58:39.908 24574 24594 I art     : Starting a blocking GC Explicit
08-06 12:58:39.933 24574 24594 I art     : Explicit concurrent mark sweep GC freed 22(800B) AllocSpace objects, 0(0B) LOS objects, 36% free, 27MB/43MB, paused 721us total 24.441ms
08-06 12:58:39.942 24574 24594 I art     : Starting a blocking GC Explicit
08-06 12:58:39.966 24574 24594 I art     : Explicit concurrent mark sweep GC freed 5(160B) AllocSpace objects, 0(0B) LOS objects, 36% free, 27MB/43MB, paused 685us total 24.099ms
08-06 12:58:39.969   512  2967 D audio_hw_primary: disable_audio_route: reset and update mixer path: low-latency-playback speaker
08-06 12:58:39.970   512  2967 D audio_hw_primary: disable_snd_device: snd_device(2: speaker)
08-06 12:58:39.975 24574 24594 I art     : Starting a blocking GC Explicit
08-06 12:58:39.977   512  2967 I soundtrigger: audio_extn_sound_trigger_update_device_status: device 0x2 of type 0 for Event 0
08-06 12:58:39.999 24574 24594 I art     : Explicit concurrent mark sweep GC freed 5(160B) AllocSpace objects, 0(0B) LOS objects, 36% free, 27MB/43MB, paused 777us total 24.495ms
08-06 12:58:40.284 24574 24611 I art     : Starting a blocking GC Explicit
08-06 12:58:40.312 24574 24611 I art     : Explicit concurrent mark sweep GC freed 1377(80KB) AllocSpace objects, 1(20KB) LOS objects, 36% free, 27MB/43MB, paused 777us total 27.723ms
08-06 12:58:40.321 24574 24611 I art     : Starting a blocking GC Explicit
08-06 12:58:40.349 24574 24611 I art     : Explicit concurrent mark sweep GC freed 25(816B) AllocSpace objects, 0(0B) LOS objects, 36% free, 27MB/43MB, paused 773us total 27.776ms
08-06 12:58:40.359 24574 24611 I art     : Starting a blocking GC Explicit
08-06 12:58:40.387 24574 24611 I art     : Explicit concurrent mark sweep GC freed 3(96B) AllocSpace objects, 0(0B) LOS objects, 36% free, 27MB/43MB, paused 765us total 27.019ms
08-06 12:58:40.396 24574 24611 I art     : Starting a blocking GC Explicit
08-06 12:58:40.424 24574 24611 I art     : Explicit concurrent mark sweep GC freed 3(96B) AllocSpace objects, 0(0B) LOS objects, 36% free, 27MB/43MB, paused 774us total 27.332ms
08-06 12:58:40.433 24574 24611 I art     : Starting a blocking GC Explicit
08-06 12:58:40.461 24574 24611 I art     : Explicit concurrent mark sweep GC freed 3(96B) AllocSpace objects, 0(0B) LOS objects, 36% free, 27MB/43MB, paused 778us total 27.740ms
08-06 12:58:40.757 24574 24594 I art     : Starting a blocking GC Explicit
08-06 12:58:40.793 24574 24594 I art     : Explicit concurrent mark sweep GC freed 1367(82KB) AllocSpace objects, 1(20KB) LOS objects, 36% free, 27MB/43MB, paused 827us total 36.108ms
08-06 12:58:40.806 24574 24594 I art     : Starting a blocking GC Explicit
08-06 12:58:40.834 24574 24594 I art     : Explicit concurrent mark sweep GC freed 23(752B) AllocSpace objects, 0(0B) LOS objects, 36% free, 27MB/43MB, paused 787us total 27.912ms
08-06 12:58:40.844 24574 24594 I art     : Starting a blocking GC Explicit
08-06 12:58:40.872 24574 24594 I art     : Explicit concurrent mark sweep GC freed 3(96B) AllocSpace objects, 0(0B) LOS objects, 36% free, 27MB/43MB, paused 786us total 27.651ms
08-06 12:58:40.881 24574 24594 I art     : Starting a blocking GC Explicit
08-06 12:58:40.909 24574 24594 I art     : Explicit concurrent mark sweep GC freed 32(880B) AllocSpace objects, 0(0B) LOS objects, 36% free, 27MB/43MB, paused 777us total 27.745ms
08-06 12:58:40.919 24574 24594 I art     : Starting a blocking GC Explicit
08-06 12:58:40.947 24574 24594 I art     : Explicit concurrent mark sweep GC freed 3(96B) AllocSpace objects, 0(0B) LOS objects, 36% free, 27MB/43MB, paused 836us total 28.031ms
08-06 12:58:41.284 24574 24595 I art     : Starting a blocking GC Explicit
08-06 12:58:41.318 24574 24595 I art     : Explicit concurrent mark sweep GC freed 1373(82KB) AllocSpace objects, 1(20KB) LOS objects, 36% free, 27MB/43MB, paused 866us total 33.907ms
08-06 12:58:41.330 24574 24595 I art     : Starting a blocking GC Explicit
08-06 12:58:41.357 24574 24595 I art     : Explicit concurrent mark sweep GC freed 23(752B) AllocSpace objects, 0(0B) LOS objects, 36% free, 27MB/43MB, paused 839us total 27.554ms
08-06 12:58:41.367 24574 24595 I art     : Starting a blocking GC Explicit
08-06 12:58:41.395 24574 24595 I art     : Explicit concurrent mark sweep GC freed 3(96B) AllocSpace objects, 0(0B) LOS objects, 36% free, 27MB/43MB, paused 742us total 27.309ms
08-06 12:58:41.404 24574 24595 I art     : Starting a blocking GC Explicit
08-06 12:58:41.431 24574 24595 I art     : Explicit concurrent mark sweep GC freed 3(96B) AllocSpace objects, 0(0B) LOS objects, 36% free, 27MB/43MB, paused 759us total 26.664ms
08-06 12:58:41.441 24574 24595 I art     : Starting a blocking GC Explicit
08-06 12:58:41.468 24574 24595 I art     : Explicit concurrent mark sweep GC freed 3(96B) AllocSpace objects, 0(0B) LOS objects, 36% free, 27MB/43MB, paused 805us total 27.600ms
08-06 12:58:41.777 24574 24611 I art     : Starting a blocking GC Explicit
08-06 12:58:41.811 24574 24611 I art     : Explicit concurrent mark sweep GC freed 1372(82KB) AllocSpace objects, 1(20KB) LOS objects, 36% free, 27MB/43MB, paused 847us total 33.720ms
08-06 12:58:41.823 24574 24611 I art     : Starting a blocking GC Explicit
08-06 12:58:41.852 24574 24611 I art     : Explicit concurrent mark sweep GC freed 23(752B) AllocSpace objects, 0(0B) LOS objects, 36% free, 27MB/43MB, paused 778us total 28.322ms
08-06 12:58:41.861 24574 24611 I art     : Starting a blocking GC Explicit
08-06 12:58:41.889 24574 24611 I art     : Explicit concurrent mark sweep GC freed 32(880B) AllocSpace objects, 0(0B) LOS objects, 36% free, 27MB/43MB, paused 786us total 27.110ms
08-06 12:58:41.898 24574 24611 I art     : Starting a blocking GC Explicit
08-06 12:58:41.925 24574 24611 I art     : Explicit concurrent mark sweep GC freed 3(96B) AllocSpace objects, 0(0B) LOS objects, 36% free, 27MB/43MB, paused 777us total 27.151ms
08-06 12:58:41.935 24574 24611 I art     : Starting a blocking GC Explicit
08-06 12:58:41.963 24574 24611 I art     : Explicit concurrent mark sweep GC freed 3(96B) AllocSpace objects, 0(0B) LOS objects, 36% free, 27MB/43MB, paused 790us total 27.907ms
08-06 12:58:42.301 24574 24594 I art     : Starting a blocking GC Explicit
08-06 12:58:42.338 24574 24594 I art     : Explicit concurrent mark sweep GC freed 1370(80KB) AllocSpace objects, 1(20KB) LOS objects, 36% free, 27MB/43MB, paused 886us total 37.138ms
08-06 12:58:42.350 24574 24594 I art     : Starting a blocking GC Explicit
08-06 12:58:42.378 24574 24594 I art     : Explicit concurrent mark sweep GC freed 23(752B) AllocSpace objects, 0(0B) LOS objects, 36% free, 27MB/43MB, paused 795us total 27.602ms
08-06 12:58:42.387 24574 24594 I art     : Starting a blocking GC Explicit
08-06 12:58:42.414 24574 24594 I art     : Explicit concurrent mark sweep GC freed 3(96B) AllocSpace objects, 0(0B) LOS objects, 36% free, 27MB/43MB, paused 768us total 26.754ms
08-06 12:58:42.424 24574 24594 I art     : Starting a blocking GC Explicit
08-06 12:58:42.452 24574 24594 I art     : Explicit concurrent mark sweep GC freed 3(96B) AllocSpace objects, 0(0B) LOS objects, 36% free, 27MB/43MB, paused 774us total 27.331ms
08-06 12:58:42.461 24574 24594 I art     : Starting a blocking GC Explicit
08-06 12:58:42.489 24574 24594 I art     : Explicit concurrent mark sweep GC freed 3(96B) AllocSpace objects, 0(0B) LOS objects, 36% free, 27MB/43MB, paused 803us total 27.295ms
08-06 12:58:42.795 24574 24595 I art     : Starting a blocking GC Explicit
08-06 12:58:42.829 24574 24595 I art     : Explicit concurrent mark sweep GC freed 1366(80KB) AllocSpace objects, 1(20KB) LOS objects, 36% free, 27MB/43MB, paused 872us total 34.227ms
08-06 12:58:42.842 24574 24595 I art     : Starting a blocking GC Explicit
08-06 12:58:42.872 24574 24595 I art     : Explicit concurrent mark sweep GC freed 23(752B) AllocSpace objects, 0(0B) LOS objects, 36% free, 27MB/43MB, paused 930us total 28.959ms
08-06 12:58:42.882 24574 24595 I art     : Starting a blocking GC Explicit
08-06 12:58:42.910 24574 24595 I art     : Explicit concurrent mark sweep GC freed 32(880B) AllocSpace objects, 0(0B) LOS objects, 36% free, 27MB/43MB, paused 760us total 27.876ms
08-06 12:58:42.919 24574 24595 I art     : Starting a blocking GC Explicit
08-06 12:58:42.946 24574 24595 I art     : Explicit concurrent mark sweep GC freed 3(96B) AllocSpace objects, 0(0B) LOS objects, 36% free, 27MB/43MB, paused 770us total 26.936ms
08-06 12:58:42.956 24574 24595 I art     : Starting a blocking GC Explicit
08-06 12:58:42.984 24574 24595 I art     : Explicit concurrent mark sweep GC freed 3(96B) AllocSpace objects, 0(0B) LOS objects, 36% free, 27MB/43MB, paused 787us total 27.710ms
08-06 12:58:43.311 24574 24611 I art     : Starting a blocking GC Explicit
08-06 12:58:43.348 24574 24611 I art     : Explicit concurrent mark sweep GC freed 1367(82KB) AllocSpace objects, 1(20KB) LOS objects, 36% free, 27MB/43MB, paused 947us total 36.537ms
08-06 12:58:43.360 24574 24611 I art     : Starting a blocking GC Explicit
08-06 12:58:43.388 24574 24611 I art     : Explicit concurrent mark sweep GC freed 23(752B) AllocSpace objects, 0(0B) LOS objects, 36% free, 27MB/43MB, paused 770us total 27.795ms
08-06 12:58:43.398 24574 24611 I art     : Starting a blocking GC Explicit
08-06 12:58:43.425 24574 24611 I art     : Explicit concurrent mark sweep GC freed 3(96B) AllocSpace objects, 0(0B) LOS objects, 36% free, 27MB/43MB, paused 690us total 26.936ms
08-06 12:58:43.435 24574 24611 I art     : Starting a blocking GC Explicit
08-06 12:58:43.462 24574 24611 I art     : Explicit concurrent mark sweep GC freed 3(96B) AllocSpace objects, 0(0B) LOS objects, 36% free, 27MB/43MB, paused 864us total 27.286ms
08-06 12:58:43.472 24574 24611 I art     : Starting a blocking GC Explicit
08-06 12:58:43.499 24574 24611 I art     : Explicit concurrent mark sweep GC freed 3(96B) AllocSpace objects, 0(0B) LOS objects, 36% free, 27MB/43MB, paused 768us total 26.768ms
08-06 12:58:43.771 24574 24594 I art     : Starting a blocking GC Explicit
08-06 12:58:43.804 24574 24594 I art     : Explicit concurrent mark sweep GC freed 1366(80KB) AllocSpace objects, 1(20KB) LOS objects, 36% free, 27MB/43MB, paused 833us total 33.143ms
08-06 12:58:43.814 24574 24594 I art     : Starting a blocking GC Explicit
08-06 12:58:43.841 24574 24594 I art     : Explicit concurrent mark sweep GC freed 23(752B) AllocSpace objects, 0(0B) LOS objects, 36% free, 27MB/43MB, paused 753us total 26.570ms
08-06 12:58:43.850 24574 24594 I art     : Starting a blocking GC Explicit
08-06 12:58:43.875 24574 24594 I art     : Explicit concurrent mark sweep GC freed 3(96B) AllocSpace objects, 0(0B) LOS objects, 36% free, 27MB/43MB, paused 746us total 25.482ms
08-06 12:58:43.885 24574 24594 I art     : Starting a blocking GC Explicit
08-06 12:58:43.911 24574 24594 I art     : Explicit concurrent mark sweep GC freed 32(880B) AllocSpace objects, 0(0B) LOS objects, 36% free, 27MB/43MB, paused 748us total 25.947ms
08-06 12:58:43.920 24574 24594 I art     : Starting a blocking GC Explicit
08-06 12:58:43.945 24574 24594 I art     : Explicit concurrent mark sweep GC freed 3(96B) AllocSpace objects, 0(0B) LOS objects, 36% free, 27MB/43MB, paused 726us total 25.456ms
08-06 12:58:44.074 25717 25717 D AndroidRuntime: >>>>>> START com.android.internal.os.RuntimeInit uid 2000 <<<<<<
08-06 12:58:44.082 25717 25717 D AndroidRuntime: CheckJNI is OFF
08-06 12:58:44.117 25717 25717 D ICU     : No timezone override file found: /data/misc/zoneinfo/current/icu/icu_tzdata.dat
08-06 12:58:44.150 25717 25717 I Radio-JNI: register_android_hardware_Radio DONE
08-06 12:58:44.173 25717 25717 D AndroidRuntime: Calling main entry com.android.commands.input.Input
08-06 12:58:44.174 25717 25717 I Input   : injectKeyEvent: KeyEvent { action=ACTION_DOWN, keyCode=KEYCODE_BACK, scanCode=0, metaState=0, flags=0x0, repeatCount=0, eventTime=881940587, downTime=881940587, deviceId=-1, source=0x101 }
08-06 12:58:44.186 25717 25717 I Input   : injectKeyEvent: KeyEvent { action=ACTION_UP, keyCode=KEYCODE_BACK, scanCode=0, metaState=0, flags=0x0, repeatCount=0, eventTime=881940587, downTime=881940587, deviceId=-1, source=0x101 }
08-06 12:58:44.193 25717 25717 D AndroidRuntime: Shutting down VM
08-06 12:58:44.198 24574 24574 V PlaybackController: initServiceNotRunning()
08-06 12:58:44.198 24574 24574 D ExternalPlayerFragment: Loading media info
08-06 12:58:44.202 24574 24574 D UserPreferences: Using default data folder
08-06 12:58:44.202 24574 25139 D DBReader: getNavDrawerData() called with: 
08-06 12:58:44.205 21246 21246 I ServiceManager: Waiting for service AtCmdFwd...
08-06 12:58:44.206 24574 25139 D DBReader: getDownloadedItems() called
08-06 12:58:44.206 24574 25139 D DBReader: getFavoriteIDList() called
08-06 12:58:44.207 24574 25139 D DBReader: getQueueIDList() called
08-06 12:58:44.207 24574 25139 D DBReader: Extracting Feedlist
08-06 12:58:44.232 24574 24574 D MainActivity: getLastNavFragment() -> AddFeedFragment
08-06 12:58:44.234 13866 13866 I GoogleInputMethodServic: GoogleInputMethodService.onFinishInput():3138 
08-06 12:58:44.234 24574 24594 I art     : Starting a blocking GC Explicit
08-06 12:58:44.234 13866 13866 I GoogleInputMethodServic: GoogleInputMethodService.onStartInput():1808 
08-06 12:58:44.251 24574 25523 D ApOkHttpUrlLoader: buildLoadData() called with: model = [https://content.production.cdn.art19.com/images/89/e0/88/44/89e08844-ac28-4fc0-96fa-15a41fec2014/262c12ed699a8d9720dea0bd66449d998e4a08cf18095bed170ccaa76722045fa5dbf7a366918b2db7e3acf29ad22f6b99fd659a9409cb807bf2781d968932f8.jpeg], width = [140], height = [140]
08-06 12:58:44.264 24574 24594 I art     : Explicit concurrent mark sweep GC freed 2324(158KB) AllocSpace objects, 1(20KB) LOS objects, 36% free, 27MB/43MB, paused 1.026ms total 29.872ms
08-06 12:58:44.273 24574 24594 I art     : Starting a blocking GC Explicit
08-06 12:58:44.299 24574 24594 I art     : Explicit concurrent mark sweep GC freed 473(29KB) AllocSpace objects, 0(0B) LOS objects, 36% free, 27MB/43MB, paused 801us total 25.829ms
08-06 12:58:44.308 24574 24594 I art     : Starting a blocking GC Explicit
08-06 12:58:44.330 24574 24594 I art     : Explicit concurrent mark sweep GC freed 142(9KB) AllocSpace objects, 0(0B) LOS objects, 36% free, 27MB/43MB, paused 792us total 22.633ms
08-06 12:58:44.339 24574 24594 I art     : Starting a blocking GC Explicit
08-06 12:58:44.364 24574 24594 I art     : Explicit concurrent mark sweep GC freed 3(96B) AllocSpace objects, 0(0B) LOS objects, 36% free, 27MB/43MB, paused 789us total 24.772ms
08-06 12:58:44.373 24574 24594 I art     : Starting a blocking GC Explicit
08-06 12:58:44.399 24574 24594 I art     : Explicit concurrent mark sweep GC freed 3(96B) AllocSpace objects, 0(0B) LOS objects, 36% free, 27MB/43MB, paused 789us total 26.759ms
08-06 12:58:44.552   380   380 W SurfaceFlinger: couldn't log to binary event log: overflow.
08-06 12:58:44.644 24574 24595 I art     : Starting a blocking GC Explicit
08-06 12:58:44.669 24574 24595 I art     : Explicit concurrent mark sweep GC freed 2218(126KB) AllocSpace objects, 1(20KB) LOS objects, 36% free, 27MB/43MB, paused 772us total 25.183ms
08-06 12:58:44.677 24574 24595 I art     : Starting a blocking GC Explicit
08-06 12:58:44.702 24574 24595 I art     : Explicit concurrent mark sweep GC freed 2499(153KB) AllocSpace objects, 2(248KB) LOS objects, 36% free, 27MB/43MB, paused 739us total 24.294ms
08-06 12:58:44.711 24574 24595 I art     : Starting a blocking GC Explicit
08-06 12:58:44.735 24574 24595 I art     : Explicit concurrent mark sweep GC freed 3(96B) AllocSpace objects, 0(0B) LOS objects, 36% free, 27MB/43MB, paused 739us total 23.817ms
08-06 12:58:44.743 24574 24595 I art     : Starting a blocking GC Explicit
08-06 12:58:44.767 24574 24595 I art     : Explicit concurrent mark sweep GC freed 3(96B) AllocSpace objects, 0(0B) LOS objects, 36% free, 27MB/43MB, paused 811us total 23.996ms
08-06 12:58:44.776 24574 24595 I art     : Starting a blocking GC Explicit
08-06 12:58:44.802 24574 24595 I art     : Explicit concurrent mark sweep GC freed 3(96B) AllocSpace objects, 0(0B) LOS objects, 36% free, 27MB/43MB, paused 767us total 25.753ms
08-06 12:58:45.083 24574 24594 I art     : Starting a blocking GC Explicit
08-06 12:58:45.117 24574 24594 I art     : Explicit concurrent mark sweep GC freed 1401(83KB) AllocSpace objects, 1(20KB) LOS objects, 36% free, 27MB/43MB, paused 790us total 33.514ms
08-06 12:58:45.129 24574 24594 I art     : Starting a blocking GC Explicit
08-06 12:58:45.156 24574 24594 I art     : Explicit concurrent mark sweep GC freed 23(752B) AllocSpace objects, 0(0B) LOS objects, 36% free, 27MB/43MB, paused 777us total 26.832ms
08-06 12:58:45.165 24574 24594 I art     : Starting a blocking GC Explicit
08-06 12:58:45.192 24574 24594 I art     : Explicit concurrent mark sweep GC freed 3(96B) AllocSpace objects, 0(0B) LOS objects, 36% free, 27MB/43MB, paused 823us total 26.127ms
08-06 12:58:45.201 24574 24594 I art     : Starting a blocking GC Explicit
08-06 12:58:45.206 21246 21246 I ServiceManager: Waiting for service AtCmdFwd...
08-06 12:58:45.227 24574 24594 I art     : Explicit concurrent mark sweep GC freed 3(96B) AllocSpace objects, 0(0B) LOS objects, 36% free, 27MB/43MB, paused 837us total 26.080ms
08-06 12:58:45.236 24574 24594 I art     : Starting a blocking GC Explicit
08-06 12:58:45.263 24574 24594 I art     : Explicit concurrent mark sweep GC freed 3(96B) AllocSpace objects, 0(0B) LOS objects, 36% free, 27MB/43MB, paused 748us total 25.991ms
08-06 12:58:45.528 24574 24611 I art     : Starting a blocking GC Explicit
08-06 12:58:45.555 24574 24611 I art     : Explicit concurrent mark sweep GC freed 1368(80KB) AllocSpace objects, 1(20KB) LOS objects, 36% free, 27MB/43MB, paused 780us total 26.365ms
08-06 12:58:45.564 24574 24611 I art     : Starting a blocking GC Explicit
08-06 12:58:45.591 24574 24611 I art     : Explicit concurrent mark sweep GC freed 23(752B) AllocSpace objects, 0(0B) LOS objects, 36% free, 27MB/43MB, paused 867us total 26.372ms
08-06 12:58:45.600 24574 24611 I art     : Starting a blocking GC Explicit
08-06 12:58:45.625 24574 24611 I art     : Explicit concurrent mark sweep GC freed 3(96B) AllocSpace objects, 0(0B) LOS objects, 36% free, 27MB/43MB, paused 775us total 24.544ms
08-06 12:58:45.634 24574 24611 I art     : Starting a blocking GC Explicit
08-06 12:58:45.659 24574 24611 I art     : Explicit concurrent mark sweep GC freed 3(96B) AllocSpace objects, 0(0B) LOS objects, 36% free, 27MB/43MB, paused 755us total 24.528ms
08-06 12:58:45.668 24574 24611 I art     : Starting a blocking GC Explicit
08-06 12:58:45.693 24574 24611 I art     : Explicit concurrent mark sweep GC freed 3(96B) AllocSpace objects, 0(0B) LOS objects, 36% free, 27MB/43MB, paused 880us total 24.939ms
08-06 12:58:45.858 25774 25774 D AndroidRuntime: >>>>>> START com.android.internal.os.RuntimeInit uid 2000 <<<<<<
08-06 12:58:45.864 25774 25774 D AndroidRuntime: CheckJNI is OFF
08-06 12:58:45.899 25774 25774 D ICU     : No timezone override file found: /data/misc/zoneinfo/current/icu/icu_tzdata.dat
08-06 12:58:45.931 25774 25774 I Radio-JNI: register_android_hardware_Radio DONE
08-06 12:58:45.952 25774 25774 D AndroidRuntime: Calling main entry com.android.commands.input.Input
08-06 12:58:45.953 25774 25774 I Input   : injectMotionEvent: MotionEvent { action=ACTION_DOWN, actionButton=0, id[0]=0, x[0]=639.0, y[0]=762.0, toolType[0]=TOOL_TYPE_UNKNOWN, buttonState=0, metaState=0, flags=0x0, edgeFlags=0x0, pointerCount=1, historySize=0, eventTime=881942366, downTime=881942366, deviceId=0, source=0x1002 }
08-06 12:58:45.957 25774 25774 I Input   : injectMotionEvent: MotionEvent { action=ACTION_UP, actionButton=0, id[0]=0, x[0]=639.0, y[0]=762.0, toolType[0]=TOOL_TYPE_UNKNOWN, buttonState=0, metaState=0, flags=0x0, edgeFlags=0x0, pointerCount=1, historySize=0, eventTime=881942366, downTime=881942366, deviceId=0, source=0x1002 }
08-06 12:58:45.958 25774 25774 D AndroidRuntime: Shutting down VM
08-06 12:58:45.998 24574 24595 I art     : Starting a blocking GC Explicit
08-06 12:58:46.023 24574 24595 I art     : Explicit concurrent mark sweep GC freed 1448(83KB) AllocSpace objects, 1(20KB) LOS objects, 36% free, 27MB/43MB, paused 861us total 24.514ms
08-06 12:58:46.033 24574 24595 I art     : Starting a blocking GC Explicit
08-06 12:58:46.042   512  2967 D audio_hw_primary: out_set_parameters: enter: usecase(1: low-latency-playback) kvpairs: routing=2
08-06 12:58:46.055   512  2967 D audio_hw_primary: select_devices: out_snd_device(2: speaker) in_snd_device(0: none)
08-06 12:58:46.055   512  2967 D msm8974_platform: platform_send_audio_calibration: sending audio calibration for snd_device(2) acdb_id(15)
08-06 12:58:46.055   512  2967 I soundtrigger: audio_extn_sound_trigger_update_device_status: device 0x2 of type 0 for Event 1
08-06 12:58:46.060 24574 24595 I art     : Explicit concurrent mark sweep GC freed 192(7KB) AllocSpace objects, 0(0B) LOS objects, 36% free, 27MB/43MB, paused 1.033ms total 27.090ms
08-06 12:58:46.062 13866 13866 I GoogleInputMethodServic: GoogleInputMethodService.onFinishInput():3138 
08-06 12:58:46.063 13866 13866 I GoogleInputMethodServic: GoogleInputMethodService.onStartInput():1808 
08-06 12:58:46.066   512  2967 D audio_hw_primary: enable_snd_device: snd_device(2: speaker)
08-06 12:58:46.068   512  2967 D audio_hw_primary: enable_audio_route: apply and update mixer path: low-latency-playback speaker
08-06 12:58:46.070 24574 24595 I art     : Starting a blocking GC Explicit
08-06 12:58:46.096 24574 24595 I art     : Explicit concurrent mark sweep GC freed 51(2208B) AllocSpace objects, 0(0B) LOS objects, 36% free, 27MB/43MB, paused 726us total 26.124ms
08-06 12:58:46.105 24574 24595 I art     : Starting a blocking GC Explicit
08-06 12:58:46.128 24574 24595 I art     : Explicit concurrent mark sweep GC freed 17(608B) AllocSpace objects, 0(0B) LOS objects, 36% free, 27MB/43MB, paused 777us total 22.949ms
08-06 12:58:46.137 24574 24595 I art     : Starting a blocking GC Explicit
08-06 12:58:46.162 24574 24595 I art     : Explicit concurrent mark sweep GC freed 12(432B) AllocSpace objects, 0(0B) LOS objects, 36% free, 27MB/43MB, paused 802us total 24.195ms
08-06 12:58:46.195 24574 24613 I NAPPA_EXPERIMENTATION: MetricNetworkRequestExecutionTime: REQUEST_DURATION_SYSTEM='155',REQUEST_DURATION_OKHTTP='154',REQUEST_SYNCHRONOUS='TRUE',RESPONSE_CODE='200',RESPONSE_METHOD='GET',RESPONSE_LENGTH_OKHTTP='-1',RESPONSE_LENGTH_HEADER='622',REQUEST_PROTOCOL='h2',REQUEST_URL='https://itunes.apple.com/lookup?id=360084272',
08-06 12:58:46.205   918  5481 I ActivityManager: START u0 {cmp=baseline.de.danoeh.antennapod.debug/baseline.de.danoeh.antennapod.activity.OnlineFeedViewActivity (has extras)} from uid 10711 on display 0
08-06 12:58:46.206 21246 21246 I ServiceManager: Waiting for service AtCmdFwd...
08-06 12:58:46.227 13866 13866 I GoogleInputMethodServic: GoogleInputMethodService.onFinishInput():3138 
08-06 12:58:46.228 13866 13866 I GoogleInputMethodServic: GoogleInputMethodService.onStartInput():1808 
08-06 12:58:46.249 24574 24574 D UserPreferences: Using default data folder
08-06 12:58:46.250 24574 24574 D OnlineFeedViewActivity: Activity was started with url http://joeroganexp.joerogan.libsynpro.com/rss
08-06 12:58:46.253 24574 24574 D OnlineFeedViewActivity: Starting feed download
08-06 12:58:46.255 24574 24605 D DBReader: Extracting Feedlist
08-06 12:58:46.257   918  5481 D WifiService: acquireWifiLockLocked: WifiLock{Downloader type=1 binder=android.os.BinderProxy@44921a0}
08-06 12:58:46.258 24574 24605 D AntennapodHttpClient: Creating new instance of HTTP client
08-06 12:58:46.304 24574 24605 D MYTAG   : interceptor 3a http://joeroganexp.joerogan.libsynpro.com/rss
08-06 12:58:46.304 24574 24605 I NAPPA_EXPERIMENTATION: MetricNetworkRequestExecutionTime: REQUEST_DURATION_SYSTEM='45',REQUEST_DURATION_OKHTTP='38',REQUEST_SYNCHRONOUS='TRUE',RESPONSE_CODE='200',RESPONSE_METHOD='GET',RESPONSE_LENGTH_OKHTTP='-1',RESPONSE_LENGTH_HEADER='307892',REQUEST_PROTOCOL='http/1.1',REQUEST_URL='http://joeroganexp.joerogan.libsynpro.com/rss',
08-06 12:58:46.304 24574 24605 D HttpDownloader: Response code is 200
08-06 12:58:46.304 24574 24605 D UserPreferences: Using default data folder
08-06 12:58:46.308 24574 24605 D HttpDownloader: Getting size of download
08-06 12:58:46.308 24574 24605 D HttpDownloader: Size is -1
08-06 12:58:46.308 24574 24605 D UserPreferences: Using default data folder
08-06 12:58:46.308 24574 24605 D HttpDownloader: Free space is 20177281024
08-06 12:58:46.309 24574 24605 D HttpDownloader: Starting download
08-06 12:58:46.322 13866 13866 I GoogleInputMethodServic: GoogleInputMethodService.onFinishInput():3138 
08-06 12:58:46.322 13866 13866 I GoogleInputMethodServic: GoogleInputMethodService.onStartInput():1808 
08-06 12:58:46.343   918   936 I ActivityManager: Displayed baseline.de.danoeh.antennapod.debug/baseline.de.danoeh.antennapod.activity.OnlineFeedViewActivity: +115ms
08-06 12:58:46.406 24574 24611 I art     : Starting a blocking GC Explicit
08-06 12:58:46.432 24574 24611 I art     : Explicit concurrent mark sweep GC freed 3453(234KB) AllocSpace objects, 1(20KB) LOS objects, 36% free, 27MB/43MB, paused 813us total 25.775ms
08-06 12:58:46.442 24574 24611 I art     : Starting a blocking GC Explicit
08-06 12:58:46.467 24574 24611 I art     : Explicit concurrent mark sweep GC freed 371(16KB) AllocSpace objects, 0(0B) LOS objects, 36% free, 27MB/43MB, paused 957us total 25.486ms
08-06 12:58:46.471 24574 24605 D HttpDownloader: Download was successful
08-06 12:58:46.471   918  3359 D WifiService: releaseWifiLockLocked: WifiLock{Downloader type=1 binder=android.os.BinderProxy@44921a0}
08-06 12:58:46.472 24574 24574 D OnlineFeedViewActivity: Parsing feed
08-06 12:58:46.477 24574 25814 D TypeGetter: Recognized type RSS 2.0
08-06 12:58:46.478 24574 24611 I art     : Starting a blocking GC Explicit
08-06 12:58:46.482 24574 25814 D SyndHandler: Recognized Atom namespace
08-06 12:58:46.482 24574 25814 D SyndHandler: Recognized ITunes namespace
08-06 12:58:46.482 24574 25814 D SyndHandler: Recognized media namespace
08-06 12:58:46.483 24574 25814 D SyndHandler: Recognized Content namespace
08-06 12:58:46.504 24574 24611 I art     : Explicit concurrent mark sweep GC freed 973(187KB) AllocSpace objects, 3(60KB) LOS objects, 36% free, 27MB/43MB, paused 879us total 25.773ms
08-06 12:58:46.514 24574 24611 I art     : Starting a blocking GC Explicit
08-06 12:58:46.541 24574 24611 I art     : Explicit concurrent mark sweep GC freed 1310(75KB) AllocSpace objects, 0(0B) LOS objects, 36% free, 27MB/43MB, paused 991us total 26.839ms
08-06 12:58:46.550 24574 24611 I art     : Starting a blocking GC Explicit
08-06 12:58:46.578 24574 24611 I art     : Explicit concurrent mark sweep GC freed 2438(126KB) AllocSpace objects, 0(0B) LOS objects, 36% free, 27MB/43MB, paused 982us total 27.674ms
08-06 12:58:46.588   380   380 W SurfaceFlinger: couldn't log to binary event log: overflow.
08-06 12:58:46.608   512  2967 D audio_hw_primary: disable_audio_route: reset and update mixer path: low-latency-playback speaker
08-06 12:58:46.609   512  2967 D audio_hw_primary: disable_snd_device: snd_device(2: speaker)
08-06 12:58:46.616   512  2967 I soundtrigger: audio_extn_sound_trigger_update_device_status: device 0x2 of type 0 for Event 0
08-06 12:58:46.712 24574 24574 D PlaybackController: Releasing PlaybackController
08-06 12:58:46.862 24574 24594 I art     : Starting a blocking GC Explicit
08-06 12:58:46.893 24574 24594 I art     : Explicit concurrent mark sweep GC freed 23158(1245KB) AllocSpace objects, 1(20KB) LOS objects, 35% free, 28MB/44MB, paused 1.112ms total 30.948ms
08-06 12:58:46.903 24574 24594 I art     : Starting a blocking GC Explicit
08-06 12:58:46.930 24574 24594 I art     : Explicit concurrent mark sweep GC freed 5202(246KB) AllocSpace objects, 0(0B) LOS objects, 35% free, 28MB/44MB, paused 1.301ms total 27.563ms
08-06 12:58:46.939 24574 24594 I art     : Starting a blocking GC Explicit
08-06 12:58:46.965 24574 24594 I art     : Explicit concurrent mark sweep GC freed 6776(328KB) AllocSpace objects, 0(0B) LOS objects, 36% free, 28MB/44MB, paused 929us total 25.432ms
08-06 12:58:46.974 24574 24594 I art     : Starting a blocking GC Explicit
08-06 12:58:47.000 24574 24594 I art     : Explicit concurrent mark sweep GC freed 2794(145KB) AllocSpace objects, 0(0B) LOS objects, 35% free, 28MB/44MB, paused 972us total 26.216ms
08-06 12:58:47.009 24574 24594 I art     : Starting a blocking GC Explicit
08-06 12:58:47.036 24574 24594 I art     : Explicit concurrent mark sweep GC freed 2835(145KB) AllocSpace objects, 0(0B) LOS objects, 35% free, 28MB/44MB, paused 1.087ms total 26.519ms
08-06 12:58:47.201   518   646 I ThermalEngine: ACTION: GPU - Setting GPU[0] to 450000000
08-06 12:58:47.206 21246 21246 I ServiceManager: Waiting for service AtCmdFwd...
08-06 12:58:47.326 24574 24611 I art     : Starting a blocking GC Explicit
08-06 12:58:47.370 24574 24611 I art     : Explicit concurrent mark sweep GC freed 22202(1179KB) AllocSpace objects, 1(20KB) LOS objects, 35% free, 29MB/45MB, paused 1.476ms total 43.187ms
08-06 12:58:47.383 24574 24611 I art     : Starting a blocking GC Explicit
08-06 12:58:47.419 24574 24611 I art     : Explicit concurrent mark sweep GC freed 6307(297KB) AllocSpace objects, 0(0B) LOS objects, 35% free, 29MB/45MB, paused 1.353ms total 36.326ms
08-06 12:58:47.432 24574 24611 I art     : Starting a blocking GC Explicit
08-06 12:58:47.468 24574 24611 I art     : Explicit concurrent mark sweep GC freed 5292(252KB) AllocSpace objects, 0(0B) LOS objects, 35% free, 28MB/44MB, paused 1.359ms total 36.124ms
08-06 12:58:47.480 24574 24611 I art     : Starting a blocking GC Explicit
08-06 12:58:47.517 24574 24611 I art     : Explicit concurrent mark sweep GC freed 2832(147KB) AllocSpace objects, 0(0B) LOS objects, 35% free, 29MB/45MB, paused 1.505ms total 36.438ms
08-06 12:58:47.529 24574 24611 I art     : Starting a blocking GC Explicit
08-06 12:58:47.566 24574 24611 I art     : Explicit concurrent mark sweep GC freed 2843(155KB) AllocSpace objects, 0(0B) LOS objects, 35% free, 29MB/45MB, paused 1.415ms total 37.009ms
08-06 12:58:47.883 24574 24594 I art     : Starting a blocking GC Explicit
08-06 12:58:47.931 24574 24594 I art     : Explicit concurrent mark sweep GC freed 20243(1093KB) AllocSpace objects, 1(20KB) LOS objects, 34% free, 29MB/45MB, paused 1.843ms total 47.902ms
08-06 12:58:47.945 24574 24594 I art     : Starting a blocking GC Explicit
08-06 12:58:47.985 24574 24594 I art     : Explicit concurrent mark sweep GC freed 5309(262KB) AllocSpace objects, 0(0B) LOS objects, 35% free, 29MB/45MB, paused 2.901ms total 39.379ms
08-06 12:58:47.998 24574 24594 I art     : Starting a blocking GC Explicit
08-06 12:58:48.036 24574 24594 I art     : Explicit concurrent mark sweep GC freed 6274(308KB) AllocSpace objects, 0(0B) LOS objects, 35% free, 29MB/45MB, paused 1.340ms total 37.549ms
08-06 12:58:48.048 24574 24594 I art     : Starting a blocking GC Explicit
08-06 12:58:48.086 24574 24594 I art     : Explicit concurrent mark sweep GC freed 2880(156KB) AllocSpace objects, 0(0B) LOS objects, 35% free, 29MB/45MB, paused 1.412ms total 37.931ms
08-06 12:58:48.099 24574 24594 I art     : Starting a blocking GC Explicit
08-06 12:58:48.139 24574 24594 I art     : Explicit concurrent mark sweep GC freed 2949(155KB) AllocSpace objects, 0(0B) LOS objects, 35% free, 29MB/45MB, paused 1.574ms total 39.532ms
08-06 12:58:48.207 21246 21246 I ServiceManager: Waiting for service AtCmdFwd...
08-06 12:58:48.465 24574 24595 I art     : Starting a blocking GC Explicit
08-06 12:58:48.513 24574 24595 I art     : Explicit concurrent mark sweep GC freed 21131(1175KB) AllocSpace objects, 1(20KB) LOS objects, 34% free, 30MB/46MB, paused 1.558ms total 47.939ms
08-06 12:58:48.527 24574 24595 I art     : Starting a blocking GC Explicit
08-06 12:58:48.566 24574 24595 I art     : Explicit concurrent mark sweep GC freed 5742(278KB) AllocSpace objects, 0(0B) LOS objects, 34% free, 30MB/46MB, paused 1.368ms total 39.414ms
08-06 12:58:48.580 24574 24595 I art     : Starting a blocking GC Explicit
08-06 12:58:48.618 24574 24595 I art     : Explicit concurrent mark sweep GC freed 6425(311KB) AllocSpace objects, 0(0B) LOS objects, 34% free, 30MB/46MB, paused 1.471ms total 38.407ms
08-06 12:58:48.632 24574 24595 I art     : Starting a blocking GC Explicit
08-06 12:58:48.672 24574 24595 I art     : Explicit concurrent mark sweep GC freed 3117(164KB) AllocSpace objects, 0(0B) LOS objects, 34% free, 30MB/46MB, paused 1.301ms total 39.583ms
08-06 12:58:48.685 24574 24595 I art     : Starting a blocking GC Explicit
08-06 12:58:48.726 24574 24595 I art     : Explicit concurrent mark sweep GC freed 3163(158KB) AllocSpace objects, 0(0B) LOS objects, 34% free, 30MB/46MB, paused 1.466ms total 40.841ms
08-06 12:58:49.042 24574 24594 I art     : Starting a blocking GC Explicit
08-06 12:58:49.130 24574 24594 I art     : Explicit concurrent mark sweep GC freed 23183(1195KB) AllocSpace objects, 1(20KB) LOS objects, 34% free, 30MB/46MB, paused 1.701ms total 86.971ms
08-06 12:58:49.145 24574 24594 I art     : Starting a blocking GC Explicit
08-06 12:58:49.187 24574 24594 I art     : Explicit concurrent mark sweep GC freed 7991(351KB) AllocSpace objects, 0(0B) LOS objects, 34% free, 30MB/46MB, paused 1.334ms total 41.429ms
08-06 12:58:49.200 24574 24594 I art     : Starting a blocking GC Explicit
08-06 12:58:49.207 21246 21246 W Atfwd_Sendcmd: AtCmdFwd service not published, waiting... retryCnt : 3
08-06 12:58:49.241 24574 24594 I art     : Explicit concurrent mark sweep GC freed 5467(246KB) AllocSpace objects, 0(0B) LOS objects, 34% free, 30MB/46MB, paused 1.360ms total 40.321ms
08-06 12:58:49.255 24574 24594 I art     : Starting a blocking GC Explicit
08-06 12:58:49.298 24574 24594 I art     : Explicit concurrent mark sweep GC freed 3415(146KB) AllocSpace objects, 0(0B) LOS objects, 34% free, 30MB/46MB, paused 1.562ms total 42.589ms
08-06 12:58:49.312 24574 24594 I art     : Starting a blocking GC Explicit
08-06 12:58:49.354 24574 24594 I art     : Explicit concurrent mark sweep GC freed 3401(150KB) AllocSpace objects, 0(0B) LOS objects, 34% free, 30MB/46MB, paused 1.429ms total 42.307ms
08-06 12:58:49.506 24574 25814 D OnlineFeedViewActivity: Deleted feed source file. Result: true
08-06 12:58:49.513 24574 24574 D OnlineFeedViewActivity: Removing HTML from shownotes
08-06 12:58:49.680 24574 24611 I art     : Waiting for a blocking GC Explicit
08-06 12:58:49.717 24574 24611 I art     : WaitForGcToComplete blocked for 37.069ms for cause Explicit
08-06 12:58:49.717 24574 24611 I art     : Starting a blocking GC Explicit
08-06 12:58:49.769 24574 24611 I art     : Explicit concurrent mark sweep GC freed 38750(3MB) AllocSpace objects, 171(11MB) LOS objects, 33% free, 32MB/48MB, paused 1.288ms total 51.996ms
08-06 12:58:49.784 24574 24611 I art     : Starting a blocking GC Explicit
08-06 12:58:49.833 24574 24611 I art     : Explicit concurrent mark sweep GC freed 42933(3MB) AllocSpace objects, 193(12MB) LOS objects, 32% free, 32MB/48MB, paused 1.244ms total 48.995ms
08-06 12:58:49.849 24574 24611 I art     : Starting a blocking GC Explicit
08-06 12:58:49.902 24574 24611 I art     : Explicit concurrent mark sweep GC freed 45647(3MB) AllocSpace objects, 197(13MB) LOS objects, 32% free, 32MB/48MB, paused 1.280ms total 52.827ms
08-06 12:58:49.917 24574 24611 I art     : Starting a blocking GC Explicit
08-06 12:58:49.970 24574 24611 I art     : Explicit concurrent mark sweep GC freed 45311(3MB) AllocSpace objects, 211(14MB) LOS objects, 32% free, 32MB/48MB, paused 1.303ms total 52.271ms
08-06 12:58:49.985 24574 24611 I art     : Starting a blocking GC Explicit
08-06 12:58:50.040 24574 24611 I art     : Explicit concurrent mark sweep GC freed 45199(4MB) AllocSpace objects, 283(18MB) LOS objects, 32% free, 33MB/49MB, paused 1.373ms total 54.863ms
08-06 12:58:50.076 24574 25523 D ApOkHttpUrlLoader: buildLoadData() called with: model = [http://static.libsyn.com/p/assets/7/1/f/3/71f3014e14ef2722/JREiTunesImage2.jpg], width = [350], height = [350]
08-06 12:58:50.077 24574 24574 I Choreographer: Skipped 33 frames!  The application may be doing too much work on its main thread.
08-06 12:58:50.078 24574 25341 D DBReader: getImageAuthentication() called with: imageUrl = [http://static.libsyn.com/p/assets/7/1/f/3/71f3014e14ef2722/JREiTunesImage2.jpg]
08-06 12:58:50.081 24574 25341 D ApOkHttpUrlLoader: no credentials for 'http://static.libsyn.com/p/assets/7/1/f/3/71f3014e14ef2722/JREiTunesImage2.jpg'
08-06 12:58:50.193 24574 25341 D MYTAG   : interceptor 2a
08-06 12:58:50.194 24574 25341 I NAPPA_EXPERIMENTATION: MetricNetworkRequestExecutionTime: REQUEST_DURATION_SYSTEM='111',REQUEST_DURATION_OKHTTP='38',REQUEST_SYNCHRONOUS='TRUE',RESPONSE_CODE='200',RESPONSE_METHOD='GET',RESPONSE_LENGTH_OKHTTP='402832',RESPONSE_LENGTH_HEADER='402832',REQUEST_PROTOCOL='http/1.1',REQUEST_URL='http://static.libsyn.com/p/assets/7/1/f/3/71f3014e14ef2722/JREiTunesImage2.jpg',
08-06 12:58:50.339 24574 24594 I art     : Starting a blocking GC Explicit
08-06 12:58:50.388 24574 24594 I art     : Explicit concurrent mark sweep GC freed 22834(2MB) AllocSpace objects, 125(8MB) LOS objects, 33% free, 31MB/47MB, paused 961us total 48.535ms
08-06 12:58:50.403 24574 24594 I art     : Starting a blocking GC Explicit
08-06 12:58:50.447 24574 24594 I art     : Explicit concurrent mark sweep GC freed 674(39KB) AllocSpace objects, 1(112KB) LOS objects, 33% free, 31MB/47MB, paused 940us total 43.461ms
08-06 12:58:50.462 24574 24594 I art     : Starting a blocking GC Explicit
08-06 12:58:50.508 24574 24594 I art     : Explicit concurrent mark sweep GC freed 9(288B) AllocSpace objects, 0(0B) LOS objects, 33% free, 31MB/47MB, paused 962us total 46.261ms
08-06 12:58:50.523 24574 24594 I art     : Starting a blocking GC Explicit
08-06 12:58:50.570 24574 24594 I art     : Explicit concurrent mark sweep GC freed 3(96B) AllocSpace objects, 0(0B) LOS objects, 33% free, 31MB/47MB, paused 1.006ms total 46.893ms
08-06 12:58:50.586 24574 24594 I art     : Starting a blocking GC Explicit
08-06 12:58:50.632 24574 24594 I art     : Explicit concurrent mark sweep GC freed 3(96B) AllocSpace objects, 0(0B) LOS objects, 33% free, 31MB/47MB, paused 928us total 46.328ms
08-06 12:58:50.760 25877 25877 D AndroidRuntime: >>>>>> START com.android.internal.os.RuntimeInit uid 2000 <<<<<<
08-06 12:58:50.767 25877 25877 D AndroidRuntime: CheckJNI is OFF
08-06 12:58:50.812 25877 25877 D ICU     : No timezone override file found: /data/misc/zoneinfo/current/icu/icu_tzdata.dat
08-06 12:58:50.855 25877 25877 I Radio-JNI: register_android_hardware_Radio DONE
08-06 12:58:50.883 25877 25877 D AndroidRuntime: Calling main entry com.android.commands.input.Input
08-06 12:58:50.885 25877 25877 I Input   : injectMotionEvent: MotionEvent { action=ACTION_DOWN, actionButton=0, id[0]=0, x[0]=693.0, y[0]=821.0, toolType[0]=TOOL_TYPE_UNKNOWN, buttonState=0, metaState=0, flags=0x0, edgeFlags=0x0, pointerCount=1, historySize=0, eventTime=881947298, downTime=881947298, deviceId=0, source=0x1002 }
08-06 12:58:50.890 25877 25877 I Input   : injectMotionEvent: MotionEvent { action=ACTION_UP, actionButton=0, id[0]=0, x[0]=693.0, y[0]=821.0, toolType[0]=TOOL_TYPE_UNKNOWN, buttonState=0, metaState=0, flags=0x0, edgeFlags=0x0, pointerCount=1, historySize=0, eventTime=881947298, downTime=881947298, deviceId=0, source=0x1002 }
08-06 12:58:50.892 25877 25877 D AndroidRuntime: Shutting down VM
08-06 12:58:50.910 24574 24574 D UserPreferences: Using default data folder
08-06 12:58:50.911 24574 24574 D DownloadRequester: partiallyDownloadedFileExists: false
08-06 12:58:50.911 24574 24574 D DownloadRequester: /storage/emulated/0/Android/data/baseline.de.danoeh.antennapod.debug/files/cache/feed-The Joe Rogan Experience is available as a download destination
08-06 12:58:50.914 24574 24574 D DownloadRequester: Requesting download of url http://joeroganexp.joerogan.libsynpro.com/rss
08-06 12:58:50.919   512  2967 D audio_hw_primary: out_set_parameters: enter: usecase(1: low-latency-playback) kvpairs: routing=2
08-06 12:58:50.919 24574 24574 D DownloadService: Service started
08-06 12:58:50.920 24574 24574 D DownloadService: parallel downloads: 4
08-06 12:58:50.921 24574 25909 D downloadCompletionThd: downloadCompletionThread was started
08-06 12:58:50.922 24574 24574 D DownloadService: Notification set up
08-06 12:58:50.927 24574 24574 D DownloadService: Received enqueue request
08-06 12:58:50.927 24574 24574 D OnlineFeedViewActivity: onEventMainThread() called with: event = [DownloadEvent{update=DownloaderUpdate{downloaders=[baseline.de.danoeh.antennapod.core.service.download.HttpDownloader@d45105b], feedIds=[0], mediaIds=[]}}]
08-06 12:58:50.928 24574 24574 D DownloadService: 1 downloads left
08-06 12:58:50.928 24574 24574 D DownloadService: Setting up notification updater
08-06 12:58:50.928   918  3670 D WifiService: acquireWifiLockLocked: WifiLock{Downloader type=1 binder=android.os.BinderProxy@898a293}
08-06 12:58:50.929 24574 25911 D AntennapodHttpClient: Creating new instance of HTTP client
08-06 12:58:50.933   512  2967 D audio_hw_primary: select_devices: out_snd_device(2: speaker) in_snd_device(0: none)
08-06 12:58:50.933   512  2967 D msm8974_platform: platform_send_audio_calibration: sending audio calibration for snd_device(2) acdb_id(15)
08-06 12:58:50.933   512  2967 I soundtrigger: audio_extn_sound_trigger_update_device_status: device 0x2 of type 0 for Event 1
08-06 12:58:50.948   512  2967 D audio_hw_primary: enable_snd_device: snd_device(2: speaker)
08-06 12:58:50.950   512  2967 D audio_hw_primary: enable_audio_route: apply and update mixer path: low-latency-playback speaker
08-06 12:58:50.951 24574 24595 I art     : Starting a blocking GC Explicit
08-06 12:58:50.992 24574 24595 I art     : Explicit concurrent mark sweep GC freed 2501(139KB) AllocSpace objects, 1(20KB) LOS objects, 33% free, 31MB/47MB, paused 1.042ms total 40.268ms
08-06 12:58:51.006 24574 24595 I art     : Starting a blocking GC Explicit
08-06 12:58:51.017 24574 25911 D MYTAG   : interceptor 3a http://joeroganexp.joerogan.libsynpro.com/rss
08-06 12:58:51.017 24574 25911 I NAPPA_EXPERIMENTATION: MetricNetworkRequestExecutionTime: REQUEST_DURATION_SYSTEM='86',REQUEST_DURATION_OKHTTP='41',REQUEST_SYNCHRONOUS='TRUE',RESPONSE_CODE='200',RESPONSE_METHOD='GET',RESPONSE_LENGTH_OKHTTP='-1',RESPONSE_LENGTH_HEADER='307892',REQUEST_PROTOCOL='http/1.1',REQUEST_URL='http://joeroganexp.joerogan.libsynpro.com/rss',
08-06 12:58:51.017 24574 25911 D HttpDownloader: Response code is 200
08-06 12:58:51.017 24574 25911 D UserPreferences: Using default data folder
08-06 12:58:51.020 24574 25911 D HttpDownloader: Getting size of download
08-06 12:58:51.020 24574 25911 D HttpDownloader: Size is -1
08-06 12:58:51.020 24574 25911 D UserPreferences: Using default data folder
08-06 12:58:51.020 24574 25911 D HttpDownloader: Free space is 20176822272
08-06 12:58:51.020 24574 25911 D HttpDownloader: Starting download
08-06 12:58:51.046 24574 24595 I art     : Explicit concurrent mark sweep GC freed 211(17KB) AllocSpace objects, 0(0B) LOS objects, 33% free, 31MB/47MB, paused 1.025ms total 39.999ms
08-06 12:58:51.060 24574 24595 I art     : Starting a blocking GC Explicit
08-06 12:58:51.100 24574 24595 I art     : Explicit concurrent mark sweep GC freed 37(1408B) AllocSpace objects, 0(0B) LOS objects, 33% free, 31MB/47MB, paused 1.041ms total 39.894ms
08-06 12:58:51.114 24574 24595 I art     : Starting a blocking GC Explicit
08-06 12:58:51.150 24574 25911 D HttpDownloader: Download was successful
08-06 12:58:51.151   918  3670 D WifiService: releaseWifiLockLocked: WifiLock{Downloader type=1 binder=android.os.BinderProxy@898a293}
08-06 12:58:51.152 24574 25909 D downloadCompletionThd: Received 'Download Complete' - message.
08-06 12:58:51.152 24574 25909 D DownloadService: Handling completed Feed Download
08-06 12:58:51.152 24574 24574 D DownloadService: Removing downloader: http://joeroganexp.joerogan.libsynpro.com/rss
08-06 12:58:51.152 24574 24574 D DownloadService: Result of downloads.remove: true
08-06 12:58:51.154 24574 24595 I art     : Explicit concurrent mark sweep GC freed 25(1264B) AllocSpace objects, 0(0B) LOS objects, 33% free, 31MB/47MB, paused 1.162ms total 40.713ms
08-06 12:58:51.157 24574 25914 D TypeGetter: Recognized type RSS 2.0
08-06 12:58:51.160 24574 25914 D SyndHandler: Recognized Atom namespace
08-06 12:58:51.160 24574 25914 D SyndHandler: Recognized ITunes namespace
08-06 12:58:51.160 24574 25914 D SyndHandler: Recognized media namespace
08-06 12:58:51.160 24574 25914 D SyndHandler: Recognized Content namespace
08-06 12:58:51.168 24574 24595 I art     : Starting a blocking GC Explicit
08-06 12:58:51.211 24574 24595 I art     : Explicit concurrent mark sweep GC freed 2488(273KB) AllocSpace objects, 3(60KB) LOS objects, 33% free, 31MB/47MB, paused 1.198ms total 42.626ms
08-06 12:58:51.479   512  2967 D audio_hw_primary: disable_audio_route: reset and update mixer path: low-latency-playback speaker
08-06 12:58:51.480   512  2967 D audio_hw_primary: disable_snd_device: snd_device(2: speaker)
08-06 12:58:51.487   512  2967 I soundtrigger: audio_extn_sound_trigger_update_device_status: device 0x2 of type 0 for Event 0
08-06 12:58:51.513 24574 24611 I art     : Starting a blocking GC Explicit
08-06 12:58:51.565 24574 24611 I art     : Explicit concurrent mark sweep GC freed 19624(1058KB) AllocSpace objects, 1(20KB) LOS objects, 33% free, 32MB/48MB, paused 1.361ms total 52.448ms
08-06 12:58:51.580 24574 24611 I art     : Starting a blocking GC Explicit
08-06 12:58:51.625 24574 24611 I art     : Explicit concurrent mark sweep GC freed 8278(394KB) AllocSpace objects, 0(0B) LOS objects, 33% free, 32MB/48MB, paused 1.412ms total 44.489ms
08-06 12:58:51.639 24574 24611 I art     : Starting a blocking GC Explicit
08-06 12:58:51.683 24574 24611 I art     : Explicit concurrent mark sweep GC freed 3680(187KB) AllocSpace objects, 0(0B) LOS objects, 33% free, 32MB/48MB, paused 1.282ms total 43.779ms
08-06 12:58:51.697 24574 24611 I art     : Starting a blocking GC Explicit
08-06 12:58:51.743 24574 24611 I art     : Explicit concurrent mark sweep GC freed 3542(179KB) AllocSpace objects, 0(0B) LOS objects, 33% free, 32MB/48MB, paused 1.361ms total 45.398ms
08-06 12:58:51.758 24574 24611 I art     : Starting a blocking GC Explicit
08-06 12:58:51.803 24574 24611 I art     : Explicit concurrent mark sweep GC freed 3569(182KB) AllocSpace objects, 0(0B) LOS objects, 33% free, 32MB/48MB, paused 1.265ms total 45.229ms
08-06 12:58:52.113 24574 24611 I art     : Starting a blocking GC Explicit
08-06 12:58:52.173 24574 24611 I art     : Explicit concurrent mark sweep GC freed 21154(1117KB) AllocSpace objects, 1(20KB) LOS objects, 32% free, 32MB/48MB, paused 1.438ms total 60.099ms
08-06 12:58:52.189 24574 24611 I art     : Starting a blocking GC Explicit
08-06 12:58:52.237 24574 24611 I art     : Explicit concurrent mark sweep GC freed 9060(441KB) AllocSpace objects, 0(0B) LOS objects, 32% free, 32MB/48MB, paused 1.546ms total 47.865ms
08-06 12:58:52.253 24574 24611 I art     : Starting a blocking GC Explicit
08-06 12:58:52.303 24574 24611 I art     : Explicit concurrent mark sweep GC freed 3901(195KB) AllocSpace objects, 0(0B) LOS objects, 32% free, 32MB/48MB, paused 1.424ms total 49.811ms
08-06 12:58:52.318 24574 24611 I art     : Starting a blocking GC Explicit
08-06 12:58:52.368 24574 24611 I art     : Explicit concurrent mark sweep GC freed 3819(189KB) AllocSpace objects, 0(0B) LOS objects, 32% free, 32MB/48MB, paused 1.513ms total 50.310ms
08-06 12:58:52.384 24574 24611 I art     : Starting a blocking GC Explicit
08-06 12:58:52.429 24574 24574 D OnlineFeedViewActivity: onEventMainThread() called with: event = [DownloadEvent{update=DownloaderUpdate{downloaders=[], feedIds=[], mediaIds=[]}}]
08-06 12:58:52.435 24574 24611 I art     : Explicit concurrent mark sweep GC freed 3974(217KB) AllocSpace objects, 0(0B) LOS objects, 32% free, 32MB/48MB, paused 1.542ms total 50.507ms
08-06 12:58:52.777 24574 24594 I art     : Starting a blocking GC Explicit
08-06 12:58:52.844 24574 24594 I art     : Explicit concurrent mark sweep GC freed 22785(1230KB) AllocSpace objects, 1(20KB) LOS objects, 32% free, 33MB/49MB, paused 1.641ms total 66.196ms
08-06 12:58:52.861 24574 24594 I art     : Starting a blocking GC Explicit
08-06 12:58:52.913 24574 24594 I art     : Explicit concurrent mark sweep GC freed 9255(452KB) AllocSpace objects, 0(0B) LOS objects, 32% free, 33MB/49MB, paused 1.487ms total 51.932ms
08-06 12:58:52.929 24574 24594 I art     : Starting a blocking GC Explicit
08-06 12:58:52.980 24574 24594 I art     : Explicit concurrent mark sweep GC freed 4983(261KB) AllocSpace objects, 0(0B) LOS objects, 32% free, 33MB/49MB, paused 1.486ms total 51.054ms
08-06 12:58:52.996 24574 24594 I art     : Starting a blocking GC Explicit
08-06 12:58:53.047 24574 24594 I art     : Explicit concurrent mark sweep GC freed 4072(217KB) AllocSpace objects, 0(0B) LOS objects, 32% free, 33MB/49MB, paused 1.518ms total 51.385ms
08-06 12:58:53.064 24574 24594 I art     : Starting a blocking GC Explicit
08-06 12:58:53.118 24574 24594 I art     : Explicit concurrent mark sweep GC freed 4189(222KB) AllocSpace objects, 0(0B) LOS objects, 32% free, 33MB/49MB, paused 1.502ms total 53.992ms
08-06 12:58:53.453 24574 24611 I art     : Starting a blocking GC Explicit
08-06 12:58:53.519 24574 24611 I art     : Explicit concurrent mark sweep GC freed 22251(1221KB) AllocSpace objects, 1(20KB) LOS objects, 31% free, 34MB/50MB, paused 1.505ms total 65.657ms
08-06 12:58:53.519 24574 24592 I art     : WaitForGcToComplete blocked for 6.329ms for cause HeapTrim
08-06 12:58:53.536 24574 24611 I art     : Starting a blocking GC Explicit
08-06 12:58:53.588 24574 24611 I art     : Explicit concurrent mark sweep GC freed 8857(426KB) AllocSpace objects, 0(0B) LOS objects, 31% free, 34MB/50MB, paused 1.511ms total 51.098ms
08-06 12:58:53.603 24574 24611 I art     : Starting a blocking GC Explicit
08-06 12:58:53.657 24574 24611 I art     : Explicit concurrent mark sweep GC freed 5152(256KB) AllocSpace objects, 0(0B) LOS objects, 31% free, 34MB/50MB, paused 1.386ms total 53.829ms
08-06 12:58:53.674 24574 24611 I art     : Starting a blocking GC Explicit
08-06 12:58:53.729 24574 24611 I art     : Explicit concurrent mark sweep GC freed 4210(221KB) AllocSpace objects, 0(0B) LOS objects, 31% free, 34MB/50MB, paused 1.521ms total 54.381ms
08-06 12:58:53.745 24574 24611 I art     : Starting a blocking GC Explicit
08-06 12:58:53.797 24574 24611 I art     : Explicit concurrent mark sweep GC freed 4160(239KB) AllocSpace objects, 0(0B) LOS objects, 31% free, 34MB/50MB, paused 1.360ms total 51.991ms
08-06 12:58:53.932 24574 24574 D OnlineFeedViewActivity: onEventMainThread() called with: event = [DownloadEvent{update=DownloaderUpdate{downloaders=[], feedIds=[], mediaIds=[]}}]
08-06 12:58:54.108 24574 24594 I art     : Starting a blocking GC Explicit
08-06 12:58:54.177 24574 24594 I art     : Explicit concurrent mark sweep GC freed 21424(993KB) AllocSpace objects, 1(20KB) LOS objects, 31% free, 34MB/50MB, paused 1.708ms total 68.723ms
08-06 12:58:54.195 24574 24594 I art     : Starting a blocking GC Explicit
08-06 12:58:54.251 24574 24594 I art     : Explicit concurrent mark sweep GC freed 9554(427KB) AllocSpace objects, 0(0B) LOS objects, 31% free, 34MB/50MB, paused 1.686ms total 56.034ms
08-06 12:58:54.268 24574 24594 I art     : Starting a blocking GC Explicit
08-06 12:58:54.324 24574 24594 I art     : Explicit concurrent mark sweep GC freed 4945(231KB) AllocSpace objects, 0(0B) LOS objects, 31% free, 34MB/50MB, paused 1.565ms total 56.036ms
08-06 12:58:54.342 24574 24594 I art     : Starting a blocking GC Explicit
08-06 12:58:54.402 24574 24594 I art     : Explicit concurrent mark sweep GC freed 4382(204KB) AllocSpace objects, 0(0B) LOS objects, 31% free, 34MB/50MB, paused 1.743ms total 60.193ms
08-06 12:58:54.419 24574 24594 I art     : Starting a blocking GC Explicit
08-06 12:58:54.425 24574 25914 D FeedSyncThread: The Joe Rogan Experience parsed
08-06 12:58:54.433 24574 25914 D FeedSyncThread: Deletion of file '/storage/emulated/0/Android/data/baseline.de.danoeh.antennapod.debug/files/cache/feed-The Joe Rogan Experience' successful
08-06 12:58:54.434 24574 25914 D DBReader: getFeedDownloadLog() called with: feed = [baseline.de.danoeh.antennapod.core.feed.Feed@0]
08-06 12:58:54.435 24574 25910 D FeedSyncThread: Bundling 1 feeds
08-06 12:58:54.436 24574 25965 D DBReader: Extracting Feedlist
08-06 12:58:54.438 24574 25965 D DBTasks : Found no existing Feed with title The Joe Rogan Experience. Adding as new one.
08-06 12:58:54.445 24574 25643 D PodDBAdapter: Setting feed with flattr status The Joe Rogan Experience: 0
08-06 12:58:54.445 24574 25643 D baseline.de.danoeh.antennapod.core.storage.PodDBAdapter@52036da: Inserting new Feed into db
08-06 12:58:54.482 24574 24594 I art     : Explicit concurrent mark sweep GC freed 9471(463KB) AllocSpace objects, 0(0B) LOS objects, 31% free, 34MB/50MB, paused 1.453ms total 62.739ms
08-06 12:58:54.787 24574 24611 I art     : Starting a blocking GC Explicit
08-06 12:58:54.857 24574 24611 I art     : Explicit concurrent mark sweep GC freed 94319(6MB) AllocSpace objects, 1(20KB) LOS objects, 31% free, 34MB/50MB, paused 1.286ms total 70.113ms
08-06 12:58:54.875 24574 24611 I art     : Starting a blocking GC Explicit
08-06 12:58:54.930 24574 24611 I art     : Explicit concurrent mark sweep GC freed 22997(1716KB) AllocSpace objects, 0(0B) LOS objects, 31% free, 34MB/50MB, paused 1.403ms total 55.202ms
08-06 12:58:54.948 24574 24611 I art     : Starting a blocking GC Explicit
08-06 12:58:54.988 24574 24574 D EventDistributor: Processing event queue. Number of events: 1
08-06 12:58:54.988 24574 24574 D EventDistributor: Notifying observers. Data: 1
08-06 12:58:54.989 24574 24574 D DownloadService: 0 downloads left
08-06 12:58:54.989 24574 25139 D DBReader: Extracting Feedlist
08-06 12:58:54.989 24574 24574 D DownloadService: Number of downloads is 0, attempting shutdown
08-06 12:58:54.990 24574 24574 D DownloadService: Service shutting down
08-06 12:58:54.990 24574 24574 D DownloadService: No report is created
08-06 12:58:54.990 24574 24574 D OnlineFeedViewActivity: onEventMainThread() called with: event = [DownloadEvent{update=DownloaderUpdate{downloaders=[], feedIds=[], mediaIds=[]}}]
08-06 12:58:54.991 24574 24574 D DownloadService: NotificationUpdater cancelled. Result: false
08-06 12:58:54.991 24574 25909 E downloadCompletionThd: DownloadCompletionThread was interrupted
08-06 12:58:54.992 24574 24574 D DBTasks : autodownloadUndownloadedItems
08-06 12:58:54.993 24574 25644 D NetworkUtils: Device is connected to Wi-Fi
08-06 12:58:54.993 24574 25644 D NetworkUtils: Auto-dl filter is disabled
08-06 12:58:55.000 24574 24611 I art     : Explicit concurrent mark sweep GC freed 556(56KB) AllocSpace objects, 1(20KB) LOS objects, 31% free, 34MB/50MB, paused 1.490ms total 52.088ms
08-06 12:58:55.017 24574 24611 I art     : Starting a blocking GC Explicit
08-06 12:58:55.067 24574 24611 I art     : Explicit concurrent mark sweep GC freed 30521(3MB) AllocSpace objects, 0(0B) LOS objects, 33% free, 31MB/47MB, paused 1.032ms total 49.812ms
08-06 12:58:55.082 24574 24611 I art     : Starting a blocking GC Explicit
08-06 12:58:55.125 24574 24611 I art     : Explicit concurrent mark sweep GC freed 3(96B) AllocSpace objects, 0(0B) LOS objects, 33% free, 31MB/47MB, paused 969us total 43.452ms
08-06 12:58:55.438 24574 24595 I art     : Starting a blocking GC Explicit
08-06 12:58:55.490 24574 24595 I art     : Explicit concurrent mark sweep GC freed 1387(82KB) AllocSpace objects, 1(20KB) LOS objects, 33% free, 31MB/47MB, paused 1.101ms total 51.378ms
08-06 12:58:55.506 24574 24595 I art     : Starting a blocking GC Explicit
08-06 12:58:55.556 24574 24595 I art     : Explicit concurrent mark sweep GC freed 23(752B) AllocSpace objects, 0(0B) LOS objects, 33% free, 31MB/47MB, paused 1.060ms total 50.262ms
08-06 12:58:55.571 24574 24595 I art     : Starting a blocking GC Explicit
08-06 12:58:55.619 24574 24595 I art     : Explicit concurrent mark sweep GC freed 3(96B) AllocSpace objects, 0(0B) LOS objects, 33% free, 31MB/47MB, paused 1.113ms total 46.929ms
08-06 12:58:55.633 24574 24595 I art     : Starting a blocking GC Explicit
08-06 12:58:55.680 25978 25978 D AndroidRuntime: >>>>>> START com.android.internal.os.RuntimeInit uid 2000 <<<<<<
08-06 12:58:55.682 24574 24595 I art     : Explicit concurrent mark sweep GC freed 3(96B) AllocSpace objects, 0(0B) LOS objects, 33% free, 31MB/47MB, paused 1.171ms total 47.817ms
08-06 12:58:55.686 25978 25978 D AndroidRuntime: CheckJNI is OFF
08-06 12:58:55.697 24574 24595 I art     : Starting a blocking GC Explicit
08-06 12:58:55.732 25978 25978 D ICU     : No timezone override file found: /data/misc/zoneinfo/current/icu/icu_tzdata.dat
08-06 12:58:55.743 24574 24595 I art     : Explicit concurrent mark sweep GC freed 3(96B) AllocSpace objects, 0(0B) LOS objects, 33% free, 31MB/47MB, paused 1.105ms total 46.013ms
08-06 12:58:55.779 25978 25978 I Radio-JNI: register_android_hardware_Radio DONE
08-06 12:58:55.809 25978 25978 D AndroidRuntime: Calling main entry com.android.commands.input.Input
08-06 12:58:55.811 25978 25978 I Input   : injectKeyEvent: KeyEvent { action=ACTION_DOWN, keyCode=KEYCODE_BACK, scanCode=0, metaState=0, flags=0x0, repeatCount=0, eventTime=881952224, downTime=881952224, deviceId=-1, source=0x101 }
08-06 12:58:55.817 25978 25978 I Input   : injectKeyEvent: KeyEvent { action=ACTION_UP, keyCode=KEYCODE_BACK, scanCode=0, metaState=0, flags=0x0, repeatCount=0, eventTime=881952224, downTime=881952224, deviceId=-1, source=0x101 }
08-06 12:58:55.822 25978 25978 D AndroidRuntime: Shutting down VM
08-06 12:58:55.827 24574 24574 V PlaybackController: initServiceNotRunning()
08-06 12:58:55.827 24574 24574 D ExternalPlayerFragment: Loading media info
08-06 12:58:55.831 24574 24574 D UserPreferences: Using default data folder
08-06 12:58:55.831 24574 25139 D DBReader: getNavDrawerData() called with: 
08-06 12:58:55.845 24574 25139 D DBReader: getDownloadedItems() called
08-06 12:58:55.846 24574 25139 D DBReader: getFavoriteIDList() called
08-06 12:58:55.847 24574 25139 D DBReader: getQueueIDList() called
08-06 12:58:55.847 24574 25139 D DBReader: Extracting Feedlist
08-06 12:58:55.863 13866 13866 I GoogleInputMethodServic: GoogleInputMethodService.onFinishInput():3138 
08-06 12:58:55.863 13866 13866 I GoogleInputMethodServic: GoogleInputMethodService.onStartInput():1808 
08-06 12:58:55.878 24574 24574 D MainActivity: getLastNavFragment() -> AddFeedFragment
08-06 12:58:55.885 24574 25523 D ApOkHttpUrlLoader: buildLoadData() called with: model = [http://static.libsyn.com/p/assets/7/1/f/3/71f3014e14ef2722/JREiTunesImage2.jpg], width = [140], height = [140]
08-06 12:58:55.924 24574 25523 D ApOkHttpUrlLoader: buildLoadData() called with: model = [http://static.libsyn.com/p/assets/7/1/f/3/71f3014e14ef2722/JREiTunesImage2.jpg], width = [140], height = [140]
08-06 12:58:56.031 24574 24611 I art     : Starting a blocking GC Explicit
08-06 12:58:56.088 24574 24611 I art     : Explicit concurrent mark sweep GC freed 2909(187KB) AllocSpace objects, 1(20KB) LOS objects, 33% free, 31MB/47MB, paused 1.105ms total 56.184ms
08-06 12:58:56.106 24574 24611 I art     : Starting a blocking GC Explicit
08-06 12:58:56.148   380   380 W SurfaceFlinger: couldn't log to binary event log: overflow.
08-06 12:58:56.157 24574 24611 I art     : Explicit concurrent mark sweep GC freed 999(46KB) AllocSpace objects, 0(0B) LOS objects, 33% free, 31MB/47MB, paused 1.110ms total 50.964ms
08-06 12:58:56.172 24574 24611 I art     : Starting a blocking GC Explicit
08-06 12:58:56.215 24574 24611 I art     : Explicit concurrent mark sweep GC freed 160(6KB) AllocSpace objects, 0(0B) LOS objects, 33% free, 31MB/47MB, paused 1.012ms total 42.655ms
08-06 12:58:56.229 24574 24611 I art     : Starting a blocking GC Explicit
08-06 12:58:56.268 24574 24611 I art     : Explicit concurrent mark sweep GC freed 33315(3MB) AllocSpace objects, 2(248KB) LOS objects, 36% free, 28MB/44MB, paused 990us total 38.664ms
08-06 12:58:56.280 24574 24611 I art     : Starting a blocking GC Explicit
08-06 12:58:56.313 24574 24611 I art     : Explicit concurrent mark sweep GC freed 3(96B) AllocSpace objects, 0(0B) LOS objects, 36% free, 28MB/44MB, paused 1.031ms total 33.030ms
08-06 12:58:56.451 24365  4184 I NetworkScheduler.Stats: Task com.google.android.gms/com.google.android.gms.icing.service.IcingGcmTaskService started execution. cause:4 exec_start_elapsed_seconds: 1865340 [CONTEXT service_id=218 ]
08-06 12:58:56.469 24365 31017 I NetworkScheduler.Stats: Task com.google.android.gms/com.google.android.gms.icing.service.IcingGcmTaskService finished executing. cause:4 result: 1 elapsed_millis: 43 uptime_millis: 43 exec_start_elapsed_seconds: 1865340 [CONTEXT service_id=218 ]
08-06 12:58:56.527 24365  4184 I NetworkScheduler.Stats: Task com.google.android.gms/com.google.android.gms.clearcut.uploader.QosUploaderService started execution. cause:5 exec_start_elapsed_seconds: 1865340 [CONTEXT service_id=218 ]
08-06 12:58:56.616 24574 26013 I art     : Starting a blocking GC Explicit
08-06 12:58:56.649 24574 26013 I art     : Explicit concurrent mark sweep GC freed 1376(80KB) AllocSpace objects, 1(20KB) LOS objects, 36% free, 28MB/44MB, paused 977us total 32.383ms
08-06 12:58:56.661 24574 26013 I art     : Starting a blocking GC Explicit
08-06 12:58:56.690 24574 26013 I art     : Explicit concurrent mark sweep GC freed 23(752B) AllocSpace objects, 0(0B) LOS objects, 36% free, 28MB/44MB, paused 1.023ms total 28.935ms
08-06 12:58:56.701 24574 26013 I art     : Starting a blocking GC Explicit
08-06 12:58:56.729 24574 26013 I art     : Explicit concurrent mark sweep GC freed 3(96B) AllocSpace objects, 0(0B) LOS objects, 36% free, 28MB/44MB, paused 942us total 28.637ms
08-06 12:58:56.740 24574 26013 I art     : Starting a blocking GC Explicit
08-06 12:58:56.771 24574 26013 I art     : Explicit concurrent mark sweep GC freed 3(96B) AllocSpace objects, 0(0B) LOS objects, 36% free, 28MB/44MB, paused 942us total 30.413ms
08-06 12:58:56.782 24574 26013 I art     : Starting a blocking GC Explicit
08-06 12:58:56.813 24574 26013 I art     : Explicit concurrent mark sweep GC freed 3(96B) AllocSpace objects, 0(0B) LOS objects, 36% free, 28MB/44MB, paused 937us total 30.818ms
08-06 12:58:57.069   918   928 I AccountManagerService: getTypesVisibleToCaller: isPermitted? true
08-06 12:58:57.075   918  3359 I AccountManagerService: getTypesVisibleToCaller: isPermitted? true
08-06 12:58:57.080   918  4413 I AccountManagerService: getTypesVisibleToCaller: isPermitted? true
08-06 12:58:57.086   918  5952 I AccountManagerService: getTypesVisibleToCaller: isPermitted? true
08-06 12:58:57.094   918  6112 I AccountManagerService: getTypesVisibleToCaller: isPermitted? true
08-06 12:58:57.102   918  6029 I AccountManagerService: getTypesVisibleToCaller: isPermitted? true
08-06 12:58:57.110   918  5481 I AccountManagerService: getTypesVisibleToCaller: isPermitted? true
08-06 12:58:57.111 24574 24594 I art     : Starting a blocking GC Explicit
08-06 12:58:57.116   918  3670 I AccountManagerService: getTypesVisibleToCaller: isPermitted? true
08-06 12:58:57.122   918  3696 I AccountManagerService: getTypesVisibleToCaller: isPermitted? true
08-06 12:58:57.127   918   929 I AccountManagerService: getTypesVisibleToCaller: isPermitted? true
08-06 12:58:57.132   918  3714 I AccountManagerService: getTypesVisibleToCaller: isPermitted? true
08-06 12:58:57.137   918  6110 I AccountManagerService: getTypesVisibleToCaller: isPermitted? true
08-06 12:58:57.141 24574 24594 I art     : Explicit concurrent mark sweep GC freed 1402(83KB) AllocSpace objects, 1(20KB) LOS objects, 36% free, 28MB/44MB, paused 973us total 30.146ms
08-06 12:58:57.143   918  4400 I AccountManagerService: getTypesVisibleToCaller: isPermitted? true
08-06 12:58:57.148   918  3961 I AccountManagerService: getTypesVisibleToCaller: isPermitted? true
08-06 12:58:57.152 24574 24594 I art     : Starting a blocking GC Explicit
08-06 12:58:57.153   918  5132 I AccountManagerService: getTypesVisibleToCaller: isPermitted? true
08-06 12:58:57.158   918   928 I AccountManagerService: getTypesVisibleToCaller: isPermitted? true
08-06 12:58:57.164   918  3359 I AccountManagerService: getTypesVisibleToCaller: isPermitted? true
08-06 12:58:57.174   918   928 I AccountManagerService: getTypesVisibleToCaller: isPermitted? true
08-06 12:58:57.178   918  3359 I AccountManagerService: getTypesVisibleToCaller: isPermitted? true
08-06 12:58:57.181 24574 24594 I art     : Explicit concurrent mark sweep GC freed 23(752B) AllocSpace objects, 0(0B) LOS objects, 36% free, 28MB/44MB, paused 961us total 28.549ms
08-06 12:58:57.183   918  4413 I AccountManagerService: getTypesVisibleToCaller: isPermitted? true
08-06 12:58:57.188   918  5952 I AccountManagerService: getTypesVisibleToCaller: isPermitted? true
08-06 12:58:57.192 24574 24594 I art     : Starting a blocking GC Explicit
08-06 12:58:57.193   918  6112 I AccountManagerService: getTypesVisibleToCaller: isPermitted? true
08-06 12:58:57.198   918  6029 I AccountManagerService: getTypesVisibleToCaller: isPermitted? true
08-06 12:58:57.202   918  5481 I AccountManagerService: getTypesVisibleToCaller: isPermitted? true
08-06 12:58:57.207   918  3670 I AccountManagerService: getTypesVisibleToCaller: isPermitted? true
08-06 12:58:57.214   918  3696 I AccountManagerService: getTypesVisibleToCaller: isPermitted? true
08-06 12:58:57.219   918   929 I AccountManagerService: getTypesVisibleToCaller: isPermitted? true
08-06 12:58:57.221 24574 24594 I art     : Explicit concurrent mark sweep GC freed 3(96B) AllocSpace objects, 0(0B) LOS objects, 36% free, 28MB/44MB, paused 940us total 28.336ms
08-06 12:58:57.224   918  3714 I AccountManagerService: getTypesVisibleToCaller: isPermitted? true
08-06 12:58:57.231 24574 24594 I art     : Starting a blocking GC Explicit
08-06 12:58:57.243   918   929 I AccountManagerService: getTypesVisibleToCaller: isPermitted? true
08-06 12:58:57.261 24574 24594 I art     : Explicit concurrent mark sweep GC freed 3(96B) AllocSpace objects, 0(0B) LOS objects, 36% free, 28MB/44MB, paused 989us total 28.995ms
08-06 12:58:57.272 24574 24594 I art     : Starting a blocking GC Explicit
08-06 12:58:57.302 24574 24594 I art     : Explicit concurrent mark sweep GC freed 3(96B) AllocSpace objects, 0(0B) LOS objects, 36% free, 28MB/44MB, paused 1.019ms total 30.243ms
08-06 12:58:57.337 24365 14427 W Conscrypt: Could not set socket write timeout: java.net.SocketException: Socket closed
08-06 12:58:57.338 24365 14427 E art     : invalid stream - problem with parameter iterator in /data/app/com.google.android.gms-2/base.apk:classes3.dex for method void com.google.android.gms.org.conscrypt.ConscryptFileDescriptorSocket.setSoWriteTimeout(int)
08-06 12:58:57.341 24365 14427 W Conscrypt: 	at com.google.android.gms.org.conscrypt.Platform.setSocketWriteTimeout(:com.google.android.gms@202614019@20.26.14 (040400-320008519):2)
08-06 12:58:57.341 24365 14427 W Conscrypt: 	at com.google.android.gms.org.conscrypt.ConscryptFileDescriptorSocket.setSoWriteTimeout(:com.google.android.gms@202614019@20.26.14 (040400-320008519))
08-06 12:58:57.370 24365 14427 W Conscrypt: Could not set socket write timeout: java.net.SocketException: Socket closed
08-06 12:58:57.370 24365 14427 E art     : invalid stream - problem with parameter iterator in /data/app/com.google.android.gms-2/base.apk:classes3.dex for method void com.google.android.gms.org.conscrypt.ConscryptFileDescriptorSocket.setSoWriteTimeout(int)
08-06 12:58:57.370 24365 14427 W Conscrypt: 	at com.google.android.gms.org.conscrypt.Platform.setSocketWriteTimeout(:com.google.android.gms@202614019@20.26.14 (040400-320008519):2)
08-06 12:58:57.370 24365 14427 W Conscrypt: 	at com.google.android.gms.org.conscrypt.ConscryptFileDescriptorSocket.setSoWriteTimeout(:com.google.android.gms@202614019@20.26.14 (040400-320008519))
08-06 12:58:57.389   918  4400 I AccountManagerService: getTypesVisibleToCaller: isPermitted? true
08-06 12:58:57.437 24365 14427 E CCTUploader: Clearcut transport failed to make network request. Use 192 milliseconds.
08-06 12:58:57.437 24365 14427 E CCTUploader: java.io.IOException: unexpected end of stream on Connection{play.googleapis.com:443, proxy=HTTP@192.168.2.12:8080 hostAddress=192.168.2.12 cipherSuite=TLS_AES_256_GCM_SHA384 protocol=http/1.1} (recycle count=0)
08-06 12:58:57.437 24365 14427 E CCTUploader: 	at com.android.okhttp.internal.http.HttpConnection.readResponse(HttpConnection.java:210)
08-06 12:58:57.437 24365 14427 E CCTUploader: 	at com.android.okhttp.internal.http.HttpTransport.readResponseHeaders(HttpTransport.java:80)
08-06 12:58:57.437 24365 14427 E CCTUploader: 	at com.android.okhttp.internal.http.HttpEngine.readNetworkResponse(HttpEngine.java:904)
08-06 12:58:57.437 24365 14427 E CCTUploader: 	at com.android.okhttp.internal.http.HttpEngine.readResponse(HttpEngine.java:788)
08-06 12:58:57.437 24365 14427 E CCTUploader: 	at com.android.okhttp.internal.huc.HttpURLConnectionImpl.execute(HttpURLConnectionImpl.java:439)
08-06 12:58:57.437 24365 14427 E CCTUploader: 	at com.android.okhttp.internal.huc.HttpURLConnectionImpl.getResponse(HttpURLConnectionImpl.java:384)
08-06 12:58:57.437 24365 14427 E CCTUploader: 	at com.android.okhttp.internal.huc.HttpURLConnectionImpl.getResponseCode(HttpURLConnectionImpl.java:497)
08-06 12:58:57.437 24365 14427 E CCTUploader: 	at com.android.okhttp.internal.huc.DelegatingHttpsURLConnection.getResponseCode(DelegatingHttpsURLConnection.java:105)
08-06 12:58:57.437 24365 14427 E CCTUploader: 	at com.android.okhttp.internal.huc.HttpsURLConnectionImpl.getResponseCode(HttpsURLConnectionImpl.java)
08-06 12:58:57.437 24365 14427 E CCTUploader: 	at aboy.a(:com.google.android.gms@202614019@20.26.14 (040400-320008519):29)
08-06 12:58:57.437 24365 14427 E CCTUploader: 	at aboy.execute(:com.google.android.gms@202614019@20.26.14 (040400-320008519):8)
08-06 12:58:57.437 24365 14427 E CCTUploader: 	at aboy.execute(:com.google.android.gms@202614019@20.26.14 (040400-320008519):7)
08-06 12:58:57.437 24365 14427 E CCTUploader: 	at rbc.a(:com.google.android.gms@202614019@20.26.14 (040400-320008519):7)
08-06 12:58:57.437 24365 14427 E CCTUploader: 	at rbc.a(:com.google.android.gms@202614019@20.26.14 (040400-320008519):30)
08-06 12:58:57.437 24365 14427 E CCTUploader: 	at com.google.android.gms.clearcut.uploader.QosUploaderChimeraService.a(:com.google.android.gms@202614019@20.26.14 (040400-320008519):110)
08-06 12:58:57.437 24365 14427 E CCTUploader: 	at com.google.android.gms.clearcut.uploader.QosUploaderChimeraService.a(:com.google.android.gms@202614019@20.26.14 (040400-320008519):2)
08-06 12:58:57.437 24365 14427 E CCTUploader: 	at aegr.call(Unknown Source)
08-06 12:58:57.437 24365 14427 E CCTUploader: 	at java.util.concurrent.FutureTask.run(FutureTask.java:237)
08-06 12:58:57.437 24365 14427 E CCTUploader: 	at skp.b(:com.google.android.gms@202614019@20.26.14 (040400-320008519):12)
08-06 12:58:57.437 24365 14427 E CCTUploader: 	at skp.run(:com.google.android.gms@202614019@20.26.14 (040400-320008519):7)
08-06 12:58:57.437 24365 14427 E CCTUploader: 	at java.util.concurrent.ThreadPoolExecutor.runWorker(ThreadPoolExecutor.java:1113)
08-06 12:58:57.437 24365 14427 E CCTUploader: 	at java.util.concurrent.ThreadPoolExecutor$Worker.run(ThreadPoolExecutor.java:588)
08-06 12:58:57.437 24365 14427 E CCTUploader: 	at sql.run(:com.google.android.gms@202614019@20.26.14 (040400-320008519):0)
08-06 12:58:57.437 24365 14427 E CCTUploader: 	at java.lang.Thread.run(Thread.java:818)
08-06 12:58:57.437 24365 14427 E CCTUploader: Caused by: java.io.EOFException: \n not found: size=0 content=...
08-06 12:58:57.437 24365 14427 E CCTUploader: 	at com.android.okhttp.okio.RealBufferedSource.readUtf8LineStrict(RealBufferedSource.java:200)
08-06 12:58:57.437 24365 14427 E CCTUploader: 	at com.android.okhttp.internal.http.HttpConnection.readResponse(HttpConnection.java:191)
08-06 12:58:57.437 24365 14427 E CCTUploader: 	... 23 more
08-06 12:58:57.580 26034 26034 D AndroidRuntime: >>>>>> START com.android.internal.os.RuntimeInit uid 2000 <<<<<<
08-06 12:58:57.585 26034 26034 D AndroidRuntime: CheckJNI is OFF
08-06 12:58:57.593 24574 24595 I art     : Starting a blocking GC Explicit
08-06 12:58:57.623 24574 24595 I art     : Explicit concurrent mark sweep GC freed 1393(81KB) AllocSpace objects, 1(20KB) LOS objects, 36% free, 28MB/44MB, paused 1.081ms total 29.716ms
08-06 12:58:57.626 26034 26034 D ICU     : No timezone override file found: /data/misc/zoneinfo/current/icu/icu_tzdata.dat
08-06 12:58:57.634 24574 24595 I art     : Starting a blocking GC Explicit
08-06 12:58:57.663 24574 24595 I art     : Explicit concurrent mark sweep GC freed 27(880B) AllocSpace objects, 0(0B) LOS objects, 36% free, 28MB/44MB, paused 989us total 28.968ms
08-06 12:58:57.666 26034 26034 I Radio-JNI: register_android_hardware_Radio DONE
08-06 12:58:57.674 24574 24595 I art     : Starting a blocking GC Explicit
08-06 12:58:57.694 26034 26034 D AndroidRuntime: Calling main entry com.android.commands.input.Input
08-06 12:58:57.696 26034 26034 I Input   : injectMotionEvent: MotionEvent { action=ACTION_DOWN, actionButton=0, id[0]=0, x[0]=639.0, y[0]=762.0, toolType[0]=TOOL_TYPE_UNKNOWN, buttonState=0, metaState=0, flags=0x0, edgeFlags=0x0, pointerCount=1, historySize=0, eventTime=881954109, downTime=881954109, deviceId=0, source=0x1002 }
08-06 12:58:57.702 24574 24595 I art     : Explicit concurrent mark sweep GC freed 8(256B) AllocSpace objects, 0(0B) LOS objects, 36% free, 28MB/44MB, paused 1.077ms total 28.587ms
08-06 12:58:57.705 26034 26034 I Input   : injectMotionEvent: MotionEvent { action=ACTION_UP, actionButton=0, id[0]=0, x[0]=639.0, y[0]=762.0, toolType[0]=TOOL_TYPE_UNKNOWN, buttonState=0, metaState=0, flags=0x0, edgeFlags=0x0, pointerCount=1, historySize=0, eventTime=881954109, downTime=881954109, deviceId=0, source=0x1002 }
08-06 12:58:57.707 26034 26034 D AndroidRuntime: Shutting down VM
08-06 12:58:57.714 24574 24595 I art     : Starting a blocking GC Explicit
08-06 12:58:57.744 24574 24595 I art     : Explicit concurrent mark sweep GC freed 246(12KB) AllocSpace objects, 0(0B) LOS objects, 36% free, 28MB/44MB, paused 920us total 29.262ms
08-06 12:58:57.755 24574 24595 I art     : Starting a blocking GC Explicit
08-06 12:58:57.773   512  2967 D audio_hw_primary: out_set_parameters: enter: usecase(1: low-latency-playback) kvpairs: routing=2
08-06 12:58:57.784 24574 24595 I art     : Explicit concurrent mark sweep GC freed 153(6KB) AllocSpace objects, 0(0B) LOS objects, 36% free, 28MB/44MB, paused 1.041ms total 28.606ms
08-06 12:58:57.786   512  2967 D audio_hw_primary: select_devices: out_snd_device(2: speaker) in_snd_device(0: none)
08-06 12:58:57.786   512  2967 D msm8974_platform: platform_send_audio_calibration: sending audio calibration for snd_device(2) acdb_id(15)
08-06 12:58:57.786   512  2967 I soundtrigger: audio_extn_sound_trigger_update_device_status: device 0x2 of type 0 for Event 1
08-06 12:58:57.791 13866 13866 I GoogleInputMethodServic: GoogleInputMethodService.onFinishInput():3138 
08-06 12:58:57.792 13866 13866 I GoogleInputMethodServic: GoogleInputMethodService.onStartInput():1808 
08-06 12:58:57.796   512  2967 D audio_hw_primary: enable_snd_device: snd_device(2: speaker)
08-06 12:58:57.799   512  2967 D audio_hw_primary: enable_audio_route: apply and update mixer path: low-latency-playback speaker
08-06 12:58:58.010 24365  4184 I NetworkScheduler.Stats: Task com.google.android.gms/com.google.android.gms.clearcut.uploader.QosUploaderService finished executing. cause:5 result: 2 elapsed_millis: 1513 uptime_millis: 1512 exec_start_elapsed_seconds: 1865340 [CONTEXT service_id=218 ]
08-06 12:58:58.060 24574 26013 I art     : Starting a blocking GC Explicit
08-06 12:58:58.091 24574 26013 I art     : Explicit concurrent mark sweep GC freed 5293(259KB) AllocSpace objects, 1(20KB) LOS objects, 36% free, 28MB/44MB, paused 1.016ms total 31.437ms
08-06 12:58:58.102 24574 26013 I art     : Starting a blocking GC Explicit
08-06 12:58:58.125 24574 24613 I NAPPA_EXPERIMENTATION: MetricNetworkRequestExecutionTime: REQUEST_DURATION_SYSTEM='353',REQUEST_DURATION_OKHTTP='147',REQUEST_SYNCHRONOUS='TRUE',RESPONSE_CODE='200',RESPONSE_METHOD='GET',RESPONSE_LENGTH_OKHTTP='-1',RESPONSE_LENGTH_HEADER='622',REQUEST_PROTOCOL='h2',REQUEST_URL='https://itunes.apple.com/lookup?id=360084272',
08-06 12:58:58.132 24574 26013 I art     : Explicit concurrent mark sweep GC freed 551(32KB) AllocSpace objects, 0(0B) LOS objects, 36% free, 28MB/44MB, paused 1.104ms total 29.855ms
08-06 12:58:58.143 24574 26013 I art     : Starting a blocking GC Explicit
08-06 12:58:58.169   918  3359 I ActivityManager: START u0 {cmp=baseline.de.danoeh.antennapod.debug/baseline.de.danoeh.antennapod.activity.OnlineFeedViewActivity (has extras)} from uid 10711 on display 0
08-06 12:58:58.173 24574 26013 I art     : Explicit concurrent mark sweep GC freed 278(22KB) AllocSpace objects, 0(0B) LOS objects, 36% free, 28MB/44MB, paused 1.058ms total 29.888ms
08-06 12:58:58.184 24574 26013 I art     : Starting a blocking GC Explicit
08-06 12:58:58.195 13866 13866 I GoogleInputMethodServic: GoogleInputMethodService.onFinishInput():3138 
08-06 12:58:58.196 13866 13866 I GoogleInputMethodServic: GoogleInputMethodService.onStartInput():1808 
08-06 12:58:58.213 24574 26013 I art     : Explicit concurrent mark sweep GC freed 368(16KB) AllocSpace objects, 0(0B) LOS objects, 36% free, 28MB/44MB, paused 1.218ms total 29.413ms
08-06 12:58:58.224 24574 26013 I art     : Starting a blocking GC Explicit
08-06 12:58:58.225 24574 24574 D UserPreferences: Using default data folder
08-06 12:58:58.226 24574 24574 D OnlineFeedViewActivity: Activity was started with url http://joeroganexp.joerogan.libsynpro.com/rss
08-06 12:58:58.228 24574 24574 D OnlineFeedViewActivity: Starting feed download
08-06 12:58:58.231 24574 24605 D DBReader: Extracting Feedlist
08-06 12:58:58.233   918  3714 D WifiService: acquireWifiLockLocked: WifiLock{Downloader type=1 binder=android.os.BinderProxy@723c9a9}
08-06 12:58:58.234 24574 24605 D AntennapodHttpClient: Creating new instance of HTTP client
08-06 12:58:58.255 24574 26013 I art     : Explicit concurrent mark sweep GC freed 874(68KB) AllocSpace objects, 0(0B) LOS objects, 36% free, 28MB/44MB, paused 1.171ms total 31.085ms
08-06 12:58:58.276 24574 24605 D MYTAG   : interceptor 3a http://joeroganexp.joerogan.libsynpro.com/rss
08-06 12:58:58.276 24574 24605 I NAPPA_EXPERIMENTATION: MetricNetworkRequestExecutionTime: REQUEST_DURATION_SYSTEM='41',REQUEST_DURATION_OKHTTP='37',REQUEST_SYNCHRONOUS='TRUE',RESPONSE_CODE='200',RESPONSE_METHOD='GET',RESPONSE_LENGTH_OKHTTP='-1',RESPONSE_LENGTH_HEADER='307892',REQUEST_PROTOCOL='http/1.1',REQUEST_URL='http://joeroganexp.joerogan.libsynpro.com/rss',
08-06 12:58:58.277 24574 24605 D HttpDownloader: Response code is 200
08-06 12:58:58.277 24574 24605 D UserPreferences: Using default data folder
08-06 12:58:58.279 24574 24605 D HttpDownloader: Getting size of download
08-06 12:58:58.279 24574 24605 D HttpDownloader: Size is -1
08-06 12:58:58.279 24574 24605 D UserPreferences: Using default data folder
08-06 12:58:58.280 24574 24605 D HttpDownloader: Free space is 20175593472
08-06 12:58:58.280 24574 24605 D HttpDownloader: Starting download
08-06 12:58:58.296 13866 13866 I GoogleInputMethodServic: GoogleInputMethodService.onFinishInput():3138 
08-06 12:58:58.297 13866 13866 I GoogleInputMethodServic: GoogleInputMethodService.onStartInput():1808 
08-06 12:58:58.326   918   936 I ActivityManager: Displayed baseline.de.danoeh.antennapod.debug/baseline.de.danoeh.antennapod.activity.OnlineFeedViewActivity: +131ms
08-06 12:58:58.349   512  2967 D audio_hw_primary: disable_audio_route: reset and update mixer path: low-latency-playback speaker
08-06 12:58:58.351   512  2967 D audio_hw_primary: disable_snd_device: snd_device(2: speaker)
08-06 12:58:58.359   512  2967 I soundtrigger: audio_extn_sound_trigger_update_device_status: device 0x2 of type 0 for Event 0
08-06 12:58:58.360 24574 24606 D OpenGLRenderer: endAllStagingAnimators on 0x7f7f0be400 (GridView) with handle 0x7f99f169c0
08-06 12:58:58.409 24574 24605 D HttpDownloader: Download was successful
08-06 12:58:58.409   918  5481 D WifiService: releaseWifiLockLocked: WifiLock{Downloader type=1 binder=android.os.BinderProxy@723c9a9}
08-06 12:58:58.410 24574 24574 D OnlineFeedViewActivity: Parsing feed
08-06 12:58:58.414 24574 26079 D TypeGetter: Recognized type RSS 2.0
08-06 12:58:58.423 24574 26079 D SyndHandler: Recognized Atom namespace
08-06 12:58:58.423 24574 26079 D SyndHandler: Recognized ITunes namespace
08-06 12:58:58.423 24574 26079 D SyndHandler: Recognized media namespace
08-06 12:58:58.423 24574 26079 D SyndHandler: Recognized Content namespace
08-06 12:58:58.545 24574 24595 I art     : Starting a blocking GC Explicit
08-06 12:58:58.568   380   380 W SurfaceFlinger: couldn't log to binary event log: overflow.
08-06 12:58:58.586 24574 24595 I art     : Explicit concurrent mark sweep GC freed 9741(673KB) AllocSpace objects, 4(80KB) LOS objects, 35% free, 28MB/44MB, paused 1.274ms total 40.673ms
08-06 12:58:58.597 24574 24595 I art     : Starting a blocking GC Explicit
08-06 12:58:58.630 24574 24595 I art     : Explicit concurrent mark sweep GC freed 4501(223KB) AllocSpace objects, 0(0B) LOS objects, 35% free, 28MB/44MB, paused 1.322ms total 32.574ms
08-06 12:58:58.630 24574 24592 I art     : WaitForGcToComplete blocked for 32.881ms for cause HeapTrim
08-06 12:58:58.641 24574 24595 I art     : Starting a blocking GC Explicit
08-06 12:58:58.673 24574 24595 I art     : Explicit concurrent mark sweep GC freed 2647(129KB) AllocSpace objects, 0(0B) LOS objects, 35% free, 28MB/44MB, paused 1.230ms total 32.091ms
08-06 12:58:58.685 24574 24595 I art     : Starting a blocking GC Explicit
08-06 12:58:58.687 24574 24574 D PlaybackController: Releasing PlaybackController
08-06 12:58:58.721 24574 24595 I art     : Explicit concurrent mark sweep GC freed 2906(149KB) AllocSpace objects, 0(0B) LOS objects, 35% free, 28MB/44MB, paused 1.482ms total 35.720ms
08-06 12:58:58.732 24574 24595 I art     : Starting a blocking GC Explicit
08-06 12:58:58.766 24574 24595 I art     : Explicit concurrent mark sweep GC freed 2606(137KB) AllocSpace objects, 0(0B) LOS objects, 35% free, 28MB/44MB, paused 1.395ms total 33.546ms
08-06 12:58:59.061 24574 26013 I art     : Starting a blocking GC Explicit
08-06 12:58:59.103 24574 26013 I art     : Explicit concurrent mark sweep GC freed 19201(1034KB) AllocSpace objects, 1(20KB) LOS objects, 35% free, 29MB/45MB, paused 1.393ms total 42.385ms
08-06 12:58:59.116 24574 26013 I art     : Starting a blocking GC Explicit
08-06 12:58:59.152 24574 26013 I art     : Explicit concurrent mark sweep GC freed 5878(279KB) AllocSpace objects, 0(0B) LOS objects, 35% free, 29MB/45MB, paused 1.415ms total 35.079ms
08-06 12:58:59.164 24574 26013 I art     : Starting a blocking GC Explicit
08-06 12:58:59.199 24574 26013 I art     : Explicit concurrent mark sweep GC freed 4624(227KB) AllocSpace objects, 0(0B) LOS objects, 35% free, 29MB/45MB, paused 1.346ms total 34.815ms
08-06 12:58:59.211 24574 26013 I art     : Starting a blocking GC Explicit
08-06 12:58:59.246 24574 26013 I art     : Explicit concurrent mark sweep GC freed 2749(136KB) AllocSpace objects, 0(0B) LOS objects, 35% free, 29MB/45MB, paused 1.387ms total 34.940ms
08-06 12:58:59.258 24574 26013 I art     : Starting a blocking GC Explicit
08-06 12:58:59.293 24574 26013 I art     : Explicit concurrent mark sweep GC freed 2790(139KB) AllocSpace objects, 0(0B) LOS objects, 35% free, 29MB/45MB, paused 1.388ms total 34.836ms
08-06 12:58:59.632 24574 26013 I art     : Starting a blocking GC Explicit
08-06 12:58:59.679 24574 26013 I art     : Explicit concurrent mark sweep GC freed 22090(1180KB) AllocSpace objects, 1(20KB) LOS objects, 34% free, 29MB/45MB, paused 1.631ms total 46.461ms
08-06 12:58:59.693 24574 26013 I art     : Starting a blocking GC Explicit
08-06 12:58:59.732 24574 26013 I art     : Explicit concurrent mark sweep GC freed 5756(280KB) AllocSpace objects, 0(0B) LOS objects, 34% free, 29MB/45MB, paused 2.936ms total 38.621ms
08-06 12:58:59.745 24574 26013 I art     : Starting a blocking GC Explicit
08-06 12:58:59.782 24574 26013 I art     : Explicit concurrent mark sweep GC freed 6006(294KB) AllocSpace objects, 0(0B) LOS objects, 34% free, 29MB/45MB, paused 1.377ms total 36.720ms
08-06 12:58:59.794 24574 26013 I art     : Starting a blocking GC Explicit
08-06 12:58:59.830 24574 26013 I art     : Explicit concurrent mark sweep GC freed 2733(154KB) AllocSpace objects, 0(0B) LOS objects, 34% free, 29MB/45MB, paused 1.443ms total 35.996ms
08-06 12:58:59.842 24574 26013 I art     : Starting a blocking GC Explicit
08-06 12:58:59.879 24574 26013 I art     : Explicit concurrent mark sweep GC freed 2920(146KB) AllocSpace objects, 0(0B) LOS objects, 34% free, 29MB/45MB, paused 1.428ms total 36.618ms
08-06 12:59:00.192 24574 24594 I art     : Starting a blocking GC Explicit
08-06 12:59:00.242 24574 24594 I art     : Explicit concurrent mark sweep GC freed 20890(1134KB) AllocSpace objects, 1(20KB) LOS objects, 34% free, 30MB/46MB, paused 1.530ms total 49.003ms
08-06 12:59:00.256 24574 24594 I art     : Starting a blocking GC Explicit
08-06 12:59:00.294 24574 24594 I art     : Explicit concurrent mark sweep GC freed 8410(407KB) AllocSpace objects, 0(0B) LOS objects, 34% free, 30MB/46MB, paused 1.565ms total 38.204ms
08-06 12:59:00.307 24574 24594 I art     : Starting a blocking GC Explicit
08-06 12:59:00.345 24574 24594 I art     : Explicit concurrent mark sweep GC freed 3502(180KB) AllocSpace objects, 0(0B) LOS objects, 34% free, 30MB/46MB, paused 1.335ms total 37.452ms
08-06 12:59:00.358 24574 24594 I art     : Starting a blocking GC Explicit
08-06 12:59:00.397 24574 24594 I art     : Explicit concurrent mark sweep GC freed 3163(168KB) AllocSpace objects, 0(0B) LOS objects, 34% free, 30MB/46MB, paused 1.465ms total 38.914ms
08-06 12:59:00.410 24574 24594 I art     : Starting a blocking GC Explicit
08-06 12:59:00.451 24574 24594 I art     : Explicit concurrent mark sweep GC freed 3151(173KB) AllocSpace objects, 0(0B) LOS objects, 34% free, 30MB/46MB, paused 1.550ms total 40.421ms
08-06 12:59:00.785 24574 24595 I art     : Starting a blocking GC Explicit
08-06 12:59:00.836 24574 24595 I art     : Explicit concurrent mark sweep GC freed 21553(1170KB) AllocSpace objects, 1(20KB) LOS objects, 33% free, 31MB/47MB, paused 1.688ms total 50.840ms
08-06 12:59:00.851 24574 24595 I art     : Starting a blocking GC Explicit
08-06 12:59:00.895 24574 24595 I art     : Explicit concurrent mark sweep GC freed 5066(248KB) AllocSpace objects, 0(0B) LOS objects, 33% free, 31MB/47MB, paused 1.589ms total 43.942ms
08-06 12:59:00.908 24574 24595 I art     : Starting a blocking GC Explicit
08-06 12:59:00.950 24574 24595 I art     : Explicit concurrent mark sweep GC freed 7757(373KB) AllocSpace objects, 0(0B) LOS objects, 34% free, 30MB/46MB, paused 1.392ms total 41.257ms
08-06 12:59:00.963 24574 24595 I art     : Starting a blocking GC Explicit
08-06 12:59:01.004 24574 24595 I art     : Explicit concurrent mark sweep GC freed 3278(169KB) AllocSpace objects, 0(0B) LOS objects, 34% free, 30MB/46MB, paused 1.530ms total 40.232ms
08-06 12:59:01.017 24574 24595 I art     : Starting a blocking GC Explicit
08-06 12:59:01.060 24574 24595 I art     : Explicit concurrent mark sweep GC freed 3445(220KB) AllocSpace objects, 0(0B) LOS objects, 34% free, 31MB/47MB, paused 1.501ms total 42.580ms
08-06 12:59:01.390 24574 24595 I art     : Starting a blocking GC Explicit
08-06 12:59:01.444 24574 24595 I art     : Explicit concurrent mark sweep GC freed 22060(992KB) AllocSpace objects, 1(20KB) LOS objects, 33% free, 31MB/47MB, paused 1.537ms total 53.498ms
08-06 12:59:01.460 24574 24595 I art     : Starting a blocking GC Explicit
08-06 12:59:01.505 24574 24595 I art     : Explicit concurrent mark sweep GC freed 5092(231KB) AllocSpace objects, 0(0B) LOS objects, 33% free, 31MB/47MB, paused 1.722ms total 45.154ms
08-06 12:59:01.519 24574 24595 I art     : Starting a blocking GC Explicit
08-06 12:59:01.561 24574 24595 I art     : Explicit concurrent mark sweep GC freed 8145(376KB) AllocSpace objects, 0(0B) LOS objects, 33% free, 31MB/47MB, paused 1.410ms total 41.879ms
08-06 12:59:01.574 24574 24595 I art     : Starting a blocking GC Explicit
08-06 12:59:01.618 24574 24595 I art     : Explicit concurrent mark sweep GC freed 3425(159KB) AllocSpace objects, 0(0B) LOS objects, 33% free, 31MB/47MB, paused 1.691ms total 43.723ms
08-06 12:59:01.632 24574 24595 I art     : Starting a blocking GC Explicit
08-06 12:59:01.650 24574 26079 D OnlineFeedViewActivity: Deleted feed source file. Result: true
08-06 12:59:01.656 24574 24574 D OnlineFeedViewActivity: Removing HTML from shownotes
08-06 12:59:01.677 24574 24595 I art     : Explicit concurrent mark sweep GC freed 5696(380KB) AllocSpace objects, 14(952KB) LOS objects, 33% free, 31MB/47MB, paused 1.369ms total 44.672ms
08-06 12:59:01.969 24574 24594 I art     : Starting a blocking GC Explicit
08-06 12:59:02.019 24574 24594 I art     : Explicit concurrent mark sweep GC freed 43748(3MB) AllocSpace objects, 191(12MB) LOS objects, 32% free, 33MB/49MB, paused 1.405ms total 50.484ms
08-06 12:59:02.035 24574 24594 I art     : Starting a blocking GC Explicit
08-06 12:59:02.086 24574 24594 I art     : Explicit concurrent mark sweep GC freed 48987(4MB) AllocSpace objects, 223(14MB) LOS objects, 32% free, 33MB/49MB, paused 1.361ms total 50.822ms
08-06 12:59:02.100 24574 24594 I art     : Starting a blocking GC Explicit
08-06 12:59:02.152 24574 24594 I art     : Explicit concurrent mark sweep GC freed 50086(4MB) AllocSpace objects, 243(16MB) LOS objects, 31% free, 35MB/51MB, paused 1.375ms total 51.292ms
08-06 12:59:02.167 24574 24594 I art     : Starting a blocking GC Explicit
08-06 12:59:02.206 24574 24574 I Choreographer: Skipped 32 frames!  The application may be doing too much work on its main thread.
08-06 12:59:02.217 24574 24594 I art     : Explicit concurrent mark sweep GC freed 36746(4MB) AllocSpace objects, 262(17MB) LOS objects, 33% free, 31MB/47MB, paused 1.627ms total 50.344ms
08-06 12:59:02.232 24574 24594 I art     : Starting a blocking GC Explicit
08-06 12:59:02.273 24574 24594 I art     : Explicit concurrent mark sweep GC freed 1097(68KB) AllocSpace objects, 1(68KB) LOS objects, 33% free, 31MB/47MB, paused 1.052ms total 41.347ms
08-06 12:59:02.458 26147 26147 D AndroidRuntime: >>>>>> START com.android.internal.os.RuntimeInit uid 2000 <<<<<<
08-06 12:59:02.464 26147 26147 D AndroidRuntime: CheckJNI is OFF
08-06 12:59:02.505 26147 26147 D ICU     : No timezone override file found: /data/misc/zoneinfo/current/icu/icu_tzdata.dat
08-06 12:59:02.548 26147 26147 I Radio-JNI: register_android_hardware_Radio DONE
08-06 12:59:02.576 26147 26147 D AndroidRuntime: Calling main entry com.android.commands.input.Input
08-06 12:59:02.578 26147 26147 I Input   : injectKeyEvent: KeyEvent { action=ACTION_DOWN, keyCode=KEYCODE_BACK, scanCode=0, metaState=0, flags=0x0, repeatCount=0, eventTime=881958991, downTime=881958991, deviceId=-1, source=0x101 }
08-06 12:59:02.583 26147 26147 I Input   : injectKeyEvent: KeyEvent { action=ACTION_UP, keyCode=KEYCODE_BACK, scanCode=0, metaState=0, flags=0x0, repeatCount=0, eventTime=881958991, downTime=881958991, deviceId=-1, source=0x101 }
08-06 12:59:02.589 26147 26147 D AndroidRuntime: Shutting down VM
08-06 12:59:02.594 24574 24574 V PlaybackController: initServiceNotRunning()
08-06 12:59:02.594 24574 24574 D ExternalPlayerFragment: Loading media info
08-06 12:59:02.596 24574 24594 I art     : Starting a blocking GC Explicit
08-06 12:59:02.605 24574 24574 D UserPreferences: Using default data folder
08-06 12:59:02.606 24574 24605 D DBReader: getNavDrawerData() called with: 
08-06 12:59:02.619 24574 24605 D DBReader: getDownloadedItems() called
08-06 12:59:02.621 24574 24605 D DBReader: getFavoriteIDList() called
08-06 12:59:02.621 24574 24605 D DBReader: getQueueIDList() called
08-06 12:59:02.622 24574 24605 D DBReader: Extracting Feedlist
08-06 12:59:02.630 13866 13866 I GoogleInputMethodServic: GoogleInputMethodService.onFinishInput():3138 
08-06 12:59:02.631 13866 13866 I GoogleInputMethodServic: GoogleInputMethodService.onStartInput():1808 
08-06 12:59:02.640 24574 24594 I art     : Explicit concurrent mark sweep GC freed 2499(155KB) AllocSpace objects, 2(132KB) LOS objects, 33% free, 31MB/47MB, paused 1.241ms total 43.713ms
08-06 12:59:02.644 24574 24574 D MainActivity: getLastNavFragment() -> AddFeedFragment
08-06 12:59:02.655 24574 24594 I art     : Starting a blocking GC Explicit
08-06 12:59:02.697 24574 24594 I art     : Explicit concurrent mark sweep GC freed 782(36KB) AllocSpace objects, 0(0B) LOS objects, 33% free, 31MB/47MB, paused 1.041ms total 41.453ms
08-06 12:59:02.712 24574 24594 I art     : Starting a blocking GC Explicit
08-06 12:59:02.754 24574 24594 I art     : Explicit concurrent mark sweep GC freed 145(9KB) AllocSpace objects, 0(0B) LOS objects, 33% free, 31MB/47MB, paused 1.081ms total 42.540ms
08-06 12:59:02.771 24574 24594 I art     : Starting a blocking GC Explicit
08-06 12:59:02.822 24574 24594 I art     : Explicit concurrent mark sweep GC freed 3(96B) AllocSpace objects, 0(0B) LOS objects, 33% free, 31MB/47MB, paused 1.094ms total 51.011ms
08-06 12:59:02.841 24574 24594 I art     : Starting a blocking GC Explicit
08-06 12:59:02.895 24574 24594 I art     : Explicit concurrent mark sweep GC freed 32(880B) AllocSpace objects, 0(0B) LOS objects, 33% free, 31MB/47MB, paused 1.178ms total 53.581ms
08-06 12:59:02.922   380   380 W SurfaceFlinger: couldn't log to binary event log: overflow.
08-06 12:59:03.207 24574 24595 I art     : Starting a blocking GC Explicit
08-06 12:59:03.270 24574 24595 I art     : Explicit concurrent mark sweep GC freed 1969(105KB) AllocSpace objects, 1(20KB) LOS objects, 33% free, 31MB/47MB, paused 1.256ms total 62.118ms
08-06 12:59:03.288 24574 24595 I art     : Starting a blocking GC Explicit
08-06 12:59:03.336 24574 24595 I art     : Explicit concurrent mark sweep GC freed 37(1440B) AllocSpace objects, 0(0B) LOS objects, 33% free, 31MB/47MB, paused 1.125ms total 47.352ms
08-06 12:59:03.351 24574 24595 I art     : Starting a blocking GC Explicit
08-06 12:59:03.399 24574 24595 I art     : Explicit concurrent mark sweep GC freed 3(96B) AllocSpace objects, 0(0B) LOS objects, 33% free, 31MB/47MB, paused 1.102ms total 47.974ms
08-06 12:59:03.414 24574 24595 I art     : Starting a blocking GC Explicit
08-06 12:59:03.461 24574 24595 I art     : Explicit concurrent mark sweep GC freed 3(96B) AllocSpace objects, 0(0B) LOS objects, 33% free, 31MB/47MB, paused 1.112ms total 46.323ms
08-06 12:59:03.477 24574 24595 I art     : Starting a blocking GC Explicit
08-06 12:59:03.525 24574 24595 I art     : Explicit concurrent mark sweep GC freed 3(96B) AllocSpace objects, 0(0B) LOS objects, 33% free, 31MB/47MB, paused 1.148ms total 47.817ms
08-06 12:59:03.832 24574 26013 I art     : Starting a blocking GC Explicit
08-06 12:59:03.884 24574 26013 I art     : Explicit concurrent mark sweep GC freed 1477(88KB) AllocSpace objects, 1(20KB) LOS objects, 33% free, 31MB/47MB, paused 1.064ms total 51.249ms
08-06 12:59:03.899 24574 26013 I art     : Starting a blocking GC Explicit
08-06 12:59:03.911   918  1209 D NetworkMonitor/NetworkAgentInfo [WIFI () - 159]: Checking http://connectivitycheck.gstatic.com/generate_204 on "H369AA63323", 192.168.2.12=192.168.2.12
08-06 12:59:03.937 24574 26013 I art     : Explicit concurrent mark sweep GC freed 33197(3MB) AllocSpace objects, 1(28KB) LOS objects, 36% free, 28MB/44MB, paused 1.081ms total 37.481ms
08-06 12:59:03.948 24574 26013 I art     : Starting a blocking GC Explicit
08-06 12:59:03.981 24574 26013 I art     : Explicit concurrent mark sweep GC freed 3(96B) AllocSpace objects, 0(0B) LOS objects, 36% free, 28MB/44MB, paused 1.022ms total 31.887ms
08-06 12:59:03.992 24574 26013 I art     : Starting a blocking GC Explicit
08-06 12:59:04.012   918  1209 D NetworkMonitor/NetworkAgentInfo [WIFI () - 159]: Probably not a portal: exception java.io.IOException: unexpected end of stream on Connection{connectivitycheck.gstatic.com:80, proxy=HTTP@/192.168.2.12:8080 hostAddress=192.168.2.12 cipherSuite=none protocol=http/1.1} (recycle count=0)
08-06 12:59:04.013   918  3263 D ConnectivityService: NetworkAgentInfo [WIFI () - 159] validation failed
08-06 12:59:04.014   918  3261 E WifiConfigStore:  rewrite network history for "H369AA63323"WPA_PSK
08-06 12:59:04.024 24574 26013 I art     : Explicit concurrent mark sweep GC freed 3(96B) AllocSpace objects, 0(0B) LOS objects, 36% free, 28MB/44MB, paused 1.017ms total 31.683ms
08-06 12:59:04.035 24574 26013 I art     : Starting a blocking GC Explicit
08-06 12:59:04.068 24574 26013 I art     : Explicit concurrent mark sweep GC freed 3(96B) AllocSpace objects, 0(0B) LOS objects, 36% free, 28MB/44MB, paused 1.142ms total 32.758ms
08-06 12:59:04.208 21246 21246 I ServiceManager: Waiting for service AtCmdFwd...
08-06 12:59:04.375 26191 26191 D AndroidRuntime: >>>>>> START com.android.internal.os.RuntimeInit uid 2000 <<<<<<
08-06 12:59:04.381 26191 26191 D AndroidRuntime: CheckJNI is OFF
08-06 12:59:04.394 24574 24595 I art     : Starting a blocking GC Explicit
08-06 12:59:04.428 26191 26191 D ICU     : No timezone override file found: /data/misc/zoneinfo/current/icu/icu_tzdata.dat
08-06 12:59:04.430 24574 24595 I art     : Explicit concurrent mark sweep GC freed 1397(81KB) AllocSpace objects, 1(20KB) LOS objects, 36% free, 28MB/44MB, paused 1.159ms total 36.075ms
08-06 12:59:04.442 24574 24595 I art     : Starting a blocking GC Explicit
08-06 12:59:04.472 26191 26191 I Radio-JNI: register_android_hardware_Radio DONE
08-06 12:59:04.476 24574 24595 I art     : Explicit concurrent mark sweep GC freed 27(880B) AllocSpace objects, 0(0B) LOS objects, 36% free, 28MB/44MB, paused 1.308ms total 33.765ms
08-06 12:59:04.487 24574 24595 I art     : Starting a blocking GC Explicit
08-06 12:59:04.501 26191 26191 D AndroidRuntime: Calling main entry com.android.commands.input.Input
08-06 12:59:04.503 26191 26191 I Input   : injectMotionEvent: MotionEvent { action=ACTION_DOWN, actionButton=0, id[0]=0, x[0]=616.0, y[0]=469.0, toolType[0]=TOOL_TYPE_UNKNOWN, buttonState=0, metaState=0, flags=0x0, edgeFlags=0x0, pointerCount=1, historySize=0, eventTime=881960916, downTime=881960916, deviceId=0, source=0x1002 }
08-06 12:59:04.509 26191 26191 I Input   : injectMotionEvent: MotionEvent { action=ACTION_UP, actionButton=0, id[0]=0, x[0]=616.0, y[0]=469.0, toolType[0]=TOOL_TYPE_UNKNOWN, buttonState=0, metaState=0, flags=0x0, edgeFlags=0x0, pointerCount=1, historySize=0, eventTime=881960916, downTime=881960916, deviceId=0, source=0x1002 }
08-06 12:59:04.511 26191 26191 D AndroidRuntime: Shutting down VM
08-06 12:59:04.518 24574 24595 I art     : Explicit concurrent mark sweep GC freed 20(608B) AllocSpace objects, 0(0B) LOS objects, 36% free, 28MB/44MB, paused 1.076ms total 30.381ms
08-06 12:59:04.529 24574 24595 I art     : Starting a blocking GC Explicit
08-06 12:59:04.560 24574 24595 I art     : Explicit concurrent mark sweep GC freed 27(1296B) AllocSpace objects, 0(0B) LOS objects, 36% free, 28MB/44MB, paused 1.130ms total 30.776ms
08-06 12:59:04.572 24574 24595 I art     : Starting a blocking GC Explicit
08-06 12:59:04.578   512  2967 D audio_hw_primary: out_set_parameters: enter: usecase(1: low-latency-playback) kvpairs: routing=2
08-06 12:59:04.591   512  2967 D audio_hw_primary: select_devices: out_snd_device(2: speaker) in_snd_device(0: none)
08-06 12:59:04.591   512  2967 D msm8974_platform: platform_send_audio_calibration: sending audio calibration for snd_device(2) acdb_id(15)
08-06 12:59:04.591   512  2967 I soundtrigger: audio_extn_sound_trigger_update_device_status: device 0x2 of type 0 for Event 1
08-06 12:59:04.597 13866 13866 I GoogleInputMethodServic: GoogleInputMethodService.onFinishInput():3138 
08-06 12:59:04.597 13866 13866 I GoogleInputMethodServic: GoogleInputMethodService.onStartInput():1808 
08-06 12:59:04.601   512  2967 D audio_hw_primary: enable_snd_device: snd_device(2: speaker)
08-06 12:59:04.603 24574 24595 I art     : Explicit concurrent mark sweep GC freed 203(8KB) AllocSpace objects, 0(0B) LOS objects, 36% free, 28MB/44MB, paused 1.220ms total 31.241ms
08-06 12:59:04.604   512  2967 D audio_hw_primary: enable_audio_route: apply and update mixer path: low-latency-playback speaker
08-06 12:59:04.734 24574 25139 I NAPPA_EXPERIMENTATION: MetricNetworkRequestExecutionTime: REQUEST_DURATION_SYSTEM='157',REQUEST_DURATION_OKHTTP='156',REQUEST_SYNCHRONOUS='TRUE',RESPONSE_CODE='200',RESPONSE_METHOD='GET',RESPONSE_LENGTH_OKHTTP='-1',RESPONSE_LENGTH_HEADER='628',REQUEST_PROTOCOL='h2',REQUEST_URL='https://itunes.apple.com/lookup?id=1524080195',
08-06 12:59:04.760   918  3670 I ActivityManager: START u0 {cmp=baseline.de.danoeh.antennapod.debug/baseline.de.danoeh.antennapod.activity.OnlineFeedViewActivity (has extras)} from uid 10711 on display 0
08-06 12:59:04.782 13866 13866 I GoogleInputMethodServic: GoogleInputMethodService.onFinishInput():3138 
08-06 12:59:04.783 13866 13866 I GoogleInputMethodServic: GoogleInputMethodService.onStartInput():1808 
08-06 12:59:04.806 24574 24574 D UserPreferences: Using default data folder
08-06 12:59:04.807 24574 24574 D OnlineFeedViewActivity: Activity was started with url https://rss.art19.com/nice-white-parents
08-06 12:59:04.809 24574 24574 D OnlineFeedViewActivity: Starting feed download
08-06 12:59:04.818 24574 24613 D DBReader: Extracting Feedlist
08-06 12:59:04.822   918  5481 D WifiService: acquireWifiLockLocked: WifiLock{Downloader type=1 binder=android.os.BinderProxy@26a19b7}
08-06 12:59:04.823 24574 24613 D AntennapodHttpClient: Creating new instance of HTTP client
08-06 12:59:04.869 13866 13866 I GoogleInputMethodServic: GoogleInputMethodService.onFinishInput():3138 
08-06 12:59:04.869 13866 13866 I GoogleInputMethodServic: GoogleInputMethodService.onStartInput():1808 
08-06 12:59:04.886 24574 24595 I art     : Starting a blocking GC Explicit
08-06 12:59:04.901   918   936 I ActivityManager: Displayed baseline.de.danoeh.antennapod.debug/baseline.de.danoeh.antennapod.activity.OnlineFeedViewActivity: +118ms
08-06 12:59:04.932 24574 24595 I art     : Explicit concurrent mark sweep GC freed 3341(217KB) AllocSpace objects, 1(20KB) LOS objects, 36% free, 28MB/44MB, paused 1.471ms total 45.566ms
08-06 12:59:04.948 24574 24595 I art     : Starting a blocking GC Explicit
08-06 12:59:04.982 24574 24595 I art     : Explicit concurrent mark sweep GC freed 4633(219KB) AllocSpace objects, 2(120KB) LOS objects, 35% free, 28MB/44MB, paused 1.394ms total 33.303ms
08-06 12:59:04.993 24574 24595 I art     : Starting a blocking GC Explicit
08-06 12:59:05.024 24574 24595 I art     : Explicit concurrent mark sweep GC freed 1245(129KB) AllocSpace objects, 1(80KB) LOS objects, 35% free, 28MB/44MB, paused 1.263ms total 31.109ms
08-06 12:59:05.036 24574 24595 I art     : Starting a blocking GC Explicit
08-06 12:59:05.066 24574 24595 I art     : Explicit concurrent mark sweep GC freed 27(1184B) AllocSpace objects, 0(0B) LOS objects, 35% free, 28MB/44MB, paused 1.053ms total 30.381ms
08-06 12:59:05.077 24574 24595 I art     : Starting a blocking GC Explicit
08-06 12:59:05.108 24574 24595 I art     : Explicit concurrent mark sweep GC freed 3(96B) AllocSpace objects, 0(0B) LOS objects, 35% free, 28MB/44MB, paused 1.176ms total 30.281ms
08-06 12:59:05.127 24574 24613 D MYTAG   : interceptor 3a https://rss.art19.com/nice-white-parents
08-06 12:59:05.127 24574 24613 I NAPPA_EXPERIMENTATION: MetricNetworkRequestExecutionTime: REQUEST_DURATION_SYSTEM='303',REQUEST_DURATION_OKHTTP='146',REQUEST_SYNCHRONOUS='TRUE',RESPONSE_CODE='200',RESPONSE_METHOD='GET',RESPONSE_LENGTH_OKHTTP='-1',RESPONSE_LENGTH_HEADER='1803',REQUEST_PROTOCOL='h2',REQUEST_URL='https://rss.art19.com/nice-white-parents',
08-06 12:59:05.127 24574 24613 D HttpDownloader: Response code is 200
08-06 12:59:05.127 24574 24613 D UserPreferences: Using default data folder
08-06 12:59:05.129 24574 24613 D HttpDownloader: Getting size of download
08-06 12:59:05.129 24574 24613 D HttpDownloader: Size is -1
08-06 12:59:05.129 24574 24613 D UserPreferences: Using default data folder
08-06 12:59:05.130 24574 24613 D HttpDownloader: Free space is 20175589376
08-06 12:59:05.130 24574 24613 D HttpDownloader: Starting download
08-06 12:59:05.134 24574 24613 D HttpDownloader: Download was successful
08-06 12:59:05.135   918  3670 D WifiService: releaseWifiLockLocked: WifiLock{Downloader type=1 binder=android.os.BinderProxy@26a19b7}
08-06 12:59:05.135 24574 24574 D OnlineFeedViewActivity: Parsing feed
08-06 12:59:05.138 24574 26228 D TypeGetter: Recognized type RSS 2.0
08-06 12:59:05.139   512  2967 D audio_hw_primary: disable_audio_route: reset and update mixer path: low-latency-playback speaker
08-06 12:59:05.140 24574 26228 D SyndHandler: Recognized ITunes namespace
08-06 12:59:05.140   512  2967 D audio_hw_primary: disable_snd_device: snd_device(2: speaker)
08-06 12:59:05.140 24574 26228 D SyndHandler: Recognized Atom namespace
08-06 12:59:05.140 24574 26228 D SyndHandler: Recognized Content namespace
08-06 12:59:05.148 24574 26228 D OnlineFeedViewActivity: Deleted feed source file. Result: true
08-06 12:59:05.149 24574 24574 D OnlineFeedViewActivity: Removing HTML from shownotes
08-06 12:59:05.150   512  2967 I soundtrigger: audio_extn_sound_trigger_update_device_status: device 0x2 of type 0 for Event 0
08-06 12:59:05.158   380   380 W SurfaceFlinger: couldn't log to binary event log: overflow.
08-06 12:59:05.209 21246 21246 I ServiceManager: Waiting for service AtCmdFwd...
08-06 12:59:05.296 24574 24574 D PlaybackController: Releasing PlaybackController
08-06 12:59:05.434 24574 24594 I art     : Starting a blocking GC Explicit
08-06 12:59:05.472 24574 24594 I art     : Explicit concurrent mark sweep GC freed 3714(378KB) AllocSpace objects, 5(148KB) LOS objects, 35% free, 28MB/44MB, paused 1.174ms total 37.504ms
08-06 12:59:05.484 24574 24594 I art     : Starting a blocking GC Explicit
08-06 12:59:05.520 24574 24594 I art     : Explicit concurrent mark sweep GC freed 657(31KB) AllocSpace objects, 1(112KB) LOS objects, 36% free, 28MB/44MB, paused 1.166ms total 35.755ms
08-06 12:59:05.532 24574 24594 I art     : Starting a blocking GC Explicit
08-06 12:59:05.568 24574 24594 I art     : Explicit concurrent mark sweep GC freed 3(96B) AllocSpace objects, 0(0B) LOS objects, 36% free, 28MB/44MB, paused 1.216ms total 36.179ms
08-06 12:59:05.580 24574 24594 I art     : Starting a blocking GC Explicit
08-06 12:59:05.616 24574 24594 I art     : Explicit concurrent mark sweep GC freed 3(96B) AllocSpace objects, 0(0B) LOS objects, 36% free, 28MB/44MB, paused 1.160ms total 35.780ms
08-06 12:59:05.629 24574 24594 I art     : Starting a blocking GC Explicit
08-06 12:59:05.665 24574 24594 I art     : Explicit concurrent mark sweep GC freed 3(96B) AllocSpace objects, 0(0B) LOS objects, 36% free, 28MB/44MB, paused 1.152ms total 36.291ms
08-06 12:59:05.980 24574 26013 I art     : Starting a blocking GC Explicit
08-06 12:59:06.030 24574 26013 I art     : Explicit concurrent mark sweep GC freed 1404(83KB) AllocSpace objects, 1(20KB) LOS objects, 36% free, 28MB/44MB, paused 1.348ms total 50.034ms
08-06 12:59:06.046 24574 26013 I art     : Starting a blocking GC Explicit
08-06 12:59:06.080 24574 26013 I art     : Explicit concurrent mark sweep GC freed 23(752B) AllocSpace objects, 0(0B) LOS objects, 36% free, 28MB/44MB, paused 1.128ms total 34.307ms
08-06 12:59:06.092 24574 26013 I art     : Starting a blocking GC Explicit
08-06 12:59:06.131 24574 26013 I art     : Explicit concurrent mark sweep GC freed 3(96B) AllocSpace objects, 0(0B) LOS objects, 36% free, 28MB/44MB, paused 1.312ms total 38.437ms
08-06 12:59:06.144 24574 26013 I art     : Starting a blocking GC Explicit
08-06 12:59:06.182 24574 26013 I art     : Explicit concurrent mark sweep GC freed 3(96B) AllocSpace objects, 0(0B) LOS objects, 36% free, 28MB/44MB, paused 1.157ms total 37.720ms
08-06 12:59:06.194 24574 26013 I art     : Starting a blocking GC Explicit
08-06 12:59:06.210 21246 21246 I ServiceManager: Waiting for service AtCmdFwd...
08-06 12:59:06.234 24574 26013 I art     : Explicit concurrent mark sweep GC freed 3(96B) AllocSpace objects, 0(0B) LOS objects, 36% free, 28MB/44MB, paused 1.368ms total 39.173ms
08-06 12:59:06.573 24574 24595 I art     : Starting a blocking GC Explicit
08-06 12:59:06.617 24574 24595 I art     : Explicit concurrent mark sweep GC freed 1372(80KB) AllocSpace objects, 1(20KB) LOS objects, 36% free, 28MB/44MB, paused 1.247ms total 44.090ms
08-06 12:59:06.633 24574 24595 I art     : Starting a blocking GC Explicit
08-06 12:59:06.675 24574 24595 I art     : Explicit concurrent mark sweep GC freed 23(752B) AllocSpace objects, 0(0B) LOS objects, 36% free, 28MB/44MB, paused 1.160ms total 41.381ms
08-06 12:59:06.687 24574 24595 I art     : Starting a blocking GC Explicit
08-06 12:59:06.727 24574 24595 I art     : Explicit concurrent mark sweep GC freed 3(96B) AllocSpace objects, 0(0B) LOS objects, 36% free, 28MB/44MB, paused 1.255ms total 39.718ms
08-06 12:59:06.740 24574 24595 I art     : Starting a blocking GC Explicit
08-06 12:59:06.779 24574 24595 I art     : Explicit concurrent mark sweep GC freed 4(128B) AllocSpace objects, 0(0B) LOS objects, 36% free, 28MB/44MB, paused 1.560ms total 38.588ms
08-06 12:59:06.792 24574 24595 I art     : Starting a blocking GC Explicit
08-06 12:59:06.828 24574 24595 I art     : Explicit concurrent mark sweep GC freed 9(288B) AllocSpace objects, 0(0B) LOS objects, 36% free, 28MB/44MB, paused 1.371ms total 36.275ms
08-06 12:59:07.183 24574 26013 I art     : Starting a blocking GC Explicit
08-06 12:59:07.210 21246 21246 I ServiceManager: Waiting for service AtCmdFwd...
08-06 12:59:07.226 24574 26013 I art     : Explicit concurrent mark sweep GC freed 1429(82KB) AllocSpace objects, 1(20KB) LOS objects, 36% free, 28MB/44MB, paused 1.232ms total 43.132ms
08-06 12:59:07.242 24574 26013 I art     : Starting a blocking GC Explicit
08-06 12:59:07.283 24574 26013 I art     : Explicit concurrent mark sweep GC freed 23(752B) AllocSpace objects, 0(0B) LOS objects, 36% free, 28MB/44MB, paused 1.117ms total 39.920ms
08-06 12:59:07.295 24574 26013 I art     : Starting a blocking GC Explicit
08-06 12:59:07.335 24574 26013 I art     : Explicit concurrent mark sweep GC freed 3(96B) AllocSpace objects, 0(0B) LOS objects, 36% free, 28MB/44MB, paused 1.167ms total 39.264ms
08-06 12:59:07.347 24574 26013 I art     : Starting a blocking GC Explicit
08-06 12:59:07.387 24574 26013 I art     : Explicit concurrent mark sweep GC freed 3(96B) AllocSpace objects, 0(0B) LOS objects, 36% free, 28MB/44MB, paused 1.201ms total 39.475ms
08-06 12:59:07.399 24574 26013 I art     : Starting a blocking GC Explicit
08-06 12:59:07.438 24574 26013 I art     : Explicit concurrent mark sweep GC freed 3(96B) AllocSpace objects, 0(0B) LOS objects, 36% free, 28MB/44MB, paused 1.358ms total 38.027ms
08-06 12:59:07.772 24574 24611 I art     : Starting a blocking GC Explicit
08-06 12:59:07.820 24574 24611 I art     : Explicit concurrent mark sweep GC freed 1372(80KB) AllocSpace objects, 1(20KB) LOS objects, 36% free, 28MB/44MB, paused 1.310ms total 47.635ms
08-06 12:59:07.836 24574 24611 I art     : Starting a blocking GC Explicit
08-06 12:59:07.876 24574 24611 I art     : Explicit concurrent mark sweep GC freed 23(752B) AllocSpace objects, 0(0B) LOS objects, 36% free, 28MB/44MB, paused 1.186ms total 40.164ms
08-06 12:59:07.889 24574 24611 I art     : Starting a blocking GC Explicit
08-06 12:59:07.927 24574 24611 I art     : Explicit concurrent mark sweep GC freed 32(880B) AllocSpace objects, 0(0B) LOS objects, 36% free, 28MB/44MB, paused 1.226ms total 38.288ms
08-06 12:59:07.940 24574 24611 I art     : Starting a blocking GC Explicit
08-06 12:59:07.978 24574 24611 I art     : Explicit concurrent mark sweep GC freed 3(96B) AllocSpace objects, 0(0B) LOS objects, 36% free, 28MB/44MB, paused 1.293ms total 37.951ms
08-06 12:59:07.990 24574 24611 I art     : Starting a blocking GC Explicit
08-06 12:59:08.030 24574 24611 I art     : Explicit concurrent mark sweep GC freed 3(96B) AllocSpace objects, 0(0B) LOS objects, 36% free, 28MB/44MB, paused 1.214ms total 39.265ms
08-06 12:59:08.211 21246 21246 I ServiceManager: Waiting for service AtCmdFwd...
08-06 12:59:08.362 24574 24594 I art     : Starting a blocking GC Explicit
08-06 12:59:08.412 24574 24594 I art     : Explicit concurrent mark sweep GC freed 1372(80KB) AllocSpace objects, 1(20KB) LOS objects, 36% free, 28MB/44MB, paused 1.262ms total 49.904ms
08-06 12:59:08.428 24574 24594 I art     : Starting a blocking GC Explicit
08-06 12:59:08.467 24574 24594 I art     : Explicit concurrent mark sweep GC freed 23(752B) AllocSpace objects, 0(0B) LOS objects, 36% free, 28MB/44MB, paused 1.183ms total 39.090ms
08-06 12:59:08.480 24574 24594 I art     : Starting a blocking GC Explicit
08-06 12:59:08.519 24574 24594 I art     : Explicit concurrent mark sweep GC freed 3(96B) AllocSpace objects, 0(0B) LOS objects, 36% free, 28MB/44MB, paused 1.227ms total 39.544ms
08-06 12:59:08.532 24574 24594 I art     : Starting a blocking GC Explicit
08-06 12:59:08.569 24574 24594 I art     : Explicit concurrent mark sweep GC freed 3(96B) AllocSpace objects, 0(0B) LOS objects, 36% free, 28MB/44MB, paused 1.180ms total 37.242ms
08-06 12:59:08.582 24574 24594 I art     : Starting a blocking GC Explicit
08-06 12:59:08.622 24574 24594 I art     : Explicit concurrent mark sweep GC freed 3(96B) AllocSpace objects, 0(0B) LOS objects, 36% free, 28MB/44MB, paused 1.197ms total 39.489ms
08-06 12:59:08.965 24574 24595 I art     : Starting a blocking GC Explicit
08-06 12:59:09.016 24574 24595 I art     : Explicit concurrent mark sweep GC freed 1402(83KB) AllocSpace objects, 1(20KB) LOS objects, 36% free, 28MB/44MB, paused 1.261ms total 50.404ms
08-06 12:59:09.030 24574 24595 I art     : Starting a blocking GC Explicit
08-06 12:59:09.068 24574 24595 I art     : Explicit concurrent mark sweep GC freed 23(752B) AllocSpace objects, 0(0B) LOS objects, 36% free, 28MB/44MB, paused 1.216ms total 37.011ms
08-06 12:59:09.080 24574 24595 I art     : Starting a blocking GC Explicit
08-06 12:59:09.120 24574 24595 I art     : Explicit concurrent mark sweep GC freed 3(96B) AllocSpace objects, 0(0B) LOS objects, 36% free, 28MB/44MB, paused 1.196ms total 39.546ms
08-06 12:59:09.133 24574 24595 I art     : Starting a blocking GC Explicit
08-06 12:59:09.172 24574 24595 I art     : Explicit concurrent mark sweep GC freed 3(96B) AllocSpace objects, 0(0B) LOS objects, 36% free, 28MB/44MB, paused 1.145ms total 38.888ms
08-06 12:59:09.185 24574 24595 I art     : Starting a blocking GC Explicit
08-06 12:59:09.211 21246 21246 W Atfwd_Sendcmd: AtCmdFwd service not published, waiting... retryCnt : 4
08-06 12:59:09.223 24574 24595 I art     : Explicit concurrent mark sweep GC freed 3(96B) AllocSpace objects, 0(0B) LOS objects, 36% free, 28MB/44MB, paused 1.201ms total 38.394ms
08-06 12:59:09.577 24574 26013 I art     : Starting a blocking GC Explicit
08-06 12:59:09.622 24574 26013 I art     : Explicit concurrent mark sweep GC freed 1372(80KB) AllocSpace objects, 1(20KB) LOS objects, 36% free, 28MB/44MB, paused 1.264ms total 45.398ms
08-06 12:59:09.637 24574 26013 I art     : Starting a blocking GC Explicit
08-06 12:59:09.675 24574 26013 I art     : Explicit concurrent mark sweep GC freed 23(752B) AllocSpace objects, 0(0B) LOS objects, 36% free, 28MB/44MB, paused 1.122ms total 37.775ms
08-06 12:59:09.688 24574 26013 I art     : Starting a blocking GC Explicit
08-06 12:59:09.727 24574 26013 I art     : Explicit concurrent mark sweep GC freed 3(96B) AllocSpace objects, 0(0B) LOS objects, 36% free, 28MB/44MB, paused 1.301ms total 39.562ms
08-06 12:59:09.740 24574 26013 I art     : Starting a blocking GC Explicit
08-06 12:59:09.780 24574 26013 I art     : Explicit concurrent mark sweep GC freed 3(96B) AllocSpace objects, 0(0B) LOS objects, 36% free, 28MB/44MB, paused 1.153ms total 39.559ms
08-06 12:59:09.792 24574 26013 I art     : Starting a blocking GC Explicit
08-06 12:59:09.832 24574 26013 I art     : Explicit concurrent mark sweep GC freed 3(96B) AllocSpace objects, 0(0B) LOS objects, 36% free, 28MB/44MB, paused 1.210ms total 38.970ms
08-06 12:59:10.186 24574 24611 I art     : Starting a blocking GC Explicit
08-06 12:59:10.235 24574 24611 I art     : Explicit concurrent mark sweep GC freed 1401(81KB) AllocSpace objects, 1(20KB) LOS objects, 36% free, 28MB/44MB, paused 1.302ms total 48.751ms
08-06 12:59:10.253 24574 24611 I art     : Starting a blocking GC Explicit
08-06 12:59:10.292 24574 24611 I art     : Explicit concurrent mark sweep GC freed 23(752B) AllocSpace objects, 0(0B) LOS objects, 36% free, 28MB/44MB, paused 1.173ms total 38.393ms
08-06 12:59:10.305 24574 24611 I art     : Starting a blocking GC Explicit
08-06 12:59:10.344 24574 24611 I art     : Explicit concurrent mark sweep GC freed 3(96B) AllocSpace objects, 0(0B) LOS objects, 36% free, 28MB/44MB, paused 1.175ms total 39.324ms
08-06 12:59:10.357 24574 24611 I art     : Starting a blocking GC Explicit
08-06 12:59:10.396 24574 24611 I art     : Explicit concurrent mark sweep GC freed 3(96B) AllocSpace objects, 0(0B) LOS objects, 36% free, 28MB/44MB, paused 1.161ms total 38.964ms
08-06 12:59:10.408 24574 24611 I art     : Starting a blocking GC Explicit
08-06 12:59:10.447 24574 24611 I art     : Explicit concurrent mark sweep GC freed 3(96B) AllocSpace objects, 0(0B) LOS objects, 36% free, 28MB/44MB, paused 1.264ms total 38.418ms
08-06 12:59:10.783 24574 24594 I art     : Starting a blocking GC Explicit
08-06 12:59:10.830 24574 24594 I art     : Explicit concurrent mark sweep GC freed 1372(80KB) AllocSpace objects, 1(20KB) LOS objects, 36% free, 28MB/44MB, paused 1.204ms total 46.276ms
08-06 12:59:10.844 24574 24594 I art     : Starting a blocking GC Explicit
08-06 12:59:10.884 24574 24594 I art     : Explicit concurrent mark sweep GC freed 52(1536B) AllocSpace objects, 0(0B) LOS objects, 36% free, 28MB/44MB, paused 1.191ms total 39.438ms
08-06 12:59:10.896 24574 24594 I art     : Starting a blocking GC Explicit
08-06 12:59:10.934 24574 24594 I art     : Explicit concurrent mark sweep GC freed 3(96B) AllocSpace objects, 0(0B) LOS objects, 36% free, 28MB/44MB, paused 1.203ms total 37.688ms
08-06 12:59:10.947 24574 24594 I art     : Starting a blocking GC Explicit
08-06 12:59:10.987 24574 24594 I art     : Explicit concurrent mark sweep GC freed 3(96B) AllocSpace objects, 0(0B) LOS objects, 36% free, 28MB/44MB, paused 1.209ms total 39.795ms
08-06 12:59:10.999 24574 24594 I art     : Starting a blocking GC Explicit
08-06 12:59:11.038 24574 24594 I art     : Explicit concurrent mark sweep GC freed 3(96B) AllocSpace objects, 0(0B) LOS objects, 36% free, 28MB/44MB, paused 1.236ms total 38.066ms
08-06 12:59:11.357 24574 24595 I art     : Starting a blocking GC Explicit
08-06 12:59:11.406 24574 24595 I art     : Explicit concurrent mark sweep GC freed 1372(80KB) AllocSpace objects, 1(20KB) LOS objects, 36% free, 28MB/44MB, paused 1.206ms total 48.524ms
08-06 12:59:11.422 24574 24595 I art     : Starting a blocking GC Explicit
08-06 12:59:11.460 24574 24595 I art     : Explicit concurrent mark sweep GC freed 23(752B) AllocSpace objects, 0(0B) LOS objects, 36% free, 28MB/44MB, paused 1.299ms total 38.284ms
08-06 12:59:11.473 24574 24595 I art     : Starting a blocking GC Explicit
08-06 12:59:11.512 24574 24595 I art     : Explicit concurrent mark sweep GC freed 3(96B) AllocSpace objects, 0(0B) LOS objects, 36% free, 28MB/44MB, paused 1.201ms total 39.464ms
08-06 12:59:11.525 24574 24595 I art     : Starting a blocking GC Explicit
08-06 12:59:11.564 24574 24595 I art     : Explicit concurrent mark sweep GC freed 3(96B) AllocSpace objects, 0(0B) LOS objects, 36% free, 28MB/44MB, paused 1.206ms total 38.364ms
08-06 12:59:11.576 24574 24595 I art     : Starting a blocking GC Explicit
08-06 12:59:11.615 24574 24595 I art     : Explicit concurrent mark sweep GC freed 3(96B) AllocSpace objects, 0(0B) LOS objects, 36% free, 28MB/44MB, paused 1.177ms total 38.509ms
08-06 12:59:11.953 24574 26013 I art     : Starting a blocking GC Explicit
08-06 12:59:12.003 24574 26013 I art     : Explicit concurrent mark sweep GC freed 1401(81KB) AllocSpace objects, 1(20KB) LOS objects, 36% free, 28MB/44MB, paused 1.255ms total 50.210ms
08-06 12:59:12.019 24574 26013 I art     : Starting a blocking GC Explicit
08-06 12:59:12.057 24574 26013 I art     : Explicit concurrent mark sweep GC freed 23(752B) AllocSpace objects, 0(0B) LOS objects, 36% free, 28MB/44MB, paused 1.197ms total 37.859ms
08-06 12:59:12.069 24574 26013 I art     : Starting a blocking GC Explicit
08-06 12:59:12.109 24574 26013 I art     : Explicit concurrent mark sweep GC freed 3(96B) AllocSpace objects, 0(0B) LOS objects, 36% free, 28MB/44MB, paused 1.207ms total 39.411ms
08-06 12:59:12.124 24574 26013 I art     : Starting a blocking GC Explicit
08-06 12:59:12.164 24574 26013 I art     : Explicit concurrent mark sweep GC freed 3(96B) AllocSpace objects, 0(0B) LOS objects, 36% free, 28MB/44MB, paused 1.307ms total 39.459ms
08-06 12:59:12.176 24574 26013 I art     : Starting a blocking GC Explicit
08-06 12:59:12.215 24574 26013 I art     : Explicit concurrent mark sweep GC freed 3(96B) AllocSpace objects, 0(0B) LOS objects, 36% free, 28MB/44MB, paused 1.153ms total 38.065ms
08-06 12:59:12.556 24574 24611 I art     : Starting a blocking GC Explicit
08-06 12:59:12.605 24574 24611 I art     : Explicit concurrent mark sweep GC freed 1372(80KB) AllocSpace objects, 1(20KB) LOS objects, 36% free, 28MB/44MB, paused 1.267ms total 47.890ms
08-06 12:59:12.620 24574 24611 I art     : Starting a blocking GC Explicit
08-06 12:59:12.658 24574 24611 I art     : Explicit concurrent mark sweep GC freed 23(752B) AllocSpace objects, 0(0B) LOS objects, 36% free, 28MB/44MB, paused 1.299ms total 37.608ms
08-06 12:59:12.670 24574 24611 I art     : Starting a blocking GC Explicit
08-06 12:59:12.709 24574 24611 I art     : Explicit concurrent mark sweep GC freed 3(96B) AllocSpace objects, 0(0B) LOS objects, 36% free, 28MB/44MB, paused 1.220ms total 38.938ms
08-06 12:59:12.722 24574 24611 I art     : Starting a blocking GC Explicit
08-06 12:59:12.759 24574 24611 I art     : Explicit concurrent mark sweep GC freed 3(96B) AllocSpace objects, 0(0B) LOS objects, 36% free, 28MB/44MB, paused 1.110ms total 37.106ms
08-06 12:59:12.771 24574 24611 I art     : Starting a blocking GC Explicit
08-06 12:59:12.804 24574 24611 I art     : Explicit concurrent mark sweep GC freed 3(96B) AllocSpace objects, 0(0B) LOS objects, 36% free, 28MB/44MB, paused 1.073ms total 32.226ms
08-06 12:59:13.123 24574 24594 I art     : Starting a blocking GC Explicit
08-06 12:59:13.168 24574 24594 I art     : Explicit concurrent mark sweep GC freed 1401(81KB) AllocSpace objects, 1(20KB) LOS objects, 36% free, 28MB/44MB, paused 1.195ms total 44.106ms
08-06 12:59:13.183 24574 24594 I art     : Starting a blocking GC Explicit
08-06 12:59:13.222 24574 24594 I art     : Explicit concurrent mark sweep GC freed 23(752B) AllocSpace objects, 0(0B) LOS objects, 36% free, 28MB/44MB, paused 1.205ms total 38.155ms
08-06 12:59:13.234 24574 24594 I art     : Starting a blocking GC Explicit
08-06 12:59:13.270 24574 24594 I art     : Explicit concurrent mark sweep GC freed 3(96B) AllocSpace objects, 0(0B) LOS objects, 36% free, 28MB/44MB, paused 1.157ms total 36.470ms
08-06 12:59:13.283 24574 24594 I art     : Starting a blocking GC Explicit
08-06 12:59:13.320 24574 24594 I art     : Explicit concurrent mark sweep GC freed 3(96B) AllocSpace objects, 0(0B) LOS objects, 36% free, 28MB/44MB, paused 1.231ms total 36.870ms
08-06 12:59:13.331 26359 26359 D AndroidRuntime: >>>>>> START com.android.internal.os.RuntimeInit uid 2000 <<<<<<
08-06 12:59:13.333 24574 24594 I art     : Starting a blocking GC Explicit
08-06 12:59:13.338 26359 26359 D AndroidRuntime: CheckJNI is OFF
08-06 12:59:13.369 24574 24594 I art     : Explicit concurrent mark sweep GC freed 3(96B) AllocSpace objects, 0(0B) LOS objects, 36% free, 28MB/44MB, paused 1.159ms total 35.985ms
08-06 12:59:13.384 26359 26359 D ICU     : No timezone override file found: /data/misc/zoneinfo/current/icu/icu_tzdata.dat
08-06 12:59:13.425 26359 26359 I Radio-JNI: register_android_hardware_Radio DONE
08-06 12:59:13.454 26359 26359 D AndroidRuntime: Calling main entry com.android.commands.input.Input
08-06 12:59:13.455 26359 26359 I Input   : injectKeyEvent: KeyEvent { action=ACTION_DOWN, keyCode=KEYCODE_BACK, scanCode=0, metaState=0, flags=0x0, repeatCount=0, eventTime=881969868, downTime=881969868, deviceId=-1, source=0x101 }
08-06 12:59:13.461 26359 26359 I Input   : injectKeyEvent: KeyEvent { action=ACTION_UP, keyCode=KEYCODE_BACK, scanCode=0, metaState=0, flags=0x0, repeatCount=0, eventTime=881969868, downTime=881969868, deviceId=-1, source=0x101 }
08-06 12:59:13.467 26359 26359 D AndroidRuntime: Shutting down VM
08-06 12:59:13.472 24574 24574 V PlaybackController: initServiceNotRunning()
08-06 12:59:13.472 24574 24574 D ExternalPlayerFragment: Loading media info
08-06 12:59:13.477 24574 24574 D UserPreferences: Using default data folder
08-06 12:59:13.478 24574 24613 D DBReader: getNavDrawerData() called with: 
08-06 12:59:13.490 24574 24613 D DBReader: getDownloadedItems() called
08-06 12:59:13.491 24574 24613 D DBReader: getFavoriteIDList() called
08-06 12:59:13.492 24574 24613 D DBReader: getQueueIDList() called
08-06 12:59:13.493 24574 24613 D DBReader: Extracting Feedlist
08-06 12:59:13.518 24574 24574 D MainActivity: getLastNavFragment() -> AddFeedFragment
08-06 12:59:13.518 13866 13866 I GoogleInputMethodServic: GoogleInputMethodService.onFinishInput():3138 
08-06 12:59:13.520 13866 13866 I GoogleInputMethodServic: GoogleInputMethodService.onStartInput():1808 
08-06 12:59:13.662 24574 24594 I art     : Starting a blocking GC Explicit
08-06 12:59:13.707 24574 24594 I art     : Explicit concurrent mark sweep GC freed 2482(153KB) AllocSpace objects, 1(20KB) LOS objects, 36% free, 28MB/44MB, paused 1.293ms total 44.860ms
08-06 12:59:13.721 24574 24594 I art     : Starting a blocking GC Explicit
08-06 12:59:13.764 24574 24594 I art     : Explicit concurrent mark sweep GC freed 452(24KB) AllocSpace objects, 0(0B) LOS objects, 36% free, 28MB/44MB, paused 1.187ms total 41.967ms
08-06 12:59:13.778 24574 24594 I art     : Starting a blocking GC Explicit
08-06 12:59:13.816 24574 24594 I art     : Explicit concurrent mark sweep GC freed 3(96B) AllocSpace objects, 0(0B) LOS objects, 36% free, 28MB/44MB, paused 1.156ms total 36.933ms
08-06 12:59:13.822   380   380 W SurfaceFlinger: couldn't log to binary event log: overflow.
08-06 12:59:13.830 24574 24594 I art     : Starting a blocking GC Explicit
08-06 12:59:13.865 24574 24594 I art     : Explicit concurrent mark sweep GC freed 600(25KB) AllocSpace objects, 0(0B) LOS objects, 36% free, 28MB/44MB, paused 1.102ms total 34.606ms
08-06 12:59:13.876 24574 24594 I art     : Starting a blocking GC Explicit
08-06 12:59:13.908 24574 24594 I art     : Explicit concurrent mark sweep GC freed 2466(152KB) AllocSpace objects, 1(28KB) LOS objects, 36% free, 28MB/44MB, paused 1.419ms total 32.161ms
08-06 12:59:14.224 24574 24595 I art     : Starting a blocking GC Explicit
08-06 12:59:14.266 24574 24595 I art     : Explicit concurrent mark sweep GC freed 1373(80KB) AllocSpace objects, 1(20KB) LOS objects, 36% free, 28MB/44MB, paused 1.216ms total 41.565ms
08-06 12:59:14.282 24574 24595 I art     : Starting a blocking GC Explicit
08-06 12:59:14.316 24574 24595 I art     : Explicit concurrent mark sweep GC freed 23(752B) AllocSpace objects, 0(0B) LOS objects, 36% free, 28MB/44MB, paused 1.126ms total 33.976ms
08-06 12:59:14.328 24574 24595 I art     : Starting a blocking GC Explicit
08-06 12:59:14.363 24574 24595 I art     : Explicit concurrent mark sweep GC freed 3(96B) AllocSpace objects, 0(0B) LOS objects, 36% free, 28MB/44MB, paused 1.150ms total 34.861ms
08-06 12:59:14.375 24574 24595 I art     : Starting a blocking GC Explicit
08-06 12:59:14.410 24574 24595 I art     : Explicit concurrent mark sweep GC freed 3(96B) AllocSpace objects, 0(0B) LOS objects, 36% free, 28MB/44MB, paused 1.171ms total 34.419ms
08-06 12:59:14.422 24574 24595 I art     : Starting a blocking GC Explicit
08-06 12:59:14.458 24574 24595 I art     : Explicit concurrent mark sweep GC freed 3(96B) AllocSpace objects, 0(0B) LOS objects, 36% free, 28MB/44MB, paused 1.257ms total 35.240ms
08-06 12:59:14.777 24574 26013 I art     : Starting a blocking GC Explicit
08-06 12:59:14.816 24574 26013 I art     : Explicit concurrent mark sweep GC freed 1374(82KB) AllocSpace objects, 1(20KB) LOS objects, 36% free, 28MB/44MB, paused 1.263ms total 39.514ms
08-06 12:59:14.830 24574 26013 I art     : Starting a blocking GC Explicit
08-06 12:59:14.864 24574 26013 I art     : Explicit concurrent mark sweep GC freed 23(752B) AllocSpace objects, 0(0B) LOS objects, 36% free, 28MB/44MB, paused 1.169ms total 33.636ms
08-06 12:59:14.876 24574 26013 I art     : Starting a blocking GC Explicit
08-06 12:59:14.910 24574 26013 I art     : Explicit concurrent mark sweep GC freed 32(880B) AllocSpace objects, 0(0B) LOS objects, 36% free, 28MB/44MB, paused 1.212ms total 33.393ms
08-06 12:59:14.921 24574 26013 I art     : Starting a blocking GC Explicit
08-06 12:59:14.955 24574 26013 I art     : Explicit concurrent mark sweep GC freed 3(96B) AllocSpace objects, 0(0B) LOS objects, 36% free, 28MB/44MB, paused 1.107ms total 33.296ms
08-06 12:59:14.967 24574 26013 I art     : Starting a blocking GC Explicit
08-06 12:59:15.000 24574 26013 I art     : Explicit concurrent mark sweep GC freed 3(96B) AllocSpace objects, 0(0B) LOS objects, 36% free, 28MB/44MB, paused 1.153ms total 33.389ms
08-06 12:59:15.258 26413 26413 D AndroidRuntime: >>>>>> START com.android.internal.os.RuntimeInit uid 2000 <<<<<<
08-06 12:59:15.264 26413 26413 D AndroidRuntime: CheckJNI is OFF
08-06 12:59:15.306 26413 26413 D ICU     : No timezone override file found: /data/misc/zoneinfo/current/icu/icu_tzdata.dat
08-06 12:59:15.312 24574 24611 I art     : Starting a blocking GC Explicit
08-06 12:59:15.348 24574 24611 I art     : Explicit concurrent mark sweep GC freed 1402(81KB) AllocSpace objects, 1(20KB) LOS objects, 36% free, 28MB/44MB, paused 1.553ms total 36.313ms
08-06 12:59:15.351 26413 26413 I Radio-JNI: register_android_hardware_Radio DONE
08-06 12:59:15.360 24574 24611 I art     : Starting a blocking GC Explicit
08-06 12:59:15.382 26413 26413 D AndroidRuntime: Calling main entry com.android.commands.input.Input
08-06 12:59:15.383 26413 26413 I Input   : injectKeyEvent: KeyEvent { action=ACTION_DOWN, keyCode=KEYCODE_BACK, scanCode=0, metaState=0, flags=0x0, repeatCount=0, eventTime=881971796, downTime=881971796, deviceId=-1, source=0x101 }
08-06 12:59:15.390 26413 26413 I Input   : injectKeyEvent: KeyEvent { action=ACTION_UP, keyCode=KEYCODE_BACK, scanCode=0, metaState=0, flags=0x0, repeatCount=0, eventTime=881971796, downTime=881971796, deviceId=-1, source=0x101 }
08-06 12:59:15.393 24574 24611 I art     : Explicit concurrent mark sweep GC freed 28(1184B) AllocSpace objects, 0(0B) LOS objects, 36% free, 28MB/44MB, paused 1.127ms total 32.713ms
08-06 12:59:15.404 24574 24611 I art     : Starting a blocking GC Explicit
08-06 12:59:15.409 13866 13866 I GoogleInputMethodServic: GoogleInputMethodService.onFinishInput():3138 
08-06 12:59:15.410 13866 13866 I GoogleInputMethodServic: GoogleInputMethodService.onStartInput():1808 
08-06 12:59:15.415 26413 26413 D AndroidRuntime: Shutting down VM
08-06 12:59:15.440 24574 24611 I art     : Explicit concurrent mark sweep GC freed 1128(45KB) AllocSpace objects, 0(0B) LOS objects, 36% free, 28MB/44MB, paused 1.184ms total 35.033ms
08-06 12:59:15.451 24574 24611 I art     : Starting a blocking GC Explicit
08-06 12:59:15.483 24574 24611 I art     : Explicit concurrent mark sweep GC freed 205(13KB) AllocSpace objects, 0(0B) LOS objects, 36% free, 28MB/44MB, paused 1.138ms total 31.975ms
08-06 12:59:15.495 24574 24611 I art     : Starting a blocking GC Explicit
08-06 12:59:15.530 24574 24611 I art     : Explicit concurrent mark sweep GC freed 2509(166KB) AllocSpace objects, 9(1540KB) LOS objects, 37% free, 26MB/42MB, paused 1.187ms total 34.404ms
08-06 12:59:15.831 24574 24595 I art     : Starting a blocking GC Explicit
08-06 12:59:15.875 24574 24595 I art     : Explicit concurrent mark sweep GC freed 1373(80KB) AllocSpace objects, 1(20KB) LOS objects, 37% free, 26MB/42MB, paused 1.236ms total 43.559ms
08-06 12:59:15.890 24574 24595 I art     : Starting a blocking GC Explicit
08-06 12:59:15.925 24574 24595 I art     : Explicit concurrent mark sweep GC freed 52(1536B) AllocSpace objects, 0(0B) LOS objects, 37% free, 26MB/42MB, paused 1.144ms total 34.154ms
08-06 12:59:15.937 24574 24595 I art     : Starting a blocking GC Explicit
08-06 12:59:15.970 24574 24595 I art     : Explicit concurrent mark sweep GC freed 3(96B) AllocSpace objects, 0(0B) LOS objects, 37% free, 26MB/42MB, paused 1.126ms total 33.332ms
08-06 12:59:15.982 24574 24595 I art     : Starting a blocking GC Explicit
08-06 12:59:16.016 24574 24595 I art     : Explicit concurrent mark sweep GC freed 3(96B) AllocSpace objects, 0(0B) LOS objects, 37% free, 26MB/42MB, paused 1.149ms total 33.386ms
08-06 12:59:16.028 24574 24595 I art     : Starting a blocking GC Explicit
08-06 12:59:16.062 24574 24595 I art     : Explicit concurrent mark sweep GC freed 3(96B) AllocSpace objects, 0(0B) LOS objects, 37% free, 26MB/42MB, paused 1.125ms total 33.803ms
08-06 12:59:16.371 24574 26013 I art     : Starting a blocking GC Explicit
08-06 12:59:16.414 24574 26013 I art     : Explicit concurrent mark sweep GC freed 1372(81KB) AllocSpace objects, 1(20KB) LOS objects, 37% free, 26MB/42MB, paused 1.226ms total 42.449ms
08-06 12:59:16.427 24574 26013 I art     : Starting a blocking GC Explicit
08-06 12:59:16.462 24574 26013 I art     : Explicit concurrent mark sweep GC freed 23(752B) AllocSpace objects, 0(0B) LOS objects, 37% free, 26MB/42MB, paused 1.138ms total 34.104ms
08-06 12:59:16.474 24574 26013 I art     : Starting a blocking GC Explicit
08-06 12:59:16.509 24574 26013 I art     : Explicit concurrent mark sweep GC freed 3(96B) AllocSpace objects, 0(0B) LOS objects, 37% free, 26MB/42MB, paused 1.214ms total 34.620ms
08-06 12:59:16.521 24574 26013 I art     : Starting a blocking GC Explicit
08-06 12:59:16.555 24574 26013 I art     : Explicit concurrent mark sweep GC freed 3(96B) AllocSpace objects, 0(0B) LOS objects, 37% free, 26MB/42MB, paused 1.098ms total 33.826ms
08-06 12:59:16.567 24574 26013 I art     : Starting a blocking GC Explicit
08-06 12:59:16.601 24574 26013 I art     : Explicit concurrent mark sweep GC freed 3(96B) AllocSpace objects, 0(0B) LOS objects, 37% free, 26MB/42MB, paused 1.150ms total 34.123ms
08-06 12:59:16.903 24574 24594 I art     : Starting a blocking GC Explicit
08-06 12:59:16.944 24574 24594 I art     : Explicit concurrent mark sweep GC freed 1402(82KB) AllocSpace objects, 1(20KB) LOS objects, 37% free, 26MB/42MB, paused 1.279ms total 40.645ms
08-06 12:59:16.958 24574 24594 I art     : Starting a blocking GC Explicit
08-06 12:59:16.993 24574 24594 I art     : Explicit concurrent mark sweep GC freed 23(752B) AllocSpace objects, 0(0B) LOS objects, 37% free, 26MB/42MB, paused 1.204ms total 34.841ms
08-06 12:59:17.005 24574 24594 I art     : Starting a blocking GC Explicit
08-06 12:59:17.040 24574 24594 I art     : Explicit concurrent mark sweep GC freed 4(128B) AllocSpace objects, 0(0B) LOS objects, 37% free, 26MB/42MB, paused 1.460ms total 34.254ms
08-06 12:59:17.052 24574 24594 I art     : Starting a blocking GC Explicit
08-06 12:59:17.086 24574 24594 I art     : Explicit concurrent mark sweep GC freed 9(288B) AllocSpace objects, 0(0B) LOS objects, 37% free, 26MB/42MB, paused 1.107ms total 33.302ms
08-06 12:59:17.098 24574 24594 I art     : Starting a blocking GC Explicit
08-06 12:59:17.131 24574 24594 I art     : Explicit concurrent mark sweep GC freed 9(288B) AllocSpace objects, 0(0B) LOS objects, 37% free, 26MB/42MB, paused 1.117ms total 32.766ms
08-06 12:59:17.214 26456 26456 D AndroidRuntime: >>>>>> START com.android.internal.os.RuntimeInit uid 2000 <<<<<<
08-06 12:59:17.221 26456 26456 D AndroidRuntime: CheckJNI is OFF
08-06 12:59:17.263 26456 26456 D ICU     : No timezone override file found: /data/misc/zoneinfo/current/icu/icu_tzdata.dat
08-06 12:59:17.308 26456 26456 I Radio-JNI: register_android_hardware_Radio DONE
08-06 12:59:17.336 26456 26456 D AndroidRuntime: Calling main entry com.android.commands.input.Input
08-06 12:59:17.338 26456 26456 I Input   : injectMotionEvent: MotionEvent { action=ACTION_DOWN, actionButton=0, id[0]=0, x[0]=567.0, y[0]=714.0, toolType[0]=TOOL_TYPE_UNKNOWN, buttonState=0, metaState=0, flags=0x0, edgeFlags=0x0, pointerCount=1, historySize=0, eventTime=881973751, downTime=881973751, deviceId=0, source=0x1002 }
08-06 12:59:17.344 26456 26456 I Input   : injectMotionEvent: MotionEvent { action=ACTION_UP, actionButton=0, id[0]=0, x[0]=567.0, y[0]=714.0, toolType[0]=TOOL_TYPE_UNKNOWN, buttonState=0, metaState=0, flags=0x0, edgeFlags=0x0, pointerCount=1, historySize=0, eventTime=881973751, downTime=881973751, deviceId=0, source=0x1002 }
08-06 12:59:17.347 26456 26456 D AndroidRuntime: Shutting down VM
08-06 12:59:17.360   512  2967 D audio_hw_primary: out_set_parameters: enter: usecase(1: low-latency-playback) kvpairs: routing=2
08-06 12:59:17.373   512  2967 D audio_hw_primary: select_devices: out_snd_device(2: speaker) in_snd_device(0: none)
08-06 12:59:17.373   512  2967 D msm8974_platform: platform_send_audio_calibration: sending audio calibration for snd_device(2) acdb_id(15)
08-06 12:59:17.373   512  2967 I soundtrigger: audio_extn_sound_trigger_update_device_status: device 0x2 of type 0 for Event 1
08-06 12:59:17.387   512  2967 D audio_hw_primary: enable_snd_device: snd_device(2: speaker)
08-06 12:59:17.389   512  2967 D audio_hw_primary: enable_audio_route: apply and update mixer path: low-latency-playback speaker
08-06 12:59:17.460 24574 24611 I art     : Starting a blocking GC Explicit
08-06 12:59:17.495 24574 24611 I art     : Explicit concurrent mark sweep GC freed 3654(173KB) AllocSpace objects, 1(20KB) LOS objects, 37% free, 27MB/43MB, paused 1.233ms total 34.800ms
08-06 12:59:17.508 24574 24611 I art     : Starting a blocking GC Explicit
08-06 12:59:17.541 24574 24611 I art     : Explicit concurrent mark sweep GC freed 1635(82KB) AllocSpace objects, 1(220KB) LOS objects, 37% free, 26MB/42MB, paused 1.630ms total 33.471ms
08-06 12:59:17.542 24574 24605 I NAPPA_EXPERIMENTATION: MetricNetworkRequestExecutionTime: REQUEST_DURATION_SYSTEM='174',REQUEST_DURATION_OKHTTP='173',REQUEST_SYNCHRONOUS='TRUE',RESPONSE_CODE='400',RESPONSE_METHOD='GET',RESPONSE_LENGTH_OKHTTP='0',RESPONSE_LENGTH_HEADER='0',REQUEST_PROTOCOL='h2',REQUEST_URL='https://itunes.apple.com/en/rss/toppodcasts/limit=25/explicit=true/json',
08-06 12:59:17.553 24574 24611 I art     : Starting a blocking GC Explicit
08-06 12:59:17.584 24574 24611 I art     : Explicit concurrent mark sweep GC freed 399(26KB) AllocSpace objects, 0(0B) LOS objects, 37% free, 26MB/42MB, paused 1.176ms total 30.850ms
08-06 12:59:17.596 24574 24611 I art     : Starting a blocking GC Explicit
08-06 12:59:17.628 24574 24611 I art     : Explicit concurrent mark sweep GC freed 22(864B) AllocSpace objects, 0(0B) LOS objects, 37% free, 26MB/42MB, paused 1.254ms total 31.795ms
08-06 12:59:17.639 24574 24611 I art     : Starting a blocking GC Explicit
08-06 12:59:17.672 24574 24611 I art     : Explicit concurrent mark sweep GC freed 15(544B) AllocSpace objects, 0(0B) LOS objects, 37% free, 26MB/42MB, paused 1.146ms total 32.179ms
08-06 12:59:17.680 24574 24605 I NAPPA_EXPERIMENTATION: MetricNetworkRequestExecutionTime: REQUEST_DURATION_SYSTEM='137',REQUEST_DURATION_OKHTTP='136',REQUEST_SYNCHRONOUS='TRUE',RESPONSE_CODE='200',RESPONSE_METHOD='GET',RESPONSE_LENGTH_OKHTTP='-1',RESPONSE_LENGTH_HEADER='10075',REQUEST_PROTOCOL='h2',REQUEST_URL='https://itunes.apple.com/us/rss/toppodcasts/limit=25/explicit=true/json',
08-06 12:59:17.724 24574 25338 D ApOkHttpUrlLoader: buildLoadData() called with: model = [https://is4-ssl.mzstatic.com/image/thumb/Podcasts114/v4/3f/16/74/3f167426-bf50-ce3a-d709-e4301620fc5b/mza_5832671293059882550.jpeg/170x170bb.png], width = [224], height = [224]
08-06 12:59:17.725 24574 25341 D DBReader: getImageAuthentication() called with: imageUrl = [https://is4-ssl.mzstatic.com/image/thumb/Podcasts114/v4/3f/16/74/3f167426-bf50-ce3a-d709-e4301620fc5b/mza_5832671293059882550.jpeg/170x170bb.png]
08-06 12:59:17.729 24574 25336 D ApOkHttpUrlLoader: buildLoadData() called with: model = [https://is4-ssl.mzstatic.com/image/thumb/Podcasts113/v4/e5/8a/10/e58a108f-f5d0-f622-c94a-13f66edd570c/mza_3025981348644196724.jpg/170x170bb.png], width = [224], height = [224]
08-06 12:59:17.729 24574 25341 D ApOkHttpUrlLoader: no credentials for 'https://is4-ssl.mzstatic.com/image/thumb/Podcasts114/v4/3f/16/74/3f167426-bf50-ce3a-d709-e4301620fc5b/mza_5832671293059882550.jpeg/170x170bb.png'
08-06 12:59:17.730 24574 25339 D DBReader: getImageAuthentication() called with: imageUrl = [https://is4-ssl.mzstatic.com/image/thumb/Podcasts113/v4/e5/8a/10/e58a108f-f5d0-f622-c94a-13f66edd570c/mza_3025981348644196724.jpg/170x170bb.png]
08-06 12:59:17.732 24574 25340 D ApOkHttpUrlLoader: buildLoadData() called with: model = [https://is2-ssl.mzstatic.com/image/thumb/Podcasts113/v4/a9/39/cc/a939ccc5-6d60-0c11-0a4c-16d71cdef89b/mza_8787577209688278658.jpg/170x170bb.png], width = [224], height = [224]
08-06 12:59:17.733 24574 25339 D ApOkHttpUrlLoader: no credentials for 'https://is4-ssl.mzstatic.com/image/thumb/Podcasts113/v4/e5/8a/10/e58a108f-f5d0-f622-c94a-13f66edd570c/mza_3025981348644196724.jpg/170x170bb.png'
08-06 12:59:17.733 24574 25343 D DBReader: getImageAuthentication() called with: imageUrl = [https://is2-ssl.mzstatic.com/image/thumb/Podcasts113/v4/a9/39/cc/a939ccc5-6d60-0c11-0a4c-16d71cdef89b/mza_8787577209688278658.jpg/170x170bb.png]
08-06 12:59:17.736 24574 25342 D ApOkHttpUrlLoader: buildLoadData() called with: model = [https://is5-ssl.mzstatic.com/image/thumb/Podcasts114/v4/93/cf/99/93cf9960-fff3-205e-6655-72c03ddeccb2/mza_10545582232493904175.jpeg/170x170bb.png], width = [224], height = [224]
08-06 12:59:17.737 24574 25346 D DBReader: getImageAuthentication() called with: imageUrl = [https://is5-ssl.mzstatic.com/image/thumb/Podcasts114/v4/93/cf/99/93cf9960-fff3-205e-6655-72c03ddeccb2/mza_10545582232493904175.jpeg/170x170bb.png]
08-06 12:59:17.738 24574 25343 D ApOkHttpUrlLoader: no credentials for 'https://is2-ssl.mzstatic.com/image/thumb/Podcasts113/v4/a9/39/cc/a939ccc5-6d60-0c11-0a4c-16d71cdef89b/mza_8787577209688278658.jpg/170x170bb.png'
08-06 12:59:17.739 24574 25338 D ApOkHttpUrlLoader: buildLoadData() called with: model = [https://is4-ssl.mzstatic.com/image/thumb/Podcasts124/v4/49/a4/91/49a491b7-3daf-c5dc-d7c6-6c4f1486955c/mza_5930014091766152297.png/170x170bb.png], width = [224], height = [224]
08-06 12:59:17.741 24574 25337 D DBReader: getImageAuthentication() called with: imageUrl = [https://is4-ssl.mzstatic.com/image/thumb/Podcasts124/v4/49/a4/91/49a491b7-3daf-c5dc-d7c6-6c4f1486955c/mza_5930014091766152297.png/170x170bb.png]
08-06 12:59:17.741 24574 25346 D ApOkHttpUrlLoader: no credentials for 'https://is5-ssl.mzstatic.com/image/thumb/Podcasts114/v4/93/cf/99/93cf9960-fff3-205e-6655-72c03ddeccb2/mza_10545582232493904175.jpeg/170x170bb.png'
08-06 12:59:17.743 24574 25336 D ApOkHttpUrlLoader: buildLoadData() called with: model = [https://is5-ssl.mzstatic.com/image/thumb/Podcasts113/v4/fd/54/6e/fd546ea0-7ab2-e3f0-6049-884d82917af9/mza_4855349695799758348.jpeg/170x170bb.png], width = [224], height = [224]
08-06 12:59:17.744 24574 25345 D DBReader: getImageAuthentication() called with: imageUrl = [https://is5-ssl.mzstatic.com/image/thumb/Podcasts113/v4/fd/54/6e/fd546ea0-7ab2-e3f0-6049-884d82917af9/mza_4855349695799758348.jpeg/170x170bb.png]
08-06 12:59:17.745 24574 25337 D ApOkHttpUrlLoader: no credentials for 'https://is4-ssl.mzstatic.com/image/thumb/Podcasts124/v4/49/a4/91/49a491b7-3daf-c5dc-d7c6-6c4f1486955c/mza_5930014091766152297.png/170x170bb.png'
08-06 12:59:17.746 24574 25340 D ApOkHttpUrlLoader: buildLoadData() called with: model = [https://is2-ssl.mzstatic.com/image/thumb/Podcasts114/v4/b3/4c/cf/b34ccfc2-cea4-1ca1-0fad-7793af301cc5/mza_2466085192629456364.jpg/170x170bb.png], width = [224], height = [224]
08-06 12:59:17.747 24574 25344 D DBReader: getImageAuthentication() called with: imageUrl = [https://is2-ssl.mzstatic.com/image/thumb/Podcasts114/v4/b3/4c/cf/b34ccfc2-cea4-1ca1-0fad-7793af301cc5/mza_2466085192629456364.jpg/170x170bb.png]
08-06 12:59:17.748 24574 25345 D ApOkHttpUrlLoader: no credentials for 'https://is5-ssl.mzstatic.com/image/thumb/Podcasts113/v4/fd/54/6e/fd546ea0-7ab2-e3f0-6049-884d82917af9/mza_4855349695799758348.jpeg/170x170bb.png'
08-06 12:59:17.751 24574 25344 D ApOkHttpUrlLoader: no credentials for 'https://is2-ssl.mzstatic.com/image/thumb/Podcasts114/v4/b3/4c/cf/b34ccfc2-cea4-1ca1-0fad-7793af301cc5/mza_2466085192629456364.jpg/170x170bb.png'
08-06 12:59:17.928   512  2967 D audio_hw_primary: disable_audio_route: reset and update mixer path: low-latency-playback speaker
08-06 12:59:17.930   512  2967 D audio_hw_primary: disable_snd_device: snd_device(2: speaker)
08-06 12:59:17.938   512  2967 I soundtrigger: audio_extn_sound_trigger_update_device_status: device 0x2 of type 0 for Event 0
08-06 12:59:17.958 24574 24595 I art     : Starting a blocking GC Explicit
08-06 12:59:17.999 24574 24595 I art     : Explicit concurrent mark sweep GC freed 37697(1906KB) AllocSpace objects, 5(372KB) LOS objects, 37% free, 27MB/43MB, paused 1.651ms total 40.646ms
08-06 12:59:18.011 24574 24595 I art     : Starting a blocking GC Explicit
08-06 12:59:18.047 24574 24595 I art     : Explicit concurrent mark sweep GC freed 1212(84KB) AllocSpace objects, 0(0B) LOS objects, 37% free, 26MB/42MB, paused 1.748ms total 35.715ms
08-06 12:59:18.059 24574 24595 I art     : Starting a blocking GC Explicit
08-06 12:59:18.096 24574 24595 I art     : Explicit concurrent mark sweep GC freed 200(7KB) AllocSpace objects, 0(0B) LOS objects, 37% free, 26MB/42MB, paused 1.901ms total 36.438ms
08-06 12:59:18.096 24574 25341 D MYTAG   : interceptor 2a
08-06 12:59:18.096 24574 25341 I NAPPA_EXPERIMENTATION: MetricNetworkRequestExecutionTime: REQUEST_DURATION_SYSTEM='367',REQUEST_DURATION_OKHTTP='178',REQUEST_SYNCHRONOUS='TRUE',RESPONSE_CODE='200',RESPONSE_METHOD='GET',RESPONSE_LENGTH_OKHTTP='26177',RESPONSE_LENGTH_HEADER='26177',REQUEST_PROTOCOL='h2',REQUEST_URL='https://is4-ssl.mzstatic.com/image/thumb/Podcasts114/v4/3f/16/74/3f167426-bf50-ce3a-d709-e4301620fc5b/mza_5832671293059882550.jpeg/170x170bb.png',
08-06 12:59:18.108 24574 24595 I art     : Starting a blocking GC Explicit
08-06 12:59:18.145 24574 24595 I art     : Explicit concurrent mark sweep GC freed 281(22KB) AllocSpace objects, 0(0B) LOS objects, 37% free, 27MB/43MB, paused 1.678ms total 36.619ms
08-06 12:59:18.151 24574 25339 D MYTAG   : interceptor 2a
08-06 12:59:18.151 24574 25339 I NAPPA_EXPERIMENTATION: MetricNetworkRequestExecutionTime: REQUEST_DURATION_SYSTEM='418',REQUEST_DURATION_OKHTTP='215',REQUEST_SYNCHRONOUS='TRUE',RESPONSE_CODE='200',RESPONSE_METHOD='GET',RESPONSE_LENGTH_OKHTTP='45995',RESPONSE_LENGTH_HEADER='45995',REQUEST_PROTOCOL='h2',REQUEST_URL='https://is4-ssl.mzstatic.com/image/thumb/Podcasts113/v4/e5/8a/10/e58a108f-f5d0-f622-c94a-13f66edd570c/mza_3025981348644196724.jpg/170x170bb.png',
08-06 12:59:18.157 24574 24595 I art     : Starting a blocking GC Explicit
08-06 12:59:18.184 24574 25343 D MYTAG   : interceptor 2a
08-06 12:59:18.184 24574 25343 I NAPPA_EXPERIMENTATION: MetricNetworkRequestExecutionTime: REQUEST_DURATION_SYSTEM='446',REQUEST_DURATION_OKHTTP='239',REQUEST_SYNCHRONOUS='TRUE',RESPONSE_CODE='200',RESPONSE_METHOD='GET',RESPONSE_LENGTH_OKHTTP='48239',RESPONSE_LENGTH_HEADER='48239',REQUEST_PROTOCOL='h2',REQUEST_URL='https://is2-ssl.mzstatic.com/image/thumb/Podcasts113/v4/a9/39/cc/a939ccc5-6d60-0c11-0a4c-16d71cdef89b/mza_8787577209688278658.jpg/170x170bb.png',
08-06 12:59:18.193 24574 24595 I art     : Explicit concurrent mark sweep GC freed 697(47KB) AllocSpace objects, 0(0B) LOS objects, 36% free, 27MB/43MB, paused 1.797ms total 35.803ms
08-06 12:59:18.194 24574 25346 D MYTAG   : interceptor 2a
08-06 12:59:18.194 24574 25346 I NAPPA_EXPERIMENTATION: MetricNetworkRequestExecutionTime: REQUEST_DURATION_SYSTEM='453',REQUEST_DURATION_OKHTTP='227',REQUEST_SYNCHRONOUS='TRUE',RESPONSE_CODE='200',RESPONSE_METHOD='GET',RESPONSE_LENGTH_OKHTTP='22351',RESPONSE_LENGTH_HEADER='22351',REQUEST_PROTOCOL='h2',REQUEST_URL='https://is5-ssl.mzstatic.com/image/thumb/Podcasts114/v4/93/cf/99/93cf9960-fff3-205e-6655-72c03ddeccb2/mza_10545582232493904175.jpeg/170x170bb.png',
08-06 12:59:18.208 24574 25337 D MYTAG   : interceptor 2a
08-06 12:59:18.209 24574 25337 I NAPPA_EXPERIMENTATION: MetricNetworkRequestExecutionTime: REQUEST_DURATION_SYSTEM='463',REQUEST_DURATION_OKHTTP='251',REQUEST_SYNCHRONOUS='TRUE',RESPONSE_CODE='200',RESPONSE_METHOD='GET',RESPONSE_LENGTH_OKHTTP='12000',RESPONSE_LENGTH_HEADER='12000',REQUEST_PROTOCOL='h2',REQUEST_URL='https://is4-ssl.mzstatic.com/image/thumb/Podcasts124/v4/49/a4/91/49a491b7-3daf-c5dc-d7c6-6c4f1486955c/mza_5930014091766152297.png/170x170bb.png',
08-06 12:59:18.223 24574 25344 D MYTAG   : interceptor 2a
08-06 12:59:18.224 24574 25344 I NAPPA_EXPERIMENTATION: MetricNetworkRequestExecutionTime: REQUEST_DURATION_SYSTEM='472',REQUEST_DURATION_OKHTTP='271',REQUEST_SYNCHRONOUS='TRUE',RESPONSE_CODE='200',RESPONSE_METHOD='GET',RESPONSE_LENGTH_OKHTTP='42299',RESPONSE_LENGTH_HEADER='42299',REQUEST_PROTOCOL='h2',REQUEST_URL='https://is2-ssl.mzstatic.com/image/thumb/Podcasts114/v4/b3/4c/cf/b34ccfc2-cea4-1ca1-0fad-7793af301cc5/mza_2466085192629456364.jpg/170x170bb.png',
08-06 12:59:18.235 24574 25345 D MYTAG   : interceptor 2a
08-06 12:59:18.235 24574 25345 I NAPPA_EXPERIMENTATION: MetricNetworkRequestExecutionTime: REQUEST_DURATION_SYSTEM='487',REQUEST_DURATION_OKHTTP='272',REQUEST_SYNCHRONOUS='TRUE',RESPONSE_CODE='200',RESPONSE_METHOD='GET',RESPONSE_LENGTH_OKHTTP='54835',RESPONSE_LENGTH_HEADER='54835',REQUEST_PROTOCOL='h2',REQUEST_URL='https://is5-ssl.mzstatic.com/image/thumb/Podcasts113/v4/fd/54/6e/fd546ea0-7ab2-e3f0-6049-884d82917af9/mza_4855349695799758348.jpeg/170x170bb.png',
08-06 12:59:18.493 24574 24594 I art     : Starting a blocking GC Explicit
08-06 12:59:18.542 24574 24594 I art     : Explicit concurrent mark sweep GC freed 3730(215KB) AllocSpace objects, 1(20KB) LOS objects, 36% free, 28MB/44MB, paused 1.662ms total 48.196ms
08-06 12:59:18.560 24574 24594 I art     : Starting a blocking GC Explicit
08-06 12:59:18.594 24574 24594 I art     : Explicit concurrent mark sweep GC freed 65(3KB) AllocSpace objects, 0(0B) LOS objects, 36% free, 28MB/44MB, paused 1.229ms total 33.460ms
08-06 12:59:18.606 24574 24594 I art     : Starting a blocking GC Explicit
08-06 12:59:18.641 24574 24594 I art     : Explicit concurrent mark sweep GC freed 3(96B) AllocSpace objects, 0(0B) LOS objects, 36% free, 28MB/44MB, paused 1.252ms total 35.232ms
08-06 12:59:18.653 24574 24594 I art     : Starting a blocking GC Explicit
08-06 12:59:18.689 24574 24594 I art     : Explicit concurrent mark sweep GC freed 3(96B) AllocSpace objects, 0(0B) LOS objects, 36% free, 28MB/44MB, paused 1.279ms total 34.989ms
08-06 12:59:18.701 24574 24594 I art     : Starting a blocking GC Explicit
08-06 12:59:18.737 24574 24594 I art     : Explicit concurrent mark sweep GC freed 3(96B) AllocSpace objects, 0(0B) LOS objects, 36% free, 28MB/44MB, paused 1.231ms total 35.372ms
08-06 12:59:19.054 24574 26013 I art     : Starting a blocking GC Explicit
08-06 12:59:19.105 24574 26013 I art     : Explicit concurrent mark sweep GC freed 1401(81KB) AllocSpace objects, 1(20KB) LOS objects, 36% free, 28MB/44MB, paused 1.434ms total 50.578ms
08-06 12:59:19.121 24574 26013 I art     : Starting a blocking GC Explicit
08-06 12:59:19.158 24574 26013 I art     : Explicit concurrent mark sweep GC freed 23(752B) AllocSpace objects, 0(0B) LOS objects, 36% free, 28MB/44MB, paused 1.407ms total 36.454ms
08-06 12:59:19.171 24574 26013 I art     : Starting a blocking GC Explicit
08-06 12:59:19.209 24574 26013 I art     : Explicit concurrent mark sweep GC freed 3(96B) AllocSpace objects, 0(0B) LOS objects, 36% free, 28MB/44MB, paused 1.310ms total 38.228ms
08-06 12:59:19.222 24574 26013 I art     : Starting a blocking GC Explicit
08-06 12:59:19.259 24574 26013 I art     : Explicit concurrent mark sweep GC freed 3(96B) AllocSpace objects, 0(0B) LOS objects, 36% free, 28MB/44MB, paused 1.221ms total 37.195ms
08-06 12:59:19.271 24574 26013 I art     : Starting a blocking GC Explicit
08-06 12:59:19.309 24574 26013 I art     : Explicit concurrent mark sweep GC freed 3(96B) AllocSpace objects, 0(0B) LOS objects, 36% free, 28MB/44MB, paused 1.349ms total 37.272ms
08-06 12:59:19.309 24574 24592 I art     : WaitForGcToComplete blocked for 37.699ms for cause HeapTrim
08-06 12:59:19.663 24574 24595 I art     : Starting a blocking GC Explicit
08-06 12:59:19.700 24574 24595 I art     : Explicit concurrent mark sweep GC freed 1403(82KB) AllocSpace objects, 1(20KB) LOS objects, 36% free, 28MB/44MB, paused 1.309ms total 36.713ms
08-06 12:59:19.714 24574 24595 I art     : Starting a blocking GC Explicit
08-06 12:59:19.751 24574 24595 I art     : Explicit concurrent mark sweep GC freed 23(752B) AllocSpace objects, 0(0B) LOS objects, 36% free, 28MB/44MB, paused 1.243ms total 36.254ms
08-06 12:59:19.763 24574 24595 I art     : Starting a blocking GC Explicit
08-06 12:59:19.801 24574 24595 I art     : Explicit concurrent mark sweep GC freed 3(96B) AllocSpace objects, 0(0B) LOS objects, 36% free, 28MB/44MB, paused 1.255ms total 37.107ms
08-06 12:59:19.813 24574 24595 I art     : Starting a blocking GC Explicit
08-06 12:59:19.852 24574 24595 I art     : Explicit concurrent mark sweep GC freed 3(96B) AllocSpace objects, 0(0B) LOS objects, 36% free, 28MB/44MB, paused 1.332ms total 38.433ms
08-06 12:59:19.864 24574 24595 I art     : Starting a blocking GC Explicit
08-06 12:59:19.901 24574 24595 I art     : Explicit concurrent mark sweep GC freed 32(880B) AllocSpace objects, 0(0B) LOS objects, 36% free, 28MB/44MB, paused 1.282ms total 36.804ms
08-06 12:59:20.258 24574 24594 I art     : Starting a blocking GC Explicit
08-06 12:59:20.302 24574 24594 I art     : Explicit concurrent mark sweep GC freed 1374(82KB) AllocSpace objects, 1(20KB) LOS objects, 36% free, 28MB/44MB, paused 1.379ms total 44.549ms
08-06 12:59:20.318 24574 24594 I art     : Starting a blocking GC Explicit
08-06 12:59:20.356 24574 24594 I art     : Explicit concurrent mark sweep GC freed 23(752B) AllocSpace objects, 0(0B) LOS objects, 36% free, 28MB/44MB, paused 1.376ms total 38.450ms
08-06 12:59:20.368 24574 24594 I art     : Starting a blocking GC Explicit
08-06 12:59:20.405 24574 24594 I art     : Explicit concurrent mark sweep GC freed 3(96B) AllocSpace objects, 0(0B) LOS objects, 36% free, 28MB/44MB, paused 1.271ms total 36.481ms
08-06 12:59:20.418 24574 24594 I art     : Starting a blocking GC Explicit
08-06 12:59:20.456 24574 24594 I art     : Explicit concurrent mark sweep GC freed 3(96B) AllocSpace objects, 0(0B) LOS objects, 36% free, 28MB/44MB, paused 1.372ms total 37.805ms
08-06 12:59:20.468 24574 24594 I art     : Starting a blocking GC Explicit
08-06 12:59:20.506 24574 24594 I art     : Explicit concurrent mark sweep GC freed 3(96B) AllocSpace objects, 0(0B) LOS objects, 36% free, 28MB/44MB, paused 1.190ms total 37.297ms
08-06 12:59:20.854 24574 24611 I art     : Starting a blocking GC Explicit
08-06 12:59:20.892 24574 24611 I art     : Explicit concurrent mark sweep GC freed 1402(82KB) AllocSpace objects, 1(20KB) LOS objects, 36% free, 28MB/44MB, paused 1.219ms total 37.197ms
08-06 12:59:20.904 24574 24611 I art     : Starting a blocking GC Explicit
08-06 12:59:20.943 24574 24611 I art     : Explicit concurrent mark sweep GC freed 23(752B) AllocSpace objects, 0(0B) LOS objects, 36% free, 28MB/44MB, paused 1.246ms total 38.285ms
08-06 12:59:20.955 24574 24611 I art     : Starting a blocking GC Explicit
08-06 12:59:20.993 24574 24611 I art     : Explicit concurrent mark sweep GC freed 3(96B) AllocSpace objects, 0(0B) LOS objects, 36% free, 28MB/44MB, paused 1.255ms total 36.889ms
08-06 12:59:21.005 24574 24611 I art     : Starting a blocking GC Explicit
08-06 12:59:21.044 24574 24611 I art     : Explicit concurrent mark sweep GC freed 3(96B) AllocSpace objects, 0(0B) LOS objects, 36% free, 28MB/44MB, paused 1.275ms total 38.293ms
08-06 12:59:21.056 24574 24611 I art     : Starting a blocking GC Explicit
08-06 12:59:21.094 24574 24611 I art     : Explicit concurrent mark sweep GC freed 3(96B) AllocSpace objects, 0(0B) LOS objects, 36% free, 28MB/44MB, paused 1.204ms total 37.752ms
08-06 12:59:21.437 24574 26013 I art     : Starting a blocking GC Explicit
08-06 12:59:21.482 24574 26013 I art     : Explicit concurrent mark sweep GC freed 1374(82KB) AllocSpace objects, 1(20KB) LOS objects, 36% free, 28MB/44MB, paused 1.232ms total 43.878ms
08-06 12:59:21.494 24574 26013 I art     : Starting a blocking GC Explicit
08-06 12:59:21.533 24574 26013 I art     : Explicit concurrent mark sweep GC freed 23(752B) AllocSpace objects, 0(0B) LOS objects, 36% free, 28MB/44MB, paused 1.287ms total 38.663ms
08-06 12:59:21.545 24574 26013 I art     : Starting a blocking GC Explicit
08-06 12:59:21.583 24574 26013 I art     : Explicit concurrent mark sweep GC freed 3(96B) AllocSpace objects, 0(0B) LOS objects, 36% free, 28MB/44MB, paused 1.282ms total 37.866ms
08-06 12:59:21.596 24574 26013 I art     : Starting a blocking GC Explicit
08-06 12:59:21.633 24574 26013 I art     : Explicit concurrent mark sweep GC freed 3(96B) AllocSpace objects, 0(0B) LOS objects, 36% free, 28MB/44MB, paused 1.270ms total 36.809ms
08-06 12:59:21.645 24574 26013 I art     : Starting a blocking GC Explicit
08-06 12:59:21.684 24574 26013 I art     : Explicit concurrent mark sweep GC freed 3(96B) AllocSpace objects, 0(0B) LOS objects, 36% free, 28MB/44MB, paused 1.253ms total 37.915ms
08-06 12:59:22.023 24574 24595 I art     : Starting a blocking GC Explicit
08-06 12:59:22.070 24574 24595 I art     : Explicit concurrent mark sweep GC freed 1402(82KB) AllocSpace objects, 1(20KB) LOS objects, 36% free, 28MB/44MB, paused 1.347ms total 47.292ms
08-06 12:59:22.087 24574 24595 I art     : Starting a blocking GC Explicit
08-06 12:59:22.125 24574 24595 I art     : Explicit concurrent mark sweep GC freed 23(752B) AllocSpace objects, 0(0B) LOS objects, 36% free, 28MB/44MB, paused 1.248ms total 37.994ms
08-06 12:59:22.138 24574 24595 I art     : Starting a blocking GC Explicit
08-06 12:59:22.176 24574 24595 I art     : Explicit concurrent mark sweep GC freed 3(96B) AllocSpace objects, 0(0B) LOS objects, 36% free, 28MB/44MB, paused 1.281ms total 37.547ms
08-06 12:59:22.189 24574 24595 I art     : Starting a blocking GC Explicit
08-06 12:59:22.226 24574 24595 I art     : Explicit concurrent mark sweep GC freed 3(96B) AllocSpace objects, 0(0B) LOS objects, 36% free, 28MB/44MB, paused 1.233ms total 36.999ms
08-06 12:59:22.238 24574 24595 I art     : Starting a blocking GC Explicit
08-06 12:59:22.276 24574 24595 I art     : Explicit concurrent mark sweep GC freed 3(96B) AllocSpace objects, 0(0B) LOS objects, 36% free, 28MB/44MB, paused 1.275ms total 37.693ms
08-06 12:59:22.623 24574 24594 I art     : Starting a blocking GC Explicit
08-06 12:59:22.670 24574 24594 I art     : Explicit concurrent mark sweep GC freed 1372(80KB) AllocSpace objects, 1(20KB) LOS objects, 36% free, 28MB/44MB, paused 1.934ms total 46.594ms
08-06 12:59:22.684 24574 24594 I art     : Starting a blocking GC Explicit
08-06 12:59:22.721 24574 24594 I art     : Explicit concurrent mark sweep GC freed 23(752B) AllocSpace objects, 0(0B) LOS objects, 36% free, 28MB/44MB, paused 1.261ms total 37.409ms
08-06 12:59:22.734 24574 24594 I art     : Starting a blocking GC Explicit
08-06 12:59:22.772 24574 24594 I art     : Explicit concurrent mark sweep GC freed 3(96B) AllocSpace objects, 0(0B) LOS objects, 36% free, 28MB/44MB, paused 1.274ms total 38.174ms
08-06 12:59:22.785 24574 24594 I art     : Starting a blocking GC Explicit
08-06 12:59:22.822 24574 24594 I art     : Explicit concurrent mark sweep GC freed 3(96B) AllocSpace objects, 0(0B) LOS objects, 36% free, 28MB/44MB, paused 1.226ms total 36.988ms
08-06 12:59:22.834 24574 24594 I art     : Starting a blocking GC Explicit
08-06 12:59:22.873 24574 24594 I art     : Explicit concurrent mark sweep GC freed 3(96B) AllocSpace objects, 0(0B) LOS objects, 36% free, 28MB/44MB, paused 1.276ms total 38.252ms
08-06 12:59:23.206 24574 24611 I art     : Starting a blocking GC Explicit
08-06 12:59:23.252 24574 24611 I art     : Explicit concurrent mark sweep GC freed 1401(81KB) AllocSpace objects, 1(20KB) LOS objects, 36% free, 28MB/44MB, paused 1.380ms total 45.171ms
08-06 12:59:23.261   518   646 I ThermalEngine: ACTION: GPU - Setting GPU[0] to 510000000
08-06 12:59:23.268 24574 24611 I art     : Starting a blocking GC Explicit
08-06 12:59:23.303 24574 24611 I art     : Explicit concurrent mark sweep GC freed 23(752B) AllocSpace objects, 0(0B) LOS objects, 36% free, 28MB/44MB, paused 939us total 34.505ms
08-06 12:59:23.312 24574 24611 I art     : Starting a blocking GC Explicit
08-06 12:59:23.341 24574 24611 I art     : Explicit concurrent mark sweep GC freed 3(96B) AllocSpace objects, 0(0B) LOS objects, 36% free, 28MB/44MB, paused 925us total 29.047ms
08-06 12:59:23.351 24574 24611 I art     : Starting a blocking GC Explicit
08-06 12:59:23.380 24574 24611 I art     : Explicit concurrent mark sweep GC freed 3(96B) AllocSpace objects, 0(0B) LOS objects, 36% free, 28MB/44MB, paused 948us total 28.727ms
08-06 12:59:23.390 24574 24611 I art     : Starting a blocking GC Explicit
08-06 12:59:23.418 24574 24611 I art     : Explicit concurrent mark sweep GC freed 3(96B) AllocSpace objects, 0(0B) LOS objects, 36% free, 28MB/44MB, paused 925us total 28.251ms
08-06 12:59:23.720 24574 26013 I art     : Starting a blocking GC Explicit
08-06 12:59:23.749 24574 26013 I art     : Explicit concurrent mark sweep GC freed 1372(80KB) AllocSpace objects, 1(20KB) LOS objects, 36% free, 28MB/44MB, paused 991us total 28.251ms
08-06 12:59:23.758 24574 26013 I art     : Starting a blocking GC Explicit
08-06 12:59:23.786 24574 26013 I art     : Explicit concurrent mark sweep GC freed 23(752B) AllocSpace objects, 0(0B) LOS objects, 36% free, 28MB/44MB, paused 1.276ms total 27.522ms
08-06 12:59:23.795 24574 26013 I art     : Starting a blocking GC Explicit
08-06 12:59:23.822 24574 26013 I art     : Explicit concurrent mark sweep GC freed 3(96B) AllocSpace objects, 0(0B) LOS objects, 36% free, 28MB/44MB, paused 927us total 26.489ms
08-06 12:59:23.831 24574 26013 I art     : Starting a blocking GC Explicit
08-06 12:59:23.857 24574 26013 I art     : Explicit concurrent mark sweep GC freed 3(96B) AllocSpace objects, 0(0B) LOS objects, 36% free, 28MB/44MB, paused 996us total 26.473ms
08-06 12:59:23.866 24574 26013 I art     : Starting a blocking GC Explicit
08-06 12:59:23.893 24574 26013 I art     : Explicit concurrent mark sweep GC freed 32(880B) AllocSpace objects, 0(0B) LOS objects, 36% free, 28MB/44MB, paused 855us total 26.472ms
08-06 12:59:24.023 26602 26602 D AndroidRuntime: >>>>>> START com.android.internal.os.RuntimeInit uid 2000 <<<<<<
08-06 12:59:24.032 26602 26602 D AndroidRuntime: CheckJNI is OFF
08-06 12:59:24.067 26602 26602 D ICU     : No timezone override file found: /data/misc/zoneinfo/current/icu/icu_tzdata.dat
08-06 12:59:24.100 26602 26602 I Radio-JNI: register_android_hardware_Radio DONE
08-06 12:59:24.121 26602 26602 D AndroidRuntime: Calling main entry com.android.commands.input.Input
08-06 12:59:24.123 26602 26602 I Input   : injectMotionEvent: MotionEvent { action=ACTION_DOWN, actionButton=0, id[0]=0, x[0]=616.0, y[0]=469.0, toolType[0]=TOOL_TYPE_UNKNOWN, buttonState=0, metaState=0, flags=0x0, edgeFlags=0x0, pointerCount=1, historySize=0, eventTime=881980536, downTime=881980536, deviceId=0, source=0x1002 }
08-06 12:59:24.132 26602 26602 I Input   : injectMotionEvent: MotionEvent { action=ACTION_UP, actionButton=0, id[0]=0, x[0]=616.0, y[0]=469.0, toolType[0]=TOOL_TYPE_UNKNOWN, buttonState=0, metaState=0, flags=0x0, edgeFlags=0x0, pointerCount=1, historySize=0, eventTime=881980536, downTime=881980536, deviceId=0, source=0x1002 }
08-06 12:59:24.135 26602 26602 D AndroidRuntime: Shutting down VM
08-06 12:59:24.199   512  2967 D audio_hw_primary: out_set_parameters: enter: usecase(1: low-latency-playback) kvpairs: routing=2
08-06 12:59:24.202 24574 24594 I art     : Starting a blocking GC Explicit
08-06 12:59:24.213   512  2967 D audio_hw_primary: select_devices: out_snd_device(2: speaker) in_snd_device(0: none)
08-06 12:59:24.213   512  2967 D msm8974_platform: platform_send_audio_calibration: sending audio calibration for snd_device(2) acdb_id(15)
08-06 12:59:24.213   512  2967 I soundtrigger: audio_extn_sound_trigger_update_device_status: device 0x2 of type 0 for Event 1
08-06 12:59:24.222   512  2967 D audio_hw_primary: enable_snd_device: snd_device(2: speaker)
08-06 12:59:24.224   512  2967 D audio_hw_primary: enable_audio_route: apply and update mixer path: low-latency-playback speaker
08-06 12:59:24.232 24574 24594 I art     : Explicit concurrent mark sweep GC freed 1587(89KB) AllocSpace objects, 1(20KB) LOS objects, 36% free, 28MB/44MB, paused 1.255ms total 29.717ms
08-06 12:59:24.245 24574 24594 I art     : Starting a blocking GC Explicit
08-06 12:59:24.275 24574 24594 I art     : Explicit concurrent mark sweep GC freed 113(5KB) AllocSpace objects, 0(0B) LOS objects, 36% free, 28MB/44MB, paused 1.049ms total 29.734ms
08-06 12:59:24.284 24574 24594 I art     : Starting a blocking GC Explicit
08-06 12:59:24.310 24574 24594 I art     : Explicit concurrent mark sweep GC freed 22(1824B) AllocSpace objects, 0(0B) LOS objects, 36% free, 28MB/44MB, paused 967us total 25.956ms
08-06 12:59:24.319 24574 24594 I art     : Starting a blocking GC Explicit
08-06 12:59:24.346 24574 24594 I art     : Explicit concurrent mark sweep GC freed 15(544B) AllocSpace objects, 0(0B) LOS objects, 36% free, 28MB/44MB, paused 992us total 26.778ms
08-06 12:59:24.355 24574 24594 I art     : Starting a blocking GC Explicit
08-06 12:59:24.381 24574 24594 I art     : Explicit concurrent mark sweep GC freed 2795(118KB) AllocSpace objects, 0(0B) LOS objects, 36% free, 28MB/44MB, paused 1.168ms total 25.905ms
08-06 12:59:24.555 24574 25139 I NAPPA_EXPERIMENTATION: MetricNetworkRequestExecutionTime: REQUEST_DURATION_SYSTEM='356',REQUEST_DURATION_OKHTTP='156',REQUEST_SYNCHRONOUS='TRUE',RESPONSE_CODE='200',RESPONSE_METHOD='GET',RESPONSE_LENGTH_OKHTTP='-1',RESPONSE_LENGTH_HEADER='628',REQUEST_PROTOCOL='h2',REQUEST_URL='https://itunes.apple.com/lookup?id=1524080195',
08-06 12:59:24.597   918  6110 I ActivityManager: START u0 {cmp=baseline.de.danoeh.antennapod.debug/baseline.de.danoeh.antennapod.activity.OnlineFeedViewActivity (has extras)} from uid 10711 on display 0
08-06 12:59:24.619 13866 13866 I GoogleInputMethodServic: GoogleInputMethodService.onFinishInput():3138 
08-06 12:59:24.620 13866 13866 I GoogleInputMethodServic: GoogleInputMethodService.onStartInput():1808 
08-06 12:59:24.642 24574 24574 D UserPreferences: Using default data folder
08-06 12:59:24.643 24574 24574 D OnlineFeedViewActivity: Activity was started with url https://rss.art19.com/nice-white-parents
08-06 12:59:24.645 24574 24574 D OnlineFeedViewActivity: Starting feed download
08-06 12:59:24.645 24574 24595 I art     : Starting a blocking GC Explicit
08-06 12:59:24.650 24574 24613 D DBReader: Extracting Feedlist
08-06 12:59:24.652   918  5481 D WifiService: acquireWifiLockLocked: WifiLock{Downloader type=1 binder=android.os.BinderProxy@444f0b5}
08-06 12:59:24.652 24574 24613 D AntennapodHttpClient: Creating new instance of HTTP client
08-06 12:59:24.676 24574 24595 I art     : Explicit concurrent mark sweep GC freed 4204(267KB) AllocSpace objects, 1(20KB) LOS objects, 36% free, 28MB/44MB, paused 1.191ms total 30.967ms
08-06 12:59:24.685 24574 24595 I art     : Starting a blocking GC Explicit
08-06 12:59:24.711 24574 24595 I art     : Explicit concurrent mark sweep GC freed 457(20KB) AllocSpace objects, 0(0B) LOS objects, 36% free, 28MB/44MB, paused 1.094ms total 25.483ms
08-06 12:59:24.711 24574 24592 I art     : WaitForGcToComplete blocked for 10.848ms for cause HeapTrim
08-06 12:59:24.712 13866 13866 I GoogleInputMethodServic: GoogleInputMethodService.onFinishInput():3138 
08-06 12:59:24.713 13866 13866 I GoogleInputMethodServic: GoogleInputMethodService.onStartInput():1808 
08-06 12:59:24.721 24574 24595 I art     : Starting a blocking GC Explicit
08-06 12:59:24.736   918   936 I ActivityManager: Displayed baseline.de.danoeh.antennapod.debug/baseline.de.danoeh.antennapod.activity.OnlineFeedViewActivity: +116ms
08-06 12:59:24.749 24574 24595 I art     : Explicit concurrent mark sweep GC freed 113(4KB) AllocSpace objects, 0(0B) LOS objects, 35% free, 28MB/44MB, paused 977us total 27.911ms
08-06 12:59:24.759 24574 24595 I art     : Starting a blocking GC Explicit
08-06 12:59:24.769   512  2967 D audio_hw_primary: disable_audio_route: reset and update mixer path: low-latency-playback speaker
08-06 12:59:24.771   512  2967 D audio_hw_primary: disable_snd_device: snd_device(2: speaker)
08-06 12:59:24.780   512  2967 I soundtrigger: audio_extn_sound_trigger_update_device_status: device 0x2 of type 0 for Event 0
08-06 12:59:24.789 24574 24595 I art     : Explicit concurrent mark sweep GC freed 637(57KB) AllocSpace objects, 2(120KB) LOS objects, 35% free, 28MB/44MB, paused 1.518ms total 29.861ms
08-06 12:59:24.798 24574 24595 I art     : Starting a blocking GC Explicit
08-06 12:59:24.825 24574 24595 I art     : Explicit concurrent mark sweep GC freed 4029(162KB) AllocSpace objects, 0(0B) LOS objects, 35% free, 28MB/44MB, paused 1.001ms total 26.748ms
08-06 12:59:24.959 24574 24613 D MYTAG   : interceptor 3a https://rss.art19.com/nice-white-parents
08-06 12:59:24.959 24574 24613 I NAPPA_EXPERIMENTATION: MetricNetworkRequestExecutionTime: REQUEST_DURATION_SYSTEM='306',REQUEST_DURATION_OKHTTP='145',REQUEST_SYNCHRONOUS='TRUE',RESPONSE_CODE='200',RESPONSE_METHOD='GET',RESPONSE_LENGTH_OKHTTP='-1',RESPONSE_LENGTH_HEADER='1803',REQUEST_PROTOCOL='h2',REQUEST_URL='https://rss.art19.com/nice-white-parents',
08-06 12:59:24.959 24574 24613 D HttpDownloader: Response code is 200
08-06 12:59:24.959 24574 24613 D UserPreferences: Using default data folder
08-06 12:59:24.961 24574 24613 D HttpDownloader: Getting size of download
08-06 12:59:24.961 24574 24613 D HttpDownloader: Size is -1
08-06 12:59:24.961 24574 24613 D UserPreferences: Using default data folder
08-06 12:59:24.961 24574 24613 D HttpDownloader: Free space is 20175577088
08-06 12:59:24.961 24574 24613 D HttpDownloader: Starting download
08-06 12:59:24.969 24574 24613 D HttpDownloader: Download was successful
08-06 12:59:24.970   918  6110 D WifiService: releaseWifiLockLocked: WifiLock{Downloader type=1 binder=android.os.BinderProxy@444f0b5}
08-06 12:59:24.971 24574 24574 D OnlineFeedViewActivity: Parsing feed
08-06 12:59:24.974 24574 26650 D TypeGetter: Recognized type RSS 2.0
08-06 12:59:24.977 24574 26650 D SyndHandler: Recognized ITunes namespace
08-06 12:59:24.977 24574 26650 D SyndHandler: Recognized Atom namespace
08-06 12:59:24.977 24574 26650 D SyndHandler: Recognized Content namespace
08-06 12:59:24.980   380   380 W SurfaceFlinger: couldn't log to binary event log: overflow.
08-06 12:59:24.987 24574 26650 D OnlineFeedViewActivity: Deleted feed source file. Result: true
08-06 12:59:24.987 24574 24574 D OnlineFeedViewActivity: Removing HTML from shownotes
08-06 12:59:25.103 24574 26013 I art     : Starting a blocking GC Explicit
08-06 12:59:25.120 24574 24574 D PlaybackController: Releasing PlaybackController
08-06 12:59:25.134 24574 26013 I art     : Explicit concurrent mark sweep GC freed 4595(492KB) AllocSpace objects, 6(228KB) LOS objects, 35% free, 28MB/44MB, paused 974us total 30.700ms
08-06 12:59:25.145 24574 26013 I art     : Starting a blocking GC Explicit
08-06 12:59:25.171 24574 26013 I art     : Explicit concurrent mark sweep GC freed 689(33KB) AllocSpace objects, 1(112KB) LOS objects, 35% free, 28MB/44MB, paused 967us total 26.023ms
08-06 12:59:25.180 24574 26013 I art     : Starting a blocking GC Explicit
08-06 12:59:25.208 24574 26013 I art     : Explicit concurrent mark sweep GC freed 19(640B) AllocSpace objects, 0(0B) LOS objects, 35% free, 28MB/44MB, paused 1.015ms total 28.031ms
08-06 12:59:25.217 24574 26013 I art     : Starting a blocking GC Explicit
08-06 12:59:25.247 24574 26013 I art     : Explicit concurrent mark sweep GC freed 3(96B) AllocSpace objects, 0(0B) LOS objects, 35% free, 28MB/44MB, paused 1.063ms total 30.085ms
08-06 12:59:25.257 24574 26013 I art     : Starting a blocking GC Explicit
08-06 12:59:25.288 24574 26013 I art     : Explicit concurrent mark sweep GC freed 3(96B) AllocSpace objects, 0(0B) LOS objects, 35% free, 28MB/44MB, paused 1.157ms total 30.361ms
08-06 12:59:25.599 24574 24611 I art     : Starting a blocking GC Explicit
08-06 12:59:25.638 24574 24611 I art     : Explicit concurrent mark sweep GC freed 1372(80KB) AllocSpace objects, 1(20KB) LOS objects, 35% free, 28MB/44MB, paused 1.278ms total 39.144ms
08-06 12:59:25.651 24574 24611 I art     : Starting a blocking GC Explicit
08-06 12:59:25.681 24574 24611 I art     : Explicit concurrent mark sweep GC freed 23(752B) AllocSpace objects, 0(0B) LOS objects, 35% free, 28MB/44MB, paused 1.057ms total 30.580ms
08-06 12:59:25.691 24574 24611 I art     : Starting a blocking GC Explicit
08-06 12:59:25.722 24574 24611 I art     : Explicit concurrent mark sweep GC freed 3(96B) AllocSpace objects, 0(0B) LOS objects, 35% free, 28MB/44MB, paused 957us total 30.062ms
08-06 12:59:25.731 24574 24611 I art     : Starting a blocking GC Explicit
08-06 12:59:25.762 24574 24611 I art     : Explicit concurrent mark sweep GC freed 3(96B) AllocSpace objects, 0(0B) LOS objects, 35% free, 28MB/44MB, paused 1.026ms total 30.571ms
08-06 12:59:25.772 24574 24611 I art     : Starting a blocking GC Explicit
08-06 12:59:25.803 24574 24611 I art     : Explicit concurrent mark sweep GC freed 3(96B) AllocSpace objects, 0(0B) LOS objects, 35% free, 28MB/44MB, paused 1.018ms total 30.810ms
08-06 12:59:26.131 24574 24594 I art     : Starting a blocking GC Explicit
08-06 12:59:26.176 24574 24594 I art     : Explicit concurrent mark sweep GC freed 1401(81KB) AllocSpace objects, 1(20KB) LOS objects, 35% free, 28MB/44MB, paused 1.185ms total 44.695ms
08-06 12:59:26.193 24574 24594 I art     : Starting a blocking GC Explicit
08-06 12:59:26.221 24574 24594 I art     : Explicit concurrent mark sweep GC freed 23(752B) AllocSpace objects, 0(0B) LOS objects, 35% free, 28MB/44MB, paused 961us total 27.881ms
08-06 12:59:26.230 24574 24594 I art     : Starting a blocking GC Explicit
08-06 12:59:26.260 24574 24594 I art     : Explicit concurrent mark sweep GC freed 3(96B) AllocSpace objects, 0(0B) LOS objects, 35% free, 28MB/44MB, paused 987us total 29.602ms
08-06 12:59:26.265   518   646 I ThermalEngine: ACTION: GPU - Setting GPU[0] to 450000000
08-06 12:59:26.272 24574 24594 I art     : Starting a blocking GC Explicit
08-06 12:59:26.313 24574 24594 I art     : Explicit concurrent mark sweep GC freed 3(96B) AllocSpace objects, 0(0B) LOS objects, 35% free, 28MB/44MB, paused 1.374ms total 40.588ms
08-06 12:59:26.326 24574 24594 I art     : Starting a blocking GC Explicit
08-06 12:59:26.366 24574 24594 I art     : Explicit concurrent mark sweep GC freed 3(96B) AllocSpace objects, 0(0B) LOS objects, 35% free, 28MB/44MB, paused 1.372ms total 39.788ms
08-06 12:59:26.725 24574 24594 I art     : Starting a blocking GC Explicit
08-06 12:59:26.768 24574 24594 I art     : Explicit concurrent mark sweep GC freed 1391(81KB) AllocSpace objects, 1(20KB) LOS objects, 35% free, 28MB/44MB, paused 1.422ms total 41.864ms
08-06 12:59:26.781 24574 24594 I art     : Starting a blocking GC Explicit
08-06 12:59:26.820 24574 24594 I art     : Explicit concurrent mark sweep GC freed 30(976B) AllocSpace objects, 0(0B) LOS objects, 35% free, 28MB/44MB, paused 1.289ms total 38.340ms
08-06 12:59:26.833 24574 24594 I art     : Starting a blocking GC Explicit
08-06 12:59:26.871 24574 24594 I art     : Explicit concurrent mark sweep GC freed 7(224B) AllocSpace objects, 0(0B) LOS objects, 35% free, 28MB/44MB, paused 1.263ms total 37.645ms
08-06 12:59:26.884 24574 24594 I art     : Starting a blocking GC Explicit
08-06 12:59:26.923 24574 24594 I art     : Explicit concurrent mark sweep GC freed 32(880B) AllocSpace objects, 0(0B) LOS objects, 35% free, 28MB/44MB, paused 1.378ms total 38.175ms
08-06 12:59:26.935 24574 24594 I art     : Starting a blocking GC Explicit
08-06 12:59:26.975 24574 24594 I art     : Explicit concurrent mark sweep GC freed 3(96B) AllocSpace objects, 0(0B) LOS objects, 35% free, 28MB/44MB, paused 1.343ms total 40.017ms
08-06 12:59:27.342 24574 26013 I art     : Starting a blocking GC Explicit
08-06 12:59:27.393 24574 26013 I art     : Explicit concurrent mark sweep GC freed 1372(80KB) AllocSpace objects, 1(20KB) LOS objects, 35% free, 28MB/44MB, paused 1.906ms total 50.568ms
08-06 12:59:27.408 24574 26013 I art     : Starting a blocking GC Explicit
08-06 12:59:27.447 24574 26013 I art     : Explicit concurrent mark sweep GC freed 23(752B) AllocSpace objects, 0(0B) LOS objects, 35% free, 28MB/44MB, paused 1.411ms total 38.830ms
08-06 12:59:27.460 24574 26013 I art     : Starting a blocking GC Explicit
08-06 12:59:27.501 24574 26013 I art     : Explicit concurrent mark sweep GC freed 3(96B) AllocSpace objects, 0(0B) LOS objects, 35% free, 28MB/44MB, paused 1.401ms total 40.308ms
08-06 12:59:27.513 24574 26013 I art     : Starting a blocking GC Explicit
08-06 12:59:27.552 24574 26013 I art     : Explicit concurrent mark sweep GC freed 3(96B) AllocSpace objects, 0(0B) LOS objects, 35% free, 28MB/44MB, paused 1.372ms total 38.695ms
08-06 12:59:27.565 24574 26013 I art     : Starting a blocking GC Explicit
08-06 12:59:27.605 24574 26013 I art     : Explicit concurrent mark sweep GC freed 3(96B) AllocSpace objects, 0(0B) LOS objects, 35% free, 28MB/44MB, paused 1.313ms total 40.038ms
08-06 12:59:27.979 24574 24611 I art     : Starting a blocking GC Explicit
08-06 12:59:28.034 24574 24611 I art     : Explicit concurrent mark sweep GC freed 1401(81KB) AllocSpace objects, 1(20KB) LOS objects, 35% free, 28MB/44MB, paused 1.503ms total 54.366ms
08-06 12:59:28.051 24574 24611 I art     : Starting a blocking GC Explicit
08-06 12:59:28.094 24574 24611 I art     : Explicit concurrent mark sweep GC freed 23(752B) AllocSpace objects, 0(0B) LOS objects, 35% free, 28MB/44MB, paused 1.592ms total 42.162ms
08-06 12:59:28.107 24574 24611 I art     : Starting a blocking GC Explicit
08-06 12:59:28.147 24574 24611 I art     : Explicit concurrent mark sweep GC freed 3(96B) AllocSpace objects, 0(0B) LOS objects, 35% free, 28MB/44MB, paused 1.302ms total 40.103ms
08-06 12:59:28.159 24574 24611 I art     : Starting a blocking GC Explicit
08-06 12:59:28.200 24574 24611 I art     : Explicit concurrent mark sweep GC freed 3(96B) AllocSpace objects, 0(0B) LOS objects, 35% free, 28MB/44MB, paused 1.411ms total 40.324ms
08-06 12:59:28.213 24574 24611 I art     : Starting a blocking GC Explicit
08-06 12:59:28.254 24574 24611 I art     : Explicit concurrent mark sweep GC freed 3(96B) AllocSpace objects, 0(0B) LOS objects, 35% free, 28MB/44MB, paused 1.386ms total 40.770ms
08-06 12:59:28.561 24574 24595 I art     : Starting a blocking GC Explicit
08-06 12:59:28.601 24574 24595 I art     : Explicit concurrent mark sweep GC freed 1373(82KB) AllocSpace objects, 1(20KB) LOS objects, 35% free, 28MB/44MB, paused 1.467ms total 39.221ms
08-06 12:59:28.616 24574 24595 I art     : Starting a blocking GC Explicit
08-06 12:59:28.653 24574 24595 I art     : Explicit concurrent mark sweep GC freed 23(752B) AllocSpace objects, 0(0B) LOS objects, 35% free, 28MB/44MB, paused 1.354ms total 36.302ms
08-06 12:59:28.665 24574 24595 I art     : Starting a blocking GC Explicit
08-06 12:59:28.703 24574 24595 I art     : Explicit concurrent mark sweep GC freed 3(96B) AllocSpace objects, 0(0B) LOS objects, 35% free, 28MB/44MB, paused 1.408ms total 37.838ms
08-06 12:59:28.715 24574 24595 I art     : Starting a blocking GC Explicit
08-06 12:59:28.755 24574 24595 I art     : Explicit concurrent mark sweep GC freed 3(96B) AllocSpace objects, 0(0B) LOS objects, 35% free, 28MB/44MB, paused 1.381ms total 38.937ms
08-06 12:59:28.767 24574 24595 I art     : Starting a blocking GC Explicit
08-06 12:59:28.806 24574 24595 I art     : Explicit concurrent mark sweep GC freed 3(96B) AllocSpace objects, 0(0B) LOS objects, 35% free, 28MB/44MB, paused 1.417ms total 39.213ms
08-06 12:59:28.962 26709 26709 D AndroidRuntime: >>>>>> START com.android.internal.os.RuntimeInit uid 2000 <<<<<<
08-06 12:59:28.971 26709 26709 D AndroidRuntime: CheckJNI is OFF
08-06 12:59:29.013 26709 26709 D ICU     : No timezone override file found: /data/misc/zoneinfo/current/icu/icu_tzdata.dat
08-06 12:59:29.054 26709 26709 I Radio-JNI: register_android_hardware_Radio DONE
08-06 12:59:29.082 26709 26709 D AndroidRuntime: Calling main entry com.android.commands.input.Input
08-06 12:59:29.084 26709 26709 I Input   : injectKeyEvent: KeyEvent { action=ACTION_DOWN, keyCode=KEYCODE_BACK, scanCode=0, metaState=0, flags=0x0, repeatCount=0, eventTime=881985497, downTime=881985497, deviceId=-1, source=0x101 }
08-06 12:59:29.089 26709 26709 I Input   : injectKeyEvent: KeyEvent { action=ACTION_UP, keyCode=KEYCODE_BACK, scanCode=0, metaState=0, flags=0x0, repeatCount=0, eventTime=881985497, downTime=881985497, deviceId=-1, source=0x101 }
08-06 12:59:29.095 26709 26709 D AndroidRuntime: Shutting down VM
08-06 12:59:29.099 24574 24574 V PlaybackController: initServiceNotRunning()
08-06 12:59:29.100 24574 24574 D ExternalPlayerFragment: Loading media info
08-06 12:59:29.103 24574 24574 D UserPreferences: Using default data folder
08-06 12:59:29.105 24574 24613 D DBReader: getNavDrawerData() called with: 
08-06 12:59:29.119 24574 24613 D DBReader: getDownloadedItems() called
08-06 12:59:29.120 24574 24613 D DBReader: getFavoriteIDList() called
08-06 12:59:29.121 24574 24613 D DBReader: getQueueIDList() called
08-06 12:59:29.121 24574 24613 D DBReader: Extracting Feedlist
08-06 12:59:29.140 24574 26013 I art     : Starting a blocking GC Explicit
08-06 12:59:29.166 13866 13866 I GoogleInputMethodServic: GoogleInputMethodService.onFinishInput():3138 
08-06 12:59:29.166 24574 24574 D MainActivity: getLastNavFragment() -> AddFeedFragment
08-06 12:59:29.167 13866 13866 I GoogleInputMethodServic: GoogleInputMethodService.onStartInput():1808 
08-06 12:59:29.179 24574 26013 I art     : Explicit concurrent mark sweep GC freed 2243(139KB) AllocSpace objects, 1(20KB) LOS objects, 35% free, 28MB/44MB, paused 1.863ms total 38.215ms
08-06 12:59:29.191 24574 26013 I art     : Starting a blocking GC Explicit
08-06 12:59:29.212 21246 21246 I ServiceManager: Waiting for service AtCmdFwd...
08-06 12:59:29.225 24574 26013 I art     : Explicit concurrent mark sweep GC freed 582(29KB) AllocSpace objects, 0(0B) LOS objects, 35% free, 28MB/44MB, paused 1.204ms total 33.224ms
08-06 12:59:29.236 24574 26013 I art     : Starting a blocking GC Explicit
08-06 12:59:29.270 24574 26013 I art     : Explicit concurrent mark sweep GC freed 135(8KB) AllocSpace objects, 0(0B) LOS objects, 35% free, 28MB/44MB, paused 1.172ms total 33.271ms
08-06 12:59:29.282 24574 26013 I art     : Starting a blocking GC Explicit
08-06 12:59:29.321 24574 26013 I art     : Explicit concurrent mark sweep GC freed 3(96B) AllocSpace objects, 0(0B) LOS objects, 35% free, 28MB/44MB, paused 1.230ms total 38.625ms
08-06 12:59:29.335 24574 26013 I art     : Starting a blocking GC Explicit
08-06 12:59:29.373 24574 26013 I art     : Explicit concurrent mark sweep GC freed 3(96B) AllocSpace objects, 0(0B) LOS objects, 35% free, 28MB/44MB, paused 1.290ms total 37.510ms
08-06 12:59:29.435   380   380 W SurfaceFlinger: couldn't log to binary event log: overflow.
08-06 12:59:29.671 24574 24594 I art     : Starting a blocking GC Explicit
08-06 12:59:29.711 24574 24594 I art     : Explicit concurrent mark sweep GC freed 1969(105KB) AllocSpace objects, 1(20KB) LOS objects, 35% free, 28MB/44MB, paused 1.424ms total 39.740ms
08-06 12:59:29.723 24574 24594 I art     : Starting a blocking GC Explicit
08-06 12:59:29.760 24574 24594 I art     : Explicit concurrent mark sweep GC freed 2457(152KB) AllocSpace objects, 1(28KB) LOS objects, 36% free, 28MB/44MB, paused 1.338ms total 36.721ms
08-06 12:59:29.760 24574 24592 I art     : WaitForGcToComplete blocked for 10.575ms for cause HeapTrim
08-06 12:59:29.772 24574 24594 I art     : Starting a blocking GC Explicit
08-06 12:59:29.808 24574 24594 I art     : Explicit concurrent mark sweep GC freed 3(96B) AllocSpace objects, 0(0B) LOS objects, 36% free, 28MB/44MB, paused 1.448ms total 35.920ms
08-06 12:59:29.820 24574 24594 I art     : Starting a blocking GC Explicit
08-06 12:59:29.858 24574 24594 I art     : Explicit concurrent mark sweep GC freed 3(96B) AllocSpace objects, 0(0B) LOS objects, 36% free, 28MB/44MB, paused 1.372ms total 36.810ms
08-06 12:59:29.872 24574 24594 I art     : Starting a blocking GC Explicit
08-06 12:59:29.911 24574 24594 I art     : Explicit concurrent mark sweep GC freed 32(880B) AllocSpace objects, 0(0B) LOS objects, 36% free, 28MB/44MB, paused 1.306ms total 37.891ms
08-06 12:59:30.212 21246 21246 I ServiceManager: Waiting for service AtCmdFwd...
08-06 12:59:30.237 24574 24595 I art     : Starting a blocking GC Explicit
08-06 12:59:30.282 24574 24595 I art     : Explicit concurrent mark sweep GC freed 1374(82KB) AllocSpace objects, 1(20KB) LOS objects, 36% free, 28MB/44MB, paused 1.407ms total 43.895ms
08-06 12:59:30.296 24574 24595 I art     : Starting a blocking GC Explicit
08-06 12:59:30.332 24574 24595 I art     : Explicit concurrent mark sweep GC freed 23(752B) AllocSpace objects, 0(0B) LOS objects, 36% free, 28MB/44MB, paused 1.262ms total 35.763ms
08-06 12:59:30.344 24574 24595 I art     : Starting a blocking GC Explicit
08-06 12:59:30.378 24574 24595 I art     : Explicit concurrent mark sweep GC freed 3(96B) AllocSpace objects, 0(0B) LOS objects, 36% free, 28MB/44MB, paused 1.380ms total 33.437ms
08-06 12:59:30.389 24574 24595 I art     : Starting a blocking GC Explicit
08-06 12:59:30.423 24574 24595 I art     : Explicit concurrent mark sweep GC freed 3(96B) AllocSpace objects, 0(0B) LOS objects, 36% free, 28MB/44MB, paused 1.337ms total 33.872ms
08-06 12:59:30.435 24574 24595 I art     : Starting a blocking GC Explicit
08-06 12:59:30.469 24574 24595 I art     : Explicit concurrent mark sweep GC freed 3(96B) AllocSpace objects, 0(0B) LOS objects, 36% free, 28MB/44MB, paused 1.303ms total 34.068ms
08-06 12:59:30.775 24574 24595 I art     : Starting a blocking GC Explicit
08-06 12:59:30.816 24574 24595 I art     : Explicit concurrent mark sweep GC freed 1383(80KB) AllocSpace objects, 1(20KB) LOS objects, 36% free, 28MB/44MB, paused 1.368ms total 39.932ms
08-06 12:59:30.828 24574 24595 I art     : Starting a blocking GC Explicit
08-06 12:59:30.858 26762 26762 D AndroidRuntime: >>>>>> START com.android.internal.os.RuntimeInit uid 2000 <<<<<<
08-06 12:59:30.862 24574 24595 I art     : Explicit concurrent mark sweep GC freed 29(944B) AllocSpace objects, 0(0B) LOS objects, 36% free, 28MB/44MB, paused 1.451ms total 33.267ms
08-06 12:59:30.864 26762 26762 D AndroidRuntime: CheckJNI is OFF
08-06 12:59:30.873 24574 24595 I art     : Starting a blocking GC Explicit
08-06 12:59:30.906 26762 26762 D ICU     : No timezone override file found: /data/misc/zoneinfo/current/icu/icu_tzdata.dat
08-06 12:59:30.906 24574 24595 I art     : Explicit concurrent mark sweep GC freed 38(1072B) AllocSpace objects, 0(0B) LOS objects, 36% free, 28MB/44MB, paused 1.335ms total 32.879ms
08-06 12:59:30.919 24574 24595 I art     : Starting a blocking GC Explicit
08-06 12:59:30.948 26762 26762 I Radio-JNI: register_android_hardware_Radio DONE
08-06 12:59:30.953 24574 24595 I art     : Explicit concurrent mark sweep GC freed 7(224B) AllocSpace objects, 0(0B) LOS objects, 36% free, 28MB/44MB, paused 1.412ms total 34.185ms
08-06 12:59:30.965 24574 24595 I art     : Starting a blocking GC Explicit
08-06 12:59:30.979 26762 26762 D AndroidRuntime: Calling main entry com.android.commands.input.Input
08-06 12:59:30.980 26762 26762 I Input   : injectKeyEvent: KeyEvent { action=ACTION_DOWN, keyCode=KEYCODE_BACK, scanCode=0, metaState=0, flags=0x0, repeatCount=0, eventTime=881987393, downTime=881987393, deviceId=-1, source=0x101 }
08-06 12:59:30.985 26762 26762 I Input   : injectKeyEvent: KeyEvent { action=ACTION_UP, keyCode=KEYCODE_BACK, scanCode=0, metaState=0, flags=0x0, repeatCount=0, eventTime=881987393, downTime=881987393, deviceId=-1, source=0x101 }
08-06 12:59:30.999 24574 24595 I art     : Explicit concurrent mark sweep GC freed 459(20KB) AllocSpace objects, 0(0B) LOS objects, 36% free, 28MB/44MB, paused 1.733ms total 33.945ms
08-06 12:59:31.006 13866 13866 I GoogleInputMethodServic: GoogleInputMethodService.onFinishInput():3138 
08-06 12:59:31.007 13866 13866 I GoogleInputMethodServic: GoogleInputMethodService.onStartInput():1808 
08-06 12:59:31.013 26762 26762 D AndroidRuntime: Shutting down VM
08-06 12:59:31.212 21246 21246 I ServiceManager: Waiting for service AtCmdFwd...
08-06 12:59:31.296 24574 24594 I art     : Starting a blocking GC Explicit
08-06 12:59:31.334 24574 24594 I art     : Explicit concurrent mark sweep GC freed 2138(110KB) AllocSpace objects, 1(20KB) LOS objects, 36% free, 28MB/44MB, paused 1.357ms total 37.737ms
08-06 12:59:31.346 24574 24594 I art     : Starting a blocking GC Explicit
08-06 12:59:31.383 24574 24594 I art     : Explicit concurrent mark sweep GC freed 2654(177KB) AllocSpace objects, 9(1540KB) LOS objects, 37% free, 26MB/42MB, paused 1.340ms total 36.381ms
08-06 12:59:31.395 24574 24594 I art     : Starting a blocking GC Explicit
08-06 12:59:31.430 24574 24594 I art     : Explicit concurrent mark sweep GC freed 3(96B) AllocSpace objects, 0(0B) LOS objects, 37% free, 26MB/42MB, paused 1.326ms total 35.194ms
08-06 12:59:31.442 24574 24594 I art     : Starting a blocking GC Explicit
08-06 12:59:31.477 24574 24594 I art     : Explicit concurrent mark sweep GC freed 3(96B) AllocSpace objects, 0(0B) LOS objects, 37% free, 26MB/42MB, paused 1.409ms total 35.197ms
08-06 12:59:31.489 24574 24594 I art     : Starting a blocking GC Explicit
08-06 12:59:31.525 24574 24594 I art     : Explicit concurrent mark sweep GC freed 3(96B) AllocSpace objects, 0(0B) LOS objects, 37% free, 26MB/42MB, paused 1.352ms total 35.257ms
08-06 12:59:31.848 24574 24595 I art     : Starting a blocking GC Explicit
08-06 12:59:31.897 24574 24595 I art     : Explicit concurrent mark sweep GC freed 1402(82KB) AllocSpace objects, 1(20KB) LOS objects, 37% free, 26MB/42MB, paused 1.429ms total 48.490ms
08-06 12:59:31.913 24574 24595 I art     : Starting a blocking GC Explicit
08-06 12:59:31.948 24574 24595 I art     : Explicit concurrent mark sweep GC freed 23(752B) AllocSpace objects, 0(0B) LOS objects, 37% free, 26MB/42MB, paused 1.379ms total 34.365ms
08-06 12:59:31.959 24574 24595 I art     : Starting a blocking GC Explicit
08-06 12:59:31.995 24574 24595 I art     : Explicit concurrent mark sweep GC freed 3(96B) AllocSpace objects, 0(0B) LOS objects, 37% free, 26MB/42MB, paused 1.338ms total 35.178ms
08-06 12:59:32.007 24574 24595 I art     : Starting a blocking GC Explicit
08-06 12:59:32.043 24574 24595 I art     : Explicit concurrent mark sweep GC freed 3(96B) AllocSpace objects, 0(0B) LOS objects, 37% free, 26MB/42MB, paused 1.337ms total 35.776ms
08-06 12:59:32.055 24574 24595 I art     : Starting a blocking GC Explicit
08-06 12:59:32.090 24574 24595 I art     : Explicit concurrent mark sweep GC freed 3(96B) AllocSpace objects, 0(0B) LOS objects, 37% free, 26MB/42MB, paused 1.339ms total 35.315ms
08-06 12:59:32.213 21246 21246 I ServiceManager: Waiting for service AtCmdFwd...
08-06 12:59:32.395 24574 24611 I art     : Starting a blocking GC Explicit
08-06 12:59:32.432 24574 24611 I art     : Explicit concurrent mark sweep GC freed 1373(81KB) AllocSpace objects, 1(20KB) LOS objects, 37% free, 26MB/42MB, paused 1.348ms total 36.619ms
08-06 12:59:32.444 24574 24611 I art     : Starting a blocking GC Explicit
08-06 12:59:32.478 24574 24611 I art     : Explicit concurrent mark sweep GC freed 23(752B) AllocSpace objects, 0(0B) LOS objects, 37% free, 26MB/42MB, paused 1.400ms total 34.022ms
08-06 12:59:32.490 24574 24611 I art     : Starting a blocking GC Explicit
08-06 12:59:32.523 24574 24611 I art     : Explicit concurrent mark sweep GC freed 3(96B) AllocSpace objects, 0(0B) LOS objects, 37% free, 26MB/42MB, paused 1.394ms total 33.066ms
08-06 12:59:32.535 24574 24611 I art     : Starting a blocking GC Explicit
08-06 12:59:32.569 24574 24611 I art     : Explicit concurrent mark sweep GC freed 3(96B) AllocSpace objects, 0(0B) LOS objects, 37% free, 26MB/42MB, paused 1.369ms total 33.656ms
08-06 12:59:32.580 24574 24611 I art     : Starting a blocking GC Explicit
08-06 12:59:32.614 24574 24611 I art     : Explicit concurrent mark sweep GC freed 3(96B) AllocSpace objects, 0(0B) LOS objects, 37% free, 26MB/42MB, paused 1.350ms total 33.380ms
08-06 12:59:32.793 26807 26807 D AndroidRuntime: >>>>>> START com.android.internal.os.RuntimeInit uid 2000 <<<<<<
08-06 12:59:32.800 26807 26807 D AndroidRuntime: CheckJNI is OFF
08-06 12:59:32.841 26807 26807 D ICU     : No timezone override file found: /data/misc/zoneinfo/current/icu/icu_tzdata.dat
08-06 12:59:32.881 26807 26807 I Radio-JNI: register_android_hardware_Radio DONE
08-06 12:59:32.910 26807 26807 D AndroidRuntime: Calling main entry com.android.commands.input.Input
08-06 12:59:32.912 26807 26807 I Input   : injectMotionEvent: MotionEvent { action=ACTION_DOWN, actionButton=0, id[0]=0, x[0]=103.0, y[0]=192.0, toolType[0]=TOOL_TYPE_UNKNOWN, buttonState=0, metaState=0, flags=0x0, edgeFlags=0x0, pointerCount=1, historySize=0, eventTime=881989324, downTime=881989324, deviceId=0, source=0x1002 }
08-06 12:59:32.916 26807 26807 I Input   : injectMotionEvent: MotionEvent { action=ACTION_UP, actionButton=0, id[0]=0, x[0]=103.0, y[0]=192.0, toolType[0]=TOOL_TYPE_UNKNOWN, buttonState=0, metaState=0, flags=0x0, edgeFlags=0x0, pointerCount=1, historySize=0, eventTime=881989324, downTime=881989324, deviceId=0, source=0x1002 }
08-06 12:59:32.918 26807 26807 D AndroidRuntime: Shutting down VM
08-06 12:59:32.927   512  2967 D audio_hw_primary: out_set_parameters: enter: usecase(1: low-latency-playback) kvpairs: routing=2
08-06 12:59:32.940   512  2967 D audio_hw_primary: select_devices: out_snd_device(2: speaker) in_snd_device(0: none)
08-06 12:59:32.941   512  2967 D msm8974_platform: platform_send_audio_calibration: sending audio calibration for snd_device(2) acdb_id(15)
08-06 12:59:32.941   512  2967 I soundtrigger: audio_extn_sound_trigger_update_device_status: device 0x2 of type 0 for Event 1
08-06 12:59:32.949 24574 24594 I art     : Starting a blocking GC Explicit
08-06 12:59:32.952   512  2967 D audio_hw_primary: enable_snd_device: snd_device(2: speaker)
08-06 12:59:32.954   512  2967 D audio_hw_primary: enable_audio_route: apply and update mixer path: low-latency-playback speaker
08-06 12:59:32.968 13866 13866 I GoogleInputMethodServic: GoogleInputMethodService.onFinishInput():3138 
08-06 12:59:32.969 13866 13866 I GoogleInputMethodServic: GoogleInputMethodService.onStartInput():1808 
08-06 12:59:32.987 24574 24594 I art     : Explicit concurrent mark sweep GC freed 1654(92KB) AllocSpace objects, 1(20KB) LOS objects, 37% free, 26MB/42MB, paused 1.475ms total 37.765ms
08-06 12:59:32.999 24574 24594 I art     : Starting a blocking GC Explicit
08-06 12:59:33.032 24574 24594 I art     : Explicit concurrent mark sweep GC freed 426(21KB) AllocSpace objects, 0(0B) LOS objects, 37% free, 26MB/42MB, paused 1.255ms total 31.869ms
08-06 12:59:33.043 24574 24594 I art     : Starting a blocking GC Explicit
08-06 12:59:33.075 24574 24594 I art     : Explicit concurrent mark sweep GC freed 56(3KB) AllocSpace objects, 0(0B) LOS objects, 37% free, 26MB/42MB, paused 1.439ms total 31.773ms
08-06 12:59:33.087 24574 24594 I art     : Starting a blocking GC Explicit
08-06 12:59:33.122 24574 24594 I art     : Explicit concurrent mark sweep GC freed 3(96B) AllocSpace objects, 0(0B) LOS objects, 37% free, 26MB/42MB, paused 1.267ms total 34.713ms
08-06 12:59:33.134 24574 24594 I art     : Starting a blocking GC Explicit
08-06 12:59:33.168 24574 24594 I art     : Explicit concurrent mark sweep GC freed 3(96B) AllocSpace objects, 0(0B) LOS objects, 37% free, 26MB/42MB, paused 1.497ms total 33.837ms
08-06 12:59:33.214 21246 21246 I ServiceManager: Waiting for service AtCmdFwd...
08-06 12:59:33.466 24574 24594 I art     : Starting a blocking GC Explicit
08-06 12:59:33.498   512  2967 D audio_hw_primary: disable_audio_route: reset and update mixer path: low-latency-playback speaker
08-06 12:59:33.500   512  2967 D audio_hw_primary: disable_snd_device: snd_device(2: speaker)
08-06 12:59:33.501 24574 24594 I art     : Explicit concurrent mark sweep GC freed 1376(80KB) AllocSpace objects, 1(20KB) LOS objects, 37% free, 26MB/42MB, paused 1.210ms total 34.656ms
08-06 12:59:33.509   512  2967 I soundtrigger: audio_extn_sound_trigger_update_device_status: device 0x2 of type 0 for Event 0
08-06 12:59:33.512 24574 24594 I art     : Starting a blocking GC Explicit
08-06 12:59:33.547 24574 24594 I art     : Explicit concurrent mark sweep GC freed 31(1008B) AllocSpace objects, 0(0B) LOS objects, 37% free, 26MB/42MB, paused 1.365ms total 34.632ms
08-06 12:59:33.559 24574 24594 I art     : Starting a blocking GC Explicit
08-06 12:59:33.593 24574 24594 I art     : Explicit concurrent mark sweep GC freed 3(96B) AllocSpace objects, 0(0B) LOS objects, 37% free, 26MB/42MB, paused 1.285ms total 33.311ms
08-06 12:59:33.604 24574 24594 I art     : Starting a blocking GC Explicit
08-06 12:59:33.638 24574 24594 I art     : Explicit concurrent mark sweep GC freed 3(96B) AllocSpace objects, 0(0B) LOS objects, 37% free, 26MB/42MB, paused 1.307ms total 33.905ms
08-06 12:59:33.650 24574 24594 I art     : Starting a blocking GC Explicit
08-06 12:59:33.685 24574 24594 I art     : Explicit concurrent mark sweep GC freed 5(160B) AllocSpace objects, 0(0B) LOS objects, 37% free, 26MB/42MB, paused 1.332ms total 34.793ms
08-06 12:59:34.007 24574 24595 I art     : Starting a blocking GC Explicit
08-06 12:59:34.054 24574 24595 I art     : Explicit concurrent mark sweep GC freed 1400(81KB) AllocSpace objects, 1(20KB) LOS objects, 37% free, 26MB/42MB, paused 1.403ms total 46.315ms
08-06 12:59:34.069 24574 24595 I art     : Starting a blocking GC Explicit
08-06 12:59:34.105 24574 24595 I art     : Explicit concurrent mark sweep GC freed 23(752B) AllocSpace objects, 0(0B) LOS objects, 37% free, 26MB/42MB, paused 1.347ms total 35.713ms
08-06 12:59:34.117 24574 24595 I art     : Starting a blocking GC Explicit
08-06 12:59:34.152 24574 24595 I art     : Explicit concurrent mark sweep GC freed 3(96B) AllocSpace objects, 0(0B) LOS objects, 37% free, 26MB/42MB, paused 1.274ms total 35.244ms
08-06 12:59:34.164 24574 24595 I art     : Starting a blocking GC Explicit
08-06 12:59:34.199 24574 24595 I art     : Explicit concurrent mark sweep GC freed 3(96B) AllocSpace objects, 0(0B) LOS objects, 37% free, 26MB/42MB, paused 1.366ms total 34.129ms
08-06 12:59:34.210 24574 24595 I art     : Starting a blocking GC Explicit
08-06 12:59:34.214 21246 21246 W Atfwd_Sendcmd: AtCmdFwd service not published, waiting... retryCnt : 5
08-06 12:59:34.244 24574 24595 I art     : Explicit concurrent mark sweep GC freed 3(96B) AllocSpace objects, 0(0B) LOS objects, 37% free, 26MB/42MB, paused 1.310ms total 33.329ms
08-06 12:59:34.550 24574 26013 I art     : Starting a blocking GC Explicit
08-06 12:59:34.588 24574 26013 I art     : Explicit concurrent mark sweep GC freed 1373(80KB) AllocSpace objects, 1(20KB) LOS objects, 37% free, 26MB/42MB, paused 1.424ms total 37.856ms
08-06 12:59:34.600 24574 26013 I art     : Starting a blocking GC Explicit
08-06 12:59:34.636 24574 26013 I art     : Explicit concurrent mark sweep GC freed 29(944B) AllocSpace objects, 0(0B) LOS objects, 37% free, 26MB/42MB, paused 1.391ms total 35.155ms
08-06 12:59:34.648 24574 26013 I art     : Starting a blocking GC Explicit
08-06 12:59:34.682 24574 26013 I art     : Explicit concurrent mark sweep GC freed 9(288B) AllocSpace objects, 0(0B) LOS objects, 37% free, 26MB/42MB, paused 1.295ms total 34.269ms
08-06 12:59:34.695 24574 26013 I art     : Starting a blocking GC Explicit
08-06 12:59:34.702 26858 26858 D AndroidRuntime: >>>>>> START com.android.internal.os.RuntimeInit uid 2000 <<<<<<
08-06 12:59:34.708 26858 26858 D AndroidRuntime: CheckJNI is OFF
08-06 12:59:34.730 24574 26013 I art     : Explicit concurrent mark sweep GC freed 9(288B) AllocSpace objects, 0(0B) LOS objects, 37% free, 26MB/42MB, paused 1.364ms total 34.332ms
08-06 12:59:34.742 24574 26013 I art     : Starting a blocking GC Explicit
08-06 12:59:34.754 26858 26858 D ICU     : No timezone override file found: /data/misc/zoneinfo/current/icu/icu_tzdata.dat
08-06 12:59:34.776 24574 26013 I art     : Explicit concurrent mark sweep GC freed 8(256B) AllocSpace objects, 0(0B) LOS objects, 37% free, 26MB/42MB, paused 1.325ms total 33.174ms
08-06 12:59:34.797 26858 26858 I Radio-JNI: register_android_hardware_Radio DONE
08-06 12:59:34.825 26858 26858 D AndroidRuntime: Calling main entry com.android.commands.input.Input
08-06 12:59:34.827 26858 26858 I Input   : injectMotionEvent: MotionEvent { action=ACTION_DOWN, actionButton=0, id[0]=0, x[0]=625.0, y[0]=1248.0, toolType[0]=TOOL_TYPE_UNKNOWN, buttonState=0, metaState=0, flags=0x0, edgeFlags=0x0, pointerCount=1, historySize=0, eventTime=881991240, downTime=881991240, deviceId=0, source=0x1002 }
08-06 12:59:34.832 26858 26858 I Input   : injectMotionEvent: MotionEvent { action=ACTION_UP, actionButton=0, id[0]=0, x[0]=625.0, y[0]=1248.0, toolType[0]=TOOL_TYPE_UNKNOWN, buttonState=0, metaState=0, flags=0x0, edgeFlags=0x0, pointerCount=1, historySize=0, eventTime=881991240, downTime=881991240, deviceId=0, source=0x1002 }
08-06 12:59:34.834 26858 26858 D AndroidRuntime: Shutting down VM
08-06 12:59:34.899 24574 24574 D MainActivity: loadFragment(index: 7, args: null)
08-06 12:59:34.901 24574 24574 D MainActivity: saveLastNavFragment(tag: 2)
08-06 12:59:34.901 24574 24574 D MainActivity: getLastNavFragment() -> 2
08-06 12:59:34.902   512  2967 D audio_hw_primary: out_set_parameters: enter: usecase(1: low-latency-playback) kvpairs: routing=2
08-06 12:59:34.915   512  2967 D audio_hw_primary: select_devices: out_snd_device(2: speaker) in_snd_device(0: none)
08-06 12:59:34.915   512  2967 D msm8974_platform: platform_send_audio_calibration: sending audio calibration for snd_device(2) acdb_id(15)
08-06 12:59:34.916   512  2967 I soundtrigger: audio_extn_sound_trigger_update_device_status: device 0x2 of type 0 for Event 1
08-06 12:59:34.926   512  2967 D audio_hw_primary: enable_snd_device: snd_device(2: speaker)
08-06 12:59:34.929   512  2967 D audio_hw_primary: enable_audio_route: apply and update mixer path: low-latency-playback speaker
08-06 12:59:34.934 24574 24574 D ItemlistFragment: onEventMainThread() called with: event = [DownloadEvent{update=DownloaderUpdate{downloaders=[], feedIds=[], mediaIds=[]}}]
08-06 12:59:34.935 24574 24605 D DBReader: getFeed() called with: feedId = [2]
08-06 12:59:34.938 24574 24605 D DBReader: getFeedItemList() called with: feed = [baseline.de.danoeh.antennapod.core.feed.Feed@2]
08-06 12:59:35.033 24574 24605 W PodDBAdapter: Length of id array is larger than 800. Creating multiple cursors
08-06 12:59:35.071 24574 24595 I art     : Starting a blocking GC Explicit
08-06 12:59:35.117 24574 24595 I art     : Explicit concurrent mark sweep GC freed 7386(442KB) AllocSpace objects, 3(56KB) LOS objects, 35% free, 29MB/45MB, paused 1.586ms total 45.485ms
08-06 12:59:35.129 24574 24605 D DBReader: getFavoriteIDList() called
08-06 12:59:35.130 24574 24605 D DBReader: getQueueIDList() called
08-06 12:59:35.131 24574 24605 D DBReader: Extracting Feedlist
08-06 12:59:35.132 24574 24595 I art     : Starting a blocking GC Explicit
08-06 12:59:35.175 24574 24574 D FeedMenuHandler: Preparing options menu
08-06 12:59:35.176 24574 24595 I art     : Explicit concurrent mark sweep GC freed 9754(294KB) AllocSpace objects, 1(16KB) LOS objects, 35% free, 29MB/45MB, paused 1.917ms total 43.750ms
08-06 12:59:35.189 24574 24595 I art     : Starting a blocking GC Explicit
08-06 12:59:35.232 24574 24595 I art     : Explicit concurrent mark sweep GC freed 2587(169KB) AllocSpace objects, 0(0B) LOS objects, 35% free, 29MB/45MB, paused 1.764ms total 42.104ms
08-06 12:59:35.245 24574 24595 I art     : Starting a blocking GC Explicit
08-06 12:59:35.251 24574 25523 D ApOkHttpUrlLoader: buildLoadData() called with: model = [http://static.libsyn.com/p/assets/7/1/f/3/71f3014e14ef2722/JREiTunesImage2.jpg], width = [1440], height = [462]
08-06 12:59:35.288 24574 24595 I art     : Explicit concurrent mark sweep GC freed 929(75KB) AllocSpace objects, 0(0B) LOS objects, 30% free, 37MB/53MB, paused 1.730ms total 43.098ms
08-06 12:59:35.302 24574 24595 I art     : Starting a blocking GC Explicit
08-06 12:59:35.343 24574 24595 I art     : Explicit concurrent mark sweep GC freed 248(10KB) AllocSpace objects, 0(0B) LOS objects, 30% free, 37MB/53MB, paused 1.406ms total 40.693ms
08-06 12:59:35.402 24574 24606 V RenderScript: 0x7f7c9be000 Launching thread(s), CPUs 8
08-06 12:59:35.460 13866 13866 I GoogleInputMethodServic: GoogleInputMethodService.onFinishInput():3138 
08-06 12:59:35.460   512  2967 D audio_hw_primary: disable_audio_route: reset and update mixer path: low-latency-playback speaker
08-06 12:59:35.460 13866 13866 I GoogleInputMethodServic: GoogleInputMethodService.onStartInput():1808 
08-06 12:59:35.461   512  2967 D audio_hw_primary: disable_snd_device: snd_device(2: speaker)
08-06 12:59:35.469   512  2967 I soundtrigger: audio_extn_sound_trigger_update_device_status: device 0x2 of type 0 for Event 0
08-06 12:59:35.655 24574 24611 I art     : Starting a blocking GC Explicit
08-06 12:59:35.702 24574 24611 I art     : Explicit concurrent mark sweep GC freed 1761(115KB) AllocSpace objects, 6(236KB) LOS objects, 30% free, 37MB/53MB, paused 1.231ms total 47.196ms
08-06 12:59:35.717 24574 24611 I art     : Starting a blocking GC Explicit
08-06 12:59:35.761 24574 24611 I art     : Explicit concurrent mark sweep GC freed 155(7KB) AllocSpace objects, 0(0B) LOS objects, 30% free, 37MB/53MB, paused 1.218ms total 43.139ms
08-06 12:59:35.774 24574 24611 I art     : Starting a blocking GC Explicit
08-06 12:59:35.819 24574 24611 I art     : Explicit concurrent mark sweep GC freed 22(736B) AllocSpace objects, 0(0B) LOS objects, 30% free, 37MB/53MB, paused 1.309ms total 44.294ms
08-06 12:59:35.833 24574 24611 I art     : Starting a blocking GC Explicit
08-06 12:59:35.879 24574 24611 I art     : Explicit concurrent mark sweep GC freed 31(848B) AllocSpace objects, 0(0B) LOS objects, 30% free, 37MB/53MB, paused 1.437ms total 46.412ms
08-06 12:59:35.893 24574 24611 I art     : Starting a blocking GC Explicit
08-06 12:59:35.940 24574 24611 I art     : Explicit concurrent mark sweep GC freed 4(128B) AllocSpace objects, 0(0B) LOS objects, 30% free, 37MB/53MB, paused 1.363ms total 46.479ms
08-06 12:59:36.265 24574 24595 I art     : Starting a blocking GC Explicit
08-06 12:59:36.316 24574 24595 I art     : Explicit concurrent mark sweep GC freed 1375(80KB) AllocSpace objects, 1(20KB) LOS objects, 30% free, 37MB/53MB, paused 1.331ms total 50.660ms
08-06 12:59:36.333 24574 24595 I art     : Starting a blocking GC Explicit
08-06 12:59:36.381 24574 24595 I art     : Explicit concurrent mark sweep GC freed 73(2640B) AllocSpace objects, 0(0B) LOS objects, 30% free, 37MB/53MB, paused 1.369ms total 47.032ms
08-06 12:59:36.395 24574 24595 I art     : Starting a blocking GC Explicit
08-06 12:59:36.441 24574 24595 I art     : Explicit concurrent mark sweep GC freed 3(96B) AllocSpace objects, 0(0B) LOS objects, 30% free, 37MB/53MB, paused 1.280ms total 45.623ms
08-06 12:59:36.455 24574 24595 I art     : Starting a blocking GC Explicit
08-06 12:59:36.501 24574 24595 I art     : Explicit concurrent mark sweep GC freed 3(96B) AllocSpace objects, 0(0B) LOS objects, 30% free, 37MB/53MB, paused 1.337ms total 45.693ms
08-06 12:59:36.515 24574 24595 I art     : Starting a blocking GC Explicit
08-06 12:59:36.565 24574 24595 I art     : Explicit concurrent mark sweep GC freed 3(96B) AllocSpace objects, 0(0B) LOS objects, 30% free, 37MB/53MB, paused 1.340ms total 48.785ms
08-06 12:59:36.940 24574 26013 I art     : Starting a blocking GC Explicit
08-06 12:59:36.987 24574 26013 I art     : Explicit concurrent mark sweep GC freed 1428(82KB) AllocSpace objects, 1(20KB) LOS objects, 30% free, 37MB/53MB, paused 1.227ms total 46.513ms
08-06 12:59:37.001 24574 26013 I art     : Starting a blocking GC Explicit
08-06 12:59:37.047 24574 26013 I art     : Explicit concurrent mark sweep GC freed 26(848B) AllocSpace objects, 0(0B) LOS objects, 30% free, 37MB/53MB, paused 1.245ms total 45.587ms
08-06 12:59:37.061 24574 26013 I art     : Starting a blocking GC Explicit
08-06 12:59:37.109 24574 26013 I art     : Explicit concurrent mark sweep GC freed 3(96B) AllocSpace objects, 0(0B) LOS objects, 30% free, 37MB/53MB, paused 1.351ms total 47.583ms
08-06 12:59:37.123 24574 26013 I art     : Starting a blocking GC Explicit
08-06 12:59:37.173 24574 26013 I art     : Explicit concurrent mark sweep GC freed 3(96B) AllocSpace objects, 0(0B) LOS objects, 30% free, 37MB/53MB, paused 1.304ms total 49.868ms
08-06 12:59:37.187 24574 26013 I art     : Starting a blocking GC Explicit
08-06 12:59:37.237 24574 26013 I art     : Explicit concurrent mark sweep GC freed 3(96B) AllocSpace objects, 0(0B) LOS objects, 30% free, 37MB/53MB, paused 1.343ms total 48.806ms
08-06 12:59:37.584 24574 24611 I art     : Starting a blocking GC Explicit
08-06 12:59:37.643 24574 24611 I art     : Explicit concurrent mark sweep GC freed 2074(102KB) AllocSpace objects, 1(20KB) LOS objects, 30% free, 37MB/53MB, paused 1.473ms total 58.723ms
08-06 12:59:37.661 24574 24611 I art     : Starting a blocking GC Explicit
08-06 12:59:37.709 24574 24611 I art     : Explicit concurrent mark sweep GC freed 23(752B) AllocSpace objects, 0(0B) LOS objects, 30% free, 37MB/53MB, paused 1.381ms total 48.222ms
08-06 12:59:37.724 24574 24611 I art     : Starting a blocking GC Explicit
08-06 12:59:37.774 24574 24611 I art     : Explicit concurrent mark sweep GC freed 3(96B) AllocSpace objects, 0(0B) LOS objects, 30% free, 37MB/53MB, paused 1.383ms total 49.364ms
08-06 12:59:37.788 24574 24611 I art     : Starting a blocking GC Explicit
08-06 12:59:37.838 24574 24611 I art     : Explicit concurrent mark sweep GC freed 3(96B) AllocSpace objects, 0(0B) LOS objects, 30% free, 37MB/53MB, paused 1.399ms total 49.516ms
08-06 12:59:37.853 24574 24611 I art     : Starting a blocking GC Explicit
08-06 12:59:37.904 24574 24611 I art     : Explicit concurrent mark sweep GC freed 32(880B) AllocSpace objects, 0(0B) LOS objects, 30% free, 37MB/53MB, paused 1.386ms total 51.084ms
08-06 12:59:38.257 24574 24594 I art     : Starting a blocking GC Explicit
08-06 12:59:38.322 24574 24594 I art     : Explicit concurrent mark sweep GC freed 2377(120KB) AllocSpace objects, 1(20KB) LOS objects, 30% free, 37MB/53MB, paused 1.364ms total 64.602ms
08-06 12:59:38.340 24574 24594 I art     : Starting a blocking GC Explicit
08-06 12:59:38.390 24574 24594 I art     : Explicit concurrent mark sweep GC freed 23(752B) AllocSpace objects, 0(0B) LOS objects, 30% free, 37MB/53MB, paused 1.333ms total 49.656ms
08-06 12:59:38.408 24574 24594 I art     : Starting a blocking GC Explicit
08-06 12:59:38.457 24574 24594 I art     : Explicit concurrent mark sweep GC freed 3(96B) AllocSpace objects, 0(0B) LOS objects, 30% free, 37MB/53MB, paused 1.272ms total 48.853ms
08-06 12:59:38.471 24574 24594 I art     : Starting a blocking GC Explicit
08-06 12:59:38.523 24574 24594 I art     : Explicit concurrent mark sweep GC freed 3(96B) AllocSpace objects, 0(0B) LOS objects, 30% free, 37MB/53MB, paused 1.339ms total 51.778ms
08-06 12:59:38.541 24574 24594 I art     : Starting a blocking GC Explicit
08-06 12:59:38.588 24574 24594 I art     : Explicit concurrent mark sweep GC freed 3(96B) AllocSpace objects, 0(0B) LOS objects, 30% free, 37MB/53MB, paused 1.406ms total 46.441ms
08-06 12:59:38.933 24574 24595 I art     : Starting a blocking GC Explicit
08-06 12:59:38.993 24574 24595 I art     : Explicit concurrent mark sweep GC freed 1403(82KB) AllocSpace objects, 1(20KB) LOS objects, 30% free, 37MB/53MB, paused 1.291ms total 59.828ms
08-06 12:59:39.010 24574 24595 I art     : Starting a blocking GC Explicit
08-06 12:59:39.058 24574 24595 I art     : Explicit concurrent mark sweep GC freed 23(752B) AllocSpace objects, 0(0B) LOS objects, 30% free, 37MB/53MB, paused 1.389ms total 48.305ms
08-06 12:59:39.073 24574 24595 I art     : Starting a blocking GC Explicit
08-06 12:59:39.119 24574 24595 I art     : Explicit concurrent mark sweep GC freed 3(96B) AllocSpace objects, 0(0B) LOS objects, 30% free, 37MB/53MB, paused 1.190ms total 46.465ms
08-06 12:59:39.133 24574 24595 I art     : Starting a blocking GC Explicit
08-06 12:59:39.176 24574 24595 I art     : Explicit concurrent mark sweep GC freed 3(96B) AllocSpace objects, 0(0B) LOS objects, 30% free, 37MB/53MB, paused 1.270ms total 42.083ms
08-06 12:59:39.189 24574 24595 I art     : Starting a blocking GC Explicit
08-06 12:59:39.232 24574 24595 I art     : Explicit concurrent mark sweep GC freed 3(96B) AllocSpace objects, 0(0B) LOS objects, 30% free, 37MB/53MB, paused 1.227ms total 42.592ms
08-06 12:59:39.584 24574 26013 I art     : Starting a blocking GC Explicit
08-06 12:59:39.598   918  3188 I hubconnection: sensorhub said: 'set_bias 3: -5.1072, 0.0000, 0.0000'
08-06 12:59:39.634 26960 26960 D AndroidRuntime: >>>>>> START com.android.internal.os.RuntimeInit uid 2000 <<<<<<
08-06 12:59:39.636 24574 26013 I art     : Explicit concurrent mark sweep GC freed 1373(82KB) AllocSpace objects, 1(20KB) LOS objects, 30% free, 37MB/53MB, paused 1.415ms total 51.072ms
08-06 12:59:39.641 26960 26960 D AndroidRuntime: CheckJNI is OFF
08-06 12:59:39.650 24574 26013 I art     : Starting a blocking GC Explicit
08-06 12:59:39.686 26960 26960 D ICU     : No timezone override file found: /data/misc/zoneinfo/current/icu/icu_tzdata.dat
08-06 12:59:39.695 24574 26013 I art     : Explicit concurrent mark sweep GC freed 23(752B) AllocSpace objects, 0(0B) LOS objects, 30% free, 37MB/53MB, paused 1.251ms total 45.019ms
08-06 12:59:39.709 24574 26013 I art     : Starting a blocking GC Explicit
08-06 12:59:39.732 26960 26960 I Radio-JNI: register_android_hardware_Radio DONE
08-06 12:59:39.754 24574 26013 I art     : Explicit concurrent mark sweep GC freed 3(96B) AllocSpace objects, 0(0B) LOS objects, 30% free, 37MB/53MB, paused 1.257ms total 44.169ms
08-06 12:59:39.762 26960 26960 D AndroidRuntime: Calling main entry com.android.commands.input.Input
08-06 12:59:39.764 26960 26960 I Input   : injectMotionEvent: MotionEvent { action=ACTION_DOWN, actionButton=0, id[0]=0, x[0]=1363.0, y[0]=517.0, toolType[0]=TOOL_TYPE_UNKNOWN, buttonState=0, metaState=0, flags=0x0, edgeFlags=0x0, pointerCount=1, historySize=0, eventTime=881996177, downTime=881996177, deviceId=0, source=0x1002 }
08-06 12:59:39.767 24574 26013 I art     : Starting a blocking GC Explicit
08-06 12:59:39.772 26960 26960 I Input   : injectMotionEvent: MotionEvent { action=ACTION_UP, actionButton=0, id[0]=0, x[0]=1363.0, y[0]=517.0, toolType[0]=TOOL_TYPE_UNKNOWN, buttonState=0, metaState=0, flags=0x0, edgeFlags=0x0, pointerCount=1, historySize=0, eventTime=881996177, downTime=881996177, deviceId=0, source=0x1002 }
08-06 12:59:39.775 26960 26960 D AndroidRuntime: Shutting down VM
08-06 12:59:39.782   918  5952 I ActivityManager: START u0 {cmp=baseline.de.danoeh.antennapod.debug/baseline.de.danoeh.antennapod.activity.FeedSettingsActivity (has extras)} from uid 10711 on display 0
08-06 12:59:39.783   512  2967 D audio_hw_primary: out_set_parameters: enter: usecase(1: low-latency-playback) kvpairs: routing=2
08-06 12:59:39.796   512  2967 D audio_hw_primary: select_devices: out_snd_device(2: speaker) in_snd_device(0: none)
08-06 12:59:39.796   512  2967 D msm8974_platform: platform_send_audio_calibration: sending audio calibration for snd_device(2) acdb_id(15)
08-06 12:59:39.796   512  2967 I soundtrigger: audio_extn_sound_trigger_update_device_status: device 0x2 of type 0 for Event 1
08-06 12:59:39.806   512  2967 D audio_hw_primary: enable_snd_device: snd_device(2: speaker)
08-06 12:59:39.808   512  2967 D audio_hw_primary: enable_audio_route: apply and update mixer path: low-latency-playback speaker
08-06 12:59:39.812 24574 26013 I art     : Explicit concurrent mark sweep GC freed 372(31KB) AllocSpace objects, 0(0B) LOS objects, 29% free, 37MB/53MB, paused 1.698ms total 43.892ms
08-06 12:59:39.825 24574 26013 I art     : Starting a blocking GC Explicit
08-06 12:59:39.882 24574 26013 I art     : Explicit concurrent mark sweep GC freed 14477(626KB) AllocSpace objects, 0(0B) LOS objects, 29% free, 37MB/53MB, paused 2.284ms total 56.546ms
08-06 12:59:40.028 24574 25139 D DBReader: getFeed() called with: feedId = [2]
08-06 12:59:40.030 24574 25139 D DBReader: getFeedItemList() called with: feed = [baseline.de.danoeh.antennapod.core.feed.Feed@2]
08-06 12:59:40.139 24574 25139 W PodDBAdapter: Length of id array is larger than 800. Creating multiple cursors
08-06 12:59:40.178   918   936 I ActivityManager: Displayed baseline.de.danoeh.antennapod.debug/baseline.de.danoeh.antennapod.activity.FeedSettingsActivity: +388ms
08-06 12:59:40.186 13866 13866 I GoogleInputMethodServic: GoogleInputMethodService.onFinishInput():3138 
08-06 12:59:40.189 13866 13866 I GoogleInputMethodServic: GoogleInputMethodService.onStartInput():1808 
08-06 12:59:40.193 24574 24595 I art     : Starting a blocking GC Explicit
08-06 12:59:40.237 24574 24606 D OpenGLRenderer: endAllStagingAnimators on 0x7f7edae000 (RippleDrawable) with handle 0x7f7a8f6800
08-06 12:59:40.249 24574 25523 D ApOkHttpUrlLoader: buildLoadData() called with: model = [http://static.libsyn.com/p/assets/7/1/f/3/71f3014e14ef2722/JREiTunesImage2.jpg], width = [1440], height = [462]
08-06 12:59:40.253 13866 13866 I GoogleInputMethodServic: GoogleInputMethodService.onStartInput():1808 
08-06 12:59:40.253 13866 13866 W SessionManager: SessionManager.beginSession():53 Try to begin an already begun session [INPUT_SESSION], end it first
08-06 12:59:40.265 24574 24595 I art     : Explicit concurrent mark sweep GC freed 45174(1881KB) AllocSpace objects, 2(36KB) LOS objects, 27% free, 42MB/58MB, paused 1.919ms total 71.745ms
08-06 12:59:40.266 13866 13866 I ShortcutsDataManager: ShortcutsDataManager.onContentChanged():89 onContentChanged()
08-06 12:59:40.269 24574 24574 D FeedSettingsActivity: No filter set
08-06 12:59:40.279   918  4400 W IntentResolver: resolveIntent: multiple matches, only some with CATEGORY_DEFAULT
08-06 12:59:40.282 24574 24595 I art     : Starting a blocking GC Explicit
08-06 12:59:40.337 24574 24595 I art     : Explicit concurrent mark sweep GC freed 5020(274KB) AllocSpace objects, 1(16KB) LOS objects, 27% free, 41MB/57MB, paused 1.399ms total 54.343ms
08-06 12:59:40.349   512  2967 D audio_hw_primary: disable_audio_route: reset and update mixer path: low-latency-playback speaker
08-06 12:59:40.351   512  2967 D audio_hw_primary: disable_snd_device: snd_device(2: speaker)
08-06 12:59:40.355 24574 24595 I art     : Starting a blocking GC Explicit
08-06 12:59:40.359   512  2967 I soundtrigger: audio_extn_sound_trigger_update_device_status: device 0x2 of type 0 for Event 0
08-06 12:59:40.412 24574 24595 I art     : Explicit concurrent mark sweep GC freed 417(33KB) AllocSpace objects, 0(0B) LOS objects, 27% free, 41MB/57MB, paused 1.396ms total 56.035ms
08-06 12:59:40.432   380   380 W SurfaceFlinger: couldn't log to binary event log: overflow.
08-06 12:59:40.434 24574 24595 I art     : Starting a blocking GC Explicit
08-06 12:59:40.489 24574 24595 I art     : Explicit concurrent mark sweep GC freed 86(4KB) AllocSpace objects, 0(0B) LOS objects, 27% free, 41MB/57MB, paused 1.262ms total 53.785ms
08-06 12:59:40.504 24574 24595 I art     : Starting a blocking GC Explicit
08-06 12:59:40.557 24574 24595 I art     : Explicit concurrent mark sweep GC freed 27(1168B) AllocSpace objects, 0(0B) LOS objects, 27% free, 41MB/57MB, paused 1.442ms total 52.772ms
08-06 12:59:40.568 24574 24574 D PlaybackController: Releasing PlaybackController
08-06 12:59:40.891 24574 24611 I art     : Starting a blocking GC Explicit
08-06 12:59:40.950 24574 24611 I art     : Explicit concurrent mark sweep GC freed 1847(103KB) AllocSpace objects, 1(20KB) LOS objects, 27% free, 41MB/57MB, paused 1.323ms total 59.050ms
08-06 12:59:40.968 24574 24611 I art     : Starting a blocking GC Explicit
08-06 12:59:41.028 24574 24611 I art     : Explicit concurrent mark sweep GC freed 79(2576B) AllocSpace objects, 0(0B) LOS objects, 27% free, 41MB/57MB, paused 1.455ms total 59.733ms
08-06 12:59:41.045 24574 24611 I art     : Starting a blocking GC Explicit
08-06 12:59:41.107 24574 24611 I art     : Explicit concurrent mark sweep GC freed 3(96B) AllocSpace objects, 0(0B) LOS objects, 27% free, 41MB/57MB, paused 1.445ms total 62.600ms
08-06 12:59:41.127 24574 24611 I art     : Starting a blocking GC Explicit
08-06 12:59:41.187 24574 24611 I art     : Explicit concurrent mark sweep GC freed 3(96B) AllocSpace objects, 0(0B) LOS objects, 27% free, 41MB/57MB, paused 1.360ms total 59.650ms
08-06 12:59:41.204 24574 24611 I art     : Starting a blocking GC Explicit
08-06 12:59:41.265 24574 24611 I art     : Explicit concurrent mark sweep GC freed 3(96B) AllocSpace objects, 0(0B) LOS objects, 27% free, 41MB/57MB, paused 1.435ms total 61.477ms
08-06 12:59:41.600 24574 26013 I art     : Starting a blocking GC Explicit
08-06 12:59:41.662 24574 26013 I art     : Explicit concurrent mark sweep GC freed 1373(80KB) AllocSpace objects, 1(20KB) LOS objects, 27% free, 41MB/57MB, paused 1.439ms total 61.467ms
08-06 12:59:41.680 24574 26013 I art     : Starting a blocking GC Explicit
08-06 12:59:41.690   918  3261 D WifiStateMachine: starting scan for "H369AA63323"WPA_PSK with 2412,5180
08-06 12:59:41.733 24574 26013 I art     : Explicit concurrent mark sweep GC freed 36(1168B) AllocSpace objects, 0(0B) LOS objects, 27% free, 41MB/57MB, paused 1.187ms total 53.265ms
08-06 12:59:41.749 24574 26013 I art     : Starting a blocking GC Explicit
08-06 12:59:41.763   918  3261 D HS20    : HSNwk: 'NetworkInfo{mSSID='TMNL-DDF9E1', mHESSID=b8d526ddf9e1, mBSSID=b8d526ddf9e1, mStationCount=0, mChannelUtilization=46, mCapacity=31250, mAnt=Private, mInternet=false, mVenueGroup=Unspecified, mVenueType=ConventionCenter, mHSRelease=null, mAnqpDomainID=0, mAnqpOICount=0, mRoamingConsortiums=null}
08-06 12:59:41.801 24574 26013 I art     : Explicit concurrent mark sweep GC freed 20(640B) AllocSpace objects, 0(0B) LOS objects, 27% free, 41MB/57MB, paused 1.362ms total 52.031ms
08-06 12:59:41.818 24574 26013 I art     : Starting a blocking GC Explicit
08-06 12:59:41.875 24574 26013 I art     : Explicit concurrent mark sweep GC freed 22(704B) AllocSpace objects, 0(0B) LOS objects, 27% free, 41MB/57MB, paused 1.264ms total 56.937ms
08-06 12:59:41.892 24574 26013 I art     : Starting a blocking GC Explicit
08-06 12:59:41.951 24574 26013 I art     : Explicit concurrent mark sweep GC freed 39(1104B) AllocSpace objects, 0(0B) LOS objects, 27% free, 41MB/57MB, paused 1.221ms total 59.068ms
08-06 12:59:42.315 24574 24611 I art     : Starting a blocking GC Explicit
08-06 12:59:42.377 24574 24611 I art     : Explicit concurrent mark sweep GC freed 1372(80KB) AllocSpace objects, 1(20KB) LOS objects, 27% free, 41MB/57MB, paused 1.385ms total 61.743ms
08-06 12:59:42.397 24574 24611 I art     : Starting a blocking GC Explicit
08-06 12:59:42.460 24574 24611 I art     : Explicit concurrent mark sweep GC freed 23(752B) AllocSpace objects, 0(0B) LOS objects, 27% free, 41MB/57MB, paused 1.438ms total 62.244ms
08-06 12:59:42.478 24574 24611 I art     : Starting a blocking GC Explicit
08-06 12:59:42.542 24574 24611 I art     : Explicit concurrent mark sweep GC freed 3(96B) AllocSpace objects, 0(0B) LOS objects, 27% free, 41MB/57MB, paused 1.377ms total 63.851ms
08-06 12:59:42.560 24574 24611 I art     : Starting a blocking GC Explicit
08-06 12:59:42.625 24574 24611 I art     : Explicit concurrent mark sweep GC freed 3(96B) AllocSpace objects, 0(0B) LOS objects, 27% free, 41MB/57MB, paused 1.414ms total 64.610ms
08-06 12:59:42.642 24574 24611 I art     : Starting a blocking GC Explicit
08-06 12:59:42.713 24574 24611 I art     : Explicit concurrent mark sweep GC freed 3(96B) AllocSpace objects, 0(0B) LOS objects, 27% free, 41MB/57MB, paused 1.350ms total 70.301ms
08-06 12:59:43.080 24574 26013 I art     : Starting a blocking GC Explicit
08-06 12:59:43.152 24574 26013 I art     : Explicit concurrent mark sweep GC freed 1402(83KB) AllocSpace objects, 1(20KB) LOS objects, 27% free, 41MB/57MB, paused 1.440ms total 71.534ms
08-06 12:59:43.172 24574 26013 I art     : Starting a blocking GC Explicit
08-06 12:59:43.237 24574 26013 I art     : Explicit concurrent mark sweep GC freed 23(752B) AllocSpace objects, 0(0B) LOS objects, 27% free, 41MB/57MB, paused 1.390ms total 64.256ms
08-06 12:59:43.255 24574 26013 I art     : Starting a blocking GC Explicit
08-06 12:59:43.323 24574 26013 I art     : Explicit concurrent mark sweep GC freed 3(96B) AllocSpace objects, 0(0B) LOS objects, 27% free, 41MB/57MB, paused 1.354ms total 67.945ms
08-06 12:59:43.341 24574 26013 I art     : Starting a blocking GC Explicit
08-06 12:59:43.395 24574 26013 I art     : Explicit concurrent mark sweep GC freed 3(96B) AllocSpace objects, 0(0B) LOS objects, 27% free, 41MB/57MB, paused 1.260ms total 53.137ms
08-06 12:59:43.412 24574 26013 I art     : Starting a blocking GC Explicit
08-06 12:59:43.475 24574 26013 I art     : Explicit concurrent mark sweep GC freed 3(96B) AllocSpace objects, 0(0B) LOS objects, 27% free, 41MB/57MB, paused 1.410ms total 62.589ms
08-06 12:59:43.835 24574 24595 I art     : Starting a blocking GC Explicit
08-06 12:59:43.896 24574 24595 I art     : Explicit concurrent mark sweep GC freed 1402(82KB) AllocSpace objects, 1(20KB) LOS objects, 27% free, 41MB/57MB, paused 1.420ms total 60.752ms
08-06 12:59:43.918 24574 24595 I art     : Starting a blocking GC Explicit
08-06 12:59:43.981 24574 24595 I art     : Explicit concurrent mark sweep GC freed 23(752B) AllocSpace objects, 0(0B) LOS objects, 27% free, 41MB/57MB, paused 1.393ms total 62.760ms
08-06 12:59:43.999 24574 24595 I art     : Starting a blocking GC Explicit
08-06 12:59:44.059 24574 24595 I art     : Explicit concurrent mark sweep GC freed 3(96B) AllocSpace objects, 0(0B) LOS objects, 27% free, 41MB/57MB, paused 1.280ms total 60.102ms
08-06 12:59:44.076 24574 24595 I art     : Starting a blocking GC Explicit
08-06 12:59:44.129 24574 24595 I art     : Explicit concurrent mark sweep GC freed 3(96B) AllocSpace objects, 0(0B) LOS objects, 27% free, 41MB/57MB, paused 1.361ms total 53.340ms
08-06 12:59:44.146 24574 24595 I art     : Starting a blocking GC Explicit
08-06 12:59:44.202 24574 24595 I art     : Explicit concurrent mark sweep GC freed 3(96B) AllocSpace objects, 0(0B) LOS objects, 27% free, 41MB/57MB, paused 1.379ms total 55.536ms
08-06 12:59:44.553 24574 26013 I art     : Starting a blocking GC Explicit
08-06 12:59:44.569 27053 27053 D AndroidRuntime: >>>>>> START com.android.internal.os.RuntimeInit uid 2000 <<<<<<
08-06 12:59:44.575 27053 27053 D AndroidRuntime: CheckJNI is OFF
08-06 12:59:44.614 24574 26013 I art     : Explicit concurrent mark sweep GC freed 2075(106KB) AllocSpace objects, 1(20KB) LOS objects, 27% free, 41MB/57MB, paused 1.436ms total 61.191ms
08-06 12:59:44.623 27053 27053 D ICU     : No timezone override file found: /data/misc/zoneinfo/current/icu/icu_tzdata.dat
08-06 12:59:44.631 24574 26013 I art     : Starting a blocking GC Explicit
08-06 12:59:44.668 27053 27053 I Radio-JNI: register_android_hardware_Radio DONE
08-06 12:59:44.691 24574 26013 I art     : Explicit concurrent mark sweep GC freed 49(2928B) AllocSpace objects, 0(0B) LOS objects, 27% free, 41MB/57MB, paused 1.369ms total 59.729ms
08-06 12:59:44.699 27053 27053 D AndroidRuntime: Calling main entry com.android.commands.input.Input
08-06 12:59:44.701 27053 27053 I Input   : injectKeyEvent: KeyEvent { action=ACTION_DOWN, keyCode=KEYCODE_BACK, scanCode=0, metaState=0, flags=0x0, repeatCount=0, eventTime=882001114, downTime=882001114, deviceId=-1, source=0x101 }
08-06 12:59:44.708 24574 26013 I art     : Starting a blocking GC Explicit
08-06 12:59:44.713 27053 27053 I Input   : injectKeyEvent: KeyEvent { action=ACTION_UP, keyCode=KEYCODE_BACK, scanCode=0, metaState=0, flags=0x0, repeatCount=0, eventTime=882001114, downTime=882001114, deviceId=-1, source=0x101 }
08-06 12:59:44.719 27053 27053 D AndroidRuntime: Shutting down VM
08-06 12:59:44.724 24574 24574 V PlaybackController: initServiceNotRunning()
08-06 12:59:44.724 24574 24574 D ExternalPlayerFragment: Loading media info
08-06 12:59:44.727 24574 24574 D ItemlistFragment: onEventMainThread() called with: event = [DownloadEvent{update=DownloaderUpdate{downloaders=[], feedIds=[], mediaIds=[]}}]
08-06 12:59:44.730 24574 25523 D ApOkHttpUrlLoader: buildLoadData() called with: model = [http://static.libsyn.com/p/assets/7/1/f/3/71f3014e14ef2722/JREiTunesImage2.jpg], width = [1440], height = [462]
08-06 12:59:44.732 24574 24574 D UserPreferences: Using default data folder
08-06 12:59:44.733 24574 25139 D DBReader: getNavDrawerData() called with: 
08-06 12:59:44.734 24574 24613 D DBReader: getFeed() called with: feedId = [2]
08-06 12:59:44.735 24574 24613 D DBReader: getFeedItemList() called with: feed = [baseline.de.danoeh.antennapod.core.feed.Feed@2]
08-06 12:59:44.750 24574 24574 D FeedMenuHandler: Preparing options menu
08-06 12:59:44.765 24574 26013 I art     : Explicit concurrent mark sweep GC freed 1840(89KB) AllocSpace objects, 0(0B) LOS objects, 26% free, 44MB/60MB, paused 1.643ms total 56.635ms
08-06 12:59:44.769 24574 25139 D DBReader: getDownloadedItems() called
08-06 12:59:44.772 24574 25139 D DBReader: getFavoriteIDList() called
08-06 12:59:44.773 24574 25139 D DBReader: getQueueIDList() called
08-06 12:59:44.773 24574 25139 D DBReader: Extracting Feedlist
08-06 12:59:44.781 24574 26013 I art     : Starting a blocking GC Explicit
08-06 12:59:44.795 13866 13866 I GoogleInputMethodServic: GoogleInputMethodService.onFinishInput():3138 
08-06 12:59:44.796 13866 13866 I GoogleInputMethodServic: GoogleInputMethodService.onStartInput():1808 
08-06 12:59:44.797 13866 13866 I ShortcutsDataManager: AbstractContentDataManager.startImportContentTask():208 startImportContentTask()
08-06 12:59:44.798 13866 13938 I ShortcutsDataManager: AbstractContentDataManager$ImportContentTask.doInBackground():222 doInBackground()
08-06 12:59:44.798 13866 13938 I PersonalDictionaryDataH: PersonalDictionaryDataHandler.beginProcess():111 LanguageTags = [en-US]
08-06 12:59:44.810 13866 13938 I ShortcutsDataManager: AbstractContentDataManager.importRecords():312 importRecords() : Success : Count = 0
08-06 12:59:44.814 13866 13938 I ShortcutsDataManager: AbstractContentDataManager.importContentData():262 importContentData() : Ending import process
08-06 12:59:44.822 24574 24574 D MainActivity: getLastNavFragment() -> 2
08-06 12:59:44.844 24574 26013 I art     : Explicit concurrent mark sweep GC freed 2998(109KB) AllocSpace objects, 0(0B) LOS objects, 25% free, 45MB/61MB, paused 2.917ms total 63.030ms
08-06 12:59:44.849 13866 13938 I PersonalLanguageModelUp: PersonalLanguageModelUpdater$UpdateOperation.performInternal():160 run() : Added 0 words and 0 shortcuts
08-06 12:59:44.849 13866 13938 I DynamicLanguageModelOpe: DynamicLanguageModelOperation.perform():37 perform() : 4 : coc : Completed
08-06 12:59:44.849 13866 13950 I Delight5Decoder: Delight5DecoderWrapper.loadLanguageModel():578 loadLanguageModel() : 4, version [n/a]
08-06 12:59:44.849 13866 13866 I ShortcutsDataManager: AbstractContentDataManager$ImportContentTask.onPostExecute():233 onPostExecute() : Result = [2,0]
08-06 12:59:44.850 13866 13866 I ShortcutsDataManager: ShortcutsDataManager.onImportFinished():99 onImportFinished() : Result = 2 : Count = 0
08-06 12:59:44.851 13866 13950 I Delight5Decoder: Delight5DecoderWrapper.loadLanguageModel():616 Loaded dynamic LM 4.en
08-06 12:59:44.855 24574 24613 W PodDBAdapter: Length of id array is larger than 800. Creating multiple cursors
08-06 12:59:44.861 24574 26013 I art     : Starting a blocking GC Explicit
08-06 12:59:44.920 24574 26013 I art     : Explicit concurrent mark sweep GC freed 3028(260KB) AllocSpace objects, 1(16KB) LOS objects, 25% free, 46MB/62MB, paused 1.569ms total 57.616ms
08-06 12:59:44.946 24574 24613 D DBReader: getFavoriteIDList() called
08-06 12:59:44.947 24574 24613 D DBReader: getQueueIDList() called
08-06 12:59:44.948 24574 24613 D DBReader: Extracting Feedlist
08-06 12:59:44.951 24574 25523 D ApOkHttpUrlLoader: buildLoadData() called with: model = [http://static.libsyn.com/p/assets/7/1/f/3/71f3014e14ef2722/JREiTunesImage2.jpg], width = [1440], height = [462]
08-06 12:59:44.962 24574 24574 D FeedMenuHandler: Preparing options menu
08-06 12:59:45.105   380   380 W SurfaceFlinger: couldn't log to binary event log: overflow.
08-06 12:59:45.230 24574 24595 I art     : Starting a blocking GC Explicit
08-06 12:59:45.300 24574 24595 I art     : Explicit concurrent mark sweep GC freed 36883(2MB) AllocSpace objects, 2(36KB) LOS objects, 25% free, 47MB/63MB, paused 1.408ms total 69.699ms
08-06 12:59:45.301 24574 24592 I art     : WaitForGcToComplete blocked for 35.105ms for cause HeapTrim
08-06 12:59:45.317 24574 24595 I art     : Starting a blocking GC Explicit
08-06 12:59:45.367 24574 24595 I art     : Explicit concurrent mark sweep GC freed 35943(2MB) AllocSpace objects, 44(2MB) LOS objects, 27% free, 42MB/58MB, paused 1.276ms total 50.114ms
08-06 12:59:45.382 24574 24595 I art     : Starting a blocking GC Explicit
08-06 12:59:45.428 24574 24595 I art     : Explicit concurrent mark sweep GC freed 3(96B) AllocSpace objects, 0(0B) LOS objects, 27% free, 42MB/58MB, paused 1.398ms total 45.595ms
08-06 12:59:45.442 24574 24595 I art     : Starting a blocking GC Explicit
08-06 12:59:45.486 24574 24595 I art     : Explicit concurrent mark sweep GC freed 3(96B) AllocSpace objects, 0(0B) LOS objects, 27% free, 42MB/58MB, paused 1.262ms total 43.296ms
08-06 12:59:45.500 24574 24595 I art     : Starting a blocking GC Explicit
08-06 12:59:45.548 24574 24595 I art     : Explicit concurrent mark sweep GC freed 3(96B) AllocSpace objects, 0(0B) LOS objects, 27% free, 42MB/58MB, paused 1.382ms total 47.761ms
08-06 12:59:45.885 24574 26013 I art     : Starting a blocking GC Explicit
08-06 12:59:45.943 24574 26013 I art     : Explicit concurrent mark sweep GC freed 1403(82KB) AllocSpace objects, 1(20KB) LOS objects, 27% free, 42MB/58MB, paused 1.369ms total 58.316ms
08-06 12:59:45.964 24574 26013 I art     : Starting a blocking GC Explicit
08-06 12:59:46.008 24574 26013 I art     : Explicit concurrent mark sweep GC freed 23(752B) AllocSpace objects, 0(0B) LOS objects, 27% free, 42MB/58MB, paused 1.333ms total 44.207ms
08-06 12:59:46.023 24574 26013 I art     : Starting a blocking GC Explicit
08-06 12:59:46.068 24574 26013 I art     : Explicit concurrent mark sweep GC freed 3(96B) AllocSpace objects, 0(0B) LOS objects, 27% free, 42MB/58MB, paused 1.352ms total 45.697ms
08-06 12:59:46.083 24574 26013 I art     : Starting a blocking GC Explicit
08-06 12:59:46.128 24574 26013 I art     : Explicit concurrent mark sweep GC freed 3(96B) AllocSpace objects, 0(0B) LOS objects, 27% free, 42MB/58MB, paused 1.409ms total 45.102ms
08-06 12:59:46.142 24574 26013 I art     : Starting a blocking GC Explicit
08-06 12:59:46.188 24574 26013 I art     : Explicit concurrent mark sweep GC freed 3(96B) AllocSpace objects, 0(0B) LOS objects, 27% free, 42MB/58MB, paused 1.349ms total 46.019ms
08-06 12:59:46.511 27096 27096 D AndroidRuntime: >>>>>> START com.android.internal.os.RuntimeInit uid 2000 <<<<<<
08-06 12:59:46.518 27096 27096 D AndroidRuntime: CheckJNI is OFF
08-06 12:59:46.529 24574 24611 I art     : Starting a blocking GC Explicit
08-06 12:59:46.563 27096 27096 D ICU     : No timezone override file found: /data/misc/zoneinfo/current/icu/icu_tzdata.dat
08-06 12:59:46.578 24574 24611 I art     : Explicit concurrent mark sweep GC freed 1396(83KB) AllocSpace objects, 1(20KB) LOS objects, 27% free, 42MB/58MB, paused 1.795ms total 49.415ms
08-06 12:59:46.593 24574 24611 I art     : Starting a blocking GC Explicit
08-06 12:59:46.611 27096 27096 I Radio-JNI: register_android_hardware_Radio DONE
08-06 12:59:46.637 24574 24611 I art     : Explicit concurrent mark sweep GC freed 30(976B) AllocSpace objects, 0(0B) LOS objects, 27% free, 42MB/58MB, paused 1.359ms total 44.030ms
08-06 12:59:46.641 27096 27096 D AndroidRuntime: Calling main entry com.android.commands.input.Input
08-06 12:59:46.643 27096 27096 I Input   : injectMotionEvent: MotionEvent { action=ACTION_DOWN, actionButton=0, id[0]=0, x[0]=1372.0, y[0]=384.0, toolType[0]=TOOL_TYPE_UNKNOWN, buttonState=0, metaState=0, flags=0x0, edgeFlags=0x0, pointerCount=1, historySize=0, eventTime=882003055, downTime=882003055, deviceId=0, source=0x1002 }
08-06 12:59:46.648 27096 27096 I Input   : injectMotionEvent: MotionEvent { action=ACTION_UP, actionButton=0, id[0]=0, x[0]=1372.0, y[0]=384.0, toolType[0]=TOOL_TYPE_UNKNOWN, buttonState=0, metaState=0, flags=0x0, edgeFlags=0x0, pointerCount=1, historySize=0, eventTime=882003055, downTime=882003055, deviceId=0, source=0x1002 }
08-06 12:59:46.650 27096 27096 D AndroidRuntime: Shutting down VM
08-06 12:59:46.651 24574 24611 I art     : Starting a blocking GC Explicit
08-06 12:59:46.656   918  6111 I ActivityManager: START u0 {cmp=baseline.de.danoeh.antennapod.debug/baseline.de.danoeh.antennapod.activity.FeedInfoActivity (has extras)} from uid 10711 on display 0
08-06 12:59:46.657   512  2967 D audio_hw_primary: out_set_parameters: enter: usecase(1: low-latency-playback) kvpairs: routing=2
08-06 12:59:46.670   512  2967 D audio_hw_primary: select_devices: out_snd_device(2: speaker) in_snd_device(0: none)
08-06 12:59:46.670   512  2967 D msm8974_platform: platform_send_audio_calibration: sending audio calibration for snd_device(2) acdb_id(15)
08-06 12:59:46.671   512  2967 I soundtrigger: audio_extn_sound_trigger_update_device_status: device 0x2 of type 0 for Event 1
08-06 12:59:46.680   512  2967 D audio_hw_primary: enable_snd_device: snd_device(2: speaker)
08-06 12:59:46.682   512  2967 D audio_hw_primary: enable_audio_route: apply and update mixer path: low-latency-playback speaker
08-06 12:59:46.699 24574 24611 I art     : Explicit concurrent mark sweep GC freed 619(44KB) AllocSpace objects, 0(0B) LOS objects, 27% free, 42MB/58MB, paused 2.227ms total 47.806ms
08-06 12:59:46.712 24574 24605 D DBReader: getFeed() called with: feedId = [2]
08-06 12:59:46.714 24574 24605 D DBReader: getFeedItemList() called with: feed = [baseline.de.danoeh.antennapod.core.feed.Feed@2]
08-06 12:59:46.714 24574 24611 I art     : Starting a blocking GC Explicit
08-06 12:59:46.722 24574 24574 D androidx.gridlayout.widget.GridLayout: horizontal constraints: x2-x0>=1328, x2-x1<=0, x1-x0<=242 are inconsistent; permanently removing: x2-x1<=0. 
08-06 12:59:46.722 24574 24574 D androidx.gridlayout.widget.GridLayout: vertical constraints: y3-y2>=80, y3-y2<=66, y2-y1<=94, y1-y0<=94 are inconsistent; permanently removing: y3-y2<=66. 
08-06 12:59:46.763 24574 24611 I art     : Explicit concurrent mark sweep GC freed 2961(134KB) AllocSpace objects, 0(0B) LOS objects, 26% free, 43MB/59MB, paused 1.744ms total 48.722ms
08-06 12:59:46.777 24574 24611 I art     : Starting a blocking GC Explicit
08-06 12:59:46.805   918   936 I ActivityManager: Displayed baseline.de.danoeh.antennapod.debug/baseline.de.danoeh.antennapod.activity.FeedInfoActivity: +135ms
08-06 12:59:46.806 13866 13866 I GoogleInputMethodServic: GoogleInputMethodService.onFinishInput():3138 
08-06 12:59:46.812 13866 13866 I GoogleInputMethodServic: GoogleInputMethodService.onStartInput():1808 
08-06 12:59:46.818 24574 24605 W PodDBAdapter: Length of id array is larger than 800. Creating multiple cursors
08-06 12:59:46.833 24574 24611 I art     : Explicit concurrent mark sweep GC freed 3069(202KB) AllocSpace objects, 1(16KB) LOS objects, 26% free, 44MB/60MB, paused 1.690ms total 55.213ms
08-06 12:59:46.833 24574 24606 D OpenGLRenderer: endAllStagingAnimators on 0x7f7dd90c00 (RippleDrawable) with handle 0x7f7a8f7220
08-06 12:59:46.909 24574 24574 D FeedInfoActivity: Language is en
08-06 12:59:46.910 24574 24574 D FeedInfoActivity: Author is Joe Rogan
08-06 12:59:46.910 24574 24574 D FeedInfoActivity: URL is http://joeroganexp.joerogan.libsynpro.com/rss
08-06 12:59:46.914 24574 25523 D ApOkHttpUrlLoader: buildLoadData() called with: model = [http://static.libsyn.com/p/assets/7/1/f/3/71f3014e14ef2722/JREiTunesImage2.jpg], width = [1440], height = [462]
08-06 12:59:46.925   918  3696 W IntentResolver: resolveIntent: multiple matches, only some with CATEGORY_DEFAULT
08-06 12:59:46.932 24574 24574 D androidx.gridlayout.widget.GridLayout: horizontal constraints: x2-x0>=1328, x2-x1<=232, x1-x0<=242 are inconsistent; permanently removing: x2-x1<=232. 
08-06 12:59:46.933 24574 24574 D androidx.gridlayout.widget.GridLayout: vertical constraints: y3-y2>=80, y3-y2<=66, y2-y1<=94, y1-y0<=94 are inconsistent; permanently removing: y3-y2<=66. 
08-06 12:59:47.057   380   380 W SurfaceFlinger: couldn't log to binary event log: overflow.
08-06 12:59:47.149 24574 24594 I art     : Starting a blocking GC Explicit
08-06 12:59:47.208 24574 24594 I art     : Explicit concurrent mark sweep GC freed 9113(298KB) AllocSpace objects, 2(36KB) LOS objects, 25% free, 47MB/63MB, paused 1.428ms total 58.318ms
08-06 12:59:47.208 24574 24574 D PlaybackController: Releasing PlaybackController
08-06 12:59:47.225 24574 24594 I art     : Starting a blocking GC Explicit
08-06 12:59:47.228   512  2967 D audio_hw_primary: disable_audio_route: reset and update mixer path: low-latency-playback speaker
08-06 12:59:47.229   512  2967 D audio_hw_primary: disable_snd_device: snd_device(2: speaker)
08-06 12:59:47.237   512  2967 I soundtrigger: audio_extn_sound_trigger_update_device_status: device 0x2 of type 0 for Event 0
08-06 12:59:47.276 24574 24594 I art     : Explicit concurrent mark sweep GC freed 669(41KB) AllocSpace objects, 0(0B) LOS objects, 25% free, 47MB/63MB, paused 1.206ms total 50.869ms
08-06 12:59:47.292 24574 24594 I art     : Starting a blocking GC Explicit
08-06 12:59:47.350 24574 24594 I art     : Explicit concurrent mark sweep GC freed 27(896B) AllocSpace objects, 0(0B) LOS objects, 25% free, 47MB/63MB, paused 1.321ms total 58.178ms
08-06 12:59:47.367 24574 24594 I art     : Starting a blocking GC Explicit
08-06 12:59:47.426 24574 24594 I art     : Explicit concurrent mark sweep GC freed 3(96B) AllocSpace objects, 0(0B) LOS objects, 25% free, 47MB/63MB, paused 1.307ms total 58.397ms
08-06 12:59:47.442 24574 24594 I art     : Starting a blocking GC Explicit
08-06 12:59:47.501 24574 24594 I art     : Explicit concurrent mark sweep GC freed 3(96B) AllocSpace objects, 0(0B) LOS objects, 25% free, 47MB/63MB, paused 1.376ms total 58.123ms
08-06 12:59:47.839 24574 24595 I art     : Starting a blocking GC Explicit
08-06 12:59:47.909 24574 24595 I art     : Explicit concurrent mark sweep GC freed 1402(81KB) AllocSpace objects, 1(20KB) LOS objects, 25% free, 47MB/63MB, paused 1.502ms total 69.947ms
08-06 12:59:47.930 24574 24595 I art     : Starting a blocking GC Explicit
08-06 12:59:47.988 24574 24595 I art     : Explicit concurrent mark sweep GC freed 23(752B) AllocSpace objects, 0(0B) LOS objects, 25% free, 47MB/63MB, paused 1.422ms total 58.061ms
08-06 12:59:48.005 24574 24595 I art     : Starting a blocking GC Explicit
08-06 12:59:48.063 24574 24595 I art     : Explicit concurrent mark sweep GC freed 3(96B) AllocSpace objects, 0(0B) LOS objects, 25% free, 47MB/63MB, paused 1.328ms total 58.156ms
08-06 12:59:48.080 24574 24595 I art     : Starting a blocking GC Explicit
08-06 12:59:48.137 24574 24595 I art     : Explicit concurrent mark sweep GC freed 3(96B) AllocSpace objects, 0(0B) LOS objects, 25% free, 47MB/63MB, paused 1.539ms total 57.323ms
08-06 12:59:48.154 24574 24595 I art     : Starting a blocking GC Explicit
08-06 12:59:48.211 24574 24595 I art     : Explicit concurrent mark sweep GC freed 3(96B) AllocSpace objects, 0(0B) LOS objects, 25% free, 47MB/63MB, paused 1.307ms total 56.325ms
08-06 12:59:48.551 24574 24594 I art     : Starting a blocking GC Explicit
08-06 12:59:48.612 24574 24594 I art     : Explicit concurrent mark sweep GC freed 1402(83KB) AllocSpace objects, 1(20KB) LOS objects, 25% free, 47MB/63MB, paused 1.255ms total 61.266ms
08-06 12:59:48.629 24574 24594 I art     : Starting a blocking GC Explicit
08-06 12:59:48.689 24574 24594 I art     : Explicit concurrent mark sweep GC freed 23(752B) AllocSpace objects, 0(0B) LOS objects, 25% free, 47MB/63MB, paused 1.269ms total 59.511ms
08-06 12:59:48.707 24574 24594 I art     : Starting a blocking GC Explicit
08-06 12:59:48.772 24574 24594 I art     : Explicit concurrent mark sweep GC freed 3(96B) AllocSpace objects, 0(0B) LOS objects, 25% free, 47MB/63MB, paused 1.279ms total 64.844ms
08-06 12:59:48.789 24574 24594 I art     : Starting a blocking GC Explicit
08-06 12:59:48.853 24574 24594 I art     : Explicit concurrent mark sweep GC freed 3(96B) AllocSpace objects, 0(0B) LOS objects, 25% free, 47MB/63MB, paused 1.356ms total 64.366ms
08-06 12:59:48.870 24574 24594 I art     : Starting a blocking GC Explicit
08-06 12:59:48.937 24574 24594 I art     : Explicit concurrent mark sweep GC freed 32(880B) AllocSpace objects, 0(0B) LOS objects, 25% free, 47MB/63MB, paused 1.428ms total 66.172ms
08-06 12:59:49.302 24574 24611 I art     : Starting a blocking GC Explicit
08-06 12:59:49.361 24574 24611 I art     : Explicit concurrent mark sweep GC freed 1372(80KB) AllocSpace objects, 1(20KB) LOS objects, 25% free, 47MB/63MB, paused 1.382ms total 58.546ms
08-06 12:59:49.378 24574 24611 I art     : Starting a blocking GC Explicit
08-06 12:59:49.444 24574 24611 I art     : Explicit concurrent mark sweep GC freed 23(752B) AllocSpace objects, 0(0B) LOS objects, 25% free, 47MB/63MB, paused 1.353ms total 64.860ms
08-06 12:59:49.465 24574 24611 I art     : Starting a blocking GC Explicit
08-06 12:59:49.527 24574 24611 I art     : Explicit concurrent mark sweep GC freed 3(96B) AllocSpace objects, 0(0B) LOS objects, 25% free, 47MB/63MB, paused 1.416ms total 61.765ms
08-06 12:59:49.544 24574 24611 I art     : Starting a blocking GC Explicit
08-06 12:59:49.608 24574 24611 I art     : Explicit concurrent mark sweep GC freed 3(96B) AllocSpace objects, 0(0B) LOS objects, 25% free, 47MB/63MB, paused 1.420ms total 63.734ms
08-06 12:59:49.625 24574 24611 I art     : Starting a blocking GC Explicit
08-06 12:59:49.689 24574 24611 I art     : Explicit concurrent mark sweep GC freed 3(96B) AllocSpace objects, 0(0B) LOS objects, 25% free, 47MB/63MB, paused 1.400ms total 63.444ms
08-06 12:59:50.033 24574 26013 I art     : Starting a blocking GC Explicit
08-06 12:59:50.120 24574 26013 I art     : Explicit concurrent mark sweep GC freed 1402(83KB) AllocSpace objects, 1(20KB) LOS objects, 25% free, 47MB/63MB, paused 1.747ms total 86.841ms
08-06 12:59:50.139 24574 26013 I art     : Starting a blocking GC Explicit
08-06 12:59:50.189 24574 26013 I art     : Explicit concurrent mark sweep GC freed 23(752B) AllocSpace objects, 0(0B) LOS objects, 25% free, 47MB/63MB, paused 1.157ms total 49.905ms
08-06 12:59:50.204 24574 26013 I art     : Starting a blocking GC Explicit
08-06 12:59:50.252 24574 26013 I art     : Explicit concurrent mark sweep GC freed 3(96B) AllocSpace objects, 0(0B) LOS objects, 25% free, 47MB/63MB, paused 1.161ms total 47.552ms
08-06 12:59:50.267 24574 26013 I art     : Starting a blocking GC Explicit
08-06 12:59:50.315 24574 26013 I art     : Explicit concurrent mark sweep GC freed 3(96B) AllocSpace objects, 0(0B) LOS objects, 25% free, 47MB/63MB, paused 1.174ms total 48.056ms
08-06 12:59:50.330 24574 26013 I art     : Starting a blocking GC Explicit
08-06 12:59:50.379 24574 26013 I art     : Explicit concurrent mark sweep GC freed 3(96B) AllocSpace objects, 0(0B) LOS objects, 25% free, 47MB/63MB, paused 1.206ms total 48.025ms
08-06 12:59:50.379 24574 24592 I art     : WaitForGcToComplete blocked for 11.137ms for cause HeapTrim
08-06 12:59:50.737 24574 24594 I art     : Starting a blocking GC Explicit
08-06 12:59:50.816 24574 24594 I art     : Explicit concurrent mark sweep GC freed 1373(81KB) AllocSpace objects, 1(20KB) LOS objects, 25% free, 47MB/63MB, paused 1.330ms total 78.766ms
08-06 12:59:50.838 24574 24594 I art     : Starting a blocking GC Explicit
08-06 12:59:50.902 24574 24594 I art     : Explicit concurrent mark sweep GC freed 56(1696B) AllocSpace objects, 0(0B) LOS objects, 25% free, 47MB/63MB, paused 1.262ms total 64.146ms
08-06 12:59:50.920 24574 24594 I art     : Starting a blocking GC Explicit
08-06 12:59:50.973 24574 24594 I art     : Explicit concurrent mark sweep GC freed 3(96B) AllocSpace objects, 0(0B) LOS objects, 25% free, 47MB/63MB, paused 1.392ms total 53.271ms
08-06 12:59:50.989 24574 24594 I art     : Starting a blocking GC Explicit
08-06 12:59:51.045 24574 24594 I art     : Explicit concurrent mark sweep GC freed 3(96B) AllocSpace objects, 0(0B) LOS objects, 25% free, 47MB/63MB, paused 1.295ms total 55.074ms
08-06 12:59:51.061 24574 24594 I art     : Starting a blocking GC Explicit
08-06 12:59:51.122 24574 24594 I art     : Explicit concurrent mark sweep GC freed 3(96B) AllocSpace objects, 0(0B) LOS objects, 25% free, 47MB/63MB, paused 1.338ms total 60.943ms
08-06 12:59:51.438 27180 27180 D AndroidRuntime: >>>>>> START com.android.internal.os.RuntimeInit uid 2000 <<<<<<
08-06 12:59:51.445 27180 27180 D AndroidRuntime: CheckJNI is OFF
08-06 12:59:51.487 24574 24611 I art     : Starting a blocking GC Explicit
08-06 12:59:51.495 27180 27180 D ICU     : No timezone override file found: /data/misc/zoneinfo/current/icu/icu_tzdata.dat
08-06 12:59:51.545 27180 27180 I Radio-JNI: register_android_hardware_Radio DONE
08-06 12:59:51.552 24574 24611 I art     : Explicit concurrent mark sweep GC freed 2075(106KB) AllocSpace objects, 1(20KB) LOS objects, 25% free, 47MB/63MB, paused 1.416ms total 64.509ms
08-06 12:59:51.569 24574 24611 I art     : Starting a blocking GC Explicit
08-06 12:59:51.576 27180 27180 D AndroidRuntime: Calling main entry com.android.commands.input.Input
08-06 12:59:51.578 27180 27180 I Input   : injectKeyEvent: KeyEvent { action=ACTION_DOWN, keyCode=KEYCODE_BACK, scanCode=0, metaState=0, flags=0x0, repeatCount=0, eventTime=882007991, downTime=882007991, deviceId=-1, source=0x101 }
08-06 12:59:51.585 27180 27180 I Input   : injectKeyEvent: KeyEvent { action=ACTION_UP, keyCode=KEYCODE_BACK, scanCode=0, metaState=0, flags=0x0, repeatCount=0, eventTime=882007991, downTime=882007991, deviceId=-1, source=0x101 }
08-06 12:59:51.592 27180 27180 D AndroidRuntime: Shutting down VM
08-06 12:59:51.597 24574 24574 V PlaybackController: initServiceNotRunning()
08-06 12:59:51.597 24574 24574 D ExternalPlayerFragment: Loading media info
08-06 12:59:51.601 24574 24574 D ItemlistFragment: onEventMainThread() called with: event = [DownloadEvent{update=DownloaderUpdate{downloaders=[], feedIds=[], mediaIds=[]}}]
08-06 12:59:51.602 24574 25523 D ApOkHttpUrlLoader: buildLoadData() called with: model = [http://static.libsyn.com/p/assets/7/1/f/3/71f3014e14ef2722/JREiTunesImage2.jpg], width = [1440], height = [462]
08-06 12:59:51.606 24574 24574 D UserPreferences: Using default data folder
08-06 12:59:51.607 24574 24605 D DBReader: getNavDrawerData() called with: 
08-06 12:59:51.608 24574 25139 D DBReader: getFeed() called with: feedId = [2]
08-06 12:59:51.610 24574 25139 D DBReader: getFeedItemList() called with: feed = [baseline.de.danoeh.antennapod.core.feed.Feed@2]
08-06 12:59:51.619 24574 24574 D FeedMenuHandler: Preparing options menu
08-06 12:59:51.628 24574 24611 I art     : Explicit concurrent mark sweep GC freed 1757(86KB) AllocSpace objects, 0(0B) LOS objects, 24% free, 49MB/65MB, paused 1.982ms total 57.883ms
08-06 12:59:51.644 24574 24611 I art     : Starting a blocking GC Explicit
08-06 12:59:51.647 24574 24605 D DBReader: getDownloadedItems() called
08-06 12:59:51.649 24574 24605 D DBReader: getFavoriteIDList() called
08-06 12:59:51.651 24574 24605 D DBReader: getQueueIDList() called
08-06 12:59:51.651 24574 24605 D DBReader: Extracting Feedlist
08-06 12:59:51.700 24574 24611 I art     : Explicit concurrent mark sweep GC freed 2207(85KB) AllocSpace objects, 0(0B) LOS objects, 23% free, 50MB/66MB, paused 2.486ms total 56.233ms
08-06 12:59:51.701 24574 24574 D MainActivity: getLastNavFragment() -> 2
08-06 12:59:51.701 13866 13866 I GoogleInputMethodServic: GoogleInputMethodService.onFinishInput():3138 
08-06 12:59:51.702 13866 13866 I GoogleInputMethodServic: GoogleInputMethodService.onStartInput():1808 
08-06 12:59:51.716 24574 24611 I art     : Starting a blocking GC Explicit
08-06 12:59:51.733 24574 25139 W PodDBAdapter: Length of id array is larger than 800. Creating multiple cursors
08-06 12:59:51.775 24574 24611 I art     : Explicit concurrent mark sweep GC freed 3791(290KB) AllocSpace objects, 1(16KB) LOS objects, 23% free, 51MB/67MB, paused 1.516ms total 58.223ms
08-06 12:59:51.793 24574 24611 I art     : Starting a blocking GC Explicit
08-06 12:59:51.826 24574 25139 D DBReader: getFavoriteIDList() called
08-06 12:59:51.827 24574 25139 D DBReader: getQueueIDList() called
08-06 12:59:51.829 24574 25139 D DBReader: Extracting Feedlist
08-06 12:59:51.834 24574 25523 D ApOkHttpUrlLoader: buildLoadData() called with: model = [http://static.libsyn.com/p/assets/7/1/f/3/71f3014e14ef2722/JREiTunesImage2.jpg], width = [1440], height = [462]
08-06 12:59:51.856 24574 24611 I art     : Explicit concurrent mark sweep GC freed 32292(2035KB) AllocSpace objects, 0(0B) LOS objects, 23% free, 52MB/68MB, paused 2.877ms total 63.087ms
08-06 12:59:51.864 24574 24574 D FeedMenuHandler: Preparing options menu
08-06 12:59:51.977   380   380 W SurfaceFlinger: couldn't log to binary event log: overflow.
08-06 12:59:52.158 24574 26013 I art     : Starting a blocking GC Explicit
08-06 12:59:52.226 24574 26013 I art     : Explicit concurrent mark sweep GC freed 4827(223KB) AllocSpace objects, 2(36KB) LOS objects, 23% free, 52MB/68MB, paused 1.395ms total 66.834ms
08-06 12:59:52.247 24574 26013 I art     : Starting a blocking GC Explicit
08-06 12:59:52.298 24574 26013 I art     : Explicit concurrent mark sweep GC freed 30290(2MB) AllocSpace objects, 3(84KB) LOS objects, 24% free, 50MB/66MB, paused 1.311ms total 50.170ms
08-06 12:59:52.312 24574 26013 I art     : Starting a blocking GC Explicit
08-06 12:59:52.357 24574 26013 I art     : Explicit concurrent mark sweep GC freed 3(96B) AllocSpace objects, 0(0B) LOS objects, 24% free, 50MB/66MB, paused 1.405ms total 44.293ms
08-06 12:59:52.371 24574 26013 I art     : Starting a blocking GC Explicit
08-06 12:59:52.420 24574 26013 I art     : Explicit concurrent mark sweep GC freed 3(96B) AllocSpace objects, 0(0B) LOS objects, 24% free, 50MB/66MB, paused 1.302ms total 48.192ms
08-06 12:59:52.434 24574 26013 I art     : Starting a blocking GC Explicit
08-06 12:59:52.482 24574 26013 I art     : Explicit concurrent mark sweep GC freed 3(96B) AllocSpace objects, 0(0B) LOS objects, 24% free, 50MB/66MB, paused 1.302ms total 48.040ms
08-06 12:59:52.817 24574 24594 I art     : Starting a blocking GC Explicit
08-06 12:59:52.868 24574 24594 I art     : Explicit concurrent mark sweep GC freed 1374(81KB) AllocSpace objects, 1(20KB) LOS objects, 24% free, 50MB/66MB, paused 1.340ms total 50.451ms
08-06 12:59:52.882 24574 24594 I art     : Starting a blocking GC Explicit
08-06 12:59:52.926 24574 24594 I art     : Explicit concurrent mark sweep GC freed 52(1536B) AllocSpace objects, 0(0B) LOS objects, 24% free, 50MB/66MB, paused 1.212ms total 43.911ms
08-06 12:59:52.930   918  3188 I hubconnection: sensorhub said: 'set_bias 3: -5.9040, 0.0000, 0.0000'
08-06 12:59:52.940 24574 24594 I art     : Starting a blocking GC Explicit
08-06 12:59:52.985 24574 24594 I art     : Explicit concurrent mark sweep GC freed 3(96B) AllocSpace objects, 0(0B) LOS objects, 24% free, 50MB/66MB, paused 1.295ms total 44.440ms
08-06 12:59:52.999 24574 24594 I art     : Starting a blocking GC Explicit
08-06 12:59:53.044 24574 24594 I art     : Explicit concurrent mark sweep GC freed 3(96B) AllocSpace objects, 0(0B) LOS objects, 24% free, 50MB/66MB, paused 1.227ms total 44.961ms
08-06 12:59:53.059 24574 24594 I art     : Starting a blocking GC Explicit
08-06 12:59:53.105 24574 24594 I art     : Explicit concurrent mark sweep GC freed 3(96B) AllocSpace objects, 0(0B) LOS objects, 24% free, 50MB/66MB, paused 1.306ms total 45.436ms
08-06 12:59:53.378 27223 27223 D AndroidRuntime: >>>>>> START com.android.internal.os.RuntimeInit uid 2000 <<<<<<
08-06 12:59:53.384 27223 27223 D AndroidRuntime: CheckJNI is OFF
08-06 12:59:53.425 27223 27223 D ICU     : No timezone override file found: /data/misc/zoneinfo/current/icu/icu_tzdata.dat
08-06 12:59:53.463 24574 24595 I art     : Starting a blocking GC Explicit
08-06 12:59:53.465 27223 27223 I Radio-JNI: register_android_hardware_Radio DONE
08-06 12:59:53.495 27223 27223 D AndroidRuntime: Calling main entry com.android.commands.input.Input
08-06 12:59:53.498 27223 27223 I Input   : injectMotionEvent: MotionEvent { action=ACTION_DOWN, actionButton=0, id[0]=0, x[0]=733.0, y[0]=896.0, toolType[0]=TOOL_TYPE_UNKNOWN, buttonState=0, metaState=0, flags=0x0, edgeFlags=0x0, pointerCount=1, historySize=0, eventTime=882009910, downTime=882009910, deviceId=0, source=0x1002 }
08-06 12:59:53.502 27223 27223 I Input   : injectMotionEvent: MotionEvent { action=ACTION_UP, actionButton=0, id[0]=0, x[0]=733.0, y[0]=896.0, toolType[0]=TOOL_TYPE_UNKNOWN, buttonState=0, metaState=0, flags=0x0, edgeFlags=0x0, pointerCount=1, historySize=0, eventTime=882009910, downTime=882009910, deviceId=0, source=0x1002 }
08-06 12:59:53.504 27223 27223 D AndroidRuntime: Shutting down VM
08-06 12:59:53.510 24574 24595 I art     : Explicit concurrent mark sweep GC freed 1418(83KB) AllocSpace objects, 1(20KB) LOS objects, 24% free, 50MB/66MB, paused 1.505ms total 46.182ms
08-06 12:59:53.526 24574 24595 I art     : Starting a blocking GC Explicit
08-06 12:59:53.570 24574 24595 I art     : Explicit concurrent mark sweep GC freed 30(1040B) AllocSpace objects, 0(0B) LOS objects, 24% free, 50MB/66MB, paused 1.384ms total 44.271ms
08-06 12:59:53.572   512  2967 D audio_hw_primary: out_set_parameters: enter: usecase(1: low-latency-playback) kvpairs: routing=2
08-06 12:59:53.585   512  2967 D audio_hw_primary: select_devices: out_snd_device(2: speaker) in_snd_device(0: none)
08-06 12:59:53.585 24574 24595 I art     : Starting a blocking GC Explicit
08-06 12:59:53.585   512  2967 D msm8974_platform: platform_send_audio_calibration: sending audio calibration for snd_device(2) acdb_id(15)
08-06 12:59:53.586   512  2967 I soundtrigger: audio_extn_sound_trigger_update_device_status: device 0x2 of type 0 for Event 1
08-06 12:59:53.597   512  2967 D audio_hw_primary: enable_snd_device: snd_device(2: speaker)
08-06 12:59:53.601   512  2967 D audio_hw_primary: enable_audio_route: apply and update mixer path: low-latency-playback speaker
08-06 12:59:53.602 24574 24574 I WebViewFactory: Loading com.google.android.webview version 84.0.4147.89 (code 414708953)
08-06 12:59:53.634 24574 24595 I art     : Explicit concurrent mark sweep GC freed 983(60KB) AllocSpace objects, 0(0B) LOS objects, 24% free, 50MB/66MB, paused 1.525ms total 48.629ms
08-06 12:59:53.654 24574 24595 I art     : Starting a blocking GC Explicit
08-06 12:59:53.701 24574 24595 I art     : Explicit concurrent mark sweep GC freed 3426(299KB) AllocSpace objects, 1(20KB) LOS objects, 23% free, 51MB/67MB, paused 2.130ms total 46.662ms
08-06 12:59:53.705 24574 24574 I cr_LibraryLoader: Loaded native library version number "84.0.4147.89"
08-06 12:59:53.706 24574 24574 I cr_CachingUmaRecorder: Flushed 5 samples from 5 histograms.
08-06 12:59:53.715 24574 24595 I art     : Starting a blocking GC Explicit
08-06 12:59:53.750 24574 24574 E chromium: [ERROR:filesystem_posix.cc(62)] mkdir /data/user/0/baseline.de.danoeh.antennapod.debug/cache/WebView/Crashpad: No such file or directory (2)
08-06 12:59:53.763 24574 24595 I art     : Explicit concurrent mark sweep GC freed 1414(181KB) AllocSpace objects, 1(20KB) LOS objects, 23% free, 51MB/67MB, paused 2.053ms total 48.131ms
08-06 12:59:53.851   918  4413 D ConnectivityService: listenForNetwork for Listen from uid/pid:10711/24574 for NetworkRequest [ id=3987, legacyType=-1, [ Capabilities: INTERNET&NOT_RESTRICTED&TRUSTED] ]
08-06 12:59:53.892 24574 24613 D DBReader: getFeedItem() called with: itemId = [2]
08-06 12:59:53.892 24574 24613 D DBReader: Loading feeditem with id 2
08-06 12:59:53.893 24574 24574 D ItemFragment: onEventMainThread() called with: event = [DownloadEvent{update=DownloaderUpdate{downloaders=[], feedIds=[], mediaIds=[]}}]
08-06 12:59:53.895 24574 24613 D DBReader: getFavoriteIDList() called
08-06 12:59:53.896 24574 24613 D DBReader: getQueueIDList() called
08-06 12:59:53.897 24574 24613 D DBReader: Extracting Feedlist
08-06 12:59:53.898 13866 13866 I GoogleInputMethodServic: GoogleInputMethodService.onFinishInput():3138 
08-06 12:59:53.905 13866 13866 I GoogleInputMethodServic: GoogleInputMethodService.onStartInput():1808 
08-06 12:59:53.908 24574 24613 D DBReader: loadExtraInformationOfFeedItem() called with: item = [FeedItem[autoDownload=1,chapters=<null>,contentEncoded=<null>,description=<null>,feed=baseline.de.danoeh.antennapod.core.feed.Feed@c19f786,feedId=2,flattrStatus=baseline.de.danoeh.antennapod.core.util.flattr.FlattrStatus@8353874,hasChapters=false,imageUrl=http://static.libsyn.com/p/assets/2/7/8/6/278615fe73b1f0ca/JRE1514.jpg,itemIdentifier=a0870b6b-c887-4883-930c-a06d5e1a8f7e,link=http://traffic.libsyn.com/joeroganexp/p1514.mp3,media=baseline.de.danoeh.antennapod.core.feed.FeedMedia@394919d,paymentLink=<null>,pubDate=Fri Jul 24 21:00:00 GMT+02:00 2020,state=-1,tags=[],title=#1514 - Joe De Sena,id=2]]
08-06 12:59:53.908 24574 24574 E libEGL  : validate_display:255 error 3008 (EGL_BAD_DISPLAY)
08-06 12:59:53.976   918   935 D BluetoothManagerService: Added callback: android.bluetooth.IBluetoothManagerCallback$Stub$Proxy@6fc256a:true
08-06 12:59:53.980 24574 25523 D ApOkHttpUrlLoader: buildLoadData() called with: model = [http://static.libsyn.com/p/assets/2/7/8/6/278615fe73b1f0ca/JRE1514.jpg], width = [175], height = [175]
08-06 12:59:53.984 24574 25345 D DBReader: getImageAuthentication() called with: imageUrl = [http://static.libsyn.com/p/assets/2/7/8/6/278615fe73b1f0ca/JRE1514.jpg]
08-06 12:59:53.989 24574 25345 D ApOkHttpUrlLoader: no credentials for 'http://static.libsyn.com/p/assets/2/7/8/6/278615fe73b1f0ca/JRE1514.jpg'
08-06 12:59:54.093 24574 25345 D MYTAG   : interceptor 2a
08-06 12:59:54.093 24574 25345 I NAPPA_EXPERIMENTATION: MetricNetworkRequestExecutionTime: REQUEST_DURATION_SYSTEM='104',REQUEST_DURATION_OKHTTP='103',REQUEST_SYNCHRONOUS='TRUE',RESPONSE_CODE='200',RESPONSE_METHOD='GET',RESPONSE_LENGTH_OKHTTP='364960',RESPONSE_LENGTH_HEADER='364960',REQUEST_PROTOCOL='http/1.1',REQUEST_URL='http://static.libsyn.com/p/assets/2/7/8/6/278615fe73b1f0ca/JRE1514.jpg',
08-06 12:59:54.115 24574 24595 I art     : Starting a blocking GC Explicit
08-06 12:59:54.141   512  2967 D audio_hw_primary: disable_audio_route: reset and update mixer path: low-latency-playback speaker
08-06 12:59:54.142   512  2967 D audio_hw_primary: disable_snd_device: snd_device(2: speaker)
08-06 12:59:54.155   512  2967 I soundtrigger: audio_extn_sound_trigger_update_device_status: device 0x2 of type 0 for Event 0
08-06 12:59:54.165 24574 24595 I art     : Explicit concurrent mark sweep GC freed 8291(611KB) AllocSpace objects, 2(88KB) LOS objects, 23% free, 51MB/67MB, paused 1.501ms total 50.017ms
08-06 12:59:54.180 24574 24595 I art     : Starting a blocking GC Explicit
08-06 12:59:54.225 24574 24595 I art     : Explicit concurrent mark sweep GC freed 1327(81KB) AllocSpace objects, 4(112KB) LOS objects, 23% free, 51MB/67MB, paused 1.592ms total 44.458ms
08-06 12:59:54.239 24574 24595 I art     : Starting a blocking GC Explicit
08-06 12:59:54.286 24574 24595 I art     : Explicit concurrent mark sweep GC freed 135(17KB) AllocSpace objects, 0(0B) LOS objects, 23% free, 51MB/67MB, paused 1.318ms total 46.508ms
08-06 12:59:54.300 24574 24595 I art     : Starting a blocking GC Explicit
08-06 12:59:54.347 24574 24595 I art     : Explicit concurrent mark sweep GC freed 108(4KB) AllocSpace objects, 0(0B) LOS objects, 23% free, 51MB/67MB, paused 1.329ms total 46.810ms
08-06 12:59:54.361 24574 24595 I art     : Starting a blocking GC Explicit
08-06 12:59:54.412 24574 24595 I art     : Explicit concurrent mark sweep GC freed 13(432B) AllocSpace objects, 0(0B) LOS objects, 23% free, 51MB/67MB, paused 1.400ms total 50.548ms
08-06 12:59:54.525 12162 12181 I Finsky  : [6223] ktr.run(-1): Stats for Executor: BlockingExecutor kvs@e92de3c[Running, pool size = 0, active threads = 0, queued tasks = 0, completed tasks = 112]
08-06 12:59:54.525 12162 12181 I Finsky  : [6223] ktr.run(-1): Stats for Executor: LightweightExecutor kvs@2a717c5[Running, pool size = 4, active threads = 0, queued tasks = 0, completed tasks = 80]
08-06 12:59:54.778 24574 24595 I art     : Starting a blocking GC Explicit
08-06 12:59:54.835 24574 24595 I art     : Explicit concurrent mark sweep GC freed 1431(82KB) AllocSpace objects, 1(20KB) LOS objects, 23% free, 51MB/67MB, paused 1.529ms total 56.584ms
08-06 12:59:54.853 24574 24595 I art     : Starting a blocking GC Explicit
08-06 12:59:54.904 24574 24595 I art     : Explicit concurrent mark sweep GC freed 62(1856B) AllocSpace objects, 0(0B) LOS objects, 23% free, 51MB/67MB, paused 1.293ms total 50.618ms
08-06 12:59:54.919 24574 24595 I art     : Starting a blocking GC Explicit
08-06 12:59:54.971 24574 24595 I art     : Explicit concurrent mark sweep GC freed 11(352B) AllocSpace objects, 0(0B) LOS objects, 23% free, 51MB/67MB, paused 1.323ms total 50.970ms
08-06 12:59:54.987 24574 24595 I art     : Starting a blocking GC Explicit
08-06 12:59:55.034 24574 24595 I art     : Explicit concurrent mark sweep GC freed 11(352B) AllocSpace objects, 0(0B) LOS objects, 23% free, 51MB/67MB, paused 1.280ms total 47.167ms
08-06 12:59:55.049 12162 12181 I Finsky  : [6223] ktr.run(-1): Stats for Executor: bgExecutor kvs@1c1551a[Running, pool size = 4, active threads = 0, queued tasks = 0, completed tasks = 398]
08-06 12:59:55.049 24574 24595 I art     : Starting a blocking GC Explicit
08-06 12:59:55.101 24574 24595 I art     : Explicit concurrent mark sweep GC freed 10(320B) AllocSpace objects, 0(0B) LOS objects, 23% free, 51MB/67MB, paused 1.617ms total 51.181ms
08-06 12:59:55.493 24574 24595 I art     : Starting a blocking GC Explicit
08-06 12:59:55.545 24574 24595 I art     : Explicit concurrent mark sweep GC freed 1438(82KB) AllocSpace objects, 1(20KB) LOS objects, 23% free, 51MB/67MB, paused 1.508ms total 52.343ms
08-06 12:59:55.560 24574 24595 I art     : Starting a blocking GC Explicit
08-06 12:59:55.613 24574 24595 I art     : Explicit concurrent mark sweep GC freed 39(1264B) AllocSpace objects, 0(0B) LOS objects, 23% free, 51MB/67MB, paused 1.521ms total 52.678ms
08-06 12:59:55.630 24574 24595 I art     : Starting a blocking GC Explicit
08-06 12:59:55.683 24574 24595 I art     : Explicit concurrent mark sweep GC freed 19(608B) AllocSpace objects, 0(0B) LOS objects, 23% free, 51MB/67MB, paused 1.341ms total 53.569ms
08-06 12:59:55.700 24574 24595 I art     : Starting a blocking GC Explicit
08-06 12:59:55.753 24574 24595 I art     : Explicit concurrent mark sweep GC freed 23(736B) AllocSpace objects, 0(0B) LOS objects, 23% free, 51MB/67MB, paused 1.392ms total 53.512ms
08-06 12:59:55.770 24574 24595 I art     : Starting a blocking GC Explicit
08-06 12:59:55.823 24574 24595 I art     : Explicit concurrent mark sweep GC freed 6(192B) AllocSpace objects, 0(0B) LOS objects, 23% free, 51MB/67MB, paused 1.418ms total 52.525ms
08-06 12:59:55.823 24574 24592 I art     : WaitForGcToComplete blocked for 6.037ms for cause HeapTrim
08-06 12:59:56.227 24574 24594 I art     : Starting a blocking GC Explicit
08-06 12:59:56.301 24574 24594 I art     : Explicit concurrent mark sweep GC freed 1410(81KB) AllocSpace objects, 1(20KB) LOS objects, 23% free, 51MB/67MB, paused 1.743ms total 73.488ms
08-06 12:59:56.319 24574 24594 I art     : Starting a blocking GC Explicit
08-06 12:59:56.375 24574 24594 I art     : Explicit concurrent mark sweep GC freed 23(752B) AllocSpace objects, 0(0B) LOS objects, 23% free, 51MB/67MB, paused 1.393ms total 56.411ms
08-06 12:59:56.391 24574 24594 I art     : Starting a blocking GC Explicit
08-06 12:59:56.450 24574 24594 I art     : Explicit concurrent mark sweep GC freed 3(96B) AllocSpace objects, 0(0B) LOS objects, 23% free, 51MB/67MB, paused 1.404ms total 58.934ms
08-06 12:59:56.469 24574 24594 I art     : Starting a blocking GC Explicit
08-06 12:59:56.525 24574 24594 I art     : Explicit concurrent mark sweep GC freed 3(96B) AllocSpace objects, 0(0B) LOS objects, 23% free, 51MB/67MB, paused 1.509ms total 55.318ms
08-06 12:59:56.541 24574 24594 I art     : Starting a blocking GC Explicit
08-06 12:59:56.597 24574 24594 I art     : Explicit concurrent mark sweep GC freed 3(96B) AllocSpace objects, 0(0B) LOS objects, 23% free, 51MB/67MB, paused 1.390ms total 55.649ms
08-06 12:59:56.987 24574 24611 I art     : Starting a blocking GC Explicit
08-06 12:59:57.058 24574 24611 I art     : Explicit concurrent mark sweep GC freed 1411(82KB) AllocSpace objects, 1(20KB) LOS objects, 23% free, 51MB/67MB, paused 1.645ms total 70.901ms
08-06 12:59:57.078 24574 24611 I art     : Starting a blocking GC Explicit
08-06 12:59:57.132 24574 24611 I art     : Explicit concurrent mark sweep GC freed 23(752B) AllocSpace objects, 0(0B) LOS objects, 23% free, 51MB/67MB, paused 1.568ms total 54.260ms
08-06 12:59:57.148 24574 24611 I art     : Starting a blocking GC Explicit
08-06 12:59:57.205 24574 24611 I art     : Explicit concurrent mark sweep GC freed 3(96B) AllocSpace objects, 0(0B) LOS objects, 23% free, 51MB/67MB, paused 1.567ms total 57.201ms
08-06 12:59:57.221 24574 24611 I art     : Starting a blocking GC Explicit
08-06 12:59:57.282 24574 24611 I art     : Explicit concurrent mark sweep GC freed 3(96B) AllocSpace objects, 0(0B) LOS objects, 23% free, 51MB/67MB, paused 1.560ms total 60.476ms
08-06 12:59:57.301 24574 24611 I art     : Starting a blocking GC Explicit
08-06 12:59:57.358 24574 24611 I art     : Explicit concurrent mark sweep GC freed 3(96B) AllocSpace objects, 0(0B) LOS objects, 23% free, 51MB/67MB, paused 1.653ms total 56.064ms
08-06 12:59:57.735 24574 26013 I art     : Starting a blocking GC Explicit
08-06 12:59:57.795 24574 26013 I art     : Explicit concurrent mark sweep GC freed 1382(81KB) AllocSpace objects, 1(20KB) LOS objects, 23% free, 51MB/67MB, paused 1.483ms total 58.836ms
08-06 12:59:57.810 24574 26013 I art     : Starting a blocking GC Explicit
08-06 12:59:57.860 24574 26013 I art     : Explicit concurrent mark sweep GC freed 23(752B) AllocSpace objects, 0(0B) LOS objects, 23% free, 51MB/67MB, paused 1.478ms total 49.716ms
08-06 12:59:57.875 24574 26013 I art     : Starting a blocking GC Explicit
08-06 12:59:57.928 24574 26013 I art     : Explicit concurrent mark sweep GC freed 27(704B) AllocSpace objects, 0(0B) LOS objects, 23% free, 51MB/67MB, paused 1.591ms total 53.353ms
08-06 12:59:57.943 24574 26013 I art     : Starting a blocking GC Explicit
08-06 12:59:57.996 24574 26013 I art     : Explicit concurrent mark sweep GC freed 8(272B) AllocSpace objects, 0(0B) LOS objects, 23% free, 51MB/67MB, paused 1.515ms total 52.687ms
08-06 12:59:58.012 24574 26013 I art     : Starting a blocking GC Explicit
08-06 12:59:58.066 24574 26013 I art     : Explicit concurrent mark sweep GC freed 3(96B) AllocSpace objects, 0(0B) LOS objects, 23% free, 51MB/67MB, paused 1.442ms total 54.029ms
08-06 12:59:58.288 27341 27341 D AndroidRuntime: >>>>>> START com.android.internal.os.RuntimeInit uid 2000 <<<<<<
08-06 12:59:58.295 27341 27341 D AndroidRuntime: CheckJNI is OFF
08-06 12:59:58.336 27341 27341 D ICU     : No timezone override file found: /data/misc/zoneinfo/current/icu/icu_tzdata.dat
08-06 12:59:58.379 27341 27341 I Radio-JNI: register_android_hardware_Radio DONE
08-06 12:59:58.409 27341 27341 D AndroidRuntime: Calling main entry com.android.commands.input.Input
08-06 12:59:58.410 27341 27341 I Input   : injectKeyEvent: KeyEvent { action=ACTION_DOWN, keyCode=KEYCODE_BACK, scanCode=0, metaState=0, flags=0x0, repeatCount=0, eventTime=882014823, downTime=882014823, deviceId=-1, source=0x101 }
08-06 12:59:58.415 27341 27341 I Input   : injectKeyEvent: KeyEvent { action=ACTION_UP, keyCode=KEYCODE_BACK, scanCode=0, metaState=0, flags=0x0, repeatCount=0, eventTime=882014823, downTime=882014823, deviceId=-1, source=0x101 }
08-06 12:59:58.437 24574 24574 D ItemlistFragment: onEventMainThread() called with: event = [DownloadEvent{update=DownloaderUpdate{downloaders=[], feedIds=[], mediaIds=[]}}]
08-06 12:59:58.438 24574 24605 D DBReader: getFeed() called with: feedId = [2]
08-06 12:59:58.439 27341 27341 D AndroidRuntime: Shutting down VM
08-06 12:59:58.440 24574 24605 D DBReader: getFeedItemList() called with: feed = [baseline.de.danoeh.antennapod.core.feed.Feed@2]
08-06 12:59:58.441   918  3263 D ConnectivityService: releasing NetworkRequest NetworkRequest [ id=3987, legacyType=-1, [ Capabilities: INTERNET&NOT_RESTRICTED&TRUSTED] ]
08-06 12:59:58.465 24574 24574 D FeedMenuHandler: Preparing options menu
08-06 12:59:58.469 24574 24594 I art     : Starting a blocking GC Explicit
08-06 12:59:58.527 24574 24594 I art     : Explicit concurrent mark sweep GC freed 5976(298KB) AllocSpace objects, 1(20KB) LOS objects, 23% free, 53MB/69MB, paused 2.897ms total 57.246ms
08-06 12:59:58.534 24574 25523 D ApOkHttpUrlLoader: buildLoadData() called with: model = [http://static.libsyn.com/p/assets/7/1/f/3/71f3014e14ef2722/JREiTunesImage2.jpg], width = [1440], height = [462]
08-06 12:59:58.543 24574 24594 I art     : Starting a blocking GC Explicit
08-06 12:59:58.549 24574 24605 W PodDBAdapter: Length of id array is larger than 800. Creating multiple cursors
08-06 12:59:58.560 13866 13866 I GoogleInputMethodServic: GoogleInputMethodService.onFinishInput():3138 
08-06 12:59:58.560 13866 13866 I GoogleInputMethodServic: GoogleInputMethodService.onStartInput():1808 
08-06 12:59:58.595 24574 24594 I art     : Explicit concurrent mark sweep GC freed 7635(516KB) AllocSpace objects, 7(3MB) LOS objects, 23% free, 53MB/69MB, paused 1.578ms total 52.020ms
08-06 12:59:58.610 24574 24594 I art     : Starting a blocking GC Explicit
08-06 12:59:58.639 24574 24605 D DBReader: getFavoriteIDList() called
08-06 12:59:58.640 24574 24605 D DBReader: getQueueIDList() called
08-06 12:59:58.641 24574 24605 D DBReader: Extracting Feedlist
08-06 12:59:58.644 24574 25523 D ApOkHttpUrlLoader: buildLoadData() called with: model = [http://static.libsyn.com/p/assets/7/1/f/3/71f3014e14ef2722/JREiTunesImage2.jpg], width = [1440], height = [462]
08-06 12:59:58.660 24574 24574 D FeedMenuHandler: Preparing options menu
08-06 12:59:58.664 24574 24594 I art     : Explicit concurrent mark sweep GC freed 5535(121KB) AllocSpace objects, 0(0B) LOS objects, 22% free, 55MB/71MB, paused 1.831ms total 53.745ms
08-06 12:59:58.679 24574 24594 I art     : Starting a blocking GC Explicit
08-06 12:59:58.727 24574 24594 I art     : Explicit concurrent mark sweep GC freed 29571(2028KB) AllocSpace objects, 1(16KB) LOS objects, 22% free, 54MB/70MB, paused 1.309ms total 47.345ms
08-06 12:59:58.740 24574 24594 I art     : Starting a blocking GC Explicit
08-06 12:59:58.786 24574 24594 I art     : Explicit concurrent mark sweep GC freed 1016(71KB) AllocSpace objects, 0(0B) LOS objects, 22% free, 53MB/69MB, paused 1.347ms total 45.837ms
08-06 12:59:59.119 24574 24611 I art     : Starting a blocking GC Explicit
08-06 12:59:59.172 24574 24611 I art     : Explicit concurrent mark sweep GC freed 1448(83KB) AllocSpace objects, 1(20KB) LOS objects, 22% free, 53MB/69MB, paused 1.449ms total 52.830ms
08-06 12:59:59.187 24574 24611 I art     : Starting a blocking GC Explicit
08-06 12:59:59.214 21246 21246 I Atfwd_Sendcmd: AtCmdFwd service not ready - Exhausted retry attempts - :6
08-06 12:59:59.214 21246 21246 I Atfwd_Daemon: result : -1 	 ,Init step :2 	 ,qmiErrorCode: 0
08-06 12:59:59.240 24574 24611 I art     : Explicit concurrent mark sweep GC freed 25(832B) AllocSpace objects, 0(0B) LOS objects, 22% free, 53MB/69MB, paused 1.528ms total 52.194ms
08-06 12:59:59.255 24574 24611 I art     : Starting a blocking GC Explicit
08-06 12:59:59.308 24574 24611 I art     : Explicit concurrent mark sweep GC freed 3(96B) AllocSpace objects, 0(0B) LOS objects, 22% free, 53MB/69MB, paused 1.535ms total 52.725ms
08-06 12:59:59.323 24574 24611 I art     : Starting a blocking GC Explicit
08-06 12:59:59.375 24574 24611 I art     : Explicit concurrent mark sweep GC freed 3(96B) AllocSpace objects, 0(0B) LOS objects, 22% free, 53MB/69MB, paused 1.457ms total 52.193ms
08-06 12:59:59.391 24574 24611 I art     : Starting a blocking GC Explicit
08-06 12:59:59.444 24574 24611 I art     : Explicit concurrent mark sweep GC freed 3(96B) AllocSpace objects, 0(0B) LOS objects, 22% free, 53MB/69MB, paused 1.454ms total 52.713ms
08-06 12:59:59.796 24574 26013 I art     : Starting a blocking GC Explicit
08-06 12:59:59.850 24574 26013 I art     : Explicit concurrent mark sweep GC freed 1382(83KB) AllocSpace objects, 1(20KB) LOS objects, 22% free, 53MB/69MB, paused 1.496ms total 53.195ms
08-06 12:59:59.865 24574 26013 I art     : Starting a blocking GC Explicit
08-06 12:59:59.915 24574 26013 I art     : Explicit concurrent mark sweep GC freed 52(1536B) AllocSpace objects, 0(0B) LOS objects, 22% free, 53MB/69MB, paused 1.408ms total 49.939ms
08-06 12:59:59.929 24574 26013 I art     : Starting a blocking GC Explicit
08-06 12:59:59.979 24574 26013 I art     : Explicit concurrent mark sweep GC freed 3(96B) AllocSpace objects, 0(0B) LOS objects, 22% free, 53MB/69MB, paused 1.470ms total 49.234ms
08-06 12:59:59.993 24574 26013 I art     : Starting a blocking GC Explicit
08-06 13:00:00.041 24574 26013 I art     : Explicit concurrent mark sweep GC freed 4(128B) AllocSpace objects, 0(0B) LOS objects, 22% free, 53MB/69MB, paused 1.353ms total 47.063ms
08-06 13:00:00.056 24574 26013 I art     : Starting a blocking GC Explicit
08-06 13:00:00.101 24574 26013 I art     : Explicit concurrent mark sweep GC freed 9(288B) AllocSpace objects, 0(0B) LOS objects, 22% free, 53MB/69MB, paused 1.349ms total 44.742ms
08-06 13:00:00.231 27394 27394 D AndroidRuntime: >>>>>> START com.android.internal.os.RuntimeInit uid 2000 <<<<<<
08-06 13:00:00.237 27394 27394 D AndroidRuntime: CheckJNI is OFF
08-06 13:00:00.278 27394 27394 D ICU     : No timezone override file found: /data/misc/zoneinfo/current/icu/icu_tzdata.dat
08-06 13:00:00.319 27394 27394 I Radio-JNI: register_android_hardware_Radio DONE
08-06 13:00:00.348 27394 27394 D AndroidRuntime: Calling main entry com.android.commands.input.Input
08-06 13:00:00.350 27394 27394 I Input   : injectMotionEvent: MotionEvent { action=ACTION_DOWN, actionButton=0, id[0]=0, x[0]=103.0, y[0]=192.0, toolType[0]=TOOL_TYPE_UNKNOWN, buttonState=0, metaState=0, flags=0x0, edgeFlags=0x0, pointerCount=1, historySize=0, eventTime=882016763, downTime=882016763, deviceId=0, source=0x1002 }
08-06 13:00:00.355 27394 27394 I Input   : injectMotionEvent: MotionEvent { action=ACTION_UP, actionButton=0, id[0]=0, x[0]=103.0, y[0]=192.0, toolType[0]=TOOL_TYPE_UNKNOWN, buttonState=0, metaState=0, flags=0x0, edgeFlags=0x0, pointerCount=1, historySize=0, eventTime=882016763, downTime=882016763, deviceId=0, source=0x1002 }
08-06 13:00:00.357 27394 27394 D AndroidRuntime: Shutting down VM
08-06 13:00:00.375   512  2967 D audio_hw_primary: out_set_parameters: enter: usecase(1: low-latency-playback) kvpairs: routing=2
08-06 13:00:00.388   512  2967 D audio_hw_primary: select_devices: out_snd_device(2: speaker) in_snd_device(0: none)
08-06 13:00:00.388   512  2967 D msm8974_platform: platform_send_audio_calibration: sending audio calibration for snd_device(2) acdb_id(15)
08-06 13:00:00.389   512  2967 I soundtrigger: audio_extn_sound_trigger_update_device_status: device 0x2 of type 0 for Event 1
08-06 13:00:00.402   512  2967 D audio_hw_primary: enable_snd_device: snd_device(2: speaker)
08-06 13:00:00.404   512  2967 D audio_hw_primary: enable_audio_route: apply and update mixer path: low-latency-playback speaker
08-06 13:00:00.471 24574 24595 I art     : Starting a blocking GC Explicit
08-06 13:00:00.522 24574 24595 I art     : Explicit concurrent mark sweep GC freed 1827(104KB) AllocSpace objects, 1(20KB) LOS objects, 22% free, 53MB/69MB, paused 1.404ms total 50.689ms
08-06 13:00:00.536 24574 24595 I art     : Starting a blocking GC Explicit
08-06 13:00:00.585 24574 24595 I art     : Explicit concurrent mark sweep GC freed 35(1296B) AllocSpace objects, 0(0B) LOS objects, 22% free, 53MB/69MB, paused 1.449ms total 48.742ms
08-06 13:00:00.600 24574 24595 I art     : Starting a blocking GC Explicit
08-06 13:00:00.647 24574 24595 I art     : Explicit concurrent mark sweep GC freed 5(160B) AllocSpace objects, 0(0B) LOS objects, 22% free, 53MB/69MB, paused 1.330ms total 45.997ms
08-06 13:00:00.661 24574 24595 I art     : Starting a blocking GC Explicit
08-06 13:00:00.711 24574 24595 I art     : Explicit concurrent mark sweep GC freed 3(96B) AllocSpace objects, 0(0B) LOS objects, 22% free, 53MB/69MB, paused 1.655ms total 50.281ms
08-06 13:00:00.727 24574 24595 I art     : Starting a blocking GC Explicit
08-06 13:00:00.780 24574 24595 I art     : Explicit concurrent mark sweep GC freed 3(96B) AllocSpace objects, 0(0B) LOS objects, 22% free, 53MB/69MB, paused 1.377ms total 52.336ms
08-06 13:00:00.949   512  2967 D audio_hw_primary: disable_audio_route: reset and update mixer path: low-latency-playback speaker
08-06 13:00:00.950   512  2967 D audio_hw_primary: disable_snd_device: snd_device(2: speaker)
08-06 13:00:00.960   512  2967 I soundtrigger: audio_extn_sound_trigger_update_device_status: device 0x2 of type 0 for Event 0
08-06 13:00:01.132 24574 26013 I art     : Starting a blocking GC Explicit
08-06 13:00:01.195 24574 26013 I art     : Explicit concurrent mark sweep GC freed 2122(108KB) AllocSpace objects, 1(20KB) LOS objects, 22% free, 53MB/69MB, paused 1.512ms total 63.067ms
08-06 13:00:01.211 24574 26013 I art     : Starting a blocking GC Explicit
08-06 13:00:01.264 24574 26013 I art     : Explicit concurrent mark sweep GC freed 27(880B) AllocSpace objects, 0(0B) LOS objects, 22% free, 53MB/69MB, paused 1.443ms total 52.165ms
08-06 13:00:01.279 24574 26013 I art     : Starting a blocking GC Explicit
08-06 13:00:01.331 24574 26013 I art     : Explicit concurrent mark sweep GC freed 3(96B) AllocSpace objects, 0(0B) LOS objects, 22% free, 53MB/69MB, paused 1.394ms total 51.438ms
08-06 13:00:01.331 24574 24592 I art     : WaitForGcToComplete blocked for 29.778ms for cause HeapTrim
08-06 13:00:01.346 24574 26013 I art     : Starting a blocking GC Explicit
08-06 13:00:01.398 24574 26013 I art     : Explicit concurrent mark sweep GC freed 3(96B) AllocSpace objects, 0(0B) LOS objects, 22% free, 53MB/69MB, paused 1.619ms total 52.345ms
08-06 13:00:01.414 24574 26013 I art     : Starting a blocking GC Explicit
08-06 13:00:01.465 24574 26013 I art     : Explicit concurrent mark sweep GC freed 3(96B) AllocSpace objects, 0(0B) LOS objects, 22% free, 53MB/69MB, paused 1.426ms total 51.534ms
08-06 13:00:01.692   918  3261 D WifiStateMachine: starting scan for "H369AA63323"WPA_PSK with 2412,5180
08-06 13:00:01.803 24574 24594 I art     : Starting a blocking GC Explicit
08-06 13:00:01.860 24574 24594 I art     : Explicit concurrent mark sweep GC freed 2270(113KB) AllocSpace objects, 1(20KB) LOS objects, 22% free, 53MB/69MB, paused 1.501ms total 56.322ms
08-06 13:00:01.875 24574 24594 I art     : Starting a blocking GC Explicit
08-06 13:00:01.920 24574 24594 I art     : Explicit concurrent mark sweep GC freed 52(1536B) AllocSpace objects, 0(0B) LOS objects, 22% free, 53MB/69MB, paused 1.502ms total 45.373ms
08-06 13:00:01.935 24574 24594 I art     : Starting a blocking GC Explicit
08-06 13:00:01.985 24574 24594 I art     : Explicit concurrent mark sweep GC freed 3(96B) AllocSpace objects, 0(0B) LOS objects, 22% free, 53MB/69MB, paused 1.430ms total 49.454ms
08-06 13:00:02.000 24574 24594 I art     : Starting a blocking GC Explicit
08-06 13:00:02.050 24574 24594 I art     : Explicit concurrent mark sweep GC freed 7(224B) AllocSpace objects, 0(0B) LOS objects, 22% free, 53MB/69MB, paused 1.434ms total 50.244ms
08-06 13:00:02.065 24574 24594 I art     : Starting a blocking GC Explicit
08-06 13:00:02.117 24574 24594 I art     : Explicit concurrent mark sweep GC freed 11(352B) AllocSpace objects, 0(0B) LOS objects, 22% free, 53MB/69MB, paused 1.472ms total 50.963ms
08-06 13:00:02.157 27427 27427 D AndroidRuntime: >>>>>> START com.android.internal.os.RuntimeInit uid 2000 <<<<<<
08-06 13:00:02.162 27427 27427 D AndroidRuntime: CheckJNI is OFF
08-06 13:00:02.204 27427 27427 D ICU     : No timezone override file found: /data/misc/zoneinfo/current/icu/icu_tzdata.dat
08-06 13:00:02.248 27427 27427 I Radio-JNI: register_android_hardware_Radio DONE
08-06 13:00:02.276 27427 27427 D AndroidRuntime: Calling main entry com.android.commands.input.Input
08-06 13:00:02.279 27427 27427 I Input   : injectMotionEvent: MotionEvent { action=ACTION_DOWN, actionButton=0, id[0]=0, x[0]=409.0, y[0]=1034.0, toolType[0]=TOOL_TYPE_UNKNOWN, buttonState=0, metaState=0, flags=0x0, edgeFlags=0x0, pointerCount=1, historySize=0, eventTime=882018692, downTime=882018692, deviceId=0, source=0x1002 }
08-06 13:00:02.284 27427 27427 I Input   : injectMotionEvent: MotionEvent { action=ACTION_UP, actionButton=0, id[0]=0, x[0]=409.0, y[0]=1034.0, toolType[0]=TOOL_TYPE_UNKNOWN, buttonState=0, metaState=0, flags=0x0, edgeFlags=0x0, pointerCount=1, historySize=0, eventTime=882018692, downTime=882018692, deviceId=0, source=0x1002 }
08-06 13:00:02.287 27427 27427 D AndroidRuntime: Shutting down VM
08-06 13:00:02.352 24574 24574 D MainActivity: loadFragment(index: 5, args: null)
08-06 13:00:02.353 24574 24574 D MainActivity: loadFragment(tag: AddFeedFragment, args: null)
08-06 13:00:02.354   512  2967 D audio_hw_primary: out_set_parameters: enter: usecase(1: low-latency-playback) kvpairs: routing=2
08-06 13:00:02.354 24574 24574 D MainActivity: saveLastNavFragment(tag: AddFeedFragment)
08-06 13:00:02.355 24574 24574 D MainActivity: getLastNavFragment() -> AddFeedFragment
08-06 13:00:02.367   512  2967 D audio_hw_primary: select_devices: out_snd_device(2: speaker) in_snd_device(0: none)
08-06 13:00:02.367   512  2967 D msm8974_platform: platform_send_audio_calibration: sending audio calibration for snd_device(2) acdb_id(15)
08-06 13:00:02.367   512  2967 I soundtrigger: audio_extn_sound_trigger_update_device_status: device 0x2 of type 0 for Event 1
08-06 13:00:02.377   512  2967 D audio_hw_primary: enable_snd_device: snd_device(2: speaker)
08-06 13:00:02.379   512  2967 D audio_hw_primary: enable_audio_route: apply and update mixer path: low-latency-playback speaker
08-06 13:00:02.388 13866 13866 I GoogleInputMethodServic: GoogleInputMethodService.onFinishInput():3138 
08-06 13:00:02.389 13866 13866 I GoogleInputMethodServic: GoogleInputMethodService.onStartInput():1808 
08-06 13:00:02.469 24574 24611 I art     : Starting a blocking GC Explicit
08-06 13:00:02.523 24574 24611 I art     : Explicit concurrent mark sweep GC freed 3810(200KB) AllocSpace objects, 2(40KB) LOS objects, 22% free, 53MB/69MB, paused 1.612ms total 53.355ms
08-06 13:00:02.538 24574 24611 I art     : Starting a blocking GC Explicit
08-06 13:00:02.581 24574 24611 I art     : Explicit concurrent mark sweep GC freed 31506(2MB) AllocSpace objects, 9(3MB) LOS objects, 24% free, 48MB/64MB, paused 1.318ms total 42.599ms
08-06 13:00:02.593 24574 24611 I art     : Starting a blocking GC Explicit
08-06 13:00:02.629 24574 24611 I art     : Explicit concurrent mark sweep GC freed 3(96B) AllocSpace objects, 0(0B) LOS objects, 24% free, 48MB/64MB, paused 1.434ms total 35.127ms
08-06 13:00:02.641 24574 24611 I art     : Starting a blocking GC Explicit
08-06 13:00:02.677 24574 24611 I art     : Explicit concurrent mark sweep GC freed 3(96B) AllocSpace objects, 0(0B) LOS objects, 24% free, 48MB/64MB, paused 1.416ms total 35.835ms
08-06 13:00:02.688 24574 24611 I art     : Starting a blocking GC Explicit
08-06 13:00:02.724 24574 24611 I art     : Explicit concurrent mark sweep GC freed 3(96B) AllocSpace objects, 0(0B) LOS objects, 24% free, 48MB/64MB, paused 1.500ms total 35.739ms
08-06 13:00:02.783 13866 13866 I GoogleInputMethodServic: GoogleInputMethodService.onFinishInput():3138 
08-06 13:00:02.784 13866 13866 I GoogleInputMethodServic: GoogleInputMethodService.onStartInput():1808 
08-06 13:00:02.919   512  2967 D audio_hw_primary: disable_audio_route: reset and update mixer path: low-latency-playback speaker
08-06 13:00:02.921   512  2967 D audio_hw_primary: disable_snd_device: snd_device(2: speaker)
08-06 13:00:02.932   512  2967 I soundtrigger: audio_extn_sound_trigger_update_device_status: device 0x2 of type 0 for Event 0
08-06 13:00:03.081 24574 26013 I art     : Starting a blocking GC Explicit
08-06 13:00:03.123 24574 26013 I art     : Explicit concurrent mark sweep GC freed 1666(93KB) AllocSpace objects, 1(20KB) LOS objects, 24% free, 48MB/64MB, paused 1.537ms total 41.904ms
08-06 13:00:03.137 24574 26013 I art     : Starting a blocking GC Explicit
08-06 13:00:03.176 24574 26013 I art     : Explicit concurrent mark sweep GC freed 114(6KB) AllocSpace objects, 0(0B) LOS objects, 24% free, 48MB/64MB, paused 1.292ms total 38.887ms
08-06 13:00:03.188 24574 26013 I art     : Starting a blocking GC Explicit
08-06 13:00:03.226 24574 26013 I art     : Explicit concurrent mark sweep GC freed 3(96B) AllocSpace objects, 0(0B) LOS objects, 24% free, 48MB/64MB, paused 1.286ms total 37.344ms
08-06 13:00:03.239 24574 26013 I art     : Starting a blocking GC Explicit
08-06 13:00:03.278 24574 26013 I art     : Explicit concurrent mark sweep GC freed 5(160B) AllocSpace objects, 0(0B) LOS objects, 24% free, 48MB/64MB, paused 1.462ms total 39.488ms
08-06 13:00:03.293 24574 26013 I art     : Starting a blocking GC Explicit
08-06 13:00:03.333 24574 26013 I art     : Explicit concurrent mark sweep GC freed 3(96B) AllocSpace objects, 0(0B) LOS objects, 24% free, 48MB/64MB, paused 1.387ms total 40.106ms
08-06 13:00:03.677 24574 24594 I art     : Starting a blocking GC Explicit
08-06 13:00:03.721 24574 24594 I art     : Explicit concurrent mark sweep GC freed 1380(81KB) AllocSpace objects, 1(20KB) LOS objects, 24% free, 48MB/64MB, paused 1.445ms total 43.756ms
08-06 13:00:03.734 24574 24594 I art     : Starting a blocking GC Explicit
08-06 13:00:03.773 24574 24594 I art     : Explicit concurrent mark sweep GC freed 23(752B) AllocSpace objects, 0(0B) LOS objects, 24% free, 48MB/64MB, paused 1.420ms total 38.526ms
08-06 13:00:03.787 24574 24594 I art     : Starting a blocking GC Explicit
08-06 13:00:03.825 24574 24594 I art     : Explicit concurrent mark sweep GC freed 3(96B) AllocSpace objects, 0(0B) LOS objects, 24% free, 48MB/64MB, paused 1.402ms total 37.562ms
08-06 13:00:03.837 24574 24594 I art     : Starting a blocking GC Explicit
08-06 13:00:03.875 24574 24594 I art     : Explicit concurrent mark sweep GC freed 3(96B) AllocSpace objects, 0(0B) LOS objects, 24% free, 48MB/64MB, paused 1.440ms total 37.876ms
08-06 13:00:03.888 24574 24594 I art     : Starting a blocking GC Explicit
08-06 13:00:03.928 24574 24594 I art     : Explicit concurrent mark sweep GC freed 32(880B) AllocSpace objects, 0(0B) LOS objects, 24% free, 48MB/64MB, paused 1.518ms total 39.334ms
08-06 13:00:04.079 27476 27476 D AndroidRuntime: >>>>>> START com.android.internal.os.RuntimeInit uid 2000 <<<<<<
08-06 13:00:04.086 27476 27476 D AndroidRuntime: CheckJNI is OFF
08-06 13:00:04.126 27476 27476 D ICU     : No timezone override file found: /data/misc/zoneinfo/current/icu/icu_tzdata.dat
08-06 13:00:04.169 27476 27476 I Radio-JNI: register_android_hardware_Radio DONE
08-06 13:00:04.198 27476 27476 D AndroidRuntime: Calling main entry com.android.commands.input.Input
08-06 13:00:04.200 27476 27476 I Input   : injectMotionEvent: MotionEvent { action=ACTION_DOWN, actionButton=0, id[0]=0, x[0]=603.0, y[0]=1061.0, toolType[0]=TOOL_TYPE_UNKNOWN, buttonState=0, metaState=0, flags=0x0, edgeFlags=0x0, pointerCount=1, historySize=0, eventTime=882020613, downTime=882020613, deviceId=0, source=0x1002 }
08-06 13:00:04.205 27476 27476 I Input   : injectMotionEvent: MotionEvent { action=ACTION_UP, actionButton=0, id[0]=0, x[0]=603.0, y[0]=1061.0, toolType[0]=TOOL_TYPE_UNKNOWN, buttonState=0, metaState=0, flags=0x0, edgeFlags=0x0, pointerCount=1, historySize=0, eventTime=882020613, downTime=882020613, deviceId=0, source=0x1002 }
08-06 13:00:04.206 27476 27476 D AndroidRuntime: Shutting down VM
08-06 13:00:04.213   512  2967 D audio_hw_primary: out_set_parameters: enter: usecase(1: low-latency-playback) kvpairs: routing=2
08-06 13:00:04.226   512  2967 D audio_hw_primary: select_devices: out_snd_device(2: speaker) in_snd_device(0: none)
08-06 13:00:04.226   512  2967 D msm8974_platform: platform_send_audio_calibration: sending audio calibration for snd_device(2) acdb_id(15)
08-06 13:00:04.226   512  2967 I soundtrigger: audio_extn_sound_trigger_update_device_status: device 0x2 of type 0 for Event 1
08-06 13:00:04.235   512  2967 D audio_hw_primary: enable_snd_device: snd_device(2: speaker)
08-06 13:00:04.237   512  2967 D audio_hw_primary: enable_audio_route: apply and update mixer path: low-latency-playback speaker
08-06 13:00:04.288 13866 13866 I GoogleInputMethodServic: GoogleInputMethodService.onFinishInput():3138 
08-06 13:00:04.291 13866 13866 I GoogleInputMethodServic: GoogleInputMethodService.onStartInput():1808 
08-06 13:00:04.295 24574 24594 I art     : Starting a blocking GC Explicit
08-06 13:00:04.341 24574 24594 I art     : Explicit concurrent mark sweep GC freed 4787(339KB) AllocSpace objects, 1(20KB) LOS objects, 24% free, 49MB/65MB, paused 1.674ms total 45.085ms
08-06 13:00:04.353 24574 24594 I art     : Starting a blocking GC Explicit
08-06 13:00:04.392 24574 24594 I art     : Explicit concurrent mark sweep GC freed 1795(90KB) AllocSpace objects, 1(220KB) LOS objects, 24% free, 49MB/65MB, paused 1.465ms total 38.390ms
08-06 13:00:04.404 24574 24594 I art     : Starting a blocking GC Explicit
08-06 13:00:04.444 24574 24594 I art     : Explicit concurrent mark sweep GC freed 66(2752B) AllocSpace objects, 0(0B) LOS objects, 24% free, 49MB/65MB, paused 1.945ms total 39.619ms
08-06 13:00:04.456 24574 24594 I art     : Starting a blocking GC Explicit
08-06 13:00:04.495 24574 24594 I art     : Explicit concurrent mark sweep GC freed 34(1264B) AllocSpace objects, 0(0B) LOS objects, 24% free, 49MB/65MB, paused 1.926ms total 38.763ms
08-06 13:00:04.507 24574 24594 I art     : Starting a blocking GC Explicit
08-06 13:00:04.546 24574 24594 I art     : Explicit concurrent mark sweep GC freed 33(1264B) AllocSpace objects, 0(0B) LOS objects, 24% free, 49MB/65MB, paused 1.614ms total 38.838ms
08-06 13:00:04.769   512  2967 D audio_hw_primary: disable_audio_route: reset and update mixer path: low-latency-playback speaker
08-06 13:00:04.771   512  2967 D audio_hw_primary: disable_snd_device: snd_device(2: speaker)
08-06 13:00:04.779   512  2967 I soundtrigger: audio_extn_sound_trigger_update_device_status: device 0x2 of type 0 for Event 0
08-06 13:00:04.888 24574 24611 I art     : Starting a blocking GC Explicit
08-06 13:00:04.931 24574 24611 I art     : Explicit concurrent mark sweep GC freed 1558(87KB) AllocSpace objects, 1(20KB) LOS objects, 24% free, 49MB/65MB, paused 1.779ms total 42.142ms
08-06 13:00:04.944 24574 24611 I art     : Starting a blocking GC Explicit
08-06 13:00:04.984 24574 24611 I art     : Explicit concurrent mark sweep GC freed 137(4KB) AllocSpace objects, 0(0B) LOS objects, 24% free, 49MB/65MB, paused 1.624ms total 39.462ms
08-06 13:00:04.996 24574 24611 I art     : Starting a blocking GC Explicit
08-06 13:00:05.037 24574 24611 I art     : Explicit concurrent mark sweep GC freed 3303(129KB) AllocSpace objects, 0(0B) LOS objects, 24% free, 49MB/65MB, paused 1.668ms total 40.483ms
08-06 13:00:05.049 24574 24611 I art     : Starting a blocking GC Explicit
08-06 13:00:05.069 24574 27507 I NAPPA_EXPERIMENTATION: MetricNetworkRequestExecutionTime: REQUEST_DURATION_SYSTEM='794',REQUEST_DURATION_OKHTTP='41',REQUEST_SYNCHRONOUS='TRUE',RESPONSE_CODE='200',RESPONSE_METHOD='GET',RESPONSE_LENGTH_OKHTTP='2923',RESPONSE_LENGTH_HEADER='2923',REQUEST_PROTOCOL='http/1.1',REQUEST_URL='https://gpodder.net/api/2/tags/50.json',
08-06 13:00:05.089 24574 24611 I art     : Explicit concurrent mark sweep GC freed 1174(81KB) AllocSpace objects, 0(0B) LOS objects, 24% free, 49MB/65MB, paused 1.671ms total 39.394ms
08-06 13:00:05.089 24574 27505 I NAPPA_EXPERIMENTATION: MetricNetworkRequestExecutionTime: REQUEST_DURATION_SYSTEM='817',REQUEST_DURATION_OKHTTP='61',REQUEST_SYNCHRONOUS='TRUE',RESPONSE_CODE='200',RESPONSE_METHOD='GET',RESPONSE_LENGTH_OKHTTP='37507',RESPONSE_LENGTH_HEADER='37507',REQUEST_PROTOCOL='http/1.1',REQUEST_URL='https://gpodder.net/toplist/50.json',
08-06 13:00:05.101 24574 24611 I art     : Starting a blocking GC Explicit
08-06 13:00:05.141 24574 24611 I art     : Explicit concurrent mark sweep GC freed 3314(250KB) AllocSpace objects, 2(152KB) LOS objects, 24% free, 49MB/65MB, paused 2.054ms total 40.042ms
08-06 13:00:05.162 24574 25523 D ApOkHttpUrlLoader: buildLoadData() called with: model = [http://sixgun.org/files/linuxoutlaws.jpg], width = [224], height = [224]
08-06 13:00:05.164 24574 25345 D DBReader: getImageAuthentication() called with: imageUrl = [http://sixgun.org/files/linuxoutlaws.jpg]
08-06 13:00:05.167 24574 25345 D ApOkHttpUrlLoader: no credentials for 'http://sixgun.org/files/linuxoutlaws.jpg'
08-06 13:00:05.171 24574 25523 D ApOkHttpUrlLoader: buildLoadData() called with: model = [https://files.thisamericanlife.org/sites/all/themes/thislife/img/tal-name-1400x1400.png], width = [224], height = [224]
08-06 13:00:05.172 24574 25344 D DBReader: getImageAuthentication() called with: imageUrl = [https://files.thisamericanlife.org/sites/all/themes/thislife/img/tal-name-1400x1400.png]
08-06 13:00:05.176 24574 25523 D ApOkHttpUrlLoader: buildLoadData() called with: model = [https://elroy.twit.tv/sites/default/files/styles/twit_album_art_2048x2048/public/images/shows/floss_weekly/album_art/audio/floss_albumart_mask.jpg?itok=IUjxKpwt], width = [224], height = [224]
08-06 13:00:05.176 24574 25344 D ApOkHttpUrlLoader: no credentials for 'https://files.thisamericanlife.org/sites/all/themes/thislife/img/tal-name-1400x1400.png'
08-06 13:00:05.177 24574 25337 D DBReader: getImageAuthentication() called with: imageUrl = [https://elroy.twit.tv/sites/default/files/styles/twit_album_art_2048x2048/public/images/shows/floss_weekly/album_art/audio/floss_albumart_mask.jpg?itok=IUjxKpwt]
08-06 13:00:05.180 24574 25523 D ApOkHttpUrlLoader: buildLoadData() called with: model = [http://ichef.bbci.co.uk/images/ic/3000x3000/p07kfvzb.jpg], width = [224], height = [224]
08-06 13:00:05.181 24574 25337 D ApOkHttpUrlLoader: no credentials for 'https://elroy.twit.tv/sites/default/files/styles/twit_album_art_2048x2048/public/images/shows/floss_weekly/album_art/audio/floss_albumart_mask.jpg?itok=IUjxKpwt'
08-06 13:00:05.182 24574 25346 D DBReader: getImageAuthentication() called with: imageUrl = [http://ichef.bbci.co.uk/images/ic/3000x3000/p07kfvzb.jpg]
08-06 13:00:05.186 24574 25523 D ApOkHttpUrlLoader: buildLoadData() called with: model = [https://pl.tedcdn.com/rss_feed_images/ted_talks_main_podcast/video.png], width = [224], height = [224]
08-06 13:00:05.186 24574 25346 D ApOkHttpUrlLoader: no credentials for 'http://ichef.bbci.co.uk/images/ic/3000x3000/p07kfvzb.jpg'
08-06 13:00:05.188 24574 25343 D DBReader: getImageAuthentication() called with: imageUrl = [https://pl.tedcdn.com/rss_feed_images/ted_talks_main_podcast/video.png]
08-06 13:00:05.191 24574 25523 D ApOkHttpUrlLoader: buildLoadData() called with: model = [https://elroy.twit.tv/sites/default/files/styles/twit_album_art_2048x2048/public/images/shows/this_week_in_tech/album_art/audio/twit1400audio.jpg?itok=J0vhatZb], width = [224], height = [224]
08-06 13:00:05.192 24574 25343 D ApOkHttpUrlLoader: no credentials for 'https://pl.tedcdn.com/rss_feed_images/ted_talks_main_podcast/video.png'
08-06 13:00:05.192 24574 25339 D DBReader: getImageAuthentication() called with: imageUrl = [https://elroy.twit.tv/sites/default/files/styles/twit_album_art_2048x2048/public/images/shows/this_week_in_tech/album_art/audio/twit1400audio.jpg?itok=J0vhatZb]
08-06 13:00:05.195 24574 25523 D ApOkHttpUrlLoader: buildLoadData() called with: model = [http://ichef.bbci.co.uk/images/ic/3000x3000/p03gtk3j.jpg], width = [224], height = [224]
08-06 13:00:05.196 24574 25339 D ApOkHttpUrlLoader: no credentials for 'https://elroy.twit.tv/sites/default/files/styles/twit_album_art_2048x2048/public/images/shows/this_week_in_tech/album_art/audio/twit1400audio.jpg?itok=J0vhatZb'
08-06 13:00:05.196 24574 25341 D DBReader: getImageAuthentication() called with: imageUrl = [http://ichef.bbci.co.uk/images/ic/3000x3000/p03gtk3j.jpg]
08-06 13:00:05.200 24574 25341 D ApOkHttpUrlLoader: no credentials for 'http://ichef.bbci.co.uk/images/ic/3000x3000/p03gtk3j.jpg'
08-06 13:00:05.212 24574 25345 D DBWriter: updateFeedDownloadURL(original: http://sixgun.org/files/linuxoutlaws.jpg, updated: https://fab.industries/sixgun/files/linuxoutlaws.jpg)
08-06 13:00:05.298 24574 25346 D MYTAG   : interceptor 2a
08-06 13:00:05.299 24574 25346 I NAPPA_EXPERIMENTATION: MetricNetworkRequestExecutionTime: REQUEST_DURATION_SYSTEM='112',REQUEST_DURATION_OKHTTP='107',REQUEST_SYNCHRONOUS='TRUE',RESPONSE_CODE='200',RESPONSE_METHOD='GET',RESPONSE_LENGTH_OKHTTP='589826',RESPONSE_LENGTH_HEADER='589826',REQUEST_PROTOCOL='http/1.1',REQUEST_URL='http://ichef.bbci.co.uk/images/ic/3000x3000/p07kfvzb.jpg',
08-06 13:00:05.300 24574 25341 D MYTAG   : interceptor 2a
08-06 13:00:05.301 24574 25341 I NAPPA_EXPERIMENTATION: MetricNetworkRequestExecutionTime: REQUEST_DURATION_SYSTEM='99',REQUEST_DURATION_OKHTTP='95',REQUEST_SYNCHRONOUS='TRUE',RESPONSE_CODE='200',RESPONSE_METHOD='GET',RESPONSE_LENGTH_OKHTTP='814284',RESPONSE_LENGTH_HEADER='814284',REQUEST_PROTOCOL='http/1.1',REQUEST_URL='http://ichef.bbci.co.uk/images/ic/3000x3000/p03gtk3j.jpg',
08-06 13:00:05.436 24574 25344 D MYTAG   : interceptor 2a
08-06 13:00:05.437 24574 25344 I NAPPA_EXPERIMENTATION: MetricNetworkRequestExecutionTime: REQUEST_DURATION_SYSTEM='260',REQUEST_DURATION_OKHTTP='44',REQUEST_SYNCHRONOUS='TRUE',RESPONSE_CODE='200',RESPONSE_METHOD='GET',RESPONSE_LENGTH_OKHTTP='52553',RESPONSE_LENGTH_HEADER='52553',REQUEST_PROTOCOL='http/1.1',REQUEST_URL='https://files.thisamericanlife.org/sites/all/themes/thislife/img/tal-name-1400x1400.png',
08-06 13:00:05.481 24574 26013 I art     : Starting a blocking GC Explicit
08-06 13:00:05.529 24574 26013 I art     : Explicit concurrent mark sweep GC freed 15147(859KB) AllocSpace objects, 2(60KB) LOS objects, 24% free, 50MB/66MB, paused 2.086ms total 47.760ms
08-06 13:00:05.541 24574 26013 I art     : Starting a blocking GC Explicit
08-06 13:00:05.581 24574 26013 I art     : Explicit concurrent mark sweep GC freed 1434(77KB) AllocSpace objects, 0(0B) LOS objects, 24% free, 50MB/66MB, paused 1.986ms total 40.033ms
08-06 13:00:05.593 24574 26013 I art     : Starting a blocking GC Explicit
08-06 13:00:05.632 24574 26013 I art     : Explicit concurrent mark sweep GC freed 219(16KB) AllocSpace objects, 0(0B) LOS objects, 24% free, 50MB/66MB, paused 1.571ms total 38.440ms
08-06 13:00:05.633 24574 25337 D MYTAG   : interceptor 2a
08-06 13:00:05.634 24574 25337 I NAPPA_EXPERIMENTATION: MetricNetworkRequestExecutionTime: REQUEST_DURATION_SYSTEM='452',REQUEST_DURATION_OKHTTP='213',REQUEST_SYNCHRONOUS='TRUE',RESPONSE_CODE='200',RESPONSE_METHOD='GET',RESPONSE_LENGTH_OKHTTP='297964',RESPONSE_LENGTH_HEADER='297964',REQUEST_PROTOCOL='h2',REQUEST_URL='https://elroy.twit.tv/sites/default/files/styles/twit_album_art_2048x2048/public/images/shows/floss_weekly/album_art/audio/floss_albumart_mask.jpg?itok=IUjxKpwt',
08-06 13:00:05.635 24574 25343 D MYTAG   : interceptor 2a
08-06 13:00:05.636 24574 25343 I NAPPA_EXPERIMENTATION: MetricNetworkRequestExecutionTime: REQUEST_DURATION_SYSTEM='443',REQUEST_DURATION_OKHTTP='212',REQUEST_SYNCHRONOUS='TRUE',RESPONSE_CODE='200',RESPONSE_METHOD='GET',RESPONSE_LENGTH_OKHTTP='89986',RESPONSE_LENGTH_HEADER='89986',REQUEST_PROTOCOL='h2',REQUEST_URL='https://pl.tedcdn.com/rss_feed_images/ted_talks_main_podcast/video.png',
08-06 13:00:05.644 24574 26013 I art     : Starting a blocking GC Explicit
08-06 13:00:05.663 24574 25345 D MYTAG   : interceptor 2a
08-06 13:00:05.663 24574 25345 I NAPPA_EXPERIMENTATION: MetricNetworkRequestExecutionTime: REQUEST_DURATION_SYSTEM='496',REQUEST_DURATION_OKHTTP='168',REQUEST_SYNCHRONOUS='TRUE',RESPONSE_CODE='404',RESPONSE_METHOD='GET',RESPONSE_LENGTH_OKHTTP='-1',RESPONSE_LENGTH_HEADER='1503',REQUEST_PROTOCOL='h2',REQUEST_URL='https://fab.industries/sixgun/files/linuxoutlaws.jpg',
08-06 13:00:05.665 24574 24574 W Glide   : Load failed for http://sixgun.org/files/linuxoutlaws.jpg with size [224x224]
08-06 13:00:05.665 24574 24574 W Glide   : class com.bumptech.glide.load.engine.GlideException: Failed to load resource
08-06 13:00:05.665 24574 24574 W Glide   : There was 1 cause:
08-06 13:00:05.665 24574 24574 W Glide   : com.bumptech.glide.load.HttpException()
08-06 13:00:05.665 24574 24574 W Glide   :  call GlideException#logRootCauses(String) for more detail
08-06 13:00:05.665 24574 24574 W Glide   :   Cause (1 of 1): class com.bumptech.glide.load.engine.GlideException: Fetching data failed, class java.io.InputStream, REMOTE
08-06 13:00:05.665 24574 24574 W Glide   : There was 1 cause:
08-06 13:00:05.665 24574 24574 W Glide   : com.bumptech.glide.load.HttpException()
08-06 13:00:05.665 24574 24574 W Glide   :  call GlideException#logRootCauses(String) for more detail
08-06 13:00:05.665 24574 24574 W Glide   :     Cause (1 of 1): class com.bumptech.glide.load.HttpException: 
08-06 13:00:05.666 24574 24574 I Glide   : Root cause (1 of 1)
08-06 13:00:05.666 24574 24574 I Glide   : com.bumptech.glide.load.HttpException: 
08-06 13:00:05.666 24574 24574 I Glide   : 	at com.bumptech.glide.integration.okhttp3.OkHttpStreamFetcher.onResponse(OkHttpStreamFetcher.java:73)
08-06 13:00:05.666 24574 24574 I Glide   : 	at okhttp3.RealCall$AsyncCall.execute(RealCall.java:174)
08-06 13:00:05.666 24574 24574 I Glide   : 	at okhttp3.internal.NamedRunnable.run(NamedRunnable.java:32)
08-06 13:00:05.666 24574 24574 I Glide   : 	at java.util.concurrent.ThreadPoolExecutor.runWorker(ThreadPoolExecutor.java:1113)
08-06 13:00:05.666 24574 24574 I Glide   : 	at java.util.concurrent.ThreadPoolExecutor$Worker.run(ThreadPoolExecutor.java:588)
08-06 13:00:05.666 24574 24574 I Glide   : 	at java.lang.Thread.run(Thread.java:818)
08-06 13:00:05.668 24574 24574 W Glide   : Load failed for http://sixgun.org/files/linuxoutlaws.jpg with size [224x224]
08-06 13:00:05.668 24574 24574 W Glide   : class com.bumptech.glide.load.engine.GlideException: Failed to load resource
08-06 13:00:05.668 24574 24574 W Glide   : There was 1 cause:
08-06 13:00:05.668 24574 24574 W Glide   : com.bumptech.glide.load.HttpException()
08-06 13:00:05.668 24574 24574 W Glide   :  call GlideException#logRootCauses(String) for more detail
08-06 13:00:05.668 24574 24574 W Glide   :   Cause (1 of 1): class com.bumptech.glide.load.engine.GlideException: Fetching data failed, class java.io.InputStream, REMOTE
08-06 13:00:05.668 24574 24574 W Glide   : There was 1 cause:
08-06 13:00:05.668 24574 24574 W Glide   : com.bumptech.glide.load.HttpException()
08-06 13:00:05.668 24574 24574 W Glide   :  call GlideException#logRootCauses(String) for more detail
08-06 13:00:05.668 24574 24574 W Glide   :     Cause (1 of 1): class com.bumptech.glide.load.HttpException: 
08-06 13:00:05.668 24574 24574 I Glide   : Root cause (1 of 1)
08-06 13:00:05.668 24574 24574 I Glide   : com.bumptech.glide.load.HttpException: 
08-06 13:00:05.668 24574 24574 I Glide   : 	at com.bumptech.glide.integration.okhttp3.OkHttpStreamFetcher.onResponse(OkHttpStreamFetcher.java:73)
08-06 13:00:05.668 24574 24574 I Glide   : 	at okhttp3.RealCall$AsyncCall.execute(RealCall.java:174)
08-06 13:00:05.668 24574 24574 I Glide   : 	at okhttp3.internal.NamedRunnable.run(NamedRunnable.java:32)
08-06 13:00:05.668 24574 24574 I Glide   : 	at java.util.concurrent.ThreadPoolExecutor.runWorker(ThreadPoolExecutor.java:1113)
08-06 13:00:05.668 24574 24574 I Glide   : 	at java.util.concurrent.ThreadPoolExecutor$Worker.run(ThreadPoolExecutor.java:588)
08-06 13:00:05.668 24574 24574 I Glide   : 	at java.lang.Thread.run(Thread.java:818)
08-06 13:00:05.687 24574 26013 I art     : Explicit concurrent mark sweep GC freed 1113(118KB) AllocSpace objects, 0(0B) LOS objects, 24% free, 50MB/66MB, paused 2.091ms total 42.003ms
08-06 13:00:05.699 24574 26013 I art     : Starting a blocking GC Explicit
08-06 13:00:05.703 24574 25339 D MYTAG   : interceptor 2a
08-06 13:00:05.703 24574 25339 I NAPPA_EXPERIMENTATION: MetricNetworkRequestExecutionTime: REQUEST_DURATION_SYSTEM='507',REQUEST_DURATION_OKHTTP='281',REQUEST_SYNCHRONOUS='TRUE',RESPONSE_CODE='200',RESPONSE_METHOD='GET',RESPONSE_LENGTH_OKHTTP='465707',RESPONSE_LENGTH_HEADER='465707',REQUEST_PROTOCOL='h2',REQUEST_URL='https://elroy.twit.tv/sites/default/files/styles/twit_album_art_2048x2048/public/images/shows/this_week_in_tech/album_art/audio/twit1400audio.jpg?itok=J0vhatZb',
08-06 13:00:05.738 24574 26013 I art     : Explicit concurrent mark sweep GC freed 557(84KB) AllocSpace objects, 0(0B) LOS objects, 24% free, 50MB/66MB, paused 2.291ms total 38.808ms
08-06 13:00:05.759 24574 25523 D ApOkHttpUrlLoader: buildLoadData() called with: model = [http://sixgun.org/files/linuxoutlaws.jpg], width = [224], height = [224]
08-06 13:00:05.760 24574 25339 D DBReader: getImageAuthentication() called with: imageUrl = [http://sixgun.org/files/linuxoutlaws.jpg]
08-06 13:00:05.763 24574 25339 D ApOkHttpUrlLoader: no credentials for 'http://sixgun.org/files/linuxoutlaws.jpg'
08-06 13:00:05.801 24574 25339 D DBWriter: updateFeedDownloadURL(original: http://sixgun.org/files/linuxoutlaws.jpg, updated: https://fab.industries/sixgun/files/linuxoutlaws.jpg)
08-06 13:00:05.943 24574 25339 D MYTAG   : interceptor 2a
08-06 13:00:05.943 24574 25339 I NAPPA_EXPERIMENTATION: MetricNetworkRequestExecutionTime: REQUEST_DURATION_SYSTEM='180',REQUEST_DURATION_OKHTTP='139',REQUEST_SYNCHRONOUS='TRUE',RESPONSE_CODE='404',RESPONSE_METHOD='GET',RESPONSE_LENGTH_OKHTTP='-1',RESPONSE_LENGTH_HEADER='1503',REQUEST_PROTOCOL='h2',REQUEST_URL='https://fab.industries/sixgun/files/linuxoutlaws.jpg',
08-06 13:00:05.945 24574 24574 W Glide   : Load failed for http://sixgun.org/files/linuxoutlaws.jpg with size [224x224]
08-06 13:00:05.945 24574 24574 W Glide   : class com.bumptech.glide.load.engine.GlideException: Failed to load resource
08-06 13:00:05.945 24574 24574 W Glide   : There was 1 cause:
08-06 13:00:05.945 24574 24574 W Glide   : com.bumptech.glide.load.HttpException()
08-06 13:00:05.945 24574 24574 W Glide   :  call GlideException#logRootCauses(String) for more detail
08-06 13:00:05.945 24574 24574 W Glide   :   Cause (1 of 1): class com.bumptech.glide.load.engine.GlideException: Fetching data failed, class java.io.InputStream, REMOTE
08-06 13:00:05.945 24574 24574 W Glide   : There was 1 cause:
08-06 13:00:05.945 24574 24574 W Glide   : com.bumptech.glide.load.HttpException()
08-06 13:00:05.945 24574 24574 W Glide   :  call GlideException#logRootCauses(String) for more detail
08-06 13:00:05.945 24574 24574 W Glide   :     Cause (1 of 1): class com.bumptech.glide.load.HttpException: 
08-06 13:00:05.945 24574 24574 I Glide   : Root cause (1 of 1)
08-06 13:00:05.945 24574 24574 I Glide   : com.bumptech.glide.load.HttpException: 
08-06 13:00:05.945 24574 24574 I Glide   : 	at com.bumptech.glide.integration.okhttp3.OkHttpStreamFetcher.onResponse(OkHttpStreamFetcher.java:73)
08-06 13:00:05.945 24574 24574 I Glide   : 	at okhttp3.RealCall$AsyncCall.execute(RealCall.java:174)
08-06 13:00:05.945 24574 24574 I Glide   : 	at okhttp3.internal.NamedRunnable.run(NamedRunnable.java:32)
08-06 13:00:05.945 24574 24574 I Glide   : 	at java.util.concurrent.ThreadPoolExecutor.runWorker(ThreadPoolExecutor.java:1113)
08-06 13:00:05.945 24574 24574 I Glide   : 	at java.util.concurrent.ThreadPoolExecutor$Worker.run(ThreadPoolExecutor.java:588)
08-06 13:00:05.945 24574 24574 I Glide   : 	at java.lang.Thread.run(Thread.java:818)
08-06 13:00:06.044 24574 25523 D ApOkHttpUrlLoader: buildLoadData() called with: model = [http://sixgun.org/files/linuxoutlaws.jpg], width = [224], height = [224]
08-06 13:00:06.048 24574 25339 D DBReader: getImageAuthentication() called with: imageUrl = [http://sixgun.org/files/linuxoutlaws.jpg]
08-06 13:00:06.057 24574 25339 D ApOkHttpUrlLoader: no credentials for 'http://sixgun.org/files/linuxoutlaws.jpg'
08-06 13:00:06.070 24574 24611 I art     : Starting a blocking GC Explicit
08-06 13:00:06.120 24574 24611 I art     : Explicit concurrent mark sweep GC freed 3657(259KB) AllocSpace objects, 1(20KB) LOS objects, 23% free, 50MB/66MB, paused 1.724ms total 48.588ms
08-06 13:00:06.133 24574 24611 I art     : Starting a blocking GC Explicit
08-06 13:00:06.167 24574 25339 D DBWriter: updateFeedDownloadURL(original: http://sixgun.org/files/linuxoutlaws.jpg, updated: https://fab.industries/sixgun/files/linuxoutlaws.jpg)
08-06 13:00:06.178 24574 24611 I art     : Explicit concurrent mark sweep GC freed 337(15KB) AllocSpace objects, 0(0B) LOS objects, 23% free, 50MB/66MB, paused 1.772ms total 44.574ms
08-06 13:00:06.191 24574 24611 I art     : Starting a blocking GC Explicit
08-06 13:00:06.240 24574 24611 I art     : Explicit concurrent mark sweep GC freed 46(1776B) AllocSpace objects, 0(0B) LOS objects, 23% free, 50MB/66MB, paused 1.859ms total 48.239ms
08-06 13:00:06.256 24574 24611 I art     : Starting a blocking GC Explicit
08-06 13:00:06.302 24574 24611 I art     : Explicit concurrent mark sweep GC freed 3(96B) AllocSpace objects, 0(0B) LOS objects, 23% free, 50MB/66MB, paused 1.697ms total 45.429ms
08-06 13:00:06.314 24574 25339 D MYTAG   : interceptor 2a
08-06 13:00:06.314 24574 25339 I NAPPA_EXPERIMENTATION: MetricNetworkRequestExecutionTime: REQUEST_DURATION_SYSTEM='256',REQUEST_DURATION_OKHTTP='141',REQUEST_SYNCHRONOUS='TRUE',RESPONSE_CODE='404',RESPONSE_METHOD='GET',RESPONSE_LENGTH_OKHTTP='-1',RESPONSE_LENGTH_HEADER='1503',REQUEST_PROTOCOL='h2',REQUEST_URL='https://fab.industries/sixgun/files/linuxoutlaws.jpg',
08-06 13:00:06.316 24574 24611 I art     : Starting a blocking GC Explicit
08-06 13:00:06.320 24574 24574 W Glide   : Load failed for http://sixgun.org/files/linuxoutlaws.jpg with size [224x224]
08-06 13:00:06.320 24574 24574 W Glide   : class com.bumptech.glide.load.engine.GlideException: Failed to load resource
08-06 13:00:06.320 24574 24574 W Glide   : There was 1 cause:
08-06 13:00:06.320 24574 24574 W Glide   : com.bumptech.glide.load.HttpException()
08-06 13:00:06.320 24574 24574 W Glide   :  call GlideException#logRootCauses(String) for more detail
08-06 13:00:06.320 24574 24574 W Glide   :   Cause (1 of 1): class com.bumptech.glide.load.engine.GlideException: Fetching data failed, class java.io.InputStream, REMOTE
08-06 13:00:06.320 24574 24574 W Glide   : There was 1 cause:
08-06 13:00:06.320 24574 24574 W Glide   : com.bumptech.glide.load.HttpException()
08-06 13:00:06.320 24574 24574 W Glide   :  call GlideException#logRootCauses(String) for more detail
08-06 13:00:06.320 24574 24574 W Glide   :     Cause (1 of 1): class com.bumptech.glide.load.HttpException: 
08-06 13:00:06.321 24574 24574 I Glide   : Root cause (1 of 1)
08-06 13:00:06.321 24574 24574 I Glide   : com.bumptech.glide.load.HttpException: 
08-06 13:00:06.321 24574 24574 I Glide   : 	at com.bumptech.glide.integration.okhttp3.OkHttpStreamFetcher.onResponse(OkHttpStreamFetcher.java:73)
08-06 13:00:06.321 24574 24574 I Glide   : 	at okhttp3.RealCall$AsyncCall.execute(RealCall.java:174)
08-06 13:00:06.321 24574 24574 I Glide   : 	at okhttp3.internal.NamedRunnable.run(NamedRunnable.java:32)
08-06 13:00:06.321 24574 24574 I Glide   : 	at java.util.concurrent.ThreadPoolExecutor.runWorker(ThreadPoolExecutor.java:1113)
08-06 13:00:06.321 24574 24574 I Glide   : 	at java.util.concurrent.ThreadPoolExecutor$Worker.run(ThreadPoolExecutor.java:588)
08-06 13:00:06.321 24574 24574 I Glide   : 	at java.lang.Thread.run(Thread.java:818)
08-06 13:00:06.364 24574 24611 I art     : Explicit concurrent mark sweep GC freed 283(40KB) AllocSpace objects, 0(0B) LOS objects, 23% free, 50MB/66MB, paused 1.640ms total 47.850ms
08-06 13:00:06.748 24574 24594 I art     : Starting a blocking GC Explicit
08-06 13:00:06.799 24574 24594 I art     : Explicit concurrent mark sweep GC freed 1603(90KB) AllocSpace objects, 1(20KB) LOS objects, 23% free, 50MB/66MB, paused 2.243ms total 50.356ms
08-06 13:00:06.812 24574 24594 I art     : Starting a blocking GC Explicit
08-06 13:00:06.856 24574 24594 I art     : Explicit concurrent mark sweep GC freed 43(1392B) AllocSpace objects, 0(0B) LOS objects, 23% free, 50MB/66MB, paused 1.567ms total 42.954ms
08-06 13:00:06.869 24574 24594 I art     : Starting a blocking GC Explicit
08-06 13:00:06.912 24574 24594 I art     : Explicit concurrent mark sweep GC freed 46(1312B) AllocSpace objects, 0(0B) LOS objects, 23% free, 50MB/66MB, paused 1.494ms total 42.777ms
08-06 13:00:06.925 24574 24594 I art     : Starting a blocking GC Explicit
08-06 13:00:06.968 24574 24594 I art     : Explicit concurrent mark sweep GC freed 15(480B) AllocSpace objects, 0(0B) LOS objects, 23% free, 50MB/66MB, paused 1.521ms total 41.988ms
08-06 13:00:06.981 24574 24594 I art     : Starting a blocking GC Explicit
08-06 13:00:07.024 24574 24594 I art     : Explicit concurrent mark sweep GC freed 8(256B) AllocSpace objects, 0(0B) LOS objects, 23% free, 50MB/66MB, paused 1.423ms total 42.733ms
08-06 13:00:07.423 24574 26013 I art     : Starting a blocking GC Explicit
08-06 13:00:07.483 24574 26013 I art     : Explicit concurrent mark sweep GC freed 1381(81KB) AllocSpace objects, 1(20KB) LOS objects, 23% free, 50MB/66MB, paused 1.539ms total 59.361ms
08-06 13:00:07.498 24574 26013 I art     : Starting a blocking GC Explicit
08-06 13:00:07.545 24574 26013 I art     : Explicit concurrent mark sweep GC freed 23(752B) AllocSpace objects, 0(0B) LOS objects, 23% free, 50MB/66MB, paused 1.514ms total 46.731ms
08-06 13:00:07.559 24574 26013 I art     : Starting a blocking GC Explicit
08-06 13:00:07.606 24574 26013 I art     : Explicit concurrent mark sweep GC freed 3(96B) AllocSpace objects, 0(0B) LOS objects, 23% free, 50MB/66MB, paused 1.476ms total 46.826ms
08-06 13:00:07.620 24574 26013 I art     : Starting a blocking GC Explicit
08-06 13:00:07.666 24574 26013 I art     : Explicit concurrent mark sweep GC freed 3(96B) AllocSpace objects, 0(0B) LOS objects, 23% free, 50MB/66MB, paused 1.531ms total 46.396ms
08-06 13:00:07.680 24574 26013 I art     : Starting a blocking GC Explicit
08-06 13:00:07.729 24574 26013 I art     : Explicit concurrent mark sweep GC freed 3(96B) AllocSpace objects, 0(0B) LOS objects, 23% free, 50MB/66MB, paused 1.621ms total 48.082ms
08-06 13:00:08.121 24574 24594 I art     : Starting a blocking GC Explicit
08-06 13:00:08.179 24574 24594 I art     : Explicit concurrent mark sweep GC freed 1412(82KB) AllocSpace objects, 1(20KB) LOS objects, 23% free, 50MB/66MB, paused 1.796ms total 56.703ms
08-06 13:00:08.194 24574 24594 I art     : Starting a blocking GC Explicit
08-06 13:00:08.242 24574 24594 I art     : Explicit concurrent mark sweep GC freed 23(752B) AllocSpace objects, 0(0B) LOS objects, 23% free, 50MB/66MB, paused 1.605ms total 48.044ms
08-06 13:00:08.256 24574 24594 I art     : Starting a blocking GC Explicit
08-06 13:00:08.303 24574 24594 I art     : Explicit concurrent mark sweep GC freed 3(96B) AllocSpace objects, 0(0B) LOS objects, 23% free, 50MB/66MB, paused 1.590ms total 46.077ms
08-06 13:00:08.316 24574 24594 I art     : Starting a blocking GC Explicit
08-06 13:00:08.365 24574 24594 I art     : Explicit concurrent mark sweep GC freed 3(96B) AllocSpace objects, 0(0B) LOS objects, 23% free, 50MB/66MB, paused 1.637ms total 48.024ms
08-06 13:00:08.381 24574 24594 I art     : Starting a blocking GC Explicit
08-06 13:00:08.426 24574 24594 I art     : Explicit concurrent mark sweep GC freed 3(96B) AllocSpace objects, 0(0B) LOS objects, 23% free, 50MB/66MB, paused 1.590ms total 45.212ms
08-06 13:00:08.833 24574 24595 I art     : Starting a blocking GC Explicit
08-06 13:00:08.888 24574 24595 I art     : Explicit concurrent mark sweep GC freed 1410(81KB) AllocSpace objects, 1(20KB) LOS objects, 23% free, 50MB/66MB, paused 1.579ms total 54.712ms
08-06 13:00:08.902 24574 24595 I art     : Starting a blocking GC Explicit
08-06 13:00:08.950 24574 24595 I art     : Explicit concurrent mark sweep GC freed 23(752B) AllocSpace objects, 0(0B) LOS objects, 23% free, 50MB/66MB, paused 3.812ms total 46.151ms
08-06 13:00:08.964 24574 24595 I art     : Starting a blocking GC Explicit
08-06 13:00:09.010 24574 24595 I art     : Explicit concurrent mark sweep GC freed 3(96B) AllocSpace objects, 0(0B) LOS objects, 23% free, 50MB/66MB, paused 1.633ms total 45.912ms
08-06 13:00:09.024 24574 24595 I art     : Starting a blocking GC Explicit
08-06 13:00:09.070 24574 24595 I art     : Explicit concurrent mark sweep GC freed 22(880B) AllocSpace objects, 0(0B) LOS objects, 23% free, 50MB/66MB, paused 1.670ms total 45.534ms
08-06 13:00:09.083 24574 24595 I art     : Starting a blocking GC Explicit
08-06 13:00:09.132 24574 24595 I art     : Explicit concurrent mark sweep GC freed 25(1360B) AllocSpace objects, 0(0B) LOS objects, 23% free, 50MB/66MB, paused 1.500ms total 48.004ms
08-06 13:00:09.520 24574 24611 I art     : Starting a blocking GC Explicit
08-06 13:00:09.582 24574 24611 I art     : Explicit concurrent mark sweep GC freed 1388(82KB) AllocSpace objects, 1(20KB) LOS objects, 23% free, 50MB/66MB, paused 1.752ms total 61.768ms
08-06 13:00:09.599 24574 24611 I art     : Starting a blocking GC Explicit
08-06 13:00:09.646 24574 24611 I art     : Explicit concurrent mark sweep GC freed 23(752B) AllocSpace objects, 0(0B) LOS objects, 23% free, 50MB/66MB, paused 1.617ms total 46.700ms
08-06 13:00:09.662 24574 24611 I art     : Starting a blocking GC Explicit
08-06 13:00:09.710 24574 24611 I art     : Explicit concurrent mark sweep GC freed 3(96B) AllocSpace objects, 0(0B) LOS objects, 23% free, 50MB/66MB, paused 1.630ms total 47.508ms
08-06 13:00:09.723 24574 24611 I art     : Starting a blocking GC Explicit
08-06 13:00:09.771 24574 24611 I art     : Explicit concurrent mark sweep GC freed 3(96B) AllocSpace objects, 0(0B) LOS objects, 23% free, 50MB/66MB, paused 1.629ms total 47.573ms
08-06 13:00:09.785 24574 24611 I art     : Starting a blocking GC Explicit
08-06 13:00:09.830 24574 24611 I art     : Explicit concurrent mark sweep GC freed 3(96B) AllocSpace objects, 0(0B) LOS objects, 23% free, 50MB/66MB, paused 1.672ms total 45.322ms
08-06 13:00:10.205 24574 26013 I art     : Starting a blocking GC Explicit
08-06 13:00:10.268 24574 26013 I art     : Explicit concurrent mark sweep GC freed 1414(83KB) AllocSpace objects, 1(20KB) LOS objects, 23% free, 50MB/66MB, paused 1.557ms total 61.876ms
08-06 13:00:10.284 24574 26013 I art     : Starting a blocking GC Explicit
08-06 13:00:10.331 24574 26013 I art     : Explicit concurrent mark sweep GC freed 23(752B) AllocSpace objects, 0(0B) LOS objects, 23% free, 50MB/66MB, paused 1.586ms total 46.090ms
08-06 13:00:10.344 24574 26013 I art     : Starting a blocking GC Explicit
08-06 13:00:10.392 24574 26013 I art     : Explicit concurrent mark sweep GC freed 3(96B) AllocSpace objects, 0(0B) LOS objects, 23% free, 50MB/66MB, paused 1.471ms total 47.438ms
08-06 13:00:10.405 24574 26013 I art     : Starting a blocking GC Explicit
08-06 13:00:10.450 24574 26013 I art     : Explicit concurrent mark sweep GC freed 3(96B) AllocSpace objects, 0(0B) LOS objects, 23% free, 50MB/66MB, paused 1.488ms total 44.562ms
08-06 13:00:10.464 24574 26013 I art     : Starting a blocking GC Explicit
08-06 13:00:10.507 24574 26013 I art     : Explicit concurrent mark sweep GC freed 3(96B) AllocSpace objects, 0(0B) LOS objects, 23% free, 50MB/66MB, paused 1.441ms total 42.411ms
08-06 13:00:10.711   918  3188 I hubconnection: sensorhub said: 'set_bias 3: -5.5680, 0.0000, 0.0000'
08-06 13:00:10.887 24574 24594 I art     : Starting a blocking GC Explicit
08-06 13:00:10.933 24574 24594 I art     : Explicit concurrent mark sweep GC freed 1413(82KB) AllocSpace objects, 1(20KB) LOS objects, 23% free, 50MB/66MB, paused 1.656ms total 45.850ms
08-06 13:00:10.947 24574 24594 I art     : Starting a blocking GC Explicit
08-06 13:00:10.991 24574 24594 I art     : Explicit concurrent mark sweep GC freed 23(752B) AllocSpace objects, 0(0B) LOS objects, 23% free, 50MB/66MB, paused 1.625ms total 44.276ms
08-06 13:00:11.004 24574 24594 I art     : Starting a blocking GC Explicit
08-06 13:00:11.021 27610 27610 D AndroidRuntime: >>>>>> START com.android.internal.os.RuntimeInit uid 2000 <<<<<<
08-06 13:00:11.028 27610 27610 D AndroidRuntime: CheckJNI is OFF
08-06 13:00:11.049 24574 24594 I art     : Explicit concurrent mark sweep GC freed 3(96B) AllocSpace objects, 0(0B) LOS objects, 23% free, 50MB/66MB, paused 1.703ms total 44.124ms
08-06 13:00:11.061 24574 24594 I art     : Starting a blocking GC Explicit
08-06 13:00:11.075 27610 27610 D ICU     : No timezone override file found: /data/misc/zoneinfo/current/icu/icu_tzdata.dat
08-06 13:00:11.105 24574 24594 I art     : Explicit concurrent mark sweep GC freed 3(96B) AllocSpace objects, 0(0B) LOS objects, 23% free, 50MB/66MB, paused 1.698ms total 43.284ms
08-06 13:00:11.118 24574 24594 I art     : Starting a blocking GC Explicit
08-06 13:00:11.123 27610 27610 I Radio-JNI: register_android_hardware_Radio DONE
08-06 13:00:11.152 27610 27610 D AndroidRuntime: Calling main entry com.android.commands.input.Input
08-06 13:00:11.155 27610 27610 I Input   : injectMotionEvent: MotionEvent { action=ACTION_DOWN, actionButton=0, id[0]=0, x[0]=526.0, y[0]=597.0, toolType[0]=TOOL_TYPE_UNKNOWN, buttonState=0, metaState=0, flags=0x0, edgeFlags=0x0, pointerCount=1, historySize=0, eventTime=882027567, downTime=882027567, deviceId=0, source=0x1002 }
08-06 13:00:11.161 24574 24594 I art     : Explicit concurrent mark sweep GC freed 3(96B) AllocSpace objects, 0(0B) LOS objects, 23% free, 50MB/66MB, paused 1.639ms total 43.413ms
08-06 13:00:11.163 27610 27610 I Input   : injectMotionEvent: MotionEvent { action=ACTION_UP, actionButton=0, id[0]=0, x[0]=526.0, y[0]=597.0, toolType[0]=TOOL_TYPE_UNKNOWN, buttonState=0, metaState=0, flags=0x0, edgeFlags=0x0, pointerCount=1, historySize=0, eventTime=882027567, downTime=882027567, deviceId=0, source=0x1002 }
08-06 13:00:11.166 27610 27610 D AndroidRuntime: Shutting down VM
08-06 13:00:11.232 24574 24574 D PodcastListFragment: Selected podcast: GpodnetPodcast [url=http://feeds.feedburner.com/linuxoutlaws, title=Linux Outlaws, description=Two pragmatic geeks talk about the latest news concerning Linux, free and open
08-06 13:00:11.232 24574 24574 D PodcastListFragment: technology or anything else they deem noteworthy which may include such absurd
08-06 13:00:11.232 24574 24574 D PodcastListFragment: things as hockey or bands you never heard of. This means there's many a joke
08-06 13:00:11.232 24574 24574 D PodcastListFragment: and derailed conversation along the way, so don't come here expecting only
08-06 13:00:11.232 24574 24574 D PodcastListFragment: Linux or software freedom talk  just sit back and relax, partner., subscribers=3321, logoUrl=http://sixgun.org/files/linuxoutlaws.jpg, website=http://sixgun.org, mygpoLink=http://gpodder.net/podcast/linux-outlaws-mp3]
08-06 13:00:11.232   512  2967 D audio_hw_primary: out_set_parameters: enter: usecase(1: low-latency-playback) kvpairs: routing=2
08-06 13:00:11.233   918  4413 I ActivityManager: START u0 {cmp=baseline.de.danoeh.antennapod.debug/baseline.de.danoeh.antennapod.activity.OnlineFeedViewActivity (has extras)} from uid 10711 on display 0
08-06 13:00:11.245   512  2967 D audio_hw_primary: select_devices: out_snd_device(2: speaker) in_snd_device(0: none)
08-06 13:00:11.245   512  2967 D msm8974_platform: platform_send_audio_calibration: sending audio calibration for snd_device(2) acdb_id(15)
08-06 13:00:11.246   512  2967 I soundtrigger: audio_extn_sound_trigger_update_device_status: device 0x2 of type 0 for Event 1
08-06 13:00:11.259   512  2967 D audio_hw_primary: enable_snd_device: snd_device(2: speaker)
08-06 13:00:11.262   512  2967 D audio_hw_primary: enable_audio_route: apply and update mixer path: low-latency-playback speaker
08-06 13:00:11.278 24574 24574 D UserPreferences: Using default data folder
08-06 13:00:11.279 24574 24574 D OnlineFeedViewActivity: Activity was started with url http://feeds.feedburner.com/linuxoutlaws
08-06 13:00:11.281 24574 24574 D OnlineFeedViewActivity: Starting feed download
08-06 13:00:11.284 24574 25139 D DBReader: Extracting Feedlist
08-06 13:00:11.287   918  6111 D WifiService: acquireWifiLockLocked: WifiLock{Downloader type=1 binder=android.os.BinderProxy@ebaf341}
08-06 13:00:11.288 24574 25139 D AntennapodHttpClient: Creating new instance of HTTP client
08-06 13:00:11.342 13866 13866 I GoogleInputMethodServic: GoogleInputMethodService.onFinishInput():3138 
08-06 13:00:11.343 13866 13866 I GoogleInputMethodServic: GoogleInputMethodService.onStartInput():1808 
08-06 13:00:11.367   918   936 I ActivityManager: Displayed baseline.de.danoeh.antennapod.debug/baseline.de.danoeh.antennapod.activity.OnlineFeedViewActivity: +121ms
08-06 13:00:11.393 24574 25139 D MYTAG   : interceptor 3a http://feeds.feedburner.com/linuxoutlaws
08-06 13:00:11.394 24574 25139 I NAPPA_EXPERIMENTATION: MetricNetworkRequestExecutionTime: REQUEST_DURATION_SYSTEM='104',REQUEST_DURATION_OKHTTP='33',REQUEST_SYNCHRONOUS='TRUE',RESPONSE_CODE='200',RESPONSE_METHOD='GET',RESPONSE_LENGTH_OKHTTP='-1',RESPONSE_LENGTH_HEADER='-2',REQUEST_PROTOCOL='http/1.1',REQUEST_URL='http://feeds.feedburner.com/linuxoutlaws',
08-06 13:00:11.394 24574 25139 D HttpDownloader: Response code is 200
08-06 13:00:11.394 24574 25139 D UserPreferences: Using default data folder
08-06 13:00:11.396 24574 25139 D HttpDownloader: Getting size of download
08-06 13:00:11.396 24574 25139 D HttpDownloader: Size is -1
08-06 13:00:11.396 24574 25139 D UserPreferences: Using default data folder
08-06 13:00:11.397 24574 25139 D HttpDownloader: Free space is 20172390400
08-06 13:00:11.397 24574 25139 D HttpDownloader: Starting download
08-06 13:00:11.402 24574 25139 D HttpDownloader: Download was successful
08-06 13:00:11.403   918  4400 D WifiService: releaseWifiLockLocked: WifiLock{Downloader type=1 binder=android.os.BinderProxy@ebaf341}
08-06 13:00:11.404 24574 24606 D OpenGLRenderer: endAllStagingAnimators on 0x7f7b26a400 (GridView) with handle 0x7f76c91f60
08-06 13:00:11.408 24574 24574 D OnlineFeedViewActivity: Parsing feed
08-06 13:00:11.412 24574 27644 D TypeGetter: Recognized type RSS 2.0
08-06 13:00:11.415 24574 27644 D SyndHandler: Recognized Content namespace
08-06 13:00:11.415 24574 27644 D SyndHandler: Recognized DublinCore namespace
08-06 13:00:11.416 24574 27644 D SyndHandler: Recognized Atom namespace
08-06 13:00:11.416 24574 27644 D SyndHandler: Recognized ITunes namespace
08-06 13:00:11.416 24574 27644 D SyndHandler: Recognized media namespace
08-06 13:00:11.454 24574 27644 D OnlineFeedViewActivity: Deleted feed source file. Result: true
08-06 13:00:11.454 24574 24574 D OnlineFeedViewActivity: Removing HTML from shownotes
08-06 13:00:11.476 24574 25523 D ApOkHttpUrlLoader: buildLoadData() called with: model = [http://sixgun.org/files/linuxoutlaws.jpg], width = [350], height = [350]
08-06 13:00:11.478 24574 25339 D DBReader: getImageAuthentication() called with: imageUrl = [http://sixgun.org/files/linuxoutlaws.jpg]
08-06 13:00:11.482 24574 25339 D ApOkHttpUrlLoader: no credentials for 'http://sixgun.org/files/linuxoutlaws.jpg'
08-06 13:00:11.503 24574 24594 I art     : Starting a blocking GC Explicit
08-06 13:00:11.510 24574 25339 D DBWriter: updateFeedDownloadURL(original: http://sixgun.org/files/linuxoutlaws.jpg, updated: https://fab.industries/sixgun/files/linuxoutlaws.jpg)
08-06 13:00:11.554 24574 24594 I art     : Explicit concurrent mark sweep GC freed 15248(1303KB) AllocSpace objects, 16(848KB) LOS objects, 23% free, 51MB/67MB, paused 1.937ms total 51.059ms
08-06 13:00:11.568 24574 24594 I art     : Starting a blocking GC Explicit
08-06 13:00:11.615   380   380 W SurfaceFlinger: couldn't log to binary event log: overflow.
08-06 13:00:11.620 24574 24594 I art     : Explicit concurrent mark sweep GC freed 1498(68KB) AllocSpace objects, 0(0B) LOS objects, 23% free, 51MB/67MB, paused 2.128ms total 51.297ms
08-06 13:00:11.636 24574 24594 I art     : Starting a blocking GC Explicit
08-06 13:00:11.649 24574 25339 D MYTAG   : interceptor 2a
08-06 13:00:11.649 24574 25339 I NAPPA_EXPERIMENTATION: MetricNetworkRequestExecutionTime: REQUEST_DURATION_SYSTEM='166',REQUEST_DURATION_OKHTTP='135',REQUEST_SYNCHRONOUS='TRUE',RESPONSE_CODE='404',RESPONSE_METHOD='GET',RESPONSE_LENGTH_OKHTTP='-1',RESPONSE_LENGTH_HEADER='1503',REQUEST_PROTOCOL='h2',REQUEST_URL='https://fab.industries/sixgun/files/linuxoutlaws.jpg',
08-06 13:00:11.650 24574 24574 W Glide   : Load failed for http://sixgun.org/files/linuxoutlaws.jpg with size [350x350]
08-06 13:00:11.650 24574 24574 W Glide   : class com.bumptech.glide.load.engine.GlideException: Failed to load resource
08-06 13:00:11.650 24574 24574 W Glide   : There was 1 cause:
08-06 13:00:11.650 24574 24574 W Glide   : com.bumptech.glide.load.HttpException()
08-06 13:00:11.650 24574 24574 W Glide   :  call GlideException#logRootCauses(String) for more detail
08-06 13:00:11.650 24574 24574 W Glide   :   Cause (1 of 1): class com.bumptech.glide.load.engine.GlideException: Fetching data failed, class java.io.InputStream, REMOTE
08-06 13:00:11.650 24574 24574 W Glide   : There was 1 cause:
08-06 13:00:11.650 24574 24574 W Glide   : com.bumptech.glide.load.HttpException()
08-06 13:00:11.650 24574 24574 W Glide   :  call GlideException#logRootCauses(String) for more detail
08-06 13:00:11.650 24574 24574 W Glide   :     Cause (1 of 1): class com.bumptech.glide.load.HttpException: 
08-06 13:00:11.650 24574 24574 I Glide   : Root cause (1 of 1)
08-06 13:00:11.650 24574 24574 I Glide   : com.bumptech.glide.load.HttpException: 
08-06 13:00:11.650 24574 24574 I Glide   : 	at com.bumptech.glide.integration.okhttp3.OkHttpStreamFetcher.onResponse(OkHttpStreamFetcher.java:73)
08-06 13:00:11.650 24574 24574 I Glide   : 	at okhttp3.RealCall$AsyncCall.execute(RealCall.java:174)
08-06 13:00:11.650 24574 24574 I Glide   : 	at okhttp3.internal.NamedRunnable.run(NamedRunnable.java:32)
08-06 13:00:11.650 24574 24574 I Glide   : 	at java.util.concurrent.ThreadPoolExecutor.runWorker(ThreadPoolExecutor.java:1113)
08-06 13:00:11.650 24574 24574 I Glide   : 	at java.util.concurrent.ThreadPoolExecutor$Worker.run(ThreadPoolExecutor.java:588)
08-06 13:00:11.650 24574 24574 I Glide   : 	at java.lang.Thread.run(Thread.java:818)
08-06 13:00:11.675 24574 24594 I art     : Explicit concurrent mark sweep GC freed 312(42KB) AllocSpace objects, 0(0B) LOS objects, 23% free, 51MB/67MB, paused 1.418ms total 38.496ms
08-06 13:00:11.687 24574 24594 I art     : Starting a blocking GC Explicit
08-06 13:00:11.726 24574 24594 I art     : Explicit concurrent mark sweep GC freed 164(6KB) AllocSpace objects, 0(0B) LOS objects, 23% free, 51MB/67MB, paused 1.410ms total 38.106ms
08-06 13:00:11.738 24574 24594 I art     : Starting a blocking GC Explicit
08-06 13:00:11.755 24574 24574 D PlaybackController: Releasing PlaybackController
08-06 13:00:11.785 24574 24594 I art     : Explicit concurrent mark sweep GC freed 254(13KB) AllocSpace objects, 0(0B) LOS objects, 23% free, 51MB/67MB, paused 1.572ms total 46.308ms
08-06 13:00:11.809   512  2967 D audio_hw_primary: disable_audio_route: reset and update mixer path: low-latency-playback speaker
08-06 13:00:11.809   512  2967 D audio_hw_primary: disable_snd_device: snd_device(2: speaker)
08-06 13:00:11.817   512  2967 I soundtrigger: audio_extn_sound_trigger_update_device_status: device 0x2 of type 0 for Event 0
08-06 13:00:12.142 24574 26013 I art     : Starting a blocking GC Explicit
08-06 13:00:12.202 24574 26013 I art     : Explicit concurrent mark sweep GC freed 1445(84KB) AllocSpace objects, 2(132KB) LOS objects, 23% free, 50MB/66MB, paused 1.962ms total 59.950ms
08-06 13:00:12.219 24574 26013 I art     : Starting a blocking GC Explicit
08-06 13:00:12.264 24574 26013 I art     : Explicit concurrent mark sweep GC freed 47(1552B) AllocSpace objects, 0(0B) LOS objects, 23% free, 50MB/66MB, paused 1.681ms total 45.474ms
08-06 13:00:12.281 24574 26013 I art     : Starting a blocking GC Explicit
08-06 13:00:12.327 24574 26013 I art     : Explicit concurrent mark sweep GC freed 3(96B) AllocSpace objects, 0(0B) LOS objects, 23% free, 50MB/66MB, paused 1.587ms total 45.529ms
08-06 13:00:12.340 24574 26013 I art     : Starting a blocking GC Explicit
08-06 13:00:12.386 24574 26013 I art     : Explicit concurrent mark sweep GC freed 3(96B) AllocSpace objects, 0(0B) LOS objects, 23% free, 50MB/66MB, paused 1.583ms total 45.751ms
08-06 13:00:12.404 24574 26013 I art     : Starting a blocking GC Explicit
08-06 13:00:12.449 24574 26013 I art     : Explicit concurrent mark sweep GC freed 3(96B) AllocSpace objects, 0(0B) LOS objects, 23% free, 50MB/66MB, paused 1.605ms total 44.935ms
08-06 13:00:12.812 24574 24611 I art     : Starting a blocking GC Explicit
08-06 13:00:12.875 24574 24611 I art     : Explicit concurrent mark sweep GC freed 1381(81KB) AllocSpace objects, 1(20KB) LOS objects, 23% free, 50MB/66MB, paused 1.729ms total 62.842ms
08-06 13:00:12.892 24574 24611 I art     : Starting a blocking GC Explicit
08-06 13:00:12.942 24574 24611 I art     : Explicit concurrent mark sweep GC freed 52(1536B) AllocSpace objects, 0(0B) LOS objects, 23% free, 50MB/66MB, paused 1.680ms total 49.741ms
08-06 13:00:12.956 24574 24611 I art     : Starting a blocking GC Explicit
08-06 13:00:13.005 24574 24611 I art     : Explicit concurrent mark sweep GC freed 3(96B) AllocSpace objects, 0(0B) LOS objects, 23% free, 50MB/66MB, paused 1.851ms total 48.864ms
08-06 13:00:13.018 24574 24611 I art     : Starting a blocking GC Explicit
08-06 13:00:13.068 24574 24611 I art     : Explicit concurrent mark sweep GC freed 3(96B) AllocSpace objects, 0(0B) LOS objects, 23% free, 50MB/66MB, paused 1.721ms total 49.100ms
08-06 13:00:13.082 24574 24611 I art     : Starting a blocking GC Explicit
08-06 13:00:13.127 24574 24611 I art     : Explicit concurrent mark sweep GC freed 10(320B) AllocSpace objects, 0(0B) LOS objects, 23% free, 50MB/66MB, paused 1.566ms total 45.429ms
08-06 13:00:13.493 24574 24611 I art     : Starting a blocking GC Explicit
08-06 13:00:13.543 24574 24611 I art     : Explicit concurrent mark sweep GC freed 1404(81KB) AllocSpace objects, 1(20KB) LOS objects, 23% free, 50MB/66MB, paused 1.690ms total 49.900ms
08-06 13:00:13.557 24574 24611 I art     : Starting a blocking GC Explicit
08-06 13:00:13.607 24574 24611 I art     : Explicit concurrent mark sweep GC freed 23(752B) AllocSpace objects, 0(0B) LOS objects, 23% free, 50MB/66MB, paused 1.864ms total 49.894ms
08-06 13:00:13.621 24574 24611 I art     : Starting a blocking GC Explicit
08-06 13:00:13.669 24574 24611 I art     : Explicit concurrent mark sweep GC freed 3(96B) AllocSpace objects, 0(0B) LOS objects, 23% free, 50MB/66MB, paused 1.767ms total 47.121ms
08-06 13:00:13.682 24574 24611 I art     : Starting a blocking GC Explicit
08-06 13:00:13.732 24574 24611 I art     : Explicit concurrent mark sweep GC freed 3(96B) AllocSpace objects, 0(0B) LOS objects, 23% free, 50MB/66MB, paused 1.686ms total 49.584ms
08-06 13:00:13.746 24574 24611 I art     : Starting a blocking GC Explicit
08-06 13:00:13.794 24574 24611 I art     : Explicit concurrent mark sweep GC freed 3(96B) AllocSpace objects, 0(0B) LOS objects, 23% free, 50MB/66MB, paused 1.605ms total 47.295ms
08-06 13:00:14.170 24574 24594 I art     : Starting a blocking GC Explicit
08-06 13:00:14.211 24574 24594 I art     : Explicit concurrent mark sweep GC freed 1410(81KB) AllocSpace objects, 1(20KB) LOS objects, 23% free, 50MB/66MB, paused 1.650ms total 41.522ms
08-06 13:00:14.225 24574 24594 I art     : Starting a blocking GC Explicit
08-06 13:00:14.267 24574 24594 I art     : Explicit concurrent mark sweep GC freed 23(752B) AllocSpace objects, 0(0B) LOS objects, 23% free, 50MB/66MB, paused 1.663ms total 42.349ms
08-06 13:00:14.281 24574 24594 I art     : Starting a blocking GC Explicit
08-06 13:00:14.326 24574 24594 I art     : Explicit concurrent mark sweep GC freed 17(544B) AllocSpace objects, 0(0B) LOS objects, 23% free, 50MB/66MB, paused 1.553ms total 44.873ms
08-06 13:00:14.340 24574 24594 I art     : Starting a blocking GC Explicit
08-06 13:00:14.388 24574 24594 I art     : Explicit concurrent mark sweep GC freed 3(96B) AllocSpace objects, 0(0B) LOS objects, 23% free, 50MB/66MB, paused 1.751ms total 48.379ms
08-06 13:00:14.402 24574 24594 I art     : Starting a blocking GC Explicit
08-06 13:00:14.454 24574 24594 I art     : Explicit concurrent mark sweep GC freed 3(96B) AllocSpace objects, 0(0B) LOS objects, 23% free, 50MB/66MB, paused 1.713ms total 51.180ms
08-06 13:00:14.833 24574 24611 I art     : Starting a blocking GC Explicit
08-06 13:00:14.894 24574 24611 I art     : Explicit concurrent mark sweep GC freed 1410(81KB) AllocSpace objects, 1(20KB) LOS objects, 23% free, 50MB/66MB, paused 1.708ms total 59.801ms
08-06 13:00:14.911 24574 24611 I art     : Starting a blocking GC Explicit
08-06 13:00:14.963 24574 24611 I art     : Explicit concurrent mark sweep GC freed 23(752B) AllocSpace objects, 0(0B) LOS objects, 23% free, 50MB/66MB, paused 1.592ms total 51.646ms
08-06 13:00:14.976 24574 24611 I art     : Starting a blocking GC Explicit
08-06 13:00:15.027 24574 24611 I art     : Explicit concurrent mark sweep GC freed 3(96B) AllocSpace objects, 0(0B) LOS objects, 23% free, 50MB/66MB, paused 1.693ms total 49.881ms
08-06 13:00:15.044 24574 24611 I art     : Starting a blocking GC Explicit
08-06 13:00:15.095 24574 24611 I art     : Explicit concurrent mark sweep GC freed 3(96B) AllocSpace objects, 0(0B) LOS objects, 23% free, 50MB/66MB, paused 1.677ms total 51.300ms
08-06 13:00:15.109 24574 24611 I art     : Starting a blocking GC Explicit
08-06 13:00:15.160 24574 24611 I art     : Explicit concurrent mark sweep GC freed 3(96B) AllocSpace objects, 0(0B) LOS objects, 23% free, 50MB/66MB, paused 1.667ms total 50.389ms
08-06 13:00:15.564 24574 24595 I art     : Starting a blocking GC Explicit
08-06 13:00:15.616 24574 24595 I art     : Explicit concurrent mark sweep GC freed 1383(84KB) AllocSpace objects, 1(20KB) LOS objects, 23% free, 50MB/66MB, paused 1.508ms total 50.621ms
08-06 13:00:15.629 24574 24595 I art     : Starting a blocking GC Explicit
08-06 13:00:15.675 24574 24595 I art     : Explicit concurrent mark sweep GC freed 23(752B) AllocSpace objects, 0(0B) LOS objects, 23% free, 50MB/66MB, paused 1.646ms total 45.540ms
08-06 13:00:15.688 24574 24595 I art     : Starting a blocking GC Explicit
08-06 13:00:15.735 24574 24595 I art     : Explicit concurrent mark sweep GC freed 3(96B) AllocSpace objects, 0(0B) LOS objects, 23% free, 50MB/66MB, paused 1.692ms total 46.164ms
08-06 13:00:15.748 24574 24595 I art     : Starting a blocking GC Explicit
08-06 13:00:15.795 24574 24595 I art     : Explicit concurrent mark sweep GC freed 3(96B) AllocSpace objects, 0(0B) LOS objects, 23% free, 50MB/66MB, paused 1.867ms total 46.444ms
08-06 13:00:15.808 24574 24595 I art     : Starting a blocking GC Explicit
08-06 13:00:15.854 24574 24595 I art     : Explicit concurrent mark sweep GC freed 3(96B) AllocSpace objects, 0(0B) LOS objects, 23% free, 50MB/66MB, paused 1.629ms total 45.592ms
08-06 13:00:15.985 27701 27701 D AndroidRuntime: >>>>>> START com.android.internal.os.RuntimeInit uid 2000 <<<<<<
08-06 13:00:15.993 27701 27701 D AndroidRuntime: CheckJNI is OFF
08-06 13:00:16.040 27701 27701 D ICU     : No timezone override file found: /data/misc/zoneinfo/current/icu/icu_tzdata.dat
08-06 13:00:16.082 27701 27701 I Radio-JNI: register_android_hardware_Radio DONE
08-06 13:00:16.111 27701 27701 D AndroidRuntime: Calling main entry com.android.commands.input.Input
08-06 13:00:16.112 27701 27701 I Input   : injectKeyEvent: KeyEvent { action=ACTION_DOWN, keyCode=KEYCODE_BACK, scanCode=0, metaState=0, flags=0x0, repeatCount=0, eventTime=882032526, downTime=882032526, deviceId=-1, source=0x101 }
08-06 13:00:16.118 27701 27701 I Input   : injectKeyEvent: KeyEvent { action=ACTION_UP, keyCode=KEYCODE_BACK, scanCode=0, metaState=0, flags=0x0, repeatCount=0, eventTime=882032526, downTime=882032526, deviceId=-1, source=0x101 }
08-06 13:00:16.124 27701 27701 D AndroidRuntime: Shutting down VM
08-06 13:00:16.131 24574 24574 V PlaybackController: initServiceNotRunning()
08-06 13:00:16.131 24574 24574 D ExternalPlayerFragment: Loading media info
08-06 13:00:16.133 24574 25523 D ApOkHttpUrlLoader: buildLoadData() called with: model = [http://sixgun.org/files/linuxoutlaws.jpg], width = [224], height = [224]
08-06 13:00:16.134 24574 25339 D DBReader: getImageAuthentication() called with: imageUrl = [http://sixgun.org/files/linuxoutlaws.jpg]
08-06 13:00:16.135 24574 24574 D UserPreferences: Using default data folder
08-06 13:00:16.138 24574 25339 D ApOkHttpUrlLoader: no credentials for 'http://sixgun.org/files/linuxoutlaws.jpg'
08-06 13:00:16.139 24574 25139 D DBReader: getNavDrawerData() called with: 
08-06 13:00:16.153 24574 25139 D DBReader: getDownloadedItems() called
08-06 13:00:16.154 24574 25139 D DBReader: getFavoriteIDList() called
08-06 13:00:16.155 24574 25139 D DBReader: getQueueIDList() called
08-06 13:00:16.156 24574 25139 D DBReader: Extracting Feedlist
08-06 13:00:16.167 13866 13866 I GoogleInputMethodServic: GoogleInputMethodService.onFinishInput():3138 
08-06 13:00:16.167 13866 13866 I GoogleInputMethodServic: GoogleInputMethodService.onStartInput():1808 
08-06 13:00:16.185 24574 24574 D MainActivity: getLastNavFragment() -> AddFeedFragment
08-06 13:00:16.205 24574 25339 D DBWriter: updateFeedDownloadURL(original: http://sixgun.org/files/linuxoutlaws.jpg, updated: https://fab.industries/sixgun/files/linuxoutlaws.jpg)
08-06 13:00:16.229 24574 26013 I art     : Starting a blocking GC Explicit
08-06 13:00:16.271 24574 26013 I art     : Explicit concurrent mark sweep GC freed 3135(186KB) AllocSpace objects, 1(20KB) LOS objects, 23% free, 51MB/67MB, paused 1.555ms total 41.292ms
08-06 13:00:16.284 24574 26013 I art     : Starting a blocking GC Explicit
08-06 13:00:16.331 24574 26013 I art     : Explicit concurrent mark sweep GC freed 494(26KB) AllocSpace objects, 0(0B) LOS objects, 23% free, 51MB/67MB, paused 1.760ms total 47.348ms
08-06 13:00:16.346 24574 25339 D MYTAG   : interceptor 2a
08-06 13:00:16.347 24574 25339 I NAPPA_EXPERIMENTATION: MetricNetworkRequestExecutionTime: REQUEST_DURATION_SYSTEM='208',REQUEST_DURATION_OKHTTP='138',REQUEST_SYNCHRONOUS='TRUE',RESPONSE_CODE='404',RESPONSE_METHOD='GET',RESPONSE_LENGTH_OKHTTP='-1',RESPONSE_LENGTH_HEADER='1503',REQUEST_PROTOCOL='h2',REQUEST_URL='https://fab.industries/sixgun/files/linuxoutlaws.jpg',
08-06 13:00:16.347 24574 26013 I art     : Starting a blocking GC Explicit
08-06 13:00:16.348 24574 24574 W Glide   : Load failed for http://sixgun.org/files/linuxoutlaws.jpg with size [224x224]
08-06 13:00:16.348 24574 24574 W Glide   : class com.bumptech.glide.load.engine.GlideException: Failed to load resource
08-06 13:00:16.348 24574 24574 W Glide   : There was 1 cause:
08-06 13:00:16.348 24574 24574 W Glide   : com.bumptech.glide.load.HttpException()
08-06 13:00:16.348 24574 24574 W Glide   :  call GlideException#logRootCauses(String) for more detail
08-06 13:00:16.348 24574 24574 W Glide   :   Cause (1 of 1): class com.bumptech.glide.load.engine.GlideException: Fetching data failed, class java.io.InputStream, REMOTE
08-06 13:00:16.348 24574 24574 W Glide   : There was 1 cause:
08-06 13:00:16.348 24574 24574 W Glide   : com.bumptech.glide.load.HttpException()
08-06 13:00:16.348 24574 24574 W Glide   :  call GlideException#logRootCauses(String) for more detail
08-06 13:00:16.348 24574 24574 W Glide   :     Cause (1 of 1): class com.bumptech.glide.load.HttpException: 
08-06 13:00:16.349 24574 24574 I Glide   : Root cause (1 of 1)
08-06 13:00:16.349 24574 24574 I Glide   : com.bumptech.glide.load.HttpException: 
08-06 13:00:16.349 24574 24574 I Glide   : 	at com.bumptech.glide.integration.okhttp3.OkHttpStreamFetcher.onResponse(OkHttpStreamFetcher.java:73)
08-06 13:00:16.349 24574 24574 I Glide   : 	at okhttp3.RealCall$AsyncCall.execute(RealCall.java:174)
08-06 13:00:16.349 24574 24574 I Glide   : 	at okhttp3.internal.NamedRunnable.run(NamedRunnable.java:32)
08-06 13:00:16.349 24574 24574 I Glide   : 	at java.util.concurrent.ThreadPoolExecutor.runWorker(ThreadPoolExecutor.java:1113)
08-06 13:00:16.349 24574 24574 I Glide   : 	at java.util.concurrent.ThreadPoolExecutor$Worker.run(ThreadPoolExecutor.java:588)
08-06 13:00:16.349 24574 24574 I Glide   : 	at java.lang.Thread.run(Thread.java:818)
08-06 13:00:16.349 24574 24574 W Glide   : Load failed for http://sixgun.org/files/linuxoutlaws.jpg with size [224x224]
08-06 13:00:16.349 24574 24574 W Glide   : class com.bumptech.glide.load.engine.GlideException: Failed to load resource
08-06 13:00:16.349 24574 24574 W Glide   : There was 1 cause:
08-06 13:00:16.349 24574 24574 W Glide   : com.bumptech.glide.load.HttpException()
08-06 13:00:16.349 24574 24574 W Glide   :  call GlideException#logRootCauses(String) for more detail
08-06 13:00:16.349 24574 24574 W Glide   :   Cause (1 of 1): class com.bumptech.glide.load.engine.GlideException: Fetching data failed, class java.io.InputStream, REMOTE
08-06 13:00:16.349 24574 24574 W Glide   : There was 1 cause:
08-06 13:00:16.349 24574 24574 W Glide   : com.bumptech.glide.load.HttpException()
08-06 13:00:16.349 24574 24574 W Glide   :  call GlideException#logRootCauses(String) for more detail
08-06 13:00:16.349 24574 24574 W Glide   :     Cause (1 of 1): class com.bumptech.glide.load.HttpException: 
08-06 13:00:16.349 24574 24574 I Glide   : Root cause (1 of 1)
08-06 13:00:16.349 24574 24574 I Glide   : com.bumptech.glide.load.HttpException: 
08-06 13:00:16.349 24574 24574 I Glide   : 	at com.bumptech.glide.integration.okhttp3.OkHttpStreamFetcher.onResponse(OkHttpStreamFetcher.java:73)
08-06 13:00:16.349 24574 24574 I Glide   : 	at okhttp3.RealCall$AsyncCall.execute(RealCall.java:174)
08-06 13:00:16.349 24574 24574 I Glide   : 	at okhttp3.internal.NamedRunnable.run(NamedRunnable.java:32)
08-06 13:00:16.349 24574 24574 I Glide   : 	at java.util.concurrent.ThreadPoolExecutor.runWorker(ThreadPoolExecutor.java:1113)
08-06 13:00:16.349 24574 24574 I Glide   : 	at java.util.concurrent.ThreadPoolExecutor$Worker.run(ThreadPoolExecutor.java:588)
08-06 13:00:16.349 24574 24574 I Glide   : 	at java.lang.Thread.run(Thread.java:818)
08-06 13:00:16.400 24574 26013 I art     : Explicit concurrent mark sweep GC freed 542(73KB) AllocSpace objects, 0(0B) LOS objects, 23% free, 51MB/67MB, paused 1.591ms total 52.595ms
08-06 13:00:16.417 24574 26013 I art     : Starting a blocking GC Explicit
08-06 13:00:16.463 24574 26013 I art     : Explicit concurrent mark sweep GC freed 56(2592B) AllocSpace objects, 0(0B) LOS objects, 23% free, 50MB/66MB, paused 1.417ms total 46.142ms
08-06 13:00:16.470   380   380 W SurfaceFlinger: couldn't log to binary event log: overflow.
08-06 13:00:16.477 24574 26013 I art     : Starting a blocking GC Explicit
08-06 13:00:16.521 24574 26013 I art     : Explicit concurrent mark sweep GC freed 585(24KB) AllocSpace objects, 0(0B) LOS objects, 23% free, 50MB/66MB, paused 1.635ms total 43.980ms
08-06 13:00:16.880 24574 24594 I art     : Starting a blocking GC Explicit
08-06 13:00:16.939 24574 24594 I art     : Explicit concurrent mark sweep GC freed 1569(91KB) AllocSpace objects, 1(20KB) LOS objects, 23% free, 50MB/66MB, paused 1.732ms total 58.524ms
08-06 13:00:16.955 24574 24594 I art     : Starting a blocking GC Explicit
08-06 13:00:17.000 24574 24594 I art     : Explicit concurrent mark sweep GC freed 2759(230KB) AllocSpace objects, 1(28KB) LOS objects, 23% free, 50MB/66MB, paused 1.638ms total 44.418ms
08-06 13:00:17.013 24574 24594 I art     : Starting a blocking GC Explicit
08-06 13:00:17.058 24574 24594 I art     : Explicit concurrent mark sweep GC freed 3(96B) AllocSpace objects, 0(0B) LOS objects, 23% free, 50MB/66MB, paused 1.720ms total 44.564ms
08-06 13:00:17.071 24574 24594 I art     : Starting a blocking GC Explicit
08-06 13:00:17.115 24574 24594 I art     : Explicit concurrent mark sweep GC freed 3(96B) AllocSpace objects, 0(0B) LOS objects, 23% free, 50MB/66MB, paused 1.608ms total 43.786ms
08-06 13:00:17.128 24574 24594 I art     : Starting a blocking GC Explicit
08-06 13:00:17.173 24574 24594 I art     : Explicit concurrent mark sweep GC freed 3(96B) AllocSpace objects, 0(0B) LOS objects, 23% free, 50MB/66MB, paused 1.586ms total 43.909ms
08-06 13:00:17.517 24574 27728 I art     : Starting a blocking GC Explicit
08-06 13:00:17.569 24574 27728 I art     : Explicit concurrent mark sweep GC freed 1383(81KB) AllocSpace objects, 1(20KB) LOS objects, 23% free, 50MB/66MB, paused 1.860ms total 51.374ms
08-06 13:00:17.584 24574 27728 I art     : Starting a blocking GC Explicit
08-06 13:00:17.627 24574 27728 I art     : Explicit concurrent mark sweep GC freed 23(752B) AllocSpace objects, 0(0B) LOS objects, 23% free, 50MB/66MB, paused 1.696ms total 42.862ms
08-06 13:00:17.640 24574 27728 I art     : Starting a blocking GC Explicit
08-06 13:00:17.683 24574 27728 I art     : Explicit concurrent mark sweep GC freed 3(96B) AllocSpace objects, 0(0B) LOS objects, 23% free, 50MB/66MB, paused 1.590ms total 42.118ms
08-06 13:00:17.695 24574 27728 I art     : Starting a blocking GC Explicit
08-06 13:00:17.738 24574 27728 I art     : Explicit concurrent mark sweep GC freed 3(96B) AllocSpace objects, 0(0B) LOS objects, 23% free, 50MB/66MB, paused 1.667ms total 41.840ms
08-06 13:00:17.751 24574 27728 I art     : Starting a blocking GC Explicit
08-06 13:00:17.795 24574 27728 I art     : Explicit concurrent mark sweep GC freed 14(448B) AllocSpace objects, 0(0B) LOS objects, 23% free, 50MB/66MB, paused 1.526ms total 44.460ms
08-06 13:00:17.905 27743 27743 D AndroidRuntime: >>>>>> START com.android.internal.os.RuntimeInit uid 2000 <<<<<<
08-06 13:00:17.911 27743 27743 D AndroidRuntime: CheckJNI is OFF
08-06 13:00:17.952 27743 27743 D ICU     : No timezone override file found: /data/misc/zoneinfo/current/icu/icu_tzdata.dat
08-06 13:00:17.993 27743 27743 I Radio-JNI: register_android_hardware_Radio DONE
08-06 13:00:18.021 27743 27743 D AndroidRuntime: Calling main entry com.android.commands.input.Input
08-06 13:00:18.023 27743 27743 I Input   : injectMotionEvent: MotionEvent { action=ACTION_DOWN, actionButton=0, id[0]=0, x[0]=526.0, y[0]=597.0, toolType[0]=TOOL_TYPE_UNKNOWN, buttonState=0, metaState=0, flags=0x0, edgeFlags=0x0, pointerCount=1, historySize=0, eventTime=882034435, downTime=882034435, deviceId=0, source=0x1002 }
08-06 13:00:18.029 27743 27743 I Input   : injectMotionEvent: MotionEvent { action=ACTION_UP, actionButton=0, id[0]=0, x[0]=526.0, y[0]=597.0, toolType[0]=TOOL_TYPE_UNKNOWN, buttonState=0, metaState=0, flags=0x0, edgeFlags=0x0, pointerCount=1, historySize=0, eventTime=882034435, downTime=882034435, deviceId=0, source=0x1002 }
08-06 13:00:18.032 27743 27743 D AndroidRuntime: Shutting down VM
08-06 13:00:18.096 24574 24574 D PodcastListFragment: Selected podcast: GpodnetPodcast [url=http://feeds.feedburner.com/linuxoutlaws, title=Linux Outlaws, description=Two pragmatic geeks talk about the latest news concerning Linux, free and open
08-06 13:00:18.096 24574 24574 D PodcastListFragment: technology or anything else they deem noteworthy which may include such absurd
08-06 13:00:18.096 24574 24574 D PodcastListFragment: things as hockey or bands you never heard of. This means there's many a joke
08-06 13:00:18.096 24574 24574 D PodcastListFragment: and derailed conversation along the way, so don't come here expecting only
08-06 13:00:18.096 24574 24574 D PodcastListFragment: Linux or software freedom talk  just sit back and relax, partner., subscribers=3321, logoUrl=http://sixgun.org/files/linuxoutlaws.jpg, website=http://sixgun.org, mygpoLink=http://gpodder.net/podcast/linux-outlaws-mp3]
08-06 13:00:18.097   918   929 I ActivityManager: START u0 {cmp=baseline.de.danoeh.antennapod.debug/baseline.de.danoeh.antennapod.activity.OnlineFeedViewActivity (has extras)} from uid 10711 on display 0
08-06 13:00:18.098   512  2967 D audio_hw_primary: out_set_parameters: enter: usecase(1: low-latency-playback) kvpairs: routing=2
08-06 13:00:18.112   512  2967 D audio_hw_primary: select_devices: out_snd_device(2: speaker) in_snd_device(0: none)
08-06 13:00:18.112   512  2967 D msm8974_platform: platform_send_audio_calibration: sending audio calibration for snd_device(2) acdb_id(15)
08-06 13:00:18.112   512  2967 I soundtrigger: audio_extn_sound_trigger_update_device_status: device 0x2 of type 0 for Event 1
08-06 13:00:18.127   512  2967 D audio_hw_primary: enable_snd_device: snd_device(2: speaker)
08-06 13:00:18.130   512  2967 D audio_hw_primary: enable_audio_route: apply and update mixer path: low-latency-playback speaker
08-06 13:00:18.140 24574 24574 D UserPreferences: Using default data folder
08-06 13:00:18.141 24574 24574 D OnlineFeedViewActivity: Activity was started with url http://feeds.feedburner.com/linuxoutlaws
08-06 13:00:18.145 24574 24574 D OnlineFeedViewActivity: Starting feed download
08-06 13:00:18.148 24574 24613 D DBReader: Extracting Feedlist
08-06 13:00:18.151   918  3714 D WifiService: acquireWifiLockLocked: WifiLock{Downloader type=1 binder=android.os.BinderProxy@cc16b6e}
08-06 13:00:18.152 24574 24613 D AntennapodHttpClient: Creating new instance of HTTP client
08-06 13:00:18.173 24574 26013 I art     : Starting a blocking GC Explicit
08-06 13:00:18.204 13866 13866 I GoogleInputMethodServic: GoogleInputMethodService.onFinishInput():3138 
08-06 13:00:18.205 13866 13866 I GoogleInputMethodServic: GoogleInputMethodService.onStartInput():1808 
08-06 13:00:18.217 24574 26013 I art     : Explicit concurrent mark sweep GC freed 2850(185KB) AllocSpace objects, 1(20KB) LOS objects, 23% free, 51MB/67MB, paused 1.882ms total 43.647ms
08-06 13:00:18.223   918   936 I ActivityManager: Displayed baseline.de.danoeh.antennapod.debug/baseline.de.danoeh.antennapod.activity.OnlineFeedViewActivity: +114ms
08-06 13:00:18.232 24574 26013 I art     : Starting a blocking GC Explicit
08-06 13:00:18.258 24574 24613 D MYTAG   : interceptor 3a http://feeds.feedburner.com/linuxoutlaws
08-06 13:00:18.259 24574 24613 I NAPPA_EXPERIMENTATION: MetricNetworkRequestExecutionTime: REQUEST_DURATION_SYSTEM='106',REQUEST_DURATION_OKHTTP='38',REQUEST_SYNCHRONOUS='TRUE',RESPONSE_CODE='200',RESPONSE_METHOD='GET',RESPONSE_LENGTH_OKHTTP='-1',RESPONSE_LENGTH_HEADER='-2',REQUEST_PROTOCOL='http/1.1',REQUEST_URL='http://feeds.feedburner.com/linuxoutlaws',
08-06 13:00:18.259 24574 24613 D HttpDownloader: Response code is 200
08-06 13:00:18.259 24574 24613 D UserPreferences: Using default data folder
08-06 13:00:18.261 24574 24613 D HttpDownloader: Getting size of download
08-06 13:00:18.261 24574 24606 D OpenGLRenderer: endAllStagingAnimators on 0x7f7b26a400 (GridView) with handle 0x7f7a907ee0
08-06 13:00:18.261 24574 24613 D HttpDownloader: Size is -1
08-06 13:00:18.261 24574 24613 D UserPreferences: Using default data folder
08-06 13:00:18.261 24574 24613 D HttpDownloader: Free space is 20172390400
08-06 13:00:18.262 24574 24613 D HttpDownloader: Starting download
08-06 13:00:18.265 24574 24613 D HttpDownloader: Download was successful
08-06 13:00:18.266   918  4413 D WifiService: releaseWifiLockLocked: WifiLock{Downloader type=1 binder=android.os.BinderProxy@cc16b6e}
08-06 13:00:18.266 24574 24574 D OnlineFeedViewActivity: Parsing feed
08-06 13:00:18.269 24574 27773 D TypeGetter: Recognized type RSS 2.0
08-06 13:00:18.274 24574 26013 I art     : Explicit concurrent mark sweep GC freed 704(153KB) AllocSpace objects, 2(40KB) LOS objects, 23% free, 51MB/67MB, paused 1.697ms total 41.347ms
08-06 13:00:18.274 24574 27773 D SyndHandler: Recognized Content namespace
08-06 13:00:18.274 24574 27773 D SyndHandler: Recognized DublinCore namespace
08-06 13:00:18.274 24574 27773 D SyndHandler: Recognized Atom namespace
08-06 13:00:18.274 24574 27773 D SyndHandler: Recognized ITunes namespace
08-06 13:00:18.275 24574 27773 D SyndHandler: Recognized media namespace
08-06 13:00:18.287 24574 26013 I art     : Starting a blocking GC Explicit
08-06 13:00:18.314 24574 27773 D OnlineFeedViewActivity: Deleted feed source file. Result: true
08-06 13:00:18.314 24574 24574 D OnlineFeedViewActivity: Removing HTML from shownotes
08-06 13:00:18.328 24574 26013 I art     : Explicit concurrent mark sweep GC freed 3998(530KB) AllocSpace objects, 12(768KB) LOS objects, 23% free, 51MB/67MB, paused 1.806ms total 41.296ms
08-06 13:00:18.339 24574 25523 D ApOkHttpUrlLoader: buildLoadData() called with: model = [http://sixgun.org/files/linuxoutlaws.jpg], width = [350], height = [350]
08-06 13:00:18.340 24574 25339 D DBReader: getImageAuthentication() called with: imageUrl = [http://sixgun.org/files/linuxoutlaws.jpg]
08-06 13:00:18.341 24574 26013 I art     : Starting a blocking GC Explicit
08-06 13:00:18.343 24574 25339 D ApOkHttpUrlLoader: no credentials for 'http://sixgun.org/files/linuxoutlaws.jpg'
08-06 13:00:18.375 24574 25339 D DBWriter: updateFeedDownloadURL(original: http://sixgun.org/files/linuxoutlaws.jpg, updated: https://fab.industries/sixgun/files/linuxoutlaws.jpg)
08-06 13:00:18.385 24574 26013 I art     : Explicit concurrent mark sweep GC freed 1897(119KB) AllocSpace objects, 0(0B) LOS objects, 23% free, 51MB/67MB, paused 1.754ms total 44.067ms
08-06 13:00:18.398 24574 26013 I art     : Starting a blocking GC Explicit
08-06 13:00:18.446 24574 26013 I art     : Explicit concurrent mark sweep GC freed 648(30KB) AllocSpace objects, 0(0B) LOS objects, 23% free, 51MB/67MB, paused 1.667ms total 47.389ms
08-06 13:00:18.472   380   380 W SurfaceFlinger: couldn't log to binary event log: overflow.
08-06 13:00:18.517 24574 25339 D MYTAG   : interceptor 2a
08-06 13:00:18.517 24574 25339 I NAPPA_EXPERIMENTATION: MetricNetworkRequestExecutionTime: REQUEST_DURATION_SYSTEM='174',REQUEST_DURATION_OKHTTP='138',REQUEST_SYNCHRONOUS='TRUE',RESPONSE_CODE='404',RESPONSE_METHOD='GET',RESPONSE_LENGTH_OKHTTP='-1',RESPONSE_LENGTH_HEADER='1503',REQUEST_PROTOCOL='h2',REQUEST_URL='https://fab.industries/sixgun/files/linuxoutlaws.jpg',
08-06 13:00:18.519 24574 24574 W Glide   : Load failed for http://sixgun.org/files/linuxoutlaws.jpg with size [350x350]
08-06 13:00:18.519 24574 24574 W Glide   : class com.bumptech.glide.load.engine.GlideException: Failed to load resource
08-06 13:00:18.519 24574 24574 W Glide   : There was 1 cause:
08-06 13:00:18.519 24574 24574 W Glide   : com.bumptech.glide.load.HttpException()
08-06 13:00:18.519 24574 24574 W Glide   :  call GlideException#logRootCauses(String) for more detail
08-06 13:00:18.519 24574 24574 W Glide   :   Cause (1 of 1): class com.bumptech.glide.load.engine.GlideException: Fetching data failed, class java.io.InputStream, REMOTE
08-06 13:00:18.519 24574 24574 W Glide   : There was 1 cause:
08-06 13:00:18.519 24574 24574 W Glide   : com.bumptech.glide.load.HttpException()
08-06 13:00:18.519 24574 24574 W Glide   :  call GlideException#logRootCauses(String) for more detail
08-06 13:00:18.519 24574 24574 W Glide   :     Cause (1 of 1): class com.bumptech.glide.load.HttpException: 
08-06 13:00:18.519 24574 24574 I Glide   : Root cause (1 of 1)
08-06 13:00:18.519 24574 24574 I Glide   : com.bumptech.glide.load.HttpException: 
08-06 13:00:18.519 24574 24574 I Glide   : 	at com.bumptech.glide.integration.okhttp3.OkHttpStreamFetcher.onResponse(OkHttpStreamFetcher.java:73)
08-06 13:00:18.519 24574 24574 I Glide   : 	at okhttp3.RealCall$AsyncCall.execute(RealCall.java:174)
08-06 13:00:18.519 24574 24574 I Glide   : 	at okhttp3.internal.NamedRunnable.run(NamedRunnable.java:32)
08-06 13:00:18.519 24574 24574 I Glide   : 	at java.util.concurrent.ThreadPoolExecutor.runWorker(ThreadPoolExecutor.java:1113)
08-06 13:00:18.519 24574 24574 I Glide   : 	at java.util.concurrent.ThreadPoolExecutor$Worker.run(ThreadPoolExecutor.java:588)
08-06 13:00:18.519 24574 24574 I Glide   : 	at java.lang.Thread.run(Thread.java:818)
08-06 13:00:18.600 24574 24574 D PlaybackController: Releasing PlaybackController
08-06 13:00:18.670   512  2967 D audio_hw_primary: disable_audio_route: reset and update mixer path: low-latency-playback speaker
08-06 13:00:18.671   512  2967 D audio_hw_primary: disable_snd_device: snd_device(2: speaker)
08-06 13:00:18.680   512  2967 I soundtrigger: audio_extn_sound_trigger_update_device_status: device 0x2 of type 0 for Event 0
08-06 13:00:18.807 24574 27728 I art     : Starting a blocking GC Explicit
08-06 13:00:18.854 24574 27728 I art     : Explicit concurrent mark sweep GC freed 2140(146KB) AllocSpace objects, 2(132KB) LOS objects, 23% free, 50MB/66MB, paused 1.483ms total 46.461ms
08-06 13:00:18.867 24574 27728 I art     : Starting a blocking GC Explicit
08-06 13:00:18.912 24574 27728 I art     : Explicit concurrent mark sweep GC freed 79(2560B) AllocSpace objects, 0(0B) LOS objects, 23% free, 50MB/66MB, paused 1.609ms total 44.879ms
08-06 13:00:18.926 24574 27728 I art     : Starting a blocking GC Explicit
08-06 13:00:18.972 24574 27728 I art     : Explicit concurrent mark sweep GC freed 3(96B) AllocSpace objects, 0(0B) LOS objects, 23% free, 50MB/66MB, paused 1.605ms total 45.613ms
08-06 13:00:18.985 24574 27728 I art     : Starting a blocking GC Explicit
08-06 13:00:19.032 24574 27728 I art     : Explicit concurrent mark sweep GC freed 3(96B) AllocSpace objects, 0(0B) LOS objects, 23% free, 50MB/66MB, paused 1.776ms total 46.307ms
08-06 13:00:19.045 24574 27728 I art     : Starting a blocking GC Explicit
08-06 13:00:19.091 24574 27728 I art     : Explicit concurrent mark sweep GC freed 3(96B) AllocSpace objects, 0(0B) LOS objects, 23% free, 50MB/66MB, paused 1.615ms total 45.269ms
08-06 13:00:19.215 21246 21246 I ServiceManager: Waiting for service AtCmdFwd...
08-06 13:00:19.468 24574 24611 I art     : Starting a blocking GC Explicit
08-06 13:00:19.529 24574 24611 I art     : Explicit concurrent mark sweep GC freed 1384(81KB) AllocSpace objects, 1(20KB) LOS objects, 23% free, 50MB/66MB, paused 1.770ms total 60.238ms
08-06 13:00:19.546 24574 24611 I art     : Starting a blocking GC Explicit
08-06 13:00:19.591 24574 24611 I art     : Explicit concurrent mark sweep GC freed 23(752B) AllocSpace objects, 0(0B) LOS objects, 23% free, 50MB/66MB, paused 1.624ms total 44.956ms
08-06 13:00:19.605 24574 24611 I art     : Starting a blocking GC Explicit
08-06 13:00:19.650 24574 24611 I art     : Explicit concurrent mark sweep GC freed 3(96B) AllocSpace objects, 0(0B) LOS objects, 23% free, 50MB/66MB, paused 1.523ms total 45.230ms
08-06 13:00:19.664 24574 24611 I art     : Starting a blocking GC Explicit
08-06 13:00:19.708 24574 24611 I art     : Explicit concurrent mark sweep GC freed 3(96B) AllocSpace objects, 0(0B) LOS objects, 23% free, 50MB/66MB, paused 1.673ms total 44.423ms
08-06 13:00:19.722 24574 24611 I art     : Starting a blocking GC Explicit
08-06 13:00:19.767 24574 24611 I art     : Explicit concurrent mark sweep GC freed 3(96B) AllocSpace objects, 0(0B) LOS objects, 23% free, 50MB/66MB, paused 1.690ms total 45.355ms
08-06 13:00:20.172 24574 24595 I art     : Starting a blocking GC Explicit
08-06 13:00:20.215 21246 21246 I ServiceManager: Waiting for service AtCmdFwd...
08-06 13:00:20.222 24574 24595 I art     : Explicit concurrent mark sweep GC freed 1438(82KB) AllocSpace objects, 1(20KB) LOS objects, 23% free, 50MB/66MB, paused 1.528ms total 49.660ms
08-06 13:00:20.236 24574 24595 I art     : Starting a blocking GC Explicit
08-06 13:00:20.284 24574 24595 I art     : Explicit concurrent mark sweep GC freed 23(752B) AllocSpace objects, 0(0B) LOS objects, 23% free, 50MB/66MB, paused 1.640ms total 47.059ms
08-06 13:00:20.297 24574 24595 I art     : Starting a blocking GC Explicit
08-06 13:00:20.348 24574 24595 I art     : Explicit concurrent mark sweep GC freed 3(96B) AllocSpace objects, 0(0B) LOS objects, 23% free, 50MB/66MB, paused 1.777ms total 50.164ms
08-06 13:00:20.362 24574 24595 I art     : Starting a blocking GC Explicit
08-06 13:00:20.410 24574 24595 I art     : Explicit concurrent mark sweep GC freed 3(96B) AllocSpace objects, 0(0B) LOS objects, 23% free, 50MB/66MB, paused 1.688ms total 48.464ms
08-06 13:00:20.424 24574 24595 I art     : Starting a blocking GC Explicit
08-06 13:00:20.474 24574 24595 I art     : Explicit concurrent mark sweep GC freed 3(96B) AllocSpace objects, 0(0B) LOS objects, 23% free, 50MB/66MB, paused 1.683ms total 49.903ms
08-06 13:00:20.882 24574 24594 I art     : Starting a blocking GC Explicit
08-06 13:00:20.937 24574 24594 I art     : Explicit concurrent mark sweep GC freed 1410(81KB) AllocSpace objects, 1(20KB) LOS objects, 23% free, 50MB/66MB, paused 1.717ms total 54.613ms
08-06 13:00:20.955 24574 24594 I art     : Starting a blocking GC Explicit
08-06 13:00:21.003 24574 24594 I art     : Explicit concurrent mark sweep GC freed 23(752B) AllocSpace objects, 0(0B) LOS objects, 23% free, 50MB/66MB, paused 1.686ms total 47.459ms
08-06 13:00:21.017 24574 24594 I art     : Starting a blocking GC Explicit
08-06 13:00:21.067 24574 24594 I art     : Explicit concurrent mark sweep GC freed 3(96B) AllocSpace objects, 0(0B) LOS objects, 23% free, 50MB/66MB, paused 1.744ms total 50.166ms
08-06 13:00:21.081 24574 24594 I art     : Starting a blocking GC Explicit
08-06 13:00:21.130 24574 24594 I art     : Explicit concurrent mark sweep GC freed 3(96B) AllocSpace objects, 0(0B) LOS objects, 23% free, 50MB/66MB, paused 1.710ms total 49.002ms
08-06 13:00:21.144 24574 24594 I art     : Starting a blocking GC Explicit
08-06 13:00:21.195 24574 24594 I art     : Explicit concurrent mark sweep GC freed 3(96B) AllocSpace objects, 0(0B) LOS objects, 23% free, 50MB/66MB, paused 1.687ms total 50.312ms
08-06 13:00:21.216 21246 21246 I ServiceManager: Waiting for service AtCmdFwd...
08-06 13:00:21.584 24574 26013 I art     : Starting a blocking GC Explicit
08-06 13:00:21.643 24574 26013 I art     : Explicit concurrent mark sweep GC freed 1381(81KB) AllocSpace objects, 1(20KB) LOS objects, 23% free, 50MB/66MB, paused 1.829ms total 58.543ms
08-06 13:00:21.661 24574 26013 I art     : Starting a blocking GC Explicit
08-06 13:00:21.710 24574 26013 I art     : Explicit concurrent mark sweep GC freed 23(752B) AllocSpace objects, 0(0B) LOS objects, 23% free, 50MB/66MB, paused 1.711ms total 48.250ms
08-06 13:00:21.723 24574 26013 I art     : Starting a blocking GC Explicit
08-06 13:00:21.771 24574 26013 I art     : Explicit concurrent mark sweep GC freed 3(96B) AllocSpace objects, 0(0B) LOS objects, 23% free, 50MB/66MB, paused 1.704ms total 47.184ms
08-06 13:00:21.785 24574 26013 I art     : Starting a blocking GC Explicit
08-06 13:00:21.834 24574 26013 I art     : Explicit concurrent mark sweep GC freed 3(96B) AllocSpace objects, 0(0B) LOS objects, 23% free, 50MB/66MB, paused 1.691ms total 49.235ms
08-06 13:00:21.848 24574 26013 I art     : Starting a blocking GC Explicit
08-06 13:00:21.897 24574 26013 I art     : Explicit concurrent mark sweep GC freed 32(880B) AllocSpace objects, 0(0B) LOS objects, 23% free, 50MB/66MB, paused 1.859ms total 48.095ms
08-06 13:00:22.217 21246 21246 I ServiceManager: Waiting for service AtCmdFwd...
08-06 13:00:22.294 24574 27728 I art     : Starting a blocking GC Explicit
08-06 13:00:22.340 24574 27728 I art     : Explicit concurrent mark sweep GC freed 1383(84KB) AllocSpace objects, 1(20KB) LOS objects, 23% free, 50MB/66MB, paused 1.664ms total 44.796ms
08-06 13:00:22.353 24574 27728 I art     : Starting a blocking GC Explicit
08-06 13:00:22.397 24574 27728 I art     : Explicit concurrent mark sweep GC freed 23(752B) AllocSpace objects, 0(0B) LOS objects, 23% free, 50MB/66MB, paused 1.571ms total 44.033ms
08-06 13:00:22.410 24574 27728 I art     : Starting a blocking GC Explicit
08-06 13:00:22.458 24574 27728 I art     : Explicit concurrent mark sweep GC freed 3(96B) AllocSpace objects, 0(0B) LOS objects, 23% free, 50MB/66MB, paused 1.859ms total 47.141ms
08-06 13:00:22.471 24574 27728 I art     : Starting a blocking GC Explicit
08-06 13:00:22.518 24574 27728 I art     : Explicit concurrent mark sweep GC freed 3(96B) AllocSpace objects, 0(0B) LOS objects, 23% free, 50MB/66MB, paused 1.762ms total 46.408ms
08-06 13:00:22.532 24574 27728 I art     : Starting a blocking GC Explicit
08-06 13:00:22.579 24574 27728 I art     : Explicit concurrent mark sweep GC freed 3(96B) AllocSpace objects, 0(0B) LOS objects, 23% free, 50MB/66MB, paused 1.684ms total 47.555ms
08-06 13:00:22.580 24574 24592 I art     : WaitForGcToComplete blocked for 10.168ms for cause HeapTrim
08-06 13:00:22.809 27834 27834 D AndroidRuntime: >>>>>> START com.android.internal.os.RuntimeInit uid 2000 <<<<<<
08-06 13:00:22.815 27834 27834 D AndroidRuntime: CheckJNI is OFF
08-06 13:00:22.856 27834 27834 D ICU     : No timezone override file found: /data/misc/zoneinfo/current/icu/icu_tzdata.dat
08-06 13:00:22.899 27834 27834 I Radio-JNI: register_android_hardware_Radio DONE
08-06 13:00:22.929 27834 27834 D AndroidRuntime: Calling main entry com.android.commands.input.Input
08-06 13:00:22.930 27834 27834 I Input   : injectKeyEvent: KeyEvent { action=ACTION_DOWN, keyCode=KEYCODE_BACK, scanCode=0, metaState=0, flags=0x0, repeatCount=0, eventTime=882039343, downTime=882039343, deviceId=-1, source=0x101 }
08-06 13:00:22.937 27834 27834 I Input   : injectKeyEvent: KeyEvent { action=ACTION_UP, keyCode=KEYCODE_BACK, scanCode=0, metaState=0, flags=0x0, repeatCount=0, eventTime=882039343, downTime=882039343, deviceId=-1, source=0x101 }
08-06 13:00:22.942 27834 27834 D AndroidRuntime: Shutting down VM
08-06 13:00:22.950 24574 24574 V PlaybackController: initServiceNotRunning()
08-06 13:00:22.950 24574 24574 D ExternalPlayerFragment: Loading media info
08-06 13:00:22.953 24574 25523 D ApOkHttpUrlLoader: buildLoadData() called with: model = [http://sixgun.org/files/linuxoutlaws.jpg], width = [224], height = [224]
08-06 13:00:22.955 24574 25339 D DBReader: getImageAuthentication() called with: imageUrl = [http://sixgun.org/files/linuxoutlaws.jpg]
08-06 13:00:22.955 24574 24574 D UserPreferences: Using default data folder
08-06 13:00:22.959 24574 25339 D ApOkHttpUrlLoader: no credentials for 'http://sixgun.org/files/linuxoutlaws.jpg'
08-06 13:00:22.961 24574 24611 I art     : Starting a blocking GC Explicit
08-06 13:00:22.967 24574 24613 D DBReader: getNavDrawerData() called with: 
08-06 13:00:22.981 24574 24613 D DBReader: getDownloadedItems() called
08-06 13:00:22.982 24574 24613 D DBReader: getFavoriteIDList() called
08-06 13:00:22.983 24574 24613 D DBReader: getQueueIDList() called
08-06 13:00:22.983 24574 24613 D DBReader: Extracting Feedlist
08-06 13:00:23.008 24574 24611 I art     : Explicit concurrent mark sweep GC freed 2343(148KB) AllocSpace objects, 1(20KB) LOS objects, 23% free, 51MB/67MB, paused 2.081ms total 46.344ms
08-06 13:00:23.022 24574 24611 I art     : Starting a blocking GC Explicit
08-06 13:00:23.035 24574 24574 D MainActivity: getLastNavFragment() -> AddFeedFragment
08-06 13:00:23.035 13866 13866 I GoogleInputMethodServic: GoogleInputMethodService.onFinishInput():3138 
08-06 13:00:23.036 13866 13866 I GoogleInputMethodServic: GoogleInputMethodService.onStartInput():1808 
08-06 13:00:23.065 24574 24611 I art     : Explicit concurrent mark sweep GC freed 764(36KB) AllocSpace objects, 0(0B) LOS objects, 23% free, 51MB/67MB, paused 1.943ms total 42.194ms
08-06 13:00:23.074 24574 25339 D DBWriter: updateFeedDownloadURL(original: http://sixgun.org/files/linuxoutlaws.jpg, updated: https://fab.industries/sixgun/files/linuxoutlaws.jpg)
08-06 13:00:23.078 24574 24611 I art     : Starting a blocking GC Explicit
08-06 13:00:23.118 24574 24611 I art     : Explicit concurrent mark sweep GC freed 366(19KB) AllocSpace objects, 0(0B) LOS objects, 23% free, 51MB/67MB, paused 1.500ms total 39.521ms
08-06 13:00:23.130 24574 24611 I art     : Starting a blocking GC Explicit
08-06 13:00:23.172 24574 24611 I art     : Explicit concurrent mark sweep GC freed 132(8KB) AllocSpace objects, 0(0B) LOS objects, 23% free, 50MB/66MB, paused 1.567ms total 41.489ms
08-06 13:00:23.188 24574 24611 I art     : Starting a blocking GC Explicit
08-06 13:00:23.218 24574 25339 D MYTAG   : interceptor 2a
08-06 13:00:23.218 21246 21246 I ServiceManager: Waiting for service AtCmdFwd...
08-06 13:00:23.218 24574 25339 I NAPPA_EXPERIMENTATION: MetricNetworkRequestExecutionTime: REQUEST_DURATION_SYSTEM='259',REQUEST_DURATION_OKHTTP='141',REQUEST_SYNCHRONOUS='TRUE',RESPONSE_CODE='404',RESPONSE_METHOD='GET',RESPONSE_LENGTH_OKHTTP='-1',RESPONSE_LENGTH_HEADER='1503',REQUEST_PROTOCOL='h2',REQUEST_URL='https://fab.industries/sixgun/files/linuxoutlaws.jpg',
08-06 13:00:23.220 24574 24574 W Glide   : Load failed for http://sixgun.org/files/linuxoutlaws.jpg with size [224x224]
08-06 13:00:23.220 24574 24574 W Glide   : class com.bumptech.glide.load.engine.GlideException: Failed to load resource
08-06 13:00:23.220 24574 24574 W Glide   : There was 1 cause:
08-06 13:00:23.220 24574 24574 W Glide   : com.bumptech.glide.load.HttpException()
08-06 13:00:23.220 24574 24574 W Glide   :  call GlideException#logRootCauses(String) for more detail
08-06 13:00:23.220 24574 24574 W Glide   :   Cause (1 of 1): class com.bumptech.glide.load.engine.GlideException: Fetching data failed, class java.io.InputStream, REMOTE
08-06 13:00:23.220 24574 24574 W Glide   : There was 1 cause:
08-06 13:00:23.220 24574 24574 W Glide   : com.bumptech.glide.load.HttpException()
08-06 13:00:23.220 24574 24574 W Glide   :  call GlideException#logRootCauses(String) for more detail
08-06 13:00:23.220 24574 24574 W Glide   :     Cause (1 of 1): class com.bumptech.glide.load.HttpException: 
08-06 13:00:23.221 24574 24574 I Glide   : Root cause (1 of 1)
08-06 13:00:23.221 24574 24574 I Glide   : com.bumptech.glide.load.HttpException: 
08-06 13:00:23.221 24574 24574 I Glide   : 	at com.bumptech.glide.integration.okhttp3.OkHttpStreamFetcher.onResponse(OkHttpStreamFetcher.java:73)
08-06 13:00:23.221 24574 24574 I Glide   : 	at okhttp3.RealCall$AsyncCall.execute(RealCall.java:174)
08-06 13:00:23.221 24574 24574 I Glide   : 	at okhttp3.internal.NamedRunnable.run(NamedRunnable.java:32)
08-06 13:00:23.221 24574 24574 I Glide   : 	at java.util.concurrent.ThreadPoolExecutor.runWorker(ThreadPoolExecutor.java:1113)
08-06 13:00:23.221 24574 24574 I Glide   : 	at java.util.concurrent.ThreadPoolExecutor$Worker.run(ThreadPoolExecutor.java:588)
08-06 13:00:23.221 24574 24574 I Glide   : 	at java.lang.Thread.run(Thread.java:818)
08-06 13:00:23.221 24574 24574 W Glide   : Load failed for http://sixgun.org/files/linuxoutlaws.jpg with size [224x224]
08-06 13:00:23.221 24574 24574 W Glide   : class com.bumptech.glide.load.engine.GlideException: Failed to load resource
08-06 13:00:23.221 24574 24574 W Glide   : There was 1 cause:
08-06 13:00:23.221 24574 24574 W Glide   : com.bumptech.glide.load.HttpException()
08-06 13:00:23.221 24574 24574 W Glide   :  call GlideException#logRootCauses(String) for more detail
08-06 13:00:23.221 24574 24574 W Glide   :   Cause (1 of 1): class com.bumptech.glide.load.engine.GlideException: Fetching data failed, class java.io.InputStream, REMOTE
08-06 13:00:23.221 24574 24574 W Glide   : There was 1 cause:
08-06 13:00:23.221 24574 24574 W Glide   : com.bumptech.glide.load.HttpException()
08-06 13:00:23.221 24574 24574 W Glide   :  call GlideException#logRootCauses(String) for more detail
08-06 13:00:23.221 24574 24574 W Glide   :     Cause (1 of 1): class com.bumptech.glide.load.HttpException: 
08-06 13:00:23.221 24574 24574 I Glide   : Root cause (1 of 1)
08-06 13:00:23.221 24574 24574 I Glide   : com.bumptech.glide.load.HttpException: 
08-06 13:00:23.221 24574 24574 I Glide   : 	at com.bumptech.glide.integration.okhttp3.OkHttpStreamFetcher.onResponse(OkHttpStreamFetcher.java:73)
08-06 13:00:23.221 24574 24574 I Glide   : 	at okhttp3.RealCall$AsyncCall.execute(RealCall.java:174)
08-06 13:00:23.221 24574 24574 I Glide   : 	at okhttp3.internal.NamedRunnable.run(NamedRunnable.java:32)
08-06 13:00:23.221 24574 24574 I Glide   : 	at java.util.concurrent.ThreadPoolExecutor.runWorker(ThreadPoolExecutor.java:1113)
08-06 13:00:23.221 24574 24574 I Glide   : 	at java.util.concurrent.ThreadPoolExecutor$Worker.run(ThreadPoolExecutor.java:588)
08-06 13:00:23.221 24574 24574 I Glide   : 	at java.lang.Thread.run(Thread.java:818)
08-06 13:00:23.241 24574 24611 I art     : Explicit concurrent mark sweep GC freed 406(68KB) AllocSpace objects, 0(0B) LOS objects, 23% free, 51MB/67MB, paused 1.639ms total 53.155ms
08-06 13:00:23.327   380   380 W SurfaceFlinger: couldn't log to binary event log: overflow.
08-06 13:00:23.596 24574 24594 I art     : Starting a blocking GC Explicit
08-06 13:00:23.654 24574 24594 I art     : Explicit concurrent mark sweep GC freed 2148(114KB) AllocSpace objects, 1(20KB) LOS objects, 23% free, 50MB/66MB, paused 1.814ms total 57.046ms
08-06 13:00:23.669 24574 24594 I art     : Starting a blocking GC Explicit
08-06 13:00:23.714 24574 24594 I art     : Explicit concurrent mark sweep GC freed 2885(236KB) AllocSpace objects, 1(28KB) LOS objects, 23% free, 50MB/66MB, paused 1.578ms total 45.211ms
08-06 13:00:23.727 24574 24594 I art     : Starting a blocking GC Explicit
08-06 13:00:23.772 24574 24594 I art     : Explicit concurrent mark sweep GC freed 16(688B) AllocSpace objects, 0(0B) LOS objects, 23% free, 50MB/66MB, paused 1.574ms total 43.925ms
08-06 13:00:23.785 24574 24594 I art     : Starting a blocking GC Explicit
08-06 13:00:23.829 24574 24594 I art     : Explicit concurrent mark sweep GC freed 9(352B) AllocSpace objects, 0(0B) LOS objects, 23% free, 50MB/66MB, paused 1.587ms total 44.181ms
08-06 13:00:23.843 24574 24594 I art     : Starting a blocking GC Explicit
08-06 13:00:23.887 24574 24594 I art     : Explicit concurrent mark sweep GC freed 32(880B) AllocSpace objects, 0(0B) LOS objects, 23% free, 50MB/66MB, paused 1.691ms total 44.165ms
08-06 13:00:24.050   918  3188 I hubconnection: sensorhub said: 'set_bias 3: -6.1824, 0.0000, 0.0000'
08-06 13:00:24.219 21246 21246 W Atfwd_Sendcmd: AtCmdFwd service not published, waiting... retryCnt : 1
08-06 13:00:24.249 24574 26013 I art     : Starting a blocking GC Explicit
08-06 13:00:24.292 24574 26013 I art     : Explicit concurrent mark sweep GC freed 1383(81KB) AllocSpace objects, 1(20KB) LOS objects, 23% free, 50MB/66MB, paused 1.597ms total 43.406ms
08-06 13:00:24.305 24574 26013 I art     : Starting a blocking GC Explicit
08-06 13:00:24.348 24574 26013 I art     : Explicit concurrent mark sweep GC freed 23(752B) AllocSpace objects, 0(0B) LOS objects, 23% free, 50MB/66MB, paused 1.614ms total 42.285ms
08-06 13:00:24.360 24574 26013 I art     : Starting a blocking GC Explicit
08-06 13:00:24.403 24574 26013 I art     : Explicit concurrent mark sweep GC freed 3(96B) AllocSpace objects, 0(0B) LOS objects, 23% free, 50MB/66MB, paused 1.545ms total 42.520ms
08-06 13:00:24.416 24574 26013 I art     : Starting a blocking GC Explicit
08-06 13:00:24.458 24574 26013 I art     : Explicit concurrent mark sweep GC freed 3(96B) AllocSpace objects, 0(0B) LOS objects, 23% free, 50MB/66MB, paused 1.662ms total 41.838ms
08-06 13:00:24.471 24574 26013 I art     : Starting a blocking GC Explicit
08-06 13:00:24.513 24574 26013 I art     : Explicit concurrent mark sweep GC freed 3(96B) AllocSpace objects, 0(0B) LOS objects, 23% free, 50MB/66MB, paused 1.539ms total 42.145ms
08-06 13:00:24.721 27877 27877 D AndroidRuntime: >>>>>> START com.android.internal.os.RuntimeInit uid 2000 <<<<<<
08-06 13:00:24.727 27877 27877 D AndroidRuntime: CheckJNI is OFF
08-06 13:00:24.768 27877 27877 D ICU     : No timezone override file found: /data/misc/zoneinfo/current/icu/icu_tzdata.dat
08-06 13:00:24.811 27877 27877 I Radio-JNI: register_android_hardware_Radio DONE
08-06 13:00:24.840 27877 27877 D AndroidRuntime: Calling main entry com.android.commands.input.Input
08-06 13:00:24.842 27877 27877 I Input   : injectKeyEvent: KeyEvent { action=ACTION_DOWN, keyCode=KEYCODE_BACK, scanCode=0, metaState=0, flags=0x0, repeatCount=0, eventTime=882041255, downTime=882041255, deviceId=-1, source=0x101 }
08-06 13:00:24.849 27877 27877 I Input   : injectKeyEvent: KeyEvent { action=ACTION_UP, keyCode=KEYCODE_BACK, scanCode=0, metaState=0, flags=0x0, repeatCount=0, eventTime=882041255, downTime=882041255, deviceId=-1, source=0x101 }
08-06 13:00:24.860 24574 26013 I art     : Starting a blocking GC Explicit
08-06 13:00:24.874 27877 27877 D AndroidRuntime: Shutting down VM
08-06 13:00:24.906 24574 26013 I art     : Explicit concurrent mark sweep GC freed 3569(170KB) AllocSpace objects, 1(20KB) LOS objects, 23% free, 50MB/66MB, paused 1.618ms total 44.959ms
08-06 13:00:24.918 24574 26013 I art     : Starting a blocking GC Explicit
08-06 13:00:24.961 24574 26013 I art     : Explicit concurrent mark sweep GC freed 297(19KB) AllocSpace objects, 0(0B) LOS objects, 23% free, 50MB/66MB, paused 1.603ms total 41.859ms
08-06 13:00:24.973 24574 26013 I art     : Starting a blocking GC Explicit
08-06 13:00:25.016 24574 26013 I art     : Explicit concurrent mark sweep GC freed 5161(379KB) AllocSpace objects, 9(1620KB) LOS objects, 24% free, 48MB/64MB, paused 1.588ms total 43.078ms
08-06 13:00:25.029 24574 26013 I art     : Starting a blocking GC Explicit
08-06 13:00:25.071 24574 26013 I art     : Explicit concurrent mark sweep GC freed 3(96B) AllocSpace objects, 0(0B) LOS objects, 24% free, 48MB/64MB, paused 1.527ms total 40.820ms
08-06 13:00:25.083 24574 26013 I art     : Starting a blocking GC Explicit
08-06 13:00:25.125 24574 26013 I art     : Explicit concurrent mark sweep GC freed 3(96B) AllocSpace objects, 0(0B) LOS objects, 24% free, 48MB/64MB, paused 1.559ms total 41.252ms
08-06 13:00:25.479 24574 27728 I art     : Starting a blocking GC Explicit
08-06 13:00:25.534 24574 27728 I art     : Explicit concurrent mark sweep GC freed 1382(82KB) AllocSpace objects, 1(20KB) LOS objects, 24% free, 48MB/64MB, paused 1.655ms total 54.244ms
08-06 13:00:25.550 24574 27728 I art     : Starting a blocking GC Explicit
08-06 13:00:25.592 24574 27728 I art     : Explicit concurrent mark sweep GC freed 23(752B) AllocSpace objects, 0(0B) LOS objects, 24% free, 48MB/64MB, paused 1.570ms total 42.042ms
08-06 13:00:25.605 24574 27728 I art     : Starting a blocking GC Explicit
08-06 13:00:25.648 24574 27728 I art     : Explicit concurrent mark sweep GC freed 3(96B) AllocSpace objects, 0(0B) LOS objects, 24% free, 48MB/64MB, paused 1.616ms total 42.074ms
08-06 13:00:25.661 24574 27728 I art     : Starting a blocking GC Explicit
08-06 13:00:25.703 24574 27728 I art     : Explicit concurrent mark sweep GC freed 3(96B) AllocSpace objects, 0(0B) LOS objects, 24% free, 48MB/64MB, paused 1.546ms total 41.760ms
08-06 13:00:25.715 24574 27728 I art     : Starting a blocking GC Explicit
08-06 13:00:25.758 24574 27728 I art     : Explicit concurrent mark sweep GC freed 3(96B) AllocSpace objects, 0(0B) LOS objects, 24% free, 48MB/64MB, paused 1.638ms total 42.189ms
08-06 13:00:26.119 24574 24595 I art     : Starting a blocking GC Explicit
08-06 13:00:26.162 24574 24595 I art     : Explicit concurrent mark sweep GC freed 1410(82KB) AllocSpace objects, 1(20KB) LOS objects, 24% free, 48MB/64MB, paused 1.550ms total 41.999ms
08-06 13:00:26.175 24574 24595 I art     : Starting a blocking GC Explicit
08-06 13:00:26.215 24574 24595 I art     : Explicit concurrent mark sweep GC freed 23(752B) AllocSpace objects, 0(0B) LOS objects, 24% free, 48MB/64MB, paused 1.550ms total 39.690ms
08-06 13:00:26.227 24574 24595 I art     : Starting a blocking GC Explicit
08-06 13:00:26.267 24574 24595 I art     : Explicit concurrent mark sweep GC freed 3(96B) AllocSpace objects, 0(0B) LOS objects, 24% free, 48MB/64MB, paused 1.685ms total 39.688ms
08-06 13:00:26.280 24574 24595 I art     : Starting a blocking GC Explicit
08-06 13:00:26.320 24574 24595 I art     : Explicit concurrent mark sweep GC freed 3(96B) AllocSpace objects, 0(0B) LOS objects, 24% free, 48MB/64MB, paused 1.551ms total 40.025ms
08-06 13:00:26.333 24574 24595 I art     : Starting a blocking GC Explicit
08-06 13:00:26.374 24574 24595 I art     : Explicit concurrent mark sweep GC freed 3(96B) AllocSpace objects, 0(0B) LOS objects, 24% free, 48MB/64MB, paused 1.608ms total 40.296ms
08-06 13:00:26.645 27921 27921 D AndroidRuntime: >>>>>> START com.android.internal.os.RuntimeInit uid 2000 <<<<<<
08-06 13:00:26.651 27921 27921 D AndroidRuntime: CheckJNI is OFF
08-06 13:00:26.692 27921 27921 D ICU     : No timezone override file found: /data/misc/zoneinfo/current/icu/icu_tzdata.dat
08-06 13:00:26.713 24574 24595 I art     : Starting a blocking GC Explicit
08-06 13:00:26.735 27921 27921 I Radio-JNI: register_android_hardware_Radio DONE
08-06 13:00:26.757 24574 24595 I art     : Explicit concurrent mark sweep GC freed 1412(84KB) AllocSpace objects, 1(20KB) LOS objects, 24% free, 48MB/64MB, paused 1.682ms total 42.847ms
08-06 13:00:26.767 27921 27921 D AndroidRuntime: Calling main entry com.android.commands.input.Input
08-06 13:00:26.769 27921 27921 I Input   : injectMotionEvent: MotionEvent { action=ACTION_DOWN, actionButton=0, id[0]=0, x[0]=603.0, y[0]=1061.0, toolType[0]=TOOL_TYPE_UNKNOWN, buttonState=0, metaState=0, flags=0x0, edgeFlags=0x0, pointerCount=1, historySize=0, eventTime=882043181, downTime=882043181, deviceId=0, source=0x1002 }
08-06 13:00:26.769 24574 24595 I art     : Starting a blocking GC Explicit
08-06 13:00:26.774 27921 27921 I Input   : injectMotionEvent: MotionEvent { action=ACTION_UP, actionButton=0, id[0]=0, x[0]=603.0, y[0]=1061.0, toolType[0]=TOOL_TYPE_UNKNOWN, buttonState=0, metaState=0, flags=0x0, edgeFlags=0x0, pointerCount=1, historySize=0, eventTime=882043181, downTime=882043181, deviceId=0, source=0x1002 }
08-06 13:00:26.776 27921 27921 D AndroidRuntime: Shutting down VM
08-06 13:00:26.786   512  2967 D audio_hw_primary: out_set_parameters: enter: usecase(1: low-latency-playback) kvpairs: routing=2
08-06 13:00:26.799   512  2967 D audio_hw_primary: select_devices: out_snd_device(2: speaker) in_snd_device(0: none)
08-06 13:00:26.799   512  2967 D msm8974_platform: platform_send_audio_calibration: sending audio calibration for snd_device(2) acdb_id(15)
08-06 13:00:26.799   512  2967 I soundtrigger: audio_extn_sound_trigger_update_device_status: device 0x2 of type 0 for Event 1
08-06 13:00:26.809   512  2967 D audio_hw_primary: enable_snd_device: snd_device(2: speaker)
08-06 13:00:26.811   512  2967 D audio_hw_primary: enable_audio_route: apply and update mixer path: low-latency-playback speaker
08-06 13:00:26.814 24574 24595 I art     : Explicit concurrent mark sweep GC freed 1407(60KB) AllocSpace objects, 0(0B) LOS objects, 24% free, 49MB/65MB, paused 2.769ms total 44.956ms
08-06 13:00:26.828 24574 24595 I art     : Starting a blocking GC Explicit
08-06 13:00:26.870 24574 24595 I art     : Explicit concurrent mark sweep GC freed 1771(70KB) AllocSpace objects, 0(0B) LOS objects, 24% free, 49MB/65MB, paused 2.159ms total 41.506ms
08-06 13:00:26.882 24574 24595 I art     : Starting a blocking GC Explicit
08-06 13:00:26.921 24574 24595 I art     : Explicit concurrent mark sweep GC freed 1639(82KB) AllocSpace objects, 1(220KB) LOS objects, 24% free, 49MB/65MB, paused 1.735ms total 38.266ms
08-06 13:00:26.933 24574 24595 I art     : Starting a blocking GC Explicit
08-06 13:00:26.971 24574 24595 I art     : Explicit concurrent mark sweep GC freed 64(2832B) AllocSpace objects, 0(0B) LOS objects, 24% free, 49MB/65MB, paused 1.659ms total 38.073ms
08-06 13:00:26.974 24574 27944 I NAPPA_EXPERIMENTATION: MetricNetworkRequestExecutionTime: REQUEST_DURATION_SYSTEM='166',REQUEST_DURATION_OKHTTP='164',REQUEST_SYNCHRONOUS='TRUE',RESPONSE_CODE='200',RESPONSE_METHOD='GET',RESPONSE_LENGTH_OKHTTP='37507',RESPONSE_LENGTH_HEADER='37507',REQUEST_PROTOCOL='http/1.1',REQUEST_URL='https://gpodder.net/toplist/50.json',
08-06 13:00:26.982 24574 26989 I NAPPA_EXPERIMENTATION: MetricNetworkRequestExecutionTime: REQUEST_DURATION_SYSTEM='169',REQUEST_DURATION_OKHTTP='168',REQUEST_SYNCHRONOUS='TRUE',RESPONSE_CODE='200',RESPONSE_METHOD='GET',RESPONSE_LENGTH_OKHTTP='2923',RESPONSE_LENGTH_HEADER='2923',REQUEST_PROTOCOL='http/1.1',REQUEST_URL='https://gpodder.net/api/2/tags/50.json',
08-06 13:00:27.018 24574 25523 D ApOkHttpUrlLoader: buildLoadData() called with: model = [http://sixgun.org/files/linuxoutlaws.jpg], width = [224], height = [224]
08-06 13:00:27.019 24574 25339 D DBReader: getImageAuthentication() called with: imageUrl = [http://sixgun.org/files/linuxoutlaws.jpg]
08-06 13:00:27.022 24574 25339 D ApOkHttpUrlLoader: no credentials for 'http://sixgun.org/files/linuxoutlaws.jpg'
08-06 13:00:27.029 24574 25523 D ApOkHttpUrlLoader: buildLoadData() called with: model = [https://files.thisamericanlife.org/sites/all/themes/thislife/img/tal-name-1400x1400.png], width = [224], height = [224]
08-06 13:00:27.037 24574 25523 D ApOkHttpUrlLoader: buildLoadData() called with: model = [https://elroy.twit.tv/sites/default/files/styles/twit_album_art_2048x2048/public/images/shows/floss_weekly/album_art/audio/floss_albumart_mask.jpg?itok=IUjxKpwt], width = [224], height = [224]
08-06 13:00:27.042 24574 25523 D ApOkHttpUrlLoader: buildLoadData() called with: model = [http://ichef.bbci.co.uk/images/ic/3000x3000/p07kfvzb.jpg], width = [224], height = [224]
08-06 13:00:27.046 24574 25523 D ApOkHttpUrlLoader: buildLoadData() called with: model = [https://pl.tedcdn.com/rss_feed_images/ted_talks_main_podcast/video.png], width = [224], height = [224]
08-06 13:00:27.050 24574 25523 D ApOkHttpUrlLoader: buildLoadData() called with: model = [https://elroy.twit.tv/sites/default/files/styles/twit_album_art_2048x2048/public/images/shows/this_week_in_tech/album_art/audio/twit1400audio.jpg?itok=J0vhatZb], width = [224], height = [224]
08-06 13:00:27.055 24574 25523 D ApOkHttpUrlLoader: buildLoadData() called with: model = [http://ichef.bbci.co.uk/images/ic/3000x3000/p03gtk3j.jpg], width = [224], height = [224]
08-06 13:00:27.057 24574 25339 D DBWriter: updateFeedDownloadURL(original: http://sixgun.org/files/linuxoutlaws.jpg, updated: https://fab.industries/sixgun/files/linuxoutlaws.jpg)
08-06 13:00:27.196 24574 25339 D MYTAG   : interceptor 2a
08-06 13:00:27.196 24574 25339 I NAPPA_EXPERIMENTATION: MetricNetworkRequestExecutionTime: REQUEST_DURATION_SYSTEM='174',REQUEST_DURATION_OKHTTP='136',REQUEST_SYNCHRONOUS='TRUE',RESPONSE_CODE='404',RESPONSE_METHOD='GET',RESPONSE_LENGTH_OKHTTP='-1',RESPONSE_LENGTH_HEADER='1503',REQUEST_PROTOCOL='h2',REQUEST_URL='https://fab.industries/sixgun/files/linuxoutlaws.jpg',
08-06 13:00:27.198 24574 24574 W Glide   : Load failed for http://sixgun.org/files/linuxoutlaws.jpg with size [224x224]
08-06 13:00:27.198 24574 24574 W Glide   : class com.bumptech.glide.load.engine.GlideException: Failed to load resource
08-06 13:00:27.198 24574 24574 W Glide   : There was 1 cause:
08-06 13:00:27.198 24574 24574 W Glide   : com.bumptech.glide.load.HttpException()
08-06 13:00:27.198 24574 24574 W Glide   :  call GlideException#logRootCauses(String) for more detail
08-06 13:00:27.198 24574 24574 W Glide   :   Cause (1 of 1): class com.bumptech.glide.load.engine.GlideException: Fetching data failed, class java.io.InputStream, REMOTE
08-06 13:00:27.198 24574 24574 W Glide   : There was 1 cause:
08-06 13:00:27.198 24574 24574 W Glide   : com.bumptech.glide.load.HttpException()
08-06 13:00:27.198 24574 24574 W Glide   :  call GlideException#logRootCauses(String) for more detail
08-06 13:00:27.198 24574 24574 W Glide   :     Cause (1 of 1): class com.bumptech.glide.load.HttpException: 
08-06 13:00:27.198 24574 24574 I Glide   : Root cause (1 of 1)
08-06 13:00:27.198 24574 24574 I Glide   : com.bumptech.glide.load.HttpException: 
08-06 13:00:27.198 24574 24574 I Glide   : 	at com.bumptech.glide.integration.okhttp3.OkHttpStreamFetcher.onResponse(OkHttpStreamFetcher.java:73)
08-06 13:00:27.198 24574 24574 I Glide   : 	at okhttp3.RealCall$AsyncCall.execute(RealCall.java:174)
08-06 13:00:27.198 24574 24574 I Glide   : 	at okhttp3.internal.NamedRunnable.run(NamedRunnable.java:32)
08-06 13:00:27.198 24574 24574 I Glide   : 	at java.util.concurrent.ThreadPoolExecutor.runWorker(ThreadPoolExecutor.java:1113)
08-06 13:00:27.198 24574 24574 I Glide   : 	at java.util.concurrent.ThreadPoolExecutor$Worker.run(ThreadPoolExecutor.java:588)
08-06 13:00:27.198 24574 24574 I Glide   : 	at java.lang.Thread.run(Thread.java:818)
08-06 13:00:27.199 24574 24574 W Glide   : Load failed for http://sixgun.org/files/linuxoutlaws.jpg with size [224x224]
08-06 13:00:27.199 24574 24574 W Glide   : class com.bumptech.glide.load.engine.GlideException: Failed to load resource
08-06 13:00:27.199 24574 24574 W Glide   : There was 1 cause:
08-06 13:00:27.199 24574 24574 W Glide   : com.bumptech.glide.load.HttpException()
08-06 13:00:27.199 24574 24574 W Glide   :  call GlideException#logRootCauses(String) for more detail
08-06 13:00:27.199 24574 24574 W Glide   :   Cause (1 of 1): class com.bumptech.glide.load.engine.GlideException: Fetching data failed, class java.io.InputStream, REMOTE
08-06 13:00:27.199 24574 24574 W Glide   : There was 1 cause:
08-06 13:00:27.199 24574 24574 W Glide   : com.bumptech.glide.load.HttpException()
08-06 13:00:27.199 24574 24574 W Glide   :  call GlideException#logRootCauses(String) for more detail
08-06 13:00:27.199 24574 24574 W Glide   :     Cause (1 of 1): class com.bumptech.glide.load.HttpException: 
08-06 13:00:27.199 24574 24574 I Glide   : Root cause (1 of 1)
08-06 13:00:27.199 24574 24574 I Glide   : com.bumptech.glide.load.HttpException: 
08-06 13:00:27.199 24574 24574 I Glide   : 	at com.bumptech.glide.integration.okhttp3.OkHttpStreamFetcher.onResponse(OkHttpStreamFetcher.java:73)
08-06 13:00:27.199 24574 24574 I Glide   : 	at okhttp3.RealCall$AsyncCall.execute(RealCall.java:174)
08-06 13:00:27.199 24574 24574 I Glide   : 	at okhttp3.internal.NamedRunnable.run(NamedRunnable.java:32)
08-06 13:00:27.199 24574 24574 I Glide   : 	at java.util.concurrent.ThreadPoolExecutor.runWorker(ThreadPoolExecutor.java:1113)
08-06 13:00:27.199 24574 24574 I Glide   : 	at java.util.concurrent.ThreadPoolExecutor$Worker.run(ThreadPoolExecutor.java:588)
08-06 13:00:27.199 24574 24574 I Glide   : 	at java.lang.Thread.run(Thread.java:818)
08-06 13:00:27.301 24574 24595 I art     : Starting a blocking GC Explicit
08-06 13:00:27.350   512  2967 D audio_hw_primary: disable_audio_route: reset and update mixer path: low-latency-playback speaker
08-06 13:00:27.351   512  2967 D audio_hw_primary: disable_snd_device: snd_device(2: speaker)
08-06 13:00:27.352 24574 24595 I art     : Explicit concurrent mark sweep GC freed 8132(578KB) AllocSpace objects, 4(212KB) LOS objects, 23% free, 50MB/66MB, paused 1.674ms total 50.733ms
08-06 13:00:27.362   512  2967 I soundtrigger: audio_extn_sound_trigger_update_device_status: device 0x2 of type 0 for Event 0
08-06 13:00:27.367 24574 24595 I art     : Starting a blocking GC Explicit
08-06 13:00:27.411 24574 24595 I art     : Explicit concurrent mark sweep GC freed 240(10KB) AllocSpace objects, 0(0B) LOS objects, 23% free, 50MB/66MB, paused 1.556ms total 43.340ms
08-06 13:00:27.424 24574 24595 I art     : Starting a blocking GC Explicit
08-06 13:00:27.468 24574 24595 I art     : Explicit concurrent mark sweep GC freed 3(96B) AllocSpace objects, 0(0B) LOS objects, 23% free, 50MB/66MB, paused 1.559ms total 43.753ms
08-06 13:00:27.483 24574 24595 I art     : Starting a blocking GC Explicit
08-06 13:00:27.527 24574 24595 I art     : Explicit concurrent mark sweep GC freed 3(96B) AllocSpace objects, 0(0B) LOS objects, 23% free, 50MB/66MB, paused 1.528ms total 43.331ms
08-06 13:00:27.540 24574 24595 I art     : Starting a blocking GC Explicit
08-06 13:00:27.584 24574 24595 I art     : Explicit concurrent mark sweep GC freed 3(96B) AllocSpace objects, 0(0B) LOS objects, 23% free, 50MB/66MB, paused 1.497ms total 43.878ms
08-06 13:00:27.944 24574 27728 I art     : Starting a blocking GC Explicit
08-06 13:00:27.999 24574 27728 I art     : Explicit concurrent mark sweep GC freed 1410(81KB) AllocSpace objects, 1(20KB) LOS objects, 23% free, 50MB/66MB, paused 1.754ms total 53.517ms
08-06 13:00:28.015 24574 27728 I art     : Starting a blocking GC Explicit
08-06 13:00:28.058 24574 27728 I art     : Explicit concurrent mark sweep GC freed 40(1360B) AllocSpace objects, 0(0B) LOS objects, 23% free, 50MB/66MB, paused 1.718ms total 42.972ms
08-06 13:00:28.059 24574 24592 I art     : WaitForGcToComplete blocked for 43.262ms for cause HeapTrim
08-06 13:00:28.071 24574 27728 I art     : Starting a blocking GC Explicit
08-06 13:00:28.116 24574 27728 I art     : Explicit concurrent mark sweep GC freed 3(96B) AllocSpace objects, 0(0B) LOS objects, 23% free, 50MB/66MB, paused 1.593ms total 44.362ms
08-06 13:00:28.129 24574 27728 I art     : Starting a blocking GC Explicit
08-06 13:00:28.173 24574 27728 I art     : Explicit concurrent mark sweep GC freed 3(96B) AllocSpace objects, 0(0B) LOS objects, 23% free, 50MB/66MB, paused 1.593ms total 43.715ms
08-06 13:00:28.187 24574 27728 I art     : Starting a blocking GC Explicit
08-06 13:00:28.231 24574 27728 I art     : Explicit concurrent mark sweep GC freed 3(96B) AllocSpace objects, 0(0B) LOS objects, 23% free, 50MB/66MB, paused 1.595ms total 44.193ms
08-06 13:00:28.573 24574 24595 I art     : Starting a blocking GC Explicit
08-06 13:00:28.630 24574 24595 I art     : Explicit concurrent mark sweep GC freed 1383(81KB) AllocSpace objects, 1(20KB) LOS objects, 23% free, 50MB/66MB, paused 1.512ms total 56.879ms
08-06 13:00:28.645 24574 24595 I art     : Starting a blocking GC Explicit
08-06 13:00:28.689 24574 24595 I art     : Explicit concurrent mark sweep GC freed 39(1264B) AllocSpace objects, 0(0B) LOS objects, 23% free, 50MB/66MB, paused 1.455ms total 43.864ms
08-06 13:00:28.702 24574 24595 I art     : Starting a blocking GC Explicit
08-06 13:00:28.745 24574 24595 I art     : Explicit concurrent mark sweep GC freed 33(1088B) AllocSpace objects, 0(0B) LOS objects, 23% free, 50MB/66MB, paused 1.621ms total 42.563ms
08-06 13:00:28.758 24574 24595 I art     : Starting a blocking GC Explicit
08-06 13:00:28.801 24574 24595 I art     : Explicit concurrent mark sweep GC freed 14(448B) AllocSpace objects, 0(0B) LOS objects, 23% free, 50MB/66MB, paused 1.449ms total 42.485ms
08-06 13:00:28.814 24574 24595 I art     : Starting a blocking GC Explicit
08-06 13:00:28.858 24574 24595 I art     : Explicit concurrent mark sweep GC freed 19(608B) AllocSpace objects, 0(0B) LOS objects, 23% free, 50MB/66MB, paused 1.658ms total 43.242ms
08-06 13:00:29.220 21246 21246 I ServiceManager: Waiting for service AtCmdFwd...
08-06 13:00:29.230 24574 24611 I art     : Starting a blocking GC Explicit
08-06 13:00:29.288 24574 24611 I art     : Explicit concurrent mark sweep GC freed 1414(82KB) AllocSpace objects, 1(20KB) LOS objects, 23% free, 50MB/66MB, paused 1.699ms total 57.005ms
08-06 13:00:29.303 24574 24611 I art     : Starting a blocking GC Explicit
08-06 13:00:29.351 24574 24611 I art     : Explicit concurrent mark sweep GC freed 23(752B) AllocSpace objects, 0(0B) LOS objects, 23% free, 50MB/66MB, paused 1.639ms total 47.943ms
08-06 13:00:29.365 24574 24611 I art     : Starting a blocking GC Explicit
08-06 13:00:29.412 24574 24611 I art     : Explicit concurrent mark sweep GC freed 3(96B) AllocSpace objects, 0(0B) LOS objects, 23% free, 50MB/66MB, paused 1.651ms total 47.092ms
08-06 13:00:29.426 24574 24611 I art     : Starting a blocking GC Explicit
08-06 13:00:29.474 24574 24611 I art     : Explicit concurrent mark sweep GC freed 3(96B) AllocSpace objects, 0(0B) LOS objects, 23% free, 50MB/66MB, paused 1.640ms total 48.342ms
08-06 13:00:29.490 24574 24611 I art     : Starting a blocking GC Explicit
08-06 13:00:29.541 24574 24611 I art     : Explicit concurrent mark sweep GC freed 3(96B) AllocSpace objects, 0(0B) LOS objects, 23% free, 50MB/66MB, paused 1.645ms total 50.464ms
08-06 13:00:29.920 24574 24595 I art     : Starting a blocking GC Explicit
08-06 13:00:29.981 24574 24595 I art     : Explicit concurrent mark sweep GC freed 1410(81KB) AllocSpace objects, 1(20KB) LOS objects, 23% free, 50MB/66MB, paused 1.697ms total 60.341ms
08-06 13:00:29.997 24574 24595 I art     : Starting a blocking GC Explicit
08-06 13:00:30.045 24574 24595 I art     : Explicit concurrent mark sweep GC freed 23(752B) AllocSpace objects, 0(0B) LOS objects, 23% free, 50MB/66MB, paused 1.651ms total 47.877ms
08-06 13:00:30.059 24574 24595 I art     : Starting a blocking GC Explicit
08-06 13:00:30.108 24574 24595 I art     : Explicit concurrent mark sweep GC freed 3(96B) AllocSpace objects, 0(0B) LOS objects, 23% free, 50MB/66MB, paused 1.679ms total 48.256ms
08-06 13:00:30.121 24574 24595 I art     : Starting a blocking GC Explicit
08-06 13:00:30.170 24574 24595 I art     : Explicit concurrent mark sweep GC freed 3(96B) AllocSpace objects, 0(0B) LOS objects, 23% free, 50MB/66MB, paused 1.681ms total 48.571ms
08-06 13:00:30.184 24574 24595 I art     : Starting a blocking GC Explicit
08-06 13:00:30.220 21246 21246 I ServiceManager: Waiting for service AtCmdFwd...
08-06 13:00:30.233 24574 24595 I art     : Explicit concurrent mark sweep GC freed 3(96B) AllocSpace objects, 0(0B) LOS objects, 23% free, 50MB/66MB, paused 1.921ms total 48.991ms
08-06 13:00:30.623 24574 24594 I art     : Starting a blocking GC Explicit
08-06 13:00:30.677 24574 24594 I art     : Explicit concurrent mark sweep GC freed 1381(81KB) AllocSpace objects, 1(20KB) LOS objects, 23% free, 50MB/66MB, paused 1.659ms total 53.932ms
08-06 13:00:30.691 24574 24594 I art     : Starting a blocking GC Explicit
08-06 13:00:30.739 24574 24594 I art     : Explicit concurrent mark sweep GC freed 23(752B) AllocSpace objects, 0(0B) LOS objects, 23% free, 50MB/66MB, paused 1.691ms total 48.178ms
08-06 13:00:30.753 24574 24594 I art     : Starting a blocking GC Explicit
08-06 13:00:30.799 24574 24594 I art     : Explicit concurrent mark sweep GC freed 3(96B) AllocSpace objects, 0(0B) LOS objects, 23% free, 50MB/66MB, paused 1.721ms total 46.278ms
08-06 13:00:30.813 24574 24594 I art     : Starting a blocking GC Explicit
08-06 13:00:30.862 24574 24594 I art     : Explicit concurrent mark sweep GC freed 3(96B) AllocSpace objects, 0(0B) LOS objects, 23% free, 50MB/66MB, paused 1.729ms total 48.542ms
08-06 13:00:30.879 24574 24594 I art     : Starting a blocking GC Explicit
08-06 13:00:30.927 24574 24594 I art     : Explicit concurrent mark sweep GC freed 32(880B) AllocSpace objects, 0(0B) LOS objects, 23% free, 50MB/66MB, paused 1.659ms total 47.648ms
08-06 13:00:31.221 21246 21246 I ServiceManager: Waiting for service AtCmdFwd...
08-06 13:00:31.325 24574 26013 I art     : Starting a blocking GC Explicit
08-06 13:00:31.382 24574 26013 I art     : Explicit concurrent mark sweep GC freed 1382(82KB) AllocSpace objects, 1(20KB) LOS objects, 23% free, 50MB/66MB, paused 1.761ms total 56.569ms
08-06 13:00:31.399 24574 26013 I art     : Starting a blocking GC Explicit
08-06 13:00:31.451 24574 26013 I art     : Explicit concurrent mark sweep GC freed 23(752B) AllocSpace objects, 0(0B) LOS objects, 23% free, 50MB/66MB, paused 1.679ms total 51.268ms
08-06 13:00:31.464 24574 26013 I art     : Starting a blocking GC Explicit
08-06 13:00:31.512 24574 26013 I art     : Explicit concurrent mark sweep GC freed 3(96B) AllocSpace objects, 0(0B) LOS objects, 23% free, 50MB/66MB, paused 1.580ms total 47.738ms
08-06 13:00:31.526 24574 26013 I art     : Starting a blocking GC Explicit
08-06 13:00:31.573 24574 26013 I art     : Explicit concurrent mark sweep GC freed 3(96B) AllocSpace objects, 0(0B) LOS objects, 23% free, 50MB/66MB, paused 1.682ms total 46.344ms
08-06 13:00:31.587 24574 26013 I art     : Starting a blocking GC Explicit
08-06 13:00:31.635 24574 26013 I art     : Explicit concurrent mark sweep GC freed 3(96B) AllocSpace objects, 0(0B) LOS objects, 23% free, 50MB/66MB, paused 1.646ms total 48.075ms
08-06 13:00:32.050 24574 27728 I art     : Starting a blocking GC Explicit
08-06 13:00:32.107 24574 27728 I art     : Explicit concurrent mark sweep GC freed 1413(82KB) AllocSpace objects, 1(20KB) LOS objects, 23% free, 50MB/66MB, paused 1.710ms total 56.250ms
08-06 13:00:32.123 24574 27728 I art     : Starting a blocking GC Explicit
08-06 13:00:32.169 24574 27728 I art     : Explicit concurrent mark sweep GC freed 23(752B) AllocSpace objects, 0(0B) LOS objects, 23% free, 50MB/66MB, paused 1.607ms total 45.726ms
08-06 13:00:32.183 24574 27728 I art     : Starting a blocking GC Explicit
08-06 13:00:32.222 21246 21246 I ServiceManager: Waiting for service AtCmdFwd...
08-06 13:00:32.231 24574 27728 I art     : Explicit concurrent mark sweep GC freed 3(96B) AllocSpace objects, 0(0B) LOS objects, 23% free, 50MB/66MB, paused 1.628ms total 47.935ms
08-06 13:00:32.245 24574 27728 I art     : Starting a blocking GC Explicit
08-06 13:00:32.292 24574 27728 I art     : Explicit concurrent mark sweep GC freed 3(96B) AllocSpace objects, 0(0B) LOS objects, 23% free, 50MB/66MB, paused 1.564ms total 46.965ms
08-06 13:00:32.306 24574 27728 I art     : Starting a blocking GC Explicit
08-06 13:00:32.354 24574 27728 I art     : Explicit concurrent mark sweep GC freed 3(96B) AllocSpace objects, 0(0B) LOS objects, 23% free, 50MB/66MB, paused 1.634ms total 48.123ms
08-06 13:00:32.722 24574 24611 I art     : Starting a blocking GC Explicit
08-06 13:00:32.781 24574 24611 I art     : Explicit concurrent mark sweep GC freed 1381(81KB) AllocSpace objects, 1(20KB) LOS objects, 23% free, 50MB/66MB, paused 1.690ms total 58.223ms
08-06 13:00:32.796 24574 24611 I art     : Starting a blocking GC Explicit
08-06 13:00:32.845 24574 24611 I art     : Explicit concurrent mark sweep GC freed 23(752B) AllocSpace objects, 0(0B) LOS objects, 23% free, 50MB/66MB, paused 1.865ms total 47.870ms
08-06 13:00:32.858 24574 24611 I art     : Starting a blocking GC Explicit
08-06 13:00:32.906 24574 24611 I art     : Explicit concurrent mark sweep GC freed 32(880B) AllocSpace objects, 0(0B) LOS objects, 23% free, 50MB/66MB, paused 1.562ms total 47.667ms
08-06 13:00:32.920 24574 24611 I art     : Starting a blocking GC Explicit
08-06 13:00:32.969 24574 24611 I art     : Explicit concurrent mark sweep GC freed 3(96B) AllocSpace objects, 0(0B) LOS objects, 23% free, 50MB/66MB, paused 1.757ms total 48.481ms
08-06 13:00:32.982 24574 24611 I art     : Starting a blocking GC Explicit
08-06 13:00:33.029 24574 24611 I art     : Explicit concurrent mark sweep GC freed 3(96B) AllocSpace objects, 0(0B) LOS objects, 23% free, 50MB/66MB, paused 1.565ms total 46.235ms
08-06 13:00:33.222 21246 21246 I ServiceManager: Waiting for service AtCmdFwd...
08-06 13:00:33.373 24574 24595 I art     : Starting a blocking GC Explicit
08-06 13:00:33.422 24574 24595 I art     : Explicit concurrent mark sweep GC freed 1381(81KB) AllocSpace objects, 1(20KB) LOS objects, 23% free, 50MB/66MB, paused 1.683ms total 48.444ms
08-06 13:00:33.435 24574 24595 I art     : Starting a blocking GC Explicit
08-06 13:00:33.481 24574 24595 I art     : Explicit concurrent mark sweep GC freed 23(752B) AllocSpace objects, 0(0B) LOS objects, 23% free, 50MB/66MB, paused 1.653ms total 45.799ms
08-06 13:00:33.495 24574 24595 I art     : Starting a blocking GC Explicit
08-06 13:00:33.539 24574 24595 I art     : Explicit concurrent mark sweep GC freed 3(96B) AllocSpace objects, 0(0B) LOS objects, 23% free, 50MB/66MB, paused 1.705ms total 44.206ms
08-06 13:00:33.552 24574 24595 I art     : Starting a blocking GC Explicit
08-06 13:00:33.597 24574 24595 I art     : Explicit concurrent mark sweep GC freed 3(96B) AllocSpace objects, 0(0B) LOS objects, 23% free, 50MB/66MB, paused 1.692ms total 45.215ms
08-06 13:00:33.611 28039 28039 D AndroidRuntime: >>>>>> START com.android.internal.os.RuntimeInit uid 2000 <<<<<<
08-06 13:00:33.611 24574 24595 I art     : Starting a blocking GC Explicit
08-06 13:00:33.617 28039 28039 D AndroidRuntime: CheckJNI is OFF
08-06 13:00:33.656 24574 24595 I art     : Explicit concurrent mark sweep GC freed 3(96B) AllocSpace objects, 0(0B) LOS objects, 23% free, 50MB/66MB, paused 1.666ms total 44.001ms
08-06 13:00:33.664 28039 28039 D ICU     : No timezone override file found: /data/misc/zoneinfo/current/icu/icu_tzdata.dat
08-06 13:00:33.709 28039 28039 I Radio-JNI: register_android_hardware_Radio DONE
08-06 13:00:33.739 28039 28039 D AndroidRuntime: Calling main entry com.android.commands.input.Input
08-06 13:00:33.742 28039 28039 I Input   : injectMotionEvent: MotionEvent { action=ACTION_DOWN, actionButton=0, id[0]=0, x[0]=526.0, y[0]=597.0, toolType[0]=TOOL_TYPE_UNKNOWN, buttonState=0, metaState=0, flags=0x0, edgeFlags=0x0, pointerCount=1, historySize=0, eventTime=882050155, downTime=882050155, deviceId=0, source=0x1002 }
08-06 13:00:33.750 28039 28039 I Input   : injectMotionEvent: MotionEvent { action=ACTION_UP, actionButton=0, id[0]=0, x[0]=526.0, y[0]=597.0, toolType[0]=TOOL_TYPE_UNKNOWN, buttonState=0, metaState=0, flags=0x0, edgeFlags=0x0, pointerCount=1, historySize=0, eventTime=882050155, downTime=882050155, deviceId=0, source=0x1002 }
08-06 13:00:33.753 28039 28039 D AndroidRuntime: Shutting down VM
08-06 13:00:33.818 24574 24574 D PodcastListFragment: Selected podcast: GpodnetPodcast [url=http://feeds.feedburner.com/linuxoutlaws, title=Linux Outlaws, description=Two pragmatic geeks talk about the latest news concerning Linux, free and open
08-06 13:00:33.818 24574 24574 D PodcastListFragment: technology or anything else they deem noteworthy which may include such absurd
08-06 13:00:33.818 24574 24574 D PodcastListFragment: things as hockey or bands you never heard of. This means there's many a joke
08-06 13:00:33.818 24574 24574 D PodcastListFragment: and derailed conversation along the way, so don't come here expecting only
08-06 13:00:33.818 24574 24574 D PodcastListFragment: Linux or software freedom talk  just sit back and relax, partner., subscribers=3321, logoUrl=http://sixgun.org/files/linuxoutlaws.jpg, website=http://sixgun.org, mygpoLink=http://gpodder.net/podcast/linux-outlaws-mp3]
08-06 13:00:33.819   918  6111 I ActivityManager: START u0 {cmp=baseline.de.danoeh.antennapod.debug/baseline.de.danoeh.antennapod.activity.OnlineFeedViewActivity (has extras)} from uid 10711 on display 0
08-06 13:00:33.822   512  2967 D audio_hw_primary: out_set_parameters: enter: usecase(1: low-latency-playback) kvpairs: routing=2
08-06 13:00:33.837   512  2967 D audio_hw_primary: select_devices: out_snd_device(2: speaker) in_snd_device(0: none)
08-06 13:00:33.837   512  2967 D msm8974_platform: platform_send_audio_calibration: sending audio calibration for snd_device(2) acdb_id(15)
08-06 13:00:33.838   512  2967 I soundtrigger: audio_extn_sound_trigger_update_device_status: device 0x2 of type 0 for Event 1
08-06 13:00:33.850   512  2967 D audio_hw_primary: enable_snd_device: snd_device(2: speaker)
08-06 13:00:33.852   512  2967 D audio_hw_primary: enable_audio_route: apply and update mixer path: low-latency-playback speaker
08-06 13:00:33.858 24574 24574 D UserPreferences: Using default data folder
08-06 13:00:33.859 24574 24574 D OnlineFeedViewActivity: Activity was started with url http://feeds.feedburner.com/linuxoutlaws
08-06 13:00:33.861 24574 24574 D OnlineFeedViewActivity: Starting feed download
08-06 13:00:33.864 24574 24605 D DBReader: Extracting Feedlist
08-06 13:00:33.867   918  6029 D WifiService: acquireWifiLockLocked: WifiLock{Downloader type=1 binder=android.os.BinderProxy@dc47dcd}
08-06 13:00:33.867 24574 24605 D AntennapodHttpClient: Creating new instance of HTTP client
08-06 13:00:33.916 13866 13866 I GoogleInputMethodServic: GoogleInputMethodService.onFinishInput():3138 
08-06 13:00:33.917 13866 13866 I GoogleInputMethodServic: GoogleInputMethodService.onStartInput():1808 
08-06 13:00:33.925 24574 24605 D MYTAG   : interceptor 3a http://feeds.feedburner.com/linuxoutlaws
08-06 13:00:33.926 24574 24605 I NAPPA_EXPERIMENTATION: MetricNetworkRequestExecutionTime: REQUEST_DURATION_SYSTEM='56',REQUEST_DURATION_OKHTTP='38',REQUEST_SYNCHRONOUS='TRUE',RESPONSE_CODE='200',RESPONSE_METHOD='GET',RESPONSE_LENGTH_OKHTTP='-1',RESPONSE_LENGTH_HEADER='-2',REQUEST_PROTOCOL='http/1.1',REQUEST_URL='http://feeds.feedburner.com/linuxoutlaws',
08-06 13:00:33.926 24574 24605 D HttpDownloader: Response code is 200
08-06 13:00:33.926 24574 24605 D UserPreferences: Using default data folder
08-06 13:00:33.929 24574 24605 D HttpDownloader: Getting size of download
08-06 13:00:33.929 24574 24605 D HttpDownloader: Size is -1
08-06 13:00:33.929 24574 24605 D UserPreferences: Using default data folder
08-06 13:00:33.929 24574 24605 D HttpDownloader: Free space is 20172374016
08-06 13:00:33.929 24574 24605 D HttpDownloader: Starting download
08-06 13:00:33.937   918   936 I ActivityManager: Displayed baseline.de.danoeh.antennapod.debug/baseline.de.danoeh.antennapod.activity.OnlineFeedViewActivity: +104ms
08-06 13:00:33.946 24574 24605 D HttpDownloader: Download was successful
08-06 13:00:33.946   918  3359 D WifiService: releaseWifiLockLocked: WifiLock{Downloader type=1 binder=android.os.BinderProxy@dc47dcd}
08-06 13:00:33.979 24574 24606 D OpenGLRenderer: endAllStagingAnimators on 0x7f7b1b2c00 (GridView) with handle 0x7f7b3732e0
08-06 13:00:33.983 24574 24574 D OnlineFeedViewActivity: Parsing feed
08-06 13:00:33.987 24574 28074 D TypeGetter: Recognized type RSS 2.0
08-06 13:00:33.991 24574 28074 D SyndHandler: Recognized Content namespace
08-06 13:00:33.992 24574 28074 D SyndHandler: Recognized DublinCore namespace
08-06 13:00:33.992 24574 28074 D SyndHandler: Recognized Atom namespace
08-06 13:00:33.992 24574 28074 D SyndHandler: Recognized ITunes namespace
08-06 13:00:33.992 24574 28074 D SyndHandler: Recognized media namespace
08-06 13:00:34.019 24574 24594 I art     : Starting a blocking GC Explicit
08-06 13:00:34.030 24574 28074 D OnlineFeedViewActivity: Deleted feed source file. Result: true
08-06 13:00:34.031 24574 24574 D OnlineFeedViewActivity: Removing HTML from shownotes
08-06 13:00:34.049 24574 25523 D ApOkHttpUrlLoader: buildLoadData() called with: model = [http://sixgun.org/files/linuxoutlaws.jpg], width = [350], height = [350]
08-06 13:00:34.050 24574 25339 D DBReader: getImageAuthentication() called with: imageUrl = [http://sixgun.org/files/linuxoutlaws.jpg]
08-06 13:00:34.053 24574 25339 D ApOkHttpUrlLoader: no credentials for 'http://sixgun.org/files/linuxoutlaws.jpg'
08-06 13:00:34.063 24574 24594 I art     : Explicit concurrent mark sweep GC freed 7865(894KB) AllocSpace objects, 15(828KB) LOS objects, 23% free, 51MB/67MB, paused 2.348ms total 44.644ms
08-06 13:00:34.077 24574 24594 I art     : Starting a blocking GC Explicit
08-06 13:00:34.120 24574 24594 I art     : Explicit concurrent mark sweep GC freed 1594(97KB) AllocSpace objects, 0(0B) LOS objects, 23% free, 51MB/67MB, paused 1.604ms total 42.872ms
08-06 13:00:34.122 24574 25339 D DBWriter: updateFeedDownloadURL(original: http://sixgun.org/files/linuxoutlaws.jpg, updated: https://fab.industries/sixgun/files/linuxoutlaws.jpg)
08-06 13:00:34.134 24574 24594 I art     : Starting a blocking GC Explicit
08-06 13:00:34.180 24574 24594 I art     : Explicit concurrent mark sweep GC freed 735(36KB) AllocSpace objects, 0(0B) LOS objects, 23% free, 51MB/67MB, paused 1.581ms total 46.397ms
08-06 13:00:34.189   380   380 W SurfaceFlinger: couldn't log to binary event log: overflow.
08-06 13:00:34.195 24574 24594 I art     : Starting a blocking GC Explicit
08-06 13:00:34.223 21246 21246 W Atfwd_Sendcmd: AtCmdFwd service not published, waiting... retryCnt : 2
08-06 13:00:34.237 24574 24594 I art     : Explicit concurrent mark sweep GC freed 13(512B) AllocSpace objects, 0(0B) LOS objects, 23% free, 51MB/67MB, paused 1.682ms total 41.349ms
08-06 13:00:34.250 24574 24594 I art     : Starting a blocking GC Explicit
08-06 13:00:34.260 24574 25339 D MYTAG   : interceptor 2a
08-06 13:00:34.261 24574 25339 I NAPPA_EXPERIMENTATION: MetricNetworkRequestExecutionTime: REQUEST_DURATION_SYSTEM='207',REQUEST_DURATION_OKHTTP='135',REQUEST_SYNCHRONOUS='TRUE',RESPONSE_CODE='404',RESPONSE_METHOD='GET',RESPONSE_LENGTH_OKHTTP='-1',RESPONSE_LENGTH_HEADER='1503',REQUEST_PROTOCOL='h2',REQUEST_URL='https://fab.industries/sixgun/files/linuxoutlaws.jpg',
08-06 13:00:34.262 24574 24574 W Glide   : Load failed for http://sixgun.org/files/linuxoutlaws.jpg with size [350x350]
08-06 13:00:34.262 24574 24574 W Glide   : class com.bumptech.glide.load.engine.GlideException: Failed to load resource
08-06 13:00:34.262 24574 24574 W Glide   : There was 1 cause:
08-06 13:00:34.262 24574 24574 W Glide   : com.bumptech.glide.load.HttpException()
08-06 13:00:34.262 24574 24574 W Glide   :  call GlideException#logRootCauses(String) for more detail
08-06 13:00:34.262 24574 24574 W Glide   :   Cause (1 of 1): class com.bumptech.glide.load.engine.GlideException: Fetching data failed, class java.io.InputStream, REMOTE
08-06 13:00:34.262 24574 24574 W Glide   : There was 1 cause:
08-06 13:00:34.262 24574 24574 W Glide   : com.bumptech.glide.load.HttpException()
08-06 13:00:34.262 24574 24574 W Glide   :  call GlideException#logRootCauses(String) for more detail
08-06 13:00:34.262 24574 24574 W Glide   :     Cause (1 of 1): class com.bumptech.glide.load.HttpException: 
08-06 13:00:34.262 24574 24574 I Glide   : Root cause (1 of 1)
08-06 13:00:34.262 24574 24574 I Glide   : com.bumptech.glide.load.HttpException: 
08-06 13:00:34.262 24574 24574 I Glide   : 	at com.bumptech.glide.integration.okhttp3.OkHttpStreamFetcher.onResponse(OkHttpStreamFetcher.java:73)
08-06 13:00:34.262 24574 24574 I Glide   : 	at okhttp3.RealCall$AsyncCall.execute(RealCall.java:174)
08-06 13:00:34.262 24574 24574 I Glide   : 	at okhttp3.internal.NamedRunnable.run(NamedRunnable.java:32)
08-06 13:00:34.262 24574 24574 I Glide   : 	at java.util.concurrent.ThreadPoolExecutor.runWorker(ThreadPoolExecutor.java:1113)
08-06 13:00:34.262 24574 24574 I Glide   : 	at java.util.concurrent.ThreadPoolExecutor$Worker.run(ThreadPoolExecutor.java:588)
08-06 13:00:34.262 24574 24574 I Glide   : 	at java.lang.Thread.run(Thread.java:818)
08-06 13:00:34.291 24574 24594 I art     : Explicit concurrent mark sweep GC freed 313(42KB) AllocSpace objects, 0(0B) LOS objects, 23% free, 51MB/67MB, paused 1.446ms total 41.017ms
08-06 13:00:34.313 24574 24574 D PlaybackController: Releasing PlaybackController
08-06 13:00:34.401   512  2967 D audio_hw_primary: disable_audio_route: reset and update mixer path: low-latency-playback speaker
08-06 13:00:34.402   512  2967 D audio_hw_primary: disable_snd_device: snd_device(2: speaker)
08-06 13:00:34.410   512  2967 I soundtrigger: audio_extn_sound_trigger_update_device_status: device 0x2 of type 0 for Event 0
08-06 13:00:34.655 24574 24611 I art     : Starting a blocking GC Explicit
08-06 13:00:34.703 24574 24611 I art     : Explicit concurrent mark sweep GC freed 1834(102KB) AllocSpace objects, 2(132KB) LOS objects, 23% free, 50MB/66MB, paused 1.630ms total 47.384ms
08-06 13:00:34.716 24574 24611 I art     : Starting a blocking GC Explicit
08-06 13:00:34.763 24574 24611 I art     : Explicit concurrent mark sweep GC freed 42(1392B) AllocSpace objects, 0(0B) LOS objects, 23% free, 50MB/66MB, paused 1.631ms total 46.032ms
08-06 13:00:34.776 24574 24611 I art     : Starting a blocking GC Explicit
08-06 13:00:34.821 24574 24611 I art     : Explicit concurrent mark sweep GC freed 3(96B) AllocSpace objects, 0(0B) LOS objects, 23% free, 50MB/66MB, paused 1.603ms total 44.165ms
08-06 13:00:34.834 24574 24611 I art     : Starting a blocking GC Explicit
08-06 13:00:34.880 24574 24611 I art     : Explicit concurrent mark sweep GC freed 26(672B) AllocSpace objects, 0(0B) LOS objects, 23% free, 50MB/66MB, paused 1.662ms total 45.982ms
08-06 13:00:34.894 24574 24611 I art     : Starting a blocking GC Explicit
08-06 13:00:34.940 24574 24611 I art     : Explicit concurrent mark sweep GC freed 9(304B) AllocSpace objects, 0(0B) LOS objects, 23% free, 50MB/66MB, paused 1.616ms total 46.288ms
08-06 13:00:35.309 24574 24595 I art     : Starting a blocking GC Explicit
08-06 13:00:35.365 24574 24595 I art     : Explicit concurrent mark sweep GC freed 1381(81KB) AllocSpace objects, 1(20KB) LOS objects, 23% free, 50MB/66MB, paused 1.695ms total 55.540ms
08-06 13:00:35.379 24574 24595 I art     : Starting a blocking GC Explicit
08-06 13:00:35.432 24574 24595 I art     : Explicit concurrent mark sweep GC freed 23(752B) AllocSpace objects, 0(0B) LOS objects, 23% free, 50MB/66MB, paused 1.761ms total 52.440ms
08-06 13:00:35.449 24574 24595 I art     : Starting a blocking GC Explicit
08-06 13:00:35.498 24574 24595 I art     : Explicit concurrent mark sweep GC freed 3(96B) AllocSpace objects, 0(0B) LOS objects, 23% free, 50MB/66MB, paused 1.860ms total 48.722ms
08-06 13:00:35.512 24574 24595 I art     : Starting a blocking GC Explicit
08-06 13:00:35.562 24574 24595 I art     : Explicit concurrent mark sweep GC freed 3(96B) AllocSpace objects, 0(0B) LOS objects, 23% free, 50MB/66MB, paused 1.650ms total 49.799ms
08-06 13:00:35.576 24574 24595 I art     : Starting a blocking GC Explicit
08-06 13:00:35.626 24574 24595 I art     : Explicit concurrent mark sweep GC freed 3(96B) AllocSpace objects, 0(0B) LOS objects, 23% free, 50MB/66MB, paused 1.671ms total 49.202ms
08-06 13:00:36.014 24574 24611 I art     : Starting a blocking GC Explicit
08-06 13:00:36.066 24574 24611 I art     : Explicit concurrent mark sweep GC freed 1438(82KB) AllocSpace objects, 1(20KB) LOS objects, 23% free, 50MB/66MB, paused 1.641ms total 51.523ms
08-06 13:00:36.081 24574 24611 I art     : Starting a blocking GC Explicit
08-06 13:00:36.131 24574 24611 I art     : Explicit concurrent mark sweep GC freed 23(752B) AllocSpace objects, 0(0B) LOS objects, 23% free, 50MB/66MB, paused 1.687ms total 49.581ms
08-06 13:00:36.145 24574 24611 I art     : Starting a blocking GC Explicit
08-06 13:00:36.195 24574 24611 I art     : Explicit concurrent mark sweep GC freed 3(96B) AllocSpace objects, 0(0B) LOS objects, 23% free, 50MB/66MB, paused 1.593ms total 49.295ms
08-06 13:00:36.208 24574 24611 I art     : Starting a blocking GC Explicit
08-06 13:00:36.259 24574 24611 I art     : Explicit concurrent mark sweep GC freed 3(96B) AllocSpace objects, 0(0B) LOS objects, 23% free, 50MB/66MB, paused 1.744ms total 50.597ms
08-06 13:00:36.273 24574 24611 I art     : Starting a blocking GC Explicit
08-06 13:00:36.324 24574 24611 I art     : Explicit concurrent mark sweep GC freed 3(96B) AllocSpace objects, 0(0B) LOS objects, 23% free, 50MB/66MB, paused 1.673ms total 50.388ms
08-06 13:00:36.722 24574 26013 I art     : Starting a blocking GC Explicit
08-06 13:00:36.783 24574 26013 I art     : Explicit concurrent mark sweep GC freed 1381(81KB) AllocSpace objects, 1(20KB) LOS objects, 23% free, 50MB/66MB, paused 1.726ms total 60.292ms
08-06 13:00:36.800 24574 26013 I art     : Starting a blocking GC Explicit
08-06 13:00:36.846 24574 26013 I art     : Explicit concurrent mark sweep GC freed 23(752B) AllocSpace objects, 0(0B) LOS objects, 23% free, 50MB/66MB, paused 1.606ms total 45.167ms
08-06 13:00:36.859 24574 26013 I art     : Starting a blocking GC Explicit
08-06 13:00:36.905 24574 26013 I art     : Explicit concurrent mark sweep GC freed 32(880B) AllocSpace objects, 0(0B) LOS objects, 23% free, 50MB/66MB, paused 1.538ms total 45.484ms
08-06 13:00:36.918 24574 26013 I art     : Starting a blocking GC Explicit
08-06 13:00:36.964 24574 26013 I art     : Explicit concurrent mark sweep GC freed 3(96B) AllocSpace objects, 0(0B) LOS objects, 23% free, 50MB/66MB, paused 1.750ms total 45.128ms
08-06 13:00:36.977 24574 26013 I art     : Starting a blocking GC Explicit
08-06 13:00:37.027 24574 26013 I art     : Explicit concurrent mark sweep GC freed 3(96B) AllocSpace objects, 0(0B) LOS objects, 23% free, 50MB/66MB, paused 1.623ms total 48.995ms
08-06 13:00:37.442 24574 24595 I art     : Starting a blocking GC Explicit
08-06 13:00:37.504 24574 24595 I art     : Explicit concurrent mark sweep GC freed 1381(81KB) AllocSpace objects, 1(20KB) LOS objects, 23% free, 50MB/66MB, paused 1.745ms total 60.989ms
08-06 13:00:37.520 24574 24595 I art     : Starting a blocking GC Explicit
08-06 13:00:37.570 24574 24595 I art     : Explicit concurrent mark sweep GC freed 23(752B) AllocSpace objects, 0(0B) LOS objects, 23% free, 50MB/66MB, paused 1.763ms total 50.005ms
08-06 13:00:37.584 24574 24595 I art     : Starting a blocking GC Explicit
08-06 13:00:37.634 24574 24595 I art     : Explicit concurrent mark sweep GC freed 3(96B) AllocSpace objects, 0(0B) LOS objects, 23% free, 50MB/66MB, paused 1.613ms total 49.692ms
08-06 13:00:37.648 24574 24595 I art     : Starting a blocking GC Explicit
08-06 13:00:37.698 24574 24595 I art     : Explicit concurrent mark sweep GC freed 3(96B) AllocSpace objects, 0(0B) LOS objects, 23% free, 50MB/66MB, paused 1.646ms total 50.155ms
08-06 13:00:37.715 24574 24595 I art     : Starting a blocking GC Explicit
08-06 13:00:37.767 24574 24595 I art     : Explicit concurrent mark sweep GC freed 3(96B) AllocSpace objects, 0(0B) LOS objects, 23% free, 50MB/66MB, paused 1.755ms total 51.468ms
08-06 13:00:38.162 24574 24594 I art     : Starting a blocking GC Explicit
08-06 13:00:38.219 24574 24594 I art     : Explicit concurrent mark sweep GC freed 1412(84KB) AllocSpace objects, 1(20KB) LOS objects, 23% free, 50MB/66MB, paused 1.837ms total 55.924ms
08-06 13:00:38.232 24574 24594 I art     : Starting a blocking GC Explicit
08-06 13:00:38.277 24574 24594 I art     : Explicit concurrent mark sweep GC freed 23(752B) AllocSpace objects, 0(0B) LOS objects, 23% free, 50MB/66MB, paused 1.718ms total 44.824ms
08-06 13:00:38.291 24574 24594 I art     : Starting a blocking GC Explicit
08-06 13:00:38.338 24574 24594 I art     : Explicit concurrent mark sweep GC freed 3(96B) AllocSpace objects, 0(0B) LOS objects, 23% free, 50MB/66MB, paused 1.736ms total 46.784ms
08-06 13:00:38.352 24574 24594 I art     : Starting a blocking GC Explicit
08-06 13:00:38.397 24574 24594 I art     : Explicit concurrent mark sweep GC freed 3(96B) AllocSpace objects, 0(0B) LOS objects, 23% free, 50MB/66MB, paused 1.603ms total 44.992ms
08-06 13:00:38.410 24574 24594 I art     : Starting a blocking GC Explicit
08-06 13:00:38.457 24574 24594 I art     : Explicit concurrent mark sweep GC freed 3(96B) AllocSpace objects, 0(0B) LOS objects, 23% free, 50MB/66MB, paused 1.732ms total 46.919ms
08-06 13:00:38.458 24574 24592 I art     : WaitForGcToComplete blocked for 35.673ms for cause HeapTrim
08-06 13:00:38.575 28131 28131 D AndroidRuntime: >>>>>> START com.android.internal.os.RuntimeInit uid 2000 <<<<<<
08-06 13:00:38.583 28131 28131 D AndroidRuntime: CheckJNI is OFF
08-06 13:00:38.631 28131 28131 D ICU     : No timezone override file found: /data/misc/zoneinfo/current/icu/icu_tzdata.dat
08-06 13:00:38.673 28131 28131 I Radio-JNI: register_android_hardware_Radio DONE
08-06 13:00:38.702 28131 28131 D AndroidRuntime: Calling main entry com.android.commands.input.Input
08-06 13:00:38.703 28131 28131 I Input   : injectKeyEvent: KeyEvent { action=ACTION_DOWN, keyCode=KEYCODE_BACK, scanCode=0, metaState=0, flags=0x0, repeatCount=0, eventTime=882055117, downTime=882055117, deviceId=-1, source=0x101 }
08-06 13:00:38.708 28131 28131 I Input   : injectKeyEvent: KeyEvent { action=ACTION_UP, keyCode=KEYCODE_BACK, scanCode=0, metaState=0, flags=0x0, repeatCount=0, eventTime=882055117, downTime=882055117, deviceId=-1, source=0x101 }
08-06 13:00:38.714 28131 28131 D AndroidRuntime: Shutting down VM
08-06 13:00:38.721 24574 24574 V PlaybackController: initServiceNotRunning()
08-06 13:00:38.721 24574 24574 D ExternalPlayerFragment: Loading media info
08-06 13:00:38.726 24574 25523 D ApOkHttpUrlLoader: buildLoadData() called with: model = [http://sixgun.org/files/linuxoutlaws.jpg], width = [224], height = [224]
08-06 13:00:38.728 24574 25339 D DBReader: getImageAuthentication() called with: imageUrl = [http://sixgun.org/files/linuxoutlaws.jpg]
08-06 13:00:38.730 24574 24574 D UserPreferences: Using default data folder
08-06 13:00:38.730 24574 24605 D DBReader: getNavDrawerData() called with: 
08-06 13:00:38.733 24574 25339 D ApOkHttpUrlLoader: no credentials for 'http://sixgun.org/files/linuxoutlaws.jpg'
08-06 13:00:38.750 24574 24605 D DBReader: getDownloadedItems() called
08-06 13:00:38.751 24574 24605 D DBReader: getFavoriteIDList() called
08-06 13:00:38.752 24574 24605 D DBReader: getQueueIDList() called
08-06 13:00:38.753 24574 24605 D DBReader: Extracting Feedlist
08-06 13:00:38.763 13866 13866 I GoogleInputMethodServic: GoogleInputMethodService.onFinishInput():3138 
08-06 13:00:38.765 13866 13866 I GoogleInputMethodServic: GoogleInputMethodService.onStartInput():1808 
08-06 13:00:38.783 24574 24574 D MainActivity: getLastNavFragment() -> AddFeedFragment
08-06 13:00:38.826 24574 26013 I art     : Starting a blocking GC Explicit
08-06 13:00:38.833 24574 25339 D DBWriter: updateFeedDownloadURL(original: http://sixgun.org/files/linuxoutlaws.jpg, updated: https://fab.industries/sixgun/files/linuxoutlaws.jpg)
08-06 13:00:38.866 24574 26013 I art     : Explicit concurrent mark sweep GC freed 3097(185KB) AllocSpace objects, 1(20KB) LOS objects, 23% free, 51MB/67MB, paused 1.570ms total 39.825ms
08-06 13:00:38.878 24574 26013 I art     : Starting a blocking GC Explicit
08-06 13:00:38.924 24574 26013 I art     : Explicit concurrent mark sweep GC freed 610(30KB) AllocSpace objects, 0(0B) LOS objects, 23% free, 50MB/66MB, paused 1.652ms total 44.909ms
08-06 13:00:38.940 24574 26013 I art     : Starting a blocking GC Explicit
08-06 13:00:38.971 24574 25339 D MYTAG   : interceptor 2a
08-06 13:00:38.972 24574 25339 I NAPPA_EXPERIMENTATION: MetricNetworkRequestExecutionTime: REQUEST_DURATION_SYSTEM='238',REQUEST_DURATION_OKHTTP='135',REQUEST_SYNCHRONOUS='TRUE',RESPONSE_CODE='404',RESPONSE_METHOD='GET',RESPONSE_LENGTH_OKHTTP='-1',RESPONSE_LENGTH_HEADER='1503',REQUEST_PROTOCOL='h2',REQUEST_URL='https://fab.industries/sixgun/files/linuxoutlaws.jpg',
08-06 13:00:38.973 24574 24574 W Glide   : Load failed for http://sixgun.org/files/linuxoutlaws.jpg with size [224x224]
08-06 13:00:38.973 24574 24574 W Glide   : class com.bumptech.glide.load.engine.GlideException: Failed to load resource
08-06 13:00:38.973 24574 24574 W Glide   : There was 1 cause:
08-06 13:00:38.973 24574 24574 W Glide   : com.bumptech.glide.load.HttpException()
08-06 13:00:38.973 24574 24574 W Glide   :  call GlideException#logRootCauses(String) for more detail
08-06 13:00:38.973 24574 24574 W Glide   :   Cause (1 of 1): class com.bumptech.glide.load.engine.GlideException: Fetching data failed, class java.io.InputStream, REMOTE
08-06 13:00:38.973 24574 24574 W Glide   : There was 1 cause:
08-06 13:00:38.973 24574 24574 W Glide   : com.bumptech.glide.load.HttpException()
08-06 13:00:38.973 24574 24574 W Glide   :  call GlideException#logRootCauses(String) for more detail
08-06 13:00:38.973 24574 24574 W Glide   :     Cause (1 of 1): class com.bumptech.glide.load.HttpException: 
08-06 13:00:38.974 24574 24574 I Glide   : Root cause (1 of 1)
08-06 13:00:38.974 24574 24574 I Glide   : com.bumptech.glide.load.HttpException: 
08-06 13:00:38.974 24574 24574 I Glide   : 	at com.bumptech.glide.integration.okhttp3.OkHttpStreamFetcher.onResponse(OkHttpStreamFetcher.java:73)
08-06 13:00:38.974 24574 24574 I Glide   : 	at okhttp3.RealCall$AsyncCall.execute(RealCall.java:174)
08-06 13:00:38.974 24574 24574 I Glide   : 	at okhttp3.internal.NamedRunnable.run(NamedRunnable.java:32)
08-06 13:00:38.974 24574 24574 I Glide   : 	at java.util.concurrent.ThreadPoolExecutor.runWorker(ThreadPoolExecutor.java:1113)
08-06 13:00:38.974 24574 24574 I Glide   : 	at java.util.concurrent.ThreadPoolExecutor$Worker.run(ThreadPoolExecutor.java:588)
08-06 13:00:38.974 24574 24574 I Glide   : 	at java.lang.Thread.run(Thread.java:818)
08-06 13:00:38.974 24574 24574 W Glide   : Load failed for http://sixgun.org/files/linuxoutlaws.jpg with size [224x224]
08-06 13:00:38.974 24574 24574 W Glide   : class com.bumptech.glide.load.engine.GlideException: Failed to load resource
08-06 13:00:38.974 24574 24574 W Glide   : There was 1 cause:
08-06 13:00:38.974 24574 24574 W Glide   : com.bumptech.glide.load.HttpException()
08-06 13:00:38.974 24574 24574 W Glide   :  call GlideException#logRootCauses(String) for more detail
08-06 13:00:38.974 24574 24574 W Glide   :   Cause (1 of 1): class com.bumptech.glide.load.engine.GlideException: Fetching data failed, class java.io.InputStream, REMOTE
08-06 13:00:38.974 24574 24574 W Glide   : There was 1 cause:
08-06 13:00:38.974 24574 24574 W Glide   : com.bumptech.glide.load.HttpException()
08-06 13:00:38.974 24574 24574 W Glide   :  call GlideException#logRootCauses(String) for more detail
08-06 13:00:38.974 24574 24574 W Glide   :     Cause (1 of 1): class com.bumptech.glide.load.HttpException: 
08-06 13:00:38.974 24574 24574 I Glide   : Root cause (1 of 1)
08-06 13:00:38.974 24574 24574 I Glide   : com.bumptech.glide.load.HttpException: 
08-06 13:00:38.974 24574 24574 I Glide   : 	at com.bumptech.glide.integration.okhttp3.OkHttpStreamFetcher.onResponse(OkHttpStreamFetcher.java:73)
08-06 13:00:38.974 24574 24574 I Glide   : 	at okhttp3.RealCall$AsyncCall.execute(RealCall.java:174)
08-06 13:00:38.974 24574 24574 I Glide   : 	at okhttp3.internal.NamedRunnable.run(NamedRunnable.java:32)
08-06 13:00:38.974 24574 24574 I Glide   : 	at java.util.concurrent.ThreadPoolExecutor.runWorker(ThreadPoolExecutor.java:1113)
08-06 13:00:38.974 24574 24574 I Glide   : 	at java.util.concurrent.ThreadPoolExecutor$Worker.run(ThreadPoolExecutor.java:588)
08-06 13:00:38.974 24574 24574 I Glide   : 	at java.lang.Thread.run(Thread.java:818)
08-06 13:00:38.993 24574 26013 I art     : Explicit concurrent mark sweep GC freed 417(69KB) AllocSpace objects, 0(0B) LOS objects, 23% free, 50MB/66MB, paused 1.640ms total 52.525ms
08-06 13:00:39.009 24574 26013 I art     : Starting a blocking GC Explicit
08-06 13:00:39.057 24574 26013 I art     : Explicit concurrent mark sweep GC freed 178(7KB) AllocSpace objects, 0(0B) LOS objects, 23% free, 50MB/66MB, paused 1.554ms total 47.401ms
08-06 13:00:39.060   380   380 W SurfaceFlinger: couldn't log to binary event log: overflow.
08-06 13:00:39.072 24574 26013 I art     : Starting a blocking GC Explicit
08-06 13:00:39.111 24574 26013 I art     : Explicit concurrent mark sweep GC freed 595(24KB) AllocSpace objects, 0(0B) LOS objects, 23% free, 50MB/66MB, paused 1.467ms total 38.517ms
08-06 13:00:39.477 24574 27728 I art     : Starting a blocking GC Explicit
08-06 13:00:39.540 24574 27728 I art     : Explicit concurrent mark sweep GC freed 1540(91KB) AllocSpace objects, 1(20KB) LOS objects, 23% free, 50MB/66MB, paused 1.821ms total 63.018ms
08-06 13:00:39.557 24574 27728 I art     : Starting a blocking GC Explicit
08-06 13:00:39.602 24574 27728 I art     : Explicit concurrent mark sweep GC freed 2764(230KB) AllocSpace objects, 1(28KB) LOS objects, 23% free, 50MB/66MB, paused 1.592ms total 44.339ms
08-06 13:00:39.615 24574 27728 I art     : Starting a blocking GC Explicit
08-06 13:00:39.659 24574 27728 I art     : Explicit concurrent mark sweep GC freed 3(96B) AllocSpace objects, 0(0B) LOS objects, 23% free, 50MB/66MB, paused 1.630ms total 44.230ms
08-06 13:00:39.673 24574 27728 I art     : Starting a blocking GC Explicit
08-06 13:00:39.717 24574 27728 I art     : Explicit concurrent mark sweep GC freed 3(96B) AllocSpace objects, 0(0B) LOS objects, 23% free, 50MB/66MB, paused 1.511ms total 43.530ms
08-06 13:00:39.729 24574 27728 I art     : Starting a blocking GC Explicit
08-06 13:00:39.773 24574 27728 I art     : Explicit concurrent mark sweep GC freed 3(96B) AllocSpace objects, 0(0B) LOS objects, 23% free, 50MB/66MB, paused 1.555ms total 43.703ms
08-06 13:00:39.805  3784  3784 D CallStatisticsService: Post delayed to sync data packages to nv.
08-06 13:00:39.805  3784  3784 D CallStatisticsService: handleMessage PHONE_DATA.
08-06 13:00:39.806  3784  3784 D CallStatisticsService: txTotal(Kb) = 0
08-06 13:00:39.806  3784  3784 D CallStatisticsService: rxTotal(Kb) = 0
08-06 13:00:39.806  3784  3784 E CallStatisticsService: TX And RX Data packages are totally 0, no need to update.
08-06 13:00:40.132 24574 24594 I art     : Starting a blocking GC Explicit
08-06 13:00:40.184 24574 24594 I art     : Explicit concurrent mark sweep GC freed 1412(82KB) AllocSpace objects, 1(20KB) LOS objects, 23% free, 50MB/66MB, paused 1.763ms total 51.833ms
08-06 13:00:40.201 24574 24594 I art     : Starting a blocking GC Explicit
08-06 13:00:40.242 24574 24594 I art     : Explicit concurrent mark sweep GC freed 23(752B) AllocSpace objects, 0(0B) LOS objects, 23% free, 50MB/66MB, paused 1.616ms total 40.814ms
08-06 13:00:40.255 24574 24594 I art     : Starting a blocking GC Explicit
08-06 13:00:40.298 24574 24594 I art     : Explicit concurrent mark sweep GC freed 3(96B) AllocSpace objects, 0(0B) LOS objects, 23% free, 50MB/66MB, paused 1.694ms total 42.351ms
08-06 13:00:40.311 24574 24594 I art     : Starting a blocking GC Explicit
08-06 13:00:40.353 24574 24594 I art     : Explicit concurrent mark sweep GC freed 6(192B) AllocSpace objects, 0(0B) LOS objects, 23% free, 50MB/66MB, paused 1.588ms total 42.385ms
08-06 13:00:40.369 24574 24594 I art     : Starting a blocking GC Explicit
08-06 13:00:40.413 24574 24594 I art     : Explicit concurrent mark sweep GC freed 15(480B) AllocSpace objects, 0(0B) LOS objects, 23% free, 50MB/66MB, paused 1.506ms total 43.124ms
08-06 13:00:40.497 28170 28170 D AndroidRuntime: >>>>>> START com.android.internal.os.RuntimeInit uid 2000 <<<<<<
08-06 13:00:40.503 28170 28170 D AndroidRuntime: CheckJNI is OFF
08-06 13:00:40.548 28170 28170 D ICU     : No timezone override file found: /data/misc/zoneinfo/current/icu/icu_tzdata.dat
08-06 13:00:40.593 28170 28170 I Radio-JNI: register_android_hardware_Radio DONE
08-06 13:00:40.620 28170 28170 D AndroidRuntime: Calling main entry com.android.commands.input.Input
08-06 13:00:40.622 28170 28170 I Input   : injectKeyEvent: KeyEvent { action=ACTION_DOWN, keyCode=KEYCODE_BACK, scanCode=0, metaState=0, flags=0x0, repeatCount=0, eventTime=882057035, downTime=882057035, deviceId=-1, source=0x101 }
08-06 13:00:40.627 28170 28170 I Input   : injectKeyEvent: KeyEvent { action=ACTION_UP, keyCode=KEYCODE_BACK, scanCode=0, metaState=0, flags=0x0, repeatCount=0, eventTime=882057035, downTime=882057035, deviceId=-1, source=0x101 }
08-06 13:00:40.651 28170 28170 D AndroidRuntime: Shutting down VM
08-06 13:00:40.774 24574 26013 I art     : Starting a blocking GC Explicit
08-06 13:00:40.823 24574 26013 I art     : Explicit concurrent mark sweep GC freed 3613(172KB) AllocSpace objects, 1(20KB) LOS objects, 23% free, 50MB/66MB, paused 1.766ms total 48.523ms
08-06 13:00:40.839 24574 26013 I art     : Starting a blocking GC Explicit
08-06 13:00:40.880 24574 26013 I art     : Explicit concurrent mark sweep GC freed 5357(394KB) AllocSpace objects, 9(1620KB) LOS objects, 24% free, 48MB/64MB, paused 1.646ms total 40.926ms
08-06 13:00:40.893 24574 26013 I art     : Starting a blocking GC Explicit
08-06 13:00:40.934 24574 26013 I art     : Explicit concurrent mark sweep GC freed 4(128B) AllocSpace objects, 0(0B) LOS objects, 24% free, 48MB/64MB, paused 1.747ms total 40.784ms
08-06 13:00:40.947 24574 26013 I art     : Starting a blocking GC Explicit
08-06 13:00:40.988 24574 26013 I art     : Explicit concurrent mark sweep GC freed 3(96B) AllocSpace objects, 0(0B) LOS objects, 24% free, 48MB/64MB, paused 1.702ms total 41.441ms
08-06 13:00:41.001 24574 26013 I art     : Starting a blocking GC Explicit
08-06 13:00:41.043 24574 26013 I art     : Explicit concurrent mark sweep GC freed 3(96B) AllocSpace objects, 0(0B) LOS objects, 24% free, 48MB/64MB, paused 1.683ms total 41.513ms
08-06 13:00:41.403 24574 27728 I art     : Starting a blocking GC Explicit
08-06 13:00:41.457 24574 27728 I art     : Explicit concurrent mark sweep GC freed 1382(82KB) AllocSpace objects, 1(20KB) LOS objects, 24% free, 48MB/64MB, paused 1.693ms total 52.961ms
08-06 13:00:41.473 24574 27728 I art     : Starting a blocking GC Explicit
08-06 13:00:41.517 24574 27728 I art     : Explicit concurrent mark sweep GC freed 23(752B) AllocSpace objects, 0(0B) LOS objects, 24% free, 48MB/64MB, paused 1.712ms total 44.433ms
08-06 13:00:41.531 24574 27728 I art     : Starting a blocking GC Explicit
08-06 13:00:41.573 24574 27728 I art     : Explicit concurrent mark sweep GC freed 3(96B) AllocSpace objects, 0(0B) LOS objects, 24% free, 48MB/64MB, paused 1.586ms total 42.127ms
08-06 13:00:41.586 24574 27728 I art     : Starting a blocking GC Explicit
08-06 13:00:41.628 24574 27728 I art     : Explicit concurrent mark sweep GC freed 3(96B) AllocSpace objects, 0(0B) LOS objects, 24% free, 48MB/64MB, paused 1.712ms total 42.046ms
08-06 13:00:41.641 24574 27728 I art     : Starting a blocking GC Explicit
08-06 13:00:41.684 24574 27728 I art     : Explicit concurrent mark sweep GC freed 3(96B) AllocSpace objects, 0(0B) LOS objects, 24% free, 48MB/64MB, paused 1.475ms total 42.253ms
08-06 13:00:41.701   918  3261 D WifiStateMachine: starting scan for "H369AA63323"WPA_PSK with 2412,5180
08-06 13:00:41.833   918  3188 I hubconnection: sensorhub said: 'set_bias 3: -5.8560, 0.0000, 0.0000'
08-06 13:00:42.035 24574 24595 I art     : Starting a blocking GC Explicit
08-06 13:00:42.080 24574 24595 I art     : Explicit concurrent mark sweep GC freed 1410(82KB) AllocSpace objects, 1(20KB) LOS objects, 24% free, 48MB/64MB, paused 1.619ms total 44.360ms
08-06 13:00:42.093 24574 24595 I art     : Starting a blocking GC Explicit
08-06 13:00:42.133 24574 24595 I art     : Explicit concurrent mark sweep GC freed 23(752B) AllocSpace objects, 0(0B) LOS objects, 24% free, 48MB/64MB, paused 1.596ms total 39.662ms
08-06 13:00:42.146 24574 24595 I art     : Starting a blocking GC Explicit
08-06 13:00:42.186 24574 24595 I art     : Explicit concurrent mark sweep GC freed 3(96B) AllocSpace objects, 0(0B) LOS objects, 24% free, 48MB/64MB, paused 1.563ms total 40.144ms
08-06 13:00:42.199 24574 24595 I art     : Starting a blocking GC Explicit
08-06 13:00:42.241 24574 24595 I art     : Explicit concurrent mark sweep GC freed 3(96B) AllocSpace objects, 0(0B) LOS objects, 24% free, 48MB/64MB, paused 1.673ms total 42.164ms
08-06 13:00:42.254 24574 24595 I art     : Starting a blocking GC Explicit
08-06 13:00:42.297 24574 24595 I art     : Explicit concurrent mark sweep GC freed 6(192B) AllocSpace objects, 0(0B) LOS objects, 24% free, 48MB/64MB, paused 1.947ms total 42.998ms
08-06 13:00:42.471 28226 28226 D AndroidRuntime: >>>>>> START com.android.internal.os.RuntimeInit uid 2000 <<<<<<
08-06 13:00:42.477 28226 28226 D AndroidRuntime: CheckJNI is OFF
08-06 13:00:42.518 28226 28226 D ICU     : No timezone override file found: /data/misc/zoneinfo/current/icu/icu_tzdata.dat
08-06 13:00:42.562 28226 28226 I Radio-JNI: register_android_hardware_Radio DONE
08-06 13:00:42.590 28226 28226 D AndroidRuntime: Calling main entry com.android.commands.am.Am
08-06 13:00:42.596 14970 14970 I Trepn   : Trepn 6.2s: Received intent: com.quicinc.trepn.stop_profiling
08-06 13:00:42.618 14970 14970 I Trepn   : Trepn 6.2s: Trepn has Stopped Profiling.
08-06 13:00:42.666 24574 26013 I art     : Starting a blocking GC Explicit
08-06 13:00:42.706 24574 26013 I art     : Explicit concurrent mark sweep GC freed 1409(84KB) AllocSpace objects, 1(20KB) LOS objects, 24% free, 48MB/64MB, paused 1.503ms total 39.363ms
08-06 13:00:42.718 24574 26013 I art     : Starting a blocking GC Explicit
08-06 13:00:42.730 28226 28226 D AndroidRuntime: Shutting down VM
08-06 13:00:42.733   918  5481 W AppOps  : Finishing op nesting under-run: uid 10078 pkg com.quicinc.trepn code 24 time=0 duration=0 nesting=0
08-06 13:00:42.757 24574 26013 I art     : Explicit concurrent mark sweep GC freed 23(752B) AllocSpace objects, 0(0B) LOS objects, 24% free, 48MB/64MB, paused 1.576ms total 37.929ms
08-06 13:00:42.769 24574 26013 I art     : Starting a blocking GC Explicit
08-06 13:00:42.806 24574 26013 I art     : Explicit concurrent mark sweep GC freed 3(96B) AllocSpace objects, 0(0B) LOS objects, 24% free, 48MB/64MB, paused 1.518ms total 36.433ms
08-06 13:00:42.820 24574 26013 I art     : Starting a blocking GC Explicit
08-06 13:00:42.864 24574 26013 I art     : Explicit concurrent mark sweep GC freed 3(96B) AllocSpace objects, 0(0B) LOS objects, 24% free, 48MB/64MB, paused 1.620ms total 43.780ms
08-06 13:00:42.877 24574 26013 I art     : Starting a blocking GC Explicit
08-06 13:00:42.922 24574 26013 I art     : Explicit concurrent mark sweep GC freed 32(880B) AllocSpace objects, 0(0B) LOS objects, 24% free, 48MB/64MB, paused 1.646ms total 44.573ms
08-06 13:00:43.269 24574 27728 I art     : Starting a blocking GC Explicit
08-06 13:00:43.311 24574 27728 I art     : Explicit concurrent mark sweep GC freed 1383(81KB) AllocSpace objects, 1(20KB) LOS objects, 24% free, 48MB/64MB, paused 1.699ms total 41.542ms
08-06 13:00:43.324 24574 27728 I art     : Starting a blocking GC Explicit
08-06 13:00:43.364 24574 27728 I art     : Explicit concurrent mark sweep GC freed 23(752B) AllocSpace objects, 0(0B) LOS objects, 24% free, 48MB/64MB, paused 1.562ms total 40.132ms
08-06 13:00:43.377 24574 27728 I art     : Starting a blocking GC Explicit
08-06 13:00:43.419 24574 27728 I art     : Explicit concurrent mark sweep GC freed 3(96B) AllocSpace objects, 0(0B) LOS objects, 24% free, 48MB/64MB, paused 1.534ms total 41.118ms
08-06 13:00:43.431 24574 27728 I art     : Starting a blocking GC Explicit
08-06 13:00:43.471 24574 27728 I art     : Explicit concurrent mark sweep GC freed 3(96B) AllocSpace objects, 0(0B) LOS objects, 24% free, 48MB/64MB, paused 1.574ms total 39.244ms
08-06 13:00:43.484 24574 27728 I art     : Starting a blocking GC Explicit
08-06 13:00:43.524 24574 27728 I art     : Explicit concurrent mark sweep GC freed 3(96B) AllocSpace objects, 0(0B) LOS objects, 24% free, 48MB/64MB, paused 1.582ms total 39.964ms
08-06 13:00:44.223 21246 21246 I ServiceManager: Waiting for service AtCmdFwd...
08-06 13:00:45.224 21246 21246 I ServiceManager: Waiting for service AtCmdFwd...
08-06 13:00:46.224 21246 21246 I ServiceManager: Waiting for service AtCmdFwd...
