--------- beginning of main
08-05 23:43:13.646  3784  3784 D CarrierServiceBindHelper: Receive action: android.intent.action.PACKAGE_ADDED
08-05 23:43:13.647  3784  3784 D CarrierServiceBindHelper: mHandler: 3
08-05 23:43:13.647  3784  3784 D CarrierConfigLoader: mHandler: 9 phoneId: 0
08-05 23:43:13.692 24365 30544 W GCM     : Unexpected forwarded intent: Intent { act=android.intent.action.PACKAGE_ADDED dat=package:baseline.de.danoeh.antennapod.debug flg=0x4000010 cmp=com.google.android.gms/.chimera.PersistentIntentOperationService (has extras) }
08-05 23:43:13.694 24365 30544 W GCM     : Unexpected forwarded intent: Intent { act=android.intent.action.PACKAGE_ADDED dat=package:baseline.de.danoeh.antennapod.debug flg=0x4000010 cmp=com.google.android.gms/.chimera.PersistentIntentOperationService (has extras) }
08-05 23:43:13.706 15866 15866 I Finsky  : [1] uah.a(18): PackageMonitorReceiverImpl - Received: android.intent.action.PACKAGE_ADDED, [CFjXe5fo2ooiLur0Ju3smv2h5qnGgIsGl5_C_SkJu8g]
08-05 23:43:13.707 15866 15866 I Finsky  : [1] ubi.d(9): Invalidating cached PackageState for baseline.de.danoeh.antennapod.debug
08-05 23:43:13.719 15866 15866 I Finsky  : [1] lzi.c(2): Frosting ID looked up on UI thread. Caller should move to a background thread.
08-05 23:43:13.736 15866 15866 I Finsky  : [1] agsx.a(4): Do not start WearSupportService due to Wear service optimization
--------- beginning of system
08-05 23:43:13.740   918  6111 W ActivityManager: Unable to start service Intent { act=com.google.android.gms.auth.key.retrieval.service.START pkg=com.google.android.gms } U=0: not found
08-05 23:43:13.741 15866 15866 I Finsky  : [1] agsx.a(4): Do not start WearSupportService due to Wear service optimization
08-05 23:43:13.742 15866 15866 I Finsky  : [1] zko.a(1): Clearing split related stale data.
08-05 23:43:13.766 15866 30550 I Finsky  : [6634] eji.a(-1): Asset module storage cleared for package baseline.de.danoeh.antennapod.debug.
08-05 23:43:13.768 15866 15866 I Finsky  : [1] lzi.c(2): Frosting ID looked up on UI thread. Caller should move to a background thread.
08-05 23:43:13.770 24577 30545 I Auth    : [SupervisedAccountIntentOperation] onHandleIntent(): android.intent.action.PACKAGE_ADDED
08-05 23:43:13.773 24577 30554 I ChromeSync: [Sync,SyncIntentOperation] Handling the intent: Intent { act=android.intent.action.PACKAGE_ADDED dat=package:baseline.de.danoeh.antennapod.debug flg=0x4000010 cmp=com.google.android.gms/.chimera.GmsIntentOperationService (has extras) }.
08-05 23:43:13.829   918  3696 W ActivityManager: Unbind failed: could not find connection for android.os.BinderProxy@a84076
08-05 23:43:13.857   918  3961 I AccountManagerService: getTypesVisibleToCaller: isPermitted? true
08-05 23:43:13.867 24577 24621 E GmsClient: unable to connect to service: com.google.android.gms.auth.key.retrieval.service.START on com.google.android.gms
08-05 23:43:13.927   918  5132 I AccountManagerService: getTypesVisibleToCaller: isPermitted? true
08-05 23:43:13.930 24577 30554 I ChromeSync: [Persistence,AffiliationManager] One of affiliation or grouping data for android://bz0hZa4nAJEtd0n5sRlXG7KAqctUMWVefv7Ki4mh1p6slZ9YO-n9gS9j8m9YCrsIyI2wIxrDHraumF9Y6pBLTA==@baseline.de.danoeh.antennapod.debug/ was not found. Marking affiliation data as stale...
08-05 23:43:13.988   918  5132 I AccountManagerService: getTypesVisibleToCaller: isPermitted? true
08-05 23:43:14.017 15866 30548 I Finsky  : [6632] lyv.run(-1): Wrote row to frosting DB: 3012
08-05 23:43:14.064 15866 30548 I Finsky  : [6632] lyv.run(-1): Wrote row to frosting DB: 3013
08-05 23:43:14.092 24577 13294 I Icing   : IndexChimeraService.getServiceInterface callingPackage=com.google.android.gms componentName=AppsCorpus serviceId=36
08-05 23:43:14.109 15866 15866 I Finsky  : [1] xmu.a(8): SCH: Jobs in database: 1-1337 3-219 3-220 12-1 24-77777777 26-1414141414 
08-05 23:43:14.111 15866 15866 I Finsky  : [1] xio.a(57): SCH: ConstraintMapping: 24-77777777,  -> L: 0ms, D: 77216816ms, C: false, I: true, N: 0
08-05 23:43:14.111 15866 15866 I Finsky  : [1] xio.a(57): SCH: ConstraintMapping: 1-1337, 12-1,  -> L: 14645ms, D: 37358802ms, C: false, I: false, N: 1
08-05 23:43:14.112 15866 15866 I Finsky  : [1] xio.a(57): SCH: ConstraintMapping: 3-219,  -> L: 0ms, D: 69369412ms, C: false, I: true, N: 2
08-05 23:43:14.112 15866 15866 I Finsky  : [1] xio.a(57): SCH: ConstraintMapping: 3-220,  -> L: 0ms, D: 69369454ms, C: true, I: true, N: 2
08-05 23:43:14.113 15866 15866 I Finsky  : [1] xio.a(57): SCH: ConstraintMapping: 26-1414141414,  -> L: 42006709ms, D: 42906709ms, C: false, I: false, N: 0
08-05 23:43:14.114 15866 30549 I Finsky  : [6633] gzn.a(-1): [ContentSync] finished, scheduled=true
08-05 23:43:14.128 15866 15866 I Finsky  : [1] xle.a(34): Cancelling existing jobscheduler jobs: 9000 9005 9004 9016 9003 9012 9006 9017 9015 9002 
08-05 23:43:14.128 15866 15866 I Finsky  : [1] xle.a(27): Scheduling job Id: 9001, L: 0, D: 77216816, C: false, I: true, N: 0
08-05 23:43:14.140 15866 15866 I Finsky  : [1] xle.a(27): Scheduling job Id: 9007, L: 14645, D: 37358802, C: false, I: false, N: 1
08-05 23:43:14.142 15866 15866 I Finsky  : [1] xle.a(27): Scheduling job Id: 9008, L: 0, D: 69369412, C: false, I: true, N: 2
08-05 23:43:14.143 15866 15866 I Finsky  : [1] xle.a(27): Scheduling job Id: 9009, L: 0, D: 69369454, C: true, I: true, N: 2
08-05 23:43:14.145 15866 15866 I Finsky  : [1] xle.a(27): Scheduling job Id: 9010, L: 42006709, D: 42906709, C: false, I: false, N: 0
08-05 23:43:14.146 15866 15866 I Finsky  : [1] xle.a(27): Scheduling job Id: 9011, L: 0, D: 77216816, C: false, I: true, N: 0
08-05 23:43:14.149 15866 15866 I Finsky  : [1] xle.a(27): Scheduling job Id: 9013, L: 14645, D: 37358802, C: false, I: false, N: 1
08-05 23:43:14.150 15866 15866 I Finsky  : [1] xle.a(27): Scheduling job Id: 9014, L: 0, D: 69369412, C: false, I: true, N: 2
08-05 23:43:14.152 15866 15866 I Finsky  : [1] xle.a(27): Scheduling job Id: 9018, L: 0, D: 69369454, C: true, I: true, N: 2
08-05 23:43:14.154 15866 15866 I Finsky  : [1] xle.a(27): Scheduling job Id: 9019, L: 42006709, D: 42906709, C: false, I: false, N: 0
08-05 23:43:14.163 24577 28700 W Icing   : No valid account for uploading user actions
08-05 23:43:14.188 24577 13294 I Icing   : IndexChimeraService.getServiceInterface callingPackage=com.google.android.gms componentName=null serviceId=30
08-05 23:43:14.209 24577 28700 I Icing   : Usage reports ok 1, Failed Usage reports 0, indexed 0, rejected 0
08-05 23:43:14.212 24577 13294 I Icing   : IndexChimeraService.getServiceInterface callingPackage=com.google.android.gms componentName=null serviceId=36
08-05 23:43:14.213 24577 28700 W Icing   : No valid account for uploading user actions
08-05 23:43:14.225 24577 28700 I Icing   : Usage reports ok 0, Failed Usage reports 0, indexed 0, rejected 0
08-05 23:43:14.226 24577 28700 I Icing   : Indexing com.google.android.gms-internal.3p:MobileApplication from com.google.android.gms using seqno 763
08-05 23:43:14.247 24577 28700 W Icing   : No valid account for uploading user actions
08-05 23:43:14.250 30574 30574 D AndroidRuntime: >>>>>> START com.android.internal.os.RuntimeInit uid 2000 <<<<<<
08-05 23:43:14.254 30574 30574 D AndroidRuntime: CheckJNI is OFF
08-05 23:43:14.259 24577 28700 I Icing   : Usage reports ok 0, Failed Usage reports 0, indexed 0, rejected 0
08-05 23:43:14.279 30574 30574 D ICU     : No timezone override file found: /data/misc/zoneinfo/current/icu/icu_tzdata.dat
08-05 23:43:14.304 30574 30574 I Radio-JNI: register_android_hardware_Radio DONE
08-05 23:43:14.320 30574 30574 D AndroidRuntime: Calling main entry com.android.commands.monkey.Monkey
08-05 23:43:14.335   918   931 W BroadcastQueue: Skipping deliver [background] BroadcastRecord{f116eba u-1 android.net.conn.CONNECTIVITY_CHANGE} to ReceiverList{805016b 30574 (unknown name)/2000/u-1 remote:5e2b6dc}: process crashing
08-05 23:43:14.345   918  3696 I ActivityManager: START u0 {act=android.intent.action.MAIN cat=[android.intent.category.LAUNCHER] flg=0x10200000 cmp=baseline.de.danoeh.antennapod.debug/baseline.de.danoeh.antennapod.activity.SplashActivity} from uid 2000 on display 0
08-05 23:43:14.386   918  6110 I ActivityManager: Start proc 30584:baseline.de.danoeh.antennapod.debug/u0a711 for activity baseline.de.danoeh.antennapod.debug/baseline.de.danoeh.antennapod.activity.SplashActivity
08-05 23:43:14.387 30584 30584 I art     : Late-enabling -Xcheck:jni
08-05 23:43:14.389 30574 30574 I art     : System.exit called, status: 0
08-05 23:43:14.389 30574 30574 I AndroidRuntime: VM exiting with result code 0.
08-05 23:43:14.451 16458  3075 I PBSessionCacheImpl: Deleted sessionId[72384646105454640] from persistence.
08-05 23:43:14.453 30584 30584 W System  : ClassLoader referenced unknown path: /data/app/baseline.de.danoeh.antennapod.debug-1/lib/arm64
08-05 23:43:14.455 16458 16488 W SearchServiceCore: Abort, client detached.
08-05 23:43:14.455 16458 16488 I MicroDetectionState: Should stop hotword detection immediately - true
08-05 23:43:14.481 30584 30584 D UserPreferences: Creating new instance of UserPreferences
08-05 23:43:14.483 30584 30584 D UserPreferences: Using default data folder
08-05 23:43:14.487 30584 30584 D UserPreferences: Import directory already exists
08-05 23:43:14.493 30584 30584 D UserPreferences: .nomedia file created
08-05 23:43:14.495 30584 30584 D UpdateManager: old: -1, current: 1070296
08-05 23:43:14.499 30584 30584 D SleepTimerPreferences: Creating new instance of SleepTimerPreferences
08-05 23:43:14.517 30584 30584 D SPAUtil : Sending SP_APPS_QUERY_FEEDS intent
08-05 23:43:14.546 30584 30584 W art     : Before Android 4.1, method android.graphics.PorterDuffColorFilter androidx.vectordrawable.graphics.drawable.VectorDrawableCompat.updateTintFilter(android.graphics.PorterDuffColorFilter, android.content.res.ColorStateList, android.graphics.PorterDuff$Mode) would have incorrectly overridden the package-private method in android.graphics.drawable.Drawable
08-05 23:43:14.575 30584 30584 I art     : Rejecting re-init on previously-failed class java.lang.Class<androidx.core.view.ViewCompat$2>
08-05 23:43:14.575 30584 30584 I art     : Rejecting re-init on previously-failed class java.lang.Class<androidx.core.view.ViewCompat$2>
08-05 23:43:14.599 30584 30605 D OpenGLRenderer: Use EGL_SWAP_BEHAVIOR_PRESERVED: true
08-05 23:43:14.631 30584 30605 I Adreno  : QUALCOMM build                   : fcf4852, I1af360237c
08-05 23:43:14.631 30584 30605 I Adreno  : Build Date                       : 09/23/15
08-05 23:43:14.631 30584 30605 I Adreno  : OpenGL ES Shader Compiler Version: XE031.05.13.02
08-05 23:43:14.631 30584 30605 I Adreno  : Local Branch                     : mybranch14465806
08-05 23:43:14.631 30584 30605 I Adreno  : Remote Branch                    : quic/LA.BF64.1.2.9_v2
08-05 23:43:14.631 30584 30605 I Adreno  : Remote Branch                    : NONE
08-05 23:43:14.631 30584 30605 I Adreno  : Reconstruct Branch               : NOTHING
08-05 23:43:14.636 30584 30605 I OpenGLRenderer: Initialized EGL, version 1.4
08-05 23:43:14.661   918  5132 I ActivityManager: START u0 {cmp=baseline.de.danoeh.antennapod.debug/baseline.de.danoeh.antennapod.activity.MainActivity} from uid 10711 on display 0
08-05 23:43:14.661 13866 13866 I GoogleInputMethodServic: GoogleInputMethodService.onFinishInput():3138 
08-05 23:43:14.662 13866 13866 I GoogleInputMethodServic: GoogleInputMethodService.onStartInput():1808 
08-05 23:43:14.758 30584 30584 D UserPreferences: Using default data folder
08-05 23:43:14.809 30584 30584 D MainActivity: getLastNavFragment() -> QueueFragment
08-05 23:43:14.810 30584 30584 D MainActivity: loadFragment(tag: QueueFragment, args: null)
08-05 23:43:14.813 30584 30584 D MainActivity: saveLastNavFragment(tag: QueueFragment)
08-05 23:43:14.813 30584 30584 D MainActivity: getLastNavFragment() -> QueueFragment
08-05 23:43:14.814 30584 30584 D UserPreferences: timeOfDay: []
08-05 23:43:14.815 30584 30584 D AutoUpdateManager: Restarting update alarm.
08-05 23:43:14.816 30584 30584 D AutoUpdateManager: Changed alarm to new interval 12 h
08-05 23:43:14.829 30584 30584 D UserPreferences: timeOfDay: []
08-05 23:43:14.829 30584 30584 D AutoUpdateManager: Restarting update alarm.
08-05 23:43:14.830 30584 30584 D AutoUpdateManager: Changed alarm to new interval 12 h
08-05 23:43:14.860 30584 30584 D ExternalPlayerFragment: Loading media info
08-05 23:43:14.862 30584 30584 D QueueFragment: loadItems()
08-05 23:43:14.865 30584 30604 D DBReader: getQueue() called
08-05 23:43:14.865 30584 30604 D DBReader: getQueue()
08-05 23:43:14.866 30584 30604 D DBReader: getFavoriteIDList() called
08-05 23:43:14.867 30584 30604 D DBReader: getQueueIDList() called
08-05 23:43:14.867 30584 30604 D DBReader: Extracting Feedlist
08-05 23:43:14.869 30584 30584 V PlaybackController: initServiceNotRunning()
08-05 23:43:14.870 30584 30584 D ExternalPlayerFragment: Loading media info
08-05 23:43:14.872 30584 30584 D UserPreferences: Using default data folder
08-05 23:43:14.873 30584 30584 D AutoUpdateManager: last refresh: 443517 hours 43 minutes ago
08-05 23:43:14.874 30584 30604 D DBReader: getNavDrawerData() called with: 
08-05 23:43:14.879 30584 30604 D DBReader: getDownloadedItems() called
08-05 23:43:14.880 30584 30604 D DBReader: getFavoriteIDList() called
08-05 23:43:14.881 30584 30604 D DBReader: getQueueIDList() called
08-05 23:43:14.881 30584 30604 D DBReader: Extracting Feedlist
08-05 23:43:14.889   380   380 W SurfaceFlinger: couldn't log to binary event log: overflow.
08-05 23:43:15.026 30584 30584 D MainActivity: getLastNavFragment() -> QueueFragment
08-05 23:43:15.026 30584 30584 D MainActivity: handleNavIntent()
08-05 23:43:15.132 13866 13866 I GoogleInputMethodServic: GoogleInputMethodService.onFinishInput():3138 
08-05 23:43:15.133 13866 13866 I GoogleInputMethodServic: GoogleInputMethodService.onStartInput():1808 
08-05 23:43:15.134   918   936 I ActivityManager: Displayed baseline.de.danoeh.antennapod.debug/baseline.de.danoeh.antennapod.activity.MainActivity: +401ms (total +780ms)
08-05 23:43:15.159 29532 29532 W PathParser: Points are too far apart 4.030360828967057
08-05 23:43:15.159 29532 29532 W PathParser: Points are too far apart 4.030360538880159
08-05 23:43:15.173 29532 29532 W PathParser: Points are too far apart 4.030360828967057
08-05 23:43:15.174 29532 29532 W PathParser: Points are too far apart 4.030360538880159
08-05 23:43:15.191 29532 29532 W PathParser: Points are too far apart 4.030360828967057
08-05 23:43:15.191 29532 29532 W PathParser: Points are too far apart 4.030360538880159
08-05 23:43:15.211 29532 29532 W PathParser: Points are too far apart 4.030360828967057
08-05 23:43:15.211 29532 29532 W PathParser: Points are too far apart 4.030360538880159
08-05 23:43:15.213 24577 28700 I Icing   : Indexing com.google.android.gms-apps from com.google.android.gms
08-05 23:43:15.225 29532 29532 W PathParser: Points are too far apart 4.030360828967057
08-05 23:43:15.225 29532 29532 W PathParser: Points are too far apart 4.030360538880159
08-05 23:43:15.241 29532 29532 W PathParser: Points are too far apart 4.030360828967057
08-05 23:43:15.241 29532 29532 W PathParser: Points are too far apart 4.030360538880159
08-05 23:43:15.259 29532 29532 W PathParser: Points are too far apart 4.030360828967057
08-05 23:43:15.259 29532 29532 W PathParser: Points are too far apart 4.030360538880159
08-05 23:43:15.275 29532 29532 W PathParser: Points are too far apart 4.030360828967057
08-05 23:43:15.275 29532 29532 W PathParser: Points are too far apart 4.030360538880159
08-05 23:43:15.279 24577 28700 I Icing   : Indexing done com.google.android.gms-apps
08-05 23:43:15.887 30584 30631 D DBReader: Extracting Feedlist
08-05 23:43:15.889 30584 30631 D FlattrUtils: Retrieving access token
08-05 23:43:15.889 30584 30631 D FlattrUtils: No access token found
08-05 23:43:15.891 30584 30631 I art     : Rejecting re-init on previously-failed class java.lang.Class<androidx.core.app.JobIntentService$JobServiceEngineImpl>
08-05 23:43:15.891 30584 30631 I art     : Rejecting re-init on previously-failed class java.lang.Class<androidx.core.app.JobIntentService$JobServiceEngineImpl>
08-05 23:43:15.892 30584 30631 I art     : Rejecting re-init on previously-failed class java.lang.Class<androidx.core.app.SafeJobIntentService$SafeJobServiceEngineImpl>
08-05 23:43:15.892 30584 30631 I art     : Rejecting re-init on previously-failed class java.lang.Class<androidx.core.app.SafeJobIntentService$SafeJobServiceEngineImpl>
08-05 23:43:15.996 30628 30628 D AndroidRuntime: >>>>>> START com.android.internal.os.RuntimeInit uid 2000 <<<<<<
08-05 23:43:16.004 30628 30628 D AndroidRuntime: CheckJNI is OFF
08-05 23:43:16.039 30628 30628 D ICU     : No timezone override file found: /data/misc/zoneinfo/current/icu/icu_tzdata.dat
08-05 23:43:16.072 30628 30628 I Radio-JNI: register_android_hardware_Radio DONE
08-05 23:43:16.088 30628 30628 D AndroidRuntime: Calling main entry com.android.commands.am.Am
08-05 23:43:16.097  3167  3167 I Trepn   : Trepn 6.2s: Received intent: com.quicinc.trepn.start_profiling
08-05 23:43:16.189  3167  3167 W FileUtils: Failed to chmod(/storage/emulated/0/trepn/Trepn_2020.08.05_234316.db): android.system.ErrnoException: chmod failed: EPERM (Operation not permitted)
08-05 23:43:16.208 26613 26613 I ServiceManager: Waiting for service AtCmdFwd...
08-05 23:43:16.264  3167  3167 I Trepn   : Trepn 6.2s: Trepn has Started Profiling.
08-05 23:43:16.265 30628 30628 D AndroidRuntime: Shutting down VM
08-05 23:43:16.356 13866 13866 I GoogleInputMethodServic: GoogleInputMethodService.onFinishInput():3138 
08-05 23:43:16.357 13866 13866 I GoogleInputMethodServic: GoogleInputMethodService.onStartInput():1808 
08-05 23:43:16.699 30584 30596 I art     : Starting a blocking GC Explicit
08-05 23:43:16.722 30584 30596 I art     : Explicit concurrent mark sweep GC freed 11014(1551KB) AllocSpace objects, 7(140KB) LOS objects, 40% free, 23MB/38MB, paused 193us total 22.770ms
08-05 23:43:16.731 30584 30596 I art     : Starting a blocking GC Explicit
08-05 23:43:16.745 30584 30596 I art     : Explicit concurrent mark sweep GC freed 3334(193KB) AllocSpace objects, 2(588KB) LOS objects, 40% free, 22MB/37MB, paused 149us total 13.678ms
08-05 23:43:16.751 30584 30596 I art     : Starting a blocking GC Explicit
08-05 23:43:16.764 30584 30596 I art     : Explicit concurrent mark sweep GC freed 16(528B) AllocSpace objects, 0(0B) LOS objects, 40% free, 22MB/37MB, paused 123us total 12.081ms
08-05 23:43:16.769 30584 30596 I art     : Starting a blocking GC Explicit
08-05 23:43:16.780 30584 30596 I art     : Explicit concurrent mark sweep GC freed 3(96B) AllocSpace objects, 0(0B) LOS objects, 40% free, 22MB/37MB, paused 128us total 10.914ms
08-05 23:43:16.786 30584 30596 I art     : Starting a blocking GC Explicit
08-05 23:43:16.797 30584 30596 I art     : Explicit concurrent mark sweep GC freed 3(96B) AllocSpace objects, 0(0B) LOS objects, 40% free, 22MB/37MB, paused 128us total 11.085ms
08-05 23:43:17.069 30584 30597 I art     : Starting a blocking GC Explicit
08-05 23:43:17.088 30584 30597 I art     : Explicit concurrent mark sweep GC freed 1372(82KB) AllocSpace objects, 1(20KB) LOS objects, 40% free, 22MB/37MB, paused 208us total 18.693ms
08-05 23:43:17.097 30584 30597 I art     : Starting a blocking GC Explicit
08-05 23:43:17.110 30584 30597 I art     : Explicit concurrent mark sweep GC freed 23(752B) AllocSpace objects, 0(0B) LOS objects, 40% free, 22MB/37MB, paused 147us total 13.010ms
08-05 23:43:17.117 30584 30597 I art     : Starting a blocking GC Explicit
08-05 23:43:17.130 30584 30597 I art     : Explicit concurrent mark sweep GC freed 3(96B) AllocSpace objects, 0(0B) LOS objects, 40% free, 22MB/37MB, paused 149us total 12.945ms
08-05 23:43:17.136 30584 30597 I art     : Starting a blocking GC Explicit
08-05 23:43:17.149 30584 30597 I art     : Explicit concurrent mark sweep GC freed 3(96B) AllocSpace objects, 0(0B) LOS objects, 40% free, 22MB/37MB, paused 143us total 12.742ms
08-05 23:43:17.155 30584 30597 I art     : Starting a blocking GC Explicit
08-05 23:43:17.168 30584 30597 I art     : Explicit concurrent mark sweep GC freed 3(96B) AllocSpace objects, 0(0B) LOS objects, 40% free, 22MB/37MB, paused 147us total 12.813ms
08-05 23:43:17.209 26613 26613 I ServiceManager: Waiting for service AtCmdFwd...
08-05 23:43:17.446 30584 30617 I art     : Starting a blocking GC Explicit
08-05 23:43:17.461 30584 30617 I art     : Explicit concurrent mark sweep GC freed 1359(79KB) AllocSpace objects, 1(20KB) LOS objects, 40% free, 22MB/37MB, paused 149us total 14.078ms
08-05 23:43:17.467 30584 30617 I art     : Starting a blocking GC Explicit
08-05 23:43:17.480 30584 30617 I art     : Explicit concurrent mark sweep GC freed 23(752B) AllocSpace objects, 0(0B) LOS objects, 40% free, 22MB/37MB, paused 124us total 12.872ms
08-05 23:43:17.486 30584 30617 I art     : Starting a blocking GC Explicit
08-05 23:43:17.499 30584 30617 I art     : Explicit concurrent mark sweep GC freed 3(96B) AllocSpace objects, 0(0B) LOS objects, 40% free, 22MB/37MB, paused 137us total 12.648ms
08-05 23:43:17.505 30584 30617 I art     : Starting a blocking GC Explicit
08-05 23:43:17.518 30584 30617 I art     : Explicit concurrent mark sweep GC freed 3(96B) AllocSpace objects, 0(0B) LOS objects, 40% free, 22MB/37MB, paused 131us total 12.959ms
08-05 23:43:17.524 30584 30617 I art     : Starting a blocking GC Explicit
08-05 23:43:17.537 30584 30617 I art     : Explicit concurrent mark sweep GC freed 3(96B) AllocSpace objects, 0(0B) LOS objects, 40% free, 22MB/37MB, paused 137us total 12.311ms
08-05 23:43:17.797 30584 30596 I art     : Starting a blocking GC Explicit
08-05 23:43:17.813 30584 30596 I art     : Explicit concurrent mark sweep GC freed 1383(80KB) AllocSpace objects, 1(20KB) LOS objects, 40% free, 22MB/37MB, paused 175us total 16.431ms
08-05 23:43:17.823 30584 30596 I art     : Starting a blocking GC Explicit
08-05 23:43:17.835 30584 30596 I art     : Explicit concurrent mark sweep GC freed 23(752B) AllocSpace objects, 0(0B) LOS objects, 40% free, 22MB/37MB, paused 138us total 12.497ms
08-05 23:43:17.842 30584 30596 I art     : Starting a blocking GC Explicit
08-05 23:43:17.854 30584 30596 I art     : Explicit concurrent mark sweep GC freed 3(96B) AllocSpace objects, 0(0B) LOS objects, 40% free, 22MB/37MB, paused 130us total 12.276ms
08-05 23:43:17.860 30584 30596 I art     : Starting a blocking GC Explicit
08-05 23:43:17.873 30584 30596 I art     : Explicit concurrent mark sweep GC freed 3(96B) AllocSpace objects, 0(0B) LOS objects, 40% free, 22MB/37MB, paused 142us total 12.476ms
08-05 23:43:17.879 30584 30596 I art     : Starting a blocking GC Explicit
08-05 23:43:17.891 30584 30596 I art     : Explicit concurrent mark sweep GC freed 3(96B) AllocSpace objects, 0(0B) LOS objects, 40% free, 22MB/37MB, paused 139us total 12.216ms
08-05 23:43:18.184 30584 30596 I art     : Starting a blocking GC Explicit
08-05 23:43:18.199 30584 30596 I art     : Explicit concurrent mark sweep GC freed 1388(80KB) AllocSpace objects, 1(20KB) LOS objects, 40% free, 22MB/37MB, paused 165us total 14.960ms
08-05 23:43:18.206 30584 30596 I art     : Starting a blocking GC Explicit
08-05 23:43:18.209 26613 26613 I ServiceManager: Waiting for service AtCmdFwd...
08-05 23:43:18.219 30584 30596 I art     : Explicit concurrent mark sweep GC freed 23(752B) AllocSpace objects, 0(0B) LOS objects, 40% free, 22MB/37MB, paused 142us total 12.309ms
08-05 23:43:18.226 30584 30596 I art     : Starting a blocking GC Explicit
08-05 23:43:18.238 30584 30596 I art     : Explicit concurrent mark sweep GC freed 3(96B) AllocSpace objects, 0(0B) LOS objects, 40% free, 22MB/37MB, paused 142us total 12.053ms
08-05 23:43:18.244 30584 30596 I art     : Starting a blocking GC Explicit
08-05 23:43:18.256 30584 30596 I art     : Explicit concurrent mark sweep GC freed 3(96B) AllocSpace objects, 0(0B) LOS objects, 40% free, 22MB/37MB, paused 131us total 12.019ms
08-05 23:43:18.262 30584 30596 I art     : Starting a blocking GC Explicit
08-05 23:43:18.274 30584 30596 I art     : Explicit concurrent mark sweep GC freed 3(96B) AllocSpace objects, 0(0B) LOS objects, 40% free, 22MB/37MB, paused 141us total 11.490ms
08-05 23:43:18.579 30584 30617 I art     : Starting a blocking GC Explicit
08-05 23:43:18.603 30584 30617 I art     : Explicit concurrent mark sweep GC freed 1383(81KB) AllocSpace objects, 1(20KB) LOS objects, 40% free, 22MB/37MB, paused 193us total 23.370ms
08-05 23:43:18.613 30584 30617 I art     : Starting a blocking GC Explicit
08-05 23:43:18.629 30584 30617 I art     : Explicit concurrent mark sweep GC freed 23(752B) AllocSpace objects, 0(0B) LOS objects, 40% free, 22MB/37MB, paused 132us total 15.350ms
08-05 23:43:18.635 30584 30617 I art     : Starting a blocking GC Explicit
08-05 23:43:18.648 30584 30617 I art     : Explicit concurrent mark sweep GC freed 3(96B) AllocSpace objects, 0(0B) LOS objects, 40% free, 22MB/37MB, paused 133us total 12.629ms
08-05 23:43:18.654 30584 30617 I art     : Starting a blocking GC Explicit
08-05 23:43:18.666 30584 30617 I art     : Explicit concurrent mark sweep GC freed 3(96B) AllocSpace objects, 0(0B) LOS objects, 40% free, 22MB/37MB, paused 134us total 12.290ms
08-05 23:43:18.673 30584 30617 I art     : Starting a blocking GC Explicit
08-05 23:43:18.686 30584 30617 I art     : Explicit concurrent mark sweep GC freed 3(96B) AllocSpace objects, 0(0B) LOS objects, 40% free, 22MB/37MB, paused 138us total 12.340ms
08-05 23:43:18.995 30584 30597 I art     : Starting a blocking GC Explicit
08-05 23:43:19.016 30584 30597 I art     : Explicit concurrent mark sweep GC freed 1360(81KB) AllocSpace objects, 1(20KB) LOS objects, 40% free, 22MB/37MB, paused 200us total 20.216ms
08-05 23:43:19.027 30584 30597 I art     : Starting a blocking GC Explicit
08-05 23:43:19.043 30584 30597 I art     : Explicit concurrent mark sweep GC freed 23(752B) AllocSpace objects, 0(0B) LOS objects, 40% free, 22MB/37MB, paused 173us total 16.257ms
08-05 23:43:19.051 30584 30597 I art     : Starting a blocking GC Explicit
08-05 23:43:19.064 30584 30597 I art     : Explicit concurrent mark sweep GC freed 3(96B) AllocSpace objects, 0(0B) LOS objects, 40% free, 22MB/37MB, paused 138us total 12.844ms
08-05 23:43:19.071 30584 30597 I art     : Starting a blocking GC Explicit
08-05 23:43:19.084 30584 30597 I art     : Explicit concurrent mark sweep GC freed 3(96B) AllocSpace objects, 0(0B) LOS objects, 40% free, 22MB/37MB, paused 153us total 12.970ms
08-05 23:43:19.091 30584 30597 I art     : Starting a blocking GC Explicit
08-05 23:43:19.103 30584 30597 I art     : Explicit concurrent mark sweep GC freed 3(96B) AllocSpace objects, 0(0B) LOS objects, 40% free, 22MB/37MB, paused 141us total 11.947ms
08-05 23:43:19.210 26613 26613 I ServiceManager: Waiting for service AtCmdFwd...
08-05 23:43:19.415 30584 30596 I art     : Starting a blocking GC Explicit
08-05 23:43:19.438 30584 30596 I art     : Explicit concurrent mark sweep GC freed 1359(81KB) AllocSpace objects, 1(20KB) LOS objects, 40% free, 22MB/37MB, paused 219us total 22.769ms
08-05 23:43:19.449 30584 30596 I art     : Starting a blocking GC Explicit
08-05 23:43:19.465 30584 30596 I art     : Explicit concurrent mark sweep GC freed 23(752B) AllocSpace objects, 0(0B) LOS objects, 40% free, 22MB/37MB, paused 164us total 15.823ms
08-05 23:43:19.474 30584 30596 I art     : Starting a blocking GC Explicit
08-05 23:43:19.486 30584 30596 I art     : Explicit concurrent mark sweep GC freed 3(96B) AllocSpace objects, 0(0B) LOS objects, 40% free, 22MB/37MB, paused 146us total 12.187ms
08-05 23:43:19.492 30584 30596 I art     : Starting a blocking GC Explicit
08-05 23:43:19.505 30584 30596 I art     : Explicit concurrent mark sweep GC freed 3(96B) AllocSpace objects, 0(0B) LOS objects, 40% free, 22MB/37MB, paused 145us total 12.617ms
08-05 23:43:19.505 30584 30595 I art     : WaitForGcToComplete blocked for 12.837ms for cause HeapTrim
08-05 23:43:19.512 30584 30596 I art     : Starting a blocking GC Explicit
08-05 23:43:19.525 30584 30596 I art     : Explicit concurrent mark sweep GC freed 3(96B) AllocSpace objects, 0(0B) LOS objects, 40% free, 22MB/37MB, paused 144us total 12.346ms
08-05 23:43:19.819 30584 30617 I art     : Starting a blocking GC Explicit
08-05 23:43:19.838 30584 30617 I art     : Explicit concurrent mark sweep GC freed 1383(80KB) AllocSpace objects, 1(20KB) LOS objects, 40% free, 22MB/37MB, paused 160us total 18.395ms
08-05 23:43:19.848 30584 30617 I art     : Starting a blocking GC Explicit
08-05 23:43:19.861 30584 30617 I art     : Explicit concurrent mark sweep GC freed 23(752B) AllocSpace objects, 0(0B) LOS objects, 40% free, 22MB/37MB, paused 139us total 12.814ms
08-05 23:43:19.868 30584 30617 I art     : Starting a blocking GC Explicit
08-05 23:43:19.881 30584 30617 I art     : Explicit concurrent mark sweep GC freed 3(96B) AllocSpace objects, 0(0B) LOS objects, 40% free, 22MB/37MB, paused 135us total 12.728ms
08-05 23:43:19.887 30584 30617 I art     : Starting a blocking GC Explicit
08-05 23:43:19.900 30584 30617 I art     : Explicit concurrent mark sweep GC freed 3(96B) AllocSpace objects, 0(0B) LOS objects, 40% free, 22MB/37MB, paused 134us total 12.509ms
08-05 23:43:19.906 30584 30617 I art     : Starting a blocking GC Explicit
08-05 23:43:19.918 30584 30617 I art     : Explicit concurrent mark sweep GC freed 3(96B) AllocSpace objects, 0(0B) LOS objects, 40% free, 22MB/37MB, paused 133us total 12.393ms
08-05 23:43:20.211 26613 26613 I ServiceManager: Waiting for service AtCmdFwd...
08-05 23:43:20.218 30584 30597 I art     : Starting a blocking GC Explicit
08-05 23:43:20.233 30584 30597 I art     : Explicit concurrent mark sweep GC freed 1358(79KB) AllocSpace objects, 1(20KB) LOS objects, 40% free, 22MB/37MB, paused 156us total 15.098ms
08-05 23:43:20.240 30584 30597 I art     : Starting a blocking GC Explicit
08-05 23:43:20.253 30584 30597 I art     : Explicit concurrent mark sweep GC freed 23(752B) AllocSpace objects, 0(0B) LOS objects, 40% free, 22MB/37MB, paused 127us total 13.229ms
08-05 23:43:20.259 30584 30597 I art     : Starting a blocking GC Explicit
08-05 23:43:20.269 30584 30597 I art     : Explicit concurrent mark sweep GC freed 3(96B) AllocSpace objects, 0(0B) LOS objects, 40% free, 22MB/37MB, paused 123us total 10.369ms
08-05 23:43:20.275 30584 30597 I art     : Starting a blocking GC Explicit
08-05 23:43:20.286 30584 30597 I art     : Explicit concurrent mark sweep GC freed 3(96B) AllocSpace objects, 0(0B) LOS objects, 40% free, 22MB/37MB, paused 125us total 10.527ms
08-05 23:43:20.291 30584 30597 I art     : Starting a blocking GC Explicit
08-05 23:43:20.302 30584 30597 I art     : Explicit concurrent mark sweep GC freed 3(96B) AllocSpace objects, 0(0B) LOS objects, 40% free, 22MB/37MB, paused 123us total 10.457ms
08-05 23:43:20.559 30584 30596 I art     : Starting a blocking GC Explicit
08-05 23:43:20.575 30584 30596 I art     : Explicit concurrent mark sweep GC freed 1357(79KB) AllocSpace objects, 1(20KB) LOS objects, 40% free, 22MB/37MB, paused 173us total 15.773ms
08-05 23:43:20.582 30584 30596 I art     : Starting a blocking GC Explicit
08-05 23:43:20.597 30584 30596 I art     : Explicit concurrent mark sweep GC freed 48(1440B) AllocSpace objects, 0(0B) LOS objects, 40% free, 22MB/37MB, paused 153us total 14.101ms
08-05 23:43:20.604 30584 30596 I art     : Starting a blocking GC Explicit
08-05 23:43:20.616 30584 30596 I art     : Explicit concurrent mark sweep GC freed 3(96B) AllocSpace objects, 0(0B) LOS objects, 40% free, 22MB/37MB, paused 145us total 12.432ms
08-05 23:43:20.622 30584 30596 I art     : Starting a blocking GC Explicit
08-05 23:43:20.635 30584 30596 I art     : Explicit concurrent mark sweep GC freed 3(96B) AllocSpace objects, 0(0B) LOS objects, 40% free, 22MB/37MB, paused 146us total 12.146ms
08-05 23:43:20.641 30584 30596 I art     : Starting a blocking GC Explicit
08-05 23:43:20.653 30584 30596 I art     : Explicit concurrent mark sweep GC freed 3(96B) AllocSpace objects, 0(0B) LOS objects, 40% free, 22MB/37MB, paused 149us total 12.442ms
08-05 23:43:20.947 30584 30617 I art     : Starting a blocking GC Explicit
08-05 23:43:20.962 30584 30617 I art     : Explicit concurrent mark sweep GC freed 1358(79KB) AllocSpace objects, 1(20KB) LOS objects, 40% free, 22MB/37MB, paused 144us total 14.717ms
08-05 23:43:20.969 30584 30617 I art     : Starting a blocking GC Explicit
08-05 23:43:20.982 30584 30617 I art     : Explicit concurrent mark sweep GC freed 23(752B) AllocSpace objects, 0(0B) LOS objects, 40% free, 22MB/37MB, paused 126us total 12.455ms
08-05 23:43:20.988 30584 30617 I art     : Starting a blocking GC Explicit
08-05 23:43:21.000 30584 30617 I art     : Explicit concurrent mark sweep GC freed 3(96B) AllocSpace objects, 0(0B) LOS objects, 40% free, 22MB/37MB, paused 132us total 12.086ms
08-05 23:43:21.006 30584 30617 I art     : Starting a blocking GC Explicit
08-05 23:43:21.018 30584 30617 I art     : Explicit concurrent mark sweep GC freed 3(96B) AllocSpace objects, 0(0B) LOS objects, 40% free, 22MB/37MB, paused 138us total 11.118ms
08-05 23:43:21.023 30584 30617 I art     : Starting a blocking GC Explicit
08-05 23:43:21.034 30584 30617 I art     : Explicit concurrent mark sweep GC freed 3(96B) AllocSpace objects, 0(0B) LOS objects, 40% free, 22MB/37MB, paused 120us total 10.995ms
08-05 23:43:21.211 26613 26613 W Atfwd_Sendcmd: AtCmdFwd service not published, waiting... retryCnt : 4
08-05 23:43:21.274 30584 30597 I art     : Starting a blocking GC Explicit
08-05 23:43:21.287 30584 30597 I art     : Explicit concurrent mark sweep GC freed 1357(79KB) AllocSpace objects, 1(20KB) LOS objects, 40% free, 22MB/37MB, paused 231us total 12.895ms
08-05 23:43:21.293 30584 30597 I art     : Starting a blocking GC Explicit
08-05 23:43:21.305 30584 30597 I art     : Explicit concurrent mark sweep GC freed 23(752B) AllocSpace objects, 0(0B) LOS objects, 40% free, 22MB/37MB, paused 139us total 11.195ms
08-05 23:43:21.311 30584 30597 I art     : Starting a blocking GC Explicit
08-05 23:43:21.322 30584 30597 I art     : Explicit concurrent mark sweep GC freed 3(96B) AllocSpace objects, 0(0B) LOS objects, 40% free, 22MB/37MB, paused 134us total 11.083ms
08-05 23:43:21.327 30584 30597 I art     : Starting a blocking GC Explicit
08-05 23:43:21.339 30584 30597 I art     : Explicit concurrent mark sweep GC freed 3(96B) AllocSpace objects, 0(0B) LOS objects, 40% free, 22MB/37MB, paused 140us total 11.614ms
08-05 23:43:21.345 30584 30597 I art     : Starting a blocking GC Explicit
08-05 23:43:21.357 30584 30597 I art     : Explicit concurrent mark sweep GC freed 3(96B) AllocSpace objects, 0(0B) LOS objects, 40% free, 22MB/37MB, paused 156us total 11.886ms
08-05 23:43:21.459 30810 30810 D AndroidRuntime: >>>>>> START com.android.internal.os.RuntimeInit uid 2000 <<<<<<
08-05 23:43:21.464 30810 30810 D AndroidRuntime: CheckJNI is OFF
08-05 23:43:21.495 30810 30810 D ICU     : No timezone override file found: /data/misc/zoneinfo/current/icu/icu_tzdata.dat
08-05 23:43:21.523 30810 30810 I Radio-JNI: register_android_hardware_Radio DONE
08-05 23:43:21.539 30810 30810 D AndroidRuntime: Calling main entry com.android.commands.input.Input
08-05 23:43:21.541 30810 30810 I Input   : injectMotionEvent: MotionEvent { action=ACTION_DOWN, actionButton=0, id[0]=0, x[0]=1233.0, y[0]=1274.0, toolType[0]=TOOL_TYPE_UNKNOWN, buttonState=0, metaState=0, flags=0x0, edgeFlags=0x0, pointerCount=1, historySize=0, eventTime=834217954, downTime=834217954, deviceId=0, source=0x1002 }
08-05 23:43:21.548 30810 30810 I Input   : injectMotionEvent: MotionEvent { action=ACTION_UP, actionButton=0, id[0]=0, x[0]=1233.0, y[0]=1274.0, toolType[0]=TOOL_TYPE_UNKNOWN, buttonState=0, metaState=0, flags=0x0, edgeFlags=0x0, pointerCount=1, historySize=0, eventTime=834217954, downTime=834217954, deviceId=0, source=0x1002 }
08-05 23:43:21.549 30810 30810 D AndroidRuntime: Shutting down VM
08-05 23:43:21.616 30584 30597 I art     : Starting a blocking GC Explicit
08-05 23:43:21.629 30584 30597 I art     : Explicit concurrent mark sweep GC freed 1386(80KB) AllocSpace objects, 1(20KB) LOS objects, 40% free, 22MB/37MB, paused 146us total 12.986ms
08-05 23:43:21.636 30584 30597 I art     : Starting a blocking GC Explicit
08-05 23:43:21.650 30584 30597 I art     : Explicit concurrent mark sweep GC freed 23(752B) AllocSpace objects, 0(0B) LOS objects, 40% free, 22MB/37MB, paused 142us total 13.340ms
08-05 23:43:21.658 30584 30597 I art     : Starting a blocking GC Explicit
08-05 23:43:21.671 30584 30597 I art     : Explicit concurrent mark sweep GC freed 3(96B) AllocSpace objects, 0(0B) LOS objects, 40% free, 22MB/37MB, paused 149us total 11.979ms
08-05 23:43:21.677 30584 30597 I art     : Starting a blocking GC Explicit
08-05 23:43:21.689 30584 30597 I art     : Explicit concurrent mark sweep GC freed 3(96B) AllocSpace objects, 0(0B) LOS objects, 40% free, 22MB/37MB, paused 140us total 11.982ms
08-05 23:43:21.695 30584 30597 I art     : Starting a blocking GC Explicit
08-05 23:43:21.707 30584 30597 I art     : Explicit concurrent mark sweep GC freed 3(96B) AllocSpace objects, 0(0B) LOS objects, 40% free, 22MB/37MB, paused 152us total 12.085ms
08-05 23:43:21.938 30584 30597 I art     : Starting a blocking GC Explicit
08-05 23:43:21.953 30584 30597 I art     : Explicit concurrent mark sweep GC freed 1358(79KB) AllocSpace objects, 1(20KB) LOS objects, 40% free, 22MB/37MB, paused 205us total 14.010ms
08-05 23:43:21.961 30584 30597 I art     : Starting a blocking GC Explicit
08-05 23:43:21.976 30584 30597 I art     : Explicit concurrent mark sweep GC freed 53(1712B) AllocSpace objects, 0(0B) LOS objects, 40% free, 22MB/37MB, paused 181us total 15ms
08-05 23:43:21.982 30584 30597 I art     : Starting a blocking GC Explicit
08-05 23:43:21.987 13866 13866 I GoogleInputMethodServic: GoogleInputMethodService.onFinishInput():3138 
08-05 23:43:21.988 13866 13866 I GoogleInputMethodServic: GoogleInputMethodService.onStartInput():1808 
08-05 23:43:21.996 30584 30597 I art     : Explicit concurrent mark sweep GC freed 69(2864B) AllocSpace objects, 0(0B) LOS objects, 40% free, 22MB/37MB, paused 154us total 14.106ms
08-05 23:43:22.003 30584 30597 I art     : Starting a blocking GC Explicit
08-05 23:43:22.017 30584 30597 I art     : Explicit concurrent mark sweep GC freed 9(448B) AllocSpace objects, 0(0B) LOS objects, 40% free, 22MB/37MB, paused 163us total 13.280ms
08-05 23:43:22.023 30584 30597 I art     : Starting a blocking GC Explicit
08-05 23:43:22.035 30584 30597 I art     : Explicit concurrent mark sweep GC freed 5(192B) AllocSpace objects, 0(0B) LOS objects, 40% free, 22MB/37MB, paused 131us total 11.369ms
08-05 23:43:22.310 30584 30596 I art     : Starting a blocking GC Explicit
08-05 23:43:22.329 30584 30596 I art     : Explicit concurrent mark sweep GC freed 1357(79KB) AllocSpace objects, 1(20KB) LOS objects, 40% free, 22MB/37MB, paused 177us total 18.415ms
08-05 23:43:22.338 30584 30596 I art     : Starting a blocking GC Explicit
08-05 23:43:22.352 30584 30596 I art     : Explicit concurrent mark sweep GC freed 23(752B) AllocSpace objects, 0(0B) LOS objects, 40% free, 22MB/37MB, paused 143us total 12.984ms
08-05 23:43:22.358 30584 30596 I art     : Starting a blocking GC Explicit
08-05 23:43:22.371 30584 30596 I art     : Explicit concurrent mark sweep GC freed 3(96B) AllocSpace objects, 0(0B) LOS objects, 40% free, 22MB/37MB, paused 149us total 12.981ms
08-05 23:43:22.378 30584 30596 I art     : Starting a blocking GC Explicit
08-05 23:43:22.391 30584 30596 I art     : Explicit concurrent mark sweep GC freed 3(96B) AllocSpace objects, 0(0B) LOS objects, 40% free, 22MB/37MB, paused 136us total 12.684ms
08-05 23:43:22.397 30584 30596 I art     : Starting a blocking GC Explicit
08-05 23:43:22.410 30584 30596 I art     : Explicit concurrent mark sweep GC freed 3(96B) AllocSpace objects, 0(0B) LOS objects, 40% free, 22MB/37MB, paused 158us total 12.463ms
08-05 23:43:22.689 30584 30617 I art     : Starting a blocking GC Explicit
08-05 23:43:22.704 30584 30617 I art     : Explicit concurrent mark sweep GC freed 1383(80KB) AllocSpace objects, 1(20KB) LOS objects, 40% free, 22MB/37MB, paused 146us total 15.216ms
08-05 23:43:22.711 30584 30617 I art     : Starting a blocking GC Explicit
08-05 23:43:22.724 30584 30617 I art     : Explicit concurrent mark sweep GC freed 23(752B) AllocSpace objects, 0(0B) LOS objects, 40% free, 22MB/37MB, paused 136us total 13.355ms
08-05 23:43:22.731 30584 30617 I art     : Starting a blocking GC Explicit
08-05 23:43:22.744 30584 30617 I art     : Explicit concurrent mark sweep GC freed 3(96B) AllocSpace objects, 0(0B) LOS objects, 40% free, 22MB/37MB, paused 142us total 13.031ms
08-05 23:43:22.751 30584 30617 I art     : Starting a blocking GC Explicit
08-05 23:43:22.764 30584 30617 I art     : Explicit concurrent mark sweep GC freed 3(96B) AllocSpace objects, 0(0B) LOS objects, 40% free, 22MB/37MB, paused 133us total 12.366ms
08-05 23:43:22.770 30584 30617 I art     : Starting a blocking GC Explicit
08-05 23:43:22.782 30584 30617 I art     : Explicit concurrent mark sweep GC freed 3(96B) AllocSpace objects, 0(0B) LOS objects, 40% free, 22MB/37MB, paused 126us total 11.901ms
08-05 23:43:23.026 30584 30597 I art     : Starting a blocking GC Explicit
08-05 23:43:23.039 30584 30597 I art     : Explicit concurrent mark sweep GC freed 1357(79KB) AllocSpace objects, 1(20KB) LOS objects, 40% free, 22MB/37MB, paused 157us total 12.904ms
08-05 23:43:23.045 30584 30597 I art     : Starting a blocking GC Explicit
08-05 23:43:23.058 30584 30597 I art     : Explicit concurrent mark sweep GC freed 23(752B) AllocSpace objects, 0(0B) LOS objects, 40% free, 22MB/37MB, paused 162us total 12.329ms
08-05 23:43:23.064 30584 30597 I art     : Starting a blocking GC Explicit
08-05 23:43:23.077 30584 30597 I art     : Explicit concurrent mark sweep GC freed 3(96B) AllocSpace objects, 0(0B) LOS objects, 40% free, 22MB/37MB, paused 225us total 12.443ms
08-05 23:43:23.083 30584 30597 I art     : Starting a blocking GC Explicit
08-05 23:43:23.095 30584 30597 I art     : Explicit concurrent mark sweep GC freed 3(96B) AllocSpace objects, 0(0B) LOS objects, 40% free, 22MB/37MB, paused 136us total 11.061ms
08-05 23:43:23.100 30584 30597 I art     : Starting a blocking GC Explicit
08-05 23:43:23.109 30874 30874 D AndroidRuntime: >>>>>> START com.android.internal.os.RuntimeInit uid 2000 <<<<<<
08-05 23:43:23.112 30584 30597 I art     : Explicit concurrent mark sweep GC freed 3(96B) AllocSpace objects, 0(0B) LOS objects, 40% free, 22MB/37MB, paused 135us total 11.337ms
08-05 23:43:23.113 30874 30874 D AndroidRuntime: CheckJNI is OFF
08-05 23:43:23.137 30874 30874 D ICU     : No timezone override file found: /data/misc/zoneinfo/current/icu/icu_tzdata.dat
08-05 23:43:23.160 30874 30874 I Radio-JNI: register_android_hardware_Radio DONE
08-05 23:43:23.175 30874 30874 D AndroidRuntime: Calling main entry com.android.commands.input.Input
08-05 23:43:23.177 30874 30874 I Input   : injectMotionEvent: MotionEvent { action=ACTION_DOWN, actionButton=0, id[0]=0, x[0]=103.0, y[0]=192.0, toolType[0]=TOOL_TYPE_UNKNOWN, buttonState=0, metaState=0, flags=0x0, edgeFlags=0x0, pointerCount=1, historySize=0, eventTime=834219590, downTime=834219590, deviceId=0, source=0x1002 }
08-05 23:43:23.183 30874 30874 I Input   : injectMotionEvent: MotionEvent { action=ACTION_UP, actionButton=0, id[0]=0, x[0]=103.0, y[0]=192.0, toolType[0]=TOOL_TYPE_UNKNOWN, buttonState=0, metaState=0, flags=0x0, edgeFlags=0x0, pointerCount=1, historySize=0, eventTime=834219590, downTime=834219590, deviceId=0, source=0x1002 }
08-05 23:43:23.184 30874 30874 D AndroidRuntime: Shutting down VM
08-05 23:43:23.206   512  2967 D audio_hw_primary: out_set_parameters: enter: usecase(1: low-latency-playback) kvpairs: routing=2
08-05 23:43:23.219   512  2967 D audio_hw_primary: select_devices: out_snd_device(2: speaker) in_snd_device(0: none)
08-05 23:43:23.220   512  2967 D msm8974_platform: platform_send_audio_calibration: sending audio calibration for snd_device(2) acdb_id(15)
08-05 23:43:23.220   512  2967 I soundtrigger: audio_extn_sound_trigger_update_device_status: device 0x2 of type 0 for Event 1
08-05 23:43:23.230   512  2967 D audio_hw_primary: enable_snd_device: snd_device(2: speaker)
08-05 23:43:23.232   512  2967 D audio_hw_primary: enable_audio_route: apply and update mixer path: low-latency-playback speaker
08-05 23:43:23.239 13866 13866 I GoogleInputMethodServic: GoogleInputMethodService.onFinishInput():3138 
08-05 23:43:23.240 13866 13866 I GoogleInputMethodServic: GoogleInputMethodService.onStartInput():1808 
08-05 23:43:23.334 30584 30597 I art     : Starting a blocking GC Explicit
08-05 23:43:23.347 30584 30597 I art     : Explicit concurrent mark sweep GC freed 1866(104KB) AllocSpace objects, 1(20KB) LOS objects, 40% free, 22MB/37MB, paused 149us total 12.993ms
08-05 23:43:23.355 30584 30597 I art     : Starting a blocking GC Explicit
08-05 23:43:23.369 30584 30597 I art     : Explicit concurrent mark sweep GC freed 35(1488B) AllocSpace objects, 0(0B) LOS objects, 40% free, 22MB/37MB, paused 145us total 13.649ms
08-05 23:43:23.376 30584 30597 I art     : Starting a blocking GC Explicit
08-05 23:43:23.389 30584 30597 I art     : Explicit concurrent mark sweep GC freed 3(96B) AllocSpace objects, 0(0B) LOS objects, 40% free, 22MB/37MB, paused 148us total 12.803ms
08-05 23:43:23.395 30584 30597 I art     : Starting a blocking GC Explicit
08-05 23:43:23.408 30584 30597 I art     : Explicit concurrent mark sweep GC freed 5(160B) AllocSpace objects, 0(0B) LOS objects, 40% free, 22MB/37MB, paused 149us total 12.526ms
08-05 23:43:23.414 30584 30597 I art     : Starting a blocking GC Explicit
08-05 23:43:23.427 30584 30597 I art     : Explicit concurrent mark sweep GC freed 3(96B) AllocSpace objects, 0(0B) LOS objects, 40% free, 22MB/37MB, paused 157us total 12.477ms
08-05 23:43:23.641 30584 30597 I art     : Starting a blocking GC Explicit
08-05 23:43:23.654 30584 30597 I art     : Explicit concurrent mark sweep GC freed 1401(81KB) AllocSpace objects, 1(20KB) LOS objects, 40% free, 22MB/37MB, paused 188us total 13.081ms
08-05 23:43:23.662 30584 30597 I art     : Starting a blocking GC Explicit
08-05 23:43:23.677 30584 30597 I art     : Explicit concurrent mark sweep GC freed 39(1264B) AllocSpace objects, 0(0B) LOS objects, 40% free, 22MB/37MB, paused 171us total 14.882ms
08-05 23:43:23.683 30584 30597 I art     : Starting a blocking GC Explicit
08-05 23:43:23.698 30584 30597 I art     : Explicit concurrent mark sweep GC freed 3(96B) AllocSpace objects, 0(0B) LOS objects, 40% free, 22MB/37MB, paused 147us total 14.772ms
08-05 23:43:23.704 30584 30597 I art     : Starting a blocking GC Explicit
08-05 23:43:23.716 30584 30597 I art     : Explicit concurrent mark sweep GC freed 3(96B) AllocSpace objects, 0(0B) LOS objects, 40% free, 22MB/37MB, paused 140us total 11.716ms
08-05 23:43:23.721 30584 30597 I art     : Starting a blocking GC Explicit
08-05 23:43:23.729 30907 30907 D AndroidRuntime: >>>>>> START com.android.internal.os.RuntimeInit uid 2000 <<<<<<
08-05 23:43:23.732 30907 30907 D AndroidRuntime: CheckJNI is OFF
08-05 23:43:23.733 30584 30597 I art     : Explicit concurrent mark sweep GC freed 3(96B) AllocSpace objects, 0(0B) LOS objects, 40% free, 22MB/37MB, paused 148us total 11.364ms
08-05 23:43:23.755 30907 30907 D ICU     : No timezone override file found: /data/misc/zoneinfo/current/icu/icu_tzdata.dat
08-05 23:43:23.778 30907 30907 I Radio-JNI: register_android_hardware_Radio DONE
08-05 23:43:23.780   512  2967 D audio_hw_primary: disable_audio_route: reset and update mixer path: low-latency-playback speaker
08-05 23:43:23.780   512  2967 D audio_hw_primary: disable_snd_device: snd_device(2: speaker)
08-05 23:43:23.789   512  2967 I soundtrigger: audio_extn_sound_trigger_update_device_status: device 0x2 of type 0 for Event 0
08-05 23:43:23.794 30907 30907 D AndroidRuntime: Calling main entry com.android.commands.input.Input
08-05 23:43:23.795 30907 30907 I Input   : injectMotionEvent: MotionEvent { action=ACTION_DOWN, actionButton=0, id[0]=0, x[0]=324.0, y[0]=2298.0, toolType[0]=TOOL_TYPE_UNKNOWN, buttonState=0, metaState=0, flags=0x0, edgeFlags=0x0, pointerCount=1, historySize=0, eventTime=834220208, downTime=834220208, deviceId=0, source=0x1002 }
08-05 23:43:23.799 30907 30907 I Input   : injectMotionEvent: MotionEvent { action=ACTION_UP, actionButton=0, id[0]=0, x[0]=324.0, y[0]=2298.0, toolType[0]=TOOL_TYPE_UNKNOWN, buttonState=0, metaState=0, flags=0x0, edgeFlags=0x0, pointerCount=1, historySize=0, eventTime=834220208, downTime=834220208, deviceId=0, source=0x1002 }
08-05 23:43:23.801 30907 30907 D AndroidRuntime: Shutting down VM
08-05 23:43:23.819   512  2967 D audio_hw_primary: out_set_parameters: enter: usecase(1: low-latency-playback) kvpairs: routing=2
08-05 23:43:23.822   918  6110 I ActivityManager: START u0 {cmp=baseline.de.danoeh.antennapod.debug/baseline.de.danoeh.antennapod.activity.PreferenceActivity} from uid 10711 on display 0
08-05 23:43:23.832   512  2967 D audio_hw_primary: select_devices: out_snd_device(2: speaker) in_snd_device(0: none)
08-05 23:43:23.832   512  2967 D msm8974_platform: platform_send_audio_calibration: sending audio calibration for snd_device(2) acdb_id(15)
08-05 23:43:23.833   512  2967 I soundtrigger: audio_extn_sound_trigger_update_device_status: device 0x2 of type 0 for Event 1
08-05 23:43:23.844   512  2967 D audio_hw_primary: enable_snd_device: snd_device(2: speaker)
08-05 23:43:23.846   512  2967 D audio_hw_primary: enable_audio_route: apply and update mixer path: low-latency-playback speaker
08-05 23:43:23.893   512  2967 D AudioFlinger: mixer(0xf4740000) throttle end: throttle time(12)
08-05 23:43:23.967 30584 30617 I art     : Starting a blocking GC Explicit
08-05 23:43:23.987 30584 30617 I art     : Explicit concurrent mark sweep GC freed 4201(434KB) AllocSpace objects, 2(40KB) LOS objects, 40% free, 23MB/38MB, paused 353us total 19.847ms
08-05 23:43:23.993 30584 30617 I art     : Starting a blocking GC Explicit
08-05 23:43:24.007 30584 30617 I art     : Explicit concurrent mark sweep GC freed 511(24KB) AllocSpace objects, 0(0B) LOS objects, 40% free, 23MB/39MB, paused 200us total 14.159ms
08-05 23:43:24.015 30584 30617 I art     : Starting a blocking GC Explicit
08-05 23:43:24.028 30584 30617 I art     : Explicit concurrent mark sweep GC freed 44(2608B) AllocSpace objects, 0(0B) LOS objects, 40% free, 23MB/38MB, paused 166us total 13.572ms
08-05 23:43:24.034 30584 30617 I art     : Starting a blocking GC Explicit
08-05 23:43:24.048 30584 30617 I art     : Explicit concurrent mark sweep GC freed 3(96B) AllocSpace objects, 0(0B) LOS objects, 40% free, 23MB/38MB, paused 159us total 13.479ms
08-05 23:43:24.054 30584 30617 I art     : Starting a blocking GC Explicit
08-05 23:43:24.068 30584 30617 I art     : Explicit concurrent mark sweep GC freed 3(96B) AllocSpace objects, 0(0B) LOS objects, 40% free, 23MB/38MB, paused 151us total 13.713ms
08-05 23:43:24.086   918   936 I ActivityManager: Displayed baseline.de.danoeh.antennapod.debug/baseline.de.danoeh.antennapod.activity.PreferenceActivity: +244ms
08-05 23:43:24.087 13866 13866 I GoogleInputMethodServic: GoogleInputMethodService.onFinishInput():3138 
08-05 23:43:24.088 13866 13866 I GoogleInputMethodServic: GoogleInputMethodService.onStartInput():1808 
08-05 23:43:24.123 30584 30605 D OpenGLRenderer: endAllStagingAnimators on 0x7f7f103000 (RippleDrawable) with handle 0x7f7e3d1c40
08-05 23:43:24.317   380   380 W SurfaceFlinger: couldn't log to binary event log: overflow.
08-05 23:43:24.335 30584 30617 I art     : Starting a blocking GC Explicit
08-05 23:43:24.352 30584 30617 I art     : Explicit concurrent mark sweep GC freed 1654(90KB) AllocSpace objects, 1(20KB) LOS objects, 40% free, 23MB/38MB, paused 153us total 17.180ms
08-05 23:43:24.359 30584 30617 I art     : Starting a blocking GC Explicit
08-05 23:43:24.373 30584 30617 I art     : Explicit concurrent mark sweep GC freed 37(1216B) AllocSpace objects, 0(0B) LOS objects, 40% free, 23MB/38MB, paused 131us total 13.958ms
08-05 23:43:24.380 30584 30617 I art     : Starting a blocking GC Explicit
08-05 23:43:24.389   512  2967 D audio_hw_primary: disable_audio_route: reset and update mixer path: low-latency-playback speaker
08-05 23:43:24.390   512  2967 D audio_hw_primary: disable_snd_device: snd_device(2: speaker)
08-05 23:43:24.394 30584 30617 I art     : Explicit concurrent mark sweep GC freed 3(96B) AllocSpace objects, 0(0B) LOS objects, 40% free, 23MB/38MB, paused 126us total 13.729ms
08-05 23:43:24.399   512  2967 I soundtrigger: audio_extn_sound_trigger_update_device_status: device 0x2 of type 0 for Event 0
08-05 23:43:24.400 30584 30617 I art     : Starting a blocking GC Explicit
08-05 23:43:24.414 30584 30617 I art     : Explicit concurrent mark sweep GC freed 3(96B) AllocSpace objects, 0(0B) LOS objects, 40% free, 23MB/38MB, paused 133us total 13.544ms
08-05 23:43:24.420 30584 30617 I art     : Starting a blocking GC Explicit
08-05 23:43:24.434 30584 30617 I art     : Explicit concurrent mark sweep GC freed 3(96B) AllocSpace objects, 0(0B) LOS objects, 40% free, 23MB/38MB, paused 124us total 13.499ms
08-05 23:43:24.442 30584 30584 D PlaybackController: Releasing PlaybackController
08-05 23:43:24.695 30584 30596 I art     : Starting a blocking GC Explicit
08-05 23:43:24.718 30584 30596 I art     : Explicit concurrent mark sweep GC freed 1646(98KB) AllocSpace objects, 1(20KB) LOS objects, 40% free, 23MB/39MB, paused 340us total 22.860ms
08-05 23:43:24.726 30584 30596 I art     : Starting a blocking GC Explicit
08-05 23:43:24.742 30584 30596 I art     : Explicit concurrent mark sweep GC freed 63(2064B) AllocSpace objects, 0(0B) LOS objects, 40% free, 23MB/39MB, paused 150us total 15.759ms
08-05 23:43:24.749 30584 30596 I art     : Starting a blocking GC Explicit
08-05 23:43:24.764 30584 30596 I art     : Explicit concurrent mark sweep GC freed 3(96B) AllocSpace objects, 0(0B) LOS objects, 40% free, 23MB/39MB, paused 145us total 14.401ms
08-05 23:43:24.770 30584 30596 I art     : Starting a blocking GC Explicit
08-05 23:43:24.785 30584 30596 I art     : Explicit concurrent mark sweep GC freed 3(96B) AllocSpace objects, 0(0B) LOS objects, 40% free, 23MB/39MB, paused 153us total 14.526ms
08-05 23:43:24.791 30584 30596 I art     : Starting a blocking GC Explicit
08-05 23:43:24.806 30584 30596 I art     : Explicit concurrent mark sweep GC freed 3(96B) AllocSpace objects, 0(0B) LOS objects, 40% free, 23MB/39MB, paused 142us total 14.388ms
08-05 23:43:25.079 30584 30597 I art     : Starting a blocking GC Explicit
08-05 23:43:25.098 30584 30597 I art     : Explicit concurrent mark sweep GC freed 1361(80KB) AllocSpace objects, 1(20KB) LOS objects, 40% free, 23MB/39MB, paused 163us total 17.924ms
08-05 23:43:25.105 30584 30597 I art     : Starting a blocking GC Explicit
08-05 23:43:25.121 30584 30597 I art     : Explicit concurrent mark sweep GC freed 23(752B) AllocSpace objects, 0(0B) LOS objects, 40% free, 23MB/39MB, paused 148us total 15.816ms
08-05 23:43:25.127 30584 30597 I art     : Starting a blocking GC Explicit
08-05 23:43:25.141 30584 30597 I art     : Explicit concurrent mark sweep GC freed 3(96B) AllocSpace objects, 0(0B) LOS objects, 40% free, 23MB/39MB, paused 140us total 14.101ms
08-05 23:43:25.148 30584 30597 I art     : Starting a blocking GC Explicit
08-05 23:43:25.162 30584 30597 I art     : Explicit concurrent mark sweep GC freed 3(96B) AllocSpace objects, 0(0B) LOS objects, 40% free, 23MB/39MB, paused 149us total 14.035ms
08-05 23:43:25.169 30584 30597 I art     : Starting a blocking GC Explicit
08-05 23:43:25.182 30584 30597 I art     : Explicit concurrent mark sweep GC freed 3(96B) AllocSpace objects, 0(0B) LOS objects, 40% free, 23MB/39MB, paused 142us total 13.542ms
08-05 23:43:25.356 30970 30970 D AndroidRuntime: >>>>>> START com.android.internal.os.RuntimeInit uid 2000 <<<<<<
08-05 23:43:25.361 30970 30970 D AndroidRuntime: CheckJNI is OFF
08-05 23:43:25.385 30970 30970 D ICU     : No timezone override file found: /data/misc/zoneinfo/current/icu/icu_tzdata.dat
08-05 23:43:25.410 30970 30970 I Radio-JNI: register_android_hardware_Radio DONE
08-05 23:43:25.427 30970 30970 D AndroidRuntime: Calling main entry com.android.commands.input.Input
08-05 23:43:25.428 30970 30970 I Input   : injectMotionEvent: MotionEvent { action=ACTION_DOWN, actionButton=0, id[0]=0, x[0]=400.0, y[0]=997.0, toolType[0]=TOOL_TYPE_UNKNOWN, buttonState=0, metaState=0, flags=0x0, edgeFlags=0x0, pointerCount=1, historySize=0, eventTime=834221841, downTime=834221841, deviceId=0, source=0x1002 }
08-05 23:43:25.428 30584 30617 I art     : Starting a blocking GC Explicit
08-05 23:43:25.433 30970 30970 I Input   : injectMotionEvent: MotionEvent { action=ACTION_UP, actionButton=0, id[0]=0, x[0]=400.0, y[0]=997.0, toolType[0]=TOOL_TYPE_UNKNOWN, buttonState=0, metaState=0, flags=0x0, edgeFlags=0x0, pointerCount=1, historySize=0, eventTime=834221841, downTime=834221841, deviceId=0, source=0x1002 }
08-05 23:43:25.435 30970 30970 D AndroidRuntime: Shutting down VM
08-05 23:43:25.445 30584 30617 I art     : Explicit concurrent mark sweep GC freed 1375(80KB) AllocSpace objects, 1(20KB) LOS objects, 40% free, 23MB/39MB, paused 180us total 16.713ms
08-05 23:43:25.452 30584 30617 I art     : Starting a blocking GC Explicit
08-05 23:43:25.457   512  2967 D audio_hw_primary: out_set_parameters: enter: usecase(1: low-latency-playback) kvpairs: routing=2
08-05 23:43:25.470   512  2967 D audio_hw_primary: select_devices: out_snd_device(2: speaker) in_snd_device(0: none)
08-05 23:43:25.471   512  2967 D msm8974_platform: platform_send_audio_calibration: sending audio calibration for snd_device(2) acdb_id(15)
08-05 23:43:25.471   512  2967 I soundtrigger: audio_extn_sound_trigger_update_device_status: device 0x2 of type 0 for Event 1
08-05 23:43:25.471 30584 30617 I art     : Explicit concurrent mark sweep GC freed 864(57KB) AllocSpace objects, 1(20KB) LOS objects, 40% free, 23MB/39MB, paused 455us total 18.918ms
08-05 23:43:25.479 30584 30617 I art     : Starting a blocking GC Explicit
08-05 23:43:25.481   512  2967 D audio_hw_primary: enable_snd_device: snd_device(2: speaker)
08-05 23:43:25.483   512  2967 D audio_hw_primary: enable_audio_route: apply and update mixer path: low-latency-playback speaker
08-05 23:43:25.494 30584 30617 I art     : Explicit concurrent mark sweep GC freed 277(14KB) AllocSpace objects, 0(0B) LOS objects, 40% free, 23MB/39MB, paused 297us total 14.522ms
08-05 23:43:25.500 30584 30617 I art     : Starting a blocking GC Explicit
08-05 23:43:25.516 30584 30617 I art     : Explicit concurrent mark sweep GC freed 460(35KB) AllocSpace objects, 0(0B) LOS objects, 40% free, 23MB/39MB, paused 219us total 15.796ms
08-05 23:43:25.522 30584 30617 I art     : Starting a blocking GC Explicit
08-05 23:43:25.536 30584 30617 I art     : Explicit concurrent mark sweep GC freed 97(4KB) AllocSpace objects, 0(0B) LOS objects, 40% free, 23MB/39MB, paused 155us total 14.480ms
08-05 23:43:25.553 13866 13866 I GoogleInputMethodServic: GoogleInputMethodService.onFinishInput():3138 
08-05 23:43:25.554 13866 13866 I GoogleInputMethodServic: GoogleInputMethodService.onStartInput():1808 
08-05 23:43:25.645   518   646 I ThermalEngine: ACTION: GPU - Setting GPU[0] to 510000000
08-05 23:43:25.761 30584 30617 I art     : Starting a blocking GC Explicit
08-05 23:43:25.781 30584 30617 I art     : Explicit concurrent mark sweep GC freed 1484(85KB) AllocSpace objects, 1(20KB) LOS objects, 40% free, 23MB/39MB, paused 189us total 20.256ms
08-05 23:43:25.790 30584 30617 I art     : Starting a blocking GC Explicit
08-05 23:43:25.811 30584 30617 I art     : Explicit concurrent mark sweep GC freed 25(816B) AllocSpace objects, 0(0B) LOS objects, 40% free, 23MB/39MB, paused 180us total 20.366ms
08-05 23:43:25.819 30584 30617 I art     : Starting a blocking GC Explicit
08-05 23:43:25.839 30584 30617 I art     : Explicit concurrent mark sweep GC freed 3(96B) AllocSpace objects, 0(0B) LOS objects, 40% free, 23MB/39MB, paused 183us total 19.135ms
08-05 23:43:25.847 30584 30617 I art     : Starting a blocking GC Explicit
08-05 23:43:25.866 30584 30617 I art     : Explicit concurrent mark sweep GC freed 3(96B) AllocSpace objects, 0(0B) LOS objects, 40% free, 23MB/39MB, paused 176us total 19.408ms
08-05 23:43:25.875 30584 30617 I art     : Starting a blocking GC Explicit
08-05 23:43:25.894 30584 30617 I art     : Explicit concurrent mark sweep GC freed 3(96B) AllocSpace objects, 0(0B) LOS objects, 40% free, 23MB/39MB, paused 177us total 19.144ms
08-05 23:43:26.031   512  2967 D audio_hw_primary: disable_audio_route: reset and update mixer path: low-latency-playback speaker
08-05 23:43:26.033   512  2967 D audio_hw_primary: disable_snd_device: snd_device(2: speaker)
08-05 23:43:26.042   512  2967 I soundtrigger: audio_extn_sound_trigger_update_device_status: device 0x2 of type 0 for Event 0
08-05 23:43:26.077 30995 30995 D AndroidRuntime: >>>>>> START com.android.internal.os.RuntimeInit uid 2000 <<<<<<
08-05 23:43:26.082 30995 30995 D AndroidRuntime: CheckJNI is OFF
08-05 23:43:26.114 30995 30995 D ICU     : No timezone override file found: /data/misc/zoneinfo/current/icu/icu_tzdata.dat
08-05 23:43:26.146 30995 30995 I Radio-JNI: register_android_hardware_Radio DONE
08-05 23:43:26.168 30995 30995 D AndroidRuntime: Calling main entry com.android.commands.input.Input
08-05 23:43:26.170 30995 30995 I Input   : injectMotionEvent: MotionEvent { action=ACTION_DOWN, actionButton=0, id[0]=0, x[0]=697.0, y[0]=656.0, toolType[0]=TOOL_TYPE_UNKNOWN, buttonState=0, metaState=0, flags=0x0, edgeFlags=0x0, pointerCount=1, historySize=0, eventTime=834222583, downTime=834222583, deviceId=0, source=0x1002 }
08-05 23:43:26.172 30584 30597 I art     : Starting a blocking GC Explicit
08-05 23:43:26.174 30995 30995 I Input   : injectMotionEvent: MotionEvent { action=ACTION_UP, actionButton=0, id[0]=0, x[0]=697.0, y[0]=656.0, toolType[0]=TOOL_TYPE_UNKNOWN, buttonState=0, metaState=0, flags=0x0, edgeFlags=0x0, pointerCount=1, historySize=0, eventTime=834222583, downTime=834222583, deviceId=0, source=0x1002 }
08-05 23:43:26.177 30995 30995 D AndroidRuntime: Shutting down VM
08-05 23:43:26.189   512  2967 D audio_hw_primary: out_set_parameters: enter: usecase(1: low-latency-playback) kvpairs: routing=2
08-05 23:43:26.195 30584 30597 I art     : Explicit concurrent mark sweep GC freed 1401(81KB) AllocSpace objects, 1(20KB) LOS objects, 40% free, 23MB/39MB, paused 1.332ms total 23.460ms
08-05 23:43:26.202   512  2967 D audio_hw_primary: select_devices: out_snd_device(2: speaker) in_snd_device(0: none)
08-05 23:43:26.202   512  2967 D msm8974_platform: platform_send_audio_calibration: sending audio calibration for snd_device(2) acdb_id(15)
08-05 23:43:26.202   512  2967 I soundtrigger: audio_extn_sound_trigger_update_device_status: device 0x2 of type 0 for Event 1
08-05 23:43:26.206 30584 30597 I art     : Starting a blocking GC Explicit
08-05 23:43:26.212   512  2967 D audio_hw_primary: enable_snd_device: snd_device(2: speaker)
08-05 23:43:26.215   512  2967 D audio_hw_primary: enable_audio_route: apply and update mixer path: low-latency-playback speaker
08-05 23:43:26.227 30584 30597 I art     : Explicit concurrent mark sweep GC freed 306(72KB) AllocSpace objects, 0(0B) LOS objects, 40% free, 23MB/39MB, paused 372us total 20.507ms
08-05 23:43:26.234 30584 30597 I art     : Starting a blocking GC Explicit
08-05 23:43:26.253 30584 30597 I art     : Explicit concurrent mark sweep GC freed 254(19KB) AllocSpace objects, 0(0B) LOS objects, 40% free, 23MB/39MB, paused 185us total 18.588ms
08-05 23:43:26.261 30584 30597 I art     : Starting a blocking GC Explicit
08-05 23:43:26.261   512  2967 D AudioFlinger: mixer(0xf4740000) throttle end: throttle time(12)
08-05 23:43:26.272 13866 13866 I GoogleInputMethodServic: GoogleInputMethodService.onFinishInput():3138 
08-05 23:43:26.272 13866 13866 I GoogleInputMethodServic: GoogleInputMethodService.onStartInput():1808 
08-05 23:43:26.281 30584 30597 I art     : Explicit concurrent mark sweep GC freed 76(3008B) AllocSpace objects, 0(0B) LOS objects, 40% free, 23MB/39MB, paused 233us total 19.972ms
08-05 23:43:26.290 30584 30597 I art     : Starting a blocking GC Explicit
08-05 23:43:26.311 30584 30597 I art     : Explicit concurrent mark sweep GC freed 545(25KB) AllocSpace objects, 0(0B) LOS objects, 40% free, 23MB/39MB, paused 182us total 20.842ms
08-05 23:43:26.503 29532 29532 W PathParser: Points are too far apart 4.030360828967057
08-05 23:43:26.504 29532 29532 W PathParser: Points are too far apart 4.030360538880159
08-05 23:43:26.520 29532 29532 W PathParser: Points are too far apart 4.030360828967057
08-05 23:43:26.520 29532 29532 W PathParser: Points are too far apart 4.030360538880159
08-05 23:43:26.536 29532 29532 W PathParser: Points are too far apart 4.030360828967057
08-05 23:43:26.536 29532 29532 W PathParser: Points are too far apart 4.030360538880159
08-05 23:43:26.538 30584 30596 I art     : Starting a blocking GC Explicit
08-05 23:43:26.552 29532 29532 W PathParser: Points are too far apart 4.030360828967057
08-05 23:43:26.552 29532 29532 W PathParser: Points are too far apart 4.030360538880159
08-05 23:43:26.558 30584 30596 I art     : Explicit concurrent mark sweep GC freed 1380(80KB) AllocSpace objects, 1(20KB) LOS objects, 40% free, 23MB/39MB, paused 226us total 19.888ms
08-05 23:43:26.566 30584 30596 I art     : Starting a blocking GC Explicit
08-05 23:43:26.569 29532 29532 W PathParser: Points are too far apart 4.030360828967057
08-05 23:43:26.569 29532 29532 W PathParser: Points are too far apart 4.030360538880159
08-05 23:43:26.585 30584 30596 I art     : Explicit concurrent mark sweep GC freed 27(896B) AllocSpace objects, 0(0B) LOS objects, 40% free, 23MB/39MB, paused 176us total 18.851ms
08-05 23:43:26.586 29532 29532 W PathParser: Points are too far apart 4.030360828967057
08-05 23:43:26.586 29532 29532 W PathParser: Points are too far apart 4.030360538880159
08-05 23:43:26.594 30584 30596 I art     : Starting a blocking GC Explicit
08-05 23:43:26.602 29532 29532 W PathParser: Points are too far apart 4.030360828967057
08-05 23:43:26.602 29532 29532 W PathParser: Points are too far apart 4.030360538880159
08-05 23:43:26.614 30584 30596 I art     : Explicit concurrent mark sweep GC freed 28(784B) AllocSpace objects, 0(0B) LOS objects, 40% free, 23MB/39MB, paused 195us total 20.377ms
08-05 23:43:26.623 30584 30596 I art     : Starting a blocking GC Explicit
08-05 23:43:26.642 30584 30596 I art     : Explicit concurrent mark sweep GC freed 7(224B) AllocSpace objects, 0(0B) LOS objects, 40% free, 23MB/39MB, paused 190us total 19.047ms
08-05 23:43:26.651 30584 30596 I art     : Starting a blocking GC Explicit
08-05 23:43:26.670 30584 30596 I art     : Explicit concurrent mark sweep GC freed 3(96B) AllocSpace objects, 0(0B) LOS objects, 40% free, 23MB/39MB, paused 168us total 18.662ms
08-05 23:43:26.759   512  2967 D audio_hw_primary: disable_audio_route: reset and update mixer path: low-latency-playback speaker
08-05 23:43:26.760   512  2967 D audio_hw_primary: disable_snd_device: snd_device(2: speaker)
08-05 23:43:26.768   512  2967 I soundtrigger: audio_extn_sound_trigger_update_device_status: device 0x2 of type 0 for Event 0
08-05 23:43:26.796 31026 31026 D AndroidRuntime: >>>>>> START com.android.internal.os.RuntimeInit uid 2000 <<<<<<
08-05 23:43:26.801 31026 31026 D AndroidRuntime: CheckJNI is OFF
08-05 23:43:26.833 31026 31026 D ICU     : No timezone override file found: /data/misc/zoneinfo/current/icu/icu_tzdata.dat
08-05 23:43:26.867 31026 31026 I Radio-JNI: register_android_hardware_Radio DONE
08-05 23:43:26.889 31026 31026 D AndroidRuntime: Calling main entry com.android.commands.input.Input
08-05 23:43:26.891 31026 31026 I Input   : injectMotionEvent: MotionEvent { action=ACTION_DOWN, actionButton=0, id[0]=0, x[0]=256.0, y[0]=1589.0, toolType[0]=TOOL_TYPE_UNKNOWN, buttonState=0, metaState=0, flags=0x0, edgeFlags=0x0, pointerCount=1, historySize=0, eventTime=834223304, downTime=834223304, deviceId=0, source=0x1002 }
08-05 23:43:26.896 31026 31026 I Input   : injectMotionEvent: MotionEvent { action=ACTION_UP, actionButton=0, id[0]=0, x[0]=256.0, y[0]=1589.0, toolType[0]=TOOL_TYPE_UNKNOWN, buttonState=0, metaState=0, flags=0x0, edgeFlags=0x0, pointerCount=1, historySize=0, eventTime=834223304, downTime=834223304, deviceId=0, source=0x1002 }
08-05 23:43:26.898 31026 31026 D AndroidRuntime: Shutting down VM
08-05 23:43:26.906 30584 30584 D UserPreferences: timeOfDay: []
08-05 23:43:26.906 30584 30584 D AutoUpdateManager: Restarting update alarm.
08-05 23:43:26.908 30584 30584 D AutoUpdateManager: Automatic update was deactivated
08-05 23:43:26.908   512  2967 D audio_hw_primary: out_set_parameters: enter: usecase(1: low-latency-playback) kvpairs: routing=2
08-05 23:43:26.921   512  2967 D audio_hw_primary: select_devices: out_snd_device(2: speaker) in_snd_device(0: none)
08-05 23:43:26.922   512  2967 D msm8974_platform: platform_send_audio_calibration: sending audio calibration for snd_device(2) acdb_id(15)
08-05 23:43:26.922   512  2967 I soundtrigger: audio_extn_sound_trigger_update_device_status: device 0x2 of type 0 for Event 1
08-05 23:43:26.934   512  2967 D audio_hw_primary: enable_snd_device: snd_device(2: speaker)
08-05 23:43:26.935 30584 31025 I art     : Starting a blocking GC Explicit
08-05 23:43:26.936 13866 13866 I GoogleInputMethodServic: GoogleInputMethodService.onFinishInput():3138 
08-05 23:43:26.936   512  2967 D audio_hw_primary: enable_audio_route: apply and update mixer path: low-latency-playback speaker
08-05 23:43:26.937 13866 13866 I GoogleInputMethodServic: GoogleInputMethodService.onStartInput():1808 
08-05 23:43:26.953 29532 29532 W PathParser: Points are too far apart 4.030360828967057
08-05 23:43:26.953 29532 29532 W PathParser: Points are too far apart 4.030360538880159
08-05 23:43:26.958 30584 31025 I art     : Explicit concurrent mark sweep GC freed 1694(107KB) AllocSpace objects, 2(40KB) LOS objects, 40% free, 23MB/39MB, paused 237us total 22.874ms
08-05 23:43:26.966 30584 31025 I art     : Starting a blocking GC Explicit
08-05 23:43:26.970 29532 29532 W PathParser: Points are too far apart 4.030360828967057
08-05 23:43:26.970 29532 29532 W PathParser: Points are too far apart 4.030360538880159
08-05 23:43:26.978   512  2967 D AudioFlinger: mixer(0xf4740000) throttle end: throttle time(12)
08-05 23:43:26.985 30584 31025 I art     : Explicit concurrent mark sweep GC freed 56(1952B) AllocSpace objects, 0(0B) LOS objects, 40% free, 23MB/39MB, paused 182us total 18.090ms
08-05 23:43:26.986 29532 29532 W PathParser: Points are too far apart 4.030360828967057
08-05 23:43:26.986 29532 29532 W PathParser: Points are too far apart 4.030360538880159
08-05 23:43:26.993 30584 31025 I art     : Starting a blocking GC Explicit
08-05 23:43:27.003 29532 29532 W PathParser: Points are too far apart 4.030360828967057
08-05 23:43:27.003 29532 29532 W PathParser: Points are too far apart 4.030360538880159
08-05 23:43:27.011 30584 31025 I art     : Explicit concurrent mark sweep GC freed 9(384B) AllocSpace objects, 0(0B) LOS objects, 40% free, 23MB/39MB, paused 190us total 18.312ms
08-05 23:43:27.019 30584 31025 I art     : Starting a blocking GC Explicit
08-05 23:43:27.020 29532 29532 W PathParser: Points are too far apart 4.030360828967057
08-05 23:43:27.020 29532 29532 W PathParser: Points are too far apart 4.030360538880159
08-05 23:43:27.036 29532 29532 W PathParser: Points are too far apart 4.030360828967057
08-05 23:43:27.036 29532 29532 W PathParser: Points are too far apart 4.030360538880159
08-05 23:43:27.038 30584 31025 I art     : Explicit concurrent mark sweep GC freed 3(96B) AllocSpace objects, 0(0B) LOS objects, 40% free, 23MB/39MB, paused 198us total 18.980ms
08-05 23:43:27.047 30584 31025 I art     : Starting a blocking GC Explicit
08-05 23:43:27.053 29532 29532 W PathParser: Points are too far apart 4.030360828967057
08-05 23:43:27.053 29532 29532 W PathParser: Points are too far apart 4.030360538880159
08-05 23:43:27.066 30584 31025 I art     : Explicit concurrent mark sweep GC freed 4(160B) AllocSpace objects, 0(0B) LOS objects, 40% free, 23MB/39MB, paused 193us total 19.074ms
08-05 23:43:27.070 29532 29532 W PathParser: Points are too far apart 4.030360828967057
08-05 23:43:27.070 29532 29532 W PathParser: Points are too far apart 4.030360538880159
08-05 23:43:27.119   380   380 W SurfaceFlinger: couldn't log to binary event log: overflow.
08-05 23:43:27.293 30584 31025 I art     : Starting a blocking GC Explicit
08-05 23:43:27.312 30584 31025 I art     : Explicit concurrent mark sweep GC freed 1817(96KB) AllocSpace objects, 1(20KB) LOS objects, 40% free, 23MB/39MB, paused 191us total 19.102ms
08-05 23:43:27.320 30584 31025 I art     : Starting a blocking GC Explicit
08-05 23:43:27.340 30584 31025 I art     : Explicit concurrent mark sweep GC freed 81(2608B) AllocSpace objects, 0(0B) LOS objects, 40% free, 23MB/39MB, paused 339us total 19.814ms
08-05 23:43:27.348 30584 31025 I art     : Starting a blocking GC Explicit
08-05 23:43:27.367 30584 31025 I art     : Explicit concurrent mark sweep GC freed 23(736B) AllocSpace objects, 0(0B) LOS objects, 40% free, 23MB/39MB, paused 206us total 18.437ms
08-05 23:43:27.375 30584 31025 I art     : Starting a blocking GC Explicit
08-05 23:43:27.394 30584 31025 I art     : Explicit concurrent mark sweep GC freed 7(224B) AllocSpace objects, 0(0B) LOS objects, 40% free, 23MB/39MB, paused 185us total 18.688ms
08-05 23:43:27.402 30584 31025 I art     : Starting a blocking GC Explicit
08-05 23:43:27.421 30584 31025 I art     : Explicit concurrent mark sweep GC freed 4(160B) AllocSpace objects, 0(0B) LOS objects, 40% free, 23MB/39MB, paused 185us total 18.676ms
08-05 23:43:27.469   512  2967 D audio_hw_primary: disable_audio_route: reset and update mixer path: low-latency-playback speaker
08-05 23:43:27.470   512  2967 D audio_hw_primary: disable_snd_device: snd_device(2: speaker)
08-05 23:43:27.479   512  2967 I soundtrigger: audio_extn_sound_trigger_update_device_status: device 0x2 of type 0 for Event 0
08-05 23:43:27.523 31058 31058 D AndroidRuntime: >>>>>> START com.android.internal.os.RuntimeInit uid 2000 <<<<<<
08-05 23:43:27.529 31058 31058 D AndroidRuntime: CheckJNI is OFF
08-05 23:43:27.562 31058 31058 D ICU     : No timezone override file found: /data/misc/zoneinfo/current/icu/icu_tzdata.dat
08-05 23:43:27.594 31058 31058 I Radio-JNI: register_android_hardware_Radio DONE
08-05 23:43:27.617 31058 31058 D AndroidRuntime: Calling main entry com.android.commands.input.Input
08-05 23:43:27.619 31058 31058 I Input   : injectKeyEvent: KeyEvent { action=ACTION_DOWN, keyCode=KEYCODE_BACK, scanCode=0, metaState=0, flags=0x0, repeatCount=0, eventTime=834224032, downTime=834224032, deviceId=-1, source=0x101 }
08-05 23:43:27.624 31058 31058 I Input   : injectKeyEvent: KeyEvent { action=ACTION_UP, keyCode=KEYCODE_BACK, scanCode=0, metaState=0, flags=0x0, repeatCount=0, eventTime=834224032, downTime=834224032, deviceId=-1, source=0x101 }
08-05 23:43:27.633 31058 31058 D AndroidRuntime: Shutting down VM
08-05 23:43:27.674 30584 30597 I art     : Starting a blocking GC Explicit
08-05 23:43:27.697 13866 13866 I GoogleInputMethodServic: GoogleInputMethodService.onFinishInput():3138 
08-05 23:43:27.698 13866 13866 I GoogleInputMethodServic: GoogleInputMethodService.onStartInput():1808 
08-05 23:43:27.707 30584 30597 I art     : Explicit concurrent mark sweep GC freed 2589(136KB) AllocSpace objects, 1(20KB) LOS objects, 39% free, 24MB/40MB, paused 5.995ms total 32.049ms
08-05 23:43:27.715 30584 30597 I art     : Starting a blocking GC Explicit
08-05 23:43:27.733 30584 30597 I art     : Explicit concurrent mark sweep GC freed 8488(535KB) AllocSpace objects, 0(0B) LOS objects, 40% free, 23MB/39MB, paused 204us total 17.839ms
08-05 23:43:27.741 30584 30597 I art     : Starting a blocking GC Explicit
08-05 23:43:27.760 30584 30597 I art     : Explicit concurrent mark sweep GC freed 16(672B) AllocSpace objects, 0(0B) LOS objects, 40% free, 23MB/39MB, paused 200us total 18.377ms
08-05 23:43:27.768 30584 30597 I art     : Starting a blocking GC Explicit
08-05 23:43:27.788 30584 30597 I art     : Explicit concurrent mark sweep GC freed 3(96B) AllocSpace objects, 0(0B) LOS objects, 40% free, 23MB/39MB, paused 197us total 19.145ms
08-05 23:43:27.796 30584 30597 I art     : Starting a blocking GC Explicit
08-05 23:43:27.816 30584 30597 I art     : Explicit concurrent mark sweep GC freed 3(96B) AllocSpace objects, 0(0B) LOS objects, 40% free, 23MB/39MB, paused 196us total 19.607ms
08-05 23:43:27.856 24365  1228 E WakeLock: GCM_HB_ALARM release without a matched acquire!
08-05 23:43:27.881   918  4413 D ConnectivityService: reportNetworkConnectivity(159, true) by 10012
08-05 23:43:27.881   918  1209 D NetworkMonitor/NetworkAgentInfo [WIFI () - 159]: Forcing reevaluation for UID 10012
08-05 23:43:27.882   918  1209 D NetworkMonitor/NetworkAgentInfo [WIFI () - 159]: Checking http://connectivitycheck.gstatic.com/generate_204 on "H369AA63323", 192.168.2.12=192.168.2.12
08-05 23:43:27.885   918  6111 D ConnectivityService: reportNetworkConnectivity(159, true) by 10012
08-05 23:43:27.899 24365 12204 I NetworkScheduler.Stats: Task com.google.android.gms/com.google.android.gms.icing.service.IcingGcmTaskService started execution. cause:2 exec_start_elapsed_seconds: 1817611 [CONTEXT service_id=218 ]
08-05 23:43:27.905 24365  4416 I NetworkScheduler.Stats: Task com.google.android.gms/com.google.android.gms.icing.service.IcingGcmTaskService finished executing. cause:2 result: 1 elapsed_millis: 26 uptime_millis: 26 exec_start_elapsed_seconds: 1817611 [CONTEXT service_id=218 ]
08-05 23:43:28.029   918  1209 D NetworkMonitor/NetworkAgentInfo [WIFI () - 159]: Probably not a portal: exception java.io.IOException: unexpected end of stream on Connection{connectivitycheck.gstatic.com:80, proxy=HTTP@/192.168.2.12:8080 hostAddress=192.168.2.12 cipherSuite=none protocol=http/1.1} (recycle count=0)
08-05 23:43:28.030   918  3263 D ConnectivityService: NetworkAgentInfo [WIFI () - 159] validation failed
08-05 23:43:28.031   918  3261 E WifiConfigStore:  rewrite network history for "H369AA63323"WPA_PSK
08-05 23:43:28.065 30584 30596 I art     : Starting a blocking GC Explicit
08-05 23:43:28.086 30584 30596 I art     : Explicit concurrent mark sweep GC freed 1466(85KB) AllocSpace objects, 1(20KB) LOS objects, 40% free, 23MB/39MB, paused 210us total 20.592ms
08-05 23:43:28.099 30584 30596 I art     : Starting a blocking GC Explicit
08-05 23:43:28.122 30584 30596 I art     : Explicit concurrent mark sweep GC freed 889(56KB) AllocSpace objects, 1(48KB) LOS objects, 40% free, 23MB/39MB, paused 198us total 22.037ms
08-05 23:43:28.131 30584 30596 I art     : Starting a blocking GC Explicit
08-05 23:43:28.150 30584 30596 I art     : Explicit concurrent mark sweep GC freed 3(96B) AllocSpace objects, 0(0B) LOS objects, 40% free, 23MB/39MB, paused 206us total 19.404ms
08-05 23:43:28.159 30584 30596 I art     : Starting a blocking GC Explicit
08-05 23:43:28.178 30584 30596 I art     : Explicit concurrent mark sweep GC freed 3(96B) AllocSpace objects, 0(0B) LOS objects, 40% free, 23MB/39MB, paused 201us total 18.738ms
08-05 23:43:28.186 30584 30596 I art     : Starting a blocking GC Explicit
08-05 23:43:28.206 30584 30596 I art     : Explicit concurrent mark sweep GC freed 3(96B) AllocSpace objects, 0(0B) LOS objects, 40% free, 23MB/39MB, paused 202us total 18.939ms
08-05 23:43:28.491 30584 30617 I art     : Starting a blocking GC Explicit
08-05 23:43:28.516 30584 30617 I art     : Explicit concurrent mark sweep GC freed 1365(80KB) AllocSpace objects, 1(20KB) LOS objects, 40% free, 23MB/39MB, paused 213us total 24.310ms
08-05 23:43:28.529 30584 30617 I art     : Starting a blocking GC Explicit
08-05 23:43:28.548 30584 30617 I art     : Explicit concurrent mark sweep GC freed 23(752B) AllocSpace objects, 0(0B) LOS objects, 40% free, 23MB/39MB, paused 183us total 18.988ms
08-05 23:43:28.557 30584 30617 I art     : Starting a blocking GC Explicit
08-05 23:43:28.575 30584 30617 I art     : Explicit concurrent mark sweep GC freed 3(96B) AllocSpace objects, 0(0B) LOS objects, 40% free, 23MB/39MB, paused 187us total 18.435ms
08-05 23:43:28.584 30584 30617 I art     : Starting a blocking GC Explicit
08-05 23:43:28.603 30584 30617 I art     : Explicit concurrent mark sweep GC freed 28(784B) AllocSpace objects, 0(0B) LOS objects, 40% free, 23MB/39MB, paused 199us total 19.051ms
08-05 23:43:28.612 30584 30617 I art     : Starting a blocking GC Explicit
08-05 23:43:28.631 30584 30617 I art     : Explicit concurrent mark sweep GC freed 3(96B) AllocSpace objects, 0(0B) LOS objects, 40% free, 23MB/39MB, paused 193us total 18.824ms
08-05 23:43:28.808 15866 15866 I Finsky  : [1] xow.onStartJob(3): SCH: onJobSchedulerWakeup with jobId 9007
08-05 23:43:28.814 15866 15866 I Finsky  : [1] xjw.a(9): Scheduling fallback in 43199998 (absolute: 1860812687)
08-05 23:43:28.817 15866 15866 I Finsky  : [1] xjw.a(9): Scheduling fallback in 64799998 (absolute: 1882412689)
08-05 23:43:28.912 30584 31025 I art     : Starting a blocking GC Explicit
08-05 23:43:28.932 30584 31025 I art     : Explicit concurrent mark sweep GC freed 1365(80KB) AllocSpace objects, 1(20KB) LOS objects, 40% free, 23MB/39MB, paused 207us total 19.371ms
08-05 23:43:28.940 30584 31025 I art     : Starting a blocking GC Explicit
08-05 23:43:28.953 15866 15866 I Finsky  : [1] xkf.handleMessage(8): SCH: DeviceState: DeviceState{currentTime=1596663808949, isCharging=false, isIdle=false, netAny=true, netNotRoaming=true, netUnmetered=true, batteryPercent=100.0}
08-05 23:43:28.959 15866 30549 I Finsky  : [6633] xmu.a(8): SCH: Jobs in database: 1-1337 3-219 3-220 12-1 24-77777777 26-1414141414 
08-05 23:43:28.959 30584 31025 I art     : Explicit concurrent mark sweep GC freed 23(752B) AllocSpace objects, 0(0B) LOS objects, 40% free, 23MB/39MB, paused 207us total 18.703ms
08-05 23:43:28.961 15866 15866 I Finsky  : [1] xkg.a(16): SCH: Running job: 12-1
08-05 23:43:28.962 15866 15866 I Finsky  : [1] ContentSyncJob.a(16): [ContentSync] job started
08-05 23:43:28.963 15866 15866 I Finsky  : [1] xkf.handleMessage(61): SCH: RunningQueue size: 1, PendingQueue size: 0
08-05 23:43:28.963 15866 15866 I Finsky  : [1] xkf.handleMessage(64): SCH: Running queue: 12-1 
08-05 23:43:28.967 30584 31025 I art     : Starting a blocking GC Explicit
08-05 23:43:28.985 30584 31025 I art     : Explicit concurrent mark sweep GC freed 3(96B) AllocSpace objects, 0(0B) LOS objects, 40% free, 23MB/39MB, paused 187us total 17.672ms
08-05 23:43:28.993 30584 31025 I art     : Starting a blocking GC Explicit
08-05 23:43:29.009 30584 31025 I art     : Explicit concurrent mark sweep GC freed 3(96B) AllocSpace objects, 0(0B) LOS objects, 40% free, 23MB/39MB, paused 183us total 16.064ms
08-05 23:43:29.016 30584 31025 I art     : Starting a blocking GC Explicit
08-05 23:43:29.022 15866 31126 I Finsky  : [6642] dzn.a(22): Completed 0 account content syncs with 0 successful.
08-05 23:43:29.023 15866 15866 I Finsky  : [1] ContentSyncJob.a(1): [ContentSync] Installation state replication succeeded.
08-05 23:43:29.023 15866 15866 I Finsky  : [1] xlr.a(13): SCH: jobFinished: 12-1. TimeElapsed: 61ms.
08-05 23:43:29.024 15866 15866 I Finsky  : [1] xkg.a(36): SCH: Job 12-1 finished. Not rescheduling.
08-05 23:43:29.024 15866 15866 I Finsky  : [1] xkf.handleMessage(61): SCH: RunningQueue size: 0, PendingQueue size: 0
08-05 23:43:29.024 15866 15866 I Finsky  : [1] xkf.handleMessage(25): Executor finished
08-05 23:43:29.031   918  1209 D NetworkMonitor/NetworkAgentInfo [WIFI () - 159]: Checking http://connectivitycheck.gstatic.com/generate_204 on "H369AA63323", 192.168.2.12=192.168.2.12
08-05 23:43:29.033 30584 31025 I art     : Explicit concurrent mark sweep GC freed 3(96B) AllocSpace objects, 0(0B) LOS objects, 40% free, 23MB/39MB, paused 182us total 16.322ms
08-05 23:43:29.042 15866 15866 I Finsky  : [1] xmu.a(8): SCH: Jobs in database: 1-1337 3-219 3-220 24-77777777 26-1414141414 
08-05 23:43:29.044 15866 15866 I Finsky  : [1] xio.a(57): SCH: ConstraintMapping: 24-77777777,  -> L: 0ms, D: 77201883ms, C: false, I: true, N: 0
08-05 23:43:29.044 15866 15866 I Finsky  : [1] xio.a(57): SCH: ConstraintMapping: 1-1337,  -> L: 2483514ms, D: 37343869ms, C: false, I: false, N: 1
08-05 23:43:29.045 15866 15866 I Finsky  : [1] xio.a(57): SCH: ConstraintMapping: 3-219,  -> L: 0ms, D: 69354480ms, C: false, I: true, N: 2
08-05 23:43:29.046 15866 15866 I Finsky  : [1] xio.a(57): SCH: ConstraintMapping: 3-220,  -> L: 0ms, D: 69354522ms, C: true, I: true, N: 2
08-05 23:43:29.046 15866 15866 I Finsky  : [1] xio.a(57): SCH: ConstraintMapping: 26-1414141414,  -> L: 41991776ms, D: 42891776ms, C: false, I: false, N: 0
08-05 23:43:29.056 15866 15866 I Finsky  : [1] xle.a(34): Cancelling existing jobscheduler jobs: 9010 9019 9009 9008 9018 9001 9014 9011 9013 
08-05 23:43:29.057 15866 15866 I Finsky  : [1] xle.a(10): Throttling wakeup for job 9000 (expected to run in 0 ms) due to recent wakeup
08-05 23:43:29.057 15866 15866 I Finsky  : [1] xle.a(27): Scheduling job Id: 9000, L: 30000, D: 77201883, C: false, I: true, N: 0
08-05 23:43:29.059 15866 15866 I Finsky  : [1] xle.a(27): Scheduling job Id: 9002, L: 2483514, D: 37343869, C: false, I: false, N: 1
08-05 23:43:29.060 15866 15866 I Finsky  : [1] xle.a(10): Throttling wakeup for job 9003 (expected to run in 0 ms) due to recent wakeup
08-05 23:43:29.060 15866 15866 I Finsky  : [1] xle.a(27): Scheduling job Id: 9003, L: 30000, D: 69354480, C: false, I: true, N: 2
08-05 23:43:29.061 15866 15866 I Finsky  : [1] xle.a(10): Throttling wakeup for job 9004 (expected to run in 0 ms) due to recent wakeup
08-05 23:43:29.062 15866 15866 I Finsky  : [1] xle.a(27): Scheduling job Id: 9004, L: 30000, D: 69354522, C: true, I: true, N: 2
08-05 23:43:29.063 15866 15866 I Finsky  : [1] xle.a(27): Scheduling job Id: 9005, L: 41991776, D: 42891776, C: false, I: false, N: 0
08-05 23:43:29.064 15866 15866 I Finsky  : [1] xle.a(10): Throttling wakeup for job 9006 (expected to run in 0 ms) due to recent wakeup
08-05 23:43:29.064 15866 15866 I Finsky  : [1] xle.a(27): Scheduling job Id: 9006, L: 30000, D: 77201883, C: false, I: true, N: 0
08-05 23:43:29.065 15866 15866 I Finsky  : [1] xle.a(27): Scheduling job Id: 9012, L: 2483514, D: 37343869, C: false, I: false, N: 1
08-05 23:43:29.067   918  1209 D NetworkMonitor/NetworkAgentInfo [WIFI () - 159]: Probably not a portal: exception java.io.IOException: unexpected end of stream on Connection{connectivitycheck.gstatic.com:80, proxy=HTTP@/192.168.2.12:8080 hostAddress=192.168.2.12 cipherSuite=none protocol=http/1.1} (recycle count=0)
08-05 23:43:29.067 15866 15866 I Finsky  : [1] xle.a(10): Throttling wakeup for job 9015 (expected to run in 0 ms) due to recent wakeup
08-05 23:43:29.067 15866 15866 I Finsky  : [1] xle.a(27): Scheduling job Id: 9015, L: 30000, D: 69354480, C: false, I: true, N: 2
08-05 23:43:29.068   918  3263 D ConnectivityService: NetworkAgentInfo [WIFI () - 159] validation failed
08-05 23:43:29.068   918  3261 E WifiConfigStore:  rewrite network history for "H369AA63323"WPA_PSK
08-05 23:43:29.069 15866 15866 I Finsky  : [1] xle.a(10): Throttling wakeup for job 9016 (expected to run in 0 ms) due to recent wakeup
08-05 23:43:29.069 15866 15866 I Finsky  : [1] xle.a(27): Scheduling job Id: 9016, L: 30000, D: 69354522, C: true, I: true, N: 2
08-05 23:43:29.071 15866 15866 I Finsky  : [1] xle.a(27): Scheduling job Id: 9017, L: 41991776, D: 42891776, C: false, I: false, N: 0
08-05 23:43:29.268 31123 31123 D AndroidRuntime: >>>>>> START com.android.internal.os.RuntimeInit uid 2000 <<<<<<
08-05 23:43:29.273 31123 31123 D AndroidRuntime: CheckJNI is OFF
08-05 23:43:29.305 31123 31123 D ICU     : No timezone override file found: /data/misc/zoneinfo/current/icu/icu_tzdata.dat
08-05 23:43:29.319 30584 30597 I art     : Starting a blocking GC Explicit
08-05 23:43:29.337 30584 30597 I art     : Explicit concurrent mark sweep GC freed 1583(88KB) AllocSpace objects, 1(20KB) LOS objects, 40% free, 23MB/39MB, paused 245us total 17.215ms
08-05 23:43:29.337 31123 31123 I Radio-JNI: register_android_hardware_Radio DONE
08-05 23:43:29.345 30584 30597 I art     : Starting a blocking GC Explicit
08-05 23:43:29.359 31123 31123 D AndroidRuntime: Calling main entry com.android.commands.input.Input
08-05 23:43:29.361 31123 31123 I Input   : injectKeyEvent: KeyEvent { action=ACTION_DOWN, keyCode=KEYCODE_BACK, scanCode=0, metaState=0, flags=0x0, repeatCount=0, eventTime=834225774, downTime=834225774, deviceId=-1, source=0x101 }
08-05 23:43:29.362 30584 30597 I art     : Explicit concurrent mark sweep GC freed 118(3KB) AllocSpace objects, 0(0B) LOS objects, 40% free, 23MB/39MB, paused 215us total 17.109ms
08-05 23:43:29.368 31123 31123 I Input   : injectKeyEvent: KeyEvent { action=ACTION_UP, keyCode=KEYCODE_BACK, scanCode=0, metaState=0, flags=0x0, repeatCount=0, eventTime=834225774, downTime=834225774, deviceId=-1, source=0x101 }
08-05 23:43:29.371 30584 30597 I art     : Starting a blocking GC Explicit
08-05 23:43:29.374 31123 31123 D AndroidRuntime: Shutting down VM
08-05 23:43:29.388 30584 30597 I art     : Explicit concurrent mark sweep GC freed 76(2720B) AllocSpace objects, 0(0B) LOS objects, 40% free, 23MB/39MB, paused 207us total 17.013ms
08-05 23:43:29.394 30584 30584 D QueueFragment: loadItems()
08-05 23:43:29.394 30584 30604 D DBReader: getQueue() called
08-05 23:43:29.394 30584 30604 D DBReader: getQueue()
08-05 23:43:29.394 30584 30584 V PlaybackController: initServiceNotRunning()
08-05 23:43:29.395 30584 30584 D ExternalPlayerFragment: Loading media info
08-05 23:43:29.395 30584 30604 D DBReader: getFavoriteIDList() called
08-05 23:43:29.396 30584 30584 D UserPreferences: Using default data folder
08-05 23:43:29.396 30584 30604 D DBReader: getQueueIDList() called
08-05 23:43:29.397 30584 30604 D DBReader: Extracting Feedlist
08-05 23:43:29.397 30584 31149 D DBReader: getNavDrawerData() called with: 
08-05 23:43:29.398 30584 30597 I art     : Starting a blocking GC Explicit
08-05 23:43:29.400 30584 31149 D DBReader: getDownloadedItems() called
08-05 23:43:29.401 30584 31149 D DBReader: getFavoriteIDList() called
08-05 23:43:29.401 30584 31149 D DBReader: getQueueIDList() called
08-05 23:43:29.402 30584 31149 D DBReader: Extracting Feedlist
08-05 23:43:29.416 30584 30597 I art     : Explicit concurrent mark sweep GC freed 859(67KB) AllocSpace objects, 0(0B) LOS objects, 40% free, 23MB/39MB, paused 434us total 17.684ms
08-05 23:43:29.424 30584 30597 I art     : Starting a blocking GC Explicit
08-05 23:43:29.441 30584 30597 I art     : Explicit concurrent mark sweep GC freed 570(31KB) AllocSpace objects, 0(0B) LOS objects, 40% free, 23MB/39MB, paused 212us total 16.755ms
08-05 23:43:29.447 30584 30584 D MainActivity: getLastNavFragment() -> QueueFragment
08-05 23:43:29.485 13866 13866 I GoogleInputMethodServic: GoogleInputMethodService.onFinishInput():3138 
08-05 23:43:29.486 13866 13866 I GoogleInputMethodServic: GoogleInputMethodService.onStartInput():1808 
08-05 23:43:29.699 30584 31025 I art     : Starting a blocking GC Explicit
08-05 23:43:29.722 30584 31025 I art     : Explicit concurrent mark sweep GC freed 2793(155KB) AllocSpace objects, 1(20KB) LOS objects, 40% free, 23MB/39MB, paused 219us total 22.924ms
08-05 23:43:29.734 30584 31025 I art     : Starting a blocking GC Explicit
08-05 23:43:29.753 30584 31025 I art     : Explicit concurrent mark sweep GC freed 614(39KB) AllocSpace objects, 0(0B) LOS objects, 40% free, 23MB/39MB, paused 215us total 19.268ms
08-05 23:43:29.756   380   380 W SurfaceFlinger: couldn't log to binary event log: overflow.
08-05 23:43:29.763 30584 31025 I art     : Starting a blocking GC Explicit
08-05 23:43:29.781 30584 31025 I art     : Explicit concurrent mark sweep GC freed 543(23KB) AllocSpace objects, 0(0B) LOS objects, 40% free, 23MB/39MB, paused 202us total 18.082ms
08-05 23:43:29.789 30584 31025 I art     : Starting a blocking GC Explicit
08-05 23:43:29.805 30584 31025 I art     : Explicit concurrent mark sweep GC freed 6224(389KB) AllocSpace objects, 11(308KB) LOS objects, 40% free, 22MB/38MB, paused 230us total 15.636ms
08-05 23:43:29.812 30584 31025 I art     : Starting a blocking GC Explicit
08-05 23:43:29.828 30584 31025 I art     : Explicit concurrent mark sweep GC freed 6(208B) AllocSpace objects, 0(0B) LOS objects, 40% free, 22MB/38MB, paused 216us total 15.817ms
08-05 23:43:30.102 30584 30617 I art     : Starting a blocking GC Explicit
08-05 23:43:30.123 30584 30617 I art     : Explicit concurrent mark sweep GC freed 1367(82KB) AllocSpace objects, 1(20KB) LOS objects, 40% free, 22MB/38MB, paused 220us total 20.023ms
08-05 23:43:30.131 30584 30617 I art     : Starting a blocking GC Explicit
08-05 23:43:30.148 30584 30617 I art     : Explicit concurrent mark sweep GC freed 23(752B) AllocSpace objects, 0(0B) LOS objects, 40% free, 22MB/38MB, paused 219us total 17.290ms
08-05 23:43:30.157 30584 30617 I art     : Starting a blocking GC Explicit
08-05 23:43:30.174 30584 30617 I art     : Explicit concurrent mark sweep GC freed 3(96B) AllocSpace objects, 0(0B) LOS objects, 40% free, 22MB/38MB, paused 210us total 16.639ms
08-05 23:43:30.182 30584 30617 I art     : Starting a blocking GC Explicit
08-05 23:43:30.199 30584 30617 I art     : Explicit concurrent mark sweep GC freed 3(96B) AllocSpace objects, 0(0B) LOS objects, 40% free, 22MB/38MB, paused 217us total 16.835ms
08-05 23:43:30.207 30584 30617 I art     : Starting a blocking GC Explicit
08-05 23:43:30.224 30584 30617 I art     : Explicit concurrent mark sweep GC freed 3(96B) AllocSpace objects, 0(0B) LOS objects, 40% free, 22MB/38MB, paused 211us total 16.563ms
08-05 23:43:30.501 30584 30596 I art     : Starting a blocking GC Explicit
08-05 23:43:30.526 30584 30596 I art     : Explicit concurrent mark sweep GC freed 1364(80KB) AllocSpace objects, 1(20KB) LOS objects, 40% free, 22MB/38MB, paused 271us total 24.402ms
08-05 23:43:30.537 30584 30596 I art     : Starting a blocking GC Explicit
08-05 23:43:30.554 30584 30596 I art     : Explicit concurrent mark sweep GC freed 23(752B) AllocSpace objects, 0(0B) LOS objects, 40% free, 22MB/38MB, paused 224us total 16.870ms
08-05 23:43:30.563 30584 30596 I art     : Starting a blocking GC Explicit
08-05 23:43:30.580 30584 30596 I art     : Explicit concurrent mark sweep GC freed 3(96B) AllocSpace objects, 0(0B) LOS objects, 40% free, 22MB/38MB, paused 224us total 16.797ms
08-05 23:43:30.588 30584 30596 I art     : Starting a blocking GC Explicit
08-05 23:43:30.604 30584 30596 I art     : Explicit concurrent mark sweep GC freed 32(880B) AllocSpace objects, 0(0B) LOS objects, 40% free, 22MB/38MB, paused 215us total 16.206ms
08-05 23:43:30.612 30584 30596 I art     : Starting a blocking GC Explicit
08-05 23:43:30.629 30584 30596 I art     : Explicit concurrent mark sweep GC freed 3(96B) AllocSpace objects, 0(0B) LOS objects, 40% free, 22MB/38MB, paused 237us total 16.335ms
08-05 23:43:30.881 30584 31162 I art     : Starting a blocking GC Explicit
08-05 23:43:30.898 30584 31162 I art     : Explicit concurrent mark sweep GC freed 1363(80KB) AllocSpace objects, 1(20KB) LOS objects, 40% free, 22MB/38MB, paused 235us total 16.974ms
08-05 23:43:30.906 30584 31162 I art     : Starting a blocking GC Explicit
08-05 23:43:30.924 30584 31162 I art     : Explicit concurrent mark sweep GC freed 23(752B) AllocSpace objects, 0(0B) LOS objects, 40% free, 22MB/38MB, paused 236us total 16.990ms
08-05 23:43:30.932 30584 31162 I art     : Starting a blocking GC Explicit
08-05 23:43:30.948 30584 31162 I art     : Explicit concurrent mark sweep GC freed 3(96B) AllocSpace objects, 0(0B) LOS objects, 40% free, 22MB/38MB, paused 222us total 16.173ms
08-05 23:43:30.956 30584 31162 I art     : Starting a blocking GC Explicit
08-05 23:43:30.972 30584 31162 I art     : Explicit concurrent mark sweep GC freed 3(96B) AllocSpace objects, 0(0B) LOS objects, 40% free, 22MB/38MB, paused 223us total 15.971ms
08-05 23:43:30.980 30584 31162 I art     : Starting a blocking GC Explicit
08-05 23:43:30.996 30584 31162 I art     : Explicit concurrent mark sweep GC freed 3(96B) AllocSpace objects, 0(0B) LOS objects, 40% free, 22MB/38MB, paused 231us total 16.013ms
08-05 23:43:31.021 31185 31185 D AndroidRuntime: >>>>>> START com.android.internal.os.RuntimeInit uid 2000 <<<<<<
08-05 23:43:31.026 31185 31185 D AndroidRuntime: CheckJNI is OFF
08-05 23:43:31.059 31185 31185 D ICU     : No timezone override file found: /data/misc/zoneinfo/current/icu/icu_tzdata.dat
08-05 23:43:31.070   918  1209 D NetworkMonitor/NetworkAgentInfo [WIFI () - 159]: Checking http://connectivitycheck.gstatic.com/generate_204 on "H369AA63323", 192.168.2.12=192.168.2.12
08-05 23:43:31.091 31185 31185 I Radio-JNI: register_android_hardware_Radio DONE
08-05 23:43:31.114 31185 31185 D AndroidRuntime: Calling main entry com.android.commands.input.Input
08-05 23:43:31.116 31185 31185 I Input   : injectMotionEvent: MotionEvent { action=ACTION_DOWN, actionButton=0, id[0]=0, x[0]=103.0, y[0]=192.0, toolType[0]=TOOL_TYPE_UNKNOWN, buttonState=0, metaState=0, flags=0x0, edgeFlags=0x0, pointerCount=1, historySize=0, eventTime=834227529, downTime=834227529, deviceId=0, source=0x1002 }
08-05 23:43:31.122 31185 31185 I Input   : injectMotionEvent: MotionEvent { action=ACTION_UP, actionButton=0, id[0]=0, x[0]=103.0, y[0]=192.0, toolType[0]=TOOL_TYPE_UNKNOWN, buttonState=0, metaState=0, flags=0x0, edgeFlags=0x0, pointerCount=1, historySize=0, eventTime=834227529, downTime=834227529, deviceId=0, source=0x1002 }
08-05 23:43:31.123 31185 31185 D AndroidRuntime: Shutting down VM
08-05 23:43:31.127   512  2967 D audio_hw_primary: out_set_parameters: enter: usecase(1: low-latency-playback) kvpairs: routing=2
08-05 23:43:31.140   512  2967 D audio_hw_primary: select_devices: out_snd_device(2: speaker) in_snd_device(0: none)
08-05 23:43:31.140   512  2967 D msm8974_platform: platform_send_audio_calibration: sending audio calibration for snd_device(2) acdb_id(15)
08-05 23:43:31.140   512  2967 I soundtrigger: audio_extn_sound_trigger_update_device_status: device 0x2 of type 0 for Event 1
08-05 23:43:31.153   512  2967 D audio_hw_primary: enable_snd_device: snd_device(2: speaker)
08-05 23:43:31.155   512  2967 D audio_hw_primary: enable_audio_route: apply and update mixer path: low-latency-playback speaker
08-05 23:43:31.163 13866 13866 I GoogleInputMethodServic: GoogleInputMethodService.onFinishInput():3138 
08-05 23:43:31.164 13866 13866 I GoogleInputMethodServic: GoogleInputMethodService.onStartInput():1808 
08-05 23:43:31.195   918  1209 D NetworkMonitor/NetworkAgentInfo [WIFI () - 159]: Probably not a portal: exception java.io.IOException: unexpected end of stream on Connection{connectivitycheck.gstatic.com:80, proxy=HTTP@/192.168.2.12:8080 hostAddress=192.168.2.12 cipherSuite=none protocol=http/1.1} (recycle count=0)
08-05 23:43:31.196   918  3263 D ConnectivityService: NetworkAgentInfo [WIFI () - 159] validation failed
08-05 23:43:31.197   918  3261 E WifiConfigStore:  rewrite network history for "H369AA63323"WPA_PSK
08-05 23:43:31.235 30584 31025 I art     : Starting a blocking GC Explicit
08-05 23:43:31.254 30584 31025 I art     : Explicit concurrent mark sweep GC freed 1857(104KB) AllocSpace objects, 1(20KB) LOS objects, 40% free, 22MB/38MB, paused 231us total 18.206ms
08-05 23:43:31.262 30584 31025 I art     : Starting a blocking GC Explicit
08-05 23:43:31.280 30584 31025 I art     : Explicit concurrent mark sweep GC freed 84(5KB) AllocSpace objects, 0(0B) LOS objects, 40% free, 22MB/38MB, paused 225us total 18.151ms
08-05 23:43:31.289 30584 31025 I art     : Starting a blocking GC Explicit
08-05 23:43:31.306 30584 31025 I art     : Explicit concurrent mark sweep GC freed 3(96B) AllocSpace objects, 0(0B) LOS objects, 40% free, 22MB/38MB, paused 213us total 16.667ms
08-05 23:43:31.314 30584 31025 I art     : Starting a blocking GC Explicit
08-05 23:43:31.331 30584 31025 I art     : Explicit concurrent mark sweep GC freed 3(96B) AllocSpace objects, 0(0B) LOS objects, 40% free, 22MB/38MB, paused 203us total 16.301ms
08-05 23:43:31.339 30584 31025 I art     : Starting a blocking GC Explicit
08-05 23:43:31.354 30584 31025 I art     : Explicit concurrent mark sweep GC freed 5(160B) AllocSpace objects, 0(0B) LOS objects, 40% free, 22MB/38MB, paused 211us total 15.372ms
08-05 23:43:31.612 30584 31162 I art     : Starting a blocking GC Explicit
08-05 23:43:31.630 30584 31162 I art     : Explicit concurrent mark sweep GC freed 1396(82KB) AllocSpace objects, 1(20KB) LOS objects, 40% free, 22MB/38MB, paused 211us total 17.719ms
08-05 23:43:31.638 30584 31162 I art     : Starting a blocking GC Explicit
08-05 23:43:31.655 30584 31162 I art     : Explicit concurrent mark sweep GC freed 31(1008B) AllocSpace objects, 0(0B) LOS objects, 40% free, 22MB/38MB, paused 221us total 16.397ms
08-05 23:43:31.663 30584 31162 I art     : Starting a blocking GC Explicit
08-05 23:43:31.680 30584 31162 I art     : Explicit concurrent mark sweep GC freed 3(96B) AllocSpace objects, 0(0B) LOS objects, 40% free, 22MB/38MB, paused 221us total 16.877ms
08-05 23:43:31.688   512  2967 D audio_hw_primary: disable_audio_route: reset and update mixer path: low-latency-playback speaker
08-05 23:43:31.689 30584 31162 I art     : Starting a blocking GC Explicit
08-05 23:43:31.689   512  2967 D audio_hw_primary: disable_snd_device: snd_device(2: speaker)
08-05 23:43:31.698   512  2967 I soundtrigger: audio_extn_sound_trigger_update_device_status: device 0x2 of type 0 for Event 0
08-05 23:43:31.705 30584 31162 I art     : Explicit concurrent mark sweep GC freed 3(96B) AllocSpace objects, 0(0B) LOS objects, 40% free, 22MB/38MB, paused 221us total 15.957ms
08-05 23:43:31.713 30584 31162 I art     : Starting a blocking GC Explicit
08-05 23:43:31.730 30584 31162 I art     : Explicit concurrent mark sweep GC freed 3(96B) AllocSpace objects, 0(0B) LOS objects, 40% free, 22MB/38MB, paused 203us total 16.494ms
08-05 23:43:32.001 30584 30617 I art     : Starting a blocking GC Explicit
08-05 23:43:32.022 30584 30617 I art     : Explicit concurrent mark sweep GC freed 1363(82KB) AllocSpace objects, 1(20KB) LOS objects, 40% free, 22MB/38MB, paused 229us total 20.725ms
08-05 23:43:32.032 30584 30617 I art     : Starting a blocking GC Explicit
08-05 23:43:32.049 30584 30617 I art     : Explicit concurrent mark sweep GC freed 25(816B) AllocSpace objects, 0(0B) LOS objects, 40% free, 22MB/38MB, paused 211us total 16.929ms
08-05 23:43:32.058 30584 30617 I art     : Starting a blocking GC Explicit
08-05 23:43:32.075 30584 30617 I art     : Explicit concurrent mark sweep GC freed 3(96B) AllocSpace objects, 0(0B) LOS objects, 40% free, 22MB/38MB, paused 208us total 16.903ms
08-05 23:43:32.083 30584 30617 I art     : Starting a blocking GC Explicit
08-05 23:43:32.100 30584 30617 I art     : Explicit concurrent mark sweep GC freed 3(96B) AllocSpace objects, 0(0B) LOS objects, 40% free, 22MB/38MB, paused 209us total 17.051ms
08-05 23:43:32.108 30584 30617 I art     : Starting a blocking GC Explicit
08-05 23:43:32.125 30584 30617 I art     : Explicit concurrent mark sweep GC freed 3(96B) AllocSpace objects, 0(0B) LOS objects, 40% free, 22MB/38MB, paused 222us total 16.353ms
08-05 23:43:32.401 30584 30596 I art     : Starting a blocking GC Explicit
08-05 23:43:32.419 30584 30596 I art     : Explicit concurrent mark sweep GC freed 1362(80KB) AllocSpace objects, 1(20KB) LOS objects, 40% free, 22MB/38MB, paused 267us total 17.723ms
08-05 23:43:32.427 30584 30596 I art     : Starting a blocking GC Explicit
08-05 23:43:32.443 30584 30596 I art     : Explicit concurrent mark sweep GC freed 23(752B) AllocSpace objects, 0(0B) LOS objects, 40% free, 22MB/38MB, paused 232us total 16.562ms
08-05 23:43:32.452 30584 30596 I art     : Starting a blocking GC Explicit
08-05 23:43:32.469 30584 30596 I art     : Explicit concurrent mark sweep GC freed 3(96B) AllocSpace objects, 0(0B) LOS objects, 40% free, 22MB/38MB, paused 233us total 16.932ms
08-05 23:43:32.477 30584 30596 I art     : Starting a blocking GC Explicit
08-05 23:43:32.493 30584 30596 I art     : Explicit concurrent mark sweep GC freed 3(96B) AllocSpace objects, 0(0B) LOS objects, 40% free, 22MB/38MB, paused 217us total 16.107ms
08-05 23:43:32.501 30584 30596 I art     : Starting a blocking GC Explicit
08-05 23:43:32.517 30584 30596 I art     : Explicit concurrent mark sweep GC freed 3(96B) AllocSpace objects, 0(0B) LOS objects, 40% free, 22MB/38MB, paused 250us total 16.371ms
08-05 23:43:32.779 30584 31162 I art     : Starting a blocking GC Explicit
08-05 23:43:32.783 31249 31249 D AndroidRuntime: >>>>>> START com.android.internal.os.RuntimeInit uid 2000 <<<<<<
08-05 23:43:32.789 31249 31249 D AndroidRuntime: CheckJNI is OFF
08-05 23:43:32.798 30584 31162 I art     : Explicit concurrent mark sweep GC freed 1396(80KB) AllocSpace objects, 1(20KB) LOS objects, 40% free, 22MB/38MB, paused 219us total 18.318ms
08-05 23:43:32.806 30584 31162 I art     : Starting a blocking GC Explicit
08-05 23:43:32.821 30584 31162 I art     : Explicit concurrent mark sweep GC freed 25(816B) AllocSpace objects, 0(0B) LOS objects, 40% free, 22MB/38MB, paused 232us total 15.054ms
08-05 23:43:32.823 31249 31249 D ICU     : No timezone override file found: /data/misc/zoneinfo/current/icu/icu_tzdata.dat
08-05 23:43:32.828 30584 31162 I art     : Starting a blocking GC Explicit
08-05 23:43:32.837   918  3261 D WifiStateMachine: starting scan for "H369AA63323"WPA_PSK with 2412,5180
08-05 23:43:32.844 30584 31162 I art     : Explicit concurrent mark sweep GC freed 5(160B) AllocSpace objects, 0(0B) LOS objects, 40% free, 22MB/38MB, paused 300us total 15.495ms
08-05 23:43:32.851 30584 31162 I art     : Starting a blocking GC Explicit
08-05 23:43:32.856 31249 31249 I Radio-JNI: register_android_hardware_Radio DONE
08-05 23:43:32.856   918  1210 D NetlinkSocketObserver: NeighborEvent{elapsedMs=1817616731, 192.168.2.254, [7C3953A63323], RTM_NEWNEIGH, NUD_REACHABLE}
08-05 23:43:32.867 30584 31162 I art     : Explicit concurrent mark sweep GC freed 6(192B) AllocSpace objects, 0(0B) LOS objects, 40% free, 22MB/38MB, paused 210us total 15.897ms
08-05 23:43:32.875 30584 31162 I art     : Starting a blocking GC Explicit
08-05 23:43:32.877 31249 31249 D AndroidRuntime: Calling main entry com.android.commands.input.Input
08-05 23:43:32.880 31249 31249 I Input   : injectMotionEvent: MotionEvent { action=ACTION_DOWN, actionButton=0, id[0]=0, x[0]=409.0, y[0]=1034.0, toolType[0]=TOOL_TYPE_UNKNOWN, buttonState=0, metaState=0, flags=0x0, edgeFlags=0x0, pointerCount=1, historySize=0, eventTime=834229292, downTime=834229292, deviceId=0, source=0x1002 }
08-05 23:43:32.885 31249 31249 I Input   : injectMotionEvent: MotionEvent { action=ACTION_UP, actionButton=0, id[0]=0, x[0]=409.0, y[0]=1034.0, toolType[0]=TOOL_TYPE_UNKNOWN, buttonState=0, metaState=0, flags=0x0, edgeFlags=0x0, pointerCount=1, historySize=0, eventTime=834229292, downTime=834229292, deviceId=0, source=0x1002 }
08-05 23:43:32.888 31249 31249 D AndroidRuntime: Shutting down VM
08-05 23:43:32.891 30584 31162 I art     : Explicit concurrent mark sweep GC freed 23(672B) AllocSpace objects, 0(0B) LOS objects, 40% free, 22MB/38MB, paused 230us total 15.557ms
08-05 23:43:32.960 30584 30584 D MainActivity: loadFragment(index: 5, args: null)
08-05 23:43:32.960 30584 30584 D MainActivity: loadFragment(tag: AddFeedFragment, args: null)
08-05 23:43:32.960 30584 30584 D MainActivity: saveLastNavFragment(tag: AddFeedFragment)
08-05 23:43:32.961 30584 30584 D MainActivity: getLastNavFragment() -> AddFeedFragment
08-05 23:43:32.962   512  2967 D audio_hw_primary: out_set_parameters: enter: usecase(1: low-latency-playback) kvpairs: routing=2
08-05 23:43:32.974   512  2967 D audio_hw_primary: select_devices: out_snd_device(2: speaker) in_snd_device(0: none)
08-05 23:43:32.974   512  2967 D msm8974_platform: platform_send_audio_calibration: sending audio calibration for snd_device(2) acdb_id(15)
08-05 23:43:32.975   512  2967 I soundtrigger: audio_extn_sound_trigger_update_device_status: device 0x2 of type 0 for Event 1
08-05 23:43:32.984   512  2967 D audio_hw_primary: enable_snd_device: snd_device(2: speaker)
08-05 23:43:32.986   512  2967 D audio_hw_primary: enable_audio_route: apply and update mixer path: low-latency-playback speaker
08-05 23:43:33.138 30584 31162 I art     : Starting a blocking GC Explicit
08-05 23:43:33.156 30584 31162 I art     : Explicit concurrent mark sweep GC freed 3477(208KB) AllocSpace objects, 2(40KB) LOS objects, 40% free, 23MB/38MB, paused 230us total 18.101ms
08-05 23:43:33.165 30584 31162 I art     : Starting a blocking GC Explicit
08-05 23:43:33.182 30584 31162 I art     : Explicit concurrent mark sweep GC freed 1365(82KB) AllocSpace objects, 2(56KB) LOS objects, 40% free, 22MB/38MB, paused 209us total 16.921ms
08-05 23:43:33.190 30584 31162 I art     : Starting a blocking GC Explicit
08-05 23:43:33.206 30584 31162 I art     : Explicit concurrent mark sweep GC freed 3(96B) AllocSpace objects, 0(0B) LOS objects, 40% free, 22MB/38MB, paused 215us total 16.542ms
08-05 23:43:33.214 30584 31162 I art     : Starting a blocking GC Explicit
08-05 23:43:33.231 30584 31162 I art     : Explicit concurrent mark sweep GC freed 3(96B) AllocSpace objects, 0(0B) LOS objects, 40% free, 22MB/38MB, paused 251us total 15.988ms
08-05 23:43:33.238 30584 31162 I art     : Starting a blocking GC Explicit
08-05 23:43:33.254 30584 31162 I art     : Explicit concurrent mark sweep GC freed 3(96B) AllocSpace objects, 0(0B) LOS objects, 40% free, 22MB/38MB, paused 215us total 15.217ms
08-05 23:43:33.405 13866 13866 I GoogleInputMethodServic: GoogleInputMethodService.onFinishInput():3138 
08-05 23:43:33.406 13866 13866 I GoogleInputMethodServic: GoogleInputMethodService.onStartInput():1808 
08-05 23:43:33.528   512  2967 D audio_hw_primary: disable_audio_route: reset and update mixer path: low-latency-playback speaker
08-05 23:43:33.529   512  2967 D audio_hw_primary: disable_snd_device: snd_device(2: speaker)
08-05 23:43:33.530 30584 30596 I art     : Starting a blocking GC Explicit
08-05 23:43:33.537   512  2967 I soundtrigger: audio_extn_sound_trigger_update_device_status: device 0x2 of type 0 for Event 0
08-05 23:43:33.548 30584 30596 I art     : Explicit concurrent mark sweep GC freed 1492(85KB) AllocSpace objects, 1(20KB) LOS objects, 40% free, 22MB/38MB, paused 206us total 18.536ms
08-05 23:43:33.557 30584 30596 I art     : Starting a blocking GC Explicit
08-05 23:43:33.576 30584 30596 I art     : Explicit concurrent mark sweep GC freed 125(6KB) AllocSpace objects, 0(0B) LOS objects, 40% free, 22MB/38MB, paused 254us total 18.306ms
08-05 23:43:33.584 30584 30596 I art     : Starting a blocking GC Explicit
08-05 23:43:33.600 30584 30596 I art     : Explicit concurrent mark sweep GC freed 32(880B) AllocSpace objects, 0(0B) LOS objects, 40% free, 22MB/38MB, paused 207us total 16.167ms
08-05 23:43:33.608 30584 30596 I art     : Starting a blocking GC Explicit
08-05 23:43:33.624 30584 30596 I art     : Explicit concurrent mark sweep GC freed 3(96B) AllocSpace objects, 0(0B) LOS objects, 40% free, 22MB/38MB, paused 228us total 16.174ms
08-05 23:43:33.632 30584 30596 I art     : Starting a blocking GC Explicit
08-05 23:43:33.649 30584 30596 I art     : Explicit concurrent mark sweep GC freed 3(96B) AllocSpace objects, 0(0B) LOS objects, 40% free, 22MB/38MB, paused 200us total 16.192ms
08-05 23:43:33.931 30584 30617 I art     : Starting a blocking GC Explicit
08-05 23:43:33.950 30584 30617 I art     : Explicit concurrent mark sweep GC freed 1363(80KB) AllocSpace objects, 1(20KB) LOS objects, 40% free, 22MB/38MB, paused 213us total 18.158ms
08-05 23:43:33.960 30584 30617 I art     : Starting a blocking GC Explicit
08-05 23:43:33.977 30584 30617 I art     : Explicit concurrent mark sweep GC freed 25(816B) AllocSpace objects, 0(0B) LOS objects, 40% free, 22MB/38MB, paused 203us total 16.411ms
08-05 23:43:33.984 30584 30617 I art     : Starting a blocking GC Explicit
08-05 23:43:34.001 30584 30617 I art     : Explicit concurrent mark sweep GC freed 3(96B) AllocSpace objects, 0(0B) LOS objects, 40% free, 22MB/38MB, paused 209us total 16.583ms
08-05 23:43:34.009 30584 30617 I art     : Starting a blocking GC Explicit
08-05 23:43:34.025 30584 30617 I art     : Explicit concurrent mark sweep GC freed 3(96B) AllocSpace objects, 0(0B) LOS objects, 40% free, 22MB/38MB, paused 200us total 15.608ms
08-05 23:43:34.033 30584 30617 I art     : Starting a blocking GC Explicit
08-05 23:43:34.049 30584 30617 I art     : Explicit concurrent mark sweep GC freed 3(96B) AllocSpace objects, 0(0B) LOS objects, 40% free, 22MB/38MB, paused 207us total 16.410ms
08-05 23:43:34.292 30584 30597 I art     : Starting a blocking GC Explicit
08-05 23:43:34.307 30584 30597 I art     : Explicit concurrent mark sweep GC freed 1362(80KB) AllocSpace objects, 1(20KB) LOS objects, 40% free, 22MB/38MB, paused 259us total 14.658ms
08-05 23:43:34.314 30584 30597 I art     : Starting a blocking GC Explicit
08-05 23:43:34.330 30584 30597 I art     : Explicit concurrent mark sweep GC freed 23(752B) AllocSpace objects, 0(0B) LOS objects, 40% free, 22MB/38MB, paused 210us total 15.550ms
08-05 23:43:34.337 30584 30597 I art     : Starting a blocking GC Explicit
08-05 23:43:34.352 30584 30597 I art     : Explicit concurrent mark sweep GC freed 3(96B) AllocSpace objects, 0(0B) LOS objects, 40% free, 22MB/38MB, paused 209us total 14.905ms
08-05 23:43:34.359 30584 30597 I art     : Starting a blocking GC Explicit
08-05 23:43:34.374 30584 30597 I art     : Explicit concurrent mark sweep GC freed 3(96B) AllocSpace objects, 0(0B) LOS objects, 40% free, 22MB/38MB, paused 208us total 14.782ms
08-05 23:43:34.382 30584 30597 I art     : Starting a blocking GC Explicit
08-05 23:43:34.397 30584 30597 I art     : Explicit concurrent mark sweep GC freed 3(96B) AllocSpace objects, 0(0B) LOS objects, 40% free, 22MB/38MB, paused 266us total 14.907ms
08-05 23:43:34.530 31302 31302 D AndroidRuntime: >>>>>> START com.android.internal.os.RuntimeInit uid 2000 <<<<<<
08-05 23:43:34.535 31302 31302 D AndroidRuntime: CheckJNI is OFF
08-05 23:43:34.567 31302 31302 D ICU     : No timezone override file found: /data/misc/zoneinfo/current/icu/icu_tzdata.dat
08-05 23:43:34.600 31302 31302 I Radio-JNI: register_android_hardware_Radio DONE
08-05 23:43:34.622 31302 31302 D AndroidRuntime: Calling main entry com.android.commands.input.Input
08-05 23:43:34.625 31302 31302 I Input   : injectMotionEvent: MotionEvent { action=ACTION_DOWN, actionButton=0, id[0]=0, x[0]=567.0, y[0]=714.0, toolType[0]=TOOL_TYPE_UNKNOWN, buttonState=0, metaState=0, flags=0x0, edgeFlags=0x0, pointerCount=1, historySize=0, eventTime=834231037, downTime=834231037, deviceId=0, source=0x1002 }
08-05 23:43:34.632 31302 31302 I Input   : injectMotionEvent: MotionEvent { action=ACTION_UP, actionButton=0, id[0]=0, x[0]=567.0, y[0]=714.0, toolType[0]=TOOL_TYPE_UNKNOWN, buttonState=0, metaState=0, flags=0x0, edgeFlags=0x0, pointerCount=1, historySize=0, eventTime=834231037, downTime=834231037, deviceId=0, source=0x1002 }
08-05 23:43:34.635 31302 31302 D AndroidRuntime: Shutting down VM
08-05 23:43:34.650   512  2967 D audio_hw_primary: out_set_parameters: enter: usecase(1: low-latency-playback) kvpairs: routing=2
08-05 23:43:34.663   512  2967 D audio_hw_primary: select_devices: out_snd_device(2: speaker) in_snd_device(0: none)
08-05 23:43:34.663   512  2967 D msm8974_platform: platform_send_audio_calibration: sending audio calibration for snd_device(2) acdb_id(15)
08-05 23:43:34.663   512  2967 I soundtrigger: audio_extn_sound_trigger_update_device_status: device 0x2 of type 0 for Event 1
08-05 23:43:34.672 30584 31150 D AntennapodHttpClient: Creating new instance of HTTP client
08-05 23:43:34.674   512  2967 D audio_hw_primary: enable_snd_device: snd_device(2: speaker)
08-05 23:43:34.676   512  2967 D audio_hw_primary: enable_audio_route: apply and update mixer path: low-latency-playback speaker
08-05 23:43:34.682 30584 30596 I art     : Starting a blocking GC Explicit
08-05 23:43:34.682 13866 13866 I GoogleInputMethodServic: GoogleInputMethodService.onFinishInput():3138 
08-05 23:43:34.683 13866 13866 I GoogleInputMethodServic: GoogleInputMethodService.onStartInput():1808 
08-05 23:43:34.703 30584 30596 I art     : Explicit concurrent mark sweep GC freed 4383(272KB) AllocSpace objects, 1(20KB) LOS objects, 40% free, 23MB/39MB, paused 556us total 20.978ms
08-05 23:43:34.712 30584 30596 I art     : Starting a blocking GC Explicit
08-05 23:43:34.731 30584 30596 I art     : Explicit concurrent mark sweep GC freed 407(27KB) AllocSpace objects, 0(0B) LOS objects, 40% free, 23MB/39MB, paused 307us total 18.633ms
08-05 23:43:34.739 30584 30596 I art     : Starting a blocking GC Explicit
08-05 23:43:34.755 30584 30596 I art     : Explicit concurrent mark sweep GC freed 1411(73KB) AllocSpace objects, 1(220KB) LOS objects, 40% free, 23MB/38MB, paused 541us total 16.121ms
08-05 23:43:34.763 30584 30596 I art     : Starting a blocking GC Explicit
08-05 23:43:34.780 30584 30596 I art     : Explicit concurrent mark sweep GC freed 124(12KB) AllocSpace objects, 0(0B) LOS objects, 40% free, 23MB/38MB, paused 382us total 16.765ms
08-05 23:43:34.787 30584 30596 I art     : Starting a blocking GC Explicit
08-05 23:43:34.804 30584 30596 I art     : Explicit concurrent mark sweep GC freed 24(1168B) AllocSpace objects, 0(0B) LOS objects, 40% free, 23MB/38MB, paused 262us total 16.242ms
08-05 23:43:35.035 30584 30597 I art     : Starting a blocking GC Explicit
08-05 23:43:35.048 30584 31150 I NAPPA_EXPERIMENTATION: MetricNetworkRequestExecutionTime: REQUEST_DURATION_SYSTEM='357',REQUEST_DURATION_OKHTTP='149',REQUEST_SYNCHRONOUS='TRUE',RESPONSE_CODE='400',RESPONSE_METHOD='GET',RESPONSE_LENGTH_OKHTTP='0',RESPONSE_LENGTH_HEADER='0',REQUEST_PROTOCOL='h2',REQUEST_URL='https://itunes.apple.com/en/rss/toppodcasts/limit=25/explicit=true/json',
08-05 23:43:35.056 30584 30597 I art     : Explicit concurrent mark sweep GC freed 9248(494KB) AllocSpace objects, 4(220KB) LOS objects, 40% free, 23MB/39MB, paused 393us total 21.484ms
08-05 23:43:35.065 30584 30597 I art     : Starting a blocking GC Explicit
08-05 23:43:35.082 30584 30597 I art     : Explicit concurrent mark sweep GC freed 1127(124KB) AllocSpace objects, 0(0B) LOS objects, 40% free, 23MB/39MB, paused 293us total 17.340ms
08-05 23:43:35.090 30584 30597 I art     : Starting a blocking GC Explicit
08-05 23:43:35.108 30584 30597 I art     : Explicit concurrent mark sweep GC freed 10(352B) AllocSpace objects, 0(0B) LOS objects, 40% free, 23MB/39MB, paused 557us total 17.539ms
08-05 23:43:35.116 30584 30597 I art     : Starting a blocking GC Explicit
08-05 23:43:35.134 30584 30597 I art     : Explicit concurrent mark sweep GC freed 11(416B) AllocSpace objects, 0(0B) LOS objects, 40% free, 23MB/39MB, paused 331us total 17.977ms
08-05 23:43:35.142 30584 30597 I art     : Starting a blocking GC Explicit
08-05 23:43:35.160 30584 30597 I art     : Explicit concurrent mark sweep GC freed 10(352B) AllocSpace objects, 0(0B) LOS objects, 40% free, 23MB/39MB, paused 318us total 17.835ms
08-05 23:43:35.184 30584 31150 I NAPPA_EXPERIMENTATION: MetricNetworkRequestExecutionTime: REQUEST_DURATION_SYSTEM='135',REQUEST_DURATION_OKHTTP='133',REQUEST_SYNCHRONOUS='TRUE',RESPONSE_CODE='200',RESPONSE_METHOD='GET',RESPONSE_LENGTH_OKHTTP='-1',RESPONSE_LENGTH_HEADER='10075',REQUEST_PROTOCOL='h2',REQUEST_URL='https://itunes.apple.com/us/rss/toppodcasts/limit=25/explicit=true/json',
08-05 23:43:35.200   918  1209 D NetworkMonitor/NetworkAgentInfo [WIFI () - 159]: Checking http://connectivitycheck.gstatic.com/generate_204 on "H369AA63323", 192.168.2.12=192.168.2.12
08-05 23:43:35.219   512  2967 D audio_hw_primary: disable_audio_route: reset and update mixer path: low-latency-playback speaker
08-05 23:43:35.221   512  2967 D audio_hw_primary: disable_snd_device: snd_device(2: speaker)
08-05 23:43:35.229   512  2967 I soundtrigger: audio_extn_sound_trigger_update_device_status: device 0x2 of type 0 for Event 0
08-05 23:43:35.230   918  1209 D NetworkMonitor/NetworkAgentInfo [WIFI () - 159]: Probably not a portal: exception java.io.IOException: unexpected end of stream on Connection{connectivitycheck.gstatic.com:80, proxy=HTTP@/192.168.2.12:8080 hostAddress=192.168.2.12 cipherSuite=none protocol=http/1.1} (recycle count=0)
08-05 23:43:35.231   918  3263 D ConnectivityService: NetworkAgentInfo [WIFI () - 159] validation failed
08-05 23:43:35.232   918  3261 E WifiConfigStore:  rewrite network history for "H369AA63323"WPA_PSK
08-05 23:43:35.253 30584 30584 D AntennapodHttpClient: Creating new instance of HTTP client
08-05 23:43:35.266 30584 31352 D ApOkHttpUrlLoader: buildLoadData() called with: model = [https://is4-ssl.mzstatic.com/image/thumb/Podcasts114/v4/3f/16/74/3f167426-bf50-ce3a-d709-e4301620fc5b/mza_5832671293059882550.jpeg/170x170bb.png], width = [224], height = [224]
08-05 23:43:35.271 30584 31353 D ApOkHttpUrlLoader: buildLoadData() called with: model = [https://is4-ssl.mzstatic.com/image/thumb/Podcasts113/v4/e5/8a/10/e58a108f-f5d0-f622-c94a-13f66edd570c/mza_3025981348644196724.jpg/170x170bb.png], width = [224], height = [224]
08-05 23:43:35.274 30584 31354 D ApOkHttpUrlLoader: buildLoadData() called with: model = [https://is2-ssl.mzstatic.com/image/thumb/Podcasts113/v4/a9/39/cc/a939ccc5-6d60-0c11-0a4c-16d71cdef89b/mza_8787577209688278658.jpg/170x170bb.png], width = [224], height = [224]
08-05 23:43:35.278 30584 31355 D ApOkHttpUrlLoader: buildLoadData() called with: model = [https://is5-ssl.mzstatic.com/image/thumb/Podcasts114/v4/93/cf/99/93cf9960-fff3-205e-6655-72c03ddeccb2/mza_10545582232493904175.jpeg/170x170bb.png], width = [224], height = [224]
08-05 23:43:35.280 30584 31356 D DBReader: getImageAuthentication() called with: imageUrl = [https://is4-ssl.mzstatic.com/image/thumb/Podcasts113/v4/e5/8a/10/e58a108f-f5d0-f622-c94a-13f66edd570c/mza_3025981348644196724.jpg/170x170bb.png]
08-05 23:43:35.281 30584 31353 D ApOkHttpUrlLoader: buildLoadData() called with: model = [https://is4-ssl.mzstatic.com/image/thumb/Podcasts124/v4/49/a4/91/49a491b7-3daf-c5dc-d7c6-6c4f1486955c/mza_5930014091766152297.png/170x170bb.png], width = [224], height = [224]
08-05 23:43:35.281 30584 31360 D DBReader: getImageAuthentication() called with: imageUrl = [https://is2-ssl.mzstatic.com/image/thumb/Podcasts113/v4/a9/39/cc/a939ccc5-6d60-0c11-0a4c-16d71cdef89b/mza_8787577209688278658.jpg/170x170bb.png]
08-05 23:43:35.281 30584 31358 D DBReader: getImageAuthentication() called with: imageUrl = [https://is4-ssl.mzstatic.com/image/thumb/Podcasts114/v4/3f/16/74/3f167426-bf50-ce3a-d709-e4301620fc5b/mza_5832671293059882550.jpeg/170x170bb.png]
08-05 23:43:35.283 30584 31361 D DBReader: getImageAuthentication() called with: imageUrl = [https://is5-ssl.mzstatic.com/image/thumb/Podcasts114/v4/93/cf/99/93cf9960-fff3-205e-6655-72c03ddeccb2/mza_10545582232493904175.jpeg/170x170bb.png]
08-05 23:43:35.283 30584 31362 D DBReader: getImageAuthentication() called with: imageUrl = [https://is4-ssl.mzstatic.com/image/thumb/Podcasts124/v4/49/a4/91/49a491b7-3daf-c5dc-d7c6-6c4f1486955c/mza_5930014091766152297.png/170x170bb.png]
08-05 23:43:35.284 30584 31352 D ApOkHttpUrlLoader: buildLoadData() called with: model = [https://is5-ssl.mzstatic.com/image/thumb/Podcasts113/v4/fd/54/6e/fd546ea0-7ab2-e3f0-6049-884d82917af9/mza_4855349695799758348.jpeg/170x170bb.png], width = [224], height = [224]
08-05 23:43:35.286 30584 31356 D ApOkHttpUrlLoader: no credentials for 'https://is4-ssl.mzstatic.com/image/thumb/Podcasts113/v4/e5/8a/10/e58a108f-f5d0-f622-c94a-13f66edd570c/mza_3025981348644196724.jpg/170x170bb.png'
08-05 23:43:35.287 30584 31360 D ApOkHttpUrlLoader: no credentials for 'https://is2-ssl.mzstatic.com/image/thumb/Podcasts113/v4/a9/39/cc/a939ccc5-6d60-0c11-0a4c-16d71cdef89b/mza_8787577209688278658.jpg/170x170bb.png'
08-05 23:43:35.287 30584 31363 D DBReader: getImageAuthentication() called with: imageUrl = [https://is5-ssl.mzstatic.com/image/thumb/Podcasts113/v4/fd/54/6e/fd546ea0-7ab2-e3f0-6049-884d82917af9/mza_4855349695799758348.jpeg/170x170bb.png]
08-05 23:43:35.288 30584 31354 D ApOkHttpUrlLoader: buildLoadData() called with: model = [https://is2-ssl.mzstatic.com/image/thumb/Podcasts114/v4/b3/4c/cf/b34ccfc2-cea4-1ca1-0fad-7793af301cc5/mza_2466085192629456364.jpg/170x170bb.png], width = [224], height = [224]
08-05 23:43:35.289 30584 31364 D DBReader: getImageAuthentication() called with: imageUrl = [https://is2-ssl.mzstatic.com/image/thumb/Podcasts114/v4/b3/4c/cf/b34ccfc2-cea4-1ca1-0fad-7793af301cc5/mza_2466085192629456364.jpg/170x170bb.png]
08-05 23:43:35.289 30584 31358 D ApOkHttpUrlLoader: no credentials for 'https://is4-ssl.mzstatic.com/image/thumb/Podcasts114/v4/3f/16/74/3f167426-bf50-ce3a-d709-e4301620fc5b/mza_5832671293059882550.jpeg/170x170bb.png'
08-05 23:43:35.290 30584 31361 D ApOkHttpUrlLoader: no credentials for 'https://is5-ssl.mzstatic.com/image/thumb/Podcasts114/v4/93/cf/99/93cf9960-fff3-205e-6655-72c03ddeccb2/mza_10545582232493904175.jpeg/170x170bb.png'
08-05 23:43:35.291 30584 31362 D ApOkHttpUrlLoader: no credentials for 'https://is4-ssl.mzstatic.com/image/thumb/Podcasts124/v4/49/a4/91/49a491b7-3daf-c5dc-d7c6-6c4f1486955c/mza_5930014091766152297.png/170x170bb.png'
08-05 23:43:35.291 30584 31363 D ApOkHttpUrlLoader: no credentials for 'https://is5-ssl.mzstatic.com/image/thumb/Podcasts113/v4/fd/54/6e/fd546ea0-7ab2-e3f0-6049-884d82917af9/mza_4855349695799758348.jpeg/170x170bb.png'
08-05 23:43:35.292 30584 31364 D ApOkHttpUrlLoader: no credentials for 'https://is2-ssl.mzstatic.com/image/thumb/Podcasts114/v4/b3/4c/cf/b34ccfc2-cea4-1ca1-0fad-7793af301cc5/mza_2466085192629456364.jpg/170x170bb.png'
08-05 23:43:35.410 30584 31162 I art     : Starting a blocking GC Explicit
08-05 23:43:35.437 30584 31162 I art     : Explicit concurrent mark sweep GC freed 15039(926KB) AllocSpace objects, 5(372KB) LOS objects, 39% free, 24MB/40MB, paused 681us total 26.786ms
08-05 23:43:35.449 30584 31162 I art     : Starting a blocking GC Explicit
08-05 23:43:35.470 30584 31162 I art     : Explicit concurrent mark sweep GC freed 807(64KB) AllocSpace objects, 0(0B) LOS objects, 39% free, 24MB/40MB, paused 698us total 21.096ms
08-05 23:43:35.478 30584 31162 I art     : Starting a blocking GC Explicit
08-05 23:43:35.503 30584 31162 I art     : Explicit concurrent mark sweep GC freed 19533(831KB) AllocSpace objects, 2(120KB) LOS objects, 39% free, 24MB/40MB, paused 724us total 24.444ms
08-05 23:43:35.512 30584 31162 I art     : Starting a blocking GC Explicit
08-05 23:43:35.536 30584 31162 I art     : Explicit concurrent mark sweep GC freed 7128(389KB) AllocSpace objects, 1(80KB) LOS objects, 39% free, 24MB/40MB, paused 842us total 23.562ms
08-05 23:43:35.544 30584 31162 I art     : Starting a blocking GC Explicit
08-05 23:43:35.565 30584 31162 I art     : Explicit concurrent mark sweep GC freed 365(113KB) AllocSpace objects, 0(0B) LOS objects, 39% free, 24MB/40MB, paused 731us total 20.845ms
08-05 23:43:35.716 30584 31363 D MYTAG   : interceptor 2a
08-05 23:43:35.716 30584 31363 I NAPPA_EXPERIMENTATION: MetricNetworkRequestExecutionTime: REQUEST_DURATION_SYSTEM='425',REQUEST_DURATION_OKHTTP='204',REQUEST_SYNCHRONOUS='TRUE',RESPONSE_CODE='200',RESPONSE_METHOD='GET',RESPONSE_LENGTH_OKHTTP='54835',RESPONSE_LENGTH_HEADER='54835',REQUEST_PROTOCOL='h2',REQUEST_URL='https://is5-ssl.mzstatic.com/image/thumb/Podcasts113/v4/fd/54/6e/fd546ea0-7ab2-e3f0-6049-884d82917af9/mza_4855349695799758348.jpeg/170x170bb.png',
08-05 23:43:35.734 30584 31360 D MYTAG   : interceptor 2a
08-05 23:43:35.734 30584 31360 I NAPPA_EXPERIMENTATION: MetricNetworkRequestExecutionTime: REQUEST_DURATION_SYSTEM='447',REQUEST_DURATION_OKHTTP='219',REQUEST_SYNCHRONOUS='TRUE',RESPONSE_CODE='200',RESPONSE_METHOD='GET',RESPONSE_LENGTH_OKHTTP='48239',RESPONSE_LENGTH_HEADER='48239',REQUEST_PROTOCOL='h2',REQUEST_URL='https://is2-ssl.mzstatic.com/image/thumb/Podcasts113/v4/a9/39/cc/a939ccc5-6d60-0c11-0a4c-16d71cdef89b/mza_8787577209688278658.jpg/170x170bb.png',
08-05 23:43:35.794 30584 31364 D MYTAG   : interceptor 2a
08-05 23:43:35.795 30584 31364 I NAPPA_EXPERIMENTATION: MetricNetworkRequestExecutionTime: REQUEST_DURATION_SYSTEM='502',REQUEST_DURATION_OKHTTP='271',REQUEST_SYNCHRONOUS='TRUE',RESPONSE_CODE='200',RESPONSE_METHOD='GET',RESPONSE_LENGTH_OKHTTP='42299',RESPONSE_LENGTH_HEADER='42299',REQUEST_PROTOCOL='h2',REQUEST_URL='https://is2-ssl.mzstatic.com/image/thumb/Podcasts114/v4/b3/4c/cf/b34ccfc2-cea4-1ca1-0fad-7793af301cc5/mza_2466085192629456364.jpg/170x170bb.png',
08-05 23:43:35.800 30584 31356 D MYTAG   : interceptor 2a
08-05 23:43:35.800 30584 31356 I NAPPA_EXPERIMENTATION: MetricNetworkRequestExecutionTime: REQUEST_DURATION_SYSTEM='514',REQUEST_DURATION_OKHTTP='273',REQUEST_SYNCHRONOUS='TRUE',RESPONSE_CODE='200',RESPONSE_METHOD='GET',RESPONSE_LENGTH_OKHTTP='45995',RESPONSE_LENGTH_HEADER='45995',REQUEST_PROTOCOL='h2',REQUEST_URL='https://is4-ssl.mzstatic.com/image/thumb/Podcasts113/v4/e5/8a/10/e58a108f-f5d0-f622-c94a-13f66edd570c/mza_3025981348644196724.jpg/170x170bb.png',
08-05 23:43:35.802 30584 31361 D MYTAG   : interceptor 2a
08-05 23:43:35.802 30584 31361 I NAPPA_EXPERIMENTATION: MetricNetworkRequestExecutionTime: REQUEST_DURATION_SYSTEM='512',REQUEST_DURATION_OKHTTP='271',REQUEST_SYNCHRONOUS='TRUE',RESPONSE_CODE='200',RESPONSE_METHOD='GET',RESPONSE_LENGTH_OKHTTP='22351',RESPONSE_LENGTH_HEADER='22351',REQUEST_PROTOCOL='h2',REQUEST_URL='https://is5-ssl.mzstatic.com/image/thumb/Podcasts114/v4/93/cf/99/93cf9960-fff3-205e-6655-72c03ddeccb2/mza_10545582232493904175.jpeg/170x170bb.png',
08-05 23:43:35.835 30584 31358 D MYTAG   : interceptor 2a
08-05 23:43:35.836 30584 31358 I NAPPA_EXPERIMENTATION: MetricNetworkRequestExecutionTime: REQUEST_DURATION_SYSTEM='546',REQUEST_DURATION_OKHTTP='303',REQUEST_SYNCHRONOUS='TRUE',RESPONSE_CODE='200',RESPONSE_METHOD='GET',RESPONSE_LENGTH_OKHTTP='26177',RESPONSE_LENGTH_HEADER='26177',REQUEST_PROTOCOL='h2',REQUEST_URL='https://is4-ssl.mzstatic.com/image/thumb/Podcasts114/v4/3f/16/74/3f167426-bf50-ce3a-d709-e4301620fc5b/mza_5832671293059882550.jpeg/170x170bb.png',
08-05 23:43:35.836 30584 31362 D MYTAG   : interceptor 2a
08-05 23:43:35.837 30584 31362 I NAPPA_EXPERIMENTATION: MetricNetworkRequestExecutionTime: REQUEST_DURATION_SYSTEM='545',REQUEST_DURATION_OKHTTP='305',REQUEST_SYNCHRONOUS='TRUE',RESPONSE_CODE='200',RESPONSE_METHOD='GET',RESPONSE_LENGTH_OKHTTP='12000',RESPONSE_LENGTH_HEADER='12000',REQUEST_PROTOCOL='h2',REQUEST_URL='https://is4-ssl.mzstatic.com/image/thumb/Podcasts124/v4/49/a4/91/49a491b7-3daf-c5dc-d7c6-6c4f1486955c/mza_5930014091766152297.png/170x170bb.png',
08-05 23:43:35.850 30584 30617 I art     : Starting a blocking GC Explicit
08-05 23:43:35.874 30584 30617 I art     : Explicit concurrent mark sweep GC freed 5143(309KB) AllocSpace objects, 1(20KB) LOS objects, 38% free, 26MB/42MB, paused 531us total 23.041ms
08-05 23:43:35.882 30584 30617 I art     : Starting a blocking GC Explicit
08-05 23:43:35.903 30584 30617 I art     : Explicit concurrent mark sweep GC freed 40(1680B) AllocSpace objects, 0(0B) LOS objects, 38% free, 26MB/42MB, paused 513us total 20.431ms
08-05 23:43:35.911 30584 30617 I art     : Starting a blocking GC Explicit
08-05 23:43:35.933 30584 30617 I art     : Explicit concurrent mark sweep GC freed 5(240B) AllocSpace objects, 0(0B) LOS objects, 38% free, 26MB/42MB, paused 541us total 21.123ms
08-05 23:43:35.941 30584 30617 I art     : Starting a blocking GC Explicit
08-05 23:43:35.962 30584 30617 I art     : Explicit concurrent mark sweep GC freed 3(96B) AllocSpace objects, 0(0B) LOS objects, 38% free, 26MB/42MB, paused 520us total 20.766ms
08-05 23:43:35.971 30584 30617 I art     : Starting a blocking GC Explicit
08-05 23:43:35.993 30584 30617 I art     : Explicit concurrent mark sweep GC freed 3(96B) AllocSpace objects, 0(0B) LOS objects, 38% free, 26MB/42MB, paused 520us total 22.132ms
08-05 23:43:36.279 30584 30596 I art     : Starting a blocking GC Explicit
08-05 23:43:36.307 30584 30596 I art     : Explicit concurrent mark sweep GC freed 1363(80KB) AllocSpace objects, 1(20KB) LOS objects, 38% free, 26MB/42MB, paused 565us total 28.167ms
08-05 23:43:36.319 30584 30596 I art     : Starting a blocking GC Explicit
08-05 23:43:36.344 30584 30596 I art     : Explicit concurrent mark sweep GC freed 23(752B) AllocSpace objects, 0(0B) LOS objects, 38% free, 26MB/42MB, paused 534us total 24.426ms
08-05 23:43:36.353 30584 30596 I art     : Starting a blocking GC Explicit
08-05 23:43:36.375 30584 30596 I art     : Explicit concurrent mark sweep GC freed 3(96B) AllocSpace objects, 0(0B) LOS objects, 38% free, 26MB/42MB, paused 525us total 21.706ms
08-05 23:43:36.384 30584 30596 I art     : Starting a blocking GC Explicit
08-05 23:43:36.406 30584 30596 I art     : Explicit concurrent mark sweep GC freed 3(96B) AllocSpace objects, 0(0B) LOS objects, 38% free, 26MB/42MB, paused 519us total 21.919ms
08-05 23:43:36.414 30584 30596 I art     : Starting a blocking GC Explicit
08-05 23:43:36.437 30584 30596 I art     : Explicit concurrent mark sweep GC freed 3(96B) AllocSpace objects, 0(0B) LOS objects, 38% free, 26MB/42MB, paused 628us total 22.284ms
08-05 23:43:36.773 30584 30597 I art     : Starting a blocking GC Explicit
08-05 23:43:36.805 30584 30597 I art     : Explicit concurrent mark sweep GC freed 1392(80KB) AllocSpace objects, 1(20KB) LOS objects, 38% free, 26MB/42MB, paused 620us total 31.770ms
08-05 23:43:36.818 30584 30597 I art     : Starting a blocking GC Explicit
08-05 23:43:36.840 30584 30597 I art     : Explicit concurrent mark sweep GC freed 24(784B) AllocSpace objects, 0(0B) LOS objects, 38% free, 26MB/42MB, paused 521us total 21.361ms
08-05 23:43:36.850 30584 30597 I art     : Starting a blocking GC Explicit
08-05 23:43:36.873 30584 30597 I art     : Explicit concurrent mark sweep GC freed 7(224B) AllocSpace objects, 0(0B) LOS objects, 38% free, 26MB/42MB, paused 538us total 23.205ms
08-05 23:43:36.883 30584 30597 I art     : Starting a blocking GC Explicit
08-05 23:43:36.905 30584 30597 I art     : Explicit concurrent mark sweep GC freed 8(256B) AllocSpace objects, 0(0B) LOS objects, 38% free, 26MB/42MB, paused 563us total 22.459ms
08-05 23:43:36.915 30584 30597 I art     : Starting a blocking GC Explicit
08-05 23:43:36.938 30584 30597 I art     : Explicit concurrent mark sweep GC freed 7(224B) AllocSpace objects, 0(0B) LOS objects, 38% free, 26MB/42MB, paused 581us total 22.979ms
08-05 23:43:37.248 30584 30597 I art     : Starting a blocking GC Explicit
08-05 23:43:37.276 30584 30597 I art     : Explicit concurrent mark sweep GC freed 1377(80KB) AllocSpace objects, 1(20KB) LOS objects, 38% free, 26MB/42MB, paused 574us total 28.009ms
08-05 23:43:37.289 30584 30597 I art     : Starting a blocking GC Explicit
08-05 23:43:37.312 30584 30597 I art     : Explicit concurrent mark sweep GC freed 23(752B) AllocSpace objects, 0(0B) LOS objects, 38% free, 26MB/42MB, paused 527us total 22.280ms
08-05 23:43:37.321 30584 30597 I art     : Starting a blocking GC Explicit
08-05 23:43:37.343 30584 30597 I art     : Explicit concurrent mark sweep GC freed 3(96B) AllocSpace objects, 0(0B) LOS objects, 38% free, 26MB/42MB, paused 534us total 22.443ms
08-05 23:43:37.352 30584 30597 I art     : Starting a blocking GC Explicit
08-05 23:43:37.375 30584 30597 I art     : Explicit concurrent mark sweep GC freed 3(96B) AllocSpace objects, 0(0B) LOS objects, 38% free, 26MB/42MB, paused 484us total 22.604ms
08-05 23:43:37.384 30584 30597 I art     : Starting a blocking GC Explicit
08-05 23:43:37.406 30584 30597 I art     : Explicit concurrent mark sweep GC freed 3(96B) AllocSpace objects, 0(0B) LOS objects, 38% free, 26MB/42MB, paused 519us total 21.978ms
08-05 23:43:37.724 30584 30596 I art     : Starting a blocking GC Explicit
08-05 23:43:37.757 30584 30596 I art     : Explicit concurrent mark sweep GC freed 1392(80KB) AllocSpace objects, 1(20KB) LOS objects, 38% free, 26MB/42MB, paused 540us total 32.511ms
08-05 23:43:37.765 30584 30596 I art     : Starting a blocking GC Explicit
08-05 23:43:37.788 30584 30596 I art     : Explicit concurrent mark sweep GC freed 23(752B) AllocSpace objects, 0(0B) LOS objects, 38% free, 26MB/42MB, paused 533us total 22.758ms
08-05 23:43:37.797 30584 30596 I art     : Starting a blocking GC Explicit
08-05 23:43:37.819 30584 30596 I art     : Explicit concurrent mark sweep GC freed 3(96B) AllocSpace objects, 0(0B) LOS objects, 38% free, 26MB/42MB, paused 527us total 21.797ms
08-05 23:43:37.828 30584 30596 I art     : Starting a blocking GC Explicit
08-05 23:43:37.850 30584 30596 I art     : Explicit concurrent mark sweep GC freed 3(96B) AllocSpace objects, 0(0B) LOS objects, 38% free, 26MB/42MB, paused 537us total 22.423ms
08-05 23:43:37.859 30584 30596 I art     : Starting a blocking GC Explicit
08-05 23:43:37.882 30584 30596 I art     : Explicit concurrent mark sweep GC freed 3(96B) AllocSpace objects, 0(0B) LOS objects, 38% free, 26MB/42MB, paused 496us total 22.224ms
08-05 23:43:38.207 30584 31025 I art     : Starting a blocking GC Explicit
08-05 23:43:38.240 30584 31025 I art     : Explicit concurrent mark sweep GC freed 1363(80KB) AllocSpace objects, 1(20KB) LOS objects, 38% free, 26MB/42MB, paused 641us total 32.685ms
08-05 23:43:38.252 30584 31025 I art     : Starting a blocking GC Explicit
08-05 23:43:38.275 30584 31025 I art     : Explicit concurrent mark sweep GC freed 23(752B) AllocSpace objects, 0(0B) LOS objects, 38% free, 26MB/42MB, paused 530us total 22.657ms
08-05 23:43:38.284 30584 31025 I art     : Starting a blocking GC Explicit
08-05 23:43:38.307 30584 31025 I art     : Explicit concurrent mark sweep GC freed 3(96B) AllocSpace objects, 0(0B) LOS objects, 38% free, 26MB/42MB, paused 514us total 22.665ms
08-05 23:43:38.315 30584 31025 I art     : Starting a blocking GC Explicit
08-05 23:43:38.338 30584 31025 I art     : Explicit concurrent mark sweep GC freed 3(96B) AllocSpace objects, 0(0B) LOS objects, 38% free, 26MB/42MB, paused 542us total 22.044ms
08-05 23:43:38.346 30584 31025 I art     : Starting a blocking GC Explicit
08-05 23:43:38.368 30584 31025 I art     : Explicit concurrent mark sweep GC freed 3(96B) AllocSpace objects, 0(0B) LOS objects, 38% free, 26MB/42MB, paused 534us total 21.889ms
08-05 23:43:38.681 30584 31162 I art     : Starting a blocking GC Explicit
08-05 23:43:38.709 30584 31162 I art     : Explicit concurrent mark sweep GC freed 1392(80KB) AllocSpace objects, 1(20KB) LOS objects, 38% free, 26MB/42MB, paused 541us total 26.966ms
08-05 23:43:38.718 30584 31162 I art     : Starting a blocking GC Explicit
08-05 23:43:38.741 30584 31162 I art     : Explicit concurrent mark sweep GC freed 23(752B) AllocSpace objects, 0(0B) LOS objects, 38% free, 26MB/42MB, paused 533us total 22.816ms
08-05 23:43:38.749 30584 31162 I art     : Starting a blocking GC Explicit
08-05 23:43:38.772 30584 31162 I art     : Explicit concurrent mark sweep GC freed 3(96B) AllocSpace objects, 0(0B) LOS objects, 38% free, 26MB/42MB, paused 524us total 22.565ms
08-05 23:43:38.781 30584 31162 I art     : Starting a blocking GC Explicit
08-05 23:43:38.803 30584 31162 I art     : Explicit concurrent mark sweep GC freed 3(96B) AllocSpace objects, 0(0B) LOS objects, 38% free, 26MB/42MB, paused 532us total 22.150ms
08-05 23:43:38.812 30584 31162 I art     : Starting a blocking GC Explicit
08-05 23:43:38.835 30584 31162 I art     : Explicit concurrent mark sweep GC freed 3(96B) AllocSpace objects, 0(0B) LOS objects, 38% free, 26MB/42MB, paused 533us total 22.499ms
08-05 23:43:39.160 30584 30617 I art     : Starting a blocking GC Explicit
08-05 23:43:39.187 30584 30617 I art     : Explicit concurrent mark sweep GC freed 1363(80KB) AllocSpace objects, 1(20KB) LOS objects, 38% free, 26MB/42MB, paused 534us total 26.522ms
08-05 23:43:39.196 30584 30617 I art     : Starting a blocking GC Explicit
08-05 23:43:39.219 30584 30617 I art     : Explicit concurrent mark sweep GC freed 23(752B) AllocSpace objects, 0(0B) LOS objects, 38% free, 26MB/42MB, paused 531us total 22.702ms
08-05 23:43:39.228 30584 30617 I art     : Starting a blocking GC Explicit
08-05 23:43:39.250 30584 30617 I art     : Explicit concurrent mark sweep GC freed 3(96B) AllocSpace objects, 0(0B) LOS objects, 38% free, 26MB/42MB, paused 532us total 22.743ms
08-05 23:43:39.259 30584 30617 I art     : Starting a blocking GC Explicit
08-05 23:43:39.282 30584 30617 I art     : Explicit concurrent mark sweep GC freed 3(96B) AllocSpace objects, 0(0B) LOS objects, 38% free, 26MB/42MB, paused 528us total 22.040ms
08-05 23:43:39.290 30584 30617 I art     : Starting a blocking GC Explicit
08-05 23:43:39.313 30584 30617 I art     : Explicit concurrent mark sweep GC freed 3(96B) AllocSpace objects, 0(0B) LOS objects, 38% free, 26MB/42MB, paused 520us total 22.386ms
08-05 23:43:39.636 30584 30597 I art     : Starting a blocking GC Explicit
08-05 23:43:39.665 30584 30597 I art     : Explicit concurrent mark sweep GC freed 1392(80KB) AllocSpace objects, 1(20KB) LOS objects, 38% free, 26MB/42MB, paused 571us total 28.086ms
08-05 23:43:39.677 30584 30597 I art     : Starting a blocking GC Explicit
08-05 23:43:39.700 30584 30597 I art     : Explicit concurrent mark sweep GC freed 23(752B) AllocSpace objects, 0(0B) LOS objects, 38% free, 26MB/42MB, paused 526us total 22.724ms
08-05 23:43:39.709 30584 30597 I art     : Starting a blocking GC Explicit
08-05 23:43:39.732 30584 30597 I art     : Explicit concurrent mark sweep GC freed 3(96B) AllocSpace objects, 0(0B) LOS objects, 38% free, 26MB/42MB, paused 516us total 22.793ms
08-05 23:43:39.741 30584 30597 I art     : Starting a blocking GC Explicit
08-05 23:43:39.764 30584 30597 I art     : Explicit concurrent mark sweep GC freed 3(96B) AllocSpace objects, 0(0B) LOS objects, 38% free, 26MB/42MB, paused 543us total 22.740ms
08-05 23:43:39.773 30584 30597 I art     : Starting a blocking GC Explicit
08-05 23:43:39.794 30584 30597 I art     : Explicit concurrent mark sweep GC freed 3(96B) AllocSpace objects, 0(0B) LOS objects, 38% free, 26MB/42MB, paused 511us total 21.382ms
08-05 23:43:39.795 30584 30595 I art     : WaitForGcToComplete blocked for 14.452ms for cause HeapTrim
08-05 23:43:40.125 30584 30596 I art     : Starting a blocking GC Explicit
08-05 23:43:40.160 30584 30596 I art     : Explicit concurrent mark sweep GC freed 1363(80KB) AllocSpace objects, 1(20KB) LOS objects, 38% free, 26MB/42MB, paused 607us total 34.426ms
08-05 23:43:40.174 30584 30596 I art     : Starting a blocking GC Explicit
08-05 23:43:40.197 30584 30596 I art     : Explicit concurrent mark sweep GC freed 23(752B) AllocSpace objects, 0(0B) LOS objects, 38% free, 26MB/42MB, paused 658us total 22.831ms
08-05 23:43:40.206 30584 30596 I art     : Starting a blocking GC Explicit
08-05 23:43:40.228 30584 30596 I art     : Explicit concurrent mark sweep GC freed 3(96B) AllocSpace objects, 0(0B) LOS objects, 38% free, 26MB/42MB, paused 524us total 22.307ms
08-05 23:43:40.237 30584 30596 I art     : Starting a blocking GC Explicit
08-05 23:43:40.260 30584 30596 I art     : Explicit concurrent mark sweep GC freed 3(96B) AllocSpace objects, 0(0B) LOS objects, 38% free, 26MB/42MB, paused 532us total 22.189ms
08-05 23:43:40.268 30584 30596 I art     : Starting a blocking GC Explicit
08-05 23:43:40.292 30584 30596 I art     : Explicit concurrent mark sweep GC freed 3(96B) AllocSpace objects, 0(0B) LOS objects, 38% free, 26MB/42MB, paused 531us total 22.868ms
08-05 23:43:40.601 30584 31025 I art     : Starting a blocking GC Explicit
08-05 23:43:40.626 30584 31025 I art     : Explicit concurrent mark sweep GC freed 1392(80KB) AllocSpace objects, 1(20KB) LOS objects, 38% free, 26MB/42MB, paused 569us total 24.639ms
08-05 23:43:40.638 30584 31025 I art     : Starting a blocking GC Explicit
08-05 23:43:40.661 30584 31025 I art     : Explicit concurrent mark sweep GC freed 23(752B) AllocSpace objects, 0(0B) LOS objects, 38% free, 26MB/42MB, paused 539us total 22.259ms
08-05 23:43:40.669 30584 31025 I art     : Starting a blocking GC Explicit
08-05 23:43:40.692 30584 31025 I art     : Explicit concurrent mark sweep GC freed 3(96B) AllocSpace objects, 0(0B) LOS objects, 38% free, 26MB/42MB, paused 534us total 22.173ms
08-05 23:43:40.701 30584 31025 I art     : Starting a blocking GC Explicit
08-05 23:43:40.723 30584 31025 I art     : Explicit concurrent mark sweep GC freed 3(96B) AllocSpace objects, 0(0B) LOS objects, 38% free, 26MB/42MB, paused 531us total 22.245ms
08-05 23:43:40.732 30584 31025 I art     : Starting a blocking GC Explicit
08-05 23:43:40.754 30584 31025 I art     : Explicit concurrent mark sweep GC freed 3(96B) AllocSpace objects, 0(0B) LOS objects, 38% free, 26MB/42MB, paused 519us total 22.290ms
08-05 23:43:41.037 30584 31162 I art     : Starting a blocking GC Explicit
08-05 23:43:41.059 30584 31162 I art     : Explicit concurrent mark sweep GC freed 1363(80KB) AllocSpace objects, 1(20KB) LOS objects, 38% free, 26MB/42MB, paused 547us total 22.402ms
08-05 23:43:41.068 30584 31162 I art     : Starting a blocking GC Explicit
08-05 23:43:41.090 30584 31162 I art     : Explicit concurrent mark sweep GC freed 23(752B) AllocSpace objects, 0(0B) LOS objects, 38% free, 26MB/42MB, paused 544us total 21.959ms
08-05 23:43:41.099 30584 31162 I art     : Starting a blocking GC Explicit
08-05 23:43:41.121 30584 31162 I art     : Explicit concurrent mark sweep GC freed 3(96B) AllocSpace objects, 0(0B) LOS objects, 38% free, 26MB/42MB, paused 525us total 22.032ms
08-05 23:43:41.130 30584 31162 I art     : Starting a blocking GC Explicit
08-05 23:43:41.151 30584 31162 I art     : Explicit concurrent mark sweep GC freed 3(96B) AllocSpace objects, 0(0B) LOS objects, 38% free, 26MB/42MB, paused 534us total 21.156ms
08-05 23:43:41.160 30584 31162 I art     : Starting a blocking GC Explicit
08-05 23:43:41.181 30584 31162 I art     : Explicit concurrent mark sweep GC freed 3(96B) AllocSpace objects, 0(0B) LOS objects, 38% free, 26MB/42MB, paused 525us total 21.253ms
08-05 23:43:41.212 26613 26613 I ServiceManager: Waiting for service AtCmdFwd...
08-05 23:43:41.338 31496 31496 D AndroidRuntime: >>>>>> START com.android.internal.os.RuntimeInit uid 2000 <<<<<<
08-05 23:43:41.344 31496 31496 D AndroidRuntime: CheckJNI is OFF
08-05 23:43:41.378 31496 31496 D ICU     : No timezone override file found: /data/misc/zoneinfo/current/icu/icu_tzdata.dat
08-05 23:43:41.411 31496 31496 I Radio-JNI: register_android_hardware_Radio DONE
08-05 23:43:41.433 31496 31496 D AndroidRuntime: Calling main entry com.android.commands.input.Input
08-05 23:43:41.435 31496 31496 I Input   : injectMotionEvent: MotionEvent { action=ACTION_DOWN, actionButton=0, id[0]=0, x[0]=616.0, y[0]=469.0, toolType[0]=TOOL_TYPE_UNKNOWN, buttonState=0, metaState=0, flags=0x0, edgeFlags=0x0, pointerCount=1, historySize=0, eventTime=834237848, downTime=834237848, deviceId=0, source=0x1002 }
08-05 23:43:41.439 31496 31496 I Input   : injectMotionEvent: MotionEvent { action=ACTION_UP, actionButton=0, id[0]=0, x[0]=616.0, y[0]=469.0, toolType[0]=TOOL_TYPE_UNKNOWN, buttonState=0, metaState=0, flags=0x0, edgeFlags=0x0, pointerCount=1, historySize=0, eventTime=834237848, downTime=834237848, deviceId=0, source=0x1002 }
08-05 23:43:41.441 31496 31496 D AndroidRuntime: Shutting down VM
08-05 23:43:41.483 30584 30597 I art     : Starting a blocking GC Explicit
08-05 23:43:41.507   512  2967 D audio_hw_primary: out_set_parameters: enter: usecase(1: low-latency-playback) kvpairs: routing=2
08-05 23:43:41.510 30584 30597 I art     : Explicit concurrent mark sweep GC freed 1465(84KB) AllocSpace objects, 1(20KB) LOS objects, 38% free, 26MB/42MB, paused 1.364ms total 27.273ms
08-05 23:43:41.520 30584 30597 I art     : Starting a blocking GC Explicit
08-05 23:43:41.520   512  2967 D audio_hw_primary: select_devices: out_snd_device(2: speaker) in_snd_device(0: none)
08-05 23:43:41.521   512  2967 D msm8974_platform: platform_send_audio_calibration: sending audio calibration for snd_device(2) acdb_id(15)
08-05 23:43:41.521   512  2967 I soundtrigger: audio_extn_sound_trigger_update_device_status: device 0x2 of type 0 for Event 1
08-05 23:43:41.530   512  2967 D audio_hw_primary: enable_snd_device: snd_device(2: speaker)
08-05 23:43:41.532   512  2967 D audio_hw_primary: enable_audio_route: apply and update mixer path: low-latency-playback speaker
08-05 23:43:41.544 30584 30597 I art     : Explicit concurrent mark sweep GC freed 154(6KB) AllocSpace objects, 0(0B) LOS objects, 38% free, 26MB/42MB, paused 720us total 23.578ms
08-05 23:43:41.552 30584 30597 I art     : Starting a blocking GC Explicit
08-05 23:43:41.573 30584 30597 I art     : Explicit concurrent mark sweep GC freed 13(480B) AllocSpace objects, 0(0B) LOS objects, 38% free, 26MB/42MB, paused 571us total 21.367ms
08-05 23:43:41.581 30584 30597 I art     : Starting a blocking GC Explicit
08-05 23:43:41.602 30584 30597 I art     : Explicit concurrent mark sweep GC freed 39(1136B) AllocSpace objects, 0(0B) LOS objects, 38% free, 26MB/42MB, paused 562us total 20.245ms
08-05 23:43:41.610 30584 30597 I art     : Starting a blocking GC Explicit
08-05 23:43:41.630 30584 30597 I art     : Explicit concurrent mark sweep GC freed 11(416B) AllocSpace objects, 0(0B) LOS objects, 38% free, 26MB/42MB, paused 548us total 20.132ms
08-05 23:43:41.751 30584 30604 I NAPPA_EXPERIMENTATION: MetricNetworkRequestExecutionTime: REQUEST_DURATION_SYSTEM='244',REQUEST_DURATION_OKHTTP='242',REQUEST_SYNCHRONOUS='TRUE',RESPONSE_CODE='200',RESPONSE_METHOD='GET',RESPONSE_LENGTH_OKHTTP='-1',RESPONSE_LENGTH_HEADER='628',REQUEST_PROTOCOL='h2',REQUEST_URL='https://itunes.apple.com/lookup?id=1524080195',
08-05 23:43:41.774   918  3696 I ActivityManager: START u0 {cmp=baseline.de.danoeh.antennapod.debug/baseline.de.danoeh.antennapod.activity.OnlineFeedViewActivity (has extras)} from uid 10711 on display 0
08-05 23:43:41.796 13866 13866 I GoogleInputMethodServic: GoogleInputMethodService.onFinishInput():3138 
08-05 23:43:41.797 13866 13866 I GoogleInputMethodServic: GoogleInputMethodService.onStartInput():1808 
08-05 23:43:41.817 30584 30584 D UserPreferences: Using default data folder
08-05 23:43:41.818 30584 30584 D OnlineFeedViewActivity: Activity was started with url https://rss.art19.com/nice-white-parents
08-05 23:43:41.820 30584 30584 D OnlineFeedViewActivity: Starting feed download
08-05 23:43:41.825 30584 31149 D DBReader: Extracting Feedlist
08-05 23:43:41.828   918   928 D WifiService: acquireWifiLockLocked: WifiLock{Downloader type=1 binder=android.os.BinderProxy@267d293}
08-05 23:43:41.829 30584 31149 D AntennapodHttpClient: Creating new instance of HTTP client
08-05 23:43:41.876 13866 13866 I GoogleInputMethodServic: GoogleInputMethodService.onFinishInput():3138 
08-05 23:43:41.877 13866 13866 I GoogleInputMethodServic: GoogleInputMethodService.onStartInput():1808 
08-05 23:43:41.880 30584 30596 I art     : Starting a blocking GC Explicit
08-05 23:43:41.903 30584 30596 I art     : Explicit concurrent mark sweep GC freed 3889(246KB) AllocSpace objects, 1(20KB) LOS objects, 37% free, 26MB/42MB, paused 587us total 21.673ms
08-05 23:43:41.905   918   936 I ActivityManager: Displayed baseline.de.danoeh.antennapod.debug/baseline.de.danoeh.antennapod.activity.OnlineFeedViewActivity: +108ms
08-05 23:43:41.912 30584 30596 I art     : Starting a blocking GC Explicit
08-05 23:43:41.935 30584 30596 I art     : Explicit concurrent mark sweep GC freed 355(16KB) AllocSpace objects, 0(0B) LOS objects, 37% free, 26MB/42MB, paused 590us total 22.621ms
08-05 23:43:41.947 30584 30596 I art     : Starting a blocking GC Explicit
08-05 23:43:41.970 30584 30596 I art     : Explicit concurrent mark sweep GC freed 1003(74KB) AllocSpace objects, 2(120KB) LOS objects, 37% free, 26MB/42MB, paused 806us total 22.700ms
08-05 23:43:41.978 30584 30596 I art     : Starting a blocking GC Explicit
08-05 23:43:41.999 30584 30596 I art     : Explicit concurrent mark sweep GC freed 4757(252KB) AllocSpace objects, 1(80KB) LOS objects, 37% free, 26MB/42MB, paused 583us total 20.756ms
08-05 23:43:42.007 30584 30596 I art     : Starting a blocking GC Explicit
08-05 23:43:42.028 30584 30596 I art     : Explicit concurrent mark sweep GC freed 228(27KB) AllocSpace objects, 0(0B) LOS objects, 37% free, 26MB/42MB, paused 581us total 20.373ms
08-05 23:43:42.068   512  2967 D audio_hw_primary: disable_audio_route: reset and update mixer path: low-latency-playback speaker
08-05 23:43:42.070   512  2967 D audio_hw_primary: disable_snd_device: snd_device(2: speaker)
08-05 23:43:42.078   512  2967 I soundtrigger: audio_extn_sound_trigger_update_device_status: device 0x2 of type 0 for Event 0
08-05 23:43:42.135 30584 31149 D MYTAG   : interceptor 3a https://rss.art19.com/nice-white-parents
08-05 23:43:42.135 30584 31149 I NAPPA_EXPERIMENTATION: MetricNetworkRequestExecutionTime: REQUEST_DURATION_SYSTEM='304',REQUEST_DURATION_OKHTTP='145',REQUEST_SYNCHRONOUS='TRUE',RESPONSE_CODE='200',RESPONSE_METHOD='GET',RESPONSE_LENGTH_OKHTTP='-1',RESPONSE_LENGTH_HEADER='1803',REQUEST_PROTOCOL='h2',REQUEST_URL='https://rss.art19.com/nice-white-parents',
08-05 23:43:42.135 30584 31149 D HttpDownloader: Response code is 200
08-05 23:43:42.135 30584 31149 D UserPreferences: Using default data folder
08-05 23:43:42.138 30584 31149 D HttpDownloader: Getting size of download
08-05 23:43:42.139 30584 31149 D HttpDownloader: Size is -1
08-05 23:43:42.139 30584 31149 D UserPreferences: Using default data folder
08-05 23:43:42.139 30584 31149 D HttpDownloader: Free space is 20479025152
08-05 23:43:42.139 30584 31149 D HttpDownloader: Starting download
08-05 23:43:42.153   380   380 W SurfaceFlinger: couldn't log to binary event log: overflow.
08-05 23:43:42.169 30584 31149 D HttpDownloader: Download was successful
08-05 23:43:42.173   918   928 D WifiService: releaseWifiLockLocked: WifiLock{Downloader type=1 binder=android.os.BinderProxy@267d293}
08-05 23:43:42.174 30584 30584 D OnlineFeedViewActivity: Parsing feed
08-05 23:43:42.185 30584 31547 D TypeGetter: Recognized type RSS 2.0
08-05 23:43:42.190 30584 31547 D SyndHandler: Recognized ITunes namespace
08-05 23:43:42.191 30584 31547 D SyndHandler: Recognized Atom namespace
08-05 23:43:42.191 30584 31547 D SyndHandler: Recognized Content namespace
08-05 23:43:42.200 30584 31547 D OnlineFeedViewActivity: Deleted feed source file. Result: true
08-05 23:43:42.200 30584 30584 D OnlineFeedViewActivity: Removing HTML from shownotes
08-05 23:43:42.213 26613 26613 I ServiceManager: Waiting for service AtCmdFwd...
08-05 23:43:42.268 30584 30584 W art     : Before Android 4.1, method int androidx.appcompat.widget.DropDownListView.lookForSelectablePosition(int, boolean) would have incorrectly overridden the package-private method in android.widget.ListView
08-05 23:43:42.273 30584 30584 I ListPopupWindow: Could not find method setEpicenterBounds(Rect) on PopupWindow. Oh well.
08-05 23:43:42.280 30584 31555 D ApOkHttpUrlLoader: buildLoadData() called with: model = [https://content.production.cdn.art19.com/images/89/e0/88/44/89e08844-ac28-4fc0-96fa-15a41fec2014/262c12ed699a8d9720dea0bd66449d998e4a08cf18095bed170ccaa76722045fa5dbf7a366918b2db7e3acf29ad22f6b99fd659a9409cb807bf2781d968932f8.jpeg], width = [350], height = [350]
08-05 23:43:42.285 30584 31362 D DBReader: getImageAuthentication() called with: imageUrl = [https://content.production.cdn.art19.com/images/89/e0/88/44/89e08844-ac28-4fc0-96fa-15a41fec2014/262c12ed699a8d9720dea0bd66449d998e4a08cf18095bed170ccaa76722045fa5dbf7a366918b2db7e3acf29ad22f6b99fd659a9409cb807bf2781d968932f8.jpeg]
08-05 23:43:42.287 30584 31362 D ApOkHttpUrlLoader: no credentials for 'https://content.production.cdn.art19.com/images/89/e0/88/44/89e08844-ac28-4fc0-96fa-15a41fec2014/262c12ed699a8d9720dea0bd66449d998e4a08cf18095bed170ccaa76722045fa5dbf7a366918b2db7e3acf29ad22f6b99fd659a9409cb807bf2781d968932f8.jpeg'
08-05 23:43:42.287 30584 30617 I art     : Starting a blocking GC Explicit
08-05 23:43:42.326 30584 30617 I art     : Explicit concurrent mark sweep GC freed 10165(787KB) AllocSpace objects, 7(232KB) LOS objects, 37% free, 27MB/43MB, paused 1.266ms total 38.219ms
08-05 23:43:42.335 30584 30617 I art     : Starting a blocking GC Explicit
08-05 23:43:42.355 30584 30584 D PlaybackController: Releasing PlaybackController
08-05 23:43:42.361 30584 30617 I art     : Explicit concurrent mark sweep GC freed 6058(308KB) AllocSpace objects, 0(0B) LOS objects, 37% free, 27MB/43MB, paused 1.036ms total 25.507ms
08-05 23:43:42.370 30584 30617 I art     : Starting a blocking GC Explicit
08-05 23:43:42.394 30584 30617 I art     : Explicit concurrent mark sweep GC freed 1623(87KB) AllocSpace objects, 1(112KB) LOS objects, 37% free, 26MB/42MB, paused 637us total 24.162ms
08-05 23:43:42.403 30584 30617 I art     : Starting a blocking GC Explicit
08-05 23:43:42.426 30584 30617 I art     : Explicit concurrent mark sweep GC freed 2653(110KB) AllocSpace objects, 0(0B) LOS objects, 37% free, 26MB/42MB, paused 851us total 23.058ms
08-05 23:43:42.434 30584 30617 I art     : Starting a blocking GC Explicit
08-05 23:43:42.458 30584 30617 I art     : Explicit concurrent mark sweep GC freed 1745(81KB) AllocSpace objects, 0(0B) LOS objects, 37% free, 27MB/43MB, paused 689us total 23.177ms
08-05 23:43:42.592 30584 31362 D MYTAG   : interceptor 2a
08-05 23:43:42.592 30584 31362 I NAPPA_EXPERIMENTATION: MetricNetworkRequestExecutionTime: REQUEST_DURATION_SYSTEM='305',REQUEST_DURATION_OKHTTP='154',REQUEST_SYNCHRONOUS='TRUE',RESPONSE_CODE='200',RESPONSE_METHOD='GET',RESPONSE_LENGTH_OKHTTP='2466122',RESPONSE_LENGTH_HEADER='2466122',REQUEST_PROTOCOL='h2',REQUEST_URL='https://content.production.cdn.art19.com/images/89/e0/88/44/89e08844-ac28-4fc0-96fa-15a41fec2014/262c12ed699a8d9720dea0bd66449d998e4a08cf18095bed170ccaa76722045fa5dbf7a366918b2db7e3acf29ad22f6b99fd659a9409cb807bf2781d968932f8.jpeg',
08-05 23:43:42.737 30584 30596 I art     : Starting a blocking GC Explicit
08-05 23:43:42.762 30584 30596 I art     : Explicit concurrent mark sweep GC freed 2068(121KB) AllocSpace objects, 1(20KB) LOS objects, 37% free, 27MB/43MB, paused 631us total 25.361ms
08-05 23:43:42.772 30584 30596 I art     : Starting a blocking GC Explicit
08-05 23:43:42.794 30584 30596 I art     : Explicit concurrent mark sweep GC freed 91(2928B) AllocSpace objects, 0(0B) LOS objects, 37% free, 27MB/43MB, paused 676us total 22.669ms
08-05 23:43:42.803 30584 30596 I art     : Starting a blocking GC Explicit
08-05 23:43:42.825 30584 30596 I art     : Explicit concurrent mark sweep GC freed 76(2432B) AllocSpace objects, 0(0B) LOS objects, 37% free, 27MB/43MB, paused 598us total 21.877ms
08-05 23:43:42.834 30584 30596 I art     : Starting a blocking GC Explicit
08-05 23:43:42.857 30584 30596 I art     : Explicit concurrent mark sweep GC freed 1109(49KB) AllocSpace objects, 0(0B) LOS objects, 36% free, 27MB/43MB, paused 791us total 23.342ms
08-05 23:43:42.866 30584 30596 I art     : Starting a blocking GC Explicit
08-05 23:43:42.890 30584 30596 I art     : Explicit concurrent mark sweep GC freed 31(2720B) AllocSpace objects, 0(0B) LOS objects, 36% free, 27MB/43MB, paused 684us total 23.974ms
08-05 23:43:43.190 30584 30597 I art     : Starting a blocking GC Explicit
08-05 23:43:43.213 26613 26613 I ServiceManager: Waiting for service AtCmdFwd...
08-05 23:43:43.224 30584 30597 I art     : Explicit concurrent mark sweep GC freed 1517(97KB) AllocSpace objects, 1(20KB) LOS objects, 36% free, 27MB/43MB, paused 678us total 33.425ms
08-05 23:43:43.236   918  1209 D NetworkMonitor/NetworkAgentInfo [WIFI () - 159]: Checking http://connectivitycheck.gstatic.com/generate_204 on "H369AA63323", 192.168.2.12=192.168.2.12
08-05 23:43:43.237 30584 30597 I art     : Starting a blocking GC Explicit
08-05 23:43:43.262 30584 30597 I art     : Explicit concurrent mark sweep GC freed 29(944B) AllocSpace objects, 0(0B) LOS objects, 36% free, 27MB/43MB, paused 619us total 24.679ms
08-05 23:43:43.271 30584 30597 I art     : Starting a blocking GC Explicit
08-05 23:43:43.280   918  1209 D NetworkMonitor/NetworkAgentInfo [WIFI () - 159]: Probably not a portal: exception java.io.IOException: unexpected end of stream on Connection{connectivitycheck.gstatic.com:80, proxy=HTTP@/192.168.2.12:8080 hostAddress=192.168.2.12 cipherSuite=none protocol=http/1.1} (recycle count=0)
08-05 23:43:43.280   918  3263 D ConnectivityService: NetworkAgentInfo [WIFI () - 159] validation failed
08-05 23:43:43.281   918  3261 E WifiConfigStore:  rewrite network history for "H369AA63323"WPA_PSK
08-05 23:43:43.296 30584 30597 I art     : Explicit concurrent mark sweep GC freed 3(96B) AllocSpace objects, 0(0B) LOS objects, 36% free, 27MB/43MB, paused 613us total 24.453ms
08-05 23:43:43.305 30584 30597 I art     : Starting a blocking GC Explicit
08-05 23:43:43.330 30584 30597 I art     : Explicit concurrent mark sweep GC freed 3(96B) AllocSpace objects, 0(0B) LOS objects, 36% free, 27MB/43MB, paused 647us total 25.201ms
08-05 23:43:43.339 30584 30597 I art     : Starting a blocking GC Explicit
08-05 23:43:43.365 30584 30597 I art     : Explicit concurrent mark sweep GC freed 3(96B) AllocSpace objects, 0(0B) LOS objects, 36% free, 27MB/43MB, paused 585us total 24.991ms
08-05 23:43:43.692 30584 31162 I art     : Starting a blocking GC Explicit
08-05 23:43:43.730 30584 31162 I art     : Explicit concurrent mark sweep GC freed 1398(80KB) AllocSpace objects, 1(20KB) LOS objects, 36% free, 27MB/43MB, paused 723us total 37.920ms
08-05 23:43:43.741 30584 31162 I art     : Starting a blocking GC Explicit
08-05 23:43:43.767 30584 31162 I art     : Explicit concurrent mark sweep GC freed 23(752B) AllocSpace objects, 0(0B) LOS objects, 36% free, 27MB/43MB, paused 619us total 25.814ms
08-05 23:43:43.776 30584 31162 I art     : Starting a blocking GC Explicit
08-05 23:43:43.801 30584 31162 I art     : Explicit concurrent mark sweep GC freed 3(96B) AllocSpace objects, 0(0B) LOS objects, 36% free, 27MB/43MB, paused 625us total 25.519ms
08-05 23:43:43.811 30584 31162 I art     : Starting a blocking GC Explicit
08-05 23:43:43.837 30584 31162 I art     : Explicit concurrent mark sweep GC freed 3(96B) AllocSpace objects, 0(0B) LOS objects, 36% free, 27MB/43MB, paused 634us total 25.693ms
08-05 23:43:43.846 30584 31162 I art     : Starting a blocking GC Explicit
08-05 23:43:43.871 30584 31162 I art     : Explicit concurrent mark sweep GC freed 3(96B) AllocSpace objects, 0(0B) LOS objects, 36% free, 27MB/43MB, paused 629us total 24.971ms
08-05 23:43:44.198 30584 31025 I art     : Starting a blocking GC Explicit
08-05 23:43:44.214 26613 26613 I ServiceManager: Waiting for service AtCmdFwd...
08-05 23:43:44.227 30584 31025 I art     : Explicit concurrent mark sweep GC freed 1396(81KB) AllocSpace objects, 1(20KB) LOS objects, 36% free, 27MB/43MB, paused 615us total 28.031ms
08-05 23:43:44.236 30584 31025 I art     : Starting a blocking GC Explicit
08-05 23:43:44.261 30584 31025 I art     : Explicit concurrent mark sweep GC freed 23(752B) AllocSpace objects, 0(0B) LOS objects, 36% free, 27MB/43MB, paused 599us total 25.606ms
08-05 23:43:44.270 30584 31025 I art     : Starting a blocking GC Explicit
08-05 23:43:44.296 30584 31025 I art     : Explicit concurrent mark sweep GC freed 3(96B) AllocSpace objects, 0(0B) LOS objects, 36% free, 27MB/43MB, paused 614us total 25.200ms
08-05 23:43:44.305 30584 31025 I art     : Starting a blocking GC Explicit
08-05 23:43:44.331 30584 31025 I art     : Explicit concurrent mark sweep GC freed 3(96B) AllocSpace objects, 0(0B) LOS objects, 36% free, 27MB/43MB, paused 642us total 25.909ms
08-05 23:43:44.340 30584 31025 I art     : Starting a blocking GC Explicit
08-05 23:43:44.366 30584 31025 I art     : Explicit concurrent mark sweep GC freed 3(96B) AllocSpace objects, 0(0B) LOS objects, 36% free, 27MB/43MB, paused 653us total 25.103ms
08-05 23:43:44.692 30584 31162 I art     : Starting a blocking GC Explicit
08-05 23:43:44.730 30584 31162 I art     : Explicit concurrent mark sweep GC freed 1396(82KB) AllocSpace objects, 1(20KB) LOS objects, 36% free, 27MB/43MB, paused 975us total 37.870ms
08-05 23:43:44.742 30584 31162 I art     : Starting a blocking GC Explicit
08-05 23:43:44.767 30584 31162 I art     : Explicit concurrent mark sweep GC freed 23(752B) AllocSpace objects, 0(0B) LOS objects, 36% free, 27MB/43MB, paused 656us total 25.181ms
08-05 23:43:44.777 30584 31162 I art     : Starting a blocking GC Explicit
08-05 23:43:44.802 30584 31162 I art     : Explicit concurrent mark sweep GC freed 3(96B) AllocSpace objects, 0(0B) LOS objects, 36% free, 27MB/43MB, paused 629us total 25.476ms
08-05 23:43:44.812 30584 31162 I art     : Starting a blocking GC Explicit
08-05 23:43:44.838 30584 31162 I art     : Explicit concurrent mark sweep GC freed 3(96B) AllocSpace objects, 0(0B) LOS objects, 36% free, 27MB/43MB, paused 674us total 25.781ms
08-05 23:43:44.847 30584 31162 I art     : Starting a blocking GC Explicit
08-05 23:43:44.872 30584 31162 I art     : Explicit concurrent mark sweep GC freed 3(96B) AllocSpace objects, 0(0B) LOS objects, 36% free, 27MB/43MB, paused 610us total 25.167ms
08-05 23:43:45.198 30584 30617 I art     : Starting a blocking GC Explicit
08-05 23:43:45.214 26613 26613 I ServiceManager: Waiting for service AtCmdFwd...
08-05 23:43:45.239 30584 30617 I art     : Explicit concurrent mark sweep GC freed 1366(80KB) AllocSpace objects, 1(20KB) LOS objects, 36% free, 27MB/43MB, paused 938us total 40.087ms
08-05 23:43:45.250 30584 30617 I art     : Starting a blocking GC Explicit
08-05 23:43:45.276 30584 30617 I art     : Explicit concurrent mark sweep GC freed 23(752B) AllocSpace objects, 0(0B) LOS objects, 36% free, 27MB/43MB, paused 628us total 26.186ms
08-05 23:43:45.285 30584 30617 I art     : Starting a blocking GC Explicit
08-05 23:43:45.311 30584 30617 I art     : Explicit concurrent mark sweep GC freed 3(96B) AllocSpace objects, 0(0B) LOS objects, 36% free, 27MB/43MB, paused 621us total 25.675ms
08-05 23:43:45.320 30584 30617 I art     : Starting a blocking GC Explicit
08-05 23:43:45.347 30584 30617 I art     : Explicit concurrent mark sweep GC freed 3(96B) AllocSpace objects, 0(0B) LOS objects, 36% free, 27MB/43MB, paused 723us total 26.499ms
08-05 23:43:45.357 30584 30617 I art     : Starting a blocking GC Explicit
08-05 23:43:45.382 30584 30617 I art     : Explicit concurrent mark sweep GC freed 3(96B) AllocSpace objects, 0(0B) LOS objects, 36% free, 27MB/43MB, paused 630us total 25.301ms
08-05 23:43:45.708 30584 30596 I art     : Starting a blocking GC Explicit
08-05 23:43:45.734 30584 30596 I art     : Explicit concurrent mark sweep GC freed 1395(80KB) AllocSpace objects, 1(20KB) LOS objects, 36% free, 27MB/43MB, paused 615us total 25.886ms
08-05 23:43:45.743 30584 30596 I art     : Starting a blocking GC Explicit
08-05 23:43:45.768 30584 30596 I art     : Explicit concurrent mark sweep GC freed 23(752B) AllocSpace objects, 0(0B) LOS objects, 36% free, 27MB/43MB, paused 652us total 24.244ms
08-05 23:43:45.776 30584 30596 I art     : Starting a blocking GC Explicit
08-05 23:43:45.801 30584 30596 I art     : Explicit concurrent mark sweep GC freed 3(96B) AllocSpace objects, 0(0B) LOS objects, 36% free, 27MB/43MB, paused 631us total 24.641ms
08-05 23:43:45.810 30584 30596 I art     : Starting a blocking GC Explicit
08-05 23:43:45.835 30584 30596 I art     : Explicit concurrent mark sweep GC freed 3(96B) AllocSpace objects, 0(0B) LOS objects, 36% free, 27MB/43MB, paused 623us total 24.625ms
08-05 23:43:45.844 30584 30596 I art     : Starting a blocking GC Explicit
08-05 23:43:45.869 30584 30596 I art     : Explicit concurrent mark sweep GC freed 3(96B) AllocSpace objects, 0(0B) LOS objects, 36% free, 27MB/43MB, paused 619us total 24.341ms
08-05 23:43:46.101 31629 31629 D AndroidRuntime: >>>>>> START com.android.internal.os.RuntimeInit uid 2000 <<<<<<
08-05 23:43:46.106 31629 31629 D AndroidRuntime: CheckJNI is OFF
08-05 23:43:46.139 31629 31629 D ICU     : No timezone override file found: /data/misc/zoneinfo/current/icu/icu_tzdata.dat
08-05 23:43:46.172 31629 31629 I Radio-JNI: register_android_hardware_Radio DONE
08-05 23:43:46.183 30584 30597 I art     : Starting a blocking GC Explicit
08-05 23:43:46.194 31629 31629 D AndroidRuntime: Calling main entry com.android.commands.input.Input
08-05 23:43:46.196 31629 31629 I Input   : injectMotionEvent: MotionEvent { action=ACTION_DOWN, actionButton=0, id[0]=0, x[0]=625.0, y[0]=832.0, toolType[0]=TOOL_TYPE_UNKNOWN, buttonState=0, metaState=0, flags=0x0, edgeFlags=0x0, pointerCount=1, historySize=0, eventTime=834242609, downTime=834242609, deviceId=0, source=0x1002 }
08-05 23:43:46.200 31629 31629 I Input   : injectMotionEvent: MotionEvent { action=ACTION_UP, actionButton=0, id[0]=0, x[0]=625.0, y[0]=832.0, toolType[0]=TOOL_TYPE_UNKNOWN, buttonState=0, metaState=0, flags=0x0, edgeFlags=0x0, pointerCount=1, historySize=0, eventTime=834242609, downTime=834242609, deviceId=0, source=0x1002 }
08-05 23:43:46.202 31629 31629 D AndroidRuntime: Shutting down VM
08-05 23:43:46.210 30584 30597 I art     : Explicit concurrent mark sweep GC freed 1393(81KB) AllocSpace objects, 1(20KB) LOS objects, 36% free, 27MB/43MB, paused 906us total 26.999ms
08-05 23:43:46.212 30584 30584 D UserPreferences: Using default data folder
08-05 23:43:46.214   512  2967 D audio_hw_primary: out_set_parameters: enter: usecase(1: low-latency-playback) kvpairs: routing=2
08-05 23:43:46.215 26613 26613 W Atfwd_Sendcmd: AtCmdFwd service not published, waiting... retryCnt : 5
08-05 23:43:46.217 30584 30584 D DownloadRequester: partiallyDownloadedFileExists: false
08-05 23:43:46.217 30584 30584 D DownloadRequester: /storage/emulated/0/Android/data/baseline.de.danoeh.antennapod.debug/files/cache/feed-Nice White Parents is available as a download destination
08-05 23:43:46.219 30584 30584 D DownloadRequester: Requesting download of url https://rss.art19.com/nice-white-parents
08-05 23:43:46.221 30584 30597 I art     : Starting a blocking GC Explicit
08-05 23:43:46.225 30584 30584 D DownloadService: Service started
08-05 23:43:46.227   512  2967 D audio_hw_primary: select_devices: out_snd_device(2: speaker) in_snd_device(0: none)
08-05 23:43:46.227   512  2967 D msm8974_platform: platform_send_audio_calibration: sending audio calibration for snd_device(2) acdb_id(15)
08-05 23:43:46.227 30584 30584 D DownloadService: parallel downloads: 4
08-05 23:43:46.227   512  2967 I soundtrigger: audio_extn_sound_trigger_update_device_status: device 0x2 of type 0 for Event 1
08-05 23:43:46.228 30584 31652 D downloadCompletionThd: downloadCompletionThread was started
08-05 23:43:46.230 30584 30584 D DownloadService: Notification set up
08-05 23:43:46.238   512  2967 D audio_hw_primary: enable_snd_device: snd_device(2: speaker)
08-05 23:43:46.240   512  2967 D audio_hw_primary: enable_audio_route: apply and update mixer path: low-latency-playback speaker
08-05 23:43:46.243 30584 30584 D DownloadService: Received enqueue request
08-05 23:43:46.245 30584 30584 D OnlineFeedViewActivity: onEventMainThread() called with: event = [DownloadEvent{update=DownloaderUpdate{downloaders=[baseline.de.danoeh.antennapod.core.service.download.HttpDownloader@64dd891], feedIds=[0], mediaIds=[]}}]
08-05 23:43:46.245 30584 30584 D DownloadService: 1 downloads left
08-05 23:43:46.245 30584 30584 D DownloadService: Setting up notification updater
08-05 23:43:46.245   918  5481 D WifiService: acquireWifiLockLocked: WifiLock{Downloader type=1 binder=android.os.BinderProxy@c73f932}
08-05 23:43:46.249 30584 31654 D AntennapodHttpClient: Creating new instance of HTTP client
08-05 23:43:46.250 30584 30597 I art     : Explicit concurrent mark sweep GC freed 769(46KB) AllocSpace objects, 0(0B) LOS objects, 36% free, 27MB/43MB, paused 2.605ms total 29.184ms
08-05 23:43:46.258 30584 30597 I art     : Starting a blocking GC Explicit
08-05 23:43:46.281 30584 30597 I art     : Explicit concurrent mark sweep GC freed 425(24KB) AllocSpace objects, 0(0B) LOS objects, 36% free, 27MB/43MB, paused 832us total 22.763ms
08-05 23:43:46.289 30584 30597 I art     : Starting a blocking GC Explicit
08-05 23:43:46.312 30584 30597 I art     : Explicit concurrent mark sweep GC freed 11(416B) AllocSpace objects, 0(0B) LOS objects, 36% free, 27MB/43MB, paused 687us total 22.279ms
08-05 23:43:46.320 30584 30597 I art     : Starting a blocking GC Explicit
08-05 23:43:46.343 30584 30597 I art     : Explicit concurrent mark sweep GC freed 17(688B) AllocSpace objects, 0(0B) LOS objects, 36% free, 27MB/43MB, paused 753us total 23.189ms
08-05 23:43:46.586 30584 30596 I art     : Starting a blocking GC Explicit
08-05 23:43:46.598 30584 31654 D MYTAG   : interceptor 3a https://rss.art19.com/nice-white-parents
08-05 23:43:46.599 30584 31654 I NAPPA_EXPERIMENTATION: MetricNetworkRequestExecutionTime: REQUEST_DURATION_SYSTEM='347',REQUEST_DURATION_OKHTTP='150',REQUEST_SYNCHRONOUS='TRUE',RESPONSE_CODE='200',RESPONSE_METHOD='GET',RESPONSE_LENGTH_OKHTTP='-1',RESPONSE_LENGTH_HEADER='1803',REQUEST_PROTOCOL='h2',REQUEST_URL='https://rss.art19.com/nice-white-parents',
08-05 23:43:46.599 30584 31654 D HttpDownloader: Response code is 200
08-05 23:43:46.599 30584 31654 D UserPreferences: Using default data folder
08-05 23:43:46.600 30584 31654 D HttpDownloader: Getting size of download
08-05 23:43:46.600 30584 31654 D HttpDownloader: Size is -1
08-05 23:43:46.600 30584 31654 D UserPreferences: Using default data folder
08-05 23:43:46.601 30584 31654 D HttpDownloader: Free space is 20476510208
08-05 23:43:46.601 30584 31654 D HttpDownloader: Starting download
08-05 23:43:46.607 30584 31654 D HttpDownloader: Download was successful
08-05 23:43:46.609   918  6112 D WifiService: releaseWifiLockLocked: WifiLock{Downloader type=1 binder=android.os.BinderProxy@c73f932}
08-05 23:43:46.610 30584 31652 D downloadCompletionThd: Received 'Download Complete' - message.
08-05 23:43:46.610 30584 31652 D DownloadService: Handling completed Feed Download
08-05 23:43:46.610 30584 30584 D DownloadService: Removing downloader: https://rss.art19.com/nice-white-parents
08-05 23:43:46.611 30584 30584 D DownloadService: Result of downloads.remove: true
08-05 23:43:46.612 30584 30584 D OnlineFeedViewActivity: onEventMainThread() called with: event = [DownloadEvent{update=DownloaderUpdate{downloaders=[], feedIds=[], mediaIds=[]}}]
08-05 23:43:46.616 30584 30596 I art     : Explicit concurrent mark sweep GC freed 6921(375KB) AllocSpace objects, 4(220KB) LOS objects, 36% free, 28MB/44MB, paused 1.879ms total 29.524ms
08-05 23:43:46.617 30584 31670 D TypeGetter: Recognized type RSS 2.0
08-05 23:43:46.619 30584 31670 D SyndHandler: Recognized ITunes namespace
08-05 23:43:46.619 30584 31670 D SyndHandler: Recognized Atom namespace
08-05 23:43:46.619 30584 31670 D SyndHandler: Recognized Content namespace
08-05 23:43:46.624 30584 31670 D FeedSyncThread: Nice White Parents parsed
08-05 23:43:46.624 30584 31670 D FeedSyncThread: Deletion of file '/storage/emulated/0/Android/data/baseline.de.danoeh.antennapod.debug/files/cache/feed-Nice White Parents' successful
08-05 23:43:46.624 30584 31670 D DBReader: getFeedDownloadLog() called with: feed = [baseline.de.danoeh.antennapod.core.feed.Feed@0]
08-05 23:43:46.625 30584 30596 I art     : Starting a blocking GC Explicit
08-05 23:43:46.629 30584 31653 D FeedSyncThread: Bundling 1 feeds
08-05 23:43:46.630 30584 31671 D DBReader: Extracting Feedlist
08-05 23:43:46.631 30584 31671 D DBTasks : Found no existing Feed with title Nice White Parents. Adding as new one.
08-05 23:43:46.633 30584 31672 D PodDBAdapter: Setting feed with flattr status Nice White Parents: 0
08-05 23:43:46.633 30584 31672 D baseline.de.danoeh.antennapod.core.storage.PodDBAdapter@d992bce: Inserting new Feed into db
08-05 23:43:46.651 30584 30584 D EventDistributor: Processing event queue. Number of events: 1
08-05 23:43:46.651 30584 30584 D EventDistributor: Notifying observers. Data: 1
08-05 23:43:46.652 30584 30584 D DownloadService: 0 downloads left
08-05 23:43:46.652 30584 31150 D DBReader: Extracting Feedlist
08-05 23:43:46.652 30584 30596 I art     : Explicit concurrent mark sweep GC freed 1782(320KB) AllocSpace objects, 4(80KB) LOS objects, 36% free, 28MB/44MB, paused 975us total 27.170ms
08-05 23:43:46.652 30584 30584 D DownloadService: Number of downloads is 0, attempting shutdown
08-05 23:43:46.653 30584 30584 D DownloadService: Service shutting down
08-05 23:43:46.653 30584 30584 D DownloadService: No report is created
08-05 23:43:46.653 30584 30584 D OnlineFeedViewActivity: onEventMainThread() called with: event = [DownloadEvent{update=DownloaderUpdate{downloaders=[], feedIds=[], mediaIds=[]}}]
08-05 23:43:46.657 30584 30584 D DownloadService: NotificationUpdater cancelled. Result: false
08-05 23:43:46.657 30584 31652 E downloadCompletionThd: DownloadCompletionThread was interrupted
08-05 23:43:46.657 30584 30584 D DBTasks : autodownloadUndownloadedItems
08-05 23:43:46.659 30584 31673 D NetworkUtils: Device is connected to Wi-Fi
08-05 23:43:46.659 30584 31673 D NetworkUtils: Auto-dl filter is disabled
08-05 23:43:46.661 30584 30596 I art     : Starting a blocking GC Explicit
08-05 23:43:46.686 30584 30596 I art     : Explicit concurrent mark sweep GC freed 511(34KB) AllocSpace objects, 0(0B) LOS objects, 36% free, 27MB/43MB, paused 707us total 24.001ms
08-05 23:43:46.694 30584 30596 I art     : Starting a blocking GC Explicit
08-05 23:43:46.718 30584 30596 I art     : Explicit concurrent mark sweep GC freed 88(3KB) AllocSpace objects, 0(0B) LOS objects, 36% free, 27MB/43MB, paused 756us total 23.766ms
08-05 23:43:46.727 30584 30596 I art     : Starting a blocking GC Explicit
08-05 23:43:46.751 30584 30596 I art     : Explicit concurrent mark sweep GC freed 14(544B) AllocSpace objects, 0(0B) LOS objects, 36% free, 27MB/43MB, paused 745us total 24.127ms
08-05 23:43:46.778   512  2967 D audio_hw_primary: disable_audio_route: reset and update mixer path: low-latency-playback speaker
08-05 23:43:46.780   512  2967 D audio_hw_primary: disable_snd_device: snd_device(2: speaker)
08-05 23:43:46.788   512  2967 I soundtrigger: audio_extn_sound_trigger_update_device_status: device 0x2 of type 0 for Event 0
08-05 23:43:46.866   918  1210 D NetlinkSocketObserver: NeighborEvent{elapsedMs=1817630741, 192.168.2.254, [7C3953A63323], RTM_NEWNEIGH, NUD_STALE}
08-05 23:43:47.035 30584 31162 I art     : Starting a blocking GC Explicit
08-05 23:43:47.063 30584 31162 I art     : Explicit concurrent mark sweep GC freed 1379(80KB) AllocSpace objects, 1(20KB) LOS objects, 36% free, 27MB/43MB, paused 754us total 27.499ms
08-05 23:43:47.072 30584 31162 I art     : Starting a blocking GC Explicit
08-05 23:43:47.099 30584 31162 I art     : Explicit concurrent mark sweep GC freed 26(912B) AllocSpace objects, 0(0B) LOS objects, 36% free, 27MB/43MB, paused 775us total 26.750ms
08-05 23:43:47.109 30584 31162 I art     : Starting a blocking GC Explicit
08-05 23:43:47.136 30584 31162 I art     : Explicit concurrent mark sweep GC freed 3(96B) AllocSpace objects, 0(0B) LOS objects, 36% free, 27MB/43MB, paused 851us total 26.818ms
08-05 23:43:47.145 30584 31162 I art     : Starting a blocking GC Explicit
08-05 23:43:47.172 30584 31162 I art     : Explicit concurrent mark sweep GC freed 3(96B) AllocSpace objects, 0(0B) LOS objects, 36% free, 27MB/43MB, paused 756us total 26.911ms
08-05 23:43:47.182 30584 31162 I art     : Starting a blocking GC Explicit
08-05 23:43:47.209 30584 31162 I art     : Explicit concurrent mark sweep GC freed 3(96B) AllocSpace objects, 0(0B) LOS objects, 36% free, 27MB/43MB, paused 811us total 26.961ms
08-05 23:43:47.495 30584 30596 I art     : Starting a blocking GC Explicit
08-05 23:43:47.534 30584 30596 I art     : Explicit concurrent mark sweep GC freed 1367(82KB) AllocSpace objects, 1(20KB) LOS objects, 36% free, 27MB/43MB, paused 840us total 38.655ms
08-05 23:43:47.549 30584 30596 I art     : Starting a blocking GC Explicit
08-05 23:43:47.576 30584 30596 I art     : Explicit concurrent mark sweep GC freed 23(752B) AllocSpace objects, 0(0B) LOS objects, 36% free, 27MB/43MB, paused 742us total 27.472ms
08-05 23:43:47.586 30584 30596 I art     : Starting a blocking GC Explicit
08-05 23:43:47.613 30584 30596 I art     : Explicit concurrent mark sweep GC freed 32(880B) AllocSpace objects, 0(0B) LOS objects, 36% free, 27MB/43MB, paused 761us total 27.189ms
08-05 23:43:47.622 30584 30596 I art     : Starting a blocking GC Explicit
08-05 23:43:47.650 30584 30596 I art     : Explicit concurrent mark sweep GC freed 3(96B) AllocSpace objects, 0(0B) LOS objects, 36% free, 27MB/43MB, paused 764us total 27.340ms
08-05 23:43:47.660 30584 30596 I art     : Starting a blocking GC Explicit
08-05 23:43:47.688 30584 30596 I art     : Explicit concurrent mark sweep GC freed 3(96B) AllocSpace objects, 0(0B) LOS objects, 36% free, 27MB/43MB, paused 801us total 28.267ms
08-05 23:43:47.992 30584 30597 I art     : Starting a blocking GC Explicit
08-05 23:43:48.029 30584 30597 I art     : Explicit concurrent mark sweep GC freed 1373(82KB) AllocSpace objects, 1(20KB) LOS objects, 36% free, 27MB/43MB, paused 840us total 36.598ms
08-05 23:43:48.041 30584 30597 I art     : Starting a blocking GC Explicit
08-05 23:43:48.069 30584 30597 I art     : Explicit concurrent mark sweep GC freed 23(752B) AllocSpace objects, 0(0B) LOS objects, 36% free, 27MB/43MB, paused 774us total 27.814ms
08-05 23:43:48.078 30584 30597 I art     : Starting a blocking GC Explicit
08-05 23:43:48.105 30584 30597 I art     : Explicit concurrent mark sweep GC freed 3(96B) AllocSpace objects, 0(0B) LOS objects, 36% free, 27MB/43MB, paused 732us total 26.309ms
08-05 23:43:48.114 30584 30597 I art     : Starting a blocking GC Explicit
08-05 23:43:48.143 30584 30597 I art     : Explicit concurrent mark sweep GC freed 3(96B) AllocSpace objects, 0(0B) LOS objects, 36% free, 27MB/43MB, paused 840us total 28.111ms
08-05 23:43:48.152 30584 30597 I art     : Starting a blocking GC Explicit
08-05 23:43:48.180 30584 30597 I art     : Explicit concurrent mark sweep GC freed 3(96B) AllocSpace objects, 0(0B) LOS objects, 36% free, 27MB/43MB, paused 753us total 27.767ms
08-05 23:43:48.504   918   927 I art     : Background sticky concurrent mark sweep GC freed 95595(10MB) AllocSpace objects, 181(3MB) LOS objects, 17% free, 70MB/85MB, paused 1.563ms total 104.955ms
08-05 23:43:48.539 30584 30617 I art     : Starting a blocking GC Explicit
08-05 23:43:48.566 30584 30617 I art     : Explicit concurrent mark sweep GC freed 1372(82KB) AllocSpace objects, 1(20KB) LOS objects, 36% free, 27MB/43MB, paused 751us total 26.883ms
08-05 23:43:48.575 30584 30617 I art     : Starting a blocking GC Explicit
08-05 23:43:48.602 30584 30617 I art     : Explicit concurrent mark sweep GC freed 62(1920B) AllocSpace objects, 0(0B) LOS objects, 36% free, 27MB/43MB, paused 764us total 26.360ms
08-05 23:43:48.611 30584 30617 I art     : Starting a blocking GC Explicit
08-05 23:43:48.639 30584 30617 I art     : Explicit concurrent mark sweep GC freed 3(96B) AllocSpace objects, 0(0B) LOS objects, 36% free, 27MB/43MB, paused 793us total 27.725ms
08-05 23:43:48.649 30584 30617 I art     : Starting a blocking GC Explicit
08-05 23:43:48.676 30584 30617 I art     : Explicit concurrent mark sweep GC freed 3(96B) AllocSpace objects, 0(0B) LOS objects, 36% free, 27MB/43MB, paused 740us total 26.754ms
08-05 23:43:48.685 30584 30617 I art     : Starting a blocking GC Explicit
08-05 23:43:48.713 30584 30617 I art     : Explicit concurrent mark sweep GC freed 3(96B) AllocSpace objects, 0(0B) LOS objects, 36% free, 27MB/43MB, paused 764us total 27.361ms
08-05 23:43:49.027 30584 31025 I art     : Starting a blocking GC Explicit
08-05 23:43:49.063 30584 31025 I art     : Explicit concurrent mark sweep GC freed 1370(80KB) AllocSpace objects, 1(20KB) LOS objects, 36% free, 27MB/43MB, paused 845us total 35.008ms
08-05 23:43:49.075 30584 31025 I art     : Starting a blocking GC Explicit
08-05 23:43:49.104 30584 31025 I art     : Explicit concurrent mark sweep GC freed 23(752B) AllocSpace objects, 0(0B) LOS objects, 36% free, 27MB/43MB, paused 766us total 27.896ms
08-05 23:43:49.113 30584 31025 I art     : Starting a blocking GC Explicit
08-05 23:43:49.141 30584 31025 I art     : Explicit concurrent mark sweep GC freed 3(96B) AllocSpace objects, 0(0B) LOS objects, 36% free, 27MB/43MB, paused 882us total 27.815ms
08-05 23:43:49.151 30584 31025 I art     : Starting a blocking GC Explicit
08-05 23:43:49.179 30584 31025 I art     : Explicit concurrent mark sweep GC freed 3(96B) AllocSpace objects, 0(0B) LOS objects, 36% free, 27MB/43MB, paused 760us total 27.450ms
08-05 23:43:49.188 30584 31025 I art     : Starting a blocking GC Explicit
08-05 23:43:49.215 30584 31025 I art     : Explicit concurrent mark sweep GC freed 3(96B) AllocSpace objects, 0(0B) LOS objects, 36% free, 27MB/43MB, paused 752us total 26.858ms
08-05 23:43:49.536 30584 31162 I art     : Starting a blocking GC Explicit
08-05 23:43:49.571 30584 31162 I art     : Explicit concurrent mark sweep GC freed 1366(80KB) AllocSpace objects, 1(20KB) LOS objects, 36% free, 27MB/43MB, paused 905us total 34.134ms
08-05 23:43:49.583 30584 31162 I art     : Starting a blocking GC Explicit
08-05 23:43:49.611 30584 31162 I art     : Explicit concurrent mark sweep GC freed 52(1536B) AllocSpace objects, 0(0B) LOS objects, 36% free, 27MB/43MB, paused 843us total 28.118ms
08-05 23:43:49.620 30584 31162 I art     : Starting a blocking GC Explicit
08-05 23:43:49.648 30584 31162 I art     : Explicit concurrent mark sweep GC freed 3(96B) AllocSpace objects, 0(0B) LOS objects, 36% free, 27MB/43MB, paused 859us total 27.046ms
08-05 23:43:49.657 30584 31162 I art     : Starting a blocking GC Explicit
08-05 23:43:49.684 30584 31162 I art     : Explicit concurrent mark sweep GC freed 3(96B) AllocSpace objects, 0(0B) LOS objects, 36% free, 27MB/43MB, paused 745us total 26.931ms
08-05 23:43:49.694 30584 31162 I art     : Starting a blocking GC Explicit
08-05 23:43:49.722 30584 31162 I art     : Explicit concurrent mark sweep GC freed 3(96B) AllocSpace objects, 0(0B) LOS objects, 36% free, 27MB/43MB, paused 763us total 27.926ms
08-05 23:43:50.046 30584 30596 I art     : Starting a blocking GC Explicit
08-05 23:43:50.082 30584 30596 I art     : Explicit concurrent mark sweep GC freed 1367(82KB) AllocSpace objects, 1(20KB) LOS objects, 36% free, 27MB/43MB, paused 773us total 35.776ms
08-05 23:43:50.092 30584 30596 I art     : Starting a blocking GC Explicit
08-05 23:43:50.120 30584 30596 I art     : Explicit concurrent mark sweep GC freed 23(752B) AllocSpace objects, 0(0B) LOS objects, 36% free, 27MB/43MB, paused 752us total 27.799ms
08-05 23:43:50.129 30584 30596 I art     : Starting a blocking GC Explicit
08-05 23:43:50.157 30584 30596 I art     : Explicit concurrent mark sweep GC freed 3(96B) AllocSpace objects, 0(0B) LOS objects, 36% free, 27MB/43MB, paused 854us total 27.759ms
08-05 23:43:50.167 30584 30596 I art     : Starting a blocking GC Explicit
08-05 23:43:50.195 30584 30596 I art     : Explicit concurrent mark sweep GC freed 3(96B) AllocSpace objects, 0(0B) LOS objects, 36% free, 27MB/43MB, paused 774us total 27.521ms
08-05 23:43:50.204 30584 30596 I art     : Starting a blocking GC Explicit
08-05 23:43:50.231 30584 30596 I art     : Explicit concurrent mark sweep GC freed 3(96B) AllocSpace objects, 0(0B) LOS objects, 36% free, 27MB/43MB, paused 711us total 27.053ms
08-05 23:43:50.532 30584 30597 I art     : Starting a blocking GC Explicit
08-05 23:43:50.560 30584 30597 I art     : Explicit concurrent mark sweep GC freed 1366(80KB) AllocSpace objects, 1(20KB) LOS objects, 36% free, 27MB/43MB, paused 852us total 27.230ms
08-05 23:43:50.571 30584 30597 I art     : Starting a blocking GC Explicit
08-05 23:43:50.596 30584 30597 I art     : Explicit concurrent mark sweep GC freed 52(1536B) AllocSpace objects, 0(0B) LOS objects, 36% free, 27MB/43MB, paused 829us total 25.530ms
08-05 23:43:50.605 30584 30597 I art     : Starting a blocking GC Explicit
08-05 23:43:50.629 30584 30597 I art     : Explicit concurrent mark sweep GC freed 3(96B) AllocSpace objects, 0(0B) LOS objects, 36% free, 27MB/43MB, paused 724us total 23.765ms
08-05 23:43:50.638 30584 30597 I art     : Starting a blocking GC Explicit
08-05 23:43:50.664 30584 30597 I art     : Explicit concurrent mark sweep GC freed 3(96B) AllocSpace objects, 0(0B) LOS objects, 36% free, 27MB/43MB, paused 758us total 25.689ms
08-05 23:43:50.673 30584 30597 I art     : Starting a blocking GC Explicit
08-05 23:43:50.698 30584 30597 I art     : Explicit concurrent mark sweep GC freed 3(96B) AllocSpace objects, 0(0B) LOS objects, 36% free, 27MB/43MB, paused 766us total 25.499ms
08-05 23:43:50.878 31758 31758 D AndroidRuntime: >>>>>> START com.android.internal.os.RuntimeInit uid 2000 <<<<<<
08-05 23:43:50.882 31758 31758 D AndroidRuntime: CheckJNI is OFF
08-05 23:43:50.914 31758 31758 D ICU     : No timezone override file found: /data/misc/zoneinfo/current/icu/icu_tzdata.dat
08-05 23:43:50.947 31758 31758 I Radio-JNI: register_android_hardware_Radio DONE
08-05 23:43:50.970 31758 31758 D AndroidRuntime: Calling main entry com.android.commands.input.Input
08-05 23:43:50.972 31758 31758 I Input   : injectKeyEvent: KeyEvent { action=ACTION_DOWN, keyCode=KEYCODE_BACK, scanCode=0, metaState=0, flags=0x0, repeatCount=0, eventTime=834247385, downTime=834247385, deviceId=-1, source=0x101 }
08-05 23:43:50.976 31758 31758 I Input   : injectKeyEvent: KeyEvent { action=ACTION_UP, keyCode=KEYCODE_BACK, scanCode=0, metaState=0, flags=0x0, repeatCount=0, eventTime=834247385, downTime=834247385, deviceId=-1, source=0x101 }
08-05 23:43:50.983 31758 31758 D AndroidRuntime: Shutting down VM
08-05 23:43:50.987 30584 30584 V PlaybackController: initServiceNotRunning()
08-05 23:43:50.987 30584 30584 D ExternalPlayerFragment: Loading media info
08-05 23:43:50.990 30584 30584 D UserPreferences: Using default data folder
08-05 23:43:50.990 30584 31150 D DBReader: getNavDrawerData() called with: 
08-05 23:43:50.994 30584 31150 D DBReader: getDownloadedItems() called
08-05 23:43:50.994 30584 31150 D DBReader: getFavoriteIDList() called
08-05 23:43:50.995 30584 31150 D DBReader: getQueueIDList() called
08-05 23:43:50.995 30584 31150 D DBReader: Extracting Feedlist
08-05 23:43:50.999 30584 30597 I art     : Starting a blocking GC Explicit
08-05 23:43:51.018 30584 30584 D MainActivity: getLastNavFragment() -> AddFeedFragment
08-05 23:43:51.020 13866 13866 I GoogleInputMethodServic: GoogleInputMethodService.onFinishInput():3138 
08-05 23:43:51.021 13866 13866 I GoogleInputMethodServic: GoogleInputMethodService.onStartInput():1808 
08-05 23:43:51.027 30584 30597 I art     : Explicit concurrent mark sweep GC freed 1978(127KB) AllocSpace objects, 1(20KB) LOS objects, 36% free, 27MB/43MB, paused 1.130ms total 26.983ms
08-05 23:43:51.036 30584 30597 I art     : Starting a blocking GC Explicit
08-05 23:43:51.042 30584 31555 D ApOkHttpUrlLoader: buildLoadData() called with: model = [https://content.production.cdn.art19.com/images/89/e0/88/44/89e08844-ac28-4fc0-96fa-15a41fec2014/262c12ed699a8d9720dea0bd66449d998e4a08cf18095bed170ccaa76722045fa5dbf7a366918b2db7e3acf29ad22f6b99fd659a9409cb807bf2781d968932f8.jpeg], width = [140], height = [140]
08-05 23:43:51.062 30584 30597 I art     : Explicit concurrent mark sweep GC freed 725(56KB) AllocSpace objects, 0(0B) LOS objects, 36% free, 28MB/44MB, paused 1.080ms total 26.047ms
08-05 23:43:51.071 30584 30597 I art     : Starting a blocking GC Explicit
08-05 23:43:51.096 30584 30597 I art     : Explicit concurrent mark sweep GC freed 229(12KB) AllocSpace objects, 0(0B) LOS objects, 36% free, 28MB/44MB, paused 826us total 24.793ms
08-05 23:43:51.105 30584 30597 I art     : Starting a blocking GC Explicit
08-05 23:43:51.129 30584 30597 I art     : Explicit concurrent mark sweep GC freed 13(848B) AllocSpace objects, 0(0B) LOS objects, 36% free, 28MB/44MB, paused 1.073ms total 23.657ms
08-05 23:43:51.138 30584 30597 I art     : Starting a blocking GC Explicit
08-05 23:43:51.163 30584 30597 I art     : Explicit concurrent mark sweep GC freed 3(96B) AllocSpace objects, 0(0B) LOS objects, 36% free, 28MB/44MB, paused 725us total 24.541ms
08-05 23:43:51.329   380   380 W SurfaceFlinger: couldn't log to binary event log: overflow.
08-05 23:43:51.415 30584 31025 I art     : Starting a blocking GC Explicit
08-05 23:43:51.441 30584 31025 I art     : Explicit concurrent mark sweep GC freed 2218(126KB) AllocSpace objects, 1(20KB) LOS objects, 36% free, 28MB/44MB, paused 739us total 25.192ms
08-05 23:43:51.449 30584 31025 I art     : Starting a blocking GC Explicit
08-05 23:43:51.472 30584 31025 I art     : Explicit concurrent mark sweep GC freed 2499(153KB) AllocSpace objects, 2(248KB) LOS objects, 36% free, 27MB/43MB, paused 722us total 23.175ms
08-05 23:43:51.481 30584 31025 I art     : Starting a blocking GC Explicit
08-05 23:43:51.503 30584 31025 I art     : Explicit concurrent mark sweep GC freed 3(96B) AllocSpace objects, 0(0B) LOS objects, 36% free, 27MB/43MB, paused 718us total 22.492ms
08-05 23:43:51.512 30584 31025 I art     : Starting a blocking GC Explicit
08-05 23:43:51.535 30584 31025 I art     : Explicit concurrent mark sweep GC freed 3(96B) AllocSpace objects, 0(0B) LOS objects, 36% free, 27MB/43MB, paused 729us total 23.255ms
08-05 23:43:51.544 30584 31025 I art     : Starting a blocking GC Explicit
08-05 23:43:51.567 30584 31025 I art     : Explicit concurrent mark sweep GC freed 3(96B) AllocSpace objects, 0(0B) LOS objects, 36% free, 27MB/43MB, paused 811us total 23.308ms
08-05 23:43:51.858 30584 30596 I art     : Starting a blocking GC Explicit
08-05 23:43:51.885 30584 30596 I art     : Explicit concurrent mark sweep GC freed 1401(83KB) AllocSpace objects, 1(20KB) LOS objects, 36% free, 27MB/43MB, paused 767us total 26.752ms
08-05 23:43:51.894 30584 30596 I art     : Starting a blocking GC Explicit
08-05 23:43:51.920 30584 30596 I art     : Explicit concurrent mark sweep GC freed 23(752B) AllocSpace objects, 0(0B) LOS objects, 36% free, 27MB/43MB, paused 762us total 26.251ms
08-05 23:43:51.930 30584 30596 I art     : Starting a blocking GC Explicit
08-05 23:43:51.957 30584 30596 I art     : Explicit concurrent mark sweep GC freed 3(96B) AllocSpace objects, 0(0B) LOS objects, 36% free, 27MB/43MB, paused 1.023ms total 27.181ms
08-05 23:43:51.967 30584 30596 I art     : Starting a blocking GC Explicit
08-05 23:43:51.993 30584 30596 I art     : Explicit concurrent mark sweep GC freed 3(96B) AllocSpace objects, 0(0B) LOS objects, 36% free, 27MB/43MB, paused 761us total 26.259ms
08-05 23:43:52.003 30584 30596 I art     : Starting a blocking GC Explicit
08-05 23:43:52.028 30584 30596 I art     : Explicit concurrent mark sweep GC freed 3(96B) AllocSpace objects, 0(0B) LOS objects, 36% free, 27MB/43MB, paused 794us total 25.628ms
08-05 23:43:52.311 30584 31162 I art     : Starting a blocking GC Explicit
08-05 23:43:52.338 30584 31162 I art     : Explicit concurrent mark sweep GC freed 1368(80KB) AllocSpace objects, 1(20KB) LOS objects, 36% free, 27MB/43MB, paused 872us total 26.304ms
08-05 23:43:52.347 30584 31162 I art     : Starting a blocking GC Explicit
08-05 23:43:52.372 30584 31162 I art     : Explicit concurrent mark sweep GC freed 23(752B) AllocSpace objects, 0(0B) LOS objects, 36% free, 27MB/43MB, paused 769us total 24.726ms
08-05 23:43:52.381 30584 31162 I art     : Starting a blocking GC Explicit
08-05 23:43:52.407 30584 31162 I art     : Explicit concurrent mark sweep GC freed 3(96B) AllocSpace objects, 0(0B) LOS objects, 36% free, 27MB/43MB, paused 764us total 25.185ms
08-05 23:43:52.415 30584 31162 I art     : Starting a blocking GC Explicit
08-05 23:43:52.440 30584 31162 I art     : Explicit concurrent mark sweep GC freed 3(96B) AllocSpace objects, 0(0B) LOS objects, 36% free, 27MB/43MB, paused 753us total 24.874ms
08-05 23:43:52.449 30584 31162 I art     : Starting a blocking GC Explicit
08-05 23:43:52.474 30584 31162 I art     : Explicit concurrent mark sweep GC freed 3(96B) AllocSpace objects, 0(0B) LOS objects, 36% free, 27MB/43MB, paused 769us total 24.728ms
08-05 23:43:52.643 31810 31810 D AndroidRuntime: >>>>>> START com.android.internal.os.RuntimeInit uid 2000 <<<<<<
08-05 23:43:52.648 31810 31810 D AndroidRuntime: CheckJNI is OFF
08-05 23:43:52.681 31810 31810 D ICU     : No timezone override file found: /data/misc/zoneinfo/current/icu/icu_tzdata.dat
08-05 23:43:52.711 31810 31810 I Radio-JNI: register_android_hardware_Radio DONE
08-05 23:43:52.732 31810 31810 D AndroidRuntime: Calling main entry com.android.commands.input.Input
08-05 23:43:52.733 31810 31810 I Input   : injectMotionEvent: MotionEvent { action=ACTION_DOWN, actionButton=0, id[0]=0, x[0]=639.0, y[0]=762.0, toolType[0]=TOOL_TYPE_UNKNOWN, buttonState=0, metaState=0, flags=0x0, edgeFlags=0x0, pointerCount=1, historySize=0, eventTime=834249146, downTime=834249146, deviceId=0, source=0x1002 }
08-05 23:43:52.737 31810 31810 I Input   : injectMotionEvent: MotionEvent { action=ACTION_UP, actionButton=0, id[0]=0, x[0]=639.0, y[0]=762.0, toolType[0]=TOOL_TYPE_UNKNOWN, buttonState=0, metaState=0, flags=0x0, edgeFlags=0x0, pointerCount=1, historySize=0, eventTime=834249146, downTime=834249146, deviceId=0, source=0x1002 }
08-05 23:43:52.739 31810 31810 D AndroidRuntime: Shutting down VM
08-05 23:43:52.781 30584 31162 I art     : Starting a blocking GC Explicit
08-05 23:43:52.805 30584 31162 I art     : Explicit concurrent mark sweep GC freed 1447(83KB) AllocSpace objects, 1(20KB) LOS objects, 36% free, 27MB/43MB, paused 687us total 24.586ms
08-05 23:43:52.816 30584 31162 I art     : Starting a blocking GC Explicit
08-05 23:43:52.817   512  2967 D audio_hw_primary: out_set_parameters: enter: usecase(1: low-latency-playback) kvpairs: routing=2
08-05 23:43:52.830   512  2967 D audio_hw_primary: select_devices: out_snd_device(2: speaker) in_snd_device(0: none)
08-05 23:43:52.830   512  2967 D msm8974_platform: platform_send_audio_calibration: sending audio calibration for snd_device(2) acdb_id(15)
08-05 23:43:52.830   512  2967 I soundtrigger: audio_extn_sound_trigger_update_device_status: device 0x2 of type 0 for Event 1
08-05 23:43:52.836 13866 13866 I GoogleInputMethodServic: GoogleInputMethodService.onFinishInput():3138 
08-05 23:43:52.837 13866 13866 I GoogleInputMethodServic: GoogleInputMethodService.onStartInput():1808 
08-05 23:43:52.840   512  2967 D audio_hw_primary: enable_snd_device: snd_device(2: speaker)
08-05 23:43:52.842   512  2967 D audio_hw_primary: enable_audio_route: apply and update mixer path: low-latency-playback speaker
08-05 23:43:52.843 30584 31162 I art     : Explicit concurrent mark sweep GC freed 189(8KB) AllocSpace objects, 0(0B) LOS objects, 36% free, 27MB/43MB, paused 838us total 27.066ms
08-05 23:43:52.852 30584 31162 I art     : Starting a blocking GC Explicit
08-05 23:43:52.876 30584 31162 I art     : Explicit concurrent mark sweep GC freed 55(2128B) AllocSpace objects, 0(0B) LOS objects, 36% free, 27MB/43MB, paused 786us total 23.922ms
08-05 23:43:52.885 30584 31162 I art     : Starting a blocking GC Explicit
08-05 23:43:52.909 30584 31162 I art     : Explicit concurrent mark sweep GC freed 15(544B) AllocSpace objects, 0(0B) LOS objects, 36% free, 27MB/43MB, paused 788us total 24.068ms
08-05 23:43:52.917 30584 31162 I art     : Starting a blocking GC Explicit
08-05 23:43:52.942 30584 31162 I art     : Explicit concurrent mark sweep GC freed 13(480B) AllocSpace objects, 0(0B) LOS objects, 36% free, 27MB/43MB, paused 780us total 24.447ms
08-05 23:43:53.026 30584 30604 I NAPPA_EXPERIMENTATION: MetricNetworkRequestExecutionTime: REQUEST_DURATION_SYSTEM='210',REQUEST_DURATION_OKHTTP='210',REQUEST_SYNCHRONOUS='TRUE',RESPONSE_CODE='200',RESPONSE_METHOD='GET',RESPONSE_LENGTH_OKHTTP='-1',RESPONSE_LENGTH_HEADER='622',REQUEST_PROTOCOL='h2',REQUEST_URL='https://itunes.apple.com/lookup?id=360084272',
08-05 23:43:53.049   918   928 I ActivityManager: START u0 {cmp=baseline.de.danoeh.antennapod.debug/baseline.de.danoeh.antennapod.activity.OnlineFeedViewActivity (has extras)} from uid 10711 on display 0
08-05 23:43:53.073 13866 13866 I GoogleInputMethodServic: GoogleInputMethodService.onFinishInput():3138 
08-05 23:43:53.074 13866 13866 I GoogleInputMethodServic: GoogleInputMethodService.onStartInput():1808 
08-05 23:43:53.094 30584 30584 D UserPreferences: Using default data folder
08-05 23:43:53.095 30584 30584 D OnlineFeedViewActivity: Activity was started with url http://joeroganexp.joerogan.libsynpro.com/rss
08-05 23:43:53.097 30584 30584 D OnlineFeedViewActivity: Starting feed download
08-05 23:43:53.099 30584 31149 D DBReader: Extracting Feedlist
08-05 23:43:53.101   918  3696 D WifiService: acquireWifiLockLocked: WifiLock{Downloader type=1 binder=android.os.BinderProxy@2238fad}
08-05 23:43:53.101 30584 31149 D AntennapodHttpClient: Creating new instance of HTTP client
08-05 23:43:53.145 30584 31149 D MYTAG   : interceptor 3a http://joeroganexp.joerogan.libsynpro.com/rss
08-05 23:43:53.145 30584 31149 I NAPPA_EXPERIMENTATION: MetricNetworkRequestExecutionTime: REQUEST_DURATION_SYSTEM='43',REQUEST_DURATION_OKHTTP='38',REQUEST_SYNCHRONOUS='TRUE',RESPONSE_CODE='200',RESPONSE_METHOD='GET',RESPONSE_LENGTH_OKHTTP='-1',RESPONSE_LENGTH_HEADER='307892',REQUEST_PROTOCOL='http/1.1',REQUEST_URL='http://joeroganexp.joerogan.libsynpro.com/rss',
08-05 23:43:53.145 30584 31149 D HttpDownloader: Response code is 200
08-05 23:43:53.145 30584 31149 D UserPreferences: Using default data folder
08-05 23:43:53.146 30584 31149 D HttpDownloader: Getting size of download
08-05 23:43:53.147 30584 31149 D HttpDownloader: Size is -1
08-05 23:43:53.147 30584 31149 D UserPreferences: Using default data folder
08-05 23:43:53.147 30584 31149 D HttpDownloader: Free space is 20476440576
08-05 23:43:53.147 30584 31149 D HttpDownloader: Starting download
08-05 23:43:53.158 13866 13866 I GoogleInputMethodServic: GoogleInputMethodService.onFinishInput():3138 
08-05 23:43:53.158 13866 13866 I GoogleInputMethodServic: GoogleInputMethodService.onStartInput():1808 
08-05 23:43:53.181   918   936 I ActivityManager: Displayed baseline.de.danoeh.antennapod.debug/baseline.de.danoeh.antennapod.activity.OnlineFeedViewActivity: +108ms
08-05 23:43:53.189 30584 31025 I art     : Starting a blocking GC Explicit
08-05 23:43:53.220 30584 31025 I art     : Explicit concurrent mark sweep GC freed 3462(234KB) AllocSpace objects, 1(20KB) LOS objects, 36% free, 27MB/43MB, paused 935us total 30.365ms
08-05 23:43:53.230 30584 31025 I art     : Starting a blocking GC Explicit
08-05 23:43:53.254 30584 31025 I art     : Explicit concurrent mark sweep GC freed 380(17KB) AllocSpace objects, 0(0B) LOS objects, 36% free, 27MB/43MB, paused 782us total 23.337ms
08-05 23:43:53.262 30584 31025 I art     : Starting a blocking GC Explicit
08-05 23:43:53.286 30584 31025 I art     : Explicit concurrent mark sweep GC freed 3(96B) AllocSpace objects, 0(0B) LOS objects, 36% free, 27MB/43MB, paused 822us total 23.933ms
08-05 23:43:53.295 30584 31025 I art     : Starting a blocking GC Explicit
08-05 23:43:53.317 30584 31149 D HttpDownloader: Download was successful
08-05 23:43:53.317   918   928 D WifiService: releaseWifiLockLocked: WifiLock{Downloader type=1 binder=android.os.BinderProxy@2238fad}
08-05 23:43:53.319 30584 30584 D OnlineFeedViewActivity: Parsing feed
08-05 23:43:53.319 30584 31025 I art     : Explicit concurrent mark sweep GC freed 6(176B) AllocSpace objects, 0(0B) LOS objects, 36% free, 27MB/43MB, paused 1.364ms total 24.205ms
08-05 23:43:53.323 30584 31849 D TypeGetter: Recognized type RSS 2.0
08-05 23:43:53.326 30584 31849 D SyndHandler: Recognized Atom namespace
08-05 23:43:53.326 30584 31849 D SyndHandler: Recognized ITunes namespace
08-05 23:43:53.327 30584 31849 D SyndHandler: Recognized media namespace
08-05 23:43:53.327 30584 31849 D SyndHandler: Recognized Content namespace
08-05 23:43:53.328 30584 31025 I art     : Starting a blocking GC Explicit
08-05 23:43:53.354 30584 31025 I art     : Explicit concurrent mark sweep GC freed 1109(197KB) AllocSpace objects, 3(60KB) LOS objects, 36% free, 28MB/44MB, paused 865us total 26.119ms
08-05 23:43:53.379   512  2967 D audio_hw_primary: disable_audio_route: reset and update mixer path: low-latency-playback speaker
08-05 23:43:53.380   512  2967 D audio_hw_primary: disable_snd_device: snd_device(2: speaker)
08-05 23:43:53.388   512  2967 I soundtrigger: audio_extn_sound_trigger_update_device_status: device 0x2 of type 0 for Event 0
08-05 23:43:53.415   380   380 W SurfaceFlinger: couldn't log to binary event log: overflow.
08-05 23:43:53.553 30584 30584 D PlaybackController: Releasing PlaybackController
08-05 23:43:53.648 30584 31162 I art     : Starting a blocking GC Explicit
08-05 23:43:53.688 30584 31162 I art     : Explicit concurrent mark sweep GC freed 23466(1271KB) AllocSpace objects, 1(20KB) LOS objects, 35% free, 28MB/44MB, paused 1.226ms total 39.626ms
08-05 23:43:53.698 30584 31162 I art     : Starting a blocking GC Explicit
08-05 23:43:53.726 30584 31162 I art     : Explicit concurrent mark sweep GC freed 5368(261KB) AllocSpace objects, 0(0B) LOS objects, 35% free, 28MB/44MB, paused 1.213ms total 28.301ms
08-05 23:43:53.735 30584 31162 I art     : Starting a blocking GC Explicit
08-05 23:43:53.762 30584 31162 I art     : Explicit concurrent mark sweep GC freed 6745(315KB) AllocSpace objects, 0(0B) LOS objects, 35% free, 28MB/44MB, paused 1.012ms total 26.699ms
08-05 23:43:53.771 30584 31162 I art     : Starting a blocking GC Explicit
08-05 23:43:53.797 30584 31162 I art     : Explicit concurrent mark sweep GC freed 2793(144KB) AllocSpace objects, 0(0B) LOS objects, 35% free, 28MB/44MB, paused 1.159ms total 26.314ms
08-05 23:43:53.806 30584 31162 I art     : Starting a blocking GC Explicit
08-05 23:43:53.834 30584 31162 I art     : Explicit concurrent mark sweep GC freed 2876(151KB) AllocSpace objects, 0(0B) LOS objects, 35% free, 28MB/44MB, paused 1.096ms total 27.280ms
08-05 23:43:54.112 30584 30617 I art     : Starting a blocking GC Explicit
08-05 23:43:54.147 30584 30617 I art     : Explicit concurrent mark sweep GC freed 23945(1269KB) AllocSpace objects, 1(20KB) LOS objects, 35% free, 29MB/45MB, paused 1.146ms total 35.098ms
08-05 23:43:54.158 30584 30617 I art     : Starting a blocking GC Explicit
08-05 23:43:54.189 30584 30617 I art     : Explicit concurrent mark sweep GC freed 4901(239KB) AllocSpace objects, 0(0B) LOS objects, 35% free, 29MB/45MB, paused 1.094ms total 30.911ms
08-05 23:43:54.198 30584 30617 I art     : Starting a blocking GC Explicit
08-05 23:43:54.211 21068 21207 E GoogleConversionReporter: Error sending ping
08-05 23:43:54.211 21068 21207 E GoogleConversionReporter: bljc: Exception in CronetUrlRequest: net::ERR_CONNECTION_CLOSED, ErrorCode=5, InternalErrorCode=-100, Retryable=true
08-05 23:43:54.211 21068 21207 E GoogleConversionReporter: 	at org.chromium.net.impl.CronetUrlRequest.onError(PG:55)
08-05 23:43:54.226 30584 30617 I art     : Explicit concurrent mark sweep GC freed 7649(359KB) AllocSpace objects, 0(0B) LOS objects, 35% free, 29MB/45MB, paused 1.086ms total 28.020ms
08-05 23:43:54.236 30584 30617 I art     : Starting a blocking GC Explicit
08-05 23:43:54.264 30584 30617 I art     : Explicit concurrent mark sweep GC freed 3088(159KB) AllocSpace objects, 0(0B) LOS objects, 35% free, 29MB/45MB, paused 1.095ms total 27.752ms
08-05 23:43:54.273 30584 30617 I art     : Starting a blocking GC Explicit
08-05 23:43:54.301 30584 30617 I art     : Explicit concurrent mark sweep GC freed 3060(166KB) AllocSpace objects, 0(0B) LOS objects, 35% free, 29MB/45MB, paused 1.004ms total 27.484ms
08-05 23:43:54.592 30584 31025 I art     : Starting a blocking GC Explicit
08-05 23:43:54.631 30584 31025 I art     : Explicit concurrent mark sweep GC freed 24900(1351KB) AllocSpace objects, 1(20KB) LOS objects, 34% free, 30MB/46MB, paused 1.244ms total 38.943ms
08-05 23:43:54.643 30584 31025 I art     : Starting a blocking GC Explicit
08-05 23:43:54.675 30584 31025 I art     : Explicit concurrent mark sweep GC freed 3476(190KB) AllocSpace objects, 0(0B) LOS objects, 34% free, 30MB/46MB, paused 1.431ms total 32.151ms
08-05 23:43:54.685 30584 31025 I art     : Starting a blocking GC Explicit
08-05 23:43:54.716 30584 31025 I art     : Explicit concurrent mark sweep GC freed 8818(424KB) AllocSpace objects, 0(0B) LOS objects, 34% free, 29MB/45MB, paused 1.126ms total 30.157ms
08-05 23:43:54.725 30584 31025 I art     : Starting a blocking GC Explicit
08-05 23:43:54.756 30584 31025 I art     : Explicit concurrent mark sweep GC freed 4425(223KB) AllocSpace objects, 0(0B) LOS objects, 34% free, 29MB/45MB, paused 1.012ms total 30.020ms
08-05 23:43:54.766 30584 31025 I art     : Starting a blocking GC Explicit
08-05 23:43:54.796 30584 31025 I art     : Explicit concurrent mark sweep GC freed 3196(165KB) AllocSpace objects, 0(0B) LOS objects, 34% free, 29MB/45MB, paused 1.051ms total 30.235ms
08-05 23:43:55.095 30584 30617 I art     : Starting a blocking GC Explicit
08-05 23:43:55.136 30584 30617 I art     : Explicit concurrent mark sweep GC freed 25823(1415KB) AllocSpace objects, 1(20KB) LOS objects, 34% free, 30MB/46MB, paused 1.246ms total 40.920ms
08-05 23:43:55.148 30584 30617 I art     : Starting a blocking GC Explicit
08-05 23:43:55.182 30584 30617 I art     : Explicit concurrent mark sweep GC freed 8844(424KB) AllocSpace objects, 0(0B) LOS objects, 34% free, 30MB/46MB, paused 1.808ms total 33.568ms
08-05 23:43:55.192 30584 30617 I art     : Starting a blocking GC Explicit
08-05 23:43:55.223 30584 30617 I art     : Explicit concurrent mark sweep GC freed 5422(268KB) AllocSpace objects, 0(0B) LOS objects, 34% free, 30MB/46MB, paused 1.072ms total 30.480ms
08-05 23:43:55.234 30584 30617 I art     : Starting a blocking GC Explicit
08-05 23:43:55.265 30584 30617 I art     : Explicit concurrent mark sweep GC freed 3296(183KB) AllocSpace objects, 0(0B) LOS objects, 34% free, 30MB/46MB, paused 1.049ms total 30.728ms
08-05 23:43:55.275 30584 30617 I art     : Starting a blocking GC Explicit
08-05 23:43:55.305 30584 30617 I art     : Explicit concurrent mark sweep GC freed 3378(223KB) AllocSpace objects, 0(0B) LOS objects, 34% free, 30MB/46MB, paused 1.058ms total 30.072ms
08-05 23:43:55.626 30584 31025 I art     : Starting a blocking GC Explicit
08-05 23:43:55.669 30584 31025 I art     : Explicit concurrent mark sweep GC freed 28627(1271KB) AllocSpace objects, 1(20KB) LOS objects, 33% free, 31MB/47MB, paused 1.267ms total 42.550ms
08-05 23:43:55.682 30584 31025 I art     : Starting a blocking GC Explicit
08-05 23:43:55.690   518   646 I ThermalEngine: ACTION: GPU - Setting GPU[0] to 450000000
08-05 23:43:55.702 30584 31849 D OnlineFeedViewActivity: Deleted feed source file. Result: true
08-05 23:43:55.721 30584 30584 D OnlineFeedViewActivity: Removing HTML from shownotes
08-05 23:43:55.723 30584 31025 I art     : Explicit concurrent mark sweep GC freed 6671(311KB) AllocSpace objects, 0(0B) LOS objects, 33% free, 31MB/47MB, paused 2.219ms total 40.701ms
08-05 23:43:55.737 30584 31025 I art     : Starting a blocking GC Explicit
08-05 23:43:55.784 30584 31025 I art     : Explicit concurrent mark sweep GC freed 40737(3MB) AllocSpace objects, 158(10MB) LOS objects, 33% free, 32MB/48MB, paused 1.295ms total 46.461ms
08-05 23:43:55.798 30584 31025 I art     : Starting a blocking GC Explicit
08-05 23:43:55.848 30584 31025 I art     : Explicit concurrent mark sweep GC freed 41813(3MB) AllocSpace objects, 183(12MB) LOS objects, 32% free, 32MB/48MB, paused 1.357ms total 49.473ms
08-05 23:43:55.863 30584 31025 I art     : Starting a blocking GC Explicit
08-05 23:43:55.916 30584 31025 I art     : Explicit concurrent mark sweep GC freed 43858(3MB) AllocSpace objects, 196(13MB) LOS objects, 32% free, 32MB/48MB, paused 1.519ms total 53.569ms
08-05 23:43:56.253 30584 31162 I art     : Starting a blocking GC Explicit
08-05 23:43:56.276 30584 31555 D ApOkHttpUrlLoader: buildLoadData() called with: model = [http://static.libsyn.com/p/assets/7/1/f/3/71f3014e14ef2722/JREiTunesImage2.jpg], width = [350], height = [350]
08-05 23:43:56.276 30584 30584 I Choreographer: Skipped 32 frames!  The application may be doing too much work on its main thread.
08-05 23:43:56.277 30584 31362 D DBReader: getImageAuthentication() called with: imageUrl = [http://static.libsyn.com/p/assets/7/1/f/3/71f3014e14ef2722/JREiTunesImage2.jpg]
08-05 23:43:56.279 30584 31362 D ApOkHttpUrlLoader: no credentials for 'http://static.libsyn.com/p/assets/7/1/f/3/71f3014e14ef2722/JREiTunesImage2.jpg'
08-05 23:43:56.303 30584 31162 I art     : Explicit concurrent mark sweep GC freed 23803(2MB) AllocSpace objects, 146(9MB) LOS objects, 33% free, 31MB/47MB, paused 2.244ms total 49.894ms
08-05 23:43:56.318 30584 31162 I art     : Starting a blocking GC Explicit
08-05 23:43:56.363 30584 31162 I art     : Explicit concurrent mark sweep GC freed 1242(64KB) AllocSpace objects, 0(0B) LOS objects, 33% free, 31MB/47MB, paused 1.282ms total 45.174ms
08-05 23:43:56.377 30584 31162 I art     : Starting a blocking GC Explicit
08-05 23:43:56.394 30584 31362 D MYTAG   : interceptor 2a
08-05 23:43:56.395 30584 31362 I NAPPA_EXPERIMENTATION: MetricNetworkRequestExecutionTime: REQUEST_DURATION_SYSTEM='115',REQUEST_DURATION_OKHTTP='34',REQUEST_SYNCHRONOUS='TRUE',RESPONSE_CODE='200',RESPONSE_METHOD='GET',RESPONSE_LENGTH_OKHTTP='402832',RESPONSE_LENGTH_HEADER='402832',REQUEST_PROTOCOL='http/1.1',REQUEST_URL='http://static.libsyn.com/p/assets/7/1/f/3/71f3014e14ef2722/JREiTunesImage2.jpg',
08-05 23:43:56.420 30584 31162 I art     : Explicit concurrent mark sweep GC freed 274(22KB) AllocSpace objects, 1(112KB) LOS objects, 34% free, 30MB/46MB, paused 1.185ms total 43.447ms
08-05 23:43:56.435 30584 31162 I art     : Starting a blocking GC Explicit
08-05 23:43:56.481 30584 31162 I art     : Explicit concurrent mark sweep GC freed 36(1568B) AllocSpace objects, 0(0B) LOS objects, 34% free, 30MB/46MB, paused 1.065ms total 45.276ms
08-05 23:43:56.496 30584 31162 I art     : Starting a blocking GC Explicit
08-05 23:43:56.542 30584 31162 I art     : Explicit concurrent mark sweep GC freed 47(2432B) AllocSpace objects, 0(0B) LOS objects, 33% free, 31MB/47MB, paused 1.227ms total 45.648ms
08-05 23:43:56.876 30584 30596 I art     : Starting a blocking GC Explicit
08-05 23:43:56.934 30584 30596 I art     : Explicit concurrent mark sweep GC freed 1531(96KB) AllocSpace objects, 1(20KB) LOS objects, 33% free, 31MB/47MB, paused 1.080ms total 58.006ms
08-05 23:43:56.951 30584 30596 I art     : Starting a blocking GC Explicit
08-05 23:43:56.997 30584 30596 I art     : Explicit concurrent mark sweep GC freed 29(944B) AllocSpace objects, 0(0B) LOS objects, 33% free, 31MB/47MB, paused 1.045ms total 45.043ms
08-05 23:43:57.012 30584 30596 I art     : Starting a blocking GC Explicit
08-05 23:43:57.055 30584 30596 I art     : Explicit concurrent mark sweep GC freed 3(96B) AllocSpace objects, 0(0B) LOS objects, 33% free, 31MB/47MB, paused 1.094ms total 42.621ms
08-05 23:43:57.069 30584 30596 I art     : Starting a blocking GC Explicit
08-05 23:43:57.115 30584 30596 I art     : Explicit concurrent mark sweep GC freed 3(96B) AllocSpace objects, 0(0B) LOS objects, 33% free, 31MB/47MB, paused 1.122ms total 45.207ms
08-05 23:43:57.130 30584 30596 I art     : Starting a blocking GC Explicit
08-05 23:43:57.178 30584 30596 I art     : Explicit concurrent mark sweep GC freed 3(96B) AllocSpace objects, 0(0B) LOS objects, 33% free, 31MB/47MB, paused 1.192ms total 47.576ms
08-05 23:43:57.509 31920 31920 D AndroidRuntime: >>>>>> START com.android.internal.os.RuntimeInit uid 2000 <<<<<<
08-05 23:43:57.511 30584 30597 I art     : Starting a blocking GC Explicit
08-05 23:43:57.516 31920 31920 D AndroidRuntime: CheckJNI is OFF
08-05 23:43:57.560 30584 30597 I art     : Explicit concurrent mark sweep GC freed 1370(80KB) AllocSpace objects, 1(20KB) LOS objects, 33% free, 31MB/47MB, paused 1.176ms total 48.663ms
08-05 23:43:57.563 31920 31920 D ICU     : No timezone override file found: /data/misc/zoneinfo/current/icu/icu_tzdata.dat
08-05 23:43:57.575 30584 30597 I art     : Starting a blocking GC Explicit
08-05 23:43:57.610 31920 31920 I Radio-JNI: register_android_hardware_Radio DONE
08-05 23:43:57.622 30584 30597 I art     : Explicit concurrent mark sweep GC freed 52(1536B) AllocSpace objects, 0(0B) LOS objects, 33% free, 31MB/47MB, paused 1.180ms total 46.309ms
08-05 23:43:57.637 30584 30597 I art     : Starting a blocking GC Explicit
08-05 23:43:57.640 31920 31920 D AndroidRuntime: Calling main entry com.android.commands.input.Input
08-05 23:43:57.643 31920 31920 I Input   : injectMotionEvent: MotionEvent { action=ACTION_DOWN, actionButton=0, id[0]=0, x[0]=693.0, y[0]=821.0, toolType[0]=TOOL_TYPE_UNKNOWN, buttonState=0, metaState=0, flags=0x0, edgeFlags=0x0, pointerCount=1, historySize=0, eventTime=834254055, downTime=834254055, deviceId=0, source=0x1002 }
08-05 23:43:57.651 31920 31920 I Input   : injectMotionEvent: MotionEvent { action=ACTION_UP, actionButton=0, id[0]=0, x[0]=693.0, y[0]=821.0, toolType[0]=TOOL_TYPE_UNKNOWN, buttonState=0, metaState=0, flags=0x0, edgeFlags=0x0, pointerCount=1, historySize=0, eventTime=834254055, downTime=834254055, deviceId=0, source=0x1002 }
08-05 23:43:57.655 31920 31920 D AndroidRuntime: Shutting down VM
08-05 23:43:57.672 30584 30584 D UserPreferences: Using default data folder
08-05 23:43:57.672 30584 30584 D DownloadRequester: partiallyDownloadedFileExists: false
08-05 23:43:57.672 30584 30584 D DownloadRequester: /storage/emulated/0/Android/data/baseline.de.danoeh.antennapod.debug/files/cache/feed-The Joe Rogan Experience is available as a download destination
08-05 23:43:57.673 30584 30584 D DownloadRequester: Requesting download of url http://joeroganexp.joerogan.libsynpro.com/rss
08-05 23:43:57.675   512  2967 D audio_hw_primary: out_set_parameters: enter: usecase(1: low-latency-playback) kvpairs: routing=2
08-05 23:43:57.684 30584 30597 I art     : Explicit concurrent mark sweep GC freed 161(9KB) AllocSpace objects, 0(0B) LOS objects, 33% free, 31MB/47MB, paused 1.109ms total 46.560ms
08-05 23:43:57.689   512  2967 D audio_hw_primary: select_devices: out_snd_device(2: speaker) in_snd_device(0: none)
08-05 23:43:57.689 30584 30584 D DownloadService: Service started
08-05 23:43:57.689   512  2967 D msm8974_platform: platform_send_audio_calibration: sending audio calibration for snd_device(2) acdb_id(15)
08-05 23:43:57.689   512  2967 I soundtrigger: audio_extn_sound_trigger_update_device_status: device 0x2 of type 0 for Event 1
08-05 23:43:57.690 30584 30584 D DownloadService: parallel downloads: 4
08-05 23:43:57.692 30584 31944 D downloadCompletionThd: downloadCompletionThread was started
08-05 23:43:57.694 30584 30584 D DownloadService: Notification set up
08-05 23:43:57.699 30584 30584 D DownloadService: Received enqueue request
08-05 23:43:57.700 30584 30584 D OnlineFeedViewActivity: onEventMainThread() called with: event = [DownloadEvent{update=DownloaderUpdate{downloaders=[baseline.de.danoeh.antennapod.core.service.download.HttpDownloader@8a56d55], feedIds=[0], mediaIds=[]}}]
08-05 23:43:57.700 30584 30584 D DownloadService: 1 downloads left
08-05 23:43:57.701 30584 30584 D DownloadService: Setting up notification updater
08-05 23:43:57.702   918  5952 D WifiService: acquireWifiLockLocked: WifiLock{Downloader type=1 binder=android.os.BinderProxy@a0046f4}
08-05 23:43:57.703 30584 30597 I art     : Starting a blocking GC Explicit
08-05 23:43:57.704   512  2967 D audio_hw_primary: enable_snd_device: snd_device(2: speaker)
08-05 23:43:57.705 30584 31946 D AntennapodHttpClient: Creating new instance of HTTP client
08-05 23:43:57.706   512  2967 D audio_hw_primary: enable_audio_route: apply and update mixer path: low-latency-playback speaker
08-05 23:43:57.745 30584 30597 I art     : Explicit concurrent mark sweep GC freed 911(47KB) AllocSpace objects, 0(0B) LOS objects, 33% free, 31MB/47MB, paused 1.282ms total 41.813ms
08-05 23:43:57.759 30584 30597 I art     : Starting a blocking GC Explicit
08-05 23:43:57.800 30584 30597 I art     : Explicit concurrent mark sweep GC freed 50(2448B) AllocSpace objects, 0(0B) LOS objects, 33% free, 31MB/47MB, paused 1.218ms total 41.281ms
08-05 23:43:57.832 30584 31946 D MYTAG   : interceptor 3a http://joeroganexp.joerogan.libsynpro.com/rss
08-05 23:43:57.832 30584 31946 I NAPPA_EXPERIMENTATION: MetricNetworkRequestExecutionTime: REQUEST_DURATION_SYSTEM='126',REQUEST_DURATION_OKHTTP='38',REQUEST_SYNCHRONOUS='TRUE',RESPONSE_CODE='200',RESPONSE_METHOD='GET',RESPONSE_LENGTH_OKHTTP='-1',RESPONSE_LENGTH_HEADER='307892',REQUEST_PROTOCOL='http/1.1',REQUEST_URL='http://joeroganexp.joerogan.libsynpro.com/rss',
08-05 23:43:57.833 30584 31946 D HttpDownloader: Response code is 200
08-05 23:43:57.833 30584 31946 D UserPreferences: Using default data folder
08-05 23:43:57.835 30584 31946 D HttpDownloader: Getting size of download
08-05 23:43:57.835 30584 31946 D HttpDownloader: Size is -1
08-05 23:43:57.835 30584 31946 D UserPreferences: Using default data folder
08-05 23:43:57.836 30584 31946 D HttpDownloader: Free space is 20475981824
08-05 23:43:57.836 30584 31946 D HttpDownloader: Starting download
08-05 23:43:57.958 30584 31946 D HttpDownloader: Download was successful
08-05 23:43:57.959   918  3670 D WifiService: releaseWifiLockLocked: WifiLock{Downloader type=1 binder=android.os.BinderProxy@a0046f4}
08-05 23:43:57.959 30584 31944 D downloadCompletionThd: Received 'Download Complete' - message.
08-05 23:43:57.960 30584 31944 D DownloadService: Handling completed Feed Download
08-05 23:43:57.960 30584 31945 D FeedSyncThread: Waiting for 3000 ms
08-05 23:43:57.964 30584 31954 D TypeGetter: Recognized type RSS 2.0
08-05 23:43:57.966 30584 31954 D SyndHandler: Recognized Atom namespace
08-05 23:43:57.966 30584 31954 D SyndHandler: Recognized ITunes namespace
08-05 23:43:57.966 30584 31954 D SyndHandler: Recognized media namespace
08-05 23:43:57.966 30584 31954 D SyndHandler: Recognized Content namespace
08-05 23:43:57.971 30584 30584 D DownloadService: Removing downloader: http://joeroganexp.joerogan.libsynpro.com/rss
08-05 23:43:57.972 30584 30584 D DownloadService: Result of downloads.remove: true
08-05 23:43:57.972 30584 30584 D OnlineFeedViewActivity: onEventMainThread() called with: event = [DownloadEvent{update=DownloaderUpdate{downloaders=[], feedIds=[], mediaIds=[]}}]
08-05 23:43:58.094 30584 30596 I art     : Starting a blocking GC Explicit
08-05 23:43:58.142 30584 30596 I art     : Explicit concurrent mark sweep GC freed 10442(714KB) AllocSpace objects, 4(80KB) LOS objects, 33% free, 32MB/48MB, paused 1.490ms total 47.806ms
08-05 23:43:58.157 30584 30596 I art     : Starting a blocking GC Explicit
08-05 23:43:58.202 30584 30596 I art     : Explicit concurrent mark sweep GC freed 5526(267KB) AllocSpace objects, 0(0B) LOS objects, 33% free, 32MB/48MB, paused 1.556ms total 44.583ms
08-05 23:43:58.216 30584 30596 I art     : Starting a blocking GC Explicit
08-05 23:43:58.248   512  2967 D audio_hw_primary: disable_audio_route: reset and update mixer path: low-latency-playback speaker
08-05 23:43:58.249   512  2967 D audio_hw_primary: disable_snd_device: snd_device(2: speaker)
08-05 23:43:58.257   512  2967 I soundtrigger: audio_extn_sound_trigger_update_device_status: device 0x2 of type 0 for Event 0
08-05 23:43:58.260 30584 30596 I art     : Explicit concurrent mark sweep GC freed 3567(182KB) AllocSpace objects, 0(0B) LOS objects, 33% free, 32MB/48MB, paused 1.392ms total 43.481ms
08-05 23:43:58.274 30584 30596 I art     : Starting a blocking GC Explicit
08-05 23:43:58.319 30584 30596 I art     : Explicit concurrent mark sweep GC freed 3473(183KB) AllocSpace objects, 0(0B) LOS objects, 33% free, 32MB/48MB, paused 1.573ms total 44.813ms
08-05 23:43:58.333 30584 30596 I art     : Starting a blocking GC Explicit
08-05 23:43:58.378 30584 30596 I art     : Explicit concurrent mark sweep GC freed 3391(177KB) AllocSpace objects, 0(0B) LOS objects, 33% free, 32MB/48MB, paused 1.401ms total 44.432ms
08-05 23:43:58.667 30584 30617 I art     : Starting a blocking GC Explicit
08-05 23:43:58.727 30584 30617 I art     : Explicit concurrent mark sweep GC freed 20001(1067KB) AllocSpace objects, 1(20KB) LOS objects, 32% free, 32MB/48MB, paused 1.738ms total 59.977ms
08-05 23:43:58.743 30584 30617 I art     : Starting a blocking GC Explicit
08-05 23:43:58.791 30584 30617 I art     : Explicit concurrent mark sweep GC freed 8721(417KB) AllocSpace objects, 0(0B) LOS objects, 32% free, 32MB/48MB, paused 1.557ms total 47.397ms
08-05 23:43:58.805 30584 30617 I art     : Starting a blocking GC Explicit
08-05 23:43:58.853 30584 30617 I art     : Explicit concurrent mark sweep GC freed 3839(190KB) AllocSpace objects, 0(0B) LOS objects, 32% free, 32MB/48MB, paused 1.592ms total 47.288ms
08-05 23:43:58.868 30584 30617 I art     : Starting a blocking GC Explicit
08-05 23:43:58.917 30584 30617 I art     : Explicit concurrent mark sweep GC freed 3819(193KB) AllocSpace objects, 0(0B) LOS objects, 32% free, 32MB/48MB, paused 1.509ms total 49.079ms
08-05 23:43:58.932 30584 30617 I art     : Starting a blocking GC Explicit
08-05 23:43:58.982 30584 30617 I art     : Explicit concurrent mark sweep GC freed 3830(192KB) AllocSpace objects, 0(0B) LOS objects, 32% free, 32MB/48MB, paused 1.589ms total 49.743ms
08-05 23:43:59.281 30584 30596 I art     : Starting a blocking GC Explicit
08-05 23:43:59.292   918  1209 D NetworkMonitor/NetworkAgentInfo [WIFI () - 159]: Checking http://connectivitycheck.gstatic.com/generate_204 on "H369AA63323", 192.168.2.12=192.168.2.12
08-05 23:43:59.340 30584 30596 I art     : Explicit concurrent mark sweep GC freed 20098(1097KB) AllocSpace objects, 1(20KB) LOS objects, 32% free, 33MB/49MB, paused 1.582ms total 59.028ms
08-05 23:43:59.357 30584 30596 I art     : Starting a blocking GC Explicit
08-05 23:43:59.359   918  1209 D NetworkMonitor/NetworkAgentInfo [WIFI () - 159]: Probably not a portal: exception java.io.IOException: unexpected end of stream on Connection{connectivitycheck.gstatic.com:80, proxy=HTTP@/192.168.2.12:8080 hostAddress=192.168.2.12 cipherSuite=none protocol=http/1.1} (recycle count=0)
08-05 23:43:59.360   918  3263 D ConnectivityService: NetworkAgentInfo [WIFI () - 159] validation failed
08-05 23:43:59.361   918  3261 E WifiConfigStore:  rewrite network history for "H369AA63323"WPA_PSK
08-05 23:43:59.406 30584 30596 I art     : Explicit concurrent mark sweep GC freed 8424(406KB) AllocSpace objects, 0(0B) LOS objects, 32% free, 33MB/49MB, paused 1.705ms total 48.794ms
08-05 23:43:59.421 30584 30596 I art     : Starting a blocking GC Explicit
08-05 23:43:59.474 30584 30584 D OnlineFeedViewActivity: onEventMainThread() called with: event = [DownloadEvent{update=DownloaderUpdate{downloaders=[], feedIds=[], mediaIds=[]}}]
08-05 23:43:59.474 30584 30596 I art     : Explicit concurrent mark sweep GC freed 4414(218KB) AllocSpace objects, 0(0B) LOS objects, 32% free, 33MB/49MB, paused 1.465ms total 52.344ms
08-05 23:43:59.490 30584 30596 I art     : Starting a blocking GC Explicit
08-05 23:43:59.545 30584 30596 I art     : Explicit concurrent mark sweep GC freed 4088(214KB) AllocSpace objects, 0(0B) LOS objects, 32% free, 33MB/49MB, paused 1.772ms total 55.485ms
08-05 23:43:59.561 30584 30596 I art     : Starting a blocking GC Explicit
08-05 23:43:59.616 30584 30596 I art     : Explicit concurrent mark sweep GC freed 4052(207KB) AllocSpace objects, 0(0B) LOS objects, 32% free, 33MB/49MB, paused 1.568ms total 54.462ms
08-05 23:43:59.943 30584 31162 I art     : Starting a blocking GC Explicit
08-05 23:44:00.009 30584 31162 I art     : Explicit concurrent mark sweep GC freed 21828(1215KB) AllocSpace objects, 1(20KB) LOS objects, 31% free, 34MB/50MB, paused 1.692ms total 66.105ms
08-05 23:44:00.026 30584 31162 I art     : Starting a blocking GC Explicit
08-05 23:44:00.073 30584 31162 I art     : Explicit concurrent mark sweep GC freed 9183(458KB) AllocSpace objects, 0(0B) LOS objects, 32% free, 33MB/49MB, paused 1.517ms total 46.518ms
08-05 23:44:00.088 30584 31162 I art     : Starting a blocking GC Explicit
08-05 23:44:00.135 30584 31162 I art     : Explicit concurrent mark sweep GC freed 4256(222KB) AllocSpace objects, 0(0B) LOS objects, 32% free, 33MB/49MB, paused 1.454ms total 46.574ms
08-05 23:44:00.150 30584 31162 I art     : Starting a blocking GC Explicit
08-05 23:44:00.203 30584 31162 I art     : Explicit concurrent mark sweep GC freed 3916(198KB) AllocSpace objects, 0(0B) LOS objects, 32% free, 33MB/49MB, paused 1.656ms total 52.704ms
08-05 23:44:00.219 30584 31162 I art     : Starting a blocking GC Explicit
08-05 23:44:00.273 30584 31162 I art     : Explicit concurrent mark sweep GC freed 4021(194KB) AllocSpace objects, 0(0B) LOS objects, 31% free, 34MB/50MB, paused 1.656ms total 53.701ms
08-05 23:44:00.614 30584 30597 I art     : Starting a blocking GC Explicit
08-05 23:44:00.682 30584 30597 I art     : Explicit concurrent mark sweep GC freed 22902(1282KB) AllocSpace objects, 1(20KB) LOS objects, 31% free, 34MB/50MB, paused 1.780ms total 67.633ms
08-05 23:44:00.683 30584 30595 I art     : WaitForGcToComplete blocked for 12.727ms for cause HeapTrim
08-05 23:44:00.701 30584 30597 I art     : Starting a blocking GC Explicit
08-05 23:44:00.760 30584 30597 I art     : Explicit concurrent mark sweep GC freed 6261(270KB) AllocSpace objects, 0(0B) LOS objects, 31% free, 34MB/50MB, paused 1.910ms total 59.281ms
08-05 23:44:00.777 30584 30597 I art     : Starting a blocking GC Explicit
08-05 23:44:00.832 30584 30597 I art     : Explicit concurrent mark sweep GC freed 8669(379KB) AllocSpace objects, 0(0B) LOS objects, 31% free, 34MB/50MB, paused 1.724ms total 54.067ms
08-05 23:44:00.848 30584 30597 I art     : Starting a blocking GC Explicit
08-05 23:44:00.909 30584 30597 I art     : Explicit concurrent mark sweep GC freed 4528(191KB) AllocSpace objects, 0(0B) LOS objects, 31% free, 34MB/50MB, paused 1.772ms total 60.067ms
08-05 23:44:00.925 30584 30597 I art     : Starting a blocking GC Explicit
08-05 23:44:00.976 30584 30584 D OnlineFeedViewActivity: onEventMainThread() called with: event = [DownloadEvent{update=DownloaderUpdate{downloaders=[], feedIds=[], mediaIds=[]}}]
08-05 23:44:00.988 30584 30597 I art     : Explicit concurrent mark sweep GC freed 4540(203KB) AllocSpace objects, 0(0B) LOS objects, 31% free, 34MB/50MB, paused 1.914ms total 62.477ms
08-05 23:44:01.228 30584 31954 D FeedSyncThread: The Joe Rogan Experience parsed
08-05 23:44:01.235 30584 31954 D FeedSyncThread: Deletion of file '/storage/emulated/0/Android/data/baseline.de.danoeh.antennapod.debug/files/cache/feed-The Joe Rogan Experience' successful
08-05 23:44:01.235 30584 31954 D DBReader: getFeedDownloadLog() called with: feed = [baseline.de.danoeh.antennapod.core.feed.Feed@0]
08-05 23:44:01.237 30584 31945 D FeedSyncThread: Bundling 1 feeds
08-05 23:44:01.241 30584 32013 D DBReader: Extracting Feedlist
08-05 23:44:01.243 30584 32013 D DBTasks : Found no existing Feed with title The Joe Rogan Experience. Adding as new one.
08-05 23:44:01.247 30584 31672 D PodDBAdapter: Setting feed with flattr status The Joe Rogan Experience: 0
08-05 23:44:01.247 30584 31672 D baseline.de.danoeh.antennapod.core.storage.PodDBAdapter@d992bce: Inserting new Feed into db
08-05 23:44:01.322 30584 31025 I art     : Starting a blocking GC Explicit
08-05 23:44:01.392 30584 31025 I art     : Explicit concurrent mark sweep GC freed 55515(3MB) AllocSpace objects, 1(20KB) LOS objects, 31% free, 35MB/51MB, paused 1.491ms total 69.743ms
08-05 23:44:01.409 30584 31025 I art     : Starting a blocking GC Explicit
08-05 23:44:01.465 30584 31025 I art     : Explicit concurrent mark sweep GC freed 24924(1736KB) AllocSpace objects, 0(0B) LOS objects, 31% free, 34MB/50MB, paused 1.511ms total 55.692ms
08-05 23:44:01.482 30584 31025 I art     : Starting a blocking GC Explicit
08-05 23:44:01.537 30584 31025 I art     : Explicit concurrent mark sweep GC freed 19008(1425KB) AllocSpace objects, 0(0B) LOS objects, 31% free, 34MB/50MB, paused 1.464ms total 55.300ms
08-05 23:44:01.555 30584 31025 I art     : Starting a blocking GC Explicit
08-05 23:44:01.614 30584 31025 I art     : Explicit concurrent mark sweep GC freed 20032(1495KB) AllocSpace objects, 0(0B) LOS objects, 31% free, 34MB/50MB, paused 1.463ms total 58.798ms
08-05 23:44:01.631 30584 31025 I art     : Starting a blocking GC Explicit
08-05 23:44:01.692 30584 31025 I art     : Explicit concurrent mark sweep GC freed 20750(1551KB) AllocSpace objects, 0(0B) LOS objects, 31% free, 34MB/50MB, paused 1.680ms total 60.242ms
08-05 23:44:01.746 30584 30584 D EventDistributor: Processing event queue. Number of events: 1
08-05 23:44:01.746 30584 30584 D EventDistributor: Notifying observers. Data: 1
08-05 23:44:01.746 30584 30584 D DownloadService: 0 downloads left
08-05 23:44:01.746 30584 30584 D DownloadService: Number of downloads is 0, attempting shutdown
08-05 23:44:01.746 30584 31150 D DBReader: Extracting Feedlist
08-05 23:44:01.747 30584 30584 D DownloadService: Service shutting down
08-05 23:44:01.747 30584 30584 D DownloadService: No report is created
08-05 23:44:01.747 30584 30584 D OnlineFeedViewActivity: onEventMainThread() called with: event = [DownloadEvent{update=DownloaderUpdate{downloaders=[], feedIds=[], mediaIds=[]}}]
08-05 23:44:01.749 30584 30584 D DownloadService: NotificationUpdater cancelled. Result: false
08-05 23:44:01.749 30584 31944 E downloadCompletionThd: DownloadCompletionThread was interrupted
08-05 23:44:01.750 30584 30584 D DBTasks : autodownloadUndownloadedItems
08-05 23:44:01.751 30584 31673 D NetworkUtils: Device is connected to Wi-Fi
08-05 23:44:01.751 30584 31673 D NetworkUtils: Auto-dl filter is disabled
08-05 23:44:01.991 30584 30617 I art     : Starting a blocking GC Explicit
08-05 23:44:02.050 30584 30617 I art     : Explicit concurrent mark sweep GC freed 34717(3MB) AllocSpace objects, 2(40KB) LOS objects, 33% free, 31MB/47MB, paused 1.281ms total 58.276ms
08-05 23:44:02.065 30584 30617 I art     : Starting a blocking GC Explicit
08-05 23:44:02.114 30584 30617 I art     : Explicit concurrent mark sweep GC freed 99(4KB) AllocSpace objects, 0(0B) LOS objects, 33% free, 31MB/47MB, paused 1.200ms total 48.110ms
08-05 23:44:02.129 30584 30617 I art     : Starting a blocking GC Explicit
08-05 23:44:02.177 30584 30617 I art     : Explicit concurrent mark sweep GC freed 3(96B) AllocSpace objects, 0(0B) LOS objects, 33% free, 31MB/47MB, paused 1.210ms total 47.814ms
08-05 23:44:02.192 30584 30617 I art     : Starting a blocking GC Explicit
08-05 23:44:02.240 30584 30617 I art     : Explicit concurrent mark sweep GC freed 3(96B) AllocSpace objects, 0(0B) LOS objects, 33% free, 31MB/47MB, paused 1.220ms total 47.735ms
08-05 23:44:02.255 30584 30617 I art     : Starting a blocking GC Explicit
08-05 23:44:02.307 30584 30617 I art     : Explicit concurrent mark sweep GC freed 3(96B) AllocSpace objects, 0(0B) LOS objects, 33% free, 31MB/47MB, paused 1.215ms total 51.062ms
08-05 23:44:02.460 32020 32020 D AndroidRuntime: >>>>>> START com.android.internal.os.RuntimeInit uid 2000 <<<<<<
08-05 23:44:02.467 32020 32020 D AndroidRuntime: CheckJNI is OFF
08-05 23:44:02.509 32020 32020 D ICU     : No timezone override file found: /data/misc/zoneinfo/current/icu/icu_tzdata.dat
08-05 23:44:02.551 32020 32020 I Radio-JNI: register_android_hardware_Radio DONE
08-05 23:44:02.579 32020 32020 D AndroidRuntime: Calling main entry com.android.commands.input.Input
08-05 23:44:02.581 32020 32020 I Input   : injectKeyEvent: KeyEvent { action=ACTION_DOWN, keyCode=KEYCODE_BACK, scanCode=0, metaState=0, flags=0x0, repeatCount=0, eventTime=834258994, downTime=834258994, deviceId=-1, source=0x101 }
08-05 23:44:02.586 32020 32020 I Input   : injectKeyEvent: KeyEvent { action=ACTION_UP, keyCode=KEYCODE_BACK, scanCode=0, metaState=0, flags=0x0, repeatCount=0, eventTime=834258994, downTime=834258994, deviceId=-1, source=0x101 }
08-05 23:44:02.592 32020 32020 D AndroidRuntime: Shutting down VM
08-05 23:44:02.599 30584 30584 V PlaybackController: initServiceNotRunning()
08-05 23:44:02.600 30584 30584 D ExternalPlayerFragment: Loading media info
08-05 23:44:02.604 30584 30584 D UserPreferences: Using default data folder
08-05 23:44:02.605 30584 31150 D DBReader: getNavDrawerData() called with: 
08-05 23:44:02.619 30584 31150 D DBReader: getDownloadedItems() called
08-05 23:44:02.621 30584 31150 D DBReader: getFavoriteIDList() called
08-05 23:44:02.621 30584 31150 D DBReader: getQueueIDList() called
08-05 23:44:02.622 30584 31150 D DBReader: Extracting Feedlist
08-05 23:44:02.633 13866 13866 I GoogleInputMethodServic: GoogleInputMethodService.onFinishInput():3138 
08-05 23:44:02.633 30584 30584 D MainActivity: getLastNavFragment() -> AddFeedFragment
08-05 23:44:02.634 30584 31025 I art     : Starting a blocking GC Explicit
08-05 23:44:02.634 13866 13866 I GoogleInputMethodServic: GoogleInputMethodService.onStartInput():1808 
08-05 23:44:02.641 30584 31555 D ApOkHttpUrlLoader: buildLoadData() called with: model = [http://static.libsyn.com/p/assets/7/1/f/3/71f3014e14ef2722/JREiTunesImage2.jpg], width = [140], height = [140]
08-05 23:44:02.679 30584 31025 I art     : Explicit concurrent mark sweep GC freed 2583(164KB) AllocSpace objects, 1(20KB) LOS objects, 33% free, 31MB/47MB, paused 1.354ms total 45.030ms
08-05 23:44:02.685 30584 31555 D ApOkHttpUrlLoader: buildLoadData() called with: model = [http://static.libsyn.com/p/assets/7/1/f/3/71f3014e14ef2722/JREiTunesImage2.jpg], width = [140], height = [140]
08-05 23:44:02.694 30584 31025 I art     : Starting a blocking GC Explicit
08-05 23:44:02.735 30584 31025 I art     : Explicit concurrent mark sweep GC freed 806(49KB) AllocSpace objects, 0(0B) LOS objects, 33% free, 31MB/47MB, paused 1.081ms total 40.851ms
08-05 23:44:02.748 30584 31025 I art     : Starting a blocking GC Explicit
08-05 23:44:02.795 30584 31025 I art     : Explicit concurrent mark sweep GC freed 35(1520B) AllocSpace objects, 0(0B) LOS objects, 33% free, 31MB/47MB, paused 1.154ms total 46.453ms
08-05 23:44:02.812 30584 31025 I art     : Starting a blocking GC Explicit
08-05 23:44:02.860 30584 31025 I art     : Explicit concurrent mark sweep GC freed 12(480B) AllocSpace objects, 0(0B) LOS objects, 33% free, 31MB/47MB, paused 1.160ms total 47.357ms
08-05 23:44:02.878 30584 31025 I art     : Starting a blocking GC Explicit
08-05 23:44:02.930 30584 31025 I art     : Explicit concurrent mark sweep GC freed 3(96B) AllocSpace objects, 0(0B) LOS objects, 33% free, 31MB/47MB, paused 1.312ms total 51.423ms
08-05 23:44:02.958   380   380 W SurfaceFlinger: couldn't log to binary event log: overflow.
08-05 23:44:03.237 30584 30596 I art     : Starting a blocking GC Explicit
08-05 23:44:03.287 30584 30596 I art     : Explicit concurrent mark sweep GC freed 2009(107KB) AllocSpace objects, 1(20KB) LOS objects, 33% free, 31MB/47MB, paused 1.193ms total 49.520ms
08-05 23:44:03.302 30584 30596 I art     : Starting a blocking GC Explicit
08-05 23:44:03.343 30584 30596 I art     : Explicit concurrent mark sweep GC freed 33335(3MB) AllocSpace objects, 2(248KB) LOS objects, 36% free, 28MB/44MB, paused 1.147ms total 40.757ms
08-05 23:44:03.355 30584 30596 I art     : Starting a blocking GC Explicit
08-05 23:44:03.389 30584 30596 I art     : Explicit concurrent mark sweep GC freed 3(96B) AllocSpace objects, 0(0B) LOS objects, 36% free, 28MB/44MB, paused 1.274ms total 33.731ms
08-05 23:44:03.400 30584 30596 I art     : Starting a blocking GC Explicit
08-05 23:44:03.434 30584 30596 I art     : Explicit concurrent mark sweep GC freed 3(96B) AllocSpace objects, 0(0B) LOS objects, 36% free, 28MB/44MB, paused 1.158ms total 33.713ms
08-05 23:44:03.446 30584 30596 I art     : Starting a blocking GC Explicit
08-05 23:44:03.480 30584 30596 I art     : Explicit concurrent mark sweep GC freed 3(96B) AllocSpace objects, 0(0B) LOS objects, 36% free, 28MB/44MB, paused 1.178ms total 33.805ms
08-05 23:44:03.800 30584 31162 I art     : Starting a blocking GC Explicit
08-05 23:44:03.845 30584 31162 I art     : Explicit concurrent mark sweep GC freed 1402(83KB) AllocSpace objects, 1(20KB) LOS objects, 36% free, 28MB/44MB, paused 1.123ms total 44.752ms
08-05 23:44:03.857 30584 31162 I art     : Starting a blocking GC Explicit
08-05 23:44:03.889 30584 31162 I art     : Explicit concurrent mark sweep GC freed 23(752B) AllocSpace objects, 0(0B) LOS objects, 36% free, 28MB/44MB, paused 1.196ms total 31.709ms
08-05 23:44:03.900 30584 31162 I art     : Starting a blocking GC Explicit
08-05 23:44:03.933 30584 31162 I art     : Explicit concurrent mark sweep GC freed 3(96B) AllocSpace objects, 0(0B) LOS objects, 36% free, 28MB/44MB, paused 1.166ms total 32.590ms
08-05 23:44:03.944 30584 31162 I art     : Starting a blocking GC Explicit
08-05 23:44:03.977 30584 31162 I art     : Explicit concurrent mark sweep GC freed 3(96B) AllocSpace objects, 0(0B) LOS objects, 36% free, 28MB/44MB, paused 1.214ms total 32.722ms
08-05 23:44:03.989 30584 31162 I art     : Starting a blocking GC Explicit
08-05 23:44:04.022 30584 31162 I art     : Explicit concurrent mark sweep GC freed 3(96B) AllocSpace objects, 0(0B) LOS objects, 36% free, 28MB/44MB, paused 1.170ms total 32.943ms
08-05 23:44:04.326 30584 30617 I art     : Starting a blocking GC Explicit
08-05 23:44:04.361 32067 32067 D AndroidRuntime: >>>>>> START com.android.internal.os.RuntimeInit uid 2000 <<<<<<
08-05 23:44:04.365 30584 30617 I art     : Explicit concurrent mark sweep GC freed 1389(81KB) AllocSpace objects, 1(20KB) LOS objects, 36% free, 28MB/44MB, paused 1.385ms total 37.548ms
08-05 23:44:04.368 32067 32067 D AndroidRuntime: CheckJNI is OFF
08-05 23:44:04.379 30584 30617 I art     : Starting a blocking GC Explicit
08-05 23:44:04.411 30584 30617 I art     : Explicit concurrent mark sweep GC freed 28(912B) AllocSpace objects, 0(0B) LOS objects, 36% free, 28MB/44MB, paused 1.265ms total 32.287ms
08-05 23:44:04.412 32067 32067 D ICU     : No timezone override file found: /data/misc/zoneinfo/current/icu/icu_tzdata.dat
08-05 23:44:04.422 30584 30617 I art     : Starting a blocking GC Explicit
08-05 23:44:04.455 30584 30617 I art     : Explicit concurrent mark sweep GC freed 8(256B) AllocSpace objects, 0(0B) LOS objects, 36% free, 28MB/44MB, paused 1.232ms total 32.287ms
08-05 23:44:04.455 32067 32067 I Radio-JNI: register_android_hardware_Radio DONE
08-05 23:44:04.467 30584 30617 I art     : Starting a blocking GC Explicit
08-05 23:44:04.484 32067 32067 D AndroidRuntime: Calling main entry com.android.commands.input.Input
08-05 23:44:04.487 32067 32067 I Input   : injectMotionEvent: MotionEvent { action=ACTION_DOWN, actionButton=0, id[0]=0, x[0]=639.0, y[0]=762.0, toolType[0]=TOOL_TYPE_UNKNOWN, buttonState=0, metaState=0, flags=0x0, edgeFlags=0x0, pointerCount=1, historySize=0, eventTime=834260899, downTime=834260899, deviceId=0, source=0x1002 }
08-05 23:44:04.492 32067 32067 I Input   : injectMotionEvent: MotionEvent { action=ACTION_UP, actionButton=0, id[0]=0, x[0]=639.0, y[0]=762.0, toolType[0]=TOOL_TYPE_UNKNOWN, buttonState=0, metaState=0, flags=0x0, edgeFlags=0x0, pointerCount=1, historySize=0, eventTime=834260899, downTime=834260899, deviceId=0, source=0x1002 }
08-05 23:44:04.498 30584 30617 I art     : Explicit concurrent mark sweep GC freed 10(288B) AllocSpace objects, 0(0B) LOS objects, 36% free, 28MB/44MB, paused 1.865ms total 31.503ms
08-05 23:44:04.498 32067 32067 D AndroidRuntime: Shutting down VM
08-05 23:44:04.509 30584 30617 I art     : Starting a blocking GC Explicit
08-05 23:44:04.542 30584 30617 I art     : Explicit concurrent mark sweep GC freed 233(12KB) AllocSpace objects, 0(0B) LOS objects, 36% free, 28MB/44MB, paused 1.143ms total 32.784ms
08-05 23:44:04.565   512  2967 D audio_hw_primary: out_set_parameters: enter: usecase(1: low-latency-playback) kvpairs: routing=2
08-05 23:44:04.579   512  2967 D audio_hw_primary: select_devices: out_snd_device(2: speaker) in_snd_device(0: none)
08-05 23:44:04.579   512  2967 D msm8974_platform: platform_send_audio_calibration: sending audio calibration for snd_device(2) acdb_id(15)
08-05 23:44:04.580   512  2967 I soundtrigger: audio_extn_sound_trigger_update_device_status: device 0x2 of type 0 for Event 1
08-05 23:44:04.582 13866 13866 I GoogleInputMethodServic: GoogleInputMethodService.onFinishInput():3138 
08-05 23:44:04.584 13866 13866 I GoogleInputMethodServic: GoogleInputMethodService.onStartInput():1808 
08-05 23:44:04.590   512  2967 D audio_hw_primary: enable_snd_device: snd_device(2: speaker)
08-05 23:44:04.592   512  2967 D audio_hw_primary: enable_audio_route: apply and update mixer path: low-latency-playback speaker
08-05 23:44:04.797 30584 30604 I NAPPA_EXPERIMENTATION: MetricNetworkRequestExecutionTime: REQUEST_DURATION_SYSTEM='234',REQUEST_DURATION_OKHTTP='233',REQUEST_SYNCHRONOUS='TRUE',RESPONSE_CODE='200',RESPONSE_METHOD='GET',RESPONSE_LENGTH_OKHTTP='-1',RESPONSE_LENGTH_HEADER='622',REQUEST_PROTOCOL='h2',REQUEST_URL='https://itunes.apple.com/lookup?id=360084272',
08-05 23:44:04.812   918  5481 I ActivityManager: START u0 {cmp=baseline.de.danoeh.antennapod.debug/baseline.de.danoeh.antennapod.activity.OnlineFeedViewActivity (has extras)} from uid 10711 on display 0
08-05 23:44:04.833 30584 31025 I art     : Starting a blocking GC Explicit
08-05 23:44:04.838 13866 13866 I GoogleInputMethodServic: GoogleInputMethodService.onFinishInput():3138 
08-05 23:44:04.839 13866 13866 I GoogleInputMethodServic: GoogleInputMethodService.onStartInput():1808 
08-05 23:44:04.880 30584 31025 I art     : Explicit concurrent mark sweep GC freed 2639(157KB) AllocSpace objects, 1(20KB) LOS objects, 36% free, 28MB/44MB, paused 2.293ms total 46.660ms
08-05 23:44:04.883 30584 30584 D UserPreferences: Using default data folder
08-05 23:44:04.885 30584 30584 D OnlineFeedViewActivity: Activity was started with url http://joeroganexp.joerogan.libsynpro.com/rss
08-05 23:44:04.890 30584 30584 D OnlineFeedViewActivity: Starting feed download
08-05 23:44:04.892 30584 31149 D DBReader: Extracting Feedlist
08-05 23:44:04.893 30584 31025 I art     : Starting a blocking GC Explicit
08-05 23:44:04.895   918  5481 D WifiService: acquireWifiLockLocked: WifiLock{Downloader type=1 binder=android.os.BinderProxy@5bd5524}
08-05 23:44:04.896 30584 31149 D AntennapodHttpClient: Creating new instance of HTTP client
08-05 23:44:04.926 30584 31025 I art     : Explicit concurrent mark sweep GC freed 787(63KB) AllocSpace objects, 0(0B) LOS objects, 36% free, 28MB/44MB, paused 1.321ms total 32.266ms
08-05 23:44:04.938 30584 31025 I art     : Starting a blocking GC Explicit
08-05 23:44:04.950 30584 31149 D MYTAG   : interceptor 3a http://joeroganexp.joerogan.libsynpro.com/rss
08-05 23:44:04.950 30584 31149 I NAPPA_EXPERIMENTATION: MetricNetworkRequestExecutionTime: REQUEST_DURATION_SYSTEM='53',REQUEST_DURATION_OKHTTP='48',REQUEST_SYNCHRONOUS='TRUE',RESPONSE_CODE='200',RESPONSE_METHOD='GET',RESPONSE_LENGTH_OKHTTP='-1',RESPONSE_LENGTH_HEADER='307892',REQUEST_PROTOCOL='http/1.1',REQUEST_URL='http://joeroganexp.joerogan.libsynpro.com/rss',
08-05 23:44:04.950 30584 31149 D HttpDownloader: Response code is 200
08-05 23:44:04.950 30584 31149 D UserPreferences: Using default data folder
08-05 23:44:04.952 30584 31149 D HttpDownloader: Getting size of download
08-05 23:44:04.952 30584 31149 D HttpDownloader: Size is -1
08-05 23:44:04.952 30584 31149 D UserPreferences: Using default data folder
08-05 23:44:04.953 30584 31149 D HttpDownloader: Free space is 20474753024
08-05 23:44:04.953 30584 31149 D HttpDownloader: Starting download
08-05 23:44:04.959 13866 13866 I GoogleInputMethodServic: GoogleInputMethodService.onFinishInput():3138 
08-05 23:44:04.961 13866 13866 I GoogleInputMethodServic: GoogleInputMethodService.onStartInput():1808 
08-05 23:44:04.971 30584 31025 I art     : Explicit concurrent mark sweep GC freed 440(27KB) AllocSpace objects, 0(0B) LOS objects, 35% free, 28MB/44MB, paused 1.408ms total 32.665ms
08-05 23:44:04.985   918   936 I ActivityManager: Displayed baseline.de.danoeh.antennapod.debug/baseline.de.danoeh.antennapod.activity.OnlineFeedViewActivity: +142ms
08-05 23:44:04.986 30584 31025 I art     : Starting a blocking GC Explicit
08-05 23:44:05.004 30584 30605 D OpenGLRenderer: endAllStagingAnimators on 0x7f7f121c00 (GridView) with handle 0x7f79e29cc0
08-05 23:44:05.020 30584 31025 I art     : Explicit concurrent mark sweep GC freed 141(6KB) AllocSpace objects, 0(0B) LOS objects, 35% free, 28MB/44MB, paused 1.174ms total 34.287ms
08-05 23:44:05.032 30584 31025 I art     : Starting a blocking GC Explicit
08-05 23:44:05.063 30584 31025 I art     : Explicit concurrent mark sweep GC freed 21(1152B) AllocSpace objects, 0(0B) LOS objects, 35% free, 28MB/44MB, paused 1.118ms total 30.207ms
08-05 23:44:05.130   512  2967 D audio_hw_primary: disable_audio_route: reset and update mixer path: low-latency-playback speaker
08-05 23:44:05.131   512  2967 D audio_hw_primary: disable_snd_device: snd_device(2: speaker)
08-05 23:44:05.139   512  2967 I soundtrigger: audio_extn_sound_trigger_update_device_status: device 0x2 of type 0 for Event 0
08-05 23:44:05.161 30584 31149 D HttpDownloader: Download was successful
08-05 23:44:05.161   918  4413 D WifiService: releaseWifiLockLocked: WifiLock{Downloader type=1 binder=android.os.BinderProxy@5bd5524}
08-05 23:44:05.163 30584 30584 D OnlineFeedViewActivity: Parsing feed
08-05 23:44:05.167 30584 32105 D TypeGetter: Recognized type RSS 2.0
08-05 23:44:05.169 30584 32105 D SyndHandler: Recognized Atom namespace
08-05 23:44:05.169 30584 32105 D SyndHandler: Recognized ITunes namespace
08-05 23:44:05.169 30584 32105 D SyndHandler: Recognized media namespace
08-05 23:44:05.169 30584 32105 D SyndHandler: Recognized Content namespace
08-05 23:44:05.211   380   380 W SurfaceFlinger: couldn't log to binary event log: overflow.
08-05 23:44:05.345 30584 31162 I art     : Starting a blocking GC Explicit
08-05 23:44:05.348 30584 30584 D PlaybackController: Releasing PlaybackController
08-05 23:44:05.383 30584 31162 I art     : Explicit concurrent mark sweep GC freed 11976(790KB) AllocSpace objects, 4(80KB) LOS objects, 35% free, 28MB/44MB, paused 1.611ms total 37.010ms
08-05 23:44:05.395 30584 31162 I art     : Starting a blocking GC Explicit
08-05 23:44:05.429 30584 31162 I art     : Explicit concurrent mark sweep GC freed 5301(250KB) AllocSpace objects, 0(0B) LOS objects, 35% free, 28MB/44MB, paused 1.446ms total 33.887ms
08-05 23:44:05.440 30584 31162 I art     : Starting a blocking GC Explicit
08-05 23:44:05.473 30584 31162 I art     : Explicit concurrent mark sweep GC freed 2642(138KB) AllocSpace objects, 0(0B) LOS objects, 35% free, 28MB/44MB, paused 1.308ms total 32.516ms
08-05 23:44:05.484 30584 31162 I art     : Starting a blocking GC Explicit
08-05 23:44:05.519 30584 31162 I art     : Explicit concurrent mark sweep GC freed 2661(138KB) AllocSpace objects, 0(0B) LOS objects, 35% free, 28MB/44MB, paused 1.501ms total 34.244ms
08-05 23:44:05.530 30584 31162 I art     : Starting a blocking GC Explicit
08-05 23:44:05.564 30584 31162 I art     : Explicit concurrent mark sweep GC freed 2676(142KB) AllocSpace objects, 0(0B) LOS objects, 35% free, 28MB/44MB, paused 1.318ms total 33.430ms
08-05 23:44:05.859 30584 31162 I art     : Starting a blocking GC Explicit
08-05 23:44:05.904 30584 31162 I art     : Explicit concurrent mark sweep GC freed 19214(1025KB) AllocSpace objects, 1(20KB) LOS objects, 35% free, 29MB/45MB, paused 1.524ms total 43.910ms
08-05 23:44:05.917 30584 31162 I art     : Starting a blocking GC Explicit
08-05 23:44:05.952 30584 31162 I art     : Explicit concurrent mark sweep GC freed 5453(269KB) AllocSpace objects, 0(0B) LOS objects, 35% free, 29MB/45MB, paused 1.529ms total 35.469ms
08-05 23:44:05.964 30584 31162 I art     : Starting a blocking GC Explicit
08-05 23:44:06.000 30584 31162 I art     : Explicit concurrent mark sweep GC freed 5176(247KB) AllocSpace objects, 0(0B) LOS objects, 35% free, 29MB/45MB, paused 1.456ms total 35.926ms
08-05 23:44:06.012 30584 31162 I art     : Starting a blocking GC Explicit
08-05 23:44:06.048 30584 31162 I art     : Explicit concurrent mark sweep GC freed 2780(135KB) AllocSpace objects, 0(0B) LOS objects, 35% free, 29MB/45MB, paused 1.663ms total 36.299ms
08-05 23:44:06.060 30584 31162 I art     : Starting a blocking GC Explicit
08-05 23:44:06.098 30584 31162 I art     : Explicit concurrent mark sweep GC freed 2876(145KB) AllocSpace objects, 0(0B) LOS objects, 35% free, 29MB/45MB, paused 1.494ms total 37.151ms
08-05 23:44:06.425 30584 30596 I art     : Starting a blocking GC Explicit
08-05 23:44:06.471 30584 30596 I art     : Explicit concurrent mark sweep GC freed 21591(1158KB) AllocSpace objects, 1(20KB) LOS objects, 34% free, 30MB/46MB, paused 1.612ms total 45.737ms
08-05 23:44:06.485 30584 30596 I art     : Starting a blocking GC Explicit
08-05 23:44:06.524 30584 30596 I art     : Explicit concurrent mark sweep GC freed 4263(219KB) AllocSpace objects, 0(0B) LOS objects, 34% free, 30MB/46MB, paused 1.626ms total 39.224ms
08-05 23:44:06.537 30584 30596 I art     : Starting a blocking GC Explicit
08-05 23:44:06.576 30584 30596 I art     : Explicit concurrent mark sweep GC freed 7408(364KB) AllocSpace objects, 0(0B) LOS objects, 34% free, 29MB/45MB, paused 1.480ms total 38.741ms
08-05 23:44:06.588 30584 30596 I art     : Starting a blocking GC Explicit
08-05 23:44:06.627 30584 30596 I art     : Explicit concurrent mark sweep GC freed 3014(151KB) AllocSpace objects, 0(0B) LOS objects, 34% free, 30MB/46MB, paused 1.689ms total 38.532ms
08-05 23:44:06.640 30584 30596 I art     : Starting a blocking GC Explicit
08-05 23:44:06.679 30584 30596 I art     : Explicit concurrent mark sweep GC freed 3111(154KB) AllocSpace objects, 0(0B) LOS objects, 34% free, 30MB/46MB, paused 1.496ms total 39.159ms
08-05 23:44:07.005 30584 31162 I art     : Starting a blocking GC Explicit
08-05 23:44:07.054 30584 31162 I art     : Explicit concurrent mark sweep GC freed 21275(1168KB) AllocSpace objects, 1(20KB) LOS objects, 34% free, 30MB/46MB, paused 1.878ms total 49.607ms
08-05 23:44:07.069 30584 31162 I art     : Starting a blocking GC Explicit
08-05 23:44:07.112 30584 31162 I art     : Explicit concurrent mark sweep GC freed 3365(176KB) AllocSpace objects, 0(0B) LOS objects, 34% free, 30MB/46MB, paused 1.767ms total 42.258ms
08-05 23:44:07.125 30584 31162 I art     : Starting a blocking GC Explicit
08-05 23:44:07.165 30584 31162 I art     : Explicit concurrent mark sweep GC freed 8422(404KB) AllocSpace objects, 0(0B) LOS objects, 34% free, 30MB/46MB, paused 1.554ms total 39.139ms
08-05 23:44:07.178 30584 31162 I art     : Starting a blocking GC Explicit
08-05 23:44:07.218 30584 31162 I art     : Explicit concurrent mark sweep GC freed 3522(191KB) AllocSpace objects, 0(0B) LOS objects, 34% free, 30MB/46MB, paused 1.578ms total 40.116ms
08-05 23:44:07.231 30584 31162 I art     : Starting a blocking GC Explicit
08-05 23:44:07.273 30584 31162 I art     : Explicit concurrent mark sweep GC freed 3150(177KB) AllocSpace objects, 0(0B) LOS objects, 34% free, 30MB/46MB, paused 1.592ms total 41.721ms
08-05 23:44:07.605 30584 31025 I art     : Starting a blocking GC Explicit
08-05 23:44:07.657 30584 31025 I art     : Explicit concurrent mark sweep GC freed 21849(1166KB) AllocSpace objects, 1(20KB) LOS objects, 33% free, 31MB/47MB, paused 1.693ms total 51.751ms
08-05 23:44:07.672 30584 31025 I art     : Starting a blocking GC Explicit
08-05 23:44:07.713 30584 31025 I art     : Explicit concurrent mark sweep GC freed 7961(383KB) AllocSpace objects, 0(0B) LOS objects, 33% free, 31MB/47MB, paused 2.785ms total 41.036ms
08-05 23:44:07.726 30584 31025 I art     : Starting a blocking GC Explicit
08-05 23:44:07.767 30584 31025 I art     : Explicit concurrent mark sweep GC freed 4675(244KB) AllocSpace objects, 0(0B) LOS objects, 33% free, 31MB/47MB, paused 1.564ms total 40.402ms
08-05 23:44:07.780 30584 31025 I art     : Starting a blocking GC Explicit
08-05 23:44:07.823 30584 31025 I art     : Explicit concurrent mark sweep GC freed 3321(218KB) AllocSpace objects, 0(0B) LOS objects, 33% free, 31MB/47MB, paused 1.524ms total 42.366ms
08-05 23:44:07.836 30584 31025 I art     : Starting a blocking GC Explicit
08-05 23:44:07.879 30584 31025 I art     : Explicit concurrent mark sweep GC freed 3430(160KB) AllocSpace objects, 0(0B) LOS objects, 33% free, 31MB/47MB, paused 1.895ms total 42.825ms
08-05 23:44:08.203 30584 30617 I art     : Starting a blocking GC Explicit
08-05 23:44:08.257 30584 30617 I art     : Explicit concurrent mark sweep GC freed 21594(944KB) AllocSpace objects, 1(20KB) LOS objects, 33% free, 31MB/47MB, paused 2.039ms total 53.665ms
08-05 23:44:08.273 30584 30617 I art     : Starting a blocking GC Explicit
08-05 23:44:08.318 30584 30617 I art     : Explicit concurrent mark sweep GC freed 7172(332KB) AllocSpace objects, 0(0B) LOS objects, 33% free, 31MB/47MB, paused 3.007ms total 45.302ms
08-05 23:44:08.332 30584 30617 I art     : Starting a blocking GC Explicit
08-05 23:44:08.378 30584 30617 I art     : Explicit concurrent mark sweep GC freed 5600(257KB) AllocSpace objects, 0(0B) LOS objects, 33% free, 31MB/47MB, paused 1.819ms total 46.062ms
08-05 23:44:08.392 30584 30617 I art     : Starting a blocking GC Explicit
08-05 23:44:08.411 30584 32105 D OnlineFeedViewActivity: Deleted feed source file. Result: true
08-05 23:44:08.417 30584 30584 D OnlineFeedViewActivity: Removing HTML from shownotes
08-05 23:44:08.437 30584 30617 I art     : Explicit concurrent mark sweep GC freed 6741(448KB) AllocSpace objects, 17(1156KB) LOS objects, 33% free, 32MB/48MB, paused 1.482ms total 45.028ms
08-05 23:44:08.452 30584 30617 I art     : Starting a blocking GC Explicit
08-05 23:44:08.503 30584 30617 I art     : Explicit concurrent mark sweep GC freed 30158(2MB) AllocSpace objects, 132(8MB) LOS objects, 32% free, 32MB/48MB, paused 1.370ms total 50.559ms
08-05 23:44:08.834 30584 30596 I art     : Starting a blocking GC Explicit
08-05 23:44:08.894 30584 30596 I art     : Explicit concurrent mark sweep GC freed 58220(5MB) AllocSpace objects, 266(17MB) LOS objects, 31% free, 34MB/50MB, paused 1.402ms total 60.134ms
08-05 23:44:08.909 30584 30596 I art     : Starting a blocking GC Explicit
08-05 23:44:08.961 30584 30596 I art     : Explicit concurrent mark sweep GC freed 49933(5MB) AllocSpace objects, 328(21MB) LOS objects, 31% free, 34MB/50MB, paused 1.531ms total 51.648ms
08-05 23:44:08.976 30584 30596 I art     : Starting a blocking GC Explicit
08-05 23:44:08.983 30584 30584 I Choreographer: Skipped 33 frames!  The application may be doing too much work on its main thread.
08-05 23:44:09.019 30584 30596 I art     : Explicit concurrent mark sweep GC freed 8862(860KB) AllocSpace objects, 46(3MB) LOS objects, 33% free, 31MB/47MB, paused 1.388ms total 42.790ms
08-05 23:44:09.034 30584 30596 I art     : Starting a blocking GC Explicit
08-05 23:44:09.075 30584 30596 I art     : Explicit concurrent mark sweep GC freed 672(31KB) AllocSpace objects, 1(112KB) LOS objects, 33% free, 31MB/47MB, paused 1.175ms total 40.800ms
08-05 23:44:09.089 30584 30596 I art     : Starting a blocking GC Explicit
08-05 23:44:09.133 30584 30596 I art     : Explicit concurrent mark sweep GC freed 10(400B) AllocSpace objects, 0(0B) LOS objects, 33% free, 31MB/47MB, paused 1.217ms total 43.581ms
08-05 23:44:09.267 32173 32173 D AndroidRuntime: >>>>>> START com.android.internal.os.RuntimeInit uid 2000 <<<<<<
08-05 23:44:09.273 32173 32173 D AndroidRuntime: CheckJNI is OFF
08-05 23:44:09.317 32173 32173 D ICU     : No timezone override file found: /data/misc/zoneinfo/current/icu/icu_tzdata.dat
08-05 23:44:09.360 32173 32173 I Radio-JNI: register_android_hardware_Radio DONE
08-05 23:44:09.389 32173 32173 D AndroidRuntime: Calling main entry com.android.commands.input.Input
08-05 23:44:09.398 32173 32173 I Input   : injectKeyEvent: KeyEvent { action=ACTION_DOWN, keyCode=KEYCODE_BACK, scanCode=0, metaState=0, flags=0x0, repeatCount=0, eventTime=834265811, downTime=834265811, deviceId=-1, source=0x101 }
08-05 23:44:09.403 32173 32173 I Input   : injectKeyEvent: KeyEvent { action=ACTION_UP, keyCode=KEYCODE_BACK, scanCode=0, metaState=0, flags=0x0, repeatCount=0, eventTime=834265811, downTime=834265811, deviceId=-1, source=0x101 }
08-05 23:44:09.409 32173 32173 D AndroidRuntime: Shutting down VM
08-05 23:44:09.415 30584 30584 V PlaybackController: initServiceNotRunning()
08-05 23:44:09.415 30584 30584 D ExternalPlayerFragment: Loading media info
08-05 23:44:09.420 30584 30584 D UserPreferences: Using default data folder
08-05 23:44:09.421 30584 31149 D DBReader: getNavDrawerData() called with: 
08-05 23:44:09.434 30584 31149 D DBReader: getDownloadedItems() called
08-05 23:44:09.436 30584 31149 D DBReader: getFavoriteIDList() called
08-05 23:44:09.436 30584 31149 D DBReader: getQueueIDList() called
08-05 23:44:09.437 30584 31149 D DBReader: Extracting Feedlist
08-05 23:44:09.454 13866 13866 I GoogleInputMethodServic: GoogleInputMethodService.onFinishInput():3138 
08-05 23:44:09.454 13866 13866 I GoogleInputMethodServic: GoogleInputMethodService.onStartInput():1808 
08-05 23:44:09.470 30584 30596 I art     : Starting a blocking GC Explicit
08-05 23:44:09.471 30584 30584 D MainActivity: getLastNavFragment() -> AddFeedFragment
08-05 23:44:09.518 30584 30596 I art     : Explicit concurrent mark sweep GC freed 2460(150KB) AllocSpace objects, 1(20KB) LOS objects, 33% free, 31MB/47MB, paused 1.314ms total 46.924ms
08-05 23:44:09.532 30584 30596 I art     : Starting a blocking GC Explicit
08-05 23:44:09.581 30584 30596 I art     : Explicit concurrent mark sweep GC freed 468(25KB) AllocSpace objects, 0(0B) LOS objects, 33% free, 31MB/47MB, paused 1.167ms total 47.917ms
08-05 23:44:09.599 30584 30596 I art     : Starting a blocking GC Explicit
08-05 23:44:09.653 30584 30596 I art     : Explicit concurrent mark sweep GC freed 41(1376B) AllocSpace objects, 0(0B) LOS objects, 33% free, 31MB/47MB, paused 1.132ms total 53.678ms
08-05 23:44:09.672 30584 30596 I art     : Starting a blocking GC Explicit
08-05 23:44:09.728 30584 30596 I art     : Explicit concurrent mark sweep GC freed 3(96B) AllocSpace objects, 0(0B) LOS objects, 33% free, 31MB/47MB, paused 1.194ms total 56.523ms
08-05 23:44:09.744 30584 30596 I art     : Starting a blocking GC Explicit
08-05 23:44:09.750   380   380 W SurfaceFlinger: couldn't log to binary event log: overflow.
08-05 23:44:09.787 30584 30596 I art     : Explicit concurrent mark sweep GC freed 598(25KB) AllocSpace objects, 0(0B) LOS objects, 33% free, 31MB/47MB, paused 1.252ms total 42.924ms
08-05 23:44:10.101 30584 30597 I art     : Starting a blocking GC Explicit
08-05 23:44:10.163 30584 30597 I art     : Explicit concurrent mark sweep GC freed 1389(81KB) AllocSpace objects, 1(20KB) LOS objects, 33% free, 31MB/47MB, paused 1.300ms total 61.496ms
08-05 23:44:10.181 30584 30597 I art     : Starting a blocking GC Explicit
08-05 23:44:10.230 30584 30597 I art     : Explicit concurrent mark sweep GC freed 23(752B) AllocSpace objects, 0(0B) LOS objects, 33% free, 31MB/47MB, paused 1.240ms total 48.498ms
08-05 23:44:10.245 30584 30597 I art     : Starting a blocking GC Explicit
08-05 23:44:10.292 30584 30597 I art     : Explicit concurrent mark sweep GC freed 3(96B) AllocSpace objects, 0(0B) LOS objects, 33% free, 31MB/47MB, paused 1.305ms total 47.014ms
08-05 23:44:10.307 30584 30597 I art     : Starting a blocking GC Explicit
08-05 23:44:10.355 30584 30597 I art     : Explicit concurrent mark sweep GC freed 3(96B) AllocSpace objects, 0(0B) LOS objects, 33% free, 31MB/47MB, paused 1.217ms total 47.752ms
08-05 23:44:10.370 30584 30597 I art     : Starting a blocking GC Explicit
08-05 23:44:10.417 30584 30597 I art     : Explicit concurrent mark sweep GC freed 3(96B) AllocSpace objects, 0(0B) LOS objects, 33% free, 31MB/47MB, paused 1.253ms total 46.442ms
08-05 23:44:10.738 30584 31025 I art     : Starting a blocking GC Explicit
08-05 23:44:10.785 30584 31025 I art     : Explicit concurrent mark sweep GC freed 1506(89KB) AllocSpace objects, 1(20KB) LOS objects, 33% free, 31MB/47MB, paused 1.251ms total 47.334ms
08-05 23:44:10.800 30584 31025 I art     : Starting a blocking GC Explicit
08-05 23:44:10.839 30584 31025 I art     : Explicit concurrent mark sweep GC freed 33168(3MB) AllocSpace objects, 1(28KB) LOS objects, 36% free, 28MB/44MB, paused 1.216ms total 38.714ms
08-05 23:44:10.851 30584 31025 I art     : Starting a blocking GC Explicit
08-05 23:44:10.884 30584 31025 I art     : Explicit concurrent mark sweep GC freed 3(96B) AllocSpace objects, 0(0B) LOS objects, 36% free, 28MB/44MB, paused 1.185ms total 32.703ms
08-05 23:44:10.895 30584 31025 I art     : Starting a blocking GC Explicit
08-05 23:44:10.928 30584 31025 I art     : Explicit concurrent mark sweep GC freed 3(96B) AllocSpace objects, 0(0B) LOS objects, 36% free, 28MB/44MB, paused 1.191ms total 32.891ms
08-05 23:44:10.929 30584 30595 I art     : WaitForGcToComplete blocked for 24.714ms for cause HeapTrim
08-05 23:44:10.940 30584 31025 I art     : Starting a blocking GC Explicit
08-05 23:44:10.973 30584 31025 I art     : Explicit concurrent mark sweep GC freed 3(96B) AllocSpace objects, 0(0B) LOS objects, 36% free, 28MB/44MB, paused 1.191ms total 33.172ms
08-05 23:44:11.190 32218 32218 D AndroidRuntime: >>>>>> START com.android.internal.os.RuntimeInit uid 2000 <<<<<<
08-05 23:44:11.196 32218 32218 D AndroidRuntime: CheckJNI is OFF
08-05 23:44:11.215 26613 26613 I Atfwd_Sendcmd: AtCmdFwd service not ready - Exhausted retry attempts - :6
08-05 23:44:11.215 26613 26613 I Atfwd_Daemon: result : -1 	 ,Init step :2 	 ,qmiErrorCode: 0
08-05 23:44:11.237 32218 32218 D ICU     : No timezone override file found: /data/misc/zoneinfo/current/icu/icu_tzdata.dat
08-05 23:44:11.280 32218 32218 I Radio-JNI: register_android_hardware_Radio DONE
08-05 23:44:11.282 30584 31025 I art     : Starting a blocking GC Explicit
08-05 23:44:11.309 32218 32218 D AndroidRuntime: Calling main entry com.android.commands.input.Input
08-05 23:44:11.311 32218 32218 I Input   : injectMotionEvent: MotionEvent { action=ACTION_DOWN, actionButton=0, id[0]=0, x[0]=616.0, y[0]=469.0, toolType[0]=TOOL_TYPE_UNKNOWN, buttonState=0, metaState=0, flags=0x0, edgeFlags=0x0, pointerCount=1, historySize=0, eventTime=834267723, downTime=834267723, deviceId=0, source=0x1002 }
08-05 23:44:11.316 32218 32218 I Input   : injectMotionEvent: MotionEvent { action=ACTION_UP, actionButton=0, id[0]=0, x[0]=616.0, y[0]=469.0, toolType[0]=TOOL_TYPE_UNKNOWN, buttonState=0, metaState=0, flags=0x0, edgeFlags=0x0, pointerCount=1, historySize=0, eventTime=834267723, downTime=834267723, deviceId=0, source=0x1002 }
08-05 23:44:11.316 30584 31025 I art     : Explicit concurrent mark sweep GC freed 1402(81KB) AllocSpace objects, 1(20KB) LOS objects, 36% free, 28MB/44MB, paused 1.431ms total 34.138ms
08-05 23:44:11.319 32218 32218 D AndroidRuntime: Shutting down VM
08-05 23:44:11.330 30584 31025 I art     : Starting a blocking GC Explicit
08-05 23:44:11.361 30584 31025 I art     : Explicit concurrent mark sweep GC freed 62(2400B) AllocSpace objects, 0(0B) LOS objects, 36% free, 28MB/44MB, paused 1.086ms total 31.291ms
08-05 23:44:11.373 30584 31025 I art     : Starting a blocking GC Explicit
08-05 23:44:11.383   512  2967 D audio_hw_primary: out_set_parameters: enter: usecase(1: low-latency-playback) kvpairs: routing=2
08-05 23:44:11.392 13866 13866 I GoogleInputMethodServic: GoogleInputMethodService.onFinishInput():3138 
08-05 23:44:11.394 13866 13866 I GoogleInputMethodServic: GoogleInputMethodService.onStartInput():1808 
08-05 23:44:11.397   512  2967 D audio_hw_primary: select_devices: out_snd_device(2: speaker) in_snd_device(0: none)
08-05 23:44:11.397   512  2967 D msm8974_platform: platform_send_audio_calibration: sending audio calibration for snd_device(2) acdb_id(15)
08-05 23:44:11.398   512  2967 I soundtrigger: audio_extn_sound_trigger_update_device_status: device 0x2 of type 0 for Event 1
08-05 23:44:11.409 30584 31025 I art     : Explicit concurrent mark sweep GC freed 211(8KB) AllocSpace objects, 0(0B) LOS objects, 36% free, 28MB/44MB, paused 1.643ms total 36.045ms
08-05 23:44:11.410   512  2967 D audio_hw_primary: enable_snd_device: snd_device(2: speaker)
08-05 23:44:11.413   512  2967 D audio_hw_primary: enable_audio_route: apply and update mixer path: low-latency-playback speaker
08-05 23:44:11.421 30584 31025 I art     : Starting a blocking GC Explicit
08-05 23:44:11.453 30584 31025 I art     : Explicit concurrent mark sweep GC freed 29(1072B) AllocSpace objects, 0(0B) LOS objects, 36% free, 28MB/44MB, paused 1.533ms total 32.389ms
08-05 23:44:11.464 30584 31025 I art     : Starting a blocking GC Explicit
08-05 23:44:11.496 30584 31025 I art     : Explicit concurrent mark sweep GC freed 14(528B) AllocSpace objects, 0(0B) LOS objects, 36% free, 28MB/44MB, paused 1.240ms total 31.294ms
08-05 23:44:11.548 30584 30604 I NAPPA_EXPERIMENTATION: MetricNetworkRequestExecutionTime: REQUEST_DURATION_SYSTEM='165',REQUEST_DURATION_OKHTTP='163',REQUEST_SYNCHRONOUS='TRUE',RESPONSE_CODE='200',RESPONSE_METHOD='GET',RESPONSE_LENGTH_OKHTTP='-1',RESPONSE_LENGTH_HEADER='628',REQUEST_PROTOCOL='h2',REQUEST_URL='https://itunes.apple.com/lookup?id=1524080195',
08-05 23:44:11.569   918  3961 I ActivityManager: START u0 {cmp=baseline.de.danoeh.antennapod.debug/baseline.de.danoeh.antennapod.activity.OnlineFeedViewActivity (has extras)} from uid 10711 on display 0
08-05 23:44:11.592 13866 13866 I GoogleInputMethodServic: GoogleInputMethodService.onFinishInput():3138 
08-05 23:44:11.593 13866 13866 I GoogleInputMethodServic: GoogleInputMethodService.onStartInput():1808 
08-05 23:44:11.617 30584 30584 D UserPreferences: Using default data folder
08-05 23:44:11.617 30584 30584 D OnlineFeedViewActivity: Activity was started with url https://rss.art19.com/nice-white-parents
08-05 23:44:11.619 30584 30584 D OnlineFeedViewActivity: Starting feed download
08-05 23:44:11.623 30584 31150 D DBReader: Extracting Feedlist
08-05 23:44:11.626   918  4413 D WifiService: acquireWifiLockLocked: WifiLock{Downloader type=1 binder=android.os.BinderProxy@216a0b5}
08-05 23:44:11.627 30584 31150 D AntennapodHttpClient: Creating new instance of HTTP client
08-05 23:44:11.679 13866 13866 I GoogleInputMethodServic: GoogleInputMethodService.onFinishInput():3138 
08-05 23:44:11.680 13866 13866 I GoogleInputMethodServic: GoogleInputMethodService.onStartInput():1808 
08-05 23:44:11.709   918   936 I ActivityManager: Displayed baseline.de.danoeh.antennapod.debug/baseline.de.danoeh.antennapod.activity.OnlineFeedViewActivity: +115ms
08-05 23:44:11.788 30584 31162 I art     : Starting a blocking GC Explicit
08-05 23:44:11.823 30584 31162 I art     : Explicit concurrent mark sweep GC freed 8272(449KB) AllocSpace objects, 4(220KB) LOS objects, 35% free, 28MB/44MB, paused 1.243ms total 34.917ms
08-05 23:44:11.835 30584 31162 I art     : Starting a blocking GC Explicit
08-05 23:44:11.871 30584 31162 I art     : Explicit concurrent mark sweep GC freed 1333(133KB) AllocSpace objects, 0(0B) LOS objects, 35% free, 28MB/44MB, paused 1.454ms total 35.640ms
08-05 23:44:11.884 30584 31162 I art     : Starting a blocking GC Explicit
08-05 23:44:11.925 30584 31162 I art     : Explicit concurrent mark sweep GC freed 3(96B) AllocSpace objects, 0(0B) LOS objects, 35% free, 28MB/44MB, paused 1.336ms total 39.884ms
08-05 23:44:11.926 30584 31150 D MYTAG   : interceptor 3a https://rss.art19.com/nice-white-parents
08-05 23:44:11.926 30584 31150 I NAPPA_EXPERIMENTATION: MetricNetworkRequestExecutionTime: REQUEST_DURATION_SYSTEM='298',REQUEST_DURATION_OKHTTP='138',REQUEST_SYNCHRONOUS='TRUE',RESPONSE_CODE='200',RESPONSE_METHOD='GET',RESPONSE_LENGTH_OKHTTP='-1',RESPONSE_LENGTH_HEADER='1803',REQUEST_PROTOCOL='h2',REQUEST_URL='https://rss.art19.com/nice-white-parents',
08-05 23:44:11.926 30584 31150 D HttpDownloader: Response code is 200
08-05 23:44:11.926 30584 31150 D UserPreferences: Using default data folder
08-05 23:44:11.928 30584 31150 D HttpDownloader: Getting size of download
08-05 23:44:11.928 30584 31150 D HttpDownloader: Size is -1
08-05 23:44:11.928 30584 31150 D UserPreferences: Using default data folder
08-05 23:44:11.928 30584 31150 D HttpDownloader: Free space is 20474748928
08-05 23:44:11.928 30584 31150 D HttpDownloader: Starting download
08-05 23:44:11.935 30584 31150 D HttpDownloader: Download was successful
08-05 23:44:11.936   918  6112 D WifiService: releaseWifiLockLocked: WifiLock{Downloader type=1 binder=android.os.BinderProxy@216a0b5}
08-05 23:44:11.937 30584 31162 I art     : Starting a blocking GC Explicit
08-05 23:44:11.938 30584 30584 D OnlineFeedViewActivity: Parsing feed
08-05 23:44:11.944 30584 32257 D TypeGetter: Recognized type RSS 2.0
08-05 23:44:11.945 30584 32257 D SyndHandler: Recognized ITunes namespace
08-05 23:44:11.946 30584 32257 D SyndHandler: Recognized Atom namespace
08-05 23:44:11.946 30584 32257 D SyndHandler: Recognized Content namespace
08-05 23:44:11.949   512  2967 D audio_hw_primary: disable_audio_route: reset and update mixer path: low-latency-playback speaker
08-05 23:44:11.951   512  2967 D audio_hw_primary: disable_snd_device: snd_device(2: speaker)
08-05 23:44:11.953   380   380 W SurfaceFlinger: couldn't log to binary event log: overflow.
08-05 23:44:11.955 30584 32257 D OnlineFeedViewActivity: Deleted feed source file. Result: true
08-05 23:44:11.956 30584 30584 D OnlineFeedViewActivity: Removing HTML from shownotes
08-05 23:44:11.960   512  2967 I soundtrigger: audio_extn_sound_trigger_update_device_status: device 0x2 of type 0 for Event 0
08-05 23:44:11.977 30584 31162 I art     : Explicit concurrent mark sweep GC freed 1444(247KB) AllocSpace objects, 4(128KB) LOS objects, 35% free, 28MB/44MB, paused 1.554ms total 39.818ms
08-05 23:44:11.989 30584 31162 I art     : Starting a blocking GC Explicit
08-05 23:44:12.021 30584 31162 I art     : Explicit concurrent mark sweep GC freed 853(47KB) AllocSpace objects, 0(0B) LOS objects, 35% free, 28MB/44MB, paused 1.143ms total 31.373ms
08-05 23:44:12.091 30584 30584 D PlaybackController: Releasing PlaybackController
08-05 23:44:12.329 30584 31025 I art     : Starting a blocking GC Explicit
08-05 23:44:12.368 30584 31025 I art     : Explicit concurrent mark sweep GC freed 2060(115KB) AllocSpace objects, 2(132KB) LOS objects, 35% free, 28MB/44MB, paused 1.325ms total 38.660ms
08-05 23:44:12.380 30584 31025 I art     : Starting a blocking GC Explicit
08-05 23:44:12.417 30584 31025 I art     : Explicit concurrent mark sweep GC freed 41(1392B) AllocSpace objects, 0(0B) LOS objects, 35% free, 28MB/44MB, paused 1.370ms total 36.995ms
08-05 23:44:12.430 30584 31025 I art     : Starting a blocking GC Explicit
08-05 23:44:12.466 30584 31025 I art     : Explicit concurrent mark sweep GC freed 3(96B) AllocSpace objects, 0(0B) LOS objects, 35% free, 28MB/44MB, paused 1.206ms total 35.896ms
08-05 23:44:12.478 30584 31025 I art     : Starting a blocking GC Explicit
08-05 23:44:12.515 30584 31025 I art     : Explicit concurrent mark sweep GC freed 3(96B) AllocSpace objects, 0(0B) LOS objects, 35% free, 28MB/44MB, paused 1.265ms total 36.677ms
08-05 23:44:12.527 30584 31025 I art     : Starting a blocking GC Explicit
08-05 23:44:12.563 30584 31025 I art     : Explicit concurrent mark sweep GC freed 3(96B) AllocSpace objects, 0(0B) LOS objects, 35% free, 28MB/44MB, paused 1.279ms total 35.940ms
08-05 23:44:12.887 30584 30597 I art     : Starting a blocking GC Explicit
08-05 23:44:12.931 30584 30597 I art     : Explicit concurrent mark sweep GC freed 1403(83KB) AllocSpace objects, 1(20KB) LOS objects, 35% free, 28MB/44MB, paused 1.355ms total 43.811ms
08-05 23:44:12.946 30584 30597 I art     : Starting a blocking GC Explicit
08-05 23:44:12.987 30584 30597 I art     : Explicit concurrent mark sweep GC freed 23(752B) AllocSpace objects, 0(0B) LOS objects, 35% free, 28MB/44MB, paused 1.379ms total 41.359ms
08-05 23:44:13.000 30584 30597 I art     : Starting a blocking GC Explicit
08-05 23:44:13.038 30584 30597 I art     : Explicit concurrent mark sweep GC freed 3(96B) AllocSpace objects, 0(0B) LOS objects, 35% free, 28MB/44MB, paused 1.369ms total 37.805ms
08-05 23:44:13.051 30584 30597 I art     : Starting a blocking GC Explicit
08-05 23:44:13.090 30584 30597 I art     : Explicit concurrent mark sweep GC freed 3(96B) AllocSpace objects, 0(0B) LOS objects, 35% free, 28MB/44MB, paused 1.315ms total 39.409ms
08-05 23:44:13.103 30584 30597 I art     : Starting a blocking GC Explicit
08-05 23:44:13.143 30584 30597 I art     : Explicit concurrent mark sweep GC freed 3(96B) AllocSpace objects, 0(0B) LOS objects, 35% free, 28MB/44MB, paused 1.262ms total 39.453ms
08-05 23:44:13.474 30584 30596 I art     : Starting a blocking GC Explicit
08-05 23:44:13.520 30584 30596 I art     : Explicit concurrent mark sweep GC freed 1372(80KB) AllocSpace objects, 1(20KB) LOS objects, 35% free, 28MB/44MB, paused 1.375ms total 45.768ms
08-05 23:44:13.534 30584 30596 I art     : Starting a blocking GC Explicit
08-05 23:44:13.573 30584 30596 I art     : Explicit concurrent mark sweep GC freed 23(752B) AllocSpace objects, 0(0B) LOS objects, 35% free, 28MB/44MB, paused 1.463ms total 39.461ms
08-05 23:44:13.585 30584 30596 I art     : Starting a blocking GC Explicit
08-05 23:44:13.625 30584 30596 I art     : Explicit concurrent mark sweep GC freed 39(1104B) AllocSpace objects, 0(0B) LOS objects, 35% free, 28MB/44MB, paused 1.143ms total 39.407ms
08-05 23:44:13.637 30584 30596 I art     : Starting a blocking GC Explicit
08-05 23:44:13.670 30584 30596 I art     : Explicit concurrent mark sweep GC freed 8(256B) AllocSpace objects, 0(0B) LOS objects, 35% free, 28MB/44MB, paused 1.252ms total 32.927ms
08-05 23:44:13.681 30584 30596 I art     : Starting a blocking GC Explicit
08-05 23:44:13.717 30584 30596 I art     : Explicit concurrent mark sweep GC freed 8(256B) AllocSpace objects, 0(0B) LOS objects, 35% free, 28MB/44MB, paused 1.285ms total 34.866ms
08-05 23:44:14.042 30584 30596 I art     : Starting a blocking GC Explicit
08-05 23:44:14.087 30584 30596 I art     : Explicit concurrent mark sweep GC freed 1386(80KB) AllocSpace objects, 1(20KB) LOS objects, 35% free, 28MB/44MB, paused 1.310ms total 44.047ms
08-05 23:44:14.102 30584 30596 I art     : Starting a blocking GC Explicit
08-05 23:44:14.141 30584 30596 I art     : Explicit concurrent mark sweep GC freed 23(752B) AllocSpace objects, 0(0B) LOS objects, 35% free, 28MB/44MB, paused 1.226ms total 38.225ms
08-05 23:44:14.153 30584 30596 I art     : Starting a blocking GC Explicit
08-05 23:44:14.193 30584 30596 I art     : Explicit concurrent mark sweep GC freed 3(96B) AllocSpace objects, 0(0B) LOS objects, 35% free, 28MB/44MB, paused 1.306ms total 39.768ms
08-05 23:44:14.206 30584 30596 I art     : Starting a blocking GC Explicit
08-05 23:44:14.246 30584 30596 I art     : Explicit concurrent mark sweep GC freed 3(96B) AllocSpace objects, 0(0B) LOS objects, 35% free, 28MB/44MB, paused 1.324ms total 39.612ms
08-05 23:44:14.258 30584 30596 I art     : Starting a blocking GC Explicit
08-05 23:44:14.298 30584 30596 I art     : Explicit concurrent mark sweep GC freed 3(96B) AllocSpace objects, 0(0B) LOS objects, 35% free, 28MB/44MB, paused 1.409ms total 39.188ms
08-05 23:44:14.641 30584 31162 I art     : Starting a blocking GC Explicit
08-05 23:44:14.692 30584 31162 I art     : Explicit concurrent mark sweep GC freed 1406(81KB) AllocSpace objects, 1(20KB) LOS objects, 35% free, 28MB/44MB, paused 1.350ms total 50.262ms
08-05 23:44:14.707 30584 31162 I art     : Starting a blocking GC Explicit
08-05 23:44:14.745 30584 31162 I art     : Explicit concurrent mark sweep GC freed 23(752B) AllocSpace objects, 0(0B) LOS objects, 35% free, 28MB/44MB, paused 1.253ms total 38.094ms
08-05 23:44:14.758 30584 31162 I art     : Starting a blocking GC Explicit
08-05 23:44:14.798 30584 31162 I art     : Explicit concurrent mark sweep GC freed 3(96B) AllocSpace objects, 0(0B) LOS objects, 35% free, 28MB/44MB, paused 1.369ms total 39.815ms
08-05 23:44:14.810 30584 31162 I art     : Starting a blocking GC Explicit
08-05 23:44:14.850 30584 31162 I art     : Explicit concurrent mark sweep GC freed 3(96B) AllocSpace objects, 0(0B) LOS objects, 35% free, 28MB/44MB, paused 1.318ms total 39.454ms
08-05 23:44:14.862 30584 31162 I art     : Starting a blocking GC Explicit
08-05 23:44:14.902 30584 31162 I art     : Explicit concurrent mark sweep GC freed 3(96B) AllocSpace objects, 0(0B) LOS objects, 35% free, 28MB/44MB, paused 1.295ms total 39.111ms
08-05 23:44:15.247 30584 30617 I art     : Starting a blocking GC Explicit
08-05 23:44:15.297 30584 30617 I art     : Explicit concurrent mark sweep GC freed 1411(83KB) AllocSpace objects, 1(20KB) LOS objects, 35% free, 28MB/44MB, paused 1.258ms total 49.157ms
08-05 23:44:15.311 30584 30617 I art     : Starting a blocking GC Explicit
08-05 23:44:15.350 30584 30617 I art     : Explicit concurrent mark sweep GC freed 23(752B) AllocSpace objects, 0(0B) LOS objects, 35% free, 28MB/44MB, paused 1.215ms total 37.878ms
08-05 23:44:15.362 30584 30617 I art     : Starting a blocking GC Explicit
08-05 23:44:15.402 30584 30617 I art     : Explicit concurrent mark sweep GC freed 3(96B) AllocSpace objects, 0(0B) LOS objects, 35% free, 28MB/44MB, paused 1.268ms total 39.896ms
08-05 23:44:15.414 30584 30617 I art     : Starting a blocking GC Explicit
08-05 23:44:15.454 30584 30617 I art     : Explicit concurrent mark sweep GC freed 3(96B) AllocSpace objects, 0(0B) LOS objects, 35% free, 28MB/44MB, paused 1.276ms total 39.431ms
08-05 23:44:15.467 30584 30617 I art     : Starting a blocking GC Explicit
08-05 23:44:15.506 30584 30617 I art     : Explicit concurrent mark sweep GC freed 3(96B) AllocSpace objects, 0(0B) LOS objects, 35% free, 28MB/44MB, paused 1.232ms total 38.942ms
08-05 23:44:15.841 30584 31025 I art     : Starting a blocking GC Explicit
08-05 23:44:15.886 30584 31025 I art     : Explicit concurrent mark sweep GC freed 1522(92KB) AllocSpace objects, 1(20KB) LOS objects, 35% free, 28MB/44MB, paused 1.207ms total 44.730ms
08-05 23:44:15.901 30584 31025 I art     : Starting a blocking GC Explicit
08-05 23:44:15.942 30584 31025 I art     : Explicit concurrent mark sweep GC freed 23(752B) AllocSpace objects, 0(0B) LOS objects, 35% free, 28MB/44MB, paused 1.168ms total 40.196ms
08-05 23:44:15.954 30584 31025 I art     : Starting a blocking GC Explicit
08-05 23:44:15.992 30584 31025 I art     : Explicit concurrent mark sweep GC freed 3(96B) AllocSpace objects, 0(0B) LOS objects, 35% free, 28MB/44MB, paused 1.144ms total 37.292ms
08-05 23:44:15.992 30584 30595 I art     : WaitForGcToComplete blocked for 17.800ms for cause HeapTrim
08-05 23:44:16.004 30584 31025 I art     : Starting a blocking GC Explicit
08-05 23:44:16.043 30584 31025 I art     : Explicit concurrent mark sweep GC freed 3(96B) AllocSpace objects, 0(0B) LOS objects, 35% free, 28MB/44MB, paused 1.160ms total 38.118ms
08-05 23:44:16.055 30584 31025 I art     : Starting a blocking GC Explicit
08-05 23:44:16.094 30584 31025 I art     : Explicit concurrent mark sweep GC freed 3(96B) AllocSpace objects, 0(0B) LOS objects, 35% free, 28MB/44MB, paused 1.087ms total 38.624ms
08-05 23:44:16.438 30584 30597 I art     : Starting a blocking GC Explicit
08-05 23:44:16.485 30584 30597 I art     : Explicit concurrent mark sweep GC freed 1372(80KB) AllocSpace objects, 1(20KB) LOS objects, 35% free, 28MB/44MB, paused 1.202ms total 46.502ms
08-05 23:44:16.499 30584 30597 I art     : Starting a blocking GC Explicit
08-05 23:44:16.537 30584 30597 I art     : Explicit concurrent mark sweep GC freed 23(752B) AllocSpace objects, 0(0B) LOS objects, 35% free, 28MB/44MB, paused 1.245ms total 38.068ms
08-05 23:44:16.550 30584 30597 I art     : Starting a blocking GC Explicit
08-05 23:44:16.589 30584 30597 I art     : Explicit concurrent mark sweep GC freed 3(96B) AllocSpace objects, 0(0B) LOS objects, 35% free, 28MB/44MB, paused 1.128ms total 38.976ms
08-05 23:44:16.601 30584 30597 I art     : Starting a blocking GC Explicit
08-05 23:44:16.640 30584 30597 I art     : Explicit concurrent mark sweep GC freed 32(880B) AllocSpace objects, 0(0B) LOS objects, 35% free, 28MB/44MB, paused 1.164ms total 38.638ms
08-05 23:44:16.653 30584 30597 I art     : Starting a blocking GC Explicit
08-05 23:44:16.693 30584 30597 I art     : Explicit concurrent mark sweep GC freed 3(96B) AllocSpace objects, 0(0B) LOS objects, 35% free, 28MB/44MB, paused 1.165ms total 39.416ms
08-05 23:44:16.724   518   646 I ThermalEngine: ACTION: GPU - Setting GPU[0] to 510000000
08-05 23:44:16.830   918  3188 I hubconnection: sensorhub said: 'set_bias 3: -5.6064, 0.0000, 0.0000'
08-05 23:44:17.030 30584 30596 I art     : Starting a blocking GC Explicit
08-05 23:44:17.072 30584 30596 I art     : Explicit concurrent mark sweep GC freed 1372(80KB) AllocSpace objects, 1(20KB) LOS objects, 35% free, 28MB/44MB, paused 916us total 41.465ms
08-05 23:44:17.085 30584 30596 I art     : Starting a blocking GC Explicit
08-05 23:44:17.114 30584 30596 I art     : Explicit concurrent mark sweep GC freed 23(752B) AllocSpace objects, 0(0B) LOS objects, 35% free, 28MB/44MB, paused 843us total 28.436ms
08-05 23:44:17.124 30584 30596 I art     : Starting a blocking GC Explicit
08-05 23:44:17.153 30584 30596 I art     : Explicit concurrent mark sweep GC freed 3(96B) AllocSpace objects, 0(0B) LOS objects, 35% free, 28MB/44MB, paused 847us total 28.773ms
08-05 23:44:17.162 30584 30596 I art     : Starting a blocking GC Explicit
08-05 23:44:17.192 30584 30596 I art     : Explicit concurrent mark sweep GC freed 3(96B) AllocSpace objects, 0(0B) LOS objects, 35% free, 28MB/44MB, paused 852us total 29.460ms
08-05 23:44:17.202 30584 30596 I art     : Starting a blocking GC Explicit
08-05 23:44:17.230 30584 30596 I art     : Explicit concurrent mark sweep GC freed 3(96B) AllocSpace objects, 0(0B) LOS objects, 35% free, 28MB/44MB, paused 813us total 28.324ms
08-05 23:44:17.535 30584 31162 I art     : Starting a blocking GC Explicit
08-05 23:44:17.567 30584 31162 I art     : Explicit concurrent mark sweep GC freed 1372(80KB) AllocSpace objects, 1(20KB) LOS objects, 35% free, 28MB/44MB, paused 860us total 30.957ms
08-05 23:44:17.576 30584 31162 I art     : Starting a blocking GC Explicit
08-05 23:44:17.605 30584 31162 I art     : Explicit concurrent mark sweep GC freed 52(1536B) AllocSpace objects, 0(0B) LOS objects, 35% free, 28MB/44MB, paused 863us total 28.733ms
08-05 23:44:17.615 30584 31162 I art     : Starting a blocking GC Explicit
08-05 23:44:17.644 30584 31162 I art     : Explicit concurrent mark sweep GC freed 3(96B) AllocSpace objects, 0(0B) LOS objects, 35% free, 28MB/44MB, paused 832us total 28.310ms
08-05 23:44:17.653 30584 31162 I art     : Starting a blocking GC Explicit
08-05 23:44:17.683 30584 31162 I art     : Explicit concurrent mark sweep GC freed 3(96B) AllocSpace objects, 0(0B) LOS objects, 35% free, 28MB/44MB, paused 861us total 29.139ms
08-05 23:44:17.692 30584 31162 I art     : Starting a blocking GC Explicit
08-05 23:44:17.721 30584 31162 I art     : Explicit concurrent mark sweep GC freed 3(96B) AllocSpace objects, 0(0B) LOS objects, 35% free, 28MB/44MB, paused 862us total 28.685ms
08-05 23:44:18.036 30584 30617 I art     : Starting a blocking GC Explicit
08-05 23:44:18.072 30584 30617 I art     : Explicit concurrent mark sweep GC freed 1372(80KB) AllocSpace objects, 1(20KB) LOS objects, 35% free, 28MB/44MB, paused 885us total 35.866ms
08-05 23:44:18.084 30584 30617 I art     : Starting a blocking GC Explicit
08-05 23:44:18.113 30584 30617 I art     : Explicit concurrent mark sweep GC freed 23(752B) AllocSpace objects, 0(0B) LOS objects, 35% free, 28MB/44MB, paused 845us total 29.223ms
08-05 23:44:18.123 30584 30617 I art     : Starting a blocking GC Explicit
08-05 23:44:18.151 30584 30617 I art     : Explicit concurrent mark sweep GC freed 3(96B) AllocSpace objects, 0(0B) LOS objects, 35% free, 28MB/44MB, paused 846us total 27.999ms
08-05 23:44:18.161 30584 30617 I art     : Starting a blocking GC Explicit
08-05 23:44:18.190 30584 30617 I art     : Explicit concurrent mark sweep GC freed 3(96B) AllocSpace objects, 0(0B) LOS objects, 35% free, 28MB/44MB, paused 816us total 28.710ms
08-05 23:44:18.199 30584 30617 I art     : Starting a blocking GC Explicit
08-05 23:44:18.228 30584 30617 I art     : Explicit concurrent mark sweep GC freed 3(96B) AllocSpace objects, 0(0B) LOS objects, 35% free, 28MB/44MB, paused 872us total 28.455ms
08-05 23:44:18.556 30584 31025 I art     : Starting a blocking GC Explicit
08-05 23:44:18.598 30584 31025 I art     : Explicit concurrent mark sweep GC freed 1401(81KB) AllocSpace objects, 1(20KB) LOS objects, 35% free, 28MB/44MB, paused 892us total 41.080ms
08-05 23:44:18.611 30584 31025 I art     : Starting a blocking GC Explicit
08-05 23:44:18.642 30584 31025 I art     : Explicit concurrent mark sweep GC freed 23(752B) AllocSpace objects, 0(0B) LOS objects, 35% free, 28MB/44MB, paused 858us total 30.484ms
08-05 23:44:18.651 30584 31025 I art     : Starting a blocking GC Explicit
08-05 23:44:18.681 30584 31025 I art     : Explicit concurrent mark sweep GC freed 3(96B) AllocSpace objects, 0(0B) LOS objects, 35% free, 28MB/44MB, paused 793us total 29.087ms
08-05 23:44:18.690 30584 31025 I art     : Starting a blocking GC Explicit
08-05 23:44:18.719 30584 31025 I art     : Explicit concurrent mark sweep GC freed 3(96B) AllocSpace objects, 0(0B) LOS objects, 35% free, 28MB/44MB, paused 863us total 28.519ms
08-05 23:44:18.729 30584 31025 I art     : Starting a blocking GC Explicit
08-05 23:44:18.758 30584 31025 I art     : Explicit concurrent mark sweep GC freed 3(96B) AllocSpace objects, 0(0B) LOS objects, 35% free, 28MB/44MB, paused 906us total 29.188ms
08-05 23:44:19.109 30584 30597 I art     : Starting a blocking GC Explicit
08-05 23:44:19.145 30584 30597 I art     : Explicit concurrent mark sweep GC freed 1372(80KB) AllocSpace objects, 1(20KB) LOS objects, 35% free, 28MB/44MB, paused 906us total 35.603ms
08-05 23:44:19.156 30584 30597 I art     : Starting a blocking GC Explicit
08-05 23:44:19.186 30584 30597 I art     : Explicit concurrent mark sweep GC freed 23(752B) AllocSpace objects, 0(0B) LOS objects, 35% free, 28MB/44MB, paused 858us total 29.656ms
08-05 23:44:19.196 30584 30597 I art     : Starting a blocking GC Explicit
08-05 23:44:19.225 30584 30597 I art     : Explicit concurrent mark sweep GC freed 3(96B) AllocSpace objects, 0(0B) LOS objects, 35% free, 28MB/44MB, paused 851us total 29.165ms
08-05 23:44:19.235 30584 30597 I art     : Starting a blocking GC Explicit
08-05 23:44:19.264 30584 30597 I art     : Explicit concurrent mark sweep GC freed 3(96B) AllocSpace objects, 0(0B) LOS objects, 35% free, 28MB/44MB, paused 847us total 28.642ms
08-05 23:44:19.274 30584 30597 I art     : Starting a blocking GC Explicit
08-05 23:44:19.303 30584 30597 I art     : Explicit concurrent mark sweep GC freed 3(96B) AllocSpace objects, 0(0B) LOS objects, 35% free, 28MB/44MB, paused 820us total 28.843ms
08-05 23:44:19.606 30584 30596 I art     : Starting a blocking GC Explicit
08-05 23:44:19.635 30584 30596 I art     : Explicit concurrent mark sweep GC freed 1401(81KB) AllocSpace objects, 1(20KB) LOS objects, 35% free, 28MB/44MB, paused 852us total 29.340ms
08-05 23:44:19.645 30584 30596 I art     : Starting a blocking GC Explicit
08-05 23:44:19.673 30584 30596 I art     : Explicit concurrent mark sweep GC freed 23(752B) AllocSpace objects, 0(0B) LOS objects, 35% free, 28MB/44MB, paused 868us total 28.314ms
08-05 23:44:19.683 30584 30596 I art     : Starting a blocking GC Explicit
08-05 23:44:19.711 30584 30596 I art     : Explicit concurrent mark sweep GC freed 3(96B) AllocSpace objects, 0(0B) LOS objects, 35% free, 28MB/44MB, paused 858us total 27.151ms
08-05 23:44:19.720 30584 30596 I art     : Starting a blocking GC Explicit
08-05 23:44:19.747 30584 30596 I art     : Explicit concurrent mark sweep GC freed 3(96B) AllocSpace objects, 0(0B) LOS objects, 35% free, 28MB/44MB, paused 904us total 27.056ms
08-05 23:44:19.756 30584 30596 I art     : Starting a blocking GC Explicit
08-05 23:44:19.784 30584 30596 I art     : Explicit concurrent mark sweep GC freed 3(96B) AllocSpace objects, 0(0B) LOS objects, 35% free, 28MB/44MB, paused 847us total 27.161ms
08-05 23:44:19.974 32401 32401 D AndroidRuntime: >>>>>> START com.android.internal.os.RuntimeInit uid 2000 <<<<<<
08-05 23:44:19.980 32401 32401 D AndroidRuntime: CheckJNI is OFF
08-05 23:44:20.012 32401 32401 D ICU     : No timezone override file found: /data/misc/zoneinfo/current/icu/icu_tzdata.dat
08-05 23:44:20.044 32401 32401 I Radio-JNI: register_android_hardware_Radio DONE
08-05 23:44:20.065 32401 32401 D AndroidRuntime: Calling main entry com.android.commands.input.Input
08-05 23:44:20.067 32401 32401 I Input   : injectKeyEvent: KeyEvent { action=ACTION_DOWN, keyCode=KEYCODE_BACK, scanCode=0, metaState=0, flags=0x0, repeatCount=0, eventTime=834276480, downTime=834276480, deviceId=-1, source=0x101 }
08-05 23:44:20.073 32401 32401 I Input   : injectKeyEvent: KeyEvent { action=ACTION_UP, keyCode=KEYCODE_BACK, scanCode=0, metaState=0, flags=0x0, repeatCount=0, eventTime=834276480, downTime=834276480, deviceId=-1, source=0x101 }
08-05 23:44:20.080 32401 32401 D AndroidRuntime: Shutting down VM
08-05 23:44:20.084 30584 30584 V PlaybackController: initServiceNotRunning()
08-05 23:44:20.084 30584 30584 D ExternalPlayerFragment: Loading media info
08-05 23:44:20.089 30584 30584 D UserPreferences: Using default data folder
08-05 23:44:20.090 30584 31150 D DBReader: getNavDrawerData() called with: 
08-05 23:44:20.100 30584 31150 D DBReader: getDownloadedItems() called
08-05 23:44:20.102 30584 31150 D DBReader: getFavoriteIDList() called
08-05 23:44:20.103 30584 31150 D DBReader: getQueueIDList() called
08-05 23:44:20.104 30584 31150 D DBReader: Extracting Feedlist
08-05 23:44:20.119 30584 30617 I art     : Starting a blocking GC Explicit
08-05 23:44:20.123 30584 30584 D MainActivity: getLastNavFragment() -> AddFeedFragment
08-05 23:44:20.123 13866 13866 I GoogleInputMethodServic: GoogleInputMethodService.onFinishInput():3138 
08-05 23:44:20.124 13866 13866 I GoogleInputMethodServic: GoogleInputMethodService.onStartInput():1808 
08-05 23:44:20.149 30584 30617 I art     : Explicit concurrent mark sweep GC freed 2429(150KB) AllocSpace objects, 1(20KB) LOS objects, 35% free, 28MB/44MB, paused 1.254ms total 29.191ms
08-05 23:44:20.158 30584 30617 I art     : Starting a blocking GC Explicit
08-05 23:44:20.184 30584 30617 I art     : Explicit concurrent mark sweep GC freed 390(18KB) AllocSpace objects, 0(0B) LOS objects, 35% free, 28MB/44MB, paused 762us total 25.684ms
08-05 23:44:20.193 30584 30617 I art     : Starting a blocking GC Explicit
08-05 23:44:20.217 30584 30617 I art     : Explicit concurrent mark sweep GC freed 115(7KB) AllocSpace objects, 0(0B) LOS objects, 35% free, 28MB/44MB, paused 826us total 24.454ms
08-05 23:44:20.226 30584 30617 I art     : Starting a blocking GC Explicit
08-05 23:44:20.253 30584 30617 I art     : Explicit concurrent mark sweep GC freed 3(96B) AllocSpace objects, 0(0B) LOS objects, 35% free, 28MB/44MB, paused 896us total 27.004ms
08-05 23:44:20.263 30584 30617 I art     : Starting a blocking GC Explicit
08-05 23:44:20.295 30584 30617 I art     : Explicit concurrent mark sweep GC freed 3(96B) AllocSpace objects, 0(0B) LOS objects, 35% free, 28MB/44MB, paused 914us total 31.650ms
08-05 23:44:20.430   380   380 W SurfaceFlinger: couldn't log to binary event log: overflow.
08-05 23:44:20.559 30584 31162 I art     : Starting a blocking GC Explicit
08-05 23:44:20.584 30584 31162 I art     : Explicit concurrent mark sweep GC freed 1969(105KB) AllocSpace objects, 1(20KB) LOS objects, 35% free, 28MB/44MB, paused 802us total 25.007ms
08-05 23:44:20.593 30584 31162 I art     : Starting a blocking GC Explicit
08-05 23:44:20.617 30584 31162 I art     : Explicit concurrent mark sweep GC freed 2486(153KB) AllocSpace objects, 1(28KB) LOS objects, 36% free, 28MB/44MB, paused 848us total 24.178ms
08-05 23:44:20.625 30584 31162 I art     : Starting a blocking GC Explicit
08-05 23:44:20.650 30584 31162 I art     : Explicit concurrent mark sweep GC freed 3(96B) AllocSpace objects, 0(0B) LOS objects, 36% free, 28MB/44MB, paused 786us total 24.364ms
08-05 23:44:20.658 30584 31162 I art     : Starting a blocking GC Explicit
08-05 23:44:20.683 30584 31162 I art     : Explicit concurrent mark sweep GC freed 3(96B) AllocSpace objects, 0(0B) LOS objects, 36% free, 28MB/44MB, paused 807us total 24.409ms
08-05 23:44:20.691 30584 31162 I art     : Starting a blocking GC Explicit
08-05 23:44:20.716 30584 31162 I art     : Explicit concurrent mark sweep GC freed 3(96B) AllocSpace objects, 0(0B) LOS objects, 36% free, 28MB/44MB, paused 829us total 24.448ms
08-05 23:44:20.996 30584 30596 I art     : Starting a blocking GC Explicit
08-05 23:44:21.025 30584 30596 I art     : Explicit concurrent mark sweep GC freed 1374(82KB) AllocSpace objects, 1(20KB) LOS objects, 36% free, 28MB/44MB, paused 859us total 29.133ms
08-05 23:44:21.035 30584 30596 I art     : Starting a blocking GC Explicit
08-05 23:44:21.067 30584 30596 I art     : Explicit concurrent mark sweep GC freed 23(752B) AllocSpace objects, 0(0B) LOS objects, 36% free, 28MB/44MB, paused 862us total 31.787ms
08-05 23:44:21.067 30584 30595 I art     : WaitForGcToComplete blocked for 23.531ms for cause HeapTrim
08-05 23:44:21.076 30584 30596 I art     : Starting a blocking GC Explicit
08-05 23:44:21.103 30584 30596 I art     : Explicit concurrent mark sweep GC freed 3(96B) AllocSpace objects, 0(0B) LOS objects, 36% free, 28MB/44MB, paused 832us total 27.017ms
08-05 23:44:21.113 30584 30596 I art     : Starting a blocking GC Explicit
08-05 23:44:21.141 30584 30596 I art     : Explicit concurrent mark sweep GC freed 3(96B) AllocSpace objects, 0(0B) LOS objects, 36% free, 28MB/44MB, paused 829us total 27.517ms
08-05 23:44:21.150 30584 30596 I art     : Starting a blocking GC Explicit
08-05 23:44:21.178 30584 30596 I art     : Explicit concurrent mark sweep GC freed 3(96B) AllocSpace objects, 0(0B) LOS objects, 36% free, 28MB/44MB, paused 859us total 28.148ms
08-05 23:44:21.453 30584 31025 I art     : Starting a blocking GC Explicit
08-05 23:44:21.487 30584 31025 I art     : Explicit concurrent mark sweep GC freed 1373(80KB) AllocSpace objects, 1(20KB) LOS objects, 36% free, 28MB/44MB, paused 861us total 33.718ms
08-05 23:44:21.496 30584 31025 I art     : Starting a blocking GC Explicit
08-05 23:44:21.523 30584 31025 I art     : Explicit concurrent mark sweep GC freed 23(752B) AllocSpace objects, 0(0B) LOS objects, 36% free, 28MB/44MB, paused 823us total 26.816ms
08-05 23:44:21.532 30584 31025 I art     : Starting a blocking GC Explicit
08-05 23:44:21.559 30584 31025 I art     : Explicit concurrent mark sweep GC freed 3(96B) AllocSpace objects, 0(0B) LOS objects, 36% free, 28MB/44MB, paused 983us total 26.196ms
08-05 23:44:21.567 30584 31025 I art     : Starting a blocking GC Explicit
08-05 23:44:21.594 30584 31025 I art     : Explicit concurrent mark sweep GC freed 32(880B) AllocSpace objects, 0(0B) LOS objects, 36% free, 28MB/44MB, paused 851us total 26.120ms
08-05 23:44:21.603 30584 31025 I art     : Starting a blocking GC Explicit
08-05 23:44:21.629 30584 31025 I art     : Explicit concurrent mark sweep GC freed 3(96B) AllocSpace objects, 0(0B) LOS objects, 36% free, 28MB/44MB, paused 830us total 26.193ms
08-05 23:44:21.756 32444 32444 D AndroidRuntime: >>>>>> START com.android.internal.os.RuntimeInit uid 2000 <<<<<<
08-05 23:44:21.761 32444 32444 D AndroidRuntime: CheckJNI is OFF
08-05 23:44:21.794 32444 32444 D ICU     : No timezone override file found: /data/misc/zoneinfo/current/icu/icu_tzdata.dat
08-05 23:44:21.827 32444 32444 I Radio-JNI: register_android_hardware_Radio DONE
08-05 23:44:21.850 32444 32444 D AndroidRuntime: Calling main entry com.android.commands.input.Input
08-05 23:44:21.852 32444 32444 I Input   : injectKeyEvent: KeyEvent { action=ACTION_DOWN, keyCode=KEYCODE_BACK, scanCode=0, metaState=0, flags=0x0, repeatCount=0, eventTime=834278264, downTime=834278264, deviceId=-1, source=0x101 }
08-05 23:44:21.857 32444 32444 I Input   : injectKeyEvent: KeyEvent { action=ACTION_UP, keyCode=KEYCODE_BACK, scanCode=0, metaState=0, flags=0x0, repeatCount=0, eventTime=834278264, downTime=834278264, deviceId=-1, source=0x101 }
08-05 23:44:21.866 13866 13866 I GoogleInputMethodServic: GoogleInputMethodService.onFinishInput():3138 
08-05 23:44:21.866 13866 13866 I GoogleInputMethodServic: GoogleInputMethodService.onStartInput():1808 
08-05 23:44:21.870 32444 32444 D AndroidRuntime: Shutting down VM
08-05 23:44:21.906 30584 30596 I art     : Starting a blocking GC Explicit
08-05 23:44:21.932 30584 30596 I art     : Explicit concurrent mark sweep GC freed 2544(128KB) AllocSpace objects, 1(20KB) LOS objects, 35% free, 28MB/44MB, paused 892us total 26.085ms
08-05 23:44:21.942 30584 30596 I art     : Starting a blocking GC Explicit
08-05 23:44:21.970 30584 30596 I art     : Explicit concurrent mark sweep GC freed 2677(178KB) AllocSpace objects, 9(1540KB) LOS objects, 37% free, 26MB/42MB, paused 833us total 27.668ms
08-05 23:44:21.979 30584 30596 I art     : Starting a blocking GC Explicit
08-05 23:44:22.006 30584 30596 I art     : Explicit concurrent mark sweep GC freed 23(896B) AllocSpace objects, 0(0B) LOS objects, 37% free, 26MB/42MB, paused 822us total 26.267ms
08-05 23:44:22.015 30584 30596 I art     : Starting a blocking GC Explicit
08-05 23:44:22.042 30584 30596 I art     : Explicit concurrent mark sweep GC freed 3(96B) AllocSpace objects, 0(0B) LOS objects, 37% free, 26MB/42MB, paused 839us total 26.901ms
08-05 23:44:22.051 30584 30596 I art     : Starting a blocking GC Explicit
08-05 23:44:22.079 30584 30596 I art     : Explicit concurrent mark sweep GC freed 3(96B) AllocSpace objects, 0(0B) LOS objects, 37% free, 26MB/42MB, paused 853us total 27.155ms
08-05 23:44:22.350 30584 30597 I art     : Starting a blocking GC Explicit
08-05 23:44:22.384 30584 30597 I art     : Explicit concurrent mark sweep GC freed 1373(81KB) AllocSpace objects, 1(20KB) LOS objects, 37% free, 26MB/42MB, paused 903us total 33.481ms
08-05 23:44:22.396 30584 30597 I art     : Starting a blocking GC Explicit
08-05 23:44:22.424 30584 30597 I art     : Explicit concurrent mark sweep GC freed 23(752B) AllocSpace objects, 0(0B) LOS objects, 37% free, 26MB/42MB, paused 847us total 27.898ms
08-05 23:44:22.434 30584 30597 I art     : Starting a blocking GC Explicit
08-05 23:44:22.462 30584 30597 I art     : Explicit concurrent mark sweep GC freed 3(96B) AllocSpace objects, 0(0B) LOS objects, 37% free, 26MB/42MB, paused 841us total 27.633ms
08-05 23:44:22.471 30584 30597 I art     : Starting a blocking GC Explicit
08-05 23:44:22.498 30584 30597 I art     : Explicit concurrent mark sweep GC freed 3(96B) AllocSpace objects, 0(0B) LOS objects, 37% free, 26MB/42MB, paused 876us total 27.014ms
08-05 23:44:22.508 30584 30597 I art     : Starting a blocking GC Explicit
08-05 23:44:22.535 30584 30597 I art     : Explicit concurrent mark sweep GC freed 3(96B) AllocSpace objects, 0(0B) LOS objects, 37% free, 26MB/42MB, paused 836us total 27.183ms
08-05 23:44:22.837 30584 30617 I art     : Starting a blocking GC Explicit
08-05 23:44:22.873 30584 30617 I art     : Explicit concurrent mark sweep GC freed 1402(82KB) AllocSpace objects, 1(20KB) LOS objects, 37% free, 26MB/42MB, paused 890us total 35.731ms
08-05 23:44:22.885 30584 30617 I art     : Starting a blocking GC Explicit
08-05 23:44:22.913 30584 30617 I art     : Explicit concurrent mark sweep GC freed 23(752B) AllocSpace objects, 0(0B) LOS objects, 37% free, 26MB/42MB, paused 843us total 27.465ms
08-05 23:44:22.923 30584 30617 I art     : Starting a blocking GC Explicit
08-05 23:44:22.950 30584 30617 I art     : Explicit concurrent mark sweep GC freed 3(96B) AllocSpace objects, 0(0B) LOS objects, 37% free, 26MB/42MB, paused 847us total 27.495ms
08-05 23:44:22.960 30584 30617 I art     : Starting a blocking GC Explicit
08-05 23:44:22.988 30584 30617 I art     : Explicit concurrent mark sweep GC freed 3(96B) AllocSpace objects, 0(0B) LOS objects, 37% free, 26MB/42MB, paused 878us total 27.651ms
08-05 23:44:22.997 30584 30617 I art     : Starting a blocking GC Explicit
08-05 23:44:23.025 30584 30617 I art     : Explicit concurrent mark sweep GC freed 3(96B) AllocSpace objects, 0(0B) LOS objects, 37% free, 26MB/42MB, paused 843us total 27.543ms
08-05 23:44:23.299 30584 31162 I art     : Starting a blocking GC Explicit
08-05 23:44:23.326 30584 31162 I art     : Explicit concurrent mark sweep GC freed 1372(82KB) AllocSpace objects, 1(20KB) LOS objects, 37% free, 26MB/42MB, paused 887us total 27.203ms
08-05 23:44:23.336 30584 31162 I art     : Starting a blocking GC Explicit
08-05 23:44:23.363 30584 31162 I art     : Explicit concurrent mark sweep GC freed 23(752B) AllocSpace objects, 0(0B) LOS objects, 37% free, 26MB/42MB, paused 846us total 26.845ms
08-05 23:44:23.372 30584 31162 I art     : Starting a blocking GC Explicit
08-05 23:44:23.398 30584 31162 I art     : Explicit concurrent mark sweep GC freed 3(96B) AllocSpace objects, 0(0B) LOS objects, 37% free, 26MB/42MB, paused 885us total 25.940ms
08-05 23:44:23.407 30584 31162 I art     : Starting a blocking GC Explicit
08-05 23:44:23.433 30584 31162 I art     : Explicit concurrent mark sweep GC freed 3(96B) AllocSpace objects, 0(0B) LOS objects, 37% free, 26MB/42MB, paused 842us total 26.057ms
08-05 23:44:23.442 30584 31162 I art     : Starting a blocking GC Explicit
08-05 23:44:23.468 30584 31162 I art     : Explicit concurrent mark sweep GC freed 3(96B) AllocSpace objects, 0(0B) LOS objects, 37% free, 26MB/42MB, paused 867us total 25.920ms
08-05 23:44:23.538 32497 32497 D AndroidRuntime: >>>>>> START com.android.internal.os.RuntimeInit uid 2000 <<<<<<
08-05 23:44:23.544 32497 32497 D AndroidRuntime: CheckJNI is OFF
08-05 23:44:23.579 32497 32497 D ICU     : No timezone override file found: /data/misc/zoneinfo/current/icu/icu_tzdata.dat
08-05 23:44:23.613 32497 32497 I Radio-JNI: register_android_hardware_Radio DONE
08-05 23:44:23.635 32497 32497 D AndroidRuntime: Calling main entry com.android.commands.input.Input
08-05 23:44:23.637 32497 32497 I Input   : injectMotionEvent: MotionEvent { action=ACTION_DOWN, actionButton=0, id[0]=0, x[0]=567.0, y[0]=714.0, toolType[0]=TOOL_TYPE_UNKNOWN, buttonState=0, metaState=0, flags=0x0, edgeFlags=0x0, pointerCount=1, historySize=0, eventTime=834280050, downTime=834280050, deviceId=0, source=0x1002 }
08-05 23:44:23.643 32497 32497 I Input   : injectMotionEvent: MotionEvent { action=ACTION_UP, actionButton=0, id[0]=0, x[0]=567.0, y[0]=714.0, toolType[0]=TOOL_TYPE_UNKNOWN, buttonState=0, metaState=0, flags=0x0, edgeFlags=0x0, pointerCount=1, historySize=0, eventTime=834280050, downTime=834280050, deviceId=0, source=0x1002 }
08-05 23:44:23.644 32497 32497 D AndroidRuntime: Shutting down VM
08-05 23:44:23.653   512  2967 D audio_hw_primary: out_set_parameters: enter: usecase(1: low-latency-playback) kvpairs: routing=2
08-05 23:44:23.666   512  2967 D audio_hw_primary: select_devices: out_snd_device(2: speaker) in_snd_device(0: none)
08-05 23:44:23.667   512  2967 D msm8974_platform: platform_send_audio_calibration: sending audio calibration for snd_device(2) acdb_id(15)
08-05 23:44:23.668   512  2967 I soundtrigger: audio_extn_sound_trigger_update_device_status: device 0x2 of type 0 for Event 1
08-05 23:44:23.678   512  2967 D audio_hw_primary: enable_snd_device: snd_device(2: speaker)
08-05 23:44:23.680   512  2967 D audio_hw_primary: enable_audio_route: apply and update mixer path: low-latency-playback speaker
08-05 23:44:23.744 30584 30596 I art     : Starting a blocking GC Explicit
08-05 23:44:23.771 30584 30596 I art     : Explicit concurrent mark sweep GC freed 3680(174KB) AllocSpace objects, 1(20KB) LOS objects, 37% free, 27MB/43MB, paused 915us total 26.629ms
08-05 23:44:23.780 30584 30596 I art     : Starting a blocking GC Explicit
08-05 23:44:23.808 30584 30596 I art     : Explicit concurrent mark sweep GC freed 4423(201KB) AllocSpace objects, 1(220KB) LOS objects, 37% free, 26MB/42MB, paused 984us total 27.580ms
08-05 23:44:23.818 30584 30596 I art     : Starting a blocking GC Explicit
08-05 23:44:23.843 30584 30596 I art     : Explicit concurrent mark sweep GC freed 53(1872B) AllocSpace objects, 0(0B) LOS objects, 37% free, 26MB/42MB, paused 886us total 25.362ms
08-05 23:44:23.853 30584 30596 I art     : Starting a blocking GC Explicit
08-05 23:44:23.878 30584 30596 I art     : Explicit concurrent mark sweep GC freed 1416(75KB) AllocSpace objects, 0(0B) LOS objects, 37% free, 26MB/42MB, paused 939us total 25.021ms
08-05 23:44:23.887 30584 30596 I art     : Starting a blocking GC Explicit
08-05 23:44:23.912 30584 30596 I art     : Explicit concurrent mark sweep GC freed 110(4KB) AllocSpace objects, 0(0B) LOS objects, 37% free, 26MB/42MB, paused 877us total 24.793ms
08-05 23:44:24.005 30584 31149 I NAPPA_EXPERIMENTATION: MetricNetworkRequestExecutionTime: REQUEST_DURATION_SYSTEM='332',REQUEST_DURATION_OKHTTP='156',REQUEST_SYNCHRONOUS='TRUE',RESPONSE_CODE='400',RESPONSE_METHOD='GET',RESPONSE_LENGTH_OKHTTP='0',RESPONSE_LENGTH_HEADER='0',REQUEST_PROTOCOL='h2',REQUEST_URL='https://itunes.apple.com/en/rss/toppodcasts/limit=25/explicit=true/json',
08-05 23:44:24.146 30584 31149 I NAPPA_EXPERIMENTATION: MetricNetworkRequestExecutionTime: REQUEST_DURATION_SYSTEM='140',REQUEST_DURATION_OKHTTP='140',REQUEST_SYNCHRONOUS='TRUE',RESPONSE_CODE='200',RESPONSE_METHOD='GET',RESPONSE_LENGTH_OKHTTP='-1',RESPONSE_LENGTH_HEADER='10075',REQUEST_PROTOCOL='h2',REQUEST_URL='https://itunes.apple.com/us/rss/toppodcasts/limit=25/explicit=true/json',
08-05 23:44:24.159 30584 30596 I art     : Starting a blocking GC Explicit
08-05 23:44:24.190 30584 30596 I art     : Explicit concurrent mark sweep GC freed 4453(292KB) AllocSpace objects, 4(272KB) LOS objects, 36% free, 27MB/43MB, paused 961us total 30.006ms
08-05 23:44:24.199 30584 30596 I art     : Starting a blocking GC Explicit
08-05 23:44:24.202 30584 31352 D ApOkHttpUrlLoader: buildLoadData() called with: model = [https://is4-ssl.mzstatic.com/image/thumb/Podcasts114/v4/3f/16/74/3f167426-bf50-ce3a-d709-e4301620fc5b/mza_5832671293059882550.jpeg/170x170bb.png], width = [224], height = [224]
08-05 23:44:24.203 30584 31362 D DBReader: getImageAuthentication() called with: imageUrl = [https://is4-ssl.mzstatic.com/image/thumb/Podcasts114/v4/3f/16/74/3f167426-bf50-ce3a-d709-e4301620fc5b/mza_5832671293059882550.jpeg/170x170bb.png]
08-05 23:44:24.206 30584 31353 D ApOkHttpUrlLoader: buildLoadData() called with: model = [https://is4-ssl.mzstatic.com/image/thumb/Podcasts113/v4/e5/8a/10/e58a108f-f5d0-f622-c94a-13f66edd570c/mza_3025981348644196724.jpg/170x170bb.png], width = [224], height = [224]
08-05 23:44:24.207 30584 31358 D DBReader: getImageAuthentication() called with: imageUrl = [https://is4-ssl.mzstatic.com/image/thumb/Podcasts113/v4/e5/8a/10/e58a108f-f5d0-f622-c94a-13f66edd570c/mza_3025981348644196724.jpg/170x170bb.png]
08-05 23:44:24.208 30584 31362 D ApOkHttpUrlLoader: no credentials for 'https://is4-ssl.mzstatic.com/image/thumb/Podcasts114/v4/3f/16/74/3f167426-bf50-ce3a-d709-e4301620fc5b/mza_5832671293059882550.jpeg/170x170bb.png'
08-05 23:44:24.209 30584 31355 D ApOkHttpUrlLoader: buildLoadData() called with: model = [https://is2-ssl.mzstatic.com/image/thumb/Podcasts113/v4/a9/39/cc/a939ccc5-6d60-0c11-0a4c-16d71cdef89b/mza_8787577209688278658.jpg/170x170bb.png], width = [224], height = [224]
08-05 23:44:24.210 30584 31361 D DBReader: getImageAuthentication() called with: imageUrl = [https://is2-ssl.mzstatic.com/image/thumb/Podcasts113/v4/a9/39/cc/a939ccc5-6d60-0c11-0a4c-16d71cdef89b/mza_8787577209688278658.jpg/170x170bb.png]
08-05 23:44:24.211 30584 31358 D ApOkHttpUrlLoader: no credentials for 'https://is4-ssl.mzstatic.com/image/thumb/Podcasts113/v4/e5/8a/10/e58a108f-f5d0-f622-c94a-13f66edd570c/mza_3025981348644196724.jpg/170x170bb.png'
08-05 23:44:24.211 30584 31354 D ApOkHttpUrlLoader: buildLoadData() called with: model = [https://is5-ssl.mzstatic.com/image/thumb/Podcasts114/v4/93/cf/99/93cf9960-fff3-205e-6655-72c03ddeccb2/mza_10545582232493904175.jpeg/170x170bb.png], width = [224], height = [224]
08-05 23:44:24.213 30584 31356 D DBReader: getImageAuthentication() called with: imageUrl = [https://is5-ssl.mzstatic.com/image/thumb/Podcasts114/v4/93/cf/99/93cf9960-fff3-205e-6655-72c03ddeccb2/mza_10545582232493904175.jpeg/170x170bb.png]
08-05 23:44:24.213 30584 31361 D ApOkHttpUrlLoader: no credentials for 'https://is2-ssl.mzstatic.com/image/thumb/Podcasts113/v4/a9/39/cc/a939ccc5-6d60-0c11-0a4c-16d71cdef89b/mza_8787577209688278658.jpg/170x170bb.png'
08-05 23:44:24.215 30584 31352 D ApOkHttpUrlLoader: buildLoadData() called with: model = [https://is4-ssl.mzstatic.com/image/thumb/Podcasts124/v4/49/a4/91/49a491b7-3daf-c5dc-d7c6-6c4f1486955c/mza_5930014091766152297.png/170x170bb.png], width = [224], height = [224]
08-05 23:44:24.217 30584 31353 D ApOkHttpUrlLoader: buildLoadData() called with: model = [https://is5-ssl.mzstatic.com/image/thumb/Podcasts113/v4/fd/54/6e/fd546ea0-7ab2-e3f0-6049-884d82917af9/mza_4855349695799758348.jpeg/170x170bb.png], width = [224], height = [224]
08-05 23:44:24.217 30584 31364 D DBReader: getImageAuthentication() called with: imageUrl = [https://is4-ssl.mzstatic.com/image/thumb/Podcasts124/v4/49/a4/91/49a491b7-3daf-c5dc-d7c6-6c4f1486955c/mza_5930014091766152297.png/170x170bb.png]
08-05 23:44:24.218 30584 31360 D DBReader: getImageAuthentication() called with: imageUrl = [https://is5-ssl.mzstatic.com/image/thumb/Podcasts113/v4/fd/54/6e/fd546ea0-7ab2-e3f0-6049-884d82917af9/mza_4855349695799758348.jpeg/170x170bb.png]
08-05 23:44:24.219 30584 31356 D ApOkHttpUrlLoader: no credentials for 'https://is5-ssl.mzstatic.com/image/thumb/Podcasts114/v4/93/cf/99/93cf9960-fff3-205e-6655-72c03ddeccb2/mza_10545582232493904175.jpeg/170x170bb.png'
08-05 23:44:24.219   512  2967 D audio_hw_primary: disable_audio_route: reset and update mixer path: low-latency-playback speaker
08-05 23:44:24.220   512  2967 D audio_hw_primary: disable_snd_device: snd_device(2: speaker)
08-05 23:44:24.221 30584 31355 D ApOkHttpUrlLoader: buildLoadData() called with: model = [https://is2-ssl.mzstatic.com/image/thumb/Podcasts114/v4/b3/4c/cf/b34ccfc2-cea4-1ca1-0fad-7793af301cc5/mza_2466085192629456364.jpg/170x170bb.png], width = [224], height = [224]
08-05 23:44:24.222 30584 31360 D ApOkHttpUrlLoader: no credentials for 'https://is5-ssl.mzstatic.com/image/thumb/Podcasts113/v4/fd/54/6e/fd546ea0-7ab2-e3f0-6049-884d82917af9/mza_4855349695799758348.jpeg/170x170bb.png'
08-05 23:44:24.223 30584 31363 D DBReader: getImageAuthentication() called with: imageUrl = [https://is2-ssl.mzstatic.com/image/thumb/Podcasts114/v4/b3/4c/cf/b34ccfc2-cea4-1ca1-0fad-7793af301cc5/mza_2466085192629456364.jpg/170x170bb.png]
08-05 23:44:24.227 30584 30596 I art     : Explicit concurrent mark sweep GC freed 7792(422KB) AllocSpace objects, 1(100KB) LOS objects, 37% free, 27MB/43MB, paused 1.335ms total 28.285ms
08-05 23:44:24.228 30584 31364 D ApOkHttpUrlLoader: no credentials for 'https://is4-ssl.mzstatic.com/image/thumb/Podcasts124/v4/49/a4/91/49a491b7-3daf-c5dc-d7c6-6c4f1486955c/mza_5930014091766152297.png/170x170bb.png'
08-05 23:44:24.229   512  2967 I soundtrigger: audio_extn_sound_trigger_update_device_status: device 0x2 of type 0 for Event 0
08-05 23:44:24.232 30584 31363 D ApOkHttpUrlLoader: no credentials for 'https://is2-ssl.mzstatic.com/image/thumb/Podcasts114/v4/b3/4c/cf/b34ccfc2-cea4-1ca1-0fad-7793af301cc5/mza_2466085192629456364.jpg/170x170bb.png'
08-05 23:44:24.236 30584 30596 I art     : Starting a blocking GC Explicit
08-05 23:44:24.238   918  3188 I hubconnection: sensorhub said: 'set_bias 3: -6.2400, 0.0000, 0.0000'
08-05 23:44:24.263 30584 30596 I art     : Explicit concurrent mark sweep GC freed 650(39KB) AllocSpace objects, 0(0B) LOS objects, 37% free, 27MB/43MB, paused 1.248ms total 26.152ms
08-05 23:44:24.271 30584 30596 I art     : Starting a blocking GC Explicit
08-05 23:44:24.296 30584 30596 I art     : Explicit concurrent mark sweep GC freed 374(23KB) AllocSpace objects, 0(0B) LOS objects, 37% free, 27MB/43MB, paused 1.047ms total 25.136ms
08-05 23:44:24.305 30584 30596 I art     : Starting a blocking GC Explicit
08-05 23:44:24.339 30584 30596 I art     : Explicit concurrent mark sweep GC freed 4850(210KB) AllocSpace objects, 0(0B) LOS objects, 37% free, 27MB/43MB, paused 1.818ms total 33.764ms
08-05 23:44:24.546 30584 31358 D MYTAG   : interceptor 2a
08-05 23:44:24.547 30584 31358 I NAPPA_EXPERIMENTATION: MetricNetworkRequestExecutionTime: REQUEST_DURATION_SYSTEM='335',REQUEST_DURATION_OKHTTP='168',REQUEST_SYNCHRONOUS='TRUE',RESPONSE_CODE='200',RESPONSE_METHOD='GET',RESPONSE_LENGTH_OKHTTP='45995',RESPONSE_LENGTH_HEADER='45995',REQUEST_PROTOCOL='h2',REQUEST_URL='https://is4-ssl.mzstatic.com/image/thumb/Podcasts113/v4/e5/8a/10/e58a108f-f5d0-f622-c94a-13f66edd570c/mza_3025981348644196724.jpg/170x170bb.png',
08-05 23:44:24.558 30584 31361 D MYTAG   : interceptor 2a
08-05 23:44:24.558 30584 31361 I NAPPA_EXPERIMENTATION: MetricNetworkRequestExecutionTime: REQUEST_DURATION_SYSTEM='344',REQUEST_DURATION_OKHTTP='186',REQUEST_SYNCHRONOUS='TRUE',RESPONSE_CODE='200',RESPONSE_METHOD='GET',RESPONSE_LENGTH_OKHTTP='48239',RESPONSE_LENGTH_HEADER='48239',REQUEST_PROTOCOL='h2',REQUEST_URL='https://is2-ssl.mzstatic.com/image/thumb/Podcasts113/v4/a9/39/cc/a939ccc5-6d60-0c11-0a4c-16d71cdef89b/mza_8787577209688278658.jpg/170x170bb.png',
08-05 23:44:24.630 30584 30617 I art     : Starting a blocking GC Explicit
08-05 23:44:24.639 30584 31356 D MYTAG   : interceptor 2a
08-05 23:44:24.640 30584 31356 I NAPPA_EXPERIMENTATION: MetricNetworkRequestExecutionTime: REQUEST_DURATION_SYSTEM='420',REQUEST_DURATION_OKHTTP='205',REQUEST_SYNCHRONOUS='TRUE',RESPONSE_CODE='200',RESPONSE_METHOD='GET',RESPONSE_LENGTH_OKHTTP='22351',RESPONSE_LENGTH_HEADER='22351',REQUEST_PROTOCOL='h2',REQUEST_URL='https://is5-ssl.mzstatic.com/image/thumb/Podcasts114/v4/93/cf/99/93cf9960-fff3-205e-6655-72c03ddeccb2/mza_10545582232493904175.jpeg/170x170bb.png',
08-05 23:44:24.652 30584 31363 D MYTAG   : interceptor 2a
08-05 23:44:24.652 30584 31363 I NAPPA_EXPERIMENTATION: MetricNetworkRequestExecutionTime: REQUEST_DURATION_SYSTEM='420',REQUEST_DURATION_OKHTTP='182',REQUEST_SYNCHRONOUS='TRUE',RESPONSE_CODE='200',RESPONSE_METHOD='GET',RESPONSE_LENGTH_OKHTTP='42299',RESPONSE_LENGTH_HEADER='42299',REQUEST_PROTOCOL='h2',REQUEST_URL='https://is2-ssl.mzstatic.com/image/thumb/Podcasts114/v4/b3/4c/cf/b34ccfc2-cea4-1ca1-0fad-7793af301cc5/mza_2466085192629456364.jpg/170x170bb.png',
08-05 23:44:24.662 30584 30617 I art     : Explicit concurrent mark sweep GC freed 24515(1242KB) AllocSpace objects, 1(20KB) LOS objects, 36% free, 27MB/43MB, paused 1.147ms total 31.676ms
08-05 23:44:24.667 30584 31360 D MYTAG   : interceptor 2a
08-05 23:44:24.667 30584 31360 I NAPPA_EXPERIMENTATION: MetricNetworkRequestExecutionTime: REQUEST_DURATION_SYSTEM='444',REQUEST_DURATION_OKHTTP='226',REQUEST_SYNCHRONOUS='TRUE',RESPONSE_CODE='200',RESPONSE_METHOD='GET',RESPONSE_LENGTH_OKHTTP='54835',RESPONSE_LENGTH_HEADER='54835',REQUEST_PROTOCOL='h2',REQUEST_URL='https://is5-ssl.mzstatic.com/image/thumb/Podcasts113/v4/fd/54/6e/fd546ea0-7ab2-e3f0-6049-884d82917af9/mza_4855349695799758348.jpeg/170x170bb.png',
08-05 23:44:24.671 30584 30617 I art     : Starting a blocking GC Explicit
08-05 23:44:24.689 30584 31362 D MYTAG   : interceptor 2a
08-05 23:44:24.690 30584 31362 I NAPPA_EXPERIMENTATION: MetricNetworkRequestExecutionTime: REQUEST_DURATION_SYSTEM='481',REQUEST_DURATION_OKHTTP='236',REQUEST_SYNCHRONOUS='TRUE',RESPONSE_CODE='200',RESPONSE_METHOD='GET',RESPONSE_LENGTH_OKHTTP='26177',RESPONSE_LENGTH_HEADER='26177',REQUEST_PROTOCOL='h2',REQUEST_URL='https://is4-ssl.mzstatic.com/image/thumb/Podcasts114/v4/3f/16/74/3f167426-bf50-ce3a-d709-e4301620fc5b/mza_5832671293059882550.jpeg/170x170bb.png',
08-05 23:44:24.698 30584 30617 I art     : Explicit concurrent mark sweep GC freed 1455(73KB) AllocSpace objects, 0(0B) LOS objects, 36% free, 28MB/44MB, paused 1.158ms total 26.056ms
08-05 23:44:24.707 30584 30617 I art     : Starting a blocking GC Explicit
08-05 23:44:24.712 30584 31364 D MYTAG   : interceptor 2a
08-05 23:44:24.712 30584 31364 I NAPPA_EXPERIMENTATION: MetricNetworkRequestExecutionTime: REQUEST_DURATION_SYSTEM='484',REQUEST_DURATION_OKHTTP='254',REQUEST_SYNCHRONOUS='TRUE',RESPONSE_CODE='200',RESPONSE_METHOD='GET',RESPONSE_LENGTH_OKHTTP='12000',RESPONSE_LENGTH_HEADER='12000',REQUEST_PROTOCOL='h2',REQUEST_URL='https://is4-ssl.mzstatic.com/image/thumb/Podcasts124/v4/49/a4/91/49a491b7-3daf-c5dc-d7c6-6c4f1486955c/mza_5930014091766152297.png/170x170bb.png',
08-05 23:44:24.733 30584 30617 I art     : Explicit concurrent mark sweep GC freed 680(37KB) AllocSpace objects, 0(0B) LOS objects, 36% free, 28MB/44MB, paused 901us total 25.894ms
08-05 23:44:24.741 30584 30617 I art     : Starting a blocking GC Explicit
08-05 23:44:24.765 30584 30617 I art     : Explicit concurrent mark sweep GC freed 627(25KB) AllocSpace objects, 0(0B) LOS objects, 36% free, 28MB/44MB, paused 882us total 23.874ms
08-05 23:44:24.774 30584 30617 I art     : Starting a blocking GC Explicit
08-05 23:44:24.799 30584 30617 I art     : Explicit concurrent mark sweep GC freed 19(1248B) AllocSpace objects, 0(0B) LOS objects, 36% free, 28MB/44MB, paused 877us total 24.197ms
08-05 23:44:25.089 30584 30596 I art     : Starting a blocking GC Explicit
08-05 23:44:25.125 30584 30596 I art     : Explicit concurrent mark sweep GC freed 1372(80KB) AllocSpace objects, 1(20KB) LOS objects, 36% free, 28MB/44MB, paused 1.018ms total 35.479ms
08-05 23:44:25.138 30584 30596 I art     : Starting a blocking GC Explicit
08-05 23:44:25.167 30584 30596 I art     : Explicit concurrent mark sweep GC freed 23(752B) AllocSpace objects, 0(0B) LOS objects, 36% free, 28MB/44MB, paused 970us total 28.951ms
08-05 23:44:25.176 30584 30596 I art     : Starting a blocking GC Explicit
08-05 23:44:25.205 30584 30596 I art     : Explicit concurrent mark sweep GC freed 3(96B) AllocSpace objects, 0(0B) LOS objects, 36% free, 28MB/44MB, paused 965us total 28.467ms
08-05 23:44:25.215 30584 30596 I art     : Starting a blocking GC Explicit
08-05 23:44:25.244 30584 30596 I art     : Explicit concurrent mark sweep GC freed 3(96B) AllocSpace objects, 0(0B) LOS objects, 36% free, 28MB/44MB, paused 949us total 28.472ms
08-05 23:44:25.253 30584 30596 I art     : Starting a blocking GC Explicit
08-05 23:44:25.282 30584 30596 I art     : Explicit concurrent mark sweep GC freed 3(96B) AllocSpace objects, 0(0B) LOS objects, 36% free, 28MB/44MB, paused 956us total 28.948ms
08-05 23:44:25.611 30584 31025 I art     : Starting a blocking GC Explicit
08-05 23:44:25.647 30584 31025 I art     : Explicit concurrent mark sweep GC freed 1402(82KB) AllocSpace objects, 1(20KB) LOS objects, 36% free, 28MB/44MB, paused 1.065ms total 35.650ms
08-05 23:44:25.659 30584 31025 I art     : Starting a blocking GC Explicit
08-05 23:44:25.687 30584 31025 I art     : Explicit concurrent mark sweep GC freed 23(752B) AllocSpace objects, 0(0B) LOS objects, 36% free, 28MB/44MB, paused 1.071ms total 28.573ms
08-05 23:44:25.697 30584 31025 I art     : Starting a blocking GC Explicit
08-05 23:44:25.725 30584 31025 I art     : Explicit concurrent mark sweep GC freed 3(96B) AllocSpace objects, 0(0B) LOS objects, 36% free, 28MB/44MB, paused 882us total 27.418ms
08-05 23:44:25.734 30584 31025 I art     : Starting a blocking GC Explicit
08-05 23:44:25.739   518   646 I ThermalEngine: ACTION: GPU - Setting GPU[0] to 450000000
08-05 23:44:25.771 30584 31025 I art     : Explicit concurrent mark sweep GC freed 3(96B) AllocSpace objects, 0(0B) LOS objects, 36% free, 28MB/44MB, paused 1.304ms total 36.522ms
08-05 23:44:25.783 30584 31025 I art     : Starting a blocking GC Explicit
08-05 23:44:25.822 30584 31025 I art     : Explicit concurrent mark sweep GC freed 6(192B) AllocSpace objects, 0(0B) LOS objects, 36% free, 28MB/44MB, paused 1.357ms total 38.578ms
08-05 23:44:26.176 30584 30596 I art     : Starting a blocking GC Explicit
08-05 23:44:26.216 30584 30596 I art     : Explicit concurrent mark sweep GC freed 1401(83KB) AllocSpace objects, 1(20KB) LOS objects, 36% free, 28MB/44MB, paused 1.301ms total 39.564ms
08-05 23:44:26.231 30584 30596 I art     : Starting a blocking GC Explicit
08-05 23:44:26.267 30584 30596 I art     : Explicit concurrent mark sweep GC freed 23(752B) AllocSpace objects, 0(0B) LOS objects, 36% free, 28MB/44MB, paused 1.351ms total 35.508ms
08-05 23:44:26.279 30584 30596 I art     : Starting a blocking GC Explicit
08-05 23:44:26.317 30584 30596 I art     : Explicit concurrent mark sweep GC freed 3(96B) AllocSpace objects, 0(0B) LOS objects, 36% free, 28MB/44MB, paused 1.273ms total 37.532ms
08-05 23:44:26.329 30584 30596 I art     : Starting a blocking GC Explicit
08-05 23:44:26.367 30584 30596 I art     : Explicit concurrent mark sweep GC freed 3(96B) AllocSpace objects, 0(0B) LOS objects, 36% free, 28MB/44MB, paused 1.366ms total 37.932ms
08-05 23:44:26.380 30584 30596 I art     : Starting a blocking GC Explicit
08-05 23:44:26.416 30584 30596 I art     : Explicit concurrent mark sweep GC freed 3(96B) AllocSpace objects, 0(0B) LOS objects, 36% free, 28MB/44MB, paused 1.288ms total 35.801ms
08-05 23:44:26.756 30584 31162 I art     : Starting a blocking GC Explicit
08-05 23:44:26.795 30584 31162 I art     : Explicit concurrent mark sweep GC freed 1402(82KB) AllocSpace objects, 1(20KB) LOS objects, 36% free, 28MB/44MB, paused 1.252ms total 38.680ms
08-05 23:44:26.807 30584 31162 I art     : Starting a blocking GC Explicit
08-05 23:44:26.845 30584 31162 I art     : Explicit concurrent mark sweep GC freed 23(752B) AllocSpace objects, 0(0B) LOS objects, 36% free, 28MB/44MB, paused 1.327ms total 38.250ms
08-05 23:44:26.858 30584 31162 I art     : Starting a blocking GC Explicit
08-05 23:44:26.895 30584 31162 I art     : Explicit concurrent mark sweep GC freed 3(96B) AllocSpace objects, 0(0B) LOS objects, 36% free, 28MB/44MB, paused 1.303ms total 36.595ms
08-05 23:44:26.907 30584 31162 I art     : Starting a blocking GC Explicit
08-05 23:44:26.945 30584 31162 I art     : Explicit concurrent mark sweep GC freed 3(96B) AllocSpace objects, 0(0B) LOS objects, 36% free, 28MB/44MB, paused 1.310ms total 38.072ms
08-05 23:44:26.958 30584 31162 I art     : Starting a blocking GC Explicit
08-05 23:44:26.997 30584 31162 I art     : Explicit concurrent mark sweep GC freed 3(96B) AllocSpace objects, 0(0B) LOS objects, 36% free, 28MB/44MB, paused 1.266ms total 38.370ms
08-05 23:44:27.349 30584 30597 I art     : Starting a blocking GC Explicit
08-05 23:44:27.396 30584 30597 I art     : Explicit concurrent mark sweep GC freed 1374(82KB) AllocSpace objects, 1(20KB) LOS objects, 36% free, 28MB/44MB, paused 1.387ms total 45.811ms
08-05 23:44:27.410 30584 30597 I art     : Starting a blocking GC Explicit
08-05 23:44:27.449 30584 30597 I art     : Explicit concurrent mark sweep GC freed 23(752B) AllocSpace objects, 0(0B) LOS objects, 36% free, 28MB/44MB, paused 1.289ms total 38.375ms
08-05 23:44:27.461 30584 30597 I art     : Starting a blocking GC Explicit
08-05 23:44:27.500 30584 30597 I art     : Explicit concurrent mark sweep GC freed 3(96B) AllocSpace objects, 0(0B) LOS objects, 36% free, 28MB/44MB, paused 1.246ms total 38.357ms
08-05 23:44:27.512 30584 30597 I art     : Starting a blocking GC Explicit
08-05 23:44:27.551 30584 30597 I art     : Explicit concurrent mark sweep GC freed 3(96B) AllocSpace objects, 0(0B) LOS objects, 36% free, 28MB/44MB, paused 1.223ms total 38.422ms
08-05 23:44:27.563 30584 30597 I art     : Starting a blocking GC Explicit
08-05 23:44:27.602 30584 30597 I art     : Explicit concurrent mark sweep GC freed 32(880B) AllocSpace objects, 0(0B) LOS objects, 36% free, 28MB/44MB, paused 1.307ms total 38.464ms
08-05 23:44:27.944 30584 30617 I art     : Starting a blocking GC Explicit
08-05 23:44:27.995 30584 30617 I art     : Explicit concurrent mark sweep GC freed 1373(81KB) AllocSpace objects, 1(20KB) LOS objects, 36% free, 28MB/44MB, paused 1.358ms total 50.845ms
08-05 23:44:28.012 30584 30617 I art     : Starting a blocking GC Explicit
08-05 23:44:28.050 30584 30617 I art     : Explicit concurrent mark sweep GC freed 23(752B) AllocSpace objects, 0(0B) LOS objects, 36% free, 28MB/44MB, paused 1.295ms total 38.394ms
08-05 23:44:28.063 30584 30617 I art     : Starting a blocking GC Explicit
08-05 23:44:28.101 30584 30617 I art     : Explicit concurrent mark sweep GC freed 3(96B) AllocSpace objects, 0(0B) LOS objects, 36% free, 28MB/44MB, paused 1.292ms total 38.476ms
08-05 23:44:28.114 30584 30617 I art     : Starting a blocking GC Explicit
08-05 23:44:28.150 30584 30617 I art     : Explicit concurrent mark sweep GC freed 3(96B) AllocSpace objects, 0(0B) LOS objects, 36% free, 28MB/44MB, paused 1.269ms total 35.945ms
08-05 23:44:28.162 30584 30617 I art     : Starting a blocking GC Explicit
08-05 23:44:28.201 30584 30617 I art     : Explicit concurrent mark sweep GC freed 3(96B) AllocSpace objects, 0(0B) LOS objects, 36% free, 28MB/44MB, paused 1.294ms total 38.004ms
08-05 23:44:28.548 30584 31025 I art     : Starting a blocking GC Explicit
08-05 23:44:28.600 30584 31025 I art     : Explicit concurrent mark sweep GC freed 1401(81KB) AllocSpace objects, 1(20KB) LOS objects, 36% free, 28MB/44MB, paused 1.530ms total 51.510ms
08-05 23:44:28.617 30584 31025 I art     : Starting a blocking GC Explicit
08-05 23:44:28.655 30584 31025 I art     : Explicit concurrent mark sweep GC freed 23(752B) AllocSpace objects, 0(0B) LOS objects, 36% free, 28MB/44MB, paused 1.309ms total 37.466ms
08-05 23:44:28.667 30584 31025 I art     : Starting a blocking GC Explicit
08-05 23:44:28.706 30584 31025 I art     : Explicit concurrent mark sweep GC freed 3(96B) AllocSpace objects, 0(0B) LOS objects, 36% free, 28MB/44MB, paused 1.296ms total 38.570ms
08-05 23:44:28.719 30584 31025 I art     : Starting a blocking GC Explicit
08-05 23:44:28.745   518   646 I ThermalEngine: ACTION: GPU - Setting GPU[0] to 510000000
08-05 23:44:28.756 30584 31025 I art     : Explicit concurrent mark sweep GC freed 3(96B) AllocSpace objects, 0(0B) LOS objects, 36% free, 28MB/44MB, paused 1.229ms total 37.031ms
08-05 23:44:28.768 30584 31025 I art     : Starting a blocking GC Explicit
08-05 23:44:28.802 30584 31025 I art     : Explicit concurrent mark sweep GC freed 3(96B) AllocSpace objects, 0(0B) LOS objects, 36% free, 28MB/44MB, paused 1.022ms total 33.954ms
08-05 23:44:29.136 30584 30596 I art     : Starting a blocking GC Explicit
08-05 23:44:29.173 30584 30596 I art     : Explicit concurrent mark sweep GC freed 1372(80KB) AllocSpace objects, 1(20KB) LOS objects, 36% free, 28MB/44MB, paused 1.015ms total 36.689ms
08-05 23:44:29.186 30584 30596 I art     : Starting a blocking GC Explicit
08-05 23:44:29.215 30584 30596 I art     : Explicit concurrent mark sweep GC freed 23(752B) AllocSpace objects, 0(0B) LOS objects, 36% free, 28MB/44MB, paused 956us total 29.277ms
08-05 23:44:29.225 30584 30596 I art     : Starting a blocking GC Explicit
08-05 23:44:29.253 30584 30596 I art     : Explicit concurrent mark sweep GC freed 3(96B) AllocSpace objects, 0(0B) LOS objects, 36% free, 28MB/44MB, paused 949us total 28.095ms
08-05 23:44:29.263 30584 30596 I art     : Starting a blocking GC Explicit
08-05 23:44:29.291 30584 30596 I art     : Explicit concurrent mark sweep GC freed 3(96B) AllocSpace objects, 0(0B) LOS objects, 36% free, 28MB/44MB, paused 937us total 27.994ms
08-05 23:44:29.300 30584 30596 I art     : Starting a blocking GC Explicit
08-05 23:44:29.329 30584 30596 I art     : Explicit concurrent mark sweep GC freed 3(96B) AllocSpace objects, 0(0B) LOS objects, 36% free, 28MB/44MB, paused 989us total 28.591ms
08-05 23:44:29.668 30584 31162 I art     : Starting a blocking GC Explicit
08-05 23:44:29.708 30584 31162 I art     : Explicit concurrent mark sweep GC freed 1401(81KB) AllocSpace objects, 1(20KB) LOS objects, 36% free, 28MB/44MB, paused 1.127ms total 40.479ms
08-05 23:44:29.721 30584 31162 I art     : Starting a blocking GC Explicit
08-05 23:44:29.751 30584 31162 I art     : Explicit concurrent mark sweep GC freed 23(752B) AllocSpace objects, 0(0B) LOS objects, 36% free, 28MB/44MB, paused 914us total 28.877ms
08-05 23:44:29.760 30584 31162 I art     : Starting a blocking GC Explicit
08-05 23:44:29.789 30584 31162 I art     : Explicit concurrent mark sweep GC freed 3(96B) AllocSpace objects, 0(0B) LOS objects, 36% free, 28MB/44MB, paused 985us total 28.421ms
08-05 23:44:29.798 30584 31162 I art     : Starting a blocking GC Explicit
08-05 23:44:29.827 30584 31162 I art     : Explicit concurrent mark sweep GC freed 3(96B) AllocSpace objects, 0(0B) LOS objects, 36% free, 28MB/44MB, paused 1.055ms total 28.629ms
08-05 23:44:29.837 30584 31162 I art     : Starting a blocking GC Explicit
08-05 23:44:29.866 30584 31162 I art     : Explicit concurrent mark sweep GC freed 3(96B) AllocSpace objects, 0(0B) LOS objects, 36% free, 28MB/44MB, paused 966us total 28.970ms
08-05 23:44:30.134 30584 30597 I art     : Starting a blocking GC Explicit
08-05 23:44:30.162 30584 30597 I art     : Explicit concurrent mark sweep GC freed 1372(80KB) AllocSpace objects, 1(20KB) LOS objects, 36% free, 28MB/44MB, paused 1.022ms total 28.234ms
08-05 23:44:30.172 30584 30597 I art     : Starting a blocking GC Explicit
08-05 23:44:30.200 30584 30597 I art     : Explicit concurrent mark sweep GC freed 23(752B) AllocSpace objects, 0(0B) LOS objects, 36% free, 28MB/44MB, paused 1.049ms total 27.500ms
08-05 23:44:30.209 30584 30597 I art     : Starting a blocking GC Explicit
08-05 23:44:30.237 30584 30597 I art     : Explicit concurrent mark sweep GC freed 3(96B) AllocSpace objects, 0(0B) LOS objects, 36% free, 28MB/44MB, paused 1.061ms total 27.420ms
08-05 23:44:30.246 30584 30597 I art     : Starting a blocking GC Explicit
08-05 23:44:30.272 30584 30597 I art     : Explicit concurrent mark sweep GC freed 3(96B) AllocSpace objects, 0(0B) LOS objects, 36% free, 28MB/44MB, paused 970us total 26.607ms
08-05 23:44:30.281 30584 30597 I art     : Starting a blocking GC Explicit
08-05 23:44:30.308 30584 30597 I art     : Explicit concurrent mark sweep GC freed 3(96B) AllocSpace objects, 0(0B) LOS objects, 36% free, 28MB/44MB, paused 985us total 26.840ms
08-05 23:44:30.342 32656 32656 D AndroidRuntime: >>>>>> START com.android.internal.os.RuntimeInit uid 2000 <<<<<<
08-05 23:44:30.347 32656 32656 D AndroidRuntime: CheckJNI is OFF
08-05 23:44:30.380 32656 32656 D ICU     : No timezone override file found: /data/misc/zoneinfo/current/icu/icu_tzdata.dat
08-05 23:44:30.413 32656 32656 I Radio-JNI: register_android_hardware_Radio DONE
08-05 23:44:30.436 32656 32656 D AndroidRuntime: Calling main entry com.android.commands.input.Input
08-05 23:44:30.438 32656 32656 I Input   : injectMotionEvent: MotionEvent { action=ACTION_DOWN, actionButton=0, id[0]=0, x[0]=616.0, y[0]=469.0, toolType[0]=TOOL_TYPE_UNKNOWN, buttonState=0, metaState=0, flags=0x0, edgeFlags=0x0, pointerCount=1, historySize=0, eventTime=834286850, downTime=834286850, deviceId=0, source=0x1002 }
08-05 23:44:30.443 32656 32656 I Input   : injectMotionEvent: MotionEvent { action=ACTION_UP, actionButton=0, id[0]=0, x[0]=616.0, y[0]=469.0, toolType[0]=TOOL_TYPE_UNKNOWN, buttonState=0, metaState=0, flags=0x0, edgeFlags=0x0, pointerCount=1, historySize=0, eventTime=834286850, downTime=834286850, deviceId=0, source=0x1002 }
08-05 23:44:30.445 32656 32656 D AndroidRuntime: Shutting down VM
08-05 23:44:30.511   512  2967 D audio_hw_primary: out_set_parameters: enter: usecase(1: low-latency-playback) kvpairs: routing=2
08-05 23:44:30.524   512  2967 D audio_hw_primary: select_devices: out_snd_device(2: speaker) in_snd_device(0: none)
08-05 23:44:30.525   512  2967 D msm8974_platform: platform_send_audio_calibration: sending audio calibration for snd_device(2) acdb_id(15)
08-05 23:44:30.525   512  2967 I soundtrigger: audio_extn_sound_trigger_update_device_status: device 0x2 of type 0 for Event 1
08-05 23:44:30.534   512  2967 D audio_hw_primary: enable_snd_device: snd_device(2: speaker)
08-05 23:44:30.536   512  2967 D audio_hw_primary: enable_audio_route: apply and update mixer path: low-latency-playback speaker
08-05 23:44:30.571 30584 31025 I art     : Starting a blocking GC Explicit
08-05 23:44:30.600 30584 31025 I art     : Explicit concurrent mark sweep GC freed 1631(90KB) AllocSpace objects, 1(20KB) LOS objects, 36% free, 28MB/44MB, paused 1.050ms total 28.617ms
08-05 23:44:30.609 30584 31025 I art     : Starting a blocking GC Explicit
08-05 23:44:30.635 30584 31025 I art     : Explicit concurrent mark sweep GC freed 45(1584B) AllocSpace objects, 0(0B) LOS objects, 36% free, 28MB/44MB, paused 974us total 26.235ms
08-05 23:44:30.644 30584 31025 I art     : Starting a blocking GC Explicit
08-05 23:44:30.669 30584 31025 I art     : Explicit concurrent mark sweep GC freed 13(480B) AllocSpace objects, 0(0B) LOS objects, 36% free, 28MB/44MB, paused 984us total 25.388ms
08-05 23:44:30.678 30584 31025 I art     : Starting a blocking GC Explicit
08-05 23:44:30.700 30584 30604 I NAPPA_EXPERIMENTATION: MetricNetworkRequestExecutionTime: REQUEST_DURATION_SYSTEM='187',REQUEST_DURATION_OKHTTP='186',REQUEST_SYNCHRONOUS='TRUE',RESPONSE_CODE='200',RESPONSE_METHOD='GET',RESPONSE_LENGTH_OKHTTP='-1',RESPONSE_LENGTH_HEADER='628',REQUEST_PROTOCOL='h2',REQUEST_URL='https://itunes.apple.com/lookup?id=1524080195',
08-05 23:44:30.704 30584 31025 I art     : Explicit concurrent mark sweep GC freed 249(21KB) AllocSpace objects, 0(0B) LOS objects, 36% free, 28MB/44MB, paused 961us total 25.707ms
08-05 23:44:30.713 30584 31025 I art     : Starting a blocking GC Explicit
08-05 23:44:30.723   918  3696 I ActivityManager: START u0 {cmp=baseline.de.danoeh.antennapod.debug/baseline.de.danoeh.antennapod.activity.OnlineFeedViewActivity (has extras)} from uid 10711 on display 0
08-05 23:44:30.738 30584 31025 I art     : Explicit concurrent mark sweep GC freed 394(27KB) AllocSpace objects, 0(0B) LOS objects, 36% free, 28MB/44MB, paused 1.023ms total 25.415ms
08-05 23:44:30.746 13866 13866 I GoogleInputMethodServic: GoogleInputMethodService.onFinishInput():3138 
08-05 23:44:30.747 13866 13866 I GoogleInputMethodServic: GoogleInputMethodService.onStartInput():1808 
08-05 23:44:30.766 30584 30584 D UserPreferences: Using default data folder
08-05 23:44:30.767 30584 30584 D OnlineFeedViewActivity: Activity was started with url https://rss.art19.com/nice-white-parents
08-05 23:44:30.769 30584 30584 D OnlineFeedViewActivity: Starting feed download
08-05 23:44:30.771 30584 31150 D DBReader: Extracting Feedlist
08-05 23:44:30.773   918  3696 D WifiService: acquireWifiLockLocked: WifiLock{Downloader type=1 binder=android.os.BinderProxy@9398752}
08-05 23:44:30.773 30584 31150 D AntennapodHttpClient: Creating new instance of HTTP client
08-05 23:44:30.839 13866 13866 I GoogleInputMethodServic: GoogleInputMethodService.onFinishInput():3138 
08-05 23:44:30.839 13866 13866 I GoogleInputMethodServic: GoogleInputMethodService.onStartInput():1808 
08-05 23:44:30.867   918   936 I ActivityManager: Displayed baseline.de.danoeh.antennapod.debug/baseline.de.danoeh.antennapod.activity.OnlineFeedViewActivity: +121ms
08-05 23:44:30.994 30584 30617 I art     : Starting a blocking GC Explicit
08-05 23:44:31.027 30584 30617 I art     : Explicit concurrent mark sweep GC freed 7728(408KB) AllocSpace objects, 4(220KB) LOS objects, 35% free, 28MB/44MB, paused 1.045ms total 32.432ms
08-05 23:44:31.038 30584 30617 I art     : Starting a blocking GC Explicit
08-05 23:44:31.059 30584 31150 D MYTAG   : interceptor 3a https://rss.art19.com/nice-white-parents
08-05 23:44:31.059 30584 31150 I NAPPA_EXPERIMENTATION: MetricNetworkRequestExecutionTime: REQUEST_DURATION_SYSTEM='285',REQUEST_DURATION_OKHTTP='149',REQUEST_SYNCHRONOUS='TRUE',RESPONSE_CODE='200',RESPONSE_METHOD='GET',RESPONSE_LENGTH_OKHTTP='-1',RESPONSE_LENGTH_HEADER='1803',REQUEST_PROTOCOL='h2',REQUEST_URL='https://rss.art19.com/nice-white-parents',
08-05 23:44:31.059 30584 31150 D HttpDownloader: Response code is 200
08-05 23:44:31.059 30584 31150 D UserPreferences: Using default data folder
08-05 23:44:31.061 30584 31150 D HttpDownloader: Getting size of download
08-05 23:44:31.061 30584 31150 D HttpDownloader: Size is -1
08-05 23:44:31.061 30584 31150 D UserPreferences: Using default data folder
08-05 23:44:31.061 30584 31150 D HttpDownloader: Free space is 20474736640
08-05 23:44:31.061 30584 31150 D HttpDownloader: Starting download
08-05 23:44:31.070 30584 30617 I art     : Explicit concurrent mark sweep GC freed 1559(152KB) AllocSpace objects, 0(0B) LOS objects, 35% free, 28MB/44MB, paused 1.023ms total 32.034ms
08-05 23:44:31.070   512  2967 D audio_hw_primary: disable_audio_route: reset and update mixer path: low-latency-playback speaker
08-05 23:44:31.073   512  2967 D audio_hw_primary: disable_snd_device: snd_device(2: speaker)
08-05 23:44:31.081 30584 30617 I art     : Starting a blocking GC Explicit
08-05 23:44:31.082   512  2967 I soundtrigger: audio_extn_sound_trigger_update_device_status: device 0x2 of type 0 for Event 0
08-05 23:44:31.100 30584 31150 D HttpDownloader: Download was successful
08-05 23:44:31.101   918  4413 D WifiService: releaseWifiLockLocked: WifiLock{Downloader type=1 binder=android.os.BinderProxy@9398752}
08-05 23:44:31.102 30584 30584 D OnlineFeedViewActivity: Parsing feed
08-05 23:44:31.106 30584 32702 D TypeGetter: Recognized type RSS 2.0
08-05 23:44:31.107   380   380 W SurfaceFlinger: couldn't log to binary event log: overflow.
08-05 23:44:31.110 30584 32702 D SyndHandler: Recognized ITunes namespace
08-05 23:44:31.111 30584 32702 D SyndHandler: Recognized Atom namespace
08-05 23:44:31.111 30584 32702 D SyndHandler: Recognized Content namespace
08-05 23:44:31.114 30584 30617 I art     : Explicit concurrent mark sweep GC freed 173(105KB) AllocSpace objects, 3(60KB) LOS objects, 35% free, 28MB/44MB, paused 1.022ms total 32.880ms
08-05 23:44:31.121 30584 32702 D OnlineFeedViewActivity: Deleted feed source file. Result: true
08-05 23:44:31.122 30584 30584 D OnlineFeedViewActivity: Removing HTML from shownotes
08-05 23:44:31.125 30584 30617 I art     : Starting a blocking GC Explicit
08-05 23:44:31.152 30584 30617 I art     : Explicit concurrent mark sweep GC freed 1442(147KB) AllocSpace objects, 1(68KB) LOS objects, 35% free, 28MB/44MB, paused 1.101ms total 26.566ms
08-05 23:44:31.160 30584 30617 I art     : Starting a blocking GC Explicit
08-05 23:44:31.186 30584 30617 I art     : Explicit concurrent mark sweep GC freed 801(39KB) AllocSpace objects, 0(0B) LOS objects, 35% free, 28MB/44MB, paused 967us total 25.987ms
08-05 23:44:31.215 26613 26613 I ServiceManager: Waiting for service AtCmdFwd...
08-05 23:44:31.228 30584 30584 D PlaybackController: Releasing PlaybackController
08-05 23:44:31.389   918  1209 D NetworkMonitor/NetworkAgentInfo [WIFI () - 159]: Checking http://connectivitycheck.gstatic.com/generate_204 on "H369AA63323", 192.168.2.12=192.168.2.12
08-05 23:44:31.473 30584 31025 I art     : Starting a blocking GC Explicit
08-05 23:44:31.502   918  1209 D NetworkMonitor/NetworkAgentInfo [WIFI () - 159]: Probably not a portal: exception java.io.IOException: unexpected end of stream on Connection{connectivitycheck.gstatic.com:80, proxy=HTTP@/192.168.2.12:8080 hostAddress=192.168.2.12 cipherSuite=none protocol=http/1.1} (recycle count=0)
08-05 23:44:31.504   918  3263 D ConnectivityService: NetworkAgentInfo [WIFI () - 159] validation failed
08-05 23:44:31.505   918  3261 E WifiConfigStore:  rewrite network history for "H369AA63323"WPA_PSK
08-05 23:44:31.511 30584 31025 I art     : Explicit concurrent mark sweep GC freed 1645(95KB) AllocSpace objects, 2(132KB) LOS objects, 35% free, 28MB/44MB, paused 1.049ms total 37.774ms
08-05 23:44:31.524 30584 31025 I art     : Starting a blocking GC Explicit
08-05 23:44:31.555 30584 31025 I art     : Explicit concurrent mark sweep GC freed 39(1296B) AllocSpace objects, 0(0B) LOS objects, 35% free, 28MB/44MB, paused 1.030ms total 30.641ms
08-05 23:44:31.565 30584 31025 I art     : Starting a blocking GC Explicit
08-05 23:44:31.595 30584 31025 I art     : Explicit concurrent mark sweep GC freed 32(880B) AllocSpace objects, 0(0B) LOS objects, 35% free, 28MB/44MB, paused 1.090ms total 29.891ms
08-05 23:44:31.605 30584 31025 I art     : Starting a blocking GC Explicit
08-05 23:44:31.635 30584 31025 I art     : Explicit concurrent mark sweep GC freed 3(96B) AllocSpace objects, 0(0B) LOS objects, 35% free, 28MB/44MB, paused 1.047ms total 29.847ms
08-05 23:44:31.644 30584 31025 I art     : Starting a blocking GC Explicit
08-05 23:44:31.675 30584 31025 I art     : Explicit concurrent mark sweep GC freed 3(96B) AllocSpace objects, 0(0B) LOS objects, 35% free, 28MB/44MB, paused 1.027ms total 30.679ms
08-05 23:44:31.980 30584 31162 I art     : Starting a blocking GC Explicit
08-05 23:44:32.023 30584 31162 I art     : Explicit concurrent mark sweep GC freed 1372(80KB) AllocSpace objects, 1(20KB) LOS objects, 35% free, 28MB/44MB, paused 1.100ms total 42.515ms
08-05 23:44:32.037 30584 31162 I art     : Starting a blocking GC Explicit
08-05 23:44:32.067 30584 31162 I art     : Explicit concurrent mark sweep GC freed 23(752B) AllocSpace objects, 0(0B) LOS objects, 35% free, 28MB/44MB, paused 1.104ms total 30.122ms
08-05 23:44:32.077 30584 31162 I art     : Starting a blocking GC Explicit
08-05 23:44:32.107 30584 31162 I art     : Explicit concurrent mark sweep GC freed 3(96B) AllocSpace objects, 0(0B) LOS objects, 35% free, 28MB/44MB, paused 1.045ms total 29.992ms
08-05 23:44:32.117 30584 31162 I art     : Starting a blocking GC Explicit
08-05 23:44:32.147 30584 31162 I art     : Explicit concurrent mark sweep GC freed 3(96B) AllocSpace objects, 0(0B) LOS objects, 35% free, 28MB/44MB, paused 1.167ms total 30.513ms
08-05 23:44:32.157 30584 31162 I art     : Starting a blocking GC Explicit
08-05 23:44:32.188 30584 31162 I art     : Explicit concurrent mark sweep GC freed 3(96B) AllocSpace objects, 0(0B) LOS objects, 35% free, 28MB/44MB, paused 1.126ms total 30.367ms
08-05 23:44:32.216 26613 26613 I ServiceManager: Waiting for service AtCmdFwd...
08-05 23:44:32.501 30584 30596 I art     : Starting a blocking GC Explicit
08-05 23:44:32.537 30584 30596 I art     : Explicit concurrent mark sweep GC freed 1372(80KB) AllocSpace objects, 1(20KB) LOS objects, 35% free, 28MB/44MB, paused 1.123ms total 36.566ms
08-05 23:44:32.549 30584 30596 I art     : Starting a blocking GC Explicit
08-05 23:44:32.580 30584 30596 I art     : Explicit concurrent mark sweep GC freed 23(752B) AllocSpace objects, 0(0B) LOS objects, 35% free, 28MB/44MB, paused 1.027ms total 30.692ms
08-05 23:44:32.590 30584 30596 I art     : Starting a blocking GC Explicit
08-05 23:44:32.620 30584 30596 I art     : Explicit concurrent mark sweep GC freed 32(880B) AllocSpace objects, 0(0B) LOS objects, 35% free, 28MB/44MB, paused 1.017ms total 30.336ms
08-05 23:44:32.630 30584 30596 I art     : Starting a blocking GC Explicit
08-05 23:44:32.660 30584 30596 I art     : Explicit concurrent mark sweep GC freed 3(96B) AllocSpace objects, 0(0B) LOS objects, 35% free, 28MB/44MB, paused 1.025ms total 29.888ms
08-05 23:44:32.670 30584 30596 I art     : Starting a blocking GC Explicit
08-05 23:44:32.700 30584 30596 I art     : Explicit concurrent mark sweep GC freed 3(96B) AllocSpace objects, 0(0B) LOS objects, 35% free, 28MB/44MB, paused 1.012ms total 29.901ms
08-05 23:44:32.845   918  3261 D WifiStateMachine: starting scan for "H369AA63323"WPA_PSK with 2412,5180
08-05 23:44:33.040 30584 31025 I art     : Starting a blocking GC Explicit
08-05 23:44:33.070 30584 31025 I art     : Explicit concurrent mark sweep GC freed 1402(81KB) AllocSpace objects, 1(20KB) LOS objects, 35% free, 28MB/44MB, paused 1.016ms total 29.916ms
08-05 23:44:33.079 30584 31025 I art     : Starting a blocking GC Explicit
08-05 23:44:33.109 30584 31025 I art     : Explicit concurrent mark sweep GC freed 23(752B) AllocSpace objects, 0(0B) LOS objects, 35% free, 28MB/44MB, paused 1.057ms total 29.819ms
08-05 23:44:33.119 30584 31025 I art     : Starting a blocking GC Explicit
08-05 23:44:33.149 30584 31025 I art     : Explicit concurrent mark sweep GC freed 3(96B) AllocSpace objects, 0(0B) LOS objects, 35% free, 28MB/44MB, paused 1.019ms total 29.289ms
08-05 23:44:33.158 30584 31025 I art     : Starting a blocking GC Explicit
08-05 23:44:33.189 30584 31025 I art     : Explicit concurrent mark sweep GC freed 3(96B) AllocSpace objects, 0(0B) LOS objects, 35% free, 28MB/44MB, paused 1.079ms total 30.349ms
08-05 23:44:33.199 30584 31025 I art     : Starting a blocking GC Explicit
08-05 23:44:33.217 26613 26613 I ServiceManager: Waiting for service AtCmdFwd...
08-05 23:44:33.229 30584 31025 I art     : Explicit concurrent mark sweep GC freed 3(96B) AllocSpace objects, 0(0B) LOS objects, 35% free, 28MB/44MB, paused 1.020ms total 30.504ms
08-05 23:44:33.574 30584 31162 I art     : Starting a blocking GC Explicit
08-05 23:44:33.612 30584 31162 I art     : Explicit concurrent mark sweep GC freed 1401(81KB) AllocSpace objects, 1(20KB) LOS objects, 35% free, 28MB/44MB, paused 1.104ms total 37.601ms
08-05 23:44:33.623 30584 31162 I art     : Starting a blocking GC Explicit
08-05 23:44:33.654 30584 31162 I art     : Explicit concurrent mark sweep GC freed 23(752B) AllocSpace objects, 0(0B) LOS objects, 35% free, 28MB/44MB, paused 1.155ms total 30.767ms
08-05 23:44:33.664 30584 31162 I art     : Starting a blocking GC Explicit
08-05 23:44:33.695 30584 31162 I art     : Explicit concurrent mark sweep GC freed 3(96B) AllocSpace objects, 0(0B) LOS objects, 35% free, 28MB/44MB, paused 1.031ms total 30.415ms
08-05 23:44:33.704 30584 31162 I art     : Starting a blocking GC Explicit
08-05 23:44:33.734 30584 31162 I art     : Explicit concurrent mark sweep GC freed 3(96B) AllocSpace objects, 0(0B) LOS objects, 35% free, 28MB/44MB, paused 991us total 29.250ms
08-05 23:44:33.743 30584 31162 I art     : Starting a blocking GC Explicit
08-05 23:44:33.774 30584 31162 I art     : Explicit concurrent mark sweep GC freed 3(96B) AllocSpace objects, 0(0B) LOS objects, 35% free, 28MB/44MB, paused 1.022ms total 29.893ms
08-05 23:44:34.118 30584 30596 I art     : Starting a blocking GC Explicit
08-05 23:44:34.164 30584 30596 I art     : Explicit concurrent mark sweep GC freed 1372(80KB) AllocSpace objects, 1(20KB) LOS objects, 35% free, 28MB/44MB, paused 1.035ms total 45.245ms
08-05 23:44:34.174 30584 30596 I art     : Starting a blocking GC Explicit
08-05 23:44:34.204 30584 30596 I art     : Explicit concurrent mark sweep GC freed 23(752B) AllocSpace objects, 0(0B) LOS objects, 35% free, 28MB/44MB, paused 1.025ms total 30.142ms
08-05 23:44:34.214 30584 30596 I art     : Starting a blocking GC Explicit
08-05 23:44:34.218 26613 26613 I ServiceManager: Waiting for service AtCmdFwd...
08-05 23:44:34.245 30584 30596 I art     : Explicit concurrent mark sweep GC freed 3(96B) AllocSpace objects, 0(0B) LOS objects, 35% free, 28MB/44MB, paused 1.118ms total 30.639ms
08-05 23:44:34.255 30584 30596 I art     : Starting a blocking GC Explicit
08-05 23:44:34.285 30584 30596 I art     : Explicit concurrent mark sweep GC freed 3(96B) AllocSpace objects, 0(0B) LOS objects, 35% free, 28MB/44MB, paused 1.047ms total 30.375ms
08-05 23:44:34.295 30584 30596 I art     : Starting a blocking GC Explicit
08-05 23:44:34.325 30584 30596 I art     : Explicit concurrent mark sweep GC freed 3(96B) AllocSpace objects, 0(0B) LOS objects, 35% free, 28MB/44MB, paused 997us total 29.286ms
08-05 23:44:34.658 30584 30617 I art     : Starting a blocking GC Explicit
08-05 23:44:34.698 30584 30617 I art     : Explicit concurrent mark sweep GC freed 1402(83KB) AllocSpace objects, 1(20KB) LOS objects, 35% free, 28MB/44MB, paused 1.125ms total 38.991ms
08-05 23:44:34.707 30584 30617 I art     : Starting a blocking GC Explicit
08-05 23:44:34.735 30584 30617 I art     : Explicit concurrent mark sweep GC freed 23(752B) AllocSpace objects, 0(0B) LOS objects, 35% free, 28MB/44MB, paused 995us total 27.808ms
08-05 23:44:34.744 30584 30617 I art     : Starting a blocking GC Explicit
08-05 23:44:34.771 30584 30617 I art     : Explicit concurrent mark sweep GC freed 3(96B) AllocSpace objects, 0(0B) LOS objects, 35% free, 28MB/44MB, paused 1.001ms total 26.874ms
08-05 23:44:34.780 30584 30617 I art     : Starting a blocking GC Explicit
08-05 23:44:34.809 30584 30617 I art     : Explicit concurrent mark sweep GC freed 3(96B) AllocSpace objects, 0(0B) LOS objects, 35% free, 28MB/44MB, paused 1.122ms total 28.325ms
08-05 23:44:34.818 30584 30617 I art     : Starting a blocking GC Explicit
08-05 23:44:34.847 30584 30617 I art     : Explicit concurrent mark sweep GC freed 3(96B) AllocSpace objects, 0(0B) LOS objects, 35% free, 28MB/44MB, paused 1.001ms total 28.245ms
08-05 23:44:35.106   347   347 D AndroidRuntime: >>>>>> START com.android.internal.os.RuntimeInit uid 2000 <<<<<<
08-05 23:44:35.112   347   347 D AndroidRuntime: CheckJNI is OFF
08-05 23:44:35.147   347   347 D ICU     : No timezone override file found: /data/misc/zoneinfo/current/icu/icu_tzdata.dat
08-05 23:44:35.154 30584 30597 I art     : Starting a blocking GC Explicit
08-05 23:44:35.181   347   347 I Radio-JNI: register_android_hardware_Radio DONE
08-05 23:44:35.184 30584 30597 I art     : Explicit concurrent mark sweep GC freed 1372(80KB) AllocSpace objects, 1(20KB) LOS objects, 35% free, 28MB/44MB, paused 1.130ms total 30.230ms
08-05 23:44:35.194 30584 30597 I art     : Starting a blocking GC Explicit
08-05 23:44:35.205   347   347 D AndroidRuntime: Calling main entry com.android.commands.input.Input
08-05 23:44:35.206   347   347 I Input   : injectKeyEvent: KeyEvent { action=ACTION_DOWN, keyCode=KEYCODE_BACK, scanCode=0, metaState=0, flags=0x0, repeatCount=0, eventTime=834291619, downTime=834291619, deviceId=-1, source=0x101 }
08-05 23:44:35.212   347   347 I Input   : injectKeyEvent: KeyEvent { action=ACTION_UP, keyCode=KEYCODE_BACK, scanCode=0, metaState=0, flags=0x0, repeatCount=0, eventTime=834291619, downTime=834291619, deviceId=-1, source=0x101 }
08-05 23:44:35.218   347   347 D AndroidRuntime: Shutting down VM
08-05 23:44:35.218 26613 26613 I ServiceManager: Waiting for service AtCmdFwd...
08-05 23:44:35.221 30584 30597 I art     : Explicit concurrent mark sweep GC freed 44(1664B) AllocSpace objects, 0(0B) LOS objects, 35% free, 28MB/44MB, paused 1.040ms total 26.384ms
08-05 23:44:35.223 30584 30584 V PlaybackController: initServiceNotRunning()
08-05 23:44:35.223 30584 30584 D ExternalPlayerFragment: Loading media info
08-05 23:44:35.228 30584 30584 D UserPreferences: Using default data folder
08-05 23:44:35.228 30584 31150 D DBReader: getNavDrawerData() called with: 
08-05 23:44:35.230 30584 30597 I art     : Starting a blocking GC Explicit
08-05 23:44:35.238 30584 31150 D DBReader: getDownloadedItems() called
08-05 23:44:35.239 30584 31150 D DBReader: getFavoriteIDList() called
08-05 23:44:35.239 30584 31150 D DBReader: getQueueIDList() called
08-05 23:44:35.240 30584 31150 D DBReader: Extracting Feedlist
08-05 23:44:35.256 30584 30597 I art     : Explicit concurrent mark sweep GC freed 593(47KB) AllocSpace objects, 0(0B) LOS objects, 35% free, 28MB/44MB, paused 1.015ms total 26.443ms
08-05 23:44:35.257 13866 13866 I GoogleInputMethodServic: GoogleInputMethodService.onFinishInput():3138 
08-05 23:44:35.257 30584 30584 D MainActivity: getLastNavFragment() -> AddFeedFragment
08-05 23:44:35.257 13866 13866 I GoogleInputMethodServic: GoogleInputMethodService.onStartInput():1808 
08-05 23:44:35.265 30584 30597 I art     : Starting a blocking GC Explicit
08-05 23:44:35.294 30584 30597 I art     : Explicit concurrent mark sweep GC freed 764(36KB) AllocSpace objects, 0(0B) LOS objects, 35% free, 28MB/44MB, paused 998us total 28.710ms
08-05 23:44:35.303 30584 30597 I art     : Starting a blocking GC Explicit
08-05 23:44:35.329 30584 30597 I art     : Explicit concurrent mark sweep GC freed 172(11KB) AllocSpace objects, 0(0B) LOS objects, 35% free, 28MB/44MB, paused 980us total 25.364ms
08-05 23:44:35.561   380   380 W SurfaceFlinger: couldn't log to binary event log: overflow.
08-05 23:44:35.597 30584 31025 I art     : Starting a blocking GC Explicit
08-05 23:44:35.623 30584 31025 I art     : Explicit concurrent mark sweep GC freed 1999(106KB) AllocSpace objects, 1(20KB) LOS objects, 35% free, 28MB/44MB, paused 926us total 26.207ms
08-05 23:44:35.634 30584 31025 I art     : Starting a blocking GC Explicit
08-05 23:44:35.660 30584 31025 I art     : Explicit concurrent mark sweep GC freed 2457(152KB) AllocSpace objects, 1(28KB) LOS objects, 35% free, 28MB/44MB, paused 952us total 25.302ms
08-05 23:44:35.668 30584 31025 I art     : Starting a blocking GC Explicit
08-05 23:44:35.693 30584 31025 I art     : Explicit concurrent mark sweep GC freed 3(96B) AllocSpace objects, 0(0B) LOS objects, 35% free, 28MB/44MB, paused 954us total 25.012ms
08-05 23:44:35.702 30584 31025 I art     : Starting a blocking GC Explicit
08-05 23:44:35.727 30584 31025 I art     : Explicit concurrent mark sweep GC freed 3(96B) AllocSpace objects, 0(0B) LOS objects, 35% free, 28MB/44MB, paused 937us total 24.809ms
08-05 23:44:35.735 30584 31025 I art     : Starting a blocking GC Explicit
08-05 23:44:35.760 30584 31025 I art     : Explicit concurrent mark sweep GC freed 3(96B) AllocSpace objects, 0(0B) LOS objects, 35% free, 28MB/44MB, paused 959us total 24.939ms
08-05 23:44:36.038 30584 31162 I art     : Starting a blocking GC Explicit
08-05 23:44:36.068 30584 31162 I art     : Explicit concurrent mark sweep GC freed 1374(82KB) AllocSpace objects, 1(20KB) LOS objects, 35% free, 28MB/44MB, paused 1.145ms total 29.005ms
08-05 23:44:36.077 30584 31162 I art     : Starting a blocking GC Explicit
08-05 23:44:36.105 30584 31162 I art     : Explicit concurrent mark sweep GC freed 23(752B) AllocSpace objects, 0(0B) LOS objects, 35% free, 28MB/44MB, paused 965us total 27.682ms
08-05 23:44:36.114 30584 31162 I art     : Starting a blocking GC Explicit
08-05 23:44:36.143 30584 31162 I art     : Explicit concurrent mark sweep GC freed 3(96B) AllocSpace objects, 0(0B) LOS objects, 35% free, 28MB/44MB, paused 999us total 28.484ms
08-05 23:44:36.152 30584 31162 I art     : Starting a blocking GC Explicit
08-05 23:44:36.182 30584 31162 I art     : Explicit concurrent mark sweep GC freed 3(96B) AllocSpace objects, 0(0B) LOS objects, 35% free, 28MB/44MB, paused 1.191ms total 29.202ms
08-05 23:44:36.192 30584 31162 I art     : Starting a blocking GC Explicit
08-05 23:44:36.218 26613 26613 W Atfwd_Sendcmd: AtCmdFwd service not published, waiting... retryCnt : 1
08-05 23:44:36.221 30584 31162 I art     : Explicit concurrent mark sweep GC freed 3(96B) AllocSpace objects, 0(0B) LOS objects, 35% free, 28MB/44MB, paused 1.003ms total 28.740ms
08-05 23:44:36.510 30584 30596 I art     : Starting a blocking GC Explicit
08-05 23:44:36.540 30584 30596 I art     : Explicit concurrent mark sweep GC freed 1373(80KB) AllocSpace objects, 1(20KB) LOS objects, 35% free, 28MB/44MB, paused 1.013ms total 29.436ms
08-05 23:44:36.540 30584 30595 I art     : WaitForGcToComplete blocked for 28.321ms for cause HeapTrim
08-05 23:44:36.549 30584 30596 I art     : Starting a blocking GC Explicit
08-05 23:44:36.578 30584 30596 I art     : Explicit concurrent mark sweep GC freed 23(752B) AllocSpace objects, 0(0B) LOS objects, 35% free, 28MB/44MB, paused 1.052ms total 28.767ms
08-05 23:44:36.587 30584 30596 I art     : Starting a blocking GC Explicit
08-05 23:44:36.615 30584 30596 I art     : Explicit concurrent mark sweep GC freed 32(880B) AllocSpace objects, 0(0B) LOS objects, 35% free, 28MB/44MB, paused 995us total 27.579ms
08-05 23:44:36.625 30584 30596 I art     : Starting a blocking GC Explicit
08-05 23:44:36.652 30584 30596 I art     : Explicit concurrent mark sweep GC freed 3(96B) AllocSpace objects, 0(0B) LOS objects, 35% free, 28MB/44MB, paused 1.032ms total 27.276ms
08-05 23:44:36.662 30584 30596 I art     : Starting a blocking GC Explicit
08-05 23:44:36.689 30584 30596 I art     : Explicit concurrent mark sweep GC freed 3(96B) AllocSpace objects, 0(0B) LOS objects, 35% free, 28MB/44MB, paused 1.027ms total 26.770ms
08-05 23:44:36.872   455   455 D AndroidRuntime: >>>>>> START com.android.internal.os.RuntimeInit uid 2000 <<<<<<
08-05 23:44:36.877   455   455 D AndroidRuntime: CheckJNI is OFF
08-05 23:44:36.908   455   455 D ICU     : No timezone override file found: /data/misc/zoneinfo/current/icu/icu_tzdata.dat
08-05 23:44:36.938   455   455 I Radio-JNI: register_android_hardware_Radio DONE
08-05 23:44:36.959   455   455 D AndroidRuntime: Calling main entry com.android.commands.input.Input
08-05 23:44:36.960   455   455 I Input   : injectKeyEvent: KeyEvent { action=ACTION_DOWN, keyCode=KEYCODE_BACK, scanCode=0, metaState=0, flags=0x0, repeatCount=0, eventTime=834293373, downTime=834293373, deviceId=-1, source=0x101 }
08-05 23:44:36.966   455   455 I Input   : injectKeyEvent: KeyEvent { action=ACTION_UP, keyCode=KEYCODE_BACK, scanCode=0, metaState=0, flags=0x0, repeatCount=0, eventTime=834293373, downTime=834293373, deviceId=-1, source=0x101 }
08-05 23:44:36.976 13866 13866 I GoogleInputMethodServic: GoogleInputMethodService.onFinishInput():3138 
08-05 23:44:36.976 13866 13866 I GoogleInputMethodServic: GoogleInputMethodService.onStartInput():1808 
08-05 23:44:36.980   455   455 D AndroidRuntime: Shutting down VM
08-05 23:44:36.998 30584 31162 I art     : Starting a blocking GC Explicit
08-05 23:44:37.027 30584 31162 I art     : Explicit concurrent mark sweep GC freed 2542(128KB) AllocSpace objects, 1(20KB) LOS objects, 35% free, 28MB/44MB, paused 1.015ms total 29.112ms
08-05 23:44:37.037 30584 31162 I art     : Starting a blocking GC Explicit
08-05 23:44:37.063 30584 31162 I art     : Explicit concurrent mark sweep GC freed 2654(177KB) AllocSpace objects, 9(1540KB) LOS objects, 37% free, 26MB/42MB, paused 997us total 26.752ms
08-05 23:44:37.072 30584 31162 I art     : Starting a blocking GC Explicit
08-05 23:44:37.100 30584 31162 I art     : Explicit concurrent mark sweep GC freed 48(2016B) AllocSpace objects, 0(0B) LOS objects, 37% free, 26MB/42MB, paused 997us total 27.575ms
08-05 23:44:37.110 30584 31162 I art     : Starting a blocking GC Explicit
08-05 23:44:37.138 30584 31162 I art     : Explicit concurrent mark sweep GC freed 3(96B) AllocSpace objects, 0(0B) LOS objects, 37% free, 26MB/42MB, paused 1.045ms total 28.287ms
08-05 23:44:37.148 30584 31162 I art     : Starting a blocking GC Explicit
08-05 23:44:37.176 30584 31162 I art     : Explicit concurrent mark sweep GC freed 3(96B) AllocSpace objects, 0(0B) LOS objects, 37% free, 26MB/42MB, paused 1.017ms total 28.054ms
08-05 23:44:37.444 30584 30597 I art     : Starting a blocking GC Explicit
08-05 23:44:37.482 30584 30597 I art     : Explicit concurrent mark sweep GC freed 1373(81KB) AllocSpace objects, 1(20KB) LOS objects, 37% free, 26MB/42MB, paused 1.099ms total 37.773ms
08-05 23:44:37.494 30584 30597 I art     : Starting a blocking GC Explicit
08-05 23:44:37.523 30584 30597 I art     : Explicit concurrent mark sweep GC freed 23(752B) AllocSpace objects, 0(0B) LOS objects, 37% free, 26MB/42MB, paused 1ms total 29.015ms
08-05 23:44:37.533 30584 30597 I art     : Starting a blocking GC Explicit
08-05 23:44:37.562 30584 30597 I art     : Explicit concurrent mark sweep GC freed 3(96B) AllocSpace objects, 0(0B) LOS objects, 37% free, 26MB/42MB, paused 1.024ms total 28.877ms
08-05 23:44:37.572 30584 30597 I art     : Starting a blocking GC Explicit
08-05 23:44:37.600 30584 30597 I art     : Explicit concurrent mark sweep GC freed 32(880B) AllocSpace objects, 0(0B) LOS objects, 37% free, 26MB/42MB, paused 1.004ms total 28.195ms
08-05 23:44:37.610 30584 30597 I art     : Starting a blocking GC Explicit
08-05 23:44:37.639 30584 30597 I art     : Explicit concurrent mark sweep GC freed 3(96B) AllocSpace objects, 0(0B) LOS objects, 37% free, 26MB/42MB, paused 1.038ms total 28.508ms
08-05 23:44:37.764   518   646 I ThermalEngine: ACTION: GPU - Setting GPU[0] to 450000000
08-05 23:44:37.960 30584 31025 I art     : Starting a blocking GC Explicit
08-05 23:44:38.005 30584 31025 I art     : Explicit concurrent mark sweep GC freed 1373(81KB) AllocSpace objects, 1(20KB) LOS objects, 37% free, 26MB/42MB, paused 1.446ms total 44.173ms
08-05 23:44:38.019 30584 31025 I art     : Starting a blocking GC Explicit
08-05 23:44:38.054 30584 31025 I art     : Explicit concurrent mark sweep GC freed 23(752B) AllocSpace objects, 0(0B) LOS objects, 37% free, 26MB/42MB, paused 1.331ms total 35.293ms
08-05 23:44:38.067 30584 31025 I art     : Starting a blocking GC Explicit
08-05 23:44:38.102 30584 31025 I art     : Explicit concurrent mark sweep GC freed 3(96B) AllocSpace objects, 0(0B) LOS objects, 37% free, 26MB/42MB, paused 1.339ms total 35.581ms
08-05 23:44:38.114 30584 31025 I art     : Starting a blocking GC Explicit
08-05 23:44:38.150 30584 31025 I art     : Explicit concurrent mark sweep GC freed 3(96B) AllocSpace objects, 0(0B) LOS objects, 37% free, 26MB/42MB, paused 1.344ms total 35.515ms
08-05 23:44:38.162 30584 31025 I art     : Starting a blocking GC Explicit
08-05 23:44:38.198 30584 31025 I art     : Explicit concurrent mark sweep GC freed 3(96B) AllocSpace objects, 0(0B) LOS objects, 37% free, 26MB/42MB, paused 1.443ms total 35.607ms
08-05 23:44:38.502 30584 30596 I art     : Starting a blocking GC Explicit
08-05 23:44:38.545 30584 30596 I art     : Explicit concurrent mark sweep GC freed 1372(82KB) AllocSpace objects, 1(20KB) LOS objects, 37% free, 26MB/42MB, paused 1.511ms total 42.571ms
08-05 23:44:38.560 30584 30596 I art     : Starting a blocking GC Explicit
08-05 23:44:38.595 30584 30596 I art     : Explicit concurrent mark sweep GC freed 52(1536B) AllocSpace objects, 0(0B) LOS objects, 37% free, 26MB/42MB, paused 1.452ms total 34.811ms
08-05 23:44:38.607 30584 30596 I art     : Starting a blocking GC Explicit
08-05 23:44:38.642 30584 30596 I art     : Explicit concurrent mark sweep GC freed 8(256B) AllocSpace objects, 0(0B) LOS objects, 37% free, 26MB/42MB, paused 1.398ms total 35.194ms
08-05 23:44:38.654 30584 30596 I art     : Starting a blocking GC Explicit
08-05 23:44:38.689 30584 30596 I art     : Explicit concurrent mark sweep GC freed 9(288B) AllocSpace objects, 0(0B) LOS objects, 37% free, 26MB/42MB, paused 1.348ms total 34.511ms
08-05 23:44:38.701 30584 30596 I art     : Starting a blocking GC Explicit
08-05 23:44:38.735 30584 30596 I art     : Explicit concurrent mark sweep GC freed 8(256B) AllocSpace objects, 0(0B) LOS objects, 37% free, 26MB/42MB, paused 1.293ms total 33.625ms
08-05 23:44:38.765   547   547 D AndroidRuntime: >>>>>> START com.android.internal.os.RuntimeInit uid 2000 <<<<<<
08-05 23:44:38.771   547   547 D AndroidRuntime: CheckJNI is OFF
08-05 23:44:38.813   547   547 D ICU     : No timezone override file found: /data/misc/zoneinfo/current/icu/icu_tzdata.dat
08-05 23:44:38.856   547   547 I Radio-JNI: register_android_hardware_Radio DONE
08-05 23:44:38.886   547   547 D AndroidRuntime: Calling main entry com.android.commands.input.Input
08-05 23:44:38.888   547   547 I Input   : injectMotionEvent: MotionEvent { action=ACTION_DOWN, actionButton=0, id[0]=0, x[0]=103.0, y[0]=192.0, toolType[0]=TOOL_TYPE_UNKNOWN, buttonState=0, metaState=0, flags=0x0, edgeFlags=0x0, pointerCount=1, historySize=0, eventTime=834295301, downTime=834295301, deviceId=0, source=0x1002 }
08-05 23:44:38.893   547   547 I Input   : injectMotionEvent: MotionEvent { action=ACTION_UP, actionButton=0, id[0]=0, x[0]=103.0, y[0]=192.0, toolType[0]=TOOL_TYPE_UNKNOWN, buttonState=0, metaState=0, flags=0x0, edgeFlags=0x0, pointerCount=1, historySize=0, eventTime=834295301, downTime=834295301, deviceId=0, source=0x1002 }
08-05 23:44:38.895   547   547 D AndroidRuntime: Shutting down VM
08-05 23:44:38.902   512  2967 D audio_hw_primary: out_set_parameters: enter: usecase(1: low-latency-playback) kvpairs: routing=2
08-05 23:44:38.915   512  2967 D audio_hw_primary: select_devices: out_snd_device(2: speaker) in_snd_device(0: none)
08-05 23:44:38.915   512  2967 D msm8974_platform: platform_send_audio_calibration: sending audio calibration for snd_device(2) acdb_id(15)
08-05 23:44:38.916   512  2967 I soundtrigger: audio_extn_sound_trigger_update_device_status: device 0x2 of type 0 for Event 1
08-05 23:44:38.926   512  2967 D audio_hw_primary: enable_snd_device: snd_device(2: speaker)
08-05 23:44:38.928   512  2967 D audio_hw_primary: enable_audio_route: apply and update mixer path: low-latency-playback speaker
08-05 23:44:38.941 13866 13866 I GoogleInputMethodServic: GoogleInputMethodService.onFinishInput():3138 
08-05 23:44:38.942 13866 13866 I GoogleInputMethodServic: GoogleInputMethodService.onStartInput():1808 
08-05 23:44:39.053 30584 31025 I art     : Starting a blocking GC Explicit
08-05 23:44:39.092 30584 31025 I art     : Explicit concurrent mark sweep GC freed 1985(109KB) AllocSpace objects, 1(20KB) LOS objects, 37% free, 26MB/42MB, paused 1.572ms total 38.724ms
08-05 23:44:39.104 30584 31025 I art     : Starting a blocking GC Explicit
08-05 23:44:39.137 30584 31025 I art     : Explicit concurrent mark sweep GC freed 100(5KB) AllocSpace objects, 0(0B) LOS objects, 37% free, 26MB/42MB, paused 1.202ms total 32.620ms
08-05 23:44:39.148 30584 31025 I art     : Starting a blocking GC Explicit
08-05 23:44:39.181 30584 31025 I art     : Explicit concurrent mark sweep GC freed 5(160B) AllocSpace objects, 0(0B) LOS objects, 37% free, 26MB/42MB, paused 1.272ms total 32.808ms
08-05 23:44:39.193 30584 31025 I art     : Starting a blocking GC Explicit
08-05 23:44:39.224 30584 31025 I art     : Explicit concurrent mark sweep GC freed 3(96B) AllocSpace objects, 0(0B) LOS objects, 37% free, 26MB/42MB, paused 1.232ms total 31.670ms
08-05 23:44:39.236 30584 31025 I art     : Starting a blocking GC Explicit
08-05 23:44:39.268 30584 31025 I art     : Explicit concurrent mark sweep GC freed 3(96B) AllocSpace objects, 0(0B) LOS objects, 37% free, 26MB/42MB, paused 1.425ms total 32.209ms
08-05 23:44:39.469   512  2967 D audio_hw_primary: disable_audio_route: reset and update mixer path: low-latency-playback speaker
08-05 23:44:39.471   512  2967 D audio_hw_primary: disable_snd_device: snd_device(2: speaker)
08-05 23:44:39.480   512  2967 I soundtrigger: audio_extn_sound_trigger_update_device_status: device 0x2 of type 0 for Event 0
08-05 23:44:39.581 30584 31162 I art     : Starting a blocking GC Explicit
08-05 23:44:39.617 30584 31162 I art     : Explicit concurrent mark sweep GC freed 1409(81KB) AllocSpace objects, 1(20KB) LOS objects, 37% free, 26MB/42MB, paused 1.320ms total 35.820ms
08-05 23:44:39.629 30584 31162 I art     : Starting a blocking GC Explicit
08-05 23:44:39.664 30584 31162 I art     : Explicit concurrent mark sweep GC freed 27(880B) AllocSpace objects, 0(0B) LOS objects, 37% free, 26MB/42MB, paused 1.341ms total 35.212ms
08-05 23:44:39.677 30584 31162 I art     : Starting a blocking GC Explicit
08-05 23:44:39.712 30584 31162 I art     : Explicit concurrent mark sweep GC freed 3(96B) AllocSpace objects, 0(0B) LOS objects, 37% free, 26MB/42MB, paused 1.329ms total 35.517ms
08-05 23:44:39.724 30584 31162 I art     : Starting a blocking GC Explicit
08-05 23:44:39.760 30584 31162 I art     : Explicit concurrent mark sweep GC freed 3(96B) AllocSpace objects, 0(0B) LOS objects, 37% free, 26MB/42MB, paused 1.374ms total 35.457ms
08-05 23:44:39.772 30584 31162 I art     : Starting a blocking GC Explicit
08-05 23:44:39.808 30584 31162 I art     : Explicit concurrent mark sweep GC freed 3(96B) AllocSpace objects, 0(0B) LOS objects, 37% free, 26MB/42MB, paused 1.499ms total 35.425ms
08-05 23:44:40.131 30584 30617 I art     : Starting a blocking GC Explicit
08-05 23:44:40.168 30584 30617 I art     : Explicit concurrent mark sweep GC freed 1371(80KB) AllocSpace objects, 1(20KB) LOS objects, 37% free, 26MB/42MB, paused 1.554ms total 36.706ms
08-05 23:44:40.180 30584 30617 I art     : Starting a blocking GC Explicit
08-05 23:44:40.213 30584 30617 I art     : Explicit concurrent mark sweep GC freed 23(752B) AllocSpace objects, 0(0B) LOS objects, 37% free, 26MB/42MB, paused 1.306ms total 32.638ms
08-05 23:44:40.224 30584 30617 I art     : Starting a blocking GC Explicit
08-05 23:44:40.258 30584 30617 I art     : Explicit concurrent mark sweep GC freed 3(96B) AllocSpace objects, 0(0B) LOS objects, 37% free, 26MB/42MB, paused 1.407ms total 33.200ms
08-05 23:44:40.269 30584 30617 I art     : Starting a blocking GC Explicit
08-05 23:44:40.304 30584 30617 I art     : Explicit concurrent mark sweep GC freed 3(96B) AllocSpace objects, 0(0B) LOS objects, 37% free, 26MB/42MB, paused 1.314ms total 33.907ms
08-05 23:44:40.315 30584 30617 I art     : Starting a blocking GC Explicit
08-05 23:44:40.350 30584 30617 I art     : Explicit concurrent mark sweep GC freed 3(96B) AllocSpace objects, 0(0B) LOS objects, 37% free, 26MB/42MB, paused 1.331ms total 34.492ms
08-05 23:44:40.659 30584 30597 I art     : Starting a blocking GC Explicit
08-05 23:44:40.676   677   677 D AndroidRuntime: >>>>>> START com.android.internal.os.RuntimeInit uid 2000 <<<<<<
08-05 23:44:40.682   677   677 D AndroidRuntime: CheckJNI is OFF
08-05 23:44:40.696 30584 30597 I art     : Explicit concurrent mark sweep GC freed 1418(81KB) AllocSpace objects, 1(20KB) LOS objects, 37% free, 26MB/42MB, paused 1.340ms total 37.050ms
08-05 23:44:40.708 30584 30597 I art     : Starting a blocking GC Explicit
08-05 23:44:40.729   677   677 D ICU     : No timezone override file found: /data/misc/zoneinfo/current/icu/icu_tzdata.dat
08-05 23:44:40.742 30584 30597 I art     : Explicit concurrent mark sweep GC freed 29(944B) AllocSpace objects, 0(0B) LOS objects, 37% free, 26MB/42MB, paused 1.518ms total 33.552ms
08-05 23:44:40.753 30584 30597 I art     : Starting a blocking GC Explicit
08-05 23:44:40.771   677   677 I Radio-JNI: register_android_hardware_Radio DONE
08-05 23:44:40.785 30584 30597 I art     : Explicit concurrent mark sweep GC freed 6(192B) AllocSpace objects, 0(0B) LOS objects, 37% free, 26MB/42MB, paused 1.349ms total 31.991ms
08-05 23:44:40.797 30584 30597 I art     : Starting a blocking GC Explicit
08-05 23:44:40.800   677   677 D AndroidRuntime: Calling main entry com.android.commands.input.Input
08-05 23:44:40.802   677   677 I Input   : injectMotionEvent: MotionEvent { action=ACTION_DOWN, actionButton=0, id[0]=0, x[0]=625.0, y[0]=1248.0, toolType[0]=TOOL_TYPE_UNKNOWN, buttonState=0, metaState=0, flags=0x0, edgeFlags=0x0, pointerCount=1, historySize=0, eventTime=834297215, downTime=834297215, deviceId=0, source=0x1002 }
08-05 23:44:40.808   677   677 I Input   : injectMotionEvent: MotionEvent { action=ACTION_UP, actionButton=0, id[0]=0, x[0]=625.0, y[0]=1248.0, toolType[0]=TOOL_TYPE_UNKNOWN, buttonState=0, metaState=0, flags=0x0, edgeFlags=0x0, pointerCount=1, historySize=0, eventTime=834297215, downTime=834297215, deviceId=0, source=0x1002 }
08-05 23:44:40.811   677   677 D AndroidRuntime: Shutting down VM
08-05 23:44:40.829 30584 30597 I art     : Explicit concurrent mark sweep GC freed 26(800B) AllocSpace objects, 0(0B) LOS objects, 37% free, 26MB/42MB, paused 1.338ms total 32.255ms
08-05 23:44:40.840 30584 30597 I art     : Starting a blocking GC Explicit
08-05 23:44:40.872 30584 30597 I art     : Explicit concurrent mark sweep GC freed 20(752B) AllocSpace objects, 0(0B) LOS objects, 37% free, 26MB/42MB, paused 1.261ms total 31.633ms
08-05 23:44:40.876 30584 30584 D MainActivity: loadFragment(index: 7, args: null)
08-05 23:44:40.877   512  2967 D audio_hw_primary: out_set_parameters: enter: usecase(1: low-latency-playback) kvpairs: routing=2
08-05 23:44:40.879 30584 30584 D MainActivity: saveLastNavFragment(tag: 2)
08-05 23:44:40.880 30584 30584 D MainActivity: getLastNavFragment() -> 2
08-05 23:44:40.891   512  2967 D audio_hw_primary: select_devices: out_snd_device(2: speaker) in_snd_device(0: none)
08-05 23:44:40.891   512  2967 D msm8974_platform: platform_send_audio_calibration: sending audio calibration for snd_device(2) acdb_id(15)
08-05 23:44:40.891   512  2967 I soundtrigger: audio_extn_sound_trigger_update_device_status: device 0x2 of type 0 for Event 1
08-05 23:44:40.901   512  2967 D audio_hw_primary: enable_snd_device: snd_device(2: speaker)
08-05 23:44:40.903   512  2967 D audio_hw_primary: enable_audio_route: apply and update mixer path: low-latency-playback speaker
08-05 23:44:40.910 30584 30584 D ItemlistFragment: onEventMainThread() called with: event = [DownloadEvent{update=DownloaderUpdate{downloaders=[], feedIds=[], mediaIds=[]}}]
08-05 23:44:40.911 30584 31149 D DBReader: getFeed() called with: feedId = [2]
08-05 23:44:40.913 30584 31149 D DBReader: getFeedItemList() called with: feed = [baseline.de.danoeh.antennapod.core.feed.Feed@2]
08-05 23:44:41.009 30584 31149 W PodDBAdapter: Length of id array is larger than 800. Creating multiple cursors
08-05 23:44:41.101 30584 31149 D DBReader: getFavoriteIDList() called
08-05 23:44:41.102 30584 31149 D DBReader: getQueueIDList() called
08-05 23:44:41.103 30584 31149 D DBReader: Extracting Feedlist
08-05 23:44:41.150 30584 30584 D FeedMenuHandler: Preparing options menu
08-05 23:44:41.172 30584 31162 I art     : Starting a blocking GC Explicit
08-05 23:44:41.219 26613 26613 I ServiceManager: Waiting for service AtCmdFwd...
08-05 23:44:41.222 30584 31162 I art     : Explicit concurrent mark sweep GC freed 17554(784KB) AllocSpace objects, 4(72KB) LOS objects, 35% free, 29MB/45MB, paused 2.312ms total 49.266ms
08-05 23:44:41.227 30584 31555 D ApOkHttpUrlLoader: buildLoadData() called with: model = [http://static.libsyn.com/p/assets/7/1/f/3/71f3014e14ef2722/JREiTunesImage2.jpg], width = [1440], height = [462]
08-05 23:44:41.237 30584 31162 I art     : Starting a blocking GC Explicit
08-05 23:44:41.278 30584 31162 I art     : Explicit concurrent mark sweep GC freed 3129(199KB) AllocSpace objects, 0(0B) LOS objects, 29% free, 37MB/53MB, paused 1.565ms total 41.235ms
08-05 23:44:41.291 30584 31162 I art     : Starting a blocking GC Explicit
08-05 23:44:41.309 30584 30605 V RenderScript: 0x7f7c33e000 Launching thread(s), CPUs 8
08-05 23:44:41.347 30584 31162 I art     : Explicit concurrent mark sweep GC freed 70(3056B) AllocSpace objects, 0(0B) LOS objects, 29% free, 37MB/53MB, paused 1.757ms total 56.169ms
08-05 23:44:41.362 30584 31162 I art     : Starting a blocking GC Explicit
08-05 23:44:41.369 13866 13866 I GoogleInputMethodServic: GoogleInputMethodService.onFinishInput():3138 
08-05 23:44:41.370 13866 13866 I GoogleInputMethodServic: GoogleInputMethodService.onStartInput():1808 
08-05 23:44:41.403 30584 31162 I art     : Explicit concurrent mark sweep GC freed 243(9KB) AllocSpace objects, 0(0B) LOS objects, 29% free, 37MB/53MB, paused 1.428ms total 40.728ms
08-05 23:44:41.416 30584 31162 I art     : Starting a blocking GC Explicit
08-05 23:44:41.438   512  2967 D audio_hw_primary: disable_audio_route: reset and update mixer path: low-latency-playback speaker
08-05 23:44:41.439   512  2967 D audio_hw_primary: disable_snd_device: snd_device(2: speaker)
08-05 23:44:41.446   512  2967 I soundtrigger: audio_extn_sound_trigger_update_device_status: device 0x2 of type 0 for Event 0
08-05 23:44:41.458 30584 31162 I art     : Explicit concurrent mark sweep GC freed 102(5KB) AllocSpace objects, 0(0B) LOS objects, 29% free, 37MB/53MB, paused 1.803ms total 40.820ms
08-05 23:44:41.775 30584 31025 I art     : Starting a blocking GC Explicit
08-05 23:44:41.822 30584 31025 I art     : Explicit concurrent mark sweep GC freed 1489(104KB) AllocSpace objects, 6(236KB) LOS objects, 29% free, 37MB/53MB, paused 1.308ms total 46.601ms
08-05 23:44:41.836 30584 31025 I art     : Starting a blocking GC Explicit
08-05 23:44:41.881 30584 31025 I art     : Explicit concurrent mark sweep GC freed 79(2800B) AllocSpace objects, 0(0B) LOS objects, 29% free, 37MB/53MB, paused 1.334ms total 44.538ms
08-05 23:44:41.894 30584 31025 I art     : Starting a blocking GC Explicit
08-05 23:44:41.941 30584 31025 I art     : Explicit concurrent mark sweep GC freed 3(96B) AllocSpace objects, 0(0B) LOS objects, 29% free, 37MB/53MB, paused 1.357ms total 46.177ms
08-05 23:44:41.955 30584 31025 I art     : Starting a blocking GC Explicit
08-05 23:44:42.002 30584 31025 I art     : Explicit concurrent mark sweep GC freed 3(96B) AllocSpace objects, 0(0B) LOS objects, 29% free, 37MB/53MB, paused 1.343ms total 46.426ms
08-05 23:44:42.016 30584 31025 I art     : Starting a blocking GC Explicit
08-05 23:44:42.063 30584 31025 I art     : Explicit concurrent mark sweep GC freed 3(96B) AllocSpace objects, 0(0B) LOS objects, 29% free, 37MB/53MB, paused 1.363ms total 46.197ms
08-05 23:44:42.220 26613 26613 I ServiceManager: Waiting for service AtCmdFwd...
08-05 23:44:42.399 30584 31162 I art     : Starting a blocking GC Explicit
08-05 23:44:42.455 30584 31162 I art     : Explicit concurrent mark sweep GC freed 1375(80KB) AllocSpace objects, 1(20KB) LOS objects, 29% free, 37MB/53MB, paused 1.450ms total 55.429ms
08-05 23:44:42.472 30584 31162 I art     : Starting a blocking GC Explicit
08-05 23:44:42.519 30584 31162 I art     : Explicit concurrent mark sweep GC freed 23(752B) AllocSpace objects, 0(0B) LOS objects, 29% free, 37MB/53MB, paused 1.388ms total 46.338ms
08-05 23:44:42.533 30584 31162 I art     : Starting a blocking GC Explicit
08-05 23:44:42.585 30584 31162 I art     : Explicit concurrent mark sweep GC freed 3(96B) AllocSpace objects, 0(0B) LOS objects, 29% free, 37MB/53MB, paused 1.374ms total 51.496ms
08-05 23:44:42.599 30584 31162 I art     : Starting a blocking GC Explicit
08-05 23:44:42.650 30584 31162 I art     : Explicit concurrent mark sweep GC freed 32(880B) AllocSpace objects, 0(0B) LOS objects, 29% free, 37MB/53MB, paused 1.448ms total 49.750ms
08-05 23:44:42.664 30584 31162 I art     : Starting a blocking GC Explicit
08-05 23:44:42.715 30584 31162 I art     : Explicit concurrent mark sweep GC freed 3(96B) AllocSpace objects, 0(0B) LOS objects, 29% free, 37MB/53MB, paused 1.403ms total 50.819ms
08-05 23:44:43.068 30584 30596 I art     : Starting a blocking GC Explicit
08-05 23:44:43.115 30584 30596 I art     : Explicit concurrent mark sweep GC freed 1402(81KB) AllocSpace objects, 1(20KB) LOS objects, 29% free, 37MB/53MB, paused 1.356ms total 47.242ms
08-05 23:44:43.130 30584 30596 I art     : Starting a blocking GC Explicit
08-05 23:44:43.180 30584 30596 I art     : Explicit concurrent mark sweep GC freed 23(752B) AllocSpace objects, 0(0B) LOS objects, 29% free, 37MB/53MB, paused 1.510ms total 49.670ms
08-05 23:44:43.198 30584 30596 I art     : Starting a blocking GC Explicit
08-05 23:44:43.221 26613 26613 I ServiceManager: Waiting for service AtCmdFwd...
08-05 23:44:43.246 30584 30596 I art     : Explicit concurrent mark sweep GC freed 3(96B) AllocSpace objects, 0(0B) LOS objects, 29% free, 37MB/53MB, paused 1.369ms total 47.910ms
08-05 23:44:43.261 30584 30596 I art     : Starting a blocking GC Explicit
08-05 23:44:43.312 30584 30596 I art     : Explicit concurrent mark sweep GC freed 3(96B) AllocSpace objects, 0(0B) LOS objects, 29% free, 37MB/53MB, paused 1.384ms total 50.970ms
08-05 23:44:43.327 30584 30596 I art     : Starting a blocking GC Explicit
08-05 23:44:43.377 30584 30596 I art     : Explicit concurrent mark sweep GC freed 3(96B) AllocSpace objects, 0(0B) LOS objects, 29% free, 37MB/53MB, paused 1.384ms total 49.613ms
08-05 23:44:43.721 30584 31025 I art     : Starting a blocking GC Explicit
08-05 23:44:43.780 30584 31025 I art     : Explicit concurrent mark sweep GC freed 2103(103KB) AllocSpace objects, 1(20KB) LOS objects, 29% free, 37MB/53MB, paused 1.551ms total 58.161ms
08-05 23:44:43.798 30584 31025 I art     : Starting a blocking GC Explicit
08-05 23:44:43.847 30584 31025 I art     : Explicit concurrent mark sweep GC freed 23(752B) AllocSpace objects, 0(0B) LOS objects, 29% free, 37MB/53MB, paused 1.318ms total 47.803ms
08-05 23:44:43.862 30584 31025 I art     : Starting a blocking GC Explicit
08-05 23:44:43.912 30584 31025 I art     : Explicit concurrent mark sweep GC freed 3(96B) AllocSpace objects, 0(0B) LOS objects, 29% free, 37MB/53MB, paused 1.383ms total 50.378ms
08-05 23:44:43.927 30584 31025 I art     : Starting a blocking GC Explicit
08-05 23:44:43.977 30584 31025 I art     : Explicit concurrent mark sweep GC freed 3(96B) AllocSpace objects, 0(0B) LOS objects, 29% free, 37MB/53MB, paused 1.413ms total 49.484ms
08-05 23:44:43.992 30584 31025 I art     : Starting a blocking GC Explicit
08-05 23:44:44.044 30584 31025 I art     : Explicit concurrent mark sweep GC freed 3(96B) AllocSpace objects, 0(0B) LOS objects, 29% free, 37MB/53MB, paused 1.457ms total 51.738ms
08-05 23:44:44.221 26613 26613 I ServiceManager: Waiting for service AtCmdFwd...
08-05 23:44:44.401 30584 31162 I art     : Starting a blocking GC Explicit
08-05 23:44:44.461 30584 31162 I art     : Explicit concurrent mark sweep GC freed 2260(112KB) AllocSpace objects, 1(20KB) LOS objects, 29% free, 37MB/53MB, paused 1.372ms total 60.132ms
08-05 23:44:44.479 30584 31162 I art     : Starting a blocking GC Explicit
08-05 23:44:44.532 30584 31162 I art     : Explicit concurrent mark sweep GC freed 23(752B) AllocSpace objects, 0(0B) LOS objects, 29% free, 37MB/53MB, paused 1.413ms total 52.585ms
08-05 23:44:44.547 30584 31162 I art     : Starting a blocking GC Explicit
08-05 23:44:44.597 30584 31162 I art     : Explicit concurrent mark sweep GC freed 32(880B) AllocSpace objects, 0(0B) LOS objects, 29% free, 37MB/53MB, paused 1.396ms total 50.181ms
08-05 23:44:44.616 30584 31162 I art     : Starting a blocking GC Explicit
08-05 23:44:44.668 30584 31162 I art     : Explicit concurrent mark sweep GC freed 3(96B) AllocSpace objects, 0(0B) LOS objects, 29% free, 37MB/53MB, paused 1.493ms total 51.590ms
08-05 23:44:44.686 30584 31162 I art     : Starting a blocking GC Explicit
08-05 23:44:44.733 30584 31162 I art     : Explicit concurrent mark sweep GC freed 3(96B) AllocSpace objects, 0(0B) LOS objects, 29% free, 37MB/53MB, paused 1.388ms total 46.993ms
08-05 23:44:45.094 30584 30617 I art     : Starting a blocking GC Explicit
08-05 23:44:45.140 30584 30617 I art     : Explicit concurrent mark sweep GC freed 1374(81KB) AllocSpace objects, 1(20KB) LOS objects, 29% free, 37MB/53MB, paused 1.345ms total 46.025ms
08-05 23:44:45.154 30584 30617 I art     : Starting a blocking GC Explicit
08-05 23:44:45.201 30584 30617 I art     : Explicit concurrent mark sweep GC freed 23(752B) AllocSpace objects, 0(0B) LOS objects, 29% free, 37MB/53MB, paused 1.414ms total 46.532ms
08-05 23:44:45.215 30584 30617 I art     : Starting a blocking GC Explicit
08-05 23:44:45.222 26613 26613 I ServiceManager: Waiting for service AtCmdFwd...
08-05 23:44:45.264 30584 30617 I art     : Explicit concurrent mark sweep GC freed 3(96B) AllocSpace objects, 0(0B) LOS objects, 29% free, 37MB/53MB, paused 1.370ms total 48.609ms
08-05 23:44:45.278 30584 30617 I art     : Starting a blocking GC Explicit
08-05 23:44:45.323 30584 30617 I art     : Explicit concurrent mark sweep GC freed 3(96B) AllocSpace objects, 0(0B) LOS objects, 29% free, 37MB/53MB, paused 1.421ms total 44.785ms
08-05 23:44:45.338 30584 30617 I art     : Starting a blocking GC Explicit
08-05 23:44:45.386 30584 30617 I art     : Explicit concurrent mark sweep GC freed 3(96B) AllocSpace objects, 0(0B) LOS objects, 29% free, 37MB/53MB, paused 1.378ms total 47.205ms
08-05 23:44:45.604   797   797 D AndroidRuntime: >>>>>> START com.android.internal.os.RuntimeInit uid 2000 <<<<<<
08-05 23:44:45.610   797   797 D AndroidRuntime: CheckJNI is OFF
08-05 23:44:45.653   797   797 D ICU     : No timezone override file found: /data/misc/zoneinfo/current/icu/icu_tzdata.dat
08-05 23:44:45.696   797   797 I Radio-JNI: register_android_hardware_Radio DONE
08-05 23:44:45.714 30584 30597 I art     : Starting a blocking GC Explicit
08-05 23:44:45.725   797   797 D AndroidRuntime: Calling main entry com.android.commands.input.Input
08-05 23:44:45.728   797   797 I Input   : injectMotionEvent: MotionEvent { action=ACTION_DOWN, actionButton=0, id[0]=0, x[0]=1363.0, y[0]=517.0, toolType[0]=TOOL_TYPE_UNKNOWN, buttonState=0, metaState=0, flags=0x0, edgeFlags=0x0, pointerCount=1, historySize=0, eventTime=834302140, downTime=834302140, deviceId=0, source=0x1002 }
08-05 23:44:45.735   797   797 I Input   : injectMotionEvent: MotionEvent { action=ACTION_UP, actionButton=0, id[0]=0, x[0]=1363.0, y[0]=517.0, toolType[0]=TOOL_TYPE_UNKNOWN, buttonState=0, metaState=0, flags=0x0, edgeFlags=0x0, pointerCount=1, historySize=0, eventTime=834302140, downTime=834302140, deviceId=0, source=0x1002 }
08-05 23:44:45.737   797   797 D AndroidRuntime: Shutting down VM
08-05 23:44:45.743   512  2967 D audio_hw_primary: out_set_parameters: enter: usecase(1: low-latency-playback) kvpairs: routing=2
08-05 23:44:45.743   918  6112 I ActivityManager: START u0 {cmp=baseline.de.danoeh.antennapod.debug/baseline.de.danoeh.antennapod.activity.FeedSettingsActivity (has extras)} from uid 10711 on display 0
08-05 23:44:45.756   512  2967 D audio_hw_primary: select_devices: out_snd_device(2: speaker) in_snd_device(0: none)
08-05 23:44:45.756   512  2967 D msm8974_platform: platform_send_audio_calibration: sending audio calibration for snd_device(2) acdb_id(15)
08-05 23:44:45.756   512  2967 I soundtrigger: audio_extn_sound_trigger_update_device_status: device 0x2 of type 0 for Event 1
08-05 23:44:45.763 30584 30597 I art     : Explicit concurrent mark sweep GC freed 1449(88KB) AllocSpace objects, 1(20KB) LOS objects, 29% free, 37MB/53MB, paused 1.467ms total 49.331ms
08-05 23:44:45.768   512  2967 D audio_hw_primary: enable_snd_device: snd_device(2: speaker)
08-05 23:44:45.771   512  2967 D audio_hw_primary: enable_audio_route: apply and update mixer path: low-latency-playback speaker
08-05 23:44:45.781 30584 30597 I art     : Starting a blocking GC Explicit
08-05 23:44:45.828 30584 30597 I art     : Explicit concurrent mark sweep GC freed 10498(465KB) AllocSpace objects, 0(0B) LOS objects, 29% free, 37MB/53MB, paused 2.012ms total 46.053ms
08-05 23:44:45.842 30584 30597 I art     : Starting a blocking GC Explicit
08-05 23:44:45.890 30584 30597 I art     : Explicit concurrent mark sweep GC freed 20537(865KB) AllocSpace objects, 0(0B) LOS objects, 29% free, 37MB/53MB, paused 2.119ms total 48.142ms
08-05 23:44:45.904 30584 30597 I art     : Starting a blocking GC Explicit
08-05 23:44:45.953 30584 30597 I art     : Explicit concurrent mark sweep GC freed 17293(719KB) AllocSpace objects, 0(0B) LOS objects, 29% free, 37MB/53MB, paused 1.667ms total 48.509ms
08-05 23:44:45.967 30584 30597 I art     : Starting a blocking GC Explicit
08-05 23:44:46.012 30584 30597 I art     : Explicit concurrent mark sweep GC freed 2441(178KB) AllocSpace objects, 0(0B) LOS objects, 28% free, 39MB/55MB, paused 1.529ms total 44.883ms
08-05 23:44:46.019 30584 30604 D DBReader: getFeed() called with: feedId = [2]
08-05 23:44:46.020 30584 30604 D DBReader: getFeedItemList() called with: feed = [baseline.de.danoeh.antennapod.core.feed.Feed@2]
08-05 23:44:46.124 30584 30604 W PodDBAdapter: Length of id array is larger than 800. Creating multiple cursors
08-05 23:44:46.138   918   936 I ActivityManager: Displayed baseline.de.danoeh.antennapod.debug/baseline.de.danoeh.antennapod.activity.FeedSettingsActivity: +379ms
08-05 23:44:46.139 13866 13866 I GoogleInputMethodServic: GoogleInputMethodService.onFinishInput():3138 
08-05 23:44:46.140 13866 13866 I GoogleInputMethodServic: GoogleInputMethodService.onStartInput():1808 
08-05 23:44:46.184 30584 30605 D OpenGLRenderer: endAllStagingAnimators on 0x7f7ebd7400 (RippleDrawable) with handle 0x7f7a01ac00
08-05 23:44:46.223 26613 26613 W Atfwd_Sendcmd: AtCmdFwd service not published, waiting... retryCnt : 2
08-05 23:44:46.224 30584 31555 D ApOkHttpUrlLoader: buildLoadData() called with: model = [http://static.libsyn.com/p/assets/7/1/f/3/71f3014e14ef2722/JREiTunesImage2.jpg], width = [1440], height = [462]
08-05 23:44:46.229 13866 13866 I GoogleInputMethodServic: GoogleInputMethodService.onStartInput():1808 
08-05 23:44:46.229 13866 13866 W SessionManager: SessionManager.beginSession():53 Try to begin an already begun session [INPUT_SESSION], end it first
08-05 23:44:46.242 13866 13866 I ShortcutsDataManager: ShortcutsDataManager.onContentChanged():89 onContentChanged()
08-05 23:44:46.246 30584 30584 D FeedSettingsActivity: No filter set
08-05 23:44:46.258   918  3961 W IntentResolver: resolveIntent: multiple matches, only some with CATEGORY_DEFAULT
08-05 23:44:46.316 30584 31162 I art     : Starting a blocking GC Explicit
08-05 23:44:46.320   512  2967 D audio_hw_primary: disable_audio_route: reset and update mixer path: low-latency-playback speaker
08-05 23:44:46.321   512  2967 D audio_hw_primary: disable_snd_device: snd_device(2: speaker)
08-05 23:44:46.329   512  2967 I soundtrigger: audio_extn_sound_trigger_update_device_status: device 0x2 of type 0 for Event 0
08-05 23:44:46.369 30584 31162 I art     : Explicit concurrent mark sweep GC freed 15629(652KB) AllocSpace objects, 3(52KB) LOS objects, 27% free, 42MB/58MB, paused 1.327ms total 52.902ms
08-05 23:44:46.373   380   380 W SurfaceFlinger: couldn't log to binary event log: overflow.
08-05 23:44:46.385 30584 31162 I art     : Starting a blocking GC Explicit
08-05 23:44:46.434 30584 31162 I art     : Explicit concurrent mark sweep GC freed 895(63KB) AllocSpace objects, 0(0B) LOS objects, 27% free, 42MB/58MB, paused 1.310ms total 48.766ms
08-05 23:44:46.449 30584 31162 I art     : Starting a blocking GC Explicit
08-05 23:44:46.498 30584 31162 I art     : Explicit concurrent mark sweep GC freed 54(2464B) AllocSpace objects, 0(0B) LOS objects, 27% free, 42MB/58MB, paused 1.475ms total 48.575ms
08-05 23:44:46.513 30584 31162 I art     : Starting a blocking GC Explicit
08-05 23:44:46.524 30584 30584 D PlaybackController: Releasing PlaybackController
08-05 23:44:46.564 30584 31162 I art     : Explicit concurrent mark sweep GC freed 315(16KB) AllocSpace objects, 0(0B) LOS objects, 27% free, 42MB/58MB, paused 1.496ms total 51.342ms
08-05 23:44:46.580 30584 31162 I art     : Starting a blocking GC Explicit
08-05 23:44:46.631 30584 31162 I art     : Explicit concurrent mark sweep GC freed 99(3KB) AllocSpace objects, 0(0B) LOS objects, 27% free, 42MB/58MB, paused 1.425ms total 50.811ms
08-05 23:44:46.952 30584 30617 I art     : Starting a blocking GC Explicit
08-05 23:44:47.024 30584 30617 I art     : Explicit concurrent mark sweep GC freed 1454(83KB) AllocSpace objects, 1(20KB) LOS objects, 27% free, 42MB/58MB, paused 1.517ms total 72.189ms
08-05 23:44:47.044 30584 30617 I art     : Starting a blocking GC Explicit
08-05 23:44:47.104 30584 30617 I art     : Explicit concurrent mark sweep GC freed 39(1264B) AllocSpace objects, 0(0B) LOS objects, 27% free, 42MB/58MB, paused 1.440ms total 60.336ms
08-05 23:44:47.121 30584 30617 I art     : Starting a blocking GC Explicit
08-05 23:44:47.185 30584 30617 I art     : Explicit concurrent mark sweep GC freed 3(96B) AllocSpace objects, 0(0B) LOS objects, 27% free, 42MB/58MB, paused 1.526ms total 63.317ms
08-05 23:44:47.205 30584 30617 I art     : Starting a blocking GC Explicit
08-05 23:44:47.266 30584 30617 I art     : Explicit concurrent mark sweep GC freed 3(96B) AllocSpace objects, 0(0B) LOS objects, 27% free, 42MB/58MB, paused 1.476ms total 60.586ms
08-05 23:44:47.283 30584 30617 I art     : Starting a blocking GC Explicit
08-05 23:44:47.343 30584 30617 I art     : Explicit concurrent mark sweep GC freed 3(96B) AllocSpace objects, 0(0B) LOS objects, 27% free, 42MB/58MB, paused 1.457ms total 59.443ms
08-05 23:44:47.700 30584 30597 I art     : Starting a blocking GC Explicit
08-05 23:44:47.761 30584 30597 I art     : Explicit concurrent mark sweep GC freed 1425(82KB) AllocSpace objects, 1(20KB) LOS objects, 27% free, 42MB/58MB, paused 1.677ms total 60.711ms
08-05 23:44:47.778 30584 30597 I art     : Starting a blocking GC Explicit
08-05 23:44:47.838 30584 30597 I art     : Explicit concurrent mark sweep GC freed 43(1392B) AllocSpace objects, 0(0B) LOS objects, 27% free, 42MB/58MB, paused 1.637ms total 59.710ms
08-05 23:44:47.855 30584 30597 I art     : Starting a blocking GC Explicit
08-05 23:44:47.914 30584 30597 I art     : Explicit concurrent mark sweep GC freed 16(512B) AllocSpace objects, 0(0B) LOS objects, 27% free, 42MB/58MB, paused 1.552ms total 59.158ms
08-05 23:44:47.932 30584 30597 I art     : Starting a blocking GC Explicit
08-05 23:44:47.994 30584 30597 I art     : Explicit concurrent mark sweep GC freed 3(96B) AllocSpace objects, 0(0B) LOS objects, 27% free, 42MB/58MB, paused 1.480ms total 62.154ms
08-05 23:44:48.011 30584 30597 I art     : Starting a blocking GC Explicit
08-05 23:44:48.083 30584 30597 I art     : Explicit concurrent mark sweep GC freed 3(96B) AllocSpace objects, 0(0B) LOS objects, 27% free, 42MB/58MB, paused 1.467ms total 70.809ms
08-05 23:44:48.448 30584 30617 I art     : Starting a blocking GC Explicit
08-05 23:44:48.531 30584 30617 I art     : Explicit concurrent mark sweep GC freed 1372(80KB) AllocSpace objects, 1(20KB) LOS objects, 27% free, 42MB/58MB, paused 1.613ms total 82.519ms
08-05 23:44:48.550 30584 30617 I art     : Starting a blocking GC Explicit
08-05 23:44:48.616 30584 30617 I art     : Explicit concurrent mark sweep GC freed 52(1536B) AllocSpace objects, 0(0B) LOS objects, 27% free, 42MB/58MB, paused 1.474ms total 65.667ms
08-05 23:44:48.633 30584 30617 I art     : Starting a blocking GC Explicit
08-05 23:44:48.702 30584 30617 I art     : Explicit concurrent mark sweep GC freed 3(96B) AllocSpace objects, 0(0B) LOS objects, 27% free, 42MB/58MB, paused 1.493ms total 67.854ms
08-05 23:44:48.719 30584 30617 I art     : Starting a blocking GC Explicit
08-05 23:44:48.782 30584 30617 I art     : Explicit concurrent mark sweep GC freed 3(96B) AllocSpace objects, 0(0B) LOS objects, 27% free, 42MB/58MB, paused 1.402ms total 62.948ms
08-05 23:44:48.801 30584 30617 I art     : Starting a blocking GC Explicit
08-05 23:44:48.866 30584 30617 I art     : Explicit concurrent mark sweep GC freed 3(96B) AllocSpace objects, 0(0B) LOS objects, 27% free, 42MB/58MB, paused 1.400ms total 64.918ms
08-05 23:44:49.228 30584 30596 I art     : Starting a blocking GC Explicit
08-05 23:44:49.304 30584 30596 I art     : Explicit concurrent mark sweep GC freed 1373(82KB) AllocSpace objects, 1(20KB) LOS objects, 27% free, 42MB/58MB, paused 1.549ms total 76.222ms
08-05 23:44:49.321 30584 30596 I art     : Starting a blocking GC Explicit
08-05 23:44:49.386 30584 30596 I art     : Explicit concurrent mark sweep GC freed 23(752B) AllocSpace objects, 0(0B) LOS objects, 27% free, 42MB/58MB, paused 1.439ms total 64.666ms
08-05 23:44:49.404 30584 30596 I art     : Starting a blocking GC Explicit
08-05 23:44:49.470 30584 30596 I art     : Explicit concurrent mark sweep GC freed 3(96B) AllocSpace objects, 0(0B) LOS objects, 27% free, 42MB/58MB, paused 1.567ms total 66.570ms
08-05 23:44:49.488 30584 30596 I art     : Starting a blocking GC Explicit
08-05 23:44:49.554 30584 30596 I art     : Explicit concurrent mark sweep GC freed 3(96B) AllocSpace objects, 0(0B) LOS objects, 27% free, 42MB/58MB, paused 1.508ms total 65.590ms
08-05 23:44:49.571 30584 30596 I art     : Starting a blocking GC Explicit
08-05 23:44:49.641 30584 30596 I art     : Explicit concurrent mark sweep GC freed 32(880B) AllocSpace objects, 0(0B) LOS objects, 27% free, 42MB/58MB, paused 1.548ms total 69.325ms
08-05 23:44:49.967 30584 30596 I art     : Starting a blocking GC Explicit
08-05 23:44:50.029 30584 30596 I art     : Explicit concurrent mark sweep GC freed 1373(81KB) AllocSpace objects, 1(20KB) LOS objects, 27% free, 42MB/58MB, paused 1.460ms total 61.461ms
08-05 23:44:50.045 30584 30596 I art     : Starting a blocking GC Explicit
08-05 23:44:50.102 30584 30596 I art     : Explicit concurrent mark sweep GC freed 84(3056B) AllocSpace objects, 0(0B) LOS objects, 27% free, 42MB/58MB, paused 1.477ms total 57.268ms
08-05 23:44:50.118 30584 30596 I art     : Starting a blocking GC Explicit
08-05 23:44:50.181 30584 30596 I art     : Explicit concurrent mark sweep GC freed 3(96B) AllocSpace objects, 0(0B) LOS objects, 27% free, 42MB/58MB, paused 1.618ms total 62.298ms
08-05 23:44:50.198 30584 30596 I art     : Starting a blocking GC Explicit
08-05 23:44:50.258 30584 30596 I art     : Explicit concurrent mark sweep GC freed 3(96B) AllocSpace objects, 0(0B) LOS objects, 27% free, 42MB/58MB, paused 1.679ms total 59.447ms
08-05 23:44:50.275 30584 30596 I art     : Starting a blocking GC Explicit
08-05 23:44:50.336 30584 30596 I art     : Explicit concurrent mark sweep GC freed 3(96B) AllocSpace objects, 0(0B) LOS objects, 27% free, 42MB/58MB, paused 1.509ms total 60.412ms
08-05 23:44:50.542   911   911 D AndroidRuntime: >>>>>> START com.android.internal.os.RuntimeInit uid 2000 <<<<<<
08-05 23:44:50.548   911   911 D AndroidRuntime: CheckJNI is OFF
08-05 23:44:50.589   911   911 D ICU     : No timezone override file found: /data/misc/zoneinfo/current/icu/icu_tzdata.dat
08-05 23:44:50.631   911   911 I Radio-JNI: register_android_hardware_Radio DONE
08-05 23:44:50.660   911   911 D AndroidRuntime: Calling main entry com.android.commands.input.Input
08-05 23:44:50.661   911   911 I Input   : injectKeyEvent: KeyEvent { action=ACTION_DOWN, keyCode=KEYCODE_BACK, scanCode=0, metaState=0, flags=0x0, repeatCount=0, eventTime=834307074, downTime=834307074, deviceId=-1, source=0x101 }
08-05 23:44:50.670   911   911 I Input   : injectKeyEvent: KeyEvent { action=ACTION_UP, keyCode=KEYCODE_BACK, scanCode=0, metaState=0, flags=0x0, repeatCount=0, eventTime=834307074, downTime=834307074, deviceId=-1, source=0x101 }
08-05 23:44:50.676   911   911 D AndroidRuntime: Shutting down VM
08-05 23:44:50.683 30584 30584 V PlaybackController: initServiceNotRunning()
08-05 23:44:50.683 30584 30584 D ExternalPlayerFragment: Loading media info
08-05 23:44:50.685 30584 30584 D ItemlistFragment: onEventMainThread() called with: event = [DownloadEvent{update=DownloaderUpdate{downloaders=[], feedIds=[], mediaIds=[]}}]
08-05 23:44:50.686 30584 31555 D ApOkHttpUrlLoader: buildLoadData() called with: model = [http://static.libsyn.com/p/assets/7/1/f/3/71f3014e14ef2722/JREiTunesImage2.jpg], width = [1440], height = [462]
08-05 23:44:50.689 30584 30584 D UserPreferences: Using default data folder
08-05 23:44:50.691 30584 30604 D DBReader: getNavDrawerData() called with: 
08-05 23:44:50.691 30584 31150 D DBReader: getFeed() called with: feedId = [2]
08-05 23:44:50.691 30584 31025 I art     : Starting a blocking GC Explicit
08-05 23:44:50.696 30584 31150 D DBReader: getFeedItemList() called with: feed = [baseline.de.danoeh.antennapod.core.feed.Feed@2]
08-05 23:44:50.704 30584 30584 D FeedMenuHandler: Preparing options menu
08-05 23:44:50.722 30584 30604 D DBReader: getDownloadedItems() called
08-05 23:44:50.723 30584 30604 D DBReader: getFavoriteIDList() called
08-05 23:44:50.724 30584 30604 D DBReader: getQueueIDList() called
08-05 23:44:50.725 30584 30604 D DBReader: Extracting Feedlist
08-05 23:44:50.754 30584 31025 I art     : Explicit concurrent mark sweep GC freed 5345(257KB) AllocSpace objects, 1(20KB) LOS objects, 26% free, 45MB/61MB, paused 2.315ms total 62.690ms
08-05 23:44:50.757 13866 13866 I GoogleInputMethodServic: GoogleInputMethodService.onFinishInput():3138 
08-05 23:44:50.757 30584 30584 D MainActivity: getLastNavFragment() -> 2
08-05 23:44:50.758 13866 13866 I GoogleInputMethodServic: GoogleInputMethodService.onStartInput():1808 
08-05 23:44:50.758 13866 13866 I ShortcutsDataManager: AbstractContentDataManager.startImportContentTask():208 startImportContentTask()
08-05 23:44:50.759 13866 13938 I ShortcutsDataManager: AbstractContentDataManager$ImportContentTask.doInBackground():222 doInBackground()
08-05 23:44:50.759 13866 13938 I PersonalDictionaryDataH: PersonalDictionaryDataHandler.beginProcess():111 LanguageTags = [en-US]
08-05 23:44:50.770 30584 31025 I art     : Starting a blocking GC Explicit
08-05 23:44:50.770 13866 13938 I ShortcutsDataManager: AbstractContentDataManager.importRecords():312 importRecords() : Success : Count = 0
08-05 23:44:50.775 13866 13938 I ShortcutsDataManager: AbstractContentDataManager.importContentData():262 importContentData() : Ending import process
08-05 23:44:50.782   518   646 I ThermalEngine: ACTION: GPU - Setting GPU[0] to 510000000
08-05 23:44:50.798 13866 13938 I PersonalLanguageModelUp: PersonalLanguageModelUpdater$UpdateOperation.performInternal():160 run() : Added 0 words and 0 shortcuts
08-05 23:44:50.798 13866 13938 I DynamicLanguageModelOpe: DynamicLanguageModelOperation.perform():37 perform() : 4 : coc : Completed
08-05 23:44:50.798 13866 13950 I Delight5Decoder: Delight5DecoderWrapper.loadLanguageModel():578 loadLanguageModel() : 4, version [n/a]
08-05 23:44:50.799 13866 13866 I ShortcutsDataManager: AbstractContentDataManager$ImportContentTask.onPostExecute():233 onPostExecute() : Result = [2,0]
08-05 23:44:50.799 13866 13866 I ShortcutsDataManager: ShortcutsDataManager.onImportFinished():99 onImportFinished() : Result = 2 : Count = 0
08-05 23:44:50.800 13866 13950 I Delight5Decoder: Delight5DecoderWrapper.loadLanguageModel():616 Loaded dynamic LM 4.en
08-05 23:44:50.802 30584 31150 W PodDBAdapter: Length of id array is larger than 800. Creating multiple cursors
08-05 23:44:50.829 30584 31025 I art     : Explicit concurrent mark sweep GC freed 3998(267KB) AllocSpace objects, 1(16KB) LOS objects, 25% free, 46MB/62MB, paused 1.362ms total 58.593ms
08-05 23:44:50.842 30584 31025 I art     : Starting a blocking GC Explicit
08-05 23:44:50.874 30584 31150 D DBReader: getFavoriteIDList() called
08-05 23:44:50.875 30584 31150 D DBReader: getQueueIDList() called
08-05 23:44:50.876 30584 31150 D DBReader: Extracting Feedlist
08-05 23:44:50.879 30584 31555 D ApOkHttpUrlLoader: buildLoadData() called with: model = [http://static.libsyn.com/p/assets/7/1/f/3/71f3014e14ef2722/JREiTunesImage2.jpg], width = [1440], height = [462]
08-05 23:44:50.892 30584 31025 I art     : Explicit concurrent mark sweep GC freed 5903(160KB) AllocSpace objects, 0(0B) LOS objects, 24% free, 49MB/65MB, paused 1.270ms total 49.554ms
08-05 23:44:50.903 30584 30584 D FeedMenuHandler: Preparing options menu
08-05 23:44:50.906 30584 31025 I art     : Starting a blocking GC Explicit
08-05 23:44:50.952 30584 31025 I art     : Explicit concurrent mark sweep GC freed 29732(2035KB) AllocSpace objects, 1(16KB) LOS objects, 25% free, 47MB/63MB, paused 1.212ms total 45.579ms
08-05 23:44:50.965 30584 31025 I art     : Starting a blocking GC Explicit
08-05 23:44:51.010 30584 31025 I art     : Explicit concurrent mark sweep GC freed 587(44KB) AllocSpace objects, 0(0B) LOS objects, 25% free, 47MB/63MB, paused 1.061ms total 45.542ms
08-05 23:44:51.078   380   380 W SurfaceFlinger: couldn't log to binary event log: overflow.
08-05 23:44:51.298 30584 30617 I art     : Starting a blocking GC Explicit
08-05 23:44:51.363 30584 30617 I art     : Explicit concurrent mark sweep GC freed 2444(138KB) AllocSpace objects, 1(20KB) LOS objects, 25% free, 47MB/63MB, paused 1.403ms total 64.350ms
08-05 23:44:51.379 30584 30617 I art     : Starting a blocking GC Explicit
08-05 23:44:51.421 30584 30617 I art     : Explicit concurrent mark sweep GC freed 34785(2MB) AllocSpace objects, 44(2MB) LOS objects, 27% free, 42MB/58MB, paused 1.134ms total 41.359ms
08-05 23:44:51.432 30584 30617 I art     : Starting a blocking GC Explicit
08-05 23:44:51.470 30584 30617 I art     : Explicit concurrent mark sweep GC freed 3(96B) AllocSpace objects, 0(0B) LOS objects, 27% free, 42MB/58MB, paused 1.096ms total 37.991ms
08-05 23:44:51.481 30584 30617 I art     : Starting a blocking GC Explicit
08-05 23:44:51.520 30584 30617 I art     : Explicit concurrent mark sweep GC freed 3(96B) AllocSpace objects, 0(0B) LOS objects, 27% free, 42MB/58MB, paused 1.107ms total 38.867ms
08-05 23:44:51.532 30584 30617 I art     : Starting a blocking GC Explicit
08-05 23:44:51.571 30584 30617 I art     : Explicit concurrent mark sweep GC freed 3(96B) AllocSpace objects, 0(0B) LOS objects, 27% free, 42MB/58MB, paused 1.100ms total 39.034ms
08-05 23:44:51.878 30584 30597 I art     : Starting a blocking GC Explicit
08-05 23:44:51.930 30584 30597 I art     : Explicit concurrent mark sweep GC freed 1403(82KB) AllocSpace objects, 1(20KB) LOS objects, 27% free, 42MB/58MB, paused 1.245ms total 52.220ms
08-05 23:44:51.944 30584 30597 I art     : Starting a blocking GC Explicit
08-05 23:44:51.979 30584 30597 I art     : Explicit concurrent mark sweep GC freed 23(752B) AllocSpace objects, 0(0B) LOS objects, 27% free, 42MB/58MB, paused 1.059ms total 34.680ms
08-05 23:44:51.989 30584 30597 I art     : Starting a blocking GC Explicit
08-05 23:44:52.025 30584 30597 I art     : Explicit concurrent mark sweep GC freed 3(96B) AllocSpace objects, 0(0B) LOS objects, 27% free, 42MB/58MB, paused 1.077ms total 36.238ms
08-05 23:44:52.036 30584 30597 I art     : Starting a blocking GC Explicit
08-05 23:44:52.073 30584 30597 I art     : Explicit concurrent mark sweep GC freed 3(96B) AllocSpace objects, 0(0B) LOS objects, 27% free, 42MB/58MB, paused 1.077ms total 36.490ms
08-05 23:44:52.084 30584 30597 I art     : Starting a blocking GC Explicit
08-05 23:44:52.121 30584 30597 I art     : Explicit concurrent mark sweep GC freed 3(96B) AllocSpace objects, 0(0B) LOS objects, 27% free, 42MB/58MB, paused 1.095ms total 36.593ms
08-05 23:44:52.325   977   977 D AndroidRuntime: >>>>>> START com.android.internal.os.RuntimeInit uid 2000 <<<<<<
08-05 23:44:52.330   977   977 D AndroidRuntime: CheckJNI is OFF
08-05 23:44:52.364   977   977 D ICU     : No timezone override file found: /data/misc/zoneinfo/current/icu/icu_tzdata.dat
08-05 23:44:52.398   977   977 I Radio-JNI: register_android_hardware_Radio DONE
08-05 23:44:52.410 30584 31025 I art     : Starting a blocking GC Explicit
08-05 23:44:52.422   977   977 D AndroidRuntime: Calling main entry com.android.commands.input.Input
08-05 23:44:52.424   977   977 I Input   : injectMotionEvent: MotionEvent { action=ACTION_DOWN, actionButton=0, id[0]=0, x[0]=1372.0, y[0]=384.0, toolType[0]=TOOL_TYPE_UNKNOWN, buttonState=0, metaState=0, flags=0x0, edgeFlags=0x0, pointerCount=1, historySize=0, eventTime=834308836, downTime=834308836, deviceId=0, source=0x1002 }
08-05 23:44:52.428   977   977 I Input   : injectMotionEvent: MotionEvent { action=ACTION_UP, actionButton=0, id[0]=0, x[0]=1372.0, y[0]=384.0, toolType[0]=TOOL_TYPE_UNKNOWN, buttonState=0, metaState=0, flags=0x0, edgeFlags=0x0, pointerCount=1, historySize=0, eventTime=834308836, downTime=834308836, deviceId=0, source=0x1002 }
08-05 23:44:52.429   977   977 D AndroidRuntime: Shutting down VM
08-05 23:44:52.433   918  6111 I ActivityManager: START u0 {cmp=baseline.de.danoeh.antennapod.debug/baseline.de.danoeh.antennapod.activity.FeedInfoActivity (has extras)} from uid 10711 on display 0
08-05 23:44:52.434   512  2967 D audio_hw_primary: out_set_parameters: enter: usecase(1: low-latency-playback) kvpairs: routing=2
08-05 23:44:52.447   512  2967 D audio_hw_primary: select_devices: out_snd_device(2: speaker) in_snd_device(0: none)
08-05 23:44:52.447   512  2967 D msm8974_platform: platform_send_audio_calibration: sending audio calibration for snd_device(2) acdb_id(15)
08-05 23:44:52.448   512  2967 I soundtrigger: audio_extn_sound_trigger_update_device_status: device 0x2 of type 0 for Event 1
08-05 23:44:52.450 30584 31025 I art     : Explicit concurrent mark sweep GC freed 1436(88KB) AllocSpace objects, 1(20KB) LOS objects, 27% free, 42MB/58MB, paused 1.486ms total 40.091ms
08-05 23:44:52.459   512  2967 D audio_hw_primary: enable_snd_device: snd_device(2: speaker)
08-05 23:44:52.461   512  2967 D audio_hw_primary: enable_audio_route: apply and update mixer path: low-latency-playback speaker
08-05 23:44:52.463 30584 31025 I art     : Starting a blocking GC Explicit
08-05 23:44:52.491 30584 31149 D DBReader: getFeed() called with: feedId = [2]
08-05 23:44:52.492 30584 31149 D DBReader: getFeedItemList() called with: feed = [baseline.de.danoeh.antennapod.core.feed.Feed@2]
08-05 23:44:52.500 30584 31025 I art     : Explicit concurrent mark sweep GC freed 1009(71KB) AllocSpace objects, 0(0B) LOS objects, 27% free, 42MB/58MB, paused 1.482ms total 37.010ms
08-05 23:44:52.503 30584 30584 D androidx.gridlayout.widget.GridLayout: horizontal constraints: x2-x0>=1328, x2-x1<=0, x1-x0<=242 are inconsistent; permanently removing: x2-x1<=0. 
08-05 23:44:52.503 30584 30584 D androidx.gridlayout.widget.GridLayout: vertical constraints: y3-y2>=80, y3-y2<=66, y2-y1<=94, y1-y0<=94 are inconsistent; permanently removing: y3-y2<=66. 
08-05 23:44:52.512 30584 31025 I art     : Starting a blocking GC Explicit
08-05 23:44:52.552 30584 31025 I art     : Explicit concurrent mark sweep GC freed 3397(121KB) AllocSpace objects, 0(0B) LOS objects, 26% free, 44MB/60MB, paused 1.514ms total 40.007ms
08-05 23:44:52.559   918   936 I ActivityManager: Displayed baseline.de.danoeh.antennapod.debug/baseline.de.danoeh.antennapod.activity.FeedInfoActivity: +110ms
08-05 23:44:52.560 13866 13866 I GoogleInputMethodServic: GoogleInputMethodService.onFinishInput():3138 
08-05 23:44:52.561 13866 13866 I GoogleInputMethodServic: GoogleInputMethodService.onStartInput():1808 
08-05 23:44:52.564 30584 31025 I art     : Starting a blocking GC Explicit
08-05 23:44:52.571 30584 31149 W PodDBAdapter: Length of id array is larger than 800. Creating multiple cursors
08-05 23:44:52.583 30584 30605 D OpenGLRenderer: endAllStagingAnimators on 0x7f7ebd7000 (RippleDrawable) with handle 0x7f7c0a0060
08-05 23:44:52.606 30584 31025 I art     : Explicit concurrent mark sweep GC freed 2416(213KB) AllocSpace objects, 1(16KB) LOS objects, 26% free, 44MB/60MB, paused 1.317ms total 41.881ms
08-05 23:44:52.618 30584 31025 I art     : Starting a blocking GC Explicit
08-05 23:44:52.637 30584 30584 D FeedInfoActivity: Language is en
08-05 23:44:52.637 30584 30584 D FeedInfoActivity: Author is Joe Rogan
08-05 23:44:52.637 30584 30584 D FeedInfoActivity: URL is http://joeroganexp.joerogan.libsynpro.com/rss
08-05 23:44:52.641 30584 31555 D ApOkHttpUrlLoader: buildLoadData() called with: model = [http://static.libsyn.com/p/assets/7/1/f/3/71f3014e14ef2722/JREiTunesImage2.jpg], width = [1440], height = [462]
08-05 23:44:52.648   918  6111 W IntentResolver: resolveIntent: multiple matches, only some with CATEGORY_DEFAULT
08-05 23:44:52.655 30584 30584 D androidx.gridlayout.widget.GridLayout: horizontal constraints: x2-x0>=1328, x2-x1<=232, x1-x0<=242 are inconsistent; permanently removing: x2-x1<=232. 
08-05 23:44:52.655 30584 30584 D androidx.gridlayout.widget.GridLayout: vertical constraints: y3-y2>=80, y3-y2<=66, y2-y1<=94, y1-y0<=94 are inconsistent; permanently removing: y3-y2<=66. 
08-05 23:44:52.662 30584 31025 I art     : Explicit concurrent mark sweep GC freed 5813(128KB) AllocSpace objects, 0(0B) LOS objects, 25% free, 47MB/63MB, paused 1.410ms total 43.931ms
08-05 23:44:52.792   518   646 I ThermalEngine: ACTION: GPU - Setting GPU[0] to 450000000
08-05 23:44:52.799   380   380 W SurfaceFlinger: couldn't log to binary event log: overflow.
08-05 23:44:52.847   918  3261 D WifiStateMachine: starting scan for "H369AA63323"WPA_PSK with 2412,5180
08-05 23:44:52.945 30584 30584 D PlaybackController: Releasing PlaybackController
08-05 23:44:52.975 30584 30597 I art     : Starting a blocking GC Explicit
08-05 23:44:52.999   512  2967 D audio_hw_primary: disable_audio_route: reset and update mixer path: low-latency-playback speaker
08-05 23:44:53.000   512  2967 D audio_hw_primary: disable_snd_device: snd_device(2: speaker)
08-05 23:44:53.007   512  2967 I soundtrigger: audio_extn_sound_trigger_update_device_status: device 0x2 of type 0 for Event 0
08-05 23:44:53.029 30584 30597 I art     : Explicit concurrent mark sweep GC freed 3518(165KB) AllocSpace objects, 2(36KB) LOS objects, 25% free, 47MB/63MB, paused 1.497ms total 54.512ms
08-05 23:44:53.046 30584 30597 I art     : Starting a blocking GC Explicit
08-05 23:44:53.105 30584 30597 I art     : Explicit concurrent mark sweep GC freed 282(21KB) AllocSpace objects, 0(0B) LOS objects, 25% free, 47MB/63MB, paused 1.457ms total 58.926ms
08-05 23:44:53.122 30584 30597 I art     : Starting a blocking GC Explicit
08-05 23:44:53.180 30584 30597 I art     : Explicit concurrent mark sweep GC freed 3(96B) AllocSpace objects, 0(0B) LOS objects, 25% free, 47MB/63MB, paused 1.477ms total 58.074ms
08-05 23:44:53.197 30584 30597 I art     : Starting a blocking GC Explicit
08-05 23:44:53.260 30584 30597 I art     : Explicit concurrent mark sweep GC freed 3(96B) AllocSpace objects, 0(0B) LOS objects, 25% free, 47MB/63MB, paused 1.571ms total 62.361ms
08-05 23:44:53.280 30584 30597 I art     : Starting a blocking GC Explicit
08-05 23:44:53.340 30584 30597 I art     : Explicit concurrent mark sweep GC freed 3(96B) AllocSpace objects, 0(0B) LOS objects, 25% free, 47MB/63MB, paused 1.459ms total 60.373ms
08-05 23:44:53.677 30584 30596 I art     : Starting a blocking GC Explicit
08-05 23:44:53.751 30584 30596 I art     : Explicit concurrent mark sweep GC freed 1401(81KB) AllocSpace objects, 1(20KB) LOS objects, 25% free, 47MB/63MB, paused 1.565ms total 73.678ms
08-05 23:44:53.772 30584 30596 I art     : Starting a blocking GC Explicit
08-05 23:44:53.833 30584 30596 I art     : Explicit concurrent mark sweep GC freed 23(752B) AllocSpace objects, 0(0B) LOS objects, 25% free, 47MB/63MB, paused 1.472ms total 60.298ms
08-05 23:44:53.850 30584 30596 I art     : Starting a blocking GC Explicit
08-05 23:44:53.910 30584 30596 I art     : Explicit concurrent mark sweep GC freed 3(96B) AllocSpace objects, 0(0B) LOS objects, 25% free, 47MB/63MB, paused 1.482ms total 60.256ms
08-05 23:44:53.927 30584 30596 I art     : Starting a blocking GC Explicit
08-05 23:44:53.986 30584 30596 I art     : Explicit concurrent mark sweep GC freed 3(96B) AllocSpace objects, 0(0B) LOS objects, 25% free, 47MB/63MB, paused 1.481ms total 58.876ms
08-05 23:44:54.003 30584 30596 I art     : Starting a blocking GC Explicit
08-05 23:44:54.064 30584 30596 I art     : Explicit concurrent mark sweep GC freed 3(96B) AllocSpace objects, 0(0B) LOS objects, 25% free, 47MB/63MB, paused 1.457ms total 60.973ms
08-05 23:44:54.412 30584 30597 I art     : Starting a blocking GC Explicit
08-05 23:44:54.475 30584 30597 I art     : Explicit concurrent mark sweep GC freed 1401(81KB) AllocSpace objects, 1(20KB) LOS objects, 25% free, 47MB/63MB, paused 1.503ms total 62.655ms
08-05 23:44:54.494 30584 30597 I art     : Starting a blocking GC Explicit
08-05 23:44:54.560 30584 30597 I art     : Explicit concurrent mark sweep GC freed 23(752B) AllocSpace objects, 0(0B) LOS objects, 25% free, 47MB/63MB, paused 1.540ms total 65.875ms
08-05 23:44:54.577 30584 30597 I art     : Starting a blocking GC Explicit
08-05 23:44:54.641 30584 30597 I art     : Explicit concurrent mark sweep GC freed 32(880B) AllocSpace objects, 0(0B) LOS objects, 25% free, 47MB/63MB, paused 1.489ms total 64.204ms
08-05 23:44:54.659 30584 30597 I art     : Starting a blocking GC Explicit
08-05 23:44:54.722 30584 30597 I art     : Explicit concurrent mark sweep GC freed 3(96B) AllocSpace objects, 0(0B) LOS objects, 25% free, 47MB/63MB, paused 1.484ms total 62.967ms
08-05 23:44:54.739 30584 30597 I art     : Starting a blocking GC Explicit
08-05 23:44:54.808 30584 30597 I art     : Explicit concurrent mark sweep GC freed 3(96B) AllocSpace objects, 0(0B) LOS objects, 25% free, 47MB/63MB, paused 1.714ms total 68.847ms
08-05 23:44:55.190 30584 31162 I art     : Starting a blocking GC Explicit
08-05 23:44:55.263 30584 31162 I art     : Explicit concurrent mark sweep GC freed 1373(82KB) AllocSpace objects, 1(20KB) LOS objects, 25% free, 47MB/63MB, paused 1.583ms total 72.153ms
08-05 23:44:55.283 30584 31162 I art     : Starting a blocking GC Explicit
08-05 23:44:55.347 30584 31162 I art     : Explicit concurrent mark sweep GC freed 23(752B) AllocSpace objects, 0(0B) LOS objects, 25% free, 47MB/63MB, paused 1.526ms total 63.053ms
08-05 23:44:55.364 30584 31162 I art     : Starting a blocking GC Explicit
08-05 23:44:55.366   918  3188 I hubconnection: sensorhub said: 'set_bias 3: -6.1728, 0.0000, 0.0000'
08-05 23:44:55.432 30584 31162 I art     : Explicit concurrent mark sweep GC freed 3(96B) AllocSpace objects, 0(0B) LOS objects, 25% free, 47MB/63MB, paused 1.586ms total 68.090ms
08-05 23:44:55.452 30584 31162 I art     : Starting a blocking GC Explicit
08-05 23:44:55.518 30584 31162 I art     : Explicit concurrent mark sweep GC freed 3(96B) AllocSpace objects, 0(0B) LOS objects, 25% free, 47MB/63MB, paused 1.644ms total 65.951ms
08-05 23:44:55.535 30584 31162 I art     : Starting a blocking GC Explicit
08-05 23:44:55.603 30584 31162 I art     : Explicit concurrent mark sweep GC freed 32(880B) AllocSpace objects, 0(0B) LOS objects, 25% free, 47MB/63MB, paused 1.705ms total 67.232ms
08-05 23:44:55.957 30584 30596 I art     : Starting a blocking GC Explicit
08-05 23:44:56.039 30584 30596 I art     : Explicit concurrent mark sweep GC freed 1373(81KB) AllocSpace objects, 1(20KB) LOS objects, 25% free, 47MB/63MB, paused 1.733ms total 81.974ms
08-05 23:44:56.060 30584 30596 I art     : Starting a blocking GC Explicit
08-05 23:44:56.120 30584 30596 I art     : Explicit concurrent mark sweep GC freed 23(752B) AllocSpace objects, 0(0B) LOS objects, 25% free, 47MB/63MB, paused 1.405ms total 59.838ms
08-05 23:44:56.136 30584 30596 I art     : Starting a blocking GC Explicit
08-05 23:44:56.185 30584 30596 I art     : Explicit concurrent mark sweep GC freed 3(96B) AllocSpace objects, 0(0B) LOS objects, 25% free, 47MB/63MB, paused 1.289ms total 48.060ms
08-05 23:44:56.199 30584 30596 I art     : Starting a blocking GC Explicit
08-05 23:44:56.223 26613 26613 I ServiceManager: Waiting for service AtCmdFwd...
08-05 23:44:56.249 30584 30596 I art     : Explicit concurrent mark sweep GC freed 3(96B) AllocSpace objects, 0(0B) LOS objects, 25% free, 47MB/63MB, paused 1.323ms total 48.876ms
08-05 23:44:56.263 30584 30596 I art     : Starting a blocking GC Explicit
08-05 23:44:56.312 30584 30596 I art     : Explicit concurrent mark sweep GC freed 3(96B) AllocSpace objects, 0(0B) LOS objects, 25% free, 47MB/63MB, paused 1.307ms total 48.304ms
08-05 23:44:56.650 30584 30597 I art     : Starting a blocking GC Explicit
08-05 23:44:56.717 30584 30597 I art     : Explicit concurrent mark sweep GC freed 2104(107KB) AllocSpace objects, 1(20KB) LOS objects, 25% free, 47MB/63MB, paused 1.359ms total 66.343ms
08-05 23:44:56.733 30584 30597 I art     : Starting a blocking GC Explicit
08-05 23:44:56.789 30584 30597 I art     : Explicit concurrent mark sweep GC freed 31(1072B) AllocSpace objects, 0(0B) LOS objects, 25% free, 47MB/63MB, paused 1.502ms total 55.466ms
08-05 23:44:56.804 30584 30597 I art     : Starting a blocking GC Explicit
08-05 23:44:56.860 30584 30597 I art     : Explicit concurrent mark sweep GC freed 3(96B) AllocSpace objects, 0(0B) LOS objects, 25% free, 47MB/63MB, paused 1.453ms total 55.691ms
08-05 23:44:56.877 30584 30597 I art     : Starting a blocking GC Explicit
08-05 23:44:56.937 30584 30597 I art     : Explicit concurrent mark sweep GC freed 3(96B) AllocSpace objects, 0(0B) LOS objects, 25% free, 47MB/63MB, paused 1.498ms total 59.055ms
08-05 23:44:56.953 30584 30597 I art     : Starting a blocking GC Explicit
08-05 23:44:57.013 30584 30597 I art     : Explicit concurrent mark sweep GC freed 3(96B) AllocSpace objects, 0(0B) LOS objects, 25% free, 47MB/63MB, paused 1.529ms total 59.370ms
08-05 23:44:57.209  1065  1065 D AndroidRuntime: >>>>>> START com.android.internal.os.RuntimeInit uid 2000 <<<<<<
08-05 23:44:57.215  1065  1065 D AndroidRuntime: CheckJNI is OFF
08-05 23:44:57.223 26613 26613 I ServiceManager: Waiting for service AtCmdFwd...
08-05 23:44:57.255  1065  1065 D ICU     : No timezone override file found: /data/misc/zoneinfo/current/icu/icu_tzdata.dat
08-05 23:44:57.307  1065  1065 I Radio-JNI: register_android_hardware_Radio DONE
08-05 23:44:57.337  1065  1065 D AndroidRuntime: Calling main entry com.android.commands.input.Input
08-05 23:44:57.339  1065  1065 I Input   : injectKeyEvent: KeyEvent { action=ACTION_DOWN, keyCode=KEYCODE_BACK, scanCode=0, metaState=0, flags=0x0, repeatCount=0, eventTime=834313752, downTime=834313752, deviceId=-1, source=0x101 }
08-05 23:44:57.344  1065  1065 I Input   : injectKeyEvent: KeyEvent { action=ACTION_UP, keyCode=KEYCODE_BACK, scanCode=0, metaState=0, flags=0x0, repeatCount=0, eventTime=834313752, downTime=834313752, deviceId=-1, source=0x101 }
08-05 23:44:57.349  1065  1065 D AndroidRuntime: Shutting down VM
08-05 23:44:57.355 30584 30617 I art     : Starting a blocking GC Explicit
08-05 23:44:57.356 30584 30584 V PlaybackController: initServiceNotRunning()
08-05 23:44:57.356 30584 30584 D ExternalPlayerFragment: Loading media info
08-05 23:44:57.361 30584 30584 D ItemlistFragment: onEventMainThread() called with: event = [DownloadEvent{update=DownloaderUpdate{downloaders=[], feedIds=[], mediaIds=[]}}]
08-05 23:44:57.362 30584 31555 D ApOkHttpUrlLoader: buildLoadData() called with: model = [http://static.libsyn.com/p/assets/7/1/f/3/71f3014e14ef2722/JREiTunesImage2.jpg], width = [1440], height = [462]
08-05 23:44:57.365 30584 30584 D UserPreferences: Using default data folder
08-05 23:44:57.365 30584 31149 D DBReader: getNavDrawerData() called with: 
08-05 23:44:57.366 30584 30604 D DBReader: getFeed() called with: feedId = [2]
08-05 23:44:57.368 30584 30604 D DBReader: getFeedItemList() called with: feed = [baseline.de.danoeh.antennapod.core.feed.Feed@2]
08-05 23:44:57.377 30584 30584 D FeedMenuHandler: Preparing options menu
08-05 23:44:57.401 30584 31149 D DBReader: getDownloadedItems() called
08-05 23:44:57.402 30584 31149 D DBReader: getFavoriteIDList() called
08-05 23:44:57.404 30584 31149 D DBReader: getQueueIDList() called
08-05 23:44:57.406 30584 31149 D DBReader: Extracting Feedlist
08-05 23:44:57.411 30584 30617 I art     : Explicit concurrent mark sweep GC freed 3522(192KB) AllocSpace objects, 1(20KB) LOS objects, 24% free, 50MB/66MB, paused 1.843ms total 56.468ms
08-05 23:44:57.426 30584 30617 I art     : Starting a blocking GC Explicit
08-05 23:44:57.426 13866 13866 I GoogleInputMethodServic: GoogleInputMethodService.onFinishInput():3138 
08-05 23:44:57.427 13866 13866 I GoogleInputMethodServic: GoogleInputMethodService.onStartInput():1808 
08-05 23:44:57.459 30584 30584 D MainActivity: getLastNavFragment() -> 2
08-05 23:44:57.486 30584 30617 I art     : Explicit concurrent mark sweep GC freed 2829(93KB) AllocSpace objects, 0(0B) LOS objects, 23% free, 51MB/67MB, paused 2.175ms total 59.185ms
08-05 23:44:57.494 30584 30604 W PodDBAdapter: Length of id array is larger than 800. Creating multiple cursors
08-05 23:44:57.502 30584 30617 I art     : Starting a blocking GC Explicit
08-05 23:44:57.562 30584 30617 I art     : Explicit concurrent mark sweep GC freed 2809(229KB) AllocSpace objects, 1(16KB) LOS objects, 23% free, 51MB/67MB, paused 1.659ms total 59.805ms
08-05 23:44:57.580 30584 30617 I art     : Starting a blocking GC Explicit
08-05 23:44:57.591 30584 30604 D DBReader: getFavoriteIDList() called
08-05 23:44:57.592 30584 30604 D DBReader: getQueueIDList() called
08-05 23:44:57.593 30584 30604 D DBReader: Extracting Feedlist
08-05 23:44:57.597 30584 31555 D ApOkHttpUrlLoader: buildLoadData() called with: model = [http://static.libsyn.com/p/assets/7/1/f/3/71f3014e14ef2722/JREiTunesImage2.jpg], width = [1440], height = [462]
08-05 23:44:57.612 30584 30584 D FeedMenuHandler: Preparing options menu
08-05 23:44:57.642 30584 30617 I art     : Explicit concurrent mark sweep GC freed 33020(2MB) AllocSpace objects, 0(0B) LOS objects, 23% free, 52MB/68MB, paused 1.817ms total 62.013ms
08-05 23:44:57.658 30584 30617 I art     : Starting a blocking GC Explicit
08-05 23:44:57.720 30584 30617 I art     : Explicit concurrent mark sweep GC freed 2215(91KB) AllocSpace objects, 1(16KB) LOS objects, 23% free, 52MB/68MB, paused 1.439ms total 60.867ms
08-05 23:44:57.736   380   380 W SurfaceFlinger: couldn't log to binary event log: overflow.
08-05 23:44:57.796   518   646 I ThermalEngine: ACTION: GPU - Setting GPU[0] to 510000000
08-05 23:44:58.018 30584 31025 I art     : Starting a blocking GC Explicit
08-05 23:44:58.069 30584 31025 I art     : Explicit concurrent mark sweep GC freed 2830(170KB) AllocSpace objects, 1(20KB) LOS objects, 23% free, 52MB/68MB, paused 1.146ms total 50.605ms
08-05 23:44:58.083 30584 31025 I art     : Starting a blocking GC Explicit
08-05 23:44:58.124 30584 31025 I art     : Explicit concurrent mark sweep GC freed 29265(2MB) AllocSpace objects, 3(84KB) LOS objects, 24% free, 50MB/66MB, paused 1.099ms total 41.476ms
08-05 23:44:58.136 30584 31025 I art     : Starting a blocking GC Explicit
08-05 23:44:58.174 30584 31025 I art     : Explicit concurrent mark sweep GC freed 3(96B) AllocSpace objects, 0(0B) LOS objects, 24% free, 50MB/66MB, paused 1.104ms total 38.131ms
08-05 23:44:58.185 30584 31025 I art     : Starting a blocking GC Explicit
08-05 23:44:58.224 26613 26613 I ServiceManager: Waiting for service AtCmdFwd...
08-05 23:44:58.225 30584 31025 I art     : Explicit concurrent mark sweep GC freed 3(96B) AllocSpace objects, 0(0B) LOS objects, 24% free, 50MB/66MB, paused 1.101ms total 39.373ms
08-05 23:44:58.237 30584 31025 I art     : Starting a blocking GC Explicit
08-05 23:44:58.276 30584 31025 I art     : Explicit concurrent mark sweep GC freed 3(96B) AllocSpace objects, 0(0B) LOS objects, 24% free, 50MB/66MB, paused 1.111ms total 39.186ms
08-05 23:44:58.579 30584 30596 I art     : Starting a blocking GC Explicit
08-05 23:44:58.625 30584 30596 I art     : Explicit concurrent mark sweep GC freed 1403(82KB) AllocSpace objects, 1(20KB) LOS objects, 24% free, 50MB/66MB, paused 1.142ms total 46.037ms
08-05 23:44:58.636 30584 30596 I art     : Starting a blocking GC Explicit
08-05 23:44:58.673 30584 30596 I art     : Explicit concurrent mark sweep GC freed 23(752B) AllocSpace objects, 0(0B) LOS objects, 24% free, 50MB/66MB, paused 1.095ms total 36.644ms
08-05 23:44:58.684 30584 30596 I art     : Starting a blocking GC Explicit
08-05 23:44:58.721 30584 30596 I art     : Explicit concurrent mark sweep GC freed 3(96B) AllocSpace objects, 0(0B) LOS objects, 24% free, 50MB/66MB, paused 1.089ms total 36.979ms
08-05 23:44:58.732 30584 30596 I art     : Starting a blocking GC Explicit
08-05 23:44:58.770 30584 30596 I art     : Explicit concurrent mark sweep GC freed 3(96B) AllocSpace objects, 0(0B) LOS objects, 24% free, 50MB/66MB, paused 1.148ms total 37.282ms
08-05 23:44:58.781 30584 30596 I art     : Starting a blocking GC Explicit
08-05 23:44:58.799   518   646 I ThermalEngine: ACTION: GPU - Setting GPU[0] to 450000000
08-05 23:44:58.822 30584 30596 I art     : Explicit concurrent mark sweep GC freed 3(96B) AllocSpace objects, 0(0B) LOS objects, 24% free, 50MB/66MB, paused 1.461ms total 41.599ms
08-05 23:44:59.072  1111  1111 D AndroidRuntime: >>>>>> START com.android.internal.os.RuntimeInit uid 2000 <<<<<<
08-05 23:44:59.078  1111  1111 D AndroidRuntime: CheckJNI is OFF
08-05 23:44:59.119  1111  1111 D ICU     : No timezone override file found: /data/misc/zoneinfo/current/icu/icu_tzdata.dat
08-05 23:44:59.160  1111  1111 I Radio-JNI: register_android_hardware_Radio DONE
08-05 23:44:59.170 30584 30596 I art     : Starting a blocking GC Explicit
08-05 23:44:59.189  1111  1111 D AndroidRuntime: Calling main entry com.android.commands.input.Input
08-05 23:44:59.191  1111  1111 I Input   : injectMotionEvent: MotionEvent { action=ACTION_DOWN, actionButton=0, id[0]=0, x[0]=733.0, y[0]=896.0, toolType[0]=TOOL_TYPE_UNKNOWN, buttonState=0, metaState=0, flags=0x0, edgeFlags=0x0, pointerCount=1, historySize=0, eventTime=834315604, downTime=834315604, deviceId=0, source=0x1002 }
08-05 23:44:59.195  1111  1111 I Input   : injectMotionEvent: MotionEvent { action=ACTION_UP, actionButton=0, id[0]=0, x[0]=733.0, y[0]=896.0, toolType[0]=TOOL_TYPE_UNKNOWN, buttonState=0, metaState=0, flags=0x0, edgeFlags=0x0, pointerCount=1, historySize=0, eventTime=834315604, downTime=834315604, deviceId=0, source=0x1002 }
08-05 23:44:59.198  1111  1111 D AndroidRuntime: Shutting down VM
08-05 23:44:59.219 30584 30596 I art     : Explicit concurrent mark sweep GC freed 1418(83KB) AllocSpace objects, 1(20KB) LOS objects, 24% free, 50MB/66MB, paused 1.553ms total 48.466ms
08-05 23:44:59.225 26613 26613 I ServiceManager: Waiting for service AtCmdFwd...
08-05 23:44:59.232 30584 30596 I art     : Starting a blocking GC Explicit
08-05 23:44:59.274   512  2967 D audio_hw_primary: out_set_parameters: enter: usecase(1: low-latency-playback) kvpairs: routing=2
08-05 23:44:59.277 30584 30596 I art     : Explicit concurrent mark sweep GC freed 43(1536B) AllocSpace objects, 0(0B) LOS objects, 24% free, 50MB/66MB, paused 1.952ms total 44.664ms
08-05 23:44:59.287   512  2967 D audio_hw_primary: select_devices: out_snd_device(2: speaker) in_snd_device(0: none)
08-05 23:44:59.288   512  2967 D msm8974_platform: platform_send_audio_calibration: sending audio calibration for snd_device(2) acdb_id(15)
08-05 23:44:59.288   512  2967 I soundtrigger: audio_extn_sound_trigger_update_device_status: device 0x2 of type 0 for Event 1
08-05 23:44:59.292 30584 30596 I art     : Starting a blocking GC Explicit
08-05 23:44:59.298   512  2967 D audio_hw_primary: enable_snd_device: snd_device(2: speaker)
08-05 23:44:59.301   512  2967 D audio_hw_primary: enable_audio_route: apply and update mixer path: low-latency-playback speaker
08-05 23:44:59.308 30584 30584 I WebViewFactory: Loading com.google.android.webview version 84.0.4147.89 (code 414708953)
08-05 23:44:59.340 30584 30596 I art     : Explicit concurrent mark sweep GC freed 963(59KB) AllocSpace objects, 0(0B) LOS objects, 24% free, 50MB/66MB, paused 1.763ms total 47.778ms
08-05 23:44:59.357 30584 30596 I art     : Starting a blocking GC Explicit
08-05 23:44:59.403 30584 30596 I art     : Explicit concurrent mark sweep GC freed 3398(297KB) AllocSpace objects, 1(20KB) LOS objects, 23% free, 51MB/67MB, paused 2.393ms total 46.204ms
08-05 23:44:59.405 30584 30584 I cr_LibraryLoader: Loaded native library version number "84.0.4147.89"
08-05 23:44:59.406 30584 30584 I cr_CachingUmaRecorder: Flushed 5 samples from 5 histograms.
08-05 23:44:59.417 30584 30596 I art     : Starting a blocking GC Explicit
08-05 23:44:59.450 30584 30584 E chromium: [ERROR:filesystem_posix.cc(62)] mkdir /data/user/0/baseline.de.danoeh.antennapod.debug/cache/WebView/Crashpad: No such file or directory (2)
08-05 23:44:59.463 30584 30596 I art     : Explicit concurrent mark sweep GC freed 1512(195KB) AllocSpace objects, 1(20KB) LOS objects, 23% free, 51MB/67MB, paused 1.758ms total 45.636ms
08-05 23:44:59.537   918   928 D ConnectivityService: listenForNetwork for Listen from uid/pid:10711/30584 for NetworkRequest [ id=3622, legacyType=-1, [ Capabilities: INTERNET&NOT_RESTRICTED&TRUSTED] ]
08-05 23:44:59.577 30584 31150 D DBReader: getFeedItem() called with: itemId = [2]
08-05 23:44:59.577 30584 31150 D DBReader: Loading feeditem with id 2
08-05 23:44:59.578 30584 30584 D ItemFragment: onEventMainThread() called with: event = [DownloadEvent{update=DownloaderUpdate{downloaders=[], feedIds=[], mediaIds=[]}}]
08-05 23:44:59.581 30584 31150 D DBReader: getFavoriteIDList() called
08-05 23:44:59.582 30584 31150 D DBReader: getQueueIDList() called
08-05 23:44:59.582 30584 31150 D DBReader: Extracting Feedlist
08-05 23:44:59.583 13866 13866 I GoogleInputMethodServic: GoogleInputMethodService.onFinishInput():3138 
08-05 23:44:59.584 13866 13866 I GoogleInputMethodServic: GoogleInputMethodService.onStartInput():1808 
08-05 23:44:59.590 30584 31150 D DBReader: loadExtraInformationOfFeedItem() called with: item = [FeedItem[autoDownload=1,chapters=<null>,contentEncoded=<null>,description=<null>,feed=baseline.de.danoeh.antennapod.core.feed.Feed@e1e2529,feedId=2,flattrStatus=baseline.de.danoeh.antennapod.core.util.flattr.FlattrStatus@8de80ae,hasChapters=false,imageUrl=http://static.libsyn.com/p/assets/2/7/8/6/278615fe73b1f0ca/JRE1514.jpg,itemIdentifier=a0870b6b-c887-4883-930c-a06d5e1a8f7e,link=http://traffic.libsyn.com/joeroganexp/p1514.mp3,media=baseline.de.danoeh.antennapod.core.feed.FeedMedia@685fe4f,paymentLink=<null>,pubDate=Fri Jul 24 21:00:00 GMT+02:00 2020,state=-1,tags=[],title=#1514 - Joe De Sena,id=2]]
08-05 23:44:59.595 30584 30584 E libEGL  : validate_display:255 error 3008 (EGL_BAD_DISPLAY)
08-05 23:44:59.661   918   935 D BluetoothManagerService: Added callback: android.bluetooth.IBluetoothManagerCallback$Stub$Proxy@2b07979:true
08-05 23:44:59.672 30584 31555 D ApOkHttpUrlLoader: buildLoadData() called with: model = [http://static.libsyn.com/p/assets/2/7/8/6/278615fe73b1f0ca/JRE1514.jpg], width = [175], height = [175]
08-05 23:44:59.675 30584 31364 D DBReader: getImageAuthentication() called with: imageUrl = [http://static.libsyn.com/p/assets/2/7/8/6/278615fe73b1f0ca/JRE1514.jpg]
08-05 23:44:59.679 30584 31364 D ApOkHttpUrlLoader: no credentials for 'http://static.libsyn.com/p/assets/2/7/8/6/278615fe73b1f0ca/JRE1514.jpg'
08-05 23:44:59.779 30584 31364 D MYTAG   : interceptor 2a
08-05 23:44:59.780 30584 31364 I NAPPA_EXPERIMENTATION: MetricNetworkRequestExecutionTime: REQUEST_DURATION_SYSTEM='100',REQUEST_DURATION_OKHTTP='99',REQUEST_SYNCHRONOUS='TRUE',RESPONSE_CODE='200',RESPONSE_METHOD='GET',RESPONSE_LENGTH_OKHTTP='364960',RESPONSE_LENGTH_HEADER='364960',REQUEST_PROTOCOL='http/1.1',REQUEST_URL='http://static.libsyn.com/p/assets/2/7/8/6/278615fe73b1f0ca/JRE1514.jpg',
08-05 23:44:59.820 30584 30617 I art     : Starting a blocking GC Explicit
08-05 23:44:59.829   512  2967 D audio_hw_primary: disable_audio_route: reset and update mixer path: low-latency-playback speaker
08-05 23:44:59.830   512  2967 D audio_hw_primary: disable_snd_device: snd_device(2: speaker)
08-05 23:44:59.841   512  2967 I soundtrigger: audio_extn_sound_trigger_update_device_status: device 0x2 of type 0 for Event 0
08-05 23:44:59.870 30584 30617 I art     : Explicit concurrent mark sweep GC freed 8254(605KB) AllocSpace objects, 2(88KB) LOS objects, 23% free, 52MB/68MB, paused 1.743ms total 50.464ms
08-05 23:44:59.884 30584 30617 I art     : Starting a blocking GC Explicit
08-05 23:44:59.929 30584 30617 I art     : Explicit concurrent mark sweep GC freed 1324(77KB) AllocSpace objects, 4(112KB) LOS objects, 23% free, 51MB/67MB, paused 2.183ms total 44.161ms
08-05 23:44:59.944 30584 30617 I art     : Starting a blocking GC Explicit
08-05 23:44:59.991 30584 30617 I art     : Explicit concurrent mark sweep GC freed 78(4KB) AllocSpace objects, 0(0B) LOS objects, 23% free, 51MB/67MB, paused 2.479ms total 47.690ms
08-05 23:45:00.005 30584 30617 I art     : Starting a blocking GC Explicit
08-05 23:45:00.053 30584 30617 I art     : Explicit concurrent mark sweep GC freed 153(16KB) AllocSpace objects, 0(0B) LOS objects, 23% free, 51MB/67MB, paused 1.551ms total 46.945ms
08-05 23:45:00.066 30584 30617 I art     : Starting a blocking GC Explicit
08-05 23:45:00.113 30584 30617 I art     : Explicit concurrent mark sweep GC freed 21(656B) AllocSpace objects, 0(0B) LOS objects, 23% free, 51MB/67MB, paused 1.401ms total 46.001ms
08-05 23:45:00.225 26613 26613 I ServiceManager: Waiting for service AtCmdFwd...
08-05 23:45:00.471 30584 30597 I art     : Starting a blocking GC Explicit
08-05 23:45:00.529 30584 30597 I art     : Explicit concurrent mark sweep GC freed 1430(82KB) AllocSpace objects, 1(20KB) LOS objects, 23% free, 51MB/67MB, paused 1.816ms total 57.143ms
08-05 23:45:00.547 30584 30597 I art     : Starting a blocking GC Explicit
08-05 23:45:00.594 30584 30597 I art     : Explicit concurrent mark sweep GC freed 61(1824B) AllocSpace objects, 0(0B) LOS objects, 23% free, 51MB/67MB, paused 1.390ms total 46.734ms
08-05 23:45:00.609 30584 30597 I art     : Starting a blocking GC Explicit
08-05 23:45:00.661 30584 30597 I art     : Explicit concurrent mark sweep GC freed 9(288B) AllocSpace objects, 0(0B) LOS objects, 23% free, 51MB/67MB, paused 1.576ms total 50.928ms
08-05 23:45:00.677 30584 30597 I art     : Starting a blocking GC Explicit
08-05 23:45:00.729 30584 30597 I art     : Explicit concurrent mark sweep GC freed 13(416B) AllocSpace objects, 0(0B) LOS objects, 23% free, 51MB/67MB, paused 1.461ms total 51.222ms
08-05 23:45:00.745 30584 30597 I art     : Starting a blocking GC Explicit
08-05 23:45:00.798 30584 30597 I art     : Explicit concurrent mark sweep GC freed 11(352B) AllocSpace objects, 0(0B) LOS objects, 23% free, 51MB/67MB, paused 1.699ms total 52.583ms
08-05 23:45:01.192 30584 30617 I art     : Starting a blocking GC Explicit
08-05 23:45:01.225 26613 26613 W Atfwd_Sendcmd: AtCmdFwd service not published, waiting... retryCnt : 3
08-05 23:45:01.248 30584 30617 I art     : Explicit concurrent mark sweep GC freed 1441(82KB) AllocSpace objects, 1(20KB) LOS objects, 23% free, 51MB/67MB, paused 1.621ms total 55.842ms
08-05 23:45:01.265 30584 30617 I art     : Starting a blocking GC Explicit
08-05 23:45:01.318 30584 30617 I art     : Explicit concurrent mark sweep GC freed 39(1264B) AllocSpace objects, 0(0B) LOS objects, 23% free, 51MB/67MB, paused 1.704ms total 53.519ms
08-05 23:45:01.333 30584 30617 I art     : Starting a blocking GC Explicit
08-05 23:45:01.385 30584 30617 I art     : Explicit concurrent mark sweep GC freed 19(608B) AllocSpace objects, 0(0B) LOS objects, 23% free, 51MB/67MB, paused 1.515ms total 51.073ms
08-05 23:45:01.402 30584 30617 I art     : Starting a blocking GC Explicit
08-05 23:45:01.456 30584 30617 I art     : Explicit concurrent mark sweep GC freed 19(608B) AllocSpace objects, 0(0B) LOS objects, 23% free, 51MB/67MB, paused 1.580ms total 53.998ms
08-05 23:45:01.472 30584 30617 I art     : Starting a blocking GC Explicit
08-05 23:45:01.525 30584 30617 I art     : Explicit concurrent mark sweep GC freed 6(192B) AllocSpace objects, 0(0B) LOS objects, 23% free, 51MB/67MB, paused 1.445ms total 52.863ms
08-05 23:45:01.920 30584 31025 I art     : Starting a blocking GC Explicit
08-05 23:45:01.986 30584 31025 I art     : Explicit concurrent mark sweep GC freed 1410(81KB) AllocSpace objects, 1(20KB) LOS objects, 23% free, 51MB/67MB, paused 1.753ms total 64.851ms
08-05 23:45:02.003 30584 31025 I art     : Starting a blocking GC Explicit
08-05 23:45:02.062 30584 31025 I art     : Explicit concurrent mark sweep GC freed 23(752B) AllocSpace objects, 0(0B) LOS objects, 23% free, 51MB/67MB, paused 1.626ms total 58.296ms
08-05 23:45:02.077 30584 31025 I art     : Starting a blocking GC Explicit
08-05 23:45:02.136 30584 31025 I art     : Explicit concurrent mark sweep GC freed 3(96B) AllocSpace objects, 0(0B) LOS objects, 23% free, 51MB/67MB, paused 1.695ms total 59.017ms
08-05 23:45:02.155 30584 31025 I art     : Starting a blocking GC Explicit
08-05 23:45:02.212 30584 31025 I art     : Explicit concurrent mark sweep GC freed 3(96B) AllocSpace objects, 0(0B) LOS objects, 23% free, 51MB/67MB, paused 1.649ms total 56.346ms
08-05 23:45:02.228 30584 31025 I art     : Starting a blocking GC Explicit
08-05 23:45:02.288 30584 31025 I art     : Explicit concurrent mark sweep GC freed 3(96B) AllocSpace objects, 0(0B) LOS objects, 23% free, 51MB/67MB, paused 1.836ms total 59.849ms
08-05 23:45:02.681 30584 30596 I art     : Starting a blocking GC Explicit
08-05 23:45:02.751 30584 30596 I art     : Explicit concurrent mark sweep GC freed 1411(82KB) AllocSpace objects, 1(20KB) LOS objects, 23% free, 51MB/67MB, paused 1.819ms total 69.721ms
08-05 23:45:02.770 30584 30596 I art     : Starting a blocking GC Explicit
08-05 23:45:02.828 30584 30596 I art     : Explicit concurrent mark sweep GC freed 23(752B) AllocSpace objects, 0(0B) LOS objects, 23% free, 51MB/67MB, paused 1.818ms total 57.669ms
08-05 23:45:02.844 30584 30596 I art     : Starting a blocking GC Explicit
08-05 23:45:02.905 30584 30596 I art     : Explicit concurrent mark sweep GC freed 3(96B) AllocSpace objects, 0(0B) LOS objects, 23% free, 51MB/67MB, paused 1.754ms total 61.331ms
08-05 23:45:02.925 30584 30596 I art     : Starting a blocking GC Explicit
08-05 23:45:02.981 30584 30596 I art     : Explicit concurrent mark sweep GC freed 3(96B) AllocSpace objects, 0(0B) LOS objects, 23% free, 51MB/67MB, paused 1.683ms total 56.356ms
08-05 23:45:02.997 30584 30596 I art     : Starting a blocking GC Explicit
08-05 23:45:03.056 30584 30596 I art     : Explicit concurrent mark sweep GC freed 3(96B) AllocSpace objects, 0(0B) LOS objects, 23% free, 51MB/67MB, paused 1.651ms total 59.140ms
08-05 23:45:03.469 30584 31162 I art     : Starting a blocking GC Explicit
08-05 23:45:03.520 30584 31162 I art     : Explicit concurrent mark sweep GC freed 1382(81KB) AllocSpace objects, 1(20KB) LOS objects, 23% free, 51MB/67MB, paused 1.697ms total 51.066ms
08-05 23:45:03.535 30584 31162 I art     : Starting a blocking GC Explicit
08-05 23:45:03.585 30584 31162 I art     : Explicit concurrent mark sweep GC freed 23(752B) AllocSpace objects, 0(0B) LOS objects, 23% free, 51MB/67MB, paused 1.605ms total 49.802ms
08-05 23:45:03.600 30584 31162 I art     : Starting a blocking GC Explicit
08-05 23:45:03.657 30584 31162 I art     : Explicit concurrent mark sweep GC freed 32(880B) AllocSpace objects, 0(0B) LOS objects, 23% free, 51MB/67MB, paused 1.654ms total 56.078ms
08-05 23:45:03.672 30584 31162 I art     : Starting a blocking GC Explicit
08-05 23:45:03.727 30584 31162 I art     : Explicit concurrent mark sweep GC freed 3(96B) AllocSpace objects, 0(0B) LOS objects, 23% free, 51MB/67MB, paused 1.654ms total 54.192ms
08-05 23:45:03.742 30584 31162 I art     : Starting a blocking GC Explicit
08-05 23:45:03.796 30584 31162 I art     : Explicit concurrent mark sweep GC freed 3(96B) AllocSpace objects, 0(0B) LOS objects, 23% free, 51MB/67MB, paused 1.615ms total 54.639ms
08-05 23:45:04.000  1242  1242 D AndroidRuntime: >>>>>> START com.android.internal.os.RuntimeInit uid 2000 <<<<<<
08-05 23:45:04.006  1242  1242 D AndroidRuntime: CheckJNI is OFF
08-05 23:45:04.048  1242  1242 D ICU     : No timezone override file found: /data/misc/zoneinfo/current/icu/icu_tzdata.dat
08-05 23:45:04.090  1242  1242 I Radio-JNI: register_android_hardware_Radio DONE
08-05 23:45:04.119  1242  1242 D AndroidRuntime: Calling main entry com.android.commands.input.Input
08-05 23:45:04.120  1242  1242 I Input   : injectKeyEvent: KeyEvent { action=ACTION_DOWN, keyCode=KEYCODE_BACK, scanCode=0, metaState=0, flags=0x0, repeatCount=0, eventTime=834320534, downTime=834320534, deviceId=-1, source=0x101 }
08-05 23:45:04.125  1242  1242 I Input   : injectKeyEvent: KeyEvent { action=ACTION_UP, keyCode=KEYCODE_BACK, scanCode=0, metaState=0, flags=0x0, repeatCount=0, eventTime=834320534, downTime=834320534, deviceId=-1, source=0x101 }
08-05 23:45:04.148 30584 30584 D ItemlistFragment: onEventMainThread() called with: event = [DownloadEvent{update=DownloaderUpdate{downloaders=[], feedIds=[], mediaIds=[]}}]
08-05 23:45:04.149 30584 31149 D DBReader: getFeed() called with: feedId = [2]
08-05 23:45:04.150  1242  1242 D AndroidRuntime: Shutting down VM
08-05 23:45:04.151   918  3263 D ConnectivityService: releasing NetworkRequest NetworkRequest [ id=3622, legacyType=-1, [ Capabilities: INTERNET&NOT_RESTRICTED&TRUSTED] ]
08-05 23:45:04.151 30584 31149 D DBReader: getFeedItemList() called with: feed = [baseline.de.danoeh.antennapod.core.feed.Feed@2]
08-05 23:45:04.179 30584 30584 D FeedMenuHandler: Preparing options menu
08-05 23:45:04.202 30584 30617 I art     : Starting a blocking GC Explicit
08-05 23:45:04.235 30584 31555 D ApOkHttpUrlLoader: buildLoadData() called with: model = [http://static.libsyn.com/p/assets/7/1/f/3/71f3014e14ef2722/JREiTunesImage2.jpg], width = [1440], height = [462]
08-05 23:45:04.262 13866 13866 I GoogleInputMethodServic: GoogleInputMethodService.onFinishInput():3138 
08-05 23:45:04.262 13866 13866 I GoogleInputMethodServic: GoogleInputMethodService.onStartInput():1808 
08-05 23:45:04.267 30584 30617 I art     : Explicit concurrent mark sweep GC freed 6602(337KB) AllocSpace objects, 1(20KB) LOS objects, 22% free, 56MB/72MB, paused 2.260ms total 64.907ms
08-05 23:45:04.275 30584 31149 W PodDBAdapter: Length of id array is larger than 800. Creating multiple cursors
08-05 23:45:04.283 30584 30617 I art     : Starting a blocking GC Explicit
08-05 23:45:04.340 30584 30617 I art     : Explicit concurrent mark sweep GC freed 6898(465KB) AllocSpace objects, 7(3MB) LOS objects, 23% free, 53MB/69MB, paused 1.635ms total 57.448ms
08-05 23:45:04.357 30584 30617 I art     : Starting a blocking GC Explicit
08-05 23:45:04.371 30584 31149 D DBReader: getFavoriteIDList() called
08-05 23:45:04.372 30584 31149 D DBReader: getQueueIDList() called
08-05 23:45:04.373 30584 31149 D DBReader: Extracting Feedlist
08-05 23:45:04.377 30584 31555 D ApOkHttpUrlLoader: buildLoadData() called with: model = [http://static.libsyn.com/p/assets/7/1/f/3/71f3014e14ef2722/JREiTunesImage2.jpg], width = [1440], height = [462]
08-05 23:45:04.403 30584 30584 D FeedMenuHandler: Preparing options menu
08-05 23:45:04.413 30584 30617 I art     : Explicit concurrent mark sweep GC freed 32365(2043KB) AllocSpace objects, 0(0B) LOS objects, 22% free, 54MB/70MB, paused 2.150ms total 55.412ms
08-05 23:45:04.427 30584 30617 I art     : Starting a blocking GC Explicit
08-05 23:45:04.474 30584 30617 I art     : Explicit concurrent mark sweep GC freed 2646(109KB) AllocSpace objects, 1(16KB) LOS objects, 22% free, 54MB/70MB, paused 1.530ms total 46.816ms
08-05 23:45:04.488 30584 30617 I art     : Starting a blocking GC Explicit
08-05 23:45:04.537 30584 30617 I art     : Explicit concurrent mark sweep GC freed 977(68KB) AllocSpace objects, 0(0B) LOS objects, 22% free, 54MB/70MB, paused 1.497ms total 48.186ms
08-05 23:45:04.887 30584 31162 I art     : Starting a blocking GC Explicit
08-05 23:45:04.950 30584 31162 I art     : Explicit concurrent mark sweep GC freed 1527(90KB) AllocSpace objects, 1(20KB) LOS objects, 22% free, 54MB/70MB, paused 1.575ms total 62.712ms
08-05 23:45:04.967 30584 31162 I art     : Starting a blocking GC Explicit
08-05 23:45:05.019 30584 31162 I art     : Explicit concurrent mark sweep GC freed 25(832B) AllocSpace objects, 0(0B) LOS objects, 22% free, 54MB/70MB, paused 1.465ms total 52.464ms
08-05 23:45:05.035 30584 31162 I art     : Starting a blocking GC Explicit
08-05 23:45:05.087 30584 31162 I art     : Explicit concurrent mark sweep GC freed 3(96B) AllocSpace objects, 0(0B) LOS objects, 22% free, 54MB/70MB, paused 1.499ms total 52.496ms
08-05 23:45:05.103 30584 31162 I art     : Starting a blocking GC Explicit
08-05 23:45:05.156 30584 31162 I art     : Explicit concurrent mark sweep GC freed 3(96B) AllocSpace objects, 0(0B) LOS objects, 22% free, 54MB/70MB, paused 1.431ms total 52.951ms
08-05 23:45:05.171 30584 31162 I art     : Starting a blocking GC Explicit
08-05 23:45:05.224 30584 31162 I art     : Explicit concurrent mark sweep GC freed 3(96B) AllocSpace objects, 0(0B) LOS objects, 22% free, 54MB/70MB, paused 1.435ms total 52.158ms
08-05 23:45:05.568 30584 30597 I art     : Starting a blocking GC Explicit
08-05 23:45:05.625 30584 30597 I art     : Explicit concurrent mark sweep GC freed 1411(83KB) AllocSpace objects, 1(20KB) LOS objects, 22% free, 54MB/70MB, paused 1.592ms total 56.849ms
08-05 23:45:05.642 30584 30597 I art     : Starting a blocking GC Explicit
08-05 23:45:05.693 30584 30597 I art     : Explicit concurrent mark sweep GC freed 23(752B) AllocSpace objects, 0(0B) LOS objects, 22% free, 54MB/70MB, paused 1.406ms total 49.882ms
08-05 23:45:05.707 30584 30597 I art     : Starting a blocking GC Explicit
08-05 23:45:05.758 30584 30597 I art     : Explicit concurrent mark sweep GC freed 4(128B) AllocSpace objects, 0(0B) LOS objects, 22% free, 54MB/70MB, paused 1.518ms total 50.205ms
08-05 23:45:05.775 30584 30597 I art     : Starting a blocking GC Explicit
08-05 23:45:05.829 30584 30597 I art     : Explicit concurrent mark sweep GC freed 11(352B) AllocSpace objects, 0(0B) LOS objects, 22% free, 54MB/70MB, paused 1.396ms total 54.141ms
08-05 23:45:05.845 30584 30597 I art     : Starting a blocking GC Explicit
08-05 23:45:05.895 30584 30597 I art     : Explicit concurrent mark sweep GC freed 12(384B) AllocSpace objects, 0(0B) LOS objects, 22% free, 54MB/70MB, paused 1.398ms total 49.933ms
08-05 23:45:05.958  1281  1281 D AndroidRuntime: >>>>>> START com.android.internal.os.RuntimeInit uid 2000 <<<<<<
08-05 23:45:05.964  1281  1281 D AndroidRuntime: CheckJNI is OFF
08-05 23:45:06.005  1281  1281 D ICU     : No timezone override file found: /data/misc/zoneinfo/current/icu/icu_tzdata.dat
08-05 23:45:06.049  1281  1281 I Radio-JNI: register_android_hardware_Radio DONE
08-05 23:45:06.078  1281  1281 D AndroidRuntime: Calling main entry com.android.commands.input.Input
08-05 23:45:06.080  1281  1281 I Input   : injectMotionEvent: MotionEvent { action=ACTION_DOWN, actionButton=0, id[0]=0, x[0]=103.0, y[0]=192.0, toolType[0]=TOOL_TYPE_UNKNOWN, buttonState=0, metaState=0, flags=0x0, edgeFlags=0x0, pointerCount=1, historySize=0, eventTime=834322492, downTime=834322492, deviceId=0, source=0x1002 }
08-05 23:45:06.086  1281  1281 I Input   : injectMotionEvent: MotionEvent { action=ACTION_UP, actionButton=0, id[0]=0, x[0]=103.0, y[0]=192.0, toolType[0]=TOOL_TYPE_UNKNOWN, buttonState=0, metaState=0, flags=0x0, edgeFlags=0x0, pointerCount=1, historySize=0, eventTime=834322492, downTime=834322492, deviceId=0, source=0x1002 }
08-05 23:45:06.088  1281  1281 D AndroidRuntime: Shutting down VM
08-05 23:45:06.099   512  2967 D audio_hw_primary: out_set_parameters: enter: usecase(1: low-latency-playback) kvpairs: routing=2
08-05 23:45:06.113   512  2967 D audio_hw_primary: select_devices: out_snd_device(2: speaker) in_snd_device(0: none)
08-05 23:45:06.113   512  2967 D msm8974_platform: platform_send_audio_calibration: sending audio calibration for snd_device(2) acdb_id(15)
08-05 23:45:06.113   512  2967 I soundtrigger: audio_extn_sound_trigger_update_device_status: device 0x2 of type 0 for Event 1
08-05 23:45:06.125   512  2967 D audio_hw_primary: enable_snd_device: snd_device(2: speaker)
08-05 23:45:06.127   512  2967 D audio_hw_primary: enable_audio_route: apply and update mixer path: low-latency-playback speaker
08-05 23:45:06.246 30584 31025 I art     : Starting a blocking GC Explicit
08-05 23:45:06.302 30584 31025 I art     : Explicit concurrent mark sweep GC freed 1816(103KB) AllocSpace objects, 1(20KB) LOS objects, 22% free, 54MB/70MB, paused 1.624ms total 55.029ms
08-05 23:45:06.319 30584 31025 I art     : Starting a blocking GC Explicit
08-05 23:45:06.368 30584 31025 I art     : Explicit concurrent mark sweep GC freed 35(1296B) AllocSpace objects, 0(0B) LOS objects, 22% free, 54MB/70MB, paused 1.469ms total 49.037ms
08-05 23:45:06.382 30584 31025 I art     : Starting a blocking GC Explicit
08-05 23:45:06.427 30584 31025 I art     : Explicit concurrent mark sweep GC freed 5(160B) AllocSpace objects, 0(0B) LOS objects, 22% free, 54MB/70MB, paused 1.403ms total 44.500ms
08-05 23:45:06.441 30584 31025 I art     : Starting a blocking GC Explicit
08-05 23:45:06.489 30584 31025 I art     : Explicit concurrent mark sweep GC freed 3(96B) AllocSpace objects, 0(0B) LOS objects, 22% free, 54MB/70MB, paused 1.325ms total 48.260ms
08-05 23:45:06.504 30584 31025 I art     : Starting a blocking GC Explicit
08-05 23:45:06.553 30584 31025 I art     : Explicit concurrent mark sweep GC freed 12(416B) AllocSpace objects, 0(0B) LOS objects, 22% free, 54MB/70MB, paused 1.341ms total 48.794ms
08-05 23:45:06.669   512  2967 D audio_hw_primary: disable_audio_route: reset and update mixer path: low-latency-playback speaker
08-05 23:45:06.670   512  2967 D audio_hw_primary: disable_snd_device: snd_device(2: speaker)
08-05 23:45:06.678   512  2967 I soundtrigger: audio_extn_sound_trigger_update_device_status: device 0x2 of type 0 for Event 0
08-05 23:45:06.909 30584 30596 I art     : Starting a blocking GC Explicit
08-05 23:45:06.980 30584 30596 I art     : Explicit concurrent mark sweep GC freed 2115(107KB) AllocSpace objects, 1(20KB) LOS objects, 22% free, 54MB/70MB, paused 1.653ms total 70.291ms
08-05 23:45:06.998 30584 30596 I art     : Starting a blocking GC Explicit
08-05 23:45:07.051 30584 30596 I art     : Explicit concurrent mark sweep GC freed 25(816B) AllocSpace objects, 0(0B) LOS objects, 22% free, 54MB/70MB, paused 1.555ms total 52.659ms
08-05 23:45:07.066 30584 30596 I art     : Starting a blocking GC Explicit
08-05 23:45:07.119 30584 30596 I art     : Explicit concurrent mark sweep GC freed 3(96B) AllocSpace objects, 0(0B) LOS objects, 22% free, 54MB/70MB, paused 1.472ms total 52.899ms
08-05 23:45:07.134 30584 30596 I art     : Starting a blocking GC Explicit
08-05 23:45:07.188 30584 30596 I art     : Explicit concurrent mark sweep GC freed 3(96B) AllocSpace objects, 0(0B) LOS objects, 22% free, 54MB/70MB, paused 1.521ms total 53.138ms
08-05 23:45:07.203 30584 30596 I art     : Starting a blocking GC Explicit
08-05 23:45:07.255 30584 30596 I art     : Explicit concurrent mark sweep GC freed 3(96B) AllocSpace objects, 0(0B) LOS objects, 22% free, 54MB/70MB, paused 1.415ms total 52.152ms
08-05 23:45:07.588 30584 30597 I art     : Starting a blocking GC Explicit
08-05 23:45:07.642 30584 30597 I art     : Explicit concurrent mark sweep GC freed 2299(114KB) AllocSpace objects, 1(20KB) LOS objects, 22% free, 54MB/70MB, paused 1.456ms total 53.007ms
08-05 23:45:07.657 30584 30597 I art     : Starting a blocking GC Explicit
08-05 23:45:07.708 30584 30597 I art     : Explicit concurrent mark sweep GC freed 23(752B) AllocSpace objects, 0(0B) LOS objects, 22% free, 54MB/70MB, paused 1.511ms total 51.360ms
08-05 23:45:07.723 30584 30597 I art     : Starting a blocking GC Explicit
08-05 23:45:07.774 30584 30597 I art     : Explicit concurrent mark sweep GC freed 7(224B) AllocSpace objects, 0(0B) LOS objects, 22% free, 54MB/70MB, paused 1.518ms total 49.904ms
08-05 23:45:07.774 30584 30595 I art     : WaitForGcToComplete blocked for 21.853ms for cause HeapTrim
08-05 23:45:07.788 30584 30597 I art     : Starting a blocking GC Explicit
08-05 23:45:07.839 30584 30597 I art     : Explicit concurrent mark sweep GC freed 11(352B) AllocSpace objects, 0(0B) LOS objects, 22% free, 54MB/70MB, paused 1.534ms total 50.590ms
08-05 23:45:07.854 30584 30597 I art     : Starting a blocking GC Explicit
08-05 23:45:07.887  1331  1331 D AndroidRuntime: >>>>>> START com.android.internal.os.RuntimeInit uid 2000 <<<<<<
08-05 23:45:07.893  1331  1331 D AndroidRuntime: CheckJNI is OFF
08-05 23:45:07.904 30584 30597 I art     : Explicit concurrent mark sweep GC freed 11(352B) AllocSpace objects, 0(0B) LOS objects, 22% free, 54MB/70MB, paused 1.347ms total 49.859ms
08-05 23:45:07.937  1331  1331 D ICU     : No timezone override file found: /data/misc/zoneinfo/current/icu/icu_tzdata.dat
08-05 23:45:07.979  1331  1331 I Radio-JNI: register_android_hardware_Radio DONE
08-05 23:45:08.008  1331  1331 D AndroidRuntime: Calling main entry com.android.commands.input.Input
08-05 23:45:08.011  1331  1331 I Input   : injectMotionEvent: MotionEvent { action=ACTION_DOWN, actionButton=0, id[0]=0, x[0]=409.0, y[0]=1034.0, toolType[0]=TOOL_TYPE_UNKNOWN, buttonState=0, metaState=0, flags=0x0, edgeFlags=0x0, pointerCount=1, historySize=0, eventTime=834324423, downTime=834324423, deviceId=0, source=0x1002 }
08-05 23:45:08.016  1331  1331 I Input   : injectMotionEvent: MotionEvent { action=ACTION_UP, actionButton=0, id[0]=0, x[0]=409.0, y[0]=1034.0, toolType[0]=TOOL_TYPE_UNKNOWN, buttonState=0, metaState=0, flags=0x0, edgeFlags=0x0, pointerCount=1, historySize=0, eventTime=834324423, downTime=834324423, deviceId=0, source=0x1002 }
08-05 23:45:08.019  1331  1331 D AndroidRuntime: Shutting down VM
08-05 23:45:08.086 30584 30584 D MainActivity: loadFragment(index: 5, args: null)
08-05 23:45:08.086 30584 30584 D MainActivity: loadFragment(tag: AddFeedFragment, args: null)
08-05 23:45:08.087   512  2967 D audio_hw_primary: out_set_parameters: enter: usecase(1: low-latency-playback) kvpairs: routing=2
08-05 23:45:08.087 30584 30584 D MainActivity: saveLastNavFragment(tag: AddFeedFragment)
08-05 23:45:08.087 30584 30584 D MainActivity: getLastNavFragment() -> AddFeedFragment
08-05 23:45:08.100   512  2967 D audio_hw_primary: select_devices: out_snd_device(2: speaker) in_snd_device(0: none)
08-05 23:45:08.101   512  2967 D msm8974_platform: platform_send_audio_calibration: sending audio calibration for snd_device(2) acdb_id(15)
08-05 23:45:08.101   512  2967 I soundtrigger: audio_extn_sound_trigger_update_device_status: device 0x2 of type 0 for Event 1
08-05 23:45:08.112   512  2967 D audio_hw_primary: enable_snd_device: snd_device(2: speaker)
08-05 23:45:08.113   512  2967 D audio_hw_primary: enable_audio_route: apply and update mixer path: low-latency-playback speaker
08-05 23:45:08.127 13866 13866 I GoogleInputMethodServic: GoogleInputMethodService.onFinishInput():3138 
08-05 23:45:08.128 13866 13866 I GoogleInputMethodServic: GoogleInputMethodService.onStartInput():1808 
08-05 23:45:08.238 30584 30597 I art     : Starting a blocking GC Explicit
08-05 23:45:08.291 30584 30597 I art     : Explicit concurrent mark sweep GC freed 3818(200KB) AllocSpace objects, 2(40KB) LOS objects, 22% free, 54MB/70MB, paused 1.533ms total 52.340ms
08-05 23:45:08.306 30584 30597 I art     : Starting a blocking GC Explicit
08-05 23:45:08.348 30584 30597 I art     : Explicit concurrent mark sweep GC freed 31431(2MB) AllocSpace objects, 9(3MB) LOS objects, 24% free, 48MB/64MB, paused 1.333ms total 42.277ms
08-05 23:45:08.360 30584 30597 I art     : Starting a blocking GC Explicit
08-05 23:45:08.396 30584 30597 I art     : Explicit concurrent mark sweep GC freed 3(96B) AllocSpace objects, 0(0B) LOS objects, 24% free, 48MB/64MB, paused 1.339ms total 35.269ms
08-05 23:45:08.408 30584 30597 I art     : Starting a blocking GC Explicit
08-05 23:45:08.443 30584 30597 I art     : Explicit concurrent mark sweep GC freed 3(96B) AllocSpace objects, 0(0B) LOS objects, 24% free, 48MB/64MB, paused 1.325ms total 35.255ms
08-05 23:45:08.456 30584 30597 I art     : Starting a blocking GC Explicit
08-05 23:45:08.493 30584 30597 I art     : Explicit concurrent mark sweep GC freed 11(352B) AllocSpace objects, 0(0B) LOS objects, 24% free, 48MB/64MB, paused 1.331ms total 36.481ms
08-05 23:45:08.525 13866 13866 I GoogleInputMethodServic: GoogleInputMethodService.onFinishInput():3138 
08-05 23:45:08.526 13866 13866 I GoogleInputMethodServic: GoogleInputMethodService.onStartInput():1808 
08-05 23:45:08.649   512  2967 D audio_hw_primary: disable_audio_route: reset and update mixer path: low-latency-playback speaker
08-05 23:45:08.653   512  2967 D audio_hw_primary: disable_snd_device: snd_device(2: speaker)
08-05 23:45:08.660   512  2967 I soundtrigger: audio_extn_sound_trigger_update_device_status: device 0x2 of type 0 for Event 0
08-05 23:45:08.845 30584 30596 I art     : Starting a blocking GC Explicit
08-05 23:45:08.888 30584 30596 I art     : Explicit concurrent mark sweep GC freed 1658(93KB) AllocSpace objects, 1(20KB) LOS objects, 24% free, 48MB/64MB, paused 1.375ms total 42.126ms
08-05 23:45:08.901 30584 30596 I art     : Starting a blocking GC Explicit
08-05 23:45:08.939 30584 30596 I art     : Explicit concurrent mark sweep GC freed 114(6KB) AllocSpace objects, 0(0B) LOS objects, 24% free, 48MB/64MB, paused 1.317ms total 38.175ms
08-05 23:45:08.952 30584 30596 I art     : Starting a blocking GC Explicit
08-05 23:45:08.990 30584 30596 I art     : Explicit concurrent mark sweep GC freed 5(160B) AllocSpace objects, 0(0B) LOS objects, 24% free, 48MB/64MB, paused 1.348ms total 38.195ms
08-05 23:45:09.003 30584 30596 I art     : Starting a blocking GC Explicit
08-05 23:45:09.044 30584 30596 I art     : Explicit concurrent mark sweep GC freed 3(96B) AllocSpace objects, 0(0B) LOS objects, 24% free, 48MB/64MB, paused 1.429ms total 41.044ms
08-05 23:45:09.057 30584 30596 I art     : Starting a blocking GC Explicit
08-05 23:45:09.097 30584 30596 I art     : Explicit concurrent mark sweep GC freed 3(96B) AllocSpace objects, 0(0B) LOS objects, 24% free, 48MB/64MB, paused 1.355ms total 39.812ms
08-05 23:45:09.438 30584 31025 I art     : Starting a blocking GC Explicit
08-05 23:45:09.482 30584 31025 I art     : Explicit concurrent mark sweep GC freed 1380(81KB) AllocSpace objects, 1(20KB) LOS objects, 24% free, 48MB/64MB, paused 1.454ms total 43.049ms
08-05 23:45:09.494 30584 31025 I art     : Starting a blocking GC Explicit
08-05 23:45:09.534 30584 31025 I art     : Explicit concurrent mark sweep GC freed 23(752B) AllocSpace objects, 0(0B) LOS objects, 24% free, 48MB/64MB, paused 1.419ms total 39.533ms
08-05 23:45:09.547 30584 31025 I art     : Starting a blocking GC Explicit
08-05 23:45:09.586 30584 31025 I art     : Explicit concurrent mark sweep GC freed 3(96B) AllocSpace objects, 0(0B) LOS objects, 24% free, 48MB/64MB, paused 1.445ms total 38.888ms
08-05 23:45:09.598 30584 31025 I art     : Starting a blocking GC Explicit
08-05 23:45:09.638 30584 31025 I art     : Explicit concurrent mark sweep GC freed 32(880B) AllocSpace objects, 0(0B) LOS objects, 24% free, 48MB/64MB, paused 1.598ms total 39.354ms
08-05 23:45:09.651 30584 31025 I art     : Starting a blocking GC Explicit
08-05 23:45:09.691 30584 31025 I art     : Explicit concurrent mark sweep GC freed 22(1104B) AllocSpace objects, 0(0B) LOS objects, 24% free, 48MB/64MB, paused 1.403ms total 40.014ms
08-05 23:45:09.823  1379  1379 D AndroidRuntime: >>>>>> START com.android.internal.os.RuntimeInit uid 2000 <<<<<<
08-05 23:45:09.829  1379  1379 D AndroidRuntime: CheckJNI is OFF
08-05 23:45:09.870  1379  1379 D ICU     : No timezone override file found: /data/misc/zoneinfo/current/icu/icu_tzdata.dat
08-05 23:45:09.911  1379  1379 I Radio-JNI: register_android_hardware_Radio DONE
08-05 23:45:09.940  1379  1379 D AndroidRuntime: Calling main entry com.android.commands.input.Input
08-05 23:45:09.942  1379  1379 I Input   : injectMotionEvent: MotionEvent { action=ACTION_DOWN, actionButton=0, id[0]=0, x[0]=603.0, y[0]=1061.0, toolType[0]=TOOL_TYPE_UNKNOWN, buttonState=0, metaState=0, flags=0x0, edgeFlags=0x0, pointerCount=1, historySize=0, eventTime=834326354, downTime=834326354, deviceId=0, source=0x1002 }
08-05 23:45:09.946  1379  1379 I Input   : injectMotionEvent: MotionEvent { action=ACTION_UP, actionButton=0, id[0]=0, x[0]=603.0, y[0]=1061.0, toolType[0]=TOOL_TYPE_UNKNOWN, buttonState=0, metaState=0, flags=0x0, edgeFlags=0x0, pointerCount=1, historySize=0, eventTime=834326354, downTime=834326354, deviceId=0, source=0x1002 }
08-05 23:45:09.948  1379  1379 D AndroidRuntime: Shutting down VM
08-05 23:45:09.956   512  2967 D audio_hw_primary: out_set_parameters: enter: usecase(1: low-latency-playback) kvpairs: routing=2
08-05 23:45:09.970   512  2967 D audio_hw_primary: select_devices: out_snd_device(2: speaker) in_snd_device(0: none)
08-05 23:45:09.970   512  2967 D msm8974_platform: platform_send_audio_calibration: sending audio calibration for snd_device(2) acdb_id(15)
08-05 23:45:09.970   512  2967 I soundtrigger: audio_extn_sound_trigger_update_device_status: device 0x2 of type 0 for Event 1
08-05 23:45:09.980   512  2967 D audio_hw_primary: enable_snd_device: snd_device(2: speaker)
08-05 23:45:09.981   512  2967 D audio_hw_primary: enable_audio_route: apply and update mixer path: low-latency-playback speaker
08-05 23:45:10.030 13866 13866 I GoogleInputMethodServic: GoogleInputMethodService.onFinishInput():3138 
08-05 23:45:10.031 13866 13866 I GoogleInputMethodServic: GoogleInputMethodService.onStartInput():1808 
08-05 23:45:10.053 30584 30597 I art     : Starting a blocking GC Explicit
08-05 23:45:10.096 30584 30597 I art     : Explicit concurrent mark sweep GC freed 4693(331KB) AllocSpace objects, 1(20KB) LOS objects, 24% free, 49MB/65MB, paused 1.522ms total 42.532ms
08-05 23:45:10.109 30584 30597 I art     : Starting a blocking GC Explicit
08-05 23:45:10.150 30584 30597 I art     : Explicit concurrent mark sweep GC freed 1890(98KB) AllocSpace objects, 1(220KB) LOS objects, 24% free, 49MB/65MB, paused 1.615ms total 40.171ms
08-05 23:45:10.162 30584 30597 I art     : Starting a blocking GC Explicit
08-05 23:45:10.201 30584 30597 I art     : Explicit concurrent mark sweep GC freed 49(1952B) AllocSpace objects, 0(0B) LOS objects, 24% free, 49MB/65MB, paused 1.451ms total 39.164ms
08-05 23:45:10.213 30584 30597 I art     : Starting a blocking GC Explicit
08-05 23:45:10.253 30584 30597 I art     : Explicit concurrent mark sweep GC freed 34(1280B) AllocSpace objects, 0(0B) LOS objects, 24% free, 49MB/65MB, paused 1.928ms total 39.468ms
08-05 23:45:10.265 30584 30597 I art     : Starting a blocking GC Explicit
08-05 23:45:10.306 30584 30597 I art     : Explicit concurrent mark sweep GC freed 36(1376B) AllocSpace objects, 0(0B) LOS objects, 24% free, 49MB/65MB, paused 1.874ms total 40.391ms
08-05 23:45:10.518   512  2967 D audio_hw_primary: disable_audio_route: reset and update mixer path: low-latency-playback speaker
08-05 23:45:10.520   512  2967 D audio_hw_primary: disable_snd_device: snd_device(2: speaker)
08-05 23:45:10.528   512  2967 I soundtrigger: audio_extn_sound_trigger_update_device_status: device 0x2 of type 0 for Event 0
08-05 23:45:10.647 30584 31025 I art     : Starting a blocking GC Explicit
08-05 23:45:10.689 30584 31025 I art     : Explicit concurrent mark sweep GC freed 1558(87KB) AllocSpace objects, 1(20KB) LOS objects, 24% free, 49MB/65MB, paused 1.884ms total 42.265ms
08-05 23:45:10.702 30584 31025 I art     : Starting a blocking GC Explicit
08-05 23:45:10.743 30584 31025 I art     : Explicit concurrent mark sweep GC freed 136(4KB) AllocSpace objects, 0(0B) LOS objects, 24% free, 49MB/65MB, paused 1.572ms total 40.507ms
08-05 23:45:10.755 30584 31025 I art     : Starting a blocking GC Explicit
08-05 23:45:10.794 30584 31025 I art     : Explicit concurrent mark sweep GC freed 36(1360B) AllocSpace objects, 0(0B) LOS objects, 24% free, 49MB/65MB, paused 1.552ms total 38.618ms
08-05 23:45:10.806 30584 31025 I art     : Starting a blocking GC Explicit
08-05 23:45:10.847 30584 31025 I art     : Explicit concurrent mark sweep GC freed 3313(129KB) AllocSpace objects, 0(0B) LOS objects, 24% free, 49MB/65MB, paused 1.660ms total 40.795ms
08-05 23:45:10.860 30584 31025 I art     : Starting a blocking GC Explicit
08-05 23:45:10.875 30584  1413 I NAPPA_EXPERIMENTATION: MetricNetworkRequestExecutionTime: REQUEST_DURATION_SYSTEM='856',REQUEST_DURATION_OKHTTP='50',REQUEST_SYNCHRONOUS='TRUE',RESPONSE_CODE='200',RESPONSE_METHOD='GET',RESPONSE_LENGTH_OKHTTP='2923',RESPONSE_LENGTH_HEADER='2923',REQUEST_PROTOCOL='http/1.1',REQUEST_URL='https://gpodder.net/api/2/tags/50.json',
08-05 23:45:10.887 30584  1412 I NAPPA_EXPERIMENTATION: MetricNetworkRequestExecutionTime: REQUEST_DURATION_SYSTEM='871',REQUEST_DURATION_OKHTTP='59',REQUEST_SYNCHRONOUS='TRUE',RESPONSE_CODE='200',RESPONSE_METHOD='GET',RESPONSE_LENGTH_OKHTTP='37507',RESPONSE_LENGTH_HEADER='37507',REQUEST_PROTOCOL='http/1.1',REQUEST_URL='https://gpodder.net/toplist/50.json',
08-05 23:45:10.901 30584 31025 I art     : Explicit concurrent mark sweep GC freed 2689(265KB) AllocSpace objects, 2(116KB) LOS objects, 24% free, 49MB/65MB, paused 2.053ms total 41.323ms
08-05 23:45:10.947 30584 31555 D ApOkHttpUrlLoader: buildLoadData() called with: model = [http://sixgun.org/files/linuxoutlaws.jpg], width = [224], height = [224]
08-05 23:45:10.949 30584 31364 D DBReader: getImageAuthentication() called with: imageUrl = [http://sixgun.org/files/linuxoutlaws.jpg]
08-05 23:45:10.952 30584 31364 D ApOkHttpUrlLoader: no credentials for 'http://sixgun.org/files/linuxoutlaws.jpg'
08-05 23:45:10.955 30584 31555 D ApOkHttpUrlLoader: buildLoadData() called with: model = [https://files.thisamericanlife.org/sites/all/themes/thislife/img/tal-name-1400x1400.png], width = [224], height = [224]
08-05 23:45:10.956 30584 31362 D DBReader: getImageAuthentication() called with: imageUrl = [https://files.thisamericanlife.org/sites/all/themes/thislife/img/tal-name-1400x1400.png]
08-05 23:45:10.960 30584 31555 D ApOkHttpUrlLoader: buildLoadData() called with: model = [https://elroy.twit.tv/sites/default/files/styles/twit_album_art_2048x2048/public/images/shows/floss_weekly/album_art/audio/floss_albumart_mask.jpg?itok=IUjxKpwt], width = [224], height = [224]
08-05 23:45:10.961 30584 31362 D ApOkHttpUrlLoader: no credentials for 'https://files.thisamericanlife.org/sites/all/themes/thislife/img/tal-name-1400x1400.png'
08-05 23:45:10.962 30584 31360 D DBReader: getImageAuthentication() called with: imageUrl = [https://elroy.twit.tv/sites/default/files/styles/twit_album_art_2048x2048/public/images/shows/floss_weekly/album_art/audio/floss_albumart_mask.jpg?itok=IUjxKpwt]
08-05 23:45:10.966 30584 31555 D ApOkHttpUrlLoader: buildLoadData() called with: model = [http://ichef.bbci.co.uk/images/ic/3000x3000/p07kfvzb.jpg], width = [224], height = [224]
08-05 23:45:10.966 30584 31360 D ApOkHttpUrlLoader: no credentials for 'https://elroy.twit.tv/sites/default/files/styles/twit_album_art_2048x2048/public/images/shows/floss_weekly/album_art/audio/floss_albumart_mask.jpg?itok=IUjxKpwt'
08-05 23:45:10.967 30584 31363 D DBReader: getImageAuthentication() called with: imageUrl = [http://ichef.bbci.co.uk/images/ic/3000x3000/p07kfvzb.jpg]
08-05 23:45:10.971 30584 31555 D ApOkHttpUrlLoader: buildLoadData() called with: model = [https://pl.tedcdn.com/rss_feed_images/ted_talks_main_podcast/video.png], width = [224], height = [224]
08-05 23:45:10.972 30584 31363 D ApOkHttpUrlLoader: no credentials for 'http://ichef.bbci.co.uk/images/ic/3000x3000/p07kfvzb.jpg'
08-05 23:45:10.973 30584 31356 D DBReader: getImageAuthentication() called with: imageUrl = [https://pl.tedcdn.com/rss_feed_images/ted_talks_main_podcast/video.png]
08-05 23:45:10.976 30584 31555 D ApOkHttpUrlLoader: buildLoadData() called with: model = [https://elroy.twit.tv/sites/default/files/styles/twit_album_art_2048x2048/public/images/shows/this_week_in_tech/album_art/audio/twit1400audio.jpg?itok=J0vhatZb], width = [224], height = [224]
08-05 23:45:10.977 30584 31356 D ApOkHttpUrlLoader: no credentials for 'https://pl.tedcdn.com/rss_feed_images/ted_talks_main_podcast/video.png'
08-05 23:45:10.978 30584 31361 D DBReader: getImageAuthentication() called with: imageUrl = [https://elroy.twit.tv/sites/default/files/styles/twit_album_art_2048x2048/public/images/shows/this_week_in_tech/album_art/audio/twit1400audio.jpg?itok=J0vhatZb]
08-05 23:45:10.981 30584 31555 D ApOkHttpUrlLoader: buildLoadData() called with: model = [http://ichef.bbci.co.uk/images/ic/3000x3000/p03gtk3j.jpg], width = [224], height = [224]
08-05 23:45:10.982 30584 31361 D ApOkHttpUrlLoader: no credentials for 'https://elroy.twit.tv/sites/default/files/styles/twit_album_art_2048x2048/public/images/shows/this_week_in_tech/album_art/audio/twit1400audio.jpg?itok=J0vhatZb'
08-05 23:45:10.982 30584 31358 D DBReader: getImageAuthentication() called with: imageUrl = [http://ichef.bbci.co.uk/images/ic/3000x3000/p03gtk3j.jpg]
08-05 23:45:10.986 30584 31358 D ApOkHttpUrlLoader: no credentials for 'http://ichef.bbci.co.uk/images/ic/3000x3000/p03gtk3j.jpg'
08-05 23:45:11.008 30584 31364 D DBWriter: updateFeedDownloadURL(original: http://sixgun.org/files/linuxoutlaws.jpg, updated: https://fab.industries/sixgun/files/linuxoutlaws.jpg)
08-05 23:45:11.054 30584 31363 D MYTAG   : interceptor 2a
08-05 23:45:11.055 30584 31363 I NAPPA_EXPERIMENTATION: MetricNetworkRequestExecutionTime: REQUEST_DURATION_SYSTEM='82',REQUEST_DURATION_OKHTTP='78',REQUEST_SYNCHRONOUS='TRUE',RESPONSE_CODE='200',RESPONSE_METHOD='GET',RESPONSE_LENGTH_OKHTTP='589826',RESPONSE_LENGTH_HEADER='589826',REQUEST_PROTOCOL='http/1.1',REQUEST_URL='http://ichef.bbci.co.uk/images/ic/3000x3000/p07kfvzb.jpg',
08-05 23:45:11.111 30584 31358 D MYTAG   : interceptor 2a
08-05 23:45:11.112 30584 31358 I NAPPA_EXPERIMENTATION: MetricNetworkRequestExecutionTime: REQUEST_DURATION_SYSTEM='125',REQUEST_DURATION_OKHTTP='120',REQUEST_SYNCHRONOUS='TRUE',RESPONSE_CODE='200',RESPONSE_METHOD='GET',RESPONSE_LENGTH_OKHTTP='814284',RESPONSE_LENGTH_HEADER='814284',REQUEST_PROTOCOL='http/1.1',REQUEST_URL='http://ichef.bbci.co.uk/images/ic/3000x3000/p03gtk3j.jpg',
08-05 23:45:11.234 30584 31362 D MYTAG   : interceptor 2a
08-05 23:45:11.234 30584 31362 I NAPPA_EXPERIMENTATION: MetricNetworkRequestExecutionTime: REQUEST_DURATION_SYSTEM='273',REQUEST_DURATION_OKHTTP='54',REQUEST_SYNCHRONOUS='TRUE',RESPONSE_CODE='200',RESPONSE_METHOD='GET',RESPONSE_LENGTH_OKHTTP='52553',RESPONSE_LENGTH_HEADER='52553',REQUEST_PROTOCOL='http/1.1',REQUEST_URL='https://files.thisamericanlife.org/sites/all/themes/thislife/img/tal-name-1400x1400.png',
08-05 23:45:11.238 30584 31162 I art     : Starting a blocking GC Explicit
08-05 23:45:11.284 30584 31162 I art     : Explicit concurrent mark sweep GC freed 16612(914KB) AllocSpace objects, 2(96KB) LOS objects, 24% free, 50MB/66MB, paused 1.860ms total 45.346ms
08-05 23:45:11.299 30584 31162 I art     : Starting a blocking GC Explicit
08-05 23:45:11.339 30584 31162 I art     : Explicit concurrent mark sweep GC freed 1809(80KB) AllocSpace objects, 0(0B) LOS objects, 24% free, 50MB/66MB, paused 2.019ms total 40.450ms
08-05 23:45:11.351 30584 31162 I art     : Starting a blocking GC Explicit
08-05 23:45:11.386 30584 31356 D MYTAG   : interceptor 2a
08-05 23:45:11.386 30584 31356 I NAPPA_EXPERIMENTATION: MetricNetworkRequestExecutionTime: REQUEST_DURATION_SYSTEM='409',REQUEST_DURATION_OKHTTP='196',REQUEST_SYNCHRONOUS='TRUE',RESPONSE_CODE='200',RESPONSE_METHOD='GET',RESPONSE_LENGTH_OKHTTP='89986',RESPONSE_LENGTH_HEADER='89986',REQUEST_PROTOCOL='h2',REQUEST_URL='https://pl.tedcdn.com/rss_feed_images/ted_talks_main_podcast/video.png',
08-05 23:45:11.392 30584 31162 I art     : Explicit concurrent mark sweep GC freed 502(45KB) AllocSpace objects, 0(0B) LOS objects, 24% free, 50MB/66MB, paused 1.673ms total 40.761ms
08-05 23:45:11.404 30584 31162 I art     : Starting a blocking GC Explicit
08-05 23:45:11.409 30584 31360 D MYTAG   : interceptor 2a
08-05 23:45:11.410 30584 31360 I NAPPA_EXPERIMENTATION: MetricNetworkRequestExecutionTime: REQUEST_DURATION_SYSTEM='443',REQUEST_DURATION_OKHTTP='200',REQUEST_SYNCHRONOUS='TRUE',RESPONSE_CODE='200',RESPONSE_METHOD='GET',RESPONSE_LENGTH_OKHTTP='297964',RESPONSE_LENGTH_HEADER='297964',REQUEST_PROTOCOL='h2',REQUEST_URL='https://elroy.twit.tv/sites/default/files/styles/twit_album_art_2048x2048/public/images/shows/floss_weekly/album_art/audio/floss_albumart_mask.jpg?itok=IUjxKpwt',
08-05 23:45:11.448 30584 31162 I art     : Explicit concurrent mark sweep GC freed 400(29KB) AllocSpace objects, 0(0B) LOS objects, 24% free, 50MB/66MB, paused 1.947ms total 43.503ms
08-05 23:45:11.458 30584 31364 D MYTAG   : interceptor 2a
08-05 23:45:11.458 30584 31364 I NAPPA_EXPERIMENTATION: MetricNetworkRequestExecutionTime: REQUEST_DURATION_SYSTEM='506',REQUEST_DURATION_OKHTTP='171',REQUEST_SYNCHRONOUS='TRUE',RESPONSE_CODE='404',RESPONSE_METHOD='GET',RESPONSE_LENGTH_OKHTTP='-1',RESPONSE_LENGTH_HEADER='1503',REQUEST_PROTOCOL='h2',REQUEST_URL='https://fab.industries/sixgun/files/linuxoutlaws.jpg',
08-05 23:45:11.461 30584 30584 W Glide   : Load failed for http://sixgun.org/files/linuxoutlaws.jpg with size [224x224]
08-05 23:45:11.461 30584 30584 W Glide   : class com.bumptech.glide.load.engine.GlideException: Failed to load resource
08-05 23:45:11.461 30584 30584 W Glide   : There was 1 cause:
08-05 23:45:11.461 30584 30584 W Glide   : com.bumptech.glide.load.HttpException()
08-05 23:45:11.461 30584 30584 W Glide   :  call GlideException#logRootCauses(String) for more detail
08-05 23:45:11.461 30584 30584 W Glide   :   Cause (1 of 1): class com.bumptech.glide.load.engine.GlideException: Fetching data failed, class java.io.InputStream, REMOTE
08-05 23:45:11.461 30584 30584 W Glide   : There was 1 cause:
08-05 23:45:11.461 30584 30584 W Glide   : com.bumptech.glide.load.HttpException()
08-05 23:45:11.461 30584 30584 W Glide   :  call GlideException#logRootCauses(String) for more detail
08-05 23:45:11.461 30584 30584 W Glide   :     Cause (1 of 1): class com.bumptech.glide.load.HttpException: 
08-05 23:45:11.461 30584 31162 I art     : Starting a blocking GC Explicit
08-05 23:45:11.463 30584 30584 I Glide   : Root cause (1 of 1)
08-05 23:45:11.463 30584 30584 I Glide   : com.bumptech.glide.load.HttpException: 
08-05 23:45:11.463 30584 30584 I Glide   : 	at com.bumptech.glide.integration.okhttp3.OkHttpStreamFetcher.onResponse(OkHttpStreamFetcher.java:73)
08-05 23:45:11.463 30584 30584 I Glide   : 	at okhttp3.RealCall$AsyncCall.execute(RealCall.java:174)
08-05 23:45:11.463 30584 30584 I Glide   : 	at okhttp3.internal.NamedRunnable.run(NamedRunnable.java:32)
08-05 23:45:11.463 30584 30584 I Glide   : 	at java.util.concurrent.ThreadPoolExecutor.runWorker(ThreadPoolExecutor.java:1113)
08-05 23:45:11.463 30584 30584 I Glide   : 	at java.util.concurrent.ThreadPoolExecutor$Worker.run(ThreadPoolExecutor.java:588)
08-05 23:45:11.463 30584 30584 I Glide   : 	at java.lang.Thread.run(Thread.java:818)
08-05 23:45:11.465 30584 30584 W Glide   : Load failed for http://sixgun.org/files/linuxoutlaws.jpg with size [224x224]
08-05 23:45:11.465 30584 30584 W Glide   : class com.bumptech.glide.load.engine.GlideException: Failed to load resource
08-05 23:45:11.465 30584 30584 W Glide   : There was 1 cause:
08-05 23:45:11.465 30584 30584 W Glide   : com.bumptech.glide.load.HttpException()
08-05 23:45:11.465 30584 30584 W Glide   :  call GlideException#logRootCauses(String) for more detail
08-05 23:45:11.465 30584 30584 W Glide   :   Cause (1 of 1): class com.bumptech.glide.load.engine.GlideException: Fetching data failed, class java.io.InputStream, REMOTE
08-05 23:45:11.465 30584 30584 W Glide   : There was 1 cause:
08-05 23:45:11.465 30584 30584 W Glide   : com.bumptech.glide.load.HttpException()
08-05 23:45:11.465 30584 30584 W Glide   :  call GlideException#logRootCauses(String) for more detail
08-05 23:45:11.465 30584 30584 W Glide   :     Cause (1 of 1): class com.bumptech.glide.load.HttpException: 
08-05 23:45:11.466 30584 30584 I Glide   : Root cause (1 of 1)
08-05 23:45:11.466 30584 30584 I Glide   : com.bumptech.glide.load.HttpException: 
08-05 23:45:11.466 30584 30584 I Glide   : 	at com.bumptech.glide.integration.okhttp3.OkHttpStreamFetcher.onResponse(OkHttpStreamFetcher.java:73)
08-05 23:45:11.466 30584 30584 I Glide   : 	at okhttp3.RealCall$AsyncCall.execute(RealCall.java:174)
08-05 23:45:11.466 30584 30584 I Glide   : 	at okhttp3.internal.NamedRunnable.run(NamedRunnable.java:32)
08-05 23:45:11.466 30584 30584 I Glide   : 	at java.util.concurrent.ThreadPoolExecutor.runWorker(ThreadPoolExecutor.java:1113)
08-05 23:45:11.466 30584 30584 I Glide   : 	at java.util.concurrent.ThreadPoolExecutor$Worker.run(ThreadPoolExecutor.java:588)
08-05 23:45:11.466 30584 30584 I Glide   : 	at java.lang.Thread.run(Thread.java:818)
08-05 23:45:11.503 30584 31162 I art     : Explicit concurrent mark sweep GC freed 699(76KB) AllocSpace objects, 0(0B) LOS objects, 24% free, 50MB/66MB, paused 2.206ms total 41.567ms
08-05 23:45:11.503 30584 31361 D MYTAG   : interceptor 2a
08-05 23:45:11.504 30584 31361 I NAPPA_EXPERIMENTATION: MetricNetworkRequestExecutionTime: REQUEST_DURATION_SYSTEM='521',REQUEST_DURATION_OKHTTP='289',REQUEST_SYNCHRONOUS='TRUE',RESPONSE_CODE='200',RESPONSE_METHOD='GET',RESPONSE_LENGTH_OKHTTP='465707',RESPONSE_LENGTH_HEADER='465707',REQUEST_PROTOCOL='h2',REQUEST_URL='https://elroy.twit.tv/sites/default/files/styles/twit_album_art_2048x2048/public/images/shows/this_week_in_tech/album_art/audio/twit1400audio.jpg?itok=J0vhatZb',
08-05 23:45:11.568 30584 31555 D ApOkHttpUrlLoader: buildLoadData() called with: model = [http://sixgun.org/files/linuxoutlaws.jpg], width = [224], height = [224]
08-05 23:45:11.570 30584 31361 D DBReader: getImageAuthentication() called with: imageUrl = [http://sixgun.org/files/linuxoutlaws.jpg]
08-05 23:45:11.573 30584 31361 D ApOkHttpUrlLoader: no credentials for 'http://sixgun.org/files/linuxoutlaws.jpg'
08-05 23:45:11.613 30584 31361 D DBWriter: updateFeedDownloadURL(original: http://sixgun.org/files/linuxoutlaws.jpg, updated: https://fab.industries/sixgun/files/linuxoutlaws.jpg)
08-05 23:45:11.757 30584 31361 D MYTAG   : interceptor 2a
08-05 23:45:11.758 30584 31361 I NAPPA_EXPERIMENTATION: MetricNetworkRequestExecutionTime: REQUEST_DURATION_SYSTEM='184',REQUEST_DURATION_OKHTTP='141',REQUEST_SYNCHRONOUS='TRUE',RESPONSE_CODE='404',RESPONSE_METHOD='GET',RESPONSE_LENGTH_OKHTTP='-1',RESPONSE_LENGTH_HEADER='1503',REQUEST_PROTOCOL='h2',REQUEST_URL='https://fab.industries/sixgun/files/linuxoutlaws.jpg',
08-05 23:45:11.765 30584 30584 W Glide   : Load failed for http://sixgun.org/files/linuxoutlaws.jpg with size [224x224]
08-05 23:45:11.765 30584 30584 W Glide   : class com.bumptech.glide.load.engine.GlideException: Failed to load resource
08-05 23:45:11.765 30584 30584 W Glide   : There was 1 cause:
08-05 23:45:11.765 30584 30584 W Glide   : com.bumptech.glide.load.HttpException()
08-05 23:45:11.765 30584 30584 W Glide   :  call GlideException#logRootCauses(String) for more detail
08-05 23:45:11.765 30584 30584 W Glide   :   Cause (1 of 1): class com.bumptech.glide.load.engine.GlideException: Fetching data failed, class java.io.InputStream, REMOTE
08-05 23:45:11.765 30584 30584 W Glide   : There was 1 cause:
08-05 23:45:11.765 30584 30584 W Glide   : com.bumptech.glide.load.HttpException()
08-05 23:45:11.765 30584 30584 W Glide   :  call GlideException#logRootCauses(String) for more detail
08-05 23:45:11.765 30584 30584 W Glide   :     Cause (1 of 1): class com.bumptech.glide.load.HttpException: 
08-05 23:45:11.765 30584 30584 I Glide   : Root cause (1 of 1)
08-05 23:45:11.765 30584 30584 I Glide   : com.bumptech.glide.load.HttpException: 
08-05 23:45:11.765 30584 30584 I Glide   : 	at com.bumptech.glide.integration.okhttp3.OkHttpStreamFetcher.onResponse(OkHttpStreamFetcher.java:73)
08-05 23:45:11.765 30584 30584 I Glide   : 	at okhttp3.RealCall$AsyncCall.execute(RealCall.java:174)
08-05 23:45:11.765 30584 30584 I Glide   : 	at okhttp3.internal.NamedRunnable.run(NamedRunnable.java:32)
08-05 23:45:11.765 30584 30584 I Glide   : 	at java.util.concurrent.ThreadPoolExecutor.runWorker(ThreadPoolExecutor.java:1113)
08-05 23:45:11.765 30584 30584 I Glide   : 	at java.util.concurrent.ThreadPoolExecutor$Worker.run(ThreadPoolExecutor.java:588)
08-05 23:45:11.765 30584 30584 I Glide   : 	at java.lang.Thread.run(Thread.java:818)
08-05 23:45:11.832 30584 31162 I art     : Starting a blocking GC Explicit
08-05 23:45:11.877 30584 31162 I art     : Explicit concurrent mark sweep GC freed 3755(286KB) AllocSpace objects, 1(20KB) LOS objects, 23% free, 50MB/66MB, paused 1.419ms total 44.799ms
08-05 23:45:11.891 30584 31162 I art     : Starting a blocking GC Explicit
08-05 23:45:11.935 30584 31162 I art     : Explicit concurrent mark sweep GC freed 123(4KB) AllocSpace objects, 0(0B) LOS objects, 23% free, 50MB/66MB, paused 1.593ms total 43.270ms
08-05 23:45:11.948 30584 31162 I art     : Starting a blocking GC Explicit
08-05 23:45:11.993 30584 31162 I art     : Explicit concurrent mark sweep GC freed 20(688B) AllocSpace objects, 0(0B) LOS objects, 23% free, 50MB/66MB, paused 1.632ms total 44.689ms
08-05 23:45:12.006 30584 31162 I art     : Starting a blocking GC Explicit
08-05 23:45:12.055 30584 31162 I art     : Explicit concurrent mark sweep GC freed 3(96B) AllocSpace objects, 0(0B) LOS objects, 23% free, 50MB/66MB, paused 1.600ms total 48ms
08-05 23:45:12.068 30584 31162 I art     : Starting a blocking GC Explicit
08-05 23:45:12.113 30584 31162 I art     : Explicit concurrent mark sweep GC freed 3(96B) AllocSpace objects, 0(0B) LOS objects, 23% free, 50MB/66MB, paused 1.603ms total 44.140ms
08-05 23:45:12.495 30584 30597 I art     : Starting a blocking GC Explicit
08-05 23:45:12.562 30584 30597 I art     : Explicit concurrent mark sweep GC freed 1387(81KB) AllocSpace objects, 1(20KB) LOS objects, 23% free, 50MB/66MB, paused 1.866ms total 66.241ms
08-05 23:45:12.584 30584 30597 I art     : Starting a blocking GC Explicit
08-05 23:45:12.626 30584 30597 I art     : Explicit concurrent mark sweep GC freed 69(2080B) AllocSpace objects, 0(0B) LOS objects, 23% free, 50MB/66MB, paused 1.393ms total 41.443ms
08-05 23:45:12.639 30584 30597 I art     : Starting a blocking GC Explicit
08-05 23:45:12.678 30584 30597 I art     : Explicit concurrent mark sweep GC freed 31(1024B) AllocSpace objects, 0(0B) LOS objects, 23% free, 50MB/66MB, paused 1.587ms total 39.598ms
08-05 23:45:12.691 30584 30597 I art     : Starting a blocking GC Explicit
08-05 23:45:12.730 30584 30597 I art     : Explicit concurrent mark sweep GC freed 15(480B) AllocSpace objects, 0(0B) LOS objects, 23% free, 50MB/66MB, paused 1.427ms total 38.677ms
08-05 23:45:12.742 30584 30597 I art     : Starting a blocking GC Explicit
08-05 23:45:12.779 30584 30597 I art     : Explicit concurrent mark sweep GC freed 11(352B) AllocSpace objects, 0(0B) LOS objects, 23% free, 50MB/66MB, paused 1.450ms total 36.561ms
08-05 23:45:12.850   918  3261 D WifiStateMachine: starting scan for "H369AA63323"WPA_PSK with 2412,5180
08-05 23:45:13.191 30584 31025 I art     : Starting a blocking GC Explicit
08-05 23:45:13.252 30584 31025 I art     : Explicit concurrent mark sweep GC freed 1384(81KB) AllocSpace objects, 1(20KB) LOS objects, 23% free, 50MB/66MB, paused 1.788ms total 60.445ms
08-05 23:45:13.267 30584 31025 I art     : Starting a blocking GC Explicit
08-05 23:45:13.312 30584 31025 I art     : Explicit concurrent mark sweep GC freed 23(752B) AllocSpace objects, 0(0B) LOS objects, 23% free, 50MB/66MB, paused 1.547ms total 44.303ms
08-05 23:45:13.325 30584 31025 I art     : Starting a blocking GC Explicit
08-05 23:45:13.374 30584 31025 I art     : Explicit concurrent mark sweep GC freed 3(96B) AllocSpace objects, 0(0B) LOS objects, 23% free, 50MB/66MB, paused 1.643ms total 48.621ms
08-05 23:45:13.388 30584 31025 I art     : Starting a blocking GC Explicit
08-05 23:45:13.435 30584 31025 I art     : Explicit concurrent mark sweep GC freed 3(96B) AllocSpace objects, 0(0B) LOS objects, 23% free, 50MB/66MB, paused 1.510ms total 46.675ms
08-05 23:45:13.448 30584 31025 I art     : Starting a blocking GC Explicit
08-05 23:45:13.496 30584 31025 I art     : Explicit concurrent mark sweep GC freed 3(96B) AllocSpace objects, 0(0B) LOS objects, 23% free, 50MB/66MB, paused 1.515ms total 47.351ms
08-05 23:45:13.917 30584 30596 I art     : Starting a blocking GC Explicit
08-05 23:45:13.974 30584 30596 I art     : Explicit concurrent mark sweep GC freed 1410(81KB) AllocSpace objects, 1(20KB) LOS objects, 23% free, 50MB/66MB, paused 1.738ms total 56.803ms
08-05 23:45:13.990 30584 30596 I art     : Starting a blocking GC Explicit
08-05 23:45:14.037 30584 30596 I art     : Explicit concurrent mark sweep GC freed 23(752B) AllocSpace objects, 0(0B) LOS objects, 23% free, 50MB/66MB, paused 1.554ms total 46.800ms
08-05 23:45:14.051 30584 30596 I art     : Starting a blocking GC Explicit
08-05 23:45:14.098 30584 30596 I art     : Explicit concurrent mark sweep GC freed 3(96B) AllocSpace objects, 0(0B) LOS objects, 23% free, 50MB/66MB, paused 1.771ms total 47.436ms
08-05 23:45:14.112 30584 30596 I art     : Starting a blocking GC Explicit
08-05 23:45:14.159 30584 30596 I art     : Explicit concurrent mark sweep GC freed 3(96B) AllocSpace objects, 0(0B) LOS objects, 23% free, 50MB/66MB, paused 1.620ms total 47.082ms
08-05 23:45:14.173 30584 30596 I art     : Starting a blocking GC Explicit
08-05 23:45:14.220 30584 30596 I art     : Explicit concurrent mark sweep GC freed 3(96B) AllocSpace objects, 0(0B) LOS objects, 23% free, 50MB/66MB, paused 1.675ms total 47.257ms
08-05 23:45:14.628 30584 31162 I art     : Starting a blocking GC Explicit
08-05 23:45:14.683 30584 31162 I art     : Explicit concurrent mark sweep GC freed 1423(82KB) AllocSpace objects, 1(20KB) LOS objects, 23% free, 50MB/66MB, paused 1.591ms total 55.181ms
08-05 23:45:14.696 30584 31162 I art     : Starting a blocking GC Explicit
08-05 23:45:14.739 30584 31162 I art     : Explicit concurrent mark sweep GC freed 54(2544B) AllocSpace objects, 0(0B) LOS objects, 23% free, 50MB/66MB, paused 1.504ms total 42.268ms
08-05 23:45:14.752 30584 31162 I art     : Starting a blocking GC Explicit
08-05 23:45:14.798 30584 31162 I art     : Explicit concurrent mark sweep GC freed 9(320B) AllocSpace objects, 0(0B) LOS objects, 23% free, 50MB/66MB, paused 1.735ms total 45.600ms
08-05 23:45:14.811 30584 31162 I art     : Starting a blocking GC Explicit
08-05 23:45:14.859 30584 31162 I art     : Explicit concurrent mark sweep GC freed 3(96B) AllocSpace objects, 0(0B) LOS objects, 23% free, 50MB/66MB, paused 1.745ms total 47.338ms
08-05 23:45:14.872 30584 31162 I art     : Starting a blocking GC Explicit
08-05 23:45:14.919 30584 31162 I art     : Explicit concurrent mark sweep GC freed 3(96B) AllocSpace objects, 0(0B) LOS objects, 23% free, 50MB/66MB, paused 1.703ms total 46.153ms
08-05 23:45:15.323 30584 31025 I art     : Starting a blocking GC Explicit
08-05 23:45:15.379 30584 31025 I art     : Explicit concurrent mark sweep GC freed 1383(81KB) AllocSpace objects, 1(20KB) LOS objects, 23% free, 50MB/66MB, paused 1.799ms total 56.353ms
08-05 23:45:15.396 30584 31025 I art     : Starting a blocking GC Explicit
08-05 23:45:15.444 30584 31025 I art     : Explicit concurrent mark sweep GC freed 23(752B) AllocSpace objects, 0(0B) LOS objects, 23% free, 50MB/66MB, paused 1.538ms total 47.476ms
08-05 23:45:15.458 30584 31025 I art     : Starting a blocking GC Explicit
08-05 23:45:15.506 30584 31025 I art     : Explicit concurrent mark sweep GC freed 3(96B) AllocSpace objects, 0(0B) LOS objects, 23% free, 50MB/66MB, paused 1.590ms total 47.977ms
08-05 23:45:15.519 30584 31025 I art     : Starting a blocking GC Explicit
08-05 23:45:15.566 30584 31025 I art     : Explicit concurrent mark sweep GC freed 3(96B) AllocSpace objects, 0(0B) LOS objects, 23% free, 50MB/66MB, paused 1.623ms total 46.824ms
08-05 23:45:15.580 30584 31025 I art     : Starting a blocking GC Explicit
08-05 23:45:15.629 30584 31025 I art     : Explicit concurrent mark sweep GC freed 32(880B) AllocSpace objects, 0(0B) LOS objects, 23% free, 50MB/66MB, paused 1.650ms total 48.668ms
08-05 23:45:16.028 30584 30596 I art     : Starting a blocking GC Explicit
08-05 23:45:16.085 30584 30596 I art     : Explicit concurrent mark sweep GC freed 1382(82KB) AllocSpace objects, 1(20KB) LOS objects, 23% free, 50MB/66MB, paused 1.751ms total 56.517ms
08-05 23:45:16.102 30584 30596 I art     : Starting a blocking GC Explicit
08-05 23:45:16.149 30584 30596 I art     : Explicit concurrent mark sweep GC freed 23(752B) AllocSpace objects, 0(0B) LOS objects, 23% free, 50MB/66MB, paused 1.586ms total 46.869ms
08-05 23:45:16.162 30584 30596 I art     : Starting a blocking GC Explicit
08-05 23:45:16.207 30584 30596 I art     : Explicit concurrent mark sweep GC freed 3(96B) AllocSpace objects, 0(0B) LOS objects, 23% free, 50MB/66MB, paused 1.598ms total 45.150ms
08-05 23:45:16.221 30584 30596 I art     : Starting a blocking GC Explicit
08-05 23:45:16.226 26613 26613 I ServiceManager: Waiting for service AtCmdFwd...
08-05 23:45:16.262 30584 30596 I art     : Explicit concurrent mark sweep GC freed 3(96B) AllocSpace objects, 0(0B) LOS objects, 23% free, 50MB/66MB, paused 1.476ms total 41.489ms
08-05 23:45:16.275 30584 30596 I art     : Starting a blocking GC Explicit
08-05 23:45:16.316 30584 30596 I art     : Explicit concurrent mark sweep GC freed 3(96B) AllocSpace objects, 0(0B) LOS objects, 23% free, 50MB/66MB, paused 1.561ms total 41.043ms
08-05 23:45:16.708 30584 30617 I art     : Starting a blocking GC Explicit
08-05 23:45:16.754  1521  1521 D AndroidRuntime: >>>>>> START com.android.internal.os.RuntimeInit uid 2000 <<<<<<
08-05 23:45:16.761  1521  1521 D AndroidRuntime: CheckJNI is OFF
08-05 23:45:16.762 30584 30617 I art     : Explicit concurrent mark sweep GC freed 1413(82KB) AllocSpace objects, 1(20KB) LOS objects, 23% free, 50MB/66MB, paused 1.617ms total 53.084ms
08-05 23:45:16.775 30584 30617 I art     : Starting a blocking GC Explicit
08-05 23:45:16.806  1521  1521 D ICU     : No timezone override file found: /data/misc/zoneinfo/current/icu/icu_tzdata.dat
08-05 23:45:16.818 30584 30617 I art     : Explicit concurrent mark sweep GC freed 23(752B) AllocSpace objects, 0(0B) LOS objects, 23% free, 50MB/66MB, paused 1.750ms total 43.415ms
08-05 23:45:16.831 30584 30617 I art     : Starting a blocking GC Explicit
08-05 23:45:16.851  1521  1521 I Radio-JNI: register_android_hardware_Radio DONE
08-05 23:45:16.875 30584 30617 I art     : Explicit concurrent mark sweep GC freed 3(96B) AllocSpace objects, 0(0B) LOS objects, 23% free, 50MB/66MB, paused 1.628ms total 43.758ms
08-05 23:45:16.881  1521  1521 D AndroidRuntime: Calling main entry com.android.commands.input.Input
08-05 23:45:16.883  1521  1521 I Input   : injectMotionEvent: MotionEvent { action=ACTION_DOWN, actionButton=0, id[0]=0, x[0]=526.0, y[0]=597.0, toolType[0]=TOOL_TYPE_UNKNOWN, buttonState=0, metaState=0, flags=0x0, edgeFlags=0x0, pointerCount=1, historySize=0, eventTime=834333296, downTime=834333296, deviceId=0, source=0x1002 }
08-05 23:45:16.888 30584 30617 I art     : Starting a blocking GC Explicit
08-05 23:45:16.890  1521  1521 I Input   : injectMotionEvent: MotionEvent { action=ACTION_UP, actionButton=0, id[0]=0, x[0]=526.0, y[0]=597.0, toolType[0]=TOOL_TYPE_UNKNOWN, buttonState=0, metaState=0, flags=0x0, edgeFlags=0x0, pointerCount=1, historySize=0, eventTime=834333296, downTime=834333296, deviceId=0, source=0x1002 }
08-05 23:45:16.893  1521  1521 D AndroidRuntime: Shutting down VM
08-05 23:45:16.932 30584 30617 I art     : Explicit concurrent mark sweep GC freed 22(704B) AllocSpace objects, 0(0B) LOS objects, 23% free, 50MB/66MB, paused 1.886ms total 43.337ms
08-05 23:45:16.944 30584 30617 I art     : Starting a blocking GC Explicit
08-05 23:45:16.958 30584 30584 D PodcastListFragment: Selected podcast: GpodnetPodcast [url=http://feeds.feedburner.com/linuxoutlaws, title=Linux Outlaws, description=Two pragmatic geeks talk about the latest news concerning Linux, free and open
08-05 23:45:16.958 30584 30584 D PodcastListFragment: technology or anything else they deem noteworthy which may include such absurd
08-05 23:45:16.958 30584 30584 D PodcastListFragment: things as hockey or bands you never heard of. This means there's many a joke
08-05 23:45:16.958 30584 30584 D PodcastListFragment: and derailed conversation along the way, so don't come here expecting only
08-05 23:45:16.958 30584 30584 D PodcastListFragment: Linux or software freedom talk  just sit back and relax, partner., subscribers=3321, logoUrl=http://sixgun.org/files/linuxoutlaws.jpg, website=http://sixgun.org, mygpoLink=http://gpodder.net/podcast/linux-outlaws-mp3]
08-05 23:45:16.959   512  2967 D audio_hw_primary: out_set_parameters: enter: usecase(1: low-latency-playback) kvpairs: routing=2
08-05 23:45:16.959   918  4400 I ActivityManager: START u0 {cmp=baseline.de.danoeh.antennapod.debug/baseline.de.danoeh.antennapod.activity.OnlineFeedViewActivity (has extras)} from uid 10711 on display 0
08-05 23:45:16.971   512  2967 D audio_hw_primary: select_devices: out_snd_device(2: speaker) in_snd_device(0: none)
08-05 23:45:16.971   512  2967 D msm8974_platform: platform_send_audio_calibration: sending audio calibration for snd_device(2) acdb_id(15)
08-05 23:45:16.972   512  2967 I soundtrigger: audio_extn_sound_trigger_update_device_status: device 0x2 of type 0 for Event 1
08-05 23:45:16.983   512  2967 D audio_hw_primary: enable_snd_device: snd_device(2: speaker)
08-05 23:45:16.985   512  2967 D audio_hw_primary: enable_audio_route: apply and update mixer path: low-latency-playback speaker
08-05 23:45:16.986 30584 30617 I art     : Explicit concurrent mark sweep GC freed 508(50KB) AllocSpace objects, 1(20KB) LOS objects, 23% free, 50MB/66MB, paused 1.976ms total 41.989ms
08-05 23:45:16.995 30584 30584 D UserPreferences: Using default data folder
08-05 23:45:16.996 30584 30584 D OnlineFeedViewActivity: Activity was started with url http://feeds.feedburner.com/linuxoutlaws
08-05 23:45:17.000 30584 30584 D OnlineFeedViewActivity: Starting feed download
08-05 23:45:17.004 30584 30604 D DBReader: Extracting Feedlist
08-05 23:45:17.006   918  5952 D WifiService: acquireWifiLockLocked: WifiLock{Downloader type=1 binder=android.os.BinderProxy@913c29c}
08-05 23:45:17.007 30584 30604 D AntennapodHttpClient: Creating new instance of HTTP client
08-05 23:45:17.059 13866 13866 I GoogleInputMethodServic: GoogleInputMethodService.onFinishInput():3138 
08-05 23:45:17.060 13866 13866 I GoogleInputMethodServic: GoogleInputMethodService.onStartInput():1808 
08-05 23:45:17.080   918   936 I ActivityManager: Displayed baseline.de.danoeh.antennapod.debug/baseline.de.danoeh.antennapod.activity.OnlineFeedViewActivity: +113ms
08-05 23:45:17.095 30584 30604 D MYTAG   : interceptor 3a http://feeds.feedburner.com/linuxoutlaws
08-05 23:45:17.095 30584 30604 I NAPPA_EXPERIMENTATION: MetricNetworkRequestExecutionTime: REQUEST_DURATION_SYSTEM='87',REQUEST_DURATION_OKHTTP='41',REQUEST_SYNCHRONOUS='TRUE',RESPONSE_CODE='200',RESPONSE_METHOD='GET',RESPONSE_LENGTH_OKHTTP='-1',RESPONSE_LENGTH_HEADER='-2',REQUEST_PROTOCOL='http/1.1',REQUEST_URL='http://feeds.feedburner.com/linuxoutlaws',
08-05 23:45:17.095 30584 30604 D HttpDownloader: Response code is 200
08-05 23:45:17.096 30584 30604 D UserPreferences: Using default data folder
08-05 23:45:17.098 30584 30604 D HttpDownloader: Getting size of download
08-05 23:45:17.098 30584 30604 D HttpDownloader: Size is -1
08-05 23:45:17.099 30584 30604 D UserPreferences: Using default data folder
08-05 23:45:17.099 30584 30604 D HttpDownloader: Free space is 20471558144
08-05 23:45:17.099 30584 30604 D HttpDownloader: Starting download
08-05 23:45:17.113 30584 30604 D HttpDownloader: Download was successful
08-05 23:45:17.115   918  6110 D WifiService: releaseWifiLockLocked: WifiLock{Downloader type=1 binder=android.os.BinderProxy@913c29c}
08-05 23:45:17.118 30584 30605 D OpenGLRenderer: endAllStagingAnimators on 0x7f796a5000 (GridView) with handle 0x7f7990a7c0
08-05 23:45:17.124 30584 30584 D OnlineFeedViewActivity: Parsing feed
08-05 23:45:17.128 30584  1550 D TypeGetter: Recognized type RSS 2.0
08-05 23:45:17.130 30584  1550 D SyndHandler: Recognized Content namespace
08-05 23:45:17.130 30584  1550 D SyndHandler: Recognized DublinCore namespace
08-05 23:45:17.130 30584  1550 D SyndHandler: Recognized Atom namespace
08-05 23:45:17.130 30584  1550 D SyndHandler: Recognized ITunes namespace
08-05 23:45:17.131 30584  1550 D SyndHandler: Recognized media namespace
08-05 23:45:17.169 30584  1550 D OnlineFeedViewActivity: Deleted feed source file. Result: true
08-05 23:45:17.170 30584 30584 D OnlineFeedViewActivity: Removing HTML from shownotes
08-05 23:45:17.188 30584 31555 D ApOkHttpUrlLoader: buildLoadData() called with: model = [http://sixgun.org/files/linuxoutlaws.jpg], width = [350], height = [350]
08-05 23:45:17.189 30584 31361 D DBReader: getImageAuthentication() called with: imageUrl = [http://sixgun.org/files/linuxoutlaws.jpg]
08-05 23:45:17.193 30584 31361 D ApOkHttpUrlLoader: no credentials for 'http://sixgun.org/files/linuxoutlaws.jpg'
08-05 23:45:17.226 26613 26613 I ServiceManager: Waiting for service AtCmdFwd...
08-05 23:45:17.228 30584 31361 D DBWriter: updateFeedDownloadURL(original: http://sixgun.org/files/linuxoutlaws.jpg, updated: https://fab.industries/sixgun/files/linuxoutlaws.jpg)
08-05 23:45:17.316 30584 31162 I art     : Starting a blocking GC Explicit
08-05 23:45:17.326   380   380 W SurfaceFlinger: couldn't log to binary event log: overflow.
08-05 23:45:17.369 30584 31162 I art     : Explicit concurrent mark sweep GC freed 14768(1255KB) AllocSpace objects, 15(828KB) LOS objects, 23% free, 51MB/67MB, paused 1.479ms total 52.174ms
08-05 23:45:17.372 30584 31361 D MYTAG   : interceptor 2a
08-05 23:45:17.372 30584 31361 I NAPPA_EXPERIMENTATION: MetricNetworkRequestExecutionTime: REQUEST_DURATION_SYSTEM='179',REQUEST_DURATION_OKHTTP='140',REQUEST_SYNCHRONOUS='TRUE',RESPONSE_CODE='404',RESPONSE_METHOD='GET',RESPONSE_LENGTH_OKHTTP='-1',RESPONSE_LENGTH_HEADER='1503',REQUEST_PROTOCOL='h2',REQUEST_URL='https://fab.industries/sixgun/files/linuxoutlaws.jpg',
08-05 23:45:17.373 30584 30584 W Glide   : Load failed for http://sixgun.org/files/linuxoutlaws.jpg with size [350x350]
08-05 23:45:17.373 30584 30584 W Glide   : class com.bumptech.glide.load.engine.GlideException: Failed to load resource
08-05 23:45:17.373 30584 30584 W Glide   : There was 1 cause:
08-05 23:45:17.373 30584 30584 W Glide   : com.bumptech.glide.load.HttpException()
08-05 23:45:17.373 30584 30584 W Glide   :  call GlideException#logRootCauses(String) for more detail
08-05 23:45:17.373 30584 30584 W Glide   :   Cause (1 of 1): class com.bumptech.glide.load.engine.GlideException: Fetching data failed, class java.io.InputStream, REMOTE
08-05 23:45:17.373 30584 30584 W Glide   : There was 1 cause:
08-05 23:45:17.373 30584 30584 W Glide   : com.bumptech.glide.load.HttpException()
08-05 23:45:17.373 30584 30584 W Glide   :  call GlideException#logRootCauses(String) for more detail
08-05 23:45:17.373 30584 30584 W Glide   :     Cause (1 of 1): class com.bumptech.glide.load.HttpException: 
08-05 23:45:17.373 30584 30584 I Glide   : Root cause (1 of 1)
08-05 23:45:17.373 30584 30584 I Glide   : com.bumptech.glide.load.HttpException: 
08-05 23:45:17.373 30584 30584 I Glide   : 	at com.bumptech.glide.integration.okhttp3.OkHttpStreamFetcher.onResponse(OkHttpStreamFetcher.java:73)
08-05 23:45:17.373 30584 30584 I Glide   : 	at okhttp3.RealCall$AsyncCall.execute(RealCall.java:174)
08-05 23:45:17.373 30584 30584 I Glide   : 	at okhttp3.internal.NamedRunnable.run(NamedRunnable.java:32)
08-05 23:45:17.373 30584 30584 I Glide   : 	at java.util.concurrent.ThreadPoolExecutor.runWorker(ThreadPoolExecutor.java:1113)
08-05 23:45:17.373 30584 30584 I Glide   : 	at java.util.concurrent.ThreadPoolExecutor$Worker.run(ThreadPoolExecutor.java:588)
08-05 23:45:17.373 30584 30584 I Glide   : 	at java.lang.Thread.run(Thread.java:818)
08-05 23:45:17.382 30584 31162 I art     : Starting a blocking GC Explicit
08-05 23:45:17.421 30584 31162 I art     : Explicit concurrent mark sweep GC freed 1891(112KB) AllocSpace objects, 0(0B) LOS objects, 23% free, 51MB/67MB, paused 1.653ms total 38.732ms
08-05 23:45:17.434 30584 31162 I art     : Starting a blocking GC Explicit
08-05 23:45:17.468 30584 30584 D PlaybackController: Releasing PlaybackController
08-05 23:45:17.482 30584 31162 I art     : Explicit concurrent mark sweep GC freed 232(12KB) AllocSpace objects, 0(0B) LOS objects, 23% free, 51MB/67MB, paused 1.622ms total 47.579ms
08-05 23:45:17.496 30584 31162 I art     : Starting a blocking GC Explicit
08-05 23:45:17.518   512  2967 D audio_hw_primary: disable_audio_route: reset and update mixer path: low-latency-playback speaker
08-05 23:45:17.519   512  2967 D audio_hw_primary: disable_snd_device: snd_device(2: speaker)
08-05 23:45:17.527   512  2967 I soundtrigger: audio_extn_sound_trigger_update_device_status: device 0x2 of type 0 for Event 0
08-05 23:45:17.538 30584 31162 I art     : Explicit concurrent mark sweep GC freed 67(3KB) AllocSpace objects, 1(112KB) LOS objects, 23% free, 51MB/67MB, paused 1.680ms total 42.129ms
08-05 23:45:17.551 30584 31162 I art     : Starting a blocking GC Explicit
08-05 23:45:17.596 30584 31162 I art     : Explicit concurrent mark sweep GC freed 57(1712B) AllocSpace objects, 0(0B) LOS objects, 23% free, 51MB/67MB, paused 1.595ms total 43.906ms
08-05 23:45:17.966 30584 30617 I art     : Starting a blocking GC Explicit
08-05 23:45:18.028 30584 30617 I art     : Explicit concurrent mark sweep GC freed 1381(81KB) AllocSpace objects, 1(20KB) LOS objects, 23% free, 51MB/67MB, paused 1.633ms total 60.567ms
08-05 23:45:18.044 30584 30617 I art     : Starting a blocking GC Explicit
08-05 23:45:18.090 30584 30617 I art     : Explicit concurrent mark sweep GC freed 23(752B) AllocSpace objects, 0(0B) LOS objects, 23% free, 51MB/67MB, paused 1.610ms total 46.193ms
08-05 23:45:18.104 30584 30617 I art     : Starting a blocking GC Explicit
08-05 23:45:18.150 30584 30617 I art     : Explicit concurrent mark sweep GC freed 3(96B) AllocSpace objects, 0(0B) LOS objects, 23% free, 51MB/67MB, paused 1.662ms total 45.493ms
08-05 23:45:18.163 30584 30617 I art     : Starting a blocking GC Explicit
08-05 23:45:18.209 30584 30617 I art     : Explicit concurrent mark sweep GC freed 3(96B) AllocSpace objects, 0(0B) LOS objects, 23% free, 51MB/67MB, paused 1.741ms total 45.890ms
08-05 23:45:18.226 30584 30617 I art     : Starting a blocking GC Explicit
08-05 23:45:18.227 26613 26613 I ServiceManager: Waiting for service AtCmdFwd...
08-05 23:45:18.272 30584 30617 I art     : Explicit concurrent mark sweep GC freed 3(96B) AllocSpace objects, 0(0B) LOS objects, 23% free, 51MB/67MB, paused 1.606ms total 45.437ms
08-05 23:45:18.272 30584 30595 I art     : WaitForGcToComplete blocked for 19.583ms for cause HeapTrim
08-05 23:45:18.642 30584 30596 I art     : Starting a blocking GC Explicit
08-05 23:45:18.704 30584 30596 I art     : Explicit concurrent mark sweep GC freed 1410(81KB) AllocSpace objects, 1(20KB) LOS objects, 23% free, 51MB/67MB, paused 1.758ms total 62.063ms
08-05 23:45:18.721 30584 30596 I art     : Starting a blocking GC Explicit
08-05 23:45:18.773 30584 30596 I art     : Explicit concurrent mark sweep GC freed 23(752B) AllocSpace objects, 0(0B) LOS objects, 23% free, 51MB/67MB, paused 1.678ms total 51.593ms
08-05 23:45:18.787 30584 30596 I art     : Starting a blocking GC Explicit
08-05 23:45:18.836 30584 30596 I art     : Explicit concurrent mark sweep GC freed 8(256B) AllocSpace objects, 0(0B) LOS objects, 23% free, 51MB/67MB, paused 1.805ms total 48.753ms
08-05 23:45:18.850 30584 30596 I art     : Starting a blocking GC Explicit
08-05 23:45:18.892 30584 30596 I art     : Explicit concurrent mark sweep GC freed 9(288B) AllocSpace objects, 0(0B) LOS objects, 23% free, 51MB/67MB, paused 1.620ms total 41.867ms
08-05 23:45:18.904 30584 30596 I art     : Starting a blocking GC Explicit
08-05 23:45:18.950 30584 30596 I art     : Explicit concurrent mark sweep GC freed 11(352B) AllocSpace objects, 0(0B) LOS objects, 23% free, 51MB/67MB, paused 1.574ms total 45.397ms
08-05 23:45:19.085   918  3188 I hubconnection: sensorhub said: 'set_bias 3: -6.2400, 0.0000, 0.0000'
08-05 23:45:19.228 26613 26613 I ServiceManager: Waiting for service AtCmdFwd...
08-05 23:45:19.339 30584 31025 I art     : Starting a blocking GC Explicit
08-05 23:45:19.400 30584 31025 I art     : Explicit concurrent mark sweep GC freed 1392(81KB) AllocSpace objects, 1(20KB) LOS objects, 23% free, 51MB/67MB, paused 1.936ms total 59.811ms
08-05 23:45:19.417 30584 31025 I art     : Starting a blocking GC Explicit
08-05 23:45:19.466 30584 31025 I art     : Explicit concurrent mark sweep GC freed 23(752B) AllocSpace objects, 0(0B) LOS objects, 23% free, 51MB/67MB, paused 1.652ms total 49.094ms
08-05 23:45:19.480 30584 31025 I art     : Starting a blocking GC Explicit
08-05 23:45:19.530 30584 31025 I art     : Explicit concurrent mark sweep GC freed 3(96B) AllocSpace objects, 0(0B) LOS objects, 23% free, 51MB/67MB, paused 1.693ms total 50.085ms
08-05 23:45:19.544 30584 31025 I art     : Starting a blocking GC Explicit
08-05 23:45:19.594 30584 31025 I art     : Explicit concurrent mark sweep GC freed 28(704B) AllocSpace objects, 0(0B) LOS objects, 23% free, 51MB/67MB, paused 1.592ms total 50.019ms
08-05 23:45:19.608 30584 31025 I art     : Starting a blocking GC Explicit
08-05 23:45:19.659 30584 31025 I art     : Explicit concurrent mark sweep GC freed 7(272B) AllocSpace objects, 0(0B) LOS objects, 23% free, 51MB/67MB, paused 1.855ms total 50.356ms
08-05 23:45:20.014 30584 30617 I art     : Starting a blocking GC Explicit
08-05 23:45:20.077 30584 30617 I art     : Explicit concurrent mark sweep GC freed 1381(81KB) AllocSpace objects, 1(20KB) LOS objects, 23% free, 51MB/67MB, paused 1.661ms total 62.398ms
08-05 23:45:20.092 30584 30617 I art     : Starting a blocking GC Explicit
08-05 23:45:20.142 30584 30617 I art     : Explicit concurrent mark sweep GC freed 37(1200B) AllocSpace objects, 0(0B) LOS objects, 23% free, 51MB/67MB, paused 1.680ms total 50.433ms
08-05 23:45:20.156 30584 30617 I art     : Starting a blocking GC Explicit
08-05 23:45:20.206 30584 30617 I art     : Explicit concurrent mark sweep GC freed 3(96B) AllocSpace objects, 0(0B) LOS objects, 23% free, 51MB/67MB, paused 1.595ms total 49.710ms
08-05 23:45:20.220 30584 30617 I art     : Starting a blocking GC Explicit
08-05 23:45:20.228 26613 26613 I ServiceManager: Waiting for service AtCmdFwd...
08-05 23:45:20.270 30584 30617 I art     : Explicit concurrent mark sweep GC freed 3(96B) AllocSpace objects, 0(0B) LOS objects, 23% free, 51MB/67MB, paused 1.740ms total 49.748ms
08-05 23:45:20.284 30584 30617 I art     : Starting a blocking GC Explicit
08-05 23:45:20.329 30584 30617 I art     : Explicit concurrent mark sweep GC freed 3(96B) AllocSpace objects, 0(0B) LOS objects, 23% free, 51MB/67MB, paused 1.557ms total 44.127ms
08-05 23:45:20.723 30584 30597 I art     : Starting a blocking GC Explicit
08-05 23:45:20.786 30584 30597 I art     : Explicit concurrent mark sweep GC freed 1410(81KB) AllocSpace objects, 1(20KB) LOS objects, 23% free, 51MB/67MB, paused 1.782ms total 62.907ms
08-05 23:45:20.802 30584 30597 I art     : Starting a blocking GC Explicit
08-05 23:45:20.851 30584 30597 I art     : Explicit concurrent mark sweep GC freed 23(752B) AllocSpace objects, 0(0B) LOS objects, 23% free, 51MB/67MB, paused 1.677ms total 48.739ms
08-05 23:45:20.865 30584 30597 I art     : Starting a blocking GC Explicit
08-05 23:45:20.915 30584 30597 I art     : Explicit concurrent mark sweep GC freed 3(96B) AllocSpace objects, 0(0B) LOS objects, 23% free, 51MB/67MB, paused 1.681ms total 49.751ms
08-05 23:45:20.929 30584 30597 I art     : Starting a blocking GC Explicit
08-05 23:45:20.978 30584 30597 I art     : Explicit concurrent mark sweep GC freed 3(96B) AllocSpace objects, 0(0B) LOS objects, 23% free, 51MB/67MB, paused 1.776ms total 48.027ms
08-05 23:45:20.992 30584 30597 I art     : Starting a blocking GC Explicit
08-05 23:45:21.043 30584 30597 I art     : Explicit concurrent mark sweep GC freed 3(96B) AllocSpace objects, 0(0B) LOS objects, 23% free, 51MB/67MB, paused 1.672ms total 50.663ms
08-05 23:45:21.229 26613 26613 W Atfwd_Sendcmd: AtCmdFwd service not published, waiting... retryCnt : 4
08-05 23:45:21.388 30584 31025 I art     : Starting a blocking GC Explicit
08-05 23:45:21.444 30584 31025 I art     : Explicit concurrent mark sweep GC freed 1383(84KB) AllocSpace objects, 1(20KB) LOS objects, 23% free, 51MB/67MB, paused 1.724ms total 55.048ms
08-05 23:45:21.460 30584 31025 I art     : Starting a blocking GC Explicit
08-05 23:45:21.507 30584 31025 I art     : Explicit concurrent mark sweep GC freed 23(752B) AllocSpace objects, 0(0B) LOS objects, 23% free, 51MB/67MB, paused 1.698ms total 47.081ms
08-05 23:45:21.521 30584 31025 I art     : Starting a blocking GC Explicit
08-05 23:45:21.568 30584 31025 I art     : Explicit concurrent mark sweep GC freed 3(96B) AllocSpace objects, 0(0B) LOS objects, 23% free, 51MB/67MB, paused 1.707ms total 46.622ms
08-05 23:45:21.581 30584 31025 I art     : Starting a blocking GC Explicit
08-05 23:45:21.629 30584 31025 I art     : Explicit concurrent mark sweep GC freed 32(880B) AllocSpace objects, 0(0B) LOS objects, 23% free, 51MB/67MB, paused 1.752ms total 47.399ms
08-05 23:45:21.642 30584 31025 I art     : Starting a blocking GC Explicit
08-05 23:45:21.689 30584 31025 I art     : Explicit concurrent mark sweep GC freed 3(96B) AllocSpace objects, 0(0B) LOS objects, 23% free, 51MB/67MB, paused 1.717ms total 46.281ms
08-05 23:45:21.737  1612  1612 D AndroidRuntime: >>>>>> START com.android.internal.os.RuntimeInit uid 2000 <<<<<<
08-05 23:45:21.743  1612  1612 D AndroidRuntime: CheckJNI is OFF
08-05 23:45:21.789  1612  1612 D ICU     : No timezone override file found: /data/misc/zoneinfo/current/icu/icu_tzdata.dat
08-05 23:45:21.836  1612  1612 I Radio-JNI: register_android_hardware_Radio DONE
08-05 23:45:21.864  1612  1612 D AndroidRuntime: Calling main entry com.android.commands.input.Input
08-05 23:45:21.866  1612  1612 I Input   : injectKeyEvent: KeyEvent { action=ACTION_DOWN, keyCode=KEYCODE_BACK, scanCode=0, metaState=0, flags=0x0, repeatCount=0, eventTime=834338279, downTime=834338279, deviceId=-1, source=0x101 }
08-05 23:45:21.872  1612  1612 I Input   : injectKeyEvent: KeyEvent { action=ACTION_UP, keyCode=KEYCODE_BACK, scanCode=0, metaState=0, flags=0x0, repeatCount=0, eventTime=834338279, downTime=834338279, deviceId=-1, source=0x101 }
08-05 23:45:21.881  1612  1612 D AndroidRuntime: Shutting down VM
08-05 23:45:21.887 30584 30584 V PlaybackController: initServiceNotRunning()
08-05 23:45:21.887 30584 30584 D ExternalPlayerFragment: Loading media info
08-05 23:45:21.891 30584 31555 D ApOkHttpUrlLoader: buildLoadData() called with: model = [http://sixgun.org/files/linuxoutlaws.jpg], width = [224], height = [224]
08-05 23:45:21.893 30584 31361 D DBReader: getImageAuthentication() called with: imageUrl = [http://sixgun.org/files/linuxoutlaws.jpg]
08-05 23:45:21.896 30584 30584 D UserPreferences: Using default data folder
08-05 23:45:21.896 30584 31361 D ApOkHttpUrlLoader: no credentials for 'http://sixgun.org/files/linuxoutlaws.jpg'
08-05 23:45:21.897 30584 30604 D DBReader: getNavDrawerData() called with: 
08-05 23:45:21.909 30584 30604 D DBReader: getDownloadedItems() called
08-05 23:45:21.911 30584 30604 D DBReader: getFavoriteIDList() called
08-05 23:45:21.911 30584 30604 D DBReader: getQueueIDList() called
08-05 23:45:21.912 30584 30604 D DBReader: Extracting Feedlist
08-05 23:45:21.924 13866 13866 I GoogleInputMethodServic: GoogleInputMethodService.onFinishInput():3138 
08-05 23:45:21.924 13866 13866 I GoogleInputMethodServic: GoogleInputMethodService.onStartInput():1808 
08-05 23:45:21.942 30584 30584 D MainActivity: getLastNavFragment() -> AddFeedFragment
08-05 23:45:22.000 30584 31361 D DBWriter: updateFeedDownloadURL(original: http://sixgun.org/files/linuxoutlaws.jpg, updated: https://fab.industries/sixgun/files/linuxoutlaws.jpg)
08-05 23:45:22.050 30584 30596 I art     : Starting a blocking GC Explicit
08-05 23:45:22.108 30584 30596 I art     : Explicit concurrent mark sweep GC freed 3105(185KB) AllocSpace objects, 1(20KB) LOS objects, 23% free, 51MB/67MB, paused 2.583ms total 57.805ms
08-05 23:45:22.123 30584 30596 I art     : Starting a blocking GC Explicit
08-05 23:45:22.143 30584 31361 D MYTAG   : interceptor 2a
08-05 23:45:22.143 30584 31361 I NAPPA_EXPERIMENTATION: MetricNetworkRequestExecutionTime: REQUEST_DURATION_SYSTEM='247',REQUEST_DURATION_OKHTTP='141',REQUEST_SYNCHRONOUS='TRUE',RESPONSE_CODE='404',RESPONSE_METHOD='GET',RESPONSE_LENGTH_OKHTTP='-1',RESPONSE_LENGTH_HEADER='1503',REQUEST_PROTOCOL='h2',REQUEST_URL='https://fab.industries/sixgun/files/linuxoutlaws.jpg',
08-05 23:45:22.145 30584 30584 W Glide   : Load failed for http://sixgun.org/files/linuxoutlaws.jpg with size [224x224]
08-05 23:45:22.145 30584 30584 W Glide   : class com.bumptech.glide.load.engine.GlideException: Failed to load resource
08-05 23:45:22.145 30584 30584 W Glide   : There was 1 cause:
08-05 23:45:22.145 30584 30584 W Glide   : com.bumptech.glide.load.HttpException()
08-05 23:45:22.145 30584 30584 W Glide   :  call GlideException#logRootCauses(String) for more detail
08-05 23:45:22.145 30584 30584 W Glide   :   Cause (1 of 1): class com.bumptech.glide.load.engine.GlideException: Fetching data failed, class java.io.InputStream, REMOTE
08-05 23:45:22.145 30584 30584 W Glide   : There was 1 cause:
08-05 23:45:22.145 30584 30584 W Glide   : com.bumptech.glide.load.HttpException()
08-05 23:45:22.145 30584 30584 W Glide   :  call GlideException#logRootCauses(String) for more detail
08-05 23:45:22.145 30584 30584 W Glide   :     Cause (1 of 1): class com.bumptech.glide.load.HttpException: 
08-05 23:45:22.145 30584 30584 I Glide   : Root cause (1 of 1)
08-05 23:45:22.145 30584 30584 I Glide   : com.bumptech.glide.load.HttpException: 
08-05 23:45:22.145 30584 30584 I Glide   : 	at com.bumptech.glide.integration.okhttp3.OkHttpStreamFetcher.onResponse(OkHttpStreamFetcher.java:73)
08-05 23:45:22.145 30584 30584 I Glide   : 	at okhttp3.RealCall$AsyncCall.execute(RealCall.java:174)
08-05 23:45:22.145 30584 30584 I Glide   : 	at okhttp3.internal.NamedRunnable.run(NamedRunnable.java:32)
08-05 23:45:22.145 30584 30584 I Glide   : 	at java.util.concurrent.ThreadPoolExecutor.runWorker(ThreadPoolExecutor.java:1113)
08-05 23:45:22.145 30584 30584 I Glide   : 	at java.util.concurrent.ThreadPoolExecutor$Worker.run(ThreadPoolExecutor.java:588)
08-05 23:45:22.145 30584 30584 I Glide   : 	at java.lang.Thread.run(Thread.java:818)
08-05 23:45:22.145 30584 30584 W Glide   : Load failed for http://sixgun.org/files/linuxoutlaws.jpg with size [224x224]
08-05 23:45:22.145 30584 30584 W Glide   : class com.bumptech.glide.load.engine.GlideException: Failed to load resource
08-05 23:45:22.145 30584 30584 W Glide   : There was 1 cause:
08-05 23:45:22.145 30584 30584 W Glide   : com.bumptech.glide.load.HttpException()
08-05 23:45:22.145 30584 30584 W Glide   :  call GlideException#logRootCauses(String) for more detail
08-05 23:45:22.145 30584 30584 W Glide   :   Cause (1 of 1): class com.bumptech.glide.load.engine.GlideException: Fetching data failed, class java.io.InputStream, REMOTE
08-05 23:45:22.145 30584 30584 W Glide   : There was 1 cause:
08-05 23:45:22.145 30584 30584 W Glide   : com.bumptech.glide.load.HttpException()
08-05 23:45:22.145 30584 30584 W Glide   :  call GlideException#logRootCauses(String) for more detail
08-05 23:45:22.145 30584 30584 W Glide   :     Cause (1 of 1): class com.bumptech.glide.load.HttpException: 
08-05 23:45:22.146 30584 30584 I Glide   : Root cause (1 of 1)
08-05 23:45:22.146 30584 30584 I Glide   : com.bumptech.glide.load.HttpException: 
08-05 23:45:22.146 30584 30584 I Glide   : 	at com.bumptech.glide.integration.okhttp3.OkHttpStreamFetcher.onResponse(OkHttpStreamFetcher.java:73)
08-05 23:45:22.146 30584 30584 I Glide   : 	at okhttp3.RealCall$AsyncCall.execute(RealCall.java:174)
08-05 23:45:22.146 30584 30584 I Glide   : 	at okhttp3.internal.NamedRunnable.run(NamedRunnable.java:32)
08-05 23:45:22.146 30584 30584 I Glide   : 	at java.util.concurrent.ThreadPoolExecutor.runWorker(ThreadPoolExecutor.java:1113)
08-05 23:45:22.146 30584 30584 I Glide   : 	at java.util.concurrent.ThreadPoolExecutor$Worker.run(ThreadPoolExecutor.java:588)
08-05 23:45:22.146 30584 30584 I Glide   : 	at java.lang.Thread.run(Thread.java:818)
08-05 23:45:22.177 30584 30596 I art     : Explicit concurrent mark sweep GC freed 908(95KB) AllocSpace objects, 0(0B) LOS objects, 23% free, 51MB/67MB, paused 2.055ms total 53.556ms
08-05 23:45:22.193 30584 30596 I art     : Starting a blocking GC Explicit
08-05 23:45:22.214   380   380 W SurfaceFlinger: couldn't log to binary event log: overflow.
08-05 23:45:22.239 30584 30596 I art     : Explicit concurrent mark sweep GC freed 663(27KB) AllocSpace objects, 0(0B) LOS objects, 23% free, 51MB/67MB, paused 1.501ms total 45.366ms
08-05 23:45:22.251 30584 30596 I art     : Starting a blocking GC Explicit
08-05 23:45:22.293 30584 30596 I art     : Explicit concurrent mark sweep GC freed 106(4KB) AllocSpace objects, 0(0B) LOS objects, 23% free, 51MB/67MB, paused 1.543ms total 41.432ms
08-05 23:45:22.305 30584 30596 I art     : Starting a blocking GC Explicit
08-05 23:45:22.348 30584 30596 I art     : Explicit concurrent mark sweep GC freed 2856(235KB) AllocSpace objects, 1(28KB) LOS objects, 23% free, 50MB/66MB, paused 1.703ms total 42.667ms
08-05 23:45:22.709 30584 31162 I art     : Starting a blocking GC Explicit
08-05 23:45:22.765 30584 31162 I art     : Explicit concurrent mark sweep GC freed 1411(83KB) AllocSpace objects, 1(20KB) LOS objects, 23% free, 50MB/66MB, paused 1.730ms total 55.844ms
08-05 23:45:22.780 30584 31162 I art     : Starting a blocking GC Explicit
08-05 23:45:22.824 30584 31162 I art     : Explicit concurrent mark sweep GC freed 23(752B) AllocSpace objects, 0(0B) LOS objects, 23% free, 50MB/66MB, paused 1.576ms total 44.079ms
08-05 23:45:22.838 30584 31162 I art     : Starting a blocking GC Explicit
08-05 23:45:22.881 30584 31162 I art     : Explicit concurrent mark sweep GC freed 3(96B) AllocSpace objects, 0(0B) LOS objects, 23% free, 50MB/66MB, paused 1.647ms total 43.531ms
08-05 23:45:22.894 30584 31162 I art     : Starting a blocking GC Explicit
08-05 23:45:22.939 30584 31162 I art     : Explicit concurrent mark sweep GC freed 3(96B) AllocSpace objects, 0(0B) LOS objects, 23% free, 50MB/66MB, paused 1.782ms total 43.856ms
08-05 23:45:22.952 30584 31162 I art     : Starting a blocking GC Explicit
08-05 23:45:22.995 30584 31162 I art     : Explicit concurrent mark sweep GC freed 3(96B) AllocSpace objects, 0(0B) LOS objects, 23% free, 50MB/66MB, paused 1.522ms total 43.018ms
08-05 23:45:23.338 30584 31025 I art     : Starting a blocking GC Explicit
08-05 23:45:23.390 30584 31025 I art     : Explicit concurrent mark sweep GC freed 1383(81KB) AllocSpace objects, 1(20KB) LOS objects, 23% free, 50MB/66MB, paused 2ms total 51.879ms
08-05 23:45:23.405 30584 31025 I art     : Starting a blocking GC Explicit
08-05 23:45:23.447 30584 31025 I art     : Explicit concurrent mark sweep GC freed 23(752B) AllocSpace objects, 0(0B) LOS objects, 23% free, 50MB/66MB, paused 1.699ms total 42.419ms
08-05 23:45:23.460 30584 31025 I art     : Starting a blocking GC Explicit
08-05 23:45:23.503 30584 31025 I art     : Explicit concurrent mark sweep GC freed 3(96B) AllocSpace objects, 0(0B) LOS objects, 23% free, 50MB/66MB, paused 1.603ms total 42.334ms
08-05 23:45:23.516 30584 31025 I art     : Starting a blocking GC Explicit
08-05 23:45:23.561 30584 31025 I art     : Explicit concurrent mark sweep GC freed 15(480B) AllocSpace objects, 0(0B) LOS objects, 23% free, 50MB/66MB, paused 1.648ms total 45.325ms
08-05 23:45:23.575 30584 31025 I art     : Starting a blocking GC Explicit
08-05 23:45:23.616 30584 31025 I art     : Explicit concurrent mark sweep GC freed 43(1232B) AllocSpace objects, 0(0B) LOS objects, 23% free, 50MB/66MB, paused 1.580ms total 40.714ms
08-05 23:45:23.676  1657  1657 D AndroidRuntime: >>>>>> START com.android.internal.os.RuntimeInit uid 2000 <<<<<<
08-05 23:45:23.682  1657  1657 D AndroidRuntime: CheckJNI is OFF
08-05 23:45:23.723  1657  1657 D ICU     : No timezone override file found: /data/misc/zoneinfo/current/icu/icu_tzdata.dat
08-05 23:45:23.769  1657  1657 I Radio-JNI: register_android_hardware_Radio DONE
08-05 23:45:23.797  1657  1657 D AndroidRuntime: Calling main entry com.android.commands.input.Input
08-05 23:45:23.800  1657  1657 I Input   : injectMotionEvent: MotionEvent { action=ACTION_DOWN, actionButton=0, id[0]=0, x[0]=526.0, y[0]=597.0, toolType[0]=TOOL_TYPE_UNKNOWN, buttonState=0, metaState=0, flags=0x0, edgeFlags=0x0, pointerCount=1, historySize=0, eventTime=834340212, downTime=834340212, deviceId=0, source=0x1002 }
08-05 23:45:23.806  1657  1657 I Input   : injectMotionEvent: MotionEvent { action=ACTION_UP, actionButton=0, id[0]=0, x[0]=526.0, y[0]=597.0, toolType[0]=TOOL_TYPE_UNKNOWN, buttonState=0, metaState=0, flags=0x0, edgeFlags=0x0, pointerCount=1, historySize=0, eventTime=834340212, downTime=834340212, deviceId=0, source=0x1002 }
08-05 23:45:23.809  1657  1657 D AndroidRuntime: Shutting down VM
08-05 23:45:23.838   518   646 I ThermalEngine: ACTION: GPU - Setting GPU[0] to 510000000
08-05 23:45:23.873 30584 30584 D PodcastListFragment: Selected podcast: GpodnetPodcast [url=http://feeds.feedburner.com/linuxoutlaws, title=Linux Outlaws, description=Two pragmatic geeks talk about the latest news concerning Linux, free and open
08-05 23:45:23.873 30584 30584 D PodcastListFragment: technology or anything else they deem noteworthy which may include such absurd
08-05 23:45:23.873 30584 30584 D PodcastListFragment: things as hockey or bands you never heard of. This means there's many a joke
08-05 23:45:23.873 30584 30584 D PodcastListFragment: and derailed conversation along the way, so don't come here expecting only
08-05 23:45:23.873 30584 30584 D PodcastListFragment: Linux or software freedom talk  just sit back and relax, partner., subscribers=3321, logoUrl=http://sixgun.org/files/linuxoutlaws.jpg, website=http://sixgun.org, mygpoLink=http://gpodder.net/podcast/linux-outlaws-mp3]
08-05 23:45:23.874   918  5481 I ActivityManager: START u0 {cmp=baseline.de.danoeh.antennapod.debug/baseline.de.danoeh.antennapod.activity.OnlineFeedViewActivity (has extras)} from uid 10711 on display 0
08-05 23:45:23.876   512  2967 D audio_hw_primary: out_set_parameters: enter: usecase(1: low-latency-playback) kvpairs: routing=2
08-05 23:45:23.889   512  2967 D audio_hw_primary: select_devices: out_snd_device(2: speaker) in_snd_device(0: none)
08-05 23:45:23.889   512  2967 D msm8974_platform: platform_send_audio_calibration: sending audio calibration for snd_device(2) acdb_id(15)
08-05 23:45:23.889   512  2967 I soundtrigger: audio_extn_sound_trigger_update_device_status: device 0x2 of type 0 for Event 1
08-05 23:45:23.902   512  2967 D audio_hw_primary: enable_snd_device: snd_device(2: speaker)
08-05 23:45:23.904   512  2967 D audio_hw_primary: enable_audio_route: apply and update mixer path: low-latency-playback speaker
08-05 23:45:23.910 30584 30584 D UserPreferences: Using default data folder
08-05 23:45:23.910 30584 30584 D OnlineFeedViewActivity: Activity was started with url http://feeds.feedburner.com/linuxoutlaws
08-05 23:45:23.913 30584 30584 D OnlineFeedViewActivity: Starting feed download
08-05 23:45:23.915 30584 31150 D DBReader: Extracting Feedlist
08-05 23:45:23.918   918   928 D WifiService: acquireWifiLockLocked: WifiLock{Downloader type=1 binder=android.os.BinderProxy@76a3193}
08-05 23:45:23.918 30584 31150 D AntennapodHttpClient: Creating new instance of HTTP client
08-05 23:45:23.959 13866 13866 I GoogleInputMethodServic: GoogleInputMethodService.onFinishInput():3138 
08-05 23:45:23.960 13866 13866 I GoogleInputMethodServic: GoogleInputMethodService.onStartInput():1808 
08-05 23:45:23.963 30584 31162 I art     : Starting a blocking GC Explicit
08-05 23:45:23.980   918   936 I ActivityManager: Displayed baseline.de.danoeh.antennapod.debug/baseline.de.danoeh.antennapod.activity.OnlineFeedViewActivity: +93ms
08-05 23:45:23.997 30584 31162 I art     : Explicit concurrent mark sweep GC freed 2833(185KB) AllocSpace objects, 1(20KB) LOS objects, 23% free, 51MB/67MB, paused 1.337ms total 34.555ms
08-05 23:45:24.002 30584 30605 D OpenGLRenderer: endAllStagingAnimators on 0x7f796a5000 (GridView) with handle 0x7f7e3d10c0
08-05 23:45:24.007 30584 31162 I art     : Starting a blocking GC Explicit
08-05 23:45:24.040 30584 31162 I art     : Explicit concurrent mark sweep GC freed 378(17KB) AllocSpace objects, 0(0B) LOS objects, 23% free, 51MB/67MB, paused 1.258ms total 32.527ms
08-05 23:45:24.050 30584 31162 I art     : Starting a blocking GC Explicit
08-05 23:45:24.053 30584 31150 D MYTAG   : interceptor 3a http://feeds.feedburner.com/linuxoutlaws
08-05 23:45:24.054 30584 31150 I NAPPA_EXPERIMENTATION: MetricNetworkRequestExecutionTime: REQUEST_DURATION_SYSTEM='135',REQUEST_DURATION_OKHTTP='38',REQUEST_SYNCHRONOUS='TRUE',RESPONSE_CODE='200',RESPONSE_METHOD='GET',RESPONSE_LENGTH_OKHTTP='-1',RESPONSE_LENGTH_HEADER='-2',REQUEST_PROTOCOL='http/1.1',REQUEST_URL='http://feeds.feedburner.com/linuxoutlaws',
08-05 23:45:24.054 30584 31150 D HttpDownloader: Response code is 200
08-05 23:45:24.054 30584 31150 D UserPreferences: Using default data folder
08-05 23:45:24.055 30584 31150 D HttpDownloader: Getting size of download
08-05 23:45:24.055 30584 31150 D HttpDownloader: Size is -1
08-05 23:45:24.055 30584 31150 D UserPreferences: Using default data folder
08-05 23:45:24.056 30584 31150 D HttpDownloader: Free space is 20471558144
08-05 23:45:24.056 30584 31150 D HttpDownloader: Starting download
08-05 23:45:24.060 30584 31150 D HttpDownloader: Download was successful
08-05 23:45:24.060   918  5952 D WifiService: releaseWifiLockLocked: WifiLock{Downloader type=1 binder=android.os.BinderProxy@76a3193}
08-05 23:45:24.060 30584 30584 D OnlineFeedViewActivity: Parsing feed
08-05 23:45:24.063 30584  1691 D TypeGetter: Recognized type RSS 2.0
08-05 23:45:24.064 30584  1691 D SyndHandler: Recognized Content namespace
08-05 23:45:24.064 30584  1691 D SyndHandler: Recognized DublinCore namespace
08-05 23:45:24.065 30584  1691 D SyndHandler: Recognized Atom namespace
08-05 23:45:24.065 30584  1691 D SyndHandler: Recognized ITunes namespace
08-05 23:45:24.065 30584  1691 D SyndHandler: Recognized media namespace
08-05 23:45:24.085 30584 31162 I art     : Explicit concurrent mark sweep GC freed 1334(310KB) AllocSpace objects, 3(60KB) LOS objects, 23% free, 51MB/67MB, paused 1.696ms total 33.958ms
08-05 23:45:24.095 30584 31162 I art     : Starting a blocking GC Explicit
08-05 23:45:24.101 30584  1691 D OnlineFeedViewActivity: Deleted feed source file. Result: true
08-05 23:45:24.101 30584 30584 D OnlineFeedViewActivity: Removing HTML from shownotes
08-05 23:45:24.116 30584 31555 D ApOkHttpUrlLoader: buildLoadData() called with: model = [http://sixgun.org/files/linuxoutlaws.jpg], width = [350], height = [350]
08-05 23:45:24.118 30584 31361 D DBReader: getImageAuthentication() called with: imageUrl = [http://sixgun.org/files/linuxoutlaws.jpg]
08-05 23:45:24.120 30584 31361 D ApOkHttpUrlLoader: no credentials for 'http://sixgun.org/files/linuxoutlaws.jpg'
08-05 23:45:24.131 30584 31162 I art     : Explicit concurrent mark sweep GC freed 4099(413KB) AllocSpace objects, 11(748KB) LOS objects, 23% free, 51MB/67MB, paused 1.731ms total 36.301ms
08-05 23:45:24.142 30584 31162 I art     : Starting a blocking GC Explicit
08-05 23:45:24.151 30584 31361 D DBWriter: updateFeedDownloadURL(original: http://sixgun.org/files/linuxoutlaws.jpg, updated: https://fab.industries/sixgun/files/linuxoutlaws.jpg)
08-05 23:45:24.175 30584 31162 I art     : Explicit concurrent mark sweep GC freed 1400(91KB) AllocSpace objects, 0(0B) LOS objects, 23% free, 51MB/67MB, paused 1.156ms total 33.284ms
08-05 23:45:24.233   380   380 W SurfaceFlinger: couldn't log to binary event log: overflow.
08-05 23:45:24.286 30584 31361 D MYTAG   : interceptor 2a
08-05 23:45:24.286 30584 31361 I NAPPA_EXPERIMENTATION: MetricNetworkRequestExecutionTime: REQUEST_DURATION_SYSTEM='166',REQUEST_DURATION_OKHTTP='132',REQUEST_SYNCHRONOUS='TRUE',RESPONSE_CODE='404',RESPONSE_METHOD='GET',RESPONSE_LENGTH_OKHTTP='-1',RESPONSE_LENGTH_HEADER='1503',REQUEST_PROTOCOL='h2',REQUEST_URL='https://fab.industries/sixgun/files/linuxoutlaws.jpg',
08-05 23:45:24.288 30584 30584 W Glide   : Load failed for http://sixgun.org/files/linuxoutlaws.jpg with size [350x350]
08-05 23:45:24.288 30584 30584 W Glide   : class com.bumptech.glide.load.engine.GlideException: Failed to load resource
08-05 23:45:24.288 30584 30584 W Glide   : There was 1 cause:
08-05 23:45:24.288 30584 30584 W Glide   : com.bumptech.glide.load.HttpException()
08-05 23:45:24.288 30584 30584 W Glide   :  call GlideException#logRootCauses(String) for more detail
08-05 23:45:24.288 30584 30584 W Glide   :   Cause (1 of 1): class com.bumptech.glide.load.engine.GlideException: Fetching data failed, class java.io.InputStream, REMOTE
08-05 23:45:24.288 30584 30584 W Glide   : There was 1 cause:
08-05 23:45:24.288 30584 30584 W Glide   : com.bumptech.glide.load.HttpException()
08-05 23:45:24.288 30584 30584 W Glide   :  call GlideException#logRootCauses(String) for more detail
08-05 23:45:24.288 30584 30584 W Glide   :     Cause (1 of 1): class com.bumptech.glide.load.HttpException: 
08-05 23:45:24.288 30584 30584 I Glide   : Root cause (1 of 1)
08-05 23:45:24.288 30584 30584 I Glide   : com.bumptech.glide.load.HttpException: 
08-05 23:45:24.288 30584 30584 I Glide   : 	at com.bumptech.glide.integration.okhttp3.OkHttpStreamFetcher.onResponse(OkHttpStreamFetcher.java:73)
08-05 23:45:24.288 30584 30584 I Glide   : 	at okhttp3.RealCall$AsyncCall.execute(RealCall.java:174)
08-05 23:45:24.288 30584 30584 I Glide   : 	at okhttp3.internal.NamedRunnable.run(NamedRunnable.java:32)
08-05 23:45:24.288 30584 30584 I Glide   : 	at java.util.concurrent.ThreadPoolExecutor.runWorker(ThreadPoolExecutor.java:1113)
08-05 23:45:24.288 30584 30584 I Glide   : 	at java.util.concurrent.ThreadPoolExecutor$Worker.run(ThreadPoolExecutor.java:588)
08-05 23:45:24.288 30584 30584 I Glide   : 	at java.lang.Thread.run(Thread.java:818)
08-05 23:45:24.357 30584 30584 D PlaybackController: Releasing PlaybackController
08-05 23:45:24.448   512  2967 D audio_hw_primary: disable_audio_route: reset and update mixer path: low-latency-playback speaker
08-05 23:45:24.449   512  2967 D audio_hw_primary: disable_snd_device: snd_device(2: speaker)
08-05 23:45:24.457   512  2967 I soundtrigger: audio_extn_sound_trigger_update_device_status: device 0x2 of type 0 for Event 0
08-05 23:45:24.481 30584 30596 I art     : Starting a blocking GC Explicit
08-05 23:45:24.521 30584 30596 I art     : Explicit concurrent mark sweep GC freed 2316(155KB) AllocSpace objects, 2(132KB) LOS objects, 23% free, 51MB/67MB, paused 1.262ms total 39.575ms
08-05 23:45:24.532 30584 30596 I art     : Starting a blocking GC Explicit
08-05 23:45:24.570 30584 30596 I art     : Explicit concurrent mark sweep GC freed 50(1776B) AllocSpace objects, 0(0B) LOS objects, 23% free, 51MB/67MB, paused 1.249ms total 37.926ms
08-05 23:45:24.581 30584 30596 I art     : Starting a blocking GC Explicit
08-05 23:45:24.619 30584 30596 I art     : Explicit concurrent mark sweep GC freed 32(880B) AllocSpace objects, 0(0B) LOS objects, 23% free, 51MB/67MB, paused 1.284ms total 37.836ms
08-05 23:45:24.630 30584 30596 I art     : Starting a blocking GC Explicit
08-05 23:45:24.668 30584 30596 I art     : Explicit concurrent mark sweep GC freed 3(96B) AllocSpace objects, 0(0B) LOS objects, 23% free, 51MB/67MB, paused 1.365ms total 37.960ms
08-05 23:45:24.679 30584 30596 I art     : Starting a blocking GC Explicit
08-05 23:45:24.717 30584 30596 I art     : Explicit concurrent mark sweep GC freed 3(96B) AllocSpace objects, 0(0B) LOS objects, 23% free, 51MB/67MB, paused 1.264ms total 37.619ms
08-05 23:45:24.842   518   646 I ThermalEngine: ACTION: GPU - Setting GPU[0] to 450000000
08-05 23:45:25.084 30584 31025 I art     : Starting a blocking GC Explicit
08-05 23:45:25.148 30584 31025 I art     : Explicit concurrent mark sweep GC freed 1384(81KB) AllocSpace objects, 1(20KB) LOS objects, 23% free, 51MB/67MB, paused 1.885ms total 63.341ms
08-05 23:45:25.164 30584 31025 I art     : Starting a blocking GC Explicit
08-05 23:45:25.209 30584 31025 I art     : Explicit concurrent mark sweep GC freed 23(752B) AllocSpace objects, 0(0B) LOS objects, 23% free, 51MB/67MB, paused 1.696ms total 45.097ms
08-05 23:45:25.223 30584 31025 I art     : Starting a blocking GC Explicit
08-05 23:45:25.269 30584 31025 I art     : Explicit concurrent mark sweep GC freed 3(96B) AllocSpace objects, 0(0B) LOS objects, 23% free, 51MB/67MB, paused 1.704ms total 45.863ms
08-05 23:45:25.282 30584 31025 I art     : Starting a blocking GC Explicit
08-05 23:45:25.329 30584 31025 I art     : Explicit concurrent mark sweep GC freed 3(96B) AllocSpace objects, 0(0B) LOS objects, 23% free, 51MB/67MB, paused 1.715ms total 46.496ms
08-05 23:45:25.343 30584 31025 I art     : Starting a blocking GC Explicit
08-05 23:45:25.389 30584 31025 I art     : Explicit concurrent mark sweep GC freed 3(96B) AllocSpace objects, 0(0B) LOS objects, 23% free, 51MB/67MB, paused 1.835ms total 46.117ms
08-05 23:45:25.781 30584 30596 I art     : Starting a blocking GC Explicit
08-05 23:45:25.828 30584 30596 I art     : Explicit concurrent mark sweep GC freed 1423(82KB) AllocSpace objects, 1(20KB) LOS objects, 23% free, 51MB/67MB, paused 1.604ms total 46.388ms
08-05 23:45:25.842 30584 30596 I art     : Starting a blocking GC Explicit
08-05 23:45:25.888 30584 30596 I art     : Explicit concurrent mark sweep GC freed 29(944B) AllocSpace objects, 0(0B) LOS objects, 23% free, 51MB/67MB, paused 1.605ms total 45.582ms
08-05 23:45:25.901 30584 30596 I art     : Starting a blocking GC Explicit
08-05 23:45:25.947 30584 30596 I art     : Explicit concurrent mark sweep GC freed 12(384B) AllocSpace objects, 0(0B) LOS objects, 23% free, 51MB/67MB, paused 1.616ms total 45.313ms
08-05 23:45:25.960 30584 30596 I art     : Starting a blocking GC Explicit
08-05 23:45:26.006 30584 30596 I art     : Explicit concurrent mark sweep GC freed 5(160B) AllocSpace objects, 0(0B) LOS objects, 23% free, 51MB/67MB, paused 1.525ms total 45.213ms
08-05 23:45:26.019 30584 30596 I art     : Starting a blocking GC Explicit
08-05 23:45:26.066 30584 30596 I art     : Explicit concurrent mark sweep GC freed 3(96B) AllocSpace objects, 0(0B) LOS objects, 23% free, 51MB/67MB, paused 1.650ms total 46.770ms
08-05 23:45:26.450 30584 31025 I art     : Starting a blocking GC Explicit
08-05 23:45:26.505 30584 31025 I art     : Explicit concurrent mark sweep GC freed 1381(81KB) AllocSpace objects, 1(20KB) LOS objects, 23% free, 51MB/67MB, paused 1.719ms total 54.729ms
08-05 23:45:26.519 30584 31025 I art     : Starting a blocking GC Explicit
08-05 23:45:26.572 30584 31025 I art     : Explicit concurrent mark sweep GC freed 23(752B) AllocSpace objects, 0(0B) LOS objects, 23% free, 51MB/67MB, paused 1.871ms total 52.426ms
08-05 23:45:26.589 30584 31025 I art     : Starting a blocking GC Explicit
08-05 23:45:26.640 30584 31025 I art     : Explicit concurrent mark sweep GC freed 29(752B) AllocSpace objects, 0(0B) LOS objects, 23% free, 51MB/67MB, paused 1.816ms total 50.603ms
08-05 23:45:26.657 30584 31025 I art     : Starting a blocking GC Explicit
08-05 23:45:26.707 30584 31025 I art     : Explicit concurrent mark sweep GC freed 6(224B) AllocSpace objects, 0(0B) LOS objects, 23% free, 51MB/67MB, paused 1.726ms total 49.775ms
08-05 23:45:26.721 30584 31025 I art     : Starting a blocking GC Explicit
08-05 23:45:26.773 30584 31025 I art     : Explicit concurrent mark sweep GC freed 3(96B) AllocSpace objects, 0(0B) LOS objects, 23% free, 51MB/67MB, paused 1.779ms total 51.229ms
08-05 23:45:27.167 30584 30617 I art     : Starting a blocking GC Explicit
08-05 23:45:27.222 30584 30617 I art     : Explicit concurrent mark sweep GC freed 1381(81KB) AllocSpace objects, 1(20KB) LOS objects, 23% free, 51MB/67MB, paused 1.702ms total 54.990ms
08-05 23:45:27.237 30584 30617 I art     : Starting a blocking GC Explicit
08-05 23:45:27.287 30584 30617 I art     : Explicit concurrent mark sweep GC freed 23(752B) AllocSpace objects, 0(0B) LOS objects, 23% free, 51MB/67MB, paused 1.697ms total 50.177ms
08-05 23:45:27.301 30584 30617 I art     : Starting a blocking GC Explicit
08-05 23:45:27.350 30584 30617 I art     : Explicit concurrent mark sweep GC freed 3(96B) AllocSpace objects, 0(0B) LOS objects, 23% free, 51MB/67MB, paused 1.732ms total 49.029ms
08-05 23:45:27.364 30584 30617 I art     : Starting a blocking GC Explicit
08-05 23:45:27.415 30584 30617 I art     : Explicit concurrent mark sweep GC freed 3(96B) AllocSpace objects, 0(0B) LOS objects, 23% free, 51MB/67MB, paused 1.716ms total 50.170ms
08-05 23:45:27.429 30584 30617 I art     : Starting a blocking GC Explicit
08-05 23:45:27.478 30584 30617 I art     : Explicit concurrent mark sweep GC freed 3(96B) AllocSpace objects, 0(0B) LOS objects, 23% free, 51MB/67MB, paused 1.850ms total 48.651ms
08-05 23:45:27.860 30584 31162 I art     : Starting a blocking GC Explicit
08-05 23:45:27.919 30584 31162 I art     : Explicit concurrent mark sweep GC freed 1412(84KB) AllocSpace objects, 1(20KB) LOS objects, 23% free, 51MB/67MB, paused 1.834ms total 59.089ms
08-05 23:45:27.935 30584 31162 I art     : Starting a blocking GC Explicit
08-05 23:45:27.984 30584 31162 I art     : Explicit concurrent mark sweep GC freed 23(752B) AllocSpace objects, 0(0B) LOS objects, 23% free, 51MB/67MB, paused 1.697ms total 48.958ms
08-05 23:45:27.998 30584 31162 I art     : Starting a blocking GC Explicit
08-05 23:45:28.048 30584 31162 I art     : Explicit concurrent mark sweep GC freed 3(96B) AllocSpace objects, 0(0B) LOS objects, 23% free, 51MB/67MB, paused 1.668ms total 49.388ms
08-05 23:45:28.061 30584 31162 I art     : Starting a blocking GC Explicit
08-05 23:45:28.106 30584 31162 I art     : Explicit concurrent mark sweep GC freed 3(96B) AllocSpace objects, 0(0B) LOS objects, 23% free, 51MB/67MB, paused 1.601ms total 44.564ms
08-05 23:45:28.119 30584 31162 I art     : Starting a blocking GC Explicit
08-05 23:45:28.164 30584 31162 I art     : Explicit concurrent mark sweep GC freed 3(96B) AllocSpace objects, 0(0B) LOS objects, 23% free, 51MB/67MB, paused 1.630ms total 44.273ms
08-05 23:45:28.546 30584 30597 I art     : Starting a blocking GC Explicit
08-05 23:45:28.602 30584 30597 I art     : Explicit concurrent mark sweep GC freed 1413(82KB) AllocSpace objects, 1(20KB) LOS objects, 23% free, 51MB/67MB, paused 1.905ms total 55.389ms
08-05 23:45:28.617  1760  1760 D AndroidRuntime: >>>>>> START com.android.internal.os.RuntimeInit uid 2000 <<<<<<
08-05 23:45:28.617 30584 30597 I art     : Starting a blocking GC Explicit
08-05 23:45:28.623  1760  1760 D AndroidRuntime: CheckJNI is OFF
08-05 23:45:28.663 30584 30597 I art     : Explicit concurrent mark sweep GC freed 23(752B) AllocSpace objects, 0(0B) LOS objects, 23% free, 51MB/67MB, paused 1.685ms total 45.415ms
08-05 23:45:28.668  1760  1760 D ICU     : No timezone override file found: /data/misc/zoneinfo/current/icu/icu_tzdata.dat
08-05 23:45:28.676 30584 30597 I art     : Starting a blocking GC Explicit
08-05 23:45:28.715  1760  1760 I Radio-JNI: register_android_hardware_Radio DONE
08-05 23:45:28.721 30584 30597 I art     : Explicit concurrent mark sweep GC freed 3(96B) AllocSpace objects, 0(0B) LOS objects, 23% free, 51MB/67MB, paused 1.751ms total 45.196ms
08-05 23:45:28.734 30584 30597 I art     : Starting a blocking GC Explicit
08-05 23:45:28.746  1760  1760 D AndroidRuntime: Calling main entry com.android.commands.input.Input
08-05 23:45:28.748  1760  1760 I Input   : injectKeyEvent: KeyEvent { action=ACTION_DOWN, keyCode=KEYCODE_BACK, scanCode=0, metaState=0, flags=0x0, repeatCount=0, eventTime=834345161, downTime=834345161, deviceId=-1, source=0x101 }
08-05 23:45:28.756  1760  1760 I Input   : injectKeyEvent: KeyEvent { action=ACTION_UP, keyCode=KEYCODE_BACK, scanCode=0, metaState=0, flags=0x0, repeatCount=0, eventTime=834345161, downTime=834345161, deviceId=-1, source=0x101 }
08-05 23:45:28.762  1760  1760 D AndroidRuntime: Shutting down VM
08-05 23:45:28.767 30584 30584 V PlaybackController: initServiceNotRunning()
08-05 23:45:28.768 30584 30584 D ExternalPlayerFragment: Loading media info
08-05 23:45:28.772 30584 31555 D ApOkHttpUrlLoader: buildLoadData() called with: model = [http://sixgun.org/files/linuxoutlaws.jpg], width = [224], height = [224]
08-05 23:45:28.777 30584 31361 D DBReader: getImageAuthentication() called with: imageUrl = [http://sixgun.org/files/linuxoutlaws.jpg]
08-05 23:45:28.778 30584 30584 D UserPreferences: Using default data folder
08-05 23:45:28.778 30584 30597 I art     : Explicit concurrent mark sweep GC freed 229(10KB) AllocSpace objects, 0(0B) LOS objects, 23% free, 51MB/67MB, paused 2.014ms total 43.465ms
08-05 23:45:28.780 30584 31150 D DBReader: getNavDrawerData() called with: 
08-05 23:45:28.784 30584 31361 D ApOkHttpUrlLoader: no credentials for 'http://sixgun.org/files/linuxoutlaws.jpg'
08-05 23:45:28.792 30584 30597 I art     : Starting a blocking GC Explicit
08-05 23:45:28.798 30584 31150 D DBReader: getDownloadedItems() called
08-05 23:45:28.800 30584 31150 D DBReader: getFavoriteIDList() called
08-05 23:45:28.800 30584 31150 D DBReader: getQueueIDList() called
08-05 23:45:28.801 30584 31150 D DBReader: Extracting Feedlist
08-05 23:45:28.832 30584 30597 I art     : Explicit concurrent mark sweep GC freed 713(56KB) AllocSpace objects, 0(0B) LOS objects, 23% free, 51MB/67MB, paused 1.676ms total 39.818ms
08-05 23:45:28.839 13866 13866 I GoogleInputMethodServic: GoogleInputMethodService.onFinishInput():3138 
08-05 23:45:28.839 30584 30584 D MainActivity: getLastNavFragment() -> AddFeedFragment
08-05 23:45:28.839 13866 13866 I GoogleInputMethodServic: GoogleInputMethodService.onStartInput():1808 
08-05 23:45:28.857 30584 31361 D DBWriter: updateFeedDownloadURL(original: http://sixgun.org/files/linuxoutlaws.jpg, updated: https://fab.industries/sixgun/files/linuxoutlaws.jpg)
08-05 23:45:29.001 30584 31361 D MYTAG   : interceptor 2a
08-05 23:45:29.001 30584 31361 I NAPPA_EXPERIMENTATION: MetricNetworkRequestExecutionTime: REQUEST_DURATION_SYSTEM='217',REQUEST_DURATION_OKHTTP='141',REQUEST_SYNCHRONOUS='TRUE',RESPONSE_CODE='404',RESPONSE_METHOD='GET',RESPONSE_LENGTH_OKHTTP='-1',RESPONSE_LENGTH_HEADER='1503',REQUEST_PROTOCOL='h2',REQUEST_URL='https://fab.industries/sixgun/files/linuxoutlaws.jpg',
08-05 23:45:29.002 30584 30584 W Glide   : Load failed for http://sixgun.org/files/linuxoutlaws.jpg with size [224x224]
08-05 23:45:29.002 30584 30584 W Glide   : class com.bumptech.glide.load.engine.GlideException: Failed to load resource
08-05 23:45:29.002 30584 30584 W Glide   : There was 1 cause:
08-05 23:45:29.002 30584 30584 W Glide   : com.bumptech.glide.load.HttpException()
08-05 23:45:29.002 30584 30584 W Glide   :  call GlideException#logRootCauses(String) for more detail
08-05 23:45:29.002 30584 30584 W Glide   :   Cause (1 of 1): class com.bumptech.glide.load.engine.GlideException: Fetching data failed, class java.io.InputStream, REMOTE
08-05 23:45:29.002 30584 30584 W Glide   : There was 1 cause:
08-05 23:45:29.002 30584 30584 W Glide   : com.bumptech.glide.load.HttpException()
08-05 23:45:29.002 30584 30584 W Glide   :  call GlideException#logRootCauses(String) for more detail
08-05 23:45:29.002 30584 30584 W Glide   :     Cause (1 of 1): class com.bumptech.glide.load.HttpException: 
08-05 23:45:29.003 30584 30584 I Glide   : Root cause (1 of 1)
08-05 23:45:29.003 30584 30584 I Glide   : com.bumptech.glide.load.HttpException: 
08-05 23:45:29.003 30584 30584 I Glide   : 	at com.bumptech.glide.integration.okhttp3.OkHttpStreamFetcher.onResponse(OkHttpStreamFetcher.java:73)
08-05 23:45:29.003 30584 30584 I Glide   : 	at okhttp3.RealCall$AsyncCall.execute(RealCall.java:174)
08-05 23:45:29.003 30584 30584 I Glide   : 	at okhttp3.internal.NamedRunnable.run(NamedRunnable.java:32)
08-05 23:45:29.003 30584 30584 I Glide   : 	at java.util.concurrent.ThreadPoolExecutor.runWorker(ThreadPoolExecutor.java:1113)
08-05 23:45:29.003 30584 30584 I Glide   : 	at java.util.concurrent.ThreadPoolExecutor$Worker.run(ThreadPoolExecutor.java:588)
08-05 23:45:29.003 30584 30584 I Glide   : 	at java.lang.Thread.run(Thread.java:818)
08-05 23:45:29.003 30584 30584 W Glide   : Load failed for http://sixgun.org/files/linuxoutlaws.jpg with size [224x224]
08-05 23:45:29.003 30584 30584 W Glide   : class com.bumptech.glide.load.engine.GlideException: Failed to load resource
08-05 23:45:29.003 30584 30584 W Glide   : There was 1 cause:
08-05 23:45:29.003 30584 30584 W Glide   : com.bumptech.glide.load.HttpException()
08-05 23:45:29.003 30584 30584 W Glide   :  call GlideException#logRootCauses(String) for more detail
08-05 23:45:29.003 30584 30584 W Glide   :   Cause (1 of 1): class com.bumptech.glide.load.engine.GlideException: Fetching data failed, class java.io.InputStream, REMOTE
08-05 23:45:29.003 30584 30584 W Glide   : There was 1 cause:
08-05 23:45:29.003 30584 30584 W Glide   : com.bumptech.glide.load.HttpException()
08-05 23:45:29.003 30584 30584 W Glide   :  call GlideException#logRootCauses(String) for more detail
08-05 23:45:29.003 30584 30584 W Glide   :     Cause (1 of 1): class com.bumptech.glide.load.HttpException: 
08-05 23:45:29.004 30584 30584 I Glide   : Root cause (1 of 1)
08-05 23:45:29.004 30584 30584 I Glide   : com.bumptech.glide.load.HttpException: 
08-05 23:45:29.004 30584 30584 I Glide   : 	at com.bumptech.glide.integration.okhttp3.OkHttpStreamFetcher.onResponse(OkHttpStreamFetcher.java:73)
08-05 23:45:29.004 30584 30584 I Glide   : 	at okhttp3.RealCall$AsyncCall.execute(RealCall.java:174)
08-05 23:45:29.004 30584 30584 I Glide   : 	at okhttp3.internal.NamedRunnable.run(NamedRunnable.java:32)
08-05 23:45:29.004 30584 30584 I Glide   : 	at java.util.concurrent.ThreadPoolExecutor.runWorker(ThreadPoolExecutor.java:1113)
08-05 23:45:29.004 30584 30584 I Glide   : 	at java.util.concurrent.ThreadPoolExecutor$Worker.run(ThreadPoolExecutor.java:588)
08-05 23:45:29.004 30584 30584 I Glide   : 	at java.lang.Thread.run(Thread.java:818)
08-05 23:45:29.124   380   380 W SurfaceFlinger: couldn't log to binary event log: overflow.
08-05 23:45:29.179 30584 31162 I art     : Starting a blocking GC Explicit
08-05 23:45:29.224 30584 31162 I art     : Explicit concurrent mark sweep GC freed 3584(234KB) AllocSpace objects, 1(20KB) LOS objects, 23% free, 51MB/67MB, paused 1.573ms total 44.805ms
08-05 23:45:29.237 30584 31162 I art     : Starting a blocking GC Explicit
08-05 23:45:29.282 30584 31162 I art     : Explicit concurrent mark sweep GC freed 3066(248KB) AllocSpace objects, 1(28KB) LOS objects, 23% free, 50MB/66MB, paused 1.649ms total 44.250ms
08-05 23:45:29.295 30584 31162 I art     : Starting a blocking GC Explicit
08-05 23:45:29.339 30584 31162 I art     : Explicit concurrent mark sweep GC freed 3(96B) AllocSpace objects, 0(0B) LOS objects, 23% free, 50MB/66MB, paused 1.694ms total 44.104ms
08-05 23:45:29.352 30584 31162 I art     : Starting a blocking GC Explicit
08-05 23:45:29.397 30584 31162 I art     : Explicit concurrent mark sweep GC freed 8(256B) AllocSpace objects, 0(0B) LOS objects, 23% free, 50MB/66MB, paused 1.674ms total 44.593ms
08-05 23:45:29.411 30584 31162 I art     : Starting a blocking GC Explicit
08-05 23:45:29.456 30584 31162 I art     : Explicit concurrent mark sweep GC freed 15(656B) AllocSpace objects, 0(0B) LOS objects, 23% free, 50MB/66MB, paused 1.561ms total 44.736ms
08-05 23:45:29.812 30584 30596 I art     : Starting a blocking GC Explicit
08-05 23:45:29.866 30584 30596 I art     : Explicit concurrent mark sweep GC freed 1419(82KB) AllocSpace objects, 1(20KB) LOS objects, 23% free, 50MB/66MB, paused 1.652ms total 54.075ms
08-05 23:45:29.882 30584 30596 I art     : Starting a blocking GC Explicit
08-05 23:45:29.931 30584 30596 I art     : Explicit concurrent mark sweep GC freed 23(752B) AllocSpace objects, 0(0B) LOS objects, 23% free, 50MB/66MB, paused 1.593ms total 47.986ms
08-05 23:45:29.944 30584 30596 I art     : Starting a blocking GC Explicit
08-05 23:45:29.988 30584 30596 I art     : Explicit concurrent mark sweep GC freed 3(96B) AllocSpace objects, 0(0B) LOS objects, 23% free, 50MB/66MB, paused 1.695ms total 43.824ms
08-05 23:45:30.002 30584 30596 I art     : Starting a blocking GC Explicit
08-05 23:45:30.045 30584 30596 I art     : Explicit concurrent mark sweep GC freed 3(96B) AllocSpace objects, 0(0B) LOS objects, 23% free, 50MB/66MB, paused 1.509ms total 42.988ms
08-05 23:45:30.058 30584 30596 I art     : Starting a blocking GC Explicit
08-05 23:45:30.100 30584 30596 I art     : Explicit concurrent mark sweep GC freed 3(96B) AllocSpace objects, 0(0B) LOS objects, 23% free, 50MB/66MB, paused 1.619ms total 42.198ms
08-05 23:45:30.448 30584 30597 I art     : Starting a blocking GC Explicit
08-05 23:45:30.495 30584 30597 I art     : Explicit concurrent mark sweep GC freed 1408(82KB) AllocSpace objects, 1(20KB) LOS objects, 23% free, 50MB/66MB, paused 1.938ms total 46.530ms
08-05 23:45:30.510 30584 30597 I art     : Starting a blocking GC Explicit
08-05 23:45:30.538  1808  1808 D AndroidRuntime: >>>>>> START com.android.internal.os.RuntimeInit uid 2000 <<<<<<
08-05 23:45:30.543  1808  1808 D AndroidRuntime: CheckJNI is OFF
08-05 23:45:30.551 30584 30597 I art     : Explicit concurrent mark sweep GC freed 36(1168B) AllocSpace objects, 0(0B) LOS objects, 23% free, 50MB/66MB, paused 1.699ms total 40.113ms
08-05 23:45:30.563 30584 30597 I art     : Starting a blocking GC Explicit
08-05 23:45:30.585  1808  1808 D ICU     : No timezone override file found: /data/misc/zoneinfo/current/icu/icu_tzdata.dat
08-05 23:45:30.603 30584 30597 I art     : Explicit concurrent mark sweep GC freed 44(1264B) AllocSpace objects, 0(0B) LOS objects, 23% free, 50MB/66MB, paused 1.545ms total 39.363ms
08-05 23:45:30.615 30584 30597 I art     : Starting a blocking GC Explicit
08-05 23:45:30.629  1808  1808 I Radio-JNI: register_android_hardware_Radio DONE
08-05 23:45:30.655 30584 30597 I art     : Explicit concurrent mark sweep GC freed 12(384B) AllocSpace objects, 0(0B) LOS objects, 23% free, 50MB/66MB, paused 1.604ms total 39.292ms
08-05 23:45:30.658  1808  1808 D AndroidRuntime: Calling main entry com.android.commands.input.Input
08-05 23:45:30.660  1808  1808 I Input   : injectKeyEvent: KeyEvent { action=ACTION_DOWN, keyCode=KEYCODE_BACK, scanCode=0, metaState=0, flags=0x0, repeatCount=0, eventTime=834347073, downTime=834347073, deviceId=-1, source=0x101 }
08-05 23:45:30.667 30584 30597 I art     : Starting a blocking GC Explicit
08-05 23:45:30.667  1808  1808 I Input   : injectKeyEvent: KeyEvent { action=ACTION_UP, keyCode=KEYCODE_BACK, scanCode=0, metaState=0, flags=0x0, repeatCount=0, eventTime=834347073, downTime=834347073, deviceId=-1, source=0x101 }
08-05 23:45:30.690  1808  1808 D AndroidRuntime: Shutting down VM
08-05 23:45:30.708 30584 30597 I art     : Explicit concurrent mark sweep GC freed 2076(85KB) AllocSpace objects, 0(0B) LOS objects, 23% free, 50MB/66MB, paused 1.669ms total 40.955ms
08-05 23:45:31.048 30584 31162 I art     : Starting a blocking GC Explicit
08-05 23:45:31.108 30584 31162 I art     : Explicit concurrent mark sweep GC freed 1704(102KB) AllocSpace objects, 1(20KB) LOS objects, 23% free, 50MB/66MB, paused 1.750ms total 59.290ms
08-05 23:45:31.123 30584 31162 I art     : Starting a blocking GC Explicit
08-05 23:45:31.168 30584 31162 I art     : Explicit concurrent mark sweep GC freed 5145(378KB) AllocSpace objects, 9(1620KB) LOS objects, 24% free, 48MB/64MB, paused 1.556ms total 43.846ms
08-05 23:45:31.180 30584 31162 I art     : Starting a blocking GC Explicit
08-05 23:45:31.223 30584 31162 I art     : Explicit concurrent mark sweep GC freed 3(96B) AllocSpace objects, 0(0B) LOS objects, 24% free, 48MB/64MB, paused 1.779ms total 42.064ms
08-05 23:45:31.236 30584 31162 I art     : Starting a blocking GC Explicit
08-05 23:45:31.279 30584 31162 I art     : Explicit concurrent mark sweep GC freed 3(96B) AllocSpace objects, 0(0B) LOS objects, 24% free, 48MB/64MB, paused 1.646ms total 42.686ms
08-05 23:45:31.292 30584 31162 I art     : Starting a blocking GC Explicit
08-05 23:45:31.334 30584 31162 I art     : Explicit concurrent mark sweep GC freed 3(96B) AllocSpace objects, 0(0B) LOS objects, 24% free, 48MB/64MB, paused 1.597ms total 42.090ms
08-05 23:45:31.704 30584 30596 I art     : Starting a blocking GC Explicit
08-05 23:45:31.761 30584 30596 I art     : Explicit concurrent mark sweep GC freed 1411(82KB) AllocSpace objects, 1(20KB) LOS objects, 24% free, 48MB/64MB, paused 1.871ms total 57.474ms
08-05 23:45:31.779 30584 30596 I art     : Starting a blocking GC Explicit
08-05 23:45:31.820 30584 30596 I art     : Explicit concurrent mark sweep GC freed 23(752B) AllocSpace objects, 0(0B) LOS objects, 24% free, 48MB/64MB, paused 1.760ms total 40.591ms
08-05 23:45:31.833 30584 30596 I art     : Starting a blocking GC Explicit
08-05 23:45:31.875 30584 30596 I art     : Explicit concurrent mark sweep GC freed 3(96B) AllocSpace objects, 0(0B) LOS objects, 24% free, 48MB/64MB, paused 1.658ms total 41.887ms
08-05 23:45:31.888 30584 30596 I art     : Starting a blocking GC Explicit
08-05 23:45:31.929 30584 30596 I art     : Explicit concurrent mark sweep GC freed 3(96B) AllocSpace objects, 0(0B) LOS objects, 24% free, 48MB/64MB, paused 1.488ms total 41.325ms
08-05 23:45:31.942 30584 30596 I art     : Starting a blocking GC Explicit
08-05 23:45:31.982 30584 30596 I art     : Explicit concurrent mark sweep GC freed 3(96B) AllocSpace objects, 0(0B) LOS objects, 24% free, 48MB/64MB, paused 1.557ms total 39.030ms
08-05 23:45:32.366 30584 30617 I art     : Starting a blocking GC Explicit
08-05 23:45:32.408 30584 30617 I art     : Explicit concurrent mark sweep GC freed 1395(83KB) AllocSpace objects, 1(20KB) LOS objects, 24% free, 48MB/64MB, paused 1.654ms total 41.598ms
08-05 23:45:32.422 30584 30617 I art     : Starting a blocking GC Explicit
08-05 23:45:32.460  1851  1851 D AndroidRuntime: >>>>>> START com.android.internal.os.RuntimeInit uid 2000 <<<<<<
08-05 23:45:32.464 30584 30617 I art     : Explicit concurrent mark sweep GC freed 31(1008B) AllocSpace objects, 0(0B) LOS objects, 24% free, 48MB/64MB, paused 1.669ms total 41.243ms
08-05 23:45:32.466  1851  1851 D AndroidRuntime: CheckJNI is OFF
08-05 23:45:32.477 30584 30617 I art     : Starting a blocking GC Explicit
08-05 23:45:32.510  1851  1851 D ICU     : No timezone override file found: /data/misc/zoneinfo/current/icu/icu_tzdata.dat
08-05 23:45:32.516 30584 30617 I art     : Explicit concurrent mark sweep GC freed 9(288B) AllocSpace objects, 0(0B) LOS objects, 24% free, 48MB/64MB, paused 1.487ms total 38.216ms
08-05 23:45:32.528 30584 30617 I art     : Starting a blocking GC Explicit
08-05 23:45:32.553  1851  1851 I Radio-JNI: register_android_hardware_Radio DONE
08-05 23:45:32.567 30584 30617 I art     : Explicit concurrent mark sweep GC freed 6(192B) AllocSpace objects, 0(0B) LOS objects, 24% free, 48MB/64MB, paused 1.509ms total 38.405ms
08-05 23:45:32.579 30584 30617 I art     : Starting a blocking GC Explicit
08-05 23:45:32.582  1851  1851 D AndroidRuntime: Calling main entry com.android.commands.input.Input
08-05 23:45:32.584  1851  1851 I Input   : injectMotionEvent: MotionEvent { action=ACTION_DOWN, actionButton=0, id[0]=0, x[0]=603.0, y[0]=1061.0, toolType[0]=TOOL_TYPE_UNKNOWN, buttonState=0, metaState=0, flags=0x0, edgeFlags=0x0, pointerCount=1, historySize=0, eventTime=834348997, downTime=834348997, deviceId=0, source=0x1002 }
08-05 23:45:32.590  1851  1851 I Input   : injectMotionEvent: MotionEvent { action=ACTION_UP, actionButton=0, id[0]=0, x[0]=603.0, y[0]=1061.0, toolType[0]=TOOL_TYPE_UNKNOWN, buttonState=0, metaState=0, flags=0x0, edgeFlags=0x0, pointerCount=1, historySize=0, eventTime=834348997, downTime=834348997, deviceId=0, source=0x1002 }
08-05 23:45:32.592  1851  1851 D AndroidRuntime: Shutting down VM
08-05 23:45:32.601   512  2967 D audio_hw_primary: out_set_parameters: enter: usecase(1: low-latency-playback) kvpairs: routing=2
08-05 23:45:32.615   512  2967 D audio_hw_primary: select_devices: out_snd_device(2: speaker) in_snd_device(0: none)
08-05 23:45:32.615   512  2967 D msm8974_platform: platform_send_audio_calibration: sending audio calibration for snd_device(2) acdb_id(15)
08-05 23:45:32.615   512  2967 I soundtrigger: audio_extn_sound_trigger_update_device_status: device 0x2 of type 0 for Event 1
08-05 23:45:32.620 30584 30617 I art     : Explicit concurrent mark sweep GC freed 859(35KB) AllocSpace objects, 0(0B) LOS objects, 24% free, 49MB/65MB, paused 2.354ms total 40.400ms
08-05 23:45:32.625   512  2967 D audio_hw_primary: enable_snd_device: snd_device(2: speaker)
08-05 23:45:32.627   512  2967 D audio_hw_primary: enable_audio_route: apply and update mixer path: low-latency-playback speaker
08-05 23:45:32.761 30584   821 I NAPPA_EXPERIMENTATION: MetricNetworkRequestExecutionTime: REQUEST_DURATION_SYSTEM='135',REQUEST_DURATION_OKHTTP='134',REQUEST_SYNCHRONOUS='TRUE',RESPONSE_CODE='200',RESPONSE_METHOD='GET',RESPONSE_LENGTH_OKHTTP='2923',RESPONSE_LENGTH_HEADER='2923',REQUEST_PROTOCOL='http/1.1',REQUEST_URL='https://gpodder.net/api/2/tags/50.json',
08-05 23:45:32.768 30584  1874 I NAPPA_EXPERIMENTATION: MetricNetworkRequestExecutionTime: REQUEST_DURATION_SYSTEM='145',REQUEST_DURATION_OKHTTP='144',REQUEST_SYNCHRONOUS='TRUE',RESPONSE_CODE='200',RESPONSE_METHOD='GET',RESPONSE_LENGTH_OKHTTP='37507',RESPONSE_LENGTH_HEADER='37507',REQUEST_PROTOCOL='http/1.1',REQUEST_URL='https://gpodder.net/toplist/50.json',
08-05 23:45:32.827 30584 31555 D ApOkHttpUrlLoader: buildLoadData() called with: model = [http://sixgun.org/files/linuxoutlaws.jpg], width = [224], height = [224]
08-05 23:45:32.828 30584 31361 D DBReader: getImageAuthentication() called with: imageUrl = [http://sixgun.org/files/linuxoutlaws.jpg]
08-05 23:45:32.832 30584 31361 D ApOkHttpUrlLoader: no credentials for 'http://sixgun.org/files/linuxoutlaws.jpg'
08-05 23:45:32.835 30584 31555 D ApOkHttpUrlLoader: buildLoadData() called with: model = [https://files.thisamericanlife.org/sites/all/themes/thislife/img/tal-name-1400x1400.png], width = [224], height = [224]
08-05 23:45:32.840 30584 31555 D ApOkHttpUrlLoader: buildLoadData() called with: model = [https://elroy.twit.tv/sites/default/files/styles/twit_album_art_2048x2048/public/images/shows/floss_weekly/album_art/audio/floss_albumart_mask.jpg?itok=IUjxKpwt], width = [224], height = [224]
08-05 23:45:32.846 30584 31555 D ApOkHttpUrlLoader: buildLoadData() called with: model = [http://ichef.bbci.co.uk/images/ic/3000x3000/p07kfvzb.jpg], width = [224], height = [224]
08-05 23:45:32.852   918  3261 D WifiStateMachine: starting scan for "H369AA63323"WPA_PSK with 2412,5180
08-05 23:45:32.852 30584 31555 D ApOkHttpUrlLoader: buildLoadData() called with: model = [https://pl.tedcdn.com/rss_feed_images/ted_talks_main_podcast/video.png], width = [224], height = [224]
08-05 23:45:32.858 30584 31555 D ApOkHttpUrlLoader: buildLoadData() called with: model = [https://elroy.twit.tv/sites/default/files/styles/twit_album_art_2048x2048/public/images/shows/this_week_in_tech/album_art/audio/twit1400audio.jpg?itok=J0vhatZb], width = [224], height = [224]
08-05 23:45:32.865 30584 31555 D ApOkHttpUrlLoader: buildLoadData() called with: model = [http://ichef.bbci.co.uk/images/ic/3000x3000/p03gtk3j.jpg], width = [224], height = [224]
08-05 23:45:32.905 30584 31361 D DBWriter: updateFeedDownloadURL(original: http://sixgun.org/files/linuxoutlaws.jpg, updated: https://fab.industries/sixgun/files/linuxoutlaws.jpg)
08-05 23:45:32.949 30584 31162 I art     : Starting a blocking GC Explicit
08-05 23:45:32.997 30584 31162 I art     : Explicit concurrent mark sweep GC freed 10032(603KB) AllocSpace objects, 4(212KB) LOS objects, 23% free, 51MB/67MB, paused 1.672ms total 47.768ms
08-05 23:45:33.013 30584 31162 I art     : Starting a blocking GC Explicit
08-05 23:45:33.051 30584 31361 D MYTAG   : interceptor 2a
08-05 23:45:33.051 30584 31361 I NAPPA_EXPERIMENTATION: MetricNetworkRequestExecutionTime: REQUEST_DURATION_SYSTEM='219',REQUEST_DURATION_OKHTTP='143',REQUEST_SYNCHRONOUS='TRUE',RESPONSE_CODE='404',RESPONSE_METHOD='GET',RESPONSE_LENGTH_OKHTTP='-1',RESPONSE_LENGTH_HEADER='1503',REQUEST_PROTOCOL='h2',REQUEST_URL='https://fab.industries/sixgun/files/linuxoutlaws.jpg',
08-05 23:45:33.052 30584 30584 W Glide   : Load failed for http://sixgun.org/files/linuxoutlaws.jpg with size [224x224]
08-05 23:45:33.052 30584 30584 W Glide   : class com.bumptech.glide.load.engine.GlideException: Failed to load resource
08-05 23:45:33.052 30584 30584 W Glide   : There was 1 cause:
08-05 23:45:33.052 30584 30584 W Glide   : com.bumptech.glide.load.HttpException()
08-05 23:45:33.052 30584 30584 W Glide   :  call GlideException#logRootCauses(String) for more detail
08-05 23:45:33.052 30584 30584 W Glide   :   Cause (1 of 1): class com.bumptech.glide.load.engine.GlideException: Fetching data failed, class java.io.InputStream, REMOTE
08-05 23:45:33.052 30584 30584 W Glide   : There was 1 cause:
08-05 23:45:33.052 30584 30584 W Glide   : com.bumptech.glide.load.HttpException()
08-05 23:45:33.052 30584 30584 W Glide   :  call GlideException#logRootCauses(String) for more detail
08-05 23:45:33.052 30584 30584 W Glide   :     Cause (1 of 1): class com.bumptech.glide.load.HttpException: 
08-05 23:45:33.052 30584 30584 I Glide   : Root cause (1 of 1)
08-05 23:45:33.052 30584 30584 I Glide   : com.bumptech.glide.load.HttpException: 
08-05 23:45:33.052 30584 30584 I Glide   : 	at com.bumptech.glide.integration.okhttp3.OkHttpStreamFetcher.onResponse(OkHttpStreamFetcher.java:73)
08-05 23:45:33.052 30584 30584 I Glide   : 	at okhttp3.RealCall$AsyncCall.execute(RealCall.java:174)
08-05 23:45:33.052 30584 30584 I Glide   : 	at okhttp3.internal.NamedRunnable.run(NamedRunnable.java:32)
08-05 23:45:33.052 30584 30584 I Glide   : 	at java.util.concurrent.ThreadPoolExecutor.runWorker(ThreadPoolExecutor.java:1113)
08-05 23:45:33.052 30584 30584 I Glide   : 	at java.util.concurrent.ThreadPoolExecutor$Worker.run(ThreadPoolExecutor.java:588)
08-05 23:45:33.052 30584 30584 I Glide   : 	at java.lang.Thread.run(Thread.java:818)
08-05 23:45:33.055 30584 30584 W Glide   : Load failed for http://sixgun.org/files/linuxoutlaws.jpg with size [224x224]
08-05 23:45:33.055 30584 30584 W Glide   : class com.bumptech.glide.load.engine.GlideException: Failed to load resource
08-05 23:45:33.055 30584 30584 W Glide   : There was 1 cause:
08-05 23:45:33.055 30584 30584 W Glide   : com.bumptech.glide.load.HttpException()
08-05 23:45:33.055 30584 30584 W Glide   :  call GlideException#logRootCauses(String) for more detail
08-05 23:45:33.055 30584 30584 W Glide   :   Cause (1 of 1): class com.bumptech.glide.load.engine.GlideException: Fetching data failed, class java.io.InputStream, REMOTE
08-05 23:45:33.055 30584 30584 W Glide   : There was 1 cause:
08-05 23:45:33.055 30584 30584 W Glide   : com.bumptech.glide.load.HttpException()
08-05 23:45:33.055 30584 30584 W Glide   :  call GlideException#logRootCauses(String) for more detail
08-05 23:45:33.055 30584 30584 W Glide   :     Cause (1 of 1): class com.bumptech.glide.load.HttpException: 
08-05 23:45:33.055 30584 30584 I Glide   : Root cause (1 of 1)
08-05 23:45:33.055 30584 30584 I Glide   : com.bumptech.glide.load.HttpException: 
08-05 23:45:33.055 30584 30584 I Glide   : 	at com.bumptech.glide.integration.okhttp3.OkHttpStreamFetcher.onResponse(OkHttpStreamFetcher.java:73)
08-05 23:45:33.055 30584 30584 I Glide   : 	at okhttp3.RealCall$AsyncCall.execute(RealCall.java:174)
08-05 23:45:33.055 30584 30584 I Glide   : 	at okhttp3.internal.NamedRunnable.run(NamedRunnable.java:32)
08-05 23:45:33.055 30584 30584 I Glide   : 	at java.util.concurrent.ThreadPoolExecutor.runWorker(ThreadPoolExecutor.java:1113)
08-05 23:45:33.055 30584 30584 I Glide   : 	at java.util.concurrent.ThreadPoolExecutor$Worker.run(ThreadPoolExecutor.java:588)
08-05 23:45:33.055 30584 30584 I Glide   : 	at java.lang.Thread.run(Thread.java:818)
08-05 23:45:33.056 30584 31162 I art     : Explicit concurrent mark sweep GC freed 2092(130KB) AllocSpace objects, 1(220KB) LOS objects, 23% free, 50MB/66MB, paused 2.022ms total 42.940ms
08-05 23:45:33.069 30584 31162 I art     : Starting a blocking GC Explicit
08-05 23:45:33.112 30584 31162 I art     : Explicit concurrent mark sweep GC freed 330(36KB) AllocSpace objects, 0(0B) LOS objects, 23% free, 50MB/66MB, paused 1.616ms total 42.875ms
08-05 23:45:33.126 30584 31162 I art     : Starting a blocking GC Explicit
08-05 23:45:33.168 30584 31162 I art     : Explicit concurrent mark sweep GC freed 16(640B) AllocSpace objects, 0(0B) LOS objects, 23% free, 50MB/66MB, paused 1.853ms total 41.931ms
08-05 23:45:33.169   512  2967 D audio_hw_primary: disable_audio_route: reset and update mixer path: low-latency-playback speaker
08-05 23:45:33.170   512  2967 D audio_hw_primary: disable_snd_device: snd_device(2: speaker)
08-05 23:45:33.179   512  2967 I soundtrigger: audio_extn_sound_trigger_update_device_status: device 0x2 of type 0 for Event 0
08-05 23:45:33.181 30584 31162 I art     : Starting a blocking GC Explicit
08-05 23:45:33.223 30584 31162 I art     : Explicit concurrent mark sweep GC freed 3(96B) AllocSpace objects, 0(0B) LOS objects, 23% free, 50MB/66MB, paused 1.571ms total 41.682ms
08-05 23:45:33.599 30584 31025 I art     : Starting a blocking GC Explicit
08-05 23:45:33.651 30584 31025 I art     : Explicit concurrent mark sweep GC freed 1410(81KB) AllocSpace objects, 1(20KB) LOS objects, 23% free, 50MB/66MB, paused 1.782ms total 51.974ms
08-05 23:45:33.667 30584 31025 I art     : Starting a blocking GC Explicit
08-05 23:45:33.711 30584 31025 I art     : Explicit concurrent mark sweep GC freed 40(1344B) AllocSpace objects, 0(0B) LOS objects, 23% free, 50MB/66MB, paused 1.610ms total 43.774ms
08-05 23:45:33.724 30584 31025 I art     : Starting a blocking GC Explicit
08-05 23:45:33.769 30584 31025 I art     : Explicit concurrent mark sweep GC freed 3(96B) AllocSpace objects, 0(0B) LOS objects, 23% free, 50MB/66MB, paused 1.669ms total 44.658ms
08-05 23:45:33.782 30584 31025 I art     : Starting a blocking GC Explicit
08-05 23:45:33.827 30584 31025 I art     : Explicit concurrent mark sweep GC freed 3(96B) AllocSpace objects, 0(0B) LOS objects, 23% free, 50MB/66MB, paused 1.735ms total 44.388ms
08-05 23:45:33.840 30584 31025 I art     : Starting a blocking GC Explicit
08-05 23:45:33.885 30584 31025 I art     : Explicit concurrent mark sweep GC freed 3(96B) AllocSpace objects, 0(0B) LOS objects, 23% free, 50MB/66MB, paused 1.603ms total 44.655ms
08-05 23:45:34.255 30584 31162 I art     : Starting a blocking GC Explicit
08-05 23:45:34.318 30584 31162 I art     : Explicit concurrent mark sweep GC freed 1381(81KB) AllocSpace objects, 1(20KB) LOS objects, 23% free, 50MB/66MB, paused 1.734ms total 61.953ms
08-05 23:45:34.335 30584 31162 I art     : Starting a blocking GC Explicit
08-05 23:45:34.383 30584 31162 I art     : Explicit concurrent mark sweep GC freed 23(752B) AllocSpace objects, 0(0B) LOS objects, 23% free, 50MB/66MB, paused 1.647ms total 47.880ms
08-05 23:45:34.397 30584 31162 I art     : Starting a blocking GC Explicit
08-05 23:45:34.443 30584 31162 I art     : Explicit concurrent mark sweep GC freed 6(192B) AllocSpace objects, 0(0B) LOS objects, 23% free, 50MB/66MB, paused 1.620ms total 46.186ms
08-05 23:45:34.459 30584 31162 I art     : Starting a blocking GC Explicit
08-05 23:45:34.508 30584 31162 I art     : Explicit concurrent mark sweep GC freed 19(608B) AllocSpace objects, 0(0B) LOS objects, 23% free, 50MB/66MB, paused 1.594ms total 48.898ms
08-05 23:45:34.522 30584 31162 I art     : Starting a blocking GC Explicit
08-05 23:45:34.569 30584 31162 I art     : Explicit concurrent mark sweep GC freed 36(1184B) AllocSpace objects, 0(0B) LOS objects, 23% free, 50MB/66MB, paused 2.715ms total 45.201ms
08-05 23:45:34.965 30584 31162 I art     : Starting a blocking GC Explicit
08-05 23:45:35.023 30584 31162 I art     : Explicit concurrent mark sweep GC freed 1429(82KB) AllocSpace objects, 1(20KB) LOS objects, 23% free, 50MB/66MB, paused 1.785ms total 57.905ms
08-05 23:45:35.041 30584 31162 I art     : Starting a blocking GC Explicit
08-05 23:45:35.092 30584 31162 I art     : Explicit concurrent mark sweep GC freed 23(752B) AllocSpace objects, 0(0B) LOS objects, 23% free, 50MB/66MB, paused 1.700ms total 50.624ms
08-05 23:45:35.105 30584 31162 I art     : Starting a blocking GC Explicit
08-05 23:45:35.155 30584 31162 I art     : Explicit concurrent mark sweep GC freed 3(96B) AllocSpace objects, 0(0B) LOS objects, 23% free, 50MB/66MB, paused 1.656ms total 48.875ms
08-05 23:45:35.168 30584 31162 I art     : Starting a blocking GC Explicit
08-05 23:45:35.217 30584 31162 I art     : Explicit concurrent mark sweep GC freed 3(96B) AllocSpace objects, 0(0B) LOS objects, 23% free, 50MB/66MB, paused 1.741ms total 48.339ms
08-05 23:45:35.231 30584 31162 I art     : Starting a blocking GC Explicit
08-05 23:45:35.279 30584 31162 I art     : Explicit concurrent mark sweep GC freed 3(96B) AllocSpace objects, 0(0B) LOS objects, 23% free, 50MB/66MB, paused 1.764ms total 47.880ms
08-05 23:45:35.567   918  1209 D NetworkMonitor/NetworkAgentInfo [WIFI () - 159]: Checking http://connectivitycheck.gstatic.com/generate_204 on "H369AA63323", 192.168.2.12=192.168.2.12
08-05 23:45:35.620   918  1209 D NetworkMonitor/NetworkAgentInfo [WIFI () - 159]: Probably not a portal: exception java.io.IOException: unexpected end of stream on Connection{connectivitycheck.gstatic.com:80, proxy=HTTP@/192.168.2.12:8080 hostAddress=192.168.2.12 cipherSuite=none protocol=http/1.1} (recycle count=0)
08-05 23:45:35.621   918  3263 D ConnectivityService: NetworkAgentInfo [WIFI () - 159] validation failed
08-05 23:45:35.623   918  3261 E WifiConfigStore:  rewrite network history for "H369AA63323"WPA_PSK
08-05 23:45:35.681 30584 30596 I art     : Starting a blocking GC Explicit
08-05 23:45:35.746 30584 30596 I art     : Explicit concurrent mark sweep GC freed 1410(81KB) AllocSpace objects, 1(20KB) LOS objects, 23% free, 50MB/66MB, paused 1.821ms total 64.546ms
08-05 23:45:35.762 30584 30596 I art     : Starting a blocking GC Explicit
08-05 23:45:35.809 30584 30596 I art     : Explicit concurrent mark sweep GC freed 23(752B) AllocSpace objects, 0(0B) LOS objects, 23% free, 50MB/66MB, paused 1.670ms total 46.893ms
08-05 23:45:35.823 30584 30596 I art     : Starting a blocking GC Explicit
08-05 23:45:35.872 30584 30596 I art     : Explicit concurrent mark sweep GC freed 3(96B) AllocSpace objects, 0(0B) LOS objects, 23% free, 50MB/66MB, paused 1.670ms total 48.431ms
08-05 23:45:35.885 30584 30596 I art     : Starting a blocking GC Explicit
08-05 23:45:35.934 30584 30596 I art     : Explicit concurrent mark sweep GC freed 3(96B) AllocSpace objects, 0(0B) LOS objects, 23% free, 50MB/66MB, paused 1.649ms total 48.160ms
08-05 23:45:35.948 30584 30596 I art     : Starting a blocking GC Explicit
08-05 23:45:35.997 30584 30596 I art     : Explicit concurrent mark sweep GC freed 3(96B) AllocSpace objects, 0(0B) LOS objects, 23% free, 50MB/66MB, paused 1.771ms total 49.074ms
08-05 23:45:36.392 30584 30597 I art     : Starting a blocking GC Explicit
08-05 23:45:36.450 30584 30597 I art     : Explicit concurrent mark sweep GC freed 1381(81KB) AllocSpace objects, 1(20KB) LOS objects, 23% free, 50MB/66MB, paused 1.923ms total 57.658ms
08-05 23:45:36.467 30584 30597 I art     : Starting a blocking GC Explicit
08-05 23:45:36.515 30584 30597 I art     : Explicit concurrent mark sweep GC freed 23(752B) AllocSpace objects, 0(0B) LOS objects, 23% free, 50MB/66MB, paused 1.578ms total 48.295ms
08-05 23:45:36.529 30584 30597 I art     : Starting a blocking GC Explicit
08-05 23:45:36.578 30584 30597 I art     : Explicit concurrent mark sweep GC freed 3(96B) AllocSpace objects, 0(0B) LOS objects, 23% free, 50MB/66MB, paused 1.768ms total 48.912ms
08-05 23:45:36.592 30584 30597 I art     : Starting a blocking GC Explicit
08-05 23:45:36.639 30584 30597 I art     : Explicit concurrent mark sweep GC freed 32(880B) AllocSpace objects, 0(0B) LOS objects, 23% free, 50MB/66MB, paused 1.587ms total 47.570ms
08-05 23:45:36.653 30584 30597 I art     : Starting a blocking GC Explicit
08-05 23:45:36.701 30584 30597 I art     : Explicit concurrent mark sweep GC freed 3(96B) AllocSpace objects, 0(0B) LOS objects, 23% free, 50MB/66MB, paused 1.701ms total 47.982ms
08-05 23:45:37.082 30584 31025 I art     : Starting a blocking GC Explicit
08-05 23:45:37.140 30584 31025 I art     : Explicit concurrent mark sweep GC freed 1382(82KB) AllocSpace objects, 1(20KB) LOS objects, 23% free, 50MB/66MB, paused 1.885ms total 57.444ms
08-05 23:45:37.159 30584 31025 I art     : Starting a blocking GC Explicit
08-05 23:45:37.206 30584 31025 I art     : Explicit concurrent mark sweep GC freed 23(752B) AllocSpace objects, 0(0B) LOS objects, 23% free, 50MB/66MB, paused 1.642ms total 47.133ms
08-05 23:45:37.220 30584 31025 I art     : Starting a blocking GC Explicit
08-05 23:45:37.268 30584 31025 I art     : Explicit concurrent mark sweep GC freed 3(96B) AllocSpace objects, 0(0B) LOS objects, 23% free, 50MB/66MB, paused 1.780ms total 47.768ms
08-05 23:45:37.282 30584 31025 I art     : Starting a blocking GC Explicit
08-05 23:45:37.330 30584 31025 I art     : Explicit concurrent mark sweep GC freed 3(96B) AllocSpace objects, 0(0B) LOS objects, 23% free, 50MB/66MB, paused 1.678ms total 47.653ms
08-05 23:45:37.343 30584 31025 I art     : Starting a blocking GC Explicit
08-05 23:45:37.391 30584 31025 I art     : Explicit concurrent mark sweep GC freed 3(96B) AllocSpace objects, 0(0B) LOS objects, 23% free, 50MB/66MB, paused 1.583ms total 47.770ms
08-05 23:45:37.771 30584 30617 I art     : Starting a blocking GC Explicit
08-05 23:45:37.834 30584 30617 I art     : Explicit concurrent mark sweep GC freed 1413(82KB) AllocSpace objects, 1(20KB) LOS objects, 23% free, 50MB/66MB, paused 1.765ms total 62.377ms
08-05 23:45:37.850 30584 30617 I art     : Starting a blocking GC Explicit
08-05 23:45:37.861   518   646 I ThermalEngine: ACTION: GPU - Setting GPU[0] to 510000000
08-05 23:45:37.897 30584 30617 I art     : Explicit concurrent mark sweep GC freed 23(752B) AllocSpace objects, 0(0B) LOS objects, 23% free, 50MB/66MB, paused 1.564ms total 46.832ms
08-05 23:45:37.908 30584 30617 I art     : Starting a blocking GC Explicit
08-05 23:45:37.943 30584 30617 I art     : Explicit concurrent mark sweep GC freed 3(96B) AllocSpace objects, 0(0B) LOS objects, 23% free, 50MB/66MB, paused 1.201ms total 34.453ms
08-05 23:45:37.953 30584 30617 I art     : Starting a blocking GC Explicit
08-05 23:45:37.988 30584 30617 I art     : Explicit concurrent mark sweep GC freed 3(96B) AllocSpace objects, 0(0B) LOS objects, 23% free, 50MB/66MB, paused 1.253ms total 35.242ms
08-05 23:45:37.999 30584 30617 I art     : Starting a blocking GC Explicit
08-05 23:45:38.035 30584 30617 I art     : Explicit concurrent mark sweep GC freed 3(96B) AllocSpace objects, 0(0B) LOS objects, 23% free, 50MB/66MB, paused 1.146ms total 36.174ms
08-05 23:45:38.421 30584 31162 I art     : Starting a blocking GC Explicit
08-05 23:45:38.461 30584 31162 I art     : Explicit concurrent mark sweep GC freed 1381(81KB) AllocSpace objects, 1(20KB) LOS objects, 23% free, 50MB/66MB, paused 1.246ms total 39.454ms
08-05 23:45:38.471 30584 31162 I art     : Starting a blocking GC Explicit
08-05 23:45:38.508 30584 31162 I art     : Explicit concurrent mark sweep GC freed 23(752B) AllocSpace objects, 0(0B) LOS objects, 23% free, 50MB/66MB, paused 1.414ms total 36.742ms
08-05 23:45:38.519 30584 31162 I art     : Starting a blocking GC Explicit
08-05 23:45:38.555 30584 31162 I art     : Explicit concurrent mark sweep GC freed 3(96B) AllocSpace objects, 0(0B) LOS objects, 23% free, 50MB/66MB, paused 1.245ms total 35.783ms
08-05 23:45:38.566 30584 31162 I art     : Starting a blocking GC Explicit
08-05 23:45:38.602 30584 31162 I art     : Explicit concurrent mark sweep GC freed 32(880B) AllocSpace objects, 0(0B) LOS objects, 23% free, 50MB/66MB, paused 1.223ms total 36.482ms
08-05 23:45:38.613 30584 31162 I art     : Starting a blocking GC Explicit
08-05 23:45:38.650 30584 31162 I art     : Explicit concurrent mark sweep GC freed 3(96B) AllocSpace objects, 0(0B) LOS objects, 23% free, 50MB/66MB, paused 1.249ms total 36.639ms
08-05 23:45:38.989 30584 30596 I art     : Starting a blocking GC Explicit
08-05 23:45:39.025 30584 30596 I art     : Explicit concurrent mark sweep GC freed 1381(81KB) AllocSpace objects, 1(20KB) LOS objects, 23% free, 50MB/66MB, paused 1.288ms total 35.965ms
08-05 23:45:39.035 30584 30596 I art     : Starting a blocking GC Explicit
08-05 23:45:39.070 30584 30596 I art     : Explicit concurrent mark sweep GC freed 23(752B) AllocSpace objects, 0(0B) LOS objects, 23% free, 50MB/66MB, paused 1.246ms total 34.848ms
08-05 23:45:39.081 30584 30596 I art     : Starting a blocking GC Explicit
08-05 23:45:39.115 30584 30596 I art     : Explicit concurrent mark sweep GC freed 3(96B) AllocSpace objects, 0(0B) LOS objects, 23% free, 50MB/66MB, paused 1.245ms total 33.860ms
08-05 23:45:39.125 30584 30596 I art     : Starting a blocking GC Explicit
08-05 23:45:39.159 30584 30596 I art     : Explicit concurrent mark sweep GC freed 3(96B) AllocSpace objects, 0(0B) LOS objects, 23% free, 50MB/66MB, paused 1.208ms total 33.947ms
08-05 23:45:39.169 30584 30596 I art     : Starting a blocking GC Explicit
08-05 23:45:39.203 30584 30596 I art     : Explicit concurrent mark sweep GC freed 3(96B) AllocSpace objects, 0(0B) LOS objects, 23% free, 50MB/66MB, paused 1.227ms total 33.713ms
08-05 23:45:39.271  1975  1975 D AndroidRuntime: >>>>>> START com.android.internal.os.RuntimeInit uid 2000 <<<<<<
08-05 23:45:39.275  1975  1975 D AndroidRuntime: CheckJNI is OFF
08-05 23:45:39.315  1975  1975 D ICU     : No timezone override file found: /data/misc/zoneinfo/current/icu/icu_tzdata.dat
08-05 23:45:39.352  1975  1975 I Radio-JNI: register_android_hardware_Radio DONE
08-05 23:45:39.375  1975  1975 D AndroidRuntime: Calling main entry com.android.commands.input.Input
08-05 23:45:39.377  1975  1975 I Input   : injectMotionEvent: MotionEvent { action=ACTION_DOWN, actionButton=0, id[0]=0, x[0]=526.0, y[0]=597.0, toolType[0]=TOOL_TYPE_UNKNOWN, buttonState=0, metaState=0, flags=0x0, edgeFlags=0x0, pointerCount=1, historySize=0, eventTime=834355790, downTime=834355790, deviceId=0, source=0x1002 }
08-05 23:45:39.383  1975  1975 I Input   : injectMotionEvent: MotionEvent { action=ACTION_UP, actionButton=0, id[0]=0, x[0]=526.0, y[0]=597.0, toolType[0]=TOOL_TYPE_UNKNOWN, buttonState=0, metaState=0, flags=0x0, edgeFlags=0x0, pointerCount=1, historySize=0, eventTime=834355790, downTime=834355790, deviceId=0, source=0x1002 }
08-05 23:45:39.385  1975  1975 D AndroidRuntime: Shutting down VM
08-05 23:45:39.449 30584 30584 D PodcastListFragment: Selected podcast: GpodnetPodcast [url=http://feeds.feedburner.com/linuxoutlaws, title=Linux Outlaws, description=Two pragmatic geeks talk about the latest news concerning Linux, free and open
08-05 23:45:39.449 30584 30584 D PodcastListFragment: technology or anything else they deem noteworthy which may include such absurd
08-05 23:45:39.449 30584 30584 D PodcastListFragment: things as hockey or bands you never heard of. This means there's many a joke
08-05 23:45:39.449 30584 30584 D PodcastListFragment: and derailed conversation along the way, so don't come here expecting only
08-05 23:45:39.449 30584 30584 D PodcastListFragment: Linux or software freedom talk  just sit back and relax, partner., subscribers=3321, logoUrl=http://sixgun.org/files/linuxoutlaws.jpg, website=http://sixgun.org, mygpoLink=http://gpodder.net/podcast/linux-outlaws-mp3]
08-05 23:45:39.450   918  6110 I ActivityManager: START u0 {cmp=baseline.de.danoeh.antennapod.debug/baseline.de.danoeh.antennapod.activity.OnlineFeedViewActivity (has extras)} from uid 10711 on display 0
08-05 23:45:39.451   512  2967 D audio_hw_primary: out_set_parameters: enter: usecase(1: low-latency-playback) kvpairs: routing=2
08-05 23:45:39.464   512  2967 D audio_hw_primary: select_devices: out_snd_device(2: speaker) in_snd_device(0: none)
08-05 23:45:39.464   512  2967 D msm8974_platform: platform_send_audio_calibration: sending audio calibration for snd_device(2) acdb_id(15)
08-05 23:45:39.464   512  2967 I soundtrigger: audio_extn_sound_trigger_update_device_status: device 0x2 of type 0 for Event 1
08-05 23:45:39.478   512  2967 D audio_hw_primary: enable_snd_device: snd_device(2: speaker)
08-05 23:45:39.480   512  2967 D audio_hw_primary: enable_audio_route: apply and update mixer path: low-latency-playback speaker
08-05 23:45:39.481 30584 30584 D UserPreferences: Using default data folder
08-05 23:45:39.482 30584 30584 D OnlineFeedViewActivity: Activity was started with url http://feeds.feedburner.com/linuxoutlaws
08-05 23:45:39.486 30584 30584 D OnlineFeedViewActivity: Starting feed download
08-05 23:45:39.489 30584 31149 D DBReader: Extracting Feedlist
08-05 23:45:39.492   918  3696 D WifiService: acquireWifiLockLocked: WifiLock{Downloader type=1 binder=android.os.BinderProxy@badc218}
08-05 23:45:39.492 30584 31149 D AntennapodHttpClient: Creating new instance of HTTP client
08-05 23:45:39.525 30584 30617 I art     : Starting a blocking GC Explicit
08-05 23:45:39.543 13866 13866 I GoogleInputMethodServic: GoogleInputMethodService.onFinishInput():3138 
08-05 23:45:39.544 13866 13866 I GoogleInputMethodServic: GoogleInputMethodService.onStartInput():1808 
08-05 23:45:39.557 30584 30617 I art     : Explicit concurrent mark sweep GC freed 2761(185KB) AllocSpace objects, 1(20KB) LOS objects, 23% free, 51MB/67MB, paused 1.323ms total 31.915ms
08-05 23:45:39.567 30584 30617 I art     : Starting a blocking GC Explicit
08-05 23:45:39.572   918   936 I ActivityManager: Displayed baseline.de.danoeh.antennapod.debug/baseline.de.danoeh.antennapod.activity.OnlineFeedViewActivity: +113ms
08-05 23:45:39.603 30584 30617 I art     : Explicit concurrent mark sweep GC freed 410(18KB) AllocSpace objects, 0(0B) LOS objects, 23% free, 51MB/67MB, paused 1.456ms total 36.058ms
08-05 23:45:39.605 30584 30605 D OpenGLRenderer: endAllStagingAnimators on 0x7f793bdc00 (GridView) with handle 0x7f75d1bba0
08-05 23:45:39.615 30584 30617 I art     : Starting a blocking GC Explicit
08-05 23:45:39.619 30584 31149 D MYTAG   : interceptor 3a http://feeds.feedburner.com/linuxoutlaws
08-05 23:45:39.620 30584 31149 I NAPPA_EXPERIMENTATION: MetricNetworkRequestExecutionTime: REQUEST_DURATION_SYSTEM='127',REQUEST_DURATION_OKHTTP='39',REQUEST_SYNCHRONOUS='TRUE',RESPONSE_CODE='200',RESPONSE_METHOD='GET',RESPONSE_LENGTH_OKHTTP='-1',RESPONSE_LENGTH_HEADER='-2',REQUEST_PROTOCOL='http/1.1',REQUEST_URL='http://feeds.feedburner.com/linuxoutlaws',
08-05 23:45:39.621 30584 31149 D HttpDownloader: Response code is 200
08-05 23:45:39.621 30584 31149 D UserPreferences: Using default data folder
08-05 23:45:39.625 30584 31149 D HttpDownloader: Getting size of download
08-05 23:45:39.625 30584 31149 D HttpDownloader: Size is -1
08-05 23:45:39.625 30584 31149 D UserPreferences: Using default data folder
08-05 23:45:39.625 30584 31149 D HttpDownloader: Free space is 20471541760
08-05 23:45:39.625 30584 31149 D HttpDownloader: Starting download
08-05 23:45:39.629 30584 31149 D HttpDownloader: Download was successful
08-05 23:45:39.629   918  4400 D WifiService: releaseWifiLockLocked: WifiLock{Downloader type=1 binder=android.os.BinderProxy@badc218}
08-05 23:45:39.630 30584 30584 D OnlineFeedViewActivity: Parsing feed
08-05 23:45:39.632 30584  2007 D TypeGetter: Recognized type RSS 2.0
08-05 23:45:39.634 30584  2007 D SyndHandler: Recognized Content namespace
08-05 23:45:39.634 30584  2007 D SyndHandler: Recognized DublinCore namespace
08-05 23:45:39.634 30584  2007 D SyndHandler: Recognized Atom namespace
08-05 23:45:39.634 30584  2007 D SyndHandler: Recognized ITunes namespace
08-05 23:45:39.634 30584  2007 D SyndHandler: Recognized media namespace
08-05 23:45:39.647 30584 30617 I art     : Explicit concurrent mark sweep GC freed 1000(243KB) AllocSpace objects, 3(60KB) LOS objects, 23% free, 51MB/67MB, paused 1.389ms total 31.622ms
08-05 23:45:39.657 30584 30617 I art     : Starting a blocking GC Explicit
08-05 23:45:39.667 30584  2007 D OnlineFeedViewActivity: Deleted feed source file. Result: true
08-05 23:45:39.667 30584 30584 D OnlineFeedViewActivity: Removing HTML from shownotes
08-05 23:45:39.680 30584 31555 D ApOkHttpUrlLoader: buildLoadData() called with: model = [http://sixgun.org/files/linuxoutlaws.jpg], width = [350], height = [350]
08-05 23:45:39.681 30584 31361 D DBReader: getImageAuthentication() called with: imageUrl = [http://sixgun.org/files/linuxoutlaws.jpg]
08-05 23:45:39.684 30584 31361 D ApOkHttpUrlLoader: no credentials for 'http://sixgun.org/files/linuxoutlaws.jpg'
08-05 23:45:39.692 30584 30617 I art     : Explicit concurrent mark sweep GC freed 4202(468KB) AllocSpace objects, 11(748KB) LOS objects, 23% free, 51MB/67MB, paused 1.654ms total 34.498ms
08-05 23:45:39.701 30584 30617 I art     : Starting a blocking GC Explicit
08-05 23:45:39.713 30584 31361 D DBWriter: updateFeedDownloadURL(original: http://sixgun.org/files/linuxoutlaws.jpg, updated: https://fab.industries/sixgun/files/linuxoutlaws.jpg)
08-05 23:45:39.735 30584 30617 I art     : Explicit concurrent mark sweep GC freed 1289(85KB) AllocSpace objects, 0(0B) LOS objects, 23% free, 51MB/67MB, paused 1.261ms total 33.708ms
08-05 23:45:39.818   380   380 W SurfaceFlinger: couldn't log to binary event log: overflow.
08-05 23:45:39.858 30584 31361 D MYTAG   : interceptor 2a
08-05 23:45:39.858 30584 31361 I NAPPA_EXPERIMENTATION: MetricNetworkRequestExecutionTime: REQUEST_DURATION_SYSTEM='174',REQUEST_DURATION_OKHTTP='142',REQUEST_SYNCHRONOUS='TRUE',RESPONSE_CODE='404',RESPONSE_METHOD='GET',RESPONSE_LENGTH_OKHTTP='-1',RESPONSE_LENGTH_HEADER='1503',REQUEST_PROTOCOL='h2',REQUEST_URL='https://fab.industries/sixgun/files/linuxoutlaws.jpg',
08-05 23:45:39.860 30584 30584 W Glide   : Load failed for http://sixgun.org/files/linuxoutlaws.jpg with size [350x350]
08-05 23:45:39.860 30584 30584 W Glide   : class com.bumptech.glide.load.engine.GlideException: Failed to load resource
08-05 23:45:39.860 30584 30584 W Glide   : There was 1 cause:
08-05 23:45:39.860 30584 30584 W Glide   : com.bumptech.glide.load.HttpException()
08-05 23:45:39.860 30584 30584 W Glide   :  call GlideException#logRootCauses(String) for more detail
08-05 23:45:39.860 30584 30584 W Glide   :   Cause (1 of 1): class com.bumptech.glide.load.engine.GlideException: Fetching data failed, class java.io.InputStream, REMOTE
08-05 23:45:39.860 30584 30584 W Glide   : There was 1 cause:
08-05 23:45:39.860 30584 30584 W Glide   : com.bumptech.glide.load.HttpException()
08-05 23:45:39.860 30584 30584 W Glide   :  call GlideException#logRootCauses(String) for more detail
08-05 23:45:39.860 30584 30584 W Glide   :     Cause (1 of 1): class com.bumptech.glide.load.HttpException: 
08-05 23:45:39.860 30584 30584 I Glide   : Root cause (1 of 1)
08-05 23:45:39.860 30584 30584 I Glide   : com.bumptech.glide.load.HttpException: 
08-05 23:45:39.860 30584 30584 I Glide   : 	at com.bumptech.glide.integration.okhttp3.OkHttpStreamFetcher.onResponse(OkHttpStreamFetcher.java:73)
08-05 23:45:39.860 30584 30584 I Glide   : 	at okhttp3.RealCall$AsyncCall.execute(RealCall.java:174)
08-05 23:45:39.860 30584 30584 I Glide   : 	at okhttp3.internal.NamedRunnable.run(NamedRunnable.java:32)
08-05 23:45:39.860 30584 30584 I Glide   : 	at java.util.concurrent.ThreadPoolExecutor.runWorker(ThreadPoolExecutor.java:1113)
08-05 23:45:39.860 30584 30584 I Glide   : 	at java.util.concurrent.ThreadPoolExecutor$Worker.run(ThreadPoolExecutor.java:588)
08-05 23:45:39.860 30584 30584 I Glide   : 	at java.lang.Thread.run(Thread.java:818)
08-05 23:45:39.939 30584 30584 D PlaybackController: Releasing PlaybackController
08-05 23:45:40.018 30584 31025 I art     : Starting a blocking GC Explicit
08-05 23:45:40.019   512  2967 D audio_hw_primary: disable_audio_route: reset and update mixer path: low-latency-playback speaker
08-05 23:45:40.019   512  2967 D audio_hw_primary: disable_snd_device: snd_device(2: speaker)
08-05 23:45:40.027   512  2967 I soundtrigger: audio_extn_sound_trigger_update_device_status: device 0x2 of type 0 for Event 0
08-05 23:45:40.051 30584 31025 I art     : Explicit concurrent mark sweep GC freed 2649(168KB) AllocSpace objects, 2(132KB) LOS objects, 23% free, 51MB/67MB, paused 1.184ms total 33.003ms
08-05 23:45:40.061 30584 31025 I art     : Starting a blocking GC Explicit
08-05 23:45:40.093 30584 31025 I art     : Explicit concurrent mark sweep GC freed 50(1776B) AllocSpace objects, 0(0B) LOS objects, 23% free, 51MB/67MB, paused 1.189ms total 32.178ms
08-05 23:45:40.103 30584 31025 I art     : Starting a blocking GC Explicit
08-05 23:45:40.135 30584 31025 I art     : Explicit concurrent mark sweep GC freed 3(96B) AllocSpace objects, 0(0B) LOS objects, 23% free, 51MB/67MB, paused 1.183ms total 32.174ms
08-05 23:45:40.144 30584 31025 I art     : Starting a blocking GC Explicit
08-05 23:45:40.178 30584 31025 I art     : Explicit concurrent mark sweep GC freed 3(96B) AllocSpace objects, 0(0B) LOS objects, 23% free, 51MB/67MB, paused 1.214ms total 33.468ms
08-05 23:45:40.188 30584 31025 I art     : Starting a blocking GC Explicit
08-05 23:45:40.221 30584 31025 I art     : Explicit concurrent mark sweep GC freed 3(96B) AllocSpace objects, 0(0B) LOS objects, 23% free, 51MB/67MB, paused 1.191ms total 33.380ms
08-05 23:45:40.534 30584 31162 I art     : Starting a blocking GC Explicit
08-05 23:45:40.582 30584 31162 I art     : Explicit concurrent mark sweep GC freed 1381(81KB) AllocSpace objects, 1(20KB) LOS objects, 23% free, 51MB/67MB, paused 1.370ms total 47.053ms
08-05 23:45:40.596 30584 31162 I art     : Starting a blocking GC Explicit
08-05 23:45:40.634 30584 31162 I art     : Explicit concurrent mark sweep GC freed 52(1536B) AllocSpace objects, 0(0B) LOS objects, 23% free, 51MB/67MB, paused 1.421ms total 37.723ms
08-05 23:45:40.645 30584 31162 I art     : Starting a blocking GC Explicit
08-05 23:45:40.682 30584 31162 I art     : Explicit concurrent mark sweep GC freed 3(96B) AllocSpace objects, 0(0B) LOS objects, 23% free, 51MB/67MB, paused 1.253ms total 36.966ms
08-05 23:45:40.693 30584 31162 I art     : Starting a blocking GC Explicit
08-05 23:45:40.731 30584 31162 I art     : Explicit concurrent mark sweep GC freed 3(96B) AllocSpace objects, 0(0B) LOS objects, 23% free, 51MB/67MB, paused 1.274ms total 37.736ms
08-05 23:45:40.742 30584 31162 I art     : Starting a blocking GC Explicit
08-05 23:45:40.779 30584 31162 I art     : Explicit concurrent mark sweep GC freed 3(96B) AllocSpace objects, 0(0B) LOS objects, 23% free, 51MB/67MB, paused 1.259ms total 37.031ms
08-05 23:45:40.869   518   646 I ThermalEngine: ACTION: GPU - Setting GPU[0] to 450000000
08-05 23:45:41.148 30584 30617 I art     : Starting a blocking GC Explicit
08-05 23:45:41.213 30584 30617 I art     : Explicit concurrent mark sweep GC freed 1381(81KB) AllocSpace objects, 1(20KB) LOS objects, 23% free, 51MB/67MB, paused 1.802ms total 65.342ms
08-05 23:45:41.230 26613 26613 I ServiceManager: Waiting for service AtCmdFwd...
08-05 23:45:41.232 30584 30617 I art     : Starting a blocking GC Explicit
08-05 23:45:41.282 30584 30617 I art     : Explicit concurrent mark sweep GC freed 23(752B) AllocSpace objects, 0(0B) LOS objects, 23% free, 51MB/67MB, paused 1.698ms total 50.179ms
08-05 23:45:41.296 30584 30617 I art     : Starting a blocking GC Explicit
08-05 23:45:41.343 30584 30617 I art     : Explicit concurrent mark sweep GC freed 10(320B) AllocSpace objects, 0(0B) LOS objects, 23% free, 51MB/67MB, paused 1.492ms total 46.343ms
08-05 23:45:41.357 30584 30617 I art     : Starting a blocking GC Explicit
08-05 23:45:41.400 30584 30617 I art     : Explicit concurrent mark sweep GC freed 10(320B) AllocSpace objects, 0(0B) LOS objects, 23% free, 51MB/67MB, paused 1.534ms total 43.383ms
08-05 23:45:41.413 30584 30617 I art     : Starting a blocking GC Explicit
08-05 23:45:41.455 30584 30617 I art     : Explicit concurrent mark sweep GC freed 9(288B) AllocSpace objects, 0(0B) LOS objects, 23% free, 51MB/67MB, paused 1.700ms total 41.795ms
08-05 23:45:41.837 30584 31025 I art     : Starting a blocking GC Explicit
08-05 23:45:41.905 30584 31025 I art     : Explicit concurrent mark sweep GC freed 1420(82KB) AllocSpace objects, 1(20KB) LOS objects, 23% free, 51MB/67MB, paused 1.863ms total 67.340ms
08-05 23:45:41.921 30584 31025 I art     : Starting a blocking GC Explicit
08-05 23:45:41.971 30584 31025 I art     : Explicit concurrent mark sweep GC freed 23(752B) AllocSpace objects, 0(0B) LOS objects, 23% free, 51MB/67MB, paused 1.700ms total 49.864ms
08-05 23:45:41.985 30584 31025 I art     : Starting a blocking GC Explicit
08-05 23:45:42.033 30584 31025 I art     : Explicit concurrent mark sweep GC freed 3(96B) AllocSpace objects, 0(0B) LOS objects, 23% free, 51MB/67MB, paused 1.712ms total 47.811ms
08-05 23:45:42.047 30584 31025 I art     : Starting a blocking GC Explicit
08-05 23:45:42.098 30584 31025 I art     : Explicit concurrent mark sweep GC freed 3(96B) AllocSpace objects, 0(0B) LOS objects, 23% free, 51MB/67MB, paused 1.832ms total 50.129ms
08-05 23:45:42.115 30584 31025 I art     : Starting a blocking GC Explicit
08-05 23:45:42.163 30584 31025 I art     : Explicit concurrent mark sweep GC freed 3(96B) AllocSpace objects, 0(0B) LOS objects, 23% free, 51MB/67MB, paused 1.730ms total 47.766ms
08-05 23:45:42.231 26613 26613 I ServiceManager: Waiting for service AtCmdFwd...
08-05 23:45:42.550 30584 30597 I art     : Starting a blocking GC Explicit
08-05 23:45:42.618 30584 30597 I art     : Explicit concurrent mark sweep GC freed 1410(81KB) AllocSpace objects, 1(20KB) LOS objects, 23% free, 51MB/67MB, paused 1.797ms total 66.848ms
08-05 23:45:42.636 30584 30597 I art     : Starting a blocking GC Explicit
08-05 23:45:42.684 30584 30597 I art     : Explicit concurrent mark sweep GC freed 23(752B) AllocSpace objects, 0(0B) LOS objects, 23% free, 51MB/67MB, paused 1.720ms total 47.599ms
08-05 23:45:42.698 30584 30597 I art     : Starting a blocking GC Explicit
08-05 23:45:42.749 30584 30597 I art     : Explicit concurrent mark sweep GC freed 3(96B) AllocSpace objects, 0(0B) LOS objects, 23% free, 51MB/67MB, paused 1.773ms total 50.430ms
08-05 23:45:42.762 30584 30597 I art     : Starting a blocking GC Explicit
08-05 23:45:42.814 30584 30597 I art     : Explicit concurrent mark sweep GC freed 3(96B) AllocSpace objects, 0(0B) LOS objects, 23% free, 51MB/67MB, paused 1.772ms total 50.997ms
08-05 23:45:42.832 30584 30597 I art     : Starting a blocking GC Explicit
08-05 23:45:42.882 30584 30597 I art     : Explicit concurrent mark sweep GC freed 3(96B) AllocSpace objects, 0(0B) LOS objects, 23% free, 51MB/67MB, paused 1.669ms total 49.808ms
08-05 23:45:43.231 26613 26613 I ServiceManager: Waiting for service AtCmdFwd...
08-05 23:45:43.283 30584 30617 I art     : Starting a blocking GC Explicit
08-05 23:45:43.347 30584 30617 I art     : Explicit concurrent mark sweep GC freed 1383(84KB) AllocSpace objects, 1(20KB) LOS objects, 23% free, 51MB/67MB, paused 1.784ms total 63.657ms
08-05 23:45:43.363 30584 30617 I art     : Starting a blocking GC Explicit
08-05 23:45:43.412 30584 30617 I art     : Explicit concurrent mark sweep GC freed 23(752B) AllocSpace objects, 0(0B) LOS objects, 23% free, 51MB/67MB, paused 1.687ms total 48.923ms
08-05 23:45:43.426 30584 30617 I art     : Starting a blocking GC Explicit
08-05 23:45:43.477 30584 30617 I art     : Explicit concurrent mark sweep GC freed 3(96B) AllocSpace objects, 0(0B) LOS objects, 23% free, 51MB/67MB, paused 1.658ms total 49.453ms
08-05 23:45:43.490 30584 30617 I art     : Starting a blocking GC Explicit
08-05 23:45:43.539 30584 30617 I art     : Explicit concurrent mark sweep GC freed 3(96B) AllocSpace objects, 0(0B) LOS objects, 23% free, 51MB/67MB, paused 1.646ms total 48.260ms
08-05 23:45:43.553 30584 30617 I art     : Starting a blocking GC Explicit
08-05 23:45:43.603 30584 30617 I art     : Explicit concurrent mark sweep GC freed 32(880B) AllocSpace objects, 0(0B) LOS objects, 23% free, 51MB/67MB, paused 1.681ms total 50.214ms
08-05 23:45:43.948 30584 31162 I art     : Starting a blocking GC Explicit
08-05 23:45:44.006 30584 31162 I art     : Explicit concurrent mark sweep GC freed 1384(81KB) AllocSpace objects, 1(20KB) LOS objects, 23% free, 51MB/67MB, paused 1.766ms total 56.665ms
08-05 23:45:44.020 30584 31162 I art     : Starting a blocking GC Explicit
08-05 23:45:44.069 30584 31162 I art     : Explicit concurrent mark sweep GC freed 23(752B) AllocSpace objects, 0(0B) LOS objects, 23% free, 51MB/67MB, paused 1.805ms total 48.629ms
08-05 23:45:44.083 30584 31162 I art     : Starting a blocking GC Explicit
08-05 23:45:44.130 30584 31162 I art     : Explicit concurrent mark sweep GC freed 3(96B) AllocSpace objects, 0(0B) LOS objects, 23% free, 51MB/67MB, paused 1.671ms total 46.850ms
08-05 23:45:44.144 30584 31162 I art     : Starting a blocking GC Explicit
08-05 23:45:44.190 30584 31162 I art     : Explicit concurrent mark sweep GC freed 3(96B) AllocSpace objects, 0(0B) LOS objects, 23% free, 51MB/67MB, paused 1.762ms total 46.551ms
08-05 23:45:44.191  2068  2068 D AndroidRuntime: >>>>>> START com.android.internal.os.RuntimeInit uid 2000 <<<<<<
08-05 23:45:44.197  2068  2068 D AndroidRuntime: CheckJNI is OFF
08-05 23:45:44.204 30584 31162 I art     : Starting a blocking GC Explicit
08-05 23:45:44.232 26613 26613 I ServiceManager: Waiting for service AtCmdFwd...
08-05 23:45:44.242  2068  2068 D ICU     : No timezone override file found: /data/misc/zoneinfo/current/icu/icu_tzdata.dat
08-05 23:45:44.249 30584 31162 I art     : Explicit concurrent mark sweep GC freed 3(96B) AllocSpace objects, 0(0B) LOS objects, 23% free, 51MB/67MB, paused 1.691ms total 45.196ms
08-05 23:45:44.289  2068  2068 I Radio-JNI: register_android_hardware_Radio DONE
08-05 23:45:44.319  2068  2068 D AndroidRuntime: Calling main entry com.android.commands.input.Input
08-05 23:45:44.321  2068  2068 I Input   : injectKeyEvent: KeyEvent { action=ACTION_DOWN, keyCode=KEYCODE_BACK, scanCode=0, metaState=0, flags=0x0, repeatCount=0, eventTime=834360734, downTime=834360734, deviceId=-1, source=0x101 }
08-05 23:45:44.327  2068  2068 I Input   : injectKeyEvent: KeyEvent { action=ACTION_UP, keyCode=KEYCODE_BACK, scanCode=0, metaState=0, flags=0x0, repeatCount=0, eventTime=834360734, downTime=834360734, deviceId=-1, source=0x101 }
08-05 23:45:44.334  2068  2068 D AndroidRuntime: Shutting down VM
08-05 23:45:44.341 30584 30584 V PlaybackController: initServiceNotRunning()
08-05 23:45:44.341 30584 30584 D ExternalPlayerFragment: Loading media info
08-05 23:45:44.344 30584 31555 D ApOkHttpUrlLoader: buildLoadData() called with: model = [http://sixgun.org/files/linuxoutlaws.jpg], width = [224], height = [224]
08-05 23:45:44.345 30584 31361 D DBReader: getImageAuthentication() called with: imageUrl = [http://sixgun.org/files/linuxoutlaws.jpg]
08-05 23:45:44.346 30584 30584 D UserPreferences: Using default data folder
08-05 23:45:44.346 30584 31149 D DBReader: getNavDrawerData() called with: 
08-05 23:45:44.348 30584 31361 D ApOkHttpUrlLoader: no credentials for 'http://sixgun.org/files/linuxoutlaws.jpg'
08-05 23:45:44.361 30584 31149 D DBReader: getDownloadedItems() called
08-05 23:45:44.362 30584 31149 D DBReader: getFavoriteIDList() called
08-05 23:45:44.363 30584 31149 D DBReader: getQueueIDList() called
08-05 23:45:44.364 30584 31149 D DBReader: Extracting Feedlist
08-05 23:45:44.388 13866 13866 I GoogleInputMethodServic: GoogleInputMethodService.onFinishInput():3138 
08-05 23:45:44.388 30584 30584 D MainActivity: getLastNavFragment() -> AddFeedFragment
08-05 23:45:44.389 13866 13866 I GoogleInputMethodServic: GoogleInputMethodService.onStartInput():1808 
08-05 23:45:44.422 30584 31361 D DBWriter: updateFeedDownloadURL(original: http://sixgun.org/files/linuxoutlaws.jpg, updated: https://fab.industries/sixgun/files/linuxoutlaws.jpg)
08-05 23:45:44.566 30584 31361 D MYTAG   : interceptor 2a
08-05 23:45:44.566 30584 31361 I NAPPA_EXPERIMENTATION: MetricNetworkRequestExecutionTime: REQUEST_DURATION_SYSTEM='218',REQUEST_DURATION_OKHTTP='135',REQUEST_SYNCHRONOUS='TRUE',RESPONSE_CODE='404',RESPONSE_METHOD='GET',RESPONSE_LENGTH_OKHTTP='-1',RESPONSE_LENGTH_HEADER='1503',REQUEST_PROTOCOL='h2',REQUEST_URL='https://fab.industries/sixgun/files/linuxoutlaws.jpg',
08-05 23:45:44.567 30584 30584 W Glide   : Load failed for http://sixgun.org/files/linuxoutlaws.jpg with size [224x224]
08-05 23:45:44.567 30584 30584 W Glide   : class com.bumptech.glide.load.engine.GlideException: Failed to load resource
08-05 23:45:44.567 30584 30584 W Glide   : There was 1 cause:
08-05 23:45:44.567 30584 30584 W Glide   : com.bumptech.glide.load.HttpException()
08-05 23:45:44.567 30584 30584 W Glide   :  call GlideException#logRootCauses(String) for more detail
08-05 23:45:44.567 30584 30584 W Glide   :   Cause (1 of 1): class com.bumptech.glide.load.engine.GlideException: Fetching data failed, class java.io.InputStream, REMOTE
08-05 23:45:44.567 30584 30584 W Glide   : There was 1 cause:
08-05 23:45:44.567 30584 30584 W Glide   : com.bumptech.glide.load.HttpException()
08-05 23:45:44.567 30584 30584 W Glide   :  call GlideException#logRootCauses(String) for more detail
08-05 23:45:44.567 30584 30584 W Glide   :     Cause (1 of 1): class com.bumptech.glide.load.HttpException: 
08-05 23:45:44.568 30584 30584 I Glide   : Root cause (1 of 1)
08-05 23:45:44.568 30584 30584 I Glide   : com.bumptech.glide.load.HttpException: 
08-05 23:45:44.568 30584 30584 I Glide   : 	at com.bumptech.glide.integration.okhttp3.OkHttpStreamFetcher.onResponse(OkHttpStreamFetcher.java:73)
08-05 23:45:44.568 30584 30584 I Glide   : 	at okhttp3.RealCall$AsyncCall.execute(RealCall.java:174)
08-05 23:45:44.568 30584 30584 I Glide   : 	at okhttp3.internal.NamedRunnable.run(NamedRunnable.java:32)
08-05 23:45:44.568 30584 30584 I Glide   : 	at java.util.concurrent.ThreadPoolExecutor.runWorker(ThreadPoolExecutor.java:1113)
08-05 23:45:44.568 30584 30584 I Glide   : 	at java.util.concurrent.ThreadPoolExecutor$Worker.run(ThreadPoolExecutor.java:588)
08-05 23:45:44.568 30584 30584 I Glide   : 	at java.lang.Thread.run(Thread.java:818)
08-05 23:45:44.568 30584 30584 W Glide   : Load failed for http://sixgun.org/files/linuxoutlaws.jpg with size [224x224]
08-05 23:45:44.568 30584 30584 W Glide   : class com.bumptech.glide.load.engine.GlideException: Failed to load resource
08-05 23:45:44.568 30584 30584 W Glide   : There was 1 cause:
08-05 23:45:44.568 30584 30584 W Glide   : com.bumptech.glide.load.HttpException()
08-05 23:45:44.568 30584 30584 W Glide   :  call GlideException#logRootCauses(String) for more detail
08-05 23:45:44.568 30584 30584 W Glide   :   Cause (1 of 1): class com.bumptech.glide.load.engine.GlideException: Fetching data failed, class java.io.InputStream, REMOTE
08-05 23:45:44.568 30584 30584 W Glide   : There was 1 cause:
08-05 23:45:44.568 30584 30584 W Glide   : com.bumptech.glide.load.HttpException()
08-05 23:45:44.568 30584 30584 W Glide   :  call GlideException#logRootCauses(String) for more detail
08-05 23:45:44.568 30584 30584 W Glide   :     Cause (1 of 1): class com.bumptech.glide.load.HttpException: 
08-05 23:45:44.568 30584 30584 I Glide   : Root cause (1 of 1)
08-05 23:45:44.568 30584 30584 I Glide   : com.bumptech.glide.load.HttpException: 
08-05 23:45:44.568 30584 30584 I Glide   : 	at com.bumptech.glide.integration.okhttp3.OkHttpStreamFetcher.onResponse(OkHttpStreamFetcher.java:73)
08-05 23:45:44.568 30584 30584 I Glide   : 	at okhttp3.RealCall$AsyncCall.execute(RealCall.java:174)
08-05 23:45:44.568 30584 30584 I Glide   : 	at okhttp3.internal.NamedRunnable.run(NamedRunnable.java:32)
08-05 23:45:44.568 30584 30584 I Glide   : 	at java.util.concurrent.ThreadPoolExecutor.runWorker(ThreadPoolExecutor.java:1113)
08-05 23:45:44.568 30584 30584 I Glide   : 	at java.util.concurrent.ThreadPoolExecutor$Worker.run(ThreadPoolExecutor.java:588)
08-05 23:45:44.568 30584 30584 I Glide   : 	at java.lang.Thread.run(Thread.java:818)
08-05 23:45:44.579 30584 31025 I art     : Starting a blocking GC Explicit
08-05 23:45:44.635 30584 31025 I art     : Explicit concurrent mark sweep GC freed 3683(260KB) AllocSpace objects, 1(20KB) LOS objects, 23% free, 51MB/67MB, paused 2.186ms total 56.303ms
08-05 23:45:44.651 30584 31025 I art     : Starting a blocking GC Explicit
08-05 23:45:44.700 30584 31025 I art     : Explicit concurrent mark sweep GC freed 506(27KB) AllocSpace objects, 0(0B) LOS objects, 23% free, 51MB/67MB, paused 1.509ms total 48.718ms
08-05 23:45:44.706   380   380 W SurfaceFlinger: couldn't log to binary event log: overflow.
08-05 23:45:44.714 30584 31025 I art     : Starting a blocking GC Explicit
08-05 23:45:44.755 30584 31025 I art     : Explicit concurrent mark sweep GC freed 595(24KB) AllocSpace objects, 0(0B) LOS objects, 23% free, 51MB/67MB, paused 1.459ms total 41.165ms
08-05 23:45:44.767 30584 31025 I art     : Starting a blocking GC Explicit
08-05 23:45:44.805 30584 31025 I art     : Explicit concurrent mark sweep GC freed 2857(235KB) AllocSpace objects, 1(28KB) LOS objects, 23% free, 50MB/66MB, paused 1.473ms total 38.152ms
08-05 23:45:44.817 30584 31025 I art     : Starting a blocking GC Explicit
08-05 23:45:44.859 30584 31025 I art     : Explicit concurrent mark sweep GC freed 3(96B) AllocSpace objects, 0(0B) LOS objects, 23% free, 50MB/66MB, paused 1.682ms total 41.530ms
08-05 23:45:45.231 30584 31162 I art     : Starting a blocking GC Explicit
08-05 23:45:45.233 26613 26613 I ServiceManager: Waiting for service AtCmdFwd...
08-05 23:45:45.279 30584 31162 I art     : Explicit concurrent mark sweep GC freed 1382(83KB) AllocSpace objects, 1(20KB) LOS objects, 23% free, 50MB/66MB, paused 1.753ms total 47.402ms
08-05 23:45:45.292 30584 31162 I art     : Starting a blocking GC Explicit
08-05 23:45:45.337 30584 31162 I art     : Explicit concurrent mark sweep GC freed 23(752B) AllocSpace objects, 0(0B) LOS objects, 23% free, 50MB/66MB, paused 1.794ms total 45.016ms
08-05 23:45:45.350 30584 31162 I art     : Starting a blocking GC Explicit
08-05 23:45:45.395 30584 31162 I art     : Explicit concurrent mark sweep GC freed 3(96B) AllocSpace objects, 0(0B) LOS objects, 23% free, 50MB/66MB, paused 1.625ms total 44.475ms
08-05 23:45:45.408 30584 31162 I art     : Starting a blocking GC Explicit
08-05 23:45:45.453 30584 31162 I art     : Explicit concurrent mark sweep GC freed 3(96B) AllocSpace objects, 0(0B) LOS objects, 23% free, 50MB/66MB, paused 1.644ms total 44.256ms
08-05 23:45:45.466 30584 31162 I art     : Starting a blocking GC Explicit
08-05 23:45:45.511 30584 31162 I art     : Explicit concurrent mark sweep GC freed 3(96B) AllocSpace objects, 0(0B) LOS objects, 23% free, 50MB/66MB, paused 1.626ms total 44.862ms
08-05 23:45:45.857 30584 30617 I art     : Starting a blocking GC Explicit
08-05 23:45:45.902 30584 30617 I art     : Explicit concurrent mark sweep GC freed 1412(82KB) AllocSpace objects, 1(20KB) LOS objects, 23% free, 50MB/66MB, paused 1.665ms total 44.927ms
08-05 23:45:45.915 30584 30617 I art     : Starting a blocking GC Explicit
08-05 23:45:45.958 30584 30617 I art     : Explicit concurrent mark sweep GC freed 23(752B) AllocSpace objects, 0(0B) LOS objects, 23% free, 50MB/66MB, paused 1.696ms total 42.973ms
08-05 23:45:45.972 30584 30617 I art     : Starting a blocking GC Explicit
08-05 23:45:46.017 30584 30617 I art     : Explicit concurrent mark sweep GC freed 14(448B) AllocSpace objects, 0(0B) LOS objects, 23% free, 50MB/66MB, paused 1.771ms total 45.139ms
08-05 23:45:46.030 30584 30617 I art     : Starting a blocking GC Explicit
08-05 23:45:46.073 30584 30617 I art     : Explicit concurrent mark sweep GC freed 15(480B) AllocSpace objects, 0(0B) LOS objects, 23% free, 50MB/66MB, paused 1.590ms total 42.544ms
08-05 23:45:46.086 30584 30617 I art     : Starting a blocking GC Explicit
08-05 23:45:46.130 30584 30617 I art     : Explicit concurrent mark sweep GC freed 17(544B) AllocSpace objects, 0(0B) LOS objects, 23% free, 50MB/66MB, paused 1.863ms total 43.805ms
08-05 23:45:46.133  2112  2112 D AndroidRuntime: >>>>>> START com.android.internal.os.RuntimeInit uid 2000 <<<<<<
08-05 23:45:46.139  2112  2112 D AndroidRuntime: CheckJNI is OFF
08-05 23:45:46.181  2112  2112 D ICU     : No timezone override file found: /data/misc/zoneinfo/current/icu/icu_tzdata.dat
08-05 23:45:46.224  2112  2112 I Radio-JNI: register_android_hardware_Radio DONE
08-05 23:45:46.233 26613 26613 W Atfwd_Sendcmd: AtCmdFwd service not published, waiting... retryCnt : 5
08-05 23:45:46.252  2112  2112 D AndroidRuntime: Calling main entry com.android.commands.input.Input
08-05 23:45:46.254  2112  2112 I Input   : injectKeyEvent: KeyEvent { action=ACTION_DOWN, keyCode=KEYCODE_BACK, scanCode=0, metaState=0, flags=0x0, repeatCount=0, eventTime=834362667, downTime=834362667, deviceId=-1, source=0x101 }
08-05 23:45:46.261  2112  2112 I Input   : injectKeyEvent: KeyEvent { action=ACTION_UP, keyCode=KEYCODE_BACK, scanCode=0, metaState=0, flags=0x0, repeatCount=0, eventTime=834362667, downTime=834362667, deviceId=-1, source=0x101 }
08-05 23:45:46.284  2112  2112 D AndroidRuntime: Shutting down VM
08-05 23:45:46.470 30584 31025 I art     : Starting a blocking GC Explicit
08-05 23:45:46.518 30584 31025 I art     : Explicit concurrent mark sweep GC freed 3586(172KB) AllocSpace objects, 1(20KB) LOS objects, 23% free, 50MB/66MB, paused 1.644ms total 47.976ms
08-05 23:45:46.531 30584 31025 I art     : Starting a blocking GC Explicit
08-05 23:45:46.575 30584 31025 I art     : Explicit concurrent mark sweep GC freed 5329(394KB) AllocSpace objects, 9(1620KB) LOS objects, 24% free, 48MB/64MB, paused 1.626ms total 43.478ms
08-05 23:45:46.588 30584 31025 I art     : Starting a blocking GC Explicit
08-05 23:45:46.631 30584 31025 I art     : Explicit concurrent mark sweep GC freed 32(880B) AllocSpace objects, 0(0B) LOS objects, 24% free, 48MB/64MB, paused 1.663ms total 42.688ms
08-05 23:45:46.644 30584 31025 I art     : Starting a blocking GC Explicit
08-05 23:45:46.687 30584 31025 I art     : Explicit concurrent mark sweep GC freed 3(96B) AllocSpace objects, 0(0B) LOS objects, 24% free, 48MB/64MB, paused 1.641ms total 42.805ms
08-05 23:45:46.700 30584 31025 I art     : Starting a blocking GC Explicit
08-05 23:45:46.743 30584 31025 I art     : Explicit concurrent mark sweep GC freed 3(96B) AllocSpace objects, 0(0B) LOS objects, 24% free, 48MB/64MB, paused 1.779ms total 42.999ms
08-05 23:45:47.111 30584 30596 I art     : Starting a blocking GC Explicit
08-05 23:45:47.164 30584 30596 I art     : Explicit concurrent mark sweep GC freed 1382(82KB) AllocSpace objects, 1(20KB) LOS objects, 24% free, 48MB/64MB, paused 1.746ms total 52.384ms
08-05 23:45:47.178 30584 30596 I art     : Starting a blocking GC Explicit
08-05 23:45:47.220 30584 30596 I art     : Explicit concurrent mark sweep GC freed 23(752B) AllocSpace objects, 0(0B) LOS objects, 24% free, 48MB/64MB, paused 1.631ms total 41.874ms
08-05 23:45:47.233 30584 30596 I art     : Starting a blocking GC Explicit
08-05 23:45:47.276 30584 30596 I art     : Explicit concurrent mark sweep GC freed 3(96B) AllocSpace objects, 0(0B) LOS objects, 24% free, 48MB/64MB, paused 1.649ms total 42.693ms
08-05 23:45:47.289 30584 30596 I art     : Starting a blocking GC Explicit
08-05 23:45:47.332 30584 30596 I art     : Explicit concurrent mark sweep GC freed 3(96B) AllocSpace objects, 0(0B) LOS objects, 24% free, 48MB/64MB, paused 1.670ms total 42.045ms
08-05 23:45:47.345 30584 30596 I art     : Starting a blocking GC Explicit
08-05 23:45:47.388 30584 30596 I art     : Explicit concurrent mark sweep GC freed 3(96B) AllocSpace objects, 0(0B) LOS objects, 24% free, 48MB/64MB, paused 1.731ms total 43.079ms
08-05 23:45:47.729 30584 31162 I art     : Starting a blocking GC Explicit
08-05 23:45:47.773 30584 31162 I art     : Explicit concurrent mark sweep GC freed 1410(82KB) AllocSpace objects, 1(20KB) LOS objects, 24% free, 48MB/64MB, paused 1.633ms total 43.907ms
08-05 23:45:47.786 30584 31162 I art     : Starting a blocking GC Explicit
08-05 23:45:47.827 30584 31162 I art     : Explicit concurrent mark sweep GC freed 23(752B) AllocSpace objects, 0(0B) LOS objects, 24% free, 48MB/64MB, paused 1.723ms total 40.735ms
08-05 23:45:47.840 30584 31162 I art     : Starting a blocking GC Explicit
08-05 23:45:47.881 30584 31162 I art     : Explicit concurrent mark sweep GC freed 3(96B) AllocSpace objects, 0(0B) LOS objects, 24% free, 48MB/64MB, paused 1.651ms total 41.170ms
08-05 23:45:47.894 30584 31162 I art     : Starting a blocking GC Explicit
08-05 23:45:47.937 30584 31162 I art     : Explicit concurrent mark sweep GC freed 8(256B) AllocSpace objects, 0(0B) LOS objects, 24% free, 48MB/64MB, paused 1.684ms total 42.734ms
08-05 23:45:47.950 30584 31162 I art     : Starting a blocking GC Explicit
08-05 23:45:47.993 30584 31162 I art     : Explicit concurrent mark sweep GC freed 9(288B) AllocSpace objects, 0(0B) LOS objects, 24% free, 48MB/64MB, paused 1.679ms total 42.950ms
08-05 23:45:48.137  2165  2165 D AndroidRuntime: >>>>>> START com.android.internal.os.RuntimeInit uid 2000 <<<<<<
08-05 23:45:48.143  2165  2165 D AndroidRuntime: CheckJNI is OFF
08-05 23:45:48.184  2165  2165 D ICU     : No timezone override file found: /data/misc/zoneinfo/current/icu/icu_tzdata.dat
08-05 23:45:48.226  2165  2165 I Radio-JNI: register_android_hardware_Radio DONE
08-05 23:45:48.254  2165  2165 D AndroidRuntime: Calling main entry com.android.commands.am.Am
08-05 23:45:48.260  3167  3167 I Trepn   : Trepn 6.2s: Received intent: com.quicinc.trepn.stop_profiling
08-05 23:45:48.282  3167  3167 I Trepn   : Trepn 6.2s: Trepn has Stopped Profiling.
08-05 23:45:48.362 30584 30596 I art     : Starting a blocking GC Explicit
08-05 23:45:48.404 30584 30596 I art     : Explicit concurrent mark sweep GC freed 1401(83KB) AllocSpace objects, 1(20KB) LOS objects, 24% free, 48MB/64MB, paused 1.549ms total 41.556ms
08-05 23:45:48.416 30584 30596 I art     : Starting a blocking GC Explicit
08-05 23:45:48.442  2165  2165 D AndroidRuntime: Shutting down VM
08-05 23:45:48.446   918  6111 W AppOps  : Finishing op nesting under-run: uid 10078 pkg com.quicinc.trepn code 24 time=0 duration=0 nesting=0
08-05 23:45:48.456 30584 30596 I art     : Explicit concurrent mark sweep GC freed 23(752B) AllocSpace objects, 0(0B) LOS objects, 24% free, 48MB/64MB, paused 1.565ms total 39.223ms
08-05 23:45:48.468 30584 30596 I art     : Starting a blocking GC Explicit
08-05 23:45:48.505 30584 30596 I art     : Explicit concurrent mark sweep GC freed 3(96B) AllocSpace objects, 0(0B) LOS objects, 24% free, 48MB/64MB, paused 1.556ms total 36.960ms
08-05 23:45:48.517 30584 30596 I art     : Starting a blocking GC Explicit
08-05 23:45:48.557 30584 30596 I art     : Explicit concurrent mark sweep GC freed 3(96B) AllocSpace objects, 0(0B) LOS objects, 24% free, 48MB/64MB, paused 1.684ms total 39.504ms
08-05 23:45:48.570 30584 30596 I art     : Starting a blocking GC Explicit
08-05 23:45:48.616 30584 30596 I art     : Explicit concurrent mark sweep GC freed 32(880B) AllocSpace objects, 0(0B) LOS objects, 24% free, 48MB/64MB, paused 1.692ms total 45.042ms
08-05 23:45:48.956 30584 30597 I art     : Starting a blocking GC Explicit
08-05 23:45:48.998 30584 30597 I art     : Explicit concurrent mark sweep GC freed 1383(81KB) AllocSpace objects, 1(20KB) LOS objects, 24% free, 48MB/64MB, paused 1.699ms total 41.447ms
08-05 23:45:49.011 30584 30597 I art     : Starting a blocking GC Explicit
08-05 23:45:49.052 30584 30597 I art     : Explicit concurrent mark sweep GC freed 23(752B) AllocSpace objects, 0(0B) LOS objects, 24% free, 48MB/64MB, paused 1.517ms total 40.651ms
08-05 23:45:49.064 30584 30597 I art     : Starting a blocking GC Explicit
08-05 23:45:49.104 30584 30597 I art     : Explicit concurrent mark sweep GC freed 3(96B) AllocSpace objects, 0(0B) LOS objects, 24% free, 48MB/64MB, paused 1.683ms total 39.503ms
08-05 23:45:49.116 30584 30597 I art     : Starting a blocking GC Explicit
08-05 23:45:49.158 30584 30597 I art     : Explicit concurrent mark sweep GC freed 3(96B) AllocSpace objects, 0(0B) LOS objects, 24% free, 48MB/64MB, paused 1.647ms total 41.568ms
08-05 23:45:49.171 30584 30597 I art     : Starting a blocking GC Explicit
08-05 23:45:49.210 30584 30597 I art     : Explicit concurrent mark sweep GC freed 3(96B) AllocSpace objects, 0(0B) LOS objects, 24% free, 48MB/64MB, paused 1.516ms total 39.356ms
08-05 23:45:50.206   918  3188 I hubconnection: sensorhub said: 'set_bias 3: -5.1168, 0.0000, 0.0000'
08-05 23:45:50.885   518   646 I ThermalEngine: ACTION: GPU - Setting GPU[0] to 510000000
08-05 23:45:51.672   918   918 I ActivityManager: Start proc 2315:com.google.android.contacts/u0a13 for service com.google.android.contacts/com.google.android.libraries.internal.growth.growthkit.internal.jobs.impl.GrowthKitJobService
08-05 23:45:51.743  2315  2315 W System  : ClassLoader referenced unknown path: /data/app/com.google.android.contacts-2/lib/arm64
