--------- beginning of main
08-06 06:16:56.695   918  6111 I AccountManagerService: getTypesVisibleToCaller: isPermitted? true
08-06 06:16:56.709   918  4400 I AccountManagerService: getTypesVisibleToCaller: isPermitted? true
08-06 06:16:56.713 24365 15390 I Fitness : FitCleanupIntentOperation received Intent android.intent.action.PACKAGE_REMOVED [CONTEXT service_id=17 ]
08-06 06:16:56.715 14692 14692 I Finsky  : [1] uah.a(18): PackageMonitorReceiverImpl - Received: android.intent.action.PACKAGE_REMOVED, [CFjXe5fo2ooiLur0Ju3smv2h5qnGgIsGl5_C_SkJu8g]
08-06 06:16:56.715 14692 14692 I Finsky  : [1] ubi.d(9): Invalidating cached PackageState for baseline.de.danoeh.antennapod.debug
08-06 06:16:56.723  3784  3784 D CarrierServiceBindHelper: Receive action: android.intent.action.PACKAGE_ADDED
08-06 06:16:56.724  3784  3784 D CarrierServiceBindHelper: Receive action: android.intent.action.PACKAGE_REPLACED
08-06 06:16:56.724  3784  3784 D CarrierServiceBindHelper: mHandler: 3
08-06 06:16:56.724  3784  3784 D CarrierServiceBindHelper: mHandler: 3
08-06 06:16:56.724  3784  3784 D CarrierServiceBindHelper: mHandler: 3
08-06 06:16:56.724  3784  3784 D CarrierConfigLoader: mHandler: 9 phoneId: 0
08-06 06:16:56.735 14692 14692 I Finsky  : [1] lzi.c(2): Frosting ID looked up on UI thread. Caller should move to a background thread.
08-06 06:16:56.738 14692 14692 I Finsky  : [1] nqb.c(3): Installer: package baseline.de.danoeh.antennapod.debug was removed. replacing: true
08-06 06:16:56.739 14692 14692 I Finsky  : [1] nra.a(188): Installer: Notifying status update. package=baseline.de.danoeh.antennapod.debug, status=UNINSTALLED
08-06 06:16:56.769 14692 14692 I Finsky  : [1] lzi.c(2): Frosting ID looked up on UI thread. Caller should move to a background thread.
08-06 06:16:56.774 14692 15399 I Finsky  : [6466] ejf.a(-1): Cancelled 0 ongoing asset module downloads for package baseline.de.danoeh.antennapod.debug due to a concurrent app update.
08-06 06:16:56.787 14692 14692 I Finsky  : [1] nra.a(220): Installer: found apps to install. isMultiUserMode=false, apps=[]
08-06 06:16:56.828 24577 15396 I Auth    : [SupervisedAccountIntentOperation] onHandleIntent(): android.intent.action.PACKAGE_ADDED
08-06 06:16:56.829 24577 15395 I ChromeSync: [Sync,SyncIntentOperation] Handling the intent: Intent { act=android.intent.action.PACKAGE_ADDED dat=package:baseline.de.danoeh.antennapod.debug flg=0x4000010 cmp=com.google.android.gms/.chimera.GmsIntentOperationService (has extras) }.
08-06 06:16:56.841 14692 14692 I Finsky  : [1] uah.a(18): PackageMonitorReceiverImpl - Received: android.intent.action.PACKAGE_ADDED, [CFjXe5fo2ooiLur0Ju3smv2h5qnGgIsGl5_C_SkJu8g]
08-06 06:16:56.841 14692 14692 I Finsky  : [1] ubi.d(9): Invalidating cached PackageState for baseline.de.danoeh.antennapod.debug
08-06 06:16:56.844 14692 14692 I Finsky  : [1] lzi.c(2): Frosting ID looked up on UI thread. Caller should move to a background thread.
--------- beginning of system
08-06 06:16:56.884   918  5952 W ActivityManager: Unable to start service Intent { act=com.google.android.gms.auth.key.retrieval.service.START pkg=com.google.android.gms } U=0: not found
08-06 06:16:56.886 14692 14692 I Finsky  : [1] agsx.a(4): Do not start WearSupportService due to Wear service optimization
08-06 06:16:56.897 14692 15399 I Finsky  : [6466] ejc.a(-1): Asset module broadcast after update successful for package baseline.de.danoeh.antennapod.debug. 0 sessions broadcast.
08-06 06:16:56.923   918  3961 W ActivityManager: Unbind failed: could not find connection for android.os.BinderProxy@4a27831
08-06 06:16:56.927 14692 15397 I Finsky  : [6464] lyv.run(-1): Wrote row to frosting DB: 3232
08-06 06:16:56.942 14692 14692 I Finsky  : [1] lzi.c(2): Frosting ID looked up on UI thread. Caller should move to a background thread.
08-06 06:16:56.946   918  5481 I AccountManagerService: getTypesVisibleToCaller: isPermitted? true
08-06 06:16:56.948 24577 15395 I ChromeSync: [Persistence,AffiliationManager] One of affiliation or grouping data for android://bz0hZa4nAJEtd0n5sRlXG7KAqctUMWVefv7Ki4mh1p6slZ9YO-n9gS9j8m9YCrsIyI2wIxrDHraumF9Y6pBLTA==@baseline.de.danoeh.antennapod.debug/ was not found. Marking affiliation data as stale...
08-06 06:16:56.956 24577 24621 E GmsClient: unable to connect to service: com.google.android.gms.auth.key.retrieval.service.START on com.google.android.gms
08-06 06:16:56.981 14692 14876 I Finsky  : [6220] odj.b(52): IQ: Notifying installation update. package=baseline.de.danoeh.antennapod.debug, status=UNINSTALLED
08-06 06:16:57.019 14692 15398 I Finsky  : [6465] gzn.a(-1): [ContentSync] finished, scheduled=false
08-06 06:16:57.021   918  3696 I AccountManagerService: getTypesVisibleToCaller: isPermitted? true
08-06 06:16:57.032 14692 14876 I Finsky  : [6220] odj.b(40): IQ: No matching installs to run for jobs: []
08-06 06:16:57.053 14692 15397 I Finsky  : [6464] lyv.run(-1): Wrote row to frosting DB: 3233
08-06 06:16:57.148 14692 15397 I Finsky  : [6464] lyv.run(-1): Wrote row to frosting DB: 3234
08-06 06:16:57.188 14692 15397 I Finsky  : [6464] lyv.run(-1): Wrote row to frosting DB: 3235
08-06 06:16:57.208   918  3961 I AccountManagerService: getTypesVisibleToCaller: isPermitted? true
08-06 06:16:57.225 14692 14692 I Finsky  : [1] xmu.a(8): SCH: Jobs in database: 1-1337 3-221 3-222 12-1 24-77777777 26-1414141414 
08-06 06:16:57.228 14692 14692 I Finsky  : [1] xio.a(57): SCH: ConstraintMapping: 24-77777777,  -> L: 0ms, D: 53593699ms, C: false, I: true, N: 0
08-06 06:16:57.228 14692 14692 I Finsky  : [1] xio.a(57): SCH: ConstraintMapping: 1-1337, 12-1,  -> L: 14536ms, D: 56935691ms, C: false, I: false, N: 1
08-06 06:16:57.229 14692 14692 I Finsky  : [1] xio.a(57): SCH: ConstraintMapping: 3-221,  -> L: 0ms, D: 75072199ms, C: false, I: true, N: 2
08-06 06:16:57.229 14692 14692 I Finsky  : [1] xio.a(57): SCH: ConstraintMapping: 3-222,  -> L: 0ms, D: 75072272ms, C: true, I: true, N: 2
08-06 06:16:57.229 14692 14692 I Finsky  : [1] xio.a(57): SCH: ConstraintMapping: 26-1414141414,  -> L: 18383592ms, D: 19283592ms, C: false, I: false, N: 0
08-06 06:16:57.231 14692 15398 I Finsky  : [6465] gzn.a(-1): [ContentSync] finished, scheduled=true
08-06 06:16:57.244 14692 14692 I Finsky  : [1] xle.a(34): Cancelling existing jobscheduler jobs: 9005 9007 9004 9000 9003 9006 9009 9002 9010 9008 
08-06 06:16:57.244 14692 14692 I Finsky  : [1] xle.a(27): Scheduling job Id: 9001, L: 0, D: 53593699, C: false, I: true, N: 0
08-06 06:16:57.246 14692 14692 I Finsky  : [1] xle.a(27): Scheduling job Id: 9011, L: 14536, D: 56935691, C: false, I: false, N: 1
08-06 06:16:57.248 14692 14692 I Finsky  : [1] xle.a(27): Scheduling job Id: 9012, L: 0, D: 75072199, C: false, I: true, N: 2
08-06 06:16:57.250 14692 14692 I Finsky  : [1] xle.a(27): Scheduling job Id: 9013, L: 0, D: 75072272, C: true, I: true, N: 2
08-06 06:16:57.252 14692 14692 I Finsky  : [1] xle.a(27): Scheduling job Id: 9014, L: 18383592, D: 19283592, C: false, I: false, N: 0
08-06 06:16:57.256 14692 14692 I Finsky  : [1] xle.a(27): Scheduling job Id: 9015, L: 0, D: 53593699, C: false, I: true, N: 0
08-06 06:16:57.258 14692 14692 I Finsky  : [1] xle.a(27): Scheduling job Id: 9016, L: 14536, D: 56935691, C: false, I: false, N: 1
08-06 06:16:57.259 15412 15412 D AndroidRuntime: >>>>>> START com.android.internal.os.RuntimeInit uid 2000 <<<<<<
08-06 06:16:57.261 14692 14692 I Finsky  : [1] xle.a(27): Scheduling job Id: 9017, L: 0, D: 75072199, C: false, I: true, N: 2
08-06 06:16:57.263 14692 14692 I Finsky  : [1] xle.a(27): Scheduling job Id: 9018, L: 0, D: 75072272, C: true, I: true, N: 2
08-06 06:16:57.263 15412 15412 D AndroidRuntime: CheckJNI is OFF
08-06 06:16:57.270 14692 14692 I Finsky  : [1] xle.a(27): Scheduling job Id: 9019, L: 18383592, D: 19283592, C: false, I: false, N: 0
08-06 06:16:57.285 24577 13294 I Icing   : IndexChimeraService.getServiceInterface callingPackage=com.google.android.gms componentName=AppsCorpus serviceId=36
08-06 06:16:57.288 15412 15412 D ICU     : No timezone override file found: /data/misc/zoneinfo/current/icu/icu_tzdata.dat
08-06 06:16:57.312 15412 15412 I Radio-JNI: register_android_hardware_Radio DONE
08-06 06:16:57.313 24577  7409 W Icing   : No valid account for uploading user actions
08-06 06:16:57.328 15412 15412 D AndroidRuntime: Calling main entry com.android.commands.monkey.Monkey
08-06 06:16:57.344 24577 13336 I Icing   : IndexChimeraService.getServiceInterface callingPackage=com.google.android.gms componentName=null serviceId=30
08-06 06:16:57.357   918   931 W BroadcastQueue: Skipping deliver [background] BroadcastRecord{3196b05 u-1 android.net.conn.CONNECTIVITY_CHANGE} to ReceiverList{b4c475a 15412 (unknown name)/2000/u-1 remote:54d344e}: process crashing
08-06 06:16:57.369   918  6111 I ActivityManager: START u0 {act=android.intent.action.MAIN cat=[android.intent.category.LAUNCHER] flg=0x10200000 cmp=baseline.de.danoeh.antennapod.debug/baseline.de.danoeh.antennapod.activity.SplashActivity} from uid 2000 on display 0
08-06 06:16:57.392   918   932 I sensors : batch
08-06 06:16:57.398   918  3188 I hubconnection: sensorhub said: 'batch 31 flags:0, sampling_rate_Hz:15.00, max_report_latency_us:0'
08-06 06:16:57.404 24577  7409 I Icing   : Usage reports ok 2, Failed Usage reports 0, indexed 0, rejected 0
08-06 06:16:57.408 24577  7409 W Icing   : No valid account for uploading user actions
08-06 06:16:57.424 24577  7409 I Icing   : Usage reports ok 0, Failed Usage reports 0, indexed 0, rejected 0
08-06 06:16:57.425 24577  7409 I Icing   : Indexing com.google.android.gms-internal.3p:MobileApplication from com.google.android.gms using seqno 763
08-06 06:16:57.436 24577  7409 I Icing   : Indexing com.google.android.gms-internal.3p:MobileApplication from com.google.android.gms using seqno 763
08-06 06:16:57.444 15430 15430 I art     : Late-enabling -Xcheck:jni
08-06 06:16:57.444   918   929 I ActivityManager: Start proc 15430:baseline.de.danoeh.antennapod.debug/u0a711 for activity baseline.de.danoeh.antennapod.debug/baseline.de.danoeh.antennapod.activity.SplashActivity
08-06 06:16:57.451 15412 15412 I art     : System.exit called, status: 0
08-06 06:16:57.451 15412 15412 I AndroidRuntime: VM exiting with result code 0.
08-06 06:16:57.451   918   932 I sensors : flush
08-06 06:16:57.459   918  3188 I hubconnection: sensorhub said: 'flush 31'
08-06 06:16:57.459   918  3188 I hubconnection: saw sensor 31 flushed
08-06 06:16:57.470 24577 13336 I Icing   : IndexChimeraService.getServiceInterface callingPackage=com.google.android.gms componentName=null serviceId=36
08-06 06:16:57.473 24577  7409 W Icing   : No valid account for uploading user actions
08-06 06:16:57.474 16458  6583 I PBSessionCacheImpl: Deleted sessionId[72384646105454640] from persistence.
08-06 06:16:57.478 16458 16488 W SearchServiceCore: Abort, client detached.
08-06 06:16:57.478 16458 16488 I MicroDetectionState: Should stop hotword detection immediately - true
08-06 06:16:57.499 15430 15430 W System  : ClassLoader referenced unknown path: /data/app/baseline.de.danoeh.antennapod.debug-1/lib/arm64
08-06 06:16:57.506 24577  7409 I Icing   : Usage reports ok 1, Failed Usage reports 0, indexed 0, rejected 0
08-06 06:16:57.510 15430 15430 D UserPreferences: Creating new instance of UserPreferences
08-06 06:16:57.511 15430 15430 D UserPreferences: Using default data folder
08-06 06:16:57.513 15430 15430 D UserPreferences: Import directory already exists
08-06 06:16:57.515 15430 15430 D UpdateManager: old: -1, current: 1070296
08-06 06:16:57.517 15430 15430 D SleepTimerPreferences: Creating new instance of SleepTimerPreferences
08-06 06:16:57.529 15430 15430 D SPAUtil : Sending SP_APPS_QUERY_FEEDS intent
08-06 06:16:57.552 15430 15430 W art     : Before Android 4.1, method android.graphics.PorterDuffColorFilter androidx.vectordrawable.graphics.drawable.VectorDrawableCompat.updateTintFilter(android.graphics.PorterDuffColorFilter, android.content.res.ColorStateList, android.graphics.PorterDuff$Mode) would have incorrectly overridden the package-private method in android.graphics.drawable.Drawable
08-06 06:16:57.579 15430 15430 I art     : Rejecting re-init on previously-failed class java.lang.Class<androidx.core.view.ViewCompat$2>
08-06 06:16:57.580 15430 15430 I art     : Rejecting re-init on previously-failed class java.lang.Class<androidx.core.view.ViewCompat$2>
08-06 06:16:57.607 15430 15455 D OpenGLRenderer: Use EGL_SWAP_BEHAVIOR_PRESERVED: true
08-06 06:16:57.649 15430 15455 I Adreno  : QUALCOMM build                   : fcf4852, I1af360237c
08-06 06:16:57.649 15430 15455 I Adreno  : Build Date                       : 09/23/15
08-06 06:16:57.649 15430 15455 I Adreno  : OpenGL ES Shader Compiler Version: XE031.05.13.02
08-06 06:16:57.649 15430 15455 I Adreno  : Local Branch                     : mybranch14465806
08-06 06:16:57.649 15430 15455 I Adreno  : Remote Branch                    : quic/LA.BF64.1.2.9_v2
08-06 06:16:57.649 15430 15455 I Adreno  : Remote Branch                    : NONE
08-06 06:16:57.649 15430 15455 I Adreno  : Reconstruct Branch               : NOTHING
08-06 06:16:57.652 15430 15455 I OpenGLRenderer: Initialized EGL, version 1.4
08-06 06:16:57.677   918  3670 I ActivityManager: START u0 {cmp=baseline.de.danoeh.antennapod.debug/baseline.de.danoeh.antennapod.activity.MainActivity} from uid 10711 on display 0
08-06 06:16:57.686   918  3696 W InputMethodManagerService: Focus gain on non-focused client com.android.internal.view.IInputMethodClient$Stub$Proxy@38842f3 (uid=10711 pid=15430)
08-06 06:16:57.776 15430 15430 D UserPreferences: Using default data folder
08-06 06:16:57.814 15430 15430 D MainActivity: getLastNavFragment() -> QueueFragment
08-06 06:16:57.815 15430 15430 D MainActivity: loadFragment(tag: QueueFragment, args: null)
08-06 06:16:57.818 15430 15430 D MainActivity: saveLastNavFragment(tag: QueueFragment)
08-06 06:16:57.818 15430 15430 D MainActivity: getLastNavFragment() -> QueueFragment
08-06 06:16:57.819 15430 15430 D UserPreferences: timeOfDay: []
08-06 06:16:57.821 15430 15430 D AutoUpdateManager: Restarting update alarm.
08-06 06:16:57.822 15430 15430 D AutoUpdateManager: Changed alarm to new interval 12 h
08-06 06:16:57.831 15430 15430 D UserPreferences: timeOfDay: []
08-06 06:16:57.831 15430 15430 D AutoUpdateManager: Restarting update alarm.
08-06 06:16:57.833 15430 15430 D AutoUpdateManager: Changed alarm to new interval 12 h
08-06 06:16:57.871 15430 15430 D ExternalPlayerFragment: Loading media info
08-06 06:16:57.873 15430 15430 D QueueFragment: loadItems()
08-06 06:16:57.878 15430 15454 D DBReader: getQueue() called
08-06 06:16:57.878 15430 15454 D DBReader: getQueue()
08-06 06:16:57.880 15430 15454 D DBReader: getFavoriteIDList() called
08-06 06:16:57.882 15430 15454 D DBReader: getQueueIDList() called
08-06 06:16:57.883 15430 15454 D DBReader: Extracting Feedlist
08-06 06:16:57.886 15430 15430 V PlaybackController: initServiceNotRunning()
08-06 06:16:57.886 15430 15430 D ExternalPlayerFragment: Loading media info
08-06 06:16:57.889 15430 15430 D UserPreferences: Using default data folder
08-06 06:16:57.891 15430 15430 D AutoUpdateManager: last refresh: 443524 hours 16 minutes ago
08-06 06:16:57.892 15430 15454 D DBReader: getNavDrawerData() called with: 
08-06 06:16:57.900 15430 15454 D DBReader: getDownloadedItems() called
08-06 06:16:57.902 15430 15454 D DBReader: getFavoriteIDList() called
08-06 06:16:57.903 15430 15454 D DBReader: getQueueIDList() called
08-06 06:16:57.904 15430 15454 D DBReader: Extracting Feedlist
08-06 06:16:57.908   380   380 W SurfaceFlinger: couldn't log to binary event log: overflow.
08-06 06:16:58.024 15430 15430 D MainActivity: getLastNavFragment() -> QueueFragment
08-06 06:16:58.024 15430 15430 D MainActivity: handleNavIntent()
08-06 06:16:58.115   918   936 I ActivityManager: Displayed baseline.de.danoeh.antennapod.debug/baseline.de.danoeh.antennapod.activity.MainActivity: +358ms (total +707ms)
08-06 06:16:58.119 13866 13866 I GoogleInputMethodServic: GoogleInputMethodService.onFinishInput():3138 
08-06 06:16:58.120 13866 13866 I GoogleInputMethodServic: GoogleInputMethodService.onStartInput():1808 
08-06 06:16:58.142 29532 29532 W PathParser: Points are too far apart 4.030360828967057
08-06 06:16:58.142 29532 29532 W PathParser: Points are too far apart 4.030360538880159
08-06 06:16:58.159 29532 29532 W PathParser: Points are too far apart 4.030360828967057
08-06 06:16:58.159 29532 29532 W PathParser: Points are too far apart 4.030360538880159
08-06 06:16:58.175 29532 29532 W PathParser: Points are too far apart 4.030360828967057
08-06 06:16:58.175 29532 29532 W PathParser: Points are too far apart 4.030360538880159
08-06 06:16:58.192 29532 29532 W PathParser: Points are too far apart 4.030360828967057
08-06 06:16:58.192 29532 29532 W PathParser: Points are too far apart 4.030360538880159
08-06 06:16:58.208 29532 29532 W PathParser: Points are too far apart 4.030360828967057
08-06 06:16:58.208 29532 29532 W PathParser: Points are too far apart 4.030360538880159
08-06 06:16:58.225 29532 29532 W PathParser: Points are too far apart 4.030360828967057
08-06 06:16:58.225 29532 29532 W PathParser: Points are too far apart 4.030360538880159
08-06 06:16:58.242 29532 29532 W PathParser: Points are too far apart 4.030360828967057
08-06 06:16:58.242 29532 29532 W PathParser: Points are too far apart 4.030360538880159
08-06 06:16:58.258 29532 29532 W PathParser: Points are too far apart 4.030360828967057
08-06 06:16:58.258 29532 29532 W PathParser: Points are too far apart 4.030360538880159
08-06 06:16:58.406 24577  7409 I Icing   : Indexing com.google.android.gms-apps from com.google.android.gms
08-06 06:16:58.492 24577  7409 I Icing   : Indexing done com.google.android.gms-apps
08-06 06:16:58.904 15430 15479 D DBReader: Extracting Feedlist
08-06 06:16:58.907 15430 15479 D FlattrUtils: Retrieving access token
08-06 06:16:58.907 15430 15479 D FlattrUtils: No access token found
08-06 06:16:58.911 15430 15479 I art     : Rejecting re-init on previously-failed class java.lang.Class<androidx.core.app.JobIntentService$JobServiceEngineImpl>
08-06 06:16:58.911 15430 15479 I art     : Rejecting re-init on previously-failed class java.lang.Class<androidx.core.app.JobIntentService$JobServiceEngineImpl>
08-06 06:16:58.913 15430 15479 I art     : Rejecting re-init on previously-failed class java.lang.Class<androidx.core.app.SafeJobIntentService$SafeJobServiceEngineImpl>
08-06 06:16:58.913 15430 15479 I art     : Rejecting re-init on previously-failed class java.lang.Class<androidx.core.app.SafeJobIntentService$SafeJobServiceEngineImpl>
08-06 06:16:59.019 15476 15476 D AndroidRuntime: >>>>>> START com.android.internal.os.RuntimeInit uid 2000 <<<<<<
08-06 06:16:59.024 15476 15476 D AndroidRuntime: CheckJNI is OFF
08-06 06:16:59.055 15476 15476 D ICU     : No timezone override file found: /data/misc/zoneinfo/current/icu/icu_tzdata.dat
08-06 06:16:59.088 15476 15476 I Radio-JNI: register_android_hardware_Radio DONE
08-06 06:16:59.106 15476 15476 D AndroidRuntime: Calling main entry com.android.commands.am.Am
08-06 06:16:59.112  3167  3167 I Trepn   : Trepn 6.2s: Received intent: com.quicinc.trepn.start_profiling
08-06 06:16:59.179  3167  3167 W FileUtils: Failed to chmod(/storage/emulated/0/trepn/Trepn_2020.08.06_061659.db): android.system.ErrnoException: chmod failed: EPERM (Operation not permitted)
08-06 06:16:59.253  3167  3167 I Trepn   : Trepn 6.2s: Trepn has Started Profiling.
08-06 06:16:59.254 15476 15476 D AndroidRuntime: Shutting down VM
08-06 06:16:59.358 13866 13866 I GoogleInputMethodServic: GoogleInputMethodService.onFinishInput():3138 
08-06 06:16:59.360 13866 13866 I GoogleInputMethodServic: GoogleInputMethodService.onStartInput():1808 
08-06 06:16:59.696 15430 15446 I art     : Starting a blocking GC Explicit
08-06 06:16:59.731 15430 15446 I art     : Explicit concurrent mark sweep GC freed 26416(2MB) AllocSpace objects, 7(140KB) LOS objects, 40% free, 23MB/38MB, paused 218us total 33.977ms
08-06 06:16:59.738 15430 15446 I art     : Starting a blocking GC Explicit
08-06 06:16:59.751 15430 15446 I art     : Explicit concurrent mark sweep GC freed 3343(193KB) AllocSpace objects, 2(588KB) LOS objects, 40% free, 22MB/37MB, paused 127us total 12.388ms
08-06 06:16:59.758 15430 15446 I art     : Starting a blocking GC Explicit
08-06 06:16:59.770 15430 15446 I art     : Explicit concurrent mark sweep GC freed 15(544B) AllocSpace objects, 0(0B) LOS objects, 40% free, 22MB/37MB, paused 129us total 11.924ms
08-06 06:16:59.776 15430 15446 I art     : Starting a blocking GC Explicit
08-06 06:16:59.787 15430 15446 I art     : Explicit concurrent mark sweep GC freed 3(96B) AllocSpace objects, 0(0B) LOS objects, 40% free, 22MB/37MB, paused 176us total 10.775ms
08-06 06:16:59.792 15430 15446 I art     : Starting a blocking GC Explicit
08-06 06:16:59.803 15430 15446 I art     : Explicit concurrent mark sweep GC freed 3(96B) AllocSpace objects, 0(0B) LOS objects, 40% free, 22MB/37MB, paused 128us total 10.904ms
08-06 06:17:00.078 15430 15511 I art     : Starting a blocking GC Explicit
08-06 06:17:00.093 15430 15511 I art     : Explicit concurrent mark sweep GC freed 1371(82KB) AllocSpace objects, 1(20KB) LOS objects, 40% free, 22MB/37MB, paused 178us total 15.352ms
08-06 06:17:00.100 15430 15511 I art     : Starting a blocking GC Explicit
08-06 06:17:00.114 15430 15511 I art     : Explicit concurrent mark sweep GC freed 23(752B) AllocSpace objects, 0(0B) LOS objects, 40% free, 22MB/37MB, paused 152us total 13.156ms
08-06 06:17:00.120 15430 15511 I art     : Starting a blocking GC Explicit
08-06 06:17:00.133 15430 15511 I art     : Explicit concurrent mark sweep GC freed 3(96B) AllocSpace objects, 0(0B) LOS objects, 40% free, 22MB/37MB, paused 144us total 12.442ms
08-06 06:17:00.139 15430 15511 I art     : Starting a blocking GC Explicit
08-06 06:17:00.152 15430 15511 I art     : Explicit concurrent mark sweep GC freed 3(96B) AllocSpace objects, 0(0B) LOS objects, 40% free, 22MB/37MB, paused 143us total 12.607ms
08-06 06:17:00.158 15430 15511 I art     : Starting a blocking GC Explicit
08-06 06:17:00.171 15430 15511 I art     : Explicit concurrent mark sweep GC freed 3(96B) AllocSpace objects, 0(0B) LOS objects, 40% free, 22MB/37MB, paused 135us total 12.203ms
08-06 06:17:00.478 15430 15447 I art     : Starting a blocking GC Explicit
08-06 06:17:00.494 15430 15447 I art     : Explicit concurrent mark sweep GC freed 1360(79KB) AllocSpace objects, 1(20KB) LOS objects, 40% free, 22MB/37MB, paused 187us total 15.664ms
08-06 06:17:00.501 15430 15447 I art     : Starting a blocking GC Explicit
08-06 06:17:00.515 15430 15447 I art     : Explicit concurrent mark sweep GC freed 23(752B) AllocSpace objects, 0(0B) LOS objects, 40% free, 22MB/37MB, paused 158us total 13.531ms
08-06 06:17:00.522 15430 15447 I art     : Starting a blocking GC Explicit
08-06 06:17:00.535 15430 15447 I art     : Explicit concurrent mark sweep GC freed 3(96B) AllocSpace objects, 0(0B) LOS objects, 40% free, 22MB/37MB, paused 148us total 12.914ms
08-06 06:17:00.542 15430 15447 I art     : Starting a blocking GC Explicit
08-06 06:17:00.554 15430 15447 I art     : Explicit concurrent mark sweep GC freed 3(96B) AllocSpace objects, 0(0B) LOS objects, 40% free, 22MB/37MB, paused 144us total 12.474ms
08-06 06:17:00.560 15430 15447 I art     : Starting a blocking GC Explicit
08-06 06:17:00.573 15430 15447 I art     : Explicit concurrent mark sweep GC freed 3(96B) AllocSpace objects, 0(0B) LOS objects, 40% free, 22MB/37MB, paused 140us total 12.255ms
08-06 06:17:00.880 15430 15446 I art     : Starting a blocking GC Explicit
08-06 06:17:00.903 15430 15446 I art     : Explicit concurrent mark sweep GC freed 1383(80KB) AllocSpace objects, 1(20KB) LOS objects, 40% free, 22MB/37MB, paused 141us total 22.205ms
08-06 06:17:00.908 15430 15446 I art     : Starting a blocking GC Explicit
08-06 06:17:00.920 15430 15446 I art     : Explicit concurrent mark sweep GC freed 23(752B) AllocSpace objects, 0(0B) LOS objects, 40% free, 22MB/37MB, paused 131us total 11.487ms
08-06 06:17:00.925 15430 15446 I art     : Starting a blocking GC Explicit
08-06 06:17:00.936 15430 15446 I art     : Explicit concurrent mark sweep GC freed 3(96B) AllocSpace objects, 0(0B) LOS objects, 40% free, 22MB/37MB, paused 126us total 10.658ms
08-06 06:17:00.941 15430 15446 I art     : Starting a blocking GC Explicit
08-06 06:17:00.952 15430 15446 I art     : Explicit concurrent mark sweep GC freed 5(160B) AllocSpace objects, 0(0B) LOS objects, 40% free, 22MB/37MB, paused 127us total 10.728ms
08-06 06:17:00.958 15430 15446 I art     : Starting a blocking GC Explicit
08-06 06:17:00.969 15430 15446 I art     : Explicit concurrent mark sweep GC freed 5(160B) AllocSpace objects, 0(0B) LOS objects, 40% free, 22MB/37MB, paused 129us total 10.756ms
08-06 06:17:01.235 15430 15447 I art     : Starting a blocking GC Explicit
08-06 06:17:01.249 15430 15447 I art     : Explicit concurrent mark sweep GC freed 1384(80KB) AllocSpace objects, 1(20KB) LOS objects, 40% free, 22MB/37MB, paused 137us total 13.537ms
08-06 06:17:01.254 15430 15447 I art     : Starting a blocking GC Explicit
08-06 06:17:01.267 15430 15447 I art     : Explicit concurrent mark sweep GC freed 23(752B) AllocSpace objects, 0(0B) LOS objects, 40% free, 22MB/37MB, paused 140us total 12.121ms
08-06 06:17:01.272 15430 15447 I art     : Starting a blocking GC Explicit
08-06 06:17:01.284 15430 15447 I art     : Explicit concurrent mark sweep GC freed 3(96B) AllocSpace objects, 0(0B) LOS objects, 40% free, 22MB/37MB, paused 143us total 11.764ms
08-06 06:17:01.290 15430 15447 I art     : Starting a blocking GC Explicit
08-06 06:17:01.302 15430 15447 I art     : Explicit concurrent mark sweep GC freed 3(96B) AllocSpace objects, 0(0B) LOS objects, 40% free, 22MB/37MB, paused 140us total 12.019ms
08-06 06:17:01.308 15430 15447 I art     : Starting a blocking GC Explicit
08-06 06:17:01.320 15430 15447 I art     : Explicit concurrent mark sweep GC freed 3(96B) AllocSpace objects, 0(0B) LOS objects, 40% free, 22MB/37MB, paused 143us total 12.140ms
08-06 06:17:01.626 15430 15446 I art     : Starting a blocking GC Explicit
08-06 06:17:01.648 15430 15446 I art     : Explicit concurrent mark sweep GC freed 1383(81KB) AllocSpace objects, 1(20KB) LOS objects, 40% free, 22MB/37MB, paused 170us total 21.321ms
08-06 06:17:01.658 15430 15446 I art     : Starting a blocking GC Explicit
08-06 06:17:01.674 15430 15446 I art     : Explicit concurrent mark sweep GC freed 23(752B) AllocSpace objects, 0(0B) LOS objects, 40% free, 22MB/37MB, paused 135us total 15.201ms
08-06 06:17:01.680 15430 15446 I art     : Starting a blocking GC Explicit
08-06 06:17:01.693 15430 15446 I art     : Explicit concurrent mark sweep GC freed 3(96B) AllocSpace objects, 0(0B) LOS objects, 40% free, 22MB/37MB, paused 138us total 12.964ms
08-06 06:17:01.700 15430 15446 I art     : Starting a blocking GC Explicit
08-06 06:17:01.713 15430 15446 I art     : Explicit concurrent mark sweep GC freed 3(96B) AllocSpace objects, 0(0B) LOS objects, 40% free, 22MB/37MB, paused 138us total 13.328ms
08-06 06:17:01.720 15430 15446 I art     : Starting a blocking GC Explicit
08-06 06:17:01.732 15430 15446 I art     : Explicit concurrent mark sweep GC freed 3(96B) AllocSpace objects, 0(0B) LOS objects, 40% free, 22MB/37MB, paused 135us total 12.340ms
08-06 06:17:02.044 15430 15511 I art     : Starting a blocking GC Explicit
08-06 06:17:02.066 15430 15511 I art     : Explicit concurrent mark sweep GC freed 1360(81KB) AllocSpace objects, 1(20KB) LOS objects, 40% free, 22MB/37MB, paused 187us total 21.754ms
08-06 06:17:02.077 15430 15511 I art     : Starting a blocking GC Explicit
08-06 06:17:02.091 15430 15511 I art     : Explicit concurrent mark sweep GC freed 23(752B) AllocSpace objects, 0(0B) LOS objects, 40% free, 22MB/37MB, paused 144us total 13.364ms
08-06 06:17:02.097 15430 15511 I art     : Starting a blocking GC Explicit
08-06 06:17:02.109 15430 15511 I art     : Explicit concurrent mark sweep GC freed 3(96B) AllocSpace objects, 0(0B) LOS objects, 40% free, 22MB/37MB, paused 141us total 12.369ms
08-06 06:17:02.115 15430 15511 I art     : Starting a blocking GC Explicit
08-06 06:17:02.128 15430 15511 I art     : Explicit concurrent mark sweep GC freed 3(96B) AllocSpace objects, 0(0B) LOS objects, 40% free, 22MB/37MB, paused 138us total 12.466ms
08-06 06:17:02.134 15430 15511 I art     : Starting a blocking GC Explicit
08-06 06:17:02.146 15430 15511 I art     : Explicit concurrent mark sweep GC freed 3(96B) AllocSpace objects, 0(0B) LOS objects, 40% free, 22MB/37MB, paused 146us total 12.029ms
08-06 06:17:02.459 15430 15447 I art     : Starting a blocking GC Explicit
08-06 06:17:02.477 15430 15447 I art     : Explicit concurrent mark sweep GC freed 1359(81KB) AllocSpace objects, 1(20KB) LOS objects, 40% free, 22MB/37MB, paused 195us total 17.662ms
08-06 06:17:02.486 15430 15447 I art     : Starting a blocking GC Explicit
08-06 06:17:02.499 15430 15447 I art     : Explicit concurrent mark sweep GC freed 23(752B) AllocSpace objects, 0(0B) LOS objects, 40% free, 22MB/37MB, paused 144us total 13.082ms
08-06 06:17:02.506 15430 15447 I art     : Starting a blocking GC Explicit
08-06 06:17:02.519 15430 15447 I art     : Explicit concurrent mark sweep GC freed 3(96B) AllocSpace objects, 0(0B) LOS objects, 40% free, 22MB/37MB, paused 149us total 12.901ms
08-06 06:17:02.525 15430 15447 I art     : Starting a blocking GC Explicit
08-06 06:17:02.538 15430 15447 I art     : Explicit concurrent mark sweep GC freed 3(96B) AllocSpace objects, 0(0B) LOS objects, 40% free, 22MB/37MB, paused 149us total 12.774ms
08-06 06:17:02.544 15430 15447 I art     : Starting a blocking GC Explicit
08-06 06:17:02.556 15430 15447 I art     : Explicit concurrent mark sweep GC freed 3(96B) AllocSpace objects, 0(0B) LOS objects, 40% free, 22MB/37MB, paused 150us total 12.118ms
08-06 06:17:02.888 15430 15446 I art     : Starting a blocking GC Explicit
08-06 06:17:02.911 15430 15446 I art     : Explicit concurrent mark sweep GC freed 1383(80KB) AllocSpace objects, 1(20KB) LOS objects, 40% free, 22MB/37MB, paused 187us total 22.550ms
08-06 06:17:02.921 15430 15446 I art     : Starting a blocking GC Explicit
08-06 06:17:02.936 15430 15446 I art     : Explicit concurrent mark sweep GC freed 23(752B) AllocSpace objects, 0(0B) LOS objects, 40% free, 22MB/37MB, paused 145us total 14.184ms
08-06 06:17:02.942 15430 15446 I art     : Starting a blocking GC Explicit
08-06 06:17:02.955 15430 15446 I art     : Explicit concurrent mark sweep GC freed 3(96B) AllocSpace objects, 0(0B) LOS objects, 40% free, 22MB/37MB, paused 137us total 12.431ms
08-06 06:17:02.961 15430 15446 I art     : Starting a blocking GC Explicit
08-06 06:17:02.974 15430 15446 I art     : Explicit concurrent mark sweep GC freed 3(96B) AllocSpace objects, 0(0B) LOS objects, 40% free, 22MB/37MB, paused 132us total 12.735ms
08-06 06:17:02.981 15430 15446 I art     : Starting a blocking GC Explicit
08-06 06:17:02.993 15430 15446 I art     : Explicit concurrent mark sweep GC freed 3(96B) AllocSpace objects, 0(0B) LOS objects, 40% free, 22MB/37MB, paused 120us total 12.471ms
08-06 06:17:03.128 13866 13882 I PeriodicStatsRunner: PeriodicStatsRunner.call():175 call()
08-06 06:17:03.129 13866 13882 I PeriodicStatsRunner: PeriodicStatsRunner.call():179 No submit PeriodicStats since input started.
08-06 06:17:03.284 15430 15511 I art     : Starting a blocking GC Explicit
08-06 06:17:03.297 15430 15511 I art     : Explicit concurrent mark sweep GC freed 1358(79KB) AllocSpace objects, 1(20KB) LOS objects, 40% free, 22MB/37MB, paused 144us total 12.312ms
08-06 06:17:03.303 15430 15511 I art     : Starting a blocking GC Explicit
08-06 06:17:03.314 15430 15511 I art     : Explicit concurrent mark sweep GC freed 23(752B) AllocSpace objects, 0(0B) LOS objects, 40% free, 22MB/37MB, paused 130us total 10.755ms
08-06 06:17:03.319 15430 15511 I art     : Starting a blocking GC Explicit
08-06 06:17:03.330 15430 15511 I art     : Explicit concurrent mark sweep GC freed 3(96B) AllocSpace objects, 0(0B) LOS objects, 40% free, 22MB/37MB, paused 126us total 10.486ms
08-06 06:17:03.335 15430 15511 I art     : Starting a blocking GC Explicit
08-06 06:17:03.346 15430 15511 I art     : Explicit concurrent mark sweep GC freed 3(96B) AllocSpace objects, 0(0B) LOS objects, 40% free, 22MB/37MB, paused 124us total 10.484ms
08-06 06:17:03.351 15430 15511 I art     : Starting a blocking GC Explicit
08-06 06:17:03.362 15430 15511 I art     : Explicit concurrent mark sweep GC freed 3(96B) AllocSpace objects, 0(0B) LOS objects, 40% free, 22MB/37MB, paused 139us total 10.589ms
08-06 06:17:03.634 15430 15447 I art     : Starting a blocking GC Explicit
08-06 06:17:03.654 15430 15447 I art     : Explicit concurrent mark sweep GC freed 1382(80KB) AllocSpace objects, 1(20KB) LOS objects, 40% free, 22MB/37MB, paused 198us total 19.028ms
08-06 06:17:03.664 15430 15447 I art     : Starting a blocking GC Explicit
08-06 06:17:03.681 15430 15447 I art     : Explicit concurrent mark sweep GC freed 23(752B) AllocSpace objects, 0(0B) LOS objects, 40% free, 22MB/37MB, paused 157us total 16.417ms
08-06 06:17:03.691 15430 15447 I art     : Starting a blocking GC Explicit
08-06 06:17:03.703 15430 15447 I art     : Explicit concurrent mark sweep GC freed 3(96B) AllocSpace objects, 0(0B) LOS objects, 40% free, 22MB/37MB, paused 150us total 12.559ms
08-06 06:17:03.710 15430 15447 I art     : Starting a blocking GC Explicit
08-06 06:17:03.723 15430 15447 I art     : Explicit concurrent mark sweep GC freed 3(96B) AllocSpace objects, 0(0B) LOS objects, 40% free, 22MB/37MB, paused 147us total 12.694ms
08-06 06:17:03.729 15430 15447 I art     : Starting a blocking GC Explicit
08-06 06:17:03.742 15430 15447 I art     : Explicit concurrent mark sweep GC freed 3(96B) AllocSpace objects, 0(0B) LOS objects, 40% free, 22MB/37MB, paused 141us total 12.526ms
08-06 06:17:04.027 15430 15446 I art     : Starting a blocking GC Explicit
08-06 06:17:04.042 15430 15446 I art     : Explicit concurrent mark sweep GC freed 1358(79KB) AllocSpace objects, 1(20KB) LOS objects, 40% free, 22MB/37MB, paused 160us total 14.545ms
08-06 06:17:04.049 15430 15446 I art     : Starting a blocking GC Explicit
08-06 06:17:04.062 15430 15446 I art     : Explicit concurrent mark sweep GC freed 23(752B) AllocSpace objects, 0(0B) LOS objects, 40% free, 22MB/37MB, paused 135us total 12.414ms
08-06 06:17:04.068 15430 15446 I art     : Starting a blocking GC Explicit
08-06 06:17:04.080 15430 15446 I art     : Explicit concurrent mark sweep GC freed 3(96B) AllocSpace objects, 0(0B) LOS objects, 40% free, 22MB/37MB, paused 138us total 11.993ms
08-06 06:17:04.086 15430 15446 I art     : Starting a blocking GC Explicit
08-06 06:17:04.098 15430 15446 I art     : Explicit concurrent mark sweep GC freed 3(96B) AllocSpace objects, 0(0B) LOS objects, 40% free, 22MB/37MB, paused 121us total 11.748ms
08-06 06:17:04.104 15430 15446 I art     : Starting a blocking GC Explicit
08-06 06:17:04.115 15430 15446 I art     : Explicit concurrent mark sweep GC freed 3(96B) AllocSpace objects, 0(0B) LOS objects, 40% free, 22MB/37MB, paused 127us total 10.790ms
08-06 06:17:04.359 13866 13882 I PeriodicStatsRunner: PeriodicStatsRunner.call():175 call()
08-06 06:17:04.359 13866 13882 I PeriodicStatsRunner: PeriodicStatsRunner.call():179 No submit PeriodicStats since input started.
08-06 06:17:04.376 15430 15511 I art     : Starting a blocking GC Explicit
08-06 06:17:04.389 15430 15511 I art     : Explicit concurrent mark sweep GC freed 1357(79KB) AllocSpace objects, 1(20KB) LOS objects, 40% free, 22MB/37MB, paused 154us total 13.088ms
08-06 06:17:04.396 15430 15511 I art     : Starting a blocking GC Explicit
08-06 06:17:04.407 15635 15635 D AndroidRuntime: >>>>>> START com.android.internal.os.RuntimeInit uid 2000 <<<<<<
08-06 06:17:04.409 15430 15511 I art     : Explicit concurrent mark sweep GC freed 23(752B) AllocSpace objects, 0(0B) LOS objects, 40% free, 22MB/37MB, paused 152us total 13.081ms
08-06 06:17:04.411 15635 15635 D AndroidRuntime: CheckJNI is OFF
08-06 06:17:04.415 15430 15511 I art     : Starting a blocking GC Explicit
08-06 06:17:04.427 15430 15511 I art     : Explicit concurrent mark sweep GC freed 3(96B) AllocSpace objects, 0(0B) LOS objects, 40% free, 22MB/37MB, paused 150us total 12.263ms
08-06 06:17:04.434 15430 15511 I art     : Starting a blocking GC Explicit
08-06 06:17:04.440 15635 15635 D ICU     : No timezone override file found: /data/misc/zoneinfo/current/icu/icu_tzdata.dat
08-06 06:17:04.445 15430 15511 I art     : Explicit concurrent mark sweep GC freed 3(96B) AllocSpace objects, 0(0B) LOS objects, 40% free, 22MB/37MB, paused 148us total 11.446ms
08-06 06:17:04.451 15430 15511 I art     : Starting a blocking GC Explicit
08-06 06:17:04.462 15430 15511 I art     : Explicit concurrent mark sweep GC freed 3(96B) AllocSpace objects, 0(0B) LOS objects, 40% free, 22MB/37MB, paused 146us total 11.378ms
08-06 06:17:04.465 15635 15635 I Radio-JNI: register_android_hardware_Radio DONE
08-06 06:17:04.481 15635 15635 D AndroidRuntime: Calling main entry com.android.commands.input.Input
08-06 06:17:04.483 15635 15635 I Input   : injectMotionEvent: MotionEvent { action=ACTION_DOWN, actionButton=0, id[0]=0, x[0]=1233.0, y[0]=1274.0, toolType[0]=TOOL_TYPE_UNKNOWN, buttonState=0, metaState=0, flags=0x0, edgeFlags=0x0, pointerCount=1, historySize=0, eventTime=857840896, downTime=857840896, deviceId=0, source=0x1002 }
08-06 06:17:04.489 15635 15635 I Input   : injectMotionEvent: MotionEvent { action=ACTION_UP, actionButton=0, id[0]=0, x[0]=1233.0, y[0]=1274.0, toolType[0]=TOOL_TYPE_UNKNOWN, buttonState=0, metaState=0, flags=0x0, edgeFlags=0x0, pointerCount=1, historySize=0, eventTime=857840896, downTime=857840896, deviceId=0, source=0x1002 }
08-06 06:17:04.490 15635 15635 D AndroidRuntime: Shutting down VM
08-06 06:17:04.695 15430 15511 I art     : Starting a blocking GC Explicit
08-06 06:17:04.712 15430 15511 I art     : Explicit concurrent mark sweep GC freed 1385(80KB) AllocSpace objects, 1(20KB) LOS objects, 40% free, 22MB/37MB, paused 173us total 17.005ms
08-06 06:17:04.720 15430 15511 I art     : Starting a blocking GC Explicit
08-06 06:17:04.732 15430 15511 I art     : Explicit concurrent mark sweep GC freed 23(752B) AllocSpace objects, 0(0B) LOS objects, 40% free, 22MB/37MB, paused 165us total 12.356ms
08-06 06:17:04.738 15430 15511 I art     : Starting a blocking GC Explicit
08-06 06:17:04.750 15430 15511 I art     : Explicit concurrent mark sweep GC freed 3(96B) AllocSpace objects, 0(0B) LOS objects, 40% free, 22MB/37MB, paused 162us total 11.631ms
08-06 06:17:04.756 15430 15511 I art     : Starting a blocking GC Explicit
08-06 06:17:04.769 15430 15511 I art     : Explicit concurrent mark sweep GC freed 3(96B) AllocSpace objects, 0(0B) LOS objects, 40% free, 22MB/37MB, paused 157us total 12.353ms
08-06 06:17:04.775 15430 15511 I art     : Starting a blocking GC Explicit
08-06 06:17:04.788 15430 15511 I art     : Explicit concurrent mark sweep GC freed 3(96B) AllocSpace objects, 0(0B) LOS objects, 40% free, 22MB/37MB, paused 150us total 12.125ms
08-06 06:17:04.925 13866 13866 I GoogleInputMethodServic: GoogleInputMethodService.onFinishInput():3138 
08-06 06:17:04.925 13866 13866 I GoogleInputMethodServic: GoogleInputMethodService.onStartInput():1808 
08-06 06:17:05.031 15430 15446 I art     : Starting a blocking GC Explicit
08-06 06:17:05.049 15430 15446 I art     : Explicit concurrent mark sweep GC freed 1454(83KB) AllocSpace objects, 1(20KB) LOS objects, 40% free, 22MB/37MB, paused 195us total 17.412ms
08-06 06:17:05.059 15430 15446 I art     : Starting a blocking GC Explicit
08-06 06:17:05.072 15430 15446 I art     : Explicit concurrent mark sweep GC freed 31(1200B) AllocSpace objects, 0(0B) LOS objects, 40% free, 22MB/37MB, paused 130us total 12.527ms
08-06 06:17:05.078 15430 15446 I art     : Starting a blocking GC Explicit
08-06 06:17:05.090 15430 15446 I art     : Explicit concurrent mark sweep GC freed 3(96B) AllocSpace objects, 0(0B) LOS objects, 40% free, 22MB/37MB, paused 133us total 11.987ms
08-06 06:17:05.096 15430 15446 I art     : Starting a blocking GC Explicit
08-06 06:17:05.108 15430 15446 I art     : Explicit concurrent mark sweep GC freed 3(96B) AllocSpace objects, 0(0B) LOS objects, 40% free, 22MB/37MB, paused 124us total 12.246ms
08-06 06:17:05.114 15430 15446 I art     : Starting a blocking GC Explicit
08-06 06:17:05.126 15430 15446 I art     : Explicit concurrent mark sweep GC freed 3(96B) AllocSpace objects, 0(0B) LOS objects, 40% free, 22MB/37MB, paused 126us total 12.139ms
08-06 06:17:05.389 15430 15511 I art     : Starting a blocking GC Explicit
08-06 06:17:05.404 15430 15511 I art     : Explicit concurrent mark sweep GC freed 1358(79KB) AllocSpace objects, 1(20KB) LOS objects, 40% free, 22MB/37MB, paused 158us total 15.122ms
08-06 06:17:05.411 15430 15511 I art     : Starting a blocking GC Explicit
08-06 06:17:05.425 15430 15511 I art     : Explicit concurrent mark sweep GC freed 23(752B) AllocSpace objects, 0(0B) LOS objects, 40% free, 22MB/37MB, paused 142us total 13.338ms
08-06 06:17:05.431 15430 15511 I art     : Starting a blocking GC Explicit
08-06 06:17:05.444 15430 15511 I art     : Explicit concurrent mark sweep GC freed 3(96B) AllocSpace objects, 0(0B) LOS objects, 40% free, 22MB/37MB, paused 139us total 12.859ms
08-06 06:17:05.451 15430 15511 I art     : Starting a blocking GC Explicit
08-06 06:17:05.464 15430 15511 I art     : Explicit concurrent mark sweep GC freed 3(96B) AllocSpace objects, 0(0B) LOS objects, 40% free, 22MB/37MB, paused 141us total 12.392ms
08-06 06:17:05.470 15430 15511 I art     : Starting a blocking GC Explicit
08-06 06:17:05.482 15430 15511 I art     : Explicit concurrent mark sweep GC freed 3(96B) AllocSpace objects, 0(0B) LOS objects, 40% free, 22MB/37MB, paused 139us total 12.336ms
08-06 06:17:05.765 15430 15447 I art     : Starting a blocking GC Explicit
08-06 06:17:05.781 15430 15447 I art     : Explicit concurrent mark sweep GC freed 1382(80KB) AllocSpace objects, 1(20KB) LOS objects, 40% free, 22MB/37MB, paused 176us total 15.592ms
08-06 06:17:05.788 15430 15447 I art     : Starting a blocking GC Explicit
08-06 06:17:05.801 15430 15447 I art     : Explicit concurrent mark sweep GC freed 23(752B) AllocSpace objects, 0(0B) LOS objects, 40% free, 22MB/37MB, paused 148us total 12.734ms
08-06 06:17:05.807 15430 15447 I art     : Starting a blocking GC Explicit
08-06 06:17:05.819 15430 15447 I art     : Explicit concurrent mark sweep GC freed 3(96B) AllocSpace objects, 0(0B) LOS objects, 40% free, 22MB/37MB, paused 161us total 12.096ms
08-06 06:17:05.825 15430 15447 I art     : Starting a blocking GC Explicit
08-06 06:17:05.837 15430 15447 I art     : Explicit concurrent mark sweep GC freed 3(96B) AllocSpace objects, 0(0B) LOS objects, 40% free, 22MB/37MB, paused 141us total 11.305ms
08-06 06:17:05.842 15430 15447 I art     : Starting a blocking GC Explicit
08-06 06:17:05.854 15430 15447 I art     : Explicit concurrent mark sweep GC freed 3(96B) AllocSpace objects, 0(0B) LOS objects, 40% free, 22MB/37MB, paused 134us total 11.144ms
08-06 06:17:06.058 15698 15698 D AndroidRuntime: >>>>>> START com.android.internal.os.RuntimeInit uid 2000 <<<<<<
08-06 06:17:06.062 15698 15698 D AndroidRuntime: CheckJNI is OFF
08-06 06:17:06.087 15698 15698 D ICU     : No timezone override file found: /data/misc/zoneinfo/current/icu/icu_tzdata.dat
08-06 06:17:06.106 15430 15446 I art     : Starting a blocking GC Explicit
08-06 06:17:06.113 15698 15698 I Radio-JNI: register_android_hardware_Radio DONE
08-06 06:17:06.119 15430 15446 I art     : Explicit concurrent mark sweep GC freed 1357(79KB) AllocSpace objects, 1(20KB) LOS objects, 40% free, 22MB/37MB, paused 155us total 12.558ms
08-06 06:17:06.125 15430 15446 I art     : Starting a blocking GC Explicit
08-06 06:17:06.130 15698 15698 D AndroidRuntime: Calling main entry com.android.commands.input.Input
08-06 06:17:06.132 15698 15698 I Input   : injectMotionEvent: MotionEvent { action=ACTION_DOWN, actionButton=0, id[0]=0, x[0]=103.0, y[0]=192.0, toolType[0]=TOOL_TYPE_UNKNOWN, buttonState=0, metaState=0, flags=0x0, edgeFlags=0x0, pointerCount=1, historySize=0, eventTime=857842545, downTime=857842545, deviceId=0, source=0x1002 }
08-06 06:17:06.137 15698 15698 I Input   : injectMotionEvent: MotionEvent { action=ACTION_UP, actionButton=0, id[0]=0, x[0]=103.0, y[0]=192.0, toolType[0]=TOOL_TYPE_UNKNOWN, buttonState=0, metaState=0, flags=0x0, edgeFlags=0x0, pointerCount=1, historySize=0, eventTime=857842545, downTime=857842545, deviceId=0, source=0x1002 }
08-06 06:17:06.138 15430 15446 I art     : Explicit concurrent mark sweep GC freed 23(752B) AllocSpace objects, 0(0B) LOS objects, 40% free, 22MB/37MB, paused 139us total 12.803ms
08-06 06:17:06.138 15698 15698 D AndroidRuntime: Shutting down VM
08-06 06:17:06.145 15430 15446 I art     : Starting a blocking GC Explicit
08-06 06:17:06.152   512  2967 D audio_hw_primary: out_set_parameters: enter: usecase(1: low-latency-playback) kvpairs: routing=2
08-06 06:17:06.158 15430 15446 I art     : Explicit concurrent mark sweep GC freed 33(1024B) AllocSpace objects, 0(0B) LOS objects, 40% free, 22MB/37MB, paused 131us total 12.781ms
08-06 06:17:06.164 15430 15446 I art     : Starting a blocking GC Explicit
08-06 06:17:06.165   512  2967 D audio_hw_primary: select_devices: out_snd_device(2: speaker) in_snd_device(0: none)
08-06 06:17:06.165   512  2967 D msm8974_platform: platform_send_audio_calibration: sending audio calibration for snd_device(2) acdb_id(15)
08-06 06:17:06.165   512  2967 I soundtrigger: audio_extn_sound_trigger_update_device_status: device 0x2 of type 0 for Event 1
08-06 06:17:06.174   512  2967 D audio_hw_primary: enable_snd_device: snd_device(2: speaker)
08-06 06:17:06.176 15430 15446 I art     : Explicit concurrent mark sweep GC freed 34(1088B) AllocSpace objects, 0(0B) LOS objects, 40% free, 22MB/37MB, paused 136us total 11.813ms
08-06 06:17:06.176   512  2967 D audio_hw_primary: enable_audio_route: apply and update mixer path: low-latency-playback speaker
08-06 06:17:06.182 15430 15446 I art     : Starting a blocking GC Explicit
08-06 06:17:06.190 13866 13866 I GoogleInputMethodServic: GoogleInputMethodService.onFinishInput():3138 
08-06 06:17:06.190 13866 13866 I GoogleInputMethodServic: GoogleInputMethodService.onStartInput():1808 
08-06 06:17:06.194 15430 15446 I art     : Explicit concurrent mark sweep GC freed 69(2864B) AllocSpace objects, 0(0B) LOS objects, 40% free, 22MB/37MB, paused 143us total 11.749ms
08-06 06:17:06.422 15430 15446 I art     : Starting a blocking GC Explicit
08-06 06:17:06.434 15430 15446 I art     : Explicit concurrent mark sweep GC freed 1747(100KB) AllocSpace objects, 1(20KB) LOS objects, 40% free, 22MB/37MB, paused 178us total 12.559ms
08-06 06:17:06.441 15430 15446 I art     : Starting a blocking GC Explicit
08-06 06:17:06.453 15430 15446 I art     : Explicit concurrent mark sweep GC freed 29(1104B) AllocSpace objects, 0(0B) LOS objects, 40% free, 22MB/37MB, paused 141us total 11.779ms
08-06 06:17:06.459 15430 15446 I art     : Starting a blocking GC Explicit
08-06 06:17:06.472 15430 15446 I art     : Explicit concurrent mark sweep GC freed 3(96B) AllocSpace objects, 0(0B) LOS objects, 40% free, 22MB/37MB, paused 136us total 11.956ms
08-06 06:17:06.478 15430 15446 I art     : Starting a blocking GC Explicit
08-06 06:17:06.491 15430 15446 I art     : Explicit concurrent mark sweep GC freed 3(96B) AllocSpace objects, 0(0B) LOS objects, 40% free, 22MB/37MB, paused 148us total 12.417ms
08-06 06:17:06.497 15430 15446 I art     : Starting a blocking GC Explicit
08-06 06:17:06.509 15430 15446 I art     : Explicit concurrent mark sweep GC freed 9(288B) AllocSpace objects, 0(0B) LOS objects, 40% free, 22MB/37MB, paused 131us total 12.519ms
08-06 06:17:06.691 15728 15728 D AndroidRuntime: >>>>>> START com.android.internal.os.RuntimeInit uid 2000 <<<<<<
08-06 06:17:06.695 15728 15728 D AndroidRuntime: CheckJNI is OFF
08-06 06:17:06.719 15728 15728 D ICU     : No timezone override file found: /data/misc/zoneinfo/current/icu/icu_tzdata.dat
08-06 06:17:06.728   512  2967 D audio_hw_primary: disable_audio_route: reset and update mixer path: low-latency-playback speaker
08-06 06:17:06.730   512  2967 D audio_hw_primary: disable_snd_device: snd_device(2: speaker)
08-06 06:17:06.738   512  2967 I soundtrigger: audio_extn_sound_trigger_update_device_status: device 0x2 of type 0 for Event 0
08-06 06:17:06.743 15728 15728 I Radio-JNI: register_android_hardware_Radio DONE
08-06 06:17:06.757 15430 15447 I art     : Starting a blocking GC Explicit
08-06 06:17:06.758 15728 15728 D AndroidRuntime: Calling main entry com.android.commands.input.Input
08-06 06:17:06.760 15728 15728 I Input   : injectMotionEvent: MotionEvent { action=ACTION_DOWN, actionButton=0, id[0]=0, x[0]=324.0, y[0]=2298.0, toolType[0]=TOOL_TYPE_UNKNOWN, buttonState=0, metaState=0, flags=0x0, edgeFlags=0x0, pointerCount=1, historySize=0, eventTime=857843173, downTime=857843173, deviceId=0, source=0x1002 }
08-06 06:17:06.763 15728 15728 I Input   : injectMotionEvent: MotionEvent { action=ACTION_UP, actionButton=0, id[0]=0, x[0]=324.0, y[0]=2298.0, toolType[0]=TOOL_TYPE_UNKNOWN, buttonState=0, metaState=0, flags=0x0, edgeFlags=0x0, pointerCount=1, historySize=0, eventTime=857843173, downTime=857843173, deviceId=0, source=0x1002 }
08-06 06:17:06.765 15728 15728 D AndroidRuntime: Shutting down VM
08-06 06:17:06.770   512  2967 D audio_hw_primary: out_set_parameters: enter: usecase(1: low-latency-playback) kvpairs: routing=2
08-06 06:17:06.776 15430 15447 I art     : Explicit concurrent mark sweep GC freed 1395(80KB) AllocSpace objects, 1(20KB) LOS objects, 40% free, 22MB/37MB, paused 219us total 18.620ms
08-06 06:17:06.776   918  4413 I ActivityManager: START u0 {cmp=baseline.de.danoeh.antennapod.debug/baseline.de.danoeh.antennapod.activity.PreferenceActivity} from uid 10711 on display 0
08-06 06:17:06.781 15430 15447 I art     : Starting a blocking GC Explicit
08-06 06:17:06.783   512  2967 D audio_hw_primary: select_devices: out_snd_device(2: speaker) in_snd_device(0: none)
08-06 06:17:06.783   512  2967 D msm8974_platform: platform_send_audio_calibration: sending audio calibration for snd_device(2) acdb_id(15)
08-06 06:17:06.783   512  2967 I soundtrigger: audio_extn_sound_trigger_update_device_status: device 0x2 of type 0 for Event 1
08-06 06:17:06.794   512  2967 D audio_hw_primary: enable_snd_device: snd_device(2: speaker)
08-06 06:17:06.794 15430 15447 I art     : Explicit concurrent mark sweep GC freed 112(27KB) AllocSpace objects, 1(20KB) LOS objects, 40% free, 22MB/37MB, paused 160us total 12.675ms
08-06 06:17:06.796   512  2967 D audio_hw_primary: enable_audio_route: apply and update mixer path: low-latency-playback speaker
08-06 06:17:06.800 15430 15447 I art     : Starting a blocking GC Explicit
08-06 06:17:06.815 15430 15447 I art     : Explicit concurrent mark sweep GC freed 594(63KB) AllocSpace objects, 0(0B) LOS objects, 40% free, 22MB/37MB, paused 450us total 15.213ms
08-06 06:17:06.821 15430 15447 I art     : Starting a blocking GC Explicit
08-06 06:17:06.835 15430 15447 I art     : Explicit concurrent mark sweep GC freed 519(97KB) AllocSpace objects, 0(0B) LOS objects, 40% free, 22MB/37MB, paused 699us total 13.583ms
08-06 06:17:06.841 15430 15447 I art     : Starting a blocking GC Explicit
08-06 06:17:06.843   512  2967 D AudioFlinger: mixer(0xf4740000) throttle end: throttle time(12)
08-06 06:17:06.854 15430 15447 I art     : Explicit concurrent mark sweep GC freed 282(30KB) AllocSpace objects, 0(0B) LOS objects, 40% free, 22MB/37MB, paused 158us total 12.669ms
08-06 06:17:07.041   918   936 I ActivityManager: Displayed baseline.de.danoeh.antennapod.debug/baseline.de.danoeh.antennapod.activity.PreferenceActivity: +247ms
08-06 06:17:07.044 13866 13866 I GoogleInputMethodServic: GoogleInputMethodService.onFinishInput():3138 
08-06 06:17:07.045 13866 13866 I GoogleInputMethodServic: GoogleInputMethodService.onStartInput():1808 
08-06 06:17:07.071 15430 15455 D OpenGLRenderer: endAllStagingAnimators on 0x7f7d1aa000 (RippleDrawable) with handle 0x7f7e2b9040
08-06 06:17:07.093 15430 15511 I art     : Starting a blocking GC Explicit
08-06 06:17:07.108 15430 15511 I art     : Explicit concurrent mark sweep GC freed 3372(243KB) AllocSpace objects, 1(20KB) LOS objects, 40% free, 23MB/39MB, paused 145us total 14.408ms
08-06 06:17:07.114 15430 15511 I art     : Starting a blocking GC Explicit
08-06 06:17:07.128 15430 15511 I art     : Explicit concurrent mark sweep GC freed 223(10KB) AllocSpace objects, 0(0B) LOS objects, 40% free, 23MB/38MB, paused 138us total 13.535ms
08-06 06:17:07.133 15430 15511 I art     : Starting a blocking GC Explicit
08-06 06:17:07.149 15430 15511 I art     : Explicit concurrent mark sweep GC freed 3(96B) AllocSpace objects, 0(0B) LOS objects, 40% free, 23MB/38MB, paused 147us total 15.326ms
08-06 06:17:07.155 15430 15511 I art     : Starting a blocking GC Explicit
08-06 06:17:07.170 15430 15511 I art     : Explicit concurrent mark sweep GC freed 3(96B) AllocSpace objects, 0(0B) LOS objects, 40% free, 23MB/38MB, paused 149us total 14.537ms
08-06 06:17:07.178 15430 15511 I art     : Starting a blocking GC Explicit
08-06 06:17:07.193 15430 15511 I art     : Explicit concurrent mark sweep GC freed 3(96B) AllocSpace objects, 0(0B) LOS objects, 40% free, 23MB/38MB, paused 138us total 14.821ms
08-06 06:17:07.284   380   380 W SurfaceFlinger: couldn't log to binary event log: overflow.
08-06 06:17:07.339   512  2967 D audio_hw_primary: disable_audio_route: reset and update mixer path: low-latency-playback speaker
08-06 06:17:07.339   512  2967 D audio_hw_primary: disable_snd_device: snd_device(2: speaker)
08-06 06:17:07.348   512  2967 I soundtrigger: audio_extn_sound_trigger_update_device_status: device 0x2 of type 0 for Event 0
08-06 06:17:07.395 15430 15430 D PlaybackController: Releasing PlaybackController
08-06 06:17:07.458 15430 15511 I art     : Starting a blocking GC Explicit
08-06 06:17:07.475 15430 15511 I art     : Explicit concurrent mark sweep GC freed 1621(97KB) AllocSpace objects, 1(20KB) LOS objects, 40% free, 23MB/39MB, paused 153us total 16.798ms
08-06 06:17:07.482 15430 15511 I art     : Starting a blocking GC Explicit
08-06 06:17:07.497 15430 15511 I art     : Explicit concurrent mark sweep GC freed 63(2064B) AllocSpace objects, 0(0B) LOS objects, 40% free, 23MB/39MB, paused 143us total 15.232ms
08-06 06:17:07.504 15430 15511 I art     : Starting a blocking GC Explicit
08-06 06:17:07.519 15430 15511 I art     : Explicit concurrent mark sweep GC freed 3(96B) AllocSpace objects, 0(0B) LOS objects, 40% free, 23MB/39MB, paused 142us total 15.203ms
08-06 06:17:07.526 15430 15511 I art     : Starting a blocking GC Explicit
08-06 06:17:07.540 15430 15511 I art     : Explicit concurrent mark sweep GC freed 3(96B) AllocSpace objects, 0(0B) LOS objects, 40% free, 23MB/39MB, paused 146us total 14.525ms
08-06 06:17:07.547 15430 15511 I art     : Starting a blocking GC Explicit
08-06 06:17:07.561 15430 15511 I art     : Explicit concurrent mark sweep GC freed 3(96B) AllocSpace objects, 0(0B) LOS objects, 40% free, 23MB/39MB, paused 149us total 14.419ms
08-06 06:17:07.838 15430 15446 I art     : Starting a blocking GC Explicit
08-06 06:17:07.861 15430 15446 I art     : Explicit concurrent mark sweep GC freed 1385(80KB) AllocSpace objects, 1(20KB) LOS objects, 40% free, 23MB/39MB, paused 157us total 22.016ms
08-06 06:17:07.869 15430 15446 I art     : Starting a blocking GC Explicit
08-06 06:17:07.885 15430 15446 I art     : Explicit concurrent mark sweep GC freed 23(752B) AllocSpace objects, 0(0B) LOS objects, 40% free, 23MB/39MB, paused 141us total 15.651ms
08-06 06:17:07.892 15430 15446 I art     : Starting a blocking GC Explicit
08-06 06:17:07.907 15430 15446 I art     : Explicit concurrent mark sweep GC freed 3(96B) AllocSpace objects, 0(0B) LOS objects, 40% free, 23MB/39MB, paused 133us total 14.502ms
08-06 06:17:07.913 15430 15446 I art     : Starting a blocking GC Explicit
08-06 06:17:07.928 15430 15446 I art     : Explicit concurrent mark sweep GC freed 3(96B) AllocSpace objects, 0(0B) LOS objects, 40% free, 23MB/39MB, paused 132us total 14.498ms
08-06 06:17:07.934 15430 15446 I art     : Starting a blocking GC Explicit
08-06 06:17:07.949 15430 15446 I art     : Explicit concurrent mark sweep GC freed 3(96B) AllocSpace objects, 0(0B) LOS objects, 40% free, 23MB/39MB, paused 138us total 14.184ms
08-06 06:17:08.177 15430 15447 I art     : Starting a blocking GC Explicit
08-06 06:17:08.192 15430 15447 I art     : Explicit concurrent mark sweep GC freed 1360(80KB) AllocSpace objects, 1(20KB) LOS objects, 40% free, 23MB/39MB, paused 150us total 15.145ms
08-06 06:17:08.199 15430 15447 I art     : Starting a blocking GC Explicit
08-06 06:17:08.214 15430 15447 I art     : Explicit concurrent mark sweep GC freed 23(752B) AllocSpace objects, 0(0B) LOS objects, 40% free, 23MB/39MB, paused 145us total 14.838ms
08-06 06:17:08.221 15430 15447 I art     : Starting a blocking GC Explicit
08-06 06:17:08.235 15430 15447 I art     : Explicit concurrent mark sweep GC freed 3(96B) AllocSpace objects, 0(0B) LOS objects, 40% free, 23MB/39MB, paused 139us total 14.240ms
08-06 06:17:08.242 15430 15447 I art     : Starting a blocking GC Explicit
08-06 06:17:08.256 15430 15447 I art     : Explicit concurrent mark sweep GC freed 3(96B) AllocSpace objects, 0(0B) LOS objects, 40% free, 23MB/39MB, paused 144us total 14.070ms
08-06 06:17:08.262 15430 15447 I art     : Starting a blocking GC Explicit
08-06 06:17:08.276 15430 15447 I art     : Explicit concurrent mark sweep GC freed 3(96B) AllocSpace objects, 0(0B) LOS objects, 40% free, 23MB/39MB, paused 141us total 13.882ms
08-06 06:17:08.301 15785 15785 D AndroidRuntime: >>>>>> START com.android.internal.os.RuntimeInit uid 2000 <<<<<<
08-06 06:17:08.305 15785 15785 D AndroidRuntime: CheckJNI is OFF
08-06 06:17:08.330 15785 15785 D ICU     : No timezone override file found: /data/misc/zoneinfo/current/icu/icu_tzdata.dat
08-06 06:17:08.355 15785 15785 I Radio-JNI: register_android_hardware_Radio DONE
08-06 06:17:08.371 15785 15785 D AndroidRuntime: Calling main entry com.android.commands.input.Input
08-06 06:17:08.373 15785 15785 I Input   : injectMotionEvent: MotionEvent { action=ACTION_DOWN, actionButton=0, id[0]=0, x[0]=400.0, y[0]=997.0, toolType[0]=TOOL_TYPE_UNKNOWN, buttonState=0, metaState=0, flags=0x0, edgeFlags=0x0, pointerCount=1, historySize=0, eventTime=857844786, downTime=857844786, deviceId=0, source=0x1002 }
08-06 06:17:08.379 15785 15785 I Input   : injectMotionEvent: MotionEvent { action=ACTION_UP, actionButton=0, id[0]=0, x[0]=400.0, y[0]=997.0, toolType[0]=TOOL_TYPE_UNKNOWN, buttonState=0, metaState=0, flags=0x0, edgeFlags=0x0, pointerCount=1, historySize=0, eventTime=857844786, downTime=857844786, deviceId=0, source=0x1002 }
08-06 06:17:08.381 15785 15785 D AndroidRuntime: Shutting down VM
08-06 06:17:08.390   512  2967 D audio_hw_primary: out_set_parameters: enter: usecase(1: low-latency-playback) kvpairs: routing=2
08-06 06:17:08.403   512  2967 D audio_hw_primary: select_devices: out_snd_device(2: speaker) in_snd_device(0: none)
08-06 06:17:08.403   512  2967 D msm8974_platform: platform_send_audio_calibration: sending audio calibration for snd_device(2) acdb_id(15)
08-06 06:17:08.403   512  2967 I soundtrigger: audio_extn_sound_trigger_update_device_status: device 0x2 of type 0 for Event 1
08-06 06:17:08.415   512  2967 D audio_hw_primary: enable_snd_device: snd_device(2: speaker)
08-06 06:17:08.417   512  2967 D audio_hw_primary: enable_audio_route: apply and update mixer path: low-latency-playback speaker
08-06 06:17:08.476 13866 13866 I GoogleInputMethodServic: GoogleInputMethodService.onFinishInput():3138 
08-06 06:17:08.477 13866 13866 I GoogleInputMethodServic: GoogleInputMethodService.onStartInput():1808 
08-06 06:17:08.489 15430 15447 I art     : Starting a blocking GC Explicit
08-06 06:17:08.505 15430 15447 I art     : Explicit concurrent mark sweep GC freed 2907(185KB) AllocSpace objects, 2(40KB) LOS objects, 40% free, 23MB/39MB, paused 161us total 15.722ms
08-06 06:17:08.512 15430 15447 I art     : Starting a blocking GC Explicit
08-06 06:17:08.526 15430 15447 I art     : Explicit concurrent mark sweep GC freed 195(9KB) AllocSpace objects, 0(0B) LOS objects, 40% free, 23MB/39MB, paused 138us total 14.504ms
08-06 06:17:08.533 15430 15447 I art     : Starting a blocking GC Explicit
08-06 06:17:08.548 15430 15447 I art     : Explicit concurrent mark sweep GC freed 37(2272B) AllocSpace objects, 0(0B) LOS objects, 40% free, 23MB/39MB, paused 145us total 15.021ms
08-06 06:17:08.554 15430 15447 I art     : Starting a blocking GC Explicit
08-06 06:17:08.571 15430 15447 I art     : Explicit concurrent mark sweep GC freed 3(96B) AllocSpace objects, 0(0B) LOS objects, 40% free, 23MB/39MB, paused 154us total 16.561ms
08-06 06:17:08.578 15430 15447 I art     : Starting a blocking GC Explicit
08-06 06:17:08.594 15430 15447 I art     : Explicit concurrent mark sweep GC freed 3(96B) AllocSpace objects, 0(0B) LOS objects, 40% free, 23MB/39MB, paused 168us total 16.142ms
08-06 06:17:08.818 15430 15446 I art     : Starting a blocking GC Explicit
08-06 06:17:08.836 15430 15446 I art     : Explicit concurrent mark sweep GC freed 1387(80KB) AllocSpace objects, 1(20KB) LOS objects, 40% free, 23MB/39MB, paused 148us total 17.009ms
08-06 06:17:08.843 15430 15446 I art     : Starting a blocking GC Explicit
08-06 06:17:08.860 15430 15446 I art     : Explicit concurrent mark sweep GC freed 23(752B) AllocSpace objects, 0(0B) LOS objects, 40% free, 23MB/39MB, paused 143us total 16.780ms
08-06 06:17:08.866 15430 15446 I art     : Starting a blocking GC Explicit
08-06 06:17:08.882 15430 15446 I art     : Explicit concurrent mark sweep GC freed 3(96B) AllocSpace objects, 0(0B) LOS objects, 40% free, 23MB/39MB, paused 142us total 15.997ms
08-06 06:17:08.889 15430 15446 I art     : Starting a blocking GC Explicit
08-06 06:17:08.905 15430 15446 I art     : Explicit concurrent mark sweep GC freed 3(96B) AllocSpace objects, 0(0B) LOS objects, 40% free, 23MB/39MB, paused 142us total 15.822ms
08-06 06:17:08.912 15430 15446 I art     : Starting a blocking GC Explicit
08-06 06:17:08.928 15430 15446 I art     : Explicit concurrent mark sweep GC freed 3(96B) AllocSpace objects, 0(0B) LOS objects, 40% free, 23MB/39MB, paused 135us total 15.699ms
08-06 06:17:08.949 15818 15818 D AndroidRuntime: >>>>>> START com.android.internal.os.RuntimeInit uid 2000 <<<<<<
08-06 06:17:08.949   512  2967 D audio_hw_primary: disable_audio_route: reset and update mixer path: low-latency-playback speaker
08-06 06:17:08.950   512  2967 D audio_hw_primary: disable_snd_device: snd_device(2: speaker)
08-06 06:17:08.953 15818 15818 D AndroidRuntime: CheckJNI is OFF
08-06 06:17:08.958   512  2967 I soundtrigger: audio_extn_sound_trigger_update_device_status: device 0x2 of type 0 for Event 0
08-06 06:17:08.979 15818 15818 D ICU     : No timezone override file found: /data/misc/zoneinfo/current/icu/icu_tzdata.dat
08-06 06:17:09.004 15818 15818 I Radio-JNI: register_android_hardware_Radio DONE
08-06 06:17:09.020 15818 15818 D AndroidRuntime: Calling main entry com.android.commands.input.Input
08-06 06:17:09.022 15818 15818 I Input   : injectMotionEvent: MotionEvent { action=ACTION_DOWN, actionButton=0, id[0]=0, x[0]=697.0, y[0]=656.0, toolType[0]=TOOL_TYPE_UNKNOWN, buttonState=0, metaState=0, flags=0x0, edgeFlags=0x0, pointerCount=1, historySize=0, eventTime=857845434, downTime=857845434, deviceId=0, source=0x1002 }
08-06 06:17:09.026 15818 15818 I Input   : injectMotionEvent: MotionEvent { action=ACTION_UP, actionButton=0, id[0]=0, x[0]=697.0, y[0]=656.0, toolType[0]=TOOL_TYPE_UNKNOWN, buttonState=0, metaState=0, flags=0x0, edgeFlags=0x0, pointerCount=1, historySize=0, eventTime=857845434, downTime=857845434, deviceId=0, source=0x1002 }
08-06 06:17:09.028 15818 15818 D AndroidRuntime: Shutting down VM
08-06 06:17:09.040   512  2967 D audio_hw_primary: out_set_parameters: enter: usecase(1: low-latency-playback) kvpairs: routing=2
08-06 06:17:09.054   512  2967 D audio_hw_primary: select_devices: out_snd_device(2: speaker) in_snd_device(0: none)
08-06 06:17:09.054   512  2967 D msm8974_platform: platform_send_audio_calibration: sending audio calibration for snd_device(2) acdb_id(15)
08-06 06:17:09.054   512  2967 I soundtrigger: audio_extn_sound_trigger_update_device_status: device 0x2 of type 0 for Event 1
08-06 06:17:09.069   512  2967 D audio_hw_primary: enable_snd_device: snd_device(2: speaker)
08-06 06:17:09.071   512  2967 D audio_hw_primary: enable_audio_route: apply and update mixer path: low-latency-playback speaker
08-06 06:17:09.104 13866 13866 I GoogleInputMethodServic: GoogleInputMethodService.onFinishInput():3138 
08-06 06:17:09.104 13866 13866 I GoogleInputMethodServic: GoogleInputMethodService.onStartInput():1808 
08-06 06:17:09.111   512  2967 D AudioFlinger: mixer(0xf4740000) throttle end: throttle time(12)
08-06 06:17:09.172 15430 15447 I art     : Starting a blocking GC Explicit
08-06 06:17:09.190 15430 15447 I art     : Explicit concurrent mark sweep GC freed 2408(194KB) AllocSpace objects, 1(20KB) LOS objects, 40% free, 23MB/39MB, paused 142us total 17.898ms
08-06 06:17:09.199 15430 15447 I art     : Starting a blocking GC Explicit
08-06 06:17:09.215 15430 15447 I art     : Explicit concurrent mark sweep GC freed 163(7KB) AllocSpace objects, 0(0B) LOS objects, 40% free, 23MB/39MB, paused 149us total 16.340ms
08-06 06:17:09.222 15430 15447 I art     : Starting a blocking GC Explicit
08-06 06:17:09.238 15430 15447 I art     : Explicit concurrent mark sweep GC freed 3(96B) AllocSpace objects, 0(0B) LOS objects, 40% free, 23MB/39MB, paused 145us total 16.248ms
08-06 06:17:09.245 15430 15447 I art     : Starting a blocking GC Explicit
08-06 06:17:09.262 15430 15447 I art     : Explicit concurrent mark sweep GC freed 3(96B) AllocSpace objects, 0(0B) LOS objects, 40% free, 23MB/39MB, paused 181us total 16.536ms
08-06 06:17:09.269 15430 15447 I art     : Starting a blocking GC Explicit
08-06 06:17:09.287 15430 15447 I art     : Explicit concurrent mark sweep GC freed 5(160B) AllocSpace objects, 0(0B) LOS objects, 40% free, 23MB/39MB, paused 143us total 17.508ms
08-06 06:17:09.337 29532 29532 W PathParser: Points are too far apart 4.030360828967057
08-06 06:17:09.337 29532 29532 W PathParser: Points are too far apart 4.030360538880159
08-06 06:17:09.354 29532 29532 W PathParser: Points are too far apart 4.030360828967057
08-06 06:17:09.354 29532 29532 W PathParser: Points are too far apart 4.030360538880159
08-06 06:17:09.371 29532 29532 W PathParser: Points are too far apart 4.030360828967057
08-06 06:17:09.371 29532 29532 W PathParser: Points are too far apart 4.030360538880159
08-06 06:17:09.387 29532 29532 W PathParser: Points are too far apart 4.030360828967057
08-06 06:17:09.387 29532 29532 W PathParser: Points are too far apart 4.030360538880159
08-06 06:17:09.404 29532 29532 W PathParser: Points are too far apart 4.030360828967057
08-06 06:17:09.404 29532 29532 W PathParser: Points are too far apart 4.030360538880159
08-06 06:17:09.421 29532 29532 W PathParser: Points are too far apart 4.030360828967057
08-06 06:17:09.421 29532 29532 W PathParser: Points are too far apart 4.030360538880159
08-06 06:17:09.437 29532 29532 W PathParser: Points are too far apart 4.030360828967057
08-06 06:17:09.437 29532 29532 W PathParser: Points are too far apart 4.030360538880159
08-06 06:17:09.520 15430 15511 I art     : Starting a blocking GC Explicit
08-06 06:17:09.538 15430 15511 I art     : Explicit concurrent mark sweep GC freed 1368(80KB) AllocSpace objects, 1(20KB) LOS objects, 40% free, 23MB/39MB, paused 152us total 17.745ms
08-06 06:17:09.548 15430 15511 I art     : Starting a blocking GC Explicit
08-06 06:17:09.569 15430 15511 I art     : Explicit concurrent mark sweep GC freed 29(944B) AllocSpace objects, 0(0B) LOS objects, 40% free, 23MB/39MB, paused 153us total 20.503ms
08-06 06:17:09.576 15430 15511 I art     : Starting a blocking GC Explicit
08-06 06:17:09.590 15850 15850 D AndroidRuntime: >>>>>> START com.android.internal.os.RuntimeInit uid 2000 <<<<<<
08-06 06:17:09.593 15430 15511 I art     : Explicit concurrent mark sweep GC freed 3(96B) AllocSpace objects, 0(0B) LOS objects, 40% free, 23MB/39MB, paused 170us total 16.554ms
08-06 06:17:09.595 15850 15850 D AndroidRuntime: CheckJNI is OFF
08-06 06:17:09.598   512  2967 D audio_hw_primary: disable_audio_route: reset and update mixer path: low-latency-playback speaker
08-06 06:17:09.599   512  2967 D audio_hw_primary: disable_snd_device: snd_device(2: speaker)
08-06 06:17:09.600 15430 15511 I art     : Starting a blocking GC Explicit
08-06 06:17:09.608   512  2967 I soundtrigger: audio_extn_sound_trigger_update_device_status: device 0x2 of type 0 for Event 0
08-06 06:17:09.617 15430 15511 I art     : Explicit concurrent mark sweep GC freed 28(784B) AllocSpace objects, 0(0B) LOS objects, 40% free, 23MB/39MB, paused 141us total 16.650ms
08-06 06:17:09.623 15430 15511 I art     : Starting a blocking GC Explicit
08-06 06:17:09.625 15850 15850 D ICU     : No timezone override file found: /data/misc/zoneinfo/current/icu/icu_tzdata.dat
08-06 06:17:09.639 15430 15511 I art     : Explicit concurrent mark sweep GC freed 3(96B) AllocSpace objects, 0(0B) LOS objects, 40% free, 23MB/39MB, paused 140us total 16.074ms
08-06 06:17:09.652 15850 15850 I Radio-JNI: register_android_hardware_Radio DONE
08-06 06:17:09.667 15850 15850 D AndroidRuntime: Calling main entry com.android.commands.input.Input
08-06 06:17:09.669 15850 15850 I Input   : injectMotionEvent: MotionEvent { action=ACTION_DOWN, actionButton=0, id[0]=0, x[0]=256.0, y[0]=1589.0, toolType[0]=TOOL_TYPE_UNKNOWN, buttonState=0, metaState=0, flags=0x0, edgeFlags=0x0, pointerCount=1, historySize=0, eventTime=857846082, downTime=857846082, deviceId=0, source=0x1002 }
08-06 06:17:09.674 15850 15850 I Input   : injectMotionEvent: MotionEvent { action=ACTION_UP, actionButton=0, id[0]=0, x[0]=256.0, y[0]=1589.0, toolType[0]=TOOL_TYPE_UNKNOWN, buttonState=0, metaState=0, flags=0x0, edgeFlags=0x0, pointerCount=1, historySize=0, eventTime=857846082, downTime=857846082, deviceId=0, source=0x1002 }
08-06 06:17:09.676 15850 15850 D AndroidRuntime: Shutting down VM
08-06 06:17:09.692 15430 15430 D UserPreferences: timeOfDay: []
08-06 06:17:09.692 15430 15430 D AutoUpdateManager: Restarting update alarm.
08-06 06:17:09.693   512  2967 D audio_hw_primary: out_set_parameters: enter: usecase(1: low-latency-playback) kvpairs: routing=2
08-06 06:17:09.696 15430 15430 D AutoUpdateManager: Automatic update was deactivated
08-06 06:17:09.707   512  2967 D audio_hw_primary: select_devices: out_snd_device(2: speaker) in_snd_device(0: none)
08-06 06:17:09.707   512  2967 D msm8974_platform: platform_send_audio_calibration: sending audio calibration for snd_device(2) acdb_id(15)
08-06 06:17:09.707   512  2967 I soundtrigger: audio_extn_sound_trigger_update_device_status: device 0x2 of type 0 for Event 1
08-06 06:17:09.722   512  2967 D audio_hw_primary: enable_snd_device: snd_device(2: speaker)
08-06 06:17:09.724   512  2967 D audio_hw_primary: enable_audio_route: apply and update mixer path: low-latency-playback speaker
08-06 06:17:09.731 13866 13866 I GoogleInputMethodServic: GoogleInputMethodService.onFinishInput():3138 
08-06 06:17:09.732 13866 13866 I GoogleInputMethodServic: GoogleInputMethodService.onStartInput():1808 
08-06 06:17:09.738 29532 29532 W PathParser: Points are too far apart 4.030360828967057
08-06 06:17:09.739 29532 29532 W PathParser: Points are too far apart 4.030360538880159
08-06 06:17:09.754 29532 29532 W PathParser: Points are too far apart 4.030360828967057
08-06 06:17:09.754 29532 29532 W PathParser: Points are too far apart 4.030360538880159
08-06 06:17:09.766   512  2967 D AudioFlinger: mixer(0xf4740000) throttle end: throttle time(12)
08-06 06:17:09.771 29532 29532 W PathParser: Points are too far apart 4.030360828967057
08-06 06:17:09.772 29532 29532 W PathParser: Points are too far apart 4.030360538880159
08-06 06:17:09.788 29532 29532 W PathParser: Points are too far apart 4.030360828967057
08-06 06:17:09.788 29532 29532 W PathParser: Points are too far apart 4.030360538880159
08-06 06:17:09.805 29532 29532 W PathParser: Points are too far apart 4.030360828967057
08-06 06:17:09.805 29532 29532 W PathParser: Points are too far apart 4.030360538880159
08-06 06:17:09.822 29532 29532 W PathParser: Points are too far apart 4.030360828967057
08-06 06:17:09.822 29532 29532 W PathParser: Points are too far apart 4.030360538880159
08-06 06:17:09.829   518   646 I ThermalEngine: ACTION: GPU - Setting GPU[0] to 510000000
08-06 06:17:09.838 29532 29532 W PathParser: Points are too far apart 4.030360828967057
08-06 06:17:09.839 29532 29532 W PathParser: Points are too far apart 4.030360538880159
08-06 06:17:09.854 29532 29532 W PathParser: Points are too far apart 4.030360828967057
08-06 06:17:09.854 29532 29532 W PathParser: Points are too far apart 4.030360538880159
08-06 06:17:09.903   380   380 W SurfaceFlinger: couldn't log to binary event log: overflow.
08-06 06:17:09.912 15430 15511 I art     : Starting a blocking GC Explicit
08-06 06:17:09.927 13866 13882 I PeriodicStatsRunner: PeriodicStatsRunner.call():175 call()
08-06 06:17:09.927 13866 13882 I PeriodicStatsRunner: PeriodicStatsRunner.call():179 No submit PeriodicStats since input started.
08-06 06:17:09.933 15430 15511 I art     : Explicit concurrent mark sweep GC freed 1691(107KB) AllocSpace objects, 2(40KB) LOS objects, 40% free, 23MB/39MB, paused 207us total 20.658ms
08-06 06:17:09.942 15430 15511 I art     : Starting a blocking GC Explicit
08-06 06:17:09.960 15430 15511 I art     : Explicit concurrent mark sweep GC freed 63(2336B) AllocSpace objects, 0(0B) LOS objects, 40% free, 23MB/39MB, paused 182us total 17.915ms
08-06 06:17:09.968 15430 15511 I art     : Starting a blocking GC Explicit
08-06 06:17:09.986 15430 15511 I art     : Explicit concurrent mark sweep GC freed 3(96B) AllocSpace objects, 0(0B) LOS objects, 40% free, 23MB/39MB, paused 181us total 18.201ms
08-06 06:17:09.994 15430 15511 I art     : Starting a blocking GC Explicit
08-06 06:17:10.013 15430 15511 I art     : Explicit concurrent mark sweep GC freed 5(192B) AllocSpace objects, 0(0B) LOS objects, 40% free, 23MB/39MB, paused 187us total 18.994ms
08-06 06:17:10.022 15430 15511 I art     : Starting a blocking GC Explicit
08-06 06:17:10.043 15430 15511 I art     : Explicit concurrent mark sweep GC freed 73(4KB) AllocSpace objects, 0(0B) LOS objects, 40% free, 23MB/39MB, paused 232us total 20.561ms
08-06 06:17:10.259   512  2967 D audio_hw_primary: disable_audio_route: reset and update mixer path: low-latency-playback speaker
08-06 06:17:10.261   512  2967 D audio_hw_primary: disable_snd_device: snd_device(2: speaker)
08-06 06:17:10.269   512  2967 I soundtrigger: audio_extn_sound_trigger_update_device_status: device 0x2 of type 0 for Event 0
08-06 06:17:10.301 15883 15883 D AndroidRuntime: >>>>>> START com.android.internal.os.RuntimeInit uid 2000 <<<<<<
08-06 06:17:10.306 15883 15883 D AndroidRuntime: CheckJNI is OFF
08-06 06:17:10.310 15430 15447 I art     : Starting a blocking GC Explicit
08-06 06:17:10.332 15430 15447 I art     : Explicit concurrent mark sweep GC freed 1869(96KB) AllocSpace objects, 1(20KB) LOS objects, 40% free, 23MB/39MB, paused 206us total 21.940ms
08-06 06:17:10.340 15430 15447 I art     : Starting a blocking GC Explicit
08-06 06:17:10.344 15883 15883 D ICU     : No timezone override file found: /data/misc/zoneinfo/current/icu/icu_tzdata.dat
08-06 06:17:10.360 15430 15447 I art     : Explicit concurrent mark sweep GC freed 24(816B) AllocSpace objects, 0(0B) LOS objects, 40% free, 23MB/39MB, paused 206us total 19.916ms
08-06 06:17:10.368 15430 15447 I art     : Starting a blocking GC Explicit
08-06 06:17:10.377 15883 15883 I Radio-JNI: register_android_hardware_Radio DONE
08-06 06:17:10.387 15430 15447 I art     : Explicit concurrent mark sweep GC freed 3(96B) AllocSpace objects, 0(0B) LOS objects, 40% free, 23MB/39MB, paused 186us total 19.226ms
08-06 06:17:10.395 15430 15447 I art     : Starting a blocking GC Explicit
08-06 06:17:10.399 15883 15883 D AndroidRuntime: Calling main entry com.android.commands.input.Input
08-06 06:17:10.401 15883 15883 I Input   : injectKeyEvent: KeyEvent { action=ACTION_DOWN, keyCode=KEYCODE_BACK, scanCode=0, metaState=0, flags=0x0, repeatCount=0, eventTime=857846814, downTime=857846814, deviceId=-1, source=0x101 }
08-06 06:17:10.405 15883 15883 I Input   : injectKeyEvent: KeyEvent { action=ACTION_UP, keyCode=KEYCODE_BACK, scanCode=0, metaState=0, flags=0x0, repeatCount=0, eventTime=857846814, downTime=857846814, deviceId=-1, source=0x101 }
08-06 06:17:10.412 15883 15883 D AndroidRuntime: Shutting down VM
08-06 06:17:10.415 15430 15447 I art     : Explicit concurrent mark sweep GC freed 526(22KB) AllocSpace objects, 0(0B) LOS objects, 40% free, 23MB/39MB, paused 266us total 19.188ms
08-06 06:17:10.423 15430 15447 I art     : Starting a blocking GC Explicit
08-06 06:17:10.445 15430 15447 I art     : Explicit concurrent mark sweep GC freed 389(19KB) AllocSpace objects, 0(0B) LOS objects, 39% free, 24MB/40MB, paused 501us total 22.147ms
08-06 06:17:10.482 13866 13866 I GoogleInputMethodServic: GoogleInputMethodService.onFinishInput():3138 
08-06 06:17:10.483 13866 13866 I GoogleInputMethodServic: GoogleInputMethodService.onStartInput():1808 
08-06 06:17:10.686 15430 15447 I art     : Starting a blocking GC Explicit
08-06 06:17:10.709 15430 15447 I art     : Explicit concurrent mark sweep GC freed 10242(634KB) AllocSpace objects, 1(20KB) LOS objects, 40% free, 23MB/39MB, paused 237us total 21.831ms
08-06 06:17:10.717 15430 15447 I art     : Starting a blocking GC Explicit
08-06 06:17:10.737 15430 15447 I art     : Explicit concurrent mark sweep GC freed 944(59KB) AllocSpace objects, 1(48KB) LOS objects, 40% free, 23MB/39MB, paused 209us total 19.690ms
08-06 06:17:10.746 15430 15447 I art     : Starting a blocking GC Explicit
08-06 06:17:10.766 15430 15447 I art     : Explicit concurrent mark sweep GC freed 3(96B) AllocSpace objects, 0(0B) LOS objects, 40% free, 23MB/39MB, paused 199us total 19.699ms
08-06 06:17:10.774 15430 15447 I art     : Starting a blocking GC Explicit
08-06 06:17:10.794 15430 15447 I art     : Explicit concurrent mark sweep GC freed 3(96B) AllocSpace objects, 0(0B) LOS objects, 40% free, 23MB/39MB, paused 195us total 19.394ms
08-06 06:17:10.803 15430 15447 I art     : Starting a blocking GC Explicit
08-06 06:17:10.822 15430 15447 I art     : Explicit concurrent mark sweep GC freed 3(96B) AllocSpace objects, 0(0B) LOS objects, 40% free, 23MB/39MB, paused 194us total 19.281ms
08-06 06:17:11.109 15430 15511 I art     : Starting a blocking GC Explicit
08-06 06:17:11.131 15430 15511 I art     : Explicit concurrent mark sweep GC freed 1365(80KB) AllocSpace objects, 1(20KB) LOS objects, 40% free, 23MB/39MB, paused 223us total 21.673ms
08-06 06:17:11.142 15430 15511 I art     : Starting a blocking GC Explicit
08-06 06:17:11.162 15430 15511 I art     : Explicit concurrent mark sweep GC freed 23(752B) AllocSpace objects, 0(0B) LOS objects, 40% free, 23MB/39MB, paused 197us total 19.031ms
08-06 06:17:11.170 15430 15511 I art     : Starting a blocking GC Explicit
08-06 06:17:11.189 15430 15511 I art     : Explicit concurrent mark sweep GC freed 3(96B) AllocSpace objects, 0(0B) LOS objects, 40% free, 23MB/39MB, paused 202us total 18.450ms
08-06 06:17:11.190 13866 13882 I PeriodicStatsRunner: PeriodicStatsRunner.call():175 call()
08-06 06:17:11.190 13866 13882 I PeriodicStatsRunner: PeriodicStatsRunner.call():179 No submit PeriodicStats since input started.
08-06 06:17:11.197 15430 15511 I art     : Starting a blocking GC Explicit
08-06 06:17:11.216 15430 15511 I art     : Explicit concurrent mark sweep GC freed 3(96B) AllocSpace objects, 0(0B) LOS objects, 40% free, 23MB/39MB, paused 201us total 18.886ms
08-06 06:17:11.225 15430 15511 I art     : Starting a blocking GC Explicit
08-06 06:17:11.244 15430 15511 I art     : Explicit concurrent mark sweep GC freed 3(96B) AllocSpace objects, 0(0B) LOS objects, 40% free, 23MB/39MB, paused 193us total 18.972ms
08-06 06:17:11.521 15430 15446 I art     : Starting a blocking GC Explicit
08-06 06:17:11.544 15430 15446 I art     : Explicit concurrent mark sweep GC freed 1365(80KB) AllocSpace objects, 1(20KB) LOS objects, 40% free, 23MB/39MB, paused 201us total 23.399ms
08-06 06:17:11.555 15430 15446 I art     : Starting a blocking GC Explicit
08-06 06:17:11.574 15430 15446 I art     : Explicit concurrent mark sweep GC freed 23(752B) AllocSpace objects, 0(0B) LOS objects, 40% free, 23MB/39MB, paused 186us total 19.332ms
08-06 06:17:11.583 15430 15446 I art     : Starting a blocking GC Explicit
08-06 06:17:11.603 15430 15446 I art     : Explicit concurrent mark sweep GC freed 28(784B) AllocSpace objects, 0(0B) LOS objects, 40% free, 23MB/39MB, paused 187us total 19.382ms
08-06 06:17:11.611 15430 15446 I art     : Starting a blocking GC Explicit
08-06 06:17:11.631 15430 15446 I art     : Explicit concurrent mark sweep GC freed 3(96B) AllocSpace objects, 0(0B) LOS objects, 40% free, 23MB/39MB, paused 194us total 19.153ms
08-06 06:17:11.639 15430 15446 I art     : Starting a blocking GC Explicit
08-06 06:17:11.657 15430 15446 I art     : Explicit concurrent mark sweep GC freed 3(96B) AllocSpace objects, 0(0B) LOS objects, 40% free, 23MB/39MB, paused 179us total 17.748ms
08-06 06:17:11.919 15430 15447 I art     : Starting a blocking GC Explicit
08-06 06:17:11.939 15430 15447 I art     : Explicit concurrent mark sweep GC freed 1365(80KB) AllocSpace objects, 1(20KB) LOS objects, 40% free, 23MB/39MB, paused 203us total 20.063ms
08-06 06:17:11.947 15430 15447 I art     : Starting a blocking GC Explicit
08-06 06:17:11.966 15430 15447 I art     : Explicit concurrent mark sweep GC freed 23(752B) AllocSpace objects, 0(0B) LOS objects, 40% free, 23MB/39MB, paused 202us total 18.368ms
08-06 06:17:11.974 15430 15447 I art     : Starting a blocking GC Explicit
08-06 06:17:11.993 15430 15447 I art     : Explicit concurrent mark sweep GC freed 3(96B) AllocSpace objects, 0(0B) LOS objects, 40% free, 23MB/39MB, paused 196us total 18.682ms
08-06 06:17:12.002 15430 15447 I art     : Starting a blocking GC Explicit
08-06 06:17:12.021 15430 15447 I art     : Explicit concurrent mark sweep GC freed 3(96B) AllocSpace objects, 0(0B) LOS objects, 40% free, 23MB/39MB, paused 201us total 18.398ms
08-06 06:17:12.029 15430 15447 I art     : Starting a blocking GC Explicit
08-06 06:17:12.046 13866 13882 I PeriodicStatsRunner: PeriodicStatsRunner.call():175 call()
08-06 06:17:12.047 13866 13882 I PeriodicStatsRunner: PeriodicStatsRunner.call():179 No submit PeriodicStats since input started.
08-06 06:17:12.049 15430 15447 I art     : Explicit concurrent mark sweep GC freed 15(736B) AllocSpace objects, 0(0B) LOS objects, 40% free, 23MB/39MB, paused 190us total 20.054ms
08-06 06:17:12.074 15936 15936 D AndroidRuntime: >>>>>> START com.android.internal.os.RuntimeInit uid 2000 <<<<<<
08-06 06:17:12.079 15936 15936 D AndroidRuntime: CheckJNI is OFF
08-06 06:17:12.109 15936 15936 D ICU     : No timezone override file found: /data/misc/zoneinfo/current/icu/icu_tzdata.dat
08-06 06:17:12.142 15936 15936 I Radio-JNI: register_android_hardware_Radio DONE
08-06 06:17:12.164 15936 15936 D AndroidRuntime: Calling main entry com.android.commands.input.Input
08-06 06:17:12.165 15936 15936 I Input   : injectKeyEvent: KeyEvent { action=ACTION_DOWN, keyCode=KEYCODE_BACK, scanCode=0, metaState=0, flags=0x0, repeatCount=0, eventTime=857848578, downTime=857848578, deviceId=-1, source=0x101 }
08-06 06:17:12.170 15936 15936 I Input   : injectKeyEvent: KeyEvent { action=ACTION_UP, keyCode=KEYCODE_BACK, scanCode=0, metaState=0, flags=0x0, repeatCount=0, eventTime=857848578, downTime=857848578, deviceId=-1, source=0x101 }
08-06 06:17:12.177 15936 15936 D AndroidRuntime: Shutting down VM
08-06 06:17:12.196 15430 15430 D QueueFragment: loadItems()
08-06 06:17:12.196 15430 15454 D DBReader: getQueue() called
08-06 06:17:12.196 15430 15430 V PlaybackController: initServiceNotRunning()
08-06 06:17:12.196 15430 15454 D DBReader: getQueue()
08-06 06:17:12.197 15430 15430 D ExternalPlayerFragment: Loading media info
08-06 06:17:12.197 15430 15454 D DBReader: getFavoriteIDList() called
08-06 06:17:12.198 15430 15430 D UserPreferences: Using default data folder
08-06 06:17:12.198 15430 15454 D DBReader: getQueueIDList() called
08-06 06:17:12.199 15430 15454 D DBReader: Extracting Feedlist
08-06 06:17:12.200 15430 15962 D DBReader: getNavDrawerData() called with: 
08-06 06:17:12.203 15430 15962 D DBReader: getDownloadedItems() called
08-06 06:17:12.204 15430 15962 D DBReader: getFavoriteIDList() called
08-06 06:17:12.204 15430 15962 D DBReader: getQueueIDList() called
08-06 06:17:12.205 15430 15962 D DBReader: Extracting Feedlist
08-06 06:17:12.246 15430 15430 D MainActivity: getLastNavFragment() -> QueueFragment
08-06 06:17:12.279 13866 13866 I GoogleInputMethodServic: GoogleInputMethodService.onFinishInput():3138 
08-06 06:17:12.280 13866 13866 I GoogleInputMethodServic: GoogleInputMethodService.onStartInput():1808 
08-06 06:17:12.292 15430 15446 I art     : Starting a blocking GC Explicit
08-06 06:17:12.313 15430 15446 I art     : Explicit concurrent mark sweep GC freed 3644(205KB) AllocSpace objects, 1(20KB) LOS objects, 40% free, 23MB/39MB, paused 234us total 21.469ms
08-06 06:17:12.322 15430 15446 I art     : Starting a blocking GC Explicit
08-06 06:17:12.339 15430 15446 I art     : Explicit concurrent mark sweep GC freed 1472(93KB) AllocSpace objects, 0(0B) LOS objects, 40% free, 23MB/39MB, paused 240us total 16.977ms
08-06 06:17:12.348 15430 15446 I art     : Starting a blocking GC Explicit
08-06 06:17:12.364 15430 15446 I art     : Explicit concurrent mark sweep GC freed 3(96B) AllocSpace objects, 0(0B) LOS objects, 40% free, 23MB/39MB, paused 192us total 16.596ms
08-06 06:17:12.372 15430 15446 I art     : Starting a blocking GC Explicit
08-06 06:17:12.389 15430 15446 I art     : Explicit concurrent mark sweep GC freed 3(96B) AllocSpace objects, 0(0B) LOS objects, 40% free, 23MB/39MB, paused 188us total 17.189ms
08-06 06:17:12.400 15430 15446 I art     : Starting a blocking GC Explicit
08-06 06:17:12.421 15430 15446 I art     : Explicit concurrent mark sweep GC freed 3(96B) AllocSpace objects, 0(0B) LOS objects, 40% free, 23MB/39MB, paused 267us total 20.661ms
08-06 06:17:12.540   380   380 W SurfaceFlinger: couldn't log to binary event log: overflow.
08-06 06:17:12.665 15430 15446 I art     : Starting a blocking GC Explicit
08-06 06:17:12.686 15430 15446 I art     : Explicit concurrent mark sweep GC freed 1936(106KB) AllocSpace objects, 1(20KB) LOS objects, 40% free, 23MB/39MB, paused 217us total 20.455ms
08-06 06:17:12.694 15430 15446 I art     : Starting a blocking GC Explicit
08-06 06:17:12.712 15430 15446 I art     : Explicit concurrent mark sweep GC freed 6243(390KB) AllocSpace objects, 11(308KB) LOS objects, 40% free, 22MB/38MB, paused 207us total 17.296ms
08-06 06:17:12.720 15430 15446 I art     : Starting a blocking GC Explicit
08-06 06:17:12.737 15430 15446 I art     : Explicit concurrent mark sweep GC freed 8(304B) AllocSpace objects, 0(0B) LOS objects, 40% free, 22MB/38MB, paused 293us total 16.867ms
08-06 06:17:12.745 15430 15446 I art     : Starting a blocking GC Explicit
08-06 06:17:12.762 15430 15446 I art     : Explicit concurrent mark sweep GC freed 3(96B) AllocSpace objects, 0(0B) LOS objects, 40% free, 22MB/38MB, paused 215us total 17.046ms
08-06 06:17:12.770 15430 15446 I art     : Starting a blocking GC Explicit
08-06 06:17:12.788 15430 15446 I art     : Explicit concurrent mark sweep GC freed 3(96B) AllocSpace objects, 0(0B) LOS objects, 40% free, 22MB/38MB, paused 233us total 17.069ms
08-06 06:17:13.071 15430 15447 I art     : Starting a blocking GC Explicit
08-06 06:17:13.096 15430 15447 I art     : Explicit concurrent mark sweep GC freed 1367(82KB) AllocSpace objects, 1(20KB) LOS objects, 40% free, 22MB/38MB, paused 245us total 24.420ms
08-06 06:17:13.105 15430 15447 I art     : Starting a blocking GC Explicit
08-06 06:17:13.122 15430 15447 I art     : Explicit concurrent mark sweep GC freed 23(752B) AllocSpace objects, 0(0B) LOS objects, 40% free, 22MB/38MB, paused 237us total 17.402ms
08-06 06:17:13.131 15430 15447 I art     : Starting a blocking GC Explicit
08-06 06:17:13.147 15430 15447 I art     : Explicit concurrent mark sweep GC freed 3(96B) AllocSpace objects, 0(0B) LOS objects, 40% free, 22MB/38MB, paused 217us total 16.388ms
08-06 06:17:13.155 15430 15447 I art     : Starting a blocking GC Explicit
08-06 06:17:13.172 15430 15447 I art     : Explicit concurrent mark sweep GC freed 3(96B) AllocSpace objects, 0(0B) LOS objects, 40% free, 22MB/38MB, paused 214us total 16.411ms
08-06 06:17:13.180 15430 15447 I art     : Starting a blocking GC Explicit
08-06 06:17:13.197 15430 15447 I art     : Explicit concurrent mark sweep GC freed 3(96B) AllocSpace objects, 0(0B) LOS objects, 40% free, 22MB/38MB, paused 284us total 16.560ms
08-06 06:17:13.473 15430 15511 I art     : Starting a blocking GC Explicit
08-06 06:17:13.477 13866 13882 I PeriodicStatsRunner: PeriodicStatsRunner.call():175 call()
08-06 06:17:13.477 13866 13882 I PeriodicStatsRunner: PeriodicStatsRunner.call():179 No submit PeriodicStats since input started.
08-06 06:17:13.491 15430 15511 I art     : Explicit concurrent mark sweep GC freed 1364(80KB) AllocSpace objects, 1(20KB) LOS objects, 40% free, 22MB/38MB, paused 255us total 17.451ms
08-06 06:17:13.499 15430 15511 I art     : Starting a blocking GC Explicit
08-06 06:17:13.516 15430 15511 I art     : Explicit concurrent mark sweep GC freed 23(752B) AllocSpace objects, 0(0B) LOS objects, 40% free, 22MB/38MB, paused 223us total 16.377ms
08-06 06:17:13.524 15430 15511 I art     : Starting a blocking GC Explicit
08-06 06:17:13.540 15430 15511 I art     : Explicit concurrent mark sweep GC freed 3(96B) AllocSpace objects, 0(0B) LOS objects, 40% free, 22MB/38MB, paused 251us total 16.050ms
08-06 06:17:13.548 15430 15511 I art     : Starting a blocking GC Explicit
08-06 06:17:13.564 15430 15511 I art     : Explicit concurrent mark sweep GC freed 3(96B) AllocSpace objects, 0(0B) LOS objects, 40% free, 22MB/38MB, paused 239us total 15.994ms
08-06 06:17:13.572 15430 15511 I art     : Starting a blocking GC Explicit
08-06 06:17:13.588 15430 15511 I art     : Explicit concurrent mark sweep GC freed 3(96B) AllocSpace objects, 0(0B) LOS objects, 40% free, 22MB/38MB, paused 226us total 16.044ms
08-06 06:17:13.838 15999 15999 D AndroidRuntime: >>>>>> START com.android.internal.os.RuntimeInit uid 2000 <<<<<<
08-06 06:17:13.843 15999 15999 D AndroidRuntime: CheckJNI is OFF
08-06 06:17:13.845 15430 15446 I art     : Starting a blocking GC Explicit
08-06 06:17:13.863 15430 15446 I art     : Explicit concurrent mark sweep GC freed 1393(81KB) AllocSpace objects, 1(20KB) LOS objects, 40% free, 22MB/38MB, paused 283us total 17.629ms
08-06 06:17:13.871 15430 15446 I art     : Starting a blocking GC Explicit
08-06 06:17:13.882 15999 15999 D ICU     : No timezone override file found: /data/misc/zoneinfo/current/icu/icu_tzdata.dat
08-06 06:17:13.887 15430 15446 I art     : Explicit concurrent mark sweep GC freed 23(752B) AllocSpace objects, 0(0B) LOS objects, 40% free, 22MB/38MB, paused 222us total 15.645ms
08-06 06:17:13.894 15430 15446 I art     : Starting a blocking GC Explicit
08-06 06:17:13.910 15430 15446 I art     : Explicit concurrent mark sweep GC freed 3(96B) AllocSpace objects, 0(0B) LOS objects, 40% free, 22MB/38MB, paused 207us total 15.188ms
08-06 06:17:13.914 15999 15999 I Radio-JNI: register_android_hardware_Radio DONE
08-06 06:17:13.917 15430 15446 I art     : Starting a blocking GC Explicit
08-06 06:17:13.933 15430 15446 I art     : Explicit concurrent mark sweep GC freed 3(96B) AllocSpace objects, 0(0B) LOS objects, 40% free, 22MB/38MB, paused 206us total 15.265ms
08-06 06:17:13.935 15999 15999 D AndroidRuntime: Calling main entry com.android.commands.input.Input
08-06 06:17:13.937 15999 15999 I Input   : injectMotionEvent: MotionEvent { action=ACTION_DOWN, actionButton=0, id[0]=0, x[0]=103.0, y[0]=192.0, toolType[0]=TOOL_TYPE_UNKNOWN, buttonState=0, metaState=0, flags=0x0, edgeFlags=0x0, pointerCount=1, historySize=0, eventTime=857850350, downTime=857850350, deviceId=0, source=0x1002 }
08-06 06:17:13.940 15430 15446 I art     : Starting a blocking GC Explicit
08-06 06:17:13.943 15999 15999 I Input   : injectMotionEvent: MotionEvent { action=ACTION_UP, actionButton=0, id[0]=0, x[0]=103.0, y[0]=192.0, toolType[0]=TOOL_TYPE_UNKNOWN, buttonState=0, metaState=0, flags=0x0, edgeFlags=0x0, pointerCount=1, historySize=0, eventTime=857850350, downTime=857850350, deviceId=0, source=0x1002 }
08-06 06:17:13.944 15999 15999 D AndroidRuntime: Shutting down VM
08-06 06:17:13.956 15430 15446 I art     : Explicit concurrent mark sweep GC freed 23(720B) AllocSpace objects, 0(0B) LOS objects, 40% free, 22MB/38MB, paused 206us total 15.522ms
08-06 06:17:13.962   512  2967 D audio_hw_primary: out_set_parameters: enter: usecase(1: low-latency-playback) kvpairs: routing=2
08-06 06:17:13.974   512  2967 D audio_hw_primary: select_devices: out_snd_device(2: speaker) in_snd_device(0: none)
08-06 06:17:13.975   512  2967 D msm8974_platform: platform_send_audio_calibration: sending audio calibration for snd_device(2) acdb_id(15)
08-06 06:17:13.975   512  2967 I soundtrigger: audio_extn_sound_trigger_update_device_status: device 0x2 of type 0 for Event 1
08-06 06:17:13.986   512  2967 D audio_hw_primary: enable_snd_device: snd_device(2: speaker)
08-06 06:17:13.988   512  2967 D audio_hw_primary: enable_audio_route: apply and update mixer path: low-latency-playback speaker
08-06 06:17:13.998 13866 13866 I GoogleInputMethodServic: GoogleInputMethodService.onFinishInput():3138 
08-06 06:17:13.999 13866 13866 I GoogleInputMethodServic: GoogleInputMethodService.onStartInput():1808 
08-06 06:17:14.104 13866 13882 I PeriodicStatsRunner: PeriodicStatsRunner.call():175 call()
08-06 06:17:14.105 13866 13882 I PeriodicStatsRunner: PeriodicStatsRunner.call():179 No submit PeriodicStats since input started.
08-06 06:17:14.209 15430 15511 I art     : Starting a blocking GC Explicit
08-06 06:17:14.227 15430 15511 I art     : Explicit concurrent mark sweep GC freed 1836(104KB) AllocSpace objects, 1(20KB) LOS objects, 40% free, 22MB/38MB, paused 314us total 18.266ms
08-06 06:17:14.236 15430 15511 I art     : Starting a blocking GC Explicit
08-06 06:17:14.254 15430 15511 I art     : Explicit concurrent mark sweep GC freed 86(5KB) AllocSpace objects, 0(0B) LOS objects, 40% free, 22MB/38MB, paused 224us total 17.231ms
08-06 06:17:14.262 15430 15511 I art     : Starting a blocking GC Explicit
08-06 06:17:14.280 15430 15511 I art     : Explicit concurrent mark sweep GC freed 3(96B) AllocSpace objects, 0(0B) LOS objects, 40% free, 22MB/38MB, paused 219us total 17.463ms
08-06 06:17:14.289 15430 15511 I art     : Starting a blocking GC Explicit
08-06 06:17:14.306 15430 15511 I art     : Explicit concurrent mark sweep GC freed 9(288B) AllocSpace objects, 0(0B) LOS objects, 40% free, 22MB/38MB, paused 220us total 16.820ms
08-06 06:17:14.314 15430 15511 I art     : Starting a blocking GC Explicit
08-06 06:17:14.331 15430 15511 I art     : Explicit concurrent mark sweep GC freed 3(96B) AllocSpace objects, 0(0B) LOS objects, 40% free, 22MB/38MB, paused 257us total 16.870ms
08-06 06:17:14.519   512  2967 D audio_hw_primary: disable_audio_route: reset and update mixer path: low-latency-playback speaker
08-06 06:17:14.520   512  2967 D audio_hw_primary: disable_snd_device: snd_device(2: speaker)
08-06 06:17:14.528   512  2967 I soundtrigger: audio_extn_sound_trigger_update_device_status: device 0x2 of type 0 for Event 0
08-06 06:17:14.598 15430 15447 I art     : Starting a blocking GC Explicit
08-06 06:17:14.615 15430 15447 I art     : Explicit concurrent mark sweep GC freed 1411(82KB) AllocSpace objects, 1(20KB) LOS objects, 40% free, 22MB/38MB, paused 221us total 17.154ms
08-06 06:17:14.623 15430 15447 I art     : Starting a blocking GC Explicit
08-06 06:17:14.640 15430 15447 I art     : Explicit concurrent mark sweep GC freed 33(1072B) AllocSpace objects, 0(0B) LOS objects, 40% free, 22MB/38MB, paused 249us total 16.780ms
08-06 06:17:14.649 15430 15447 I art     : Starting a blocking GC Explicit
08-06 06:17:14.665 15430 15447 I art     : Explicit concurrent mark sweep GC freed 5(160B) AllocSpace objects, 0(0B) LOS objects, 40% free, 22MB/38MB, paused 216us total 16.186ms
08-06 06:17:14.673 15430 15447 I art     : Starting a blocking GC Explicit
08-06 06:17:14.690 15430 15447 I art     : Explicit concurrent mark sweep GC freed 3(96B) AllocSpace objects, 0(0B) LOS objects, 40% free, 22MB/38MB, paused 213us total 16.729ms
08-06 06:17:14.698 15430 15447 I art     : Starting a blocking GC Explicit
08-06 06:17:14.714 15430 15447 I art     : Explicit concurrent mark sweep GC freed 3(96B) AllocSpace objects, 0(0B) LOS objects, 40% free, 22MB/38MB, paused 221us total 16.512ms
08-06 06:17:14.731  9013  9013 I Atfwd_Sendcmd: AtCmdFwd service not ready - Exhausted retry attempts - :6
08-06 06:17:14.731  9013  9013 I Atfwd_Daemon: result : -1 	 ,Init step :2 	 ,qmiErrorCode: 0
08-06 06:17:14.732 13866 13882 I PeriodicStatsRunner: PeriodicStatsRunner.call():175 call()
08-06 06:17:14.732 13866 13882 I PeriodicStatsRunner: PeriodicStatsRunner.call():179 No submit PeriodicStats since input started.
08-06 06:17:14.992 15430 15511 I art     : Starting a blocking GC Explicit
08-06 06:17:15.011 15430 15511 I art     : Explicit concurrent mark sweep GC freed 1363(82KB) AllocSpace objects, 1(20KB) LOS objects, 40% free, 22MB/38MB, paused 251us total 18.689ms
08-06 06:17:15.023 15430 15511 I art     : Starting a blocking GC Explicit
08-06 06:17:15.042 15430 15511 I art     : Explicit concurrent mark sweep GC freed 23(752B) AllocSpace objects, 0(0B) LOS objects, 40% free, 22MB/38MB, paused 218us total 19.327ms
08-06 06:17:15.051 15430 15511 I art     : Starting a blocking GC Explicit
08-06 06:17:15.068 15430 15511 I art     : Explicit concurrent mark sweep GC freed 3(96B) AllocSpace objects, 0(0B) LOS objects, 40% free, 22MB/38MB, paused 220us total 17.361ms
08-06 06:17:15.077 15430 15511 I art     : Starting a blocking GC Explicit
08-06 06:17:15.094 15430 15511 I art     : Explicit concurrent mark sweep GC freed 3(96B) AllocSpace objects, 0(0B) LOS objects, 40% free, 22MB/38MB, paused 283us total 17.296ms
08-06 06:17:15.103 15430 15511 I art     : Starting a blocking GC Explicit
08-06 06:17:15.121 15430 15511 I art     : Explicit concurrent mark sweep GC freed 3(96B) AllocSpace objects, 0(0B) LOS objects, 40% free, 22MB/38MB, paused 221us total 17.927ms
08-06 06:17:15.378 15430 15446 I art     : Starting a blocking GC Explicit
08-06 06:17:15.396 15430 15446 I art     : Explicit concurrent mark sweep GC freed 1362(80KB) AllocSpace objects, 1(20KB) LOS objects, 40% free, 22MB/38MB, paused 212us total 17.127ms
08-06 06:17:15.404 15430 15446 I art     : Starting a blocking GC Explicit
08-06 06:17:15.420 15430 15446 I art     : Explicit concurrent mark sweep GC freed 23(752B) AllocSpace objects, 0(0B) LOS objects, 40% free, 22MB/38MB, paused 220us total 16.395ms
08-06 06:17:15.428 15430 15446 I art     : Starting a blocking GC Explicit
08-06 06:17:15.445 15430 15446 I art     : Explicit concurrent mark sweep GC freed 3(96B) AllocSpace objects, 0(0B) LOS objects, 40% free, 22MB/38MB, paused 215us total 16.478ms
08-06 06:17:15.453 15430 15446 I art     : Starting a blocking GC Explicit
08-06 06:17:15.470 15430 15446 I art     : Explicit concurrent mark sweep GC freed 3(96B) AllocSpace objects, 0(0B) LOS objects, 40% free, 22MB/38MB, paused 208us total 16.294ms
08-06 06:17:15.478 15430 15446 I art     : Starting a blocking GC Explicit
08-06 06:17:15.483 13866 13882 I PeriodicStatsRunner: PeriodicStatsRunner.call():175 call()
08-06 06:17:15.483 13866 13882 I PeriodicStatsRunner: PeriodicStatsRunner.call():179 No submit PeriodicStats since input started.
08-06 06:17:15.494 15430 15446 I art     : Explicit concurrent mark sweep GC freed 3(96B) AllocSpace objects, 0(0B) LOS objects, 40% free, 22MB/38MB, paused 211us total 16.162ms
08-06 06:17:15.613 16057 16057 D AndroidRuntime: >>>>>> START com.android.internal.os.RuntimeInit uid 2000 <<<<<<
08-06 06:17:15.619 16057 16057 D AndroidRuntime: CheckJNI is OFF
08-06 06:17:15.652 16057 16057 D ICU     : No timezone override file found: /data/misc/zoneinfo/current/icu/icu_tzdata.dat
08-06 06:17:15.684 16057 16057 I Radio-JNI: register_android_hardware_Radio DONE
08-06 06:17:15.706 16057 16057 D AndroidRuntime: Calling main entry com.android.commands.input.Input
08-06 06:17:15.707 16057 16057 I Input   : injectMotionEvent: MotionEvent { action=ACTION_DOWN, actionButton=0, id[0]=0, x[0]=409.0, y[0]=1034.0, toolType[0]=TOOL_TYPE_UNKNOWN, buttonState=0, metaState=0, flags=0x0, edgeFlags=0x0, pointerCount=1, historySize=0, eventTime=857852120, downTime=857852120, deviceId=0, source=0x1002 }
08-06 06:17:15.712 16057 16057 I Input   : injectMotionEvent: MotionEvent { action=ACTION_UP, actionButton=0, id[0]=0, x[0]=409.0, y[0]=1034.0, toolType[0]=TOOL_TYPE_UNKNOWN, buttonState=0, metaState=0, flags=0x0, edgeFlags=0x0, pointerCount=1, historySize=0, eventTime=857852120, downTime=857852120, deviceId=0, source=0x1002 }
08-06 06:17:15.714 16057 16057 D AndroidRuntime: Shutting down VM
08-06 06:17:15.754 15430 15447 I art     : Starting a blocking GC Explicit
08-06 06:17:15.770 15430 15447 I art     : Explicit concurrent mark sweep GC freed 1438(82KB) AllocSpace objects, 1(20KB) LOS objects, 40% free, 22MB/38MB, paused 212us total 16.681ms
08-06 06:17:15.779 15430 15447 I art     : Starting a blocking GC Explicit
08-06 06:17:15.794 15430 15430 D MainActivity: loadFragment(index: 5, args: null)
08-06 06:17:15.794 15430 15430 D MainActivity: loadFragment(tag: AddFeedFragment, args: null)
08-06 06:17:15.796 15430 15430 D MainActivity: saveLastNavFragment(tag: AddFeedFragment)
08-06 06:17:15.796 15430 15447 I art     : Explicit concurrent mark sweep GC freed 50(3KB) AllocSpace objects, 0(0B) LOS objects, 40% free, 22MB/38MB, paused 537us total 16.826ms
08-06 06:17:15.796 15430 15430 D MainActivity: getLastNavFragment() -> AddFeedFragment
08-06 06:17:15.796   512  2967 D audio_hw_primary: out_set_parameters: enter: usecase(1: low-latency-playback) kvpairs: routing=2
08-06 06:17:15.804 15430 15447 I art     : Starting a blocking GC Explicit
08-06 06:17:15.809   512  2967 D audio_hw_primary: select_devices: out_snd_device(2: speaker) in_snd_device(0: none)
08-06 06:17:15.809   512  2967 D msm8974_platform: platform_send_audio_calibration: sending audio calibration for snd_device(2) acdb_id(15)
08-06 06:17:15.810   512  2967 I soundtrigger: audio_extn_sound_trigger_update_device_status: device 0x2 of type 0 for Event 1
08-06 06:17:15.819   512  2967 D audio_hw_primary: enable_snd_device: snd_device(2: speaker)
08-06 06:17:15.821   512  2967 D audio_hw_primary: enable_audio_route: apply and update mixer path: low-latency-playback speaker
08-06 06:17:15.821 15430 15447 I art     : Explicit concurrent mark sweep GC freed 737(53KB) AllocSpace objects, 1(20KB) LOS objects, 40% free, 22MB/38MB, paused 331us total 17.530ms
08-06 06:17:15.830 15430 15447 I art     : Starting a blocking GC Explicit
08-06 06:17:15.849 15430 15447 I art     : Explicit concurrent mark sweep GC freed 1091(58KB) AllocSpace objects, 0(0B) LOS objects, 40% free, 23MB/38MB, paused 423us total 18.268ms
08-06 06:17:15.856 15430 15447 I art     : Starting a blocking GC Explicit
08-06 06:17:15.875 15430 15447 I art     : Explicit concurrent mark sweep GC freed 371(21KB) AllocSpace objects, 0(0B) LOS objects, 40% free, 23MB/38MB, paused 222us total 18.316ms
08-06 06:17:16.115 15430 15511 I art     : Starting a blocking GC Explicit
08-06 06:17:16.131 15430 15511 I art     : Explicit concurrent mark sweep GC freed 2561(152KB) AllocSpace objects, 3(76KB) LOS objects, 40% free, 22MB/38MB, paused 201us total 16.140ms
08-06 06:17:16.139 15430 15511 I art     : Starting a blocking GC Explicit
08-06 06:17:16.154 15430 15511 I art     : Explicit concurrent mark sweep GC freed 35(1136B) AllocSpace objects, 0(0B) LOS objects, 40% free, 22MB/38MB, paused 210us total 15.244ms
08-06 06:17:16.162 15430 15511 I art     : Starting a blocking GC Explicit
08-06 06:17:16.177 15430 15511 I art     : Explicit concurrent mark sweep GC freed 3(96B) AllocSpace objects, 0(0B) LOS objects, 40% free, 22MB/38MB, paused 350us total 15.491ms
08-06 06:17:16.185 15430 15511 I art     : Starting a blocking GC Explicit
08-06 06:17:16.200 15430 15511 I art     : Explicit concurrent mark sweep GC freed 3(96B) AllocSpace objects, 0(0B) LOS objects, 40% free, 22MB/38MB, paused 211us total 15.091ms
08-06 06:17:16.208 15430 15511 I art     : Starting a blocking GC Explicit
08-06 06:17:16.223 15430 15511 I art     : Explicit concurrent mark sweep GC freed 54(2000B) AllocSpace objects, 0(0B) LOS objects, 40% free, 22MB/38MB, paused 213us total 15.151ms
08-06 06:17:16.247 13866 13866 I GoogleInputMethodServic: GoogleInputMethodService.onFinishInput():3138 
08-06 06:17:16.248 13866 13866 I GoogleInputMethodServic: GoogleInputMethodService.onStartInput():1808 
08-06 06:17:16.359   512  2967 D audio_hw_primary: disable_audio_route: reset and update mixer path: low-latency-playback speaker
08-06 06:17:16.362   512  2967 D audio_hw_primary: disable_snd_device: snd_device(2: speaker)
08-06 06:17:16.371   512  2967 I soundtrigger: audio_extn_sound_trigger_update_device_status: device 0x2 of type 0 for Event 0
08-06 06:17:16.430   918  3261 D WifiStateMachine: starting scan for "H369AA63323"WPA_PSK with 2412,5180
08-06 06:17:16.509 15430 15511 I art     : Starting a blocking GC Explicit
08-06 06:17:16.528 15430 15511 I art     : Explicit concurrent mark sweep GC freed 1455(83KB) AllocSpace objects, 1(20KB) LOS objects, 40% free, 22MB/38MB, paused 222us total 18.776ms
08-06 06:17:16.537 15430 15511 I art     : Starting a blocking GC Explicit
08-06 06:17:16.554 15430 15511 I art     : Explicit concurrent mark sweep GC freed 101(5KB) AllocSpace objects, 0(0B) LOS objects, 40% free, 22MB/38MB, paused 209us total 17.250ms
08-06 06:17:16.563 15430 15511 I art     : Starting a blocking GC Explicit
08-06 06:17:16.580 15430 15511 I art     : Explicit concurrent mark sweep GC freed 3(96B) AllocSpace objects, 0(0B) LOS objects, 40% free, 22MB/38MB, paused 209us total 16.568ms
08-06 06:17:16.588 15430 15511 I art     : Starting a blocking GC Explicit
08-06 06:17:16.604 15430 15511 I art     : Explicit concurrent mark sweep GC freed 32(880B) AllocSpace objects, 0(0B) LOS objects, 40% free, 22MB/38MB, paused 208us total 15.622ms
08-06 06:17:16.612 15430 15511 I art     : Starting a blocking GC Explicit
08-06 06:17:16.629 15430 15511 I art     : Explicit concurrent mark sweep GC freed 3(96B) AllocSpace objects, 0(0B) LOS objects, 40% free, 22MB/38MB, paused 201us total 16.298ms
08-06 06:17:16.799 14692 14692 I Finsky  : [1] xow.onStartJob(3): SCH: onJobSchedulerWakeup with jobId 9011
08-06 06:17:16.806 14692 14692 I Finsky  : [1] xjw.a(9): Scheduling fallback in 43199997 (absolute: 1884440678)
08-06 06:17:16.809 14692 14692 I Finsky  : [1] xjw.a(9): Scheduling fallback in 64799997 (absolute: 1906040681)
08-06 06:17:16.815 14692 14692 I Finsky  : [1] xow.onStartJob(3): SCH: onJobSchedulerWakeup with jobId 9016
08-06 06:17:16.820 14692 14692 I Finsky  : [1] xjw.a(9): Scheduling fallback in 43199998 (absolute: 1884440693)
08-06 06:17:16.822 14692 14692 I Finsky  : [1] xjw.a(9): Scheduling fallback in 64799999 (absolute: 1906040696)
08-06 06:17:16.825 14692 14692 W Finsky  : [1] xow.onStartJob(9): SCH: onJobSchedulerWakeup while already running
08-06 06:17:16.912 15430 15511 I art     : Starting a blocking GC Explicit
08-06 06:17:16.934 15430 15511 I art     : Explicit concurrent mark sweep GC freed 1365(80KB) AllocSpace objects, 1(20KB) LOS objects, 40% free, 22MB/38MB, paused 246us total 21.938ms
08-06 06:17:16.948 15430 15511 I art     : Starting a blocking GC Explicit
08-06 06:17:16.954 14692 14692 I Finsky  : [1] xkf.handleMessage(8): SCH: DeviceState: DeviceState{currentTime=1596687436948, isCharging=false, isIdle=false, netAny=true, netNotRoaming=true, netUnmetered=true, batteryPercent=100.0}
08-06 06:17:16.959 14692 15398 I Finsky  : [6465] xmu.a(8): SCH: Jobs in database: 1-1337 3-221 3-222 12-1 24-77777777 26-1414141414 
08-06 06:17:16.961 14692 14692 I Finsky  : [1] xkg.a(16): SCH: Running job: 12-1
08-06 06:17:16.962 14692 14692 I Finsky  : [1] ContentSyncJob.a(16): [ContentSync] job started
08-06 06:17:16.962 14692 14692 I Finsky  : [1] xkf.handleMessage(61): SCH: RunningQueue size: 1, PendingQueue size: 0
08-06 06:17:16.963 14692 14692 I Finsky  : [1] xkf.handleMessage(64): SCH: Running queue: 12-1 
08-06 06:17:16.965 15430 15511 I art     : Explicit concurrent mark sweep GC freed 23(752B) AllocSpace objects, 0(0B) LOS objects, 40% free, 22MB/38MB, paused 219us total 16.488ms
08-06 06:17:16.973 15430 15511 I art     : Starting a blocking GC Explicit
08-06 06:17:16.989 15430 15511 I art     : Explicit concurrent mark sweep GC freed 3(96B) AllocSpace objects, 0(0B) LOS objects, 40% free, 22MB/38MB, paused 213us total 15.811ms
08-06 06:17:16.996 15430 15511 I art     : Starting a blocking GC Explicit
08-06 06:17:17.011 15430 15511 I art     : Explicit concurrent mark sweep GC freed 3(96B) AllocSpace objects, 0(0B) LOS objects, 40% free, 22MB/38MB, paused 208us total 14.599ms
08-06 06:17:17.018 15430 15511 I art     : Starting a blocking GC Explicit
08-06 06:17:17.029 14692 15417 I Finsky  : [6470] dzn.a(22): Completed 0 account content syncs with 0 successful.
08-06 06:17:17.030 14692 14692 I Finsky  : [1] ContentSyncJob.a(1): [ContentSync] Installation state replication succeeded.
08-06 06:17:17.030 14692 14692 I Finsky  : [1] xlr.a(13): SCH: jobFinished: 12-1. TimeElapsed: 68ms.
08-06 06:17:17.031 14692 14692 I Finsky  : [1] xkg.a(36): SCH: Job 12-1 finished. Not rescheduling.
08-06 06:17:17.031 14692 14692 I Finsky  : [1] xkf.handleMessage(61): SCH: RunningQueue size: 0, PendingQueue size: 0
08-06 06:17:17.031 14692 14692 I Finsky  : [1] xkf.handleMessage(25): Executor finished
08-06 06:17:17.033 15430 15511 I art     : Explicit concurrent mark sweep GC freed 3(96B) AllocSpace objects, 0(0B) LOS objects, 40% free, 22MB/38MB, paused 210us total 15.212ms
08-06 06:17:17.052 14692 14692 I Finsky  : [1] xmu.a(8): SCH: Jobs in database: 1-1337 3-221 3-222 24-77777777 26-1414141414 
08-06 06:17:17.054 14692 14692 I Finsky  : [1] xio.a(57): SCH: ConstraintMapping: 24-77777777,  -> L: 0ms, D: 53573873ms, C: false, I: true, N: 0
08-06 06:17:17.054 14692 14692 I Finsky  : [1] xio.a(57): SCH: ConstraintMapping: 1-1337,  -> L: 13715864ms, D: 56915864ms, C: false, I: false, N: 1
08-06 06:17:17.055 14692 14692 I Finsky  : [1] xio.a(57): SCH: ConstraintMapping: 3-221,  -> L: 0ms, D: 75052372ms, C: false, I: true, N: 2
08-06 06:17:17.055 14692 14692 I Finsky  : [1] xio.a(57): SCH: ConstraintMapping: 3-222,  -> L: 0ms, D: 75052445ms, C: true, I: true, N: 2
08-06 06:17:17.056 14692 14692 I Finsky  : [1] xio.a(57): SCH: ConstraintMapping: 26-1414141414,  -> L: 18363766ms, D: 19263766ms, C: false, I: false, N: 0
08-06 06:17:17.065 14692 14692 I Finsky  : [1] xle.a(34): Cancelling existing jobscheduler jobs: 9018 9012 9013 9015 9017 9014 9019 9001 
08-06 06:17:17.065 14692 14692 I Finsky  : [1] xle.a(10): Throttling wakeup for job 9000 (expected to run in 0 ms) due to recent wakeup
08-06 06:17:17.065 14692 14692 I Finsky  : [1] xle.a(27): Scheduling job Id: 9000, L: 30000, D: 53573873, C: false, I: true, N: 0
08-06 06:17:17.067 14692 14692 I Finsky  : [1] xle.a(27): Scheduling job Id: 9002, L: 13715864, D: 56915864, C: false, I: false, N: 1
08-06 06:17:17.068 14692 14692 I Finsky  : [1] xle.a(10): Throttling wakeup for job 9003 (expected to run in 0 ms) due to recent wakeup
08-06 06:17:17.069 14692 14692 I Finsky  : [1] xle.a(27): Scheduling job Id: 9003, L: 30000, D: 75052372, C: false, I: true, N: 2
08-06 06:17:17.070 14692 14692 I Finsky  : [1] xle.a(10): Throttling wakeup for job 9004 (expected to run in 0 ms) due to recent wakeup
08-06 06:17:17.070 14692 14692 I Finsky  : [1] xle.a(27): Scheduling job Id: 9004, L: 30000, D: 75052445, C: true, I: true, N: 2
08-06 06:17:17.071 14692 14692 I Finsky  : [1] xle.a(27): Scheduling job Id: 9005, L: 18363766, D: 19263766, C: false, I: false, N: 0
08-06 06:17:17.073 14692 14692 I Finsky  : [1] xle.a(10): Throttling wakeup for job 9006 (expected to run in 0 ms) due to recent wakeup
08-06 06:17:17.073 14692 14692 I Finsky  : [1] xle.a(27): Scheduling job Id: 9006, L: 30000, D: 53573873, C: false, I: true, N: 0
08-06 06:17:17.074 14692 14692 I Finsky  : [1] xle.a(27): Scheduling job Id: 9007, L: 13715864, D: 56915864, C: false, I: false, N: 1
08-06 06:17:17.075 14692 14692 I Finsky  : [1] xle.a(10): Throttling wakeup for job 9008 (expected to run in 0 ms) due to recent wakeup
08-06 06:17:17.076 14692 14692 I Finsky  : [1] xle.a(27): Scheduling job Id: 9008, L: 30000, D: 75052372, C: false, I: true, N: 2
08-06 06:17:17.077 14692 14692 I Finsky  : [1] xle.a(10): Throttling wakeup for job 9009 (expected to run in 0 ms) due to recent wakeup
08-06 06:17:17.078 14692 14692 I Finsky  : [1] xle.a(27): Scheduling job Id: 9009, L: 30000, D: 75052445, C: true, I: true, N: 2
08-06 06:17:17.079 14692 14692 I Finsky  : [1] xle.a(27): Scheduling job Id: 9010, L: 18363766, D: 19263766, C: false, I: false, N: 0
08-06 06:17:17.279 13866 13882 I PeriodicStatsRunner: PeriodicStatsRunner.call():175 call()
08-06 06:17:17.280 13866 13882 I PeriodicStatsRunner: PeriodicStatsRunner.call():179 No submit PeriodicStats since input started.
08-06 06:17:17.295 15430 15446 I art     : Starting a blocking GC Explicit
08-06 06:17:17.313 15430 15446 I art     : Explicit concurrent mark sweep GC freed 1362(80KB) AllocSpace objects, 1(20KB) LOS objects, 40% free, 22MB/38MB, paused 220us total 18.092ms
08-06 06:17:17.321 15430 15446 I art     : Starting a blocking GC Explicit
08-06 06:17:17.338 15430 15446 I art     : Explicit concurrent mark sweep GC freed 23(752B) AllocSpace objects, 0(0B) LOS objects, 40% free, 22MB/38MB, paused 218us total 15.977ms
08-06 06:17:17.345 15430 15446 I art     : Starting a blocking GC Explicit
08-06 06:17:17.351 16122 16122 D AndroidRuntime: >>>>>> START com.android.internal.os.RuntimeInit uid 2000 <<<<<<
08-06 06:17:17.355 16122 16122 D AndroidRuntime: CheckJNI is OFF
08-06 06:17:17.362 15430 15446 I art     : Explicit concurrent mark sweep GC freed 3(96B) AllocSpace objects, 0(0B) LOS objects, 40% free, 22MB/38MB, paused 222us total 16.039ms
08-06 06:17:17.369 15430 15446 I art     : Starting a blocking GC Explicit
08-06 06:17:17.385 15430 15446 I art     : Explicit concurrent mark sweep GC freed 3(96B) AllocSpace objects, 0(0B) LOS objects, 40% free, 22MB/38MB, paused 215us total 15.641ms
08-06 06:17:17.389 16122 16122 D ICU     : No timezone override file found: /data/misc/zoneinfo/current/icu/icu_tzdata.dat
08-06 06:17:17.393 15430 15446 I art     : Starting a blocking GC Explicit
08-06 06:17:17.408 15430 15446 I art     : Explicit concurrent mark sweep GC freed 3(96B) AllocSpace objects, 0(0B) LOS objects, 40% free, 22MB/38MB, paused 264us total 14.701ms
08-06 06:17:17.421 16122 16122 I Radio-JNI: register_android_hardware_Radio DONE
08-06 06:17:17.441 16122 16122 D AndroidRuntime: Calling main entry com.android.commands.input.Input
08-06 06:17:17.443 16122 16122 I Input   : injectMotionEvent: MotionEvent { action=ACTION_DOWN, actionButton=0, id[0]=0, x[0]=567.0, y[0]=714.0, toolType[0]=TOOL_TYPE_UNKNOWN, buttonState=0, metaState=0, flags=0x0, edgeFlags=0x0, pointerCount=1, historySize=0, eventTime=857853856, downTime=857853856, deviceId=0, source=0x1002 }
08-06 06:17:17.447 16122 16122 I Input   : injectMotionEvent: MotionEvent { action=ACTION_UP, actionButton=0, id[0]=0, x[0]=567.0, y[0]=714.0, toolType[0]=TOOL_TYPE_UNKNOWN, buttonState=0, metaState=0, flags=0x0, edgeFlags=0x0, pointerCount=1, historySize=0, eventTime=857853856, downTime=857853856, deviceId=0, source=0x1002 }
08-06 06:17:17.448 16122 16122 D AndroidRuntime: Shutting down VM
08-06 06:17:17.465   512  2967 D audio_hw_primary: out_set_parameters: enter: usecase(1: low-latency-playback) kvpairs: routing=2
08-06 06:17:17.478   512  2967 D audio_hw_primary: select_devices: out_snd_device(2: speaker) in_snd_device(0: none)
08-06 06:17:17.478   512  2967 D msm8974_platform: platform_send_audio_calibration: sending audio calibration for snd_device(2) acdb_id(15)
08-06 06:17:17.478   512  2967 I soundtrigger: audio_extn_sound_trigger_update_device_status: device 0x2 of type 0 for Event 1
08-06 06:17:17.487 15430 15963 D AntennapodHttpClient: Creating new instance of HTTP client
08-06 06:17:17.488   512  2967 D audio_hw_primary: enable_snd_device: snd_device(2: speaker)
08-06 06:17:17.490   512  2967 D audio_hw_primary: enable_audio_route: apply and update mixer path: low-latency-playback speaker
08-06 06:17:17.498 13866 13866 I GoogleInputMethodServic: GoogleInputMethodService.onFinishInput():3138 
08-06 06:17:17.499 13866 13866 I GoogleInputMethodServic: GoogleInputMethodService.onStartInput():1808 
08-06 06:17:17.633 15430 15446 I art     : Starting a blocking GC Explicit
08-06 06:17:17.654 15430 15446 I art     : Explicit concurrent mark sweep GC freed 8331(521KB) AllocSpace objects, 3(140KB) LOS objects, 40% free, 23MB/39MB, paused 374us total 20.846ms
08-06 06:17:17.663 15430 15446 I art     : Starting a blocking GC Explicit
08-06 06:17:17.681 15430 15446 I art     : Explicit concurrent mark sweep GC freed 3968(261KB) AllocSpace objects, 2(300KB) LOS objects, 40% free, 23MB/39MB, paused 625us total 18.317ms
08-06 06:17:17.690 15430 15446 I art     : Starting a blocking GC Explicit
08-06 06:17:17.708 15430 15446 I art     : Explicit concurrent mark sweep GC freed 2481(106KB) AllocSpace objects, 0(0B) LOS objects, 40% free, 23MB/39MB, paused 365us total 18.095ms
08-06 06:17:17.716 15430 15446 I art     : Starting a blocking GC Explicit
08-06 06:17:17.733 15430 15446 I art     : Explicit concurrent mark sweep GC freed 41(1856B) AllocSpace objects, 0(0B) LOS objects, 40% free, 23MB/39MB, paused 321us total 17.518ms
08-06 06:17:17.741 15430 15446 I art     : Starting a blocking GC Explicit
08-06 06:17:17.758 15430 15446 I art     : Explicit concurrent mark sweep GC freed 14(512B) AllocSpace objects, 0(0B) LOS objects, 40% free, 23MB/39MB, paused 325us total 16.937ms
08-06 06:17:17.844 15430 15963 I NAPPA_EXPERIMENTATION: MetricNetworkRequestExecutionTime: REQUEST_DURATION_SYSTEM='340',REQUEST_DURATION_OKHTTP='156',REQUEST_SYNCHRONOUS='TRUE',RESPONSE_CODE='400',RESPONSE_METHOD='GET',RESPONSE_LENGTH_OKHTTP='0',RESPONSE_LENGTH_HEADER='0',REQUEST_PROTOCOL='h2',REQUEST_URL='https://itunes.apple.com/en/rss/toppodcasts/limit=25/explicit=true/json',
08-06 06:17:17.984 15430 15963 I NAPPA_EXPERIMENTATION: MetricNetworkRequestExecutionTime: REQUEST_DURATION_SYSTEM='139',REQUEST_DURATION_OKHTTP='137',REQUEST_SYNCHRONOUS='TRUE',RESPONSE_CODE='200',RESPONSE_METHOD='GET',RESPONSE_LENGTH_OKHTTP='-1',RESPONSE_LENGTH_HEADER='10075',REQUEST_PROTOCOL='h2',REQUEST_URL='https://itunes.apple.com/us/rss/toppodcasts/limit=25/explicit=true/json',
08-06 06:17:18.000 15430 15446 I art     : Starting a blocking GC Explicit
08-06 06:17:18.022 15430 15446 I art     : Explicit concurrent mark sweep GC freed 4479(296KB) AllocSpace objects, 4(272KB) LOS objects, 40% free, 23MB/39MB, paused 319us total 21.516ms
08-06 06:17:18.029   512  2967 D audio_hw_primary: disable_audio_route: reset and update mixer path: low-latency-playback speaker
08-06 06:17:18.030 15430 15446 I art     : Starting a blocking GC Explicit
08-06 06:17:18.033   512  2967 D audio_hw_primary: disable_snd_device: snd_device(2: speaker)
08-06 06:17:18.040   512  2967 I soundtrigger: audio_extn_sound_trigger_update_device_status: device 0x2 of type 0 for Event 0
08-06 06:17:18.052 15430 15446 I art     : Explicit concurrent mark sweep GC freed 6091(278KB) AllocSpace objects, 1(100KB) LOS objects, 40% free, 23MB/39MB, paused 1.182ms total 21.863ms
08-06 06:17:18.059 15430 15430 D AntennapodHttpClient: Creating new instance of HTTP client
08-06 06:17:18.061 15430 15446 I art     : Starting a blocking GC Explicit
08-06 06:17:18.074 15430 16171 D ApOkHttpUrlLoader: buildLoadData() called with: model = [https://is4-ssl.mzstatic.com/image/thumb/Podcasts114/v4/3f/16/74/3f167426-bf50-ce3a-d709-e4301620fc5b/mza_5832671293059882550.jpeg/170x170bb.png], width = [224], height = [224]
08-06 06:17:18.079 15430 16172 D ApOkHttpUrlLoader: buildLoadData() called with: model = [https://is4-ssl.mzstatic.com/image/thumb/Podcasts113/v4/e5/8a/10/e58a108f-f5d0-f622-c94a-13f66edd570c/mza_3025981348644196724.jpg/170x170bb.png], width = [224], height = [224]
08-06 06:17:18.082 15430 16173 D ApOkHttpUrlLoader: buildLoadData() called with: model = [https://is2-ssl.mzstatic.com/image/thumb/Podcasts113/v4/a9/39/cc/a939ccc5-6d60-0c11-0a4c-16d71cdef89b/mza_8787577209688278658.jpg/170x170bb.png], width = [224], height = [224]
08-06 06:17:18.088 15430 16176 D ApOkHttpUrlLoader: buildLoadData() called with: model = [https://is5-ssl.mzstatic.com/image/thumb/Podcasts114/v4/93/cf/99/93cf9960-fff3-205e-6655-72c03ddeccb2/mza_10545582232493904175.jpeg/170x170bb.png], width = [224], height = [224]
08-06 06:17:18.089 15430 16177 D DBReader: getImageAuthentication() called with: imageUrl = [https://is4-ssl.mzstatic.com/image/thumb/Podcasts114/v4/3f/16/74/3f167426-bf50-ce3a-d709-e4301620fc5b/mza_5832671293059882550.jpeg/170x170bb.png]
08-06 06:17:18.089 15430 16175 D DBReader: getImageAuthentication() called with: imageUrl = [https://is4-ssl.mzstatic.com/image/thumb/Podcasts113/v4/e5/8a/10/e58a108f-f5d0-f622-c94a-13f66edd570c/mza_3025981348644196724.jpg/170x170bb.png]
08-06 06:17:18.089 15430 16174 D DBReader: getImageAuthentication() called with: imageUrl = [https://is2-ssl.mzstatic.com/image/thumb/Podcasts113/v4/a9/39/cc/a939ccc5-6d60-0c11-0a4c-16d71cdef89b/mza_8787577209688278658.jpg/170x170bb.png]
08-06 06:17:18.089 15430 15446 I art     : Explicit concurrent mark sweep GC freed 2597(176KB) AllocSpace objects, 0(0B) LOS objects, 39% free, 24MB/40MB, paused 2.150ms total 27.693ms
08-06 06:17:18.090 15430 16178 D DBReader: getImageAuthentication() called with: imageUrl = [https://is5-ssl.mzstatic.com/image/thumb/Podcasts114/v4/93/cf/99/93cf9960-fff3-205e-6655-72c03ddeccb2/mza_10545582232493904175.jpeg/170x170bb.png]
08-06 06:17:18.092 15430 16173 D ApOkHttpUrlLoader: buildLoadData() called with: model = [https://is4-ssl.mzstatic.com/image/thumb/Podcasts124/v4/49/a4/91/49a491b7-3daf-c5dc-d7c6-6c4f1486955c/mza_5930014091766152297.png/170x170bb.png], width = [224], height = [224]
08-06 06:17:18.092 15430 16175 D ApOkHttpUrlLoader: no credentials for 'https://is4-ssl.mzstatic.com/image/thumb/Podcasts113/v4/e5/8a/10/e58a108f-f5d0-f622-c94a-13f66edd570c/mza_3025981348644196724.jpg/170x170bb.png'
08-06 06:17:18.093 15430 16174 D ApOkHttpUrlLoader: no credentials for 'https://is2-ssl.mzstatic.com/image/thumb/Podcasts113/v4/a9/39/cc/a939ccc5-6d60-0c11-0a4c-16d71cdef89b/mza_8787577209688278658.jpg/170x170bb.png'
08-06 06:17:18.094 15430 16179 D DBReader: getImageAuthentication() called with: imageUrl = [https://is4-ssl.mzstatic.com/image/thumb/Podcasts124/v4/49/a4/91/49a491b7-3daf-c5dc-d7c6-6c4f1486955c/mza_5930014091766152297.png/170x170bb.png]
08-06 06:17:18.094 15430 16177 D ApOkHttpUrlLoader: no credentials for 'https://is4-ssl.mzstatic.com/image/thumb/Podcasts114/v4/3f/16/74/3f167426-bf50-ce3a-d709-e4301620fc5b/mza_5832671293059882550.jpeg/170x170bb.png'
08-06 06:17:18.095 15430 16178 D ApOkHttpUrlLoader: no credentials for 'https://is5-ssl.mzstatic.com/image/thumb/Podcasts114/v4/93/cf/99/93cf9960-fff3-205e-6655-72c03ddeccb2/mza_10545582232493904175.jpeg/170x170bb.png'
08-06 06:17:18.095 15430 16172 D ApOkHttpUrlLoader: buildLoadData() called with: model = [https://is5-ssl.mzstatic.com/image/thumb/Podcasts113/v4/fd/54/6e/fd546ea0-7ab2-e3f0-6049-884d82917af9/mza_4855349695799758348.jpeg/170x170bb.png], width = [224], height = [224]
08-06 06:17:18.095 15430 16179 D ApOkHttpUrlLoader: no credentials for 'https://is4-ssl.mzstatic.com/image/thumb/Podcasts124/v4/49/a4/91/49a491b7-3daf-c5dc-d7c6-6c4f1486955c/mza_5930014091766152297.png/170x170bb.png'
08-06 06:17:18.098 15430 16180 D DBReader: getImageAuthentication() called with: imageUrl = [https://is5-ssl.mzstatic.com/image/thumb/Podcasts113/v4/fd/54/6e/fd546ea0-7ab2-e3f0-6049-884d82917af9/mza_4855349695799758348.jpeg/170x170bb.png]
08-06 06:17:18.098 15430 15446 I art     : Starting a blocking GC Explicit
08-06 06:17:18.100 15430 16180 D ApOkHttpUrlLoader: no credentials for 'https://is5-ssl.mzstatic.com/image/thumb/Podcasts113/v4/fd/54/6e/fd546ea0-7ab2-e3f0-6049-884d82917af9/mza_4855349695799758348.jpeg/170x170bb.png'
08-06 06:17:18.101 15430 16171 D ApOkHttpUrlLoader: buildLoadData() called with: model = [https://is2-ssl.mzstatic.com/image/thumb/Podcasts114/v4/b3/4c/cf/b34ccfc2-cea4-1ca1-0fad-7793af301cc5/mza_2466085192629456364.jpg/170x170bb.png], width = [224], height = [224]
08-06 06:17:18.104 15430 16181 D DBReader: getImageAuthentication() called with: imageUrl = [https://is2-ssl.mzstatic.com/image/thumb/Podcasts114/v4/b3/4c/cf/b34ccfc2-cea4-1ca1-0fad-7793af301cc5/mza_2466085192629456364.jpg/170x170bb.png]
08-06 06:17:18.107 15430 16181 D ApOkHttpUrlLoader: no credentials for 'https://is2-ssl.mzstatic.com/image/thumb/Podcasts114/v4/b3/4c/cf/b34ccfc2-cea4-1ca1-0fad-7793af301cc5/mza_2466085192629456364.jpg/170x170bb.png'
08-06 06:17:18.119 15430 15446 I art     : Explicit concurrent mark sweep GC freed 2019(179KB) AllocSpace objects, 0(0B) LOS objects, 39% free, 24MB/40MB, paused 733us total 21.445ms
08-06 06:17:18.127 15430 15446 I art     : Starting a blocking GC Explicit
08-06 06:17:18.146 15430 15446 I art     : Explicit concurrent mark sweep GC freed 422(28KB) AllocSpace objects, 0(0B) LOS objects, 39% free, 24MB/40MB, paused 646us total 18.927ms
08-06 06:17:18.423 15430 15447 I art     : Starting a blocking GC Explicit
08-06 06:17:18.448 15430 15447 I art     : Explicit concurrent mark sweep GC freed 28473(1434KB) AllocSpace objects, 4(220KB) LOS objects, 39% free, 24MB/40MB, paused 761us total 24.992ms
08-06 06:17:18.456 15430 15447 I art     : Starting a blocking GC Explicit
08-06 06:17:18.477 15430 15447 I art     : Explicit concurrent mark sweep GC freed 1522(135KB) AllocSpace objects, 0(0B) LOS objects, 39% free, 24MB/40MB, paused 740us total 20.443ms
08-06 06:17:18.485 15430 15447 I art     : Starting a blocking GC Explicit
08-06 06:17:18.505 15430 15447 I art     : Explicit concurrent mark sweep GC freed 3(96B) AllocSpace objects, 0(0B) LOS objects, 39% free, 24MB/40MB, paused 721us total 19.928ms
08-06 06:17:18.513 15430 15447 I art     : Starting a blocking GC Explicit
08-06 06:17:18.520 15430 16174 D MYTAG   : interceptor 2a
08-06 06:17:18.520 15430 16174 I NAPPA_EXPERIMENTATION: MetricNetworkRequestExecutionTime: REQUEST_DURATION_SYSTEM='426',REQUEST_DURATION_OKHTTP='199',REQUEST_SYNCHRONOUS='TRUE',RESPONSE_CODE='200',RESPONSE_METHOD='GET',RESPONSE_LENGTH_OKHTTP='48239',RESPONSE_LENGTH_HEADER='48239',REQUEST_PROTOCOL='h2',REQUEST_URL='https://is2-ssl.mzstatic.com/image/thumb/Podcasts113/v4/a9/39/cc/a939ccc5-6d60-0c11-0a4c-16d71cdef89b/mza_8787577209688278658.jpg/170x170bb.png',
08-06 06:17:18.534 15430 15447 I art     : Explicit concurrent mark sweep GC freed 699(42KB) AllocSpace objects, 0(0B) LOS objects, 39% free, 24MB/40MB, paused 809us total 20.947ms
08-06 06:17:18.542 15430 15447 I art     : Starting a blocking GC Explicit
08-06 06:17:18.563 15430 15447 I art     : Explicit concurrent mark sweep GC freed 59(6KB) AllocSpace objects, 0(0B) LOS objects, 39% free, 24MB/40MB, paused 809us total 21.337ms
08-06 06:17:18.586 15430 16180 D MYTAG   : interceptor 2a
08-06 06:17:18.586 15430 16180 I NAPPA_EXPERIMENTATION: MetricNetworkRequestExecutionTime: REQUEST_DURATION_SYSTEM='486',REQUEST_DURATION_OKHTTP='255',REQUEST_SYNCHRONOUS='TRUE',RESPONSE_CODE='200',RESPONSE_METHOD='GET',RESPONSE_LENGTH_OKHTTP='54835',RESPONSE_LENGTH_HEADER='54835',REQUEST_PROTOCOL='h2',REQUEST_URL='https://is5-ssl.mzstatic.com/image/thumb/Podcasts113/v4/fd/54/6e/fd546ea0-7ab2-e3f0-6049-884d82917af9/mza_4855349695799758348.jpeg/170x170bb.png',
08-06 06:17:18.598 15430 16181 D MYTAG   : interceptor 2a
08-06 06:17:18.598 15430 16181 I NAPPA_EXPERIMENTATION: MetricNetworkRequestExecutionTime: REQUEST_DURATION_SYSTEM='491',REQUEST_DURATION_OKHTTP='260',REQUEST_SYNCHRONOUS='TRUE',RESPONSE_CODE='200',RESPONSE_METHOD='GET',RESPONSE_LENGTH_OKHTTP='42299',RESPONSE_LENGTH_HEADER='42299',REQUEST_PROTOCOL='h2',REQUEST_URL='https://is2-ssl.mzstatic.com/image/thumb/Podcasts114/v4/b3/4c/cf/b34ccfc2-cea4-1ca1-0fad-7793af301cc5/mza_2466085192629456364.jpg/170x170bb.png',
08-06 06:17:18.610 15430 16177 D MYTAG   : interceptor 2a
08-06 06:17:18.611 15430 16177 I NAPPA_EXPERIMENTATION: MetricNetworkRequestExecutionTime: REQUEST_DURATION_SYSTEM='516',REQUEST_DURATION_OKHTTP='278',REQUEST_SYNCHRONOUS='TRUE',RESPONSE_CODE='200',RESPONSE_METHOD='GET',RESPONSE_LENGTH_OKHTTP='26177',RESPONSE_LENGTH_HEADER='26177',REQUEST_PROTOCOL='h2',REQUEST_URL='https://is4-ssl.mzstatic.com/image/thumb/Podcasts114/v4/3f/16/74/3f167426-bf50-ce3a-d709-e4301620fc5b/mza_5832671293059882550.jpeg/170x170bb.png',
08-06 06:17:18.623 15430 16179 D MYTAG   : interceptor 2a
08-06 06:17:18.623 15430 16179 I NAPPA_EXPERIMENTATION: MetricNetworkRequestExecutionTime: REQUEST_DURATION_SYSTEM='527',REQUEST_DURATION_OKHTTP='285',REQUEST_SYNCHRONOUS='TRUE',RESPONSE_CODE='200',RESPONSE_METHOD='GET',RESPONSE_LENGTH_OKHTTP='12000',RESPONSE_LENGTH_HEADER='12000',REQUEST_PROTOCOL='h2',REQUEST_URL='https://is4-ssl.mzstatic.com/image/thumb/Podcasts124/v4/49/a4/91/49a491b7-3daf-c5dc-d7c6-6c4f1486955c/mza_5930014091766152297.png/170x170bb.png',
08-06 06:17:18.627 15430 16175 D MYTAG   : interceptor 2a
08-06 06:17:18.627 15430 16175 I NAPPA_EXPERIMENTATION: MetricNetworkRequestExecutionTime: REQUEST_DURATION_SYSTEM='535',REQUEST_DURATION_OKHTTP='289',REQUEST_SYNCHRONOUS='TRUE',RESPONSE_CODE='200',RESPONSE_METHOD='GET',RESPONSE_LENGTH_OKHTTP='45995',RESPONSE_LENGTH_HEADER='45995',REQUEST_PROTOCOL='h2',REQUEST_URL='https://is4-ssl.mzstatic.com/image/thumb/Podcasts113/v4/e5/8a/10/e58a108f-f5d0-f622-c94a-13f66edd570c/mza_3025981348644196724.jpg/170x170bb.png',
08-06 06:17:18.641 15430 16178 D MYTAG   : interceptor 2a
08-06 06:17:18.641 15430 16178 I NAPPA_EXPERIMENTATION: MetricNetworkRequestExecutionTime: REQUEST_DURATION_SYSTEM='546',REQUEST_DURATION_OKHTTP='301',REQUEST_SYNCHRONOUS='TRUE',RESPONSE_CODE='200',RESPONSE_METHOD='GET',RESPONSE_LENGTH_OKHTTP='22351',RESPONSE_LENGTH_HEADER='22351',REQUEST_PROTOCOL='h2',REQUEST_URL='https://is5-ssl.mzstatic.com/image/thumb/Podcasts114/v4/93/cf/99/93cf9960-fff3-205e-6655-72c03ddeccb2/mza_10545582232493904175.jpeg/170x170bb.png',
08-06 06:17:18.826 15430 15447 I art     : Starting a blocking GC Explicit
08-06 06:17:18.849 15430 15447 I art     : Explicit concurrent mark sweep GC freed 4281(258KB) AllocSpace objects, 1(20KB) LOS objects, 38% free, 25MB/41MB, paused 564us total 23.191ms
08-06 06:17:18.858 15430 15447 I art     : Starting a blocking GC Explicit
08-06 06:17:18.880 15430 15447 I art     : Explicit concurrent mark sweep GC freed 51(2672B) AllocSpace objects, 0(0B) LOS objects, 38% free, 25MB/41MB, paused 528us total 21.829ms
08-06 06:17:18.889 15430 15447 I art     : Starting a blocking GC Explicit
08-06 06:17:18.911 15430 15447 I art     : Explicit concurrent mark sweep GC freed 3(96B) AllocSpace objects, 0(0B) LOS objects, 38% free, 25MB/41MB, paused 551us total 22.185ms
08-06 06:17:18.920 15430 15447 I art     : Starting a blocking GC Explicit
08-06 06:17:18.943 15430 15447 I art     : Explicit concurrent mark sweep GC freed 3(96B) AllocSpace objects, 0(0B) LOS objects, 38% free, 25MB/41MB, paused 550us total 22.331ms
08-06 06:17:18.951 15430 15447 I art     : Starting a blocking GC Explicit
08-06 06:17:18.974 15430 15447 I art     : Explicit concurrent mark sweep GC freed 3(96B) AllocSpace objects, 0(0B) LOS objects, 38% free, 25MB/41MB, paused 659us total 22.101ms
08-06 06:17:18.998 13866 13882 I PeriodicStatsRunner: PeriodicStatsRunner.call():175 call()
08-06 06:17:18.998 13866 13882 I PeriodicStatsRunner: PeriodicStatsRunner.call():179 No submit PeriodicStats since input started.
08-06 06:17:19.266 15430 15511 I art     : Starting a blocking GC Explicit
08-06 06:17:19.294 15430 15511 I art     : Explicit concurrent mark sweep GC freed 1363(80KB) AllocSpace objects, 1(20KB) LOS objects, 38% free, 25MB/41MB, paused 599us total 27.944ms
08-06 06:17:19.305 15430 15511 I art     : Starting a blocking GC Explicit
08-06 06:17:19.328 15430 15511 I art     : Explicit concurrent mark sweep GC freed 23(752B) AllocSpace objects, 0(0B) LOS objects, 38% free, 25MB/41MB, paused 585us total 22.960ms
08-06 06:17:19.337 15430 15511 I art     : Starting a blocking GC Explicit
08-06 06:17:19.359 15430 15511 I art     : Explicit concurrent mark sweep GC freed 3(96B) AllocSpace objects, 0(0B) LOS objects, 38% free, 25MB/41MB, paused 515us total 21.735ms
08-06 06:17:19.367 15430 15511 I art     : Starting a blocking GC Explicit
08-06 06:17:19.390 15430 15511 I art     : Explicit concurrent mark sweep GC freed 3(96B) AllocSpace objects, 0(0B) LOS objects, 38% free, 25MB/41MB, paused 566us total 22.158ms
08-06 06:17:19.398 15430 15511 I art     : Starting a blocking GC Explicit
08-06 06:17:19.421 15430 15511 I art     : Explicit concurrent mark sweep GC freed 3(96B) AllocSpace objects, 0(0B) LOS objects, 38% free, 25MB/41MB, paused 560us total 22.274ms
08-06 06:17:19.746 15430 15511 I art     : Starting a blocking GC Explicit
08-06 06:17:19.772 15430 15511 I art     : Explicit concurrent mark sweep GC freed 1409(81KB) AllocSpace objects, 1(20KB) LOS objects, 38% free, 25MB/41MB, paused 641us total 25.335ms
08-06 06:17:19.782 15430 15511 I art     : Starting a blocking GC Explicit
08-06 06:17:19.806 15430 15511 I art     : Explicit concurrent mark sweep GC freed 28(912B) AllocSpace objects, 0(0B) LOS objects, 38% free, 25MB/41MB, paused 639us total 24.623ms
08-06 06:17:19.816 15430 15511 I art     : Starting a blocking GC Explicit
08-06 06:17:19.839 15430 15511 I art     : Explicit concurrent mark sweep GC freed 6(192B) AllocSpace objects, 0(0B) LOS objects, 38% free, 25MB/41MB, paused 559us total 22.099ms
08-06 06:17:19.848 15430 15511 I art     : Starting a blocking GC Explicit
08-06 06:17:19.869 15430 15511 I art     : Explicit concurrent mark sweep GC freed 8(256B) AllocSpace objects, 0(0B) LOS objects, 38% free, 25MB/41MB, paused 515us total 21.086ms
08-06 06:17:19.878 15430 15511 I art     : Starting a blocking GC Explicit
08-06 06:17:19.898 15430 15511 I art     : Explicit concurrent mark sweep GC freed 3(96B) AllocSpace objects, 0(0B) LOS objects, 38% free, 25MB/41MB, paused 816us total 20.437ms
08-06 06:17:20.215 15430 15446 I art     : Starting a blocking GC Explicit
08-06 06:17:20.243 15430 15446 I art     : Explicit concurrent mark sweep GC freed 1363(80KB) AllocSpace objects, 1(20KB) LOS objects, 38% free, 25MB/41MB, paused 596us total 28.026ms
08-06 06:17:20.254 15430 15446 I art     : Starting a blocking GC Explicit
08-06 06:17:20.277 15430 15446 I art     : Explicit concurrent mark sweep GC freed 23(752B) AllocSpace objects, 0(0B) LOS objects, 38% free, 25MB/41MB, paused 567us total 22.631ms
08-06 06:17:20.286 15430 15446 I art     : Starting a blocking GC Explicit
08-06 06:17:20.308 15430 15446 I art     : Explicit concurrent mark sweep GC freed 3(96B) AllocSpace objects, 0(0B) LOS objects, 38% free, 25MB/41MB, paused 545us total 22.242ms
08-06 06:17:20.317 15430 15446 I art     : Starting a blocking GC Explicit
08-06 06:17:20.339 15430 15446 I art     : Explicit concurrent mark sweep GC freed 3(96B) AllocSpace objects, 0(0B) LOS objects, 38% free, 25MB/41MB, paused 529us total 21.621ms
08-06 06:17:20.347 15430 15446 I art     : Starting a blocking GC Explicit
08-06 06:17:20.370 15430 15446 I art     : Explicit concurrent mark sweep GC freed 3(96B) AllocSpace objects, 0(0B) LOS objects, 38% free, 25MB/41MB, paused 527us total 22.395ms
08-06 06:17:20.693 15430 15511 I art     : Starting a blocking GC Explicit
08-06 06:17:20.722 15430 15511 I art     : Explicit concurrent mark sweep GC freed 1392(80KB) AllocSpace objects, 1(20KB) LOS objects, 38% free, 25MB/41MB, paused 597us total 28.362ms
08-06 06:17:20.735 15430 15511 I art     : Starting a blocking GC Explicit
08-06 06:17:20.758 15430 15511 I art     : Explicit concurrent mark sweep GC freed 23(752B) AllocSpace objects, 0(0B) LOS objects, 38% free, 25MB/41MB, paused 583us total 22.638ms
08-06 06:17:20.767 15430 15511 I art     : Starting a blocking GC Explicit
08-06 06:17:20.789 15430 15511 I art     : Explicit concurrent mark sweep GC freed 3(96B) AllocSpace objects, 0(0B) LOS objects, 38% free, 25MB/41MB, paused 544us total 22.363ms
08-06 06:17:20.798 15430 15511 I art     : Starting a blocking GC Explicit
08-06 06:17:20.820 15430 15511 I art     : Explicit concurrent mark sweep GC freed 3(96B) AllocSpace objects, 0(0B) LOS objects, 38% free, 25MB/41MB, paused 565us total 22.039ms
08-06 06:17:20.829 15430 15511 I art     : Starting a blocking GC Explicit
08-06 06:17:20.851 15430 15511 I art     : Explicit concurrent mark sweep GC freed 3(96B) AllocSpace objects, 0(0B) LOS objects, 38% free, 25MB/41MB, paused 552us total 22.110ms
08-06 06:17:21.166 15430 15447 I art     : Starting a blocking GC Explicit
08-06 06:17:21.193 15430 15447 I art     : Explicit concurrent mark sweep GC freed 1363(80KB) AllocSpace objects, 1(20KB) LOS objects, 38% free, 25MB/41MB, paused 599us total 27.146ms
08-06 06:17:21.205 15430 15447 I art     : Starting a blocking GC Explicit
08-06 06:17:21.228 15430 15447 I art     : Explicit concurrent mark sweep GC freed 23(752B) AllocSpace objects, 0(0B) LOS objects, 38% free, 25MB/41MB, paused 574us total 22.749ms
08-06 06:17:21.237 15430 15447 I art     : Starting a blocking GC Explicit
08-06 06:17:21.248 13866 13882 I PeriodicStatsRunner: PeriodicStatsRunner.call():175 call()
08-06 06:17:21.248 13866 13882 I PeriodicStatsRunner: PeriodicStatsRunner.call():179 No submit PeriodicStats since input started.
08-06 06:17:21.260 15430 15447 I art     : Explicit concurrent mark sweep GC freed 3(96B) AllocSpace objects, 0(0B) LOS objects, 38% free, 25MB/41MB, paused 550us total 22.655ms
08-06 06:17:21.269 15430 15447 I art     : Starting a blocking GC Explicit
08-06 06:17:21.291 15430 15447 I art     : Explicit concurrent mark sweep GC freed 3(96B) AllocSpace objects, 0(0B) LOS objects, 38% free, 25MB/41MB, paused 537us total 22.025ms
08-06 06:17:21.300 15430 15447 I art     : Starting a blocking GC Explicit
08-06 06:17:21.322 15430 15447 I art     : Explicit concurrent mark sweep GC freed 3(96B) AllocSpace objects, 0(0B) LOS objects, 38% free, 25MB/41MB, paused 562us total 22.236ms
08-06 06:17:21.631 15430 15446 I art     : Starting a blocking GC Explicit
08-06 06:17:21.659 15430 15446 I art     : Explicit concurrent mark sweep GC freed 1392(80KB) AllocSpace objects, 1(20KB) LOS objects, 38% free, 25MB/41MB, paused 600us total 28.026ms
08-06 06:17:21.671 15430 15446 I art     : Starting a blocking GC Explicit
08-06 06:17:21.693 15430 15446 I art     : Explicit concurrent mark sweep GC freed 23(752B) AllocSpace objects, 0(0B) LOS objects, 38% free, 25MB/41MB, paused 552us total 22.143ms
08-06 06:17:21.702 15430 15446 I art     : Starting a blocking GC Explicit
08-06 06:17:21.725 15430 15446 I art     : Explicit concurrent mark sweep GC freed 3(96B) AllocSpace objects, 0(0B) LOS objects, 38% free, 25MB/41MB, paused 541us total 22.799ms
08-06 06:17:21.734 15430 15446 I art     : Starting a blocking GC Explicit
08-06 06:17:21.757 15430 15446 I art     : Explicit concurrent mark sweep GC freed 3(96B) AllocSpace objects, 0(0B) LOS objects, 38% free, 25MB/41MB, paused 686us total 22.949ms
08-06 06:17:21.766 15430 15446 I art     : Starting a blocking GC Explicit
08-06 06:17:21.788 15430 15446 I art     : Explicit concurrent mark sweep GC freed 3(96B) AllocSpace objects, 0(0B) LOS objects, 38% free, 25MB/41MB, paused 565us total 22.109ms
08-06 06:17:22.124 15430 15511 I art     : Starting a blocking GC Explicit
08-06 06:17:22.156 15430 15511 I art     : Explicit concurrent mark sweep GC freed 1363(80KB) AllocSpace objects, 1(20KB) LOS objects, 38% free, 25MB/41MB, paused 609us total 31.005ms
08-06 06:17:22.168 15430 15511 I art     : Starting a blocking GC Explicit
08-06 06:17:22.190 15430 15511 I art     : Explicit concurrent mark sweep GC freed 23(752B) AllocSpace objects, 0(0B) LOS objects, 38% free, 25MB/41MB, paused 554us total 21.500ms
08-06 06:17:22.198 15430 15511 I art     : Starting a blocking GC Explicit
08-06 06:17:22.220 15430 15511 I art     : Explicit concurrent mark sweep GC freed 3(96B) AllocSpace objects, 0(0B) LOS objects, 38% free, 25MB/41MB, paused 544us total 21.952ms
08-06 06:17:22.229 15430 15511 I art     : Starting a blocking GC Explicit
08-06 06:17:22.251 15430 15511 I art     : Explicit concurrent mark sweep GC freed 3(96B) AllocSpace objects, 0(0B) LOS objects, 38% free, 25MB/41MB, paused 547us total 22.124ms
08-06 06:17:22.260 15430 15511 I art     : Starting a blocking GC Explicit
08-06 06:17:22.282 15430 15511 I art     : Explicit concurrent mark sweep GC freed 3(96B) AllocSpace objects, 0(0B) LOS objects, 38% free, 25MB/41MB, paused 603us total 22.205ms
08-06 06:17:22.499 13866 13882 I PeriodicStatsRunner: PeriodicStatsRunner.call():175 call()
08-06 06:17:22.499 13866 13882 I PeriodicStatsRunner: PeriodicStatsRunner.call():179 No submit PeriodicStats since input started.
08-06 06:17:22.617 15430 15447 I art     : Starting a blocking GC Explicit
08-06 06:17:22.650 15430 15447 I art     : Explicit concurrent mark sweep GC freed 1392(80KB) AllocSpace objects, 1(20KB) LOS objects, 38% free, 25MB/41MB, paused 602us total 32.734ms
08-06 06:17:22.662 15430 15447 I art     : Starting a blocking GC Explicit
08-06 06:17:22.685 15430 15447 I art     : Explicit concurrent mark sweep GC freed 23(752B) AllocSpace objects, 0(0B) LOS objects, 38% free, 25MB/41MB, paused 628us total 22.427ms
08-06 06:17:22.694 15430 15447 I art     : Starting a blocking GC Explicit
08-06 06:17:22.716 15430 15447 I art     : Explicit concurrent mark sweep GC freed 3(96B) AllocSpace objects, 0(0B) LOS objects, 38% free, 25MB/41MB, paused 591us total 22.215ms
08-06 06:17:22.725 15430 15447 I art     : Starting a blocking GC Explicit
08-06 06:17:22.747 15430 15447 I art     : Explicit concurrent mark sweep GC freed 3(96B) AllocSpace objects, 0(0B) LOS objects, 38% free, 25MB/41MB, paused 658us total 22.280ms
08-06 06:17:22.756 15430 15447 I art     : Starting a blocking GC Explicit
08-06 06:17:22.779 15430 15447 I art     : Explicit concurrent mark sweep GC freed 3(96B) AllocSpace objects, 0(0B) LOS objects, 38% free, 25MB/41MB, paused 543us total 22.344ms
08-06 06:17:23.114 15430 15446 I art     : Starting a blocking GC Explicit
08-06 06:17:23.145 15430 15446 I art     : Explicit concurrent mark sweep GC freed 1363(80KB) AllocSpace objects, 1(20KB) LOS objects, 38% free, 25MB/41MB, paused 606us total 30.558ms
08-06 06:17:23.157 15430 15446 I art     : Starting a blocking GC Explicit
08-06 06:17:23.180 15430 15446 I art     : Explicit concurrent mark sweep GC freed 23(752B) AllocSpace objects, 0(0B) LOS objects, 38% free, 25MB/41MB, paused 558us total 22.116ms
08-06 06:17:23.189 15430 15446 I art     : Starting a blocking GC Explicit
08-06 06:17:23.212 15430 15446 I art     : Explicit concurrent mark sweep GC freed 3(96B) AllocSpace objects, 0(0B) LOS objects, 38% free, 25MB/41MB, paused 547us total 22.997ms
08-06 06:17:23.221 15430 15446 I art     : Starting a blocking GC Explicit
08-06 06:17:23.244 15430 15446 I art     : Explicit concurrent mark sweep GC freed 3(96B) AllocSpace objects, 0(0B) LOS objects, 38% free, 25MB/41MB, paused 552us total 22.745ms
08-06 06:17:23.253 15430 15446 I art     : Starting a blocking GC Explicit
08-06 06:17:23.275 15430 15446 I art     : Explicit concurrent mark sweep GC freed 3(96B) AllocSpace objects, 0(0B) LOS objects, 38% free, 25MB/41MB, paused 550us total 22.335ms
08-06 06:17:23.616 15430 15511 I art     : Starting a blocking GC Explicit
08-06 06:17:23.650 15430 15511 I art     : Explicit concurrent mark sweep GC freed 1392(80KB) AllocSpace objects, 1(20KB) LOS objects, 38% free, 25MB/41MB, paused 629us total 33.282ms
08-06 06:17:23.664 15430 15511 I art     : Starting a blocking GC Explicit
08-06 06:17:23.686 15430 15511 I art     : Explicit concurrent mark sweep GC freed 23(752B) AllocSpace objects, 0(0B) LOS objects, 38% free, 25MB/41MB, paused 550us total 21.946ms
08-06 06:17:23.695 15430 15511 I art     : Starting a blocking GC Explicit
08-06 06:17:23.717 15430 15511 I art     : Explicit concurrent mark sweep GC freed 3(96B) AllocSpace objects, 0(0B) LOS objects, 38% free, 25MB/41MB, paused 525us total 21.011ms
08-06 06:17:23.725 15430 15511 I art     : Starting a blocking GC Explicit
08-06 06:17:23.746 15430 15511 I art     : Explicit concurrent mark sweep GC freed 3(96B) AllocSpace objects, 0(0B) LOS objects, 38% free, 25MB/41MB, paused 513us total 20.856ms
08-06 06:17:23.754 15430 15511 I art     : Starting a blocking GC Explicit
08-06 06:17:23.776 15430 15511 I art     : Explicit concurrent mark sweep GC freed 3(96B) AllocSpace objects, 0(0B) LOS objects, 38% free, 25MB/41MB, paused 529us total 21.214ms
08-06 06:17:24.080 15430 15447 I art     : Starting a blocking GC Explicit
08-06 06:17:24.107 15430 15447 I art     : Explicit concurrent mark sweep GC freed 1363(80KB) AllocSpace objects, 1(20KB) LOS objects, 38% free, 25MB/41MB, paused 671us total 26.925ms
08-06 06:17:24.118 15430 15447 I art     : Starting a blocking GC Explicit
08-06 06:17:24.124 16318 16318 D AndroidRuntime: >>>>>> START com.android.internal.os.RuntimeInit uid 2000 <<<<<<
08-06 06:17:24.129 16318 16318 D AndroidRuntime: CheckJNI is OFF
08-06 06:17:24.141 15430 15447 I art     : Explicit concurrent mark sweep GC freed 23(752B) AllocSpace objects, 0(0B) LOS objects, 38% free, 25MB/41MB, paused 606us total 22.091ms
08-06 06:17:24.150 15430 15447 I art     : Starting a blocking GC Explicit
08-06 06:17:24.165 16318 16318 D ICU     : No timezone override file found: /data/misc/zoneinfo/current/icu/icu_tzdata.dat
08-06 06:17:24.171 15430 15447 I art     : Explicit concurrent mark sweep GC freed 3(96B) AllocSpace objects, 0(0B) LOS objects, 38% free, 25MB/41MB, paused 545us total 20.731ms
08-06 06:17:24.179 15430 15447 I art     : Starting a blocking GC Explicit
08-06 06:17:24.199 16318 16318 I Radio-JNI: register_android_hardware_Radio DONE
08-06 06:17:24.200 15430 15447 I art     : Explicit concurrent mark sweep GC freed 3(96B) AllocSpace objects, 0(0B) LOS objects, 38% free, 25MB/41MB, paused 579us total 21.002ms
08-06 06:17:24.208 15430 15447 I art     : Starting a blocking GC Explicit
08-06 06:17:24.222 16318 16318 D AndroidRuntime: Calling main entry com.android.commands.input.Input
08-06 06:17:24.224 16318 16318 I Input   : injectMotionEvent: MotionEvent { action=ACTION_DOWN, actionButton=0, id[0]=0, x[0]=616.0, y[0]=469.0, toolType[0]=TOOL_TYPE_UNKNOWN, buttonState=0, metaState=0, flags=0x0, edgeFlags=0x0, pointerCount=1, historySize=0, eventTime=857860637, downTime=857860637, deviceId=0, source=0x1002 }
08-06 06:17:24.230 15430 15447 I art     : Explicit concurrent mark sweep GC freed 3(96B) AllocSpace objects, 0(0B) LOS objects, 38% free, 25MB/41MB, paused 591us total 21.230ms
08-06 06:17:24.231 16318 16318 I Input   : injectMotionEvent: MotionEvent { action=ACTION_UP, actionButton=0, id[0]=0, x[0]=616.0, y[0]=469.0, toolType[0]=TOOL_TYPE_UNKNOWN, buttonState=0, metaState=0, flags=0x0, edgeFlags=0x0, pointerCount=1, historySize=0, eventTime=857860637, downTime=857860637, deviceId=0, source=0x1002 }
08-06 06:17:24.233 16318 16318 D AndroidRuntime: Shutting down VM
08-06 06:17:24.299   512  2967 D audio_hw_primary: out_set_parameters: enter: usecase(1: low-latency-playback) kvpairs: routing=2
08-06 06:17:24.312   512  2967 D audio_hw_primary: select_devices: out_snd_device(2: speaker) in_snd_device(0: none)
08-06 06:17:24.312   512  2967 D msm8974_platform: platform_send_audio_calibration: sending audio calibration for snd_device(2) acdb_id(15)
08-06 06:17:24.312   512  2967 I soundtrigger: audio_extn_sound_trigger_update_device_status: device 0x2 of type 0 for Event 1
08-06 06:17:24.322   512  2967 D audio_hw_primary: enable_snd_device: snd_device(2: speaker)
08-06 06:17:24.324   512  2967 D audio_hw_primary: enable_audio_route: apply and update mixer path: low-latency-playback speaker
08-06 06:17:24.488 15430 15447 I art     : Starting a blocking GC Explicit
08-06 06:17:24.511 15430 15447 I art     : Explicit concurrent mark sweep GC freed 1623(91KB) AllocSpace objects, 1(20KB) LOS objects, 38% free, 25MB/41MB, paused 614us total 22.477ms
08-06 06:17:24.520 15430 15447 I art     : Starting a blocking GC Explicit
08-06 06:17:24.524 15430 15454 I NAPPA_EXPERIMENTATION: MetricNetworkRequestExecutionTime: REQUEST_DURATION_SYSTEM='226',REQUEST_DURATION_OKHTTP='224',REQUEST_SYNCHRONOUS='TRUE',RESPONSE_CODE='200',RESPONSE_METHOD='GET',RESPONSE_LENGTH_OKHTTP='-1',RESPONSE_LENGTH_HEADER='628',REQUEST_PROTOCOL='h2',REQUEST_URL='https://itunes.apple.com/lookup?id=1524080195',
08-06 06:17:24.539   918  3670 I ActivityManager: START u0 {cmp=baseline.de.danoeh.antennapod.debug/baseline.de.danoeh.antennapod.activity.OnlineFeedViewActivity (has extras)} from uid 10711 on display 0
08-06 06:17:24.541 15430 15447 I art     : Explicit concurrent mark sweep GC freed 567(46KB) AllocSpace objects, 0(0B) LOS objects, 38% free, 26MB/42MB, paused 633us total 21.223ms
08-06 06:17:24.549 15430 15447 I art     : Starting a blocking GC Explicit
08-06 06:17:24.558 13866 13866 I GoogleInputMethodServic: GoogleInputMethodService.onFinishInput():3138 
08-06 06:17:24.559 13866 13866 I GoogleInputMethodServic: GoogleInputMethodService.onStartInput():1808 
08-06 06:17:24.570 15430 15447 I art     : Explicit concurrent mark sweep GC freed 340(13KB) AllocSpace objects, 0(0B) LOS objects, 38% free, 26MB/42MB, paused 697us total 20.546ms
08-06 06:17:24.579 15430 15447 I art     : Starting a blocking GC Explicit
08-06 06:17:24.583 15430 15430 D UserPreferences: Using default data folder
08-06 06:17:24.584 15430 15430 D OnlineFeedViewActivity: Activity was started with url https://rss.art19.com/nice-white-parents
08-06 06:17:24.586 15430 15430 D OnlineFeedViewActivity: Starting feed download
08-06 06:17:24.590 15430 15962 D DBReader: Extracting Feedlist
08-06 06:17:24.593   918  5952 D WifiService: acquireWifiLockLocked: WifiLock{Downloader type=1 binder=android.os.BinderProxy@3c1c3b1}
08-06 06:17:24.595 15430 15962 D AntennapodHttpClient: Creating new instance of HTTP client
08-06 06:17:24.601 15430 15447 I art     : Explicit concurrent mark sweep GC freed 1451(93KB) AllocSpace objects, 0(0B) LOS objects, 37% free, 26MB/42MB, paused 731us total 21.692ms
08-06 06:17:24.611 15430 15447 I art     : Starting a blocking GC Explicit
08-06 06:17:24.630 15430 15447 I art     : Explicit concurrent mark sweep GC freed 377(21KB) AllocSpace objects, 0(0B) LOS objects, 38% free, 26MB/42MB, paused 540us total 19.351ms
08-06 06:17:24.641 13866 13866 I GoogleInputMethodServic: GoogleInputMethodService.onFinishInput():3138 
08-06 06:17:24.641 13866 13866 I GoogleInputMethodServic: GoogleInputMethodService.onStartInput():1808 
08-06 06:17:24.669   918   936 I ActivityManager: Displayed baseline.de.danoeh.antennapod.debug/baseline.de.danoeh.antennapod.activity.OnlineFeedViewActivity: +110ms
08-06 06:17:24.859   512  2967 D audio_hw_primary: disable_audio_route: reset and update mixer path: low-latency-playback speaker
08-06 06:17:24.861   512  2967 D audio_hw_primary: disable_snd_device: snd_device(2: speaker)
08-06 06:17:24.869   512  2967 I soundtrigger: audio_extn_sound_trigger_update_device_status: device 0x2 of type 0 for Event 0
08-06 06:17:24.890 15430 15962 D MYTAG   : interceptor 3a https://rss.art19.com/nice-white-parents
08-06 06:17:24.891 15430 15962 I NAPPA_EXPERIMENTATION: MetricNetworkRequestExecutionTime: REQUEST_DURATION_SYSTEM='295',REQUEST_DURATION_OKHTTP='140',REQUEST_SYNCHRONOUS='TRUE',RESPONSE_CODE='200',RESPONSE_METHOD='GET',RESPONSE_LENGTH_OKHTTP='-1',RESPONSE_LENGTH_HEADER='1803',REQUEST_PROTOCOL='h2',REQUEST_URL='https://rss.art19.com/nice-white-parents',
08-06 06:17:24.891 15430 15962 D HttpDownloader: Response code is 200
08-06 06:17:24.891 15430 15962 D UserPreferences: Using default data folder
08-06 06:17:24.894 15430 15962 D HttpDownloader: Getting size of download
08-06 06:17:24.894 15430 15962 D HttpDownloader: Size is -1
08-06 06:17:24.895 15430 15962 D UserPreferences: Using default data folder
08-06 06:17:24.895 15430 15962 D HttpDownloader: Free space is 20193845248
08-06 06:17:24.895 15430 15962 D HttpDownloader: Starting download
08-06 06:17:24.920   380   380 W SurfaceFlinger: couldn't log to binary event log: overflow.
08-06 06:17:24.929 15430 15962 D HttpDownloader: Download was successful
08-06 06:17:24.933   918  6110 D WifiService: releaseWifiLockLocked: WifiLock{Downloader type=1 binder=android.os.BinderProxy@3c1c3b1}
08-06 06:17:24.934 15430 15447 I art     : Starting a blocking GC Explicit
08-06 06:17:24.935 15430 15430 D OnlineFeedViewActivity: Parsing feed
08-06 06:17:24.948 15430 16365 D TypeGetter: Recognized type RSS 2.0
08-06 06:17:24.951 15430 16365 D SyndHandler: Recognized ITunes namespace
08-06 06:17:24.952 15430 16365 D SyndHandler: Recognized Atom namespace
08-06 06:17:24.952 15430 16365 D SyndHandler: Recognized Content namespace
08-06 06:17:24.960 15430 15447 I art     : Explicit concurrent mark sweep GC freed 7384(508KB) AllocSpace objects, 7(280KB) LOS objects, 37% free, 26MB/42MB, paused 947us total 25.969ms
08-06 06:17:24.962 15430 16365 D OnlineFeedViewActivity: Deleted feed source file. Result: true
08-06 06:17:24.962 15430 15430 D OnlineFeedViewActivity: Removing HTML from shownotes
08-06 06:17:24.969 15430 15447 I art     : Starting a blocking GC Explicit
08-06 06:17:24.991 15430 15447 I art     : Explicit concurrent mark sweep GC freed 4258(292KB) AllocSpace objects, 0(0B) LOS objects, 37% free, 26MB/42MB, paused 789us total 21.839ms
08-06 06:17:24.999 15430 15447 I art     : Starting a blocking GC Explicit
08-06 06:17:25.017 15430 15430 W art     : Before Android 4.1, method int androidx.appcompat.widget.DropDownListView.lookForSelectablePosition(int, boolean) would have incorrectly overridden the package-private method in android.widget.ListView
08-06 06:17:25.024 15430 15447 I art     : Explicit concurrent mark sweep GC freed 2279(134KB) AllocSpace objects, 1(64KB) LOS objects, 37% free, 26MB/42MB, paused 918us total 24.028ms
08-06 06:17:25.024 15430 15430 I ListPopupWindow: Could not find method setEpicenterBounds(Rect) on PopupWindow. Oh well.
08-06 06:17:25.033 15430 15447 I art     : Starting a blocking GC Explicit
08-06 06:17:25.033 15430 16366 D ApOkHttpUrlLoader: buildLoadData() called with: model = [https://content.production.cdn.art19.com/images/89/e0/88/44/89e08844-ac28-4fc0-96fa-15a41fec2014/262c12ed699a8d9720dea0bd66449d998e4a08cf18095bed170ccaa76722045fa5dbf7a366918b2db7e3acf29ad22f6b99fd659a9409cb807bf2781d968932f8.jpeg], width = [350], height = [350]
08-06 06:17:25.040 15430 16178 D DBReader: getImageAuthentication() called with: imageUrl = [https://content.production.cdn.art19.com/images/89/e0/88/44/89e08844-ac28-4fc0-96fa-15a41fec2014/262c12ed699a8d9720dea0bd66449d998e4a08cf18095bed170ccaa76722045fa5dbf7a366918b2db7e3acf29ad22f6b99fd659a9409cb807bf2781d968932f8.jpeg]
08-06 06:17:25.041 15430 16178 D ApOkHttpUrlLoader: no credentials for 'https://content.production.cdn.art19.com/images/89/e0/88/44/89e08844-ac28-4fc0-96fa-15a41fec2014/262c12ed699a8d9720dea0bd66449d998e4a08cf18095bed170ccaa76722045fa5dbf7a366918b2db7e3acf29ad22f6b99fd659a9409cb807bf2781d968932f8.jpeg'
08-06 06:17:25.067 15430 15447 I art     : Explicit concurrent mark sweep GC freed 6834(428KB) AllocSpace objects, 2(88KB) LOS objects, 37% free, 27MB/43MB, paused 1.312ms total 34.087ms
08-06 06:17:25.068 15430 15430 D PlaybackController: Releasing PlaybackController
08-06 06:17:25.076 15430 15447 I art     : Starting a blocking GC Explicit
08-06 06:17:25.101 15430 15447 I art     : Explicit concurrent mark sweep GC freed 2025(108KB) AllocSpace objects, 1(112KB) LOS objects, 37% free, 26MB/42MB, paused 671us total 25.196ms
08-06 06:17:25.369 15430 15511 I art     : Starting a blocking GC Explicit
08-06 06:17:25.377 15430 16178 D MYTAG   : interceptor 2a
08-06 06:17:25.378 15430 16178 I NAPPA_EXPERIMENTATION: MetricNetworkRequestExecutionTime: REQUEST_DURATION_SYSTEM='335',REQUEST_DURATION_OKHTTP='154',REQUEST_SYNCHRONOUS='TRUE',RESPONSE_CODE='200',RESPONSE_METHOD='GET',RESPONSE_LENGTH_OKHTTP='2466122',RESPONSE_LENGTH_HEADER='2466122',REQUEST_PROTOCOL='h2',REQUEST_URL='https://content.production.cdn.art19.com/images/89/e0/88/44/89e08844-ac28-4fc0-96fa-15a41fec2014/262c12ed699a8d9720dea0bd66449d998e4a08cf18095bed170ccaa76722045fa5dbf7a366918b2db7e3acf29ad22f6b99fd659a9409cb807bf2781d968932f8.jpeg',
08-06 06:17:25.401 15430 15511 I art     : Explicit concurrent mark sweep GC freed 6207(306KB) AllocSpace objects, 1(20KB) LOS objects, 37% free, 26MB/42MB, paused 803us total 31.575ms
08-06 06:17:25.410 15430 15511 I art     : Starting a blocking GC Explicit
08-06 06:17:25.434 15430 15511 I art     : Explicit concurrent mark sweep GC freed 114(5KB) AllocSpace objects, 0(0B) LOS objects, 37% free, 26MB/42MB, paused 651us total 23.860ms
08-06 06:17:25.443 15430 15511 I art     : Starting a blocking GC Explicit
08-06 06:17:25.467 15430 15511 I art     : Explicit concurrent mark sweep GC freed 39(1248B) AllocSpace objects, 0(0B) LOS objects, 37% free, 26MB/42MB, paused 744us total 24.042ms
08-06 06:17:25.475 15430 15511 I art     : Starting a blocking GC Explicit
08-06 06:17:25.500 15430 15511 I art     : Explicit concurrent mark sweep GC freed 48(1536B) AllocSpace objects, 0(0B) LOS objects, 37% free, 26MB/42MB, paused 691us total 24.538ms
08-06 06:17:25.509 15430 15511 I art     : Starting a blocking GC Explicit
08-06 06:17:25.534 15430 15511 I art     : Explicit concurrent mark sweep GC freed 54(1728B) AllocSpace objects, 0(0B) LOS objects, 37% free, 26MB/42MB, paused 631us total 24.239ms
08-06 06:17:25.798 15430 15447 I art     : Starting a blocking GC Explicit
08-06 06:17:25.826 15430 15447 I art     : Explicit concurrent mark sweep GC freed 2804(152KB) AllocSpace objects, 1(20KB) LOS objects, 36% free, 27MB/43MB, paused 734us total 27.432ms
08-06 06:17:25.836 15430 15447 I art     : Starting a blocking GC Explicit
08-06 06:17:25.860 15430 15447 I art     : Explicit concurrent mark sweep GC freed 128(5KB) AllocSpace objects, 0(0B) LOS objects, 36% free, 27MB/43MB, paused 586us total 23.260ms
08-06 06:17:25.868 15430 15447 I art     : Starting a blocking GC Explicit
08-06 06:17:25.892 15430 15447 I art     : Explicit concurrent mark sweep GC freed 5(176B) AllocSpace objects, 0(0B) LOS objects, 36% free, 27MB/43MB, paused 634us total 23.142ms
08-06 06:17:25.900 15430 15447 I art     : Starting a blocking GC Explicit
08-06 06:17:25.925 15430 15447 I art     : Explicit concurrent mark sweep GC freed 3(96B) AllocSpace objects, 0(0B) LOS objects, 36% free, 27MB/43MB, paused 657us total 24.590ms
08-06 06:17:25.934 15430 15447 I art     : Starting a blocking GC Explicit
08-06 06:17:25.960 15430 15447 I art     : Explicit concurrent mark sweep GC freed 3(96B) AllocSpace objects, 0(0B) LOS objects, 36% free, 27MB/43MB, paused 659us total 25.435ms
08-06 06:17:26.283 15430 15511 I art     : Starting a blocking GC Explicit
08-06 06:17:26.318 15430 15511 I art     : Explicit concurrent mark sweep GC freed 1369(80KB) AllocSpace objects, 1(20KB) LOS objects, 36% free, 27MB/43MB, paused 916us total 34.534ms
08-06 06:17:26.329 15430 15511 I art     : Starting a blocking GC Explicit
08-06 06:17:26.355 15430 15511 I art     : Explicit concurrent mark sweep GC freed 23(752B) AllocSpace objects, 0(0B) LOS objects, 36% free, 27MB/43MB, paused 664us total 25.580ms
08-06 06:17:26.364 15430 15511 I art     : Starting a blocking GC Explicit
08-06 06:17:26.390 15430 15511 I art     : Explicit concurrent mark sweep GC freed 3(96B) AllocSpace objects, 0(0B) LOS objects, 36% free, 27MB/43MB, paused 655us total 25.815ms
08-06 06:17:26.400 15430 15511 I art     : Starting a blocking GC Explicit
08-06 06:17:26.426 15430 15511 I art     : Explicit concurrent mark sweep GC freed 3(96B) AllocSpace objects, 0(0B) LOS objects, 36% free, 27MB/43MB, paused 679us total 25.824ms
08-06 06:17:26.435 15430 15511 I art     : Starting a blocking GC Explicit
08-06 06:17:26.462 15430 15511 I art     : Explicit concurrent mark sweep GC freed 3(96B) AllocSpace objects, 0(0B) LOS objects, 36% free, 27MB/43MB, paused 668us total 26.272ms
08-06 06:17:26.772 15430 15446 I art     : Starting a blocking GC Explicit
08-06 06:17:26.798 15430 15446 I art     : Explicit concurrent mark sweep GC freed 1417(81KB) AllocSpace objects, 1(20KB) LOS objects, 36% free, 27MB/43MB, paused 669us total 25.721ms
08-06 06:17:26.807 15430 15446 I art     : Starting a blocking GC Explicit
08-06 06:17:26.831 15430 15446 I art     : Explicit concurrent mark sweep GC freed 27(880B) AllocSpace objects, 0(0B) LOS objects, 36% free, 27MB/43MB, paused 601us total 24.043ms
08-06 06:17:26.841 15430 15446 I art     : Starting a blocking GC Explicit
08-06 06:17:26.865 15430 15446 I art     : Explicit concurrent mark sweep GC freed 6(192B) AllocSpace objects, 0(0B) LOS objects, 36% free, 27MB/43MB, paused 642us total 24.574ms
08-06 06:17:26.874 15430 15446 I art     : Starting a blocking GC Explicit
08-06 06:17:26.899 15430 15446 I art     : Explicit concurrent mark sweep GC freed 4(128B) AllocSpace objects, 0(0B) LOS objects, 36% free, 27MB/43MB, paused 580us total 24.024ms
08-06 06:17:26.908 15430 15446 I art     : Starting a blocking GC Explicit
08-06 06:17:26.932 15430 15446 I art     : Explicit concurrent mark sweep GC freed 3(96B) AllocSpace objects, 0(0B) LOS objects, 36% free, 27MB/43MB, paused 644us total 23.605ms
08-06 06:17:27.258 15430 15511 I art     : Starting a blocking GC Explicit
08-06 06:17:27.290 15430 15511 I art     : Explicit concurrent mark sweep GC freed 1367(82KB) AllocSpace objects, 1(20KB) LOS objects, 36% free, 27MB/43MB, paused 704us total 32.349ms
08-06 06:17:27.302 15430 15511 I art     : Starting a blocking GC Explicit
08-06 06:17:27.329 15430 15511 I art     : Explicit concurrent mark sweep GC freed 23(752B) AllocSpace objects, 0(0B) LOS objects, 36% free, 27MB/43MB, paused 664us total 26.523ms
08-06 06:17:27.339 15430 15511 I art     : Starting a blocking GC Explicit
08-06 06:17:27.365 15430 15511 I art     : Explicit concurrent mark sweep GC freed 3(96B) AllocSpace objects, 0(0B) LOS objects, 36% free, 27MB/43MB, paused 663us total 26.058ms
08-06 06:17:27.374 15430 15511 I art     : Starting a blocking GC Explicit
08-06 06:17:27.401 15430 15511 I art     : Explicit concurrent mark sweep GC freed 3(96B) AllocSpace objects, 0(0B) LOS objects, 36% free, 27MB/43MB, paused 654us total 26.350ms
08-06 06:17:27.410 15430 15511 I art     : Starting a blocking GC Explicit
08-06 06:17:27.437 15430 15511 I art     : Explicit concurrent mark sweep GC freed 3(96B) AllocSpace objects, 0(0B) LOS objects, 36% free, 27MB/43MB, paused 751us total 26.475ms
08-06 06:17:27.759 15430 15447 I art     : Starting a blocking GC Explicit
08-06 06:17:27.795 15430 15447 I art     : Explicit concurrent mark sweep GC freed 1395(80KB) AllocSpace objects, 1(20KB) LOS objects, 36% free, 27MB/43MB, paused 785us total 35.617ms
08-06 06:17:27.809 15430 15447 I art     : Starting a blocking GC Explicit
08-06 06:17:27.836 15430 15447 I art     : Explicit concurrent mark sweep GC freed 23(752B) AllocSpace objects, 0(0B) LOS objects, 36% free, 27MB/43MB, paused 661us total 26.336ms
08-06 06:17:27.845 15430 15447 I art     : Starting a blocking GC Explicit
08-06 06:17:27.871 15430 15447 I art     : Explicit concurrent mark sweep GC freed 3(96B) AllocSpace objects, 0(0B) LOS objects, 36% free, 27MB/43MB, paused 657us total 25.879ms
08-06 06:17:27.880 15430 15447 I art     : Starting a blocking GC Explicit
08-06 06:17:27.907 15430 15447 I art     : Explicit concurrent mark sweep GC freed 3(96B) AllocSpace objects, 0(0B) LOS objects, 36% free, 27MB/43MB, paused 720us total 26.163ms
08-06 06:17:27.916 15430 15447 I art     : Starting a blocking GC Explicit
08-06 06:17:27.943 15430 15447 I art     : Explicit concurrent mark sweep GC freed 3(96B) AllocSpace objects, 0(0B) LOS objects, 36% free, 27MB/43MB, paused 668us total 26.316ms
08-06 06:17:28.263 15430 15446 I art     : Starting a blocking GC Explicit
08-06 06:17:28.288 15430 15446 I art     : Explicit concurrent mark sweep GC freed 1366(80KB) AllocSpace objects, 1(20KB) LOS objects, 36% free, 27MB/43MB, paused 646us total 25.563ms
08-06 06:17:28.297 15430 15446 I art     : Starting a blocking GC Explicit
08-06 06:17:28.320 15430 15446 I art     : Explicit concurrent mark sweep GC freed 23(752B) AllocSpace objects, 0(0B) LOS objects, 36% free, 27MB/43MB, paused 636us total 23.066ms
08-06 06:17:28.329 15430 15446 I art     : Starting a blocking GC Explicit
08-06 06:17:28.354 15430 15446 I art     : Explicit concurrent mark sweep GC freed 8(288B) AllocSpace objects, 0(0B) LOS objects, 36% free, 27MB/43MB, paused 648us total 25.324ms
08-06 06:17:28.363 15430 15446 I art     : Starting a blocking GC Explicit
08-06 06:17:28.389 15430 15446 I art     : Explicit concurrent mark sweep GC freed 3(96B) AllocSpace objects, 0(0B) LOS objects, 36% free, 27MB/43MB, paused 637us total 25.204ms
08-06 06:17:28.398 15430 15446 I art     : Starting a blocking GC Explicit
08-06 06:17:28.424 15430 15446 I art     : Explicit concurrent mark sweep GC freed 3(96B) AllocSpace objects, 0(0B) LOS objects, 36% free, 27MB/43MB, paused 653us total 25.980ms
08-06 06:17:28.691 15430 15447 I art     : Starting a blocking GC Explicit
08-06 06:17:28.721 15430 15447 I art     : Explicit concurrent mark sweep GC freed 1395(80KB) AllocSpace objects, 1(20KB) LOS objects, 36% free, 27MB/43MB, paused 726us total 29.581ms
08-06 06:17:28.734 15430 15447 I art     : Starting a blocking GC Explicit
08-06 06:17:28.759 15430 15447 I art     : Explicit concurrent mark sweep GC freed 23(752B) AllocSpace objects, 0(0B) LOS objects, 36% free, 27MB/43MB, paused 656us total 24.259ms
08-06 06:17:28.768 15430 15447 I art     : Starting a blocking GC Explicit
08-06 06:17:28.792 15430 15447 I art     : Explicit concurrent mark sweep GC freed 3(96B) AllocSpace objects, 0(0B) LOS objects, 36% free, 27MB/43MB, paused 659us total 24.555ms
08-06 06:17:28.801 15430 15447 I art     : Starting a blocking GC Explicit
08-06 06:17:28.826 15430 15447 I art     : Explicit concurrent mark sweep GC freed 3(96B) AllocSpace objects, 0(0B) LOS objects, 36% free, 27MB/43MB, paused 662us total 24.821ms
08-06 06:17:28.835 15430 15447 I art     : Starting a blocking GC Explicit
08-06 06:17:28.860 15430 15447 I art     : Explicit concurrent mark sweep GC freed 3(96B) AllocSpace objects, 0(0B) LOS objects, 36% free, 27MB/43MB, paused 656us total 24.668ms
08-06 06:17:28.943 16440 16440 D AndroidRuntime: >>>>>> START com.android.internal.os.RuntimeInit uid 2000 <<<<<<
08-06 06:17:28.949 16440 16440 D AndroidRuntime: CheckJNI is OFF
08-06 06:17:28.988 16440 16440 D ICU     : No timezone override file found: /data/misc/zoneinfo/current/icu/icu_tzdata.dat
08-06 06:17:29.022 16440 16440 I Radio-JNI: register_android_hardware_Radio DONE
08-06 06:17:29.043 16440 16440 D AndroidRuntime: Calling main entry com.android.commands.input.Input
08-06 06:17:29.045 16440 16440 I Input   : injectMotionEvent: MotionEvent { action=ACTION_DOWN, actionButton=0, id[0]=0, x[0]=625.0, y[0]=832.0, toolType[0]=TOOL_TYPE_UNKNOWN, buttonState=0, metaState=0, flags=0x0, edgeFlags=0x0, pointerCount=1, historySize=0, eventTime=857865458, downTime=857865458, deviceId=0, source=0x1002 }
08-06 06:17:29.049 16440 16440 I Input   : injectMotionEvent: MotionEvent { action=ACTION_UP, actionButton=0, id[0]=0, x[0]=625.0, y[0]=832.0, toolType[0]=TOOL_TYPE_UNKNOWN, buttonState=0, metaState=0, flags=0x0, edgeFlags=0x0, pointerCount=1, historySize=0, eventTime=857865458, downTime=857865458, deviceId=0, source=0x1002 }
08-06 06:17:29.051 16440 16440 D AndroidRuntime: Shutting down VM
08-06 06:17:29.062 15430 15430 D UserPreferences: Using default data folder
08-06 06:17:29.064 15430 15430 D DownloadRequester: partiallyDownloadedFileExists: false
08-06 06:17:29.065 15430 15430 D DownloadRequester: /storage/emulated/0/Android/data/baseline.de.danoeh.antennapod.debug/files/cache/feed-Nice White Parents is available as a download destination
08-06 06:17:29.067   512  2967 D audio_hw_primary: out_set_parameters: enter: usecase(1: low-latency-playback) kvpairs: routing=2
08-06 06:17:29.068 15430 15430 D DownloadRequester: Requesting download of url https://rss.art19.com/nice-white-parents
08-06 06:17:29.072 15430 15430 D DownloadService: Service started
08-06 06:17:29.074 15430 15430 D DownloadService: parallel downloads: 4
08-06 06:17:29.075 15430 16506 D downloadCompletionThd: downloadCompletionThread was started
08-06 06:17:29.077 15430 15430 D DownloadService: Notification set up
08-06 06:17:29.080   512  2967 D audio_hw_primary: select_devices: out_snd_device(2: speaker) in_snd_device(0: none)
08-06 06:17:29.080   512  2967 D msm8974_platform: platform_send_audio_calibration: sending audio calibration for snd_device(2) acdb_id(15)
08-06 06:17:29.081   512  2967 I soundtrigger: audio_extn_sound_trigger_update_device_status: device 0x2 of type 0 for Event 1
08-06 06:17:29.091   512  2967 D audio_hw_primary: enable_snd_device: snd_device(2: speaker)
08-06 06:17:29.093   512  2967 D audio_hw_primary: enable_audio_route: apply and update mixer path: low-latency-playback speaker
08-06 06:17:29.100 15430 15430 D DownloadService: Received enqueue request
08-06 06:17:29.102 15430 15430 D OnlineFeedViewActivity: onEventMainThread() called with: event = [DownloadEvent{update=DownloaderUpdate{downloaders=[baseline.de.danoeh.antennapod.core.service.download.HttpDownloader@c66911b], feedIds=[0], mediaIds=[]}}]
08-06 06:17:29.102   918  5481 D WifiService: acquireWifiLockLocked: WifiLock{Downloader type=1 binder=android.os.BinderProxy@1d80588}
08-06 06:17:29.102 15430 15430 D DownloadService: 1 downloads left
08-06 06:17:29.102 15430 15430 D DownloadService: Setting up notification updater
08-06 06:17:29.103 15430 16508 D AntennapodHttpClient: Creating new instance of HTTP client
08-06 06:17:29.139 15430 15446 I art     : Starting a blocking GC Explicit
08-06 06:17:29.163 15430 15446 I art     : Explicit concurrent mark sweep GC freed 2558(151KB) AllocSpace objects, 1(20KB) LOS objects, 36% free, 27MB/43MB, paused 689us total 23.402ms
08-06 06:17:29.171 15430 15446 I art     : Starting a blocking GC Explicit
08-06 06:17:29.194 15430 15446 I art     : Explicit concurrent mark sweep GC freed 33(1216B) AllocSpace objects, 0(0B) LOS objects, 36% free, 27MB/43MB, paused 695us total 22.149ms
08-06 06:17:29.202 15430 15446 I art     : Starting a blocking GC Explicit
08-06 06:17:29.226 15430 15446 I art     : Explicit concurrent mark sweep GC freed 84(5KB) AllocSpace objects, 0(0B) LOS objects, 36% free, 27MB/43MB, paused 817us total 23.794ms
08-06 06:17:29.234 15430 15446 I art     : Starting a blocking GC Explicit
08-06 06:17:29.259 15430 15446 I art     : Explicit concurrent mark sweep GC freed 16(688B) AllocSpace objects, 0(0B) LOS objects, 36% free, 27MB/43MB, paused 986us total 24.434ms
08-06 06:17:29.268 15430 15446 I art     : Starting a blocking GC Explicit
08-06 06:17:29.292 15430 15446 I art     : Explicit concurrent mark sweep GC freed 681(59KB) AllocSpace objects, 2(120KB) LOS objects, 36% free, 27MB/43MB, paused 1.002ms total 23.820ms
08-06 06:17:29.464 15430 16508 D MYTAG   : interceptor 3a https://rss.art19.com/nice-white-parents
08-06 06:17:29.464 15430 16508 I NAPPA_EXPERIMENTATION: MetricNetworkRequestExecutionTime: REQUEST_DURATION_SYSTEM='359',REQUEST_DURATION_OKHTTP='144',REQUEST_SYNCHRONOUS='TRUE',RESPONSE_CODE='200',RESPONSE_METHOD='GET',RESPONSE_LENGTH_OKHTTP='-1',RESPONSE_LENGTH_HEADER='1803',REQUEST_PROTOCOL='h2',REQUEST_URL='https://rss.art19.com/nice-white-parents',
08-06 06:17:29.464 15430 16508 D HttpDownloader: Response code is 200
08-06 06:17:29.464 15430 16508 D UserPreferences: Using default data folder
08-06 06:17:29.468 15430 16508 D HttpDownloader: Getting size of download
08-06 06:17:29.468 15430 16508 D HttpDownloader: Size is -1
08-06 06:17:29.468 15430 16508 D UserPreferences: Using default data folder
08-06 06:17:29.468 15430 16508 D HttpDownloader: Free space is 20191342592
08-06 06:17:29.469 15430 16508 D HttpDownloader: Starting download
08-06 06:17:29.474 15430 16508 D HttpDownloader: Download was successful
08-06 06:17:29.476   918  5481 D WifiService: releaseWifiLockLocked: WifiLock{Downloader type=1 binder=android.os.BinderProxy@1d80588}
08-06 06:17:29.476 15430 16506 D downloadCompletionThd: Received 'Download Complete' - message.
08-06 06:17:29.477 15430 16506 D DownloadService: Handling completed Feed Download
08-06 06:17:29.477 15430 15430 D DownloadService: Removing downloader: https://rss.art19.com/nice-white-parents
08-06 06:17:29.477 15430 15430 D DownloadService: Result of downloads.remove: true
08-06 06:17:29.477 15430 15430 D OnlineFeedViewActivity: onEventMainThread() called with: event = [DownloadEvent{update=DownloaderUpdate{downloaders=[], feedIds=[], mediaIds=[]}}]
08-06 06:17:29.480 15430 16527 D TypeGetter: Recognized type RSS 2.0
08-06 06:17:29.482 15430 16527 D SyndHandler: Recognized ITunes namespace
08-06 06:17:29.482 15430 16527 D SyndHandler: Recognized Atom namespace
08-06 06:17:29.482 15430 16527 D SyndHandler: Recognized Content namespace
08-06 06:17:29.486 15430 16527 D FeedSyncThread: Nice White Parents parsed
08-06 06:17:29.487 15430 16527 D FeedSyncThread: Deletion of file '/storage/emulated/0/Android/data/baseline.de.danoeh.antennapod.debug/files/cache/feed-Nice White Parents' successful
08-06 06:17:29.487 15430 16527 D DBReader: getFeedDownloadLog() called with: feed = [baseline.de.danoeh.antennapod.core.feed.Feed@0]
08-06 06:17:29.488 15430 16507 D FeedSyncThread: Bundling 1 feeds
08-06 06:17:29.489 15430 16530 D DBReader: Extracting Feedlist
08-06 06:17:29.490 15430 16530 D DBTasks : Found no existing Feed with title Nice White Parents. Adding as new one.
08-06 06:17:29.492 15430 16531 D PodDBAdapter: Setting feed with flattr status Nice White Parents: 0
08-06 06:17:29.492 15430 16531 D baseline.de.danoeh.antennapod.core.storage.PodDBAdapter@c6ea0d0: Inserting new Feed into db
08-06 06:17:29.513 15430 15430 D EventDistributor: Processing event queue. Number of events: 1
08-06 06:17:29.513 15430 15430 D EventDistributor: Notifying observers. Data: 1
08-06 06:17:29.514 15430 15430 D DownloadService: 0 downloads left
08-06 06:17:29.514 15430 15430 D DownloadService: Number of downloads is 0, attempting shutdown
08-06 06:17:29.515 15430 15963 D DBReader: Extracting Feedlist
08-06 06:17:29.515 15430 15430 D DownloadService: Service shutting down
08-06 06:17:29.516 15430 15430 D DownloadService: No report is created
08-06 06:17:29.516 15430 15430 D OnlineFeedViewActivity: onEventMainThread() called with: event = [DownloadEvent{update=DownloaderUpdate{downloaders=[], feedIds=[], mediaIds=[]}}]
08-06 06:17:29.518 15430 15430 D DownloadService: NotificationUpdater cancelled. Result: false
08-06 06:17:29.518 15430 16506 E downloadCompletionThd: DownloadCompletionThread was interrupted
08-06 06:17:29.518 15430 15430 D DBTasks : autodownloadUndownloadedItems
08-06 06:17:29.520 15430 16532 D NetworkUtils: Device is connected to Wi-Fi
08-06 06:17:29.520 15430 16532 D NetworkUtils: Auto-dl filter is disabled
08-06 06:17:29.547 15430 15446 I art     : Starting a blocking GC Explicit
08-06 06:17:29.562 13866 13882 I PeriodicStatsRunner: PeriodicStatsRunner.call():175 call()
08-06 06:17:29.562 13866 13882 I PeriodicStatsRunner: PeriodicStatsRunner.call():179 No submit PeriodicStats since input started.
08-06 06:17:29.575 15430 15446 I art     : Explicit concurrent mark sweep GC freed 7430(555KB) AllocSpace objects, 6(180KB) LOS objects, 36% free, 27MB/43MB, paused 853us total 27.589ms
08-06 06:17:29.585 15430 15446 I art     : Starting a blocking GC Explicit
08-06 06:17:29.610 15430 15446 I art     : Explicit concurrent mark sweep GC freed 1118(113KB) AllocSpace objects, 0(0B) LOS objects, 36% free, 27MB/43MB, paused 761us total 25.481ms
08-06 06:17:29.620 15430 15446 I art     : Starting a blocking GC Explicit
08-06 06:17:29.629   512  2967 D audio_hw_primary: disable_audio_route: reset and update mixer path: low-latency-playback speaker
08-06 06:17:29.630   512  2967 D audio_hw_primary: disable_snd_device: snd_device(2: speaker)
08-06 06:17:29.638   512  2967 I soundtrigger: audio_extn_sound_trigger_update_device_status: device 0x2 of type 0 for Event 0
08-06 06:17:29.642 13866 13882 I PeriodicStatsRunner: PeriodicStatsRunner.call():175 call()
08-06 06:17:29.642 13866 13882 I PeriodicStatsRunner: PeriodicStatsRunner.call():179 No submit PeriodicStats since input started.
08-06 06:17:29.645 15430 15446 I art     : Explicit concurrent mark sweep GC freed 5(160B) AllocSpace objects, 0(0B) LOS objects, 36% free, 27MB/43MB, paused 714us total 25.225ms
08-06 06:17:29.654 15430 15446 I art     : Starting a blocking GC Explicit
08-06 06:17:29.679 15430 15446 I art     : Explicit concurrent mark sweep GC freed 5(160B) AllocSpace objects, 0(0B) LOS objects, 36% free, 27MB/43MB, paused 744us total 24.652ms
08-06 06:17:29.687 15430 15446 I art     : Starting a blocking GC Explicit
08-06 06:17:29.713 15430 15446 I art     : Explicit concurrent mark sweep GC freed 5(160B) AllocSpace objects, 0(0B) LOS objects, 36% free, 27MB/43MB, paused 735us total 24.975ms
08-06 06:17:30.012 15430 15511 I art     : Starting a blocking GC Explicit
08-06 06:17:30.041 15430 15511 I art     : Explicit concurrent mark sweep GC freed 1373(80KB) AllocSpace objects, 1(20KB) LOS objects, 36% free, 27MB/43MB, paused 737us total 29.267ms
08-06 06:17:30.050 15430 15511 I art     : Starting a blocking GC Explicit
08-06 06:17:30.076 15430 15511 I art     : Explicit concurrent mark sweep GC freed 25(816B) AllocSpace objects, 0(0B) LOS objects, 36% free, 27MB/43MB, paused 759us total 25.539ms
08-06 06:17:30.085 15430 15511 I art     : Starting a blocking GC Explicit
08-06 06:17:30.111 15430 15511 I art     : Explicit concurrent mark sweep GC freed 3(96B) AllocSpace objects, 0(0B) LOS objects, 36% free, 27MB/43MB, paused 763us total 25.868ms
08-06 06:17:30.120 15430 15511 I art     : Starting a blocking GC Explicit
08-06 06:17:30.148 15430 15511 I art     : Explicit concurrent mark sweep GC freed 3(96B) AllocSpace objects, 0(0B) LOS objects, 36% free, 27MB/43MB, paused 817us total 27.419ms
08-06 06:17:30.157 15430 15511 I art     : Starting a blocking GC Explicit
08-06 06:17:30.184 15430 15511 I art     : Explicit concurrent mark sweep GC freed 3(96B) AllocSpace objects, 0(0B) LOS objects, 36% free, 27MB/43MB, paused 769us total 26.639ms
08-06 06:17:30.482 15430 15447 I art     : Starting a blocking GC Explicit
08-06 06:17:30.520 15430 15447 I art     : Explicit concurrent mark sweep GC freed 1367(82KB) AllocSpace objects, 1(20KB) LOS objects, 36% free, 27MB/43MB, paused 1.031ms total 36.787ms
08-06 06:17:30.532 15430 15447 I art     : Starting a blocking GC Explicit
08-06 06:17:30.560 15430 15447 I art     : Explicit concurrent mark sweep GC freed 23(752B) AllocSpace objects, 0(0B) LOS objects, 36% free, 27MB/43MB, paused 765us total 27.614ms
08-06 06:17:30.569 15430 15447 I art     : Starting a blocking GC Explicit
08-06 06:17:30.597 15430 15447 I art     : Explicit concurrent mark sweep GC freed 26(672B) AllocSpace objects, 0(0B) LOS objects, 36% free, 27MB/43MB, paused 852us total 27.114ms
08-06 06:17:30.606 15430 15447 I art     : Starting a blocking GC Explicit
08-06 06:17:30.634 15430 15447 I art     : Explicit concurrent mark sweep GC freed 9(304B) AllocSpace objects, 0(0B) LOS objects, 36% free, 27MB/43MB, paused 771us total 27.260ms
08-06 06:17:30.643 15430 15447 I art     : Starting a blocking GC Explicit
08-06 06:17:30.671 15430 15447 I art     : Explicit concurrent mark sweep GC freed 3(96B) AllocSpace objects, 0(0B) LOS objects, 36% free, 27MB/43MB, paused 766us total 27.760ms
08-06 06:17:30.974 15430 15446 I art     : Starting a blocking GC Explicit
08-06 06:17:31.001 15430 15446 I art     : Explicit concurrent mark sweep GC freed 1373(82KB) AllocSpace objects, 1(20KB) LOS objects, 36% free, 27MB/43MB, paused 779us total 27.080ms
08-06 06:17:31.011 15430 15446 I art     : Starting a blocking GC Explicit
08-06 06:17:31.038 15430 15446 I art     : Explicit concurrent mark sweep GC freed 23(752B) AllocSpace objects, 0(0B) LOS objects, 36% free, 27MB/43MB, paused 793us total 26.737ms
08-06 06:17:31.047 15430 15446 I art     : Starting a blocking GC Explicit
08-06 06:17:31.073 15430 15446 I art     : Explicit concurrent mark sweep GC freed 3(96B) AllocSpace objects, 0(0B) LOS objects, 36% free, 27MB/43MB, paused 756us total 26.056ms
08-06 06:17:31.082 15430 15446 I art     : Starting a blocking GC Explicit
08-06 06:17:31.110 15430 15446 I art     : Explicit concurrent mark sweep GC freed 3(96B) AllocSpace objects, 0(0B) LOS objects, 36% free, 27MB/43MB, paused 783us total 27.548ms
08-06 06:17:31.120 15430 15446 I art     : Starting a blocking GC Explicit
08-06 06:17:31.148 15430 15446 I art     : Explicit concurrent mark sweep GC freed 3(96B) AllocSpace objects, 0(0B) LOS objects, 36% free, 27MB/43MB, paused 823us total 27.884ms
08-06 06:17:31.481 15430 15511 I art     : Starting a blocking GC Explicit
08-06 06:17:31.515 15430 15511 I art     : Explicit concurrent mark sweep GC freed 1372(82KB) AllocSpace objects, 1(20KB) LOS objects, 36% free, 27MB/43MB, paused 838us total 33.750ms
08-06 06:17:31.526 15430 15511 I art     : Starting a blocking GC Explicit
08-06 06:17:31.554 15430 15511 I art     : Explicit concurrent mark sweep GC freed 23(752B) AllocSpace objects, 0(0B) LOS objects, 36% free, 27MB/43MB, paused 740us total 27.612ms
08-06 06:17:31.564 15430 15511 I art     : Starting a blocking GC Explicit
08-06 06:17:31.591 15430 15511 I art     : Explicit concurrent mark sweep GC freed 3(96B) AllocSpace objects, 0(0B) LOS objects, 36% free, 27MB/43MB, paused 790us total 27.114ms
08-06 06:17:31.601 15430 15511 I art     : Starting a blocking GC Explicit
08-06 06:17:31.627 15430 15511 I art     : Explicit concurrent mark sweep GC freed 32(880B) AllocSpace objects, 0(0B) LOS objects, 36% free, 27MB/43MB, paused 854us total 26.192ms
08-06 06:17:31.636 15430 15511 I art     : Starting a blocking GC Explicit
08-06 06:17:31.664 15430 15511 I art     : Explicit concurrent mark sweep GC freed 3(96B) AllocSpace objects, 0(0B) LOS objects, 36% free, 27MB/43MB, paused 762us total 27.069ms
08-06 06:17:31.982 15430 15447 I art     : Starting a blocking GC Explicit
08-06 06:17:32.019 15430 15447 I art     : Explicit concurrent mark sweep GC freed 1370(80KB) AllocSpace objects, 1(20KB) LOS objects, 36% free, 27MB/43MB, paused 1.074ms total 36.125ms
08-06 06:17:32.032 15430 15447 I art     : Starting a blocking GC Explicit
08-06 06:17:32.058 15430 15447 I art     : Explicit concurrent mark sweep GC freed 23(752B) AllocSpace objects, 0(0B) LOS objects, 36% free, 27MB/43MB, paused 785us total 26.538ms
08-06 06:17:32.068 15430 15447 I art     : Starting a blocking GC Explicit
08-06 06:17:32.095 15430 15447 I art     : Explicit concurrent mark sweep GC freed 3(96B) AllocSpace objects, 0(0B) LOS objects, 36% free, 27MB/43MB, paused 758us total 26.925ms
08-06 06:17:32.104 15430 15447 I art     : Starting a blocking GC Explicit
08-06 06:17:32.132 15430 15447 I art     : Explicit concurrent mark sweep GC freed 3(96B) AllocSpace objects, 0(0B) LOS objects, 36% free, 27MB/43MB, paused 719us total 27.056ms
08-06 06:17:32.141 15430 15447 I art     : Starting a blocking GC Explicit
08-06 06:17:32.167 15430 15447 I art     : Explicit concurrent mark sweep GC freed 3(96B) AllocSpace objects, 0(0B) LOS objects, 36% free, 27MB/43MB, paused 871us total 26.165ms
08-06 06:17:32.492 15430 15446 I art     : Starting a blocking GC Explicit
08-06 06:17:32.527 15430 15446 I art     : Explicit concurrent mark sweep GC freed 1366(80KB) AllocSpace objects, 1(20KB) LOS objects, 36% free, 27MB/43MB, paused 858us total 34.819ms
08-06 06:17:32.537 15430 15446 I art     : Starting a blocking GC Explicit
08-06 06:17:32.564 15430 15446 I art     : Explicit concurrent mark sweep GC freed 23(752B) AllocSpace objects, 0(0B) LOS objects, 36% free, 27MB/43MB, paused 760us total 27.127ms
08-06 06:17:32.573 15430 15446 I art     : Starting a blocking GC Explicit
08-06 06:17:32.601 15430 15446 I art     : Explicit concurrent mark sweep GC freed 32(880B) AllocSpace objects, 0(0B) LOS objects, 36% free, 27MB/43MB, paused 786us total 27.045ms
08-06 06:17:32.610 15430 15446 I art     : Starting a blocking GC Explicit
08-06 06:17:32.637 15430 15446 I art     : Explicit concurrent mark sweep GC freed 3(96B) AllocSpace objects, 0(0B) LOS objects, 36% free, 27MB/43MB, paused 828us total 26.555ms
08-06 06:17:32.646 15430 15446 I art     : Starting a blocking GC Explicit
08-06 06:17:32.673 15430 15446 I art     : Explicit concurrent mark sweep GC freed 3(96B) AllocSpace objects, 0(0B) LOS objects, 36% free, 27MB/43MB, paused 779us total 26.247ms
08-06 06:17:33.003 15430 15511 I art     : Starting a blocking GC Explicit
08-06 06:17:33.035 15430 15511 I art     : Explicit concurrent mark sweep GC freed 1367(82KB) AllocSpace objects, 1(20KB) LOS objects, 36% free, 27MB/43MB, paused 728us total 31.979ms
08-06 06:17:33.044 15430 15511 I art     : Starting a blocking GC Explicit
08-06 06:17:33.072 15430 15511 I art     : Explicit concurrent mark sweep GC freed 23(752B) AllocSpace objects, 0(0B) LOS objects, 36% free, 27MB/43MB, paused 787us total 27.551ms
08-06 06:17:33.082 15430 15511 I art     : Starting a blocking GC Explicit
08-06 06:17:33.109 15430 15511 I art     : Explicit concurrent mark sweep GC freed 3(96B) AllocSpace objects, 0(0B) LOS objects, 36% free, 27MB/43MB, paused 765us total 27.523ms
08-06 06:17:33.119 15430 15511 I art     : Starting a blocking GC Explicit
08-06 06:17:33.144 15430 15511 I art     : Explicit concurrent mark sweep GC freed 3(96B) AllocSpace objects, 0(0B) LOS objects, 36% free, 27MB/43MB, paused 749us total 25.425ms
08-06 06:17:33.154 15430 15511 I art     : Starting a blocking GC Explicit
08-06 06:17:33.180 15430 15511 I art     : Explicit concurrent mark sweep GC freed 3(96B) AllocSpace objects, 0(0B) LOS objects, 36% free, 27MB/43MB, paused 755us total 26.587ms
08-06 06:17:33.462 15430 15447 I art     : Starting a blocking GC Explicit
08-06 06:17:33.490 15430 15447 I art     : Explicit concurrent mark sweep GC freed 1366(80KB) AllocSpace objects, 1(20KB) LOS objects, 36% free, 27MB/43MB, paused 741us total 27.335ms
08-06 06:17:33.499 15430 15447 I art     : Starting a blocking GC Explicit
08-06 06:17:33.525 15430 15447 I art     : Explicit concurrent mark sweep GC freed 23(752B) AllocSpace objects, 0(0B) LOS objects, 36% free, 27MB/43MB, paused 799us total 25.846ms
08-06 06:17:33.534 15430 15447 I art     : Starting a blocking GC Explicit
08-06 06:17:33.560 15430 15447 I art     : Explicit concurrent mark sweep GC freed 3(96B) AllocSpace objects, 0(0B) LOS objects, 36% free, 27MB/43MB, paused 772us total 25.452ms
08-06 06:17:33.569 15430 15447 I art     : Starting a blocking GC Explicit
08-06 06:17:33.595 15430 15447 I art     : Explicit concurrent mark sweep GC freed 3(96B) AllocSpace objects, 0(0B) LOS objects, 36% free, 27MB/43MB, paused 770us total 25.819ms
08-06 06:17:33.604 15430 15447 I art     : Starting a blocking GC Explicit
08-06 06:17:33.630 15430 15447 I art     : Explicit concurrent mark sweep GC freed 32(880B) AllocSpace objects, 0(0B) LOS objects, 36% free, 27MB/43MB, paused 805us total 25.990ms
08-06 06:17:33.751 16604 16604 D AndroidRuntime: >>>>>> START com.android.internal.os.RuntimeInit uid 2000 <<<<<<
08-06 06:17:33.757 16604 16604 D AndroidRuntime: CheckJNI is OFF
08-06 06:17:33.789 16604 16604 D ICU     : No timezone override file found: /data/misc/zoneinfo/current/icu/icu_tzdata.dat
08-06 06:17:33.822 16604 16604 I Radio-JNI: register_android_hardware_Radio DONE
08-06 06:17:33.843 16604 16604 D AndroidRuntime: Calling main entry com.android.commands.input.Input
08-06 06:17:33.845 16604 16604 I Input   : injectKeyEvent: KeyEvent { action=ACTION_DOWN, keyCode=KEYCODE_BACK, scanCode=0, metaState=0, flags=0x0, repeatCount=0, eventTime=857870258, downTime=857870258, deviceId=-1, source=0x101 }
08-06 06:17:33.851 16604 16604 I Input   : injectKeyEvent: KeyEvent { action=ACTION_UP, keyCode=KEYCODE_BACK, scanCode=0, metaState=0, flags=0x0, repeatCount=0, eventTime=857870258, downTime=857870258, deviceId=-1, source=0x101 }
08-06 06:17:33.858 16604 16604 D AndroidRuntime: Shutting down VM
08-06 06:17:33.862 15430 15430 V PlaybackController: initServiceNotRunning()
08-06 06:17:33.863 15430 15430 D ExternalPlayerFragment: Loading media info
08-06 06:17:33.865 15430 15430 D UserPreferences: Using default data folder
08-06 06:17:33.866 15430 15963 D DBReader: getNavDrawerData() called with: 
08-06 06:17:33.870 15430 15963 D DBReader: getDownloadedItems() called
08-06 06:17:33.870 15430 15963 D DBReader: getFavoriteIDList() called
08-06 06:17:33.871 15430 15963 D DBReader: getQueueIDList() called
08-06 06:17:33.872 15430 15963 D DBReader: Extracting Feedlist
08-06 06:17:33.901 15430 15430 D MainActivity: getLastNavFragment() -> AddFeedFragment
08-06 06:17:33.903 13866 13866 I GoogleInputMethodServic: GoogleInputMethodService.onFinishInput():3138 
08-06 06:17:33.904 13866 13866 I GoogleInputMethodServic: GoogleInputMethodService.onStartInput():1808 
08-06 06:17:33.915 15430 15447 I art     : Starting a blocking GC Explicit
08-06 06:17:33.919 15430 16366 D ApOkHttpUrlLoader: buildLoadData() called with: model = [https://content.production.cdn.art19.com/images/89/e0/88/44/89e08844-ac28-4fc0-96fa-15a41fec2014/262c12ed699a8d9720dea0bd66449d998e4a08cf18095bed170ccaa76722045fa5dbf7a366918b2db7e3acf29ad22f6b99fd659a9409cb807bf2781d968932f8.jpeg], width = [140], height = [140]
08-06 06:17:33.940 15430 15447 I art     : Explicit concurrent mark sweep GC freed 2380(168KB) AllocSpace objects, 1(20KB) LOS objects, 36% free, 27MB/43MB, paused 821us total 24.544ms
08-06 06:17:33.948 15430 15447 I art     : Starting a blocking GC Explicit
08-06 06:17:33.970 15430 15447 I art     : Explicit concurrent mark sweep GC freed 546(28KB) AllocSpace objects, 0(0B) LOS objects, 36% free, 27MB/43MB, paused 585us total 20.387ms
08-06 06:17:33.976 15430 15447 I art     : Starting a blocking GC Explicit
08-06 06:17:33.995 15430 15447 I art     : Explicit concurrent mark sweep GC freed 8(656B) AllocSpace objects, 0(0B) LOS objects, 36% free, 27MB/43MB, paused 583us total 18.832ms
08-06 06:17:34.002 15430 15447 I art     : Starting a blocking GC Explicit
08-06 06:17:34.021 15430 15447 I art     : Explicit concurrent mark sweep GC freed 3(96B) AllocSpace objects, 0(0B) LOS objects, 36% free, 27MB/43MB, paused 570us total 19.333ms
08-06 06:17:34.028 15430 15447 I art     : Starting a blocking GC Explicit
08-06 06:17:34.048 15430 15447 I art     : Explicit concurrent mark sweep GC freed 102(14KB) AllocSpace objects, 0(0B) LOS objects, 36% free, 27MB/43MB, paused 701us total 19.417ms
08-06 06:17:34.229   380   380 W SurfaceFlinger: couldn't log to binary event log: overflow.
08-06 06:17:34.291 15430 15447 I art     : Starting a blocking GC Explicit
08-06 06:17:34.312 15430 15447 I art     : Explicit concurrent mark sweep GC freed 2124(111KB) AllocSpace objects, 1(20KB) LOS objects, 36% free, 27MB/43MB, paused 635us total 21.191ms
08-06 06:17:34.319 15430 15447 I art     : Starting a blocking GC Explicit
08-06 06:17:34.339 15430 15447 I art     : Explicit concurrent mark sweep GC freed 2495(153KB) AllocSpace objects, 2(248KB) LOS objects, 36% free, 27MB/43MB, paused 586us total 19.940ms
08-06 06:17:34.346 15430 15447 I art     : Starting a blocking GC Explicit
08-06 06:17:34.367 15430 15447 I art     : Explicit concurrent mark sweep GC freed 3(96B) AllocSpace objects, 0(0B) LOS objects, 36% free, 27MB/43MB, paused 632us total 20.994ms
08-06 06:17:34.375 15430 15447 I art     : Starting a blocking GC Explicit
08-06 06:17:34.395 15430 15447 I art     : Explicit concurrent mark sweep GC freed 3(96B) AllocSpace objects, 0(0B) LOS objects, 36% free, 27MB/43MB, paused 563us total 20.497ms
08-06 06:17:34.402 15430 15447 I art     : Starting a blocking GC Explicit
08-06 06:17:34.423 15430 15447 I art     : Explicit concurrent mark sweep GC freed 3(96B) AllocSpace objects, 0(0B) LOS objects, 36% free, 27MB/43MB, paused 600us total 19.979ms
08-06 06:17:34.716 15430 15446 I art     : Starting a blocking GC Explicit
08-06 06:17:34.731  9013  9013 I ServiceManager: Waiting for service AtCmdFwd...
08-06 06:17:34.747 15430 15446 I art     : Explicit concurrent mark sweep GC freed 1401(83KB) AllocSpace objects, 1(20KB) LOS objects, 36% free, 27MB/43MB, paused 684us total 30.181ms
08-06 06:17:34.757 15430 15446 I art     : Starting a blocking GC Explicit
08-06 06:17:34.779 15430 15446 I art     : Explicit concurrent mark sweep GC freed 23(752B) AllocSpace objects, 0(0B) LOS objects, 36% free, 27MB/43MB, paused 588us total 21.125ms
08-06 06:17:34.786 15430 15446 I art     : Starting a blocking GC Explicit
08-06 06:17:34.807 15430 15446 I art     : Explicit concurrent mark sweep GC freed 3(96B) AllocSpace objects, 0(0B) LOS objects, 36% free, 27MB/43MB, paused 704us total 21.092ms
08-06 06:17:34.815 15430 15446 I art     : Starting a blocking GC Explicit
08-06 06:17:34.836 15430 15446 I art     : Explicit concurrent mark sweep GC freed 3(96B) AllocSpace objects, 0(0B) LOS objects, 36% free, 27MB/43MB, paused 590us total 20.959ms
08-06 06:17:34.843 15430 15446 I art     : Starting a blocking GC Explicit
08-06 06:17:34.864 15430 15446 I art     : Explicit concurrent mark sweep GC freed 3(96B) AllocSpace objects, 0(0B) LOS objects, 36% free, 27MB/43MB, paused 547us total 20.583ms
08-06 06:17:35.156 15430 16638 I art     : Starting a blocking GC Explicit
08-06 06:17:35.183 15430 16638 I art     : Explicit concurrent mark sweep GC freed 1368(80KB) AllocSpace objects, 1(20KB) LOS objects, 36% free, 27MB/43MB, paused 780us total 26.363ms
08-06 06:17:35.192 15430 16638 I art     : Starting a blocking GC Explicit
08-06 06:17:35.218 15430 16638 I art     : Explicit concurrent mark sweep GC freed 23(752B) AllocSpace objects, 0(0B) LOS objects, 36% free, 27MB/43MB, paused 808us total 26.329ms
08-06 06:17:35.227 15430 16638 I art     : Starting a blocking GC Explicit
08-06 06:17:35.252 15430 16638 I art     : Explicit concurrent mark sweep GC freed 3(96B) AllocSpace objects, 0(0B) LOS objects, 36% free, 27MB/43MB, paused 772us total 24.659ms
08-06 06:17:35.261 15430 16638 I art     : Starting a blocking GC Explicit
08-06 06:17:35.286 15430 16638 I art     : Explicit concurrent mark sweep GC freed 3(96B) AllocSpace objects, 0(0B) LOS objects, 36% free, 27MB/43MB, paused 784us total 24.725ms
08-06 06:17:35.295 15430 16638 I art     : Starting a blocking GC Explicit
08-06 06:17:35.320 15430 16638 I art     : Explicit concurrent mark sweep GC freed 3(96B) AllocSpace objects, 0(0B) LOS objects, 36% free, 27MB/43MB, paused 789us total 24.549ms
08-06 06:17:35.529 16669 16669 D AndroidRuntime: >>>>>> START com.android.internal.os.RuntimeInit uid 2000 <<<<<<
08-06 06:17:35.535 16669 16669 D AndroidRuntime: CheckJNI is OFF
08-06 06:17:35.567 16669 16669 D ICU     : No timezone override file found: /data/misc/zoneinfo/current/icu/icu_tzdata.dat
08-06 06:17:35.598 16669 16669 I Radio-JNI: register_android_hardware_Radio DONE
08-06 06:17:35.619 16669 16669 D AndroidRuntime: Calling main entry com.android.commands.input.Input
08-06 06:17:35.620 16669 16669 I Input   : injectMotionEvent: MotionEvent { action=ACTION_DOWN, actionButton=0, id[0]=0, x[0]=639.0, y[0]=762.0, toolType[0]=TOOL_TYPE_UNKNOWN, buttonState=0, metaState=0, flags=0x0, edgeFlags=0x0, pointerCount=1, historySize=0, eventTime=857872033, downTime=857872033, deviceId=0, source=0x1002 }
08-06 06:17:35.622 15430 16638 I art     : Starting a blocking GC Explicit
08-06 06:17:35.624 16669 16669 I Input   : injectMotionEvent: MotionEvent { action=ACTION_UP, actionButton=0, id[0]=0, x[0]=639.0, y[0]=762.0, toolType[0]=TOOL_TYPE_UNKNOWN, buttonState=0, metaState=0, flags=0x0, edgeFlags=0x0, pointerCount=1, historySize=0, eventTime=857872033, downTime=857872033, deviceId=0, source=0x1002 }
08-06 06:17:35.626 16669 16669 D AndroidRuntime: Shutting down VM
08-06 06:17:35.647 15430 16638 I art     : Explicit concurrent mark sweep GC freed 1438(82KB) AllocSpace objects, 1(20KB) LOS objects, 36% free, 27MB/43MB, paused 782us total 24.577ms
08-06 06:17:35.656 15430 16638 I art     : Starting a blocking GC Explicit
08-06 06:17:35.682 15430 16638 I art     : Explicit concurrent mark sweep GC freed 29(944B) AllocSpace objects, 0(0B) LOS objects, 36% free, 27MB/43MB, paused 888us total 25.490ms
08-06 06:17:35.691 15430 16638 I art     : Starting a blocking GC Explicit
08-06 06:17:35.700   512  2967 D audio_hw_primary: out_set_parameters: enter: usecase(1: low-latency-playback) kvpairs: routing=2
08-06 06:17:35.713   512  2967 D audio_hw_primary: select_devices: out_snd_device(2: speaker) in_snd_device(0: none)
08-06 06:17:35.713   512  2967 D msm8974_platform: platform_send_audio_calibration: sending audio calibration for snd_device(2) acdb_id(15)
08-06 06:17:35.713   512  2967 I soundtrigger: audio_extn_sound_trigger_update_device_status: device 0x2 of type 0 for Event 1
08-06 06:17:35.716 15430 16638 I art     : Explicit concurrent mark sweep GC freed 174(7KB) AllocSpace objects, 0(0B) LOS objects, 36% free, 27MB/43MB, paused 936us total 24.321ms
08-06 06:17:35.720 13866 13866 I GoogleInputMethodServic: GoogleInputMethodService.onFinishInput():3138 
08-06 06:17:35.721 13866 13866 I GoogleInputMethodServic: GoogleInputMethodService.onStartInput():1808 
08-06 06:17:35.723   512  2967 D audio_hw_primary: enable_snd_device: snd_device(2: speaker)
08-06 06:17:35.724 15430 16638 I art     : Starting a blocking GC Explicit
08-06 06:17:35.726   512  2967 D audio_hw_primary: enable_audio_route: apply and update mixer path: low-latency-playback speaker
08-06 06:17:35.732  9013  9013 I ServiceManager: Waiting for service AtCmdFwd...
08-06 06:17:35.749 15430 16638 I art     : Explicit concurrent mark sweep GC freed 51(2208B) AllocSpace objects, 0(0B) LOS objects, 36% free, 27MB/43MB, paused 975us total 24.891ms
08-06 06:17:35.758 15430 16638 I art     : Starting a blocking GC Explicit
08-06 06:17:35.783 15430 16638 I art     : Explicit concurrent mark sweep GC freed 17(608B) AllocSpace objects, 0(0B) LOS objects, 36% free, 27MB/43MB, paused 996us total 24.423ms
08-06 06:17:35.899 15430 15454 I NAPPA_EXPERIMENTATION: MetricNetworkRequestExecutionTime: REQUEST_DURATION_SYSTEM='200',REQUEST_DURATION_OKHTTP='199',REQUEST_SYNCHRONOUS='TRUE',RESPONSE_CODE='200',RESPONSE_METHOD='GET',RESPONSE_LENGTH_OKHTTP='-1',RESPONSE_LENGTH_HEADER='622',REQUEST_PROTOCOL='h2',REQUEST_URL='https://itunes.apple.com/lookup?id=360084272',
08-06 06:17:35.917   918  3714 I ActivityManager: START u0 {cmp=baseline.de.danoeh.antennapod.debug/baseline.de.danoeh.antennapod.activity.OnlineFeedViewActivity (has extras)} from uid 10711 on display 0
08-06 06:17:35.940 13866 13866 I GoogleInputMethodServic: GoogleInputMethodService.onFinishInput():3138 
08-06 06:17:35.941 13866 13866 I GoogleInputMethodServic: GoogleInputMethodService.onStartInput():1808 
08-06 06:17:35.964 15430 15430 D UserPreferences: Using default data folder
08-06 06:17:35.965 15430 15430 D OnlineFeedViewActivity: Activity was started with url http://joeroganexp.joerogan.libsynpro.com/rss
08-06 06:17:35.967 15430 15430 D OnlineFeedViewActivity: Starting feed download
08-06 06:17:35.969 15430 15962 D DBReader: Extracting Feedlist
08-06 06:17:35.971   918  3714 D WifiService: acquireWifiLockLocked: WifiLock{Downloader type=1 binder=android.os.BinderProxy@9f8371b}
08-06 06:17:35.971 15430 15962 D AntennapodHttpClient: Creating new instance of HTTP client
08-06 06:17:36.018 15430 15962 D MYTAG   : interceptor 3a http://joeroganexp.joerogan.libsynpro.com/rss
08-06 06:17:36.019 15430 15962 I NAPPA_EXPERIMENTATION: MetricNetworkRequestExecutionTime: REQUEST_DURATION_SYSTEM='47',REQUEST_DURATION_OKHTTP='41',REQUEST_SYNCHRONOUS='TRUE',RESPONSE_CODE='200',RESPONSE_METHOD='GET',RESPONSE_LENGTH_OKHTTP='-1',RESPONSE_LENGTH_HEADER='307892',REQUEST_PROTOCOL='http/1.1',REQUEST_URL='http://joeroganexp.joerogan.libsynpro.com/rss',
08-06 06:17:36.019 15430 15962 D HttpDownloader: Response code is 200
08-06 06:17:36.019 15430 15962 D UserPreferences: Using default data folder
08-06 06:17:36.020 15430 15962 D HttpDownloader: Getting size of download
08-06 06:17:36.020 15430 15962 D HttpDownloader: Size is -1
08-06 06:17:36.020 15430 15962 D UserPreferences: Using default data folder
08-06 06:17:36.021 15430 15962 D HttpDownloader: Free space is 20191264768
08-06 06:17:36.021 15430 15962 D HttpDownloader: Starting download
08-06 06:17:36.026 13866 13866 I GoogleInputMethodServic: GoogleInputMethodService.onFinishInput():3138 
08-06 06:17:36.027 13866 13866 I GoogleInputMethodServic: GoogleInputMethodService.onStartInput():1808 
08-06 06:17:36.035 15430 16638 I art     : Starting a blocking GC Explicit
08-06 06:17:36.059   918   936 I ActivityManager: Displayed baseline.de.danoeh.antennapod.debug/baseline.de.danoeh.antennapod.activity.OnlineFeedViewActivity: +119ms
08-06 06:17:36.072 15430 16638 I art     : Explicit concurrent mark sweep GC freed 3461(234KB) AllocSpace objects, 1(20KB) LOS objects, 36% free, 27MB/43MB, paused 964us total 36.912ms
08-06 06:17:36.083 15430 16638 I art     : Starting a blocking GC Explicit
08-06 06:17:36.109 15430 16638 I art     : Explicit concurrent mark sweep GC freed 385(17KB) AllocSpace objects, 0(0B) LOS objects, 36% free, 27MB/43MB, paused 812us total 26.399ms
08-06 06:17:36.119 15430 16638 I art     : Starting a blocking GC Explicit
08-06 06:17:36.142 15430 16638 I art     : Explicit concurrent mark sweep GC freed 3(96B) AllocSpace objects, 0(0B) LOS objects, 36% free, 27MB/43MB, paused 848us total 23.294ms
08-06 06:17:36.151 15430 16638 I art     : Starting a blocking GC Explicit
08-06 06:17:36.176 15430 16638 I art     : Explicit concurrent mark sweep GC freed 3(96B) AllocSpace objects, 0(0B) LOS objects, 36% free, 27MB/43MB, paused 779us total 24.472ms
08-06 06:17:36.186 15430 16638 I art     : Starting a blocking GC Explicit
08-06 06:17:36.211 15430 16638 I art     : Explicit concurrent mark sweep GC freed 3(96B) AllocSpace objects, 0(0B) LOS objects, 36% free, 27MB/43MB, paused 933us total 25.192ms
08-06 06:17:36.225 15430 15962 D HttpDownloader: Download was successful
08-06 06:17:36.226   918  6110 D WifiService: releaseWifiLockLocked: WifiLock{Downloader type=1 binder=android.os.BinderProxy@9f8371b}
08-06 06:17:36.227 15430 15430 D OnlineFeedViewActivity: Parsing feed
08-06 06:17:36.231 15430 16705 D TypeGetter: Recognized type RSS 2.0
08-06 06:17:36.234 15430 16705 D SyndHandler: Recognized Atom namespace
08-06 06:17:36.234 15430 16705 D SyndHandler: Recognized ITunes namespace
08-06 06:17:36.235 15430 16705 D SyndHandler: Recognized media namespace
08-06 06:17:36.235 15430 16705 D SyndHandler: Recognized Content namespace
08-06 06:17:36.258   512  2967 D audio_hw_primary: disable_audio_route: reset and update mixer path: low-latency-playback speaker
08-06 06:17:36.259   512  2967 D audio_hw_primary: disable_snd_device: snd_device(2: speaker)
08-06 06:17:36.271   512  2967 I soundtrigger: audio_extn_sound_trigger_update_device_status: device 0x2 of type 0 for Event 0
08-06 06:17:36.282   380   380 W SurfaceFlinger: couldn't log to binary event log: overflow.
08-06 06:17:36.419 15430 15430 D PlaybackController: Releasing PlaybackController
08-06 06:17:36.491 15430 15511 I art     : Starting a blocking GC Explicit
08-06 06:17:36.525 15430 15511 I art     : Explicit concurrent mark sweep GC freed 21079(1284KB) AllocSpace objects, 4(80KB) LOS objects, 35% free, 28MB/44MB, paused 1.101ms total 33.341ms
08-06 06:17:36.535 15430 15511 I art     : Starting a blocking GC Explicit
08-06 06:17:36.561 15430 15511 I art     : Explicit concurrent mark sweep GC freed 8060(378KB) AllocSpace objects, 0(0B) LOS objects, 36% free, 28MB/44MB, paused 1.130ms total 26.482ms
08-06 06:17:36.566   918  1210 D NetlinkSocketObserver: NeighborEvent{elapsedMs=1841260441, 192.168.2.254, [7C3953A63323], RTM_NEWNEIGH, NUD_PROBE}
08-06 06:17:36.571 15430 15511 I art     : Starting a blocking GC Explicit
08-06 06:17:36.597 15430 15511 I art     : Explicit concurrent mark sweep GC freed 3087(156KB) AllocSpace objects, 0(0B) LOS objects, 36% free, 28MB/44MB, paused 974us total 25.555ms
08-06 06:17:36.606 15430 15511 I art     : Starting a blocking GC Explicit
08-06 06:17:36.632 15430 15511 I art     : Explicit concurrent mark sweep GC freed 2682(137KB) AllocSpace objects, 0(0B) LOS objects, 36% free, 28MB/44MB, paused 966us total 26.558ms
08-06 06:17:36.641 15430 15511 I art     : Starting a blocking GC Explicit
08-06 06:17:36.668 15430 15511 I art     : Explicit concurrent mark sweep GC freed 2764(137KB) AllocSpace objects, 0(0B) LOS objects, 36% free, 28MB/44MB, paused 1.142ms total 26.665ms
08-06 06:17:36.732  9013  9013 I ServiceManager: Waiting for service AtCmdFwd...
08-06 06:17:36.976 15430 15447 I art     : Starting a blocking GC Explicit
08-06 06:17:37.013 15430 15447 I art     : Explicit concurrent mark sweep GC freed 26317(1397KB) AllocSpace objects, 1(20KB) LOS objects, 35% free, 29MB/45MB, paused 1.184ms total 36.737ms
08-06 06:17:37.025 15430 15447 I art     : Starting a blocking GC Explicit
08-06 06:17:37.054 15430 15447 I art     : Explicit concurrent mark sweep GC freed 9056(432KB) AllocSpace objects, 0(0B) LOS objects, 35% free, 28MB/44MB, paused 1.994ms total 28.410ms
08-06 06:17:37.063 15430 15447 I art     : Starting a blocking GC Explicit
08-06 06:17:37.091 15430 15447 I art     : Explicit concurrent mark sweep GC freed 4022(195KB) AllocSpace objects, 0(0B) LOS objects, 35% free, 28MB/44MB, paused 1.076ms total 27.821ms
08-06 06:17:37.100 15430 15447 I art     : Starting a blocking GC Explicit
08-06 06:17:37.129 15430 15447 I art     : Explicit concurrent mark sweep GC freed 3050(154KB) AllocSpace objects, 0(0B) LOS objects, 35% free, 29MB/45MB, paused 1.104ms total 28.549ms
08-06 06:17:37.139 15430 15447 I art     : Starting a blocking GC Explicit
08-06 06:17:37.168 15430 15447 I art     : Explicit concurrent mark sweep GC freed 2997(163KB) AllocSpace objects, 0(0B) LOS objects, 35% free, 29MB/45MB, paused 1.115ms total 28.495ms
08-06 06:17:37.506 15430 16638 I art     : Starting a blocking GC Explicit
08-06 06:17:37.552 15430 16638 I art     : Explicit concurrent mark sweep GC freed 28928(1581KB) AllocSpace objects, 1(20KB) LOS objects, 34% free, 30MB/46MB, paused 1.291ms total 45.538ms
08-06 06:17:37.563 15430 16638 I art     : Starting a blocking GC Explicit
08-06 06:17:37.595 15430 16638 I art     : Explicit concurrent mark sweep GC freed 8117(393KB) AllocSpace objects, 0(0B) LOS objects, 34% free, 29MB/45MB, paused 1.305ms total 32.182ms
08-06 06:17:37.605 15430 16638 I art     : Starting a blocking GC Explicit
08-06 06:17:37.634 15430 16638 I art     : Explicit concurrent mark sweep GC freed 6915(338KB) AllocSpace objects, 0(0B) LOS objects, 34% free, 29MB/45MB, paused 1.050ms total 29.118ms
08-06 06:17:37.644 15430 16638 I art     : Starting a blocking GC Explicit
08-06 06:17:37.674 15430 16638 I art     : Explicit concurrent mark sweep GC freed 3273(171KB) AllocSpace objects, 0(0B) LOS objects, 34% free, 29MB/45MB, paused 1.148ms total 29.643ms
08-06 06:17:37.684 15430 16638 I art     : Starting a blocking GC Explicit
08-06 06:17:37.715 15430 16638 I art     : Explicit concurrent mark sweep GC freed 3239(179KB) AllocSpace objects, 0(0B) LOS objects, 34% free, 29MB/45MB, paused 1.195ms total 30.684ms
08-06 06:17:37.733  9013  9013 I ServiceManager: Waiting for service AtCmdFwd...
08-06 06:17:38.024 15430 16638 I art     : Starting a blocking GC Explicit
08-06 06:17:38.066 15430 16638 I art     : Explicit concurrent mark sweep GC freed 26618(1443KB) AllocSpace objects, 1(20KB) LOS objects, 34% free, 30MB/46MB, paused 1.293ms total 40.817ms
08-06 06:17:38.078 15430 16638 I art     : Starting a blocking GC Explicit
08-06 06:17:38.112 15430 16638 I art     : Explicit concurrent mark sweep GC freed 6426(315KB) AllocSpace objects, 0(0B) LOS objects, 34% free, 30MB/46MB, paused 1.367ms total 33.215ms
08-06 06:17:38.122 15430 16638 I art     : Starting a blocking GC Explicit
08-06 06:17:38.155 15430 16638 I art     : Explicit concurrent mark sweep GC freed 8397(444KB) AllocSpace objects, 0(0B) LOS objects, 34% free, 30MB/46MB, paused 1.034ms total 32.283ms
08-06 06:17:38.165 15430 16638 I art     : Starting a blocking GC Explicit
08-06 06:17:38.197 15430 16638 I art     : Explicit concurrent mark sweep GC freed 3491(188KB) AllocSpace objects, 0(0B) LOS objects, 34% free, 30MB/46MB, paused 1.217ms total 31.253ms
08-06 06:17:38.207 15430 16638 I art     : Starting a blocking GC Explicit
08-06 06:17:38.239 15430 16638 I art     : Explicit concurrent mark sweep GC freed 3464(147KB) AllocSpace objects, 0(0B) LOS objects, 34% free, 30MB/46MB, paused 1.096ms total 31.738ms
08-06 06:17:38.539 15430 16638 I art     : Starting a blocking GC Explicit
08-06 06:17:38.574 15430 16705 D OnlineFeedViewActivity: Deleted feed source file. Result: true
08-06 06:17:38.583 15430 16638 I art     : Explicit concurrent mark sweep GC freed 26105(1169KB) AllocSpace objects, 1(20KB) LOS objects, 33% free, 31MB/47MB, paused 1.103ms total 43.115ms
08-06 06:17:38.585 15430 15430 D OnlineFeedViewActivity: Removing HTML from shownotes
08-06 06:17:38.595 15430 16638 I art     : Starting a blocking GC Explicit
08-06 06:17:38.633 15430 16638 I art     : Explicit concurrent mark sweep GC freed 25672(1958KB) AllocSpace objects, 90(5MB) LOS objects, 33% free, 31MB/47MB, paused 1.249ms total 38.291ms
08-06 06:17:38.644 15430 16638 I art     : Starting a blocking GC Explicit
08-06 06:17:38.682 15430 16638 I art     : Explicit concurrent mark sweep GC freed 43721(3MB) AllocSpace objects, 176(11MB) LOS objects, 32% free, 32MB/48MB, paused 1.115ms total 38.177ms
08-06 06:17:38.693 15430 16638 I art     : Starting a blocking GC Explicit
08-06 06:17:38.732 15430 16638 I art     : Explicit concurrent mark sweep GC freed 45874(3MB) AllocSpace objects, 206(13MB) LOS objects, 32% free, 32MB/48MB, paused 1.133ms total 38.774ms
08-06 06:17:38.733  9013  9013 I ServiceManager: Waiting for service AtCmdFwd...
08-06 06:17:38.744 15430 16638 I art     : Starting a blocking GC Explicit
08-06 06:17:38.785 15430 16638 I art     : Explicit concurrent mark sweep GC freed 47958(3MB) AllocSpace objects, 212(14MB) LOS objects, 32% free, 32MB/48MB, paused 1.126ms total 41.471ms
08-06 06:17:38.903 13866 13882 I PeriodicStatsRunner: PeriodicStatsRunner.call():175 call()
08-06 06:17:38.903 13866 13882 I PeriodicStatsRunner: PeriodicStatsRunner.call():179 No submit PeriodicStats since input started.
08-06 06:17:39.006 15430 16366 D ApOkHttpUrlLoader: buildLoadData() called with: model = [http://static.libsyn.com/p/assets/7/1/f/3/71f3014e14ef2722/JREiTunesImage2.jpg], width = [350], height = [350]
08-06 06:17:39.008 15430 16178 D DBReader: getImageAuthentication() called with: imageUrl = [http://static.libsyn.com/p/assets/7/1/f/3/71f3014e14ef2722/JREiTunesImage2.jpg]
08-06 06:17:39.009 15430 16178 D ApOkHttpUrlLoader: no credentials for 'http://static.libsyn.com/p/assets/7/1/f/3/71f3014e14ef2722/JREiTunesImage2.jpg'
08-06 06:17:39.054 15430 16638 I art     : Starting a blocking GC Explicit
08-06 06:17:39.068 15430 16178 D MYTAG   : interceptor 2a
08-06 06:17:39.069 15430 16178 I NAPPA_EXPERIMENTATION: MetricNetworkRequestExecutionTime: REQUEST_DURATION_SYSTEM='59',REQUEST_DURATION_OKHTTP='36',REQUEST_SYNCHRONOUS='TRUE',RESPONSE_CODE='200',RESPONSE_METHOD='GET',RESPONSE_LENGTH_OKHTTP='402832',RESPONSE_LENGTH_HEADER='402832',REQUEST_PROTOCOL='http/1.1',REQUEST_URL='http://static.libsyn.com/p/assets/7/1/f/3/71f3014e14ef2722/JREiTunesImage2.jpg',
08-06 06:17:39.090 15430 16638 I art     : Explicit concurrent mark sweep GC freed 9170(919KB) AllocSpace objects, 44(2MB) LOS objects, 34% free, 30MB/46MB, paused 801us total 35.966ms
08-06 06:17:39.102 15430 16638 I art     : Starting a blocking GC Explicit
08-06 06:17:39.136 15430 16638 I art     : Explicit concurrent mark sweep GC freed 646(31KB) AllocSpace objects, 1(112KB) LOS objects, 33% free, 31MB/47MB, paused 842us total 33.558ms
08-06 06:17:39.147 15430 16638 I art     : Starting a blocking GC Explicit
08-06 06:17:39.183 15430 16638 I art     : Explicit concurrent mark sweep GC freed 24(816B) AllocSpace objects, 0(0B) LOS objects, 33% free, 31MB/47MB, paused 903us total 36.150ms
08-06 06:17:39.195 15430 16638 I art     : Starting a blocking GC Explicit
08-06 06:17:39.231 15430 16638 I art     : Explicit concurrent mark sweep GC freed 64(5KB) AllocSpace objects, 0(0B) LOS objects, 33% free, 31MB/47MB, paused 816us total 36.446ms
08-06 06:17:39.243 15430 16638 I art     : Starting a blocking GC Explicit
08-06 06:17:39.280 15430 16638 I art     : Explicit concurrent mark sweep GC freed 68(10KB) AllocSpace objects, 0(0B) LOS objects, 33% free, 31MB/47MB, paused 809us total 36.526ms
08-06 06:17:39.596 15430 15446 I art     : Starting a blocking GC Explicit
08-06 06:17:39.640 15430 15446 I art     : Explicit concurrent mark sweep GC freed 1402(81KB) AllocSpace objects, 1(20KB) LOS objects, 33% free, 31MB/47MB, paused 923us total 43.603ms
08-06 06:17:39.655 15430 15446 I art     : Starting a blocking GC Explicit
08-06 06:17:39.692 15430 15446 I art     : Explicit concurrent mark sweep GC freed 23(752B) AllocSpace objects, 0(0B) LOS objects, 33% free, 31MB/47MB, paused 830us total 37.418ms
08-06 06:17:39.705 15430 15446 I art     : Starting a blocking GC Explicit
08-06 06:17:39.733  9013  9013 W Atfwd_Sendcmd: AtCmdFwd service not published, waiting... retryCnt : 1
08-06 06:17:39.744 15430 15446 I art     : Explicit concurrent mark sweep GC freed 3(96B) AllocSpace objects, 0(0B) LOS objects, 33% free, 31MB/47MB, paused 820us total 38.746ms
08-06 06:17:39.756 15430 15446 I art     : Starting a blocking GC Explicit
08-06 06:17:39.795 15430 15446 I art     : Explicit concurrent mark sweep GC freed 3(96B) AllocSpace objects, 0(0B) LOS objects, 33% free, 31MB/47MB, paused 779us total 38.045ms
08-06 06:17:39.807 15430 15446 I art     : Starting a blocking GC Explicit
08-06 06:17:39.845 15430 15446 I art     : Explicit concurrent mark sweep GC freed 3(96B) AllocSpace objects, 0(0B) LOS objects, 33% free, 31MB/47MB, paused 829us total 38.243ms
08-06 06:17:40.122 15430 15511 I art     : Starting a blocking GC Explicit
08-06 06:17:40.167 15430 15511 I art     : Explicit concurrent mark sweep GC freed 1367(80KB) AllocSpace objects, 1(20KB) LOS objects, 33% free, 31MB/47MB, paused 875us total 44.236ms
08-06 06:17:40.179 15430 15511 I art     : Starting a blocking GC Explicit
08-06 06:17:40.215 15430 15511 I art     : Explicit concurrent mark sweep GC freed 23(752B) AllocSpace objects, 0(0B) LOS objects, 33% free, 31MB/47MB, paused 842us total 36.647ms
08-06 06:17:40.227 15430 15511 I art     : Starting a blocking GC Explicit
08-06 06:17:40.264 15430 15511 I art     : Explicit concurrent mark sweep GC freed 3(96B) AllocSpace objects, 0(0B) LOS objects, 33% free, 31MB/47MB, paused 831us total 36.222ms
08-06 06:17:40.276 15430 15511 I art     : Starting a blocking GC Explicit
08-06 06:17:40.302 16776 16776 D AndroidRuntime: >>>>>> START com.android.internal.os.RuntimeInit uid 2000 <<<<<<
08-06 06:17:40.307 16776 16776 D AndroidRuntime: CheckJNI is OFF
08-06 06:17:40.312 15430 15511 I art     : Explicit concurrent mark sweep GC freed 3(96B) AllocSpace objects, 0(0B) LOS objects, 33% free, 31MB/47MB, paused 911us total 35.910ms
08-06 06:17:40.324 15430 15511 I art     : Starting a blocking GC Explicit
08-06 06:17:40.342 16776 16776 D ICU     : No timezone override file found: /data/misc/zoneinfo/current/icu/icu_tzdata.dat
08-06 06:17:40.360 15430 15511 I art     : Explicit concurrent mark sweep GC freed 3(96B) AllocSpace objects, 0(0B) LOS objects, 33% free, 31MB/47MB, paused 885us total 35.318ms
08-06 06:17:40.377 16776 16776 I Radio-JNI: register_android_hardware_Radio DONE
08-06 06:17:40.399 16776 16776 D AndroidRuntime: Calling main entry com.android.commands.input.Input
08-06 06:17:40.401 16776 16776 I Input   : injectMotionEvent: MotionEvent { action=ACTION_DOWN, actionButton=0, id[0]=0, x[0]=693.0, y[0]=821.0, toolType[0]=TOOL_TYPE_UNKNOWN, buttonState=0, metaState=0, flags=0x0, edgeFlags=0x0, pointerCount=1, historySize=0, eventTime=857876814, downTime=857876814, deviceId=0, source=0x1002 }
08-06 06:17:40.407 16776 16776 I Input   : injectMotionEvent: MotionEvent { action=ACTION_UP, actionButton=0, id[0]=0, x[0]=693.0, y[0]=821.0, toolType[0]=TOOL_TYPE_UNKNOWN, buttonState=0, metaState=0, flags=0x0, edgeFlags=0x0, pointerCount=1, historySize=0, eventTime=857876814, downTime=857876814, deviceId=0, source=0x1002 }
08-06 06:17:40.409 16776 16776 D AndroidRuntime: Shutting down VM
08-06 06:17:40.422 15430 15430 D UserPreferences: Using default data folder
08-06 06:17:40.423   512  2967 D audio_hw_primary: out_set_parameters: enter: usecase(1: low-latency-playback) kvpairs: routing=2
08-06 06:17:40.424 15430 15430 D DownloadRequester: partiallyDownloadedFileExists: false
08-06 06:17:40.424 15430 15430 D DownloadRequester: /storage/emulated/0/Android/data/baseline.de.danoeh.antennapod.debug/files/cache/feed-The Joe Rogan Experience is available as a download destination
08-06 06:17:40.424 15430 15430 D DownloadRequester: Requesting download of url http://joeroganexp.joerogan.libsynpro.com/rss
08-06 06:17:40.435   512  2967 D audio_hw_primary: select_devices: out_snd_device(2: speaker) in_snd_device(0: none)
08-06 06:17:40.436   512  2967 D msm8974_platform: platform_send_audio_calibration: sending audio calibration for snd_device(2) acdb_id(15)
08-06 06:17:40.436   512  2967 I soundtrigger: audio_extn_sound_trigger_update_device_status: device 0x2 of type 0 for Event 1
08-06 06:17:40.438 15430 15430 D DownloadService: Service started
08-06 06:17:40.439 15430 15430 D DownloadService: parallel downloads: 4
08-06 06:17:40.440 15430 16799 D downloadCompletionThd: downloadCompletionThread was started
08-06 06:17:40.441 15430 15430 D DownloadService: Notification set up
08-06 06:17:40.446 15430 15430 D DownloadService: Received enqueue request
08-06 06:17:40.446 15430 15430 D OnlineFeedViewActivity: onEventMainThread() called with: event = [DownloadEvent{update=DownloaderUpdate{downloaders=[baseline.de.danoeh.antennapod.core.service.download.HttpDownloader@8f335e0], feedIds=[0], mediaIds=[]}}]
08-06 06:17:40.447 15430 15430 D DownloadService: 1 downloads left
08-06 06:17:40.447 15430 15430 D DownloadService: Setting up notification updater
08-06 06:17:40.447   918  3359 D WifiService: acquireWifiLockLocked: WifiLock{Downloader type=1 binder=android.os.BinderProxy@71434da}
08-06 06:17:40.448 15430 16801 D AntennapodHttpClient: Creating new instance of HTTP client
08-06 06:17:40.449   512  2967 D audio_hw_primary: enable_snd_device: snd_device(2: speaker)
08-06 06:17:40.451   512  2967 D audio_hw_primary: enable_audio_route: apply and update mixer path: low-latency-playback speaker
08-06 06:17:40.501 15430 16801 D MYTAG   : interceptor 3a http://joeroganexp.joerogan.libsynpro.com/rss
08-06 06:17:40.502 15430 16801 I NAPPA_EXPERIMENTATION: MetricNetworkRequestExecutionTime: REQUEST_DURATION_SYSTEM='52',REQUEST_DURATION_OKHTTP='33',REQUEST_SYNCHRONOUS='TRUE',RESPONSE_CODE='200',RESPONSE_METHOD='GET',RESPONSE_LENGTH_OKHTTP='-1',RESPONSE_LENGTH_HEADER='307892',REQUEST_PROTOCOL='http/1.1',REQUEST_URL='http://joeroganexp.joerogan.libsynpro.com/rss',
08-06 06:17:40.502 15430 16801 D HttpDownloader: Response code is 200
08-06 06:17:40.502 15430 16801 D UserPreferences: Using default data folder
08-06 06:17:40.505 15430 16801 D HttpDownloader: Getting size of download
08-06 06:17:40.506 15430 16801 D HttpDownloader: Size is -1
08-06 06:17:40.506 15430 16801 D UserPreferences: Using default data folder
08-06 06:17:40.506 15430 16801 D HttpDownloader: Free space is 20190806016
08-06 06:17:40.506 15430 16801 D HttpDownloader: Starting download
08-06 06:17:40.600 15430 15511 I art     : Starting a blocking GC Explicit
08-06 06:17:40.614 15430 16801 D HttpDownloader: Download was successful
08-06 06:17:40.615   918  3696 D WifiService: releaseWifiLockLocked: WifiLock{Downloader type=1 binder=android.os.BinderProxy@71434da}
08-06 06:17:40.615 15430 16799 D downloadCompletionThd: Received 'Download Complete' - message.
08-06 06:17:40.615 15430 16799 D DownloadService: Handling completed Feed Download
08-06 06:17:40.616 15430 16800 D FeedSyncThread: Waiting for 3000 ms
08-06 06:17:40.620 15430 15430 D DownloadService: Removing downloader: http://joeroganexp.joerogan.libsynpro.com/rss
08-06 06:17:40.620 15430 15430 D DownloadService: Result of downloads.remove: true
08-06 06:17:40.621 15430 16814 D TypeGetter: Recognized type RSS 2.0
08-06 06:17:40.624 15430 16814 D SyndHandler: Recognized Atom namespace
08-06 06:17:40.624 15430 16814 D SyndHandler: Recognized ITunes namespace
08-06 06:17:40.624 15430 16814 D SyndHandler: Recognized media namespace
08-06 06:17:40.624 15430 16814 D SyndHandler: Recognized Content namespace
08-06 06:17:40.635 15430 15511 I art     : Explicit concurrent mark sweep GC freed 3300(301KB) AllocSpace objects, 4(80KB) LOS objects, 33% free, 31MB/47MB, paused 1.090ms total 35.249ms
08-06 06:17:40.647 15430 15511 I art     : Starting a blocking GC Explicit
08-06 06:17:40.682 15430 15511 I art     : Explicit concurrent mark sweep GC freed 2946(185KB) AllocSpace objects, 0(0B) LOS objects, 33% free, 31MB/47MB, paused 1.128ms total 34.885ms
08-06 06:17:40.682 15430 15445 I art     : WaitForGcToComplete blocked for 33.358ms for cause HeapTrim
08-06 06:17:40.693 15430 15511 I art     : Starting a blocking GC Explicit
08-06 06:17:40.721 13866 13882 I PeriodicStatsRunner: PeriodicStatsRunner.call():175 call()
08-06 06:17:40.721 13866 13882 I PeriodicStatsRunner: PeriodicStatsRunner.call():179 No submit PeriodicStats since input started.
08-06 06:17:40.728 15430 15511 I art     : Explicit concurrent mark sweep GC freed 3566(177KB) AllocSpace objects, 0(0B) LOS objects, 33% free, 31MB/47MB, paused 1.165ms total 34.891ms
08-06 06:17:40.739 15430 15511 I art     : Starting a blocking GC Explicit
08-06 06:17:40.775 15430 15511 I art     : Explicit concurrent mark sweep GC freed 3524(187KB) AllocSpace objects, 0(0B) LOS objects, 33% free, 31MB/47MB, paused 1.196ms total 35.577ms
08-06 06:17:40.786 15430 15511 I art     : Starting a blocking GC Explicit
08-06 06:17:40.822 15430 15511 I art     : Explicit concurrent mark sweep GC freed 3634(182KB) AllocSpace objects, 0(0B) LOS objects, 33% free, 31MB/47MB, paused 1.261ms total 35.821ms
08-06 06:17:40.941 13866 13882 I PeriodicStatsRunner: PeriodicStatsRunner.call():175 call()
08-06 06:17:40.941 13866 13882 I PeriodicStatsRunner: PeriodicStatsRunner.call():179 No submit PeriodicStats since input started.
08-06 06:17:40.989   512  2967 D audio_hw_primary: disable_audio_route: reset and update mixer path: low-latency-playback speaker
08-06 06:17:40.990   512  2967 D audio_hw_primary: disable_snd_device: snd_device(2: speaker)
08-06 06:17:40.998   512  2967 I soundtrigger: audio_extn_sound_trigger_update_device_status: device 0x2 of type 0 for Event 0
08-06 06:17:41.026 13866 13882 I PeriodicStatsRunner: PeriodicStatsRunner.call():175 call()
08-06 06:17:41.027 13866 13882 I PeriodicStatsRunner: PeriodicStatsRunner.call():179 No submit PeriodicStats since input started.
08-06 06:17:41.101 15430 15447 I art     : Starting a blocking GC Explicit
08-06 06:17:41.147 15430 15447 I art     : Explicit concurrent mark sweep GC freed 24108(1295KB) AllocSpace objects, 1(20KB) LOS objects, 32% free, 32MB/48MB, paused 1.209ms total 45.748ms
08-06 06:17:41.160 15430 15447 I art     : Starting a blocking GC Explicit
08-06 06:17:41.199 15430 15447 I art     : Explicit concurrent mark sweep GC freed 8819(426KB) AllocSpace objects, 0(0B) LOS objects, 33% free, 32MB/48MB, paused 1.261ms total 38.421ms
08-06 06:17:41.210 15430 15447 I art     : Starting a blocking GC Explicit
08-06 06:17:41.247 15430 15447 I art     : Explicit concurrent mark sweep GC freed 5138(249KB) AllocSpace objects, 0(0B) LOS objects, 33% free, 32MB/48MB, paused 1.157ms total 36.933ms
08-06 06:17:41.259 15430 15447 I art     : Starting a blocking GC Explicit
08-06 06:17:41.297 15430 15447 I art     : Explicit concurrent mark sweep GC freed 3826(191KB) AllocSpace objects, 0(0B) LOS objects, 33% free, 32MB/48MB, paused 1.173ms total 37.916ms
08-06 06:17:41.309 15430 15447 I art     : Starting a blocking GC Explicit
08-06 06:17:41.347 15430 15447 I art     : Explicit concurrent mark sweep GC freed 3925(203KB) AllocSpace objects, 0(0B) LOS objects, 32% free, 32MB/48MB, paused 1.143ms total 37.944ms
08-06 06:17:41.626 15430 15511 I art     : Starting a blocking GC Explicit
08-06 06:17:41.677 15430 15511 I art     : Explicit concurrent mark sweep GC freed 24536(1331KB) AllocSpace objects, 1(20KB) LOS objects, 32% free, 33MB/49MB, paused 1.329ms total 50.974ms
08-06 06:17:41.691 15430 15511 I art     : Starting a blocking GC Explicit
08-06 06:17:41.730 15430 15511 I art     : Explicit concurrent mark sweep GC freed 9723(462KB) AllocSpace objects, 0(0B) LOS objects, 32% free, 33MB/49MB, paused 1.238ms total 39.141ms
08-06 06:17:41.742 15430 15511 I art     : Starting a blocking GC Explicit
08-06 06:17:41.781 15430 15511 I art     : Explicit concurrent mark sweep GC freed 4808(241KB) AllocSpace objects, 0(0B) LOS objects, 32% free, 33MB/49MB, paused 1.248ms total 38.377ms
08-06 06:17:41.793 15430 15511 I art     : Starting a blocking GC Explicit
08-06 06:17:41.833 15430 15511 I art     : Explicit concurrent mark sweep GC freed 4089(211KB) AllocSpace objects, 0(0B) LOS objects, 32% free, 33MB/49MB, paused 1.221ms total 40.085ms
08-06 06:17:41.846 15430 15511 I art     : Starting a blocking GC Explicit
08-06 06:17:41.880   518   646 I ThermalEngine: ACTION: GPU - Setting GPU[0] to 450000000
08-06 06:17:41.891 15430 15511 I art     : Explicit concurrent mark sweep GC freed 4138(207KB) AllocSpace objects, 0(0B) LOS objects, 32% free, 33MB/49MB, paused 1.601ms total 45.476ms
08-06 06:17:41.947 15430 15430 D OnlineFeedViewActivity: onEventMainThread() called with: event = [DownloadEvent{update=DownloaderUpdate{downloaders=[], feedIds=[], mediaIds=[]}}]
08-06 06:17:42.193 15430 16638 I art     : Starting a blocking GC Explicit
08-06 06:17:42.254 15430 16638 I art     : Explicit concurrent mark sweep GC freed 20513(1146KB) AllocSpace objects, 1(20KB) LOS objects, 32% free, 33MB/49MB, paused 1.748ms total 61.157ms
08-06 06:17:42.271 15430 16638 I art     : Starting a blocking GC Explicit
08-06 06:17:42.324 15430 16638 I art     : Explicit concurrent mark sweep GC freed 9373(468KB) AllocSpace objects, 0(0B) LOS objects, 32% free, 33MB/49MB, paused 1.696ms total 52.632ms
08-06 06:17:42.340 15430 16638 I art     : Starting a blocking GC Explicit
08-06 06:17:42.396 15430 16638 I art     : Explicit concurrent mark sweep GC freed 4100(217KB) AllocSpace objects, 0(0B) LOS objects, 32% free, 33MB/49MB, paused 1.753ms total 55.760ms
08-06 06:17:42.412 15430 16638 I art     : Starting a blocking GC Explicit
08-06 06:17:42.472 15430 16638 I art     : Explicit concurrent mark sweep GC freed 4260(215KB) AllocSpace objects, 0(0B) LOS objects, 32% free, 33MB/49MB, paused 1.738ms total 59.037ms
08-06 06:17:42.489 15430 16638 I art     : Starting a blocking GC Explicit
08-06 06:17:42.545 15430 16638 I art     : Explicit concurrent mark sweep GC freed 4243(207KB) AllocSpace objects, 0(0B) LOS objects, 32% free, 33MB/49MB, paused 1.735ms total 55.798ms
08-06 06:17:42.885 15430 15447 I art     : Starting a blocking GC Explicit
08-06 06:17:42.958 15430 15447 I art     : Explicit concurrent mark sweep GC freed 22635(1266KB) AllocSpace objects, 1(20KB) LOS objects, 31% free, 34MB/50MB, paused 1.891ms total 71.992ms
08-06 06:17:42.976 15430 15447 I art     : Starting a blocking GC Explicit
08-06 06:17:43.035 15430 15447 I art     : Explicit concurrent mark sweep GC freed 8599(377KB) AllocSpace objects, 0(0B) LOS objects, 31% free, 34MB/50MB, paused 3.122ms total 58.699ms
08-06 06:17:43.052 15430 15447 I art     : Starting a blocking GC Explicit
08-06 06:17:43.112 15430 15447 I art     : Explicit concurrent mark sweep GC freed 6081(262KB) AllocSpace objects, 0(0B) LOS objects, 31% free, 34MB/50MB, paused 1.921ms total 59.524ms
08-06 06:17:43.129 15430 15447 I art     : Starting a blocking GC Explicit
08-06 06:17:43.187 15430 15447 I art     : Explicit concurrent mark sweep GC freed 4503(190KB) AllocSpace objects, 0(0B) LOS objects, 31% free, 34MB/50MB, paused 1.895ms total 57.817ms
08-06 06:17:43.205 15430 15447 I art     : Starting a blocking GC Explicit
08-06 06:17:43.268 15430 15447 I art     : Explicit concurrent mark sweep GC freed 4556(202KB) AllocSpace objects, 0(0B) LOS objects, 31% free, 34MB/50MB, paused 1.805ms total 62.559ms
08-06 06:17:43.451 15430 15430 D OnlineFeedViewActivity: onEventMainThread() called with: event = [DownloadEvent{update=DownloaderUpdate{downloaders=[], feedIds=[], mediaIds=[]}}]
08-06 06:17:43.509 15430 16814 D FeedSyncThread: The Joe Rogan Experience parsed
08-06 06:17:43.515 15430 16814 D FeedSyncThread: Deletion of file '/storage/emulated/0/Android/data/baseline.de.danoeh.antennapod.debug/files/cache/feed-The Joe Rogan Experience' successful
08-06 06:17:43.516 15430 16814 D DBReader: getFeedDownloadLog() called with: feed = [baseline.de.danoeh.antennapod.core.feed.Feed@0]
08-06 06:17:43.605 15430 15446 I art     : Starting a blocking GC Explicit
08-06 06:17:43.616 15430 16800 D FeedSyncThread: Bundling 1 feeds
08-06 06:17:43.618 15430 16866 D DBReader: Extracting Feedlist
08-06 06:17:43.620 15430 16866 D DBTasks : Found no existing Feed with title The Joe Rogan Experience. Adding as new one.
08-06 06:17:43.624 15430 16531 D PodDBAdapter: Setting feed with flattr status The Joe Rogan Experience: 0
08-06 06:17:43.625 15430 16531 D baseline.de.danoeh.antennapod.core.storage.PodDBAdapter@c6ea0d0: Inserting new Feed into db
08-06 06:17:43.679 15430 15446 I art     : Explicit concurrent mark sweep GC freed 28316(1529KB) AllocSpace objects, 1(20KB) LOS objects, 31% free, 34MB/50MB, paused 1.564ms total 73.417ms
08-06 06:17:43.697 15430 15446 I art     : Starting a blocking GC Explicit
08-06 06:17:43.757 15430 15446 I art     : Explicit concurrent mark sweep GC freed 27143(1903KB) AllocSpace objects, 0(0B) LOS objects, 31% free, 34MB/50MB, paused 1.587ms total 60.511ms
08-06 06:17:43.774 15430 15446 I art     : Starting a blocking GC Explicit
08-06 06:17:43.835 15430 15446 I art     : Explicit concurrent mark sweep GC freed 21634(1619KB) AllocSpace objects, 0(0B) LOS objects, 31% free, 34MB/50MB, paused 1.556ms total 60.008ms
08-06 06:17:43.853 15430 15446 I art     : Starting a blocking GC Explicit
08-06 06:17:43.911 15430 15446 I art     : Explicit concurrent mark sweep GC freed 19947(1494KB) AllocSpace objects, 0(0B) LOS objects, 31% free, 34MB/50MB, paused 1.557ms total 57.764ms
08-06 06:17:43.928 15430 15446 I art     : Starting a blocking GC Explicit
08-06 06:17:43.988 15430 15446 I art     : Explicit concurrent mark sweep GC freed 21210(1583KB) AllocSpace objects, 0(0B) LOS objects, 31% free, 34MB/50MB, paused 1.511ms total 59.760ms
08-06 06:17:44.124 15430 15430 D EventDistributor: Processing event queue. Number of events: 1
08-06 06:17:44.124 15430 15430 D EventDistributor: Notifying observers. Data: 1
08-06 06:17:44.125 15430 15430 D DownloadService: 0 downloads left
08-06 06:17:44.125 15430 15963 D DBReader: Extracting Feedlist
08-06 06:17:44.125 15430 15430 D DownloadService: Number of downloads is 0, attempting shutdown
08-06 06:17:44.128 15430 15430 D DownloadService: Service shutting down
08-06 06:17:44.128 15430 15430 D DownloadService: No report is created
08-06 06:17:44.129 15430 15430 D OnlineFeedViewActivity: onEventMainThread() called with: event = [DownloadEvent{update=DownloaderUpdate{downloaders=[], feedIds=[], mediaIds=[]}}]
08-06 06:17:44.134 15430 16799 E downloadCompletionThd: DownloadCompletionThread was interrupted
08-06 06:17:44.135 15430 15430 D DownloadService: NotificationUpdater cancelled. Result: false
08-06 06:17:44.136 15430 15430 D DBTasks : autodownloadUndownloadedItems
08-06 06:17:44.137 15430 16532 D NetworkUtils: Device is connected to Wi-Fi
08-06 06:17:44.137 15430 16532 D NetworkUtils: Auto-dl filter is disabled
08-06 06:17:44.301 15430 15511 I art     : Starting a blocking GC Explicit
08-06 06:17:44.365 15430 15511 I art     : Explicit concurrent mark sweep GC freed 56614(4MB) AllocSpace objects, 2(40KB) LOS objects, 33% free, 31MB/47MB, paused 1.239ms total 63.683ms
08-06 06:17:44.380 15430 15511 I art     : Starting a blocking GC Explicit
08-06 06:17:44.428 15430 15511 I art     : Explicit concurrent mark sweep GC freed 99(4KB) AllocSpace objects, 0(0B) LOS objects, 33% free, 31MB/47MB, paused 1.287ms total 47.546ms
08-06 06:17:44.443 15430 15511 I art     : Starting a blocking GC Explicit
08-06 06:17:44.492 15430 15511 I art     : Explicit concurrent mark sweep GC freed 3(96B) AllocSpace objects, 0(0B) LOS objects, 33% free, 31MB/47MB, paused 1.199ms total 48.646ms
08-06 06:17:44.508 15430 15511 I art     : Starting a blocking GC Explicit
08-06 06:17:44.561 15430 15511 I art     : Explicit concurrent mark sweep GC freed 3(96B) AllocSpace objects, 0(0B) LOS objects, 33% free, 31MB/47MB, paused 1.233ms total 52.308ms
08-06 06:17:44.577 15430 15511 I art     : Starting a blocking GC Explicit
08-06 06:17:44.626 15430 15511 I art     : Explicit concurrent mark sweep GC freed 32(880B) AllocSpace objects, 0(0B) LOS objects, 33% free, 31MB/47MB, paused 1.253ms total 48.900ms
08-06 06:17:44.734  9013  9013 I ServiceManager: Waiting for service AtCmdFwd...
08-06 06:17:44.932 15430 15446 I art     : Starting a blocking GC Explicit
08-06 06:17:44.979 15430 15446 I art     : Explicit concurrent mark sweep GC freed 1386(82KB) AllocSpace objects, 1(20KB) LOS objects, 33% free, 31MB/47MB, paused 1.270ms total 46.734ms
08-06 06:17:44.994 15430 15446 I art     : Starting a blocking GC Explicit
08-06 06:17:45.042 15430 15446 I art     : Explicit concurrent mark sweep GC freed 23(752B) AllocSpace objects, 0(0B) LOS objects, 33% free, 31MB/47MB, paused 1.157ms total 48.287ms
08-06 06:17:45.058 15430 15446 I art     : Starting a blocking GC Explicit
08-06 06:17:45.107 15430 15446 I art     : Explicit concurrent mark sweep GC freed 3(96B) AllocSpace objects, 0(0B) LOS objects, 33% free, 31MB/47MB, paused 1.227ms total 48.859ms
08-06 06:17:45.122 15430 15446 I art     : Starting a blocking GC Explicit
08-06 06:17:45.171 15430 15446 I art     : Explicit concurrent mark sweep GC freed 3(96B) AllocSpace objects, 0(0B) LOS objects, 33% free, 31MB/47MB, paused 1.248ms total 48.910ms
08-06 06:17:45.187 15430 15446 I art     : Starting a blocking GC Explicit
08-06 06:17:45.219 16877 16877 D AndroidRuntime: >>>>>> START com.android.internal.os.RuntimeInit uid 2000 <<<<<<
08-06 06:17:45.225 16877 16877 D AndroidRuntime: CheckJNI is OFF
08-06 06:17:45.236 15430 15446 I art     : Explicit concurrent mark sweep GC freed 3(96B) AllocSpace objects, 0(0B) LOS objects, 33% free, 31MB/47MB, paused 1.182ms total 48.642ms
08-06 06:17:45.273 16877 16877 D ICU     : No timezone override file found: /data/misc/zoneinfo/current/icu/icu_tzdata.dat
08-06 06:17:45.318 16877 16877 I Radio-JNI: register_android_hardware_Radio DONE
08-06 06:17:45.348 16877 16877 D AndroidRuntime: Calling main entry com.android.commands.input.Input
08-06 06:17:45.350 16877 16877 I Input   : injectKeyEvent: KeyEvent { action=ACTION_DOWN, keyCode=KEYCODE_BACK, scanCode=0, metaState=0, flags=0x0, repeatCount=0, eventTime=857881762, downTime=857881762, deviceId=-1, source=0x101 }
08-06 06:17:45.356 16877 16877 I Input   : injectKeyEvent: KeyEvent { action=ACTION_UP, keyCode=KEYCODE_BACK, scanCode=0, metaState=0, flags=0x0, repeatCount=0, eventTime=857881762, downTime=857881762, deviceId=-1, source=0x101 }
08-06 06:17:45.363 16877 16877 D AndroidRuntime: Shutting down VM
08-06 06:17:45.367 15430 15430 V PlaybackController: initServiceNotRunning()
08-06 06:17:45.368 15430 15430 D ExternalPlayerFragment: Loading media info
08-06 06:17:45.371 15430 15430 D UserPreferences: Using default data folder
08-06 06:17:45.372 15430 15963 D DBReader: getNavDrawerData() called with: 
08-06 06:17:45.386 15430 15963 D DBReader: getDownloadedItems() called
08-06 06:17:45.388 15430 15963 D DBReader: getFavoriteIDList() called
08-06 06:17:45.388 15430 15963 D DBReader: getQueueIDList() called
08-06 06:17:45.389 15430 15963 D DBReader: Extracting Feedlist
08-06 06:17:45.401 13866 13866 I GoogleInputMethodServic: GoogleInputMethodService.onFinishInput():3138 
08-06 06:17:45.401 15430 15430 D MainActivity: getLastNavFragment() -> AddFeedFragment
08-06 06:17:45.402 13866 13866 I GoogleInputMethodServic: GoogleInputMethodService.onStartInput():1808 
08-06 06:17:45.406 15430 16366 D ApOkHttpUrlLoader: buildLoadData() called with: model = [http://static.libsyn.com/p/assets/7/1/f/3/71f3014e14ef2722/JREiTunesImage2.jpg], width = [140], height = [140]
08-06 06:17:45.455 15430 16366 D ApOkHttpUrlLoader: buildLoadData() called with: model = [http://static.libsyn.com/p/assets/7/1/f/3/71f3014e14ef2722/JREiTunesImage2.jpg], width = [140], height = [140]
08-06 06:17:45.527 15430 15446 I art     : Starting a blocking GC Explicit
08-06 06:17:45.581 15430 15446 I art     : Explicit concurrent mark sweep GC freed 2880(186KB) AllocSpace objects, 1(20KB) LOS objects, 33% free, 31MB/47MB, paused 1.443ms total 53.617ms
08-06 06:17:45.600 15430 15446 I art     : Starting a blocking GC Explicit
08-06 06:17:45.652 15430 15446 I art     : Explicit concurrent mark sweep GC freed 542(27KB) AllocSpace objects, 0(0B) LOS objects, 33% free, 31MB/47MB, paused 1.295ms total 51.026ms
08-06 06:17:45.670 15430 15446 I art     : Starting a blocking GC Explicit
08-06 06:17:45.708   380   380 W SurfaceFlinger: couldn't log to binary event log: overflow.
08-06 06:17:45.721 15430 15446 I art     : Explicit concurrent mark sweep GC freed 487(20KB) AllocSpace objects, 0(0B) LOS objects, 33% free, 31MB/47MB, paused 1.238ms total 50.384ms
08-06 06:17:45.734  9013  9013 I ServiceManager: Waiting for service AtCmdFwd...
08-06 06:17:45.735 15430 15446 I art     : Starting a blocking GC Explicit
08-06 06:17:45.778 15430 15446 I art     : Explicit concurrent mark sweep GC freed 156(6KB) AllocSpace objects, 0(0B) LOS objects, 33% free, 31MB/47MB, paused 1.109ms total 42.960ms
08-06 06:17:45.778 15430 15445 I art     : WaitForGcToComplete blocked for 43.236ms for cause HeapTrim
08-06 06:17:45.792 15430 15446 I art     : Starting a blocking GC Explicit
08-06 06:17:45.831 15430 15446 I art     : Explicit concurrent mark sweep GC freed 33315(3MB) AllocSpace objects, 2(248KB) LOS objects, 36% free, 28MB/44MB, paused 1.170ms total 37.940ms
08-06 06:17:45.887   518   646 I ThermalEngine: ACTION: GPU - Setting GPU[0] to 510000000
08-06 06:17:46.127 15430 16638 I art     : Starting a blocking GC Explicit
08-06 06:17:46.156 15430 16638 I art     : Explicit concurrent mark sweep GC freed 1376(80KB) AllocSpace objects, 1(20KB) LOS objects, 36% free, 28MB/44MB, paused 933us total 28.475ms
08-06 06:17:46.165 15430 16638 I art     : Starting a blocking GC Explicit
08-06 06:17:46.194 15430 16638 I art     : Explicit concurrent mark sweep GC freed 23(752B) AllocSpace objects, 0(0B) LOS objects, 36% free, 28MB/44MB, paused 893us total 28.080ms
08-06 06:17:46.203 15430 16638 I art     : Starting a blocking GC Explicit
08-06 06:17:46.231 15430 16638 I art     : Explicit concurrent mark sweep GC freed 3(96B) AllocSpace objects, 0(0B) LOS objects, 36% free, 28MB/44MB, paused 891us total 27.434ms
08-06 06:17:46.240 15430 16638 I art     : Starting a blocking GC Explicit
08-06 06:17:46.268 15430 16638 I art     : Explicit concurrent mark sweep GC freed 3(96B) AllocSpace objects, 0(0B) LOS objects, 36% free, 28MB/44MB, paused 937us total 27.746ms
08-06 06:17:46.277 15430 16638 I art     : Starting a blocking GC Explicit
08-06 06:17:46.305 15430 16638 I art     : Explicit concurrent mark sweep GC freed 3(96B) AllocSpace objects, 0(0B) LOS objects, 36% free, 28MB/44MB, paused 888us total 27.687ms
08-06 06:17:46.609 15430 15511 I art     : Starting a blocking GC Explicit
08-06 06:17:46.641 15430 15511 I art     : Explicit concurrent mark sweep GC freed 1402(83KB) AllocSpace objects, 1(20KB) LOS objects, 36% free, 28MB/44MB, paused 1.012ms total 32.096ms
08-06 06:17:46.650 15430 15511 I art     : Starting a blocking GC Explicit
08-06 06:17:46.678 15430 15511 I art     : Explicit concurrent mark sweep GC freed 23(752B) AllocSpace objects, 0(0B) LOS objects, 36% free, 28MB/44MB, paused 919us total 27.408ms
08-06 06:17:46.687 15430 15511 I art     : Starting a blocking GC Explicit
08-06 06:17:46.713 15430 15511 I art     : Explicit concurrent mark sweep GC freed 3(96B) AllocSpace objects, 0(0B) LOS objects, 36% free, 28MB/44MB, paused 888us total 26.050ms
08-06 06:17:46.723 15430 15511 I art     : Starting a blocking GC Explicit
08-06 06:17:46.735  9013  9013 I ServiceManager: Waiting for service AtCmdFwd...
08-06 06:17:46.748 15430 15511 I art     : Explicit concurrent mark sweep GC freed 3(96B) AllocSpace objects, 0(0B) LOS objects, 36% free, 28MB/44MB, paused 899us total 25.416ms
08-06 06:17:46.757 15430 15511 I art     : Starting a blocking GC Explicit
08-06 06:17:46.784 15430 15511 I art     : Explicit concurrent mark sweep GC freed 3(96B) AllocSpace objects, 0(0B) LOS objects, 36% free, 28MB/44MB, paused 923us total 26.274ms
08-06 06:17:47.017 16930 16930 D AndroidRuntime: >>>>>> START com.android.internal.os.RuntimeInit uid 2000 <<<<<<
08-06 06:17:47.023 16930 16930 D AndroidRuntime: CheckJNI is OFF
08-06 06:17:47.059 16930 16930 D ICU     : No timezone override file found: /data/misc/zoneinfo/current/icu/icu_tzdata.dat
08-06 06:17:47.081 15430 15446 I art     : Starting a blocking GC Explicit
08-06 06:17:47.094 16930 16930 I Radio-JNI: register_android_hardware_Radio DONE
08-06 06:17:47.108 15430 15446 I art     : Explicit concurrent mark sweep GC freed 1386(81KB) AllocSpace objects, 1(20KB) LOS objects, 36% free, 28MB/44MB, paused 827us total 26.642ms
08-06 06:17:47.117 15430 15446 I art     : Starting a blocking GC Explicit
08-06 06:17:47.117 16930 16930 D AndroidRuntime: Calling main entry com.android.commands.input.Input
08-06 06:17:47.119 16930 16930 I Input   : injectMotionEvent: MotionEvent { action=ACTION_DOWN, actionButton=0, id[0]=0, x[0]=639.0, y[0]=762.0, toolType[0]=TOOL_TYPE_UNKNOWN, buttonState=0, metaState=0, flags=0x0, edgeFlags=0x0, pointerCount=1, historySize=0, eventTime=857883532, downTime=857883532, deviceId=0, source=0x1002 }
08-06 06:17:47.119 24365  4184 I NetworkScheduler.Stats: Task com.google.android.gms/com.google.android.gms.icing.service.IcingGcmTaskService started execution. cause:4 exec_start_elapsed_seconds: 1841270 [CONTEXT service_id=218 ]
08-06 06:17:47.123 16930 16930 I Input   : injectMotionEvent: MotionEvent { action=ACTION_UP, actionButton=0, id[0]=0, x[0]=639.0, y[0]=762.0, toolType[0]=TOOL_TYPE_UNKNOWN, buttonState=0, metaState=0, flags=0x0, edgeFlags=0x0, pointerCount=1, historySize=0, eventTime=857883532, downTime=857883532, deviceId=0, source=0x1002 }
08-06 06:17:47.125 16930 16930 D AndroidRuntime: Shutting down VM
08-06 06:17:47.139 24365 32102 I NetworkScheduler.Stats: Task com.google.android.gms/com.google.android.gms.icing.service.IcingGcmTaskService finished executing. cause:4 result: 1 elapsed_millis: 48 uptime_millis: 47 exec_start_elapsed_seconds: 1841270 [CONTEXT service_id=218 ]
08-06 06:17:47.142 15430 15446 I art     : Explicit concurrent mark sweep GC freed 270(13KB) AllocSpace objects, 0(0B) LOS objects, 36% free, 28MB/44MB, paused 864us total 24.683ms
08-06 06:17:47.151 15430 15446 I art     : Starting a blocking GC Explicit
08-06 06:17:47.174 15430 15446 I art     : Explicit concurrent mark sweep GC freed 11(432B) AllocSpace objects, 0(0B) LOS objects, 36% free, 28MB/44MB, paused 880us total 22.820ms
08-06 06:17:47.175 24365  4184 I NetworkScheduler.Stats: Task com.google.android.gms/com.google.android.gms.checkin.EventLogService started execution. cause:5 exec_start_elapsed_seconds: 1841271 [CONTEXT service_id=218 ]
08-06 06:17:47.182 15430 15446 I art     : Starting a blocking GC Explicit
08-06 06:17:47.188 24577  7409 I Checkin : [EventLogChimeraService] Opted in for usage reporting: false
08-06 06:17:47.188 24577  7409 I Checkin : [EventLogChimeraService] Aggregate from 1596685561123 (log), 1596685561123 (data)
08-06 06:17:47.195   512  2967 D audio_hw_primary: out_set_parameters: enter: usecase(1: low-latency-playback) kvpairs: routing=2
08-06 06:17:47.201   918  6029 I ActivityManager: Start proc 16953:com.google.process.gapps/u0a12 for content provider com.google.android.gsf/.gservices.GservicesProvider
08-06 06:17:47.206 15430 15446 I art     : Explicit concurrent mark sweep GC freed 154(6KB) AllocSpace objects, 0(0B) LOS objects, 36% free, 28MB/44MB, paused 934us total 23.259ms
08-06 06:17:47.208   512  2967 D audio_hw_primary: select_devices: out_snd_device(2: speaker) in_snd_device(0: none)
08-06 06:17:47.208   512  2967 D msm8974_platform: platform_send_audio_calibration: sending audio calibration for snd_device(2) acdb_id(15)
08-06 06:17:47.208   512  2967 I soundtrigger: audio_extn_sound_trigger_update_device_status: device 0x2 of type 0 for Event 1
08-06 06:17:47.214 15430 15446 I art     : Starting a blocking GC Explicit
08-06 06:17:47.215 13866 13866 I GoogleInputMethodServic: GoogleInputMethodService.onFinishInput():3138 
08-06 06:17:47.218   512  2967 D audio_hw_primary: enable_snd_device: snd_device(2: speaker)
08-06 06:17:47.219 13866 13866 I GoogleInputMethodServic: GoogleInputMethodService.onStartInput():1808 
08-06 06:17:47.220   512  2967 D audio_hw_primary: enable_audio_route: apply and update mixer path: low-latency-playback speaker
08-06 06:17:47.239 15430 15446 I art     : Explicit concurrent mark sweep GC freed 67(2800B) AllocSpace objects, 0(0B) LOS objects, 36% free, 28MB/44MB, paused 894us total 24.292ms
08-06 06:17:47.308 16953 16953 W System  : ClassLoader referenced unknown path: /system/priv-app/GoogleServicesFramework/lib/arm64
08-06 06:17:47.342 16953 16953 I GservicesProvider: Gservices pushing to system: true; secure/global: true
08-06 06:17:47.369 15430 15454 I NAPPA_EXPERIMENTATION: MetricNetworkRequestExecutionTime: REQUEST_DURATION_SYSTEM='175',REQUEST_DURATION_OKHTTP='173',REQUEST_SYNCHRONOUS='TRUE',RESPONSE_CODE='200',RESPONSE_METHOD='GET',RESPONSE_LENGTH_OKHTTP='-1',RESPONSE_LENGTH_HEADER='622',REQUEST_PROTOCOL='h2',REQUEST_URL='https://itunes.apple.com/lookup?id=360084272',
08-06 06:17:47.395   918  3714 I ActivityManager: START u0 {cmp=baseline.de.danoeh.antennapod.debug/baseline.de.danoeh.antennapod.activity.OnlineFeedViewActivity (has extras)} from uid 10711 on display 0
08-06 06:17:47.416 13866 13866 I GoogleInputMethodServic: GoogleInputMethodService.onFinishInput():3138 
08-06 06:17:47.417 13866 13866 I GoogleInputMethodServic: GoogleInputMethodService.onStartInput():1808 
08-06 06:17:47.438 15430 15430 D UserPreferences: Using default data folder
08-06 06:17:47.438 16953 16953 I GoogleHttpClient: GMS http client unavailable, use old client
08-06 06:17:47.439 15430 15430 D OnlineFeedViewActivity: Activity was started with url http://joeroganexp.joerogan.libsynpro.com/rss
08-06 06:17:47.441 15430 15430 D OnlineFeedViewActivity: Starting feed download
08-06 06:17:47.444 15430 15962 D DBReader: Extracting Feedlist
08-06 06:17:47.446   918  3714 D WifiService: acquireWifiLockLocked: WifiLock{Downloader type=1 binder=android.os.BinderProxy@7dcb273}
08-06 06:17:47.448 15430 15962 D AntennapodHttpClient: Creating new instance of HTTP client
08-06 06:17:47.458   918  3961 I AccountManagerService: getTypesVisibleToCaller: isPermitted? true
08-06 06:17:47.479 15430 16638 I art     : Starting a blocking GC Explicit
08-06 06:17:47.489 15430 15962 D MYTAG   : interceptor 3a http://joeroganexp.joerogan.libsynpro.com/rss
08-06 06:17:47.490 15430 15962 I NAPPA_EXPERIMENTATION: MetricNetworkRequestExecutionTime: REQUEST_DURATION_SYSTEM='40',REQUEST_DURATION_OKHTTP='36',REQUEST_SYNCHRONOUS='TRUE',RESPONSE_CODE='200',RESPONSE_METHOD='GET',RESPONSE_LENGTH_OKHTTP='-1',RESPONSE_LENGTH_HEADER='307892',REQUEST_PROTOCOL='http/1.1',REQUEST_URL='http://joeroganexp.joerogan.libsynpro.com/rss',
08-06 06:17:47.490 15430 15962 D HttpDownloader: Response code is 200
08-06 06:17:47.490 15430 15962 D UserPreferences: Using default data folder
08-06 06:17:47.491 15430 15962 D HttpDownloader: Getting size of download
08-06 06:17:47.491 15430 15962 D HttpDownloader: Size is -1
08-06 06:17:47.491 15430 15962 D UserPreferences: Using default data folder
08-06 06:17:47.491 15430 15962 D HttpDownloader: Free space is 20189577216
08-06 06:17:47.491 15430 15962 D HttpDownloader: Starting download
08-06 06:17:47.502 13866 13866 I GoogleInputMethodServic: GoogleInputMethodService.onFinishInput():3138 
08-06 06:17:47.503 13866 13866 I GoogleInputMethodServic: GoogleInputMethodService.onStartInput():1808 
08-06 06:17:47.510 15430 16638 I art     : Explicit concurrent mark sweep GC freed 3242(221KB) AllocSpace objects, 1(20KB) LOS objects, 36% free, 28MB/44MB, paused 1.113ms total 31.163ms
08-06 06:17:47.520 15430 16638 I art     : Starting a blocking GC Explicit
08-06 06:17:47.528   918   936 I ActivityManager: Displayed baseline.de.danoeh.antennapod.debug/baseline.de.danoeh.antennapod.activity.OnlineFeedViewActivity: +111ms
08-06 06:17:47.547 15430 16638 I art     : Explicit concurrent mark sweep GC freed 471(20KB) AllocSpace objects, 0(0B) LOS objects, 36% free, 28MB/44MB, paused 1.027ms total 26.637ms
08-06 06:17:47.557 15430 16638 I art     : Starting a blocking GC Explicit
08-06 06:17:47.565 15430 15455 D OpenGLRenderer: endAllStagingAnimators on 0x7f7f199000 (GridView) with handle 0x7f7c908b00
08-06 06:17:47.584 15430 16638 I art     : Explicit concurrent mark sweep GC freed 30(1552B) AllocSpace objects, 0(0B) LOS objects, 36% free, 28MB/44MB, paused 918us total 26.763ms
08-06 06:17:47.592 15430 16638 I art     : Starting a blocking GC Explicit
08-06 06:17:47.617 15430 16638 I art     : Explicit concurrent mark sweep GC freed 36(1008B) AllocSpace objects, 0(0B) LOS objects, 36% free, 28MB/44MB, paused 947us total 24.444ms
08-06 06:17:47.626 15430 16638 I art     : Starting a blocking GC Explicit
08-06 06:17:47.651 15430 16638 I art     : Explicit concurrent mark sweep GC freed 3(96B) AllocSpace objects, 0(0B) LOS objects, 36% free, 28MB/44MB, paused 871us total 24.972ms
08-06 06:17:47.671 15430 15962 D HttpDownloader: Download was successful
08-06 06:17:47.672   918  3696 D WifiService: releaseWifiLockLocked: WifiLock{Downloader type=1 binder=android.os.BinderProxy@7dcb273}
08-06 06:17:47.672 15430 15430 D OnlineFeedViewActivity: Parsing feed
08-06 06:17:47.676 15430 16980 D TypeGetter: Recognized type RSS 2.0
08-06 06:17:47.679 15430 16980 D SyndHandler: Recognized Atom namespace
08-06 06:17:47.679 15430 16980 D SyndHandler: Recognized ITunes namespace
08-06 06:17:47.679 15430 16980 D SyndHandler: Recognized media namespace
08-06 06:17:47.679 15430 16980 D SyndHandler: Recognized Content namespace
08-06 06:17:47.735  9013  9013 I ServiceManager: Waiting for service AtCmdFwd...
08-06 06:17:47.768   512  2967 D audio_hw_primary: disable_audio_route: reset and update mixer path: low-latency-playback speaker
08-06 06:17:47.769   512  2967 D audio_hw_primary: disable_snd_device: snd_device(2: speaker)
08-06 06:17:47.777   380   380 W SurfaceFlinger: couldn't log to binary event log: overflow.
08-06 06:17:47.778   512  2967 I soundtrigger: audio_extn_sound_trigger_update_device_status: device 0x2 of type 0 for Event 0
08-06 06:17:47.897 15430 15430 D PlaybackController: Releasing PlaybackController
08-06 06:17:47.920 15430 15511 I art     : Starting a blocking GC Explicit
08-06 06:17:47.950 15430 15511 I art     : Explicit concurrent mark sweep GC freed 21129(1285KB) AllocSpace objects, 4(80KB) LOS objects, 35% free, 29MB/45MB, paused 1.237ms total 29.799ms
08-06 06:17:47.959 15430 15511 I art     : Starting a blocking GC Explicit
08-06 06:17:47.986 15430 15511 I art     : Explicit concurrent mark sweep GC freed 5539(265KB) AllocSpace objects, 0(0B) LOS objects, 35% free, 29MB/45MB, paused 1.151ms total 27.047ms
08-06 06:17:47.995 15430 15511 I art     : Starting a blocking GC Explicit
08-06 06:17:48.021 15430 15511 I art     : Explicit concurrent mark sweep GC freed 5854(283KB) AllocSpace objects, 0(0B) LOS objects, 35% free, 28MB/44MB, paused 1.049ms total 25.875ms
08-06 06:17:48.030 15430 15511 I art     : Starting a blocking GC Explicit
08-06 06:17:48.056 15430 15511 I art     : Explicit concurrent mark sweep GC freed 2769(142KB) AllocSpace objects, 0(0B) LOS objects, 35% free, 28MB/44MB, paused 1.087ms total 26.194ms
08-06 06:17:48.065 15430 15511 I art     : Starting a blocking GC Explicit
08-06 06:17:48.091 15430 15511 I art     : Explicit concurrent mark sweep GC freed 2724(136KB) AllocSpace objects, 0(0B) LOS objects, 35% free, 28MB/44MB, paused 1.062ms total 25.264ms
08-06 06:17:48.353 15430 16638 I art     : Starting a blocking GC Explicit
08-06 06:17:48.385 15430 16638 I art     : Explicit concurrent mark sweep GC freed 23087(1226KB) AllocSpace objects, 1(20KB) LOS objects, 35% free, 29MB/45MB, paused 1.164ms total 32.611ms
08-06 06:17:48.395 15430 16638 I art     : Starting a blocking GC Explicit
08-06 06:17:48.424 15430 16638 I art     : Explicit concurrent mark sweep GC freed 8884(421KB) AllocSpace objects, 0(0B) LOS objects, 35% free, 29MB/45MB, paused 1.115ms total 28.369ms
08-06 06:17:48.433 15430 16638 I art     : Starting a blocking GC Explicit
08-06 06:17:48.460 15430 16638 I art     : Explicit concurrent mark sweep GC freed 3369(176KB) AllocSpace objects, 0(0B) LOS objects, 35% free, 29MB/45MB, paused 1.127ms total 27.188ms
08-06 06:17:48.470 15430 16638 I art     : Starting a blocking GC Explicit
08-06 06:17:48.497 15430 16638 I art     : Explicit concurrent mark sweep GC freed 2953(145KB) AllocSpace objects, 0(0B) LOS objects, 35% free, 29MB/45MB, paused 1.075ms total 27.268ms
08-06 06:17:48.506 15430 16638 I art     : Starting a blocking GC Explicit
08-06 06:17:48.533 15430 16638 I art     : Explicit concurrent mark sweep GC freed 3036(151KB) AllocSpace objects, 0(0B) LOS objects, 35% free, 29MB/45MB, paused 1.106ms total 26.995ms
08-06 06:17:48.735  9013  9013 I ServiceManager: Waiting for service AtCmdFwd...
08-06 06:17:48.791 15430 15447 I art     : Starting a blocking GC Explicit
08-06 06:17:48.826 15430 15447 I art     : Explicit concurrent mark sweep GC freed 23234(1264KB) AllocSpace objects, 1(20KB) LOS objects, 34% free, 30MB/46MB, paused 1.159ms total 34.532ms
08-06 06:17:48.837 15430 15447 I art     : Starting a blocking GC Explicit
08-06 06:17:48.866 15430 15447 I art     : Explicit concurrent mark sweep GC freed 9051(427KB) AllocSpace objects, 0(0B) LOS objects, 34% free, 30MB/46MB, paused 1.151ms total 29.153ms
08-06 06:17:48.875 15430 15447 I art     : Starting a blocking GC Explicit
08-06 06:17:48.893   518   646 I ThermalEngine: ACTION: GPU - Setting GPU[0] to 450000000
08-06 06:17:48.909 15430 15447 I art     : Explicit concurrent mark sweep GC freed 3479(184KB) AllocSpace objects, 0(0B) LOS objects, 34% free, 30MB/46MB, paused 1.426ms total 33.253ms
08-06 06:17:48.921 15430 15447 I art     : Starting a blocking GC Explicit
08-06 06:17:48.958 15430 15447 I art     : Explicit concurrent mark sweep GC freed 2961(155KB) AllocSpace objects, 0(0B) LOS objects, 34% free, 30MB/46MB, paused 1.432ms total 36.324ms
08-06 06:17:48.971 15430 15447 I art     : Starting a blocking GC Explicit
08-06 06:17:49.007 15430 15447 I art     : Explicit concurrent mark sweep GC freed 3029(167KB) AllocSpace objects, 0(0B) LOS objects, 34% free, 30MB/46MB, paused 1.558ms total 35.997ms
08-06 06:17:49.294 15430 16638 I art     : Starting a blocking GC Explicit
08-06 06:17:49.338 15430 16638 I art     : Explicit concurrent mark sweep GC freed 19481(1094KB) AllocSpace objects, 1(20KB) LOS objects, 34% free, 30MB/46MB, paused 1.563ms total 43.540ms
08-06 06:17:49.351 15430 16638 I art     : Starting a blocking GC Explicit
08-06 06:17:49.390 15430 16638 I art     : Explicit concurrent mark sweep GC freed 6863(323KB) AllocSpace objects, 0(0B) LOS objects, 34% free, 30MB/46MB, paused 1.604ms total 38.720ms
08-06 06:17:49.402 15430 16638 I art     : Starting a blocking GC Explicit
08-06 06:17:49.440 15430 16638 I art     : Explicit concurrent mark sweep GC freed 4767(227KB) AllocSpace objects, 0(0B) LOS objects, 34% free, 30MB/46MB, paused 1.513ms total 37.601ms
08-06 06:17:49.453 15430 16638 I art     : Starting a blocking GC Explicit
08-06 06:17:49.491 15430 16638 I art     : Explicit concurrent mark sweep GC freed 3151(168KB) AllocSpace objects, 0(0B) LOS objects, 34% free, 30MB/46MB, paused 1.457ms total 37.634ms
08-06 06:17:49.503 15430 16638 I art     : Starting a blocking GC Explicit
08-06 06:17:49.542 15430 16638 I art     : Explicit concurrent mark sweep GC freed 3088(163KB) AllocSpace objects, 0(0B) LOS objects, 34% free, 30MB/46MB, paused 1.488ms total 37.891ms
08-06 06:17:49.593   918  6111 I AccountManagerService: getTypesVisibleToCaller: isPermitted? true
08-06 06:17:49.613 24577  7409 I Checkin : [ServiceDumpSys] dumping service [account]
08-06 06:17:49.624 24365 32102 I NetworkScheduler.Stats: Task com.google.android.gms/com.google.android.gms.checkin.EventLogService finished executing. cause:5 result: 1 elapsed_millis: 2466 uptime_millis: 2466 exec_start_elapsed_seconds: 1841271 [CONTEXT service_id=218 ]
08-06 06:17:49.630   918  4413 I AccountManagerService: getTypesVisibleToCaller: isPermitted? true
08-06 06:17:49.736  9013  9013 W Atfwd_Sendcmd: AtCmdFwd service not published, waiting... retryCnt : 2
08-06 06:17:49.835 15430 16638 I art     : Starting a blocking GC Explicit
08-06 06:17:49.887 15430 16638 I art     : Explicit concurrent mark sweep GC freed 19931(1084KB) AllocSpace objects, 1(20KB) LOS objects, 33% free, 31MB/47MB, paused 1.864ms total 51.684ms
08-06 06:17:49.902 15430 16638 I art     : Starting a blocking GC Explicit
08-06 06:17:49.947 15430 16638 I art     : Explicit concurrent mark sweep GC freed 5131(222KB) AllocSpace objects, 0(0B) LOS objects, 33% free, 31MB/47MB, paused 1.718ms total 44.988ms
08-06 06:17:49.960 15430 16638 I art     : Starting a blocking GC Explicit
08-06 06:17:50.004 15430 16638 I art     : Explicit concurrent mark sweep GC freed 7038(307KB) AllocSpace objects, 0(0B) LOS objects, 33% free, 31MB/47MB, paused 1.555ms total 43.053ms
08-06 06:17:50.017 15430 16638 I art     : Starting a blocking GC Explicit
08-06 06:17:50.061 15430 16638 I art     : Explicit concurrent mark sweep GC freed 3541(149KB) AllocSpace objects, 0(0B) LOS objects, 33% free, 31MB/47MB, paused 1.749ms total 43.477ms
08-06 06:17:50.075 15430 16638 I art     : Starting a blocking GC Explicit
08-06 06:17:50.119 15430 16638 I art     : Explicit concurrent mark sweep GC freed 3592(161KB) AllocSpace objects, 0(0B) LOS objects, 33% free, 31MB/47MB, paused 2.118ms total 44.395ms
08-06 06:17:50.371 15430 16980 D OnlineFeedViewActivity: Deleted feed source file. Result: true
08-06 06:17:50.381 15430 15430 D OnlineFeedViewActivity: Removing HTML from shownotes
08-06 06:17:50.402 13866 13882 I PeriodicStatsRunner: PeriodicStatsRunner.call():175 call()
08-06 06:17:50.402 13866 13882 I PeriodicStatsRunner: PeriodicStatsRunner.call():179 No submit PeriodicStats since input started.
08-06 06:17:50.457 15430 15447 I art     : Waiting for a blocking GC Explicit
08-06 06:17:50.467 15430 15447 I art     : WaitForGcToComplete blocked for 10.452ms for cause Explicit
08-06 06:17:50.467 15430 15447 I art     : Starting a blocking GC Explicit
08-06 06:17:50.523 15430 15447 I art     : Explicit concurrent mark sweep GC freed 44605(3MB) AllocSpace objects, 179(11MB) LOS objects, 32% free, 33MB/49MB, paused 1.649ms total 55.044ms
08-06 06:17:50.537 15430 15447 I art     : Starting a blocking GC Explicit
08-06 06:17:50.591 15430 15447 I art     : Explicit concurrent mark sweep GC freed 47220(3MB) AllocSpace objects, 207(13MB) LOS objects, 32% free, 33MB/49MB, paused 1.588ms total 53.270ms
08-06 06:17:50.606 15430 15447 I art     : Starting a blocking GC Explicit
08-06 06:17:50.664 15430 15447 I art     : Explicit concurrent mark sweep GC freed 48554(3MB) AllocSpace objects, 212(14MB) LOS objects, 32% free, 33MB/49MB, paused 1.711ms total 57.263ms
08-06 06:17:50.680 15430 15447 I art     : Starting a blocking GC Explicit
08-06 06:17:50.734 15430 15447 I art     : Explicit concurrent mark sweep GC freed 46544(3MB) AllocSpace objects, 208(13MB) LOS objects, 32% free, 33MB/49MB, paused 1.571ms total 53.236ms
08-06 06:17:50.750 15430 15447 I art     : Starting a blocking GC Explicit
08-06 06:17:50.804 15430 15447 I art     : Explicit concurrent mark sweep GC freed 46627(3MB) AllocSpace objects, 210(13MB) LOS objects, 32% free, 33MB/49MB, paused 1.741ms total 54.347ms
08-06 06:17:50.929 15430 15430 I Choreographer: Skipped 32 frames!  The application may be doing too much work on its main thread.
08-06 06:17:51.148 15430 15447 I art     : Starting a blocking GC Explicit
08-06 06:17:51.208 15430 15447 I art     : Explicit concurrent mark sweep GC freed 29983(3MB) AllocSpace objects, 198(13MB) LOS objects, 33% free, 31MB/47MB, paused 1.463ms total 60.124ms
08-06 06:17:51.224 15430 15447 I art     : Starting a blocking GC Explicit
08-06 06:17:51.276 15430 15447 I art     : Explicit concurrent mark sweep GC freed 562(27KB) AllocSpace objects, 1(112KB) LOS objects, 33% free, 31MB/47MB, paused 1.252ms total 51.576ms
08-06 06:17:51.291 15430 15447 I art     : Starting a blocking GC Explicit
08-06 06:17:51.343 15430 15447 I art     : Explicit concurrent mark sweep GC freed 3(96B) AllocSpace objects, 0(0B) LOS objects, 33% free, 31MB/47MB, paused 1.169ms total 51.125ms
08-06 06:17:51.358 15430 15447 I art     : Starting a blocking GC Explicit
08-06 06:17:51.407 15430 15447 I art     : Explicit concurrent mark sweep GC freed 3(96B) AllocSpace objects, 0(0B) LOS objects, 33% free, 31MB/47MB, paused 1.164ms total 48.113ms
08-06 06:17:51.422 15430 15447 I art     : Starting a blocking GC Explicit
08-06 06:17:51.468 15430 15447 I art     : Explicit concurrent mark sweep GC freed 3(96B) AllocSpace objects, 0(0B) LOS objects, 33% free, 31MB/47MB, paused 1.274ms total 45.901ms
08-06 06:17:51.809 15430 15446 I art     : Starting a blocking GC Explicit
08-06 06:17:51.866 15430 15446 I art     : Explicit concurrent mark sweep GC freed 1402(81KB) AllocSpace objects, 1(20KB) LOS objects, 33% free, 31MB/47MB, paused 1.187ms total 56.111ms
08-06 06:17:51.881 15430 15446 I art     : Starting a blocking GC Explicit
08-06 06:17:51.920 17056 17056 D AndroidRuntime: >>>>>> START com.android.internal.os.RuntimeInit uid 2000 <<<<<<
08-06 06:17:51.926 17056 17056 D AndroidRuntime: CheckJNI is OFF
08-06 06:17:51.929 15430 15446 I art     : Explicit concurrent mark sweep GC freed 23(752B) AllocSpace objects, 0(0B) LOS objects, 33% free, 31MB/47MB, paused 1.339ms total 47.986ms
08-06 06:17:51.944 15430 15446 I art     : Starting a blocking GC Explicit
08-06 06:17:51.972 17056 17056 D ICU     : No timezone override file found: /data/misc/zoneinfo/current/icu/icu_tzdata.dat
08-06 06:17:51.987   918  1210 D NetlinkSocketObserver: NeighborEvent{elapsedMs=1841275862, 192.168.2.254, [7C3953A63323], RTM_NEWNEIGH, NUD_STALE}
08-06 06:17:51.991 15430 15446 I art     : Explicit concurrent mark sweep GC freed 3(96B) AllocSpace objects, 0(0B) LOS objects, 33% free, 31MB/47MB, paused 1.215ms total 46.298ms
08-06 06:17:52.006 15430 15446 I art     : Starting a blocking GC Explicit
08-06 06:17:52.020 17056 17056 I Radio-JNI: register_android_hardware_Radio DONE
08-06 06:17:52.049 17056 17056 D AndroidRuntime: Calling main entry com.android.commands.input.Input
08-06 06:17:52.051 17056 17056 I Input   : injectKeyEvent: KeyEvent { action=ACTION_DOWN, keyCode=KEYCODE_BACK, scanCode=0, metaState=0, flags=0x0, repeatCount=0, eventTime=857888464, downTime=857888464, deviceId=-1, source=0x101 }
08-06 06:17:52.054 15430 15446 I art     : Explicit concurrent mark sweep GC freed 3(96B) AllocSpace objects, 0(0B) LOS objects, 33% free, 31MB/47MB, paused 1.334ms total 47.738ms
08-06 06:17:52.058 17056 17056 I Input   : injectKeyEvent: KeyEvent { action=ACTION_UP, keyCode=KEYCODE_BACK, scanCode=0, metaState=0, flags=0x0, repeatCount=0, eventTime=857888464, downTime=857888464, deviceId=-1, source=0x101 }
08-06 06:17:52.067 17056 17056 D AndroidRuntime: Shutting down VM
08-06 06:17:52.070 15430 15446 I art     : Starting a blocking GC Explicit
08-06 06:17:52.072 15430 15430 V PlaybackController: initServiceNotRunning()
08-06 06:17:52.073 15430 15430 D ExternalPlayerFragment: Loading media info
08-06 06:17:52.078 15430 15430 D UserPreferences: Using default data folder
08-06 06:17:52.079 15430 15962 D DBReader: getNavDrawerData() called with: 
08-06 06:17:52.092 15430 15962 D DBReader: getDownloadedItems() called
08-06 06:17:52.093 15430 15962 D DBReader: getFavoriteIDList() called
08-06 06:17:52.094 15430 15962 D DBReader: getQueueIDList() called
08-06 06:17:52.094 15430 15962 D DBReader: Extracting Feedlist
08-06 06:17:52.110 15430 15446 I art     : Explicit concurrent mark sweep GC freed 616(48KB) AllocSpace objects, 0(0B) LOS objects, 33% free, 31MB/47MB, paused 1.271ms total 40.130ms
08-06 06:17:52.111 13866 13866 I GoogleInputMethodServic: GoogleInputMethodService.onFinishInput():3138 
08-06 06:17:52.111 15430 15430 D MainActivity: getLastNavFragment() -> AddFeedFragment
08-06 06:17:52.112 13866 13866 I GoogleInputMethodServic: GoogleInputMethodService.onStartInput():1808 
08-06 06:17:52.215 13866 13882 I PeriodicStatsRunner: PeriodicStatsRunner.call():175 call()
08-06 06:17:52.216 13866 13882 I PeriodicStatsRunner: PeriodicStatsRunner.call():179 No submit PeriodicStats since input started.
08-06 06:17:52.407 15430 16638 I art     : Starting a blocking GC Explicit
08-06 06:17:52.422 13866 13882 I PeriodicStatsRunner: PeriodicStatsRunner.call():175 call()
08-06 06:17:52.422 13866 13882 I PeriodicStatsRunner: PeriodicStatsRunner.call():179 No submit PeriodicStats since input started.
08-06 06:17:52.432   380   380 W SurfaceFlinger: couldn't log to binary event log: overflow.
08-06 06:17:52.453 15430 16638 I art     : Explicit concurrent mark sweep GC freed 2647(139KB) AllocSpace objects, 1(20KB) LOS objects, 33% free, 31MB/47MB, paused 1.195ms total 46.008ms
08-06 06:17:52.469 15430 16638 I art     : Starting a blocking GC Explicit
08-06 06:17:52.503 13866 13882 I PeriodicStatsRunner: PeriodicStatsRunner.call():175 call()
08-06 06:17:52.503 13866 13882 I PeriodicStatsRunner: PeriodicStatsRunner.call():179 No submit PeriodicStats since input started.
08-06 06:17:52.510 15430 16638 I art     : Explicit concurrent mark sweep GC freed 270(14KB) AllocSpace objects, 0(0B) LOS objects, 33% free, 31MB/47MB, paused 1.185ms total 41.094ms
08-06 06:17:52.525 15430 16638 I art     : Starting a blocking GC Explicit
08-06 06:17:52.571 15430 16638 I art     : Explicit concurrent mark sweep GC freed 120(6KB) AllocSpace objects, 0(0B) LOS objects, 33% free, 31MB/47MB, paused 1.233ms total 45.221ms
08-06 06:17:52.585 15430 16638 I art     : Starting a blocking GC Explicit
08-06 06:17:52.625 15430 16638 I art     : Explicit concurrent mark sweep GC freed 33177(3MB) AllocSpace objects, 1(28KB) LOS objects, 36% free, 28MB/44MB, paused 1.212ms total 39.400ms
08-06 06:17:52.637 15430 16638 I art     : Starting a blocking GC Explicit
08-06 06:17:52.670 15430 16638 I art     : Explicit concurrent mark sweep GC freed 3(96B) AllocSpace objects, 0(0B) LOS objects, 36% free, 28MB/44MB, paused 1.134ms total 32.728ms
08-06 06:17:52.998 15430 15447 I art     : Starting a blocking GC Explicit
08-06 06:17:53.045 15430 15447 I art     : Explicit concurrent mark sweep GC freed 1374(82KB) AllocSpace objects, 1(20KB) LOS objects, 36% free, 28MB/44MB, paused 1.265ms total 46.900ms
08-06 06:17:53.060 15430 15447 I art     : Starting a blocking GC Explicit
08-06 06:17:53.094 15430 15447 I art     : Explicit concurrent mark sweep GC freed 23(752B) AllocSpace objects, 0(0B) LOS objects, 36% free, 28MB/44MB, paused 1.205ms total 33.833ms
08-06 06:17:53.106 15430 15447 I art     : Starting a blocking GC Explicit
08-06 06:17:53.140 15430 15447 I art     : Explicit concurrent mark sweep GC freed 3(96B) AllocSpace objects, 0(0B) LOS objects, 36% free, 28MB/44MB, paused 1.224ms total 34.052ms
08-06 06:17:53.152 15430 15447 I art     : Starting a blocking GC Explicit
08-06 06:17:53.187 15430 15447 I art     : Explicit concurrent mark sweep GC freed 3(96B) AllocSpace objects, 0(0B) LOS objects, 36% free, 28MB/44MB, paused 1.220ms total 34.746ms
08-06 06:17:53.199 15430 15447 I art     : Starting a blocking GC Explicit
08-06 06:17:53.233 15430 15447 I art     : Explicit concurrent mark sweep GC freed 3(96B) AllocSpace objects, 0(0B) LOS objects, 36% free, 28MB/44MB, paused 1.191ms total 33.996ms
08-06 06:17:53.530 15430 15446 I art     : Starting a blocking GC Explicit
08-06 06:17:53.567 15430 15446 I art     : Explicit concurrent mark sweep GC freed 1373(80KB) AllocSpace objects, 1(20KB) LOS objects, 36% free, 28MB/44MB, paused 1.258ms total 36.295ms
08-06 06:17:53.579 15430 15446 I art     : Starting a blocking GC Explicit
08-06 06:17:53.612 15430 15446 I art     : Explicit concurrent mark sweep GC freed 52(1536B) AllocSpace objects, 0(0B) LOS objects, 36% free, 28MB/44MB, paused 1.225ms total 33.221ms
08-06 06:17:53.624 15430 15446 I art     : Starting a blocking GC Explicit
08-06 06:17:53.657 15430 15446 I art     : Explicit concurrent mark sweep GC freed 3(96B) AllocSpace objects, 0(0B) LOS objects, 36% free, 28MB/44MB, paused 1.225ms total 33.312ms
08-06 06:17:53.669 15430 15446 I art     : Starting a blocking GC Explicit
08-06 06:17:53.704 15430 15446 I art     : Explicit concurrent mark sweep GC freed 4(128B) AllocSpace objects, 0(0B) LOS objects, 36% free, 28MB/44MB, paused 1.138ms total 35.014ms
08-06 06:17:53.717 15430 15446 I art     : Starting a blocking GC Explicit
08-06 06:17:53.754 15430 15446 I art     : Explicit concurrent mark sweep GC freed 7(224B) AllocSpace objects, 0(0B) LOS objects, 36% free, 28MB/44MB, paused 1.212ms total 36.943ms
08-06 06:17:53.865 17099 17099 D AndroidRuntime: >>>>>> START com.android.internal.os.RuntimeInit uid 2000 <<<<<<
08-06 06:17:53.871 17099 17099 D AndroidRuntime: CheckJNI is OFF
08-06 06:17:53.914 17099 17099 D ICU     : No timezone override file found: /data/misc/zoneinfo/current/icu/icu_tzdata.dat
08-06 06:17:53.957 17099 17099 I Radio-JNI: register_android_hardware_Radio DONE
08-06 06:17:53.985 17099 17099 D AndroidRuntime: Calling main entry com.android.commands.input.Input
08-06 06:17:53.987 17099 17099 I Input   : injectMotionEvent: MotionEvent { action=ACTION_DOWN, actionButton=0, id[0]=0, x[0]=616.0, y[0]=469.0, toolType[0]=TOOL_TYPE_UNKNOWN, buttonState=0, metaState=0, flags=0x0, edgeFlags=0x0, pointerCount=1, historySize=0, eventTime=857890399, downTime=857890399, deviceId=0, source=0x1002 }
08-06 06:17:53.991 17099 17099 I Input   : injectMotionEvent: MotionEvent { action=ACTION_UP, actionButton=0, id[0]=0, x[0]=616.0, y[0]=469.0, toolType[0]=TOOL_TYPE_UNKNOWN, buttonState=0, metaState=0, flags=0x0, edgeFlags=0x0, pointerCount=1, historySize=0, eventTime=857890399, downTime=857890399, deviceId=0, source=0x1002 }
08-06 06:17:53.993 17099 17099 D AndroidRuntime: Shutting down VM
08-06 06:17:54.060   512  2967 D audio_hw_primary: out_set_parameters: enter: usecase(1: low-latency-playback) kvpairs: routing=2
08-06 06:17:54.072   512  2967 D audio_hw_primary: select_devices: out_snd_device(2: speaker) in_snd_device(0: none)
08-06 06:17:54.073   512  2967 D msm8974_platform: platform_send_audio_calibration: sending audio calibration for snd_device(2) acdb_id(15)
08-06 06:17:54.073   512  2967 I soundtrigger: audio_extn_sound_trigger_update_device_status: device 0x2 of type 0 for Event 1
08-06 06:17:54.075 15430 15446 I art     : Starting a blocking GC Explicit
08-06 06:17:54.075 13866 13866 I GoogleInputMethodServic: GoogleInputMethodService.onFinishInput():3138 
08-06 06:17:54.077 13866 13866 I GoogleInputMethodServic: GoogleInputMethodService.onStartInput():1808 
08-06 06:17:54.087   512  2967 D audio_hw_primary: enable_snd_device: snd_device(2: speaker)
08-06 06:17:54.089   512  2967 D audio_hw_primary: enable_audio_route: apply and update mixer path: low-latency-playback speaker
08-06 06:17:54.118 15430 15446 I art     : Explicit concurrent mark sweep GC freed 1644(92KB) AllocSpace objects, 1(20KB) LOS objects, 36% free, 28MB/44MB, paused 1.371ms total 42.410ms
08-06 06:17:54.130 15430 15446 I art     : Starting a blocking GC Explicit
08-06 06:17:54.164 15430 15446 I art     : Explicit concurrent mark sweep GC freed 54(1904B) AllocSpace objects, 0(0B) LOS objects, 36% free, 28MB/44MB, paused 1.262ms total 32.825ms
08-06 06:17:54.175 15430 15446 I art     : Starting a blocking GC Explicit
08-06 06:17:54.208 15430 15446 I art     : Explicit concurrent mark sweep GC freed 18(672B) AllocSpace objects, 0(0B) LOS objects, 36% free, 28MB/44MB, paused 1.386ms total 32.590ms
08-06 06:17:54.219 15430 15446 I art     : Starting a blocking GC Explicit
08-06 06:17:54.230 15430 15963 I NAPPA_EXPERIMENTATION: MetricNetworkRequestExecutionTime: REQUEST_DURATION_SYSTEM='171',REQUEST_DURATION_OKHTTP='171',REQUEST_SYNCHRONOUS='TRUE',RESPONSE_CODE='200',RESPONSE_METHOD='GET',RESPONSE_LENGTH_OKHTTP='-1',RESPONSE_LENGTH_HEADER='628',REQUEST_PROTOCOL='h2',REQUEST_URL='https://itunes.apple.com/lookup?id=1524080195',
08-06 06:17:54.252 15430 15446 I art     : Explicit concurrent mark sweep GC freed 406(39KB) AllocSpace objects, 0(0B) LOS objects, 36% free, 28MB/44MB, paused 1.457ms total 32.841ms
08-06 06:17:54.254   918  6029 I ActivityManager: START u0 {cmp=baseline.de.danoeh.antennapod.debug/baseline.de.danoeh.antennapod.activity.OnlineFeedViewActivity (has extras)} from uid 10711 on display 0
08-06 06:17:54.264 15430 15446 I art     : Starting a blocking GC Explicit
08-06 06:17:54.275 13866 13866 I GoogleInputMethodServic: GoogleInputMethodService.onFinishInput():3138 
08-06 06:17:54.276 13866 13866 I GoogleInputMethodServic: GoogleInputMethodService.onStartInput():1808 
08-06 06:17:54.298 15430 15446 I art     : Explicit concurrent mark sweep GC freed 459(21KB) AllocSpace objects, 0(0B) LOS objects, 36% free, 28MB/44MB, paused 1.712ms total 34.169ms
08-06 06:17:54.304 15430 15430 D UserPreferences: Using default data folder
08-06 06:17:54.304 15430 15430 D OnlineFeedViewActivity: Activity was started with url https://rss.art19.com/nice-white-parents
08-06 06:17:54.307 15430 15430 D OnlineFeedViewActivity: Starting feed download
08-06 06:17:54.309 15430 15454 D DBReader: Extracting Feedlist
08-06 06:17:54.314   918  6112 D WifiService: acquireWifiLockLocked: WifiLock{Downloader type=1 binder=android.os.BinderProxy@824748e}
08-06 06:17:54.315 15430 15454 D AntennapodHttpClient: Creating new instance of HTTP client
08-06 06:17:54.359 13866 13866 I GoogleInputMethodServic: GoogleInputMethodService.onFinishInput():3138 
08-06 06:17:54.360 13866 13866 I GoogleInputMethodServic: GoogleInputMethodService.onStartInput():1808 
08-06 06:17:54.388   918   936 I ActivityManager: Displayed baseline.de.danoeh.antennapod.debug/baseline.de.danoeh.antennapod.activity.OnlineFeedViewActivity: +112ms
08-06 06:17:54.582 15430 15511 I art     : Starting a blocking GC Explicit
08-06 06:17:54.603 15430 15454 D MYTAG   : interceptor 3a https://rss.art19.com/nice-white-parents
08-06 06:17:54.603 15430 15454 I NAPPA_EXPERIMENTATION: MetricNetworkRequestExecutionTime: REQUEST_DURATION_SYSTEM='287',REQUEST_DURATION_OKHTTP='145',REQUEST_SYNCHRONOUS='TRUE',RESPONSE_CODE='200',RESPONSE_METHOD='GET',RESPONSE_LENGTH_OKHTTP='-1',RESPONSE_LENGTH_HEADER='1803',REQUEST_PROTOCOL='h2',REQUEST_URL='https://rss.art19.com/nice-white-parents',
08-06 06:17:54.604 15430 15454 D HttpDownloader: Response code is 200
08-06 06:17:54.604 15430 15454 D UserPreferences: Using default data folder
08-06 06:17:54.606 15430 15454 D HttpDownloader: Getting size of download
08-06 06:17:54.606 15430 15454 D HttpDownloader: Size is -1
08-06 06:17:54.606 15430 15454 D UserPreferences: Using default data folder
08-06 06:17:54.606 15430 15454 D HttpDownloader: Free space is 20189573120
08-06 06:17:54.606 15430 15454 D HttpDownloader: Starting download
08-06 06:17:54.613 15430 15454 D HttpDownloader: Download was successful
08-06 06:17:54.614   918  3359 D WifiService: releaseWifiLockLocked: WifiLock{Downloader type=1 binder=android.os.BinderProxy@824748e}
08-06 06:17:54.616 15430 15430 D OnlineFeedViewActivity: Parsing feed
08-06 06:17:54.619 15430 15511 I art     : Explicit concurrent mark sweep GC freed 7740(412KB) AllocSpace objects, 4(220KB) LOS objects, 35% free, 28MB/44MB, paused 1.509ms total 36.467ms
08-06 06:17:54.623 15430 17148 D TypeGetter: Recognized type RSS 2.0
08-06 06:17:54.625 15430 17148 D SyndHandler: Recognized ITunes namespace
08-06 06:17:54.625 15430 17148 D SyndHandler: Recognized Atom namespace
08-06 06:17:54.625 15430 17148 D SyndHandler: Recognized Content namespace
08-06 06:17:54.631 15430 15511 I art     : Starting a blocking GC Explicit
08-06 06:17:54.635   380   380 W SurfaceFlinger: couldn't log to binary event log: overflow.
08-06 06:17:54.635 15430 17148 D OnlineFeedViewActivity: Deleted feed source file. Result: true
08-06 06:17:54.635 15430 15430 D OnlineFeedViewActivity: Removing HTML from shownotes
08-06 06:17:54.640   512  2967 D audio_hw_primary: disable_audio_route: reset and update mixer path: low-latency-playback speaker
08-06 06:17:54.641   512  2967 D audio_hw_primary: disable_snd_device: snd_device(2: speaker)
08-06 06:17:54.650   512  2967 I soundtrigger: audio_extn_sound_trigger_update_device_status: device 0x2 of type 0 for Event 0
08-06 06:17:54.666 15430 15511 I art     : Explicit concurrent mark sweep GC freed 2548(342KB) AllocSpace objects, 4(128KB) LOS objects, 35% free, 28MB/44MB, paused 1.517ms total 35.475ms
08-06 06:17:54.677 15430 15511 I art     : Starting a blocking GC Explicit
08-06 06:17:54.710 15430 15511 I art     : Explicit concurrent mark sweep GC freed 1022(72KB) AllocSpace objects, 0(0B) LOS objects, 35% free, 28MB/44MB, paused 1.273ms total 32.199ms
08-06 06:17:54.721 15430 15511 I art     : Starting a blocking GC Explicit
08-06 06:17:54.754 15430 15511 I art     : Explicit concurrent mark sweep GC freed 133(8KB) AllocSpace objects, 0(0B) LOS objects, 35% free, 28MB/44MB, paused 1.477ms total 33.072ms
08-06 06:17:54.758 15430 15430 D PlaybackController: Releasing PlaybackController
08-06 06:17:54.766 15430 15511 I art     : Starting a blocking GC Explicit
08-06 06:17:54.799 15430 15511 I art     : Explicit concurrent mark sweep GC freed 251(13KB) AllocSpace objects, 1(112KB) LOS objects, 36% free, 28MB/44MB, paused 1.272ms total 33.270ms
08-06 06:17:55.059   918  3188 I hubconnection: sensorhub said: 'set_bias 3: -6.6720, 0.0000, 0.0000'
08-06 06:17:55.118 15430 15446 I art     : Starting a blocking GC Explicit
08-06 06:17:55.164 15430 15446 I art     : Explicit concurrent mark sweep GC freed 1389(82KB) AllocSpace objects, 1(20KB) LOS objects, 36% free, 28MB/44MB, paused 1.371ms total 45.635ms
08-06 06:17:55.178 15430 15446 I art     : Starting a blocking GC Explicit
08-06 06:17:55.215 15430 15446 I art     : Explicit concurrent mark sweep GC freed 23(752B) AllocSpace objects, 0(0B) LOS objects, 36% free, 28MB/44MB, paused 1.277ms total 36.500ms
08-06 06:17:55.227 15430 15446 I art     : Starting a blocking GC Explicit
08-06 06:17:55.264 15430 15446 I art     : Explicit concurrent mark sweep GC freed 3(96B) AllocSpace objects, 0(0B) LOS objects, 36% free, 28MB/44MB, paused 1.298ms total 36.435ms
08-06 06:17:55.276 15430 15446 I art     : Starting a blocking GC Explicit
08-06 06:17:55.313 15430 15446 I art     : Explicit concurrent mark sweep GC freed 3(96B) AllocSpace objects, 0(0B) LOS objects, 36% free, 28MB/44MB, paused 1.274ms total 36.462ms
08-06 06:17:55.325 15430 15446 I art     : Starting a blocking GC Explicit
08-06 06:17:55.362 15430 15446 I art     : Explicit concurrent mark sweep GC freed 3(96B) AllocSpace objects, 0(0B) LOS objects, 36% free, 28MB/44MB, paused 1.297ms total 36.309ms
08-06 06:17:55.693 15430 15447 I art     : Starting a blocking GC Explicit
08-06 06:17:55.742 15430 15447 I art     : Explicit concurrent mark sweep GC freed 1403(83KB) AllocSpace objects, 1(20KB) LOS objects, 36% free, 28MB/44MB, paused 1.401ms total 48.163ms
08-06 06:17:55.757 15430 15447 I art     : Starting a blocking GC Explicit
08-06 06:17:55.797 15430 15447 I art     : Explicit concurrent mark sweep GC freed 23(752B) AllocSpace objects, 0(0B) LOS objects, 36% free, 28MB/44MB, paused 1.323ms total 39.005ms
08-06 06:17:55.809 15430 15447 I art     : Starting a blocking GC Explicit
08-06 06:17:55.849 15430 15447 I art     : Explicit concurrent mark sweep GC freed 3(96B) AllocSpace objects, 0(0B) LOS objects, 36% free, 28MB/44MB, paused 1.359ms total 39.578ms
08-06 06:17:55.862 15430 15447 I art     : Starting a blocking GC Explicit
08-06 06:17:55.901 15430 15447 I art     : Explicit concurrent mark sweep GC freed 3(96B) AllocSpace objects, 0(0B) LOS objects, 36% free, 28MB/44MB, paused 1.314ms total 38.858ms
08-06 06:17:55.901 15430 15445 I art     : WaitForGcToComplete blocked for 20.243ms for cause HeapTrim
08-06 06:17:55.913 15430 15447 I art     : Starting a blocking GC Explicit
08-06 06:17:55.952 15430 15447 I art     : Explicit concurrent mark sweep GC freed 3(96B) AllocSpace objects, 0(0B) LOS objects, 36% free, 28MB/44MB, paused 1.236ms total 38.549ms
08-06 06:17:56.314 15430 15447 I art     : Starting a blocking GC Explicit
08-06 06:17:56.351 15430 15447 I art     : Explicit concurrent mark sweep GC freed 1383(80KB) AllocSpace objects, 1(20KB) LOS objects, 36% free, 28MB/44MB, paused 1.286ms total 37.223ms
08-06 06:17:56.365 15430 15447 I art     : Starting a blocking GC Explicit
08-06 06:17:56.401 15430 15447 I art     : Explicit concurrent mark sweep GC freed 29(944B) AllocSpace objects, 0(0B) LOS objects, 36% free, 28MB/44MB, paused 1.262ms total 35.851ms
08-06 06:17:56.413 15430 15447 I art     : Starting a blocking GC Explicit
08-06 06:17:56.450 15430 15447 I art     : Explicit concurrent mark sweep GC freed 9(288B) AllocSpace objects, 0(0B) LOS objects, 36% free, 28MB/44MB, paused 1.329ms total 37.009ms
08-06 06:17:56.463 15430 15447 I art     : Starting a blocking GC Explicit
08-06 06:17:56.501 15430 15447 I art     : Explicit concurrent mark sweep GC freed 9(288B) AllocSpace objects, 0(0B) LOS objects, 36% free, 28MB/44MB, paused 1.301ms total 37.767ms
08-06 06:17:56.513 15430 15447 I art     : Starting a blocking GC Explicit
08-06 06:17:56.550 15430 15447 I art     : Explicit concurrent mark sweep GC freed 4(128B) AllocSpace objects, 0(0B) LOS objects, 36% free, 28MB/44MB, paused 1.351ms total 36.697ms
08-06 06:17:56.651   918  6110 I ActivityManager: Killing 3450:com.android.vending:instant_app_installer/u0a22 (adj 15): empty #17
08-06 06:17:56.865 15430 15446 I art     : Starting a blocking GC Explicit
08-06 06:17:56.916 15430 15446 I art     : Explicit concurrent mark sweep GC freed 1401(81KB) AllocSpace objects, 1(20KB) LOS objects, 36% free, 28MB/44MB, paused 1.443ms total 50.154ms
08-06 06:17:56.932 15430 15446 I art     : Starting a blocking GC Explicit
08-06 06:17:56.974 15430 15446 I art     : Explicit concurrent mark sweep GC freed 23(752B) AllocSpace objects, 0(0B) LOS objects, 36% free, 28MB/44MB, paused 1.320ms total 41.600ms
08-06 06:17:56.987 15430 15446 I art     : Starting a blocking GC Explicit
08-06 06:17:57.024 15430 15446 I art     : Explicit concurrent mark sweep GC freed 3(96B) AllocSpace objects, 0(0B) LOS objects, 36% free, 28MB/44MB, paused 1.331ms total 37.087ms
08-06 06:17:57.037 15430 15446 I art     : Starting a blocking GC Explicit
08-06 06:17:57.077 15430 15446 I art     : Explicit concurrent mark sweep GC freed 3(96B) AllocSpace objects, 0(0B) LOS objects, 36% free, 28MB/44MB, paused 1.398ms total 40.109ms
08-06 06:17:57.090 15430 15446 I art     : Starting a blocking GC Explicit
08-06 06:17:57.112 13866 13882 I PeriodicStatsRunner: PeriodicStatsRunner.call():175 call()
08-06 06:17:57.113 13866 13882 I PeriodicStatsRunner: PeriodicStatsRunner.call():179 No submit PeriodicStats since input started.
08-06 06:17:57.128 15430 15446 I art     : Explicit concurrent mark sweep GC freed 3(96B) AllocSpace objects, 0(0B) LOS objects, 36% free, 28MB/44MB, paused 1.379ms total 38.206ms
08-06 06:17:57.479 15430 16638 I art     : Starting a blocking GC Explicit
08-06 06:17:57.520 15430 16638 I art     : Explicit concurrent mark sweep GC freed 1372(80KB) AllocSpace objects, 1(20KB) LOS objects, 36% free, 28MB/44MB, paused 1.306ms total 40.026ms
08-06 06:17:57.532 15430 16638 I art     : Starting a blocking GC Explicit
08-06 06:17:57.572 15430 16638 I art     : Explicit concurrent mark sweep GC freed 23(752B) AllocSpace objects, 0(0B) LOS objects, 36% free, 28MB/44MB, paused 1.287ms total 39.351ms
08-06 06:17:57.584 15430 16638 I art     : Starting a blocking GC Explicit
08-06 06:17:57.624 15430 16638 I art     : Explicit concurrent mark sweep GC freed 35(960B) AllocSpace objects, 0(0B) LOS objects, 36% free, 28MB/44MB, paused 1.337ms total 39.653ms
08-06 06:17:57.636 15430 16638 I art     : Starting a blocking GC Explicit
08-06 06:17:57.676 15430 16638 I art     : Explicit concurrent mark sweep GC freed 5(368B) AllocSpace objects, 0(0B) LOS objects, 36% free, 28MB/44MB, paused 1.326ms total 39.837ms
08-06 06:17:57.689 15430 16638 I art     : Starting a blocking GC Explicit
08-06 06:17:57.729 15430 16638 I art     : Explicit concurrent mark sweep GC freed 3(96B) AllocSpace objects, 0(0B) LOS objects, 36% free, 28MB/44MB, paused 1.352ms total 39.926ms
08-06 06:17:58.094 15430 15511 I art     : Starting a blocking GC Explicit
08-06 06:17:58.142 15430 15511 I art     : Explicit concurrent mark sweep GC freed 1411(83KB) AllocSpace objects, 1(20KB) LOS objects, 36% free, 28MB/44MB, paused 1.385ms total 47.205ms
08-06 06:17:58.157 15430 15511 I art     : Starting a blocking GC Explicit
08-06 06:17:58.196 15430 15511 I art     : Explicit concurrent mark sweep GC freed 23(752B) AllocSpace objects, 0(0B) LOS objects, 36% free, 28MB/44MB, paused 1.214ms total 39.027ms
08-06 06:17:58.209 15430 15511 I art     : Starting a blocking GC Explicit
08-06 06:17:58.249 15430 15511 I art     : Explicit concurrent mark sweep GC freed 3(96B) AllocSpace objects, 0(0B) LOS objects, 36% free, 28MB/44MB, paused 1.329ms total 39.648ms
08-06 06:17:58.261 15430 15511 I art     : Starting a blocking GC Explicit
08-06 06:17:58.300 15430 15511 I art     : Explicit concurrent mark sweep GC freed 3(96B) AllocSpace objects, 0(0B) LOS objects, 36% free, 28MB/44MB, paused 1.307ms total 38.583ms
08-06 06:17:58.312 15430 15511 I art     : Starting a blocking GC Explicit
08-06 06:17:58.352 15430 15511 I art     : Explicit concurrent mark sweep GC freed 3(96B) AllocSpace objects, 0(0B) LOS objects, 36% free, 28MB/44MB, paused 1.272ms total 39.580ms
08-06 06:17:58.692 15430 15447 I art     : Starting a blocking GC Explicit
08-06 06:17:58.740 15430 15447 I art     : Explicit concurrent mark sweep GC freed 1519(91KB) AllocSpace objects, 1(20KB) LOS objects, 36% free, 28MB/44MB, paused 1.347ms total 47.075ms
08-06 06:17:58.755 15430 15447 I art     : Starting a blocking GC Explicit
08-06 06:17:58.795 15430 15447 I art     : Explicit concurrent mark sweep GC freed 23(752B) AllocSpace objects, 0(0B) LOS objects, 36% free, 28MB/44MB, paused 1.084ms total 39.183ms
08-06 06:17:58.807 15430 15447 I art     : Starting a blocking GC Explicit
08-06 06:17:58.847 15430 15447 I art     : Explicit concurrent mark sweep GC freed 3(96B) AllocSpace objects, 0(0B) LOS objects, 36% free, 28MB/44MB, paused 1.143ms total 39.239ms
08-06 06:17:58.859 15430 15447 I art     : Starting a blocking GC Explicit
08-06 06:17:58.897 15430 15447 I art     : Explicit concurrent mark sweep GC freed 3(96B) AllocSpace objects, 0(0B) LOS objects, 36% free, 28MB/44MB, paused 1.138ms total 37.587ms
08-06 06:17:58.909 15430 15447 I art     : Starting a blocking GC Explicit
08-06 06:17:58.911   518   646 I ThermalEngine: ACTION: GPU - Setting GPU[0] to 510000000
08-06 06:17:58.948 15430 15447 I art     : Explicit concurrent mark sweep GC freed 3(96B) AllocSpace objects, 0(0B) LOS objects, 36% free, 28MB/44MB, paused 1.091ms total 38.785ms
08-06 06:17:59.077 13866 13882 I PeriodicStatsRunner: PeriodicStatsRunner.call():175 call()
08-06 06:17:59.078 13866 13882 I PeriodicStatsRunner: PeriodicStatsRunner.call():179 No submit PeriodicStats since input started.
08-06 06:17:59.276 13866 13882 I PeriodicStatsRunner: PeriodicStatsRunner.call():175 call()
08-06 06:17:59.277 13866 13882 I PeriodicStatsRunner: PeriodicStatsRunner.call():179 No submit PeriodicStats since input started.
08-06 06:17:59.283 15430 15446 I art     : Starting a blocking GC Explicit
08-06 06:17:59.319 15430 15446 I art     : Explicit concurrent mark sweep GC freed 1372(80KB) AllocSpace objects, 1(20KB) LOS objects, 36% free, 28MB/44MB, paused 979us total 35.584ms
08-06 06:17:59.330 15430 15446 I art     : Starting a blocking GC Explicit
08-06 06:17:59.359 15430 15446 I art     : Explicit concurrent mark sweep GC freed 23(752B) AllocSpace objects, 0(0B) LOS objects, 36% free, 28MB/44MB, paused 855us total 28.577ms
08-06 06:17:59.361 13866 13882 I PeriodicStatsRunner: PeriodicStatsRunner.call():175 call()
08-06 06:17:59.361 13866 13882 I PeriodicStatsRunner: PeriodicStatsRunner.call():179 No submit PeriodicStats since input started.
08-06 06:17:59.369 15430 15446 I art     : Starting a blocking GC Explicit
08-06 06:17:59.398 15430 15446 I art     : Explicit concurrent mark sweep GC freed 3(96B) AllocSpace objects, 0(0B) LOS objects, 36% free, 28MB/44MB, paused 856us total 29.414ms
08-06 06:17:59.408 15430 15446 I art     : Starting a blocking GC Explicit
08-06 06:17:59.437 15430 15446 I art     : Explicit concurrent mark sweep GC freed 3(96B) AllocSpace objects, 0(0B) LOS objects, 36% free, 28MB/44MB, paused 943us total 29.401ms
08-06 06:17:59.447 15430 15446 I art     : Starting a blocking GC Explicit
08-06 06:17:59.475 15430 15446 I art     : Explicit concurrent mark sweep GC freed 3(96B) AllocSpace objects, 0(0B) LOS objects, 36% free, 28MB/44MB, paused 803us total 28.023ms
08-06 06:17:59.736  9013  9013 I ServiceManager: Waiting for service AtCmdFwd...
08-06 06:17:59.796 15430 16638 I art     : Starting a blocking GC Explicit
08-06 06:17:59.835 15430 16638 I art     : Explicit concurrent mark sweep GC freed 1401(81KB) AllocSpace objects, 1(20KB) LOS objects, 36% free, 28MB/44MB, paused 914us total 38.737ms
08-06 06:17:59.849 15430 16638 I art     : Starting a blocking GC Explicit
08-06 06:17:59.879 15430 16638 I art     : Explicit concurrent mark sweep GC freed 23(752B) AllocSpace objects, 0(0B) LOS objects, 36% free, 28MB/44MB, paused 879us total 29.006ms
08-06 06:17:59.888 15430 16638 I art     : Starting a blocking GC Explicit
08-06 06:17:59.918 15430 16638 I art     : Explicit concurrent mark sweep GC freed 3(96B) AllocSpace objects, 0(0B) LOS objects, 36% free, 28MB/44MB, paused 1.046ms total 29.092ms
08-06 06:17:59.927 15430 16638 I art     : Starting a blocking GC Explicit
08-06 06:17:59.957 15430 16638 I art     : Explicit concurrent mark sweep GC freed 3(96B) AllocSpace objects, 0(0B) LOS objects, 36% free, 28MB/44MB, paused 933us total 29.430ms
08-06 06:17:59.967 15430 16638 I art     : Starting a blocking GC Explicit
08-06 06:17:59.996 15430 16638 I art     : Explicit concurrent mark sweep GC freed 3(96B) AllocSpace objects, 0(0B) LOS objects, 36% free, 28MB/44MB, paused 872us total 28.783ms
08-06 06:18:00.320 15430 15511 I art     : Starting a blocking GC Explicit
08-06 06:18:00.361 15430 15511 I art     : Explicit concurrent mark sweep GC freed 1372(80KB) AllocSpace objects, 1(20KB) LOS objects, 36% free, 28MB/44MB, paused 915us total 41.450ms
08-06 06:18:00.375 15430 15511 I art     : Starting a blocking GC Explicit
08-06 06:18:00.407 15430 15511 I art     : Explicit concurrent mark sweep GC freed 23(752B) AllocSpace objects, 0(0B) LOS objects, 36% free, 28MB/44MB, paused 892us total 32.216ms
08-06 06:18:00.417 15430 15511 I art     : Starting a blocking GC Explicit
08-06 06:18:00.447 15430 15511 I art     : Explicit concurrent mark sweep GC freed 3(96B) AllocSpace objects, 0(0B) LOS objects, 36% free, 28MB/44MB, paused 866us total 29.334ms
08-06 06:18:00.456 15430 15511 I art     : Starting a blocking GC Explicit
08-06 06:18:00.485 15430 15511 I art     : Explicit concurrent mark sweep GC freed 3(96B) AllocSpace objects, 0(0B) LOS objects, 36% free, 28MB/44MB, paused 819us total 28.190ms
08-06 06:18:00.495 15430 15511 I art     : Starting a blocking GC Explicit
08-06 06:18:00.523 15430 15511 I art     : Explicit concurrent mark sweep GC freed 3(96B) AllocSpace objects, 0(0B) LOS objects, 36% free, 28MB/44MB, paused 850us total 27.507ms
08-06 06:18:00.737  9013  9013 I ServiceManager: Waiting for service AtCmdFwd...
08-06 06:18:00.838 15430 15447 I art     : Starting a blocking GC Explicit
08-06 06:18:00.875 15430 15447 I art     : Explicit concurrent mark sweep GC freed 1401(81KB) AllocSpace objects, 1(20KB) LOS objects, 36% free, 28MB/44MB, paused 865us total 37.014ms
08-06 06:18:00.887 15430 15447 I art     : Starting a blocking GC Explicit
08-06 06:18:00.917 15430 15447 I art     : Explicit concurrent mark sweep GC freed 23(752B) AllocSpace objects, 0(0B) LOS objects, 36% free, 28MB/44MB, paused 853us total 29.055ms
08-06 06:18:00.926 15430 15447 I art     : Starting a blocking GC Explicit
08-06 06:18:00.956 15430 15447 I art     : Explicit concurrent mark sweep GC freed 3(96B) AllocSpace objects, 0(0B) LOS objects, 36% free, 28MB/44MB, paused 866us total 29.201ms
08-06 06:18:00.966 15430 15447 I art     : Starting a blocking GC Explicit
08-06 06:18:00.995 15430 15447 I art     : Explicit concurrent mark sweep GC freed 3(96B) AllocSpace objects, 0(0B) LOS objects, 36% free, 28MB/44MB, paused 856us total 28.988ms
08-06 06:18:01.005 15430 15447 I art     : Starting a blocking GC Explicit
08-06 06:18:01.033 15430 15447 I art     : Explicit concurrent mark sweep GC freed 3(96B) AllocSpace objects, 0(0B) LOS objects, 36% free, 28MB/44MB, paused 856us total 28.530ms
08-06 06:18:01.346 15430 15446 I art     : Starting a blocking GC Explicit
08-06 06:18:01.383 15430 15446 I art     : Explicit concurrent mark sweep GC freed 1372(80KB) AllocSpace objects, 1(20KB) LOS objects, 36% free, 28MB/44MB, paused 926us total 36.065ms
08-06 06:18:01.396 15430 15446 I art     : Starting a blocking GC Explicit
08-06 06:18:01.428 15430 15446 I art     : Explicit concurrent mark sweep GC freed 23(752B) AllocSpace objects, 0(0B) LOS objects, 36% free, 28MB/44MB, paused 885us total 31.878ms
08-06 06:18:01.438 15430 15446 I art     : Starting a blocking GC Explicit
08-06 06:18:01.467 15430 15446 I art     : Explicit concurrent mark sweep GC freed 3(96B) AllocSpace objects, 0(0B) LOS objects, 36% free, 28MB/44MB, paused 855us total 28.487ms
08-06 06:18:01.477 15430 15446 I art     : Starting a blocking GC Explicit
08-06 06:18:01.506 15430 15446 I art     : Explicit concurrent mark sweep GC freed 3(96B) AllocSpace objects, 0(0B) LOS objects, 36% free, 28MB/44MB, paused 873us total 29.477ms
08-06 06:18:01.516 15430 15446 I art     : Starting a blocking GC Explicit
08-06 06:18:01.545 15430 15446 I art     : Explicit concurrent mark sweep GC freed 3(96B) AllocSpace objects, 0(0B) LOS objects, 36% free, 28MB/44MB, paused 834us total 28.682ms
08-06 06:18:01.738  9013  9013 I ServiceManager: Waiting for service AtCmdFwd...
08-06 06:18:01.867 15430 16638 I art     : Starting a blocking GC Explicit
08-06 06:18:01.907 15430 16638 I art     : Explicit concurrent mark sweep GC freed 1401(81KB) AllocSpace objects, 1(20KB) LOS objects, 36% free, 28MB/44MB, paused 1.010ms total 40.001ms
08-06 06:18:01.922 15430 16638 I art     : Starting a blocking GC Explicit
08-06 06:18:01.950 15430 16638 I art     : Explicit concurrent mark sweep GC freed 23(752B) AllocSpace objects, 0(0B) LOS objects, 36% free, 28MB/44MB, paused 867us total 28.399ms
08-06 06:18:01.960 15430 16638 I art     : Starting a blocking GC Explicit
08-06 06:18:01.989 15430 16638 I art     : Explicit concurrent mark sweep GC freed 3(96B) AllocSpace objects, 0(0B) LOS objects, 36% free, 28MB/44MB, paused 802us total 28.806ms
08-06 06:18:01.999 15430 16638 I art     : Starting a blocking GC Explicit
08-06 06:18:02.027 15430 16638 I art     : Explicit concurrent mark sweep GC freed 3(96B) AllocSpace objects, 0(0B) LOS objects, 36% free, 28MB/44MB, paused 929us total 28.433ms
08-06 06:18:02.037 15430 16638 I art     : Starting a blocking GC Explicit
08-06 06:18:02.065 15430 16638 I art     : Explicit concurrent mark sweep GC freed 3(96B) AllocSpace objects, 0(0B) LOS objects, 36% free, 28MB/44MB, paused 838us total 28.329ms
08-06 06:18:02.364 15430 15511 I art     : Starting a blocking GC Explicit
08-06 06:18:02.394 15430 15511 I art     : Explicit concurrent mark sweep GC freed 1372(80KB) AllocSpace objects, 1(20KB) LOS objects, 36% free, 28MB/44MB, paused 887us total 29.138ms
08-06 06:18:02.403 15430 15511 I art     : Starting a blocking GC Explicit
08-06 06:18:02.430 15430 15511 I art     : Explicit concurrent mark sweep GC freed 23(752B) AllocSpace objects, 0(0B) LOS objects, 36% free, 28MB/44MB, paused 829us total 26.771ms
08-06 06:18:02.439 15430 15511 I art     : Starting a blocking GC Explicit
08-06 06:18:02.466 15430 15511 I art     : Explicit concurrent mark sweep GC freed 3(96B) AllocSpace objects, 0(0B) LOS objects, 36% free, 28MB/44MB, paused 846us total 27.070ms
08-06 06:18:02.476 15430 15511 I art     : Starting a blocking GC Explicit
08-06 06:18:02.503 15430 15511 I art     : Explicit concurrent mark sweep GC freed 3(96B) AllocSpace objects, 0(0B) LOS objects, 36% free, 28MB/44MB, paused 892us total 27.231ms
08-06 06:18:02.512 15430 15511 I art     : Starting a blocking GC Explicit
08-06 06:18:02.540 15430 15511 I art     : Explicit concurrent mark sweep GC freed 3(96B) AllocSpace objects, 0(0B) LOS objects, 36% free, 28MB/44MB, paused 866us total 27.074ms
08-06 06:18:02.675 17283 17283 D AndroidRuntime: >>>>>> START com.android.internal.os.RuntimeInit uid 2000 <<<<<<
08-06 06:18:02.681 17283 17283 D AndroidRuntime: CheckJNI is OFF
08-06 06:18:02.715 17283 17283 D ICU     : No timezone override file found: /data/misc/zoneinfo/current/icu/icu_tzdata.dat
08-06 06:18:02.738  9013  9013 I ServiceManager: Waiting for service AtCmdFwd...
08-06 06:18:02.747 17283 17283 I Radio-JNI: register_android_hardware_Radio DONE
08-06 06:18:02.769 17283 17283 D AndroidRuntime: Calling main entry com.android.commands.input.Input
08-06 06:18:02.770 17283 17283 I Input   : injectKeyEvent: KeyEvent { action=ACTION_DOWN, keyCode=KEYCODE_BACK, scanCode=0, metaState=0, flags=0x0, repeatCount=0, eventTime=857899183, downTime=857899183, deviceId=-1, source=0x101 }
08-06 06:18:02.776 17283 17283 I Input   : injectKeyEvent: KeyEvent { action=ACTION_UP, keyCode=KEYCODE_BACK, scanCode=0, metaState=0, flags=0x0, repeatCount=0, eventTime=857899183, downTime=857899183, deviceId=-1, source=0x101 }
08-06 06:18:02.783 17283 17283 D AndroidRuntime: Shutting down VM
08-06 06:18:02.788 15430 15430 V PlaybackController: initServiceNotRunning()
08-06 06:18:02.789 15430 15430 D ExternalPlayerFragment: Loading media info
08-06 06:18:02.792 15430 15430 D UserPreferences: Using default data folder
08-06 06:18:02.797 15430 15454 D DBReader: getNavDrawerData() called with: 
08-06 06:18:02.807 15430 15454 D DBReader: getDownloadedItems() called
08-06 06:18:02.808 15430 15454 D DBReader: getFavoriteIDList() called
08-06 06:18:02.809 15430 15454 D DBReader: getQueueIDList() called
08-06 06:18:02.809 15430 15454 D DBReader: Extracting Feedlist
08-06 06:18:02.828 13866 13866 I GoogleInputMethodServic: GoogleInputMethodService.onFinishInput():3138 
08-06 06:18:02.829 13866 13866 I GoogleInputMethodServic: GoogleInputMethodService.onStartInput():1808 
08-06 06:18:02.841 15430 15430 D MainActivity: getLastNavFragment() -> AddFeedFragment
08-06 06:18:02.851 15430 16638 I art     : Starting a blocking GC Explicit
08-06 06:18:02.879 15430 16638 I art     : Explicit concurrent mark sweep GC freed 2507(153KB) AllocSpace objects, 1(20KB) LOS objects, 36% free, 28MB/44MB, paused 866us total 27.009ms
08-06 06:18:02.887 15430 16638 I art     : Starting a blocking GC Explicit
08-06 06:18:02.913 15430 16638 I art     : Explicit concurrent mark sweep GC freed 452(24KB) AllocSpace objects, 0(0B) LOS objects, 36% free, 28MB/44MB, paused 923us total 25.014ms
08-06 06:18:02.924 15430 16638 I art     : Starting a blocking GC Explicit
08-06 06:18:02.954 15430 16638 I art     : Explicit concurrent mark sweep GC freed 3(96B) AllocSpace objects, 0(0B) LOS objects, 36% free, 28MB/44MB, paused 807us total 30.037ms
08-06 06:18:02.964 15430 16638 I art     : Starting a blocking GC Explicit
08-06 06:18:02.994 15430 16638 I art     : Explicit concurrent mark sweep GC freed 3(96B) AllocSpace objects, 0(0B) LOS objects, 36% free, 28MB/44MB, paused 882us total 29.945ms
08-06 06:18:03.007 15430 16638 I art     : Starting a blocking GC Explicit
08-06 06:18:03.043 15430 16638 I art     : Explicit concurrent mark sweep GC freed 3(96B) AllocSpace objects, 0(0B) LOS objects, 36% free, 28MB/44MB, paused 857us total 35.544ms
08-06 06:18:03.127   380   380 W SurfaceFlinger: couldn't log to binary event log: overflow.
08-06 06:18:03.294 15430 15447 I art     : Starting a blocking GC Explicit
08-06 06:18:03.324 15430 15447 I art     : Explicit concurrent mark sweep GC freed 2007(107KB) AllocSpace objects, 1(20KB) LOS objects, 36% free, 28MB/44MB, paused 893us total 30.652ms
08-06 06:18:03.334 15430 15447 I art     : Starting a blocking GC Explicit
08-06 06:18:03.363 15430 15447 I art     : Explicit concurrent mark sweep GC freed 2457(152KB) AllocSpace objects, 1(28KB) LOS objects, 36% free, 28MB/44MB, paused 938us total 28.593ms
08-06 06:18:03.372 15430 15447 I art     : Starting a blocking GC Explicit
08-06 06:18:03.400 15430 15447 I art     : Explicit concurrent mark sweep GC freed 3(96B) AllocSpace objects, 0(0B) LOS objects, 36% free, 28MB/44MB, paused 858us total 27.802ms
08-06 06:18:03.410 15430 15447 I art     : Starting a blocking GC Explicit
08-06 06:18:03.437 15430 15447 I art     : Explicit concurrent mark sweep GC freed 3(96B) AllocSpace objects, 0(0B) LOS objects, 36% free, 28MB/44MB, paused 887us total 27.092ms
08-06 06:18:03.446 15430 15447 I art     : Starting a blocking GC Explicit
08-06 06:18:03.474 15430 15447 I art     : Explicit concurrent mark sweep GC freed 3(96B) AllocSpace objects, 0(0B) LOS objects, 36% free, 28MB/44MB, paused 918us total 28.016ms
08-06 06:18:03.739  9013  9013 I ServiceManager: Waiting for service AtCmdFwd...
08-06 06:18:03.776 15430 15446 I art     : Starting a blocking GC Explicit
08-06 06:18:03.812 15430 15446 I art     : Explicit concurrent mark sweep GC freed 1403(83KB) AllocSpace objects, 1(20KB) LOS objects, 36% free, 28MB/44MB, paused 1.013ms total 35.517ms
08-06 06:18:03.824 15430 15446 I art     : Starting a blocking GC Explicit
08-06 06:18:03.852 15430 15446 I art     : Explicit concurrent mark sweep GC freed 23(752B) AllocSpace objects, 0(0B) LOS objects, 36% free, 28MB/44MB, paused 871us total 27.722ms
08-06 06:18:03.861 15430 15446 I art     : Starting a blocking GC Explicit
08-06 06:18:03.889 15430 15446 I art     : Explicit concurrent mark sweep GC freed 3(96B) AllocSpace objects, 0(0B) LOS objects, 36% free, 28MB/44MB, paused 865us total 27.583ms
08-06 06:18:03.898 15430 15446 I art     : Starting a blocking GC Explicit
08-06 06:18:03.926 15430 15446 I art     : Explicit concurrent mark sweep GC freed 3(96B) AllocSpace objects, 0(0B) LOS objects, 36% free, 28MB/44MB, paused 913us total 27.623ms
08-06 06:18:03.936 15430 15446 I art     : Starting a blocking GC Explicit
08-06 06:18:03.964 15430 15446 I art     : Explicit concurrent mark sweep GC freed 3(96B) AllocSpace objects, 0(0B) LOS objects, 36% free, 28MB/44MB, paused 851us total 28.163ms
08-06 06:18:04.233 15430 15511 I art     : Starting a blocking GC Explicit
08-06 06:18:04.261 15430 15511 I art     : Explicit concurrent mark sweep GC freed 1373(80KB) AllocSpace objects, 1(20KB) LOS objects, 36% free, 28MB/44MB, paused 914us total 27.882ms
08-06 06:18:04.271 15430 15511 I art     : Starting a blocking GC Explicit
08-06 06:18:04.297 15430 15511 I art     : Explicit concurrent mark sweep GC freed 23(752B) AllocSpace objects, 0(0B) LOS objects, 36% free, 28MB/44MB, paused 1.006ms total 25.836ms
08-06 06:18:04.306 15430 15511 I art     : Starting a blocking GC Explicit
08-06 06:18:04.333 15430 15511 I art     : Explicit concurrent mark sweep GC freed 3(96B) AllocSpace objects, 0(0B) LOS objects, 36% free, 28MB/44MB, paused 857us total 26.459ms
08-06 06:18:04.342 15430 15511 I art     : Starting a blocking GC Explicit
08-06 06:18:04.369 15430 15511 I art     : Explicit concurrent mark sweep GC freed 3(96B) AllocSpace objects, 0(0B) LOS objects, 36% free, 28MB/44MB, paused 878us total 26.217ms
08-06 06:18:04.378 15430 15511 I art     : Starting a blocking GC Explicit
08-06 06:18:04.404 15430 15511 I art     : Explicit concurrent mark sweep GC freed 3(96B) AllocSpace objects, 0(0B) LOS objects, 36% free, 28MB/44MB, paused 852us total 26.160ms
08-06 06:18:04.441 17334 17334 D AndroidRuntime: >>>>>> START com.android.internal.os.RuntimeInit uid 2000 <<<<<<
08-06 06:18:04.446 17334 17334 D AndroidRuntime: CheckJNI is OFF
08-06 06:18:04.482 17334 17334 D ICU     : No timezone override file found: /data/misc/zoneinfo/current/icu/icu_tzdata.dat
08-06 06:18:04.515 17334 17334 I Radio-JNI: register_android_hardware_Radio DONE
08-06 06:18:04.538 17334 17334 D AndroidRuntime: Calling main entry com.android.commands.input.Input
08-06 06:18:04.540 17334 17334 I Input   : injectKeyEvent: KeyEvent { action=ACTION_DOWN, keyCode=KEYCODE_BACK, scanCode=0, metaState=0, flags=0x0, repeatCount=0, eventTime=857900953, downTime=857900953, deviceId=-1, source=0x101 }
08-06 06:18:04.548 17334 17334 I Input   : injectKeyEvent: KeyEvent { action=ACTION_UP, keyCode=KEYCODE_BACK, scanCode=0, metaState=0, flags=0x0, repeatCount=0, eventTime=857900953, downTime=857900953, deviceId=-1, source=0x101 }
08-06 06:18:04.559 13866 13866 I GoogleInputMethodServic: GoogleInputMethodService.onFinishInput():3138 
08-06 06:18:04.560 13866 13866 I GoogleInputMethodServic: GoogleInputMethodService.onStartInput():1808 
08-06 06:18:04.564 17334 17334 D AndroidRuntime: Shutting down VM
08-06 06:18:04.668 15430 16638 I art     : Starting a blocking GC Explicit
08-06 06:18:04.699 15430 16638 I art     : Explicit concurrent mark sweep GC freed 2614(130KB) AllocSpace objects, 1(20KB) LOS objects, 36% free, 28MB/44MB, paused 1.015ms total 31.534ms
08-06 06:18:04.710 15430 16638 I art     : Starting a blocking GC Explicit
08-06 06:18:04.739 15430 16638 I art     : Explicit concurrent mark sweep GC freed 2652(177KB) AllocSpace objects, 9(1540KB) LOS objects, 37% free, 26MB/42MB, paused 919us total 28.093ms
08-06 06:18:04.739  9013  9013 W Atfwd_Sendcmd: AtCmdFwd service not published, waiting... retryCnt : 3
08-06 06:18:04.748 15430 16638 I art     : Starting a blocking GC Explicit
08-06 06:18:04.775 15430 16638 I art     : Explicit concurrent mark sweep GC freed 3(96B) AllocSpace objects, 0(0B) LOS objects, 37% free, 26MB/42MB, paused 944us total 26.456ms
08-06 06:18:04.784 15430 16638 I art     : Starting a blocking GC Explicit
08-06 06:18:04.811 15430 16638 I art     : Explicit concurrent mark sweep GC freed 3(96B) AllocSpace objects, 0(0B) LOS objects, 37% free, 26MB/42MB, paused 849us total 26.228ms
08-06 06:18:04.820 15430 16638 I art     : Starting a blocking GC Explicit
08-06 06:18:04.847 15430 16638 I art     : Explicit concurrent mark sweep GC freed 3(96B) AllocSpace objects, 0(0B) LOS objects, 37% free, 26MB/42MB, paused 860us total 26.733ms
08-06 06:18:05.115 15430 15447 I art     : Starting a blocking GC Explicit
08-06 06:18:05.148 15430 15447 I art     : Explicit concurrent mark sweep GC freed 1373(81KB) AllocSpace objects, 1(20KB) LOS objects, 37% free, 26MB/42MB, paused 1.047ms total 32.899ms
08-06 06:18:05.160 15430 15447 I art     : Starting a blocking GC Explicit
08-06 06:18:05.187 15430 15447 I art     : Explicit concurrent mark sweep GC freed 23(752B) AllocSpace objects, 0(0B) LOS objects, 37% free, 26MB/42MB, paused 914us total 27.201ms
08-06 06:18:05.197 15430 15447 I art     : Starting a blocking GC Explicit
08-06 06:18:05.224 15430 15447 I art     : Explicit concurrent mark sweep GC freed 3(96B) AllocSpace objects, 0(0B) LOS objects, 37% free, 26MB/42MB, paused 852us total 27.028ms
08-06 06:18:05.233 15430 15447 I art     : Starting a blocking GC Explicit
08-06 06:18:05.261 15430 15447 I art     : Explicit concurrent mark sweep GC freed 3(96B) AllocSpace objects, 0(0B) LOS objects, 37% free, 26MB/42MB, paused 918us total 27.316ms
08-06 06:18:05.270 15430 15447 I art     : Starting a blocking GC Explicit
08-06 06:18:05.298 15430 15447 I art     : Explicit concurrent mark sweep GC freed 3(96B) AllocSpace objects, 0(0B) LOS objects, 37% free, 26MB/42MB, paused 873us total 28.009ms
08-06 06:18:05.596 15430 15446 I art     : Starting a blocking GC Explicit
08-06 06:18:05.633 15430 15446 I art     : Explicit concurrent mark sweep GC freed 1402(82KB) AllocSpace objects, 1(20KB) LOS objects, 37% free, 26MB/42MB, paused 856us total 35.775ms
08-06 06:18:05.645 15430 15446 I art     : Starting a blocking GC Explicit
08-06 06:18:05.672 15430 15446 I art     : Explicit concurrent mark sweep GC freed 23(752B) AllocSpace objects, 0(0B) LOS objects, 37% free, 26MB/42MB, paused 850us total 26.959ms
08-06 06:18:05.681 15430 15446 I art     : Starting a blocking GC Explicit
08-06 06:18:05.709 15430 15446 I art     : Explicit concurrent mark sweep GC freed 3(96B) AllocSpace objects, 0(0B) LOS objects, 37% free, 26MB/42MB, paused 888us total 27.582ms
08-06 06:18:05.719 15430 15446 I art     : Starting a blocking GC Explicit
08-06 06:18:05.747 15430 15446 I art     : Explicit concurrent mark sweep GC freed 3(96B) AllocSpace objects, 0(0B) LOS objects, 37% free, 26MB/42MB, paused 875us total 27.597ms
08-06 06:18:05.756 15430 15446 I art     : Starting a blocking GC Explicit
08-06 06:18:05.784 15430 15446 I art     : Explicit concurrent mark sweep GC freed 3(96B) AllocSpace objects, 0(0B) LOS objects, 37% free, 26MB/42MB, paused 850us total 27.662ms
08-06 06:18:06.063 15430 15511 I art     : Starting a blocking GC Explicit
08-06 06:18:06.091 15430 15511 I art     : Explicit concurrent mark sweep GC freed 1372(82KB) AllocSpace objects, 1(20KB) LOS objects, 37% free, 26MB/42MB, paused 860us total 27.661ms
08-06 06:18:06.100 15430 15511 I art     : Starting a blocking GC Explicit
08-06 06:18:06.128 15430 15511 I art     : Explicit concurrent mark sweep GC freed 23(752B) AllocSpace objects, 0(0B) LOS objects, 37% free, 26MB/42MB, paused 923us total 27.005ms
08-06 06:18:06.137 15430 15511 I art     : Starting a blocking GC Explicit
08-06 06:18:06.163 15430 15511 I art     : Explicit concurrent mark sweep GC freed 3(96B) AllocSpace objects, 0(0B) LOS objects, 37% free, 26MB/42MB, paused 832us total 26.109ms
08-06 06:18:06.171 15430 15511 I art     : Starting a blocking GC Explicit
08-06 06:18:06.195 15430 15511 I art     : Explicit concurrent mark sweep GC freed 5(160B) AllocSpace objects, 0(0B) LOS objects, 37% free, 26MB/42MB, paused 830us total 23.799ms
08-06 06:18:06.204 15430 15511 I art     : Starting a blocking GC Explicit
08-06 06:18:06.221 17399 17399 D AndroidRuntime: >>>>>> START com.android.internal.os.RuntimeInit uid 2000 <<<<<<
08-06 06:18:06.227 17399 17399 D AndroidRuntime: CheckJNI is OFF
08-06 06:18:06.231 15430 15511 I art     : Explicit concurrent mark sweep GC freed 7(224B) AllocSpace objects, 0(0B) LOS objects, 37% free, 26MB/42MB, paused 866us total 26.582ms
08-06 06:18:06.259 17399 17399 D ICU     : No timezone override file found: /data/misc/zoneinfo/current/icu/icu_tzdata.dat
08-06 06:18:06.290 17399 17399 I Radio-JNI: register_android_hardware_Radio DONE
08-06 06:18:06.311 17399 17399 D AndroidRuntime: Calling main entry com.android.commands.input.Input
08-06 06:18:06.313 17399 17399 I Input   : injectMotionEvent: MotionEvent { action=ACTION_DOWN, actionButton=0, id[0]=0, x[0]=567.0, y[0]=714.0, toolType[0]=TOOL_TYPE_UNKNOWN, buttonState=0, metaState=0, flags=0x0, edgeFlags=0x0, pointerCount=1, historySize=0, eventTime=857902725, downTime=857902725, deviceId=0, source=0x1002 }
08-06 06:18:06.321 17399 17399 I Input   : injectMotionEvent: MotionEvent { action=ACTION_UP, actionButton=0, id[0]=0, x[0]=567.0, y[0]=714.0, toolType[0]=TOOL_TYPE_UNKNOWN, buttonState=0, metaState=0, flags=0x0, edgeFlags=0x0, pointerCount=1, historySize=0, eventTime=857902725, downTime=857902725, deviceId=0, source=0x1002 }
08-06 06:18:06.323 17399 17399 D AndroidRuntime: Shutting down VM
08-06 06:18:06.334   512  2967 D audio_hw_primary: out_set_parameters: enter: usecase(1: low-latency-playback) kvpairs: routing=2
08-06 06:18:06.346   512  2967 D audio_hw_primary: select_devices: out_snd_device(2: speaker) in_snd_device(0: none)
08-06 06:18:06.347   512  2967 D msm8974_platform: platform_send_audio_calibration: sending audio calibration for snd_device(2) acdb_id(15)
08-06 06:18:06.347   512  2967 I soundtrigger: audio_extn_sound_trigger_update_device_status: device 0x2 of type 0 for Event 1
08-06 06:18:06.357   512  2967 D audio_hw_primary: enable_snd_device: snd_device(2: speaker)
08-06 06:18:06.359   512  2967 D audio_hw_primary: enable_audio_route: apply and update mixer path: low-latency-playback speaker
08-06 06:18:06.480 15430 15446 I art     : Starting a blocking GC Explicit
08-06 06:18:06.510 15430 15446 I art     : Explicit concurrent mark sweep GC freed 6440(291KB) AllocSpace objects, 1(20KB) LOS objects, 37% free, 27MB/43MB, paused 1.019ms total 29.424ms
08-06 06:18:06.520 15430 15446 I art     : Starting a blocking GC Explicit
08-06 06:18:06.547 15430 15446 I art     : Explicit concurrent mark sweep GC freed 3081(159KB) AllocSpace objects, 1(220KB) LOS objects, 37% free, 26MB/42MB, paused 926us total 26.251ms
08-06 06:18:06.556 15430 15446 I art     : Starting a blocking GC Explicit
08-06 06:18:06.581 15430 15446 I art     : Explicit concurrent mark sweep GC freed 110(4KB) AllocSpace objects, 0(0B) LOS objects, 37% free, 26MB/42MB, paused 861us total 24.696ms
08-06 06:18:06.589 15430 15446 I art     : Starting a blocking GC Explicit
08-06 06:18:06.614 15430 15446 I art     : Explicit concurrent mark sweep GC freed 46(1424B) AllocSpace objects, 0(0B) LOS objects, 37% free, 26MB/42MB, paused 846us total 24.898ms
08-06 06:18:06.623 15430 15446 I art     : Starting a blocking GC Explicit
08-06 06:18:06.648 15430 15446 I art     : Explicit concurrent mark sweep GC freed 13(480B) AllocSpace objects, 0(0B) LOS objects, 37% free, 26MB/42MB, paused 943us total 24.997ms
08-06 06:18:06.676 15430 15962 I NAPPA_EXPERIMENTATION: MetricNetworkRequestExecutionTime: REQUEST_DURATION_SYSTEM='323',REQUEST_DURATION_OKHTTP='157',REQUEST_SYNCHRONOUS='TRUE',RESPONSE_CODE='400',RESPONSE_METHOD='GET',RESPONSE_LENGTH_OKHTTP='0',RESPONSE_LENGTH_HEADER='0',REQUEST_PROTOCOL='h2',REQUEST_URL='https://itunes.apple.com/en/rss/toppodcasts/limit=25/explicit=true/json',
08-06 06:18:06.818 15430 15962 I NAPPA_EXPERIMENTATION: MetricNetworkRequestExecutionTime: REQUEST_DURATION_SYSTEM='141',REQUEST_DURATION_OKHTTP='141',REQUEST_SYNCHRONOUS='TRUE',RESPONSE_CODE='200',RESPONSE_METHOD='GET',RESPONSE_LENGTH_OKHTTP='-1',RESPONSE_LENGTH_HEADER='10075',REQUEST_PROTOCOL='h2',REQUEST_URL='https://itunes.apple.com/us/rss/toppodcasts/limit=25/explicit=true/json',
08-06 06:18:06.866 15430 16172 D ApOkHttpUrlLoader: buildLoadData() called with: model = [https://is4-ssl.mzstatic.com/image/thumb/Podcasts114/v4/3f/16/74/3f167426-bf50-ce3a-d709-e4301620fc5b/mza_5832671293059882550.jpeg/170x170bb.png], width = [224], height = [224]
08-06 06:18:06.868 15430 16178 D DBReader: getImageAuthentication() called with: imageUrl = [https://is4-ssl.mzstatic.com/image/thumb/Podcasts114/v4/3f/16/74/3f167426-bf50-ce3a-d709-e4301620fc5b/mza_5832671293059882550.jpeg/170x170bb.png]
08-06 06:18:06.871 15430 16176 D ApOkHttpUrlLoader: buildLoadData() called with: model = [https://is4-ssl.mzstatic.com/image/thumb/Podcasts113/v4/e5/8a/10/e58a108f-f5d0-f622-c94a-13f66edd570c/mza_3025981348644196724.jpg/170x170bb.png], width = [224], height = [224]
08-06 06:18:06.872 15430 16175 D DBReader: getImageAuthentication() called with: imageUrl = [https://is4-ssl.mzstatic.com/image/thumb/Podcasts113/v4/e5/8a/10/e58a108f-f5d0-f622-c94a-13f66edd570c/mza_3025981348644196724.jpg/170x170bb.png]
08-06 06:18:06.872 15430 16178 D ApOkHttpUrlLoader: no credentials for 'https://is4-ssl.mzstatic.com/image/thumb/Podcasts114/v4/3f/16/74/3f167426-bf50-ce3a-d709-e4301620fc5b/mza_5832671293059882550.jpeg/170x170bb.png'
08-06 06:18:06.874 15430 16175 D ApOkHttpUrlLoader: no credentials for 'https://is4-ssl.mzstatic.com/image/thumb/Podcasts113/v4/e5/8a/10/e58a108f-f5d0-f622-c94a-13f66edd570c/mza_3025981348644196724.jpg/170x170bb.png'
08-06 06:18:06.876 15430 16173 D ApOkHttpUrlLoader: buildLoadData() called with: model = [https://is2-ssl.mzstatic.com/image/thumb/Podcasts113/v4/a9/39/cc/a939ccc5-6d60-0c11-0a4c-16d71cdef89b/mza_8787577209688278658.jpg/170x170bb.png], width = [224], height = [224]
08-06 06:18:06.878 15430 16179 D DBReader: getImageAuthentication() called with: imageUrl = [https://is2-ssl.mzstatic.com/image/thumb/Podcasts113/v4/a9/39/cc/a939ccc5-6d60-0c11-0a4c-16d71cdef89b/mza_8787577209688278658.jpg/170x170bb.png]
08-06 06:18:06.879 15430 16171 D ApOkHttpUrlLoader: buildLoadData() called with: model = [https://is5-ssl.mzstatic.com/image/thumb/Podcasts114/v4/93/cf/99/93cf9960-fff3-205e-6655-72c03ddeccb2/mza_10545582232493904175.jpeg/170x170bb.png], width = [224], height = [224]
08-06 06:18:06.880 15430 16179 D ApOkHttpUrlLoader: no credentials for 'https://is2-ssl.mzstatic.com/image/thumb/Podcasts113/v4/a9/39/cc/a939ccc5-6d60-0c11-0a4c-16d71cdef89b/mza_8787577209688278658.jpg/170x170bb.png'
08-06 06:18:06.880 15430 16177 D DBReader: getImageAuthentication() called with: imageUrl = [https://is5-ssl.mzstatic.com/image/thumb/Podcasts114/v4/93/cf/99/93cf9960-fff3-205e-6655-72c03ddeccb2/mza_10545582232493904175.jpeg/170x170bb.png]
08-06 06:18:06.882 15430 16172 D ApOkHttpUrlLoader: buildLoadData() called with: model = [https://is4-ssl.mzstatic.com/image/thumb/Podcasts124/v4/49/a4/91/49a491b7-3daf-c5dc-d7c6-6c4f1486955c/mza_5930014091766152297.png/170x170bb.png], width = [224], height = [224]
08-06 06:18:06.883 15430 16181 D DBReader: getImageAuthentication() called with: imageUrl = [https://is4-ssl.mzstatic.com/image/thumb/Podcasts124/v4/49/a4/91/49a491b7-3daf-c5dc-d7c6-6c4f1486955c/mza_5930014091766152297.png/170x170bb.png]
08-06 06:18:06.884 15430 16177 D ApOkHttpUrlLoader: no credentials for 'https://is5-ssl.mzstatic.com/image/thumb/Podcasts114/v4/93/cf/99/93cf9960-fff3-205e-6655-72c03ddeccb2/mza_10545582232493904175.jpeg/170x170bb.png'
08-06 06:18:06.885 15430 16176 D ApOkHttpUrlLoader: buildLoadData() called with: model = [https://is5-ssl.mzstatic.com/image/thumb/Podcasts113/v4/fd/54/6e/fd546ea0-7ab2-e3f0-6049-884d82917af9/mza_4855349695799758348.jpeg/170x170bb.png], width = [224], height = [224]
08-06 06:18:06.886 15430 16180 D DBReader: getImageAuthentication() called with: imageUrl = [https://is5-ssl.mzstatic.com/image/thumb/Podcasts113/v4/fd/54/6e/fd546ea0-7ab2-e3f0-6049-884d82917af9/mza_4855349695799758348.jpeg/170x170bb.png]
08-06 06:18:06.888 15430 16181 D ApOkHttpUrlLoader: no credentials for 'https://is4-ssl.mzstatic.com/image/thumb/Podcasts124/v4/49/a4/91/49a491b7-3daf-c5dc-d7c6-6c4f1486955c/mza_5930014091766152297.png/170x170bb.png'
08-06 06:18:06.888 15430 16173 D ApOkHttpUrlLoader: buildLoadData() called with: model = [https://is2-ssl.mzstatic.com/image/thumb/Podcasts114/v4/b3/4c/cf/b34ccfc2-cea4-1ca1-0fad-7793af301cc5/mza_2466085192629456364.jpg/170x170bb.png], width = [224], height = [224]
08-06 06:18:06.889 15430 16174 D DBReader: getImageAuthentication() called with: imageUrl = [https://is2-ssl.mzstatic.com/image/thumb/Podcasts114/v4/b3/4c/cf/b34ccfc2-cea4-1ca1-0fad-7793af301cc5/mza_2466085192629456364.jpg/170x170bb.png]
08-06 06:18:06.889   512  2967 D audio_hw_primary: disable_audio_route: reset and update mixer path: low-latency-playback speaker
08-06 06:18:06.891   512  2967 D audio_hw_primary: disable_snd_device: snd_device(2: speaker)
08-06 06:18:06.892 15430 16180 D ApOkHttpUrlLoader: no credentials for 'https://is5-ssl.mzstatic.com/image/thumb/Podcasts113/v4/fd/54/6e/fd546ea0-7ab2-e3f0-6049-884d82917af9/mza_4855349695799758348.jpeg/170x170bb.png'
08-06 06:18:06.894 15430 16174 D ApOkHttpUrlLoader: no credentials for 'https://is2-ssl.mzstatic.com/image/thumb/Podcasts114/v4/b3/4c/cf/b34ccfc2-cea4-1ca1-0fad-7793af301cc5/mza_2466085192629456364.jpg/170x170bb.png'
08-06 06:18:06.901   512  2967 I soundtrigger: audio_extn_sound_trigger_update_device_status: device 0x2 of type 0 for Event 0
08-06 06:18:06.918 15430 15447 I art     : Starting a blocking GC Explicit
08-06 06:18:06.945 15430 15447 I art     : Explicit concurrent mark sweep GC freed 12962(764KB) AllocSpace objects, 5(372KB) LOS objects, 37% free, 27MB/43MB, paused 1.019ms total 26.735ms
08-06 06:18:06.955 15430 15447 I art     : Starting a blocking GC Explicit
08-06 06:18:06.982 15430 15447 I art     : Explicit concurrent mark sweep GC freed 282(13KB) AllocSpace objects, 0(0B) LOS objects, 37% free, 26MB/42MB, paused 1.076ms total 27.062ms
08-06 06:18:06.991 15430 15447 I art     : Starting a blocking GC Explicit
08-06 06:18:07.020 15430 15447 I art     : Explicit concurrent mark sweep GC freed 2782(118KB) AllocSpace objects, 0(0B) LOS objects, 37% free, 26MB/42MB, paused 1.096ms total 28.888ms
08-06 06:18:07.029 15430 15447 I art     : Starting a blocking GC Explicit
08-06 06:18:07.060 15430 15447 I art     : Explicit concurrent mark sweep GC freed 17545(748KB) AllocSpace objects, 0(0B) LOS objects, 37% free, 27MB/43MB, paused 1.305ms total 30.764ms
08-06 06:18:07.069 15430 15447 I art     : Starting a blocking GC Explicit
08-06 06:18:07.100 15430 15447 I art     : Explicit concurrent mark sweep GC freed 5301(234KB) AllocSpace objects, 0(0B) LOS objects, 37% free, 27MB/43MB, paused 1.715ms total 30.335ms
08-06 06:18:07.199 15430 16175 D MYTAG   : interceptor 2a
08-06 06:18:07.200 15430 16175 I NAPPA_EXPERIMENTATION: MetricNetworkRequestExecutionTime: REQUEST_DURATION_SYSTEM='325',REQUEST_DURATION_OKHTTP='160',REQUEST_SYNCHRONOUS='TRUE',RESPONSE_CODE='200',RESPONSE_METHOD='GET',RESPONSE_LENGTH_OKHTTP='45995',RESPONSE_LENGTH_HEADER='45995',REQUEST_PROTOCOL='h2',REQUEST_URL='https://is4-ssl.mzstatic.com/image/thumb/Podcasts113/v4/e5/8a/10/e58a108f-f5d0-f622-c94a-13f66edd570c/mza_3025981348644196724.jpg/170x170bb.png',
08-06 06:18:07.242 15430 16178 D MYTAG   : interceptor 2a
08-06 06:18:07.243 15430 16178 I NAPPA_EXPERIMENTATION: MetricNetworkRequestExecutionTime: REQUEST_DURATION_SYSTEM='370',REQUEST_DURATION_OKHTTP='167',REQUEST_SYNCHRONOUS='TRUE',RESPONSE_CODE='200',RESPONSE_METHOD='GET',RESPONSE_LENGTH_OKHTTP='26177',RESPONSE_LENGTH_HEADER='26177',REQUEST_PROTOCOL='h2',REQUEST_URL='https://is4-ssl.mzstatic.com/image/thumb/Podcasts114/v4/3f/16/74/3f167426-bf50-ce3a-d709-e4301620fc5b/mza_5832671293059882550.jpeg/170x170bb.png',
08-06 06:18:07.279 15430 16179 D MYTAG   : interceptor 2a
08-06 06:18:07.279 15430 16179 I NAPPA_EXPERIMENTATION: MetricNetworkRequestExecutionTime: REQUEST_DURATION_SYSTEM='399',REQUEST_DURATION_OKHTTP='191',REQUEST_SYNCHRONOUS='TRUE',RESPONSE_CODE='200',RESPONSE_METHOD='GET',RESPONSE_LENGTH_OKHTTP='48239',RESPONSE_LENGTH_HEADER='48239',REQUEST_PROTOCOL='h2',REQUEST_URL='https://is2-ssl.mzstatic.com/image/thumb/Podcasts113/v4/a9/39/cc/a939ccc5-6d60-0c11-0a4c-16d71cdef89b/mza_8787577209688278658.jpg/170x170bb.png',
08-06 06:18:07.330 15430 16177 D MYTAG   : interceptor 2a
08-06 06:18:07.331 15430 16177 I NAPPA_EXPERIMENTATION: MetricNetworkRequestExecutionTime: REQUEST_DURATION_SYSTEM='446',REQUEST_DURATION_OKHTTP='242',REQUEST_SYNCHRONOUS='TRUE',RESPONSE_CODE='200',RESPONSE_METHOD='GET',RESPONSE_LENGTH_OKHTTP='22351',RESPONSE_LENGTH_HEADER='22351',REQUEST_PROTOCOL='h2',REQUEST_URL='https://is5-ssl.mzstatic.com/image/thumb/Podcasts114/v4/93/cf/99/93cf9960-fff3-205e-6655-72c03ddeccb2/mza_10545582232493904175.jpeg/170x170bb.png',
08-06 06:18:07.334 15430 16174 D MYTAG   : interceptor 2a
08-06 06:18:07.334 15430 16174 I NAPPA_EXPERIMENTATION: MetricNetworkRequestExecutionTime: REQUEST_DURATION_SYSTEM='440',REQUEST_DURATION_OKHTTP='238',REQUEST_SYNCHRONOUS='TRUE',RESPONSE_CODE='200',RESPONSE_METHOD='GET',RESPONSE_LENGTH_OKHTTP='42299',RESPONSE_LENGTH_HEADER='42299',REQUEST_PROTOCOL='h2',REQUEST_URL='https://is2-ssl.mzstatic.com/image/thumb/Podcasts114/v4/b3/4c/cf/b34ccfc2-cea4-1ca1-0fad-7793af301cc5/mza_2466085192629456364.jpg/170x170bb.png',
08-06 06:18:07.341 15430 16181 D MYTAG   : interceptor 2a
08-06 06:18:07.341 15430 16181 I NAPPA_EXPERIMENTATION: MetricNetworkRequestExecutionTime: REQUEST_DURATION_SYSTEM='453',REQUEST_DURATION_OKHTTP='254',REQUEST_SYNCHRONOUS='TRUE',RESPONSE_CODE='200',RESPONSE_METHOD='GET',RESPONSE_LENGTH_OKHTTP='12000',RESPONSE_LENGTH_HEADER='12000',REQUEST_PROTOCOL='h2',REQUEST_URL='https://is4-ssl.mzstatic.com/image/thumb/Podcasts124/v4/49/a4/91/49a491b7-3daf-c5dc-d7c6-6c4f1486955c/mza_5930014091766152297.png/170x170bb.png',
08-06 06:18:07.357 15430 16180 D MYTAG   : interceptor 2a
08-06 06:18:07.357 15430 16180 I NAPPA_EXPERIMENTATION: MetricNetworkRequestExecutionTime: REQUEST_DURATION_SYSTEM='465',REQUEST_DURATION_OKHTTP='272',REQUEST_SYNCHRONOUS='TRUE',RESPONSE_CODE='200',RESPONSE_METHOD='GET',RESPONSE_LENGTH_OKHTTP='54835',RESPONSE_LENGTH_HEADER='54835',REQUEST_PROTOCOL='h2',REQUEST_URL='https://is5-ssl.mzstatic.com/image/thumb/Podcasts113/v4/fd/54/6e/fd546ea0-7ab2-e3f0-6049-884d82917af9/mza_4855349695799758348.jpeg/170x170bb.png',
08-06 06:18:07.377 15430 16638 I art     : Starting a blocking GC Explicit
08-06 06:18:07.407 15430 16638 I art     : Explicit concurrent mark sweep GC freed 5876(468KB) AllocSpace objects, 1(20KB) LOS objects, 36% free, 28MB/44MB, paused 955us total 29.245ms
08-06 06:18:07.417 15430 16638 I art     : Starting a blocking GC Explicit
08-06 06:18:07.441 15430 16638 I art     : Explicit concurrent mark sweep GC freed 583(21KB) AllocSpace objects, 0(0B) LOS objects, 36% free, 28MB/44MB, paused 897us total 24.358ms
08-06 06:18:07.450 15430 16638 I art     : Starting a blocking GC Explicit
08-06 06:18:07.477 15430 16638 I art     : Explicit concurrent mark sweep GC freed 5(240B) AllocSpace objects, 0(0B) LOS objects, 36% free, 28MB/44MB, paused 1.028ms total 27.112ms
08-06 06:18:07.487 15430 16638 I art     : Starting a blocking GC Explicit
08-06 06:18:07.515 15430 16638 I art     : Explicit concurrent mark sweep GC freed 3(96B) AllocSpace objects, 0(0B) LOS objects, 36% free, 28MB/44MB, paused 968us total 27.804ms
08-06 06:18:07.524 15430 16638 I art     : Starting a blocking GC Explicit
08-06 06:18:07.552 15430 16638 I art     : Explicit concurrent mark sweep GC freed 3(96B) AllocSpace objects, 0(0B) LOS objects, 36% free, 28MB/44MB, paused 954us total 27.713ms
08-06 06:18:07.829 13866 13882 I PeriodicStatsRunner: PeriodicStatsRunner.call():175 call()
08-06 06:18:07.831 13866 13882 I PeriodicStatsRunner: PeriodicStatsRunner.call():179 No submit PeriodicStats since input started.
08-06 06:18:07.848 15430 15447 I art     : Starting a blocking GC Explicit
08-06 06:18:07.885 15430 15447 I art     : Explicit concurrent mark sweep GC freed 1401(81KB) AllocSpace objects, 1(20KB) LOS objects, 36% free, 28MB/44MB, paused 1.019ms total 36.436ms
08-06 06:18:07.897 15430 15447 I art     : Starting a blocking GC Explicit
08-06 06:18:07.927 15430 15447 I art     : Explicit concurrent mark sweep GC freed 23(752B) AllocSpace objects, 0(0B) LOS objects, 36% free, 28MB/44MB, paused 954us total 29.083ms
08-06 06:18:07.936 15430 15447 I art     : Starting a blocking GC Explicit
08-06 06:18:07.964 15430 15447 I art     : Explicit concurrent mark sweep GC freed 3(96B) AllocSpace objects, 0(0B) LOS objects, 36% free, 28MB/44MB, paused 927us total 27.865ms
08-06 06:18:07.974 15430 15447 I art     : Starting a blocking GC Explicit
08-06 06:18:08.002 15430 15447 I art     : Explicit concurrent mark sweep GC freed 3(96B) AllocSpace objects, 0(0B) LOS objects, 36% free, 28MB/44MB, paused 945us total 27.984ms
08-06 06:18:08.011 15430 15447 I art     : Starting a blocking GC Explicit
08-06 06:18:08.040 15430 15447 I art     : Explicit concurrent mark sweep GC freed 3(96B) AllocSpace objects, 0(0B) LOS objects, 36% free, 28MB/44MB, paused 1.036ms total 28.219ms
08-06 06:18:08.380 15430 15511 I art     : Starting a blocking GC Explicit
08-06 06:18:08.418 15430 15511 I art     : Explicit concurrent mark sweep GC freed 1373(81KB) AllocSpace objects, 1(20KB) LOS objects, 36% free, 28MB/44MB, paused 1.130ms total 37.991ms
08-06 06:18:08.430 15430 15511 I art     : Starting a blocking GC Explicit
08-06 06:18:08.458 15430 15511 I art     : Explicit concurrent mark sweep GC freed 23(752B) AllocSpace objects, 0(0B) LOS objects, 36% free, 28MB/44MB, paused 1.003ms total 27.936ms
08-06 06:18:08.467 15430 15511 I art     : Starting a blocking GC Explicit
08-06 06:18:08.499 15430 15511 I art     : Explicit concurrent mark sweep GC freed 6(192B) AllocSpace objects, 0(0B) LOS objects, 36% free, 28MB/44MB, paused 958us total 31.750ms
08-06 06:18:08.511 15430 15511 I art     : Starting a blocking GC Explicit
08-06 06:18:08.539 15430 15511 I art     : Explicit concurrent mark sweep GC freed 9(288B) AllocSpace objects, 0(0B) LOS objects, 36% free, 28MB/44MB, paused 903us total 27.997ms
08-06 06:18:08.550 15430 15511 I art     : Starting a blocking GC Explicit
08-06 06:18:08.577 15430 15511 I art     : Explicit concurrent mark sweep GC freed 7(224B) AllocSpace objects, 0(0B) LOS objects, 36% free, 28MB/44MB, paused 937us total 27.231ms
08-06 06:18:08.915 15430 16638 I art     : Starting a blocking GC Explicit
08-06 06:18:08.951 15430 16638 I art     : Explicit concurrent mark sweep GC freed 1420(83KB) AllocSpace objects, 1(20KB) LOS objects, 36% free, 28MB/44MB, paused 1.033ms total 35.831ms
08-06 06:18:08.963 15430 16638 I art     : Starting a blocking GC Explicit
08-06 06:18:08.992 15430 16638 I art     : Explicit concurrent mark sweep GC freed 23(752B) AllocSpace objects, 0(0B) LOS objects, 36% free, 28MB/44MB, paused 1.053ms total 28.498ms
08-06 06:18:09.001 15430 16638 I art     : Starting a blocking GC Explicit
08-06 06:18:09.030 15430 16638 I art     : Explicit concurrent mark sweep GC freed 3(96B) AllocSpace objects, 0(0B) LOS objects, 36% free, 28MB/44MB, paused 970us total 28.387ms
08-06 06:18:09.039 15430 16638 I art     : Starting a blocking GC Explicit
08-06 06:18:09.068 15430 16638 I art     : Explicit concurrent mark sweep GC freed 3(96B) AllocSpace objects, 0(0B) LOS objects, 36% free, 28MB/44MB, paused 964us total 28.020ms
08-06 06:18:09.077 15430 16638 I art     : Starting a blocking GC Explicit
08-06 06:18:09.105 15430 16638 I art     : Explicit concurrent mark sweep GC freed 3(96B) AllocSpace objects, 0(0B) LOS objects, 36% free, 28MB/44MB, paused 939us total 27.578ms
08-06 06:18:09.457 15430 15511 I art     : Starting a blocking GC Explicit
08-06 06:18:09.490 15430 15511 I art     : Explicit concurrent mark sweep GC freed 1373(81KB) AllocSpace objects, 1(20KB) LOS objects, 36% free, 28MB/44MB, paused 970us total 32.183ms
08-06 06:18:09.500 15430 15511 I art     : Starting a blocking GC Explicit
08-06 06:18:09.528 15430 15511 I art     : Explicit concurrent mark sweep GC freed 23(752B) AllocSpace objects, 0(0B) LOS objects, 36% free, 28MB/44MB, paused 985us total 27.753ms
08-06 06:18:09.537 15430 15511 I art     : Starting a blocking GC Explicit
08-06 06:18:09.560 13866 13882 I PeriodicStatsRunner: PeriodicStatsRunner.call():175 call()
08-06 06:18:09.561 13866 13882 I PeriodicStatsRunner: PeriodicStatsRunner.call():179 No submit PeriodicStats since input started.
08-06 06:18:09.566 15430 15511 I art     : Explicit concurrent mark sweep GC freed 3(96B) AllocSpace objects, 0(0B) LOS objects, 36% free, 28MB/44MB, paused 961us total 28.505ms
08-06 06:18:09.576 15430 15511 I art     : Starting a blocking GC Explicit
08-06 06:18:09.604 15430 15511 I art     : Explicit concurrent mark sweep GC freed 32(880B) AllocSpace objects, 0(0B) LOS objects, 36% free, 28MB/44MB, paused 927us total 28.040ms
08-06 06:18:09.613 15430 15511 I art     : Starting a blocking GC Explicit
08-06 06:18:09.642 15430 15511 I art     : Explicit concurrent mark sweep GC freed 3(96B) AllocSpace objects, 0(0B) LOS objects, 36% free, 28MB/44MB, paused 957us total 28.781ms
08-06 06:18:09.969 15430 15447 I art     : Starting a blocking GC Explicit
08-06 06:18:10.002 15430 15447 I art     : Explicit concurrent mark sweep GC freed 1374(82KB) AllocSpace objects, 1(20KB) LOS objects, 36% free, 28MB/44MB, paused 972us total 31.856ms
08-06 06:18:10.012 15430 15447 I art     : Starting a blocking GC Explicit
08-06 06:18:10.041 15430 15447 I art     : Explicit concurrent mark sweep GC freed 23(752B) AllocSpace objects, 0(0B) LOS objects, 36% free, 28MB/44MB, paused 975us total 28.826ms
08-06 06:18:10.050 15430 15447 I art     : Starting a blocking GC Explicit
08-06 06:18:10.080 15430 15447 I art     : Explicit concurrent mark sweep GC freed 3(96B) AllocSpace objects, 0(0B) LOS objects, 36% free, 28MB/44MB, paused 976us total 29.020ms
08-06 06:18:10.089 15430 15447 I art     : Starting a blocking GC Explicit
08-06 06:18:10.117 15430 15447 I art     : Explicit concurrent mark sweep GC freed 3(96B) AllocSpace objects, 0(0B) LOS objects, 36% free, 28MB/44MB, paused 970us total 27.893ms
08-06 06:18:10.127 15430 15447 I art     : Starting a blocking GC Explicit
08-06 06:18:10.154 15430 15447 I art     : Explicit concurrent mark sweep GC freed 3(96B) AllocSpace objects, 0(0B) LOS objects, 36% free, 28MB/44MB, paused 931us total 27.528ms
08-06 06:18:10.477 15430 15446 I art     : Starting a blocking GC Explicit
08-06 06:18:10.514 15430 15446 I art     : Explicit concurrent mark sweep GC freed 1373(81KB) AllocSpace objects, 1(20KB) LOS objects, 36% free, 28MB/44MB, paused 1.018ms total 36.159ms
08-06 06:18:10.526 15430 15446 I art     : Starting a blocking GC Explicit
08-06 06:18:10.556 15430 15446 I art     : Explicit concurrent mark sweep GC freed 23(752B) AllocSpace objects, 0(0B) LOS objects, 36% free, 28MB/44MB, paused 969us total 29.692ms
08-06 06:18:10.565 15430 15446 I art     : Starting a blocking GC Explicit
08-06 06:18:10.593 15430 15446 I art     : Explicit concurrent mark sweep GC freed 3(96B) AllocSpace objects, 0(0B) LOS objects, 36% free, 28MB/44MB, paused 947us total 27.956ms
08-06 06:18:10.603 15430 15446 I art     : Starting a blocking GC Explicit
08-06 06:18:10.631 15430 15446 I art     : Explicit concurrent mark sweep GC freed 32(880B) AllocSpace objects, 0(0B) LOS objects, 36% free, 28MB/44MB, paused 925us total 27.515ms
08-06 06:18:10.640 15430 15446 I art     : Starting a blocking GC Explicit
08-06 06:18:10.669 15430 15446 I art     : Explicit concurrent mark sweep GC freed 3(96B) AllocSpace objects, 0(0B) LOS objects, 36% free, 28MB/44MB, paused 980us total 28.549ms
08-06 06:18:10.989 15430 16638 I art     : Starting a blocking GC Explicit
08-06 06:18:11.025 15430 16638 I art     : Explicit concurrent mark sweep GC freed 1372(80KB) AllocSpace objects, 1(20KB) LOS objects, 36% free, 28MB/44MB, paused 1.067ms total 36.057ms
08-06 06:18:11.036 15430 16638 I art     : Starting a blocking GC Explicit
08-06 06:18:11.064 15430 16638 I art     : Explicit concurrent mark sweep GC freed 23(752B) AllocSpace objects, 0(0B) LOS objects, 36% free, 28MB/44MB, paused 933us total 28.412ms
08-06 06:18:11.074 15430 16638 I art     : Starting a blocking GC Explicit
08-06 06:18:11.103 15430 16638 I art     : Explicit concurrent mark sweep GC freed 3(96B) AllocSpace objects, 0(0B) LOS objects, 36% free, 28MB/44MB, paused 1.077ms total 28.641ms
08-06 06:18:11.103 15430 15445 I art     : WaitForGcToComplete blocked for 11.299ms for cause HeapTrim
08-06 06:18:11.113 15430 16638 I art     : Starting a blocking GC Explicit
08-06 06:18:11.141 15430 16638 I art     : Explicit concurrent mark sweep GC freed 3(96B) AllocSpace objects, 0(0B) LOS objects, 36% free, 28MB/44MB, paused 952us total 27.651ms
08-06 06:18:11.150 15430 16638 I art     : Starting a blocking GC Explicit
08-06 06:18:11.179 15430 16638 I art     : Explicit concurrent mark sweep GC freed 3(96B) AllocSpace objects, 0(0B) LOS objects, 36% free, 28MB/44MB, paused 1ms total 28.698ms
08-06 06:18:11.497 15430 15511 I art     : Starting a blocking GC Explicit
08-06 06:18:11.536 15430 15511 I art     : Explicit concurrent mark sweep GC freed 1372(80KB) AllocSpace objects, 1(20KB) LOS objects, 36% free, 28MB/44MB, paused 1.030ms total 38.097ms
08-06 06:18:11.548 15430 15511 I art     : Starting a blocking GC Explicit
08-06 06:18:11.576 15430 15511 I art     : Explicit concurrent mark sweep GC freed 23(752B) AllocSpace objects, 0(0B) LOS objects, 36% free, 28MB/44MB, paused 980us total 28.112ms
08-06 06:18:11.586 15430 15511 I art     : Starting a blocking GC Explicit
08-06 06:18:11.614 15430 15511 I art     : Explicit concurrent mark sweep GC freed 32(880B) AllocSpace objects, 0(0B) LOS objects, 36% free, 28MB/44MB, paused 977us total 28.117ms
08-06 06:18:11.623 15430 15511 I art     : Starting a blocking GC Explicit
08-06 06:18:11.652 15430 15511 I art     : Explicit concurrent mark sweep GC freed 3(96B) AllocSpace objects, 0(0B) LOS objects, 36% free, 28MB/44MB, paused 953us total 28.247ms
08-06 06:18:11.661 15430 15511 I art     : Starting a blocking GC Explicit
08-06 06:18:11.689 15430 15511 I art     : Explicit concurrent mark sweep GC freed 3(96B) AllocSpace objects, 0(0B) LOS objects, 36% free, 28MB/44MB, paused 945us total 27.634ms
08-06 06:18:12.017 15430 15447 I art     : Starting a blocking GC Explicit
08-06 06:18:12.052 15430 15447 I art     : Explicit concurrent mark sweep GC freed 1372(80KB) AllocSpace objects, 1(20KB) LOS objects, 36% free, 28MB/44MB, paused 997us total 35.377ms
08-06 06:18:12.065 15430 15447 I art     : Starting a blocking GC Explicit
08-06 06:18:12.093 15430 15447 I art     : Explicit concurrent mark sweep GC freed 23(752B) AllocSpace objects, 0(0B) LOS objects, 36% free, 28MB/44MB, paused 973us total 28.438ms
08-06 06:18:12.103 15430 15447 I art     : Starting a blocking GC Explicit
08-06 06:18:12.131 15430 15447 I art     : Explicit concurrent mark sweep GC freed 3(96B) AllocSpace objects, 0(0B) LOS objects, 36% free, 28MB/44MB, paused 956us total 28.306ms
08-06 06:18:12.141 15430 15447 I art     : Starting a blocking GC Explicit
08-06 06:18:12.169 15430 15447 I art     : Explicit concurrent mark sweep GC freed 3(96B) AllocSpace objects, 0(0B) LOS objects, 36% free, 28MB/44MB, paused 951us total 28.279ms
08-06 06:18:12.179 15430 15447 I art     : Starting a blocking GC Explicit
08-06 06:18:12.207 15430 15447 I art     : Explicit concurrent mark sweep GC freed 3(96B) AllocSpace objects, 0(0B) LOS objects, 36% free, 28MB/44MB, paused 1.065ms total 28.024ms
08-06 06:18:12.519 15430 15446 I art     : Starting a blocking GC Explicit
08-06 06:18:12.555 15430 15446 I art     : Explicit concurrent mark sweep GC freed 1372(80KB) AllocSpace objects, 1(20KB) LOS objects, 36% free, 28MB/44MB, paused 1.002ms total 35.678ms
08-06 06:18:12.568 15430 15446 I art     : Starting a blocking GC Explicit
08-06 06:18:12.596 15430 15446 I art     : Explicit concurrent mark sweep GC freed 23(752B) AllocSpace objects, 0(0B) LOS objects, 36% free, 28MB/44MB, paused 986us total 27.468ms
08-06 06:18:12.605 15430 15446 I art     : Starting a blocking GC Explicit
08-06 06:18:12.632 15430 15446 I art     : Explicit concurrent mark sweep GC freed 32(880B) AllocSpace objects, 0(0B) LOS objects, 36% free, 28MB/44MB, paused 1.021ms total 26.690ms
08-06 06:18:12.641 15430 15446 I art     : Starting a blocking GC Explicit
08-06 06:18:12.668 15430 15446 I art     : Explicit concurrent mark sweep GC freed 3(96B) AllocSpace objects, 0(0B) LOS objects, 36% free, 28MB/44MB, paused 993us total 26.620ms
08-06 06:18:12.677 15430 15446 I art     : Starting a blocking GC Explicit
08-06 06:18:12.704 15430 15446 I art     : Explicit concurrent mark sweep GC freed 3(96B) AllocSpace objects, 0(0B) LOS objects, 36% free, 28MB/44MB, paused 955us total 26.715ms
08-06 06:18:12.985 17570 17570 D AndroidRuntime: >>>>>> START com.android.internal.os.RuntimeInit uid 2000 <<<<<<
08-06 06:18:12.990 17570 17570 D AndroidRuntime: CheckJNI is OFF
08-06 06:18:13.012 15430 16638 I art     : Starting a blocking GC Explicit
08-06 06:18:13.027 17570 17570 D ICU     : No timezone override file found: /data/misc/zoneinfo/current/icu/icu_tzdata.dat
08-06 06:18:13.040 15430 16638 I art     : Explicit concurrent mark sweep GC freed 1372(80KB) AllocSpace objects, 1(20KB) LOS objects, 36% free, 28MB/44MB, paused 997us total 27.914ms
08-06 06:18:13.049 15430 16638 I art     : Starting a blocking GC Explicit
08-06 06:18:13.061 17570 17570 I Radio-JNI: register_android_hardware_Radio DONE
08-06 06:18:13.076 15430 16638 I art     : Explicit concurrent mark sweep GC freed 23(752B) AllocSpace objects, 0(0B) LOS objects, 36% free, 28MB/44MB, paused 894us total 26.697ms
08-06 06:18:13.083 17570 17570 D AndroidRuntime: Calling main entry com.android.commands.input.Input
08-06 06:18:13.085 15430 16638 I art     : Starting a blocking GC Explicit
08-06 06:18:13.085 17570 17570 I Input   : injectMotionEvent: MotionEvent { action=ACTION_DOWN, actionButton=0, id[0]=0, x[0]=616.0, y[0]=469.0, toolType[0]=TOOL_TYPE_UNKNOWN, buttonState=0, metaState=0, flags=0x0, edgeFlags=0x0, pointerCount=1, historySize=0, eventTime=857909498, downTime=857909498, deviceId=0, source=0x1002 }
08-06 06:18:13.090 17570 17570 I Input   : injectMotionEvent: MotionEvent { action=ACTION_UP, actionButton=0, id[0]=0, x[0]=616.0, y[0]=469.0, toolType[0]=TOOL_TYPE_UNKNOWN, buttonState=0, metaState=0, flags=0x0, edgeFlags=0x0, pointerCount=1, historySize=0, eventTime=857909498, downTime=857909498, deviceId=0, source=0x1002 }
08-06 06:18:13.092 17570 17570 D AndroidRuntime: Shutting down VM
08-06 06:18:13.110 15430 16638 I art     : Explicit concurrent mark sweep GC freed 22(704B) AllocSpace objects, 0(0B) LOS objects, 36% free, 28MB/44MB, paused 923us total 24.972ms
08-06 06:18:13.119 15430 16638 I art     : Starting a blocking GC Explicit
08-06 06:18:13.145 15430 16638 I art     : Explicit concurrent mark sweep GC freed 5(160B) AllocSpace objects, 0(0B) LOS objects, 36% free, 28MB/44MB, paused 1.007ms total 25.388ms
08-06 06:18:13.153 15430 16638 I art     : Starting a blocking GC Explicit
08-06 06:18:13.158   512  2967 D audio_hw_primary: out_set_parameters: enter: usecase(1: low-latency-playback) kvpairs: routing=2
08-06 06:18:13.171   512  2967 D audio_hw_primary: select_devices: out_snd_device(2: speaker) in_snd_device(0: none)
08-06 06:18:13.171   512  2967 D msm8974_platform: platform_send_audio_calibration: sending audio calibration for snd_device(2) acdb_id(15)
08-06 06:18:13.171   512  2967 I soundtrigger: audio_extn_sound_trigger_update_device_status: device 0x2 of type 0 for Event 1
08-06 06:18:13.180 15430 16638 I art     : Explicit concurrent mark sweep GC freed 192(8KB) AllocSpace objects, 0(0B) LOS objects, 36% free, 28MB/44MB, paused 1.015ms total 26.393ms
08-06 06:18:13.181   512  2967 D audio_hw_primary: enable_snd_device: snd_device(2: speaker)
08-06 06:18:13.183   512  2967 D audio_hw_primary: enable_audio_route: apply and update mixer path: low-latency-playback speaker
08-06 06:18:13.379 15430 15963 I NAPPA_EXPERIMENTATION: MetricNetworkRequestExecutionTime: REQUEST_DURATION_SYSTEM='222',REQUEST_DURATION_OKHTTP='219',REQUEST_SYNCHRONOUS='TRUE',RESPONSE_CODE='200',RESPONSE_METHOD='GET',RESPONSE_LENGTH_OKHTTP='-1',RESPONSE_LENGTH_HEADER='628',REQUEST_PROTOCOL='h2',REQUEST_URL='https://itunes.apple.com/lookup?id=1524080195',
08-06 06:18:13.391   918   929 I ActivityManager: START u0 {cmp=baseline.de.danoeh.antennapod.debug/baseline.de.danoeh.antennapod.activity.OnlineFeedViewActivity (has extras)} from uid 10711 on display 0
08-06 06:18:13.413 13866 13866 I GoogleInputMethodServic: GoogleInputMethodService.onFinishInput():3138 
08-06 06:18:13.413 13866 13866 I GoogleInputMethodServic: GoogleInputMethodService.onStartInput():1808 
08-06 06:18:13.436 15430 15430 D UserPreferences: Using default data folder
08-06 06:18:13.437 15430 15430 D OnlineFeedViewActivity: Activity was started with url https://rss.art19.com/nice-white-parents
08-06 06:18:13.439 15430 15430 D OnlineFeedViewActivity: Starting feed download
08-06 06:18:13.441 15430 15454 D DBReader: Extracting Feedlist
08-06 06:18:13.443   918   929 D WifiService: acquireWifiLockLocked: WifiLock{Downloader type=1 binder=android.os.BinderProxy@ed7cb97}
08-06 06:18:13.444 15430 15454 D AntennapodHttpClient: Creating new instance of HTTP client
08-06 06:18:13.454 15430 15511 I art     : Starting a blocking GC Explicit
08-06 06:18:13.482 15430 15511 I art     : Explicit concurrent mark sweep GC freed 3188(214KB) AllocSpace objects, 1(20KB) LOS objects, 36% free, 28MB/44MB, paused 988us total 28.345ms
08-06 06:18:13.491 15430 15511 I art     : Starting a blocking GC Explicit
08-06 06:18:13.502 13866 13866 I GoogleInputMethodServic: GoogleInputMethodService.onFinishInput():3138 
08-06 06:18:13.503 13866 13866 I GoogleInputMethodServic: GoogleInputMethodService.onStartInput():1808 
08-06 06:18:13.518 15430 15511 I art     : Explicit concurrent mark sweep GC freed 476(20KB) AllocSpace objects, 0(0B) LOS objects, 35% free, 28MB/44MB, paused 1.130ms total 25.982ms
08-06 06:18:13.527 15430 15511 I art     : Starting a blocking GC Explicit
08-06 06:18:13.529   918   936 I ActivityManager: Displayed baseline.de.danoeh.antennapod.debug/baseline.de.danoeh.antennapod.activity.OnlineFeedViewActivity: +115ms
08-06 06:18:13.556 15430 15511 I art     : Explicit concurrent mark sweep GC freed 566(54KB) AllocSpace objects, 0(0B) LOS objects, 35% free, 28MB/44MB, paused 1.386ms total 28.531ms
08-06 06:18:13.566 15430 15511 I art     : Starting a blocking GC Explicit
08-06 06:18:13.594 15430 15511 I art     : Explicit concurrent mark sweep GC freed 4536(185KB) AllocSpace objects, 2(120KB) LOS objects, 35% free, 28MB/44MB, paused 1.097ms total 26.925ms
08-06 06:18:13.603 15430 15511 I art     : Starting a blocking GC Explicit
08-06 06:18:13.629 15430 15511 I art     : Explicit concurrent mark sweep GC freed 940(114KB) AllocSpace objects, 1(80KB) LOS objects, 35% free, 28MB/44MB, paused 934us total 26.399ms
08-06 06:18:13.728 15430 15454 D MYTAG   : interceptor 3a https://rss.art19.com/nice-white-parents
08-06 06:18:13.728 15430 15454 I NAPPA_EXPERIMENTATION: MetricNetworkRequestExecutionTime: REQUEST_DURATION_SYSTEM='283',REQUEST_DURATION_OKHTTP='144',REQUEST_SYNCHRONOUS='TRUE',RESPONSE_CODE='200',RESPONSE_METHOD='GET',RESPONSE_LENGTH_OKHTTP='-1',RESPONSE_LENGTH_HEADER='1803',REQUEST_PROTOCOL='h2',REQUEST_URL='https://rss.art19.com/nice-white-parents',
08-06 06:18:13.728 15430 15454 D HttpDownloader: Response code is 200
08-06 06:18:13.728 15430 15454 D UserPreferences: Using default data folder
08-06 06:18:13.730 15430 15454 D HttpDownloader: Getting size of download
08-06 06:18:13.731 15430 15454 D HttpDownloader: Size is -1
08-06 06:18:13.731 15430 15454 D UserPreferences: Using default data folder
08-06 06:18:13.731 15430 15454 D HttpDownloader: Free space is 20189560832
08-06 06:18:13.731 15430 15454 D HttpDownloader: Starting download
08-06 06:18:13.732   512  2967 D audio_hw_primary: disable_audio_route: reset and update mixer path: low-latency-playback speaker
08-06 06:18:13.735   512  2967 D audio_hw_primary: disable_snd_device: snd_device(2: speaker)
08-06 06:18:13.736 15430 15454 D HttpDownloader: Download was successful
08-06 06:18:13.737   918  6110 D WifiService: releaseWifiLockLocked: WifiLock{Downloader type=1 binder=android.os.BinderProxy@ed7cb97}
08-06 06:18:13.737 15430 15430 D OnlineFeedViewActivity: Parsing feed
08-06 06:18:13.743 15430 17609 D TypeGetter: Recognized type RSS 2.0
08-06 06:18:13.745   512  2967 I soundtrigger: audio_extn_sound_trigger_update_device_status: device 0x2 of type 0 for Event 0
08-06 06:18:13.746 15430 17609 D SyndHandler: Recognized ITunes namespace
08-06 06:18:13.746 15430 17609 D SyndHandler: Recognized Atom namespace
08-06 06:18:13.746 15430 17609 D SyndHandler: Recognized Content namespace
08-06 06:18:13.756 15430 17609 D OnlineFeedViewActivity: Deleted feed source file. Result: true
08-06 06:18:13.758 15430 15430 D OnlineFeedViewActivity: Removing HTML from shownotes
08-06 06:18:13.772   380   380 W SurfaceFlinger: couldn't log to binary event log: overflow.
08-06 06:18:13.896 15430 15511 I art     : Starting a blocking GC Explicit
08-06 06:18:13.912 15430 15430 D PlaybackController: Releasing PlaybackController
08-06 06:18:13.930 15430 15511 I art     : Explicit concurrent mark sweep GC freed 3720(380KB) AllocSpace objects, 5(148KB) LOS objects, 35% free, 28MB/44MB, paused 1.287ms total 33.589ms
08-06 06:18:13.940 15430 15511 I art     : Starting a blocking GC Explicit
08-06 06:18:13.966 15430 15511 I art     : Explicit concurrent mark sweep GC freed 669(32KB) AllocSpace objects, 1(112KB) LOS objects, 35% free, 28MB/44MB, paused 902us total 25.889ms
08-06 06:18:13.975 15430 15511 I art     : Starting a blocking GC Explicit
08-06 06:18:14.004 15430 15511 I art     : Explicit concurrent mark sweep GC freed 19(640B) AllocSpace objects, 0(0B) LOS objects, 35% free, 28MB/44MB, paused 1.003ms total 28.516ms
08-06 06:18:14.013 15430 15511 I art     : Starting a blocking GC Explicit
08-06 06:18:14.043 15430 15511 I art     : Explicit concurrent mark sweep GC freed 3(96B) AllocSpace objects, 0(0B) LOS objects, 35% free, 28MB/44MB, paused 1.026ms total 29.124ms
08-06 06:18:14.052 15430 15511 I art     : Starting a blocking GC Explicit
08-06 06:18:14.082 15430 15511 I art     : Explicit concurrent mark sweep GC freed 3(96B) AllocSpace objects, 0(0B) LOS objects, 35% free, 28MB/44MB, paused 1.037ms total 29.541ms
08-06 06:18:14.386 15430 15446 I art     : Starting a blocking GC Explicit
08-06 06:18:14.427 15430 15446 I art     : Explicit concurrent mark sweep GC freed 1373(80KB) AllocSpace objects, 1(20KB) LOS objects, 35% free, 28MB/44MB, paused 1.082ms total 39.948ms
08-06 06:18:14.438 15430 15446 I art     : Starting a blocking GC Explicit
08-06 06:18:14.469 15430 15446 I art     : Explicit concurrent mark sweep GC freed 23(752B) AllocSpace objects, 0(0B) LOS objects, 35% free, 28MB/44MB, paused 1.089ms total 30.608ms
08-06 06:18:14.478 15430 15446 I art     : Starting a blocking GC Explicit
08-06 06:18:14.509 15430 15446 I art     : Explicit concurrent mark sweep GC freed 3(96B) AllocSpace objects, 0(0B) LOS objects, 35% free, 28MB/44MB, paused 1.074ms total 29.928ms
08-06 06:18:14.518 15430 15446 I art     : Starting a blocking GC Explicit
08-06 06:18:14.549 15430 15446 I art     : Explicit concurrent mark sweep GC freed 3(96B) AllocSpace objects, 0(0B) LOS objects, 35% free, 28MB/44MB, paused 1.061ms total 30.009ms
08-06 06:18:14.558 15430 15446 I art     : Starting a blocking GC Explicit
08-06 06:18:14.588 15430 15446 I art     : Explicit concurrent mark sweep GC freed 3(96B) AllocSpace objects, 0(0B) LOS objects, 35% free, 28MB/44MB, paused 1.112ms total 29.837ms
08-06 06:18:14.887 15430 16638 I art     : Starting a blocking GC Explicit
08-06 06:18:14.934 15430 16638 I art     : Explicit concurrent mark sweep GC freed 1401(81KB) AllocSpace objects, 1(20KB) LOS objects, 35% free, 28MB/44MB, paused 1.175ms total 46.373ms
08-06 06:18:14.951 15430 16638 I art     : Starting a blocking GC Explicit
08-06 06:18:14.982 15430 16638 I art     : Explicit concurrent mark sweep GC freed 23(752B) AllocSpace objects, 0(0B) LOS objects, 35% free, 28MB/44MB, paused 1.028ms total 30.633ms
08-06 06:18:14.992 15430 16638 I art     : Starting a blocking GC Explicit
08-06 06:18:15.022 15430 16638 I art     : Explicit concurrent mark sweep GC freed 3(96B) AllocSpace objects, 0(0B) LOS objects, 35% free, 28MB/44MB, paused 1.200ms total 30.325ms
08-06 06:18:15.032 15430 16638 I art     : Starting a blocking GC Explicit
08-06 06:18:15.062 15430 16638 I art     : Explicit concurrent mark sweep GC freed 3(96B) AllocSpace objects, 0(0B) LOS objects, 35% free, 28MB/44MB, paused 1.083ms total 29.603ms
08-06 06:18:15.071 15430 16638 I art     : Starting a blocking GC Explicit
08-06 06:18:15.101 15430 16638 I art     : Explicit concurrent mark sweep GC freed 3(96B) AllocSpace objects, 0(0B) LOS objects, 35% free, 28MB/44MB, paused 1.003ms total 29.825ms
08-06 06:18:15.438 15430 15447 I art     : Starting a blocking GC Explicit
08-06 06:18:15.472 15430 15447 I art     : Explicit concurrent mark sweep GC freed 1383(80KB) AllocSpace objects, 1(20KB) LOS objects, 35% free, 28MB/44MB, paused 1.018ms total 34.026ms
08-06 06:18:15.483 15430 15447 I art     : Starting a blocking GC Explicit
08-06 06:18:15.515 15430 15447 I art     : Explicit concurrent mark sweep GC freed 29(944B) AllocSpace objects, 0(0B) LOS objects, 35% free, 28MB/44MB, paused 921us total 31.053ms
08-06 06:18:15.525 15430 15447 I art     : Starting a blocking GC Explicit
08-06 06:18:15.553 15430 15447 I art     : Explicit concurrent mark sweep GC freed 7(224B) AllocSpace objects, 0(0B) LOS objects, 35% free, 28MB/44MB, paused 1.009ms total 28.250ms
08-06 06:18:15.562 15430 15447 I art     : Starting a blocking GC Explicit
08-06 06:18:15.591 15430 15447 I art     : Explicit concurrent mark sweep GC freed 8(256B) AllocSpace objects, 0(0B) LOS objects, 35% free, 28MB/44MB, paused 934us total 28.677ms
08-06 06:18:15.601 15430 15447 I art     : Starting a blocking GC Explicit
08-06 06:18:15.630 15430 15447 I art     : Explicit concurrent mark sweep GC freed 36(1008B) AllocSpace objects, 0(0B) LOS objects, 35% free, 28MB/44MB, paused 1.052ms total 28.615ms
08-06 06:18:15.966 15430 16638 I art     : Starting a blocking GC Explicit
08-06 06:18:16.005 15430 16638 I art     : Explicit concurrent mark sweep GC freed 1372(80KB) AllocSpace objects, 1(20KB) LOS objects, 35% free, 28MB/44MB, paused 1.086ms total 37.496ms
08-06 06:18:16.016 15430 16638 I art     : Starting a blocking GC Explicit
08-06 06:18:16.047 15430 16638 I art     : Explicit concurrent mark sweep GC freed 23(752B) AllocSpace objects, 0(0B) LOS objects, 35% free, 28MB/44MB, paused 1.076ms total 30.246ms
08-06 06:18:16.056 15430 16638 I art     : Starting a blocking GC Explicit
08-06 06:18:16.085 15430 16638 I art     : Explicit concurrent mark sweep GC freed 3(96B) AllocSpace objects, 0(0B) LOS objects, 35% free, 28MB/44MB, paused 971us total 28.601ms
08-06 06:18:16.095 15430 16638 I art     : Starting a blocking GC Explicit
08-06 06:18:16.124 15430 16638 I art     : Explicit concurrent mark sweep GC freed 3(96B) AllocSpace objects, 0(0B) LOS objects, 35% free, 28MB/44MB, paused 995us total 28.479ms
08-06 06:18:16.133 15430 16638 I art     : Starting a blocking GC Explicit
08-06 06:18:16.162 15430 16638 I art     : Explicit concurrent mark sweep GC freed 3(96B) AllocSpace objects, 0(0B) LOS objects, 35% free, 28MB/44MB, paused 975us total 29.316ms
08-06 06:18:16.163 15430 15445 I art     : WaitForGcToComplete blocked for 21.140ms for cause HeapTrim
08-06 06:18:16.436   918  3261 D WifiStateMachine: starting scan for "H369AA63323"WPA_PSK with 2412,5180
08-06 06:18:16.479 15430 15447 I art     : Starting a blocking GC Explicit
08-06 06:18:16.517 15430 15447 I art     : Explicit concurrent mark sweep GC freed 1372(80KB) AllocSpace objects, 1(20KB) LOS objects, 35% free, 28MB/44MB, paused 1.050ms total 36.942ms
08-06 06:18:16.532 15430 15447 I art     : Starting a blocking GC Explicit
08-06 06:18:16.563 15430 15447 I art     : Explicit concurrent mark sweep GC freed 23(752B) AllocSpace objects, 0(0B) LOS objects, 35% free, 28MB/44MB, paused 1.023ms total 31.023ms
08-06 06:18:16.573 15430 15447 I art     : Starting a blocking GC Explicit
08-06 06:18:16.603 15430 15447 I art     : Explicit concurrent mark sweep GC freed 32(880B) AllocSpace objects, 0(0B) LOS objects, 35% free, 28MB/44MB, paused 1.033ms total 29.677ms
08-06 06:18:16.613 15430 15447 I art     : Starting a blocking GC Explicit
08-06 06:18:16.644 15430 15447 I art     : Explicit concurrent mark sweep GC freed 3(96B) AllocSpace objects, 0(0B) LOS objects, 35% free, 28MB/44MB, paused 1.032ms total 30.592ms
08-06 06:18:16.653 15430 15447 I art     : Starting a blocking GC Explicit
08-06 06:18:16.684 15430 15447 I art     : Explicit concurrent mark sweep GC freed 3(96B) AllocSpace objects, 0(0B) LOS objects, 35% free, 28MB/44MB, paused 1.022ms total 30.507ms
08-06 06:18:17.022 15430 15511 I art     : Starting a blocking GC Explicit
08-06 06:18:17.067 15430 15511 I art     : Explicit concurrent mark sweep GC freed 1373(82KB) AllocSpace objects, 1(20KB) LOS objects, 35% free, 28MB/44MB, paused 1.089ms total 44.523ms
08-06 06:18:17.080 15430 15511 I art     : Starting a blocking GC Explicit
08-06 06:18:17.110 15430 15511 I art     : Explicit concurrent mark sweep GC freed 23(752B) AllocSpace objects, 0(0B) LOS objects, 35% free, 28MB/44MB, paused 998us total 30.072ms
08-06 06:18:17.120 15430 15511 I art     : Starting a blocking GC Explicit
08-06 06:18:17.149 15430 15511 I art     : Explicit concurrent mark sweep GC freed 3(96B) AllocSpace objects, 0(0B) LOS objects, 35% free, 28MB/44MB, paused 1.038ms total 29.405ms
08-06 06:18:17.159 15430 15511 I art     : Starting a blocking GC Explicit
08-06 06:18:17.189 15430 15511 I art     : Explicit concurrent mark sweep GC freed 3(96B) AllocSpace objects, 0(0B) LOS objects, 35% free, 28MB/44MB, paused 1.031ms total 29.668ms
08-06 06:18:17.199 15430 15511 I art     : Starting a blocking GC Explicit
08-06 06:18:17.229 15430 15511 I art     : Explicit concurrent mark sweep GC freed 3(96B) AllocSpace objects, 0(0B) LOS objects, 35% free, 28MB/44MB, paused 1.027ms total 30.242ms
08-06 06:18:17.507 15430 15446 I art     : Starting a blocking GC Explicit
08-06 06:18:17.537 15430 15446 I art     : Explicit concurrent mark sweep GC freed 1372(80KB) AllocSpace objects, 1(20KB) LOS objects, 35% free, 28MB/44MB, paused 1.102ms total 29.729ms
08-06 06:18:17.547 15430 15446 I art     : Starting a blocking GC Explicit
08-06 06:18:17.573 15430 15446 I art     : Explicit concurrent mark sweep GC freed 23(752B) AllocSpace objects, 0(0B) LOS objects, 35% free, 28MB/44MB, paused 970us total 26.028ms
08-06 06:18:17.582 15430 15446 I art     : Starting a blocking GC Explicit
08-06 06:18:17.611 15430 15446 I art     : Explicit concurrent mark sweep GC freed 32(880B) AllocSpace objects, 0(0B) LOS objects, 35% free, 28MB/44MB, paused 1.002ms total 28.600ms
08-06 06:18:17.620 15430 15446 I art     : Starting a blocking GC Explicit
08-06 06:18:17.649 15430 15446 I art     : Explicit concurrent mark sweep GC freed 3(96B) AllocSpace objects, 0(0B) LOS objects, 35% free, 28MB/44MB, paused 1.031ms total 28.666ms
08-06 06:18:17.659 15430 15446 I art     : Starting a blocking GC Explicit
08-06 06:18:17.687 15430 15446 I art     : Explicit concurrent mark sweep GC freed 3(96B) AllocSpace objects, 0(0B) LOS objects, 35% free, 28MB/44MB, paused 1.078ms total 28.505ms
08-06 06:18:17.777 17681 17681 D AndroidRuntime: >>>>>> START com.android.internal.os.RuntimeInit uid 2000 <<<<<<
08-06 06:18:17.782 17681 17681 D AndroidRuntime: CheckJNI is OFF
08-06 06:18:17.820 17681 17681 D ICU     : No timezone override file found: /data/misc/zoneinfo/current/icu/icu_tzdata.dat
08-06 06:18:17.853 17681 17681 I Radio-JNI: register_android_hardware_Radio DONE
08-06 06:18:17.874 17681 17681 D AndroidRuntime: Calling main entry com.android.commands.input.Input
08-06 06:18:17.876 17681 17681 I Input   : injectKeyEvent: KeyEvent { action=ACTION_DOWN, keyCode=KEYCODE_BACK, scanCode=0, metaState=0, flags=0x0, repeatCount=0, eventTime=857914289, downTime=857914289, deviceId=-1, source=0x101 }
08-06 06:18:17.882 17681 17681 I Input   : injectKeyEvent: KeyEvent { action=ACTION_UP, keyCode=KEYCODE_BACK, scanCode=0, metaState=0, flags=0x0, repeatCount=0, eventTime=857914289, downTime=857914289, deviceId=-1, source=0x101 }
08-06 06:18:17.889 17681 17681 D AndroidRuntime: Shutting down VM
08-06 06:18:17.894 15430 15430 V PlaybackController: initServiceNotRunning()
08-06 06:18:17.894 15430 15430 D ExternalPlayerFragment: Loading media info
08-06 06:18:17.898 15430 15430 D UserPreferences: Using default data folder
08-06 06:18:17.898 15430 15454 D DBReader: getNavDrawerData() called with: 
08-06 06:18:17.907 15430 15454 D DBReader: getDownloadedItems() called
08-06 06:18:17.909 15430 15454 D DBReader: getFavoriteIDList() called
08-06 06:18:17.909 15430 15454 D DBReader: getQueueIDList() called
08-06 06:18:17.910 15430 15454 D DBReader: Extracting Feedlist
08-06 06:18:17.936 15430 15430 D MainActivity: getLastNavFragment() -> AddFeedFragment
08-06 06:18:17.938 13866 13866 I GoogleInputMethodServic: GoogleInputMethodService.onFinishInput():3138 
08-06 06:18:17.938 13866 13866 I GoogleInputMethodServic: GoogleInputMethodService.onStartInput():1808 
08-06 06:18:17.977 15430 15511 I art     : Starting a blocking GC Explicit
08-06 06:18:18.007 15430 15511 I art     : Explicit concurrent mark sweep GC freed 2484(153KB) AllocSpace objects, 1(20KB) LOS objects, 35% free, 28MB/44MB, paused 1.003ms total 29.384ms
08-06 06:18:18.016 15430 15511 I art     : Starting a blocking GC Explicit
08-06 06:18:18.041 15430 15511 I art     : Explicit concurrent mark sweep GC freed 452(24KB) AllocSpace objects, 0(0B) LOS objects, 35% free, 28MB/44MB, paused 1.007ms total 25.589ms
08-06 06:18:18.050 15430 15511 I art     : Starting a blocking GC Explicit
08-06 06:18:18.077 15430 15511 I art     : Explicit concurrent mark sweep GC freed 3(96B) AllocSpace objects, 0(0B) LOS objects, 35% free, 28MB/44MB, paused 967us total 26.955ms
08-06 06:18:18.087 15430 15511 I art     : Starting a blocking GC Explicit
08-06 06:18:18.114 15430 15511 I art     : Explicit concurrent mark sweep GC freed 3(96B) AllocSpace objects, 0(0B) LOS objects, 35% free, 28MB/44MB, paused 977us total 27.302ms
08-06 06:18:18.124 15430 15511 I art     : Starting a blocking GC Explicit
08-06 06:18:18.153 15430 15511 I art     : Explicit concurrent mark sweep GC freed 3(96B) AllocSpace objects, 0(0B) LOS objects, 35% free, 28MB/44MB, paused 940us total 28.535ms
08-06 06:18:18.260   380   380 W SurfaceFlinger: couldn't log to binary event log: overflow.
08-06 06:18:18.413 13866 13882 I PeriodicStatsRunner: PeriodicStatsRunner.call():175 call()
08-06 06:18:18.413 13866 13882 I PeriodicStatsRunner: PeriodicStatsRunner.call():179 No submit PeriodicStats since input started.
08-06 06:18:18.414 15430 15446 I art     : Starting a blocking GC Explicit
08-06 06:18:18.452 15430 15446 I art     : Explicit concurrent mark sweep GC freed 1977(105KB) AllocSpace objects, 1(20KB) LOS objects, 35% free, 28MB/44MB, paused 1.122ms total 38.048ms
08-06 06:18:18.463 15430 15446 I art     : Starting a blocking GC Explicit
08-06 06:18:18.493 15430 15446 I art     : Explicit concurrent mark sweep GC freed 2457(152KB) AllocSpace objects, 1(28KB) LOS objects, 36% free, 28MB/44MB, paused 1.009ms total 29.523ms
08-06 06:18:18.502 15430 15446 I art     : Starting a blocking GC Explicit
08-06 06:18:18.503 13866 13882 I PeriodicStatsRunner: PeriodicStatsRunner.call():175 call()
08-06 06:18:18.503 13866 13882 I PeriodicStatsRunner: PeriodicStatsRunner.call():179 No submit PeriodicStats since input started.
08-06 06:18:18.531 15430 15446 I art     : Explicit concurrent mark sweep GC freed 3(96B) AllocSpace objects, 0(0B) LOS objects, 36% free, 28MB/44MB, paused 995us total 28.916ms
08-06 06:18:18.541 15430 15446 I art     : Starting a blocking GC Explicit
08-06 06:18:18.571 15430 15446 I art     : Explicit concurrent mark sweep GC freed 3(96B) AllocSpace objects, 0(0B) LOS objects, 36% free, 28MB/44MB, paused 991us total 29.571ms
08-06 06:18:18.580 15430 15446 I art     : Starting a blocking GC Explicit
08-06 06:18:18.609 15430 15446 I art     : Explicit concurrent mark sweep GC freed 32(880B) AllocSpace objects, 0(0B) LOS objects, 36% free, 28MB/44MB, paused 1.018ms total 28.611ms
08-06 06:18:18.777   918  3188 I hubconnection: sensorhub said: 'set_bias 3: -5.6448, 0.0000, 0.0000'
08-06 06:18:18.920 15430 15511 I art     : Starting a blocking GC Explicit
08-06 06:18:18.959 15430 15511 I art     : Explicit concurrent mark sweep GC freed 1374(82KB) AllocSpace objects, 1(20KB) LOS objects, 36% free, 28MB/44MB, paused 1.165ms total 38.288ms
08-06 06:18:18.972 15430 15511 I art     : Starting a blocking GC Explicit
08-06 06:18:19.002 15430 15511 I art     : Explicit concurrent mark sweep GC freed 23(752B) AllocSpace objects, 0(0B) LOS objects, 36% free, 28MB/44MB, paused 1.018ms total 29.588ms
08-06 06:18:19.011 15430 15511 I art     : Starting a blocking GC Explicit
08-06 06:18:19.041 15430 15511 I art     : Explicit concurrent mark sweep GC freed 3(96B) AllocSpace objects, 0(0B) LOS objects, 36% free, 28MB/44MB, paused 1.175ms total 29.276ms
08-06 06:18:19.050 15430 15511 I art     : Starting a blocking GC Explicit
08-06 06:18:19.079 15430 15511 I art     : Explicit concurrent mark sweep GC freed 3(96B) AllocSpace objects, 0(0B) LOS objects, 36% free, 28MB/44MB, paused 1.001ms total 28.320ms
08-06 06:18:19.088 15430 15511 I art     : Starting a blocking GC Explicit
08-06 06:18:19.117 15430 15511 I art     : Explicit concurrent mark sweep GC freed 3(96B) AllocSpace objects, 0(0B) LOS objects, 36% free, 28MB/44MB, paused 959us total 28.125ms
08-06 06:18:19.404 15430 16638 I art     : Starting a blocking GC Explicit
08-06 06:18:19.434 15430 16638 I art     : Explicit concurrent mark sweep GC freed 1373(80KB) AllocSpace objects, 1(20KB) LOS objects, 36% free, 28MB/44MB, paused 1.016ms total 29.382ms
08-06 06:18:19.444 15430 16638 I art     : Starting a blocking GC Explicit
08-06 06:18:19.472 15430 16638 I art     : Explicit concurrent mark sweep GC freed 23(752B) AllocSpace objects, 0(0B) LOS objects, 36% free, 28MB/44MB, paused 1.025ms total 28.302ms
08-06 06:18:19.482 15430 16638 I art     : Starting a blocking GC Explicit
08-06 06:18:19.510 15430 16638 I art     : Explicit concurrent mark sweep GC freed 3(96B) AllocSpace objects, 0(0B) LOS objects, 36% free, 28MB/44MB, paused 1.003ms total 27.268ms
08-06 06:18:19.519 15430 16638 I art     : Starting a blocking GC Explicit
08-06 06:18:19.545 17735 17735 D AndroidRuntime: >>>>>> START com.android.internal.os.RuntimeInit uid 2000 <<<<<<
08-06 06:18:19.548 15430 16638 I art     : Explicit concurrent mark sweep GC freed 5(160B) AllocSpace objects, 0(0B) LOS objects, 36% free, 28MB/44MB, paused 1.084ms total 29.037ms
08-06 06:18:19.550 17735 17735 D AndroidRuntime: CheckJNI is OFF
08-06 06:18:19.559 15430 16638 I art     : Starting a blocking GC Explicit
08-06 06:18:19.586 17735 17735 D ICU     : No timezone override file found: /data/misc/zoneinfo/current/icu/icu_tzdata.dat
08-06 06:18:19.586 15430 16638 I art     : Explicit concurrent mark sweep GC freed 7(224B) AllocSpace objects, 0(0B) LOS objects, 36% free, 28MB/44MB, paused 965us total 26.794ms
08-06 06:18:19.617 17735 17735 I Radio-JNI: register_android_hardware_Radio DONE
08-06 06:18:19.638 17735 17735 D AndroidRuntime: Calling main entry com.android.commands.input.Input
08-06 06:18:19.640 17735 17735 I Input   : injectKeyEvent: KeyEvent { action=ACTION_DOWN, keyCode=KEYCODE_BACK, scanCode=0, metaState=0, flags=0x0, repeatCount=0, eventTime=857916053, downTime=857916053, deviceId=-1, source=0x101 }
08-06 06:18:19.644 17735 17735 I Input   : injectKeyEvent: KeyEvent { action=ACTION_UP, keyCode=KEYCODE_BACK, scanCode=0, metaState=0, flags=0x0, repeatCount=0, eventTime=857916053, downTime=857916053, deviceId=-1, source=0x101 }
08-06 06:18:19.654 13866 13866 I GoogleInputMethodServic: GoogleInputMethodService.onFinishInput():3138 
08-06 06:18:19.655 13866 13866 I GoogleInputMethodServic: GoogleInputMethodService.onStartInput():1808 
08-06 06:18:19.659 17735 17735 D AndroidRuntime: Shutting down VM
08-06 06:18:19.739  9013  9013 I ServiceManager: Waiting for service AtCmdFwd...
08-06 06:18:19.839 15430 15446 I art     : Starting a blocking GC Explicit
08-06 06:18:19.873 15430 15446 I art     : Explicit concurrent mark sweep GC freed 2606(130KB) AllocSpace objects, 1(20KB) LOS objects, 35% free, 28MB/44MB, paused 1.300ms total 33.140ms
08-06 06:18:19.885 15430 15446 I art     : Starting a blocking GC Explicit
08-06 06:18:19.913 15430 15446 I art     : Explicit concurrent mark sweep GC freed 2654(177KB) AllocSpace objects, 9(1540KB) LOS objects, 37% free, 26MB/42MB, paused 920us total 27.405ms
08-06 06:18:19.922 15430 15446 I art     : Starting a blocking GC Explicit
08-06 06:18:19.949 15430 15446 I art     : Explicit concurrent mark sweep GC freed 3(96B) AllocSpace objects, 0(0B) LOS objects, 37% free, 26MB/42MB, paused 1.004ms total 26.721ms
08-06 06:18:19.958 15430 15446 I art     : Starting a blocking GC Explicit
08-06 06:18:19.986 15430 15446 I art     : Explicit concurrent mark sweep GC freed 3(96B) AllocSpace objects, 0(0B) LOS objects, 37% free, 26MB/42MB, paused 1.135ms total 27.669ms
08-06 06:18:19.995 15430 15446 I art     : Starting a blocking GC Explicit
08-06 06:18:20.023 15430 15446 I art     : Explicit concurrent mark sweep GC freed 3(96B) AllocSpace objects, 0(0B) LOS objects, 37% free, 26MB/42MB, paused 981us total 28.068ms
08-06 06:18:20.322 15430 16638 I art     : Starting a blocking GC Explicit
08-06 06:18:20.358 15430 16638 I art     : Explicit concurrent mark sweep GC freed 1373(81KB) AllocSpace objects, 1(20KB) LOS objects, 37% free, 26MB/42MB, paused 1.209ms total 36.093ms
08-06 06:18:20.371 15430 16638 I art     : Starting a blocking GC Explicit
08-06 06:18:20.400 15430 16638 I art     : Explicit concurrent mark sweep GC freed 23(752B) AllocSpace objects, 0(0B) LOS objects, 37% free, 26MB/42MB, paused 998us total 29.007ms
08-06 06:18:20.409 15430 16638 I art     : Starting a blocking GC Explicit
08-06 06:18:20.439 15430 16638 I art     : Explicit concurrent mark sweep GC freed 3(96B) AllocSpace objects, 0(0B) LOS objects, 37% free, 26MB/42MB, paused 1.047ms total 29.352ms
08-06 06:18:20.449 15430 16638 I art     : Starting a blocking GC Explicit
08-06 06:18:20.478 15430 16638 I art     : Explicit concurrent mark sweep GC freed 3(96B) AllocSpace objects, 0(0B) LOS objects, 37% free, 26MB/42MB, paused 1.089ms total 28.735ms
08-06 06:18:20.487 15430 16638 I art     : Starting a blocking GC Explicit
08-06 06:18:20.516 15430 16638 I art     : Explicit concurrent mark sweep GC freed 3(96B) AllocSpace objects, 0(0B) LOS objects, 37% free, 26MB/42MB, paused 1.013ms total 28.878ms
08-06 06:18:20.740  9013  9013 I ServiceManager: Waiting for service AtCmdFwd...
08-06 06:18:20.809 15430 15511 I art     : Starting a blocking GC Explicit
08-06 06:18:20.845 15430 15511 I art     : Explicit concurrent mark sweep GC freed 1402(82KB) AllocSpace objects, 1(20KB) LOS objects, 37% free, 26MB/42MB, paused 1.086ms total 35.276ms
08-06 06:18:20.859 15430 15511 I art     : Starting a blocking GC Explicit
08-06 06:18:20.887 15430 15511 I art     : Explicit concurrent mark sweep GC freed 23(752B) AllocSpace objects, 0(0B) LOS objects, 37% free, 26MB/42MB, paused 1.101ms total 28.182ms
08-06 06:18:20.897 15430 15511 I art     : Starting a blocking GC Explicit
08-06 06:18:20.924 15430 15511 I art     : Explicit concurrent mark sweep GC freed 3(96B) AllocSpace objects, 0(0B) LOS objects, 37% free, 26MB/42MB, paused 1.064ms total 26.497ms
08-06 06:18:20.933 15430 15511 I art     : Starting a blocking GC Explicit
08-06 06:18:20.960 15430 15511 I art     : Explicit concurrent mark sweep GC freed 3(96B) AllocSpace objects, 0(0B) LOS objects, 37% free, 26MB/42MB, paused 1.036ms total 26.938ms
08-06 06:18:20.969 15430 15511 I art     : Starting a blocking GC Explicit
08-06 06:18:20.997 15430 15511 I art     : Explicit concurrent mark sweep GC freed 3(96B) AllocSpace objects, 0(0B) LOS objects, 37% free, 26MB/42MB, paused 1.035ms total 27.030ms
08-06 06:18:21.277 15430 15447 I art     : Starting a blocking GC Explicit
08-06 06:18:21.309 15430 15447 I art     : Explicit concurrent mark sweep GC freed 1377(82KB) AllocSpace objects, 1(20KB) LOS objects, 37% free, 26MB/42MB, paused 1ms total 31.756ms
08-06 06:18:21.318 15430 15447 I art     : Starting a blocking GC Explicit
08-06 06:18:21.322 17788 17788 D AndroidRuntime: >>>>>> START com.android.internal.os.RuntimeInit uid 2000 <<<<<<
08-06 06:18:21.327 17788 17788 D AndroidRuntime: CheckJNI is OFF
08-06 06:18:21.342 15430 15447 I art     : Explicit concurrent mark sweep GC freed 27(880B) AllocSpace objects, 0(0B) LOS objects, 37% free, 26MB/42MB, paused 968us total 24.485ms
08-06 06:18:21.351 15430 15447 I art     : Starting a blocking GC Explicit
08-06 06:18:21.360 17788 17788 D ICU     : No timezone override file found: /data/misc/zoneinfo/current/icu/icu_tzdata.dat
08-06 06:18:21.376 15430 15447 I art     : Explicit concurrent mark sweep GC freed 7(224B) AllocSpace objects, 0(0B) LOS objects, 37% free, 26MB/42MB, paused 1.125ms total 25ms
08-06 06:18:21.384 15430 15447 I art     : Starting a blocking GC Explicit
08-06 06:18:21.393 17788 17788 I Radio-JNI: register_android_hardware_Radio DONE
08-06 06:18:21.410 15430 15447 I art     : Explicit concurrent mark sweep GC freed 7(224B) AllocSpace objects, 0(0B) LOS objects, 37% free, 26MB/42MB, paused 989us total 25.229ms
08-06 06:18:21.415 17788 17788 D AndroidRuntime: Calling main entry com.android.commands.input.Input
08-06 06:18:21.416 17788 17788 I Input   : injectMotionEvent: MotionEvent { action=ACTION_DOWN, actionButton=0, id[0]=0, x[0]=103.0, y[0]=192.0, toolType[0]=TOOL_TYPE_UNKNOWN, buttonState=0, metaState=0, flags=0x0, edgeFlags=0x0, pointerCount=1, historySize=0, eventTime=857917829, downTime=857917829, deviceId=0, source=0x1002 }
08-06 06:18:21.418 15430 15447 I art     : Starting a blocking GC Explicit
08-06 06:18:21.421 17788 17788 I Input   : injectMotionEvent: MotionEvent { action=ACTION_UP, actionButton=0, id[0]=0, x[0]=103.0, y[0]=192.0, toolType[0]=TOOL_TYPE_UNKNOWN, buttonState=0, metaState=0, flags=0x0, edgeFlags=0x0, pointerCount=1, historySize=0, eventTime=857917829, downTime=857917829, deviceId=0, source=0x1002 }
08-06 06:18:21.424 17788 17788 D AndroidRuntime: Shutting down VM
08-06 06:18:21.432   512  2967 D audio_hw_primary: out_set_parameters: enter: usecase(1: low-latency-playback) kvpairs: routing=2
08-06 06:18:21.445   512  2967 D audio_hw_primary: select_devices: out_snd_device(2: speaker) in_snd_device(0: none)
08-06 06:18:21.445   512  2967 D msm8974_platform: platform_send_audio_calibration: sending audio calibration for snd_device(2) acdb_id(15)
08-06 06:18:21.445 15430 15447 I art     : Explicit concurrent mark sweep GC freed 31(992B) AllocSpace objects, 0(0B) LOS objects, 37% free, 26MB/42MB, paused 971us total 26.536ms
08-06 06:18:21.445   512  2967 I soundtrigger: audio_extn_sound_trigger_update_device_status: device 0x2 of type 0 for Event 1
08-06 06:18:21.457   512  2967 D audio_hw_primary: enable_snd_device: snd_device(2: speaker)
08-06 06:18:21.459   512  2967 D audio_hw_primary: enable_audio_route: apply and update mixer path: low-latency-playback speaker
08-06 06:18:21.469 13866 13866 I GoogleInputMethodServic: GoogleInputMethodService.onFinishInput():3138 
08-06 06:18:21.470 13866 13866 I GoogleInputMethodServic: GoogleInputMethodService.onStartInput():1808 
08-06 06:18:21.721 15430 15511 I art     : Starting a blocking GC Explicit
08-06 06:18:21.740  9013  9013 I ServiceManager: Waiting for service AtCmdFwd...
08-06 06:18:21.751 15430 15511 I art     : Explicit concurrent mark sweep GC freed 1987(109KB) AllocSpace objects, 1(20KB) LOS objects, 37% free, 26MB/42MB, paused 1.392ms total 30.060ms
08-06 06:18:21.762 15430 15511 I art     : Starting a blocking GC Explicit
08-06 06:18:21.788 15430 15511 I art     : Explicit concurrent mark sweep GC freed 102(5KB) AllocSpace objects, 0(0B) LOS objects, 37% free, 26MB/42MB, paused 966us total 25.728ms
08-06 06:18:21.796 15430 15511 I art     : Starting a blocking GC Explicit
08-06 06:18:21.821 15430 15511 I art     : Explicit concurrent mark sweep GC freed 9(288B) AllocSpace objects, 0(0B) LOS objects, 37% free, 26MB/42MB, paused 912us total 24.989ms
08-06 06:18:21.831 15430 15511 I art     : Starting a blocking GC Explicit
08-06 06:18:21.858 15430 15511 I art     : Explicit concurrent mark sweep GC freed 6(224B) AllocSpace objects, 0(0B) LOS objects, 37% free, 26MB/42MB, paused 950us total 26.592ms
08-06 06:18:21.868 15430 15511 I art     : Starting a blocking GC Explicit
08-06 06:18:21.893 15430 15511 I art     : Explicit concurrent mark sweep GC freed 5(160B) AllocSpace objects, 0(0B) LOS objects, 37% free, 26MB/42MB, paused 962us total 24.977ms
08-06 06:18:21.998   512  2967 D audio_hw_primary: disable_audio_route: reset and update mixer path: low-latency-playback speaker
08-06 06:18:22.002   512  2967 D audio_hw_primary: disable_snd_device: snd_device(2: speaker)
08-06 06:18:22.010   512  2967 I soundtrigger: audio_extn_sound_trigger_update_device_status: device 0x2 of type 0 for Event 0
08-06 06:18:22.188 15430 16638 I art     : Starting a blocking GC Explicit
08-06 06:18:22.223 15430 16638 I art     : Explicit concurrent mark sweep GC freed 1371(80KB) AllocSpace objects, 1(20KB) LOS objects, 37% free, 26MB/42MB, paused 1.065ms total 34.298ms
08-06 06:18:22.234 15430 16638 I art     : Starting a blocking GC Explicit
08-06 06:18:22.263 15430 16638 I art     : Explicit concurrent mark sweep GC freed 25(816B) AllocSpace objects, 0(0B) LOS objects, 37% free, 26MB/42MB, paused 1.017ms total 28.567ms
08-06 06:18:22.272 15430 16638 I art     : Starting a blocking GC Explicit
08-06 06:18:22.300 15430 16638 I art     : Explicit concurrent mark sweep GC freed 3(96B) AllocSpace objects, 0(0B) LOS objects, 37% free, 26MB/42MB, paused 985us total 28.209ms
08-06 06:18:22.310 15430 16638 I art     : Starting a blocking GC Explicit
08-06 06:18:22.338 15430 16638 I art     : Explicit concurrent mark sweep GC freed 3(96B) AllocSpace objects, 0(0B) LOS objects, 37% free, 26MB/42MB, paused 1.041ms total 28.071ms
08-06 06:18:22.348 15430 16638 I art     : Starting a blocking GC Explicit
08-06 06:18:22.376 15430 16638 I art     : Explicit concurrent mark sweep GC freed 3(96B) AllocSpace objects, 0(0B) LOS objects, 37% free, 26MB/42MB, paused 999us total 28.443ms
08-06 06:18:22.681 15430 15511 I art     : Starting a blocking GC Explicit
08-06 06:18:22.710 15430 15511 I art     : Explicit concurrent mark sweep GC freed 1400(81KB) AllocSpace objects, 1(20KB) LOS objects, 37% free, 26MB/42MB, paused 1.054ms total 28.425ms
08-06 06:18:22.719 15430 15511 I art     : Starting a blocking GC Explicit
08-06 06:18:22.741  9013  9013 I ServiceManager: Waiting for service AtCmdFwd...
08-06 06:18:22.746 15430 15511 I art     : Explicit concurrent mark sweep GC freed 23(752B) AllocSpace objects, 0(0B) LOS objects, 37% free, 26MB/42MB, paused 1.004ms total 27.247ms
08-06 06:18:22.756 15430 15511 I art     : Starting a blocking GC Explicit
08-06 06:18:22.783 15430 15511 I art     : Explicit concurrent mark sweep GC freed 3(96B) AllocSpace objects, 0(0B) LOS objects, 37% free, 26MB/42MB, paused 975us total 26.514ms
08-06 06:18:22.792 15430 15511 I art     : Starting a blocking GC Explicit
08-06 06:18:22.819 15430 15511 I art     : Explicit concurrent mark sweep GC freed 3(96B) AllocSpace objects, 0(0B) LOS objects, 37% free, 26MB/42MB, paused 1.007ms total 26.800ms
08-06 06:18:22.828 15430 15511 I art     : Starting a blocking GC Explicit
08-06 06:18:22.855 15430 15511 I art     : Explicit concurrent mark sweep GC freed 3(96B) AllocSpace objects, 0(0B) LOS objects, 37% free, 26MB/42MB, paused 976us total 26.459ms
08-06 06:18:22.938 13866 13882 I PeriodicStatsRunner: PeriodicStatsRunner.call():175 call()
08-06 06:18:22.938 13866 13882 I PeriodicStatsRunner: PeriodicStatsRunner.call():179 No submit PeriodicStats since input started.
08-06 06:18:22.951   518   646 I ThermalEngine: ACTION: GPU - Setting GPU[0] to 450000000
08-06 06:18:23.115 17841 17841 D AndroidRuntime: >>>>>> START com.android.internal.os.RuntimeInit uid 2000 <<<<<<
08-06 06:18:23.120 17841 17841 D AndroidRuntime: CheckJNI is OFF
08-06 06:18:23.163 17841 17841 D ICU     : No timezone override file found: /data/misc/zoneinfo/current/icu/icu_tzdata.dat
08-06 06:18:23.168 15430 15511 I art     : Starting a blocking GC Explicit
08-06 06:18:23.203 15430 15511 I art     : Explicit concurrent mark sweep GC freed 1387(81KB) AllocSpace objects, 1(20KB) LOS objects, 37% free, 26MB/42MB, paused 1.400ms total 34.441ms
08-06 06:18:23.207 17841 17841 I Radio-JNI: register_android_hardware_Radio DONE
08-06 06:18:23.216 15430 15511 I art     : Starting a blocking GC Explicit
08-06 06:18:23.237 17841 17841 D AndroidRuntime: Calling main entry com.android.commands.input.Input
08-06 06:18:23.239 17841 17841 I Input   : injectMotionEvent: MotionEvent { action=ACTION_DOWN, actionButton=0, id[0]=0, x[0]=625.0, y[0]=1248.0, toolType[0]=TOOL_TYPE_UNKNOWN, buttonState=0, metaState=0, flags=0x0, edgeFlags=0x0, pointerCount=1, historySize=0, eventTime=857919652, downTime=857919652, deviceId=0, source=0x1002 }
08-06 06:18:23.244 17841 17841 I Input   : injectMotionEvent: MotionEvent { action=ACTION_UP, actionButton=0, id[0]=0, x[0]=625.0, y[0]=1248.0, toolType[0]=TOOL_TYPE_UNKNOWN, buttonState=0, metaState=0, flags=0x0, edgeFlags=0x0, pointerCount=1, historySize=0, eventTime=857919652, downTime=857919652, deviceId=0, source=0x1002 }
08-06 06:18:23.247 17841 17841 D AndroidRuntime: Shutting down VM
08-06 06:18:23.250 15430 15511 I art     : Explicit concurrent mark sweep GC freed 47(1456B) AllocSpace objects, 0(0B) LOS objects, 37% free, 26MB/42MB, paused 1.429ms total 33.247ms
08-06 06:18:23.261 15430 15511 I art     : Starting a blocking GC Explicit
08-06 06:18:23.293 15430 15511 I art     : Explicit concurrent mark sweep GC freed 28(1040B) AllocSpace objects, 0(0B) LOS objects, 37% free, 26MB/42MB, paused 1.193ms total 31.633ms
08-06 06:18:23.305 15430 15511 I art     : Starting a blocking GC Explicit
08-06 06:18:23.317 15430 15430 D MainActivity: loadFragment(index: 7, args: null)
08-06 06:18:23.318 15430 15430 D MainActivity: saveLastNavFragment(tag: 2)
08-06 06:18:23.319 15430 15430 D MainActivity: getLastNavFragment() -> 2
08-06 06:18:23.322   512  2967 D audio_hw_primary: out_set_parameters: enter: usecase(1: low-latency-playback) kvpairs: routing=2
08-06 06:18:23.335   512  2967 D audio_hw_primary: select_devices: out_snd_device(2: speaker) in_snd_device(0: none)
08-06 06:18:23.335   512  2967 D msm8974_platform: platform_send_audio_calibration: sending audio calibration for snd_device(2) acdb_id(15)
08-06 06:18:23.336   512  2967 I soundtrigger: audio_extn_sound_trigger_update_device_status: device 0x2 of type 0 for Event 1
08-06 06:18:23.340 15430 15511 I art     : Explicit concurrent mark sweep GC freed 151(19KB) AllocSpace objects, 1(20KB) LOS objects, 37% free, 26MB/42MB, paused 1.779ms total 34.803ms
08-06 06:18:23.345   512  2967 D audio_hw_primary: enable_snd_device: snd_device(2: speaker)
08-06 06:18:23.347   512  2967 D audio_hw_primary: enable_audio_route: apply and update mixer path: low-latency-playback speaker
08-06 06:18:23.351 15430 15511 I art     : Starting a blocking GC Explicit
08-06 06:18:23.364 15430 15430 D ItemlistFragment: onEventMainThread() called with: event = [DownloadEvent{update=DownloaderUpdate{downloaders=[], feedIds=[], mediaIds=[]}}]
08-06 06:18:23.365 15430 15962 D DBReader: getFeed() called with: feedId = [2]
08-06 06:18:23.369 15430 15962 D DBReader: getFeedItemList() called with: feed = [baseline.de.danoeh.antennapod.core.feed.Feed@2]
08-06 06:18:23.387 15430 15511 I art     : Explicit concurrent mark sweep GC freed 2312(111KB) AllocSpace objects, 0(0B) LOS objects, 37% free, 27MB/43MB, paused 1.605ms total 35.437ms
08-06 06:18:23.468 15430 15962 W PodDBAdapter: Length of id array is larger than 800. Creating multiple cursors
08-06 06:18:23.563 15430 15962 D DBReader: getFavoriteIDList() called
08-06 06:18:23.564 15430 15962 D DBReader: getQueueIDList() called
08-06 06:18:23.565 15430 15962 D DBReader: Extracting Feedlist
08-06 06:18:23.616 15430 15430 D FeedMenuHandler: Preparing options menu
08-06 06:18:23.685 15430 16366 D ApOkHttpUrlLoader: buildLoadData() called with: model = [http://static.libsyn.com/p/assets/7/1/f/3/71f3014e14ef2722/JREiTunesImage2.jpg], width = [1440], height = [462]
08-06 06:18:23.688 15430 15446 I art     : Starting a blocking GC Explicit
08-06 06:18:23.735 15430 15446 I art     : Explicit concurrent mark sweep GC freed 17241(793KB) AllocSpace objects, 3(52KB) LOS objects, 29% free, 37MB/53MB, paused 1.360ms total 46.955ms
08-06 06:18:23.741  9013  9013 I ServiceManager: Waiting for service AtCmdFwd...
08-06 06:18:23.748 15430 15446 I art     : Starting a blocking GC Explicit
08-06 06:18:23.770 15430 15455 V RenderScript: 0x7f7c64f000 Launching thread(s), CPUs 8
08-06 06:18:23.789 15430 15446 I art     : Explicit concurrent mark sweep GC freed 976(58KB) AllocSpace objects, 0(0B) LOS objects, 30% free, 37MB/53MB, paused 1.431ms total 40.807ms
08-06 06:18:23.802 15430 15446 I art     : Starting a blocking GC Explicit
08-06 06:18:23.844 15430 15446 I art     : Explicit concurrent mark sweep GC freed 109(4KB) AllocSpace objects, 0(0B) LOS objects, 30% free, 37MB/53MB, paused 1.923ms total 42.320ms
08-06 06:18:23.852 13866 13866 I GoogleInputMethodServic: GoogleInputMethodService.onFinishInput():3138 
08-06 06:18:23.853 13866 13866 I GoogleInputMethodServic: GoogleInputMethodService.onStartInput():1808 
08-06 06:18:23.858 15430 15446 I art     : Starting a blocking GC Explicit
08-06 06:18:23.879   512  2967 D audio_hw_primary: disable_audio_route: reset and update mixer path: low-latency-playback speaker
08-06 06:18:23.879   512  2967 D audio_hw_primary: disable_snd_device: snd_device(2: speaker)
08-06 06:18:23.887   512  2967 I soundtrigger: audio_extn_sound_trigger_update_device_status: device 0x2 of type 0 for Event 0
08-06 06:18:23.898 15430 15446 I art     : Explicit concurrent mark sweep GC freed 154(6KB) AllocSpace objects, 0(0B) LOS objects, 30% free, 37MB/53MB, paused 1.568ms total 39.811ms
08-06 06:18:23.911 15430 15446 I art     : Starting a blocking GC Explicit
08-06 06:18:23.951 15430 15446 I art     : Explicit concurrent mark sweep GC freed 159(18KB) AllocSpace objects, 1(88KB) LOS objects, 29% free, 37MB/53MB, paused 1.413ms total 40.339ms
08-06 06:18:24.274 15430 16638 I art     : Starting a blocking GC Explicit
08-06 06:18:24.322 15430 16638 I art     : Explicit concurrent mark sweep GC freed 1408(90KB) AllocSpace objects, 5(148KB) LOS objects, 30% free, 37MB/53MB, paused 1.403ms total 48.190ms
08-06 06:18:24.340 15430 16638 I art     : Starting a blocking GC Explicit
08-06 06:18:24.388 15430 16638 I art     : Explicit concurrent mark sweep GC freed 61(2064B) AllocSpace objects, 0(0B) LOS objects, 30% free, 37MB/53MB, paused 1.389ms total 46.907ms
08-06 06:18:24.402 15430 16638 I art     : Starting a blocking GC Explicit
08-06 06:18:24.448 15430 16638 I art     : Explicit concurrent mark sweep GC freed 3(96B) AllocSpace objects, 0(0B) LOS objects, 30% free, 37MB/53MB, paused 1.315ms total 46.503ms
08-06 06:18:24.462 15430 16638 I art     : Starting a blocking GC Explicit
08-06 06:18:24.507 15430 16638 I art     : Explicit concurrent mark sweep GC freed 3(96B) AllocSpace objects, 0(0B) LOS objects, 30% free, 37MB/53MB, paused 1.439ms total 44.442ms
08-06 06:18:24.521 15430 16638 I art     : Starting a blocking GC Explicit
08-06 06:18:24.566 15430 16638 I art     : Explicit concurrent mark sweep GC freed 3(96B) AllocSpace objects, 0(0B) LOS objects, 30% free, 37MB/53MB, paused 1.252ms total 44.107ms
08-06 06:18:24.655 13866 13882 I PeriodicStatsRunner: PeriodicStatsRunner.call():175 call()
08-06 06:18:24.655 13866 13882 I PeriodicStatsRunner: PeriodicStatsRunner.call():179 No submit PeriodicStats since input started.
08-06 06:18:24.741  9013  9013 W Atfwd_Sendcmd: AtCmdFwd service not published, waiting... retryCnt : 4
08-06 06:18:24.905 15430 15447 I art     : Starting a blocking GC Explicit
08-06 06:18:24.968 15430 15447 I art     : Explicit concurrent mark sweep GC freed 1404(81KB) AllocSpace objects, 1(20KB) LOS objects, 30% free, 37MB/53MB, paused 1.628ms total 63.421ms
08-06 06:18:24.985 15430 15447 I art     : Starting a blocking GC Explicit
08-06 06:18:25.036 15430 15447 I art     : Explicit concurrent mark sweep GC freed 23(752B) AllocSpace objects, 0(0B) LOS objects, 30% free, 37MB/53MB, paused 1.335ms total 50.503ms
08-06 06:18:25.050 15430 15447 I art     : Starting a blocking GC Explicit
08-06 06:18:25.100 15430 15447 I art     : Explicit concurrent mark sweep GC freed 3(96B) AllocSpace objects, 0(0B) LOS objects, 30% free, 37MB/53MB, paused 1.391ms total 49.548ms
08-06 06:18:25.115 15430 15447 I art     : Starting a blocking GC Explicit
08-06 06:18:25.165 15430 15447 I art     : Explicit concurrent mark sweep GC freed 3(96B) AllocSpace objects, 0(0B) LOS objects, 30% free, 37MB/53MB, paused 1.244ms total 49.760ms
08-06 06:18:25.179 15430 15447 I art     : Starting a blocking GC Explicit
08-06 06:18:25.230 15430 15447 I art     : Explicit concurrent mark sweep GC freed 6(192B) AllocSpace objects, 0(0B) LOS objects, 30% free, 37MB/53MB, paused 1.357ms total 50.420ms
08-06 06:18:25.581 15430 16638 I art     : Starting a blocking GC Explicit
08-06 06:18:25.637 15430 16638 I art     : Explicit concurrent mark sweep GC freed 1428(82KB) AllocSpace objects, 1(20KB) LOS objects, 30% free, 37MB/53MB, paused 1.331ms total 54.749ms
08-06 06:18:25.653 15430 16638 I art     : Starting a blocking GC Explicit
08-06 06:18:25.704 15430 16638 I art     : Explicit concurrent mark sweep GC freed 23(752B) AllocSpace objects, 0(0B) LOS objects, 30% free, 37MB/53MB, paused 1.393ms total 50.250ms
08-06 06:18:25.718 15430 16638 I art     : Starting a blocking GC Explicit
08-06 06:18:25.768 15430 16638 I art     : Explicit concurrent mark sweep GC freed 3(96B) AllocSpace objects, 0(0B) LOS objects, 30% free, 37MB/53MB, paused 1.455ms total 49.403ms
08-06 06:18:25.783 15430 16638 I art     : Starting a blocking GC Explicit
08-06 06:18:25.836 15430 16638 I art     : Explicit concurrent mark sweep GC freed 3(96B) AllocSpace objects, 0(0B) LOS objects, 30% free, 37MB/53MB, paused 1.456ms total 52.729ms
08-06 06:18:25.853 15430 16638 I art     : Starting a blocking GC Explicit
08-06 06:18:25.901 15430 16638 I art     : Explicit concurrent mark sweep GC freed 3(96B) AllocSpace objects, 0(0B) LOS objects, 30% free, 37MB/53MB, paused 1.313ms total 47.661ms
08-06 06:18:26.186   918  3188 I hubconnection: sensorhub said: 'set_bias 3: -6.2400, 0.0000, 0.0000'
08-06 06:18:26.263 15430 15447 I art     : Starting a blocking GC Explicit
08-06 06:18:26.316 15430 15447 I art     : Explicit concurrent mark sweep GC freed 2074(102KB) AllocSpace objects, 1(20KB) LOS objects, 30% free, 37MB/53MB, paused 1.379ms total 52.308ms
08-06 06:18:26.331 15430 15447 I art     : Starting a blocking GC Explicit
08-06 06:18:26.382 15430 15447 I art     : Explicit concurrent mark sweep GC freed 23(752B) AllocSpace objects, 0(0B) LOS objects, 30% free, 37MB/53MB, paused 1.388ms total 50.855ms
08-06 06:18:26.400 15430 15447 I art     : Starting a blocking GC Explicit
08-06 06:18:26.450 15430 15447 I art     : Explicit concurrent mark sweep GC freed 3(96B) AllocSpace objects, 0(0B) LOS objects, 30% free, 37MB/53MB, paused 1.389ms total 50.613ms
08-06 06:18:26.465 15430 15447 I art     : Starting a blocking GC Explicit
08-06 06:18:26.471 13866 13882 I PeriodicStatsRunner: PeriodicStatsRunner.call():175 call()
08-06 06:18:26.472 13866 13882 I PeriodicStatsRunner: PeriodicStatsRunner.call():179 No submit PeriodicStats since input started.
08-06 06:18:26.516 15430 15447 I art     : Explicit concurrent mark sweep GC freed 3(96B) AllocSpace objects, 0(0B) LOS objects, 30% free, 37MB/53MB, paused 1.397ms total 50.382ms
08-06 06:18:26.531 15430 15447 I art     : Starting a blocking GC Explicit
08-06 06:18:26.581 15430 15447 I art     : Explicit concurrent mark sweep GC freed 3(96B) AllocSpace objects, 0(0B) LOS objects, 30% free, 37MB/53MB, paused 1.295ms total 50.014ms
08-06 06:18:26.932 15430 15446 I art     : Starting a blocking GC Explicit
08-06 06:18:26.997 15430 15446 I art     : Explicit concurrent mark sweep GC freed 2289(113KB) AllocSpace objects, 1(20KB) LOS objects, 30% free, 37MB/53MB, paused 1.456ms total 64.665ms
08-06 06:18:27.014 15430 15446 I art     : Starting a blocking GC Explicit
08-06 06:18:27.065 15430 15446 I art     : Explicit concurrent mark sweep GC freed 23(752B) AllocSpace objects, 0(0B) LOS objects, 30% free, 37MB/53MB, paused 1.367ms total 51.082ms
08-06 06:18:27.080 15430 15446 I art     : Starting a blocking GC Explicit
08-06 06:18:27.130 15430 15446 I art     : Explicit concurrent mark sweep GC freed 3(96B) AllocSpace objects, 0(0B) LOS objects, 30% free, 37MB/53MB, paused 1.332ms total 50.238ms
08-06 06:18:27.145 15430 15446 I art     : Starting a blocking GC Explicit
08-06 06:18:27.195 15430 15446 I art     : Explicit concurrent mark sweep GC freed 3(96B) AllocSpace objects, 0(0B) LOS objects, 30% free, 37MB/53MB, paused 1.389ms total 50.275ms
08-06 06:18:27.210 15430 15446 I art     : Starting a blocking GC Explicit
08-06 06:18:27.260 15430 15446 I art     : Explicit concurrent mark sweep GC freed 3(96B) AllocSpace objects, 0(0B) LOS objects, 30% free, 37MB/53MB, paused 1.324ms total 50.173ms
08-06 06:18:27.611 15430 15511 I art     : Starting a blocking GC Explicit
08-06 06:18:27.662 15430 15511 I art     : Explicit concurrent mark sweep GC freed 1403(82KB) AllocSpace objects, 1(20KB) LOS objects, 30% free, 37MB/53MB, paused 1.411ms total 51.566ms
08-06 06:18:27.677 15430 15511 I art     : Starting a blocking GC Explicit
08-06 06:18:27.726 15430 15511 I art     : Explicit concurrent mark sweep GC freed 23(752B) AllocSpace objects, 0(0B) LOS objects, 30% free, 37MB/53MB, paused 1.425ms total 48.518ms
08-06 06:18:27.740 15430 15511 I art     : Starting a blocking GC Explicit
08-06 06:18:27.786 15430 15511 I art     : Explicit concurrent mark sweep GC freed 3(96B) AllocSpace objects, 0(0B) LOS objects, 30% free, 37MB/53MB, paused 1.332ms total 45.703ms
08-06 06:18:27.800 15430 15511 I art     : Starting a blocking GC Explicit
08-06 06:18:27.848 15430 15511 I art     : Explicit concurrent mark sweep GC freed 3(96B) AllocSpace objects, 0(0B) LOS objects, 30% free, 37MB/53MB, paused 1.492ms total 47.852ms
08-06 06:18:27.862 15430 15511 I art     : Starting a blocking GC Explicit
08-06 06:18:27.908 15430 15511 I art     : Explicit concurrent mark sweep GC freed 3(96B) AllocSpace objects, 0(0B) LOS objects, 30% free, 37MB/53MB, paused 1.378ms total 45.117ms
08-06 06:18:27.959   518   646 I ThermalEngine: ACTION: GPU - Setting GPU[0] to 510000000
08-06 06:18:28.039 17941 17941 D AndroidRuntime: >>>>>> START com.android.internal.os.RuntimeInit uid 2000 <<<<<<
08-06 06:18:28.046 17941 17941 D AndroidRuntime: CheckJNI is OFF
08-06 06:18:28.083 17941 17941 D ICU     : No timezone override file found: /data/misc/zoneinfo/current/icu/icu_tzdata.dat
08-06 06:18:28.116 17941 17941 I Radio-JNI: register_android_hardware_Radio DONE
08-06 06:18:28.139 17941 17941 D AndroidRuntime: Calling main entry com.android.commands.input.Input
08-06 06:18:28.140 17941 17941 I Input   : injectMotionEvent: MotionEvent { action=ACTION_DOWN, actionButton=0, id[0]=0, x[0]=1363.0, y[0]=517.0, toolType[0]=TOOL_TYPE_UNKNOWN, buttonState=0, metaState=0, flags=0x0, edgeFlags=0x0, pointerCount=1, historySize=0, eventTime=857924553, downTime=857924553, deviceId=0, source=0x1002 }
08-06 06:18:28.145 17941 17941 I Input   : injectMotionEvent: MotionEvent { action=ACTION_UP, actionButton=0, id[0]=0, x[0]=1363.0, y[0]=517.0, toolType[0]=TOOL_TYPE_UNKNOWN, buttonState=0, metaState=0, flags=0x0, edgeFlags=0x0, pointerCount=1, historySize=0, eventTime=857924553, downTime=857924553, deviceId=0, source=0x1002 }
08-06 06:18:28.147 17941 17941 D AndroidRuntime: Shutting down VM
08-06 06:18:28.156   918  3696 I ActivityManager: START u0 {cmp=baseline.de.danoeh.antennapod.debug/baseline.de.danoeh.antennapod.activity.FeedSettingsActivity (has extras)} from uid 10711 on display 0
08-06 06:18:28.158   512  2967 D audio_hw_primary: out_set_parameters: enter: usecase(1: low-latency-playback) kvpairs: routing=2
08-06 06:18:28.171   512  2967 D audio_hw_primary: select_devices: out_snd_device(2: speaker) in_snd_device(0: none)
08-06 06:18:28.171   512  2967 D msm8974_platform: platform_send_audio_calibration: sending audio calibration for snd_device(2) acdb_id(15)
08-06 06:18:28.171   512  2967 I soundtrigger: audio_extn_sound_trigger_update_device_status: device 0x2 of type 0 for Event 1
08-06 06:18:28.180   512  2967 D audio_hw_primary: enable_snd_device: snd_device(2: speaker)
08-06 06:18:28.182   512  2967 D audio_hw_primary: enable_audio_route: apply and update mixer path: low-latency-playback speaker
08-06 06:18:28.255 15430 15446 I art     : Starting a blocking GC Explicit
08-06 06:18:28.294 15430 15446 I art     : Explicit concurrent mark sweep GC freed 33938(1467KB) AllocSpace objects, 1(20KB) LOS objects, 29% free, 37MB/53MB, paused 1.340ms total 38.115ms
08-06 06:18:28.305 15430 15446 I art     : Starting a blocking GC Explicit
08-06 06:18:28.343 15430 15446 I art     : Explicit concurrent mark sweep GC freed 15746(685KB) AllocSpace objects, 0(0B) LOS objects, 29% free, 38MB/54MB, paused 1.387ms total 38.278ms
08-06 06:18:28.354 15430 15446 I art     : Starting a blocking GC Explicit
08-06 06:18:28.370 15430 15963 D DBReader: getFeed() called with: feedId = [2]
08-06 06:18:28.371 15430 15963 D DBReader: getFeedItemList() called with: feed = [baseline.de.danoeh.antennapod.core.feed.Feed@2]
08-06 06:18:28.390 15430 15446 I art     : Explicit concurrent mark sweep GC freed 1685(135KB) AllocSpace objects, 0(0B) LOS objects, 28% free, 39MB/55MB, paused 1.714ms total 36.246ms
08-06 06:18:28.402 15430 15446 I art     : Starting a blocking GC Explicit
08-06 06:18:28.443 15430 15446 I art     : Explicit concurrent mark sweep GC freed 3369(108KB) AllocSpace objects, 0(0B) LOS objects, 28% free, 40MB/56MB, paused 1.744ms total 41.272ms
08-06 06:18:28.456 15430 15446 I art     : Starting a blocking GC Explicit
08-06 06:18:28.456 15430 15963 W PodDBAdapter: Length of id array is larger than 800. Creating multiple cursors
08-06 06:18:28.474 13866 13866 I GoogleInputMethodServic: GoogleInputMethodService.onFinishInput():3138 
08-06 06:18:28.474   918   936 I ActivityManager: Displayed baseline.de.danoeh.antennapod.debug/baseline.de.danoeh.antennapod.activity.FeedSettingsActivity: +288ms
08-06 06:18:28.476 13866 13866 I GoogleInputMethodServic: GoogleInputMethodService.onStartInput():1808 
08-06 06:18:28.501 15430 15446 I art     : Explicit concurrent mark sweep GC freed 2231(197KB) AllocSpace objects, 1(16KB) LOS objects, 27% free, 41MB/57MB, paused 1.424ms total 44.488ms
08-06 06:18:28.512 15430 15455 D OpenGLRenderer: endAllStagingAnimators on 0x7f7f199000 (RippleDrawable) with handle 0x7f7a35b780
08-06 06:18:28.534 15430 16366 D ApOkHttpUrlLoader: buildLoadData() called with: model = [http://static.libsyn.com/p/assets/7/1/f/3/71f3014e14ef2722/JREiTunesImage2.jpg], width = [1440], height = [462]
08-06 06:18:28.538 13866 13866 I GoogleInputMethodServic: GoogleInputMethodService.onStartInput():1808 
08-06 06:18:28.538 13866 13866 W SessionManager: SessionManager.beginSession():53 Try to begin an already begun session [INPUT_SESSION], end it first
08-06 06:18:28.544 13866 13866 I ShortcutsDataManager: ShortcutsDataManager.onContentChanged():89 onContentChanged()
08-06 06:18:28.546 15430 15430 D FeedSettingsActivity: No filter set
08-06 06:18:28.557   918  4400 W IntentResolver: resolveIntent: multiple matches, only some with CATEGORY_DEFAULT
08-06 06:18:28.719   512  2967 D audio_hw_primary: disable_audio_route: reset and update mixer path: low-latency-playback speaker
08-06 06:18:28.721   512  2967 D audio_hw_primary: disable_snd_device: snd_device(2: speaker)
08-06 06:18:28.723   380   380 W SurfaceFlinger: couldn't log to binary event log: overflow.
08-06 06:18:28.731   512  2967 I soundtrigger: audio_extn_sound_trigger_update_device_status: device 0x2 of type 0 for Event 0
08-06 06:18:28.817 15430 16638 I art     : Starting a blocking GC Explicit
08-06 06:18:28.853 13866 13882 I PeriodicStatsRunner: PeriodicStatsRunner.call():175 call()
08-06 06:18:28.853 13866 13882 I PeriodicStatsRunner: PeriodicStatsRunner.call():179 No submit PeriodicStats since input started.
08-06 06:18:28.875 15430 15430 D PlaybackController: Releasing PlaybackController
08-06 06:18:28.876 15430 16638 I art     : Explicit concurrent mark sweep GC freed 9637(334KB) AllocSpace objects, 2(36KB) LOS objects, 27% free, 41MB/57MB, paused 1.545ms total 58.224ms
08-06 06:18:28.889 15430 16638 I art     : Starting a blocking GC Explicit
08-06 06:18:28.933 15430 16638 I art     : Explicit concurrent mark sweep GC freed 779(52KB) AllocSpace objects, 0(0B) LOS objects, 27% free, 41MB/57MB, paused 1.060ms total 43.682ms
08-06 06:18:28.945 15430 16638 I art     : Starting a blocking GC Explicit
08-06 06:18:28.988 15430 16638 I art     : Explicit concurrent mark sweep GC freed 64(2224B) AllocSpace objects, 0(0B) LOS objects, 27% free, 41MB/57MB, paused 1.312ms total 43.330ms
08-06 06:18:29.001 15430 16638 I art     : Starting a blocking GC Explicit
08-06 06:18:29.046 15430 16638 I art     : Explicit concurrent mark sweep GC freed 29(1120B) AllocSpace objects, 0(0B) LOS objects, 27% free, 41MB/57MB, paused 1.035ms total 44.673ms
08-06 06:18:29.058 15430 16638 I art     : Starting a blocking GC Explicit
08-06 06:18:29.105 15430 16638 I art     : Explicit concurrent mark sweep GC freed 37(1536B) AllocSpace objects, 0(0B) LOS objects, 27% free, 41MB/57MB, paused 1.079ms total 46.053ms
08-06 06:18:29.410 15430 15511 I art     : Starting a blocking GC Explicit
08-06 06:18:29.473 15430 15511 I art     : Explicit concurrent mark sweep GC freed 1392(81KB) AllocSpace objects, 1(20KB) LOS objects, 27% free, 41MB/57MB, paused 1.294ms total 62.944ms
08-06 06:18:29.489 15430 15511 I art     : Starting a blocking GC Explicit
08-06 06:18:29.539 15430 15511 I art     : Explicit concurrent mark sweep GC freed 23(752B) AllocSpace objects, 0(0B) LOS objects, 27% free, 41MB/57MB, paused 1.117ms total 50.039ms
08-06 06:18:29.553 15430 15511 I art     : Starting a blocking GC Explicit
08-06 06:18:29.602 15430 15511 I art     : Explicit concurrent mark sweep GC freed 32(880B) AllocSpace objects, 0(0B) LOS objects, 27% free, 41MB/57MB, paused 1.110ms total 48.869ms
08-06 06:18:29.615 15430 15511 I art     : Starting a blocking GC Explicit
08-06 06:18:29.665 15430 15511 I art     : Explicit concurrent mark sweep GC freed 3(96B) AllocSpace objects, 0(0B) LOS objects, 27% free, 41MB/57MB, paused 1.116ms total 49.414ms
08-06 06:18:29.678 15430 15511 I art     : Starting a blocking GC Explicit
08-06 06:18:29.727 15430 15511 I art     : Explicit concurrent mark sweep GC freed 3(96B) AllocSpace objects, 0(0B) LOS objects, 27% free, 41MB/57MB, paused 1.185ms total 48.281ms
08-06 06:18:29.967   518   646 I ThermalEngine: ACTION: GPU - Setting GPU[0] to 450000000
08-06 06:18:30.065 15430 15446 I art     : Starting a blocking GC Explicit
08-06 06:18:30.129 15430 15446 I art     : Explicit concurrent mark sweep GC freed 1403(81KB) AllocSpace objects, 1(20KB) LOS objects, 27% free, 41MB/57MB, paused 1.557ms total 63.269ms
08-06 06:18:30.147 15430 15446 I art     : Starting a blocking GC Explicit
08-06 06:18:30.205 15430 15446 I art     : Explicit concurrent mark sweep GC freed 40(1296B) AllocSpace objects, 0(0B) LOS objects, 27% free, 41MB/57MB, paused 1.460ms total 58.206ms
08-06 06:18:30.223 15430 15446 I art     : Starting a blocking GC Explicit
08-06 06:18:30.283 15430 15446 I art     : Explicit concurrent mark sweep GC freed 14(448B) AllocSpace objects, 0(0B) LOS objects, 27% free, 41MB/57MB, paused 1.532ms total 59.874ms
08-06 06:18:30.301 15430 15446 I art     : Starting a blocking GC Explicit
08-06 06:18:30.364 15430 15446 I art     : Explicit concurrent mark sweep GC freed 3(96B) AllocSpace objects, 0(0B) LOS objects, 27% free, 41MB/57MB, paused 1.503ms total 63.647ms
08-06 06:18:30.382 15430 15446 I art     : Starting a blocking GC Explicit
08-06 06:18:30.448 15430 15446 I art     : Explicit concurrent mark sweep GC freed 3(96B) AllocSpace objects, 0(0B) LOS objects, 27% free, 41MB/57MB, paused 2.227ms total 65.838ms
08-06 06:18:30.817 15430 16638 I art     : Starting a blocking GC Explicit
08-06 06:18:30.889 15430 16638 I art     : Explicit concurrent mark sweep GC freed 1402(83KB) AllocSpace objects, 1(20KB) LOS objects, 27% free, 41MB/57MB, paused 1.430ms total 72.147ms
08-06 06:18:30.905 15430 16638 I art     : Starting a blocking GC Explicit
08-06 06:18:30.968 15430 16638 I art     : Explicit concurrent mark sweep GC freed 23(752B) AllocSpace objects, 0(0B) LOS objects, 27% free, 41MB/57MB, paused 1.586ms total 62.885ms
08-06 06:18:30.985 15430 16638 I art     : Starting a blocking GC Explicit
08-06 06:18:31.049 15430 16638 I art     : Explicit concurrent mark sweep GC freed 3(96B) AllocSpace objects, 0(0B) LOS objects, 27% free, 41MB/57MB, paused 1.561ms total 63.343ms
08-06 06:18:31.066 15430 16638 I art     : Starting a blocking GC Explicit
08-06 06:18:31.129 15430 16638 I art     : Explicit concurrent mark sweep GC freed 3(96B) AllocSpace objects, 0(0B) LOS objects, 27% free, 41MB/57MB, paused 1.629ms total 61.857ms
08-06 06:18:31.146 15430 16638 I art     : Starting a blocking GC Explicit
08-06 06:18:31.210 15430 16638 I art     : Explicit concurrent mark sweep GC freed 3(96B) AllocSpace objects, 0(0B) LOS objects, 27% free, 41MB/57MB, paused 1.535ms total 64.254ms
08-06 06:18:31.573 15430 15446 I art     : Starting a blocking GC Explicit
08-06 06:18:31.642 15430 15446 I art     : Explicit concurrent mark sweep GC freed 1402(82KB) AllocSpace objects, 1(20KB) LOS objects, 27% free, 41MB/57MB, paused 1.459ms total 68.581ms
08-06 06:18:31.660 15430 15446 I art     : Starting a blocking GC Explicit
08-06 06:18:31.728 15430 15446 I art     : Explicit concurrent mark sweep GC freed 23(752B) AllocSpace objects, 0(0B) LOS objects, 27% free, 41MB/57MB, paused 1.527ms total 68.042ms
08-06 06:18:31.745 15430 15446 I art     : Starting a blocking GC Explicit
08-06 06:18:31.813 15430 15446 I art     : Explicit concurrent mark sweep GC freed 3(96B) AllocSpace objects, 0(0B) LOS objects, 27% free, 41MB/57MB, paused 1.494ms total 67.785ms
08-06 06:18:31.831 15430 15446 I art     : Starting a blocking GC Explicit
08-06 06:18:31.895 15430 15446 I art     : Explicit concurrent mark sweep GC freed 3(96B) AllocSpace objects, 0(0B) LOS objects, 27% free, 41MB/57MB, paused 1.525ms total 64.037ms
08-06 06:18:31.912 15430 15446 I art     : Starting a blocking GC Explicit
08-06 06:18:31.969   518   646 I ThermalEngine: ACTION: GPU - Setting GPU[0] to 510000000
08-06 06:18:31.983 15430 15446 I art     : Explicit concurrent mark sweep GC freed 3(96B) AllocSpace objects, 0(0B) LOS objects, 27% free, 41MB/57MB, paused 1.587ms total 70.079ms
08-06 06:18:32.339 15430 16638 I art     : Starting a blocking GC Explicit
08-06 06:18:32.394 15430 16638 I art     : Explicit concurrent mark sweep GC freed 2075(106KB) AllocSpace objects, 1(20KB) LOS objects, 27% free, 41MB/57MB, paused 1.012ms total 54.566ms
08-06 06:18:32.406 15430 16638 I art     : Starting a blocking GC Explicit
08-06 06:18:32.449 15430 16638 I art     : Explicit concurrent mark sweep GC freed 23(752B) AllocSpace objects, 0(0B) LOS objects, 27% free, 41MB/57MB, paused 1.051ms total 42.782ms
08-06 06:18:32.461 15430 16638 I art     : Starting a blocking GC Explicit
08-06 06:18:32.506 15430 16638 I art     : Explicit concurrent mark sweep GC freed 3(96B) AllocSpace objects, 0(0B) LOS objects, 27% free, 41MB/57MB, paused 1.081ms total 44.910ms
08-06 06:18:32.519 15430 16638 I art     : Starting a blocking GC Explicit
08-06 06:18:32.566 15430 16638 I art     : Explicit concurrent mark sweep GC freed 3(96B) AllocSpace objects, 0(0B) LOS objects, 27% free, 41MB/57MB, paused 1.087ms total 46.622ms
08-06 06:18:32.579 15430 16638 I art     : Starting a blocking GC Explicit
08-06 06:18:32.625 15430 16638 I art     : Explicit concurrent mark sweep GC freed 32(880B) AllocSpace objects, 0(0B) LOS objects, 27% free, 41MB/57MB, paused 1.106ms total 45.704ms
08-06 06:18:32.802 18035 18035 D AndroidRuntime: >>>>>> START com.android.internal.os.RuntimeInit uid 2000 <<<<<<
08-06 06:18:32.808 18035 18035 D AndroidRuntime: CheckJNI is OFF
08-06 06:18:32.842 18035 18035 D ICU     : No timezone override file found: /data/misc/zoneinfo/current/icu/icu_tzdata.dat
08-06 06:18:32.875 18035 18035 I Radio-JNI: register_android_hardware_Radio DONE
08-06 06:18:32.897 18035 18035 D AndroidRuntime: Calling main entry com.android.commands.input.Input
08-06 06:18:32.899 18035 18035 I Input   : injectKeyEvent: KeyEvent { action=ACTION_DOWN, keyCode=KEYCODE_BACK, scanCode=0, metaState=0, flags=0x0, repeatCount=0, eventTime=857929312, downTime=857929312, deviceId=-1, source=0x101 }
08-06 06:18:32.908 18035 18035 I Input   : injectKeyEvent: KeyEvent { action=ACTION_UP, keyCode=KEYCODE_BACK, scanCode=0, metaState=0, flags=0x0, repeatCount=0, eventTime=857929312, downTime=857929312, deviceId=-1, source=0x101 }
08-06 06:18:32.913 18035 18035 D AndroidRuntime: Shutting down VM
08-06 06:18:32.917 15430 15430 V PlaybackController: initServiceNotRunning()
08-06 06:18:32.917 15430 15430 D ExternalPlayerFragment: Loading media info
08-06 06:18:32.919 15430 15430 D ItemlistFragment: onEventMainThread() called with: event = [DownloadEvent{update=DownloaderUpdate{downloaders=[], feedIds=[], mediaIds=[]}}]
08-06 06:18:32.920 15430 16366 D ApOkHttpUrlLoader: buildLoadData() called with: model = [http://static.libsyn.com/p/assets/7/1/f/3/71f3014e14ef2722/JREiTunesImage2.jpg], width = [1440], height = [462]
08-06 06:18:32.923 15430 15430 D UserPreferences: Using default data folder
08-06 06:18:32.924 15430 15963 D DBReader: getNavDrawerData() called with: 
08-06 06:18:32.924 15430 15454 D DBReader: getFeed() called with: feedId = [2]
08-06 06:18:32.926 15430 15454 D DBReader: getFeedItemList() called with: feed = [baseline.de.danoeh.antennapod.core.feed.Feed@2]
08-06 06:18:32.939 15430 15430 D FeedMenuHandler: Preparing options menu
08-06 06:18:32.947 15430 15447 I art     : Starting a blocking GC Explicit
08-06 06:18:32.952 15430 15963 D DBReader: getDownloadedItems() called
08-06 06:18:32.953 15430 15963 D DBReader: getFavoriteIDList() called
08-06 06:18:32.953 15430 15963 D DBReader: getQueueIDList() called
08-06 06:18:32.954 15430 15963 D DBReader: Extracting Feedlist
08-06 06:18:32.974 15430 15430 D MainActivity: getLastNavFragment() -> 2
08-06 06:18:32.974 13866 13866 I GoogleInputMethodServic: GoogleInputMethodService.onFinishInput():3138 
08-06 06:18:32.974 13866 13866 I GoogleInputMethodServic: GoogleInputMethodService.onStartInput():1808 
08-06 06:18:32.975 13866 13866 I ShortcutsDataManager: AbstractContentDataManager.startImportContentTask():208 startImportContentTask()
08-06 06:18:32.977 13866 13938 I ShortcutsDataManager: AbstractContentDataManager$ImportContentTask.doInBackground():222 doInBackground()
08-06 06:18:32.978 13866 13938 I PersonalDictionaryDataH: PersonalDictionaryDataHandler.beginProcess():111 LanguageTags = [en-US]
08-06 06:18:32.989 13866 13938 I ShortcutsDataManager: AbstractContentDataManager.importRecords():312 importRecords() : Success : Count = 0
08-06 06:18:32.996 13866 13938 I ShortcutsDataManager: AbstractContentDataManager.importContentData():262 importContentData() : Ending import process
08-06 06:18:32.998 15430 15447 I art     : Explicit concurrent mark sweep GC freed 5723(255KB) AllocSpace objects, 1(20KB) LOS objects, 25% free, 45MB/61MB, paused 1.556ms total 51.341ms
08-06 06:18:33.006 15430 15454 W PodDBAdapter: Length of id array is larger than 800. Creating multiple cursors
08-06 06:18:33.013 15430 15447 I art     : Starting a blocking GC Explicit
08-06 06:18:33.023 13866 13938 I PersonalLanguageModelUp: PersonalLanguageModelUpdater$UpdateOperation.performInternal():160 run() : Added 0 words and 0 shortcuts
08-06 06:18:33.023 13866 13938 I DynamicLanguageModelOpe: DynamicLanguageModelOperation.perform():37 perform() : 4 : coc : Completed
08-06 06:18:33.023 13866 13950 I Delight5Decoder: Delight5DecoderWrapper.loadLanguageModel():578 loadLanguageModel() : 4, version [n/a]
08-06 06:18:33.023 13866 13866 I ShortcutsDataManager: AbstractContentDataManager$ImportContentTask.onPostExecute():233 onPostExecute() : Result = [2,0]
08-06 06:18:33.024 13866 13866 I ShortcutsDataManager: ShortcutsDataManager.onImportFinished():99 onImportFinished() : Result = 2 : Count = 0
08-06 06:18:33.024 13866 13950 I Delight5Decoder: Delight5DecoderWrapper.loadLanguageModel():616 Loaded dynamic LM 4.en
08-06 06:18:33.060 15430 15447 I art     : Explicit concurrent mark sweep GC freed 3449(281KB) AllocSpace objects, 1(16KB) LOS objects, 25% free, 46MB/62MB, paused 1.355ms total 47.155ms
08-06 06:18:33.074 15430 15447 I art     : Starting a blocking GC Explicit
08-06 06:18:33.075 15430 15454 D DBReader: getFavoriteIDList() called
08-06 06:18:33.075 15430 15454 D DBReader: getQueueIDList() called
08-06 06:18:33.076 15430 15454 D DBReader: Extracting Feedlist
08-06 06:18:33.079 15430 16366 D ApOkHttpUrlLoader: buildLoadData() called with: model = [http://static.libsyn.com/p/assets/7/1/f/3/71f3014e14ef2722/JREiTunesImage2.jpg], width = [1440], height = [462]
08-06 06:18:33.100 15430 15430 D FeedMenuHandler: Preparing options menu
08-06 06:18:33.120 15430 15447 I art     : Explicit concurrent mark sweep GC freed 34631(2MB) AllocSpace objects, 1(16KB) LOS objects, 25% free, 47MB/63MB, paused 1.461ms total 45.806ms
08-06 06:18:33.132 15430 15447 I art     : Starting a blocking GC Explicit
08-06 06:18:33.174 15430 15447 I art     : Explicit concurrent mark sweep GC freed 728(47KB) AllocSpace objects, 0(0B) LOS objects, 25% free, 47MB/63MB, paused 1.057ms total 41.232ms
08-06 06:18:33.186 15430 15447 I art     : Starting a blocking GC Explicit
08-06 06:18:33.228 15430 15447 I art     : Explicit concurrent mark sweep GC freed 754(50KB) AllocSpace objects, 0(0B) LOS objects, 25% free, 47MB/63MB, paused 1.036ms total 41.789ms
08-06 06:18:33.277   380   380 W SurfaceFlinger: couldn't log to binary event log: overflow.
08-06 06:18:33.476 13866 13882 I PeriodicStatsRunner: PeriodicStatsRunner.call():175 call()
08-06 06:18:33.476 13866 13882 I PeriodicStatsRunner: PeriodicStatsRunner.call():179 No submit PeriodicStats since input started.
08-06 06:18:33.511 15430 16638 I art     : Starting a blocking GC Explicit
08-06 06:18:33.563 15430 16638 I art     : Explicit concurrent mark sweep GC freed 1990(107KB) AllocSpace objects, 1(20KB) LOS objects, 25% free, 47MB/63MB, paused 1.158ms total 51.505ms
08-06 06:18:33.577 15430 16638 I art     : Starting a blocking GC Explicit
08-06 06:18:33.619 15430 16638 I art     : Explicit concurrent mark sweep GC freed 34798(2MB) AllocSpace objects, 44(2MB) LOS objects, 27% free, 42MB/58MB, paused 1.120ms total 42.456ms
08-06 06:18:33.631 15430 16638 I art     : Starting a blocking GC Explicit
08-06 06:18:33.668 15430 16638 I art     : Explicit concurrent mark sweep GC freed 3(96B) AllocSpace objects, 0(0B) LOS objects, 27% free, 42MB/58MB, paused 1.135ms total 36.159ms
08-06 06:18:33.678 15430 16638 I art     : Starting a blocking GC Explicit
08-06 06:18:33.717 15430 16638 I art     : Explicit concurrent mark sweep GC freed 3(96B) AllocSpace objects, 0(0B) LOS objects, 27% free, 42MB/58MB, paused 1.101ms total 38.257ms
08-06 06:18:33.728 15430 16638 I art     : Starting a blocking GC Explicit
08-06 06:18:33.768 15430 16638 I art     : Explicit concurrent mark sweep GC freed 3(96B) AllocSpace objects, 0(0B) LOS objects, 27% free, 42MB/58MB, paused 1.179ms total 39.755ms
08-06 06:18:34.085 15430 15447 I art     : Starting a blocking GC Explicit
08-06 06:18:34.136 15430 15447 I art     : Explicit concurrent mark sweep GC freed 1374(81KB) AllocSpace objects, 1(20KB) LOS objects, 27% free, 42MB/58MB, paused 1.206ms total 50.341ms
08-06 06:18:34.154 15430 15447 I art     : Starting a blocking GC Explicit
08-06 06:18:34.192 15430 15447 I art     : Explicit concurrent mark sweep GC freed 23(752B) AllocSpace objects, 0(0B) LOS objects, 27% free, 42MB/58MB, paused 1.233ms total 37.233ms
08-06 06:18:34.204 15430 15447 I art     : Starting a blocking GC Explicit
08-06 06:18:34.241 15430 15447 I art     : Explicit concurrent mark sweep GC freed 3(96B) AllocSpace objects, 0(0B) LOS objects, 27% free, 42MB/58MB, paused 1.108ms total 36.754ms
08-06 06:18:34.252 15430 15447 I art     : Starting a blocking GC Explicit
08-06 06:18:34.288 15430 15447 I art     : Explicit concurrent mark sweep GC freed 3(96B) AllocSpace objects, 0(0B) LOS objects, 27% free, 42MB/58MB, paused 1.135ms total 36.420ms
08-06 06:18:34.299 15430 15447 I art     : Starting a blocking GC Explicit
08-06 06:18:34.337 15430 15447 I art     : Explicit concurrent mark sweep GC freed 3(96B) AllocSpace objects, 0(0B) LOS objects, 27% free, 42MB/58MB, paused 1.206ms total 37.634ms
08-06 06:18:34.572 18098 18098 D AndroidRuntime: >>>>>> START com.android.internal.os.RuntimeInit uid 2000 <<<<<<
08-06 06:18:34.578 18098 18098 D AndroidRuntime: CheckJNI is OFF
08-06 06:18:34.613 18098 18098 D ICU     : No timezone override file found: /data/misc/zoneinfo/current/icu/icu_tzdata.dat
08-06 06:18:34.643 15430 16638 I art     : Starting a blocking GC Explicit
08-06 06:18:34.646 18098 18098 I Radio-JNI: register_android_hardware_Radio DONE
08-06 06:18:34.671 18098 18098 D AndroidRuntime: Calling main entry com.android.commands.input.Input
08-06 06:18:34.672 18098 18098 I Input   : injectMotionEvent: MotionEvent { action=ACTION_DOWN, actionButton=0, id[0]=0, x[0]=1372.0, y[0]=384.0, toolType[0]=TOOL_TYPE_UNKNOWN, buttonState=0, metaState=0, flags=0x0, edgeFlags=0x0, pointerCount=1, historySize=0, eventTime=857931085, downTime=857931085, deviceId=0, source=0x1002 }
08-06 06:18:34.676 18098 18098 I Input   : injectMotionEvent: MotionEvent { action=ACTION_UP, actionButton=0, id[0]=0, x[0]=1372.0, y[0]=384.0, toolType[0]=TOOL_TYPE_UNKNOWN, buttonState=0, metaState=0, flags=0x0, edgeFlags=0x0, pointerCount=1, historySize=0, eventTime=857931085, downTime=857931085, deviceId=0, source=0x1002 }
08-06 06:18:34.677 18098 18098 D AndroidRuntime: Shutting down VM
08-06 06:18:34.682 15430 16638 I art     : Explicit concurrent mark sweep GC freed 1423(83KB) AllocSpace objects, 1(20KB) LOS objects, 27% free, 42MB/58MB, paused 1.314ms total 38.350ms
08-06 06:18:34.685   918  3714 I ActivityManager: START u0 {cmp=baseline.de.danoeh.antennapod.debug/baseline.de.danoeh.antennapod.activity.FeedInfoActivity (has extras)} from uid 10711 on display 0
08-06 06:18:34.687   512  2967 D audio_hw_primary: out_set_parameters: enter: usecase(1: low-latency-playback) kvpairs: routing=2
08-06 06:18:34.695 15430 16638 I art     : Starting a blocking GC Explicit
08-06 06:18:34.700   512  2967 D audio_hw_primary: select_devices: out_snd_device(2: speaker) in_snd_device(0: none)
08-06 06:18:34.700   512  2967 D msm8974_platform: platform_send_audio_calibration: sending audio calibration for snd_device(2) acdb_id(15)
08-06 06:18:34.700   512  2967 I soundtrigger: audio_extn_sound_trigger_update_device_status: device 0x2 of type 0 for Event 1
08-06 06:18:34.709   512  2967 D audio_hw_primary: enable_snd_device: snd_device(2: speaker)
08-06 06:18:34.711   512  2967 D audio_hw_primary: enable_audio_route: apply and update mixer path: low-latency-playback speaker
08-06 06:18:34.732 15430 16638 I art     : Explicit concurrent mark sweep GC freed 736(50KB) AllocSpace objects, 0(0B) LOS objects, 27% free, 42MB/58MB, paused 1.436ms total 37.505ms
08-06 06:18:34.741 15430 15962 D DBReader: getFeed() called with: feedId = [2]
08-06 06:18:34.742 15430 15962 D DBReader: getFeedItemList() called with: feed = [baseline.de.danoeh.antennapod.core.feed.Feed@2]
08-06 06:18:34.749 15430 15430 D androidx.gridlayout.widget.GridLayout: horizontal constraints: x2-x0>=1328, x2-x1<=0, x1-x0<=242 are inconsistent; permanently removing: x2-x1<=0. 
08-06 06:18:34.749 15430 15430 D androidx.gridlayout.widget.GridLayout: vertical constraints: y3-y2>=80, y3-y2<=66, y2-y1<=94, y1-y0<=94 are inconsistent; permanently removing: y3-y2<=66. 
08-06 06:18:34.750 15430 16638 I art     : Starting a blocking GC Explicit
08-06 06:18:34.792 15430 16638 I art     : Explicit concurrent mark sweep GC freed 3373(141KB) AllocSpace objects, 0(0B) LOS objects, 26% free, 43MB/59MB, paused 1.945ms total 41.776ms
08-06 06:18:34.804 15430 16638 I art     : Starting a blocking GC Explicit
08-06 06:18:34.814   918   936 I ActivityManager: Displayed baseline.de.danoeh.antennapod.debug/baseline.de.danoeh.antennapod.activity.FeedInfoActivity: +118ms
08-06 06:18:34.817 13866 13866 I GoogleInputMethodServic: GoogleInputMethodService.onFinishInput():3138 
08-06 06:18:34.817 13866 13866 I GoogleInputMethodServic: GoogleInputMethodService.onStartInput():1808 
08-06 06:18:34.822 15430 15962 W PodDBAdapter: Length of id array is larger than 800. Creating multiple cursors
08-06 06:18:34.834 15430 15455 D OpenGLRenderer: endAllStagingAnimators on 0x7f7f0ffc00 (RippleDrawable) with handle 0x7f99f02040
08-06 06:18:34.848 15430 16638 I art     : Explicit concurrent mark sweep GC freed 2715(210KB) AllocSpace objects, 1(16KB) LOS objects, 26% free, 44MB/60MB, paused 1.278ms total 44.059ms
08-06 06:18:34.861 15430 16638 I art     : Starting a blocking GC Explicit
08-06 06:18:34.890 15430 15430 D FeedInfoActivity: Language is en
08-06 06:18:34.890 15430 15430 D FeedInfoActivity: Author is Joe Rogan
08-06 06:18:34.890 15430 15430 D FeedInfoActivity: URL is http://joeroganexp.joerogan.libsynpro.com/rss
08-06 06:18:34.894 15430 16366 D ApOkHttpUrlLoader: buildLoadData() called with: model = [http://static.libsyn.com/p/assets/7/1/f/3/71f3014e14ef2722/JREiTunesImage2.jpg], width = [1440], height = [462]
08-06 06:18:34.902   918  3714 W IntentResolver: resolveIntent: multiple matches, only some with CATEGORY_DEFAULT
08-06 06:18:34.906 15430 16638 I art     : Explicit concurrent mark sweep GC freed 5456(117KB) AllocSpace objects, 0(0B) LOS objects, 25% free, 47MB/63MB, paused 1.550ms total 44.462ms
08-06 06:18:34.910 15430 15430 D androidx.gridlayout.widget.GridLayout: horizontal constraints: x2-x0>=1328, x2-x1<=232, x1-x0<=242 are inconsistent; permanently removing: x2-x1<=232. 
08-06 06:18:34.911 15430 15430 D androidx.gridlayout.widget.GridLayout: vertical constraints: y3-y2>=80, y3-y2<=66, y2-y1<=94, y1-y0<=94 are inconsistent; permanently removing: y3-y2<=66. 
08-06 06:18:35.063   380   380 W SurfaceFlinger: couldn't log to binary event log: overflow.
08-06 06:18:35.188 15430 15446 I art     : Starting a blocking GC Explicit
08-06 06:18:35.209 15430 15430 D PlaybackController: Releasing PlaybackController
08-06 06:18:35.235 15430 15446 I art     : Explicit concurrent mark sweep GC freed 3788(179KB) AllocSpace objects, 2(36KB) LOS objects, 25% free, 47MB/63MB, paused 1.028ms total 47.139ms
08-06 06:18:35.248 15430 15446 I art     : Starting a blocking GC Explicit
08-06 06:18:35.249   512  2967 D audio_hw_primary: disable_audio_route: reset and update mixer path: low-latency-playback speaker
08-06 06:18:35.250   512  2967 D audio_hw_primary: disable_snd_device: snd_device(2: speaker)
08-06 06:18:35.257   512  2967 I soundtrigger: audio_extn_sound_trigger_update_device_status: device 0x2 of type 0 for Event 0
08-06 06:18:35.291 15430 15446 I art     : Explicit concurrent mark sweep GC freed 346(25KB) AllocSpace objects, 0(0B) LOS objects, 25% free, 47MB/63MB, paused 1.109ms total 42.681ms
08-06 06:18:35.304 15430 15446 I art     : Starting a blocking GC Explicit
08-06 06:18:35.352 15430 15446 I art     : Explicit concurrent mark sweep GC freed 35(1152B) AllocSpace objects, 0(0B) LOS objects, 25% free, 47MB/63MB, paused 1.124ms total 47.455ms
08-06 06:18:35.365 15430 15446 I art     : Starting a blocking GC Explicit
08-06 06:18:35.413 15430 15446 I art     : Explicit concurrent mark sweep GC freed 3(96B) AllocSpace objects, 0(0B) LOS objects, 25% free, 47MB/63MB, paused 1.106ms total 47.856ms
08-06 06:18:35.426 15430 15446 I art     : Starting a blocking GC Explicit
08-06 06:18:35.475 15430 15446 I art     : Explicit concurrent mark sweep GC freed 3(96B) AllocSpace objects, 0(0B) LOS objects, 25% free, 47MB/63MB, paused 1.172ms total 48.263ms
08-06 06:18:35.788 15430 16638 I art     : Starting a blocking GC Explicit
08-06 06:18:35.849 15430 16638 I art     : Explicit concurrent mark sweep GC freed 1401(81KB) AllocSpace objects, 1(20KB) LOS objects, 25% free, 47MB/63MB, paused 1.255ms total 61.116ms
08-06 06:18:35.870 15430 16638 I art     : Starting a blocking GC Explicit
08-06 06:18:35.916 15430 16638 I art     : Explicit concurrent mark sweep GC freed 23(752B) AllocSpace objects, 0(0B) LOS objects, 25% free, 47MB/63MB, paused 1.085ms total 45.806ms
08-06 06:18:35.930 15430 16638 I art     : Starting a blocking GC Explicit
08-06 06:18:35.979   518   646 I ThermalEngine: ACTION: GPU - Setting GPU[0] to 450000000
08-06 06:18:35.986 15430 16638 I art     : Explicit concurrent mark sweep GC freed 3(96B) AllocSpace objects, 0(0B) LOS objects, 25% free, 47MB/63MB, paused 2.409ms total 55.967ms
08-06 06:18:36.003 15430 16638 I art     : Starting a blocking GC Explicit
08-06 06:18:36.065 15430 16638 I art     : Explicit concurrent mark sweep GC freed 3(96B) AllocSpace objects, 0(0B) LOS objects, 25% free, 47MB/63MB, paused 1.562ms total 61.074ms
08-06 06:18:36.085 15430 16638 I art     : Starting a blocking GC Explicit
08-06 06:18:36.145 15430 16638 I art     : Explicit concurrent mark sweep GC freed 3(96B) AllocSpace objects, 0(0B) LOS objects, 25% free, 47MB/63MB, paused 1.445ms total 59.274ms
08-06 06:18:36.438   918  3261 D WifiStateMachine: starting scan for "H369AA63323"WPA_PSK with 2412,5180
08-06 06:18:36.471 15430 16638 I art     : Starting a blocking GC Explicit
08-06 06:18:36.534 15430 16638 I art     : Explicit concurrent mark sweep GC freed 1392(81KB) AllocSpace objects, 1(20KB) LOS objects, 25% free, 47MB/63MB, paused 1.378ms total 63.055ms
08-06 06:18:36.553 15430 16638 I art     : Starting a blocking GC Explicit
08-06 06:18:36.613 15430 16638 I art     : Explicit concurrent mark sweep GC freed 60(1792B) AllocSpace objects, 0(0B) LOS objects, 25% free, 47MB/63MB, paused 1.517ms total 60.618ms
08-06 06:18:36.631 15430 16638 I art     : Starting a blocking GC Explicit
08-06 06:18:36.692 15430 16638 I art     : Explicit concurrent mark sweep GC freed 4(128B) AllocSpace objects, 0(0B) LOS objects, 25% free, 47MB/63MB, paused 1.481ms total 60.610ms
08-06 06:18:36.709 15430 16638 I art     : Starting a blocking GC Explicit
08-06 06:18:36.775 15430 16638 I art     : Explicit concurrent mark sweep GC freed 3(96B) AllocSpace objects, 0(0B) LOS objects, 25% free, 47MB/63MB, paused 1.406ms total 65.987ms
08-06 06:18:36.792 15430 16638 I art     : Starting a blocking GC Explicit
08-06 06:18:36.857 15430 16638 I art     : Explicit concurrent mark sweep GC freed 3(96B) AllocSpace objects, 0(0B) LOS objects, 25% free, 47MB/63MB, paused 1.558ms total 64.548ms
08-06 06:18:37.207 15430 15447 I art     : Starting a blocking GC Explicit
08-06 06:18:37.295 15430 15447 I art     : Explicit concurrent mark sweep GC freed 1373(82KB) AllocSpace objects, 1(20KB) LOS objects, 25% free, 47MB/63MB, paused 1.501ms total 88.186ms
08-06 06:18:37.317 15430 15447 I art     : Starting a blocking GC Explicit
08-06 06:18:37.382 15430 15447 I art     : Explicit concurrent mark sweep GC freed 23(752B) AllocSpace objects, 0(0B) LOS objects, 25% free, 47MB/63MB, paused 1.682ms total 64.579ms
08-06 06:18:37.400 15430 15447 I art     : Starting a blocking GC Explicit
08-06 06:18:37.464 15430 15447 I art     : Explicit concurrent mark sweep GC freed 3(96B) AllocSpace objects, 0(0B) LOS objects, 25% free, 47MB/63MB, paused 1.524ms total 64.441ms
08-06 06:18:37.465 15430 15445 I art     : WaitForGcToComplete blocked for 64.852ms for cause HeapTrim
08-06 06:18:37.482 15430 15447 I art     : Starting a blocking GC Explicit
08-06 06:18:37.552 15430 15447 I art     : Explicit concurrent mark sweep GC freed 3(96B) AllocSpace objects, 0(0B) LOS objects, 25% free, 47MB/63MB, paused 1.531ms total 69.862ms
08-06 06:18:37.572 15430 15447 I art     : Starting a blocking GC Explicit
08-06 06:18:37.638 15430 15447 I art     : Explicit concurrent mark sweep GC freed 32(880B) AllocSpace objects, 0(0B) LOS objects, 25% free, 47MB/63MB, paused 1.617ms total 65.651ms
08-06 06:18:37.975 13866 13882 I PeriodicStatsRunner: PeriodicStatsRunner.call():175 call()
08-06 06:18:37.976 13866 13882 I PeriodicStatsRunner: PeriodicStatsRunner.call():179 No submit PeriodicStats since input started.
08-06 06:18:37.987 15430 15446 I art     : Starting a blocking GC Explicit
08-06 06:18:38.057 15430 15446 I art     : Explicit concurrent mark sweep GC freed 1373(81KB) AllocSpace objects, 1(20KB) LOS objects, 25% free, 47MB/63MB, paused 1.396ms total 68.849ms
08-06 06:18:38.074 15430 15446 I art     : Starting a blocking GC Explicit
08-06 06:18:38.140 15430 15446 I art     : Explicit concurrent mark sweep GC freed 23(752B) AllocSpace objects, 0(0B) LOS objects, 25% free, 47MB/63MB, paused 1.548ms total 66.140ms
08-06 06:18:38.158 15430 15446 I art     : Starting a blocking GC Explicit
08-06 06:18:38.220 15430 15446 I art     : Explicit concurrent mark sweep GC freed 3(96B) AllocSpace objects, 0(0B) LOS objects, 25% free, 47MB/63MB, paused 1.399ms total 62.641ms
08-06 06:18:38.238 15430 15446 I art     : Starting a blocking GC Explicit
08-06 06:18:38.306 15430 15446 I art     : Explicit concurrent mark sweep GC freed 3(96B) AllocSpace objects, 0(0B) LOS objects, 25% free, 47MB/63MB, paused 1.505ms total 67.340ms
08-06 06:18:38.326 15430 15446 I art     : Starting a blocking GC Explicit
08-06 06:18:38.375 15430 15446 I art     : Explicit concurrent mark sweep GC freed 3(96B) AllocSpace objects, 0(0B) LOS objects, 25% free, 47MB/63MB, paused 1.284ms total 48.829ms
08-06 06:18:38.691 15430 16638 I art     : Starting a blocking GC Explicit
08-06 06:18:38.765 15430 16638 I art     : Explicit concurrent mark sweep GC freed 2104(107KB) AllocSpace objects, 1(20KB) LOS objects, 25% free, 47MB/63MB, paused 1.443ms total 73.303ms
08-06 06:18:38.786 15430 16638 I art     : Starting a blocking GC Explicit
08-06 06:18:38.850 15430 16638 I art     : Explicit concurrent mark sweep GC freed 27(912B) AllocSpace objects, 0(0B) LOS objects, 25% free, 47MB/63MB, paused 1.548ms total 64.057ms
08-06 06:18:38.868 15430 16638 I art     : Starting a blocking GC Explicit
08-06 06:18:38.928 15430 16638 I art     : Explicit concurrent mark sweep GC freed 3(96B) AllocSpace objects, 0(0B) LOS objects, 25% free, 47MB/63MB, paused 1.582ms total 59.821ms
08-06 06:18:38.945 15430 16638 I art     : Starting a blocking GC Explicit
08-06 06:18:38.982   518   646 I ThermalEngine: ACTION: GPU - Setting GPU[0] to 510000000
08-06 06:18:39.000 15430 16638 I art     : Explicit concurrent mark sweep GC freed 3(96B) AllocSpace objects, 0(0B) LOS objects, 25% free, 47MB/63MB, paused 1.481ms total 54.745ms
08-06 06:18:39.016 15430 16638 I art     : Starting a blocking GC Explicit
08-06 06:18:39.063 15430 16638 I art     : Explicit concurrent mark sweep GC freed 3(96B) AllocSpace objects, 0(0B) LOS objects, 25% free, 47MB/63MB, paused 1.092ms total 45.891ms
08-06 06:18:39.359 18199 18199 D AndroidRuntime: >>>>>> START com.android.internal.os.RuntimeInit uid 2000 <<<<<<
08-06 06:18:39.364 18199 18199 D AndroidRuntime: CheckJNI is OFF
08-06 06:18:39.390 15430 15447 I art     : Starting a blocking GC Explicit
08-06 06:18:39.400 18199 18199 D ICU     : No timezone override file found: /data/misc/zoneinfo/current/icu/icu_tzdata.dat
08-06 06:18:39.433 18199 18199 I Radio-JNI: register_android_hardware_Radio DONE
08-06 06:18:39.437 15430 15447 I art     : Explicit concurrent mark sweep GC freed 2261(112KB) AllocSpace objects, 1(20KB) LOS objects, 25% free, 47MB/63MB, paused 1.248ms total 46.913ms
08-06 06:18:39.450 15430 15447 I art     : Starting a blocking GC Explicit
08-06 06:18:39.455 18199 18199 D AndroidRuntime: Calling main entry com.android.commands.input.Input
08-06 06:18:39.458 18199 18199 I Input   : injectKeyEvent: KeyEvent { action=ACTION_DOWN, keyCode=KEYCODE_BACK, scanCode=0, metaState=0, flags=0x0, repeatCount=0, eventTime=857935871, downTime=857935871, deviceId=-1, source=0x101 }
08-06 06:18:39.464 18199 18199 I Input   : injectKeyEvent: KeyEvent { action=ACTION_UP, keyCode=KEYCODE_BACK, scanCode=0, metaState=0, flags=0x0, repeatCount=0, eventTime=857935871, downTime=857935871, deviceId=-1, source=0x101 }
08-06 06:18:39.474 18199 18199 D AndroidRuntime: Shutting down VM
08-06 06:18:39.476 15430 15430 V PlaybackController: initServiceNotRunning()
08-06 06:18:39.476 15430 15430 D ExternalPlayerFragment: Loading media info
08-06 06:18:39.479 15430 15430 D ItemlistFragment: onEventMainThread() called with: event = [DownloadEvent{update=DownloaderUpdate{downloaders=[], feedIds=[], mediaIds=[]}}]
08-06 06:18:39.480 15430 16366 D ApOkHttpUrlLoader: buildLoadData() called with: model = [http://static.libsyn.com/p/assets/7/1/f/3/71f3014e14ef2722/JREiTunesImage2.jpg], width = [1440], height = [462]
08-06 06:18:39.483 15430 15430 D UserPreferences: Using default data folder
08-06 06:18:39.484 15430 15962 D DBReader: getNavDrawerData() called with: 
08-06 06:18:39.484 15430 15963 D DBReader: getFeed() called with: feedId = [2]
08-06 06:18:39.486 15430 15963 D DBReader: getFeedItemList() called with: feed = [baseline.de.danoeh.antennapod.core.feed.Feed@2]
08-06 06:18:39.499 15430 15447 I art     : Explicit concurrent mark sweep GC freed 685(44KB) AllocSpace objects, 0(0B) LOS objects, 24% free, 49MB/65MB, paused 1.522ms total 48.540ms
08-06 06:18:39.501 15430 15430 D FeedMenuHandler: Preparing options menu
08-06 06:18:39.511 15430 15447 I art     : Starting a blocking GC Explicit
08-06 06:18:39.514 15430 15962 D DBReader: getDownloadedItems() called
08-06 06:18:39.515 15430 15962 D DBReader: getFavoriteIDList() called
08-06 06:18:39.515 15430 15962 D DBReader: getQueueIDList() called
08-06 06:18:39.516 15430 15962 D DBReader: Extracting Feedlist
08-06 06:18:39.559 15430 15447 I art     : Explicit concurrent mark sweep GC freed 2585(90KB) AllocSpace objects, 0(0B) LOS objects, 23% free, 51MB/67MB, paused 1.678ms total 47.334ms
08-06 06:18:39.565 15430 15430 D MainActivity: getLastNavFragment() -> 2
08-06 06:18:39.567 15430 15963 W PodDBAdapter: Length of id array is larger than 800. Creating multiple cursors
08-06 06:18:39.571 13866 13866 I GoogleInputMethodServic: GoogleInputMethodService.onFinishInput():3138 
08-06 06:18:39.572 13866 13866 I GoogleInputMethodServic: GoogleInputMethodService.onStartInput():1808 
08-06 06:18:39.572 15430 15447 I art     : Starting a blocking GC Explicit
08-06 06:18:39.619 15430 15447 I art     : Explicit concurrent mark sweep GC freed 3125(232KB) AllocSpace objects, 1(16KB) LOS objects, 23% free, 51MB/67MB, paused 1.315ms total 46.553ms
08-06 06:18:39.632 15430 15447 I art     : Starting a blocking GC Explicit
08-06 06:18:39.635 15430 15963 D DBReader: getFavoriteIDList() called
08-06 06:18:39.636 15430 15963 D DBReader: getQueueIDList() called
08-06 06:18:39.637 15430 15963 D DBReader: Extracting Feedlist
08-06 06:18:39.641 15430 16366 D ApOkHttpUrlLoader: buildLoadData() called with: model = [http://static.libsyn.com/p/assets/7/1/f/3/71f3014e14ef2722/JREiTunesImage2.jpg], width = [1440], height = [462]
08-06 06:18:39.658 15430 15430 D FeedMenuHandler: Preparing options menu
08-06 06:18:39.679 15430 15447 I art     : Explicit concurrent mark sweep GC freed 35108(2MB) AllocSpace objects, 1(16KB) LOS objects, 23% free, 52MB/68MB, paused 1.201ms total 46.387ms
08-06 06:18:39.817 13866 13882 I PeriodicStatsRunner: PeriodicStatsRunner.call():175 call()
08-06 06:18:39.821 13866 13882 I PeriodicStatsRunner: PeriodicStatsRunner.call():179 No submit PeriodicStats since input started.
08-06 06:18:39.834   380   380 W SurfaceFlinger: couldn't log to binary event log: overflow.
08-06 06:18:39.947 15430 15511 I art     : Starting a blocking GC Explicit
08-06 06:18:39.990 15430 15511 I art     : Explicit concurrent mark sweep GC freed 2707(155KB) AllocSpace objects, 1(20KB) LOS objects, 23% free, 52MB/68MB, paused 1.055ms total 43.057ms
08-06 06:18:40.002 15430 15511 I art     : Starting a blocking GC Explicit
08-06 06:18:40.038 15430 15511 I art     : Explicit concurrent mark sweep GC freed 30017(2MB) AllocSpace objects, 3(84KB) LOS objects, 24% free, 50MB/66MB, paused 1.050ms total 35.877ms
08-06 06:18:40.049 15430 15511 I art     : Starting a blocking GC Explicit
08-06 06:18:40.083 15430 15511 I art     : Explicit concurrent mark sweep GC freed 3(96B) AllocSpace objects, 0(0B) LOS objects, 24% free, 50MB/66MB, paused 1.057ms total 34.402ms
08-06 06:18:40.094 15430 15511 I art     : Starting a blocking GC Explicit
08-06 06:18:40.128 15430 15511 I art     : Explicit concurrent mark sweep GC freed 3(96B) AllocSpace objects, 0(0B) LOS objects, 24% free, 50MB/66MB, paused 1.081ms total 34.357ms
08-06 06:18:40.139 15430 15511 I art     : Starting a blocking GC Explicit
08-06 06:18:40.173 15430 15511 I art     : Explicit concurrent mark sweep GC freed 3(96B) AllocSpace objects, 0(0B) LOS objects, 24% free, 50MB/66MB, paused 1.035ms total 34.438ms
08-06 06:18:40.482 15430 16638 I art     : Starting a blocking GC Explicit
08-06 06:18:40.529 15430 16638 I art     : Explicit concurrent mark sweep GC freed 1374(81KB) AllocSpace objects, 1(20KB) LOS objects, 24% free, 50MB/66MB, paused 1.140ms total 47.070ms
08-06 06:18:40.541 15430 16638 I art     : Starting a blocking GC Explicit
08-06 06:18:40.580 15430 16638 I art     : Explicit concurrent mark sweep GC freed 23(752B) AllocSpace objects, 0(0B) LOS objects, 24% free, 50MB/66MB, paused 1.099ms total 38.553ms
08-06 06:18:40.591 15430 16638 I art     : Starting a blocking GC Explicit
08-06 06:18:40.631 15430 16638 I art     : Explicit concurrent mark sweep GC freed 32(880B) AllocSpace objects, 0(0B) LOS objects, 24% free, 50MB/66MB, paused 1.113ms total 39.634ms
08-06 06:18:40.643 15430 16638 I art     : Starting a blocking GC Explicit
08-06 06:18:40.683 15430 16638 I art     : Explicit concurrent mark sweep GC freed 3(96B) AllocSpace objects, 0(0B) LOS objects, 24% free, 50MB/66MB, paused 1.112ms total 40.128ms
08-06 06:18:40.695 15430 16638 I art     : Starting a blocking GC Explicit
08-06 06:18:40.734 15430 16638 I art     : Explicit concurrent mark sweep GC freed 3(96B) AllocSpace objects, 0(0B) LOS objects, 24% free, 50MB/66MB, paused 1.166ms total 38.836ms
08-06 06:18:41.041 15430 15447 I art     : Starting a blocking GC Explicit
08-06 06:18:41.083 15430 15447 I art     : Explicit concurrent mark sweep GC freed 1373(82KB) AllocSpace objects, 1(20KB) LOS objects, 24% free, 50MB/66MB, paused 1.152ms total 41.804ms
08-06 06:18:41.095 15430 15447 I art     : Starting a blocking GC Explicit
08-06 06:18:41.123 18258 18258 D AndroidRuntime: >>>>>> START com.android.internal.os.RuntimeInit uid 2000 <<<<<<
08-06 06:18:41.128 18258 18258 D AndroidRuntime: CheckJNI is OFF
08-06 06:18:41.132 15430 15447 I art     : Explicit concurrent mark sweep GC freed 24(784B) AllocSpace objects, 0(0B) LOS objects, 24% free, 50MB/66MB, paused 1.135ms total 36.990ms
08-06 06:18:41.145 15430 15447 I art     : Starting a blocking GC Explicit
08-06 06:18:41.166 18258 18258 D ICU     : No timezone override file found: /data/misc/zoneinfo/current/icu/icu_tzdata.dat
08-06 06:18:41.183 15430 15447 I art     : Explicit concurrent mark sweep GC freed 9(288B) AllocSpace objects, 0(0B) LOS objects, 24% free, 50MB/66MB, paused 1.127ms total 37.313ms
08-06 06:18:41.193 15430 15447 I art     : Starting a blocking GC Explicit
08-06 06:18:41.200 18258 18258 I Radio-JNI: register_android_hardware_Radio DONE
08-06 06:18:41.221 18258 18258 D AndroidRuntime: Calling main entry com.android.commands.input.Input
08-06 06:18:41.223 18258 18258 I Input   : injectMotionEvent: MotionEvent { action=ACTION_DOWN, actionButton=0, id[0]=0, x[0]=733.0, y[0]=896.0, toolType[0]=TOOL_TYPE_UNKNOWN, buttonState=0, metaState=0, flags=0x0, edgeFlags=0x0, pointerCount=1, historySize=0, eventTime=857937635, downTime=857937635, deviceId=0, source=0x1002 }
08-06 06:18:41.227 15430 15447 I art     : Explicit concurrent mark sweep GC freed 9(288B) AllocSpace objects, 0(0B) LOS objects, 24% free, 50MB/66MB, paused 1.021ms total 33.582ms
08-06 06:18:41.231 18258 18258 I Input   : injectMotionEvent: MotionEvent { action=ACTION_UP, actionButton=0, id[0]=0, x[0]=733.0, y[0]=896.0, toolType[0]=TOOL_TYPE_UNKNOWN, buttonState=0, metaState=0, flags=0x0, edgeFlags=0x0, pointerCount=1, historySize=0, eventTime=857937635, downTime=857937635, deviceId=0, source=0x1002 }
08-06 06:18:41.232 18258 18258 D AndroidRuntime: Shutting down VM
08-06 06:18:41.238 15430 15447 I art     : Starting a blocking GC Explicit
08-06 06:18:41.273 15430 15447 I art     : Explicit concurrent mark sweep GC freed 31(992B) AllocSpace objects, 0(0B) LOS objects, 24% free, 50MB/66MB, paused 1.004ms total 34.935ms
08-06 06:18:41.305   512  2967 D audio_hw_primary: out_set_parameters: enter: usecase(1: low-latency-playback) kvpairs: routing=2
08-06 06:18:41.318   512  2967 D audio_hw_primary: select_devices: out_snd_device(2: speaker) in_snd_device(0: none)
08-06 06:18:41.318   512  2967 D msm8974_platform: platform_send_audio_calibration: sending audio calibration for snd_device(2) acdb_id(15)
08-06 06:18:41.318   512  2967 I soundtrigger: audio_extn_sound_trigger_update_device_status: device 0x2 of type 0 for Event 1
08-06 06:18:41.329   512  2967 D audio_hw_primary: enable_snd_device: snd_device(2: speaker)
08-06 06:18:41.331   512  2967 D audio_hw_primary: enable_audio_route: apply and update mixer path: low-latency-playback speaker
08-06 06:18:41.334 15430 15430 I WebViewFactory: Loading com.google.android.webview version 84.0.4147.89 (code 414708953)
08-06 06:18:41.405 15430 15430 I cr_LibraryLoader: Loaded native library version number "84.0.4147.89"
08-06 06:18:41.406 15430 15430 I cr_CachingUmaRecorder: Flushed 5 samples from 5 histograms.
08-06 06:18:41.436 15430 15430 E chromium: [ERROR:filesystem_posix.cc(62)] mkdir /data/user/0/baseline.de.danoeh.antennapod.debug/cache/WebView/Crashpad: No such file or directory (2)
08-06 06:18:41.535   918  3961 D ConnectivityService: listenForNetwork for Listen from uid/pid:10711/15430 for NetworkRequest [ id=3896, legacyType=-1, [ Capabilities: INTERNET&NOT_RESTRICTED&TRUSTED] ]
08-06 06:18:41.574 15430 15454 D DBReader: getFeedItem() called with: itemId = [2]
08-06 06:18:41.574 15430 15454 D DBReader: Loading feeditem with id 2
08-06 06:18:41.574 15430 15447 I art     : Starting a blocking GC Explicit
08-06 06:18:41.575 15430 15430 D ItemFragment: onEventMainThread() called with: event = [DownloadEvent{update=DownloaderUpdate{downloaders=[], feedIds=[], mediaIds=[]}}]
08-06 06:18:41.579 13866 13866 I GoogleInputMethodServic: GoogleInputMethodService.onFinishInput():3138 
08-06 06:18:41.580 13866 13866 I GoogleInputMethodServic: GoogleInputMethodService.onStartInput():1808 
08-06 06:18:41.582 15430 15454 D DBReader: getFavoriteIDList() called
08-06 06:18:41.582 15430 15454 D DBReader: getQueueIDList() called
08-06 06:18:41.583 15430 15454 D DBReader: Extracting Feedlist
08-06 06:18:41.587 15430 15430 E libEGL  : validate_display:255 error 3008 (EGL_BAD_DISPLAY)
08-06 06:18:41.589 15430 15454 D DBReader: loadExtraInformationOfFeedItem() called with: item = [FeedItem[autoDownload=1,chapters=<null>,contentEncoded=<null>,description=<null>,feed=baseline.de.danoeh.antennapod.core.feed.Feed@fbcfb57,feedId=2,flattrStatus=baseline.de.danoeh.antennapod.core.util.flattr.FlattrStatus@455b644,hasChapters=false,imageUrl=http://static.libsyn.com/p/assets/2/7/8/6/278615fe73b1f0ca/JRE1514.jpg,itemIdentifier=a0870b6b-c887-4883-930c-a06d5e1a8f7e,link=http://traffic.libsyn.com/joeroganexp/p1514.mp3,media=baseline.de.danoeh.antennapod.core.feed.FeedMedia@29f832d,paymentLink=<null>,pubDate=Fri Jul 24 21:00:00 GMT+02:00 2020,state=-1,tags=[],title=#1514 - Joe De Sena,id=2]]
08-06 06:18:41.618 15430 15447 I art     : Explicit concurrent mark sweep GC freed 12136(993KB) AllocSpace objects, 4(128KB) LOS objects, 23% free, 51MB/67MB, paused 1.670ms total 43.304ms
08-06 06:18:41.629 15430 15447 I art     : Starting a blocking GC Explicit
08-06 06:18:41.644   918   935 D BluetoothManagerService: Added callback: android.bluetooth.IBluetoothManagerCallback$Stub$Proxy@1294510:true
08-06 06:18:41.651 15430 16366 D ApOkHttpUrlLoader: buildLoadData() called with: model = [http://static.libsyn.com/p/assets/2/7/8/6/278615fe73b1f0ca/JRE1514.jpg], width = [175], height = [175]
08-06 06:18:41.654 15430 16180 D DBReader: getImageAuthentication() called with: imageUrl = [http://static.libsyn.com/p/assets/2/7/8/6/278615fe73b1f0ca/JRE1514.jpg]
08-06 06:18:41.657 15430 16180 D ApOkHttpUrlLoader: no credentials for 'http://static.libsyn.com/p/assets/2/7/8/6/278615fe73b1f0ca/JRE1514.jpg'
08-06 06:18:41.683 15430 15447 I art     : Explicit concurrent mark sweep GC freed 1798(126KB) AllocSpace objects, 3(84KB) LOS objects, 23% free, 51MB/67MB, paused 1.921ms total 53.070ms
08-06 06:18:41.694 15430 15447 I art     : Starting a blocking GC Explicit
08-06 06:18:41.725 15430 16180 D MYTAG   : interceptor 2a
08-06 06:18:41.725 15430 16180 I NAPPA_EXPERIMENTATION: MetricNetworkRequestExecutionTime: REQUEST_DURATION_SYSTEM='68',REQUEST_DURATION_OKHTTP='66',REQUEST_SYNCHRONOUS='TRUE',RESPONSE_CODE='200',RESPONSE_METHOD='GET',RESPONSE_LENGTH_OKHTTP='364960',RESPONSE_LENGTH_HEADER='364960',REQUEST_PROTOCOL='http/1.1',REQUEST_URL='http://static.libsyn.com/p/assets/2/7/8/6/278615fe73b1f0ca/JRE1514.jpg',
08-06 06:18:41.734 15430 15447 I art     : Explicit concurrent mark sweep GC freed 1350(95KB) AllocSpace objects, 1(28KB) LOS objects, 23% free, 51MB/67MB, paused 2.108ms total 39.656ms
08-06 06:18:41.747 15430 15447 I art     : Starting a blocking GC Explicit
08-06 06:18:41.784 15430 15447 I art     : Explicit concurrent mark sweep GC freed 164(17KB) AllocSpace objects, 0(0B) LOS objects, 23% free, 51MB/67MB, paused 1.278ms total 36.591ms
08-06 06:18:41.796 15430 15447 I art     : Starting a blocking GC Explicit
08-06 06:18:41.837 15430 15447 I art     : Explicit concurrent mark sweep GC freed 16(832B) AllocSpace objects, 0(0B) LOS objects, 23% free, 51MB/67MB, paused 1.095ms total 40.741ms
08-06 06:18:41.869   512  2967 D audio_hw_primary: disable_audio_route: reset and update mixer path: low-latency-playback speaker
08-06 06:18:41.870   512  2967 D audio_hw_primary: disable_snd_device: snd_device(2: speaker)
08-06 06:18:41.878   512  2967 I soundtrigger: audio_extn_sound_trigger_update_device_status: device 0x2 of type 0 for Event 0
08-06 06:18:41.991   518   646 I ThermalEngine: ACTION: GPU - Setting GPU[0] to 450000000
08-06 06:18:42.180 15430 15447 I art     : Starting a blocking GC Explicit
08-06 06:18:42.238 15430 15447 I art     : Explicit concurrent mark sweep GC freed 1635(103KB) AllocSpace objects, 1(20KB) LOS objects, 23% free, 51MB/67MB, paused 1.528ms total 57.226ms
08-06 06:18:42.255 15430 15447 I art     : Starting a blocking GC Explicit
08-06 06:18:42.309 15430 15447 I art     : Explicit concurrent mark sweep GC freed 52(1648B) AllocSpace objects, 0(0B) LOS objects, 23% free, 51MB/67MB, paused 1.514ms total 53.690ms
08-06 06:18:42.324 15430 15447 I art     : Starting a blocking GC Explicit
08-06 06:18:42.375 15430 15447 I art     : Explicit concurrent mark sweep GC freed 11(352B) AllocSpace objects, 0(0B) LOS objects, 23% free, 51MB/67MB, paused 1.433ms total 50.543ms
08-06 06:18:42.392 15430 15447 I art     : Starting a blocking GC Explicit
08-06 06:18:42.441 15430 15447 I art     : Explicit concurrent mark sweep GC freed 11(352B) AllocSpace objects, 0(0B) LOS objects, 23% free, 51MB/67MB, paused 1.423ms total 48.395ms
08-06 06:18:42.455 15430 15447 I art     : Starting a blocking GC Explicit
08-06 06:18:42.506 15430 15447 I art     : Explicit concurrent mark sweep GC freed 11(352B) AllocSpace objects, 0(0B) LOS objects, 23% free, 51MB/67MB, paused 1.488ms total 51.111ms
08-06 06:18:42.878 15430 15447 I art     : Starting a blocking GC Explicit
08-06 06:18:42.939 15430 15447 I art     : Explicit concurrent mark sweep GC freed 1463(83KB) AllocSpace objects, 1(20KB) LOS objects, 23% free, 51MB/67MB, paused 2.017ms total 60.552ms
08-06 06:18:42.958 15430 15447 I art     : Starting a blocking GC Explicit
08-06 06:18:43.015 15430 15447 I art     : Explicit concurrent mark sweep GC freed 33(1072B) AllocSpace objects, 0(0B) LOS objects, 23% free, 51MB/67MB, paused 1.505ms total 56.154ms
08-06 06:18:43.031 15430 15447 I art     : Starting a blocking GC Explicit
08-06 06:18:43.087 15430 15447 I art     : Explicit concurrent mark sweep GC freed 11(352B) AllocSpace objects, 0(0B) LOS objects, 23% free, 51MB/67MB, paused 1.663ms total 54.779ms
08-06 06:18:43.102 15430 15447 I art     : Starting a blocking GC Explicit
08-06 06:18:43.156 15430 15447 I art     : Explicit concurrent mark sweep GC freed 11(352B) AllocSpace objects, 0(0B) LOS objects, 23% free, 51MB/67MB, paused 1.596ms total 53.401ms
08-06 06:18:43.173 15430 15447 I art     : Starting a blocking GC Explicit
08-06 06:18:43.228 15430 15447 I art     : Explicit concurrent mark sweep GC freed 18(576B) AllocSpace objects, 0(0B) LOS objects, 23% free, 51MB/67MB, paused 1.803ms total 54.805ms
08-06 06:18:43.619 15430 15446 I art     : Starting a blocking GC Explicit
08-06 06:18:43.680 15430 15446 I art     : Explicit concurrent mark sweep GC freed 1462(83KB) AllocSpace objects, 1(20KB) LOS objects, 23% free, 51MB/67MB, paused 1.739ms total 60.489ms
08-06 06:18:43.696 15430 15446 I art     : Starting a blocking GC Explicit
08-06 06:18:43.755 15430 15446 I art     : Explicit concurrent mark sweep GC freed 23(752B) AllocSpace objects, 0(0B) LOS objects, 23% free, 51MB/67MB, paused 1.541ms total 58.605ms
08-06 06:18:43.771 15430 15446 I art     : Starting a blocking GC Explicit
08-06 06:18:43.830 15430 15446 I art     : Explicit concurrent mark sweep GC freed 3(96B) AllocSpace objects, 0(0B) LOS objects, 23% free, 51MB/67MB, paused 1.787ms total 59.545ms
08-06 06:18:43.849 15430 15446 I art     : Starting a blocking GC Explicit
08-06 06:18:43.907 15430 15446 I art     : Explicit concurrent mark sweep GC freed 3(96B) AllocSpace objects, 0(0B) LOS objects, 23% free, 51MB/67MB, paused 1.684ms total 57.188ms
08-06 06:18:43.922 15430 15446 I art     : Starting a blocking GC Explicit
08-06 06:18:43.983 15430 15446 I art     : Explicit concurrent mark sweep GC freed 3(96B) AllocSpace objects, 0(0B) LOS objects, 23% free, 51MB/67MB, paused 1.761ms total 60.170ms
08-06 06:18:44.388 15430 15447 I art     : Starting a blocking GC Explicit
08-06 06:18:44.459 15430 15447 I art     : Explicit concurrent mark sweep GC freed 1382(82KB) AllocSpace objects, 1(20KB) LOS objects, 23% free, 51MB/67MB, paused 1.948ms total 70.325ms
08-06 06:18:44.478 15430 15447 I art     : Starting a blocking GC Explicit
08-06 06:18:44.532 15430 15447 I art     : Explicit concurrent mark sweep GC freed 23(752B) AllocSpace objects, 0(0B) LOS objects, 23% free, 51MB/67MB, paused 1.521ms total 53.856ms
08-06 06:18:44.548 15430 15447 I art     : Starting a blocking GC Explicit
08-06 06:18:44.572 13866 13882 I PeriodicStatsRunner: PeriodicStatsRunner.call():175 call()
08-06 06:18:44.573 13866 13882 I PeriodicStatsRunner: PeriodicStatsRunner.call():179 No submit PeriodicStats since input started.
08-06 06:18:44.608 15430 15447 I art     : Explicit concurrent mark sweep GC freed 32(880B) AllocSpace objects, 0(0B) LOS objects, 23% free, 51MB/67MB, paused 1.773ms total 59.422ms
08-06 06:18:44.624 15430 15447 I art     : Starting a blocking GC Explicit
08-06 06:18:44.682 15430 15447 I art     : Explicit concurrent mark sweep GC freed 3(96B) AllocSpace objects, 0(0B) LOS objects, 23% free, 51MB/67MB, paused 1.774ms total 57.740ms
08-06 06:18:44.701 15430 15447 I art     : Starting a blocking GC Explicit
08-06 06:18:44.742  9013  9013 I ServiceManager: Waiting for service AtCmdFwd...
08-06 06:18:44.761 15430 15447 I art     : Explicit concurrent mark sweep GC freed 3(96B) AllocSpace objects, 0(0B) LOS objects, 23% free, 51MB/67MB, paused 1.692ms total 59.675ms
08-06 06:18:45.167 15430 15511 I art     : Starting a blocking GC Explicit
08-06 06:18:45.243 15430 15511 I art     : Explicit concurrent mark sweep GC freed 1382(81KB) AllocSpace objects, 1(20KB) LOS objects, 23% free, 51MB/67MB, paused 1.785ms total 75.238ms
08-06 06:18:45.261 15430 15511 I art     : Starting a blocking GC Explicit
08-06 06:18:45.319 15430 15511 I art     : Explicit concurrent mark sweep GC freed 23(752B) AllocSpace objects, 0(0B) LOS objects, 23% free, 51MB/67MB, paused 1.732ms total 57.997ms
08-06 06:18:45.335 15430 15511 I art     : Starting a blocking GC Explicit
08-06 06:18:45.396 15430 15511 I art     : Explicit concurrent mark sweep GC freed 3(96B) AllocSpace objects, 0(0B) LOS objects, 23% free, 51MB/67MB, paused 1.683ms total 60.986ms
08-06 06:18:45.414 15430 15511 I art     : Starting a blocking GC Explicit
08-06 06:18:45.472 15430 15511 I art     : Explicit concurrent mark sweep GC freed 3(96B) AllocSpace objects, 0(0B) LOS objects, 23% free, 51MB/67MB, paused 1.567ms total 57.807ms
08-06 06:18:45.487 15430 15511 I art     : Starting a blocking GC Explicit
08-06 06:18:45.537 15430 15511 I art     : Explicit concurrent mark sweep GC freed 3(96B) AllocSpace objects, 0(0B) LOS objects, 23% free, 51MB/67MB, paused 1.700ms total 49.765ms
08-06 06:18:45.743  9013  9013 I ServiceManager: Waiting for service AtCmdFwd...
08-06 06:18:45.913 15430 16638 I art     : Starting a blocking GC Explicit
08-06 06:18:45.969 15430 16638 I art     : Explicit concurrent mark sweep GC freed 1411(83KB) AllocSpace objects, 1(20KB) LOS objects, 23% free, 51MB/67MB, paused 1.606ms total 55.742ms
08-06 06:18:45.984 15430 16638 I art     : Starting a blocking GC Explicit
08-06 06:18:46.020 18379 18379 D AndroidRuntime: >>>>>> START com.android.internal.os.RuntimeInit uid 2000 <<<<<<
08-06 06:18:46.025 18379 18379 D AndroidRuntime: CheckJNI is OFF
08-06 06:18:46.031 15430 16638 I art     : Explicit concurrent mark sweep GC freed 23(752B) AllocSpace objects, 0(0B) LOS objects, 23% free, 51MB/67MB, paused 1.576ms total 46.759ms
08-06 06:18:46.046 15430 16638 I art     : Starting a blocking GC Explicit
08-06 06:18:46.070 18379 18379 D ICU     : No timezone override file found: /data/misc/zoneinfo/current/icu/icu_tzdata.dat
08-06 06:18:46.098 15430 16638 I art     : Explicit concurrent mark sweep GC freed 3(96B) AllocSpace objects, 0(0B) LOS objects, 23% free, 51MB/67MB, paused 1.797ms total 52.306ms
08-06 06:18:46.113 15430 16638 I art     : Starting a blocking GC Explicit
08-06 06:18:46.117 18379 18379 I Radio-JNI: register_android_hardware_Radio DONE
08-06 06:18:46.147 18379 18379 D AndroidRuntime: Calling main entry com.android.commands.input.Input
08-06 06:18:46.148 18379 18379 I Input   : injectKeyEvent: KeyEvent { action=ACTION_DOWN, keyCode=KEYCODE_BACK, scanCode=0, metaState=0, flags=0x0, repeatCount=0, eventTime=857942561, downTime=857942561, deviceId=-1, source=0x101 }
08-06 06:18:46.154 18379 18379 I Input   : injectKeyEvent: KeyEvent { action=ACTION_UP, keyCode=KEYCODE_BACK, scanCode=0, metaState=0, flags=0x0, repeatCount=0, eventTime=857942561, downTime=857942561, deviceId=-1, source=0x101 }
08-06 06:18:46.164 15430 16638 I art     : Explicit concurrent mark sweep GC freed 42(1680B) AllocSpace objects, 0(0B) LOS objects, 23% free, 51MB/67MB, paused 1.849ms total 50.359ms
08-06 06:18:46.177 15430 15430 D ItemlistFragment: onEventMainThread() called with: event = [DownloadEvent{update=DownloaderUpdate{downloaders=[], feedIds=[], mediaIds=[]}}]
08-06 06:18:46.179 15430 15962 D DBReader: getFeed() called with: feedId = [2]
08-06 06:18:46.179 15430 16638 I art     : Starting a blocking GC Explicit
08-06 06:18:46.179 18379 18379 D AndroidRuntime: Shutting down VM
08-06 06:18:46.181 15430 15962 D DBReader: getFeedItemList() called with: feed = [baseline.de.danoeh.antennapod.core.feed.Feed@2]
08-06 06:18:46.181   918  3263 D ConnectivityService: releasing NetworkRequest NetworkRequest [ id=3896, legacyType=-1, [ Capabilities: INTERNET&NOT_RESTRICTED&TRUSTED] ]
08-06 06:18:46.207 15430 15430 D FeedMenuHandler: Preparing options menu
08-06 06:18:46.235 15430 16638 I art     : Explicit concurrent mark sweep GC freed 3112(137KB) AllocSpace objects, 0(0B) LOS objects, 23% free, 52MB/68MB, paused 2.779ms total 56.411ms
08-06 06:18:46.271 15430 16366 D ApOkHttpUrlLoader: buildLoadData() called with: model = [http://static.libsyn.com/p/assets/7/1/f/3/71f3014e14ef2722/JREiTunesImage2.jpg], width = [1440], height = [462]
08-06 06:18:46.292 13866 13866 I GoogleInputMethodServic: GoogleInputMethodService.onFinishInput():3138 
08-06 06:18:46.293 13866 13866 I GoogleInputMethodServic: GoogleInputMethodService.onStartInput():1808 
08-06 06:18:46.294 15430 15962 W PodDBAdapter: Length of id array is larger than 800. Creating multiple cursors
08-06 06:18:46.382 15430 15962 D DBReader: getFavoriteIDList() called
08-06 06:18:46.383 15430 15962 D DBReader: getQueueIDList() called
08-06 06:18:46.384 15430 15962 D DBReader: Extracting Feedlist
08-06 06:18:46.388 15430 16366 D ApOkHttpUrlLoader: buildLoadData() called with: model = [http://static.libsyn.com/p/assets/7/1/f/3/71f3014e14ef2722/JREiTunesImage2.jpg], width = [1440], height = [462]
08-06 06:18:46.401 15430 15430 D FeedMenuHandler: Preparing options menu
08-06 06:18:46.566 15430 15511 I art     : Starting a blocking GC Explicit
08-06 06:18:46.580 13866 13882 I PeriodicStatsRunner: PeriodicStatsRunner.call():175 call()
08-06 06:18:46.580 13866 13882 I PeriodicStatsRunner: PeriodicStatsRunner.call():179 No submit PeriodicStats since input started.
08-06 06:18:46.633 15430 15511 I art     : Explicit concurrent mark sweep GC freed 43637(2MB) AllocSpace objects, 6(2MB) LOS objects, 22% free, 54MB/70MB, paused 1.630ms total 66.524ms
08-06 06:18:46.648 15430 15511 I art     : Starting a blocking GC Explicit
08-06 06:18:46.696 15430 15511 I art     : Explicit concurrent mark sweep GC freed 2852(166KB) AllocSpace objects, 3(208KB) LOS objects, 22% free, 53MB/69MB, paused 1.577ms total 47.207ms
08-06 06:18:46.711 15430 15511 I art     : Starting a blocking GC Explicit
08-06 06:18:46.743  9013  9013 I ServiceManager: Waiting for service AtCmdFwd...
08-06 06:18:46.762 15430 15511 I art     : Explicit concurrent mark sweep GC freed 31(2352B) AllocSpace objects, 0(0B) LOS objects, 22% free, 53MB/69MB, paused 1.545ms total 51.215ms
08-06 06:18:46.777 15430 15511 I art     : Starting a blocking GC Explicit
08-06 06:18:46.830 15430 15511 I art     : Explicit concurrent mark sweep GC freed 16(848B) AllocSpace objects, 0(0B) LOS objects, 22% free, 53MB/69MB, paused 1.727ms total 53.194ms
08-06 06:18:46.846 15430 15511 I art     : Starting a blocking GC Explicit
08-06 06:18:46.900 15430 15511 I art     : Explicit concurrent mark sweep GC freed 3(96B) AllocSpace objects, 0(0B) LOS objects, 22% free, 53MB/69MB, paused 1.574ms total 53.564ms
08-06 06:18:47.265 15430 16638 I art     : Starting a blocking GC Explicit
08-06 06:18:47.330 15430 16638 I art     : Explicit concurrent mark sweep GC freed 1499(91KB) AllocSpace objects, 1(20KB) LOS objects, 22% free, 53MB/69MB, paused 1.842ms total 64.393ms
08-06 06:18:47.349 15430 16638 I art     : Starting a blocking GC Explicit
08-06 06:18:47.400 15430 16638 I art     : Explicit concurrent mark sweep GC freed 23(768B) AllocSpace objects, 0(0B) LOS objects, 22% free, 53MB/69MB, paused 1.477ms total 51.251ms
08-06 06:18:47.416 15430 16638 I art     : Starting a blocking GC Explicit
08-06 06:18:47.465 15430 16638 I art     : Explicit concurrent mark sweep GC freed 3(96B) AllocSpace objects, 0(0B) LOS objects, 22% free, 53MB/69MB, paused 1.429ms total 48.866ms
08-06 06:18:47.480 15430 16638 I art     : Starting a blocking GC Explicit
08-06 06:18:47.529 15430 16638 I art     : Explicit concurrent mark sweep GC freed 3(96B) AllocSpace objects, 0(0B) LOS objects, 22% free, 53MB/69MB, paused 1.400ms total 49.441ms
08-06 06:18:47.544 15430 16638 I art     : Starting a blocking GC Explicit
08-06 06:18:47.594 15430 16638 I art     : Explicit concurrent mark sweep GC freed 3(96B) AllocSpace objects, 0(0B) LOS objects, 22% free, 53MB/69MB, paused 1.427ms total 49.459ms
08-06 06:18:47.744  9013  9013 I ServiceManager: Waiting for service AtCmdFwd...
08-06 06:18:47.942 15430 15446 I art     : Starting a blocking GC Explicit
08-06 06:18:47.958 18424 18424 D AndroidRuntime: >>>>>> START com.android.internal.os.RuntimeInit uid 2000 <<<<<<
08-06 06:18:47.964 18424 18424 D AndroidRuntime: CheckJNI is OFF
08-06 06:18:48.005 18424 18424 D ICU     : No timezone override file found: /data/misc/zoneinfo/current/icu/icu_tzdata.dat
08-06 06:18:48.022 15430 15446 I art     : Explicit concurrent mark sweep GC freed 1441(83KB) AllocSpace objects, 1(20KB) LOS objects, 22% free, 53MB/69MB, paused 2.373ms total 79.282ms
08-06 06:18:48.037 15430 15446 I art     : Starting a blocking GC Explicit
08-06 06:18:48.051 18424 18424 I Radio-JNI: register_android_hardware_Radio DONE
08-06 06:18:48.079 18424 18424 D AndroidRuntime: Calling main entry com.android.commands.input.Input
08-06 06:18:48.081 18424 18424 I Input   : injectMotionEvent: MotionEvent { action=ACTION_DOWN, actionButton=0, id[0]=0, x[0]=103.0, y[0]=192.0, toolType[0]=TOOL_TYPE_UNKNOWN, buttonState=0, metaState=0, flags=0x0, edgeFlags=0x0, pointerCount=1, historySize=0, eventTime=857944494, downTime=857944494, deviceId=0, source=0x1002 }
08-06 06:18:48.084 15430 15446 I art     : Explicit concurrent mark sweep GC freed 23(752B) AllocSpace objects, 0(0B) LOS objects, 22% free, 53MB/69MB, paused 1.444ms total 47.218ms
08-06 06:18:48.085 18424 18424 I Input   : injectMotionEvent: MotionEvent { action=ACTION_UP, actionButton=0, id[0]=0, x[0]=103.0, y[0]=192.0, toolType[0]=TOOL_TYPE_UNKNOWN, buttonState=0, metaState=0, flags=0x0, edgeFlags=0x0, pointerCount=1, historySize=0, eventTime=857944494, downTime=857944494, deviceId=0, source=0x1002 }
08-06 06:18:48.087 18424 18424 D AndroidRuntime: Shutting down VM
08-06 06:18:48.095   512  2967 D audio_hw_primary: out_set_parameters: enter: usecase(1: low-latency-playback) kvpairs: routing=2
08-06 06:18:48.099 15430 15446 I art     : Starting a blocking GC Explicit
08-06 06:18:48.108   512  2967 D audio_hw_primary: select_devices: out_snd_device(2: speaker) in_snd_device(0: none)
08-06 06:18:48.108   512  2967 D msm8974_platform: platform_send_audio_calibration: sending audio calibration for snd_device(2) acdb_id(15)
08-06 06:18:48.109   512  2967 I soundtrigger: audio_extn_sound_trigger_update_device_status: device 0x2 of type 0 for Event 1
08-06 06:18:48.121   512  2967 D audio_hw_primary: enable_snd_device: snd_device(2: speaker)
08-06 06:18:48.123   512  2967 D audio_hw_primary: enable_audio_route: apply and update mixer path: low-latency-playback speaker
08-06 06:18:48.146 15430 15446 I art     : Explicit concurrent mark sweep GC freed 49(1872B) AllocSpace objects, 0(0B) LOS objects, 22% free, 53MB/69MB, paused 1.488ms total 46.718ms
08-06 06:18:48.160 15430 15446 I art     : Starting a blocking GC Explicit
08-06 06:18:48.209 15430 15446 I art     : Explicit concurrent mark sweep GC freed 387(19KB) AllocSpace objects, 0(0B) LOS objects, 22% free, 53MB/69MB, paused 1.452ms total 48.142ms
08-06 06:18:48.224 15430 15446 I art     : Starting a blocking GC Explicit
08-06 06:18:48.274 15430 15446 I art     : Explicit concurrent mark sweep GC freed 7(384B) AllocSpace objects, 0(0B) LOS objects, 22% free, 53MB/69MB, paused 1.403ms total 49.782ms
08-06 06:18:48.606 15430 15511 I art     : Starting a blocking GC Explicit
08-06 06:18:48.658 15430 15511 I art     : Explicit concurrent mark sweep GC freed 1413(81KB) AllocSpace objects, 1(20KB) LOS objects, 22% free, 53MB/69MB, paused 1.525ms total 51.639ms
08-06 06:18:48.669   512  2967 D audio_hw_primary: disable_audio_route: reset and update mixer path: low-latency-playback speaker
08-06 06:18:48.670   512  2967 D audio_hw_primary: disable_snd_device: snd_device(2: speaker)
08-06 06:18:48.673 15430 15511 I art     : Starting a blocking GC Explicit
08-06 06:18:48.678   512  2967 I soundtrigger: audio_extn_sound_trigger_update_device_status: device 0x2 of type 0 for Event 0
08-06 06:18:48.723 15430 15511 I art     : Explicit concurrent mark sweep GC freed 33(1072B) AllocSpace objects, 0(0B) LOS objects, 22% free, 53MB/69MB, paused 1.391ms total 49.600ms
08-06 06:18:48.738 15430 15511 I art     : Starting a blocking GC Explicit
08-06 06:18:48.745  9013  9013 I ServiceManager: Waiting for service AtCmdFwd...
08-06 06:18:48.786 15430 15511 I art     : Explicit concurrent mark sweep GC freed 3(96B) AllocSpace objects, 0(0B) LOS objects, 22% free, 53MB/69MB, paused 1.390ms total 47.912ms
08-06 06:18:48.801 15430 15511 I art     : Starting a blocking GC Explicit
08-06 06:18:48.852 15430 15511 I art     : Explicit concurrent mark sweep GC freed 3(96B) AllocSpace objects, 0(0B) LOS objects, 22% free, 53MB/69MB, paused 1.444ms total 51.173ms
08-06 06:18:48.867 15430 15511 I art     : Starting a blocking GC Explicit
08-06 06:18:48.920 15430 15511 I art     : Explicit concurrent mark sweep GC freed 5(160B) AllocSpace objects, 0(0B) LOS objects, 22% free, 53MB/69MB, paused 1.398ms total 52.785ms
08-06 06:18:49.271 15430 15446 I art     : Starting a blocking GC Explicit
08-06 06:18:49.339 15430 15446 I art     : Explicit concurrent mark sweep GC freed 2084(107KB) AllocSpace objects, 1(20KB) LOS objects, 22% free, 53MB/69MB, paused 2.085ms total 66.966ms
08-06 06:18:49.354 15430 15446 I art     : Starting a blocking GC Explicit
08-06 06:18:49.400 15430 15446 I art     : Explicit concurrent mark sweep GC freed 23(752B) AllocSpace objects, 0(0B) LOS objects, 22% free, 53MB/69MB, paused 1.376ms total 45.469ms
08-06 06:18:49.415 15430 15446 I art     : Starting a blocking GC Explicit
08-06 06:18:49.464 15430 15446 I art     : Explicit concurrent mark sweep GC freed 3(96B) AllocSpace objects, 0(0B) LOS objects, 22% free, 53MB/69MB, paused 1.473ms total 48.635ms
08-06 06:18:49.478 15430 15446 I art     : Starting a blocking GC Explicit
08-06 06:18:49.529 15430 15446 I art     : Explicit concurrent mark sweep GC freed 3(96B) AllocSpace objects, 0(0B) LOS objects, 22% free, 53MB/69MB, paused 1.483ms total 50.100ms
08-06 06:18:49.544 15430 15446 I art     : Starting a blocking GC Explicit
08-06 06:18:49.593 15430 15446 I art     : Explicit concurrent mark sweep GC freed 3(96B) AllocSpace objects, 0(0B) LOS objects, 22% free, 53MB/69MB, paused 1.428ms total 48.961ms
08-06 06:18:49.745  9013  9013 W Atfwd_Sendcmd: AtCmdFwd service not published, waiting... retryCnt : 5
08-06 06:18:49.846 18467 18467 D AndroidRuntime: >>>>>> START com.android.internal.os.RuntimeInit uid 2000 <<<<<<
08-06 06:18:49.851 18467 18467 D AndroidRuntime: CheckJNI is OFF
08-06 06:18:49.891 18467 18467 D ICU     : No timezone override file found: /data/misc/zoneinfo/current/icu/icu_tzdata.dat
08-06 06:18:49.921 15430 15446 I art     : Starting a blocking GC Explicit
08-06 06:18:49.930 18467 18467 I Radio-JNI: register_android_hardware_Radio DONE
08-06 06:18:49.959 18467 18467 D AndroidRuntime: Calling main entry com.android.commands.input.Input
08-06 06:18:49.961 18467 18467 I Input   : injectMotionEvent: MotionEvent { action=ACTION_DOWN, actionButton=0, id[0]=0, x[0]=409.0, y[0]=1034.0, toolType[0]=TOOL_TYPE_UNKNOWN, buttonState=0, metaState=0, flags=0x0, edgeFlags=0x0, pointerCount=1, historySize=0, eventTime=857946374, downTime=857946374, deviceId=0, source=0x1002 }
08-06 06:18:49.966 15430 15446 I art     : Explicit concurrent mark sweep GC freed 2327(114KB) AllocSpace objects, 1(20KB) LOS objects, 22% free, 53MB/69MB, paused 1.378ms total 44.704ms
08-06 06:18:49.967 18467 18467 I Input   : injectMotionEvent: MotionEvent { action=ACTION_UP, actionButton=0, id[0]=0, x[0]=409.0, y[0]=1034.0, toolType[0]=TOOL_TYPE_UNKNOWN, buttonState=0, metaState=0, flags=0x0, edgeFlags=0x0, pointerCount=1, historySize=0, eventTime=857946374, downTime=857946374, deviceId=0, source=0x1002 }
08-06 06:18:49.969 18467 18467 D AndroidRuntime: Shutting down VM
08-06 06:18:49.980 15430 15446 I art     : Starting a blocking GC Explicit
08-06 06:18:50.024 15430 15446 I art     : Explicit concurrent mark sweep GC freed 61(2048B) AllocSpace objects, 0(0B) LOS objects, 22% free, 53MB/69MB, paused 1.336ms total 43.343ms
08-06 06:18:50.034 15430 15430 D MainActivity: loadFragment(index: 5, args: null)
08-06 06:18:50.034 15430 15430 D MainActivity: loadFragment(tag: AddFeedFragment, args: null)
08-06 06:18:50.034 15430 15430 D MainActivity: saveLastNavFragment(tag: AddFeedFragment)
08-06 06:18:50.034 15430 15430 D MainActivity: getLastNavFragment() -> AddFeedFragment
08-06 06:18:50.036   512  2967 D audio_hw_primary: out_set_parameters: enter: usecase(1: low-latency-playback) kvpairs: routing=2
08-06 06:18:50.038 15430 15446 I art     : Starting a blocking GC Explicit
08-06 06:18:50.049   512  2967 D audio_hw_primary: select_devices: out_snd_device(2: speaker) in_snd_device(0: none)
08-06 06:18:50.049   512  2967 D msm8974_platform: platform_send_audio_calibration: sending audio calibration for snd_device(2) acdb_id(15)
08-06 06:18:50.049   512  2967 I soundtrigger: audio_extn_sound_trigger_update_device_status: device 0x2 of type 0 for Event 1
08-06 06:18:50.059   512  2967 D audio_hw_primary: enable_snd_device: snd_device(2: speaker)
08-06 06:18:50.061   512  2967 D audio_hw_primary: enable_audio_route: apply and update mixer path: low-latency-playback speaker
08-06 06:18:50.074 13866 13866 I GoogleInputMethodServic: GoogleInputMethodService.onFinishInput():3138 
08-06 06:18:50.075 13866 13866 I GoogleInputMethodServic: GoogleInputMethodService.onStartInput():1808 
08-06 06:18:50.088 15430 15446 I art     : Explicit concurrent mark sweep GC freed 1862(95KB) AllocSpace objects, 1(20KB) LOS objects, 22% free, 54MB/70MB, paused 2.478ms total 48.951ms
08-06 06:18:50.101 15430 15446 I art     : Starting a blocking GC Explicit
08-06 06:18:50.150 15430 15446 I art     : Explicit concurrent mark sweep GC freed 547(23KB) AllocSpace objects, 0(0B) LOS objects, 22% free, 54MB/70MB, paused 1.326ms total 48.678ms
08-06 06:18:50.165 15430 15446 I art     : Starting a blocking GC Explicit
08-06 06:18:50.205 15430 15446 I art     : Explicit concurrent mark sweep GC freed 31461(2MB) AllocSpace objects, 9(3MB) LOS objects, 24% free, 48MB/64MB, paused 1.270ms total 40.034ms
08-06 06:18:50.473 13866 13866 I GoogleInputMethodServic: GoogleInputMethodService.onFinishInput():3138 
08-06 06:18:50.475 13866 13866 I GoogleInputMethodServic: GoogleInputMethodService.onStartInput():1808 
08-06 06:18:50.542 15430 15446 I art     : Starting a blocking GC Explicit
08-06 06:18:50.584 15430 15446 I art     : Explicit concurrent mark sweep GC freed 1640(92KB) AllocSpace objects, 1(20KB) LOS objects, 24% free, 48MB/64MB, paused 1.312ms total 41.805ms
08-06 06:18:50.598 15430 15446 I art     : Starting a blocking GC Explicit
08-06 06:18:50.609   512  2967 D audio_hw_primary: disable_audio_route: reset and update mixer path: low-latency-playback speaker
08-06 06:18:50.611   512  2967 D audio_hw_primary: disable_snd_device: snd_device(2: speaker)
08-06 06:18:50.619   512  2967 I soundtrigger: audio_extn_sound_trigger_update_device_status: device 0x2 of type 0 for Event 0
08-06 06:18:50.637 15430 15446 I art     : Explicit concurrent mark sweep GC freed 149(7KB) AllocSpace objects, 0(0B) LOS objects, 24% free, 48MB/64MB, paused 1.273ms total 38.580ms
08-06 06:18:50.650 15430 15446 I art     : Starting a blocking GC Explicit
08-06 06:18:50.688 15430 15446 I art     : Explicit concurrent mark sweep GC freed 3(96B) AllocSpace objects, 0(0B) LOS objects, 24% free, 48MB/64MB, paused 1.344ms total 38.324ms
08-06 06:18:50.702 15430 15446 I art     : Starting a blocking GC Explicit
08-06 06:18:50.740 15430 15446 I art     : Explicit concurrent mark sweep GC freed 5(160B) AllocSpace objects, 0(0B) LOS objects, 24% free, 48MB/64MB, paused 1.301ms total 38.150ms
08-06 06:18:50.753 15430 15446 I art     : Starting a blocking GC Explicit
08-06 06:18:50.792 15430 15446 I art     : Explicit concurrent mark sweep GC freed 3(96B) AllocSpace objects, 0(0B) LOS objects, 24% free, 48MB/64MB, paused 1.403ms total 38.202ms
08-06 06:18:51.130 15430 15446 I art     : Starting a blocking GC Explicit
08-06 06:18:51.185 15430 15446 I art     : Explicit concurrent mark sweep GC freed 1381(83KB) AllocSpace objects, 1(20KB) LOS objects, 24% free, 48MB/64MB, paused 1.512ms total 55.115ms
08-06 06:18:51.204 15430 15446 I art     : Starting a blocking GC Explicit
08-06 06:18:51.243 15430 15446 I art     : Explicit concurrent mark sweep GC freed 25(816B) AllocSpace objects, 0(0B) LOS objects, 24% free, 48MB/64MB, paused 1.479ms total 39.020ms
08-06 06:18:51.255 15430 15446 I art     : Starting a blocking GC Explicit
08-06 06:18:51.292 13866 13882 I PeriodicStatsRunner: PeriodicStatsRunner.call():175 call()
08-06 06:18:51.293 13866 13882 I PeriodicStatsRunner: PeriodicStatsRunner.call():179 No submit PeriodicStats since input started.
08-06 06:18:51.294 15430 15446 I art     : Explicit concurrent mark sweep GC freed 3(96B) AllocSpace objects, 0(0B) LOS objects, 24% free, 48MB/64MB, paused 1.360ms total 38.457ms
08-06 06:18:51.306 15430 15446 I art     : Starting a blocking GC Explicit
08-06 06:18:51.345 15430 15446 I art     : Explicit concurrent mark sweep GC freed 3(96B) AllocSpace objects, 0(0B) LOS objects, 24% free, 48MB/64MB, paused 1.357ms total 38.448ms
08-06 06:18:51.358 15430 15446 I art     : Starting a blocking GC Explicit
08-06 06:18:51.397 15430 15446 I art     : Explicit concurrent mark sweep GC freed 3(96B) AllocSpace objects, 0(0B) LOS objects, 24% free, 48MB/64MB, paused 1.311ms total 39.006ms
08-06 06:18:51.729 18510 18510 D AndroidRuntime: >>>>>> START com.android.internal.os.RuntimeInit uid 2000 <<<<<<
08-06 06:18:51.735 18510 18510 D AndroidRuntime: CheckJNI is OFF
08-06 06:18:51.745 15430 15446 I art     : Starting a blocking GC Explicit
08-06 06:18:51.784 18510 18510 D ICU     : No timezone override file found: /data/misc/zoneinfo/current/icu/icu_tzdata.dat
08-06 06:18:51.789 15430 15446 I art     : Explicit concurrent mark sweep GC freed 1439(83KB) AllocSpace objects, 1(20KB) LOS objects, 24% free, 48MB/64MB, paused 1.655ms total 43.501ms
08-06 06:18:51.802 15430 15446 I art     : Starting a blocking GC Explicit
08-06 06:18:51.829 18510 18510 I Radio-JNI: register_android_hardware_Radio DONE
08-06 06:18:51.839 15430 15446 I art     : Explicit concurrent mark sweep GC freed 35(1168B) AllocSpace objects, 0(0B) LOS objects, 24% free, 48MB/64MB, paused 1.572ms total 36.401ms
08-06 06:18:51.851 15430 15446 I art     : Starting a blocking GC Explicit
08-06 06:18:51.858 18510 18510 D AndroidRuntime: Calling main entry com.android.commands.input.Input
08-06 06:18:51.860 18510 18510 I Input   : injectMotionEvent: MotionEvent { action=ACTION_DOWN, actionButton=0, id[0]=0, x[0]=603.0, y[0]=1061.0, toolType[0]=TOOL_TYPE_UNKNOWN, buttonState=0, metaState=0, flags=0x0, edgeFlags=0x0, pointerCount=1, historySize=0, eventTime=857948273, downTime=857948273, deviceId=0, source=0x1002 }
08-06 06:18:51.866 18510 18510 I Input   : injectMotionEvent: MotionEvent { action=ACTION_UP, actionButton=0, id[0]=0, x[0]=603.0, y[0]=1061.0, toolType[0]=TOOL_TYPE_UNKNOWN, buttonState=0, metaState=0, flags=0x0, edgeFlags=0x0, pointerCount=1, historySize=0, eventTime=857948273, downTime=857948273, deviceId=0, source=0x1002 }
08-06 06:18:51.868 18510 18510 D AndroidRuntime: Shutting down VM
08-06 06:18:51.884   512  2967 D audio_hw_primary: out_set_parameters: enter: usecase(1: low-latency-playback) kvpairs: routing=2
08-06 06:18:51.889 15430 15446 I art     : Explicit concurrent mark sweep GC freed 119(6KB) AllocSpace objects, 0(0B) LOS objects, 24% free, 48MB/64MB, paused 1.796ms total 37.100ms
08-06 06:18:51.898   512  2967 D audio_hw_primary: select_devices: out_snd_device(2: speaker) in_snd_device(0: none)
08-06 06:18:51.898   512  2967 D msm8974_platform: platform_send_audio_calibration: sending audio calibration for snd_device(2) acdb_id(15)
08-06 06:18:51.898   512  2967 I soundtrigger: audio_extn_sound_trigger_update_device_status: device 0x2 of type 0 for Event 1
08-06 06:18:51.901 15430 15446 I art     : Starting a blocking GC Explicit
08-06 06:18:51.908   512  2967 D audio_hw_primary: enable_snd_device: snd_device(2: speaker)
08-06 06:18:51.910   512  2967 D audio_hw_primary: enable_audio_route: apply and update mixer path: low-latency-playback speaker
08-06 06:18:51.941 15430 15446 I art     : Explicit concurrent mark sweep GC freed 676(98KB) AllocSpace objects, 0(0B) LOS objects, 24% free, 49MB/65MB, paused 1.990ms total 39.523ms
08-06 06:18:51.954 15430 15446 I art     : Starting a blocking GC Explicit
08-06 06:18:51.968 13866 13866 I GoogleInputMethodServic: GoogleInputMethodService.onFinishInput():3138 
08-06 06:18:51.968 13866 13866 I GoogleInputMethodServic: GoogleInputMethodService.onStartInput():1808 
08-06 06:18:51.996 15430 15446 I art     : Explicit concurrent mark sweep GC freed 2483(144KB) AllocSpace objects, 0(0B) LOS objects, 24% free, 49MB/65MB, paused 2.062ms total 41.125ms
08-06 06:18:52.330 15430 15446 I art     : Starting a blocking GC Explicit
08-06 06:18:52.374 15430 15446 I art     : Explicit concurrent mark sweep GC freed 2040(114KB) AllocSpace objects, 1(20KB) LOS objects, 24% free, 49MB/65MB, paused 1.632ms total 44.146ms
08-06 06:18:52.387 15430 15446 I art     : Starting a blocking GC Explicit
08-06 06:18:52.426 15430 15446 I art     : Explicit concurrent mark sweep GC freed 1488(74KB) AllocSpace objects, 1(220KB) LOS objects, 24% free, 49MB/65MB, paused 1.533ms total 38.560ms
08-06 06:18:52.438 15430 15446 I art     : Starting a blocking GC Explicit
08-06 06:18:52.438   512  2967 D audio_hw_primary: disable_audio_route: reset and update mixer path: low-latency-playback speaker
08-06 06:18:52.439   512  2967 D audio_hw_primary: disable_snd_device: snd_device(2: speaker)
08-06 06:18:52.446   512  2967 I soundtrigger: audio_extn_sound_trigger_update_device_status: device 0x2 of type 0 for Event 0
08-06 06:18:52.477 15430 15446 I art     : Explicit concurrent mark sweep GC freed 33(1248B) AllocSpace objects, 0(0B) LOS objects, 24% free, 49MB/65MB, paused 1.641ms total 39.542ms
08-06 06:18:52.490 15430 15446 I art     : Starting a blocking GC Explicit
08-06 06:18:52.529 15430 15446 I art     : Explicit concurrent mark sweep GC freed 33(1248B) AllocSpace objects, 0(0B) LOS objects, 24% free, 49MB/65MB, paused 1.572ms total 39.457ms
08-06 06:18:52.542 15430 15446 I art     : Starting a blocking GC Explicit
08-06 06:18:52.581 15430 15446 I art     : Explicit concurrent mark sweep GC freed 33(1248B) AllocSpace objects, 0(0B) LOS objects, 24% free, 49MB/65MB, paused 1.453ms total 38.990ms
08-06 06:18:52.834 15430 18534 I NAPPA_EXPERIMENTATION: MetricNetworkRequestExecutionTime: REQUEST_DURATION_SYSTEM='881',REQUEST_DURATION_OKHTTP='49',REQUEST_SYNCHRONOUS='TRUE',RESPONSE_CODE='200',RESPONSE_METHOD='GET',RESPONSE_LENGTH_OKHTTP='37507',RESPONSE_LENGTH_HEADER='37507',REQUEST_PROTOCOL='http/1.1',REQUEST_URL='https://gpodder.net/toplist/50.json',
08-06 06:18:52.845 15430 18535 I NAPPA_EXPERIMENTATION: MetricNetworkRequestExecutionTime: REQUEST_DURATION_SYSTEM='886',REQUEST_DURATION_OKHTTP='57',REQUEST_SYNCHRONOUS='TRUE',RESPONSE_CODE='200',RESPONSE_METHOD='GET',RESPONSE_LENGTH_OKHTTP='2923',RESPONSE_LENGTH_HEADER='2923',REQUEST_PROTOCOL='http/1.1',REQUEST_URL='https://gpodder.net/api/2/tags/50.json',
08-06 06:18:52.888 15430 16366 D ApOkHttpUrlLoader: buildLoadData() called with: model = [http://sixgun.org/files/linuxoutlaws.jpg], width = [224], height = [224]
08-06 06:18:52.890 15430 16180 D DBReader: getImageAuthentication() called with: imageUrl = [http://sixgun.org/files/linuxoutlaws.jpg]
08-06 06:18:52.894 15430 16180 D ApOkHttpUrlLoader: no credentials for 'http://sixgun.org/files/linuxoutlaws.jpg'
08-06 06:18:52.901 15430 16366 D ApOkHttpUrlLoader: buildLoadData() called with: model = [https://files.thisamericanlife.org/sites/all/themes/thislife/img/tal-name-1400x1400.png], width = [224], height = [224]
08-06 06:18:52.903 15430 16181 D DBReader: getImageAuthentication() called with: imageUrl = [https://files.thisamericanlife.org/sites/all/themes/thislife/img/tal-name-1400x1400.png]
08-06 06:18:52.907 15430 16366 D ApOkHttpUrlLoader: buildLoadData() called with: model = [https://elroy.twit.tv/sites/default/files/styles/twit_album_art_2048x2048/public/images/shows/floss_weekly/album_art/audio/floss_albumart_mask.jpg?itok=IUjxKpwt], width = [224], height = [224]
08-06 06:18:52.907 15430 16181 D ApOkHttpUrlLoader: no credentials for 'https://files.thisamericanlife.org/sites/all/themes/thislife/img/tal-name-1400x1400.png'
08-06 06:18:52.908 15430 16174 D DBReader: getImageAuthentication() called with: imageUrl = [https://elroy.twit.tv/sites/default/files/styles/twit_album_art_2048x2048/public/images/shows/floss_weekly/album_art/audio/floss_albumart_mask.jpg?itok=IUjxKpwt]
08-06 06:18:52.911 15430 16366 D ApOkHttpUrlLoader: buildLoadData() called with: model = [http://ichef.bbci.co.uk/images/ic/3000x3000/p07kfvzb.jpg], width = [224], height = [224]
08-06 06:18:52.912 15430 16174 D ApOkHttpUrlLoader: no credentials for 'https://elroy.twit.tv/sites/default/files/styles/twit_album_art_2048x2048/public/images/shows/floss_weekly/album_art/audio/floss_albumart_mask.jpg?itok=IUjxKpwt'
08-06 06:18:52.913 15430 16177 D DBReader: getImageAuthentication() called with: imageUrl = [http://ichef.bbci.co.uk/images/ic/3000x3000/p07kfvzb.jpg]
08-06 06:18:52.917 15430 16366 D ApOkHttpUrlLoader: buildLoadData() called with: model = [https://pl.tedcdn.com/rss_feed_images/ted_talks_main_podcast/video.png], width = [224], height = [224]
08-06 06:18:52.918 15430 16177 D ApOkHttpUrlLoader: no credentials for 'http://ichef.bbci.co.uk/images/ic/3000x3000/p07kfvzb.jpg'
08-06 06:18:52.919 15430 16179 D DBReader: getImageAuthentication() called with: imageUrl = [https://pl.tedcdn.com/rss_feed_images/ted_talks_main_podcast/video.png]
08-06 06:18:52.922 15430 16366 D ApOkHttpUrlLoader: buildLoadData() called with: model = [https://elroy.twit.tv/sites/default/files/styles/twit_album_art_2048x2048/public/images/shows/this_week_in_tech/album_art/audio/twit1400audio.jpg?itok=J0vhatZb], width = [224], height = [224]
08-06 06:18:52.922 15430 16179 D ApOkHttpUrlLoader: no credentials for 'https://pl.tedcdn.com/rss_feed_images/ted_talks_main_podcast/video.png'
08-06 06:18:52.924 15430 16178 D DBReader: getImageAuthentication() called with: imageUrl = [https://elroy.twit.tv/sites/default/files/styles/twit_album_art_2048x2048/public/images/shows/this_week_in_tech/album_art/audio/twit1400audio.jpg?itok=J0vhatZb]
08-06 06:18:52.926 15430 16366 D ApOkHttpUrlLoader: buildLoadData() called with: model = [http://ichef.bbci.co.uk/images/ic/3000x3000/p03gtk3j.jpg], width = [224], height = [224]
08-06 06:18:52.927 15430 16178 D ApOkHttpUrlLoader: no credentials for 'https://elroy.twit.tv/sites/default/files/styles/twit_album_art_2048x2048/public/images/shows/this_week_in_tech/album_art/audio/twit1400audio.jpg?itok=J0vhatZb'
08-06 06:18:52.928 15430 16175 D DBReader: getImageAuthentication() called with: imageUrl = [http://ichef.bbci.co.uk/images/ic/3000x3000/p03gtk3j.jpg]
08-06 06:18:52.931 15430 16175 D ApOkHttpUrlLoader: no credentials for 'http://ichef.bbci.co.uk/images/ic/3000x3000/p03gtk3j.jpg'
08-06 06:18:52.938 15430 15511 I art     : Starting a blocking GC Explicit
08-06 06:18:52.956 15430 16180 D DBWriter: updateFeedDownloadURL(original: http://sixgun.org/files/linuxoutlaws.jpg, updated: https://fab.industries/sixgun/files/linuxoutlaws.jpg)
08-06 06:18:52.985 15430 15511 I art     : Explicit concurrent mark sweep GC freed 12263(764KB) AllocSpace objects, 4(212KB) LOS objects, 24% free, 49MB/65MB, paused 1.798ms total 46.078ms
08-06 06:18:52.998 15430 15511 I art     : Starting a blocking GC Explicit
08-06 06:18:53.039 15430 15511 I art     : Explicit concurrent mark sweep GC freed 824(60KB) AllocSpace objects, 0(0B) LOS objects, 24% free, 49MB/65MB, paused 1.776ms total 41.618ms
08-06 06:18:53.040 15430 15445 I art     : WaitForGcToComplete blocked for 17.507ms for cause HeapTrim
08-06 06:18:53.045 15430 16175 D MYTAG   : interceptor 2a
08-06 06:18:53.045 15430 16175 I NAPPA_EXPERIMENTATION: MetricNetworkRequestExecutionTime: REQUEST_DURATION_SYSTEM='113',REQUEST_DURATION_OKHTTP='110',REQUEST_SYNCHRONOUS='TRUE',RESPONSE_CODE='200',RESPONSE_METHOD='GET',RESPONSE_LENGTH_OKHTTP='814284',RESPONSE_LENGTH_HEADER='814284',REQUEST_PROTOCOL='http/1.1',REQUEST_URL='http://ichef.bbci.co.uk/images/ic/3000x3000/p03gtk3j.jpg',
08-06 06:18:53.052 15430 15511 I art     : Starting a blocking GC Explicit
08-06 06:18:53.055 15430 16177 D MYTAG   : interceptor 2a
08-06 06:18:53.055 15430 16177 I NAPPA_EXPERIMENTATION: MetricNetworkRequestExecutionTime: REQUEST_DURATION_SYSTEM='137',REQUEST_DURATION_OKHTTP='132',REQUEST_SYNCHRONOUS='TRUE',RESPONSE_CODE='200',RESPONSE_METHOD='GET',RESPONSE_LENGTH_OKHTTP='589826',RESPONSE_LENGTH_HEADER='589826',REQUEST_PROTOCOL='http/1.1',REQUEST_URL='http://ichef.bbci.co.uk/images/ic/3000x3000/p07kfvzb.jpg',
08-06 06:18:53.094 15430 15511 I art     : Explicit concurrent mark sweep GC freed 579(49KB) AllocSpace objects, 0(0B) LOS objects, 24% free, 49MB/65MB, paused 1.721ms total 41.807ms
08-06 06:18:53.107 15430 15511 I art     : Starting a blocking GC Explicit
08-06 06:18:53.150 15430 15511 I art     : Explicit concurrent mark sweep GC freed 6579(263KB) AllocSpace objects, 0(0B) LOS objects, 24% free, 49MB/65MB, paused 1.916ms total 42.652ms
08-06 06:18:53.162 15430 15511 I art     : Starting a blocking GC Explicit
08-06 06:18:53.202 15430 15511 I art     : Explicit concurrent mark sweep GC freed 553(45KB) AllocSpace objects, 0(0B) LOS objects, 24% free, 49MB/65MB, paused 1.827ms total 40.102ms
08-06 06:18:53.215 15430 16181 D MYTAG   : interceptor 2a
08-06 06:18:53.215 15430 16181 I NAPPA_EXPERIMENTATION: MetricNetworkRequestExecutionTime: REQUEST_DURATION_SYSTEM='308',REQUEST_DURATION_OKHTTP='62',REQUEST_SYNCHRONOUS='TRUE',RESPONSE_CODE='200',RESPONSE_METHOD='GET',RESPONSE_LENGTH_OKHTTP='52553',RESPONSE_LENGTH_HEADER='52553',REQUEST_PROTOCOL='http/1.1',REQUEST_URL='https://files.thisamericanlife.org/sites/all/themes/thislife/img/tal-name-1400x1400.png',
08-06 06:18:53.367 15430 16174 D MYTAG   : interceptor 2a
08-06 06:18:53.367 15430 16174 I NAPPA_EXPERIMENTATION: MetricNetworkRequestExecutionTime: REQUEST_DURATION_SYSTEM='455',REQUEST_DURATION_OKHTTP='232',REQUEST_SYNCHRONOUS='TRUE',RESPONSE_CODE='200',RESPONSE_METHOD='GET',RESPONSE_LENGTH_OKHTTP='297964',RESPONSE_LENGTH_HEADER='297964',REQUEST_PROTOCOL='h2',REQUEST_URL='https://elroy.twit.tv/sites/default/files/styles/twit_album_art_2048x2048/public/images/shows/floss_weekly/album_art/audio/floss_albumart_mask.jpg?itok=IUjxKpwt',
08-06 06:18:53.372 15430 16179 D MYTAG   : interceptor 2a
08-06 06:18:53.372 15430 16179 I NAPPA_EXPERIMENTATION: MetricNetworkRequestExecutionTime: REQUEST_DURATION_SYSTEM='450',REQUEST_DURATION_OKHTTP='224',REQUEST_SYNCHRONOUS='TRUE',RESPONSE_CODE='200',RESPONSE_METHOD='GET',RESPONSE_LENGTH_OKHTTP='89986',RESPONSE_LENGTH_HEADER='89986',REQUEST_PROTOCOL='h2',REQUEST_URL='https://pl.tedcdn.com/rss_feed_images/ted_talks_main_podcast/video.png',
08-06 06:18:53.422 15430 16180 D MYTAG   : interceptor 2a
08-06 06:18:53.423 15430 16180 I NAPPA_EXPERIMENTATION: MetricNetworkRequestExecutionTime: REQUEST_DURATION_SYSTEM='528',REQUEST_DURATION_OKHTTP='183',REQUEST_SYNCHRONOUS='TRUE',RESPONSE_CODE='404',RESPONSE_METHOD='GET',RESPONSE_LENGTH_OKHTTP='-1',RESPONSE_LENGTH_HEADER='1503',REQUEST_PROTOCOL='h2',REQUEST_URL='https://fab.industries/sixgun/files/linuxoutlaws.jpg',
08-06 06:18:53.425 15430 15430 W Glide   : Load failed for http://sixgun.org/files/linuxoutlaws.jpg with size [224x224]
08-06 06:18:53.425 15430 15430 W Glide   : class com.bumptech.glide.load.engine.GlideException: Failed to load resource
08-06 06:18:53.425 15430 15430 W Glide   : There was 1 cause:
08-06 06:18:53.425 15430 15430 W Glide   : com.bumptech.glide.load.HttpException()
08-06 06:18:53.425 15430 15430 W Glide   :  call GlideException#logRootCauses(String) for more detail
08-06 06:18:53.425 15430 15430 W Glide   :   Cause (1 of 1): class com.bumptech.glide.load.engine.GlideException: Fetching data failed, class java.io.InputStream, REMOTE
08-06 06:18:53.425 15430 15430 W Glide   : There was 1 cause:
08-06 06:18:53.425 15430 15430 W Glide   : com.bumptech.glide.load.HttpException()
08-06 06:18:53.425 15430 15430 W Glide   :  call GlideException#logRootCauses(String) for more detail
08-06 06:18:53.425 15430 15430 W Glide   :     Cause (1 of 1): class com.bumptech.glide.load.HttpException: 
08-06 06:18:53.426 15430 15430 I Glide   : Root cause (1 of 1)
08-06 06:18:53.426 15430 15430 I Glide   : com.bumptech.glide.load.HttpException: 
08-06 06:18:53.426 15430 15430 I Glide   : 	at com.bumptech.glide.integration.okhttp3.OkHttpStreamFetcher.onResponse(OkHttpStreamFetcher.java:73)
08-06 06:18:53.426 15430 15430 I Glide   : 	at okhttp3.RealCall$AsyncCall.execute(RealCall.java:174)
08-06 06:18:53.426 15430 15430 I Glide   : 	at okhttp3.internal.NamedRunnable.run(NamedRunnable.java:32)
08-06 06:18:53.426 15430 15430 I Glide   : 	at java.util.concurrent.ThreadPoolExecutor.runWorker(ThreadPoolExecutor.java:1113)
08-06 06:18:53.426 15430 15430 I Glide   : 	at java.util.concurrent.ThreadPoolExecutor$Worker.run(ThreadPoolExecutor.java:588)
08-06 06:18:53.426 15430 15430 I Glide   : 	at java.lang.Thread.run(Thread.java:818)
08-06 06:18:53.427 15430 15430 W Glide   : Load failed for http://sixgun.org/files/linuxoutlaws.jpg with size [224x224]
08-06 06:18:53.427 15430 15430 W Glide   : class com.bumptech.glide.load.engine.GlideException: Failed to load resource
08-06 06:18:53.427 15430 15430 W Glide   : There was 1 cause:
08-06 06:18:53.427 15430 15430 W Glide   : com.bumptech.glide.load.HttpException()
08-06 06:18:53.427 15430 15430 W Glide   :  call GlideException#logRootCauses(String) for more detail
08-06 06:18:53.427 15430 15430 W Glide   :   Cause (1 of 1): class com.bumptech.glide.load.engine.GlideException: Fetching data failed, class java.io.InputStream, REMOTE
08-06 06:18:53.427 15430 15430 W Glide   : There was 1 cause:
08-06 06:18:53.427 15430 15430 W Glide   : com.bumptech.glide.load.HttpException()
08-06 06:18:53.427 15430 15430 W Glide   :  call GlideException#logRootCauses(String) for more detail
08-06 06:18:53.427 15430 15430 W Glide   :     Cause (1 of 1): class com.bumptech.glide.load.HttpException: 
08-06 06:18:53.427 15430 15430 I Glide   : Root cause (1 of 1)
08-06 06:18:53.427 15430 15430 I Glide   : com.bumptech.glide.load.HttpException: 
08-06 06:18:53.427 15430 15430 I Glide   : 	at com.bumptech.glide.integration.okhttp3.OkHttpStreamFetcher.onResponse(OkHttpStreamFetcher.java:73)
08-06 06:18:53.427 15430 15430 I Glide   : 	at okhttp3.RealCall$AsyncCall.execute(RealCall.java:174)
08-06 06:18:53.427 15430 15430 I Glide   : 	at okhttp3.internal.NamedRunnable.run(NamedRunnable.java:32)
08-06 06:18:53.427 15430 15430 I Glide   : 	at java.util.concurrent.ThreadPoolExecutor.runWorker(ThreadPoolExecutor.java:1113)
08-06 06:18:53.427 15430 15430 I Glide   : 	at java.util.concurrent.ThreadPoolExecutor$Worker.run(ThreadPoolExecutor.java:588)
08-06 06:18:53.427 15430 15430 I Glide   : 	at java.lang.Thread.run(Thread.java:818)
08-06 06:18:53.427 15430 16178 D MYTAG   : interceptor 2a
08-06 06:18:53.428 15430 16178 I NAPPA_EXPERIMENTATION: MetricNetworkRequestExecutionTime: REQUEST_DURATION_SYSTEM='500',REQUEST_DURATION_OKHTTP='289',REQUEST_SYNCHRONOUS='TRUE',RESPONSE_CODE='200',RESPONSE_METHOD='GET',RESPONSE_LENGTH_OKHTTP='465707',RESPONSE_LENGTH_HEADER='465707',REQUEST_PROTOCOL='h2',REQUEST_URL='https://elroy.twit.tv/sites/default/files/styles/twit_album_art_2048x2048/public/images/shows/this_week_in_tech/album_art/audio/twit1400audio.jpg?itok=J0vhatZb',
08-06 06:18:53.525 15430 16638 I art     : Starting a blocking GC Explicit
08-06 06:18:53.532 15430 16366 D ApOkHttpUrlLoader: buildLoadData() called with: model = [http://sixgun.org/files/linuxoutlaws.jpg], width = [224], height = [224]
08-06 06:18:53.537 15430 16178 D DBReader: getImageAuthentication() called with: imageUrl = [http://sixgun.org/files/linuxoutlaws.jpg]
08-06 06:18:53.541 15430 16178 D ApOkHttpUrlLoader: no credentials for 'http://sixgun.org/files/linuxoutlaws.jpg'
08-06 06:18:53.567 15430 16638 I art     : Explicit concurrent mark sweep GC freed 7438(640KB) AllocSpace objects, 1(20KB) LOS objects, 23% free, 50MB/66MB, paused 1.710ms total 41.766ms
08-06 06:18:53.580 15430 16638 I art     : Starting a blocking GC Explicit
08-06 06:18:53.582 15430 16178 D DBWriter: updateFeedDownloadURL(original: http://sixgun.org/files/linuxoutlaws.jpg, updated: https://fab.industries/sixgun/files/linuxoutlaws.jpg)
08-06 06:18:53.617 15430 16638 I art     : Explicit concurrent mark sweep GC freed 783(42KB) AllocSpace objects, 0(0B) LOS objects, 23% free, 50MB/66MB, paused 1.801ms total 37.621ms
08-06 06:18:53.629 15430 16638 I art     : Starting a blocking GC Explicit
08-06 06:18:53.668 15430 16638 I art     : Explicit concurrent mark sweep GC freed 331(12KB) AllocSpace objects, 0(0B) LOS objects, 23% free, 50MB/66MB, paused 1.611ms total 38.174ms
08-06 06:18:53.680 15430 16638 I art     : Starting a blocking GC Explicit
08-06 06:18:53.722 15430 16638 I art     : Explicit concurrent mark sweep GC freed 5(176B) AllocSpace objects, 0(0B) LOS objects, 23% free, 50MB/66MB, paused 1.572ms total 42.111ms
08-06 06:18:53.728 15430 16178 D MYTAG   : interceptor 2a
08-06 06:18:53.729 15430 16178 I NAPPA_EXPERIMENTATION: MetricNetworkRequestExecutionTime: REQUEST_DURATION_SYSTEM='185',REQUEST_DURATION_OKHTTP='142',REQUEST_SYNCHRONOUS='TRUE',RESPONSE_CODE='404',RESPONSE_METHOD='GET',RESPONSE_LENGTH_OKHTTP='-1',RESPONSE_LENGTH_HEADER='1503',REQUEST_PROTOCOL='h2',REQUEST_URL='https://fab.industries/sixgun/files/linuxoutlaws.jpg',
08-06 06:18:53.737 15430 16638 I art     : Starting a blocking GC Explicit
08-06 06:18:53.738 15430 15430 W Glide   : Load failed for http://sixgun.org/files/linuxoutlaws.jpg with size [224x224]
08-06 06:18:53.738 15430 15430 W Glide   : class com.bumptech.glide.load.engine.GlideException: Failed to load resource
08-06 06:18:53.738 15430 15430 W Glide   : There was 1 cause:
08-06 06:18:53.738 15430 15430 W Glide   : com.bumptech.glide.load.HttpException()
08-06 06:18:53.738 15430 15430 W Glide   :  call GlideException#logRootCauses(String) for more detail
08-06 06:18:53.738 15430 15430 W Glide   :   Cause (1 of 1): class com.bumptech.glide.load.engine.GlideException: Fetching data failed, class java.io.InputStream, REMOTE
08-06 06:18:53.738 15430 15430 W Glide   : There was 1 cause:
08-06 06:18:53.738 15430 15430 W Glide   : com.bumptech.glide.load.HttpException()
08-06 06:18:53.738 15430 15430 W Glide   :  call GlideException#logRootCauses(String) for more detail
08-06 06:18:53.738 15430 15430 W Glide   :     Cause (1 of 1): class com.bumptech.glide.load.HttpException: 
08-06 06:18:53.739 15430 15430 I Glide   : Root cause (1 of 1)
08-06 06:18:53.739 15430 15430 I Glide   : com.bumptech.glide.load.HttpException: 
08-06 06:18:53.739 15430 15430 I Glide   : 	at com.bumptech.glide.integration.okhttp3.OkHttpStreamFetcher.onResponse(OkHttpStreamFetcher.java:73)
08-06 06:18:53.739 15430 15430 I Glide   : 	at okhttp3.RealCall$AsyncCall.execute(RealCall.java:174)
08-06 06:18:53.739 15430 15430 I Glide   : 	at okhttp3.internal.NamedRunnable.run(NamedRunnable.java:32)
08-06 06:18:53.739 15430 15430 I Glide   : 	at java.util.concurrent.ThreadPoolExecutor.runWorker(ThreadPoolExecutor.java:1113)
08-06 06:18:53.739 15430 15430 I Glide   : 	at java.util.concurrent.ThreadPoolExecutor$Worker.run(ThreadPoolExecutor.java:588)
08-06 06:18:53.739 15430 15430 I Glide   : 	at java.lang.Thread.run(Thread.java:818)
08-06 06:18:53.781 15430 16638 I art     : Explicit concurrent mark sweep GC freed 488(71KB) AllocSpace objects, 0(0B) LOS objects, 23% free, 50MB/66MB, paused 1.652ms total 44.391ms
08-06 06:18:53.786 15430 16366 D ApOkHttpUrlLoader: buildLoadData() called with: model = [http://sixgun.org/files/linuxoutlaws.jpg], width = [224], height = [224]
08-06 06:18:53.788 15430 16178 D DBReader: getImageAuthentication() called with: imageUrl = [http://sixgun.org/files/linuxoutlaws.jpg]
08-06 06:18:53.793 15430 16178 D ApOkHttpUrlLoader: no credentials for 'http://sixgun.org/files/linuxoutlaws.jpg'
08-06 06:18:53.828 15430 16178 D DBWriter: updateFeedDownloadURL(original: http://sixgun.org/files/linuxoutlaws.jpg, updated: https://fab.industries/sixgun/files/linuxoutlaws.jpg)
08-06 06:18:53.972 15430 16178 D MYTAG   : interceptor 2a
08-06 06:18:53.973 15430 16178 I NAPPA_EXPERIMENTATION: MetricNetworkRequestExecutionTime: REQUEST_DURATION_SYSTEM='179',REQUEST_DURATION_OKHTTP='139',REQUEST_SYNCHRONOUS='TRUE',RESPONSE_CODE='404',RESPONSE_METHOD='GET',RESPONSE_LENGTH_OKHTTP='-1',RESPONSE_LENGTH_HEADER='1503',REQUEST_PROTOCOL='h2',REQUEST_URL='https://fab.industries/sixgun/files/linuxoutlaws.jpg',
08-06 06:18:53.977 15430 15430 W Glide   : Load failed for http://sixgun.org/files/linuxoutlaws.jpg with size [224x224]
08-06 06:18:53.977 15430 15430 W Glide   : class com.bumptech.glide.load.engine.GlideException: Failed to load resource
08-06 06:18:53.977 15430 15430 W Glide   : There was 1 cause:
08-06 06:18:53.977 15430 15430 W Glide   : com.bumptech.glide.load.HttpException()
08-06 06:18:53.977 15430 15430 W Glide   :  call GlideException#logRootCauses(String) for more detail
08-06 06:18:53.977 15430 15430 W Glide   :   Cause (1 of 1): class com.bumptech.glide.load.engine.GlideException: Fetching data failed, class java.io.InputStream, REMOTE
08-06 06:18:53.977 15430 15430 W Glide   : There was 1 cause:
08-06 06:18:53.977 15430 15430 W Glide   : com.bumptech.glide.load.HttpException()
08-06 06:18:53.977 15430 15430 W Glide   :  call GlideException#logRootCauses(String) for more detail
08-06 06:18:53.977 15430 15430 W Glide   :     Cause (1 of 1): class com.bumptech.glide.load.HttpException: 
08-06 06:18:53.978 15430 15430 I Glide   : Root cause (1 of 1)
08-06 06:18:53.978 15430 15430 I Glide   : com.bumptech.glide.load.HttpException: 
08-06 06:18:53.978 15430 15430 I Glide   : 	at com.bumptech.glide.integration.okhttp3.OkHttpStreamFetcher.onResponse(OkHttpStreamFetcher.java:73)
08-06 06:18:53.978 15430 15430 I Glide   : 	at okhttp3.RealCall$AsyncCall.execute(RealCall.java:174)
08-06 06:18:53.978 15430 15430 I Glide   : 	at okhttp3.internal.NamedRunnable.run(NamedRunnable.java:32)
08-06 06:18:53.978 15430 15430 I Glide   : 	at java.util.concurrent.ThreadPoolExecutor.runWorker(ThreadPoolExecutor.java:1113)
08-06 06:18:53.978 15430 15430 I Glide   : 	at java.util.concurrent.ThreadPoolExecutor$Worker.run(ThreadPoolExecutor.java:588)
08-06 06:18:53.978 15430 15430 I Glide   : 	at java.lang.Thread.run(Thread.java:818)
08-06 06:18:54.157 15430 15447 I art     : Starting a blocking GC Explicit
08-06 06:18:54.211 15430 15447 I art     : Explicit concurrent mark sweep GC freed 2512(163KB) AllocSpace objects, 1(20KB) LOS objects, 23% free, 50MB/66MB, paused 1.603ms total 53.147ms
08-06 06:18:54.227 15430 15447 I art     : Starting a blocking GC Explicit
08-06 06:18:54.274 15430 15447 I art     : Explicit concurrent mark sweep GC freed 82(3KB) AllocSpace objects, 0(0B) LOS objects, 23% free, 50MB/66MB, paused 1.610ms total 46.920ms
08-06 06:18:54.288 15430 15447 I art     : Starting a blocking GC Explicit
08-06 06:18:54.336 15430 15447 I art     : Explicit concurrent mark sweep GC freed 3(96B) AllocSpace objects, 0(0B) LOS objects, 23% free, 50MB/66MB, paused 1.653ms total 47.305ms
08-06 06:18:54.350 15430 15447 I art     : Starting a blocking GC Explicit
08-06 06:18:54.398 15430 15447 I art     : Explicit concurrent mark sweep GC freed 3(96B) AllocSpace objects, 0(0B) LOS objects, 23% free, 50MB/66MB, paused 1.665ms total 47.887ms
08-06 06:18:54.411 15430 15447 I art     : Starting a blocking GC Explicit
08-06 06:18:54.460 15430 15447 I art     : Explicit concurrent mark sweep GC freed 3(96B) AllocSpace objects, 0(0B) LOS objects, 23% free, 50MB/66MB, paused 1.648ms total 47.839ms
08-06 06:18:54.840 15430 15446 I art     : Starting a blocking GC Explicit
08-06 06:18:54.887 15430 15446 I art     : Explicit concurrent mark sweep GC freed 1472(83KB) AllocSpace objects, 1(20KB) LOS objects, 23% free, 50MB/66MB, paused 1.573ms total 47.464ms
08-06 06:18:54.901 15430 15446 I art     : Starting a blocking GC Explicit
08-06 06:18:54.949 15430 15446 I art     : Explicit concurrent mark sweep GC freed 40(1328B) AllocSpace objects, 0(0B) LOS objects, 23% free, 50MB/66MB, paused 1.711ms total 47.601ms
08-06 06:18:54.965 15430 15446 I art     : Starting a blocking GC Explicit
08-06 06:18:55.013 15430 15446 I art     : Explicit concurrent mark sweep GC freed 3(96B) AllocSpace objects, 0(0B) LOS objects, 23% free, 50MB/66MB, paused 1.500ms total 47.443ms
08-06 06:18:55.027 15430 15446 I art     : Starting a blocking GC Explicit
08-06 06:18:55.075 13866 13882 I PeriodicStatsRunner: PeriodicStatsRunner.call():175 call()
08-06 06:18:55.075 15430 15446 I art     : Explicit concurrent mark sweep GC freed 3(96B) AllocSpace objects, 0(0B) LOS objects, 23% free, 50MB/66MB, paused 1.637ms total 48.225ms
08-06 06:18:55.076 13866 13882 I PeriodicStatsRunner: PeriodicStatsRunner.call():179 No submit PeriodicStats since input started.
08-06 06:18:55.091 15430 15446 I art     : Starting a blocking GC Explicit
08-06 06:18:55.138 15430 15446 I art     : Explicit concurrent mark sweep GC freed 3(96B) AllocSpace objects, 0(0B) LOS objects, 23% free, 50MB/66MB, paused 1.676ms total 47.210ms
08-06 06:18:55.475 13866 13882 I PeriodicStatsRunner: PeriodicStatsRunner.call():175 call()
08-06 06:18:55.476 13866 13882 I PeriodicStatsRunner: PeriodicStatsRunner.call():179 No submit PeriodicStats since input started.
08-06 06:18:55.542 15430 16638 I art     : Starting a blocking GC Explicit
08-06 06:18:55.603 15430 16638 I art     : Explicit concurrent mark sweep GC freed 1412(82KB) AllocSpace objects, 1(20KB) LOS objects, 23% free, 50MB/66MB, paused 1.618ms total 61.023ms
08-06 06:18:55.619 15430 16638 I art     : Starting a blocking GC Explicit
08-06 06:18:55.666 15430 16638 I art     : Explicit concurrent mark sweep GC freed 23(752B) AllocSpace objects, 0(0B) LOS objects, 23% free, 50MB/66MB, paused 1.593ms total 46.969ms
08-06 06:18:55.680 15430 16638 I art     : Starting a blocking GC Explicit
08-06 06:18:55.726 15430 16638 I art     : Explicit concurrent mark sweep GC freed 3(96B) AllocSpace objects, 0(0B) LOS objects, 23% free, 50MB/66MB, paused 1.514ms total 45.376ms
08-06 06:18:55.739 15430 16638 I art     : Starting a blocking GC Explicit
08-06 06:18:55.786 15430 16638 I art     : Explicit concurrent mark sweep GC freed 3(96B) AllocSpace objects, 0(0B) LOS objects, 23% free, 50MB/66MB, paused 1.605ms total 45.753ms
08-06 06:18:55.799 15430 16638 I art     : Starting a blocking GC Explicit
08-06 06:18:55.846 15430 16638 I art     : Explicit concurrent mark sweep GC freed 3(96B) AllocSpace objects, 0(0B) LOS objects, 23% free, 50MB/66MB, paused 1.599ms total 46.738ms
08-06 06:18:56.267 15430 15511 I art     : Starting a blocking GC Explicit
08-06 06:18:56.329 15430 15511 I art     : Explicit concurrent mark sweep GC freed 1381(81KB) AllocSpace objects, 1(20KB) LOS objects, 23% free, 50MB/66MB, paused 1.861ms total 61.914ms
08-06 06:18:56.344 15430 15511 I art     : Starting a blocking GC Explicit
08-06 06:18:56.391 15430 15511 I art     : Explicit concurrent mark sweep GC freed 23(752B) AllocSpace objects, 0(0B) LOS objects, 23% free, 50MB/66MB, paused 1.634ms total 46.428ms
08-06 06:18:56.404 15430 15511 I art     : Starting a blocking GC Explicit
08-06 06:18:56.452 15430 15511 I art     : Explicit concurrent mark sweep GC freed 3(96B) AllocSpace objects, 0(0B) LOS objects, 23% free, 50MB/66MB, paused 1.634ms total 46.898ms
08-06 06:18:56.465 15430 15511 I art     : Starting a blocking GC Explicit
08-06 06:18:56.512 15430 15511 I art     : Explicit concurrent mark sweep GC freed 3(96B) AllocSpace objects, 0(0B) LOS objects, 23% free, 50MB/66MB, paused 1.611ms total 46.441ms
08-06 06:18:56.525 15430 15511 I art     : Starting a blocking GC Explicit
08-06 06:18:56.575 15430 15511 I art     : Explicit concurrent mark sweep GC freed 3(96B) AllocSpace objects, 0(0B) LOS objects, 23% free, 50MB/66MB, paused 1.711ms total 48.857ms
08-06 06:18:56.943 15430 15511 I art     : Starting a blocking GC Explicit
08-06 06:18:56.969 13866 13882 I PeriodicStatsRunner: PeriodicStatsRunner.call():175 call()
08-06 06:18:56.969 13866 13882 I PeriodicStatsRunner: PeriodicStatsRunner.call():179 No submit PeriodicStats since input started.
08-06 06:18:57.003 15430 15511 I art     : Explicit concurrent mark sweep GC freed 1453(84KB) AllocSpace objects, 1(20KB) LOS objects, 23% free, 50MB/66MB, paused 1.727ms total 59.175ms
08-06 06:18:57.019 15430 15511 I art     : Starting a blocking GC Explicit
08-06 06:18:57.066 15430 15511 I art     : Explicit concurrent mark sweep GC freed 29(976B) AllocSpace objects, 0(0B) LOS objects, 23% free, 50MB/66MB, paused 1.635ms total 47.457ms
08-06 06:18:57.080 15430 15511 I art     : Starting a blocking GC Explicit
08-06 06:18:57.126 15430 15511 I art     : Explicit concurrent mark sweep GC freed 3(96B) AllocSpace objects, 0(0B) LOS objects, 23% free, 50MB/66MB, paused 1.513ms total 45.756ms
08-06 06:18:57.140 15430 15511 I art     : Starting a blocking GC Explicit
08-06 06:18:57.188 15430 15511 I art     : Explicit concurrent mark sweep GC freed 3(96B) AllocSpace objects, 0(0B) LOS objects, 23% free, 50MB/66MB, paused 1.746ms total 48.564ms
08-06 06:18:57.202 15430 15511 I art     : Starting a blocking GC Explicit
08-06 06:18:57.247 15430 15511 I art     : Explicit concurrent mark sweep GC freed 3(96B) AllocSpace objects, 0(0B) LOS objects, 23% free, 50MB/66MB, paused 1.536ms total 44.413ms
08-06 06:18:57.314   918  3188 I hubconnection: sensorhub said: 'set_bias 3: -5.4048, 0.0000, 0.0000'
08-06 06:18:57.647 15430 15447 I art     : Starting a blocking GC Explicit
08-06 06:18:57.704 15430 15447 I art     : Explicit concurrent mark sweep GC freed 1417(83KB) AllocSpace objects, 1(20KB) LOS objects, 23% free, 50MB/66MB, paused 1.708ms total 56.576ms
08-06 06:18:57.721 15430 15447 I art     : Starting a blocking GC Explicit
08-06 06:18:57.766 15430 15447 I art     : Explicit concurrent mark sweep GC freed 23(752B) AllocSpace objects, 0(0B) LOS objects, 23% free, 50MB/66MB, paused 1.562ms total 45.134ms
08-06 06:18:57.780 15430 15447 I art     : Starting a blocking GC Explicit
08-06 06:18:57.828 15430 15447 I art     : Explicit concurrent mark sweep GC freed 3(96B) AllocSpace objects, 0(0B) LOS objects, 23% free, 50MB/66MB, paused 1.715ms total 48.028ms
08-06 06:18:57.842 15430 15447 I art     : Starting a blocking GC Explicit
08-06 06:18:57.888 15430 15447 I art     : Explicit concurrent mark sweep GC freed 3(96B) AllocSpace objects, 0(0B) LOS objects, 23% free, 50MB/66MB, paused 1.654ms total 46.402ms
08-06 06:18:57.902 15430 15447 I art     : Starting a blocking GC Explicit
08-06 06:18:57.950 15430 15447 I art     : Explicit concurrent mark sweep GC freed 3(96B) AllocSpace objects, 0(0B) LOS objects, 23% free, 50MB/66MB, paused 1.659ms total 47.720ms
08-06 06:18:58.015   518   646 I ThermalEngine: ACTION: GPU - Setting GPU[0] to 510000000
08-06 06:18:58.286 15430 15446 I art     : Starting a blocking GC Explicit
08-06 06:18:58.328 15430 15446 I art     : Explicit concurrent mark sweep GC freed 1381(81KB) AllocSpace objects, 1(20KB) LOS objects, 23% free, 50MB/66MB, paused 1.481ms total 41.846ms
08-06 06:18:58.341 15430 15446 I art     : Starting a blocking GC Explicit
08-06 06:18:58.376 15430 15446 I art     : Explicit concurrent mark sweep GC freed 23(752B) AllocSpace objects, 0(0B) LOS objects, 23% free, 50MB/66MB, paused 1.195ms total 34.483ms
08-06 06:18:58.386 15430 15446 I art     : Starting a blocking GC Explicit
08-06 06:18:58.420 15430 15446 I art     : Explicit concurrent mark sweep GC freed 3(96B) AllocSpace objects, 0(0B) LOS objects, 23% free, 50MB/66MB, paused 1.344ms total 33.769ms
08-06 06:18:58.430 15430 15446 I art     : Starting a blocking GC Explicit
08-06 06:18:58.464 15430 15446 I art     : Explicit concurrent mark sweep GC freed 3(96B) AllocSpace objects, 0(0B) LOS objects, 23% free, 50MB/66MB, paused 1.138ms total 33.673ms
08-06 06:18:58.474 15430 15446 I art     : Starting a blocking GC Explicit
08-06 06:18:58.507 15430 15446 I art     : Explicit concurrent mark sweep GC freed 3(96B) AllocSpace objects, 0(0B) LOS objects, 23% free, 50MB/66MB, paused 1.262ms total 33.286ms
08-06 06:18:58.560 18637 18637 D AndroidRuntime: >>>>>> START com.android.internal.os.RuntimeInit uid 2000 <<<<<<
08-06 06:18:58.565 18637 18637 D AndroidRuntime: CheckJNI is OFF
08-06 06:18:58.599 18637 18637 D ICU     : No timezone override file found: /data/misc/zoneinfo/current/icu/icu_tzdata.dat
08-06 06:18:58.632 18637 18637 I Radio-JNI: register_android_hardware_Radio DONE
08-06 06:18:58.654 18637 18637 D AndroidRuntime: Calling main entry com.android.commands.input.Input
08-06 06:18:58.656 18637 18637 I Input   : injectMotionEvent: MotionEvent { action=ACTION_DOWN, actionButton=0, id[0]=0, x[0]=526.0, y[0]=597.0, toolType[0]=TOOL_TYPE_UNKNOWN, buttonState=0, metaState=0, flags=0x0, edgeFlags=0x0, pointerCount=1, historySize=0, eventTime=857955069, downTime=857955069, deviceId=0, source=0x1002 }
08-06 06:18:58.662 18637 18637 I Input   : injectMotionEvent: MotionEvent { action=ACTION_UP, actionButton=0, id[0]=0, x[0]=526.0, y[0]=597.0, toolType[0]=TOOL_TYPE_UNKNOWN, buttonState=0, metaState=0, flags=0x0, edgeFlags=0x0, pointerCount=1, historySize=0, eventTime=857955069, downTime=857955069, deviceId=0, source=0x1002 }
08-06 06:18:58.665 18637 18637 D AndroidRuntime: Shutting down VM
08-06 06:18:58.729 15430 15430 D PodcastListFragment: Selected podcast: GpodnetPodcast [url=http://feeds.feedburner.com/linuxoutlaws, title=Linux Outlaws, description=Two pragmatic geeks talk about the latest news concerning Linux, free and open
08-06 06:18:58.729 15430 15430 D PodcastListFragment: technology or anything else they deem noteworthy which may include such absurd
08-06 06:18:58.729 15430 15430 D PodcastListFragment: things as hockey or bands you never heard of. This means there's many a joke
08-06 06:18:58.729 15430 15430 D PodcastListFragment: and derailed conversation along the way, so don't come here expecting only
08-06 06:18:58.729 15430 15430 D PodcastListFragment: Linux or software freedom talk  just sit back and relax, partner., subscribers=3321, logoUrl=http://sixgun.org/files/linuxoutlaws.jpg, website=http://sixgun.org, mygpoLink=http://gpodder.net/podcast/linux-outlaws-mp3]
08-06 06:18:58.730   918  6112 I ActivityManager: START u0 {cmp=baseline.de.danoeh.antennapod.debug/baseline.de.danoeh.antennapod.activity.OnlineFeedViewActivity (has extras)} from uid 10711 on display 0
08-06 06:18:58.731   512  2967 D audio_hw_primary: out_set_parameters: enter: usecase(1: low-latency-playback) kvpairs: routing=2
08-06 06:18:58.744   512  2967 D audio_hw_primary: select_devices: out_snd_device(2: speaker) in_snd_device(0: none)
08-06 06:18:58.744   512  2967 D msm8974_platform: platform_send_audio_calibration: sending audio calibration for snd_device(2) acdb_id(15)
08-06 06:18:58.744   512  2967 I soundtrigger: audio_extn_sound_trigger_update_device_status: device 0x2 of type 0 for Event 1
08-06 06:18:58.756   512  2967 D audio_hw_primary: enable_snd_device: snd_device(2: speaker)
08-06 06:18:58.758   512  2967 D audio_hw_primary: enable_audio_route: apply and update mixer path: low-latency-playback speaker
08-06 06:18:58.759 15430 15430 D UserPreferences: Using default data folder
08-06 06:18:58.760 15430 15430 D OnlineFeedViewActivity: Activity was started with url http://feeds.feedburner.com/linuxoutlaws
08-06 06:18:58.764 15430 15430 D OnlineFeedViewActivity: Starting feed download
08-06 06:18:58.766 15430 15963 D DBReader: Extracting Feedlist
08-06 06:18:58.768   918  3714 D WifiService: acquireWifiLockLocked: WifiLock{Downloader type=1 binder=android.os.BinderProxy@c180f1f}
08-06 06:18:58.769 15430 15963 D AntennapodHttpClient: Creating new instance of HTTP client
08-06 06:18:58.814 13866 13866 I GoogleInputMethodServic: GoogleInputMethodService.onFinishInput():3138 
08-06 06:18:58.815 13866 13866 I GoogleInputMethodServic: GoogleInputMethodService.onStartInput():1808 
08-06 06:18:58.818 15430 15511 I art     : Starting a blocking GC Explicit
08-06 06:18:58.837   918   936 I ActivityManager: Displayed baseline.de.danoeh.antennapod.debug/baseline.de.danoeh.antennapod.activity.OnlineFeedViewActivity: +95ms
08-06 06:18:58.843 15430 15963 D MYTAG   : interceptor 3a http://feeds.feedburner.com/linuxoutlaws
08-06 06:18:58.843 15430 15963 I NAPPA_EXPERIMENTATION: MetricNetworkRequestExecutionTime: REQUEST_DURATION_SYSTEM='73',REQUEST_DURATION_OKHTTP='40',REQUEST_SYNCHRONOUS='TRUE',RESPONSE_CODE='200',RESPONSE_METHOD='GET',RESPONSE_LENGTH_OKHTTP='-1',RESPONSE_LENGTH_HEADER='-2',REQUEST_PROTOCOL='http/1.1',REQUEST_URL='http://feeds.feedburner.com/linuxoutlaws',
08-06 06:18:58.843 15430 15963 D HttpDownloader: Response code is 200
08-06 06:18:58.843 15430 15963 D UserPreferences: Using default data folder
08-06 06:18:58.847 15430 15963 D HttpDownloader: Getting size of download
08-06 06:18:58.847 15430 15963 D HttpDownloader: Size is -1
08-06 06:18:58.847 15430 15963 D UserPreferences: Using default data folder
08-06 06:18:58.847 15430 15963 D HttpDownloader: Free space is 20186382336
08-06 06:18:58.847 15430 15963 D HttpDownloader: Starting download
08-06 06:18:58.855 15430 15963 D HttpDownloader: Download was successful
08-06 06:18:58.856   918   928 D WifiService: releaseWifiLockLocked: WifiLock{Downloader type=1 binder=android.os.BinderProxy@c180f1f}
08-06 06:18:58.857 15430 15511 I art     : Explicit concurrent mark sweep GC freed 3035(218KB) AllocSpace objects, 2(40KB) LOS objects, 23% free, 51MB/67MB, paused 1.363ms total 38.434ms
08-06 06:18:58.867 15430 15511 I art     : Starting a blocking GC Explicit
08-06 06:18:58.873 15430 15455 D OpenGLRenderer: endAllStagingAnimators on 0x7f7d1bf800 (GridView) with handle 0x7f7e43e2a0
08-06 06:18:58.878 15430 15430 D OnlineFeedViewActivity: Parsing feed
08-06 06:18:58.883 15430 18671 D TypeGetter: Recognized type RSS 2.0
08-06 06:18:58.885 15430 18671 D SyndHandler: Recognized Content namespace
08-06 06:18:58.886 15430 18671 D SyndHandler: Recognized DublinCore namespace
08-06 06:18:58.886 15430 18671 D SyndHandler: Recognized Atom namespace
08-06 06:18:58.886 15430 18671 D SyndHandler: Recognized ITunes namespace
08-06 06:18:58.886 15430 18671 D SyndHandler: Recognized media namespace
08-06 06:18:58.901 15430 15511 I art     : Explicit concurrent mark sweep GC freed 1464(275KB) AllocSpace objects, 3(60KB) LOS objects, 23% free, 51MB/67MB, paused 1.436ms total 34.049ms
08-06 06:18:58.911 15430 15511 I art     : Starting a blocking GC Explicit
08-06 06:18:58.919 15430 18671 D OnlineFeedViewActivity: Deleted feed source file. Result: true
08-06 06:18:58.919 15430 15430 D OnlineFeedViewActivity: Removing HTML from shownotes
08-06 06:18:58.935 15430 16366 D ApOkHttpUrlLoader: buildLoadData() called with: model = [http://sixgun.org/files/linuxoutlaws.jpg], width = [350], height = [350]
08-06 06:18:58.936 15430 16178 D DBReader: getImageAuthentication() called with: imageUrl = [http://sixgun.org/files/linuxoutlaws.jpg]
08-06 06:18:58.941 15430 16178 D ApOkHttpUrlLoader: no credentials for 'http://sixgun.org/files/linuxoutlaws.jpg'
08-06 06:18:58.946 15430 15511 I art     : Explicit concurrent mark sweep GC freed 3787(430KB) AllocSpace objects, 11(748KB) LOS objects, 23% free, 51MB/67MB, paused 1.814ms total 34.771ms
08-06 06:18:58.956 15430 15511 I art     : Starting a blocking GC Explicit
08-06 06:18:58.976 15430 16178 D DBWriter: updateFeedDownloadURL(original: http://sixgun.org/files/linuxoutlaws.jpg, updated: https://fab.industries/sixgun/files/linuxoutlaws.jpg)
08-06 06:18:58.992 15430 15511 I art     : Explicit concurrent mark sweep GC freed 6960(381KB) AllocSpace objects, 0(0B) LOS objects, 23% free, 51MB/67MB, paused 1.204ms total 35.754ms
08-06 06:18:59.003 15430 15511 I art     : Starting a blocking GC Explicit
08-06 06:18:59.039 15430 15511 I art     : Explicit concurrent mark sweep GC freed 1559(67KB) AllocSpace objects, 0(0B) LOS objects, 23% free, 51MB/67MB, paused 1.241ms total 35.289ms
08-06 06:18:59.088   380   380 W SurfaceFlinger: couldn't log to binary event log: overflow.
08-06 06:18:59.118 15430 16178 D MYTAG   : interceptor 2a
08-06 06:18:59.119 15430 16178 I NAPPA_EXPERIMENTATION: MetricNetworkRequestExecutionTime: REQUEST_DURATION_SYSTEM='177',REQUEST_DURATION_OKHTTP='140',REQUEST_SYNCHRONOUS='TRUE',RESPONSE_CODE='404',RESPONSE_METHOD='GET',RESPONSE_LENGTH_OKHTTP='-1',RESPONSE_LENGTH_HEADER='1503',REQUEST_PROTOCOL='h2',REQUEST_URL='https://fab.industries/sixgun/files/linuxoutlaws.jpg',
08-06 06:18:59.119 15430 15430 W Glide   : Load failed for http://sixgun.org/files/linuxoutlaws.jpg with size [350x350]
08-06 06:18:59.119 15430 15430 W Glide   : class com.bumptech.glide.load.engine.GlideException: Failed to load resource
08-06 06:18:59.119 15430 15430 W Glide   : There was 1 cause:
08-06 06:18:59.119 15430 15430 W Glide   : com.bumptech.glide.load.HttpException()
08-06 06:18:59.119 15430 15430 W Glide   :  call GlideException#logRootCauses(String) for more detail
08-06 06:18:59.119 15430 15430 W Glide   :   Cause (1 of 1): class com.bumptech.glide.load.engine.GlideException: Fetching data failed, class java.io.InputStream, REMOTE
08-06 06:18:59.119 15430 15430 W Glide   : There was 1 cause:
08-06 06:18:59.119 15430 15430 W Glide   : com.bumptech.glide.load.HttpException()
08-06 06:18:59.119 15430 15430 W Glide   :  call GlideException#logRootCauses(String) for more detail
08-06 06:18:59.119 15430 15430 W Glide   :     Cause (1 of 1): class com.bumptech.glide.load.HttpException: 
08-06 06:18:59.120 15430 15430 I Glide   : Root cause (1 of 1)
08-06 06:18:59.120 15430 15430 I Glide   : com.bumptech.glide.load.HttpException: 
08-06 06:18:59.120 15430 15430 I Glide   : 	at com.bumptech.glide.integration.okhttp3.OkHttpStreamFetcher.onResponse(OkHttpStreamFetcher.java:73)
08-06 06:18:59.120 15430 15430 I Glide   : 	at okhttp3.RealCall$AsyncCall.execute(RealCall.java:174)
08-06 06:18:59.120 15430 15430 I Glide   : 	at okhttp3.internal.NamedRunnable.run(NamedRunnable.java:32)
08-06 06:18:59.120 15430 15430 I Glide   : 	at java.util.concurrent.ThreadPoolExecutor.runWorker(ThreadPoolExecutor.java:1113)
08-06 06:18:59.120 15430 15430 I Glide   : 	at java.util.concurrent.ThreadPoolExecutor$Worker.run(ThreadPoolExecutor.java:588)
08-06 06:18:59.120 15430 15430 I Glide   : 	at java.lang.Thread.run(Thread.java:818)
08-06 06:18:59.211 15430 15430 D PlaybackController: Releasing PlaybackController
08-06 06:18:59.298   512  2967 D audio_hw_primary: disable_audio_route: reset and update mixer path: low-latency-playback speaker
08-06 06:18:59.299   512  2967 D audio_hw_primary: disable_snd_device: snd_device(2: speaker)
08-06 06:18:59.306   512  2967 I soundtrigger: audio_extn_sound_trigger_update_device_status: device 0x2 of type 0 for Event 0
08-06 06:18:59.363 15430 15511 I art     : Starting a blocking GC Explicit
08-06 06:18:59.400 15430 15511 I art     : Explicit concurrent mark sweep GC freed 2129(144KB) AllocSpace objects, 2(132KB) LOS objects, 23% free, 51MB/67MB, paused 1.244ms total 36.241ms
08-06 06:18:59.411 15430 15511 I art     : Starting a blocking GC Explicit
08-06 06:18:59.446 15430 15511 I art     : Explicit concurrent mark sweep GC freed 58(2032B) AllocSpace objects, 0(0B) LOS objects, 23% free, 51MB/67MB, paused 1.176ms total 34.768ms
08-06 06:18:59.456 15430 15511 I art     : Starting a blocking GC Explicit
08-06 06:18:59.493 15430 15511 I art     : Explicit concurrent mark sweep GC freed 3(96B) AllocSpace objects, 0(0B) LOS objects, 23% free, 51MB/67MB, paused 1.188ms total 36.499ms
08-06 06:18:59.504 15430 15511 I art     : Starting a blocking GC Explicit
08-06 06:18:59.540 15430 15511 I art     : Explicit concurrent mark sweep GC freed 3(96B) AllocSpace objects, 0(0B) LOS objects, 23% free, 51MB/67MB, paused 1.257ms total 36.213ms
08-06 06:18:59.551 15430 15511 I art     : Starting a blocking GC Explicit
08-06 06:18:59.586 15430 15511 I art     : Explicit concurrent mark sweep GC freed 3(96B) AllocSpace objects, 0(0B) LOS objects, 23% free, 51MB/67MB, paused 1.172ms total 34.951ms
08-06 06:18:59.933 15430 16638 I art     : Starting a blocking GC Explicit
08-06 06:18:59.980 15430 16638 I art     : Explicit concurrent mark sweep GC freed 1410(81KB) AllocSpace objects, 1(20KB) LOS objects, 23% free, 51MB/67MB, paused 1.443ms total 46.952ms
08-06 06:18:59.992 15430 16638 I art     : Starting a blocking GC Explicit
08-06 06:19:00.020   518   646 I ThermalEngine: ACTION: GPU - Setting GPU[0] to 450000000
08-06 06:19:00.036 15430 16638 I art     : Explicit concurrent mark sweep GC freed 23(752B) AllocSpace objects, 0(0B) LOS objects, 23% free, 51MB/67MB, paused 1.591ms total 43.556ms
08-06 06:19:00.050 15430 16638 I art     : Starting a blocking GC Explicit
08-06 06:19:00.090 15430 16638 I art     : Explicit concurrent mark sweep GC freed 3(96B) AllocSpace objects, 0(0B) LOS objects, 23% free, 51MB/67MB, paused 1.466ms total 40.543ms
08-06 06:19:00.103 15430 16638 I art     : Starting a blocking GC Explicit
08-06 06:19:00.147 15430 16638 I art     : Explicit concurrent mark sweep GC freed 3(96B) AllocSpace objects, 0(0B) LOS objects, 23% free, 51MB/67MB, paused 1.549ms total 43.623ms
08-06 06:19:00.160 15430 16638 I art     : Starting a blocking GC Explicit
08-06 06:19:00.206 15430 16638 I art     : Explicit concurrent mark sweep GC freed 3(96B) AllocSpace objects, 0(0B) LOS objects, 23% free, 51MB/67MB, paused 1.603ms total 45.332ms
08-06 06:19:00.569 15430 15446 I art     : Starting a blocking GC Explicit
08-06 06:19:00.617 15430 15446 I art     : Explicit concurrent mark sweep GC freed 1419(82KB) AllocSpace objects, 1(20KB) LOS objects, 23% free, 51MB/67MB, paused 1.451ms total 47.709ms
08-06 06:19:00.629 15430 15446 I art     : Starting a blocking GC Explicit
08-06 06:19:00.671 15430 15446 I art     : Explicit concurrent mark sweep GC freed 29(944B) AllocSpace objects, 0(0B) LOS objects, 23% free, 51MB/67MB, paused 1.590ms total 41.821ms
08-06 06:19:00.684 15430 15446 I art     : Starting a blocking GC Explicit
08-06 06:19:00.728 15430 15446 I art     : Explicit concurrent mark sweep GC freed 11(352B) AllocSpace objects, 0(0B) LOS objects, 23% free, 51MB/67MB, paused 1.571ms total 44.093ms
08-06 06:19:00.742 15430 15446 I art     : Starting a blocking GC Explicit
08-06 06:19:00.784 15430 15446 I art     : Explicit concurrent mark sweep GC freed 10(320B) AllocSpace objects, 0(0B) LOS objects, 23% free, 51MB/67MB, paused 1.492ms total 41.836ms
08-06 06:19:00.796 15430 15446 I art     : Starting a blocking GC Explicit
08-06 06:19:00.841 15430 15446 I art     : Explicit concurrent mark sweep GC freed 3(96B) AllocSpace objects, 0(0B) LOS objects, 23% free, 51MB/67MB, paused 1.471ms total 44.617ms
08-06 06:19:01.236 15430 16638 I art     : Starting a blocking GC Explicit
08-06 06:19:01.295 15430 16638 I art     : Explicit concurrent mark sweep GC freed 1381(81KB) AllocSpace objects, 1(20KB) LOS objects, 23% free, 51MB/67MB, paused 1.675ms total 58.622ms
08-06 06:19:01.312 15430 16638 I art     : Starting a blocking GC Explicit
08-06 06:19:01.362 15430 16638 I art     : Explicit concurrent mark sweep GC freed 23(752B) AllocSpace objects, 0(0B) LOS objects, 23% free, 51MB/67MB, paused 1.650ms total 48.868ms
08-06 06:19:01.376 15430 16638 I art     : Starting a blocking GC Explicit
08-06 06:19:01.426 15430 16638 I art     : Explicit concurrent mark sweep GC freed 3(96B) AllocSpace objects, 0(0B) LOS objects, 23% free, 51MB/67MB, paused 1.645ms total 49.685ms
08-06 06:19:01.440 15430 16638 I art     : Starting a blocking GC Explicit
08-06 06:19:01.487 15430 16638 I art     : Explicit concurrent mark sweep GC freed 3(96B) AllocSpace objects, 0(0B) LOS objects, 23% free, 51MB/67MB, paused 1.706ms total 47.306ms
08-06 06:19:01.501 15430 16638 I art     : Starting a blocking GC Explicit
08-06 06:19:01.551 15430 16638 I art     : Explicit concurrent mark sweep GC freed 3(96B) AllocSpace objects, 0(0B) LOS objects, 23% free, 51MB/67MB, paused 1.600ms total 50.142ms
08-06 06:19:01.927 15430 15446 I art     : Starting a blocking GC Explicit
08-06 06:19:01.972 15430 15446 I art     : Explicit concurrent mark sweep GC freed 1410(81KB) AllocSpace objects, 1(20KB) LOS objects, 23% free, 51MB/67MB, paused 1.597ms total 45.237ms
08-06 06:19:01.986 15430 15446 I art     : Starting a blocking GC Explicit
08-06 06:19:02.031 15430 15446 I art     : Explicit concurrent mark sweep GC freed 37(1200B) AllocSpace objects, 0(0B) LOS objects, 23% free, 51MB/67MB, paused 1.689ms total 45.202ms
08-06 06:19:02.045 15430 15446 I art     : Starting a blocking GC Explicit
08-06 06:19:02.095 15430 15446 I art     : Explicit concurrent mark sweep GC freed 3(96B) AllocSpace objects, 0(0B) LOS objects, 23% free, 51MB/67MB, paused 1.646ms total 50.060ms
08-06 06:19:02.112 15430 15446 I art     : Starting a blocking GC Explicit
08-06 06:19:02.164 15430 15446 I art     : Explicit concurrent mark sweep GC freed 3(96B) AllocSpace objects, 0(0B) LOS objects, 23% free, 51MB/67MB, paused 1.585ms total 51.735ms
08-06 06:19:02.178 15430 15446 I art     : Starting a blocking GC Explicit
08-06 06:19:02.227 15430 15446 I art     : Explicit concurrent mark sweep GC freed 3(96B) AllocSpace objects, 0(0B) LOS objects, 23% free, 51MB/67MB, paused 1.652ms total 48.183ms
08-06 06:19:02.634 15430 16638 I art     : Starting a blocking GC Explicit
08-06 06:19:02.695 15430 16638 I art     : Explicit concurrent mark sweep GC freed 1412(84KB) AllocSpace objects, 1(20KB) LOS objects, 23% free, 51MB/67MB, paused 1.771ms total 60.487ms
08-06 06:19:02.711 15430 16638 I art     : Starting a blocking GC Explicit
08-06 06:19:02.760 15430 16638 I art     : Explicit concurrent mark sweep GC freed 23(752B) AllocSpace objects, 0(0B) LOS objects, 23% free, 51MB/67MB, paused 1.550ms total 48.381ms
08-06 06:19:02.773 15430 16638 I art     : Starting a blocking GC Explicit
08-06 06:19:02.824 15430 16638 I art     : Explicit concurrent mark sweep GC freed 3(96B) AllocSpace objects, 0(0B) LOS objects, 23% free, 51MB/67MB, paused 1.652ms total 49.879ms
08-06 06:19:02.838 15430 16638 I art     : Starting a blocking GC Explicit
08-06 06:19:02.885 15430 16638 I art     : Explicit concurrent mark sweep GC freed 3(96B) AllocSpace objects, 0(0B) LOS objects, 23% free, 51MB/67MB, paused 1.646ms total 47.223ms
08-06 06:19:02.900 15430 16638 I art     : Starting a blocking GC Explicit
08-06 06:19:02.944 15430 16638 I art     : Explicit concurrent mark sweep GC freed 3(96B) AllocSpace objects, 0(0B) LOS objects, 23% free, 51MB/67MB, paused 1.451ms total 43.677ms
08-06 06:19:03.025   518   646 I ThermalEngine: ACTION: GPU - Setting GPU[0] to 510000000
08-06 06:19:03.308 15430 15447 I art     : Starting a blocking GC Explicit
08-06 06:19:03.348 15430 15447 I art     : Explicit concurrent mark sweep GC freed 1384(81KB) AllocSpace objects, 1(20KB) LOS objects, 23% free, 51MB/67MB, paused 1.337ms total 39.789ms
08-06 06:19:03.348 18732 18732 D AndroidRuntime: >>>>>> START com.android.internal.os.RuntimeInit uid 2000 <<<<<<
08-06 06:19:03.348 15430 15445 I art     : WaitForGcToComplete blocked for 19.272ms for cause HeapTrim
08-06 06:19:03.354 18732 18732 D AndroidRuntime: CheckJNI is OFF
08-06 06:19:03.359 15430 15447 I art     : Starting a blocking GC Explicit
08-06 06:19:03.388 18732 18732 D ICU     : No timezone override file found: /data/misc/zoneinfo/current/icu/icu_tzdata.dat
08-06 06:19:03.394 15430 15447 I art     : Explicit concurrent mark sweep GC freed 23(752B) AllocSpace objects, 0(0B) LOS objects, 23% free, 51MB/67MB, paused 1.229ms total 34.639ms
08-06 06:19:03.404 15430 15447 I art     : Starting a blocking GC Explicit
08-06 06:19:03.424 18732 18732 I Radio-JNI: register_android_hardware_Radio DONE
08-06 06:19:03.440 15430 15447 I art     : Explicit concurrent mark sweep GC freed 3(96B) AllocSpace objects, 0(0B) LOS objects, 23% free, 51MB/67MB, paused 1.264ms total 34.967ms
08-06 06:19:03.447 18732 18732 D AndroidRuntime: Calling main entry com.android.commands.input.Input
08-06 06:19:03.448 18732 18732 I Input   : injectKeyEvent: KeyEvent { action=ACTION_DOWN, keyCode=KEYCODE_BACK, scanCode=0, metaState=0, flags=0x0, repeatCount=0, eventTime=857959861, downTime=857959861, deviceId=-1, source=0x101 }
08-06 06:19:03.450 15430 15447 I art     : Starting a blocking GC Explicit
08-06 06:19:03.454 18732 18732 I Input   : injectKeyEvent: KeyEvent { action=ACTION_UP, keyCode=KEYCODE_BACK, scanCode=0, metaState=0, flags=0x0, repeatCount=0, eventTime=857959861, downTime=857959861, deviceId=-1, source=0x101 }
08-06 06:19:03.461 18732 18732 D AndroidRuntime: Shutting down VM
08-06 06:19:03.466 15430 15430 V PlaybackController: initServiceNotRunning()
08-06 06:19:03.466 15430 15430 D ExternalPlayerFragment: Loading media info
08-06 06:19:03.468 15430 16366 D ApOkHttpUrlLoader: buildLoadData() called with: model = [http://sixgun.org/files/linuxoutlaws.jpg], width = [224], height = [224]
08-06 06:19:03.469 15430 16178 D DBReader: getImageAuthentication() called with: imageUrl = [http://sixgun.org/files/linuxoutlaws.jpg]
08-06 06:19:03.470 15430 15430 D UserPreferences: Using default data folder
08-06 06:19:03.471 15430 15963 D DBReader: getNavDrawerData() called with: 
08-06 06:19:03.473 15430 16178 D ApOkHttpUrlLoader: no credentials for 'http://sixgun.org/files/linuxoutlaws.jpg'
08-06 06:19:03.483 15430 15963 D DBReader: getDownloadedItems() called
08-06 06:19:03.484 15430 15447 I art     : Explicit concurrent mark sweep GC freed 678(40KB) AllocSpace objects, 0(0B) LOS objects, 23% free, 51MB/67MB, paused 2.001ms total 33.373ms
08-06 06:19:03.484 15430 15963 D DBReader: getFavoriteIDList() called
08-06 06:19:03.485 15430 15963 D DBReader: getQueueIDList() called
08-06 06:19:03.486 15430 15963 D DBReader: Extracting Feedlist
08-06 06:19:03.493 15430 15447 I art     : Starting a blocking GC Explicit
08-06 06:19:03.505 13866 13866 I GoogleInputMethodServic: GoogleInputMethodService.onFinishInput():3138 
08-06 06:19:03.505 15430 15430 D MainActivity: getLastNavFragment() -> AddFeedFragment
08-06 06:19:03.506 13866 13866 I GoogleInputMethodServic: GoogleInputMethodService.onStartInput():1808 
08-06 06:19:03.526 15430 15447 I art     : Explicit concurrent mark sweep GC freed 774(50KB) AllocSpace objects, 0(0B) LOS objects, 23% free, 51MB/67MB, paused 1.209ms total 32.518ms
08-06 06:19:03.542 15430 16178 D DBWriter: updateFeedDownloadURL(original: http://sixgun.org/files/linuxoutlaws.jpg, updated: https://fab.industries/sixgun/files/linuxoutlaws.jpg)
08-06 06:19:03.687 15430 16178 D MYTAG   : interceptor 2a
08-06 06:19:03.687 15430 16178 I NAPPA_EXPERIMENTATION: MetricNetworkRequestExecutionTime: REQUEST_DURATION_SYSTEM='214',REQUEST_DURATION_OKHTTP='143',REQUEST_SYNCHRONOUS='TRUE',RESPONSE_CODE='404',RESPONSE_METHOD='GET',RESPONSE_LENGTH_OKHTTP='-1',RESPONSE_LENGTH_HEADER='1503',REQUEST_PROTOCOL='h2',REQUEST_URL='https://fab.industries/sixgun/files/linuxoutlaws.jpg',
08-06 06:19:03.689 15430 15430 W Glide   : Load failed for http://sixgun.org/files/linuxoutlaws.jpg with size [224x224]
08-06 06:19:03.689 15430 15430 W Glide   : class com.bumptech.glide.load.engine.GlideException: Failed to load resource
08-06 06:19:03.689 15430 15430 W Glide   : There was 1 cause:
08-06 06:19:03.689 15430 15430 W Glide   : com.bumptech.glide.load.HttpException()
08-06 06:19:03.689 15430 15430 W Glide   :  call GlideException#logRootCauses(String) for more detail
08-06 06:19:03.689 15430 15430 W Glide   :   Cause (1 of 1): class com.bumptech.glide.load.engine.GlideException: Fetching data failed, class java.io.InputStream, REMOTE
08-06 06:19:03.689 15430 15430 W Glide   : There was 1 cause:
08-06 06:19:03.689 15430 15430 W Glide   : com.bumptech.glide.load.HttpException()
08-06 06:19:03.689 15430 15430 W Glide   :  call GlideException#logRootCauses(String) for more detail
08-06 06:19:03.689 15430 15430 W Glide   :     Cause (1 of 1): class com.bumptech.glide.load.HttpException: 
08-06 06:19:03.689 15430 15430 I Glide   : Root cause (1 of 1)
08-06 06:19:03.689 15430 15430 I Glide   : com.bumptech.glide.load.HttpException: 
08-06 06:19:03.689 15430 15430 I Glide   : 	at com.bumptech.glide.integration.okhttp3.OkHttpStreamFetcher.onResponse(OkHttpStreamFetcher.java:73)
08-06 06:19:03.689 15430 15430 I Glide   : 	at okhttp3.RealCall$AsyncCall.execute(RealCall.java:174)
08-06 06:19:03.689 15430 15430 I Glide   : 	at okhttp3.internal.NamedRunnable.run(NamedRunnable.java:32)
08-06 06:19:03.689 15430 15430 I Glide   : 	at java.util.concurrent.ThreadPoolExecutor.runWorker(ThreadPoolExecutor.java:1113)
08-06 06:19:03.689 15430 15430 I Glide   : 	at java.util.concurrent.ThreadPoolExecutor$Worker.run(ThreadPoolExecutor.java:588)
08-06 06:19:03.689 15430 15430 I Glide   : 	at java.lang.Thread.run(Thread.java:818)
08-06 06:19:03.689 15430 15430 W Glide   : Load failed for http://sixgun.org/files/linuxoutlaws.jpg with size [224x224]
08-06 06:19:03.689 15430 15430 W Glide   : class com.bumptech.glide.load.engine.GlideException: Failed to load resource
08-06 06:19:03.689 15430 15430 W Glide   : There was 1 cause:
08-06 06:19:03.689 15430 15430 W Glide   : com.bumptech.glide.load.HttpException()
08-06 06:19:03.689 15430 15430 W Glide   :  call GlideException#logRootCauses(String) for more detail
08-06 06:19:03.689 15430 15430 W Glide   :   Cause (1 of 1): class com.bumptech.glide.load.engine.GlideException: Fetching data failed, class java.io.InputStream, REMOTE
08-06 06:19:03.689 15430 15430 W Glide   : There was 1 cause:
08-06 06:19:03.689 15430 15430 W Glide   : com.bumptech.glide.load.HttpException()
08-06 06:19:03.689 15430 15430 W Glide   :  call GlideException#logRootCauses(String) for more detail
08-06 06:19:03.689 15430 15430 W Glide   :     Cause (1 of 1): class com.bumptech.glide.load.HttpException: 
08-06 06:19:03.689 15430 15430 I Glide   : Root cause (1 of 1)
08-06 06:19:03.689 15430 15430 I Glide   : com.bumptech.glide.load.HttpException: 
08-06 06:19:03.689 15430 15430 I Glide   : 	at com.bumptech.glide.integration.okhttp3.OkHttpStreamFetcher.onResponse(OkHttpStreamFetcher.java:73)
08-06 06:19:03.689 15430 15430 I Glide   : 	at okhttp3.RealCall$AsyncCall.execute(RealCall.java:174)
08-06 06:19:03.689 15430 15430 I Glide   : 	at okhttp3.internal.NamedRunnable.run(NamedRunnable.java:32)
08-06 06:19:03.689 15430 15430 I Glide   : 	at java.util.concurrent.ThreadPoolExecutor.runWorker(ThreadPoolExecutor.java:1113)
08-06 06:19:03.689 15430 15430 I Glide   : 	at java.util.concurrent.ThreadPoolExecutor$Worker.run(ThreadPoolExecutor.java:588)
08-06 06:19:03.689 15430 15430 I Glide   : 	at java.lang.Thread.run(Thread.java:818)
08-06 06:19:03.806 15430 15446 I art     : Starting a blocking GC Explicit
08-06 06:19:03.815 13866 13882 I PeriodicStatsRunner: PeriodicStatsRunner.call():175 call()
08-06 06:19:03.815 13866 13882 I PeriodicStatsRunner: PeriodicStatsRunner.call():179 No submit PeriodicStats since input started.
08-06 06:19:03.826   380   380 W SurfaceFlinger: couldn't log to binary event log: overflow.
08-06 06:19:03.842 15430 15446 I art     : Explicit concurrent mark sweep GC freed 3074(210KB) AllocSpace objects, 1(20KB) LOS objects, 23% free, 51MB/67MB, paused 1.122ms total 36.030ms
08-06 06:19:03.853 15430 15446 I art     : Starting a blocking GC Explicit
08-06 06:19:03.885 15430 15446 I art     : Explicit concurrent mark sweep GC freed 283(14KB) AllocSpace objects, 0(0B) LOS objects, 23% free, 51MB/67MB, paused 1.147ms total 31.924ms
08-06 06:19:03.894 15430 15446 I art     : Starting a blocking GC Explicit
08-06 06:19:03.926 15430 15446 I art     : Explicit concurrent mark sweep GC freed 2856(235KB) AllocSpace objects, 1(28KB) LOS objects, 23% free, 50MB/66MB, paused 1.148ms total 31.587ms
08-06 06:19:03.937 15430 15446 I art     : Starting a blocking GC Explicit
08-06 06:19:03.971 15430 15446 I art     : Explicit concurrent mark sweep GC freed 3(96B) AllocSpace objects, 0(0B) LOS objects, 23% free, 50MB/66MB, paused 1.181ms total 34.309ms
08-06 06:19:03.981 15430 15446 I art     : Starting a blocking GC Explicit
08-06 06:19:04.017 15430 15446 I art     : Explicit concurrent mark sweep GC freed 3(96B) AllocSpace objects, 0(0B) LOS objects, 23% free, 50MB/66MB, paused 1.316ms total 35.363ms
08-06 06:19:04.352 15430 15447 I art     : Starting a blocking GC Explicit
08-06 06:19:04.395 15430 15447 I art     : Explicit concurrent mark sweep GC freed 1383(81KB) AllocSpace objects, 1(20KB) LOS objects, 23% free, 50MB/66MB, paused 1.223ms total 43.350ms
08-06 06:19:04.406 15430 15447 I art     : Starting a blocking GC Explicit
08-06 06:19:04.442 15430 15447 I art     : Explicit concurrent mark sweep GC freed 23(752B) AllocSpace objects, 0(0B) LOS objects, 23% free, 50MB/66MB, paused 1.303ms total 35.609ms
08-06 06:19:04.452 15430 15447 I art     : Starting a blocking GC Explicit
08-06 06:19:04.487 15430 15447 I art     : Explicit concurrent mark sweep GC freed 3(96B) AllocSpace objects, 0(0B) LOS objects, 23% free, 50MB/66MB, paused 1.232ms total 34.833ms
08-06 06:19:04.498 15430 15447 I art     : Starting a blocking GC Explicit
08-06 06:19:04.533 15430 15447 I art     : Explicit concurrent mark sweep GC freed 3(96B) AllocSpace objects, 0(0B) LOS objects, 23% free, 50MB/66MB, paused 1.189ms total 35.177ms
08-06 06:19:04.544 15430 15447 I art     : Starting a blocking GC Explicit
08-06 06:19:04.580 15430 15447 I art     : Explicit concurrent mark sweep GC freed 3(96B) AllocSpace objects, 0(0B) LOS objects, 23% free, 50MB/66MB, paused 1.248ms total 35.825ms
08-06 06:19:04.884 15430 16638 I art     : Starting a blocking GC Explicit
08-06 06:19:04.920 15430 16638 I art     : Explicit concurrent mark sweep GC freed 1411(82KB) AllocSpace objects, 1(20KB) LOS objects, 23% free, 50MB/66MB, paused 1.290ms total 35.626ms
08-06 06:19:04.931 15430 16638 I art     : Starting a blocking GC Explicit
08-06 06:19:04.965 15430 16638 I art     : Explicit concurrent mark sweep GC freed 23(752B) AllocSpace objects, 0(0B) LOS objects, 23% free, 50MB/66MB, paused 1.233ms total 34.419ms
08-06 06:19:04.975 15430 16638 I art     : Starting a blocking GC Explicit
08-06 06:19:04.984 14692 14729 I Finsky  : [6155] ktr.run(-1): Stats for Executor: BlockingExecutor kvs@358e60e[Running, pool size = 0, active threads = 0, queued tasks = 0, completed tasks = 91]
08-06 06:19:04.985 14692 14729 I Finsky  : [6155] ktr.run(-1): Stats for Executor: LightweightExecutor kvs@fc6682f[Running, pool size = 4, active threads = 0, queued tasks = 0, completed tasks = 76]
08-06 06:19:05.009 15430 16638 I art     : Explicit concurrent mark sweep GC freed 3(96B) AllocSpace objects, 0(0B) LOS objects, 23% free, 50MB/66MB, paused 1.249ms total 33.904ms
08-06 06:19:05.020 15430 16638 I art     : Starting a blocking GC Explicit
08-06 06:19:05.054 15430 16638 I art     : Explicit concurrent mark sweep GC freed 3(96B) AllocSpace objects, 0(0B) LOS objects, 23% free, 50MB/66MB, paused 1.190ms total 33.896ms
08-06 06:19:05.064 15430 16638 I art     : Starting a blocking GC Explicit
08-06 06:19:05.098 15430 16638 I art     : Explicit concurrent mark sweep GC freed 6(192B) AllocSpace objects, 0(0B) LOS objects, 23% free, 50MB/66MB, paused 1.284ms total 33.864ms
08-06 06:19:05.145 18775 18775 D AndroidRuntime: >>>>>> START com.android.internal.os.RuntimeInit uid 2000 <<<<<<
08-06 06:19:05.150 18775 18775 D AndroidRuntime: CheckJNI is OFF
08-06 06:19:05.180 18775 18775 D ICU     : No timezone override file found: /data/misc/zoneinfo/current/icu/icu_tzdata.dat
08-06 06:19:05.213 18775 18775 I Radio-JNI: register_android_hardware_Radio DONE
08-06 06:19:05.235 18775 18775 D AndroidRuntime: Calling main entry com.android.commands.input.Input
08-06 06:19:05.237 18775 18775 I Input   : injectMotionEvent: MotionEvent { action=ACTION_DOWN, actionButton=0, id[0]=0, x[0]=526.0, y[0]=597.0, toolType[0]=TOOL_TYPE_UNKNOWN, buttonState=0, metaState=0, flags=0x0, edgeFlags=0x0, pointerCount=1, historySize=0, eventTime=857961649, downTime=857961649, deviceId=0, source=0x1002 }
08-06 06:19:05.242 18775 18775 I Input   : injectMotionEvent: MotionEvent { action=ACTION_UP, actionButton=0, id[0]=0, x[0]=526.0, y[0]=597.0, toolType[0]=TOOL_TYPE_UNKNOWN, buttonState=0, metaState=0, flags=0x0, edgeFlags=0x0, pointerCount=1, historySize=0, eventTime=857961649, downTime=857961649, deviceId=0, source=0x1002 }
08-06 06:19:05.247 18775 18775 D AndroidRuntime: Shutting down VM
08-06 06:19:05.311 15430 15430 D PodcastListFragment: Selected podcast: GpodnetPodcast [url=http://feeds.feedburner.com/linuxoutlaws, title=Linux Outlaws, description=Two pragmatic geeks talk about the latest news concerning Linux, free and open
08-06 06:19:05.311 15430 15430 D PodcastListFragment: technology or anything else they deem noteworthy which may include such absurd
08-06 06:19:05.311 15430 15430 D PodcastListFragment: things as hockey or bands you never heard of. This means there's many a joke
08-06 06:19:05.311 15430 15430 D PodcastListFragment: and derailed conversation along the way, so don't come here expecting only
08-06 06:19:05.311 15430 15430 D PodcastListFragment: Linux or software freedom talk  just sit back and relax, partner., subscribers=3321, logoUrl=http://sixgun.org/files/linuxoutlaws.jpg, website=http://sixgun.org, mygpoLink=http://gpodder.net/podcast/linux-outlaws-mp3]
08-06 06:19:05.312   918  6111 I ActivityManager: START u0 {cmp=baseline.de.danoeh.antennapod.debug/baseline.de.danoeh.antennapod.activity.OnlineFeedViewActivity (has extras)} from uid 10711 on display 0
08-06 06:19:05.314   512  2967 D audio_hw_primary: out_set_parameters: enter: usecase(1: low-latency-playback) kvpairs: routing=2
08-06 06:19:05.327   512  2967 D audio_hw_primary: select_devices: out_snd_device(2: speaker) in_snd_device(0: none)
08-06 06:19:05.327   512  2967 D msm8974_platform: platform_send_audio_calibration: sending audio calibration for snd_device(2) acdb_id(15)
08-06 06:19:05.327   512  2967 I soundtrigger: audio_extn_sound_trigger_update_device_status: device 0x2 of type 0 for Event 1
08-06 06:19:05.339   512  2967 D audio_hw_primary: enable_snd_device: snd_device(2: speaker)
08-06 06:19:05.341   512  2967 D audio_hw_primary: enable_audio_route: apply and update mixer path: low-latency-playback speaker
08-06 06:19:05.357 15430 15430 D UserPreferences: Using default data folder
08-06 06:19:05.357 15430 15430 D OnlineFeedViewActivity: Activity was started with url http://feeds.feedburner.com/linuxoutlaws
08-06 06:19:05.361 15430 15430 D OnlineFeedViewActivity: Starting feed download
08-06 06:19:05.363 15430 15454 D DBReader: Extracting Feedlist
08-06 06:19:05.365   918   928 D WifiService: acquireWifiLockLocked: WifiLock{Downloader type=1 binder=android.os.BinderProxy@2b87534}
08-06 06:19:05.366 15430 15454 D AntennapodHttpClient: Creating new instance of HTTP client
08-06 06:19:05.399 15430 15511 I art     : Starting a blocking GC Explicit
08-06 06:19:05.403 13866 13866 I GoogleInputMethodServic: GoogleInputMethodService.onFinishInput():3138 
08-06 06:19:05.404 13866 13866 I GoogleInputMethodServic: GoogleInputMethodService.onStartInput():1808 
08-06 06:19:05.426   918   936 I ActivityManager: Displayed baseline.de.danoeh.antennapod.debug/baseline.de.danoeh.antennapod.activity.OnlineFeedViewActivity: +97ms
08-06 06:19:05.438 15430 15511 I art     : Explicit concurrent mark sweep GC freed 2854(187KB) AllocSpace objects, 1(20KB) LOS objects, 23% free, 51MB/67MB, paused 1.370ms total 38.090ms
08-06 06:19:05.447 15430 15455 D OpenGLRenderer: endAllStagingAnimators on 0x7f7d1bf800 (GridView) with handle 0x7f7a2d4cc0
08-06 06:19:05.448 15430 15511 I art     : Starting a blocking GC Explicit
08-06 06:19:05.481 15430 15511 I art     : Explicit concurrent mark sweep GC freed 379(17KB) AllocSpace objects, 0(0B) LOS objects, 23% free, 50MB/66MB, paused 1.155ms total 33.149ms
08-06 06:19:05.491 15430 15511 I art     : Starting a blocking GC Explicit
08-06 06:19:05.499 15430 15454 D MYTAG   : interceptor 3a http://feeds.feedburner.com/linuxoutlaws
08-06 06:19:05.499 15430 15454 I NAPPA_EXPERIMENTATION: MetricNetworkRequestExecutionTime: REQUEST_DURATION_SYSTEM='132',REQUEST_DURATION_OKHTTP='40',REQUEST_SYNCHRONOUS='TRUE',RESPONSE_CODE='200',RESPONSE_METHOD='GET',RESPONSE_LENGTH_OKHTTP='-1',RESPONSE_LENGTH_HEADER='-2',REQUEST_PROTOCOL='http/1.1',REQUEST_URL='http://feeds.feedburner.com/linuxoutlaws',
08-06 06:19:05.499 15430 15454 D HttpDownloader: Response code is 200
08-06 06:19:05.499 15430 15454 D UserPreferences: Using default data folder
08-06 06:19:05.501 15430 15454 D HttpDownloader: Getting size of download
08-06 06:19:05.501 15430 15454 D HttpDownloader: Size is -1
08-06 06:19:05.501 15430 15454 D UserPreferences: Using default data folder
08-06 06:19:05.501 15430 15454 D HttpDownloader: Free space is 20186382336
08-06 06:19:05.501 15430 15454 D HttpDownloader: Starting download
08-06 06:19:05.504 15430 15454 D HttpDownloader: Download was successful
08-06 06:19:05.504   918  6029 D WifiService: releaseWifiLockLocked: WifiLock{Downloader type=1 binder=android.os.BinderProxy@2b87534}
08-06 06:19:05.504 15430 15430 D OnlineFeedViewActivity: Parsing feed
08-06 06:19:05.507 15430 18809 D TypeGetter: Recognized type RSS 2.0
08-06 06:19:05.509 15430 18809 D SyndHandler: Recognized Content namespace
08-06 06:19:05.509 15430 18809 D SyndHandler: Recognized DublinCore namespace
08-06 06:19:05.509 15430 18809 D SyndHandler: Recognized Atom namespace
08-06 06:19:05.509 15430 18809 D SyndHandler: Recognized ITunes namespace
08-06 06:19:05.509 15430 18809 D SyndHandler: Recognized media namespace
08-06 06:19:05.525 15430 15511 I art     : Explicit concurrent mark sweep GC freed 1138(256KB) AllocSpace objects, 3(60KB) LOS objects, 23% free, 51MB/67MB, paused 1.486ms total 33.199ms
08-06 06:19:05.535 15430 15511 I art     : Starting a blocking GC Explicit
08-06 06:19:05.545 15430 18809 D OnlineFeedViewActivity: Deleted feed source file. Result: true
08-06 06:19:05.545 15430 15430 D OnlineFeedViewActivity: Removing HTML from shownotes
08-06 06:19:05.567 15430 16366 D ApOkHttpUrlLoader: buildLoadData() called with: model = [http://sixgun.org/files/linuxoutlaws.jpg], width = [350], height = [350]
08-06 06:19:05.568 15430 16178 D DBReader: getImageAuthentication() called with: imageUrl = [http://sixgun.org/files/linuxoutlaws.jpg]
08-06 06:19:05.571 15430 15511 I art     : Explicit concurrent mark sweep GC freed 3794(441KB) AllocSpace objects, 11(748KB) LOS objects, 23% free, 51MB/67MB, paused 1.801ms total 36.022ms
08-06 06:19:05.572 15430 16178 D ApOkHttpUrlLoader: no credentials for 'http://sixgun.org/files/linuxoutlaws.jpg'
08-06 06:19:05.582 15430 15511 I art     : Starting a blocking GC Explicit
08-06 06:19:05.603 15430 16178 D DBWriter: updateFeedDownloadURL(original: http://sixgun.org/files/linuxoutlaws.jpg, updated: https://fab.industries/sixgun/files/linuxoutlaws.jpg)
08-06 06:19:05.616 15430 15511 I art     : Explicit concurrent mark sweep GC freed 1409(92KB) AllocSpace objects, 0(0B) LOS objects, 23% free, 51MB/67MB, paused 1.170ms total 33.948ms
08-06 06:19:05.678   380   380 W SurfaceFlinger: couldn't log to binary event log: overflow.
08-06 06:19:05.747 15430 16178 D MYTAG   : interceptor 2a
08-06 06:19:05.748 15430 16178 I NAPPA_EXPERIMENTATION: MetricNetworkRequestExecutionTime: REQUEST_DURATION_SYSTEM='175',REQUEST_DURATION_OKHTTP='141',REQUEST_SYNCHRONOUS='TRUE',RESPONSE_CODE='404',RESPONSE_METHOD='GET',RESPONSE_LENGTH_OKHTTP='-1',RESPONSE_LENGTH_HEADER='1503',REQUEST_PROTOCOL='h2',REQUEST_URL='https://fab.industries/sixgun/files/linuxoutlaws.jpg',
08-06 06:19:05.751 15430 15430 W Glide   : Load failed for http://sixgun.org/files/linuxoutlaws.jpg with size [350x350]
08-06 06:19:05.751 15430 15430 W Glide   : class com.bumptech.glide.load.engine.GlideException: Failed to load resource
08-06 06:19:05.751 15430 15430 W Glide   : There was 1 cause:
08-06 06:19:05.751 15430 15430 W Glide   : com.bumptech.glide.load.HttpException()
08-06 06:19:05.751 15430 15430 W Glide   :  call GlideException#logRootCauses(String) for more detail
08-06 06:19:05.751 15430 15430 W Glide   :   Cause (1 of 1): class com.bumptech.glide.load.engine.GlideException: Fetching data failed, class java.io.InputStream, REMOTE
08-06 06:19:05.751 15430 15430 W Glide   : There was 1 cause:
08-06 06:19:05.751 15430 15430 W Glide   : com.bumptech.glide.load.HttpException()
08-06 06:19:05.751 15430 15430 W Glide   :  call GlideException#logRootCauses(String) for more detail
08-06 06:19:05.751 15430 15430 W Glide   :     Cause (1 of 1): class com.bumptech.glide.load.HttpException: 
08-06 06:19:05.751 15430 15430 I Glide   : Root cause (1 of 1)
08-06 06:19:05.751 15430 15430 I Glide   : com.bumptech.glide.load.HttpException: 
08-06 06:19:05.751 15430 15430 I Glide   : 	at com.bumptech.glide.integration.okhttp3.OkHttpStreamFetcher.onResponse(OkHttpStreamFetcher.java:73)
08-06 06:19:05.751 15430 15430 I Glide   : 	at okhttp3.RealCall$AsyncCall.execute(RealCall.java:174)
08-06 06:19:05.751 15430 15430 I Glide   : 	at okhttp3.internal.NamedRunnable.run(NamedRunnable.java:32)
08-06 06:19:05.751 15430 15430 I Glide   : 	at java.util.concurrent.ThreadPoolExecutor.runWorker(ThreadPoolExecutor.java:1113)
08-06 06:19:05.751 15430 15430 I Glide   : 	at java.util.concurrent.ThreadPoolExecutor$Worker.run(ThreadPoolExecutor.java:588)
08-06 06:19:05.751 15430 15430 I Glide   : 	at java.lang.Thread.run(Thread.java:818)
08-06 06:19:05.802 15430 15430 D PlaybackController: Releasing PlaybackController
08-06 06:19:05.879   512  2967 D audio_hw_primary: disable_audio_route: reset and update mixer path: low-latency-playback speaker
08-06 06:19:05.880   512  2967 D audio_hw_primary: disable_snd_device: snd_device(2: speaker)
08-06 06:19:05.888   512  2967 I soundtrigger: audio_extn_sound_trigger_update_device_status: device 0x2 of type 0 for Event 0
08-06 06:19:05.927 15430 15511 I art     : Starting a blocking GC Explicit
08-06 06:19:05.961 15430 15511 I art     : Explicit concurrent mark sweep GC freed 2712(171KB) AllocSpace objects, 2(132KB) LOS objects, 23% free, 51MB/67MB, paused 1.189ms total 33.336ms
08-06 06:19:05.971 15430 15511 I art     : Starting a blocking GC Explicit
08-06 06:19:06.003 15430 15511 I art     : Explicit concurrent mark sweep GC freed 50(1776B) AllocSpace objects, 0(0B) LOS objects, 23% free, 51MB/67MB, paused 1.215ms total 32.385ms
08-06 06:19:06.013 15430 15511 I art     : Starting a blocking GC Explicit
08-06 06:19:06.032   518   646 I ThermalEngine: ACTION: GPU - Setting GPU[0] to 450000000
08-06 06:19:06.050 15430 15511 I art     : Explicit concurrent mark sweep GC freed 3(96B) AllocSpace objects, 0(0B) LOS objects, 23% free, 51MB/67MB, paused 1.578ms total 36.412ms
08-06 06:19:06.062 15430 15511 I art     : Starting a blocking GC Explicit
08-06 06:19:06.068 14692 14729 I Finsky  : [6155] ktr.run(-1): Stats for Executor: bgExecutor kvs@e92de3c[Running, pool size = 4, active threads = 0, queued tasks = 0, completed tasks = 271]
08-06 06:19:06.104 15430 15511 I art     : Explicit concurrent mark sweep GC freed 3(96B) AllocSpace objects, 0(0B) LOS objects, 23% free, 51MB/67MB, paused 1.529ms total 41.193ms
08-06 06:19:06.116 15430 15511 I art     : Starting a blocking GC Explicit
08-06 06:19:06.158 15430 15511 I art     : Explicit concurrent mark sweep GC freed 3(96B) AllocSpace objects, 0(0B) LOS objects, 23% free, 51MB/67MB, paused 1.894ms total 41.366ms
08-06 06:19:06.508 15430 16638 I art     : Starting a blocking GC Explicit
08-06 06:19:06.568 15430 16638 I art     : Explicit concurrent mark sweep GC freed 1384(81KB) AllocSpace objects, 1(20KB) LOS objects, 23% free, 51MB/67MB, paused 1.961ms total 59.417ms
08-06 06:19:06.584 15430 16638 I art     : Starting a blocking GC Explicit
08-06 06:19:06.629 15430 16638 I art     : Explicit concurrent mark sweep GC freed 52(1536B) AllocSpace objects, 0(0B) LOS objects, 23% free, 51MB/67MB, paused 1.683ms total 45.406ms
08-06 06:19:06.643 15430 16638 I art     : Starting a blocking GC Explicit
08-06 06:19:06.689 15430 16638 I art     : Explicit concurrent mark sweep GC freed 3(96B) AllocSpace objects, 0(0B) LOS objects, 23% free, 50MB/66MB, paused 1.578ms total 45.983ms
08-06 06:19:06.702 15430 16638 I art     : Starting a blocking GC Explicit
08-06 06:19:06.749 15430 16638 I art     : Explicit concurrent mark sweep GC freed 3(96B) AllocSpace objects, 0(0B) LOS objects, 23% free, 50MB/66MB, paused 1.687ms total 46.629ms
08-06 06:19:06.766 15430 16638 I art     : Starting a blocking GC Explicit
08-06 06:19:06.812 15430 16638 I art     : Explicit concurrent mark sweep GC freed 3(96B) AllocSpace objects, 0(0B) LOS objects, 23% free, 50MB/66MB, paused 1.612ms total 45.176ms
08-06 06:19:07.216 15430 15511 I art     : Starting a blocking GC Explicit
08-06 06:19:07.262 15430 15511 I art     : Explicit concurrent mark sweep GC freed 1392(81KB) AllocSpace objects, 1(20KB) LOS objects, 23% free, 51MB/67MB, paused 1.685ms total 44.861ms
08-06 06:19:07.276 15430 15511 I art     : Starting a blocking GC Explicit
08-06 06:19:07.321 15430 15511 I art     : Explicit concurrent mark sweep GC freed 31(1008B) AllocSpace objects, 0(0B) LOS objects, 23% free, 51MB/67MB, paused 1.494ms total 45.500ms
08-06 06:19:07.335 15430 15511 I art     : Starting a blocking GC Explicit
08-06 06:19:07.380 15430 15511 I art     : Explicit concurrent mark sweep GC freed 9(288B) AllocSpace objects, 0(0B) LOS objects, 23% free, 51MB/67MB, paused 1.497ms total 44.520ms
08-06 06:19:07.393 15430 15511 I art     : Starting a blocking GC Explicit
08-06 06:19:07.438 15430 15511 I art     : Explicit concurrent mark sweep GC freed 8(256B) AllocSpace objects, 0(0B) LOS objects, 23% free, 51MB/67MB, paused 1.618ms total 44.904ms
08-06 06:19:07.452 15430 15511 I art     : Starting a blocking GC Explicit
08-06 06:19:07.499 15430 15511 I art     : Explicit concurrent mark sweep GC freed 3(96B) AllocSpace objects, 0(0B) LOS objects, 23% free, 50MB/66MB, paused 1.812ms total 46.308ms
08-06 06:19:07.888 15430 15446 I art     : Starting a blocking GC Explicit
08-06 06:19:07.949 15430 15446 I art     : Explicit concurrent mark sweep GC freed 1410(81KB) AllocSpace objects, 1(20KB) LOS objects, 23% free, 51MB/67MB, paused 2.039ms total 59.716ms
08-06 06:19:07.964 15430 15446 I art     : Starting a blocking GC Explicit
08-06 06:19:08.015 15430 15446 I art     : Explicit concurrent mark sweep GC freed 23(752B) AllocSpace objects, 0(0B) LOS objects, 23% free, 50MB/66MB, paused 1.676ms total 50.175ms
08-06 06:19:08.029 15430 15446 I art     : Starting a blocking GC Explicit
08-06 06:19:08.078 15430 15446 I art     : Explicit concurrent mark sweep GC freed 3(96B) AllocSpace objects, 0(0B) LOS objects, 23% free, 50MB/66MB, paused 1.942ms total 48.686ms
08-06 06:19:08.092 15430 15446 I art     : Starting a blocking GC Explicit
08-06 06:19:08.143 15430 15446 I art     : Explicit concurrent mark sweep GC freed 3(96B) AllocSpace objects, 0(0B) LOS objects, 23% free, 50MB/66MB, paused 1.763ms total 51.140ms
08-06 06:19:08.160 15430 15446 I art     : Starting a blocking GC Explicit
08-06 06:19:08.208 15430 15446 I art     : Explicit concurrent mark sweep GC freed 3(96B) AllocSpace objects, 0(0B) LOS objects, 23% free, 50MB/66MB, paused 1.755ms total 48.063ms
08-06 06:19:08.506 13866 13882 I PeriodicStatsRunner: PeriodicStatsRunner.call():175 call()
08-06 06:19:08.506 13866 13882 I PeriodicStatsRunner: PeriodicStatsRunner.call():179 No submit PeriodicStats since input started.
08-06 06:19:08.601 15430 15447 I art     : Starting a blocking GC Explicit
08-06 06:19:08.660 15430 15447 I art     : Explicit concurrent mark sweep GC freed 1410(81KB) AllocSpace objects, 1(20KB) LOS objects, 23% free, 51MB/67MB, paused 1.862ms total 58.585ms
08-06 06:19:08.677 15430 15447 I art     : Starting a blocking GC Explicit
08-06 06:19:08.727 15430 15447 I art     : Explicit concurrent mark sweep GC freed 23(752B) AllocSpace objects, 0(0B) LOS objects, 23% free, 50MB/66MB, paused 1.688ms total 49.320ms
08-06 06:19:08.741 15430 15447 I art     : Starting a blocking GC Explicit
08-06 06:19:08.789 15430 15447 I art     : Explicit concurrent mark sweep GC freed 3(96B) AllocSpace objects, 0(0B) LOS objects, 23% free, 50MB/66MB, paused 1.707ms total 48.433ms
08-06 06:19:08.803 15430 15447 I art     : Starting a blocking GC Explicit
08-06 06:19:08.853 15430 15447 I art     : Explicit concurrent mark sweep GC freed 3(96B) AllocSpace objects, 0(0B) LOS objects, 23% free, 50MB/66MB, paused 1.785ms total 49.605ms
08-06 06:19:08.870 15430 15447 I art     : Starting a blocking GC Explicit
08-06 06:19:08.921 15430 15447 I art     : Explicit concurrent mark sweep GC freed 3(96B) AllocSpace objects, 0(0B) LOS objects, 23% free, 50MB/66MB, paused 1.613ms total 50.652ms
08-06 06:19:09.323 15430 16638 I art     : Starting a blocking GC Explicit
08-06 06:19:09.383 15430 16638 I art     : Explicit concurrent mark sweep GC freed 1383(84KB) AllocSpace objects, 1(20KB) LOS objects, 23% free, 50MB/66MB, paused 1.797ms total 59.178ms
08-06 06:19:09.401 15430 16638 I art     : Starting a blocking GC Explicit
08-06 06:19:09.448 15430 16638 I art     : Explicit concurrent mark sweep GC freed 23(752B) AllocSpace objects, 0(0B) LOS objects, 23% free, 50MB/66MB, paused 1.840ms total 47.339ms
08-06 06:19:09.462 15430 16638 I art     : Starting a blocking GC Explicit
08-06 06:19:09.510 15430 16638 I art     : Explicit concurrent mark sweep GC freed 3(96B) AllocSpace objects, 0(0B) LOS objects, 23% free, 50MB/66MB, paused 1.590ms total 47.583ms
08-06 06:19:09.524 15430 16638 I art     : Starting a blocking GC Explicit
08-06 06:19:09.567 15430 16638 I art     : Explicit concurrent mark sweep GC freed 3(96B) AllocSpace objects, 0(0B) LOS objects, 23% free, 50MB/66MB, paused 1.618ms total 42.683ms
08-06 06:19:09.580 15430 16638 I art     : Starting a blocking GC Explicit
08-06 06:19:09.622 15430 16638 I art     : Explicit concurrent mark sweep GC freed 32(880B) AllocSpace objects, 0(0B) LOS objects, 23% free, 50MB/66MB, paused 1.623ms total 42.362ms
08-06 06:19:09.999 15430 15511 I art     : Starting a blocking GC Explicit
08-06 06:19:10.043   518   646 I ThermalEngine: ACTION: GPU - Setting GPU[0] to 510000000
08-06 06:19:10.048 15430 15511 I art     : Explicit concurrent mark sweep GC freed 1384(81KB) AllocSpace objects, 1(20KB) LOS objects, 23% free, 50MB/66MB, paused 1.949ms total 49.263ms
08-06 06:19:10.058 18871 18871 D AndroidRuntime: >>>>>> START com.android.internal.os.RuntimeInit uid 2000 <<<<<<
08-06 06:19:10.062 15430 15511 I art     : Starting a blocking GC Explicit
08-06 06:19:10.065 18871 18871 D AndroidRuntime: CheckJNI is OFF
08-06 06:19:10.103 15430 15511 I art     : Explicit concurrent mark sweep GC freed 23(752B) AllocSpace objects, 0(0B) LOS objects, 23% free, 50MB/66MB, paused 1.335ms total 40.569ms
08-06 06:19:10.105 18871 18871 D ICU     : No timezone override file found: /data/misc/zoneinfo/current/icu/icu_tzdata.dat
08-06 06:19:10.113 15430 15511 I art     : Starting a blocking GC Explicit
08-06 06:19:10.140 18871 18871 I Radio-JNI: register_android_hardware_Radio DONE
08-06 06:19:10.148 15430 15511 I art     : Explicit concurrent mark sweep GC freed 3(96B) AllocSpace objects, 0(0B) LOS objects, 23% free, 50MB/66MB, paused 1.357ms total 35.028ms
08-06 06:19:10.158 15430 15511 I art     : Starting a blocking GC Explicit
08-06 06:19:10.162 18871 18871 D AndroidRuntime: Calling main entry com.android.commands.input.Input
08-06 06:19:10.163 18871 18871 I Input   : injectKeyEvent: KeyEvent { action=ACTION_DOWN, keyCode=KEYCODE_BACK, scanCode=0, metaState=0, flags=0x0, repeatCount=0, eventTime=857966576, downTime=857966576, deviceId=-1, source=0x101 }
08-06 06:19:10.169 18871 18871 I Input   : injectKeyEvent: KeyEvent { action=ACTION_UP, keyCode=KEYCODE_BACK, scanCode=0, metaState=0, flags=0x0, repeatCount=0, eventTime=857966576, downTime=857966576, deviceId=-1, source=0x101 }
08-06 06:19:10.176 18871 18871 D AndroidRuntime: Shutting down VM
08-06 06:19:10.180 15430 15430 V PlaybackController: initServiceNotRunning()
08-06 06:19:10.180 15430 15430 D ExternalPlayerFragment: Loading media info
08-06 06:19:10.188 15430 15430 D UserPreferences: Using default data folder
08-06 06:19:10.190 15430 16366 D ApOkHttpUrlLoader: buildLoadData() called with: model = [http://sixgun.org/files/linuxoutlaws.jpg], width = [224], height = [224]
08-06 06:19:10.192 15430 15454 D DBReader: getNavDrawerData() called with: 
08-06 06:19:10.193 15430 15511 I art     : Explicit concurrent mark sweep GC freed 189(8KB) AllocSpace objects, 0(0B) LOS objects, 23% free, 51MB/67MB, paused 1.509ms total 34.089ms
08-06 06:19:10.196 15430 16178 D DBReader: getImageAuthentication() called with: imageUrl = [http://sixgun.org/files/linuxoutlaws.jpg]
08-06 06:19:10.202 15430 16178 D ApOkHttpUrlLoader: no credentials for 'http://sixgun.org/files/linuxoutlaws.jpg'
08-06 06:19:10.204 15430 15511 I art     : Starting a blocking GC Explicit
08-06 06:19:10.204 15430 15454 D DBReader: getDownloadedItems() called
08-06 06:19:10.208 15430 15454 D DBReader: getFavoriteIDList() called
08-06 06:19:10.208 15430 15454 D DBReader: getQueueIDList() called
08-06 06:19:10.209 15430 15454 D DBReader: Extracting Feedlist
08-06 06:19:10.237 15430 15511 I art     : Explicit concurrent mark sweep GC freed 766(58KB) AllocSpace objects, 0(0B) LOS objects, 23% free, 51MB/67MB, paused 1.189ms total 32.526ms
08-06 06:19:10.245 15430 15430 D MainActivity: getLastNavFragment() -> AddFeedFragment
08-06 06:19:10.247 13866 13866 I GoogleInputMethodServic: GoogleInputMethodService.onFinishInput():3138 
08-06 06:19:10.247 13866 13866 I GoogleInputMethodServic: GoogleInputMethodService.onStartInput():1808 
08-06 06:19:10.302 15430 16178 D DBWriter: updateFeedDownloadURL(original: http://sixgun.org/files/linuxoutlaws.jpg, updated: https://fab.industries/sixgun/files/linuxoutlaws.jpg)
08-06 06:19:10.405 13866 13882 I PeriodicStatsRunner: PeriodicStatsRunner.call():175 call()
08-06 06:19:10.406 13866 13882 I PeriodicStatsRunner: PeriodicStatsRunner.call():179 No submit PeriodicStats since input started.
08-06 06:19:10.450 15430 16178 D MYTAG   : interceptor 2a
08-06 06:19:10.451 15430 16178 I NAPPA_EXPERIMENTATION: MetricNetworkRequestExecutionTime: REQUEST_DURATION_SYSTEM='248',REQUEST_DURATION_OKHTTP='146',REQUEST_SYNCHRONOUS='TRUE',RESPONSE_CODE='404',RESPONSE_METHOD='GET',RESPONSE_LENGTH_OKHTTP='-1',RESPONSE_LENGTH_HEADER='1503',REQUEST_PROTOCOL='h2',REQUEST_URL='https://fab.industries/sixgun/files/linuxoutlaws.jpg',
08-06 06:19:10.452 15430 15430 W Glide   : Load failed for http://sixgun.org/files/linuxoutlaws.jpg with size [224x224]
08-06 06:19:10.452 15430 15430 W Glide   : class com.bumptech.glide.load.engine.GlideException: Failed to load resource
08-06 06:19:10.452 15430 15430 W Glide   : There was 1 cause:
08-06 06:19:10.452 15430 15430 W Glide   : com.bumptech.glide.load.HttpException()
08-06 06:19:10.452 15430 15430 W Glide   :  call GlideException#logRootCauses(String) for more detail
08-06 06:19:10.452 15430 15430 W Glide   :   Cause (1 of 1): class com.bumptech.glide.load.engine.GlideException: Fetching data failed, class java.io.InputStream, REMOTE
08-06 06:19:10.452 15430 15430 W Glide   : There was 1 cause:
08-06 06:19:10.452 15430 15430 W Glide   : com.bumptech.glide.load.HttpException()
08-06 06:19:10.452 15430 15430 W Glide   :  call GlideException#logRootCauses(String) for more detail
08-06 06:19:10.452 15430 15430 W Glide   :     Cause (1 of 1): class com.bumptech.glide.load.HttpException: 
08-06 06:19:10.453 15430 15430 I Glide   : Root cause (1 of 1)
08-06 06:19:10.453 15430 15430 I Glide   : com.bumptech.glide.load.HttpException: 
08-06 06:19:10.453 15430 15430 I Glide   : 	at com.bumptech.glide.integration.okhttp3.OkHttpStreamFetcher.onResponse(OkHttpStreamFetcher.java:73)
08-06 06:19:10.453 15430 15430 I Glide   : 	at okhttp3.RealCall$AsyncCall.execute(RealCall.java:174)
08-06 06:19:10.453 15430 15430 I Glide   : 	at okhttp3.internal.NamedRunnable.run(NamedRunnable.java:32)
08-06 06:19:10.453 15430 15430 I Glide   : 	at java.util.concurrent.ThreadPoolExecutor.runWorker(ThreadPoolExecutor.java:1113)
08-06 06:19:10.453 15430 15430 I Glide   : 	at java.util.concurrent.ThreadPoolExecutor$Worker.run(ThreadPoolExecutor.java:588)
08-06 06:19:10.453 15430 15430 I Glide   : 	at java.lang.Thread.run(Thread.java:818)
08-06 06:19:10.454 15430 15430 W Glide   : Load failed for http://sixgun.org/files/linuxoutlaws.jpg with size [224x224]
08-06 06:19:10.454 15430 15430 W Glide   : class com.bumptech.glide.load.engine.GlideException: Failed to load resource
08-06 06:19:10.454 15430 15430 W Glide   : There was 1 cause:
08-06 06:19:10.454 15430 15430 W Glide   : com.bumptech.glide.load.HttpException()
08-06 06:19:10.454 15430 15430 W Glide   :  call GlideException#logRootCauses(String) for more detail
08-06 06:19:10.454 15430 15430 W Glide   :   Cause (1 of 1): class com.bumptech.glide.load.engine.GlideException: Fetching data failed, class java.io.InputStream, REMOTE
08-06 06:19:10.454 15430 15430 W Glide   : There was 1 cause:
08-06 06:19:10.454 15430 15430 W Glide   : com.bumptech.glide.load.HttpException()
08-06 06:19:10.454 15430 15430 W Glide   :  call GlideException#logRootCauses(String) for more detail
08-06 06:19:10.454 15430 15430 W Glide   :     Cause (1 of 1): class com.bumptech.glide.load.HttpException: 
08-06 06:19:10.454 15430 15430 I Glide   : Root cause (1 of 1)
08-06 06:19:10.454 15430 15430 I Glide   : com.bumptech.glide.load.HttpException: 
08-06 06:19:10.454 15430 15430 I Glide   : 	at com.bumptech.glide.integration.okhttp3.OkHttpStreamFetcher.onResponse(OkHttpStreamFetcher.java:73)
08-06 06:19:10.454 15430 15430 I Glide   : 	at okhttp3.RealCall$AsyncCall.execute(RealCall.java:174)
08-06 06:19:10.454 15430 15430 I Glide   : 	at okhttp3.internal.NamedRunnable.run(NamedRunnable.java:32)
08-06 06:19:10.454 15430 15430 I Glide   : 	at java.util.concurrent.ThreadPoolExecutor.runWorker(ThreadPoolExecutor.java:1113)
08-06 06:19:10.454 15430 15430 I Glide   : 	at java.util.concurrent.ThreadPoolExecutor$Worker.run(ThreadPoolExecutor.java:588)
08-06 06:19:10.454 15430 15430 I Glide   : 	at java.lang.Thread.run(Thread.java:818)
08-06 06:19:10.532   380   380 W SurfaceFlinger: couldn't log to binary event log: overflow.
08-06 06:19:10.543 15430 15447 I art     : Starting a blocking GC Explicit
08-06 06:19:10.579 15430 15447 I art     : Explicit concurrent mark sweep GC freed 3609(235KB) AllocSpace objects, 1(20KB) LOS objects, 23% free, 51MB/67MB, paused 1.230ms total 35.828ms
08-06 06:19:10.588 15430 15447 I art     : Starting a blocking GC Explicit
08-06 06:19:10.622 15430 15447 I art     : Explicit concurrent mark sweep GC freed 341(18KB) AllocSpace objects, 0(0B) LOS objects, 23% free, 50MB/66MB, paused 1.208ms total 33.699ms
08-06 06:19:10.632 15430 15447 I art     : Starting a blocking GC Explicit
08-06 06:19:10.667 15430 15447 I art     : Explicit concurrent mark sweep GC freed 2744(230KB) AllocSpace objects, 1(28KB) LOS objects, 23% free, 50MB/66MB, paused 1.226ms total 34.942ms
08-06 06:19:10.677 15430 15447 I art     : Starting a blocking GC Explicit
08-06 06:19:10.713 15430 15447 I art     : Explicit concurrent mark sweep GC freed 3(96B) AllocSpace objects, 0(0B) LOS objects, 23% free, 50MB/66MB, paused 1.247ms total 35.746ms
08-06 06:19:10.724 15430 15447 I art     : Starting a blocking GC Explicit
08-06 06:19:10.760 15430 15447 I art     : Explicit concurrent mark sweep GC freed 3(96B) AllocSpace objects, 0(0B) LOS objects, 23% free, 50MB/66MB, paused 1.259ms total 35.941ms
08-06 06:19:11.089 15430 15511 I art     : Starting a blocking GC Explicit
08-06 06:19:11.134 15430 15511 I art     : Explicit concurrent mark sweep GC freed 1383(82KB) AllocSpace objects, 1(20KB) LOS objects, 23% free, 50MB/66MB, paused 1.257ms total 44.191ms
08-06 06:19:11.145 15430 15511 I art     : Starting a blocking GC Explicit
08-06 06:19:11.181 15430 15511 I art     : Explicit concurrent mark sweep GC freed 23(752B) AllocSpace objects, 0(0B) LOS objects, 23% free, 50MB/66MB, paused 1.190ms total 35.907ms
08-06 06:19:11.191 15430 15511 I art     : Starting a blocking GC Explicit
08-06 06:19:11.227 15430 15511 I art     : Explicit concurrent mark sweep GC freed 3(96B) AllocSpace objects, 0(0B) LOS objects, 23% free, 50MB/66MB, paused 1.340ms total 35.610ms
08-06 06:19:11.238 15430 15511 I art     : Starting a blocking GC Explicit
08-06 06:19:11.274 15430 15511 I art     : Explicit concurrent mark sweep GC freed 3(96B) AllocSpace objects, 0(0B) LOS objects, 23% free, 50MB/66MB, paused 1.234ms total 35.948ms
08-06 06:19:11.284 15430 15511 I art     : Starting a blocking GC Explicit
08-06 06:19:11.320 15430 15511 I art     : Explicit concurrent mark sweep GC freed 3(96B) AllocSpace objects, 0(0B) LOS objects, 23% free, 50MB/66MB, paused 1.233ms total 35.762ms
08-06 06:19:11.627 15430 15446 I art     : Starting a blocking GC Explicit
08-06 06:19:11.663 15430 15446 I art     : Explicit concurrent mark sweep GC freed 1435(83KB) AllocSpace objects, 1(20KB) LOS objects, 23% free, 50MB/66MB, paused 1.268ms total 35.407ms
08-06 06:19:11.674 15430 15446 I art     : Starting a blocking GC Explicit
08-06 06:19:11.708 15430 15446 I art     : Explicit concurrent mark sweep GC freed 23(752B) AllocSpace objects, 0(0B) LOS objects, 23% free, 50MB/66MB, paused 1.278ms total 33.653ms
08-06 06:19:11.718 15430 15446 I art     : Starting a blocking GC Explicit
08-06 06:19:11.752 15430 15446 I art     : Explicit concurrent mark sweep GC freed 3(96B) AllocSpace objects, 0(0B) LOS objects, 23% free, 50MB/66MB, paused 1.186ms total 34.089ms
08-06 06:19:11.762 15430 15446 I art     : Starting a blocking GC Explicit
08-06 06:19:11.797 15430 15446 I art     : Explicit concurrent mark sweep GC freed 3(96B) AllocSpace objects, 0(0B) LOS objects, 23% free, 50MB/66MB, paused 1.402ms total 34.744ms
08-06 06:19:11.808 15430 15446 I art     : Starting a blocking GC Explicit
08-06 06:19:11.844 15430 15446 I art     : Explicit concurrent mark sweep GC freed 14(448B) AllocSpace objects, 0(0B) LOS objects, 23% free, 50MB/66MB, paused 1.167ms total 35.403ms
08-06 06:19:11.861 18915 18915 D AndroidRuntime: >>>>>> START com.android.internal.os.RuntimeInit uid 2000 <<<<<<
08-06 06:19:11.866 18915 18915 D AndroidRuntime: CheckJNI is OFF
08-06 06:19:11.895 18915 18915 D ICU     : No timezone override file found: /data/misc/zoneinfo/current/icu/icu_tzdata.dat
08-06 06:19:11.927 18915 18915 I Radio-JNI: register_android_hardware_Radio DONE
08-06 06:19:11.948 18915 18915 D AndroidRuntime: Calling main entry com.android.commands.input.Input
08-06 06:19:11.949 18915 18915 I Input   : injectKeyEvent: KeyEvent { action=ACTION_DOWN, keyCode=KEYCODE_BACK, scanCode=0, metaState=0, flags=0x0, repeatCount=0, eventTime=857968362, downTime=857968362, deviceId=-1, source=0x101 }
08-06 06:19:11.957 18915 18915 I Input   : injectKeyEvent: KeyEvent { action=ACTION_UP, keyCode=KEYCODE_BACK, scanCode=0, metaState=0, flags=0x0, repeatCount=0, eventTime=857968362, downTime=857968362, deviceId=-1, source=0x101 }
08-06 06:19:11.975 18915 18915 D AndroidRuntime: Shutting down VM
08-06 06:19:12.126 15430 15447 I art     : Starting a blocking GC Explicit
08-06 06:19:12.166 15430 15447 I art     : Explicit concurrent mark sweep GC freed 3590(172KB) AllocSpace objects, 1(20KB) LOS objects, 23% free, 50MB/66MB, paused 1.169ms total 38.751ms
08-06 06:19:12.178 15430 15447 I art     : Starting a blocking GC Explicit
08-06 06:19:12.210 15430 15447 I art     : Explicit concurrent mark sweep GC freed 5359(395KB) AllocSpace objects, 9(1620KB) LOS objects, 24% free, 48MB/64MB, paused 1.152ms total 31.797ms
08-06 06:19:12.220 15430 15447 I art     : Starting a blocking GC Explicit
08-06 06:19:12.251 15430 15447 I art     : Explicit concurrent mark sweep GC freed 3(96B) AllocSpace objects, 0(0B) LOS objects, 24% free, 48MB/64MB, paused 1.159ms total 31.187ms
08-06 06:19:12.261 15430 15447 I art     : Starting a blocking GC Explicit
08-06 06:19:12.294 15430 15447 I art     : Explicit concurrent mark sweep GC freed 3(96B) AllocSpace objects, 0(0B) LOS objects, 24% free, 48MB/64MB, paused 1.223ms total 33.245ms
08-06 06:19:12.305 15430 15447 I art     : Starting a blocking GC Explicit
08-06 06:19:12.339 15430 15447 I art     : Explicit concurrent mark sweep GC freed 3(96B) AllocSpace objects, 0(0B) LOS objects, 24% free, 48MB/64MB, paused 1.178ms total 33.949ms
08-06 06:19:12.693 15430 15446 I art     : Starting a blocking GC Explicit
08-06 06:19:12.744 15430 15446 I art     : Explicit concurrent mark sweep GC freed 1411(82KB) AllocSpace objects, 1(20KB) LOS objects, 24% free, 48MB/64MB, paused 1.452ms total 49.872ms
08-06 06:19:12.760 15430 15446 I art     : Starting a blocking GC Explicit
08-06 06:19:12.792 15430 15446 I art     : Explicit concurrent mark sweep GC freed 23(752B) AllocSpace objects, 0(0B) LOS objects, 24% free, 48MB/64MB, paused 1.174ms total 32.165ms
08-06 06:19:12.802 15430 15446 I art     : Starting a blocking GC Explicit
08-06 06:19:12.836 15430 15446 I art     : Explicit concurrent mark sweep GC freed 3(96B) AllocSpace objects, 0(0B) LOS objects, 24% free, 48MB/64MB, paused 1.211ms total 33.872ms
08-06 06:19:12.846 15430 15446 I art     : Starting a blocking GC Explicit
08-06 06:19:12.880 15430 15446 I art     : Explicit concurrent mark sweep GC freed 3(96B) AllocSpace objects, 0(0B) LOS objects, 24% free, 48MB/64MB, paused 1.212ms total 33.458ms
08-06 06:19:12.890 15430 15446 I art     : Starting a blocking GC Explicit
08-06 06:19:12.925 15430 15446 I art     : Explicit concurrent mark sweep GC freed 3(96B) AllocSpace objects, 0(0B) LOS objects, 24% free, 48MB/64MB, paused 1.211ms total 33.951ms
08-06 06:19:13.047   518   646 I ThermalEngine: ACTION: GPU - Setting GPU[0] to 450000000
08-06 06:19:13.282 15430 15511 I art     : Starting a blocking GC Explicit
08-06 06:19:13.330 15430 15511 I art     : Explicit concurrent mark sweep GC freed 1382(83KB) AllocSpace objects, 1(20KB) LOS objects, 24% free, 48MB/64MB, paused 1.610ms total 46.899ms
08-06 06:19:13.343 15430 15511 I art     : Starting a blocking GC Explicit
08-06 06:19:13.383 15430 15511 I art     : Explicit concurrent mark sweep GC freed 23(752B) AllocSpace objects, 0(0B) LOS objects, 24% free, 48MB/64MB, paused 1.557ms total 40.010ms
08-06 06:19:13.395 15430 15511 I art     : Starting a blocking GC Explicit
08-06 06:19:13.435 15430 15511 I art     : Explicit concurrent mark sweep GC freed 3(96B) AllocSpace objects, 0(0B) LOS objects, 24% free, 48MB/64MB, paused 1.541ms total 39.852ms
08-06 06:19:13.448 15430 15511 I art     : Starting a blocking GC Explicit
08-06 06:19:13.489 15430 15511 I art     : Explicit concurrent mark sweep GC freed 3(96B) AllocSpace objects, 0(0B) LOS objects, 24% free, 48MB/64MB, paused 1.686ms total 40.253ms
08-06 06:19:13.501 15430 15511 I art     : Starting a blocking GC Explicit
08-06 06:19:13.541 15430 15511 I art     : Explicit concurrent mark sweep GC freed 3(96B) AllocSpace objects, 0(0B) LOS objects, 24% free, 48MB/64MB, paused 1.580ms total 39.668ms
08-06 06:19:13.746 18969 18969 D AndroidRuntime: >>>>>> START com.android.internal.os.RuntimeInit uid 2000 <<<<<<
08-06 06:19:13.752 18969 18969 D AndroidRuntime: CheckJNI is OFF
08-06 06:19:13.791 18969 18969 D ICU     : No timezone override file found: /data/misc/zoneinfo/current/icu/icu_tzdata.dat
08-06 06:19:13.832 18969 18969 I Radio-JNI: register_android_hardware_Radio DONE
08-06 06:19:13.860 18969 18969 D AndroidRuntime: Calling main entry com.android.commands.input.Input
08-06 06:19:13.863 18969 18969 I Input   : injectMotionEvent: MotionEvent { action=ACTION_DOWN, actionButton=0, id[0]=0, x[0]=603.0, y[0]=1061.0, toolType[0]=TOOL_TYPE_UNKNOWN, buttonState=0, metaState=0, flags=0x0, edgeFlags=0x0, pointerCount=1, historySize=0, eventTime=857970275, downTime=857970275, deviceId=0, source=0x1002 }
08-06 06:19:13.868 18969 18969 I Input   : injectMotionEvent: MotionEvent { action=ACTION_UP, actionButton=0, id[0]=0, x[0]=603.0, y[0]=1061.0, toolType[0]=TOOL_TYPE_UNKNOWN, buttonState=0, metaState=0, flags=0x0, edgeFlags=0x0, pointerCount=1, historySize=0, eventTime=857970275, downTime=857970275, deviceId=0, source=0x1002 }
08-06 06:19:13.872 18969 18969 D AndroidRuntime: Shutting down VM
08-06 06:19:13.891 15430 15447 I art     : Starting a blocking GC Explicit
08-06 06:19:13.892   512  2967 D audio_hw_primary: out_set_parameters: enter: usecase(1: low-latency-playback) kvpairs: routing=2
08-06 06:19:13.906   512  2967 D audio_hw_primary: select_devices: out_snd_device(2: speaker) in_snd_device(0: none)
08-06 06:19:13.906   512  2967 D msm8974_platform: platform_send_audio_calibration: sending audio calibration for snd_device(2) acdb_id(15)
08-06 06:19:13.906   512  2967 I soundtrigger: audio_extn_sound_trigger_update_device_status: device 0x2 of type 0 for Event 1
08-06 06:19:13.916   512  2967 D audio_hw_primary: enable_snd_device: snd_device(2: speaker)
08-06 06:19:13.918   512  2967 D audio_hw_primary: enable_audio_route: apply and update mixer path: low-latency-playback speaker
08-06 06:19:13.937 15430 15447 I art     : Explicit concurrent mark sweep GC freed 3227(159KB) AllocSpace objects, 1(20KB) LOS objects, 24% free, 49MB/65MB, paused 2.220ms total 44.998ms
08-06 06:19:13.949 15430 15447 I art     : Starting a blocking GC Explicit
08-06 06:19:13.992 15430 15447 I art     : Explicit concurrent mark sweep GC freed 1444(55KB) AllocSpace objects, 0(0B) LOS objects, 24% free, 49MB/65MB, paused 1.849ms total 42.508ms
08-06 06:19:14.003 15430 17968 I NAPPA_EXPERIMENTATION: MetricNetworkRequestExecutionTime: REQUEST_DURATION_SYSTEM='89',REQUEST_DURATION_OKHTTP='87',REQUEST_SYNCHRONOUS='TRUE',RESPONSE_CODE='200',RESPONSE_METHOD='GET',RESPONSE_LENGTH_OKHTTP='2923',RESPONSE_LENGTH_HEADER='2923',REQUEST_PROTOCOL='http/1.1',REQUEST_URL='https://gpodder.net/api/2/tags/50.json',
08-06 06:19:14.005 15430 15447 I art     : Starting a blocking GC Explicit
08-06 06:19:14.021 15430 18992 I NAPPA_EXPERIMENTATION: MetricNetworkRequestExecutionTime: REQUEST_DURATION_SYSTEM='110',REQUEST_DURATION_OKHTTP='109',REQUEST_SYNCHRONOUS='TRUE',RESPONSE_CODE='200',RESPONSE_METHOD='GET',RESPONSE_LENGTH_OKHTTP='37507',RESPONSE_LENGTH_HEADER='37507',REQUEST_PROTOCOL='http/1.1',REQUEST_URL='https://gpodder.net/toplist/50.json',
08-06 06:19:14.044 15430 15447 I art     : Explicit concurrent mark sweep GC freed 5592(388KB) AllocSpace objects, 4(412KB) LOS objects, 24% free, 49MB/65MB, paused 1.841ms total 39.554ms
08-06 06:19:14.056 15430 15447 I art     : Starting a blocking GC Explicit
08-06 06:19:14.077 15430 16366 D ApOkHttpUrlLoader: buildLoadData() called with: model = [http://sixgun.org/files/linuxoutlaws.jpg], width = [224], height = [224]
08-06 06:19:14.078 15430 16178 D DBReader: getImageAuthentication() called with: imageUrl = [http://sixgun.org/files/linuxoutlaws.jpg]
08-06 06:19:14.082 15430 16178 D ApOkHttpUrlLoader: no credentials for 'http://sixgun.org/files/linuxoutlaws.jpg'
08-06 06:19:14.085 15430 16366 D ApOkHttpUrlLoader: buildLoadData() called with: model = [https://files.thisamericanlife.org/sites/all/themes/thislife/img/tal-name-1400x1400.png], width = [224], height = [224]
08-06 06:19:14.097 15430 16366 D ApOkHttpUrlLoader: buildLoadData() called with: model = [https://elroy.twit.tv/sites/default/files/styles/twit_album_art_2048x2048/public/images/shows/floss_weekly/album_art/audio/floss_albumart_mask.jpg?itok=IUjxKpwt], width = [224], height = [224]
08-06 06:19:14.098 15430 15447 I art     : Explicit concurrent mark sweep GC freed 1067(63KB) AllocSpace objects, 0(0B) LOS objects, 24% free, 49MB/65MB, paused 2.501ms total 41.741ms
08-06 06:19:14.102 15430 16366 D ApOkHttpUrlLoader: buildLoadData() called with: model = [http://ichef.bbci.co.uk/images/ic/3000x3000/p07kfvzb.jpg], width = [224], height = [224]
08-06 06:19:14.107 15430 16366 D ApOkHttpUrlLoader: buildLoadData() called with: model = [https://pl.tedcdn.com/rss_feed_images/ted_talks_main_podcast/video.png], width = [224], height = [224]
08-06 06:19:14.110 15430 16366 D ApOkHttpUrlLoader: buildLoadData() called with: model = [https://elroy.twit.tv/sites/default/files/styles/twit_album_art_2048x2048/public/images/shows/this_week_in_tech/album_art/audio/twit1400audio.jpg?itok=J0vhatZb], width = [224], height = [224]
08-06 06:19:14.114 15430 16178 D DBWriter: updateFeedDownloadURL(original: http://sixgun.org/files/linuxoutlaws.jpg, updated: https://fab.industries/sixgun/files/linuxoutlaws.jpg)
08-06 06:19:14.115 15430 16366 D ApOkHttpUrlLoader: buildLoadData() called with: model = [http://ichef.bbci.co.uk/images/ic/3000x3000/p03gtk3j.jpg], width = [224], height = [224]
08-06 06:19:14.117 15430 15447 I art     : Starting a blocking GC Explicit
08-06 06:19:14.159 15430 15447 I art     : Explicit concurrent mark sweep GC freed 1331(60KB) AllocSpace objects, 0(0B) LOS objects, 23% free, 50MB/66MB, paused 1.695ms total 41.212ms
08-06 06:19:14.252 15430 16178 D MYTAG   : interceptor 2a
08-06 06:19:14.252 15430 16178 I NAPPA_EXPERIMENTATION: MetricNetworkRequestExecutionTime: REQUEST_DURATION_SYSTEM='170',REQUEST_DURATION_OKHTTP='134',REQUEST_SYNCHRONOUS='TRUE',RESPONSE_CODE='404',RESPONSE_METHOD='GET',RESPONSE_LENGTH_OKHTTP='-1',RESPONSE_LENGTH_HEADER='1503',REQUEST_PROTOCOL='h2',REQUEST_URL='https://fab.industries/sixgun/files/linuxoutlaws.jpg',
08-06 06:19:14.253 15430 15430 W Glide   : Load failed for http://sixgun.org/files/linuxoutlaws.jpg with size [224x224]
08-06 06:19:14.253 15430 15430 W Glide   : class com.bumptech.glide.load.engine.GlideException: Failed to load resource
08-06 06:19:14.253 15430 15430 W Glide   : There was 1 cause:
08-06 06:19:14.253 15430 15430 W Glide   : com.bumptech.glide.load.HttpException()
08-06 06:19:14.253 15430 15430 W Glide   :  call GlideException#logRootCauses(String) for more detail
08-06 06:19:14.253 15430 15430 W Glide   :   Cause (1 of 1): class com.bumptech.glide.load.engine.GlideException: Fetching data failed, class java.io.InputStream, REMOTE
08-06 06:19:14.253 15430 15430 W Glide   : There was 1 cause:
08-06 06:19:14.253 15430 15430 W Glide   : com.bumptech.glide.load.HttpException()
08-06 06:19:14.253 15430 15430 W Glide   :  call GlideException#logRootCauses(String) for more detail
08-06 06:19:14.253 15430 15430 W Glide   :     Cause (1 of 1): class com.bumptech.glide.load.HttpException: 
08-06 06:19:14.253 15430 15430 I Glide   : Root cause (1 of 1)
08-06 06:19:14.253 15430 15430 I Glide   : com.bumptech.glide.load.HttpException: 
08-06 06:19:14.253 15430 15430 I Glide   : 	at com.bumptech.glide.integration.okhttp3.OkHttpStreamFetcher.onResponse(OkHttpStreamFetcher.java:73)
08-06 06:19:14.253 15430 15430 I Glide   : 	at okhttp3.RealCall$AsyncCall.execute(RealCall.java:174)
08-06 06:19:14.253 15430 15430 I Glide   : 	at okhttp3.internal.NamedRunnable.run(NamedRunnable.java:32)
08-06 06:19:14.253 15430 15430 I Glide   : 	at java.util.concurrent.ThreadPoolExecutor.runWorker(ThreadPoolExecutor.java:1113)
08-06 06:19:14.253 15430 15430 I Glide   : 	at java.util.concurrent.ThreadPoolExecutor$Worker.run(ThreadPoolExecutor.java:588)
08-06 06:19:14.253 15430 15430 I Glide   : 	at java.lang.Thread.run(Thread.java:818)
08-06 06:19:14.254 15430 15430 W Glide   : Load failed for http://sixgun.org/files/linuxoutlaws.jpg with size [224x224]
08-06 06:19:14.254 15430 15430 W Glide   : class com.bumptech.glide.load.engine.GlideException: Failed to load resource
08-06 06:19:14.254 15430 15430 W Glide   : There was 1 cause:
08-06 06:19:14.254 15430 15430 W Glide   : com.bumptech.glide.load.HttpException()
08-06 06:19:14.254 15430 15430 W Glide   :  call GlideException#logRootCauses(String) for more detail
08-06 06:19:14.254 15430 15430 W Glide   :   Cause (1 of 1): class com.bumptech.glide.load.engine.GlideException: Fetching data failed, class java.io.InputStream, REMOTE
08-06 06:19:14.254 15430 15430 W Glide   : There was 1 cause:
08-06 06:19:14.254 15430 15430 W Glide   : com.bumptech.glide.load.HttpException()
08-06 06:19:14.254 15430 15430 W Glide   :  call GlideException#logRootCauses(String) for more detail
08-06 06:19:14.254 15430 15430 W Glide   :     Cause (1 of 1): class com.bumptech.glide.load.HttpException: 
08-06 06:19:14.254 15430 15430 I Glide   : Root cause (1 of 1)
08-06 06:19:14.254 15430 15430 I Glide   : com.bumptech.glide.load.HttpException: 
08-06 06:19:14.254 15430 15430 I Glide   : 	at com.bumptech.glide.integration.okhttp3.OkHttpStreamFetcher.onResponse(OkHttpStreamFetcher.java:73)
08-06 06:19:14.254 15430 15430 I Glide   : 	at okhttp3.RealCall$AsyncCall.execute(RealCall.java:174)
08-06 06:19:14.254 15430 15430 I Glide   : 	at okhttp3.internal.NamedRunnable.run(NamedRunnable.java:32)
08-06 06:19:14.254 15430 15430 I Glide   : 	at java.util.concurrent.ThreadPoolExecutor.runWorker(ThreadPoolExecutor.java:1113)
08-06 06:19:14.254 15430 15430 I Glide   : 	at java.util.concurrent.ThreadPoolExecutor$Worker.run(ThreadPoolExecutor.java:588)
08-06 06:19:14.254 15430 15430 I Glide   : 	at java.lang.Thread.run(Thread.java:818)
08-06 06:19:14.450   512  2967 D audio_hw_primary: disable_audio_route: reset and update mixer path: low-latency-playback speaker
08-06 06:19:14.451   512  2967 D audio_hw_primary: disable_snd_device: snd_device(2: speaker)
08-06 06:19:14.460   512  2967 I soundtrigger: audio_extn_sound_trigger_update_device_status: device 0x2 of type 0 for Event 0
08-06 06:19:14.490 15430 15511 I art     : Starting a blocking GC Explicit
08-06 06:19:14.539 15430 15511 I art     : Explicit concurrent mark sweep GC freed 2068(160KB) AllocSpace objects, 1(20KB) LOS objects, 23% free, 50MB/66MB, paused 1.775ms total 49.083ms
08-06 06:19:14.554 15430 15511 I art     : Starting a blocking GC Explicit
08-06 06:19:14.598 15430 15511 I art     : Explicit concurrent mark sweep GC freed 83(2768B) AllocSpace objects, 0(0B) LOS objects, 23% free, 50MB/66MB, paused 1.799ms total 43.639ms
08-06 06:19:14.611 15430 15511 I art     : Starting a blocking GC Explicit
08-06 06:19:14.656 15430 15511 I art     : Explicit concurrent mark sweep GC freed 4(128B) AllocSpace objects, 0(0B) LOS objects, 23% free, 50MB/66MB, paused 1.578ms total 44.248ms
08-06 06:19:14.670 15430 15511 I art     : Starting a blocking GC Explicit
08-06 06:19:14.713 15430 15511 I art     : Explicit concurrent mark sweep GC freed 3(96B) AllocSpace objects, 0(0B) LOS objects, 23% free, 50MB/66MB, paused 1.417ms total 42.116ms
08-06 06:19:14.725 15430 15511 I art     : Starting a blocking GC Explicit
08-06 06:19:14.745  9013  9013 I Atfwd_Sendcmd: AtCmdFwd service not ready - Exhausted retry attempts - :6
08-06 06:19:14.745  9013  9013 I Atfwd_Daemon: result : -1 	 ,Init step :2 	 ,qmiErrorCode: 0
08-06 06:19:14.769 15430 15511 I art     : Explicit concurrent mark sweep GC freed 3(96B) AllocSpace objects, 0(0B) LOS objects, 23% free, 50MB/66MB, paused 1.681ms total 43.166ms
08-06 06:19:15.140 15430 16638 I art     : Starting a blocking GC Explicit
08-06 06:19:15.195 15430 16638 I art     : Explicit concurrent mark sweep GC freed 1398(81KB) AllocSpace objects, 1(20KB) LOS objects, 23% free, 50MB/66MB, paused 1.702ms total 54.450ms
08-06 06:19:15.211 15430 16638 I art     : Starting a blocking GC Explicit
08-06 06:19:15.247 13866 13882 I PeriodicStatsRunner: PeriodicStatsRunner.call():175 call()
08-06 06:19:15.247 13866 13882 I PeriodicStatsRunner: PeriodicStatsRunner.call():179 No submit PeriodicStats since input started.
08-06 06:19:15.258 15430 16638 I art     : Explicit concurrent mark sweep GC freed 23(768B) AllocSpace objects, 0(0B) LOS objects, 23% free, 50MB/66MB, paused 1.681ms total 46.733ms
08-06 06:19:15.271 15430 16638 I art     : Starting a blocking GC Explicit
08-06 06:19:15.314 15430 16638 I art     : Explicit concurrent mark sweep GC freed 3(96B) AllocSpace objects, 0(0B) LOS objects, 23% free, 50MB/66MB, paused 1.565ms total 42.583ms
08-06 06:19:15.328 15430 16638 I art     : Starting a blocking GC Explicit
08-06 06:19:15.371 15430 16638 I art     : Explicit concurrent mark sweep GC freed 3(96B) AllocSpace objects, 0(0B) LOS objects, 23% free, 50MB/66MB, paused 1.561ms total 43.528ms
08-06 06:19:15.385 15430 16638 I art     : Starting a blocking GC Explicit
08-06 06:19:15.429 15430 16638 I art     : Explicit concurrent mark sweep GC freed 3(96B) AllocSpace objects, 0(0B) LOS objects, 23% free, 50MB/66MB, paused 1.668ms total 44.560ms
08-06 06:19:15.803 15430 15447 I art     : Starting a blocking GC Explicit
08-06 06:19:15.849 15430 15447 I art     : Explicit concurrent mark sweep GC freed 1449(83KB) AllocSpace objects, 1(20KB) LOS objects, 23% free, 50MB/66MB, paused 1.812ms total 45.514ms
08-06 06:19:15.862 15430 15447 I art     : Starting a blocking GC Explicit
08-06 06:19:15.906 15430 15447 I art     : Explicit concurrent mark sweep GC freed 48(1584B) AllocSpace objects, 0(0B) LOS objects, 23% free, 50MB/66MB, paused 1.583ms total 43.706ms
08-06 06:19:15.919 15430 15447 I art     : Starting a blocking GC Explicit
08-06 06:19:15.962 15430 15447 I art     : Explicit concurrent mark sweep GC freed 8(256B) AllocSpace objects, 0(0B) LOS objects, 23% free, 50MB/66MB, paused 1.590ms total 42.977ms
08-06 06:19:15.975 15430 15447 I art     : Starting a blocking GC Explicit
08-06 06:19:16.017 15430 15447 I art     : Explicit concurrent mark sweep GC freed 3(96B) AllocSpace objects, 0(0B) LOS objects, 23% free, 50MB/66MB, paused 1.631ms total 41.433ms
08-06 06:19:16.030 15430 15447 I art     : Starting a blocking GC Explicit
08-06 06:19:16.072 15430 15447 I art     : Explicit concurrent mark sweep GC freed 3(96B) AllocSpace objects, 0(0B) LOS objects, 23% free, 50MB/66MB, paused 1.521ms total 41.496ms
08-06 06:19:16.445   918  3261 D WifiStateMachine: starting scan for "H369AA63323"WPA_PSK with 2412,5180
08-06 06:19:16.475 15430 15511 I art     : Starting a blocking GC Explicit
08-06 06:19:16.532 15430 15511 I art     : Explicit concurrent mark sweep GC freed 1381(81KB) AllocSpace objects, 1(20KB) LOS objects, 23% free, 50MB/66MB, paused 1.590ms total 56.662ms
08-06 06:19:16.548 15430 15511 I art     : Starting a blocking GC Explicit
08-06 06:19:16.595 15430 15511 I art     : Explicit concurrent mark sweep GC freed 23(752B) AllocSpace objects, 0(0B) LOS objects, 23% free, 50MB/66MB, paused 1.656ms total 46.557ms
08-06 06:19:16.609 15430 15511 I art     : Starting a blocking GC Explicit
08-06 06:19:16.656 15430 15511 I art     : Explicit concurrent mark sweep GC freed 32(880B) AllocSpace objects, 0(0B) LOS objects, 23% free, 50MB/66MB, paused 1.606ms total 47.284ms
08-06 06:19:16.670 15430 15511 I art     : Starting a blocking GC Explicit
08-06 06:19:16.718 15430 15511 I art     : Explicit concurrent mark sweep GC freed 3(96B) AllocSpace objects, 0(0B) LOS objects, 23% free, 50MB/66MB, paused 1.732ms total 47.715ms
08-06 06:19:16.731 15430 15511 I art     : Starting a blocking GC Explicit
08-06 06:19:16.779 15430 15511 I art     : Explicit concurrent mark sweep GC freed 3(96B) AllocSpace objects, 0(0B) LOS objects, 23% free, 50MB/66MB, paused 1.719ms total 47.197ms
08-06 06:19:17.180 15430 15446 I art     : Starting a blocking GC Explicit
08-06 06:19:17.244 15430 15446 I art     : Explicit concurrent mark sweep GC freed 1381(81KB) AllocSpace objects, 1(20KB) LOS objects, 23% free, 50MB/66MB, paused 1.733ms total 63.055ms
08-06 06:19:17.260 15430 15446 I art     : Starting a blocking GC Explicit
08-06 06:19:17.307 15430 15446 I art     : Explicit concurrent mark sweep GC freed 23(752B) AllocSpace objects, 0(0B) LOS objects, 23% free, 50MB/66MB, paused 1.649ms total 46.300ms
08-06 06:19:17.320 15430 15446 I art     : Starting a blocking GC Explicit
08-06 06:19:17.371 15430 15446 I art     : Explicit concurrent mark sweep GC freed 3(96B) AllocSpace objects, 0(0B) LOS objects, 23% free, 50MB/66MB, paused 1.774ms total 50.281ms
08-06 06:19:17.390 15430 15446 I art     : Starting a blocking GC Explicit
08-06 06:19:17.437 15430 15446 I art     : Explicit concurrent mark sweep GC freed 3(96B) AllocSpace objects, 0(0B) LOS objects, 23% free, 50MB/66MB, paused 1.663ms total 46.910ms
08-06 06:19:17.450 15430 15446 I art     : Starting a blocking GC Explicit
08-06 06:19:17.499 15430 15446 I art     : Explicit concurrent mark sweep GC freed 3(96B) AllocSpace objects, 0(0B) LOS objects, 23% free, 50MB/66MB, paused 1.736ms total 48.127ms
08-06 06:19:17.890 15430 16638 I art     : Starting a blocking GC Explicit
08-06 06:19:17.947 15430 16638 I art     : Explicit concurrent mark sweep GC freed 1411(82KB) AllocSpace objects, 1(20KB) LOS objects, 23% free, 50MB/66MB, paused 1.758ms total 57.126ms
08-06 06:19:17.964 15430 16638 I art     : Starting a blocking GC Explicit
08-06 06:19:18.016 15430 16638 I art     : Explicit concurrent mark sweep GC freed 23(752B) AllocSpace objects, 0(0B) LOS objects, 23% free, 50MB/66MB, paused 1.659ms total 51.287ms
08-06 06:19:18.029 15430 16638 I art     : Starting a blocking GC Explicit
08-06 06:19:18.058   518   646 I ThermalEngine: ACTION: GPU - Setting GPU[0] to 510000000
08-06 06:19:18.076 15430 16638 I art     : Explicit concurrent mark sweep GC freed 3(96B) AllocSpace objects, 0(0B) LOS objects, 23% free, 50MB/66MB, paused 1.645ms total 46.504ms
08-06 06:19:18.090 15430 16638 I art     : Starting a blocking GC Explicit
08-06 06:19:18.129 15430 16638 I art     : Explicit concurrent mark sweep GC freed 3(96B) AllocSpace objects, 0(0B) LOS objects, 23% free, 50MB/66MB, paused 1.260ms total 39.324ms
08-06 06:19:18.140 15430 16638 I art     : Starting a blocking GC Explicit
08-06 06:19:18.176 15430 16638 I art     : Explicit concurrent mark sweep GC freed 3(96B) AllocSpace objects, 0(0B) LOS objects, 23% free, 50MB/66MB, paused 1.223ms total 35.435ms
08-06 06:19:18.571 15430 15447 I art     : Starting a blocking GC Explicit
08-06 06:19:18.615 15430 15447 I art     : Explicit concurrent mark sweep GC freed 1413(82KB) AllocSpace objects, 1(20KB) LOS objects, 23% free, 50MB/66MB, paused 1.229ms total 43.542ms
08-06 06:19:18.626 15430 15447 I art     : Starting a blocking GC Explicit
08-06 06:19:18.661 15430 15447 I art     : Explicit concurrent mark sweep GC freed 23(752B) AllocSpace objects, 0(0B) LOS objects, 23% free, 50MB/66MB, paused 1.188ms total 35.058ms
08-06 06:19:18.672 15430 15447 I art     : Starting a blocking GC Explicit
08-06 06:19:18.707 15430 15447 I art     : Explicit concurrent mark sweep GC freed 3(96B) AllocSpace objects, 0(0B) LOS objects, 23% free, 50MB/66MB, paused 1.309ms total 35.703ms
08-06 06:19:18.718 15430 15447 I art     : Starting a blocking GC Explicit
08-06 06:19:18.754 15430 15447 I art     : Explicit concurrent mark sweep GC freed 3(96B) AllocSpace objects, 0(0B) LOS objects, 23% free, 50MB/66MB, paused 1.216ms total 36.136ms
08-06 06:19:18.765 15430 15447 I art     : Starting a blocking GC Explicit
08-06 06:19:18.800 15430 15447 I art     : Explicit concurrent mark sweep GC freed 3(96B) AllocSpace objects, 0(0B) LOS objects, 23% free, 50MB/66MB, paused 1.160ms total 34.811ms
08-06 06:19:19.177 15430 15511 I art     : Starting a blocking GC Explicit
08-06 06:19:19.224 15430 15511 I art     : Explicit concurrent mark sweep GC freed 1381(81KB) AllocSpace objects, 1(20KB) LOS objects, 23% free, 50MB/66MB, paused 1.332ms total 46.604ms
08-06 06:19:19.236 15430 15511 I art     : Starting a blocking GC Explicit
08-06 06:19:19.272 15430 15511 I art     : Explicit concurrent mark sweep GC freed 23(752B) AllocSpace objects, 0(0B) LOS objects, 23% free, 50MB/66MB, paused 1.189ms total 35.890ms
08-06 06:19:19.283 15430 15511 I art     : Starting a blocking GC Explicit
08-06 06:19:19.318 15430 15511 I art     : Explicit concurrent mark sweep GC freed 3(96B) AllocSpace objects, 0(0B) LOS objects, 23% free, 50MB/66MB, paused 1.256ms total 35.221ms
08-06 06:19:19.329 15430 15511 I art     : Starting a blocking GC Explicit
08-06 06:19:19.364 15430 15511 I art     : Explicit concurrent mark sweep GC freed 3(96B) AllocSpace objects, 0(0B) LOS objects, 23% free, 50MB/66MB, paused 1.242ms total 35.057ms
08-06 06:19:19.375 15430 15511 I art     : Starting a blocking GC Explicit
08-06 06:19:19.411 15430 15511 I art     : Explicit concurrent mark sweep GC freed 3(96B) AllocSpace objects, 0(0B) LOS objects, 23% free, 50MB/66MB, paused 1.181ms total 36.123ms
08-06 06:19:19.765 15430 15446 I art     : Starting a blocking GC Explicit
08-06 06:19:19.812 15430 15446 I art     : Explicit concurrent mark sweep GC freed 1410(81KB) AllocSpace objects, 1(20KB) LOS objects, 23% free, 50MB/66MB, paused 1.264ms total 46.840ms
08-06 06:19:19.824 15430 15446 I art     : Starting a blocking GC Explicit
08-06 06:19:19.860 15430 15446 I art     : Explicit concurrent mark sweep GC freed 23(752B) AllocSpace objects, 0(0B) LOS objects, 23% free, 50MB/66MB, paused 1.243ms total 36.177ms
08-06 06:19:19.871 15430 15446 I art     : Starting a blocking GC Explicit
08-06 06:19:19.908 15430 15446 I art     : Explicit concurrent mark sweep GC freed 3(96B) AllocSpace objects, 0(0B) LOS objects, 23% free, 50MB/66MB, paused 1.375ms total 36.551ms
08-06 06:19:19.918 15430 15446 I art     : Starting a blocking GC Explicit
08-06 06:19:19.954 15430 15446 I art     : Explicit concurrent mark sweep GC freed 3(96B) AllocSpace objects, 0(0B) LOS objects, 23% free, 50MB/66MB, paused 1.218ms total 35.463ms
08-06 06:19:19.964 15430 15446 I art     : Starting a blocking GC Explicit
08-06 06:19:20.000 15430 15446 I art     : Explicit concurrent mark sweep GC freed 3(96B) AllocSpace objects, 0(0B) LOS objects, 23% free, 50MB/66MB, paused 1.230ms total 35.547ms
08-06 06:19:20.316 15430 16638 I art     : Starting a blocking GC Explicit
08-06 06:19:20.351 15430 16638 I art     : Explicit concurrent mark sweep GC freed 1381(81KB) AllocSpace objects, 1(20KB) LOS objects, 23% free, 50MB/66MB, paused 1.243ms total 35.549ms
08-06 06:19:20.362 15430 16638 I art     : Starting a blocking GC Explicit
08-06 06:19:20.397 15430 16638 I art     : Explicit concurrent mark sweep GC freed 23(752B) AllocSpace objects, 0(0B) LOS objects, 23% free, 50MB/66MB, paused 1.176ms total 34.616ms
08-06 06:19:20.407 15430 16638 I art     : Starting a blocking GC Explicit
08-06 06:19:20.441 15430 16638 I art     : Explicit concurrent mark sweep GC freed 3(96B) AllocSpace objects, 0(0B) LOS objects, 23% free, 50MB/66MB, paused 1.178ms total 33.678ms
08-06 06:19:20.451 15430 16638 I art     : Starting a blocking GC Explicit
08-06 06:19:20.484 15430 16638 I art     : Explicit concurrent mark sweep GC freed 3(96B) AllocSpace objects, 0(0B) LOS objects, 23% free, 50MB/66MB, paused 1.230ms total 33.489ms
08-06 06:19:20.495 15430 16638 I art     : Starting a blocking GC Explicit
08-06 06:19:20.529 15430 16638 I art     : Explicit concurrent mark sweep GC freed 3(96B) AllocSpace objects, 0(0B) LOS objects, 23% free, 50MB/66MB, paused 1.199ms total 34.742ms
08-06 06:19:20.575 19085 19085 D AndroidRuntime: >>>>>> START com.android.internal.os.RuntimeInit uid 2000 <<<<<<
08-06 06:19:20.580 19085 19085 D AndroidRuntime: CheckJNI is OFF
08-06 06:19:20.614 19085 19085 D ICU     : No timezone override file found: /data/misc/zoneinfo/current/icu/icu_tzdata.dat
08-06 06:19:20.647 19085 19085 I Radio-JNI: register_android_hardware_Radio DONE
08-06 06:19:20.669 19085 19085 D AndroidRuntime: Calling main entry com.android.commands.input.Input
08-06 06:19:20.671 19085 19085 I Input   : injectMotionEvent: MotionEvent { action=ACTION_DOWN, actionButton=0, id[0]=0, x[0]=526.0, y[0]=597.0, toolType[0]=TOOL_TYPE_UNKNOWN, buttonState=0, metaState=0, flags=0x0, edgeFlags=0x0, pointerCount=1, historySize=0, eventTime=857977084, downTime=857977084, deviceId=0, source=0x1002 }
08-06 06:19:20.678 19085 19085 I Input   : injectMotionEvent: MotionEvent { action=ACTION_UP, actionButton=0, id[0]=0, x[0]=526.0, y[0]=597.0, toolType[0]=TOOL_TYPE_UNKNOWN, buttonState=0, metaState=0, flags=0x0, edgeFlags=0x0, pointerCount=1, historySize=0, eventTime=857977084, downTime=857977084, deviceId=0, source=0x1002 }
08-06 06:19:20.680 19085 19085 D AndroidRuntime: Shutting down VM
08-06 06:19:20.744 15430 15430 D PodcastListFragment: Selected podcast: GpodnetPodcast [url=http://feeds.feedburner.com/linuxoutlaws, title=Linux Outlaws, description=Two pragmatic geeks talk about the latest news concerning Linux, free and open
08-06 06:19:20.744 15430 15430 D PodcastListFragment: technology or anything else they deem noteworthy which may include such absurd
08-06 06:19:20.744 15430 15430 D PodcastListFragment: things as hockey or bands you never heard of. This means there's many a joke
08-06 06:19:20.744 15430 15430 D PodcastListFragment: and derailed conversation along the way, so don't come here expecting only
08-06 06:19:20.744 15430 15430 D PodcastListFragment: Linux or software freedom talk  just sit back and relax, partner., subscribers=3321, logoUrl=http://sixgun.org/files/linuxoutlaws.jpg, website=http://sixgun.org, mygpoLink=http://gpodder.net/podcast/linux-outlaws-mp3]
08-06 06:19:20.745   918  3961 I ActivityManager: START u0 {cmp=baseline.de.danoeh.antennapod.debug/baseline.de.danoeh.antennapod.activity.OnlineFeedViewActivity (has extras)} from uid 10711 on display 0
08-06 06:19:20.746   512  2967 D audio_hw_primary: out_set_parameters: enter: usecase(1: low-latency-playback) kvpairs: routing=2
08-06 06:19:20.758   512  2967 D audio_hw_primary: select_devices: out_snd_device(2: speaker) in_snd_device(0: none)
08-06 06:19:20.759   512  2967 D msm8974_platform: platform_send_audio_calibration: sending audio calibration for snd_device(2) acdb_id(15)
08-06 06:19:20.759   512  2967 I soundtrigger: audio_extn_sound_trigger_update_device_status: device 0x2 of type 0 for Event 1
08-06 06:19:20.773   512  2967 D audio_hw_primary: enable_snd_device: snd_device(2: speaker)
08-06 06:19:20.775   512  2967 D audio_hw_primary: enable_audio_route: apply and update mixer path: low-latency-playback speaker
08-06 06:19:20.782 15430 15430 D UserPreferences: Using default data folder
08-06 06:19:20.783 15430 15430 D OnlineFeedViewActivity: Activity was started with url http://feeds.feedburner.com/linuxoutlaws
08-06 06:19:20.791 15430 15430 D OnlineFeedViewActivity: Starting feed download
08-06 06:19:20.794 15430 15962 D DBReader: Extracting Feedlist
08-06 06:19:20.797   918  5481 D WifiService: acquireWifiLockLocked: WifiLock{Downloader type=1 binder=android.os.BinderProxy@b860585}
08-06 06:19:20.797 15430 15962 D AntennapodHttpClient: Creating new instance of HTTP client
08-06 06:19:20.847 15430 15447 I art     : Starting a blocking GC Explicit
08-06 06:19:20.851 13866 13866 I GoogleInputMethodServic: GoogleInputMethodService.onFinishInput():3138 
08-06 06:19:20.851 13866 13866 I GoogleInputMethodServic: GoogleInputMethodService.onStartInput():1808 
08-06 06:19:20.856 15430 15962 D MYTAG   : interceptor 3a http://feeds.feedburner.com/linuxoutlaws
08-06 06:19:20.856 15430 15962 I NAPPA_EXPERIMENTATION: MetricNetworkRequestExecutionTime: REQUEST_DURATION_SYSTEM='58',REQUEST_DURATION_OKHTTP='37',REQUEST_SYNCHRONOUS='TRUE',RESPONSE_CODE='200',RESPONSE_METHOD='GET',RESPONSE_LENGTH_OKHTTP='-1',RESPONSE_LENGTH_HEADER='-2',REQUEST_PROTOCOL='http/1.1',REQUEST_URL='http://feeds.feedburner.com/linuxoutlaws',
08-06 06:19:20.856 15430 15962 D HttpDownloader: Response code is 200
08-06 06:19:20.857 15430 15962 D UserPreferences: Using default data folder
08-06 06:19:20.858 15430 15962 D HttpDownloader: Getting size of download
08-06 06:19:20.858 15430 15962 D HttpDownloader: Size is -1
08-06 06:19:20.858 15430 15962 D UserPreferences: Using default data folder
08-06 06:19:20.858 15430 15962 D HttpDownloader: Free space is 20186365952
08-06 06:19:20.858 15430 15962 D HttpDownloader: Starting download
08-06 06:19:20.874   918   936 I ActivityManager: Displayed baseline.de.danoeh.antennapod.debug/baseline.de.danoeh.antennapod.activity.OnlineFeedViewActivity: +111ms
08-06 06:19:20.879 15430 15962 D HttpDownloader: Download was successful
08-06 06:19:20.880   918  6112 D WifiService: releaseWifiLockLocked: WifiLock{Downloader type=1 binder=android.os.BinderProxy@b860585}
08-06 06:19:20.886 15430 15447 I art     : Explicit concurrent mark sweep GC freed 3066(232KB) AllocSpace objects, 1(20KB) LOS objects, 23% free, 51MB/67MB, paused 1.089ms total 39.365ms
08-06 06:19:20.897 15430 15447 I art     : Starting a blocking GC Explicit
08-06 06:19:20.913 15430 15455 D OpenGLRenderer: endAllStagingAnimators on 0x7f75ab4c00 (GridView) with handle 0x7f79c17fc0
08-06 06:19:20.918 15430 15430 D OnlineFeedViewActivity: Parsing feed
08-06 06:19:20.920 15430 19119 D TypeGetter: Recognized type RSS 2.0
08-06 06:19:20.922 15430 19119 D SyndHandler: Recognized Content namespace
08-06 06:19:20.922 15430 19119 D SyndHandler: Recognized DublinCore namespace
08-06 06:19:20.922 15430 19119 D SyndHandler: Recognized Atom namespace
08-06 06:19:20.922 15430 19119 D SyndHandler: Recognized ITunes namespace
08-06 06:19:20.922 15430 19119 D SyndHandler: Recognized media namespace
08-06 06:19:20.932 15430 15447 I art     : Explicit concurrent mark sweep GC freed 966(157KB) AllocSpace objects, 3(60KB) LOS objects, 23% free, 51MB/67MB, paused 1.414ms total 35.413ms
08-06 06:19:20.942 15430 15447 I art     : Starting a blocking GC Explicit
08-06 06:19:20.957 15430 19119 D OnlineFeedViewActivity: Deleted feed source file. Result: true
08-06 06:19:20.958 15430 15430 D OnlineFeedViewActivity: Removing HTML from shownotes
08-06 06:19:20.976 15430 15447 I art     : Explicit concurrent mark sweep GC freed 3709(479KB) AllocSpace objects, 11(748KB) LOS objects, 23% free, 51MB/67MB, paused 1.641ms total 33.021ms
08-06 06:19:20.978 15430 16366 D ApOkHttpUrlLoader: buildLoadData() called with: model = [http://sixgun.org/files/linuxoutlaws.jpg], width = [350], height = [350]
08-06 06:19:20.979 15430 16178 D DBReader: getImageAuthentication() called with: imageUrl = [http://sixgun.org/files/linuxoutlaws.jpg]
08-06 06:19:20.982 15430 16178 D ApOkHttpUrlLoader: no credentials for 'http://sixgun.org/files/linuxoutlaws.jpg'
08-06 06:19:20.986 15430 15447 I art     : Starting a blocking GC Explicit
08-06 06:19:21.020 15430 15447 I art     : Explicit concurrent mark sweep GC freed 1543(99KB) AllocSpace objects, 0(0B) LOS objects, 23% free, 51MB/67MB, paused 1.168ms total 33.992ms
08-06 06:19:21.028   918  3188 I hubconnection: sensorhub said: 'set_bias 3: -6.2400, 0.0000, 0.0000'
08-06 06:19:21.030 15430 15447 I art     : Starting a blocking GC Explicit
08-06 06:19:21.053 15430 16178 D DBWriter: updateFeedDownloadURL(original: http://sixgun.org/files/linuxoutlaws.jpg, updated: https://fab.industries/sixgun/files/linuxoutlaws.jpg)
08-06 06:19:21.065 15430 15447 I art     : Explicit concurrent mark sweep GC freed 772(38KB) AllocSpace objects, 0(0B) LOS objects, 23% free, 51MB/67MB, paused 1.345ms total 34.938ms
08-06 06:19:21.126   380   380 W SurfaceFlinger: couldn't log to binary event log: overflow.
08-06 06:19:21.191 15430 16178 D MYTAG   : interceptor 2a
08-06 06:19:21.191 15430 16178 I NAPPA_EXPERIMENTATION: MetricNetworkRequestExecutionTime: REQUEST_DURATION_SYSTEM='209',REQUEST_DURATION_OKHTTP='135',REQUEST_SYNCHRONOUS='TRUE',RESPONSE_CODE='404',RESPONSE_METHOD='GET',RESPONSE_LENGTH_OKHTTP='-1',RESPONSE_LENGTH_HEADER='1503',REQUEST_PROTOCOL='h2',REQUEST_URL='https://fab.industries/sixgun/files/linuxoutlaws.jpg',
08-06 06:19:21.193 15430 15430 W Glide   : Load failed for http://sixgun.org/files/linuxoutlaws.jpg with size [350x350]
08-06 06:19:21.193 15430 15430 W Glide   : class com.bumptech.glide.load.engine.GlideException: Failed to load resource
08-06 06:19:21.193 15430 15430 W Glide   : There was 1 cause:
08-06 06:19:21.193 15430 15430 W Glide   : com.bumptech.glide.load.HttpException()
08-06 06:19:21.193 15430 15430 W Glide   :  call GlideException#logRootCauses(String) for more detail
08-06 06:19:21.193 15430 15430 W Glide   :   Cause (1 of 1): class com.bumptech.glide.load.engine.GlideException: Fetching data failed, class java.io.InputStream, REMOTE
08-06 06:19:21.193 15430 15430 W Glide   : There was 1 cause:
08-06 06:19:21.193 15430 15430 W Glide   : com.bumptech.glide.load.HttpException()
08-06 06:19:21.193 15430 15430 W Glide   :  call GlideException#logRootCauses(String) for more detail
08-06 06:19:21.193 15430 15430 W Glide   :     Cause (1 of 1): class com.bumptech.glide.load.HttpException: 
08-06 06:19:21.193 15430 15430 I Glide   : Root cause (1 of 1)
08-06 06:19:21.193 15430 15430 I Glide   : com.bumptech.glide.load.HttpException: 
08-06 06:19:21.193 15430 15430 I Glide   : 	at com.bumptech.glide.integration.okhttp3.OkHttpStreamFetcher.onResponse(OkHttpStreamFetcher.java:73)
08-06 06:19:21.193 15430 15430 I Glide   : 	at okhttp3.RealCall$AsyncCall.execute(RealCall.java:174)
08-06 06:19:21.193 15430 15430 I Glide   : 	at okhttp3.internal.NamedRunnable.run(NamedRunnable.java:32)
08-06 06:19:21.193 15430 15430 I Glide   : 	at java.util.concurrent.ThreadPoolExecutor.runWorker(ThreadPoolExecutor.java:1113)
08-06 06:19:21.193 15430 15430 I Glide   : 	at java.util.concurrent.ThreadPoolExecutor$Worker.run(ThreadPoolExecutor.java:588)
08-06 06:19:21.193 15430 15430 I Glide   : 	at java.lang.Thread.run(Thread.java:818)
08-06 06:19:21.267 15430 15430 D PlaybackController: Releasing PlaybackController
08-06 06:19:21.308   512  2967 D audio_hw_primary: disable_audio_route: reset and update mixer path: low-latency-playback speaker
08-06 06:19:21.310   512  2967 D audio_hw_primary: disable_snd_device: snd_device(2: speaker)
08-06 06:19:21.317   512  2967 I soundtrigger: audio_extn_sound_trigger_update_device_status: device 0x2 of type 0 for Event 0
08-06 06:19:21.374 15430 16638 I art     : Starting a blocking GC Explicit
08-06 06:19:21.414 15430 16638 I art     : Explicit concurrent mark sweep GC freed 2137(143KB) AllocSpace objects, 2(132KB) LOS objects, 23% free, 51MB/67MB, paused 1.251ms total 40.171ms
08-06 06:19:21.425 15430 16638 I art     : Starting a blocking GC Explicit
08-06 06:19:21.462 15430 16638 I art     : Explicit concurrent mark sweep GC freed 50(1792B) AllocSpace objects, 0(0B) LOS objects, 23% free, 51MB/67MB, paused 1.248ms total 36.997ms
08-06 06:19:21.473 15430 16638 I art     : Starting a blocking GC Explicit
08-06 06:19:21.511 15430 16638 I art     : Explicit concurrent mark sweep GC freed 3(96B) AllocSpace objects, 0(0B) LOS objects, 23% free, 51MB/67MB, paused 1.262ms total 37.869ms
08-06 06:19:21.522 15430 16638 I art     : Starting a blocking GC Explicit
08-06 06:19:21.560 15430 16638 I art     : Explicit concurrent mark sweep GC freed 3(96B) AllocSpace objects, 0(0B) LOS objects, 23% free, 51MB/67MB, paused 1.258ms total 38.007ms
08-06 06:19:21.571 15430 16638 I art     : Starting a blocking GC Explicit
08-06 06:19:21.610 15430 16638 I art     : Explicit concurrent mark sweep GC freed 32(880B) AllocSpace objects, 0(0B) LOS objects, 23% free, 51MB/67MB, paused 1.272ms total 38.004ms
08-06 06:19:21.952 15430 15511 I art     : Starting a blocking GC Explicit
08-06 06:19:22.001 15430 15511 I art     : Explicit concurrent mark sweep GC freed 1381(81KB) AllocSpace objects, 1(20KB) LOS objects, 23% free, 51MB/67MB, paused 1.637ms total 47.994ms
08-06 06:19:22.013 15430 15511 I art     : Starting a blocking GC Explicit
08-06 06:19:22.051 15430 15511 I art     : Explicit concurrent mark sweep GC freed 23(768B) AllocSpace objects, 0(0B) LOS objects, 23% free, 51MB/67MB, paused 1.230ms total 37.737ms
08-06 06:19:22.061 15430 15511 I art     : Starting a blocking GC Explicit
08-06 06:19:22.099 15430 15511 I art     : Explicit concurrent mark sweep GC freed 3(96B) AllocSpace objects, 0(0B) LOS objects, 23% free, 51MB/67MB, paused 1.345ms total 37.425ms
08-06 06:19:22.110 15430 15511 I art     : Starting a blocking GC Explicit
08-06 06:19:22.149 15430 15511 I art     : Explicit concurrent mark sweep GC freed 3(96B) AllocSpace objects, 0(0B) LOS objects, 23% free, 51MB/67MB, paused 1.241ms total 38.784ms
08-06 06:19:22.159 15430 15511 I art     : Starting a blocking GC Explicit
08-06 06:19:22.197 15430 15511 I art     : Explicit concurrent mark sweep GC freed 3(96B) AllocSpace objects, 0(0B) LOS objects, 23% free, 51MB/67MB, paused 1.230ms total 36.998ms
08-06 06:19:22.567 15430 15446 I art     : Starting a blocking GC Explicit
08-06 06:19:22.616 15430 15446 I art     : Explicit concurrent mark sweep GC freed 1413(81KB) AllocSpace objects, 1(20KB) LOS objects, 23% free, 51MB/67MB, paused 1.334ms total 48.222ms
08-06 06:19:22.626 15430 15446 I art     : Starting a blocking GC Explicit
08-06 06:19:22.661 15430 15446 I art     : Explicit concurrent mark sweep GC freed 29(944B) AllocSpace objects, 0(0B) LOS objects, 23% free, 51MB/67MB, paused 1.125ms total 34.379ms
08-06 06:19:22.671 15430 15446 I art     : Starting a blocking GC Explicit
08-06 06:19:22.705 15430 15446 I art     : Explicit concurrent mark sweep GC freed 9(288B) AllocSpace objects, 0(0B) LOS objects, 23% free, 51MB/67MB, paused 1.150ms total 34.238ms
08-06 06:19:22.716 15430 15446 I art     : Starting a blocking GC Explicit
08-06 06:19:22.750 15430 15446 I art     : Explicit concurrent mark sweep GC freed 9(288B) AllocSpace objects, 0(0B) LOS objects, 23% free, 51MB/67MB, paused 1.068ms total 32.947ms
08-06 06:19:22.759 15430 15446 I art     : Starting a blocking GC Explicit
08-06 06:19:22.793 15430 15446 I art     : Explicit concurrent mark sweep GC freed 7(224B) AllocSpace objects, 0(0B) LOS objects, 23% free, 51MB/67MB, paused 1.211ms total 33.732ms
08-06 06:19:23.068   518   646 I ThermalEngine: ACTION: GPU - Setting GPU[0] to 450000000
08-06 06:19:23.169 15430 16638 I art     : Starting a blocking GC Explicit
08-06 06:19:23.231 15430 16638 I art     : Explicit concurrent mark sweep GC freed 1386(81KB) AllocSpace objects, 1(20KB) LOS objects, 23% free, 51MB/67MB, paused 1.852ms total 61.406ms
08-06 06:19:23.248 15430 16638 I art     : Starting a blocking GC Explicit
08-06 06:19:23.301 15430 16638 I art     : Explicit concurrent mark sweep GC freed 23(752B) AllocSpace objects, 0(0B) LOS objects, 23% free, 51MB/67MB, paused 1.676ms total 53.059ms
08-06 06:19:23.315 15430 16638 I art     : Starting a blocking GC Explicit
08-06 06:19:23.366 15430 16638 I art     : Explicit concurrent mark sweep GC freed 3(96B) AllocSpace objects, 0(0B) LOS objects, 23% free, 51MB/67MB, paused 1.587ms total 50.249ms
08-06 06:19:23.382 15430 16638 I art     : Starting a blocking GC Explicit
08-06 06:19:23.433 15430 16638 I art     : Explicit concurrent mark sweep GC freed 3(96B) AllocSpace objects, 0(0B) LOS objects, 23% free, 51MB/67MB, paused 1.653ms total 50.494ms
08-06 06:19:23.447 15430 16638 I art     : Starting a blocking GC Explicit
08-06 06:19:23.497 15430 16638 I art     : Explicit concurrent mark sweep GC freed 3(96B) AllocSpace objects, 0(0B) LOS objects, 23% free, 51MB/67MB, paused 1.675ms total 50.088ms
08-06 06:19:23.900 15430 15511 I art     : Starting a blocking GC Explicit
08-06 06:19:23.962 15430 15511 I art     : Explicit concurrent mark sweep GC freed 1410(81KB) AllocSpace objects, 1(20KB) LOS objects, 23% free, 51MB/67MB, paused 1.766ms total 61.883ms
08-06 06:19:23.980 15430 15511 I art     : Starting a blocking GC Explicit
08-06 06:19:24.033 15430 15511 I art     : Explicit concurrent mark sweep GC freed 23(752B) AllocSpace objects, 0(0B) LOS objects, 23% free, 51MB/67MB, paused 1.668ms total 52.978ms
08-06 06:19:24.047 15430 15511 I art     : Starting a blocking GC Explicit
08-06 06:19:24.097 15430 15511 I art     : Explicit concurrent mark sweep GC freed 3(96B) AllocSpace objects, 0(0B) LOS objects, 23% free, 51MB/67MB, paused 1.786ms total 49.833ms
08-06 06:19:24.111 15430 15511 I art     : Starting a blocking GC Explicit
08-06 06:19:24.162 15430 15511 I art     : Explicit concurrent mark sweep GC freed 3(96B) AllocSpace objects, 0(0B) LOS objects, 23% free, 51MB/67MB, paused 1.760ms total 50.790ms
08-06 06:19:24.179 15430 15511 I art     : Starting a blocking GC Explicit
08-06 06:19:24.229 15430 15511 I art     : Explicit concurrent mark sweep GC freed 3(96B) AllocSpace objects, 0(0B) LOS objects, 23% free, 51MB/67MB, paused 1.739ms total 49.330ms
08-06 06:19:24.626 15430 15446 I art     : Starting a blocking GC Explicit
08-06 06:19:24.689 15430 15446 I art     : Explicit concurrent mark sweep GC freed 1412(84KB) AllocSpace objects, 1(20KB) LOS objects, 23% free, 51MB/67MB, paused 1.947ms total 62.532ms
08-06 06:19:24.705 15430 15446 I art     : Starting a blocking GC Explicit
08-06 06:19:24.755 15430 15446 I art     : Explicit concurrent mark sweep GC freed 23(752B) AllocSpace objects, 0(0B) LOS objects, 23% free, 51MB/67MB, paused 1.685ms total 50.542ms
08-06 06:19:24.769 15430 15446 I art     : Starting a blocking GC Explicit
08-06 06:19:24.818 15430 15446 I art     : Explicit concurrent mark sweep GC freed 3(96B) AllocSpace objects, 0(0B) LOS objects, 23% free, 51MB/67MB, paused 1.632ms total 48.655ms
08-06 06:19:24.832 15430 15446 I art     : Starting a blocking GC Explicit
08-06 06:19:24.882 15430 15446 I art     : Explicit concurrent mark sweep GC freed 3(96B) AllocSpace objects, 0(0B) LOS objects, 23% free, 51MB/67MB, paused 1.684ms total 49.398ms
08-06 06:19:24.895 15430 15446 I art     : Starting a blocking GC Explicit
08-06 06:19:24.942 15430 15446 I art     : Explicit concurrent mark sweep GC freed 3(96B) AllocSpace objects, 0(0B) LOS objects, 23% free, 51MB/67MB, paused 1.692ms total 45.941ms
08-06 06:19:25.069   518   646 I ThermalEngine: ACTION: GPU - Setting GPU[0] to 510000000
08-06 06:19:25.282 15430 15447 I art     : Starting a blocking GC Explicit
08-06 06:19:25.325 15430 15447 I art     : Explicit concurrent mark sweep GC freed 1384(81KB) AllocSpace objects, 1(20KB) LOS objects, 23% free, 51MB/67MB, paused 1.259ms total 42.228ms
08-06 06:19:25.335 15430 15447 I art     : Starting a blocking GC Explicit
08-06 06:19:25.370 15430 15447 I art     : Explicit concurrent mark sweep GC freed 23(752B) AllocSpace objects, 0(0B) LOS objects, 23% free, 51MB/67MB, paused 1.210ms total 34.720ms
08-06 06:19:25.381 15430 15447 I art     : Starting a blocking GC Explicit
08-06 06:19:25.405 19181 19181 D AndroidRuntime: >>>>>> START com.android.internal.os.RuntimeInit uid 2000 <<<<<<
08-06 06:19:25.410 19181 19181 D AndroidRuntime: CheckJNI is OFF
08-06 06:19:25.417 15430 15447 I art     : Explicit concurrent mark sweep GC freed 3(96B) AllocSpace objects, 0(0B) LOS objects, 23% free, 51MB/67MB, paused 1.269ms total 35.609ms
08-06 06:19:25.428 15430 15447 I art     : Starting a blocking GC Explicit
08-06 06:19:25.445 19181 19181 D ICU     : No timezone override file found: /data/misc/zoneinfo/current/icu/icu_tzdata.dat
08-06 06:19:25.463 15430 15447 I art     : Explicit concurrent mark sweep GC freed 3(96B) AllocSpace objects, 0(0B) LOS objects, 23% free, 51MB/67MB, paused 1.285ms total 34.776ms
08-06 06:19:25.473 15430 15447 I art     : Starting a blocking GC Explicit
08-06 06:19:25.479 19181 19181 I Radio-JNI: register_android_hardware_Radio DONE
08-06 06:19:25.501 19181 19181 D AndroidRuntime: Calling main entry com.android.commands.input.Input
08-06 06:19:25.503 19181 19181 I Input   : injectKeyEvent: KeyEvent { action=ACTION_DOWN, keyCode=KEYCODE_BACK, scanCode=0, metaState=0, flags=0x0, repeatCount=0, eventTime=857981916, downTime=857981916, deviceId=-1, source=0x101 }
08-06 06:19:25.507 15430 15447 I art     : Explicit concurrent mark sweep GC freed 3(96B) AllocSpace objects, 0(0B) LOS objects, 23% free, 51MB/67MB, paused 1.224ms total 34.388ms
08-06 06:19:25.509 19181 19181 I Input   : injectKeyEvent: KeyEvent { action=ACTION_UP, keyCode=KEYCODE_BACK, scanCode=0, metaState=0, flags=0x0, repeatCount=0, eventTime=857981916, downTime=857981916, deviceId=-1, source=0x101 }
08-06 06:19:25.516 19181 19181 D AndroidRuntime: Shutting down VM
08-06 06:19:25.521 15430 15430 V PlaybackController: initServiceNotRunning()
08-06 06:19:25.521 15430 15430 D ExternalPlayerFragment: Loading media info
08-06 06:19:25.524 15430 16366 D ApOkHttpUrlLoader: buildLoadData() called with: model = [http://sixgun.org/files/linuxoutlaws.jpg], width = [224], height = [224]
08-06 06:19:25.525 15430 16178 D DBReader: getImageAuthentication() called with: imageUrl = [http://sixgun.org/files/linuxoutlaws.jpg]
08-06 06:19:25.525 15430 15430 D UserPreferences: Using default data folder
08-06 06:19:25.526 15430 15962 D DBReader: getNavDrawerData() called with: 
08-06 06:19:25.527 15430 16178 D ApOkHttpUrlLoader: no credentials for 'http://sixgun.org/files/linuxoutlaws.jpg'
08-06 06:19:25.536 15430 15962 D DBReader: getDownloadedItems() called
08-06 06:19:25.537 15430 15962 D DBReader: getFavoriteIDList() called
08-06 06:19:25.538 15430 15962 D DBReader: getQueueIDList() called
08-06 06:19:25.538 15430 15962 D DBReader: Extracting Feedlist
08-06 06:19:25.558 15430 15430 D MainActivity: getLastNavFragment() -> AddFeedFragment
08-06 06:19:25.558 13866 13866 I GoogleInputMethodServic: GoogleInputMethodService.onFinishInput():3138 
08-06 06:19:25.559 13866 13866 I GoogleInputMethodServic: GoogleInputMethodService.onStartInput():1808 
08-06 06:19:25.662 15430 16178 D DBWriter: updateFeedDownloadURL(original: http://sixgun.org/files/linuxoutlaws.jpg, updated: https://fab.industries/sixgun/files/linuxoutlaws.jpg)
08-06 06:19:25.799 15430 16638 I art     : Starting a blocking GC Explicit
08-06 06:19:25.805 15430 16178 D MYTAG   : interceptor 2a
08-06 06:19:25.805 15430 16178 I NAPPA_EXPERIMENTATION: MetricNetworkRequestExecutionTime: REQUEST_DURATION_SYSTEM='278',REQUEST_DURATION_OKHTTP='141',REQUEST_SYNCHRONOUS='TRUE',RESPONSE_CODE='404',RESPONSE_METHOD='GET',RESPONSE_LENGTH_OKHTTP='-1',RESPONSE_LENGTH_HEADER='1503',REQUEST_PROTOCOL='h2',REQUEST_URL='https://fab.industries/sixgun/files/linuxoutlaws.jpg',
08-06 06:19:25.806 15430 15430 W Glide   : Load failed for http://sixgun.org/files/linuxoutlaws.jpg with size [224x224]
08-06 06:19:25.806 15430 15430 W Glide   : class com.bumptech.glide.load.engine.GlideException: Failed to load resource
08-06 06:19:25.806 15430 15430 W Glide   : There was 1 cause:
08-06 06:19:25.806 15430 15430 W Glide   : com.bumptech.glide.load.HttpException()
08-06 06:19:25.806 15430 15430 W Glide   :  call GlideException#logRootCauses(String) for more detail
08-06 06:19:25.806 15430 15430 W Glide   :   Cause (1 of 1): class com.bumptech.glide.load.engine.GlideException: Fetching data failed, class java.io.InputStream, REMOTE
08-06 06:19:25.806 15430 15430 W Glide   : There was 1 cause:
08-06 06:19:25.806 15430 15430 W Glide   : com.bumptech.glide.load.HttpException()
08-06 06:19:25.806 15430 15430 W Glide   :  call GlideException#logRootCauses(String) for more detail
08-06 06:19:25.806 15430 15430 W Glide   :     Cause (1 of 1): class com.bumptech.glide.load.HttpException: 
08-06 06:19:25.806 15430 15430 I Glide   : Root cause (1 of 1)
08-06 06:19:25.806 15430 15430 I Glide   : com.bumptech.glide.load.HttpException: 
08-06 06:19:25.806 15430 15430 I Glide   : 	at com.bumptech.glide.integration.okhttp3.OkHttpStreamFetcher.onResponse(OkHttpStreamFetcher.java:73)
08-06 06:19:25.806 15430 15430 I Glide   : 	at okhttp3.RealCall$AsyncCall.execute(RealCall.java:174)
08-06 06:19:25.806 15430 15430 I Glide   : 	at okhttp3.internal.NamedRunnable.run(NamedRunnable.java:32)
08-06 06:19:25.806 15430 15430 I Glide   : 	at java.util.concurrent.ThreadPoolExecutor.runWorker(ThreadPoolExecutor.java:1113)
08-06 06:19:25.806 15430 15430 I Glide   : 	at java.util.concurrent.ThreadPoolExecutor$Worker.run(ThreadPoolExecutor.java:588)
08-06 06:19:25.806 15430 15430 I Glide   : 	at java.lang.Thread.run(Thread.java:818)
08-06 06:19:25.807 15430 15430 W Glide   : Load failed for http://sixgun.org/files/linuxoutlaws.jpg with size [224x224]
08-06 06:19:25.807 15430 15430 W Glide   : class com.bumptech.glide.load.engine.GlideException: Failed to load resource
08-06 06:19:25.807 15430 15430 W Glide   : There was 1 cause:
08-06 06:19:25.807 15430 15430 W Glide   : com.bumptech.glide.load.HttpException()
08-06 06:19:25.807 15430 15430 W Glide   :  call GlideException#logRootCauses(String) for more detail
08-06 06:19:25.807 15430 15430 W Glide   :   Cause (1 of 1): class com.bumptech.glide.load.engine.GlideException: Fetching data failed, class java.io.InputStream, REMOTE
08-06 06:19:25.807 15430 15430 W Glide   : There was 1 cause:
08-06 06:19:25.807 15430 15430 W Glide   : com.bumptech.glide.load.HttpException()
08-06 06:19:25.807 15430 15430 W Glide   :  call GlideException#logRootCauses(String) for more detail
08-06 06:19:25.807 15430 15430 W Glide   :     Cause (1 of 1): class com.bumptech.glide.load.HttpException: 
08-06 06:19:25.807 15430 15430 I Glide   : Root cause (1 of 1)
08-06 06:19:25.807 15430 15430 I Glide   : com.bumptech.glide.load.HttpException: 
08-06 06:19:25.807 15430 15430 I Glide   : 	at com.bumptech.glide.integration.okhttp3.OkHttpStreamFetcher.onResponse(OkHttpStreamFetcher.java:73)
08-06 06:19:25.807 15430 15430 I Glide   : 	at okhttp3.RealCall$AsyncCall.execute(RealCall.java:174)
08-06 06:19:25.807 15430 15430 I Glide   : 	at okhttp3.internal.NamedRunnable.run(NamedRunnable.java:32)
08-06 06:19:25.807 15430 15430 I Glide   : 	at java.util.concurrent.ThreadPoolExecutor.runWorker(ThreadPoolExecutor.java:1113)
08-06 06:19:25.807 15430 15430 I Glide   : 	at java.util.concurrent.ThreadPoolExecutor$Worker.run(ThreadPoolExecutor.java:588)
08-06 06:19:25.807 15430 15430 I Glide   : 	at java.lang.Thread.run(Thread.java:818)
08-06 06:19:25.838 15430 16638 I art     : Explicit concurrent mark sweep GC freed 3557(255KB) AllocSpace objects, 1(20KB) LOS objects, 23% free, 51MB/67MB, paused 1.133ms total 38.835ms
08-06 06:19:25.851 15430 16638 I art     : Starting a blocking GC Explicit
08-06 06:19:25.852 13866 13882 I PeriodicStatsRunner: PeriodicStatsRunner.call():175 call()
08-06 06:19:25.852 13866 13882 I PeriodicStatsRunner: PeriodicStatsRunner.call():179 No submit PeriodicStats since input started.
08-06 06:19:25.864   380   380 W SurfaceFlinger: couldn't log to binary event log: overflow.
08-06 06:19:25.889 15430 16638 I art     : Explicit concurrent mark sweep GC freed 1148(54KB) AllocSpace objects, 0(0B) LOS objects, 23% free, 51MB/67MB, paused 1.605ms total 37.009ms
08-06 06:19:25.899 15430 16638 I art     : Starting a blocking GC Explicit
08-06 06:19:25.932 15430 16638 I art     : Explicit concurrent mark sweep GC freed 105(3KB) AllocSpace objects, 0(0B) LOS objects, 23% free, 51MB/67MB, paused 1.158ms total 32.564ms
08-06 06:19:25.941 15430 16638 I art     : Starting a blocking GC Explicit
08-06 06:19:25.974 15430 16638 I art     : Explicit concurrent mark sweep GC freed 2853(235KB) AllocSpace objects, 1(28KB) LOS objects, 23% free, 50MB/66MB, paused 1.180ms total 31.944ms
08-06 06:19:25.984 15430 16638 I art     : Starting a blocking GC Explicit
08-06 06:19:26.019 15430 16638 I art     : Explicit concurrent mark sweep GC freed 3(96B) AllocSpace objects, 0(0B) LOS objects, 23% free, 50MB/66MB, paused 1.252ms total 34.620ms
08-06 06:19:26.360 15430 15447 I art     : Starting a blocking GC Explicit
08-06 06:19:26.407 15430 15447 I art     : Explicit concurrent mark sweep GC freed 1382(83KB) AllocSpace objects, 1(20KB) LOS objects, 23% free, 50MB/66MB, paused 1.473ms total 45.942ms
08-06 06:19:26.421 15430 15447 I art     : Starting a blocking GC Explicit
08-06 06:19:26.456 15430 15447 I art     : Explicit concurrent mark sweep GC freed 23(752B) AllocSpace objects, 0(0B) LOS objects, 23% free, 50MB/66MB, paused 1.222ms total 34.984ms
08-06 06:19:26.466 15430 15447 I art     : Starting a blocking GC Explicit
08-06 06:19:26.502 15430 15447 I art     : Explicit concurrent mark sweep GC freed 3(96B) AllocSpace objects, 0(0B) LOS objects, 23% free, 50MB/66MB, paused 1.221ms total 35.479ms
08-06 06:19:26.512 15430 15447 I art     : Starting a blocking GC Explicit
08-06 06:19:26.548 15430 15447 I art     : Explicit concurrent mark sweep GC freed 3(96B) AllocSpace objects, 0(0B) LOS objects, 23% free, 50MB/66MB, paused 1.396ms total 35.612ms
08-06 06:19:26.559 15430 15447 I art     : Starting a blocking GC Explicit
08-06 06:19:26.594 15430 15447 I art     : Explicit concurrent mark sweep GC freed 4(240B) AllocSpace objects, 0(0B) LOS objects, 23% free, 50MB/66MB, paused 1.208ms total 35.469ms
08-06 06:19:26.909 15430 19215 I art     : Starting a blocking GC Explicit
08-06 06:19:26.952 15430 19215 I art     : Explicit concurrent mark sweep GC freed 1412(82KB) AllocSpace objects, 1(20KB) LOS objects, 23% free, 50MB/66MB, paused 1.285ms total 42.401ms
08-06 06:19:26.962 15430 19215 I art     : Starting a blocking GC Explicit
08-06 06:19:26.996 15430 19215 I art     : Explicit concurrent mark sweep GC freed 23(752B) AllocSpace objects, 0(0B) LOS objects, 23% free, 50MB/66MB, paused 1.213ms total 33.831ms
08-06 06:19:27.006 15430 19215 I art     : Starting a blocking GC Explicit
08-06 06:19:27.041 15430 19215 I art     : Explicit concurrent mark sweep GC freed 3(96B) AllocSpace objects, 0(0B) LOS objects, 23% free, 50MB/66MB, paused 1.216ms total 34.090ms
08-06 06:19:27.051 15430 19215 I art     : Starting a blocking GC Explicit
08-06 06:19:27.085 15430 19215 I art     : Explicit concurrent mark sweep GC freed 3(96B) AllocSpace objects, 0(0B) LOS objects, 23% free, 50MB/66MB, paused 1.234ms total 34.215ms
08-06 06:19:27.095 15430 19215 I art     : Starting a blocking GC Explicit
08-06 06:19:27.129 15430 19215 I art     : Explicit concurrent mark sweep GC freed 3(96B) AllocSpace objects, 0(0B) LOS objects, 23% free, 50MB/66MB, paused 1.255ms total 34.067ms
08-06 06:19:27.189 19228 19228 D AndroidRuntime: >>>>>> START com.android.internal.os.RuntimeInit uid 2000 <<<<<<
08-06 06:19:27.194 19228 19228 D AndroidRuntime: CheckJNI is OFF
08-06 06:19:27.228 19228 19228 D ICU     : No timezone override file found: /data/misc/zoneinfo/current/icu/icu_tzdata.dat
08-06 06:19:27.262 19228 19228 I Radio-JNI: register_android_hardware_Radio DONE
08-06 06:19:27.283 19228 19228 D AndroidRuntime: Calling main entry com.android.commands.input.Input
08-06 06:19:27.285 19228 19228 I Input   : injectKeyEvent: KeyEvent { action=ACTION_DOWN, keyCode=KEYCODE_BACK, scanCode=0, metaState=0, flags=0x0, repeatCount=0, eventTime=857983698, downTime=857983698, deviceId=-1, source=0x101 }
08-06 06:19:27.292 19228 19228 I Input   : injectKeyEvent: KeyEvent { action=ACTION_UP, keyCode=KEYCODE_BACK, scanCode=0, metaState=0, flags=0x0, repeatCount=0, eventTime=857983698, downTime=857983698, deviceId=-1, source=0x101 }
08-06 06:19:27.309 19228 19228 D AndroidRuntime: Shutting down VM
08-06 06:19:27.433 15430 19215 I art     : Starting a blocking GC Explicit
08-06 06:19:27.473 15430 19215 I art     : Explicit concurrent mark sweep GC freed 3601(172KB) AllocSpace objects, 1(20KB) LOS objects, 23% free, 50MB/66MB, paused 1.317ms total 39.928ms
08-06 06:19:27.484 15430 19215 I art     : Starting a blocking GC Explicit
08-06 06:19:27.519 15430 19215 I art     : Explicit concurrent mark sweep GC freed 5329(393KB) AllocSpace objects, 9(1620KB) LOS objects, 24% free, 48MB/64MB, paused 1.260ms total 35.044ms
08-06 06:19:27.529 15430 19215 I art     : Starting a blocking GC Explicit
08-06 06:19:27.563 15430 19215 I art     : Explicit concurrent mark sweep GC freed 3(96B) AllocSpace objects, 0(0B) LOS objects, 24% free, 48MB/64MB, paused 1.214ms total 33.139ms
08-06 06:19:27.573 15430 19215 I art     : Starting a blocking GC Explicit
08-06 06:19:27.607 15430 19215 I art     : Explicit concurrent mark sweep GC freed 32(880B) AllocSpace objects, 0(0B) LOS objects, 24% free, 48MB/64MB, paused 1.242ms total 33.653ms
08-06 06:19:27.617 15430 19215 I art     : Starting a blocking GC Explicit
08-06 06:19:27.652 15430 19215 I art     : Explicit concurrent mark sweep GC freed 3(96B) AllocSpace objects, 0(0B) LOS objects, 24% free, 48MB/64MB, paused 1.226ms total 34.577ms
08-06 06:19:27.999 15430 16638 I art     : Starting a blocking GC Explicit
08-06 06:19:28.043 15430 16638 I art     : Explicit concurrent mark sweep GC freed 1382(82KB) AllocSpace objects, 1(20KB) LOS objects, 24% free, 48MB/64MB, paused 1.342ms total 42.985ms
08-06 06:19:28.057 15430 16638 I art     : Starting a blocking GC Explicit
08-06 06:19:28.076   518   646 I ThermalEngine: ACTION: GPU - Setting GPU[0] to 450000000
08-06 06:19:28.095 15430 16638 I art     : Explicit concurrent mark sweep GC freed 23(752B) AllocSpace objects, 0(0B) LOS objects, 24% free, 48MB/64MB, paused 1.606ms total 38.135ms
08-06 06:19:28.108 15430 16638 I art     : Starting a blocking GC Explicit
08-06 06:19:28.151 15430 16638 I art     : Explicit concurrent mark sweep GC freed 3(96B) AllocSpace objects, 0(0B) LOS objects, 24% free, 48MB/64MB, paused 1.643ms total 42.463ms
08-06 06:19:28.164 15430 16638 I art     : Starting a blocking GC Explicit
08-06 06:19:28.207 15430 16638 I art     : Explicit concurrent mark sweep GC freed 3(96B) AllocSpace objects, 0(0B) LOS objects, 24% free, 48MB/64MB, paused 1.627ms total 42.413ms
08-06 06:19:28.220 15430 16638 I art     : Starting a blocking GC Explicit
08-06 06:19:28.262 15430 16638 I art     : Explicit concurrent mark sweep GC freed 3(96B) AllocSpace objects, 0(0B) LOS objects, 24% free, 48MB/64MB, paused 1.627ms total 42.366ms
08-06 06:19:28.620 15430 15511 I art     : Starting a blocking GC Explicit
08-06 06:19:28.662 15430 15511 I art     : Explicit concurrent mark sweep GC freed 1410(82KB) AllocSpace objects, 1(20KB) LOS objects, 24% free, 48MB/64MB, paused 1.675ms total 41.608ms
08-06 06:19:28.675 15430 15511 I art     : Starting a blocking GC Explicit
08-06 06:19:28.715 15430 15511 I art     : Explicit concurrent mark sweep GC freed 23(752B) AllocSpace objects, 0(0B) LOS objects, 24% free, 48MB/64MB, paused 1.598ms total 39.741ms
08-06 06:19:28.728 15430 15511 I art     : Starting a blocking GC Explicit
08-06 06:19:28.768 15430 15511 I art     : Explicit concurrent mark sweep GC freed 3(96B) AllocSpace objects, 0(0B) LOS objects, 24% free, 48MB/64MB, paused 1.671ms total 39.629ms
08-06 06:19:28.780 15430 15511 I art     : Starting a blocking GC Explicit
08-06 06:19:28.820 15430 15511 I art     : Explicit concurrent mark sweep GC freed 3(96B) AllocSpace objects, 0(0B) LOS objects, 24% free, 48MB/64MB, paused 1.627ms total 39.962ms
08-06 06:19:28.833 15430 15511 I art     : Starting a blocking GC Explicit
08-06 06:19:28.873 15430 15511 I art     : Explicit concurrent mark sweep GC freed 3(96B) AllocSpace objects, 0(0B) LOS objects, 24% free, 48MB/64MB, paused 1.557ms total 40.228ms
08-06 06:19:29.124 19285 19285 D AndroidRuntime: >>>>>> START com.android.internal.os.RuntimeInit uid 2000 <<<<<<
08-06 06:19:29.131 19285 19285 D AndroidRuntime: CheckJNI is OFF
08-06 06:19:29.172 19285 19285 D ICU     : No timezone override file found: /data/misc/zoneinfo/current/icu/icu_tzdata.dat
08-06 06:19:29.214 19285 19285 I Radio-JNI: register_android_hardware_Radio DONE
08-06 06:19:29.241 19285 19285 D AndroidRuntime: Calling main entry com.android.commands.am.Am
08-06 06:19:29.249  3167  3167 I Trepn   : Trepn 6.2s: Received intent: com.quicinc.trepn.stop_profiling
08-06 06:19:29.257 15430 19215 I art     : Starting a blocking GC Explicit
08-06 06:19:29.277  3167  3167 I Trepn   : Trepn 6.2s: Trepn has Stopped Profiling.
08-06 06:19:29.297 15430 19215 I art     : Explicit concurrent mark sweep GC freed 1412(84KB) AllocSpace objects, 1(20KB) LOS objects, 24% free, 48MB/64MB, paused 1.600ms total 39.956ms
08-06 06:19:29.310 15430 19215 I art     : Starting a blocking GC Explicit
08-06 06:19:29.348 15430 19215 I art     : Explicit concurrent mark sweep GC freed 23(752B) AllocSpace objects, 0(0B) LOS objects, 24% free, 48MB/64MB, paused 1.622ms total 38.330ms
08-06 06:19:29.361 15430 19215 I art     : Starting a blocking GC Explicit
08-06 06:19:29.381 19285 19285 D AndroidRuntime: Shutting down VM
08-06 06:19:29.386   918  3696 W AppOps  : Finishing op nesting under-run: uid 10078 pkg com.quicinc.trepn code 24 time=0 duration=0 nesting=0
08-06 06:19:29.401 15430 19215 I art     : Explicit concurrent mark sweep GC freed 3(96B) AllocSpace objects, 0(0B) LOS objects, 24% free, 48MB/64MB, paused 1.561ms total 39.359ms
08-06 06:19:29.412 15430 19215 I art     : Starting a blocking GC Explicit
08-06 06:19:29.446 15430 19215 I art     : Explicit concurrent mark sweep GC freed 3(96B) AllocSpace objects, 0(0B) LOS objects, 24% free, 48MB/64MB, paused 1.427ms total 33.998ms
08-06 06:19:29.459 15430 19215 I art     : Starting a blocking GC Explicit
08-06 06:19:29.494 15430 19215 I art     : Explicit concurrent mark sweep GC freed 3(96B) AllocSpace objects, 0(0B) LOS objects, 24% free, 48MB/64MB, paused 1.451ms total 34.821ms
08-06 06:19:29.845 15430 16638 I art     : Starting a blocking GC Explicit
08-06 06:19:29.885 15430 16638 I art     : Explicit concurrent mark sweep GC freed 1412(82KB) AllocSpace objects, 1(20KB) LOS objects, 24% free, 48MB/64MB, paused 1.537ms total 40.187ms
08-06 06:19:29.898 15430 16638 I art     : Starting a blocking GC Explicit
08-06 06:19:29.937 15430 16638 I art     : Explicit concurrent mark sweep GC freed 23(752B) AllocSpace objects, 0(0B) LOS objects, 24% free, 48MB/64MB, paused 2.263ms total 38.667ms
08-06 06:19:29.949 15430 16638 I art     : Starting a blocking GC Explicit
08-06 06:19:29.985 15430 16638 I art     : Explicit concurrent mark sweep GC freed 3(96B) AllocSpace objects, 0(0B) LOS objects, 24% free, 48MB/64MB, paused 1.451ms total 36.061ms
08-06 06:19:29.997 15430 16638 I art     : Starting a blocking GC Explicit
08-06 06:19:30.035 15430 16638 I art     : Explicit concurrent mark sweep GC freed 6(208B) AllocSpace objects, 0(0B) LOS objects, 24% free, 48MB/64MB, paused 1.585ms total 37.332ms
08-06 06:19:30.048 15430 16638 I art     : Starting a blocking GC Explicit
08-06 06:19:30.087 15430 16638 I art     : Explicit concurrent mark sweep GC freed 90(3KB) AllocSpace objects, 0(0B) LOS objects, 24% free, 48MB/64MB, paused 1.663ms total 38.809ms
08-06 06:19:30.559 13866 13882 I PeriodicStatsRunner: PeriodicStatsRunner.call():175 call()
08-06 06:19:30.559 13866 13882 I PeriodicStatsRunner: PeriodicStatsRunner.call():179 No submit PeriodicStats since input started.
08-06 06:19:32.086   518   646 I ThermalEngine: ACTION: GPU - Setting GPU[0] to 510000000
