08-06 01:02:23.736 31840 31852 I art     : Explicit concurrent mark sweep GC freed 23(752B) AllocSpace objects, 0(0B) LOS objects, 40% free, 22MB/37MB, paused 147us total 12.459ms
08-06 01:02:23.742 31840 31852 I art     : Starting a blocking GC Explicit
08-06 01:02:23.755 31840 31852 I art     : Explicit concurrent mark sweep GC freed 3(96B) AllocSpace objects, 0(0B) LOS objects, 40% free, 22MB/37MB, paused 143us total 12.008ms
08-06 01:02:23.760 31840 31852 I art     : Starting a blocking GC Explicit
08-06 01:02:23.773 31840 31852 I art     : Explicit concurrent mark sweep GC freed 3(96B) AllocSpace objects, 0(0B) LOS objects, 40% free, 22MB/37MB, paused 151us total 12.203ms
08-06 01:02:23.778 32171 32171 D AndroidRuntime: >>>>>> START com.android.internal.os.RuntimeInit uid 2000 <<<<<<
08-06 01:02:23.780 31840 31852 I art     : Starting a blocking GC Explicit
08-06 01:02:23.782 32171 32171 D AndroidRuntime: CheckJNI is OFF
08-06 01:02:23.792 31840 31852 I art     : Explicit concurrent mark sweep GC freed 3(96B) AllocSpace objects, 0(0B) LOS objects, 40% free, 22MB/37MB, paused 142us total 11.986ms
08-06 01:02:23.809 32171 32171 D ICU     : No timezone override file found: /data/misc/zoneinfo/current/icu/icu_tzdata.dat
08-06 01:02:23.833 32171 32171 I Radio-JNI: register_android_hardware_Radio DONE
08-06 01:02:23.848 32171 32171 D AndroidRuntime: Calling main entry com.android.commands.input.Input
08-06 01:02:23.850 32171 32171 I Input   : injectMotionEvent: MotionEvent { action=ACTION_DOWN, actionButton=0, id[0]=0, x[0]=1233.0, y[0]=1274.0, toolType[0]=TOOL_TYPE_UNKNOWN, buttonState=0, metaState=0, flags=0x0, edgeFlags=0x0, pointerCount=1, historySize=0, eventTime=838960263, downTime=838960263, deviceId=0, source=0x1002 }
08-06 01:02:23.855 32171 32171 I Input   : injectMotionEvent: MotionEvent { action=ACTION_UP, actionButton=0, id[0]=0, x[0]=1233.0, y[0]=1274.0, toolType[0]=TOOL_TYPE_UNKNOWN, buttonState=0, metaState=0, flags=0x0, edgeFlags=0x0, pointerCount=1, historySize=0, eventTime=838960263, downTime=838960263, deviceId=0, source=0x1002 }
08-06 01:02:23.856 32171 32171 D AndroidRuntime: Shutting down VM
08-06 01:02:23.975 25581 25581 I ServiceManager: Waiting for service AtCmdFwd...
08-06 01:02:24.022 31840 31853 I art     : Starting a blocking GC Explicit
08-06 01:02:24.036 31840 31853 I art     : Explicit concurrent mark sweep GC freed 1361(79KB) AllocSpace objects, 1(20KB) LOS objects, 40% free, 22MB/37MB, paused 153us total 13.978ms
08-06 01:02:24.043 31840 31853 I art     : Starting a blocking GC Explicit
08-06 01:02:24.056 31840 31853 I art     : Explicit concurrent mark sweep GC freed 23(752B) AllocSpace objects, 0(0B) LOS objects, 40% free, 22MB/37MB, paused 150us total 13.362ms
08-06 01:02:24.063 31840 31853 I art     : Starting a blocking GC Explicit
08-06 01:02:24.077 31840 31853 I art     : Explicit concurrent mark sweep GC freed 3(96B) AllocSpace objects, 0(0B) LOS objects, 40% free, 22MB/37MB, paused 230us total 13.738ms
08-06 01:02:24.084 31840 31853 I art     : Starting a blocking GC Explicit
08-06 01:02:24.096 31840 31853 I art     : Explicit concurrent mark sweep GC freed 3(96B) AllocSpace objects, 0(0B) LOS objects, 40% free, 22MB/37MB, paused 159us total 11.919ms
08-06 01:02:24.102 31840 31853 I art     : Starting a blocking GC Explicit
08-06 01:02:24.115 31840 31853 I art     : Explicit concurrent mark sweep GC freed 3(96B) AllocSpace objects, 0(0B) LOS objects, 40% free, 22MB/37MB, paused 346us total 12.106ms
08-06 01:02:24.115 31840 31851 I art     : WaitForGcToComplete blocked for 12.282ms for cause HeapTrim
08-06 01:02:24.292 13866 13866 I GoogleInputMethodServic: GoogleInputMethodService.onFinishInput():3138 
08-06 01:02:24.295 13866 13866 I GoogleInputMethodServic: GoogleInputMethodService.onStartInput():1808 
08-06 01:02:24.373 31840 31852 I art     : Starting a blocking GC Explicit
08-06 01:02:24.390 31840 31852 I art     : Explicit concurrent mark sweep GC freed 1481(84KB) AllocSpace objects, 1(20KB) LOS objects, 40% free, 22MB/37MB, paused 177us total 16.932ms
08-06 01:02:24.398 31840 31852 I art     : Starting a blocking GC Explicit
08-06 01:02:24.413 31840 31852 I art     : Explicit concurrent mark sweep GC freed 31(1200B) AllocSpace objects, 0(0B) LOS objects, 40% free, 22MB/37MB, paused 151us total 14.911ms
08-06 01:02:24.419 31840 31852 I art     : Starting a blocking GC Explicit
08-06 01:02:24.432 31840 31852 I art     : Explicit concurrent mark sweep GC freed 3(96B) AllocSpace objects, 0(0B) LOS objects, 40% free, 22MB/37MB, paused 144us total 12.845ms
08-06 01:02:24.438 31840 31852 I art     : Starting a blocking GC Explicit
08-06 01:02:24.451 31840 31852 I art     : Explicit concurrent mark sweep GC freed 3(96B) AllocSpace objects, 0(0B) LOS objects, 40% free, 22MB/37MB, paused 137us total 12.459ms
08-06 01:02:24.457 31840 31852 I art     : Starting a blocking GC Explicit
08-06 01:02:24.470 31840 31852 I art     : Explicit concurrent mark sweep GC freed 3(96B) AllocSpace objects, 0(0B) LOS objects, 40% free, 22MB/37MB, paused 143us total 12.367ms
08-06 01:02:24.740 31840 31853 I art     : Starting a blocking GC Explicit
08-06 01:02:24.755 31840 31853 I art     : Explicit concurrent mark sweep GC freed 1358(79KB) AllocSpace objects, 1(20KB) LOS objects, 40% free, 22MB/37MB, paused 173us total 15.412ms
08-06 01:02:24.765 31840 31853 I art     : Starting a blocking GC Explicit
08-06 01:02:24.782 31840 31853 I art     : Explicit concurrent mark sweep GC freed 23(752B) AllocSpace objects, 0(0B) LOS objects, 40% free, 22MB/37MB, paused 167us total 16.196ms
08-06 01:02:24.790 31840 31853 I art     : Starting a blocking GC Explicit
08-06 01:02:24.804 31840 31853 I art     : Explicit concurrent mark sweep GC freed 3(96B) AllocSpace objects, 0(0B) LOS objects, 40% free, 22MB/37MB, paused 155us total 13.087ms
08-06 01:02:24.810 31840 31853 I art     : Starting a blocking GC Explicit
08-06 01:02:24.824 31840 31853 I art     : Explicit concurrent mark sweep GC freed 3(96B) AllocSpace objects, 0(0B) LOS objects, 40% free, 22MB/37MB, paused 158us total 12.917ms
08-06 01:02:24.830 31840 31853 I art     : Starting a blocking GC Explicit
08-06 01:02:24.843 31840 31853 I art     : Explicit concurrent mark sweep GC freed 3(96B) AllocSpace objects, 0(0B) LOS objects, 40% free, 22MB/37MB, paused 145us total 12.381ms
08-06 01:02:24.976 25581 25581 I ServiceManager: Waiting for service AtCmdFwd...
08-06 01:02:25.120 31840 31872 I art     : Starting a blocking GC Explicit
08-06 01:02:25.135 31840 31872 I art     : Explicit concurrent mark sweep GC freed 1357(79KB) AllocSpace objects, 1(20KB) LOS objects, 40% free, 22MB/37MB, paused 174us total 15.002ms
08-06 01:02:25.142 31840 31872 I art     : Starting a blocking GC Explicit
08-06 01:02:25.155 31840 31872 I art     : Explicit concurrent mark sweep GC freed 23(752B) AllocSpace objects, 0(0B) LOS objects, 40% free, 22MB/37MB, paused 172us total 12.900ms
08-06 01:02:25.161 31840 31872 I art     : Starting a blocking GC Explicit
08-06 01:02:25.173 31840 31872 I art     : Explicit concurrent mark sweep GC freed 3(96B) AllocSpace objects, 0(0B) LOS objects, 40% free, 22MB/37MB, paused 145us total 11.913ms
08-06 01:02:25.179 31840 31872 I art     : Starting a blocking GC Explicit
08-06 01:02:25.191 31840 31872 I art     : Explicit concurrent mark sweep GC freed 3(96B) AllocSpace objects, 0(0B) LOS objects, 40% free, 22MB/37MB, paused 151us total 11.994ms
08-06 01:02:25.196 31840 31872 I art     : Starting a blocking GC Explicit
08-06 01:02:25.208 31840 31872 I art     : Explicit concurrent mark sweep GC freed 3(96B) AllocSpace objects, 0(0B) LOS objects, 40% free, 22MB/37MB, paused 141us total 11.173ms
08-06 01:02:25.407 32235 32235 D AndroidRuntime: >>>>>> START com.android.internal.os.RuntimeInit uid 2000 <<<<<<
08-06 01:02:25.411 32235 32235 D AndroidRuntime: CheckJNI is OFF
08-06 01:02:25.436 32235 32235 D ICU     : No timezone override file found: /data/misc/zoneinfo/current/icu/icu_tzdata.dat
08-06 01:02:25.445 31840 31852 I art     : Starting a blocking GC Explicit
08-06 01:02:25.458 31840 31852 I art     : Explicit concurrent mark sweep GC freed 1384(80KB) AllocSpace objects, 1(20KB) LOS objects, 40% free, 22MB/37MB, paused 152us total 13.089ms
08-06 01:02:25.463 32235 32235 I Radio-JNI: register_android_hardware_Radio DONE
08-06 01:02:25.464 31840 31852 I art     : Starting a blocking GC Explicit
08-06 01:02:25.477 31840 31852 I art     : Explicit concurrent mark sweep GC freed 23(752B) AllocSpace objects, 0(0B) LOS objects, 40% free, 22MB/37MB, paused 164us total 12.448ms
08-06 01:02:25.480 32235 32235 D AndroidRuntime: Calling main entry com.android.commands.input.Input
08-06 01:02:25.482 32235 32235 I Input   : injectMotionEvent: MotionEvent { action=ACTION_DOWN, actionButton=0, id[0]=0, x[0]=103.0, y[0]=192.0, toolType[0]=TOOL_TYPE_UNKNOWN, buttonState=0, metaState=0, flags=0x0, edgeFlags=0x0, pointerCount=1, historySize=0, eventTime=838961895, downTime=838961895, deviceId=0, source=0x1002 }
08-06 01:02:25.483 31840 31852 I art     : Starting a blocking GC Explicit
08-06 01:02:25.487 32235 32235 I Input   : injectMotionEvent: MotionEvent { action=ACTION_UP, actionButton=0, id[0]=0, x[0]=103.0, y[0]=192.0, toolType[0]=TOOL_TYPE_UNKNOWN, buttonState=0, metaState=0, flags=0x0, edgeFlags=0x0, pointerCount=1, historySize=0, eventTime=838961895, downTime=838961895, deviceId=0, source=0x1002 }
08-06 01:02:25.488 32235 32235 D AndroidRuntime: Shutting down VM
08-06 01:02:25.495 31840 31852 I art     : Explicit concurrent mark sweep GC freed 23(720B) AllocSpace objects, 0(0B) LOS objects, 40% free, 22MB/37MB, paused 142us total 11.915ms
08-06 01:02:25.502   512  2967 D audio_hw_primary: out_set_parameters: enter: usecase(1: low-latency-playback) kvpairs: routing=2
08-06 01:02:25.502 31840 31852 I art     : Starting a blocking GC Explicit
08-06 01:02:25.514   512  2967 D audio_hw_primary: select_devices: out_snd_device(2: speaker) in_snd_device(0: none)
08-06 01:02:25.515   512  2967 D msm8974_platform: platform_send_audio_calibration: sending audio calibration for snd_device(2) acdb_id(15)
08-06 01:02:25.515   512  2967 I soundtrigger: audio_extn_sound_trigger_update_device_status: device 0x2 of type 0 for Event 1
08-06 01:02:25.515 31840 31852 I art     : Explicit concurrent mark sweep GC freed 13(400B) AllocSpace objects, 0(0B) LOS objects, 40% free, 22MB/37MB, paused 153us total 12.999ms
08-06 01:02:25.522 31840 31852 I art     : Starting a blocking GC Explicit
08-06 01:02:25.526   512  2967 D audio_hw_primary: enable_snd_device: snd_device(2: speaker)
08-06 01:02:25.528   512  2967 D audio_hw_primary: enable_audio_route: apply and update mixer path: low-latency-playback speaker
08-06 01:02:25.534 31840 31852 I art     : Explicit concurrent mark sweep GC freed 52(1776B) AllocSpace objects, 0(0B) LOS objects, 40% free, 22MB/37MB, paused 281us total 12.241ms
08-06 01:02:25.540 13866 13866 I GoogleInputMethodServic: GoogleInputMethodService.onFinishInput():3138 
08-06 01:02:25.540 13866 13866 I GoogleInputMethodServic: GoogleInputMethodService.onStartInput():1808 
08-06 01:02:25.775 31840 31853 I art     : Starting a blocking GC Explicit
08-06 01:02:25.789 31840 31853 I art     : Explicit concurrent mark sweep GC freed 1789(101KB) AllocSpace objects, 1(20KB) LOS objects, 40% free, 22MB/37MB, paused 180us total 13.486ms
08-06 01:02:25.795 31840 31853 I art     : Starting a blocking GC Explicit
08-06 01:02:25.808 31840 31853 I art     : Explicit concurrent mark sweep GC freed 35(1408B) AllocSpace objects, 0(0B) LOS objects, 40% free, 22MB/37MB, paused 174us total 12.615ms
08-06 01:02:25.814 31840 31853 I art     : Starting a blocking GC Explicit
08-06 01:02:25.826 31840 31853 I art     : Explicit concurrent mark sweep GC freed 3(96B) AllocSpace objects, 0(0B) LOS objects, 40% free, 22MB/37MB, paused 154us total 11.928ms
08-06 01:02:25.832 31840 31853 I art     : Starting a blocking GC Explicit
08-06 01:02:25.844 31840 31853 I art     : Explicit concurrent mark sweep GC freed 3(96B) AllocSpace objects, 0(0B) LOS objects, 40% free, 22MB/37MB, paused 154us total 11.831ms
08-06 01:02:25.850 31840 31853 I art     : Starting a blocking GC Explicit
08-06 01:02:25.861 31840 31853 I art     : Explicit concurrent mark sweep GC freed 9(288B) AllocSpace objects, 0(0B) LOS objects, 40% free, 22MB/37MB, paused 151us total 11.763ms
08-06 01:02:25.977 25581 25581 I ServiceManager: Waiting for service AtCmdFwd...
08-06 01:02:26.033 32267 32267 D AndroidRuntime: >>>>>> START com.android.internal.os.RuntimeInit uid 2000 <<<<<<
08-06 01:02:26.037 32267 32267 D AndroidRuntime: CheckJNI is OFF
08-06 01:02:26.060 32267 32267 D ICU     : No timezone override file found: /data/misc/zoneinfo/current/icu/icu_tzdata.dat
08-06 01:02:26.070   512  2967 D audio_hw_primary: disable_audio_route: reset and update mixer path: low-latency-playback speaker
08-06 01:02:26.072   512  2967 D audio_hw_primary: disable_snd_device: snd_device(2: speaker)
08-06 01:02:26.079   512  2967 I soundtrigger: audio_extn_sound_trigger_update_device_status: device 0x2 of type 0 for Event 0
08-06 01:02:26.083 32267 32267 I Radio-JNI: register_android_hardware_Radio DONE
08-06 01:02:26.099 32267 32267 D AndroidRuntime: Calling main entry com.android.commands.input.Input
08-06 01:02:26.101 32267 32267 I Input   : injectMotionEvent: MotionEvent { action=ACTION_DOWN, actionButton=0, id[0]=0, x[0]=324.0, y[0]=2298.0, toolType[0]=TOOL_TYPE_UNKNOWN, buttonState=0, metaState=0, flags=0x0, edgeFlags=0x0, pointerCount=1, historySize=0, eventTime=838962513, downTime=838962513, deviceId=0, source=0x1002 }
08-06 01:02:26.105 32267 32267 I Input   : injectMotionEvent: MotionEvent { action=ACTION_UP, actionButton=0, id[0]=0, x[0]=324.0, y[0]=2298.0, toolType[0]=TOOL_TYPE_UNKNOWN, buttonState=0, metaState=0, flags=0x0, edgeFlags=0x0, pointerCount=1, historySize=0, eventTime=838962513, downTime=838962513, deviceId=0, source=0x1002 }
08-06 01:02:26.106 31840 31853 I art     : Starting a blocking GC Explicit
08-06 01:02:26.106 32267 32267 D AndroidRuntime: Shutting down VM
08-06 01:02:26.119   512  2967 D audio_hw_primary: out_set_parameters: enter: usecase(1: low-latency-playback) kvpairs: routing=2
08-06 01:02:26.122   918  6029 I ActivityManager: START u0 {cmp=baseline.de.danoeh.antennapod.debug/baseline.de.danoeh.antennapod.activity.PreferenceActivity} from uid 10711 on display 0
08-06 01:02:26.122 31840 31853 I art     : Explicit concurrent mark sweep GC freed 1371(84KB) AllocSpace objects, 1(20KB) LOS objects, 40% free, 22MB/37MB, paused 480us total 15.552ms
08-06 01:02:26.129 31840 31853 I art     : Starting a blocking GC Explicit
08-06 01:02:26.132   512  2967 D audio_hw_primary: select_devices: out_snd_device(2: speaker) in_snd_device(0: none)
08-06 01:02:26.132   512  2967 D msm8974_platform: platform_send_audio_calibration: sending audio calibration for snd_device(2) acdb_id(15)
08-06 01:02:26.132   512  2967 I soundtrigger: audio_extn_sound_trigger_update_device_status: device 0x2 of type 0 for Event 1
08-06 01:02:26.142 31840 31853 I art     : Explicit concurrent mark sweep GC freed 82(20KB) AllocSpace objects, 1(20KB) LOS objects, 40% free, 22MB/37MB, paused 199us total 13.370ms
08-06 01:02:26.143   512  2967 D audio_hw_primary: enable_snd_device: snd_device(2: speaker)
08-06 01:02:26.145   512  2967 D audio_hw_primary: enable_audio_route: apply and update mixer path: low-latency-playback speaker
08-06 01:02:26.148 31840 31853 I art     : Starting a blocking GC Explicit
08-06 01:02:26.161 31840 31853 I art     : Explicit concurrent mark sweep GC freed 459(28KB) AllocSpace objects, 0(0B) LOS objects, 40% free, 22MB/37MB, paused 291us total 12.615ms
08-06 01:02:26.168 31840 31853 I art     : Starting a blocking GC Explicit
08-06 01:02:26.182 31840 31853 I art     : Explicit concurrent mark sweep GC freed 475(107KB) AllocSpace objects, 0(0B) LOS objects, 40% free, 22MB/37MB, paused 805us total 13.964ms
08-06 01:02:26.187   512  2967 D AudioFlinger: mixer(0xf4740000) throttle end: throttle time(12)
08-06 01:02:26.188 31840 31853 I art     : Starting a blocking GC Explicit
08-06 01:02:26.203 31840 31853 I art     : Explicit concurrent mark sweep GC freed 418(53KB) AllocSpace objects, 0(0B) LOS objects, 40% free, 22MB/37MB, paused 197us total 14.002ms
08-06 01:02:26.368   918   936 I ActivityManager: Displayed baseline.de.danoeh.antennapod.debug/baseline.de.danoeh.antennapod.activity.PreferenceActivity: +220ms
08-06 01:02:26.368 13866 13866 I GoogleInputMethodServic: GoogleInputMethodService.onFinishInput():3138 
08-06 01:02:26.369 13866 13866 I GoogleInputMethodServic: GoogleInputMethodService.onStartInput():1808 
08-06 01:02:26.390 31840 31861 D OpenGLRenderer: endAllStagingAnimators on 0x7f7d133000 (RippleDrawable) with handle 0x7f7e1bf940
08-06 01:02:26.434 31840 31852 I art     : Starting a blocking GC Explicit
08-06 01:02:26.450 31840 31852 I art     : Explicit concurrent mark sweep GC freed 3470(249KB) AllocSpace objects, 1(20KB) LOS objects, 40% free, 23MB/39MB, paused 153us total 15.457ms
08-06 01:02:26.457 31840 31852 I art     : Starting a blocking GC Explicit
08-06 01:02:26.472 31840 31852 I art     : Explicit concurrent mark sweep GC freed 227(10KB) AllocSpace objects, 0(0B) LOS objects, 40% free, 23MB/38MB, paused 151us total 14.675ms
08-06 01:02:26.478 31840 31852 I art     : Starting a blocking GC Explicit
08-06 01:02:26.493 31840 31852 I art     : Explicit concurrent mark sweep GC freed 3(96B) AllocSpace objects, 0(0B) LOS objects, 40% free, 23MB/38MB, paused 144us total 14.745ms
08-06 01:02:26.500 31840 31852 I art     : Starting a blocking GC Explicit
08-06 01:02:26.515 31840 31852 I art     : Explicit concurrent mark sweep GC freed 3(96B) AllocSpace objects, 0(0B) LOS objects, 40% free, 23MB/38MB, paused 156us total 14.390ms
08-06 01:02:26.522 31840 31852 I art     : Starting a blocking GC Explicit
08-06 01:02:26.536 31840 31852 I art     : Explicit concurrent mark sweep GC freed 3(96B) AllocSpace objects, 0(0B) LOS objects, 40% free, 23MB/38MB, paused 156us total 14.439ms
08-06 01:02:26.601   380   380 W SurfaceFlinger: couldn't log to binary event log: overflow.
08-06 01:02:26.678   512  2967 D audio_hw_primary: disable_audio_route: reset and update mixer path: low-latency-playback speaker
08-06 01:02:26.680   512  2967 D audio_hw_primary: disable_snd_device: snd_device(2: speaker)
08-06 01:02:26.688   512  2967 I soundtrigger: audio_extn_sound_trigger_update_device_status: device 0x2 of type 0 for Event 0
08-06 01:02:26.726 31840 31840 D PlaybackController: Releasing PlaybackController
08-06 01:02:26.815 31840 31852 I art     : Starting a blocking GC Explicit
08-06 01:02:26.834 31840 31852 I art     : Explicit concurrent mark sweep GC freed 1622(97KB) AllocSpace objects, 1(20KB) LOS objects, 40% free, 23MB/39MB, paused 184us total 18.425ms
08-06 01:02:26.843 31840 31852 I art     : Starting a blocking GC Explicit
08-06 01:02:26.858 31840 31852 I art     : Explicit concurrent mark sweep GC freed 63(2064B) AllocSpace objects, 0(0B) LOS objects, 40% free, 23MB/39MB, paused 142us total 15.309ms
08-06 01:02:26.864   518   646 I ThermalEngine: ACTION: GPU - Setting GPU[0] to 510000000
08-06 01:02:26.866 31840 31852 I art     : Starting a blocking GC Explicit
08-06 01:02:26.884 31840 31852 I art     : Explicit concurrent mark sweep GC freed 3(96B) AllocSpace objects, 0(0B) LOS objects, 40% free, 23MB/39MB, paused 185us total 18.123ms
08-06 01:02:26.893 31840 31852 I art     : Starting a blocking GC Explicit
08-06 01:02:26.912 31840 31852 I art     : Explicit concurrent mark sweep GC freed 3(96B) AllocSpace objects, 0(0B) LOS objects, 40% free, 23MB/39MB, paused 198us total 18.905ms
08-06 01:02:26.920 31840 31852 I art     : Starting a blocking GC Explicit
08-06 01:02:26.939 31840 31852 I art     : Explicit concurrent mark sweep GC freed 3(96B) AllocSpace objects, 0(0B) LOS objects, 40% free, 23MB/39MB, paused 198us total 18.421ms
08-06 01:02:26.977 25581 25581 I ServiceManager: Waiting for service AtCmdFwd...
08-06 01:02:27.221 31840 31872 I art     : Starting a blocking GC Explicit
08-06 01:02:27.245 31840 31872 I art     : Explicit concurrent mark sweep GC freed 1388(80KB) AllocSpace objects, 1(20KB) LOS objects, 40% free, 23MB/39MB, paused 222us total 23.764ms
08-06 01:02:27.254 31840 31872 I art     : Starting a blocking GC Explicit
08-06 01:02:27.273 31840 31872 I art     : Explicit concurrent mark sweep GC freed 23(752B) AllocSpace objects, 0(0B) LOS objects, 40% free, 23MB/39MB, paused 213us total 18.997ms
08-06 01:02:27.282 31840 31872 I art     : Starting a blocking GC Explicit
08-06 01:02:27.301 31840 31872 I art     : Explicit concurrent mark sweep GC freed 3(96B) AllocSpace objects, 0(0B) LOS objects, 40% free, 23MB/39MB, paused 208us total 18.670ms
08-06 01:02:27.309 31840 31872 I art     : Starting a blocking GC Explicit
08-06 01:02:27.328 31840 31872 I art     : Explicit concurrent mark sweep GC freed 3(96B) AllocSpace objects, 0(0B) LOS objects, 40% free, 23MB/39MB, paused 202us total 18.610ms
08-06 01:02:27.336 31840 31872 I art     : Starting a blocking GC Explicit
08-06 01:02:27.355 31840 31872 I art     : Explicit concurrent mark sweep GC freed 3(96B) AllocSpace objects, 0(0B) LOS objects, 40% free, 23MB/39MB, paused 224us total 18.216ms
08-06 01:02:27.619 31840 32293 I art     : Starting a blocking GC Explicit
08-06 01:02:27.638 31840 32293 I art     : Explicit concurrent mark sweep GC freed 1361(80KB) AllocSpace objects, 1(20KB) LOS objects, 40% free, 23MB/39MB, paused 213us total 19.492ms
08-06 01:02:27.647 31840 32293 I art     : Starting a blocking GC Explicit
08-06 01:02:27.666 31840 32293 I art     : Explicit concurrent mark sweep GC freed 23(752B) AllocSpace objects, 0(0B) LOS objects, 40% free, 23MB/39MB, paused 206us total 18.476ms
08-06 01:02:27.674 31840 32293 I art     : Starting a blocking GC Explicit
08-06 01:02:27.693 31840 32293 I art     : Explicit concurrent mark sweep GC freed 3(96B) AllocSpace objects, 0(0B) LOS objects, 40% free, 23MB/39MB, paused 209us total 18.618ms
08-06 01:02:27.701 31840 32293 I art     : Starting a blocking GC Explicit
08-06 01:02:27.719 31840 32293 I art     : Explicit concurrent mark sweep GC freed 3(96B) AllocSpace objects, 0(0B) LOS objects, 40% free, 23MB/39MB, paused 206us total 17.969ms
08-06 01:02:27.727 31840 32293 I art     : Starting a blocking GC Explicit
08-06 01:02:27.745 31840 32293 I art     : Explicit concurrent mark sweep GC freed 3(96B) AllocSpace objects, 0(0B) LOS objects, 40% free, 23MB/39MB, paused 201us total 17.959ms
08-06 01:02:27.758 32325 32325 D AndroidRuntime: >>>>>> START com.android.internal.os.RuntimeInit uid 2000 <<<<<<
08-06 01:02:27.763 32325 32325 D AndroidRuntime: CheckJNI is OFF
08-06 01:02:27.796 32325 32325 D ICU     : No timezone override file found: /data/misc/zoneinfo/current/icu/icu_tzdata.dat
08-06 01:02:27.832 32325 32325 I Radio-JNI: register_android_hardware_Radio DONE
08-06 01:02:27.854 32325 32325 D AndroidRuntime: Calling main entry com.android.commands.input.Input
08-06 01:02:27.856 32325 32325 I Input   : injectMotionEvent: MotionEvent { action=ACTION_DOWN, actionButton=0, id[0]=0, x[0]=400.0, y[0]=997.0, toolType[0]=TOOL_TYPE_UNKNOWN, buttonState=0, metaState=0, flags=0x0, edgeFlags=0x0, pointerCount=1, historySize=0, eventTime=838964269, downTime=838964269, deviceId=0, source=0x1002 }
08-06 01:02:27.862 32325 32325 I Input   : injectMotionEvent: MotionEvent { action=ACTION_UP, actionButton=0, id[0]=0, x[0]=400.0, y[0]=997.0, toolType[0]=TOOL_TYPE_UNKNOWN, buttonState=0, metaState=0, flags=0x0, edgeFlags=0x0, pointerCount=1, historySize=0, eventTime=838964269, downTime=838964269, deviceId=0, source=0x1002 }
08-06 01:02:27.864 32325 32325 D AndroidRuntime: Shutting down VM
08-06 01:02:27.877   512  2967 D audio_hw_primary: out_set_parameters: enter: usecase(1: low-latency-playback) kvpairs: routing=2
08-06 01:02:27.890   512  2967 D audio_hw_primary: select_devices: out_snd_device(2: speaker) in_snd_device(0: none)
08-06 01:02:27.890   512  2967 D msm8974_platform: platform_send_audio_calibration: sending audio calibration for snd_device(2) acdb_id(15)
08-06 01:02:27.890   512  2967 I soundtrigger: audio_extn_sound_trigger_update_device_status: device 0x2 of type 0 for Event 1
08-06 01:02:27.900   512  2967 D audio_hw_primary: enable_snd_device: snd_device(2: speaker)
08-06 01:02:27.902   512  2967 D audio_hw_primary: enable_audio_route: apply and update mixer path: low-latency-playback speaker
08-06 01:02:27.977 25581 25581 W Atfwd_Sendcmd: AtCmdFwd service not published, waiting... retryCnt : 5
08-06 01:02:27.981 31840 31872 I art     : Starting a blocking GC Explicit
08-06 01:02:27.999 13866 13866 I GoogleInputMethodServic: GoogleInputMethodService.onFinishInput():3138 
08-06 01:02:28.000 13866 13866 I GoogleInputMethodServic: GoogleInputMethodService.onStartInput():1808 
08-06 01:02:28.001 31840 31872 I art     : Explicit concurrent mark sweep GC freed 2942(187KB) AllocSpace objects, 2(40KB) LOS objects, 40% free, 23MB/39MB, paused 244us total 20.057ms
08-06 01:02:28.010 31840 31872 I art     : Starting a blocking GC Explicit
08-06 01:02:28.028 31840 31872 I art     : Explicit concurrent mark sweep GC freed 178(9KB) AllocSpace objects, 0(0B) LOS objects, 40% free, 23MB/39MB, paused 184us total 17.608ms
08-06 01:02:28.036 31840 31872 I art     : Starting a blocking GC Explicit
08-06 01:02:28.053 31840 31872 I art     : Explicit concurrent mark sweep GC freed 5(160B) AllocSpace objects, 0(0B) LOS objects, 40% free, 23MB/39MB, paused 199us total 17.690ms
08-06 01:02:28.062 31840 31872 I art     : Starting a blocking GC Explicit
08-06 01:02:28.082 31840 31872 I art     : Explicit concurrent mark sweep GC freed 3(96B) AllocSpace objects, 0(0B) LOS objects, 40% free, 23MB/39MB, paused 207us total 19.399ms
08-06 01:02:28.090 31840 31872 I art     : Starting a blocking GC Explicit
08-06 01:02:28.110 31840 31872 I art     : Explicit concurrent mark sweep GC freed 3(96B) AllocSpace objects, 0(0B) LOS objects, 40% free, 23MB/39MB, paused 205us total 19.534ms
08-06 01:02:28.353 31840 31852 I art     : Starting a blocking GC Explicit
08-06 01:02:28.374 31840 31852 I art     : Explicit concurrent mark sweep GC freed 1389(80KB) AllocSpace objects, 1(20KB) LOS objects, 40% free, 23MB/39MB, paused 209us total 20.801ms
08-06 01:02:28.383 31840 31852 I art     : Starting a blocking GC Explicit
08-06 01:02:28.403 31840 31852 I art     : Explicit concurrent mark sweep GC freed 23(752B) AllocSpace objects, 0(0B) LOS objects, 40% free, 23MB/39MB, paused 195us total 19.547ms
08-06 01:02:28.411 31840 31852 I art     : Starting a blocking GC Explicit
08-06 01:02:28.430 31840 31852 I art     : Explicit concurrent mark sweep GC freed 3(96B) AllocSpace objects, 0(0B) LOS objects, 40% free, 23MB/39MB, paused 185us total 19.326ms
08-06 01:02:28.439 31840 31852 I art     : Starting a blocking GC Explicit
08-06 01:02:28.439   512  2967 D audio_hw_primary: disable_audio_route: reset and update mixer path: low-latency-playback speaker
08-06 01:02:28.440   512  2967 D audio_hw_primary: disable_snd_device: snd_device(2: speaker)
08-06 01:02:28.448   512  2967 I soundtrigger: audio_extn_sound_trigger_update_device_status: device 0x2 of type 0 for Event 0
08-06 01:02:28.458 31840 31852 I art     : Explicit concurrent mark sweep GC freed 3(96B) AllocSpace objects, 0(0B) LOS objects, 40% free, 23MB/39MB, paused 197us total 19.135ms
08-06 01:02:28.466 31840 31852 I art     : Starting a blocking GC Explicit
08-06 01:02:28.485 31840 31852 I art     : Explicit concurrent mark sweep GC freed 3(96B) AllocSpace objects, 0(0B) LOS objects, 40% free, 23MB/39MB, paused 197us total 19.170ms
08-06 01:02:28.515 32358 32358 D AndroidRuntime: >>>>>> START com.android.internal.os.RuntimeInit uid 2000 <<<<<<
08-06 01:02:28.520 32358 32358 D AndroidRuntime: CheckJNI is OFF
08-06 01:02:28.553 32358 32358 D ICU     : No timezone override file found: /data/misc/zoneinfo/current/icu/icu_tzdata.dat
08-06 01:02:28.587 32358 32358 I Radio-JNI: register_android_hardware_Radio DONE
08-06 01:02:28.609 32358 32358 D AndroidRuntime: Calling main entry com.android.commands.input.Input
08-06 01:02:28.611 32358 32358 I Input   : injectMotionEvent: MotionEvent { action=ACTION_DOWN, actionButton=0, id[0]=0, x[0]=697.0, y[0]=656.0, toolType[0]=TOOL_TYPE_UNKNOWN, buttonState=0, metaState=0, flags=0x0, edgeFlags=0x0, pointerCount=1, historySize=0, eventTime=838965024, downTime=838965024, deviceId=0, source=0x1002 }
08-06 01:02:28.615 32358 32358 I Input   : injectMotionEvent: MotionEvent { action=ACTION_UP, actionButton=0, id[0]=0, x[0]=697.0, y[0]=656.0, toolType[0]=TOOL_TYPE_UNKNOWN, buttonState=0, metaState=0, flags=0x0, edgeFlags=0x0, pointerCount=1, historySize=0, eventTime=838965024, downTime=838965024, deviceId=0, source=0x1002 }
08-06 01:02:28.617 32358 32358 D AndroidRuntime: Shutting down VM
08-06 01:02:28.625   512  2967 D audio_hw_primary: out_set_parameters: enter: usecase(1: low-latency-playback) kvpairs: routing=2
08-06 01:02:28.638   512  2967 D audio_hw_primary: select_devices: out_snd_device(2: speaker) in_snd_device(0: none)
08-06 01:02:28.638   512  2967 D msm8974_platform: platform_send_audio_calibration: sending audio calibration for snd_device(2) acdb_id(15)
08-06 01:02:28.638   512  2967 I soundtrigger: audio_extn_sound_trigger_update_device_status: device 0x2 of type 0 for Event 1
08-06 01:02:28.645   918   937 W ProcessCpuTracker: Skipping unknown process pid 32375
08-06 01:02:28.649   512  2967 D audio_hw_primary: enable_snd_device: snd_device(2: speaker)
08-06 01:02:28.651   512  2967 D audio_hw_primary: enable_audio_route: apply and update mixer path: low-latency-playback speaker
08-06 01:02:28.687 13866 13866 I GoogleInputMethodServic: GoogleInputMethodService.onFinishInput():3138 
08-06 01:02:28.688 13866 13866 I GoogleInputMethodServic: GoogleInputMethodService.onStartInput():1808 
08-06 01:02:28.692   512  2967 D AudioFlinger: mixer(0xf4740000) throttle end: throttle time(12)
08-06 01:02:28.730 31840 31852 I art     : Starting a blocking GC Explicit
08-06 01:02:28.752 31840 31852 I art     : Explicit concurrent mark sweep GC freed 2412(194KB) AllocSpace objects, 1(20KB) LOS objects, 40% free, 23MB/39MB, paused 197us total 22.012ms
08-06 01:02:28.761 31840 31852 I art     : Starting a blocking GC Explicit
08-06 01:02:28.782 31840 31852 I art     : Explicit concurrent mark sweep GC freed 163(7KB) AllocSpace objects, 0(0B) LOS objects, 40% free, 23MB/39MB, paused 192us total 20.536ms
08-06 01:02:28.790 31840 31852 I art     : Starting a blocking GC Explicit
08-06 01:02:28.810 31840 31852 I art     : Explicit concurrent mark sweep GC freed 3(96B) AllocSpace objects, 0(0B) LOS objects, 40% free, 23MB/39MB, paused 241us total 19.748ms
08-06 01:02:28.819 31840 31852 I art     : Starting a blocking GC Explicit
08-06 01:02:28.842 31840 31852 I art     : Explicit concurrent mark sweep GC freed 3(96B) AllocSpace objects, 0(0B) LOS objects, 40% free, 23MB/39MB, paused 214us total 22.577ms
08-06 01:02:28.853 31840 31852 I art     : Starting a blocking GC Explicit
08-06 01:02:28.874 31840 31852 I art     : Explicit concurrent mark sweep GC freed 5(160B) AllocSpace objects, 0(0B) LOS objects, 40% free, 23MB/39MB, paused 205us total 21.273ms
08-06 01:02:28.904 29532 29532 W PathParser: Points are too far apart 4.030360828967057
08-06 01:02:28.905 29532 29532 W PathParser: Points are too far apart 4.030360538880159
08-06 01:02:28.921 29532 29532 W PathParser: Points are too far apart 4.030360828967057
08-06 01:02:28.921 29532 29532 W PathParser: Points are too far apart 4.030360538880159
08-06 01:02:28.937 29532 29532 W PathParser: Points are too far apart 4.030360828967057
08-06 01:02:28.937 29532 29532 W PathParser: Points are too far apart 4.030360538880159
08-06 01:02:28.954 29532 29532 W PathParser: Points are too far apart 4.030360828967057
08-06 01:02:28.954 29532 29532 W PathParser: Points are too far apart 4.030360538880159
08-06 01:02:28.970 29532 29532 W PathParser: Points are too far apart 4.030360828967057
08-06 01:02:28.970 29532 29532 W PathParser: Points are too far apart 4.030360538880159
08-06 01:02:28.987 29532 29532 W PathParser: Points are too far apart 4.030360828967057
08-06 01:02:28.987 29532 29532 W PathParser: Points are too far apart 4.030360538880159
08-06 01:02:29.004 29532 29532 W PathParser: Points are too far apart 4.030360828967057
08-06 01:02:29.004 29532 29532 W PathParser: Points are too far apart 4.030360538880159
08-06 01:02:29.123 31840 31852 I art     : Starting a blocking GC Explicit
08-06 01:02:29.148 31840 31852 I art     : Explicit concurrent mark sweep GC freed 1368(80KB) AllocSpace objects, 1(20KB) LOS objects, 40% free, 23MB/39MB, paused 322us total 24.486ms
08-06 01:02:29.158 31840 31852 I art     : Starting a blocking GC Explicit
08-06 01:02:29.179   512  2967 D audio_hw_primary: disable_audio_route: reset and update mixer path: low-latency-playback speaker
08-06 01:02:29.181   512  2967 D audio_hw_primary: disable_snd_device: snd_device(2: speaker)
08-06 01:02:29.182 31840 31852 I art     : Explicit concurrent mark sweep GC freed 29(944B) AllocSpace objects, 0(0B) LOS objects, 40% free, 23MB/39MB, paused 209us total 23.867ms
08-06 01:02:29.191   512  2967 I soundtrigger: audio_extn_sound_trigger_update_device_status: device 0x2 of type 0 for Event 0
08-06 01:02:29.191 31840 31852 I art     : Starting a blocking GC Explicit
08-06 01:02:29.214 31840 31852 I art     : Explicit concurrent mark sweep GC freed 3(96B) AllocSpace objects, 0(0B) LOS objects, 40% free, 23MB/39MB, paused 245us total 23.136ms
08-06 01:02:29.223 31840 31852 I art     : Starting a blocking GC Explicit
08-06 01:02:29.246 31840 31852 I art     : Explicit concurrent mark sweep GC freed 30(832B) AllocSpace objects, 0(0B) LOS objects, 40% free, 23MB/39MB, paused 239us total 22.499ms
08-06 01:02:29.255 31840 31852 I art     : Starting a blocking GC Explicit
08-06 01:02:29.278 31840 31852 I art     : Explicit concurrent mark sweep GC freed 3(96B) AllocSpace objects, 0(0B) LOS objects, 40% free, 23MB/39MB, paused 336us total 22.900ms
08-06 01:02:29.288 32389 32389 D AndroidRuntime: >>>>>> START com.android.internal.os.RuntimeInit uid 2000 <<<<<<
08-06 01:02:29.294 32389 32389 D AndroidRuntime: CheckJNI is OFF
08-06 01:02:29.331 32389 32389 D ICU     : No timezone override file found: /data/misc/zoneinfo/current/icu/icu_tzdata.dat
08-06 01:02:29.369 32389 32389 I Radio-JNI: register_android_hardware_Radio DONE
08-06 01:02:29.392 32389 32389 D AndroidRuntime: Calling main entry com.android.commands.input.Input
08-06 01:02:29.396 32389 32389 I Input   : injectMotionEvent: MotionEvent { action=ACTION_DOWN, actionButton=0, id[0]=0, x[0]=256.0, y[0]=1589.0, toolType[0]=TOOL_TYPE_UNKNOWN, buttonState=0, metaState=0, flags=0x0, edgeFlags=0x0, pointerCount=1, historySize=0, eventTime=838965808, downTime=838965808, deviceId=0, source=0x1002 }
08-06 01:02:29.405 32389 32389 I Input   : injectMotionEvent: MotionEvent { action=ACTION_UP, actionButton=0, id[0]=0, x[0]=256.0, y[0]=1589.0, toolType[0]=TOOL_TYPE_UNKNOWN, buttonState=0, metaState=0, flags=0x0, edgeFlags=0x0, pointerCount=1, historySize=0, eventTime=838965808, downTime=838965808, deviceId=0, source=0x1002 }
08-06 01:02:29.413 32389 32389 D AndroidRuntime: Shutting down VM
08-06 01:02:29.425 31840 31840 D UserPreferences: timeOfDay: []
08-06 01:02:29.425 31840 31840 D AutoUpdateManager: Restarting update alarm.
08-06 01:02:29.426   512  2967 D audio_hw_primary: out_set_parameters: enter: usecase(1: low-latency-playback) kvpairs: routing=2
08-06 01:02:29.428 31840 31840 D AutoUpdateManager: Automatic update was deactivated
08-06 01:02:29.443   512  2967 D audio_hw_primary: select_devices: out_snd_device(2: speaker) in_snd_device(0: none)
08-06 01:02:29.443   512  2967 D msm8974_platform: platform_send_audio_calibration: sending audio calibration for snd_device(2) acdb_id(15)
08-06 01:02:29.444   512  2967 I soundtrigger: audio_extn_sound_trigger_update_device_status: device 0x2 of type 0 for Event 1
08-06 01:02:29.453 13866 13866 I GoogleInputMethodServic: GoogleInputMethodService.onFinishInput():3138 
08-06 01:02:29.454 13866 13866 I GoogleInputMethodServic: GoogleInputMethodService.onStartInput():1808 
08-06 01:02:29.457   512  2967 D audio_hw_primary: enable_snd_device: snd_device(2: speaker)
08-06 01:02:29.460   512  2967 D audio_hw_primary: enable_audio_route: apply and update mixer path: low-latency-playback speaker
08-06 01:02:29.471 29532 29532 W PathParser: Points are too far apart 4.030360828967057
08-06 01:02:29.472 29532 29532 W PathParser: Points are too far apart 4.030360538880159
08-06 01:02:29.488 29532 29532 W PathParser: Points are too far apart 4.030360828967057
08-06 01:02:29.489 29532 29532 W PathParser: Points are too far apart 4.030360538880159
08-06 01:02:29.502   512  2967 D AudioFlinger: mixer(0xf4740000) throttle end: throttle time(12)
08-06 01:02:29.504 29532 29532 W PathParser: Points are too far apart 4.030360828967057
08-06 01:02:29.504 29532 29532 W PathParser: Points are too far apart 4.030360538880159
08-06 01:02:29.521 29532 29532 W PathParser: Points are too far apart 4.030360828967057
08-06 01:02:29.521 29532 29532 W PathParser: Points are too far apart 4.030360538880159
08-06 01:02:29.533 31840 31853 I art     : Starting a blocking GC Explicit
08-06 01:02:29.538 29532 29532 W PathParser: Points are too far apart 4.030360828967057
08-06 01:02:29.538 29532 29532 W PathParser: Points are too far apart 4.030360538880159
08-06 01:02:29.555 29532 29532 W PathParser: Points are too far apart 4.030360828967057
08-06 01:02:29.555 29532 29532 W PathParser: Points are too far apart 4.030360538880159
08-06 01:02:29.556 31840 31853 I art     : Explicit concurrent mark sweep GC freed 1727(109KB) AllocSpace objects, 2(40KB) LOS objects, 40% free, 23MB/39MB, paused 506us total 22.755ms
08-06 01:02:29.565 31840 31853 I art     : Starting a blocking GC Explicit
08-06 01:02:29.571 29532 29532 W PathParser: Points are too far apart 4.030360828967057
08-06 01:02:29.572 29532 29532 W PathParser: Points are too far apart 4.030360538880159
08-06 01:02:29.586 31840 31853 I art     : Explicit concurrent mark sweep GC freed 129(4KB) AllocSpace objects, 0(0B) LOS objects, 40% free, 23MB/39MB, paused 196us total 20.231ms
08-06 01:02:29.588 29532 29532 W PathParser: Points are too far apart 4.030360828967057
08-06 01:02:29.588 29532 29532 W PathParser: Points are too far apart 4.030360538880159
08-06 01:02:29.594 31840 31853 I art     : Starting a blocking GC Explicit
08-06 01:02:29.613 31840 31853 I art     : Explicit concurrent mark sweep GC freed 67(2144B) AllocSpace objects, 0(0B) LOS objects, 40% free, 23MB/39MB, paused 196us total 18.879ms
08-06 01:02:29.622 31840 31853 I art     : Starting a blocking GC Explicit
08-06 01:02:29.637   380   380 W SurfaceFlinger: couldn't log to binary event log: overflow.
08-06 01:02:29.643 31840 31853 I art     : Explicit concurrent mark sweep GC freed 66(2112B) AllocSpace objects, 0(0B) LOS objects, 40% free, 23MB/39MB, paused 254us total 21.007ms
08-06 01:02:29.651 31840 31853 I art     : Starting a blocking GC Explicit
08-06 01:02:29.671 31840 31853 I art     : Explicit concurrent mark sweep GC freed 36(1152B) AllocSpace objects, 0(0B) LOS objects, 40% free, 23MB/39MB, paused 347us total 19.682ms
08-06 01:02:29.902 31840 32293 I art     : Starting a blocking GC Explicit
08-06 01:02:29.922 31840 32293 I art     : Explicit concurrent mark sweep GC freed 1611(87KB) AllocSpace objects, 1(20KB) LOS objects, 40% free, 23MB/39MB, paused 215us total 20.290ms
08-06 01:02:29.930 31840 32293 I art     : Starting a blocking GC Explicit
08-06 01:02:29.951 31840 32293 I art     : Explicit concurrent mark sweep GC freed 23(768B) AllocSpace objects, 0(0B) LOS objects, 40% free, 23MB/39MB, paused 201us total 20.120ms
08-06 01:02:29.959 31840 32293 I art     : Starting a blocking GC Explicit
08-06 01:02:29.979 31840 32293 I art     : Explicit concurrent mark sweep GC freed 3(96B) AllocSpace objects, 0(0B) LOS objects, 40% free, 23MB/39MB, paused 201us total 19.989ms
08-06 01:02:29.987 31840 32293 I art     : Starting a blocking GC Explicit
08-06 01:02:29.999   512  2967 D audio_hw_primary: disable_audio_route: reset and update mixer path: low-latency-playback speaker
08-06 01:02:30.000   512  2967 D audio_hw_primary: disable_snd_device: snd_device(2: speaker)
08-06 01:02:30.007 31840 32293 I art     : Explicit concurrent mark sweep GC freed 3(96B) AllocSpace objects, 0(0B) LOS objects, 40% free, 23MB/39MB, paused 209us total 19.648ms
08-06 01:02:30.008   512  2967 I soundtrigger: audio_extn_sound_trigger_update_device_status: device 0x2 of type 0 for Event 0
08-06 01:02:30.015 31840 32293 I art     : Starting a blocking GC Explicit
08-06 01:02:30.036 31840 32293 I art     : Explicit concurrent mark sweep GC freed 3(96B) AllocSpace objects, 0(0B) LOS objects, 40% free, 23MB/39MB, paused 209us total 20.010ms
08-06 01:02:30.059 32420 32420 D AndroidRuntime: >>>>>> START com.android.internal.os.RuntimeInit uid 2000 <<<<<<
08-06 01:02:30.063 32420 32420 D AndroidRuntime: CheckJNI is OFF
08-06 01:02:30.097 32420 32420 D ICU     : No timezone override file found: /data/misc/zoneinfo/current/icu/icu_tzdata.dat
08-06 01:02:30.130 32420 32420 I Radio-JNI: register_android_hardware_Radio DONE
08-06 01:02:30.152 32420 32420 D AndroidRuntime: Calling main entry com.android.commands.input.Input
08-06 01:02:30.154 32420 32420 I Input   : injectKeyEvent: KeyEvent { action=ACTION_DOWN, keyCode=KEYCODE_BACK, scanCode=0, metaState=0, flags=0x0, repeatCount=0, eventTime=838966567, downTime=838966567, deviceId=-1, source=0x101 }
08-06 01:02:30.158 32420 32420 I Input   : injectKeyEvent: KeyEvent { action=ACTION_UP, keyCode=KEYCODE_BACK, scanCode=0, metaState=0, flags=0x0, repeatCount=0, eventTime=838966567, downTime=838966567, deviceId=-1, source=0x101 }
08-06 01:02:30.167 32420 32420 D AndroidRuntime: Shutting down VM
08-06 01:02:30.236 13866 13866 I GoogleInputMethodServic: GoogleInputMethodService.onFinishInput():3138 
08-06 01:02:30.237 13866 13866 I GoogleInputMethodServic: GoogleInputMethodService.onStartInput():1808 
08-06 01:02:30.274 31840 31852 I art     : Starting a blocking GC Explicit
08-06 01:02:30.298 31840 31852 I art     : Explicit concurrent mark sweep GC freed 2771(144KB) AllocSpace objects, 1(20KB) LOS objects, 39% free, 24MB/40MB, paused 218us total 23.598ms
08-06 01:02:30.307 31840 31852 I art     : Starting a blocking GC Explicit
08-06 01:02:30.327 31840 31852 I art     : Explicit concurrent mark sweep GC freed 9305(588KB) AllocSpace objects, 1(48KB) LOS objects, 40% free, 23MB/39MB, paused 279us total 19.567ms
08-06 01:02:30.335 31840 31852 I art     : Starting a blocking GC Explicit
08-06 01:02:30.354 31840 31852 I art     : Explicit concurrent mark sweep GC freed 7(288B) AllocSpace objects, 0(0B) LOS objects, 40% free, 23MB/39MB, paused 210us total 18.532ms
08-06 01:02:30.363 31840 31852 I art     : Starting a blocking GC Explicit
08-06 01:02:30.381 31840 31852 I art     : Explicit concurrent mark sweep GC freed 3(96B) AllocSpace objects, 0(0B) LOS objects, 40% free, 23MB/39MB, paused 211us total 18.233ms
08-06 01:02:30.389 31840 31852 I art     : Starting a blocking GC Explicit
08-06 01:02:30.408 31840 31852 I art     : Explicit concurrent mark sweep GC freed 3(96B) AllocSpace objects, 0(0B) LOS objects, 40% free, 23MB/39MB, paused 196us total 18.695ms
08-06 01:02:30.665 31840 32293 I art     : Starting a blocking GC Explicit
08-06 01:02:30.685 31840 32293 I art     : Explicit concurrent mark sweep GC freed 1365(80KB) AllocSpace objects, 1(20KB) LOS objects, 40% free, 23MB/39MB, paused 220us total 20.309ms
08-06 01:02:30.694 31840 32293 I art     : Starting a blocking GC Explicit
08-06 01:02:30.714 31840 32293 I art     : Explicit concurrent mark sweep GC freed 23(752B) AllocSpace objects, 0(0B) LOS objects, 40% free, 23MB/39MB, paused 204us total 19.645ms
08-06 01:02:30.722 31840 32293 I art     : Starting a blocking GC Explicit
08-06 01:02:30.741 31840 32293 I art     : Explicit concurrent mark sweep GC freed 3(96B) AllocSpace objects, 0(0B) LOS objects, 40% free, 23MB/39MB, paused 210us total 19.092ms
08-06 01:02:30.750 31840 32293 I art     : Starting a blocking GC Explicit
08-06 01:02:30.769 31840 32293 I art     : Explicit concurrent mark sweep GC freed 3(96B) AllocSpace objects, 0(0B) LOS objects, 40% free, 23MB/39MB, paused 208us total 18.749ms
08-06 01:02:30.777 31840 32293 I art     : Starting a blocking GC Explicit
08-06 01:02:30.797 31840 32293 I art     : Explicit concurrent mark sweep GC freed 3(96B) AllocSpace objects, 0(0B) LOS objects, 40% free, 23MB/39MB, paused 229us total 19.365ms
08-06 01:02:30.869   518   646 I ThermalEngine: ACTION: GPU - Setting GPU[0] to 450000000
08-06 01:02:31.103 31840 31853 I art     : Starting a blocking GC Explicit
08-06 01:02:31.135 31840 31853 I art     : Explicit concurrent mark sweep GC freed 1365(80KB) AllocSpace objects, 1(20KB) LOS objects, 40% free, 23MB/39MB, paused 311us total 31.339ms
08-06 01:02:31.148 31840 31853 I art     : Starting a blocking GC Explicit
08-06 01:02:31.172 31840 31853 I art     : Explicit concurrent mark sweep GC freed 23(752B) AllocSpace objects, 0(0B) LOS objects, 40% free, 23MB/39MB, paused 266us total 24.167ms
08-06 01:02:31.183 31840 31853 I art     : Starting a blocking GC Explicit
08-06 01:02:31.207 31840 31853 I art     : Explicit concurrent mark sweep GC freed 3(96B) AllocSpace objects, 0(0B) LOS objects, 40% free, 23MB/39MB, paused 295us total 23.758ms
08-06 01:02:31.218 31840 31853 I art     : Starting a blocking GC Explicit
08-06 01:02:31.242 31840 31853 I art     : Explicit concurrent mark sweep GC freed 30(832B) AllocSpace objects, 0(0B) LOS objects, 40% free, 23MB/39MB, paused 280us total 24.366ms
08-06 01:02:31.253 31840 31853 I art     : Starting a blocking GC Explicit
08-06 01:02:31.278 31840 31853 I art     : Explicit concurrent mark sweep GC freed 3(96B) AllocSpace objects, 0(0B) LOS objects, 40% free, 23MB/39MB, paused 272us total 24.352ms
08-06 01:02:31.551 31840 31872 I art     : Starting a blocking GC Explicit
08-06 01:02:31.579 31840 31872 I art     : Explicit concurrent mark sweep GC freed 1365(80KB) AllocSpace objects, 1(20KB) LOS objects, 40% free, 23MB/39MB, paused 286us total 27.621ms
08-06 01:02:31.590 31840 31872 I art     : Starting a blocking GC Explicit
08-06 01:02:31.614 31840 31872 I art     : Explicit concurrent mark sweep GC freed 23(752B) AllocSpace objects, 0(0B) LOS objects, 40% free, 23MB/39MB, paused 280us total 23.872ms
08-06 01:02:31.624 31840 31872 I art     : Starting a blocking GC Explicit
08-06 01:02:31.647 31840 31872 I art     : Explicit concurrent mark sweep GC freed 3(96B) AllocSpace objects, 0(0B) LOS objects, 40% free, 23MB/39MB, paused 270us total 22.832ms
08-06 01:02:31.658 31840 31872 I art     : Starting a blocking GC Explicit
08-06 01:02:31.681 31840 31872 I art     : Explicit concurrent mark sweep GC freed 3(96B) AllocSpace objects, 0(0B) LOS objects, 40% free, 23MB/39MB, paused 285us total 22.762ms
08-06 01:02:31.692 31840 31872 I art     : Starting a blocking GC Explicit
08-06 01:02:31.715 31840 31872 I art     : Explicit concurrent mark sweep GC freed 3(96B) AllocSpace objects, 0(0B) LOS objects, 40% free, 23MB/39MB, paused 287us total 22.891ms
08-06 01:02:31.949 32471 32471 D AndroidRuntime: >>>>>> START com.android.internal.os.RuntimeInit uid 2000 <<<<<<
08-06 01:02:31.955 32471 32471 D AndroidRuntime: CheckJNI is OFF
08-06 01:02:31.996 32471 32471 D ICU     : No timezone override file found: /data/misc/zoneinfo/current/icu/icu_tzdata.dat
08-06 01:02:32.003 31840 31853 I art     : Starting a blocking GC Explicit
08-06 01:02:32.028 31840 31853 I art     : Explicit concurrent mark sweep GC freed 2010(102KB) AllocSpace objects, 1(20KB) LOS objects, 40% free, 23MB/39MB, paused 501us total 24.285ms
08-06 01:02:32.038 31840 31853 I art     : Starting a blocking GC Explicit
08-06 01:02:32.039 32471 32471 I Radio-JNI: register_android_hardware_Radio DONE
08-06 01:02:32.046   918  5481 I ActivityManager: Killing 19384:com.google.android.youtube/u0a75 (adj 15): empty #17
08-06 01:02:32.060 31840 31853 I art     : Explicit concurrent mark sweep GC freed 95(3056B) AllocSpace objects, 0(0B) LOS objects, 40% free, 23MB/39MB, paused 391us total 21.651ms
08-06 01:02:32.068 32471 32471 D AndroidRuntime: Calling main entry com.android.commands.input.Input
08-06 01:02:32.070 32471 32471 I Input   : injectKeyEvent: KeyEvent { action=ACTION_DOWN, keyCode=KEYCODE_BACK, scanCode=0, metaState=0, flags=0x0, repeatCount=0, eventTime=838968483, downTime=838968483, deviceId=-1, source=0x101 }
08-06 01:02:32.070 31840 31853 I art     : Starting a blocking GC Explicit
08-06 01:02:32.079 32471 32471 I Input   : injectKeyEvent: KeyEvent { action=ACTION_UP, keyCode=KEYCODE_BACK, scanCode=0, metaState=0, flags=0x0, repeatCount=0, eventTime=838968483, downTime=838968483, deviceId=-1, source=0x101 }
08-06 01:02:32.091 31840 31853 I art     : Explicit concurrent mark sweep GC freed 43(1696B) AllocSpace objects, 0(0B) LOS objects, 40% free, 23MB/39MB, paused 325us total 20.992ms
08-06 01:02:32.101 31840 31853 I art     : Starting a blocking GC Explicit
08-06 01:02:32.123 31840 31853 I art     : Explicit concurrent mark sweep GC freed 3(96B) AllocSpace objects, 0(0B) LOS objects, 40% free, 23MB/39MB, paused 356us total 21.775ms
08-06 01:02:32.129   918  6111 D ConnectivityService: ConnectivityService NetworkRequestInfo binderDied(NetworkRequest [ id=3680, legacyType=-1, [ Capabilities: INTERNET&NOT_RESTRICTED&TRUSTED] ], android.os.BinderProxy@3ab0a80)
