--------- beginning of main
08-06 15:58:31.482 12162 12162 I Finsky  : [1] uah.a(18): PackageMonitorReceiverImpl - Received: android.intent.action.PACKAGE_REMOVED, [CFjXe5fo2ooiLur0Ju3smv2h5qnGgIsGl5_C_SkJu8g]
08-06 15:58:31.482 12162 12162 I Finsky  : [1] ubi.d(9): Invalidating cached PackageState for baseline.de.danoeh.antennapod.debug
08-06 15:58:31.487 12162 12162 I Finsky  : [1] lzi.c(2): Frosting ID looked up on UI thread. Caller should move to a background thread.
08-06 15:58:31.490 12162 12162 I Finsky  : [1] nqb.c(3): Installer: package baseline.de.danoeh.antennapod.debug was removed. replacing: true
08-06 15:58:31.491 12162 12162 I Finsky  : [1] nra.a(188): Installer: Notifying status update. package=baseline.de.danoeh.antennapod.debug, status=UNINSTALLED
08-06 15:58:31.492   918  5481 I AccountManagerService: getTypesVisibleToCaller: isPermitted? true
08-06 15:58:31.500 24365 24261 I Fitness : FitCleanupIntentOperation received Intent android.intent.action.PACKAGE_REMOVED [CONTEXT service_id=17 ]
08-06 15:58:31.503 12162 12162 I Finsky  : [1] lzi.c(2): Frosting ID looked up on UI thread. Caller should move to a background thread.
08-06 15:58:31.506  3784  3784 D CarrierServiceBindHelper: Receive action: android.intent.action.PACKAGE_ADDED
08-06 15:58:31.507  3784  3784 D CarrierServiceBindHelper: Receive action: android.intent.action.PACKAGE_REPLACED
08-06 15:58:31.508 12162 24263 I Finsky  : [6743] ejf.a(-1): Cancelled 0 ongoing asset module downloads for package baseline.de.danoeh.antennapod.debug due to a concurrent app update.
08-06 15:58:31.509  3784  3784 D CarrierServiceBindHelper: mHandler: 3
08-06 15:58:31.509  3784  3784 D CarrierServiceBindHelper: mHandler: 3
08-06 15:58:31.509  3784  3784 D CarrierServiceBindHelper: mHandler: 3
08-06 15:58:31.509  3784  3784 D CarrierConfigLoader: mHandler: 9 phoneId: 0
08-06 15:58:31.517 12162 12162 I Finsky  : [1] nra.a(220): Installer: found apps to install. isMultiUserMode=false, apps=[]
08-06 15:58:31.521 12162 12269 I Finsky  : [6285] odj.b(52): IQ: Notifying installation update. package=baseline.de.danoeh.antennapod.debug, status=UNINSTALLED
08-06 15:58:31.541 12162 24254 I Finsky  : [6741] lyv.run(-1): Wrote row to frosting DB: 3402
08-06 15:58:31.543 24577 24251 I Auth    : [SupervisedAccountIntentOperation] onHandleIntent(): android.intent.action.PACKAGE_ADDED
08-06 15:58:31.544 24577 24251 I ChromeSync: [Sync,SyncIntentOperation] Handling the intent: Intent { act=android.intent.action.PACKAGE_ADDED dat=package:baseline.de.danoeh.antennapod.debug flg=0x4000010 cmp=com.google.android.gms/.chimera.GmsIntentOperationService (has extras) }.
--------- beginning of system
08-06 15:58:31.545   918  3714 W ActivityManager: Unable to start service Intent { act=com.google.android.gms.auth.key.retrieval.service.START pkg=com.google.android.gms } U=0: not found
08-06 15:58:31.549   918  4413 W ActivityManager: Unbind failed: could not find connection for android.os.BinderProxy@48d08ad
08-06 15:58:31.549 24577 24621 E GmsClient: unable to connect to service: com.google.android.gms.auth.key.retrieval.service.START on com.google.android.gms
08-06 15:58:31.577 12162 12162 I Finsky  : [1] uah.a(18): PackageMonitorReceiverImpl - Received: android.intent.action.PACKAGE_ADDED, [CFjXe5fo2ooiLur0Ju3smv2h5qnGgIsGl5_C_SkJu8g]
08-06 15:58:31.577 12162 12162 I Finsky  : [1] ubi.d(9): Invalidating cached PackageState for baseline.de.danoeh.antennapod.debug
08-06 15:58:31.585 12162 12269 I Finsky  : [6285] odj.b(40): IQ: No matching installs to run for jobs: []
08-06 15:58:31.587 12162 24254 I Finsky  : [6741] lyv.run(-1): Wrote row to frosting DB: 3403
08-06 15:58:31.596   918  5952 I AccountManagerService: getTypesVisibleToCaller: isPermitted? true
08-06 15:58:31.597 24577 24251 I ChromeSync: [Persistence,AffiliationManager] One of affiliation or grouping data for android://bz0hZa4nAJEtd0n5sRlXG7KAqctUMWVefv7Ki4mh1p6slZ9YO-n9gS9j8m9YCrsIyI2wIxrDHraumF9Y6pBLTA==@baseline.de.danoeh.antennapod.debug/ was not found. Marking affiliation data as stale...
08-06 15:58:31.598 12162 12162 I Finsky  : [1] lzi.c(2): Frosting ID looked up on UI thread. Caller should move to a background thread.
08-06 15:58:31.602 24577 13316 I Icing   : IndexChimeraService.getServiceInterface callingPackage=com.google.android.gms componentName=AppsCorpus serviceId=36
08-06 15:58:31.603 12162 24259 I Finsky  : [6742] gzn.a(-1): [ContentSync] finished, scheduled=false
08-06 15:58:31.604 12162 12162 I Finsky  : [1] agsx.a(4): Do not start WearSupportService due to Wear service optimization
08-06 15:58:31.606 12162 24263 I Finsky  : [6743] ejc.a(-1): Asset module broadcast after update successful for package baseline.de.danoeh.antennapod.debug. 0 sessions broadcast.
08-06 15:58:31.609 12162 12162 I Finsky  : [1] lzi.c(2): Frosting ID looked up on UI thread. Caller should move to a background thread.
08-06 15:58:31.615 12162 24254 I Finsky  : [6741] lyv.run(-1): Wrote row to frosting DB: 3404
08-06 15:58:31.630   918  6029 I AccountManagerService: getTypesVisibleToCaller: isPermitted? true
08-06 15:58:31.649 24577 12383 W Icing   : No valid account for uploading user actions
08-06 15:58:31.663 12162 24254 I Finsky  : [6741] lyv.run(-1): Wrote row to frosting DB: 3405
08-06 15:58:31.675   918  5481 I AccountManagerService: getTypesVisibleToCaller: isPermitted? true
08-06 15:58:31.677 24577 13316 I Icing   : IndexChimeraService.getServiceInterface callingPackage=com.google.android.gms componentName=null serviceId=30
08-06 15:58:31.680 24577 12383 I Icing   : Usage reports ok 0, Failed Usage reports 0, indexed 0, rejected 0
08-06 15:58:31.705 24577 12383 W Icing   : No valid account for uploading user actions
08-06 15:58:31.718 24577 12383 I Icing   : Usage reports ok 0, Failed Usage reports 0, indexed 0, rejected 0
08-06 15:58:31.718 24577 12383 I Icing   : Indexing com.google.android.gms-internal.3p:MobileApplication from com.google.android.gms using seqno 763
08-06 15:58:31.721 24577 12383 I Icing   : Indexing com.google.android.gms-internal.3p:MobileApplication from com.google.android.gms using seqno 763
08-06 15:58:31.799 12162 12162 I Finsky  : [1] xmu.a(8): SCH: Jobs in database: 1-1337 3-225 3-226 12-1 24-77777777 26-1414141414 
08-06 15:58:31.801 12162 12162 I Finsky  : [1] xio.a(57): SCH: ConstraintMapping: 24-77777777,  -> L: 0ms, D: 18699126ms, C: false, I: true, N: 0
08-06 15:58:31.802 12162 12162 I Finsky  : [1] xio.a(57): SCH: ConstraintMapping: 1-1337, 12-1,  -> L: 14711ms, D: 22041111ms, C: false, I: false, N: 1
08-06 15:58:31.802 12162 12162 I Finsky  : [1] xio.a(57): SCH: ConstraintMapping: 3-225,  -> L: 0ms, D: 61825054ms, C: false, I: true, N: 2
08-06 15:58:31.802 12162 12162 I Finsky  : [1] xio.a(57): SCH: ConstraintMapping: 3-226,  -> L: 0ms, D: 61825098ms, C: true, I: true, N: 2
08-06 15:58:31.803 12162 12162 I Finsky  : [1] xio.a(57): SCH: ConstraintMapping: 26-1414141414,  -> L: 26822498ms, D: 27722498ms, C: false, I: false, N: 0
08-06 15:58:31.809 12162 24259 I Finsky  : [6742] gzn.a(-1): [ContentSync] finished, scheduled=true
08-06 15:58:31.820 12162 12162 I Finsky  : [1] xle.a(34): Cancelling existing jobscheduler jobs: 9002 9000 9006 9009 9007 9010 9003 9004 9008 9005 
08-06 15:58:31.820 12162 12162 I Finsky  : [1] xle.a(27): Scheduling job Id: 9001, L: 0, D: 18699126, C: false, I: true, N: 0
08-06 15:58:31.822 12162 12162 I Finsky  : [1] xle.a(27): Scheduling job Id: 9011, L: 14711, D: 22041111, C: false, I: false, N: 1
08-06 15:58:31.824 12162 12162 I Finsky  : [1] xle.a(27): Scheduling job Id: 9012, L: 0, D: 61825054, C: false, I: true, N: 2
08-06 15:58:31.826 12162 12162 I Finsky  : [1] xle.a(27): Scheduling job Id: 9013, L: 0, D: 61825098, C: true, I: true, N: 2
08-06 15:58:31.828 12162 12162 I Finsky  : [1] xle.a(27): Scheduling job Id: 9014, L: 26822498, D: 27722498, C: false, I: false, N: 0
08-06 15:58:31.830 12162 12162 I Finsky  : [1] xle.a(27): Scheduling job Id: 9015, L: 0, D: 18699126, C: false, I: true, N: 0
08-06 15:58:31.831 12162 12162 I Finsky  : [1] xle.a(27): Scheduling job Id: 9016, L: 14711, D: 22041111, C: false, I: false, N: 1
08-06 15:58:31.832 12162 12162 I Finsky  : [1] xle.a(27): Scheduling job Id: 9017, L: 0, D: 61825054, C: false, I: true, N: 2
08-06 15:58:31.834 12162 12162 I Finsky  : [1] xle.a(27): Scheduling job Id: 9018, L: 0, D: 61825098, C: true, I: true, N: 2
08-06 15:58:31.835 12162 12162 I Finsky  : [1] xle.a(27): Scheduling job Id: 9019, L: 26822498, D: 27722498, C: false, I: false, N: 0
08-06 15:58:32.045 24281 24281 D AndroidRuntime: >>>>>> START com.android.internal.os.RuntimeInit uid 2000 <<<<<<
08-06 15:58:32.051 24281 24281 D AndroidRuntime: CheckJNI is OFF
08-06 15:58:32.081 24281 24281 D ICU     : No timezone override file found: /data/misc/zoneinfo/current/icu/icu_tzdata.dat
08-06 15:58:32.110 24281 24281 I Radio-JNI: register_android_hardware_Radio DONE
08-06 15:58:32.127 24281 24281 D AndroidRuntime: Calling main entry com.android.commands.monkey.Monkey
08-06 15:58:32.145   918   931 W BroadcastQueue: Skipping deliver [background] BroadcastRecord{a3a7da8 u-1 android.net.conn.CONNECTIVITY_CHANGE} to ReceiverList{520e0c1 24281 (unknown name)/2000/u-1 remote:5c8e49a}: process crashing
08-06 15:58:32.155   918  6029 I ActivityManager: START u0 {act=android.intent.action.MAIN cat=[android.intent.category.LAUNCHER] flg=0x10200000 cmp=baseline.de.danoeh.antennapod.debug/baseline.de.danoeh.antennapod.activity.SplashActivity} from uid 2000 on display 0
08-06 15:58:32.201 24290 24290 I art     : Late-enabling -Xcheck:jni
08-06 15:58:32.202   918  3359 I ActivityManager: Start proc 24290:baseline.de.danoeh.antennapod.debug/u0a711 for activity baseline.de.danoeh.antennapod.debug/baseline.de.danoeh.antennapod.activity.SplashActivity
08-06 15:58:32.221 24281 24281 I art     : System.exit called, status: 0
08-06 15:58:32.221 24281 24281 I AndroidRuntime: VM exiting with result code 0.
08-06 15:58:32.265 32587  1254 I PBSessionCacheImpl: Deleted sessionId[143320738375546892] from persistence.
08-06 15:58:32.269 32587 32617 W SearchServiceCore: Abort, client detached.
08-06 15:58:32.270 32587 32617 I MicroDetectionState: Should stop hotword detection immediately - true
08-06 15:58:32.281 24290 24290 W System  : ClassLoader referenced unknown path: /data/app/baseline.de.danoeh.antennapod.debug-2/lib/arm64
08-06 15:58:32.302 24290 24290 D UserPreferences: Creating new instance of UserPreferences
08-06 15:58:32.303 24290 24290 D UserPreferences: Using default data folder
08-06 15:58:32.306 24290 24290 D UserPreferences: Import directory already exists
08-06 15:58:32.310 24290 24290 D UpdateManager: old: -1, current: 1070296
08-06 15:58:32.313 24290 24290 D SleepTimerPreferences: Creating new instance of SleepTimerPreferences
08-06 15:58:32.337 24290 24290 D SPAUtil : Sending SP_APPS_QUERY_FEEDS intent
08-06 15:58:32.373 24290 24290 W art     : Before Android 4.1, method android.graphics.PorterDuffColorFilter androidx.vectordrawable.graphics.drawable.VectorDrawableCompat.updateTintFilter(android.graphics.PorterDuffColorFilter, android.content.res.ColorStateList, android.graphics.PorterDuff$Mode) would have incorrectly overridden the package-private method in android.graphics.drawable.Drawable
08-06 15:58:32.404 24290 24290 I art     : Rejecting re-init on previously-failed class java.lang.Class<androidx.core.view.ViewCompat$2>
08-06 15:58:32.404 24290 24290 I art     : Rejecting re-init on previously-failed class java.lang.Class<androidx.core.view.ViewCompat$2>
08-06 15:58:32.429 24290 24311 D OpenGLRenderer: Use EGL_SWAP_BEHAVIOR_PRESERVED: true
08-06 15:58:32.478 24290 24311 I Adreno  : QUALCOMM build                   : fcf4852, I1af360237c
08-06 15:58:32.478 24290 24311 I Adreno  : Build Date                       : 09/23/15
08-06 15:58:32.478 24290 24311 I Adreno  : OpenGL ES Shader Compiler Version: XE031.05.13.02
08-06 15:58:32.478 24290 24311 I Adreno  : Local Branch                     : mybranch14465806
08-06 15:58:32.478 24290 24311 I Adreno  : Remote Branch                    : quic/LA.BF64.1.2.9_v2
08-06 15:58:32.478 24290 24311 I Adreno  : Remote Branch                    : NONE
08-06 15:58:32.478 24290 24311 I Adreno  : Reconstruct Branch               : NOTHING
08-06 15:58:32.488 24290 24311 I OpenGLRenderer: Initialized EGL, version 1.4
08-06 15:58:32.522   918  6110 I ActivityManager: START u0 {cmp=baseline.de.danoeh.antennapod.debug/baseline.de.danoeh.antennapod.activity.MainActivity} from uid 10711 on display 0
08-06 15:58:32.523 13866 13866 I GoogleInputMethodServic: GoogleInputMethodService.onFinishInput():3138 
08-06 15:58:32.525 13866 13866 I GoogleInputMethodServic: GoogleInputMethodService.onStartInput():1808 
08-06 15:58:32.683 24577 18393 I Icing   : Indexing com.google.android.gms-apps from com.google.android.gms
08-06 15:58:32.693 24290 24290 D UserPreferences: Using default data folder
08-06 15:58:32.775 24290 24290 D MainActivity: getLastNavFragment() -> QueueFragment
08-06 15:58:32.776 24290 24290 D MainActivity: loadFragment(tag: QueueFragment, args: null)
08-06 15:58:32.779 24290 24290 D MainActivity: saveLastNavFragment(tag: QueueFragment)
08-06 15:58:32.779 24290 24290 D MainActivity: getLastNavFragment() -> QueueFragment
08-06 15:58:32.780 24290 24290 D UserPreferences: timeOfDay: []
08-06 15:58:32.782 24577 18393 I Icing   : Indexing done com.google.android.gms-apps
08-06 15:58:32.782 24290 24290 D AutoUpdateManager: Restarting update alarm.
08-06 15:58:32.783 24290 24290 D AutoUpdateManager: Changed alarm to new interval 12 h
08-06 15:58:32.821 24290 24290 D UserPreferences: timeOfDay: []
08-06 15:58:32.821 24290 24290 D AutoUpdateManager: Restarting update alarm.
08-06 15:58:32.823 24290 24290 D AutoUpdateManager: Changed alarm to new interval 12 h
08-06 15:58:32.870 24290 24290 D ExternalPlayerFragment: Loading media info
08-06 15:58:32.871 24290 24290 D QueueFragment: loadItems()
08-06 15:58:32.875 24290 24310 D DBReader: getQueue() called
08-06 15:58:32.876 24290 24310 D DBReader: getQueue()
08-06 15:58:32.877 24290 24310 D DBReader: getFavoriteIDList() called
08-06 15:58:32.878 24290 24310 D DBReader: getQueueIDList() called
08-06 15:58:32.879 24290 24310 D DBReader: Extracting Feedlist
08-06 15:58:32.881 24290 24290 V PlaybackController: initServiceNotRunning()
08-06 15:58:32.882 24290 24290 D ExternalPlayerFragment: Loading media info
08-06 15:58:32.885 24290 24290 D UserPreferences: Using default data folder
08-06 15:58:32.887 24290 24290 D AutoUpdateManager: last refresh: 443533 hours 58 minutes ago
08-06 15:58:32.888 24290 24310 D DBReader: getNavDrawerData() called with: 
08-06 15:58:32.894 24290 24310 D DBReader: getDownloadedItems() called
08-06 15:58:32.894 24290 24310 D DBReader: getFavoriteIDList() called
08-06 15:58:32.896 24290 24310 D DBReader: getQueueIDList() called
08-06 15:58:32.897 24290 24310 D DBReader: Extracting Feedlist
08-06 15:58:32.913   380   380 W SurfaceFlinger: couldn't log to binary event log: overflow.
08-06 15:58:33.106 24290 24290 D MainActivity: getLastNavFragment() -> QueueFragment
08-06 15:58:33.106 24290 24290 D MainActivity: handleNavIntent()
08-06 15:58:33.110 13866 13866 I GoogleInputMethodServic: GoogleInputMethodService.onFinishInput():3138 
08-06 15:58:33.112 13866 13866 I GoogleInputMethodServic: GoogleInputMethodService.onStartInput():1808 
08-06 15:58:33.117   918   936 I ActivityManager: Displayed baseline.de.danoeh.antennapod.debug/baseline.de.danoeh.antennapod.activity.MainActivity: +484ms (total +950ms)
08-06 15:58:33.149 29532 29532 W PathParser: Points are too far apart 4.030360828967057
08-06 15:58:33.149 29532 29532 W PathParser: Points are too far apart 4.030360538880159
08-06 15:58:33.165 29532 29532 W PathParser: Points are too far apart 4.030360828967057
08-06 15:58:33.165 29532 29532 W PathParser: Points are too far apart 4.030360538880159
08-06 15:58:33.181 29532 29532 W PathParser: Points are too far apart 4.030360828967057
08-06 15:58:33.182 29532 29532 W PathParser: Points are too far apart 4.030360538880159
08-06 15:58:33.199 29532 29532 W PathParser: Points are too far apart 4.030360828967057
08-06 15:58:33.199 29532 29532 W PathParser: Points are too far apart 4.030360538880159
08-06 15:58:33.216 29532 29532 W PathParser: Points are too far apart 4.030360828967057
08-06 15:58:33.216 29532 29532 W PathParser: Points are too far apart 4.030360538880159
08-06 15:58:33.232 29532 29532 W PathParser: Points are too far apart 4.030360828967057
08-06 15:58:33.233 29532 29532 W PathParser: Points are too far apart 4.030360538880159
08-06 15:58:33.249 29532 29532 W PathParser: Points are too far apart 4.030360828967057
08-06 15:58:33.250 29532 29532 W PathParser: Points are too far apart 4.030360538880159
08-06 15:58:33.266 29532 29532 W PathParser: Points are too far apart 4.030360828967057
08-06 15:58:33.266 29532 29532 W PathParser: Points are too far apart 4.030360538880159
08-06 15:58:33.824 24335 24335 D AndroidRuntime: >>>>>> START com.android.internal.os.RuntimeInit uid 2000 <<<<<<
08-06 15:58:33.829 24335 24335 D AndroidRuntime: CheckJNI is OFF
08-06 15:58:33.860 24335 24335 D ICU     : No timezone override file found: /data/misc/zoneinfo/current/icu/icu_tzdata.dat
08-06 15:58:33.869 22397 22397 I ServiceManager: Waiting for service AtCmdFwd...
08-06 15:58:33.897 24335 24335 I Radio-JNI: register_android_hardware_Radio DONE
08-06 15:58:33.901 24290 24343 D DBReader: Extracting Feedlist
08-06 15:58:33.903 24290 24343 D FlattrUtils: Retrieving access token
08-06 15:58:33.903 24290 24343 D FlattrUtils: No access token found
08-06 15:58:33.906 24290 24343 I art     : Rejecting re-init on previously-failed class java.lang.Class<androidx.core.app.JobIntentService$JobServiceEngineImpl>
08-06 15:58:33.907 24290 24343 I art     : Rejecting re-init on previously-failed class java.lang.Class<androidx.core.app.JobIntentService$JobServiceEngineImpl>
08-06 15:58:33.908 24290 24343 I art     : Rejecting re-init on previously-failed class java.lang.Class<androidx.core.app.SafeJobIntentService$SafeJobServiceEngineImpl>
08-06 15:58:33.908 24290 24343 I art     : Rejecting re-init on previously-failed class java.lang.Class<androidx.core.app.SafeJobIntentService$SafeJobServiceEngineImpl>
08-06 15:58:33.919 24335 24335 D AndroidRuntime: Calling main entry com.android.commands.am.Am
08-06 15:58:33.930   779   779 I Trepn   : Trepn 6.2s: Received intent: com.quicinc.trepn.start_profiling
08-06 15:58:34.093   779   779 W FileUtils: Failed to chmod(/storage/emulated/0/trepn/Trepn_2020.08.06_155833.db): android.system.ErrnoException: chmod failed: EPERM (Operation not permitted)
08-06 15:58:34.279   779   779 I Trepn   : Trepn 6.2s: Trepn has Started Profiling.
08-06 15:58:34.282 24335 24335 D AndroidRuntime: Shutting down VM
08-06 15:58:34.334 13866 13866 I GoogleInputMethodServic: GoogleInputMethodService.onFinishInput():3138 
08-06 15:58:34.335 13866 13866 I GoogleInputMethodServic: GoogleInputMethodService.onStartInput():1808 
08-06 15:58:34.764 24290 24302 I art     : Starting a blocking GC Explicit
08-06 15:58:34.786 24290 24302 I art     : Explicit concurrent mark sweep GC freed 10515(1460KB) AllocSpace objects, 5(100KB) LOS objects, 40% free, 23MB/38MB, paused 190us total 22.234ms
08-06 15:58:34.795 24290 24302 I art     : Starting a blocking GC Explicit
08-06 15:58:34.809 24290 24302 I art     : Explicit concurrent mark sweep GC freed 640(38KB) AllocSpace objects, 0(0B) LOS objects, 40% free, 23MB/38MB, paused 192us total 14.488ms
08-06 15:58:34.816 24290 24302 I art     : Starting a blocking GC Explicit
08-06 15:58:34.830 24290 24302 I art     : Explicit concurrent mark sweep GC freed 2683(153KB) AllocSpace objects, 2(588KB) LOS objects, 40% free, 22MB/37MB, paused 162us total 12.932ms
08-06 15:58:34.836 24290 24302 I art     : Starting a blocking GC Explicit
08-06 15:58:34.848 24290 24302 I art     : Explicit concurrent mark sweep GC freed 3(96B) AllocSpace objects, 0(0B) LOS objects, 40% free, 22MB/37MB, paused 151us total 12.515ms
08-06 15:58:34.854 24290 24302 I art     : Starting a blocking GC Explicit
08-06 15:58:34.867 24290 24302 I art     : Explicit concurrent mark sweep GC freed 3(96B) AllocSpace objects, 0(0B) LOS objects, 40% free, 22MB/37MB, paused 163us total 12.404ms
08-06 15:58:34.870 22397 22397 I ServiceManager: Waiting for service AtCmdFwd...
08-06 15:58:35.165 24290 24301 I art     : Starting a blocking GC Explicit
08-06 15:58:35.185 24290 24301 I art     : Explicit concurrent mark sweep GC freed 1373(82KB) AllocSpace objects, 1(20KB) LOS objects, 40% free, 22MB/37MB, paused 207us total 20.356ms
08-06 15:58:35.197 24290 24301 I art     : Starting a blocking GC Explicit
08-06 15:58:35.212 24290 24301 I art     : Explicit concurrent mark sweep GC freed 23(752B) AllocSpace objects, 0(0B) LOS objects, 40% free, 22MB/37MB, paused 137us total 14.822ms
08-06 15:58:35.218 24290 24301 I art     : Starting a blocking GC Explicit
08-06 15:58:35.231 24290 24301 I art     : Explicit concurrent mark sweep GC freed 3(96B) AllocSpace objects, 0(0B) LOS objects, 40% free, 22MB/37MB, paused 158us total 12.703ms
08-06 15:58:35.236 24290 24301 I art     : Starting a blocking GC Explicit
08-06 15:58:35.248 24290 24301 I art     : Explicit concurrent mark sweep GC freed 3(96B) AllocSpace objects, 0(0B) LOS objects, 40% free, 22MB/37MB, paused 137us total 10.915ms
08-06 15:58:35.253 24290 24301 I art     : Starting a blocking GC Explicit
08-06 15:58:35.264 24290 24301 I art     : Explicit concurrent mark sweep GC freed 3(96B) AllocSpace objects, 0(0B) LOS objects, 40% free, 22MB/37MB, paused 140us total 11.029ms
08-06 15:58:35.550 24290 24302 I art     : Starting a blocking GC Explicit
08-06 15:58:35.567 24290 24302 I art     : Explicit concurrent mark sweep GC freed 1390(80KB) AllocSpace objects, 1(20KB) LOS objects, 40% free, 22MB/37MB, paused 193us total 15.951ms
08-06 15:58:35.574 24290 24302 I art     : Starting a blocking GC Explicit
08-06 15:58:35.587 24290 24302 I art     : Explicit concurrent mark sweep GC freed 23(752B) AllocSpace objects, 0(0B) LOS objects, 40% free, 22MB/37MB, paused 181us total 13.361ms
08-06 15:58:35.594 24290 24302 I art     : Starting a blocking GC Explicit
08-06 15:58:35.607 24290 24302 I art     : Explicit concurrent mark sweep GC freed 3(96B) AllocSpace objects, 0(0B) LOS objects, 40% free, 22MB/37MB, paused 225us total 12.632ms
08-06 15:58:35.613 24290 24302 I art     : Starting a blocking GC Explicit
08-06 15:58:35.625 24290 24302 I art     : Explicit concurrent mark sweep GC freed 3(96B) AllocSpace objects, 0(0B) LOS objects, 40% free, 22MB/37MB, paused 153us total 12.097ms
08-06 15:58:35.631 24290 24302 I art     : Starting a blocking GC Explicit
08-06 15:58:35.644 24290 24302 I art     : Explicit concurrent mark sweep GC freed 3(96B) AllocSpace objects, 0(0B) LOS objects, 40% free, 22MB/37MB, paused 154us total 12.141ms
08-06 15:58:35.870 22397 22397 I ServiceManager: Waiting for service AtCmdFwd...
08-06 15:58:35.956 24290 24301 I art     : Starting a blocking GC Explicit
08-06 15:58:35.975 24290 24301 I art     : Explicit concurrent mark sweep GC freed 1369(80KB) AllocSpace objects, 1(20KB) LOS objects, 40% free, 22MB/37MB, paused 192us total 18.416ms
08-06 15:58:35.983 24290 24301 I art     : Starting a blocking GC Explicit
08-06 15:58:35.999 24290 24301 I art     : Explicit concurrent mark sweep GC freed 26(848B) AllocSpace objects, 0(0B) LOS objects, 40% free, 22MB/37MB, paused 146us total 15.841ms
08-06 15:58:36.005 24290 24301 I art     : Starting a blocking GC Explicit
08-06 15:58:36.017 24290 24301 I art     : Explicit concurrent mark sweep GC freed 5(160B) AllocSpace objects, 0(0B) LOS objects, 40% free, 22MB/37MB, paused 274us total 11.656ms
08-06 15:58:36.023 24290 24301 I art     : Starting a blocking GC Explicit
08-06 15:58:36.035 24290 24301 I art     : Explicit concurrent mark sweep GC freed 6(192B) AllocSpace objects, 0(0B) LOS objects, 40% free, 22MB/37MB, paused 139us total 11.592ms
08-06 15:58:36.042 24290 24301 I art     : Starting a blocking GC Explicit
08-06 15:58:36.053 24290 24301 I art     : Explicit concurrent mark sweep GC freed 5(160B) AllocSpace objects, 0(0B) LOS objects, 40% free, 22MB/37MB, paused 136us total 11.370ms
08-06 15:58:36.372 24290 24301 I art     : Starting a blocking GC Explicit
08-06 15:58:36.394 24290 24301 I art     : Explicit concurrent mark sweep GC freed 1374(80KB) AllocSpace objects, 1(20KB) LOS objects, 40% free, 22MB/37MB, paused 194us total 21.174ms
08-06 15:58:36.406 24290 24301 I art     : Starting a blocking GC Explicit
08-06 15:58:36.420 24290 24301 I art     : Explicit concurrent mark sweep GC freed 50(1488B) AllocSpace objects, 0(0B) LOS objects, 40% free, 22MB/37MB, paused 147us total 14.386ms
08-06 15:58:36.427 24290 24301 I art     : Starting a blocking GC Explicit
08-06 15:58:36.440 24290 24301 I art     : Explicit concurrent mark sweep GC freed 3(96B) AllocSpace objects, 0(0B) LOS objects, 40% free, 22MB/37MB, paused 148us total 12.855ms
08-06 15:58:36.446 24290 24301 I art     : Starting a blocking GC Explicit
08-06 15:58:36.459 24290 24301 I art     : Explicit concurrent mark sweep GC freed 3(96B) AllocSpace objects, 0(0B) LOS objects, 40% free, 22MB/37MB, paused 142us total 12.631ms
08-06 15:58:36.465 24290 24301 I art     : Starting a blocking GC Explicit
08-06 15:58:36.478 24290 24301 I art     : Explicit concurrent mark sweep GC freed 3(96B) AllocSpace objects, 0(0B) LOS objects, 40% free, 22MB/37MB, paused 148us total 12.625ms
08-06 15:58:36.788 24290 24420 I art     : Starting a blocking GC Explicit
08-06 15:58:36.809 24290 24420 I art     : Explicit concurrent mark sweep GC freed 1363(81KB) AllocSpace objects, 1(20KB) LOS objects, 40% free, 22MB/37MB, paused 197us total 20.275ms
08-06 15:58:36.819 24290 24420 I art     : Starting a blocking GC Explicit
08-06 15:58:36.836 24290 24420 I art     : Explicit concurrent mark sweep GC freed 23(752B) AllocSpace objects, 0(0B) LOS objects, 40% free, 22MB/37MB, paused 169us total 16.788ms
08-06 15:58:36.845 24290 24420 I art     : Starting a blocking GC Explicit
08-06 15:58:36.859 24290 24420 I art     : Explicit concurrent mark sweep GC freed 3(96B) AllocSpace objects, 0(0B) LOS objects, 40% free, 22MB/37MB, paused 141us total 12.892ms
08-06 15:58:36.865 24290 24420 I art     : Starting a blocking GC Explicit
08-06 15:58:36.871 22397 22397 I ServiceManager: Waiting for service AtCmdFwd...
08-06 15:58:36.878 24290 24420 I art     : Explicit concurrent mark sweep GC freed 3(96B) AllocSpace objects, 0(0B) LOS objects, 40% free, 22MB/37MB, paused 153us total 12.612ms
08-06 15:58:36.885 24290 24420 I art     : Starting a blocking GC Explicit
08-06 15:58:36.897 24290 24420 I art     : Explicit concurrent mark sweep GC freed 3(96B) AllocSpace objects, 0(0B) LOS objects, 40% free, 22MB/37MB, paused 142us total 12.512ms
08-06 15:58:37.199 24290 24302 I art     : Starting a blocking GC Explicit
08-06 15:58:37.222 24290 24302 I art     : Explicit concurrent mark sweep GC freed 1364(82KB) AllocSpace objects, 1(20KB) LOS objects, 40% free, 22MB/37MB, paused 180us total 22.529ms
08-06 15:58:37.232 24290 24302 I art     : Starting a blocking GC Explicit
08-06 15:58:37.247 24290 24302 I art     : Explicit concurrent mark sweep GC freed 23(752B) AllocSpace objects, 0(0B) LOS objects, 40% free, 22MB/37MB, paused 153us total 14.435ms
08-06 15:58:37.253 24290 24302 I art     : Starting a blocking GC Explicit
08-06 15:58:37.253   918  3188 I hubconnection: sensorhub said: 'set_bias 3: -5.5296, 0.0000, 0.0000'
08-06 15:58:37.266 24290 24302 I art     : Explicit concurrent mark sweep GC freed 3(96B) AllocSpace objects, 0(0B) LOS objects, 40% free, 22MB/37MB, paused 163us total 12.475ms
08-06 15:58:37.272 24290 24302 I art     : Starting a blocking GC Explicit
08-06 15:58:37.284 24290 24302 I art     : Explicit concurrent mark sweep GC freed 3(96B) AllocSpace objects, 0(0B) LOS objects, 40% free, 22MB/37MB, paused 158us total 12.382ms
08-06 15:58:37.291 24290 24302 I art     : Starting a blocking GC Explicit
08-06 15:58:37.303 24290 24302 I art     : Explicit concurrent mark sweep GC freed 3(96B) AllocSpace objects, 0(0B) LOS objects, 40% free, 22MB/37MB, paused 152us total 12.543ms
08-06 15:58:37.615 24290 24301 I art     : Starting a blocking GC Explicit
08-06 15:58:37.632 24290 24301 I art     : Explicit concurrent mark sweep GC freed 1390(82KB) AllocSpace objects, 1(20KB) LOS objects, 40% free, 22MB/37MB, paused 203us total 16.902ms
08-06 15:58:37.642 24290 24301 I art     : Starting a blocking GC Explicit
08-06 15:58:37.657 24290 24301 I art     : Explicit concurrent mark sweep GC freed 23(752B) AllocSpace objects, 0(0B) LOS objects, 40% free, 22MB/37MB, paused 212us total 14.344ms
08-06 15:58:37.663 24290 24301 I art     : Starting a blocking GC Explicit
08-06 15:58:37.676 24290 24301 I art     : Explicit concurrent mark sweep GC freed 3(96B) AllocSpace objects, 0(0B) LOS objects, 40% free, 22MB/37MB, paused 134us total 12.395ms
08-06 15:58:37.682 24290 24301 I art     : Starting a blocking GC Explicit
08-06 15:58:37.695 24290 24301 I art     : Explicit concurrent mark sweep GC freed 3(96B) AllocSpace objects, 0(0B) LOS objects, 40% free, 22MB/37MB, paused 142us total 12.810ms
08-06 15:58:37.702 24290 24301 I art     : Starting a blocking GC Explicit
08-06 15:58:37.714 24290 24301 I art     : Explicit concurrent mark sweep GC freed 3(96B) AllocSpace objects, 0(0B) LOS objects, 40% free, 22MB/37MB, paused 144us total 12.575ms
08-06 15:58:37.877 22397 22397 I ServiceManager: Waiting for service AtCmdFwd...
08-06 15:58:38.023 24290 24420 I art     : Starting a blocking GC Explicit
08-06 15:58:38.039 24290 24420 I art     : Explicit concurrent mark sweep GC freed 1362(80KB) AllocSpace objects, 1(20KB) LOS objects, 40% free, 22MB/37MB, paused 179us total 16.015ms
08-06 15:58:38.046 24290 24420 I art     : Starting a blocking GC Explicit
08-06 15:58:38.060 24290 24420 I art     : Explicit concurrent mark sweep GC freed 23(752B) AllocSpace objects, 0(0B) LOS objects, 40% free, 22MB/37MB, paused 151us total 13.410ms
08-06 15:58:38.067 24290 24420 I art     : Starting a blocking GC Explicit
08-06 15:58:38.080 24290 24420 I art     : Explicit concurrent mark sweep GC freed 3(96B) AllocSpace objects, 0(0B) LOS objects, 40% free, 22MB/37MB, paused 147us total 12.556ms
08-06 15:58:38.086 24290 24420 I art     : Starting a blocking GC Explicit
08-06 15:58:38.099 24290 24420 I art     : Explicit concurrent mark sweep GC freed 3(96B) AllocSpace objects, 0(0B) LOS objects, 40% free, 22MB/37MB, paused 136us total 12.318ms
08-06 15:58:38.105 24290 24420 I art     : Starting a blocking GC Explicit
08-06 15:58:38.118 24290 24420 I art     : Explicit concurrent mark sweep GC freed 3(96B) AllocSpace objects, 0(0B) LOS objects, 40% free, 22MB/37MB, paused 142us total 12.815ms
08-06 15:58:38.376 24290 24302 I art     : Starting a blocking GC Explicit
08-06 15:58:38.390 24290 24302 I art     : Explicit concurrent mark sweep GC freed 1362(80KB) AllocSpace objects, 1(20KB) LOS objects, 40% free, 22MB/37MB, paused 187us total 14.605ms
08-06 15:58:38.397 24290 24302 I art     : Starting a blocking GC Explicit
08-06 15:58:38.410 24290 24302 I art     : Explicit concurrent mark sweep GC freed 23(752B) AllocSpace objects, 0(0B) LOS objects, 40% free, 22MB/37MB, paused 162us total 12.867ms
08-06 15:58:38.417 24290 24302 I art     : Starting a blocking GC Explicit
08-06 15:58:38.429 24290 24302 I art     : Explicit concurrent mark sweep GC freed 30(832B) AllocSpace objects, 0(0B) LOS objects, 40% free, 22MB/37MB, paused 155us total 11.928ms
08-06 15:58:38.435 24290 24302 I art     : Starting a blocking GC Explicit
08-06 15:58:38.448 24290 24302 I art     : Explicit concurrent mark sweep GC freed 3(96B) AllocSpace objects, 0(0B) LOS objects, 40% free, 22MB/37MB, paused 158us total 12.613ms
08-06 15:58:38.454 24290 24302 I art     : Starting a blocking GC Explicit
08-06 15:58:38.467 24290 24302 I art     : Explicit concurrent mark sweep GC freed 3(96B) AllocSpace objects, 0(0B) LOS objects, 40% free, 22MB/37MB, paused 168us total 12.434ms
08-06 15:58:38.767 24290 24301 I art     : Starting a blocking GC Explicit
08-06 15:58:38.786 24290 24301 I art     : Explicit concurrent mark sweep GC freed 1362(80KB) AllocSpace objects, 1(20KB) LOS objects, 40% free, 22MB/37MB, paused 143us total 18.553ms
08-06 15:58:38.793 24290 24301 I art     : Starting a blocking GC Explicit
08-06 15:58:38.806 24290 24301 I art     : Explicit concurrent mark sweep GC freed 23(752B) AllocSpace objects, 0(0B) LOS objects, 40% free, 22MB/37MB, paused 148us total 12.932ms
08-06 15:58:38.813 24290 24301 I art     : Starting a blocking GC Explicit
08-06 15:58:38.825 24290 24301 I art     : Explicit concurrent mark sweep GC freed 3(96B) AllocSpace objects, 0(0B) LOS objects, 40% free, 22MB/37MB, paused 142us total 11.698ms
08-06 15:58:38.831 24290 24301 I art     : Starting a blocking GC Explicit
08-06 15:58:38.843 24290 24301 I art     : Explicit concurrent mark sweep GC freed 3(96B) AllocSpace objects, 0(0B) LOS objects, 40% free, 22MB/37MB, paused 140us total 12.007ms
08-06 15:58:38.849 24290 24301 I art     : Starting a blocking GC Explicit
08-06 15:58:38.861 24290 24301 I art     : Explicit concurrent mark sweep GC freed 3(96B) AllocSpace objects, 0(0B) LOS objects, 40% free, 22MB/37MB, paused 141us total 12.332ms
08-06 15:58:38.877 22397 22397 W Atfwd_Sendcmd: AtCmdFwd service not published, waiting... retryCnt : 1
08-06 15:58:39.144 24290 24420 I art     : Starting a blocking GC Explicit
08-06 15:58:39.160 24290 24420 I art     : Explicit concurrent mark sweep GC freed 1362(80KB) AllocSpace objects, 1(20KB) LOS objects, 40% free, 22MB/37MB, paused 169us total 15.460ms
08-06 15:58:39.167 24290 24420 I art     : Starting a blocking GC Explicit
08-06 15:58:39.179 24290 24420 I art     : Explicit concurrent mark sweep GC freed 23(752B) AllocSpace objects, 0(0B) LOS objects, 40% free, 22MB/37MB, paused 133us total 11.667ms
08-06 15:58:39.185 24290 24420 I art     : Starting a blocking GC Explicit
08-06 15:58:39.197 24290 24420 I art     : Explicit concurrent mark sweep GC freed 3(96B) AllocSpace objects, 0(0B) LOS objects, 40% free, 22MB/37MB, paused 137us total 11.396ms
08-06 15:58:39.202 24290 24420 I art     : Starting a blocking GC Explicit
08-06 15:58:39.213 24290 24420 I art     : Explicit concurrent mark sweep GC freed 3(96B) AllocSpace objects, 0(0B) LOS objects, 40% free, 22MB/37MB, paused 140us total 10.969ms
08-06 15:58:39.219 24290 24420 I art     : Starting a blocking GC Explicit
08-06 15:58:39.230 24290 24420 I art     : Explicit concurrent mark sweep GC freed 3(96B) AllocSpace objects, 0(0B) LOS objects, 40% free, 22MB/37MB, paused 138us total 11.069ms
08-06 15:58:39.484 24522 24522 D AndroidRuntime: >>>>>> START com.android.internal.os.RuntimeInit uid 2000 <<<<<<
08-06 15:58:39.488 24522 24522 D AndroidRuntime: CheckJNI is OFF
08-06 15:58:39.498 24290 24302 I art     : Starting a blocking GC Explicit
08-06 15:58:39.511 24290 24302 I art     : Explicit concurrent mark sweep GC freed 1388(80KB) AllocSpace objects, 1(20KB) LOS objects, 40% free, 22MB/37MB, paused 168us total 12.911ms
08-06 15:58:39.518 24290 24302 I art     : Starting a blocking GC Explicit
08-06 15:58:39.518 24522 24522 D ICU     : No timezone override file found: /data/misc/zoneinfo/current/icu/icu_tzdata.dat
08-06 15:58:39.530 24290 24302 I art     : Explicit concurrent mark sweep GC freed 23(752B) AllocSpace objects, 0(0B) LOS objects, 40% free, 22MB/37MB, paused 184us total 12.541ms
08-06 15:58:39.537 24290 24302 I art     : Starting a blocking GC Explicit
08-06 15:58:39.545 24522 24522 I Radio-JNI: register_android_hardware_Radio DONE
08-06 15:58:39.548 24290 24302 I art     : Explicit concurrent mark sweep GC freed 3(96B) AllocSpace objects, 0(0B) LOS objects, 40% free, 22MB/37MB, paused 152us total 11.466ms
08-06 15:58:39.554 24290 24302 I art     : Starting a blocking GC Explicit
08-06 15:58:39.560 24522 24522 D AndroidRuntime: Calling main entry com.android.commands.input.Input
08-06 15:58:39.562 24522 24522 I Input   : injectMotionEvent: MotionEvent { action=ACTION_DOWN, actionButton=0, id[0]=0, x[0]=1233.0, y[0]=1274.0, toolType[0]=TOOL_TYPE_UNKNOWN, buttonState=0, metaState=0, flags=0x0, edgeFlags=0x0, pointerCount=1, historySize=0, eventTime=892735975, downTime=892735975, deviceId=0, source=0x1002 }
08-06 15:58:39.565 24290 24302 I art     : Explicit concurrent mark sweep GC freed 3(96B) AllocSpace objects, 0(0B) LOS objects, 40% free, 22MB/37MB, paused 137us total 11.065ms
08-06 15:58:39.566 24522 24522 I Input   : injectMotionEvent: MotionEvent { action=ACTION_UP, actionButton=0, id[0]=0, x[0]=1233.0, y[0]=1274.0, toolType[0]=TOOL_TYPE_UNKNOWN, buttonState=0, metaState=0, flags=0x0, edgeFlags=0x0, pointerCount=1, historySize=0, eventTime=892735975, downTime=892735975, deviceId=0, source=0x1002 }
08-06 15:58:39.568 24522 24522 D AndroidRuntime: Shutting down VM
08-06 15:58:39.571 24290 24302 I art     : Starting a blocking GC Explicit
08-06 15:58:39.583 24290 24302 I art     : Explicit concurrent mark sweep GC freed 6(192B) AllocSpace objects, 0(0B) LOS objects, 40% free, 22MB/37MB, paused 164us total 12.001ms
08-06 15:58:39.809 24290 24302 I art     : Starting a blocking GC Explicit
08-06 15:58:39.823 24290 24302 I art     : Explicit concurrent mark sweep GC freed 1361(79KB) AllocSpace objects, 1(20KB) LOS objects, 40% free, 22MB/37MB, paused 154us total 13.121ms
08-06 15:58:39.830 24290 24302 I art     : Starting a blocking GC Explicit
08-06 15:58:39.843 24290 24302 I art     : Explicit concurrent mark sweep GC freed 23(752B) AllocSpace objects, 0(0B) LOS objects, 40% free, 22MB/37MB, paused 197us total 12.992ms
08-06 15:58:39.850 24290 24302 I art     : Starting a blocking GC Explicit
08-06 15:58:39.864 24290 24302 I art     : Explicit concurrent mark sweep GC freed 3(96B) AllocSpace objects, 0(0B) LOS objects, 40% free, 22MB/37MB, paused 167us total 13.702ms
08-06 15:58:39.870 24290 24302 I art     : Starting a blocking GC Explicit
08-06 15:58:39.884 24290 24302 I art     : Explicit concurrent mark sweep GC freed 3(96B) AllocSpace objects, 0(0B) LOS objects, 40% free, 22MB/37MB, paused 164us total 13.242ms
08-06 15:58:39.891 24290 24302 I art     : Starting a blocking GC Explicit
08-06 15:58:39.904 24290 24302 I art     : Explicit concurrent mark sweep GC freed 3(96B) AllocSpace objects, 0(0B) LOS objects, 40% free, 22MB/37MB, paused 273us total 12.424ms
08-06 15:58:39.993 13866 13866 I GoogleInputMethodServic: GoogleInputMethodService.onFinishInput():3138 
08-06 15:58:39.993 13866 13866 I GoogleInputMethodServic: GoogleInputMethodService.onStartInput():1808 
08-06 15:58:40.159 24290 24302 I art     : Starting a blocking GC Explicit
08-06 15:58:40.177 24290 24302 I art     : Explicit concurrent mark sweep GC freed 1459(83KB) AllocSpace objects, 1(20KB) LOS objects, 40% free, 22MB/37MB, paused 193us total 16.941ms
08-06 15:58:40.190 24290 24302 I art     : Starting a blocking GC Explicit
08-06 15:58:40.202 24290 24302 I art     : Explicit concurrent mark sweep GC freed 31(1200B) AllocSpace objects, 0(0B) LOS objects, 40% free, 22MB/37MB, paused 163us total 12.083ms
08-06 15:58:40.208 24290 24302 I art     : Starting a blocking GC Explicit
08-06 15:58:40.220 24290 24302 I art     : Explicit concurrent mark sweep GC freed 3(96B) AllocSpace objects, 0(0B) LOS objects, 40% free, 22MB/37MB, paused 144us total 11.431ms
08-06 15:58:40.226 24290 24302 I art     : Starting a blocking GC Explicit
08-06 15:58:40.237 24290 24302 I art     : Explicit concurrent mark sweep GC freed 3(96B) AllocSpace objects, 0(0B) LOS objects, 40% free, 22MB/37MB, paused 375us total 11.800ms
08-06 15:58:40.243 24290 24302 I art     : Starting a blocking GC Explicit
08-06 15:58:40.256 24290 24302 I art     : Explicit concurrent mark sweep GC freed 3(96B) AllocSpace objects, 0(0B) LOS objects, 40% free, 22MB/37MB, paused 153us total 12.138ms
08-06 15:58:40.483   518   646 I ThermalEngine: ACTION: GPU - Setting GPU[0] to 510000000
08-06 15:58:40.525 24290 24420 I art     : Starting a blocking GC Explicit
08-06 15:58:40.544 24290 24420 I art     : Explicit concurrent mark sweep GC freed 1388(80KB) AllocSpace objects, 1(20KB) LOS objects, 40% free, 22MB/37MB, paused 225us total 18.580ms
08-06 15:58:40.555 24290 24420 I art     : Starting a blocking GC Explicit
08-06 15:58:40.572 24290 24420 I art     : Explicit concurrent mark sweep GC freed 23(752B) AllocSpace objects, 0(0B) LOS objects, 40% free, 22MB/37MB, paused 199us total 16.282ms
08-06 15:58:40.580 24290 24420 I art     : Starting a blocking GC Explicit
08-06 15:58:40.596 24290 24420 I art     : Explicit concurrent mark sweep GC freed 3(96B) AllocSpace objects, 0(0B) LOS objects, 40% free, 22MB/37MB, paused 202us total 16.086ms
08-06 15:58:40.604 24290 24420 I art     : Starting a blocking GC Explicit
08-06 15:58:40.620 24290 24420 I art     : Explicit concurrent mark sweep GC freed 3(96B) AllocSpace objects, 0(0B) LOS objects, 40% free, 22MB/37MB, paused 196us total 16.046ms
08-06 15:58:40.628 24290 24420 I art     : Starting a blocking GC Explicit
08-06 15:58:40.645 24290 24420 I art     : Explicit concurrent mark sweep GC freed 3(96B) AllocSpace objects, 0(0B) LOS objects, 40% free, 22MB/37MB, paused 200us total 16.297ms
08-06 15:58:40.908 24290 24301 I art     : Starting a blocking GC Explicit
08-06 15:58:40.924 24290 24301 I art     : Explicit concurrent mark sweep GC freed 1361(80KB) AllocSpace objects, 1(20KB) LOS objects, 40% free, 22MB/37MB, paused 211us total 16.099ms
08-06 15:58:40.932 24290 24301 I art     : Starting a blocking GC Explicit
08-06 15:58:40.948 24290 24301 I art     : Explicit concurrent mark sweep GC freed 23(752B) AllocSpace objects, 0(0B) LOS objects, 40% free, 22MB/37MB, paused 195us total 15.883ms
08-06 15:58:40.956 24290 24301 I art     : Starting a blocking GC Explicit
08-06 15:58:40.972 24290 24301 I art     : Explicit concurrent mark sweep GC freed 3(96B) AllocSpace objects, 0(0B) LOS objects, 40% free, 22MB/37MB, paused 198us total 15.848ms
08-06 15:58:40.980 24290 24301 I art     : Starting a blocking GC Explicit
08-06 15:58:40.996 24290 24301 I art     : Explicit concurrent mark sweep GC freed 3(96B) AllocSpace objects, 0(0B) LOS objects, 40% free, 22MB/37MB, paused 193us total 15.653ms
08-06 15:58:41.003 24290 24301 I art     : Starting a blocking GC Explicit
08-06 15:58:41.019 24290 24301 I art     : Explicit concurrent mark sweep GC freed 3(96B) AllocSpace objects, 0(0B) LOS objects, 40% free, 22MB/37MB, paused 192us total 15.172ms
08-06 15:58:41.230 24578 24578 D AndroidRuntime: >>>>>> START com.android.internal.os.RuntimeInit uid 2000 <<<<<<
08-06 15:58:41.235 24578 24578 D AndroidRuntime: CheckJNI is OFF
08-06 15:58:41.267 24578 24578 D ICU     : No timezone override file found: /data/misc/zoneinfo/current/icu/icu_tzdata.dat
08-06 15:58:41.293 24290 24302 I art     : Starting a blocking GC Explicit
08-06 15:58:41.301 24578 24578 I Radio-JNI: register_android_hardware_Radio DONE
08-06 15:58:41.309 24290 24302 I art     : Explicit concurrent mark sweep GC freed 1361(80KB) AllocSpace objects, 1(20KB) LOS objects, 40% free, 22MB/37MB, paused 228us total 16.252ms
08-06 15:58:41.318 24290 24302 I art     : Starting a blocking GC Explicit
08-06 15:58:41.324 24578 24578 D AndroidRuntime: Calling main entry com.android.commands.input.Input
08-06 15:58:41.326 24578 24578 I Input   : injectMotionEvent: MotionEvent { action=ACTION_DOWN, actionButton=0, id[0]=0, x[0]=103.0, y[0]=192.0, toolType[0]=TOOL_TYPE_UNKNOWN, buttonState=0, metaState=0, flags=0x0, edgeFlags=0x0, pointerCount=1, historySize=0, eventTime=892737739, downTime=892737739, deviceId=0, source=0x1002 }
08-06 15:58:41.329 24578 24578 I Input   : injectMotionEvent: MotionEvent { action=ACTION_UP, actionButton=0, id[0]=0, x[0]=103.0, y[0]=192.0, toolType[0]=TOOL_TYPE_UNKNOWN, buttonState=0, metaState=0, flags=0x0, edgeFlags=0x0, pointerCount=1, historySize=0, eventTime=892737739, downTime=892737739, deviceId=0, source=0x1002 }
08-06 15:58:41.330 24578 24578 D AndroidRuntime: Shutting down VM
08-06 15:58:41.332 24290 24302 I art     : Explicit concurrent mark sweep GC freed 42(1344B) AllocSpace objects, 0(0B) LOS objects, 40% free, 22MB/37MB, paused 214us total 14.309ms
08-06 15:58:41.340 24290 24302 I art     : Starting a blocking GC Explicit
08-06 15:58:41.341   512  2967 D audio_hw_primary: out_set_parameters: enter: usecase(1: low-latency-playback) kvpairs: routing=2
08-06 15:58:41.354   512  2967 D audio_hw_primary: select_devices: out_snd_device(2: speaker) in_snd_device(0: none)
08-06 15:58:41.354   512  2967 D msm8974_platform: platform_send_audio_calibration: sending audio calibration for snd_device(2) acdb_id(15)
08-06 15:58:41.354   512  2967 I soundtrigger: audio_extn_sound_trigger_update_device_status: device 0x2 of type 0 for Event 1
08-06 15:58:41.356 24290 24302 I art     : Explicit concurrent mark sweep GC freed 42(1328B) AllocSpace objects, 0(0B) LOS objects, 40% free, 22MB/37MB, paused 365us total 16.440ms
08-06 15:58:41.364 24290 24302 I art     : Starting a blocking GC Explicit
08-06 15:58:41.365   512  2967 D audio_hw_primary: enable_snd_device: snd_device(2: speaker)
08-06 15:58:41.367   512  2967 D audio_hw_primary: enable_audio_route: apply and update mixer path: low-latency-playback speaker
08-06 15:58:41.378 13866 13866 I GoogleInputMethodServic: GoogleInputMethodService.onFinishInput():3138 
08-06 15:58:41.379 24290 24302 I art     : Explicit concurrent mark sweep GC freed 60(2352B) AllocSpace objects, 0(0B) LOS objects, 40% free, 22MB/37MB, paused 313us total 14.836ms
08-06 15:58:41.379 13866 13866 I GoogleInputMethodServic: GoogleInputMethodService.onStartInput():1808 
08-06 15:58:41.386 24290 24302 I art     : Starting a blocking GC Explicit
08-06 15:58:41.402 24290 24302 I art     : Explicit concurrent mark sweep GC freed 19(944B) AllocSpace objects, 0(0B) LOS objects, 40% free, 22MB/37MB, paused 199us total 15.562ms
08-06 15:58:41.648 24290 24301 I art     : Starting a blocking GC Explicit
08-06 15:58:41.666 24290 24301 I art     : Explicit concurrent mark sweep GC freed 1774(100KB) AllocSpace objects, 1(20KB) LOS objects, 40% free, 22MB/37MB, paused 201us total 17.484ms
08-06 15:58:41.674 24290 24301 I art     : Starting a blocking GC Explicit
08-06 15:58:41.691 24290 24301 I art     : Explicit concurrent mark sweep GC freed 29(1104B) AllocSpace objects, 0(0B) LOS objects, 40% free, 22MB/37MB, paused 235us total 16.977ms
08-06 15:58:41.700 24290 24301 I art     : Starting a blocking GC Explicit
08-06 15:58:41.715 24290 24301 I art     : Explicit concurrent mark sweep GC freed 9(288B) AllocSpace objects, 0(0B) LOS objects, 40% free, 22MB/37MB, paused 176us total 14.811ms
08-06 15:58:41.722 24290 24301 I art     : Starting a blocking GC Explicit
08-06 15:58:41.737 24290 24301 I art     : Explicit concurrent mark sweep GC freed 3(96B) AllocSpace objects, 0(0B) LOS objects, 40% free, 22MB/37MB, paused 237us total 15.165ms
08-06 15:58:41.745 24290 24301 I art     : Starting a blocking GC Explicit
08-06 15:58:41.759 24290 24301 I art     : Explicit concurrent mark sweep GC freed 5(192B) AllocSpace objects, 0(0B) LOS objects, 40% free, 22MB/37MB, paused 183us total 14.416ms
08-06 15:58:41.909   512  2967 D audio_hw_primary: disable_audio_route: reset and update mixer path: low-latency-playback speaker
08-06 15:58:41.910   512  2967 D audio_hw_primary: disable_snd_device: snd_device(2: speaker)
08-06 15:58:41.918   512  2967 I soundtrigger: audio_extn_sound_trigger_update_device_status: device 0x2 of type 0 for Event 0
08-06 15:58:41.961 24620 24620 D AndroidRuntime: >>>>>> START com.android.internal.os.RuntimeInit uid 2000 <<<<<<
08-06 15:58:41.966 24620 24620 D AndroidRuntime: CheckJNI is OFF
08-06 15:58:41.999 24620 24620 D ICU     : No timezone override file found: /data/misc/zoneinfo/current/icu/icu_tzdata.dat
08-06 15:58:42.014 24290 24302 I art     : Starting a blocking GC Explicit
08-06 15:58:42.029 24290 24302 I art     : Explicit concurrent mark sweep GC freed 1365(80KB) AllocSpace objects, 1(20KB) LOS objects, 40% free, 22MB/37MB, paused 220us total 15.483ms
08-06 15:58:42.033 24620 24620 I Radio-JNI: register_android_hardware_Radio DONE
08-06 15:58:42.037 24290 24302 I art     : Starting a blocking GC Explicit
08-06 15:58:42.053 24290 24302 I art     : Explicit concurrent mark sweep GC freed 25(816B) AllocSpace objects, 0(0B) LOS objects, 40% free, 22MB/37MB, paused 208us total 15.822ms
08-06 15:58:42.056 24620 24620 D AndroidRuntime: Calling main entry com.android.commands.input.Input
08-06 15:58:42.058 24620 24620 I Input   : injectMotionEvent: MotionEvent { action=ACTION_DOWN, actionButton=0, id[0]=0, x[0]=324.0, y[0]=2298.0, toolType[0]=TOOL_TYPE_UNKNOWN, buttonState=0, metaState=0, flags=0x0, edgeFlags=0x0, pointerCount=1, historySize=0, eventTime=892738471, downTime=892738471, deviceId=0, source=0x1002 }
08-06 15:58:42.060 24290 24302 I art     : Starting a blocking GC Explicit
08-06 15:58:42.062 24620 24620 I Input   : injectMotionEvent: MotionEvent { action=ACTION_UP, actionButton=0, id[0]=0, x[0]=324.0, y[0]=2298.0, toolType[0]=TOOL_TYPE_UNKNOWN, buttonState=0, metaState=0, flags=0x0, edgeFlags=0x0, pointerCount=1, historySize=0, eventTime=892738471, downTime=892738471, deviceId=0, source=0x1002 }
08-06 15:58:42.064 24620 24620 D AndroidRuntime: Shutting down VM
08-06 15:58:42.073   918   929 I ActivityManager: START u0 {cmp=baseline.de.danoeh.antennapod.debug/baseline.de.danoeh.antennapod.activity.PreferenceActivity} from uid 10711 on display 0
08-06 15:58:42.074   512  2967 D audio_hw_primary: out_set_parameters: enter: usecase(1: low-latency-playback) kvpairs: routing=2
08-06 15:58:42.077 24290 24302 I art     : Explicit concurrent mark sweep GC freed 13(4KB) AllocSpace objects, 0(0B) LOS objects, 40% free, 22MB/37MB, paused 242us total 16.009ms
08-06 15:58:42.084 24290 24302 I art     : Starting a blocking GC Explicit
08-06 15:58:42.087   512  2967 D audio_hw_primary: select_devices: out_snd_device(2: speaker) in_snd_device(0: none)
08-06 15:58:42.087   512  2967 D msm8974_platform: platform_send_audio_calibration: sending audio calibration for snd_device(2) acdb_id(15)
08-06 15:58:42.087   512  2967 I soundtrigger: audio_extn_sound_trigger_update_device_status: device 0x2 of type 0 for Event 1
08-06 15:58:42.099   512  2967 D audio_hw_primary: enable_snd_device: snd_device(2: speaker)
08-06 15:58:42.100 24290 24302 I art     : Explicit concurrent mark sweep GC freed 89(22KB) AllocSpace objects, 1(20KB) LOS objects, 40% free, 22MB/37MB, paused 287us total 15.903ms
08-06 15:58:42.101   512  2967 D audio_hw_primary: enable_audio_route: apply and update mixer path: low-latency-playback speaker
08-06 15:58:42.108 24290 24302 I art     : Starting a blocking GC Explicit
08-06 15:58:42.124 24290 24302 I art     : Explicit concurrent mark sweep GC freed 647(83KB) AllocSpace objects, 0(0B) LOS objects, 40% free, 22MB/37MB, paused 772us total 16.585ms
08-06 15:58:42.143   512  2967 D AudioFlinger: mixer(0xf4740000) throttle end: throttle time(12)
08-06 15:58:42.274 32587 32617 I WorkerManager: dispose()
08-06 15:58:42.275 32587 32617 W ThreadPoolDumper: Queue length for executor EventBus is now 11. Perhaps some tasks are too long, or the pool is too small.
08-06 15:58:42.361 24290 24301 I art     : Starting a blocking GC Explicit
08-06 15:58:42.369   918   936 I ActivityManager: Displayed baseline.de.danoeh.antennapod.debug/baseline.de.danoeh.antennapod.activity.PreferenceActivity: +270ms
08-06 15:58:42.369 13866 13866 I GoogleInputMethodServic: GoogleInputMethodService.onFinishInput():3138 
08-06 15:58:42.370 13866 13866 I GoogleInputMethodServic: GoogleInputMethodService.onStartInput():1808 
08-06 15:58:42.383 24290 24301 I art     : Explicit concurrent mark sweep GC freed 3997(346KB) AllocSpace objects, 1(20KB) LOS objects, 40% free, 23MB/39MB, paused 204us total 22.161ms
08-06 15:58:42.393 24290 24301 I art     : Starting a blocking GC Explicit
08-06 15:58:42.396 24290 24311 D OpenGLRenderer: endAllStagingAnimators on 0x7f7f47b000 (RippleDrawable) with handle 0x7f7e2c8e20
08-06 15:58:42.411 24290 24301 I art     : Explicit concurrent mark sweep GC freed 311(15KB) AllocSpace objects, 0(0B) LOS objects, 40% free, 23MB/38MB, paused 203us total 17.207ms
08-06 15:58:42.420 24290 24301 I art     : Starting a blocking GC Explicit
08-06 15:58:42.437 24290 24301 I art     : Explicit concurrent mark sweep GC freed 42(1232B) AllocSpace objects, 0(0B) LOS objects, 40% free, 23MB/38MB, paused 255us total 16.988ms
08-06 15:58:42.446 24290 24301 I art     : Starting a blocking GC Explicit
08-06 15:58:42.462 24290 24301 I art     : Explicit concurrent mark sweep GC freed 3(96B) AllocSpace objects, 0(0B) LOS objects, 40% free, 23MB/38MB, paused 178us total 16.680ms
08-06 15:58:42.470 24290 24301 I art     : Starting a blocking GC Explicit
08-06 15:58:42.487 24290 24301 I art     : Explicit concurrent mark sweep GC freed 3(96B) AllocSpace objects, 0(0B) LOS objects, 40% free, 23MB/38MB, paused 313us total 16.660ms
08-06 15:58:42.624   380   380 W SurfaceFlinger: couldn't log to binary event log: overflow.
08-06 15:58:42.629   512  2967 D audio_hw_primary: disable_audio_route: reset and update mixer path: low-latency-playback speaker
08-06 15:58:42.630   512  2967 D audio_hw_primary: disable_snd_device: snd_device(2: speaker)
08-06 15:58:42.640   512  2967 I soundtrigger: audio_extn_sound_trigger_update_device_status: device 0x2 of type 0 for Event 0
08-06 15:58:42.745 24290 24290 D PlaybackController: Releasing PlaybackController
08-06 15:58:42.755 24290 24420 I art     : Starting a blocking GC Explicit
08-06 15:58:42.772 24290 24420 I art     : Explicit concurrent mark sweep GC freed 1624(97KB) AllocSpace objects, 1(20KB) LOS objects, 40% free, 23MB/39MB, paused 214us total 16.875ms
08-06 15:58:42.780 24290 24420 I art     : Starting a blocking GC Explicit
08-06 15:58:42.798 24290 24420 I art     : Explicit concurrent mark sweep GC freed 63(2064B) AllocSpace objects, 0(0B) LOS objects, 40% free, 23MB/39MB, paused 183us total 18.221ms
08-06 15:58:42.806 24290 24420 I art     : Starting a blocking GC Explicit
08-06 15:58:42.825 24290 24420 I art     : Explicit concurrent mark sweep GC freed 3(96B) AllocSpace objects, 0(0B) LOS objects, 40% free, 23MB/39MB, paused 189us total 18.437ms
08-06 15:58:42.833 24290 24420 I art     : Starting a blocking GC Explicit
08-06 15:58:42.852 24290 24420 I art     : Explicit concurrent mark sweep GC freed 3(96B) AllocSpace objects, 0(0B) LOS objects, 40% free, 23MB/39MB, paused 190us total 18.796ms
08-06 15:58:42.860 24290 24420 I art     : Starting a blocking GC Explicit
08-06 15:58:42.879 24290 24420 I art     : Explicit concurrent mark sweep GC freed 3(96B) AllocSpace objects, 0(0B) LOS objects, 40% free, 23MB/39MB, paused 188us total 18.834ms
08-06 15:58:43.158 24290 24302 I art     : Starting a blocking GC Explicit
08-06 15:58:43.191 24290 24302 I art     : Explicit concurrent mark sweep GC freed 1364(80KB) AllocSpace objects, 1(20KB) LOS objects, 40% free, 23MB/39MB, paused 238us total 32.722ms
08-06 15:58:43.204 24290 24302 I art     : Starting a blocking GC Explicit
08-06 15:58:43.226 24290 24302 I art     : Explicit concurrent mark sweep GC freed 23(752B) AllocSpace objects, 0(0B) LOS objects, 40% free, 23MB/39MB, paused 217us total 21.606ms
08-06 15:58:43.234 24290 24302 I art     : Starting a blocking GC Explicit
08-06 15:58:43.254 24290 24302 I art     : Explicit concurrent mark sweep GC freed 3(96B) AllocSpace objects, 0(0B) LOS objects, 40% free, 23MB/39MB, paused 210us total 19.177ms
08-06 15:58:43.262 24290 24302 I art     : Starting a blocking GC Explicit
08-06 15:58:43.281 24290 24302 I art     : Explicit concurrent mark sweep GC freed 3(96B) AllocSpace objects, 0(0B) LOS objects, 40% free, 23MB/39MB, paused 206us total 18.827ms
08-06 15:58:43.289 24290 24302 I art     : Starting a blocking GC Explicit
08-06 15:58:43.308 24290 24302 I art     : Explicit concurrent mark sweep GC freed 3(96B) AllocSpace objects, 0(0B) LOS objects, 40% free, 23MB/39MB, paused 211us total 18.182ms
08-06 15:58:43.583 24290 24301 I art     : Starting a blocking GC Explicit
08-06 15:58:43.589   918  3261 D WifiStateMachine: starting scan for "H369AA63323"WPA_PSK with 2412,5180
08-06 15:58:43.602 24290 24301 I art     : Explicit concurrent mark sweep GC freed 1391(80KB) AllocSpace objects, 1(20KB) LOS objects, 40% free, 23MB/39MB, paused 206us total 19.261ms
08-06 15:58:43.611 24290 24301 I art     : Starting a blocking GC Explicit
08-06 15:58:43.629 24290 24301 I art     : Explicit concurrent mark sweep GC freed 23(752B) AllocSpace objects, 0(0B) LOS objects, 40% free, 23MB/39MB, paused 212us total 18.218ms
08-06 15:58:43.638 24290 24301 I art     : Starting a blocking GC Explicit
08-06 15:58:43.656 24290 24301 I art     : Explicit concurrent mark sweep GC freed 3(96B) AllocSpace objects, 0(0B) LOS objects, 40% free, 23MB/39MB, paused 219us total 18.165ms
08-06 15:58:43.664 24290 24301 I art     : Starting a blocking GC Explicit
08-06 15:58:43.683 24290 24301 I art     : Explicit concurrent mark sweep GC freed 3(96B) AllocSpace objects, 0(0B) LOS objects, 40% free, 23MB/39MB, paused 197us total 18.119ms
08-06 15:58:43.691 24290 24301 I art     : Starting a blocking GC Explicit
08-06 15:58:43.709 24290 24301 I art     : Explicit concurrent mark sweep GC freed 3(96B) AllocSpace objects, 0(0B) LOS objects, 40% free, 23MB/39MB, paused 206us total 17.834ms
08-06 15:58:43.716 24685 24685 D AndroidRuntime: >>>>>> START com.android.internal.os.RuntimeInit uid 2000 <<<<<<
08-06 15:58:43.721 24685 24685 D AndroidRuntime: CheckJNI is OFF
08-06 15:58:43.753 24685 24685 D ICU     : No timezone override file found: /data/misc/zoneinfo/current/icu/icu_tzdata.dat
08-06 15:58:43.786 24685 24685 I Radio-JNI: register_android_hardware_Radio DONE
08-06 15:58:43.807 24685 24685 D AndroidRuntime: Calling main entry com.android.commands.input.Input
08-06 15:58:43.809 24685 24685 I Input   : injectMotionEvent: MotionEvent { action=ACTION_DOWN, actionButton=0, id[0]=0, x[0]=400.0, y[0]=997.0, toolType[0]=TOOL_TYPE_UNKNOWN, buttonState=0, metaState=0, flags=0x0, edgeFlags=0x0, pointerCount=1, historySize=0, eventTime=892740221, downTime=892740221, deviceId=0, source=0x1002 }
08-06 15:58:43.819 24685 24685 I Input   : injectMotionEvent: MotionEvent { action=ACTION_UP, actionButton=0, id[0]=0, x[0]=400.0, y[0]=997.0, toolType[0]=TOOL_TYPE_UNKNOWN, buttonState=0, metaState=0, flags=0x0, edgeFlags=0x0, pointerCount=1, historySize=0, eventTime=892740221, downTime=892740221, deviceId=0, source=0x1002 }
08-06 15:58:43.823 24685 24685 D AndroidRuntime: Shutting down VM
08-06 15:58:43.828   512  2967 D audio_hw_primary: out_set_parameters: enter: usecase(1: low-latency-playback) kvpairs: routing=2
08-06 15:58:43.841   512  2967 D audio_hw_primary: select_devices: out_snd_device(2: speaker) in_snd_device(0: none)
08-06 15:58:43.841   512  2967 D msm8974_platform: platform_send_audio_calibration: sending audio calibration for snd_device(2) acdb_id(15)
08-06 15:58:43.841   512  2967 I soundtrigger: audio_extn_sound_trigger_update_device_status: device 0x2 of type 0 for Event 1
08-06 15:58:43.852   512  2967 D audio_hw_primary: enable_snd_device: snd_device(2: speaker)
08-06 15:58:43.854   512  2967 D audio_hw_primary: enable_audio_route: apply and update mixer path: low-latency-playback speaker
08-06 15:58:43.877 22397 22397 I ServiceManager: Waiting for service AtCmdFwd...
08-06 15:58:43.945 24290 24301 I art     : Starting a blocking GC Explicit
08-06 15:58:43.947 13866 13866 I GoogleInputMethodServic: GoogleInputMethodService.onFinishInput():3138 
08-06 15:58:43.948 13866 13866 I GoogleInputMethodServic: GoogleInputMethodService.onStartInput():1808 
08-06 15:58:43.965 24290 24301 I art     : Explicit concurrent mark sweep GC freed 2895(185KB) AllocSpace objects, 2(40KB) LOS objects, 40% free, 23MB/39MB, paused 196us total 20.186ms
08-06 15:58:43.973 24290 24301 I art     : Starting a blocking GC Explicit
08-06 15:58:43.990 24290 24301 I art     : Explicit concurrent mark sweep GC freed 178(8KB) AllocSpace objects, 0(0B) LOS objects, 40% free, 23MB/39MB, paused 188us total 16.888ms
08-06 15:58:43.997 24290 24301 I art     : Starting a blocking GC Explicit
08-06 15:58:44.015 24290 24301 I art     : Explicit concurrent mark sweep GC freed 3(96B) AllocSpace objects, 0(0B) LOS objects, 40% free, 23MB/39MB, paused 184us total 17.609ms
08-06 15:58:44.023 24290 24301 I art     : Starting a blocking GC Explicit
08-06 15:58:44.040 24290 24301 I art     : Explicit concurrent mark sweep GC freed 3(96B) AllocSpace objects, 0(0B) LOS objects, 40% free, 23MB/39MB, paused 188us total 17.272ms
08-06 15:58:44.048 24290 24301 I art     : Starting a blocking GC Explicit
08-06 15:58:44.065 24290 24301 I art     : Explicit concurrent mark sweep GC freed 3(96B) AllocSpace objects, 0(0B) LOS objects, 40% free, 23MB/39MB, paused 184us total 17.249ms
08-06 15:58:44.296 24290 24420 I art     : Starting a blocking GC Explicit
08-06 15:58:44.315 24290 24420 I art     : Explicit concurrent mark sweep GC freed 1365(80KB) AllocSpace objects, 1(20KB) LOS objects, 40% free, 23MB/39MB, paused 194us total 18.577ms
08-06 15:58:44.323 24290 24420 I art     : Starting a blocking GC Explicit
08-06 15:58:44.341 24290 24420 I art     : Explicit concurrent mark sweep GC freed 23(752B) AllocSpace objects, 0(0B) LOS objects, 40% free, 23MB/39MB, paused 194us total 18.339ms
08-06 15:58:44.349 24290 24420 I art     : Starting a blocking GC Explicit
08-06 15:58:44.368 24290 24420 I art     : Explicit concurrent mark sweep GC freed 3(96B) AllocSpace objects, 0(0B) LOS objects, 40% free, 23MB/39MB, paused 187us total 18.801ms
08-06 15:58:44.376 24290 24420 I art     : Starting a blocking GC Explicit
08-06 15:58:44.388   512  2967 D audio_hw_primary: disable_audio_route: reset and update mixer path: low-latency-playback speaker
08-06 15:58:44.389   512  2967 D audio_hw_primary: disable_snd_device: snd_device(2: speaker)
08-06 15:58:44.395 24290 24420 I art     : Explicit concurrent mark sweep GC freed 3(96B) AllocSpace objects, 0(0B) LOS objects, 40% free, 23MB/39MB, paused 185us total 18.563ms
08-06 15:58:44.398   512  2967 I soundtrigger: audio_extn_sound_trigger_update_device_status: device 0x2 of type 0 for Event 0
08-06 15:58:44.403 24290 24420 I art     : Starting a blocking GC Explicit
08-06 15:58:44.422 24290 24420 I art     : Explicit concurrent mark sweep GC freed 30(832B) AllocSpace objects, 0(0B) LOS objects, 40% free, 23MB/39MB, paused 187us total 18.861ms
08-06 15:58:44.448 24718 24718 D AndroidRuntime: >>>>>> START com.android.internal.os.RuntimeInit uid 2000 <<<<<<
08-06 15:58:44.453 24718 24718 D AndroidRuntime: CheckJNI is OFF
08-06 15:58:44.486 24718 24718 D ICU     : No timezone override file found: /data/misc/zoneinfo/current/icu/icu_tzdata.dat
08-06 15:58:44.520 24718 24718 I Radio-JNI: register_android_hardware_Radio DONE
08-06 15:58:44.542 24718 24718 D AndroidRuntime: Calling main entry com.android.commands.input.Input
08-06 15:58:44.543 24718 24718 I Input   : injectMotionEvent: MotionEvent { action=ACTION_DOWN, actionButton=0, id[0]=0, x[0]=697.0, y[0]=656.0, toolType[0]=TOOL_TYPE_UNKNOWN, buttonState=0, metaState=0, flags=0x0, edgeFlags=0x0, pointerCount=1, historySize=0, eventTime=892740956, downTime=892740956, deviceId=0, source=0x1002 }
08-06 15:58:44.548 24718 24718 I Input   : injectMotionEvent: MotionEvent { action=ACTION_UP, actionButton=0, id[0]=0, x[0]=697.0, y[0]=656.0, toolType[0]=TOOL_TYPE_UNKNOWN, buttonState=0, metaState=0, flags=0x0, edgeFlags=0x0, pointerCount=1, historySize=0, eventTime=892740956, downTime=892740956, deviceId=0, source=0x1002 }
08-06 15:58:44.550 24718 24718 D AndroidRuntime: Shutting down VM
08-06 15:58:44.563   512  2967 D audio_hw_primary: out_set_parameters: enter: usecase(1: low-latency-playback) kvpairs: routing=2
08-06 15:58:44.577   512  2967 D audio_hw_primary: select_devices: out_snd_device(2: speaker) in_snd_device(0: none)
08-06 15:58:44.577   512  2967 D msm8974_platform: platform_send_audio_calibration: sending audio calibration for snd_device(2) acdb_id(15)
08-06 15:58:44.577   512  2967 I soundtrigger: audio_extn_sound_trigger_update_device_status: device 0x2 of type 0 for Event 1
08-06 15:58:44.589   512  2967 D audio_hw_primary: enable_snd_device: snd_device(2: speaker)
08-06 15:58:44.591   512  2967 D audio_hw_primary: enable_audio_route: apply and update mixer path: low-latency-playback speaker
08-06 15:58:44.628 13866 13866 I GoogleInputMethodServic: GoogleInputMethodService.onFinishInput():3138 
08-06 15:58:44.629 13866 13866 I GoogleInputMethodServic: GoogleInputMethodService.onStartInput():1808 
08-06 15:58:44.632   512  2967 D AudioFlinger: mixer(0xf4740000) throttle end: throttle time(12)
08-06 15:58:44.663 24290 24302 I art     : Starting a blocking GC Explicit
08-06 15:58:44.684 24290 24302 I art     : Explicit concurrent mark sweep GC freed 2413(194KB) AllocSpace objects, 1(20KB) LOS objects, 40% free, 23MB/39MB, paused 184us total 20.170ms
08-06 15:58:44.692 24290 24302 I art     : Starting a blocking GC Explicit
08-06 15:58:44.713 24290 24302 I art     : Explicit concurrent mark sweep GC freed 163(7KB) AllocSpace objects, 0(0B) LOS objects, 40% free, 23MB/39MB, paused 204us total 20.030ms
08-06 15:58:44.722 24290 24302 I art     : Starting a blocking GC Explicit
08-06 15:58:44.742 24290 24302 I art     : Explicit concurrent mark sweep GC freed 3(96B) AllocSpace objects, 0(0B) LOS objects, 40% free, 23MB/39MB, paused 184us total 19.242ms
08-06 15:58:44.751 24290 24302 I art     : Starting a blocking GC Explicit
08-06 15:58:44.771 24290 24302 I art     : Explicit concurrent mark sweep GC freed 3(96B) AllocSpace objects, 0(0B) LOS objects, 40% free, 23MB/39MB, paused 195us total 20.107ms
08-06 15:58:44.779 24290 24302 I art     : Starting a blocking GC Explicit
08-06 15:58:44.800 24290 24302 I art     : Explicit concurrent mark sweep GC freed 5(160B) AllocSpace objects, 0(0B) LOS objects, 40% free, 23MB/39MB, paused 213us total 20.478ms
08-06 15:58:44.859 29532 29532 W PathParser: Points are too far apart 4.030360828967057
08-06 15:58:44.859 29532 29532 W PathParser: Points are too far apart 4.030360538880159
08-06 15:58:44.875 29532 29532 W PathParser: Points are too far apart 4.030360828967057
08-06 15:58:44.875 29532 29532 W PathParser: Points are too far apart 4.030360538880159
08-06 15:58:44.879 22397 22397 I ServiceManager: Waiting for service AtCmdFwd...
08-06 15:58:44.892 29532 29532 W PathParser: Points are too far apart 4.030360828967057
08-06 15:58:44.892 29532 29532 W PathParser: Points are too far apart 4.030360538880159
08-06 15:58:44.909 29532 29532 W PathParser: Points are too far apart 4.030360828967057
08-06 15:58:44.909 29532 29532 W PathParser: Points are too far apart 4.030360538880159
08-06 15:58:44.925 29532 29532 W PathParser: Points are too far apart 4.030360828967057
08-06 15:58:44.925 29532 29532 W PathParser: Points are too far apart 4.030360538880159
08-06 15:58:44.942 29532 29532 W PathParser: Points are too far apart 4.030360828967057
08-06 15:58:44.942 29532 29532 W PathParser: Points are too far apart 4.030360538880159
08-06 15:58:44.959 29532 29532 W PathParser: Points are too far apart 4.030360828967057
08-06 15:58:44.959 29532 29532 W PathParser: Points are too far apart 4.030360538880159
08-06 15:58:45.045 24290 24420 I art     : Starting a blocking GC Explicit
08-06 15:58:45.067 24290 24420 I art     : Explicit concurrent mark sweep GC freed 1368(80KB) AllocSpace objects, 1(20KB) LOS objects, 40% free, 23MB/39MB, paused 304us total 22.471ms
08-06 15:58:45.077 24290 24420 I art     : Starting a blocking GC Explicit
08-06 15:58:45.099 24290 24420 I art     : Explicit concurrent mark sweep GC freed 29(944B) AllocSpace objects, 0(0B) LOS objects, 40% free, 23MB/39MB, paused 196us total 22.354ms
08-06 15:58:45.109 24290 24420 I art     : Starting a blocking GC Explicit
08-06 15:58:45.120   512  2967 D audio_hw_primary: disable_audio_route: reset and update mixer path: low-latency-playback speaker
08-06 15:58:45.121   512  2967 D audio_hw_primary: disable_snd_device: snd_device(2: speaker)
08-06 15:58:45.130   512  2967 I soundtrigger: audio_extn_sound_trigger_update_device_status: device 0x2 of type 0 for Event 0
08-06 15:58:45.131 24290 24420 I art     : Explicit concurrent mark sweep GC freed 3(96B) AllocSpace objects, 0(0B) LOS objects, 40% free, 23MB/39MB, paused 204us total 22.117ms
08-06 15:58:45.141 24290 24420 I art     : Starting a blocking GC Explicit
08-06 15:58:45.162 24290 24420 I art     : Explicit concurrent mark sweep GC freed 3(96B) AllocSpace objects, 0(0B) LOS objects, 40% free, 23MB/39MB, paused 198us total 20.070ms
08-06 15:58:45.171 24290 24420 I art     : Starting a blocking GC Explicit
08-06 15:58:45.191 24290 24420 I art     : Explicit concurrent mark sweep GC freed 3(96B) AllocSpace objects, 0(0B) LOS objects, 40% free, 23MB/39MB, paused 188us total 20.162ms
08-06 15:58:45.222 24757 24757 D AndroidRuntime: >>>>>> START com.android.internal.os.RuntimeInit uid 2000 <<<<<<
08-06 15:58:45.226 24757 24757 D AndroidRuntime: CheckJNI is OFF
08-06 15:58:45.260 24757 24757 D ICU     : No timezone override file found: /data/misc/zoneinfo/current/icu/icu_tzdata.dat
08-06 15:58:45.295 24757 24757 I Radio-JNI: register_android_hardware_Radio DONE
08-06 15:58:45.320 24757 24757 D AndroidRuntime: Calling main entry com.android.commands.input.Input
08-06 15:58:45.322 24757 24757 I Input   : injectMotionEvent: MotionEvent { action=ACTION_DOWN, actionButton=0, id[0]=0, x[0]=256.0, y[0]=1589.0, toolType[0]=TOOL_TYPE_UNKNOWN, buttonState=0, metaState=0, flags=0x0, edgeFlags=0x0, pointerCount=1, historySize=0, eventTime=892741734, downTime=892741734, deviceId=0, source=0x1002 }
08-06 15:58:45.328 24757 24757 I Input   : injectMotionEvent: MotionEvent { action=ACTION_UP, actionButton=0, id[0]=0, x[0]=256.0, y[0]=1589.0, toolType[0]=TOOL_TYPE_UNKNOWN, buttonState=0, metaState=0, flags=0x0, edgeFlags=0x0, pointerCount=1, historySize=0, eventTime=892741734, downTime=892741734, deviceId=0, source=0x1002 }
08-06 15:58:45.331 24757 24757 D AndroidRuntime: Shutting down VM
08-06 15:58:45.347 24290 24290 D UserPreferences: timeOfDay: []
08-06 15:58:45.347 24290 24290 D AutoUpdateManager: Restarting update alarm.
08-06 15:58:45.348 24290 24290 D AutoUpdateManager: Automatic update was deactivated
08-06 15:58:45.350   512  2967 D audio_hw_primary: out_set_parameters: enter: usecase(1: low-latency-playback) kvpairs: routing=2
08-06 15:58:45.363   512  2967 D audio_hw_primary: select_devices: out_snd_device(2: speaker) in_snd_device(0: none)
08-06 15:58:45.363   512  2967 D msm8974_platform: platform_send_audio_calibration: sending audio calibration for snd_device(2) acdb_id(15)
08-06 15:58:45.364   512  2967 I soundtrigger: audio_extn_sound_trigger_update_device_status: device 0x2 of type 0 for Event 1
08-06 15:58:45.377   512  2967 D audio_hw_primary: enable_snd_device: snd_device(2: speaker)
08-06 15:58:45.380   512  2967 D audio_hw_primary: enable_audio_route: apply and update mixer path: low-latency-playback speaker
08-06 15:58:45.381 13866 13866 I GoogleInputMethodServic: GoogleInputMethodService.onFinishInput():3138 
08-06 15:58:45.382 13866 13866 I GoogleInputMethodServic: GoogleInputMethodService.onStartInput():1808 
08-06 15:58:45.392 29532 29532 W PathParser: Points are too far apart 4.030360828967057
08-06 15:58:45.393 29532 29532 W PathParser: Points are too far apart 4.030360538880159
08-06 15:58:45.409 29532 29532 W PathParser: Points are too far apart 4.030360828967057
08-06 15:58:45.409 29532 29532 W PathParser: Points are too far apart 4.030360538880159
08-06 15:58:45.422   512  2967 D AudioFlinger: mixer(0xf4740000) throttle end: throttle time(12)
08-06 15:58:45.426 29532 29532 W PathParser: Points are too far apart 4.030360828967057
08-06 15:58:45.426 29532 29532 W PathParser: Points are too far apart 4.030360538880159
08-06 15:58:45.442 29532 29532 W PathParser: Points are too far apart 4.030360828967057
08-06 15:58:45.442 29532 29532 W PathParser: Points are too far apart 4.030360538880159
08-06 15:58:45.449 24290 24302 I art     : Starting a blocking GC Explicit
08-06 15:58:45.459 29532 29532 W PathParser: Points are too far apart 4.030360828967057
08-06 15:58:45.459 29532 29532 W PathParser: Points are too far apart 4.030360538880159
08-06 15:58:45.471 24290 24302 I art     : Explicit concurrent mark sweep GC freed 1721(108KB) AllocSpace objects, 2(40KB) LOS objects, 40% free, 23MB/39MB, paused 212us total 21.192ms
08-06 15:58:45.476 29532 29532 W PathParser: Points are too far apart 4.030360828967057
08-06 15:58:45.476 29532 29532 W PathParser: Points are too far apart 4.030360538880159
08-06 15:58:45.480 24290 24302 I art     : Starting a blocking GC Explicit
08-06 15:58:45.491   518   646 I ThermalEngine: ACTION: GPU - Setting GPU[0] to 450000000
08-06 15:58:45.493 29532 29532 W PathParser: Points are too far apart 4.030360828967057
08-06 15:58:45.493 29532 29532 W PathParser: Points are too far apart 4.030360538880159
08-06 15:58:45.506 24290 24302 I art     : Explicit concurrent mark sweep GC freed 119(5KB) AllocSpace objects, 0(0B) LOS objects, 40% free, 23MB/39MB, paused 335us total 25.635ms
08-06 15:58:45.510 29532 29532 W PathParser: Points are too far apart 4.030360828967057
08-06 15:58:45.510 29532 29532 W PathParser: Points are too far apart 4.030360538880159
08-06 15:58:45.517 24290 24302 I art     : Starting a blocking GC Explicit
08-06 15:58:45.543 24290 24302 I art     : Explicit concurrent mark sweep GC freed 70(2464B) AllocSpace objects, 0(0B) LOS objects, 40% free, 23MB/39MB, paused 388us total 25.535ms
08-06 15:58:45.554 24290 24302 I art     : Starting a blocking GC Explicit
08-06 15:58:45.559   380   380 W SurfaceFlinger: couldn't log to binary event log: overflow.
08-06 15:58:45.580 24290 24302 I art     : Explicit concurrent mark sweep GC freed 70(2240B) AllocSpace objects, 0(0B) LOS objects, 40% free, 23MB/39MB, paused 396us total 25.643ms
08-06 15:58:45.590 24290 24302 I art     : Starting a blocking GC Explicit
08-06 15:58:45.613 24290 24302 I art     : Explicit concurrent mark sweep GC freed 84(2688B) AllocSpace objects, 0(0B) LOS objects, 40% free, 23MB/39MB, paused 427us total 22.743ms
08-06 15:58:45.879 22397 22397 I ServiceManager: Waiting for service AtCmdFwd...
08-06 15:58:45.885 24290 24301 I art     : Starting a blocking GC Explicit
08-06 15:58:45.911 24290 24301 I art     : Explicit concurrent mark sweep GC freed 1621(88KB) AllocSpace objects, 1(20KB) LOS objects, 40% free, 23MB/39MB, paused 281us total 25.523ms
08-06 15:58:45.919   512  2967 D audio_hw_primary: disable_audio_route: reset and update mixer path: low-latency-playback speaker
08-06 15:58:45.921   512  2967 D audio_hw_primary: disable_snd_device: snd_device(2: speaker)
08-06 15:58:45.923 24290 24301 I art     : Starting a blocking GC Explicit
08-06 15:58:45.928   512  2967 I soundtrigger: audio_extn_sound_trigger_update_device_status: device 0x2 of type 0 for Event 0
08-06 15:58:45.946 24290 24301 I art     : Explicit concurrent mark sweep GC freed 23(752B) AllocSpace objects, 0(0B) LOS objects, 40% free, 23MB/39MB, paused 255us total 23.489ms
08-06 15:58:45.956 24290 24301 I art     : Starting a blocking GC Explicit
08-06 15:58:45.981 24290 24301 I art     : Explicit concurrent mark sweep GC freed 3(96B) AllocSpace objects, 0(0B) LOS objects, 40% free, 23MB/39MB, paused 269us total 24.762ms
08-06 15:58:45.992 24290 24301 I art     : Starting a blocking GC Explicit
08-06 15:58:46.018 24290 24301 I art     : Explicit concurrent mark sweep GC freed 3(96B) AllocSpace objects, 0(0B) LOS objects, 40% free, 23MB/39MB, paused 267us total 25.492ms
08-06 15:58:46.029 24290 24301 I art     : Starting a blocking GC Explicit
08-06 15:58:46.055 24290 24301 I art     : Explicit concurrent mark sweep GC freed 3(96B) AllocSpace objects, 0(0B) LOS objects, 40% free, 23MB/39MB, paused 273us total 25.804ms
08-06 15:58:46.105 24791 24791 D AndroidRuntime: >>>>>> START com.android.internal.os.RuntimeInit uid 2000 <<<<<<
08-06 15:58:46.111 24791 24791 D AndroidRuntime: CheckJNI is OFF
08-06 15:58:46.153 24791 24791 D ICU     : No timezone override file found: /data/misc/zoneinfo/current/icu/icu_tzdata.dat
08-06 15:58:46.196 24791 24791 I Radio-JNI: register_android_hardware_Radio DONE
08-06 15:58:46.225 24791 24791 D AndroidRuntime: Calling main entry com.android.commands.input.Input
08-06 15:58:46.227 24791 24791 I Input   : injectKeyEvent: KeyEvent { action=ACTION_DOWN, keyCode=KEYCODE_BACK, scanCode=0, metaState=0, flags=0x0, repeatCount=0, eventTime=892742640, downTime=892742640, deviceId=-1, source=0x101 }
08-06 15:58:46.233 24791 24791 I Input   : injectKeyEvent: KeyEvent { action=ACTION_UP, keyCode=KEYCODE_BACK, scanCode=0, metaState=0, flags=0x0, repeatCount=0, eventTime=892742640, downTime=892742640, deviceId=-1, source=0x101 }
08-06 15:58:46.241 24791 24791 D AndroidRuntime: Shutting down VM
08-06 15:58:46.316 13866 13866 I GoogleInputMethodServic: GoogleInputMethodService.onFinishInput():3138 
08-06 15:58:46.318 13866 13866 I GoogleInputMethodServic: GoogleInputMethodService.onStartInput():1808 
08-06 15:58:46.330 24290 24302 I art     : Starting a blocking GC Explicit
08-06 15:58:46.361 24290 24302 I art     : Explicit concurrent mark sweep GC freed 2743(144KB) AllocSpace objects, 1(20KB) LOS objects, 39% free, 24MB/40MB, paused 349us total 30.913ms
08-06 15:58:46.373 24290 24302 I art     : Starting a blocking GC Explicit
08-06 15:58:46.398 24290 24302 I art     : Explicit concurrent mark sweep GC freed 9285(587KB) AllocSpace objects, 1(48KB) LOS objects, 40% free, 23MB/39MB, paused 340us total 24.765ms
08-06 15:58:46.409 24290 24302 I art     : Starting a blocking GC Explicit
08-06 15:58:46.434 24290 24302 I art     : Explicit concurrent mark sweep GC freed 42(1424B) AllocSpace objects, 0(0B) LOS objects, 40% free, 23MB/39MB, paused 281us total 24.428ms
08-06 15:58:46.445 24290 24302 I art     : Starting a blocking GC Explicit
08-06 15:58:46.468 24290 24302 I art     : Explicit concurrent mark sweep GC freed 3(96B) AllocSpace objects, 0(0B) LOS objects, 40% free, 23MB/39MB, paused 275us total 23.492ms
08-06 15:58:46.479 24290 24302 I art     : Starting a blocking GC Explicit
08-06 15:58:46.504 24290 24302 I art     : Explicit concurrent mark sweep GC freed 3(96B) AllocSpace objects, 0(0B) LOS objects, 40% free, 23MB/39MB, paused 291us total 24.432ms
08-06 15:58:46.558 24365 14427 I NetworkScheduler.Stats: Task com.google.android.apps.gcs/ started execution. cause:4 exec_start_elapsed_seconds: 1876130 [CONTEXT service_id=218 ]
08-06 15:58:46.559 16530 24823 W Gcs.WfaEliRefreshTask: [29386] afk.b: NULL eligibility response.
08-06 15:58:46.561 24365 14427 I NetworkScheduler.Stats: Task com.google.android.apps.gcs/ finished executing. cause:4 result: 3 elapsed_millis: 8 uptime_millis: 8 exec_start_elapsed_seconds: 1876130 [CONTEXT service_id=218 ]
08-06 15:58:46.578 12162 12162 I Finsky  : [1] xow.onStartJob(3): SCH: onJobSchedulerWakeup with jobId 9011
08-06 15:58:46.584 12162 12162 I Finsky  : [1] xjw.a(9): Scheduling fallback in 43199995 (absolute: 1919330454)
08-06 15:58:46.587 12162 12162 I Finsky  : [1] xjw.a(9): Scheduling fallback in 64799997 (absolute: 1940930459)
08-06 15:58:46.590 12162 12162 I Finsky  : [1] xow.onStartJob(3): SCH: onJobSchedulerWakeup with jobId 9016
08-06 15:58:46.593 12162 12162 I Finsky  : [1] xjw.a(9): Scheduling fallback in 43199998 (absolute: 1919330466)
08-06 15:58:46.596 12162 12162 I Finsky  : [1] xjw.a(9): Scheduling fallback in 64799999 (absolute: 1940930469)
08-06 15:58:46.602 12162 12162 W Finsky  : [1] xow.onStartJob(9): SCH: onJobSchedulerWakeup while already running
08-06 15:58:46.627 24365 31017 I NetworkScheduler.Stats: Task com.google.android.gms/com.google.android.gms.clearcut.uploader.QosUploaderService started execution. cause:5 exec_start_elapsed_seconds: 1876130 [CONTEXT service_id=218 ]
08-06 15:58:46.648 24365  8032 I NetworkScheduler.Stats: Task com.google.android.gms/com.google.android.gms.icing.service.IcingGcmTaskService started execution. cause:5 exec_start_elapsed_seconds: 1876130 [CONTEXT service_id=218 ]
08-06 15:58:46.653 24365 31017 I NetworkScheduler.Stats: Task com.google.android.gms/com.google.android.gms.icing.service.IcingGcmTaskService finished executing. cause:5 result: 1 elapsed_millis: 23 uptime_millis: 23 exec_start_elapsed_seconds: 1876130 [CONTEXT service_id=218 ]
08-06 15:58:46.656 24365 31017 I NetworkScheduler.Stats: Task com.google.android.gms/com.google.android.gms.clearcut.uploader.QosUploaderService finished executing. cause:5 result: 1 elapsed_millis: 57 uptime_millis: 57 exec_start_elapsed_seconds: 1876130 [CONTEXT service_id=218 ]
08-06 15:58:46.749 12162 12162 I Finsky  : [1] xkf.handleMessage(8): SCH: DeviceState: DeviceState{currentTime=1596722326745, isCharging=false, isIdle=false, netAny=true, netNotRoaming=true, netUnmetered=true, batteryPercent=100.0}
08-06 15:58:46.754 12162 24259 I Finsky  : [6742] xmu.a(8): SCH: Jobs in database: 1-1337 3-225 3-226 12-1 24-77777777 26-1414141414 
08-06 15:58:46.758 12162 12162 I Finsky  : [1] xkg.a(16): SCH: Running job: 12-1
08-06 15:58:46.759 12162 12162 I Finsky  : [1] ContentSyncJob.a(16): [ContentSync] job started
08-06 15:58:46.760 12162 12162 I Finsky  : [1] xkf.handleMessage(61): SCH: RunningQueue size: 1, PendingQueue size: 0
08-06 15:58:46.760 12162 12162 I Finsky  : [1] xkf.handleMessage(64): SCH: Running queue: 12-1 
08-06 15:58:46.779 24290 24420 I art     : Starting a blocking GC Explicit
08-06 15:58:46.803 24290 24420 I art     : Explicit concurrent mark sweep GC freed 1365(80KB) AllocSpace objects, 1(20KB) LOS objects, 40% free, 23MB/39MB, paused 259us total 23.417ms
08-06 15:58:46.813 24290 24420 I art     : Starting a blocking GC Explicit
08-06 15:58:46.835 12162 24276 I Finsky  : [6749] dzn.a(22): Completed 0 account content syncs with 0 successful.
08-06 15:58:46.836 12162 12162 I Finsky  : [1] ContentSyncJob.a(1): [ContentSync] Installation state replication succeeded.
08-06 15:58:46.836 24290 24420 I art     : Explicit concurrent mark sweep GC freed 23(752B) AllocSpace objects, 0(0B) LOS objects, 40% free, 23MB/39MB, paused 253us total 22.371ms
08-06 15:58:46.837 12162 12162 I Finsky  : [1] xlr.a(13): SCH: jobFinished: 12-1. TimeElapsed: 77ms.
08-06 15:58:46.838 12162 12162 I Finsky  : [1] xkg.a(36): SCH: Job 12-1 finished. Not rescheduling.
08-06 15:58:46.839 12162 12162 I Finsky  : [1] xkf.handleMessage(61): SCH: RunningQueue size: 0, PendingQueue size: 0
08-06 15:58:46.839 12162 12162 I Finsky  : [1] xkf.handleMessage(25): Executor finished
08-06 15:58:46.846 24290 24420 I art     : Starting a blocking GC Explicit
08-06 15:58:46.852 12162 12162 I Finsky  : [1] xmu.a(8): SCH: Jobs in database: 1-1337 3-225 3-226 24-77777777 26-1414141414 
08-06 15:58:46.854 12162 12162 I Finsky  : [1] xio.a(57): SCH: ConstraintMapping: 24-77777777,  -> L: 0ms, D: 18684073ms, C: false, I: true, N: 0
08-06 15:58:46.855 12162 12162 I Finsky  : [1] xio.a(57): SCH: ConstraintMapping: 1-1337,  -> L: 3831916ms, D: 22026058ms, C: false, I: false, N: 1
08-06 15:58:46.855 12162 12162 I Finsky  : [1] xio.a(57): SCH: ConstraintMapping: 3-225,  -> L: 0ms, D: 61810001ms, C: false, I: true, N: 2
08-06 15:58:46.855 12162 12162 I Finsky  : [1] xio.a(57): SCH: ConstraintMapping: 3-226,  -> L: 0ms, D: 61810045ms, C: true, I: true, N: 2
08-06 15:58:46.856 12162 12162 I Finsky  : [1] xio.a(57): SCH: ConstraintMapping: 26-1414141414,  -> L: 26807445ms, D: 27707445ms, C: false, I: false, N: 0
08-06 15:58:46.865 12162 12162 I Finsky  : [1] xle.a(34): Cancelling existing jobscheduler jobs: 9017 9001 9013 9012 9015 9018 9014 9019 
08-06 15:58:46.865 12162 12162 I Finsky  : [1] xle.a(10): Throttling wakeup for job 9000 (expected to run in 0 ms) due to recent wakeup
08-06 15:58:46.865 12162 12162 I Finsky  : [1] xle.a(27): Scheduling job Id: 9000, L: 30000, D: 18684073, C: false, I: true, N: 0
08-06 15:58:46.867 12162 12162 I Finsky  : [1] xle.a(27): Scheduling job Id: 9002, L: 3831916, D: 22026058, C: false, I: false, N: 1
08-06 15:58:46.868 24290 24420 I art     : Explicit concurrent mark sweep GC freed 3(96B) AllocSpace objects, 0(0B) LOS objects, 40% free, 23MB/39MB, paused 252us total 21.163ms
08-06 15:58:46.868 12162 12162 I Finsky  : [1] xle.a(10): Throttling wakeup for job 9003 (expected to run in 0 ms) due to recent wakeup
08-06 15:58:46.868 12162 12162 I Finsky  : [1] xle.a(27): Scheduling job Id: 9003, L: 30000, D: 61810001, C: false, I: true, N: 2
08-06 15:58:46.870 12162 12162 I Finsky  : [1] xle.a(10): Throttling wakeup for job 9004 (expected to run in 0 ms) due to recent wakeup
08-06 15:58:46.870 12162 12162 I Finsky  : [1] xle.a(27): Scheduling job Id: 9004, L: 30000, D: 61810045, C: true, I: true, N: 2
08-06 15:58:46.871 12162 12162 I Finsky  : [1] xle.a(27): Scheduling job Id: 9005, L: 26807445, D: 27707445, C: false, I: false, N: 0
08-06 15:58:46.872 12162 12162 I Finsky  : [1] xle.a(10): Throttling wakeup for job 9006 (expected to run in 0 ms) due to recent wakeup
08-06 15:58:46.872 12162 12162 I Finsky  : [1] xle.a(27): Scheduling job Id: 9006, L: 30000, D: 18684073, C: false, I: true, N: 0
08-06 15:58:46.874 12162 12162 I Finsky  : [1] xle.a(27): Scheduling job Id: 9007, L: 3831916, D: 22026058, C: false, I: false, N: 1
08-06 15:58:46.875 12162 12162 I Finsky  : [1] xle.a(10): Throttling wakeup for job 9008 (expected to run in 0 ms) due to recent wakeup
08-06 15:58:46.875 12162 12162 I Finsky  : [1] xle.a(27): Scheduling job Id: 9008, L: 30000, D: 61810001, C: false, I: true, N: 2
08-06 15:58:46.876 12162 12162 I Finsky  : [1] xle.a(10): Throttling wakeup for job 9009 (expected to run in 0 ms) due to recent wakeup
08-06 15:58:46.877 12162 12162 I Finsky  : [1] xle.a(27): Scheduling job Id: 9009, L: 30000, D: 61810045, C: true, I: true, N: 2
08-06 15:58:46.877 24290 24420 I art     : Starting a blocking GC Explicit
08-06 15:58:46.878 12162 12162 I Finsky  : [1] xle.a(27): Scheduling job Id: 9010, L: 26807445, D: 27707445, C: false, I: false, N: 0
08-06 15:58:46.880 22397 22397 I ServiceManager: Waiting for service AtCmdFwd...
08-06 15:58:46.901 24290 24420 I art     : Explicit concurrent mark sweep GC freed 3(96B) AllocSpace objects, 0(0B) LOS objects, 40% free, 23MB/39MB, paused 262us total 22.882ms
08-06 15:58:46.911 24290 24420 I art     : Starting a blocking GC Explicit
08-06 15:58:46.934 24290 24420 I art     : Explicit concurrent mark sweep GC freed 3(96B) AllocSpace objects, 0(0B) LOS objects, 40% free, 23MB/39MB, paused 249us total 22.551ms
08-06 15:58:47.234 24290 24301 I art     : Starting a blocking GC Explicit
08-06 15:58:47.264 24290 24301 I art     : Explicit concurrent mark sweep GC freed 1365(80KB) AllocSpace objects, 1(20KB) LOS objects, 40% free, 23MB/39MB, paused 318us total 30.169ms
08-06 15:58:47.280 24290 24301 I art     : Starting a blocking GC Explicit
08-06 15:58:47.305 24290 24301 I art     : Explicit concurrent mark sweep GC freed 23(752B) AllocSpace objects, 0(0B) LOS objects, 40% free, 23MB/39MB, paused 274us total 24.304ms
08-06 15:58:47.316 24290 24301 I art     : Starting a blocking GC Explicit
08-06 15:58:47.341 24290 24301 I art     : Explicit concurrent mark sweep GC freed 3(96B) AllocSpace objects, 0(0B) LOS objects, 40% free, 23MB/39MB, paused 275us total 24.459ms
08-06 15:58:47.351 24290 24301 I art     : Starting a blocking GC Explicit
08-06 15:58:47.376 24290 24301 I art     : Explicit concurrent mark sweep GC freed 3(96B) AllocSpace objects, 0(0B) LOS objects, 40% free, 23MB/39MB, paused 263us total 24.166ms
08-06 15:58:47.387 24290 24301 I art     : Starting a blocking GC Explicit
08-06 15:58:47.411 24290 24301 I art     : Explicit concurrent mark sweep GC freed 3(96B) AllocSpace objects, 0(0B) LOS objects, 40% free, 23MB/39MB, paused 282us total 24.163ms
08-06 15:58:47.673 24290 24302 I art     : Starting a blocking GC Explicit
08-06 15:58:47.697 24290 24302 I art     : Explicit concurrent mark sweep GC freed 1392(80KB) AllocSpace objects, 1(20KB) LOS objects, 40% free, 23MB/39MB, paused 284us total 24.246ms
08-06 15:58:47.711 24290 24302 I art     : Starting a blocking GC Explicit
08-06 15:58:47.735 24290 24302 I art     : Explicit concurrent mark sweep GC freed 23(752B) AllocSpace objects, 0(0B) LOS objects, 40% free, 23MB/39MB, paused 275us total 23.748ms
08-06 15:58:47.745 24290 24302 I art     : Starting a blocking GC Explicit
08-06 15:58:47.768 24290 24302 I art     : Explicit concurrent mark sweep GC freed 3(96B) AllocSpace objects, 0(0B) LOS objects, 40% free, 23MB/39MB, paused 277us total 22.672ms
08-06 15:58:47.778 24290 24302 I art     : Starting a blocking GC Explicit
08-06 15:58:47.801 24290 24302 I art     : Explicit concurrent mark sweep GC freed 3(96B) AllocSpace objects, 0(0B) LOS objects, 40% free, 23MB/39MB, paused 278us total 22.848ms
08-06 15:58:47.801 24290 24300 I art     : WaitForGcToComplete blocked for 23.060ms for cause HeapTrim
08-06 15:58:47.812 24290 24302 I art     : Starting a blocking GC Explicit
08-06 15:58:47.835 24290 24302 I art     : Explicit concurrent mark sweep GC freed 3(96B) AllocSpace objects, 0(0B) LOS objects, 40% free, 23MB/39MB, paused 259us total 23.248ms
08-06 15:58:47.880 22397 22397 I ServiceManager: Waiting for service AtCmdFwd...
08-06 15:58:48.002 24845 24845 D AndroidRuntime: >>>>>> START com.android.internal.os.RuntimeInit uid 2000 <<<<<<
08-06 15:58:48.007 24845 24845 D AndroidRuntime: CheckJNI is OFF
08-06 15:58:48.045 24845 24845 D ICU     : No timezone override file found: /data/misc/zoneinfo/current/icu/icu_tzdata.dat
08-06 15:58:48.084 24845 24845 I Radio-JNI: register_android_hardware_Radio DONE
08-06 15:58:48.112 24845 24845 D AndroidRuntime: Calling main entry com.android.commands.input.Input
08-06 15:58:48.113 24845 24845 I Input   : injectKeyEvent: KeyEvent { action=ACTION_DOWN, keyCode=KEYCODE_BACK, scanCode=0, metaState=0, flags=0x0, repeatCount=0, eventTime=892744526, downTime=892744526, deviceId=-1, source=0x101 }
08-06 15:58:48.114 24290 24420 I art     : Starting a blocking GC Explicit
08-06 15:58:48.121 24845 24845 I Input   : injectKeyEvent: KeyEvent { action=ACTION_UP, keyCode=KEYCODE_BACK, scanCode=0, metaState=0, flags=0x0, repeatCount=0, eventTime=892744526, downTime=892744526, deviceId=-1, source=0x101 }
08-06 15:58:48.126 24845 24845 D AndroidRuntime: Shutting down VM
08-06 15:58:48.139 24290 24420 I art     : Explicit concurrent mark sweep GC freed 2145(106KB) AllocSpace objects, 1(20KB) LOS objects, 40% free, 23MB/39MB, paused 268us total 24.327ms
08-06 15:58:48.149 24290 24420 I art     : Starting a blocking GC Explicit
08-06 15:58:48.150 24290 24290 D QueueFragment: loadItems()
08-06 15:58:48.151 24290 24316 D DBReader: getQueue() called
08-06 15:58:48.151 24290 24316 D DBReader: getQueue()
08-06 15:58:48.151 24290 24290 V PlaybackController: initServiceNotRunning()
08-06 15:58:48.151 24290 24290 D ExternalPlayerFragment: Loading media info
08-06 15:58:48.152 24290 24290 D UserPreferences: Using default data folder
08-06 15:58:48.152 24290 24316 D DBReader: getFavoriteIDList() called
08-06 15:58:48.153 24290 24316 D DBReader: getQueueIDList() called
08-06 15:58:48.153 24290 24310 D DBReader: getNavDrawerData() called with: 
08-06 15:58:48.154 24290 24316 D DBReader: Extracting Feedlist
08-06 15:58:48.157 24290 24310 D DBReader: getDownloadedItems() called
08-06 15:58:48.158 24290 24310 D DBReader: getFavoriteIDList() called
08-06 15:58:48.158 24290 24310 D DBReader: getQueueIDList() called
08-06 15:58:48.159 24290 24310 D DBReader: Extracting Feedlist
08-06 15:58:48.172 24290 24420 I art     : Explicit concurrent mark sweep GC freed 826(65KB) AllocSpace objects, 0(0B) LOS objects, 40% free, 23MB/39MB, paused 556us total 23.120ms
08-06 15:58:48.183 24290 24420 I art     : Starting a blocking GC Explicit
08-06 15:58:48.204 24290 24420 I art     : Explicit concurrent mark sweep GC freed 519(28KB) AllocSpace objects, 0(0B) LOS objects, 40% free, 23MB/39MB, paused 280us total 21.564ms
08-06 15:58:48.209 24290 24290 D MainActivity: getLastNavFragment() -> QueueFragment
08-06 15:58:48.214 24290 24420 I art     : Starting a blocking GC Explicit
08-06 15:58:48.239 24290 24420 I art     : Explicit concurrent mark sweep GC freed 1087(62KB) AllocSpace objects, 0(0B) LOS objects, 40% free, 23MB/39MB, paused 304us total 24.189ms
08-06 15:58:48.249 24290 24420 I art     : Starting a blocking GC Explicit
08-06 15:58:48.250 13866 13866 I GoogleInputMethodServic: GoogleInputMethodService.onFinishInput():3138 
08-06 15:58:48.250 13866 13866 I GoogleInputMethodServic: GoogleInputMethodService.onStartInput():1808 
08-06 15:58:48.275 24290 24420 I art     : Explicit concurrent mark sweep GC freed 805(46KB) AllocSpace objects, 0(0B) LOS objects, 40% free, 23MB/39MB, paused 311us total 25.842ms
08-06 15:58:48.513   380   380 W SurfaceFlinger: couldn't log to binary event log: overflow.
08-06 15:58:48.562 24290 24880 I art     : Starting a blocking GC Explicit
08-06 15:58:48.587 24290 24880 I art     : Explicit concurrent mark sweep GC freed 1978(108KB) AllocSpace objects, 1(20KB) LOS objects, 40% free, 23MB/39MB, paused 286us total 24.753ms
08-06 15:58:48.597 24290 24880 I art     : Starting a blocking GC Explicit
08-06 15:58:48.619 24290 24880 I art     : Explicit concurrent mark sweep GC freed 6250(390KB) AllocSpace objects, 11(308KB) LOS objects, 40% free, 22MB/38MB, paused 278us total 21.535ms
08-06 15:58:48.630 24290 24880 I art     : Starting a blocking GC Explicit
08-06 15:58:48.650 24290 24880 I art     : Explicit concurrent mark sweep GC freed 3(96B) AllocSpace objects, 0(0B) LOS objects, 40% free, 22MB/38MB, paused 276us total 20.237ms
08-06 15:58:48.660 24290 24880 I art     : Starting a blocking GC Explicit
08-06 15:58:48.681 24290 24880 I art     : Explicit concurrent mark sweep GC freed 3(96B) AllocSpace objects, 0(0B) LOS objects, 40% free, 22MB/38MB, paused 276us total 20.453ms
08-06 15:58:48.691 24290 24880 I art     : Starting a blocking GC Explicit
08-06 15:58:48.712 24290 24880 I art     : Explicit concurrent mark sweep GC freed 3(96B) AllocSpace objects, 0(0B) LOS objects, 40% free, 22MB/38MB, paused 279us total 20.802ms
08-06 15:58:48.880 22397 22397 W Atfwd_Sendcmd: AtCmdFwd service not published, waiting... retryCnt : 2
08-06 15:58:49.000 24290 24301 I art     : Starting a blocking GC Explicit
08-06 15:58:49.027 24290 24301 I art     : Explicit concurrent mark sweep GC freed 1367(82KB) AllocSpace objects, 1(20KB) LOS objects, 40% free, 22MB/38MB, paused 323us total 26.610ms
08-06 15:58:49.041 24290 24301 I art     : Starting a blocking GC Explicit
08-06 15:58:49.063 24290 24301 I art     : Explicit concurrent mark sweep GC freed 23(752B) AllocSpace objects, 0(0B) LOS objects, 40% free, 22MB/38MB, paused 287us total 21.315ms
08-06 15:58:49.073 24290 24301 I art     : Starting a blocking GC Explicit
08-06 15:58:49.095 24290 24301 I art     : Explicit concurrent mark sweep GC freed 3(96B) AllocSpace objects, 0(0B) LOS objects, 40% free, 22MB/38MB, paused 294us total 21.129ms
08-06 15:58:49.105 24290 24301 I art     : Starting a blocking GC Explicit
08-06 15:58:49.127 24290 24301 I art     : Explicit concurrent mark sweep GC freed 3(96B) AllocSpace objects, 0(0B) LOS objects, 40% free, 22MB/38MB, paused 280us total 21.298ms
08-06 15:58:49.137 24290 24301 I art     : Starting a blocking GC Explicit
08-06 15:58:49.159 24290 24301 I art     : Explicit concurrent mark sweep GC freed 3(96B) AllocSpace objects, 0(0B) LOS objects, 40% free, 22MB/38MB, paused 279us total 21.436ms
08-06 15:58:49.445 24290 24420 I art     : Starting a blocking GC Explicit
08-06 15:58:49.467 24290 24420 I art     : Explicit concurrent mark sweep GC freed 1393(80KB) AllocSpace objects, 1(20KB) LOS objects, 40% free, 22MB/38MB, paused 300us total 21.832ms
08-06 15:58:49.477 24290 24420 I art     : Starting a blocking GC Explicit
08-06 15:58:49.498 24290 24420 I art     : Explicit concurrent mark sweep GC freed 23(752B) AllocSpace objects, 0(0B) LOS objects, 40% free, 22MB/38MB, paused 297us total 21.074ms
08-06 15:58:49.508 24290 24420 I art     : Starting a blocking GC Explicit
08-06 15:58:49.529 24290 24420 I art     : Explicit concurrent mark sweep GC freed 3(96B) AllocSpace objects, 0(0B) LOS objects, 40% free, 22MB/38MB, paused 274us total 20.338ms
08-06 15:58:49.539 24290 24420 I art     : Starting a blocking GC Explicit
08-06 15:58:49.560 24290 24420 I art     : Explicit concurrent mark sweep GC freed 3(96B) AllocSpace objects, 0(0B) LOS objects, 40% free, 22MB/38MB, paused 280us total 21.060ms
08-06 15:58:49.570 24290 24420 I art     : Starting a blocking GC Explicit
08-06 15:58:49.591 24290 24420 I art     : Explicit concurrent mark sweep GC freed 3(96B) AllocSpace objects, 0(0B) LOS objects, 40% free, 22MB/38MB, paused 287us total 20.359ms
08-06 15:58:49.875 24290 24302 I art     : Starting a blocking GC Explicit
08-06 15:58:49.898 24290 24302 I art     : Explicit concurrent mark sweep GC freed 1364(80KB) AllocSpace objects, 1(20KB) LOS objects, 40% free, 22MB/38MB, paused 388us total 21.975ms
08-06 15:58:49.912 24290 24302 I art     : Starting a blocking GC Explicit
08-06 15:58:49.916 24907 24907 D AndroidRuntime: >>>>>> START com.android.internal.os.RuntimeInit uid 2000 <<<<<<
08-06 15:58:49.923 24907 24907 D AndroidRuntime: CheckJNI is OFF
08-06 15:58:49.934 24290 24302 I art     : Explicit concurrent mark sweep GC freed 23(752B) AllocSpace objects, 0(0B) LOS objects, 40% free, 22MB/38MB, paused 300us total 22.420ms
08-06 15:58:49.945 24290 24302 I art     : Starting a blocking GC Explicit
08-06 15:58:49.966 24290 24302 I art     : Explicit concurrent mark sweep GC freed 3(96B) AllocSpace objects, 0(0B) LOS objects, 40% free, 22MB/38MB, paused 332us total 20.929ms
08-06 15:58:49.969 24907 24907 D ICU     : No timezone override file found: /data/misc/zoneinfo/current/icu/icu_tzdata.dat
08-06 15:58:49.976 24290 24302 I art     : Starting a blocking GC Explicit
08-06 15:58:49.997 24290 24302 I art     : Explicit concurrent mark sweep GC freed 3(96B) AllocSpace objects, 0(0B) LOS objects, 40% free, 22MB/38MB, paused 371us total 20.514ms
08-06 15:58:50.007 24290 24302 I art     : Starting a blocking GC Explicit
08-06 15:58:50.017 24907 24907 I Radio-JNI: register_android_hardware_Radio DONE
08-06 15:58:50.029 24290 24302 I art     : Explicit concurrent mark sweep GC freed 3(96B) AllocSpace objects, 0(0B) LOS objects, 40% free, 22MB/38MB, paused 304us total 20.872ms
08-06 15:58:50.048 24907 24907 D AndroidRuntime: Calling main entry com.android.commands.input.Input
08-06 15:58:50.050 24907 24907 I Input   : injectMotionEvent: MotionEvent { action=ACTION_DOWN, actionButton=0, id[0]=0, x[0]=103.0, y[0]=192.0, toolType[0]=TOOL_TYPE_UNKNOWN, buttonState=0, metaState=0, flags=0x0, edgeFlags=0x0, pointerCount=1, historySize=0, eventTime=892746462, downTime=892746462, deviceId=0, source=0x1002 }
08-06 15:58:50.055 24907 24907 I Input   : injectMotionEvent: MotionEvent { action=ACTION_UP, actionButton=0, id[0]=0, x[0]=103.0, y[0]=192.0, toolType[0]=TOOL_TYPE_UNKNOWN, buttonState=0, metaState=0, flags=0x0, edgeFlags=0x0, pointerCount=1, historySize=0, eventTime=892746462, downTime=892746462, deviceId=0, source=0x1002 }
08-06 15:58:50.057 24907 24907 D AndroidRuntime: Shutting down VM
08-06 15:58:50.066   512  2967 D audio_hw_primary: out_set_parameters: enter: usecase(1: low-latency-playback) kvpairs: routing=2
08-06 15:58:50.079   512  2967 D audio_hw_primary: select_devices: out_snd_device(2: speaker) in_snd_device(0: none)
08-06 15:58:50.079   512  2967 D msm8974_platform: platform_send_audio_calibration: sending audio calibration for snd_device(2) acdb_id(15)
08-06 15:58:50.079   512  2967 I soundtrigger: audio_extn_sound_trigger_update_device_status: device 0x2 of type 0 for Event 1
08-06 15:58:50.093   512  2967 D audio_hw_primary: enable_snd_device: snd_device(2: speaker)
08-06 15:58:50.095   512  2967 D audio_hw_primary: enable_audio_route: apply and update mixer path: low-latency-playback speaker
08-06 15:58:50.106 13866 13866 I GoogleInputMethodServic: GoogleInputMethodService.onFinishInput():3138 
08-06 15:58:50.107 13866 13866 I GoogleInputMethodServic: GoogleInputMethodService.onStartInput():1808 
08-06 15:58:50.309 24290 24302 I art     : Starting a blocking GC Explicit
08-06 15:58:50.332 24290 24302 I art     : Explicit concurrent mark sweep GC freed 1856(104KB) AllocSpace objects, 1(20KB) LOS objects, 40% free, 22MB/38MB, paused 483us total 21.990ms
08-06 15:58:50.342 24290 24302 I art     : Starting a blocking GC Explicit
08-06 15:58:50.364 24290 24302 I art     : Explicit concurrent mark sweep GC freed 37(1552B) AllocSpace objects, 0(0B) LOS objects, 40% free, 22MB/38MB, paused 422us total 21.635ms
08-06 15:58:50.375 24290 24302 I art     : Starting a blocking GC Explicit
08-06 15:58:50.396 24290 24302 I art     : Explicit concurrent mark sweep GC freed 3(96B) AllocSpace objects, 0(0B) LOS objects, 40% free, 22MB/38MB, paused 293us total 21.129ms
08-06 15:58:50.407 24290 24302 I art     : Starting a blocking GC Explicit
08-06 15:58:50.428 24290 24302 I art     : Explicit concurrent mark sweep GC freed 32(880B) AllocSpace objects, 0(0B) LOS objects, 40% free, 22MB/38MB, paused 315us total 21.243ms
08-06 15:58:50.439 24290 24302 I art     : Starting a blocking GC Explicit
08-06 15:58:50.461 24290 24302 I art     : Explicit concurrent mark sweep GC freed 9(288B) AllocSpace objects, 0(0B) LOS objects, 40% free, 22MB/38MB, paused 298us total 21.367ms
08-06 15:58:50.638   512  2967 D audio_hw_primary: disable_audio_route: reset and update mixer path: low-latency-playback speaker
08-06 15:58:50.639   512  2967 D audio_hw_primary: disable_snd_device: snd_device(2: speaker)
08-06 15:58:50.648   512  2967 I soundtrigger: audio_extn_sound_trigger_update_device_status: device 0x2 of type 0 for Event 0
08-06 15:58:50.750 24290 24880 I art     : Starting a blocking GC Explicit
08-06 15:58:50.772 24290 24880 I art     : Explicit concurrent mark sweep GC freed 1368(81KB) AllocSpace objects, 1(20KB) LOS objects, 40% free, 22MB/38MB, paused 279us total 22.008ms
08-06 15:58:50.782 24290 24880 I art     : Starting a blocking GC Explicit
08-06 15:58:50.804 24290 24880 I art     : Explicit concurrent mark sweep GC freed 27(880B) AllocSpace objects, 0(0B) LOS objects, 40% free, 22MB/38MB, paused 288us total 21.153ms
08-06 15:58:50.814 24290 24880 I art     : Starting a blocking GC Explicit
08-06 15:58:50.836 24290 24880 I art     : Explicit concurrent mark sweep GC freed 3(96B) AllocSpace objects, 0(0B) LOS objects, 40% free, 22MB/38MB, paused 281us total 21.197ms
08-06 15:58:50.846 24290 24880 I art     : Starting a blocking GC Explicit
08-06 15:58:50.868 24290 24880 I art     : Explicit concurrent mark sweep GC freed 3(96B) AllocSpace objects, 0(0B) LOS objects, 40% free, 22MB/38MB, paused 285us total 21.735ms
08-06 15:58:50.878 24290 24880 I art     : Starting a blocking GC Explicit
08-06 15:58:50.900 24290 24880 I art     : Explicit concurrent mark sweep GC freed 3(96B) AllocSpace objects, 0(0B) LOS objects, 40% free, 22MB/38MB, paused 285us total 21.508ms
08-06 15:58:51.192 24290 24301 I art     : Starting a blocking GC Explicit
08-06 15:58:51.218 24290 24301 I art     : Explicit concurrent mark sweep GC freed 1363(82KB) AllocSpace objects, 1(20KB) LOS objects, 40% free, 22MB/38MB, paused 299us total 25.781ms
08-06 15:58:51.231 24290 24301 I art     : Starting a blocking GC Explicit
08-06 15:58:51.255 24290 24301 I art     : Explicit concurrent mark sweep GC freed 23(752B) AllocSpace objects, 0(0B) LOS objects, 40% free, 22MB/38MB, paused 292us total 23.247ms
08-06 15:58:51.265 24290 24301 I art     : Starting a blocking GC Explicit
08-06 15:58:51.287 24290 24301 I art     : Explicit concurrent mark sweep GC freed 3(96B) AllocSpace objects, 0(0B) LOS objects, 40% free, 22MB/38MB, paused 268us total 21.132ms
08-06 15:58:51.297 24290 24301 I art     : Starting a blocking GC Explicit
08-06 15:58:51.317 24290 24301 I art     : Explicit concurrent mark sweep GC freed 3(96B) AllocSpace objects, 0(0B) LOS objects, 40% free, 22MB/38MB, paused 277us total 20.181ms
08-06 15:58:51.328 24290 24301 I art     : Starting a blocking GC Explicit
08-06 15:58:51.349 24290 24301 I art     : Explicit concurrent mark sweep GC freed 3(96B) AllocSpace objects, 0(0B) LOS objects, 40% free, 22MB/38MB, paused 288us total 20.959ms
08-06 15:58:51.630 24290 24420 I art     : Starting a blocking GC Explicit
08-06 15:58:51.652 24290 24420 I art     : Explicit concurrent mark sweep GC freed 1391(80KB) AllocSpace objects, 1(20KB) LOS objects, 40% free, 22MB/38MB, paused 286us total 21.781ms
08-06 15:58:51.662 24290 24420 I art     : Starting a blocking GC Explicit
08-06 15:58:51.684 24290 24420 I art     : Explicit concurrent mark sweep GC freed 23(752B) AllocSpace objects, 0(0B) LOS objects, 40% free, 22MB/38MB, paused 278us total 20.980ms
08-06 15:58:51.694 24290 24420 I art     : Starting a blocking GC Explicit
08-06 15:58:51.715 24290 24420 I art     : Explicit concurrent mark sweep GC freed 4(128B) AllocSpace objects, 0(0B) LOS objects, 40% free, 22MB/38MB, paused 274us total 20.756ms
08-06 15:58:51.726 24290 24420 I art     : Starting a blocking GC Explicit
08-06 15:58:51.746 24290 24420 I art     : Explicit concurrent mark sweep GC freed 7(224B) AllocSpace objects, 0(0B) LOS objects, 40% free, 22MB/38MB, paused 275us total 20.743ms
08-06 15:58:51.757 24290 24420 I art     : Starting a blocking GC Explicit
08-06 15:58:51.776 24290 24420 I art     : Explicit concurrent mark sweep GC freed 7(224B) AllocSpace objects, 0(0B) LOS objects, 40% free, 22MB/38MB, paused 266us total 18.414ms
08-06 15:58:51.822 24964 24964 D AndroidRuntime: >>>>>> START com.android.internal.os.RuntimeInit uid 2000 <<<<<<
08-06 15:58:51.827 24964 24964 D AndroidRuntime: CheckJNI is OFF
08-06 15:58:51.864 24964 24964 D ICU     : No timezone override file found: /data/misc/zoneinfo/current/icu/icu_tzdata.dat
08-06 15:58:51.903 24964 24964 I Radio-JNI: register_android_hardware_Radio DONE
08-06 15:58:51.931 24964 24964 D AndroidRuntime: Calling main entry com.android.commands.input.Input
08-06 15:58:51.933 24964 24964 I Input   : injectMotionEvent: MotionEvent { action=ACTION_DOWN, actionButton=0, id[0]=0, x[0]=409.0, y[0]=1034.0, toolType[0]=TOOL_TYPE_UNKNOWN, buttonState=0, metaState=0, flags=0x0, edgeFlags=0x0, pointerCount=1, historySize=0, eventTime=892748346, downTime=892748346, deviceId=0, source=0x1002 }
08-06 15:58:51.938 24964 24964 I Input   : injectMotionEvent: MotionEvent { action=ACTION_UP, actionButton=0, id[0]=0, x[0]=409.0, y[0]=1034.0, toolType[0]=TOOL_TYPE_UNKNOWN, buttonState=0, metaState=0, flags=0x0, edgeFlags=0x0, pointerCount=1, historySize=0, eventTime=892748346, downTime=892748346, deviceId=0, source=0x1002 }
08-06 15:58:51.940 24964 24964 D AndroidRuntime: Shutting down VM
08-06 15:58:52.005 24290 24290 D MainActivity: loadFragment(index: 5, args: null)
08-06 15:58:52.005 24290 24290 D MainActivity: loadFragment(tag: AddFeedFragment, args: null)
08-06 15:58:52.005 24290 24290 D MainActivity: saveLastNavFragment(tag: AddFeedFragment)
08-06 15:58:52.006 24290 24290 D MainActivity: getLastNavFragment() -> AddFeedFragment
08-06 15:58:52.006   512  2967 D audio_hw_primary: out_set_parameters: enter: usecase(1: low-latency-playback) kvpairs: routing=2
08-06 15:58:52.019   512  2967 D audio_hw_primary: select_devices: out_snd_device(2: speaker) in_snd_device(0: none)
08-06 15:58:52.019   512  2967 D msm8974_platform: platform_send_audio_calibration: sending audio calibration for snd_device(2) acdb_id(15)
08-06 15:58:52.019   512  2967 I soundtrigger: audio_extn_sound_trigger_update_device_status: device 0x2 of type 0 for Event 1
08-06 15:58:52.029   512  2967 D audio_hw_primary: enable_snd_device: snd_device(2: speaker)
08-06 15:58:52.032   512  2967 D audio_hw_primary: enable_audio_route: apply and update mixer path: low-latency-playback speaker
08-06 15:58:52.044 24290 24420 I art     : Starting a blocking GC Explicit
08-06 15:58:52.071 24290 24420 I art     : Explicit concurrent mark sweep GC freed 3298(198KB) AllocSpace objects, 2(40KB) LOS objects, 40% free, 23MB/38MB, paused 690us total 25.866ms
08-06 15:58:52.081 24290 24420 I art     : Starting a blocking GC Explicit
08-06 15:58:52.103 24290 24420 I art     : Explicit concurrent mark sweep GC freed 359(20KB) AllocSpace objects, 0(0B) LOS objects, 40% free, 23MB/38MB, paused 331us total 21.833ms
08-06 15:58:52.114 24290 24420 I art     : Starting a blocking GC Explicit
08-06 15:58:52.133 24290 24420 I art     : Explicit concurrent mark sweep GC freed 1157(70KB) AllocSpace objects, 2(56KB) LOS objects, 40% free, 22MB/38MB, paused 442us total 19.403ms
08-06 15:58:52.143 24290 24420 I art     : Starting a blocking GC Explicit
08-06 15:58:52.162 24290 24420 I art     : Explicit concurrent mark sweep GC freed 50(2080B) AllocSpace objects, 0(0B) LOS objects, 40% free, 22MB/38MB, paused 262us total 18.699ms
08-06 15:58:52.171 24290 24420 I art     : Starting a blocking GC Explicit
08-06 15:58:52.190 24290 24420 I art     : Explicit concurrent mark sweep GC freed 5(160B) AllocSpace objects, 0(0B) LOS objects, 40% free, 22MB/38MB, paused 252us total 18.657ms
08-06 15:58:52.443 13866 13866 I GoogleInputMethodServic: GoogleInputMethodService.onFinishInput():3138 
08-06 15:58:52.444 13866 13866 I GoogleInputMethodServic: GoogleInputMethodService.onStartInput():1808 
08-06 15:58:52.458 24290 24880 I art     : Starting a blocking GC Explicit
08-06 15:58:52.478 24290 24880 I art     : Explicit concurrent mark sweep GC freed 1528(86KB) AllocSpace objects, 1(20KB) LOS objects, 40% free, 22MB/38MB, paused 270us total 19.774ms
08-06 15:58:52.488 24290 24880 I art     : Starting a blocking GC Explicit
08-06 15:58:52.507 24290 24880 I art     : Explicit concurrent mark sweep GC freed 123(6KB) AllocSpace objects, 0(0B) LOS objects, 40% free, 22MB/38MB, paused 269us total 19.098ms
08-06 15:58:52.517 24290 24880 I art     : Starting a blocking GC Explicit
08-06 15:58:52.536 24290 24880 I art     : Explicit concurrent mark sweep GC freed 3(96B) AllocSpace objects, 0(0B) LOS objects, 40% free, 22MB/38MB, paused 255us total 19.224ms
08-06 15:58:52.546 24290 24880 I art     : Starting a blocking GC Explicit
08-06 15:58:52.565 24290 24880 I art     : Explicit concurrent mark sweep GC freed 3(96B) AllocSpace objects, 0(0B) LOS objects, 40% free, 22MB/38MB, paused 261us total 19.084ms
08-06 15:58:52.569   512  2967 D audio_hw_primary: disable_audio_route: reset and update mixer path: low-latency-playback speaker
08-06 15:58:52.570   512  2967 D audio_hw_primary: disable_snd_device: snd_device(2: speaker)
08-06 15:58:52.575 24290 24880 I art     : Starting a blocking GC Explicit
08-06 15:58:52.578   512  2967 I soundtrigger: audio_extn_sound_trigger_update_device_status: device 0x2 of type 0 for Event 0
08-06 15:58:52.594 24290 24880 I art     : Explicit concurrent mark sweep GC freed 3(96B) AllocSpace objects, 0(0B) LOS objects, 40% free, 22MB/38MB, paused 249us total 18.941ms
08-06 15:58:52.872 24290 24880 I art     : Starting a blocking GC Explicit
08-06 15:58:52.894 24290 24880 I art     : Explicit concurrent mark sweep GC freed 1365(80KB) AllocSpace objects, 1(20KB) LOS objects, 40% free, 22MB/38MB, paused 282us total 22.134ms
08-06 15:58:52.905 24290 24880 I art     : Starting a blocking GC Explicit
08-06 15:58:52.928 24290 24880 I art     : Explicit concurrent mark sweep GC freed 25(816B) AllocSpace objects, 0(0B) LOS objects, 40% free, 22MB/38MB, paused 294us total 22.543ms
08-06 15:58:52.940 24290 24880 I art     : Starting a blocking GC Explicit
08-06 15:58:52.961 24290 24880 I art     : Explicit concurrent mark sweep GC freed 3(96B) AllocSpace objects, 0(0B) LOS objects, 40% free, 22MB/38MB, paused 269us total 21.435ms
08-06 15:58:52.971 24290 24880 I art     : Starting a blocking GC Explicit
08-06 15:58:52.993 24290 24880 I art     : Explicit concurrent mark sweep GC freed 3(96B) AllocSpace objects, 0(0B) LOS objects, 40% free, 22MB/38MB, paused 278us total 21.124ms
08-06 15:58:53.003 24290 24880 I art     : Starting a blocking GC Explicit
08-06 15:58:53.024 24290 24880 I art     : Explicit concurrent mark sweep GC freed 3(96B) AllocSpace objects, 0(0B) LOS objects, 40% free, 22MB/38MB, paused 291us total 21.167ms
08-06 15:58:53.301 24290 24301 I art     : Starting a blocking GC Explicit
08-06 15:58:53.324 24290 24301 I art     : Explicit concurrent mark sweep GC freed 1362(80KB) AllocSpace objects, 1(20KB) LOS objects, 40% free, 22MB/38MB, paused 309us total 22.906ms
08-06 15:58:53.337 24290 24301 I art     : Starting a blocking GC Explicit
08-06 15:58:53.358 24290 24301 I art     : Explicit concurrent mark sweep GC freed 23(752B) AllocSpace objects, 0(0B) LOS objects, 40% free, 22MB/38MB, paused 283us total 20.982ms
08-06 15:58:53.368 24290 24301 I art     : Starting a blocking GC Explicit
08-06 15:58:53.390 24290 24301 I art     : Explicit concurrent mark sweep GC freed 3(96B) AllocSpace objects, 0(0B) LOS objects, 40% free, 22MB/38MB, paused 272us total 21.090ms
08-06 15:58:53.400 24290 24301 I art     : Starting a blocking GC Explicit
08-06 15:58:53.421 24290 24301 I art     : Explicit concurrent mark sweep GC freed 32(880B) AllocSpace objects, 0(0B) LOS objects, 40% free, 22MB/38MB, paused 277us total 20.929ms
08-06 15:58:53.431 24290 24301 I art     : Starting a blocking GC Explicit
08-06 15:58:53.453 24290 24301 I art     : Explicit concurrent mark sweep GC freed 3(96B) AllocSpace objects, 0(0B) LOS objects, 40% free, 22MB/38MB, paused 284us total 22.106ms
08-06 15:58:53.719 25021 25021 D AndroidRuntime: >>>>>> START com.android.internal.os.RuntimeInit uid 2000 <<<<<<
08-06 15:58:53.725 25021 25021 D AndroidRuntime: CheckJNI is OFF
08-06 15:58:53.738 24290 24420 I art     : Starting a blocking GC Explicit
08-06 15:58:53.761 24290 24420 I art     : Explicit concurrent mark sweep GC freed 1373(80KB) AllocSpace objects, 1(20KB) LOS objects, 40% free, 22MB/38MB, paused 281us total 22.403ms
08-06 15:58:53.771 24290 24420 I art     : Starting a blocking GC Explicit
08-06 15:58:53.772 25021 25021 D ICU     : No timezone override file found: /data/misc/zoneinfo/current/icu/icu_tzdata.dat
08-06 15:58:53.793 24290 24420 I art     : Explicit concurrent mark sweep GC freed 27(880B) AllocSpace objects, 0(0B) LOS objects, 40% free, 22MB/38MB, paused 316us total 21.998ms
08-06 15:58:53.803 24290 24420 I art     : Starting a blocking GC Explicit
08-06 15:58:53.817 25021 25021 I Radio-JNI: register_android_hardware_Radio DONE
08-06 15:58:53.825 24290 24420 I art     : Explicit concurrent mark sweep GC freed 7(224B) AllocSpace objects, 0(0B) LOS objects, 40% free, 22MB/38MB, paused 323us total 21.605ms
08-06 15:58:53.836 24290 24420 I art     : Starting a blocking GC Explicit
08-06 15:58:53.847 25021 25021 D AndroidRuntime: Calling main entry com.android.commands.input.Input
08-06 15:58:53.849 25021 25021 I Input   : injectMotionEvent: MotionEvent { action=ACTION_DOWN, actionButton=0, id[0]=0, x[0]=567.0, y[0]=714.0, toolType[0]=TOOL_TYPE_UNKNOWN, buttonState=0, metaState=0, flags=0x0, edgeFlags=0x0, pointerCount=1, historySize=0, eventTime=892750262, downTime=892750262, deviceId=0, source=0x1002 }
08-06 15:58:53.857 25021 25021 I Input   : injectMotionEvent: MotionEvent { action=ACTION_UP, actionButton=0, id[0]=0, x[0]=567.0, y[0]=714.0, toolType[0]=TOOL_TYPE_UNKNOWN, buttonState=0, metaState=0, flags=0x0, edgeFlags=0x0, pointerCount=1, historySize=0, eventTime=892750262, downTime=892750262, deviceId=0, source=0x1002 }
08-06 15:58:53.857 24290 24420 I art     : Explicit concurrent mark sweep GC freed 8(256B) AllocSpace objects, 0(0B) LOS objects, 40% free, 22MB/38MB, paused 326us total 21.559ms
08-06 15:58:53.860 25021 25021 D AndroidRuntime: Shutting down VM
08-06 15:58:53.868 24290 24420 I art     : Starting a blocking GC Explicit
08-06 15:58:53.874   512  2967 D audio_hw_primary: out_set_parameters: enter: usecase(1: low-latency-playback) kvpairs: routing=2
08-06 15:58:53.887   512  2967 D audio_hw_primary: select_devices: out_snd_device(2: speaker) in_snd_device(0: none)
08-06 15:58:53.887   512  2967 D msm8974_platform: platform_send_audio_calibration: sending audio calibration for snd_device(2) acdb_id(15)
08-06 15:58:53.887   512  2967 I soundtrigger: audio_extn_sound_trigger_update_device_status: device 0x2 of type 0 for Event 1
08-06 15:58:53.891 24290 24420 I art     : Explicit concurrent mark sweep GC freed 525(34KB) AllocSpace objects, 0(0B) LOS objects, 40% free, 23MB/38MB, paused 720us total 22.435ms
08-06 15:58:53.897   512  2967 D audio_hw_primary: enable_snd_device: snd_device(2: speaker)
08-06 15:58:53.898 24290 24879 D AntennapodHttpClient: Creating new instance of HTTP client
08-06 15:58:53.900   512  2967 D audio_hw_primary: enable_audio_route: apply and update mixer path: low-latency-playback speaker
08-06 15:58:53.906 13866 13866 I GoogleInputMethodServic: GoogleInputMethodService.onFinishInput():3138 
08-06 15:58:53.906 13866 13866 I GoogleInputMethodServic: GoogleInputMethodService.onStartInput():1808 
08-06 15:58:54.165 24290 24420 I art     : Starting a blocking GC Explicit
08-06 15:58:54.194 24290 24420 I art     : Explicit concurrent mark sweep GC freed 11445(645KB) AllocSpace objects, 4(220KB) LOS objects, 40% free, 23MB/39MB, paused 420us total 27.848ms
08-06 15:58:54.204 24290 24420 I art     : Starting a blocking GC Explicit
08-06 15:58:54.228 24290 24420 I art     : Explicit concurrent mark sweep GC freed 2658(201KB) AllocSpace objects, 1(220KB) LOS objects, 40% free, 23MB/39MB, paused 432us total 24.128ms
08-06 15:58:54.239 24290 24420 I art     : Starting a blocking GC Explicit
08-06 15:58:54.262 24290 24420 I art     : Explicit concurrent mark sweep GC freed 13(480B) AllocSpace objects, 0(0B) LOS objects, 40% free, 23MB/39MB, paused 425us total 22.940ms
08-06 15:58:54.273 24290 24420 I art     : Starting a blocking GC Explicit
08-06 15:58:54.281 24290 24879 I NAPPA_EXPERIMENTATION: MetricNetworkRequestExecutionTime: REQUEST_DURATION_SYSTEM='362',REQUEST_DURATION_OKHTTP='150',REQUEST_SYNCHRONOUS='TRUE',RESPONSE_CODE='400',RESPONSE_METHOD='GET',RESPONSE_LENGTH_OKHTTP='0',RESPONSE_LENGTH_HEADER='0',REQUEST_PROTOCOL='h2',REQUEST_URL='https://itunes.apple.com/en/rss/toppodcasts/limit=25/explicit=true/json',
08-06 15:58:54.296 24290 24420 I art     : Explicit concurrent mark sweep GC freed 380(26KB) AllocSpace objects, 0(0B) LOS objects, 40% free, 23MB/39MB, paused 479us total 23.548ms
08-06 15:58:54.307 24290 24420 I art     : Starting a blocking GC Explicit
08-06 15:58:54.330 24290 24420 I art     : Explicit concurrent mark sweep GC freed 102(5KB) AllocSpace objects, 0(0B) LOS objects, 40% free, 23MB/39MB, paused 417us total 22.192ms
08-06 15:58:54.420 24290 24879 I NAPPA_EXPERIMENTATION: MetricNetworkRequestExecutionTime: REQUEST_DURATION_SYSTEM='137',REQUEST_DURATION_OKHTTP='135',REQUEST_SYNCHRONOUS='TRUE',RESPONSE_CODE='200',RESPONSE_METHOD='GET',RESPONSE_LENGTH_OKHTTP='-1',RESPONSE_LENGTH_HEADER='10075',REQUEST_PROTOCOL='h2',REQUEST_URL='https://itunes.apple.com/us/rss/toppodcasts/limit=25/explicit=true/json',
08-06 15:58:54.439   512  2967 D audio_hw_primary: disable_audio_route: reset and update mixer path: low-latency-playback speaker
08-06 15:58:54.441   512  2967 D audio_hw_primary: disable_snd_device: snd_device(2: speaker)
08-06 15:58:54.449   512  2967 I soundtrigger: audio_extn_sound_trigger_update_device_status: device 0x2 of type 0 for Event 0
08-06 15:58:54.502 24290 24290 D AntennapodHttpClient: Creating new instance of HTTP client
08-06 15:58:54.518 24290 25074 D ApOkHttpUrlLoader: buildLoadData() called with: model = [https://is4-ssl.mzstatic.com/image/thumb/Podcasts114/v4/3f/16/74/3f167426-bf50-ce3a-d709-e4301620fc5b/mza_5832671293059882550.jpeg/170x170bb.png], width = [224], height = [224]
08-06 15:58:54.522 24290 25077 D DBReader: getImageAuthentication() called with: imageUrl = [https://is4-ssl.mzstatic.com/image/thumb/Podcasts114/v4/3f/16/74/3f167426-bf50-ce3a-d709-e4301620fc5b/mza_5832671293059882550.jpeg/170x170bb.png]
08-06 15:58:54.524 24290 25078 D ApOkHttpUrlLoader: buildLoadData() called with: model = [https://is4-ssl.mzstatic.com/image/thumb/Podcasts113/v4/e5/8a/10/e58a108f-f5d0-f622-c94a-13f66edd570c/mza_3025981348644196724.jpg/170x170bb.png], width = [224], height = [224]
08-06 15:58:54.524 24290 25077 D ApOkHttpUrlLoader: no credentials for 'https://is4-ssl.mzstatic.com/image/thumb/Podcasts114/v4/3f/16/74/3f167426-bf50-ce3a-d709-e4301620fc5b/mza_5832671293059882550.jpeg/170x170bb.png'
08-06 15:58:54.526 24290 25080 D DBReader: getImageAuthentication() called with: imageUrl = [https://is4-ssl.mzstatic.com/image/thumb/Podcasts113/v4/e5/8a/10/e58a108f-f5d0-f622-c94a-13f66edd570c/mza_3025981348644196724.jpg/170x170bb.png]
08-06 15:58:54.527 24290 25080 D ApOkHttpUrlLoader: no credentials for 'https://is4-ssl.mzstatic.com/image/thumb/Podcasts113/v4/e5/8a/10/e58a108f-f5d0-f622-c94a-13f66edd570c/mza_3025981348644196724.jpg/170x170bb.png'
08-06 15:58:54.528 24290 25082 D ApOkHttpUrlLoader: buildLoadData() called with: model = [https://is2-ssl.mzstatic.com/image/thumb/Podcasts113/v4/a9/39/cc/a939ccc5-6d60-0c11-0a4c-16d71cdef89b/mza_8787577209688278658.jpg/170x170bb.png], width = [224], height = [224]
08-06 15:58:54.530 24290 25083 D DBReader: getImageAuthentication() called with: imageUrl = [https://is2-ssl.mzstatic.com/image/thumb/Podcasts113/v4/a9/39/cc/a939ccc5-6d60-0c11-0a4c-16d71cdef89b/mza_8787577209688278658.jpg/170x170bb.png]
08-06 15:58:54.531 24290 25083 D ApOkHttpUrlLoader: no credentials for 'https://is2-ssl.mzstatic.com/image/thumb/Podcasts113/v4/a9/39/cc/a939ccc5-6d60-0c11-0a4c-16d71cdef89b/mza_8787577209688278658.jpg/170x170bb.png'
08-06 15:58:54.532 24290 25084 D ApOkHttpUrlLoader: buildLoadData() called with: model = [https://is5-ssl.mzstatic.com/image/thumb/Podcasts114/v4/93/cf/99/93cf9960-fff3-205e-6655-72c03ddeccb2/mza_10545582232493904175.jpeg/170x170bb.png], width = [224], height = [224]
08-06 15:58:54.533 24290 25085 D DBReader: getImageAuthentication() called with: imageUrl = [https://is5-ssl.mzstatic.com/image/thumb/Podcasts114/v4/93/cf/99/93cf9960-fff3-205e-6655-72c03ddeccb2/mza_10545582232493904175.jpeg/170x170bb.png]
08-06 15:58:54.535 24290 25074 D ApOkHttpUrlLoader: buildLoadData() called with: model = [https://is4-ssl.mzstatic.com/image/thumb/Podcasts124/v4/49/a4/91/49a491b7-3daf-c5dc-d7c6-6c4f1486955c/mza_5930014091766152297.png/170x170bb.png], width = [224], height = [224]
08-06 15:58:54.535 24290 25085 D ApOkHttpUrlLoader: no credentials for 'https://is5-ssl.mzstatic.com/image/thumb/Podcasts114/v4/93/cf/99/93cf9960-fff3-205e-6655-72c03ddeccb2/mza_10545582232493904175.jpeg/170x170bb.png'
08-06 15:58:54.536 24290 25086 D DBReader: getImageAuthentication() called with: imageUrl = [https://is4-ssl.mzstatic.com/image/thumb/Podcasts124/v4/49/a4/91/49a491b7-3daf-c5dc-d7c6-6c4f1486955c/mza_5930014091766152297.png/170x170bb.png]
08-06 15:58:54.538 24290 25086 D ApOkHttpUrlLoader: no credentials for 'https://is4-ssl.mzstatic.com/image/thumb/Podcasts124/v4/49/a4/91/49a491b7-3daf-c5dc-d7c6-6c4f1486955c/mza_5930014091766152297.png/170x170bb.png'
08-06 15:58:54.538 24290 25078 D ApOkHttpUrlLoader: buildLoadData() called with: model = [https://is5-ssl.mzstatic.com/image/thumb/Podcasts113/v4/fd/54/6e/fd546ea0-7ab2-e3f0-6049-884d82917af9/mza_4855349695799758348.jpeg/170x170bb.png], width = [224], height = [224]
08-06 15:58:54.540 24290 25087 D DBReader: getImageAuthentication() called with: imageUrl = [https://is5-ssl.mzstatic.com/image/thumb/Podcasts113/v4/fd/54/6e/fd546ea0-7ab2-e3f0-6049-884d82917af9/mza_4855349695799758348.jpeg/170x170bb.png]
08-06 15:58:54.541 24290 25087 D ApOkHttpUrlLoader: no credentials for 'https://is5-ssl.mzstatic.com/image/thumb/Podcasts113/v4/fd/54/6e/fd546ea0-7ab2-e3f0-6049-884d82917af9/mza_4855349695799758348.jpeg/170x170bb.png'
08-06 15:58:54.542 24290 25082 D ApOkHttpUrlLoader: buildLoadData() called with: model = [https://is2-ssl.mzstatic.com/image/thumb/Podcasts114/v4/b3/4c/cf/b34ccfc2-cea4-1ca1-0fad-7793af301cc5/mza_2466085192629456364.jpg/170x170bb.png], width = [224], height = [224]
08-06 15:58:54.545 24290 25088 D DBReader: getImageAuthentication() called with: imageUrl = [https://is2-ssl.mzstatic.com/image/thumb/Podcasts114/v4/b3/4c/cf/b34ccfc2-cea4-1ca1-0fad-7793af301cc5/mza_2466085192629456364.jpg/170x170bb.png]
08-06 15:58:54.546 24290 25088 D ApOkHttpUrlLoader: no credentials for 'https://is2-ssl.mzstatic.com/image/thumb/Podcasts114/v4/b3/4c/cf/b34ccfc2-cea4-1ca1-0fad-7793af301cc5/mza_2466085192629456364.jpg/170x170bb.png'
08-06 15:58:54.604 24290 24302 I art     : Starting a blocking GC Explicit
08-06 15:58:54.634 24290 24302 I art     : Explicit concurrent mark sweep GC freed 14137(885KB) AllocSpace objects, 5(372KB) LOS objects, 39% free, 24MB/40MB, paused 862us total 29.844ms
08-06 15:58:54.644 24290 24302 I art     : Starting a blocking GC Explicit
08-06 15:58:54.671 24290 24302 I art     : Explicit concurrent mark sweep GC freed 259(11KB) AllocSpace objects, 0(0B) LOS objects, 39% free, 24MB/40MB, paused 880us total 26.540ms
08-06 15:58:54.682 24290 24302 I art     : Starting a blocking GC Explicit
08-06 15:58:54.709 24290 24302 I art     : Explicit concurrent mark sweep GC freed 33(1440B) AllocSpace objects, 0(0B) LOS objects, 39% free, 24MB/40MB, paused 1.088ms total 26.687ms
08-06 15:58:54.719 24290 24302 I art     : Starting a blocking GC Explicit
08-06 15:58:54.753 24290 24302 I art     : Explicit concurrent mark sweep GC freed 20087(946KB) AllocSpace objects, 2(120KB) LOS objects, 39% free, 24MB/40MB, paused 1.235ms total 33.529ms
08-06 15:58:54.769 24290 24302 I art     : Starting a blocking GC Explicit
08-06 15:58:54.797 24290 24302 I art     : Explicit concurrent mark sweep GC freed 7335(410KB) AllocSpace objects, 1(80KB) LOS objects, 39% free, 24MB/40MB, paused 993us total 28.320ms
08-06 15:58:54.961 24290 25077 D MYTAG   : interceptor 2a
08-06 15:58:54.962 24290 25077 I NAPPA_EXPERIMENTATION: MetricNetworkRequestExecutionTime: REQUEST_DURATION_SYSTEM='436',REQUEST_DURATION_OKHTTP='206',REQUEST_SYNCHRONOUS='TRUE',RESPONSE_CODE='200',RESPONSE_METHOD='GET',RESPONSE_LENGTH_OKHTTP='26177',RESPONSE_LENGTH_HEADER='26177',REQUEST_PROTOCOL='h2',REQUEST_URL='https://is4-ssl.mzstatic.com/image/thumb/Podcasts114/v4/3f/16/74/3f167426-bf50-ce3a-d709-e4301620fc5b/mza_5832671293059882550.jpeg/170x170bb.png',
08-06 15:58:55.009 24290 25086 D MYTAG   : interceptor 2a
08-06 15:58:55.010 24290 25086 I NAPPA_EXPERIMENTATION: MetricNetworkRequestExecutionTime: REQUEST_DURATION_SYSTEM='471',REQUEST_DURATION_OKHTTP='233',REQUEST_SYNCHRONOUS='TRUE',RESPONSE_CODE='200',RESPONSE_METHOD='GET',RESPONSE_LENGTH_OKHTTP='12000',RESPONSE_LENGTH_HEADER='12000',REQUEST_PROTOCOL='h2',REQUEST_URL='https://is4-ssl.mzstatic.com/image/thumb/Podcasts124/v4/49/a4/91/49a491b7-3daf-c5dc-d7c6-6c4f1486955c/mza_5930014091766152297.png/170x170bb.png',
08-06 15:58:55.030 24290 25080 D MYTAG   : interceptor 2a
08-06 15:58:55.030 24290 25080 I NAPPA_EXPERIMENTATION: MetricNetworkRequestExecutionTime: REQUEST_DURATION_SYSTEM='503',REQUEST_DURATION_OKHTTP='257',REQUEST_SYNCHRONOUS='TRUE',RESPONSE_CODE='200',RESPONSE_METHOD='GET',RESPONSE_LENGTH_OKHTTP='45995',RESPONSE_LENGTH_HEADER='45995',REQUEST_PROTOCOL='h2',REQUEST_URL='https://is4-ssl.mzstatic.com/image/thumb/Podcasts113/v4/e5/8a/10/e58a108f-f5d0-f622-c94a-13f66edd570c/mza_3025981348644196724.jpg/170x170bb.png',
08-06 15:58:55.031 24290 25088 D MYTAG   : interceptor 2a
08-06 15:58:55.031 24290 25088 I NAPPA_EXPERIMENTATION: MetricNetworkRequestExecutionTime: REQUEST_DURATION_SYSTEM='485',REQUEST_DURATION_OKHTTP='267',REQUEST_SYNCHRONOUS='TRUE',RESPONSE_CODE='200',RESPONSE_METHOD='GET',RESPONSE_LENGTH_OKHTTP='42299',RESPONSE_LENGTH_HEADER='42299',REQUEST_PROTOCOL='h2',REQUEST_URL='https://is2-ssl.mzstatic.com/image/thumb/Podcasts114/v4/b3/4c/cf/b34ccfc2-cea4-1ca1-0fad-7793af301cc5/mza_2466085192629456364.jpg/170x170bb.png',
08-06 15:58:55.032   918  3188 I hubconnection: sensorhub said: 'set_bias 3: -6.7584, 0.0000, 0.0000'
08-06 15:58:55.039 24290 25087 D MYTAG   : interceptor 2a
08-06 15:58:55.039 24290 25087 I NAPPA_EXPERIMENTATION: MetricNetworkRequestExecutionTime: REQUEST_DURATION_SYSTEM='498',REQUEST_DURATION_OKHTTP='272',REQUEST_SYNCHRONOUS='TRUE',RESPONSE_CODE='200',RESPONSE_METHOD='GET',RESPONSE_LENGTH_OKHTTP='54835',RESPONSE_LENGTH_HEADER='54835',REQUEST_PROTOCOL='h2',REQUEST_URL='https://is5-ssl.mzstatic.com/image/thumb/Podcasts113/v4/fd/54/6e/fd546ea0-7ab2-e3f0-6049-884d82917af9/mza_4855349695799758348.jpeg/170x170bb.png',
08-06 15:58:55.062 24290 25083 D MYTAG   : interceptor 2a
08-06 15:58:55.063 24290 25083 I NAPPA_EXPERIMENTATION: MetricNetworkRequestExecutionTime: REQUEST_DURATION_SYSTEM='531',REQUEST_DURATION_OKHTTP='289',REQUEST_SYNCHRONOUS='TRUE',RESPONSE_CODE='200',RESPONSE_METHOD='GET',RESPONSE_LENGTH_OKHTTP='48239',RESPONSE_LENGTH_HEADER='48239',REQUEST_PROTOCOL='h2',REQUEST_URL='https://is2-ssl.mzstatic.com/image/thumb/Podcasts113/v4/a9/39/cc/a939ccc5-6d60-0c11-0a4c-16d71cdef89b/mza_8787577209688278658.jpg/170x170bb.png',
08-06 15:58:55.074 24290 25085 D MYTAG   : interceptor 2a
08-06 15:58:55.074 24290 25085 I NAPPA_EXPERIMENTATION: MetricNetworkRequestExecutionTime: REQUEST_DURATION_SYSTEM='539',REQUEST_DURATION_OKHTTP='305',REQUEST_SYNCHRONOUS='TRUE',RESPONSE_CODE='200',RESPONSE_METHOD='GET',RESPONSE_LENGTH_OKHTTP='22351',RESPONSE_LENGTH_HEADER='22351',REQUEST_PROTOCOL='h2',REQUEST_URL='https://is5-ssl.mzstatic.com/image/thumb/Podcasts114/v4/93/cf/99/93cf9960-fff3-205e-6655-72c03ddeccb2/mza_10545582232493904175.jpeg/170x170bb.png',
08-06 15:58:55.079 24290 24302 I art     : Starting a blocking GC Explicit
08-06 15:58:55.106 24290 24302 I art     : Explicit concurrent mark sweep GC freed 5396(397KB) AllocSpace objects, 1(20KB) LOS objects, 38% free, 26MB/42MB, paused 862us total 26.456ms
08-06 15:58:55.117 24290 24302 I art     : Starting a blocking GC Explicit
08-06 15:58:55.141 24290 24302 I art     : Explicit concurrent mark sweep GC freed 492(19KB) AllocSpace objects, 0(0B) LOS objects, 38% free, 25MB/41MB, paused 655us total 24.449ms
08-06 15:58:55.152 24290 24302 I art     : Starting a blocking GC Explicit
08-06 15:58:55.179 24290 24302 I art     : Explicit concurrent mark sweep GC freed 9(528B) AllocSpace objects, 0(0B) LOS objects, 38% free, 25MB/41MB, paused 707us total 26.525ms
08-06 15:58:55.189 24290 24302 I art     : Starting a blocking GC Explicit
08-06 15:58:55.217 24290 24302 I art     : Explicit concurrent mark sweep GC freed 3(96B) AllocSpace objects, 0(0B) LOS objects, 38% free, 25MB/41MB, paused 774us total 27.287ms
08-06 15:58:55.228 24290 24302 I art     : Starting a blocking GC Explicit
08-06 15:58:55.256 24290 24302 I art     : Explicit concurrent mark sweep GC freed 3(96B) AllocSpace objects, 0(0B) LOS objects, 38% free, 25MB/41MB, paused 715us total 27.645ms
08-06 15:58:55.564 24290 24301 I art     : Starting a blocking GC Explicit
08-06 15:58:55.598 24290 24301 I art     : Explicit concurrent mark sweep GC freed 1392(80KB) AllocSpace objects, 1(20KB) LOS objects, 38% free, 25MB/41MB, paused 999us total 34.127ms
08-06 15:58:55.612 24290 24301 I art     : Starting a blocking GC Explicit
08-06 15:58:55.642 24290 24301 I art     : Explicit concurrent mark sweep GC freed 23(752B) AllocSpace objects, 0(0B) LOS objects, 38% free, 25MB/41MB, paused 698us total 29.726ms
08-06 15:58:55.653 24290 24301 I art     : Starting a blocking GC Explicit
08-06 15:58:55.684 24290 24301 I art     : Explicit concurrent mark sweep GC freed 3(96B) AllocSpace objects, 0(0B) LOS objects, 38% free, 25MB/41MB, paused 728us total 30.238ms
08-06 15:58:55.695 24290 24301 I art     : Starting a blocking GC Explicit
08-06 15:58:55.726 24290 24301 I art     : Explicit concurrent mark sweep GC freed 3(96B) AllocSpace objects, 0(0B) LOS objects, 38% free, 25MB/41MB, paused 729us total 30.413ms
08-06 15:58:55.738 24290 24301 I art     : Starting a blocking GC Explicit
08-06 15:58:55.767 24290 24301 I art     : Explicit concurrent mark sweep GC freed 3(96B) AllocSpace objects, 0(0B) LOS objects, 38% free, 25MB/41MB, paused 694us total 28.461ms
08-06 15:58:56.100 24290 24302 I art     : Starting a blocking GC Explicit
08-06 15:58:56.133 24290 24302 I art     : Explicit concurrent mark sweep GC freed 1370(80KB) AllocSpace objects, 1(20KB) LOS objects, 38% free, 25MB/41MB, paused 708us total 32.664ms
08-06 15:58:56.144 24290 24302 I art     : Starting a blocking GC Explicit
08-06 15:58:56.173 24290 24302 I art     : Explicit concurrent mark sweep GC freed 29(944B) AllocSpace objects, 0(0B) LOS objects, 38% free, 25MB/41MB, paused 682us total 28.469ms
08-06 15:58:56.185 24290 24302 I art     : Starting a blocking GC Explicit
08-06 15:58:56.213 24290 24302 I art     : Explicit concurrent mark sweep GC freed 7(224B) AllocSpace objects, 0(0B) LOS objects, 38% free, 25MB/41MB, paused 669us total 27.958ms
08-06 15:58:56.225 24290 24302 I art     : Starting a blocking GC Explicit
08-06 15:58:56.253 24290 24302 I art     : Explicit concurrent mark sweep GC freed 8(256B) AllocSpace objects, 0(0B) LOS objects, 38% free, 25MB/41MB, paused 681us total 27.490ms
08-06 15:58:56.264 24290 24302 I art     : Starting a blocking GC Explicit
08-06 15:58:56.291 24290 24302 I art     : Explicit concurrent mark sweep GC freed 8(256B) AllocSpace objects, 0(0B) LOS objects, 38% free, 25MB/41MB, paused 687us total 26.812ms
08-06 15:58:56.622 24290 24302 I art     : Starting a blocking GC Explicit
08-06 15:58:56.656 24290 24302 I art     : Explicit concurrent mark sweep GC freed 1395(80KB) AllocSpace objects, 1(20KB) LOS objects, 38% free, 25MB/41MB, paused 739us total 33.135ms
08-06 15:58:56.669 24290 24302 I art     : Starting a blocking GC Explicit
08-06 15:58:56.699 24290 24302 I art     : Explicit concurrent mark sweep GC freed 23(752B) AllocSpace objects, 0(0B) LOS objects, 38% free, 25MB/41MB, paused 737us total 29.690ms
08-06 15:58:56.710 24290 24302 I art     : Starting a blocking GC Explicit
08-06 15:58:56.740 24290 24302 I art     : Explicit concurrent mark sweep GC freed 3(96B) AllocSpace objects, 0(0B) LOS objects, 38% free, 25MB/41MB, paused 733us total 30.039ms
08-06 15:58:56.752 24290 24302 I art     : Starting a blocking GC Explicit
08-06 15:58:56.782 24290 24302 I art     : Explicit concurrent mark sweep GC freed 3(96B) AllocSpace objects, 0(0B) LOS objects, 38% free, 25MB/41MB, paused 730us total 29.415ms
08-06 15:58:56.793 24290 24302 I art     : Starting a blocking GC Explicit
08-06 15:58:56.824 24290 24302 I art     : Explicit concurrent mark sweep GC freed 3(96B) AllocSpace objects, 0(0B) LOS objects, 38% free, 25MB/41MB, paused 704us total 30.415ms
08-06 15:58:57.162 24290 24880 I art     : Starting a blocking GC Explicit
08-06 15:58:57.197 24290 24880 I art     : Explicit concurrent mark sweep GC freed 1363(80KB) AllocSpace objects, 1(20KB) LOS objects, 38% free, 25MB/41MB, paused 770us total 33.996ms
08-06 15:58:57.210 24290 24880 I art     : Starting a blocking GC Explicit
08-06 15:58:57.240 24290 24880 I art     : Explicit concurrent mark sweep GC freed 23(752B) AllocSpace objects, 0(0B) LOS objects, 38% free, 25MB/41MB, paused 698us total 29.719ms
08-06 15:58:57.251 24290 24880 I art     : Starting a blocking GC Explicit
08-06 15:58:57.281 24290 24880 I art     : Explicit concurrent mark sweep GC freed 3(96B) AllocSpace objects, 0(0B) LOS objects, 38% free, 25MB/41MB, paused 723us total 29.785ms
08-06 15:58:57.293 24290 24880 I art     : Starting a blocking GC Explicit
08-06 15:58:57.323 24290 24880 I art     : Explicit concurrent mark sweep GC freed 3(96B) AllocSpace objects, 0(0B) LOS objects, 38% free, 25MB/41MB, paused 723us total 30.460ms
08-06 15:58:57.335 24290 24880 I art     : Starting a blocking GC Explicit
08-06 15:58:57.365 24290 24880 I art     : Explicit concurrent mark sweep GC freed 3(96B) AllocSpace objects, 0(0B) LOS objects, 38% free, 25MB/41MB, paused 675us total 29.505ms
08-06 15:58:57.718 24290 24301 I art     : Starting a blocking GC Explicit
08-06 15:58:57.757 24290 24301 I art     : Explicit concurrent mark sweep GC freed 1392(80KB) AllocSpace objects, 1(20KB) LOS objects, 38% free, 25MB/41MB, paused 766us total 38.513ms
08-06 15:58:57.772 24290 24301 I art     : Starting a blocking GC Explicit
08-06 15:58:57.803 24290 24301 I art     : Explicit concurrent mark sweep GC freed 23(752B) AllocSpace objects, 0(0B) LOS objects, 38% free, 25MB/41MB, paused 740us total 30.745ms
08-06 15:58:57.814 24290 24301 I art     : Starting a blocking GC Explicit
08-06 15:58:57.845 24290 24301 I art     : Explicit concurrent mark sweep GC freed 3(96B) AllocSpace objects, 0(0B) LOS objects, 38% free, 25MB/41MB, paused 732us total 30.232ms
08-06 15:58:57.856 24290 24301 I art     : Starting a blocking GC Explicit
08-06 15:58:57.884 24290 24301 I art     : Explicit concurrent mark sweep GC freed 3(96B) AllocSpace objects, 0(0B) LOS objects, 38% free, 25MB/41MB, paused 669us total 27.417ms
08-06 15:58:57.895 24290 24301 I art     : Starting a blocking GC Explicit
08-06 15:58:57.921 24290 24301 I art     : Explicit concurrent mark sweep GC freed 3(96B) AllocSpace objects, 0(0B) LOS objects, 38% free, 25MB/41MB, paused 665us total 26.019ms
08-06 15:58:57.922 24290 24300 I art     : WaitForGcToComplete blocked for 26.297ms for cause HeapTrim
08-06 15:58:58.254 24290 24420 I art     : Starting a blocking GC Explicit
08-06 15:58:58.288 24290 24420 I art     : Explicit concurrent mark sweep GC freed 1363(80KB) AllocSpace objects, 1(20KB) LOS objects, 38% free, 25MB/41MB, paused 866us total 33.524ms
08-06 15:58:58.300 24290 24420 I art     : Starting a blocking GC Explicit
08-06 15:58:58.328 24290 24420 I art     : Explicit concurrent mark sweep GC freed 23(752B) AllocSpace objects, 0(0B) LOS objects, 38% free, 25MB/41MB, paused 730us total 27.940ms
08-06 15:58:58.340 24290 24420 I art     : Starting a blocking GC Explicit
08-06 15:58:58.370 24290 24420 I art     : Explicit concurrent mark sweep GC freed 3(96B) AllocSpace objects, 0(0B) LOS objects, 38% free, 25MB/41MB, paused 678us total 30.306ms
08-06 15:58:58.382 24290 24420 I art     : Starting a blocking GC Explicit
08-06 15:58:58.412 24290 24420 I art     : Explicit concurrent mark sweep GC freed 3(96B) AllocSpace objects, 0(0B) LOS objects, 38% free, 25MB/41MB, paused 723us total 30.229ms
08-06 15:58:58.424 24290 24420 I art     : Starting a blocking GC Explicit
08-06 15:58:58.454 24290 24420 I art     : Explicit concurrent mark sweep GC freed 32(880B) AllocSpace objects, 0(0B) LOS objects, 38% free, 25MB/41MB, paused 725us total 30.280ms
08-06 15:58:58.792 24290 24302 I art     : Starting a blocking GC Explicit
08-06 15:58:58.828 24290 24302 I art     : Explicit concurrent mark sweep GC freed 1363(80KB) AllocSpace objects, 1(20KB) LOS objects, 38% free, 25MB/41MB, paused 765us total 34.877ms
08-06 15:58:58.843 24290 24302 I art     : Starting a blocking GC Explicit
08-06 15:58:58.873 24290 24302 I art     : Explicit concurrent mark sweep GC freed 23(752B) AllocSpace objects, 0(0B) LOS objects, 38% free, 25MB/41MB, paused 709us total 29.333ms
08-06 15:58:58.881 22397 22397 I ServiceManager: Waiting for service AtCmdFwd...
08-06 15:58:58.884 24290 24302 I art     : Starting a blocking GC Explicit
08-06 15:58:58.915 24290 24302 I art     : Explicit concurrent mark sweep GC freed 3(96B) AllocSpace objects, 0(0B) LOS objects, 38% free, 25MB/41MB, paused 738us total 30.567ms
08-06 15:58:58.926 24290 24302 I art     : Starting a blocking GC Explicit
08-06 15:58:58.957 24290 24302 I art     : Explicit concurrent mark sweep GC freed 3(96B) AllocSpace objects, 0(0B) LOS objects, 38% free, 25MB/41MB, paused 804us total 30.335ms
08-06 15:58:58.969 24290 24302 I art     : Starting a blocking GC Explicit
08-06 15:58:58.998 24290 24302 I art     : Explicit concurrent mark sweep GC freed 3(96B) AllocSpace objects, 0(0B) LOS objects, 38% free, 25MB/41MB, paused 756us total 28.923ms
08-06 15:58:59.338 24290 24880 I art     : Starting a blocking GC Explicit
08-06 15:58:59.374 24290 24880 I art     : Explicit concurrent mark sweep GC freed 1363(80KB) AllocSpace objects, 1(20KB) LOS objects, 38% free, 25MB/41MB, paused 744us total 35.658ms
08-06 15:58:59.385 24290 24880 I art     : Starting a blocking GC Explicit
08-06 15:58:59.416 24290 24880 I art     : Explicit concurrent mark sweep GC freed 23(752B) AllocSpace objects, 0(0B) LOS objects, 38% free, 25MB/41MB, paused 713us total 30.364ms
08-06 15:58:59.428 24290 24880 I art     : Starting a blocking GC Explicit
08-06 15:58:59.458 24290 24880 I art     : Explicit concurrent mark sweep GC freed 32(880B) AllocSpace objects, 0(0B) LOS objects, 38% free, 25MB/41MB, paused 692us total 30.413ms
08-06 15:58:59.470 24290 24880 I art     : Starting a blocking GC Explicit
08-06 15:58:59.499 24290 24880 I art     : Explicit concurrent mark sweep GC freed 3(96B) AllocSpace objects, 0(0B) LOS objects, 38% free, 25MB/41MB, paused 738us total 29.044ms
08-06 15:58:59.511 24290 24880 I art     : Starting a blocking GC Explicit
08-06 15:58:59.540 24290 24880 I art     : Explicit concurrent mark sweep GC freed 3(96B) AllocSpace objects, 0(0B) LOS objects, 38% free, 25MB/41MB, paused 715us total 29.407ms
08-06 15:58:59.871 24290 24301 I art     : Starting a blocking GC Explicit
08-06 15:58:59.882 22397 22397 I ServiceManager: Waiting for service AtCmdFwd...
08-06 15:58:59.906 24290 24301 I art     : Explicit concurrent mark sweep GC freed 1363(80KB) AllocSpace objects, 1(20KB) LOS objects, 38% free, 25MB/41MB, paused 755us total 34.828ms
08-06 15:58:59.919 24290 24301 I art     : Starting a blocking GC Explicit
08-06 15:58:59.949 24290 24301 I art     : Explicit concurrent mark sweep GC freed 23(752B) AllocSpace objects, 0(0B) LOS objects, 38% free, 25MB/41MB, paused 761us total 29.582ms
08-06 15:58:59.960 24290 24301 I art     : Starting a blocking GC Explicit
08-06 15:58:59.989 24290 24301 I art     : Explicit concurrent mark sweep GC freed 3(96B) AllocSpace objects, 0(0B) LOS objects, 38% free, 25MB/41MB, paused 723us total 28.907ms
08-06 15:59:00.001 24290 24301 I art     : Starting a blocking GC Explicit
08-06 15:59:00.028 24290 24301 I art     : Explicit concurrent mark sweep GC freed 3(96B) AllocSpace objects, 0(0B) LOS objects, 38% free, 25MB/41MB, paused 766us total 26.829ms
08-06 15:59:00.039 24290 24301 I art     : Starting a blocking GC Explicit
08-06 15:59:00.065 24290 24301 I art     : Explicit concurrent mark sweep GC freed 3(96B) AllocSpace objects, 0(0B) LOS objects, 38% free, 25MB/41MB, paused 673us total 25.377ms
08-06 15:59:00.342 24290 24420 I art     : Starting a blocking GC Explicit
08-06 15:59:00.369 24290 24420 I art     : Explicit concurrent mark sweep GC freed 1363(80KB) AllocSpace objects, 1(20KB) LOS objects, 38% free, 25MB/41MB, paused 691us total 26.658ms
08-06 15:59:00.380 24290 24420 I art     : Starting a blocking GC Explicit
08-06 15:59:00.408 24290 24420 I art     : Explicit concurrent mark sweep GC freed 23(752B) AllocSpace objects, 0(0B) LOS objects, 38% free, 25MB/41MB, paused 728us total 27.470ms
08-06 15:59:00.419 24290 24420 I art     : Starting a blocking GC Explicit
08-06 15:59:00.446 24290 24420 I art     : Explicit concurrent mark sweep GC freed 32(880B) AllocSpace objects, 0(0B) LOS objects, 38% free, 25MB/41MB, paused 717us total 26.575ms
08-06 15:59:00.457 24290 24420 I art     : Starting a blocking GC Explicit
08-06 15:59:00.484 24290 24420 I art     : Explicit concurrent mark sweep GC freed 3(96B) AllocSpace objects, 0(0B) LOS objects, 38% free, 25MB/41MB, paused 709us total 26.553ms
08-06 15:59:00.495 24290 24420 I art     : Starting a blocking GC Explicit
08-06 15:59:00.524 24290 24420 I art     : Explicit concurrent mark sweep GC freed 3(96B) AllocSpace objects, 0(0B) LOS objects, 38% free, 25MB/41MB, paused 701us total 29.026ms
08-06 15:59:00.627 25203 25203 D AndroidRuntime: >>>>>> START com.android.internal.os.RuntimeInit uid 2000 <<<<<<
08-06 15:59:00.634 25203 25203 D AndroidRuntime: CheckJNI is OFF
08-06 15:59:00.681 25203 25203 D ICU     : No timezone override file found: /data/misc/zoneinfo/current/icu/icu_tzdata.dat
08-06 15:59:00.725 25203 25203 I Radio-JNI: register_android_hardware_Radio DONE
08-06 15:59:00.754 25203 25203 D AndroidRuntime: Calling main entry com.android.commands.input.Input
08-06 15:59:00.756 25203 25203 I Input   : injectMotionEvent: MotionEvent { action=ACTION_DOWN, actionButton=0, id[0]=0, x[0]=616.0, y[0]=469.0, toolType[0]=TOOL_TYPE_UNKNOWN, buttonState=0, metaState=0, flags=0x0, edgeFlags=0x0, pointerCount=1, historySize=0, eventTime=892757169, downTime=892757169, deviceId=0, source=0x1002 }
08-06 15:59:00.761 25203 25203 I Input   : injectMotionEvent: MotionEvent { action=ACTION_UP, actionButton=0, id[0]=0, x[0]=616.0, y[0]=469.0, toolType[0]=TOOL_TYPE_UNKNOWN, buttonState=0, metaState=0, flags=0x0, edgeFlags=0x0, pointerCount=1, historySize=0, eventTime=892757169, downTime=892757169, deviceId=0, source=0x1002 }
08-06 15:59:00.763 25203 25203 D AndroidRuntime: Shutting down VM
08-06 15:59:00.830   512  2967 D audio_hw_primary: out_set_parameters: enter: usecase(1: low-latency-playback) kvpairs: routing=2
08-06 15:59:00.837 24290 24420 I art     : Starting a blocking GC Explicit
08-06 15:59:00.844   512  2967 D audio_hw_primary: select_devices: out_snd_device(2: speaker) in_snd_device(0: none)
08-06 15:59:00.844   512  2967 D msm8974_platform: platform_send_audio_calibration: sending audio calibration for snd_device(2) acdb_id(15)
08-06 15:59:00.844   512  2967 I soundtrigger: audio_extn_sound_trigger_update_device_status: device 0x2 of type 0 for Event 1
08-06 15:59:00.855   512  2967 D audio_hw_primary: enable_snd_device: snd_device(2: speaker)
08-06 15:59:00.857   512  2967 D audio_hw_primary: enable_audio_route: apply and update mixer path: low-latency-playback speaker
08-06 15:59:00.871 24290 24420 I art     : Explicit concurrent mark sweep GC freed 1600(90KB) AllocSpace objects, 1(20KB) LOS objects, 38% free, 25MB/41MB, paused 819us total 33.395ms
08-06 15:59:00.882 22397 22397 I ServiceManager: Waiting for service AtCmdFwd...
08-06 15:59:00.883 24290 24420 I art     : Starting a blocking GC Explicit
08-06 15:59:00.911 24290 24420 I art     : Explicit concurrent mark sweep GC freed 42(1520B) AllocSpace objects, 0(0B) LOS objects, 38% free, 25MB/41MB, paused 838us total 27.598ms
08-06 15:59:00.922 24290 24420 I art     : Starting a blocking GC Explicit
08-06 15:59:00.948 24290 24420 I art     : Explicit concurrent mark sweep GC freed 15(544B) AllocSpace objects, 0(0B) LOS objects, 38% free, 25MB/41MB, paused 794us total 25.583ms
08-06 15:59:00.959 24290 24420 I art     : Starting a blocking GC Explicit
08-06 15:59:00.986 24290 24420 I art     : Explicit concurrent mark sweep GC freed 12(432B) AllocSpace objects, 0(0B) LOS objects, 38% free, 25MB/41MB, paused 795us total 27.416ms
08-06 15:59:00.997 24290 24420 I art     : Starting a blocking GC Explicit
08-06 15:59:01.024 24290 24420 I art     : Explicit concurrent mark sweep GC freed 12(464B) AllocSpace objects, 0(0B) LOS objects, 38% free, 25MB/41MB, paused 751us total 26.614ms
08-06 15:59:01.079 24290 24316 I NAPPA_EXPERIMENTATION: MetricNetworkRequestExecutionTime: REQUEST_DURATION_SYSTEM='250',REQUEST_DURATION_OKHTTP='249',REQUEST_SYNCHRONOUS='TRUE',RESPONSE_CODE='200',RESPONSE_METHOD='GET',RESPONSE_LENGTH_OKHTTP='-1',RESPONSE_LENGTH_HEADER='628',REQUEST_PROTOCOL='h2',REQUEST_URL='https://itunes.apple.com/lookup?id=1524080195',
08-06 15:59:01.095   918  6111 I ActivityManager: START u0 {cmp=baseline.de.danoeh.antennapod.debug/baseline.de.danoeh.antennapod.activity.OnlineFeedViewActivity (has extras)} from uid 10711 on display 0
08-06 15:59:01.115 13866 13866 I GoogleInputMethodServic: GoogleInputMethodService.onFinishInput():3138 
08-06 15:59:01.116 13866 13866 I GoogleInputMethodServic: GoogleInputMethodService.onStartInput():1808 
08-06 15:59:01.142 24290 24290 D UserPreferences: Using default data folder
08-06 15:59:01.160 24290 24290 D OnlineFeedViewActivity: Activity was started with url https://rss.art19.com/nice-white-parents
08-06 15:59:01.163 24290 24290 D OnlineFeedViewActivity: Starting feed download
08-06 15:59:01.185 24290 24310 D DBReader: Extracting Feedlist
08-06 15:59:01.189   918  3714 D WifiService: acquireWifiLockLocked: WifiLock{Downloader type=1 binder=android.os.BinderProxy@ffc8961}
08-06 15:59:01.197 24290 24310 D AntennapodHttpClient: Creating new instance of HTTP client
08-06 15:59:01.236 13866 13866 I GoogleInputMethodServic: GoogleInputMethodService.onFinishInput():3138 
08-06 15:59:01.237 13866 13866 I GoogleInputMethodServic: GoogleInputMethodService.onStartInput():1808 
08-06 15:59:01.266   918   936 I ActivityManager: Displayed baseline.de.danoeh.antennapod.debug/baseline.de.danoeh.antennapod.activity.OnlineFeedViewActivity: +150ms
08-06 15:59:01.308 24290 24420 I art     : Starting a blocking GC Explicit
08-06 15:59:01.337 24290 24420 I art     : Explicit concurrent mark sweep GC freed 3889(246KB) AllocSpace objects, 1(20KB) LOS objects, 37% free, 26MB/42MB, paused 729us total 28.437ms
08-06 15:59:01.348 24290 24420 I art     : Starting a blocking GC Explicit
08-06 15:59:01.374 24290 24420 I art     : Explicit concurrent mark sweep GC freed 343(15KB) AllocSpace objects, 0(0B) LOS objects, 37% free, 26MB/42MB, paused 737us total 26.470ms
08-06 15:59:01.387 24290 24420 I art     : Starting a blocking GC Explicit
08-06 15:59:01.399   512  2967 D audio_hw_primary: disable_audio_route: reset and update mixer path: low-latency-playback speaker
08-06 15:59:01.400   512  2967 D audio_hw_primary: disable_snd_device: snd_device(2: speaker)
08-06 15:59:01.410   512  2967 I soundtrigger: audio_extn_sound_trigger_update_device_status: device 0x2 of type 0 for Event 0
08-06 15:59:01.420 24290 24420 I art     : Explicit concurrent mark sweep GC freed 4174(205KB) AllocSpace objects, 2(120KB) LOS objects, 37% free, 26MB/42MB, paused 1.277ms total 33.041ms
08-06 15:59:01.432 24290 24420 I art     : Starting a blocking GC Explicit
08-06 15:59:01.460 24290 24420 I art     : Explicit concurrent mark sweep GC freed 1482(131KB) AllocSpace objects, 1(80KB) LOS objects, 37% free, 26MB/42MB, paused 938us total 28.503ms
08-06 15:59:01.472 24290 24420 I art     : Starting a blocking GC Explicit
08-06 15:59:01.502 24290 24420 I art     : Explicit concurrent mark sweep GC freed 39(3KB) AllocSpace objects, 0(0B) LOS objects, 37% free, 26MB/42MB, paused 795us total 29.745ms
08-06 15:59:01.510   380   380 W SurfaceFlinger: couldn't log to binary event log: overflow.
08-06 15:59:01.517   518   646 I ThermalEngine: ACTION: GPU - Setting GPU[0] to 510000000
08-06 15:59:01.560 24290 24310 D MYTAG   : interceptor 3a https://rss.art19.com/nice-white-parents
08-06 15:59:01.560 24290 24310 I NAPPA_EXPERIMENTATION: MetricNetworkRequestExecutionTime: REQUEST_DURATION_SYSTEM='361',REQUEST_DURATION_OKHTTP='143',REQUEST_SYNCHRONOUS='TRUE',RESPONSE_CODE='200',RESPONSE_METHOD='GET',RESPONSE_LENGTH_OKHTTP='-1',RESPONSE_LENGTH_HEADER='1803',REQUEST_PROTOCOL='h2',REQUEST_URL='https://rss.art19.com/nice-white-parents',
08-06 15:59:01.560 24290 24310 D HttpDownloader: Response code is 200
08-06 15:59:01.561 24290 24310 D UserPreferences: Using default data folder
08-06 15:59:01.563 24290 24310 D HttpDownloader: Getting size of download
08-06 15:59:01.563 24290 24310 D HttpDownloader: Size is -1
08-06 15:59:01.563 24290 24310 D UserPreferences: Using default data folder
08-06 15:59:01.563 24290 24310 D HttpDownloader: Free space is 20253298688
08-06 15:59:01.563 24290 24310 D HttpDownloader: Starting download
08-06 15:59:01.569 24290 24310 D HttpDownloader: Download was successful
08-06 15:59:01.571   918   929 D WifiService: releaseWifiLockLocked: WifiLock{Downloader type=1 binder=android.os.BinderProxy@ffc8961}
08-06 15:59:01.572 24290 24290 D OnlineFeedViewActivity: Parsing feed
08-06 15:59:01.580 24290 25251 D TypeGetter: Recognized type RSS 2.0
08-06 15:59:01.583 24290 25251 D SyndHandler: Recognized ITunes namespace
08-06 15:59:01.584 24290 25251 D SyndHandler: Recognized Atom namespace
08-06 15:59:01.584 24290 25251 D SyndHandler: Recognized Content namespace
08-06 15:59:01.593 24290 25251 D OnlineFeedViewActivity: Deleted feed source file. Result: true
08-06 15:59:01.593 24290 24290 D OnlineFeedViewActivity: Removing HTML from shownotes
08-06 15:59:01.651 24290 24290 W art     : Before Android 4.1, method int androidx.appcompat.widget.DropDownListView.lookForSelectablePosition(int, boolean) would have incorrectly overridden the package-private method in android.widget.ListView
08-06 15:59:01.656 24290 24290 I ListPopupWindow: Could not find method setEpicenterBounds(Rect) on PopupWindow. Oh well.
08-06 15:59:01.664 24290 25256 D ApOkHttpUrlLoader: buildLoadData() called with: model = [https://content.production.cdn.art19.com/images/89/e0/88/44/89e08844-ac28-4fc0-96fa-15a41fec2014/262c12ed699a8d9720dea0bd66449d998e4a08cf18095bed170ccaa76722045fa5dbf7a366918b2db7e3acf29ad22f6b99fd659a9409cb807bf2781d968932f8.jpeg], width = [350], height = [350]
08-06 15:59:01.669 24290 25085 D DBReader: getImageAuthentication() called with: imageUrl = [https://content.production.cdn.art19.com/images/89/e0/88/44/89e08844-ac28-4fc0-96fa-15a41fec2014/262c12ed699a8d9720dea0bd66449d998e4a08cf18095bed170ccaa76722045fa5dbf7a366918b2db7e3acf29ad22f6b99fd659a9409cb807bf2781d968932f8.jpeg]
08-06 15:59:01.670 24290 25085 D ApOkHttpUrlLoader: no credentials for 'https://content.production.cdn.art19.com/images/89/e0/88/44/89e08844-ac28-4fc0-96fa-15a41fec2014/262c12ed699a8d9720dea0bd66449d998e4a08cf18095bed170ccaa76722045fa5dbf7a366918b2db7e3acf29ad22f6b99fd659a9409cb807bf2781d968932f8.jpeg'
08-06 15:59:01.687 24290 24290 D PlaybackController: Releasing PlaybackController
08-06 15:59:01.767 24290 24420 I art     : Starting a blocking GC Explicit
08-06 15:59:01.795 24290 24420 I art     : Explicit concurrent mark sweep GC freed 19941(1249KB) AllocSpace objects, 7(232KB) LOS objects, 37% free, 27MB/43MB, paused 1.008ms total 27.724ms
08-06 15:59:01.805 24290 24420 I art     : Starting a blocking GC Explicit
08-06 15:59:01.830 24290 24420 I art     : Explicit concurrent mark sweep GC freed 795(37KB) AllocSpace objects, 1(112KB) LOS objects, 37% free, 26MB/42MB, paused 773us total 25.257ms
08-06 15:59:01.839 24290 24420 I art     : Starting a blocking GC Explicit
08-06 15:59:01.865 24290 24420 I art     : Explicit concurrent mark sweep GC freed 31(1744B) AllocSpace objects, 0(0B) LOS objects, 37% free, 26MB/42MB, paused 613us total 25.511ms
08-06 15:59:01.874 24290 24420 I art     : Starting a blocking GC Explicit
08-06 15:59:01.883 22397 22397 I ServiceManager: Waiting for service AtCmdFwd...
08-06 15:59:01.900 24290 24420 I art     : Explicit concurrent mark sweep GC freed 3(96B) AllocSpace objects, 0(0B) LOS objects, 37% free, 26MB/42MB, paused 700us total 25.921ms
08-06 15:59:01.910 24290 24420 I art     : Starting a blocking GC Explicit
08-06 15:59:01.936 24290 24420 I art     : Explicit concurrent mark sweep GC freed 3(96B) AllocSpace objects, 0(0B) LOS objects, 37% free, 26MB/42MB, paused 629us total 26.432ms
08-06 15:59:01.938 24290 25085 D MYTAG   : interceptor 2a
08-06 15:59:01.938 24290 25085 I NAPPA_EXPERIMENTATION: MetricNetworkRequestExecutionTime: REQUEST_DURATION_SYSTEM='267',REQUEST_DURATION_OKHTTP='152',REQUEST_SYNCHRONOUS='TRUE',RESPONSE_CODE='200',RESPONSE_METHOD='GET',RESPONSE_LENGTH_OKHTTP='2466122',RESPONSE_LENGTH_HEADER='2466122',REQUEST_PROTOCOL='h2',REQUEST_URL='https://content.production.cdn.art19.com/images/89/e0/88/44/89e08844-ac28-4fc0-96fa-15a41fec2014/262c12ed699a8d9720dea0bd66449d998e4a08cf18095bed170ccaa76722045fa5dbf7a366918b2db7e3acf29ad22f6b99fd659a9409cb807bf2781d968932f8.jpeg',
08-06 15:59:02.205 24290 24301 I art     : Starting a blocking GC Explicit
08-06 15:59:02.233 24290 24301 I art     : Explicit concurrent mark sweep GC freed 3142(202KB) AllocSpace objects, 1(20KB) LOS objects, 36% free, 27MB/43MB, paused 765us total 27.657ms
08-06 15:59:02.242 24290 24301 I art     : Starting a blocking GC Explicit
08-06 15:59:02.269 24290 24301 I art     : Explicit concurrent mark sweep GC freed 36(1120B) AllocSpace objects, 0(0B) LOS objects, 36% free, 27MB/43MB, paused 717us total 26.254ms
08-06 15:59:02.278 24290 24301 I art     : Starting a blocking GC Explicit
08-06 15:59:02.305 24290 24301 I art     : Explicit concurrent mark sweep GC freed 3(96B) AllocSpace objects, 0(0B) LOS objects, 36% free, 27MB/43MB, paused 747us total 26.218ms
08-06 15:59:02.314 24290 24301 I art     : Starting a blocking GC Explicit
08-06 15:59:02.340 24290 24301 I art     : Explicit concurrent mark sweep GC freed 39(4KB) AllocSpace objects, 0(0B) LOS objects, 36% free, 27MB/43MB, paused 973us total 26.205ms
08-06 15:59:02.350 24290 24301 I art     : Starting a blocking GC Explicit
08-06 15:59:02.376 24290 24301 I art     : Explicit concurrent mark sweep GC freed 113(13KB) AllocSpace objects, 0(0B) LOS objects, 36% free, 27MB/43MB, paused 587us total 26.209ms
08-06 15:59:02.520   518   646 I ThermalEngine: ACTION: GPU - Setting GPU[0] to 450000000
08-06 15:59:02.731 24290 24880 I art     : Starting a blocking GC Explicit
08-06 15:59:02.772 24290 24880 I art     : Explicit concurrent mark sweep GC freed 1401(81KB) AllocSpace objects, 1(20KB) LOS objects, 36% free, 27MB/43MB, paused 916us total 39.824ms
08-06 15:59:02.786 24290 24880 I art     : Starting a blocking GC Explicit
08-06 15:59:02.824 24290 24880 I art     : Explicit concurrent mark sweep GC freed 23(752B) AllocSpace objects, 0(0B) LOS objects, 36% free, 27MB/43MB, paused 810us total 36.928ms
08-06 15:59:02.836 24290 24880 I art     : Starting a blocking GC Explicit
08-06 15:59:02.871 24290 24880 I art     : Explicit concurrent mark sweep GC freed 3(96B) AllocSpace objects, 0(0B) LOS objects, 36% free, 27MB/43MB, paused 850us total 34.974ms
08-06 15:59:02.883 24290 24880 I art     : Starting a blocking GC Explicit
08-06 15:59:02.884 22397 22397 I ServiceManager: Waiting for service AtCmdFwd...
08-06 15:59:02.918 24290 24880 I art     : Explicit concurrent mark sweep GC freed 3(96B) AllocSpace objects, 0(0B) LOS objects, 36% free, 27MB/43MB, paused 890us total 34.981ms
08-06 15:59:02.931 24290 24880 I art     : Starting a blocking GC Explicit
08-06 15:59:02.963 24290 24880 I art     : Explicit concurrent mark sweep GC freed 3(96B) AllocSpace objects, 0(0B) LOS objects, 36% free, 27MB/43MB, paused 832us total 31.917ms
08-06 15:59:03.298 24290 24880 I art     : Starting a blocking GC Explicit
08-06 15:59:03.328 24290 24880 I art     : Explicit concurrent mark sweep GC freed 1374(80KB) AllocSpace objects, 1(20KB) LOS objects, 36% free, 27MB/43MB, paused 992us total 30.157ms
08-06 15:59:03.340 24290 24880 I art     : Starting a blocking GC Explicit
08-06 15:59:03.369 24290 24880 I art     : Explicit concurrent mark sweep GC freed 28(912B) AllocSpace objects, 0(0B) LOS objects, 36% free, 27MB/43MB, paused 762us total 28.865ms
08-06 15:59:03.380 24290 24880 I art     : Starting a blocking GC Explicit
08-06 15:59:03.411 24290 24880 I art     : Explicit concurrent mark sweep GC freed 8(256B) AllocSpace objects, 0(0B) LOS objects, 36% free, 27MB/43MB, paused 760us total 30.953ms
08-06 15:59:03.423 24290 24880 I art     : Starting a blocking GC Explicit
08-06 15:59:03.453 24290 24880 I art     : Explicit concurrent mark sweep GC freed 37(1040B) AllocSpace objects, 0(0B) LOS objects, 36% free, 27MB/43MB, paused 767us total 29.778ms
08-06 15:59:03.465 24290 24880 I art     : Starting a blocking GC Explicit
08-06 15:59:03.497 24290 24880 I art     : Explicit concurrent mark sweep GC freed 8(256B) AllocSpace objects, 0(0B) LOS objects, 36% free, 27MB/43MB, paused 922us total 31.499ms
08-06 15:59:03.824 24290 24301 I art     : Starting a blocking GC Explicit
08-06 15:59:03.864 24290 24301 I art     : Explicit concurrent mark sweep GC freed 1366(80KB) AllocSpace objects, 1(20KB) LOS objects, 36% free, 27MB/43MB, paused 903us total 40.197ms
08-06 15:59:03.878 24290 24301 I art     : Starting a blocking GC Explicit
08-06 15:59:03.884 22397 22397 W Atfwd_Sendcmd: AtCmdFwd service not published, waiting... retryCnt : 3
08-06 15:59:03.913 24290 24301 I art     : Explicit concurrent mark sweep GC freed 23(752B) AllocSpace objects, 0(0B) LOS objects, 36% free, 27MB/43MB, paused 852us total 34.443ms
08-06 15:59:03.925 24290 24301 I art     : Starting a blocking GC Explicit
08-06 15:59:03.958 24290 24301 I art     : Explicit concurrent mark sweep GC freed 3(96B) AllocSpace objects, 0(0B) LOS objects, 36% free, 27MB/43MB, paused 829us total 33.170ms
08-06 15:59:03.970 24290 24301 I art     : Starting a blocking GC Explicit
08-06 15:59:04.006 24290 24301 I art     : Explicit concurrent mark sweep GC freed 3(96B) AllocSpace objects, 0(0B) LOS objects, 36% free, 27MB/43MB, paused 858us total 35.115ms
08-06 15:59:04.018 24290 24301 I art     : Starting a blocking GC Explicit
08-06 15:59:04.053 24290 24301 I art     : Explicit concurrent mark sweep GC freed 3(96B) AllocSpace objects, 0(0B) LOS objects, 36% free, 27MB/43MB, paused 813us total 34.860ms
08-06 15:59:04.378 24290 24302 I art     : Starting a blocking GC Explicit
08-06 15:59:04.421 24290 24302 I art     : Explicit concurrent mark sweep GC freed 1367(82KB) AllocSpace objects, 1(20KB) LOS objects, 36% free, 27MB/43MB, paused 1.282ms total 42.426ms
08-06 15:59:04.436 24290 24302 I art     : Starting a blocking GC Explicit
08-06 15:59:04.470 24290 24302 I art     : Explicit concurrent mark sweep GC freed 52(1536B) AllocSpace objects, 0(0B) LOS objects, 36% free, 27MB/43MB, paused 858us total 33.950ms
08-06 15:59:04.483 24290 24302 I art     : Starting a blocking GC Explicit
08-06 15:59:04.518 24290 24302 I art     : Explicit concurrent mark sweep GC freed 3(96B) AllocSpace objects, 0(0B) LOS objects, 36% free, 27MB/43MB, paused 913us total 35.132ms
08-06 15:59:04.531 24290 24302 I art     : Starting a blocking GC Explicit
08-06 15:59:04.564 24290 24302 I art     : Explicit concurrent mark sweep GC freed 3(96B) AllocSpace objects, 0(0B) LOS objects, 36% free, 27MB/43MB, paused 812us total 33.432ms
08-06 15:59:04.577 24290 24302 I art     : Starting a blocking GC Explicit
08-06 15:59:04.611 24290 24302 I art     : Explicit concurrent mark sweep GC freed 3(96B) AllocSpace objects, 0(0B) LOS objects, 36% free, 27MB/43MB, paused 858us total 34.120ms
08-06 15:59:04.925 24290 24880 I art     : Starting a blocking GC Explicit
08-06 15:59:04.970 24290 24880 I art     : Explicit concurrent mark sweep GC freed 1366(80KB) AllocSpace objects, 1(20KB) LOS objects, 36% free, 27MB/43MB, paused 893us total 43.897ms
08-06 15:59:04.984 24290 24880 I art     : Starting a blocking GC Explicit
08-06 15:59:05.019 24290 24880 I art     : Explicit concurrent mark sweep GC freed 23(752B) AllocSpace objects, 0(0B) LOS objects, 36% free, 27MB/43MB, paused 846us total 34.089ms
08-06 15:59:05.031 24290 24880 I art     : Starting a blocking GC Explicit
08-06 15:59:05.061 24290 24880 I art     : Explicit concurrent mark sweep GC freed 3(96B) AllocSpace objects, 0(0B) LOS objects, 36% free, 27MB/43MB, paused 787us total 30.333ms
08-06 15:59:05.072 24290 24880 I art     : Starting a blocking GC Explicit
08-06 15:59:05.103 24290 24880 I art     : Explicit concurrent mark sweep GC freed 3(96B) AllocSpace objects, 0(0B) LOS objects, 36% free, 27MB/43MB, paused 838us total 30.504ms
08-06 15:59:05.115 24290 24880 I art     : Starting a blocking GC Explicit
08-06 15:59:05.145 24290 24880 I art     : Explicit concurrent mark sweep GC freed 3(96B) AllocSpace objects, 0(0B) LOS objects, 36% free, 27MB/43MB, paused 858us total 30.599ms
08-06 15:59:05.467 24290 24420 I art     : Starting a blocking GC Explicit
08-06 15:59:05.504 24290 24420 I art     : Explicit concurrent mark sweep GC freed 1395(80KB) AllocSpace objects, 1(20KB) LOS objects, 36% free, 27MB/43MB, paused 918us total 36.527ms
08-06 15:59:05.517 24290 24420 I art     : Starting a blocking GC Explicit
08-06 15:59:05.550 24290 24420 I art     : Explicit concurrent mark sweep GC freed 23(752B) AllocSpace objects, 0(0B) LOS objects, 36% free, 27MB/43MB, paused 869us total 32.366ms
08-06 15:59:05.561 24290 24420 I art     : Starting a blocking GC Explicit
08-06 15:59:05.583 25325 25325 D AndroidRuntime: >>>>>> START com.android.internal.os.RuntimeInit uid 2000 <<<<<<
08-06 15:59:05.589 25325 25325 D AndroidRuntime: CheckJNI is OFF
08-06 15:59:05.595 24290 24420 I art     : Explicit concurrent mark sweep GC freed 3(96B) AllocSpace objects, 0(0B) LOS objects, 36% free, 27MB/43MB, paused 878us total 32.956ms
08-06 15:59:05.607 24290 24420 I art     : Starting a blocking GC Explicit
08-06 15:59:05.636 25325 25325 D ICU     : No timezone override file found: /data/misc/zoneinfo/current/icu/icu_tzdata.dat
08-06 15:59:05.639 24290 24420 I art     : Explicit concurrent mark sweep GC freed 3(96B) AllocSpace objects, 0(0B) LOS objects, 36% free, 27MB/43MB, paused 927us total 31.942ms
08-06 15:59:05.651 24290 24420 I art     : Starting a blocking GC Explicit
08-06 15:59:05.683 24290 24420 I art     : Explicit concurrent mark sweep GC freed 3(96B) AllocSpace objects, 0(0B) LOS objects, 36% free, 27MB/43MB, paused 882us total 31.632ms
08-06 15:59:05.683 25325 25325 I Radio-JNI: register_android_hardware_Radio DONE
08-06 15:59:05.712 25325 25325 D AndroidRuntime: Calling main entry com.android.commands.input.Input
08-06 15:59:05.714 25325 25325 I Input   : injectMotionEvent: MotionEvent { action=ACTION_DOWN, actionButton=0, id[0]=0, x[0]=625.0, y[0]=832.0, toolType[0]=TOOL_TYPE_UNKNOWN, buttonState=0, metaState=0, flags=0x0, edgeFlags=0x0, pointerCount=1, historySize=0, eventTime=892762127, downTime=892762127, deviceId=0, source=0x1002 }
08-06 15:59:05.720 25325 25325 I Input   : injectMotionEvent: MotionEvent { action=ACTION_UP, actionButton=0, id[0]=0, x[0]=625.0, y[0]=832.0, toolType[0]=TOOL_TYPE_UNKNOWN, buttonState=0, metaState=0, flags=0x0, edgeFlags=0x0, pointerCount=1, historySize=0, eventTime=892762127, downTime=892762127, deviceId=0, source=0x1002 }
08-06 15:59:05.722 25325 25325 D AndroidRuntime: Shutting down VM
08-06 15:59:05.733 24290 24290 D UserPreferences: Using default data folder
08-06 15:59:05.734   512  2967 D audio_hw_primary: out_set_parameters: enter: usecase(1: low-latency-playback) kvpairs: routing=2
08-06 15:59:05.735 24290 24290 D DownloadRequester: partiallyDownloadedFileExists: false
08-06 15:59:05.735 24290 24290 D DownloadRequester: /storage/emulated/0/Android/data/baseline.de.danoeh.antennapod.debug/files/cache/feed-Nice White Parents is available as a download destination
08-06 15:59:05.736 24290 24290 D DownloadRequester: Requesting download of url https://rss.art19.com/nice-white-parents
08-06 15:59:05.746 24290 24290 D DownloadService: Service started
08-06 15:59:05.747   512  2967 D audio_hw_primary: select_devices: out_snd_device(2: speaker) in_snd_device(0: none)
08-06 15:59:05.747   512  2967 D msm8974_platform: platform_send_audio_calibration: sending audio calibration for snd_device(2) acdb_id(15)
08-06 15:59:05.748 24290 24290 D DownloadService: parallel downloads: 4
08-06 15:59:05.748   512  2967 I soundtrigger: audio_extn_sound_trigger_update_device_status: device 0x2 of type 0 for Event 1
08-06 15:59:05.749 24290 25348 D downloadCompletionThd: downloadCompletionThread was started
08-06 15:59:05.752 24290 24290 D DownloadService: Notification set up
08-06 15:59:05.760   512  2967 D audio_hw_primary: enable_snd_device: snd_device(2: speaker)
08-06 15:59:05.762   512  2967 D audio_hw_primary: enable_audio_route: apply and update mixer path: low-latency-playback speaker
08-06 15:59:05.765 24290 24290 D DownloadService: Received enqueue request
08-06 15:59:05.767 24290 24290 D OnlineFeedViewActivity: onEventMainThread() called with: event = [DownloadEvent{update=DownloaderUpdate{downloaders=[baseline.de.danoeh.antennapod.core.service.download.HttpDownloader@cfb5015], feedIds=[0], mediaIds=[]}}]
08-06 15:59:05.767 24290 24290 D DownloadService: 1 downloads left
08-06 15:59:05.767 24290 24290 D DownloadService: Setting up notification updater
08-06 15:59:05.767   918  5952 D WifiService: acquireWifiLockLocked: WifiLock{Downloader type=1 binder=android.os.BinderProxy@de90ff8}
08-06 15:59:05.768 24290 25350 D AntennapodHttpClient: Creating new instance of HTTP client
08-06 15:59:06.010 24290 24301 I art     : Starting a blocking GC Explicit
08-06 15:59:06.045 24290 24301 I art     : Explicit concurrent mark sweep GC freed 7383(380KB) AllocSpace objects, 4(220KB) LOS objects, 36% free, 27MB/43MB, paused 1.045ms total 34.917ms
08-06 15:59:06.057 24290 24301 I art     : Starting a blocking GC Explicit
08-06 15:59:06.089 24290 24301 I art     : Explicit concurrent mark sweep GC freed 967(117KB) AllocSpace objects, 0(0B) LOS objects, 36% free, 27MB/43MB, paused 1.038ms total 32.027ms
08-06 15:59:06.101 24290 24301 I art     : Starting a blocking GC Explicit
08-06 15:59:06.123 24290 25350 D MYTAG   : interceptor 3a https://rss.art19.com/nice-white-parents
08-06 15:59:06.124 24290 25350 I NAPPA_EXPERIMENTATION: MetricNetworkRequestExecutionTime: REQUEST_DURATION_SYSTEM='354',REQUEST_DURATION_OKHTTP='140',REQUEST_SYNCHRONOUS='TRUE',RESPONSE_CODE='200',RESPONSE_METHOD='GET',RESPONSE_LENGTH_OKHTTP='-1',RESPONSE_LENGTH_HEADER='1803',REQUEST_PROTOCOL='h2',REQUEST_URL='https://rss.art19.com/nice-white-parents',
08-06 15:59:06.124 24290 25350 D HttpDownloader: Response code is 200
08-06 15:59:06.124 24290 25350 D UserPreferences: Using default data folder
08-06 15:59:06.132 24290 24301 I art     : Explicit concurrent mark sweep GC freed 267(19KB) AllocSpace objects, 0(0B) LOS objects, 36% free, 27MB/43MB, paused 1.022ms total 31.274ms
08-06 15:59:06.134 24290 25350 D HttpDownloader: Getting size of download
08-06 15:59:06.134 24290 25350 D HttpDownloader: Size is -1
08-06 15:59:06.134 24290 25350 D UserPreferences: Using default data folder
08-06 15:59:06.135 24290 25350 D HttpDownloader: Free space is 20250779648
08-06 15:59:06.135 24290 25350 D HttpDownloader: Starting download
08-06 15:59:06.138 24290 25350 D HttpDownloader: Download was successful
08-06 15:59:06.139   918  3359 D WifiService: releaseWifiLockLocked: WifiLock{Downloader type=1 binder=android.os.BinderProxy@de90ff8}
08-06 15:59:06.140 24290 25348 D downloadCompletionThd: Received 'Download Complete' - message.
08-06 15:59:06.140 24290 25348 D DownloadService: Handling completed Feed Download
08-06 15:59:06.140 24290 24290 D DownloadService: Removing downloader: https://rss.art19.com/nice-white-parents
08-06 15:59:06.141 24290 24290 D DownloadService: Result of downloads.remove: true
08-06 15:59:06.141 24290 24290 D OnlineFeedViewActivity: onEventMainThread() called with: event = [DownloadEvent{update=DownloaderUpdate{downloaders=[], feedIds=[], mediaIds=[]}}]
08-06 15:59:06.144 24290 24301 I art     : Starting a blocking GC Explicit
08-06 15:59:06.145 24290 25366 D TypeGetter: Recognized type RSS 2.0
08-06 15:59:06.149 24290 25366 D SyndHandler: Recognized ITunes namespace
08-06 15:59:06.149 24290 25366 D SyndHandler: Recognized Atom namespace
08-06 15:59:06.149 24290 25366 D SyndHandler: Recognized Content namespace
08-06 15:59:06.155 24290 25366 D FeedSyncThread: Nice White Parents parsed
08-06 15:59:06.156 24290 25366 D FeedSyncThread: Deletion of file '/storage/emulated/0/Android/data/baseline.de.danoeh.antennapod.debug/files/cache/feed-Nice White Parents' successful
08-06 15:59:06.156 24290 25366 D DBReader: getFeedDownloadLog() called with: feed = [baseline.de.danoeh.antennapod.core.feed.Feed@0]
08-06 15:59:06.157 24290 25349 D FeedSyncThread: Bundling 1 feeds
08-06 15:59:06.159 24290 25367 D DBReader: Extracting Feedlist
08-06 15:59:06.160 24290 25367 D DBTasks : Found no existing Feed with title Nice White Parents. Adding as new one.
08-06 15:59:06.164 24290 25368 D PodDBAdapter: Setting feed with flattr status Nice White Parents: 0
08-06 15:59:06.164 24290 25368 D baseline.de.danoeh.antennapod.core.storage.PodDBAdapter@150f982: Inserting new Feed into db
08-06 15:59:06.176 24290 24301 I art     : Explicit concurrent mark sweep GC freed 843(202KB) AllocSpace objects, 2(40KB) LOS objects, 36% free, 27MB/43MB, paused 1.032ms total 31.833ms
08-06 15:59:06.182 24290 24290 D EventDistributor: Processing event queue. Number of events: 1
08-06 15:59:06.183 24290 24290 D EventDistributor: Notifying observers. Data: 1
08-06 15:59:06.183 24290 24290 D DownloadService: 0 downloads left
08-06 15:59:06.183 24290 24879 D DBReader: Extracting Feedlist
08-06 15:59:06.184 24290 24290 D DownloadService: Number of downloads is 0, attempting shutdown
08-06 15:59:06.185 24290 24290 D DownloadService: Service shutting down
08-06 15:59:06.185 24290 24290 D DownloadService: No report is created
08-06 15:59:06.185 24290 24290 D OnlineFeedViewActivity: onEventMainThread() called with: event = [DownloadEvent{update=DownloaderUpdate{downloaders=[], feedIds=[], mediaIds=[]}}]
08-06 15:59:06.187 24290 24290 D DownloadService: NotificationUpdater cancelled. Result: false
08-06 15:59:06.187 24290 25348 E downloadCompletionThd: DownloadCompletionThread was interrupted
08-06 15:59:06.187 24290 24290 D DBTasks : autodownloadUndownloadedItems
08-06 15:59:06.189 24290 25369 D NetworkUtils: Device is connected to Wi-Fi
08-06 15:59:06.189 24290 25369 D NetworkUtils: Auto-dl filter is disabled
08-06 15:59:06.190 24290 24301 I art     : Starting a blocking GC Explicit
08-06 15:59:06.221 24290 24301 I art     : Explicit concurrent mark sweep GC freed 594(66KB) AllocSpace objects, 2(40KB) LOS objects, 36% free, 27MB/43MB, paused 946us total 30.287ms
08-06 15:59:06.298   512  2967 D audio_hw_primary: disable_audio_route: reset and update mixer path: low-latency-playback speaker
08-06 15:59:06.300   512  2967 D audio_hw_primary: disable_snd_device: snd_device(2: speaker)
08-06 15:59:06.308   512  2967 I soundtrigger: audio_extn_sound_trigger_update_device_status: device 0x2 of type 0 for Event 0
08-06 15:59:06.537 24290 24301 I art     : Starting a blocking GC Explicit
08-06 15:59:06.571 24290 24301 I art     : Explicit concurrent mark sweep GC freed 1518(85KB) AllocSpace objects, 1(20KB) LOS objects, 36% free, 27MB/43MB, paused 1.029ms total 33.778ms
08-06 15:59:06.583 24290 24301 I art     : Starting a blocking GC Explicit
08-06 15:59:06.616 24290 24301 I art     : Explicit concurrent mark sweep GC freed 24(848B) AllocSpace objects, 0(0B) LOS objects, 36% free, 27MB/43MB, paused 941us total 32.404ms
08-06 15:59:06.628 24290 24301 I art     : Starting a blocking GC Explicit
08-06 15:59:06.661 24290 24301 I art     : Explicit concurrent mark sweep GC freed 5(160B) AllocSpace objects, 0(0B) LOS objects, 36% free, 27MB/43MB, paused 988us total 32.565ms
08-06 15:59:06.673 24290 24301 I art     : Starting a blocking GC Explicit
08-06 15:59:06.706 24290 24301 I art     : Explicit concurrent mark sweep GC freed 3(96B) AllocSpace objects, 0(0B) LOS objects, 36% free, 27MB/43MB, paused 968us total 32.798ms
08-06 15:59:06.718 24290 24301 I art     : Starting a blocking GC Explicit
08-06 15:59:06.752 24290 24301 I art     : Explicit concurrent mark sweep GC freed 3(96B) AllocSpace objects, 0(0B) LOS objects, 36% free, 27MB/43MB, paused 1.024ms total 33.992ms
08-06 15:59:07.072 24290 24420 I art     : Starting a blocking GC Explicit
08-06 15:59:07.115 24290 24420 I art     : Explicit concurrent mark sweep GC freed 1368(82KB) AllocSpace objects, 1(20KB) LOS objects, 36% free, 27MB/43MB, paused 1.071ms total 41.748ms
08-06 15:59:07.130 24290 24420 I art     : Starting a blocking GC Explicit
08-06 15:59:07.168 24290 24420 I art     : Explicit concurrent mark sweep GC freed 23(768B) AllocSpace objects, 0(0B) LOS objects, 36% free, 27MB/43MB, paused 1.210ms total 38.229ms
08-06 15:59:07.180 24290 24420 I art     : Starting a blocking GC Explicit
08-06 15:59:07.215 24290 24420 I art     : Explicit concurrent mark sweep GC freed 3(96B) AllocSpace objects, 0(0B) LOS objects, 36% free, 27MB/43MB, paused 1.001ms total 34.084ms
08-06 15:59:07.227 24290 24420 I art     : Starting a blocking GC Explicit
08-06 15:59:07.261 24290 24420 I art     : Explicit concurrent mark sweep GC freed 3(96B) AllocSpace objects, 0(0B) LOS objects, 36% free, 27MB/43MB, paused 943us total 33.564ms
08-06 15:59:07.272 24290 24420 I art     : Starting a blocking GC Explicit
08-06 15:59:07.307 24290 24420 I art     : Explicit concurrent mark sweep GC freed 3(96B) AllocSpace objects, 0(0B) LOS objects, 36% free, 27MB/43MB, paused 1.013ms total 33.990ms
08-06 15:59:07.655 24290 24880 I art     : Starting a blocking GC Explicit
08-06 15:59:07.705 24290 24880 I art     : Explicit concurrent mark sweep GC freed 1402(82KB) AllocSpace objects, 1(20KB) LOS objects, 36% free, 27MB/43MB, paused 1.095ms total 49.176ms
08-06 15:59:07.720 24290 24880 I art     : Starting a blocking GC Explicit
08-06 15:59:07.756 24290 24880 I art     : Explicit concurrent mark sweep GC freed 23(752B) AllocSpace objects, 0(0B) LOS objects, 36% free, 27MB/43MB, paused 1.058ms total 35.843ms
08-06 15:59:07.768 24290 24880 I art     : Starting a blocking GC Explicit
08-06 15:59:07.806 24290 24880 I art     : Explicit concurrent mark sweep GC freed 3(96B) AllocSpace objects, 0(0B) LOS objects, 36% free, 27MB/43MB, paused 1.029ms total 37.173ms
08-06 15:59:07.818 24290 24880 I art     : Starting a blocking GC Explicit
08-06 15:59:07.855 24290 24880 I art     : Explicit concurrent mark sweep GC freed 3(96B) AllocSpace objects, 0(0B) LOS objects, 36% free, 27MB/43MB, paused 1.004ms total 36.726ms
08-06 15:59:07.867 24290 24880 I art     : Starting a blocking GC Explicit
08-06 15:59:07.903 24290 24880 I art     : Explicit concurrent mark sweep GC freed 3(96B) AllocSpace objects, 0(0B) LOS objects, 36% free, 27MB/43MB, paused 1.043ms total 35.232ms
08-06 15:59:08.252 24290 24302 I art     : Starting a blocking GC Explicit
08-06 15:59:08.293 24290 24302 I art     : Explicit concurrent mark sweep GC freed 1372(82KB) AllocSpace objects, 1(20KB) LOS objects, 36% free, 27MB/43MB, paused 1.079ms total 40.431ms
08-06 15:59:08.308 24290 24302 I art     : Starting a blocking GC Explicit
08-06 15:59:08.347 24290 24302 I art     : Explicit concurrent mark sweep GC freed 23(768B) AllocSpace objects, 0(0B) LOS objects, 36% free, 27MB/43MB, paused 1.179ms total 39.049ms
08-06 15:59:08.348 24290 24300 I art     : WaitForGcToComplete blocked for 18.415ms for cause HeapTrim
08-06 15:59:08.359 24290 24302 I art     : Starting a blocking GC Explicit
08-06 15:59:08.373   918  3188 I hubconnection: sensorhub said: 'set_bias 3: -6.2208, 0.0000, 0.0000'
08-06 15:59:08.395 24290 24302 I art     : Explicit concurrent mark sweep GC freed 3(96B) AllocSpace objects, 0(0B) LOS objects, 36% free, 27MB/43MB, paused 1.048ms total 35.798ms
08-06 15:59:08.408 24290 24302 I art     : Starting a blocking GC Explicit
08-06 15:59:08.445 24290 24302 I art     : Explicit concurrent mark sweep GC freed 32(880B) AllocSpace objects, 0(0B) LOS objects, 36% free, 27MB/43MB, paused 1.008ms total 36.806ms
08-06 15:59:08.458 24290 24302 I art     : Starting a blocking GC Explicit
08-06 15:59:08.493 24290 24302 I art     : Explicit concurrent mark sweep GC freed 3(96B) AllocSpace objects, 0(0B) LOS objects, 36% free, 27MB/43MB, paused 1.034ms total 34.615ms
08-06 15:59:08.841 24290 24301 I art     : Starting a blocking GC Explicit
08-06 15:59:08.883 24290 24301 I art     : Explicit concurrent mark sweep GC freed 1370(80KB) AllocSpace objects, 1(20KB) LOS objects, 36% free, 27MB/43MB, paused 995us total 41.726ms
08-06 15:59:08.896 24290 24301 I art     : Starting a blocking GC Explicit
08-06 15:59:08.930 24290 24301 I art     : Explicit concurrent mark sweep GC freed 23(752B) AllocSpace objects, 0(0B) LOS objects, 36% free, 27MB/43MB, paused 1.035ms total 34.430ms
08-06 15:59:08.942 24290 24301 I art     : Starting a blocking GC Explicit
08-06 15:59:08.976 24290 24301 I art     : Explicit concurrent mark sweep GC freed 3(96B) AllocSpace objects, 0(0B) LOS objects, 36% free, 27MB/43MB, paused 1.141ms total 32.921ms
08-06 15:59:08.988 24290 24301 I art     : Starting a blocking GC Explicit
08-06 15:59:09.021 24290 24301 I art     : Explicit concurrent mark sweep GC freed 3(96B) AllocSpace objects, 0(0B) LOS objects, 36% free, 27MB/43MB, paused 1.011ms total 32.995ms
08-06 15:59:09.033 24290 24301 I art     : Starting a blocking GC Explicit
08-06 15:59:09.067 24290 24301 I art     : Explicit concurrent mark sweep GC freed 3(96B) AllocSpace objects, 0(0B) LOS objects, 36% free, 27MB/43MB, paused 1.016ms total 33.676ms
08-06 15:59:09.401 24290 24420 I art     : Starting a blocking GC Explicit
08-06 15:59:09.449 24290 24420 I art     : Explicit concurrent mark sweep GC freed 1395(80KB) AllocSpace objects, 1(20KB) LOS objects, 36% free, 27MB/43MB, paused 1.108ms total 47.687ms
08-06 15:59:09.463 24290 24420 I art     : Starting a blocking GC Explicit
08-06 15:59:09.498 24290 24420 I art     : Explicit concurrent mark sweep GC freed 23(768B) AllocSpace objects, 0(0B) LOS objects, 36% free, 27MB/43MB, paused 1.134ms total 34.489ms
08-06 15:59:09.510 24290 24420 I art     : Starting a blocking GC Explicit
08-06 15:59:09.546 24290 24420 I art     : Explicit concurrent mark sweep GC freed 3(96B) AllocSpace objects, 0(0B) LOS objects, 36% free, 27MB/43MB, paused 1.034ms total 35.998ms
08-06 15:59:09.559 24290 24420 I art     : Starting a blocking GC Explicit
08-06 15:59:09.595 24290 24420 I art     : Explicit concurrent mark sweep GC freed 3(96B) AllocSpace objects, 0(0B) LOS objects, 36% free, 27MB/43MB, paused 1.064ms total 36.528ms
08-06 15:59:09.608 24290 24420 I art     : Starting a blocking GC Explicit
08-06 15:59:09.644 24290 24420 I art     : Explicit concurrent mark sweep GC freed 3(96B) AllocSpace objects, 0(0B) LOS objects, 36% free, 27MB/43MB, paused 1.043ms total 35.842ms
08-06 15:59:09.951 24290 24302 I art     : Starting a blocking GC Explicit
08-06 15:59:09.984 24290 24302 I art     : Explicit concurrent mark sweep GC freed 1367(82KB) AllocSpace objects, 1(20KB) LOS objects, 36% free, 27MB/43MB, paused 1.041ms total 32.452ms
08-06 15:59:09.996 24290 24302 I art     : Starting a blocking GC Explicit
08-06 15:59:10.028 24290 24302 I art     : Explicit concurrent mark sweep GC freed 33(1136B) AllocSpace objects, 0(0B) LOS objects, 36% free, 27MB/43MB, paused 1.055ms total 31.913ms
08-06 15:59:10.039 24290 24302 I art     : Starting a blocking GC Explicit
08-06 15:59:10.072 24290 24302 I art     : Explicit concurrent mark sweep GC freed 3(96B) AllocSpace objects, 0(0B) LOS objects, 36% free, 27MB/43MB, paused 1ms total 32.258ms
08-06 15:59:10.084 24290 24302 I art     : Starting a blocking GC Explicit
08-06 15:59:10.117 24290 24302 I art     : Explicit concurrent mark sweep GC freed 3(96B) AllocSpace objects, 0(0B) LOS objects, 36% free, 27MB/43MB, paused 1.005ms total 32.922ms
08-06 15:59:10.129 24290 24302 I art     : Starting a blocking GC Explicit
08-06 15:59:10.164 24290 24302 I art     : Explicit concurrent mark sweep GC freed 3(96B) AllocSpace objects, 0(0B) LOS objects, 36% free, 27MB/43MB, paused 1.027ms total 35.012ms
08-06 15:59:10.483 24290 24301 I art     : Starting a blocking GC Explicit
08-06 15:59:10.507 25441 25441 D AndroidRuntime: >>>>>> START com.android.internal.os.RuntimeInit uid 2000 <<<<<<
08-06 15:59:10.514 25441 25441 D AndroidRuntime: CheckJNI is OFF
08-06 15:59:10.525 24290 24301 I art     : Explicit concurrent mark sweep GC freed 1395(80KB) AllocSpace objects, 1(20KB) LOS objects, 36% free, 27MB/43MB, paused 1.220ms total 41.477ms
08-06 15:59:10.535   518   646 I ThermalEngine: ACTION: GPU - Setting GPU[0] to 510000000
08-06 15:59:10.540 24290 24301 I art     : Starting a blocking GC Explicit
08-06 15:59:10.563 25441 25441 D ICU     : No timezone override file found: /data/misc/zoneinfo/current/icu/icu_tzdata.dat
08-06 15:59:10.574 24290 24301 I art     : Explicit concurrent mark sweep GC freed 23(768B) AllocSpace objects, 0(0B) LOS objects, 36% free, 27MB/43MB, paused 1.036ms total 33.664ms
08-06 15:59:10.585 24290 24301 I art     : Starting a blocking GC Explicit
08-06 15:59:10.611 24290 24301 I art     : Explicit concurrent mark sweep GC freed 3(96B) AllocSpace objects, 0(0B) LOS objects, 36% free, 27MB/43MB, paused 830us total 25.840ms
08-06 15:59:10.611 25441 25441 I Radio-JNI: register_android_hardware_Radio DONE
08-06 15:59:10.620 24290 24301 I art     : Starting a blocking GC Explicit
08-06 15:59:10.634 25441 25441 D AndroidRuntime: Calling main entry com.android.commands.input.Input
08-06 15:59:10.636 25441 25441 I Input   : injectKeyEvent: KeyEvent { action=ACTION_DOWN, keyCode=KEYCODE_BACK, scanCode=0, metaState=0, flags=0x0, repeatCount=0, eventTime=892767049, downTime=892767049, deviceId=-1, source=0x101 }
08-06 15:59:10.641 25441 25441 I Input   : injectKeyEvent: KeyEvent { action=ACTION_UP, keyCode=KEYCODE_BACK, scanCode=0, metaState=0, flags=0x0, repeatCount=0, eventTime=892767049, downTime=892767049, deviceId=-1, source=0x101 }
08-06 15:59:10.644 24290 24301 I art     : Explicit concurrent mark sweep GC freed 10(640B) AllocSpace objects, 0(0B) LOS objects, 36% free, 27MB/43MB, paused 840us total 24.058ms
08-06 15:59:10.645 25441 25441 D AndroidRuntime: Shutting down VM
08-06 15:59:10.649 24290 24290 V PlaybackController: initServiceNotRunning()
08-06 15:59:10.649 24290 24290 D ExternalPlayerFragment: Loading media info
08-06 15:59:10.652 24290 24290 D UserPreferences: Using default data folder
08-06 15:59:10.652 24290 24879 D DBReader: getNavDrawerData() called with: 
08-06 15:59:10.653 24290 24301 I art     : Starting a blocking GC Explicit
08-06 15:59:10.656 24290 24879 D DBReader: getDownloadedItems() called
08-06 15:59:10.656 24290 24879 D DBReader: getFavoriteIDList() called
08-06 15:59:10.657 24290 24879 D DBReader: getQueueIDList() called
08-06 15:59:10.657 24290 24879 D DBReader: Extracting Feedlist
08-06 15:59:10.677 24290 24301 I art     : Explicit concurrent mark sweep GC freed 554(44KB) AllocSpace objects, 0(0B) LOS objects, 36% free, 27MB/43MB, paused 766us total 23.684ms
08-06 15:59:10.680 24290 24290 D MainActivity: getLastNavFragment() -> AddFeedFragment
08-06 15:59:10.682 13866 13866 I GoogleInputMethodServic: GoogleInputMethodService.onFinishInput():3138 
08-06 15:59:10.683 13866 13866 I GoogleInputMethodServic: GoogleInputMethodService.onStartInput():1808 
08-06 15:59:10.699 24290 25256 D ApOkHttpUrlLoader: buildLoadData() called with: model = [https://content.production.cdn.art19.com/images/89/e0/88/44/89e08844-ac28-4fc0-96fa-15a41fec2014/262c12ed699a8d9720dea0bd66449d998e4a08cf18095bed170ccaa76722045fa5dbf7a366918b2db7e3acf29ad22f6b99fd659a9409cb807bf2781d968932f8.jpeg], width = [140], height = [140]
08-06 15:59:10.930 24290 24420 I art     : Starting a blocking GC Explicit
08-06 15:59:10.965 24290 24420 I art     : Explicit concurrent mark sweep GC freed 2301(155KB) AllocSpace objects, 1(20KB) LOS objects, 36% free, 27MB/43MB, paused 758us total 35.019ms
08-06 15:59:10.978 24290 24420 I art     : Starting a blocking GC Explicit
08-06 15:59:11.001   380   380 W SurfaceFlinger: couldn't log to binary event log: overflow.
08-06 15:59:11.005 24290 24420 I art     : Explicit concurrent mark sweep GC freed 762(35KB) AllocSpace objects, 0(0B) LOS objects, 36% free, 27MB/43MB, paused 1.080ms total 27.330ms
08-06 15:59:11.016 24290 24420 I art     : Starting a blocking GC Explicit
08-06 15:59:11.042 24290 24420 I art     : Explicit concurrent mark sweep GC freed 176(7KB) AllocSpace objects, 0(0B) LOS objects, 36% free, 27MB/43MB, paused 735us total 25.153ms
08-06 15:59:11.050 24290 24420 I art     : Starting a blocking GC Explicit
08-06 15:59:11.074 24290 24420 I art     : Explicit concurrent mark sweep GC freed 2463(151KB) AllocSpace objects, 2(248KB) LOS objects, 36% free, 27MB/43MB, paused 731us total 23.309ms
08-06 15:59:11.083 24290 24420 I art     : Starting a blocking GC Explicit
08-06 15:59:11.109 24290 24420 I art     : Explicit concurrent mark sweep GC freed 3(96B) AllocSpace objects, 0(0B) LOS objects, 36% free, 27MB/43MB, paused 801us total 25.688ms
08-06 15:59:11.413 24290 24301 I art     : Starting a blocking GC Explicit
08-06 15:59:11.448 24290 24301 I art     : Explicit concurrent mark sweep GC freed 1401(83KB) AllocSpace objects, 1(20KB) LOS objects, 36% free, 27MB/43MB, paused 1.040ms total 34.713ms
08-06 15:59:11.461 24290 24301 I art     : Starting a blocking GC Explicit
08-06 15:59:11.489 24290 24301 I art     : Explicit concurrent mark sweep GC freed 23(752B) AllocSpace objects, 0(0B) LOS objects, 36% free, 27MB/43MB, paused 750us total 28ms
08-06 15:59:11.499 24290 24301 I art     : Starting a blocking GC Explicit
08-06 15:59:11.526 24290 24301 I art     : Explicit concurrent mark sweep GC freed 3(96B) AllocSpace objects, 0(0B) LOS objects, 36% free, 27MB/43MB, paused 754us total 26.388ms
08-06 15:59:11.535 24290 24301 I art     : Starting a blocking GC Explicit
08-06 15:59:11.561 24290 24301 I art     : Explicit concurrent mark sweep GC freed 3(96B) AllocSpace objects, 0(0B) LOS objects, 36% free, 27MB/43MB, paused 757us total 26.119ms
08-06 15:59:11.570 24290 24301 I art     : Starting a blocking GC Explicit
08-06 15:59:11.597 24290 24301 I art     : Explicit concurrent mark sweep GC freed 3(96B) AllocSpace objects, 0(0B) LOS objects, 36% free, 27MB/43MB, paused 874us total 26.121ms
08-06 15:59:11.887 24290 24302 I art     : Starting a blocking GC Explicit
08-06 15:59:11.914 24290 24302 I art     : Explicit concurrent mark sweep GC freed 1368(80KB) AllocSpace objects, 1(20KB) LOS objects, 36% free, 27MB/43MB, paused 774us total 26.952ms
08-06 15:59:11.923 24290 24302 I art     : Starting a blocking GC Explicit
08-06 15:59:11.950 24290 24302 I art     : Explicit concurrent mark sweep GC freed 23(752B) AllocSpace objects, 0(0B) LOS objects, 36% free, 27MB/43MB, paused 828us total 25.907ms
08-06 15:59:11.959 24290 24302 I art     : Starting a blocking GC Explicit
08-06 15:59:11.983 24290 24302 I art     : Explicit concurrent mark sweep GC freed 3(96B) AllocSpace objects, 0(0B) LOS objects, 36% free, 27MB/43MB, paused 781us total 24.386ms
08-06 15:59:11.993 24290 24302 I art     : Starting a blocking GC Explicit
08-06 15:59:12.018 24290 24302 I art     : Explicit concurrent mark sweep GC freed 3(96B) AllocSpace objects, 0(0B) LOS objects, 36% free, 27MB/43MB, paused 784us total 25.003ms
08-06 15:59:12.027 24290 24302 I art     : Starting a blocking GC Explicit
08-06 15:59:12.052 24290 24302 I art     : Explicit concurrent mark sweep GC freed 3(96B) AllocSpace objects, 0(0B) LOS objects, 36% free, 27MB/43MB, paused 801us total 24.869ms
08-06 15:59:12.291 25495 25495 D AndroidRuntime: >>>>>> START com.android.internal.os.RuntimeInit uid 2000 <<<<<<
08-06 15:59:12.296 25495 25495 D AndroidRuntime: CheckJNI is OFF
08-06 15:59:12.332 25495 25495 D ICU     : No timezone override file found: /data/misc/zoneinfo/current/icu/icu_tzdata.dat
08-06 15:59:12.336 24290 24880 I art     : Starting a blocking GC Explicit
08-06 15:59:12.364 24290 24880 I art     : Explicit concurrent mark sweep GC freed 1378(81KB) AllocSpace objects, 1(20KB) LOS objects, 36% free, 27MB/43MB, paused 829us total 27.717ms
08-06 15:59:12.368 25495 25495 I Radio-JNI: register_android_hardware_Radio DONE
08-06 15:59:12.374 24290 24880 I art     : Starting a blocking GC Explicit
08-06 15:59:12.391 25495 25495 D AndroidRuntime: Calling main entry com.android.commands.input.Input
08-06 15:59:12.393 25495 25495 I Input   : injectMotionEvent: MotionEvent { action=ACTION_DOWN, actionButton=0, id[0]=0, x[0]=639.0, y[0]=762.0, toolType[0]=TOOL_TYPE_UNKNOWN, buttonState=0, metaState=0, flags=0x0, edgeFlags=0x0, pointerCount=1, historySize=0, eventTime=892768806, downTime=892768806, deviceId=0, source=0x1002 }
08-06 15:59:12.397 25495 25495 I Input   : injectMotionEvent: MotionEvent { action=ACTION_UP, actionButton=0, id[0]=0, x[0]=639.0, y[0]=762.0, toolType[0]=TOOL_TYPE_UNKNOWN, buttonState=0, metaState=0, flags=0x0, edgeFlags=0x0, pointerCount=1, historySize=0, eventTime=892768806, downTime=892768806, deviceId=0, source=0x1002 }
08-06 15:59:12.398 24290 24880 I art     : Explicit concurrent mark sweep GC freed 27(880B) AllocSpace objects, 0(0B) LOS objects, 36% free, 27MB/43MB, paused 760us total 24.124ms
08-06 15:59:12.399 25495 25495 D AndroidRuntime: Shutting down VM
08-06 15:59:12.408 24290 24880 I art     : Starting a blocking GC Explicit
08-06 15:59:12.431 24290 24880 I art     : Explicit concurrent mark sweep GC freed 61(1904B) AllocSpace objects, 0(0B) LOS objects, 36% free, 27MB/43MB, paused 723us total 22.937ms
08-06 15:59:12.440 24290 24880 I art     : Starting a blocking GC Explicit
08-06 15:59:12.463 24290 24880 I art     : Explicit concurrent mark sweep GC freed 9(288B) AllocSpace objects, 0(0B) LOS objects, 36% free, 27MB/43MB, paused 726us total 23.649ms
08-06 15:59:12.471   512  2967 D audio_hw_primary: out_set_parameters: enter: usecase(1: low-latency-playback) kvpairs: routing=2
08-06 15:59:12.472 24290 24880 I art     : Starting a blocking GC Explicit
08-06 15:59:12.484   512  2967 D audio_hw_primary: select_devices: out_snd_device(2: speaker) in_snd_device(0: none)
08-06 15:59:12.484   512  2967 D msm8974_platform: platform_send_audio_calibration: sending audio calibration for snd_device(2) acdb_id(15)
08-06 15:59:12.484   512  2967 I soundtrigger: audio_extn_sound_trigger_update_device_status: device 0x2 of type 0 for Event 1
08-06 15:59:12.491 13866 13866 I GoogleInputMethodServic: GoogleInputMethodService.onFinishInput():3138 
08-06 15:59:12.492 13866 13866 I GoogleInputMethodServic: GoogleInputMethodService.onStartInput():1808 
08-06 15:59:12.495   512  2967 D audio_hw_primary: enable_snd_device: snd_device(2: speaker)
08-06 15:59:12.497 24290 24880 I art     : Explicit concurrent mark sweep GC freed 197(8KB) AllocSpace objects, 0(0B) LOS objects, 36% free, 27MB/43MB, paused 950us total 24.423ms
08-06 15:59:12.497   512  2967 D audio_hw_primary: enable_audio_route: apply and update mixer path: low-latency-playback speaker
08-06 15:59:12.541   518   646 I ThermalEngine: ACTION: GPU - Setting GPU[0] to 450000000
08-06 15:59:12.655 24290 24316 I NAPPA_EXPERIMENTATION: MetricNetworkRequestExecutionTime: REQUEST_DURATION_SYSTEM='185',REQUEST_DURATION_OKHTTP='183',REQUEST_SYNCHRONOUS='TRUE',RESPONSE_CODE='200',RESPONSE_METHOD='GET',RESPONSE_LENGTH_OKHTTP='-1',RESPONSE_LENGTH_HEADER='622',REQUEST_PROTOCOL='h2',REQUEST_URL='https://itunes.apple.com/lookup?id=360084272',
08-06 15:59:12.673   918  6029 I ActivityManager: START u0 {cmp=baseline.de.danoeh.antennapod.debug/baseline.de.danoeh.antennapod.activity.OnlineFeedViewActivity (has extras)} from uid 10711 on display 0
08-06 15:59:12.697 13866 13866 I GoogleInputMethodServic: GoogleInputMethodService.onFinishInput():3138 
08-06 15:59:12.705 13866 13866 I GoogleInputMethodServic: GoogleInputMethodService.onStartInput():1808 
08-06 15:59:12.720 24290 24290 D UserPreferences: Using default data folder
08-06 15:59:12.720 24290 24290 D OnlineFeedViewActivity: Activity was started with url http://joeroganexp.joerogan.libsynpro.com/rss
08-06 15:59:12.723 24290 24290 D OnlineFeedViewActivity: Starting feed download
08-06 15:59:12.726 24290 24310 D DBReader: Extracting Feedlist
08-06 15:59:12.728   918  3670 D WifiService: acquireWifiLockLocked: WifiLock{Downloader type=1 binder=android.os.BinderProxy@c66114b}
08-06 15:59:12.729 24290 24310 D AntennapodHttpClient: Creating new instance of HTTP client
08-06 15:59:12.769 24290 24310 D MYTAG   : interceptor 3a http://joeroganexp.joerogan.libsynpro.com/rss
08-06 15:59:12.769 24290 24310 I NAPPA_EXPERIMENTATION: MetricNetworkRequestExecutionTime: REQUEST_DURATION_SYSTEM='39',REQUEST_DURATION_OKHTTP='34',REQUEST_SYNCHRONOUS='TRUE',RESPONSE_CODE='200',RESPONSE_METHOD='GET',RESPONSE_LENGTH_OKHTTP='-1',RESPONSE_LENGTH_HEADER='307892',REQUEST_PROTOCOL='http/1.1',REQUEST_URL='http://joeroganexp.joerogan.libsynpro.com/rss',
08-06 15:59:12.769 24290 24310 D HttpDownloader: Response code is 200
08-06 15:59:12.769 24290 24310 D UserPreferences: Using default data folder
08-06 15:59:12.771 24290 24310 D HttpDownloader: Getting size of download
08-06 15:59:12.771 24290 24310 D HttpDownloader: Size is -1
08-06 15:59:12.771 24290 24310 D UserPreferences: Using default data folder
08-06 15:59:12.771 24290 24310 D HttpDownloader: Free space is 20250722304
08-06 15:59:12.772 24290 24310 D HttpDownloader: Starting download
08-06 15:59:12.776 24290 24420 I art     : Starting a blocking GC Explicit
08-06 15:59:12.778 13866 13866 I GoogleInputMethodServic: GoogleInputMethodService.onFinishInput():3138 
08-06 15:59:12.778 13866 13866 I GoogleInputMethodServic: GoogleInputMethodService.onStartInput():1808 
08-06 15:59:12.810 24290 24420 I art     : Explicit concurrent mark sweep GC freed 3483(235KB) AllocSpace objects, 1(20KB) LOS objects, 36% free, 27MB/43MB, paused 1.233ms total 33.204ms
08-06 15:59:12.812   918   936 I ActivityManager: Displayed baseline.de.danoeh.antennapod.debug/baseline.de.danoeh.antennapod.activity.OnlineFeedViewActivity: +114ms
08-06 15:59:12.825 24290 24420 I art     : Starting a blocking GC Explicit
08-06 15:59:12.855 24290 24420 I art     : Explicit concurrent mark sweep GC freed 391(17KB) AllocSpace objects, 0(0B) LOS objects, 36% free, 27MB/43MB, paused 1.026ms total 29.864ms
08-06 15:59:12.866 24290 24420 I art     : Starting a blocking GC Explicit
08-06 15:59:12.896 24290 24420 I art     : Explicit concurrent mark sweep GC freed 8(624B) AllocSpace objects, 0(0B) LOS objects, 36% free, 27MB/43MB, paused 1.058ms total 29.817ms
08-06 15:59:12.907 24290 24420 I art     : Starting a blocking GC Explicit
08-06 15:59:12.926 24290 24310 D HttpDownloader: Download was successful
08-06 15:59:12.927   918  3714 D WifiService: releaseWifiLockLocked: WifiLock{Downloader type=1 binder=android.os.BinderProxy@c66114b}
08-06 15:59:12.927 24290 24290 D OnlineFeedViewActivity: Parsing feed
08-06 15:59:12.932 24290 25529 D TypeGetter: Recognized type RSS 2.0
08-06 15:59:12.934 24290 25529 D SyndHandler: Recognized Atom namespace
08-06 15:59:12.934 24290 25529 D SyndHandler: Recognized ITunes namespace
08-06 15:59:12.934 24290 25529 D SyndHandler: Recognized media namespace
08-06 15:59:12.935 24290 25529 D SyndHandler: Recognized Content namespace
08-06 15:59:12.939 24290 24420 I art     : Explicit concurrent mark sweep GC freed 256(125KB) AllocSpace objects, 3(60KB) LOS objects, 36% free, 27MB/43MB, paused 1.106ms total 31.341ms
08-06 15:59:12.951 24290 24420 I art     : Starting a blocking GC Explicit
08-06 15:59:12.985 24290 24420 I art     : Explicit concurrent mark sweep GC freed 2093(142KB) AllocSpace objects, 0(0B) LOS objects, 36% free, 27MB/43MB, paused 1.364ms total 33.602ms
08-06 15:59:13.029   512  2967 D audio_hw_primary: disable_audio_route: reset and update mixer path: low-latency-playback speaker
08-06 15:59:13.031   512  2967 D audio_hw_primary: disable_snd_device: snd_device(2: speaker)
08-06 15:59:13.041   512  2967 I soundtrigger: audio_extn_sound_trigger_update_device_status: device 0x2 of type 0 for Event 0
08-06 15:59:13.053   380   380 W SurfaceFlinger: couldn't log to binary event log: overflow.
08-06 15:59:13.192 24290 24290 D PlaybackController: Releasing PlaybackController
08-06 15:59:13.286 24290 24302 I art     : Starting a blocking GC Explicit
08-06 15:59:13.329 24290 24302 I art     : Explicit concurrent mark sweep GC freed 19411(1047KB) AllocSpace objects, 1(20KB) LOS objects, 35% free, 28MB/44MB, paused 1.380ms total 43.395ms
08-06 15:59:13.341 24290 24302 I art     : Starting a blocking GC Explicit
08-06 15:59:13.375 24290 24302 I art     : Explicit concurrent mark sweep GC freed 7088(332KB) AllocSpace objects, 0(0B) LOS objects, 36% free, 28MB/44MB, paused 1.574ms total 33.437ms
08-06 15:59:13.386 24290 24302 I art     : Starting a blocking GC Explicit
08-06 15:59:13.420 24290 24302 I art     : Explicit concurrent mark sweep GC freed 3100(159KB) AllocSpace objects, 0(0B) LOS objects, 36% free, 28MB/44MB, paused 1.398ms total 33.732ms
08-06 15:59:13.420 24290 24300 I art     : WaitForGcToComplete blocked for 24.329ms for cause HeapTrim
08-06 15:59:13.431 24290 24302 I art     : Starting a blocking GC Explicit
08-06 15:59:13.465 24290 24302 I art     : Explicit concurrent mark sweep GC freed 2648(135KB) AllocSpace objects, 0(0B) LOS objects, 36% free, 28MB/44MB, paused 1.285ms total 33.766ms
08-06 15:59:13.477 24290 24302 I art     : Starting a blocking GC Explicit
08-06 15:59:13.510 24290 24302 I art     : Explicit concurrent mark sweep GC freed 2631(126KB) AllocSpace objects, 0(0B) LOS objects, 36% free, 28MB/44MB, paused 1.327ms total 33.066ms
08-06 15:59:13.815 24290 24420 I art     : Starting a blocking GC Explicit
08-06 15:59:13.858 24290 24420 I art     : Explicit concurrent mark sweep GC freed 19730(1053KB) AllocSpace objects, 1(20KB) LOS objects, 35% free, 29MB/45MB, paused 1.432ms total 42.401ms
08-06 15:59:13.871 24290 24420 I art     : Starting a blocking GC Explicit
08-06 15:59:13.907 24290 24420 I art     : Explicit concurrent mark sweep GC freed 5521(266KB) AllocSpace objects, 0(0B) LOS objects, 35% free, 28MB/44MB, paused 1.667ms total 35.898ms
08-06 15:59:13.919 24290 24420 I art     : Starting a blocking GC Explicit
08-06 15:59:13.955 24290 24420 I art     : Explicit concurrent mark sweep GC freed 5484(263KB) AllocSpace objects, 0(0B) LOS objects, 35% free, 28MB/44MB, paused 1.293ms total 35.344ms
08-06 15:59:13.967 24290 24420 I art     : Starting a blocking GC Explicit
08-06 15:59:14.002 24290 24420 I art     : Explicit concurrent mark sweep GC freed 2762(140KB) AllocSpace objects, 0(0B) LOS objects, 35% free, 28MB/44MB, paused 1.427ms total 35.244ms
08-06 15:59:14.014 24290 24420 I art     : Starting a blocking GC Explicit
08-06 15:59:14.050 24290 24420 I art     : Explicit concurrent mark sweep GC freed 2878(154KB) AllocSpace objects, 0(0B) LOS objects, 35% free, 28MB/44MB, paused 1.381ms total 34.961ms
08-06 15:59:14.385 24290 24301 I art     : Starting a blocking GC Explicit
08-06 15:59:14.433 24290 24301 I art     : Explicit concurrent mark sweep GC freed 21319(1149KB) AllocSpace objects, 1(20KB) LOS objects, 35% free, 29MB/45MB, paused 1.615ms total 47.799ms
08-06 15:59:14.448 24290 24301 I art     : Starting a blocking GC Explicit
08-06 15:59:14.485 24290 24301 I art     : Explicit concurrent mark sweep GC freed 7666(371KB) AllocSpace objects, 0(0B) LOS objects, 35% free, 29MB/45MB, paused 1.477ms total 37.362ms
08-06 15:59:14.498 24290 24301 I art     : Starting a blocking GC Explicit
08-06 15:59:14.534 24290 24301 I art     : Explicit concurrent mark sweep GC freed 4054(203KB) AllocSpace objects, 0(0B) LOS objects, 35% free, 29MB/45MB, paused 1.533ms total 35.950ms
08-06 15:59:14.546 24290 24301 I art     : Starting a blocking GC Explicit
08-06 15:59:14.585 24290 24301 I art     : Explicit concurrent mark sweep GC freed 3041(148KB) AllocSpace objects, 0(0B) LOS objects, 35% free, 29MB/45MB, paused 1.546ms total 38.089ms
08-06 15:59:14.597 24290 24301 I art     : Starting a blocking GC Explicit
08-06 15:59:14.635 24290 24301 I art     : Explicit concurrent mark sweep GC freed 3077(163KB) AllocSpace objects, 0(0B) LOS objects, 35% free, 29MB/45MB, paused 1.501ms total 37.846ms
08-06 15:59:14.962 24290 24301 I art     : Starting a blocking GC Explicit
08-06 15:59:15.011 24290 24301 I art     : Explicit concurrent mark sweep GC freed 21052(1191KB) AllocSpace objects, 1(20KB) LOS objects, 34% free, 30MB/46MB, paused 1.476ms total 48.692ms
08-06 15:59:15.025 24290 24301 I art     : Starting a blocking GC Explicit
08-06 15:59:15.066 24290 24301 I art     : Explicit concurrent mark sweep GC freed 6745(331KB) AllocSpace objects, 0(0B) LOS objects, 34% free, 30MB/46MB, paused 1.421ms total 40.261ms
08-06 15:59:15.078 24290 24301 I art     : Starting a blocking GC Explicit
08-06 15:59:15.116 24290 24301 I art     : Explicit concurrent mark sweep GC freed 5240(252KB) AllocSpace objects, 0(0B) LOS objects, 34% free, 30MB/46MB, paused 1.307ms total 37.288ms
08-06 15:59:15.129 24290 24301 I art     : Starting a blocking GC Explicit
08-06 15:59:15.168 24290 24301 I art     : Explicit concurrent mark sweep GC freed 3150(154KB) AllocSpace objects, 0(0B) LOS objects, 34% free, 30MB/46MB, paused 1.499ms total 39.101ms
08-06 15:59:15.181 24290 24301 I art     : Starting a blocking GC Explicit
08-06 15:59:15.221 24290 24301 I art     : Explicit concurrent mark sweep GC freed 3201(158KB) AllocSpace objects, 0(0B) LOS objects, 34% free, 30MB/46MB, paused 1.538ms total 39.977ms
08-06 15:59:15.553 24290 24302 I art     : Starting a blocking GC Explicit
08-06 15:59:15.605 24290 24302 I art     : Explicit concurrent mark sweep GC freed 21557(1220KB) AllocSpace objects, 1(20KB) LOS objects, 34% free, 30MB/46MB, paused 1.536ms total 51.088ms
08-06 15:59:15.620 24290 24302 I art     : Starting a blocking GC Explicit
08-06 15:59:15.665 24290 24302 I art     : Explicit concurrent mark sweep GC freed 4082(175KB) AllocSpace objects, 0(0B) LOS objects, 34% free, 30MB/46MB, paused 1.638ms total 44.584ms
08-06 15:59:15.679 24290 24302 I art     : Starting a blocking GC Explicit
08-06 15:59:15.721 24290 24302 I art     : Explicit concurrent mark sweep GC freed 8628(381KB) AllocSpace objects, 0(0B) LOS objects, 34% free, 30MB/46MB, paused 1.368ms total 41.603ms
08-06 15:59:15.734 24290 24302 I art     : Starting a blocking GC Explicit
08-06 15:59:15.777 24290 24302 I art     : Explicit concurrent mark sweep GC freed 3313(139KB) AllocSpace objects, 0(0B) LOS objects, 34% free, 30MB/46MB, paused 1.606ms total 42.440ms
08-06 15:59:15.791 24290 24302 I art     : Starting a blocking GC Explicit
08-06 15:59:15.834 24290 24302 I art     : Explicit concurrent mark sweep GC freed 3376(142KB) AllocSpace objects, 0(0B) LOS objects, 34% free, 30MB/46MB, paused 1.471ms total 42.526ms
08-06 15:59:16.153 24290 25529 D OnlineFeedViewActivity: Deleted feed source file. Result: true
08-06 15:59:16.158 24290 24290 D OnlineFeedViewActivity: Removing HTML from shownotes
08-06 15:59:16.176 24290 24302 I art     : Starting a blocking GC Explicit
08-06 15:59:16.235 24290 24302 I art     : Explicit concurrent mark sweep GC freed 60469(4MB) AllocSpace objects, 181(11MB) LOS objects, 32% free, 33MB/49MB, paused 1.437ms total 58.348ms
08-06 15:59:16.251 24290 24302 I art     : Starting a blocking GC Explicit
08-06 15:59:16.303 24290 24302 I art     : Explicit concurrent mark sweep GC freed 46075(3MB) AllocSpace objects, 191(12MB) LOS objects, 32% free, 32MB/48MB, paused 1.534ms total 51.916ms
08-06 15:59:16.318 24290 24302 I art     : Starting a blocking GC Explicit
08-06 15:59:16.372 24290 24302 I art     : Explicit concurrent mark sweep GC freed 46365(3MB) AllocSpace objects, 195(12MB) LOS objects, 32% free, 32MB/48MB, paused 1.336ms total 53.459ms
08-06 15:59:16.387 24290 24302 I art     : Starting a blocking GC Explicit
08-06 15:59:16.441 24290 24302 I art     : Explicit concurrent mark sweep GC freed 42509(3MB) AllocSpace objects, 189(12MB) LOS objects, 33% free, 32MB/48MB, paused 1.493ms total 52.857ms
08-06 15:59:16.456 24290 24302 I art     : Starting a blocking GC Explicit
08-06 15:59:16.510 24290 24302 I art     : Explicit concurrent mark sweep GC freed 42547(3MB) AllocSpace objects, 188(12MB) LOS objects, 33% free, 32MB/48MB, paused 1.429ms total 53.751ms
08-06 15:59:16.741 24290 25256 D ApOkHttpUrlLoader: buildLoadData() called with: model = [http://static.libsyn.com/p/assets/7/1/f/3/71f3014e14ef2722/JREiTunesImage2.jpg], width = [350], height = [350]
08-06 15:59:16.742 24290 24290 I Choreographer: Skipped 34 frames!  The application may be doing too much work on its main thread.
08-06 15:59:16.743 24290 25085 D DBReader: getImageAuthentication() called with: imageUrl = [http://static.libsyn.com/p/assets/7/1/f/3/71f3014e14ef2722/JREiTunesImage2.jpg]
08-06 15:59:16.744 24290 25085 D ApOkHttpUrlLoader: no credentials for 'http://static.libsyn.com/p/assets/7/1/f/3/71f3014e14ef2722/JREiTunesImage2.jpg'
08-06 15:59:16.802 24290 24301 I art     : Starting a blocking GC Explicit
08-06 15:59:16.846 24290 24301 I art     : Explicit concurrent mark sweep GC freed 12156(1192KB) AllocSpace objects, 64(4MB) LOS objects, 34% free, 31MB/47MB, paused 1.121ms total 43.652ms
08-06 15:59:16.859 24290 25085 D MYTAG   : interceptor 2a
08-06 15:59:16.859 24290 25085 I NAPPA_EXPERIMENTATION: MetricNetworkRequestExecutionTime: REQUEST_DURATION_SYSTEM='115',REQUEST_DURATION_OKHTTP='40',REQUEST_SYNCHRONOUS='TRUE',RESPONSE_CODE='200',RESPONSE_METHOD='GET',RESPONSE_LENGTH_OKHTTP='402832',RESPONSE_LENGTH_HEADER='402832',REQUEST_PROTOCOL='http/1.1',REQUEST_URL='http://static.libsyn.com/p/assets/7/1/f/3/71f3014e14ef2722/JREiTunesImage2.jpg',
08-06 15:59:16.860 24290 24301 I art     : Starting a blocking GC Explicit
08-06 15:59:16.902 24290 24301 I art     : Explicit concurrent mark sweep GC freed 774(46KB) AllocSpace objects, 1(112KB) LOS objects, 34% free, 30MB/46MB, paused 1.086ms total 42.130ms
08-06 15:59:16.917 24290 24301 I art     : Starting a blocking GC Explicit
08-06 15:59:16.961 24290 24301 I art     : Explicit concurrent mark sweep GC freed 48(2512B) AllocSpace objects, 0(0B) LOS objects, 33% free, 31MB/47MB, paused 1.106ms total 43.506ms
08-06 15:59:16.976 24290 24301 I art     : Starting a blocking GC Explicit
08-06 15:59:17.020 24290 24301 I art     : Explicit concurrent mark sweep GC freed 66(13KB) AllocSpace objects, 0(0B) LOS objects, 33% free, 31MB/47MB, paused 1.099ms total 43.716ms
08-06 15:59:17.035 24290 24301 I art     : Starting a blocking GC Explicit
08-06 15:59:17.078 24290 24301 I art     : Explicit concurrent mark sweep GC freed 82(3KB) AllocSpace objects, 0(0B) LOS objects, 33% free, 31MB/47MB, paused 1.133ms total 42.882ms
08-06 15:59:17.185 25591 25591 D AndroidRuntime: >>>>>> START com.android.internal.os.RuntimeInit uid 2000 <<<<<<
08-06 15:59:17.193 25591 25591 D AndroidRuntime: CheckJNI is OFF
08-06 15:59:17.237 25591 25591 D ICU     : No timezone override file found: /data/misc/zoneinfo/current/icu/icu_tzdata.dat
08-06 15:59:17.281 25591 25591 I Radio-JNI: register_android_hardware_Radio DONE
08-06 15:59:17.310 25591 25591 D AndroidRuntime: Calling main entry com.android.commands.input.Input
08-06 15:59:17.312 25591 25591 I Input   : injectMotionEvent: MotionEvent { action=ACTION_DOWN, actionButton=0, id[0]=0, x[0]=693.0, y[0]=821.0, toolType[0]=TOOL_TYPE_UNKNOWN, buttonState=0, metaState=0, flags=0x0, edgeFlags=0x0, pointerCount=1, historySize=0, eventTime=892773725, downTime=892773725, deviceId=0, source=0x1002 }
08-06 15:59:17.318 25591 25591 I Input   : injectMotionEvent: MotionEvent { action=ACTION_UP, actionButton=0, id[0]=0, x[0]=693.0, y[0]=821.0, toolType[0]=TOOL_TYPE_UNKNOWN, buttonState=0, metaState=0, flags=0x0, edgeFlags=0x0, pointerCount=1, historySize=0, eventTime=892773725, downTime=892773725, deviceId=0, source=0x1002 }
08-06 15:59:17.321 25591 25591 D AndroidRuntime: Shutting down VM
08-06 15:59:17.327 24290 24290 D UserPreferences: Using default data folder
08-06 15:59:17.328 24290 24290 D DownloadRequester: partiallyDownloadedFileExists: false
08-06 15:59:17.328 24290 24290 D DownloadRequester: /storage/emulated/0/Android/data/baseline.de.danoeh.antennapod.debug/files/cache/feed-The Joe Rogan Experience is available as a download destination
08-06 15:59:17.329 24290 24290 D DownloadRequester: Requesting download of url http://joeroganexp.joerogan.libsynpro.com/rss
08-06 15:59:17.330   512  2967 D audio_hw_primary: out_set_parameters: enter: usecase(1: low-latency-playback) kvpairs: routing=2
08-06 15:59:17.334 24290 24290 D DownloadService: Service started
08-06 15:59:17.336 24290 24290 D DownloadService: parallel downloads: 4
08-06 15:59:17.338 24290 24290 D DownloadService: Notification set up
08-06 15:59:17.338 24290 25624 D downloadCompletionThd: downloadCompletionThread was started
08-06 15:59:17.343   512  2967 D audio_hw_primary: select_devices: out_snd_device(2: speaker) in_snd_device(0: none)
08-06 15:59:17.343   512  2967 D msm8974_platform: platform_send_audio_calibration: sending audio calibration for snd_device(2) acdb_id(15)
08-06 15:59:17.343 24290 24290 D DownloadService: Received enqueue request
08-06 15:59:17.343   512  2967 I soundtrigger: audio_extn_sound_trigger_update_device_status: device 0x2 of type 0 for Event 1
08-06 15:59:17.344 24290 24290 D OnlineFeedViewActivity: onEventMainThread() called with: event = [DownloadEvent{update=DownloaderUpdate{downloaders=[baseline.de.danoeh.antennapod.core.service.download.HttpDownloader@5c087e3], feedIds=[0], mediaIds=[]}}]
08-06 15:59:17.344 24290 24290 D DownloadService: 1 downloads left
08-06 15:59:17.344 24290 24290 D DownloadService: Setting up notification updater
08-06 15:59:17.346   918  3670 D WifiService: acquireWifiLockLocked: WifiLock{Downloader type=1 binder=android.os.BinderProxy@63075ca}
08-06 15:59:17.347 24290 25626 D AntennapodHttpClient: Creating new instance of HTTP client
08-06 15:59:17.356   512  2967 D audio_hw_primary: enable_snd_device: snd_device(2: speaker)
08-06 15:59:17.361   512  2967 D audio_hw_primary: enable_audio_route: apply and update mixer path: low-latency-playback speaker
08-06 15:59:17.408 24290 24420 I art     : Starting a blocking GC Explicit
08-06 15:59:17.449 24290 24420 I art     : Explicit concurrent mark sweep GC freed 2504(139KB) AllocSpace objects, 1(20KB) LOS objects, 33% free, 31MB/47MB, paused 1.275ms total 39.936ms
08-06 15:59:17.462 24290 24420 I art     : Starting a blocking GC Explicit
08-06 15:59:17.465 24290 25626 D MYTAG   : interceptor 3a http://joeroganexp.joerogan.libsynpro.com/rss
08-06 15:59:17.466 24290 25626 I NAPPA_EXPERIMENTATION: MetricNetworkRequestExecutionTime: REQUEST_DURATION_SYSTEM='117',REQUEST_DURATION_OKHTTP='34',REQUEST_SYNCHRONOUS='TRUE',RESPONSE_CODE='200',RESPONSE_METHOD='GET',RESPONSE_LENGTH_OKHTTP='-1',RESPONSE_LENGTH_HEADER='307892',REQUEST_PROTOCOL='http/1.1',REQUEST_URL='http://joeroganexp.joerogan.libsynpro.com/rss',
08-06 15:59:17.466 24290 25626 D HttpDownloader: Response code is 200
08-06 15:59:17.466 24290 25626 D UserPreferences: Using default data folder
08-06 15:59:17.467 24290 25626 D HttpDownloader: Getting size of download
08-06 15:59:17.467 24290 25626 D HttpDownloader: Size is -1
08-06 15:59:17.468 24290 25626 D UserPreferences: Using default data folder
08-06 15:59:17.468 24290 25626 D HttpDownloader: Free space is 20250263552
08-06 15:59:17.468 24290 25626 D HttpDownloader: Starting download
08-06 15:59:17.500 24290 24420 I art     : Explicit concurrent mark sweep GC freed 219(18KB) AllocSpace objects, 0(0B) LOS objects, 33% free, 31MB/47MB, paused 1.099ms total 38.090ms
08-06 15:59:17.513 24290 24420 I art     : Starting a blocking GC Explicit
08-06 15:59:17.552 24290 24420 I art     : Explicit concurrent mark sweep GC freed 26(944B) AllocSpace objects, 0(0B) LOS objects, 33% free, 31MB/47MB, paused 1.178ms total 39.057ms
08-06 15:59:17.566 24290 24420 I art     : Starting a blocking GC Explicit
08-06 15:59:17.588 24290 25626 D HttpDownloader: Download was successful
08-06 15:59:17.589   918  4413 D WifiService: releaseWifiLockLocked: WifiLock{Downloader type=1 binder=android.os.BinderProxy@63075ca}
08-06 15:59:17.589 24290 25624 D downloadCompletionThd: Received 'Download Complete' - message.
08-06 15:59:17.590 24290 25624 D DownloadService: Handling completed Feed Download
08-06 15:59:17.590 24290 24290 D DownloadService: Removing downloader: http://joeroganexp.joerogan.libsynpro.com/rss
08-06 15:59:17.590 24290 24290 D DownloadService: Result of downloads.remove: true
08-06 15:59:17.594 24290 25629 D TypeGetter: Recognized type RSS 2.0
08-06 15:59:17.595 24290 25629 D SyndHandler: Recognized Atom namespace
08-06 15:59:17.596 24290 25629 D SyndHandler: Recognized ITunes namespace
08-06 15:59:17.596 24290 25629 D SyndHandler: Recognized media namespace
08-06 15:59:17.596 24290 25629 D SyndHandler: Recognized Content namespace
08-06 15:59:17.606 24290 24420 I art     : Explicit concurrent mark sweep GC freed 526(140KB) AllocSpace objects, 3(60KB) LOS objects, 33% free, 31MB/47MB, paused 1.438ms total 40.174ms
08-06 15:59:17.620 24290 24420 I art     : Starting a blocking GC Explicit
08-06 15:59:17.663 24290 24420 I art     : Explicit concurrent mark sweep GC freed 2743(177KB) AllocSpace objects, 0(0B) LOS objects, 33% free, 31MB/47MB, paused 1.412ms total 42.742ms
08-06 15:59:17.909   512  2967 D audio_hw_primary: disable_audio_route: reset and update mixer path: low-latency-playback speaker
08-06 15:59:17.911   512  2967 D audio_hw_primary: disable_snd_device: snd_device(2: speaker)
08-06 15:59:17.918   512  2967 I soundtrigger: audio_extn_sound_trigger_update_device_status: device 0x2 of type 0 for Event 0
08-06 15:59:17.965 24290 24420 I art     : Starting a blocking GC Explicit
08-06 15:59:18.019 24290 24420 I art     : Explicit concurrent mark sweep GC freed 20213(1081KB) AllocSpace objects, 1(20KB) LOS objects, 33% free, 32MB/48MB, paused 1.423ms total 53.587ms
08-06 15:59:18.034 24290 24420 I art     : Starting a blocking GC Explicit
08-06 15:59:18.080 24290 24420 I art     : Explicit concurrent mark sweep GC freed 8217(394KB) AllocSpace objects, 0(0B) LOS objects, 33% free, 32MB/48MB, paused 1.609ms total 45.418ms
08-06 15:59:18.094 24290 24420 I art     : Starting a blocking GC Explicit
08-06 15:59:18.139 24290 24420 I art     : Explicit concurrent mark sweep GC freed 3874(195KB) AllocSpace objects, 0(0B) LOS objects, 33% free, 32MB/48MB, paused 1.502ms total 44.670ms
08-06 15:59:18.153 24290 24420 I art     : Starting a blocking GC Explicit
08-06 15:59:18.198 24290 24420 I art     : Explicit concurrent mark sweep GC freed 3608(185KB) AllocSpace objects, 0(0B) LOS objects, 33% free, 32MB/48MB, paused 1.641ms total 45.170ms
08-06 15:59:18.212 24290 24420 I art     : Starting a blocking GC Explicit
08-06 15:59:18.261 24290 24420 I art     : Explicit concurrent mark sweep GC freed 3641(190KB) AllocSpace objects, 0(0B) LOS objects, 33% free, 32MB/48MB, paused 1.632ms total 48.177ms
08-06 15:59:18.578 24290 24420 I art     : Starting a blocking GC Explicit
08-06 15:59:18.636 24290 24420 I art     : Explicit concurrent mark sweep GC freed 20942(1100KB) AllocSpace objects, 1(20KB) LOS objects, 32% free, 32MB/48MB, paused 1.502ms total 58.341ms
08-06 15:59:18.652 24290 24420 I art     : Starting a blocking GC Explicit
08-06 15:59:18.702 24290 24420 I art     : Explicit concurrent mark sweep GC freed 8937(435KB) AllocSpace objects, 0(0B) LOS objects, 32% free, 32MB/48MB, paused 1.630ms total 48.971ms
08-06 15:59:18.716 24290 24420 I art     : Starting a blocking GC Explicit
08-06 15:59:18.764 24290 24420 I art     : Explicit concurrent mark sweep GC freed 3755(187KB) AllocSpace objects, 0(0B) LOS objects, 32% free, 32MB/48MB, paused 1.533ms total 47.571ms
08-06 15:59:18.779 24290 24420 I art     : Starting a blocking GC Explicit
08-06 15:59:18.831 24290 24420 I art     : Explicit concurrent mark sweep GC freed 3813(199KB) AllocSpace objects, 0(0B) LOS objects, 32% free, 32MB/48MB, paused 1.618ms total 51.195ms
08-06 15:59:18.844 24290 24290 D OnlineFeedViewActivity: onEventMainThread() called with: event = [DownloadEvent{update=DownloaderUpdate{downloaders=[], feedIds=[], mediaIds=[]}}]
08-06 15:59:18.846 24290 24420 I art     : Starting a blocking GC Explicit
08-06 15:59:18.885 22397 22397 I ServiceManager: Waiting for service AtCmdFwd...
08-06 15:59:18.897 24290 24420 I art     : Explicit concurrent mark sweep GC freed 3910(208KB) AllocSpace objects, 0(0B) LOS objects, 32% free, 32MB/48MB, paused 1.531ms total 51.014ms
08-06 15:59:19.234 24290 24880 I art     : Starting a blocking GC Explicit
08-06 15:59:19.302 24290 24880 I art     : Explicit concurrent mark sweep GC freed 22294(1205KB) AllocSpace objects, 1(20KB) LOS objects, 32% free, 33MB/49MB, paused 1.829ms total 67.444ms
08-06 15:59:19.320 24290 24880 I art     : Starting a blocking GC Explicit
08-06 15:59:19.371 24290 24880 I art     : Explicit concurrent mark sweep GC freed 9296(451KB) AllocSpace objects, 0(0B) LOS objects, 32% free, 33MB/49MB, paused 1.926ms total 50.844ms
08-06 15:59:19.386 24290 24880 I art     : Starting a blocking GC Explicit
08-06 15:59:19.439 24290 24880 I art     : Explicit concurrent mark sweep GC freed 4512(238KB) AllocSpace objects, 0(0B) LOS objects, 32% free, 33MB/49MB, paused 1.705ms total 52.756ms
08-06 15:59:19.456 24290 24880 I art     : Starting a blocking GC Explicit
08-06 15:59:19.512 24290 24880 I art     : Explicit concurrent mark sweep GC freed 4165(223KB) AllocSpace objects, 0(0B) LOS objects, 32% free, 33MB/49MB, paused 1.769ms total 55.663ms
08-06 15:59:19.528 24290 24880 I art     : Starting a blocking GC Explicit
08-06 15:59:19.587 24290 24880 I art     : Explicit concurrent mark sweep GC freed 4175(219KB) AllocSpace objects, 0(0B) LOS objects, 32% free, 33MB/49MB, paused 1.838ms total 58.957ms
08-06 15:59:19.885 22397 22397 I ServiceManager: Waiting for service AtCmdFwd...
08-06 15:59:19.932 24290 24301 I art     : Starting a blocking GC Explicit
08-06 15:59:20.003 24290 24301 I art     : Explicit concurrent mark sweep GC freed 22570(1245KB) AllocSpace objects, 1(20KB) LOS objects, 31% free, 34MB/50MB, paused 1.776ms total 70.623ms
08-06 15:59:20.021 24290 24301 I art     : Starting a blocking GC Explicit
08-06 15:59:20.078 24290 24301 I art     : Explicit concurrent mark sweep GC freed 7209(346KB) AllocSpace objects, 0(0B) LOS objects, 31% free, 34MB/50MB, paused 2ms total 56.489ms
08-06 15:59:20.094 24290 24301 I art     : Starting a blocking GC Explicit
08-06 15:59:20.148 24290 24301 I art     : Explicit concurrent mark sweep GC freed 7288(358KB) AllocSpace objects, 0(0B) LOS objects, 31% free, 34MB/50MB, paused 1.660ms total 53.723ms
08-06 15:59:20.165 24290 24301 I art     : Starting a blocking GC Explicit
08-06 15:59:20.225 24290 24301 I art     : Explicit concurrent mark sweep GC freed 4347(223KB) AllocSpace objects, 0(0B) LOS objects, 31% free, 34MB/50MB, paused 1.686ms total 59.864ms
08-06 15:59:20.242 24290 24301 I art     : Starting a blocking GC Explicit
08-06 15:59:20.301 24290 24301 I art     : Explicit concurrent mark sweep GC freed 4363(270KB) AllocSpace objects, 0(0B) LOS objects, 31% free, 34MB/50MB, paused 1.894ms total 59.302ms
08-06 15:59:20.347 24290 24290 D OnlineFeedViewActivity: onEventMainThread() called with: event = [DownloadEvent{update=DownloaderUpdate{downloaders=[], feedIds=[], mediaIds=[]}}]
08-06 15:59:20.662 24290 24420 I art     : Starting a blocking GC Explicit
08-06 15:59:20.734 24290 24420 I art     : Explicit concurrent mark sweep GC freed 24143(1085KB) AllocSpace objects, 1(20KB) LOS objects, 31% free, 34MB/50MB, paused 1.829ms total 71.663ms
08-06 15:59:20.753 24290 24420 I art     : Starting a blocking GC Explicit
08-06 15:59:20.814 24290 24420 I art     : Explicit concurrent mark sweep GC freed 5922(277KB) AllocSpace objects, 0(0B) LOS objects, 31% free, 34MB/50MB, paused 1.952ms total 60.863ms
08-06 15:59:20.831 24290 24420 I art     : Starting a blocking GC Explicit
08-06 15:59:20.885 24290 24420 I art     : Explicit concurrent mark sweep GC freed 9458(432KB) AllocSpace objects, 0(0B) LOS objects, 31% free, 34MB/50MB, paused 1.718ms total 54.475ms
08-06 15:59:20.886 22397 22397 I ServiceManager: Waiting for service AtCmdFwd...
08-06 15:59:20.896 24290 25629 D FeedSyncThread: The Joe Rogan Experience parsed
08-06 15:59:20.903 24290 24420 I art     : Starting a blocking GC Explicit
08-06 15:59:20.905 24290 25629 D FeedSyncThread: Deletion of file '/storage/emulated/0/Android/data/baseline.de.danoeh.antennapod.debug/files/cache/feed-The Joe Rogan Experience' successful
08-06 15:59:20.906 24290 25629 D DBReader: getFeedDownloadLog() called with: feed = [baseline.de.danoeh.antennapod.core.feed.Feed@0]
08-06 15:59:20.907 24290 25625 D FeedSyncThread: Bundling 1 feeds
08-06 15:59:20.908 24290 25680 D DBReader: Extracting Feedlist
08-06 15:59:20.910 24290 25680 D DBTasks : Found no existing Feed with title The Joe Rogan Experience. Adding as new one.
08-06 15:59:20.915 24290 25368 D PodDBAdapter: Setting feed with flattr status The Joe Rogan Experience: 0
08-06 15:59:20.915 24290 25368 D baseline.de.danoeh.antennapod.core.storage.PodDBAdapter@150f982: Inserting new Feed into db
08-06 15:59:20.961 24290 24420 I art     : Explicit concurrent mark sweep GC freed 12725(739KB) AllocSpace objects, 0(0B) LOS objects, 31% free, 34MB/50MB, paused 1.547ms total 58.088ms
08-06 15:59:20.978 24290 24420 I art     : Starting a blocking GC Explicit
08-06 15:59:21.039 24290 24420 I art     : Explicit concurrent mark sweep GC freed 20809(1556KB) AllocSpace objects, 0(0B) LOS objects, 31% free, 34MB/50MB, paused 1.459ms total 59.980ms
08-06 15:59:21.351 24290 24880 I art     : Starting a blocking GC Explicit
08-06 15:59:21.421 24290 24880 I art     : Explicit concurrent mark sweep GC freed 92912(6MB) AllocSpace objects, 1(20KB) LOS objects, 31% free, 34MB/50MB, paused 1.327ms total 69.104ms
08-06 15:59:21.436 24290 24290 D EventDistributor: Processing event queue. Number of events: 1
08-06 15:59:21.437 24290 24290 D EventDistributor: Notifying observers. Data: 1
08-06 15:59:21.437 24290 24880 I art     : Starting a blocking GC Explicit
08-06 15:59:21.437 24290 24290 D DownloadService: 0 downloads left
08-06 15:59:21.437 24290 24879 D DBReader: Extracting Feedlist
08-06 15:59:21.437 24290 24290 D DownloadService: Number of downloads is 0, attempting shutdown
08-06 15:59:21.441 24290 24290 D DownloadService: Service shutting down
08-06 15:59:21.441 24290 24290 D DownloadService: No report is created
08-06 15:59:21.441 24290 24290 D OnlineFeedViewActivity: onEventMainThread() called with: event = [DownloadEvent{update=DownloaderUpdate{downloaders=[], feedIds=[], mediaIds=[]}}]
08-06 15:59:21.442 24290 24290 D DownloadService: NotificationUpdater cancelled. Result: false
08-06 15:59:21.443 24290 24290 D DBTasks : autodownloadUndownloadedItems
08-06 15:59:21.443 24290 25624 E downloadCompletionThd: DownloadCompletionThread was interrupted
08-06 15:59:21.444 24290 25369 D NetworkUtils: Device is connected to Wi-Fi
08-06 15:59:21.444 24290 25369 D NetworkUtils: Auto-dl filter is disabled
08-06 15:59:21.484 24290 24880 I art     : Explicit concurrent mark sweep GC freed 30697(3MB) AllocSpace objects, 1(20KB) LOS objects, 33% free, 31MB/47MB, paused 1.109ms total 47.012ms
08-06 15:59:21.498 24290 24880 I art     : Starting a blocking GC Explicit
08-06 15:59:21.543 24290 24880 I art     : Explicit concurrent mark sweep GC freed 117(5KB) AllocSpace objects, 0(0B) LOS objects, 33% free, 31MB/47MB, paused 1.154ms total 44.594ms
08-06 15:59:21.558 24290 24880 I art     : Starting a blocking GC Explicit
08-06 15:59:21.602 24290 24880 I art     : Explicit concurrent mark sweep GC freed 7(208B) AllocSpace objects, 0(0B) LOS objects, 33% free, 31MB/47MB, paused 1.191ms total 43.860ms
08-06 15:59:21.616 24290 24880 I art     : Starting a blocking GC Explicit
08-06 15:59:21.661 24290 24880 I art     : Explicit concurrent mark sweep GC freed 3(96B) AllocSpace objects, 0(0B) LOS objects, 33% free, 31MB/47MB, paused 1.188ms total 44.617ms
08-06 15:59:21.887 22397 22397 I ServiceManager: Waiting for service AtCmdFwd...
08-06 15:59:22.011 24290 24420 I art     : Starting a blocking GC Explicit
08-06 15:59:22.072 24290 24420 I art     : Explicit concurrent mark sweep GC freed 1386(82KB) AllocSpace objects, 1(20KB) LOS objects, 33% free, 31MB/47MB, paused 1.352ms total 59.950ms
08-06 15:59:22.089 24290 24420 I art     : Starting a blocking GC Explicit
08-06 15:59:22.114 25691 25691 D AndroidRuntime: >>>>>> START com.android.internal.os.RuntimeInit uid 2000 <<<<<<
08-06 15:59:22.120 25691 25691 D AndroidRuntime: CheckJNI is OFF
08-06 15:59:22.138 24290 24420 I art     : Explicit concurrent mark sweep GC freed 23(752B) AllocSpace objects, 0(0B) LOS objects, 33% free, 31MB/47MB, paused 1.371ms total 49.260ms
08-06 15:59:22.153 24290 24420 I art     : Starting a blocking GC Explicit
08-06 15:59:22.169 25691 25691 D ICU     : No timezone override file found: /data/misc/zoneinfo/current/icu/icu_tzdata.dat
08-06 15:59:22.199 24290 24420 I art     : Explicit concurrent mark sweep GC freed 3(96B) AllocSpace objects, 0(0B) LOS objects, 33% free, 31MB/47MB, paused 1.350ms total 46.054ms
08-06 15:59:22.214 24290 24420 I art     : Starting a blocking GC Explicit
08-06 15:59:22.217 25691 25691 I Radio-JNI: register_android_hardware_Radio DONE
08-06 15:59:22.245 25691 25691 D AndroidRuntime: Calling main entry com.android.commands.input.Input
08-06 15:59:22.247 25691 25691 I Input   : injectKeyEvent: KeyEvent { action=ACTION_DOWN, keyCode=KEYCODE_BACK, scanCode=0, metaState=0, flags=0x0, repeatCount=0, eventTime=892778660, downTime=892778660, deviceId=-1, source=0x101 }
08-06 15:59:22.254 25691 25691 I Input   : injectKeyEvent: KeyEvent { action=ACTION_UP, keyCode=KEYCODE_BACK, scanCode=0, metaState=0, flags=0x0, repeatCount=0, eventTime=892778660, downTime=892778660, deviceId=-1, source=0x101 }
08-06 15:59:22.261 24290 24420 I art     : Explicit concurrent mark sweep GC freed 10(640B) AllocSpace objects, 0(0B) LOS objects, 33% free, 31MB/47MB, paused 1.279ms total 46.968ms
08-06 15:59:22.262 25691 25691 D AndroidRuntime: Shutting down VM
08-06 15:59:22.268 24290 24290 V PlaybackController: initServiceNotRunning()
08-06 15:59:22.268 24290 24290 D ExternalPlayerFragment: Loading media info
08-06 15:59:22.273 24290 24290 D UserPreferences: Using default data folder
08-06 15:59:22.274 24290 24879 D DBReader: getNavDrawerData() called with: 
08-06 15:59:22.276 24290 24420 I art     : Starting a blocking GC Explicit
08-06 15:59:22.290 24290 24879 D DBReader: getDownloadedItems() called
08-06 15:59:22.291 24290 24879 D DBReader: getFavoriteIDList() called
08-06 15:59:22.292 24290 24879 D DBReader: getQueueIDList() called
08-06 15:59:22.293 24290 24879 D DBReader: Extracting Feedlist
08-06 15:59:22.306 13866 13866 I GoogleInputMethodServic: GoogleInputMethodService.onFinishInput():3138 
08-06 15:59:22.306 24290 24290 D MainActivity: getLastNavFragment() -> AddFeedFragment
08-06 15:59:22.306 13866 13866 I GoogleInputMethodServic: GoogleInputMethodService.onStartInput():1808 
08-06 15:59:22.310 24290 25256 D ApOkHttpUrlLoader: buildLoadData() called with: model = [http://static.libsyn.com/p/assets/7/1/f/3/71f3014e14ef2722/JREiTunesImage2.jpg], width = [140], height = [140]
08-06 15:59:22.318 24290 24420 I art     : Explicit concurrent mark sweep GC freed 871(65KB) AllocSpace objects, 0(0B) LOS objects, 33% free, 31MB/47MB, paused 1.791ms total 41.635ms
08-06 15:59:22.355 24290 25256 D ApOkHttpUrlLoader: buildLoadData() called with: model = [http://static.libsyn.com/p/assets/7/1/f/3/71f3014e14ef2722/JREiTunesImage2.jpg], width = [140], height = [140]
08-06 15:59:22.629   380   380 W SurfaceFlinger: couldn't log to binary event log: overflow.
08-06 15:59:22.637 24290 24302 I art     : Starting a blocking GC Explicit
08-06 15:59:22.683 24290 24302 I art     : Explicit concurrent mark sweep GC freed 2952(162KB) AllocSpace objects, 1(20KB) LOS objects, 33% free, 31MB/47MB, paused 1.154ms total 45.145ms
08-06 15:59:22.696 24290 24302 I art     : Starting a blocking GC Explicit
08-06 15:59:22.743 24290 24302 I art     : Explicit concurrent mark sweep GC freed 351(19KB) AllocSpace objects, 0(0B) LOS objects, 33% free, 31MB/47MB, paused 1.159ms total 45.693ms
08-06 15:59:22.757 24290 24302 I art     : Starting a blocking GC Explicit
08-06 15:59:22.797 24290 24302 I art     : Explicit concurrent mark sweep GC freed 33198(3MB) AllocSpace objects, 2(248KB) LOS objects, 36% free, 28MB/44MB, paused 1.151ms total 39.057ms
08-06 15:59:22.808 24290 24302 I art     : Starting a blocking GC Explicit
08-06 15:59:22.843 24290 24302 I art     : Explicit concurrent mark sweep GC freed 3(96B) AllocSpace objects, 0(0B) LOS objects, 36% free, 28MB/44MB, paused 1.153ms total 33.886ms
08-06 15:59:22.854 24290 24302 I art     : Starting a blocking GC Explicit
08-06 15:59:22.888 22397 22397 I ServiceManager: Waiting for service AtCmdFwd...
08-06 15:59:22.888 24290 24302 I art     : Explicit concurrent mark sweep GC freed 3(96B) AllocSpace objects, 0(0B) LOS objects, 36% free, 28MB/44MB, paused 1.267ms total 33.686ms
08-06 15:59:23.213 24290 24880 I art     : Starting a blocking GC Explicit
08-06 15:59:23.255 24290 24880 I art     : Explicit concurrent mark sweep GC freed 1376(82KB) AllocSpace objects, 1(20KB) LOS objects, 36% free, 28MB/44MB, paused 1.160ms total 41.644ms
08-06 15:59:23.269 24290 24880 I art     : Starting a blocking GC Explicit
08-06 15:59:23.303 24290 24880 I art     : Explicit concurrent mark sweep GC freed 23(752B) AllocSpace objects, 0(0B) LOS objects, 36% free, 28MB/44MB, paused 1.175ms total 34.301ms
08-06 15:59:23.315 24290 24880 I art     : Starting a blocking GC Explicit
08-06 15:59:23.350 24290 24880 I art     : Explicit concurrent mark sweep GC freed 3(96B) AllocSpace objects, 0(0B) LOS objects, 36% free, 28MB/44MB, paused 1.186ms total 34.123ms
08-06 15:59:23.362 24290 24880 I art     : Starting a blocking GC Explicit
08-06 15:59:23.397 24290 24880 I art     : Explicit concurrent mark sweep GC freed 3(96B) AllocSpace objects, 0(0B) LOS objects, 36% free, 28MB/44MB, paused 1.183ms total 34.807ms
08-06 15:59:23.409 24290 24880 I art     : Starting a blocking GC Explicit
08-06 15:59:23.443 24290 24880 I art     : Explicit concurrent mark sweep GC freed 32(880B) AllocSpace objects, 0(0B) LOS objects, 36% free, 28MB/44MB, paused 1.169ms total 33.966ms
08-06 15:59:23.734 24290 24301 I art     : Starting a blocking GC Explicit
08-06 15:59:23.774 24290 24301 I art     : Explicit concurrent mark sweep GC freed 1373(80KB) AllocSpace objects, 1(20KB) LOS objects, 36% free, 28MB/44MB, paused 1.225ms total 40.062ms
08-06 15:59:23.788 24290 24301 I art     : Starting a blocking GC Explicit
08-06 15:59:23.821 24290 24301 I art     : Explicit concurrent mark sweep GC freed 23(752B) AllocSpace objects, 0(0B) LOS objects, 36% free, 28MB/44MB, paused 1.158ms total 32.850ms
08-06 15:59:23.833 24290 24301 I art     : Starting a blocking GC Explicit
08-06 15:59:23.866 24290 24301 I art     : Explicit concurrent mark sweep GC freed 3(96B) AllocSpace objects, 0(0B) LOS objects, 36% free, 28MB/44MB, paused 1.175ms total 33.170ms
08-06 15:59:23.878 24290 24301 I art     : Starting a blocking GC Explicit
08-06 15:59:23.888 22397 22397 W Atfwd_Sendcmd: AtCmdFwd service not published, waiting... retryCnt : 4
08-06 15:59:23.912 24290 24301 I art     : Explicit concurrent mark sweep GC freed 4(128B) AllocSpace objects, 0(0B) LOS objects, 36% free, 28MB/44MB, paused 1.294ms total 33.750ms
08-06 15:59:23.924 24290 24301 I art     : Starting a blocking GC Explicit
08-06 15:59:23.962 24290 24301 I art     : Explicit concurrent mark sweep GC freed 8(256B) AllocSpace objects, 0(0B) LOS objects, 36% free, 28MB/44MB, paused 1.164ms total 37.334ms
08-06 15:59:24.060 25735 25735 D AndroidRuntime: >>>>>> START com.android.internal.os.RuntimeInit uid 2000 <<<<<<
08-06 15:59:24.066 25735 25735 D AndroidRuntime: CheckJNI is OFF
08-06 15:59:24.109 25735 25735 D ICU     : No timezone override file found: /data/misc/zoneinfo/current/icu/icu_tzdata.dat
08-06 15:59:24.154 25735 25735 I Radio-JNI: register_android_hardware_Radio DONE
08-06 15:59:24.183 25735 25735 D AndroidRuntime: Calling main entry com.android.commands.input.Input
08-06 15:59:24.185 25735 25735 I Input   : injectMotionEvent: MotionEvent { action=ACTION_DOWN, actionButton=0, id[0]=0, x[0]=639.0, y[0]=762.0, toolType[0]=TOOL_TYPE_UNKNOWN, buttonState=0, metaState=0, flags=0x0, edgeFlags=0x0, pointerCount=1, historySize=0, eventTime=892780597, downTime=892780597, deviceId=0, source=0x1002 }
08-06 15:59:24.191 25735 25735 I Input   : injectMotionEvent: MotionEvent { action=ACTION_UP, actionButton=0, id[0]=0, x[0]=639.0, y[0]=762.0, toolType[0]=TOOL_TYPE_UNKNOWN, buttonState=0, metaState=0, flags=0x0, edgeFlags=0x0, pointerCount=1, historySize=0, eventTime=892780597, downTime=892780597, deviceId=0, source=0x1002 }
08-06 15:59:24.194 25735 25735 D AndroidRuntime: Shutting down VM
08-06 15:59:24.260   512  2967 D audio_hw_primary: out_set_parameters: enter: usecase(1: low-latency-playback) kvpairs: routing=2
08-06 15:59:24.270 13866 13866 I GoogleInputMethodServic: GoogleInputMethodService.onFinishInput():3138 
08-06 15:59:24.270 13866 13866 I GoogleInputMethodServic: GoogleInputMethodService.onStartInput():1808 
08-06 15:59:24.273   512  2967 D audio_hw_primary: select_devices: out_snd_device(2: speaker) in_snd_device(0: none)
08-06 15:59:24.273   512  2967 D msm8974_platform: platform_send_audio_calibration: sending audio calibration for snd_device(2) acdb_id(15)
08-06 15:59:24.273   512  2967 I soundtrigger: audio_extn_sound_trigger_update_device_status: device 0x2 of type 0 for Event 1
08-06 15:59:24.285   512  2967 D audio_hw_primary: enable_snd_device: snd_device(2: speaker)
08-06 15:59:24.288   512  2967 D audio_hw_primary: enable_audio_route: apply and update mixer path: low-latency-playback speaker
08-06 15:59:24.314 24290 24301 I art     : Starting a blocking GC Explicit
08-06 15:59:24.349 24290 24301 I art     : Explicit concurrent mark sweep GC freed 1853(103KB) AllocSpace objects, 1(20KB) LOS objects, 36% free, 28MB/44MB, paused 1.228ms total 35.226ms
08-06 15:59:24.361 24290 24301 I art     : Starting a blocking GC Explicit
08-06 15:59:24.394 24290 24301 I art     : Explicit concurrent mark sweep GC freed 52(1952B) AllocSpace objects, 0(0B) LOS objects, 36% free, 28MB/44MB, paused 1.341ms total 32.966ms
08-06 15:59:24.405 24290 24301 I art     : Starting a blocking GC Explicit
08-06 15:59:24.437 24290 24316 I NAPPA_EXPERIMENTATION: MetricNetworkRequestExecutionTime: REQUEST_DURATION_SYSTEM='178',REQUEST_DURATION_OKHTTP='175',REQUEST_SYNCHRONOUS='TRUE',RESPONSE_CODE='200',RESPONSE_METHOD='GET',RESPONSE_LENGTH_OKHTTP='-1',RESPONSE_LENGTH_HEADER='622',REQUEST_PROTOCOL='h2',REQUEST_URL='https://itunes.apple.com/lookup?id=360084272',
08-06 15:59:24.438 24290 24301 I art     : Explicit concurrent mark sweep GC freed 119(8KB) AllocSpace objects, 0(0B) LOS objects, 36% free, 28MB/44MB, paused 1.645ms total 32.782ms
08-06 15:59:24.449   918  3696 I ActivityManager: START u0 {cmp=baseline.de.danoeh.antennapod.debug/baseline.de.danoeh.antennapod.activity.OnlineFeedViewActivity (has extras)} from uid 10711 on display 0
08-06 15:59:24.451 24290 24301 I art     : Starting a blocking GC Explicit
08-06 15:59:24.473 13866 13866 I GoogleInputMethodServic: GoogleInputMethodService.onFinishInput():3138 
08-06 15:59:24.475 13866 13866 I GoogleInputMethodServic: GoogleInputMethodService.onStartInput():1808 
08-06 15:59:24.485 24290 24301 I art     : Explicit concurrent mark sweep GC freed 654(43KB) AllocSpace objects, 0(0B) LOS objects, 36% free, 28MB/44MB, paused 1.381ms total 33.958ms
08-06 15:59:24.498 24290 24301 I art     : Starting a blocking GC Explicit
08-06 15:59:24.502 24290 24290 D UserPreferences: Using default data folder
08-06 15:59:24.503 24290 24290 D OnlineFeedViewActivity: Activity was started with url http://joeroganexp.joerogan.libsynpro.com/rss
08-06 15:59:24.506 24290 24290 D OnlineFeedViewActivity: Starting feed download
08-06 15:59:24.509 24290 24310 D DBReader: Extracting Feedlist
08-06 15:59:24.511   918  3961 D WifiService: acquireWifiLockLocked: WifiLock{Downloader type=1 binder=android.os.BinderProxy@8b9e57a}
08-06 15:59:24.513 24290 24310 D AntennapodHttpClient: Creating new instance of HTTP client
08-06 15:59:24.531 24290 24301 I art     : Explicit concurrent mark sweep GC freed 929(69KB) AllocSpace objects, 0(0B) LOS objects, 36% free, 28MB/44MB, paused 1.298ms total 33.123ms
08-06 15:59:24.561 13866 13866 I GoogleInputMethodServic: GoogleInputMethodService.onFinishInput():3138 
08-06 15:59:24.562 13866 13866 I GoogleInputMethodServic: GoogleInputMethodService.onStartInput():1808 
08-06 15:59:24.575 24290 24310 D MYTAG   : interceptor 3a http://joeroganexp.joerogan.libsynpro.com/rss
08-06 15:59:24.575 24290 24310 I NAPPA_EXPERIMENTATION: MetricNetworkRequestExecutionTime: REQUEST_DURATION_SYSTEM='60',REQUEST_DURATION_OKHTTP='55',REQUEST_SYNCHRONOUS='TRUE',RESPONSE_CODE='200',RESPONSE_METHOD='GET',RESPONSE_LENGTH_OKHTTP='-1',RESPONSE_LENGTH_HEADER='307892',REQUEST_PROTOCOL='http/1.1',REQUEST_URL='http://joeroganexp.joerogan.libsynpro.com/rss',
08-06 15:59:24.575 24290 24310 D HttpDownloader: Response code is 200
08-06 15:59:24.575 24290 24310 D UserPreferences: Using default data folder
08-06 15:59:24.578 24290 24310 D HttpDownloader: Getting size of download
08-06 15:59:24.578 24290 24310 D HttpDownloader: Size is -1
08-06 15:59:24.578 24290 24310 D UserPreferences: Using default data folder
08-06 15:59:24.579 24290 24310 D HttpDownloader: Free space is 20249034752
08-06 15:59:24.579 24290 24310 D HttpDownloader: Starting download
08-06 15:59:24.583   918   936 I ActivityManager: Displayed baseline.de.danoeh.antennapod.debug/baseline.de.danoeh.antennapod.activity.OnlineFeedViewActivity: +109ms
08-06 15:59:24.610 24290 24311 D OpenGLRenderer: endAllStagingAnimators on 0x7f7ecc5c00 (GridView) with handle 0x7f7f018140
08-06 15:59:24.745 24290 24310 D HttpDownloader: Download was successful
08-06 15:59:24.746   918  6111 D WifiService: releaseWifiLockLocked: WifiLock{Downloader type=1 binder=android.os.BinderProxy@8b9e57a}
08-06 15:59:24.746 24290 24290 D OnlineFeedViewActivity: Parsing feed
08-06 15:59:24.752 24290 25779 D TypeGetter: Recognized type RSS 2.0
08-06 15:59:24.755 24290 25779 D SyndHandler: Recognized Atom namespace
08-06 15:59:24.755 24290 25779 D SyndHandler: Recognized ITunes namespace
08-06 15:59:24.755 24290 25779 D SyndHandler: Recognized media namespace
08-06 15:59:24.755 24290 25779 D SyndHandler: Recognized Content namespace
08-06 15:59:24.823 24290 24880 I art     : Starting a blocking GC Explicit
08-06 15:59:24.829   512  2967 D audio_hw_primary: disable_audio_route: reset and update mixer path: low-latency-playback speaker
08-06 15:59:24.831   512  2967 D audio_hw_primary: disable_snd_device: snd_device(2: speaker)
08-06 15:59:24.832   380   380 W SurfaceFlinger: couldn't log to binary event log: overflow.
08-06 15:59:24.840   512  2967 I soundtrigger: audio_extn_sound_trigger_update_device_status: device 0x2 of type 0 for Event 0
08-06 15:59:24.865 24290 24880 I art     : Explicit concurrent mark sweep GC freed 7087(535KB) AllocSpace objects, 4(80KB) LOS objects, 35% free, 28MB/44MB, paused 1.461ms total 41.564ms
08-06 15:59:24.878 24290 24880 I art     : Starting a blocking GC Explicit
08-06 15:59:24.909 24290 24880 I art     : Explicit concurrent mark sweep GC freed 3607(179KB) AllocSpace objects, 0(0B) LOS objects, 35% free, 28MB/44MB, paused 1.445ms total 30.949ms
08-06 15:59:24.920 24290 24880 I art     : Starting a blocking GC Explicit
08-06 15:59:24.953 24290 24880 I art     : Explicit concurrent mark sweep GC freed 2566(136KB) AllocSpace objects, 0(0B) LOS objects, 35% free, 28MB/44MB, paused 1.498ms total 33.207ms
08-06 15:59:24.954 24290 24290 D PlaybackController: Releasing PlaybackController
08-06 15:59:24.965 24290 24880 I art     : Starting a blocking GC Explicit
08-06 15:59:24.999 24290 24880 I art     : Explicit concurrent mark sweep GC freed 2782(140KB) AllocSpace objects, 0(0B) LOS objects, 35% free, 28MB/44MB, paused 1.413ms total 33.336ms
08-06 15:59:25.010 24290 24880 I art     : Starting a blocking GC Explicit
08-06 15:59:25.044 24290 24880 I art     : Explicit concurrent mark sweep GC freed 2658(130KB) AllocSpace objects, 0(0B) LOS objects, 35% free, 28MB/44MB, paused 1.537ms total 33.913ms
08-06 15:59:25.342 24290 24420 I art     : Starting a blocking GC Explicit
08-06 15:59:25.386 24290 24420 I art     : Explicit concurrent mark sweep GC freed 19665(1061KB) AllocSpace objects, 1(20KB) LOS objects, 35% free, 29MB/45MB, paused 1.661ms total 43.627ms
08-06 15:59:25.398 24290 24420 I art     : Starting a blocking GC Explicit
08-06 15:59:25.435 24290 24420 I art     : Explicit concurrent mark sweep GC freed 5728(280KB) AllocSpace objects, 0(0B) LOS objects, 35% free, 29MB/45MB, paused 1.531ms total 35.936ms
08-06 15:59:25.446 24290 24420 I art     : Starting a blocking GC Explicit
08-06 15:59:25.482 24290 24420 I art     : Explicit concurrent mark sweep GC freed 4873(232KB) AllocSpace objects, 0(0B) LOS objects, 35% free, 29MB/45MB, paused 1.391ms total 35.881ms
08-06 15:59:25.494 24290 24420 I art     : Starting a blocking GC Explicit
08-06 15:59:25.530 24290 24420 I art     : Explicit concurrent mark sweep GC freed 2828(148KB) AllocSpace objects, 0(0B) LOS objects, 35% free, 29MB/45MB, paused 1.536ms total 35.343ms
08-06 15:59:25.541 24290 24420 I art     : Starting a blocking GC Explicit
08-06 15:59:25.578 24290 24420 I art     : Explicit concurrent mark sweep GC freed 2708(134KB) AllocSpace objects, 0(0B) LOS objects, 35% free, 29MB/45MB, paused 1.614ms total 36.064ms
08-06 15:59:25.873 24290 24302 I art     : Starting a blocking GC Explicit
08-06 15:59:25.958 24290 24302 I art     : Explicit concurrent mark sweep GC freed 21766(1146KB) AllocSpace objects, 1(20KB) LOS objects, 34% free, 29MB/45MB, paused 2.491ms total 83.909ms
08-06 15:59:25.975 24290 24302 I art     : Starting a blocking GC Explicit
08-06 15:59:26.012 24290 24302 I art     : Explicit concurrent mark sweep GC freed 8190(403KB) AllocSpace objects, 0(0B) LOS objects, 34% free, 29MB/45MB, paused 1.627ms total 37.381ms
08-06 15:59:26.025 24290 24302 I art     : Starting a blocking GC Explicit
08-06 15:59:26.062 24290 24302 I art     : Explicit concurrent mark sweep GC freed 3993(200KB) AllocSpace objects, 0(0B) LOS objects, 34% free, 29MB/45MB, paused 1.509ms total 37.278ms
08-06 15:59:26.075 24290 24302 I art     : Starting a blocking GC Explicit
08-06 15:59:26.111 24290 24302 I art     : Explicit concurrent mark sweep GC freed 2917(154KB) AllocSpace objects, 0(0B) LOS objects, 34% free, 29MB/45MB, paused 1.623ms total 36.363ms
08-06 15:59:26.123 24290 24302 I art     : Starting a blocking GC Explicit
08-06 15:59:26.160   918  3188 I hubconnection: sensorhub said: 'set_bias 3: -6.2400, 0.0000, 0.0000'
08-06 15:59:26.162 24290 24302 I art     : Explicit concurrent mark sweep GC freed 2725(154KB) AllocSpace objects, 0(0B) LOS objects, 34% free, 29MB/45MB, paused 1.555ms total 37.883ms
08-06 15:59:26.494 24290 24420 I art     : Starting a blocking GC Explicit
08-06 15:59:26.544 24290 24420 I art     : Explicit concurrent mark sweep GC freed 21483(1158KB) AllocSpace objects, 1(20KB) LOS objects, 34% free, 30MB/46MB, paused 1.760ms total 49.484ms
08-06 15:59:26.558 24290 24420 I art     : Starting a blocking GC Explicit
08-06 15:59:26.572   518   646 I ThermalEngine: ACTION: GPU - Setting GPU[0] to 390000000
08-06 15:59:26.628 24290 24420 I art     : Explicit concurrent mark sweep GC freed 6970(339KB) AllocSpace objects, 0(0B) LOS objects, 34% free, 30MB/46MB, paused 2.133ms total 69.816ms
08-06 15:59:26.648 24290 24420 I art     : Starting a blocking GC Explicit
08-06 15:59:26.699 24290 24420 I art     : Explicit concurrent mark sweep GC freed 5708(288KB) AllocSpace objects, 0(0B) LOS objects, 34% free, 30MB/46MB, paused 2.203ms total 51.680ms
08-06 15:59:26.723 24290 24420 I art     : Starting a blocking GC Explicit
08-06 15:59:26.772 24290 24420 I art     : Explicit concurrent mark sweep GC freed 3581(186KB) AllocSpace objects, 0(0B) LOS objects, 34% free, 30MB/46MB, paused 2.278ms total 48.805ms
08-06 15:59:26.790 24290 24420 I art     : Starting a blocking GC Explicit
08-06 15:59:26.841 24290 24420 I art     : Explicit concurrent mark sweep GC freed 3100(172KB) AllocSpace objects, 0(0B) LOS objects, 34% free, 30MB/46MB, paused 2.077ms total 50.709ms
08-06 15:59:27.174 24290 24302 I art     : Starting a blocking GC Explicit
08-06 15:59:27.235 24290 24302 I art     : Explicit concurrent mark sweep GC freed 16054(875KB) AllocSpace objects, 1(20KB) LOS objects, 34% free, 30MB/46MB, paused 2.239ms total 61.163ms
08-06 15:59:27.255 24290 24302 I art     : Starting a blocking GC Explicit
08-06 15:59:27.306 24290 24302 I art     : Explicit concurrent mark sweep GC freed 7371(356KB) AllocSpace objects, 0(0B) LOS objects, 34% free, 30MB/46MB, paused 2.507ms total 50.828ms
08-06 15:59:27.325 24290 24302 I art     : Starting a blocking GC Explicit
08-06 15:59:27.377 24290 24302 I art     : Explicit concurrent mark sweep GC freed 3379(174KB) AllocSpace objects, 0(0B) LOS objects, 34% free, 30MB/46MB, paused 2.492ms total 51.834ms
08-06 15:59:27.397 24290 24302 I art     : Starting a blocking GC Explicit
08-06 15:59:27.453 24290 24302 I art     : Explicit concurrent mark sweep GC freed 3539(178KB) AllocSpace objects, 0(0B) LOS objects, 34% free, 30MB/46MB, paused 2.602ms total 55.520ms
08-06 15:59:27.473 24290 24302 I art     : Starting a blocking GC Explicit
08-06 15:59:27.526 24290 24302 I art     : Explicit concurrent mark sweep GC freed 3318(169KB) AllocSpace objects, 0(0B) LOS objects, 34% free, 30MB/46MB, paused 2.092ms total 52.689ms
08-06 15:59:27.859 24290 24301 I art     : Starting a blocking GC Explicit
08-06 15:59:27.916 24290 24301 I art     : Explicit concurrent mark sweep GC freed 16329(872KB) AllocSpace objects, 1(20KB) LOS objects, 33% free, 31MB/47MB, paused 2.189ms total 56.492ms
08-06 15:59:27.935 24290 24301 I art     : Starting a blocking GC Explicit
08-06 15:59:27.987 24290 24301 I art     : Explicit concurrent mark sweep GC freed 7675(335KB) AllocSpace objects, 0(0B) LOS objects, 33% free, 31MB/47MB, paused 2.293ms total 52.077ms
08-06 15:59:28.007 24290 24301 I art     : Starting a blocking GC Explicit
08-06 15:59:28.060 24290 24301 I art     : Explicit concurrent mark sweep GC freed 3606(152KB) AllocSpace objects, 0(0B) LOS objects, 33% free, 31MB/47MB, paused 2.383ms total 53.234ms
08-06 15:59:28.080 24290 24301 I art     : Starting a blocking GC Explicit
08-06 15:59:28.132 24290 24301 I art     : Explicit concurrent mark sweep GC freed 3570(160KB) AllocSpace objects, 0(0B) LOS objects, 33% free, 31MB/47MB, paused 2.206ms total 52.180ms
08-06 15:59:28.152 24290 24301 I art     : Starting a blocking GC Explicit
08-06 15:59:28.205 24290 24301 I art     : Explicit concurrent mark sweep GC freed 3699(158KB) AllocSpace objects, 0(0B) LOS objects, 33% free, 31MB/47MB, paused 2.332ms total 53.468ms
08-06 15:59:28.500 24290 25779 D OnlineFeedViewActivity: Deleted feed source file. Result: true
08-06 15:59:28.503 24290 24290 D OnlineFeedViewActivity: Removing HTML from shownotes
08-06 15:59:28.539 24290 24420 I art     : Starting a blocking GC Explicit
08-06 15:59:28.611 24290 24420 I art     : Explicit concurrent mark sweep GC freed 67257(5MB) AllocSpace objects, 237(15MB) LOS objects, 31% free, 34MB/50MB, paused 2.187ms total 70.981ms
08-06 15:59:28.634 24290 24420 I art     : Starting a blocking GC Explicit
08-06 15:59:28.697 24290 24420 I art     : Explicit concurrent mark sweep GC freed 57084(4MB) AllocSpace objects, 239(15MB) LOS objects, 32% free, 33MB/49MB, paused 2.035ms total 63.034ms
08-06 15:59:28.720 24290 24420 I art     : Starting a blocking GC Explicit
08-06 15:59:28.781 24290 24420 I art     : Explicit concurrent mark sweep GC freed 49696(4MB) AllocSpace objects, 217(14MB) LOS objects, 32% free, 33MB/49MB, paused 2.148ms total 61.373ms
08-06 15:59:28.782 24290 24300 I art     : WaitForGcToComplete blocked for 6.966ms for cause HeapTrim
08-06 15:59:28.804 24290 24420 I art     : Starting a blocking GC Explicit
08-06 15:59:28.869 24290 24420 I art     : Explicit concurrent mark sweep GC freed 46529(3MB) AllocSpace objects, 212(14MB) LOS objects, 32% free, 33MB/49MB, paused 2.114ms total 64.122ms
08-06 15:59:28.890 24290 24420 I art     : Starting a blocking GC Explicit
08-06 15:59:28.957 24290 24420 I art     : Explicit concurrent mark sweep GC freed 52781(4MB) AllocSpace objects, 230(15MB) LOS objects, 32% free, 33MB/49MB, paused 2.289ms total 66.372ms
08-06 15:59:29.068 25839 25839 D AndroidRuntime: >>>>>> START com.android.internal.os.RuntimeInit uid 2000 <<<<<<
08-06 15:59:29.074 25839 25839 D AndroidRuntime: CheckJNI is OFF
08-06 15:59:29.135 25839 25839 D ICU     : No timezone override file found: /data/misc/zoneinfo/current/icu/icu_tzdata.dat
08-06 15:59:29.135 24290 24290 I Choreographer: Skipped 37 frames!  The application may be doing too much work on its main thread.
08-06 15:59:29.189 25839 25839 I Radio-JNI: register_android_hardware_Radio DONE
08-06 15:59:29.221 25839 25839 D AndroidRuntime: Calling main entry com.android.commands.input.Input
08-06 15:59:29.223 25839 25839 I Input   : injectKeyEvent: KeyEvent { action=ACTION_DOWN, keyCode=KEYCODE_BACK, scanCode=0, metaState=0, flags=0x0, repeatCount=0, eventTime=892785636, downTime=892785636, deviceId=-1, source=0x101 }
08-06 15:59:29.228 25839 25839 I Input   : injectKeyEvent: KeyEvent { action=ACTION_UP, keyCode=KEYCODE_BACK, scanCode=0, metaState=0, flags=0x0, repeatCount=0, eventTime=892785636, downTime=892785636, deviceId=-1, source=0x101 }
08-06 15:59:29.233 25839 25839 D AndroidRuntime: Shutting down VM
08-06 15:59:29.239 24290 24290 V PlaybackController: initServiceNotRunning()
08-06 15:59:29.240 24290 24290 D ExternalPlayerFragment: Loading media info
08-06 15:59:29.244 24290 24290 D UserPreferences: Using default data folder
08-06 15:59:29.245 24290 24310 D DBReader: getNavDrawerData() called with: 
08-06 15:59:29.261 24290 24310 D DBReader: getDownloadedItems() called
08-06 15:59:29.263 24290 24310 D DBReader: getFavoriteIDList() called
08-06 15:59:29.265 24290 24310 D DBReader: getQueueIDList() called
08-06 15:59:29.266 24290 24310 D DBReader: Extracting Feedlist
08-06 15:59:29.304 24290 24290 D MainActivity: getLastNavFragment() -> AddFeedFragment
08-06 15:59:29.304 24290 24301 I art     : Starting a blocking GC Explicit
08-06 15:59:29.306 13866 13866 I GoogleInputMethodServic: GoogleInputMethodService.onFinishInput():3138 
08-06 15:59:29.307 13866 13866 I GoogleInputMethodServic: GoogleInputMethodService.onStartInput():1808 
08-06 15:59:29.368 24290 24301 I art     : Explicit concurrent mark sweep GC freed 2397(150KB) AllocSpace objects, 1(68KB) LOS objects, 33% free, 31MB/47MB, paused 1.760ms total 63.574ms
08-06 15:59:29.389 24290 24301 I art     : Starting a blocking GC Explicit
08-06 15:59:29.446 24290 24301 I art     : Explicit concurrent mark sweep GC freed 843(41KB) AllocSpace objects, 1(112KB) LOS objects, 33% free, 31MB/47MB, paused 3.371ms total 55.525ms
08-06 15:59:29.473 24290 24301 I art     : Starting a blocking GC Explicit
08-06 15:59:29.548 24290 24301 I art     : Explicit concurrent mark sweep GC freed 113(7KB) AllocSpace objects, 0(0B) LOS objects, 33% free, 31MB/47MB, paused 2.973ms total 74.477ms
08-06 15:59:29.574 24290 24301 I art     : Starting a blocking GC Explicit
08-06 15:59:29.586   380   380 W SurfaceFlinger: couldn't log to binary event log: overflow.
08-06 15:59:29.632 24290 24301 I art     : Explicit concurrent mark sweep GC freed 548(23KB) AllocSpace objects, 0(0B) LOS objects, 33% free, 31MB/47MB, paused 1.680ms total 57.987ms
08-06 15:59:29.653 24290 24301 I art     : Starting a blocking GC Explicit
08-06 15:59:29.712 24290 24301 I art     : Explicit concurrent mark sweep GC freed 63(2416B) AllocSpace objects, 0(0B) LOS objects, 33% free, 31MB/47MB, paused 1.691ms total 58.909ms
08-06 15:59:30.068 24290 24880 I art     : Starting a blocking GC Explicit
08-06 15:59:30.149 24290 24880 I art     : Explicit concurrent mark sweep GC freed 1381(80KB) AllocSpace objects, 1(20KB) LOS objects, 33% free, 31MB/47MB, paused 1.894ms total 80.609ms
08-06 15:59:30.172 24290 24880 I art     : Starting a blocking GC Explicit
08-06 15:59:30.236 24290 24880 I art     : Explicit concurrent mark sweep GC freed 23(752B) AllocSpace objects, 0(0B) LOS objects, 33% free, 31MB/47MB, paused 1.995ms total 63.233ms
08-06 15:59:30.269 24290 24880 I art     : Starting a blocking GC Explicit
08-06 15:59:30.339 24290 24880 I art     : Explicit concurrent mark sweep GC freed 3(96B) AllocSpace objects, 0(0B) LOS objects, 33% free, 31MB/47MB, paused 2.129ms total 69.376ms
08-06 15:59:30.367 24290 24880 I art     : Starting a blocking GC Explicit
08-06 15:59:30.433 24290 24880 I art     : Explicit concurrent mark sweep GC freed 31(848B) AllocSpace objects, 0(0B) LOS objects, 33% free, 31MB/47MB, paused 1.767ms total 65.417ms
08-06 15:59:30.457 24290 24880 I art     : Starting a blocking GC Explicit
08-06 15:59:30.517 24290 24880 I art     : Explicit concurrent mark sweep GC freed 4(128B) AllocSpace objects, 0(0B) LOS objects, 33% free, 31MB/47MB, paused 1.780ms total 59.789ms
08-06 15:59:30.572   518   646 I ThermalEngine: ACTION: GPU - Setting GPU[0] to 450000000
08-06 15:59:30.836 24290 24420 I art     : Starting a blocking GC Explicit
08-06 15:59:30.895 24290 24420 I art     : Explicit concurrent mark sweep GC freed 1480(88KB) AllocSpace objects, 1(20KB) LOS objects, 33% free, 31MB/47MB, paused 1.927ms total 58.843ms
08-06 15:59:30.913 24290 24420 I art     : Starting a blocking GC Explicit
08-06 15:59:30.950 24290 24420 I art     : Explicit concurrent mark sweep GC freed 33176(3MB) AllocSpace objects, 1(28KB) LOS objects, 36% free, 28MB/44MB, paused 1.132ms total 37.449ms
08-06 15:59:30.961 24290 24420 I art     : Starting a blocking GC Explicit
08-06 15:59:30.992 24290 24420 I art     : Explicit concurrent mark sweep GC freed 9(288B) AllocSpace objects, 0(0B) LOS objects, 36% free, 28MB/44MB, paused 1.147ms total 30.757ms
08-06 15:59:31.004 24290 24420 I art     : Starting a blocking GC Explicit
08-06 15:59:31.017 25874 25874 D AndroidRuntime: >>>>>> START com.android.internal.os.RuntimeInit uid 2000 <<<<<<
08-06 15:59:31.022 25874 25874 D AndroidRuntime: CheckJNI is OFF
08-06 15:59:31.035 24290 24420 I art     : Explicit concurrent mark sweep GC freed 7(224B) AllocSpace objects, 0(0B) LOS objects, 36% free, 28MB/44MB, paused 1.155ms total 31.513ms
08-06 15:59:31.047 24290 24420 I art     : Starting a blocking GC Explicit
08-06 15:59:31.064 25874 25874 D ICU     : No timezone override file found: /data/misc/zoneinfo/current/icu/icu_tzdata.dat
08-06 15:59:31.078 24290 24420 I art     : Explicit concurrent mark sweep GC freed 9(288B) AllocSpace objects, 0(0B) LOS objects, 36% free, 28MB/44MB, paused 1.230ms total 31.482ms
08-06 15:59:31.107 25874 25874 I Radio-JNI: register_android_hardware_Radio DONE
08-06 15:59:31.135 25874 25874 D AndroidRuntime: Calling main entry com.android.commands.input.Input
08-06 15:59:31.137 25874 25874 I Input   : injectMotionEvent: MotionEvent { action=ACTION_DOWN, actionButton=0, id[0]=0, x[0]=616.0, y[0]=469.0, toolType[0]=TOOL_TYPE_UNKNOWN, buttonState=0, metaState=0, flags=0x0, edgeFlags=0x0, pointerCount=1, historySize=0, eventTime=892787549, downTime=892787549, deviceId=0, source=0x1002 }
08-06 15:59:31.143 25874 25874 I Input   : injectMotionEvent: MotionEvent { action=ACTION_UP, actionButton=0, id[0]=0, x[0]=616.0, y[0]=469.0, toolType[0]=TOOL_TYPE_UNKNOWN, buttonState=0, metaState=0, flags=0x0, edgeFlags=0x0, pointerCount=1, historySize=0, eventTime=892787549, downTime=892787549, deviceId=0, source=0x1002 }
08-06 15:59:31.145 25874 25874 D AndroidRuntime: Shutting down VM
08-06 15:59:31.211   512  2967 D audio_hw_primary: out_set_parameters: enter: usecase(1: low-latency-playback) kvpairs: routing=2
08-06 15:59:31.224   512  2967 D audio_hw_primary: select_devices: out_snd_device(2: speaker) in_snd_device(0: none)
08-06 15:59:31.224   512  2967 D msm8974_platform: platform_send_audio_calibration: sending audio calibration for snd_device(2) acdb_id(15)
08-06 15:59:31.225   512  2967 I soundtrigger: audio_extn_sound_trigger_update_device_status: device 0x2 of type 0 for Event 1
08-06 15:59:31.232 13866 13866 I GoogleInputMethodServic: GoogleInputMethodService.onFinishInput():3138 
08-06 15:59:31.233 13866 13866 I GoogleInputMethodServic: GoogleInputMethodService.onStartInput():1808 
08-06 15:59:31.239   512  2967 D audio_hw_primary: enable_snd_device: snd_device(2: speaker)
08-06 15:59:31.241   512  2967 D audio_hw_primary: enable_audio_route: apply and update mixer path: low-latency-playback speaker
08-06 15:59:31.373 24290 24302 I art     : Starting a blocking GC Explicit
08-06 15:59:31.392 24290 24879 I NAPPA_EXPERIMENTATION: MetricNetworkRequestExecutionTime: REQUEST_DURATION_SYSTEM='181',REQUEST_DURATION_OKHTTP='181',REQUEST_SYNCHRONOUS='TRUE',RESPONSE_CODE='200',RESPONSE_METHOD='GET',RESPONSE_LENGTH_OKHTTP='-1',RESPONSE_LENGTH_HEADER='628',REQUEST_PROTOCOL='h2',REQUEST_URL='https://itunes.apple.com/lookup?id=1524080195',
08-06 15:59:31.408 24290 24302 I art     : Explicit concurrent mark sweep GC freed 2054(131KB) AllocSpace objects, 1(20KB) LOS objects, 36% free, 28MB/44MB, paused 1.667ms total 34.713ms
08-06 15:59:31.410   918  3359 I ActivityManager: START u0 {cmp=baseline.de.danoeh.antennapod.debug/baseline.de.danoeh.antennapod.activity.OnlineFeedViewActivity (has extras)} from uid 10711 on display 0
08-06 15:59:31.420 24290 24302 I art     : Starting a blocking GC Explicit
08-06 15:59:31.429 13866 13866 I GoogleInputMethodServic: GoogleInputMethodService.onFinishInput():3138 
08-06 15:59:31.430 13866 13866 I GoogleInputMethodServic: GoogleInputMethodService.onStartInput():1808 
08-06 15:59:31.457 24290 24302 I art     : Explicit concurrent mark sweep GC freed 695(30KB) AllocSpace objects, 0(0B) LOS objects, 36% free, 28MB/44MB, paused 1.545ms total 36.092ms
08-06 15:59:31.458 24290 24290 D UserPreferences: Using default data folder
08-06 15:59:31.458 24290 24290 D OnlineFeedViewActivity: Activity was started with url https://rss.art19.com/nice-white-parents
08-06 15:59:31.461 24290 24290 D OnlineFeedViewActivity: Starting feed download
08-06 15:59:31.464 24290 24316 D DBReader: Extracting Feedlist
08-06 15:59:31.467   918  3359 D WifiService: acquireWifiLockLocked: WifiLock{Downloader type=1 binder=android.os.BinderProxy@f65293}
08-06 15:59:31.468 24290 24316 D AntennapodHttpClient: Creating new instance of HTTP client
08-06 15:59:31.469 24290 24302 I art     : Starting a blocking GC Explicit
08-06 15:59:31.500 24290 24302 I art     : Explicit concurrent mark sweep GC freed 779(62KB) AllocSpace objects, 0(0B) LOS objects, 36% free, 28MB/44MB, paused 1.260ms total 31.303ms
08-06 15:59:31.511 24290 24302 I art     : Starting a blocking GC Explicit
08-06 15:59:31.517 13866 13866 I GoogleInputMethodServic: GoogleInputMethodService.onFinishInput():3138 
08-06 15:59:31.518 13866 13866 I GoogleInputMethodServic: GoogleInputMethodService.onStartInput():1808 
08-06 15:59:31.545   918   936 I ActivityManager: Displayed baseline.de.danoeh.antennapod.debug/baseline.de.danoeh.antennapod.activity.OnlineFeedViewActivity: +115ms
08-06 15:59:31.546 24290 24302 I art     : Explicit concurrent mark sweep GC freed 349(14KB) AllocSpace objects, 0(0B) LOS objects, 36% free, 28MB/44MB, paused 1.735ms total 34.595ms
08-06 15:59:31.558 24290 24302 I art     : Starting a blocking GC Explicit
08-06 15:59:31.592 24290 24302 I art     : Explicit concurrent mark sweep GC freed 38(1856B) AllocSpace objects, 0(0B) LOS objects, 36% free, 28MB/44MB, paused 1.209ms total 33.547ms
08-06 15:59:31.773 24290 24316 D MYTAG   : interceptor 3a https://rss.art19.com/nice-white-parents
08-06 15:59:31.774 24290 24316 I NAPPA_EXPERIMENTATION: MetricNetworkRequestExecutionTime: REQUEST_DURATION_SYSTEM='305',REQUEST_DURATION_OKHTTP='146',REQUEST_SYNCHRONOUS='TRUE',RESPONSE_CODE='200',RESPONSE_METHOD='GET',RESPONSE_LENGTH_OKHTTP='-1',RESPONSE_LENGTH_HEADER='1803',REQUEST_PROTOCOL='h2',REQUEST_URL='https://rss.art19.com/nice-white-parents',
08-06 15:59:31.774 24290 24316 D HttpDownloader: Response code is 200
08-06 15:59:31.774 24290 24316 D UserPreferences: Using default data folder
08-06 15:59:31.776 24290 24316 D HttpDownloader: Getting size of download
08-06 15:59:31.776 24290 24316 D HttpDownloader: Size is -1
08-06 15:59:31.776 24290 24316 D UserPreferences: Using default data folder
08-06 15:59:31.776 24290 24316 D HttpDownloader: Free space is 20249034752
08-06 15:59:31.776 24290 24316 D HttpDownloader: Starting download
08-06 15:59:31.779   512  2967 D audio_hw_primary: disable_audio_route: reset and update mixer path: low-latency-playback speaker
08-06 15:59:31.780   512  2967 D audio_hw_primary: disable_snd_device: snd_device(2: speaker)
08-06 15:59:31.781 24290 24316 D HttpDownloader: Download was successful
08-06 15:59:31.782   918  3670 D WifiService: releaseWifiLockLocked: WifiLock{Downloader type=1 binder=android.os.BinderProxy@f65293}
08-06 15:59:31.783 24290 24290 D OnlineFeedViewActivity: Parsing feed
08-06 15:59:31.788 24290 25916 D TypeGetter: Recognized type RSS 2.0
08-06 15:59:31.791 24290 25916 D SyndHandler: Recognized ITunes namespace
08-06 15:59:31.792   512  2967 I soundtrigger: audio_extn_sound_trigger_update_device_status: device 0x2 of type 0 for Event 0
08-06 15:59:31.792 24290 25916 D SyndHandler: Recognized Atom namespace
08-06 15:59:31.792 24290 25916 D SyndHandler: Recognized Content namespace
08-06 15:59:31.799   380   380 W SurfaceFlinger: couldn't log to binary event log: overflow.
08-06 15:59:31.800 24290 25916 D OnlineFeedViewActivity: Deleted feed source file. Result: true
08-06 15:59:31.800 24290 24290 D OnlineFeedViewActivity: Removing HTML from shownotes
08-06 15:59:31.906 24290 24880 I art     : Starting a blocking GC Explicit
08-06 15:59:31.927 24290 24290 D PlaybackController: Releasing PlaybackController
08-06 15:59:31.946 24290 24880 I art     : Explicit concurrent mark sweep GC freed 8411(601KB) AllocSpace objects, 8(348KB) LOS objects, 35% free, 28MB/44MB, paused 1.336ms total 39.371ms
08-06 15:59:31.957 24290 24880 I art     : Starting a blocking GC Explicit
08-06 15:59:31.989 24290 24880 I art     : Explicit concurrent mark sweep GC freed 1603(148KB) AllocSpace objects, 1(112KB) LOS objects, 35% free, 28MB/44MB, paused 1.257ms total 31.641ms
08-06 15:59:32.001 24290 24880 I art     : Starting a blocking GC Explicit
08-06 15:59:32.035 24290 24880 I art     : Explicit concurrent mark sweep GC freed 19(640B) AllocSpace objects, 0(0B) LOS objects, 35% free, 28MB/44MB, paused 1.262ms total 33.707ms
08-06 15:59:32.046 24290 24880 I art     : Starting a blocking GC Explicit
08-06 15:59:32.082 24290 24880 I art     : Explicit concurrent mark sweep GC freed 3(96B) AllocSpace objects, 0(0B) LOS objects, 35% free, 28MB/44MB, paused 1.233ms total 35.464ms
08-06 15:59:32.094 24290 24880 I art     : Starting a blocking GC Explicit
08-06 15:59:32.131 24290 24880 I art     : Explicit concurrent mark sweep GC freed 3(96B) AllocSpace objects, 0(0B) LOS objects, 35% free, 28MB/44MB, paused 1.322ms total 36.872ms
08-06 15:59:32.454 24290 24420 I art     : Starting a blocking GC Explicit
08-06 15:59:32.499 24290 24420 I art     : Explicit concurrent mark sweep GC freed 1408(82KB) AllocSpace objects, 1(20KB) LOS objects, 35% free, 28MB/44MB, paused 1.437ms total 44.327ms
08-06 15:59:32.513 24290 24420 I art     : Starting a blocking GC Explicit
08-06 15:59:32.549 24290 24420 I art     : Explicit concurrent mark sweep GC freed 23(752B) AllocSpace objects, 0(0B) LOS objects, 35% free, 28MB/44MB, paused 1.310ms total 35.653ms
08-06 15:59:32.562 24290 24420 I art     : Starting a blocking GC Explicit
08-06 15:59:32.598 24290 24420 I art     : Explicit concurrent mark sweep GC freed 3(96B) AllocSpace objects, 0(0B) LOS objects, 35% free, 28MB/44MB, paused 1.277ms total 36.714ms
08-06 15:59:32.611 24290 24420 I art     : Starting a blocking GC Explicit
08-06 15:59:32.648 24290 24420 I art     : Explicit concurrent mark sweep GC freed 3(96B) AllocSpace objects, 0(0B) LOS objects, 35% free, 28MB/44MB, paused 1.331ms total 36.656ms
08-06 15:59:32.660 24290 24420 I art     : Starting a blocking GC Explicit
08-06 15:59:32.697 24290 24420 I art     : Explicit concurrent mark sweep GC freed 3(96B) AllocSpace objects, 0(0B) LOS objects, 35% free, 28MB/44MB, paused 1.353ms total 37.164ms
08-06 15:59:33.036 24290 24302 I art     : Starting a blocking GC Explicit
08-06 15:59:33.089 24290 24302 I art     : Explicit concurrent mark sweep GC freed 1374(82KB) AllocSpace objects, 1(20KB) LOS objects, 35% free, 28MB/44MB, paused 1.527ms total 53.348ms
08-06 15:59:33.105 24290 24302 I art     : Starting a blocking GC Explicit
08-06 15:59:33.143 24290 24302 I art     : Explicit concurrent mark sweep GC freed 23(752B) AllocSpace objects, 0(0B) LOS objects, 36% free, 28MB/44MB, paused 1.330ms total 37.920ms
08-06 15:59:33.156 24290 24302 I art     : Starting a blocking GC Explicit
08-06 15:59:33.196 24290 24302 I art     : Explicit concurrent mark sweep GC freed 3(96B) AllocSpace objects, 0(0B) LOS objects, 36% free, 28MB/44MB, paused 1.291ms total 39.835ms
08-06 15:59:33.209 24290 24302 I art     : Starting a blocking GC Explicit
08-06 15:59:33.247 24290 24302 I art     : Explicit concurrent mark sweep GC freed 3(96B) AllocSpace objects, 0(0B) LOS objects, 36% free, 28MB/44MB, paused 1.287ms total 37.926ms
08-06 15:59:33.259 24290 24302 I art     : Starting a blocking GC Explicit
08-06 15:59:33.300 24290 24302 I art     : Explicit concurrent mark sweep GC freed 3(96B) AllocSpace objects, 0(0B) LOS objects, 36% free, 28MB/44MB, paused 1.395ms total 40.275ms
08-06 15:59:33.639 24290 24301 I art     : Starting a blocking GC Explicit
08-06 15:59:33.679 24290 24301 I art     : Explicit concurrent mark sweep GC freed 1431(82KB) AllocSpace objects, 1(20KB) LOS objects, 35% free, 28MB/44MB, paused 1.276ms total 39.858ms
08-06 15:59:33.693 24290 24301 I art     : Starting a blocking GC Explicit
08-06 15:59:33.730 24290 24301 I art     : Explicit concurrent mark sweep GC freed 23(752B) AllocSpace objects, 0(0B) LOS objects, 36% free, 28MB/44MB, paused 1.193ms total 37.048ms
08-06 15:59:33.742 24290 24301 I art     : Starting a blocking GC Explicit
08-06 15:59:33.780 24290 24301 I art     : Explicit concurrent mark sweep GC freed 3(96B) AllocSpace objects, 0(0B) LOS objects, 36% free, 28MB/44MB, paused 1.284ms total 37.517ms
08-06 15:59:33.792 24290 24301 I art     : Starting a blocking GC Explicit
08-06 15:59:33.831 24290 24301 I art     : Explicit concurrent mark sweep GC freed 3(96B) AllocSpace objects, 0(0B) LOS objects, 36% free, 28MB/44MB, paused 1.322ms total 38.572ms
08-06 15:59:33.844 24290 24301 I art     : Starting a blocking GC Explicit
08-06 15:59:33.882 24290 24301 I art     : Explicit concurrent mark sweep GC freed 3(96B) AllocSpace objects, 0(0B) LOS objects, 36% free, 28MB/44MB, paused 1.338ms total 37.814ms
08-06 15:59:33.882 24290 24300 I art     : WaitForGcToComplete blocked for 12.673ms for cause HeapTrim
08-06 15:59:34.227 24290 24302 I art     : Starting a blocking GC Explicit
08-06 15:59:34.273 24290 24302 I art     : Explicit concurrent mark sweep GC freed 1372(80KB) AllocSpace objects, 1(20KB) LOS objects, 35% free, 28MB/44MB, paused 1.327ms total 45.375ms
08-06 15:59:34.285 24290 24302 I art     : Starting a blocking GC Explicit
08-06 15:59:34.326 24290 24302 I art     : Explicit concurrent mark sweep GC freed 23(752B) AllocSpace objects, 0(0B) LOS objects, 36% free, 28MB/44MB, paused 1.300ms total 40.209ms
08-06 15:59:34.338 24290 24302 I art     : Starting a blocking GC Explicit
08-06 15:59:34.375 24290 24302 I art     : Explicit concurrent mark sweep GC freed 42(3024B) AllocSpace objects, 0(0B) LOS objects, 36% free, 28MB/44MB, paused 1.214ms total 37.028ms
08-06 15:59:34.388 24290 24302 I art     : Starting a blocking GC Explicit
08-06 15:59:34.428 24290 24302 I art     : Explicit concurrent mark sweep GC freed 32(880B) AllocSpace objects, 0(0B) LOS objects, 36% free, 28MB/44MB, paused 1.340ms total 39.453ms
08-06 15:59:34.444 24290 24302 I art     : Starting a blocking GC Explicit
08-06 15:59:34.484 24290 24302 I art     : Explicit concurrent mark sweep GC freed 3(96B) AllocSpace objects, 0(0B) LOS objects, 36% free, 28MB/44MB, paused 1.203ms total 40.245ms
08-06 15:59:34.836 24290 24420 I art     : Starting a blocking GC Explicit
08-06 15:59:34.885 24290 24420 I art     : Explicit concurrent mark sweep GC freed 1372(80KB) AllocSpace objects, 1(20KB) LOS objects, 36% free, 28MB/44MB, paused 1.305ms total 48.070ms
08-06 15:59:34.900 24290 24420 I art     : Starting a blocking GC Explicit
08-06 15:59:34.939 24290 24420 I art     : Explicit concurrent mark sweep GC freed 23(752B) AllocSpace objects, 0(0B) LOS objects, 36% free, 28MB/44MB, paused 1.303ms total 38.275ms
08-06 15:59:34.955 24290 24420 I art     : Starting a blocking GC Explicit
08-06 15:59:34.993 24290 24420 I art     : Explicit concurrent mark sweep GC freed 123(8KB) AllocSpace objects, 0(0B) LOS objects, 36% free, 28MB/44MB, paused 1.118ms total 37.248ms
08-06 15:59:35.006 24290 24420 I art     : Starting a blocking GC Explicit
08-06 15:59:35.045 24290 24420 I art     : Explicit concurrent mark sweep GC freed 3(96B) AllocSpace objects, 0(0B) LOS objects, 36% free, 28MB/44MB, paused 1.271ms total 39.067ms
08-06 15:59:35.058 24290 24420 I art     : Starting a blocking GC Explicit
08-06 15:59:35.097 24290 24420 I art     : Explicit concurrent mark sweep GC freed 3(96B) AllocSpace objects, 0(0B) LOS objects, 36% free, 28MB/44MB, paused 1.090ms total 38.580ms
08-06 15:59:35.433 24290 24880 I art     : Starting a blocking GC Explicit
08-06 15:59:35.483 24290 24880 I art     : Explicit concurrent mark sweep GC freed 1402(83KB) AllocSpace objects, 1(20KB) LOS objects, 36% free, 28MB/44MB, paused 1.221ms total 49.572ms
08-06 15:59:35.498 24290 24880 I art     : Starting a blocking GC Explicit
08-06 15:59:35.538 24290 24880 I art     : Explicit concurrent mark sweep GC freed 23(752B) AllocSpace objects, 0(0B) LOS objects, 36% free, 28MB/44MB, paused 1.243ms total 39.067ms
08-06 15:59:35.550 24290 24880 I art     : Starting a blocking GC Explicit
08-06 15:59:35.589 24290 24880 I art     : Explicit concurrent mark sweep GC freed 3(96B) AllocSpace objects, 0(0B) LOS objects, 36% free, 28MB/44MB, paused 1.106ms total 38.484ms
08-06 15:59:35.601 24290 24880 I art     : Starting a blocking GC Explicit
08-06 15:59:35.641 24290 24880 I art     : Explicit concurrent mark sweep GC freed 3(96B) AllocSpace objects, 0(0B) LOS objects, 36% free, 28MB/44MB, paused 1.179ms total 39.426ms
08-06 15:59:35.654 24290 24880 I art     : Starting a blocking GC Explicit
08-06 15:59:35.693 24290 24880 I art     : Explicit concurrent mark sweep GC freed 3(96B) AllocSpace objects, 0(0B) LOS objects, 36% free, 28MB/44MB, paused 1.155ms total 39.151ms
08-06 15:59:36.039 24290 24301 I art     : Starting a blocking GC Explicit
08-06 15:59:36.085 24290 24301 I art     : Explicit concurrent mark sweep GC freed 1372(80KB) AllocSpace objects, 1(20KB) LOS objects, 36% free, 28MB/44MB, paused 1.187ms total 45.095ms
08-06 15:59:36.099 24290 24301 I art     : Starting a blocking GC Explicit
08-06 15:59:36.139 24290 24301 I art     : Explicit concurrent mark sweep GC freed 23(752B) AllocSpace objects, 0(0B) LOS objects, 36% free, 28MB/44MB, paused 1.154ms total 39.364ms
08-06 15:59:36.151 24290 24301 I art     : Starting a blocking GC Explicit
08-06 15:59:36.191 24290 24301 I art     : Explicit concurrent mark sweep GC freed 3(96B) AllocSpace objects, 0(0B) LOS objects, 36% free, 28MB/44MB, paused 1.153ms total 39.346ms
08-06 15:59:36.203 24290 24301 I art     : Starting a blocking GC Explicit
08-06 15:59:36.241 24290 24301 I art     : Explicit concurrent mark sweep GC freed 3(96B) AllocSpace objects, 0(0B) LOS objects, 36% free, 28MB/44MB, paused 1.163ms total 37.728ms
08-06 15:59:36.254 24290 24301 I art     : Starting a blocking GC Explicit
08-06 15:59:36.294 24290 24301 I art     : Explicit concurrent mark sweep GC freed 3(96B) AllocSpace objects, 0(0B) LOS objects, 36% free, 28MB/44MB, paused 1.150ms total 39.484ms
08-06 15:59:36.632 24290 24302 I art     : Starting a blocking GC Explicit
08-06 15:59:36.682 24290 24302 I art     : Explicit concurrent mark sweep GC freed 1401(81KB) AllocSpace objects, 1(20KB) LOS objects, 36% free, 28MB/44MB, paused 1.237ms total 49.652ms
08-06 15:59:36.697 24290 24302 I art     : Starting a blocking GC Explicit
08-06 15:59:36.737 24290 24302 I art     : Explicit concurrent mark sweep GC freed 23(752B) AllocSpace objects, 0(0B) LOS objects, 36% free, 28MB/44MB, paused 1.189ms total 38.964ms
08-06 15:59:36.749 24290 24302 I art     : Starting a blocking GC Explicit
08-06 15:59:36.789 24290 24302 I art     : Explicit concurrent mark sweep GC freed 3(96B) AllocSpace objects, 0(0B) LOS objects, 36% free, 28MB/44MB, paused 1.187ms total 39.449ms
08-06 15:59:36.802 24290 24302 I art     : Starting a blocking GC Explicit
08-06 15:59:36.840 24290 24302 I art     : Explicit concurrent mark sweep GC freed 3(96B) AllocSpace objects, 0(0B) LOS objects, 36% free, 28MB/44MB, paused 1.187ms total 37.661ms
08-06 15:59:36.852 24290 24302 I art     : Starting a blocking GC Explicit
08-06 15:59:36.892 24290 24302 I art     : Explicit concurrent mark sweep GC freed 3(96B) AllocSpace objects, 0(0B) LOS objects, 36% free, 28MB/44MB, paused 1.181ms total 39.667ms
08-06 15:59:37.227 24290 24420 I art     : Starting a blocking GC Explicit
08-06 15:59:37.279 24290 24420 I art     : Explicit concurrent mark sweep GC freed 1372(80KB) AllocSpace objects, 1(20KB) LOS objects, 36% free, 28MB/44MB, paused 1.344ms total 51.726ms
08-06 15:59:37.294 24290 24420 I art     : Starting a blocking GC Explicit
08-06 15:59:37.332 24290 24420 I art     : Explicit concurrent mark sweep GC freed 23(752B) AllocSpace objects, 0(0B) LOS objects, 36% free, 28MB/44MB, paused 1.119ms total 37.514ms
08-06 15:59:37.344 24290 24420 I art     : Starting a blocking GC Explicit
08-06 15:59:37.384 24290 24420 I art     : Explicit concurrent mark sweep GC freed 3(96B) AllocSpace objects, 0(0B) LOS objects, 36% free, 28MB/44MB, paused 1.162ms total 39.077ms
08-06 15:59:37.396 24290 24420 I art     : Starting a blocking GC Explicit
08-06 15:59:37.436 24290 24420 I art     : Explicit concurrent mark sweep GC freed 32(880B) AllocSpace objects, 0(0B) LOS objects, 36% free, 28MB/44MB, paused 1.122ms total 38.918ms
08-06 15:59:37.448 24290 24420 I art     : Starting a blocking GC Explicit
08-06 15:59:37.486 24290 24420 I art     : Explicit concurrent mark sweep GC freed 3(96B) AllocSpace objects, 0(0B) LOS objects, 36% free, 28MB/44MB, paused 1.163ms total 37.778ms
08-06 15:59:37.817 24290 24880 I art     : Starting a blocking GC Explicit
08-06 15:59:37.861 24290 24880 I art     : Explicit concurrent mark sweep GC freed 1372(80KB) AllocSpace objects, 1(20KB) LOS objects, 36% free, 28MB/44MB, paused 1.237ms total 43.553ms
08-06 15:59:37.875 24290 24880 I art     : Starting a blocking GC Explicit
08-06 15:59:37.915 24290 24880 I art     : Explicit concurrent mark sweep GC freed 23(752B) AllocSpace objects, 0(0B) LOS objects, 36% free, 28MB/44MB, paused 1.160ms total 39.361ms
08-06 15:59:37.928 24290 24880 I art     : Starting a blocking GC Explicit
08-06 15:59:37.965 24290 24880 I art     : Explicit concurrent mark sweep GC freed 3(96B) AllocSpace objects, 0(0B) LOS objects, 36% free, 28MB/44MB, paused 1.176ms total 37.588ms
08-06 15:59:37.978 24290 24880 I art     : Starting a blocking GC Explicit
08-06 15:59:38.018 24290 24880 I art     : Explicit concurrent mark sweep GC freed 3(96B) AllocSpace objects, 0(0B) LOS objects, 36% free, 28MB/44MB, paused 1.230ms total 39.287ms
08-06 15:59:38.030 24290 24880 I art     : Starting a blocking GC Explicit
08-06 15:59:38.069 24290 24880 I art     : Explicit concurrent mark sweep GC freed 3(96B) AllocSpace objects, 0(0B) LOS objects, 36% free, 28MB/44MB, paused 1.108ms total 38.057ms
08-06 15:59:38.424 24290 24301 I art     : Starting a blocking GC Explicit
08-06 15:59:38.471 24290 24301 I art     : Explicit concurrent mark sweep GC freed 1401(81KB) AllocSpace objects, 1(20KB) LOS objects, 36% free, 28MB/44MB, paused 1.262ms total 45.950ms
08-06 15:59:38.484 24290 24301 I art     : Starting a blocking GC Explicit
08-06 15:59:38.524 24290 24301 I art     : Explicit concurrent mark sweep GC freed 23(752B) AllocSpace objects, 0(0B) LOS objects, 36% free, 28MB/44MB, paused 1.147ms total 39.732ms
08-06 15:59:38.537 24290 24301 I art     : Starting a blocking GC Explicit
08-06 15:59:38.574 24290 24301 I art     : Explicit concurrent mark sweep GC freed 3(96B) AllocSpace objects, 0(0B) LOS objects, 36% free, 28MB/44MB, paused 1.097ms total 37.221ms
08-06 15:59:38.587 24290 24301 I art     : Starting a blocking GC Explicit
08-06 15:59:38.626 24290 24301 I art     : Explicit concurrent mark sweep GC freed 3(96B) AllocSpace objects, 0(0B) LOS objects, 36% free, 28MB/44MB, paused 1.159ms total 38.659ms
08-06 15:59:38.638 24290 24301 I art     : Starting a blocking GC Explicit
08-06 15:59:38.678 24290 24301 I art     : Explicit concurrent mark sweep GC freed 3(96B) AllocSpace objects, 0(0B) LOS objects, 36% free, 28MB/44MB, paused 1.268ms total 39.287ms
08-06 15:59:39.013 24290 24302 I art     : Starting a blocking GC Explicit
08-06 15:59:39.065 24290 24302 I art     : Explicit concurrent mark sweep GC freed 1372(80KB) AllocSpace objects, 1(20KB) LOS objects, 36% free, 28MB/44MB, paused 1.414ms total 51.547ms
08-06 15:59:39.081 24290 24302 I art     : Starting a blocking GC Explicit
08-06 15:59:39.118 24290 24302 I art     : Explicit concurrent mark sweep GC freed 23(752B) AllocSpace objects, 0(0B) LOS objects, 36% free, 28MB/44MB, paused 1.241ms total 36.943ms
08-06 15:59:39.130 24290 24302 I art     : Starting a blocking GC Explicit
08-06 15:59:39.170 24290 24302 I art     : Explicit concurrent mark sweep GC freed 3(96B) AllocSpace objects, 0(0B) LOS objects, 36% free, 28MB/44MB, paused 1.210ms total 39.257ms
08-06 15:59:39.182 24290 24302 I art     : Starting a blocking GC Explicit
08-06 15:59:39.221 24290 24302 I art     : Explicit concurrent mark sweep GC freed 3(96B) AllocSpace objects, 0(0B) LOS objects, 36% free, 28MB/44MB, paused 1.122ms total 38.331ms
08-06 15:59:39.234 24290 24302 I art     : Starting a blocking GC Explicit
08-06 15:59:39.273 24290 24302 I art     : Explicit concurrent mark sweep GC freed 3(96B) AllocSpace objects, 0(0B) LOS objects, 36% free, 28MB/44MB, paused 1.164ms total 39.405ms
08-06 15:59:39.501   918  3188 I hubconnection: sensorhub said: 'set_bias 3: -6.7200, 0.0000, 0.0000'
08-06 15:59:39.585 24290 24420 I art     : Starting a blocking GC Explicit
08-06 15:59:39.622 24290 24420 I art     : Explicit concurrent mark sweep GC freed 1401(81KB) AllocSpace objects, 1(20KB) LOS objects, 36% free, 28MB/44MB, paused 1.122ms total 35.937ms
08-06 15:59:39.634 24290 24420 I art     : Starting a blocking GC Explicit
08-06 15:59:39.669 24290 24420 I art     : Explicit concurrent mark sweep GC freed 23(752B) AllocSpace objects, 0(0B) LOS objects, 36% free, 28MB/44MB, paused 1.189ms total 34.647ms
08-06 15:59:39.681 24290 24420 I art     : Starting a blocking GC Explicit
08-06 15:59:39.716 24290 24420 I art     : Explicit concurrent mark sweep GC freed 3(96B) AllocSpace objects, 0(0B) LOS objects, 36% free, 28MB/44MB, paused 1.111ms total 34.715ms
08-06 15:59:39.728 24290 24420 I art     : Starting a blocking GC Explicit
08-06 15:59:39.765 24290 24420 I art     : Explicit concurrent mark sweep GC freed 3(96B) AllocSpace objects, 0(0B) LOS objects, 36% free, 28MB/44MB, paused 1.090ms total 36.596ms
08-06 15:59:39.777 24290 24420 I art     : Starting a blocking GC Explicit
08-06 15:59:39.813 24290 24420 I art     : Explicit concurrent mark sweep GC freed 3(96B) AllocSpace objects, 0(0B) LOS objects, 36% free, 28MB/44MB, paused 1.096ms total 36.010ms
08-06 15:59:39.971 26044 26044 D AndroidRuntime: >>>>>> START com.android.internal.os.RuntimeInit uid 2000 <<<<<<
08-06 15:59:39.977 26044 26044 D AndroidRuntime: CheckJNI is OFF
08-06 15:59:40.019 26044 26044 D ICU     : No timezone override file found: /data/misc/zoneinfo/current/icu/icu_tzdata.dat
08-06 15:59:40.061 26044 26044 I Radio-JNI: register_android_hardware_Radio DONE
08-06 15:59:40.090 26044 26044 D AndroidRuntime: Calling main entry com.android.commands.input.Input
08-06 15:59:40.092 26044 26044 I Input   : injectKeyEvent: KeyEvent { action=ACTION_DOWN, keyCode=KEYCODE_BACK, scanCode=0, metaState=0, flags=0x0, repeatCount=0, eventTime=892796505, downTime=892796505, deviceId=-1, source=0x101 }
08-06 15:59:40.097 26044 26044 I Input   : injectKeyEvent: KeyEvent { action=ACTION_UP, keyCode=KEYCODE_BACK, scanCode=0, metaState=0, flags=0x0, repeatCount=0, eventTime=892796505, downTime=892796505, deviceId=-1, source=0x101 }
08-06 15:59:40.102 26044 26044 D AndroidRuntime: Shutting down VM
08-06 15:59:40.106 24290 24290 V PlaybackController: initServiceNotRunning()
08-06 15:59:40.106 24290 24290 D ExternalPlayerFragment: Loading media info
08-06 15:59:40.111 24290 24290 D UserPreferences: Using default data folder
08-06 15:59:40.116 24290 24316 D DBReader: getNavDrawerData() called with: 
08-06 15:59:40.130 24290 24316 D DBReader: getDownloadedItems() called
08-06 15:59:40.131 24290 24316 D DBReader: getFavoriteIDList() called
08-06 15:59:40.132 24290 24316 D DBReader: getQueueIDList() called
08-06 15:59:40.132 24290 24316 D DBReader: Extracting Feedlist
08-06 15:59:40.145 13866 13866 I GoogleInputMethodServic: GoogleInputMethodService.onFinishInput():3138 
08-06 15:59:40.146 13866 13866 I GoogleInputMethodServic: GoogleInputMethodService.onStartInput():1808 
08-06 15:59:40.148 24290 24302 I art     : Starting a blocking GC Explicit
08-06 15:59:40.161 24290 24290 D MainActivity: getLastNavFragment() -> AddFeedFragment
08-06 15:59:40.183 24290 24302 I art     : Explicit concurrent mark sweep GC freed 2383(148KB) AllocSpace objects, 1(20KB) LOS objects, 35% free, 28MB/44MB, paused 1.196ms total 34.241ms
08-06 15:59:40.195 24290 24302 I art     : Starting a blocking GC Explicit
08-06 15:59:40.226 24290 24302 I art     : Explicit concurrent mark sweep GC freed 427(20KB) AllocSpace objects, 0(0B) LOS objects, 35% free, 28MB/44MB, paused 1.059ms total 31.032ms
08-06 15:59:40.239 24290 24302 I art     : Starting a blocking GC Explicit
08-06 15:59:40.270 24290 24302 I art     : Explicit concurrent mark sweep GC freed 126(8KB) AllocSpace objects, 0(0B) LOS objects, 36% free, 28MB/44MB, paused 1.134ms total 30.558ms
08-06 15:59:40.281 24290 24302 I art     : Starting a blocking GC Explicit
08-06 15:59:40.312 24290 24302 I art     : Explicit concurrent mark sweep GC freed 3(96B) AllocSpace objects, 0(0B) LOS objects, 36% free, 28MB/44MB, paused 1.088ms total 31.236ms
08-06 15:59:40.324 24290 24302 I art     : Starting a blocking GC Explicit
08-06 15:59:40.355 24290 24302 I art     : Explicit concurrent mark sweep GC freed 3(96B) AllocSpace objects, 0(0B) LOS objects, 36% free, 28MB/44MB, paused 992us total 30.483ms
08-06 15:59:40.430   380   380 W SurfaceFlinger: couldn't log to binary event log: overflow.
08-06 15:59:40.641 24290 24301 I art     : Starting a blocking GC Explicit
08-06 15:59:40.677 24290 24301 I art     : Explicit concurrent mark sweep GC freed 1998(106KB) AllocSpace objects, 1(20KB) LOS objects, 36% free, 28MB/44MB, paused 1.136ms total 36.024ms
08-06 15:59:40.689 24290 24301 I art     : Starting a blocking GC Explicit
08-06 15:59:40.723 24290 24301 I art     : Explicit concurrent mark sweep GC freed 2457(152KB) AllocSpace objects, 1(28KB) LOS objects, 36% free, 28MB/44MB, paused 1.116ms total 33.567ms
08-06 15:59:40.735 24290 24301 I art     : Starting a blocking GC Explicit
08-06 15:59:40.770 24290 24301 I art     : Explicit concurrent mark sweep GC freed 3(96B) AllocSpace objects, 0(0B) LOS objects, 36% free, 28MB/44MB, paused 1.191ms total 34.522ms
08-06 15:59:40.782 24290 24301 I art     : Starting a blocking GC Explicit
08-06 15:59:40.817 24290 24301 I art     : Explicit concurrent mark sweep GC freed 3(96B) AllocSpace objects, 0(0B) LOS objects, 36% free, 28MB/44MB, paused 1.105ms total 34.618ms
08-06 15:59:40.828 24290 24301 I art     : Starting a blocking GC Explicit
08-06 15:59:40.864 24290 24301 I art     : Explicit concurrent mark sweep GC freed 3(96B) AllocSpace objects, 0(0B) LOS objects, 36% free, 28MB/44MB, paused 1.100ms total 34.854ms
08-06 15:59:41.191 24290 24302 I art     : Starting a blocking GC Explicit
08-06 15:59:41.233 24290 24302 I art     : Explicit concurrent mark sweep GC freed 1374(82KB) AllocSpace objects, 1(20KB) LOS objects, 36% free, 28MB/44MB, paused 1.184ms total 41.403ms
08-06 15:59:41.247 24290 24302 I art     : Starting a blocking GC Explicit
08-06 15:59:41.286 24290 24302 I art     : Explicit concurrent mark sweep GC freed 23(752B) AllocSpace objects, 0(0B) LOS objects, 36% free, 28MB/44MB, paused 1.138ms total 38.563ms
08-06 15:59:41.298 24290 24302 I art     : Starting a blocking GC Explicit
08-06 15:59:41.333 24290 24302 I art     : Explicit concurrent mark sweep GC freed 3(96B) AllocSpace objects, 0(0B) LOS objects, 36% free, 28MB/44MB, paused 1.090ms total 34.351ms
08-06 15:59:41.345 24290 24302 I art     : Starting a blocking GC Explicit
08-06 15:59:41.378 24290 24302 I art     : Explicit concurrent mark sweep GC freed 3(96B) AllocSpace objects, 0(0B) LOS objects, 36% free, 28MB/44MB, paused 1.207ms total 33.141ms
08-06 15:59:41.390 24290 24302 I art     : Starting a blocking GC Explicit
08-06 15:59:41.422 24290 24302 I art     : Explicit concurrent mark sweep GC freed 32(880B) AllocSpace objects, 0(0B) LOS objects, 36% free, 28MB/44MB, paused 1.144ms total 32.532ms
08-06 15:59:41.734 24290 24420 I art     : Starting a blocking GC Explicit
08-06 15:59:41.781 24290 24420 I art     : Explicit concurrent mark sweep GC freed 1377(80KB) AllocSpace objects, 1(20KB) LOS objects, 36% free, 28MB/44MB, paused 1.148ms total 46.428ms
08-06 15:59:41.793 24290 24420 I art     : Starting a blocking GC Explicit
08-06 15:59:41.826 24290 24420 I art     : Explicit concurrent mark sweep GC freed 29(944B) AllocSpace objects, 0(0B) LOS objects, 36% free, 28MB/44MB, paused 1.179ms total 32.191ms
08-06 15:59:41.838 24290 24420 I art     : Starting a blocking GC Explicit
08-06 15:59:41.872 24290 24420 I art     : Explicit concurrent mark sweep GC freed 9(288B) AllocSpace objects, 0(0B) LOS objects, 36% free, 28MB/44MB, paused 1.087ms total 33.277ms
08-06 15:59:41.883 26099 26099 D AndroidRuntime: >>>>>> START com.android.internal.os.RuntimeInit uid 2000 <<<<<<
08-06 15:59:41.884 24290 24420 I art     : Starting a blocking GC Explicit
08-06 15:59:41.889 26099 26099 D AndroidRuntime: CheckJNI is OFF
08-06 15:59:41.916 24290 24420 I art     : Explicit concurrent mark sweep GC freed 8(256B) AllocSpace objects, 0(0B) LOS objects, 36% free, 28MB/44MB, paused 1.086ms total 31.882ms
08-06 15:59:41.929 24290 24420 I art     : Starting a blocking GC Explicit
08-06 15:59:41.935 26099 26099 D ICU     : No timezone override file found: /data/misc/zoneinfo/current/icu/icu_tzdata.dat
08-06 15:59:41.963 24290 24420 I art     : Explicit concurrent mark sweep GC freed 8(256B) AllocSpace objects, 0(0B) LOS objects, 36% free, 28MB/44MB, paused 1.244ms total 34.262ms
08-06 15:59:41.979 26099 26099 I Radio-JNI: register_android_hardware_Radio DONE
08-06 15:59:42.007 26099 26099 D AndroidRuntime: Calling main entry com.android.commands.input.Input
08-06 15:59:42.009 26099 26099 I Input   : injectKeyEvent: KeyEvent { action=ACTION_DOWN, keyCode=KEYCODE_BACK, scanCode=0, metaState=0, flags=0x0, repeatCount=0, eventTime=892798422, downTime=892798422, deviceId=-1, source=0x101 }
08-06 15:59:42.015 26099 26099 I Input   : injectKeyEvent: KeyEvent { action=ACTION_UP, keyCode=KEYCODE_BACK, scanCode=0, metaState=0, flags=0x0, repeatCount=0, eventTime=892798422, downTime=892798422, deviceId=-1, source=0x101 }
08-06 15:59:42.030 13866 13866 I GoogleInputMethodServic: GoogleInputMethodService.onFinishInput():3138 
08-06 15:59:42.031 13866 13866 I GoogleInputMethodServic: GoogleInputMethodService.onStartInput():1808 
08-06 15:59:42.036 26099 26099 D AndroidRuntime: Shutting down VM
08-06 15:59:42.258 24290 24420 I art     : Starting a blocking GC Explicit
08-06 15:59:42.299 24290 24420 I art     : Explicit concurrent mark sweep GC freed 2573(129KB) AllocSpace objects, 1(20KB) LOS objects, 36% free, 28MB/44MB, paused 1.199ms total 40.301ms
08-06 15:59:42.313 24290 24420 I art     : Starting a blocking GC Explicit
08-06 15:59:42.348 24290 24420 I art     : Explicit concurrent mark sweep GC freed 2653(177KB) AllocSpace objects, 9(1540KB) LOS objects, 37% free, 26MB/42MB, paused 1.115ms total 34.268ms
08-06 15:59:42.359 24290 24420 I art     : Starting a blocking GC Explicit
08-06 15:59:42.394 24290 24420 I art     : Explicit concurrent mark sweep GC freed 3(96B) AllocSpace objects, 0(0B) LOS objects, 37% free, 26MB/42MB, paused 1.113ms total 33.869ms
08-06 15:59:42.405 24290 24420 I art     : Starting a blocking GC Explicit
08-06 15:59:42.440 24290 24420 I art     : Explicit concurrent mark sweep GC freed 32(880B) AllocSpace objects, 0(0B) LOS objects, 37% free, 26MB/42MB, paused 1.150ms total 34.686ms
08-06 15:59:42.452 24290 24420 I art     : Starting a blocking GC Explicit
08-06 15:59:42.487 24290 24420 I art     : Explicit concurrent mark sweep GC freed 3(96B) AllocSpace objects, 0(0B) LOS objects, 37% free, 26MB/42MB, paused 1.204ms total 34.443ms
08-06 15:59:42.802 24290 24302 I art     : Starting a blocking GC Explicit
08-06 15:59:42.843 24290 24302 I art     : Explicit concurrent mark sweep GC freed 1373(81KB) AllocSpace objects, 1(20KB) LOS objects, 37% free, 26MB/42MB, paused 1.187ms total 40.557ms
08-06 15:59:42.858 24290 24302 I art     : Starting a blocking GC Explicit
08-06 15:59:42.895 24290 24302 I art     : Explicit concurrent mark sweep GC freed 23(752B) AllocSpace objects, 0(0B) LOS objects, 37% free, 26MB/42MB, paused 1.086ms total 36.533ms
08-06 15:59:42.906 24290 24302 I art     : Starting a blocking GC Explicit
08-06 15:59:42.941 24290 24302 I art     : Explicit concurrent mark sweep GC freed 3(96B) AllocSpace objects, 0(0B) LOS objects, 37% free, 26MB/42MB, paused 1.125ms total 34.471ms
08-06 15:59:42.953 24290 24302 I art     : Starting a blocking GC Explicit
08-06 15:59:42.988 24290 24302 I art     : Explicit concurrent mark sweep GC freed 3(96B) AllocSpace objects, 0(0B) LOS objects, 37% free, 26MB/42MB, paused 1.277ms total 34.157ms
08-06 15:59:43.000 24290 24302 I art     : Starting a blocking GC Explicit
08-06 15:59:43.033 24290 24302 I art     : Explicit concurrent mark sweep GC freed 3(96B) AllocSpace objects, 0(0B) LOS objects, 37% free, 26MB/42MB, paused 1.129ms total 33.520ms
08-06 15:59:43.351 24290 24301 I art     : Starting a blocking GC Explicit
08-06 15:59:43.388 24290 24301 I art     : Explicit concurrent mark sweep GC freed 1373(81KB) AllocSpace objects, 1(20KB) LOS objects, 37% free, 26MB/42MB, paused 1.221ms total 37.036ms
08-06 15:59:43.402 24290 24301 I art     : Starting a blocking GC Explicit
08-06 15:59:43.435 24290 24301 I art     : Explicit concurrent mark sweep GC freed 52(1536B) AllocSpace objects, 0(0B) LOS objects, 37% free, 26MB/42MB, paused 1.132ms total 32.592ms
08-06 15:59:43.447 24290 24301 I art     : Starting a blocking GC Explicit
08-06 15:59:43.480 24290 24301 I art     : Explicit concurrent mark sweep GC freed 3(96B) AllocSpace objects, 0(0B) LOS objects, 37% free, 26MB/42MB, paused 1.077ms total 32.637ms
08-06 15:59:43.492 24290 24301 I art     : Starting a blocking GC Explicit
08-06 15:59:43.524 24290 24301 I art     : Explicit concurrent mark sweep GC freed 3(96B) AllocSpace objects, 0(0B) LOS objects, 37% free, 26MB/42MB, paused 1.111ms total 32.455ms
08-06 15:59:43.536 24290 24301 I art     : Starting a blocking GC Explicit
08-06 15:59:43.569 24290 24301 I art     : Explicit concurrent mark sweep GC freed 3(96B) AllocSpace objects, 0(0B) LOS objects, 37% free, 26MB/42MB, paused 1.153ms total 32.276ms
08-06 15:59:43.596   918  3261 D WifiStateMachine: starting scan for "H369AA63323"WPA_PSK with 2412,5180
08-06 15:59:43.815 26153 26153 D AndroidRuntime: >>>>>> START com.android.internal.os.RuntimeInit uid 2000 <<<<<<
08-06 15:59:43.821 26153 26153 D AndroidRuntime: CheckJNI is OFF
08-06 15:59:43.863 26153 26153 D ICU     : No timezone override file found: /data/misc/zoneinfo/current/icu/icu_tzdata.dat
08-06 15:59:43.876 24290 24420 I art     : Starting a blocking GC Explicit
08-06 15:59:43.889 22397 22397 I ServiceManager: Waiting for service AtCmdFwd...
08-06 15:59:43.908 26153 26153 I Radio-JNI: register_android_hardware_Radio DONE
08-06 15:59:43.912 24290 24420 I art     : Explicit concurrent mark sweep GC freed 1402(83KB) AllocSpace objects, 1(20KB) LOS objects, 37% free, 26MB/42MB, paused 1.204ms total 36.721ms
08-06 15:59:43.925 24290 24420 I art     : Starting a blocking GC Explicit
08-06 15:59:43.940 26153 26153 D AndroidRuntime: Calling main entry com.android.commands.input.Input
08-06 15:59:43.942 26153 26153 I Input   : injectMotionEvent: MotionEvent { action=ACTION_DOWN, actionButton=0, id[0]=0, x[0]=567.0, y[0]=714.0, toolType[0]=TOOL_TYPE_UNKNOWN, buttonState=0, metaState=0, flags=0x0, edgeFlags=0x0, pointerCount=1, historySize=0, eventTime=892800355, downTime=892800355, deviceId=0, source=0x1002 }
08-06 15:59:43.946 26153 26153 I Input   : injectMotionEvent: MotionEvent { action=ACTION_UP, actionButton=0, id[0]=0, x[0]=567.0, y[0]=714.0, toolType[0]=TOOL_TYPE_UNKNOWN, buttonState=0, metaState=0, flags=0x0, edgeFlags=0x0, pointerCount=1, historySize=0, eventTime=892800355, downTime=892800355, deviceId=0, source=0x1002 }
08-06 15:59:43.948 26153 26153 D AndroidRuntime: Shutting down VM
08-06 15:59:43.956   512  2967 D audio_hw_primary: out_set_parameters: enter: usecase(1: low-latency-playback) kvpairs: routing=2
08-06 15:59:43.957 24290 24420 I art     : Explicit concurrent mark sweep GC freed 74(2800B) AllocSpace objects, 0(0B) LOS objects, 37% free, 26MB/42MB, paused 1.896ms total 32.294ms
08-06 15:59:43.969   512  2967 D audio_hw_primary: select_devices: out_snd_device(2: speaker) in_snd_device(0: none)
08-06 15:59:43.969   512  2967 D msm8974_platform: platform_send_audio_calibration: sending audio calibration for snd_device(2) acdb_id(15)
08-06 15:59:43.969 24290 24420 I art     : Starting a blocking GC Explicit
08-06 15:59:43.969   512  2967 I soundtrigger: audio_extn_sound_trigger_update_device_status: device 0x2 of type 0 for Event 1
08-06 15:59:43.978   512  2967 D audio_hw_primary: enable_snd_device: snd_device(2: speaker)
08-06 15:59:43.980   512  2967 D audio_hw_primary: enable_audio_route: apply and update mixer path: low-latency-playback speaker
08-06 15:59:44.004 24290 24420 I art     : Explicit concurrent mark sweep GC freed 2193(87KB) AllocSpace objects, 0(0B) LOS objects, 37% free, 27MB/43MB, paused 1.366ms total 34.437ms
08-06 15:59:44.015 24290 24420 I art     : Starting a blocking GC Explicit
08-06 15:59:44.046 24290 24420 I art     : Explicit concurrent mark sweep GC freed 1586(80KB) AllocSpace objects, 1(220KB) LOS objects, 37% free, 26MB/42MB, paused 1.192ms total 30.407ms
08-06 15:59:44.057 24290 24420 I art     : Starting a blocking GC Explicit
08-06 15:59:44.088 24290 24420 I art     : Explicit concurrent mark sweep GC freed 120(7KB) AllocSpace objects, 0(0B) LOS objects, 37% free, 26MB/42MB, paused 1.183ms total 30.989ms
08-06 15:59:44.345 24290 24310 I NAPPA_EXPERIMENTATION: MetricNetworkRequestExecutionTime: REQUEST_DURATION_SYSTEM='379',REQUEST_DURATION_OKHTTP='155',REQUEST_SYNCHRONOUS='TRUE',RESPONSE_CODE='400',RESPONSE_METHOD='GET',RESPONSE_LENGTH_OKHTTP='0',RESPONSE_LENGTH_HEADER='0',REQUEST_PROTOCOL='h2',REQUEST_URL='https://itunes.apple.com/en/rss/toppodcasts/limit=25/explicit=true/json',
08-06 15:59:44.372 24290 24302 I art     : Starting a blocking GC Explicit
08-06 15:59:44.407 24290 24302 I art     : Explicit concurrent mark sweep GC freed 5884(295KB) AllocSpace objects, 1(20KB) LOS objects, 37% free, 26MB/42MB, paused 1.225ms total 34.577ms
08-06 15:59:44.420 24290 24302 I art     : Starting a blocking GC Explicit
08-06 15:59:44.453 24290 24302 I art     : Explicit concurrent mark sweep GC freed 214(6KB) AllocSpace objects, 0(0B) LOS objects, 37% free, 26MB/42MB, paused 1.506ms total 32.701ms
08-06 15:59:44.464 24290 24302 I art     : Starting a blocking GC Explicit
08-06 15:59:44.485 24290 24310 I NAPPA_EXPERIMENTATION: MetricNetworkRequestExecutionTime: REQUEST_DURATION_SYSTEM='138',REQUEST_DURATION_OKHTTP='138',REQUEST_SYNCHRONOUS='TRUE',RESPONSE_CODE='200',RESPONSE_METHOD='GET',RESPONSE_LENGTH_OKHTTP='-1',RESPONSE_LENGTH_HEADER='10075',REQUEST_PROTOCOL='h2',REQUEST_URL='https://itunes.apple.com/us/rss/toppodcasts/limit=25/explicit=true/json',
08-06 15:59:44.496 24290 24302 I art     : Explicit concurrent mark sweep GC freed 342(26KB) AllocSpace objects, 0(0B) LOS objects, 37% free, 26MB/42MB, paused 1.179ms total 31.976ms
08-06 15:59:44.507 24290 24302 I art     : Starting a blocking GC Explicit
08-06 15:59:44.518   512  2967 D audio_hw_primary: disable_audio_route: reset and update mixer path: low-latency-playback speaker
08-06 15:59:44.519   512  2967 D audio_hw_primary: disable_snd_device: snd_device(2: speaker)
08-06 15:59:44.527   512  2967 I soundtrigger: audio_extn_sound_trigger_update_device_status: device 0x2 of type 0 for Event 0
08-06 15:59:44.542 24290 25082 D ApOkHttpUrlLoader: buildLoadData() called with: model = [https://is4-ssl.mzstatic.com/image/thumb/Podcasts114/v4/3f/16/74/3f167426-bf50-ce3a-d709-e4301620fc5b/mza_5832671293059882550.jpeg/170x170bb.png], width = [224], height = [224]
08-06 15:59:44.543 24290 24302 I art     : Explicit concurrent mark sweep GC freed 2330(158KB) AllocSpace objects, 3(252KB) LOS objects, 37% free, 27MB/43MB, paused 1.413ms total 35.337ms
08-06 15:59:44.543 24290 25085 D DBReader: getImageAuthentication() called with: imageUrl = [https://is4-ssl.mzstatic.com/image/thumb/Podcasts114/v4/3f/16/74/3f167426-bf50-ce3a-d709-e4301620fc5b/mza_5832671293059882550.jpeg/170x170bb.png]
08-06 15:59:44.547 24290 25085 D ApOkHttpUrlLoader: no credentials for 'https://is4-ssl.mzstatic.com/image/thumb/Podcasts114/v4/3f/16/74/3f167426-bf50-ce3a-d709-e4301620fc5b/mza_5832671293059882550.jpeg/170x170bb.png'
08-06 15:59:44.550 24290 25084 D ApOkHttpUrlLoader: buildLoadData() called with: model = [https://is4-ssl.mzstatic.com/image/thumb/Podcasts113/v4/e5/8a/10/e58a108f-f5d0-f622-c94a-13f66edd570c/mza_3025981348644196724.jpg/170x170bb.png], width = [224], height = [224]
08-06 15:59:44.552 24290 25083 D DBReader: getImageAuthentication() called with: imageUrl = [https://is4-ssl.mzstatic.com/image/thumb/Podcasts113/v4/e5/8a/10/e58a108f-f5d0-f622-c94a-13f66edd570c/mza_3025981348644196724.jpg/170x170bb.png]
08-06 15:59:44.554 24290 24302 I art     : Starting a blocking GC Explicit
08-06 15:59:44.558 24290 25083 D ApOkHttpUrlLoader: no credentials for 'https://is4-ssl.mzstatic.com/image/thumb/Podcasts113/v4/e5/8a/10/e58a108f-f5d0-f622-c94a-13f66edd570c/mza_3025981348644196724.jpg/170x170bb.png'
08-06 15:59:44.560 24290 25074 D ApOkHttpUrlLoader: buildLoadData() called with: model = [https://is2-ssl.mzstatic.com/image/thumb/Podcasts113/v4/a9/39/cc/a939ccc5-6d60-0c11-0a4c-16d71cdef89b/mza_8787577209688278658.jpg/170x170bb.png], width = [224], height = [224]
08-06 15:59:44.561 24290 25087 D DBReader: getImageAuthentication() called with: imageUrl = [https://is2-ssl.mzstatic.com/image/thumb/Podcasts113/v4/a9/39/cc/a939ccc5-6d60-0c11-0a4c-16d71cdef89b/mza_8787577209688278658.jpg/170x170bb.png]
08-06 15:59:44.565 24290 25087 D ApOkHttpUrlLoader: no credentials for 'https://is2-ssl.mzstatic.com/image/thumb/Podcasts113/v4/a9/39/cc/a939ccc5-6d60-0c11-0a4c-16d71cdef89b/mza_8787577209688278658.jpg/170x170bb.png'
08-06 15:59:44.565 24290 25078 D ApOkHttpUrlLoader: buildLoadData() called with: model = [https://is5-ssl.mzstatic.com/image/thumb/Podcasts114/v4/93/cf/99/93cf9960-fff3-205e-6655-72c03ddeccb2/mza_10545582232493904175.jpeg/170x170bb.png], width = [224], height = [224]
08-06 15:59:44.567 24290 25088 D DBReader: getImageAuthentication() called with: imageUrl = [https://is5-ssl.mzstatic.com/image/thumb/Podcasts114/v4/93/cf/99/93cf9960-fff3-205e-6655-72c03ddeccb2/mza_10545582232493904175.jpeg/170x170bb.png]
08-06 15:59:44.571 24290 25088 D ApOkHttpUrlLoader: no credentials for 'https://is5-ssl.mzstatic.com/image/thumb/Podcasts114/v4/93/cf/99/93cf9960-fff3-205e-6655-72c03ddeccb2/mza_10545582232493904175.jpeg/170x170bb.png'
08-06 15:59:44.571 24290 25082 D ApOkHttpUrlLoader: buildLoadData() called with: model = [https://is4-ssl.mzstatic.com/image/thumb/Podcasts124/v4/49/a4/91/49a491b7-3daf-c5dc-d7c6-6c4f1486955c/mza_5930014091766152297.png/170x170bb.png], width = [224], height = [224]
08-06 15:59:44.572 24290 25080 D DBReader: getImageAuthentication() called with: imageUrl = [https://is4-ssl.mzstatic.com/image/thumb/Podcasts124/v4/49/a4/91/49a491b7-3daf-c5dc-d7c6-6c4f1486955c/mza_5930014091766152297.png/170x170bb.png]
08-06 15:59:44.575 24290 25080 D ApOkHttpUrlLoader: no credentials for 'https://is4-ssl.mzstatic.com/image/thumb/Podcasts124/v4/49/a4/91/49a491b7-3daf-c5dc-d7c6-6c4f1486955c/mza_5930014091766152297.png/170x170bb.png'
08-06 15:59:44.576 24290 25084 D ApOkHttpUrlLoader: buildLoadData() called with: model = [https://is5-ssl.mzstatic.com/image/thumb/Podcasts113/v4/fd/54/6e/fd546ea0-7ab2-e3f0-6049-884d82917af9/mza_4855349695799758348.jpeg/170x170bb.png], width = [224], height = [224]
08-06 15:59:44.578 24290 25086 D DBReader: getImageAuthentication() called with: imageUrl = [https://is5-ssl.mzstatic.com/image/thumb/Podcasts113/v4/fd/54/6e/fd546ea0-7ab2-e3f0-6049-884d82917af9/mza_4855349695799758348.jpeg/170x170bb.png]
08-06 15:59:44.582 24290 25086 D ApOkHttpUrlLoader: no credentials for 'https://is5-ssl.mzstatic.com/image/thumb/Podcasts113/v4/fd/54/6e/fd546ea0-7ab2-e3f0-6049-884d82917af9/mza_4855349695799758348.jpeg/170x170bb.png'
08-06 15:59:44.585 24290 25074 D ApOkHttpUrlLoader: buildLoadData() called with: model = [https://is2-ssl.mzstatic.com/image/thumb/Podcasts114/v4/b3/4c/cf/b34ccfc2-cea4-1ca1-0fad-7793af301cc5/mza_2466085192629456364.jpg/170x170bb.png], width = [224], height = [224]
08-06 15:59:44.586 24290 25077 D DBReader: getImageAuthentication() called with: imageUrl = [https://is2-ssl.mzstatic.com/image/thumb/Podcasts114/v4/b3/4c/cf/b34ccfc2-cea4-1ca1-0fad-7793af301cc5/mza_2466085192629456364.jpg/170x170bb.png]
08-06 15:59:44.590 24290 24302 I art     : Explicit concurrent mark sweep GC freed 8023(441KB) AllocSpace objects, 1(100KB) LOS objects, 37% free, 27MB/43MB, paused 2ms total 35.218ms
08-06 15:59:44.591 24290 25077 D ApOkHttpUrlLoader: no credentials for 'https://is2-ssl.mzstatic.com/image/thumb/Podcasts114/v4/b3/4c/cf/b34ccfc2-cea4-1ca1-0fad-7793af301cc5/mza_2466085192629456364.jpg/170x170bb.png'
08-06 15:59:44.889 22397 22397 I ServiceManager: Waiting for service AtCmdFwd...
08-06 15:59:44.890 24290 24301 I art     : Starting a blocking GC Explicit
08-06 15:59:44.901 24290 25085 D MYTAG   : interceptor 2a
08-06 15:59:44.902 24290 25085 I NAPPA_EXPERIMENTATION: MetricNetworkRequestExecutionTime: REQUEST_DURATION_SYSTEM='354',REQUEST_DURATION_OKHTTP='182',REQUEST_SYNCHRONOUS='TRUE',RESPONSE_CODE='200',RESPONSE_METHOD='GET',RESPONSE_LENGTH_OKHTTP='26177',RESPONSE_LENGTH_HEADER='26177',REQUEST_PROTOCOL='h2',REQUEST_URL='https://is4-ssl.mzstatic.com/image/thumb/Podcasts114/v4/3f/16/74/3f167426-bf50-ce3a-d709-e4301620fc5b/mza_5832671293059882550.jpeg/170x170bb.png',
08-06 15:59:44.944 24290 24301 I art     : Explicit concurrent mark sweep GC freed 28445(1393KB) AllocSpace objects, 1(20KB) LOS objects, 37% free, 27MB/43MB, paused 1.739ms total 53.476ms
08-06 15:59:44.951 24290 25083 D MYTAG   : interceptor 2a
08-06 15:59:44.951 24290 25083 I NAPPA_EXPERIMENTATION: MetricNetworkRequestExecutionTime: REQUEST_DURATION_SYSTEM='393',REQUEST_DURATION_OKHTTP='224',REQUEST_SYNCHRONOUS='TRUE',RESPONSE_CODE='200',RESPONSE_METHOD='GET',RESPONSE_LENGTH_OKHTTP='45995',RESPONSE_LENGTH_HEADER='45995',REQUEST_PROTOCOL='h2',REQUEST_URL='https://is4-ssl.mzstatic.com/image/thumb/Podcasts113/v4/e5/8a/10/e58a108f-f5d0-f622-c94a-13f66edd570c/mza_3025981348644196724.jpg/170x170bb.png',
08-06 15:59:44.960 24290 24301 I art     : Starting a blocking GC Explicit
08-06 15:59:44.969 24290 25087 D MYTAG   : interceptor 2a
08-06 15:59:44.969 24290 25087 I NAPPA_EXPERIMENTATION: MetricNetworkRequestExecutionTime: REQUEST_DURATION_SYSTEM='404',REQUEST_DURATION_OKHTTP='240',REQUEST_SYNCHRONOUS='TRUE',RESPONSE_CODE='200',RESPONSE_METHOD='GET',RESPONSE_LENGTH_OKHTTP='48239',RESPONSE_LENGTH_HEADER='48239',REQUEST_PROTOCOL='h2',REQUEST_URL='https://is2-ssl.mzstatic.com/image/thumb/Podcasts113/v4/a9/39/cc/a939ccc5-6d60-0c11-0a4c-16d71cdef89b/mza_8787577209688278658.jpg/170x170bb.png',
08-06 15:59:44.995 24290 24301 I art     : Explicit concurrent mark sweep GC freed 1757(85KB) AllocSpace objects, 0(0B) LOS objects, 36% free, 27MB/43MB, paused 1.750ms total 34.667ms
08-06 15:59:44.995 24290 25080 D MYTAG   : interceptor 2a
08-06 15:59:44.995 24290 25080 I NAPPA_EXPERIMENTATION: MetricNetworkRequestExecutionTime: REQUEST_DURATION_SYSTEM='420',REQUEST_DURATION_OKHTTP='222',REQUEST_SYNCHRONOUS='TRUE',RESPONSE_CODE='200',RESPONSE_METHOD='GET',RESPONSE_LENGTH_OKHTTP='12000',RESPONSE_LENGTH_HEADER='12000',REQUEST_PROTOCOL='h2',REQUEST_URL='https://is4-ssl.mzstatic.com/image/thumb/Podcasts124/v4/49/a4/91/49a491b7-3daf-c5dc-d7c6-6c4f1486955c/mza_5930014091766152297.png/170x170bb.png',
08-06 15:59:45.000 24290 25088 D MYTAG   : interceptor 2a
08-06 15:59:45.000 24290 25088 I NAPPA_EXPERIMENTATION: MetricNetworkRequestExecutionTime: REQUEST_DURATION_SYSTEM='429',REQUEST_DURATION_OKHTTP='245',REQUEST_SYNCHRONOUS='TRUE',RESPONSE_CODE='200',RESPONSE_METHOD='GET',RESPONSE_LENGTH_OKHTTP='22351',RESPONSE_LENGTH_HEADER='22351',REQUEST_PROTOCOL='h2',REQUEST_URL='https://is5-ssl.mzstatic.com/image/thumb/Podcasts114/v4/93/cf/99/93cf9960-fff3-205e-6655-72c03ddeccb2/mza_10545582232493904175.jpeg/170x170bb.png',
08-06 15:59:45.006 24290 24301 I art     : Starting a blocking GC Explicit
08-06 15:59:45.017 24290 25086 D MYTAG   : interceptor 2a
08-06 15:59:45.017 24290 25086 I NAPPA_EXPERIMENTATION: MetricNetworkRequestExecutionTime: REQUEST_DURATION_SYSTEM='435',REQUEST_DURATION_OKHTTP='247',REQUEST_SYNCHRONOUS='TRUE',RESPONSE_CODE='200',RESPONSE_METHOD='GET',RESPONSE_LENGTH_OKHTTP='54835',RESPONSE_LENGTH_HEADER='54835',REQUEST_PROTOCOL='h2',REQUEST_URL='https://is5-ssl.mzstatic.com/image/thumb/Podcasts113/v4/fd/54/6e/fd546ea0-7ab2-e3f0-6049-884d82917af9/mza_4855349695799758348.jpeg/170x170bb.png',
08-06 15:59:45.022 24290 25077 D MYTAG   : interceptor 2a
08-06 15:59:45.023 24290 25077 I NAPPA_EXPERIMENTATION: MetricNetworkRequestExecutionTime: REQUEST_DURATION_SYSTEM='431',REQUEST_DURATION_OKHTTP='260',REQUEST_SYNCHRONOUS='TRUE',RESPONSE_CODE='200',RESPONSE_METHOD='GET',RESPONSE_LENGTH_OKHTTP='42299',RESPONSE_LENGTH_HEADER='42299',REQUEST_PROTOCOL='h2',REQUEST_URL='https://is2-ssl.mzstatic.com/image/thumb/Podcasts114/v4/b3/4c/cf/b34ccfc2-cea4-1ca1-0fad-7793af301cc5/mza_2466085192629456364.jpg/170x170bb.png',
08-06 15:59:45.039 24290 24301 I art     : Explicit concurrent mark sweep GC freed 1317(93KB) AllocSpace objects, 0(0B) LOS objects, 36% free, 28MB/44MB, paused 1.678ms total 33.099ms
08-06 15:59:45.050 24290 24301 I art     : Starting a blocking GC Explicit
08-06 15:59:45.079 24290 24301 I art     : Explicit concurrent mark sweep GC freed 766(31KB) AllocSpace objects, 0(0B) LOS objects, 36% free, 28MB/44MB, paused 1.142ms total 29.443ms
08-06 15:59:45.090 24290 24301 I art     : Starting a blocking GC Explicit
08-06 15:59:45.121 24290 24301 I art     : Explicit concurrent mark sweep GC freed 15(960B) AllocSpace objects, 0(0B) LOS objects, 36% free, 28MB/44MB, paused 1.201ms total 30.695ms
08-06 15:59:45.420 24290 24302 I art     : Starting a blocking GC Explicit
08-06 15:59:45.454 24290 24302 I art     : Explicit concurrent mark sweep GC freed 1401(81KB) AllocSpace objects, 1(20KB) LOS objects, 36% free, 28MB/44MB, paused 1.284ms total 34.260ms
08-06 15:59:45.466 24290 24302 I art     : Starting a blocking GC Explicit
08-06 15:59:45.501 24290 24302 I art     : Explicit concurrent mark sweep GC freed 23(752B) AllocSpace objects, 0(0B) LOS objects, 36% free, 28MB/44MB, paused 1.255ms total 34.536ms
08-06 15:59:45.513 24290 24302 I art     : Starting a blocking GC Explicit
08-06 15:59:45.547 24290 24302 I art     : Explicit concurrent mark sweep GC freed 3(96B) AllocSpace objects, 0(0B) LOS objects, 36% free, 28MB/44MB, paused 1.329ms total 34.428ms
08-06 15:59:45.559 24290 24302 I art     : Starting a blocking GC Explicit
08-06 15:59:45.595 24290 24302 I art     : Explicit concurrent mark sweep GC freed 3(96B) AllocSpace objects, 0(0B) LOS objects, 36% free, 28MB/44MB, paused 1.315ms total 35.435ms
08-06 15:59:45.607 24290 24302 I art     : Starting a blocking GC Explicit
08-06 15:59:45.643 24290 24302 I art     : Explicit concurrent mark sweep GC freed 3(96B) AllocSpace objects, 0(0B) LOS objects, 36% free, 28MB/44MB, paused 1.244ms total 35.903ms
08-06 15:59:45.890 22397 22397 I ServiceManager: Waiting for service AtCmdFwd...
08-06 15:59:45.998 24290 24420 I art     : Starting a blocking GC Explicit
08-06 15:59:46.041 24290 24420 I art     : Explicit concurrent mark sweep GC freed 1373(81KB) AllocSpace objects, 1(20KB) LOS objects, 36% free, 28MB/44MB, paused 1.440ms total 43.504ms
08-06 15:59:46.054 24290 24420 I art     : Starting a blocking GC Explicit
08-06 15:59:46.093 24290 24420 I art     : Explicit concurrent mark sweep GC freed 23(752B) AllocSpace objects, 0(0B) LOS objects, 36% free, 28MB/44MB, paused 1.306ms total 38.784ms
08-06 15:59:46.105 24290 24420 I art     : Starting a blocking GC Explicit
08-06 15:59:46.143 24290 24420 I art     : Explicit concurrent mark sweep GC freed 4(128B) AllocSpace objects, 0(0B) LOS objects, 36% free, 28MB/44MB, paused 1.382ms total 36.954ms
08-06 15:59:46.156 24290 24420 I art     : Starting a blocking GC Explicit
08-06 15:59:46.194 24290 24420 I art     : Explicit concurrent mark sweep GC freed 9(288B) AllocSpace objects, 0(0B) LOS objects, 36% free, 28MB/44MB, paused 1.172ms total 37.965ms
08-06 15:59:46.207 24290 24420 I art     : Starting a blocking GC Explicit
08-06 15:59:46.242 24290 24420 I art     : Explicit concurrent mark sweep GC freed 9(288B) AllocSpace objects, 0(0B) LOS objects, 36% free, 28MB/44MB, paused 1.390ms total 35.081ms
08-06 15:59:46.579 24290 24420 I art     : Starting a blocking GC Explicit
08-06 15:59:46.629 24290 24420 I art     : Explicit concurrent mark sweep GC freed 1420(83KB) AllocSpace objects, 1(20KB) LOS objects, 36% free, 28MB/44MB, paused 1.573ms total 49.215ms
08-06 15:59:46.643 24290 24420 I art     : Starting a blocking GC Explicit
08-06 15:59:46.680 24290 24420 I art     : Explicit concurrent mark sweep GC freed 23(752B) AllocSpace objects, 0(0B) LOS objects, 36% free, 28MB/44MB, paused 1.332ms total 36.917ms
08-06 15:59:46.693 24290 24420 I art     : Starting a blocking GC Explicit
08-06 15:59:46.732 24290 24420 I art     : Explicit concurrent mark sweep GC freed 3(96B) AllocSpace objects, 0(0B) LOS objects, 36% free, 28MB/44MB, paused 1.371ms total 39.222ms
08-06 15:59:46.748 24290 24420 I art     : Starting a blocking GC Explicit
08-06 15:59:46.788 24290 24420 I art     : Explicit concurrent mark sweep GC freed 3(96B) AllocSpace objects, 0(0B) LOS objects, 36% free, 28MB/44MB, paused 1.409ms total 40.172ms
08-06 15:59:46.801 24290 24420 I art     : Starting a blocking GC Explicit
08-06 15:59:46.840 24290 24420 I art     : Explicit concurrent mark sweep GC freed 3(96B) AllocSpace objects, 0(0B) LOS objects, 36% free, 28MB/44MB, paused 1.320ms total 38.754ms
08-06 15:59:46.891 22397 22397 I ServiceManager: Waiting for service AtCmdFwd...
08-06 15:59:47.195 24290 24880 I art     : Starting a blocking GC Explicit
08-06 15:59:47.238 24290 24880 I art     : Explicit concurrent mark sweep GC freed 1373(81KB) AllocSpace objects, 1(20KB) LOS objects, 36% free, 28MB/44MB, paused 1.380ms total 42.609ms
08-06 15:59:47.254 24290 24880 I art     : Starting a blocking GC Explicit
08-06 15:59:47.290 24290 24880 I art     : Explicit concurrent mark sweep GC freed 23(752B) AllocSpace objects, 0(0B) LOS objects, 36% free, 28MB/44MB, paused 1.312ms total 36.500ms
08-06 15:59:47.303 24290 24880 I art     : Starting a blocking GC Explicit
08-06 15:59:47.342 24290 24880 I art     : Explicit concurrent mark sweep GC freed 3(96B) AllocSpace objects, 0(0B) LOS objects, 36% free, 28MB/44MB, paused 1.291ms total 38.543ms
08-06 15:59:47.354 24290 24880 I art     : Starting a blocking GC Explicit
08-06 15:59:47.393 24290 24880 I art     : Explicit concurrent mark sweep GC freed 3(96B) AllocSpace objects, 0(0B) LOS objects, 36% free, 28MB/44MB, paused 1.243ms total 38.415ms
08-06 15:59:47.405 24290 24880 I art     : Starting a blocking GC Explicit
08-06 15:59:47.443 24290 24880 I art     : Explicit concurrent mark sweep GC freed 32(880B) AllocSpace objects, 0(0B) LOS objects, 36% free, 28MB/44MB, paused 1.325ms total 38.319ms
08-06 15:59:47.799 24290 24301 I art     : Starting a blocking GC Explicit
08-06 15:59:47.851 24290 24301 I art     : Explicit concurrent mark sweep GC freed 1374(82KB) AllocSpace objects, 1(20KB) LOS objects, 36% free, 28MB/44MB, paused 1.599ms total 50.664ms
08-06 15:59:47.865 24290 24301 I art     : Starting a blocking GC Explicit
08-06 15:59:47.891 22397 22397 I ServiceManager: Waiting for service AtCmdFwd...
08-06 15:59:47.902 24290 24301 I art     : Explicit concurrent mark sweep GC freed 23(752B) AllocSpace objects, 0(0B) LOS objects, 36% free, 28MB/44MB, paused 1.277ms total 36.204ms
08-06 15:59:47.914 24290 24301 I art     : Starting a blocking GC Explicit
08-06 15:59:47.953 24290 24301 I art     : Explicit concurrent mark sweep GC freed 3(96B) AllocSpace objects, 0(0B) LOS objects, 36% free, 28MB/44MB, paused 1.526ms total 38.417ms
08-06 15:59:47.965 24290 24301 I art     : Starting a blocking GC Explicit
08-06 15:59:48.004 24290 24301 I art     : Explicit concurrent mark sweep GC freed 3(96B) AllocSpace objects, 0(0B) LOS objects, 36% free, 28MB/44MB, paused 1.269ms total 38.333ms
08-06 15:59:48.016 24290 24301 I art     : Starting a blocking GC Explicit
08-06 15:59:48.054 24290 24301 I art     : Explicit concurrent mark sweep GC freed 3(96B) AllocSpace objects, 0(0B) LOS objects, 36% free, 28MB/44MB, paused 1.420ms total 38.121ms
08-06 15:59:48.399 24290 24302 I art     : Starting a blocking GC Explicit
08-06 15:59:48.442 24290 24302 I art     : Explicit concurrent mark sweep GC freed 1402(82KB) AllocSpace objects, 1(20KB) LOS objects, 36% free, 28MB/44MB, paused 1.350ms total 42.509ms
08-06 15:59:48.458 24290 24302 I art     : Starting a blocking GC Explicit
08-06 15:59:48.500 24290 24302 I art     : Explicit concurrent mark sweep GC freed 23(752B) AllocSpace objects, 0(0B) LOS objects, 36% free, 28MB/44MB, paused 1.295ms total 41.234ms
08-06 15:59:48.512 24290 24302 I art     : Starting a blocking GC Explicit
08-06 15:59:48.551 24290 24302 I art     : Explicit concurrent mark sweep GC freed 3(96B) AllocSpace objects, 0(0B) LOS objects, 36% free, 28MB/44MB, paused 1.503ms total 38.498ms
08-06 15:59:48.563 24290 24302 I art     : Starting a blocking GC Explicit
08-06 15:59:48.602 24290 24302 I art     : Explicit concurrent mark sweep GC freed 3(96B) AllocSpace objects, 0(0B) LOS objects, 36% free, 28MB/44MB, paused 1.267ms total 38.760ms
08-06 15:59:48.614 24290 24302 I art     : Starting a blocking GC Explicit
08-06 15:59:48.652 24290 24302 I art     : Explicit concurrent mark sweep GC freed 3(96B) AllocSpace objects, 0(0B) LOS objects, 36% free, 28MB/44MB, paused 1.267ms total 37.684ms
08-06 15:59:48.892 22397 22397 W Atfwd_Sendcmd: AtCmdFwd service not published, waiting... retryCnt : 5
08-06 15:59:49.001 24290 24420 I art     : Starting a blocking GC Explicit
08-06 15:59:49.044 24290 24420 I art     : Explicit concurrent mark sweep GC freed 1372(80KB) AllocSpace objects, 1(20KB) LOS objects, 36% free, 28MB/44MB, paused 1.358ms total 42.751ms
08-06 15:59:49.061 24290 24420 I art     : Starting a blocking GC Explicit
08-06 15:59:49.104 24290 24420 I art     : Explicit concurrent mark sweep GC freed 23(752B) AllocSpace objects, 0(0B) LOS objects, 36% free, 28MB/44MB, paused 1.271ms total 42.918ms
08-06 15:59:49.116 24290 24420 I art     : Starting a blocking GC Explicit
08-06 15:59:49.155 24290 24420 I art     : Explicit concurrent mark sweep GC freed 3(96B) AllocSpace objects, 0(0B) LOS objects, 36% free, 28MB/44MB, paused 1.316ms total 38.939ms
08-06 15:59:49.168 24290 24420 I art     : Starting a blocking GC Explicit
08-06 15:59:49.206 24290 24420 I art     : Explicit concurrent mark sweep GC freed 3(96B) AllocSpace objects, 0(0B) LOS objects, 36% free, 28MB/44MB, paused 1.300ms total 38.153ms
08-06 15:59:49.219 24290 24420 I art     : Starting a blocking GC Explicit
08-06 15:59:49.257 24290 24420 I art     : Explicit concurrent mark sweep GC freed 3(96B) AllocSpace objects, 0(0B) LOS objects, 36% free, 28MB/44MB, paused 1.366ms total 37.590ms
08-06 15:59:49.291   918   937 W ProcessCpuTracker: Skipping unknown process pid 26276
08-06 15:59:49.291   918   937 W ProcessCpuTracker: Skipping unknown process pid 26278
08-06 15:59:49.291   918   937 W ProcessCpuTracker: Skipping unknown process pid 26279
08-06 15:59:49.575 24290 24880 I art     : Starting a blocking GC Explicit
08-06 15:59:49.621 24290 24880 I art     : Explicit concurrent mark sweep GC freed 1401(81KB) AllocSpace objects, 1(20KB) LOS objects, 36% free, 28MB/44MB, paused 1.377ms total 45.136ms
08-06 15:59:49.636 24290 24880 I art     : Starting a blocking GC Explicit
08-06 15:59:49.675 24290 24880 I art     : Explicit concurrent mark sweep GC freed 23(752B) AllocSpace objects, 0(0B) LOS objects, 36% free, 28MB/44MB, paused 1.324ms total 38.864ms
08-06 15:59:49.687 24290 24880 I art     : Starting a blocking GC Explicit
08-06 15:59:49.725 24290 24880 I art     : Explicit concurrent mark sweep GC freed 3(96B) AllocSpace objects, 0(0B) LOS objects, 36% free, 28MB/44MB, paused 1.316ms total 36.970ms
08-06 15:59:49.737 24290 24880 I art     : Starting a blocking GC Explicit
08-06 15:59:49.776 24290 24880 I art     : Explicit concurrent mark sweep GC freed 3(96B) AllocSpace objects, 0(0B) LOS objects, 36% free, 28MB/44MB, paused 1.316ms total 38.143ms
08-06 15:59:49.788 24290 24880 I art     : Starting a blocking GC Explicit
08-06 15:59:49.826 24290 24880 I art     : Explicit concurrent mark sweep GC freed 3(96B) AllocSpace objects, 0(0B) LOS objects, 36% free, 28MB/44MB, paused 1.227ms total 37.520ms
08-06 15:59:50.166 24290 24301 I art     : Starting a blocking GC Explicit
08-06 15:59:50.212 24290 24301 I art     : Explicit concurrent mark sweep GC freed 1372(80KB) AllocSpace objects, 1(20KB) LOS objects, 36% free, 28MB/44MB, paused 1.207ms total 45.638ms
08-06 15:59:50.224 24290 24301 I art     : Starting a blocking GC Explicit
08-06 15:59:50.256 24290 24301 I art     : Explicit concurrent mark sweep GC freed 23(752B) AllocSpace objects, 0(0B) LOS objects, 36% free, 28MB/44MB, paused 1.265ms total 30.955ms
08-06 15:59:50.267 24290 24301 I art     : Starting a blocking GC Explicit
08-06 15:59:50.301 24290 24301 I art     : Explicit concurrent mark sweep GC freed 3(96B) AllocSpace objects, 0(0B) LOS objects, 36% free, 28MB/44MB, paused 1.270ms total 33.591ms
08-06 15:59:50.312 24290 24301 I art     : Starting a blocking GC Explicit
08-06 15:59:50.346 24290 24301 I art     : Explicit concurrent mark sweep GC freed 3(96B) AllocSpace objects, 0(0B) LOS objects, 36% free, 28MB/44MB, paused 1.285ms total 33.704ms
08-06 15:59:50.358 24290 24301 I art     : Starting a blocking GC Explicit
08-06 15:59:50.394 24290 24301 I art     : Explicit concurrent mark sweep GC freed 3(96B) AllocSpace objects, 0(0B) LOS objects, 36% free, 28MB/44MB, paused 1.362ms total 35.481ms
08-06 15:59:50.737 26301 26301 D AndroidRuntime: >>>>>> START com.android.internal.os.RuntimeInit uid 2000 <<<<<<
08-06 15:59:50.739 24290 24302 I art     : Starting a blocking GC Explicit
08-06 15:59:50.742 26301 26301 D AndroidRuntime: CheckJNI is OFF
08-06 15:59:50.775 24290 24302 I art     : Explicit concurrent mark sweep GC freed 1401(81KB) AllocSpace objects, 1(20KB) LOS objects, 36% free, 28MB/44MB, paused 1.329ms total 34.862ms
08-06 15:59:50.787 24290 24302 I art     : Starting a blocking GC Explicit
08-06 15:59:50.790 26301 26301 D ICU     : No timezone override file found: /data/misc/zoneinfo/current/icu/icu_tzdata.dat
08-06 15:59:50.822 24290 24302 I art     : Explicit concurrent mark sweep GC freed 23(752B) AllocSpace objects, 0(0B) LOS objects, 36% free, 28MB/44MB, paused 1.357ms total 35.162ms
08-06 15:59:50.834 24290 24302 I art     : Starting a blocking GC Explicit
08-06 15:59:50.835 26301 26301 I Radio-JNI: register_android_hardware_Radio DONE
08-06 15:59:50.864 26301 26301 D AndroidRuntime: Calling main entry com.android.commands.input.Input
08-06 15:59:50.866 26301 26301 I Input   : injectMotionEvent: MotionEvent { action=ACTION_DOWN, actionButton=0, id[0]=0, x[0]=616.0, y[0]=469.0, toolType[0]=TOOL_TYPE_UNKNOWN, buttonState=0, metaState=0, flags=0x0, edgeFlags=0x0, pointerCount=1, historySize=0, eventTime=892807279, downTime=892807279, deviceId=0, source=0x1002 }
08-06 15:59:50.870 24290 24302 I art     : Explicit concurrent mark sweep GC freed 3(96B) AllocSpace objects, 0(0B) LOS objects, 36% free, 28MB/44MB, paused 1.341ms total 35.853ms
08-06 15:59:50.873 26301 26301 I Input   : injectMotionEvent: MotionEvent { action=ACTION_UP, actionButton=0, id[0]=0, x[0]=616.0, y[0]=469.0, toolType[0]=TOOL_TYPE_UNKNOWN, buttonState=0, metaState=0, flags=0x0, edgeFlags=0x0, pointerCount=1, historySize=0, eventTime=892807279, downTime=892807279, deviceId=0, source=0x1002 }
08-06 15:59:50.875 26301 26301 D AndroidRuntime: Shutting down VM
08-06 15:59:50.882 24290 24302 I art     : Starting a blocking GC Explicit
08-06 15:59:50.915 24290 24302 I art     : Explicit concurrent mark sweep GC freed 23(736B) AllocSpace objects, 0(0B) LOS objects, 36% free, 28MB/44MB, paused 1.150ms total 32.831ms
08-06 15:59:50.927 24290 24302 I art     : Starting a blocking GC Explicit
08-06 15:59:50.942   512  2967 D audio_hw_primary: out_set_parameters: enter: usecase(1: low-latency-playback) kvpairs: routing=2
08-06 15:59:50.955   512  2967 D audio_hw_primary: select_devices: out_snd_device(2: speaker) in_snd_device(0: none)
08-06 15:59:50.955   512  2967 D msm8974_platform: platform_send_audio_calibration: sending audio calibration for snd_device(2) acdb_id(15)
08-06 15:59:50.955   512  2967 I soundtrigger: audio_extn_sound_trigger_update_device_status: device 0x2 of type 0 for Event 1
08-06 15:59:50.960 24290 24302 I art     : Explicit concurrent mark sweep GC freed 178(7KB) AllocSpace objects, 0(0B) LOS objects, 36% free, 28MB/44MB, paused 1.626ms total 32.725ms
08-06 15:59:50.967   512  2967 D audio_hw_primary: enable_snd_device: snd_device(2: speaker)
08-06 15:59:50.970   512  2967 D audio_hw_primary: enable_audio_route: apply and update mixer path: low-latency-playback speaker
08-06 15:59:51.154 24290 24879 I NAPPA_EXPERIMENTATION: MetricNetworkRequestExecutionTime: REQUEST_DURATION_SYSTEM='214',REQUEST_DURATION_OKHTTP='212',REQUEST_SYNCHRONOUS='TRUE',RESPONSE_CODE='200',RESPONSE_METHOD='GET',RESPONSE_LENGTH_OKHTTP='-1',RESPONSE_LENGTH_HEADER='628',REQUEST_PROTOCOL='h2',REQUEST_URL='https://itunes.apple.com/lookup?id=1524080195',
08-06 15:59:51.176   918  6112 I ActivityManager: START u0 {cmp=baseline.de.danoeh.antennapod.debug/baseline.de.danoeh.antennapod.activity.OnlineFeedViewActivity (has extras)} from uid 10711 on display 0
08-06 15:59:51.198 13866 13866 I GoogleInputMethodServic: GoogleInputMethodService.onFinishInput():3138 
08-06 15:59:51.199 13866 13866 I GoogleInputMethodServic: GoogleInputMethodService.onStartInput():1808 
08-06 15:59:51.223 24290 24290 D UserPreferences: Using default data folder
08-06 15:59:51.224 24290 24290 D OnlineFeedViewActivity: Activity was started with url https://rss.art19.com/nice-white-parents
08-06 15:59:51.227 24290 24290 D OnlineFeedViewActivity: Starting feed download
08-06 15:59:51.230 24290 24316 D DBReader: Extracting Feedlist
08-06 15:59:51.233   918  6112 D WifiService: acquireWifiLockLocked: WifiLock{Downloader type=1 binder=android.os.BinderProxy@ebfaf18}
08-06 15:59:51.234 24290 24316 D AntennapodHttpClient: Creating new instance of HTTP client
08-06 15:59:51.251 24290 24880 I art     : Starting a blocking GC Explicit
08-06 15:59:51.286 24290 24880 I art     : Explicit concurrent mark sweep GC freed 3220(215KB) AllocSpace objects, 1(20KB) LOS objects, 36% free, 28MB/44MB, paused 1.602ms total 35.209ms
08-06 15:59:51.286 13866 13866 I GoogleInputMethodServic: GoogleInputMethodService.onFinishInput():3138 
08-06 15:59:51.287 13866 13866 I GoogleInputMethodServic: GoogleInputMethodService.onStartInput():1808 
08-06 15:59:51.299 24290 24880 I art     : Starting a blocking GC Explicit
08-06 15:59:51.319   918   936 I ActivityManager: Displayed baseline.de.danoeh.antennapod.debug/baseline.de.danoeh.antennapod.activity.OnlineFeedViewActivity: +120ms
08-06 15:59:51.340 24290 24880 I art     : Explicit concurrent mark sweep GC freed 1103(78KB) AllocSpace objects, 2(120KB) LOS objects, 35% free, 28MB/44MB, paused 1.661ms total 40.171ms
08-06 15:59:51.352 24290 24880 I art     : Starting a blocking GC Explicit
08-06 15:59:51.388 24290 24880 I art     : Explicit concurrent mark sweep GC freed 4179(168KB) AllocSpace objects, 0(0B) LOS objects, 35% free, 28MB/44MB, paused 1.431ms total 35.139ms
08-06 15:59:51.399 24290 24880 I art     : Starting a blocking GC Explicit
08-06 15:59:51.431 24290 24880 I art     : Explicit concurrent mark sweep GC freed 908(115KB) AllocSpace objects, 1(80KB) LOS objects, 35% free, 28MB/44MB, paused 1.273ms total 31.727ms
08-06 15:59:51.442 24290 24880 I art     : Starting a blocking GC Explicit
08-06 15:59:51.473 24290 24880 I art     : Explicit concurrent mark sweep GC freed 13(496B) AllocSpace objects, 0(0B) LOS objects, 35% free, 28MB/44MB, paused 1.258ms total 30.926ms
08-06 15:59:51.519   512  2967 D audio_hw_primary: disable_audio_route: reset and update mixer path: low-latency-playback speaker
08-06 15:59:51.521   512  2967 D audio_hw_primary: disable_snd_device: snd_device(2: speaker)
08-06 15:59:51.528 24290 24316 D MYTAG   : interceptor 3a https://rss.art19.com/nice-white-parents
08-06 15:59:51.528 24290 24316 I NAPPA_EXPERIMENTATION: MetricNetworkRequestExecutionTime: REQUEST_DURATION_SYSTEM='293',REQUEST_DURATION_OKHTTP='149',REQUEST_SYNCHRONOUS='TRUE',RESPONSE_CODE='200',RESPONSE_METHOD='GET',RESPONSE_LENGTH_OKHTTP='-1',RESPONSE_LENGTH_HEADER='1803',REQUEST_PROTOCOL='h2',REQUEST_URL='https://rss.art19.com/nice-white-parents',
08-06 15:59:51.528 24290 24316 D HttpDownloader: Response code is 200
08-06 15:59:51.528 24290 24316 D UserPreferences: Using default data folder
08-06 15:59:51.530   512  2967 I soundtrigger: audio_extn_sound_trigger_update_device_status: device 0x2 of type 0 for Event 0
08-06 15:59:51.530 24290 24316 D HttpDownloader: Getting size of download
08-06 15:59:51.530 24290 24316 D HttpDownloader: Size is -1
08-06 15:59:51.530 24290 24316 D UserPreferences: Using default data folder
08-06 15:59:51.530 24290 24316 D HttpDownloader: Free space is 20249010176
08-06 15:59:51.530 24290 24316 D HttpDownloader: Starting download
08-06 15:59:51.537 24290 24316 D HttpDownloader: Download was successful
08-06 15:59:51.538   918  3696 D WifiService: releaseWifiLockLocked: WifiLock{Downloader type=1 binder=android.os.BinderProxy@ebfaf18}
08-06 15:59:51.538 24290 24290 D OnlineFeedViewActivity: Parsing feed
08-06 15:59:51.541 24290 26337 D TypeGetter: Recognized type RSS 2.0
08-06 15:59:51.544 24290 26337 D SyndHandler: Recognized ITunes namespace
08-06 15:59:51.544 24290 26337 D SyndHandler: Recognized Atom namespace
08-06 15:59:51.544 24290 26337 D SyndHandler: Recognized Content namespace
08-06 15:59:51.550 24290 26337 D OnlineFeedViewActivity: Deleted feed source file. Result: true
08-06 15:59:51.550 24290 24290 D OnlineFeedViewActivity: Removing HTML from shownotes
08-06 15:59:51.558   380   380 W SurfaceFlinger: couldn't log to binary event log: overflow.
08-06 15:59:51.695 24290 24290 D PlaybackController: Releasing PlaybackController
08-06 15:59:51.770 24290 24302 I art     : Starting a blocking GC Explicit
08-06 15:59:51.806 24290 24302 I art     : Explicit concurrent mark sweep GC freed 3711(377KB) AllocSpace objects, 5(148KB) LOS objects, 35% free, 28MB/44MB, paused 1.325ms total 35.645ms
08-06 15:59:51.817 24290 24302 I art     : Starting a blocking GC Explicit
08-06 15:59:51.852 24290 24302 I art     : Explicit concurrent mark sweep GC freed 657(31KB) AllocSpace objects, 1(112KB) LOS objects, 35% free, 28MB/44MB, paused 1.270ms total 34.260ms
08-06 15:59:51.864 24290 24302 I art     : Starting a blocking GC Explicit
08-06 15:59:51.900 24290 24302 I art     : Explicit concurrent mark sweep GC freed 3(96B) AllocSpace objects, 0(0B) LOS objects, 35% free, 28MB/44MB, paused 1.329ms total 36.143ms
08-06 15:59:51.912 24290 24302 I art     : Starting a blocking GC Explicit
08-06 15:59:51.948 24290 24302 I art     : Explicit concurrent mark sweep GC freed 3(96B) AllocSpace objects, 0(0B) LOS objects, 35% free, 28MB/44MB, paused 1.506ms total 35.978ms
08-06 15:59:51.960 24290 24302 I art     : Starting a blocking GC Explicit
08-06 15:59:51.997 24290 24302 I art     : Explicit concurrent mark sweep GC freed 3(96B) AllocSpace objects, 0(0B) LOS objects, 35% free, 28MB/44MB, paused 1.469ms total 36.829ms
08-06 15:59:52.316 24290 24420 I art     : Starting a blocking GC Explicit
08-06 15:59:52.370 24290 24420 I art     : Explicit concurrent mark sweep GC freed 1372(80KB) AllocSpace objects, 1(20KB) LOS objects, 35% free, 28MB/44MB, paused 1.630ms total 53.087ms
08-06 15:59:52.390 24290 24420 I art     : Starting a blocking GC Explicit
08-06 15:59:52.426 24290 24420 I art     : Explicit concurrent mark sweep GC freed 52(1536B) AllocSpace objects, 0(0B) LOS objects, 35% free, 28MB/44MB, paused 1.325ms total 35.935ms
08-06 15:59:52.438 24290 24420 I art     : Starting a blocking GC Explicit
08-06 15:59:52.476 24290 24420 I art     : Explicit concurrent mark sweep GC freed 3(96B) AllocSpace objects, 0(0B) LOS objects, 35% free, 28MB/44MB, paused 1.344ms total 37.578ms
08-06 15:59:52.489 24290 24420 I art     : Starting a blocking GC Explicit
08-06 15:59:52.529 24290 24420 I art     : Explicit concurrent mark sweep GC freed 3(96B) AllocSpace objects, 0(0B) LOS objects, 35% free, 28MB/44MB, paused 1.538ms total 39.544ms
08-06 15:59:52.542 24290 24420 I art     : Starting a blocking GC Explicit
08-06 15:59:52.582 24290 24420 I art     : Explicit concurrent mark sweep GC freed 3(96B) AllocSpace objects, 0(0B) LOS objects, 35% free, 28MB/44MB, paused 1.393ms total 39.784ms
08-06 15:59:52.934 24290 24301 I art     : Starting a blocking GC Explicit
08-06 15:59:52.986 24290 24301 I art     : Explicit concurrent mark sweep GC freed 1372(80KB) AllocSpace objects, 1(20KB) LOS objects, 35% free, 28MB/44MB, paused 1.478ms total 51.782ms
08-06 15:59:53.002 24290 24301 I art     : Starting a blocking GC Explicit
08-06 15:59:53.042 24290 24301 I art     : Explicit concurrent mark sweep GC freed 23(752B) AllocSpace objects, 0(0B) LOS objects, 35% free, 28MB/44MB, paused 1.393ms total 39.879ms
08-06 15:59:53.055 24290 24301 I art     : Starting a blocking GC Explicit
08-06 15:59:53.095 24290 24301 I art     : Explicit concurrent mark sweep GC freed 3(96B) AllocSpace objects, 0(0B) LOS objects, 35% free, 28MB/44MB, paused 1.409ms total 40.128ms
08-06 15:59:53.108 24290 24301 I art     : Starting a blocking GC Explicit
08-06 15:59:53.148 24290 24301 I art     : Explicit concurrent mark sweep GC freed 3(96B) AllocSpace objects, 0(0B) LOS objects, 35% free, 28MB/44MB, paused 1.524ms total 39.901ms
08-06 15:59:53.161 24290 24301 I art     : Starting a blocking GC Explicit
08-06 15:59:53.202 24290 24301 I art     : Explicit concurrent mark sweep GC freed 8(256B) AllocSpace objects, 0(0B) LOS objects, 35% free, 28MB/44MB, paused 1.321ms total 40.593ms
08-06 15:59:53.546 24290 24301 I art     : Starting a blocking GC Explicit
08-06 15:59:53.586 24290 24301 I art     : Explicit concurrent mark sweep GC freed 1426(82KB) AllocSpace objects, 1(20KB) LOS objects, 35% free, 28MB/44MB, paused 1.373ms total 39.026ms
08-06 15:59:53.601 24290 24301 I art     : Starting a blocking GC Explicit
08-06 15:59:53.638 24290 24301 I art     : Explicit concurrent mark sweep GC freed 23(752B) AllocSpace objects, 0(0B) LOS objects, 35% free, 28MB/44MB, paused 1.726ms total 37.059ms
08-06 15:59:53.651 24290 24301 I art     : Starting a blocking GC Explicit
08-06 15:59:53.690 24290 24301 I art     : Explicit concurrent mark sweep GC freed 3(96B) AllocSpace objects, 0(0B) LOS objects, 35% free, 28MB/44MB, paused 1.412ms total 38.557ms
08-06 15:59:53.703 24290 24301 I art     : Starting a blocking GC Explicit
08-06 15:59:53.742 24290 24301 I art     : Explicit concurrent mark sweep GC freed 3(96B) AllocSpace objects, 0(0B) LOS objects, 35% free, 28MB/44MB, paused 1.399ms total 38.636ms
08-06 15:59:53.754 24290 24301 I art     : Starting a blocking GC Explicit
08-06 15:59:53.794 24290 24301 I art     : Explicit concurrent mark sweep GC freed 3(96B) AllocSpace objects, 0(0B) LOS objects, 35% free, 28MB/44MB, paused 1.408ms total 39.488ms
08-06 15:59:54.130 24290 24302 I art     : Starting a blocking GC Explicit
08-06 15:59:54.173 24290 24302 I art     : Explicit concurrent mark sweep GC freed 1372(80KB) AllocSpace objects, 1(20KB) LOS objects, 35% free, 28MB/44MB, paused 1.420ms total 42.344ms
08-06 15:59:54.187 24290 24302 I art     : Starting a blocking GC Explicit
08-06 15:59:54.224 24290 24302 I art     : Explicit concurrent mark sweep GC freed 72(2608B) AllocSpace objects, 0(0B) LOS objects, 35% free, 28MB/44MB, paused 1.308ms total 36.075ms
08-06 15:59:54.236 24290 24302 I art     : Starting a blocking GC Explicit
08-06 15:59:54.273 24290 24302 I art     : Explicit concurrent mark sweep GC freed 3(96B) AllocSpace objects, 0(0B) LOS objects, 35% free, 28MB/44MB, paused 1.346ms total 36.955ms
08-06 15:59:54.286 24290 24302 I art     : Starting a blocking GC Explicit
08-06 15:59:54.322 24290 24302 I art     : Explicit concurrent mark sweep GC freed 3(96B) AllocSpace objects, 0(0B) LOS objects, 35% free, 28MB/44MB, paused 1.256ms total 36.621ms
08-06 15:59:54.335 24290 24302 I art     : Starting a blocking GC Explicit
08-06 15:59:54.373 24290 24302 I art     : Explicit concurrent mark sweep GC freed 3(96B) AllocSpace objects, 0(0B) LOS objects, 35% free, 28MB/44MB, paused 1.393ms total 37.841ms
08-06 15:59:54.584 12162 12181 I Finsky  : [6223] ktr.run(-1): Stats for Executor: BlockingExecutor kvs@e92de3c[Running, pool size = 0, active threads = 0, queued tasks = 0, completed tasks = 178]
08-06 15:59:54.585 12162 12181 I Finsky  : [6223] ktr.run(-1): Stats for Executor: LightweightExecutor kvs@2a717c5[Running, pool size = 4, active threads = 0, queued tasks = 0, completed tasks = 80]
08-06 15:59:54.741 24290 24880 I art     : Starting a blocking GC Explicit
08-06 15:59:54.789 24290 24880 I art     : Explicit concurrent mark sweep GC freed 1401(81KB) AllocSpace objects, 1(20KB) LOS objects, 35% free, 28MB/44MB, paused 1.573ms total 47.461ms
08-06 15:59:54.802 24290 24880 I art     : Starting a blocking GC Explicit
08-06 15:59:54.842 24290 24880 I art     : Explicit concurrent mark sweep GC freed 23(752B) AllocSpace objects, 0(0B) LOS objects, 35% free, 28MB/44MB, paused 1.406ms total 39.388ms
08-06 15:59:54.855 24290 24880 I art     : Starting a blocking GC Explicit
08-06 15:59:54.895 24290 24880 I art     : Explicit concurrent mark sweep GC freed 3(96B) AllocSpace objects, 0(0B) LOS objects, 35% free, 28MB/44MB, paused 1.410ms total 40.222ms
08-06 15:59:54.908 24290 24880 I art     : Starting a blocking GC Explicit
08-06 15:59:54.947 24290 24880 I art     : Explicit concurrent mark sweep GC freed 3(96B) AllocSpace objects, 0(0B) LOS objects, 35% free, 28MB/44MB, paused 1.409ms total 38.855ms
08-06 15:59:54.960 24290 24880 I art     : Starting a blocking GC Explicit
08-06 15:59:55.000 24290 24880 I art     : Explicit concurrent mark sweep GC freed 3(96B) AllocSpace objects, 0(0B) LOS objects, 35% free, 28MB/44MB, paused 1.397ms total 40.073ms
08-06 15:59:55.092 12162 12181 I Finsky  : [6223] ktr.run(-1): Stats for Executor: bgExecutor kvs@1c1551a[Running, pool size = 4, active threads = 0, queued tasks = 0, completed tasks = 566]
08-06 15:59:55.318 24290 24301 I art     : Starting a blocking GC Explicit
08-06 15:59:55.356 24290 24301 I art     : Explicit concurrent mark sweep GC freed 1373(82KB) AllocSpace objects, 1(20KB) LOS objects, 35% free, 28MB/44MB, paused 1.360ms total 37.475ms
08-06 15:59:55.368 24290 24301 I art     : Starting a blocking GC Explicit
08-06 15:59:55.404 24290 24301 I art     : Explicit concurrent mark sweep GC freed 23(752B) AllocSpace objects, 0(0B) LOS objects, 35% free, 28MB/44MB, paused 1.417ms total 35.818ms
08-06 15:59:55.417 24290 24301 I art     : Starting a blocking GC Explicit
08-06 15:59:55.456 24290 24301 I art     : Explicit concurrent mark sweep GC freed 32(880B) AllocSpace objects, 0(0B) LOS objects, 35% free, 28MB/44MB, paused 1.435ms total 38.673ms
08-06 15:59:55.468 24290 24301 I art     : Starting a blocking GC Explicit
08-06 15:59:55.507 24290 24301 I art     : Explicit concurrent mark sweep GC freed 3(96B) AllocSpace objects, 0(0B) LOS objects, 35% free, 28MB/44MB, paused 1.518ms total 39.019ms
08-06 15:59:55.520 24290 24301 I art     : Starting a blocking GC Explicit
08-06 15:59:55.559 24290 24301 I art     : Explicit concurrent mark sweep GC freed 3(96B) AllocSpace objects, 0(0B) LOS objects, 35% free, 28MB/44MB, paused 1.424ms total 39.078ms
08-06 15:59:55.714 26399 26399 D AndroidRuntime: >>>>>> START com.android.internal.os.RuntimeInit uid 2000 <<<<<<
08-06 15:59:55.722 26399 26399 D AndroidRuntime: CheckJNI is OFF
08-06 15:59:55.764 26399 26399 D ICU     : No timezone override file found: /data/misc/zoneinfo/current/icu/icu_tzdata.dat
08-06 15:59:55.806 26399 26399 I Radio-JNI: register_android_hardware_Radio DONE
08-06 15:59:55.835 26399 26399 D AndroidRuntime: Calling main entry com.android.commands.input.Input
08-06 15:59:55.837 26399 26399 I Input   : injectKeyEvent: KeyEvent { action=ACTION_DOWN, keyCode=KEYCODE_BACK, scanCode=0, metaState=0, flags=0x0, repeatCount=0, eventTime=892812250, downTime=892812250, deviceId=-1, source=0x101 }
08-06 15:59:55.842 26399 26399 I Input   : injectKeyEvent: KeyEvent { action=ACTION_UP, keyCode=KEYCODE_BACK, scanCode=0, metaState=0, flags=0x0, repeatCount=0, eventTime=892812250, downTime=892812250, deviceId=-1, source=0x101 }
08-06 15:59:55.847 26399 26399 D AndroidRuntime: Shutting down VM
08-06 15:59:55.851 24290 24290 V PlaybackController: initServiceNotRunning()
08-06 15:59:55.852 24290 24290 D ExternalPlayerFragment: Loading media info
08-06 15:59:55.857 24290 24290 D UserPreferences: Using default data folder
08-06 15:59:55.857 24290 24316 D DBReader: getNavDrawerData() called with: 
08-06 15:59:55.871 24290 24316 D DBReader: getDownloadedItems() called
08-06 15:59:55.872 24290 24316 D DBReader: getFavoriteIDList() called
08-06 15:59:55.874 24290 24316 D DBReader: getQueueIDList() called
08-06 15:59:55.875 24290 24316 D DBReader: Extracting Feedlist
08-06 15:59:55.887 24290 24880 I art     : Starting a blocking GC Explicit
08-06 15:59:55.898 13866 13866 I GoogleInputMethodServic: GoogleInputMethodService.onFinishInput():3138 
08-06 15:59:55.898 13866 13866 I GoogleInputMethodServic: GoogleInputMethodService.onStartInput():1808 
08-06 15:59:55.899 24290 24290 D MainActivity: getLastNavFragment() -> AddFeedFragment
08-06 15:59:55.923 24290 24880 I art     : Explicit concurrent mark sweep GC freed 2381(148KB) AllocSpace objects, 1(20KB) LOS objects, 35% free, 28MB/44MB, paused 1.330ms total 35.749ms
08-06 15:59:55.935 24290 24880 I art     : Starting a blocking GC Explicit
08-06 15:59:55.968 24290 24880 I art     : Explicit concurrent mark sweep GC freed 434(20KB) AllocSpace objects, 0(0B) LOS objects, 35% free, 28MB/44MB, paused 1.320ms total 33.080ms
08-06 15:59:55.979 24290 24880 I art     : Starting a blocking GC Explicit
08-06 15:59:56.013 24290 24880 I art     : Explicit concurrent mark sweep GC freed 130(9KB) AllocSpace objects, 0(0B) LOS objects, 35% free, 28MB/44MB, paused 1.330ms total 33.522ms
08-06 15:59:56.025 24290 24880 I art     : Starting a blocking GC Explicit
08-06 15:59:56.063 24290 24880 I art     : Explicit concurrent mark sweep GC freed 3(96B) AllocSpace objects, 0(0B) LOS objects, 35% free, 28MB/44MB, paused 1.400ms total 37.326ms
08-06 15:59:56.078 24290 24880 I art     : Starting a blocking GC Explicit
08-06 15:59:56.121 24290 24880 I art     : Explicit concurrent mark sweep GC freed 3(96B) AllocSpace objects, 0(0B) LOS objects, 35% free, 28MB/44MB, paused 1.497ms total 42.254ms
08-06 15:59:56.196   380   380 W SurfaceFlinger: couldn't log to binary event log: overflow.
08-06 15:59:56.420 24290 24301 I art     : Starting a blocking GC Explicit
08-06 15:59:56.475 24290 24301 I art     : Explicit concurrent mark sweep GC freed 1998(106KB) AllocSpace objects, 1(20KB) LOS objects, 35% free, 28MB/44MB, paused 1.734ms total 54.213ms
08-06 15:59:56.492 24290 24301 I art     : Starting a blocking GC Explicit
08-06 15:59:56.532 24290 24301 I art     : Explicit concurrent mark sweep GC freed 2457(152KB) AllocSpace objects, 1(28KB) LOS objects, 36% free, 28MB/44MB, paused 1.345ms total 39.307ms
08-06 15:59:56.544 24290 24301 I art     : Starting a blocking GC Explicit
08-06 15:59:56.581 24290 24301 I art     : Explicit concurrent mark sweep GC freed 3(96B) AllocSpace objects, 0(0B) LOS objects, 36% free, 28MB/44MB, paused 1.423ms total 36.211ms
08-06 15:59:56.593 24290 24301 I art     : Starting a blocking GC Explicit
08-06 15:59:56.630 24290 24301 I art     : Explicit concurrent mark sweep GC freed 3(96B) AllocSpace objects, 0(0B) LOS objects, 36% free, 28MB/44MB, paused 1.369ms total 36.903ms
08-06 15:59:56.642 24290 24301 I art     : Starting a blocking GC Explicit
08-06 15:59:56.679 24290 24301 I art     : Explicit concurrent mark sweep GC freed 3(96B) AllocSpace objects, 0(0B) LOS objects, 36% free, 28MB/44MB, paused 1.406ms total 36.464ms
08-06 15:59:56.982 24290 24420 I art     : Starting a blocking GC Explicit
08-06 15:59:57.030 24290 24420 I art     : Explicit concurrent mark sweep GC freed 1374(82KB) AllocSpace objects, 1(20KB) LOS objects, 36% free, 28MB/44MB, paused 1.753ms total 47.770ms
08-06 15:59:57.044 24290 24420 I art     : Starting a blocking GC Explicit
08-06 15:59:57.079 24290 24420 I art     : Explicit concurrent mark sweep GC freed 23(752B) AllocSpace objects, 0(0B) LOS objects, 36% free, 28MB/44MB, paused 1.301ms total 35.230ms
08-06 15:59:57.092 24290 24420 I art     : Starting a blocking GC Explicit
08-06 15:59:57.128 24290 24420 I art     : Explicit concurrent mark sweep GC freed 3(96B) AllocSpace objects, 0(0B) LOS objects, 36% free, 28MB/44MB, paused 1.453ms total 35.400ms
08-06 15:59:57.140 24290 24420 I art     : Starting a blocking GC Explicit
08-06 15:59:57.174 24290 24420 I art     : Explicit concurrent mark sweep GC freed 3(96B) AllocSpace objects, 0(0B) LOS objects, 36% free, 28MB/44MB, paused 1.335ms total 34.150ms
08-06 15:59:57.186 24290 24420 I art     : Starting a blocking GC Explicit
08-06 15:59:57.221 24290 24420 I art     : Explicit concurrent mark sweep GC freed 3(96B) AllocSpace objects, 0(0B) LOS objects, 36% free, 28MB/44MB, paused 1.360ms total 34.686ms
08-06 15:59:57.284   918  3188 I hubconnection: sensorhub said: 'set_bias 3: -6.2400, 0.0000, 0.0000'
08-06 15:59:57.525 24290 24301 I art     : Starting a blocking GC Explicit
08-06 15:59:57.565 24290 24301 I art     : Explicit concurrent mark sweep GC freed 1410(81KB) AllocSpace objects, 1(20KB) LOS objects, 36% free, 28MB/44MB, paused 1.292ms total 39.687ms
08-06 15:59:57.578 24290 24301 I art     : Starting a blocking GC Explicit
08-06 15:59:57.614 24290 24301 I art     : Explicit concurrent mark sweep GC freed 29(944B) AllocSpace objects, 0(0B) LOS objects, 36% free, 28MB/44MB, paused 1.376ms total 35.573ms
08-06 15:59:57.626 24290 24301 I art     : Starting a blocking GC Explicit
08-06 15:59:57.631 26452 26452 D AndroidRuntime: >>>>>> START com.android.internal.os.RuntimeInit uid 2000 <<<<<<
08-06 15:59:57.637 26452 26452 D AndroidRuntime: CheckJNI is OFF
08-06 15:59:57.663 24290 24301 I art     : Explicit concurrent mark sweep GC freed 9(288B) AllocSpace objects, 0(0B) LOS objects, 36% free, 28MB/44MB, paused 1.377ms total 36.270ms
08-06 15:59:57.675 24290 24301 I art     : Starting a blocking GC Explicit
08-06 15:59:57.685 26452 26452 D ICU     : No timezone override file found: /data/misc/zoneinfo/current/icu/icu_tzdata.dat
08-06 15:59:57.710 24290 24301 I art     : Explicit concurrent mark sweep GC freed 9(288B) AllocSpace objects, 0(0B) LOS objects, 36% free, 28MB/44MB, paused 1.417ms total 35.098ms
08-06 15:59:57.721 24290 24301 I art     : Starting a blocking GC Explicit
08-06 15:59:57.731 26452 26452 I Radio-JNI: register_android_hardware_Radio DONE
08-06 15:59:57.754 24290 24301 I art     : Explicit concurrent mark sweep GC freed 4(128B) AllocSpace objects, 0(0B) LOS objects, 36% free, 28MB/44MB, paused 1.245ms total 32.003ms
08-06 15:59:57.760 26452 26452 D AndroidRuntime: Calling main entry com.android.commands.input.Input
08-06 15:59:57.762 26452 26452 I Input   : injectKeyEvent: KeyEvent { action=ACTION_DOWN, keyCode=KEYCODE_BACK, scanCode=0, metaState=0, flags=0x0, repeatCount=0, eventTime=892814175, downTime=892814175, deviceId=-1, source=0x101 }
08-06 15:59:57.767 26452 26452 I Input   : injectKeyEvent: KeyEvent { action=ACTION_UP, keyCode=KEYCODE_BACK, scanCode=0, metaState=0, flags=0x0, repeatCount=0, eventTime=892814175, downTime=892814175, deviceId=-1, source=0x101 }
08-06 15:59:57.779 13866 13866 I GoogleInputMethodServic: GoogleInputMethodService.onFinishInput():3138 
08-06 15:59:57.780 13866 13866 I GoogleInputMethodServic: GoogleInputMethodService.onStartInput():1808 
08-06 15:59:57.785 26452 26452 D AndroidRuntime: Shutting down VM
08-06 15:59:58.047 24290 24420 I art     : Starting a blocking GC Explicit
08-06 15:59:58.089 24290 24420 I art     : Explicit concurrent mark sweep GC freed 2569(129KB) AllocSpace objects, 1(20KB) LOS objects, 36% free, 28MB/44MB, paused 1.347ms total 41.779ms
08-06 15:59:58.101 24290 24420 I art     : Starting a blocking GC Explicit
08-06 15:59:58.138 24290 24420 I art     : Explicit concurrent mark sweep GC freed 2649(177KB) AllocSpace objects, 9(1540KB) LOS objects, 37% free, 26MB/42MB, paused 1.314ms total 36.643ms
08-06 15:59:58.150 24290 24420 I art     : Starting a blocking GC Explicit
08-06 15:59:58.186 24290 24420 I art     : Explicit concurrent mark sweep GC freed 3(96B) AllocSpace objects, 0(0B) LOS objects, 37% free, 26MB/42MB, paused 1.319ms total 35.486ms
08-06 15:59:58.198 24290 24420 I art     : Starting a blocking GC Explicit
08-06 15:59:58.234 24290 24420 I art     : Explicit concurrent mark sweep GC freed 3(96B) AllocSpace objects, 0(0B) LOS objects, 37% free, 26MB/42MB, paused 1.329ms total 35.786ms
08-06 15:59:58.246 24290 24420 I art     : Starting a blocking GC Explicit
08-06 15:59:58.281 24290 24420 I art     : Explicit concurrent mark sweep GC freed 3(96B) AllocSpace objects, 0(0B) LOS objects, 37% free, 26MB/42MB, paused 1.326ms total 34.930ms
08-06 15:59:58.607 24290 24301 I art     : Starting a blocking GC Explicit
08-06 15:59:58.653 24290 24301 I art     : Explicit concurrent mark sweep GC freed 1402(82KB) AllocSpace objects, 1(20KB) LOS objects, 37% free, 26MB/42MB, paused 1.423ms total 45.895ms
08-06 15:59:58.668 24290 24301 I art     : Starting a blocking GC Explicit
08-06 15:59:58.706 24290 24301 I art     : Explicit concurrent mark sweep GC freed 23(752B) AllocSpace objects, 0(0B) LOS objects, 37% free, 26MB/42MB, paused 1.359ms total 37.469ms
08-06 15:59:58.718 24290 24301 I art     : Starting a blocking GC Explicit
08-06 15:59:58.753 24290 24301 I art     : Explicit concurrent mark sweep GC freed 3(96B) AllocSpace objects, 0(0B) LOS objects, 37% free, 26MB/42MB, paused 1.326ms total 34.788ms
08-06 15:59:58.765 24290 24301 I art     : Starting a blocking GC Explicit
08-06 15:59:58.801 24290 24301 I art     : Explicit concurrent mark sweep GC freed 3(96B) AllocSpace objects, 0(0B) LOS objects, 37% free, 26MB/42MB, paused 1.477ms total 35.238ms
08-06 15:59:58.813 24290 24301 I art     : Starting a blocking GC Explicit
08-06 15:59:58.848 24290 24301 I art     : Explicit concurrent mark sweep GC freed 3(96B) AllocSpace objects, 0(0B) LOS objects, 37% free, 26MB/42MB, paused 1.376ms total 35.381ms
08-06 15:59:59.156 24290 24880 I art     : Starting a blocking GC Explicit
08-06 15:59:59.194 24290 24880 I art     : Explicit concurrent mark sweep GC freed 1373(81KB) AllocSpace objects, 1(20KB) LOS objects, 37% free, 26MB/42MB, paused 1.339ms total 38.087ms
08-06 15:59:59.206 24290 24880 I art     : Starting a blocking GC Explicit
08-06 15:59:59.240 24290 24880 I art     : Explicit concurrent mark sweep GC freed 23(752B) AllocSpace objects, 0(0B) LOS objects, 37% free, 26MB/42MB, paused 1.328ms total 34.228ms
08-06 15:59:59.252 24290 24880 I art     : Starting a blocking GC Explicit
08-06 15:59:59.286 24290 24880 I art     : Explicit concurrent mark sweep GC freed 3(96B) AllocSpace objects, 0(0B) LOS objects, 37% free, 26MB/42MB, paused 1.376ms total 33.613ms
08-06 15:59:59.297 24290 24880 I art     : Starting a blocking GC Explicit
08-06 15:59:59.331 24290 24880 I art     : Explicit concurrent mark sweep GC freed 3(96B) AllocSpace objects, 0(0B) LOS objects, 37% free, 26MB/42MB, paused 1.356ms total 33.449ms
08-06 15:59:59.342 24290 24880 I art     : Starting a blocking GC Explicit
08-06 15:59:59.377 24290 24880 I art     : Explicit concurrent mark sweep GC freed 3(96B) AllocSpace objects, 0(0B) LOS objects, 37% free, 26MB/42MB, paused 1.366ms total 34.114ms
08-06 15:59:59.564 26497 26497 D AndroidRuntime: >>>>>> START com.android.internal.os.RuntimeInit uid 2000 <<<<<<
08-06 15:59:59.571 26497 26497 D AndroidRuntime: CheckJNI is OFF
08-06 15:59:59.611 26497 26497 D ICU     : No timezone override file found: /data/misc/zoneinfo/current/icu/icu_tzdata.dat
08-06 15:59:59.652 26497 26497 I Radio-JNI: register_android_hardware_Radio DONE
08-06 15:59:59.681 26497 26497 D AndroidRuntime: Calling main entry com.android.commands.input.Input
08-06 15:59:59.683 26497 26497 I Input   : injectMotionEvent: MotionEvent { action=ACTION_DOWN, actionButton=0, id[0]=0, x[0]=103.0, y[0]=192.0, toolType[0]=TOOL_TYPE_UNKNOWN, buttonState=0, metaState=0, flags=0x0, edgeFlags=0x0, pointerCount=1, historySize=0, eventTime=892816096, downTime=892816096, deviceId=0, source=0x1002 }
08-06 15:59:59.688 26497 26497 I Input   : injectMotionEvent: MotionEvent { action=ACTION_UP, actionButton=0, id[0]=0, x[0]=103.0, y[0]=192.0, toolType[0]=TOOL_TYPE_UNKNOWN, buttonState=0, metaState=0, flags=0x0, edgeFlags=0x0, pointerCount=1, historySize=0, eventTime=892816096, downTime=892816096, deviceId=0, source=0x1002 }
08-06 15:59:59.690 26497 26497 D AndroidRuntime: Shutting down VM
08-06 15:59:59.704   512  2967 D audio_hw_primary: out_set_parameters: enter: usecase(1: low-latency-playback) kvpairs: routing=2
08-06 15:59:59.718   512  2967 D audio_hw_primary: select_devices: out_snd_device(2: speaker) in_snd_device(0: none)
08-06 15:59:59.719   512  2967 D msm8974_platform: platform_send_audio_calibration: sending audio calibration for snd_device(2) acdb_id(15)
08-06 15:59:59.719   512  2967 I soundtrigger: audio_extn_sound_trigger_update_device_status: device 0x2 of type 0 for Event 1
08-06 15:59:59.720 24290 24880 I art     : Starting a blocking GC Explicit
08-06 15:59:59.729   512  2967 D audio_hw_primary: enable_snd_device: snd_device(2: speaker)
08-06 15:59:59.732   512  2967 D audio_hw_primary: enable_audio_route: apply and update mixer path: low-latency-playback speaker
08-06 15:59:59.744 13866 13866 I GoogleInputMethodServic: GoogleInputMethodService.onFinishInput():3138 
08-06 15:59:59.745 13866 13866 I GoogleInputMethodServic: GoogleInputMethodService.onStartInput():1808 
08-06 15:59:59.757 24290 24880 I art     : Explicit concurrent mark sweep GC freed 1627(91KB) AllocSpace objects, 1(20KB) LOS objects, 37% free, 26MB/42MB, paused 1.391ms total 37.056ms
08-06 15:59:59.770 24290 24880 I art     : Starting a blocking GC Explicit
08-06 15:59:59.802 24290 24880 I art     : Explicit concurrent mark sweep GC freed 498(26KB) AllocSpace objects, 0(0B) LOS objects, 37% free, 26MB/42MB, paused 1.390ms total 32.272ms
08-06 15:59:59.814 24290 24880 I art     : Starting a blocking GC Explicit
08-06 15:59:59.846 24290 24880 I art     : Explicit concurrent mark sweep GC freed 11(592B) AllocSpace objects, 0(0B) LOS objects, 37% free, 26MB/42MB, paused 1.308ms total 32.053ms
08-06 15:59:59.858 24290 24880 I art     : Starting a blocking GC Explicit
08-06 15:59:59.892 24290 24880 I art     : Explicit concurrent mark sweep GC freed 3(96B) AllocSpace objects, 0(0B) LOS objects, 37% free, 26MB/42MB, paused 1.332ms total 33.736ms
08-06 15:59:59.904 24290 24880 I art     : Starting a blocking GC Explicit
08-06 15:59:59.938 24290 24880 I art     : Explicit concurrent mark sweep GC freed 3(96B) AllocSpace objects, 0(0B) LOS objects, 37% free, 26MB/42MB, paused 1.373ms total 33.939ms
08-06 16:00:00.239 24290 24420 I art     : Starting a blocking GC Explicit
08-06 16:00:00.269   512  2967 D audio_hw_primary: disable_audio_route: reset and update mixer path: low-latency-playback speaker
08-06 16:00:00.270   512  2967 D audio_hw_primary: disable_snd_device: snd_device(2: speaker)
08-06 16:00:00.274 24290 24420 I art     : Explicit concurrent mark sweep GC freed 1376(80KB) AllocSpace objects, 1(20KB) LOS objects, 37% free, 26MB/42MB, paused 1.271ms total 34.975ms
08-06 16:00:00.278   512  2967 I soundtrigger: audio_extn_sound_trigger_update_device_status: device 0x2 of type 0 for Event 0
08-06 16:00:00.286 24290 24420 I art     : Starting a blocking GC Explicit
08-06 16:00:00.321 24290 24420 I art     : Explicit concurrent mark sweep GC freed 31(1008B) AllocSpace objects, 0(0B) LOS objects, 37% free, 26MB/42MB, paused 1.308ms total 33.969ms
08-06 16:00:00.332 24290 24420 I art     : Starting a blocking GC Explicit
08-06 16:00:00.366 24290 24420 I art     : Explicit concurrent mark sweep GC freed 3(96B) AllocSpace objects, 0(0B) LOS objects, 37% free, 26MB/42MB, paused 1.298ms total 33.192ms
08-06 16:00:00.366 24290 24300 I art     : WaitForGcToComplete blocked for 9.384ms for cause HeapTrim
08-06 16:00:00.378 24290 24420 I art     : Starting a blocking GC Explicit
08-06 16:00:00.412 24290 24420 I art     : Explicit concurrent mark sweep GC freed 3(96B) AllocSpace objects, 0(0B) LOS objects, 37% free, 26MB/42MB, paused 1.325ms total 33.573ms
08-06 16:00:00.424 24290 24420 I art     : Starting a blocking GC Explicit
08-06 16:00:00.458 24290 24420 I art     : Explicit concurrent mark sweep GC freed 34(944B) AllocSpace objects, 0(0B) LOS objects, 37% free, 26MB/42MB, paused 1.387ms total 34.241ms
08-06 16:00:00.771 24290 24301 I art     : Starting a blocking GC Explicit
08-06 16:00:00.818 24290 24301 I art     : Explicit concurrent mark sweep GC freed 1371(80KB) AllocSpace objects, 1(20KB) LOS objects, 37% free, 26MB/42MB, paused 1.563ms total 46.997ms
08-06 16:00:00.834 24290 24301 I art     : Starting a blocking GC Explicit
08-06 16:00:00.870 24290 24301 I art     : Explicit concurrent mark sweep GC freed 23(752B) AllocSpace objects, 0(0B) LOS objects, 37% free, 26MB/42MB, paused 1.334ms total 35.761ms
08-06 16:00:00.883 24290 24301 I art     : Starting a blocking GC Explicit
08-06 16:00:00.918 24290 24301 I art     : Explicit concurrent mark sweep GC freed 3(96B) AllocSpace objects, 0(0B) LOS objects, 37% free, 26MB/42MB, paused 1.331ms total 35.406ms
08-06 16:00:00.931 24290 24301 I art     : Starting a blocking GC Explicit
08-06 16:00:00.964 24290 24301 I art     : Explicit concurrent mark sweep GC freed 3(96B) AllocSpace objects, 0(0B) LOS objects, 37% free, 26MB/42MB, paused 1.411ms total 33.012ms
08-06 16:00:00.976 24290 24301 I art     : Starting a blocking GC Explicit
08-06 16:00:01.010 24290 24301 I art     : Explicit concurrent mark sweep GC freed 3(96B) AllocSpace objects, 0(0B) LOS objects, 37% free, 26MB/42MB, paused 1.295ms total 33.543ms
08-06 16:00:01.316 24290 24880 I art     : Starting a blocking GC Explicit
08-06 16:00:01.357 24290 24880 I art     : Explicit concurrent mark sweep GC freed 1372(80KB) AllocSpace objects, 1(20KB) LOS objects, 37% free, 26MB/42MB, paused 1.797ms total 41.626ms
08-06 16:00:01.370 24290 24880 I art     : Starting a blocking GC Explicit
08-06 16:00:01.404 24290 24880 I art     : Explicit concurrent mark sweep GC freed 30(976B) AllocSpace objects, 0(0B) LOS objects, 37% free, 26MB/42MB, paused 1.342ms total 33.821ms
08-06 16:00:01.415 24290 24880 I art     : Starting a blocking GC Explicit
08-06 16:00:01.448 24290 24880 I art     : Explicit concurrent mark sweep GC freed 36(1008B) AllocSpace objects, 0(0B) LOS objects, 37% free, 26MB/42MB, paused 1.458ms total 32.679ms
08-06 16:00:01.459 26548 26548 D AndroidRuntime: >>>>>> START com.android.internal.os.RuntimeInit uid 2000 <<<<<<
08-06 16:00:01.460 24290 24880 I art     : Starting a blocking GC Explicit
08-06 16:00:01.465 26548 26548 D AndroidRuntime: CheckJNI is OFF
08-06 16:00:01.493 24290 24880 I art     : Explicit concurrent mark sweep GC freed 9(288B) AllocSpace objects, 0(0B) LOS objects, 37% free, 26MB/42MB, paused 1.338ms total 33.114ms
08-06 16:00:01.505 24290 24880 I art     : Starting a blocking GC Explicit
08-06 16:00:01.510 26548 26548 D ICU     : No timezone override file found: /data/misc/zoneinfo/current/icu/icu_tzdata.dat
08-06 16:00:01.539 24290 24880 I art     : Explicit concurrent mark sweep GC freed 9(288B) AllocSpace objects, 0(0B) LOS objects, 37% free, 26MB/42MB, paused 1.380ms total 33.220ms
08-06 16:00:01.556 26548 26548 I Radio-JNI: register_android_hardware_Radio DONE
08-06 16:00:01.584 26548 26548 D AndroidRuntime: Calling main entry com.android.commands.input.Input
08-06 16:00:01.586 26548 26548 I Input   : injectMotionEvent: MotionEvent { action=ACTION_DOWN, actionButton=0, id[0]=0, x[0]=625.0, y[0]=1248.0, toolType[0]=TOOL_TYPE_UNKNOWN, buttonState=0, metaState=0, flags=0x0, edgeFlags=0x0, pointerCount=1, historySize=0, eventTime=892817998, downTime=892817998, deviceId=0, source=0x1002 }
08-06 16:00:01.591 26548 26548 I Input   : injectMotionEvent: MotionEvent { action=ACTION_UP, actionButton=0, id[0]=0, x[0]=625.0, y[0]=1248.0, toolType[0]=TOOL_TYPE_UNKNOWN, buttonState=0, metaState=0, flags=0x0, edgeFlags=0x0, pointerCount=1, historySize=0, eventTime=892817998, downTime=892817998, deviceId=0, source=0x1002 }
08-06 16:00:01.593 26548 26548 D AndroidRuntime: Shutting down VM
08-06 16:00:01.657 24290 24290 D MainActivity: loadFragment(index: 7, args: null)
08-06 16:00:01.658 24290 24290 D MainActivity: saveLastNavFragment(tag: 2)
08-06 16:00:01.659 24290 24290 D MainActivity: getLastNavFragment() -> 2
08-06 16:00:01.659   512  2967 D audio_hw_primary: out_set_parameters: enter: usecase(1: low-latency-playback) kvpairs: routing=2
08-06 16:00:01.672   512  2967 D audio_hw_primary: select_devices: out_snd_device(2: speaker) in_snd_device(0: none)
08-06 16:00:01.672   512  2967 D msm8974_platform: platform_send_audio_calibration: sending audio calibration for snd_device(2) acdb_id(15)
08-06 16:00:01.672   512  2967 I soundtrigger: audio_extn_sound_trigger_update_device_status: device 0x2 of type 0 for Event 1
08-06 16:00:01.683   512  2967 D audio_hw_primary: enable_snd_device: snd_device(2: speaker)
08-06 16:00:01.685   512  2967 D audio_hw_primary: enable_audio_route: apply and update mixer path: low-latency-playback speaker
08-06 16:00:01.696 24290 24290 D ItemlistFragment: onEventMainThread() called with: event = [DownloadEvent{update=DownloaderUpdate{downloaders=[], feedIds=[], mediaIds=[]}}]
08-06 16:00:01.697 24290 24310 D DBReader: getFeed() called with: feedId = [2]
08-06 16:00:01.699 24290 24310 D DBReader: getFeedItemList() called with: feed = [baseline.de.danoeh.antennapod.core.feed.Feed@2]
08-06 16:00:01.797 24290 24310 W PodDBAdapter: Length of id array is larger than 800. Creating multiple cursors
08-06 16:00:01.847 24290 24420 I art     : Starting a blocking GC Explicit
08-06 16:00:01.893 24290 24420 I art     : Explicit concurrent mark sweep GC freed 7365(441KB) AllocSpace objects, 3(56KB) LOS objects, 35% free, 29MB/45MB, paused 1.787ms total 44.935ms
08-06 16:00:01.898 24290 24310 D DBReader: getFavoriteIDList() called
08-06 16:00:01.899 24290 24310 D DBReader: getQueueIDList() called
08-06 16:00:01.901 24290 24310 D DBReader: Extracting Feedlist
08-06 16:00:01.907 24290 24420 I art     : Starting a blocking GC Explicit
08-06 16:00:01.952 24290 24420 I art     : Explicit concurrent mark sweep GC freed 9394(283KB) AllocSpace objects, 1(16KB) LOS objects, 35% free, 29MB/45MB, paused 1.829ms total 44.197ms
08-06 16:00:01.953 24290 24290 D FeedMenuHandler: Preparing options menu
08-06 16:00:01.965 24290 24420 I art     : Starting a blocking GC Explicit
08-06 16:00:02.009 24290 24420 I art     : Explicit concurrent mark sweep GC freed 2747(155KB) AllocSpace objects, 0(0B) LOS objects, 35% free, 29MB/45MB, paused 1.917ms total 43.605ms
08-06 16:00:02.022 24290 24420 I art     : Starting a blocking GC Explicit
08-06 16:00:02.036 24290 25256 D ApOkHttpUrlLoader: buildLoadData() called with: model = [http://static.libsyn.com/p/assets/7/1/f/3/71f3014e14ef2722/JREiTunesImage2.jpg], width = [1440], height = [462]
08-06 16:00:02.065 24290 24420 I art     : Explicit concurrent mark sweep GC freed 1268(107KB) AllocSpace objects, 0(0B) LOS objects, 30% free, 37MB/53MB, paused 1.451ms total 42.514ms
08-06 16:00:02.079 24290 24420 I art     : Starting a blocking GC Explicit
08-06 16:00:02.121 24290 24420 I art     : Explicit concurrent mark sweep GC freed 118(4KB) AllocSpace objects, 0(0B) LOS objects, 30% free, 37MB/53MB, paused 1.458ms total 41.608ms
08-06 16:00:02.174 24290 24311 V RenderScript: 0x7f759e3000 Launching thread(s), CPUs 8
08-06 16:00:02.228   512  2967 D audio_hw_primary: disable_audio_route: reset and update mixer path: low-latency-playback speaker
08-06 16:00:02.229   512  2967 D audio_hw_primary: disable_snd_device: snd_device(2: speaker)
08-06 16:00:02.237   512  2967 I soundtrigger: audio_extn_sound_trigger_update_device_status: device 0x2 of type 0 for Event 0
08-06 16:00:02.249 13866 13866 I GoogleInputMethodServic: GoogleInputMethodService.onFinishInput():3138 
08-06 16:00:02.249 13866 13866 I GoogleInputMethodServic: GoogleInputMethodService.onStartInput():1808 
08-06 16:00:02.436 24290 24301 I art     : Starting a blocking GC Explicit
08-06 16:00:02.481 24290 24301 I art     : Explicit concurrent mark sweep GC freed 1826(118KB) AllocSpace objects, 6(236KB) LOS objects, 30% free, 37MB/53MB, paused 1.361ms total 45.286ms
08-06 16:00:02.495 24290 24301 I art     : Starting a blocking GC Explicit
08-06 16:00:02.539 24290 24301 I art     : Explicit concurrent mark sweep GC freed 155(7KB) AllocSpace objects, 0(0B) LOS objects, 30% free, 37MB/53MB, paused 1.270ms total 43.665ms
08-06 16:00:02.553 24290 24301 I art     : Starting a blocking GC Explicit
08-06 16:00:02.598 24290 24301 I art     : Explicit concurrent mark sweep GC freed 22(736B) AllocSpace objects, 0(0B) LOS objects, 30% free, 37MB/53MB, paused 1.530ms total 45.508ms
08-06 16:00:02.613 24290 24301 I art     : Starting a blocking GC Explicit
08-06 16:00:02.659 24290 24301 I art     : Explicit concurrent mark sweep GC freed 3(96B) AllocSpace objects, 0(0B) LOS objects, 30% free, 37MB/53MB, paused 1.425ms total 46.276ms
08-06 16:00:02.673 24290 24301 I art     : Starting a blocking GC Explicit
08-06 16:00:02.720 24290 24301 I art     : Explicit concurrent mark sweep GC freed 3(96B) AllocSpace objects, 0(0B) LOS objects, 30% free, 37MB/53MB, paused 1.353ms total 46.475ms
08-06 16:00:03.054 24290 24880 I art     : Starting a blocking GC Explicit
08-06 16:00:03.118 24290 24880 I art     : Explicit concurrent mark sweep GC freed 1375(80KB) AllocSpace objects, 1(20KB) LOS objects, 30% free, 37MB/53MB, paused 1.344ms total 63.526ms
08-06 16:00:03.136 24290 24880 I art     : Starting a blocking GC Explicit
08-06 16:00:03.182 24290 24880 I art     : Explicit concurrent mark sweep GC freed 23(752B) AllocSpace objects, 0(0B) LOS objects, 30% free, 37MB/53MB, paused 1.357ms total 46.184ms
08-06 16:00:03.197 24290 24880 I art     : Starting a blocking GC Explicit
08-06 16:00:03.245 24290 24880 I art     : Explicit concurrent mark sweep GC freed 3(96B) AllocSpace objects, 0(0B) LOS objects, 30% free, 37MB/53MB, paused 1.308ms total 48.338ms
08-06 16:00:03.260 24290 24880 I art     : Starting a blocking GC Explicit
08-06 16:00:03.312 24290 24880 I art     : Explicit concurrent mark sweep GC freed 3(96B) AllocSpace objects, 0(0B) LOS objects, 30% free, 37MB/53MB, paused 1.460ms total 52.622ms
08-06 16:00:03.331 24290 24880 I art     : Starting a blocking GC Explicit
08-06 16:00:03.380 24290 24880 I art     : Explicit concurrent mark sweep GC freed 3(96B) AllocSpace objects, 0(0B) LOS objects, 30% free, 37MB/53MB, paused 1.413ms total 48.899ms
08-06 16:00:03.597   918  3261 D WifiStateMachine: starting scan for "H369AA63323"WPA_PSK with 2412,5180
08-06 16:00:03.745 24290 24302 I art     : Starting a blocking GC Explicit
08-06 16:00:03.793 24290 24302 I art     : Explicit concurrent mark sweep GC freed 1431(82KB) AllocSpace objects, 1(20KB) LOS objects, 30% free, 37MB/53MB, paused 1.274ms total 47.816ms
08-06 16:00:03.808 24290 24302 I art     : Starting a blocking GC Explicit
08-06 16:00:03.855 24290 24302 I art     : Explicit concurrent mark sweep GC freed 23(752B) AllocSpace objects, 0(0B) LOS objects, 30% free, 37MB/53MB, paused 1.265ms total 46.605ms
08-06 16:00:03.870 24290 24302 I art     : Starting a blocking GC Explicit
08-06 16:00:03.920 24290 24302 I art     : Explicit concurrent mark sweep GC freed 3(96B) AllocSpace objects, 0(0B) LOS objects, 30% free, 37MB/53MB, paused 1.408ms total 50.144ms
08-06 16:00:03.934 24290 24302 I art     : Starting a blocking GC Explicit
08-06 16:00:03.984 24290 24302 I art     : Explicit concurrent mark sweep GC freed 3(96B) AllocSpace objects, 0(0B) LOS objects, 30% free, 37MB/53MB, paused 1.318ms total 49.851ms
08-06 16:00:03.999 24290 24302 I art     : Starting a blocking GC Explicit
08-06 16:00:04.050 24290 24302 I art     : Explicit concurrent mark sweep GC freed 3(96B) AllocSpace objects, 0(0B) LOS objects, 30% free, 37MB/53MB, paused 1.463ms total 50.416ms
08-06 16:00:04.408 24290 24301 I art     : Starting a blocking GC Explicit
08-06 16:00:04.462 24290 24301 I art     : Explicit concurrent mark sweep GC freed 2103(103KB) AllocSpace objects, 1(20KB) LOS objects, 30% free, 37MB/53MB, paused 1.344ms total 53.885ms
08-06 16:00:04.477 24290 24301 I art     : Starting a blocking GC Explicit
08-06 16:00:04.528 24290 24301 I art     : Explicit concurrent mark sweep GC freed 23(752B) AllocSpace objects, 0(0B) LOS objects, 30% free, 37MB/53MB, paused 1.537ms total 50.552ms
08-06 16:00:04.547 24290 24301 I art     : Starting a blocking GC Explicit
08-06 16:00:04.595 24290 24301 I art     : Explicit concurrent mark sweep GC freed 3(96B) AllocSpace objects, 0(0B) LOS objects, 30% free, 37MB/53MB, paused 1.357ms total 47.908ms
08-06 16:00:04.610 24290 24301 I art     : Starting a blocking GC Explicit
08-06 16:00:04.660 24290 24301 I art     : Explicit concurrent mark sweep GC freed 3(96B) AllocSpace objects, 0(0B) LOS objects, 30% free, 37MB/53MB, paused 1.442ms total 49.825ms
08-06 16:00:04.675 24290 24301 I art     : Starting a blocking GC Explicit
08-06 16:00:04.724 24290 24301 I art     : Explicit concurrent mark sweep GC freed 3(96B) AllocSpace objects, 0(0B) LOS objects, 30% free, 37MB/53MB, paused 1.339ms total 49.363ms
08-06 16:00:05.075 24290 24880 I art     : Starting a blocking GC Explicit
08-06 16:00:05.139 24290 24880 I art     : Explicit concurrent mark sweep GC freed 2260(112KB) AllocSpace objects, 1(20KB) LOS objects, 30% free, 37MB/53MB, paused 1.579ms total 63.065ms
08-06 16:00:05.155 24290 24880 I art     : Starting a blocking GC Explicit
08-06 16:00:05.205 24290 24880 I art     : Explicit concurrent mark sweep GC freed 23(752B) AllocSpace objects, 0(0B) LOS objects, 30% free, 37MB/53MB, paused 1.342ms total 49.843ms
08-06 16:00:05.220 24290 24880 I art     : Starting a blocking GC Explicit
08-06 16:00:05.270 24290 24880 I art     : Explicit concurrent mark sweep GC freed 3(96B) AllocSpace objects, 0(0B) LOS objects, 30% free, 37MB/53MB, paused 1.410ms total 49.888ms
08-06 16:00:05.284 24290 24880 I art     : Starting a blocking GC Explicit
08-06 16:00:05.334 24290 24880 I art     : Explicit concurrent mark sweep GC freed 3(96B) AllocSpace objects, 0(0B) LOS objects, 30% free, 37MB/53MB, paused 1.345ms total 49.029ms
08-06 16:00:05.348 24290 24880 I art     : Starting a blocking GC Explicit
08-06 16:00:05.399 24290 24880 I art     : Explicit concurrent mark sweep GC freed 3(96B) AllocSpace objects, 0(0B) LOS objects, 30% free, 37MB/53MB, paused 1.437ms total 49.980ms
08-06 16:00:05.760 24290 24420 I art     : Starting a blocking GC Explicit
08-06 16:00:05.822 24290 24420 I art     : Explicit concurrent mark sweep GC freed 1403(82KB) AllocSpace objects, 1(20KB) LOS objects, 30% free, 37MB/53MB, paused 1.469ms total 61.670ms
08-06 16:00:05.842 24290 24420 I art     : Starting a blocking GC Explicit
08-06 16:00:05.887 24290 24420 I art     : Explicit concurrent mark sweep GC freed 23(752B) AllocSpace objects, 0(0B) LOS objects, 30% free, 37MB/53MB, paused 1.260ms total 44.672ms
08-06 16:00:05.900 24290 24420 I art     : Starting a blocking GC Explicit
08-06 16:00:05.944 24290 24420 I art     : Explicit concurrent mark sweep GC freed 3(96B) AllocSpace objects, 0(0B) LOS objects, 30% free, 37MB/53MB, paused 1.323ms total 43.615ms
08-06 16:00:05.958 24290 24420 I art     : Starting a blocking GC Explicit
08-06 16:00:06.002 24290 24420 I art     : Explicit concurrent mark sweep GC freed 3(96B) AllocSpace objects, 0(0B) LOS objects, 30% free, 37MB/53MB, paused 1.360ms total 43.815ms
08-06 16:00:06.016 24290 24420 I art     : Starting a blocking GC Explicit
08-06 16:00:06.062 24290 24420 I art     : Explicit concurrent mark sweep GC freed 3(96B) AllocSpace objects, 0(0B) LOS objects, 30% free, 37MB/53MB, paused 1.372ms total 45.592ms
08-06 16:00:06.397 26652 26652 D AndroidRuntime: >>>>>> START com.android.internal.os.RuntimeInit uid 2000 <<<<<<
08-06 16:00:06.404 26652 26652 D AndroidRuntime: CheckJNI is OFF
08-06 16:00:06.408 24290 24302 I art     : Starting a blocking GC Explicit
08-06 16:00:06.453 26652 26652 D ICU     : No timezone override file found: /data/misc/zoneinfo/current/icu/icu_tzdata.dat
08-06 16:00:06.459 24290 24302 I art     : Explicit concurrent mark sweep GC freed 1402(83KB) AllocSpace objects, 1(20KB) LOS objects, 30% free, 37MB/53MB, paused 1.612ms total 51.097ms
08-06 16:00:06.474 24290 24302 I art     : Starting a blocking GC Explicit
08-06 16:00:06.499 26652 26652 I Radio-JNI: register_android_hardware_Radio DONE
08-06 16:00:06.520 24290 24302 I art     : Explicit concurrent mark sweep GC freed 23(752B) AllocSpace objects, 0(0B) LOS objects, 30% free, 37MB/53MB, paused 1.412ms total 46.320ms
08-06 16:00:06.529 26652 26652 D AndroidRuntime: Calling main entry com.android.commands.input.Input
08-06 16:00:06.532 26652 26652 I Input   : injectMotionEvent: MotionEvent { action=ACTION_DOWN, actionButton=0, id[0]=0, x[0]=1363.0, y[0]=517.0, toolType[0]=TOOL_TYPE_UNKNOWN, buttonState=0, metaState=0, flags=0x0, edgeFlags=0x0, pointerCount=1, historySize=0, eventTime=892822944, downTime=892822944, deviceId=0, source=0x1002 }
08-06 16:00:06.534 24290 24302 I art     : Starting a blocking GC Explicit
08-06 16:00:06.539 26652 26652 I Input   : injectMotionEvent: MotionEvent { action=ACTION_UP, actionButton=0, id[0]=0, x[0]=1363.0, y[0]=517.0, toolType[0]=TOOL_TYPE_UNKNOWN, buttonState=0, metaState=0, flags=0x0, edgeFlags=0x0, pointerCount=1, historySize=0, eventTime=892822944, downTime=892822944, deviceId=0, source=0x1002 }
08-06 16:00:06.542 26652 26652 D AndroidRuntime: Shutting down VM
08-06 16:00:06.559   918  4413 I ActivityManager: START u0 {cmp=baseline.de.danoeh.antennapod.debug/baseline.de.danoeh.antennapod.activity.FeedSettingsActivity (has extras)} from uid 10711 on display 0
08-06 16:00:06.560   512  2967 D audio_hw_primary: out_set_parameters: enter: usecase(1: low-latency-playback) kvpairs: routing=2
08-06 16:00:06.573   512  2967 D audio_hw_primary: select_devices: out_snd_device(2: speaker) in_snd_device(0: none)
08-06 16:00:06.573   512  2967 D msm8974_platform: platform_send_audio_calibration: sending audio calibration for snd_device(2) acdb_id(15)
08-06 16:00:06.573   512  2967 I soundtrigger: audio_extn_sound_trigger_update_device_status: device 0x2 of type 0 for Event 1
08-06 16:00:06.579 24290 24302 I art     : Explicit concurrent mark sweep GC freed 101(8KB) AllocSpace objects, 0(0B) LOS objects, 30% free, 37MB/53MB, paused 1.983ms total 44.882ms
08-06 16:00:06.583   512  2967 D audio_hw_primary: enable_snd_device: snd_device(2: speaker)
08-06 16:00:06.585   512  2967 D audio_hw_primary: enable_audio_route: apply and update mixer path: low-latency-playback speaker
08-06 16:00:06.594 24290 24302 I art     : Starting a blocking GC Explicit
08-06 16:00:06.641 24290 24302 I art     : Explicit concurrent mark sweep GC freed 11811(511KB) AllocSpace objects, 0(0B) LOS objects, 29% free, 37MB/53MB, paused 2.531ms total 46.110ms
08-06 16:00:06.655 24290 24302 I art     : Starting a blocking GC Explicit
08-06 16:00:06.707 24290 24302 I art     : Explicit concurrent mark sweep GC freed 19216(817KB) AllocSpace objects, 0(0B) LOS objects, 29% free, 37MB/53MB, paused 2.598ms total 51.602ms
08-06 16:00:06.818 24290 24879 D DBReader: getFeed() called with: feedId = [2]
08-06 16:00:06.819 24290 24879 D DBReader: getFeedItemList() called with: feed = [baseline.de.danoeh.antennapod.core.feed.Feed@2]
08-06 16:00:06.928 24290 24879 W PodDBAdapter: Length of id array is larger than 800. Creating multiple cursors
08-06 16:00:06.947   918   936 I ActivityManager: Displayed baseline.de.danoeh.antennapod.debug/baseline.de.danoeh.antennapod.activity.FeedSettingsActivity: +379ms
08-06 16:00:06.951 13866 13866 I GoogleInputMethodServic: GoogleInputMethodService.onFinishInput():3138 
08-06 16:00:06.952 13866 13866 I GoogleInputMethodServic: GoogleInputMethodService.onStartInput():1808 
08-06 16:00:06.999 24290 24311 D OpenGLRenderer: endAllStagingAnimators on 0x7f7d922000 (RippleDrawable) with handle 0x7f7a7974e0
08-06 16:00:07.021 24290 24420 I art     : Starting a blocking GC Explicit
08-06 16:00:07.038 24290 25256 D ApOkHttpUrlLoader: buildLoadData() called with: model = [http://static.libsyn.com/p/assets/7/1/f/3/71f3014e14ef2722/JREiTunesImage2.jpg], width = [1440], height = [462]
08-06 16:00:07.045 13866 13866 I GoogleInputMethodServic: GoogleInputMethodService.onStartInput():1808 
08-06 16:00:07.045 13866 13866 W SessionManager: SessionManager.beginSession():53 Try to begin an already begun session [INPUT_SESSION], end it first
08-06 16:00:07.055 13866 13866 I ShortcutsDataManager: ShortcutsDataManager.onContentChanged():89 onContentChanged()
08-06 16:00:07.061 24290 24290 D FeedSettingsActivity: No filter set
08-06 16:00:07.070   918   928 W IntentResolver: resolveIntent: multiple matches, only some with CATEGORY_DEFAULT
08-06 16:00:07.085 24290 24420 I art     : Explicit concurrent mark sweep GC freed 33342(1421KB) AllocSpace objects, 2(36KB) LOS objects, 27% free, 42MB/58MB, paused 1.813ms total 63.975ms
08-06 16:00:07.102 24290 24420 I art     : Starting a blocking GC Explicit
08-06 16:00:07.128   512  2967 D audio_hw_primary: disable_audio_route: reset and update mixer path: low-latency-playback speaker
08-06 16:00:07.130   512  2967 D audio_hw_primary: disable_snd_device: snd_device(2: speaker)
08-06 16:00:07.137   512  2967 I soundtrigger: audio_extn_sound_trigger_update_device_status: device 0x2 of type 0 for Event 0
08-06 16:00:07.156 24290 24420 I art     : Explicit concurrent mark sweep GC freed 4257(210KB) AllocSpace objects, 1(16KB) LOS objects, 27% free, 41MB/57MB, paused 1.362ms total 54.399ms
08-06 16:00:07.173 24290 24420 I art     : Starting a blocking GC Explicit
08-06 16:00:07.190   380   380 W SurfaceFlinger: couldn't log to binary event log: overflow.
08-06 16:00:07.229 24290 24420 I art     : Explicit concurrent mark sweep GC freed 355(28KB) AllocSpace objects, 0(0B) LOS objects, 27% free, 41MB/57MB, paused 1.351ms total 55.438ms
08-06 16:00:07.244 24290 24420 I art     : Starting a blocking GC Explicit
08-06 16:00:07.296 24290 24420 I art     : Explicit concurrent mark sweep GC freed 47(2240B) AllocSpace objects, 0(0B) LOS objects, 27% free, 41MB/57MB, paused 1.355ms total 52.255ms
08-06 16:00:07.313 24290 24420 I art     : Starting a blocking GC Explicit
08-06 16:00:07.329 24290 24290 D PlaybackController: Releasing PlaybackController
08-06 16:00:07.370 24290 24420 I art     : Explicit concurrent mark sweep GC freed 269(14KB) AllocSpace objects, 0(0B) LOS objects, 27% free, 41MB/57MB, paused 1.559ms total 56.455ms
08-06 16:00:07.705 24290 24880 I art     : Starting a blocking GC Explicit
08-06 16:00:07.769 24290 24880 I art     : Explicit concurrent mark sweep GC freed 1649(92KB) AllocSpace objects, 1(20KB) LOS objects, 27% free, 41MB/57MB, paused 1.754ms total 63.455ms
08-06 16:00:07.790 24290 24880 I art     : Starting a blocking GC Explicit
08-06 16:00:07.850 24290 24880 I art     : Explicit concurrent mark sweep GC freed 59(1904B) AllocSpace objects, 0(0B) LOS objects, 27% free, 41MB/57MB, paused 1.506ms total 59.446ms
08-06 16:00:07.867 24290 24880 I art     : Starting a blocking GC Explicit
08-06 16:00:07.927 24290 24880 I art     : Explicit concurrent mark sweep GC freed 3(96B) AllocSpace objects, 0(0B) LOS objects, 27% free, 41MB/57MB, paused 1.468ms total 59.603ms
08-06 16:00:07.944 24290 24880 I art     : Starting a blocking GC Explicit
08-06 16:00:08.005 24290 24880 I art     : Explicit concurrent mark sweep GC freed 3(96B) AllocSpace objects, 0(0B) LOS objects, 27% free, 41MB/57MB, paused 1.462ms total 60.756ms
08-06 16:00:08.022 24290 24880 I art     : Starting a blocking GC Explicit
08-06 16:00:08.082 24290 24880 I art     : Explicit concurrent mark sweep GC freed 3(96B) AllocSpace objects, 0(0B) LOS objects, 27% free, 41MB/57MB, paused 1.430ms total 59.848ms
08-06 16:00:08.450 24290 24302 I art     : Starting a blocking GC Explicit
08-06 16:00:08.521 24290 24302 I art     : Explicit concurrent mark sweep GC freed 1413(81KB) AllocSpace objects, 1(20KB) LOS objects, 27% free, 41MB/57MB, paused 1.491ms total 70.843ms
08-06 16:00:08.539 24290 24302 I art     : Starting a blocking GC Explicit
08-06 16:00:08.597 24290 24302 I art     : Explicit concurrent mark sweep GC freed 39(1264B) AllocSpace objects, 0(0B) LOS objects, 27% free, 41MB/57MB, paused 1.813ms total 57.803ms
08-06 16:00:08.614 24290 24302 I art     : Starting a blocking GC Explicit
08-06 16:00:08.673 24290 24302 I art     : Explicit concurrent mark sweep GC freed 23(736B) AllocSpace objects, 0(0B) LOS objects, 27% free, 41MB/57MB, paused 1.481ms total 59.225ms
08-06 16:00:08.691 24290 24302 I art     : Starting a blocking GC Explicit
08-06 16:00:08.750 24290 24302 I art     : Explicit concurrent mark sweep GC freed 11(352B) AllocSpace objects, 0(0B) LOS objects, 27% free, 41MB/57MB, paused 1.514ms total 59.023ms
08-06 16:00:08.768 24290 24302 I art     : Starting a blocking GC Explicit
08-06 16:00:08.832 24290 24302 I art     : Explicit concurrent mark sweep GC freed 4(128B) AllocSpace objects, 0(0B) LOS objects, 27% free, 41MB/57MB, paused 1.518ms total 64.033ms
08-06 16:00:09.208 24290 24301 I art     : Starting a blocking GC Explicit
08-06 16:00:09.284 24290 24301 I art     : Explicit concurrent mark sweep GC freed 1372(80KB) AllocSpace objects, 1(20KB) LOS objects, 27% free, 41MB/57MB, paused 1.617ms total 75.999ms
08-06 16:00:09.307 24290 24301 I art     : Starting a blocking GC Explicit
08-06 16:00:09.376 24290 24301 I art     : Explicit concurrent mark sweep GC freed 23(752B) AllocSpace objects, 0(0B) LOS objects, 27% free, 41MB/57MB, paused 1.547ms total 68.568ms
08-06 16:00:09.396 24290 24301 I art     : Starting a blocking GC Explicit
08-06 16:00:09.464 24290 24301 I art     : Explicit concurrent mark sweep GC freed 32(880B) AllocSpace objects, 0(0B) LOS objects, 27% free, 41MB/57MB, paused 1.544ms total 67.700ms
08-06 16:00:09.481 24290 24301 I art     : Starting a blocking GC Explicit
08-06 16:00:09.548 24290 24301 I art     : Explicit concurrent mark sweep GC freed 3(96B) AllocSpace objects, 0(0B) LOS objects, 27% free, 41MB/57MB, paused 1.673ms total 66.835ms
08-06 16:00:09.566 24290 24301 I art     : Starting a blocking GC Explicit
08-06 16:00:09.628 24290 24301 I art     : Explicit concurrent mark sweep GC freed 3(96B) AllocSpace objects, 0(0B) LOS objects, 27% free, 41MB/57MB, paused 1.539ms total 61.734ms
08-06 16:00:09.999 24290 24302 I art     : Starting a blocking GC Explicit
08-06 16:00:10.073 24290 24302 I art     : Explicit concurrent mark sweep GC freed 1373(82KB) AllocSpace objects, 1(20KB) LOS objects, 27% free, 41MB/57MB, paused 1.644ms total 73.363ms
08-06 16:00:10.093 24290 24302 I art     : Starting a blocking GC Explicit
08-06 16:00:10.157 24290 24302 I art     : Explicit concurrent mark sweep GC freed 23(752B) AllocSpace objects, 0(0B) LOS objects, 27% free, 41MB/57MB, paused 1.532ms total 63.569ms
08-06 16:00:10.175 24290 24302 I art     : Starting a blocking GC Explicit
08-06 16:00:10.243 24290 24302 I art     : Explicit concurrent mark sweep GC freed 3(96B) AllocSpace objects, 0(0B) LOS objects, 27% free, 41MB/57MB, paused 1.560ms total 68.108ms
08-06 16:00:10.265 24290 24302 I art     : Starting a blocking GC Explicit
08-06 16:00:10.330 24290 24302 I art     : Explicit concurrent mark sweep GC freed 3(96B) AllocSpace objects, 0(0B) LOS objects, 27% free, 41MB/57MB, paused 1.637ms total 65.304ms
08-06 16:00:10.348 24290 24302 I art     : Starting a blocking GC Explicit
08-06 16:00:10.413 24290 24302 I art     : Explicit concurrent mark sweep GC freed 3(96B) AllocSpace objects, 0(0B) LOS objects, 27% free, 41MB/57MB, paused 1.522ms total 64.794ms
08-06 16:00:10.781 24290 24301 I art     : Starting a blocking GC Explicit
08-06 16:00:10.848 24290 24301 I art     : Explicit concurrent mark sweep GC freed 1402(82KB) AllocSpace objects, 1(20KB) LOS objects, 27% free, 41MB/57MB, paused 1.593ms total 66.204ms
08-06 16:00:10.848 24290 24300 I art     : WaitForGcToComplete blocked for 25.933ms for cause HeapTrim
08-06 16:00:10.865 24290 24301 I art     : Starting a blocking GC Explicit
08-06 16:00:10.923 24290 24301 I art     : Explicit concurrent mark sweep GC freed 23(752B) AllocSpace objects, 0(0B) LOS objects, 27% free, 41MB/57MB, paused 1.535ms total 57.198ms
08-06 16:00:10.940 24290 24301 I art     : Starting a blocking GC Explicit
08-06 16:00:11.001 24290 24301 I art     : Explicit concurrent mark sweep GC freed 3(96B) AllocSpace objects, 0(0B) LOS objects, 27% free, 41MB/57MB, paused 1.518ms total 61.206ms
08-06 16:00:11.018 24290 24301 I art     : Starting a blocking GC Explicit
08-06 16:00:11.080 24290 24301 I art     : Explicit concurrent mark sweep GC freed 3(96B) AllocSpace objects, 0(0B) LOS objects, 27% free, 41MB/57MB, paused 1.551ms total 61.559ms
08-06 16:00:11.098 24290 24301 I art     : Starting a blocking GC Explicit
08-06 16:00:11.156 24290 24301 I art     : Explicit concurrent mark sweep GC freed 3(96B) AllocSpace objects, 0(0B) LOS objects, 27% free, 41MB/57MB, paused 1.537ms total 57.803ms
08-06 16:00:11.348 26742 26742 D AndroidRuntime: >>>>>> START com.android.internal.os.RuntimeInit uid 2000 <<<<<<
08-06 16:00:11.355 26742 26742 D AndroidRuntime: CheckJNI is OFF
08-06 16:00:11.397 26742 26742 D ICU     : No timezone override file found: /data/misc/zoneinfo/current/icu/icu_tzdata.dat
08-06 16:00:11.439 26742 26742 I Radio-JNI: register_android_hardware_Radio DONE
08-06 16:00:11.468 26742 26742 D AndroidRuntime: Calling main entry com.android.commands.input.Input
08-06 16:00:11.469 26742 26742 I Input   : injectKeyEvent: KeyEvent { action=ACTION_DOWN, keyCode=KEYCODE_BACK, scanCode=0, metaState=0, flags=0x0, repeatCount=0, eventTime=892827882, downTime=892827882, deviceId=-1, source=0x101 }
08-06 16:00:11.481 26742 26742 I Input   : injectKeyEvent: KeyEvent { action=ACTION_UP, keyCode=KEYCODE_BACK, scanCode=0, metaState=0, flags=0x0, repeatCount=0, eventTime=892827882, downTime=892827882, deviceId=-1, source=0x101 }
08-06 16:00:11.487 26742 26742 D AndroidRuntime: Shutting down VM
08-06 16:00:11.493 24290 24290 V PlaybackController: initServiceNotRunning()
08-06 16:00:11.493 24290 24290 D ExternalPlayerFragment: Loading media info
08-06 16:00:11.495 24290 24290 D ItemlistFragment: onEventMainThread() called with: event = [DownloadEvent{update=DownloaderUpdate{downloaders=[], feedIds=[], mediaIds=[]}}]
08-06 16:00:11.496 24290 25256 D ApOkHttpUrlLoader: buildLoadData() called with: model = [http://static.libsyn.com/p/assets/7/1/f/3/71f3014e14ef2722/JREiTunesImage2.jpg], width = [1440], height = [462]
08-06 16:00:11.499 24290 24302 I art     : Starting a blocking GC Explicit
08-06 16:00:11.499 24290 24290 D UserPreferences: Using default data folder
08-06 16:00:11.501 24290 24879 D DBReader: getNavDrawerData() called with: 
08-06 16:00:11.501 24290 24316 D DBReader: getFeed() called with: feedId = [2]
08-06 16:00:11.503 24290 24316 D DBReader: getFeedItemList() called with: feed = [baseline.de.danoeh.antennapod.core.feed.Feed@2]
08-06 16:00:11.514 24290 24290 D FeedMenuHandler: Preparing options menu
08-06 16:00:11.534 24290 24879 D DBReader: getDownloadedItems() called
08-06 16:00:11.535 24290 24879 D DBReader: getFavoriteIDList() called
08-06 16:00:11.536 24290 24879 D DBReader: getQueueIDList() called
08-06 16:00:11.537 24290 24879 D DBReader: Extracting Feedlist
08-06 16:00:11.556 13866 13866 I GoogleInputMethodServic: GoogleInputMethodService.onFinishInput():3138 
08-06 16:00:11.556 13866 13866 I GoogleInputMethodServic: GoogleInputMethodService.onStartInput():1808 
08-06 16:00:11.557 13866 13866 I ShortcutsDataManager: AbstractContentDataManager.startImportContentTask():208 startImportContentTask()
08-06 16:00:11.558 13866 13938 I ShortcutsDataManager: AbstractContentDataManager$ImportContentTask.doInBackground():222 doInBackground()
08-06 16:00:11.558 13866 13938 I PersonalDictionaryDataH: PersonalDictionaryDataHandler.beginProcess():111 LanguageTags = [en-US]
08-06 16:00:11.563 24290 24302 I art     : Explicit concurrent mark sweep GC freed 5220(257KB) AllocSpace objects, 1(20KB) LOS objects, 26% free, 45MB/61MB, paused 2.762ms total 63.296ms
08-06 16:00:11.571 13866 13938 I ShortcutsDataManager: AbstractContentDataManager.importRecords():312 importRecords() : Success : Count = 0
08-06 16:00:11.576 13866 13938 I ShortcutsDataManager: AbstractContentDataManager.importContentData():262 importContentData() : Ending import process
08-06 16:00:11.579 24290 24302 I art     : Starting a blocking GC Explicit
08-06 16:00:11.583 24290 24290 D MainActivity: getLastNavFragment() -> 2
08-06 16:00:11.607 13866 13938 I PersonalLanguageModelUp: PersonalLanguageModelUpdater$UpdateOperation.performInternal():160 run() : Added 0 words and 0 shortcuts
08-06 16:00:11.607 13866 13938 I DynamicLanguageModelOpe: DynamicLanguageModelOperation.perform():37 perform() : 4 : coc : Completed
08-06 16:00:11.607 13866 13950 I Delight5Decoder: Delight5DecoderWrapper.loadLanguageModel():578 loadLanguageModel() : 4, version [n/a]
08-06 16:00:11.609 13866 13950 I Delight5Decoder: Delight5DecoderWrapper.loadLanguageModel():616 Loaded dynamic LM 4.en
08-06 16:00:11.609 13866 13866 I ShortcutsDataManager: AbstractContentDataManager$ImportContentTask.onPostExecute():233 onPostExecute() : Result = [2,0]
08-06 16:00:11.609 13866 13866 I ShortcutsDataManager: ShortcutsDataManager.onImportFinished():99 onImportFinished() : Result = 2 : Count = 0
08-06 16:00:11.623 24290 24316 W PodDBAdapter: Length of id array is larger than 800. Creating multiple cursors
08-06 16:00:11.641 24290 24302 I art     : Explicit concurrent mark sweep GC freed 4126(257KB) AllocSpace objects, 1(16KB) LOS objects, 25% free, 46MB/62MB, paused 1.691ms total 62ms
08-06 16:00:11.657 24290 24302 I art     : Starting a blocking GC Explicit
08-06 16:00:11.715 24290 24316 D DBReader: getFavoriteIDList() called
08-06 16:00:11.717 24290 24316 D DBReader: getQueueIDList() called
08-06 16:00:11.718 24290 24316 D DBReader: Extracting Feedlist
08-06 16:00:11.724 24290 24302 I art     : Explicit concurrent mark sweep GC freed 5619(149KB) AllocSpace objects, 0(0B) LOS objects, 25% free, 46MB/62MB, paused 3.629ms total 66.372ms
08-06 16:00:11.726 24290 25256 D ApOkHttpUrlLoader: buildLoadData() called with: model = [http://static.libsyn.com/p/assets/7/1/f/3/71f3014e14ef2722/JREiTunesImage2.jpg], width = [1440], height = [462]
08-06 16:00:11.743 24290 24290 D FeedMenuHandler: Preparing options menu
08-06 16:00:11.745 24290 24302 I art     : Starting a blocking GC Explicit
08-06 16:00:11.804 24290 24302 I art     : Explicit concurrent mark sweep GC freed 29909(2MB) AllocSpace objects, 1(16KB) LOS objects, 25% free, 47MB/63MB, paused 1.560ms total 59.261ms
08-06 16:00:11.821 24290 24302 I art     : Starting a blocking GC Explicit
08-06 16:00:11.861   380   380 W SurfaceFlinger: couldn't log to binary event log: overflow.
08-06 16:00:11.880 24290 24302 I art     : Explicit concurrent mark sweep GC freed 1592(97KB) AllocSpace objects, 0(0B) LOS objects, 25% free, 47MB/63MB, paused 1.653ms total 59.245ms
08-06 16:00:12.214 24290 24420 I art     : Starting a blocking GC Explicit
08-06 16:00:12.295 24290 24420 I art     : Explicit concurrent mark sweep GC freed 1549(89KB) AllocSpace objects, 1(20KB) LOS objects, 25% free, 47MB/63MB, paused 1.871ms total 80.872ms
08-06 16:00:12.314 24290 24420 I art     : Starting a blocking GC Explicit
08-06 16:00:12.368 24290 24420 I art     : Explicit concurrent mark sweep GC freed 34789(2MB) AllocSpace objects, 44(2MB) LOS objects, 27% free, 42MB/58MB, paused 1.481ms total 53.864ms
08-06 16:00:12.383 24290 24420 I art     : Starting a blocking GC Explicit
08-06 16:00:12.430 24290 24420 I art     : Explicit concurrent mark sweep GC freed 32(880B) AllocSpace objects, 0(0B) LOS objects, 27% free, 42MB/58MB, paused 1.464ms total 47.205ms
08-06 16:00:12.445 24290 24420 I art     : Starting a blocking GC Explicit
08-06 16:00:12.494 24290 24420 I art     : Explicit concurrent mark sweep GC freed 3(96B) AllocSpace objects, 0(0B) LOS objects, 27% free, 42MB/58MB, paused 1.444ms total 48.520ms
08-06 16:00:12.509 24290 24420 I art     : Starting a blocking GC Explicit
08-06 16:00:12.555 24290 24420 I art     : Explicit concurrent mark sweep GC freed 3(96B) AllocSpace objects, 0(0B) LOS objects, 27% free, 42MB/58MB, paused 1.440ms total 45.292ms
08-06 16:00:12.877 24290 24302 I art     : Starting a blocking GC Explicit
08-06 16:00:12.933 24290 24302 I art     : Explicit concurrent mark sweep GC freed 1374(81KB) AllocSpace objects, 1(20KB) LOS objects, 27% free, 42MB/58MB, paused 1.500ms total 55.372ms
08-06 16:00:12.947 24290 24302 I art     : Starting a blocking GC Explicit
08-06 16:00:12.993 24290 24302 I art     : Explicit concurrent mark sweep GC freed 23(752B) AllocSpace objects, 0(0B) LOS objects, 27% free, 42MB/58MB, paused 1.495ms total 45.176ms
08-06 16:00:13.007 24290 24302 I art     : Starting a blocking GC Explicit
08-06 16:00:13.053 24290 24302 I art     : Explicit concurrent mark sweep GC freed 3(96B) AllocSpace objects, 0(0B) LOS objects, 27% free, 42MB/58MB, paused 1.498ms total 45.846ms
08-06 16:00:13.068 24290 24302 I art     : Starting a blocking GC Explicit
08-06 16:00:13.115 24290 24302 I art     : Explicit concurrent mark sweep GC freed 3(96B) AllocSpace objects, 0(0B) LOS objects, 27% free, 42MB/58MB, paused 1.338ms total 46.809ms
08-06 16:00:13.129 24290 24302 I art     : Starting a blocking GC Explicit
08-06 16:00:13.180 24290 24302 I art     : Explicit concurrent mark sweep GC freed 9(288B) AllocSpace objects, 0(0B) LOS objects, 27% free, 42MB/58MB, paused 1.427ms total 50.325ms
08-06 16:00:13.289 26777 26777 D AndroidRuntime: >>>>>> START com.android.internal.os.RuntimeInit uid 2000 <<<<<<
08-06 16:00:13.296 26777 26777 D AndroidRuntime: CheckJNI is OFF
08-06 16:00:13.337 26777 26777 D ICU     : No timezone override file found: /data/misc/zoneinfo/current/icu/icu_tzdata.dat
08-06 16:00:13.379 26777 26777 I Radio-JNI: register_android_hardware_Radio DONE
08-06 16:00:13.407 26777 26777 D AndroidRuntime: Calling main entry com.android.commands.input.Input
08-06 16:00:13.409 26777 26777 I Input   : injectMotionEvent: MotionEvent { action=ACTION_DOWN, actionButton=0, id[0]=0, x[0]=1372.0, y[0]=384.0, toolType[0]=TOOL_TYPE_UNKNOWN, buttonState=0, metaState=0, flags=0x0, edgeFlags=0x0, pointerCount=1, historySize=0, eventTime=892829821, downTime=892829821, deviceId=0, source=0x1002 }
08-06 16:00:13.413 26777 26777 I Input   : injectMotionEvent: MotionEvent { action=ACTION_UP, actionButton=0, id[0]=0, x[0]=1372.0, y[0]=384.0, toolType[0]=TOOL_TYPE_UNKNOWN, buttonState=0, metaState=0, flags=0x0, edgeFlags=0x0, pointerCount=1, historySize=0, eventTime=892829821, downTime=892829821, deviceId=0, source=0x1002 }
08-06 16:00:13.416 26777 26777 D AndroidRuntime: Shutting down VM
08-06 16:00:13.433   918  5952 I ActivityManager: START u0 {cmp=baseline.de.danoeh.antennapod.debug/baseline.de.danoeh.antennapod.activity.FeedInfoActivity (has extras)} from uid 10711 on display 0
08-06 16:00:13.434   512  2967 D audio_hw_primary: out_set_parameters: enter: usecase(1: low-latency-playback) kvpairs: routing=2
08-06 16:00:13.449   512  2967 D audio_hw_primary: select_devices: out_snd_device(2: speaker) in_snd_device(0: none)
08-06 16:00:13.449   512  2967 D msm8974_platform: platform_send_audio_calibration: sending audio calibration for snd_device(2) acdb_id(15)
08-06 16:00:13.450   512  2967 I soundtrigger: audio_extn_sound_trigger_update_device_status: device 0x2 of type 0 for Event 1
08-06 16:00:13.463   512  2967 D audio_hw_primary: enable_snd_device: snd_device(2: speaker)
08-06 16:00:13.465   512  2967 D audio_hw_primary: enable_audio_route: apply and update mixer path: low-latency-playback speaker
08-06 16:00:13.486 24290 24310 D DBReader: getFeed() called with: feedId = [2]
08-06 16:00:13.488 24290 24310 D DBReader: getFeedItemList() called with: feed = [baseline.de.danoeh.antennapod.core.feed.Feed@2]
08-06 16:00:13.494 24290 24290 D androidx.gridlayout.widget.GridLayout: horizontal constraints: x2-x0>=1328, x2-x1<=0, x1-x0<=242 are inconsistent; permanently removing: x2-x1<=0. 
08-06 16:00:13.495 24290 24290 D androidx.gridlayout.widget.GridLayout: vertical constraints: y3-y2>=80, y3-y2<=66, y2-y1<=94, y1-y0<=94 are inconsistent; permanently removing: y3-y2<=66. 
08-06 16:00:13.540 24290 24301 I art     : Starting a blocking GC Explicit
08-06 16:00:13.584 24290 24310 W PodDBAdapter: Length of id array is larger than 800. Creating multiple cursors
08-06 16:00:13.589   918   936 I ActivityManager: Displayed baseline.de.danoeh.antennapod.debug/baseline.de.danoeh.antennapod.activity.FeedInfoActivity: +147ms
08-06 16:00:13.593 13866 13866 I GoogleInputMethodServic: GoogleInputMethodService.onFinishInput():3138 
08-06 16:00:13.594 24290 24301 I art     : Explicit concurrent mark sweep GC freed 7867(456KB) AllocSpace objects, 1(20KB) LOS objects, 26% free, 44MB/60MB, paused 2.864ms total 54.028ms
08-06 16:00:13.595 13866 13866 I GoogleInputMethodServic: GoogleInputMethodService.onStartInput():1808 
08-06 16:00:13.610 24290 24301 I art     : Starting a blocking GC Explicit
08-06 16:00:13.624 24290 24311 D OpenGLRenderer: endAllStagingAnimators on 0x7f7d2e9c00 (RippleDrawable) with handle 0x7f7a7b1d60
08-06 16:00:13.664 24290 24301 I art     : Explicit concurrent mark sweep GC freed 393(29KB) AllocSpace objects, 1(16KB) LOS objects, 26% free, 44MB/60MB, paused 1.676ms total 53.209ms
08-06 16:00:13.679 24290 24301 I art     : Starting a blocking GC Explicit
08-06 16:00:13.680 24290 24290 D FeedInfoActivity: Language is en
08-06 16:00:13.681 24290 24290 D FeedInfoActivity: Author is Joe Rogan
08-06 16:00:13.681 24290 24290 D FeedInfoActivity: URL is http://joeroganexp.joerogan.libsynpro.com/rss
08-06 16:00:13.687 24290 25256 D ApOkHttpUrlLoader: buildLoadData() called with: model = [http://static.libsyn.com/p/assets/7/1/f/3/71f3014e14ef2722/JREiTunesImage2.jpg], width = [1440], height = [462]
08-06 16:00:13.698   918  3961 W IntentResolver: resolveIntent: multiple matches, only some with CATEGORY_DEFAULT
08-06 16:00:13.707 24290 24290 D androidx.gridlayout.widget.GridLayout: horizontal constraints: x2-x0>=1328, x2-x1<=232, x1-x0<=242 are inconsistent; permanently removing: x2-x1<=232. 
08-06 16:00:13.707 24290 24290 D androidx.gridlayout.widget.GridLayout: vertical constraints: y3-y2>=80, y3-y2<=66, y2-y1<=94, y1-y0<=94 are inconsistent; permanently removing: y3-y2<=66. 
08-06 16:00:13.732 24290 24301 I art     : Explicit concurrent mark sweep GC freed 7502(196KB) AllocSpace objects, 1(16KB) LOS objects, 25% free, 47MB/63MB, paused 1.746ms total 53.017ms
08-06 16:00:13.748 24290 24301 I art     : Starting a blocking GC Explicit
08-06 16:00:13.806 24290 24301 I art     : Explicit concurrent mark sweep GC freed 244(19KB) AllocSpace objects, 0(0B) LOS objects, 25% free, 47MB/63MB, paused 1.369ms total 57.685ms
08-06 16:00:13.826 24290 24301 I art     : Starting a blocking GC Explicit
08-06 16:00:13.847   380   380 W SurfaceFlinger: couldn't log to binary event log: overflow.
08-06 16:00:13.885 24290 24301 I art     : Explicit concurrent mark sweep GC freed 136(6KB) AllocSpace objects, 0(0B) LOS objects, 25% free, 47MB/63MB, paused 1.327ms total 59.097ms
08-06 16:00:13.892 22397 22397 I Atfwd_Sendcmd: AtCmdFwd service not ready - Exhausted retry attempts - :6
08-06 16:00:13.892 22397 22397 I Atfwd_Daemon: result : -1 	 ,Init step :2 	 ,qmiErrorCode: 0
08-06 16:00:13.975 24290 24290 D PlaybackController: Releasing PlaybackController
08-06 16:00:14.001   512  2967 D audio_hw_primary: disable_audio_route: reset and update mixer path: low-latency-playback speaker
08-06 16:00:14.006   512  2967 D audio_hw_primary: disable_snd_device: snd_device(2: speaker)
08-06 16:00:14.015   512  2967 I soundtrigger: audio_extn_sound_trigger_update_device_status: device 0x2 of type 0 for Event 0
08-06 16:00:14.219 24290 24420 I art     : Starting a blocking GC Explicit
08-06 16:00:14.281 24290 24420 I art     : Explicit concurrent mark sweep GC freed 1726(99KB) AllocSpace objects, 1(20KB) LOS objects, 25% free, 47MB/63MB, paused 1.502ms total 61.288ms
08-06 16:00:14.298 24290 24420 I art     : Starting a blocking GC Explicit
08-06 16:00:14.356 24290 24420 I art     : Explicit concurrent mark sweep GC freed 47(1552B) AllocSpace objects, 0(0B) LOS objects, 25% free, 47MB/63MB, paused 1.525ms total 58.268ms
08-06 16:00:14.373 24290 24420 I art     : Starting a blocking GC Explicit
08-06 16:00:14.430 24290 24420 I art     : Explicit concurrent mark sweep GC freed 32(880B) AllocSpace objects, 0(0B) LOS objects, 25% free, 47MB/63MB, paused 1.448ms total 56.627ms
08-06 16:00:14.447 24290 24420 I art     : Starting a blocking GC Explicit
08-06 16:00:14.504 24290 24420 I art     : Explicit concurrent mark sweep GC freed 3(96B) AllocSpace objects, 0(0B) LOS objects, 25% free, 47MB/63MB, paused 1.479ms total 57.472ms
08-06 16:00:14.521 24290 24420 I art     : Starting a blocking GC Explicit
08-06 16:00:14.583 24290 24420 I art     : Explicit concurrent mark sweep GC freed 3(96B) AllocSpace objects, 0(0B) LOS objects, 25% free, 47MB/63MB, paused 1.635ms total 61.814ms
08-06 16:00:14.927 24290 24301 I art     : Starting a blocking GC Explicit
08-06 16:00:15.010 24290 24301 I art     : Explicit concurrent mark sweep GC freed 1372(80KB) AllocSpace objects, 1(20KB) LOS objects, 25% free, 47MB/63MB, paused 1.764ms total 81.985ms
08-06 16:00:15.032 24290 24301 I art     : Starting a blocking GC Explicit
08-06 16:00:15.094 24290 24301 I art     : Explicit concurrent mark sweep GC freed 23(752B) AllocSpace objects, 0(0B) LOS objects, 25% free, 47MB/63MB, paused 1.500ms total 61.355ms
08-06 16:00:15.111 24290 24301 I art     : Starting a blocking GC Explicit
08-06 16:00:15.173 24290 24301 I art     : Explicit concurrent mark sweep GC freed 11(352B) AllocSpace objects, 0(0B) LOS objects, 25% free, 47MB/63MB, paused 1.422ms total 61.951ms
08-06 16:00:15.190 24290 24301 I art     : Starting a blocking GC Explicit
08-06 16:00:15.251 24290 24301 I art     : Explicit concurrent mark sweep GC freed 11(352B) AllocSpace objects, 0(0B) LOS objects, 25% free, 47MB/63MB, paused 1.456ms total 60.159ms
08-06 16:00:15.266 24290 24301 I art     : Starting a blocking GC Explicit
08-06 16:00:15.319 24290 24301 I art     : Explicit concurrent mark sweep GC freed 13(416B) AllocSpace objects, 0(0B) LOS objects, 25% free, 47MB/63MB, paused 1.354ms total 52.484ms
08-06 16:00:15.677 24290 24301 I art     : Starting a blocking GC Explicit
08-06 16:00:15.755 24290 24301 I art     : Explicit concurrent mark sweep GC freed 1404(81KB) AllocSpace objects, 1(20KB) LOS objects, 25% free, 47MB/63MB, paused 1.645ms total 77.209ms
08-06 16:00:15.775 24290 24301 I art     : Starting a blocking GC Explicit
08-06 16:00:15.839 24290 24301 I art     : Explicit concurrent mark sweep GC freed 23(752B) AllocSpace objects, 0(0B) LOS objects, 25% free, 47MB/63MB, paused 1.608ms total 64.089ms
08-06 16:00:15.856 24290 24301 I art     : Starting a blocking GC Explicit
08-06 16:00:15.925 24290 24301 I art     : Explicit concurrent mark sweep GC freed 3(96B) AllocSpace objects, 0(0B) LOS objects, 25% free, 47MB/63MB, paused 1.492ms total 68.585ms
08-06 16:00:15.947 24290 24301 I art     : Starting a blocking GC Explicit
08-06 16:00:16.012 24290 24301 I art     : Explicit concurrent mark sweep GC freed 3(96B) AllocSpace objects, 0(0B) LOS objects, 25% free, 47MB/63MB, paused 1.509ms total 65.199ms
08-06 16:00:16.029 24290 24301 I art     : Starting a blocking GC Explicit
08-06 16:00:16.097 24290 24301 I art     : Explicit concurrent mark sweep GC freed 3(96B) AllocSpace objects, 0(0B) LOS objects, 25% free, 47MB/63MB, paused 1.610ms total 66.880ms
08-06 16:00:16.469 24290 24880 I art     : Starting a blocking GC Explicit
08-06 16:00:16.546 24290 24880 I art     : Explicit concurrent mark sweep GC freed 1402(83KB) AllocSpace objects, 1(20KB) LOS objects, 25% free, 47MB/63MB, paused 1.626ms total 77.048ms
08-06 16:00:16.568 24290 24880 I art     : Starting a blocking GC Explicit
08-06 16:00:16.628 24290 24880 I art     : Explicit concurrent mark sweep GC freed 23(752B) AllocSpace objects, 0(0B) LOS objects, 25% free, 47MB/63MB, paused 1.650ms total 58.899ms
08-06 16:00:16.645 24290 24880 I art     : Starting a blocking GC Explicit
08-06 16:00:16.709 24290 24880 I art     : Explicit concurrent mark sweep GC freed 3(96B) AllocSpace objects, 0(0B) LOS objects, 25% free, 47MB/63MB, paused 1.536ms total 64.083ms
08-06 16:00:16.726 24290 24880 I art     : Starting a blocking GC Explicit
08-06 16:00:16.793 24290 24880 I art     : Explicit concurrent mark sweep GC freed 3(96B) AllocSpace objects, 0(0B) LOS objects, 25% free, 47MB/63MB, paused 1.446ms total 66.093ms
08-06 16:00:16.809 24290 24880 I art     : Starting a blocking GC Explicit
08-06 16:00:16.875 24290 24880 I art     : Explicit concurrent mark sweep GC freed 3(96B) AllocSpace objects, 0(0B) LOS objects, 25% free, 47MB/63MB, paused 1.464ms total 65.670ms
08-06 16:00:17.192 24290 24302 I art     : Starting a blocking GC Explicit
08-06 16:00:17.256 24290 24302 I art     : Explicit concurrent mark sweep GC freed 1373(81KB) AllocSpace objects, 1(20KB) LOS objects, 25% free, 47MB/63MB, paused 1.585ms total 63.418ms
08-06 16:00:17.276 24290 24302 I art     : Starting a blocking GC Explicit
08-06 16:00:17.336 24290 24302 I art     : Explicit concurrent mark sweep GC freed 27(912B) AllocSpace objects, 0(0B) LOS objects, 25% free, 47MB/63MB, paused 1.648ms total 59.490ms
08-06 16:00:17.353 24290 24302 I art     : Starting a blocking GC Explicit
08-06 16:00:17.417 24290 24302 I art     : Explicit concurrent mark sweep GC freed 3(96B) AllocSpace objects, 0(0B) LOS objects, 25% free, 47MB/63MB, paused 1.514ms total 63.176ms
08-06 16:00:17.434 24290 24302 I art     : Starting a blocking GC Explicit
08-06 16:00:17.499 24290 24302 I art     : Explicit concurrent mark sweep GC freed 32(880B) AllocSpace objects, 0(0B) LOS objects, 25% free, 47MB/63MB, paused 1.682ms total 64.704ms
08-06 16:00:17.515 24290 24302 I art     : Starting a blocking GC Explicit
08-06 16:00:17.581 24290 24302 I art     : Explicit concurrent mark sweep GC freed 3(96B) AllocSpace objects, 0(0B) LOS objects, 25% free, 47MB/63MB, paused 1.547ms total 65.479ms
08-06 16:00:17.902 24290 24301 I art     : Starting a blocking GC Explicit
08-06 16:00:17.970 24290 24301 I art     : Explicit concurrent mark sweep GC freed 2075(106KB) AllocSpace objects, 1(20KB) LOS objects, 25% free, 47MB/63MB, paused 1.557ms total 67.648ms
08-06 16:00:17.987 24290 24301 I art     : Starting a blocking GC Explicit
08-06 16:00:18.048 24290 24301 I art     : Explicit concurrent mark sweep GC freed 23(752B) AllocSpace objects, 0(0B) LOS objects, 25% free, 47MB/63MB, paused 1.742ms total 61.111ms
08-06 16:00:18.065 24290 24301 I art     : Starting a blocking GC Explicit
08-06 16:00:18.126 24290 24301 I art     : Explicit concurrent mark sweep GC freed 3(96B) AllocSpace objects, 0(0B) LOS objects, 25% free, 47MB/63MB, paused 1.526ms total 60.194ms
08-06 16:00:18.142 24290 24301 I art     : Starting a blocking GC Explicit
08-06 16:00:18.202 24290 24301 I art     : Explicit concurrent mark sweep GC freed 3(96B) AllocSpace objects, 0(0B) LOS objects, 25% free, 47MB/63MB, paused 1.548ms total 59.613ms
08-06 16:00:18.219 24290 24301 I art     : Starting a blocking GC Explicit
08-06 16:00:18.241 26861 26861 D AndroidRuntime: >>>>>> START com.android.internal.os.RuntimeInit uid 2000 <<<<<<
08-06 16:00:18.247 26861 26861 D AndroidRuntime: CheckJNI is OFF
08-06 16:00:18.277 24290 24301 I art     : Explicit concurrent mark sweep GC freed 3(96B) AllocSpace objects, 0(0B) LOS objects, 25% free, 47MB/63MB, paused 1.607ms total 58.172ms
08-06 16:00:18.295 26861 26861 D ICU     : No timezone override file found: /data/misc/zoneinfo/current/icu/icu_tzdata.dat
08-06 16:00:18.340 26861 26861 I Radio-JNI: register_android_hardware_Radio DONE
08-06 16:00:18.368 26861 26861 D AndroidRuntime: Calling main entry com.android.commands.input.Input
08-06 16:00:18.370 26861 26861 I Input   : injectKeyEvent: KeyEvent { action=ACTION_DOWN, keyCode=KEYCODE_BACK, scanCode=0, metaState=0, flags=0x0, repeatCount=0, eventTime=892834783, downTime=892834783, deviceId=-1, source=0x101 }
08-06 16:00:18.377 26861 26861 I Input   : injectKeyEvent: KeyEvent { action=ACTION_UP, keyCode=KEYCODE_BACK, scanCode=0, metaState=0, flags=0x0, repeatCount=0, eventTime=892834783, downTime=892834783, deviceId=-1, source=0x101 }
08-06 16:00:18.385 26861 26861 D AndroidRuntime: Shutting down VM
08-06 16:00:18.395 24290 24290 V PlaybackController: initServiceNotRunning()
08-06 16:00:18.396 24290 24290 D ExternalPlayerFragment: Loading media info
08-06 16:00:18.399 24290 24290 D ItemlistFragment: onEventMainThread() called with: event = [DownloadEvent{update=DownloaderUpdate{downloaders=[], feedIds=[], mediaIds=[]}}]
08-06 16:00:18.401 24290 25256 D ApOkHttpUrlLoader: buildLoadData() called with: model = [http://static.libsyn.com/p/assets/7/1/f/3/71f3014e14ef2722/JREiTunesImage2.jpg], width = [1440], height = [462]
08-06 16:00:18.406 24290 24290 D UserPreferences: Using default data folder
08-06 16:00:18.406 24290 24310 D DBReader: getNavDrawerData() called with: 
08-06 16:00:18.407 24290 24879 D DBReader: getFeed() called with: feedId = [2]
08-06 16:00:18.409 24290 24879 D DBReader: getFeedItemList() called with: feed = [baseline.de.danoeh.antennapod.core.feed.Feed@2]
08-06 16:00:18.419 24290 24290 D FeedMenuHandler: Preparing options menu
08-06 16:00:18.439 24290 24310 D DBReader: getDownloadedItems() called
08-06 16:00:18.440 24290 24310 D DBReader: getFavoriteIDList() called
08-06 16:00:18.441 24290 24310 D DBReader: getQueueIDList() called
08-06 16:00:18.442 24290 24310 D DBReader: Extracting Feedlist
08-06 16:00:18.469 13866 13866 I GoogleInputMethodServic: GoogleInputMethodService.onFinishInput():3138 
08-06 16:00:18.470 13866 13866 I GoogleInputMethodServic: GoogleInputMethodService.onStartInput():1808 
08-06 16:00:18.494 24290 24290 D MainActivity: getLastNavFragment() -> 2
08-06 16:00:18.522 24290 24879 W PodDBAdapter: Length of id array is larger than 800. Creating multiple cursors
08-06 16:00:18.586 24290 24880 I art     : Starting a blocking GC Explicit
08-06 16:00:18.614 24290 24879 D DBReader: getFavoriteIDList() called
08-06 16:00:18.615 24290 24879 D DBReader: getQueueIDList() called
08-06 16:00:18.616 24290 24879 D DBReader: Extracting Feedlist
08-06 16:00:18.621 24290 25256 D ApOkHttpUrlLoader: buildLoadData() called with: model = [http://static.libsyn.com/p/assets/7/1/f/3/71f3014e14ef2722/JREiTunesImage2.jpg], width = [1440], height = [462]
08-06 16:00:18.657 24290 24290 D FeedMenuHandler: Preparing options menu
08-06 16:00:18.660 24290 24880 I art     : Explicit concurrent mark sweep GC freed 40180(2MB) AllocSpace objects, 2(36KB) LOS objects, 23% free, 52MB/68MB, paused 1.914ms total 73.282ms
08-06 16:00:18.676 24290 24880 I art     : Starting a blocking GC Explicit
08-06 16:00:18.733 24290 24880 I art     : Explicit concurrent mark sweep GC freed 4006(192KB) AllocSpace objects, 1(16KB) LOS objects, 23% free, 52MB/68MB, paused 1.539ms total 56.210ms
08-06 16:00:18.753 24290 24880 I art     : Starting a blocking GC Explicit
08-06 16:00:18.767   380   380 W SurfaceFlinger: couldn't log to binary event log: overflow.
08-06 16:00:18.810 24290 24880 I art     : Explicit concurrent mark sweep GC freed 1520(95KB) AllocSpace objects, 0(0B) LOS objects, 23% free, 52MB/68MB, paused 1.494ms total 56.498ms
08-06 16:00:18.825 24290 24880 I art     : Starting a blocking GC Explicit
08-06 16:00:18.878 24290 24880 I art     : Explicit concurrent mark sweep GC freed 116(4KB) AllocSpace objects, 0(0B) LOS objects, 23% free, 52MB/68MB, paused 1.446ms total 52.372ms
08-06 16:00:18.895 24290 24880 I art     : Starting a blocking GC Explicit
08-06 16:00:18.946 24290 24880 I art     : Explicit concurrent mark sweep GC freed 29243(2MB) AllocSpace objects, 3(84KB) LOS objects, 24% free, 50MB/66MB, paused 1.489ms total 50.996ms
08-06 16:00:19.288 24290 24420 I art     : Starting a blocking GC Explicit
08-06 16:00:19.359 24290 24420 I art     : Explicit concurrent mark sweep GC freed 1417(83KB) AllocSpace objects, 1(20KB) LOS objects, 24% free, 50MB/66MB, paused 1.679ms total 69.908ms
08-06 16:00:19.378 24290 24420 I art     : Starting a blocking GC Explicit
08-06 16:00:19.426 24290 24420 I art     : Explicit concurrent mark sweep GC freed 52(1552B) AllocSpace objects, 0(0B) LOS objects, 24% free, 50MB/66MB, paused 1.450ms total 47.219ms
08-06 16:00:19.441 24290 24420 I art     : Starting a blocking GC Explicit
08-06 16:00:19.489 24290 24420 I art     : Explicit concurrent mark sweep GC freed 3(96B) AllocSpace objects, 0(0B) LOS objects, 24% free, 50MB/66MB, paused 1.502ms total 48.274ms
08-06 16:00:19.503 24290 24420 I art     : Starting a blocking GC Explicit
08-06 16:00:19.553 24290 24420 I art     : Explicit concurrent mark sweep GC freed 3(96B) AllocSpace objects, 0(0B) LOS objects, 24% free, 50MB/66MB, paused 1.471ms total 48.862ms
08-06 16:00:19.567 24290 24420 I art     : Starting a blocking GC Explicit
08-06 16:00:19.615 24290 24420 I art     : Explicit concurrent mark sweep GC freed 3(96B) AllocSpace objects, 0(0B) LOS objects, 24% free, 50MB/66MB, paused 1.374ms total 47.709ms
08-06 16:00:19.938 24290 24301 I art     : Starting a blocking GC Explicit
08-06 16:00:19.990 24290 24301 I art     : Explicit concurrent mark sweep GC freed 1374(81KB) AllocSpace objects, 1(20KB) LOS objects, 24% free, 50MB/66MB, paused 1.670ms total 51.392ms
08-06 16:00:20.005 24290 24301 I art     : Starting a blocking GC Explicit
08-06 16:00:20.055 24290 24301 I art     : Explicit concurrent mark sweep GC freed 24(784B) AllocSpace objects, 0(0B) LOS objects, 24% free, 50MB/66MB, paused 1.707ms total 49.820ms
08-06 16:00:20.072 24290 24301 I art     : Starting a blocking GC Explicit
08-06 16:00:20.117 24290 24301 I art     : Explicit concurrent mark sweep GC freed 12(384B) AllocSpace objects, 0(0B) LOS objects, 24% free, 50MB/66MB, paused 1.517ms total 44.178ms
08-06 16:00:20.132 24290 24301 I art     : Starting a blocking GC Explicit
08-06 16:00:20.177 24290 24301 I art     : Explicit concurrent mark sweep GC freed 10(320B) AllocSpace objects, 0(0B) LOS objects, 24% free, 50MB/66MB, paused 1.550ms total 45.588ms
08-06 16:00:20.181 26904 26904 D AndroidRuntime: >>>>>> START com.android.internal.os.RuntimeInit uid 2000 <<<<<<
08-06 16:00:20.187 26904 26904 D AndroidRuntime: CheckJNI is OFF
08-06 16:00:20.192 24290 24301 I art     : Starting a blocking GC Explicit
08-06 16:00:20.230 26904 26904 D ICU     : No timezone override file found: /data/misc/zoneinfo/current/icu/icu_tzdata.dat
08-06 16:00:20.237 24290 24301 I art     : Explicit concurrent mark sweep GC freed 9(288B) AllocSpace objects, 0(0B) LOS objects, 24% free, 50MB/66MB, paused 1.595ms total 44.682ms
08-06 16:00:20.273 26904 26904 I Radio-JNI: register_android_hardware_Radio DONE
08-06 16:00:20.301 26904 26904 D AndroidRuntime: Calling main entry com.android.commands.input.Input
08-06 16:00:20.304 26904 26904 I Input   : injectMotionEvent: MotionEvent { action=ACTION_DOWN, actionButton=0, id[0]=0, x[0]=733.0, y[0]=896.0, toolType[0]=TOOL_TYPE_UNKNOWN, buttonState=0, metaState=0, flags=0x0, edgeFlags=0x0, pointerCount=1, historySize=0, eventTime=892836716, downTime=892836716, deviceId=0, source=0x1002 }
08-06 16:00:20.311 26904 26904 I Input   : injectMotionEvent: MotionEvent { action=ACTION_UP, actionButton=0, id[0]=0, x[0]=733.0, y[0]=896.0, toolType[0]=TOOL_TYPE_UNKNOWN, buttonState=0, metaState=0, flags=0x0, edgeFlags=0x0, pointerCount=1, historySize=0, eventTime=892836716, downTime=892836716, deviceId=0, source=0x1002 }
08-06 16:00:20.314 26904 26904 D AndroidRuntime: Shutting down VM
08-06 16:00:20.382   512  2967 D audio_hw_primary: out_set_parameters: enter: usecase(1: low-latency-playback) kvpairs: routing=2
08-06 16:00:20.395   512  2967 D audio_hw_primary: select_devices: out_snd_device(2: speaker) in_snd_device(0: none)
08-06 16:00:20.395   512  2967 D msm8974_platform: platform_send_audio_calibration: sending audio calibration for snd_device(2) acdb_id(15)
08-06 16:00:20.395   512  2967 I soundtrigger: audio_extn_sound_trigger_update_device_status: device 0x2 of type 0 for Event 1
08-06 16:00:20.405 24290 24290 I WebViewFactory: Loading com.google.android.webview version 84.0.4147.89 (code 414708953)
08-06 16:00:20.406   512  2967 D audio_hw_primary: enable_snd_device: snd_device(2: speaker)
08-06 16:00:20.409   512  2967 D audio_hw_primary: enable_audio_route: apply and update mixer path: low-latency-playback speaker
08-06 16:00:20.504 24290 24290 I cr_LibraryLoader: Loaded native library version number "84.0.4147.89"
08-06 16:00:20.505 24290 24290 I cr_CachingUmaRecorder: Flushed 5 samples from 5 histograms.
08-06 16:00:20.543 24290 24290 E chromium: [ERROR:filesystem_posix.cc(62)] mkdir /data/user/0/baseline.de.danoeh.antennapod.debug/cache/WebView/Crashpad: No such file or directory (2)
08-06 16:00:20.572 24290 24420 I art     : Starting a blocking GC Explicit
08-06 16:00:20.652 24290 24420 I art     : Explicit concurrent mark sweep GC freed 8139(704KB) AllocSpace objects, 3(60KB) LOS objects, 23% free, 51MB/67MB, paused 3.124ms total 79.465ms
08-06 16:00:20.669 24290 24420 I art     : Starting a blocking GC Explicit
08-06 16:00:20.673   918   928 D ConnectivityService: listenForNetwork for Listen from uid/pid:10711/24290 for NetworkRequest [ id=4071, legacyType=-1, [ Capabilities: INTERNET&NOT_RESTRICTED&TRUSTED] ]
08-06 16:00:20.718 24290 24420 I art     : Explicit concurrent mark sweep GC freed 1209(111KB) AllocSpace objects, 0(0B) LOS objects, 23% free, 51MB/67MB, paused 2.473ms total 49.485ms
08-06 16:00:20.718 24290 24316 D DBReader: getFeedItem() called with: itemId = [2]
08-06 16:00:20.719 24290 24316 D DBReader: Loading feeditem with id 2
08-06 16:00:20.720 24290 24290 D ItemFragment: onEventMainThread() called with: event = [DownloadEvent{update=DownloaderUpdate{downloaders=[], feedIds=[], mediaIds=[]}}]
08-06 16:00:20.722 24290 24316 D DBReader: getFavoriteIDList() called
08-06 16:00:20.723 24290 24316 D DBReader: getQueueIDList() called
08-06 16:00:20.724 24290 24316 D DBReader: Extracting Feedlist
08-06 16:00:20.728 13866 13866 I GoogleInputMethodServic: GoogleInputMethodService.onFinishInput():3138 
08-06 16:00:20.729 13866 13866 I GoogleInputMethodServic: GoogleInputMethodService.onStartInput():1808 
08-06 16:00:20.735 24290 24316 D DBReader: loadExtraInformationOfFeedItem() called with: item = [FeedItem[autoDownload=1,chapters=<null>,contentEncoded=<null>,description=<null>,feed=baseline.de.danoeh.antennapod.core.feed.Feed@319f2b0,feedId=2,flattrStatus=baseline.de.danoeh.antennapod.core.util.flattr.FlattrStatus@e1e2529,hasChapters=false,imageUrl=http://static.libsyn.com/p/assets/2/7/8/6/278615fe73b1f0ca/JRE1514.jpg,itemIdentifier=a0870b6b-c887-4883-930c-a06d5e1a8f7e,link=http://traffic.libsyn.com/joeroganexp/p1514.mp3,media=baseline.de.danoeh.antennapod.core.feed.FeedMedia@8de80ae,paymentLink=<null>,pubDate=Fri Jul 24 21:00:00 GMT+02:00 2020,state=-1,tags=[],title=#1514 - Joe De Sena,id=2]]
08-06 16:00:20.743 24290 24420 I art     : Starting a blocking GC Explicit
08-06 16:00:20.743 24290 24290 E libEGL  : validate_display:255 error 3008 (EGL_BAD_DISPLAY)
08-06 16:00:20.789 24290 24420 I art     : Explicit concurrent mark sweep GC freed 3326(219KB) AllocSpace objects, 1(68KB) LOS objects, 23% free, 51MB/67MB, paused 2.344ms total 46.495ms
08-06 16:00:20.810   918   935 D BluetoothManagerService: Added callback: android.bluetooth.IBluetoothManagerCallback$Stub$Proxy@ac2fe11:true
08-06 16:00:20.815 24290 24420 I art     : Starting a blocking GC Explicit
08-06 16:00:20.825 24290 25256 D ApOkHttpUrlLoader: buildLoadData() called with: model = [http://static.libsyn.com/p/assets/2/7/8/6/278615fe73b1f0ca/JRE1514.jpg], width = [175], height = [175]
08-06 16:00:20.831 24290 25077 D DBReader: getImageAuthentication() called with: imageUrl = [http://static.libsyn.com/p/assets/2/7/8/6/278615fe73b1f0ca/JRE1514.jpg]
08-06 16:00:20.837 24290 25077 D ApOkHttpUrlLoader: no credentials for 'http://static.libsyn.com/p/assets/2/7/8/6/278615fe73b1f0ca/JRE1514.jpg'
08-06 16:00:20.883 24290 24420 I art     : Explicit concurrent mark sweep GC freed 1520(103KB) AllocSpace objects, 3(84KB) LOS objects, 23% free, 51MB/67MB, paused 2.330ms total 67.576ms
08-06 16:00:20.897 24290 24420 I art     : Starting a blocking GC Explicit
08-06 16:00:20.947 24290 24420 I art     : Explicit concurrent mark sweep GC freed 1019(67KB) AllocSpace objects, 1(28KB) LOS objects, 23% free, 51MB/67MB, paused 1.712ms total 49.378ms
08-06 16:00:20.948   512  2967 D audio_hw_primary: disable_audio_route: reset and update mixer path: low-latency-playback speaker
08-06 16:00:20.950   512  2967 D audio_hw_primary: disable_snd_device: snd_device(2: speaker)
08-06 16:00:20.951 24290 25077 D MYTAG   : interceptor 2a
08-06 16:00:20.951 24290 25077 I NAPPA_EXPERIMENTATION: MetricNetworkRequestExecutionTime: REQUEST_DURATION_SYSTEM='114',REQUEST_DURATION_OKHTTP='113',REQUEST_SYNCHRONOUS='TRUE',RESPONSE_CODE='200',RESPONSE_METHOD='GET',RESPONSE_LENGTH_OKHTTP='364960',RESPONSE_LENGTH_HEADER='364960',REQUEST_PROTOCOL='http/1.1',REQUEST_URL='http://static.libsyn.com/p/assets/2/7/8/6/278615fe73b1f0ca/JRE1514.jpg',
08-06 16:00:20.958   512  2967 I soundtrigger: audio_extn_sound_trigger_update_device_status: device 0x2 of type 0 for Event 0
08-06 16:00:21.286 24290 24880 I art     : Starting a blocking GC Explicit
08-06 16:00:21.342 24290 24880 I art     : Explicit concurrent mark sweep GC freed 1891(132KB) AllocSpace objects, 1(20KB) LOS objects, 23% free, 51MB/67MB, paused 1.557ms total 55.206ms
08-06 16:00:21.358 24290 24880 I art     : Starting a blocking GC Explicit
08-06 16:00:21.409 24290 24880 I art     : Explicit concurrent mark sweep GC freed 52(1664B) AllocSpace objects, 0(0B) LOS objects, 23% free, 51MB/67MB, paused 1.473ms total 49.950ms
08-06 16:00:21.424 24290 24880 I art     : Starting a blocking GC Explicit
08-06 16:00:21.476 24290 24880 I art     : Explicit concurrent mark sweep GC freed 40(1136B) AllocSpace objects, 0(0B) LOS objects, 23% free, 51MB/67MB, paused 1.461ms total 51.375ms
08-06 16:00:21.492 24290 24880 I art     : Starting a blocking GC Explicit
08-06 16:00:21.543 24290 24880 I art     : Explicit concurrent mark sweep GC freed 11(352B) AllocSpace objects, 0(0B) LOS objects, 23% free, 51MB/67MB, paused 1.450ms total 50.850ms
08-06 16:00:21.559 24290 24880 I art     : Starting a blocking GC Explicit
08-06 16:00:21.612 24290 24880 I art     : Explicit concurrent mark sweep GC freed 11(352B) AllocSpace objects, 0(0B) LOS objects, 23% free, 51MB/67MB, paused 1.537ms total 51.964ms
08-06 16:00:21.985 24290 24302 I art     : Starting a blocking GC Explicit
08-06 16:00:22.039 24290 24302 I art     : Explicit concurrent mark sweep GC freed 1434(82KB) AllocSpace objects, 1(20KB) LOS objects, 23% free, 51MB/67MB, paused 1.549ms total 54.152ms
08-06 16:00:22.055 24290 24302 I art     : Starting a blocking GC Explicit
08-06 16:00:22.110 24290 24302 I art     : Explicit concurrent mark sweep GC freed 33(1072B) AllocSpace objects, 0(0B) LOS objects, 23% free, 51MB/67MB, paused 1.498ms total 54.834ms
08-06 16:00:22.127 24290 24302 I art     : Starting a blocking GC Explicit
08-06 16:00:22.182 24290 24302 I art     : Explicit concurrent mark sweep GC freed 11(352B) AllocSpace objects, 0(0B) LOS objects, 23% free, 51MB/67MB, paused 1.463ms total 54.538ms
08-06 16:00:22.199 24290 24302 I art     : Starting a blocking GC Explicit
08-06 16:00:22.254 24290 24302 I art     : Explicit concurrent mark sweep GC freed 11(352B) AllocSpace objects, 0(0B) LOS objects, 23% free, 51MB/67MB, paused 1.632ms total 54.765ms
08-06 16:00:22.270 24290 24302 I art     : Starting a blocking GC Explicit
08-06 16:00:22.324 24290 24302 I art     : Explicit concurrent mark sweep GC freed 12(384B) AllocSpace objects, 0(0B) LOS objects, 23% free, 51MB/67MB, paused 1.733ms total 54.021ms
08-06 16:00:22.656   518   646 I ThermalEngine: ACTION: GPU - Setting GPU[0] to 390000000
08-06 16:00:22.744 24290 24301 I art     : Starting a blocking GC Explicit
08-06 16:00:22.826 24290 24301 I art     : Explicit concurrent mark sweep GC freed 1474(83KB) AllocSpace objects, 1(20KB) LOS objects, 23% free, 51MB/67MB, paused 2.635ms total 81.603ms
08-06 16:00:22.855 24290 24301 I art     : Starting a blocking GC Explicit
08-06 16:00:22.925 24290 24301 I art     : Explicit concurrent mark sweep GC freed 23(752B) AllocSpace objects, 0(0B) LOS objects, 23% free, 51MB/67MB, paused 2.304ms total 70.102ms
08-06 16:00:22.949 24290 24301 I art     : Starting a blocking GC Explicit
08-06 16:00:23.021 24290 24301 I art     : Explicit concurrent mark sweep GC freed 3(96B) AllocSpace objects, 0(0B) LOS objects, 23% free, 51MB/67MB, paused 3.560ms total 71.137ms
08-06 16:00:23.047 24290 24301 I art     : Starting a blocking GC Explicit
08-06 16:00:23.114 24290 24301 I art     : Explicit concurrent mark sweep GC freed 3(96B) AllocSpace objects, 0(0B) LOS objects, 23% free, 51MB/67MB, paused 2.388ms total 66.939ms
08-06 16:00:23.138 24290 24301 I art     : Starting a blocking GC Explicit
08-06 16:00:23.206 24290 24301 I art     : Explicit concurrent mark sweep GC freed 3(96B) AllocSpace objects, 0(0B) LOS objects, 23% free, 51MB/67MB, paused 2.289ms total 67.179ms
08-06 16:00:23.653 24290 24302 I art     : Starting a blocking GC Explicit
08-06 16:00:23.742 24290 24302 I art     : Explicit concurrent mark sweep GC freed 1411(82KB) AllocSpace objects, 1(20KB) LOS objects, 23% free, 51MB/67MB, paused 2.694ms total 87.849ms
08-06 16:00:23.770 24290 24302 I art     : Starting a blocking GC Explicit
08-06 16:00:23.844 24290 24302 I art     : Explicit concurrent mark sweep GC freed 23(752B) AllocSpace objects, 0(0B) LOS objects, 23% free, 51MB/67MB, paused 2.662ms total 72.914ms
08-06 16:00:23.869 24290 24302 I art     : Starting a blocking GC Explicit
08-06 16:00:23.937 24290 24302 I art     : Explicit concurrent mark sweep GC freed 3(96B) AllocSpace objects, 0(0B) LOS objects, 23% free, 51MB/67MB, paused 2.343ms total 67.786ms
08-06 16:00:23.961 24290 24302 I art     : Starting a blocking GC Explicit
08-06 16:00:24.036 24290 24302 I art     : Explicit concurrent mark sweep GC freed 3(96B) AllocSpace objects, 0(0B) LOS objects, 23% free, 51MB/67MB, paused 2.763ms total 74.572ms
08-06 16:00:24.065 24290 24302 I art     : Starting a blocking GC Explicit
08-06 16:00:24.138 24290 24302 I art     : Explicit concurrent mark sweep GC freed 3(96B) AllocSpace objects, 0(0B) LOS objects, 23% free, 51MB/67MB, paused 2.298ms total 72.655ms
08-06 16:00:24.564 24290 24880 I art     : Starting a blocking GC Explicit
08-06 16:00:24.631 24290 24880 I art     : Explicit concurrent mark sweep GC freed 1450(84KB) AllocSpace objects, 1(20KB) LOS objects, 23% free, 51MB/67MB, paused 2.350ms total 65.973ms
08-06 16:00:24.654 24290 24880 I art     : Starting a blocking GC Explicit
08-06 16:00:24.717 24290 24880 I art     : Explicit concurrent mark sweep GC freed 23(752B) AllocSpace objects, 0(0B) LOS objects, 23% free, 51MB/67MB, paused 2.377ms total 63.397ms
08-06 16:00:24.740 24290 24880 I art     : Starting a blocking GC Explicit
08-06 16:00:24.806 24290 24880 I art     : Explicit concurrent mark sweep GC freed 3(96B) AllocSpace objects, 0(0B) LOS objects, 23% free, 51MB/67MB, paused 2.513ms total 64.782ms
08-06 16:00:24.829 24290 24880 I art     : Starting a blocking GC Explicit
08-06 16:00:24.890 24290 24880 I art     : Explicit concurrent mark sweep GC freed 3(96B) AllocSpace objects, 0(0B) LOS objects, 23% free, 51MB/67MB, paused 2.375ms total 60.579ms
08-06 16:00:24.911 24290 24880 I art     : Starting a blocking GC Explicit
08-06 16:00:24.969 24290 24880 I art     : Explicit concurrent mark sweep GC freed 81(6KB) AllocSpace objects, 0(0B) LOS objects, 23% free, 51MB/67MB, paused 2.260ms total 57.061ms
08-06 16:00:25.207 27021 27021 D AndroidRuntime: >>>>>> START com.android.internal.os.RuntimeInit uid 2000 <<<<<<
08-06 16:00:25.214 27021 27021 D AndroidRuntime: CheckJNI is OFF
08-06 16:00:25.265 27021 27021 D ICU     : No timezone override file found: /data/misc/zoneinfo/current/icu/icu_tzdata.dat
08-06 16:00:25.311 27021 27021 I Radio-JNI: register_android_hardware_Radio DONE
08-06 16:00:25.345 27021 27021 D AndroidRuntime: Calling main entry com.android.commands.input.Input
08-06 16:00:25.348 27021 27021 I Input   : injectKeyEvent: KeyEvent { action=ACTION_DOWN, keyCode=KEYCODE_BACK, scanCode=0, metaState=0, flags=0x0, repeatCount=0, eventTime=892841761, downTime=892841761, deviceId=-1, source=0x101 }
08-06 16:00:25.353 24290 24420 I art     : Starting a blocking GC Explicit
08-06 16:00:25.355 27021 27021 I Input   : injectKeyEvent: KeyEvent { action=ACTION_UP, keyCode=KEYCODE_BACK, scanCode=0, metaState=0, flags=0x0, repeatCount=0, eventTime=892841761, downTime=892841761, deviceId=-1, source=0x101 }
08-06 16:00:25.382 24290 24290 D ItemlistFragment: onEventMainThread() called with: event = [DownloadEvent{update=DownloaderUpdate{downloaders=[], feedIds=[], mediaIds=[]}}]
08-06 16:00:25.383 24290 24310 D DBReader: getFeed() called with: feedId = [2]
08-06 16:00:25.384 27021 27021 D AndroidRuntime: Shutting down VM
08-06 16:00:25.385 24290 24310 D DBReader: getFeedItemList() called with: feed = [baseline.de.danoeh.antennapod.core.feed.Feed@2]
08-06 16:00:25.386   918  3263 D ConnectivityService: releasing NetworkRequest NetworkRequest [ id=4071, legacyType=-1, [ Capabilities: INTERNET&NOT_RESTRICTED&TRUSTED] ]
08-06 16:00:25.424 24290 24420 I art     : Explicit concurrent mark sweep GC freed 2547(142KB) AllocSpace objects, 1(20KB) LOS objects, 23% free, 51MB/67MB, paused 3.662ms total 70.399ms
08-06 16:00:25.433 24290 24290 D FeedMenuHandler: Preparing options menu
08-06 16:00:25.445 24290 24420 I art     : Starting a blocking GC Explicit
08-06 16:00:25.496 24290 24310 W PodDBAdapter: Length of id array is larger than 800. Creating multiple cursors
08-06 16:00:25.516 24290 25256 D ApOkHttpUrlLoader: buildLoadData() called with: model = [http://static.libsyn.com/p/assets/7/1/f/3/71f3014e14ef2722/JREiTunesImage2.jpg], width = [1440], height = [462]
08-06 16:00:25.518 24290 24420 I art     : Explicit concurrent mark sweep GC freed 5749(365KB) AllocSpace objects, 1(16KB) LOS objects, 22% free, 56MB/72MB, paused 3.069ms total 72.564ms
08-06 16:00:25.543 24290 24420 I art     : Starting a blocking GC Explicit
08-06 16:00:25.550 13866 13866 I GoogleInputMethodServic: GoogleInputMethodService.onFinishInput():3138 
08-06 16:00:25.550 13866 13866 I GoogleInputMethodServic: GoogleInputMethodService.onStartInput():1808 
08-06 16:00:25.604 24290 24310 D DBReader: getFavoriteIDList() called
08-06 16:00:25.605 24290 24310 D DBReader: getQueueIDList() called
08-06 16:00:25.607 24290 24310 D DBReader: Extracting Feedlist
08-06 16:00:25.616 24290 25256 D ApOkHttpUrlLoader: buildLoadData() called with: model = [http://static.libsyn.com/p/assets/7/1/f/3/71f3014e14ef2722/JREiTunesImage2.jpg], width = [1440], height = [462]
08-06 16:00:25.616 24290 24420 I art     : Explicit concurrent mark sweep GC freed 10231(416KB) AllocSpace objects, 6(3MB) LOS objects, 23% free, 53MB/69MB, paused 3.648ms total 73.300ms
08-06 16:00:25.636 24290 24290 D FeedMenuHandler: Preparing options menu
08-06 16:00:25.640 24290 24420 I art     : Starting a blocking GC Explicit
08-06 16:00:25.660   518   646 I ThermalEngine: ACTION: GPU - Setting GPU[0] to 450000000
08-06 16:00:25.693 24290 24420 I art     : Explicit concurrent mark sweep GC freed 29863(2046KB) AllocSpace objects, 1(16KB) LOS objects, 22% free, 54MB/70MB, paused 1.655ms total 53.446ms
08-06 16:00:25.707 24290 24420 I art     : Starting a blocking GC Explicit
08-06 16:00:25.753 24290 24420 I art     : Explicit concurrent mark sweep GC freed 659(43KB) AllocSpace objects, 0(0B) LOS objects, 22% free, 53MB/69MB, paused 1.391ms total 45.675ms
08-06 16:00:26.115 24290 24302 I art     : Starting a blocking GC Explicit
08-06 16:00:26.183 24290 24302 I art     : Explicit concurrent mark sweep GC freed 1880(114KB) AllocSpace objects, 1(20KB) LOS objects, 22% free, 53MB/69MB, paused 1.687ms total 67.518ms
08-06 16:00:26.200 24290 24302 I art     : Starting a blocking GC Explicit
08-06 16:00:26.253 24290 24302 I art     : Explicit concurrent mark sweep GC freed 25(832B) AllocSpace objects, 0(0B) LOS objects, 22% free, 53MB/69MB, paused 1.586ms total 52.945ms
08-06 16:00:26.268 24290 24302 I art     : Starting a blocking GC Explicit
08-06 16:00:26.320 24290 24302 I art     : Explicit concurrent mark sweep GC freed 3(96B) AllocSpace objects, 0(0B) LOS objects, 22% free, 53MB/69MB, paused 1.456ms total 51.213ms
08-06 16:00:26.335 24290 24302 I art     : Starting a blocking GC Explicit
08-06 16:00:26.389 24290 24302 I art     : Explicit concurrent mark sweep GC freed 3(96B) AllocSpace objects, 0(0B) LOS objects, 22% free, 53MB/69MB, paused 1.562ms total 52.870ms
08-06 16:00:26.389 24290 24300 I art     : WaitForGcToComplete blocked for 46.350ms for cause HeapTrim
08-06 16:00:26.404 24290 24302 I art     : Starting a blocking GC Explicit
08-06 16:00:26.456 24290 24302 I art     : Explicit concurrent mark sweep GC freed 32(880B) AllocSpace objects, 0(0B) LOS objects, 22% free, 53MB/69MB, paused 1.459ms total 52.268ms
08-06 16:00:26.807 24290 24880 I art     : Starting a blocking GC Explicit
08-06 16:00:26.860 24290 24880 I art     : Explicit concurrent mark sweep GC freed 1382(83KB) AllocSpace objects, 1(20KB) LOS objects, 22% free, 53MB/69MB, paused 1.504ms total 53ms
08-06 16:00:26.875 24290 24880 I art     : Starting a blocking GC Explicit
08-06 16:00:26.925 24290 24880 I art     : Explicit concurrent mark sweep GC freed 23(752B) AllocSpace objects, 0(0B) LOS objects, 22% free, 53MB/69MB, paused 1.448ms total 49.726ms
08-06 16:00:26.939 24290 24880 I art     : Starting a blocking GC Explicit
08-06 16:00:26.992 24290 24880 I art     : Explicit concurrent mark sweep GC freed 4(128B) AllocSpace objects, 0(0B) LOS objects, 22% free, 53MB/69MB, paused 1.582ms total 52.340ms
08-06 16:00:27.007 24290 24880 I art     : Starting a blocking GC Explicit
08-06 16:00:27.061 24290 24880 I art     : Explicit concurrent mark sweep GC freed 11(352B) AllocSpace objects, 0(0B) LOS objects, 22% free, 53MB/69MB, paused 1.343ms total 52.766ms
08-06 16:00:27.075 24290 24880 I art     : Starting a blocking GC Explicit
08-06 16:00:27.125 24290 24880 I art     : Explicit concurrent mark sweep GC freed 12(384B) AllocSpace objects, 0(0B) LOS objects, 22% free, 53MB/69MB, paused 1.541ms total 49.879ms
08-06 16:00:27.195 27058 27058 D AndroidRuntime: >>>>>> START com.android.internal.os.RuntimeInit uid 2000 <<<<<<
08-06 16:00:27.201 27058 27058 D AndroidRuntime: CheckJNI is OFF
08-06 16:00:27.244 27058 27058 D ICU     : No timezone override file found: /data/misc/zoneinfo/current/icu/icu_tzdata.dat
08-06 16:00:27.287 27058 27058 I Radio-JNI: register_android_hardware_Radio DONE
08-06 16:00:27.315 27058 27058 D AndroidRuntime: Calling main entry com.android.commands.input.Input
08-06 16:00:27.317 27058 27058 I Input   : injectMotionEvent: MotionEvent { action=ACTION_DOWN, actionButton=0, id[0]=0, x[0]=103.0, y[0]=192.0, toolType[0]=TOOL_TYPE_UNKNOWN, buttonState=0, metaState=0, flags=0x0, edgeFlags=0x0, pointerCount=1, historySize=0, eventTime=892843730, downTime=892843730, deviceId=0, source=0x1002 }
08-06 16:00:27.322 27058 27058 I Input   : injectMotionEvent: MotionEvent { action=ACTION_UP, actionButton=0, id[0]=0, x[0]=103.0, y[0]=192.0, toolType[0]=TOOL_TYPE_UNKNOWN, buttonState=0, metaState=0, flags=0x0, edgeFlags=0x0, pointerCount=1, historySize=0, eventTime=892843730, downTime=892843730, deviceId=0, source=0x1002 }
08-06 16:00:27.324 27058 27058 D AndroidRuntime: Shutting down VM
08-06 16:00:27.330   512  2967 D audio_hw_primary: out_set_parameters: enter: usecase(1: low-latency-playback) kvpairs: routing=2
08-06 16:00:27.344   512  2967 D audio_hw_primary: select_devices: out_snd_device(2: speaker) in_snd_device(0: none)
08-06 16:00:27.344   512  2967 D msm8974_platform: platform_send_audio_calibration: sending audio calibration for snd_device(2) acdb_id(15)
08-06 16:00:27.344   512  2967 I soundtrigger: audio_extn_sound_trigger_update_device_status: device 0x2 of type 0 for Event 1
08-06 16:00:27.354   512  2967 D audio_hw_primary: enable_snd_device: snd_device(2: speaker)
08-06 16:00:27.356   512  2967 D audio_hw_primary: enable_audio_route: apply and update mixer path: low-latency-playback speaker
08-06 16:00:27.480 24290 24880 I art     : Starting a blocking GC Explicit
08-06 16:00:27.536 24290 24880 I art     : Explicit concurrent mark sweep GC freed 1845(104KB) AllocSpace objects, 1(20KB) LOS objects, 22% free, 53MB/69MB, paused 1.683ms total 55.568ms
08-06 16:00:27.552 24290 24880 I art     : Starting a blocking GC Explicit
08-06 16:00:27.599 24290 24880 I art     : Explicit concurrent mark sweep GC freed 35(1296B) AllocSpace objects, 0(0B) LOS objects, 22% free, 53MB/69MB, paused 1.997ms total 46.745ms
08-06 16:00:27.614 24290 24880 I art     : Starting a blocking GC Explicit
08-06 16:00:27.660 24290 24880 I art     : Explicit concurrent mark sweep GC freed 5(160B) AllocSpace objects, 0(0B) LOS objects, 22% free, 53MB/69MB, paused 1.345ms total 45.603ms
08-06 16:00:27.674 24290 24880 I art     : Starting a blocking GC Explicit
08-06 16:00:27.722 24290 24880 I art     : Explicit concurrent mark sweep GC freed 3(96B) AllocSpace objects, 0(0B) LOS objects, 22% free, 53MB/69MB, paused 1.410ms total 47.771ms
08-06 16:00:27.737 24290 24880 I art     : Starting a blocking GC Explicit
08-06 16:00:27.785 24290 24880 I art     : Explicit concurrent mark sweep GC freed 12(416B) AllocSpace objects, 0(0B) LOS objects, 22% free, 53MB/69MB, paused 1.395ms total 47.898ms
08-06 16:00:27.898   512  2967 D audio_hw_primary: disable_audio_route: reset and update mixer path: low-latency-playback speaker
08-06 16:00:27.900   512  2967 D audio_hw_primary: disable_snd_device: snd_device(2: speaker)
08-06 16:00:27.909   512  2967 I soundtrigger: audio_extn_sound_trigger_update_device_status: device 0x2 of type 0 for Event 0
08-06 16:00:28.138 24290 24302 I art     : Starting a blocking GC Explicit
08-06 16:00:28.206 24290 24302 I art     : Explicit concurrent mark sweep GC freed 2086(107KB) AllocSpace objects, 1(20KB) LOS objects, 22% free, 53MB/69MB, paused 1.447ms total 67.882ms
08-06 16:00:28.222 24290 24302 I art     : Starting a blocking GC Explicit
08-06 16:00:28.275 24290 24302 I art     : Explicit concurrent mark sweep GC freed 25(816B) AllocSpace objects, 0(0B) LOS objects, 22% free, 53MB/69MB, paused 1.464ms total 52.479ms
08-06 16:00:28.290 24290 24302 I art     : Starting a blocking GC Explicit
08-06 16:00:28.342 24290 24302 I art     : Explicit concurrent mark sweep GC freed 3(96B) AllocSpace objects, 0(0B) LOS objects, 22% free, 53MB/69MB, paused 1.464ms total 51.328ms
08-06 16:00:28.357 24290 24302 I art     : Starting a blocking GC Explicit
08-06 16:00:28.405   918  3188 I hubconnection: sensorhub said: 'set_bias 3: -5.7408, 0.0000, 0.0000'
08-06 16:00:28.412 24290 24302 I art     : Explicit concurrent mark sweep GC freed 3(96B) AllocSpace objects, 0(0B) LOS objects, 22% free, 53MB/69MB, paused 1.581ms total 55.108ms
08-06 16:00:28.431 24290 24302 I art     : Starting a blocking GC Explicit
08-06 16:00:28.483 24290 24302 I art     : Explicit concurrent mark sweep GC freed 32(880B) AllocSpace objects, 0(0B) LOS objects, 22% free, 53MB/69MB, paused 1.470ms total 52.269ms
08-06 16:00:28.832 24290 24880 I art     : Starting a blocking GC Explicit
08-06 16:00:28.889 24290 24880 I art     : Explicit concurrent mark sweep GC freed 2270(113KB) AllocSpace objects, 1(20KB) LOS objects, 22% free, 53MB/69MB, paused 1.615ms total 56.469ms
08-06 16:00:28.893 22397 22397 I ServiceManager: Waiting for service AtCmdFwd...
08-06 16:00:28.904 24290 24880 I art     : Starting a blocking GC Explicit
08-06 16:00:28.958 24290 24880 I art     : Explicit concurrent mark sweep GC freed 23(752B) AllocSpace objects, 0(0B) LOS objects, 22% free, 53MB/69MB, paused 1.554ms total 54.084ms
08-06 16:00:28.973 24290 24880 I art     : Starting a blocking GC Explicit
08-06 16:00:29.023 24290 24880 I art     : Explicit concurrent mark sweep GC freed 9(288B) AllocSpace objects, 0(0B) LOS objects, 22% free, 53MB/69MB, paused 1.410ms total 50.152ms
08-06 16:00:29.038 24290 24880 I art     : Starting a blocking GC Explicit
08-06 16:00:29.089 24290 24880 I art     : Explicit concurrent mark sweep GC freed 11(352B) AllocSpace objects, 0(0B) LOS objects, 22% free, 53MB/69MB, paused 1.648ms total 50.429ms
08-06 16:00:29.103 24290 24880 I art     : Starting a blocking GC Explicit
08-06 16:00:29.119 27099 27099 D AndroidRuntime: >>>>>> START com.android.internal.os.RuntimeInit uid 2000 <<<<<<
08-06 16:00:29.125 27099 27099 D AndroidRuntime: CheckJNI is OFF
08-06 16:00:29.153 24290 24880 I art     : Explicit concurrent mark sweep GC freed 11(352B) AllocSpace objects, 0(0B) LOS objects, 22% free, 53MB/69MB, paused 1.442ms total 49.384ms
08-06 16:00:29.172 27099 27099 D ICU     : No timezone override file found: /data/misc/zoneinfo/current/icu/icu_tzdata.dat
08-06 16:00:29.213 27099 27099 I Radio-JNI: register_android_hardware_Radio DONE
08-06 16:00:29.242 27099 27099 D AndroidRuntime: Calling main entry com.android.commands.input.Input
08-06 16:00:29.246 27099 27099 I Input   : injectMotionEvent: MotionEvent { action=ACTION_DOWN, actionButton=0, id[0]=0, x[0]=409.0, y[0]=1034.0, toolType[0]=TOOL_TYPE_UNKNOWN, buttonState=0, metaState=0, flags=0x0, edgeFlags=0x0, pointerCount=1, historySize=0, eventTime=892845659, downTime=892845659, deviceId=0, source=0x1002 }
08-06 16:00:29.251 27099 27099 I Input   : injectMotionEvent: MotionEvent { action=ACTION_UP, actionButton=0, id[0]=0, x[0]=409.0, y[0]=1034.0, toolType[0]=TOOL_TYPE_UNKNOWN, buttonState=0, metaState=0, flags=0x0, edgeFlags=0x0, pointerCount=1, historySize=0, eventTime=892845659, downTime=892845659, deviceId=0, source=0x1002 }
08-06 16:00:29.254 27099 27099 D AndroidRuntime: Shutting down VM
08-06 16:00:29.318 24290 24290 D MainActivity: loadFragment(index: 5, args: null)
08-06 16:00:29.319 24290 24290 D MainActivity: loadFragment(tag: AddFeedFragment, args: null)
08-06 16:00:29.319 24290 24290 D MainActivity: saveLastNavFragment(tag: AddFeedFragment)
08-06 16:00:29.319 24290 24290 D MainActivity: getLastNavFragment() -> AddFeedFragment
08-06 16:00:29.321   512  2967 D audio_hw_primary: out_set_parameters: enter: usecase(1: low-latency-playback) kvpairs: routing=2
08-06 16:00:29.334   512  2967 D audio_hw_primary: select_devices: out_snd_device(2: speaker) in_snd_device(0: none)
08-06 16:00:29.334   512  2967 D msm8974_platform: platform_send_audio_calibration: sending audio calibration for snd_device(2) acdb_id(15)
08-06 16:00:29.334   512  2967 I soundtrigger: audio_extn_sound_trigger_update_device_status: device 0x2 of type 0 for Event 1
08-06 16:00:29.348   512  2967 D audio_hw_primary: enable_snd_device: snd_device(2: speaker)
08-06 16:00:29.350   512  2967 D audio_hw_primary: enable_audio_route: apply and update mixer path: low-latency-playback speaker
08-06 16:00:29.363 13866 13866 I GoogleInputMethodServic: GoogleInputMethodService.onFinishInput():3138 
08-06 16:00:29.364 13866 13866 I GoogleInputMethodServic: GoogleInputMethodService.onStartInput():1808 
08-06 16:00:29.487 24290 24301 I art     : Starting a blocking GC Explicit
08-06 16:00:29.544 24290 24301 I art     : Explicit concurrent mark sweep GC freed 3844(201KB) AllocSpace objects, 2(40KB) LOS objects, 22% free, 53MB/69MB, paused 1.714ms total 55.596ms
08-06 16:00:29.559 24290 24301 I art     : Starting a blocking GC Explicit
08-06 16:00:29.600 24290 24301 I art     : Explicit concurrent mark sweep GC freed 31431(2MB) AllocSpace objects, 9(3MB) LOS objects, 24% free, 48MB/64MB, paused 1.295ms total 40.881ms
08-06 16:00:29.612 24290 24301 I art     : Starting a blocking GC Explicit
08-06 16:00:29.649 24290 24301 I art     : Explicit concurrent mark sweep GC freed 3(96B) AllocSpace objects, 0(0B) LOS objects, 24% free, 48MB/64MB, paused 1.577ms total 36.119ms
08-06 16:00:29.661 24290 24301 I art     : Starting a blocking GC Explicit
08-06 16:00:29.700 24290 24301 I art     : Explicit concurrent mark sweep GC freed 3(96B) AllocSpace objects, 0(0B) LOS objects, 24% free, 48MB/64MB, paused 1.555ms total 39.060ms
08-06 16:00:29.713 24290 24301 I art     : Starting a blocking GC Explicit
08-06 16:00:29.752 24290 24301 I art     : Explicit concurrent mark sweep GC freed 86(3040B) AllocSpace objects, 0(0B) LOS objects, 24% free, 48MB/64MB, paused 1.527ms total 38.317ms
08-06 16:00:29.763 13866 13866 I GoogleInputMethodServic: GoogleInputMethodService.onFinishInput():3138 
08-06 16:00:29.765 13866 13866 I GoogleInputMethodServic: GoogleInputMethodService.onStartInput():1808 
08-06 16:00:29.889   512  2967 D audio_hw_primary: disable_audio_route: reset and update mixer path: low-latency-playback speaker
08-06 16:00:29.891   512  2967 D audio_hw_primary: disable_snd_device: snd_device(2: speaker)
08-06 16:00:29.898 22397 22397 I ServiceManager: Waiting for service AtCmdFwd...
08-06 16:00:29.901   512  2967 I soundtrigger: audio_extn_sound_trigger_update_device_status: device 0x2 of type 0 for Event 0
08-06 16:00:30.110 24290 24420 I art     : Starting a blocking GC Explicit
08-06 16:00:30.153 24290 24420 I art     : Explicit concurrent mark sweep GC freed 1567(90KB) AllocSpace objects, 1(20KB) LOS objects, 24% free, 48MB/64MB, paused 1.357ms total 42.874ms
08-06 16:00:30.168 24290 24420 I art     : Starting a blocking GC Explicit
08-06 16:00:30.206 24290 24420 I art     : Explicit concurrent mark sweep GC freed 108(5KB) AllocSpace objects, 0(0B) LOS objects, 24% free, 48MB/64MB, paused 1.307ms total 37.765ms
08-06 16:00:30.218 24290 24420 I art     : Starting a blocking GC Explicit
08-06 16:00:30.260 24290 24420 I art     : Explicit concurrent mark sweep GC freed 5(160B) AllocSpace objects, 0(0B) LOS objects, 24% free, 48MB/64MB, paused 1.496ms total 41.433ms
08-06 16:00:30.272 24290 24420 I art     : Starting a blocking GC Explicit
08-06 16:00:30.312 24290 24420 I art     : Explicit concurrent mark sweep GC freed 3(96B) AllocSpace objects, 0(0B) LOS objects, 24% free, 48MB/64MB, paused 1.412ms total 39.863ms
08-06 16:00:30.325 24290 24420 I art     : Starting a blocking GC Explicit
08-06 16:00:30.367 24290 24420 I art     : Explicit concurrent mark sweep GC freed 3(96B) AllocSpace objects, 0(0B) LOS objects, 24% free, 48MB/64MB, paused 1.453ms total 41.434ms
08-06 16:00:30.702 24290 24880 I art     : Starting a blocking GC Explicit
08-06 16:00:30.749 24290 24880 I art     : Explicit concurrent mark sweep GC freed 1409(81KB) AllocSpace objects, 1(20KB) LOS objects, 24% free, 48MB/64MB, paused 1.535ms total 46.450ms
08-06 16:00:30.763 24290 24880 I art     : Starting a blocking GC Explicit
08-06 16:00:30.800 24290 24880 I art     : Explicit concurrent mark sweep GC freed 23(752B) AllocSpace objects, 0(0B) LOS objects, 24% free, 48MB/64MB, paused 1.396ms total 36.962ms
08-06 16:00:30.812 24290 24880 I art     : Starting a blocking GC Explicit
08-06 16:00:30.850 24290 24880 I art     : Explicit concurrent mark sweep GC freed 14(944B) AllocSpace objects, 0(0B) LOS objects, 24% free, 48MB/64MB, paused 1.424ms total 37.825ms
08-06 16:00:30.862 24290 24880 I art     : Starting a blocking GC Explicit
08-06 16:00:30.898 22397 22397 I ServiceManager: Waiting for service AtCmdFwd...
08-06 16:00:30.900 24290 24880 I art     : Explicit concurrent mark sweep GC freed 11(256B) AllocSpace objects, 0(0B) LOS objects, 24% free, 48MB/64MB, paused 1.404ms total 37.610ms
08-06 16:00:30.912 24290 24880 I art     : Starting a blocking GC Explicit
08-06 16:00:30.951 24290 24880 I art     : Explicit concurrent mark sweep GC freed 9(320B) AllocSpace objects, 0(0B) LOS objects, 24% free, 48MB/64MB, paused 1.387ms total 39.013ms
08-06 16:00:31.057 27144 27144 D AndroidRuntime: >>>>>> START com.android.internal.os.RuntimeInit uid 2000 <<<<<<
08-06 16:00:31.063 27144 27144 D AndroidRuntime: CheckJNI is OFF
08-06 16:00:31.103 27144 27144 D ICU     : No timezone override file found: /data/misc/zoneinfo/current/icu/icu_tzdata.dat
08-06 16:00:31.145 27144 27144 I Radio-JNI: register_android_hardware_Radio DONE
08-06 16:00:31.173 27144 27144 D AndroidRuntime: Calling main entry com.android.commands.input.Input
08-06 16:00:31.175 27144 27144 I Input   : injectMotionEvent: MotionEvent { action=ACTION_DOWN, actionButton=0, id[0]=0, x[0]=603.0, y[0]=1061.0, toolType[0]=TOOL_TYPE_UNKNOWN, buttonState=0, metaState=0, flags=0x0, edgeFlags=0x0, pointerCount=1, historySize=0, eventTime=892847588, downTime=892847588, deviceId=0, source=0x1002 }
08-06 16:00:31.180 27144 27144 I Input   : injectMotionEvent: MotionEvent { action=ACTION_UP, actionButton=0, id[0]=0, x[0]=603.0, y[0]=1061.0, toolType[0]=TOOL_TYPE_UNKNOWN, buttonState=0, metaState=0, flags=0x0, edgeFlags=0x0, pointerCount=1, historySize=0, eventTime=892847588, downTime=892847588, deviceId=0, source=0x1002 }
08-06 16:00:31.183 27144 27144 D AndroidRuntime: Shutting down VM
08-06 16:00:31.201   512  2967 D audio_hw_primary: out_set_parameters: enter: usecase(1: low-latency-playback) kvpairs: routing=2
08-06 16:00:31.214   512  2967 D audio_hw_primary: select_devices: out_snd_device(2: speaker) in_snd_device(0: none)
08-06 16:00:31.214   512  2967 D msm8974_platform: platform_send_audio_calibration: sending audio calibration for snd_device(2) acdb_id(15)
08-06 16:00:31.215   512  2967 I soundtrigger: audio_extn_sound_trigger_update_device_status: device 0x2 of type 0 for Event 1
08-06 16:00:31.224   512  2967 D audio_hw_primary: enable_snd_device: snd_device(2: speaker)
08-06 16:00:31.226   512  2967 D audio_hw_primary: enable_audio_route: apply and update mixer path: low-latency-playback speaker
08-06 16:00:31.282 13866 13866 I GoogleInputMethodServic: GoogleInputMethodService.onFinishInput():3138 
08-06 16:00:31.284 13866 13866 I GoogleInputMethodServic: GoogleInputMethodService.onStartInput():1808 
08-06 16:00:31.320 24290 24302 I art     : Starting a blocking GC Explicit
08-06 16:00:31.363 24290 24302 I art     : Explicit concurrent mark sweep GC freed 4674(330KB) AllocSpace objects, 1(20KB) LOS objects, 24% free, 49MB/65MB, paused 1.635ms total 42.685ms
08-06 16:00:31.376 24290 24302 I art     : Starting a blocking GC Explicit
08-06 16:00:31.416 24290 24302 I art     : Explicit concurrent mark sweep GC freed 1920(99KB) AllocSpace objects, 1(220KB) LOS objects, 24% free, 49MB/65MB, paused 1.724ms total 39.588ms
08-06 16:00:31.428 24290 24302 I art     : Starting a blocking GC Explicit
08-06 16:00:31.466 24290 24302 I art     : Explicit concurrent mark sweep GC freed 79(2784B) AllocSpace objects, 0(0B) LOS objects, 24% free, 49MB/65MB, paused 1.934ms total 37.952ms
08-06 16:00:31.467 24290 24300 I art     : WaitForGcToComplete blocked for 10.128ms for cause HeapTrim
08-06 16:00:31.478 24290 24302 I art     : Starting a blocking GC Explicit
08-06 16:00:31.517 24290 24302 I art     : Explicit concurrent mark sweep GC freed 36(1360B) AllocSpace objects, 0(0B) LOS objects, 24% free, 49MB/65MB, paused 1.695ms total 38.271ms
08-06 16:00:31.529 24290 24302 I art     : Starting a blocking GC Explicit
08-06 16:00:31.570 24290 24302 I art     : Explicit concurrent mark sweep GC freed 34(1264B) AllocSpace objects, 0(0B) LOS objects, 24% free, 49MB/65MB, paused 1.697ms total 40.255ms
08-06 16:00:31.675   518   646 I ThermalEngine: ACTION: GPU - Setting GPU[0] to 390000000
08-06 16:00:31.759   512  2967 D audio_hw_primary: disable_audio_route: reset and update mixer path: low-latency-playback speaker
08-06 16:00:31.760   512  2967 D audio_hw_primary: disable_snd_device: snd_device(2: speaker)
08-06 16:00:31.769   512  2967 I soundtrigger: audio_extn_sound_trigger_update_device_status: device 0x2 of type 0 for Event 0
08-06 16:00:31.899 22397 22397 I ServiceManager: Waiting for service AtCmdFwd...
08-06 16:00:31.942 24290 24302 I art     : Starting a blocking GC Explicit
08-06 16:00:31.995 24290 24302 I art     : Explicit concurrent mark sweep GC freed 1586(89KB) AllocSpace objects, 1(20KB) LOS objects, 24% free, 49MB/65MB, paused 2.424ms total 52.627ms
08-06 16:00:32.014 24290 24302 I art     : Starting a blocking GC Explicit
08-06 16:00:32.066 24290 24302 I art     : Explicit concurrent mark sweep GC freed 148(4KB) AllocSpace objects, 0(0B) LOS objects, 24% free, 49MB/65MB, paused 2.298ms total 51.861ms
08-06 16:00:32.085 24290 24302 I art     : Starting a blocking GC Explicit
08-06 16:00:32.143 24290 24302 I art     : Explicit concurrent mark sweep GC freed 3254(127KB) AllocSpace objects, 0(0B) LOS objects, 24% free, 49MB/65MB, paused 2.569ms total 57.222ms
08-06 16:00:32.151 24290 27179 I NAPPA_EXPERIMENTATION: MetricNetworkRequestExecutionTime: REQUEST_DURATION_SYSTEM='881',REQUEST_DURATION_OKHTTP='53',REQUEST_SYNCHRONOUS='TRUE',RESPONSE_CODE='200',RESPONSE_METHOD='GET',RESPONSE_LENGTH_OKHTTP='2923',RESPONSE_LENGTH_HEADER='2923',REQUEST_PROTOCOL='http/1.1',REQUEST_URL='https://gpodder.net/api/2/tags/50.json',
08-06 16:00:32.160 24290 27178 I NAPPA_EXPERIMENTATION: MetricNetworkRequestExecutionTime: REQUEST_DURATION_SYSTEM='893',REQUEST_DURATION_OKHTTP='54',REQUEST_SYNCHRONOUS='TRUE',RESPONSE_CODE='200',RESPONSE_METHOD='GET',RESPONSE_LENGTH_OKHTTP='37507',RESPONSE_LENGTH_HEADER='37507',REQUEST_PROTOCOL='http/1.1',REQUEST_URL='https://gpodder.net/toplist/50.json',
08-06 16:00:32.163 24290 24302 I art     : Starting a blocking GC Explicit
08-06 16:00:32.216 24290 24302 I art     : Explicit concurrent mark sweep GC freed 4460(330KB) AllocSpace objects, 2(152KB) LOS objects, 24% free, 49MB/65MB, paused 2.768ms total 50.933ms
08-06 16:00:32.234 24290 24302 I art     : Starting a blocking GC Explicit
08-06 16:00:32.241 24290 25256 D ApOkHttpUrlLoader: buildLoadData() called with: model = [http://sixgun.org/files/linuxoutlaws.jpg], width = [224], height = [224]
08-06 16:00:32.243 24290 25077 D DBReader: getImageAuthentication() called with: imageUrl = [http://sixgun.org/files/linuxoutlaws.jpg]
08-06 16:00:32.248 24290 25077 D ApOkHttpUrlLoader: no credentials for 'http://sixgun.org/files/linuxoutlaws.jpg'
08-06 16:00:32.256 24290 25256 D ApOkHttpUrlLoader: buildLoadData() called with: model = [https://files.thisamericanlife.org/sites/all/themes/thislife/img/tal-name-1400x1400.png], width = [224], height = [224]
08-06 16:00:32.259 24290 25086 D DBReader: getImageAuthentication() called with: imageUrl = [https://files.thisamericanlife.org/sites/all/themes/thislife/img/tal-name-1400x1400.png]
08-06 16:00:32.264 24290 25086 D ApOkHttpUrlLoader: no credentials for 'https://files.thisamericanlife.org/sites/all/themes/thislife/img/tal-name-1400x1400.png'
08-06 16:00:32.267 24290 25256 D ApOkHttpUrlLoader: buildLoadData() called with: model = [https://elroy.twit.tv/sites/default/files/styles/twit_album_art_2048x2048/public/images/shows/floss_weekly/album_art/audio/floss_albumart_mask.jpg?itok=IUjxKpwt], width = [224], height = [224]
08-06 16:00:32.271 24290 25088 D DBReader: getImageAuthentication() called with: imageUrl = [https://elroy.twit.tv/sites/default/files/styles/twit_album_art_2048x2048/public/images/shows/floss_weekly/album_art/audio/floss_albumart_mask.jpg?itok=IUjxKpwt]
08-06 16:00:32.276 24290 25088 D ApOkHttpUrlLoader: no credentials for 'https://elroy.twit.tv/sites/default/files/styles/twit_album_art_2048x2048/public/images/shows/floss_weekly/album_art/audio/floss_albumart_mask.jpg?itok=IUjxKpwt'
08-06 16:00:32.276 24290 25256 D ApOkHttpUrlLoader: buildLoadData() called with: model = [http://ichef.bbci.co.uk/images/ic/3000x3000/p07kfvzb.jpg], width = [224], height = [224]
08-06 16:00:32.280 24290 25080 D DBReader: getImageAuthentication() called with: imageUrl = [http://ichef.bbci.co.uk/images/ic/3000x3000/p07kfvzb.jpg]
08-06 16:00:32.284 24290 25080 D ApOkHttpUrlLoader: no credentials for 'http://ichef.bbci.co.uk/images/ic/3000x3000/p07kfvzb.jpg'
08-06 16:00:32.292 24290 25077 D DBWriter: updateFeedDownloadURL(original: http://sixgun.org/files/linuxoutlaws.jpg, updated: https://fab.industries/sixgun/files/linuxoutlaws.jpg)
08-06 16:00:32.294 24290 24302 I art     : Explicit concurrent mark sweep GC freed 1740(123KB) AllocSpace objects, 1(40KB) LOS objects, 24% free, 49MB/65MB, paused 4.368ms total 60.055ms
08-06 16:00:32.298 24290 25256 D ApOkHttpUrlLoader: buildLoadData() called with: model = [https://pl.tedcdn.com/rss_feed_images/ted_talks_main_podcast/video.png], width = [224], height = [224]
08-06 16:00:32.299 24290 25087 D DBReader: getImageAuthentication() called with: imageUrl = [https://pl.tedcdn.com/rss_feed_images/ted_talks_main_podcast/video.png]
08-06 16:00:32.303 24290 25087 D ApOkHttpUrlLoader: no credentials for 'https://pl.tedcdn.com/rss_feed_images/ted_talks_main_podcast/video.png'
08-06 16:00:32.306 24290 25256 D ApOkHttpUrlLoader: buildLoadData() called with: model = [https://elroy.twit.tv/sites/default/files/styles/twit_album_art_2048x2048/public/images/shows/this_week_in_tech/album_art/audio/twit1400audio.jpg?itok=J0vhatZb], width = [224], height = [224]
08-06 16:00:32.310 24290 25083 D DBReader: getImageAuthentication() called with: imageUrl = [https://elroy.twit.tv/sites/default/files/styles/twit_album_art_2048x2048/public/images/shows/this_week_in_tech/album_art/audio/twit1400audio.jpg?itok=J0vhatZb]
08-06 16:00:32.314 24290 25083 D ApOkHttpUrlLoader: no credentials for 'https://elroy.twit.tv/sites/default/files/styles/twit_album_art_2048x2048/public/images/shows/this_week_in_tech/album_art/audio/twit1400audio.jpg?itok=J0vhatZb'
08-06 16:00:32.314 24290 25256 D ApOkHttpUrlLoader: buildLoadData() called with: model = [http://ichef.bbci.co.uk/images/ic/3000x3000/p03gtk3j.jpg], width = [224], height = [224]
08-06 16:00:32.316 24290 25085 D DBReader: getImageAuthentication() called with: imageUrl = [http://ichef.bbci.co.uk/images/ic/3000x3000/p03gtk3j.jpg]
08-06 16:00:32.321 24290 25085 D ApOkHttpUrlLoader: no credentials for 'http://ichef.bbci.co.uk/images/ic/3000x3000/p03gtk3j.jpg'
08-06 16:00:32.352 24290 25080 D MYTAG   : interceptor 2a
08-06 16:00:32.353 24290 25080 I NAPPA_EXPERIMENTATION: MetricNetworkRequestExecutionTime: REQUEST_DURATION_SYSTEM='68',REQUEST_DURATION_OKHTTP='60',REQUEST_SYNCHRONOUS='TRUE',RESPONSE_CODE='200',RESPONSE_METHOD='GET',RESPONSE_LENGTH_OKHTTP='589826',RESPONSE_LENGTH_HEADER='589826',REQUEST_PROTOCOL='http/1.1',REQUEST_URL='http://ichef.bbci.co.uk/images/ic/3000x3000/p07kfvzb.jpg',
08-06 16:00:32.402 24290 25085 D MYTAG   : interceptor 2a
08-06 16:00:32.402 24290 25085 I NAPPA_EXPERIMENTATION: MetricNetworkRequestExecutionTime: REQUEST_DURATION_SYSTEM='81',REQUEST_DURATION_OKHTTP='77',REQUEST_SYNCHRONOUS='TRUE',RESPONSE_CODE='200',RESPONSE_METHOD='GET',RESPONSE_LENGTH_OKHTTP='814284',RESPONSE_LENGTH_HEADER='814284',REQUEST_PROTOCOL='http/1.1',REQUEST_URL='http://ichef.bbci.co.uk/images/ic/3000x3000/p03gtk3j.jpg',
08-06 16:00:32.571 24290 25086 D MYTAG   : interceptor 2a
08-06 16:00:32.572 24290 25086 I NAPPA_EXPERIMENTATION: MetricNetworkRequestExecutionTime: REQUEST_DURATION_SYSTEM='307',REQUEST_DURATION_OKHTTP='79',REQUEST_SYNCHRONOUS='TRUE',RESPONSE_CODE='200',RESPONSE_METHOD='GET',RESPONSE_LENGTH_OKHTTP='52553',RESPONSE_LENGTH_HEADER='52553',REQUEST_PROTOCOL='http/1.1',REQUEST_URL='https://files.thisamericanlife.org/sites/all/themes/thislife/img/tal-name-1400x1400.png',
08-06 16:00:32.640 24290 25088 D MYTAG   : interceptor 2a
08-06 16:00:32.641 24290 25088 I NAPPA_EXPERIMENTATION: MetricNetworkRequestExecutionTime: REQUEST_DURATION_SYSTEM='364',REQUEST_DURATION_OKHTTP='168',REQUEST_SYNCHRONOUS='TRUE',RESPONSE_CODE='200',RESPONSE_METHOD='GET',RESPONSE_LENGTH_OKHTTP='297964',RESPONSE_LENGTH_HEADER='297964',REQUEST_PROTOCOL='h2',REQUEST_URL='https://elroy.twit.tv/sites/default/files/styles/twit_album_art_2048x2048/public/images/shows/floss_weekly/album_art/audio/floss_albumart_mask.jpg?itok=IUjxKpwt',
08-06 16:00:32.706 24290 25087 D MYTAG   : interceptor 2a
08-06 16:00:32.706 24290 25087 I NAPPA_EXPERIMENTATION: MetricNetworkRequestExecutionTime: REQUEST_DURATION_SYSTEM='403',REQUEST_DURATION_OKHTTP='204',REQUEST_SYNCHRONOUS='TRUE',RESPONSE_CODE='200',RESPONSE_METHOD='GET',RESPONSE_LENGTH_OKHTTP='89986',RESPONSE_LENGTH_HEADER='89986',REQUEST_PROTOCOL='h2',REQUEST_URL='https://pl.tedcdn.com/rss_feed_images/ted_talks_main_podcast/video.png',
08-06 16:00:32.714 24290 24880 I art     : Starting a blocking GC Explicit
08-06 16:00:32.760 24290 25077 D MYTAG   : interceptor 2a
08-06 16:00:32.761 24290 25077 I NAPPA_EXPERIMENTATION: MetricNetworkRequestExecutionTime: REQUEST_DURATION_SYSTEM='512',REQUEST_DURATION_OKHTTP='164',REQUEST_SYNCHRONOUS='TRUE',RESPONSE_CODE='404',RESPONSE_METHOD='GET',RESPONSE_LENGTH_OKHTTP='-1',RESPONSE_LENGTH_HEADER='1503',REQUEST_PROTOCOL='h2',REQUEST_URL='https://fab.industries/sixgun/files/linuxoutlaws.jpg',
08-06 16:00:32.765 24290 24290 W Glide   : Load failed for http://sixgun.org/files/linuxoutlaws.jpg with size [224x224]
08-06 16:00:32.765 24290 24290 W Glide   : class com.bumptech.glide.load.engine.GlideException: Failed to load resource
08-06 16:00:32.765 24290 24290 W Glide   : There was 1 cause:
08-06 16:00:32.765 24290 24290 W Glide   : com.bumptech.glide.load.HttpException()
08-06 16:00:32.765 24290 24290 W Glide   :  call GlideException#logRootCauses(String) for more detail
08-06 16:00:32.765 24290 24290 W Glide   :   Cause (1 of 1): class com.bumptech.glide.load.engine.GlideException: Fetching data failed, class java.io.InputStream, REMOTE
08-06 16:00:32.765 24290 24290 W Glide   : There was 1 cause:
08-06 16:00:32.765 24290 24290 W Glide   : com.bumptech.glide.load.HttpException()
08-06 16:00:32.765 24290 24290 W Glide   :  call GlideException#logRootCauses(String) for more detail
08-06 16:00:32.765 24290 24290 W Glide   :     Cause (1 of 1): class com.bumptech.glide.load.HttpException: 
08-06 16:00:32.767 24290 24290 I Glide   : Root cause (1 of 1)
08-06 16:00:32.767 24290 24290 I Glide   : com.bumptech.glide.load.HttpException: 
08-06 16:00:32.767 24290 24290 I Glide   : 	at com.bumptech.glide.integration.okhttp3.OkHttpStreamFetcher.onResponse(OkHttpStreamFetcher.java:73)
08-06 16:00:32.767 24290 24290 I Glide   : 	at okhttp3.RealCall$AsyncCall.execute(RealCall.java:174)
08-06 16:00:32.767 24290 24290 I Glide   : 	at okhttp3.internal.NamedRunnable.run(NamedRunnable.java:32)
08-06 16:00:32.767 24290 24290 I Glide   : 	at java.util.concurrent.ThreadPoolExecutor.runWorker(ThreadPoolExecutor.java:1113)
08-06 16:00:32.767 24290 24290 I Glide   : 	at java.util.concurrent.ThreadPoolExecutor$Worker.run(ThreadPoolExecutor.java:588)
08-06 16:00:32.767 24290 24290 I Glide   : 	at java.lang.Thread.run(Thread.java:818)
08-06 16:00:32.776 24290 24290 W Glide   : Load failed for http://sixgun.org/files/linuxoutlaws.jpg with size [224x224]
08-06 16:00:32.776 24290 24290 W Glide   : class com.bumptech.glide.load.engine.GlideException: Failed to load resource
08-06 16:00:32.776 24290 24290 W Glide   : There was 1 cause:
08-06 16:00:32.776 24290 24290 W Glide   : com.bumptech.glide.load.HttpException()
08-06 16:00:32.776 24290 24290 W Glide   :  call GlideException#logRootCauses(String) for more detail
08-06 16:00:32.776 24290 24290 W Glide   :   Cause (1 of 1): class com.bumptech.glide.load.engine.GlideException: Fetching data failed, class java.io.InputStream, REMOTE
08-06 16:00:32.776 24290 24290 W Glide   : There was 1 cause:
08-06 16:00:32.776 24290 24290 W Glide   : com.bumptech.glide.load.HttpException()
08-06 16:00:32.776 24290 24290 W Glide   :  call GlideException#logRootCauses(String) for more detail
08-06 16:00:32.776 24290 24290 W Glide   :     Cause (1 of 1): class com.bumptech.glide.load.HttpException: 
08-06 16:00:32.777 24290 24290 I Glide   : Root cause (1 of 1)
08-06 16:00:32.777 24290 24290 I Glide   : com.bumptech.glide.load.HttpException: 
08-06 16:00:32.777 24290 24290 I Glide   : 	at com.bumptech.glide.integration.okhttp3.OkHttpStreamFetcher.onResponse(OkHttpStreamFetcher.java:73)
08-06 16:00:32.777 24290 24290 I Glide   : 	at okhttp3.RealCall$AsyncCall.execute(RealCall.java:174)
08-06 16:00:32.777 24290 24290 I Glide   : 	at okhttp3.internal.NamedRunnable.run(NamedRunnable.java:32)
08-06 16:00:32.777 24290 24290 I Glide   : 	at java.util.concurrent.ThreadPoolExecutor.runWorker(ThreadPoolExecutor.java:1113)
08-06 16:00:32.777 24290 24290 I Glide   : 	at java.util.concurrent.ThreadPoolExecutor$Worker.run(ThreadPoolExecutor.java:588)
08-06 16:00:32.777 24290 24290 I Glide   : 	at java.lang.Thread.run(Thread.java:818)
08-06 16:00:32.778 24290 25083 D MYTAG   : interceptor 2a
08-06 16:00:32.778 24290 25083 I NAPPA_EXPERIMENTATION: MetricNetworkRequestExecutionTime: REQUEST_DURATION_SYSTEM='464',REQUEST_DURATION_OKHTTP='271',REQUEST_SYNCHRONOUS='TRUE',RESPONSE_CODE='200',RESPONSE_METHOD='GET',RESPONSE_LENGTH_OKHTTP='465707',RESPONSE_LENGTH_HEADER='465707',REQUEST_PROTOCOL='h2',REQUEST_URL='https://elroy.twit.tv/sites/default/files/styles/twit_album_art_2048x2048/public/images/shows/this_week_in_tech/album_art/audio/twit1400audio.jpg?itok=J0vhatZb',
08-06 16:00:32.790 24290 24880 I art     : Explicit concurrent mark sweep GC freed 15481(922KB) AllocSpace objects, 1(20KB) LOS objects, 24% free, 50MB/66MB, paused 7.252ms total 75.434ms
08-06 16:00:32.817 24290 24880 I art     : Starting a blocking GC Explicit
08-06 16:00:32.873 24290 24880 I art     : Explicit concurrent mark sweep GC freed 1624(206KB) AllocSpace objects, 0(0B) LOS objects, 23% free, 50MB/66MB, paused 2.798ms total 55.681ms
08-06 16:00:32.891 24290 24880 I art     : Starting a blocking GC Explicit
08-06 16:00:32.899 22397 22397 I ServiceManager: Waiting for service AtCmdFwd...
08-06 16:00:32.921 24290 25256 D ApOkHttpUrlLoader: buildLoadData() called with: model = [http://sixgun.org/files/linuxoutlaws.jpg], width = [224], height = [224]
08-06 16:00:32.922 24290 25083 D DBReader: getImageAuthentication() called with: imageUrl = [http://sixgun.org/files/linuxoutlaws.jpg]
08-06 16:00:32.927 24290 25083 D ApOkHttpUrlLoader: no credentials for 'http://sixgun.org/files/linuxoutlaws.jpg'
08-06 16:00:32.945 24290 24880 I art     : Explicit concurrent mark sweep GC freed 562(41KB) AllocSpace objects, 0(0B) LOS objects, 23% free, 50MB/66MB, paused 2.917ms total 52.885ms
08-06 16:00:32.963 24290 24880 I art     : Starting a blocking GC Explicit
08-06 16:00:32.968 24290 25083 D DBWriter: updateFeedDownloadURL(original: http://sixgun.org/files/linuxoutlaws.jpg, updated: https://fab.industries/sixgun/files/linuxoutlaws.jpg)
08-06 16:00:33.019 24290 24880 I art     : Explicit concurrent mark sweep GC freed 530(33KB) AllocSpace objects, 0(0B) LOS objects, 23% free, 50MB/66MB, paused 3.572ms total 55.387ms
08-06 16:00:33.038 24290 24880 I art     : Starting a blocking GC Explicit
08-06 16:00:33.096 24290 24880 I art     : Explicit concurrent mark sweep GC freed 287(19KB) AllocSpace objects, 0(0B) LOS objects, 23% free, 50MB/66MB, paused 2.582ms total 56.962ms
08-06 16:00:33.104 24290 25083 D MYTAG   : interceptor 2a
08-06 16:00:33.104 24290 25083 I NAPPA_EXPERIMENTATION: MetricNetworkRequestExecutionTime: REQUEST_DURATION_SYSTEM='177',REQUEST_DURATION_OKHTTP='133',REQUEST_SYNCHRONOUS='TRUE',RESPONSE_CODE='404',RESPONSE_METHOD='GET',RESPONSE_LENGTH_OKHTTP='-1',RESPONSE_LENGTH_HEADER='1503',REQUEST_PROTOCOL='h2',REQUEST_URL='https://fab.industries/sixgun/files/linuxoutlaws.jpg',
08-06 16:00:33.118 24290 24290 W Glide   : Load failed for http://sixgun.org/files/linuxoutlaws.jpg with size [224x224]
08-06 16:00:33.118 24290 24290 W Glide   : class com.bumptech.glide.load.engine.GlideException: Failed to load resource
08-06 16:00:33.118 24290 24290 W Glide   : There was 1 cause:
08-06 16:00:33.118 24290 24290 W Glide   : com.bumptech.glide.load.HttpException()
08-06 16:00:33.118 24290 24290 W Glide   :  call GlideException#logRootCauses(String) for more detail
08-06 16:00:33.118 24290 24290 W Glide   :   Cause (1 of 1): class com.bumptech.glide.load.engine.GlideException: Fetching data failed, class java.io.InputStream, REMOTE
08-06 16:00:33.118 24290 24290 W Glide   : There was 1 cause:
08-06 16:00:33.118 24290 24290 W Glide   : com.bumptech.glide.load.HttpException()
08-06 16:00:33.118 24290 24290 W Glide   :  call GlideException#logRootCauses(String) for more detail
08-06 16:00:33.118 24290 24290 W Glide   :     Cause (1 of 1): class com.bumptech.glide.load.HttpException: 
08-06 16:00:33.118 24290 24290 I Glide   : Root cause (1 of 1)
08-06 16:00:33.118 24290 24290 I Glide   : com.bumptech.glide.load.HttpException: 
08-06 16:00:33.118 24290 24290 I Glide   : 	at com.bumptech.glide.integration.okhttp3.OkHttpStreamFetcher.onResponse(OkHttpStreamFetcher.java:73)
08-06 16:00:33.118 24290 24290 I Glide   : 	at okhttp3.RealCall$AsyncCall.execute(RealCall.java:174)
08-06 16:00:33.118 24290 24290 I Glide   : 	at okhttp3.internal.NamedRunnable.run(NamedRunnable.java:32)
08-06 16:00:33.118 24290 24290 I Glide   : 	at java.util.concurrent.ThreadPoolExecutor.runWorker(ThreadPoolExecutor.java:1113)
08-06 16:00:33.118 24290 24290 I Glide   : 	at java.util.concurrent.ThreadPoolExecutor$Worker.run(ThreadPoolExecutor.java:588)
08-06 16:00:33.118 24290 24290 I Glide   : 	at java.lang.Thread.run(Thread.java:818)
08-06 16:00:33.499 24290 24420 I art     : Starting a blocking GC Explicit
08-06 16:00:33.574 24290 24420 I art     : Explicit concurrent mark sweep GC freed 1863(141KB) AllocSpace objects, 1(20KB) LOS objects, 23% free, 50MB/66MB, paused 3.118ms total 74.694ms
08-06 16:00:33.597 24290 24420 I art     : Starting a blocking GC Explicit
08-06 16:00:33.658 24290 24420 I art     : Explicit concurrent mark sweep GC freed 51(1840B) AllocSpace objects, 0(0B) LOS objects, 23% free, 50MB/66MB, paused 3.046ms total 60.025ms
08-06 16:00:33.680 24290 24420 I art     : Starting a blocking GC Explicit
08-06 16:00:33.741 24290 24420 I art     : Explicit concurrent mark sweep GC freed 3(96B) AllocSpace objects, 0(0B) LOS objects, 23% free, 50MB/66MB, paused 2.897ms total 60.191ms
08-06 16:00:33.764 24290 24420 I art     : Starting a blocking GC Explicit
08-06 16:00:33.820 24290 24420 I art     : Explicit concurrent mark sweep GC freed 3(96B) AllocSpace objects, 0(0B) LOS objects, 23% free, 50MB/66MB, paused 2.403ms total 55.681ms
08-06 16:00:33.840 24290 24420 I art     : Starting a blocking GC Explicit
08-06 16:00:33.900 22397 22397 W Atfwd_Sendcmd: AtCmdFwd service not published, waiting... retryCnt : 1
08-06 16:00:33.902 24290 24420 I art     : Explicit concurrent mark sweep GC freed 14(448B) AllocSpace objects, 0(0B) LOS objects, 23% free, 50MB/66MB, paused 2.751ms total 61.798ms
08-06 16:00:34.323 24290 24420 I art     : Starting a blocking GC Explicit
08-06 16:00:34.392 24290 24420 I art     : Explicit concurrent mark sweep GC freed 1422(82KB) AllocSpace objects, 1(20KB) LOS objects, 23% free, 50MB/66MB, paused 2.944ms total 67.179ms
08-06 16:00:34.416 24290 24420 I art     : Starting a blocking GC Explicit
08-06 16:00:34.483 24290 24420 I art     : Explicit concurrent mark sweep GC freed 69(2112B) AllocSpace objects, 0(0B) LOS objects, 23% free, 50MB/66MB, paused 2.778ms total 66.834ms
08-06 16:00:34.504 24290 24420 I art     : Starting a blocking GC Explicit
08-06 16:00:34.560 24290 24420 I art     : Explicit concurrent mark sweep GC freed 3(96B) AllocSpace objects, 0(0B) LOS objects, 23% free, 50MB/66MB, paused 2.326ms total 55.749ms
08-06 16:00:34.580 24290 24420 I art     : Starting a blocking GC Explicit
08-06 16:00:34.635 24290 24420 I art     : Explicit concurrent mark sweep GC freed 3(96B) AllocSpace objects, 0(0B) LOS objects, 23% free, 50MB/66MB, paused 2.223ms total 55.166ms
08-06 16:00:34.655 24290 24420 I art     : Starting a blocking GC Explicit
08-06 16:00:34.711 24290 24420 I art     : Explicit concurrent mark sweep GC freed 3(96B) AllocSpace objects, 0(0B) LOS objects, 23% free, 50MB/66MB, paused 2.291ms total 55.338ms
08-06 16:00:35.149 24290 24880 I art     : Starting a blocking GC Explicit
08-06 16:00:35.217 24290 24880 I art     : Explicit concurrent mark sweep GC freed 1381(81KB) AllocSpace objects, 1(20KB) LOS objects, 23% free, 50MB/66MB, paused 2.571ms total 67.408ms
08-06 16:00:35.241 24290 24880 I art     : Starting a blocking GC Explicit
08-06 16:00:35.296 24290 24880 I art     : Explicit concurrent mark sweep GC freed 23(752B) AllocSpace objects, 0(0B) LOS objects, 23% free, 50MB/66MB, paused 2.227ms total 54.608ms
08-06 16:00:35.315 24290 24880 I art     : Starting a blocking GC Explicit
08-06 16:00:35.372 24290 24880 I art     : Explicit concurrent mark sweep GC freed 3(96B) AllocSpace objects, 0(0B) LOS objects, 23% free, 50MB/66MB, paused 2.560ms total 55.743ms
08-06 16:00:35.391 24290 24880 I art     : Starting a blocking GC Explicit
08-06 16:00:35.453 24290 24880 I art     : Explicit concurrent mark sweep GC freed 32(880B) AllocSpace objects, 0(0B) LOS objects, 23% free, 50MB/66MB, paused 2.712ms total 60.647ms
08-06 16:00:35.483 24290 24880 I art     : Starting a blocking GC Explicit
08-06 16:00:35.539 24290 24880 I art     : Explicit concurrent mark sweep GC freed 3(96B) AllocSpace objects, 0(0B) LOS objects, 23% free, 50MB/66MB, paused 2.381ms total 55.707ms
08-06 16:00:35.686   518   646 I ThermalEngine: ACTION: GPU - Setting GPU[0] to 450000000
08-06 16:00:35.920 24290 24880 I art     : Starting a blocking GC Explicit
08-06 16:00:35.975 24290 24880 I art     : Explicit concurrent mark sweep GC freed 1424(83KB) AllocSpace objects, 1(20KB) LOS objects, 23% free, 50MB/66MB, paused 1.727ms total 54.565ms
08-06 16:00:35.992 24290 24880 I art     : Starting a blocking GC Explicit
08-06 16:00:36.042 24290 24880 I art     : Explicit concurrent mark sweep GC freed 29(976B) AllocSpace objects, 0(0B) LOS objects, 23% free, 50MB/66MB, paused 1.639ms total 49.883ms
08-06 16:00:36.056 24290 24880 I art     : Starting a blocking GC Explicit
08-06 16:00:36.102 24290 24880 I art     : Explicit concurrent mark sweep GC freed 3(96B) AllocSpace objects, 0(0B) LOS objects, 23% free, 50MB/66MB, paused 1.629ms total 46.102ms
08-06 16:00:36.116 24290 24880 I art     : Starting a blocking GC Explicit
08-06 16:00:36.165 24290 24880 I art     : Explicit concurrent mark sweep GC freed 3(96B) AllocSpace objects, 0(0B) LOS objects, 23% free, 50MB/66MB, paused 1.697ms total 48.638ms
08-06 16:00:36.181 24290 24880 I art     : Starting a blocking GC Explicit
08-06 16:00:36.227 24290 24880 I art     : Explicit concurrent mark sweep GC freed 3(96B) AllocSpace objects, 0(0B) LOS objects, 23% free, 50MB/66MB, paused 1.604ms total 45.174ms
08-06 16:00:36.622 24290 24302 I art     : Starting a blocking GC Explicit
08-06 16:00:36.683 24290 24302 I art     : Explicit concurrent mark sweep GC freed 1410(81KB) AllocSpace objects, 1(20KB) LOS objects, 23% free, 50MB/66MB, paused 1.612ms total 59.928ms
08-06 16:00:36.699 24290 24302 I art     : Starting a blocking GC Explicit
08-06 16:00:36.747 24290 24302 I art     : Explicit concurrent mark sweep GC freed 23(752B) AllocSpace objects, 0(0B) LOS objects, 23% free, 50MB/66MB, paused 1.596ms total 48.181ms
08-06 16:00:36.761 24290 24302 I art     : Starting a blocking GC Explicit
08-06 16:00:36.807 24290 24302 I art     : Explicit concurrent mark sweep GC freed 3(96B) AllocSpace objects, 0(0B) LOS objects, 23% free, 50MB/66MB, paused 1.501ms total 45.352ms
08-06 16:00:36.820 24290 24302 I art     : Starting a blocking GC Explicit
08-06 16:00:36.863 24290 24302 I art     : Explicit concurrent mark sweep GC freed 3(96B) AllocSpace objects, 0(0B) LOS objects, 23% free, 50MB/66MB, paused 1.582ms total 42.390ms
08-06 16:00:36.876 24290 24302 I art     : Starting a blocking GC Explicit
08-06 16:00:36.923 24290 24302 I art     : Explicit concurrent mark sweep GC freed 3(96B) AllocSpace objects, 0(0B) LOS objects, 23% free, 50MB/66MB, paused 1.540ms total 46.186ms
08-06 16:00:37.309 24290 24420 I art     : Starting a blocking GC Explicit
08-06 16:00:37.362 24290 24420 I art     : Explicit concurrent mark sweep GC freed 1382(82KB) AllocSpace objects, 1(20KB) LOS objects, 23% free, 50MB/66MB, paused 1.702ms total 52.391ms
08-06 16:00:37.377 24290 24420 I art     : Starting a blocking GC Explicit
08-06 16:00:37.422 24290 24420 I art     : Explicit concurrent mark sweep GC freed 51(1504B) AllocSpace objects, 0(0B) LOS objects, 23% free, 50MB/66MB, paused 1.500ms total 44.606ms
08-06 16:00:37.435 24290 24420 I art     : Starting a blocking GC Explicit
08-06 16:00:37.477 24290 24420 I art     : Explicit concurrent mark sweep GC freed 4(128B) AllocSpace objects, 0(0B) LOS objects, 23% free, 50MB/66MB, paused 1.548ms total 41.575ms
08-06 16:00:37.490 24290 24420 I art     : Starting a blocking GC Explicit
08-06 16:00:37.531 24290 24420 I art     : Explicit concurrent mark sweep GC freed 3(96B) AllocSpace objects, 0(0B) LOS objects, 23% free, 50MB/66MB, paused 1.643ms total 41.281ms
08-06 16:00:37.544 24290 24420 I art     : Starting a blocking GC Explicit
08-06 16:00:37.587 24290 24420 I art     : Explicit concurrent mark sweep GC freed 3(96B) AllocSpace objects, 0(0B) LOS objects, 23% free, 50MB/66MB, paused 1.702ms total 43.150ms
08-06 16:00:37.960 24290 24301 I art     : Starting a blocking GC Explicit
08-06 16:00:37.998 27270 27270 D AndroidRuntime: >>>>>> START com.android.internal.os.RuntimeInit uid 2000 <<<<<<
08-06 16:00:38.006 27270 27270 D AndroidRuntime: CheckJNI is OFF
08-06 16:00:38.014 24290 24301 I art     : Explicit concurrent mark sweep GC freed 1384(81KB) AllocSpace objects, 1(20KB) LOS objects, 23% free, 50MB/66MB, paused 1.654ms total 53.478ms
08-06 16:00:38.027 24290 24301 I art     : Starting a blocking GC Explicit
08-06 16:00:38.053 27270 27270 D ICU     : No timezone override file found: /data/misc/zoneinfo/current/icu/icu_tzdata.dat
08-06 16:00:38.071 24290 24301 I art     : Explicit concurrent mark sweep GC freed 23(752B) AllocSpace objects, 0(0B) LOS objects, 23% free, 50MB/66MB, paused 1.629ms total 44.005ms
08-06 16:00:38.084 24290 24301 I art     : Starting a blocking GC Explicit
08-06 16:00:38.099 27270 27270 I Radio-JNI: register_android_hardware_Radio DONE
08-06 16:00:38.128 24290 24301 I art     : Explicit concurrent mark sweep GC freed 3(96B) AllocSpace objects, 0(0B) LOS objects, 23% free, 50MB/66MB, paused 1.686ms total 44.178ms
08-06 16:00:38.129 27270 27270 D AndroidRuntime: Calling main entry com.android.commands.input.Input
08-06 16:00:38.132 27270 27270 I Input   : injectMotionEvent: MotionEvent { action=ACTION_DOWN, actionButton=0, id[0]=0, x[0]=526.0, y[0]=597.0, toolType[0]=TOOL_TYPE_UNKNOWN, buttonState=0, metaState=0, flags=0x0, edgeFlags=0x0, pointerCount=1, historySize=0, eventTime=892854544, downTime=892854544, deviceId=0, source=0x1002 }
08-06 16:00:38.138 27270 27270 I Input   : injectMotionEvent: MotionEvent { action=ACTION_UP, actionButton=0, id[0]=0, x[0]=526.0, y[0]=597.0, toolType[0]=TOOL_TYPE_UNKNOWN, buttonState=0, metaState=0, flags=0x0, edgeFlags=0x0, pointerCount=1, historySize=0, eventTime=892854544, downTime=892854544, deviceId=0, source=0x1002 }
08-06 16:00:38.141 24290 24301 I art     : Starting a blocking GC Explicit
08-06 16:00:38.141 27270 27270 D AndroidRuntime: Shutting down VM
08-06 16:00:38.183 24290 24301 I art     : Explicit concurrent mark sweep GC freed 22(736B) AllocSpace objects, 0(0B) LOS objects, 23% free, 50MB/66MB, paused 1.522ms total 41.879ms
08-06 16:00:38.196 24290 24301 I art     : Starting a blocking GC Explicit
08-06 16:00:38.206 24290 24290 D PodcastListFragment: Selected podcast: GpodnetPodcast [url=http://feeds.feedburner.com/linuxoutlaws, title=Linux Outlaws, description=Two pragmatic geeks talk about the latest news concerning Linux, free and open
08-06 16:00:38.206 24290 24290 D PodcastListFragment: technology or anything else they deem noteworthy which may include such absurd
08-06 16:00:38.206 24290 24290 D PodcastListFragment: things as hockey or bands you never heard of. This means there's many a joke
08-06 16:00:38.206 24290 24290 D PodcastListFragment: and derailed conversation along the way, so don't come here expecting only
08-06 16:00:38.206 24290 24290 D PodcastListFragment: Linux or software freedom talk  just sit back and relax, partner., subscribers=3321, logoUrl=http://sixgun.org/files/linuxoutlaws.jpg, website=http://sixgun.org, mygpoLink=http://gpodder.net/podcast/linux-outlaws-mp3]
08-06 16:00:38.207   918  4413 I ActivityManager: START u0 {cmp=baseline.de.danoeh.antennapod.debug/baseline.de.danoeh.antennapod.activity.OnlineFeedViewActivity (has extras)} from uid 10711 on display 0
08-06 16:00:38.208   512  2967 D audio_hw_primary: out_set_parameters: enter: usecase(1: low-latency-playback) kvpairs: routing=2
08-06 16:00:38.221   512  2967 D audio_hw_primary: select_devices: out_snd_device(2: speaker) in_snd_device(0: none)
08-06 16:00:38.222   512  2967 D msm8974_platform: platform_send_audio_calibration: sending audio calibration for snd_device(2) acdb_id(15)
08-06 16:00:38.222   512  2967 I soundtrigger: audio_extn_sound_trigger_update_device_status: device 0x2 of type 0 for Event 1
08-06 16:00:38.235   512  2967 D audio_hw_primary: enable_snd_device: snd_device(2: speaker)
08-06 16:00:38.238   512  2967 D audio_hw_primary: enable_audio_route: apply and update mixer path: low-latency-playback speaker
08-06 16:00:38.240 24290 24301 I art     : Explicit concurrent mark sweep GC freed 468(46KB) AllocSpace objects, 1(20KB) LOS objects, 23% free, 50MB/66MB, paused 1.847ms total 43.477ms
08-06 16:00:38.253 24290 24290 D UserPreferences: Using default data folder
08-06 16:00:38.256 24290 24290 D OnlineFeedViewActivity: Activity was started with url http://feeds.feedburner.com/linuxoutlaws
08-06 16:00:38.259 24290 24290 D OnlineFeedViewActivity: Starting feed download
08-06 16:00:38.262 24290 24879 D DBReader: Extracting Feedlist
08-06 16:00:38.264   918  5132 D WifiService: acquireWifiLockLocked: WifiLock{Downloader type=1 binder=android.os.BinderProxy@54f96b2}
08-06 16:00:38.265 24290 24879 D AntennapodHttpClient: Creating new instance of HTTP client
08-06 16:00:38.316 13866 13866 I GoogleInputMethodServic: GoogleInputMethodService.onFinishInput():3138 
08-06 16:00:38.317 13866 13866 I GoogleInputMethodServic: GoogleInputMethodService.onStartInput():1808 
08-06 16:00:38.337   918   936 I ActivityManager: Displayed baseline.de.danoeh.antennapod.debug/baseline.de.danoeh.antennapod.activity.OnlineFeedViewActivity: +113ms
08-06 16:00:38.362 24290 24879 D MYTAG   : interceptor 3a http://feeds.feedburner.com/linuxoutlaws
08-06 16:00:38.362 24290 24879 I NAPPA_EXPERIMENTATION: MetricNetworkRequestExecutionTime: REQUEST_DURATION_SYSTEM='96',REQUEST_DURATION_OKHTTP='35',REQUEST_SYNCHRONOUS='TRUE',RESPONSE_CODE='200',RESPONSE_METHOD='GET',RESPONSE_LENGTH_OKHTTP='-1',RESPONSE_LENGTH_HEADER='-2',REQUEST_PROTOCOL='http/1.1',REQUEST_URL='http://feeds.feedburner.com/linuxoutlaws',
08-06 16:00:38.363 24290 24879 D HttpDownloader: Response code is 200
08-06 16:00:38.363 24290 24879 D UserPreferences: Using default data folder
08-06 16:00:38.367 24290 24879 D HttpDownloader: Getting size of download
08-06 16:00:38.368 24290 24879 D HttpDownloader: Size is -1
08-06 16:00:38.368 24290 24879 D UserPreferences: Using default data folder
08-06 16:00:38.369 24290 24879 D HttpDownloader: Free space is 20245831680
08-06 16:00:38.369 24290 24879 D HttpDownloader: Starting download
08-06 16:00:38.379 24290 24311 D OpenGLRenderer: endAllStagingAnimators on 0x7f7c79d400 (GridView) with handle 0x7f75b66240
08-06 16:00:38.390 24290 24879 D HttpDownloader: Download was successful
08-06 16:00:38.391   918   928 D WifiService: releaseWifiLockLocked: WifiLock{Downloader type=1 binder=android.os.BinderProxy@54f96b2}
08-06 16:00:38.391 24290 24290 D OnlineFeedViewActivity: Parsing feed
08-06 16:00:38.394 24290 27297 D TypeGetter: Recognized type RSS 2.0
08-06 16:00:38.396 24290 27297 D SyndHandler: Recognized Content namespace
08-06 16:00:38.397 24290 27297 D SyndHandler: Recognized DublinCore namespace
08-06 16:00:38.397 24290 27297 D SyndHandler: Recognized Atom namespace
08-06 16:00:38.397 24290 27297 D SyndHandler: Recognized ITunes namespace
08-06 16:00:38.397 24290 27297 D SyndHandler: Recognized media namespace
08-06 16:00:38.439 24290 27297 D OnlineFeedViewActivity: Deleted feed source file. Result: true
08-06 16:00:38.439 24290 24290 D OnlineFeedViewActivity: Removing HTML from shownotes
08-06 16:00:38.458 24290 25256 D ApOkHttpUrlLoader: buildLoadData() called with: model = [http://sixgun.org/files/linuxoutlaws.jpg], width = [350], height = [350]
08-06 16:00:38.460 24290 25083 D DBReader: getImageAuthentication() called with: imageUrl = [http://sixgun.org/files/linuxoutlaws.jpg]
08-06 16:00:38.463 24290 25083 D ApOkHttpUrlLoader: no credentials for 'http://sixgun.org/files/linuxoutlaws.jpg'
08-06 16:00:38.499 24290 25083 D DBWriter: updateFeedDownloadURL(original: http://sixgun.org/files/linuxoutlaws.jpg, updated: https://fab.industries/sixgun/files/linuxoutlaws.jpg)
08-06 16:00:38.573 24290 24420 I art     : Starting a blocking GC Explicit
08-06 16:00:38.587   380   380 W SurfaceFlinger: couldn't log to binary event log: overflow.
08-06 16:00:38.623 24290 24420 I art     : Explicit concurrent mark sweep GC freed 14832(1259KB) AllocSpace objects, 15(828KB) LOS objects, 23% free, 51MB/67MB, paused 1.633ms total 48.820ms
08-06 16:00:38.635 24290 24420 I art     : Starting a blocking GC Explicit
08-06 16:00:38.639 24290 25083 D MYTAG   : interceptor 2a
08-06 16:00:38.639 24290 25083 I NAPPA_EXPERIMENTATION: MetricNetworkRequestExecutionTime: REQUEST_DURATION_SYSTEM='176',REQUEST_DURATION_OKHTTP='137',REQUEST_SYNCHRONOUS='TRUE',RESPONSE_CODE='404',RESPONSE_METHOD='GET',RESPONSE_LENGTH_OKHTTP='-1',RESPONSE_LENGTH_HEADER='1503',REQUEST_PROTOCOL='h2',REQUEST_URL='https://fab.industries/sixgun/files/linuxoutlaws.jpg',
08-06 16:00:38.640 24290 24290 W Glide   : Load failed for http://sixgun.org/files/linuxoutlaws.jpg with size [350x350]
08-06 16:00:38.640 24290 24290 W Glide   : class com.bumptech.glide.load.engine.GlideException: Failed to load resource
08-06 16:00:38.640 24290 24290 W Glide   : There was 1 cause:
08-06 16:00:38.640 24290 24290 W Glide   : com.bumptech.glide.load.HttpException()
08-06 16:00:38.640 24290 24290 W Glide   :  call GlideException#logRootCauses(String) for more detail
08-06 16:00:38.640 24290 24290 W Glide   :   Cause (1 of 1): class com.bumptech.glide.load.engine.GlideException: Fetching data failed, class java.io.InputStream, REMOTE
08-06 16:00:38.640 24290 24290 W Glide   : There was 1 cause:
08-06 16:00:38.640 24290 24290 W Glide   : com.bumptech.glide.load.HttpException()
08-06 16:00:38.640 24290 24290 W Glide   :  call GlideException#logRootCauses(String) for more detail
08-06 16:00:38.640 24290 24290 W Glide   :     Cause (1 of 1): class com.bumptech.glide.load.HttpException: 
08-06 16:00:38.641 24290 24290 I Glide   : Root cause (1 of 1)
08-06 16:00:38.641 24290 24290 I Glide   : com.bumptech.glide.load.HttpException: 
08-06 16:00:38.641 24290 24290 I Glide   : 	at com.bumptech.glide.integration.okhttp3.OkHttpStreamFetcher.onResponse(OkHttpStreamFetcher.java:73)
08-06 16:00:38.641 24290 24290 I Glide   : 	at okhttp3.RealCall$AsyncCall.execute(RealCall.java:174)
08-06 16:00:38.641 24290 24290 I Glide   : 	at okhttp3.internal.NamedRunnable.run(NamedRunnable.java:32)
08-06 16:00:38.641 24290 24290 I Glide   : 	at java.util.concurrent.ThreadPoolExecutor.runWorker(ThreadPoolExecutor.java:1113)
08-06 16:00:38.641 24290 24290 I Glide   : 	at java.util.concurrent.ThreadPoolExecutor$Worker.run(ThreadPoolExecutor.java:588)
08-06 16:00:38.641 24290 24290 I Glide   : 	at java.lang.Thread.run(Thread.java:818)
08-06 16:00:38.674 24290 24420 I art     : Explicit concurrent mark sweep GC freed 1774(108KB) AllocSpace objects, 0(0B) LOS objects, 23% free, 51MB/67MB, paused 1.422ms total 38.991ms
08-06 16:00:38.686 24290 24420 I art     : Starting a blocking GC Explicit
08-06 16:00:38.728 24290 24420 I art     : Explicit concurrent mark sweep GC freed 160(6KB) AllocSpace objects, 0(0B) LOS objects, 23% free, 51MB/67MB, paused 1.884ms total 42.273ms
08-06 16:00:38.732 24290 24290 D PlaybackController: Releasing PlaybackController
08-06 16:00:38.741 24290 24420 I art     : Starting a blocking GC Explicit
08-06 16:00:38.783 24290 24420 I art     : Explicit concurrent mark sweep GC freed 288(15KB) AllocSpace objects, 1(112KB) LOS objects, 23% free, 51MB/67MB, paused 1.525ms total 41.436ms
08-06 16:00:38.788   512  2967 D audio_hw_primary: disable_audio_route: reset and update mixer path: low-latency-playback speaker
08-06 16:00:38.790   512  2967 D audio_hw_primary: disable_snd_device: snd_device(2: speaker)
08-06 16:00:38.795 24290 24420 I art     : Starting a blocking GC Explicit
08-06 16:00:38.799   512  2967 I soundtrigger: audio_extn_sound_trigger_update_device_status: device 0x2 of type 0 for Event 0
08-06 16:00:38.838 24290 24420 I art     : Explicit concurrent mark sweep GC freed 27(896B) AllocSpace objects, 0(0B) LOS objects, 23% free, 51MB/67MB, paused 1.621ms total 42.837ms
08-06 16:00:38.900 22397 22397 I ServiceManager: Waiting for service AtCmdFwd...
08-06 16:00:39.197 24290 24302 I art     : Starting a blocking GC Explicit
08-06 16:00:39.247 24290 24302 I art     : Explicit concurrent mark sweep GC freed 1381(81KB) AllocSpace objects, 1(20KB) LOS objects, 23% free, 51MB/67MB, paused 1.766ms total 49.413ms
08-06 16:00:39.260 24290 24302 I art     : Starting a blocking GC Explicit
08-06 16:00:39.308 24290 24302 I art     : Explicit concurrent mark sweep GC freed 23(752B) AllocSpace objects, 0(0B) LOS objects, 23% free, 51MB/67MB, paused 1.690ms total 47.228ms
08-06 16:00:39.321 24290 24302 I art     : Starting a blocking GC Explicit
08-06 16:00:39.367 24290 24302 I art     : Explicit concurrent mark sweep GC freed 3(96B) AllocSpace objects, 0(0B) LOS objects, 23% free, 51MB/67MB, paused 1.600ms total 45.679ms
08-06 16:00:39.380 24290 24302 I art     : Starting a blocking GC Explicit
08-06 16:00:39.427 24290 24302 I art     : Explicit concurrent mark sweep GC freed 32(880B) AllocSpace objects, 0(0B) LOS objects, 23% free, 51MB/67MB, paused 1.689ms total 46.568ms
08-06 16:00:39.441 24290 24302 I art     : Starting a blocking GC Explicit
08-06 16:00:39.487 24290 24302 I art     : Explicit concurrent mark sweep GC freed 3(96B) AllocSpace objects, 0(0B) LOS objects, 23% free, 51MB/67MB, paused 1.594ms total 45.929ms
08-06 16:00:39.854 24290 24301 I art     : Starting a blocking GC Explicit
08-06 16:00:39.901 22397 22397 I ServiceManager: Waiting for service AtCmdFwd...
08-06 16:00:39.914 24290 24301 I art     : Explicit concurrent mark sweep GC freed 1381(81KB) AllocSpace objects, 1(20KB) LOS objects, 23% free, 51MB/67MB, paused 1.709ms total 60.150ms
08-06 16:00:39.931 24290 24301 I art     : Starting a blocking GC Explicit
08-06 16:00:39.982 24290 24301 I art     : Explicit concurrent mark sweep GC freed 23(752B) AllocSpace objects, 0(0B) LOS objects, 23% free, 51MB/67MB, paused 1.656ms total 49.999ms
08-06 16:00:39.995 24290 24301 I art     : Starting a blocking GC Explicit
08-06 16:00:40.001  3784  3784 D CallStatisticsService: Post delayed to sync data packages to nv.
08-06 16:00:40.001  3784  3784 D CallStatisticsService: handleMessage PHONE_DATA.
08-06 16:00:40.002  3784  3784 D CallStatisticsService: txTotal(Kb) = 0
08-06 16:00:40.002  3784  3784 D CallStatisticsService: rxTotal(Kb) = 0
08-06 16:00:40.002  3784  3784 E CallStatisticsService: TX And RX Data packages are totally 0, no need to update.
08-06 16:00:40.046 24290 24301 I art     : Explicit concurrent mark sweep GC freed 3(96B) AllocSpace objects, 0(0B) LOS objects, 23% free, 51MB/67MB, paused 1.668ms total 50.094ms
08-06 16:00:40.060 24290 24301 I art     : Starting a blocking GC Explicit
08-06 16:00:40.108 24290 24301 I art     : Explicit concurrent mark sweep GC freed 8(256B) AllocSpace objects, 0(0B) LOS objects, 23% free, 51MB/67MB, paused 1.844ms total 48.177ms
08-06 16:00:40.121 24290 24301 I art     : Starting a blocking GC Explicit
08-06 16:00:40.165 24290 24301 I art     : Explicit concurrent mark sweep GC freed 11(352B) AllocSpace objects, 0(0B) LOS objects, 23% free, 51MB/67MB, paused 1.470ms total 44.060ms
08-06 16:00:40.550 24290 24302 I art     : Starting a blocking GC Explicit
08-06 16:00:40.613 24290 24302 I art     : Explicit concurrent mark sweep GC freed 1427(82KB) AllocSpace objects, 1(20KB) LOS objects, 23% free, 51MB/67MB, paused 2.167ms total 62.189ms
08-06 16:00:40.630 24290 24302 I art     : Starting a blocking GC Explicit
08-06 16:00:40.683 24290 24302 I art     : Explicit concurrent mark sweep GC freed 23(752B) AllocSpace objects, 0(0B) LOS objects, 23% free, 51MB/67MB, paused 1.699ms total 52.426ms
08-06 16:00:40.697 24290 24302 I art     : Starting a blocking GC Explicit
08-06 16:00:40.748 24290 24302 I art     : Explicit concurrent mark sweep GC freed 3(96B) AllocSpace objects, 0(0B) LOS objects, 23% free, 51MB/67MB, paused 1.752ms total 51.101ms
08-06 16:00:40.765 24290 24302 I art     : Starting a blocking GC Explicit
08-06 16:00:40.815 24290 24302 I art     : Explicit concurrent mark sweep GC freed 3(96B) AllocSpace objects, 0(0B) LOS objects, 23% free, 51MB/67MB, paused 1.711ms total 49.946ms
08-06 16:00:40.829 24290 24302 I art     : Starting a blocking GC Explicit
08-06 16:00:40.879 24290 24302 I art     : Explicit concurrent mark sweep GC freed 3(96B) AllocSpace objects, 0(0B) LOS objects, 23% free, 51MB/67MB, paused 1.854ms total 49.979ms
08-06 16:00:40.902 22397 22397 I ServiceManager: Waiting for service AtCmdFwd...
08-06 16:00:41.242 24290 24301 I art     : Starting a blocking GC Explicit
08-06 16:00:41.299 24290 24301 I art     : Explicit concurrent mark sweep GC freed 1381(81KB) AllocSpace objects, 1(20KB) LOS objects, 23% free, 51MB/67MB, paused 1.807ms total 56.666ms
08-06 16:00:41.317 24290 24301 I art     : Starting a blocking GC Explicit
08-06 16:00:41.368 24290 24301 I art     : Explicit concurrent mark sweep GC freed 37(1200B) AllocSpace objects, 0(0B) LOS objects, 23% free, 51MB/67MB, paused 1.777ms total 50.681ms
08-06 16:00:41.382 24290 24301 I art     : Starting a blocking GC Explicit
08-06 16:00:41.431 24290 24301 I art     : Explicit concurrent mark sweep GC freed 32(880B) AllocSpace objects, 0(0B) LOS objects, 23% free, 51MB/67MB, paused 1.688ms total 49.114ms
08-06 16:00:41.445 24290 24301 I art     : Starting a blocking GC Explicit
08-06 16:00:41.494 24290 24301 I art     : Explicit concurrent mark sweep GC freed 3(96B) AllocSpace objects, 0(0B) LOS objects, 23% free, 51MB/67MB, paused 1.638ms total 49.232ms
08-06 16:00:41.509 24290 24301 I art     : Starting a blocking GC Explicit
08-06 16:00:41.559 24290 24301 I art     : Explicit concurrent mark sweep GC freed 3(96B) AllocSpace objects, 0(0B) LOS objects, 23% free, 51MB/67MB, paused 1.730ms total 50.281ms
08-06 16:00:41.744   918  3188 I hubconnection: sensorhub said: 'set_bias 3: -6.2400, 0.0000, 0.0000'
08-06 16:00:41.903 22397 22397 I ServiceManager: Waiting for service AtCmdFwd...
08-06 16:00:41.955 24290 24302 I art     : Starting a blocking GC Explicit
08-06 16:00:42.020 24290 24302 I art     : Explicit concurrent mark sweep GC freed 1381(81KB) AllocSpace objects, 1(20KB) LOS objects, 23% free, 51MB/67MB, paused 2.242ms total 64.178ms
08-06 16:00:42.035 24290 24302 I art     : Starting a blocking GC Explicit
08-06 16:00:42.085 24290 24302 I art     : Explicit concurrent mark sweep GC freed 23(752B) AllocSpace objects, 0(0B) LOS objects, 23% free, 51MB/67MB, paused 1.702ms total 49.523ms
08-06 16:00:42.099 24290 24302 I art     : Starting a blocking GC Explicit
08-06 16:00:42.149 24290 24302 I art     : Explicit concurrent mark sweep GC freed 3(96B) AllocSpace objects, 0(0B) LOS objects, 23% free, 51MB/67MB, paused 1.805ms total 49.773ms
08-06 16:00:42.163 24290 24302 I art     : Starting a blocking GC Explicit
08-06 16:00:42.212 24290 24302 I art     : Explicit concurrent mark sweep GC freed 3(96B) AllocSpace objects, 0(0B) LOS objects, 23% free, 51MB/67MB, paused 1.684ms total 48.815ms
08-06 16:00:42.226 24290 24302 I art     : Starting a blocking GC Explicit
08-06 16:00:42.276 24290 24302 I art     : Explicit concurrent mark sweep GC freed 3(96B) AllocSpace objects, 0(0B) LOS objects, 23% free, 51MB/67MB, paused 1.689ms total 50.465ms
08-06 16:00:42.628 24290 24420 I art     : Starting a blocking GC Explicit
08-06 16:00:42.680 24290 24420 I art     : Explicit concurrent mark sweep GC freed 1412(84KB) AllocSpace objects, 1(20KB) LOS objects, 23% free, 50MB/66MB, paused 1.559ms total 51.690ms
08-06 16:00:42.693 24290 24420 I art     : Starting a blocking GC Explicit
08-06 16:00:42.736 24290 24420 I art     : Explicit concurrent mark sweep GC freed 23(752B) AllocSpace objects, 0(0B) LOS objects, 23% free, 50MB/66MB, paused 1.567ms total 42.524ms
08-06 16:00:42.749 24290 24420 I art     : Starting a blocking GC Explicit
08-06 16:00:42.795 24290 24420 I art     : Explicit concurrent mark sweep GC freed 3(96B) AllocSpace objects, 0(0B) LOS objects, 23% free, 50MB/66MB, paused 1.638ms total 45.962ms
08-06 16:00:42.809 24290 24420 I art     : Starting a blocking GC Explicit
08-06 16:00:42.856 24290 24420 I art     : Explicit concurrent mark sweep GC freed 3(96B) AllocSpace objects, 0(0B) LOS objects, 23% free, 50MB/66MB, paused 1.650ms total 47.120ms
08-06 16:00:42.870 24290 24420 I art     : Starting a blocking GC Explicit
08-06 16:00:42.904 22397 22397 I ServiceManager: Waiting for service AtCmdFwd...
08-06 16:00:42.917 24290 24420 I art     : Explicit concurrent mark sweep GC freed 3(96B) AllocSpace objects, 0(0B) LOS objects, 23% free, 50MB/66MB, paused 1.629ms total 46.536ms
08-06 16:00:42.974 27357 27357 D AndroidRuntime: >>>>>> START com.android.internal.os.RuntimeInit uid 2000 <<<<<<
08-06 16:00:42.980 27357 27357 D AndroidRuntime: CheckJNI is OFF
08-06 16:00:43.028 27357 27357 D ICU     : No timezone override file found: /data/misc/zoneinfo/current/icu/icu_tzdata.dat
08-06 16:00:43.072 27357 27357 I Radio-JNI: register_android_hardware_Radio DONE
08-06 16:00:43.101 27357 27357 D AndroidRuntime: Calling main entry com.android.commands.input.Input
08-06 16:00:43.103 27357 27357 I Input   : injectKeyEvent: KeyEvent { action=ACTION_DOWN, keyCode=KEYCODE_BACK, scanCode=0, metaState=0, flags=0x0, repeatCount=0, eventTime=892859516, downTime=892859516, deviceId=-1, source=0x101 }
08-06 16:00:43.111 27357 27357 I Input   : injectKeyEvent: KeyEvent { action=ACTION_UP, keyCode=KEYCODE_BACK, scanCode=0, metaState=0, flags=0x0, repeatCount=0, eventTime=892859516, downTime=892859516, deviceId=-1, source=0x101 }
08-06 16:00:43.118 27357 27357 D AndroidRuntime: Shutting down VM
08-06 16:00:43.123 24290 24290 V PlaybackController: initServiceNotRunning()
08-06 16:00:43.124 24290 24290 D ExternalPlayerFragment: Loading media info
08-06 16:00:43.125 24290 25256 D ApOkHttpUrlLoader: buildLoadData() called with: model = [http://sixgun.org/files/linuxoutlaws.jpg], width = [224], height = [224]
08-06 16:00:43.126 24290 25083 D DBReader: getImageAuthentication() called with: imageUrl = [http://sixgun.org/files/linuxoutlaws.jpg]
08-06 16:00:43.129 24290 25083 D ApOkHttpUrlLoader: no credentials for 'http://sixgun.org/files/linuxoutlaws.jpg'
08-06 16:00:43.130 24290 24290 D UserPreferences: Using default data folder
08-06 16:00:43.130 24290 24879 D DBReader: getNavDrawerData() called with: 
08-06 16:00:43.153 24290 24879 D DBReader: getDownloadedItems() called
08-06 16:00:43.154 24290 24879 D DBReader: getFavoriteIDList() called
08-06 16:00:43.155 24290 24879 D DBReader: getQueueIDList() called
08-06 16:00:43.156 24290 24879 D DBReader: Extracting Feedlist
08-06 16:00:43.162 13866 13866 I GoogleInputMethodServic: GoogleInputMethodService.onFinishInput():3138 
08-06 16:00:43.163 13866 13866 I GoogleInputMethodServic: GoogleInputMethodService.onStartInput():1808 
08-06 16:00:43.182 24290 24290 D MainActivity: getLastNavFragment() -> AddFeedFragment
08-06 16:00:43.276 24290 24301 I art     : Starting a blocking GC Explicit
08-06 16:00:43.280 24290 25083 D DBWriter: updateFeedDownloadURL(original: http://sixgun.org/files/linuxoutlaws.jpg, updated: https://fab.industries/sixgun/files/linuxoutlaws.jpg)
08-06 16:00:43.330 24290 24301 I art     : Explicit concurrent mark sweep GC freed 3096(185KB) AllocSpace objects, 1(20KB) LOS objects, 23% free, 51MB/67MB, paused 1.656ms total 52.914ms
08-06 16:00:43.347 24290 24301 I art     : Starting a blocking GC Explicit
08-06 16:00:43.402 24290 24301 I art     : Explicit concurrent mark sweep GC freed 504(27KB) AllocSpace objects, 0(0B) LOS objects, 23% free, 51MB/67MB, paused 2.061ms total 54.709ms
08-06 16:00:43.416 24290 24301 I art     : Starting a blocking GC Explicit
08-06 16:00:43.421 24290 25083 D MYTAG   : interceptor 2a
08-06 16:00:43.421 24290 25083 I NAPPA_EXPERIMENTATION: MetricNetworkRequestExecutionTime: REQUEST_DURATION_SYSTEM='291',REQUEST_DURATION_OKHTTP='139',REQUEST_SYNCHRONOUS='TRUE',RESPONSE_CODE='404',RESPONSE_METHOD='GET',RESPONSE_LENGTH_OKHTTP='-1',RESPONSE_LENGTH_HEADER='1503',REQUEST_PROTOCOL='h2',REQUEST_URL='https://fab.industries/sixgun/files/linuxoutlaws.jpg',
08-06 16:00:43.422 24290 24290 W Glide   : Load failed for http://sixgun.org/files/linuxoutlaws.jpg with size [224x224]
08-06 16:00:43.422 24290 24290 W Glide   : class com.bumptech.glide.load.engine.GlideException: Failed to load resource
08-06 16:00:43.422 24290 24290 W Glide   : There was 1 cause:
08-06 16:00:43.422 24290 24290 W Glide   : com.bumptech.glide.load.HttpException()
08-06 16:00:43.422 24290 24290 W Glide   :  call GlideException#logRootCauses(String) for more detail
08-06 16:00:43.422 24290 24290 W Glide   :   Cause (1 of 1): class com.bumptech.glide.load.engine.GlideException: Fetching data failed, class java.io.InputStream, REMOTE
08-06 16:00:43.422 24290 24290 W Glide   : There was 1 cause:
08-06 16:00:43.422 24290 24290 W Glide   : com.bumptech.glide.load.HttpException()
08-06 16:00:43.422 24290 24290 W Glide   :  call GlideException#logRootCauses(String) for more detail
08-06 16:00:43.422 24290 24290 W Glide   :     Cause (1 of 1): class com.bumptech.glide.load.HttpException: 
08-06 16:00:43.423 24290 24290 I Glide   : Root cause (1 of 1)
08-06 16:00:43.423 24290 24290 I Glide   : com.bumptech.glide.load.HttpException: 
08-06 16:00:43.423 24290 24290 I Glide   : 	at com.bumptech.glide.integration.okhttp3.OkHttpStreamFetcher.onResponse(OkHttpStreamFetcher.java:73)
08-06 16:00:43.423 24290 24290 I Glide   : 	at okhttp3.RealCall$AsyncCall.execute(RealCall.java:174)
08-06 16:00:43.423 24290 24290 I Glide   : 	at okhttp3.internal.NamedRunnable.run(NamedRunnable.java:32)
08-06 16:00:43.423 24290 24290 I Glide   : 	at java.util.concurrent.ThreadPoolExecutor.runWorker(ThreadPoolExecutor.java:1113)
08-06 16:00:43.423 24290 24290 I Glide   : 	at java.util.concurrent.ThreadPoolExecutor$Worker.run(ThreadPoolExecutor.java:588)
08-06 16:00:43.423 24290 24290 I Glide   : 	at java.lang.Thread.run(Thread.java:818)
08-06 16:00:43.423 24290 24290 W Glide   : Load failed for http://sixgun.org/files/linuxoutlaws.jpg with size [224x224]
08-06 16:00:43.423 24290 24290 W Glide   : class com.bumptech.glide.load.engine.GlideException: Failed to load resource
08-06 16:00:43.423 24290 24290 W Glide   : There was 1 cause:
08-06 16:00:43.423 24290 24290 W Glide   : com.bumptech.glide.load.HttpException()
08-06 16:00:43.423 24290 24290 W Glide   :  call GlideException#logRootCauses(String) for more detail
08-06 16:00:43.423 24290 24290 W Glide   :   Cause (1 of 1): class com.bumptech.glide.load.engine.GlideException: Fetching data failed, class java.io.InputStream, REMOTE
08-06 16:00:43.423 24290 24290 W Glide   : There was 1 cause:
08-06 16:00:43.423 24290 24290 W Glide   : com.bumptech.glide.load.HttpException()
08-06 16:00:43.423 24290 24290 W Glide   :  call GlideException#logRootCauses(String) for more detail
08-06 16:00:43.423 24290 24290 W Glide   :     Cause (1 of 1): class com.bumptech.glide.load.HttpException: 
08-06 16:00:43.424 24290 24290 I Glide   : Root cause (1 of 1)
08-06 16:00:43.424 24290 24290 I Glide   : com.bumptech.glide.load.HttpException: 
08-06 16:00:43.424 24290 24290 I Glide   : 	at com.bumptech.glide.integration.okhttp3.OkHttpStreamFetcher.onResponse(OkHttpStreamFetcher.java:73)
08-06 16:00:43.424 24290 24290 I Glide   : 	at okhttp3.RealCall$AsyncCall.execute(RealCall.java:174)
08-06 16:00:43.424 24290 24290 I Glide   : 	at okhttp3.internal.NamedRunnable.run(NamedRunnable.java:32)
08-06 16:00:43.424 24290 24290 I Glide   : 	at java.util.concurrent.ThreadPoolExecutor.runWorker(ThreadPoolExecutor.java:1113)
08-06 16:00:43.424 24290 24290 I Glide   : 	at java.util.concurrent.ThreadPoolExecutor$Worker.run(ThreadPoolExecutor.java:588)
08-06 16:00:43.424 24290 24290 I Glide   : 	at java.lang.Thread.run(Thread.java:818)
08-06 16:00:43.459   380   380 W SurfaceFlinger: couldn't log to binary event log: overflow.
08-06 16:00:43.467 24290 24301 I art     : Explicit concurrent mark sweep GC freed 913(89KB) AllocSpace objects, 0(0B) LOS objects, 23% free, 51MB/67MB, paused 2.805ms total 49.798ms
08-06 16:00:43.481 24290 24301 I art     : Starting a blocking GC Explicit
08-06 16:00:43.523 24290 24301 I art     : Explicit concurrent mark sweep GC freed 296(11KB) AllocSpace objects, 0(0B) LOS objects, 23% free, 50MB/66MB, paused 1.490ms total 40.738ms
08-06 16:00:43.535 24290 24301 I art     : Starting a blocking GC Explicit
08-06 16:00:43.577 24290 24301 I art     : Explicit concurrent mark sweep GC freed 2859(235KB) AllocSpace objects, 1(28KB) LOS objects, 23% free, 50MB/66MB, paused 1.554ms total 41.920ms
08-06 16:00:43.905 22397 22397 W Atfwd_Sendcmd: AtCmdFwd service not published, waiting... retryCnt : 2
08-06 16:00:43.943 24290 24420 I art     : Starting a blocking GC Explicit
08-06 16:00:43.998 24290 24420 I art     : Explicit concurrent mark sweep GC freed 1382(83KB) AllocSpace objects, 1(20KB) LOS objects, 23% free, 50MB/66MB, paused 1.683ms total 54.559ms
08-06 16:00:44.012 24290 24420 I art     : Starting a blocking GC Explicit
08-06 16:00:44.057 24290 24420 I art     : Explicit concurrent mark sweep GC freed 23(752B) AllocSpace objects, 0(0B) LOS objects, 23% free, 50MB/66MB, paused 1.559ms total 44.599ms
08-06 16:00:44.070 24290 24420 I art     : Starting a blocking GC Explicit
08-06 16:00:44.115 24290 24420 I art     : Explicit concurrent mark sweep GC freed 3(96B) AllocSpace objects, 0(0B) LOS objects, 23% free, 50MB/66MB, paused 1.590ms total 44.148ms
08-06 16:00:44.128 24290 24420 I art     : Starting a blocking GC Explicit
08-06 16:00:44.172 24290 24420 I art     : Explicit concurrent mark sweep GC freed 3(96B) AllocSpace objects, 0(0B) LOS objects, 23% free, 50MB/66MB, paused 1.576ms total 44.167ms
08-06 16:00:44.186 24290 24420 I art     : Starting a blocking GC Explicit
08-06 16:00:44.230 24290 24420 I art     : Explicit concurrent mark sweep GC freed 3(96B) AllocSpace objects, 0(0B) LOS objects, 23% free, 50MB/66MB, paused 1.699ms total 43.965ms
08-06 16:00:44.572 24290 24302 I art     : Starting a blocking GC Explicit
08-06 16:00:44.621 24290 24302 I art     : Explicit concurrent mark sweep GC freed 1412(82KB) AllocSpace objects, 1(20KB) LOS objects, 23% free, 50MB/66MB, paused 1.665ms total 49.192ms
08-06 16:00:44.634 24290 24302 I art     : Starting a blocking GC Explicit
08-06 16:00:44.675 24290 24302 I art     : Explicit concurrent mark sweep GC freed 23(752B) AllocSpace objects, 0(0B) LOS objects, 23% free, 50MB/66MB, paused 1.576ms total 40.382ms
08-06 16:00:44.687 24290 24302 I art     : Starting a blocking GC Explicit
08-06 16:00:44.730 24290 24302 I art     : Explicit concurrent mark sweep GC freed 3(96B) AllocSpace objects, 0(0B) LOS objects, 23% free, 50MB/66MB, paused 1.594ms total 42.396ms
08-06 16:00:44.743 24290 24302 I art     : Starting a blocking GC Explicit
08-06 16:00:44.785 24290 24302 I art     : Explicit concurrent mark sweep GC freed 15(480B) AllocSpace objects, 0(0B) LOS objects, 23% free, 50MB/66MB, paused 1.600ms total 41.505ms
08-06 16:00:44.798 24290 24302 I art     : Starting a blocking GC Explicit
08-06 16:00:44.840 24290 24302 I art     : Explicit concurrent mark sweep GC freed 14(448B) AllocSpace objects, 0(0B) LOS objects, 23% free, 50MB/66MB, paused 1.806ms total 42.208ms
08-06 16:00:44.929 27409 27409 D AndroidRuntime: >>>>>> START com.android.internal.os.RuntimeInit uid 2000 <<<<<<
08-06 16:00:44.935 27409 27409 D AndroidRuntime: CheckJNI is OFF
08-06 16:00:44.978 27409 27409 D ICU     : No timezone override file found: /data/misc/zoneinfo/current/icu/icu_tzdata.dat
08-06 16:00:45.021 27409 27409 I Radio-JNI: register_android_hardware_Radio DONE
08-06 16:00:45.050 27409 27409 D AndroidRuntime: Calling main entry com.android.commands.input.Input
08-06 16:00:45.052 27409 27409 I Input   : injectMotionEvent: MotionEvent { action=ACTION_DOWN, actionButton=0, id[0]=0, x[0]=526.0, y[0]=597.0, toolType[0]=TOOL_TYPE_UNKNOWN, buttonState=0, metaState=0, flags=0x0, edgeFlags=0x0, pointerCount=1, historySize=0, eventTime=892861465, downTime=892861465, deviceId=0, source=0x1002 }
08-06 16:00:45.058 27409 27409 I Input   : injectMotionEvent: MotionEvent { action=ACTION_UP, actionButton=0, id[0]=0, x[0]=526.0, y[0]=597.0, toolType[0]=TOOL_TYPE_UNKNOWN, buttonState=0, metaState=0, flags=0x0, edgeFlags=0x0, pointerCount=1, historySize=0, eventTime=892861465, downTime=892861465, deviceId=0, source=0x1002 }
08-06 16:00:45.060 27409 27409 D AndroidRuntime: Shutting down VM
08-06 16:00:45.124 24290 24290 D PodcastListFragment: Selected podcast: GpodnetPodcast [url=http://feeds.feedburner.com/linuxoutlaws, title=Linux Outlaws, description=Two pragmatic geeks talk about the latest news concerning Linux, free and open
08-06 16:00:45.124 24290 24290 D PodcastListFragment: technology or anything else they deem noteworthy which may include such absurd
08-06 16:00:45.124 24290 24290 D PodcastListFragment: things as hockey or bands you never heard of. This means there's many a joke
08-06 16:00:45.124 24290 24290 D PodcastListFragment: and derailed conversation along the way, so don't come here expecting only
08-06 16:00:45.124 24290 24290 D PodcastListFragment: Linux or software freedom talk  just sit back and relax, partner., subscribers=3321, logoUrl=http://sixgun.org/files/linuxoutlaws.jpg, website=http://sixgun.org, mygpoLink=http://gpodder.net/podcast/linux-outlaws-mp3]
08-06 16:00:45.125   918  6110 I ActivityManager: START u0 {cmp=baseline.de.danoeh.antennapod.debug/baseline.de.danoeh.antennapod.activity.OnlineFeedViewActivity (has extras)} from uid 10711 on display 0
08-06 16:00:45.127   512  2967 D audio_hw_primary: out_set_parameters: enter: usecase(1: low-latency-playback) kvpairs: routing=2
08-06 16:00:45.140   512  2967 D audio_hw_primary: select_devices: out_snd_device(2: speaker) in_snd_device(0: none)
08-06 16:00:45.140   512  2967 D msm8974_platform: platform_send_audio_calibration: sending audio calibration for snd_device(2) acdb_id(15)
08-06 16:00:45.140   512  2967 I soundtrigger: audio_extn_sound_trigger_update_device_status: device 0x2 of type 0 for Event 1
08-06 16:00:45.154   512  2967 D audio_hw_primary: enable_snd_device: snd_device(2: speaker)
08-06 16:00:45.157   512  2967 D audio_hw_primary: enable_audio_route: apply and update mixer path: low-latency-playback speaker
08-06 16:00:45.171 24290 24290 D UserPreferences: Using default data folder
08-06 16:00:45.172 24290 24290 D OnlineFeedViewActivity: Activity was started with url http://feeds.feedburner.com/linuxoutlaws
08-06 16:00:45.175 24290 24290 D OnlineFeedViewActivity: Starting feed download
08-06 16:00:45.178 24290 24310 D DBReader: Extracting Feedlist
08-06 16:00:45.180   918  6110 D WifiService: acquireWifiLockLocked: WifiLock{Downloader type=1 binder=android.os.BinderProxy@10406b}
08-06 16:00:45.181 24290 24310 D AntennapodHttpClient: Creating new instance of HTTP client
08-06 16:00:45.212 24290 24880 I art     : Starting a blocking GC Explicit
08-06 16:00:45.238 13866 13866 I GoogleInputMethodServic: GoogleInputMethodService.onFinishInput():3138 
08-06 16:00:45.239 13866 13866 I GoogleInputMethodServic: GoogleInputMethodService.onStartInput():1808 
08-06 16:00:45.256 24290 24880 I art     : Explicit concurrent mark sweep GC freed 2808(183KB) AllocSpace objects, 1(20KB) LOS objects, 23% free, 51MB/67MB, paused 1.740ms total 43.782ms
08-06 16:00:45.269   918   936 I ActivityManager: Displayed baseline.de.danoeh.antennapod.debug/baseline.de.danoeh.antennapod.activity.OnlineFeedViewActivity: +129ms
08-06 16:00:45.270 24290 24880 I art     : Starting a blocking GC Explicit
08-06 16:00:45.298 24290 24311 D OpenGLRenderer: endAllStagingAnimators on 0x7f7c79d400 (GridView) with handle 0x7f714201a0
08-06 16:00:45.312 24290 24880 I art     : Explicit concurrent mark sweep GC freed 393(17KB) AllocSpace objects, 0(0B) LOS objects, 23% free, 50MB/66MB, paused 1.632ms total 41.888ms
08-06 16:00:45.324 24290 24310 D MYTAG   : interceptor 3a http://feeds.feedburner.com/linuxoutlaws
08-06 16:00:45.324 24290 24310 I NAPPA_EXPERIMENTATION: MetricNetworkRequestExecutionTime: REQUEST_DURATION_SYSTEM='142',REQUEST_DURATION_OKHTTP='34',REQUEST_SYNCHRONOUS='TRUE',RESPONSE_CODE='200',RESPONSE_METHOD='GET',RESPONSE_LENGTH_OKHTTP='-1',RESPONSE_LENGTH_HEADER='-2',REQUEST_PROTOCOL='http/1.1',REQUEST_URL='http://feeds.feedburner.com/linuxoutlaws',
08-06 16:00:45.324 24290 24310 D HttpDownloader: Response code is 200
08-06 16:00:45.324 24290 24310 D UserPreferences: Using default data folder
08-06 16:00:45.325 24290 24880 I art     : Starting a blocking GC Explicit
08-06 16:00:45.330 24290 24310 D HttpDownloader: Getting size of download
08-06 16:00:45.330 24290 24310 D HttpDownloader: Size is -1
08-06 16:00:45.330 24290 24310 D UserPreferences: Using default data folder
08-06 16:00:45.330 24290 24310 D HttpDownloader: Free space is 20245831680
08-06 16:00:45.330 24290 24310 D HttpDownloader: Starting download
08-06 16:00:45.335 24290 24310 D HttpDownloader: Download was successful
08-06 16:00:45.336   918  4400 D WifiService: releaseWifiLockLocked: WifiLock{Downloader type=1 binder=android.os.BinderProxy@10406b}
08-06 16:00:45.337 24290 24290 D OnlineFeedViewActivity: Parsing feed
08-06 16:00:45.340 24290 27443 D TypeGetter: Recognized type RSS 2.0
08-06 16:00:45.342 24290 27443 D SyndHandler: Recognized Content namespace
08-06 16:00:45.342 24290 27443 D SyndHandler: Recognized DublinCore namespace
08-06 16:00:45.342 24290 27443 D SyndHandler: Recognized Atom namespace
08-06 16:00:45.342 24290 27443 D SyndHandler: Recognized ITunes namespace
08-06 16:00:45.342 24290 27443 D SyndHandler: Recognized media namespace
08-06 16:00:45.366 24290 24880 I art     : Explicit concurrent mark sweep GC freed 1193(277KB) AllocSpace objects, 3(60KB) LOS objects, 23% free, 51MB/67MB, paused 1.896ms total 41.162ms
08-06 16:00:45.378 24290 24880 I art     : Starting a blocking GC Explicit
08-06 16:00:45.389 24290 27443 D OnlineFeedViewActivity: Deleted feed source file. Result: true
08-06 16:00:45.389 24290 24290 D OnlineFeedViewActivity: Removing HTML from shownotes
08-06 16:00:45.410 24290 25256 D ApOkHttpUrlLoader: buildLoadData() called with: model = [http://sixgun.org/files/linuxoutlaws.jpg], width = [350], height = [350]
08-06 16:00:45.412 24290 25083 D DBReader: getImageAuthentication() called with: imageUrl = [http://sixgun.org/files/linuxoutlaws.jpg]
08-06 16:00:45.417 24290 25083 D ApOkHttpUrlLoader: no credentials for 'http://sixgun.org/files/linuxoutlaws.jpg'
08-06 16:00:45.426 24290 24880 I art     : Explicit concurrent mark sweep GC freed 4126(440KB) AllocSpace objects, 11(748KB) LOS objects, 23% free, 51MB/67MB, paused 2.307ms total 46.888ms
08-06 16:00:45.439 24290 24880 I art     : Starting a blocking GC Explicit
08-06 16:00:45.448 24290 25083 D DBWriter: updateFeedDownloadURL(original: http://sixgun.org/files/linuxoutlaws.jpg, updated: https://fab.industries/sixgun/files/linuxoutlaws.jpg)
08-06 16:00:45.483 24290 24880 I art     : Explicit concurrent mark sweep GC freed 1546(98KB) AllocSpace objects, 0(0B) LOS objects, 23% free, 51MB/67MB, paused 1.841ms total 43.210ms
08-06 16:00:45.511   380   380 W SurfaceFlinger: couldn't log to binary event log: overflow.
08-06 16:00:45.588 24290 25083 D MYTAG   : interceptor 2a
08-06 16:00:45.588 24290 25083 I NAPPA_EXPERIMENTATION: MetricNetworkRequestExecutionTime: REQUEST_DURATION_SYSTEM='169',REQUEST_DURATION_OKHTTP='137',REQUEST_SYNCHRONOUS='TRUE',RESPONSE_CODE='404',RESPONSE_METHOD='GET',RESPONSE_LENGTH_OKHTTP='-1',RESPONSE_LENGTH_HEADER='1503',REQUEST_PROTOCOL='h2',REQUEST_URL='https://fab.industries/sixgun/files/linuxoutlaws.jpg',
08-06 16:00:45.590 24290 24290 W Glide   : Load failed for http://sixgun.org/files/linuxoutlaws.jpg with size [350x350]
08-06 16:00:45.590 24290 24290 W Glide   : class com.bumptech.glide.load.engine.GlideException: Failed to load resource
08-06 16:00:45.590 24290 24290 W Glide   : There was 1 cause:
08-06 16:00:45.590 24290 24290 W Glide   : com.bumptech.glide.load.HttpException()
08-06 16:00:45.590 24290 24290 W Glide   :  call GlideException#logRootCauses(String) for more detail
08-06 16:00:45.590 24290 24290 W Glide   :   Cause (1 of 1): class com.bumptech.glide.load.engine.GlideException: Fetching data failed, class java.io.InputStream, REMOTE
08-06 16:00:45.590 24290 24290 W Glide   : There was 1 cause:
08-06 16:00:45.590 24290 24290 W Glide   : com.bumptech.glide.load.HttpException()
08-06 16:00:45.590 24290 24290 W Glide   :  call GlideException#logRootCauses(String) for more detail
08-06 16:00:45.590 24290 24290 W Glide   :     Cause (1 of 1): class com.bumptech.glide.load.HttpException: 
08-06 16:00:45.590 24290 24290 I Glide   : Root cause (1 of 1)
08-06 16:00:45.590 24290 24290 I Glide   : com.bumptech.glide.load.HttpException: 
08-06 16:00:45.590 24290 24290 I Glide   : 	at com.bumptech.glide.integration.okhttp3.OkHttpStreamFetcher.onResponse(OkHttpStreamFetcher.java:73)
08-06 16:00:45.590 24290 24290 I Glide   : 	at okhttp3.RealCall$AsyncCall.execute(RealCall.java:174)
08-06 16:00:45.590 24290 24290 I Glide   : 	at okhttp3.internal.NamedRunnable.run(NamedRunnable.java:32)
08-06 16:00:45.590 24290 24290 I Glide   : 	at java.util.concurrent.ThreadPoolExecutor.runWorker(ThreadPoolExecutor.java:1113)
08-06 16:00:45.590 24290 24290 I Glide   : 	at java.util.concurrent.ThreadPoolExecutor$Worker.run(ThreadPoolExecutor.java:588)
08-06 16:00:45.590 24290 24290 I Glide   : 	at java.lang.Thread.run(Thread.java:818)
08-06 16:00:45.637 24290 24290 D PlaybackController: Releasing PlaybackController
08-06 16:00:45.699   512  2967 D audio_hw_primary: disable_audio_route: reset and update mixer path: low-latency-playback speaker
08-06 16:00:45.700   512  2967 D audio_hw_primary: disable_snd_device: snd_device(2: speaker)
08-06 16:00:45.708   512  2967 I soundtrigger: audio_extn_sound_trigger_update_device_status: device 0x2 of type 0 for Event 0
08-06 16:00:45.843 24290 24301 I art     : Starting a blocking GC Explicit
08-06 16:00:45.905 24290 24301 I art     : Explicit concurrent mark sweep GC freed 2303(154KB) AllocSpace objects, 2(132KB) LOS objects, 23% free, 50MB/66MB, paused 1.714ms total 61.839ms
08-06 16:00:45.922 24290 24301 I art     : Starting a blocking GC Explicit
08-06 16:00:45.968 24290 24301 I art     : Explicit concurrent mark sweep GC freed 50(1776B) AllocSpace objects, 0(0B) LOS objects, 23% free, 50MB/66MB, paused 1.820ms total 46.161ms
08-06 16:00:45.982 24290 24301 I art     : Starting a blocking GC Explicit
08-06 16:00:46.028 24290 24301 I art     : Explicit concurrent mark sweep GC freed 3(96B) AllocSpace objects, 0(0B) LOS objects, 23% free, 50MB/66MB, paused 1.742ms total 45.645ms
08-06 16:00:46.041 24290 24301 I art     : Starting a blocking GC Explicit
08-06 16:00:46.087 24290 24301 I art     : Explicit concurrent mark sweep GC freed 3(96B) AllocSpace objects, 0(0B) LOS objects, 23% free, 50MB/66MB, paused 1.812ms total 45.730ms
08-06 16:00:46.100 24290 24301 I art     : Starting a blocking GC Explicit
08-06 16:00:46.147 24290 24301 I art     : Explicit concurrent mark sweep GC freed 3(96B) AllocSpace objects, 0(0B) LOS objects, 23% free, 50MB/66MB, paused 1.614ms total 45.821ms
08-06 16:00:46.523 24290 24880 I art     : Starting a blocking GC Explicit
08-06 16:00:46.587 24290 24880 I art     : Explicit concurrent mark sweep GC freed 1413(82KB) AllocSpace objects, 1(20KB) LOS objects, 23% free, 50MB/66MB, paused 1.846ms total 62.574ms
08-06 16:00:46.603 24290 24880 I art     : Starting a blocking GC Explicit
08-06 16:00:46.649 24290 24880 I art     : Explicit concurrent mark sweep GC freed 23(752B) AllocSpace objects, 0(0B) LOS objects, 23% free, 50MB/66MB, paused 1.757ms total 45.594ms
08-06 16:00:46.663 24290 24880 I art     : Starting a blocking GC Explicit
08-06 16:00:46.712 24290 24880 I art     : Explicit concurrent mark sweep GC freed 3(96B) AllocSpace objects, 0(0B) LOS objects, 23% free, 50MB/66MB, paused 1.584ms total 49.531ms
08-06 16:00:46.726 24290 24880 I art     : Starting a blocking GC Explicit
08-06 16:00:46.776 24290 24880 I art     : Explicit concurrent mark sweep GC freed 3(96B) AllocSpace objects, 0(0B) LOS objects, 23% free, 50MB/66MB, paused 1.683ms total 50.010ms
08-06 16:00:46.790 24290 24880 I art     : Starting a blocking GC Explicit
08-06 16:00:46.840 24290 24880 I art     : Explicit concurrent mark sweep GC freed 3(96B) AllocSpace objects, 0(0B) LOS objects, 23% free, 50MB/66MB, paused 1.688ms total 49.788ms
08-06 16:00:47.234 24290 24880 I art     : Starting a blocking GC Explicit
08-06 16:00:47.282 24290 24880 I art     : Explicit concurrent mark sweep GC freed 1411(82KB) AllocSpace objects, 1(20KB) LOS objects, 23% free, 50MB/66MB, paused 1.562ms total 48.006ms
08-06 16:00:47.297 24290 24880 I art     : Starting a blocking GC Explicit
08-06 16:00:47.342 24290 24880 I art     : Explicit concurrent mark sweep GC freed 23(752B) AllocSpace objects, 0(0B) LOS objects, 23% free, 50MB/66MB, paused 1.516ms total 44.404ms
08-06 16:00:47.356 24290 24880 I art     : Starting a blocking GC Explicit
08-06 16:00:47.405 24290 24880 I art     : Explicit concurrent mark sweep GC freed 3(96B) AllocSpace objects, 0(0B) LOS objects, 23% free, 50MB/66MB, paused 1.677ms total 49.439ms
08-06 16:00:47.419 24290 24880 I art     : Starting a blocking GC Explicit
08-06 16:00:47.468 24290 24880 I art     : Explicit concurrent mark sweep GC freed 32(880B) AllocSpace objects, 0(0B) LOS objects, 23% free, 50MB/66MB, paused 1.826ms total 48.768ms
08-06 16:00:47.482 24290 24880 I art     : Starting a blocking GC Explicit
08-06 16:00:47.534 24290 24880 I art     : Explicit concurrent mark sweep GC freed 3(96B) AllocSpace objects, 0(0B) LOS objects, 23% free, 50MB/66MB, paused 1.779ms total 51.048ms
08-06 16:00:47.929 24290 24420 I art     : Starting a blocking GC Explicit
08-06 16:00:47.990 24290 24420 I art     : Explicit concurrent mark sweep GC freed 1381(81KB) AllocSpace objects, 1(20KB) LOS objects, 23% free, 50MB/66MB, paused 1.963ms total 60.225ms
08-06 16:00:48.009 24290 24420 I art     : Starting a blocking GC Explicit
08-06 16:00:48.061 24290 24420 I art     : Explicit concurrent mark sweep GC freed 23(752B) AllocSpace objects, 0(0B) LOS objects, 23% free, 50MB/66MB, paused 1.621ms total 51.866ms
08-06 16:00:48.074 24290 24420 I art     : Starting a blocking GC Explicit
08-06 16:00:48.125 24290 24420 I art     : Explicit concurrent mark sweep GC freed 3(96B) AllocSpace objects, 0(0B) LOS objects, 23% free, 50MB/66MB, paused 1.690ms total 50.168ms
08-06 16:00:48.139 24290 24420 I art     : Starting a blocking GC Explicit
08-06 16:00:48.188 24290 24420 I art     : Explicit concurrent mark sweep GC freed 3(96B) AllocSpace objects, 0(0B) LOS objects, 23% free, 50MB/66MB, paused 1.700ms total 48.934ms
08-06 16:00:48.202 24290 24420 I art     : Starting a blocking GC Explicit
08-06 16:00:48.252 24290 24420 I art     : Explicit concurrent mark sweep GC freed 3(96B) AllocSpace objects, 0(0B) LOS objects, 23% free, 50MB/66MB, paused 1.815ms total 50.083ms
08-06 16:00:48.654 24290 24301 I art     : Starting a blocking GC Explicit
08-06 16:00:48.715 24290 24301 I art     : Explicit concurrent mark sweep GC freed 1410(81KB) AllocSpace objects, 1(20KB) LOS objects, 23% free, 50MB/66MB, paused 1.694ms total 61.323ms
08-06 16:00:48.729 24290 24301 I art     : Starting a blocking GC Explicit
08-06 16:00:48.780 24290 24301 I art     : Explicit concurrent mark sweep GC freed 23(752B) AllocSpace objects, 0(0B) LOS objects, 23% free, 50MB/66MB, paused 1.717ms total 50.572ms
08-06 16:00:48.794 24290 24301 I art     : Starting a blocking GC Explicit
08-06 16:00:48.841 24290 24301 I art     : Explicit concurrent mark sweep GC freed 3(96B) AllocSpace objects, 0(0B) LOS objects, 23% free, 50MB/66MB, paused 1.698ms total 47.230ms
08-06 16:00:48.855 24290 24301 I art     : Starting a blocking GC Explicit
08-06 16:00:48.908 24290 24301 I art     : Explicit concurrent mark sweep GC freed 3(96B) AllocSpace objects, 0(0B) LOS objects, 23% free, 50MB/66MB, paused 1.774ms total 51.877ms
08-06 16:00:48.924 24290 24301 I art     : Starting a blocking GC Explicit
08-06 16:00:48.974 24290 24301 I art     : Explicit concurrent mark sweep GC freed 3(96B) AllocSpace objects, 0(0B) LOS objects, 23% free, 50MB/66MB, paused 1.682ms total 49.180ms
08-06 16:00:49.370 24290 24302 I art     : Starting a blocking GC Explicit
08-06 16:00:49.422 24290 24302 I art     : Explicit concurrent mark sweep GC freed 1383(84KB) AllocSpace objects, 1(20KB) LOS objects, 23% free, 50MB/66MB, paused 1.803ms total 51.476ms
08-06 16:00:49.437 24290 24302 I art     : Starting a blocking GC Explicit
08-06 16:00:49.483 24290 24302 I art     : Explicit concurrent mark sweep GC freed 52(1536B) AllocSpace objects, 0(0B) LOS objects, 23% free, 50MB/66MB, paused 1.686ms total 45.775ms
08-06 16:00:49.496 24290 24302 I art     : Starting a blocking GC Explicit
08-06 16:00:49.543 24290 24302 I art     : Explicit concurrent mark sweep GC freed 3(96B) AllocSpace objects, 0(0B) LOS objects, 23% free, 50MB/66MB, paused 1.660ms total 46.035ms
08-06 16:00:49.556 24290 24302 I art     : Starting a blocking GC Explicit
08-06 16:00:49.603 24290 24302 I art     : Explicit concurrent mark sweep GC freed 3(96B) AllocSpace objects, 0(0B) LOS objects, 23% free, 50MB/66MB, paused 1.666ms total 46.983ms
08-06 16:00:49.617 24290 24302 I art     : Starting a blocking GC Explicit
08-06 16:00:49.664 24290 24302 I art     : Explicit concurrent mark sweep GC freed 3(96B) AllocSpace objects, 0(0B) LOS objects, 23% free, 50MB/66MB, paused 1.635ms total 46.623ms
08-06 16:00:49.857 27507 27507 D AndroidRuntime: >>>>>> START com.android.internal.os.RuntimeInit uid 2000 <<<<<<
08-06 16:00:49.863 27507 27507 D AndroidRuntime: CheckJNI is OFF
08-06 16:00:49.905 27507 27507 D ICU     : No timezone override file found: /data/misc/zoneinfo/current/icu/icu_tzdata.dat
08-06 16:00:49.947 27507 27507 I Radio-JNI: register_android_hardware_Radio DONE
08-06 16:00:49.975 27507 27507 D AndroidRuntime: Calling main entry com.android.commands.input.Input
08-06 16:00:49.977 27507 27507 I Input   : injectKeyEvent: KeyEvent { action=ACTION_DOWN, keyCode=KEYCODE_BACK, scanCode=0, metaState=0, flags=0x0, repeatCount=0, eventTime=892866390, downTime=892866390, deviceId=-1, source=0x101 }
08-06 16:00:49.982 27507 27507 I Input   : injectKeyEvent: KeyEvent { action=ACTION_UP, keyCode=KEYCODE_BACK, scanCode=0, metaState=0, flags=0x0, repeatCount=0, eventTime=892866390, downTime=892866390, deviceId=-1, source=0x101 }
08-06 16:00:49.988 27507 27507 D AndroidRuntime: Shutting down VM
08-06 16:00:49.993 24290 24290 V PlaybackController: initServiceNotRunning()
08-06 16:00:49.993 24290 24290 D ExternalPlayerFragment: Loading media info
08-06 16:00:49.994 24290 25256 D ApOkHttpUrlLoader: buildLoadData() called with: model = [http://sixgun.org/files/linuxoutlaws.jpg], width = [224], height = [224]
08-06 16:00:49.996 24290 25083 D DBReader: getImageAuthentication() called with: imageUrl = [http://sixgun.org/files/linuxoutlaws.jpg]
08-06 16:00:49.999 24290 25083 D ApOkHttpUrlLoader: no credentials for 'http://sixgun.org/files/linuxoutlaws.jpg'
08-06 16:00:50.003 24290 24290 D UserPreferences: Using default data folder
08-06 16:00:50.004 24290 24310 D DBReader: getNavDrawerData() called with: 
08-06 16:00:50.018 24290 24310 D DBReader: getDownloadedItems() called
08-06 16:00:50.019 24290 24310 D DBReader: getFavoriteIDList() called
08-06 16:00:50.020 24290 24310 D DBReader: getQueueIDList() called
08-06 16:00:50.021 24290 24310 D DBReader: Extracting Feedlist
08-06 16:00:50.035 13866 13866 I GoogleInputMethodServic: GoogleInputMethodService.onFinishInput():3138 
08-06 16:00:50.036 13866 13866 I GoogleInputMethodServic: GoogleInputMethodService.onStartInput():1808 
08-06 16:00:50.049 24290 24301 I art     : Starting a blocking GC Explicit
08-06 16:00:50.053 24290 24290 D MainActivity: getLastNavFragment() -> AddFeedFragment
08-06 16:00:50.092 24290 24301 I art     : Explicit concurrent mark sweep GC freed 2869(173KB) AllocSpace objects, 1(20KB) LOS objects, 23% free, 51MB/67MB, paused 1.592ms total 43.213ms
08-06 16:00:50.105 24290 24301 I art     : Starting a blocking GC Explicit
08-06 16:00:50.134 24290 25083 D DBWriter: updateFeedDownloadURL(original: http://sixgun.org/files/linuxoutlaws.jpg, updated: https://fab.industries/sixgun/files/linuxoutlaws.jpg)
08-06 16:00:50.145 24290 24301 I art     : Explicit concurrent mark sweep GC freed 705(37KB) AllocSpace objects, 0(0B) LOS objects, 23% free, 51MB/67MB, paused 1.656ms total 39.874ms
08-06 16:00:50.157 24290 24301 I art     : Starting a blocking GC Explicit
08-06 16:00:50.202 24290 24301 I art     : Explicit concurrent mark sweep GC freed 20(1808B) AllocSpace objects, 0(0B) LOS objects, 23% free, 50MB/66MB, paused 1.624ms total 44.219ms
08-06 16:00:50.215 24290 24301 I art     : Starting a blocking GC Explicit
08-06 16:00:50.262 24290 24301 I art     : Explicit concurrent mark sweep GC freed 3(96B) AllocSpace objects, 0(0B) LOS objects, 23% free, 50MB/66MB, paused 1.733ms total 47.051ms
08-06 16:00:50.275 24290 25083 D MYTAG   : interceptor 2a
08-06 16:00:50.275 24290 25083 I NAPPA_EXPERIMENTATION: MetricNetworkRequestExecutionTime: REQUEST_DURATION_SYSTEM='275',REQUEST_DURATION_OKHTTP='139',REQUEST_SYNCHRONOUS='TRUE',RESPONSE_CODE='404',RESPONSE_METHOD='GET',RESPONSE_LENGTH_OKHTTP='-1',RESPONSE_LENGTH_HEADER='1503',REQUEST_PROTOCOL='h2',REQUEST_URL='https://fab.industries/sixgun/files/linuxoutlaws.jpg',
08-06 16:00:50.276 24290 24290 W Glide   : Load failed for http://sixgun.org/files/linuxoutlaws.jpg with size [224x224]
08-06 16:00:50.276 24290 24290 W Glide   : class com.bumptech.glide.load.engine.GlideException: Failed to load resource
08-06 16:00:50.276 24290 24290 W Glide   : There was 1 cause:
08-06 16:00:50.276 24290 24290 W Glide   : com.bumptech.glide.load.HttpException()
08-06 16:00:50.276 24290 24290 W Glide   :  call GlideException#logRootCauses(String) for more detail
08-06 16:00:50.276 24290 24290 W Glide   :   Cause (1 of 1): class com.bumptech.glide.load.engine.GlideException: Fetching data failed, class java.io.InputStream, REMOTE
08-06 16:00:50.276 24290 24290 W Glide   : There was 1 cause:
08-06 16:00:50.276 24290 24290 W Glide   : com.bumptech.glide.load.HttpException()
08-06 16:00:50.276 24290 24290 W Glide   :  call GlideException#logRootCauses(String) for more detail
08-06 16:00:50.276 24290 24290 W Glide   :     Cause (1 of 1): class com.bumptech.glide.load.HttpException: 
08-06 16:00:50.277 24290 24290 I Glide   : Root cause (1 of 1)
08-06 16:00:50.277 24290 24290 I Glide   : com.bumptech.glide.load.HttpException: 
08-06 16:00:50.277 24290 24290 I Glide   : 	at com.bumptech.glide.integration.okhttp3.OkHttpStreamFetcher.onResponse(OkHttpStreamFetcher.java:73)
08-06 16:00:50.277 24290 24290 I Glide   : 	at okhttp3.RealCall$AsyncCall.execute(RealCall.java:174)
08-06 16:00:50.277 24290 24290 I Glide   : 	at okhttp3.internal.NamedRunnable.run(NamedRunnable.java:32)
08-06 16:00:50.277 24290 24290 I Glide   : 	at java.util.concurrent.ThreadPoolExecutor.runWorker(ThreadPoolExecutor.java:1113)
08-06 16:00:50.277 24290 24290 I Glide   : 	at java.util.concurrent.ThreadPoolExecutor$Worker.run(ThreadPoolExecutor.java:588)
08-06 16:00:50.277 24290 24290 I Glide   : 	at java.lang.Thread.run(Thread.java:818)
08-06 16:00:50.277 24290 24290 W Glide   : Load failed for http://sixgun.org/files/linuxoutlaws.jpg with size [224x224]
08-06 16:00:50.277 24290 24290 W Glide   : class com.bumptech.glide.load.engine.GlideException: Failed to load resource
08-06 16:00:50.277 24290 24290 W Glide   : There was 1 cause:
08-06 16:00:50.277 24290 24290 W Glide   : com.bumptech.glide.load.HttpException()
08-06 16:00:50.277 24290 24290 W Glide   :  call GlideException#logRootCauses(String) for more detail
08-06 16:00:50.277 24290 24290 W Glide   :   Cause (1 of 1): class com.bumptech.glide.load.engine.GlideException: Fetching data failed, class java.io.InputStream, REMOTE
08-06 16:00:50.277 24290 24290 W Glide   : There was 1 cause:
08-06 16:00:50.277 24290 24290 W Glide   : com.bumptech.glide.load.HttpException()
08-06 16:00:50.277 24290 24290 W Glide   :  call GlideException#logRootCauses(String) for more detail
08-06 16:00:50.277 24290 24290 W Glide   :     Cause (1 of 1): class com.bumptech.glide.load.HttpException: 
08-06 16:00:50.277 24290 24290 I Glide   : Root cause (1 of 1)
08-06 16:00:50.277 24290 24290 I Glide   : com.bumptech.glide.load.HttpException: 
08-06 16:00:50.277 24290 24290 I Glide   : 	at com.bumptech.glide.integration.okhttp3.OkHttpStreamFetcher.onResponse(OkHttpStreamFetcher.java:73)
08-06 16:00:50.277 24290 24290 I Glide   : 	at okhttp3.RealCall$AsyncCall.execute(RealCall.java:174)
08-06 16:00:50.277 24290 24290 I Glide   : 	at okhttp3.internal.NamedRunnable.run(NamedRunnable.java:32)
08-06 16:00:50.277 24290 24290 I Glide   : 	at java.util.concurrent.ThreadPoolExecutor.runWorker(ThreadPoolExecutor.java:1113)
08-06 16:00:50.277 24290 24290 I Glide   : 	at java.util.concurrent.ThreadPoolExecutor$Worker.run(ThreadPoolExecutor.java:588)
08-06 16:00:50.277 24290 24290 I Glide   : 	at java.lang.Thread.run(Thread.java:818)
08-06 16:00:50.278 24290 24301 I art     : Starting a blocking GC Explicit
08-06 16:00:50.326 24290 24301 I art     : Explicit concurrent mark sweep GC freed 575(75KB) AllocSpace objects, 0(0B) LOS objects, 23% free, 50MB/66MB, paused 1.425ms total 48.618ms
08-06 16:00:50.348   380   380 W SurfaceFlinger: couldn't log to binary event log: overflow.
08-06 16:00:50.686 24290 24420 I art     : Starting a blocking GC Explicit
08-06 16:00:50.748 24290 24420 I art     : Explicit concurrent mark sweep GC freed 2047(110KB) AllocSpace objects, 1(20KB) LOS objects, 23% free, 50MB/66MB, paused 1.659ms total 61.520ms
08-06 16:00:50.765 24290 24420 I art     : Starting a blocking GC Explicit
08-06 16:00:50.810 24290 24420 I art     : Explicit concurrent mark sweep GC freed 2877(236KB) AllocSpace objects, 1(28KB) LOS objects, 23% free, 50MB/66MB, paused 1.716ms total 45.062ms
08-06 16:00:50.823 24290 24420 I art     : Starting a blocking GC Explicit
08-06 16:00:50.864 24290 24420 I art     : Explicit concurrent mark sweep GC freed 3(96B) AllocSpace objects, 0(0B) LOS objects, 23% free, 50MB/66MB, paused 1.499ms total 40.338ms
08-06 16:00:50.877 24290 24420 I art     : Starting a blocking GC Explicit
08-06 16:00:50.921 24290 24420 I art     : Explicit concurrent mark sweep GC freed 3(96B) AllocSpace objects, 0(0B) LOS objects, 23% free, 50MB/66MB, paused 1.555ms total 44.328ms
08-06 16:00:50.934 24290 24420 I art     : Starting a blocking GC Explicit
08-06 16:00:50.979 24290 24420 I art     : Explicit concurrent mark sweep GC freed 3(96B) AllocSpace objects, 0(0B) LOS objects, 23% free, 50MB/66MB, paused 1.653ms total 44.531ms
08-06 16:00:51.340 24290 24302 I art     : Starting a blocking GC Explicit
08-06 16:00:51.390 24290 24302 I art     : Explicit concurrent mark sweep GC freed 1383(81KB) AllocSpace objects, 1(20KB) LOS objects, 23% free, 50MB/66MB, paused 1.651ms total 49.777ms
08-06 16:00:51.403 24290 24302 I art     : Starting a blocking GC Explicit
08-06 16:00:51.446 24290 24302 I art     : Explicit concurrent mark sweep GC freed 52(1536B) AllocSpace objects, 0(0B) LOS objects, 23% free, 50MB/66MB, paused 1.566ms total 42.382ms
08-06 16:00:51.458 24290 24302 I art     : Starting a blocking GC Explicit
08-06 16:00:51.501 24290 24302 I art     : Explicit concurrent mark sweep GC freed 3(96B) AllocSpace objects, 0(0B) LOS objects, 23% free, 50MB/66MB, paused 1.624ms total 42.282ms
08-06 16:00:51.514 24290 24302 I art     : Starting a blocking GC Explicit
08-06 16:00:51.556 24290 24302 I art     : Explicit concurrent mark sweep GC freed 3(96B) AllocSpace objects, 0(0B) LOS objects, 23% free, 50MB/66MB, paused 1.561ms total 41.492ms
08-06 16:00:51.569 24290 24302 I art     : Starting a blocking GC Explicit
08-06 16:00:51.611 24290 24302 I art     : Explicit concurrent mark sweep GC freed 3(96B) AllocSpace objects, 0(0B) LOS objects, 23% free, 50MB/66MB, paused 1.558ms total 42.425ms
08-06 16:00:51.772 27551 27551 D AndroidRuntime: >>>>>> START com.android.internal.os.RuntimeInit uid 2000 <<<<<<
08-06 16:00:51.779 27551 27551 D AndroidRuntime: CheckJNI is OFF
08-06 16:00:51.819 27551 27551 D ICU     : No timezone override file found: /data/misc/zoneinfo/current/icu/icu_tzdata.dat
08-06 16:00:51.861 27551 27551 I Radio-JNI: register_android_hardware_Radio DONE
08-06 16:00:51.889 27551 27551 D AndroidRuntime: Calling main entry com.android.commands.input.Input
08-06 16:00:51.890 27551 27551 I Input   : injectKeyEvent: KeyEvent { action=ACTION_DOWN, keyCode=KEYCODE_BACK, scanCode=0, metaState=0, flags=0x0, repeatCount=0, eventTime=892868303, downTime=892868303, deviceId=-1, source=0x101 }
08-06 16:00:51.895 27551 27551 I Input   : injectKeyEvent: KeyEvent { action=ACTION_UP, keyCode=KEYCODE_BACK, scanCode=0, metaState=0, flags=0x0, repeatCount=0, eventTime=892868303, downTime=892868303, deviceId=-1, source=0x101 }
08-06 16:00:51.916 27551 27551 D AndroidRuntime: Shutting down VM
08-06 16:00:51.987 24290 24301 I art     : Starting a blocking GC Explicit
08-06 16:00:52.035 24290 24301 I art     : Explicit concurrent mark sweep GC freed 3603(172KB) AllocSpace objects, 1(20KB) LOS objects, 23% free, 50MB/66MB, paused 1.656ms total 47.653ms
08-06 16:00:52.050 24290 24301 I art     : Starting a blocking GC Explicit
08-06 16:00:52.092 24290 24301 I art     : Explicit concurrent mark sweep GC freed 5355(395KB) AllocSpace objects, 9(1620KB) LOS objects, 24% free, 48MB/64MB, paused 1.549ms total 42.492ms
08-06 16:00:52.105 24290 24301 I art     : Starting a blocking GC Explicit
08-06 16:00:52.147 24290 24301 I art     : Explicit concurrent mark sweep GC freed 3(96B) AllocSpace objects, 0(0B) LOS objects, 24% free, 48MB/64MB, paused 1.571ms total 41.578ms
08-06 16:00:52.160 24290 24301 I art     : Starting a blocking GC Explicit
08-06 16:00:52.202 24290 24301 I art     : Explicit concurrent mark sweep GC freed 3(96B) AllocSpace objects, 0(0B) LOS objects, 24% free, 48MB/64MB, paused 1.569ms total 41.937ms
08-06 16:00:52.215 24290 24301 I art     : Starting a blocking GC Explicit
08-06 16:00:52.258 24290 24301 I art     : Explicit concurrent mark sweep GC freed 3(96B) AllocSpace objects, 0(0B) LOS objects, 24% free, 48MB/64MB, paused 1.655ms total 42.599ms
08-06 16:00:52.630 24290 24420 I art     : Starting a blocking GC Explicit
08-06 16:00:52.682 24290 24420 I art     : Explicit concurrent mark sweep GC freed 1411(82KB) AllocSpace objects, 1(20KB) LOS objects, 24% free, 48MB/64MB, paused 1.696ms total 51.005ms
08-06 16:00:52.698 24290 24420 I art     : Starting a blocking GC Explicit
08-06 16:00:52.742 24290 24420 I art     : Explicit concurrent mark sweep GC freed 23(752B) AllocSpace objects, 0(0B) LOS objects, 24% free, 48MB/64MB, paused 1.560ms total 43.334ms
08-06 16:00:52.754 24290 24420 I art     : Starting a blocking GC Explicit
08-06 16:00:52.796 24290 24420 I art     : Explicit concurrent mark sweep GC freed 3(96B) AllocSpace objects, 0(0B) LOS objects, 24% free, 48MB/64MB, paused 1.522ms total 41.682ms
08-06 16:00:52.809 24290 24420 I art     : Starting a blocking GC Explicit
08-06 16:00:52.852 24290 24420 I art     : Explicit concurrent mark sweep GC freed 3(96B) AllocSpace objects, 0(0B) LOS objects, 24% free, 48MB/64MB, paused 1.548ms total 42.484ms
08-06 16:00:52.865 24290 24420 I art     : Starting a blocking GC Explicit
08-06 16:00:52.907 24290 24420 I art     : Explicit concurrent mark sweep GC freed 3(96B) AllocSpace objects, 0(0B) LOS objects, 24% free, 48MB/64MB, paused 1.670ms total 42.315ms
08-06 16:00:53.267 24290 24880 I art     : Starting a blocking GC Explicit
08-06 16:00:53.317 24290 24880 I art     : Explicit concurrent mark sweep GC freed 1381(82KB) AllocSpace objects, 1(20KB) LOS objects, 24% free, 48MB/64MB, paused 1.621ms total 49.703ms
08-06 16:00:53.332 24290 24880 I art     : Starting a blocking GC Explicit
08-06 16:00:53.374 24290 24880 I art     : Explicit concurrent mark sweep GC freed 23(752B) AllocSpace objects, 0(0B) LOS objects, 24% free, 48MB/64MB, paused 1.581ms total 41.064ms
08-06 16:00:53.386 24290 24880 I art     : Starting a blocking GC Explicit
08-06 16:00:53.427 24290 24880 I art     : Explicit concurrent mark sweep GC freed 32(880B) AllocSpace objects, 0(0B) LOS objects, 24% free, 48MB/64MB, paused 1.530ms total 39.917ms
08-06 16:00:53.439 24290 24880 I art     : Starting a blocking GC Explicit
08-06 16:00:53.479 24290 24880 I art     : Explicit concurrent mark sweep GC freed 3(96B) AllocSpace objects, 0(0B) LOS objects, 24% free, 48MB/64MB, paused 1.553ms total 39.901ms
08-06 16:00:53.492 24290 24880 I art     : Starting a blocking GC Explicit
08-06 16:00:53.533 24290 24880 I art     : Explicit concurrent mark sweep GC freed 4(128B) AllocSpace objects, 0(0B) LOS objects, 24% free, 48MB/64MB, paused 1.657ms total 41.137ms
08-06 16:00:53.694 27594 27594 D AndroidRuntime: >>>>>> START com.android.internal.os.RuntimeInit uid 2000 <<<<<<
08-06 16:00:53.701 27594 27594 D AndroidRuntime: CheckJNI is OFF
08-06 16:00:53.743 27594 27594 D ICU     : No timezone override file found: /data/misc/zoneinfo/current/icu/icu_tzdata.dat
08-06 16:00:53.787 27594 27594 I Radio-JNI: register_android_hardware_Radio DONE
08-06 16:00:53.815 27594 27594 D AndroidRuntime: Calling main entry com.android.commands.input.Input
08-06 16:00:53.818 27594 27594 I Input   : injectMotionEvent: MotionEvent { action=ACTION_DOWN, actionButton=0, id[0]=0, x[0]=603.0, y[0]=1061.0, toolType[0]=TOOL_TYPE_UNKNOWN, buttonState=0, metaState=0, flags=0x0, edgeFlags=0x0, pointerCount=1, historySize=0, eventTime=892870230, downTime=892870230, deviceId=0, source=0x1002 }
08-06 16:00:53.822 27594 27594 I Input   : injectMotionEvent: MotionEvent { action=ACTION_UP, actionButton=0, id[0]=0, x[0]=603.0, y[0]=1061.0, toolType[0]=TOOL_TYPE_UNKNOWN, buttonState=0, metaState=0, flags=0x0, edgeFlags=0x0, pointerCount=1, historySize=0, eventTime=892870230, downTime=892870230, deviceId=0, source=0x1002 }
08-06 16:00:53.824 27594 27594 D AndroidRuntime: Shutting down VM
08-06 16:00:53.840   512  2967 D audio_hw_primary: out_set_parameters: enter: usecase(1: low-latency-playback) kvpairs: routing=2
08-06 16:00:53.854   512  2967 D audio_hw_primary: select_devices: out_snd_device(2: speaker) in_snd_device(0: none)
08-06 16:00:53.854   512  2967 D msm8974_platform: platform_send_audio_calibration: sending audio calibration for snd_device(2) acdb_id(15)
08-06 16:00:53.854   512  2967 I soundtrigger: audio_extn_sound_trigger_update_device_status: device 0x2 of type 0 for Event 1
08-06 16:00:53.863   512  2967 D audio_hw_primary: enable_snd_device: snd_device(2: speaker)
08-06 16:00:53.867   512  2967 D audio_hw_primary: enable_audio_route: apply and update mixer path: low-latency-playback speaker
08-06 16:00:53.905 24290 24880 I art     : Starting a blocking GC Explicit
08-06 16:00:53.906 22397 22397 I ServiceManager: Waiting for service AtCmdFwd...
08-06 16:00:53.921 24290 26677 I NAPPA_EXPERIMENTATION: MetricNetworkRequestExecutionTime: REQUEST_DURATION_SYSTEM='57',REQUEST_DURATION_OKHTTP='55',REQUEST_SYNCHRONOUS='TRUE',RESPONSE_CODE='200',RESPONSE_METHOD='GET',RESPONSE_LENGTH_OKHTTP='2923',RESPONSE_LENGTH_HEADER='2923',REQUEST_PROTOCOL='http/1.1',REQUEST_URL='https://gpodder.net/api/2/tags/50.json',
08-06 16:00:53.949 24290 27617 I NAPPA_EXPERIMENTATION: MetricNetworkRequestExecutionTime: REQUEST_DURATION_SYSTEM='86',REQUEST_DURATION_OKHTTP='86',REQUEST_SYNCHRONOUS='TRUE',RESPONSE_CODE='200',RESPONSE_METHOD='GET',RESPONSE_LENGTH_OKHTTP='37507',RESPONSE_LENGTH_HEADER='37507',REQUEST_PROTOCOL='http/1.1',REQUEST_URL='https://gpodder.net/toplist/50.json',
08-06 16:00:53.950 24290 24880 I art     : Explicit concurrent mark sweep GC freed 5505(284KB) AllocSpace objects, 1(20KB) LOS objects, 24% free, 49MB/65MB, paused 1.756ms total 44.523ms
08-06 16:00:53.962 24290 24880 I art     : Starting a blocking GC Explicit
08-06 16:00:54.005 24290 24880 I art     : Explicit concurrent mark sweep GC freed 5108(337KB) AllocSpace objects, 3(372KB) LOS objects, 24% free, 49MB/65MB, paused 1.631ms total 42.199ms
08-06 16:00:54.008 24290 25256 D ApOkHttpUrlLoader: buildLoadData() called with: model = [http://sixgun.org/files/linuxoutlaws.jpg], width = [224], height = [224]
08-06 16:00:54.009 24290 25083 D DBReader: getImageAuthentication() called with: imageUrl = [http://sixgun.org/files/linuxoutlaws.jpg]
08-06 16:00:54.013 24290 25083 D ApOkHttpUrlLoader: no credentials for 'http://sixgun.org/files/linuxoutlaws.jpg'
08-06 16:00:54.016 24290 25256 D ApOkHttpUrlLoader: buildLoadData() called with: model = [https://files.thisamericanlife.org/sites/all/themes/thislife/img/tal-name-1400x1400.png], width = [224], height = [224]
08-06 16:00:54.017 24290 24880 I art     : Starting a blocking GC Explicit
08-06 16:00:54.023 24290 25256 D ApOkHttpUrlLoader: buildLoadData() called with: model = [https://elroy.twit.tv/sites/default/files/styles/twit_album_art_2048x2048/public/images/shows/floss_weekly/album_art/audio/floss_albumart_mask.jpg?itok=IUjxKpwt], width = [224], height = [224]
08-06 16:00:54.029 24290 25256 D ApOkHttpUrlLoader: buildLoadData() called with: model = [http://ichef.bbci.co.uk/images/ic/3000x3000/p07kfvzb.jpg], width = [224], height = [224]
08-06 16:00:54.034 24290 25256 D ApOkHttpUrlLoader: buildLoadData() called with: model = [https://pl.tedcdn.com/rss_feed_images/ted_talks_main_podcast/video.png], width = [224], height = [224]
08-06 16:00:54.040 24290 25083 D DBWriter: updateFeedDownloadURL(original: http://sixgun.org/files/linuxoutlaws.jpg, updated: https://fab.industries/sixgun/files/linuxoutlaws.jpg)
08-06 16:00:54.041 24290 25256 D ApOkHttpUrlLoader: buildLoadData() called with: model = [https://elroy.twit.tv/sites/default/files/styles/twit_album_art_2048x2048/public/images/shows/this_week_in_tech/album_art/audio/twit1400audio.jpg?itok=J0vhatZb], width = [224], height = [224]
08-06 16:00:54.050 24290 25256 D ApOkHttpUrlLoader: buildLoadData() called with: model = [http://ichef.bbci.co.uk/images/ic/3000x3000/p03gtk3j.jpg], width = [224], height = [224]
08-06 16:00:54.058 24290 24880 I art     : Explicit concurrent mark sweep GC freed 1466(86KB) AllocSpace objects, 1(40KB) LOS objects, 23% free, 50MB/66MB, paused 1.873ms total 40.748ms
08-06 16:00:54.070 24290 24880 I art     : Starting a blocking GC Explicit
08-06 16:00:54.110 24290 24880 I art     : Explicit concurrent mark sweep GC freed 617(21KB) AllocSpace objects, 0(0B) LOS objects, 23% free, 50MB/66MB, paused 1.816ms total 39.970ms
08-06 16:00:54.122 24290 24880 I art     : Starting a blocking GC Explicit
08-06 16:00:54.161 24290 24880 I art     : Explicit concurrent mark sweep GC freed 51(1744B) AllocSpace objects, 0(0B) LOS objects, 23% free, 50MB/66MB, paused 1.470ms total 38.711ms
08-06 16:00:54.179 24290 25083 D MYTAG   : interceptor 2a
08-06 16:00:54.179 24290 25083 I NAPPA_EXPERIMENTATION: MetricNetworkRequestExecutionTime: REQUEST_DURATION_SYSTEM='166',REQUEST_DURATION_OKHTTP='136',REQUEST_SYNCHRONOUS='TRUE',RESPONSE_CODE='404',RESPONSE_METHOD='GET',RESPONSE_LENGTH_OKHTTP='-1',RESPONSE_LENGTH_HEADER='1503',REQUEST_PROTOCOL='h2',REQUEST_URL='https://fab.industries/sixgun/files/linuxoutlaws.jpg',
08-06 16:00:54.188 24290 24290 W Glide   : Load failed for http://sixgun.org/files/linuxoutlaws.jpg with size [224x224]
08-06 16:00:54.188 24290 24290 W Glide   : class com.bumptech.glide.load.engine.GlideException: Failed to load resource
08-06 16:00:54.188 24290 24290 W Glide   : There was 1 cause:
08-06 16:00:54.188 24290 24290 W Glide   : com.bumptech.glide.load.HttpException()
08-06 16:00:54.188 24290 24290 W Glide   :  call GlideException#logRootCauses(String) for more detail
08-06 16:00:54.188 24290 24290 W Glide   :   Cause (1 of 1): class com.bumptech.glide.load.engine.GlideException: Fetching data failed, class java.io.InputStream, REMOTE
08-06 16:00:54.188 24290 24290 W Glide   : There was 1 cause:
08-06 16:00:54.188 24290 24290 W Glide   : com.bumptech.glide.load.HttpException()
08-06 16:00:54.188 24290 24290 W Glide   :  call GlideException#logRootCauses(String) for more detail
08-06 16:00:54.188 24290 24290 W Glide   :     Cause (1 of 1): class com.bumptech.glide.load.HttpException: 
08-06 16:00:54.189 24290 24290 I Glide   : Root cause (1 of 1)
08-06 16:00:54.189 24290 24290 I Glide   : com.bumptech.glide.load.HttpException: 
08-06 16:00:54.189 24290 24290 I Glide   : 	at com.bumptech.glide.integration.okhttp3.OkHttpStreamFetcher.onResponse(OkHttpStreamFetcher.java:73)
08-06 16:00:54.189 24290 24290 I Glide   : 	at okhttp3.RealCall$AsyncCall.execute(RealCall.java:174)
08-06 16:00:54.189 24290 24290 I Glide   : 	at okhttp3.internal.NamedRunnable.run(NamedRunnable.java:32)
08-06 16:00:54.189 24290 24290 I Glide   : 	at java.util.concurrent.ThreadPoolExecutor.runWorker(ThreadPoolExecutor.java:1113)
08-06 16:00:54.189 24290 24290 I Glide   : 	at java.util.concurrent.ThreadPoolExecutor$Worker.run(ThreadPoolExecutor.java:588)
08-06 16:00:54.189 24290 24290 I Glide   : 	at java.lang.Thread.run(Thread.java:818)
08-06 16:00:54.190 24290 24290 W Glide   : Load failed for http://sixgun.org/files/linuxoutlaws.jpg with size [224x224]
08-06 16:00:54.190 24290 24290 W Glide   : class com.bumptech.glide.load.engine.GlideException: Failed to load resource
08-06 16:00:54.190 24290 24290 W Glide   : There was 1 cause:
08-06 16:00:54.190 24290 24290 W Glide   : com.bumptech.glide.load.HttpException()
08-06 16:00:54.190 24290 24290 W Glide   :  call GlideException#logRootCauses(String) for more detail
08-06 16:00:54.190 24290 24290 W Glide   :   Cause (1 of 1): class com.bumptech.glide.load.engine.GlideException: Fetching data failed, class java.io.InputStream, REMOTE
08-06 16:00:54.190 24290 24290 W Glide   : There was 1 cause:
08-06 16:00:54.190 24290 24290 W Glide   : com.bumptech.glide.load.HttpException()
08-06 16:00:54.190 24290 24290 W Glide   :  call GlideException#logRootCauses(String) for more detail
08-06 16:00:54.190 24290 24290 W Glide   :     Cause (1 of 1): class com.bumptech.glide.load.HttpException: 
08-06 16:00:54.190 24290 24290 I Glide   : Root cause (1 of 1)
08-06 16:00:54.190 24290 24290 I Glide   : com.bumptech.glide.load.HttpException: 
08-06 16:00:54.190 24290 24290 I Glide   : 	at com.bumptech.glide.integration.okhttp3.OkHttpStreamFetcher.onResponse(OkHttpStreamFetcher.java:73)
08-06 16:00:54.190 24290 24290 I Glide   : 	at okhttp3.RealCall$AsyncCall.execute(RealCall.java:174)
08-06 16:00:54.190 24290 24290 I Glide   : 	at okhttp3.internal.NamedRunnable.run(NamedRunnable.java:32)
08-06 16:00:54.190 24290 24290 I Glide   : 	at java.util.concurrent.ThreadPoolExecutor.runWorker(ThreadPoolExecutor.java:1113)
08-06 16:00:54.190 24290 24290 I Glide   : 	at java.util.concurrent.ThreadPoolExecutor$Worker.run(ThreadPoolExecutor.java:588)
08-06 16:00:54.190 24290 24290 I Glide   : 	at java.lang.Thread.run(Thread.java:818)
08-06 16:00:54.400   512  2967 D audio_hw_primary: disable_audio_route: reset and update mixer path: low-latency-playback speaker
08-06 16:00:54.401   512  2967 D audio_hw_primary: disable_snd_device: snd_device(2: speaker)
08-06 16:00:54.409   512  2967 I soundtrigger: audio_extn_sound_trigger_update_device_status: device 0x2 of type 0 for Event 0
08-06 16:00:54.516 24290 24880 I art     : Starting a blocking GC Explicit
08-06 16:00:54.564 24290 24880 I art     : Explicit concurrent mark sweep GC freed 1985(157KB) AllocSpace objects, 1(20KB) LOS objects, 23% free, 50MB/66MB, paused 1.637ms total 46.783ms
08-06 16:00:54.580 24290 24880 I art     : Starting a blocking GC Explicit
08-06 16:00:54.623 24290 24880 I art     : Explicit concurrent mark sweep GC freed 59(2208B) AllocSpace objects, 0(0B) LOS objects, 23% free, 50MB/66MB, paused 1.745ms total 42.883ms
08-06 16:00:54.636 24290 24880 I art     : Starting a blocking GC Explicit
08-06 16:00:54.679 24290 24880 I art     : Explicit concurrent mark sweep GC freed 3(96B) AllocSpace objects, 0(0B) LOS objects, 23% free, 50MB/66MB, paused 1.630ms total 42.425ms
08-06 16:00:54.692 24290 24880 I art     : Starting a blocking GC Explicit
08-06 16:00:54.736 24290 24880 I art     : Explicit concurrent mark sweep GC freed 3(96B) AllocSpace objects, 0(0B) LOS objects, 23% free, 50MB/66MB, paused 1.565ms total 43.474ms
08-06 16:00:54.749 24290 24880 I art     : Starting a blocking GC Explicit
08-06 16:00:54.793 24290 24880 I art     : Explicit concurrent mark sweep GC freed 3(96B) AllocSpace objects, 0(0B) LOS objects, 23% free, 50MB/66MB, paused 1.587ms total 43.749ms
08-06 16:00:54.906 22397 22397 I ServiceManager: Waiting for service AtCmdFwd...
08-06 16:00:55.166 24290 24301 I art     : Starting a blocking GC Explicit
08-06 16:00:55.224 24290 24301 I art     : Explicit concurrent mark sweep GC freed 1381(81KB) AllocSpace objects, 1(20KB) LOS objects, 23% free, 50MB/66MB, paused 1.774ms total 57.935ms
08-06 16:00:55.239 24290 24301 I art     : Starting a blocking GC Explicit
08-06 16:00:55.284 24290 24301 I art     : Explicit concurrent mark sweep GC freed 23(752B) AllocSpace objects, 0(0B) LOS objects, 23% free, 50MB/66MB, paused 1.587ms total 44.355ms
08-06 16:00:55.298 24290 24301 I art     : Starting a blocking GC Explicit
08-06 16:00:55.342 24290 24301 I art     : Explicit concurrent mark sweep GC freed 3(96B) AllocSpace objects, 0(0B) LOS objects, 23% free, 50MB/66MB, paused 1.479ms total 44.223ms
08-06 16:00:55.355 24290 24301 I art     : Starting a blocking GC Explicit
08-06 16:00:55.400 24290 24301 I art     : Explicit concurrent mark sweep GC freed 3(96B) AllocSpace objects, 0(0B) LOS objects, 23% free, 50MB/66MB, paused 1.584ms total 44.724ms
08-06 16:00:55.414 24290 24301 I art     : Starting a blocking GC Explicit
08-06 16:00:55.458 24290 24301 I art     : Explicit concurrent mark sweep GC freed 32(880B) AllocSpace objects, 0(0B) LOS objects, 23% free, 50MB/66MB, paused 1.616ms total 43.746ms
08-06 16:00:55.857 24290 24420 I art     : Starting a blocking GC Explicit
08-06 16:00:55.907 22397 22397 I ServiceManager: Waiting for service AtCmdFwd...
08-06 16:00:55.920 24290 24420 I art     : Explicit concurrent mark sweep GC freed 1435(82KB) AllocSpace objects, 1(20KB) LOS objects, 23% free, 50MB/66MB, paused 1.790ms total 62.877ms
08-06 16:00:55.934 24290 24420 I art     : Starting a blocking GC Explicit
08-06 16:00:55.977 24290 24420 I art     : Explicit concurrent mark sweep GC freed 40(1328B) AllocSpace objects, 0(0B) LOS objects, 23% free, 50MB/66MB, paused 1.547ms total 42.647ms
08-06 16:00:55.989 24290 24420 I art     : Starting a blocking GC Explicit
08-06 16:00:56.034 24290 24420 I art     : Explicit concurrent mark sweep GC freed 3(96B) AllocSpace objects, 0(0B) LOS objects, 23% free, 50MB/66MB, paused 1.631ms total 44.866ms
08-06 16:00:56.048 24290 24420 I art     : Starting a blocking GC Explicit
08-06 16:00:56.096 24290 24420 I art     : Explicit concurrent mark sweep GC freed 3(96B) AllocSpace objects, 0(0B) LOS objects, 23% free, 50MB/66MB, paused 1.628ms total 47.661ms
08-06 16:00:56.112 24290 24420 I art     : Starting a blocking GC Explicit
08-06 16:00:56.164 24290 24420 I art     : Explicit concurrent mark sweep GC freed 3(96B) AllocSpace objects, 0(0B) LOS objects, 23% free, 50MB/66MB, paused 1.525ms total 50.939ms
08-06 16:00:56.559 24290 24301 I art     : Starting a blocking GC Explicit
08-06 16:00:56.616 24290 24301 I art     : Explicit concurrent mark sweep GC freed 1410(81KB) AllocSpace objects, 1(20KB) LOS objects, 23% free, 50MB/66MB, paused 1.748ms total 56.485ms
08-06 16:00:56.633 24290 24301 I art     : Starting a blocking GC Explicit
08-06 16:00:56.681 24290 24301 I art     : Explicit concurrent mark sweep GC freed 23(752B) AllocSpace objects, 0(0B) LOS objects, 23% free, 50MB/66MB, paused 1.574ms total 47.078ms
08-06 16:00:56.694 24290 24301 I art     : Starting a blocking GC Explicit
08-06 16:00:56.743 24290 24301 I art     : Explicit concurrent mark sweep GC freed 3(96B) AllocSpace objects, 0(0B) LOS objects, 23% free, 50MB/66MB, paused 1.613ms total 48.136ms
08-06 16:00:56.757 24290 24301 I art     : Starting a blocking GC Explicit
08-06 16:00:56.804 24290 24301 I art     : Explicit concurrent mark sweep GC freed 3(96B) AllocSpace objects, 0(0B) LOS objects, 23% free, 50MB/66MB, paused 1.539ms total 46.626ms
08-06 16:00:56.817 24290 24301 I art     : Starting a blocking GC Explicit
08-06 16:00:56.866 24290 24301 I art     : Explicit concurrent mark sweep GC freed 3(96B) AllocSpace objects, 0(0B) LOS objects, 23% free, 50MB/66MB, paused 1.634ms total 48.674ms
08-06 16:00:56.907 22397 22397 I ServiceManager: Waiting for service AtCmdFwd...
08-06 16:00:57.268 24290 24302 I art     : Starting a blocking GC Explicit
08-06 16:00:57.328 24290 24302 I art     : Explicit concurrent mark sweep GC freed 1381(81KB) AllocSpace objects, 1(20KB) LOS objects, 23% free, 50MB/66MB, paused 1.787ms total 59.724ms
08-06 16:00:57.345 24290 24302 I art     : Starting a blocking GC Explicit
08-06 16:00:57.394 24290 24302 I art     : Explicit concurrent mark sweep GC freed 23(752B) AllocSpace objects, 0(0B) LOS objects, 23% free, 50MB/66MB, paused 1.781ms total 48.438ms
08-06 16:00:57.410 24290 24302 I art     : Starting a blocking GC Explicit
08-06 16:00:57.458 24290 24302 I art     : Explicit concurrent mark sweep GC freed 32(880B) AllocSpace objects, 0(0B) LOS objects, 23% free, 50MB/66MB, paused 1.762ms total 47.313ms
08-06 16:00:57.472 24290 24302 I art     : Starting a blocking GC Explicit
08-06 16:00:57.521 24290 24302 I art     : Explicit concurrent mark sweep GC freed 3(96B) AllocSpace objects, 0(0B) LOS objects, 23% free, 50MB/66MB, paused 1.790ms total 49.204ms
08-06 16:00:57.539 24290 24302 I art     : Starting a blocking GC Explicit
08-06 16:00:57.584 24290 24302 I art     : Explicit concurrent mark sweep GC freed 3(96B) AllocSpace objects, 0(0B) LOS objects, 23% free, 50MB/66MB, paused 1.604ms total 44.947ms
08-06 16:00:57.908 22397 22397 I ServiceManager: Waiting for service AtCmdFwd...
08-06 16:00:57.965 24290 24880 I art     : Starting a blocking GC Explicit
08-06 16:00:58.024 24290 24880 I art     : Explicit concurrent mark sweep GC freed 1382(82KB) AllocSpace objects, 1(20KB) LOS objects, 23% free, 50MB/66MB, paused 1.641ms total 58.388ms
08-06 16:00:58.039 24290 24880 I art     : Starting a blocking GC Explicit
08-06 16:00:58.088 24290 24880 I art     : Explicit concurrent mark sweep GC freed 23(752B) AllocSpace objects, 0(0B) LOS objects, 23% free, 50MB/66MB, paused 1.719ms total 48.711ms
08-06 16:00:58.102 24290 24880 I art     : Starting a blocking GC Explicit
08-06 16:00:58.150 24290 24880 I art     : Explicit concurrent mark sweep GC freed 3(96B) AllocSpace objects, 0(0B) LOS objects, 23% free, 50MB/66MB, paused 1.617ms total 47.202ms
08-06 16:00:58.163 24290 24880 I art     : Starting a blocking GC Explicit
08-06 16:00:58.211 24290 24880 I art     : Explicit concurrent mark sweep GC freed 3(96B) AllocSpace objects, 0(0B) LOS objects, 23% free, 50MB/66MB, paused 1.654ms total 47.213ms
08-06 16:00:58.224 24290 24880 I art     : Starting a blocking GC Explicit
08-06 16:00:58.273 24290 24880 I art     : Explicit concurrent mark sweep GC freed 3(96B) AllocSpace objects, 0(0B) LOS objects, 23% free, 50MB/66MB, paused 1.619ms total 48.501ms
08-06 16:00:58.664 24290 24420 I art     : Starting a blocking GC Explicit
08-06 16:00:58.721 24290 24420 I art     : Explicit concurrent mark sweep GC freed 1413(82KB) AllocSpace objects, 1(20KB) LOS objects, 23% free, 50MB/66MB, paused 1.812ms total 56.470ms
08-06 16:00:58.738 24290 24420 I art     : Starting a blocking GC Explicit
08-06 16:00:58.787 24290 24420 I art     : Explicit concurrent mark sweep GC freed 23(752B) AllocSpace objects, 0(0B) LOS objects, 23% free, 50MB/66MB, paused 1.524ms total 48.263ms
08-06 16:00:58.804 24290 24420 I art     : Starting a blocking GC Explicit
08-06 16:00:58.852 24290 24420 I art     : Explicit concurrent mark sweep GC freed 3(96B) AllocSpace objects, 0(0B) LOS objects, 23% free, 50MB/66MB, paused 1.631ms total 47.966ms
08-06 16:00:58.865 24290 24420 I art     : Starting a blocking GC Explicit
08-06 16:00:58.909 22397 22397 W Atfwd_Sendcmd: AtCmdFwd service not published, waiting... retryCnt : 3
08-06 16:00:58.915 24290 24420 I art     : Explicit concurrent mark sweep GC freed 3(96B) AllocSpace objects, 0(0B) LOS objects, 23% free, 50MB/66MB, paused 1.640ms total 49.355ms
08-06 16:00:58.932 24290 24420 I art     : Starting a blocking GC Explicit
08-06 16:00:58.980 24290 24420 I art     : Explicit concurrent mark sweep GC freed 3(96B) AllocSpace objects, 0(0B) LOS objects, 23% free, 50MB/66MB, paused 1.647ms total 47.465ms
08-06 16:00:59.374 24290 24301 I art     : Starting a blocking GC Explicit
08-06 16:00:59.434 24290 24301 I art     : Explicit concurrent mark sweep GC freed 1410(81KB) AllocSpace objects, 1(20KB) LOS objects, 23% free, 50MB/66MB, paused 1.746ms total 59.613ms
08-06 16:00:59.450 24290 24301 I art     : Starting a blocking GC Explicit
08-06 16:00:59.499 24290 24301 I art     : Explicit concurrent mark sweep GC freed 23(752B) AllocSpace objects, 0(0B) LOS objects, 23% free, 50MB/66MB, paused 1.688ms total 48.792ms
08-06 16:00:59.513 24290 24301 I art     : Starting a blocking GC Explicit
08-06 16:00:59.558 24290 24301 I art     : Explicit concurrent mark sweep GC freed 3(96B) AllocSpace objects, 0(0B) LOS objects, 23% free, 50MB/66MB, paused 1.727ms total 45.492ms
08-06 16:00:59.572 24290 24301 I art     : Starting a blocking GC Explicit
08-06 16:00:59.619 24290 24301 I art     : Explicit concurrent mark sweep GC freed 3(96B) AllocSpace objects, 0(0B) LOS objects, 23% free, 50MB/66MB, paused 1.680ms total 46.632ms
08-06 16:00:59.635 24290 24301 I art     : Starting a blocking GC Explicit
08-06 16:00:59.684 24290 24301 I art     : Explicit concurrent mark sweep GC freed 3(96B) AllocSpace objects, 0(0B) LOS objects, 23% free, 50MB/66MB, paused 1.565ms total 49.009ms
08-06 16:01:00.057 24290 24302 I art     : Starting a blocking GC Explicit
08-06 16:01:00.099 24290 24302 I art     : Explicit concurrent mark sweep GC freed 1381(81KB) AllocSpace objects, 1(20KB) LOS objects, 23% free, 50MB/66MB, paused 1.675ms total 41.370ms
08-06 16:01:00.112 24290 24302 I art     : Starting a blocking GC Explicit
08-06 16:01:00.152 24290 24302 I art     : Explicit concurrent mark sweep GC freed 23(752B) AllocSpace objects, 0(0B) LOS objects, 23% free, 50MB/66MB, paused 1.492ms total 39.984ms
08-06 16:01:00.164 24290 24302 I art     : Starting a blocking GC Explicit
08-06 16:01:00.206 24290 24302 I art     : Explicit concurrent mark sweep GC freed 3(96B) AllocSpace objects, 0(0B) LOS objects, 23% free, 50MB/66MB, paused 1.602ms total 41.380ms
08-06 16:01:00.219 24290 24302 I art     : Starting a blocking GC Explicit
08-06 16:01:00.262 24290 24302 I art     : Explicit concurrent mark sweep GC freed 3(96B) AllocSpace objects, 0(0B) LOS objects, 23% free, 50MB/66MB, paused 1.686ms total 42.683ms
08-06 16:01:00.275 24290 24302 I art     : Starting a blocking GC Explicit
08-06 16:01:00.321 24290 24302 I art     : Explicit concurrent mark sweep GC freed 3(96B) AllocSpace objects, 0(0B) LOS objects, 23% free, 50MB/66MB, paused 1.715ms total 46.059ms
08-06 16:01:00.611 27712 27712 D AndroidRuntime: >>>>>> START com.android.internal.os.RuntimeInit uid 2000 <<<<<<
08-06 16:01:00.618 27712 27712 D AndroidRuntime: CheckJNI is OFF
08-06 16:01:00.661 27712 27712 D ICU     : No timezone override file found: /data/misc/zoneinfo/current/icu/icu_tzdata.dat
08-06 16:01:00.706 27712 27712 I Radio-JNI: register_android_hardware_Radio DONE
08-06 16:01:00.711 24290 24880 I art     : Starting a blocking GC Explicit
08-06 16:01:00.736 27712 27712 D AndroidRuntime: Calling main entry com.android.commands.input.Input
08-06 16:01:00.738 27712 27712 I Input   : injectMotionEvent: MotionEvent { action=ACTION_DOWN, actionButton=0, id[0]=0, x[0]=526.0, y[0]=597.0, toolType[0]=TOOL_TYPE_UNKNOWN, buttonState=0, metaState=0, flags=0x0, edgeFlags=0x0, pointerCount=1, historySize=0, eventTime=892877151, downTime=892877151, deviceId=0, source=0x1002 }
08-06 16:01:00.745 27712 27712 I Input   : injectMotionEvent: MotionEvent { action=ACTION_UP, actionButton=0, id[0]=0, x[0]=526.0, y[0]=597.0, toolType[0]=TOOL_TYPE_UNKNOWN, buttonState=0, metaState=0, flags=0x0, edgeFlags=0x0, pointerCount=1, historySize=0, eventTime=892877151, downTime=892877151, deviceId=0, source=0x1002 }
08-06 16:01:00.748 27712 27712 D AndroidRuntime: Shutting down VM
08-06 16:01:00.756 24290 24880 I art     : Explicit concurrent mark sweep GC freed 1425(82KB) AllocSpace objects, 1(20KB) LOS objects, 23% free, 50MB/66MB, paused 1.624ms total 45.663ms
08-06 16:01:00.769 24290 24880 I art     : Starting a blocking GC Explicit
08-06 16:01:00.810 24290 24880 I art     : Explicit concurrent mark sweep GC freed 30(1056B) AllocSpace objects, 0(0B) LOS objects, 23% free, 50MB/66MB, paused 1.489ms total 40.478ms
08-06 16:01:00.812 24290 24290 D PodcastListFragment: Selected podcast: GpodnetPodcast [url=http://feeds.feedburner.com/linuxoutlaws, title=Linux Outlaws, description=Two pragmatic geeks talk about the latest news concerning Linux, free and open
08-06 16:01:00.812 24290 24290 D PodcastListFragment: technology or anything else they deem noteworthy which may include such absurd
08-06 16:01:00.812 24290 24290 D PodcastListFragment: things as hockey or bands you never heard of. This means there's many a joke
08-06 16:01:00.812 24290 24290 D PodcastListFragment: and derailed conversation along the way, so don't come here expecting only
08-06 16:01:00.812 24290 24290 D PodcastListFragment: Linux or software freedom talk  just sit back and relax, partner., subscribers=3321, logoUrl=http://sixgun.org/files/linuxoutlaws.jpg, website=http://sixgun.org, mygpoLink=http://gpodder.net/podcast/linux-outlaws-mp3]
08-06 16:01:00.813   918  3359 I ActivityManager: START u0 {cmp=baseline.de.danoeh.antennapod.debug/baseline.de.danoeh.antennapod.activity.OnlineFeedViewActivity (has extras)} from uid 10711 on display 0
08-06 16:01:00.816   512  2967 D audio_hw_primary: out_set_parameters: enter: usecase(1: low-latency-playback) kvpairs: routing=2
08-06 16:01:00.823 24290 24880 I art     : Starting a blocking GC Explicit
08-06 16:01:00.829   512  2967 D audio_hw_primary: select_devices: out_snd_device(2: speaker) in_snd_device(0: none)
08-06 16:01:00.829   512  2967 D msm8974_platform: platform_send_audio_calibration: sending audio calibration for snd_device(2) acdb_id(15)
08-06 16:01:00.829   512  2967 I soundtrigger: audio_extn_sound_trigger_update_device_status: device 0x2 of type 0 for Event 1
08-06 16:01:00.840   512  2967 D audio_hw_primary: enable_snd_device: snd_device(2: speaker)
08-06 16:01:00.842   512  2967 D audio_hw_primary: enable_audio_route: apply and update mixer path: low-latency-playback speaker
08-06 16:01:00.849 24290 24290 D UserPreferences: Using default data folder
08-06 16:01:00.851 24290 24290 D OnlineFeedViewActivity: Activity was started with url http://feeds.feedburner.com/linuxoutlaws
08-06 16:01:00.855 24290 24290 D OnlineFeedViewActivity: Starting feed download
08-06 16:01:00.857 24290 24316 D DBReader: Extracting Feedlist
08-06 16:01:00.862   918  3359 D WifiService: acquireWifiLockLocked: WifiLock{Downloader type=1 binder=android.os.BinderProxy@31ffc09}
08-06 16:01:00.872 24290 24316 D AntennapodHttpClient: Creating new instance of HTTP client
08-06 16:01:00.873 24290 24880 I art     : Explicit concurrent mark sweep GC freed 988(72KB) AllocSpace objects, 0(0B) LOS objects, 23% free, 50MB/66MB, paused 8.462ms total 49.550ms
08-06 16:01:00.886 24290 24880 I art     : Starting a blocking GC Explicit
08-06 16:01:00.926 24290 24880 I art     : Explicit concurrent mark sweep GC freed 480(37KB) AllocSpace objects, 0(0B) LOS objects, 23% free, 50MB/66MB, paused 1.880ms total 39.843ms
08-06 16:01:00.927 13866 13866 I GoogleInputMethodServic: GoogleInputMethodService.onFinishInput():3138 
08-06 16:01:00.928 13866 13866 I GoogleInputMethodServic: GoogleInputMethodService.onStartInput():1808 
08-06 16:01:00.939 24290 24880 I art     : Starting a blocking GC Explicit
08-06 16:01:00.948   918   936 I ActivityManager: Displayed baseline.de.danoeh.antennapod.debug/baseline.de.danoeh.antennapod.activity.OnlineFeedViewActivity: +119ms
08-06 16:01:00.982 24290 24880 I art     : Explicit concurrent mark sweep GC freed 255(11KB) AllocSpace objects, 0(0B) LOS objects, 23% free, 50MB/66MB, paused 2.016ms total 42.889ms
08-06 16:01:00.987 24290 24311 D OpenGLRenderer: endAllStagingAnimators on 0x7f7c4bf800 (GridView) with handle 0x7f713f8000
08-06 16:01:00.997 24290 24316 D MYTAG   : interceptor 3a http://feeds.feedburner.com/linuxoutlaws
08-06 16:01:00.997 24290 24316 I NAPPA_EXPERIMENTATION: MetricNetworkRequestExecutionTime: REQUEST_DURATION_SYSTEM='124',REQUEST_DURATION_OKHTTP='39',REQUEST_SYNCHRONOUS='TRUE',RESPONSE_CODE='200',RESPONSE_METHOD='GET',RESPONSE_LENGTH_OKHTTP='-1',RESPONSE_LENGTH_HEADER='-2',REQUEST_PROTOCOL='http/1.1',REQUEST_URL='http://feeds.feedburner.com/linuxoutlaws',
08-06 16:01:00.997 24290 24316 D HttpDownloader: Response code is 200
08-06 16:01:00.998 24290 24316 D UserPreferences: Using default data folder
08-06 16:01:00.999 24290 24316 D HttpDownloader: Getting size of download
08-06 16:01:01.000 24290 24316 D HttpDownloader: Size is -1
08-06 16:01:01.000 24290 24316 D UserPreferences: Using default data folder
08-06 16:01:01.002 24290 24316 D HttpDownloader: Free space is 20245815296
08-06 16:01:01.002 24290 24316 D HttpDownloader: Starting download
08-06 16:01:01.017 24290 24316 D HttpDownloader: Download was successful
08-06 16:01:01.018   918  3696 D WifiService: releaseWifiLockLocked: WifiLock{Downloader type=1 binder=android.os.BinderProxy@31ffc09}
08-06 16:01:01.018 24290 24290 D OnlineFeedViewActivity: Parsing feed
08-06 16:01:01.021 24290 27737 D TypeGetter: Recognized type RSS 2.0
08-06 16:01:01.022 24290 27737 D SyndHandler: Recognized Content namespace
08-06 16:01:01.023 24290 27737 D SyndHandler: Recognized DublinCore namespace
08-06 16:01:01.023 24290 27737 D SyndHandler: Recognized Atom namespace
08-06 16:01:01.023 24290 27737 D SyndHandler: Recognized ITunes namespace
08-06 16:01:01.023 24290 27737 D SyndHandler: Recognized media namespace
08-06 16:01:01.060 24290 27737 D OnlineFeedViewActivity: Deleted feed source file. Result: true
08-06 16:01:01.060 24290 24290 D OnlineFeedViewActivity: Removing HTML from shownotes
08-06 16:01:01.077 24290 25256 D ApOkHttpUrlLoader: buildLoadData() called with: model = [http://sixgun.org/files/linuxoutlaws.jpg], width = [350], height = [350]
08-06 16:01:01.078 24290 25083 D DBReader: getImageAuthentication() called with: imageUrl = [http://sixgun.org/files/linuxoutlaws.jpg]
08-06 16:01:01.082 24290 25083 D ApOkHttpUrlLoader: no credentials for 'http://sixgun.org/files/linuxoutlaws.jpg'
08-06 16:01:01.117 24290 25083 D DBWriter: updateFeedDownloadURL(original: http://sixgun.org/files/linuxoutlaws.jpg, updated: https://fab.industries/sixgun/files/linuxoutlaws.jpg)
08-06 16:01:01.210   380   380 W SurfaceFlinger: couldn't log to binary event log: overflow.
08-06 16:01:01.256 24290 25083 D MYTAG   : interceptor 2a
08-06 16:01:01.257 24290 25083 I NAPPA_EXPERIMENTATION: MetricNetworkRequestExecutionTime: REQUEST_DURATION_SYSTEM='174',REQUEST_DURATION_OKHTTP='137',REQUEST_SYNCHRONOUS='TRUE',RESPONSE_CODE='404',RESPONSE_METHOD='GET',RESPONSE_LENGTH_OKHTTP='-1',RESPONSE_LENGTH_HEADER='1503',REQUEST_PROTOCOL='h2',REQUEST_URL='https://fab.industries/sixgun/files/linuxoutlaws.jpg',
08-06 16:01:01.258 24290 24290 W Glide   : Load failed for http://sixgun.org/files/linuxoutlaws.jpg with size [350x350]
08-06 16:01:01.258 24290 24290 W Glide   : class com.bumptech.glide.load.engine.GlideException: Failed to load resource
08-06 16:01:01.258 24290 24290 W Glide   : There was 1 cause:
08-06 16:01:01.258 24290 24290 W Glide   : com.bumptech.glide.load.HttpException()
08-06 16:01:01.258 24290 24290 W Glide   :  call GlideException#logRootCauses(String) for more detail
08-06 16:01:01.258 24290 24290 W Glide   :   Cause (1 of 1): class com.bumptech.glide.load.engine.GlideException: Fetching data failed, class java.io.InputStream, REMOTE
08-06 16:01:01.258 24290 24290 W Glide   : There was 1 cause:
08-06 16:01:01.258 24290 24290 W Glide   : com.bumptech.glide.load.HttpException()
08-06 16:01:01.258 24290 24290 W Glide   :  call GlideException#logRootCauses(String) for more detail
08-06 16:01:01.258 24290 24290 W Glide   :     Cause (1 of 1): class com.bumptech.glide.load.HttpException: 
08-06 16:01:01.258 24290 24290 I Glide   : Root cause (1 of 1)
08-06 16:01:01.258 24290 24290 I Glide   : com.bumptech.glide.load.HttpException: 
08-06 16:01:01.258 24290 24290 I Glide   : 	at com.bumptech.glide.integration.okhttp3.OkHttpStreamFetcher.onResponse(OkHttpStreamFetcher.java:73)
08-06 16:01:01.258 24290 24290 I Glide   : 	at okhttp3.RealCall$AsyncCall.execute(RealCall.java:174)
08-06 16:01:01.258 24290 24290 I Glide   : 	at okhttp3.internal.NamedRunnable.run(NamedRunnable.java:32)
08-06 16:01:01.258 24290 24290 I Glide   : 	at java.util.concurrent.ThreadPoolExecutor.runWorker(ThreadPoolExecutor.java:1113)
08-06 16:01:01.258 24290 24290 I Glide   : 	at java.util.concurrent.ThreadPoolExecutor$Worker.run(ThreadPoolExecutor.java:588)
08-06 16:01:01.258 24290 24290 I Glide   : 	at java.lang.Thread.run(Thread.java:818)
08-06 16:01:01.312 24290 24420 I art     : Starting a blocking GC Explicit
08-06 16:01:01.331 24290 24290 D PlaybackController: Releasing PlaybackController
08-06 16:01:01.365 24290 24420 I art     : Explicit concurrent mark sweep GC freed 7879(907KB) AllocSpace objects, 15(828KB) LOS objects, 23% free, 51MB/67MB, paused 1.521ms total 52.212ms
08-06 16:01:01.377 24290 24420 I art     : Starting a blocking GC Explicit
08-06 16:01:01.388   512  2967 D audio_hw_primary: disable_audio_route: reset and update mixer path: low-latency-playback speaker
08-06 16:01:01.389   512  2967 D audio_hw_primary: disable_snd_device: snd_device(2: speaker)
08-06 16:01:01.397   512  2967 I soundtrigger: audio_extn_sound_trigger_update_device_status: device 0x2 of type 0 for Event 0
08-06 16:01:01.418 24290 24420 I art     : Explicit concurrent mark sweep GC freed 1177(53KB) AllocSpace objects, 1(112KB) LOS objects, 23% free, 50MB/66MB, paused 1.617ms total 40.280ms
08-06 16:01:01.430 24290 24420 I art     : Starting a blocking GC Explicit
08-06 16:01:01.475 24290 24420 I art     : Explicit concurrent mark sweep GC freed 48(1424B) AllocSpace objects, 0(0B) LOS objects, 23% free, 50MB/66MB, paused 1.642ms total 44.338ms
08-06 16:01:01.488 24290 24420 I art     : Starting a blocking GC Explicit
08-06 16:01:01.533 24290 24420 I art     : Explicit concurrent mark sweep GC freed 3(96B) AllocSpace objects, 0(0B) LOS objects, 23% free, 50MB/66MB, paused 1.565ms total 44.525ms
08-06 16:01:01.547 24290 24420 I art     : Starting a blocking GC Explicit
08-06 16:01:01.592 24290 24420 I art     : Explicit concurrent mark sweep GC freed 3(96B) AllocSpace objects, 0(0B) LOS objects, 23% free, 50MB/66MB, paused 1.596ms total 45.549ms
08-06 16:01:01.961 24290 24301 I art     : Starting a blocking GC Explicit
08-06 16:01:02.018 24290 24301 I art     : Explicit concurrent mark sweep GC freed 1381(81KB) AllocSpace objects, 1(20KB) LOS objects, 23% free, 50MB/66MB, paused 1.604ms total 57.271ms
08-06 16:01:02.034 24290 24301 I art     : Starting a blocking GC Explicit
08-06 16:01:02.080 24290 24301 I art     : Explicit concurrent mark sweep GC freed 23(768B) AllocSpace objects, 0(0B) LOS objects, 23% free, 50MB/66MB, paused 1.645ms total 45.878ms
08-06 16:01:02.094 24290 24301 I art     : Starting a blocking GC Explicit
08-06 16:01:02.139 24290 24301 I art     : Explicit concurrent mark sweep GC freed 3(96B) AllocSpace objects, 0(0B) LOS objects, 23% free, 50MB/66MB, paused 1.553ms total 45.294ms
08-06 16:01:02.153 24290 24301 I art     : Starting a blocking GC Explicit
08-06 16:01:02.199 24290 24301 I art     : Explicit concurrent mark sweep GC freed 3(96B) AllocSpace objects, 0(0B) LOS objects, 23% free, 50MB/66MB, paused 1.639ms total 45.670ms
08-06 16:01:02.213 24290 24301 I art     : Starting a blocking GC Explicit
08-06 16:01:02.259 24290 24301 I art     : Explicit concurrent mark sweep GC freed 3(96B) AllocSpace objects, 0(0B) LOS objects, 23% free, 50MB/66MB, paused 1.807ms total 45.608ms
08-06 16:01:02.633 24290 24302 I art     : Starting a blocking GC Explicit
08-06 16:01:02.694 24290 24302 I art     : Explicit concurrent mark sweep GC freed 1411(81KB) AllocSpace objects, 1(20KB) LOS objects, 23% free, 50MB/66MB, paused 1.701ms total 60.907ms
08-06 16:01:02.712 24290 24302 I art     : Starting a blocking GC Explicit
08-06 16:01:02.756 24290 24302 I art     : Explicit concurrent mark sweep GC freed 32(1040B) AllocSpace objects, 0(0B) LOS objects, 23% free, 50MB/66MB, paused 1.533ms total 43.301ms
08-06 16:01:02.768 24290 24302 I art     : Starting a blocking GC Explicit
08-06 16:01:02.810 24290 24302 I art     : Explicit concurrent mark sweep GC freed 8(256B) AllocSpace objects, 0(0B) LOS objects, 23% free, 50MB/66MB, paused 1.617ms total 41.310ms
08-06 16:01:02.823 24290 24302 I art     : Starting a blocking GC Explicit
08-06 16:01:02.867 24290 24302 I art     : Explicit concurrent mark sweep GC freed 10(320B) AllocSpace objects, 0(0B) LOS objects, 23% free, 50MB/66MB, paused 1.786ms total 43.814ms
08-06 16:01:02.880 24290 24302 I art     : Starting a blocking GC Explicit
08-06 16:01:02.925 24290 24302 I art     : Explicit concurrent mark sweep GC freed 11(352B) AllocSpace objects, 0(0B) LOS objects, 23% free, 50MB/66MB, paused 1.729ms total 44.278ms
08-06 16:01:03.313 24290 24302 I art     : Starting a blocking GC Explicit
08-06 16:01:03.370 24290 24302 I art     : Explicit concurrent mark sweep GC freed 1381(81KB) AllocSpace objects, 1(20KB) LOS objects, 23% free, 50MB/66MB, paused 1.705ms total 56.629ms
08-06 16:01:03.383 24290 24302 I art     : Starting a blocking GC Explicit
08-06 16:01:03.431 24290 24302 I art     : Explicit concurrent mark sweep GC freed 52(1536B) AllocSpace objects, 0(0B) LOS objects, 23% free, 50MB/66MB, paused 1.692ms total 47.295ms
08-06 16:01:03.444 24290 24302 I art     : Starting a blocking GC Explicit
08-06 16:01:03.494 24290 24302 I art     : Explicit concurrent mark sweep GC freed 3(96B) AllocSpace objects, 0(0B) LOS objects, 23% free, 50MB/66MB, paused 1.605ms total 49.451ms
08-06 16:01:03.508 24290 24302 I art     : Starting a blocking GC Explicit
08-06 16:01:03.558 24290 24302 I art     : Explicit concurrent mark sweep GC freed 3(96B) AllocSpace objects, 0(0B) LOS objects, 23% free, 50MB/66MB, paused 1.793ms total 49.583ms
08-06 16:01:03.571 24290 24302 I art     : Starting a blocking GC Explicit
08-06 16:01:03.604   918  3261 D WifiStateMachine: starting scan for "H369AA63323"WPA_PSK with 2412,5180
08-06 16:01:03.621 24290 24302 I art     : Explicit concurrent mark sweep GC freed 3(96B) AllocSpace objects, 0(0B) LOS objects, 23% free, 50MB/66MB, paused 1.577ms total 48.949ms
08-06 16:01:04.031 24290 24301 I art     : Starting a blocking GC Explicit
08-06 16:01:04.095 24290 24301 I art     : Explicit concurrent mark sweep GC freed 1381(81KB) AllocSpace objects, 1(20KB) LOS objects, 23% free, 50MB/66MB, paused 1.631ms total 64.275ms
08-06 16:01:04.113 24290 24301 I art     : Starting a blocking GC Explicit
08-06 16:01:04.161 24290 24301 I art     : Explicit concurrent mark sweep GC freed 23(752B) AllocSpace objects, 0(0B) LOS objects, 23% free, 50MB/66MB, paused 1.695ms total 48.604ms
08-06 16:01:04.175 24290 24301 I art     : Starting a blocking GC Explicit
08-06 16:01:04.223 24290 24301 I art     : Explicit concurrent mark sweep GC freed 3(96B) AllocSpace objects, 0(0B) LOS objects, 23% free, 50MB/66MB, paused 1.563ms total 47.875ms
08-06 16:01:04.237 24290 24301 I art     : Starting a blocking GC Explicit
08-06 16:01:04.287 24290 24301 I art     : Explicit concurrent mark sweep GC freed 3(96B) AllocSpace objects, 0(0B) LOS objects, 23% free, 50MB/66MB, paused 1.730ms total 50.139ms
08-06 16:01:04.301 24290 24301 I art     : Starting a blocking GC Explicit
08-06 16:01:04.351 24290 24301 I art     : Explicit concurrent mark sweep GC freed 3(96B) AllocSpace objects, 0(0B) LOS objects, 23% free, 50MB/66MB, paused 1.560ms total 49.367ms
08-06 16:01:04.725 24290 24880 I art     : Starting a blocking GC Explicit
08-06 16:01:04.789 24290 24880 I art     : Explicit concurrent mark sweep GC freed 1411(83KB) AllocSpace objects, 1(20KB) LOS objects, 23% free, 50MB/66MB, paused 1.898ms total 63.072ms
08-06 16:01:04.804 24290 24880 I art     : Starting a blocking GC Explicit
08-06 16:01:04.852 24290 24880 I art     : Explicit concurrent mark sweep GC freed 23(752B) AllocSpace objects, 0(0B) LOS objects, 23% free, 50MB/66MB, paused 1.682ms total 48.382ms
08-06 16:01:04.866 24290 24880 I art     : Starting a blocking GC Explicit
08-06 16:01:04.917 24290 24880 I art     : Explicit concurrent mark sweep GC freed 3(96B) AllocSpace objects, 0(0B) LOS objects, 23% free, 50MB/66MB, paused 1.800ms total 50.457ms
08-06 16:01:04.931 24290 24880 I art     : Starting a blocking GC Explicit
08-06 16:01:04.979 24290 24880 I art     : Explicit concurrent mark sweep GC freed 3(96B) AllocSpace objects, 0(0B) LOS objects, 23% free, 50MB/66MB, paused 1.613ms total 48.077ms
08-06 16:01:04.994 24290 24880 I art     : Starting a blocking GC Explicit
08-06 16:01:05.038 24290 24880 I art     : Explicit concurrent mark sweep GC freed 3(96B) AllocSpace objects, 0(0B) LOS objects, 23% free, 50MB/66MB, paused 1.674ms total 44.429ms
08-06 16:01:05.429 24290 24302 I art     : Starting a blocking GC Explicit
08-06 16:01:05.483 24290 24302 I art     : Explicit concurrent mark sweep GC freed 1411(82KB) AllocSpace objects, 1(20KB) LOS objects, 23% free, 50MB/66MB, paused 1.763ms total 53.857ms
08-06 16:01:05.496 24290 24302 I art     : Starting a blocking GC Explicit
08-06 16:01:05.543 24290 24302 I art     : Explicit concurrent mark sweep GC freed 110(3KB) AllocSpace objects, 0(0B) LOS objects, 23% free, 50MB/66MB, paused 1.837ms total 46.496ms
08-06 16:01:05.551 27798 27798 D AndroidRuntime: >>>>>> START com.android.internal.os.RuntimeInit uid 2000 <<<<<<
08-06 16:01:05.557 24290 24302 I art     : Starting a blocking GC Explicit
08-06 16:01:05.557 27798 27798 D AndroidRuntime: CheckJNI is OFF
08-06 16:01:05.602 27798 27798 D ICU     : No timezone override file found: /data/misc/zoneinfo/current/icu/icu_tzdata.dat
08-06 16:01:05.602 24290 24302 I art     : Explicit concurrent mark sweep GC freed 3(96B) AllocSpace objects, 0(0B) LOS objects, 23% free, 50MB/66MB, paused 1.737ms total 45.030ms
08-06 16:01:05.615 24290 24302 I art     : Starting a blocking GC Explicit
08-06 16:01:05.650 27798 27798 I Radio-JNI: register_android_hardware_Radio DONE
08-06 16:01:05.662 24290 24302 I art     : Explicit concurrent mark sweep GC freed 3(96B) AllocSpace objects, 0(0B) LOS objects, 23% free, 50MB/66MB, paused 1.813ms total 46.492ms
08-06 16:01:05.675 24290 24302 I art     : Starting a blocking GC Explicit
08-06 16:01:05.680 27798 27798 D AndroidRuntime: Calling main entry com.android.commands.input.Input
08-06 16:01:05.682 27798 27798 I Input   : injectKeyEvent: KeyEvent { action=ACTION_DOWN, keyCode=KEYCODE_BACK, scanCode=0, metaState=0, flags=0x0, repeatCount=0, eventTime=892882095, downTime=892882095, deviceId=-1, source=0x101 }
08-06 16:01:05.689 27798 27798 I Input   : injectKeyEvent: KeyEvent { action=ACTION_UP, keyCode=KEYCODE_BACK, scanCode=0, metaState=0, flags=0x0, repeatCount=0, eventTime=892882095, downTime=892882095, deviceId=-1, source=0x101 }
08-06 16:01:05.695 27798 27798 D AndroidRuntime: Shutting down VM
08-06 16:01:05.705 24290 24290 V PlaybackController: initServiceNotRunning()
08-06 16:01:05.705 24290 24290 D ExternalPlayerFragment: Loading media info
08-06 16:01:05.706 24290 25256 D ApOkHttpUrlLoader: buildLoadData() called with: model = [http://sixgun.org/files/linuxoutlaws.jpg], width = [224], height = [224]
08-06 16:01:05.707 24290 25083 D DBReader: getImageAuthentication() called with: imageUrl = [http://sixgun.org/files/linuxoutlaws.jpg]
08-06 16:01:05.711 24290 25083 D ApOkHttpUrlLoader: no credentials for 'http://sixgun.org/files/linuxoutlaws.jpg'
08-06 16:01:05.713 24290 24290 D UserPreferences: Using default data folder
08-06 16:01:05.713 24290 24316 D DBReader: getNavDrawerData() called with: 
08-06 16:01:05.717 24290 24302 I art     : Explicit concurrent mark sweep GC freed 432(27KB) AllocSpace objects, 0(0B) LOS objects, 23% free, 51MB/67MB, paused 2.180ms total 42.089ms
08-06 16:01:05.730 24290 24316 D DBReader: getDownloadedItems() called
08-06 16:01:05.731 24290 24316 D DBReader: getFavoriteIDList() called
08-06 16:01:05.732 24290 24316 D DBReader: getQueueIDList() called
08-06 16:01:05.732 24290 24316 D DBReader: Extracting Feedlist
08-06 16:01:05.746 13866 13866 I GoogleInputMethodServic: GoogleInputMethodService.onFinishInput():3138 
08-06 16:01:05.747 13866 13866 I GoogleInputMethodServic: GoogleInputMethodService.onStartInput():1808 
08-06 16:01:05.762 24290 24290 D MainActivity: getLastNavFragment() -> AddFeedFragment
08-06 16:01:05.799 24290 25083 D DBWriter: updateFeedDownloadURL(original: http://sixgun.org/files/linuxoutlaws.jpg, updated: https://fab.industries/sixgun/files/linuxoutlaws.jpg)
08-06 16:01:05.938 24290 25083 D MYTAG   : interceptor 2a
08-06 16:01:05.939 24290 25083 I NAPPA_EXPERIMENTATION: MetricNetworkRequestExecutionTime: REQUEST_DURATION_SYSTEM='225',REQUEST_DURATION_OKHTTP='136',REQUEST_SYNCHRONOUS='TRUE',RESPONSE_CODE='404',RESPONSE_METHOD='GET',RESPONSE_LENGTH_OKHTTP='-1',RESPONSE_LENGTH_HEADER='1503',REQUEST_PROTOCOL='h2',REQUEST_URL='https://fab.industries/sixgun/files/linuxoutlaws.jpg',
08-06 16:01:05.941 24290 24290 W Glide   : Load failed for http://sixgun.org/files/linuxoutlaws.jpg with size [224x224]
08-06 16:01:05.941 24290 24290 W Glide   : class com.bumptech.glide.load.engine.GlideException: Failed to load resource
08-06 16:01:05.941 24290 24290 W Glide   : There was 1 cause:
08-06 16:01:05.941 24290 24290 W Glide   : com.bumptech.glide.load.HttpException()
08-06 16:01:05.941 24290 24290 W Glide   :  call GlideException#logRootCauses(String) for more detail
08-06 16:01:05.941 24290 24290 W Glide   :   Cause (1 of 1): class com.bumptech.glide.load.engine.GlideException: Fetching data failed, class java.io.InputStream, REMOTE
08-06 16:01:05.941 24290 24290 W Glide   : There was 1 cause:
08-06 16:01:05.941 24290 24290 W Glide   : com.bumptech.glide.load.HttpException()
08-06 16:01:05.941 24290 24290 W Glide   :  call GlideException#logRootCauses(String) for more detail
08-06 16:01:05.941 24290 24290 W Glide   :     Cause (1 of 1): class com.bumptech.glide.load.HttpException: 
08-06 16:01:05.942 24290 24290 I Glide   : Root cause (1 of 1)
08-06 16:01:05.942 24290 24290 I Glide   : com.bumptech.glide.load.HttpException: 
08-06 16:01:05.942 24290 24290 I Glide   : 	at com.bumptech.glide.integration.okhttp3.OkHttpStreamFetcher.onResponse(OkHttpStreamFetcher.java:73)
08-06 16:01:05.942 24290 24290 I Glide   : 	at okhttp3.RealCall$AsyncCall.execute(RealCall.java:174)
08-06 16:01:05.942 24290 24290 I Glide   : 	at okhttp3.internal.NamedRunnable.run(NamedRunnable.java:32)
08-06 16:01:05.942 24290 24290 I Glide   : 	at java.util.concurrent.ThreadPoolExecutor.runWorker(ThreadPoolExecutor.java:1113)
08-06 16:01:05.942 24290 24290 I Glide   : 	at java.util.concurrent.ThreadPoolExecutor$Worker.run(ThreadPoolExecutor.java:588)
08-06 16:01:05.942 24290 24290 I Glide   : 	at java.lang.Thread.run(Thread.java:818)
08-06 16:01:05.942 24290 24290 W Glide   : Load failed for http://sixgun.org/files/linuxoutlaws.jpg with size [224x224]
08-06 16:01:05.942 24290 24290 W Glide   : class com.bumptech.glide.load.engine.GlideException: Failed to load resource
08-06 16:01:05.942 24290 24290 W Glide   : There was 1 cause:
08-06 16:01:05.942 24290 24290 W Glide   : com.bumptech.glide.load.HttpException()
08-06 16:01:05.942 24290 24290 W Glide   :  call GlideException#logRootCauses(String) for more detail
08-06 16:01:05.942 24290 24290 W Glide   :   Cause (1 of 1): class com.bumptech.glide.load.engine.GlideException: Fetching data failed, class java.io.InputStream, REMOTE
08-06 16:01:05.942 24290 24290 W Glide   : There was 1 cause:
08-06 16:01:05.942 24290 24290 W Glide   : com.bumptech.glide.load.HttpException()
08-06 16:01:05.942 24290 24290 W Glide   :  call GlideException#logRootCauses(String) for more detail
08-06 16:01:05.942 24290 24290 W Glide   :     Cause (1 of 1): class com.bumptech.glide.load.HttpException: 
08-06 16:01:05.942 24290 24290 I Glide   : Root cause (1 of 1)
08-06 16:01:05.942 24290 24290 I Glide   : com.bumptech.glide.load.HttpException: 
08-06 16:01:05.942 24290 24290 I Glide   : 	at com.bumptech.glide.integration.okhttp3.OkHttpStreamFetcher.onResponse(OkHttpStreamFetcher.java:73)
08-06 16:01:05.942 24290 24290 I Glide   : 	at okhttp3.RealCall$AsyncCall.execute(RealCall.java:174)
08-06 16:01:05.942 24290 24290 I Glide   : 	at okhttp3.internal.NamedRunnable.run(NamedRunnable.java:32)
08-06 16:01:05.942 24290 24290 I Glide   : 	at java.util.concurrent.ThreadPoolExecutor.runWorker(ThreadPoolExecutor.java:1113)
08-06 16:01:05.942 24290 24290 I Glide   : 	at java.util.concurrent.ThreadPoolExecutor$Worker.run(ThreadPoolExecutor.java:588)
08-06 16:01:05.942 24290 24290 I Glide   : 	at java.lang.Thread.run(Thread.java:818)
08-06 16:01:06.047   380   380 W SurfaceFlinger: couldn't log to binary event log: overflow.
08-06 16:01:06.068 24290 24880 I art     : Starting a blocking GC Explicit
08-06 16:01:06.108 24290 24880 I art     : Explicit concurrent mark sweep GC freed 3854(259KB) AllocSpace objects, 1(20KB) LOS objects, 23% free, 51MB/67MB, paused 1.433ms total 39.413ms
08-06 16:01:06.120 24290 24880 I art     : Starting a blocking GC Explicit
08-06 16:01:06.159 24290 24880 I art     : Explicit concurrent mark sweep GC freed 3338(261KB) AllocSpace objects, 1(28KB) LOS objects, 23% free, 50MB/66MB, paused 1.935ms total 38.986ms
08-06 16:01:06.172 24290 24880 I art     : Starting a blocking GC Explicit
08-06 16:01:06.214 24290 24880 I art     : Explicit concurrent mark sweep GC freed 3(96B) AllocSpace objects, 0(0B) LOS objects, 23% free, 50MB/66MB, paused 1.584ms total 41.830ms
08-06 16:01:06.227 24290 24880 I art     : Starting a blocking GC Explicit
08-06 16:01:06.270 24290 24880 I art     : Explicit concurrent mark sweep GC freed 3(96B) AllocSpace objects, 0(0B) LOS objects, 23% free, 50MB/66MB, paused 1.661ms total 43.371ms
08-06 16:01:06.283 24290 24880 I art     : Starting a blocking GC Explicit
08-06 16:01:06.328 24290 24880 I art     : Explicit concurrent mark sweep GC freed 3(96B) AllocSpace objects, 0(0B) LOS objects, 23% free, 50MB/66MB, paused 1.728ms total 44.885ms
08-06 16:01:06.694 24290 24301 I art     : Starting a blocking GC Explicit
08-06 16:01:06.749 24290 24301 I art     : Explicit concurrent mark sweep GC freed 1411(83KB) AllocSpace objects, 1(20KB) LOS objects, 23% free, 50MB/66MB, paused 1.744ms total 53.713ms
08-06 16:01:06.762 24290 24301 I art     : Starting a blocking GC Explicit
08-06 16:01:06.807 24290 24301 I art     : Explicit concurrent mark sweep GC freed 23(752B) AllocSpace objects, 0(0B) LOS objects, 23% free, 50MB/66MB, paused 1.623ms total 44.547ms
08-06 16:01:06.820 24290 24301 I art     : Starting a blocking GC Explicit
08-06 16:01:06.865 24290 24301 I art     : Explicit concurrent mark sweep GC freed 3(96B) AllocSpace objects, 0(0B) LOS objects, 23% free, 50MB/66MB, paused 1.617ms total 44.250ms
08-06 16:01:06.878 24290 24301 I art     : Starting a blocking GC Explicit
08-06 16:01:06.923 24290 24301 I art     : Explicit concurrent mark sweep GC freed 3(96B) AllocSpace objects, 0(0B) LOS objects, 23% free, 50MB/66MB, paused 1.470ms total 44.427ms
08-06 16:01:06.937 24290 24301 I art     : Starting a blocking GC Explicit
08-06 16:01:06.980 24290 24301 I art     : Explicit concurrent mark sweep GC freed 3(96B) AllocSpace objects, 0(0B) LOS objects, 23% free, 50MB/66MB, paused 1.593ms total 42.672ms
08-06 16:01:07.330 24290 24302 I art     : Starting a blocking GC Explicit
08-06 16:01:07.379 24290 24302 I art     : Explicit concurrent mark sweep GC freed 1394(81KB) AllocSpace objects, 1(20KB) LOS objects, 23% free, 50MB/66MB, paused 2.093ms total 49.598ms
08-06 16:01:07.393 24290 24302 I art     : Starting a blocking GC Explicit
08-06 16:01:07.436 24290 24302 I art     : Explicit concurrent mark sweep GC freed 65(1952B) AllocSpace objects, 0(0B) LOS objects, 23% free, 50MB/66MB, paused 1.795ms total 42.103ms
08-06 16:01:07.449 24290 24302 I art     : Starting a blocking GC Explicit
08-06 16:01:07.486 27843 27843 D AndroidRuntime: >>>>>> START com.android.internal.os.RuntimeInit uid 2000 <<<<<<
08-06 16:01:07.492 24290 24302 I art     : Explicit concurrent mark sweep GC freed 19(608B) AllocSpace objects, 0(0B) LOS objects, 23% free, 50MB/66MB, paused 1.682ms total 42.603ms
08-06 16:01:07.492 27843 27843 D AndroidRuntime: CheckJNI is OFF
08-06 16:01:07.505 24290 24302 I art     : Starting a blocking GC Explicit
08-06 16:01:07.537 27843 27843 D ICU     : No timezone override file found: /data/misc/zoneinfo/current/icu/icu_tzdata.dat
08-06 16:01:07.546 24290 24302 I art     : Explicit concurrent mark sweep GC freed 14(448B) AllocSpace objects, 0(0B) LOS objects, 23% free, 50MB/66MB, paused 1.536ms total 40.930ms
08-06 16:01:07.558 24290 24302 I art     : Starting a blocking GC Explicit
08-06 16:01:07.580 27843 27843 I Radio-JNI: register_android_hardware_Radio DONE
08-06 16:01:07.599 24290 24302 I art     : Explicit concurrent mark sweep GC freed 12(384B) AllocSpace objects, 0(0B) LOS objects, 23% free, 50MB/66MB, paused 1.695ms total 40.132ms
08-06 16:01:07.608 27843 27843 D AndroidRuntime: Calling main entry com.android.commands.input.Input
08-06 16:01:07.611 27843 27843 I Input   : injectKeyEvent: KeyEvent { action=ACTION_DOWN, keyCode=KEYCODE_BACK, scanCode=0, metaState=0, flags=0x0, repeatCount=0, eventTime=892884024, downTime=892884024, deviceId=-1, source=0x101 }
08-06 16:01:07.617 27843 27843 I Input   : injectKeyEvent: KeyEvent { action=ACTION_UP, keyCode=KEYCODE_BACK, scanCode=0, metaState=0, flags=0x0, repeatCount=0, eventTime=892884024, downTime=892884024, deviceId=-1, source=0x101 }
08-06 16:01:07.638 27843 27843 D AndroidRuntime: Shutting down VM
08-06 16:01:07.935 24290 24302 I art     : Starting a blocking GC Explicit
08-06 16:01:07.992 24290 24302 I art     : Explicit concurrent mark sweep GC freed 3562(171KB) AllocSpace objects, 1(20KB) LOS objects, 23% free, 50MB/66MB, paused 2.102ms total 56.400ms
08-06 16:01:08.007 24290 24302 I art     : Starting a blocking GC Explicit
08-06 16:01:08.052 24290 24302 I art     : Explicit concurrent mark sweep GC freed 5335(394KB) AllocSpace objects, 9(1620KB) LOS objects, 24% free, 48MB/64MB, paused 1.658ms total 44.246ms
08-06 16:01:08.065 24290 24302 I art     : Starting a blocking GC Explicit
08-06 16:01:08.108 24290 24302 I art     : Explicit concurrent mark sweep GC freed 3(96B) AllocSpace objects, 0(0B) LOS objects, 24% free, 48MB/64MB, paused 1.721ms total 42.659ms
08-06 16:01:08.121 24290 24302 I art     : Starting a blocking GC Explicit
08-06 16:01:08.163 24290 24302 I art     : Explicit concurrent mark sweep GC freed 3(96B) AllocSpace objects, 0(0B) LOS objects, 24% free, 48MB/64MB, paused 1.634ms total 42.440ms
08-06 16:01:08.176 24290 24302 I art     : Starting a blocking GC Explicit
08-06 16:01:08.220 24290 24302 I art     : Explicit concurrent mark sweep GC freed 3(96B) AllocSpace objects, 0(0B) LOS objects, 24% free, 48MB/64MB, paused 1.668ms total 43.056ms
08-06 16:01:08.591 24290 24880 I art     : Starting a blocking GC Explicit
08-06 16:01:08.643 24290 24880 I art     : Explicit concurrent mark sweep GC freed 1411(82KB) AllocSpace objects, 1(20KB) LOS objects, 24% free, 48MB/64MB, paused 1.693ms total 50.988ms
08-06 16:01:08.659 24290 24880 I art     : Starting a blocking GC Explicit
08-06 16:01:08.701 24290 24880 I art     : Explicit concurrent mark sweep GC freed 23(752B) AllocSpace objects, 0(0B) LOS objects, 24% free, 48MB/64MB, paused 1.578ms total 42.414ms
08-06 16:01:08.714 24290 24880 I art     : Starting a blocking GC Explicit
08-06 16:01:08.757 24290 24880 I art     : Explicit concurrent mark sweep GC freed 3(96B) AllocSpace objects, 0(0B) LOS objects, 24% free, 48MB/64MB, paused 1.598ms total 42.364ms
08-06 16:01:08.770 24290 24880 I art     : Starting a blocking GC Explicit
08-06 16:01:08.812 24290 24880 I art     : Explicit concurrent mark sweep GC freed 3(96B) AllocSpace objects, 0(0B) LOS objects, 24% free, 48MB/64MB, paused 1.615ms total 42.200ms
08-06 16:01:08.825 24290 24880 I art     : Starting a blocking GC Explicit
08-06 16:01:08.868 24290 24880 I art     : Explicit concurrent mark sweep GC freed 3(96B) AllocSpace objects, 0(0B) LOS objects, 24% free, 48MB/64MB, paused 1.630ms total 42.323ms
08-06 16:01:09.215 24290 24420 I art     : Starting a blocking GC Explicit
08-06 16:01:09.261 24290 24420 I art     : Explicit concurrent mark sweep GC freed 1382(82KB) AllocSpace objects, 1(20KB) LOS objects, 24% free, 48MB/64MB, paused 1.658ms total 45.521ms
08-06 16:01:09.275 24290 24420 I art     : Starting a blocking GC Explicit
08-06 16:01:09.316 24290 24420 I art     : Explicit concurrent mark sweep GC freed 29(944B) AllocSpace objects, 0(0B) LOS objects, 24% free, 48MB/64MB, paused 1.612ms total 40.858ms
08-06 16:01:09.329 24290 24420 I art     : Starting a blocking GC Explicit
08-06 16:01:09.371 24290 24420 I art     : Explicit concurrent mark sweep GC freed 9(288B) AllocSpace objects, 0(0B) LOS objects, 24% free, 48MB/64MB, paused 1.678ms total 41.857ms
08-06 16:01:09.383 24290 24420 I art     : Starting a blocking GC Explicit
08-06 16:01:09.424 24290 24420 I art     : Explicit concurrent mark sweep GC freed 40(1136B) AllocSpace objects, 0(0B) LOS objects, 24% free, 48MB/64MB, paused 1.535ms total 40.440ms
08-06 16:01:09.437 24290 24420 I art     : Starting a blocking GC Explicit
08-06 16:01:09.477 27891 27891 D AndroidRuntime: >>>>>> START com.android.internal.os.RuntimeInit uid 2000 <<<<<<
08-06 16:01:09.478 24290 24420 I art     : Explicit concurrent mark sweep GC freed 9(288B) AllocSpace objects, 0(0B) LOS objects, 24% free, 48MB/64MB, paused 1.752ms total 40.213ms
08-06 16:01:09.483 27891 27891 D AndroidRuntime: CheckJNI is OFF
08-06 16:01:09.524 27891 27891 D ICU     : No timezone override file found: /data/misc/zoneinfo/current/icu/icu_tzdata.dat
08-06 16:01:09.567 27891 27891 I Radio-JNI: register_android_hardware_Radio DONE
08-06 16:01:09.595 27891 27891 D AndroidRuntime: Calling main entry com.android.commands.am.Am
08-06 16:01:09.605   779   779 I Trepn   : Trepn 6.2s: Received intent: com.quicinc.trepn.stop_profiling
08-06 16:01:09.669   779   779 I Trepn   : Trepn 6.2s: Trepn has Stopped Profiling.
08-06 16:01:09.856 24290 24301 I art     : Starting a blocking GC Explicit
08-06 16:01:09.880 27891 27891 D AndroidRuntime: Shutting down VM
08-06 16:01:09.901   918   929 W AppOps  : Finishing op nesting under-run: uid 10078 pkg com.quicinc.trepn code 24 time=0 duration=0 nesting=0
08-06 16:01:09.916 24290 24301 I art     : Explicit concurrent mark sweep GC freed 1385(83KB) AllocSpace objects, 1(20KB) LOS objects, 24% free, 48MB/64MB, paused 1.560ms total 59.629ms
08-06 16:01:09.927 24290 24301 I art     : Starting a blocking GC Explicit
08-06 16:01:09.965 24290 24301 I art     : Explicit concurrent mark sweep GC freed 23(752B) AllocSpace objects, 0(0B) LOS objects, 24% free, 48MB/64MB, paused 1.554ms total 36.950ms
08-06 16:01:09.977 24290 24301 I art     : Starting a blocking GC Explicit
08-06 16:01:10.016 24290 24301 I art     : Explicit concurrent mark sweep GC freed 3(96B) AllocSpace objects, 0(0B) LOS objects, 24% free, 48MB/64MB, paused 1.578ms total 38.906ms
08-06 16:01:10.028 24290 24301 I art     : Starting a blocking GC Explicit
08-06 16:01:10.070 24290 24301 I art     : Explicit concurrent mark sweep GC freed 3(96B) AllocSpace objects, 0(0B) LOS objects, 24% free, 48MB/64MB, paused 1.629ms total 40.968ms
08-06 16:01:10.082 24290 24301 I art     : Starting a blocking GC Explicit
08-06 16:01:10.125 24290 24301 I art     : Explicit concurrent mark sweep GC freed 3(96B) AllocSpace objects, 0(0B) LOS objects, 24% free, 48MB/64MB, paused 1.519ms total 42.091ms
08-06 16:01:10.475 24290 24880 I art     : Starting a blocking GC Explicit
08-06 16:01:10.517 24290 24880 I art     : Explicit concurrent mark sweep GC freed 1412(82KB) AllocSpace objects, 1(20KB) LOS objects, 24% free, 48MB/64MB, paused 1.606ms total 41.883ms
08-06 16:01:10.530 24290 24880 I art     : Starting a blocking GC Explicit
08-06 16:01:10.571 24290 24880 I art     : Explicit concurrent mark sweep GC freed 23(752B) AllocSpace objects, 0(0B) LOS objects, 24% free, 48MB/64MB, paused 1.598ms total 39.953ms
08-06 16:01:10.583 24290 24880 I art     : Starting a blocking GC Explicit
08-06 16:01:10.623 24290 24880 I art     : Explicit concurrent mark sweep GC freed 3(96B) AllocSpace objects, 0(0B) LOS objects, 24% free, 48MB/64MB, paused 1.487ms total 39.943ms
08-06 16:01:10.636 24290 24880 I art     : Starting a blocking GC Explicit
08-06 16:01:10.677 24290 24880 I art     : Explicit concurrent mark sweep GC freed 3(96B) AllocSpace objects, 0(0B) LOS objects, 24% free, 48MB/64MB, paused 1.489ms total 40.095ms
08-06 16:01:10.689 24290 24880 I art     : Starting a blocking GC Explicit
08-06 16:01:10.731 24290 24880 I art     : Explicit concurrent mark sweep GC freed 3(96B) AllocSpace objects, 0(0B) LOS objects, 24% free, 48MB/64MB, paused 1.562ms total 41.659ms
