08-06 11:38:13.448 15100 17470 I art     : Explicit concurrent mark sweep GC freed 23(752B) AllocSpace objects, 0(0B) LOS objects, 24% free, 50MB/66MB, paused 874us total 32.963ms
08-06 11:38:13.458 15100 17470 I art     : Starting a blocking GC Explicit
08-06 11:38:13.489 15100 17470 I art     : Explicit concurrent mark sweep GC freed 3(96B) AllocSpace objects, 0(0B) LOS objects, 24% free, 50MB/66MB, paused 804us total 30.750ms
08-06 11:38:13.498 15100 17470 I art     : Starting a blocking GC Explicit
08-06 11:38:13.529 15100 17470 I art     : Explicit concurrent mark sweep GC freed 3(96B) AllocSpace objects, 0(0B) LOS objects, 24% free, 50MB/66MB, paused 822us total 30.628ms
08-06 11:38:13.538 15100 17470 I art     : Starting a blocking GC Explicit
08-06 11:38:13.569 15100 17470 I art     : Explicit concurrent mark sweep GC freed 3(96B) AllocSpace objects, 0(0B) LOS objects, 24% free, 50MB/66MB, paused 740us total 30.879ms
08-06 11:38:13.586   918  1210 D NetlinkSocketObserver: NeighborEvent{elapsedMs=1860497461, 192.168.2.254, [7C3953A63323], RTM_NEWNEIGH, NUD_STALE}
08-06 11:38:13.846 15100 15220 I art     : Starting a blocking GC Explicit
08-06 11:38:13.879 15100 15220 I art     : Explicit concurrent mark sweep GC freed 1373(82KB) AllocSpace objects, 1(20KB) LOS objects, 24% free, 50MB/66MB, paused 884us total 32.505ms
08-06 11:38:13.883 18019 18019 D AndroidRuntime: >>>>>> START com.android.internal.os.RuntimeInit uid 2000 <<<<<<
08-06 11:38:13.887 18019 18019 D AndroidRuntime: CheckJNI is OFF
08-06 11:38:13.889 15100 15220 I art     : Starting a blocking GC Explicit
08-06 11:38:13.913 18019 18019 D ICU     : No timezone override file found: /data/misc/zoneinfo/current/icu/icu_tzdata.dat
08-06 11:38:13.918 15100 15220 I art     : Explicit concurrent mark sweep GC freed 23(752B) AllocSpace objects, 0(0B) LOS objects, 24% free, 50MB/66MB, paused 860us total 28.923ms
08-06 11:38:13.927 15100 15220 I art     : Starting a blocking GC Explicit
08-06 11:38:13.938 18019 18019 I Radio-JNI: register_android_hardware_Radio DONE
08-06 11:38:13.954 18019 18019 D AndroidRuntime: Calling main entry com.android.commands.input.Input
08-06 11:38:13.954 15100 15220 I art     : Explicit concurrent mark sweep GC freed 3(96B) AllocSpace objects, 0(0B) LOS objects, 24% free, 50MB/66MB, paused 862us total 27.307ms
08-06 11:38:13.955 18019 18019 I Input   : injectMotionEvent: MotionEvent { action=ACTION_DOWN, actionButton=0, id[0]=0, x[0]=733.0, y[0]=896.0, toolType[0]=TOOL_TYPE_UNKNOWN, buttonState=0, metaState=0, flags=0x0, edgeFlags=0x0, pointerCount=1, historySize=0, eventTime=877110368, downTime=877110368, deviceId=0, source=0x1002 }
08-06 11:38:13.962 18019 18019 I Input   : injectMotionEvent: MotionEvent { action=ACTION_UP, actionButton=0, id[0]=0, x[0]=733.0, y[0]=896.0, toolType[0]=TOOL_TYPE_UNKNOWN, buttonState=0, metaState=0, flags=0x0, edgeFlags=0x0, pointerCount=1, historySize=0, eventTime=877110368, downTime=877110368, deviceId=0, source=0x1002 }
08-06 11:38:13.963 15100 15220 I art     : Starting a blocking GC Explicit
08-06 11:38:13.964 18019 18019 D AndroidRuntime: Shutting down VM
08-06 11:38:13.992 15100 15220 I art     : Explicit concurrent mark sweep GC freed 52(1552B) AllocSpace objects, 0(0B) LOS objects, 24% free, 50MB/66MB, paused 853us total 29.431ms
08-06 11:38:14.001 15100 15220 I art     : Starting a blocking GC Explicit
08-06 11:38:14.030 15100 15220 I art     : Explicit concurrent mark sweep GC freed 12(384B) AllocSpace objects, 0(0B) LOS objects, 24% free, 50MB/66MB, paused 890us total 29.130ms
08-06 11:38:14.046   512  2967 D audio_hw_primary: out_set_parameters: enter: usecase(1: low-latency-playback) kvpairs: routing=2
08-06 11:38:14.059   512  2967 D audio_hw_primary: select_devices: out_snd_device(2: speaker) in_snd_device(0: none)
08-06 11:38:14.059   512  2967 D msm8974_platform: platform_send_audio_calibration: sending audio calibration for snd_device(2) acdb_id(15)
08-06 11:38:14.059   512  2967 I soundtrigger: audio_extn_sound_trigger_update_device_status: device 0x2 of type 0 for Event 1
08-06 11:38:14.069   512  2967 D audio_hw_primary: enable_snd_device: snd_device(2: speaker)
08-06 11:38:14.071   512  2967 D audio_hw_primary: enable_audio_route: apply and update mixer path: low-latency-playback speaker
08-06 11:38:14.073 15100 15100 I WebViewFactory: Loading com.google.android.webview version 84.0.4147.89 (code 414708953)
08-06 11:38:14.280 15100 15113 I art     : Starting a blocking GC Explicit
08-06 11:38:14.313 15100 15113 I art     : Explicit concurrent mark sweep GC freed 3235(188KB) AllocSpace objects, 1(20KB) LOS objects, 23% free, 50MB/66MB, paused 1.217ms total 33.051ms
08-06 11:38:14.324 15100 15113 I art     : Starting a blocking GC Explicit
08-06 11:38:14.356 15100 15113 I art     : Explicit concurrent mark sweep GC freed 1030(91KB) AllocSpace objects, 0(0B) LOS objects, 23% free, 51MB/67MB, paused 1.626ms total 31.913ms
08-06 11:38:14.367 15100 15113 I art     : Starting a blocking GC Explicit
08-06 11:38:14.390   918   929 I ActivityManager: Start proc 18064:com.google.android.webview:webview_service/u0a74 for service com.google.android.webview/org.chromium.android_webview.services.VariationsSeedServer
08-06 11:38:14.399 15100 15113 I art     : Explicit concurrent mark sweep GC freed 2495(219KB) AllocSpace objects, 2(40KB) LOS objects, 23% free, 51MB/67MB, paused 1.101ms total 31.560ms
08-06 11:38:14.409 15100 15113 I art     : Starting a blocking GC Explicit
08-06 11:38:14.413 15100 15100 I cr_LibraryLoader: Loaded native library version number "84.0.4147.89"
08-06 11:38:14.421 18064 18064 I LoadedApk: No resource references to update in package com.google.android.webview_translations
08-06 11:38:14.424 15100 15100 I cr_CachingUmaRecorder: Flushed 5 samples from 5 histograms.
08-06 11:38:14.439 15100 15113 I art     : Explicit concurrent mark sweep GC freed 119(10KB) AllocSpace objects, 0(0B) LOS objects, 23% free, 51MB/67MB, paused 951us total 29.870ms
08-06 11:38:14.447 15100 15113 I art     : Starting a blocking GC Explicit
08-06 11:38:14.479 15100 15113 I art     : Explicit concurrent mark sweep GC freed 692(94KB) AllocSpace objects, 0(0B) LOS objects, 23% free, 51MB/67MB, paused 1.342ms total 31.682ms
08-06 11:38:14.569 15100 15100 E chromium: [ERROR:filesystem_posix.cc(62)] mkdir /data/user/0/baseline.de.danoeh.antennapod.debug/cache/WebView/Crashpad: No such file or directory (2)
08-06 11:38:14.599   512  2967 D audio_hw_primary: disable_audio_route: reset and update mixer path: low-latency-playback speaker
08-06 11:38:14.599   512  2967 D audio_hw_primary: disable_snd_device: snd_device(2: speaker)
08-06 11:38:14.607   512  2967 I soundtrigger: audio_extn_sound_trigger_update_device_status: device 0x2 of type 0 for Event 0
08-06 11:38:14.751   918  6112 D ConnectivityService: listenForNetwork for Listen from uid/pid:10711/15100 for NetworkRequest [ id=3917, legacyType=-1, [ Capabilities: INTERNET&NOT_RESTRICTED&TRUSTED] ]
08-06 11:38:14.770 15100 16624 I art     : Starting a blocking GC Explicit
08-06 11:38:14.782 15100 15120 D DBReader: getFeedItem() called with: itemId = [2]
08-06 11:38:14.782 15100 15120 D DBReader: Loading feeditem with id 2
08-06 11:38:14.782 15100 15100 D ItemFragment: onEventMainThread() called with: event = [DownloadEvent{update=DownloaderUpdate{downloaders=[], feedIds=[], mediaIds=[]}}]
08-06 11:38:14.783 15100 15120 D DBReader: getFavoriteIDList() called
08-06 11:38:14.784 15100 15120 D DBReader: getQueueIDList() called
08-06 11:38:14.784 15100 15120 D DBReader: Extracting Feedlist
08-06 11:38:14.784 15100 15100 I Choreographer: Skipped 42 frames!  The application may be doing too much work on its main thread.
08-06 11:38:14.786 13866 13866 I GoogleInputMethodServic: GoogleInputMethodService.onFinishInput():3138 
08-06 11:38:14.786 13866 13866 I GoogleInputMethodServic: GoogleInputMethodService.onStartInput():1808 
08-06 11:38:14.790 15100 15120 D DBReader: loadExtraInformationOfFeedItem() called with: item = [FeedItem[autoDownload=1,chapters=<null>,contentEncoded=<null>,description=<null>,feed=baseline.de.danoeh.antennapod.core.feed.Feed@319f2b0,feedId=2,flattrStatus=baseline.de.danoeh.antennapod.core.util.flattr.FlattrStatus@e1e2529,hasChapters=false,imageUrl=http://static.libsyn.com/p/assets/2/7/8/6/278615fe73b1f0ca/JRE1514.jpg,itemIdentifier=a0870b6b-c887-4883-930c-a06d5e1a8f7e,link=http://traffic.libsyn.com/joeroganexp/p1514.mp3,media=baseline.de.danoeh.antennapod.core.feed.FeedMedia@8de80ae,paymentLink=<null>,pubDate=Fri Jul 24 21:00:00 GMT+02:00 2020,state=-1,tags=[],title=#1514 - Joe De Sena,id=2]]
08-06 11:38:14.793 15100 15100 E libEGL  : validate_display:255 error 3008 (EGL_BAD_DISPLAY)
08-06 11:38:14.804 15100 16624 I art     : Explicit concurrent mark sweep GC freed 6133(476KB) AllocSpace objects, 2(88KB) LOS objects, 23% free, 51MB/67MB, paused 1.377ms total 33.978ms
08-06 11:38:14.813 15100 16624 I art     : Starting a blocking GC Explicit
08-06 11:38:14.844 15100 16624 I art     : Explicit concurrent mark sweep GC freed 511(38KB) AllocSpace objects, 0(0B) LOS objects, 23% free, 51MB/67MB, paused 1.440ms total 31.436ms
08-06 11:38:14.857 15100 16624 I art     : Starting a blocking GC Explicit
08-06 11:38:14.857   918   935 D BluetoothManagerService: Added callback: android.bluetooth.IBluetoothManagerCallback$Stub$Proxy@6ea4aff:true
08-06 11:38:14.865 15100 16048 D ApOkHttpUrlLoader: buildLoadData() called with: model = [http://static.libsyn.com/p/assets/2/7/8/6/278615fe73b1f0ca/JRE1514.jpg], width = [175], height = [175]
08-06 11:38:14.867 15100 15846 D DBReader: getImageAuthentication() called with: imageUrl = [http://static.libsyn.com/p/assets/2/7/8/6/278615fe73b1f0ca/JRE1514.jpg]
08-06 11:38:14.871 15100 15846 D ApOkHttpUrlLoader: no credentials for 'http://static.libsyn.com/p/assets/2/7/8/6/278615fe73b1f0ca/JRE1514.jpg'
08-06 11:38:14.897 15100 16624 I art     : Explicit concurrent mark sweep GC freed 1271(91KB) AllocSpace objects, 3(84KB) LOS objects, 23% free, 51MB/67MB, paused 1.282ms total 40.153ms
08-06 11:38:14.906 15100 16624 I art     : Starting a blocking GC Explicit
08-06 11:38:14.936 15100 16624 I art     : Explicit concurrent mark sweep GC freed 983(62KB) AllocSpace objects, 1(28KB) LOS objects, 23% free, 51MB/67MB, paused 824us total 29.808ms
08-06 11:38:14.946 15100 16624 I art     : Starting a blocking GC Explicit
08-06 11:38:14.965 15100 15846 D MYTAG   : interceptor 2a
08-06 11:38:14.965 15100 15846 I NAPPA_EXPERIMENTATION: MetricNetworkRequestExecutionTime: REQUEST_DURATION_SYSTEM='93',REQUEST_DURATION_OKHTTP='93',REQUEST_SYNCHRONOUS='TRUE',RESPONSE_CODE='200',RESPONSE_METHOD='GET',RESPONSE_LENGTH_OKHTTP='364960',RESPONSE_LENGTH_HEADER='364960',REQUEST_PROTOCOL='http/1.1',REQUEST_URL='http://static.libsyn.com/p/assets/2/7/8/6/278615fe73b1f0ca/JRE1514.jpg',
08-06 11:38:14.974 15100 16624 I art     : Explicit concurrent mark sweep GC freed 195(18KB) AllocSpace objects, 0(0B) LOS objects, 23% free, 51MB/67MB, paused 909us total 27.994ms
08-06 11:38:15.251 15100 17470 I art     : Starting a blocking GC Explicit
08-06 11:38:15.292 15100 17470 I art     : Explicit concurrent mark sweep GC freed 1816(127KB) AllocSpace objects, 1(20KB) LOS objects, 23% free, 51MB/67MB, paused 983us total 40.101ms
08-06 11:38:15.302 15100 17470 I art     : Starting a blocking GC Explicit
08-06 11:38:15.333 15100 17470 I art     : Explicit concurrent mark sweep GC freed 57(1936B) AllocSpace objects, 0(0B) LOS objects, 23% free, 51MB/67MB, paused 763us total 30.487ms
08-06 11:38:15.342 15100 17470 I art     : Starting a blocking GC Explicit
08-06 11:38:15.373 15100 17470 I art     : Explicit concurrent mark sweep GC freed 7(224B) AllocSpace objects, 0(0B) LOS objects, 23% free, 51MB/67MB, paused 956us total 30.938ms
08-06 11:38:15.382 15100 17470 I art     : Starting a blocking GC Explicit
08-06 11:38:15.413 15100 17470 I art     : Explicit concurrent mark sweep GC freed 8(256B) AllocSpace objects, 0(0B) LOS objects, 23% free, 51MB/67MB, paused 962us total 31.107ms
08-06 11:38:15.422 15100 17470 I art     : Starting a blocking GC Explicit
08-06 11:38:15.453 15100 17470 I art     : Explicit concurrent mark sweep GC freed 8(256B) AllocSpace objects, 0(0B) LOS objects, 23% free, 51MB/67MB, paused 819us total 30.213ms
08-06 11:38:15.796 15100 15112 I art     : Starting a blocking GC Explicit
08-06 11:38:15.836 15100 15112 I art     : Explicit concurrent mark sweep GC freed 1431(82KB) AllocSpace objects, 1(20KB) LOS objects, 23% free, 51MB/67MB, paused 836us total 39.743ms
08-06 11:38:15.849 15100 15112 I art     : Starting a blocking GC Explicit
08-06 11:38:15.881 15100 15112 I art     : Explicit concurrent mark sweep GC freed 27(880B) AllocSpace objects, 0(0B) LOS objects, 23% free, 51MB/67MB, paused 863us total 31.893ms
08-06 11:38:15.890 15100 15112 I art     : Starting a blocking GC Explicit
08-06 11:38:15.920 15100 15112 I art     : Explicit concurrent mark sweep GC freed 8(256B) AllocSpace objects, 0(0B) LOS objects, 23% free, 51MB/67MB, paused 854us total 30.063ms
08-06 11:38:15.929 15100 15112 I art     : Starting a blocking GC Explicit
08-06 11:38:15.960 15100 15112 I art     : Explicit concurrent mark sweep GC freed 7(224B) AllocSpace objects, 0(0B) LOS objects, 23% free, 51MB/67MB, paused 860us total 30.639ms
08-06 11:38:15.968 15100 15112 I art     : Starting a blocking GC Explicit
08-06 11:38:15.999 15100 15112 I art     : Explicit concurrent mark sweep GC freed 37(1040B) AllocSpace objects, 0(0B) LOS objects, 23% free, 51MB/67MB, paused 877us total 30.498ms
08-06 11:38:16.353 15100 15220 I art     : Starting a blocking GC Explicit
08-06 11:38:16.392 15100 15220 I art     : Explicit concurrent mark sweep GC freed 1428(82KB) AllocSpace objects, 1(20KB) LOS objects, 23% free, 51MB/67MB, paused 918us total 39.449ms
08-06 11:38:16.402 15100 15220 I art     : Starting a blocking GC Explicit
08-06 11:38:16.434 15100 15220 I art     : Explicit concurrent mark sweep GC freed 32(1040B) AllocSpace objects, 0(0B) LOS objects, 23% free, 51MB/67MB, paused 761us total 30.876ms
08-06 11:38:16.442 15100 15220 I art     : Starting a blocking GC Explicit
08-06 11:38:16.478 15100 15220 I art     : Explicit concurrent mark sweep GC freed 14(448B) AllocSpace objects, 0(0B) LOS objects, 23% free, 51MB/67MB, paused 1.057ms total 35.198ms
08-06 11:38:16.488 15100 15220 I art     : Starting a blocking GC Explicit
08-06 11:38:16.521 15100 15220 I art     : Explicit concurrent mark sweep GC freed 14(448B) AllocSpace objects, 0(0B) LOS objects, 23% free, 51MB/67MB, paused 947us total 32.349ms
08-06 11:38:16.530 15100 15220 I art     : Starting a blocking GC Explicit
08-06 11:38:16.563 15100 15220 I art     : Explicit concurrent mark sweep GC freed 12(384B) AllocSpace objects, 0(0B) LOS objects, 23% free, 51MB/67MB, paused 959us total 32.694ms
08-06 11:38:16.921 15100 17470 I art     : Starting a blocking GC Explicit
08-06 11:38:16.967 15100 17470 I art     : Explicit concurrent mark sweep GC freed 1405(82KB) AllocSpace objects, 1(20KB) LOS objects, 23% free, 51MB/67MB, paused 938us total 45.904ms
08-06 11:38:16.977 15100 17470 I art     : Starting a blocking GC Explicit
08-06 11:38:17.013 15100 17470 I art     : Explicit concurrent mark sweep GC freed 52(1536B) AllocSpace objects, 0(0B) LOS objects, 23% free, 51MB/67MB, paused 923us total 35.937ms
08-06 11:38:17.023 15100 17470 I art     : Starting a blocking GC Explicit
08-06 11:38:17.058 15100 17470 I art     : Explicit concurrent mark sweep GC freed 3(96B) AllocSpace objects, 0(0B) LOS objects, 23% free, 51MB/67MB, paused 1.009ms total 35.117ms
08-06 11:38:17.068 15100 17470 I art     : Starting a blocking GC Explicit
08-06 11:38:17.102 15100 17470 I art     : Explicit concurrent mark sweep GC freed 3(96B) AllocSpace objects, 0(0B) LOS objects, 23% free, 51MB/67MB, paused 915us total 33.938ms
08-06 11:38:17.111 15100 17470 I art     : Starting a blocking GC Explicit
08-06 11:38:17.146 15100 17470 I art     : Explicit concurrent mark sweep GC freed 3(96B) AllocSpace objects, 0(0B) LOS objects, 23% free, 51MB/67MB, paused 836us total 34.173ms
08-06 11:38:17.500 15100 15220 I art     : Starting a blocking GC Explicit
08-06 11:38:17.511 14957 14957 I ServiceManager: Waiting for service AtCmdFwd...
08-06 11:38:17.541 15100 15220 I art     : Explicit concurrent mark sweep GC freed 1382(81KB) AllocSpace objects, 1(20KB) LOS objects, 23% free, 51MB/67MB, paused 933us total 40.830ms
08-06 11:38:17.551 15100 15220 I art     : Starting a blocking GC Explicit
08-06 11:38:17.587 15100 15220 I art     : Explicit concurrent mark sweep GC freed 23(752B) AllocSpace objects, 0(0B) LOS objects, 23% free, 51MB/67MB, paused 916us total 35.302ms
08-06 11:38:17.596 15100 15220 I art     : Starting a blocking GC Explicit
08-06 11:38:17.631 15100 15220 I art     : Explicit concurrent mark sweep GC freed 3(96B) AllocSpace objects, 0(0B) LOS objects, 23% free, 51MB/67MB, paused 925us total 34.865ms
08-06 11:38:17.641 15100 15220 I art     : Starting a blocking GC Explicit
08-06 11:38:17.676 15100 15220 I art     : Explicit concurrent mark sweep GC freed 3(96B) AllocSpace objects, 0(0B) LOS objects, 23% free, 51MB/67MB, paused 921us total 35.012ms
08-06 11:38:17.685 15100 15220 I art     : Starting a blocking GC Explicit
08-06 11:38:17.720 15100 15220 I art     : Explicit concurrent mark sweep GC freed 3(96B) AllocSpace objects, 0(0B) LOS objects, 23% free, 51MB/67MB, paused 932us total 34.793ms
08-06 11:38:18.096 15100 15112 I art     : Starting a blocking GC Explicit
08-06 11:38:18.144 15100 15112 I art     : Explicit concurrent mark sweep GC freed 1411(83KB) AllocSpace objects, 1(20KB) LOS objects, 23% free, 51MB/67MB, paused 1.058ms total 47.101ms
08-06 11:38:18.158 15100 15112 I art     : Starting a blocking GC Explicit
08-06 11:38:18.195 15100 15112 I art     : Explicit concurrent mark sweep GC freed 23(752B) AllocSpace objects, 0(0B) LOS objects, 23% free, 51MB/67MB, paused 1.055ms total 36.285ms
08-06 11:38:18.205 15100 15112 I art     : Starting a blocking GC Explicit
08-06 11:38:18.238 15100 15112 I art     : Explicit concurrent mark sweep GC freed 3(96B) AllocSpace objects, 0(0B) LOS objects, 23% free, 51MB/67MB, paused 888us total 32.943ms
08-06 11:38:18.248 15100 15112 I art     : Starting a blocking GC Explicit
08-06 11:38:18.280 15100 15112 I art     : Explicit concurrent mark sweep GC freed 3(96B) AllocSpace objects, 0(0B) LOS objects, 23% free, 51MB/67MB, paused 926us total 31.805ms
08-06 11:38:18.289 15100 15112 I art     : Starting a blocking GC Explicit
08-06 11:38:18.321 15100 15112 I art     : Explicit concurrent mark sweep GC freed 3(96B) AllocSpace objects, 0(0B) LOS objects, 23% free, 51MB/67MB, paused 891us total 31.743ms
08-06 11:38:18.512 14957 14957 I ServiceManager: Waiting for service AtCmdFwd...
08-06 11:38:18.540 18220 18220 D AndroidRuntime: >>>>>> START com.android.internal.os.RuntimeInit uid 2000 <<<<<<
08-06 11:38:18.545 18220 18220 D AndroidRuntime: CheckJNI is OFF
08-06 11:38:18.570 18220 18220 D ICU     : No timezone override file found: /data/misc/zoneinfo/current/icu/icu_tzdata.dat
08-06 11:38:18.595 18220 18220 I Radio-JNI: register_android_hardware_Radio DONE
08-06 11:38:18.612 18220 18220 D AndroidRuntime: Calling main entry com.android.commands.input.Input
08-06 11:38:18.613 18220 18220 I Input   : injectKeyEvent: KeyEvent { action=ACTION_DOWN, keyCode=KEYCODE_BACK, scanCode=0, metaState=0, flags=0x0, repeatCount=0, eventTime=877115027, downTime=877115027, deviceId=-1, source=0x101 }
08-06 11:38:18.619 18220 18220 I Input   : injectKeyEvent: KeyEvent { action=ACTION_UP, keyCode=KEYCODE_BACK, scanCode=0, metaState=0, flags=0x0, repeatCount=0, eventTime=877115027, downTime=877115027, deviceId=-1, source=0x101 }
08-06 11:38:18.635 15100 15100 D ItemlistFragment: onEventMainThread() called with: event = [DownloadEvent{update=DownloaderUpdate{downloaders=[], feedIds=[], mediaIds=[]}}]
08-06 11:38:18.636 15100 15124 D DBReader: getFeed() called with: feedId = [2]
08-06 11:38:18.637 15100 15124 D DBReader: getFeedItemList() called with: feed = [baseline.de.danoeh.antennapod.core.feed.Feed@2]
08-06 11:38:18.637 18220 18220 D AndroidRuntime: Shutting down VM
08-06 11:38:18.639   918  3263 D ConnectivityService: releasing NetworkRequest NetworkRequest [ id=3917, legacyType=-1, [ Capabilities: INTERNET&NOT_RESTRICTED&TRUSTED] ]
08-06 11:38:18.649 15100 15113 I art     : Starting a blocking GC Explicit
08-06 11:38:18.657 15100 15100 D FeedMenuHandler: Preparing options menu
08-06 11:38:18.691 15100 15113 I art     : Explicit concurrent mark sweep GC freed 5703(272KB) AllocSpace objects, 1(20KB) LOS objects, 23% free, 53MB/69MB, paused 2.034ms total 41.506ms
08-06 11:38:18.698 15100 16048 D ApOkHttpUrlLoader: buildLoadData() called with: model = [http://static.libsyn.com/p/assets/7/1/f/3/71f3014e14ef2722/JREiTunesImage2.jpg], width = [1440], height = [462]
08-06 11:38:18.700 15100 15113 I art     : Starting a blocking GC Explicit
08-06 11:38:18.705 15100 15124 W PodDBAdapter: Length of id array is larger than 800. Creating multiple cursors
08-06 11:38:18.718 13866 13866 I GoogleInputMethodServic: GoogleInputMethodService.onFinishInput():3138 
08-06 11:38:18.719 13866 13866 I GoogleInputMethodServic: GoogleInputMethodService.onStartInput():1808 
08-06 11:38:18.738 15100 15113 I art     : Explicit concurrent mark sweep GC freed 7922(552KB) AllocSpace objects, 5(2MB) LOS objects, 23% free, 53MB/69MB, paused 1.277ms total 37.775ms
08-06 11:38:18.748 15100 15113 I art     : Starting a blocking GC Explicit
08-06 11:38:18.758 15100 15124 D DBReader: getFavoriteIDList() called
08-06 11:38:18.759 15100 15124 D DBReader: getQueueIDList() called
08-06 11:38:18.759 15100 15124 D DBReader: Extracting Feedlist
08-06 11:38:18.762 15100 16048 D ApOkHttpUrlLoader: buildLoadData() called with: model = [http://static.libsyn.com/p/assets/7/1/f/3/71f3014e14ef2722/JREiTunesImage2.jpg], width = [1440], height = [462]
08-06 11:38:18.772 15100 15100 D FeedMenuHandler: Preparing options menu
08-06 11:38:18.781 15100 15113 I art     : Explicit concurrent mark sweep GC freed 32528(2043KB) AllocSpace objects, 2(108KB) LOS objects, 22% free, 54MB/70MB, paused 1.449ms total 33.330ms
08-06 11:38:18.790 15100 15113 I art     : Starting a blocking GC Explicit
08-06 11:38:18.820 15100 15113 I art     : Explicit concurrent mark sweep GC freed 2697(114KB) AllocSpace objects, 1(16KB) LOS objects, 22% free, 54MB/70MB, paused 845us total 29.884ms
08-06 11:38:18.828 15100 15113 I art     : Starting a blocking GC Explicit
08-06 11:38:18.858 15100 15113 I art     : Explicit concurrent mark sweep GC freed 866(61KB) AllocSpace objects, 0(0B) LOS objects, 22% free, 54MB/70MB, paused 964us total 29.441ms
08-06 11:38:19.170 15100 15220 I art     : Starting a blocking GC Explicit
08-06 11:38:19.218 15100 15220 I art     : Explicit concurrent mark sweep GC freed 1410(81KB) AllocSpace objects, 1(20KB) LOS objects, 22% free, 54MB/70MB, paused 1.211ms total 47.584ms
08-06 11:38:19.229 15100 15220 I art     : Starting a blocking GC Explicit
08-06 11:38:19.266 15100 15220 I art     : Explicit concurrent mark sweep GC freed 23(752B) AllocSpace objects, 0(0B) LOS objects, 22% free, 54MB/70MB, paused 984us total 35.992ms
08-06 11:38:19.275 15100 15220 I art     : Starting a blocking GC Explicit
08-06 11:38:19.311 15100 15220 I art     : Explicit concurrent mark sweep GC freed 3(96B) AllocSpace objects, 0(0B) LOS objects, 22% free, 54MB/70MB, paused 951us total 35.361ms
08-06 11:38:19.320 15100 15220 I art     : Starting a blocking GC Explicit
08-06 11:38:19.356 15100 15220 I art     : Explicit concurrent mark sweep GC freed 3(96B) AllocSpace objects, 0(0B) LOS objects, 22% free, 54MB/70MB, paused 908us total 34.265ms
08-06 11:38:19.365 15100 15220 I art     : Starting a blocking GC Explicit
08-06 11:38:19.402 15100 15220 I art     : Explicit concurrent mark sweep GC freed 3(96B) AllocSpace objects, 0(0B) LOS objects, 22% free, 54MB/70MB, paused 907us total 36.179ms
08-06 11:38:19.512 14957 14957 I ServiceManager: Waiting for service AtCmdFwd...
08-06 11:38:19.732 15100 15112 I art     : Starting a blocking GC Explicit
08-06 11:38:19.776 15100 15112 I art     : Explicit concurrent mark sweep GC freed 1382(83KB) AllocSpace objects, 1(20KB) LOS objects, 22% free, 54MB/70MB, paused 952us total 43.114ms
08-06 11:38:19.786 15100 15112 I art     : Starting a blocking GC Explicit
08-06 11:38:19.821 15100 15112 I art     : Explicit concurrent mark sweep GC freed 23(752B) AllocSpace objects, 0(0B) LOS objects, 22% free, 54MB/70MB, paused 900us total 34.406ms
08-06 11:38:19.830 15100 15112 I art     : Starting a blocking GC Explicit
08-06 11:38:19.865 15100 15112 I art     : Explicit concurrent mark sweep GC freed 3(96B) AllocSpace objects, 0(0B) LOS objects, 22% free, 54MB/70MB, paused 825us total 34.259ms
08-06 11:38:19.874 15100 15112 I art     : Starting a blocking GC Explicit
08-06 11:38:19.906 15100 15112 I art     : Explicit concurrent mark sweep GC freed 3(96B) AllocSpace objects, 0(0B) LOS objects, 22% free, 54MB/70MB, paused 926us total 31.793ms
08-06 11:38:19.915 15100 15112 I art     : Starting a blocking GC Explicit
08-06 11:38:19.945 15100 15112 I art     : Explicit concurrent mark sweep GC freed 5(176B) AllocSpace objects, 0(0B) LOS objects, 22% free, 54MB/70MB, paused 898us total 29.547ms
08-06 11:38:20.173 18272 18272 D AndroidRuntime: >>>>>> START com.android.internal.os.RuntimeInit uid 2000 <<<<<<
08-06 11:38:20.177 18272 18272 D AndroidRuntime: CheckJNI is OFF
08-06 11:38:20.205 18272 18272 D ICU     : No timezone override file found: /data/misc/zoneinfo/current/icu/icu_tzdata.dat
08-06 11:38:20.231 18272 18272 I Radio-JNI: register_android_hardware_Radio DONE
08-06 11:38:20.244 15100 17470 I art     : Starting a blocking GC Explicit
08-06 11:38:20.249 18272 18272 D AndroidRuntime: Calling main entry com.android.commands.input.Input
08-06 11:38:20.251 18272 18272 I Input   : injectMotionEvent: MotionEvent { action=ACTION_DOWN, actionButton=0, id[0]=0, x[0]=103.0, y[0]=192.0, toolType[0]=TOOL_TYPE_UNKNOWN, buttonState=0, metaState=0, flags=0x0, edgeFlags=0x0, pointerCount=1, historySize=0, eventTime=877116664, downTime=877116664, deviceId=0, source=0x1002 }
08-06 11:38:20.261 18272 18272 I Input   : injectMotionEvent: MotionEvent { action=ACTION_UP, actionButton=0, id[0]=0, x[0]=103.0, y[0]=192.0, toolType[0]=TOOL_TYPE_UNKNOWN, buttonState=0, metaState=0, flags=0x0, edgeFlags=0x0, pointerCount=1, historySize=0, eventTime=877116664, downTime=877116664, deviceId=0, source=0x1002 }
08-06 11:38:20.262 18272 18272 D AndroidRuntime: Shutting down VM
08-06 11:38:20.272   512  2967 D audio_hw_primary: out_set_parameters: enter: usecase(1: low-latency-playback) kvpairs: routing=2
08-06 11:38:20.285   512  2967 D audio_hw_primary: select_devices: out_snd_device(2: speaker) in_snd_device(0: none)
08-06 11:38:20.285   512  2967 D msm8974_platform: platform_send_audio_calibration: sending audio calibration for snd_device(2) acdb_id(15)
08-06 11:38:20.285   512  2967 I soundtrigger: audio_extn_sound_trigger_update_device_status: device 0x2 of type 0 for Event 1
08-06 11:38:20.285 15100 17470 I art     : Explicit concurrent mark sweep GC freed 1440(83KB) AllocSpace objects, 1(20KB) LOS objects, 22% free, 54MB/70MB, paused 909us total 41.065ms
08-06 11:38:20.296 15100 17470 I art     : Starting a blocking GC Explicit
08-06 11:38:20.297   512  2967 D audio_hw_primary: enable_snd_device: snd_device(2: speaker)
08-06 11:38:20.299   512  2967 D audio_hw_primary: enable_audio_route: apply and update mixer path: low-latency-playback speaker
08-06 11:38:20.326 15100 17470 I art     : Explicit concurrent mark sweep GC freed 53(2016B) AllocSpace objects, 0(0B) LOS objects, 22% free, 54MB/70MB, paused 855us total 30.500ms
08-06 11:38:20.335 15100 17470 I art     : Starting a blocking GC Explicit
08-06 11:38:20.366 15100 17470 I art     : Explicit concurrent mark sweep GC freed 389(19KB) AllocSpace objects, 0(0B) LOS objects, 22% free, 54MB/70MB, paused 914us total 30.936ms
08-06 11:38:20.375 15100 17470 I art     : Starting a blocking GC Explicit
08-06 11:38:20.407 15100 17470 I art     : Explicit concurrent mark sweep GC freed 12(544B) AllocSpace objects, 0(0B) LOS objects, 22% free, 54MB/70MB, paused 913us total 31.674ms
08-06 11:38:20.417 15100 17470 I art     : Starting a blocking GC Explicit
08-06 11:38:20.449 15100 17470 I art     : Explicit concurrent mark sweep GC freed 7(224B) AllocSpace objects, 0(0B) LOS objects, 22% free, 54MB/70MB, paused 926us total 31.985ms
08-06 11:38:20.512 14957 14957 I ServiceManager: Waiting for service AtCmdFwd...
08-06 11:38:20.728 15100 15112 I art     : Starting a blocking GC Explicit
08-06 11:38:20.774 15100 15112 I art     : Explicit concurrent mark sweep GC freed 2116(109KB) AllocSpace objects, 1(20KB) LOS objects, 22% free, 54MB/70MB, paused 1.020ms total 45.466ms
08-06 11:38:20.783 15100 15112 I art     : Starting a blocking GC Explicit
08-06 11:38:20.816 15100 15112 I art     : Explicit concurrent mark sweep GC freed 48(1888B) AllocSpace objects, 0(0B) LOS objects, 22% free, 54MB/70MB, paused 843us total 32.589ms
08-06 11:38:20.824 15100 15112 I art     : Starting a blocking GC Explicit
08-06 11:38:20.850   512  2967 D audio_hw_primary: disable_audio_route: reset and update mixer path: low-latency-playback speaker
08-06 11:38:20.851   512  2967 D audio_hw_primary: disable_snd_device: snd_device(2: speaker)
08-06 11:38:20.855 15100 15112 I art     : Explicit concurrent mark sweep GC freed 3(96B) AllocSpace objects, 0(0B) LOS objects, 22% free, 54MB/70MB, paused 883us total 30.487ms
08-06 11:38:20.859   512  2967 I soundtrigger: audio_extn_sound_trigger_update_device_status: device 0x2 of type 0 for Event 0
08-06 11:38:20.864 15100 15112 I art     : Starting a blocking GC Explicit
08-06 11:38:20.896 15100 15112 I art     : Explicit concurrent mark sweep GC freed 3(96B) AllocSpace objects, 0(0B) LOS objects, 22% free, 54MB/70MB, paused 855us total 31.825ms
08-06 11:38:20.905 15100 15112 I art     : Starting a blocking GC Explicit
08-06 11:38:20.935 15100 15112 I art     : Explicit concurrent mark sweep GC freed 3(96B) AllocSpace objects, 0(0B) LOS objects, 22% free, 54MB/70MB, paused 840us total 29.582ms
08-06 11:38:20.941   918  3261 D WifiStateMachine: starting scan for "H369AA63323"WPA_PSK with 2412,5180
08-06 11:38:21.255 15100 15113 I art     : Starting a blocking GC Explicit
08-06 11:38:21.299 15100 15113 I art     : Explicit concurrent mark sweep GC freed 2299(114KB) AllocSpace objects, 1(20KB) LOS objects, 22% free, 53MB/69MB, paused 1.122ms total 43.511ms
08-06 11:38:21.309 15100 15113 I art     : Starting a blocking GC Explicit
08-06 11:38:21.342 15100 15113 I art     : Explicit concurrent mark sweep GC freed 25(816B) AllocSpace objects, 0(0B) LOS objects, 22% free, 53MB/69MB, paused 872us total 32.775ms
08-06 11:38:21.352 15100 15113 I art     : Starting a blocking GC Explicit
08-06 11:38:21.387 15100 15113 I art     : Explicit concurrent mark sweep GC freed 3(96B) AllocSpace objects, 0(0B) LOS objects, 22% free, 53MB/69MB, paused 914us total 34.924ms
08-06 11:38:21.396 15100 15113 I art     : Starting a blocking GC Explicit
08-06 11:38:21.431 15100 15113 I art     : Explicit concurrent mark sweep GC freed 3(96B) AllocSpace objects, 0(0B) LOS objects, 22% free, 53MB/69MB, paused 886us total 34.586ms
08-06 11:38:21.440 15100 15113 I art     : Starting a blocking GC Explicit
08-06 11:38:21.475 15100 15113 I art     : Explicit concurrent mark sweep GC freed 3(96B) AllocSpace objects, 0(0B) LOS objects, 22% free, 53MB/69MB, paused 1.036ms total 34.810ms
08-06 11:38:21.513 14957 14957 I ServiceManager: Waiting for service AtCmdFwd...
08-06 11:38:21.763 15100 17470 I art     : Starting a blocking GC Explicit
08-06 11:38:21.797 15100 17470 I art     : Explicit concurrent mark sweep GC freed 1502(91KB) AllocSpace objects, 1(20KB) LOS objects, 22% free, 53MB/69MB, paused 905us total 34.462ms
08-06 11:38:21.808 15100 17470 I art     : Starting a blocking GC Explicit
08-06 11:38:21.810 18315 18315 D AndroidRuntime: >>>>>> START com.android.internal.os.RuntimeInit uid 2000 <<<<<<
08-06 11:38:21.814 18315 18315 D AndroidRuntime: CheckJNI is OFF
08-06 11:38:21.839 15100 17470 I art     : Explicit concurrent mark sweep GC freed 23(752B) AllocSpace objects, 0(0B) LOS objects, 22% free, 53MB/69MB, paused 860us total 31.207ms
08-06 11:38:21.841 18315 18315 D ICU     : No timezone override file found: /data/misc/zoneinfo/current/icu/icu_tzdata.dat
08-06 11:38:21.847 15100 17470 I art     : Starting a blocking GC Explicit
08-06 11:38:21.865 18315 18315 I Radio-JNI: register_android_hardware_Radio DONE
08-06 11:38:21.877 15100 17470 I art     : Explicit concurrent mark sweep GC freed 3(96B) AllocSpace objects, 0(0B) LOS objects, 22% free, 53MB/69MB, paused 927us total 29.616ms
08-06 11:38:21.881 18315 18315 D AndroidRuntime: Calling main entry com.android.commands.input.Input
08-06 11:38:21.883 18315 18315 I Input   : injectMotionEvent: MotionEvent { action=ACTION_DOWN, actionButton=0, id[0]=0, x[0]=409.0, y[0]=1034.0, toolType[0]=TOOL_TYPE_UNKNOWN, buttonState=0, metaState=0, flags=0x0, edgeFlags=0x0, pointerCount=1, historySize=0, eventTime=877118296, downTime=877118296, deviceId=0, source=0x1002 }
08-06 11:38:21.886 15100 17470 I art     : Starting a blocking GC Explicit
08-06 11:38:21.889 18315 18315 I Input   : injectMotionEvent: MotionEvent { action=ACTION_UP, actionButton=0, id[0]=0, x[0]=409.0, y[0]=1034.0, toolType[0]=TOOL_TYPE_UNKNOWN, buttonState=0, metaState=0, flags=0x0, edgeFlags=0x0, pointerCount=1, historySize=0, eventTime=877118296, downTime=877118296, deviceId=0, source=0x1002 }
08-06 11:38:21.891 18315 18315 D AndroidRuntime: Shutting down VM
08-06 11:38:21.918 15100 17470 I art     : Explicit concurrent mark sweep GC freed 41(1424B) AllocSpace objects, 0(0B) LOS objects, 22% free, 53MB/69MB, paused 897us total 32.425ms
08-06 11:38:21.927 15100 17470 I art     : Starting a blocking GC Explicit
08-06 11:38:21.955 15100 15100 D MainActivity: loadFragment(index: 5, args: null)
08-06 11:38:21.955 15100 15100 D MainActivity: loadFragment(tag: AddFeedFragment, args: null)
08-06 11:38:21.956 15100 15100 D MainActivity: saveLastNavFragment(tag: AddFeedFragment)
08-06 11:38:21.957   512  2967 D audio_hw_primary: out_set_parameters: enter: usecase(1: low-latency-playback) kvpairs: routing=2
08-06 11:38:21.957 15100 15100 D MainActivity: getLastNavFragment() -> AddFeedFragment
08-06 11:38:21.960 15100 17470 I art     : Explicit concurrent mark sweep GC freed 63(2896B) AllocSpace objects, 0(0B) LOS objects, 22% free, 53MB/69MB, paused 1.182ms total 32.026ms
08-06 11:38:21.970   512  2967 D audio_hw_primary: select_devices: out_snd_device(2: speaker) in_snd_device(0: none)
08-06 11:38:21.970   512  2967 D msm8974_platform: platform_send_audio_calibration: sending audio calibration for snd_device(2) acdb_id(15)
08-06 11:38:21.970   512  2967 I soundtrigger: audio_extn_sound_trigger_update_device_status: device 0x2 of type 0 for Event 1
08-06 11:38:21.979   512  2967 D audio_hw_primary: enable_snd_device: snd_device(2: speaker)
08-06 11:38:21.981   512  2967 D audio_hw_primary: enable_audio_route: apply and update mixer path: low-latency-playback speaker
08-06 11:38:21.990 13866 13866 I GoogleInputMethodServic: GoogleInputMethodService.onFinishInput():3138 
08-06 11:38:21.991 13866 13866 I GoogleInputMethodServic: GoogleInputMethodService.onStartInput():1808 
08-06 11:38:22.221 15100 15112 I art     : Starting a blocking GC Explicit
08-06 11:38:22.258 15100 15112 I art     : Explicit concurrent mark sweep GC freed 3783(199KB) AllocSpace objects, 2(40KB) LOS objects, 22% free, 54MB/70MB, paused 860us total 36.972ms
08-06 11:38:22.269 15100 15112 I art     : Starting a blocking GC Explicit
08-06 11:38:22.296 15100 15112 I art     : Explicit concurrent mark sweep GC freed 31499(2MB) AllocSpace objects, 9(3MB) LOS objects, 24% free, 48MB/64MB, paused 733us total 27.258ms
08-06 11:38:22.304 15100 15112 I art     : Starting a blocking GC Explicit
08-06 11:38:22.328 15100 15112 I art     : Explicit concurrent mark sweep GC freed 11(352B) AllocSpace objects, 0(0B) LOS objects, 24% free, 48MB/64MB, paused 768us total 23.482ms
08-06 11:38:22.335 15100 15112 I art     : Starting a blocking GC Explicit
08-06 11:38:22.359 15100 15112 I art     : Explicit concurrent mark sweep GC freed 3(96B) AllocSpace objects, 0(0B) LOS objects, 24% free, 48MB/64MB, paused 846us total 23.540ms
08-06 11:38:22.367 15100 15112 I art     : Starting a blocking GC Explicit
08-06 11:38:22.391 15100 15112 I art     : Explicit concurrent mark sweep GC freed 114(4KB) AllocSpace objects, 0(0B) LOS objects, 24% free, 48MB/64MB, paused 997us total 24.292ms
08-06 11:38:22.398 13866 13866 I GoogleInputMethodServic: GoogleInputMethodService.onFinishInput():3138 
08-06 11:38:22.398 13866 13866 I GoogleInputMethodServic: GoogleInputMethodService.onStartInput():1808 
08-06 11:38:22.513 14957 14957 W Atfwd_Sendcmd: AtCmdFwd service not published, waiting... retryCnt : 3
08-06 11:38:22.519   512  2967 D audio_hw_primary: disable_audio_route: reset and update mixer path: low-latency-playback speaker
08-06 11:38:22.520   512  2967 D audio_hw_primary: disable_snd_device: snd_device(2: speaker)
08-06 11:38:22.530   512  2967 I soundtrigger: audio_extn_sound_trigger_update_device_status: device 0x2 of type 0 for Event 0
08-06 11:38:22.708 15100 15112 I art     : Starting a blocking GC Explicit
08-06 11:38:22.737 15100 15112 I art     : Explicit concurrent mark sweep GC freed 1534(87KB) AllocSpace objects, 1(20KB) LOS objects, 24% free, 48MB/64MB, paused 912us total 28.615ms
08-06 11:38:22.745 15100 15112 I art     : Starting a blocking GC Explicit
08-06 11:38:22.772 15100 15112 I art     : Explicit concurrent mark sweep GC freed 98(5KB) AllocSpace objects, 0(0B) LOS objects, 24% free, 48MB/64MB, paused 810us total 26.364ms
08-06 11:38:22.779 15100 15112 I art     : Starting a blocking GC Explicit
08-06 11:38:22.804 15100 15112 I art     : Explicit concurrent mark sweep GC freed 3(96B) AllocSpace objects, 0(0B) LOS objects, 24% free, 48MB/64MB, paused 726us total 24.571ms
08-06 11:38:22.812 15100 15112 I art     : Starting a blocking GC Explicit
08-06 11:38:22.836 15100 15112 I art     : Explicit concurrent mark sweep GC freed 5(160B) AllocSpace objects, 0(0B) LOS objects, 24% free, 48MB/64MB, paused 815us total 24.303ms
08-06 11:38:22.844 15100 15112 I art     : Starting a blocking GC Explicit
08-06 11:38:22.869 15100 15112 I art     : Explicit concurrent mark sweep GC freed 3(96B) AllocSpace objects, 0(0B) LOS objects, 24% free, 48MB/64MB, paused 790us total 25.036ms
08-06 11:38:23.196 15100 15113 I art     : Starting a blocking GC Explicit
08-06 11:38:23.223 15100 15113 I art     : Explicit concurrent mark sweep GC freed 1409(81KB) AllocSpace objects, 1(20KB) LOS objects, 24% free, 48MB/64MB, paused 856us total 26.844ms
08-06 11:38:23.231 15100 15113 I art     : Starting a blocking GC Explicit
08-06 11:38:23.258 15100 15113 I art     : Explicit concurrent mark sweep GC freed 23(752B) AllocSpace objects, 0(0B) LOS objects, 24% free, 48MB/64MB, paused 933us total 26.942ms
08-06 11:38:23.267 15100 15113 I art     : Starting a blocking GC Explicit
08-06 11:38:23.291 15100 15113 I art     : Explicit concurrent mark sweep GC freed 3(96B) AllocSpace objects, 0(0B) LOS objects, 24% free, 48MB/64MB, paused 840us total 24.066ms
08-06 11:38:23.298 15100 15113 I art     : Starting a blocking GC Explicit
08-06 11:38:23.322 15100 15113 I art     : Explicit concurrent mark sweep GC freed 3(96B) AllocSpace objects, 0(0B) LOS objects, 24% free, 48MB/64MB, paused 765us total 23.251ms
08-06 11:38:23.329 15100 15113 I art     : Starting a blocking GC Explicit
08-06 11:38:23.353 15100 15113 I art     : Explicit concurrent mark sweep GC freed 3(96B) AllocSpace objects, 0(0B) LOS objects, 24% free, 48MB/64MB, paused 823us total 23.657ms
08-06 11:38:23.448 18372 18372 D AndroidRuntime: >>>>>> START com.android.internal.os.RuntimeInit uid 2000 <<<<<<
08-06 11:38:23.452 18372 18372 D AndroidRuntime: CheckJNI is OFF
08-06 11:38:23.481 18372 18372 D ICU     : No timezone override file found: /data/misc/zoneinfo/current/icu/icu_tzdata.dat
08-06 11:38:23.507 18372 18372 I Radio-JNI: register_android_hardware_Radio DONE
08-06 11:38:23.522 18372 18372 D AndroidRuntime: Calling main entry com.android.commands.input.Input
08-06 11:38:23.523 18372 18372 I Input   : injectMotionEvent: MotionEvent { action=ACTION_DOWN, actionButton=0, id[0]=0, x[0]=603.0, y[0]=1061.0, toolType[0]=TOOL_TYPE_UNKNOWN, buttonState=0, metaState=0, flags=0x0, edgeFlags=0x0, pointerCount=1, historySize=0, eventTime=877119936, downTime=877119936, deviceId=0, source=0x1002 }
08-06 11:38:23.528 18372 18372 I Input   : injectMotionEvent: MotionEvent { action=ACTION_UP, actionButton=0, id[0]=0, x[0]=603.0, y[0]=1061.0, toolType[0]=TOOL_TYPE_UNKNOWN, buttonState=0, metaState=0, flags=0x0, edgeFlags=0x0, pointerCount=1, historySize=0, eventTime=877119936, downTime=877119936, deviceId=0, source=0x1002 }
08-06 11:38:23.531 18372 18372 D AndroidRuntime: Shutting down VM
08-06 11:38:23.549   512  2967 D audio_hw_primary: out_set_parameters: enter: usecase(1: low-latency-playback) kvpairs: routing=2
08-06 11:38:23.562   512  2967 D audio_hw_primary: select_devices: out_snd_device(2: speaker) in_snd_device(0: none)
08-06 11:38:23.562   512  2967 D msm8974_platform: platform_send_audio_calibration: sending audio calibration for snd_device(2) acdb_id(15)
08-06 11:38:23.562   512  2967 I soundtrigger: audio_extn_sound_trigger_update_device_status: device 0x2 of type 0 for Event 1
08-06 11:38:23.573   512  2967 D audio_hw_primary: enable_snd_device: snd_device(2: speaker)
08-06 11:38:23.575   512  2967 D audio_hw_primary: enable_audio_route: apply and update mixer path: low-latency-playback speaker
08-06 11:38:23.598 13866 13866 I GoogleInputMethodServic: GoogleInputMethodService.onFinishInput():3138 
08-06 11:38:23.598 13866 13866 I GoogleInputMethodServic: GoogleInputMethodService.onStartInput():1808 
08-06 11:38:23.624 15100 15113 I art     : Starting a blocking GC Explicit
08-06 11:38:23.648 15100 15113 I art     : Explicit concurrent mark sweep GC freed 4796(337KB) AllocSpace objects, 1(20KB) LOS objects, 24% free, 49MB/65MB, paused 879us total 24.111ms
08-06 11:38:23.656 15100 15113 I art     : Starting a blocking GC Explicit
08-06 11:38:23.680 15100 15113 I art     : Explicit concurrent mark sweep GC freed 1832(94KB) AllocSpace objects, 1(220KB) LOS objects, 24% free, 49MB/65MB, paused 886us total 23.792ms
08-06 11:38:23.687 15100 15113 I art     : Starting a blocking GC Explicit
08-06 11:38:23.710 15100 15113 I art     : Explicit concurrent mark sweep GC freed 32(1248B) AllocSpace objects, 0(0B) LOS objects, 24% free, 49MB/65MB, paused 848us total 23.430ms
08-06 11:38:23.718 15100 15113 I art     : Starting a blocking GC Explicit
08-06 11:38:23.741 15100 15113 I art     : Explicit concurrent mark sweep GC freed 19(688B) AllocSpace objects, 0(0B) LOS objects, 24% free, 49MB/65MB, paused 1.147ms total 23.705ms
08-06 11:38:23.749 15100 15113 I art     : Starting a blocking GC Explicit
08-06 11:38:23.772 15100 15113 I art     : Explicit concurrent mark sweep GC freed 17(656B) AllocSpace objects, 0(0B) LOS objects, 24% free, 49MB/65MB, paused 897us total 23.686ms
08-06 11:38:24.040 15100 15220 I art     : Starting a blocking GC Explicit
08-06 11:38:24.068 15100 15220 I art     : Explicit concurrent mark sweep GC freed 1526(86KB) AllocSpace objects, 1(20KB) LOS objects, 24% free, 49MB/65MB, paused 1.121ms total 27.059ms
08-06 11:38:24.075 15100 15220 I art     : Starting a blocking GC Explicit
08-06 11:38:24.101 15100 15220 I art     : Explicit concurrent mark sweep GC freed 107(3KB) AllocSpace objects, 0(0B) LOS objects, 24% free, 49MB/65MB, paused 879us total 25.549ms
08-06 11:38:24.109 15100 15220 I art     : Starting a blocking GC Explicit
08-06 11:38:24.110   512  2967 D audio_hw_primary: disable_audio_route: reset and update mixer path: low-latency-playback speaker
08-06 11:38:24.111   512  2967 D audio_hw_primary: disable_snd_device: snd_device(2: speaker)
08-06 11:38:24.118   512  2967 I soundtrigger: audio_extn_sound_trigger_update_device_status: device 0x2 of type 0 for Event 0
08-06 11:38:24.133 15100 15220 I art     : Explicit concurrent mark sweep GC freed 23(864B) AllocSpace objects, 0(0B) LOS objects, 24% free, 49MB/65MB, paused 860us total 24.350ms
08-06 11:38:24.140 15100 15220 I art     : Starting a blocking GC Explicit
08-06 11:38:24.165 15100 15220 I art     : Explicit concurrent mark sweep GC freed 23(864B) AllocSpace objects, 0(0B) LOS objects, 24% free, 49MB/65MB, paused 865us total 24.338ms
08-06 11:38:24.172 15100 15220 I art     : Starting a blocking GC Explicit
08-06 11:38:24.196 15100 15220 I art     : Explicit concurrent mark sweep GC freed 23(864B) AllocSpace objects, 0(0B) LOS objects, 24% free, 49MB/65MB, paused 854us total 23.948ms
08-06 11:38:24.405 15100 18397 I NAPPA_EXPERIMENTATION: MetricNetworkRequestExecutionTime: REQUEST_DURATION_SYSTEM='817',REQUEST_DURATION_OKHTTP='37',REQUEST_SYNCHRONOUS='TRUE',RESPONSE_CODE='200',RESPONSE_METHOD='GET',RESPONSE_LENGTH_OKHTTP='2923',RESPONSE_LENGTH_HEADER='2923',REQUEST_PROTOCOL='http/1.1',REQUEST_URL='https://gpodder.net/api/2/tags/50.json',
08-06 11:38:24.430 15100 18396 I NAPPA_EXPERIMENTATION: MetricNetworkRequestExecutionTime: REQUEST_DURATION_SYSTEM='851',REQUEST_DURATION_OKHTTP='54',REQUEST_SYNCHRONOUS='TRUE',RESPONSE_CODE='200',RESPONSE_METHOD='GET',RESPONSE_LENGTH_OKHTTP='37507',RESPONSE_LENGTH_HEADER='37507',REQUEST_PROTOCOL='http/1.1',REQUEST_URL='https://gpodder.net/toplist/50.json',
08-06 11:38:24.478 15100 16048 D ApOkHttpUrlLoader: buildLoadData() called with: model = [http://sixgun.org/files/linuxoutlaws.jpg], width = [224], height = [224]
08-06 11:38:24.480 15100 15846 D DBReader: getImageAuthentication() called with: imageUrl = [http://sixgun.org/files/linuxoutlaws.jpg]
08-06 11:38:24.484 15100 15846 D ApOkHttpUrlLoader: no credentials for 'http://sixgun.org/files/linuxoutlaws.jpg'
08-06 11:38:24.485 15100 16048 D ApOkHttpUrlLoader: buildLoadData() called with: model = [https://files.thisamericanlife.org/sites/all/themes/thislife/img/tal-name-1400x1400.png], width = [224], height = [224]
08-06 11:38:24.487 15100 15848 D DBReader: getImageAuthentication() called with: imageUrl = [https://files.thisamericanlife.org/sites/all/themes/thislife/img/tal-name-1400x1400.png]
08-06 11:38:24.489 15100 15848 D ApOkHttpUrlLoader: no credentials for 'https://files.thisamericanlife.org/sites/all/themes/thislife/img/tal-name-1400x1400.png'
08-06 11:38:24.489 15100 16048 D ApOkHttpUrlLoader: buildLoadData() called with: model = [https://elroy.twit.tv/sites/default/files/styles/twit_album_art_2048x2048/public/images/shows/floss_weekly/album_art/audio/floss_albumart_mask.jpg?itok=IUjxKpwt], width = [224], height = [224]
08-06 11:38:24.491 15100 15853 D DBReader: getImageAuthentication() called with: imageUrl = [https://elroy.twit.tv/sites/default/files/styles/twit_album_art_2048x2048/public/images/shows/floss_weekly/album_art/audio/floss_albumart_mask.jpg?itok=IUjxKpwt]
08-06 11:38:24.493 15100 16048 D ApOkHttpUrlLoader: buildLoadData() called with: model = [http://ichef.bbci.co.uk/images/ic/3000x3000/p07kfvzb.jpg], width = [224], height = [224]
08-06 11:38:24.494 15100 15851 D DBReader: getImageAuthentication() called with: imageUrl = [http://ichef.bbci.co.uk/images/ic/3000x3000/p07kfvzb.jpg]
08-06 11:38:24.496 15100 15853 D ApOkHttpUrlLoader: no credentials for 'https://elroy.twit.tv/sites/default/files/styles/twit_album_art_2048x2048/public/images/shows/floss_weekly/album_art/audio/floss_albumart_mask.jpg?itok=IUjxKpwt'
08-06 11:38:24.497 15100 16048 D ApOkHttpUrlLoader: buildLoadData() called with: model = [https://pl.tedcdn.com/rss_feed_images/ted_talks_main_podcast/video.png], width = [224], height = [224]
08-06 11:38:24.498 15100 15850 D DBReader: getImageAuthentication() called with: imageUrl = [https://pl.tedcdn.com/rss_feed_images/ted_talks_main_podcast/video.png]
08-06 11:38:24.500 15100 15851 D ApOkHttpUrlLoader: no credentials for 'http://ichef.bbci.co.uk/images/ic/3000x3000/p07kfvzb.jpg'
08-06 11:38:24.501 15100 16048 D ApOkHttpUrlLoader: buildLoadData() called with: model = [https://elroy.twit.tv/sites/default/files/styles/twit_album_art_2048x2048/public/images/shows/this_week_in_tech/album_art/audio/twit1400audio.jpg?itok=J0vhatZb], width = [224], height = [224]
08-06 11:38:24.502 15100 15850 D ApOkHttpUrlLoader: no credentials for 'https://pl.tedcdn.com/rss_feed_images/ted_talks_main_podcast/video.png'
08-06 11:38:24.502 15100 15852 D DBReader: getImageAuthentication() called with: imageUrl = [https://elroy.twit.tv/sites/default/files/styles/twit_album_art_2048x2048/public/images/shows/this_week_in_tech/album_art/audio/twit1400audio.jpg?itok=J0vhatZb]
08-06 11:38:24.505 15100 15852 D ApOkHttpUrlLoader: no credentials for 'https://elroy.twit.tv/sites/default/files/styles/twit_album_art_2048x2048/public/images/shows/this_week_in_tech/album_art/audio/twit1400audio.jpg?itok=J0vhatZb'
08-06 11:38:24.505 15100 16048 D ApOkHttpUrlLoader: buildLoadData() called with: model = [http://ichef.bbci.co.uk/images/ic/3000x3000/p03gtk3j.jpg], width = [224], height = [224]
08-06 11:38:24.507 15100 15844 D DBReader: getImageAuthentication() called with: imageUrl = [http://ichef.bbci.co.uk/images/ic/3000x3000/p03gtk3j.jpg]
08-06 11:38:24.509 15100 17470 I art     : Starting a blocking GC Explicit
08-06 11:38:24.509 15100 15844 D ApOkHttpUrlLoader: no credentials for 'http://ichef.bbci.co.uk/images/ic/3000x3000/p03gtk3j.jpg'
