--------- beginning of main
08-06 06:16:56.695   918  6111 I AccountManagerService: getTypesVisibleToCaller: isPermitted? true
08-06 06:16:56.709   918  4400 I AccountManagerService: getTypesVisibleToCaller: isPermitted? true
08-06 06:16:56.713 24365 15390 I Fitness : FitCleanupIntentOperation received Intent android.intent.action.PACKAGE_REMOVED [CONTEXT service_id=17 ]
08-06 06:16:56.715 14692 14692 I Finsky  : [1] uah.a(18): PackageMonitorReceiverImpl - Received: android.intent.action.PACKAGE_REMOVED, [CFjXe5fo2ooiLur0Ju3smv2h5qnGgIsGl5_C_SkJu8g]
08-06 06:16:56.715 14692 14692 I Finsky  : [1] ubi.d(9): Invalidating cached PackageState for baseline.de.danoeh.antennapod.debug
08-06 06:16:56.723  3784  3784 D CarrierServiceBindHelper: Receive action: android.intent.action.PACKAGE_ADDED
08-06 06:16:56.724  3784  3784 D CarrierServiceBindHelper: Receive action: android.intent.action.PACKAGE_REPLACED
08-06 06:16:56.724  3784  3784 D CarrierServiceBindHelper: mHandler: 3
08-06 06:16:56.724  3784  3784 D CarrierServiceBindHelper: mHandler: 3
08-06 06:16:56.724  3784  3784 D CarrierServiceBindHelper: mHandler: 3
08-06 06:16:56.724  3784  3784 D CarrierConfigLoader: mHandler: 9 phoneId: 0
08-06 06:16:56.735 14692 14692 I Finsky  : [1] lzi.c(2): Frosting ID looked up on UI thread. Caller should move to a background thread.
08-06 06:16:56.738 14692 14692 I Finsky  : [1] nqb.c(3): Installer: package baseline.de.danoeh.antennapod.debug was removed. replacing: true
08-06 06:16:56.739 14692 14692 I Finsky  : [1] nra.a(188): Installer: Notifying status update. package=baseline.de.danoeh.antennapod.debug, status=UNINSTALLED
08-06 06:16:56.769 14692 14692 I Finsky  : [1] lzi.c(2): Frosting ID looked up on UI thread. Caller should move to a background thread.
08-06 06:16:56.774 14692 15399 I Finsky  : [6466] ejf.a(-1): Cancelled 0 ongoing asset module downloads for package baseline.de.danoeh.antennapod.debug due to a concurrent app update.
08-06 06:16:56.787 14692 14692 I Finsky  : [1] nra.a(220): Installer: found apps to install. isMultiUserMode=false, apps=[]
08-06 06:16:56.828 24577 15396 I Auth    : [SupervisedAccountIntentOperation] onHandleIntent(): android.intent.action.PACKAGE_ADDED
08-06 06:16:56.829 24577 15395 I ChromeSync: [Sync,SyncIntentOperation] Handling the intent: Intent { act=android.intent.action.PACKAGE_ADDED dat=package:baseline.de.danoeh.antennapod.debug flg=0x4000010 cmp=com.google.android.gms/.chimera.GmsIntentOperationService (has extras) }.
08-06 06:16:56.841 14692 14692 I Finsky  : [1] uah.a(18): PackageMonitorReceiverImpl - Received: android.intent.action.PACKAGE_ADDED, [CFjXe5fo2ooiLur0Ju3smv2h5qnGgIsGl5_C_SkJu8g]
08-06 06:16:56.841 14692 14692 I Finsky  : [1] ubi.d(9): Invalidating cached PackageState for baseline.de.danoeh.antennapod.debug
08-06 06:16:56.844 14692 14692 I Finsky  : [1] lzi.c(2): Frosting ID looked up on UI thread. Caller should move to a background thread.
--------- beginning of system
08-06 06:16:56.884   918  5952 W ActivityManager: Unable to start service Intent { act=com.google.android.gms.auth.key.retrieval.service.START pkg=com.google.android.gms } U=0: not found
08-06 06:16:56.886 14692 14692 I Finsky  : [1] agsx.a(4): Do not start WearSupportService due to Wear service optimization
08-06 06:16:56.897 14692 15399 I Finsky  : [6466] ejc.a(-1): Asset module broadcast after update successful for package baseline.de.danoeh.antennapod.debug. 0 sessions broadcast.
08-06 06:16:56.923   918  3961 W ActivityManager: Unbind failed: could not find connection for android.os.BinderProxy@4a27831
08-06 06:16:56.927 14692 15397 I Finsky  : [6464] lyv.run(-1): Wrote row to frosting DB: 3232
08-06 06:16:56.942 14692 14692 I Finsky  : [1] lzi.c(2): Frosting ID looked up on UI thread. Caller should move to a background thread.
08-06 06:16:56.946   918  5481 I AccountManagerService: getTypesVisibleToCaller: isPermitted? true
08-06 06:16:56.948 24577 15395 I ChromeSync: [Persistence,AffiliationManager] One of affiliation or grouping data for android://bz0hZa4nAJEtd0n5sRlXG7KAqctUMWVefv7Ki4mh1p6slZ9YO-n9gS9j8m9YCrsIyI2wIxrDHraumF9Y6pBLTA==@baseline.de.danoeh.antennapod.debug/ was not found. Marking affiliation data as stale...
08-06 06:16:56.956 24577 24621 E GmsClient: unable to connect to service: com.google.android.gms.auth.key.retrieval.service.START on com.google.android.gms
08-06 06:16:56.981 14692 14876 I Finsky  : [6220] odj.b(52): IQ: Notifying installation update. package=baseline.de.danoeh.antennapod.debug, status=UNINSTALLED
08-06 06:16:57.019 14692 15398 I Finsky  : [6465] gzn.a(-1): [ContentSync] finished, scheduled=false
08-06 06:16:57.021   918  3696 I AccountManagerService: getTypesVisibleToCaller: isPermitted? true
08-06 06:16:57.032 14692 14876 I Finsky  : [6220] odj.b(40): IQ: No matching installs to run for jobs: []
08-06 06:16:57.053 14692 15397 I Finsky  : [6464] lyv.run(-1): Wrote row to frosting DB: 3233
08-06 06:16:57.148 14692 15397 I Finsky  : [6464] lyv.run(-1): Wrote row to frosting DB: 3234
08-06 06:16:57.188 14692 15397 I Finsky  : [6464] lyv.run(-1): Wrote row to frosting DB: 3235
08-06 06:16:57.208   918  3961 I AccountManagerService: getTypesVisibleToCaller: isPermitted? true
08-06 06:16:57.225 14692 14692 I Finsky  : [1] xmu.a(8): SCH: Jobs in database: 1-1337 3-221 3-222 12-1 24-77777777 26-1414141414 
08-06 06:16:57.228 14692 14692 I Finsky  : [1] xio.a(57): SCH: ConstraintMapping: 24-77777777,  -> L: 0ms, D: 53593699ms, C: false, I: true, N: 0
08-06 06:16:57.228 14692 14692 I Finsky  : [1] xio.a(57): SCH: ConstraintMapping: 1-1337, 12-1,  -> L: 14536ms, D: 56935691ms, C: false, I: false, N: 1
08-06 06:16:57.229 14692 14692 I Finsky  : [1] xio.a(57): SCH: ConstraintMapping: 3-221,  -> L: 0ms, D: 75072199ms, C: false, I: true, N: 2
08-06 06:16:57.229 14692 14692 I Finsky  : [1] xio.a(57): SCH: ConstraintMapping: 3-222,  -> L: 0ms, D: 75072272ms, C: true, I: true, N: 2
08-06 06:16:57.229 14692 14692 I Finsky  : [1] xio.a(57): SCH: ConstraintMapping: 26-1414141414,  -> L: 18383592ms, D: 19283592ms, C: false, I: false, N: 0
08-06 06:16:57.231 14692 15398 I Finsky  : [6465] gzn.a(-1): [ContentSync] finished, scheduled=true
08-06 06:16:57.244 14692 14692 I Finsky  : [1] xle.a(34): Cancelling existing jobscheduler jobs: 9005 9007 9004 9000 9003 9006 9009 9002 9010 9008 
08-06 06:16:57.244 14692 14692 I Finsky  : [1] xle.a(27): Scheduling job Id: 9001, L: 0, D: 53593699, C: false, I: true, N: 0
08-06 06:16:57.246 14692 14692 I Finsky  : [1] xle.a(27): Scheduling job Id: 9011, L: 14536, D: 56935691, C: false, I: false, N: 1
08-06 06:16:57.248 14692 14692 I Finsky  : [1] xle.a(27): Scheduling job Id: 9012, L: 0, D: 75072199, C: false, I: true, N: 2
08-06 06:16:57.250 14692 14692 I Finsky  : [1] xle.a(27): Scheduling job Id: 9013, L: 0, D: 75072272, C: true, I: true, N: 2
08-06 06:16:57.252 14692 14692 I Finsky  : [1] xle.a(27): Scheduling job Id: 9014, L: 18383592, D: 19283592, C: false, I: false, N: 0
08-06 06:16:57.256 14692 14692 I Finsky  : [1] xle.a(27): Scheduling job Id: 9015, L: 0, D: 53593699, C: false, I: true, N: 0
08-06 06:16:57.258 14692 14692 I Finsky  : [1] xle.a(27): Scheduling job Id: 9016, L: 14536, D: 56935691, C: false, I: false, N: 1
08-06 06:16:57.259 15412 15412 D AndroidRuntime: >>>>>> START com.android.internal.os.RuntimeInit uid 2000 <<<<<<
08-06 06:16:57.261 14692 14692 I Finsky  : [1] xle.a(27): Scheduling job Id: 9017, L: 0, D: 75072199, C: false, I: true, N: 2
08-06 06:16:57.263 14692 14692 I Finsky  : [1] xle.a(27): Scheduling job Id: 9018, L: 0, D: 75072272, C: true, I: true, N: 2
08-06 06:16:57.263 15412 15412 D AndroidRuntime: CheckJNI is OFF
08-06 06:16:57.270 14692 14692 I Finsky  : [1] xle.a(27): Scheduling job Id: 9019, L: 18383592, D: 19283592, C: false, I: false, N: 0
08-06 06:16:57.285 24577 13294 I Icing   : IndexChimeraService.getServiceInterface callingPackage=com.google.android.gms componentName=AppsCorpus serviceId=36
08-06 06:16:57.288 15412 15412 D ICU     : No timezone override file found: /data/misc/zoneinfo/current/icu/icu_tzdata.dat
08-06 06:16:57.312 15412 15412 I Radio-JNI: register_android_hardware_Radio DONE
08-06 06:16:57.313 24577  7409 W Icing   : No valid account for uploading user actions
08-06 06:16:57.328 15412 15412 D AndroidRuntime: Calling main entry com.android.commands.monkey.Monkey
08-06 06:16:57.344 24577 13336 I Icing   : IndexChimeraService.getServiceInterface callingPackage=com.google.android.gms componentName=null serviceId=30
08-06 06:16:57.357   918   931 W BroadcastQueue: Skipping deliver [background] BroadcastRecord{3196b05 u-1 android.net.conn.CONNECTIVITY_CHANGE} to ReceiverList{b4c475a 15412 (unknown name)/2000/u-1 remote:54d344e}: process crashing
08-06 06:16:57.369   918  6111 I ActivityManager: START u0 {act=android.intent.action.MAIN cat=[android.intent.category.LAUNCHER] flg=0x10200000 cmp=baseline.de.danoeh.antennapod.debug/baseline.de.danoeh.antennapod.activity.SplashActivity} from uid 2000 on display 0
08-06 06:16:57.392   918   932 I sensors : batch
08-06 06:16:57.398   918  3188 I hubconnection: sensorhub said: 'batch 31 flags:0, sampling_rate_Hz:15.00, max_report_latency_us:0'
08-06 06:16:57.404 24577  7409 I Icing   : Usage reports ok 2, Failed Usage reports 0, indexed 0, rejected 0
08-06 06:16:57.408 24577  7409 W Icing   : No valid account for uploading user actions
08-06 06:16:57.424 24577  7409 I Icing   : Usage reports ok 0, Failed Usage reports 0, indexed 0, rejected 0
08-06 06:16:57.425 24577  7409 I Icing   : Indexing com.google.android.gms-internal.3p:MobileApplication from com.google.android.gms using seqno 763
08-06 06:16:57.436 24577  7409 I Icing   : Indexing com.google.android.gms-internal.3p:MobileApplication from com.google.android.gms using seqno 763
08-06 06:16:57.444 15430 15430 I art     : Late-enabling -Xcheck:jni
08-06 06:16:57.444   918   929 I ActivityManager: Start proc 15430:baseline.de.danoeh.antennapod.debug/u0a711 for activity baseline.de.danoeh.antennapod.debug/baseline.de.danoeh.antennapod.activity.SplashActivity
08-06 06:16:57.451 15412 15412 I art     : System.exit called, status: 0
08-06 06:16:57.451 15412 15412 I AndroidRuntime: VM exiting with result code 0.
08-06 06:16:57.451   918   932 I sensors : flush
08-06 06:16:57.459   918  3188 I hubconnection: sensorhub said: 'flush 31'
08-06 06:16:57.459   918  3188 I hubconnection: saw sensor 31 flushed
08-06 06:16:57.470 24577 13336 I Icing   : IndexChimeraService.getServiceInterface callingPackage=com.google.android.gms componentName=null serviceId=36
08-06 06:16:57.473 24577  7409 W Icing   : No valid account for uploading user actions
08-06 06:16:57.474 16458  6583 I PBSessionCacheImpl: Deleted sessionId[72384646105454640] from persistence.
08-06 06:16:57.478 16458 16488 W SearchServiceCore: Abort, client detached.
08-06 06:16:57.478 16458 16488 I MicroDetectionState: Should stop hotword detection immediately - true
08-06 06:16:57.499 15430 15430 W System  : ClassLoader referenced unknown path: /data/app/baseline.de.danoeh.antennapod.debug-1/lib/arm64
08-06 06:16:57.506 24577  7409 I Icing   : Usage reports ok 1, Failed Usage reports 0, indexed 0, rejected 0
08-06 06:16:57.510 15430 15430 D UserPreferences: Creating new instance of UserPreferences
08-06 06:16:57.511 15430 15430 D UserPreferences: Using default data folder
08-06 06:16:57.513 15430 15430 D UserPreferences: Import directory already exists
08-06 06:16:57.515 15430 15430 D UpdateManager: old: -1, current: 1070296
08-06 06:16:57.517 15430 15430 D SleepTimerPreferences: Creating new instance of SleepTimerPreferences
08-06 06:16:57.529 15430 15430 D SPAUtil : Sending SP_APPS_QUERY_FEEDS intent
08-06 06:16:57.552 15430 15430 W art     : Before Android 4.1, method android.graphics.PorterDuffColorFilter androidx.vectordrawable.graphics.drawable.VectorDrawableCompat.updateTintFilter(android.graphics.PorterDuffColorFilter, android.content.res.ColorStateList, android.graphics.PorterDuff$Mode) would have incorrectly overridden the package-private method in android.graphics.drawable.Drawable
08-06 06:16:57.579 15430 15430 I art     : Rejecting re-init on previously-failed class java.lang.Class<androidx.core.view.ViewCompat$2>
08-06 06:16:57.580 15430 15430 I art     : Rejecting re-init on previously-failed class java.lang.Class<androidx.core.view.ViewCompat$2>
08-06 06:16:57.607 15430 15455 D OpenGLRenderer: Use EGL_SWAP_BEHAVIOR_PRESERVED: true
08-06 06:16:57.649 15430 15455 I Adreno  : QUALCOMM build                   : fcf4852, I1af360237c
08-06 06:16:57.649 15430 15455 I Adreno  : Build Date                       : 09/23/15
08-06 06:16:57.649 15430 15455 I Adreno  : OpenGL ES Shader Compiler Version: XE031.05.13.02
08-06 06:16:57.649 15430 15455 I Adreno  : Local Branch                     : mybranch14465806
08-06 06:16:57.649 15430 15455 I Adreno  : Remote Branch                    : quic/LA.BF64.1.2.9_v2
08-06 06:16:57.649 15430 15455 I Adreno  : Remote Branch                    : NONE
08-06 06:16:57.649 15430 15455 I Adreno  : Reconstruct Branch               : NOTHING
08-06 06:16:57.652 15430 15455 I OpenGLRenderer: Initialized EGL, version 1.4
08-06 06:16:57.677   918  3670 I ActivityManager: START u0 {cmp=baseline.de.danoeh.antennapod.debug/baseline.de.danoeh.antennapod.activity.MainActivity} from uid 10711 on display 0
08-06 06:16:57.686   918  3696 W InputMethodManagerService: Focus gain on non-focused client com.android.internal.view.IInputMethodClient$Stub$Proxy@38842f3 (uid=10711 pid=15430)
08-06 06:16:57.776 15430 15430 D UserPreferences: Using default data folder
08-06 06:16:57.814 15430 15430 D MainActivity: getLastNavFragment() -> QueueFragment
08-06 06:16:57.815 15430 15430 D MainActivity: loadFragment(tag: QueueFragment, args: null)
08-06 06:16:57.818 15430 15430 D MainActivity: saveLastNavFragment(tag: QueueFragment)
08-06 06:16:57.818 15430 15430 D MainActivity: getLastNavFragment() -> QueueFragment
08-06 06:16:57.819 15430 15430 D UserPreferences: timeOfDay: []
08-06 06:16:57.821 15430 15430 D AutoUpdateManager: Restarting update alarm.
08-06 06:16:57.822 15430 15430 D AutoUpdateManager: Changed alarm to new interval 12 h
08-06 06:16:57.831 15430 15430 D UserPreferences: timeOfDay: []
08-06 06:16:57.831 15430 15430 D AutoUpdateManager: Restarting update alarm.
08-06 06:16:57.833 15430 15430 D AutoUpdateManager: Changed alarm to new interval 12 h
08-06 06:16:57.871 15430 15430 D ExternalPlayerFragment: Loading media info
08-06 06:16:57.873 15430 15430 D QueueFragment: loadItems()
08-06 06:16:57.878 15430 15454 D DBReader: getQueue() called
08-06 06:16:57.878 15430 15454 D DBReader: getQueue()
08-06 06:16:57.880 15430 15454 D DBReader: getFavoriteIDList() called
08-06 06:16:57.882 15430 15454 D DBReader: getQueueIDList() called
08-06 06:16:57.883 15430 15454 D DBReader: Extracting Feedlist
08-06 06:16:57.886 15430 15430 V PlaybackController: initServiceNotRunning()
08-06 06:16:57.886 15430 15430 D ExternalPlayerFragment: Loading media info
08-06 06:16:57.889 15430 15430 D UserPreferences: Using default data folder
08-06 06:16:57.891 15430 15430 D AutoUpdateManager: last refresh: 443524 hours 16 minutes ago
08-06 06:16:57.892 15430 15454 D DBReader: getNavDrawerData() called with: 
08-06 06:16:57.900 15430 15454 D DBReader: getDownloadedItems() called
08-06 06:16:57.902 15430 15454 D DBReader: getFavoriteIDList() called
08-06 06:16:57.903 15430 15454 D DBReader: getQueueIDList() called
08-06 06:16:57.904 15430 15454 D DBReader: Extracting Feedlist
08-06 06:16:57.908   380   380 W SurfaceFlinger: couldn't log to binary event log: overflow.
08-06 06:16:58.024 15430 15430 D MainActivity: getLastNavFragment() -> QueueFragment
08-06 06:16:58.024 15430 15430 D MainActivity: handleNavIntent()
08-06 06:16:58.115   918   936 I ActivityManager: Displayed baseline.de.danoeh.antennapod.debug/baseline.de.danoeh.antennapod.activity.MainActivity: +358ms (total +707ms)
08-06 06:16:58.119 13866 13866 I GoogleInputMethodServic: GoogleInputMethodService.onFinishInput():3138 
08-06 06:16:58.120 13866 13866 I GoogleInputMethodServic: GoogleInputMethodService.onStartInput():1808 
08-06 06:16:58.142 29532 29532 W PathParser: Points are too far apart 4.030360828967057
08-06 06:16:58.142 29532 29532 W PathParser: Points are too far apart 4.030360538880159
08-06 06:16:58.159 29532 29532 W PathParser: Points are too far apart 4.030360828967057
08-06 06:16:58.159 29532 29532 W PathParser: Points are too far apart 4.030360538880159
08-06 06:16:58.175 29532 29532 W PathParser: Points are too far apart 4.030360828967057
08-06 06:16:58.175 29532 29532 W PathParser: Points are too far apart 4.030360538880159
08-06 06:16:58.192 29532 29532 W PathParser: Points are too far apart 4.030360828967057
08-06 06:16:58.192 29532 29532 W PathParser: Points are too far apart 4.030360538880159
08-06 06:16:58.208 29532 29532 W PathParser: Points are too far apart 4.030360828967057
08-06 06:16:58.208 29532 29532 W PathParser: Points are too far apart 4.030360538880159
08-06 06:16:58.225 29532 29532 W PathParser: Points are too far apart 4.030360828967057
08-06 06:16:58.225 29532 29532 W PathParser: Points are too far apart 4.030360538880159
08-06 06:16:58.242 29532 29532 W PathParser: Points are too far apart 4.030360828967057
08-06 06:16:58.242 29532 29532 W PathParser: Points are too far apart 4.030360538880159
08-06 06:16:58.258 29532 29532 W PathParser: Points are too far apart 4.030360828967057
08-06 06:16:58.258 29532 29532 W PathParser: Points are too far apart 4.030360538880159
08-06 06:16:58.406 24577  7409 I Icing   : Indexing com.google.android.gms-apps from com.google.android.gms
08-06 06:16:58.492 24577  7409 I Icing   : Indexing done com.google.android.gms-apps
08-06 06:16:58.904 15430 15479 D DBReader: Extracting Feedlist
08-06 06:16:58.907 15430 15479 D FlattrUtils: Retrieving access token
08-06 06:16:58.907 15430 15479 D FlattrUtils: No access token found
08-06 06:16:58.911 15430 15479 I art     : Rejecting re-init on previously-failed class java.lang.Class<androidx.core.app.JobIntentService$JobServiceEngineImpl>
08-06 06:16:58.911 15430 15479 I art     : Rejecting re-init on previously-failed class java.lang.Class<androidx.core.app.JobIntentService$JobServiceEngineImpl>
08-06 06:16:58.913 15430 15479 I art     : Rejecting re-init on previously-failed class java.lang.Class<androidx.core.app.SafeJobIntentService$SafeJobServiceEngineImpl>
08-06 06:16:58.913 15430 15479 I art     : Rejecting re-init on previously-failed class java.lang.Class<androidx.core.app.SafeJobIntentService$SafeJobServiceEngineImpl>
08-06 06:16:59.019 15476 15476 D AndroidRuntime: >>>>>> START com.android.internal.os.RuntimeInit uid 2000 <<<<<<
08-06 06:16:59.024 15476 15476 D AndroidRuntime: CheckJNI is OFF
08-06 06:16:59.055 15476 15476 D ICU     : No timezone override file found: /data/misc/zoneinfo/current/icu/icu_tzdata.dat
08-06 06:16:59.088 15476 15476 I Radio-JNI: register_android_hardware_Radio DONE
08-06 06:16:59.106 15476 15476 D AndroidRuntime: Calling main entry com.android.commands.am.Am
08-06 06:16:59.112  3167  3167 I Trepn   : Trepn 6.2s: Received intent: com.quicinc.trepn.start_profiling
08-06 06:16:59.179  3167  3167 W FileUtils: Failed to chmod(/storage/emulated/0/trepn/Trepn_2020.08.06_061659.db): android.system.ErrnoException: chmod failed: EPERM (Operation not permitted)
08-06 06:16:59.253  3167  3167 I Trepn   : Trepn 6.2s: Trepn has Started Profiling.
08-06 06:16:59.254 15476 15476 D AndroidRuntime: Shutting down VM
08-06 06:16:59.358 13866 13866 I GoogleInputMethodServic: GoogleInputMethodService.onFinishInput():3138 
08-06 06:16:59.360 13866 13866 I GoogleInputMethodServic: GoogleInputMethodService.onStartInput():1808 
08-06 06:16:59.696 15430 15446 I art     : Starting a blocking GC Explicit
08-06 06:16:59.731 15430 15446 I art     : Explicit concurrent mark sweep GC freed 26416(2MB) AllocSpace objects, 7(140KB) LOS objects, 40% free, 23MB/38MB, paused 218us total 33.977ms
08-06 06:16:59.738 15430 15446 I art     : Starting a blocking GC Explicit
08-06 06:16:59.751 15430 15446 I art     : Explicit concurrent mark sweep GC freed 3343(193KB) AllocSpace objects, 2(588KB) LOS objects, 40% free, 22MB/37MB, paused 127us total 12.388ms
08-06 06:16:59.758 15430 15446 I art     : Starting a blocking GC Explicit
08-06 06:16:59.770 15430 15446 I art     : Explicit concurrent mark sweep GC freed 15(544B) AllocSpace objects, 0(0B) LOS objects, 40% free, 22MB/37MB, paused 129us total 11.924ms
08-06 06:16:59.776 15430 15446 I art     : Starting a blocking GC Explicit
08-06 06:16:59.787 15430 15446 I art     : Explicit concurrent mark sweep GC freed 3(96B) AllocSpace objects, 0(0B) LOS objects, 40% free, 22MB/37MB, paused 176us total 10.775ms
08-06 06:16:59.792 15430 15446 I art     : Starting a blocking GC Explicit
08-06 06:16:59.803 15430 15446 I art     : Explicit concurrent mark sweep GC freed 3(96B) AllocSpace objects, 0(0B) LOS objects, 40% free, 22MB/37MB, paused 128us total 10.904ms
08-06 06:17:00.078 15430 15511 I art     : Starting a blocking GC Explicit
08-06 06:17:00.093 15430 15511 I art     : Explicit concurrent mark sweep GC freed 1371(82KB) AllocSpace objects, 1(20KB) LOS objects, 40% free, 22MB/37MB, paused 178us total 15.352ms
08-06 06:17:00.100 15430 15511 I art     : Starting a blocking GC Explicit
08-06 06:17:00.114 15430 15511 I art     : Explicit concurrent mark sweep GC freed 23(752B) AllocSpace objects, 0(0B) LOS objects, 40% free, 22MB/37MB, paused 152us total 13.156ms
08-06 06:17:00.120 15430 15511 I art     : Starting a blocking GC Explicit
08-06 06:17:00.133 15430 15511 I art     : Explicit concurrent mark sweep GC freed 3(96B) AllocSpace objects, 0(0B) LOS objects, 40% free, 22MB/37MB, paused 144us total 12.442ms
08-06 06:17:00.139 15430 15511 I art     : Starting a blocking GC Explicit
08-06 06:17:00.152 15430 15511 I art     : Explicit concurrent mark sweep GC freed 3(96B) AllocSpace objects, 0(0B) LOS objects, 40% free, 22MB/37MB, paused 143us total 12.607ms
08-06 06:17:00.158 15430 15511 I art     : Starting a blocking GC Explicit
08-06 06:17:00.171 15430 15511 I art     : Explicit concurrent mark sweep GC freed 3(96B) AllocSpace objects, 0(0B) LOS objects, 40% free, 22MB/37MB, paused 135us total 12.203ms
08-06 06:17:00.478 15430 15447 I art     : Starting a blocking GC Explicit
08-06 06:17:00.494 15430 15447 I art     : Explicit concurrent mark sweep GC freed 1360(79KB) AllocSpace objects, 1(20KB) LOS objects, 40% free, 22MB/37MB, paused 187us total 15.664ms
08-06 06:17:00.501 15430 15447 I art     : Starting a blocking GC Explicit
08-06 06:17:00.515 15430 15447 I art     : Explicit concurrent mark sweep GC freed 23(752B) AllocSpace objects, 0(0B) LOS objects, 40% free, 22MB/37MB, paused 158us total 13.531ms
08-06 06:17:00.522 15430 15447 I art     : Starting a blocking GC Explicit
08-06 06:17:00.535 15430 15447 I art     : Explicit concurrent mark sweep GC freed 3(96B) AllocSpace objects, 0(0B) LOS objects, 40% free, 22MB/37MB, paused 148us total 12.914ms
08-06 06:17:00.542 15430 15447 I art     : Starting a blocking GC Explicit
08-06 06:17:00.554 15430 15447 I art     : Explicit concurrent mark sweep GC freed 3(96B) AllocSpace objects, 0(0B) LOS objects, 40% free, 22MB/37MB, paused 144us total 12.474ms
08-06 06:17:00.560 15430 15447 I art     : Starting a blocking GC Explicit
08-06 06:17:00.573 15430 15447 I art     : Explicit concurrent mark sweep GC freed 3(96B) AllocSpace objects, 0(0B) LOS objects, 40% free, 22MB/37MB, paused 140us total 12.255ms
08-06 06:17:00.880 15430 15446 I art     : Starting a blocking GC Explicit
08-06 06:17:00.903 15430 15446 I art     : Explicit concurrent mark sweep GC freed 1383(80KB) AllocSpace objects, 1(20KB) LOS objects, 40% free, 22MB/37MB, paused 141us total 22.205ms
08-06 06:17:00.908 15430 15446 I art     : Starting a blocking GC Explicit
08-06 06:17:00.920 15430 15446 I art     : Explicit concurrent mark sweep GC freed 23(752B) AllocSpace objects, 0(0B) LOS objects, 40% free, 22MB/37MB, paused 131us total 11.487ms
08-06 06:17:00.925 15430 15446 I art     : Starting a blocking GC Explicit
08-06 06:17:00.936 15430 15446 I art     : Explicit concurrent mark sweep GC freed 3(96B) AllocSpace objects, 0(0B) LOS objects, 40% free, 22MB/37MB, paused 126us total 10.658ms
08-06 06:17:00.941 15430 15446 I art     : Starting a blocking GC Explicit
08-06 06:17:00.952 15430 15446 I art     : Explicit concurrent mark sweep GC freed 5(160B) AllocSpace objects, 0(0B) LOS objects, 40% free, 22MB/37MB, paused 127us total 10.728ms
08-06 06:17:00.958 15430 15446 I art     : Starting a blocking GC Explicit
08-06 06:17:00.969 15430 15446 I art     : Explicit concurrent mark sweep GC freed 5(160B) AllocSpace objects, 0(0B) LOS objects, 40% free, 22MB/37MB, paused 129us total 10.756ms
08-06 06:17:01.235 15430 15447 I art     : Starting a blocking GC Explicit
08-06 06:17:01.249 15430 15447 I art     : Explicit concurrent mark sweep GC freed 1384(80KB) AllocSpace objects, 1(20KB) LOS objects, 40% free, 22MB/37MB, paused 137us total 13.537ms
08-06 06:17:01.254 15430 15447 I art     : Starting a blocking GC Explicit
08-06 06:17:01.267 15430 15447 I art     : Explicit concurrent mark sweep GC freed 23(752B) AllocSpace objects, 0(0B) LOS objects, 40% free, 22MB/37MB, paused 140us total 12.121ms
08-06 06:17:01.272 15430 15447 I art     : Starting a blocking GC Explicit
08-06 06:17:01.284 15430 15447 I art     : Explicit concurrent mark sweep GC freed 3(96B) AllocSpace objects, 0(0B) LOS objects, 40% free, 22MB/37MB, paused 143us total 11.764ms
08-06 06:17:01.290 15430 15447 I art     : Starting a blocking GC Explicit
08-06 06:17:01.302 15430 15447 I art     : Explicit concurrent mark sweep GC freed 3(96B) AllocSpace objects, 0(0B) LOS objects, 40% free, 22MB/37MB, paused 140us total 12.019ms
08-06 06:17:01.308 15430 15447 I art     : Starting a blocking GC Explicit
08-06 06:17:01.320 15430 15447 I art     : Explicit concurrent mark sweep GC freed 3(96B) AllocSpace objects, 0(0B) LOS objects, 40% free, 22MB/37MB, paused 143us total 12.140ms
08-06 06:17:01.626 15430 15446 I art     : Starting a blocking GC Explicit
08-06 06:17:01.648 15430 15446 I art     : Explicit concurrent mark sweep GC freed 1383(81KB) AllocSpace objects, 1(20KB) LOS objects, 40% free, 22MB/37MB, paused 170us total 21.321ms
08-06 06:17:01.658 15430 15446 I art     : Starting a blocking GC Explicit
08-06 06:17:01.674 15430 15446 I art     : Explicit concurrent mark sweep GC freed 23(752B) AllocSpace objects, 0(0B) LOS objects, 40% free, 22MB/37MB, paused 135us total 15.201ms
08-06 06:17:01.680 15430 15446 I art     : Starting a blocking GC Explicit
08-06 06:17:01.693 15430 15446 I art     : Explicit concurrent mark sweep GC freed 3(96B) AllocSpace objects, 0(0B) LOS objects, 40% free, 22MB/37MB, paused 138us total 12.964ms
08-06 06:17:01.700 15430 15446 I art     : Starting a blocking GC Explicit
08-06 06:17:01.713 15430 15446 I art     : Explicit concurrent mark sweep GC freed 3(96B) AllocSpace objects, 0(0B) LOS objects, 40% free, 22MB/37MB, paused 138us total 13.328ms
08-06 06:17:01.720 15430 15446 I art     : Starting a blocking GC Explicit
08-06 06:17:01.732 15430 15446 I art     : Explicit concurrent mark sweep GC freed 3(96B) AllocSpace objects, 0(0B) LOS objects, 40% free, 22MB/37MB, paused 135us total 12.340ms
08-06 06:17:02.044 15430 15511 I art     : Starting a blocking GC Explicit
08-06 06:17:02.066 15430 15511 I art     : Explicit concurrent mark sweep GC freed 1360(81KB) AllocSpace objects, 1(20KB) LOS objects, 40% free, 22MB/37MB, paused 187us total 21.754ms
08-06 06:17:02.077 15430 15511 I art     : Starting a blocking GC Explicit
08-06 06:17:02.091 15430 15511 I art     : Explicit concurrent mark sweep GC freed 23(752B) AllocSpace objects, 0(0B) LOS objects, 40% free, 22MB/37MB, paused 144us total 13.364ms
08-06 06:17:02.097 15430 15511 I art     : Starting a blocking GC Explicit
08-06 06:17:02.109 15430 15511 I art     : Explicit concurrent mark sweep GC freed 3(96B) AllocSpace objects, 0(0B) LOS objects, 40% free, 22MB/37MB, paused 141us total 12.369ms
08-06 06:17:02.115 15430 15511 I art     : Starting a blocking GC Explicit
08-06 06:17:02.128 15430 15511 I art     : Explicit concurrent mark sweep GC freed 3(96B) AllocSpace objects, 0(0B) LOS objects, 40% free, 22MB/37MB, paused 138us total 12.466ms
08-06 06:17:02.134 15430 15511 I art     : Starting a blocking GC Explicit
08-06 06:17:02.146 15430 15511 I art     : Explicit concurrent mark sweep GC freed 3(96B) AllocSpace objects, 0(0B) LOS objects, 40% free, 22MB/37MB, paused 146us total 12.029ms
08-06 06:17:02.459 15430 15447 I art     : Starting a blocking GC Explicit
08-06 06:17:02.477 15430 15447 I art     : Explicit concurrent mark sweep GC freed 1359(81KB) AllocSpace objects, 1(20KB) LOS objects, 40% free, 22MB/37MB, paused 195us total 17.662ms
08-06 06:17:02.486 15430 15447 I art     : Starting a blocking GC Explicit
08-06 06:17:02.499 15430 15447 I art     : Explicit concurrent mark sweep GC freed 23(752B) AllocSpace objects, 0(0B) LOS objects, 40% free, 22MB/37MB, paused 144us total 13.082ms
08-06 06:17:02.506 15430 15447 I art     : Starting a blocking GC Explicit
08-06 06:17:02.519 15430 15447 I art     : Explicit concurrent mark sweep GC freed 3(96B) AllocSpace objects, 0(0B) LOS objects, 40% free, 22MB/37MB, paused 149us total 12.901ms
08-06 06:17:02.525 15430 15447 I art     : Starting a blocking GC Explicit
08-06 06:17:02.538 15430 15447 I art     : Explicit concurrent mark sweep GC freed 3(96B) AllocSpace objects, 0(0B) LOS objects, 40% free, 22MB/37MB, paused 149us total 12.774ms
08-06 06:17:02.544 15430 15447 I art     : Starting a blocking GC Explicit
08-06 06:17:02.556 15430 15447 I art     : Explicit concurrent mark sweep GC freed 3(96B) AllocSpace objects, 0(0B) LOS objects, 40% free, 22MB/37MB, paused 150us total 12.118ms
08-06 06:17:02.888 15430 15446 I art     : Starting a blocking GC Explicit
08-06 06:17:02.911 15430 15446 I art     : Explicit concurrent mark sweep GC freed 1383(80KB) AllocSpace objects, 1(20KB) LOS objects, 40% free, 22MB/37MB, paused 187us total 22.550ms
08-06 06:17:02.921 15430 15446 I art     : Starting a blocking GC Explicit
08-06 06:17:02.936 15430 15446 I art     : Explicit concurrent mark sweep GC freed 23(752B) AllocSpace objects, 0(0B) LOS objects, 40% free, 22MB/37MB, paused 145us total 14.184ms
08-06 06:17:02.942 15430 15446 I art     : Starting a blocking GC Explicit
08-06 06:17:02.955 15430 15446 I art     : Explicit concurrent mark sweep GC freed 3(96B) AllocSpace objects, 0(0B) LOS objects, 40% free, 22MB/37MB, paused 137us total 12.431ms
08-06 06:17:02.961 15430 15446 I art     : Starting a blocking GC Explicit
08-06 06:17:02.974 15430 15446 I art     : Explicit concurrent mark sweep GC freed 3(96B) AllocSpace objects, 0(0B) LOS objects, 40% free, 22MB/37MB, paused 132us total 12.735ms
08-06 06:17:02.981 15430 15446 I art     : Starting a blocking GC Explicit
08-06 06:17:02.993 15430 15446 I art     : Explicit concurrent mark sweep GC freed 3(96B) AllocSpace objects, 0(0B) LOS objects, 40% free, 22MB/37MB, paused 120us total 12.471ms
08-06 06:17:03.128 13866 13882 I PeriodicStatsRunner: PeriodicStatsRunner.call():175 call()
08-06 06:17:03.129 13866 13882 I PeriodicStatsRunner: PeriodicStatsRunner.call():179 No submit PeriodicStats since input started.
08-06 06:17:03.284 15430 15511 I art     : Starting a blocking GC Explicit
08-06 06:17:03.297 15430 15511 I art     : Explicit concurrent mark sweep GC freed 1358(79KB) AllocSpace objects, 1(20KB) LOS objects, 40% free, 22MB/37MB, paused 144us total 12.312ms
08-06 06:17:03.303 15430 15511 I art     : Starting a blocking GC Explicit
08-06 06:17:03.314 15430 15511 I art     : Explicit concurrent mark sweep GC freed 23(752B) AllocSpace objects, 0(0B) LOS objects, 40% free, 22MB/37MB, paused 130us total 10.755ms
08-06 06:17:03.319 15430 15511 I art     : Starting a blocking GC Explicit
08-06 06:17:03.330 15430 15511 I art     : Explicit concurrent mark sweep GC freed 3(96B) AllocSpace objects, 0(0B) LOS objects, 40% free, 22MB/37MB, paused 126us total 10.486ms
08-06 06:17:03.335 15430 15511 I art     : Starting a blocking GC Explicit
08-06 06:17:03.346 15430 15511 I art     : Explicit concurrent mark sweep GC freed 3(96B) AllocSpace objects, 0(0B) LOS objects, 40% free, 22MB/37MB, paused 124us total 10.484ms
08-06 06:17:03.351 15430 15511 I art     : Starting a blocking GC Explicit
08-06 06:17:03.362 15430 15511 I art     : Explicit concurrent mark sweep GC freed 3(96B) AllocSpace objects, 0(0B) LOS objects, 40% free, 22MB/37MB, paused 139us total 10.589ms
08-06 06:17:03.634 15430 15447 I art     : Starting a blocking GC Explicit
08-06 06:17:03.654 15430 15447 I art     : Explicit concurrent mark sweep GC freed 1382(80KB) AllocSpace objects, 1(20KB) LOS objects, 40% free, 22MB/37MB, paused 198us total 19.028ms
08-06 06:17:03.664 15430 15447 I art     : Starting a blocking GC Explicit
08-06 06:17:03.681 15430 15447 I art     : Explicit concurrent mark sweep GC freed 23(752B) AllocSpace objects, 0(0B) LOS objects, 40% free, 22MB/37MB, paused 157us total 16.417ms
08-06 06:17:03.691 15430 15447 I art     : Starting a blocking GC Explicit
08-06 06:17:03.703 15430 15447 I art     : Explicit concurrent mark sweep GC freed 3(96B) AllocSpace objects, 0(0B) LOS objects, 40% free, 22MB/37MB, paused 150us total 12.559ms
08-06 06:17:03.710 15430 15447 I art     : Starting a blocking GC Explicit
08-06 06:17:03.723 15430 15447 I art     : Explicit concurrent mark sweep GC freed 3(96B) AllocSpace objects, 0(0B) LOS objects, 40% free, 22MB/37MB, paused 147us total 12.694ms
08-06 06:17:03.729 15430 15447 I art     : Starting a blocking GC Explicit
08-06 06:17:03.742 15430 15447 I art     : Explicit concurrent mark sweep GC freed 3(96B) AllocSpace objects, 0(0B) LOS objects, 40% free, 22MB/37MB, paused 141us total 12.526ms
08-06 06:17:04.027 15430 15446 I art     : Starting a blocking GC Explicit
08-06 06:17:04.042 15430 15446 I art     : Explicit concurrent mark sweep GC freed 1358(79KB) AllocSpace objects, 1(20KB) LOS objects, 40% free, 22MB/37MB, paused 160us total 14.545ms
08-06 06:17:04.049 15430 15446 I art     : Starting a blocking GC Explicit
08-06 06:17:04.062 15430 15446 I art     : Explicit concurrent mark sweep GC freed 23(752B) AllocSpace objects, 0(0B) LOS objects, 40% free, 22MB/37MB, paused 135us total 12.414ms
08-06 06:17:04.068 15430 15446 I art     : Starting a blocking GC Explicit
08-06 06:17:04.080 15430 15446 I art     : Explicit concurrent mark sweep GC freed 3(96B) AllocSpace objects, 0(0B) LOS objects, 40% free, 22MB/37MB, paused 138us total 11.993ms
08-06 06:17:04.086 15430 15446 I art     : Starting a blocking GC Explicit
08-06 06:17:04.098 15430 15446 I art     : Explicit concurrent mark sweep GC freed 3(96B) AllocSpace objects, 0(0B) LOS objects, 40% free, 22MB/37MB, paused 121us total 11.748ms
08-06 06:17:04.104 15430 15446 I art     : Starting a blocking GC Explicit
08-06 06:17:04.115 15430 15446 I art     : Explicit concurrent mark sweep GC freed 3(96B) AllocSpace objects, 0(0B) LOS objects, 40% free, 22MB/37MB, paused 127us total 10.790ms
08-06 06:17:04.359 13866 13882 I PeriodicStatsRunner: PeriodicStatsRunner.call():175 call()
08-06 06:17:04.359 13866 13882 I PeriodicStatsRunner: PeriodicStatsRunner.call():179 No submit PeriodicStats since input started.
08-06 06:17:04.376 15430 15511 I art     : Starting a blocking GC Explicit
08-06 06:17:04.389 15430 15511 I art     : Explicit concurrent mark sweep GC freed 1357(79KB) AllocSpace objects, 1(20KB) LOS objects, 40% free, 22MB/37MB, paused 154us total 13.088ms
08-06 06:17:04.396 15430 15511 I art     : Starting a blocking GC Explicit
08-06 06:17:04.407 15635 15635 D AndroidRuntime: >>>>>> START com.android.internal.os.RuntimeInit uid 2000 <<<<<<
08-06 06:17:04.409 15430 15511 I art     : Explicit concurrent mark sweep GC freed 23(752B) AllocSpace objects, 0(0B) LOS objects, 40% free, 22MB/37MB, paused 152us total 13.081ms
08-06 06:17:04.411 15635 15635 D AndroidRuntime: CheckJNI is OFF
08-06 06:17:04.415 15430 15511 I art     : Starting a blocking GC Explicit
08-06 06:17:04.427 15430 15511 I art     : Explicit concurrent mark sweep GC freed 3(96B) AllocSpace objects, 0(0B) LOS objects, 40% free, 22MB/37MB, paused 150us total 12.263ms
08-06 06:17:04.434 15430 15511 I art     : Starting a blocking GC Explicit
08-06 06:17:04.440 15635 15635 D ICU     : No timezone override file found: /data/misc/zoneinfo/current/icu/icu_tzdata.dat
08-06 06:17:04.445 15430 15511 I art     : Explicit concurrent mark sweep GC freed 3(96B) AllocSpace objects, 0(0B) LOS objects, 40% free, 22MB/37MB, paused 148us total 11.446ms
08-06 06:17:04.451 15430 15511 I art     : Starting a blocking GC Explicit
08-06 06:17:04.462 15430 15511 I art     : Explicit concurrent mark sweep GC freed 3(96B) AllocSpace objects, 0(0B) LOS objects, 40% free, 22MB/37MB, paused 146us total 11.378ms
08-06 06:17:04.465 15635 15635 I Radio-JNI: register_android_hardware_Radio DONE
08-06 06:17:04.481 15635 15635 D AndroidRuntime: Calling main entry com.android.commands.input.Input
08-06 06:17:04.483 15635 15635 I Input   : injectMotionEvent: MotionEvent { action=ACTION_DOWN, actionButton=0, id[0]=0, x[0]=1233.0, y[0]=1274.0, toolType[0]=TOOL_TYPE_UNKNOWN, buttonState=0, metaState=0, flags=0x0, edgeFlags=0x0, pointerCount=1, historySize=0, eventTime=857840896, downTime=857840896, deviceId=0, source=0x1002 }
08-06 06:17:04.489 15635 15635 I Input   : injectMotionEvent: MotionEvent { action=ACTION_UP, actionButton=0, id[0]=0, x[0]=1233.0, y[0]=1274.0, toolType[0]=TOOL_TYPE_UNKNOWN, buttonState=0, metaState=0, flags=0x0, edgeFlags=0x0, pointerCount=1, historySize=0, eventTime=857840896, downTime=857840896, deviceId=0, source=0x1002 }
08-06 06:17:04.490 15635 15635 D AndroidRuntime: Shutting down VM
08-06 06:17:04.695 15430 15511 I art     : Starting a blocking GC Explicit
08-06 06:17:04.712 15430 15511 I art     : Explicit concurrent mark sweep GC freed 1385(80KB) AllocSpace objects, 1(20KB) LOS objects, 40% free, 22MB/37MB, paused 173us total 17.005ms
08-06 06:17:04.720 15430 15511 I art     : Starting a blocking GC Explicit
08-06 06:17:04.732 15430 15511 I art     : Explicit concurrent mark sweep GC freed 23(752B) AllocSpace objects, 0(0B) LOS objects, 40% free, 22MB/37MB, paused 165us total 12.356ms
08-06 06:17:04.738 15430 15511 I art     : Starting a blocking GC Explicit
08-06 06:17:04.750 15430 15511 I art     : Explicit concurrent mark sweep GC freed 3(96B) AllocSpace objects, 0(0B) LOS objects, 40% free, 22MB/37MB, paused 162us total 11.631ms
08-06 06:17:04.756 15430 15511 I art     : Starting a blocking GC Explicit
08-06 06:17:04.769 15430 15511 I art     : Explicit concurrent mark sweep GC freed 3(96B) AllocSpace objects, 0(0B) LOS objects, 40% free, 22MB/37MB, paused 157us total 12.353ms
08-06 06:17:04.775 15430 15511 I art     : Starting a blocking GC Explicit
08-06 06:17:04.788 15430 15511 I art     : Explicit concurrent mark sweep GC freed 3(96B) AllocSpace objects, 0(0B) LOS objects, 40% free, 22MB/37MB, paused 150us total 12.125ms
08-06 06:17:04.925 13866 13866 I GoogleInputMethodServic: GoogleInputMethodService.onFinishInput():3138 
08-06 06:17:04.925 13866 13866 I GoogleInputMethodServic: GoogleInputMethodService.onStartInput():1808 
08-06 06:17:05.031 15430 15446 I art     : Starting a blocking GC Explicit
08-06 06:17:05.049 15430 15446 I art     : Explicit concurrent mark sweep GC freed 1454(83KB) AllocSpace objects, 1(20KB) LOS objects, 40% free, 22MB/37MB, paused 195us total 17.412ms
08-06 06:17:05.059 15430 15446 I art     : Starting a blocking GC Explicit
08-06 06:17:05.072 15430 15446 I art     : Explicit concurrent mark sweep GC freed 31(1200B) AllocSpace objects, 0(0B) LOS objects, 40% free, 22MB/37MB, paused 130us total 12.527ms
08-06 06:17:05.078 15430 15446 I art     : Starting a blocking GC Explicit
08-06 06:17:05.090 15430 15446 I art     : Explicit concurrent mark sweep GC freed 3(96B) AllocSpace objects, 0(0B) LOS objects, 40% free, 22MB/37MB, paused 133us total 11.987ms
08-06 06:17:05.096 15430 15446 I art     : Starting a blocking GC Explicit
08-06 06:17:05.108 15430 15446 I art     : Explicit concurrent mark sweep GC freed 3(96B) AllocSpace objects, 0(0B) LOS objects, 40% free, 22MB/37MB, paused 124us total 12.246ms
08-06 06:17:05.114 15430 15446 I art     : Starting a blocking GC Explicit
08-06 06:17:05.126 15430 15446 I art     : Explicit concurrent mark sweep GC freed 3(96B) AllocSpace objects, 0(0B) LOS objects, 40% free, 22MB/37MB, paused 126us total 12.139ms
08-06 06:17:05.389 15430 15511 I art     : Starting a blocking GC Explicit
08-06 06:17:05.404 15430 15511 I art     : Explicit concurrent mark sweep GC freed 1358(79KB) AllocSpace objects, 1(20KB) LOS objects, 40% free, 22MB/37MB, paused 158us total 15.122ms
08-06 06:17:05.411 15430 15511 I art     : Starting a blocking GC Explicit
08-06 06:17:05.425 15430 15511 I art     : Explicit concurrent mark sweep GC freed 23(752B) AllocSpace objects, 0(0B) LOS objects, 40% free, 22MB/37MB, paused 142us total 13.338ms
08-06 06:17:05.431 15430 15511 I art     : Starting a blocking GC Explicit
08-06 06:17:05.444 15430 15511 I art     : Explicit concurrent mark sweep GC freed 3(96B) AllocSpace objects, 0(0B) LOS objects, 40% free, 22MB/37MB, paused 139us total 12.859ms
08-06 06:17:05.451 15430 15511 I art     : Starting a blocking GC Explicit
08-06 06:17:05.464 15430 15511 I art     : Explicit concurrent mark sweep GC freed 3(96B) AllocSpace objects, 0(0B) LOS objects, 40% free, 22MB/37MB, paused 141us total 12.392ms
08-06 06:17:05.470 15430 15511 I art     : Starting a blocking GC Explicit
08-06 06:17:05.482 15430 15511 I art     : Explicit concurrent mark sweep GC freed 3(96B) AllocSpace objects, 0(0B) LOS objects, 40% free, 22MB/37MB, paused 139us total 12.336ms
08-06 06:17:05.765 15430 15447 I art     : Starting a blocking GC Explicit
08-06 06:17:05.781 15430 15447 I art     : Explicit concurrent mark sweep GC freed 1382(80KB) AllocSpace objects, 1(20KB) LOS objects, 40% free, 22MB/37MB, paused 176us total 15.592ms
08-06 06:17:05.788 15430 15447 I art     : Starting a blocking GC Explicit
08-06 06:17:05.801 15430 15447 I art     : Explicit concurrent mark sweep GC freed 23(752B) AllocSpace objects, 0(0B) LOS objects, 40% free, 22MB/37MB, paused 148us total 12.734ms
08-06 06:17:05.807 15430 15447 I art     : Starting a blocking GC Explicit
08-06 06:17:05.819 15430 15447 I art     : Explicit concurrent mark sweep GC freed 3(96B) AllocSpace objects, 0(0B) LOS objects, 40% free, 22MB/37MB, paused 161us total 12.096ms
08-06 06:17:05.825 15430 15447 I art     : Starting a blocking GC Explicit
08-06 06:17:05.837 15430 15447 I art     : Explicit concurrent mark sweep GC freed 3(96B) AllocSpace objects, 0(0B) LOS objects, 40% free, 22MB/37MB, paused 141us total 11.305ms
08-06 06:17:05.842 15430 15447 I art     : Starting a blocking GC Explicit
08-06 06:17:05.854 15430 15447 I art     : Explicit concurrent mark sweep GC freed 3(96B) AllocSpace objects, 0(0B) LOS objects, 40% free, 22MB/37MB, paused 134us total 11.144ms
08-06 06:17:06.058 15698 15698 D AndroidRuntime: >>>>>> START com.android.internal.os.RuntimeInit uid 2000 <<<<<<
08-06 06:17:06.062 15698 15698 D AndroidRuntime: CheckJNI is OFF
08-06 06:17:06.087 15698 15698 D ICU     : No timezone override file found: /data/misc/zoneinfo/current/icu/icu_tzdata.dat
08-06 06:17:06.106 15430 15446 I art     : Starting a blocking GC Explicit
08-06 06:17:06.113 15698 15698 I Radio-JNI: register_android_hardware_Radio DONE
08-06 06:17:06.119 15430 15446 I art     : Explicit concurrent mark sweep GC freed 1357(79KB) AllocSpace objects, 1(20KB) LOS objects, 40% free, 22MB/37MB, paused 155us total 12.558ms
08-06 06:17:06.125 15430 15446 I art     : Starting a blocking GC Explicit
08-06 06:17:06.130 15698 15698 D AndroidRuntime: Calling main entry com.android.commands.input.Input
08-06 06:17:06.132 15698 15698 I Input   : injectMotionEvent: MotionEvent { action=ACTION_DOWN, actionButton=0, id[0]=0, x[0]=103.0, y[0]=192.0, toolType[0]=TOOL_TYPE_UNKNOWN, buttonState=0, metaState=0, flags=0x0, edgeFlags=0x0, pointerCount=1, historySize=0, eventTime=857842545, downTime=857842545, deviceId=0, source=0x1002 }
08-06 06:17:06.137 15698 15698 I Input   : injectMotionEvent: MotionEvent { action=ACTION_UP, actionButton=0, id[0]=0, x[0]=103.0, y[0]=192.0, toolType[0]=TOOL_TYPE_UNKNOWN, buttonState=0, metaState=0, flags=0x0, edgeFlags=0x0, pointerCount=1, historySize=0, eventTime=857842545, downTime=857842545, deviceId=0, source=0x1002 }
08-06 06:17:06.138 15430 15446 I art     : Explicit concurrent mark sweep GC freed 23(752B) AllocSpace objects, 0(0B) LOS objects, 40% free, 22MB/37MB, paused 139us total 12.803ms
08-06 06:17:06.138 15698 15698 D AndroidRuntime: Shutting down VM
08-06 06:17:06.145 15430 15446 I art     : Starting a blocking GC Explicit
08-06 06:17:06.152   512  2967 D audio_hw_primary: out_set_parameters: enter: usecase(1: low-latency-playback) kvpairs: routing=2
08-06 06:17:06.158 15430 15446 I art     : Explicit concurrent mark sweep GC freed 33(1024B) AllocSpace objects, 0(0B) LOS objects, 40% free, 22MB/37MB, paused 131us total 12.781ms
08-06 06:17:06.164 15430 15446 I art     : Starting a blocking GC Explicit
08-06 06:17:06.165   512  2967 D audio_hw_primary: select_devices: out_snd_device(2: speaker) in_snd_device(0: none)
08-06 06:17:06.165   512  2967 D msm8974_platform: platform_send_audio_calibration: sending audio calibration for snd_device(2) acdb_id(15)
08-06 06:17:06.165   512  2967 I soundtrigger: audio_extn_sound_trigger_update_device_status: device 0x2 of type 0 for Event 1
08-06 06:17:06.174   512  2967 D audio_hw_primary: enable_snd_device: snd_device(2: speaker)
08-06 06:17:06.176 15430 15446 I art     : Explicit concurrent mark sweep GC freed 34(1088B) AllocSpace objects, 0(0B) LOS objects, 40% free, 22MB/37MB, paused 136us total 11.813ms
08-06 06:17:06.176   512  2967 D audio_hw_primary: enable_audio_route: apply and update mixer path: low-latency-playback speaker
08-06 06:17:06.182 15430 15446 I art     : Starting a blocking GC Explicit
08-06 06:17:06.190 13866 13866 I GoogleInputMethodServic: GoogleInputMethodService.onFinishInput():3138 
08-06 06:17:06.190 13866 13866 I GoogleInputMethodServic: GoogleInputMethodService.onStartInput():1808 
08-06 06:17:06.194 15430 15446 I art     : Explicit concurrent mark sweep GC freed 69(2864B) AllocSpace objects, 0(0B) LOS objects, 40% free, 22MB/37MB, paused 143us total 11.749ms
08-06 06:17:06.422 15430 15446 I art     : Starting a blocking GC Explicit
08-06 06:17:06.434 15430 15446 I art     : Explicit concurrent mark sweep GC freed 1747(100KB) AllocSpace objects, 1(20KB) LOS objects, 40% free, 22MB/37MB, paused 178us total 12.559ms
08-06 06:17:06.441 15430 15446 I art     : Starting a blocking GC Explicit
08-06 06:17:06.453 15430 15446 I art     : Explicit concurrent mark sweep GC freed 29(1104B) AllocSpace objects, 0(0B) LOS objects, 40% free, 22MB/37MB, paused 141us total 11.779ms
08-06 06:17:06.459 15430 15446 I art     : Starting a blocking GC Explicit
08-06 06:17:06.472 15430 15446 I art     : Explicit concurrent mark sweep GC freed 3(96B) AllocSpace objects, 0(0B) LOS objects, 40% free, 22MB/37MB, paused 136us total 11.956ms
08-06 06:17:06.478 15430 15446 I art     : Starting a blocking GC Explicit
08-06 06:17:06.491 15430 15446 I art     : Explicit concurrent mark sweep GC freed 3(96B) AllocSpace objects, 0(0B) LOS objects, 40% free, 22MB/37MB, paused 148us total 12.417ms
08-06 06:17:06.497 15430 15446 I art     : Starting a blocking GC Explicit
08-06 06:17:06.509 15430 15446 I art     : Explicit concurrent mark sweep GC freed 9(288B) AllocSpace objects, 0(0B) LOS objects, 40% free, 22MB/37MB, paused 131us total 12.519ms
08-06 06:17:06.691 15728 15728 D AndroidRuntime: >>>>>> START com.android.internal.os.RuntimeInit uid 2000 <<<<<<
08-06 06:17:06.695 15728 15728 D AndroidRuntime: CheckJNI is OFF
08-06 06:17:06.719 15728 15728 D ICU     : No timezone override file found: /data/misc/zoneinfo/current/icu/icu_tzdata.dat
08-06 06:17:06.728   512  2967 D audio_hw_primary: disable_audio_route: reset and update mixer path: low-latency-playback speaker
08-06 06:17:06.730   512  2967 D audio_hw_primary: disable_snd_device: snd_device(2: speaker)
08-06 06:17:06.738   512  2967 I soundtrigger: audio_extn_sound_trigger_update_device_status: device 0x2 of type 0 for Event 0
08-06 06:17:06.743 15728 15728 I Radio-JNI: register_android_hardware_Radio DONE
08-06 06:17:06.757 15430 15447 I art     : Starting a blocking GC Explicit
08-06 06:17:06.758 15728 15728 D AndroidRuntime: Calling main entry com.android.commands.input.Input
08-06 06:17:06.760 15728 15728 I Input   : injectMotionEvent: MotionEvent { action=ACTION_DOWN, actionButton=0, id[0]=0, x[0]=324.0, y[0]=2298.0, toolType[0]=TOOL_TYPE_UNKNOWN, buttonState=0, metaState=0, flags=0x0, edgeFlags=0x0, pointerCount=1, historySize=0, eventTime=857843173, downTime=857843173, deviceId=0, source=0x1002 }
08-06 06:17:06.763 15728 15728 I Input   : injectMotionEvent: MotionEvent { action=ACTION_UP, actionButton=0, id[0]=0, x[0]=324.0, y[0]=2298.0, toolType[0]=TOOL_TYPE_UNKNOWN, buttonState=0, metaState=0, flags=0x0, edgeFlags=0x0, pointerCount=1, historySize=0, eventTime=857843173, downTime=857843173, deviceId=0, source=0x1002 }
08-06 06:17:06.765 15728 15728 D AndroidRuntime: Shutting down VM
08-06 06:17:06.770   512  2967 D audio_hw_primary: out_set_parameters: enter: usecase(1: low-latency-playback) kvpairs: routing=2
08-06 06:17:06.776 15430 15447 I art     : Explicit concurrent mark sweep GC freed 1395(80KB) AllocSpace objects, 1(20KB) LOS objects, 40% free, 22MB/37MB, paused 219us total 18.620ms
