08-04 14:43:25.998  8609  9230 D CustomInterceptor: REQ_SERV_BY net
08-04 14:43:25.998  8609  9230 D CustomInterceptor: PREFLIB Adding response to lrucache - https://hacker-news.firebaseio.com/v0/item/23971030.json
08-04 14:43:26.000  8609  9230 D CustomInterceptor: interceptor_finished : return_type #3 : request served from remote and added to cache
08-04 14:43:26.016  8609  8707 D CustomInterceptor: NETWORK-PROVIDER https://hacker-news.firebaseio.com/v0/item/23972051.json
08-04 14:43:26.017  8609  8707 D CustomInterceptor: HEADER REQUEST
08-04 14:43:26.018  8609  8707 D CustomInterceptor: Cache-Control max-age=300, max-stale=300
08-04 14:43:26.018  8609  8707 D CustomInterceptor: CACHED STATS: size = '100', maxSize = '100', hitCount = '110', createCount = '0', putCount = '106', evictionCount = '6', missCount = '122', toString = 'LruCache[maxSize=100,hits=110,misses=122,hitRate=47%]', 
08-04 14:43:26.018  8609  8707 D CustomInterceptor: PREFLIB NOT A GET REQUEST OR NOT IN CACHEGET
08-04 14:43:26.096  8609  8706 D CustomInterceptor: CACHE_CONTROL SETTING NEW MAX-AGE
08-04 14:43:26.097  8609  8706 D CustomInterceptor: HEADER RESPONSE
08-04 14:43:26.097  8609  8706 D CustomInterceptor: Access-Control-Allow-Origin *
08-04 14:43:26.097  8609  8706 D CustomInterceptor: Cache-Control public, immutable, max-age=300, only-if-cached, max-stale=300
08-04 14:43:26.097  8609  8706 D CustomInterceptor: Connection keep-alive
08-04 14:43:26.098  8609  8706 D CustomInterceptor: Content-Length 290
08-04 14:43:26.098  8609  8706 D CustomInterceptor: Content-Type application/json; charset=utf-8
08-04 14:43:26.098  8609  8706 D CustomInterceptor: Date Tue, 04 Aug 2020 12:43:21 GMT
08-04 14:43:26.098  8609  8706 D CustomInterceptor: Expires Tue, 04 Aug 2020 12:48:26 GMT+00:00
08-04 14:43:26.098  8609  8706 D CustomInterceptor: Server nginx
08-04 14:43:26.098  8609  8706 D CustomInterceptor: Strict-Transport-Security max-age=31556926; includeSubDomains; preload
08-04 14:43:26.098  8609  8706 D CustomInterceptor: CACHEABLE true
08-04 14:43:26.098  8609  8706 D CustomInterceptor: REQ https://hacker-news.firebaseio.com/v0/item/23970864.json
08-04 14:43:26.098  8609  8706 D CustomInterceptor: REQ_SERV_BY net
08-04 14:43:26.098  8609  8706 D CustomInterceptor: PREFLIB Adding response to lrucache - https://hacker-news.firebaseio.com/v0/item/23970864.json
08-04 14:43:26.130  8609  8706 D CustomInterceptor: interceptor_finished : return_type #3 : request served from remote and added to cache
08-04 14:43:26.143  8609  9190 D CustomInterceptor: CACHE_CONTROL SETTING NEW MAX-AGE
08-04 14:43:26.143  8609  9190 D CustomInterceptor: HEADER RESPONSE
08-04 14:43:26.144  8609  9190 D CustomInterceptor: Access-Control-Allow-Origin *
08-04 14:43:26.144  8609  9190 D CustomInterceptor: Cache-Control public, immutable, max-age=300, only-if-cached, max-stale=300
08-04 14:43:26.144  8609  9190 D CustomInterceptor: Connection keep-alive
08-04 14:43:26.144  8609  9190 D CustomInterceptor: Content-Length 294
08-04 14:43:26.144  8609  9190 D CustomInterceptor: Content-Type application/json; charset=utf-8
08-04 14:43:26.144  8609  9190 D CustomInterceptor: Date Tue, 04 Aug 2020 12:43:21 GMT
08-04 14:43:26.144  8609  9190 D CustomInterceptor: Expires Tue, 04 Aug 2020 12:48:26 GMT+00:00
08-04 14:43:26.144  8609  9190 D CustomInterceptor: Server nginx
08-04 14:43:26.144  8609  9190 D CustomInterceptor: Strict-Transport-Security max-age=31556926; includeSubDomains; preload
08-04 14:43:26.144  8609  9190 D CustomInterceptor: CACHEABLE true
08-04 14:43:26.144  8609  9190 D CustomInterceptor: REQ https://hacker-news.firebaseio.com/v0/item/23971544.json
08-04 14:43:26.144  8609  9190 D CustomInterceptor: REQ_SERV_BY net
08-04 14:43:26.145  8609  9190 D CustomInterceptor: PREFLIB Adding response to lrucache - https://hacker-news.firebaseio.com/v0/item/23971544.json
08-04 14:43:26.145  8609  9219 D CustomInterceptor: CACHE_CONTROL SETTING NEW MAX-AGE
08-04 14:43:26.146  8609  9219 D CustomInterceptor: HEADER RESPONSE
08-04 14:43:26.146  8609  9219 D CustomInterceptor: Access-Control-Allow-Origin *
08-04 14:43:26.146  8609  9219 D CustomInterceptor: Cache-Control public, immutable, max-age=300, only-if-cached, max-stale=300
08-04 14:43:26.146  8609  9219 D CustomInterceptor: Connection keep-alive
08-04 14:43:26.146  8609  9219 D CustomInterceptor: Content-Length 231
08-04 14:43:26.146  8609  9219 D CustomInterceptor: Content-Type application/json; charset=utf-8
08-04 14:43:26.147  8609  9219 D CustomInterceptor: Date Tue, 04 Aug 2020 12:43:21 GMT
08-04 14:43:26.147  8609  9219 D CustomInterceptor: Expires Tue, 04 Aug 2020 12:48:26 GMT+00:00
08-04 14:43:26.147  8609  9219 D CustomInterceptor: Server nginx
08-04 14:43:26.147  8609  9219 D CustomInterceptor: Strict-Transport-Security max-age=31556926; includeSubDomains; preload
08-04 14:43:26.147  8609  9219 D CustomInterceptor: CACHEABLE true
08-04 14:43:26.147  8609  9219 D CustomInterceptor: REQ https://hacker-news.firebaseio.com/v0/item/23972060.json
08-04 14:43:26.147  8609  9219 D CustomInterceptor: REQ_SERV_BY net
08-04 14:43:26.147  8609  9219 D CustomInterceptor: PREFLIB Adding response to lrucache - https://hacker-news.firebaseio.com/v0/item/23972060.json
08-04 14:43:26.154  8609  9194 D CustomInterceptor: CACHE_CONTROL SETTING NEW MAX-AGE
08-04 14:43:26.155  8609  9194 D CustomInterceptor: HEADER RESPONSE
08-04 14:43:26.155  8609  9194 D CustomInterceptor: Access-Control-Allow-Origin *
08-04 14:43:26.155  8609  9194 D CustomInterceptor: Cache-Control public, immutable, max-age=300, only-if-cached, max-stale=300
08-04 14:43:26.155  8609  9194 D CustomInterceptor: Connection keep-alive
08-04 14:43:26.155  8609  9194 D CustomInterceptor: Content-Length 370
08-04 14:43:26.155  8609  9194 D CustomInterceptor: Content-Type application/json; charset=utf-8
08-04 14:43:26.155  8609  9194 D CustomInterceptor: Date Tue, 04 Aug 2020 12:43:21 GMT
08-04 14:43:26.155  8609  9194 D CustomInterceptor: Expires Tue, 04 Aug 2020 12:48:26 GMT+00:00
08-04 14:43:26.155  8609  9194 D CustomInterceptor: Server nginx
08-04 14:43:26.155  8609  9194 D CustomInterceptor: Strict-Transport-Security max-age=31556926; includeSubDomains; preload
08-04 14:43:26.155  8609  9194 D CustomInterceptor: CACHEABLE true
08-04 14:43:26.155  8609  9194 D CustomInterceptor: REQ https://hacker-news.firebaseio.com/v0/item/23970366.json
08-04 14:43:26.155  8609  9194 D CustomInterceptor: REQ_SERV_BY net
08-04 14:43:26.155  8609  9194 D CustomInterceptor: PREFLIB Adding response to lrucache - https://hacker-news.firebaseio.com/v0/item/23970366.json
08-04 14:43:26.159  8609  8695 D CustomInterceptor: CACHE_CONTROL SETTING NEW MAX-AGE
08-04 14:43:26.160  8609  8695 D CustomInterceptor: HEADER RESPONSE
08-04 14:43:26.160  8609  8695 D CustomInterceptor: Access-Control-Allow-Origin *
08-04 14:43:26.160  8609  8695 D CustomInterceptor: Cache-Control public, immutable, max-age=300, only-if-cached, max-stale=300
08-04 14:43:26.160  8609  8695 D CustomInterceptor: Connection keep-alive
08-04 14:43:26.160  8609  8695 D CustomInterceptor: Content-Length 530
08-04 14:43:26.160  8609  8695 D CustomInterceptor: Content-Type application/json; charset=utf-8
08-04 14:43:26.160  8609  8695 D CustomInterceptor: Date Tue, 04 Aug 2020 12:43:21 GMT
08-04 14:43:26.160  8609  8695 D CustomInterceptor: Expires Tue, 04 Aug 2020 12:48:26 GMT+00:00
08-04 14:43:26.160  8609  8695 D CustomInterceptor: Server nginx
08-04 14:43:26.160  8609  8695 D CustomInterceptor: Strict-Transport-Security max-age=31556926; includeSubDomains; preload
08-04 14:43:26.161  8609  8695 D CustomInterceptor: CACHEABLE true
08-04 14:43:26.161  8609  8695 D CustomInterceptor: REQ https://hacker-news.firebaseio.com/v0/item/23970083.json
08-04 14:43:26.161  8609  8695 D CustomInterceptor: REQ_SERV_BY net
08-04 14:43:26.161  8609  8695 D CustomInterceptor: PREFLIB Adding response to lrucache - https://hacker-news.firebaseio.com/v0/item/23970083.json
08-04 14:43:26.164  8609  8707 D CustomInterceptor: CACHE_CONTROL SETTING NEW MAX-AGE
08-04 14:43:26.165  8609  8707 D CustomInterceptor: HEADER RESPONSE
08-04 14:43:26.165  8609  8707 D CustomInterceptor: Access-Control-Allow-Origin *
08-04 14:43:26.165  8609  8707 D CustomInterceptor: Cache-Control public, immutable, max-age=300, only-if-cached, max-stale=300
08-04 14:43:26.166  8609  8707 D CustomInterceptor: Connection keep-alive
08-04 14:43:26.166  8609  8707 D CustomInterceptor: Content-Length 391
08-04 14:43:26.166  8609  8707 D CustomInterceptor: Content-Type application/json; charset=utf-8
08-04 14:43:26.166  8609  8707 D CustomInterceptor: Date Tue, 04 Aug 2020 12:43:21 GMT
08-04 14:43:26.166  8609  8707 D CustomInterceptor: Expires Tue, 04 Aug 2020 12:48:26 GMT+00:00
08-04 14:43:26.166  8609  8707 D CustomInterceptor: Server nginx
08-04 14:43:26.166  8609  8707 D CustomInterceptor: Strict-Transport-Security max-age=31556926; includeSubDomains; preload
08-04 14:43:26.166  8609  8707 D CustomInterceptor: CACHEABLE true
08-04 14:43:26.166  8609  8707 D CustomInterceptor: REQ https://hacker-news.firebaseio.com/v0/item/23972051.json
08-04 14:43:26.166  8609  8707 D CustomInterceptor: REQ_SERV_BY net
08-04 14:43:26.166  8609  8707 D CustomInterceptor: PREFLIB Adding response to lrucache - https://hacker-news.firebaseio.com/v0/item/23972051.json
08-04 14:43:26.169  8609  9197 D CustomInterceptor: CACHE_CONTROL SETTING NEW MAX-AGE
08-04 14:43:26.170  8609  9197 D CustomInterceptor: HEADER RESPONSE
08-04 14:43:26.170  8609  9197 D CustomInterceptor: Access-Control-Allow-Origin *
08-04 14:43:26.170  8609  9197 D CustomInterceptor: Cache-Control public, immutable, max-age=300, only-if-cached, max-stale=300
08-04 14:43:26.170  8609  9197 D CustomInterceptor: Connection keep-alive
08-04 14:43:26.170  8609  9197 D CustomInterceptor: Content-Length 854
08-04 14:43:26.170  8609  8707 D CustomInterceptor: interceptor_finished : return_type #3 : request served from remote and added to cache
08-04 14:43:26.170  8609  9197 D CustomInterceptor: Content-Type application/json; charset=utf-8
08-04 14:43:26.170  8609  9197 D CustomInterceptor: Date Tue, 04 Aug 2020 12:43:21 GMT
08-04 14:43:26.170  8609  9197 D CustomInterceptor: Expires Tue, 04 Aug 2020 12:48:26 GMT+00:00
08-04 14:43:26.170  8609  9197 D CustomInterceptor: Server nginx
08-04 14:43:26.170  8609  9197 D CustomInterceptor: Strict-Transport-Security max-age=31556926; includeSubDomains; preload
08-04 14:43:26.171  8609  9197 D CustomInterceptor: CACHEABLE true
08-04 14:43:26.171  8609  9197 D CustomInterceptor: REQ https://hacker-news.firebaseio.com/v0/item/23971815.json
08-04 14:43:26.171  8609  9197 D CustomInterceptor: REQ_SERV_BY net
08-04 14:43:26.171  8609  9197 D CustomInterceptor: PREFLIB Adding response to lrucache - https://hacker-news.firebaseio.com/v0/item/23971815.json
08-04 14:43:26.176  8609  9190 D CustomInterceptor: interceptor_finished : return_type #3 : request served from remote and added to cache
08-04 14:43:26.180  8609  9219 D CustomInterceptor: interceptor_finished : return_type #3 : request served from remote and added to cache
08-04 14:43:26.183  8609  9225 D CustomInterceptor: CACHE_CONTROL SETTING NEW MAX-AGE
08-04 14:43:26.184  8609  9225 D CustomInterceptor: HEADER RESPONSE
08-04 14:43:26.184  8609  9225 D CustomInterceptor: Access-Control-Allow-Origin *
08-04 14:43:26.185  8609  9225 D CustomInterceptor: Cache-Control public, immutable, max-age=300, only-if-cached, max-stale=300
08-04 14:43:26.185  8609  9225 D CustomInterceptor: Connection keep-alive
08-04 14:43:26.185  8609  9225 D CustomInterceptor: Content-Length 236
08-04 14:43:26.185  8609  9225 D CustomInterceptor: Content-Type application/json; charset=utf-8
08-04 14:43:26.185  8609  9225 D CustomInterceptor: Date Tue, 04 Aug 2020 12:43:21 GMT
08-04 14:43:26.185  8609  9225 D CustomInterceptor: Expires Tue, 04 Aug 2020 12:48:26 GMT+00:00
08-04 14:43:26.185  8609  9225 D CustomInterceptor: Server nginx
08-04 14:43:26.185  8609  9225 D CustomInterceptor: Strict-Transport-Security max-age=31556926; includeSubDomains; preload
08-04 14:43:26.185  8609  9225 D CustomInterceptor: CACHEABLE true
08-04 14:43:26.185  8609  9225 D CustomInterceptor: REQ https://hacker-news.firebaseio.com/v0/item/23970116.json
08-04 14:43:26.185  8609  9225 D CustomInterceptor: REQ_SERV_BY net
08-04 14:43:26.185  8609  9225 D CustomInterceptor: PREFLIB Adding response to lrucache - https://hacker-news.firebaseio.com/v0/item/23970116.json
08-04 14:43:26.191  8609  9197 D CustomInterceptor: interceptor_finished : return_type #3 : request served from remote and added to cache
08-04 14:43:26.193  8609  9194 D CustomInterceptor: interceptor_finished : return_type #3 : request served from remote and added to cache
08-04 14:43:26.194  8609  8695 D CustomInterceptor: interceptor_finished : return_type #3 : request served from remote and added to cache
08-04 14:43:26.206  8609  9226 D CustomInterceptor: NETWORK-PROVIDER https://hacker-news.firebaseio.com/v0/item/23971961.json
08-04 14:43:26.207  8609  9226 D CustomInterceptor: HEADER REQUEST
08-04 14:43:26.207  8609  9226 D CustomInterceptor: Cache-Control max-age=300, max-stale=300
08-04 14:43:26.207  8609  9226 D CustomInterceptor: CACHED STATS: size = '100', maxSize = '100', hitCount = '117', createCount = '0', putCount = '113', evictionCount = '13', missCount = '123', toString = 'LruCache[maxSize=100,hits=117,misses=123,hitRate=48%]', 
08-04 14:43:26.208  8609  9226 D CustomInterceptor: PREFLIB NOT A GET REQUEST OR NOT IN CACHEGET
08-04 14:43:26.210  8609  9225 D CustomInterceptor: interceptor_finished : return_type #3 : request served from remote and added to cache
08-04 14:43:26.248  8609  8703 D CustomInterceptor: NETWORK-PROVIDER https://hacker-news.firebaseio.com/v0/item/23972279.json
08-04 14:43:26.250  8609  8703 D CustomInterceptor: HEADER REQUEST
08-04 14:43:26.250  8609  8703 D CustomInterceptor: Cache-Control max-age=300, max-stale=300
08-04 14:43:26.250  8609  8703 D CustomInterceptor: CACHED STATS: size = '100', maxSize = '100', hitCount = '118', createCount = '0', putCount = '114', evictionCount = '14', missCount = '124', toString = 'LruCache[maxSize=100,hits=118,misses=124,hitRate=48%]', 
08-04 14:43:26.250  8609  8703 D CustomInterceptor: PREFLIB NOT A GET REQUEST OR NOT IN CACHEGET
08-04 14:43:26.258  8609  9185 D CustomInterceptor: NETWORK-PROVIDER https://hacker-news.firebaseio.com/v0/item/23972882.json
08-04 14:43:26.263  8609  9185 D CustomInterceptor: HEADER REQUEST
08-04 14:43:26.263  8609  9185 D CustomInterceptor: Cache-Control max-age=300, max-stale=300
08-04 14:43:26.263  8609  9185 D CustomInterceptor: CACHED STATS: size = '100', maxSize = '100', hitCount = '118', createCount = '0', putCount = '114', evictionCount = '14', missCount = '125', toString = 'LruCache[maxSize=100,hits=118,misses=125,hitRate=48%]', 
08-04 14:43:26.263  8609  9185 D CustomInterceptor: PREFLIB NOT A GET REQUEST OR NOT IN CACHEGET
08-04 14:43:26.324  8609  8703 D CustomInterceptor: CACHE_CONTROL SETTING NEW MAX-AGE
08-04 14:43:26.325  8609  8703 D CustomInterceptor: HEADER RESPONSE
08-04 14:43:26.326  8609  8703 D CustomInterceptor: Access-Control-Allow-Origin *
08-04 14:43:26.326  8609  8703 D CustomInterceptor: Cache-Control public, immutable, max-age=300, only-if-cached, max-stale=300
08-04 14:43:26.326  8609  8703 D CustomInterceptor: Connection keep-alive
08-04 14:43:26.326  8609  8703 D CustomInterceptor: Content-Length 430
08-04 14:43:26.326  8609  8703 D CustomInterceptor: Content-Type application/json; charset=utf-8
08-04 14:43:26.326  8609  8703 D CustomInterceptor: Date Tue, 04 Aug 2020 12:43:21 GMT
08-04 14:43:26.326  8609  8703 D CustomInterceptor: Expires Tue, 04 Aug 2020 12:48:26 GMT+00:00
08-04 14:43:26.329  8609  8703 D CustomInterceptor: Server nginx
08-04 14:43:26.329  8609  8703 D CustomInterceptor: Strict-Transport-Security max-age=31556926; includeSubDomains; preload
08-04 14:43:26.329  8609  8703 D CustomInterceptor: CACHEABLE true
08-04 14:43:26.329  8609  8703 D CustomInterceptor: REQ https://hacker-news.firebaseio.com/v0/item/23972279.json
08-04 14:43:26.329  8609  8703 D CustomInterceptor: REQ_SERV_BY net
08-04 14:43:26.329  8609  8703 D CustomInterceptor: PREFLIB Adding response to lrucache - https://hacker-news.firebaseio.com/v0/item/23972279.json
08-04 14:43:26.332  8609  8703 D CustomInterceptor: interceptor_finished : return_type #3 : request served from remote and added to cache
08-04 14:43:26.677  8609  9185 D CustomInterceptor: CACHE_CONTROL SETTING NEW MAX-AGE
08-04 14:43:26.678  8609  9185 D CustomInterceptor: HEADER RESPONSE
08-04 14:43:26.679  8609  9185 D CustomInterceptor: Access-Control-Allow-Origin *
08-04 14:43:26.679  8609  9185 D CustomInterceptor: Cache-Control public, immutable, max-age=300, only-if-cached, max-stale=300
08-04 14:43:26.679  8609  9185 D CustomInterceptor: Connection keep-alive
08-04 14:43:26.679  8609  9185 D CustomInterceptor: Content-Length 492
08-04 14:43:26.679  8609  9185 D CustomInterceptor: Content-Type application/json; charset=utf-8
08-04 14:43:26.679  8609  9185 D CustomInterceptor: Date Tue, 04 Aug 2020 12:43:21 GMT
08-04 14:43:26.679  8609  9185 D CustomInterceptor: Expires Tue, 04 Aug 2020 12:48:26 GMT+00:00
08-04 14:43:26.679  8609  9185 D CustomInterceptor: Server nginx
08-04 14:43:26.679  8609  9185 D CustomInterceptor: Strict-Transport-Security max-age=31556926; includeSubDomains; preload
08-04 14:43:26.679  8609  9185 D CustomInterceptor: CACHEABLE true
08-04 14:43:26.679  8609  9185 D CustomInterceptor: REQ https://hacker-news.firebaseio.com/v0/item/23972882.json
08-04 14:43:26.679  8609  9185 D CustomInterceptor: REQ_SERV_BY net
08-04 14:43:26.679  8609  9185 D CustomInterceptor: PREFLIB Adding response to lrucache - https://hacker-news.firebaseio.com/v0/item/23972882.json
08-04 14:43:26.712  8609  9185 D CustomInterceptor: interceptor_finished : return_type #3 : request served from remote and added to cache
08-04 14:43:27.175  8609  8704 D CustomInterceptor: Interceptor exiting with exception java.io.IOException: unexpected end of stream on https://hacker-news.firebaseio.com/...
08-04 14:43:27.204  8609  8704 D CustomInterceptor: interceptor_finished : return_type #4 : interceptor failed, resuming the request chain with the original request
08-04 14:43:27.619  8609  9226 D CustomInterceptor: Interceptor exiting with exception java.io.IOException: unexpected end of stream on https://hacker-news.firebaseio.com/...
08-04 14:43:27.622  8609  9226 D CustomInterceptor: interceptor_finished : return_type #4 : interceptor failed, resuming the request chain with the original request
08-04 14:43:27.697  8609  8709 D CustomInterceptor: Interceptor exiting with exception java.io.IOException: unexpected end of stream on https://hacker-news.firebaseio.com/...
08-04 14:43:27.702  8609  8709 D CustomInterceptor: interceptor_finished : return_type #4 : interceptor failed, resuming the request chain with the original request
08-04 14:43:31.159  8609  8630 D CustomInterceptor: NETWORK-PROVIDER https://hacker-news.firebaseio.com/v0/item/23971016.json
08-04 14:43:31.161  8609  8630 D CustomInterceptor: HEADER REQUEST
08-04 14:43:31.161  8609  8630 D CustomInterceptor: Cache-Control max-age=300, max-stale=300
08-04 14:43:31.161  8609  8630 D CustomInterceptor: CACHED STATS: size = '100', maxSize = '100', hitCount = '120', createCount = '0', putCount = '116', evictionCount = '16', missCount = '126', toString = 'LruCache[maxSize=100,hits=120,misses=126,hitRate=48%]', 
08-04 14:43:31.169  8609  8630 D CustomInterceptor: PREFLIB GET REQUEST https://hacker-news.firebaseio.com/v0/item/23971016.json
08-04 14:43:31.169  8609  8630 D CustomInterceptor: PREFLIB found https://hacker-news.firebaseio.com/v0/item/23971016.json, sending it back
08-04 14:43:31.169  8609  8630 D CustomInterceptor: CONTENT {"by":"ghostcluster","id":23971016,"kids":[23971915,23971105,23973392,23971132,23975363,23972654,23972528,23972925,23971363,23976677,23974893,23974463,23971037,23972679,23973223,23972846,23972362,23971100,23971248],"parent":23970842,"text":"&gt; Ann Kelleher, a 24-year Intel veteran, will lead development of 7-nanometer and 5-nanometer chip technology processes. Last week, the company had said the smaller, faster 7-nanometer chipmaking technology was six months behind schedule and it <i>would have to rely more on outside chipmakers to keep its products competitive</i>.<p>I hope Intel keeps its US-based fabs and continues to upgrade them. It would be a mistake to cede this capacity to outsourcing like so much of our other manufacturing capacity. Interestingly, it seems the US is almost unique in our mass deindustrialization. Japan, Germany and South Korea have avoided this.","time":1595896565,"type":"comment"}
08-04 14:43:31.169  8609  8630 D CustomInterceptor: interceptor_finished : return_type #2 : request served from cache
08-04 14:43:31.170  8609  8630 D CustomInterceptor: NETWORK-PROVIDER https://hacker-news.firebaseio.com/v0/item/23972768.json
08-04 14:43:31.171  8609  8630 D CustomInterceptor: HEADER REQUEST
08-04 14:43:31.171  8609  8630 D CustomInterceptor: Cache-Control max-age=300, max-stale=300
08-04 14:43:31.171  8609  8630 D CustomInterceptor: CACHED STATS: size = '100', maxSize = '100', hitCount = '121', createCount = '0', putCount = '116', evictionCount = '16', missCount = '126', toString = 'LruCache[maxSize=100,hits=121,misses=126,hitRate=48%]', 
08-04 14:43:31.171  8609  8630 D CustomInterceptor: PREFLIB GET REQUEST https://hacker-news.firebaseio.com/v0/item/23972768.json
08-04 14:43:31.171  8609  8630 D CustomInterceptor: PREFLIB found https://hacker-news.firebaseio.com/v0/item/23972768.json, sending it back
08-04 14:43:31.172  8609  8630 D CustomInterceptor: CONTENT {"by":"headmelted","id":23972768,"kids":[23973005,23975937],"parent":23970842,"text":"&quot;Renduchintala was one of several key hires from outside Intel, which had been famous in Silicon Valley for developing and promoting talent from within. He was hired as part of a strategy to go after broader markets than the central processing units, or CPUs, the company became known for in the PC era.&quot;<p>I feel like this will go down in history as one of technology&#x27;s most expensive decisions (that&#x27;s not a knock on Renduchintala as much as it&#x27;s my own astonishment at Intel thinking they were safe as recently as 2015).<p>I&#x27;m also a bit saddened by this.  It confirms what we all suspected but what I secretly hoped wasn&#x27;t true.<p>Intel for over a decade coyly hinted they had aces up their sleeves that would already have been played if they faced more competition.  Graphene got kicked around in conversations for a while and then when that turned out to be a no go they talked about black phosphorus.<p>So after all that, aside from marginal tweaks and pretty meager die shrinks here and there, they were doing.. nothing?.. for <i>ten years</i>?","time":1595916380,"type":"comment"}
08-04 14:43:31.172  8609  8630 D CustomInterceptor: interceptor_finished : return_type #2 : request served from cache
08-04 14:43:36.202  8609  9233 D CustomInterceptor: NETWORK-PROVIDER https://hacker-news.firebaseio.com/v0/item/23970041.json
08-04 14:43:36.204  8609  9233 D CustomInterceptor: HEADER REQUEST
08-04 14:43:36.204  8609  9233 D CustomInterceptor: Cache-Control max-age=300, max-stale=300
08-04 14:43:36.204  8609  9233 D CustomInterceptor: CACHED STATS: size = '100', maxSize = '100', hitCount = '122', createCount = '0', putCount = '116', evictionCount = '16', missCount = '126', toString = 'LruCache[maxSize=100,hits=122,misses=126,hitRate=49%]', 
08-04 14:43:36.204  8609  9233 D CustomInterceptor: PREFLIB GET REQUEST https://hacker-news.firebaseio.com/v0/item/23970041.json
08-04 14:43:36.204  8609  9233 D CustomInterceptor: PREFLIB found https://hacker-news.firebaseio.com/v0/item/23970041.json, sending it back
08-04 14:43:36.204  8609  9233 D CustomInterceptor: CONTENT {"by":"fpgaminer","id":23970041,"kids":[23970236,23970204,23970080,23971544,23970864,23970366,23970083,23971815,23972060,23970116],"parent":23969442,"text":"Related to this bug, some time ago I started getting spam on my Google Calendar.  Not sure if Google ever fixed it, but basically Google would automatically add events to your calendar when you got an invite in your email.  Honestly, it&#x27;s a nice feature; saves a couple clicks every time I get an invite.  The bug is that it applied even if the email was spam.  There was no workaround, other than disabling the feature completely.  Quite a pain.  And yes, just like this bug, you&#x27;d get lovely &quot;eat my pussy&quot; events popping up on your calendar and reminders.<p>Thanks Google, you&#x27;re the best &#x2F;s","time":1595888055,"type":"comment"}
08-04 14:43:36.205  8609  9233 D CustomInterceptor: interceptor_finished : return_type #2 : request served from cache
08-04 14:43:36.211  8609  9188 D CustomInterceptor: NETWORK-PROVIDER https://hacker-news.firebaseio.com/v0/item/23969718.json
08-04 14:43:36.213  8609  9188 D CustomInterceptor: HEADER REQUEST
08-04 14:43:36.213  8609  9188 D CustomInterceptor: Cache-Control max-age=300, max-stale=300
08-04 14:43:36.213  8609  9188 D CustomInterceptor: CACHED STATS: size = '100', maxSize = '100', hitCount = '123', createCount = '0', putCount = '116', evictionCount = '16', missCount = '126', toString = 'LruCache[maxSize=100,hits=123,misses=126,hitRate=49%]', 
08-04 14:43:36.213  8609  9188 D CustomInterceptor: PREFLIB GET REQUEST https://hacker-news.firebaseio.com/v0/item/23969718.json
08-04 14:43:36.213  8609  9188 D CustomInterceptor: PREFLIB found https://hacker-news.firebaseio.com/v0/item/23969718.json, sending it back
08-04 14:43:36.213  8609  9188 D CustomInterceptor: CONTENT {"by":"Wowfunhappy","id":23969718,"kids":[23969822,23970303,23972508],"parent":23969442,"text":"&gt; Keep getting spam shared on an account I don&#x27;t use much, but keep getting notifications. Not fun when my 9 yo son is on my phone and a notification pops up that someone shared &quot;eat my pussy baby&quot;. Google needs to address this.<p>Oh. That&#x27;s bad.","time":1595886039,"type":"comment"}
08-04 14:43:36.213  8609  9188 D CustomInterceptor: interceptor_finished : return_type #2 : request served from cache
08-04 14:43:36.222  8609  9192 D CustomInterceptor: NETWORK-PROVIDER https://hacker-news.firebaseio.com/v0/item/23969879.json
08-04 14:43:36.223  8609  9192 D CustomInterceptor: HEADER REQUEST
08-04 14:43:36.223  8609  9192 D CustomInterceptor: Cache-Control max-age=300, max-stale=300
08-04 14:43:36.223  8609  9192 D CustomInterceptor: CACHED STATS: size = '100', maxSize = '100', hitCount = '124', createCount = '0', putCount = '116', evictionCount = '16', missCount = '126', toString = 'LruCache[maxSize=100,hits=124,misses=126,hitRate=49%]', 
08-04 14:43:36.223  8609  9192 D CustomInterceptor: PREFLIB GET REQUEST https://hacker-news.firebaseio.com/v0/item/23969879.json
08-04 14:43:36.224  8609  9192 D CustomInterceptor: PREFLIB found https://hacker-news.firebaseio.com/v0/item/23969879.json, sending it back
08-04 14:43:36.224  8609  9192 D CustomInterceptor: CONTENT {"by":"SanchoPanda","id":23969879,"kids":[23970795,23970196,23970050,23970388,23970705,23970244,23970392,23970574,23970063],"parent":23969442,"text":"The mods on the support forums who make it sound like basic functionality missing from their product is your own fault for not submitting some kind of ticket deserve the gaslighting prize of the year for each of the last 5 years.<p>They don&#x27;t even have an option to show you how much space folders take up, when they charge you based on space usage.<p><a href=\"https:&#x2F;&#x2F;support.google.com&#x2F;drive&#x2F;thread&#x2F;3970069?hl=en\" rel=\"nofollow\">https:&#x2F;&#x2F;support.google.com&#x2F;drive&#x2F;thread&#x2F;3970069?hl=en</a>","time":1595887012,"type":"comment"}
08-04 14:43:36.224  8609  9192 D CustomInterceptor: interceptor_finished : return_type #2 : request served from cache
08-04 14:43:36.230  8609  9202 D CustomInterceptor: NETWORK-PROVIDER https://hacker-news.firebaseio.com/v0/item/23970276.json
08-04 14:43:36.231  8609  9202 D CustomInterceptor: HEADER REQUEST
08-04 14:43:36.231  8609  9202 D CustomInterceptor: Cache-Control max-age=300, max-stale=300
08-04 14:43:36.231  8609  9202 D CustomInterceptor: CACHED STATS: size = '100', maxSize = '100', hitCount = '125', createCount = '0', putCount = '116', evictionCount = '16', missCount = '126', toString = 'LruCache[maxSize=100,hits=125,misses=126,hitRate=49%]', 
08-04 14:43:36.231  8609  9202 D CustomInterceptor: PREFLIB GET REQUEST https://hacker-news.firebaseio.com/v0/item/23970276.json
08-04 14:43:36.231  8609  9202 D CustomInterceptor: PREFLIB found https://hacker-news.firebaseio.com/v0/item/23970276.json, sending it back
08-04 14:43:36.232  8609  9202 D CustomInterceptor: CONTENT {"by":"kstrauser","id":23970276,"kids":[23972976,23971099,23970652,23970345,23970571],"parent":23969442,"text":"My adventures last week:<p>Question: We have a G Suite Enterprise account. We used to share documents with a contractor. They no longer contract with us. How do we remove that contractor from every shared document.<p>Answer 1: Run this report to get a list of every document shared with them. Manually visit each document and un-share it.<p>Answer 2: Our API docs are at...<p>FFS, Google. I really don&#x27;t think this is that unusual of a request. I refuse to believe that we&#x27;re the first company ever that wanted to remove people from our Google Drive. Why do you make it so difficult?","time":1595889696,"type":"comment"}
08-04 14:43:36.232  8609  9202 D CustomInterceptor: interceptor_finished : return_type #2 : request served from cache
08-04 14:43:36.237  8609  9209 D CustomInterceptor: NETWORK-PROVIDER https://hacker-news.firebaseio.com/v0/item/23969792.json
08-04 14:43:36.239  8609  9209 D CustomInterceptor: HEADER REQUEST
08-04 14:43:36.239  8609  9209 D CustomInterceptor: Cache-Control max-age=300, max-stale=300
08-04 14:43:36.239  8609  9209 D CustomInterceptor: CACHED STATS: size = '100', maxSize = '100', hitCount = '126', createCount = '0', putCount = '116', evictionCount = '16', missCount = '126', toString = 'LruCache[maxSize=100,hits=126,misses=126,hitRate=50%]', 
08-04 14:43:36.239  8609  9209 D CustomInterceptor: PREFLIB GET REQUEST https://hacker-news.firebaseio.com/v0/item/23969792.json
08-04 14:43:36.239  8609  9209 D CustomInterceptor: PREFLIB found https://hacker-news.firebaseio.com/v0/item/23969792.json, sending it back
08-04 14:43:36.239  8609  9209 D CustomInterceptor: CONTENT {"by":"schoolornot","id":23969792,"kids":[23970216,23969986,23969912],"parent":23969442,"text":"Tangential to this is that calendar&#x2F;invite spam continues to be an issue as well. Want to trick someone into visiting a URL? Just send them a calendar invite and chances are they will click it.","time":1595886443,"type":"comment"}
08-04 14:43:36.239  8609  9209 D CustomInterceptor: interceptor_finished : return_type #2 : request served from cache
08-04 14:43:36.245  8609  9220 D CustomInterceptor: NETWORK-PROVIDER https://hacker-news.firebaseio.com/v0/item/23969873.json
08-04 14:43:36.247  8609  9220 D CustomInterceptor: HEADER REQUEST
08-04 14:43:36.247  8609  9220 D CustomInterceptor: Cache-Control max-age=300, max-stale=300
08-04 14:43:36.247  8609  9220 D CustomInterceptor: CACHED STATS: size = '100', maxSize = '100', hitCount = '127', createCount = '0', putCount = '116', evictionCount = '16', missCount = '126', toString = 'LruCache[maxSize=100,hits=127,misses=126,hitRate=50%]', 
08-04 14:43:36.247  8609  9220 D CustomInterceptor: PREFLIB GET REQUEST https://hacker-news.firebaseio.com/v0/item/23969873.json
08-04 14:43:36.247  8609  9220 D CustomInterceptor: PREFLIB found https://hacker-news.firebaseio.com/v0/item/23969873.json, sending it back
08-04 14:43:36.247  8609  9220 D CustomInterceptor: CONTENT {"by":"agundy","id":23969873,"kids":[23970004],"parent":23969442,"text":"This can be so confusing for non-tech literate people too. My mother asked me to help her, saying she was hacked because there was porn in her Google Drive.<p>It can be really difficult for non-power users to even understand why this is happening or what to do to fix this.","time":1595886956,"type":"comment"}
08-04 14:43:36.247  8609  9220 D CustomInterceptor: interceptor_finished : return_type #2 : request served from cache
08-04 14:43:36.253  8609  9204 D CustomInterceptor: NETWORK-PROVIDER https://hacker-news.firebaseio.com/v0/item/23969703.json
08-04 14:43:36.255  8609  9204 D CustomInterceptor: HEADER REQUEST
08-04 14:43:36.255  8609  9204 D CustomInterceptor: Cache-Control max-age=300, max-stale=300
08-04 14:43:36.255  8609  9204 D CustomInterceptor: CACHED STATS: size = '100', maxSize = '100', hitCount = '128', createCount = '0', putCount = '116', evictionCount = '16', missCount = '126', toString = 'LruCache[maxSize=100,hits=128,misses=126,hitRate=50%]', 
08-04 14:43:36.255  8609  9204 D CustomInterceptor: PREFLIB GET REQUEST https://hacker-news.firebaseio.com/v0/item/23969703.json
08-04 14:43:36.255  8609  9204 D CustomInterceptor: PREFLIB found https://hacker-news.firebaseio.com/v0/item/23969703.json, sending it back
08-04 14:43:36.255  8609  9204 D CustomInterceptor: CONTENT {"by":"cbm-vic-20","id":23969703,"kids":[23970221,23970057,23970413,23970278,23969976,23970325,23970965,23970126,23969838,23969705],"parent":23969442,"text":"Answer: find the email address of the person the product manager of Google Drive reports to, and start sharing stuff with them.<p>(&#x2F;s: not condoning doxxing here)","time":1595885927,"type":"comment"}
08-04 14:43:36.255  8609  9204 D CustomInterceptor: interceptor_finished : return_type #2 : request served from cache
08-04 14:43:36.261  8609  8702 D CustomInterceptor: NETWORK-PROVIDER https://hacker-news.firebaseio.com/v0/item/23970290.json
08-04 14:43:36.263  8609  8702 D CustomInterceptor: HEADER REQUEST
08-04 14:43:36.263  8609  8702 D CustomInterceptor: Cache-Control max-age=300, max-stale=300
08-04 14:43:36.263  8609  8702 D CustomInterceptor: CACHED STATS: size = '100', maxSize = '100', hitCount = '129', createCount = '0', putCount = '116', evictionCount = '16', missCount = '126', toString = 'LruCache[maxSize=100,hits=129,misses=126,hitRate=50%]', 
08-04 14:43:36.263  8609  8702 D CustomInterceptor: PREFLIB GET REQUEST https://hacker-news.firebaseio.com/v0/item/23970290.json
08-04 14:43:36.263  8609  8702 D CustomInterceptor: PREFLIB found https://hacker-news.firebaseio.com/v0/item/23970290.json, sending it back
08-04 14:43:36.263  8609  8702 D CustomInterceptor: CONTENT {"by":"kwijibob","id":23970290,"kids":[23970437],"parent":23969442,"text":"I&#x27;m all in on GDrive - my whole world is in there. 25 years of files.<p>I do notice Spam occasionally in the &#x27;shared with me&#x27; menu - but it seems to get cleaned up.<p>I already have all 99% notifications turned off in apps.<p>Sounds like the real annoying part is getting the notification with the spammy sexual titles.<p>If you didn&#x27;t get notifications then likely the spam detection would delete before you ever noticed it in your &#x27;Shared with Me&#x27; menu.<p>Android needs to default to opt-in notifications like on IOS.","time":1595889805,"type":"comment"}
08-04 14:43:36.263  8609  8702 D CustomInterceptor: interceptor_finished : return_type #2 : request served from cache
08-04 14:43:36.269  8609  9215 D CustomInterceptor: NETWORK-PROVIDER https://hacker-news.firebaseio.com/v0/item/23969454.json
08-04 14:43:36.271  8609  9215 D CustomInterceptor: HEADER REQUEST
08-04 14:43:36.271  8609  9215 D CustomInterceptor: Cache-Control max-age=300, max-stale=300
08-04 14:43:36.271  8609  9215 D CustomInterceptor: CACHED STATS: size = '100', maxSize = '100', hitCount = '130', createCount = '0', putCount = '116', evictionCount = '16', missCount = '126', toString = 'LruCache[maxSize=100,hits=130,misses=126,hitRate=50%]', 
08-04 14:43:36.271  8609  9215 D CustomInterceptor: PREFLIB GET REQUEST https://hacker-news.firebaseio.com/v0/item/23969454.json
08-04 14:43:36.271  8609  9215 D CustomInterceptor: PREFLIB found https://hacker-news.firebaseio.com/v0/item/23969454.json, sending it back
08-04 14:43:36.271  8609  9215 D CustomInterceptor: CONTENT {"by":"mariocesar","id":23969454,"kids":[23969823],"parent":23969442,"text":"Just a simple option like &quot;Allow just my contacts to share files with me&quot;. I lost so much time with all the spam and malware that is being sent to me just because my gmail account is so public ... :(","time":1595884339,"type":"comment"}
08-04 14:43:36.271  8609  9215 D CustomInterceptor: interceptor_finished : return_type #2 : request served from cache
08-04 14:43:36.280  8609  8708 D CustomInterceptor: NETWORK-PROVIDER https://hacker-news.firebaseio.com/v0/item/23969987.json
08-04 14:43:36.282  8609  8708 D CustomInterceptor: HEADER REQUEST
08-04 14:43:36.282  8609  8708 D CustomInterceptor: Cache-Control max-age=300, max-stale=300
08-04 14:43:36.282  8609  8708 D CustomInterceptor: CACHED STATS: size = '100', maxSize = '100', hitCount = '131', createCount = '0', putCount = '116', evictionCount = '16', missCount = '126', toString = 'LruCache[maxSize=100,hits=131,misses=126,hitRate=50%]', 
08-04 14:43:36.282  8609  8708 D CustomInterceptor: PREFLIB GET REQUEST https://hacker-news.firebaseio.com/v0/item/23969987.json
08-04 14:43:36.282  8609  8708 D CustomInterceptor: PREFLIB found https://hacker-news.firebaseio.com/v0/item/23969987.json, sending it back
08-04 14:43:36.282  8609  8708 D CustomInterceptor: CONTENT {"by":"ramosu","id":23969987,"kids":[23972337,23971444],"parent":23969442,"text":"It seems Google simply abandon some of their products.<p>I&#x27;ve been living with another issue since 2011: <a href=\"https:&#x2F;&#x2F;issuetracker.google.com&#x2F;issues&#x2F;35889152\" rel=\"nofollow\">https:&#x2F;&#x2F;issuetracker.google.com&#x2F;issues&#x2F;35889152</a>","time":1595887633,"type":"comment"}
08-04 14:43:36.282  8609  8708 D CustomInterceptor: interceptor_finished : return_type #2 : request served from cache
08-04 14:43:36.287  8609  9223 D CustomInterceptor: NETWORK-PROVIDER https://hacker-news.firebaseio.com/v0/item/23970408.json
08-04 14:43:36.288  8609  9223 D CustomInterceptor: HEADER REQUEST
08-04 14:43:36.288  8609  9223 D CustomInterceptor: Cache-Control max-age=300, max-stale=300
08-04 14:43:36.289  8609  9223 D CustomInterceptor: CACHED STATS: size = '100', maxSize = '100', hitCount = '132', createCount = '0', putCount = '116', evictionCount = '16', missCount = '126', toString = 'LruCache[maxSize=100,hits=132,misses=126,hitRate=51%]', 
08-04 14:43:36.289  8609  9223 D CustomInterceptor: PREFLIB GET REQUEST https://hacker-news.firebaseio.com/v0/item/23970408.json
08-04 14:43:36.289  8609  9223 D CustomInterceptor: PREFLIB found https://hacker-news.firebaseio.com/v0/item/23970408.json, sending it back
08-04 14:43:36.289  8609  9223 D CustomInterceptor: CONTENT {"by":"thisbrt","id":23970408,"parent":23969442,"text":"IMHO Google drive is one of the worst service of Its kind in the market. Copying, moving duplicating files is as complex and blunt as it could be. Folder duplication doesnt exist. Im actually not surprised that sharing is still not fixed. Look at Meet. A service that only after being absolutely beaten by Zoom received some attention. Theyre working on bringing Plus back in the form of Currents, but you still cannot stop people from sharing file with you in Google drive...","time":1595890803,"type":"comment"}
08-04 14:43:36.289  8609  9223 D CustomInterceptor: interceptor_finished : return_type #2 : request served from cache
08-04 14:43:36.295  8609  9207 D CustomInterceptor: NETWORK-PROVIDER https://hacker-news.firebaseio.com/v0/item/23971555.json
08-04 14:43:36.297  8609  9207 D CustomInterceptor: HEADER REQUEST
08-04 14:43:36.297  8609  9207 D CustomInterceptor: Cache-Control max-age=300, max-stale=300
08-04 14:43:36.297  8609  9207 D CustomInterceptor: CACHED STATS: size = '100', maxSize = '100', hitCount = '133', createCount = '0', putCount = '116', evictionCount = '16', missCount = '126', toString = 'LruCache[maxSize=100,hits=133,misses=126,hitRate=51%]', 
08-04 14:43:36.297  8609  9207 D CustomInterceptor: PREFLIB GET REQUEST https://hacker-news.firebaseio.com/v0/item/23971555.json
08-04 14:43:36.297  8609  9207 D CustomInterceptor: PREFLIB found https://hacker-news.firebaseio.com/v0/item/23971555.json, sending it back
08-04 14:43:36.297  8609  9207 D CustomInterceptor: CONTENT {"by":"dzonga","id":23971555,"kids":[23972678],"parent":23969442,"text":"im a google one user. &amp;  will admit only pay, because it&#x27;s a  steal for the price. no other service offered 100gb for $20 a year.but yeah, google software quality is quite poor. wonder, why all those engineers doing leetcode interviews can&#x27;t make quality products.","time":1595901506,"type":"comment"}
08-04 14:43:36.297  8609  9207 D CustomInterceptor: interceptor_finished : return_type #2 : request served from cache
08-04 14:43:36.303  8609  9211 D CustomInterceptor: NETWORK-PROVIDER https://hacker-news.firebaseio.com/v0/item/23970173.json
08-04 14:43:36.304  8609  9211 D CustomInterceptor: HEADER REQUEST
08-04 14:43:36.304  8609  9211 D CustomInterceptor: Cache-Control max-age=300, max-stale=300
08-04 14:43:36.304  8609  9211 D CustomInterceptor: CACHED STATS: size = '100', maxSize = '100', hitCount = '134', createCount = '0', putCount = '116', evictionCount = '16', missCount = '126', toString = 'LruCache[maxSize=100,hits=134,misses=126,hitRate=51%]', 
08-04 14:43:36.304  8609  9211 D CustomInterceptor: PREFLIB GET REQUEST https://hacker-news.firebaseio.com/v0/item/23970173.json
08-04 14:43:36.304  8609  9211 D CustomInterceptor: PREFLIB found https://hacker-news.firebaseio.com/v0/item/23970173.json, sending it back
08-04 14:43:36.305  8609  9211 D CustomInterceptor: CONTENT {"by":"moandcompany","id":23970173,"parent":23969442,"text":"As a ______ also affected by this issue on my personal Gmail accounts, I&#x27;ve filed a feedback&#x2F;request for this internally.","time":1595888992,"type":"comment"}
08-04 14:43:36.305  8609  9211 D CustomInterceptor: interceptor_finished : return_type #2 : request served from cache
08-04 14:43:36.311  8609  9196 D CustomInterceptor: NETWORK-PROVIDER https://hacker-news.firebaseio.com/v0/item/23970932.json
08-04 14:43:36.312  8609  9196 D CustomInterceptor: HEADER REQUEST
08-04 14:43:36.312  8609  9196 D CustomInterceptor: Cache-Control max-age=300, max-stale=300
08-04 14:43:36.312  8609  9196 D CustomInterceptor: CACHED STATS: size = '100', maxSize = '100', hitCount = '135', createCount = '0', putCount = '116', evictionCount = '16', missCount = '126', toString = 'LruCache[maxSize=100,hits=135,misses=126,hitRate=51%]', 
08-04 14:43:36.312  8609  9196 D CustomInterceptor: PREFLIB GET REQUEST https://hacker-news.firebaseio.com/v0/item/23970932.json
08-04 14:43:36.313  8609  9196 D CustomInterceptor: PREFLIB found https://hacker-news.firebaseio.com/v0/item/23970932.json, sending it back
08-04 14:43:36.313  8609  9196 D CustomInterceptor: CONTENT {"by":"rexreed","id":23970932,"parent":23969442,"text":"I fail to be surprised anymore at the lack of what should be OBVIOUS functionality in some of the largest functionality systems.<p>Whenever i think I might be stupid for missing what should be obvious functionality I submit a ticket to only realize that the functionality not only doesn&#x27;t exist but somehow my really basic suggestion is a &quot;unique&quot; or &quot;profound&quot; idea.<p>Honestly who is hiring these product managers? Who is coming up with these features? Why are what should be no-brainer obvious functionality items missing?<p>Is there something about product management and design I don&#x27;t understand? Why is it that you can&#x27;t get notifications on group calendars or background images on Google docs or lots of other things I&#x27;m forgetting now that at the time I was like &quot;wow I can&#x27;t believe you can&#x27;t do that&quot;","time":1595895791,"type":"comment"}
08-04 14:43:36.313  8609  9196 D CustomInterceptor: interceptor_finished : return_type #2 : request served from cache
08-04 14:43:36.319  8609  9217 D CustomInterceptor: NETWORK-PROVIDER https://hacker-news.firebaseio.com/v0/item/23970064.json
08-04 14:43:36.321  8609  9217 D CustomInterceptor: HEADER REQUEST
08-04 14:43:36.321  8609  9217 D CustomInterceptor: Cache-Control max-age=300, max-stale=300
08-04 14:43:36.321  8609  9217 D CustomInterceptor: CACHED STATS: size = '100', maxSize = '100', hitCount = '136', createCount = '0', putCount = '116', evictionCount = '16', missCount = '126', toString = 'LruCache[maxSize=100,hits=136,misses=126,hitRate=51%]', 
08-04 14:43:36.321  8609  9217 D CustomInterceptor: PREFLIB GET REQUEST https://hacker-news.firebaseio.com/v0/item/23970064.json
08-04 14:43:36.321  8609  9217 D CustomInterceptor: PREFLIB found https://hacker-news.firebaseio.com/v0/item/23970064.json, sending it back
08-04 14:43:36.321  8609  9217 D CustomInterceptor: CONTENT {"by":"ProAm","id":23970064,"parent":23969442,"text":"Didn&#x27;t google just make everyone jump through hoops on Youtube to ensure all content was safe for children because of COPPA?  Does this violate that new law?","time":1595888246,"type":"comment"}
08-04 14:43:36.321  8609  9217 D CustomInterceptor: interceptor_finished : return_type #2 : request served from cache
08-04 14:43:36.327  8609  9206 D CustomInterceptor: NETWORK-PROVIDER https://hacker-news.firebaseio.com/v0/item/23970185.json
08-04 14:43:36.329  8609  9206 D CustomInterceptor: HEADER REQUEST
08-04 14:43:36.329  8609  9206 D CustomInterceptor: Cache-Control max-age=300, max-stale=300
08-04 14:43:36.330  8609  9206 D CustomInterceptor: CACHED STATS: size = '100', maxSize = '100', hitCount = '137', createCount = '0', putCount = '116', evictionCount = '16', missCount = '126', toString = 'LruCache[maxSize=100,hits=137,misses=126,hitRate=52%]', 
08-04 14:43:36.330  8609  9206 D CustomInterceptor: PREFLIB GET REQUEST https://hacker-news.firebaseio.com/v0/item/23970185.json
08-04 14:43:36.330  8609  9206 D CustomInterceptor: PREFLIB found https://hacker-news.firebaseio.com/v0/item/23970185.json, sending it back
08-04 14:43:36.330  8609  9206 D CustomInterceptor: CONTENT {"by":"nikanj","id":23970185,"kids":[23970307],"parent":23969442,"text":"The same way you get any customer service from Google: Get your post on the front page of HN. This is probably going to get fixed shockingly fast now.","time":1595889085,"type":"comment"}
08-04 14:43:36.330  8609  9206 D CustomInterceptor: interceptor_finished : return_type #2 : request served from cache
08-04 14:43:36.336  8609  8699 D CustomInterceptor: NETWORK-PROVIDER https://hacker-news.firebaseio.com/v0/item/23976344.json
08-04 14:43:36.338  8609  8699 D CustomInterceptor: HEADER REQUEST
08-04 14:43:36.338  8609  8699 D CustomInterceptor: Cache-Control max-age=300, max-stale=300
08-04 14:43:36.338  8609  8699 D CustomInterceptor: CACHED STATS: size = '100', maxSize = '100', hitCount = '138', createCount = '0', putCount = '116', evictionCount = '16', missCount = '126', toString = 'LruCache[maxSize=100,hits=138,misses=126,hitRate=52%]', 
08-04 14:43:36.338  8609  8699 D CustomInterceptor: PREFLIB GET REQUEST https://hacker-news.firebaseio.com/v0/item/23976344.json
08-04 14:43:36.338  8609  8699 D CustomInterceptor: PREFLIB found https://hacker-news.firebaseio.com/v0/item/23976344.json, sending it back
08-04 14:43:36.338  8609  8699 D CustomInterceptor: CONTENT {"by":"throwaway29102","id":23976344,"parent":23969442,"text":"In the spirit of 2020, maybe making the problem worse will ultimately make it better?","time":1595947590,"type":"comment"}
08-04 14:43:36.338  8609  8699 D CustomInterceptor: interceptor_finished : return_type #2 : request served from cache
08-04 14:43:36.349  8609  9231 D CustomInterceptor: NETWORK-PROVIDER https://hacker-news.firebaseio.com/v0/item/23970172.json
08-04 14:43:36.351  8609  9231 D CustomInterceptor: HEADER REQUEST
08-04 14:43:36.351  8609  9231 D CustomInterceptor: Cache-Control max-age=300, max-stale=300
08-04 14:43:36.351  8609  9231 D CustomInterceptor: CACHED STATS: size = '100', maxSize = '100', hitCount = '139', createCount = '0', putCount = '116', evictionCount = '16', missCount = '126', toString = 'LruCache[maxSize=100,hits=139,misses=126,hitRate=52%]', 
08-04 14:43:36.351  8609  9231 D CustomInterceptor: PREFLIB GET REQUEST https://hacker-news.firebaseio.com/v0/item/23970172.json
08-04 14:43:36.351  8609  9231 D CustomInterceptor: PREFLIB found https://hacker-news.firebaseio.com/v0/item/23970172.json, sending it back
08-04 14:43:36.351  8609  9231 D CustomInterceptor: CONTENT {"by":"dawnerd","id":23970172,"kids":[23970315,23970440],"parent":23969442,"text":"little side question, whats with these support forums that almost never have real employees answering but have community &#x27;support specialists&#x27; that never answer the question and only tell you to use the feedback forms but beg for props on their answers. I don&#x27;t get it.","time":1595888992,"type":"comment"}
08-04 14:43:36.351  8609  9231 D CustomInterceptor: interceptor_finished : return_type #2 : request served from cache
08-04 14:43:36.418  8609  8706 D CustomInterceptor: NETWORK-PROVIDER https://hacker-news.firebaseio.com/v0/item/23970088.json
08-04 14:43:36.420  8609  8706 D CustomInterceptor: HEADER REQUEST
08-04 14:43:36.420  8609  8706 D CustomInterceptor: Cache-Control max-age=300, max-stale=300
