08-03 23:42:01.882  6674  7282 D CustomInterceptor: CACHED STATS: size = '100', maxSize = '100', hitCount = '140', createCount = '0', putCount = '128', evictionCount = '28', missCount = '130', toString = 'LruCache[maxSize=100,hits=140,misses=130,hitRate=51%]', 
08-03 23:42:01.882  6674  7282 D CustomInterceptor: PREFLIB GET REQUEST https://hacker-news.firebaseio.com/v0/item/23969454.json
08-03 23:42:01.882  6674  7282 D CustomInterceptor: PREFLIB found https://hacker-news.firebaseio.com/v0/item/23969454.json, sending it back
08-03 23:42:01.882  6674  7282 D CustomInterceptor: CONTENT {"by":"mariocesar","id":23969454,"kids":[23969823],"parent":23969442,"text":"Just a simple option like &quot;Allow just my contacts to share files with me&quot;. I lost so much time with all the spam and malware that is being sent to me just because my gmail account is so public ... :(","time":1595884339,"type":"comment"}
08-03 23:42:01.882  6674  7282 D CustomInterceptor: interceptor_finished : return_type #2 : request served from cache
08-03 23:42:01.889  6674  6692 D CustomInterceptor: NETWORK-PROVIDER https://hacker-news.firebaseio.com/v0/item/23969987.json
08-03 23:42:01.891  6674  6692 D CustomInterceptor: HEADER REQUEST
08-03 23:42:01.891  6674  6692 D CustomInterceptor: Cache-Control max-age=300, max-stale=300
08-03 23:42:01.891  6674  6692 D CustomInterceptor: CACHED STATS: size = '100', maxSize = '100', hitCount = '141', createCount = '0', putCount = '128', evictionCount = '28', missCount = '130', toString = 'LruCache[maxSize=100,hits=141,misses=130,hitRate=52%]', 
08-03 23:42:01.891  6674  6692 D CustomInterceptor: PREFLIB GET REQUEST https://hacker-news.firebaseio.com/v0/item/23969987.json
08-03 23:42:01.891  6674  6692 D CustomInterceptor: PREFLIB found https://hacker-news.firebaseio.com/v0/item/23969987.json, sending it back
08-03 23:42:01.891  6674  6692 D CustomInterceptor: CONTENT {"by":"ramosu","id":23969987,"kids":[23972337,23971444],"parent":23969442,"text":"It seems Google simply abandon some of their products.<p>I&#x27;ve been living with another issue since 2011: <a href=\"https:&#x2F;&#x2F;issuetracker.google.com&#x2F;issues&#x2F;35889152\" rel=\"nofollow\">https:&#x2F;&#x2F;issuetracker.google.com&#x2F;issues&#x2F;35889152</a>","time":1595887633,"type":"comment"}
08-03 23:42:01.891  6674  6692 D CustomInterceptor: interceptor_finished : return_type #2 : request served from cache
08-03 23:42:01.897  6674  7276 D CustomInterceptor: NETWORK-PROVIDER https://hacker-news.firebaseio.com/v0/item/23970408.json
08-03 23:42:01.899  6674  7276 D CustomInterceptor: HEADER REQUEST
08-03 23:42:01.899  6674  7276 D CustomInterceptor: Cache-Control max-age=300, max-stale=300
08-03 23:42:01.899  6674  7276 D CustomInterceptor: CACHED STATS: size = '100', maxSize = '100', hitCount = '142', createCount = '0', putCount = '128', evictionCount = '28', missCount = '130', toString = 'LruCache[maxSize=100,hits=142,misses=130,hitRate=52%]', 
08-03 23:42:01.899  6674  7276 D CustomInterceptor: PREFLIB GET REQUEST https://hacker-news.firebaseio.com/v0/item/23970408.json
08-03 23:42:01.899  6674  7276 D CustomInterceptor: PREFLIB found https://hacker-news.firebaseio.com/v0/item/23970408.json, sending it back
08-03 23:42:01.899  6674  7276 D CustomInterceptor: CONTENT {"by":"thisbrt","id":23970408,"parent":23969442,"text":"IMHO Google drive is one of the worst service of Its kind in the market. Copying, moving duplicating files is as complex and blunt as it could be. Folder duplication doesnt exist. Im actually not surprised that sharing is still not fixed. Look at Meet. A service that only after being absolutely beaten by Zoom received some attention. Theyre working on bringing Plus back in the form of Currents, but you still cannot stop people from sharing file with you in Google drive...","time":1595890803,"type":"comment"}
08-03 23:42:01.899  6674  7276 D CustomInterceptor: interceptor_finished : return_type #2 : request served from cache
08-03 23:42:01.906  6674  7287 D CustomInterceptor: NETWORK-PROVIDER https://hacker-news.firebaseio.com/v0/item/23971555.json
08-03 23:42:01.908  6674  7287 D CustomInterceptor: HEADER REQUEST
08-03 23:42:01.908  6674  7287 D CustomInterceptor: Cache-Control max-age=300, max-stale=300
08-03 23:42:01.908  6674  7287 D CustomInterceptor: CACHED STATS: size = '100', maxSize = '100', hitCount = '143', createCount = '0', putCount = '128', evictionCount = '28', missCount = '130', toString = 'LruCache[maxSize=100,hits=143,misses=130,hitRate=52%]', 
08-03 23:42:01.908  6674  7287 D CustomInterceptor: PREFLIB GET REQUEST https://hacker-news.firebaseio.com/v0/item/23971555.json
08-03 23:42:01.908  6674  7287 D CustomInterceptor: PREFLIB found https://hacker-news.firebaseio.com/v0/item/23971555.json, sending it back
08-03 23:42:01.908  6674  7287 D CustomInterceptor: CONTENT {"by":"dzonga","id":23971555,"kids":[23972678],"parent":23969442,"text":"im a google one user. &amp;  will admit only pay, because it&#x27;s a  steal for the price. no other service offered 100gb for $20 a year.but yeah, google software quality is quite poor. wonder, why all those engineers doing leetcode interviews can&#x27;t make quality products.","time":1595901506,"type":"comment"}
08-03 23:42:01.908  6674  7287 D CustomInterceptor: interceptor_finished : return_type #2 : request served from cache
08-03 23:42:01.914  6674  7274 D CustomInterceptor: NETWORK-PROVIDER https://hacker-news.firebaseio.com/v0/item/23970173.json
08-03 23:42:01.916  6674  7274 D CustomInterceptor: HEADER REQUEST
08-03 23:42:01.916  6674  7274 D CustomInterceptor: Cache-Control max-age=300, max-stale=300
08-03 23:42:01.916  6674  7274 D CustomInterceptor: CACHED STATS: size = '100', maxSize = '100', hitCount = '144', createCount = '0', putCount = '128', evictionCount = '28', missCount = '130', toString = 'LruCache[maxSize=100,hits=144,misses=130,hitRate=52%]', 
08-03 23:42:01.916  6674  7274 D CustomInterceptor: PREFLIB GET REQUEST https://hacker-news.firebaseio.com/v0/item/23970173.json
08-03 23:42:01.916  6674  7274 D CustomInterceptor: PREFLIB found https://hacker-news.firebaseio.com/v0/item/23970173.json, sending it back
08-03 23:42:01.916  6674  7274 D CustomInterceptor: CONTENT {"by":"moandcompany","id":23970173,"parent":23969442,"text":"As a ______ also affected by this issue on my personal Gmail accounts, I&#x27;ve filed a feedback&#x2F;request for this internally.","time":1595888992,"type":"comment"}
08-03 23:42:01.916  6674  7274 D CustomInterceptor: interceptor_finished : return_type #2 : request served from cache
08-03 23:42:01.923  6674  7302 D CustomInterceptor: NETWORK-PROVIDER https://hacker-news.firebaseio.com/v0/item/23970932.json
08-03 23:42:01.925  6674  7302 D CustomInterceptor: HEADER REQUEST
08-03 23:42:01.925  6674  7302 D CustomInterceptor: Cache-Control max-age=300, max-stale=300
08-03 23:42:01.925  6674  7302 D CustomInterceptor: CACHED STATS: size = '100', maxSize = '100', hitCount = '145', createCount = '0', putCount = '128', evictionCount = '28', missCount = '130', toString = 'LruCache[maxSize=100,hits=145,misses=130,hitRate=52%]', 
08-03 23:42:01.925  6674  7302 D CustomInterceptor: PREFLIB GET REQUEST https://hacker-news.firebaseio.com/v0/item/23970932.json
08-03 23:42:01.925  6674  7302 D CustomInterceptor: PREFLIB found https://hacker-news.firebaseio.com/v0/item/23970932.json, sending it back
08-03 23:42:01.925  6674  7302 D CustomInterceptor: CONTENT {"by":"rexreed","id":23970932,"parent":23969442,"text":"I fail to be surprised anymore at the lack of what should be OBVIOUS functionality in some of the largest functionality systems.<p>Whenever i think I might be stupid for missing what should be obvious functionality I submit a ticket to only realize that the functionality not only doesn&#x27;t exist but somehow my really basic suggestion is a &quot;unique&quot; or &quot;profound&quot; idea.<p>Honestly who is hiring these product managers? Who is coming up with these features? Why are what should be no-brainer obvious functionality items missing?<p>Is there something about product management and design I don&#x27;t understand? Why is it that you can&#x27;t get notifications on group calendars or background images on Google docs or lots of other things I&#x27;m forgetting now that at the time I was like &quot;wow I can&#x27;t believe you can&#x27;t do that&quot;","time":1595895791,"type":"comment"}
08-03 23:42:01.925  6674  7302 D CustomInterceptor: interceptor_finished : return_type #2 : request served from cache
08-03 23:42:01.931  6674  6734 D CustomInterceptor: NETWORK-PROVIDER https://hacker-news.firebaseio.com/v0/item/23970064.json
08-03 23:42:01.933  6674  6734 D CustomInterceptor: HEADER REQUEST
08-03 23:42:01.933  6674  6734 D CustomInterceptor: Cache-Control max-age=300, max-stale=300
08-03 23:42:01.933  6674  6734 D CustomInterceptor: CACHED STATS: size = '100', maxSize = '100', hitCount = '146', createCount = '0', putCount = '128', evictionCount = '28', missCount = '130', toString = 'LruCache[maxSize=100,hits=146,misses=130,hitRate=52%]', 
08-03 23:42:01.933  6674  6734 D CustomInterceptor: PREFLIB GET REQUEST https://hacker-news.firebaseio.com/v0/item/23970064.json
08-03 23:42:01.933  6674  6734 D CustomInterceptor: PREFLIB found https://hacker-news.firebaseio.com/v0/item/23970064.json, sending it back
08-03 23:42:01.933  6674  6734 D CustomInterceptor: CONTENT {"by":"ProAm","id":23970064,"parent":23969442,"text":"Didn&#x27;t google just make everyone jump through hoops on Youtube to ensure all content was safe for children because of COPPA?  Does this violate that new law?","time":1595888246,"type":"comment"}
08-03 23:42:01.933  6674  6734 D CustomInterceptor: interceptor_finished : return_type #2 : request served from cache
08-03 23:42:01.940  6674  7279 D CustomInterceptor: NETWORK-PROVIDER https://hacker-news.firebaseio.com/v0/item/23970185.json
08-03 23:42:01.941  6674  7279 D CustomInterceptor: HEADER REQUEST
08-03 23:42:01.941  6674  7279 D CustomInterceptor: Cache-Control max-age=300, max-stale=300
08-03 23:42:01.941  6674  7279 D CustomInterceptor: CACHED STATS: size = '100', maxSize = '100', hitCount = '147', createCount = '0', putCount = '128', evictionCount = '28', missCount = '130', toString = 'LruCache[maxSize=100,hits=147,misses=130,hitRate=53%]', 
08-03 23:42:01.941  6674  7279 D CustomInterceptor: PREFLIB GET REQUEST https://hacker-news.firebaseio.com/v0/item/23970185.json
08-03 23:42:01.941  6674  7279 D CustomInterceptor: PREFLIB found https://hacker-news.firebaseio.com/v0/item/23970185.json, sending it back
08-03 23:42:01.941  6674  7279 D CustomInterceptor: CONTENT {"by":"nikanj","id":23970185,"kids":[23970307],"parent":23969442,"text":"The same way you get any customer service from Google: Get your post on the front page of HN. This is probably going to get fixed shockingly fast now.","time":1595889085,"type":"comment"}
08-03 23:42:01.941  6674  7279 D CustomInterceptor: interceptor_finished : return_type #2 : request served from cache
08-03 23:42:01.950  6674  6732 D CustomInterceptor: NETWORK-PROVIDER https://hacker-news.firebaseio.com/v0/item/23976344.json
08-03 23:42:01.951  6674  6732 D CustomInterceptor: HEADER REQUEST
08-03 23:42:01.951  6674  6732 D CustomInterceptor: Cache-Control max-age=300, max-stale=300
08-03 23:42:01.951  6674  6732 D CustomInterceptor: CACHED STATS: size = '100', maxSize = '100', hitCount = '148', createCount = '0', putCount = '128', evictionCount = '28', missCount = '130', toString = 'LruCache[maxSize=100,hits=148,misses=130,hitRate=53%]', 
08-03 23:42:01.951  6674  6732 D CustomInterceptor: PREFLIB GET REQUEST https://hacker-news.firebaseio.com/v0/item/23976344.json
08-03 23:42:01.951  6674  6732 D CustomInterceptor: PREFLIB found https://hacker-news.firebaseio.com/v0/item/23976344.json, sending it back
08-03 23:42:01.951  6674  6732 D CustomInterceptor: CONTENT {"by":"throwaway29102","id":23976344,"parent":23969442,"text":"In the spirit of 2020, maybe making the problem worse will ultimately make it better?","time":1595947590,"type":"comment"}
08-03 23:42:01.951  6674  6732 D CustomInterceptor: interceptor_finished : return_type #2 : request served from cache
08-03 23:42:01.957  6674  6740 D CustomInterceptor: NETWORK-PROVIDER https://hacker-news.firebaseio.com/v0/item/23970172.json
08-03 23:42:01.959  6674  6740 D CustomInterceptor: HEADER REQUEST
08-03 23:42:01.959  6674  6740 D CustomInterceptor: Cache-Control max-age=300, max-stale=300
08-03 23:42:01.959  6674  6740 D CustomInterceptor: CACHED STATS: size = '100', maxSize = '100', hitCount = '149', createCount = '0', putCount = '128', evictionCount = '28', missCount = '130', toString = 'LruCache[maxSize=100,hits=149,misses=130,hitRate=53%]', 
08-03 23:42:01.959  6674  6740 D CustomInterceptor: PREFLIB GET REQUEST https://hacker-news.firebaseio.com/v0/item/23970172.json
08-03 23:42:01.959  6674  6740 D CustomInterceptor: PREFLIB found https://hacker-news.firebaseio.com/v0/item/23970172.json, sending it back
08-03 23:42:01.959  6674  6740 D CustomInterceptor: CONTENT {"by":"dawnerd","id":23970172,"kids":[23970315,23970440],"parent":23969442,"text":"little side question, whats with these support forums that almost never have real employees answering but have community &#x27;support specialists&#x27; that never answer the question and only tell you to use the feedback forms but beg for props on their answers. I don&#x27;t get it.","time":1595888992,"type":"comment"}
08-03 23:42:01.959  6674  6740 D CustomInterceptor: interceptor_finished : return_type #2 : request served from cache
08-03 23:42:02.013  6674  7275 D CustomInterceptor: NETWORK-PROVIDER https://hacker-news.firebaseio.com/v0/item/23970088.json
08-03 23:42:02.014  6674  7275 D CustomInterceptor: HEADER REQUEST
08-03 23:42:02.014  6674  7275 D CustomInterceptor: Cache-Control max-age=300, max-stale=300
08-03 23:42:02.014  6674  7275 D CustomInterceptor: CACHED STATS: size = '100', maxSize = '100', hitCount = '150', createCount = '0', putCount = '128', evictionCount = '28', missCount = '130', toString = 'LruCache[maxSize=100,hits=150,misses=130,hitRate=53%]', 
08-03 23:42:02.014  6674  7275 D CustomInterceptor: PREFLIB GET REQUEST https://hacker-news.firebaseio.com/v0/item/23970088.json
08-03 23:42:02.014  6674  7275 D CustomInterceptor: PREFLIB found https://hacker-news.firebaseio.com/v0/item/23970088.json, sending it back
08-03 23:42:02.014  6674  7275 D CustomInterceptor: CONTENT {"by":"partiallypro","id":23970088,"kids":[23971014],"parent":23969442,"text":"Is it possible that someone could share files with someone that is elicit content in order to get them in trouble or to target children&#x27;s accounts? Seems...like a problem.","time":1595888388,"type":"comment"}
08-03 23:42:02.015  6674  7275 D CustomInterceptor: interceptor_finished : return_type #2 : request served from cache
08-03 23:42:02.020  6674  7290 D CustomInterceptor: NETWORK-PROVIDER https://hacker-news.firebaseio.com/v0/item/23970894.json
08-03 23:42:02.022  6674  7290 D CustomInterceptor: HEADER REQUEST
08-03 23:42:02.022  6674  7290 D CustomInterceptor: Cache-Control max-age=300, max-stale=300
08-03 23:42:02.022  6674  7290 D CustomInterceptor: CACHED STATS: size = '100', maxSize = '100', hitCount = '151', createCount = '0', putCount = '128', evictionCount = '28', missCount = '130', toString = 'LruCache[maxSize=100,hits=151,misses=130,hitRate=53%]', 
08-03 23:42:02.022  6674  7290 D CustomInterceptor: PREFLIB NOT A GET REQUEST OR NOT IN CACHEGET
08-03 23:42:02.029  6674  6727 D CustomInterceptor: NETWORK-PROVIDER https://hacker-news.firebaseio.com/v0/item/23970328.json
08-03 23:42:02.030  6674  6727 D CustomInterceptor: HEADER REQUEST
08-03 23:42:02.030  6674  6727 D CustomInterceptor: Cache-Control max-age=300, max-stale=300
08-03 23:42:02.030  6674  6727 D CustomInterceptor: CACHED STATS: size = '100', maxSize = '100', hitCount = '151', createCount = '0', putCount = '128', evictionCount = '28', missCount = '131', toString = 'LruCache[maxSize=100,hits=151,misses=131,hitRate=53%]', 
08-03 23:42:02.030  6674  6727 D CustomInterceptor: PREFLIB NOT A GET REQUEST OR NOT IN CACHEGET
08-03 23:42:02.037  6674  7297 D CustomInterceptor: NETWORK-PROVIDER https://hacker-news.firebaseio.com/v0/item/23972119.json
08-03 23:42:02.039  6674  7297 D CustomInterceptor: HEADER REQUEST
08-03 23:42:02.039  6674  7297 D CustomInterceptor: Cache-Control max-age=300, max-stale=300
08-03 23:42:02.039  6674  7297 D CustomInterceptor: CACHED STATS: size = '100', maxSize = '100', hitCount = '151', createCount = '0', putCount = '128', evictionCount = '28', missCount = '132', toString = 'LruCache[maxSize=100,hits=151,misses=132,hitRate=53%]', 
08-03 23:42:02.039  6674  7297 D CustomInterceptor: PREFLIB NOT A GET REQUEST OR NOT IN CACHEGET
08-03 23:42:02.045  6674  6739 D CustomInterceptor: NETWORK-PROVIDER https://hacker-news.firebaseio.com/v0/item/23972630.json
08-03 23:42:02.046  6674  6739 D CustomInterceptor: HEADER REQUEST
08-03 23:42:02.046  6674  6739 D CustomInterceptor: Cache-Control max-age=300, max-stale=300
08-03 23:42:02.046  6674  6739 D CustomInterceptor: CACHED STATS: size = '100', maxSize = '100', hitCount = '151', createCount = '0', putCount = '128', evictionCount = '28', missCount = '133', toString = 'LruCache[maxSize=100,hits=151,misses=133,hitRate=53%]', 
08-03 23:42:02.046  6674  6739 D CustomInterceptor: PREFLIB NOT A GET REQUEST OR NOT IN CACHEGET
08-03 23:42:02.053  6674  6728 D CustomInterceptor: NETWORK-PROVIDER https://hacker-news.firebaseio.com/v0/item/23970449.json
08-03 23:42:02.054  6674  6728 D CustomInterceptor: HEADER REQUEST
08-03 23:42:02.055  6674  6728 D CustomInterceptor: Cache-Control max-age=300, max-stale=300
08-03 23:42:02.055  6674  6728 D CustomInterceptor: CACHED STATS: size = '100', maxSize = '100', hitCount = '151', createCount = '0', putCount = '128', evictionCount = '28', missCount = '134', toString = 'LruCache[maxSize=100,hits=151,misses=134,hitRate=52%]', 
08-03 23:42:02.055  6674  6728 D CustomInterceptor: PREFLIB NOT A GET REQUEST OR NOT IN CACHEGET
08-03 23:42:02.061  6674  6725 D CustomInterceptor: NETWORK-PROVIDER https://hacker-news.firebaseio.com/v0/item/23970249.json
08-03 23:42:02.063  6674  6725 D CustomInterceptor: HEADER REQUEST
08-03 23:42:02.063  6674  6725 D CustomInterceptor: Cache-Control max-age=300, max-stale=300
08-03 23:42:02.063  6674  6725 D CustomInterceptor: CACHED STATS: size = '100', maxSize = '100', hitCount = '151', createCount = '0', putCount = '128', evictionCount = '28', missCount = '135', toString = 'LruCache[maxSize=100,hits=151,misses=135,hitRate=52%]', 
08-03 23:42:02.063  6674  6725 D CustomInterceptor: PREFLIB NOT A GET REQUEST OR NOT IN CACHEGET
08-03 23:42:02.074  6674  7289 D CustomInterceptor: NETWORK-PROVIDER https://hacker-news.firebaseio.com/v0/item/23970033.json
08-03 23:42:02.076  6674  7289 D CustomInterceptor: HEADER REQUEST
08-03 23:42:02.076  6674  7289 D CustomInterceptor: Cache-Control max-age=300, max-stale=300
08-03 23:42:02.076  6674  7289 D CustomInterceptor: CACHED STATS: size = '100', maxSize = '100', hitCount = '151', createCount = '0', putCount = '128', evictionCount = '28', missCount = '136', toString = 'LruCache[maxSize=100,hits=151,misses=136,hitRate=52%]', 
08-03 23:42:02.076  6674  7289 D CustomInterceptor: PREFLIB NOT A GET REQUEST OR NOT IN CACHEGET
08-03 23:42:02.083  6674  7311 D CustomInterceptor: NETWORK-PROVIDER https://hacker-news.firebaseio.com/v0/item/23970828.json
08-03 23:42:02.084  6674  7311 D CustomInterceptor: HEADER REQUEST
08-03 23:42:02.084  6674  7311 D CustomInterceptor: Cache-Control max-age=300, max-stale=300
08-03 23:42:02.085  6674  7311 D CustomInterceptor: CACHED STATS: size = '100', maxSize = '100', hitCount = '151', createCount = '0', putCount = '128', evictionCount = '28', missCount = '137', toString = 'LruCache[maxSize=100,hits=151,misses=137,hitRate=52%]', 
08-03 23:42:02.085  6674  7311 D CustomInterceptor: PREFLIB NOT A GET REQUEST OR NOT IN CACHEGET
08-03 23:42:02.091  6674  6730 D CustomInterceptor: NETWORK-PROVIDER https://hacker-news.firebaseio.com/v0/item/23971108.json
08-03 23:42:02.093  6674  6730 D CustomInterceptor: HEADER REQUEST
08-03 23:42:02.093  6674  6730 D CustomInterceptor: Cache-Control max-age=300, max-stale=300
08-03 23:42:02.093  6674  6730 D CustomInterceptor: CACHED STATS: size = '100', maxSize = '100', hitCount = '151', createCount = '0', putCount = '128', evictionCount = '28', missCount = '138', toString = 'LruCache[maxSize=100,hits=151,misses=138,hitRate=52%]', 
08-03 23:42:02.093  6674  6730 D CustomInterceptor: PREFLIB NOT A GET REQUEST OR NOT IN CACHEGET
08-03 23:42:02.100  6674  7310 D CustomInterceptor: NETWORK-PROVIDER https://hacker-news.firebaseio.com/v0/item/23970872.json
08-03 23:42:02.102  6674  7310 D CustomInterceptor: HEADER REQUEST
08-03 23:42:02.102  6674  7310 D CustomInterceptor: Cache-Control max-age=300, max-stale=300
08-03 23:42:02.102  6674  7310 D CustomInterceptor: CACHED STATS: size = '100', maxSize = '100', hitCount = '151', createCount = '0', putCount = '128', evictionCount = '28', missCount = '139', toString = 'LruCache[maxSize=100,hits=151,misses=139,hitRate=52%]', 
08-03 23:42:02.102  6674  7310 D CustomInterceptor: PREFLIB NOT A GET REQUEST OR NOT IN CACHEGET
08-03 23:42:02.109  6674  7281 D CustomInterceptor: NETWORK-PROVIDER https://hacker-news.firebaseio.com/v0/item/23970045.json
08-03 23:42:02.111  6674  7281 D CustomInterceptor: HEADER REQUEST
08-03 23:42:02.111  6674  7281 D CustomInterceptor: Cache-Control max-age=300, max-stale=300
08-03 23:42:02.111  6674  7281 D CustomInterceptor: CACHED STATS: size = '100', maxSize = '100', hitCount = '151', createCount = '0', putCount = '128', evictionCount = '28', missCount = '140', toString = 'LruCache[maxSize=100,hits=151,misses=140,hitRate=51%]', 
08-03 23:42:02.111  6674  7281 D CustomInterceptor: PREFLIB NOT A GET REQUEST OR NOT IN CACHEGET
08-03 23:42:02.119  6674  7282 D CustomInterceptor: NETWORK-PROVIDER https://hacker-news.firebaseio.com/v0/item/23971223.json
08-03 23:42:02.120  6674  7282 D CustomInterceptor: HEADER REQUEST
08-03 23:42:02.120  6674  7282 D CustomInterceptor: Cache-Control max-age=300, max-stale=300
08-03 23:42:02.120  6674  7282 D CustomInterceptor: CACHED STATS: size = '100', maxSize = '100', hitCount = '151', createCount = '0', putCount = '128', evictionCount = '28', missCount = '141', toString = 'LruCache[maxSize=100,hits=151,misses=141,hitRate=51%]', 
08-03 23:42:02.120  6674  7282 D CustomInterceptor: PREFLIB NOT A GET REQUEST OR NOT IN CACHEGET
08-03 23:42:02.134  6674  6692 D CustomInterceptor: NETWORK-PROVIDER https://hacker-news.firebaseio.com/v0/item/23970306.json
08-03 23:42:02.137  6674  6692 D CustomInterceptor: HEADER REQUEST
08-03 23:42:02.137  6674  6692 D CustomInterceptor: Cache-Control max-age=300, max-stale=300
08-03 23:42:02.138  6674  6692 D CustomInterceptor: CACHED STATS: size = '100', maxSize = '100', hitCount = '151', createCount = '0', putCount = '128', evictionCount = '28', missCount = '142', toString = 'LruCache[maxSize=100,hits=151,misses=142,hitRate=51%]', 
08-03 23:42:02.138  6674  6692 D CustomInterceptor: PREFLIB NOT A GET REQUEST OR NOT IN CACHEGET
08-03 23:42:02.146  6674  7276 D CustomInterceptor: NETWORK-PROVIDER https://hacker-news.firebaseio.com/v0/item/23969975.json
08-03 23:42:02.147  6674  7276 D CustomInterceptor: HEADER REQUEST
08-03 23:42:02.147  6674  7276 D CustomInterceptor: Cache-Control max-age=300, max-stale=300
08-03 23:42:02.148  6674  7276 D CustomInterceptor: CACHED STATS: size = '100', maxSize = '100', hitCount = '151', createCount = '0', putCount = '128', evictionCount = '28', missCount = '143', toString = 'LruCache[maxSize=100,hits=151,misses=143,hitRate=51%]', 
08-03 23:42:02.148  6674  7276 D CustomInterceptor: PREFLIB NOT A GET REQUEST OR NOT IN CACHEGET
08-03 23:42:02.158  6674  7287 D CustomInterceptor: NETWORK-PROVIDER https://hacker-news.firebaseio.com/v0/item/23970589.json
08-03 23:42:02.160  6674  7287 D CustomInterceptor: HEADER REQUEST
08-03 23:42:02.160  6674  7287 D CustomInterceptor: Cache-Control max-age=300, max-stale=300
08-03 23:42:02.160  6674  7287 D CustomInterceptor: CACHED STATS: size = '100', maxSize = '100', hitCount = '151', createCount = '0', putCount = '128', evictionCount = '28', missCount = '144', toString = 'LruCache[maxSize=100,hits=151,misses=144,hitRate=51%]', 
08-03 23:42:02.160  6674  7287 D CustomInterceptor: PREFLIB NOT A GET REQUEST OR NOT IN CACHEGET
08-03 23:42:02.165  6674  7274 D CustomInterceptor: NETWORK-PROVIDER https://hacker-news.firebaseio.com/v0/item/23970048.json
08-03 23:42:02.166  6674  7274 D CustomInterceptor: HEADER REQUEST
08-03 23:42:02.166  6674  7274 D CustomInterceptor: Cache-Control max-age=300, max-stale=300
08-03 23:42:02.167  6674  7274 D CustomInterceptor: CACHED STATS: size = '100', maxSize = '100', hitCount = '151', createCount = '0', putCount = '128', evictionCount = '28', missCount = '145', toString = 'LruCache[maxSize=100,hits=151,misses=145,hitRate=51%]', 
08-03 23:42:02.167  6674  7274 D CustomInterceptor: PREFLIB NOT A GET REQUEST OR NOT IN CACHEGET
08-03 23:42:02.431  6674  7302 D CustomInterceptor: NETWORK-PROVIDER https://hacker-news.firebaseio.com/v0/item/23970236.json
08-03 23:42:02.432  6674  7302 D CustomInterceptor: HEADER REQUEST
08-03 23:42:02.432  6674  7302 D CustomInterceptor: Cache-Control max-age=300, max-stale=300
08-03 23:42:02.432  6674  7302 D CustomInterceptor: CACHED STATS: size = '100', maxSize = '100', hitCount = '151', createCount = '0', putCount = '128', evictionCount = '28', missCount = '146', toString = 'LruCache[maxSize=100,hits=151,misses=146,hitRate=50%]', 
08-03 23:42:02.432  6674  7302 D CustomInterceptor: PREFLIB GET REQUEST https://hacker-news.firebaseio.com/v0/item/23970236.json
08-03 23:42:02.433  6674  7302 D CustomInterceptor: PREFLIB found https://hacker-news.firebaseio.com/v0/item/23970236.json, sending it back
08-03 23:42:02.433  6674  7302 D CustomInterceptor: CONTENT {"by":"erichurkman","id":23970236,"kids":[23971214,23971557,23970862,23970298],"parent":23970041,"text":"It&#x27;s used not just by spammers, but by sales reps, too.<p>Dell recently did this to about half a dozen people on my team. &#x27;Q2 Budget Review&#x27;, which sounds official, but is really a Dell rep trying to sell you junk that magically pops up on your calendar _even if you mark their message as spam_.<p>Dirty way to get by executive assistants, too.","time":1595889428,"type":"comment"}
08-03 23:42:02.433  6674  7302 D CustomInterceptor: interceptor_finished : return_type #2 : request served from cache
08-03 23:42:02.440  6674  6734 D CustomInterceptor: NETWORK-PROVIDER https://hacker-news.firebaseio.com/v0/item/23970204.json
08-03 23:42:02.442  6674  6734 D CustomInterceptor: HEADER REQUEST
08-03 23:42:02.442  6674  6734 D CustomInterceptor: Cache-Control max-age=300, max-stale=300
08-03 23:42:02.442  6674  6734 D CustomInterceptor: CACHED STATS: size = '100', maxSize = '100', hitCount = '152', createCount = '0', putCount = '128', evictionCount = '28', missCount = '146', toString = 'LruCache[maxSize=100,hits=152,misses=146,hitRate=51%]', 
08-03 23:42:02.442  6674  6734 D CustomInterceptor: PREFLIB GET REQUEST https://hacker-news.firebaseio.com/v0/item/23970204.json
08-03 23:42:02.442  6674  6734 D CustomInterceptor: PREFLIB found https://hacker-news.firebaseio.com/v0/item/23970204.json, sending it back
08-03 23:42:02.442  6674  6734 D CustomInterceptor: CONTENT {"by":"aahhahahaaa","id":23970204,"kids":[23970271],"parent":23970041,"text":"They have not fixed it.<p>I wish I could turn off the feature entirely, but I still occasionally get Russian spam events on my calendar. They also try to notify me at ~3am (fortunately I turn notifications completely off at night).<p>The emails themselves land in my spam folder... but no one said &quot;hey, maybe calendar events shouldn&#x27;t be created from the spam folder&quot; at inception, so I guess it&#x27;ll never be implemented.<p>I report them as spam when I get them, but I also discovered that I can&#x27;t report calendar events as spam in the mobile app.","time":1595889206,"type":"comment"}
08-03 23:42:02.442  6674  6734 D CustomInterceptor: interceptor_finished : return_type #2 : request served from cache
08-03 23:42:02.449  6674  7279 D CustomInterceptor: NETWORK-PROVIDER https://hacker-news.firebaseio.com/v0/item/23970080.json
08-03 23:42:02.451  6674  7279 D CustomInterceptor: HEADER REQUEST
08-03 23:42:02.451  6674  7279 D CustomInterceptor: Cache-Control max-age=300, max-stale=300
08-03 23:42:02.451  6674  7279 D CustomInterceptor: CACHED STATS: size = '100', maxSize = '100', hitCount = '153', createCount = '0', putCount = '128', evictionCount = '28', missCount = '146', toString = 'LruCache[maxSize=100,hits=153,misses=146,hitRate=51%]', 
08-03 23:42:02.451  6674  7279 D CustomInterceptor: PREFLIB GET REQUEST https://hacker-news.firebaseio.com/v0/item/23970080.json
08-03 23:42:02.451  6674  7279 D CustomInterceptor: PREFLIB found https://hacker-news.firebaseio.com/v0/item/23970080.json, sending it back
08-03 23:42:02.451  6674  7279 D CustomInterceptor: CONTENT {"by":"mjayhn","id":23970080,"parent":23970041,"text":"This hit a bunch of us about a year ago, maybe two years, I forget. It was incredibly annoying and made me completely stop relying on gmail for calendar stuff.","time":1595888311,"type":"comment"}
08-03 23:42:02.451  6674  7279 D CustomInterceptor: interceptor_finished : return_type #2 : request served from cache
08-03 23:42:02.458  6674  6732 D CustomInterceptor: NETWORK-PROVIDER https://hacker-news.firebaseio.com/v0/item/23971544.json
08-03 23:42:02.460  6674  6732 D CustomInterceptor: HEADER REQUEST
08-03 23:42:02.460  6674  6732 D CustomInterceptor: Cache-Control max-age=300, max-stale=300
08-03 23:42:02.460  6674  6732 D CustomInterceptor: CACHED STATS: size = '100', maxSize = '100', hitCount = '154', createCount = '0', putCount = '128', evictionCount = '28', missCount = '146', toString = 'LruCache[maxSize=100,hits=154,misses=146,hitRate=51%]', 
08-03 23:42:02.460  6674  6732 D CustomInterceptor: PREFLIB GET REQUEST https://hacker-news.firebaseio.com/v0/item/23971544.json
08-03 23:42:02.460  6674  6732 D CustomInterceptor: PREFLIB found https://hacker-news.firebaseio.com/v0/item/23971544.json, sending it back
08-03 23:42:02.460  6674  6732 D CustomInterceptor: CONTENT {"by":"Simulacra","id":23971544,"kids":[23972258,23972889],"parent":23970041,"text":"Google has very little incentive to fix the problem, and outsourced support personnel have even less incentive to care. The entire google forums read like passing the buck.","time":1595901406,"type":"comment"}
08-03 23:42:02.460  6674  6732 D CustomInterceptor: interceptor_finished : return_type #2 : request served from cache
08-03 23:42:02.468  6674  6740 D CustomInterceptor: NETWORK-PROVIDER https://hacker-news.firebaseio.com/v0/item/23970864.json
08-03 23:42:02.480  6674  6740 D CustomInterceptor: HEADER REQUEST
08-03 23:42:02.480  6674  6740 D CustomInterceptor: Cache-Control max-age=300, max-stale=300
08-03 23:42:02.480  6674  6740 D CustomInterceptor: CACHED STATS: size = '100', maxSize = '100', hitCount = '155', createCount = '0', putCount = '128', evictionCount = '28', missCount = '146', toString = 'LruCache[maxSize=100,hits=155,misses=146,hitRate=51%]', 
08-03 23:42:02.480  6674  6740 D CustomInterceptor: PREFLIB GET REQUEST https://hacker-news.firebaseio.com/v0/item/23970864.json
08-03 23:42:02.480  6674  6740 D CustomInterceptor: PREFLIB found https://hacker-news.firebaseio.com/v0/item/23970864.json, sending it back
08-03 23:42:02.480  6674  6740 D CustomInterceptor: CONTENT {"by":"wincy","id":23970864,"parent":23970041,"text":"You just reminded me why I decoupled my google calendar from my iPhone calendar a few years ago. Just the other day I was thinking Id like them up, but something made me feel like I shouldnt...","time":1595895125,"type":"comment"}
08-03 23:42:02.480  6674  6740 D CustomInterceptor: interceptor_finished : return_type #2 : request served from cache
08-03 23:42:02.482  6674  7275 D CustomInterceptor: NETWORK-PROVIDER https://hacker-news.firebaseio.com/v0/item/23970366.json
08-03 23:42:02.483  6674  7275 D CustomInterceptor: HEADER REQUEST
08-03 23:42:02.483  6674  7275 D CustomInterceptor: Cache-Control max-age=300, max-stale=300
08-03 23:42:02.484  6674  7275 D CustomInterceptor: CACHED STATS: size = '100', maxSize = '100', hitCount = '156', createCount = '0', putCount = '128', evictionCount = '28', missCount = '146', toString = 'LruCache[maxSize=100,hits=156,misses=146,hitRate=51%]', 
08-03 23:42:02.484  6674  7275 D CustomInterceptor: PREFLIB GET REQUEST https://hacker-news.firebaseio.com/v0/item/23970366.json
08-03 23:42:02.484  6674  7275 D CustomInterceptor: PREFLIB found https://hacker-news.firebaseio.com/v0/item/23970366.json, sending it back
08-03 23:42:02.484  6674  7275 D CustomInterceptor: CONTENT {"by":"malwarebytess","id":23970366,"kids":[23970459],"parent":23970041,"text":"I still get this. It was bad enough on my &quot;sign up for shit&quot; email address that I had to disconnect that account from my smartphone because it kept spamming me with notifications in my calendar to &quot;earn $1500 a week working at home!&quot;","time":1595890440,"type":"comment"}
08-03 23:42:02.484  6674  7275 D CustomInterceptor: interceptor_finished : return_type #2 : request served from cache
08-03 23:42:02.492  6674  7302 D CustomInterceptor: NETWORK-PROVIDER https://hacker-news.firebaseio.com/v0/item/23970083.json
08-03 23:42:02.493  6674  7302 D CustomInterceptor: HEADER REQUEST
08-03 23:42:02.493  6674  7302 D CustomInterceptor: Cache-Control max-age=300, max-stale=300
08-03 23:42:02.493  6674  7302 D CustomInterceptor: CACHED STATS: size = '100', maxSize = '100', hitCount = '157', createCount = '0', putCount = '128', evictionCount = '28', missCount = '146', toString = 'LruCache[maxSize=100,hits=157,misses=146,hitRate=51%]', 
08-03 23:42:02.493  6674  7302 D CustomInterceptor: PREFLIB GET REQUEST https://hacker-news.firebaseio.com/v0/item/23970083.json
08-03 23:42:02.493  6674  7302 D CustomInterceptor: PREFLIB found https://hacker-news.firebaseio.com/v0/item/23970083.json, sending it back
08-03 23:42:02.494  6674  7302 D CustomInterceptor: CONTENT {"by":"dmurray","id":23970083,"parent":23970041,"text":"I used to get these in Russian (I don&#x27;t speak Russian and have no links with Russia). The worst part was I couldn&#x27;t delete them from the Android app, which is like probably everyone else the only place I ever see my Google calendar. The functionality to delete them was hidden at calendar.google.com or somewhere I&#x27;d never had occasion to use. I don&#x27;t get this spam any more, so I guess Google fixed it at some level.","time":1595888359,"type":"comment"}
08-03 23:42:02.494  6674  7302 D CustomInterceptor: interceptor_finished : return_type #2 : request served from cache
08-03 23:42:02.501  6674  6734 D CustomInterceptor: NETWORK-PROVIDER https://hacker-news.firebaseio.com/v0/item/23971815.json
08-03 23:42:02.502  6674  6734 D CustomInterceptor: HEADER REQUEST
08-03 23:42:02.502  6674  6734 D CustomInterceptor: Cache-Control max-age=300, max-stale=300
08-03 23:42:02.503  6674  6734 D CustomInterceptor: CACHED STATS: size = '100', maxSize = '100', hitCount = '158', createCount = '0', putCount = '128', evictionCount = '28', missCount = '146', toString = 'LruCache[maxSize=100,hits=158,misses=146,hitRate=51%]', 
08-03 23:42:02.503  6674  6734 D CustomInterceptor: PREFLIB GET REQUEST https://hacker-news.firebaseio.com/v0/item/23971815.json
08-03 23:42:02.503  6674  6734 D CustomInterceptor: PREFLIB found https://hacker-news.firebaseio.com/v0/item/23971815.json, sending it back
08-03 23:42:02.503  6674  6734 D CustomInterceptor: CONTENT {"by":"toss1","id":23971815,"kids":[23972704,23971966],"parent":23970041,"text":"Another lovely Google feature that lasted for about 10sec. after I discovered it:<p>Booked a flight, got the receipt through Gmail.  Google then auto-populated my calendar with the flights - fine.  They also populated it with a hotel reservation, and a link saying I hadn&#x27;t yet confirmed the reservation for Hilton.  I was going to stay with family, w&#x2F;no intention of staying in a hotel.  I couldn&#x27;t believe the blatant hijacking and spamming involved here from my private info - bad enough if they&#x27;d merely spammed a hotel advert for those dates.<p>Contacted Google, no way to turn it off without turning off the entire feature.  Done. Permanently.<p>I couldn&#x27;t believe anyone could think this was a good idea.","time":1595904352,"type":"comment"}
08-03 23:42:02.503  6674  6734 D CustomInterceptor: interceptor_finished : return_type #2 : request served from cache
08-03 23:42:02.510  6674  7279 D CustomInterceptor: NETWORK-PROVIDER https://hacker-news.firebaseio.com/v0/item/23972060.json
08-03 23:42:02.512  6674  7279 D CustomInterceptor: HEADER REQUEST
08-03 23:42:02.512  6674  7279 D CustomInterceptor: Cache-Control max-age=300, max-stale=300
08-03 23:42:02.512  6674  7279 D CustomInterceptor: CACHED STATS: size = '100', maxSize = '100', hitCount = '159', createCount = '0', putCount = '128', evictionCount = '28', missCount = '146', toString = 'LruCache[maxSize=100,hits=159,misses=146,hitRate=52%]', 
08-03 23:42:02.512  6674  7279 D CustomInterceptor: PREFLIB GET REQUEST https://hacker-news.firebaseio.com/v0/item/23972060.json
08-03 23:42:02.512  6674  7279 D CustomInterceptor: PREFLIB found https://hacker-news.firebaseio.com/v0/item/23972060.json, sending it back
08-03 23:42:02.512  6674  7279 D CustomInterceptor: CONTENT {"by":"ethagnawl","id":23972060,"parent":23970041,"text":"I&#x27;d been wondering about this phenomenon for years. However, it happened infrequently and was never enough of a bother to dig into.","time":1595907758,"type":"comment"}
08-03 23:42:02.512  6674  7279 D CustomInterceptor: interceptor_finished : return_type #2 : request served from cache
08-03 23:42:02.518  6674  6732 D CustomInterceptor: NETWORK-PROVIDER https://hacker-news.firebaseio.com/v0/item/23970116.json
08-03 23:42:02.519  6674  6732 D CustomInterceptor: HEADER REQUEST
08-03 23:42:02.519  6674  6732 D CustomInterceptor: Cache-Control max-age=300, max-stale=300
08-03 23:42:02.519  6674  6732 D CustomInterceptor: CACHED STATS: size = '100', maxSize = '100', hitCount = '160', createCount = '0', putCount = '128', evictionCount = '28', missCount = '146', toString = 'LruCache[maxSize=100,hits=160,misses=146,hitRate=52%]', 
08-03 23:42:02.519  6674  6732 D CustomInterceptor: PREFLIB GET REQUEST https://hacker-news.firebaseio.com/v0/item/23970116.json
08-03 23:42:02.519  6674  6732 D CustomInterceptor: PREFLIB found https://hacker-news.firebaseio.com/v0/item/23970116.json, sending it back
08-03 23:42:02.519  6674  6732 D CustomInterceptor: CONTENT {"by":"4kevinking","id":23970116,"kids":[23972495,23970275],"parent":23970041,"text":"I&#x27;m actually getting this spam now (started a couple months ago). Would love advice on how to get rid of it!","time":1595888613,"type":"comment"}
08-03 23:42:02.520  6674  6732 D CustomInterceptor: interceptor_finished : return_type #2 : request served from cache
08-03 23:42:02.526  6674  6740 D CustomInterceptor: NETWORK-PROVIDER https://hacker-news.firebaseio.com/v0/item/23969822.json
08-03 23:42:02.527  6674  6740 D CustomInterceptor: HEADER REQUEST
08-03 23:42:02.527  6674  6740 D CustomInterceptor: Cache-Control max-age=300, max-stale=300
08-03 23:42:02.528  6674  6740 D CustomInterceptor: CACHED STATS: size = '100', maxSize = '100', hitCount = '161', createCount = '0', putCount = '128', evictionCount = '28', missCount = '146', toString = 'LruCache[maxSize=100,hits=161,misses=146,hitRate=52%]', 
08-03 23:42:02.528  6674  6740 D CustomInterceptor: PREFLIB GET REQUEST https://hacker-news.firebaseio.com/v0/item/23969822.json
08-03 23:42:02.528  6674  6740 D CustomInterceptor: PREFLIB found https://hacker-news.firebaseio.com/v0/item/23969822.json, sending it back
08-03 23:42:02.528  6674  6740 D CustomInterceptor: CONTENT {"by":"pedrocx486","id":23969822,"kids":[23969892],"parent":23969718,"text":"Oh god. I got COMPLETELY derailed by this last month. My girlfriend&#x27;s son was using my tablet (which is logged on my main Google account) and recently I was being victim of this, and suddenly he asked me &quot;what&#x27;s a bussy?&quot;<p>I never logged my account out of an device so fast. Google needs to fix this crap.","time":1595886642,"type":"comment"}
08-03 23:42:02.528  6674  6740 D CustomInterceptor: interceptor_finished : return_type #2 : request served from cache
08-03 23:42:02.583  6674  7275 D CustomInterceptor: NETWORK-PROVIDER https://hacker-news.firebaseio.com/v0/item/23970303.json
08-03 23:42:02.584  6674  7275 D CustomInterceptor: HEADER REQUEST
08-03 23:42:02.585  6674  7275 D CustomInterceptor: Cache-Control max-age=300, max-stale=300
08-03 23:42:02.585  6674  7275 D CustomInterceptor: CACHED STATS: size = '100', maxSize = '100', hitCount = '162', createCount = '0', putCount = '128', evictionCount = '28', missCount = '146', toString = 'LruCache[maxSize=100,hits=162,misses=146,hitRate=52%]', 
08-03 23:42:02.585  6674  7275 D CustomInterceptor: PREFLIB GET REQUEST https://hacker-news.firebaseio.com/v0/item/23970303.json
08-03 23:42:02.585  6674  7275 D CustomInterceptor: PREFLIB found https://hacker-news.firebaseio.com/v0/item/23970303.json, sending it back
08-03 23:42:02.585  6674  7275 D CustomInterceptor: CONTENT {"by":"bgorman","id":23970303,"parent":23969718,"text":"I have been getting documents with titles that seem like pornography shared with me recently as well. It is truly infuriating because I can&#x27;t tell where they are coming from. It seems like this started around ~6 months ago. I think there is a report as spam option, but it doesn&#x27;t seem to have stopped the onslaught.","time":1595889894,"type":"comment"}
08-03 23:42:02.585  6674  7275 D CustomInterceptor: interceptor_finished : return_type #2 : request served from cache
08-03 23:42:02.592  6674  7302 D CustomInterceptor: NETWORK-PROVIDER https://hacker-news.firebaseio.com/v0/item/23972508.json
08-03 23:42:02.594  6674  7302 D CustomInterceptor: HEADER REQUEST
08-03 23:42:02.594  6674  7302 D CustomInterceptor: Cache-Control max-age=300, max-stale=300
08-03 23:42:02.594  6674  7302 D CustomInterceptor: CACHED STATS: size = '100', maxSize = '100', hitCount = '163', createCount = '0', putCount = '128', evictionCount = '28', missCount = '146', toString = 'LruCache[maxSize=100,hits=163,misses=146,hitRate=52%]', 
08-03 23:42:02.594  6674  7302 D CustomInterceptor: PREFLIB NOT A GET REQUEST OR NOT IN CACHEGET
08-03 23:42:02.598  6674  6727 D CustomInterceptor: Interceptor exiting with exception java.io.IOException: unexpected end of stream on https://hacker-news.firebaseio.com/...
08-03 23:42:02.600  6674  6734 D CustomInterceptor: NETWORK-PROVIDER https://hacker-news.firebaseio.com/v0/item/23970795.json
08-03 23:42:02.601  6674  6727 D CustomInterceptor: interceptor_finished : return_type #4 : interceptor failed, resuming the request chain with the original request
08-03 23:42:02.602  6674  6734 D CustomInterceptor: HEADER REQUEST
08-03 23:42:02.602  6674  6734 D CustomInterceptor: Cache-Control max-age=300, max-stale=300
08-03 23:42:02.602  6674  6734 D CustomInterceptor: CACHED STATS: size = '100', maxSize = '100', hitCount = '163', createCount = '0', putCount = '128', evictionCount = '28', missCount = '147', toString = 'LruCache[maxSize=100,hits=163,misses=147,hitRate=52%]', 
08-03 23:42:02.602  6674  6734 D CustomInterceptor: PREFLIB GET REQUEST https://hacker-news.firebaseio.com/v0/item/23970795.json
08-03 23:42:02.602  6674  6734 D CustomInterceptor: PREFLIB found https://hacker-news.firebaseio.com/v0/item/23970795.json, sending it back
08-03 23:42:02.602  6674  6734 D CustomInterceptor: CONTENT {"by":"makecheck","id":23970795,"kids":[23971187],"parent":23969879,"text":"Wasting space in Google products is comically easy too, because its so integrated that you can have crap everywhere and may or may not know how to get rid of it.<p>I tried uploading a title image to my YouTube channel, and somehow doing so created an entire Google Photos account (even though the channel image is not a photo!).  I dragged-and-dropped several replacement images because the YouTube UI for layout preview&#x2F;cropping is so terrible that I didnt get it right the first few times.  Except the images are <i>not</i> replaced, theyre <i>added</i>, and there is <i>nothing</i> in YouTube to delete them.  You have to go into Google Photos, and several screens later delete your photos of useless uploads.  Except theyre not deleted, theyre in the Trash; etc. etc.<p>These are basic things that wouldnt be stupidly hard to do if anyone there had any power over, or concern with, the full flow of using their products.","time":1595894537,"type":"comment"}
08-03 23:42:02.602  6674  6734 D CustomInterceptor: interceptor_finished : return_type #2 : request served from cache
08-03 23:42:02.608  6674  7279 D CustomInterceptor: NETWORK-PROVIDER https://hacker-news.firebaseio.com/v0/item/23970196.json
08-03 23:42:02.611  6674  7279 D CustomInterceptor: HEADER REQUEST
08-03 23:42:02.612  6674  7279 D CustomInterceptor: Cache-Control max-age=300, max-stale=300
08-03 23:42:02.612  6674  7279 D CustomInterceptor: CACHED STATS: size = '100', maxSize = '100', hitCount = '164', createCount = '0', putCount = '128', evictionCount = '28', missCount = '147', toString = 'LruCache[maxSize=100,hits=164,misses=147,hitRate=52%]', 
08-03 23:42:02.612  6674  7279 D CustomInterceptor: PREFLIB GET REQUEST https://hacker-news.firebaseio.com/v0/item/23970196.json
08-03 23:42:02.612  6674  7279 D CustomInterceptor: PREFLIB found https://hacker-news.firebaseio.com/v0/item/23970196.json, sending it back
08-03 23:42:02.612  6674  7279 D CustomInterceptor: CONTENT {"by":"xtracto","id":23970196,"kids":[23970458,23970522,23970318,23970547],"parent":23969879,"text":"Google support forums are terrible. Every time there is a missing feature (I usually find it in Google Spreadsheet) or a bug, the corresponding entry in the support forum would be answered with some pretext of why said feature will never be supported.","time":1595889178,"type":"comment"}
08-03 23:42:02.612  6674  7279 D CustomInterceptor: interceptor_finished : return_type #2 : request served from cache
08-03 23:42:02.616  6674  6732 D CustomInterceptor: NETWORK-PROVIDER https://hacker-news.firebaseio.com/v0/item/23970050.json
08-03 23:42:02.618  6674  6732 D CustomInterceptor: HEADER REQUEST
08-03 23:42:02.618  6674  6732 D CustomInterceptor: Cache-Control max-age=300, max-stale=300
08-03 23:42:02.618  6674  6732 D CustomInterceptor: CACHED STATS: size = '100', maxSize = '100', hitCount = '165', createCount = '0', putCount = '128', evictionCount = '28', missCount = '147', toString = 'LruCache[maxSize=100,hits=165,misses=147,hitRate=52%]', 
08-03 23:42:02.618  6674  6732 D CustomInterceptor: PREFLIB NOT A GET REQUEST OR NOT IN CACHEGET
08-03 23:42:02.624  6674  6740 D CustomInterceptor: NETWORK-PROVIDER https://hacker-news.firebaseio.com/v0/item/23970388.json
08-03 23:42:02.625  6674  6740 D CustomInterceptor: HEADER REQUEST
08-03 23:42:02.625  6674  6740 D CustomInterceptor: Cache-Control max-age=300, max-stale=300
08-03 23:42:02.625  6674  6740 D CustomInterceptor: CACHED STATS: size = '100', maxSize = '100', hitCount = '165', createCount = '0', putCount = '128', evictionCount = '28', missCount = '148', toString = 'LruCache[maxSize=100,hits=165,misses=148,hitRate=52%]', 
08-03 23:42:02.625  6674  6740 D CustomInterceptor: PREFLIB NOT A GET REQUEST OR NOT IN CACHEGET
08-03 23:42:02.632  6674  7275 D CustomInterceptor: NETWORK-PROVIDER https://hacker-news.firebaseio.com/v0/item/23970705.json
08-03 23:42:02.633  6674  7275 D CustomInterceptor: HEADER REQUEST
08-03 23:42:02.633  6674  7275 D CustomInterceptor: Cache-Control max-age=300, max-stale=300
08-03 23:42:02.633  6674  7275 D CustomInterceptor: CACHED STATS: size = '100', maxSize = '100', hitCount = '165', createCount = '0', putCount = '128', evictionCount = '28', missCount = '149', toString = 'LruCache[maxSize=100,hits=165,misses=149,hitRate=52%]', 
08-03 23:42:02.634  6674  7275 D CustomInterceptor: PREFLIB NOT A GET REQUEST OR NOT IN CACHEGET
08-03 23:42:02.640  6674  6734 D CustomInterceptor: NETWORK-PROVIDER https://hacker-news.firebaseio.com/v0/item/23970244.json
08-03 23:42:02.641  6674  6734 D CustomInterceptor: HEADER REQUEST
08-03 23:42:02.641  6674  6734 D CustomInterceptor: Cache-Control max-age=300, max-stale=300
08-03 23:42:02.641  6674  6734 D CustomInterceptor: CACHED STATS: size = '100', maxSize = '100', hitCount = '165', createCount = '0', putCount = '128', evictionCount = '28', missCount = '150', toString = 'LruCache[maxSize=100,hits=165,misses=150,hitRate=52%]', 
08-03 23:42:02.642  6674  6734 D CustomInterceptor: PREFLIB NOT A GET REQUEST OR NOT IN CACHEGET
08-03 23:42:02.650  6674  7279 D CustomInterceptor: NETWORK-PROVIDER https://hacker-news.firebaseio.com/v0/item/23970392.json
08-03 23:42:02.651  6674  7279 D CustomInterceptor: HEADER REQUEST
08-03 23:42:02.651  6674  7279 D CustomInterceptor: Cache-Control max-age=300, max-stale=300
08-03 23:42:02.651  6674  7279 D CustomInterceptor: CACHED STATS: size = '100', maxSize = '100', hitCount = '165', createCount = '0', putCount = '128', evictionCount = '28', missCount = '151', toString = 'LruCache[maxSize=100,hits=165,misses=151,hitRate=52%]', 
08-03 23:42:02.652  6674  7279 D CustomInterceptor: PREFLIB NOT A GET REQUEST OR NOT IN CACHEGET
