--------- beginning of main
08-04 02:21:22.047 24712 24712 D AndroidRuntime: >>>>>> START com.android.internal.os.RuntimeInit uid 2000 <<<<<<
08-04 02:21:22.053 24712 24712 D AndroidRuntime: CheckJNI is OFF
08-04 02:21:22.084 24712 24712 D ICU     : No timezone override file found: /data/misc/zoneinfo/current/icu/icu_tzdata.dat
08-04 02:21:22.114 24712 24712 I Radio-JNI: register_android_hardware_Radio DONE
08-04 02:21:22.133 24712 24712 D AndroidRuntime: Calling main entry com.android.commands.monkey.Monkey
--------- beginning of system
08-04 02:21:22.150   918   931 W BroadcastQueue: Skipping deliver [background] BroadcastRecord{302c91 u-1 android.net.conn.CONNECTIVITY_CHANGE} to ReceiverList{b3d57f6 24712 (unknown name)/2000/u-1 remote:823c51b}: process crashing
08-04 02:21:22.160   918  6029 I ActivityManager: START u0 {act=android.intent.action.MAIN cat=[android.intent.category.LAUNCHER] flg=0x10200000 cmp=baseline.appteam.nith.hillffair/.activities.SplashActivity} from uid 2000 on display 0
08-04 02:21:22.195 24721 24721 I art     : Late-enabling -Xcheck:jni
08-04 02:21:22.198   918  3961 I ActivityManager: Start proc 24721:baseline.appteam.nith.hillffair/u0a651 for activity baseline.appteam.nith.hillffair/.activities.SplashActivity
08-04 02:21:22.225 24712 24712 I art     : System.exit called, status: 0
08-04 02:21:22.225 24712 24712 I AndroidRuntime: VM exiting with result code 0.
08-04 02:21:22.267  6202 13432 I PBSessionCacheImpl: Deleted sessionId[27278280657311515] from persistence.
08-04 02:21:22.270  6202  6241 W SearchServiceCore: Abort, client detached.
08-04 02:21:22.271  6202  6241 I MicroDetectionState: Should stop hotword detection immediately - true
08-04 02:21:22.355 24721 24721 W System  : ClassLoader referenced unknown path: /data/app/baseline.appteam.nith.hillffair-1/lib/arm64
08-04 02:21:22.429 24721 24721 W OneSignal: GCM Library detected, please upgrade to Firebase FCM library as GCM is deprecated!
08-04 02:21:22.526 24721 24721 W art     : Before Android 4.1, method android.graphics.PorterDuffColorFilter androidx.vectordrawable.graphics.drawable.VectorDrawableCompat.updateTintFilter(android.graphics.PorterDuffColorFilter, android.content.res.ColorStateList, android.graphics.PorterDuff$Mode) would have incorrectly overridden the package-private method in android.graphics.drawable.Drawable
08-04 02:21:22.554 24721 24721 I art     : Rejecting re-init on previously-failed class java.lang.Class<androidx.core.view.ViewCompat$2>
08-04 02:21:22.554 24721 24721 I art     : Rejecting re-init on previously-failed class java.lang.Class<androidx.core.view.ViewCompat$2>
08-04 02:21:22.607 24721 24751 D OpenGLRenderer: Use EGL_SWAP_BEHAVIOR_PRESERVED: true
08-04 02:21:22.640 24721 24751 I Adreno  : QUALCOMM build                   : fcf4852, I1af360237c
08-04 02:21:22.640 24721 24751 I Adreno  : Build Date                       : 09/23/15
08-04 02:21:22.640 24721 24751 I Adreno  : OpenGL ES Shader Compiler Version: XE031.05.13.02
08-04 02:21:22.640 24721 24751 I Adreno  : Local Branch                     : mybranch14465806
08-04 02:21:22.640 24721 24751 I Adreno  : Remote Branch                    : quic/LA.BF64.1.2.9_v2
08-04 02:21:22.640 24721 24751 I Adreno  : Remote Branch                    : NONE
08-04 02:21:22.640 24721 24751 I Adreno  : Reconstruct Branch               : NOTHING
08-04 02:21:22.645 24721 24751 I OpenGLRenderer: Initialized EGL, version 1.4
08-04 02:21:22.688 13866 13866 I GoogleInputMethodServic: GoogleInputMethodService.onFinishInput():3138 
08-04 02:21:22.689 13866 13866 I GoogleInputMethodServic: GoogleInputMethodService.onStartInput():1808 
08-04 02:21:22.734   918   936 I ActivityManager: Displayed baseline.appteam.nith.hillffair/.activities.SplashActivity: +567ms
08-04 02:21:22.907 24721 24761 W GCM     : GCM SDK is deprecated, baseline.appteam.nith.hillffair should update to use FCM
08-04 02:21:22.951 24365 28437 W Conscrypt: Could not set socket write timeout: java.net.SocketException: Socket closed
08-04 02:21:22.952 24365 28437 E art     : invalid stream - problem with parameter iterator in /data/app/com.google.android.gms-2/base.apk:classes3.dex for method void com.google.android.gms.org.conscrypt.ConscryptFileDescriptorSocket.setSoWriteTimeout(int)
08-04 02:21:22.968 24365 28437 W Conscrypt: 	at com.google.android.gms.org.conscrypt.Platform.setSocketWriteTimeout(:com.google.android.gms@202614019@20.26.14 (040400-320008519):2)
08-04 02:21:22.969 24365 28437 W Conscrypt: 	at com.google.android.gms.org.conscrypt.ConscryptFileDescriptorSocket.setSoWriteTimeout(:com.google.android.gms@202614019@20.26.14 (040400-320008519))
08-04 02:21:22.989 24365 28437 W Conscrypt: Could not set socket write timeout: java.net.SocketException: Socket closed
08-04 02:21:22.989 24365 28437 E art     : invalid stream - problem with parameter iterator in /data/app/com.google.android.gms-2/base.apk:classes3.dex for method void com.google.android.gms.org.conscrypt.ConscryptFileDescriptorSocket.setSoWriteTimeout(int)
08-04 02:21:22.989 24365 28437 W Conscrypt: 	at com.google.android.gms.org.conscrypt.Platform.setSocketWriteTimeout(:com.google.android.gms@202614019@20.26.14 (040400-320008519):2)
08-04 02:21:22.989 24365 28437 W Conscrypt: 	at com.google.android.gms.org.conscrypt.ConscryptFileDescriptorSocket.setSoWriteTimeout(:com.google.android.gms@202614019@20.26.14 (040400-320008519))
08-04 02:21:23.049 24365 28437 W Conscrypt: Could not set socket write timeout: java.net.SocketException: Socket closed
08-04 02:21:23.049 24365 28437 E art     : invalid stream - problem with parameter iterator in /data/app/com.google.android.gms-2/base.apk:classes3.dex for method void com.google.android.gms.org.conscrypt.ConscryptFileDescriptorSocket.setSoWriteTimeout(int)
08-04 02:21:23.049 24365 28437 W Conscrypt: 	at com.google.android.gms.org.conscrypt.Platform.setSocketWriteTimeout(:com.google.android.gms@202614019@20.26.14 (040400-320008519):2)
08-04 02:21:23.049 24365 28437 W Conscrypt: 	at com.google.android.gms.org.conscrypt.ConscryptFileDescriptorSocket.setSoWriteTimeout(:com.google.android.gms@202614019@20.26.14 (040400-320008519))
08-04 02:21:23.068 24365 28437 W Conscrypt: Could not set socket write timeout: java.net.SocketException: Socket closed
08-04 02:21:23.068 24365 28437 E art     : invalid stream - problem with parameter iterator in /data/app/com.google.android.gms-2/base.apk:classes3.dex for method void com.google.android.gms.org.conscrypt.ConscryptFileDescriptorSocket.setSoWriteTimeout(int)
08-04 02:21:23.068 24365 28437 W Conscrypt: 	at com.google.android.gms.org.conscrypt.Platform.setSocketWriteTimeout(:com.google.android.gms@202614019@20.26.14 (040400-320008519):2)
08-04 02:21:23.068 24365 28437 W Conscrypt: 	at com.google.android.gms.org.conscrypt.ConscryptFileDescriptorSocket.setSoWriteTimeout(:com.google.android.gms@202614019@20.26.14 (040400-320008519))
08-04 02:21:23.258 24721 24761 E OneSignal: Error Getting GCM Token
08-04 02:21:23.258 24721 24761 E OneSignal: java.io.IOException: INVALID_SENDER
08-04 02:21:23.258 24721 24761 E OneSignal: 	at com.google.android.gms.gcm.GoogleCloudMessaging.zzd(Unknown Source)
08-04 02:21:23.258 24721 24761 E OneSignal: 	at com.google.android.gms.gcm.GoogleCloudMessaging.register(Unknown Source)
08-04 02:21:23.258 24721 24761 E OneSignal: 	at com.onesignal.PushRegistratorGCM.getToken(PushRegistratorGCM.java:42)
08-04 02:21:23.258 24721 24761 E OneSignal: 	at com.onesignal.PushRegistratorAbstractGoogle.attemptRegistration(PushRegistratorAbstractGoogle.java:97)
08-04 02:21:23.258 24721 24761 E OneSignal: 	at com.onesignal.PushRegistratorAbstractGoogle.access$100(PushRegistratorAbstractGoogle.java:37)
08-04 02:21:23.258 24721 24761 E OneSignal: 	at com.onesignal.PushRegistratorAbstractGoogle$1.run(PushRegistratorAbstractGoogle.java:84)
08-04 02:21:23.258 24721 24761 E OneSignal: 	at java.lang.Thread.run(Thread.java:818)
08-04 02:21:23.283 24721 24768 I art     : Rejecting re-init on previously-failed class java.lang.Class<com.onesignal.OneSignalChromeTab$OneSignalCustomTabsServiceConnection>
08-04 02:21:23.284 24721 24768 I art     : Rejecting re-init on previously-failed class java.lang.Class<com.onesignal.OneSignalChromeTab$OneSignalCustomTabsServiceConnection>
08-04 02:21:23.861 24785 24785 D AndroidRuntime: >>>>>> START com.android.internal.os.RuntimeInit uid 2000 <<<<<<
08-04 02:21:23.867 24785 24785 D AndroidRuntime: CheckJNI is OFF
08-04 02:21:23.899 24785 24785 D ICU     : No timezone override file found: /data/misc/zoneinfo/current/icu/icu_tzdata.dat
08-04 02:21:23.932 24785 24785 I Radio-JNI: register_android_hardware_Radio DONE
08-04 02:21:23.950 24785 24785 D AndroidRuntime: Calling main entry com.android.commands.am.Am
08-04 02:21:23.959  8825  8825 I Trepn   : Trepn 6.2s: Received intent: com.quicinc.trepn.start_profiling
08-04 02:21:24.057  8825  8825 W FileUtils: Failed to chmod(/storage/emulated/0/trepn/Trepn_2020.08.04_022123.db): android.system.ErrnoException: chmod failed: EPERM (Operation not permitted)
08-04 02:21:24.091   918   928 I ActivityManager: START u0 {cmp=baseline.appteam.nith.hillffair/.activities.WelcomeActivity} from uid 10651 on display 0
08-04 02:21:24.116   918  5952 I ActivityManager: START u0 {cmp=baseline.appteam.nith.hillffair/.activities.HomeActivity} from uid 10651 on display 0
08-04 02:21:24.122   918  3696 W ActivityManager: Duplicate finish request for ActivityRecord{f51a6c4 u0 baseline.appteam.nith.hillffair/.activities.WelcomeActivity t3846 f}
08-04 02:21:24.142  8825  8825 I Trepn   : Trepn 6.2s: Trepn has Started Profiling.
08-04 02:21:24.143 24785 24785 D AndroidRuntime: Shutting down VM
08-04 02:21:24.556 24721 24732 I art     : Starting a blocking GC Explicit
08-04 02:21:24.569 24721 24732 I art     : Explicit concurrent mark sweep GC freed 3427(539KB) AllocSpace objects, 0(0B) LOS objects, 25% free, 47MB/63MB, paused 175us total 12.666ms
08-04 02:21:24.577 24721 24732 I art     : Starting a blocking GC Explicit
08-04 02:21:24.589 24721 24732 I art     : Explicit concurrent mark sweep GC freed 374(34KB) AllocSpace objects, 0(0B) LOS objects, 24% free, 48MB/64MB, paused 172us total 12.270ms
08-04 02:21:24.597 24721 24732 I art     : Starting a blocking GC Explicit
08-04 02:21:24.599 13866 13866 I GoogleInputMethodServic: GoogleInputMethodService.onFinishInput():3138 
08-04 02:21:24.600   918   936 I ActivityManager: Displayed baseline.appteam.nith.hillffair/.activities.HomeActivity: +433ms (total +497ms)
08-04 02:21:24.600 13866 13866 I GoogleInputMethodServic: GoogleInputMethodService.onStartInput():1808 
08-04 02:21:24.608 24721 24732 I art     : Explicit concurrent mark sweep GC freed 109(22KB) AllocSpace objects, 0(0B) LOS objects, 24% free, 48MB/64MB, paused 235us total 10.939ms
08-04 02:21:24.615 24721 24732 I art     : Starting a blocking GC Explicit
08-04 02:21:24.637 24721 24732 I art     : Explicit concurrent mark sweep GC freed 44(1488B) AllocSpace objects, 0(0B) LOS objects, 24% free, 48MB/64MB, paused 7.188ms total 21.573ms
08-04 02:21:24.644 24721 24732 I art     : Starting a blocking GC Explicit
08-04 02:21:24.657 24721 24732 I art     : Explicit concurrent mark sweep GC freed 81(5KB) AllocSpace objects, 0(0B) LOS objects, 24% free, 48MB/64MB, paused 231us total 12.096ms
08-04 02:21:24.848   380   380 W SurfaceFlinger: couldn't log to binary event log: overflow.
08-04 02:21:24.935 24721 24828 I art     : Starting a blocking GC Explicit
08-04 02:21:24.950 24721 24828 I art     : Explicit concurrent mark sweep GC freed 2335(148KB) AllocSpace objects, 1(20KB) LOS objects, 25% free, 47MB/63MB, paused 171us total 13.870ms
08-04 02:21:24.956 24721 24828 I art     : Starting a blocking GC Explicit
08-04 02:21:24.969 24721 24828 I art     : Explicit concurrent mark sweep GC freed 20(704B) AllocSpace objects, 0(0B) LOS objects, 25% free, 47MB/63MB, paused 242us total 12.904ms
08-04 02:21:24.976 24721 24828 I art     : Starting a blocking GC Explicit
08-04 02:21:24.991 24721 24828 I art     : Explicit concurrent mark sweep GC freed 671(34KB) AllocSpace objects, 0(0B) LOS objects, 25% free, 47MB/63MB, paused 155us total 14.602ms
08-04 02:21:24.997 24721 24828 I art     : Starting a blocking GC Explicit
08-04 02:21:25.007 24721 24828 I art     : Explicit concurrent mark sweep GC freed 20(1504B) AllocSpace objects, 0(0B) LOS objects, 25% free, 47MB/63MB, paused 139us total 10.264ms
08-04 02:21:25.013 24721 24828 I art     : Starting a blocking GC Explicit
08-04 02:21:25.023 24721 24828 I art     : Explicit concurrent mark sweep GC freed 886(58KB) AllocSpace objects, 0(0B) LOS objects, 25% free, 47MB/63MB, paused 134us total 9.825ms
08-04 02:21:25.289 24721 24733 I art     : Starting a blocking GC Explicit
08-04 02:21:25.302 24721 24733 I art     : Explicit concurrent mark sweep GC freed 1341(78KB) AllocSpace objects, 1(20KB) LOS objects, 25% free, 47MB/63MB, paused 157us total 12.597ms
08-04 02:21:25.308 24721 24733 I art     : Starting a blocking GC Explicit
08-04 02:21:25.320 24721 24733 I art     : Explicit concurrent mark sweep GC freed 20(704B) AllocSpace objects, 0(0B) LOS objects, 25% free, 47MB/63MB, paused 147us total 11.516ms
08-04 02:21:25.326 24721 24733 I art     : Starting a blocking GC Explicit
08-04 02:21:25.338 24721 24733 I art     : Explicit concurrent mark sweep GC freed 3(96B) AllocSpace objects, 0(0B) LOS objects, 25% free, 47MB/63MB, paused 155us total 11.500ms
08-04 02:21:25.344 24721 24733 I art     : Starting a blocking GC Explicit
08-04 02:21:25.355 24721 24733 I art     : Explicit concurrent mark sweep GC freed 3(96B) AllocSpace objects, 0(0B) LOS objects, 25% free, 47MB/63MB, paused 149us total 11.469ms
08-04 02:21:25.361 24721 24733 I art     : Starting a blocking GC Explicit
08-04 02:21:25.373 24721 24733 I art     : Explicit concurrent mark sweep GC freed 3(96B) AllocSpace objects, 0(0B) LOS objects, 25% free, 47MB/63MB, paused 143us total 11.554ms
08-04 02:21:25.679 24721 24732 I art     : Starting a blocking GC Explicit
08-04 02:21:25.696 24721 24732 I art     : Explicit concurrent mark sweep GC freed 1342(78KB) AllocSpace objects, 1(20KB) LOS objects, 25% free, 47MB/63MB, paused 214us total 15.909ms
08-04 02:21:25.706 24721 24732 I art     : Starting a blocking GC Explicit
08-04 02:21:25.721 24721 24732 I art     : Explicit concurrent mark sweep GC freed 20(704B) AllocSpace objects, 0(0B) LOS objects, 25% free, 47MB/63MB, paused 161us total 14.706ms
08-04 02:21:25.727 24721 24732 I art     : Starting a blocking GC Explicit
08-04 02:21:25.739 24721 24732 I art     : Explicit concurrent mark sweep GC freed 3(96B) AllocSpace objects, 0(0B) LOS objects, 25% free, 47MB/63MB, paused 158us total 11.942ms
08-04 02:21:25.745 24721 24732 I art     : Starting a blocking GC Explicit
08-04 02:21:25.758 24721 24732 I art     : Explicit concurrent mark sweep GC freed 3(96B) AllocSpace objects, 0(0B) LOS objects, 25% free, 47MB/63MB, paused 157us total 12.156ms
08-04 02:21:25.764 24721 24732 I art     : Starting a blocking GC Explicit
08-04 02:21:25.775 24721 24732 I art     : Explicit concurrent mark sweep GC freed 3(96B) AllocSpace objects, 0(0B) LOS objects, 25% free, 47MB/63MB, paused 150us total 11.464ms
08-04 02:21:26.088 24721 24829 I art     : Starting a blocking GC Explicit
08-04 02:21:26.105 24721 24829 I art     : Explicit concurrent mark sweep GC freed 1340(78KB) AllocSpace objects, 1(20KB) LOS objects, 25% free, 47MB/63MB, paused 186us total 16.558ms
08-04 02:21:26.112 24721 24829 I art     : Starting a blocking GC Explicit
08-04 02:21:26.124 24721 24829 I art     : Explicit concurrent mark sweep GC freed 20(704B) AllocSpace objects, 0(0B) LOS objects, 25% free, 47MB/63MB, paused 164us total 12.491ms
08-04 02:21:26.131 24721 24829 I art     : Starting a blocking GC Explicit
08-04 02:21:26.143 24721 24829 I art     : Explicit concurrent mark sweep GC freed 3(96B) AllocSpace objects, 0(0B) LOS objects, 25% free, 47MB/63MB, paused 153us total 11.441ms
08-04 02:21:26.149 24721 24829 I art     : Starting a blocking GC Explicit
08-04 02:21:26.160 24721 24829 I art     : Explicit concurrent mark sweep GC freed 3(96B) AllocSpace objects, 0(0B) LOS objects, 25% free, 47MB/63MB, paused 158us total 11.430ms
08-04 02:21:26.166 24721 24829 I art     : Starting a blocking GC Explicit
08-04 02:21:26.178 24721 24829 I art     : Explicit concurrent mark sweep GC freed 3(96B) AllocSpace objects, 0(0B) LOS objects, 25% free, 47MB/63MB, paused 153us total 11.562ms
08-04 02:21:26.482 24721 24828 I art     : Starting a blocking GC Explicit
08-04 02:21:26.497 24721 24828 I art     : Explicit concurrent mark sweep GC freed 1339(78KB) AllocSpace objects, 1(20KB) LOS objects, 25% free, 47MB/63MB, paused 188us total 14.590ms
08-04 02:21:26.507 24721 24828 I art     : Starting a blocking GC Explicit
08-04 02:21:26.522 24721 24828 I art     : Explicit concurrent mark sweep GC freed 20(704B) AllocSpace objects, 0(0B) LOS objects, 25% free, 47MB/63MB, paused 170us total 15.253ms
08-04 02:21:26.530 24721 24828 I art     : Starting a blocking GC Explicit
08-04 02:21:26.542 24721 24828 I art     : Explicit concurrent mark sweep GC freed 3(96B) AllocSpace objects, 0(0B) LOS objects, 25% free, 47MB/63MB, paused 148us total 11.565ms
08-04 02:21:26.548 24721 24828 I art     : Starting a blocking GC Explicit
08-04 02:21:26.560 24721 24828 I art     : Explicit concurrent mark sweep GC freed 3(96B) AllocSpace objects, 0(0B) LOS objects, 25% free, 47MB/63MB, paused 152us total 12.079ms
08-04 02:21:26.567 24721 24828 I art     : Starting a blocking GC Explicit
08-04 02:21:26.578 24721 24828 I art     : Explicit concurrent mark sweep GC freed 3(96B) AllocSpace objects, 0(0B) LOS objects, 25% free, 47MB/63MB, paused 149us total 11.106ms
08-04 02:21:26.874 24721 24733 I art     : Starting a blocking GC Explicit
08-04 02:21:26.895 24721 24733 I art     : Explicit concurrent mark sweep GC freed 1339(78KB) AllocSpace objects, 1(20KB) LOS objects, 25% free, 47MB/63MB, paused 210us total 20.319ms
08-04 02:21:26.905 24721 24733 I art     : Starting a blocking GC Explicit
08-04 02:21:26.918 24721 24733 I art     : Explicit concurrent mark sweep GC freed 20(704B) AllocSpace objects, 0(0B) LOS objects, 25% free, 47MB/63MB, paused 163us total 12.372ms
08-04 02:21:26.924 24721 24733 I art     : Starting a blocking GC Explicit
08-04 02:21:26.936 24721 24733 I art     : Explicit concurrent mark sweep GC freed 3(96B) AllocSpace objects, 0(0B) LOS objects, 25% free, 47MB/63MB, paused 145us total 11.490ms
08-04 02:21:26.942 24721 24733 I art     : Starting a blocking GC Explicit
08-04 02:21:26.954 24721 24733 I art     : Explicit concurrent mark sweep GC freed 3(96B) AllocSpace objects, 0(0B) LOS objects, 25% free, 47MB/63MB, paused 140us total 11.304ms
08-04 02:21:26.960 24721 24733 I art     : Starting a blocking GC Explicit
08-04 02:21:26.972 24721 24733 I art     : Explicit concurrent mark sweep GC freed 3(96B) AllocSpace objects, 0(0B) LOS objects, 25% free, 47MB/63MB, paused 156us total 11.724ms
08-04 02:21:27.282 24721 24732 I art     : Starting a blocking GC Explicit
08-04 02:21:27.299 24721 24732 I art     : Explicit concurrent mark sweep GC freed 1339(78KB) AllocSpace objects, 1(20KB) LOS objects, 25% free, 47MB/63MB, paused 176us total 16.644ms
08-04 02:21:27.308 24721 24732 I art     : Starting a blocking GC Explicit
08-04 02:21:27.320 24721 24732 I art     : Explicit concurrent mark sweep GC freed 20(704B) AllocSpace objects, 0(0B) LOS objects, 25% free, 47MB/63MB, paused 161us total 11.679ms
08-04 02:21:27.327 24721 24732 I art     : Starting a blocking GC Explicit
08-04 02:21:27.339 24721 24732 I art     : Explicit concurrent mark sweep GC freed 3(96B) AllocSpace objects, 0(0B) LOS objects, 25% free, 47MB/63MB, paused 155us total 11.816ms
08-04 02:21:27.345 24721 24732 I art     : Starting a blocking GC Explicit
08-04 02:21:27.356 24721 24732 I art     : Explicit concurrent mark sweep GC freed 3(96B) AllocSpace objects, 0(0B) LOS objects, 25% free, 47MB/63MB, paused 154us total 11.482ms
08-04 02:21:27.362 24721 24732 I art     : Starting a blocking GC Explicit
08-04 02:21:27.374 24721 24732 I art     : Explicit concurrent mark sweep GC freed 3(96B) AllocSpace objects, 0(0B) LOS objects, 25% free, 47MB/63MB, paused 152us total 11.392ms
08-04 02:21:27.688 24721 24829 I art     : Starting a blocking GC Explicit
08-04 02:21:27.707 24721 24829 I art     : Explicit concurrent mark sweep GC freed 1339(78KB) AllocSpace objects, 1(20KB) LOS objects, 25% free, 47MB/63MB, paused 194us total 18.345ms
08-04 02:21:27.718 24721 24829 I art     : Starting a blocking GC Explicit
08-04 02:21:27.733 24721 24829 I art     : Explicit concurrent mark sweep GC freed 20(704B) AllocSpace objects, 0(0B) LOS objects, 25% free, 47MB/63MB, paused 175us total 14.966ms
08-04 02:21:27.741 24721 24829 I art     : Starting a blocking GC Explicit
08-04 02:21:27.754 24721 24829 I art     : Explicit concurrent mark sweep GC freed 3(96B) AllocSpace objects, 0(0B) LOS objects, 25% free, 47MB/63MB, paused 161us total 12.128ms
08-04 02:21:27.760 24721 24829 I art     : Starting a blocking GC Explicit
08-04 02:21:27.772 24721 24829 I art     : Explicit concurrent mark sweep GC freed 3(96B) AllocSpace objects, 0(0B) LOS objects, 25% free, 47MB/63MB, paused 150us total 11.966ms
08-04 02:21:27.779 24721 24829 I art     : Starting a blocking GC Explicit
08-04 02:21:27.790 24721 24829 I art     : Explicit concurrent mark sweep GC freed 3(96B) AllocSpace objects, 0(0B) LOS objects, 25% free, 47MB/63MB, paused 151us total 11.474ms
08-04 02:21:28.026   918 13198 D NetlinkSocketObserver: NeighborEvent{elapsedMs=1654291901, 192.168.2.254, [7C3953A63323], RTM_NEWNEIGH, NUD_REACHABLE}
08-04 02:21:28.106 24721 24828 I art     : Starting a blocking GC Explicit
08-04 02:21:28.118 24721 24828 I art     : Explicit concurrent mark sweep GC freed 1338(78KB) AllocSpace objects, 1(20KB) LOS objects, 25% free, 47MB/63MB, paused 172us total 11.766ms
08-04 02:21:28.125 24721 24828 I art     : Starting a blocking GC Explicit
08-04 02:21:28.135 24721 24828 I art     : Explicit concurrent mark sweep GC freed 20(704B) AllocSpace objects, 0(0B) LOS objects, 25% free, 47MB/63MB, paused 145us total 10.411ms
08-04 02:21:28.141 24721 24828 I art     : Starting a blocking GC Explicit
08-04 02:21:28.152 24721 24828 I art     : Explicit concurrent mark sweep GC freed 3(96B) AllocSpace objects, 0(0B) LOS objects, 25% free, 47MB/63MB, paused 135us total 10.691ms
08-04 02:21:28.157 24721 24828 I art     : Starting a blocking GC Explicit
08-04 02:21:28.167 24721 24828 I art     : Explicit concurrent mark sweep GC freed 3(96B) AllocSpace objects, 0(0B) LOS objects, 25% free, 47MB/63MB, paused 134us total 9.933ms
08-04 02:21:28.173 24721 24828 I art     : Starting a blocking GC Explicit
08-04 02:21:28.183 24721 24828 I art     : Explicit concurrent mark sweep GC freed 3(96B) AllocSpace objects, 0(0B) LOS objects, 25% free, 47MB/63MB, paused 136us total 9.934ms
08-04 02:21:28.357 24721 24925 W OneSignal: OneSignalRestClient: POST Error thrown from network stack. 
08-04 02:21:28.357 24721 24925 W OneSignal: java.io.IOException: unexpected end of stream on Connection{api.onesignal.com:443, proxy=HTTP@192.168.2.12:8080 hostAddress=192.168.2.12 cipherSuite=TLS_ECDHE_RSA_WITH_AES_128_GCM_SHA256 protocol=http/1.1} (recycle count=1)
08-04 02:21:28.357 24721 24925 W OneSignal: 	at com.android.okhttp.internal.http.HttpConnection.readResponse(HttpConnection.java:210)
08-04 02:21:28.357 24721 24925 W OneSignal: 	at com.android.okhttp.internal.http.HttpTransport.readResponseHeaders(HttpTransport.java:80)
08-04 02:21:28.357 24721 24925 W OneSignal: 	at com.android.okhttp.internal.http.HttpEngine.readNetworkResponse(HttpEngine.java:904)
08-04 02:21:28.357 24721 24925 W OneSignal: 	at com.android.okhttp.internal.http.HttpEngine.readResponse(HttpEngine.java:788)
08-04 02:21:28.357 24721 24925 W OneSignal: 	at com.android.okhttp.internal.huc.HttpURLConnectionImpl.execute(HttpURLConnectionImpl.java:439)
08-04 02:21:28.357 24721 24925 W OneSignal: 	at com.android.okhttp.internal.huc.HttpURLConnectionImpl.getResponse(HttpURLConnectionImpl.java:384)
08-04 02:21:28.357 24721 24925 W OneSignal: 	at com.android.okhttp.internal.huc.HttpURLConnectionImpl.getResponseCode(HttpURLConnectionImpl.java:497)
08-04 02:21:28.357 24721 24925 W OneSignal: 	at com.android.okhttp.internal.huc.DelegatingHttpsURLConnection.getResponseCode(DelegatingHttpsURLConnection.java:105)
08-04 02:21:28.357 24721 24925 W OneSignal: 	at com.android.okhttp.internal.huc.HttpsURLConnectionImpl.getResponseCode(HttpsURLConnectionImpl.java)
08-04 02:21:28.357 24721 24925 W OneSignal: 	at com.onesignal.OneSignalRestClient.startHTTPConnection(OneSignalRestClient.java:180)
08-04 02:21:28.357 24721 24925 W OneSignal: 	at com.onesignal.OneSignalRestClient.access$100(OneSignalRestClient.java:44)
08-04 02:21:28.357 24721 24925 W OneSignal: 	at com.onesignal.OneSignalRestClient$4.run(OneSignalRestClient.java:110)
08-04 02:21:28.357 24721 24925 W OneSignal: 	at java.lang.Thread.run(Thread.java:818)
08-04 02:21:28.357 24721 24925 W OneSignal: Caused by: java.io.EOFException: \n not found: size=0 content=...
08-04 02:21:28.357 24721 24925 W OneSignal: 	at com.android.okhttp.okio.RealBufferedSource.readUtf8LineStrict(RealBufferedSource.java:200)
08-04 02:21:28.357 24721 24925 W OneSignal: 	at com.android.okhttp.internal.http.HttpConnection.readResponse(HttpConnection.java:191)
08-04 02:21:28.357 24721 24925 W OneSignal: 	... 12 more
08-04 02:21:28.358 24721 24932 W OneSignal: Failed last request. statusCode: -1
08-04 02:21:28.358 24721 24932 W OneSignal: response: null
08-04 02:21:28.460 24721 24733 I art     : Starting a blocking GC Explicit
08-04 02:21:28.477 24721 24733 I art     : Explicit concurrent mark sweep GC freed 1905(152KB) AllocSpace objects, 1(20KB) LOS objects, 25% free, 47MB/63MB, paused 212us total 16.370ms
08-04 02:21:28.486 24721 24733 I art     : Starting a blocking GC Explicit
08-04 02:21:28.498 24721 24733 I art     : Explicit concurrent mark sweep GC freed 30(1168B) AllocSpace objects, 0(0B) LOS objects, 25% free, 47MB/63MB, paused 161us total 12.252ms
08-04 02:21:28.504 24721 24733 I art     : Starting a blocking GC Explicit
08-04 02:21:28.516 24721 24733 I art     : Explicit concurrent mark sweep GC freed 3(96B) AllocSpace objects, 0(0B) LOS objects, 25% free, 47MB/63MB, paused 154us total 11.612ms
08-04 02:21:28.522 24721 24733 I art     : Starting a blocking GC Explicit
08-04 02:21:28.534 24721 24733 I art     : Explicit concurrent mark sweep GC freed 3(96B) AllocSpace objects, 0(0B) LOS objects, 25% free, 47MB/63MB, paused 153us total 11.947ms
08-04 02:21:28.540 24721 24733 I art     : Starting a blocking GC Explicit
08-04 02:21:28.552 24721 24733 I art     : Explicit concurrent mark sweep GC freed 3(96B) AllocSpace objects, 0(0B) LOS objects, 25% free, 47MB/63MB, paused 158us total 11.427ms
08-04 02:21:28.856 24721 24732 I art     : Starting a blocking GC Explicit
08-04 02:21:28.870 24721 24732 I art     : Explicit concurrent mark sweep GC freed 1339(78KB) AllocSpace objects, 1(20KB) LOS objects, 25% free, 47MB/63MB, paused 175us total 14.059ms
08-04 02:21:28.877 24721 24732 I art     : Starting a blocking GC Explicit
08-04 02:21:28.889 24721 24732 I art     : Explicit concurrent mark sweep GC freed 20(704B) AllocSpace objects, 0(0B) LOS objects, 25% free, 47MB/63MB, paused 158us total 12.476ms
08-04 02:21:28.895 24721 24732 I art     : Starting a blocking GC Explicit
08-04 02:21:28.906 24721 24732 I art     : Explicit concurrent mark sweep GC freed 3(96B) AllocSpace objects, 0(0B) LOS objects, 25% free, 47MB/63MB, paused 156us total 11.068ms
08-04 02:21:28.912 24721 24732 I art     : Starting a blocking GC Explicit
08-04 02:21:28.924 24721 24732 I art     : Explicit concurrent mark sweep GC freed 3(96B) AllocSpace objects, 0(0B) LOS objects, 25% free, 47MB/63MB, paused 153us total 11.228ms
08-04 02:21:28.929 24721 24732 I art     : Starting a blocking GC Explicit
08-04 02:21:28.939 24721 24732 I art     : Explicit concurrent mark sweep GC freed 3(96B) AllocSpace objects, 0(0B) LOS objects, 25% free, 47MB/63MB, paused 142us total 10.147ms
08-04 02:21:29.134 24949 24949 D AndroidRuntime: >>>>>> START com.android.internal.os.RuntimeInit uid 2000 <<<<<<
08-04 02:21:29.139 24949 24949 D AndroidRuntime: CheckJNI is OFF
08-04 02:21:29.164 24949 24949 D ICU     : No timezone override file found: /data/misc/zoneinfo/current/icu/icu_tzdata.dat
08-04 02:21:29.189 24949 24949 I Radio-JNI: register_android_hardware_Radio DONE
08-04 02:21:29.206 24949 24949 D AndroidRuntime: Calling main entry com.android.commands.input.Input
08-04 02:21:29.208 24949 24949 I Input   : injectMotionEvent: MotionEvent { action=ACTION_DOWN, actionButton=0, id[0]=0, x[0]=337.0, y[0]=1104.0, toolType[0]=TOOL_TYPE_UNKNOWN, buttonState=0, metaState=0, flags=0x0, edgeFlags=0x0, pointerCount=1, historySize=0, eventTime=670905620, downTime=670905620, deviceId=0, source=0x1002 }
08-04 02:21:29.212 24949 24949 I Input   : injectMotionEvent: MotionEvent { action=ACTION_UP, actionButton=0, id[0]=0, x[0]=337.0, y[0]=1104.0, toolType[0]=TOOL_TYPE_UNKNOWN, buttonState=0, metaState=0, flags=0x0, edgeFlags=0x0, pointerCount=1, historySize=0, eventTime=670905620, downTime=670905620, deviceId=0, source=0x1002 }
08-04 02:21:29.212 24721 24829 I art     : Starting a blocking GC Explicit
08-04 02:21:29.214   918  3714 I ActivityManager: START u0 {cmp=baseline.appteam.nith.hillffair/.activities.BattleDayActivity} from uid 10651 on display 0
08-04 02:21:29.219 24949 24949 D AndroidRuntime: Shutting down VM
08-04 02:21:29.227 24721 24829 I art     : Explicit concurrent mark sweep GC freed 1363(87KB) AllocSpace objects, 1(20KB) LOS objects, 25% free, 47MB/63MB, paused 765us total 13.440ms
08-04 02:21:29.233 24721 24829 I art     : Starting a blocking GC Explicit
08-04 02:21:29.246 24721 24829 I art     : Explicit concurrent mark sweep GC freed 760(77KB) AllocSpace objects, 0(0B) LOS objects, 24% free, 48MB/64MB, paused 667us total 13.338ms
08-04 02:21:29.253 24721 24829 I art     : Starting a blocking GC Explicit
08-04 02:21:29.273 24721 24829 I art     : Explicit concurrent mark sweep GC freed 2284(161KB) AllocSpace objects, 0(0B) LOS objects, 24% free, 48MB/64MB, paused 858us total 20.160ms
08-04 02:21:29.273 24721 24731 I art     : WaitForGcToComplete blocked for 20.342ms for cause HeapTrim
08-04 02:21:29.279 24721 24829 I art     : Starting a blocking GC Explicit
08-04 02:21:29.294 24721 24829 I art     : Explicit concurrent mark sweep GC freed 4441(243KB) AllocSpace objects, 0(0B) LOS objects, 24% free, 48MB/64MB, paused 261us total 14.608ms
08-04 02:21:29.300 24721 24829 I art     : Starting a blocking GC Explicit
08-04 02:21:29.312 24721 24829 I art     : Explicit concurrent mark sweep GC freed 110(11KB) AllocSpace objects, 0(0B) LOS objects, 24% free, 48MB/64MB, paused 217us total 11.745ms
08-04 02:21:29.325 13866 13866 I GoogleInputMethodServic: GoogleInputMethodService.onFinishInput():3138 
08-04 02:21:29.325 13866 13866 I GoogleInputMethodServic: GoogleInputMethodService.onStartInput():1808 
08-04 02:21:29.358   918   936 I ActivityManager: Displayed baseline.appteam.nith.hillffair/.activities.BattleDayActivity: +139ms
08-04 02:21:29.565 24721 24732 I art     : Starting a blocking GC Explicit
08-04 02:21:29.583 24721 24732 I art     : Explicit concurrent mark sweep GC freed 1591(94KB) AllocSpace objects, 1(20KB) LOS objects, 24% free, 48MB/64MB, paused 209us total 17.844ms
08-04 02:21:29.592 24721 24732 I art     : Starting a blocking GC Explicit
08-04 02:21:29.602   380   380 W SurfaceFlinger: couldn't log to binary event log: overflow.
08-04 02:21:29.609 24721 24732 I art     : Explicit concurrent mark sweep GC freed 34(1168B) AllocSpace objects, 0(0B) LOS objects, 24% free, 48MB/64MB, paused 199us total 16.542ms
08-04 02:21:29.616 24721 24732 I art     : Starting a blocking GC Explicit
08-04 02:21:29.628 24721 24732 I art     : Explicit concurrent mark sweep GC freed 3(96B) AllocSpace objects, 0(0B) LOS objects, 24% free, 48MB/64MB, paused 184us total 11.497ms
08-04 02:21:29.634 24721 24732 I art     : Starting a blocking GC Explicit
08-04 02:21:29.646 24721 24732 I art     : Explicit concurrent mark sweep GC freed 3(96B) AllocSpace objects, 0(0B) LOS objects, 24% free, 48MB/64MB, paused 185us total 11.887ms
08-04 02:21:29.652 24721 24732 I art     : Starting a blocking GC Explicit
08-04 02:21:29.663 24721 24732 I art     : Explicit concurrent mark sweep GC freed 3(96B) AllocSpace objects, 0(0B) LOS objects, 24% free, 48MB/64MB, paused 180us total 11.059ms
08-04 02:21:29.807 24721 24972 D OkHttp  : --> GET https://api-hillfair-2k16.herokuapp.com/api/app/events/special http/1.1
08-04 02:21:29.838 24721 24972 D OkHttp  : <-- 200 OK https://api-hillfair-2k16.herokuapp.com/api/app/events/special (30ms, 554-byte body)
08-04 02:21:29.887 24721 24721 I NAPPA_EXPERIMENTATION: MetricNetworkRequestExecutionTime: REQUEST_DURATION_SYSTEM='609',REQUEST_DURATION_OKHTTP='30',REQUEST_SYNCHRONOUS='FALSE',RESPONSE_CODE='200',RESPONSE_METHOD='GET',RESPONSE_LENGTH_OKHTTP='554',RESPONSE_LENGTH_HEADER='554',REQUEST_PROTOCOL='http/1.1',REQUEST_URL='https://api-hillfair-2k16.herokuapp.com/api/app/events/special',
08-04 02:21:29.923 24721 24733 I art     : Starting a blocking GC Explicit
08-04 02:21:29.941 24721 24733 I art     : Explicit concurrent mark sweep GC freed 5666(367KB) AllocSpace objects, 4(220KB) LOS objects, 24% free, 48MB/64MB, paused 776us total 17.927ms
08-04 02:21:29.947 24721 24733 I art     : Starting a blocking GC Explicit
08-04 02:21:29.960 24721 24733 I art     : Explicit concurrent mark sweep GC freed 1197(128KB) AllocSpace objects, 0(0B) LOS objects, 24% free, 48MB/64MB, paused 339us total 13.009ms
08-04 02:21:29.966 24721 24733 I art     : Starting a blocking GC Explicit
08-04 02:21:29.979 24721 24733 I art     : Explicit concurrent mark sweep GC freed 230(12KB) AllocSpace objects, 0(0B) LOS objects, 24% free, 48MB/64MB, paused 312us total 12.422ms
08-04 02:21:29.984 24721 24733 I art     : Starting a blocking GC Explicit
08-04 02:21:29.997 24721 24733 I art     : Explicit concurrent mark sweep GC freed 23(976B) AllocSpace objects, 0(0B) LOS objects, 24% free, 48MB/64MB, paused 291us total 12.419ms
08-04 02:21:30.002 24721 24733 I art     : Starting a blocking GC Explicit
08-04 02:21:30.015 24721 24733 I art     : Explicit concurrent mark sweep GC freed 3(96B) AllocSpace objects, 0(0B) LOS objects, 24% free, 48MB/64MB, paused 276us total 11.985ms
08-04 02:21:30.277 24721 24829 I art     : Starting a blocking GC Explicit
08-04 02:21:30.294 24721 24829 I art     : Explicit concurrent mark sweep GC freed 1342(78KB) AllocSpace objects, 1(20KB) LOS objects, 24% free, 48MB/64MB, paused 312us total 16.897ms
08-04 02:21:30.301 24721 24829 I art     : Starting a blocking GC Explicit
08-04 02:21:30.317 24721 24829 I art     : Explicit concurrent mark sweep GC freed 20(704B) AllocSpace objects, 0(0B) LOS objects, 24% free, 48MB/64MB, paused 302us total 14.871ms
08-04 02:21:30.323 24721 24829 I art     : Starting a blocking GC Explicit
08-04 02:21:30.338 24721 24829 I art     : Explicit concurrent mark sweep GC freed 3(96B) AllocSpace objects, 0(0B) LOS objects, 24% free, 48MB/64MB, paused 279us total 14.516ms
08-04 02:21:30.345 24721 24829 I art     : Starting a blocking GC Explicit
08-04 02:21:30.359 24721 24829 I art     : Explicit concurrent mark sweep GC freed 3(96B) AllocSpace objects, 0(0B) LOS objects, 24% free, 48MB/64MB, paused 287us total 14.465ms
08-04 02:21:30.366 24721 24829 I art     : Starting a blocking GC Explicit
08-04 02:21:30.380 24721 24829 I art     : Explicit concurrent mark sweep GC freed 3(96B) AllocSpace objects, 0(0B) LOS objects, 24% free, 48MB/64MB, paused 264us total 13.723ms
08-04 02:21:30.615 24721 24828 I art     : Starting a blocking GC Explicit
08-04 02:21:30.628 24721 24828 I art     : Explicit concurrent mark sweep GC freed 9524(568KB) AllocSpace objects, 1(20KB) LOS objects, 23% free, 52MB/68MB, paused 193us total 13.663ms
08-04 02:21:30.634 24721 24828 I art     : Starting a blocking GC Explicit
08-04 02:21:30.646 24721 24828 I art     : Explicit concurrent mark sweep GC freed 283(9KB) AllocSpace objects, 0(0B) LOS objects, 23% free, 52MB/68MB, paused 193us total 11.817ms
08-04 02:21:30.652 24721 24828 I art     : Starting a blocking GC Explicit
08-04 02:21:30.665 24721 24828 I art     : Explicit concurrent mark sweep GC freed 3(96B) AllocSpace objects, 0(0B) LOS objects, 23% free, 52MB/68MB, paused 208us total 12.514ms
08-04 02:21:30.671 24721 24828 I art     : Starting a blocking GC Explicit
08-04 02:21:30.685 24721 24828 I art     : Explicit concurrent mark sweep GC freed 3(96B) AllocSpace objects, 0(0B) LOS objects, 23% free, 52MB/68MB, paused 214us total 13.335ms
08-04 02:21:30.691 24721 24828 I art     : Starting a blocking GC Explicit
08-04 02:21:30.704 24721 24828 I art     : Explicit concurrent mark sweep GC freed 3(96B) AllocSpace objects, 0(0B) LOS objects, 23% free, 52MB/68MB, paused 212us total 13.301ms
08-04 02:21:31.021 24721 24829 I art     : Starting a blocking GC Explicit
08-04 02:21:31.042 24721 24829 I art     : Explicit concurrent mark sweep GC freed 1340(78KB) AllocSpace objects, 1(20KB) LOS objects, 23% free, 52MB/68MB, paused 257us total 20.672ms
08-04 02:21:31.053 24721 24829 I art     : Starting a blocking GC Explicit
08-04 02:21:31.069 24721 24829 I art     : Explicit concurrent mark sweep GC freed 20(704B) AllocSpace objects, 0(0B) LOS objects, 23% free, 52MB/68MB, paused 210us total 15.636ms
08-04 02:21:31.075 24721 24829 I art     : Starting a blocking GC Explicit
08-04 02:21:31.089 24721 24829 I art     : Explicit concurrent mark sweep GC freed 3(96B) AllocSpace objects, 0(0B) LOS objects, 23% free, 52MB/68MB, paused 205us total 14.037ms
08-04 02:21:31.096 24721 24829 I art     : Starting a blocking GC Explicit
08-04 02:21:31.110 24721 24829 I art     : Explicit concurrent mark sweep GC freed 3(96B) AllocSpace objects, 0(0B) LOS objects, 23% free, 52MB/68MB, paused 210us total 14.126ms
08-04 02:21:31.117 24721 24829 I art     : Starting a blocking GC Explicit
08-04 02:21:31.131 24721 24829 I art     : Explicit concurrent mark sweep GC freed 3(96B) AllocSpace objects, 0(0B) LOS objects, 23% free, 52MB/68MB, paused 216us total 13.841ms
08-04 02:21:31.246 18002 18002 I ServiceManager: Waiting for service AtCmdFwd...
08-04 02:21:31.455 24721 24732 I art     : Starting a blocking GC Explicit
08-04 02:21:31.476 24721 24732 I art     : Explicit concurrent mark sweep GC freed 1340(78KB) AllocSpace objects, 1(20KB) LOS objects, 23% free, 52MB/68MB, paused 250us total 20.287ms
08-04 02:21:31.486 24721 24732 I art     : Starting a blocking GC Explicit
08-04 02:21:31.504 24721 24732 I art     : Explicit concurrent mark sweep GC freed 20(704B) AllocSpace objects, 0(0B) LOS objects, 23% free, 52MB/68MB, paused 255us total 17.037ms
08-04 02:21:31.510 24721 24732 I art     : Starting a blocking GC Explicit
08-04 02:21:31.525 24721 24732 I art     : Explicit concurrent mark sweep GC freed 3(96B) AllocSpace objects, 0(0B) LOS objects, 23% free, 52MB/68MB, paused 206us total 13.960ms
08-04 02:21:31.531 24721 24732 I art     : Starting a blocking GC Explicit
08-04 02:21:31.545 24721 24732 I art     : Explicit concurrent mark sweep GC freed 3(96B) AllocSpace objects, 0(0B) LOS objects, 23% free, 52MB/68MB, paused 203us total 13.998ms
08-04 02:21:31.552 24721 24732 I art     : Starting a blocking GC Explicit
08-04 02:21:31.566 24721 24732 I art     : Explicit concurrent mark sweep GC freed 3(96B) AllocSpace objects, 0(0B) LOS objects, 23% free, 52MB/68MB, paused 214us total 13.944ms
08-04 02:21:31.902 24721 24733 I art     : Starting a blocking GC Explicit
08-04 02:21:31.928 24721 24733 I art     : Explicit concurrent mark sweep GC freed 1340(78KB) AllocSpace objects, 1(20KB) LOS objects, 23% free, 52MB/68MB, paused 353us total 25.612ms
08-04 02:21:31.940 24721 24733 I art     : Starting a blocking GC Explicit
08-04 02:21:31.955 24721 24733 I art     : Explicit concurrent mark sweep GC freed 20(704B) AllocSpace objects, 0(0B) LOS objects, 23% free, 52MB/68MB, paused 240us total 15.499ms
08-04 02:21:31.962 24721 24733 I art     : Starting a blocking GC Explicit
08-04 02:21:31.976 24721 24733 I art     : Explicit concurrent mark sweep GC freed 3(96B) AllocSpace objects, 0(0B) LOS objects, 23% free, 52MB/68MB, paused 213us total 13.646ms
08-04 02:21:31.982 24721 24733 I art     : Starting a blocking GC Explicit
08-04 02:21:31.996 24721 24733 I art     : Explicit concurrent mark sweep GC freed 3(96B) AllocSpace objects, 0(0B) LOS objects, 23% free, 52MB/68MB, paused 214us total 13.754ms
08-04 02:21:32.002 24721 24733 I art     : Starting a blocking GC Explicit
08-04 02:21:32.017 24721 24733 I art     : Explicit concurrent mark sweep GC freed 3(96B) AllocSpace objects, 0(0B) LOS objects, 23% free, 52MB/68MB, paused 257us total 14.001ms
08-04 02:21:32.247 18002 18002 I ServiceManager: Waiting for service AtCmdFwd...
08-04 02:21:32.342 24721 24828 I art     : Starting a blocking GC Explicit
08-04 02:21:32.363 24721 24828 I art     : Explicit concurrent mark sweep GC freed 1340(78KB) AllocSpace objects, 1(20KB) LOS objects, 23% free, 52MB/68MB, paused 271us total 20.901ms
08-04 02:21:32.374 24721 24828 I art     : Starting a blocking GC Explicit
08-04 02:21:32.392 24721 24828 I art     : Explicit concurrent mark sweep GC freed 20(704B) AllocSpace objects, 0(0B) LOS objects, 23% free, 52MB/68MB, paused 222us total 17.498ms
08-04 02:21:32.399 24721 24828 I art     : Starting a blocking GC Explicit
08-04 02:21:32.413 24721 24828 I art     : Explicit concurrent mark sweep GC freed 3(96B) AllocSpace objects, 0(0B) LOS objects, 23% free, 52MB/68MB, paused 225us total 14.247ms
08-04 02:21:32.420 24721 24828 I art     : Starting a blocking GC Explicit
08-04 02:21:32.434 24721 24828 I art     : Explicit concurrent mark sweep GC freed 3(96B) AllocSpace objects, 0(0B) LOS objects, 23% free, 52MB/68MB, paused 214us total 13.612ms
08-04 02:21:32.440 24721 24828 I art     : Starting a blocking GC Explicit
08-04 02:21:32.454 24721 24828 I art     : Explicit concurrent mark sweep GC freed 3(96B) AllocSpace objects, 0(0B) LOS objects, 23% free, 52MB/68MB, paused 216us total 13.427ms
08-04 02:21:32.751 24721 24829 I art     : Starting a blocking GC Explicit
08-04 02:21:32.768 24721 24829 I art     : Explicit concurrent mark sweep GC freed 1340(78KB) AllocSpace objects, 1(20KB) LOS objects, 23% free, 52MB/68MB, paused 241us total 16.222ms
08-04 02:21:32.778 24721 24829 I art     : Starting a blocking GC Explicit
08-04 02:21:32.797 24721 24829 I art     : Explicit concurrent mark sweep GC freed 20(704B) AllocSpace objects, 0(0B) LOS objects, 23% free, 52MB/68MB, paused 238us total 17.935ms
08-04 02:21:32.805 24721 24829 I art     : Starting a blocking GC Explicit
08-04 02:21:32.820 24721 24829 I art     : Explicit concurrent mark sweep GC freed 3(96B) AllocSpace objects, 0(0B) LOS objects, 23% free, 52MB/68MB, paused 215us total 14.460ms
08-04 02:21:32.827 24721 24829 I art     : Starting a blocking GC Explicit
08-04 02:21:32.841 24721 24829 I art     : Explicit concurrent mark sweep GC freed 3(96B) AllocSpace objects, 0(0B) LOS objects, 23% free, 52MB/68MB, paused 211us total 14.419ms
08-04 02:21:32.848 24721 24829 I art     : Starting a blocking GC Explicit
08-04 02:21:32.862 24721 24829 I art     : Explicit concurrent mark sweep GC freed 3(96B) AllocSpace objects, 0(0B) LOS objects, 23% free, 52MB/68MB, paused 215us total 14.068ms
08-04 02:21:33.173 24721 24732 I art     : Starting a blocking GC Explicit
08-04 02:21:33.194 24721 24732 I art     : Explicit concurrent mark sweep GC freed 1340(78KB) AllocSpace objects, 1(20KB) LOS objects, 23% free, 52MB/68MB, paused 245us total 19.840ms
08-04 02:21:33.204 24721 24732 I art     : Starting a blocking GC Explicit
08-04 02:21:33.222 24721 24732 I art     : Explicit concurrent mark sweep GC freed 20(704B) AllocSpace objects, 0(0B) LOS objects, 23% free, 52MB/68MB, paused 231us total 18.055ms
08-04 02:21:33.231 24721 24732 I art     : Starting a blocking GC Explicit
08-04 02:21:33.245 24721 24732 I art     : Explicit concurrent mark sweep GC freed 3(96B) AllocSpace objects, 0(0B) LOS objects, 23% free, 52MB/68MB, paused 203us total 14.013ms
08-04 02:21:33.247 18002 18002 I ServiceManager: Waiting for service AtCmdFwd...
08-04 02:21:33.252 24721 24732 I art     : Starting a blocking GC Explicit
08-04 02:21:33.266 24721 24732 I art     : Explicit concurrent mark sweep GC freed 3(96B) AllocSpace objects, 0(0B) LOS objects, 23% free, 52MB/68MB, paused 214us total 14.058ms
08-04 02:21:33.273 24721 24732 I art     : Starting a blocking GC Explicit
08-04 02:21:33.287 24721 24732 I art     : Explicit concurrent mark sweep GC freed 3(96B) AllocSpace objects, 0(0B) LOS objects, 23% free, 52MB/68MB, paused 227us total 14.085ms
08-04 02:21:33.582 24721 24733 I art     : Starting a blocking GC Explicit
08-04 02:21:33.602 24721 24733 I art     : Explicit concurrent mark sweep GC freed 1340(78KB) AllocSpace objects, 1(20KB) LOS objects, 23% free, 52MB/68MB, paused 266us total 19.332ms
08-04 02:21:33.612 24721 24733 I art     : Starting a blocking GC Explicit
08-04 02:21:33.627 24721 24733 I art     : Explicit concurrent mark sweep GC freed 20(704B) AllocSpace objects, 0(0B) LOS objects, 23% free, 52MB/68MB, paused 231us total 14.689ms
08-04 02:21:33.634 24721 24733 I art     : Starting a blocking GC Explicit
08-04 02:21:33.649 24721 24733 I art     : Explicit concurrent mark sweep GC freed 3(96B) AllocSpace objects, 0(0B) LOS objects, 23% free, 52MB/68MB, paused 219us total 14.355ms
08-04 02:21:33.656 24721 24733 I art     : Starting a blocking GC Explicit
08-04 02:21:33.670 24721 24733 I art     : Explicit concurrent mark sweep GC freed 3(96B) AllocSpace objects, 0(0B) LOS objects, 23% free, 52MB/68MB, paused 238us total 13.776ms
08-04 02:21:33.676 24721 24733 I art     : Starting a blocking GC Explicit
08-04 02:21:33.690 24721 24733 I art     : Explicit concurrent mark sweep GC freed 3(96B) AllocSpace objects, 0(0B) LOS objects, 23% free, 52MB/68MB, paused 216us total 13.786ms
08-04 02:21:34.008 24721 24828 I art     : Starting a blocking GC Explicit
08-04 02:21:34.029 24721 24828 I art     : Explicit concurrent mark sweep GC freed 1340(78KB) AllocSpace objects, 1(20KB) LOS objects, 23% free, 52MB/68MB, paused 261us total 20.095ms
08-04 02:21:34.039 24721 24828 I art     : Starting a blocking GC Explicit
08-04 02:21:34.055 24721 24828 I art     : Explicit concurrent mark sweep GC freed 20(704B) AllocSpace objects, 0(0B) LOS objects, 23% free, 52MB/68MB, paused 219us total 16.107ms
08-04 02:21:34.062 24721 24828 I art     : Starting a blocking GC Explicit
08-04 02:21:34.077 24721 24828 I art     : Explicit concurrent mark sweep GC freed 3(96B) AllocSpace objects, 0(0B) LOS objects, 23% free, 52MB/68MB, paused 254us total 14.649ms
08-04 02:21:34.084 24721 24828 I art     : Starting a blocking GC Explicit
08-04 02:21:34.098 24721 24828 I art     : Explicit concurrent mark sweep GC freed 3(96B) AllocSpace objects, 0(0B) LOS objects, 23% free, 52MB/68MB, paused 219us total 14.437ms
08-04 02:21:34.105 24721 24828 I art     : Starting a blocking GC Explicit
08-04 02:21:34.119 24721 24828 I art     : Explicit concurrent mark sweep GC freed 3(96B) AllocSpace objects, 0(0B) LOS objects, 23% free, 52MB/68MB, paused 219us total 14.006ms
08-04 02:21:34.156   918  3261 D WifiStateMachine: starting scan for "H369AA63323"WPA_PSK with 2412,5180
08-04 02:21:34.248 18002 18002 I ServiceManager: Waiting for service AtCmdFwd...
08-04 02:21:34.418 24721 24829 I art     : Starting a blocking GC Explicit
08-04 02:21:34.439 24721 24829 I art     : Explicit concurrent mark sweep GC freed 1340(78KB) AllocSpace objects, 1(20KB) LOS objects, 23% free, 52MB/68MB, paused 233us total 20.271ms
08-04 02:21:34.450 24721 24829 I art     : Starting a blocking GC Explicit
08-04 02:21:34.469 24721 24829 I art     : Explicit concurrent mark sweep GC freed 20(704B) AllocSpace objects, 0(0B) LOS objects, 23% free, 52MB/68MB, paused 358us total 18.654ms
08-04 02:21:34.479 24721 24829 I art     : Starting a blocking GC Explicit
08-04 02:21:34.493 24721 24829 I art     : Explicit concurrent mark sweep GC freed 3(96B) AllocSpace objects, 0(0B) LOS objects, 23% free, 52MB/68MB, paused 205us total 13.940ms
08-04 02:21:34.500 24721 24829 I art     : Starting a blocking GC Explicit
08-04 02:21:34.514 24721 24829 I art     : Explicit concurrent mark sweep GC freed 3(96B) AllocSpace objects, 0(0B) LOS objects, 23% free, 52MB/68MB, paused 209us total 14.109ms
08-04 02:21:34.521 24721 24829 I art     : Starting a blocking GC Explicit
08-04 02:21:34.535 24721 24829 I art     : Explicit concurrent mark sweep GC freed 3(96B) AllocSpace objects, 0(0B) LOS objects, 23% free, 52MB/68MB, paused 210us total 13.720ms
08-04 02:21:34.829 24721 24732 I art     : Starting a blocking GC Explicit
08-04 02:21:34.852 24721 24732 I art     : Explicit concurrent mark sweep GC freed 1340(78KB) AllocSpace objects, 1(20KB) LOS objects, 23% free, 52MB/68MB, paused 243us total 22.377ms
08-04 02:21:34.862 24721 24732 I art     : Starting a blocking GC Explicit
08-04 02:21:34.880 24721 24732 I art     : Explicit concurrent mark sweep GC freed 20(704B) AllocSpace objects, 0(0B) LOS objects, 23% free, 52MB/68MB, paused 215us total 17.328ms
08-04 02:21:34.886 24721 24732 I art     : Starting a blocking GC Explicit
08-04 02:21:34.901 24721 24732 I art     : Explicit concurrent mark sweep GC freed 3(96B) AllocSpace objects, 0(0B) LOS objects, 23% free, 52MB/68MB, paused 201us total 13.944ms
08-04 02:21:34.907 24721 24732 I art     : Starting a blocking GC Explicit
08-04 02:21:34.922 24721 24732 I art     : Explicit concurrent mark sweep GC freed 3(96B) AllocSpace objects, 0(0B) LOS objects, 23% free, 52MB/68MB, paused 199us total 14.213ms
08-04 02:21:34.928 24721 24732 I art     : Starting a blocking GC Explicit
08-04 02:21:34.942 24721 24732 I art     : Explicit concurrent mark sweep GC freed 3(96B) AllocSpace objects, 0(0B) LOS objects, 23% free, 52MB/68MB, paused 200us total 13.658ms
08-04 02:21:35.236 24721 24733 I art     : Starting a blocking GC Explicit
08-04 02:21:35.249 18002 18002 I ServiceManager: Waiting for service AtCmdFwd...
08-04 02:21:35.256 24721 24733 I art     : Explicit concurrent mark sweep GC freed 1340(78KB) AllocSpace objects, 1(20KB) LOS objects, 23% free, 52MB/68MB, paused 262us total 20.501ms
08-04 02:21:35.267 24721 24733 I art     : Starting a blocking GC Explicit
08-04 02:21:35.286 24721 24733 I art     : Explicit concurrent mark sweep GC freed 20(704B) AllocSpace objects, 0(0B) LOS objects, 23% free, 52MB/68MB, paused 249us total 18.090ms
08-04 02:21:35.294 24721 24733 I art     : Starting a blocking GC Explicit
08-04 02:21:35.308 24721 24733 I art     : Explicit concurrent mark sweep GC freed 3(96B) AllocSpace objects, 0(0B) LOS objects, 23% free, 52MB/68MB, paused 210us total 14.220ms
08-04 02:21:35.315 24721 24733 I art     : Starting a blocking GC Explicit
08-04 02:21:35.329 24721 24733 I art     : Explicit concurrent mark sweep GC freed 3(96B) AllocSpace objects, 0(0B) LOS objects, 23% free, 52MB/68MB, paused 212us total 14.218ms
08-04 02:21:35.336 24721 24733 I art     : Starting a blocking GC Explicit
08-04 02:21:35.350 24721 24733 I art     : Explicit concurrent mark sweep GC freed 3(96B) AllocSpace objects, 0(0B) LOS objects, 23% free, 52MB/68MB, paused 194us total 13.740ms
08-04 02:21:35.649 24721 24828 I art     : Starting a blocking GC Explicit
08-04 02:21:35.670 24721 24828 I art     : Explicit concurrent mark sweep GC freed 1340(78KB) AllocSpace objects, 1(20KB) LOS objects, 23% free, 52MB/68MB, paused 290us total 20.923ms
08-04 02:21:35.686 24721 24828 I art     : Starting a blocking GC Explicit
08-04 02:21:35.700 24721 24828 I art     : Explicit concurrent mark sweep GC freed 20(704B) AllocSpace objects, 0(0B) LOS objects, 23% free, 52MB/68MB, paused 223us total 14.231ms
08-04 02:21:35.707 24721 24828 I art     : Starting a blocking GC Explicit
08-04 02:21:35.721 24721 24828 I art     : Explicit concurrent mark sweep GC freed 3(96B) AllocSpace objects, 0(0B) LOS objects, 23% free, 52MB/68MB, paused 219us total 13.979ms
08-04 02:21:35.727 24721 24828 I art     : Starting a blocking GC Explicit
08-04 02:21:35.742 24721 24828 I art     : Explicit concurrent mark sweep GC freed 3(96B) AllocSpace objects, 0(0B) LOS objects, 23% free, 52MB/68MB, paused 213us total 14.197ms
08-04 02:21:35.748 24721 24828 I art     : Starting a blocking GC Explicit
08-04 02:21:35.762 24721 24828 I art     : Explicit concurrent mark sweep GC freed 3(96B) AllocSpace objects, 0(0B) LOS objects, 23% free, 52MB/68MB, paused 213us total 13.660ms
08-04 02:21:36.073 24721 24829 I art     : Starting a blocking GC Explicit
08-04 02:21:36.094 24721 24829 I art     : Explicit concurrent mark sweep GC freed 1340(78KB) AllocSpace objects, 1(20KB) LOS objects, 23% free, 52MB/68MB, paused 251us total 20.085ms
08-04 02:21:36.103 24721 24829 I art     : Starting a blocking GC Explicit
08-04 02:21:36.118 24721 24829 I art     : Explicit concurrent mark sweep GC freed 20(704B) AllocSpace objects, 0(0B) LOS objects, 23% free, 52MB/68MB, paused 213us total 14.607ms
08-04 02:21:36.124 24721 24829 I art     : Starting a blocking GC Explicit
08-04 02:21:36.139 24721 24829 I art     : Explicit concurrent mark sweep GC freed 3(96B) AllocSpace objects, 0(0B) LOS objects, 23% free, 52MB/68MB, paused 200us total 14.029ms
08-04 02:21:36.145 24721 24829 I art     : Starting a blocking GC Explicit
08-04 02:21:36.159 24721 24829 I art     : Explicit concurrent mark sweep GC freed 3(96B) AllocSpace objects, 0(0B) LOS objects, 23% free, 52MB/68MB, paused 223us total 14.102ms
08-04 02:21:36.166 24721 24829 I art     : Starting a blocking GC Explicit
08-04 02:21:36.181 24721 24829 I art     : Explicit concurrent mark sweep GC freed 3(96B) AllocSpace objects, 0(0B) LOS objects, 23% free, 52MB/68MB, paused 242us total 14.340ms
08-04 02:21:36.249 18002 18002 W Atfwd_Sendcmd: AtCmdFwd service not published, waiting... retryCnt : 1
08-04 02:21:36.489 24721 24732 I art     : Starting a blocking GC Explicit
08-04 02:21:36.512 24721 24732 I art     : Explicit concurrent mark sweep GC freed 1340(78KB) AllocSpace objects, 1(20KB) LOS objects, 23% free, 52MB/68MB, paused 287us total 23.052ms
08-04 02:21:36.523 24721 24732 I art     : Starting a blocking GC Explicit
08-04 02:21:36.537 24721 24732 I art     : Explicit concurrent mark sweep GC freed 20(704B) AllocSpace objects, 0(0B) LOS objects, 23% free, 52MB/68MB, paused 221us total 14.254ms
08-04 02:21:36.543 24721 24732 I art     : Starting a blocking GC Explicit
08-04 02:21:36.557 24721 24732 I art     : Explicit concurrent mark sweep GC freed 3(96B) AllocSpace objects, 0(0B) LOS objects, 23% free, 52MB/68MB, paused 203us total 13.824ms
08-04 02:21:36.564 24721 24732 I art     : Starting a blocking GC Explicit
08-04 02:21:36.578 24721 24732 I art     : Explicit concurrent mark sweep GC freed 3(96B) AllocSpace objects, 0(0B) LOS objects, 23% free, 52MB/68MB, paused 208us total 14.078ms
08-04 02:21:36.584 24721 24732 I art     : Starting a blocking GC Explicit
08-04 02:21:36.599 24721 24732 I art     : Explicit concurrent mark sweep GC freed 3(96B) AllocSpace objects, 0(0B) LOS objects, 23% free, 52MB/68MB, paused 204us total 14.139ms
08-04 02:21:36.892 24721 24733 I art     : Starting a blocking GC Explicit
08-04 02:21:36.912 24721 24733 I art     : Explicit concurrent mark sweep GC freed 1340(78KB) AllocSpace objects, 1(20KB) LOS objects, 23% free, 52MB/68MB, paused 258us total 20.027ms
08-04 02:21:36.921 24721 24733 I art     : Starting a blocking GC Explicit
08-04 02:21:36.936 24721 24733 I art     : Explicit concurrent mark sweep GC freed 20(704B) AllocSpace objects, 0(0B) LOS objects, 23% free, 52MB/68MB, paused 216us total 14.563ms
08-04 02:21:36.943 24721 24733 I art     : Starting a blocking GC Explicit
08-04 02:21:36.956 24721 24733 I art     : Explicit concurrent mark sweep GC freed 3(96B) AllocSpace objects, 0(0B) LOS objects, 23% free, 52MB/68MB, paused 227us total 13.474ms
08-04 02:21:36.963 24721 24733 I art     : Starting a blocking GC Explicit
08-04 02:21:36.977 24721 24733 I art     : Explicit concurrent mark sweep GC freed 3(96B) AllocSpace objects, 0(0B) LOS objects, 23% free, 52MB/68MB, paused 207us total 13.782ms
08-04 02:21:36.983 24721 24733 I art     : Starting a blocking GC Explicit
08-04 02:21:36.997 24721 24733 I art     : Explicit concurrent mark sweep GC freed 3(96B) AllocSpace objects, 0(0B) LOS objects, 23% free, 52MB/68MB, paused 226us total 13.816ms
08-04 02:21:37.313 24721 24828 I art     : Starting a blocking GC Explicit
08-04 02:21:37.334 24721 24828 I art     : Explicit concurrent mark sweep GC freed 1340(78KB) AllocSpace objects, 1(20KB) LOS objects, 23% free, 52MB/68MB, paused 266us total 20.346ms
08-04 02:21:37.342 24721 24828 I art     : Starting a blocking GC Explicit
08-04 02:21:37.357 24721 24828 I art     : Explicit concurrent mark sweep GC freed 20(704B) AllocSpace objects, 0(0B) LOS objects, 23% free, 52MB/68MB, paused 250us total 14.676ms
08-04 02:21:37.364 24721 24828 I art     : Starting a blocking GC Explicit
08-04 02:21:37.378 24721 24828 I art     : Explicit concurrent mark sweep GC freed 3(96B) AllocSpace objects, 0(0B) LOS objects, 23% free, 52MB/68MB, paused 208us total 14.215ms
08-04 02:21:37.384 24721 24828 I art     : Starting a blocking GC Explicit
08-04 02:21:37.399 24721 24828 I art     : Explicit concurrent mark sweep GC freed 3(96B) AllocSpace objects, 0(0B) LOS objects, 23% free, 52MB/68MB, paused 228us total 14.256ms
08-04 02:21:37.405 24721 24828 I art     : Starting a blocking GC Explicit
08-04 02:21:37.419 24721 24828 I art     : Explicit concurrent mark sweep GC freed 3(96B) AllocSpace objects, 0(0B) LOS objects, 23% free, 52MB/68MB, paused 231us total 13.666ms
08-04 02:21:37.664 24721 24829 I art     : Starting a blocking GC Explicit
08-04 02:21:37.678 24721 24829 I art     : Explicit concurrent mark sweep GC freed 1340(78KB) AllocSpace objects, 1(20KB) LOS objects, 23% free, 52MB/68MB, paused 217us total 14.084ms
08-04 02:21:37.684 24721 24829 I art     : Starting a blocking GC Explicit
08-04 02:21:37.698 24721 24829 I art     : Explicit concurrent mark sweep GC freed 20(704B) AllocSpace objects, 0(0B) LOS objects, 23% free, 52MB/68MB, paused 215us total 13.903ms
08-04 02:21:37.705 24721 24829 I art     : Starting a blocking GC Explicit
08-04 02:21:37.719 24721 24829 I art     : Explicit concurrent mark sweep GC freed 3(96B) AllocSpace objects, 0(0B) LOS objects, 23% free, 52MB/68MB, paused 209us total 13.636ms
08-04 02:21:37.725 24721 24829 I art     : Starting a blocking GC Explicit
08-04 02:21:37.739 24721 24829 I art     : Explicit concurrent mark sweep GC freed 3(96B) AllocSpace objects, 0(0B) LOS objects, 23% free, 52MB/68MB, paused 203us total 13.483ms
08-04 02:21:37.745 24721 24829 I art     : Starting a blocking GC Explicit
08-04 02:21:37.758 24721 24829 I art     : Explicit concurrent mark sweep GC freed 3(96B) AllocSpace objects, 0(0B) LOS objects, 23% free, 52MB/68MB, paused 204us total 13.073ms
08-04 02:21:37.830 25186 25186 D AndroidRuntime: >>>>>> START com.android.internal.os.RuntimeInit uid 2000 <<<<<<
08-04 02:21:37.836 25186 25186 D AndroidRuntime: CheckJNI is OFF
08-04 02:21:37.868 25186 25186 D ICU     : No timezone override file found: /data/misc/zoneinfo/current/icu/icu_tzdata.dat
08-04 02:21:37.899 25186 25186 I Radio-JNI: register_android_hardware_Radio DONE
08-04 02:21:37.915 25186 25186 D AndroidRuntime: Calling main entry com.android.commands.input.Input
08-04 02:21:37.917 25186 25186 I Input   : injectMotionEvent: MotionEvent { action=ACTION_DOWN, actionButton=0, id[0]=0, x[0]=733.0, y[0]=645.0, toolType[0]=TOOL_TYPE_UNKNOWN, buttonState=0, metaState=0, flags=0x0, edgeFlags=0x0, pointerCount=1, historySize=0, eventTime=670914330, downTime=670914330, deviceId=0, source=0x1002 }
08-04 02:21:37.923 25186 25186 I Input   : injectMotionEvent: MotionEvent { action=ACTION_UP, actionButton=0, id[0]=0, x[0]=733.0, y[0]=645.0, toolType[0]=TOOL_TYPE_UNKNOWN, buttonState=0, metaState=0, flags=0x0, edgeFlags=0x0, pointerCount=1, historySize=0, eventTime=670914330, downTime=670914330, deviceId=0, source=0x1002 }
08-04 02:21:37.924   918  3670 I ActivityManager: START u0 {cmp=baseline.appteam.nith.hillffair/.activities.ClubActivity (has extras)} from uid 10651 on display 0
08-04 02:21:37.931 25186 25186 D AndroidRuntime: Shutting down VM
08-04 02:21:38.003 24721 24733 I art     : Starting a blocking GC Explicit
08-04 02:21:38.014   918   936 I ActivityManager: Displayed baseline.appteam.nith.hillffair/.activities.ClubActivity: +82ms
08-04 02:21:38.017 13866 13866 I GoogleInputMethodServic: GoogleInputMethodService.onFinishInput():3138 
08-04 02:21:38.017 13866 13866 I GoogleInputMethodServic: GoogleInputMethodService.onStartInput():1808 
08-04 02:21:38.018 24721 24733 I art     : Explicit concurrent mark sweep GC freed 5179(322KB) AllocSpace objects, 1(20KB) LOS objects, 23% free, 52MB/68MB, paused 399us total 15.218ms
08-04 02:21:38.024 24721 24733 I art     : Starting a blocking GC Explicit
08-04 02:21:38.040 24721 24733 I art     : Explicit concurrent mark sweep GC freed 220(10KB) AllocSpace objects, 0(0B) LOS objects, 23% free, 52MB/68MB, paused 335us total 15.666ms
08-04 02:21:38.048 24721 24733 I art     : Starting a blocking GC Explicit
08-04 02:21:38.061 24721 24733 I art     : Explicit concurrent mark sweep GC freed 22(1088B) AllocSpace objects, 0(0B) LOS objects, 23% free, 52MB/68MB, paused 244us total 13.041ms
08-04 02:21:38.067 24721 24733 I art     : Starting a blocking GC Explicit
08-04 02:21:38.080 24721 24733 I art     : Explicit concurrent mark sweep GC freed 59(4KB) AllocSpace objects, 0(0B) LOS objects, 23% free, 52MB/68MB, paused 236us total 12.972ms
08-04 02:21:38.087 24721 24733 I art     : Starting a blocking GC Explicit
08-04 02:21:38.102 24721 24733 I art     : Explicit concurrent mark sweep GC freed 9(464B) AllocSpace objects, 0(0B) LOS objects, 23% free, 52MB/68MB, paused 242us total 15.135ms
08-04 02:21:38.262   380   380 W SurfaceFlinger: couldn't log to binary event log: overflow.
08-04 02:21:38.337 24721 24828 I art     : Starting a blocking GC Explicit
08-04 02:21:38.351 24721 24828 I art     : Explicit concurrent mark sweep GC freed 1343(78KB) AllocSpace objects, 1(20KB) LOS objects, 23% free, 52MB/68MB, paused 245us total 14.422ms
08-04 02:21:38.358 24721 24828 I art     : Starting a blocking GC Explicit
08-04 02:21:38.373 24721 24828 I art     : Explicit concurrent mark sweep GC freed 20(704B) AllocSpace objects, 0(0B) LOS objects, 23% free, 52MB/68MB, paused 272us total 14.332ms
08-04 02:21:38.380 24721 24828 I art     : Starting a blocking GC Explicit
08-04 02:21:38.397 24721 24828 I art     : Explicit concurrent mark sweep GC freed 111(6KB) AllocSpace objects, 0(0B) LOS objects, 23% free, 52MB/68MB, paused 417us total 17.053ms
08-04 02:21:38.405 24721 24828 I art     : Starting a blocking GC Explicit
08-04 02:21:38.419 24721 24828 I art     : Explicit concurrent mark sweep GC freed 20(1520B) AllocSpace objects, 0(0B) LOS objects, 23% free, 52MB/68MB, paused 249us total 13.509ms
08-04 02:21:38.426 24721 24828 I art     : Starting a blocking GC Explicit
08-04 02:21:38.440 24721 24828 I art     : Explicit concurrent mark sweep GC freed 8(288B) AllocSpace objects, 0(0B) LOS objects, 23% free, 52MB/68MB, paused 254us total 13.589ms
08-04 02:21:38.504 24721 25220 D OkHttp  : --> GET https://api-hillfair-2k16.herokuapp.com/api/app/events/special/event?id=5806551bdcba0f490c70fd1f http/1.1
08-04 02:21:38.534 24721 25220 D OkHttp  : <-- 200 OK https://api-hillfair-2k16.herokuapp.com/api/app/events/special/event?id=5806551bdcba0f490c70fd1f (30ms, 795-byte body)
08-04 02:21:38.597 24721 24721 I NAPPA_EXPERIMENTATION: MetricNetworkRequestExecutionTime: REQUEST_DURATION_SYSTEM='632',REQUEST_DURATION_OKHTTP='30',REQUEST_SYNCHRONOUS='FALSE',RESPONSE_CODE='200',RESPONSE_METHOD='GET',RESPONSE_LENGTH_OKHTTP='795',RESPONSE_LENGTH_HEADER='795',REQUEST_PROTOCOL='http/1.1',REQUEST_URL='https://api-hillfair-2k16.herokuapp.com/api/app/events/special/event?id=5806551bdcba0f490c70fd1f',
08-04 02:21:38.701 24721 24828 I art     : Starting a blocking GC Explicit
08-04 02:21:38.721 24721 24828 I art     : Explicit concurrent mark sweep GC freed 4805(339KB) AllocSpace objects, 4(220KB) LOS objects, 23% free, 52MB/68MB, paused 290us total 19.698ms
08-04 02:21:38.727 24721 24828 I art     : Starting a blocking GC Explicit
08-04 02:21:38.742 24721 24828 I art     : Explicit concurrent mark sweep GC freed 1038(119KB) AllocSpace objects, 0(0B) LOS objects, 23% free, 52MB/68MB, paused 249us total 14.718ms
08-04 02:21:38.749 24721 24828 I art     : Starting a blocking GC Explicit
08-04 02:21:38.764 24721 24828 I art     : Explicit concurrent mark sweep GC freed 3(96B) AllocSpace objects, 0(0B) LOS objects, 23% free, 52MB/68MB, paused 213us total 14.630ms
08-04 02:21:38.771 24721 24828 I art     : Starting a blocking GC Explicit
08-04 02:21:38.785 24721 24828 I art     : Explicit concurrent mark sweep GC freed 3(96B) AllocSpace objects, 0(0B) LOS objects, 23% free, 52MB/68MB, paused 226us total 14.495ms
08-04 02:21:38.791 24721 24828 I art     : Starting a blocking GC Explicit
08-04 02:21:38.805 24721 24828 I art     : Explicit concurrent mark sweep GC freed 3(96B) AllocSpace objects, 0(0B) LOS objects, 23% free, 52MB/68MB, paused 228us total 13.305ms
08-04 02:21:39.087 24721 24828 I art     : Starting a blocking GC Explicit
08-04 02:21:39.104 24721 24828 I art     : Explicit concurrent mark sweep GC freed 1342(78KB) AllocSpace objects, 1(20KB) LOS objects, 23% free, 52MB/68MB, paused 252us total 17.250ms
08-04 02:21:39.111 24721 24828 I art     : Starting a blocking GC Explicit
08-04 02:21:39.127 24721 24828 I art     : Explicit concurrent mark sweep GC freed 36(1264B) AllocSpace objects, 0(0B) LOS objects, 23% free, 52MB/68MB, paused 262us total 15.684ms
08-04 02:21:39.134 24721 24828 I art     : Starting a blocking GC Explicit
08-04 02:21:39.150 24721 24828 I art     : Explicit concurrent mark sweep GC freed 3(96B) AllocSpace objects, 0(0B) LOS objects, 23% free, 52MB/68MB, paused 239us total 15.523ms
08-04 02:21:39.156 24721 24828 I art     : Starting a blocking GC Explicit
08-04 02:21:39.172 24721 24828 I art     : Explicit concurrent mark sweep GC freed 3(96B) AllocSpace objects, 0(0B) LOS objects, 23% free, 52MB/68MB, paused 238us total 15.357ms
08-04 02:21:39.179 24721 24828 I art     : Starting a blocking GC Explicit
08-04 02:21:39.194 24721 24828 I art     : Explicit concurrent mark sweep GC freed 3(96B) AllocSpace objects, 0(0B) LOS objects, 23% free, 52MB/68MB, paused 305us total 15.248ms
08-04 02:21:39.484 24721 24732 I art     : Starting a blocking GC Explicit
08-04 02:21:39.509 24721 24732 I art     : Explicit concurrent mark sweep GC freed 1341(78KB) AllocSpace objects, 1(20KB) LOS objects, 23% free, 52MB/68MB, paused 245us total 25.081ms
08-04 02:21:39.516 24721 24732 I art     : Starting a blocking GC Explicit
08-04 02:21:39.532 24721 24732 I art     : Explicit concurrent mark sweep GC freed 20(704B) AllocSpace objects, 0(0B) LOS objects, 23% free, 52MB/68MB, paused 226us total 15.905ms
08-04 02:21:39.539 24721 24732 I art     : Starting a blocking GC Explicit
08-04 02:21:39.554 24721 24732 I art     : Explicit concurrent mark sweep GC freed 3(96B) AllocSpace objects, 0(0B) LOS objects, 23% free, 52MB/68MB, paused 214us total 14.725ms
08-04 02:21:39.561 24721 24732 I art     : Starting a blocking GC Explicit
08-04 02:21:39.576 24721 24732 I art     : Explicit concurrent mark sweep GC freed 3(96B) AllocSpace objects, 0(0B) LOS objects, 23% free, 52MB/68MB, paused 223us total 14.653ms
08-04 02:21:39.582 24721 24732 I art     : Starting a blocking GC Explicit
08-04 02:21:39.597 24721 24732 I art     : Explicit concurrent mark sweep GC freed 3(96B) AllocSpace objects, 0(0B) LOS objects, 23% free, 52MB/68MB, paused 315us total 14.552ms
08-04 02:21:39.914 24721 24829 I art     : Starting a blocking GC Explicit
08-04 02:21:39.934 24721 24829 I art     : Explicit concurrent mark sweep GC freed 1341(78KB) AllocSpace objects, 1(20KB) LOS objects, 23% free, 52MB/68MB, paused 263us total 19.554ms
08-04 02:21:39.944 24721 24829 I art     : Starting a blocking GC Explicit
08-04 02:21:39.959 24721 24829 I art     : Explicit concurrent mark sweep GC freed 20(704B) AllocSpace objects, 0(0B) LOS objects, 23% free, 52MB/68MB, paused 221us total 15.117ms
08-04 02:21:39.966 24721 24829 I art     : Starting a blocking GC Explicit
08-04 02:21:39.981 24721 24829 I art     : Explicit concurrent mark sweep GC freed 3(96B) AllocSpace objects, 0(0B) LOS objects, 23% free, 52MB/68MB, paused 242us total 14.610ms
08-04 02:21:39.988 24721 24829 I art     : Starting a blocking GC Explicit
08-04 02:21:40.003 24721 24829 I art     : Explicit concurrent mark sweep GC freed 3(96B) AllocSpace objects, 0(0B) LOS objects, 23% free, 52MB/68MB, paused 234us total 14.763ms
08-04 02:21:40.009 24721 24829 I art     : Starting a blocking GC Explicit
08-04 02:21:40.024 24721 24829 I art     : Explicit concurrent mark sweep GC freed 3(96B) AllocSpace objects, 0(0B) LOS objects, 23% free, 52MB/68MB, paused 222us total 14.708ms
08-04 02:21:40.331 24721 24733 I art     : Starting a blocking GC Explicit
08-04 02:21:40.355 24721 24733 I art     : Explicit concurrent mark sweep GC freed 1341(78KB) AllocSpace objects, 1(20KB) LOS objects, 23% free, 52MB/68MB, paused 289us total 23.946ms
08-04 02:21:40.366 24721 24733 I art     : Starting a blocking GC Explicit
08-04 02:21:40.382 24721 24733 I art     : Explicit concurrent mark sweep GC freed 20(704B) AllocSpace objects, 0(0B) LOS objects, 23% free, 52MB/68MB, paused 238us total 15.023ms
08-04 02:21:40.388 24721 24733 I art     : Starting a blocking GC Explicit
08-04 02:21:40.403 24721 24733 I art     : Explicit concurrent mark sweep GC freed 3(96B) AllocSpace objects, 0(0B) LOS objects, 23% free, 52MB/68MB, paused 252us total 14.949ms
08-04 02:21:40.410 24721 24733 I art     : Starting a blocking GC Explicit
08-04 02:21:40.425 24721 24733 I art     : Explicit concurrent mark sweep GC freed 3(96B) AllocSpace objects, 0(0B) LOS objects, 23% free, 52MB/68MB, paused 234us total 14.977ms
08-04 02:21:40.432 24721 24733 I art     : Starting a blocking GC Explicit
08-04 02:21:40.447 24721 24733 I art     : Explicit concurrent mark sweep GC freed 3(96B) AllocSpace objects, 0(0B) LOS objects, 23% free, 52MB/68MB, paused 251us total 14.857ms
08-04 02:21:40.755 24721 24828 I art     : Starting a blocking GC Explicit
08-04 02:21:40.783 24721 24828 I art     : Explicit concurrent mark sweep GC freed 1341(78KB) AllocSpace objects, 1(20KB) LOS objects, 23% free, 52MB/68MB, paused 361us total 27.612ms
08-04 02:21:40.795 24721 24828 I art     : Starting a blocking GC Explicit
08-04 02:21:40.809 24721 24828 I art     : Explicit concurrent mark sweep GC freed 20(704B) AllocSpace objects, 0(0B) LOS objects, 23% free, 52MB/68MB, paused 232us total 14.467ms
08-04 02:21:40.815 24721 24828 I art     : Starting a blocking GC Explicit
08-04 02:21:40.830 24721 24828 I art     : Explicit concurrent mark sweep GC freed 3(96B) AllocSpace objects, 0(0B) LOS objects, 23% free, 52MB/68MB, paused 225us total 14.200ms
08-04 02:21:40.836 24721 24828 I art     : Starting a blocking GC Explicit
08-04 02:21:40.851 24721 24828 I art     : Explicit concurrent mark sweep GC freed 3(96B) AllocSpace objects, 0(0B) LOS objects, 23% free, 52MB/68MB, paused 230us total 14.952ms
08-04 02:21:40.858 24721 24828 I art     : Starting a blocking GC Explicit
08-04 02:21:40.872 24721 24828 I art     : Explicit concurrent mark sweep GC freed 3(96B) AllocSpace objects, 0(0B) LOS objects, 23% free, 52MB/68MB, paused 231us total 14.585ms
08-04 02:21:41.163 24721 24732 I art     : Starting a blocking GC Explicit
08-04 02:21:41.185 24721 24732 I art     : Explicit concurrent mark sweep GC freed 1341(78KB) AllocSpace objects, 1(20KB) LOS objects, 23% free, 52MB/68MB, paused 270us total 21.189ms
08-04 02:21:41.194 24721 24732 I art     : Starting a blocking GC Explicit
08-04 02:21:41.210 24721 24732 I art     : Explicit concurrent mark sweep GC freed 20(704B) AllocSpace objects, 0(0B) LOS objects, 23% free, 52MB/68MB, paused 236us total 15.612ms
08-04 02:21:41.217 24721 24732 I art     : Starting a blocking GC Explicit
08-04 02:21:41.232 24721 24732 I art     : Explicit concurrent mark sweep GC freed 3(96B) AllocSpace objects, 0(0B) LOS objects, 23% free, 52MB/68MB, paused 218us total 14.739ms
08-04 02:21:41.238 24721 24732 I art     : Starting a blocking GC Explicit
08-04 02:21:41.250 18002 18002 I ServiceManager: Waiting for service AtCmdFwd...
08-04 02:21:41.253 24721 24732 I art     : Explicit concurrent mark sweep GC freed 3(96B) AllocSpace objects, 0(0B) LOS objects, 23% free, 52MB/68MB, paused 221us total 14.547ms
08-04 02:21:41.259 24721 24732 I art     : Starting a blocking GC Explicit
08-04 02:21:41.274 24721 24732 I art     : Explicit concurrent mark sweep GC freed 3(96B) AllocSpace objects, 0(0B) LOS objects, 23% free, 52MB/68MB, paused 220us total 14.502ms
08-04 02:21:41.586 24721 24829 I art     : Starting a blocking GC Explicit
08-04 02:21:41.608 24721 24829 I art     : Explicit concurrent mark sweep GC freed 1341(78KB) AllocSpace objects, 1(20KB) LOS objects, 23% free, 52MB/68MB, paused 301us total 21.680ms
08-04 02:21:41.619 24721 24829 I art     : Starting a blocking GC Explicit
08-04 02:21:41.634 24721 24829 I art     : Explicit concurrent mark sweep GC freed 20(704B) AllocSpace objects, 0(0B) LOS objects, 23% free, 52MB/68MB, paused 227us total 15.201ms
08-04 02:21:41.641 24721 24829 I art     : Starting a blocking GC Explicit
08-04 02:21:41.656 24721 24829 I art     : Explicit concurrent mark sweep GC freed 3(96B) AllocSpace objects, 0(0B) LOS objects, 23% free, 52MB/68MB, paused 226us total 14.942ms
08-04 02:21:41.663 24721 24829 I art     : Starting a blocking GC Explicit
08-04 02:21:41.678 24721 24829 I art     : Explicit concurrent mark sweep GC freed 3(96B) AllocSpace objects, 0(0B) LOS objects, 23% free, 52MB/68MB, paused 224us total 15.015ms
08-04 02:21:41.685 24721 24829 I art     : Starting a blocking GC Explicit
08-04 02:21:41.700 24721 24829 I art     : Explicit concurrent mark sweep GC freed 3(96B) AllocSpace objects, 0(0B) LOS objects, 23% free, 52MB/68MB, paused 219us total 15.023ms
08-04 02:21:42.012 24721 24733 I art     : Starting a blocking GC Explicit
08-04 02:21:42.030 24721 24733 I art     : Explicit concurrent mark sweep GC freed 1341(78KB) AllocSpace objects, 1(20KB) LOS objects, 23% free, 52MB/68MB, paused 255us total 17.141ms
08-04 02:21:42.037 24721 24733 I art     : Starting a blocking GC Explicit
08-04 02:21:42.053 24721 24733 I art     : Explicit concurrent mark sweep GC freed 20(704B) AllocSpace objects, 0(0B) LOS objects, 23% free, 52MB/68MB, paused 241us total 15.651ms
08-04 02:21:42.060 24721 24733 I art     : Starting a blocking GC Explicit
08-04 02:21:42.067   918 13198 D NetlinkSocketObserver: NeighborEvent{elapsedMs=1654305942, 192.168.2.254, [7C3953A63323], RTM_NEWNEIGH, NUD_STALE}
08-04 02:21:42.075 24721 24733 I art     : Explicit concurrent mark sweep GC freed 3(96B) AllocSpace objects, 0(0B) LOS objects, 23% free, 52MB/68MB, paused 229us total 14.967ms
08-04 02:21:42.081 24721 24733 I art     : Starting a blocking GC Explicit
08-04 02:21:42.096 24721 24733 I art     : Explicit concurrent mark sweep GC freed 3(96B) AllocSpace objects, 0(0B) LOS objects, 23% free, 52MB/68MB, paused 229us total 14.698ms
08-04 02:21:42.103 24721 24733 I art     : Starting a blocking GC Explicit
08-04 02:21:42.118 24721 24733 I art     : Explicit concurrent mark sweep GC freed 3(96B) AllocSpace objects, 0(0B) LOS objects, 23% free, 52MB/68MB, paused 264us total 14.656ms
08-04 02:21:42.251 18002 18002 I ServiceManager: Waiting for service AtCmdFwd...
08-04 02:21:42.434 24721 24828 I art     : Starting a blocking GC Explicit
08-04 02:21:42.459 24721 24828 I art     : Explicit concurrent mark sweep GC freed 1341(78KB) AllocSpace objects, 1(20KB) LOS objects, 23% free, 52MB/68MB, paused 283us total 24.771ms
08-04 02:21:42.470 24721 24828 I art     : Starting a blocking GC Explicit
08-04 02:21:42.486 24721 24828 I art     : Explicit concurrent mark sweep GC freed 20(704B) AllocSpace objects, 0(0B) LOS objects, 23% free, 52MB/68MB, paused 272us total 16.335ms
08-04 02:21:42.493 24721 24828 I art     : Starting a blocking GC Explicit
08-04 02:21:42.509 24721 24828 I art     : Explicit concurrent mark sweep GC freed 3(96B) AllocSpace objects, 0(0B) LOS objects, 23% free, 52MB/68MB, paused 234us total 15.304ms
08-04 02:21:42.515 24721 24828 I art     : Starting a blocking GC Explicit
08-04 02:21:42.531 24721 24828 I art     : Explicit concurrent mark sweep GC freed 3(96B) AllocSpace objects, 0(0B) LOS objects, 23% free, 52MB/68MB, paused 218us total 15.191ms
08-04 02:21:42.537 24721 24828 I art     : Starting a blocking GC Explicit
08-04 02:21:42.552 24721 24828 I art     : Explicit concurrent mark sweep GC freed 3(96B) AllocSpace objects, 0(0B) LOS objects, 23% free, 52MB/68MB, paused 226us total 14.672ms
08-04 02:21:42.869 24721 24732 I art     : Starting a blocking GC Explicit
08-04 02:21:42.889 24721 24732 I art     : Explicit concurrent mark sweep GC freed 1341(78KB) AllocSpace objects, 1(20KB) LOS objects, 23% free, 52MB/68MB, paused 276us total 20.059ms
08-04 02:21:42.900 24721 24732 I art     : Starting a blocking GC Explicit
08-04 02:21:42.916 24721 24732 I art     : Explicit concurrent mark sweep GC freed 20(704B) AllocSpace objects, 0(0B) LOS objects, 23% free, 52MB/68MB, paused 226us total 15.461ms
08-04 02:21:42.923 24721 24732 I art     : Starting a blocking GC Explicit
08-04 02:21:42.938 24721 24732 I art     : Explicit concurrent mark sweep GC freed 3(96B) AllocSpace objects, 0(0B) LOS objects, 23% free, 52MB/68MB, paused 248us total 15.541ms
08-04 02:21:42.945 24721 24732 I art     : Starting a blocking GC Explicit
08-04 02:21:42.961 24721 24732 I art     : Explicit concurrent mark sweep GC freed 3(96B) AllocSpace objects, 0(0B) LOS objects, 23% free, 52MB/68MB, paused 214us total 14.894ms
08-04 02:21:42.967 24721 24732 I art     : Starting a blocking GC Explicit
08-04 02:21:42.982 24721 24732 I art     : Explicit concurrent mark sweep GC freed 3(96B) AllocSpace objects, 0(0B) LOS objects, 23% free, 52MB/68MB, paused 220us total 14.790ms
08-04 02:21:43.252 18002 18002 I ServiceManager: Waiting for service AtCmdFwd...
08-04 02:21:43.263 24721 24829 I art     : Starting a blocking GC Explicit
08-04 02:21:43.287 24721 24829 I art     : Explicit concurrent mark sweep GC freed 1341(78KB) AllocSpace objects, 1(20KB) LOS objects, 23% free, 52MB/68MB, paused 330us total 23.565ms
08-04 02:21:43.294 24721 24829 I art     : Starting a blocking GC Explicit
08-04 02:21:43.310 24721 24829 I art     : Explicit concurrent mark sweep GC freed 20(704B) AllocSpace objects, 0(0B) LOS objects, 23% free, 52MB/68MB, paused 224us total 15.750ms
08-04 02:21:43.317 24721 24829 I art     : Starting a blocking GC Explicit
08-04 02:21:43.332 24721 24829 I art     : Explicit concurrent mark sweep GC freed 3(96B) AllocSpace objects, 0(0B) LOS objects, 23% free, 52MB/68MB, paused 223us total 15.109ms
08-04 02:21:43.339 24721 24829 I art     : Starting a blocking GC Explicit
08-04 02:21:43.354 24721 24829 I art     : Explicit concurrent mark sweep GC freed 3(96B) AllocSpace objects, 0(0B) LOS objects, 23% free, 52MB/68MB, paused 218us total 14.839ms
08-04 02:21:43.360 24721 24829 I art     : Starting a blocking GC Explicit
08-04 02:21:43.376 24721 24829 I art     : Explicit concurrent mark sweep GC freed 45(4KB) AllocSpace objects, 0(0B) LOS objects, 23% free, 52MB/68MB, paused 1.468ms total 15.940ms
08-04 02:21:43.622 24721 25356 W OneSignal: OneSignalRestClient: POST Error thrown from network stack. 
08-04 02:21:43.622 24721 25356 W OneSignal: java.io.IOException: unexpected end of stream on Connection{api.onesignal.com:443, proxy=HTTP@192.168.2.12:8080 hostAddress=192.168.2.12 cipherSuite=TLS_ECDHE_RSA_WITH_AES_128_GCM_SHA256 protocol=http/1.1} (recycle count=0)
08-04 02:21:43.622 24721 25356 W OneSignal: 	at com.android.okhttp.internal.http.HttpConnection.readResponse(HttpConnection.java:210)
08-04 02:21:43.622 24721 25356 W OneSignal: 	at com.android.okhttp.internal.http.HttpTransport.readResponseHeaders(HttpTransport.java:80)
08-04 02:21:43.622 24721 25356 W OneSignal: 	at com.android.okhttp.internal.http.HttpEngine.readNetworkResponse(HttpEngine.java:904)
08-04 02:21:43.622 24721 25356 W OneSignal: 	at com.android.okhttp.internal.http.HttpEngine.readResponse(HttpEngine.java:788)
08-04 02:21:43.622 24721 25356 W OneSignal: 	at com.android.okhttp.internal.huc.HttpURLConnectionImpl.execute(HttpURLConnectionImpl.java:439)
08-04 02:21:43.622 24721 25356 W OneSignal: 	at com.android.okhttp.internal.huc.HttpURLConnectionImpl.getResponse(HttpURLConnectionImpl.java:384)
08-04 02:21:43.622 24721 25356 W OneSignal: 	at com.android.okhttp.internal.huc.HttpURLConnectionImpl.getResponseCode(HttpURLConnectionImpl.java:497)
08-04 02:21:43.622 24721 25356 W OneSignal: 	at com.android.okhttp.internal.huc.DelegatingHttpsURLConnection.getResponseCode(DelegatingHttpsURLConnection.java:105)
08-04 02:21:43.622 24721 25356 W OneSignal: 	at com.android.okhttp.internal.huc.HttpsURLConnectionImpl.getResponseCode(HttpsURLConnectionImpl.java)
08-04 02:21:43.622 24721 25356 W OneSignal: 	at com.onesignal.OneSignalRestClient.startHTTPConnection(OneSignalRestClient.java:180)
08-04 02:21:43.622 24721 25356 W OneSignal: 	at com.onesignal.OneSignalRestClient.access$100(OneSignalRestClient.java:44)
08-04 02:21:43.622 24721 25356 W OneSignal: 	at com.onesignal.OneSignalRestClient$4.run(OneSignalRestClient.java:110)
08-04 02:21:43.622 24721 25356 W OneSignal: 	at java.lang.Thread.run(Thread.java:818)
08-04 02:21:43.622 24721 25356 W OneSignal: Caused by: java.io.EOFException: \n not found: size=0 content=...
08-04 02:21:43.622 24721 25356 W OneSignal: 	at com.android.okhttp.okio.RealBufferedSource.readUtf8LineStrict(RealBufferedSource.java:200)
08-04 02:21:43.622 24721 25356 W OneSignal: 	at com.android.okhttp.internal.http.HttpConnection.readResponse(HttpConnection.java:191)
08-04 02:21:43.622 24721 25356 W OneSignal: 	... 12 more
08-04 02:21:43.624 24721 25367 W OneSignal: Failed last request. statusCode: -1
08-04 02:21:43.624 24721 25367 W OneSignal: response: null
08-04 02:21:43.683 24721 24733 I art     : Starting a blocking GC Explicit
08-04 02:21:43.702 24721 24733 I art     : Explicit concurrent mark sweep GC freed 3870(238KB) AllocSpace objects, 1(20KB) LOS objects, 23% free, 52MB/68MB, paused 298us total 18.344ms
08-04 02:21:43.709 24721 24733 I art     : Starting a blocking GC Explicit
08-04 02:21:43.725 24721 24733 I art     : Explicit concurrent mark sweep GC freed 73(2704B) AllocSpace objects, 0(0B) LOS objects, 23% free, 52MB/68MB, paused 238us total 15.725ms
08-04 02:21:43.732 24721 24733 I art     : Starting a blocking GC Explicit
08-04 02:21:43.747 24721 24733 I art     : Explicit concurrent mark sweep GC freed 3(96B) AllocSpace objects, 0(0B) LOS objects, 23% free, 52MB/68MB, paused 249us total 15.298ms
08-04 02:21:43.754 24721 24733 I art     : Starting a blocking GC Explicit
08-04 02:21:43.769 24721 24733 I art     : Explicit concurrent mark sweep GC freed 3(96B) AllocSpace objects, 0(0B) LOS objects, 23% free, 52MB/68MB, paused 234us total 15.029ms
08-04 02:21:43.776 24721 24733 I art     : Starting a blocking GC Explicit
08-04 02:21:43.791 24721 24733 I art     : Explicit concurrent mark sweep GC freed 3(96B) AllocSpace objects, 0(0B) LOS objects, 23% free, 52MB/68MB, paused 232us total 15.127ms
08-04 02:21:44.093 24721 24828 I art     : Starting a blocking GC Explicit
08-04 02:21:44.113 24721 24828 I art     : Explicit concurrent mark sweep GC freed 1341(78KB) AllocSpace objects, 1(20KB) LOS objects, 23% free, 52MB/68MB, paused 274us total 20.291ms
08-04 02:21:44.123 24721 24828 I art     : Starting a blocking GC Explicit
08-04 02:21:44.139 24721 24828 I art     : Explicit concurrent mark sweep GC freed 20(704B) AllocSpace objects, 0(0B) LOS objects, 23% free, 52MB/68MB, paused 237us total 15.637ms
08-04 02:21:44.146 24721 24828 I art     : Starting a blocking GC Explicit
08-04 02:21:44.161 24721 24828 I art     : Explicit concurrent mark sweep GC freed 3(96B) AllocSpace objects, 0(0B) LOS objects, 23% free, 52MB/68MB, paused 241us total 15.356ms
08-04 02:21:44.168 24721 24828 I art     : Starting a blocking GC Explicit
08-04 02:21:44.183 24721 24828 I art     : Explicit concurrent mark sweep GC freed 3(96B) AllocSpace objects, 0(0B) LOS objects, 23% free, 52MB/68MB, paused 252us total 14.929ms
08-04 02:21:44.190 24721 24828 I art     : Starting a blocking GC Explicit
08-04 02:21:44.205 24721 24828 I art     : Explicit concurrent mark sweep GC freed 3(96B) AllocSpace objects, 0(0B) LOS objects, 23% free, 52MB/68MB, paused 241us total 14.903ms
08-04 02:21:44.254 18002 18002 I ServiceManager: Waiting for service AtCmdFwd...
08-04 02:21:44.525 24721 24732 I art     : Starting a blocking GC Explicit
08-04 02:21:44.547 24721 24732 I art     : Explicit concurrent mark sweep GC freed 1341(78KB) AllocSpace objects, 1(20KB) LOS objects, 23% free, 52MB/68MB, paused 261us total 21.408ms
08-04 02:21:44.556 24721 24732 I art     : Starting a blocking GC Explicit
08-04 02:21:44.572 24721 24732 I art     : Explicit concurrent mark sweep GC freed 20(704B) AllocSpace objects, 0(0B) LOS objects, 23% free, 52MB/68MB, paused 225us total 15.517ms
08-04 02:21:44.579 24721 24732 I art     : Starting a blocking GC Explicit
08-04 02:21:44.594 24721 24732 I art     : Explicit concurrent mark sweep GC freed 3(96B) AllocSpace objects, 0(0B) LOS objects, 23% free, 52MB/68MB, paused 225us total 15.390ms
08-04 02:21:44.601 24721 24732 I art     : Starting a blocking GC Explicit
08-04 02:21:44.616 24721 24732 I art     : Explicit concurrent mark sweep GC freed 3(96B) AllocSpace objects, 0(0B) LOS objects, 23% free, 52MB/68MB, paused 223us total 14.791ms
08-04 02:21:44.623 24721 24732 I art     : Starting a blocking GC Explicit
08-04 02:21:44.638 24721 24732 I art     : Explicit concurrent mark sweep GC freed 3(96B) AllocSpace objects, 0(0B) LOS objects, 23% free, 52MB/68MB, paused 234us total 15.018ms
08-04 02:21:44.933 24721 24829 I art     : Starting a blocking GC Explicit
08-04 02:21:44.954 24721 24829 I art     : Explicit concurrent mark sweep GC freed 1341(78KB) AllocSpace objects, 1(20KB) LOS objects, 23% free, 52MB/68MB, paused 262us total 21.069ms
08-04 02:21:44.966 24721 24829 I art     : Starting a blocking GC Explicit
08-04 02:21:44.985 24721 24829 I art     : Explicit concurrent mark sweep GC freed 20(704B) AllocSpace objects, 0(0B) LOS objects, 23% free, 52MB/68MB, paused 238us total 18.865ms
08-04 02:21:44.992 24721 24829 I art     : Starting a blocking GC Explicit
08-04 02:21:45.007 24721 24829 I art     : Explicit concurrent mark sweep GC freed 3(96B) AllocSpace objects, 0(0B) LOS objects, 23% free, 52MB/68MB, paused 255us total 15.124ms
08-04 02:21:45.014 24721 24829 I art     : Starting a blocking GC Explicit
08-04 02:21:45.029 24721 24829 I art     : Explicit concurrent mark sweep GC freed 3(96B) AllocSpace objects, 0(0B) LOS objects, 23% free, 52MB/68MB, paused 280us total 15.145ms
08-04 02:21:45.036 24721 24829 I art     : Starting a blocking GC Explicit
08-04 02:21:45.051 24721 24829 I art     : Explicit concurrent mark sweep GC freed 3(96B) AllocSpace objects, 0(0B) LOS objects, 23% free, 52MB/68MB, paused 224us total 14.810ms
08-04 02:21:45.254 18002 18002 I ServiceManager: Waiting for service AtCmdFwd...
08-04 02:21:45.344 24721 24733 I art     : Starting a blocking GC Explicit
08-04 02:21:45.361 24721 24733 I art     : Explicit concurrent mark sweep GC freed 1341(78KB) AllocSpace objects, 1(20KB) LOS objects, 23% free, 52MB/68MB, paused 253us total 17.388ms
08-04 02:21:45.368 24721 24733 I art     : Starting a blocking GC Explicit
08-04 02:21:45.384 24721 24733 I art     : Explicit concurrent mark sweep GC freed 20(704B) AllocSpace objects, 0(0B) LOS objects, 23% free, 52MB/68MB, paused 323us total 15.558ms
08-04 02:21:45.391 24721 24733 I art     : Starting a blocking GC Explicit
08-04 02:21:45.406 24721 24733 I art     : Explicit concurrent mark sweep GC freed 3(96B) AllocSpace objects, 0(0B) LOS objects, 23% free, 52MB/68MB, paused 234us total 15.170ms
08-04 02:21:45.413 24721 24733 I art     : Starting a blocking GC Explicit
08-04 02:21:45.428 24721 24733 I art     : Explicit concurrent mark sweep GC freed 3(96B) AllocSpace objects, 0(0B) LOS objects, 23% free, 52MB/68MB, paused 250us total 14.692ms
08-04 02:21:45.435 24721 24733 I art     : Starting a blocking GC Explicit
08-04 02:21:45.450 24721 24733 I art     : Explicit concurrent mark sweep GC freed 3(96B) AllocSpace objects, 0(0B) LOS objects, 23% free, 52MB/68MB, paused 238us total 15.371ms
08-04 02:21:45.754 24721 24828 I art     : Starting a blocking GC Explicit
08-04 02:21:45.775 24721 24828 I art     : Explicit concurrent mark sweep GC freed 1341(78KB) AllocSpace objects, 1(20KB) LOS objects, 23% free, 52MB/68MB, paused 258us total 21.064ms
08-04 02:21:45.782 24721 24828 I art     : Starting a blocking GC Explicit
08-04 02:21:45.798 24721 24828 I art     : Explicit concurrent mark sweep GC freed 20(704B) AllocSpace objects, 0(0B) LOS objects, 23% free, 52MB/68MB, paused 242us total 15.684ms
08-04 02:21:45.805 24721 24828 I art     : Starting a blocking GC Explicit
08-04 02:21:45.820 24721 24828 I art     : Explicit concurrent mark sweep GC freed 3(96B) AllocSpace objects, 0(0B) LOS objects, 23% free, 52MB/68MB, paused 232us total 14.628ms
08-04 02:21:45.826 24721 24828 I art     : Starting a blocking GC Explicit
08-04 02:21:45.841 24721 24828 I art     : Explicit concurrent mark sweep GC freed 3(96B) AllocSpace objects, 0(0B) LOS objects, 23% free, 52MB/68MB, paused 235us total 14.617ms
08-04 02:21:45.848 24721 24828 I art     : Starting a blocking GC Explicit
08-04 02:21:45.862 24721 24828 I art     : Explicit concurrent mark sweep GC freed 3(96B) AllocSpace objects, 0(0B) LOS objects, 23% free, 52MB/68MB, paused 230us total 14.643ms
08-04 02:21:46.166 24721 24732 I art     : Starting a blocking GC Explicit
08-04 02:21:46.187 24721 24732 I art     : Explicit concurrent mark sweep GC freed 1341(78KB) AllocSpace objects, 1(20KB) LOS objects, 23% free, 52MB/68MB, paused 270us total 21.162ms
08-04 02:21:46.198 24721 24732 I art     : Starting a blocking GC Explicit
08-04 02:21:46.213 24721 24732 I art     : Explicit concurrent mark sweep GC freed 20(704B) AllocSpace objects, 0(0B) LOS objects, 23% free, 52MB/68MB, paused 230us total 15.318ms
08-04 02:21:46.220 24721 24732 I art     : Starting a blocking GC Explicit
08-04 02:21:46.235 24721 24732 I art     : Explicit concurrent mark sweep GC freed 3(96B) AllocSpace objects, 0(0B) LOS objects, 23% free, 52MB/68MB, paused 271us total 14.945ms
08-04 02:21:46.242 24721 24732 I art     : Starting a blocking GC Explicit
08-04 02:21:46.255 18002 18002 W Atfwd_Sendcmd: AtCmdFwd service not published, waiting... retryCnt : 2
08-04 02:21:46.257 24721 24732 I art     : Explicit concurrent mark sweep GC freed 3(96B) AllocSpace objects, 0(0B) LOS objects, 23% free, 52MB/68MB, paused 228us total 15.134ms
08-04 02:21:46.264 24721 24732 I art     : Starting a blocking GC Explicit
08-04 02:21:46.280 24721 24732 I art     : Explicit concurrent mark sweep GC freed 3(96B) AllocSpace objects, 0(0B) LOS objects, 23% free, 52MB/68MB, paused 219us total 15.499ms
08-04 02:21:46.594 24721 24829 I art     : Starting a blocking GC Explicit
08-04 02:21:46.618 24721 24829 I art     : Explicit concurrent mark sweep GC freed 1341(78KB) AllocSpace objects, 1(20KB) LOS objects, 23% free, 52MB/68MB, paused 263us total 23.679ms
08-04 02:21:46.629 24721 24829 I art     : Starting a blocking GC Explicit
08-04 02:21:46.647 24721 24829 I art     : Explicit concurrent mark sweep GC freed 20(704B) AllocSpace objects, 0(0B) LOS objects, 23% free, 52MB/68MB, paused 258us total 17.859ms
08-04 02:21:46.654 24721 24829 I art     : Starting a blocking GC Explicit
08-04 02:21:46.670 24721 24829 I art     : Explicit concurrent mark sweep GC freed 3(96B) AllocSpace objects, 0(0B) LOS objects, 23% free, 52MB/68MB, paused 223us total 15.617ms
08-04 02:21:46.677 24721 24829 I art     : Starting a blocking GC Explicit
08-04 02:21:46.692 24721 24829 I art     : Explicit concurrent mark sweep GC freed 3(96B) AllocSpace objects, 0(0B) LOS objects, 23% free, 52MB/68MB, paused 256us total 14.911ms
08-04 02:21:46.698 24721 24829 I art     : Starting a blocking GC Explicit
08-04 02:21:46.713 24721 24829 I art     : Explicit concurrent mark sweep GC freed 3(96B) AllocSpace objects, 0(0B) LOS objects, 23% free, 52MB/68MB, paused 226us total 14.668ms
08-04 02:21:47.032 24721 24733 I art     : Starting a blocking GC Explicit
08-04 02:21:47.055 24721 24733 I art     : Explicit concurrent mark sweep GC freed 1341(78KB) AllocSpace objects, 1(20KB) LOS objects, 23% free, 52MB/68MB, paused 279us total 21.888ms
08-04 02:21:47.065 24721 24733 I art     : Starting a blocking GC Explicit
08-04 02:21:47.084 24721 24733 I art     : Explicit concurrent mark sweep GC freed 20(704B) AllocSpace objects, 0(0B) LOS objects, 23% free, 52MB/68MB, paused 242us total 17.862ms
08-04 02:21:47.090 24721 24733 I art     : Starting a blocking GC Explicit
08-04 02:21:47.106 24721 24733 I art     : Explicit concurrent mark sweep GC freed 3(96B) AllocSpace objects, 0(0B) LOS objects, 23% free, 52MB/68MB, paused 238us total 15.718ms
08-04 02:21:47.113 24721 24733 I art     : Starting a blocking GC Explicit
08-04 02:21:47.129 24721 24733 I art     : Explicit concurrent mark sweep GC freed 3(96B) AllocSpace objects, 0(0B) LOS objects, 23% free, 52MB/68MB, paused 254us total 15.300ms
08-04 02:21:47.135 24721 24733 I art     : Starting a blocking GC Explicit
08-04 02:21:47.151 24721 24733 I art     : Explicit concurrent mark sweep GC freed 3(96B) AllocSpace objects, 0(0B) LOS objects, 23% free, 52MB/68MB, paused 234us total 15.086ms
08-04 02:21:47.445 24721 24733 I art     : Starting a blocking GC Explicit
08-04 02:21:47.459 24721 24733 I art     : Explicit concurrent mark sweep GC freed 1341(78KB) AllocSpace objects, 1(20KB) LOS objects, 23% free, 52MB/68MB, paused 238us total 14.079ms
08-04 02:21:47.466 24721 24733 I art     : Starting a blocking GC Explicit
08-04 02:21:47.481 24721 24733 I art     : Explicit concurrent mark sweep GC freed 29(1040B) AllocSpace objects, 0(0B) LOS objects, 23% free, 52MB/68MB, paused 222us total 14.441ms
08-04 02:21:47.487 24721 24733 I art     : Starting a blocking GC Explicit
08-04 02:21:47.500 24721 24733 I art     : Explicit concurrent mark sweep GC freed 3(96B) AllocSpace objects, 0(0B) LOS objects, 23% free, 52MB/68MB, paused 227us total 13.357ms
08-04 02:21:47.506 24721 24733 I art     : Starting a blocking GC Explicit
08-04 02:21:47.520 24721 24733 I art     : Explicit concurrent mark sweep GC freed 3(96B) AllocSpace objects, 0(0B) LOS objects, 23% free, 52MB/68MB, paused 230us total 14.107ms
08-04 02:21:47.527 24721 24733 I art     : Starting a blocking GC Explicit
08-04 02:21:47.542 24721 24733 I art     : Explicit concurrent mark sweep GC freed 3(96B) AllocSpace objects, 0(0B) LOS objects, 23% free, 52MB/68MB, paused 226us total 14.658ms
08-04 02:21:47.834 24721 24828 I art     : Starting a blocking GC Explicit
08-04 02:21:47.856 24721 24828 I art     : Explicit concurrent mark sweep GC freed 1341(78KB) AllocSpace objects, 1(20KB) LOS objects, 23% free, 52MB/68MB, paused 275us total 20.823ms
08-04 02:21:47.865 24721 24828 I art     : Starting a blocking GC Explicit
08-04 02:21:47.881 24721 24828 I art     : Explicit concurrent mark sweep GC freed 20(704B) AllocSpace objects, 0(0B) LOS objects, 23% free, 52MB/68MB, paused 232us total 15.710ms
08-04 02:21:47.888 24721 24828 I art     : Starting a blocking GC Explicit
08-04 02:21:47.904 24721 24828 I art     : Explicit concurrent mark sweep GC freed 3(96B) AllocSpace objects, 0(0B) LOS objects, 23% free, 52MB/68MB, paused 239us total 15.300ms
08-04 02:21:47.910 24721 24828 I art     : Starting a blocking GC Explicit
08-04 02:21:47.926 24721 24828 I art     : Explicit concurrent mark sweep GC freed 3(96B) AllocSpace objects, 0(0B) LOS objects, 23% free, 52MB/68MB, paused 235us total 14.968ms
08-04 02:21:47.932 24721 24828 I art     : Starting a blocking GC Explicit
08-04 02:21:47.948 24721 24828 I art     : Explicit concurrent mark sweep GC freed 3(96B) AllocSpace objects, 0(0B) LOS objects, 23% free, 52MB/68MB, paused 451us total 15.427ms
08-04 02:21:48.262 24721 24829 I art     : Starting a blocking GC Explicit
08-04 02:21:48.283 24721 24829 I art     : Explicit concurrent mark sweep GC freed 1341(78KB) AllocSpace objects, 1(20KB) LOS objects, 23% free, 52MB/68MB, paused 268us total 21.078ms
08-04 02:21:48.293 24721 24829 I art     : Starting a blocking GC Explicit
08-04 02:21:48.309 24721 24829 I art     : Explicit concurrent mark sweep GC freed 20(704B) AllocSpace objects, 0(0B) LOS objects, 23% free, 52MB/68MB, paused 228us total 15.753ms
08-04 02:21:48.316 24721 24829 I art     : Starting a blocking GC Explicit
08-04 02:21:48.332 24721 24829 I art     : Explicit concurrent mark sweep GC freed 3(96B) AllocSpace objects, 0(0B) LOS objects, 23% free, 52MB/68MB, paused 225us total 15.499ms
08-04 02:21:48.338 24721 24829 I art     : Starting a blocking GC Explicit
08-04 02:21:48.354 24721 24829 I art     : Explicit concurrent mark sweep GC freed 3(96B) AllocSpace objects, 0(0B) LOS objects, 23% free, 52MB/68MB, paused 218us total 15.229ms
08-04 02:21:48.360 24721 24829 I art     : Starting a blocking GC Explicit
08-04 02:21:48.376 24721 24829 I art     : Explicit concurrent mark sweep GC freed 3(96B) AllocSpace objects, 0(0B) LOS objects, 23% free, 52MB/68MB, paused 231us total 15.058ms
08-04 02:21:48.673 24721 24732 I art     : Starting a blocking GC Explicit
08-04 02:21:48.698 24721 24732 I art     : Explicit concurrent mark sweep GC freed 1341(78KB) AllocSpace objects, 1(20KB) LOS objects, 23% free, 52MB/68MB, paused 261us total 25.200ms
08-04 02:21:48.712 24721 24732 I art     : Starting a blocking GC Explicit
08-04 02:21:48.728 24721 24732 I art     : Explicit concurrent mark sweep GC freed 20(704B) AllocSpace objects, 0(0B) LOS objects, 23% free, 52MB/68MB, paused 250us total 15.153ms
08-04 02:21:48.734 24721 24732 I art     : Starting a blocking GC Explicit
08-04 02:21:48.749 24721 24732 I art     : Explicit concurrent mark sweep GC freed 3(96B) AllocSpace objects, 0(0B) LOS objects, 23% free, 52MB/68MB, paused 228us total 14.754ms
08-04 02:21:48.755 24721 24732 I art     : Starting a blocking GC Explicit
08-04 02:21:48.770 24721 24732 I art     : Explicit concurrent mark sweep GC freed 3(96B) AllocSpace objects, 0(0B) LOS objects, 23% free, 52MB/68MB, paused 227us total 14.527ms
08-04 02:21:48.777 24721 24732 I art     : Starting a blocking GC Explicit
08-04 02:21:48.791 24721 24732 I art     : Explicit concurrent mark sweep GC freed 3(96B) AllocSpace objects, 0(0B) LOS objects, 23% free, 52MB/68MB, paused 228us total 14.573ms
08-04 02:21:49.104 24721 24733 I art     : Starting a blocking GC Explicit
08-04 02:21:49.126 24721 24733 I art     : Explicit concurrent mark sweep GC freed 1341(78KB) AllocSpace objects, 1(20KB) LOS objects, 23% free, 52MB/68MB, paused 278us total 21.850ms
08-04 02:21:49.135 24721 24733 I art     : Starting a blocking GC Explicit
08-04 02:21:49.151 24721 24733 I art     : Explicit concurrent mark sweep GC freed 20(704B) AllocSpace objects, 0(0B) LOS objects, 23% free, 52MB/68MB, paused 239us total 15.735ms
08-04 02:21:49.158 24721 24733 I art     : Starting a blocking GC Explicit
08-04 02:21:49.174 24721 24733 I art     : Explicit concurrent mark sweep GC freed 3(96B) AllocSpace objects, 0(0B) LOS objects, 23% free, 52MB/68MB, paused 236us total 15.122ms
08-04 02:21:49.180 24721 24733 I art     : Starting a blocking GC Explicit
08-04 02:21:49.196 24721 24733 I art     : Explicit concurrent mark sweep GC freed 3(96B) AllocSpace objects, 0(0B) LOS objects, 23% free, 52MB/68MB, paused 226us total 15.111ms
08-04 02:21:49.202 24721 24733 I art     : Starting a blocking GC Explicit
08-04 02:21:49.218 24721 24733 I art     : Explicit concurrent mark sweep GC freed 3(96B) AllocSpace objects, 0(0B) LOS objects, 23% free, 52MB/68MB, paused 232us total 15.435ms
08-04 02:21:49.538 24721 24828 I art     : Starting a blocking GC Explicit
08-04 02:21:49.564 24721 24828 I art     : Explicit concurrent mark sweep GC freed 1341(78KB) AllocSpace objects, 1(20KB) LOS objects, 23% free, 52MB/68MB, paused 300us total 26.181ms
08-04 02:21:49.565 24721 24731 I art     : WaitForGcToComplete blocked for 17.689ms for cause HeapTrim
08-04 02:21:49.577 24721 24828 I art     : Starting a blocking GC Explicit
08-04 02:21:49.596 24721 24828 I art     : Explicit concurrent mark sweep GC freed 20(704B) AllocSpace objects, 0(0B) LOS objects, 23% free, 52MB/68MB, paused 273us total 18.890ms
08-04 02:21:49.605 24721 24828 I art     : Starting a blocking GC Explicit
08-04 02:21:49.621 24721 24828 I art     : Explicit concurrent mark sweep GC freed 3(96B) AllocSpace objects, 0(0B) LOS objects, 23% free, 52MB/68MB, paused 236us total 15.664ms
08-04 02:21:49.628 24721 24828 I art     : Starting a blocking GC Explicit
08-04 02:21:49.643 24721 24828 I art     : Explicit concurrent mark sweep GC freed 3(96B) AllocSpace objects, 0(0B) LOS objects, 23% free, 52MB/68MB, paused 235us total 15.569ms
08-04 02:21:49.650 24721 24828 I art     : Starting a blocking GC Explicit
08-04 02:21:49.665 24721 24828 I art     : Explicit concurrent mark sweep GC freed 3(96B) AllocSpace objects, 0(0B) LOS objects, 23% free, 52MB/68MB, paused 226us total 14.522ms
08-04 02:21:49.969 24721 24829 I art     : Starting a blocking GC Explicit
08-04 02:21:49.991 24721 24829 I art     : Explicit concurrent mark sweep GC freed 1341(78KB) AllocSpace objects, 1(20KB) LOS objects, 23% free, 52MB/68MB, paused 267us total 21.290ms
08-04 02:21:50.001 24721 24829 I art     : Starting a blocking GC Explicit
08-04 02:21:50.018 24721 24829 I art     : Explicit concurrent mark sweep GC freed 20(704B) AllocSpace objects, 0(0B) LOS objects, 23% free, 52MB/68MB, paused 235us total 16.912ms
08-04 02:21:50.025 24721 24829 I art     : Starting a blocking GC Explicit
08-04 02:21:50.040 24721 24829 I art     : Explicit concurrent mark sweep GC freed 3(96B) AllocSpace objects, 0(0B) LOS objects, 23% free, 52MB/68MB, paused 225us total 15.144ms
08-04 02:21:50.047 24721 24829 I art     : Starting a blocking GC Explicit
08-04 02:21:50.062 24721 24829 I art     : Explicit concurrent mark sweep GC freed 3(96B) AllocSpace objects, 0(0B) LOS objects, 23% free, 52MB/68MB, paused 223us total 15.029ms
08-04 02:21:50.069 24721 24829 I art     : Starting a blocking GC Explicit
08-04 02:21:50.084 24721 24829 I art     : Explicit concurrent mark sweep GC freed 3(96B) AllocSpace objects, 0(0B) LOS objects, 23% free, 52MB/68MB, paused 235us total 14.838ms
08-04 02:21:50.323 24721 24732 I art     : Starting a blocking GC Explicit
08-04 02:21:50.339 24721 24732 I art     : Explicit concurrent mark sweep GC freed 1341(78KB) AllocSpace objects, 1(20KB) LOS objects, 23% free, 52MB/68MB, paused 229us total 15.309ms
08-04 02:21:50.345 24721 24732 I art     : Starting a blocking GC Explicit
08-04 02:21:50.360 24721 24732 I art     : Explicit concurrent mark sweep GC freed 20(704B) AllocSpace objects, 0(0B) LOS objects, 23% free, 52MB/68MB, paused 236us total 14.503ms
08-04 02:21:50.367 24721 24732 I art     : Starting a blocking GC Explicit
08-04 02:21:50.381 24721 24732 I art     : Explicit concurrent mark sweep GC freed 3(96B) AllocSpace objects, 0(0B) LOS objects, 23% free, 52MB/68MB, paused 230us total 14.643ms
08-04 02:21:50.388 24721 24732 I art     : Starting a blocking GC Explicit
08-04 02:21:50.402 24721 24732 I art     : Explicit concurrent mark sweep GC freed 3(96B) AllocSpace objects, 0(0B) LOS objects, 23% free, 52MB/68MB, paused 229us total 14.326ms
08-04 02:21:50.409 24721 24732 I art     : Starting a blocking GC Explicit
08-04 02:21:50.423 24721 24732 I art     : Explicit concurrent mark sweep GC freed 3(96B) AllocSpace objects, 0(0B) LOS objects, 23% free, 52MB/68MB, paused 235us total 14.230ms
08-04 02:21:50.543 25518 25518 D AndroidRuntime: >>>>>> START com.android.internal.os.RuntimeInit uid 2000 <<<<<<
08-04 02:21:50.549 25518 25518 D AndroidRuntime: CheckJNI is OFF
08-04 02:21:50.575 25518 25518 D ICU     : No timezone override file found: /data/misc/zoneinfo/current/icu/icu_tzdata.dat
08-04 02:21:50.600 25518 25518 I Radio-JNI: register_android_hardware_Radio DONE
08-04 02:21:50.616 25518 25518 D AndroidRuntime: Calling main entry com.android.commands.input.Input
08-04 02:21:50.618 25518 25518 I Input   : injectKeyEvent: KeyEvent { action=ACTION_DOWN, keyCode=KEYCODE_BACK, scanCode=0, metaState=0, flags=0x0, repeatCount=0, eventTime=670927031, downTime=670927031, deviceId=-1, source=0x101 }
08-04 02:21:50.627 25518 25518 I Input   : injectKeyEvent: KeyEvent { action=ACTION_UP, keyCode=KEYCODE_BACK, scanCode=0, metaState=0, flags=0x0, repeatCount=0, eventTime=670927031, downTime=670927031, deviceId=-1, source=0x101 }
08-04 02:21:50.634 25518 25518 D AndroidRuntime: Shutting down VM
08-04 02:21:50.677 13866 13866 I GoogleInputMethodServic: GoogleInputMethodService.onFinishInput():3138 
08-04 02:21:50.678 13866 13866 I GoogleInputMethodServic: GoogleInputMethodService.onStartInput():1808 
08-04 02:21:50.681 24721 24733 I art     : Starting a blocking GC Explicit
08-04 02:21:50.695 24721 24733 I art     : Explicit concurrent mark sweep GC freed 1510(86KB) AllocSpace objects, 1(20KB) LOS objects, 23% free, 52MB/68MB, paused 227us total 13.848ms
08-04 02:21:50.701 24721 24733 I art     : Starting a blocking GC Explicit
08-04 02:21:50.716 24721 24733 I art     : Explicit concurrent mark sweep GC freed 29(1008B) AllocSpace objects, 0(0B) LOS objects, 23% free, 52MB/68MB, paused 287us total 14.603ms
08-04 02:21:50.723 24721 24733 I art     : Starting a blocking GC Explicit
08-04 02:21:50.736 24721 24733 I art     : Explicit concurrent mark sweep GC freed 6(224B) AllocSpace objects, 0(0B) LOS objects, 23% free, 52MB/68MB, paused 215us total 12.887ms
08-04 02:21:50.742 24721 24733 I art     : Starting a blocking GC Explicit
08-04 02:21:50.755 24721 24733 I art     : Explicit concurrent mark sweep GC freed 3(96B) AllocSpace objects, 0(0B) LOS objects, 23% free, 52MB/68MB, paused 240us total 12.927ms
08-04 02:21:50.761 24721 24733 I art     : Starting a blocking GC Explicit
08-04 02:21:50.774 24721 24733 I art     : Explicit concurrent mark sweep GC freed 3(96B) AllocSpace objects, 0(0B) LOS objects, 23% free, 52MB/68MB, paused 216us total 12.950ms
08-04 02:21:50.992   380   380 W SurfaceFlinger: couldn't log to binary event log: overflow.
08-04 02:21:51.027 24721 24828 I art     : Starting a blocking GC Explicit
08-04 02:21:51.042 24721 24828 I art     : Explicit concurrent mark sweep GC freed 1450(87KB) AllocSpace objects, 1(20KB) LOS objects, 23% free, 52MB/68MB, paused 232us total 14.828ms
08-04 02:21:51.048 24721 24828 I art     : Starting a blocking GC Explicit
08-04 02:21:51.062 24721 24828 I art     : Explicit concurrent mark sweep GC freed 1672(107KB) AllocSpace objects, 3(400KB) LOS objects, 23% free, 52MB/68MB, paused 232us total 13.801ms
08-04 02:21:51.069 24721 24828 I art     : Starting a blocking GC Explicit
08-04 02:21:51.083 24721 24828 I art     : Explicit concurrent mark sweep GC freed 3(96B) AllocSpace objects, 0(0B) LOS objects, 23% free, 52MB/68MB, paused 251us total 14.559ms
08-04 02:21:51.090 24721 24828 I art     : Starting a blocking GC Explicit
08-04 02:21:51.105 24721 24828 I art     : Explicit concurrent mark sweep GC freed 3(96B) AllocSpace objects, 0(0B) LOS objects, 23% free, 52MB/68MB, paused 250us total 14.629ms
08-04 02:21:51.112 24721 24828 I art     : Starting a blocking GC Explicit
08-04 02:21:51.126 24721 24828 I art     : Explicit concurrent mark sweep GC freed 3(96B) AllocSpace objects, 0(0B) LOS objects, 23% free, 52MB/68MB, paused 236us total 14.514ms
08-04 02:21:51.401 24721 24732 I art     : Starting a blocking GC Explicit
08-04 02:21:51.427 24721 24732 I art     : Explicit concurrent mark sweep GC freed 1341(78KB) AllocSpace objects, 1(20KB) LOS objects, 23% free, 52MB/68MB, paused 335us total 25.272ms
08-04 02:21:51.434 24721 24732 I art     : Starting a blocking GC Explicit
08-04 02:21:51.449 24721 24732 I art     : Explicit concurrent mark sweep GC freed 20(704B) AllocSpace objects, 0(0B) LOS objects, 23% free, 52MB/68MB, paused 227us total 14.980ms
08-04 02:21:51.456 24721 24732 I art     : Starting a blocking GC Explicit
08-04 02:21:51.470 24721 24732 I art     : Explicit concurrent mark sweep GC freed 3(96B) AllocSpace objects, 0(0B) LOS objects, 23% free, 52MB/68MB, paused 226us total 14.312ms
08-04 02:21:51.477 24721 24732 I art     : Starting a blocking GC Explicit
08-04 02:21:51.491 24721 24732 I art     : Explicit concurrent mark sweep GC freed 3(96B) AllocSpace objects, 0(0B) LOS objects, 23% free, 52MB/68MB, paused 204us total 13.847ms
08-04 02:21:51.497 24721 24732 I art     : Starting a blocking GC Explicit
08-04 02:21:51.511 24721 24732 I art     : Explicit concurrent mark sweep GC freed 3(96B) AllocSpace objects, 0(0B) LOS objects, 23% free, 52MB/68MB, paused 222us total 14.228ms
08-04 02:21:51.783 24721 24733 I art     : Starting a blocking GC Explicit
08-04 02:21:51.801 24721 24733 I art     : Explicit concurrent mark sweep GC freed 1340(78KB) AllocSpace objects, 1(20KB) LOS objects, 23% free, 52MB/68MB, paused 268us total 17.725ms
08-04 02:21:51.812 24721 24733 I art     : Starting a blocking GC Explicit
08-04 02:21:51.827 24721 24733 I art     : Explicit concurrent mark sweep GC freed 20(704B) AllocSpace objects, 0(0B) LOS objects, 23% free, 52MB/68MB, paused 307us total 14.753ms
08-04 02:21:51.833 24721 24733 I art     : Starting a blocking GC Explicit
08-04 02:21:51.847 24721 24733 I art     : Explicit concurrent mark sweep GC freed 3(96B) AllocSpace objects, 0(0B) LOS objects, 23% free, 52MB/68MB, paused 229us total 14.143ms
08-04 02:21:51.854 24721 24733 I art     : Starting a blocking GC Explicit
08-04 02:21:51.867 24721 24733 I art     : Explicit concurrent mark sweep GC freed 3(96B) AllocSpace objects, 0(0B) LOS objects, 23% free, 52MB/68MB, paused 210us total 13.416ms
08-04 02:21:51.874 24721 24733 I art     : Starting a blocking GC Explicit
08-04 02:21:51.887 24721 24733 I art     : Explicit concurrent mark sweep GC freed 3(96B) AllocSpace objects, 0(0B) LOS objects, 23% free, 52MB/68MB, paused 235us total 13.658ms
08-04 02:21:52.123 24721 24829 I art     : Starting a blocking GC Explicit
08-04 02:21:52.137 24721 24829 I art     : Explicit concurrent mark sweep GC freed 1340(78KB) AllocSpace objects, 1(20KB) LOS objects, 23% free, 52MB/68MB, paused 286us total 13.991ms
08-04 02:21:52.143 24721 24829 I art     : Starting a blocking GC Explicit
08-04 02:21:52.157 24721 24829 I art     : Explicit concurrent mark sweep GC freed 20(704B) AllocSpace objects, 0(0B) LOS objects, 23% free, 52MB/68MB, paused 245us total 14.054ms
08-04 02:21:52.164 24721 24829 I art     : Starting a blocking GC Explicit
08-04 02:21:52.171 25584 25584 D AndroidRuntime: >>>>>> START com.android.internal.os.RuntimeInit uid 2000 <<<<<<
08-04 02:21:52.175 25584 25584 D AndroidRuntime: CheckJNI is OFF
08-04 02:21:52.178 24721 24829 I art     : Explicit concurrent mark sweep GC freed 3(96B) AllocSpace objects, 0(0B) LOS objects, 23% free, 52MB/68MB, paused 268us total 14.453ms
08-04 02:21:52.185 24721 24829 I art     : Starting a blocking GC Explicit
08-04 02:21:52.199 24721 24829 I art     : Explicit concurrent mark sweep GC freed 3(96B) AllocSpace objects, 0(0B) LOS objects, 23% free, 52MB/68MB, paused 228us total 13.234ms
08-04 02:21:52.203 25584 25584 D ICU     : No timezone override file found: /data/misc/zoneinfo/current/icu/icu_tzdata.dat
08-04 02:21:52.205 24721 24829 I art     : Starting a blocking GC Explicit
08-04 02:21:52.219 24721 24829 I art     : Explicit concurrent mark sweep GC freed 3(96B) AllocSpace objects, 0(0B) LOS objects, 23% free, 52MB/68MB, paused 237us total 13.437ms
08-04 02:21:52.229 25584 25584 I Radio-JNI: register_android_hardware_Radio DONE
08-04 02:21:52.244 25584 25584 D AndroidRuntime: Calling main entry com.android.commands.input.Input
08-04 02:21:52.246 25584 25584 I Input   : injectMotionEvent: MotionEvent { action=ACTION_DOWN, actionButton=0, id[0]=0, x[0]=733.0, y[0]=1370.0, toolType[0]=TOOL_TYPE_UNKNOWN, buttonState=0, metaState=0, flags=0x0, edgeFlags=0x0, pointerCount=1, historySize=0, eventTime=670928659, downTime=670928659, deviceId=0, source=0x1002 }
08-04 02:21:52.250 25584 25584 I Input   : injectMotionEvent: MotionEvent { action=ACTION_UP, actionButton=0, id[0]=0, x[0]=733.0, y[0]=1370.0, toolType[0]=TOOL_TYPE_UNKNOWN, buttonState=0, metaState=0, flags=0x0, edgeFlags=0x0, pointerCount=1, historySize=0, eventTime=670928659, downTime=670928659, deviceId=0, source=0x1002 }
08-04 02:21:52.251   918  3696 I ActivityManager: START u0 {cmp=baseline.appteam.nith.hillffair/.activities.ClubActivity (has extras)} from uid 10651 on display 0
08-04 02:21:52.258 25584 25584 D AndroidRuntime: Shutting down VM
08-04 02:21:52.358   918   936 I ActivityManager: Displayed baseline.appteam.nith.hillffair/.activities.ClubActivity: +101ms
08-04 02:21:52.359 13866 13866 I GoogleInputMethodServic: GoogleInputMethodService.onFinishInput():3138 
08-04 02:21:52.360 13866 13866 I GoogleInputMethodServic: GoogleInputMethodService.onStartInput():1808 
08-04 02:21:52.435 24721 24733 I art     : Starting a blocking GC Explicit
08-04 02:21:52.451 24721 24733 I art     : Explicit concurrent mark sweep GC freed 4973(290KB) AllocSpace objects, 1(20KB) LOS objects, 23% free, 52MB/68MB, paused 262us total 15.405ms
08-04 02:21:52.457 24721 24733 I art     : Starting a blocking GC Explicit
08-04 02:21:52.472 24721 24733 I art     : Explicit concurrent mark sweep GC freed 209(9KB) AllocSpace objects, 0(0B) LOS objects, 23% free, 52MB/68MB, paused 262us total 13.992ms
08-04 02:21:52.479 24721 24733 I art     : Starting a blocking GC Explicit
08-04 02:21:52.496 24721 24733 I art     : Explicit concurrent mark sweep GC freed 3(96B) AllocSpace objects, 0(0B) LOS objects, 23% free, 52MB/68MB, paused 285us total 16.385ms
08-04 02:21:52.504 24721 24733 I art     : Starting a blocking GC Explicit
08-04 02:21:52.521 24721 24733 I art     : Explicit concurrent mark sweep GC freed 3(96B) AllocSpace objects, 0(0B) LOS objects, 23% free, 52MB/68MB, paused 345us total 16.821ms
08-04 02:21:52.529 24721 24733 I art     : Starting a blocking GC Explicit
08-04 02:21:52.546 24721 24733 I art     : Explicit concurrent mark sweep GC freed 3(96B) AllocSpace objects, 0(0B) LOS objects, 23% free, 52MB/68MB, paused 311us total 17.662ms
08-04 02:21:52.611   380   380 W SurfaceFlinger: couldn't log to binary event log: overflow.
08-04 02:21:52.800 24721 24733 I art     : Starting a blocking GC Explicit
08-04 02:21:52.817 24721 24733 I art     : Explicit concurrent mark sweep GC freed 1452(84KB) AllocSpace objects, 1(20KB) LOS objects, 23% free, 52MB/68MB, paused 285us total 16.065ms
08-04 02:21:52.823 24721 24733 I art     : Starting a blocking GC Explicit
08-04 02:21:52.838 24721 24733 I art     : Explicit concurrent mark sweep GC freed 33(1152B) AllocSpace objects, 0(0B) LOS objects, 23% free, 52MB/68MB, paused 255us total 14.598ms
08-04 02:21:52.844 24721 24733 I art     : Starting a blocking GC Explicit
08-04 02:21:52.859 24721 24733 I art     : Explicit concurrent mark sweep GC freed 7(240B) AllocSpace objects, 0(0B) LOS objects, 23% free, 52MB/68MB, paused 293us total 14.385ms
08-04 02:21:52.865 24721 24733 I art     : Starting a blocking GC Explicit
08-04 02:21:52.880 24721 24733 I art     : Explicit concurrent mark sweep GC freed 10(400B) AllocSpace objects, 0(0B) LOS objects, 23% free, 52MB/68MB, paused 271us total 14.362ms
08-04 02:21:52.886 24721 24733 I art     : Starting a blocking GC Explicit
08-04 02:21:52.899 24721 24733 I art     : Explicit concurrent mark sweep GC freed 12(416B) AllocSpace objects, 0(0B) LOS objects, 23% free, 52MB/68MB, paused 245us total 12.967ms
08-04 02:21:53.151 24721 25607 D OkHttp  : --> GET https://api-hillfair-2k16.herokuapp.com/api/app/events/special/event?id=580655cddcba0f490c70fdd0 http/1.1
08-04 02:21:53.181 24721 24733 I art     : Starting a blocking GC Explicit
08-04 02:21:53.183 24721 25607 D OkHttp  : <-- 200 OK https://api-hillfair-2k16.herokuapp.com/api/app/events/special/event?id=580655cddcba0f490c70fdd0 (31ms, 721-byte body)
08-04 02:21:53.200 24721 24733 I art     : Explicit concurrent mark sweep GC freed 4167(249KB) AllocSpace objects, 4(220KB) LOS objects, 23% free, 52MB/68MB, paused 288us total 18.408ms
08-04 02:21:53.206 24721 24733 I art     : Starting a blocking GC Explicit
08-04 02:21:53.222 24721 24733 I art     : Explicit concurrent mark sweep GC freed 1042(120KB) AllocSpace objects, 0(0B) LOS objects, 23% free, 52MB/68MB, paused 273us total 15.121ms
08-04 02:21:53.228 24721 24733 I art     : Starting a blocking GC Explicit
08-04 02:21:53.244 24721 24733 I art     : Explicit concurrent mark sweep GC freed 77(4KB) AllocSpace objects, 0(0B) LOS objects, 23% free, 52MB/68MB, paused 253us total 15.232ms
08-04 02:21:53.247 24721 24721 I NAPPA_EXPERIMENTATION: MetricNetworkRequestExecutionTime: REQUEST_DURATION_SYSTEM='964',REQUEST_DURATION_OKHTTP='32',REQUEST_SYNCHRONOUS='FALSE',RESPONSE_CODE='200',RESPONSE_METHOD='GET',RESPONSE_LENGTH_OKHTTP='721',RESPONSE_LENGTH_HEADER='721',REQUEST_PROTOCOL='http/1.1',REQUEST_URL='https://api-hillfair-2k16.herokuapp.com/api/app/events/special/event?id=580655cddcba0f490c70fdd0',
08-04 02:21:53.250 24721 24733 I art     : Starting a blocking GC Explicit
08-04 02:21:53.267 24721 24733 I art     : Explicit concurrent mark sweep GC freed 492(61KB) AllocSpace objects, 0(0B) LOS objects, 23% free, 52MB/68MB, paused 548us total 17.061ms
08-04 02:21:53.273 24721 24733 I art     : Starting a blocking GC Explicit
08-04 02:21:53.287 24721 24733 I art     : Explicit concurrent mark sweep GC freed 72(2976B) AllocSpace objects, 0(0B) LOS objects, 23% free, 52MB/68MB, paused 297us total 13.227ms
08-04 02:21:53.568 24721 24828 I art     : Starting a blocking GC Explicit
08-04 02:21:53.586 24721 24828 I art     : Explicit concurrent mark sweep GC freed 1375(99KB) AllocSpace objects, 1(20KB) LOS objects, 23% free, 52MB/68MB, paused 266us total 18.004ms
08-04 02:21:53.593 24721 24828 I art     : Starting a blocking GC Explicit
08-04 02:21:53.609 24721 24828 I art     : Explicit concurrent mark sweep GC freed 23(800B) AllocSpace objects, 0(0B) LOS objects, 23% free, 52MB/68MB, paused 243us total 15.289ms
08-04 02:21:53.616 24721 24828 I art     : Starting a blocking GC Explicit
08-04 02:21:53.631 24721 24828 I art     : Explicit concurrent mark sweep GC freed 3(96B) AllocSpace objects, 0(0B) LOS objects, 23% free, 52MB/68MB, paused 255us total 15.039ms
08-04 02:21:53.638 24721 24828 I art     : Starting a blocking GC Explicit
08-04 02:21:53.651 24721 24828 I art     : Explicit concurrent mark sweep GC freed 19(656B) AllocSpace objects, 0(0B) LOS objects, 23% free, 52MB/68MB, paused 238us total 13.220ms
08-04 02:21:53.657 24721 24828 I art     : Starting a blocking GC Explicit
08-04 02:21:53.671 24721 24828 I art     : Explicit concurrent mark sweep GC freed 3(96B) AllocSpace objects, 0(0B) LOS objects, 23% free, 52MB/68MB, paused 237us total 13.123ms
08-04 02:21:53.958 24721 24733 I art     : Starting a blocking GC Explicit
08-04 02:21:53.981 24721 24733 I art     : Explicit concurrent mark sweep GC freed 1341(78KB) AllocSpace objects, 1(20KB) LOS objects, 23% free, 52MB/68MB, paused 293us total 22.077ms
08-04 02:21:53.991 24721 24733 I art     : Starting a blocking GC Explicit
08-04 02:21:54.008 24721 24733 I art     : Explicit concurrent mark sweep GC freed 20(704B) AllocSpace objects, 0(0B) LOS objects, 23% free, 52MB/68MB, paused 237us total 15.888ms
08-04 02:21:54.014 24721 24733 I art     : Starting a blocking GC Explicit
08-04 02:21:54.030 24721 24733 I art     : Explicit concurrent mark sweep GC freed 3(96B) AllocSpace objects, 0(0B) LOS objects, 23% free, 52MB/68MB, paused 253us total 15.407ms
08-04 02:21:54.037 24721 24733 I art     : Starting a blocking GC Explicit
08-04 02:21:54.052 24721 24733 I art     : Explicit concurrent mark sweep GC freed 3(96B) AllocSpace objects, 0(0B) LOS objects, 23% free, 52MB/68MB, paused 243us total 15.324ms
08-04 02:21:54.059 24721 24733 I art     : Starting a blocking GC Explicit
08-04 02:21:54.074 24721 24733 I art     : Explicit concurrent mark sweep GC freed 3(96B) AllocSpace objects, 0(0B) LOS objects, 23% free, 52MB/68MB, paused 263us total 14.832ms
08-04 02:21:54.389 24721 24829 I art     : Starting a blocking GC Explicit
08-04 02:21:54.414 24721 24829 I art     : Explicit concurrent mark sweep GC freed 1341(78KB) AllocSpace objects, 1(20KB) LOS objects, 23% free, 52MB/68MB, paused 333us total 25.072ms
08-04 02:21:54.425 24721 24829 I art     : Starting a blocking GC Explicit
08-04 02:21:54.442 24721 24829 I art     : Explicit concurrent mark sweep GC freed 20(704B) AllocSpace objects, 0(0B) LOS objects, 23% free, 52MB/68MB, paused 260us total 16.468ms
08-04 02:21:54.448 24721 24829 I art     : Starting a blocking GC Explicit
08-04 02:21:54.463 24721 24829 I art     : Explicit concurrent mark sweep GC freed 3(96B) AllocSpace objects, 0(0B) LOS objects, 23% free, 52MB/68MB, paused 239us total 14.945ms
08-04 02:21:54.470 24721 24829 I art     : Starting a blocking GC Explicit
08-04 02:21:54.485 24721 24829 I art     : Explicit concurrent mark sweep GC freed 3(96B) AllocSpace objects, 0(0B) LOS objects, 23% free, 52MB/68MB, paused 248us total 15.203ms
08-04 02:21:54.492 24721 24829 I art     : Starting a blocking GC Explicit
08-04 02:21:54.507 24721 24829 I art     : Explicit concurrent mark sweep GC freed 3(96B) AllocSpace objects, 0(0B) LOS objects, 23% free, 52MB/68MB, paused 242us total 15.268ms
08-04 02:21:54.820 24721 24732 I art     : Starting a blocking GC Explicit
08-04 02:21:54.843 24721 24732 I art     : Explicit concurrent mark sweep GC freed 1341(78KB) AllocSpace objects, 1(20KB) LOS objects, 23% free, 52MB/68MB, paused 291us total 22.123ms
08-04 02:21:54.853 24721 24732 I art     : Starting a blocking GC Explicit
08-04 02:21:54.871 24721 24732 I art     : Explicit concurrent mark sweep GC freed 20(704B) AllocSpace objects, 0(0B) LOS objects, 23% free, 52MB/68MB, paused 236us total 17.424ms
08-04 02:21:54.878 24721 24732 I art     : Starting a blocking GC Explicit
08-04 02:21:54.894 24721 24732 I art     : Explicit concurrent mark sweep GC freed 3(96B) AllocSpace objects, 0(0B) LOS objects, 23% free, 52MB/68MB, paused 233us total 15.638ms
08-04 02:21:54.901 24721 24732 I art     : Starting a blocking GC Explicit
08-04 02:21:54.916 24721 24732 I art     : Explicit concurrent mark sweep GC freed 3(96B) AllocSpace objects, 0(0B) LOS objects, 23% free, 52MB/68MB, paused 234us total 14.988ms
08-04 02:21:54.922 24721 24732 I art     : Starting a blocking GC Explicit
08-04 02:21:54.937 24721 24732 I art     : Explicit concurrent mark sweep GC freed 3(96B) AllocSpace objects, 0(0B) LOS objects, 23% free, 52MB/68MB, paused 239us total 14.850ms
08-04 02:21:55.259 24721 24828 I art     : Starting a blocking GC Explicit
08-04 02:21:55.286 24721 24828 I art     : Explicit concurrent mark sweep GC freed 1341(78KB) AllocSpace objects, 1(20KB) LOS objects, 23% free, 52MB/68MB, paused 313us total 26.611ms
08-04 02:21:55.296 24721 24828 I art     : Starting a blocking GC Explicit
08-04 02:21:55.316 24721 24828 I art     : Explicit concurrent mark sweep GC freed 20(704B) AllocSpace objects, 0(0B) LOS objects, 23% free, 52MB/68MB, paused 400us total 19.787ms
08-04 02:21:55.323 24721 24828 I art     : Starting a blocking GC Explicit
08-04 02:21:55.339 24721 24828 I art     : Explicit concurrent mark sweep GC freed 3(96B) AllocSpace objects, 0(0B) LOS objects, 23% free, 52MB/68MB, paused 241us total 15.786ms
08-04 02:21:55.346 24721 24828 I art     : Starting a blocking GC Explicit
08-04 02:21:55.361 24721 24828 I art     : Explicit concurrent mark sweep GC freed 3(96B) AllocSpace objects, 0(0B) LOS objects, 23% free, 52MB/68MB, paused 234us total 14.604ms
08-04 02:21:55.367 24721 24828 I art     : Starting a blocking GC Explicit
08-04 02:21:55.382 24721 24828 I art     : Explicit concurrent mark sweep GC freed 3(96B) AllocSpace objects, 0(0B) LOS objects, 23% free, 52MB/68MB, paused 228us total 14.494ms
08-04 02:21:55.675 24721 24733 I art     : Starting a blocking GC Explicit
08-04 02:21:55.697 24721 24733 I art     : Explicit concurrent mark sweep GC freed 1341(78KB) AllocSpace objects, 1(20KB) LOS objects, 23% free, 52MB/68MB, paused 283us total 21.641ms
08-04 02:21:55.707 24721 24733 I art     : Starting a blocking GC Explicit
08-04 02:21:55.726 24721 24733 I art     : Explicit concurrent mark sweep GC freed 20(704B) AllocSpace objects, 0(0B) LOS objects, 23% free, 52MB/68MB, paused 247us total 18.895ms
08-04 02:21:55.733 24721 24733 I art     : Starting a blocking GC Explicit
08-04 02:21:55.749 24721 24733 I art     : Explicit concurrent mark sweep GC freed 3(96B) AllocSpace objects, 0(0B) LOS objects, 23% free, 52MB/68MB, paused 248us total 15.994ms
08-04 02:21:55.756 24721 24733 I art     : Starting a blocking GC Explicit
08-04 02:21:55.772 24721 24733 I art     : Explicit concurrent mark sweep GC freed 3(96B) AllocSpace objects, 0(0B) LOS objects, 23% free, 52MB/68MB, paused 243us total 15.456ms
08-04 02:21:55.779 24721 24733 I art     : Starting a blocking GC Explicit
08-04 02:21:55.794 24721 24733 I art     : Explicit concurrent mark sweep GC freed 3(96B) AllocSpace objects, 0(0B) LOS objects, 23% free, 52MB/68MB, paused 243us total 15.185ms
08-04 02:21:55.829   918  3188 I hubconnection: sensorhub said: 'set_bias 3: -14.4000, 0.0000, 0.0000'
08-04 02:21:56.103 24721 24829 I art     : Starting a blocking GC Explicit
08-04 02:21:56.128 24721 24829 I art     : Explicit concurrent mark sweep GC freed 1341(78KB) AllocSpace objects, 1(20KB) LOS objects, 23% free, 52MB/68MB, paused 521us total 24.999ms
08-04 02:21:56.140 24721 24829 I art     : Starting a blocking GC Explicit
08-04 02:21:56.157 24721 24829 I art     : Explicit concurrent mark sweep GC freed 20(704B) AllocSpace objects, 0(0B) LOS objects, 23% free, 52MB/68MB, paused 245us total 15.936ms
08-04 02:21:56.163 24721 24829 I art     : Starting a blocking GC Explicit
08-04 02:21:56.178 24721 24829 I art     : Explicit concurrent mark sweep GC freed 3(96B) AllocSpace objects, 0(0B) LOS objects, 23% free, 52MB/68MB, paused 237us total 15.121ms
08-04 02:21:56.185 24721 24829 I art     : Starting a blocking GC Explicit
08-04 02:21:56.200 24721 24829 I art     : Explicit concurrent mark sweep GC freed 3(96B) AllocSpace objects, 0(0B) LOS objects, 23% free, 52MB/68MB, paused 246us total 15.480ms
08-04 02:21:56.207 24721 24829 I art     : Starting a blocking GC Explicit
08-04 02:21:56.223 24721 24829 I art     : Explicit concurrent mark sweep GC freed 3(96B) AllocSpace objects, 0(0B) LOS objects, 23% free, 52MB/68MB, paused 244us total 15.305ms
08-04 02:21:56.256 18002 18002 I ServiceManager: Waiting for service AtCmdFwd...
08-04 02:21:56.517 24721 24732 I art     : Starting a blocking GC Explicit
08-04 02:21:56.535 24721 24732 I art     : Explicit concurrent mark sweep GC freed 1341(78KB) AllocSpace objects, 1(20KB) LOS objects, 23% free, 52MB/68MB, paused 285us total 17.311ms
08-04 02:21:56.543 24721 24732 I art     : Starting a blocking GC Explicit
08-04 02:21:56.558 24721 24732 I art     : Explicit concurrent mark sweep GC freed 20(704B) AllocSpace objects, 0(0B) LOS objects, 23% free, 52MB/68MB, paused 242us total 15.018ms
08-04 02:21:56.564 24721 24732 I art     : Starting a blocking GC Explicit
08-04 02:21:56.579 24721 24732 I art     : Explicit concurrent mark sweep GC freed 3(96B) AllocSpace objects, 0(0B) LOS objects, 23% free, 52MB/68MB, paused 236us total 14.587ms
08-04 02:21:56.586 24721 24732 I art     : Starting a blocking GC Explicit
08-04 02:21:56.600 24721 24732 I art     : Explicit concurrent mark sweep GC freed 3(96B) AllocSpace objects, 0(0B) LOS objects, 23% free, 52MB/68MB, paused 246us total 14.220ms
08-04 02:21:56.606 24721 24732 I art     : Starting a blocking GC Explicit
08-04 02:21:56.621 24721 24732 I art     : Explicit concurrent mark sweep GC freed 3(96B) AllocSpace objects, 0(0B) LOS objects, 23% free, 52MB/68MB, paused 233us total 13.963ms
08-04 02:21:56.809 25720 25720 D AndroidRuntime: >>>>>> START com.android.internal.os.RuntimeInit uid 2000 <<<<<<
08-04 02:21:56.813 25720 25720 D AndroidRuntime: CheckJNI is OFF
08-04 02:21:56.839 25720 25720 D ICU     : No timezone override file found: /data/misc/zoneinfo/current/icu/icu_tzdata.dat
08-04 02:21:56.863 25720 25720 I Radio-JNI: register_android_hardware_Radio DONE
08-04 02:21:56.879 25720 25720 D AndroidRuntime: Calling main entry com.android.commands.input.Input
08-04 02:21:56.880 25720 25720 I Input   : injectKeyEvent: KeyEvent { action=ACTION_DOWN, keyCode=KEYCODE_BACK, scanCode=0, metaState=0, flags=0x0, repeatCount=0, eventTime=670933294, downTime=670933294, deviceId=-1, source=0x101 }
08-04 02:21:56.888 25720 25720 I Input   : injectKeyEvent: KeyEvent { action=ACTION_UP, keyCode=KEYCODE_BACK, scanCode=0, metaState=0, flags=0x0, repeatCount=0, eventTime=670933294, downTime=670933294, deviceId=-1, source=0x101 }
08-04 02:21:56.892 25720 25720 D AndroidRuntime: Shutting down VM
08-04 02:21:56.912 24721 24828 I art     : Starting a blocking GC Explicit
08-04 02:21:56.928 24721 24828 I art     : Explicit concurrent mark sweep GC freed 1482(84KB) AllocSpace objects, 1(20KB) LOS objects, 23% free, 52MB/68MB, paused 424us total 15.904ms
08-04 02:21:56.928 13866 13866 I GoogleInputMethodServic: GoogleInputMethodService.onFinishInput():3138 
08-04 02:21:56.929 13866 13866 I GoogleInputMethodServic: GoogleInputMethodService.onStartInput():1808 
08-04 02:21:56.935 24721 24828 I art     : Starting a blocking GC Explicit
08-04 02:21:56.951 24721 24828 I art     : Explicit concurrent mark sweep GC freed 48(1760B) AllocSpace objects, 0(0B) LOS objects, 23% free, 52MB/68MB, paused 245us total 14.853ms
08-04 02:21:56.959 24721 24828 I art     : Starting a blocking GC Explicit
08-04 02:21:56.972 24721 24828 I art     : Explicit concurrent mark sweep GC freed 10(384B) AllocSpace objects, 0(0B) LOS objects, 23% free, 52MB/68MB, paused 233us total 12.787ms
08-04 02:21:56.978 24721 24828 I art     : Starting a blocking GC Explicit
08-04 02:21:56.991 24721 24828 I art     : Explicit concurrent mark sweep GC freed 3(96B) AllocSpace objects, 0(0B) LOS objects, 23% free, 52MB/68MB, paused 228us total 12.626ms
08-04 02:21:56.997 24721 24828 I art     : Starting a blocking GC Explicit
08-04 02:21:57.011 24721 24828 I art     : Explicit concurrent mark sweep GC freed 3(96B) AllocSpace objects, 0(0B) LOS objects, 23% free, 52MB/68MB, paused 253us total 13.458ms
08-04 02:21:57.216   380   380 W SurfaceFlinger: couldn't log to binary event log: overflow.
08-04 02:21:57.256 18002 18002 I ServiceManager: Waiting for service AtCmdFwd...
08-04 02:21:57.261 24721 24733 I art     : Starting a blocking GC Explicit
08-04 02:21:57.276 24721 24733 I art     : Explicit concurrent mark sweep GC freed 1450(87KB) AllocSpace objects, 1(20KB) LOS objects, 23% free, 52MB/68MB, paused 258us total 14.812ms
08-04 02:21:57.282 24721 24733 I art     : Starting a blocking GC Explicit
08-04 02:21:57.296 24721 24733 I art     : Explicit concurrent mark sweep GC freed 1672(106KB) AllocSpace objects, 3(400KB) LOS objects, 23% free, 52MB/68MB, paused 246us total 14.108ms
08-04 02:21:57.303 24721 24733 I art     : Starting a blocking GC Explicit
08-04 02:21:57.317 24721 24733 I art     : Explicit concurrent mark sweep GC freed 3(96B) AllocSpace objects, 0(0B) LOS objects, 23% free, 52MB/68MB, paused 305us total 13.857ms
08-04 02:21:57.324 24721 24733 I art     : Starting a blocking GC Explicit
08-04 02:21:57.339 24721 24733 I art     : Explicit concurrent mark sweep GC freed 3(96B) AllocSpace objects, 0(0B) LOS objects, 23% free, 52MB/68MB, paused 256us total 15.032ms
08-04 02:21:57.346 24721 24733 I art     : Starting a blocking GC Explicit
08-04 02:21:57.361 24721 24733 I art     : Explicit concurrent mark sweep GC freed 3(96B) AllocSpace objects, 0(0B) LOS objects, 23% free, 52MB/68MB, paused 285us total 15.093ms
08-04 02:21:57.644 24721 24829 I art     : Starting a blocking GC Explicit
08-04 02:21:57.664 24721 24829 I art     : Explicit concurrent mark sweep GC freed 1341(78KB) AllocSpace objects, 1(20KB) LOS objects, 23% free, 52MB/68MB, paused 268us total 20.576ms
08-04 02:21:57.678 24721 24829 I art     : Starting a blocking GC Explicit
08-04 02:21:57.696 24721 24829 I art     : Explicit concurrent mark sweep GC freed 20(704B) AllocSpace objects, 0(0B) LOS objects, 23% free, 52MB/68MB, paused 239us total 17.700ms
08-04 02:21:57.702 24721 24829 I art     : Starting a blocking GC Explicit
08-04 02:21:57.716 24721 24829 I art     : Explicit concurrent mark sweep GC freed 3(96B) AllocSpace objects, 0(0B) LOS objects, 23% free, 52MB/68MB, paused 246us total 14.013ms
08-04 02:21:57.723 24721 24829 I art     : Starting a blocking GC Explicit
08-04 02:21:57.737 24721 24829 I art     : Explicit concurrent mark sweep GC freed 3(96B) AllocSpace objects, 0(0B) LOS objects, 23% free, 52MB/68MB, paused 239us total 14.069ms
08-04 02:21:57.743 24721 24829 I art     : Starting a blocking GC Explicit
08-04 02:21:57.757 24721 24829 I art     : Explicit concurrent mark sweep GC freed 3(96B) AllocSpace objects, 0(0B) LOS objects, 23% free, 52MB/68MB, paused 255us total 14.067ms
08-04 02:21:58.036 24721 24732 I art     : Starting a blocking GC Explicit
08-04 02:21:58.056 24721 24732 I art     : Explicit concurrent mark sweep GC freed 1340(78KB) AllocSpace objects, 1(20KB) LOS objects, 23% free, 52MB/68MB, paused 281us total 19.751ms
08-04 02:21:58.066 24721 24732 I art     : Starting a blocking GC Explicit
08-04 02:21:58.080 24721 24732 I art     : Explicit concurrent mark sweep GC freed 20(704B) AllocSpace objects, 0(0B) LOS objects, 23% free, 52MB/68MB, paused 243us total 14.505ms
08-04 02:21:58.087 24721 24732 I art     : Starting a blocking GC Explicit
08-04 02:21:58.101 24721 24732 I art     : Explicit concurrent mark sweep GC freed 3(96B) AllocSpace objects, 0(0B) LOS objects, 23% free, 52MB/68MB, paused 251us total 14.345ms
08-04 02:21:58.108 24721 24732 I art     : Starting a blocking GC Explicit
08-04 02:21:58.122 24721 24732 I art     : Explicit concurrent mark sweep GC freed 3(96B) AllocSpace objects, 0(0B) LOS objects, 23% free, 52MB/68MB, paused 322us total 14.183ms
08-04 02:21:58.129 24721 24732 I art     : Starting a blocking GC Explicit
08-04 02:21:58.143 24721 24732 I art     : Explicit concurrent mark sweep GC freed 3(96B) AllocSpace objects, 0(0B) LOS objects, 23% free, 52MB/68MB, paused 234us total 13.673ms
08-04 02:21:58.257 18002 18002 I ServiceManager: Waiting for service AtCmdFwd...
08-04 02:21:58.391 24721 24828 I art     : Starting a blocking GC Explicit
08-04 02:21:58.406 24721 24828 I art     : Explicit concurrent mark sweep GC freed 1340(78KB) AllocSpace objects, 1(20KB) LOS objects, 23% free, 52MB/68MB, paused 253us total 14.306ms
08-04 02:21:58.413 24721 24828 I art     : Starting a blocking GC Explicit
08-04 02:21:58.428 24721 24828 I art     : Explicit concurrent mark sweep GC freed 20(704B) AllocSpace objects, 0(0B) LOS objects, 23% free, 52MB/68MB, paused 257us total 14.747ms
08-04 02:21:58.434 24721 24828 I art     : Starting a blocking GC Explicit
08-04 02:21:58.444 25774 25774 D AndroidRuntime: >>>>>> START com.android.internal.os.RuntimeInit uid 2000 <<<<<<
08-04 02:21:58.448 24721 24828 I art     : Explicit concurrent mark sweep GC freed 3(96B) AllocSpace objects, 0(0B) LOS objects, 23% free, 52MB/68MB, paused 330us total 14.046ms
08-04 02:21:58.449 25774 25774 D AndroidRuntime: CheckJNI is OFF
08-04 02:21:58.455 24721 24828 I art     : Starting a blocking GC Explicit
08-04 02:21:58.468 24721 24828 I art     : Explicit concurrent mark sweep GC freed 3(96B) AllocSpace objects, 0(0B) LOS objects, 23% free, 52MB/68MB, paused 250us total 13.593ms
08-04 02:21:58.475 24721 24828 I art     : Starting a blocking GC Explicit
08-04 02:21:58.477 25774 25774 D ICU     : No timezone override file found: /data/misc/zoneinfo/current/icu/icu_tzdata.dat
08-04 02:21:58.488 24721 24828 I art     : Explicit concurrent mark sweep GC freed 3(96B) AllocSpace objects, 0(0B) LOS objects, 23% free, 52MB/68MB, paused 253us total 13.707ms
08-04 02:21:58.502 25774 25774 I Radio-JNI: register_android_hardware_Radio DONE
08-04 02:21:58.517 25774 25774 D AndroidRuntime: Calling main entry com.android.commands.input.Input
08-04 02:21:58.519 25774 25774 I Input   : injectMotionEvent: MotionEvent { action=ACTION_DOWN, actionButton=0, id[0]=0, x[0]=733.0, y[0]=1957.0, toolType[0]=TOOL_TYPE_UNKNOWN, buttonState=0, metaState=0, flags=0x0, edgeFlags=0x0, pointerCount=1, historySize=0, eventTime=670934932, downTime=670934932, deviceId=0, source=0x1002 }
08-04 02:21:58.524 25774 25774 I Input   : injectMotionEvent: MotionEvent { action=ACTION_UP, actionButton=0, id[0]=0, x[0]=733.0, y[0]=1957.0, toolType[0]=TOOL_TYPE_UNKNOWN, buttonState=0, metaState=0, flags=0x0, edgeFlags=0x0, pointerCount=1, historySize=0, eventTime=670934932, downTime=670934932, deviceId=0, source=0x1002 }
08-04 02:21:58.525   918  3670 I ActivityManager: START u0 {cmp=baseline.appteam.nith.hillffair/.activities.ClubActivity (has extras)} from uid 10651 on display 0
08-04 02:21:58.532 25774 25774 D AndroidRuntime: Shutting down VM
08-04 02:21:58.627 13866 13866 I GoogleInputMethodServic: GoogleInputMethodService.onFinishInput():3138 
08-04 02:21:58.627 13866 13866 I GoogleInputMethodServic: GoogleInputMethodService.onStartInput():1808 
08-04 02:21:58.629   918   936 I ActivityManager: Displayed baseline.appteam.nith.hillffair/.activities.ClubActivity: +96ms
08-04 02:21:58.713 24721 24732 I art     : Starting a blocking GC Explicit
08-04 02:21:58.728 24721 24732 I art     : Explicit concurrent mark sweep GC freed 5042(296KB) AllocSpace objects, 1(20KB) LOS objects, 23% free, 52MB/68MB, paused 273us total 14.645ms
08-04 02:21:58.734 24721 24732 I art     : Starting a blocking GC Explicit
08-04 02:21:58.748 24721 24732 I art     : Explicit concurrent mark sweep GC freed 209(9KB) AllocSpace objects, 0(0B) LOS objects, 23% free, 52MB/68MB, paused 269us total 13.688ms
08-04 02:21:58.755 24721 24732 I art     : Starting a blocking GC Explicit
08-04 02:21:58.768 24721 24732 I art     : Explicit concurrent mark sweep GC freed 3(96B) AllocSpace objects, 0(0B) LOS objects, 23% free, 52MB/68MB, paused 259us total 13.769ms
08-04 02:21:58.775 24721 24732 I art     : Starting a blocking GC Explicit
08-04 02:21:58.789 24721 24732 I art     : Explicit concurrent mark sweep GC freed 3(96B) AllocSpace objects, 0(0B) LOS objects, 23% free, 52MB/68MB, paused 285us total 13.823ms
08-04 02:21:58.795 24721 24732 I art     : Starting a blocking GC Explicit
08-04 02:21:58.808 24721 24732 I art     : Explicit concurrent mark sweep GC freed 3(96B) AllocSpace objects, 0(0B) LOS objects, 23% free, 52MB/68MB, paused 265us total 13.574ms
08-04 02:21:58.868   380   380 W SurfaceFlinger: couldn't log to binary event log: overflow.
08-04 02:21:59.051 24721 24828 I art     : Starting a blocking GC Explicit
08-04 02:21:59.083 24721 24828 I art     : Explicit concurrent mark sweep GC freed 3841(210KB) AllocSpace objects, 4(220KB) LOS objects, 23% free, 52MB/68MB, paused 1.108ms total 32.214ms
08-04 02:21:59.090 24721 25798 D OkHttp  : --> GET https://api-hillfair-2k16.herokuapp.com/api/app/events/special/event?id=58065620dcba0f490c70fe09 http/1.1
08-04 02:21:59.097 24721 24828 I art     : Starting a blocking GC Explicit
08-04 02:21:59.121 24721 24828 I art     : Explicit concurrent mark sweep GC freed 1177(125KB) AllocSpace objects, 0(0B) LOS objects, 23% free, 52MB/68MB, paused 397us total 23.703ms
08-04 02:21:59.121 24721 25798 D OkHttp  : <-- 200 OK https://api-hillfair-2k16.herokuapp.com/api/app/events/special/event?id=58065620dcba0f490c70fe09 (30ms, 682-byte body)
08-04 02:21:59.129 24721 24828 I art     : Starting a blocking GC Explicit
08-04 02:21:59.147 24721 24828 I art     : Explicit concurrent mark sweep GC freed 224(37KB) AllocSpace objects, 0(0B) LOS objects, 23% free, 52MB/68MB, paused 418us total 17.748ms
08-04 02:21:59.153 24721 24828 I art     : Starting a blocking GC Explicit
08-04 02:21:59.170 24721 24828 I art     : Explicit concurrent mark sweep GC freed 33(1344B) AllocSpace objects, 0(0B) LOS objects, 23% free, 52MB/68MB, paused 276us total 15.935ms
08-04 02:21:59.176 24721 24828 I art     : Starting a blocking GC Explicit
08-04 02:21:59.185 24721 24721 I NAPPA_EXPERIMENTATION: MetricNetworkRequestExecutionTime: REQUEST_DURATION_SYSTEM='632',REQUEST_DURATION_OKHTTP='31',REQUEST_SYNCHRONOUS='FALSE',RESPONSE_CODE='200',RESPONSE_METHOD='GET',RESPONSE_LENGTH_OKHTTP='682',RESPONSE_LENGTH_HEADER='682',REQUEST_PROTOCOL='http/1.1',REQUEST_URL='https://api-hillfair-2k16.herokuapp.com/api/app/events/special/event?id=58065620dcba0f490c70fe09',
08-04 02:21:59.191 24721 24828 I art     : Explicit concurrent mark sweep GC freed 529(61KB) AllocSpace objects, 0(0B) LOS objects, 23% free, 52MB/68MB, paused 283us total 14.837ms
08-04 02:21:59.257 18002 18002 I ServiceManager: Waiting for service AtCmdFwd...
08-04 02:21:59.462 24721 24829 I art     : Starting a blocking GC Explicit
08-04 02:21:59.480 24721 24829 I art     : Explicit concurrent mark sweep GC freed 1488(106KB) AllocSpace objects, 1(20KB) LOS objects, 23% free, 52MB/68MB, paused 319us total 17.991ms
08-04 02:21:59.487 24721 24829 I art     : Starting a blocking GC Explicit
08-04 02:21:59.503 24721 24829 I art     : Explicit concurrent mark sweep GC freed 26(896B) AllocSpace objects, 0(0B) LOS objects, 23% free, 52MB/68MB, paused 244us total 15.552ms
08-04 02:21:59.510 24721 24829 I art     : Starting a blocking GC Explicit
08-04 02:21:59.525 24721 24829 I art     : Explicit concurrent mark sweep GC freed 3(96B) AllocSpace objects, 0(0B) LOS objects, 23% free, 52MB/68MB, paused 251us total 14.605ms
08-04 02:21:59.531 24721 24829 I art     : Starting a blocking GC Explicit
08-04 02:21:59.546 24721 24829 I art     : Explicit concurrent mark sweep GC freed 3(96B) AllocSpace objects, 0(0B) LOS objects, 23% free, 52MB/68MB, paused 328us total 14.583ms
08-04 02:21:59.553 24721 24829 I art     : Starting a blocking GC Explicit
08-04 02:21:59.568 24721 24829 I art     : Explicit concurrent mark sweep GC freed 3(96B) AllocSpace objects, 0(0B) LOS objects, 23% free, 52MB/68MB, paused 330us total 15.353ms
08-04 02:21:59.848 24721 24828 I art     : Starting a blocking GC Explicit
08-04 02:21:59.870 24721 24828 I art     : Explicit concurrent mark sweep GC freed 1357(78KB) AllocSpace objects, 1(20KB) LOS objects, 23% free, 52MB/68MB, paused 287us total 22.082ms
08-04 02:21:59.878 24721 24828 I art     : Starting a blocking GC Explicit
08-04 02:21:59.895 24721 24828 I art     : Explicit concurrent mark sweep GC freed 20(704B) AllocSpace objects, 0(0B) LOS objects, 23% free, 52MB/68MB, paused 279us total 16.861ms
08-04 02:21:59.902 24721 24828 I art     : Starting a blocking GC Explicit
08-04 02:21:59.917 24721 24828 I art     : Explicit concurrent mark sweep GC freed 3(96B) AllocSpace objects, 0(0B) LOS objects, 23% free, 52MB/68MB, paused 271us total 15.593ms
08-04 02:21:59.924 24721 24828 I art     : Starting a blocking GC Explicit
08-04 02:21:59.940 24721 24828 I art     : Explicit concurrent mark sweep GC freed 3(96B) AllocSpace objects, 0(0B) LOS objects, 23% free, 52MB/68MB, paused 256us total 15.715ms
08-04 02:21:59.947 24721 24828 I art     : Starting a blocking GC Explicit
08-04 02:21:59.963 24721 24828 I art     : Explicit concurrent mark sweep GC freed 3(96B) AllocSpace objects, 0(0B) LOS objects, 23% free, 52MB/68MB, paused 255us total 15.309ms
08-04 02:22:00.252 24721 24829 I art     : Starting a blocking GC Explicit
08-04 02:22:00.258 18002 18002 I ServiceManager: Waiting for service AtCmdFwd...
08-04 02:22:00.280 24721 24829 I art     : Explicit concurrent mark sweep GC freed 1341(78KB) AllocSpace objects, 1(20KB) LOS objects, 23% free, 52MB/68MB, paused 314us total 27.411ms
08-04 02:22:00.291 24721 24829 I art     : Starting a blocking GC Explicit
08-04 02:22:00.311 24721 24829 I art     : Explicit concurrent mark sweep GC freed 20(704B) AllocSpace objects, 0(0B) LOS objects, 23% free, 52MB/68MB, paused 296us total 19.791ms
08-04 02:22:00.319 24721 24829 I art     : Starting a blocking GC Explicit
08-04 02:22:00.336 24721 24829 I art     : Explicit concurrent mark sweep GC freed 3(96B) AllocSpace objects, 0(0B) LOS objects, 23% free, 52MB/68MB, paused 272us total 16.570ms
08-04 02:22:00.343 24721 24829 I art     : Starting a blocking GC Explicit
08-04 02:22:00.359 24721 24829 I art     : Explicit concurrent mark sweep GC freed 3(96B) AllocSpace objects, 0(0B) LOS objects, 23% free, 52MB/68MB, paused 303us total 15.855ms
08-04 02:22:00.365 24721 24829 I art     : Starting a blocking GC Explicit
08-04 02:22:00.381 24721 24829 I art     : Explicit concurrent mark sweep GC freed 3(96B) AllocSpace objects, 0(0B) LOS objects, 23% free, 52MB/68MB, paused 258us total 15.399ms
08-04 02:22:00.696 24721 24732 I art     : Starting a blocking GC Explicit
08-04 02:22:00.715 24721 24732 I art     : Explicit concurrent mark sweep GC freed 1341(78KB) AllocSpace objects, 1(20KB) LOS objects, 23% free, 52MB/68MB, paused 312us total 19.183ms
08-04 02:22:00.726 24721 24732 I art     : Starting a blocking GC Explicit
08-04 02:22:00.743 24721 24732 I art     : Explicit concurrent mark sweep GC freed 20(704B) AllocSpace objects, 0(0B) LOS objects, 23% free, 52MB/68MB, paused 263us total 17.124ms
08-04 02:22:00.750 24721 24732 I art     : Starting a blocking GC Explicit
08-04 02:22:00.766 24721 24732 I art     : Explicit concurrent mark sweep GC freed 3(96B) AllocSpace objects, 0(0B) LOS objects, 23% free, 52MB/68MB, paused 250us total 15.610ms
08-04 02:22:00.774 24721 24732 I art     : Starting a blocking GC Explicit
08-04 02:22:00.789 24721 24732 I art     : Explicit concurrent mark sweep GC freed 3(96B) AllocSpace objects, 0(0B) LOS objects, 23% free, 52MB/68MB, paused 238us total 14.907ms
08-04 02:22:00.795 24721 24732 I art     : Starting a blocking GC Explicit
08-04 02:22:00.810 24721 24732 I art     : Explicit concurrent mark sweep GC freed 3(96B) AllocSpace objects, 0(0B) LOS objects, 23% free, 52MB/68MB, paused 245us total 14.597ms
08-04 02:22:01.081 24721 24733 I art     : Starting a blocking GC Explicit
08-04 02:22:01.097 24721 24733 I art     : Explicit concurrent mark sweep GC freed 1341(78KB) AllocSpace objects, 1(20KB) LOS objects, 23% free, 52MB/68MB, paused 277us total 15.974ms
08-04 02:22:01.104 24721 24733 I art     : Starting a blocking GC Explicit
08-04 02:22:01.118 25860 25860 D AndroidRuntime: >>>>>> START com.android.internal.os.RuntimeInit uid 2000 <<<<<<
08-04 02:22:01.120 24721 24733 I art     : Explicit concurrent mark sweep GC freed 20(704B) AllocSpace objects, 0(0B) LOS objects, 23% free, 52MB/68MB, paused 258us total 15.768ms
08-04 02:22:01.121 25860 25860 D AndroidRuntime: CheckJNI is OFF
08-04 02:22:01.126 24721 24733 I art     : Starting a blocking GC Explicit
08-04 02:22:01.140 24721 24733 I art     : Explicit concurrent mark sweep GC freed 3(96B) AllocSpace objects, 0(0B) LOS objects, 23% free, 52MB/68MB, paused 249us total 13.600ms
08-04 02:22:01.146 24721 24733 I art     : Starting a blocking GC Explicit
08-04 02:22:01.148 25860 25860 D ICU     : No timezone override file found: /data/misc/zoneinfo/current/icu/icu_tzdata.dat
08-04 02:22:01.160 24721 24733 I art     : Explicit concurrent mark sweep GC freed 3(96B) AllocSpace objects, 0(0B) LOS objects, 23% free, 52MB/68MB, paused 267us total 13.940ms
08-04 02:22:01.166 24721 24733 I art     : Starting a blocking GC Explicit
08-04 02:22:01.172 25860 25860 I Radio-JNI: register_android_hardware_Radio DONE
08-04 02:22:01.180 24721 24733 I art     : Explicit concurrent mark sweep GC freed 3(96B) AllocSpace objects, 0(0B) LOS objects, 23% free, 52MB/68MB, paused 255us total 13.877ms
08-04 02:22:01.188 25860 25860 D AndroidRuntime: Calling main entry com.android.commands.input.Input
08-04 02:22:01.190 25860 25860 I Input   : injectKeyEvent: KeyEvent { action=ACTION_DOWN, keyCode=KEYCODE_BACK, scanCode=0, metaState=0, flags=0x0, repeatCount=0, eventTime=670937603, downTime=670937603, deviceId=-1, source=0x101 }
08-04 02:22:01.196 25860 25860 I Input   : injectKeyEvent: KeyEvent { action=ACTION_UP, keyCode=KEYCODE_BACK, scanCode=0, metaState=0, flags=0x0, repeatCount=0, eventTime=670937603, downTime=670937603, deviceId=-1, source=0x101 }
08-04 02:22:01.201 25860 25860 D AndroidRuntime: Shutting down VM
08-04 02:22:01.243 13866 13866 I GoogleInputMethodServic: GoogleInputMethodService.onFinishInput():3138 
08-04 02:22:01.243 13866 13866 I GoogleInputMethodServic: GoogleInputMethodService.onStartInput():1808 
08-04 02:22:01.258 18002 18002 W Atfwd_Sendcmd: AtCmdFwd service not published, waiting... retryCnt : 3
08-04 02:22:01.394 24721 24828 I art     : Starting a blocking GC Explicit
08-04 02:22:01.415 24721 24828 I art     : Explicit concurrent mark sweep GC freed 1511(85KB) AllocSpace objects, 1(20KB) LOS objects, 23% free, 52MB/68MB, paused 279us total 20.915ms
08-04 02:22:01.422 24721 24828 I art     : Starting a blocking GC Explicit
08-04 02:22:01.443 24721 24828 I art     : Explicit concurrent mark sweep GC freed 26(944B) AllocSpace objects, 0(0B) LOS objects, 23% free, 52MB/68MB, paused 336us total 20.523ms
08-04 02:22:01.452 24721 24828 I art     : Starting a blocking GC Explicit
08-04 02:22:01.472 24721 24828 I art     : Explicit concurrent mark sweep GC freed 3(96B) AllocSpace objects, 0(0B) LOS objects, 23% free, 52MB/68MB, paused 256us total 19.359ms
08-04 02:22:01.484 24721 24828 I art     : Starting a blocking GC Explicit
08-04 02:22:01.503 24721 24828 I art     : Explicit concurrent mark sweep GC freed 3(96B) AllocSpace objects, 0(0B) LOS objects, 23% free, 52MB/68MB, paused 257us total 19.205ms
08-04 02:22:01.514 24721 24828 I art     : Starting a blocking GC Explicit
08-04 02:22:01.530 24721 24828 I art     : Explicit concurrent mark sweep GC freed 3(96B) AllocSpace objects, 0(0B) LOS objects, 23% free, 52MB/68MB, paused 253us total 15.566ms
08-04 02:22:01.537   380   380 W SurfaceFlinger: couldn't log to binary event log: overflow.
08-04 02:22:01.820 24721 24829 I art     : Starting a blocking GC Explicit
08-04 02:22:01.849 24721 24829 I art     : Explicit concurrent mark sweep GC freed 1450(87KB) AllocSpace objects, 1(20KB) LOS objects, 23% free, 52MB/68MB, paused 392us total 28.116ms
08-04 02:22:01.862 24721 24829 I art     : Starting a blocking GC Explicit
08-04 02:22:01.884 24721 24829 I art     : Explicit concurrent mark sweep GC freed 1672(106KB) AllocSpace objects, 3(400KB) LOS objects, 23% free, 52MB/68MB, paused 480us total 21.353ms
08-04 02:22:01.892 24721 24829 I art     : Starting a blocking GC Explicit
08-04 02:22:01.907 24721 24829 I art     : Explicit concurrent mark sweep GC freed 3(96B) AllocSpace objects, 0(0B) LOS objects, 23% free, 52MB/68MB, paused 277us total 15.543ms
08-04 02:22:01.914 24721 24829 I art     : Starting a blocking GC Explicit
08-04 02:22:01.930 24721 24829 I art     : Explicit concurrent mark sweep GC freed 3(96B) AllocSpace objects, 0(0B) LOS objects, 23% free, 52MB/68MB, paused 262us total 15.652ms
08-04 02:22:01.937 24721 24829 I art     : Starting a blocking GC Explicit
08-04 02:22:01.952 24721 24829 I art     : Explicit concurrent mark sweep GC freed 3(96B) AllocSpace objects, 0(0B) LOS objects, 23% free, 52MB/68MB, paused 260us total 14.844ms
08-04 02:22:02.243 24721 24733 I art     : Starting a blocking GC Explicit
08-04 02:22:02.265 24721 24733 I art     : Explicit concurrent mark sweep GC freed 1341(78KB) AllocSpace objects, 1(20KB) LOS objects, 23% free, 52MB/68MB, paused 312us total 21.147ms
08-04 02:22:02.278 24721 24733 I art     : Starting a blocking GC Explicit
08-04 02:22:02.297 24721 24733 I art     : Explicit concurrent mark sweep GC freed 20(704B) AllocSpace objects, 0(0B) LOS objects, 23% free, 52MB/68MB, paused 324us total 19.361ms
08-04 02:22:02.306 24721 24733 I art     : Starting a blocking GC Explicit
08-04 02:22:02.321 24721 24733 I art     : Explicit concurrent mark sweep GC freed 3(96B) AllocSpace objects, 0(0B) LOS objects, 23% free, 52MB/68MB, paused 249us total 15.395ms
08-04 02:22:02.328 24721 24733 I art     : Starting a blocking GC Explicit
08-04 02:22:02.344 24721 24733 I art     : Explicit concurrent mark sweep GC freed 3(96B) AllocSpace objects, 0(0B) LOS objects, 23% free, 52MB/68MB, paused 258us total 15.393ms
08-04 02:22:02.351 24721 24733 I art     : Starting a blocking GC Explicit
08-04 02:22:02.365 24721 24733 I art     : Explicit concurrent mark sweep GC freed 3(96B) AllocSpace objects, 0(0B) LOS objects, 23% free, 52MB/68MB, paused 259us total 14.527ms
08-04 02:22:02.621 24721 24732 I art     : Starting a blocking GC Explicit
08-04 02:22:02.636 24721 24732 I art     : Explicit concurrent mark sweep GC freed 1340(78KB) AllocSpace objects, 1(20KB) LOS objects, 23% free, 52MB/68MB, paused 275us total 15.413ms
08-04 02:22:02.643 24721 24732 I art     : Starting a blocking GC Explicit
08-04 02:22:02.658 24721 24732 I art     : Explicit concurrent mark sweep GC freed 20(704B) AllocSpace objects, 0(0B) LOS objects, 23% free, 52MB/68MB, paused 271us total 14.715ms
08-04 02:22:02.665 24721 24732 I art     : Starting a blocking GC Explicit
08-04 02:22:02.679 24721 24732 I art     : Explicit concurrent mark sweep GC freed 3(96B) AllocSpace objects, 0(0B) LOS objects, 23% free, 52MB/68MB, paused 252us total 14.542ms
08-04 02:22:02.685 24721 24732 I art     : Starting a blocking GC Explicit
08-04 02:22:02.699 24721 24732 I art     : Explicit concurrent mark sweep GC freed 3(96B) AllocSpace objects, 0(0B) LOS objects, 23% free, 52MB/68MB, paused 244us total 13.122ms
08-04 02:22:02.704 24721 24732 I art     : Starting a blocking GC Explicit
08-04 02:22:02.718 24721 24732 I art     : Explicit concurrent mark sweep GC freed 3(96B) AllocSpace objects, 0(0B) LOS objects, 23% free, 52MB/68MB, paused 260us total 13.601ms
08-04 02:22:02.776 25914 25914 D AndroidRuntime: >>>>>> START com.android.internal.os.RuntimeInit uid 2000 <<<<<<
08-04 02:22:02.780 25914 25914 D AndroidRuntime: CheckJNI is OFF
08-04 02:22:02.807 25914 25914 D ICU     : No timezone override file found: /data/misc/zoneinfo/current/icu/icu_tzdata.dat
08-04 02:22:02.833 25914 25914 I Radio-JNI: register_android_hardware_Radio DONE
08-04 02:22:02.849 25914 25914 D AndroidRuntime: Calling main entry com.android.commands.input.Input
08-04 02:22:02.851 25914 25914 I Input   : injectMotionEvent: MotionEvent { action=ACTION_DOWN, actionButton=0, id[0]=0, x[0]=733.0, y[0]=1957.0, toolType[0]=TOOL_TYPE_UNKNOWN, buttonState=0, metaState=0, flags=0x0, edgeFlags=0x0, pointerCount=1, historySize=0, eventTime=670939264, downTime=670939264, deviceId=0, source=0x1002 }
08-04 02:22:02.857 25914 25914 I Input   : injectMotionEvent: MotionEvent { action=ACTION_UP, actionButton=0, id[0]=0, x[0]=733.0, y[0]=1957.0, toolType[0]=TOOL_TYPE_UNKNOWN, buttonState=0, metaState=0, flags=0x0, edgeFlags=0x0, pointerCount=1, historySize=0, eventTime=670939264, downTime=670939264, deviceId=0, source=0x1002 }
08-04 02:22:02.859   918  3696 I ActivityManager: START u0 {cmp=baseline.appteam.nith.hillffair/.activities.ClubActivity (has extras)} from uid 10651 on display 0
08-04 02:22:02.867 25914 25914 D AndroidRuntime: Shutting down VM
08-04 02:22:02.954 24721 24733 I art     : Starting a blocking GC Explicit
08-04 02:22:02.959 13866 13866 I GoogleInputMethodServic: GoogleInputMethodService.onFinishInput():3138 
08-04 02:22:02.960   918   936 I ActivityManager: Displayed baseline.appteam.nith.hillffair/.activities.ClubActivity: +92ms
08-04 02:22:02.960 13866 13866 I GoogleInputMethodServic: GoogleInputMethodService.onStartInput():1808 
08-04 02:22:02.970 24721 24733 I art     : Explicit concurrent mark sweep GC freed 5280(332KB) AllocSpace objects, 1(20KB) LOS objects, 23% free, 52MB/68MB, paused 367us total 15.061ms
08-04 02:22:02.978 24721 24733 I art     : Starting a blocking GC Explicit
08-04 02:22:02.994 24721 24733 I art     : Explicit concurrent mark sweep GC freed 222(10KB) AllocSpace objects, 0(0B) LOS objects, 23% free, 52MB/68MB, paused 317us total 15.992ms
08-04 02:22:03.001 24721 24733 I art     : Starting a blocking GC Explicit
08-04 02:22:03.015 24721 24733 I art     : Explicit concurrent mark sweep GC freed 5(176B) AllocSpace objects, 0(0B) LOS objects, 23% free, 52MB/68MB, paused 274us total 13.820ms
08-04 02:22:03.022 24721 24733 I art     : Starting a blocking GC Explicit
08-04 02:22:03.037 24721 24733 I art     : Explicit concurrent mark sweep GC freed 3(96B) AllocSpace objects, 0(0B) LOS objects, 23% free, 52MB/68MB, paused 335us total 14.904ms
08-04 02:22:03.043 24721 24733 I art     : Starting a blocking GC Explicit
08-04 02:22:03.058 24721 24733 I art     : Explicit concurrent mark sweep GC freed 3(96B) AllocSpace objects, 0(0B) LOS objects, 23% free, 52MB/68MB, paused 283us total 14.404ms
08-04 02:22:03.200   380   380 W SurfaceFlinger: couldn't log to binary event log: overflow.
08-04 02:22:03.292 24721 24732 I art     : Starting a blocking GC Explicit
08-04 02:22:03.306 24721 24732 I art     : Explicit concurrent mark sweep GC freed 1379(80KB) AllocSpace objects, 1(20KB) LOS objects, 23% free, 52MB/68MB, paused 370us total 14.822ms
08-04 02:22:03.315 24721 24732 I art     : Starting a blocking GC Explicit
08-04 02:22:03.334 24721 24732 I art     : Explicit concurrent mark sweep GC freed 110(6KB) AllocSpace objects, 0(0B) LOS objects, 23% free, 52MB/68MB, paused 304us total 18.921ms
08-04 02:22:03.342 24721 24732 I art     : Starting a blocking GC Explicit
08-04 02:22:03.358 24721 24732 I art     : Explicit concurrent mark sweep GC freed 565(51KB) AllocSpace objects, 0(0B) LOS objects, 23% free, 52MB/68MB, paused 461us total 15.993ms
08-04 02:22:03.364 24721 24732 I art     : Starting a blocking GC Explicit
08-04 02:22:03.374 24721 25943 D OkHttp  : --> GET https://api-hillfair-2k16.herokuapp.com/api/app/events/special/event?id=58065620dcba0f490c70fe09 http/1.1
08-04 02:22:03.380 24721 24732 I art     : Explicit concurrent mark sweep GC freed 2087(84KB) AllocSpace objects, 2(120KB) LOS objects, 23% free, 52MB/68MB, paused 314us total 15.719ms
08-04 02:22:03.387 24721 24732 I art     : Starting a blocking GC Explicit
08-04 02:22:03.402 24721 24732 I art     : Explicit concurrent mark sweep GC freed 912(113KB) AllocSpace objects, 1(80KB) LOS objects, 23% free, 52MB/68MB, paused 286us total 14.591ms
08-04 02:22:03.407 24721 25943 D OkHttp  : <-- 200 OK https://api-hillfair-2k16.herokuapp.com/api/app/events/special/event?id=58065620dcba0f490c70fe09 (32ms, 682-byte body)
08-04 02:22:03.456 24721 24721 I NAPPA_EXPERIMENTATION: MetricNetworkRequestExecutionTime: REQUEST_DURATION_SYSTEM='564',REQUEST_DURATION_OKHTTP='33',REQUEST_SYNCHRONOUS='FALSE',RESPONSE_CODE='200',RESPONSE_METHOD='GET',RESPONSE_LENGTH_OKHTTP='682',RESPONSE_LENGTH_HEADER='682',REQUEST_PROTOCOL='http/1.1',REQUEST_URL='https://api-hillfair-2k16.herokuapp.com/api/app/events/special/event?id=58065620dcba0f490c70fe09',
08-04 02:22:03.695 24721 24828 I art     : Starting a blocking GC Explicit
08-04 02:22:03.714 24721 24828 I art     : Explicit concurrent mark sweep GC freed 2157(177KB) AllocSpace objects, 1(20KB) LOS objects, 23% free, 52MB/68MB, paused 298us total 19.036ms
08-04 02:22:03.721 24721 24828 I art     : Starting a blocking GC Explicit
08-04 02:22:03.738 24721 24828 I art     : Explicit concurrent mark sweep GC freed 97(3KB) AllocSpace objects, 0(0B) LOS objects, 23% free, 52MB/68MB, paused 270us total 16.102ms
08-04 02:22:03.744 24721 24828 I art     : Starting a blocking GC Explicit
08-04 02:22:03.758 24721 24828 I art     : Explicit concurrent mark sweep GC freed 3(96B) AllocSpace objects, 0(0B) LOS objects, 23% free, 52MB/68MB, paused 240us total 14.080ms
08-04 02:22:03.764 24721 24828 I art     : Starting a blocking GC Explicit
08-04 02:22:03.779 24721 24828 I art     : Explicit concurrent mark sweep GC freed 3(96B) AllocSpace objects, 0(0B) LOS objects, 23% free, 52MB/68MB, paused 280us total 14.808ms
08-04 02:22:03.786 24721 24828 I art     : Starting a blocking GC Explicit
08-04 02:22:03.801 24721 24828 I art     : Explicit concurrent mark sweep GC freed 3(96B) AllocSpace objects, 0(0B) LOS objects, 23% free, 52MB/68MB, paused 270us total 14.907ms
08-04 02:22:04.079 24721 24828 I art     : Starting a blocking GC Explicit
08-04 02:22:04.105 24721 24828 I art     : Explicit concurrent mark sweep GC freed 1341(78KB) AllocSpace objects, 1(20KB) LOS objects, 23% free, 52MB/68MB, paused 380us total 26.353ms
08-04 02:22:04.115 24721 24828 I art     : Starting a blocking GC Explicit
08-04 02:22:04.132 24721 24828 I art     : Explicit concurrent mark sweep GC freed 36(1264B) AllocSpace objects, 0(0B) LOS objects, 23% free, 52MB/68MB, paused 284us total 16.729ms
08-04 02:22:04.140 24721 24828 I art     : Starting a blocking GC Explicit
08-04 02:22:04.156 24721 24828 I art     : Explicit concurrent mark sweep GC freed 3(96B) AllocSpace objects, 0(0B) LOS objects, 23% free, 52MB/68MB, paused 281us total 15.702ms
08-04 02:22:04.162 24721 24828 I art     : Starting a blocking GC Explicit
08-04 02:22:04.178 24721 24828 I art     : Explicit concurrent mark sweep GC freed 3(96B) AllocSpace objects, 0(0B) LOS objects, 23% free, 52MB/68MB, paused 272us total 15.513ms
08-04 02:22:04.185 24721 24828 I art     : Starting a blocking GC Explicit
08-04 02:22:04.201 24721 24828 I art     : Explicit concurrent mark sweep GC freed 3(96B) AllocSpace objects, 0(0B) LOS objects, 23% free, 52MB/68MB, paused 318us total 16.032ms
08-04 02:22:04.291   518   646 I ThermalEngine: ACTION: GPU - Setting GPU[0] to 510000000
08-04 02:22:04.465 24721 24733 I art     : Starting a blocking GC Explicit
08-04 02:22:04.491 24721 24733 I art     : Explicit concurrent mark sweep GC freed 1341(78KB) AllocSpace objects, 1(20KB) LOS objects, 23% free, 52MB/68MB, paused 406us total 25.432ms
08-04 02:22:04.503 24721 24733 I art     : Starting a blocking GC Explicit
08-04 02:22:04.524 24721 24733 I art     : Explicit concurrent mark sweep GC freed 20(704B) AllocSpace objects, 0(0B) LOS objects, 23% free, 52MB/68MB, paused 452us total 20.800ms
08-04 02:22:04.533 24721 24733 I art     : Starting a blocking GC Explicit
08-04 02:22:04.552 24721 24733 I art     : Explicit concurrent mark sweep GC freed 3(96B) AllocSpace objects, 0(0B) LOS objects, 23% free, 52MB/68MB, paused 391us total 19.389ms
08-04 02:22:04.561 24721 24733 I art     : Starting a blocking GC Explicit
08-04 02:22:04.581 24721 24733 I art     : Explicit concurrent mark sweep GC freed 3(96B) AllocSpace objects, 0(0B) LOS objects, 23% free, 52MB/68MB, paused 375us total 20.078ms
08-04 02:22:04.589 24721 24733 I art     : Starting a blocking GC Explicit
08-04 02:22:04.610 24721 24733 I art     : Explicit concurrent mark sweep GC freed 3(96B) AllocSpace objects, 0(0B) LOS objects, 23% free, 52MB/68MB, paused 374us total 19.920ms
08-04 02:22:04.927 24721 24732 I art     : Starting a blocking GC Explicit
08-04 02:22:04.952 24721 24732 I art     : Explicit concurrent mark sweep GC freed 1341(78KB) AllocSpace objects, 1(20KB) LOS objects, 23% free, 52MB/68MB, paused 421us total 25.009ms
08-04 02:22:04.964 24721 24732 I art     : Starting a blocking GC Explicit
08-04 02:22:04.984 24721 24732 I art     : Explicit concurrent mark sweep GC freed 20(704B) AllocSpace objects, 0(0B) LOS objects, 23% free, 52MB/68MB, paused 367us total 20.090ms
08-04 02:22:04.993 24721 24732 I art     : Starting a blocking GC Explicit
08-04 02:22:05.014 24721 24732 I art     : Explicit concurrent mark sweep GC freed 3(96B) AllocSpace objects, 0(0B) LOS objects, 23% free, 52MB/68MB, paused 387us total 20.735ms
08-04 02:22:05.023 24721 24732 I art     : Starting a blocking GC Explicit
08-04 02:22:05.043 24721 24732 I art     : Explicit concurrent mark sweep GC freed 3(96B) AllocSpace objects, 0(0B) LOS objects, 23% free, 52MB/68MB, paused 373us total 20.387ms
08-04 02:22:05.052 24721 24732 I art     : Starting a blocking GC Explicit
08-04 02:22:05.072 24721 24732 I art     : Explicit concurrent mark sweep GC freed 3(96B) AllocSpace objects, 0(0B) LOS objects, 23% free, 52MB/68MB, paused 382us total 20.230ms
08-04 02:22:05.340 24721 24829 I art     : Starting a blocking GC Explicit
08-04 02:22:05.361 24721 24829 I art     : Explicit concurrent mark sweep GC freed 1341(78KB) AllocSpace objects, 1(20KB) LOS objects, 23% free, 52MB/68MB, paused 413us total 20.256ms
08-04 02:22:05.369 24721 24829 I art     : Starting a blocking GC Explicit
08-04 02:22:05.390 24721 24829 I art     : Explicit concurrent mark sweep GC freed 20(704B) AllocSpace objects, 0(0B) LOS objects, 23% free, 52MB/68MB, paused 376us total 20.044ms
08-04 02:22:05.399 24721 24829 I art     : Starting a blocking GC Explicit
08-04 02:22:05.418 24721 24829 I art     : Explicit concurrent mark sweep GC freed 3(96B) AllocSpace objects, 0(0B) LOS objects, 23% free, 52MB/68MB, paused 378us total 19.158ms
08-04 02:22:05.426 24721 24829 I art     : Starting a blocking GC Explicit
08-04 02:22:05.446 24721 24829 I art     : Explicit concurrent mark sweep GC freed 3(96B) AllocSpace objects, 0(0B) LOS objects, 23% free, 52MB/68MB, paused 373us total 19.538ms
08-04 02:22:05.454 24721 24829 I art     : Starting a blocking GC Explicit
08-04 02:22:05.473 24721 24829 I art     : Explicit concurrent mark sweep GC freed 3(96B) AllocSpace objects, 0(0B) LOS objects, 23% free, 52MB/68MB, paused 385us total 18.934ms
08-04 02:22:05.555 26004 26004 D AndroidRuntime: >>>>>> START com.android.internal.os.RuntimeInit uid 2000 <<<<<<
08-04 02:22:05.561 26004 26004 D AndroidRuntime: CheckJNI is OFF
08-04 02:22:05.598 26004 26004 D ICU     : No timezone override file found: /data/misc/zoneinfo/current/icu/icu_tzdata.dat
08-04 02:22:05.632 26004 26004 I Radio-JNI: register_android_hardware_Radio DONE
08-04 02:22:05.654 26004 26004 D AndroidRuntime: Calling main entry com.android.commands.input.Input
08-04 02:22:05.656 26004 26004 I Input   : injectKeyEvent: KeyEvent { action=ACTION_DOWN, keyCode=KEYCODE_BACK, scanCode=0, metaState=0, flags=0x0, repeatCount=0, eventTime=670942069, downTime=670942069, deviceId=-1, source=0x101 }
08-04 02:22:05.661 26004 26004 I Input   : injectKeyEvent: KeyEvent { action=ACTION_UP, keyCode=KEYCODE_BACK, scanCode=0, metaState=0, flags=0x0, repeatCount=0, eventTime=670942069, downTime=670942069, deviceId=-1, source=0x101 }
08-04 02:22:05.668 26004 26004 D AndroidRuntime: Shutting down VM
08-04 02:22:05.704 13866 13866 I GoogleInputMethodServic: GoogleInputMethodService.onFinishInput():3138 
08-04 02:22:05.704 13866 13866 I GoogleInputMethodServic: GoogleInputMethodService.onStartInput():1808 
08-04 02:22:05.753 24721 24828 I art     : Starting a blocking GC Explicit
08-04 02:22:05.771 24721 24828 I art     : Explicit concurrent mark sweep GC freed 1511(85KB) AllocSpace objects, 1(20KB) LOS objects, 23% free, 52MB/68MB, paused 368us total 17.929ms
08-04 02:22:05.779 24721 24828 I art     : Starting a blocking GC Explicit
08-04 02:22:05.798 24721 24828 I art     : Explicit concurrent mark sweep GC freed 26(944B) AllocSpace objects, 0(0B) LOS objects, 23% free, 52MB/68MB, paused 366us total 18.185ms
08-04 02:22:05.806 24721 24828 I art     : Starting a blocking GC Explicit
08-04 02:22:05.824 24721 24828 I art     : Explicit concurrent mark sweep GC freed 3(96B) AllocSpace objects, 0(0B) LOS objects, 23% free, 52MB/68MB, paused 337us total 18.609ms
08-04 02:22:05.834 24721 24828 I art     : Starting a blocking GC Explicit
08-04 02:22:05.854 24721 24828 I art     : Explicit concurrent mark sweep GC freed 3(96B) AllocSpace objects, 0(0B) LOS objects, 23% free, 52MB/68MB, paused 368us total 19.990ms
08-04 02:22:05.863 24721 24828 I art     : Starting a blocking GC Explicit
08-04 02:22:05.888 24721 24828 I art     : Explicit concurrent mark sweep GC freed 3(96B) AllocSpace objects, 0(0B) LOS objects, 23% free, 52MB/68MB, paused 397us total 24.050ms
08-04 02:22:06.008   380   380 W SurfaceFlinger: couldn't log to binary event log: overflow.
08-04 02:22:06.151 24721 24829 I art     : Starting a blocking GC Explicit
08-04 02:22:06.172 24721 24829 I art     : Explicit concurrent mark sweep GC freed 1450(87KB) AllocSpace objects, 1(20KB) LOS objects, 23% free, 52MB/68MB, paused 380us total 20.558ms
08-04 02:22:06.181 24721 24829 I art     : Starting a blocking GC Explicit
08-04 02:22:06.201 24721 24829 I art     : Explicit concurrent mark sweep GC freed 1672(106KB) AllocSpace objects, 3(400KB) LOS objects, 23% free, 52MB/68MB, paused 368us total 20.181ms
08-04 02:22:06.210 24721 24829 I art     : Starting a blocking GC Explicit
08-04 02:22:06.229 24721 24829 I art     : Explicit concurrent mark sweep GC freed 3(96B) AllocSpace objects, 0(0B) LOS objects, 23% free, 52MB/68MB, paused 380us total 19.433ms
08-04 02:22:06.238 24721 24829 I art     : Starting a blocking GC Explicit
08-04 02:22:06.258 24721 24829 I art     : Explicit concurrent mark sweep GC freed 3(96B) AllocSpace objects, 0(0B) LOS objects, 23% free, 52MB/68MB, paused 416us total 19.503ms
08-04 02:22:06.266 24721 24829 I art     : Starting a blocking GC Explicit
08-04 02:22:06.286 24721 24829 I art     : Explicit concurrent mark sweep GC freed 3(96B) AllocSpace objects, 0(0B) LOS objects, 23% free, 52MB/68MB, paused 371us total 19.556ms
08-04 02:22:06.574 24721 24733 I art     : Starting a blocking GC Explicit
08-04 02:22:06.599 24721 24733 I art     : Explicit concurrent mark sweep GC freed 1341(78KB) AllocSpace objects, 1(20KB) LOS objects, 23% free, 52MB/68MB, paused 420us total 25.010ms
08-04 02:22:06.611 24721 24733 I art     : Starting a blocking GC Explicit
08-04 02:22:06.635 24721 24733 I art     : Explicit concurrent mark sweep GC freed 20(704B) AllocSpace objects, 0(0B) LOS objects, 23% free, 52MB/68MB, paused 408us total 23.405ms
08-04 02:22:06.646 24721 24733 I art     : Starting a blocking GC Explicit
08-04 02:22:06.666 24721 24733 I art     : Explicit concurrent mark sweep GC freed 3(96B) AllocSpace objects, 0(0B) LOS objects, 23% free, 52MB/68MB, paused 381us total 19.773ms
08-04 02:22:06.674 24721 24733 I art     : Starting a blocking GC Explicit
08-04 02:22:06.694 24721 24733 I art     : Explicit concurrent mark sweep GC freed 3(96B) AllocSpace objects, 0(0B) LOS objects, 23% free, 52MB/68MB, paused 392us total 19.190ms
08-04 02:22:06.702 24721 24733 I art     : Starting a blocking GC Explicit
08-04 02:22:06.722 24721 24733 I art     : Explicit concurrent mark sweep GC freed 3(96B) AllocSpace objects, 0(0B) LOS objects, 23% free, 52MB/68MB, paused 376us total 19.514ms
08-04 02:22:07.000 24721 24732 I art     : Starting a blocking GC Explicit
08-04 02:22:07.020 24721 24732 I art     : Explicit concurrent mark sweep GC freed 1340(78KB) AllocSpace objects, 1(20KB) LOS objects, 23% free, 52MB/68MB, paused 409us total 19.533ms
08-04 02:22:07.029 24721 24732 I art     : Starting a blocking GC Explicit
08-04 02:22:07.047 24721 24732 I art     : Explicit concurrent mark sweep GC freed 20(704B) AllocSpace objects, 0(0B) LOS objects, 23% free, 52MB/68MB, paused 408us total 18.501ms
08-04 02:22:07.055 24721 24732 I art     : Starting a blocking GC Explicit
08-04 02:22:07.074 24721 24732 I art     : Explicit concurrent mark sweep GC freed 3(96B) AllocSpace objects, 0(0B) LOS objects, 23% free, 52MB/68MB, paused 370us total 18.533ms
08-04 02:22:07.082 24721 24732 I art     : Starting a blocking GC Explicit
08-04 02:22:07.101 24721 24732 I art     : Explicit concurrent mark sweep GC freed 3(96B) AllocSpace objects, 0(0B) LOS objects, 23% free, 52MB/68MB, paused 368us total 18.263ms
08-04 02:22:07.109 24721 24732 I art     : Starting a blocking GC Explicit
08-04 02:22:07.127 24721 24732 I art     : Explicit concurrent mark sweep GC freed 3(96B) AllocSpace objects, 0(0B) LOS objects, 23% free, 52MB/68MB, paused 423us total 18.297ms
08-04 02:22:07.324 26061 26061 D AndroidRuntime: >>>>>> START com.android.internal.os.RuntimeInit uid 2000 <<<<<<
08-04 02:22:07.329 26061 26061 D AndroidRuntime: CheckJNI is OFF
08-04 02:22:07.361 26061 26061 D ICU     : No timezone override file found: /data/misc/zoneinfo/current/icu/icu_tzdata.dat
08-04 02:22:07.394 26061 26061 I Radio-JNI: register_android_hardware_Radio DONE
08-04 02:22:07.395 24721 24828 I art     : Starting a blocking GC Explicit
08-04 02:22:07.414 24721 24828 I art     : Explicit concurrent mark sweep GC freed 1340(78KB) AllocSpace objects, 1(20KB) LOS objects, 23% free, 52MB/68MB, paused 385us total 19.133ms
08-04 02:22:07.416 26061 26061 D AndroidRuntime: Calling main entry com.android.commands.input.Input
08-04 02:22:07.418 26061 26061 I Input   : injectMotionEvent: MotionEvent { action=ACTION_DOWN, actionButton=0, id[0]=0, x[0]=733.0, y[0]=645.0, toolType[0]=TOOL_TYPE_UNKNOWN, buttonState=0, metaState=0, flags=0x0, edgeFlags=0x0, pointerCount=1, historySize=0, eventTime=670943831, downTime=670943831, deviceId=0, source=0x1002 }
08-04 02:22:07.423 26061 26061 I Input   : injectMotionEvent: MotionEvent { action=ACTION_UP, actionButton=0, id[0]=0, x[0]=733.0, y[0]=645.0, toolType[0]=TOOL_TYPE_UNKNOWN, buttonState=0, metaState=0, flags=0x0, edgeFlags=0x0, pointerCount=1, historySize=0, eventTime=670943831, downTime=670943831, deviceId=0, source=0x1002 }
08-04 02:22:07.423 24721 24828 I art     : Starting a blocking GC Explicit
08-04 02:22:07.424   918  3714 I ActivityManager: START u0 {cmp=baseline.appteam.nith.hillffair/.activities.ClubActivity (has extras)} from uid 10651 on display 0
08-04 02:22:07.430 26061 26061 D AndroidRuntime: Shutting down VM
08-04 02:22:07.443 24721 24828 I art     : Explicit concurrent mark sweep GC freed 153(9KB) AllocSpace objects, 0(0B) LOS objects, 23% free, 52MB/68MB, paused 591us total 20.380ms
08-04 02:22:07.451 24721 24828 I art     : Starting a blocking GC Explicit
08-04 02:22:07.471 24721 24828 I art     : Explicit concurrent mark sweep GC freed 3547(231KB) AllocSpace objects, 0(0B) LOS objects, 23% free, 52MB/68MB, paused 705us total 20.254ms
08-04 02:22:07.479 24721 24828 I art     : Starting a blocking GC Explicit
08-04 02:22:07.497 24721 24828 I art     : Explicit concurrent mark sweep GC freed 188(8KB) AllocSpace objects, 0(0B) LOS objects, 23% free, 52MB/68MB, paused 540us total 17.543ms
08-04 02:22:07.506 24721 24828 I art     : Starting a blocking GC Explicit
08-04 02:22:07.515 13866 13866 I GoogleInputMethodServic: GoogleInputMethodService.onFinishInput():3138 
08-04 02:22:07.515 13866 13866 I GoogleInputMethodServic: GoogleInputMethodService.onStartInput():1808 
08-04 02:22:07.516   918   936 I ActivityManager: Displayed baseline.appteam.nith.hillffair/.activities.ClubActivity: +85ms
08-04 02:22:07.524 24721 24828 I art     : Explicit concurrent mark sweep GC freed 180(6KB) AllocSpace objects, 0(0B) LOS objects, 23% free, 52MB/68MB, paused 511us total 18.039ms
08-04 02:22:07.771   380   380 W SurfaceFlinger: couldn't log to binary event log: overflow.
08-04 02:22:07.801 24721 24733 I art     : Starting a blocking GC Explicit
08-04 02:22:07.818 24721 24733 I art     : Explicit concurrent mark sweep GC freed 1437(84KB) AllocSpace objects, 1(20KB) LOS objects, 23% free, 52MB/68MB, paused 389us total 17.112ms
08-04 02:22:07.825 24721 24733 I art     : Starting a blocking GC Explicit
08-04 02:22:07.843 24721 24733 I art     : Explicit concurrent mark sweep GC freed 20(704B) AllocSpace objects, 0(0B) LOS objects, 23% free, 52MB/68MB, paused 444us total 17.011ms
08-04 02:22:07.851 24721 24733 I art     : Starting a blocking GC Explicit
08-04 02:22:07.868 24721 24733 I art     : Explicit concurrent mark sweep GC freed 3(96B) AllocSpace objects, 0(0B) LOS objects, 23% free, 52MB/68MB, paused 388us total 17.362ms
08-04 02:22:07.876 24721 24733 I art     : Starting a blocking GC Explicit
08-04 02:22:07.898 24721 24733 I art     : Explicit concurrent mark sweep GC freed 104(5KB) AllocSpace objects, 0(0B) LOS objects, 23% free, 52MB/68MB, paused 618us total 21.773ms
08-04 02:22:07.908 24721 24733 I art     : Starting a blocking GC Explicit
08-04 02:22:07.928 24721 24733 I art     : Explicit concurrent mark sweep GC freed 11(384B) AllocSpace objects, 0(0B) LOS objects, 23% free, 52MB/68MB, paused 579us total 19.122ms
08-04 02:22:08.217 24721 24733 I art     : Starting a blocking GC Explicit
08-04 02:22:08.239 24721 24733 I art     : Explicit concurrent mark sweep GC freed 1400(80KB) AllocSpace objects, 1(20KB) LOS objects, 23% free, 52MB/68MB, paused 429us total 21.235ms
08-04 02:22:08.248 24721 24733 I art     : Starting a blocking GC Explicit
08-04 02:22:08.268 24721 24733 I art     : Explicit concurrent mark sweep GC freed 64(2176B) AllocSpace objects, 0(0B) LOS objects, 23% free, 52MB/68MB, paused 417us total 19.958ms
08-04 02:22:08.277 24721 24733 I art     : Starting a blocking GC Explicit
08-04 02:22:08.297 24721 24733 I art     : Explicit concurrent mark sweep GC freed 2162(116KB) AllocSpace objects, 2(120KB) LOS objects, 23% free, 52MB/68MB, paused 819us total 19.842ms
08-04 02:22:08.304 24721 26090 D OkHttp  : --> GET https://api-hillfair-2k16.herokuapp.com/api/app/events/special/event?id=5806551bdcba0f490c70fd1f http/1.1
08-04 02:22:08.305 24721 24733 I art     : Starting a blocking GC Explicit
08-04 02:22:08.324 24721 24733 I art     : Explicit concurrent mark sweep GC freed 1375(131KB) AllocSpace objects, 1(80KB) LOS objects, 23% free, 52MB/68MB, paused 434us total 18.583ms
08-04 02:22:08.332 24721 24733 I art     : Starting a blocking GC Explicit
08-04 02:22:08.333 24721 26090 D OkHttp  : <-- 200 OK https://api-hillfair-2k16.herokuapp.com/api/app/events/special/event?id=5806551bdcba0f490c70fd1f (29ms, 795-byte body)
08-04 02:22:08.351 24721 24733 I art     : Explicit concurrent mark sweep GC freed 177(34KB) AllocSpace objects, 0(0B) LOS objects, 23% free, 52MB/68MB, paused 431us total 18.757ms
08-04 02:22:08.395 24721 24721 I NAPPA_EXPERIMENTATION: MetricNetworkRequestExecutionTime: REQUEST_DURATION_SYSTEM='937',REQUEST_DURATION_OKHTTP='29',REQUEST_SYNCHRONOUS='FALSE',RESPONSE_CODE='200',RESPONSE_METHOD='GET',RESPONSE_LENGTH_OKHTTP='795',RESPONSE_LENGTH_HEADER='795',REQUEST_PROTOCOL='http/1.1',REQUEST_URL='https://api-hillfair-2k16.herokuapp.com/api/app/events/special/event?id=5806551bdcba0f490c70fd1f',
08-04 02:22:08.635 24721 24829 I art     : Starting a blocking GC Explicit
08-04 02:22:08.656 24721 24829 I art     : Explicit concurrent mark sweep GC freed 2026(145KB) AllocSpace objects, 1(20KB) LOS objects, 23% free, 52MB/68MB, paused 416us total 21.021ms
08-04 02:22:08.665 24721 24829 I art     : Starting a blocking GC Explicit
08-04 02:22:08.686 24721 24829 I art     : Explicit concurrent mark sweep GC freed 71(2368B) AllocSpace objects, 0(0B) LOS objects, 23% free, 52MB/68MB, paused 397us total 20.714ms
08-04 02:22:08.694 24721 24829 I art     : Starting a blocking GC Explicit
08-04 02:22:08.715 24721 24829 I art     : Explicit concurrent mark sweep GC freed 3(96B) AllocSpace objects, 0(0B) LOS objects, 23% free, 52MB/68MB, paused 367us total 19.921ms
08-04 02:22:08.724 24721 24829 I art     : Starting a blocking GC Explicit
08-04 02:22:08.743 24721 24829 I art     : Explicit concurrent mark sweep GC freed 3(96B) AllocSpace objects, 0(0B) LOS objects, 23% free, 52MB/68MB, paused 388us total 19.125ms
08-04 02:22:08.751 24721 24829 I art     : Starting a blocking GC Explicit
08-04 02:22:08.772 24721 24829 I art     : Explicit concurrent mark sweep GC freed 3(96B) AllocSpace objects, 0(0B) LOS objects, 23% free, 52MB/68MB, paused 393us total 19.947ms
08-04 02:22:09.047 24721 24733 I art     : Starting a blocking GC Explicit
08-04 02:22:09.070 24721 24733 I art     : Explicit concurrent mark sweep GC freed 1357(78KB) AllocSpace objects, 1(20KB) LOS objects, 23% free, 52MB/68MB, paused 442us total 22.345ms
08-04 02:22:09.082 24721 24733 I art     : Starting a blocking GC Explicit
08-04 02:22:09.106 24721 24733 I art     : Explicit concurrent mark sweep GC freed 20(704B) AllocSpace objects, 0(0B) LOS objects, 23% free, 52MB/68MB, paused 406us total 24.128ms
08-04 02:22:09.115 24721 24733 I art     : Starting a blocking GC Explicit
08-04 02:22:09.136 24721 24733 I art     : Explicit concurrent mark sweep GC freed 3(96B) AllocSpace objects, 0(0B) LOS objects, 23% free, 52MB/68MB, paused 399us total 21.089ms
08-04 02:22:09.145 24721 24733 I art     : Starting a blocking GC Explicit
08-04 02:22:09.166 24721 24733 I art     : Explicit concurrent mark sweep GC freed 3(96B) AllocSpace objects, 0(0B) LOS objects, 23% free, 52MB/68MB, paused 404us total 20.671ms
08-04 02:22:09.175 24721 24733 I art     : Starting a blocking GC Explicit
08-04 02:22:09.196 24721 24733 I art     : Explicit concurrent mark sweep GC freed 3(96B) AllocSpace objects, 0(0B) LOS objects, 23% free, 52MB/68MB, paused 397us total 20.708ms
08-04 02:22:09.498 24721 24732 I art     : Starting a blocking GC Explicit
08-04 02:22:09.522 24721 24732 I art     : Explicit concurrent mark sweep GC freed 1341(78KB) AllocSpace objects, 1(20KB) LOS objects, 23% free, 52MB/68MB, paused 410us total 24.443ms
08-04 02:22:09.531 24721 24732 I art     : Starting a blocking GC Explicit
08-04 02:22:09.552 24721 24732 I art     : Explicit concurrent mark sweep GC freed 20(704B) AllocSpace objects, 0(0B) LOS objects, 23% free, 52MB/68MB, paused 448us total 20.818ms
08-04 02:22:09.561 24721 24732 I art     : Starting a blocking GC Explicit
08-04 02:22:09.581 24721 24732 I art     : Explicit concurrent mark sweep GC freed 3(96B) AllocSpace objects, 0(0B) LOS objects, 23% free, 52MB/68MB, paused 386us total 20.394ms
08-04 02:22:09.590 24721 24732 I art     : Starting a blocking GC Explicit
08-04 02:22:09.611 24721 24732 I art     : Explicit concurrent mark sweep GC freed 3(96B) AllocSpace objects, 0(0B) LOS objects, 23% free, 52MB/68MB, paused 389us total 20.342ms
08-04 02:22:09.619 24721 24732 I art     : Starting a blocking GC Explicit
08-04 02:22:09.640 24721 24732 I art     : Explicit concurrent mark sweep GC freed 3(96B) AllocSpace objects, 0(0B) LOS objects, 23% free, 52MB/68MB, paused 399us total 20.785ms
08-04 02:22:09.954 24721 24829 I art     : Starting a blocking GC Explicit
08-04 02:22:09.980 24721 24829 I art     : Explicit concurrent mark sweep GC freed 1341(78KB) AllocSpace objects, 1(20KB) LOS objects, 23% free, 52MB/68MB, paused 426us total 25.601ms
08-04 02:22:09.991 24721 24829 I art     : Starting a blocking GC Explicit
08-04 02:22:10.012 24721 24829 I art     : Explicit concurrent mark sweep GC freed 20(704B) AllocSpace objects, 0(0B) LOS objects, 23% free, 52MB/68MB, paused 391us total 20.961ms
08-04 02:22:10.021 24721 24829 I art     : Starting a blocking GC Explicit
08-04 02:22:10.042 24721 24829 I art     : Explicit concurrent mark sweep GC freed 3(96B) AllocSpace objects, 0(0B) LOS objects, 23% free, 52MB/68MB, paused 398us total 20.949ms
08-04 02:22:10.051 24721 24829 I art     : Starting a blocking GC Explicit
08-04 02:22:10.072 24721 24829 I art     : Explicit concurrent mark sweep GC freed 3(96B) AllocSpace objects, 0(0B) LOS objects, 23% free, 52MB/68MB, paused 390us total 21.003ms
08-04 02:22:10.081 24721 24829 I art     : Starting a blocking GC Explicit
08-04 02:22:10.102 24721 24829 I art     : Explicit concurrent mark sweep GC freed 3(96B) AllocSpace objects, 0(0B) LOS objects, 23% free, 52MB/68MB, paused 371us total 21.124ms
08-04 02:22:10.399 24721 24828 I art     : Starting a blocking GC Explicit
08-04 02:22:10.428 24721 24828 I art     : Explicit concurrent mark sweep GC freed 1341(78KB) AllocSpace objects, 1(20KB) LOS objects, 23% free, 52MB/68MB, paused 740us total 29.032ms
08-04 02:22:10.441 24721 24828 I art     : Starting a blocking GC Explicit
08-04 02:22:10.462 24721 24828 I art     : Explicit concurrent mark sweep GC freed 20(704B) AllocSpace objects, 0(0B) LOS objects, 23% free, 52MB/68MB, paused 411us total 20.893ms
08-04 02:22:10.471 24721 24828 I art     : Starting a blocking GC Explicit
08-04 02:22:10.491 24721 24828 I art     : Explicit concurrent mark sweep GC freed 3(96B) AllocSpace objects, 0(0B) LOS objects, 23% free, 52MB/68MB, paused 392us total 20.386ms
08-04 02:22:10.500 24721 24828 I art     : Starting a blocking GC Explicit
08-04 02:22:10.521 24721 24828 I art     : Explicit concurrent mark sweep GC freed 3(96B) AllocSpace objects, 0(0B) LOS objects, 23% free, 52MB/68MB, paused 401us total 20.809ms
08-04 02:22:10.530 24721 24828 I art     : Starting a blocking GC Explicit
08-04 02:22:10.551 24721 24828 I art     : Explicit concurrent mark sweep GC freed 3(96B) AllocSpace objects, 0(0B) LOS objects, 23% free, 52MB/68MB, paused 404us total 20.583ms
08-04 02:22:10.867 24721 24733 I art     : Starting a blocking GC Explicit
08-04 02:22:10.893 24721 24733 I art     : Explicit concurrent mark sweep GC freed 1341(78KB) AllocSpace objects, 1(20KB) LOS objects, 23% free, 52MB/68MB, paused 441us total 25.788ms
08-04 02:22:10.905 24721 24733 I art     : Starting a blocking GC Explicit
08-04 02:22:10.928 24721 24733 I art     : Explicit concurrent mark sweep GC freed 20(704B) AllocSpace objects, 0(0B) LOS objects, 23% free, 52MB/68MB, paused 400us total 22.880ms
08-04 02:22:10.937 24721 24733 I art     : Starting a blocking GC Explicit
08-04 02:22:10.958 24721 24733 I art     : Explicit concurrent mark sweep GC freed 3(96B) AllocSpace objects, 0(0B) LOS objects, 23% free, 52MB/68MB, paused 464us total 20.492ms
08-04 02:22:10.966 24721 24733 I art     : Starting a blocking GC Explicit
08-04 02:22:10.987 24721 24733 I art     : Explicit concurrent mark sweep GC freed 3(96B) AllocSpace objects, 0(0B) LOS objects, 23% free, 52MB/68MB, paused 536us total 20.511ms
08-04 02:22:10.996 24721 24733 I art     : Starting a blocking GC Explicit
08-04 02:22:11.016 24721 24733 I art     : Explicit concurrent mark sweep GC freed 3(96B) AllocSpace objects, 0(0B) LOS objects, 23% free, 52MB/68MB, paused 395us total 20.361ms
08-04 02:22:11.336 24721 24732 I art     : Starting a blocking GC Explicit
08-04 02:22:11.366 24721 24732 I art     : Explicit concurrent mark sweep GC freed 1341(78KB) AllocSpace objects, 1(20KB) LOS objects, 23% free, 52MB/68MB, paused 462us total 29.763ms
08-04 02:22:11.379 24721 24732 I art     : Starting a blocking GC Explicit
08-04 02:22:11.400 24721 24732 I art     : Explicit concurrent mark sweep GC freed 20(704B) AllocSpace objects, 0(0B) LOS objects, 23% free, 52MB/68MB, paused 426us total 20.748ms
08-04 02:22:11.408 24721 24732 I art     : Starting a blocking GC Explicit
08-04 02:22:11.429 24721 24732 I art     : Explicit concurrent mark sweep GC freed 3(96B) AllocSpace objects, 0(0B) LOS objects, 23% free, 52MB/68MB, paused 391us total 20.256ms
08-04 02:22:11.437 24721 24732 I art     : Starting a blocking GC Explicit
08-04 02:22:11.458 24721 24732 I art     : Explicit concurrent mark sweep GC freed 3(96B) AllocSpace objects, 0(0B) LOS objects, 23% free, 52MB/68MB, paused 389us total 20.724ms
08-04 02:22:11.467 24721 24732 I art     : Starting a blocking GC Explicit
08-04 02:22:11.488 24721 24732 I art     : Explicit concurrent mark sweep GC freed 3(96B) AllocSpace objects, 0(0B) LOS objects, 23% free, 52MB/68MB, paused 397us total 20.922ms
08-04 02:22:11.775 24721 24829 I art     : Starting a blocking GC Explicit
08-04 02:22:11.797 24721 24829 I art     : Explicit concurrent mark sweep GC freed 1341(78KB) AllocSpace objects, 1(20KB) LOS objects, 23% free, 52MB/68MB, paused 403us total 20.982ms
08-04 02:22:11.805 24721 24829 I art     : Starting a blocking GC Explicit
08-04 02:22:11.825 24721 24829 I art     : Explicit concurrent mark sweep GC freed 20(704B) AllocSpace objects, 0(0B) LOS objects, 23% free, 52MB/68MB, paused 389us total 20.005ms
08-04 02:22:11.834 24721 24829 I art     : Starting a blocking GC Explicit
08-04 02:22:11.854 24721 24829 I art     : Explicit concurrent mark sweep GC freed 3(96B) AllocSpace objects, 0(0B) LOS objects, 23% free, 52MB/68MB, paused 430us total 20.053ms
08-04 02:22:11.863 24721 24829 I art     : Starting a blocking GC Explicit
08-04 02:22:11.882 24721 24829 I art     : Explicit concurrent mark sweep GC freed 3(96B) AllocSpace objects, 0(0B) LOS objects, 23% free, 52MB/68MB, paused 390us total 19.075ms
08-04 02:22:11.890 24721 24829 I art     : Starting a blocking GC Explicit
08-04 02:22:11.910 24721 24829 I art     : Explicit concurrent mark sweep GC freed 3(96B) AllocSpace objects, 0(0B) LOS objects, 23% free, 52MB/68MB, paused 394us total 19.421ms
08-04 02:22:12.106 26187 26187 D AndroidRuntime: >>>>>> START com.android.internal.os.RuntimeInit uid 2000 <<<<<<
08-04 02:22:12.111 26187 26187 D AndroidRuntime: CheckJNI is OFF
08-04 02:22:12.142 26187 26187 D ICU     : No timezone override file found: /data/misc/zoneinfo/current/icu/icu_tzdata.dat
08-04 02:22:12.176 26187 26187 I Radio-JNI: register_android_hardware_Radio DONE
08-04 02:22:12.197 24721 24828 I art     : Starting a blocking GC Explicit
08-04 02:22:12.197 26187 26187 D AndroidRuntime: Calling main entry com.android.commands.input.Input
08-04 02:22:12.199 26187 26187 I Input   : injectKeyEvent: KeyEvent { action=ACTION_DOWN, keyCode=KEYCODE_BACK, scanCode=0, metaState=0, flags=0x0, repeatCount=0, eventTime=670948612, downTime=670948612, deviceId=-1, source=0x101 }
08-04 02:22:12.204 26187 26187 I Input   : injectKeyEvent: KeyEvent { action=ACTION_UP, keyCode=KEYCODE_BACK, scanCode=0, metaState=0, flags=0x0, repeatCount=0, eventTime=670948612, downTime=670948612, deviceId=-1, source=0x101 }
08-04 02:22:12.210 26187 26187 D AndroidRuntime: Shutting down VM
08-04 02:22:12.217 24721 24828 I art     : Explicit concurrent mark sweep GC freed 1432(82KB) AllocSpace objects, 1(20KB) LOS objects, 23% free, 52MB/68MB, paused 594us total 20.122ms
08-04 02:22:12.226 24721 24828 I art     : Starting a blocking GC Explicit
08-04 02:22:12.243 24721 24828 I art     : Explicit concurrent mark sweep GC freed 69(2400B) AllocSpace objects, 0(0B) LOS objects, 23% free, 52MB/68MB, paused 384us total 17.135ms
08-04 02:22:12.250 13866 13866 I GoogleInputMethodServic: GoogleInputMethodService.onFinishInput():3138 
08-04 02:22:12.250 13866 13866 I GoogleInputMethodServic: GoogleInputMethodService.onStartInput():1808 
08-04 02:22:12.251 24721 24828 I art     : Starting a blocking GC Explicit
08-04 02:22:12.269 24721 24828 I art     : Explicit concurrent mark sweep GC freed 26(1008B) AllocSpace objects, 0(0B) LOS objects, 23% free, 52MB/68MB, paused 365us total 18.334ms
08-04 02:22:12.277 24721 24828 I art     : Starting a blocking GC Explicit
08-04 02:22:12.297 24721 24828 I art     : Explicit concurrent mark sweep GC freed 11(384B) AllocSpace objects, 0(0B) LOS objects, 23% free, 52MB/68MB, paused 422us total 19.739ms
08-04 02:22:12.304   518   646 I ThermalEngine: ACTION: GPU - Setting GPU[0] to 600000000
08-04 02:22:12.306 24721 24828 I art     : Starting a blocking GC Explicit
08-04 02:22:12.323 24721 24828 I art     : Explicit concurrent mark sweep GC freed 7(240B) AllocSpace objects, 0(0B) LOS objects, 23% free, 52MB/68MB, paused 367us total 16.795ms
08-04 02:22:12.565   380   380 W SurfaceFlinger: couldn't log to binary event log: overflow.
08-04 02:22:12.569 24721 24828 I art     : Starting a blocking GC Explicit
08-04 02:22:12.588 24721 24828 I art     : Explicit concurrent mark sweep GC freed 1447(86KB) AllocSpace objects, 1(20KB) LOS objects, 23% free, 52MB/68MB, paused 342us total 18.639ms
08-04 02:22:12.595 24721 24828 I art     : Starting a blocking GC Explicit
08-04 02:22:12.610 24721 24828 I art     : Explicit concurrent mark sweep GC freed 133(6KB) AllocSpace objects, 0(0B) LOS objects, 23% free, 52MB/68MB, paused 300us total 14.993ms
08-04 02:22:12.616 24721 24828 I art     : Starting a blocking GC Explicit
08-04 02:22:12.631 24721 24828 I art     : Explicit concurrent mark sweep GC freed 1545(101KB) AllocSpace objects, 3(400KB) LOS objects, 23% free, 52MB/68MB, paused 295us total 14.420ms
08-04 02:22:12.637 24721 24828 I art     : Starting a blocking GC Explicit
08-04 02:22:12.653 24721 24828 I art     : Explicit concurrent mark sweep GC freed 3(96B) AllocSpace objects, 0(0B) LOS objects, 23% free, 52MB/68MB, paused 298us total 15.538ms
08-04 02:22:12.660 24721 24828 I art     : Starting a blocking GC Explicit
08-04 02:22:12.675 24721 24828 I art     : Explicit concurrent mark sweep GC freed 3(96B) AllocSpace objects, 0(0B) LOS objects, 23% free, 52MB/68MB, paused 309us total 15.663ms
08-04 02:22:12.955 24721 24829 I art     : Starting a blocking GC Explicit
08-04 02:22:12.973 24721 24829 I art     : Explicit concurrent mark sweep GC freed 1341(78KB) AllocSpace objects, 1(20KB) LOS objects, 23% free, 52MB/68MB, paused 312us total 18.026ms
08-04 02:22:12.980 24721 24829 I art     : Starting a blocking GC Explicit
08-04 02:22:12.997 24721 24829 I art     : Explicit concurrent mark sweep GC freed 20(704B) AllocSpace objects, 0(0B) LOS objects, 23% free, 52MB/68MB, paused 387us total 16.340ms
08-04 02:22:13.004 24721 24829 I art     : Starting a blocking GC Explicit
08-04 02:22:13.019 24721 24829 I art     : Explicit concurrent mark sweep GC freed 3(96B) AllocSpace objects, 0(0B) LOS objects, 23% free, 52MB/68MB, paused 290us total 15.392ms
08-04 02:22:13.026 24721 24829 I art     : Starting a blocking GC Explicit
08-04 02:22:13.041 24721 24829 I art     : Explicit concurrent mark sweep GC freed 3(96B) AllocSpace objects, 0(0B) LOS objects, 23% free, 52MB/68MB, paused 287us total 15.448ms
08-04 02:22:13.048 24721 24829 I art     : Starting a blocking GC Explicit
08-04 02:22:13.064 24721 24829 I art     : Explicit concurrent mark sweep GC freed 3(96B) AllocSpace objects, 0(0B) LOS objects, 23% free, 52MB/68MB, paused 283us total 15.371ms
08-04 02:22:13.326 24721 24732 I art     : Starting a blocking GC Explicit
08-04 02:22:13.348 24721 24732 I art     : Explicit concurrent mark sweep GC freed 1340(78KB) AllocSpace objects, 1(20KB) LOS objects, 23% free, 52MB/68MB, paused 338us total 21.827ms
08-04 02:22:13.357 24721 24732 I art     : Starting a blocking GC Explicit
08-04 02:22:13.374 24721 24732 I art     : Explicit concurrent mark sweep GC freed 20(704B) AllocSpace objects, 0(0B) LOS objects, 23% free, 52MB/68MB, paused 288us total 16.268ms
08-04 02:22:13.381 24721 24732 I art     : Starting a blocking GC Explicit
08-04 02:22:13.397 24721 24732 I art     : Explicit concurrent mark sweep GC freed 3(96B) AllocSpace objects, 0(0B) LOS objects, 23% free, 52MB/68MB, paused 332us total 15.522ms
08-04 02:22:13.403 24721 24732 I art     : Starting a blocking GC Explicit
08-04 02:22:13.419 24721 24732 I art     : Explicit concurrent mark sweep GC freed 3(96B) AllocSpace objects, 0(0B) LOS objects, 23% free, 52MB/68MB, paused 287us total 15.464ms
08-04 02:22:13.425 24721 24732 I art     : Starting a blocking GC Explicit
08-04 02:22:13.441 24721 24732 I art     : Explicit concurrent mark sweep GC freed 3(96B) AllocSpace objects, 0(0B) LOS objects, 23% free, 52MB/68MB, paused 265us total 15.440ms
08-04 02:22:13.694 24721 24733 I art     : Starting a blocking GC Explicit
08-04 02:22:13.710 24721 24733 I art     : Explicit concurrent mark sweep GC freed 1626(95KB) AllocSpace objects, 1(20KB) LOS objects, 23% free, 52MB/68MB, paused 341us total 16.002ms
08-04 02:22:13.717 24721 24733 I art     : Starting a blocking GC Explicit
08-04 02:22:13.733 24721 24733 I art     : Explicit concurrent mark sweep GC freed 31(1504B) AllocSpace objects, 0(0B) LOS objects, 23% free, 52MB/68MB, paused 337us total 15.935ms
08-04 02:22:13.739 24721 24733 I art     : Starting a blocking GC Explicit
08-04 02:22:13.755 24721 24733 I art     : Explicit concurrent mark sweep GC freed 26(832B) AllocSpace objects, 0(0B) LOS objects, 23% free, 52MB/68MB, paused 334us total 15.122ms
08-04 02:22:13.761 24721 24733 I art     : Starting a blocking GC Explicit
08-04 02:22:13.775 26248 26248 D AndroidRuntime: >>>>>> START com.android.internal.os.RuntimeInit uid 2000 <<<<<<
08-04 02:22:13.777 24721 24733 I art     : Explicit concurrent mark sweep GC freed 3(96B) AllocSpace objects, 0(0B) LOS objects, 23% free, 52MB/68MB, paused 427us total 16.152ms
08-04 02:22:13.779 26248 26248 D AndroidRuntime: CheckJNI is OFF
08-04 02:22:13.784 24721 24733 I art     : Starting a blocking GC Explicit
08-04 02:22:13.799 24721 24733 I art     : Explicit concurrent mark sweep GC freed 1788(70KB) AllocSpace objects, 0(0B) LOS objects, 23% free, 52MB/68MB, paused 363us total 15.294ms
08-04 02:22:13.807 26248 26248 D ICU     : No timezone override file found: /data/misc/zoneinfo/current/icu/icu_tzdata.dat
08-04 02:22:13.831 26248 26248 I Radio-JNI: register_android_hardware_Radio DONE
08-04 02:22:13.836 24721 26260 W OneSignal: OneSignalRestClient: POST Error thrown from network stack. 
08-04 02:22:13.836 24721 26260 W OneSignal: java.io.IOException: unexpected end of stream on Connection{api.onesignal.com:443, proxy=HTTP@192.168.2.12:8080 hostAddress=192.168.2.12 cipherSuite=TLS_ECDHE_RSA_WITH_AES_128_GCM_SHA256 protocol=http/1.1} (recycle count=0)
08-04 02:22:13.836 24721 26260 W OneSignal: 	at com.android.okhttp.internal.http.HttpConnection.readResponse(HttpConnection.java:210)
08-04 02:22:13.836 24721 26260 W OneSignal: 	at com.android.okhttp.internal.http.HttpTransport.readResponseHeaders(HttpTransport.java:80)
08-04 02:22:13.836 24721 26260 W OneSignal: 	at com.android.okhttp.internal.http.HttpEngine.readNetworkResponse(HttpEngine.java:904)
08-04 02:22:13.836 24721 26260 W OneSignal: 	at com.android.okhttp.internal.http.HttpEngine.readResponse(HttpEngine.java:788)
08-04 02:22:13.836 24721 26260 W OneSignal: 	at com.android.okhttp.internal.huc.HttpURLConnectionImpl.execute(HttpURLConnectionImpl.java:439)
08-04 02:22:13.836 24721 26260 W OneSignal: 	at com.android.okhttp.internal.huc.HttpURLConnectionImpl.getResponse(HttpURLConnectionImpl.java:384)
08-04 02:22:13.836 24721 26260 W OneSignal: 	at com.android.okhttp.internal.huc.HttpURLConnectionImpl.getResponseCode(HttpURLConnectionImpl.java:497)
08-04 02:22:13.836 24721 26260 W OneSignal: 	at com.android.okhttp.internal.huc.DelegatingHttpsURLConnection.getResponseCode(DelegatingHttpsURLConnection.java:105)
08-04 02:22:13.836 24721 26260 W OneSignal: 	at com.android.okhttp.internal.huc.HttpsURLConnectionImpl.getResponseCode(HttpsURLConnectionImpl.java)
08-04 02:22:13.836 24721 26260 W OneSignal: 	at com.onesignal.OneSignalRestClient.startHTTPConnection(OneSignalRestClient.java:180)
08-04 02:22:13.836 24721 26260 W OneSignal: 	at com.onesignal.OneSignalRestClient.access$100(OneSignalRestClient.java:44)
08-04 02:22:13.836 24721 26260 W OneSignal: 	at com.onesignal.OneSignalRestClient$4.run(OneSignalRestClient.java:110)
08-04 02:22:13.836 24721 26260 W OneSignal: 	at java.lang.Thread.run(Thread.java:818)
08-04 02:22:13.836 24721 26260 W OneSignal: Caused by: java.io.EOFException: \n not found: size=0 content=...
08-04 02:22:13.836 24721 26260 W OneSignal: 	at com.android.okhttp.okio.RealBufferedSource.readUtf8LineStrict(RealBufferedSource.java:200)
08-04 02:22:13.836 24721 26260 W OneSignal: 	at com.android.okhttp.internal.http.HttpConnection.readResponse(HttpConnection.java:191)
08-04 02:22:13.836 24721 26260 W OneSignal: 	... 12 more
08-04 02:22:13.837 24721 26266 W OneSignal: Failed last request. statusCode: -1
08-04 02:22:13.837 24721 26266 W OneSignal: response: null
08-04 02:22:13.845 26248 26248 D AndroidRuntime: Calling main entry com.android.commands.input.Input
08-04 02:22:13.847 26248 26248 I Input   : injectKeyEvent: KeyEvent { action=ACTION_DOWN, keyCode=KEYCODE_BACK, scanCode=0, metaState=0, flags=0x0, repeatCount=0, eventTime=670950260, downTime=670950260, deviceId=-1, source=0x101 }
08-04 02:22:13.852 26248 26248 I Input   : injectKeyEvent: KeyEvent { action=ACTION_UP, keyCode=KEYCODE_BACK, scanCode=0, metaState=0, flags=0x0, repeatCount=0, eventTime=670950260, downTime=670950260, deviceId=-1, source=0x101 }
08-04 02:22:13.856 26248 26248 D AndroidRuntime: Shutting down VM
08-04 02:22:13.892 13866 13866 I GoogleInputMethodServic: GoogleInputMethodService.onFinishInput():3138 
08-04 02:22:13.892 13866 13866 I GoogleInputMethodServic: GoogleInputMethodService.onStartInput():1808 
08-04 02:22:14.015 24721 24828 I art     : Starting a blocking GC Explicit
08-04 02:22:14.032 24721 24828 I art     : Explicit concurrent mark sweep GC freed 2047(163KB) AllocSpace objects, 1(20KB) LOS objects, 23% free, 52MB/68MB, paused 320us total 16.753ms
08-04 02:22:14.043 24721 24828 I art     : Starting a blocking GC Explicit
08-04 02:22:14.063 24721 24828 I art     : Explicit concurrent mark sweep GC freed 41(1552B) AllocSpace objects, 0(0B) LOS objects, 23% free, 52MB/68MB, paused 316us total 19.655ms
08-04 02:22:14.071 24721 24828 I art     : Starting a blocking GC Explicit
08-04 02:22:14.094 24721 24828 I art     : Explicit concurrent mark sweep GC freed 3(96B) AllocSpace objects, 0(0B) LOS objects, 23% free, 52MB/68MB, paused 373us total 22.466ms
08-04 02:22:14.101 24721 24828 I art     : Starting a blocking GC Explicit
08-04 02:22:14.121 24721 24828 I art     : Explicit concurrent mark sweep GC freed 3(96B) AllocSpace objects, 0(0B) LOS objects, 23% free, 52MB/68MB, paused 366us total 19.968ms
08-04 02:22:14.131 24721 24828 I art     : Starting a blocking GC Explicit
08-04 02:22:14.149 24721 24828 I art     : Explicit concurrent mark sweep GC freed 3(96B) AllocSpace objects, 0(0B) LOS objects, 23% free, 52MB/68MB, paused 306us total 17.827ms
08-04 02:22:14.162   918  3261 D WifiStateMachine: starting scan for "H369AA63323"WPA_PSK with 2412,5180
08-04 02:22:14.408 24721 24732 I art     : Starting a blocking GC Explicit
08-04 02:22:14.427 24721 24732 I art     : Explicit concurrent mark sweep GC freed 2404(129KB) AllocSpace objects, 1(20KB) LOS objects, 23% free, 52MB/68MB, paused 340us total 18.054ms
08-04 02:22:14.434 24721 24732 I art     : Starting a blocking GC Explicit
08-04 02:22:14.450 24721 24732 I art     : Explicit concurrent mark sweep GC freed 2100(127KB) AllocSpace objects, 2(140KB) LOS objects, 23% free, 51MB/67MB, paused 280us total 15.730ms
08-04 02:22:14.457 24721 24732 I art     : Starting a blocking GC Explicit
08-04 02:22:14.472 24721 24732 I art     : Explicit concurrent mark sweep GC freed 3(96B) AllocSpace objects, 0(0B) LOS objects, 23% free, 51MB/67MB, paused 304us total 15.375ms
08-04 02:22:14.479 24721 24732 I art     : Starting a blocking GC Explicit
08-04 02:22:14.494 24721 24732 I art     : Explicit concurrent mark sweep GC freed 3(96B) AllocSpace objects, 0(0B) LOS objects, 23% free, 51MB/67MB, paused 299us total 15.094ms
08-04 02:22:14.501 24721 24732 I art     : Starting a blocking GC Explicit
08-04 02:22:14.516 24721 24732 I art     : Explicit concurrent mark sweep GC freed 3(96B) AllocSpace objects, 0(0B) LOS objects, 23% free, 51MB/67MB, paused 290us total 15.063ms
08-04 02:22:14.799 24721 24733 I art     : Starting a blocking GC Explicit
08-04 02:22:14.820 24721 24733 I art     : Explicit concurrent mark sweep GC freed 1340(78KB) AllocSpace objects, 1(20KB) LOS objects, 23% free, 51MB/67MB, paused 342us total 21.428ms
08-04 02:22:14.831 24721 24733 I art     : Starting a blocking GC Explicit
08-04 02:22:14.847 24721 24733 I art     : Explicit concurrent mark sweep GC freed 20(704B) AllocSpace objects, 0(0B) LOS objects, 23% free, 51MB/67MB, paused 325us total 16.007ms
08-04 02:22:14.854 24721 24733 I art     : Starting a blocking GC Explicit
08-04 02:22:14.870 24721 24733 I art     : Explicit concurrent mark sweep GC freed 3(96B) AllocSpace objects, 0(0B) LOS objects, 23% free, 51MB/67MB, paused 305us total 15.213ms
08-04 02:22:14.877 24721 24733 I art     : Starting a blocking GC Explicit
08-04 02:22:14.892 24721 24733 I art     : Explicit concurrent mark sweep GC freed 3(96B) AllocSpace objects, 0(0B) LOS objects, 23% free, 51MB/67MB, paused 306us total 14.459ms
08-04 02:22:14.898 24721 24733 I art     : Starting a blocking GC Explicit
08-04 02:22:14.913 24721 24733 I art     : Explicit concurrent mark sweep GC freed 3(96B) AllocSpace objects, 0(0B) LOS objects, 23% free, 51MB/67MB, paused 308us total 14.589ms
08-04 02:22:15.182 24721 24829 I art     : Starting a blocking GC Explicit
08-04 02:22:15.199 24721 24829 I art     : Explicit concurrent mark sweep GC freed 1338(78KB) AllocSpace objects, 1(20KB) LOS objects, 23% free, 51MB/67MB, paused 321us total 16.163ms
08-04 02:22:15.206 24721 24829 I art     : Starting a blocking GC Explicit
08-04 02:22:15.220 24721 24829 I art     : Explicit concurrent mark sweep GC freed 20(704B) AllocSpace objects, 0(0B) LOS objects, 23% free, 51MB/67MB, paused 304us total 14.378ms
08-04 02:22:15.226 24721 24829 I art     : Starting a blocking GC Explicit
08-04 02:22:15.241 24721 24829 I art     : Explicit concurrent mark sweep GC freed 3(96B) AllocSpace objects, 0(0B) LOS objects, 23% free, 51MB/67MB, paused 305us total 14.400ms
08-04 02:22:15.248 24721 24829 I art     : Starting a blocking GC Explicit
08-04 02:22:15.262 24721 24829 I art     : Explicit concurrent mark sweep GC freed 3(96B) AllocSpace objects, 0(0B) LOS objects, 23% free, 51MB/67MB, paused 291us total 13.715ms
08-04 02:22:15.268 24721 24829 I art     : Starting a blocking GC Explicit
08-04 02:22:15.282 24721 24829 I art     : Explicit concurrent mark sweep GC freed 3(96B) AllocSpace objects, 0(0B) LOS objects, 23% free, 51MB/67MB, paused 292us total 13.922ms
08-04 02:22:15.311   518   646 I ThermalEngine: ACTION: GPU - Setting GPU[0] to 510000000
08-04 02:22:15.475 26309 26309 D AndroidRuntime: >>>>>> START com.android.internal.os.RuntimeInit uid 2000 <<<<<<
08-04 02:22:15.480 26309 26309 D AndroidRuntime: CheckJNI is OFF
08-04 02:22:15.515 26309 26309 D ICU     : No timezone override file found: /data/misc/zoneinfo/current/icu/icu_tzdata.dat
08-04 02:22:15.546 24721 24828 I art     : Starting a blocking GC Explicit
08-04 02:22:15.548 26309 26309 I Radio-JNI: register_android_hardware_Radio DONE
08-04 02:22:15.566 24721 24828 I art     : Explicit concurrent mark sweep GC freed 1338(78KB) AllocSpace objects, 1(20KB) LOS objects, 23% free, 51MB/67MB, paused 425us total 19.093ms
08-04 02:22:15.571 26309 26309 D AndroidRuntime: Calling main entry com.android.commands.input.Input
08-04 02:22:15.574 26309 26309 I Input   : injectMotionEvent: MotionEvent { action=ACTION_DOWN, actionButton=0, id[0]=0, x[0]=337.0, y[0]=1104.0, toolType[0]=TOOL_TYPE_UNKNOWN, buttonState=0, metaState=0, flags=0x0, edgeFlags=0x0, pointerCount=1, historySize=0, eventTime=670951986, downTime=670951986, deviceId=0, source=0x1002 }
08-04 02:22:15.574 24721 24828 I art     : Starting a blocking GC Explicit
08-04 02:22:15.580 26309 26309 I Input   : injectMotionEvent: MotionEvent { action=ACTION_UP, actionButton=0, id[0]=0, x[0]=337.0, y[0]=1104.0, toolType[0]=TOOL_TYPE_UNKNOWN, buttonState=0, metaState=0, flags=0x0, edgeFlags=0x0, pointerCount=1, historySize=0, eventTime=670951986, downTime=670951986, deviceId=0, source=0x1002 }
08-04 02:22:15.581   918  5132 I ActivityManager: START u0 {cmp=baseline.appteam.nith.hillffair/.activities.BattleDayActivity} from uid 10651 on display 0
08-04 02:22:15.588 26309 26309 D AndroidRuntime: Shutting down VM
08-04 02:22:15.592 24721 24828 I art     : Explicit concurrent mark sweep GC freed 41(1584B) AllocSpace objects, 0(0B) LOS objects, 23% free, 51MB/67MB, paused 622us total 17.980ms
08-04 02:22:15.601 24721 24828 I art     : Starting a blocking GC Explicit
08-04 02:22:15.620 24721 24828 I art     : Explicit concurrent mark sweep GC freed 4592(257KB) AllocSpace objects, 0(0B) LOS objects, 23% free, 52MB/68MB, paused 665us total 18.757ms
08-04 02:22:15.628 24721 24828 I art     : Starting a blocking GC Explicit
08-04 02:22:15.646 24721 24828 I art     : Explicit concurrent mark sweep GC freed 448(47KB) AllocSpace objects, 0(0B) LOS objects, 23% free, 52MB/68MB, paused 435us total 17.221ms
08-04 02:22:15.653 24721 24828 I art     : Starting a blocking GC Explicit
08-04 02:22:15.659 13866 13866 I GoogleInputMethodServic: GoogleInputMethodService.onFinishInput():3138 
08-04 02:22:15.659 13866 13866 I GoogleInputMethodServic: GoogleInputMethodService.onStartInput():1808 
08-04 02:22:15.671 24721 24828 I art     : Explicit concurrent mark sweep GC freed 139(7KB) AllocSpace objects, 0(0B) LOS objects, 23% free, 52MB/68MB, paused 680us total 17.360ms
08-04 02:22:15.684   918   936 I ActivityManager: Displayed baseline.appteam.nith.hillffair/.activities.BattleDayActivity: +96ms
08-04 02:22:15.919   380   380 W SurfaceFlinger: couldn't log to binary event log: overflow.
08-04 02:22:15.949 24721 24733 I art     : Starting a blocking GC Explicit
08-04 02:22:15.968 24721 24733 I art     : Explicit concurrent mark sweep GC freed 1403(80KB) AllocSpace objects, 1(20KB) LOS objects, 23% free, 52MB/68MB, paused 445us total 18.570ms
08-04 02:22:15.976 24721 24733 I art     : Starting a blocking GC Explicit
08-04 02:22:15.995 24721 24733 I art     : Explicit concurrent mark sweep GC freed 30(1024B) AllocSpace objects, 0(0B) LOS objects, 23% free, 52MB/68MB, paused 520us total 18.310ms
08-04 02:22:16.003 24721 24733 I art     : Starting a blocking GC Explicit
08-04 02:22:16.022 24721 24733 I art     : Explicit concurrent mark sweep GC freed 3(96B) AllocSpace objects, 0(0B) LOS objects, 23% free, 52MB/68MB, paused 438us total 18.771ms
08-04 02:22:16.030 24721 24733 I art     : Starting a blocking GC Explicit
08-04 02:22:16.049 24721 24733 I art     : Explicit concurrent mark sweep GC freed 3(96B) AllocSpace objects, 0(0B) LOS objects, 23% free, 52MB/68MB, paused 459us total 18.466ms
08-04 02:22:16.058 24721 24733 I art     : Starting a blocking GC Explicit
08-04 02:22:16.079 24721 26336 D OkHttp  : --> GET https://api-hillfair-2k16.herokuapp.com/api/app/events/special http/1.1
08-04 02:22:16.079 24721 24733 I art     : Explicit concurrent mark sweep GC freed 2582(134KB) AllocSpace objects, 2(120KB) LOS objects, 23% free, 52MB/68MB, paused 498us total 20.820ms
08-04 02:22:16.112 24721 26336 D OkHttp  : <-- 200 OK https://api-hillfair-2k16.herokuapp.com/api/app/events/special (32ms, 554-byte body)
08-04 02:22:16.169 24721 24721 I NAPPA_EXPERIMENTATION: MetricNetworkRequestExecutionTime: REQUEST_DURATION_SYSTEM='555',REQUEST_DURATION_OKHTTP='32',REQUEST_SYNCHRONOUS='FALSE',RESPONSE_CODE='200',RESPONSE_METHOD='GET',RESPONSE_LENGTH_OKHTTP='554',RESPONSE_LENGTH_HEADER='554',REQUEST_PROTOCOL='http/1.1',REQUEST_URL='https://api-hillfair-2k16.herokuapp.com/api/app/events/special',
08-04 02:22:16.258 18002 18002 I ServiceManager: Waiting for service AtCmdFwd...
08-04 02:22:16.347 24721 24732 I art     : Starting a blocking GC Explicit
08-04 02:22:16.370 24721 24732 I art     : Explicit concurrent mark sweep GC freed 3393(299KB) AllocSpace objects, 2(100KB) LOS objects, 23% free, 52MB/68MB, paused 397us total 22.395ms
08-04 02:22:16.383 24721 24732 I art     : Starting a blocking GC Explicit
08-04 02:22:16.404 24721 24732 I art     : Explicit concurrent mark sweep GC freed 137(5KB) AllocSpace objects, 0(0B) LOS objects, 23% free, 52MB/68MB, paused 418us total 21.161ms
08-04 02:22:16.413 24721 24732 I art     : Starting a blocking GC Explicit
08-04 02:22:16.433 24721 24732 I art     : Explicit concurrent mark sweep GC freed 3(96B) AllocSpace objects, 0(0B) LOS objects, 23% free, 52MB/68MB, paused 419us total 19.713ms
08-04 02:22:16.441 24721 24732 I art     : Starting a blocking GC Explicit
08-04 02:22:16.462 24721 24732 I art     : Explicit concurrent mark sweep GC freed 3(96B) AllocSpace objects, 0(0B) LOS objects, 23% free, 52MB/68MB, paused 413us total 20.221ms
08-04 02:22:16.471 24721 24732 I art     : Starting a blocking GC Explicit
08-04 02:22:16.491 24721 24732 I art     : Explicit concurrent mark sweep GC freed 3(96B) AllocSpace objects, 0(0B) LOS objects, 23% free, 52MB/68MB, paused 428us total 20.535ms
08-04 02:22:16.780 24721 24733 I art     : Starting a blocking GC Explicit
08-04 02:22:16.804 24721 24733 I art     : Explicit concurrent mark sweep GC freed 1340(78KB) AllocSpace objects, 1(20KB) LOS objects, 23% free, 52MB/68MB, paused 440us total 24.040ms
08-04 02:22:16.813 24721 24733 I art     : Starting a blocking GC Explicit
08-04 02:22:16.834 24721 24733 I art     : Explicit concurrent mark sweep GC freed 20(704B) AllocSpace objects, 0(0B) LOS objects, 23% free, 52MB/68MB, paused 427us total 20.459ms
08-04 02:22:16.842 24721 24733 I art     : Starting a blocking GC Explicit
08-04 02:22:16.863 24721 24733 I art     : Explicit concurrent mark sweep GC freed 3(96B) AllocSpace objects, 0(0B) LOS objects, 23% free, 52MB/68MB, paused 423us total 20.644ms
08-04 02:22:16.872 24721 24733 I art     : Starting a blocking GC Explicit
08-04 02:22:16.892 24721 24733 I art     : Explicit concurrent mark sweep GC freed 3(96B) AllocSpace objects, 0(0B) LOS objects, 23% free, 52MB/68MB, paused 475us total 20.054ms
08-04 02:22:16.901 24721 24733 I art     : Starting a blocking GC Explicit
08-04 02:22:16.921 24721 24733 I art     : Explicit concurrent mark sweep GC freed 3(96B) AllocSpace objects, 0(0B) LOS objects, 23% free, 52MB/68MB, paused 418us total 20.229ms
08-04 02:22:17.207 24721 24828 I art     : Starting a blocking GC Explicit
08-04 02:22:17.233 24721 24828 I art     : Explicit concurrent mark sweep GC freed 1340(78KB) AllocSpace objects, 1(20KB) LOS objects, 23% free, 52MB/68MB, paused 479us total 25.796ms
08-04 02:22:17.245 24721 24828 I art     : Starting a blocking GC Explicit
08-04 02:22:17.259 18002 18002 I ServiceManager: Waiting for service AtCmdFwd...
08-04 02:22:17.269 24721 24828 I art     : Explicit concurrent mark sweep GC freed 20(704B) AllocSpace objects, 0(0B) LOS objects, 23% free, 52MB/68MB, paused 450us total 24.305ms
08-04 02:22:17.279 24721 24828 I art     : Starting a blocking GC Explicit
08-04 02:22:17.300 24721 24828 I art     : Explicit concurrent mark sweep GC freed 3(96B) AllocSpace objects, 0(0B) LOS objects, 23% free, 52MB/68MB, paused 420us total 20.642ms
08-04 02:22:17.309 24721 24828 I art     : Starting a blocking GC Explicit
08-04 02:22:17.329 24721 24828 I art     : Explicit concurrent mark sweep GC freed 3(96B) AllocSpace objects, 0(0B) LOS objects, 23% free, 52MB/68MB, paused 429us total 20.125ms
08-04 02:22:17.338 24721 24828 I art     : Starting a blocking GC Explicit
08-04 02:22:17.358 24721 24828 I art     : Explicit concurrent mark sweep GC freed 3(96B) AllocSpace objects, 0(0B) LOS objects, 23% free, 52MB/68MB, paused 421us total 20.308ms
08-04 02:22:17.677 24721 24829 I art     : Starting a blocking GC Explicit
08-04 02:22:17.703 24721 24829 I art     : Explicit concurrent mark sweep GC freed 1340(78KB) AllocSpace objects, 1(20KB) LOS objects, 23% free, 52MB/68MB, paused 464us total 25.651ms
08-04 02:22:17.715 24721 24829 I art     : Starting a blocking GC Explicit
08-04 02:22:17.738 24721 24829 I art     : Explicit concurrent mark sweep GC freed 20(704B) AllocSpace objects, 0(0B) LOS objects, 23% free, 52MB/68MB, paused 431us total 22.108ms
08-04 02:22:17.746 24721 24829 I art     : Starting a blocking GC Explicit
08-04 02:22:17.767 24721 24829 I art     : Explicit concurrent mark sweep GC freed 3(96B) AllocSpace objects, 0(0B) LOS objects, 23% free, 52MB/68MB, paused 431us total 20.650ms
08-04 02:22:17.776 24721 24829 I art     : Starting a blocking GC Explicit
08-04 02:22:17.796 24721 24829 I art     : Explicit concurrent mark sweep GC freed 3(96B) AllocSpace objects, 0(0B) LOS objects, 23% free, 52MB/68MB, paused 425us total 20.384ms
08-04 02:22:17.805 24721 24829 I art     : Starting a blocking GC Explicit
08-04 02:22:17.826 24721 24829 I art     : Explicit concurrent mark sweep GC freed 3(96B) AllocSpace objects, 0(0B) LOS objects, 23% free, 52MB/68MB, paused 426us total 20.473ms
08-04 02:22:18.148 24721 24732 I art     : Starting a blocking GC Explicit
08-04 02:22:18.174 24721 24732 I art     : Explicit concurrent mark sweep GC freed 1340(78KB) AllocSpace objects, 1(20KB) LOS objects, 23% free, 52MB/68MB, paused 455us total 25.268ms
08-04 02:22:18.186 24721 24732 I art     : Starting a blocking GC Explicit
08-04 02:22:18.207 24721 24732 I art     : Explicit concurrent mark sweep GC freed 20(704B) AllocSpace objects, 0(0B) LOS objects, 23% free, 52MB/68MB, paused 420us total 20.696ms
08-04 02:22:18.215 24721 24732 I art     : Starting a blocking GC Explicit
08-04 02:22:18.235 24721 24732 I art     : Explicit concurrent mark sweep GC freed 3(96B) AllocSpace objects, 0(0B) LOS objects, 23% free, 52MB/68MB, paused 454us total 20.129ms
08-04 02:22:18.244 24721 24732 I art     : Starting a blocking GC Explicit
08-04 02:22:18.260 18002 18002 I ServiceManager: Waiting for service AtCmdFwd...
08-04 02:22:18.265 24721 24732 I art     : Explicit concurrent mark sweep GC freed 3(96B) AllocSpace objects, 0(0B) LOS objects, 23% free, 52MB/68MB, paused 421us total 20.704ms
08-04 02:22:18.274 24721 24732 I art     : Starting a blocking GC Explicit
08-04 02:22:18.294 24721 24732 I art     : Explicit concurrent mark sweep GC freed 3(96B) AllocSpace objects, 0(0B) LOS objects, 23% free, 52MB/68MB, paused 415us total 20.327ms
08-04 02:22:18.606 24721 24733 I art     : Starting a blocking GC Explicit
08-04 02:22:18.632 24721 24733 I art     : Explicit concurrent mark sweep GC freed 1340(78KB) AllocSpace objects, 1(20KB) LOS objects, 23% free, 52MB/68MB, paused 448us total 25.399ms
08-04 02:22:18.643 24721 24733 I art     : Starting a blocking GC Explicit
08-04 02:22:18.666 24721 24733 I art     : Explicit concurrent mark sweep GC freed 20(704B) AllocSpace objects, 0(0B) LOS objects, 23% free, 52MB/68MB, paused 428us total 22.524ms
08-04 02:22:18.675 24721 24733 I art     : Starting a blocking GC Explicit
08-04 02:22:18.695 24721 24733 I art     : Explicit concurrent mark sweep GC freed 3(96B) AllocSpace objects, 0(0B) LOS objects, 23% free, 52MB/68MB, paused 438us total 20.323ms
08-04 02:22:18.704 24721 24733 I art     : Starting a blocking GC Explicit
08-04 02:22:18.725 24721 24733 I art     : Explicit concurrent mark sweep GC freed 3(96B) AllocSpace objects, 0(0B) LOS objects, 23% free, 52MB/68MB, paused 431us total 20.563ms
08-04 02:22:18.733 24721 24733 I art     : Starting a blocking GC Explicit
08-04 02:22:18.754 24721 24733 I art     : Explicit concurrent mark sweep GC freed 3(96B) AllocSpace objects, 0(0B) LOS objects, 23% free, 52MB/68MB, paused 427us total 20.253ms
08-04 02:22:19.062 24721 24828 I art     : Starting a blocking GC Explicit
08-04 02:22:19.088 24721 24828 I art     : Explicit concurrent mark sweep GC freed 1340(78KB) AllocSpace objects, 1(20KB) LOS objects, 23% free, 52MB/68MB, paused 646us total 25.651ms
08-04 02:22:19.100 24721 24828 I art     : Starting a blocking GC Explicit
08-04 02:22:19.121 24721 24828 I art     : Explicit concurrent mark sweep GC freed 20(704B) AllocSpace objects, 0(0B) LOS objects, 23% free, 52MB/68MB, paused 420us total 20.476ms
08-04 02:22:19.129 24721 24828 I art     : Starting a blocking GC Explicit
08-04 02:22:19.149 24721 24828 I art     : Explicit concurrent mark sweep GC freed 3(96B) AllocSpace objects, 0(0B) LOS objects, 23% free, 52MB/68MB, paused 424us total 19.719ms
08-04 02:22:19.158 24721 24828 I art     : Starting a blocking GC Explicit
08-04 02:22:19.179 24721 24828 I art     : Explicit concurrent mark sweep GC freed 3(96B) AllocSpace objects, 0(0B) LOS objects, 23% free, 52MB/68MB, paused 428us total 20.586ms
08-04 02:22:19.188 24721 24828 I art     : Starting a blocking GC Explicit
08-04 02:22:19.208 24721 24828 I art     : Explicit concurrent mark sweep GC freed 3(96B) AllocSpace objects, 0(0B) LOS objects, 23% free, 52MB/68MB, paused 429us total 20.053ms
08-04 02:22:19.261 18002 18002 I ServiceManager: Waiting for service AtCmdFwd...
08-04 02:22:19.515 24721 24829 I art     : Starting a blocking GC Explicit
08-04 02:22:19.545 24721 24829 I art     : Explicit concurrent mark sweep GC freed 1340(78KB) AllocSpace objects, 1(20KB) LOS objects, 23% free, 52MB/68MB, paused 454us total 29.025ms
08-04 02:22:19.557 24721 24829 I art     : Starting a blocking GC Explicit
08-04 02:22:19.579 24721 24829 I art     : Explicit concurrent mark sweep GC freed 20(704B) AllocSpace objects, 0(0B) LOS objects, 23% free, 52MB/68MB, paused 428us total 21.970ms
08-04 02:22:19.588 24721 24829 I art     : Starting a blocking GC Explicit
08-04 02:22:19.609 24721 24829 I art     : Explicit concurrent mark sweep GC freed 3(96B) AllocSpace objects, 0(0B) LOS objects, 23% free, 52MB/68MB, paused 433us total 20.798ms
08-04 02:22:19.617 24721 24829 I art     : Starting a blocking GC Explicit
08-04 02:22:19.638 24721 24829 I art     : Explicit concurrent mark sweep GC freed 3(96B) AllocSpace objects, 0(0B) LOS objects, 23% free, 52MB/68MB, paused 418us total 20.147ms
08-04 02:22:19.646 24721 24829 I art     : Starting a blocking GC Explicit
08-04 02:22:19.666 24721 24829 I art     : Explicit concurrent mark sweep GC freed 3(96B) AllocSpace objects, 0(0B) LOS objects, 23% free, 52MB/68MB, paused 418us total 20.038ms
08-04 02:22:19.958 24721 24732 I art     : Starting a blocking GC Explicit
08-04 02:22:19.979 24721 24732 I art     : Explicit concurrent mark sweep GC freed 1340(78KB) AllocSpace objects, 1(20KB) LOS objects, 23% free, 52MB/68MB, paused 430us total 20.746ms
08-04 02:22:19.988 24721 24732 I art     : Starting a blocking GC Explicit
08-04 02:22:20.008 24721 24732 I art     : Explicit concurrent mark sweep GC freed 20(704B) AllocSpace objects, 0(0B) LOS objects, 23% free, 52MB/68MB, paused 431us total 20.344ms
08-04 02:22:20.017 24721 24732 I art     : Starting a blocking GC Explicit
08-04 02:22:20.037 24721 24732 I art     : Explicit concurrent mark sweep GC freed 3(96B) AllocSpace objects, 0(0B) LOS objects, 23% free, 52MB/68MB, paused 446us total 20.117ms
08-04 02:22:20.046 24721 24732 I art     : Starting a blocking GC Explicit
08-04 02:22:20.065 24721 24732 I art     : Explicit concurrent mark sweep GC freed 3(96B) AllocSpace objects, 0(0B) LOS objects, 23% free, 52MB/68MB, paused 413us total 19.322ms
08-04 02:22:20.074 24721 24732 I art     : Starting a blocking GC Explicit
08-04 02:22:20.093 24721 24732 I art     : Explicit concurrent mark sweep GC freed 3(96B) AllocSpace objects, 0(0B) LOS objects, 23% free, 52MB/68MB, paused 412us total 18.999ms
08-04 02:22:20.261 18002 18002 I ServiceManager: Waiting for service AtCmdFwd...
08-04 02:22:20.266 26430 26430 D AndroidRuntime: >>>>>> START com.android.internal.os.RuntimeInit uid 2000 <<<<<<
08-04 02:22:20.273 26430 26430 D AndroidRuntime: CheckJNI is OFF
08-04 02:22:20.306 26430 26430 D ICU     : No timezone override file found: /data/misc/zoneinfo/current/icu/icu_tzdata.dat
08-04 02:22:20.320   518   646 I ThermalEngine: ACTION: GPU - Setting GPU[0] to 600000000
08-04 02:22:20.338 26430 26430 I Radio-JNI: register_android_hardware_Radio DONE
08-04 02:22:20.360 26430 26430 D AndroidRuntime: Calling main entry com.android.commands.input.Input
08-04 02:22:20.361 26430 26430 I Input   : injectMotionEvent: MotionEvent { action=ACTION_DOWN, actionButton=0, id[0]=0, x[0]=733.0, y[0]=645.0, toolType[0]=TOOL_TYPE_UNKNOWN, buttonState=0, metaState=0, flags=0x0, edgeFlags=0x0, pointerCount=1, historySize=0, eventTime=670956774, downTime=670956774, deviceId=0, source=0x1002 }
08-04 02:22:20.366 26430 26430 I Input   : injectMotionEvent: MotionEvent { action=ACTION_UP, actionButton=0, id[0]=0, x[0]=733.0, y[0]=645.0, toolType[0]=TOOL_TYPE_UNKNOWN, buttonState=0, metaState=0, flags=0x0, edgeFlags=0x0, pointerCount=1, historySize=0, eventTime=670956774, downTime=670956774, deviceId=0, source=0x1002 }
08-04 02:22:20.367   918  6029 I ActivityManager: START u0 {cmp=baseline.appteam.nith.hillffair/.activities.ClubActivity (has extras)} from uid 10651 on display 0
08-04 02:22:20.374 26430 26430 D AndroidRuntime: Shutting down VM
08-04 02:22:20.381 24721 24732 I art     : Starting a blocking GC Explicit
08-04 02:22:20.401 24721 24732 I art     : Explicit concurrent mark sweep GC freed 4185(235KB) AllocSpace objects, 1(20KB) LOS objects, 23% free, 52MB/68MB, paused 591us total 19.388ms
08-04 02:22:20.408 24721 24732 I art     : Starting a blocking GC Explicit
08-04 02:22:20.425 24721 24732 I art     : Explicit concurrent mark sweep GC freed 1002(90KB) AllocSpace objects, 0(0B) LOS objects, 23% free, 52MB/68MB, paused 412us total 16.636ms
08-04 02:22:20.432 24721 24732 I art     : Starting a blocking GC Explicit
08-04 02:22:20.449 24721 24732 I art     : Explicit concurrent mark sweep GC freed 182(7KB) AllocSpace objects, 0(0B) LOS objects, 23% free, 52MB/68MB, paused 490us total 17.196ms
08-04 02:22:20.455 24721 24732 I art     : Starting a blocking GC Explicit
08-04 02:22:20.457   918   936 I ActivityManager: Displayed baseline.appteam.nith.hillffair/.activities.ClubActivity: +82ms
08-04 02:22:20.457 13866 13866 I GoogleInputMethodServic: GoogleInputMethodService.onFinishInput():3138 
08-04 02:22:20.458 13866 13866 I GoogleInputMethodServic: GoogleInputMethodService.onStartInput():1808 
08-04 02:22:20.470 24721 24732 I art     : Explicit concurrent mark sweep GC freed 86(4KB) AllocSpace objects, 0(0B) LOS objects, 23% free, 52MB/68MB, paused 369us total 14.490ms
08-04 02:22:20.477 24721 24732 I art     : Starting a blocking GC Explicit
08-04 02:22:20.493 24721 24732 I art     : Explicit concurrent mark sweep GC freed 69(4KB) AllocSpace objects, 0(0B) LOS objects, 23% free, 52MB/68MB, paused 346us total 15.907ms
08-04 02:22:20.716   380   380 W SurfaceFlinger: couldn't log to binary event log: overflow.
08-04 02:22:20.751 24721 24829 I art     : Starting a blocking GC Explicit
08-04 02:22:20.767 24721 24829 I art     : Explicit concurrent mark sweep GC freed 1344(78KB) AllocSpace objects, 1(20KB) LOS objects, 23% free, 52MB/68MB, paused 322us total 15.459ms
08-04 02:22:20.773 24721 24829 I art     : Starting a blocking GC Explicit
08-04 02:22:20.788 24721 24829 I art     : Explicit concurrent mark sweep GC freed 20(704B) AllocSpace objects, 0(0B) LOS objects, 23% free, 52MB/68MB, paused 351us total 14.849ms
08-04 02:22:20.794 24721 24829 I art     : Starting a blocking GC Explicit
08-04 02:22:20.810 24721 24829 I art     : Explicit concurrent mark sweep GC freed 3(96B) AllocSpace objects, 0(0B) LOS objects, 23% free, 52MB/68MB, paused 371us total 15.045ms
08-04 02:22:20.817 24721 24829 I art     : Starting a blocking GC Explicit
08-04 02:22:20.835 24721 24829 I art     : Explicit concurrent mark sweep GC freed 106(6KB) AllocSpace objects, 0(0B) LOS objects, 23% free, 52MB/68MB, paused 560us total 18.366ms
08-04 02:22:20.843 24721 24829 I art     : Starting a blocking GC Explicit
08-04 02:22:20.862 24721 24829 I art     : Explicit concurrent mark sweep GC freed 12(448B) AllocSpace objects, 0(0B) LOS objects, 23% free, 52MB/68MB, paused 331us total 18.198ms
08-04 02:22:20.884 24721 26461 D OkHttp  : --> GET https://api-hillfair-2k16.herokuapp.com/api/app/events/special/event?id=5806551bdcba0f490c70fd1f http/1.1
08-04 02:22:20.914 24721 26461 D OkHttp  : <-- 200 OK https://api-hillfair-2k16.herokuapp.com/api/app/events/special/event?id=5806551bdcba0f490c70fd1f (29ms, 795-byte body)
08-04 02:22:20.974 24721 24721 I NAPPA_EXPERIMENTATION: MetricNetworkRequestExecutionTime: REQUEST_DURATION_SYSTEM='576',REQUEST_DURATION_OKHTTP='29',REQUEST_SYNCHRONOUS='FALSE',RESPONSE_CODE='200',RESPONSE_METHOD='GET',RESPONSE_LENGTH_OKHTTP='795',RESPONSE_LENGTH_HEADER='795',REQUEST_PROTOCOL='http/1.1',REQUEST_URL='https://api-hillfair-2k16.herokuapp.com/api/app/events/special/event?id=5806551bdcba0f490c70fd1f',
08-04 02:22:21.130 24721 24732 I art     : Starting a blocking GC Explicit
08-04 02:22:21.150 24721 24732 I art     : Explicit concurrent mark sweep GC freed 4766(311KB) AllocSpace objects, 4(220KB) LOS objects, 23% free, 53MB/69MB, paused 364us total 19.463ms
08-04 02:22:21.157 24721 24732 I art     : Starting a blocking GC Explicit
08-04 02:22:21.174 24721 24732 I art     : Explicit concurrent mark sweep GC freed 1030(119KB) AllocSpace objects, 0(0B) LOS objects, 23% free, 52MB/68MB, paused 305us total 16.817ms
08-04 02:22:21.182 24721 24732 I art     : Starting a blocking GC Explicit
08-04 02:22:21.199 24721 24732 I art     : Explicit concurrent mark sweep GC freed 3(96B) AllocSpace objects, 0(0B) LOS objects, 23% free, 52MB/68MB, paused 328us total 16.258ms
08-04 02:22:21.205 24721 24732 I art     : Starting a blocking GC Explicit
08-04 02:22:21.222 24721 24732 I art     : Explicit concurrent mark sweep GC freed 3(96B) AllocSpace objects, 0(0B) LOS objects, 23% free, 52MB/68MB, paused 325us total 16.307ms
08-04 02:22:21.229 24721 24732 I art     : Starting a blocking GC Explicit
08-04 02:22:21.243 24721 24732 I art     : Explicit concurrent mark sweep GC freed 3(96B) AllocSpace objects, 0(0B) LOS objects, 23% free, 52MB/68MB, paused 275us total 14.581ms
08-04 02:22:21.262 18002 18002 W Atfwd_Sendcmd: AtCmdFwd service not published, waiting... retryCnt : 4
08-04 02:22:21.330   518   646 I ThermalEngine: ACTION: GPU - Setting GPU[0] to 510000000
08-04 02:22:21.536 24721 24733 I art     : Starting a blocking GC Explicit
08-04 02:22:21.563 24721 24733 I art     : Explicit concurrent mark sweep GC freed 1341(78KB) AllocSpace objects, 1(20KB) LOS objects, 23% free, 52MB/68MB, paused 490us total 26.693ms
08-04 02:22:21.575 24721 24733 I art     : Starting a blocking GC Explicit
08-04 02:22:21.600 24721 24733 I art     : Explicit concurrent mark sweep GC freed 36(1264B) AllocSpace objects, 0(0B) LOS objects, 23% free, 52MB/68MB, paused 457us total 25.336ms
08-04 02:22:21.609 24721 24733 I art     : Starting a blocking GC Explicit
08-04 02:22:21.631 24721 24733 I art     : Explicit concurrent mark sweep GC freed 3(96B) AllocSpace objects, 0(0B) LOS objects, 23% free, 52MB/68MB, paused 450us total 21.858ms
08-04 02:22:21.640 24721 24733 I art     : Starting a blocking GC Explicit
08-04 02:22:21.661 24721 24733 I art     : Explicit concurrent mark sweep GC freed 3(96B) AllocSpace objects, 0(0B) LOS objects, 23% free, 52MB/68MB, paused 435us total 21.138ms
08-04 02:22:21.670 24721 24733 I art     : Starting a blocking GC Explicit
08-04 02:22:21.691 24721 24733 I art     : Explicit concurrent mark sweep GC freed 3(96B) AllocSpace objects, 0(0B) LOS objects, 23% free, 52MB/68MB, paused 446us total 21.211ms
08-04 02:22:21.982 24721 24829 I art     : Starting a blocking GC Explicit
08-04 02:22:22.014 24721 24829 I art     : Explicit concurrent mark sweep GC freed 1341(78KB) AllocSpace objects, 1(20KB) LOS objects, 23% free, 52MB/68MB, paused 532us total 31.290ms
08-04 02:22:22.027 24721 24829 I art     : Starting a blocking GC Explicit
08-04 02:22:22.053 24721 24829 I art     : Explicit concurrent mark sweep GC freed 20(704B) AllocSpace objects, 0(0B) LOS objects, 23% free, 52MB/68MB, paused 471us total 25.728ms
08-04 02:22:22.064 24721 24829 I art     : Starting a blocking GC Explicit
08-04 02:22:22.086 24721 24829 I art     : Explicit concurrent mark sweep GC freed 3(96B) AllocSpace objects, 0(0B) LOS objects, 23% free, 52MB/68MB, paused 455us total 21.983ms
08-04 02:22:22.096 24721 24829 I art     : Starting a blocking GC Explicit
08-04 02:22:22.117 24721 24829 I art     : Explicit concurrent mark sweep GC freed 3(96B) AllocSpace objects, 0(0B) LOS objects, 23% free, 52MB/68MB, paused 489us total 20.906ms
08-04 02:22:22.125 24721 24829 I art     : Starting a blocking GC Explicit
08-04 02:22:22.147 24721 24829 I art     : Explicit concurrent mark sweep GC freed 3(96B) AllocSpace objects, 0(0B) LOS objects, 23% free, 52MB/68MB, paused 437us total 21.147ms
08-04 02:22:22.473 24721 24828 I art     : Starting a blocking GC Explicit
08-04 02:22:22.502 24721 24828 I art     : Explicit concurrent mark sweep GC freed 1341(78KB) AllocSpace objects, 1(20KB) LOS objects, 23% free, 52MB/68MB, paused 488us total 28.693ms
08-04 02:22:22.517 24721 24828 I art     : Starting a blocking GC Explicit
08-04 02:22:22.539 24721 24828 I art     : Explicit concurrent mark sweep GC freed 20(704B) AllocSpace objects, 0(0B) LOS objects, 23% free, 52MB/68MB, paused 471us total 22.390ms
08-04 02:22:22.548 24721 24828 I art     : Starting a blocking GC Explicit
08-04 02:22:22.570 24721 24828 I art     : Explicit concurrent mark sweep GC freed 3(96B) AllocSpace objects, 0(0B) LOS objects, 23% free, 52MB/68MB, paused 443us total 21.471ms
08-04 02:22:22.579 24721 24828 I art     : Starting a blocking GC Explicit
08-04 02:22:22.600 24721 24828 I art     : Explicit concurrent mark sweep GC freed 3(96B) AllocSpace objects, 0(0B) LOS objects, 23% free, 52MB/68MB, paused 448us total 21.363ms
08-04 02:22:22.609 24721 24828 I art     : Starting a blocking GC Explicit
08-04 02:22:22.631 24721 24828 I art     : Explicit concurrent mark sweep GC freed 3(96B) AllocSpace objects, 0(0B) LOS objects, 23% free, 52MB/68MB, paused 535us total 22.229ms
08-04 02:22:22.963 24721 24732 I art     : Starting a blocking GC Explicit
08-04 02:22:22.991 24721 24732 I art     : Explicit concurrent mark sweep GC freed 1341(78KB) AllocSpace objects, 1(20KB) LOS objects, 23% free, 52MB/68MB, paused 485us total 26.990ms
08-04 02:22:23.002 24721 24732 I art     : Starting a blocking GC Explicit
08-04 02:22:23.024 24721 24732 I art     : Explicit concurrent mark sweep GC freed 20(704B) AllocSpace objects, 0(0B) LOS objects, 23% free, 52MB/68MB, paused 444us total 22.013ms
08-04 02:22:23.033 24721 24732 I art     : Starting a blocking GC Explicit
08-04 02:22:23.055 24721 24732 I art     : Explicit concurrent mark sweep GC freed 3(96B) AllocSpace objects, 0(0B) LOS objects, 23% free, 52MB/68MB, paused 441us total 21.551ms
08-04 02:22:23.064 24721 24732 I art     : Starting a blocking GC Explicit
08-04 02:22:23.086 24721 24732 I art     : Explicit concurrent mark sweep GC freed 3(96B) AllocSpace objects, 0(0B) LOS objects, 23% free, 52MB/68MB, paused 450us total 21.628ms
08-04 02:22:23.095 24721 24732 I art     : Starting a blocking GC Explicit
08-04 02:22:23.116 24721 24732 I art     : Explicit concurrent mark sweep GC freed 3(96B) AllocSpace objects, 0(0B) LOS objects, 23% free, 52MB/68MB, paused 459us total 21.094ms
08-04 02:22:23.430 24721 24733 I art     : Starting a blocking GC Explicit
08-04 02:22:23.454 24721 24733 I art     : Explicit concurrent mark sweep GC freed 1341(78KB) AllocSpace objects, 1(20KB) LOS objects, 23% free, 52MB/68MB, paused 480us total 23.755ms
08-04 02:22:23.466 24721 24733 I art     : Starting a blocking GC Explicit
08-04 02:22:23.488 24721 24733 I art     : Explicit concurrent mark sweep GC freed 20(704B) AllocSpace objects, 0(0B) LOS objects, 23% free, 52MB/68MB, paused 447us total 21.689ms
08-04 02:22:23.497 24721 24733 I art     : Starting a blocking GC Explicit
08-04 02:22:23.519 24721 24733 I art     : Explicit concurrent mark sweep GC freed 3(96B) AllocSpace objects, 0(0B) LOS objects, 23% free, 52MB/68MB, paused 469us total 21.470ms
08-04 02:22:23.528 24721 24733 I art     : Starting a blocking GC Explicit
08-04 02:22:23.551 24721 24733 I art     : Explicit concurrent mark sweep GC freed 3(96B) AllocSpace objects, 0(0B) LOS objects, 23% free, 52MB/68MB, paused 457us total 22.272ms
08-04 02:22:23.560 24721 24733 I art     : Starting a blocking GC Explicit
08-04 02:22:23.581 24721 24733 I art     : Explicit concurrent mark sweep GC freed 3(96B) AllocSpace objects, 0(0B) LOS objects, 23% free, 52MB/68MB, paused 442us total 20.867ms
08-04 02:22:23.897 24721 24829 I art     : Starting a blocking GC Explicit
08-04 02:22:23.926 24721 24829 I art     : Explicit concurrent mark sweep GC freed 1341(78KB) AllocSpace objects, 1(20KB) LOS objects, 23% free, 52MB/68MB, paused 486us total 28.712ms
08-04 02:22:23.938 24721 24829 I art     : Starting a blocking GC Explicit
08-04 02:22:23.963 24721 24829 I art     : Explicit concurrent mark sweep GC freed 20(704B) AllocSpace objects, 0(0B) LOS objects, 23% free, 52MB/68MB, paused 446us total 24.440ms
08-04 02:22:23.972 24721 24829 I art     : Starting a blocking GC Explicit
08-04 02:22:23.994 24721 24829 I art     : Explicit concurrent mark sweep GC freed 3(96B) AllocSpace objects, 0(0B) LOS objects, 23% free, 52MB/68MB, paused 437us total 21.795ms
08-04 02:22:24.002 24721 24829 I art     : Starting a blocking GC Explicit
08-04 02:22:24.024 24721 24829 I art     : Explicit concurrent mark sweep GC freed 3(96B) AllocSpace objects, 0(0B) LOS objects, 23% free, 52MB/68MB, paused 450us total 21.357ms
08-04 02:22:24.033 24721 24829 I art     : Starting a blocking GC Explicit
08-04 02:22:24.054 24721 24829 I art     : Explicit concurrent mark sweep GC freed 3(96B) AllocSpace objects, 0(0B) LOS objects, 23% free, 52MB/68MB, paused 443us total 21.258ms
08-04 02:22:24.332   518   646 I ThermalEngine: ACTION: GPU - Setting GPU[0] to 600000000
08-04 02:22:24.387 24721 24828 I art     : Starting a blocking GC Explicit
08-04 02:22:24.414 24721 24828 I art     : Explicit concurrent mark sweep GC freed 1341(78KB) AllocSpace objects, 1(20KB) LOS objects, 23% free, 52MB/68MB, paused 395us total 26.443ms
08-04 02:22:24.425 24721 24828 I art     : Starting a blocking GC Explicit
08-04 02:22:24.443 24721 24828 I art     : Explicit concurrent mark sweep GC freed 20(704B) AllocSpace objects, 0(0B) LOS objects, 23% free, 52MB/68MB, paused 336us total 17.799ms
08-04 02:22:24.450 24721 24828 I art     : Starting a blocking GC Explicit
08-04 02:22:24.468 24721 24828 I art     : Explicit concurrent mark sweep GC freed 3(96B) AllocSpace objects, 0(0B) LOS objects, 23% free, 52MB/68MB, paused 380us total 17.421ms
08-04 02:22:24.475 24721 24828 I art     : Starting a blocking GC Explicit
08-04 02:22:24.493 24721 24828 I art     : Explicit concurrent mark sweep GC freed 3(96B) AllocSpace objects, 0(0B) LOS objects, 23% free, 52MB/68MB, paused 361us total 17.713ms
08-04 02:22:24.500 24721 24828 I art     : Starting a blocking GC Explicit
08-04 02:22:24.517 24721 24828 I art     : Explicit concurrent mark sweep GC freed 3(96B) AllocSpace objects, 0(0B) LOS objects, 23% free, 52MB/68MB, paused 341us total 16.398ms
08-04 02:22:24.771 24721 24732 I art     : Starting a blocking GC Explicit
08-04 02:22:24.789 24721 24732 I art     : Explicit concurrent mark sweep GC freed 1341(78KB) AllocSpace objects, 1(20KB) LOS objects, 23% free, 52MB/68MB, paused 351us total 17.327ms
08-04 02:22:24.796 24721 24732 I art     : Starting a blocking GC Explicit
08-04 02:22:24.813 24721 24732 I art     : Explicit concurrent mark sweep GC freed 20(704B) AllocSpace objects, 0(0B) LOS objects, 23% free, 52MB/68MB, paused 329us total 17.032ms
08-04 02:22:24.820 24721 24732 I art     : Starting a blocking GC Explicit
08-04 02:22:24.836 24721 24732 I art     : Explicit concurrent mark sweep GC freed 3(96B) AllocSpace objects, 0(0B) LOS objects, 23% free, 52MB/68MB, paused 327us total 16.239ms
08-04 02:22:24.843 24721 24732 I art     : Starting a blocking GC Explicit
08-04 02:22:24.859 24721 24732 I art     : Explicit concurrent mark sweep GC freed 3(96B) AllocSpace objects, 0(0B) LOS objects, 23% free, 52MB/68MB, paused 321us total 16.238ms
08-04 02:22:24.865 24721 24732 I art     : Starting a blocking GC Explicit
08-04 02:22:24.882 24721 24732 I art     : Explicit concurrent mark sweep GC freed 3(96B) AllocSpace objects, 0(0B) LOS objects, 23% free, 52MB/68MB, paused 323us total 15.838ms
08-04 02:22:24.992 26553 26553 D AndroidRuntime: >>>>>> START com.android.internal.os.RuntimeInit uid 2000 <<<<<<
08-04 02:22:24.997 26553 26553 D AndroidRuntime: CheckJNI is OFF
08-04 02:22:25.023 26553 26553 D ICU     : No timezone override file found: /data/misc/zoneinfo/current/icu/icu_tzdata.dat
08-04 02:22:25.048 26553 26553 I Radio-JNI: register_android_hardware_Radio DONE
08-04 02:22:25.064 26553 26553 D AndroidRuntime: Calling main entry com.android.commands.input.Input
08-04 02:22:25.066 26553 26553 I Input   : injectKeyEvent: KeyEvent { action=ACTION_DOWN, keyCode=KEYCODE_BACK, scanCode=0, metaState=0, flags=0x0, repeatCount=0, eventTime=670961479, downTime=670961479, deviceId=-1, source=0x101 }
08-04 02:22:25.075 26553 26553 I Input   : injectKeyEvent: KeyEvent { action=ACTION_UP, keyCode=KEYCODE_BACK, scanCode=0, metaState=0, flags=0x0, repeatCount=0, eventTime=670961479, downTime=670961479, deviceId=-1, source=0x101 }
08-04 02:22:25.084 26553 26553 D AndroidRuntime: Shutting down VM
08-04 02:22:25.131 13866 13866 I GoogleInputMethodServic: GoogleInputMethodService.onFinishInput():3138 
08-04 02:22:25.132 13866 13866 I GoogleInputMethodServic: GoogleInputMethodService.onStartInput():1808 
08-04 02:22:25.142 24721 24733 I art     : Starting a blocking GC Explicit
08-04 02:22:25.160 24721 24733 I art     : Explicit concurrent mark sweep GC freed 1510(85KB) AllocSpace objects, 1(20KB) LOS objects, 23% free, 52MB/68MB, paused 343us total 17.318ms
08-04 02:22:25.167 24721 24733 I art     : Starting a blocking GC Explicit
08-04 02:22:25.182 24721 24733 I art     : Explicit concurrent mark sweep GC freed 27(992B) AllocSpace objects, 0(0B) LOS objects, 23% free, 52MB/68MB, paused 311us total 14.730ms
08-04 02:22:25.188 24721 24733 I art     : Starting a blocking GC Explicit
08-04 02:22:25.203 24721 24733 I art     : Explicit concurrent mark sweep GC freed 3(96B) AllocSpace objects, 0(0B) LOS objects, 23% free, 52MB/68MB, paused 305us total 14.710ms
08-04 02:22:25.210 24721 24733 I art     : Starting a blocking GC Explicit
08-04 02:22:25.227 24721 24733 I art     : Explicit concurrent mark sweep GC freed 3(96B) AllocSpace objects, 0(0B) LOS objects, 23% free, 52MB/68MB, paused 382us total 16.697ms
08-04 02:22:25.234 24721 24733 I art     : Starting a blocking GC Explicit
08-04 02:22:25.250 24721 24733 I art     : Explicit concurrent mark sweep GC freed 3(96B) AllocSpace objects, 0(0B) LOS objects, 23% free, 52MB/68MB, paused 325us total 15.727ms
08-04 02:22:25.428   380   380 W SurfaceFlinger: couldn't log to binary event log: overflow.
08-04 02:22:25.500 24721 24732 I art     : Starting a blocking GC Explicit
08-04 02:22:25.516 24721 24732 I art     : Explicit concurrent mark sweep GC freed 1450(87KB) AllocSpace objects, 1(20KB) LOS objects, 23% free, 52MB/68MB, paused 323us total 15.671ms
08-04 02:22:25.522 24721 24732 I art     : Starting a blocking GC Explicit
08-04 02:22:25.537 24721 24732 I art     : Explicit concurrent mark sweep GC freed 1672(107KB) AllocSpace objects, 3(400KB) LOS objects, 23% free, 52MB/68MB, paused 372us total 14.782ms
08-04 02:22:25.543 24721 24732 I art     : Starting a blocking GC Explicit
08-04 02:22:25.558 24721 24732 I art     : Explicit concurrent mark sweep GC freed 3(96B) AllocSpace objects, 0(0B) LOS objects, 23% free, 52MB/68MB, paused 322us total 14.565ms
08-04 02:22:25.564 24721 24732 I art     : Starting a blocking GC Explicit
08-04 02:22:25.578 24721 24732 I art     : Explicit concurrent mark sweep GC freed 3(96B) AllocSpace objects, 0(0B) LOS objects, 23% free, 52MB/68MB, paused 313us total 14.202ms
08-04 02:22:25.584 24721 24732 I art     : Starting a blocking GC Explicit
08-04 02:22:25.599 24721 24732 I art     : Explicit concurrent mark sweep GC freed 3(96B) AllocSpace objects, 0(0B) LOS objects, 23% free, 52MB/68MB, paused 317us total 14.476ms
08-04 02:22:25.868 24721 24828 I art     : Starting a blocking GC Explicit
08-04 02:22:25.886 24721 24828 I art     : Explicit concurrent mark sweep GC freed 1341(78KB) AllocSpace objects, 1(20KB) LOS objects, 23% free, 52MB/68MB, paused 344us total 18.022ms
08-04 02:22:25.893 24721 24828 I art     : Starting a blocking GC Explicit
08-04 02:22:25.909 24721 24828 I art     : Explicit concurrent mark sweep GC freed 20(704B) AllocSpace objects, 0(0B) LOS objects, 23% free, 52MB/68MB, paused 322us total 15.813ms
08-04 02:22:25.915 24721 24828 I art     : Starting a blocking GC Explicit
08-04 02:22:25.931 24721 24828 I art     : Explicit concurrent mark sweep GC freed 3(96B) AllocSpace objects, 0(0B) LOS objects, 23% free, 52MB/68MB, paused 322us total 15.613ms
08-04 02:22:25.938 24721 24828 I art     : Starting a blocking GC Explicit
08-04 02:22:25.953 24721 24828 I art     : Explicit concurrent mark sweep GC freed 3(96B) AllocSpace objects, 0(0B) LOS objects, 23% free, 52MB/68MB, paused 311us total 15.479ms
08-04 02:22:25.960 24721 24828 I art     : Starting a blocking GC Explicit
08-04 02:22:25.977 24721 24828 I art     : Explicit concurrent mark sweep GC freed 3(96B) AllocSpace objects, 0(0B) LOS objects, 23% free, 52MB/68MB, paused 395us total 16.412ms
08-04 02:22:26.263 24721 24829 I art     : Starting a blocking GC Explicit
08-04 02:22:26.287 24721 24829 I art     : Explicit concurrent mark sweep GC freed 1340(78KB) AllocSpace objects, 1(20KB) LOS objects, 23% free, 52MB/68MB, paused 394us total 24.010ms
08-04 02:22:26.295 24721 24829 I art     : Starting a blocking GC Explicit
08-04 02:22:26.312 24721 24829 I art     : Explicit concurrent mark sweep GC freed 20(704B) AllocSpace objects, 0(0B) LOS objects, 23% free, 52MB/68MB, paused 306us total 16.316ms
08-04 02:22:26.318 24721 24829 I art     : Starting a blocking GC Explicit
08-04 02:22:26.334 24721 24829 I art     : Explicit concurrent mark sweep GC freed 3(96B) AllocSpace objects, 0(0B) LOS objects, 23% free, 52MB/68MB, paused 312us total 15.477ms
08-04 02:22:26.341 24721 24829 I art     : Starting a blocking GC Explicit
08-04 02:22:26.356 24721 24829 I art     : Explicit concurrent mark sweep GC freed 3(96B) AllocSpace objects, 0(0B) LOS objects, 23% free, 52MB/68MB, paused 347us total 15.127ms
08-04 02:22:26.362 24721 24829 I art     : Starting a blocking GC Explicit
08-04 02:22:26.376 24721 24829 I art     : Explicit concurrent mark sweep GC freed 3(96B) AllocSpace objects, 0(0B) LOS objects, 23% free, 52MB/68MB, paused 307us total 14.203ms
08-04 02:22:26.622 26616 26616 D AndroidRuntime: >>>>>> START com.android.internal.os.RuntimeInit uid 2000 <<<<<<
08-04 02:22:26.623 24721 24733 I art     : Starting a blocking GC Explicit
08-04 02:22:26.626 26616 26616 D AndroidRuntime: CheckJNI is OFF
08-04 02:22:26.641 24721 24733 I art     : Explicit concurrent mark sweep GC freed 1340(78KB) AllocSpace objects, 1(20KB) LOS objects, 23% free, 52MB/68MB, paused 401us total 17.190ms
08-04 02:22:26.648 24721 24733 I art     : Starting a blocking GC Explicit
08-04 02:22:26.657 26616 26616 D ICU     : No timezone override file found: /data/misc/zoneinfo/current/icu/icu_tzdata.dat
08-04 02:22:26.663 24721 24733 I art     : Explicit concurrent mark sweep GC freed 20(704B) AllocSpace objects, 0(0B) LOS objects, 23% free, 52MB/68MB, paused 338us total 14.350ms
08-04 02:22:26.669 24721 24733 I art     : Starting a blocking GC Explicit
08-04 02:22:26.682 26616 26616 I Radio-JNI: register_android_hardware_Radio DONE
08-04 02:22:26.684 24721 24733 I art     : Explicit concurrent mark sweep GC freed 3(96B) AllocSpace objects, 0(0B) LOS objects, 23% free, 52MB/68MB, paused 352us total 14.476ms
08-04 02:22:26.690 24721 24733 I art     : Starting a blocking GC Explicit
08-04 02:22:26.698 26616 26616 D AndroidRuntime: Calling main entry com.android.commands.input.Input
08-04 02:22:26.699 26616 26616 I Input   : injectKeyEvent: KeyEvent { action=ACTION_DOWN, keyCode=KEYCODE_BACK, scanCode=0, metaState=0, flags=0x0, repeatCount=0, eventTime=670963113, downTime=670963113, deviceId=-1, source=0x101 }
08-04 02:22:26.704 24721 24733 I art     : Explicit concurrent mark sweep GC freed 3(96B) AllocSpace objects, 0(0B) LOS objects, 23% free, 52MB/68MB, paused 331us total 14.368ms
08-04 02:22:26.705 26616 26616 I Input   : injectKeyEvent: KeyEvent { action=ACTION_UP, keyCode=KEYCODE_BACK, scanCode=0, metaState=0, flags=0x0, repeatCount=0, eventTime=670963113, downTime=670963113, deviceId=-1, source=0x101 }
08-04 02:22:26.710 26616 26616 D AndroidRuntime: Shutting down VM
08-04 02:22:26.711 24721 24733 I art     : Starting a blocking GC Explicit
08-04 02:22:26.726 24721 24733 I art     : Explicit concurrent mark sweep GC freed 146(6KB) AllocSpace objects, 0(0B) LOS objects, 23% free, 52MB/68MB, paused 347us total 15.052ms
08-04 02:22:26.753 13866 13866 I GoogleInputMethodServic: GoogleInputMethodService.onFinishInput():3138 
08-04 02:22:26.754 13866 13866 I GoogleInputMethodServic: GoogleInputMethodService.onStartInput():1808 
08-04 02:22:26.948   918  3188 I hubconnection: sensorhub said: 'set_bias 3: -6.2400, 0.0000, 0.0000'
08-04 02:22:26.981 24721 24828 I art     : Starting a blocking GC Explicit
08-04 02:22:27.004 24721 24828 I art     : Explicit concurrent mark sweep GC freed 1407(80KB) AllocSpace objects, 1(20KB) LOS objects, 23% free, 52MB/68MB, paused 423us total 22.625ms
08-04 02:22:27.013 24721 24828 I art     : Starting a blocking GC Explicit
08-04 02:22:27.033 24721 24828 I art     : Explicit concurrent mark sweep GC freed 24(864B) AllocSpace objects, 0(0B) LOS objects, 23% free, 52MB/68MB, paused 342us total 20.208ms
08-04 02:22:27.041 24721 24828 I art     : Starting a blocking GC Explicit
08-04 02:22:27.058 24721 24828 I art     : Explicit concurrent mark sweep GC freed 611(29KB) AllocSpace objects, 0(0B) LOS objects, 23% free, 52MB/68MB, paused 361us total 16.894ms
08-04 02:22:27.066 24721 24828 I art     : Starting a blocking GC Explicit
08-04 02:22:27.082 24721 24828 I art     : Explicit concurrent mark sweep GC freed 41(1840B) AllocSpace objects, 0(0B) LOS objects, 23% free, 52MB/68MB, paused 403us total 15.812ms
08-04 02:22:27.089 24721 24828 I art     : Starting a blocking GC Explicit
08-04 02:22:27.103 24721 24828 I art     : Explicit concurrent mark sweep GC freed 2083(127KB) AllocSpace objects, 2(140KB) LOS objects, 23% free, 52MB/68MB, paused 345us total 14.451ms
08-04 02:22:27.339   518   646 I ThermalEngine: ACTION: GPU - Setting GPU[0] to 510000000
08-04 02:22:27.385 24721 24732 I art     : Starting a blocking GC Explicit
08-04 02:22:27.410 24721 24732 I art     : Explicit concurrent mark sweep GC freed 1340(78KB) AllocSpace objects, 1(20KB) LOS objects, 23% free, 52MB/68MB, paused 439us total 24.786ms
08-04 02:22:27.423 24721 24732 I art     : Starting a blocking GC Explicit
08-04 02:22:27.444 24721 24732 I art     : Explicit concurrent mark sweep GC freed 20(704B) AllocSpace objects, 0(0B) LOS objects, 23% free, 52MB/68MB, paused 440us total 21.346ms
08-04 02:22:27.453 24721 24732 I art     : Starting a blocking GC Explicit
08-04 02:22:27.472 24721 24732 I art     : Explicit concurrent mark sweep GC freed 3(96B) AllocSpace objects, 0(0B) LOS objects, 23% free, 52MB/68MB, paused 440us total 19.195ms
08-04 02:22:27.481 24721 24732 I art     : Starting a blocking GC Explicit
08-04 02:22:27.501 24721 24732 I art     : Explicit concurrent mark sweep GC freed 3(96B) AllocSpace objects, 0(0B) LOS objects, 23% free, 52MB/68MB, paused 448us total 20.223ms
08-04 02:22:27.510 24721 24732 I art     : Starting a blocking GC Explicit
08-04 02:22:27.530 24721 24732 I art     : Explicit concurrent mark sweep GC freed 3(96B) AllocSpace objects, 0(0B) LOS objects, 23% free, 52MB/68MB, paused 453us total 20.113ms
08-04 02:22:27.822 24721 24733 I art     : Starting a blocking GC Explicit
08-04 02:22:27.851 24721 24733 I art     : Explicit concurrent mark sweep GC freed 1338(78KB) AllocSpace objects, 1(20KB) LOS objects, 23% free, 52MB/68MB, paused 491us total 27.964ms
08-04 02:22:27.863 24721 24733 I art     : Starting a blocking GC Explicit
08-04 02:22:27.884 24721 24733 I art     : Explicit concurrent mark sweep GC freed 20(704B) AllocSpace objects, 0(0B) LOS objects, 23% free, 52MB/68MB, paused 525us total 20.775ms
08-04 02:22:27.892 24721 24733 I art     : Starting a blocking GC Explicit
08-04 02:22:27.912 24721 24733 I art     : Explicit concurrent mark sweep GC freed 3(96B) AllocSpace objects, 0(0B) LOS objects, 23% free, 52MB/68MB, paused 455us total 20.018ms
08-04 02:22:27.921 24721 24733 I art     : Starting a blocking GC Explicit
08-04 02:22:27.941 24721 24733 I art     : Explicit concurrent mark sweep GC freed 3(96B) AllocSpace objects, 0(0B) LOS objects, 23% free, 52MB/68MB, paused 436us total 19.585ms
08-04 02:22:27.950 24721 24733 I art     : Starting a blocking GC Explicit
08-04 02:22:27.969 24721 24733 I art     : Explicit concurrent mark sweep GC freed 3(96B) AllocSpace objects, 0(0B) LOS objects, 23% free, 52MB/68MB, paused 426us total 18.492ms
08-04 02:22:28.237 24721 24829 I art     : Starting a blocking GC Explicit
08-04 02:22:28.257 24721 24829 I art     : Explicit concurrent mark sweep GC freed 1338(78KB) AllocSpace objects, 1(20KB) LOS objects, 23% free, 52MB/68MB, paused 464us total 19.934ms
08-04 02:22:28.265 24721 24829 I art     : Starting a blocking GC Explicit
08-04 02:22:28.284 24721 24829 I art     : Explicit concurrent mark sweep GC freed 20(704B) AllocSpace objects, 0(0B) LOS objects, 23% free, 52MB/68MB, paused 495us total 19.081ms
08-04 02:22:28.293 24721 24829 I art     : Starting a blocking GC Explicit
08-04 02:22:28.312 24721 24829 I art     : Explicit concurrent mark sweep GC freed 3(96B) AllocSpace objects, 0(0B) LOS objects, 23% free, 52MB/68MB, paused 463us total 19.123ms
08-04 02:22:28.321 24721 24829 I art     : Starting a blocking GC Explicit
08-04 02:22:28.340 24721 24829 I art     : Explicit concurrent mark sweep GC freed 3(96B) AllocSpace objects, 0(0B) LOS objects, 23% free, 52MB/68MB, paused 451us total 18.740ms
08-04 02:22:28.348 24721 24829 I art     : Starting a blocking GC Explicit
08-04 02:22:28.367 24721 24829 I art     : Explicit concurrent mark sweep GC freed 3(96B) AllocSpace objects, 0(0B) LOS objects, 23% free, 52MB/68MB, paused 543us total 18.722ms
08-04 02:22:28.368 26669 26669 D AndroidRuntime: >>>>>> START com.android.internal.os.RuntimeInit uid 2000 <<<<<<
08-04 02:22:28.373 26669 26669 D AndroidRuntime: CheckJNI is OFF
08-04 02:22:28.406 26669 26669 D ICU     : No timezone override file found: /data/misc/zoneinfo/current/icu/icu_tzdata.dat
08-04 02:22:28.440 26669 26669 I Radio-JNI: register_android_hardware_Radio DONE
08-04 02:22:28.462 26669 26669 D AndroidRuntime: Calling main entry com.android.commands.input.Input
08-04 02:22:28.463 26669 26669 I Input   : injectMotionEvent: MotionEvent { action=ACTION_DOWN, actionButton=0, id[0]=0, x[0]=1053.0, y[0]=1173.0, toolType[0]=TOOL_TYPE_UNKNOWN, buttonState=0, metaState=0, flags=0x0, edgeFlags=0x0, pointerCount=1, historySize=0, eventTime=670964876, downTime=670964876, deviceId=0, source=0x1002 }
08-04 02:22:28.471 26669 26669 I Input   : injectMotionEvent: MotionEvent { action=ACTION_UP, actionButton=0, id[0]=0, x[0]=1053.0, y[0]=1173.0, toolType[0]=TOOL_TYPE_UNKNOWN, buttonState=0, metaState=0, flags=0x0, edgeFlags=0x0, pointerCount=1, historySize=0, eventTime=670964876, downTime=670964876, deviceId=0, source=0x1002 }
08-04 02:22:28.472   918  6111 I ActivityManager: START u0 {cmp=baseline.appteam.nith.hillffair/.activities.QuizActivity} from uid 10651 on display 0
08-04 02:22:28.479 26669 26669 D AndroidRuntime: Shutting down VM
08-04 02:22:28.610 24721 24829 I art     : Starting a blocking GC Explicit
08-04 02:22:28.613   918   936 I ActivityManager: Displayed baseline.appteam.nith.hillffair/.activities.QuizActivity: +133ms
08-04 02:22:28.613 13866 13866 I GoogleInputMethodServic: GoogleInputMethodService.onFinishInput():3138 
08-04 02:22:28.614 13866 13866 I GoogleInputMethodServic: GoogleInputMethodService.onStartInput():1808 
08-04 02:22:28.633 24721 24829 I art     : Explicit concurrent mark sweep GC freed 2156(142KB) AllocSpace objects, 1(20KB) LOS objects, 23% free, 52MB/68MB, paused 556us total 22.109ms
08-04 02:22:28.641 24721 24829 I art     : Starting a blocking GC Explicit
08-04 02:22:28.660 24721 24829 I art     : Explicit concurrent mark sweep GC freed 180(8KB) AllocSpace objects, 0(0B) LOS objects, 23% free, 52MB/68MB, paused 415us total 18.348ms
08-04 02:22:28.668 24721 24829 I art     : Starting a blocking GC Explicit
08-04 02:22:28.688 24721 24829 I art     : Explicit concurrent mark sweep GC freed 18(768B) AllocSpace objects, 0(0B) LOS objects, 23% free, 52MB/68MB, paused 486us total 20.400ms
08-04 02:22:28.697 24721 24829 I art     : Starting a blocking GC Explicit
08-04 02:22:28.716 24721 24829 I art     : Explicit concurrent mark sweep GC freed 15(576B) AllocSpace objects, 0(0B) LOS objects, 23% free, 52MB/68MB, paused 406us total 19.085ms
08-04 02:22:28.725 24721 24829 I art     : Starting a blocking GC Explicit
08-04 02:22:28.746 24721 24829 I art     : Explicit concurrent mark sweep GC freed 3(96B) AllocSpace objects, 0(0B) LOS objects, 23% free, 52MB/68MB, paused 426us total 21.036ms
08-04 02:22:28.849   380   380 W SurfaceFlinger: couldn't log to binary event log: overflow.
08-04 02:22:28.999 24721 24732 I art     : Starting a blocking GC Explicit
08-04 02:22:29.017 24721 24732 I art     : Explicit concurrent mark sweep GC freed 1411(82KB) AllocSpace objects, 1(20KB) LOS objects, 23% free, 52MB/68MB, paused 402us total 17.535ms
08-04 02:22:29.024 24721 24732 I art     : Starting a blocking GC Explicit
08-04 02:22:29.044 24721 24732 I art     : Explicit concurrent mark sweep GC freed 23(816B) AllocSpace objects, 0(0B) LOS objects, 23% free, 52MB/68MB, paused 421us total 19.263ms
08-04 02:22:29.052 24721 24732 I art     : Starting a blocking GC Explicit
08-04 02:22:29.072 24721 24732 I art     : Explicit concurrent mark sweep GC freed 21(768B) AllocSpace objects, 0(0B) LOS objects, 23% free, 52MB/68MB, paused 421us total 19.685ms
08-04 02:22:29.080 24721 24732 I art     : Starting a blocking GC Explicit
08-04 02:22:29.101 24721 24732 I art     : Explicit concurrent mark sweep GC freed 3(96B) AllocSpace objects, 0(0B) LOS objects, 23% free, 52MB/68MB, paused 434us total 20.369ms
08-04 02:22:29.109 24721 24732 I art     : Starting a blocking GC Explicit
08-04 02:22:29.130 24721 24732 I art     : Explicit concurrent mark sweep GC freed 3(96B) AllocSpace objects, 0(0B) LOS objects, 23% free, 52MB/68MB, paused 446us total 20.219ms
08-04 02:22:29.418 24721 24733 I art     : Starting a blocking GC Explicit
08-04 02:22:29.447 24721 24733 I art     : Explicit concurrent mark sweep GC freed 1340(78KB) AllocSpace objects, 1(20KB) LOS objects, 23% free, 52MB/68MB, paused 489us total 28.784ms
08-04 02:22:29.462 24721 24733 I art     : Starting a blocking GC Explicit
08-04 02:22:29.483 24721 24733 I art     : Explicit concurrent mark sweep GC freed 20(704B) AllocSpace objects, 0(0B) LOS objects, 23% free, 52MB/68MB, paused 456us total 20.950ms
08-04 02:22:29.492 24721 24733 I art     : Starting a blocking GC Explicit
08-04 02:22:29.513 24721 24733 I art     : Explicit concurrent mark sweep GC freed 3(96B) AllocSpace objects, 0(0B) LOS objects, 23% free, 52MB/68MB, paused 465us total 20.935ms
08-04 02:22:29.522 24721 24733 I art     : Starting a blocking GC Explicit
08-04 02:22:29.543 24721 24733 I art     : Explicit concurrent mark sweep GC freed 3(96B) AllocSpace objects, 0(0B) LOS objects, 23% free, 52MB/68MB, paused 451us total 20.978ms
08-04 02:22:29.552 24721 24733 I art     : Starting a blocking GC Explicit
08-04 02:22:29.573 24721 24733 I art     : Explicit concurrent mark sweep GC freed 3(96B) AllocSpace objects, 0(0B) LOS objects, 23% free, 52MB/68MB, paused 453us total 20.495ms
08-04 02:22:29.865 24721 24829 I art     : Starting a blocking GC Explicit
08-04 02:22:29.892 24721 24829 I art     : Explicit concurrent mark sweep GC freed 1343(78KB) AllocSpace objects, 1(20KB) LOS objects, 23% free, 52MB/68MB, paused 507us total 26.158ms
08-04 02:22:29.905 24721 24829 I art     : Starting a blocking GC Explicit
08-04 02:22:29.926 24721 24829 I art     : Explicit concurrent mark sweep GC freed 30(1216B) AllocSpace objects, 0(0B) LOS objects, 23% free, 52MB/68MB, paused 435us total 19.922ms
08-04 02:22:29.934 24721 24829 I art     : Starting a blocking GC Explicit
08-04 02:22:29.955 24721 24829 I art     : Explicit concurrent mark sweep GC freed 17(528B) AllocSpace objects, 0(0B) LOS objects, 23% free, 52MB/68MB, paused 417us total 20.548ms
08-04 02:22:29.964 24721 24829 I art     : Starting a blocking GC Explicit
08-04 02:22:29.985 24721 24829 I art     : Explicit concurrent mark sweep GC freed 3(96B) AllocSpace objects, 0(0B) LOS objects, 23% free, 52MB/68MB, paused 427us total 20.950ms
08-04 02:22:29.994 24721 24829 I art     : Starting a blocking GC Explicit
08-04 02:22:30.015 24721 24829 I art     : Explicit concurrent mark sweep GC freed 3(96B) AllocSpace objects, 0(0B) LOS objects, 23% free, 52MB/68MB, paused 419us total 20.720ms
08-04 02:22:30.304 24721 24732 I art     : Starting a blocking GC Explicit
08-04 02:22:30.326 24721 24732 I art     : Explicit concurrent mark sweep GC freed 1365(79KB) AllocSpace objects, 1(20KB) LOS objects, 23% free, 52MB/68MB, paused 406us total 21.580ms
08-04 02:22:30.336 24721 24732 I art     : Starting a blocking GC Explicit
08-04 02:22:30.357 24721 24732 I art     : Explicit concurrent mark sweep GC freed 25(864B) AllocSpace objects, 0(0B) LOS objects, 23% free, 52MB/68MB, paused 501us total 21.307ms
08-04 02:22:30.367 24721 24732 I art     : Starting a blocking GC Explicit
08-04 02:22:30.387 24721 24732 I art     : Explicit concurrent mark sweep GC freed 3(96B) AllocSpace objects, 0(0B) LOS objects, 23% free, 52MB/68MB, paused 439us total 19.570ms
08-04 02:22:30.395 24721 24732 I art     : Starting a blocking GC Explicit
08-04 02:22:30.415 24721 24732 I art     : Explicit concurrent mark sweep GC freed 3(96B) AllocSpace objects, 0(0B) LOS objects, 23% free, 52MB/68MB, paused 415us total 19.582ms
08-04 02:22:30.423 24721 24732 I art     : Starting a blocking GC Explicit
08-04 02:22:30.443 24721 24732 I art     : Explicit concurrent mark sweep GC freed 3(96B) AllocSpace objects, 0(0B) LOS objects, 23% free, 52MB/68MB, paused 400us total 19.155ms
08-04 02:22:30.749 24721 24828 I art     : Starting a blocking GC Explicit
08-04 02:22:30.770 24721 24828 I art     : Explicit concurrent mark sweep GC freed 1340(78KB) AllocSpace objects, 1(20KB) LOS objects, 23% free, 52MB/68MB, paused 449us total 20.785ms
08-04 02:22:30.779 24721 24828 I art     : Starting a blocking GC Explicit
08-04 02:22:30.799 24721 24828 I art     : Explicit concurrent mark sweep GC freed 20(704B) AllocSpace objects, 0(0B) LOS objects, 23% free, 52MB/68MB, paused 502us total 20.362ms
08-04 02:22:30.808 24721 24828 I art     : Starting a blocking GC Explicit
08-04 02:22:30.828 24721 24828 I art     : Explicit concurrent mark sweep GC freed 3(96B) AllocSpace objects, 0(0B) LOS objects, 23% free, 52MB/68MB, paused 436us total 19.510ms
08-04 02:22:30.836 24721 24828 I art     : Starting a blocking GC Explicit
08-04 02:22:30.856 24721 24828 I art     : Explicit concurrent mark sweep GC freed 3(96B) AllocSpace objects, 0(0B) LOS objects, 23% free, 52MB/68MB, paused 432us total 19.325ms
08-04 02:22:30.864 24721 24828 I art     : Starting a blocking GC Explicit
08-04 02:22:30.884 24721 24828 I art     : Explicit concurrent mark sweep GC freed 3(96B) AllocSpace objects, 0(0B) LOS objects, 23% free, 52MB/68MB, paused 423us total 19.602ms
08-04 02:22:31.133 26754 26754 D AndroidRuntime: >>>>>> START com.android.internal.os.RuntimeInit uid 2000 <<<<<<
08-04 02:22:31.138 26754 26754 D AndroidRuntime: CheckJNI is OFF
08-04 02:22:31.172 26754 26754 D ICU     : No timezone override file found: /data/misc/zoneinfo/current/icu/icu_tzdata.dat
08-04 02:22:31.184 24721 24733 I art     : Starting a blocking GC Explicit
08-04 02:22:31.205 24721 24733 I art     : Explicit concurrent mark sweep GC freed 1340(78KB) AllocSpace objects, 1(20KB) LOS objects, 23% free, 52MB/68MB, paused 514us total 21.127ms
08-04 02:22:31.207 26754 26754 I Radio-JNI: register_android_hardware_Radio DONE
08-04 02:22:31.214 24721 24733 I art     : Starting a blocking GC Explicit
08-04 02:22:31.230 26754 26754 D AndroidRuntime: Calling main entry com.android.commands.input.Input
08-04 02:22:31.232 26754 26754 I Input   : injectMotionEvent: MotionEvent { action=ACTION_DOWN, actionButton=0, id[0]=0, x[0]=756.0, y[0]=1530.0, toolType[0]=TOOL_TYPE_UNKNOWN, buttonState=0, metaState=0, flags=0x0, edgeFlags=0x0, pointerCount=1, historySize=0, eventTime=670967645, downTime=670967645, deviceId=0, source=0x1002 }
08-04 02:22:31.234 24721 24733 I art     : Explicit concurrent mark sweep GC freed 20(704B) AllocSpace objects, 0(0B) LOS objects, 23% free, 52MB/68MB, paused 420us total 19.933ms
08-04 02:22:31.236 26754 26754 I Input   : injectMotionEvent: MotionEvent { action=ACTION_UP, actionButton=0, id[0]=0, x[0]=756.0, y[0]=1530.0, toolType[0]=TOOL_TYPE_UNKNOWN, buttonState=0, metaState=0, flags=0x0, edgeFlags=0x0, pointerCount=1, historySize=0, eventTime=670967645, downTime=670967645, deviceId=0, source=0x1002 }
08-04 02:22:31.238 26754 26754 D AndroidRuntime: Shutting down VM
08-04 02:22:31.243 24721 24733 I art     : Starting a blocking GC Explicit
08-04 02:22:31.257   512  2967 D audio_hw_primary: out_set_parameters: enter: usecase(1: low-latency-playback) kvpairs: routing=2
08-04 02:22:31.257   918  5481 I ActivityManager: START u0 {cmp=baseline.appteam.nith.hillffair/.activities.LeaderBoardActivity} from uid 10651 on display 0
08-04 02:22:31.261 24721 24733 I art     : Explicit concurrent mark sweep GC freed 42(5KB) AllocSpace objects, 0(0B) LOS objects, 23% free, 52MB/68MB, paused 479us total 18.651ms
08-04 02:22:31.270   512  2967 D audio_hw_primary: select_devices: out_snd_device(2: speaker) in_snd_device(0: none)
08-04 02:22:31.270   512  2967 D msm8974_platform: platform_send_audio_calibration: sending audio calibration for snd_device(2) acdb_id(15)
08-04 02:22:31.270 24721 24733 I art     : Starting a blocking GC Explicit
08-04 02:22:31.270   512  2967 I soundtrigger: audio_extn_sound_trigger_update_device_status: device 0x2 of type 0 for Event 1
08-04 02:22:31.284   512  2967 D audio_hw_primary: enable_snd_device: snd_device(2: speaker)
08-04 02:22:31.286   512  2967 D audio_hw_primary: enable_audio_route: apply and update mixer path: low-latency-playback speaker
08-04 02:22:31.291 24721 24733 I art     : Explicit concurrent mark sweep GC freed 1067(64KB) AllocSpace objects, 0(0B) LOS objects, 23% free, 52MB/68MB, paused 855us total 20.881ms
08-04 02:22:31.300 24721 24733 I art     : Starting a blocking GC Explicit
08-04 02:22:31.320 24721 24733 I art     : Explicit concurrent mark sweep GC freed 3925(226KB) AllocSpace objects, 0(0B) LOS objects, 23% free, 52MB/68MB, paused 649us total 19.866ms
08-04 02:22:31.356 24721 24721 E RecyclerView: No adapter attached; skipping layout
08-04 02:22:31.359 24721 24721 E RecyclerView: No adapter attached; skipping layout
08-04 02:22:31.384 13866 13866 I GoogleInputMethodServic: GoogleInputMethodService.onFinishInput():3138 
08-04 02:22:31.384   918   936 I ActivityManager: Displayed baseline.appteam.nith.hillffair/.activities.LeaderBoardActivity: +119ms
08-04 02:22:31.385 13866 13866 I GoogleInputMethodServic: GoogleInputMethodService.onStartInput():1808 
08-04 02:22:31.385 24721 24721 E RecyclerView: No adapter attached; skipping layout
08-04 02:22:31.407 24721 24751 D OpenGLRenderer: endAllStagingAnimators on 0x7f7da35400 (RippleDrawable) with handle 0x7f7fda7060
08-04 02:22:31.565 24721 24733 I art     : Starting a blocking GC Explicit
08-04 02:22:31.594 24721 24733 I art     : Explicit concurrent mark sweep GC freed 1689(94KB) AllocSpace objects, 1(20KB) LOS objects, 23% free, 52MB/68MB, paused 516us total 29.263ms
08-04 02:22:31.606 24721 24733 I art     : Starting a blocking GC Explicit
08-04 02:22:31.631 24721 24733 I art     : Explicit concurrent mark sweep GC freed 44(1504B) AllocSpace objects, 0(0B) LOS objects, 23% free, 52MB/68MB, paused 505us total 24.849ms
08-04 02:22:31.635   380   380 W SurfaceFlinger: couldn't log to binary event log: overflow.
08-04 02:22:31.642 24721 24733 I art     : Starting a blocking GC Explicit
08-04 02:22:31.661 24721 24733 I art     : Explicit concurrent mark sweep GC freed 5(160B) AllocSpace objects, 0(0B) LOS objects, 23% free, 52MB/68MB, paused 442us total 19.333ms
08-04 02:22:31.669 24721 24733 I art     : Starting a blocking GC Explicit
08-04 02:22:31.688 24721 24733 I art     : Explicit concurrent mark sweep GC freed 5(160B) AllocSpace objects, 0(0B) LOS objects, 23% free, 52MB/68MB, paused 431us total 18.590ms
08-04 02:22:31.696 24721 24733 I art     : Starting a blocking GC Explicit
08-04 02:22:31.715 24721 24733 I art     : Explicit concurrent mark sweep GC freed 5(160B) AllocSpace objects, 0(0B) LOS objects, 23% free, 52MB/68MB, paused 478us total 18.613ms
08-04 02:22:31.830   512  2967 D audio_hw_primary: disable_audio_route: reset and update mixer path: low-latency-playback speaker
08-04 02:22:31.831   512  2967 D audio_hw_primary: disable_snd_device: snd_device(2: speaker)
08-04 02:22:31.842   512  2967 I soundtrigger: audio_extn_sound_trigger_update_device_status: device 0x2 of type 0 for Event 0
08-04 02:22:31.863 24721 26777 D OkHttp  : --> GET https://api-hillfair-2k16.herokuapp.com/api/app/quiz/leaderboard?from=1 http/1.1
08-04 02:22:31.892 24721 26777 D OkHttp  : <-- 200 OK https://api-hillfair-2k16.herokuapp.com/api/app/quiz/leaderboard?from=1 (28ms, 56744-byte body)
08-04 02:22:31.986 24721 24721 I NAPPA_EXPERIMENTATION: MetricNetworkRequestExecutionTime: REQUEST_DURATION_SYSTEM='690',REQUEST_DURATION_OKHTTP='28',REQUEST_SYNCHRONOUS='FALSE',RESPONSE_CODE='200',RESPONSE_METHOD='GET',RESPONSE_LENGTH_OKHTTP='56744',RESPONSE_LENGTH_HEADER='56744',REQUEST_PROTOCOL='http/1.1',REQUEST_URL='https://api-hillfair-2k16.herokuapp.com/api/app/quiz/leaderboard?from=1',
08-04 02:22:31.988 24721 24733 I art     : Starting a blocking GC Explicit
08-04 02:22:32.014 24721 24733 I art     : Explicit concurrent mark sweep GC freed 29431(1420KB) AllocSpace objects, 4(220KB) LOS objects, 23% free, 53MB/69MB, paused 766us total 25.671ms
08-04 02:22:32.023 24721 24733 I art     : Starting a blocking GC Explicit
08-04 02:22:32.045 24721 24733 I art     : Explicit concurrent mark sweep GC freed 1702(147KB) AllocSpace objects, 0(0B) LOS objects, 23% free, 52MB/68MB, paused 820us total 21.832ms
08-04 02:22:32.053 24721 24733 I art     : Starting a blocking GC Explicit
08-04 02:22:32.074 24721 24733 I art     : Explicit concurrent mark sweep GC freed 332(11KB) AllocSpace objects, 0(0B) LOS objects, 23% free, 53MB/69MB, paused 460us total 20.150ms
08-04 02:22:32.083 24721 24733 I art     : Starting a blocking GC Explicit
08-04 02:22:32.104 24721 24733 I art     : Explicit concurrent mark sweep GC freed 108(3KB) AllocSpace objects, 0(0B) LOS objects, 23% free, 53MB/69MB, paused 407us total 20.580ms
08-04 02:22:32.112 24721 24733 I art     : Starting a blocking GC Explicit
08-04 02:22:32.133 24721 24733 I art     : Explicit concurrent mark sweep GC freed 3(96B) AllocSpace objects, 0(0B) LOS objects, 23% free, 53MB/69MB, paused 456us total 20.674ms
08-04 02:22:32.424 24721 24828 I art     : Starting a blocking GC Explicit
08-04 02:22:32.453 24721 24828 I art     : Explicit concurrent mark sweep GC freed 1341(78KB) AllocSpace objects, 1(20KB) LOS objects, 23% free, 53MB/69MB, paused 493us total 28.427ms
08-04 02:22:32.464 24721 24828 I art     : Starting a blocking GC Explicit
08-04 02:22:32.488 24721 24828 I art     : Explicit concurrent mark sweep GC freed 20(704B) AllocSpace objects, 0(0B) LOS objects, 23% free, 53MB/69MB, paused 464us total 23.659ms
08-04 02:22:32.497 24721 24828 I art     : Starting a blocking GC Explicit
08-04 02:22:32.522 24721 24828 I art     : Explicit concurrent mark sweep GC freed 3(96B) AllocSpace objects, 0(0B) LOS objects, 23% free, 53MB/69MB, paused 456us total 24.205ms
08-04 02:22:32.531 24721 24828 I art     : Starting a blocking GC Explicit
08-04 02:22:32.555 24721 24828 I art     : Explicit concurrent mark sweep GC freed 3(96B) AllocSpace objects, 0(0B) LOS objects, 23% free, 53MB/69MB, paused 447us total 23.385ms
08-04 02:22:32.564 24721 24828 I art     : Starting a blocking GC Explicit
08-04 02:22:32.588 24721 24828 I art     : Explicit concurrent mark sweep GC freed 3(96B) AllocSpace objects, 0(0B) LOS objects, 23% free, 53MB/69MB, paused 475us total 23.398ms
08-04 02:22:32.870 24721 24829 I art     : Starting a blocking GC Explicit
08-04 02:22:32.899 24721 24829 I art     : Explicit concurrent mark sweep GC freed 1344(78KB) AllocSpace objects, 1(20KB) LOS objects, 23% free, 53MB/69MB, paused 501us total 29.005ms
08-04 02:22:32.913 24721 24829 I art     : Starting a blocking GC Explicit
08-04 02:22:32.936 24721 24829 I art     : Explicit concurrent mark sweep GC freed 20(704B) AllocSpace objects, 0(0B) LOS objects, 23% free, 53MB/69MB, paused 445us total 22.662ms
08-04 02:22:32.945 24721 24829 I art     : Starting a blocking GC Explicit
08-04 02:22:32.969 24721 24829 I art     : Explicit concurrent mark sweep GC freed 3(96B) AllocSpace objects, 0(0B) LOS objects, 23% free, 53MB/69MB, paused 457us total 23.613ms
08-04 02:22:32.978 24721 24829 I art     : Starting a blocking GC Explicit
08-04 02:22:33.002 24721 24829 I art     : Explicit concurrent mark sweep GC freed 3(96B) AllocSpace objects, 0(0B) LOS objects, 23% free, 53MB/69MB, paused 465us total 23.338ms
08-04 02:22:33.011 24721 24829 I art     : Starting a blocking GC Explicit
08-04 02:22:33.035 24721 24829 I art     : Explicit concurrent mark sweep GC freed 3(96B) AllocSpace objects, 0(0B) LOS objects, 23% free, 53MB/69MB, paused 458us total 23.615ms
08-04 02:22:33.362 24721 24732 I art     : Starting a blocking GC Explicit
08-04 02:22:33.394 24721 24732 I art     : Explicit concurrent mark sweep GC freed 1344(78KB) AllocSpace objects, 1(20KB) LOS objects, 23% free, 53MB/69MB, paused 586us total 31.501ms
08-04 02:22:33.408 24721 24732 I art     : Starting a blocking GC Explicit
08-04 02:22:33.432 24721 24732 I art     : Explicit concurrent mark sweep GC freed 20(704B) AllocSpace objects, 0(0B) LOS objects, 23% free, 53MB/69MB, paused 456us total 23.739ms
08-04 02:22:33.441 24721 24732 I art     : Starting a blocking GC Explicit
08-04 02:22:33.465 24721 24732 I art     : Explicit concurrent mark sweep GC freed 3(96B) AllocSpace objects, 0(0B) LOS objects, 23% free, 53MB/69MB, paused 458us total 23.558ms
08-04 02:22:33.475 24721 24732 I art     : Starting a blocking GC Explicit
08-04 02:22:33.498 24721 24732 I art     : Explicit concurrent mark sweep GC freed 3(96B) AllocSpace objects, 0(0B) LOS objects, 23% free, 53MB/69MB, paused 462us total 23.216ms
08-04 02:22:33.508 24721 24732 I art     : Starting a blocking GC Explicit
08-04 02:22:33.532 24721 24732 I art     : Explicit concurrent mark sweep GC freed 3(96B) AllocSpace objects, 0(0B) LOS objects, 23% free, 53MB/69MB, paused 475us total 24.014ms
08-04 02:22:33.861 24721 24733 I art     : Starting a blocking GC Explicit
08-04 02:22:33.891 24721 24733 I art     : Explicit concurrent mark sweep GC freed 1344(78KB) AllocSpace objects, 1(20KB) LOS objects, 23% free, 53MB/69MB, paused 486us total 29.449ms
08-04 02:22:33.903 24721 24733 I art     : Starting a blocking GC Explicit
08-04 02:22:33.926 24721 24733 I art     : Explicit concurrent mark sweep GC freed 20(704B) AllocSpace objects, 0(0B) LOS objects, 23% free, 53MB/69MB, paused 456us total 22.921ms
08-04 02:22:33.935 24721 24733 I art     : Starting a blocking GC Explicit
08-04 02:22:33.958 24721 24733 I art     : Explicit concurrent mark sweep GC freed 3(96B) AllocSpace objects, 0(0B) LOS objects, 23% free, 53MB/69MB, paused 458us total 23.164ms
08-04 02:22:33.968 24721 24733 I art     : Starting a blocking GC Explicit
08-04 02:22:33.992 24721 24733 I art     : Explicit concurrent mark sweep GC freed 3(96B) AllocSpace objects, 0(0B) LOS objects, 23% free, 53MB/69MB, paused 553us total 23.374ms
08-04 02:22:34.001 24721 24733 I art     : Starting a blocking GC Explicit
08-04 02:22:34.024 24721 24733 I art     : Explicit concurrent mark sweep GC freed 3(96B) AllocSpace objects, 0(0B) LOS objects, 23% free, 53MB/69MB, paused 451us total 22.767ms
08-04 02:22:34.164   918  3261 D WifiStateMachine: starting scan for "H369AA63323"WPA_PSK with 2412,5180
08-04 02:22:34.358 24721 24828 I art     : Starting a blocking GC Explicit
08-04 02:22:34.386 24721 24828 I art     : Explicit concurrent mark sweep GC freed 1344(78KB) AllocSpace objects, 1(20KB) LOS objects, 23% free, 53MB/69MB, paused 483us total 28.395ms
08-04 02:22:34.399 24721 24828 I art     : Starting a blocking GC Explicit
08-04 02:22:34.422 24721 24828 I art     : Explicit concurrent mark sweep GC freed 20(704B) AllocSpace objects, 0(0B) LOS objects, 23% free, 53MB/69MB, paused 457us total 22.953ms
08-04 02:22:34.431 24721 24828 I art     : Starting a blocking GC Explicit
08-04 02:22:34.455 24721 24828 I art     : Explicit concurrent mark sweep GC freed 3(96B) AllocSpace objects, 0(0B) LOS objects, 23% free, 53MB/69MB, paused 469us total 23.343ms
08-04 02:22:34.464 24721 24828 I art     : Starting a blocking GC Explicit
08-04 02:22:34.488 24721 24828 I art     : Explicit concurrent mark sweep GC freed 3(96B) AllocSpace objects, 0(0B) LOS objects, 23% free, 53MB/69MB, paused 443us total 23.512ms
08-04 02:22:34.497 24721 24828 I art     : Starting a blocking GC Explicit
08-04 02:22:34.520 24721 24828 I art     : Explicit concurrent mark sweep GC freed 3(96B) AllocSpace objects, 0(0B) LOS objects, 23% free, 53MB/69MB, paused 463us total 22.877ms
08-04 02:22:34.833 24721 24829 I art     : Starting a blocking GC Explicit
08-04 02:22:34.862 24721 24829 I art     : Explicit concurrent mark sweep GC freed 1344(78KB) AllocSpace objects, 1(20KB) LOS objects, 23% free, 53MB/69MB, paused 478us total 28.717ms
08-04 02:22:34.874 24721 24829 I art     : Starting a blocking GC Explicit
08-04 02:22:34.898 24721 24829 I art     : Explicit concurrent mark sweep GC freed 20(704B) AllocSpace objects, 0(0B) LOS objects, 23% free, 53MB/69MB, paused 514us total 23.417ms
08-04 02:22:34.907 24721 24829 I art     : Starting a blocking GC Explicit
08-04 02:22:34.931 24721 24829 I art     : Explicit concurrent mark sweep GC freed 3(96B) AllocSpace objects, 0(0B) LOS objects, 23% free, 53MB/69MB, paused 466us total 23.123ms
08-04 02:22:34.940 24721 24829 I art     : Starting a blocking GC Explicit
08-04 02:22:34.963 24721 24829 I art     : Explicit concurrent mark sweep GC freed 3(96B) AllocSpace objects, 0(0B) LOS objects, 23% free, 53MB/69MB, paused 455us total 22.919ms
08-04 02:22:34.972 24721 24829 I art     : Starting a blocking GC Explicit
08-04 02:22:34.995 24721 24829 I art     : Explicit concurrent mark sweep GC freed 3(96B) AllocSpace objects, 0(0B) LOS objects, 23% free, 53MB/69MB, paused 462us total 23.281ms
08-04 02:22:35.325 24721 24732 I art     : Starting a blocking GC Explicit
08-04 02:22:35.358 24721 24732 I art     : Explicit concurrent mark sweep GC freed 1344(78KB) AllocSpace objects, 1(20KB) LOS objects, 23% free, 53MB/69MB, paused 680us total 32.763ms
08-04 02:22:35.373 24721 24732 I art     : Starting a blocking GC Explicit
08-04 02:22:35.397 24721 24732 I art     : Explicit concurrent mark sweep GC freed 20(704B) AllocSpace objects, 0(0B) LOS objects, 23% free, 53MB/69MB, paused 489us total 23.832ms
08-04 02:22:35.407 24721 24732 I art     : Starting a blocking GC Explicit
08-04 02:22:35.430 24721 24732 I art     : Explicit concurrent mark sweep GC freed 3(96B) AllocSpace objects, 0(0B) LOS objects, 23% free, 53MB/69MB, paused 453us total 23.027ms
08-04 02:22:35.439 24721 24732 I art     : Starting a blocking GC Explicit
08-04 02:22:35.462 24721 24732 I art     : Explicit concurrent mark sweep GC freed 3(96B) AllocSpace objects, 0(0B) LOS objects, 23% free, 53MB/69MB, paused 435us total 23.031ms
08-04 02:22:35.472 24721 24732 I art     : Starting a blocking GC Explicit
08-04 02:22:35.495 24721 24732 I art     : Explicit concurrent mark sweep GC freed 3(96B) AllocSpace objects, 0(0B) LOS objects, 23% free, 53MB/69MB, paused 438us total 22.940ms
08-04 02:22:35.790 24721 24733 I art     : Starting a blocking GC Explicit
08-04 02:22:35.816 24721 24733 I art     : Explicit concurrent mark sweep GC freed 1344(78KB) AllocSpace objects, 1(20KB) LOS objects, 23% free, 53MB/69MB, paused 562us total 25.685ms
08-04 02:22:35.832 24721 24733 I art     : Starting a blocking GC Explicit
08-04 02:22:35.854 24721 24733 I art     : Explicit concurrent mark sweep GC freed 20(704B) AllocSpace objects, 0(0B) LOS objects, 23% free, 53MB/69MB, paused 445us total 20.920ms
08-04 02:22:35.862 24721 24733 I art     : Starting a blocking GC Explicit
08-04 02:22:35.883 24721 24733 I art     : Explicit concurrent mark sweep GC freed 3(96B) AllocSpace objects, 0(0B) LOS objects, 23% free, 53MB/69MB, paused 447us total 21.039ms
08-04 02:22:35.892 24721 24733 I art     : Starting a blocking GC Explicit
08-04 02:22:35.913 24721 24733 I art     : Explicit concurrent mark sweep GC freed 3(96B) AllocSpace objects, 0(0B) LOS objects, 23% free, 53MB/69MB, paused 486us total 21.082ms
08-04 02:22:35.922 24721 24733 I art     : Starting a blocking GC Explicit
08-04 02:22:35.922 26870 26870 D AndroidRuntime: >>>>>> START com.android.internal.os.RuntimeInit uid 2000 <<<<<<
08-04 02:22:35.927 26870 26870 D AndroidRuntime: CheckJNI is OFF
08-04 02:22:35.944 24721 24733 I art     : Explicit concurrent mark sweep GC freed 3(96B) AllocSpace objects, 0(0B) LOS objects, 23% free, 53MB/69MB, paused 458us total 22.135ms
08-04 02:22:35.964 26870 26870 D ICU     : No timezone override file found: /data/misc/zoneinfo/current/icu/icu_tzdata.dat
08-04 02:22:35.996 26870 26870 I Radio-JNI: register_android_hardware_Radio DONE
08-04 02:22:36.018 26870 26870 D AndroidRuntime: Calling main entry com.android.commands.input.Input
08-04 02:22:36.019 26870 26870 I Input   : injectKeyEvent: KeyEvent { action=ACTION_DOWN, keyCode=KEYCODE_BACK, scanCode=0, metaState=0, flags=0x0, repeatCount=0, eventTime=670972432, downTime=670972432, deviceId=-1, source=0x101 }
08-04 02:22:36.025 26870 26870 I Input   : injectKeyEvent: KeyEvent { action=ACTION_UP, keyCode=KEYCODE_BACK, scanCode=0, metaState=0, flags=0x0, repeatCount=0, eventTime=670972432, downTime=670972432, deviceId=-1, source=0x101 }
08-04 02:22:36.030 26870 26870 D AndroidRuntime: Shutting down VM
08-04 02:22:36.070 13866 13866 I GoogleInputMethodServic: GoogleInputMethodService.onFinishInput():3138 
08-04 02:22:36.070 13866 13866 I GoogleInputMethodServic: GoogleInputMethodService.onStartInput():1808 
08-04 02:22:36.193 24721 24829 I art     : Starting a blocking GC Explicit
08-04 02:22:36.214 24721 24829 I art     : Explicit concurrent mark sweep GC freed 1481(84KB) AllocSpace objects, 1(20KB) LOS objects, 23% free, 53MB/69MB, paused 424us total 21.593ms
08-04 02:22:36.223 24721 24829 I art     : Starting a blocking GC Explicit
08-04 02:22:36.244 24721 24829 I art     : Explicit concurrent mark sweep GC freed 26(944B) AllocSpace objects, 0(0B) LOS objects, 23% free, 53MB/69MB, paused 535us total 21.209ms
08-04 02:22:36.254 24721 24829 I art     : Starting a blocking GC Explicit
08-04 02:22:36.275 24721 24829 I art     : Explicit concurrent mark sweep GC freed 3(96B) AllocSpace objects, 0(0B) LOS objects, 23% free, 53MB/69MB, paused 401us total 20.804ms
08-04 02:22:36.285 24721 24829 I art     : Starting a blocking GC Explicit
08-04 02:22:36.305 24721 24829 I art     : Explicit concurrent mark sweep GC freed 3(96B) AllocSpace objects, 0(0B) LOS objects, 23% free, 53MB/69MB, paused 469us total 19.627ms
08-04 02:22:36.315 24721 24829 I art     : Starting a blocking GC Explicit
08-04 02:22:36.336 24721 24829 I art     : Explicit concurrent mark sweep GC freed 3(96B) AllocSpace objects, 0(0B) LOS objects, 23% free, 53MB/69MB, paused 444us total 21.198ms
08-04 02:22:36.356   380   380 W SurfaceFlinger: couldn't log to binary event log: overflow.
08-04 02:22:36.589 24721 24732 I art     : Starting a blocking GC Explicit
08-04 02:22:36.614 24721 24732 I art     : Explicit concurrent mark sweep GC freed 1463(87KB) AllocSpace objects, 1(20KB) LOS objects, 23% free, 53MB/69MB, paused 472us total 24.017ms
08-04 02:22:36.623 24721 24732 I art     : Starting a blocking GC Explicit
08-04 02:22:36.646 24721 24732 I art     : Explicit concurrent mark sweep GC freed 4698(269KB) AllocSpace objects, 2(140KB) LOS objects, 23% free, 52MB/68MB, paused 448us total 22.416ms
08-04 02:22:36.654 24721 24732 I art     : Starting a blocking GC Explicit
08-04 02:22:36.676 24721 24732 I art     : Explicit concurrent mark sweep GC freed 3(96B) AllocSpace objects, 0(0B) LOS objects, 23% free, 52MB/68MB, paused 456us total 21.196ms
08-04 02:22:36.685 24721 24732 I art     : Starting a blocking GC Explicit
08-04 02:22:36.706 24721 24732 I art     : Explicit concurrent mark sweep GC freed 3(96B) AllocSpace objects, 0(0B) LOS objects, 23% free, 52MB/68MB, paused 443us total 21.031ms
08-04 02:22:36.715 24721 24732 I art     : Starting a blocking GC Explicit
08-04 02:22:36.736 24721 24732 I art     : Explicit concurrent mark sweep GC freed 3(96B) AllocSpace objects, 0(0B) LOS objects, 23% free, 52MB/68MB, paused 448us total 20.823ms
08-04 02:22:37.029 24721 24828 I art     : Starting a blocking GC Explicit
08-04 02:22:37.052 24721 24828 I art     : Explicit concurrent mark sweep GC freed 1344(78KB) AllocSpace objects, 1(20KB) LOS objects, 23% free, 52MB/68MB, paused 448us total 23.404ms
08-04 02:22:37.061 24721 24828 I art     : Starting a blocking GC Explicit
08-04 02:22:37.082 24721 24828 I art     : Explicit concurrent mark sweep GC freed 20(704B) AllocSpace objects, 0(0B) LOS objects, 23% free, 52MB/68MB, paused 506us total 20.801ms
08-04 02:22:37.091 24721 24828 I art     : Starting a blocking GC Explicit
08-04 02:22:37.112 24721 24828 I art     : Explicit concurrent mark sweep GC freed 3(96B) AllocSpace objects, 0(0B) LOS objects, 23% free, 52MB/68MB, paused 452us total 21.090ms
08-04 02:22:37.121 24721 24828 I art     : Starting a blocking GC Explicit
08-04 02:22:37.142 24721 24828 I art     : Explicit concurrent mark sweep GC freed 3(96B) AllocSpace objects, 0(0B) LOS objects, 23% free, 52MB/68MB, paused 457us total 21.191ms
08-04 02:22:37.151 24721 24828 I art     : Starting a blocking GC Explicit
08-04 02:22:37.172 24721 24828 I art     : Explicit concurrent mark sweep GC freed 3(96B) AllocSpace objects, 0(0B) LOS objects, 23% free, 52MB/68MB, paused 452us total 20.959ms
08-04 02:22:37.443 24721 24733 I art     : Starting a blocking GC Explicit
08-04 02:22:37.464 24721 24733 I art     : Explicit concurrent mark sweep GC freed 1343(78KB) AllocSpace objects, 1(20KB) LOS objects, 23% free, 52MB/68MB, paused 458us total 21.196ms
08-04 02:22:37.473 24721 24733 I art     : Starting a blocking GC Explicit
08-04 02:22:37.494 24721 24733 I art     : Explicit concurrent mark sweep GC freed 20(704B) AllocSpace objects, 0(0B) LOS objects, 23% free, 52MB/68MB, paused 455us total 20.702ms
08-04 02:22:37.502 24721 24733 I art     : Starting a blocking GC Explicit
08-04 02:22:37.523 24721 24733 I art     : Explicit concurrent mark sweep GC freed 3(96B) AllocSpace objects, 0(0B) LOS objects, 23% free, 52MB/68MB, paused 497us total 20.354ms
08-04 02:22:37.531 24721 24733 I art     : Starting a blocking GC Explicit
08-04 02:22:37.552 24721 24733 I art     : Explicit concurrent mark sweep GC freed 3(96B) AllocSpace objects, 0(0B) LOS objects, 23% free, 52MB/68MB, paused 468us total 20.430ms
08-04 02:22:37.561 24721 24733 I art     : Starting a blocking GC Explicit
08-04 02:22:37.581 24721 24733 I art     : Explicit concurrent mark sweep GC freed 3(96B) AllocSpace objects, 0(0B) LOS objects, 23% free, 52MB/68MB, paused 436us total 19.535ms
08-04 02:22:37.694 26924 26924 D AndroidRuntime: >>>>>> START com.android.internal.os.RuntimeInit uid 2000 <<<<<<
08-04 02:22:37.699 26924 26924 D AndroidRuntime: CheckJNI is OFF
08-04 02:22:37.731 26924 26924 D ICU     : No timezone override file found: /data/misc/zoneinfo/current/icu/icu_tzdata.dat
08-04 02:22:37.763 26924 26924 I Radio-JNI: register_android_hardware_Radio DONE
08-04 02:22:37.783 26924 26924 D AndroidRuntime: Calling main entry com.android.commands.input.Input
08-04 02:22:37.785 26924 26924 I Input   : injectMotionEvent: MotionEvent { action=ACTION_DOWN, actionButton=0, id[0]=0, x[0]=648.0, y[0]=1050.0, toolType[0]=TOOL_TYPE_UNKNOWN, buttonState=0, metaState=0, flags=0x0, edgeFlags=0x0, pointerCount=1, historySize=0, eventTime=670974197, downTime=670974197, deviceId=0, source=0x1002 }
08-04 02:22:37.789 26924 26924 I Input   : injectMotionEvent: MotionEvent { action=ACTION_UP, actionButton=0, id[0]=0, x[0]=648.0, y[0]=1050.0, toolType[0]=TOOL_TYPE_UNKNOWN, buttonState=0, metaState=0, flags=0x0, edgeFlags=0x0, pointerCount=1, historySize=0, eventTime=670974197, downTime=670974197, deviceId=0, source=0x1002 }
08-04 02:22:37.792 26924 26924 D AndroidRuntime: Shutting down VM
08-04 02:22:37.796   512  2967 D audio_hw_primary: out_set_parameters: enter: usecase(1: low-latency-playback) kvpairs: routing=2
08-04 02:22:37.796   918  5952 I ActivityManager: START u0 {cmp=baseline.appteam.nith.hillffair/.activities.InformationActivity} from uid 10651 on display 0
08-04 02:22:37.809   512  2967 D audio_hw_primary: select_devices: out_snd_device(2: speaker) in_snd_device(0: none)
08-04 02:22:37.809   512  2967 D msm8974_platform: platform_send_audio_calibration: sending audio calibration for snd_device(2) acdb_id(15)
08-04 02:22:37.809   512  2967 I soundtrigger: audio_extn_sound_trigger_update_device_status: device 0x2 of type 0 for Event 1
08-04 02:22:37.819   512  2967 D audio_hw_primary: enable_snd_device: snd_device(2: speaker)
08-04 02:22:37.821   512  2967 D audio_hw_primary: enable_audio_route: apply and update mixer path: low-latency-playback speaker
08-04 02:22:37.845 24721 26903 I art     : Starting a blocking GC Explicit
08-04 02:22:37.866 24721 26903 I art     : Explicit concurrent mark sweep GC freed 2263(154KB) AllocSpace objects, 1(20KB) LOS objects, 23% free, 52MB/68MB, paused 446us total 20.268ms
08-04 02:22:37.875 24721 26903 I art     : Starting a blocking GC Explicit
08-04 02:22:37.895 24721 26903 I art     : Explicit concurrent mark sweep GC freed 179(8KB) AllocSpace objects, 0(0B) LOS objects, 23% free, 52MB/68MB, paused 489us total 19.860ms
08-04 02:22:37.903 24721 26903 I art     : Starting a blocking GC Explicit
08-04 02:22:37.924 24721 26903 I art     : Explicit concurrent mark sweep GC freed 83(2592B) AllocSpace objects, 0(0B) LOS objects, 23% free, 52MB/68MB, paused 530us total 20.239ms
08-04 02:22:37.932 24721 26903 I art     : Starting a blocking GC Explicit
08-04 02:22:37.942 13866 13866 I GoogleInputMethodServic: GoogleInputMethodService.onFinishInput():3138 
08-04 02:22:37.942 13866 13866 I GoogleInputMethodServic: GoogleInputMethodService.onStartInput():1808 
08-04 02:22:37.943   918   936 I ActivityManager: Displayed baseline.appteam.nith.hillffair/.activities.InformationActivity: +133ms
08-04 02:22:37.953 24721 26903 I art     : Explicit concurrent mark sweep GC freed 40(1504B) AllocSpace objects, 0(0B) LOS objects, 23% free, 52MB/68MB, paused 432us total 19.942ms
08-04 02:22:37.962 24721 26903 I art     : Starting a blocking GC Explicit
08-04 02:22:37.962 24721 24751 D OpenGLRenderer: endAllStagingAnimators on 0x7f7da30c00 (RippleDrawable) with handle 0x7f80fcd3c0
08-04 02:22:37.982 24721 26903 I art     : Explicit concurrent mark sweep GC freed 15(624B) AllocSpace objects, 0(0B) LOS objects, 23% free, 52MB/68MB, paused 424us total 19.596ms
08-04 02:22:38.175   380   380 W SurfaceFlinger: couldn't log to binary event log: overflow.
08-04 02:22:38.260 24721 24733 I art     : Starting a blocking GC Explicit
08-04 02:22:38.280 24721 24733 I art     : Explicit concurrent mark sweep GC freed 1367(79KB) AllocSpace objects, 1(20KB) LOS objects, 23% free, 52MB/68MB, paused 412us total 19.666ms
08-04 02:22:38.288 24721 24733 I art     : Starting a blocking GC Explicit
08-04 02:22:38.309 24721 24733 I art     : Explicit concurrent mark sweep GC freed 117(6KB) AllocSpace objects, 0(0B) LOS objects, 23% free, 52MB/68MB, paused 530us total 20.550ms
08-04 02:22:38.318 24721 24733 I art     : Starting a blocking GC Explicit
08-04 02:22:38.339 24721 24733 I art     : Explicit concurrent mark sweep GC freed 20(640B) AllocSpace objects, 0(0B) LOS objects, 23% free, 52MB/68MB, paused 472us total 20.365ms
08-04 02:22:38.347 24721 24733 I art     : Starting a blocking GC Explicit
08-04 02:22:38.358   512  2967 D audio_hw_primary: disable_audio_route: reset and update mixer path: low-latency-playback speaker
08-04 02:22:38.359   512  2967 D audio_hw_primary: disable_snd_device: snd_device(2: speaker)
08-04 02:22:38.367   512  2967 I soundtrigger: audio_extn_sound_trigger_update_device_status: device 0x2 of type 0 for Event 0
08-04 02:22:38.367 24721 24733 I art     : Explicit concurrent mark sweep GC freed 3(96B) AllocSpace objects, 0(0B) LOS objects, 23% free, 52MB/68MB, paused 548us total 19.760ms
08-04 02:22:38.375 24721 24733 I art     : Starting a blocking GC Explicit
08-04 02:22:38.397 24721 24733 I art     : Explicit concurrent mark sweep GC freed 3(96B) AllocSpace objects, 0(0B) LOS objects, 23% free, 52MB/68MB, paused 508us total 21.376ms
08-04 02:22:38.681 24721 24829 I art     : Starting a blocking GC Explicit
08-04 02:22:38.708 24721 24829 I art     : Explicit concurrent mark sweep GC freed 1357(78KB) AllocSpace objects, 1(20KB) LOS objects, 23% free, 52MB/68MB, paused 531us total 26.816ms
08-04 02:22:38.719 24721 24829 I art     : Starting a blocking GC Explicit
08-04 02:22:38.741 24721 24829 I art     : Explicit concurrent mark sweep GC freed 34(1136B) AllocSpace objects, 0(0B) LOS objects, 23% free, 52MB/68MB, paused 449us total 21.973ms
08-04 02:22:38.750 24721 24829 I art     : Starting a blocking GC Explicit
08-04 02:22:38.772 24721 24829 I art     : Explicit concurrent mark sweep GC freed 3(96B) AllocSpace objects, 0(0B) LOS objects, 23% free, 52MB/68MB, paused 526us total 21.939ms
08-04 02:22:38.781 24721 24829 I art     : Starting a blocking GC Explicit
08-04 02:22:38.803 24721 24829 I art     : Explicit concurrent mark sweep GC freed 3(96B) AllocSpace objects, 0(0B) LOS objects, 23% free, 52MB/68MB, paused 455us total 21.805ms
08-04 02:22:38.812 24721 24829 I art     : Starting a blocking GC Explicit
08-04 02:22:38.835 24721 24829 I art     : Explicit concurrent mark sweep GC freed 3(96B) AllocSpace objects, 0(0B) LOS objects, 23% free, 52MB/68MB, paused 512us total 22.049ms
08-04 02:22:39.121 24721 24828 I art     : Starting a blocking GC Explicit
08-04 02:22:39.149 24721 24828 I art     : Explicit concurrent mark sweep GC freed 1344(78KB) AllocSpace objects, 1(20KB) LOS objects, 23% free, 52MB/68MB, paused 509us total 27.628ms
08-04 02:22:39.161 24721 24828 I art     : Starting a blocking GC Explicit
08-04 02:22:39.187 24721 24828 I art     : Explicit concurrent mark sweep GC freed 20(704B) AllocSpace objects, 0(0B) LOS objects, 23% free, 52MB/68MB, paused 472us total 26.067ms
08-04 02:22:39.196 24721 24828 I art     : Starting a blocking GC Explicit
08-04 02:22:39.219 24721 24828 I art     : Explicit concurrent mark sweep GC freed 3(96B) AllocSpace objects, 0(0B) LOS objects, 23% free, 52MB/68MB, paused 450us total 22.652ms
08-04 02:22:39.228 24721 24828 I art     : Starting a blocking GC Explicit
08-04 02:22:39.250 24721 24828 I art     : Explicit concurrent mark sweep GC freed 3(96B) AllocSpace objects, 0(0B) LOS objects, 23% free, 52MB/68MB, paused 445us total 21.477ms
08-04 02:22:39.259 24721 24828 I art     : Starting a blocking GC Explicit
08-04 02:22:39.280 24721 24828 I art     : Explicit concurrent mark sweep GC freed 3(96B) AllocSpace objects, 0(0B) LOS objects, 23% free, 52MB/68MB, paused 438us total 21.585ms
08-04 02:22:39.570 24721 26903 I art     : Starting a blocking GC Explicit
08-04 02:22:39.595 24721 26903 I art     : Explicit concurrent mark sweep GC freed 1360(78KB) AllocSpace objects, 1(20KB) LOS objects, 23% free, 52MB/68MB, paused 595us total 24.344ms
08-04 02:22:39.606 24721 26903 I art     : Starting a blocking GC Explicit
08-04 02:22:39.628 24721 26903 I art     : Explicit concurrent mark sweep GC freed 24(832B) AllocSpace objects, 0(0B) LOS objects, 23% free, 52MB/68MB, paused 529us total 22.093ms
08-04 02:22:39.637 24721 26903 I art     : Starting a blocking GC Explicit
08-04 02:22:39.660 24721 26903 I art     : Explicit concurrent mark sweep GC freed 7(224B) AllocSpace objects, 0(0B) LOS objects, 23% free, 52MB/68MB, paused 495us total 22.260ms
08-04 02:22:39.669 24721 26903 I art     : Starting a blocking GC Explicit
08-04 02:22:39.692 24721 26903 I art     : Explicit concurrent mark sweep GC freed 7(224B) AllocSpace objects, 0(0B) LOS objects, 23% free, 52MB/68MB, paused 441us total 21.864ms
08-04 02:22:39.700 24721 26903 I art     : Starting a blocking GC Explicit
08-04 02:22:39.721 24721 26903 I art     : Explicit concurrent mark sweep GC freed 5(160B) AllocSpace objects, 0(0B) LOS objects, 23% free, 52MB/68MB, paused 439us total 20.911ms
08-04 02:22:40.041 24721 24732 I art     : Starting a blocking GC Explicit
08-04 02:22:40.069 24721 24732 I art     : Explicit concurrent mark sweep GC freed 1344(78KB) AllocSpace objects, 1(20KB) LOS objects, 23% free, 52MB/68MB, paused 497us total 27.177ms
08-04 02:22:40.080 24721 24732 I art     : Starting a blocking GC Explicit
08-04 02:22:40.103 24721 24732 I art     : Explicit concurrent mark sweep GC freed 20(704B) AllocSpace objects, 0(0B) LOS objects, 23% free, 52MB/68MB, paused 473us total 22.070ms
08-04 02:22:40.112 24721 24732 I art     : Starting a blocking GC Explicit
08-04 02:22:40.134 24721 24732 I art     : Explicit concurrent mark sweep GC freed 3(96B) AllocSpace objects, 0(0B) LOS objects, 23% free, 52MB/68MB, paused 448us total 22.182ms
08-04 02:22:40.143 24721 24732 I art     : Starting a blocking GC Explicit
08-04 02:22:40.165 24721 24732 I art     : Explicit concurrent mark sweep GC freed 3(96B) AllocSpace objects, 0(0B) LOS objects, 23% free, 52MB/68MB, paused 443us total 22.004ms
08-04 02:22:40.174 24721 24732 I art     : Starting a blocking GC Explicit
08-04 02:22:40.195 24721 24732 I art     : Explicit concurrent mark sweep GC freed 3(96B) AllocSpace objects, 0(0B) LOS objects, 23% free, 52MB/68MB, paused 446us total 21.242ms
08-04 02:22:40.509 24721 24829 I art     : Starting a blocking GC Explicit
08-04 02:22:40.540 24721 24829 I art     : Explicit concurrent mark sweep GC freed 1344(78KB) AllocSpace objects, 1(20KB) LOS objects, 23% free, 52MB/68MB, paused 517us total 30.064ms
08-04 02:22:40.555 24721 24829 I art     : Starting a blocking GC Explicit
08-04 02:22:40.577 24721 24829 I art     : Explicit concurrent mark sweep GC freed 20(704B) AllocSpace objects, 0(0B) LOS objects, 23% free, 52MB/68MB, paused 449us total 21.794ms
08-04 02:22:40.585 24721 24829 I art     : Starting a blocking GC Explicit
08-04 02:22:40.608 24721 24829 I art     : Explicit concurrent mark sweep GC freed 3(96B) AllocSpace objects, 0(0B) LOS objects, 23% free, 52MB/68MB, paused 450us total 21.968ms
08-04 02:22:40.616 24721 24829 I art     : Starting a blocking GC Explicit
08-04 02:22:40.639 24721 24829 I art     : Explicit concurrent mark sweep GC freed 3(96B) AllocSpace objects, 0(0B) LOS objects, 23% free, 52MB/68MB, paused 443us total 21.915ms
08-04 02:22:40.647 24721 24829 I art     : Starting a blocking GC Explicit
08-04 02:22:40.670 24721 24829 I art     : Explicit concurrent mark sweep GC freed 3(96B) AllocSpace objects, 0(0B) LOS objects, 23% free, 52MB/68MB, paused 444us total 22.168ms
08-04 02:22:41.000 24721 24828 I art     : Starting a blocking GC Explicit
08-04 02:22:41.031 24721 24828 I art     : Explicit concurrent mark sweep GC freed 1344(78KB) AllocSpace objects, 1(20KB) LOS objects, 23% free, 52MB/68MB, paused 495us total 31.152ms
08-04 02:22:41.044 24721 24828 I art     : Starting a blocking GC Explicit
08-04 02:22:41.065 24721 24828 I art     : Explicit concurrent mark sweep GC freed 20(704B) AllocSpace objects, 0(0B) LOS objects, 23% free, 52MB/68MB, paused 441us total 20.984ms
08-04 02:22:41.074 24721 24828 I art     : Starting a blocking GC Explicit
08-04 02:22:41.096 24721 24828 I art     : Explicit concurrent mark sweep GC freed 3(96B) AllocSpace objects, 0(0B) LOS objects, 23% free, 52MB/68MB, paused 438us total 21.407ms
08-04 02:22:41.104 24721 24828 I art     : Starting a blocking GC Explicit
08-04 02:22:41.127 24721 24828 I art     : Explicit concurrent mark sweep GC freed 3(96B) AllocSpace objects, 0(0B) LOS objects, 23% free, 52MB/68MB, paused 565us total 22.291ms
08-04 02:22:41.136 24721 24828 I art     : Starting a blocking GC Explicit
08-04 02:22:41.158 24721 24828 I art     : Explicit concurrent mark sweep GC freed 3(96B) AllocSpace objects, 0(0B) LOS objects, 23% free, 52MB/68MB, paused 503us total 21.772ms
08-04 02:22:41.262 18002 18002 I ServiceManager: Waiting for service AtCmdFwd...
08-04 02:22:41.500 24721 26903 I art     : Starting a blocking GC Explicit
08-04 02:22:41.532 24721 26903 I art     : Explicit concurrent mark sweep GC freed 1344(78KB) AllocSpace objects, 1(20KB) LOS objects, 23% free, 52MB/68MB, paused 515us total 31.641ms
08-04 02:22:41.545 24721 26903 I art     : Starting a blocking GC Explicit
08-04 02:22:41.573 24721 26903 I art     : Explicit concurrent mark sweep GC freed 20(704B) AllocSpace objects, 0(0B) LOS objects, 23% free, 52MB/68MB, paused 462us total 26.933ms
08-04 02:22:41.583 24721 26903 I art     : Starting a blocking GC Explicit
08-04 02:22:41.606 24721 26903 I art     : Explicit concurrent mark sweep GC freed 3(96B) AllocSpace objects, 0(0B) LOS objects, 23% free, 52MB/68MB, paused 449us total 22.195ms
08-04 02:22:41.615 24721 26903 I art     : Starting a blocking GC Explicit
08-04 02:22:41.637 24721 26903 I art     : Explicit concurrent mark sweep GC freed 3(96B) AllocSpace objects, 0(0B) LOS objects, 23% free, 52MB/68MB, paused 450us total 21.552ms
08-04 02:22:41.645 24721 26903 I art     : Starting a blocking GC Explicit
08-04 02:22:41.667 24721 26903 I art     : Explicit concurrent mark sweep GC freed 3(96B) AllocSpace objects, 0(0B) LOS objects, 23% free, 52MB/68MB, paused 442us total 21.822ms
08-04 02:22:41.993 24721 24733 I art     : Starting a blocking GC Explicit
08-04 02:22:42.024 24721 24733 I art     : Explicit concurrent mark sweep GC freed 1344(78KB) AllocSpace objects, 1(20KB) LOS objects, 23% free, 52MB/68MB, paused 487us total 30.880ms
08-04 02:22:42.038 24721 24733 I art     : Starting a blocking GC Explicit
08-04 02:22:42.059 24721 24733 I art     : Explicit concurrent mark sweep GC freed 20(704B) AllocSpace objects, 0(0B) LOS objects, 23% free, 52MB/68MB, paused 418us total 20.329ms
08-04 02:22:42.067 24721 24733 I art     : Starting a blocking GC Explicit
08-04 02:22:42.088 24721 24733 I art     : Explicit concurrent mark sweep GC freed 3(96B) AllocSpace objects, 0(0B) LOS objects, 23% free, 52MB/68MB, paused 443us total 20.060ms
08-04 02:22:42.096 24721 24733 I art     : Starting a blocking GC Explicit
08-04 02:22:42.117 24721 24733 I art     : Explicit concurrent mark sweep GC freed 3(96B) AllocSpace objects, 0(0B) LOS objects, 23% free, 52MB/68MB, paused 539us total 20.850ms
08-04 02:22:42.126 24721 24733 I art     : Starting a blocking GC Explicit
08-04 02:22:42.146 24721 24733 I art     : Explicit concurrent mark sweep GC freed 3(96B) AllocSpace objects, 0(0B) LOS objects, 23% free, 52MB/68MB, paused 443us total 20.050ms
08-04 02:22:42.263 18002 18002 I ServiceManager: Waiting for service AtCmdFwd...
08-04 02:22:42.459 24721 24732 I art     : Starting a blocking GC Explicit
08-04 02:22:42.484 27049 27049 D AndroidRuntime: >>>>>> START com.android.internal.os.RuntimeInit uid 2000 <<<<<<
08-04 02:22:42.487 24721 24732 I art     : Explicit concurrent mark sweep GC freed 1344(78KB) AllocSpace objects, 1(20KB) LOS objects, 23% free, 52MB/68MB, paused 593us total 26.965ms
08-04 02:22:42.490 27049 27049 D AndroidRuntime: CheckJNI is OFF
08-04 02:22:42.496 24721 24732 I art     : Starting a blocking GC Explicit
08-04 02:22:42.518 24721 24732 I art     : Explicit concurrent mark sweep GC freed 20(704B) AllocSpace objects, 0(0B) LOS objects, 23% free, 52MB/68MB, paused 482us total 22.027ms
08-04 02:22:42.526 24721 24732 I art     : Starting a blocking GC Explicit
08-04 02:22:42.527 27049 27049 D ICU     : No timezone override file found: /data/misc/zoneinfo/current/icu/icu_tzdata.dat
08-04 02:22:42.547 24721 24732 I art     : Explicit concurrent mark sweep GC freed 3(96B) AllocSpace objects, 0(0B) LOS objects, 23% free, 52MB/68MB, paused 522us total 20.579ms
08-04 02:22:42.555 24721 24732 I art     : Starting a blocking GC Explicit
08-04 02:22:42.564 27049 27049 I Radio-JNI: register_android_hardware_Radio DONE
08-04 02:22:42.575 24721 24732 I art     : Explicit concurrent mark sweep GC freed 3(96B) AllocSpace objects, 0(0B) LOS objects, 23% free, 52MB/68MB, paused 446us total 19.540ms
08-04 02:22:42.583 24721 24732 I art     : Starting a blocking GC Explicit
08-04 02:22:42.585 27049 27049 D AndroidRuntime: Calling main entry com.android.commands.input.Input
08-04 02:22:42.587 27049 27049 I Input   : injectKeyEvent: KeyEvent { action=ACTION_DOWN, keyCode=KEYCODE_BACK, scanCode=0, metaState=0, flags=0x0, repeatCount=0, eventTime=670979000, downTime=670979000, deviceId=-1, source=0x101 }
08-04 02:22:42.593 27049 27049 I Input   : injectKeyEvent: KeyEvent { action=ACTION_UP, keyCode=KEYCODE_BACK, scanCode=0, metaState=0, flags=0x0, repeatCount=0, eventTime=670979000, downTime=670979000, deviceId=-1, source=0x101 }
08-04 02:22:42.598 27049 27049 D AndroidRuntime: Shutting down VM
08-04 02:22:42.602 24721 24732 I art     : Explicit concurrent mark sweep GC freed 19(656B) AllocSpace objects, 0(0B) LOS objects, 23% free, 52MB/68MB, paused 505us total 18.730ms
08-04 02:22:42.638 13866 13866 I GoogleInputMethodServic: GoogleInputMethodService.onFinishInput():3138 
08-04 02:22:42.639 13866 13866 I GoogleInputMethodServic: GoogleInputMethodService.onStartInput():1808 
08-04 02:22:42.873 24721 24829 I art     : Starting a blocking GC Explicit
08-04 02:22:42.898 24721 24829 I art     : Explicit concurrent mark sweep GC freed 1468(84KB) AllocSpace objects, 1(20KB) LOS objects, 23% free, 52MB/68MB, paused 434us total 25.021ms
08-04 02:22:42.911 24721 24829 I art     : Starting a blocking GC Explicit
08-04 02:22:42.930   380   380 W SurfaceFlinger: couldn't log to binary event log: overflow.
08-04 02:22:42.934 24721 24829 I art     : Explicit concurrent mark sweep GC freed 112(8KB) AllocSpace objects, 0(0B) LOS objects, 23% free, 52MB/68MB, paused 697us total 22.537ms
08-04 02:22:42.946 24721 24829 I art     : Starting a blocking GC Explicit
08-04 02:22:42.964 24721 24829 I art     : Explicit concurrent mark sweep GC freed 27(1264B) AllocSpace objects, 0(0B) LOS objects, 23% free, 52MB/68MB, paused 489us total 18.310ms
08-04 02:22:42.972 24721 24829 I art     : Starting a blocking GC Explicit
08-04 02:22:42.991 24721 24829 I art     : Explicit concurrent mark sweep GC freed 1384(89KB) AllocSpace objects, 1(28KB) LOS objects, 23% free, 52MB/68MB, paused 435us total 18.071ms
08-04 02:22:42.998 24721 24829 I art     : Starting a blocking GC Explicit
08-04 02:22:43.017 24721 24829 I art     : Explicit concurrent mark sweep GC freed 3(96B) AllocSpace objects, 0(0B) LOS objects, 23% free, 52MB/68MB, paused 533us total 18.236ms
08-04 02:22:43.264 18002 18002 I ServiceManager: Waiting for service AtCmdFwd...
08-04 02:22:43.287 24721 24828 I art     : Starting a blocking GC Explicit
08-04 02:22:43.307 24721 24828 I art     : Explicit concurrent mark sweep GC freed 1344(78KB) AllocSpace objects, 1(20KB) LOS objects, 23% free, 52MB/68MB, paused 438us total 19.375ms
08-04 02:22:43.315 24721 24828 I art     : Starting a blocking GC Explicit
08-04 02:22:43.334 24721 24828 I art     : Explicit concurrent mark sweep GC freed 20(704B) AllocSpace objects, 0(0B) LOS objects, 23% free, 52MB/68MB, paused 425us total 19.585ms
08-04 02:22:43.342 24721 24828 I art     : Starting a blocking GC Explicit
08-04 02:22:43.361 24721 24828 I art     : Explicit concurrent mark sweep GC freed 3(96B) AllocSpace objects, 0(0B) LOS objects, 23% free, 52MB/68MB, paused 435us total 19.022ms
08-04 02:22:43.370 24721 24828 I art     : Starting a blocking GC Explicit
08-04 02:22:43.390 24721 24828 I art     : Explicit concurrent mark sweep GC freed 3(96B) AllocSpace objects, 0(0B) LOS objects, 23% free, 52MB/68MB, paused 435us total 20.260ms
08-04 02:22:43.398 24721 24828 I art     : Starting a blocking GC Explicit
08-04 02:22:43.419 24721 24828 I art     : Explicit concurrent mark sweep GC freed 3(96B) AllocSpace objects, 0(0B) LOS objects, 23% free, 52MB/68MB, paused 436us total 20.721ms
08-04 02:22:43.698 24721 26903 I art     : Starting a blocking GC Explicit
08-04 02:22:43.725 24721 26903 I art     : Explicit concurrent mark sweep GC freed 1343(78KB) AllocSpace objects, 1(20KB) LOS objects, 23% free, 52MB/68MB, paused 495us total 26.638ms
08-04 02:22:43.737 24721 26903 I art     : Starting a blocking GC Explicit
08-04 02:22:43.762 24721 26903 I art     : Explicit concurrent mark sweep GC freed 20(704B) AllocSpace objects, 0(0B) LOS objects, 23% free, 52MB/68MB, paused 439us total 25.219ms
08-04 02:22:43.771 24721 26903 I art     : Starting a blocking GC Explicit
08-04 02:22:43.793 24721 26903 I art     : Explicit concurrent mark sweep GC freed 3(96B) AllocSpace objects, 0(0B) LOS objects, 23% free, 52MB/68MB, paused 447us total 21.703ms
08-04 02:22:43.802 24721 26903 I art     : Starting a blocking GC Explicit
08-04 02:22:43.823 24721 26903 I art     : Explicit concurrent mark sweep GC freed 3(96B) AllocSpace objects, 0(0B) LOS objects, 23% free, 52MB/68MB, paused 403us total 20.828ms
08-04 02:22:43.832 24721 26903 I art     : Starting a blocking GC Explicit
08-04 02:22:43.852 24721 26903 I art     : Explicit concurrent mark sweep GC freed 3(96B) AllocSpace objects, 0(0B) LOS objects, 23% free, 52MB/68MB, paused 414us total 19.946ms
08-04 02:22:44.115 24721 24732 I art     : Starting a blocking GC Explicit
08-04 02:22:44.137 24721 24732 I art     : Explicit concurrent mark sweep GC freed 1343(78KB) AllocSpace objects, 1(20KB) LOS objects, 23% free, 52MB/68MB, paused 484us total 21.765ms
08-04 02:22:44.146 24721 24732 I art     : Starting a blocking GC Explicit
08-04 02:22:44.167 24721 24732 I art     : Explicit concurrent mark sweep GC freed 20(704B) AllocSpace objects, 0(0B) LOS objects, 23% free, 52MB/68MB, paused 485us total 20.918ms
08-04 02:22:44.176 24721 24732 I art     : Starting a blocking GC Explicit
08-04 02:22:44.197 24721 24732 I art     : Explicit concurrent mark sweep GC freed 3(96B) AllocSpace objects, 0(0B) LOS objects, 23% free, 52MB/68MB, paused 488us total 20.456ms
08-04 02:22:44.205 24721 24732 I art     : Starting a blocking GC Explicit
08-04 02:22:44.227 24721 24732 I art     : Explicit concurrent mark sweep GC freed 5(160B) AllocSpace objects, 0(0B) LOS objects, 23% free, 52MB/68MB, paused 512us total 20.943ms
08-04 02:22:44.237 24721 24732 I art     : Starting a blocking GC Explicit
08-04 02:22:44.251 27103 27103 D AndroidRuntime: >>>>>> START com.android.internal.os.RuntimeInit uid 2000 <<<<<<
08-04 02:22:44.256 27103 27103 D AndroidRuntime: CheckJNI is OFF
08-04 02:22:44.258 24721 24732 I art     : Explicit concurrent mark sweep GC freed 6(192B) AllocSpace objects, 0(0B) LOS objects, 23% free, 52MB/68MB, paused 482us total 20.992ms
08-04 02:22:44.265 18002 18002 I ServiceManager: Waiting for service AtCmdFwd...
08-04 02:22:44.289 27103 27103 D ICU     : No timezone override file found: /data/misc/zoneinfo/current/icu/icu_tzdata.dat
08-04 02:22:44.321 27103 27103 I Radio-JNI: register_android_hardware_Radio DONE
08-04 02:22:44.343 27103 27103 D AndroidRuntime: Calling main entry com.android.commands.input.Input
08-04 02:22:44.345 27103 27103 I Input   : injectMotionEvent: MotionEvent { action=ACTION_DOWN, actionButton=0, id[0]=0, x[0]=756.0, y[0]=1530.0, toolType[0]=TOOL_TYPE_UNKNOWN, buttonState=0, metaState=0, flags=0x0, edgeFlags=0x0, pointerCount=1, historySize=0, eventTime=670980758, downTime=670980758, deviceId=0, source=0x1002 }
08-04 02:22:44.350 27103 27103 I Input   : injectMotionEvent: MotionEvent { action=ACTION_UP, actionButton=0, id[0]=0, x[0]=756.0, y[0]=1530.0, toolType[0]=TOOL_TYPE_UNKNOWN, buttonState=0, metaState=0, flags=0x0, edgeFlags=0x0, pointerCount=1, historySize=0, eventTime=670980758, downTime=670980758, deviceId=0, source=0x1002 }
08-04 02:22:44.352 27103 27103 D AndroidRuntime: Shutting down VM
08-04 02:22:44.368   918  4400 I ActivityManager: START u0 {cmp=baseline.appteam.nith.hillffair/.activities.LeaderBoardActivity} from uid 10651 on display 0
08-04 02:22:44.370   512  2967 D audio_hw_primary: out_set_parameters: enter: usecase(1: low-latency-playback) kvpairs: routing=2
08-04 02:22:44.384   512  2967 D audio_hw_primary: select_devices: out_snd_device(2: speaker) in_snd_device(0: none)
08-04 02:22:44.384   512  2967 D msm8974_platform: platform_send_audio_calibration: sending audio calibration for snd_device(2) acdb_id(15)
08-04 02:22:44.384   512  2967 I soundtrigger: audio_extn_sound_trigger_update_device_status: device 0x2 of type 0 for Event 1
08-04 02:22:44.395   512  2967 D audio_hw_primary: enable_snd_device: snd_device(2: speaker)
08-04 02:22:44.398   512  2967 D audio_hw_primary: enable_audio_route: apply and update mixer path: low-latency-playback speaker
08-04 02:22:44.472 24721 24721 E RecyclerView: No adapter attached; skipping layout
08-04 02:22:44.474 24721 24721 E RecyclerView: No adapter attached; skipping layout
08-04 02:22:44.489   918   936 I ActivityManager: Displayed baseline.appteam.nith.hillffair/.activities.LeaderBoardActivity: +106ms
08-04 02:22:44.489 13866 13866 I GoogleInputMethodServic: GoogleInputMethodService.onFinishInput():3138 
08-04 02:22:44.490 13866 13866 I GoogleInputMethodServic: GoogleInputMethodService.onStartInput():1808 
08-04 02:22:44.490 24721 24721 E RecyclerView: No adapter attached; skipping layout
08-04 02:22:44.508 24721 24828 I art     : Starting a blocking GC Explicit
08-04 02:22:44.510 24721 24751 D OpenGLRenderer: endAllStagingAnimators on 0x7f7da35400 (RippleDrawable) with handle 0x7f9a1e5c00
08-04 02:22:44.530 24721 24828 I art     : Explicit concurrent mark sweep GC freed 6602(399KB) AllocSpace objects, 1(20KB) LOS objects, 23% free, 53MB/69MB, paused 496us total 22.175ms
08-04 02:22:44.539 24721 24828 I art     : Starting a blocking GC Explicit
08-04 02:22:44.559 24721 24828 I art     : Explicit concurrent mark sweep GC freed 340(16KB) AllocSpace objects, 0(0B) LOS objects, 23% free, 53MB/69MB, paused 453us total 19.549ms
08-04 02:22:44.570 24721 24828 I art     : Starting a blocking GC Explicit
08-04 02:22:44.590 24721 24828 I art     : Explicit concurrent mark sweep GC freed 3(96B) AllocSpace objects, 0(0B) LOS objects, 23% free, 53MB/69MB, paused 443us total 18.917ms
08-04 02:22:44.598 24721 24828 I art     : Starting a blocking GC Explicit
08-04 02:22:44.618 24721 24828 I art     : Explicit concurrent mark sweep GC freed 3(96B) AllocSpace objects, 0(0B) LOS objects, 23% free, 53MB/69MB, paused 474us total 20.270ms
08-04 02:22:44.627 24721 24828 I art     : Starting a blocking GC Explicit
08-04 02:22:44.647 24721 24828 I art     : Explicit concurrent mark sweep GC freed 3(96B) AllocSpace objects, 0(0B) LOS objects, 23% free, 53MB/69MB, paused 554us total 20.187ms
08-04 02:22:44.749   380   380 W SurfaceFlinger: couldn't log to binary event log: overflow.
08-04 02:22:44.899 24721 24732 I art     : Starting a blocking GC Explicit
08-04 02:22:44.918 24721 24732 I art     : Explicit concurrent mark sweep GC freed 1451(84KB) AllocSpace objects, 1(20KB) LOS objects, 23% free, 53MB/69MB, paused 482us total 19.054ms
08-04 02:22:44.926 24721 24732 I art     : Starting a blocking GC Explicit
08-04 02:22:44.939   512  2967 D audio_hw_primary: disable_audio_route: reset and update mixer path: low-latency-playback speaker
08-04 02:22:44.939   512  2967 D audio_hw_primary: disable_snd_device: snd_device(2: speaker)
08-04 02:22:44.945 24721 24732 I art     : Explicit concurrent mark sweep GC freed 45(1536B) AllocSpace objects, 0(0B) LOS objects, 23% free, 53MB/69MB, paused 461us total 18.375ms
08-04 02:22:44.947   512  2967 I soundtrigger: audio_extn_sound_trigger_update_device_status: device 0x2 of type 0 for Event 0
08-04 02:22:44.952 24721 24732 I art     : Starting a blocking GC Explicit
08-04 02:22:44.971 24721 24732 I art     : Explicit concurrent mark sweep GC freed 11(416B) AllocSpace objects, 0(0B) LOS objects, 23% free, 53MB/69MB, paused 481us total 18.704ms
08-04 02:22:44.979 24721 24732 I art     : Starting a blocking GC Explicit
08-04 02:22:44.999 24721 24732 I art     : Explicit concurrent mark sweep GC freed 10(352B) AllocSpace objects, 0(0B) LOS objects, 23% free, 53MB/69MB, paused 432us total 19.421ms
08-04 02:22:45.007 24721 24732 I art     : Starting a blocking GC Explicit
08-04 02:22:45.026 24721 24732 I art     : Explicit concurrent mark sweep GC freed 11(416B) AllocSpace objects, 0(0B) LOS objects, 23% free, 53MB/69MB, paused 490us total 18.929ms
08-04 02:22:45.266 18002 18002 I ServiceManager: Waiting for service AtCmdFwd...
08-04 02:22:45.273 24721 27132 D OkHttp  : --> GET https://api-hillfair-2k16.herokuapp.com/api/app/quiz/leaderboard?from=1 http/1.1
08-04 02:22:45.304 24721 27132 D OkHttp  : <-- 200 OK https://api-hillfair-2k16.herokuapp.com/api/app/quiz/leaderboard?from=1 (31ms, 56744-byte body)
08-04 02:22:45.313 24721 24732 I art     : Starting a blocking GC Explicit
08-04 02:22:45.337 24721 24732 I art     : Explicit concurrent mark sweep GC freed 6160(328KB) AllocSpace objects, 4(220KB) LOS objects, 23% free, 53MB/69MB, paused 560us total 23.608ms
08-04 02:22:45.346 24721 24732 I art     : Starting a blocking GC Explicit
08-04 02:22:45.370 24721 24732 I art     : Explicit concurrent mark sweep GC freed 16011(808KB) AllocSpace objects, 0(0B) LOS objects, 23% free, 53MB/69MB, paused 726us total 23.496ms
08-04 02:22:45.379 24721 24732 I art     : Starting a blocking GC Explicit
08-04 02:22:45.400 24721 24732 I art     : Explicit concurrent mark sweep GC freed 7699(347KB) AllocSpace objects, 0(0B) LOS objects, 23% free, 53MB/69MB, paused 427us total 20.795ms
08-04 02:22:45.401 24721 24721 I NAPPA_EXPERIMENTATION: MetricNetworkRequestExecutionTime: REQUEST_DURATION_SYSTEM='980',REQUEST_DURATION_OKHTTP='31',REQUEST_SYNCHRONOUS='FALSE',RESPONSE_CODE='200',RESPONSE_METHOD='GET',RESPONSE_LENGTH_OKHTTP='56744',RESPONSE_LENGTH_HEADER='56744',REQUEST_PROTOCOL='http/1.1',REQUEST_URL='https://api-hillfair-2k16.herokuapp.com/api/app/quiz/leaderboard?from=1',
08-04 02:22:45.408 24721 24732 I art     : Starting a blocking GC Explicit
08-04 02:22:45.429 24721 24732 I art     : Explicit concurrent mark sweep GC freed 640(49KB) AllocSpace objects, 0(0B) LOS objects, 23% free, 53MB/69MB, paused 778us total 20.470ms
08-04 02:22:45.437 24721 24732 I art     : Starting a blocking GC Explicit
08-04 02:22:45.459 24721 24732 I art     : Explicit concurrent mark sweep GC freed 846(32KB) AllocSpace objects, 0(0B) LOS objects, 23% free, 53MB/69MB, paused 769us total 21.499ms
08-04 02:22:45.729 24721 24733 I art     : Starting a blocking GC Explicit
08-04 02:22:45.757 24721 24733 I art     : Explicit concurrent mark sweep GC freed 1480(82KB) AllocSpace objects, 1(20KB) LOS objects, 23% free, 53MB/69MB, paused 506us total 28.313ms
08-04 02:22:45.769 24721 24733 I art     : Starting a blocking GC Explicit
08-04 02:22:45.793 24721 24733 I art     : Explicit concurrent mark sweep GC freed 22(800B) AllocSpace objects, 0(0B) LOS objects, 23% free, 53MB/69MB, paused 465us total 23.796ms
08-04 02:22:45.802 24721 24733 I art     : Starting a blocking GC Explicit
08-04 02:22:45.825 24721 24733 I art     : Explicit concurrent mark sweep GC freed 3(96B) AllocSpace objects, 0(0B) LOS objects, 23% free, 53MB/69MB, paused 463us total 23.437ms
08-04 02:22:45.835 24721 24733 I art     : Starting a blocking GC Explicit
08-04 02:22:45.858 24721 24733 I art     : Explicit concurrent mark sweep GC freed 3(96B) AllocSpace objects, 0(0B) LOS objects, 23% free, 53MB/69MB, paused 476us total 23.213ms
08-04 02:22:45.867 24721 24733 I art     : Starting a blocking GC Explicit
08-04 02:22:45.891 24721 24733 I art     : Explicit concurrent mark sweep GC freed 3(96B) AllocSpace objects, 0(0B) LOS objects, 23% free, 53MB/69MB, paused 452us total 23.500ms
08-04 02:22:46.233 24721 24828 I art     : Starting a blocking GC Explicit
08-04 02:22:46.265 24721 24828 I art     : Explicit concurrent mark sweep GC freed 1344(78KB) AllocSpace objects, 1(20KB) LOS objects, 23% free, 53MB/69MB, paused 515us total 31.480ms
08-04 02:22:46.266 18002 18002 W Atfwd_Sendcmd: AtCmdFwd service not published, waiting... retryCnt : 5
08-04 02:22:46.279 24721 24828 I art     : Starting a blocking GC Explicit
08-04 02:22:46.303 24721 24828 I art     : Explicit concurrent mark sweep GC freed 20(704B) AllocSpace objects, 0(0B) LOS objects, 23% free, 53MB/69MB, paused 476us total 23.269ms
08-04 02:22:46.312 24721 24828 I art     : Starting a blocking GC Explicit
08-04 02:22:46.336 24721 24828 I art     : Explicit concurrent mark sweep GC freed 3(96B) AllocSpace objects, 0(0B) LOS objects, 23% free, 53MB/69MB, paused 470us total 23.681ms
08-04 02:22:46.345 24721 24828 I art     : Starting a blocking GC Explicit
08-04 02:22:46.369 24721 24828 I art     : Explicit concurrent mark sweep GC freed 3(96B) AllocSpace objects, 0(0B) LOS objects, 23% free, 53MB/69MB, paused 535us total 23.732ms
08-04 02:22:46.378 24721 24828 I art     : Starting a blocking GC Explicit
08-04 02:22:46.402 24721 24828 I art     : Explicit concurrent mark sweep GC freed 3(96B) AllocSpace objects, 0(0B) LOS objects, 23% free, 53MB/69MB, paused 474us total 23.277ms
08-04 02:22:46.704 24721 24829 I art     : Starting a blocking GC Explicit
08-04 02:22:46.739 24721 24829 I art     : Explicit concurrent mark sweep GC freed 1344(78KB) AllocSpace objects, 1(20KB) LOS objects, 23% free, 53MB/69MB, paused 568us total 34.560ms
08-04 02:22:46.753 24721 24829 I art     : Starting a blocking GC Explicit
08-04 02:22:46.777 24721 24829 I art     : Explicit concurrent mark sweep GC freed 20(704B) AllocSpace objects, 0(0B) LOS objects, 23% free, 53MB/69MB, paused 532us total 23.657ms
08-04 02:22:46.786 24721 24829 I art     : Starting a blocking GC Explicit
08-04 02:22:46.809 24721 24829 I art     : Explicit concurrent mark sweep GC freed 3(96B) AllocSpace objects, 0(0B) LOS objects, 23% free, 53MB/69MB, paused 459us total 22.925ms
08-04 02:22:46.818 24721 24829 I art     : Starting a blocking GC Explicit
08-04 02:22:46.842 24721 24829 I art     : Explicit concurrent mark sweep GC freed 3(96B) AllocSpace objects, 0(0B) LOS objects, 23% free, 53MB/69MB, paused 503us total 23.439ms
08-04 02:22:46.851 24721 24829 I art     : Starting a blocking GC Explicit
08-04 02:22:46.875 24721 24829 I art     : Explicit concurrent mark sweep GC freed 3(96B) AllocSpace objects, 0(0B) LOS objects, 23% free, 53MB/69MB, paused 441us total 23.074ms
08-04 02:22:47.181 24721 24732 I art     : Starting a blocking GC Explicit
08-04 02:22:47.206 24721 24732 I art     : Explicit concurrent mark sweep GC freed 1344(78KB) AllocSpace objects, 1(20KB) LOS objects, 23% free, 53MB/69MB, paused 459us total 24.647ms
08-04 02:22:47.219 24721 24732 I art     : Starting a blocking GC Explicit
08-04 02:22:47.243 24721 24732 I art     : Explicit concurrent mark sweep GC freed 20(704B) AllocSpace objects, 0(0B) LOS objects, 23% free, 53MB/69MB, paused 452us total 24.107ms
08-04 02:22:47.252 24721 24732 I art     : Starting a blocking GC Explicit
08-04 02:22:47.275 24721 24732 I art     : Explicit concurrent mark sweep GC freed 3(96B) AllocSpace objects, 0(0B) LOS objects, 23% free, 53MB/69MB, paused 441us total 22.246ms
08-04 02:22:47.284 24721 24732 I art     : Starting a blocking GC Explicit
08-04 02:22:47.308 24721 24732 I art     : Explicit concurrent mark sweep GC freed 3(96B) AllocSpace objects, 0(0B) LOS objects, 23% free, 53MB/69MB, paused 451us total 23.781ms
08-04 02:22:47.317 24721 24732 I art     : Starting a blocking GC Explicit
08-04 02:22:47.341 24721 24732 I art     : Explicit concurrent mark sweep GC freed 3(96B) AllocSpace objects, 0(0B) LOS objects, 23% free, 53MB/69MB, paused 457us total 23.222ms
08-04 02:22:47.666 24721 26903 I art     : Starting a blocking GC Explicit
08-04 02:22:47.695 24721 26903 I art     : Explicit concurrent mark sweep GC freed 1344(78KB) AllocSpace objects, 1(20KB) LOS objects, 23% free, 53MB/69MB, paused 503us total 29.056ms
08-04 02:22:47.707 24721 26903 I art     : Starting a blocking GC Explicit
08-04 02:22:47.731 24721 26903 I art     : Explicit concurrent mark sweep GC freed 20(704B) AllocSpace objects, 0(0B) LOS objects, 23% free, 53MB/69MB, paused 486us total 23.776ms
08-04 02:22:47.740 24721 26903 I art     : Starting a blocking GC Explicit
08-04 02:22:47.763 24721 26903 I art     : Explicit concurrent mark sweep GC freed 3(96B) AllocSpace objects, 0(0B) LOS objects, 23% free, 53MB/69MB, paused 464us total 22.282ms
08-04 02:22:47.772 24721 26903 I art     : Starting a blocking GC Explicit
08-04 02:22:47.795 24721 26903 I art     : Explicit concurrent mark sweep GC freed 3(96B) AllocSpace objects, 0(0B) LOS objects, 23% free, 53MB/69MB, paused 474us total 22.851ms
08-04 02:22:47.804 24721 26903 I art     : Starting a blocking GC Explicit
08-04 02:22:47.828 24721 26903 I art     : Explicit concurrent mark sweep GC freed 3(96B) AllocSpace objects, 0(0B) LOS objects, 23% free, 53MB/69MB, paused 538us total 23.239ms
08-04 02:22:48.131 24721 24733 I art     : Starting a blocking GC Explicit
08-04 02:22:48.161 24721 24733 I art     : Explicit concurrent mark sweep GC freed 1344(78KB) AllocSpace objects, 1(20KB) LOS objects, 23% free, 53MB/69MB, paused 500us total 29.420ms
08-04 02:22:48.174 24721 24733 I art     : Starting a blocking GC Explicit
08-04 02:22:48.199 24721 24733 I art     : Explicit concurrent mark sweep GC freed 20(704B) AllocSpace objects, 0(0B) LOS objects, 23% free, 53MB/69MB, paused 480us total 25.083ms
08-04 02:22:48.208 24721 24733 I art     : Starting a blocking GC Explicit
08-04 02:22:48.231 24721 24733 I art     : Explicit concurrent mark sweep GC freed 3(96B) AllocSpace objects, 0(0B) LOS objects, 23% free, 53MB/69MB, paused 469us total 22.671ms
08-04 02:22:48.240 24721 24733 I art     : Starting a blocking GC Explicit
08-04 02:22:48.264 24721 24733 I art     : Explicit concurrent mark sweep GC freed 3(96B) AllocSpace objects, 0(0B) LOS objects, 23% free, 53MB/69MB, paused 477us total 23.390ms
08-04 02:22:48.274 24721 24733 I art     : Starting a blocking GC Explicit
08-04 02:22:48.296 24721 24733 I art     : Explicit concurrent mark sweep GC freed 3(96B) AllocSpace objects, 0(0B) LOS objects, 23% free, 53MB/69MB, paused 455us total 22.689ms
08-04 02:22:48.604 24721 24828 I art     : Starting a blocking GC Explicit
08-04 02:22:48.630 24721 24828 I art     : Explicit concurrent mark sweep GC freed 1344(78KB) AllocSpace objects, 1(20KB) LOS objects, 23% free, 53MB/69MB, paused 510us total 25.577ms
08-04 02:22:48.639 24721 24828 I art     : Starting a blocking GC Explicit
08-04 02:22:48.661 24721 24828 I art     : Explicit concurrent mark sweep GC freed 20(704B) AllocSpace objects, 0(0B) LOS objects, 23% free, 53MB/69MB, paused 456us total 22.099ms
08-04 02:22:48.670 24721 24828 I art     : Starting a blocking GC Explicit
08-04 02:22:48.692 24721 24828 I art     : Explicit concurrent mark sweep GC freed 3(96B) AllocSpace objects, 0(0B) LOS objects, 23% free, 53MB/69MB, paused 486us total 21.715ms
08-04 02:22:48.701 24721 24828 I art     : Starting a blocking GC Explicit
08-04 02:22:48.723 24721 24828 I art     : Explicit concurrent mark sweep GC freed 3(96B) AllocSpace objects, 0(0B) LOS objects, 23% free, 53MB/69MB, paused 458us total 21.728ms
08-04 02:22:48.731 24721 24828 I art     : Starting a blocking GC Explicit
08-04 02:22:48.754 24721 24828 I art     : Explicit concurrent mark sweep GC freed 3(96B) AllocSpace objects, 0(0B) LOS objects, 23% free, 53MB/69MB, paused 461us total 22.313ms
08-04 02:22:48.995 27228 27228 D AndroidRuntime: >>>>>> START com.android.internal.os.RuntimeInit uid 2000 <<<<<<
08-04 02:22:49.000 27228 27228 D AndroidRuntime: CheckJNI is OFF
08-04 02:22:49.035 27228 27228 D ICU     : No timezone override file found: /data/misc/zoneinfo/current/icu/icu_tzdata.dat
08-04 02:22:49.049 24721 24829 I art     : Starting a blocking GC Explicit
08-04 02:22:49.068 27228 27228 I Radio-JNI: register_android_hardware_Radio DONE
08-04 02:22:49.073 24721 24829 I art     : Explicit concurrent mark sweep GC freed 1344(78KB) AllocSpace objects, 1(20KB) LOS objects, 23% free, 53MB/69MB, paused 502us total 23.339ms
08-04 02:22:49.082 24721 24829 I art     : Starting a blocking GC Explicit
08-04 02:22:49.091 27228 27228 D AndroidRuntime: Calling main entry com.android.commands.input.Input
08-04 02:22:49.093 27228 27228 I Input   : injectKeyEvent: KeyEvent { action=ACTION_DOWN, keyCode=KEYCODE_BACK, scanCode=0, metaState=0, flags=0x0, repeatCount=0, eventTime=670985506, downTime=670985506, deviceId=-1, source=0x101 }
08-04 02:22:49.098 27228 27228 I Input   : injectKeyEvent: KeyEvent { action=ACTION_UP, keyCode=KEYCODE_BACK, scanCode=0, metaState=0, flags=0x0, repeatCount=0, eventTime=670985506, downTime=670985506, deviceId=-1, source=0x101 }
08-04 02:22:49.104 27228 27228 D AndroidRuntime: Shutting down VM
08-04 02:22:49.104 24721 24829 I art     : Explicit concurrent mark sweep GC freed 22(816B) AllocSpace objects, 0(0B) LOS objects, 23% free, 53MB/69MB, paused 538us total 22.508ms
08-04 02:22:49.113 24721 24829 I art     : Starting a blocking GC Explicit
08-04 02:22:49.133 24721 24829 I art     : Explicit concurrent mark sweep GC freed 103(5KB) AllocSpace objects, 0(0B) LOS objects, 23% free, 53MB/69MB, paused 500us total 20.306ms
08-04 02:22:49.141 24721 24829 I art     : Starting a blocking GC Explicit
08-04 02:22:49.146 13866 13866 I GoogleInputMethodServic: GoogleInputMethodService.onFinishInput():3138 
08-04 02:22:49.147 13866 13866 I GoogleInputMethodServic: GoogleInputMethodService.onStartInput():1808 
08-04 02:22:49.165 24721 24829 I art     : Explicit concurrent mark sweep GC freed 38(1376B) AllocSpace objects, 0(0B) LOS objects, 23% free, 53MB/69MB, paused 534us total 23.466ms
08-04 02:22:49.176 24721 24829 I art     : Starting a blocking GC Explicit
08-04 02:22:49.197 24721 24829 I art     : Explicit concurrent mark sweep GC freed 10(368B) AllocSpace objects, 0(0B) LOS objects, 23% free, 53MB/69MB, paused 494us total 20.903ms
08-04 02:22:49.453   380   380 W SurfaceFlinger: couldn't log to binary event log: overflow.
08-04 02:22:49.467 24721 24732 I art     : Starting a blocking GC Explicit
08-04 02:22:49.490 24721 24732 I art     : Explicit concurrent mark sweep GC freed 1463(87KB) AllocSpace objects, 1(20KB) LOS objects, 23% free, 53MB/69MB, paused 481us total 22.440ms
08-04 02:22:49.498 24721 24732 I art     : Starting a blocking GC Explicit
08-04 02:22:49.519 24721 24732 I art     : Explicit concurrent mark sweep GC freed 4698(269KB) AllocSpace objects, 2(140KB) LOS objects, 23% free, 52MB/68MB, paused 456us total 20.518ms
08-04 02:22:49.527 24721 24732 I art     : Starting a blocking GC Explicit
08-04 02:22:49.547 24721 24732 I art     : Explicit concurrent mark sweep GC freed 3(96B) AllocSpace objects, 0(0B) LOS objects, 23% free, 52MB/68MB, paused 504us total 19.681ms
08-04 02:22:49.556 24721 24732 I art     : Starting a blocking GC Explicit
08-04 02:22:49.577 24721 24732 I art     : Explicit concurrent mark sweep GC freed 3(96B) AllocSpace objects, 0(0B) LOS objects, 23% free, 52MB/68MB, paused 524us total 20.926ms
08-04 02:22:49.585 24721 24732 I art     : Starting a blocking GC Explicit
08-04 02:22:49.607 24721 24732 I art     : Explicit concurrent mark sweep GC freed 3(96B) AllocSpace objects, 0(0B) LOS objects, 23% free, 52MB/68MB, paused 509us total 21.084ms
08-04 02:22:49.899 24721 24733 I art     : Starting a blocking GC Explicit
08-04 02:22:49.931 24721 24733 I art     : Explicit concurrent mark sweep GC freed 1344(78KB) AllocSpace objects, 1(20KB) LOS objects, 23% free, 52MB/68MB, paused 495us total 31.611ms
08-04 02:22:49.945 24721 24733 I art     : Starting a blocking GC Explicit
08-04 02:22:49.967 24721 24733 I art     : Explicit concurrent mark sweep GC freed 20(704B) AllocSpace objects, 0(0B) LOS objects, 23% free, 52MB/68MB, paused 525us total 21.866ms
08-04 02:22:49.975 24721 24733 I art     : Starting a blocking GC Explicit
08-04 02:22:49.997 24721 24733 I art     : Explicit concurrent mark sweep GC freed 3(96B) AllocSpace objects, 0(0B) LOS objects, 23% free, 52MB/68MB, paused 522us total 21.393ms
08-04 02:22:50.006 24721 24733 I art     : Starting a blocking GC Explicit
08-04 02:22:50.028 24721 24733 I art     : Explicit concurrent mark sweep GC freed 3(96B) AllocSpace objects, 0(0B) LOS objects, 23% free, 52MB/68MB, paused 463us total 22.096ms
08-04 02:22:50.037 24721 24733 I art     : Starting a blocking GC Explicit
08-04 02:22:50.059 24721 24733 I art     : Explicit concurrent mark sweep GC freed 3(96B) AllocSpace objects, 0(0B) LOS objects, 23% free, 52MB/68MB, paused 456us total 21.590ms
08-04 02:22:50.351 24721 24828 I art     : Starting a blocking GC Explicit
08-04 02:22:50.377 24721 24828 I art     : Explicit concurrent mark sweep GC freed 1343(78KB) AllocSpace objects, 1(20KB) LOS objects, 23% free, 52MB/68MB, paused 542us total 25.712ms
08-04 02:22:50.386 24721 24828 I art     : Starting a blocking GC Explicit
08-04 02:22:50.407 24721 24828 I art     : Explicit concurrent mark sweep GC freed 20(704B) AllocSpace objects, 0(0B) LOS objects, 23% free, 52MB/68MB, paused 552us total 21.168ms
08-04 02:22:50.416 24721 24828 I art     : Starting a blocking GC Explicit
08-04 02:22:50.437 24721 24828 I art     : Explicit concurrent mark sweep GC freed 3(96B) AllocSpace objects, 0(0B) LOS objects, 23% free, 52MB/68MB, paused 546us total 20.381ms
08-04 02:22:50.445 24721 24828 I art     : Starting a blocking GC Explicit
08-04 02:22:50.466 24721 24828 I art     : Explicit concurrent mark sweep GC freed 3(96B) AllocSpace objects, 0(0B) LOS objects, 23% free, 52MB/68MB, paused 477us total 20.435ms
08-04 02:22:50.474 24721 24828 I art     : Starting a blocking GC Explicit
08-04 02:22:50.495 24721 24828 I art     : Explicit concurrent mark sweep GC freed 3(96B) AllocSpace objects, 0(0B) LOS objects, 23% free, 52MB/68MB, paused 480us total 20.568ms
08-04 02:22:50.765 27281 27281 D AndroidRuntime: >>>>>> START com.android.internal.os.RuntimeInit uid 2000 <<<<<<
08-04 02:22:50.772 27281 27281 D AndroidRuntime: CheckJNI is OFF
08-04 02:22:50.805 24721 24828 I art     : Starting a blocking GC Explicit
08-04 02:22:50.807 27281 27281 D ICU     : No timezone override file found: /data/misc/zoneinfo/current/icu/icu_tzdata.dat
08-04 02:22:50.828 24721 24828 I art     : Explicit concurrent mark sweep GC freed 1354(78KB) AllocSpace objects, 1(20KB) LOS objects, 23% free, 52MB/68MB, paused 579us total 23.235ms
08-04 02:22:50.837 24721 24828 I art     : Starting a blocking GC Explicit
08-04 02:22:50.844 27281 27281 I Radio-JNI: register_android_hardware_Radio DONE
08-04 02:22:50.859 24721 24828 I art     : Explicit concurrent mark sweep GC freed 24(832B) AllocSpace objects, 0(0B) LOS objects, 23% free, 52MB/68MB, paused 532us total 21.439ms
08-04 02:22:50.867 27281 27281 D AndroidRuntime: Calling main entry com.android.commands.input.Input
08-04 02:22:50.868 24721 24828 I art     : Starting a blocking GC Explicit
08-04 02:22:50.869 27281 27281 I Input   : injectKeyEvent: KeyEvent { action=ACTION_DOWN, keyCode=KEYCODE_BACK, scanCode=0, metaState=0, flags=0x0, repeatCount=0, eventTime=670987282, downTime=670987282, deviceId=-1, source=0x101 }
08-04 02:22:50.875 27281 27281 I Input   : injectKeyEvent: KeyEvent { action=ACTION_UP, keyCode=KEYCODE_BACK, scanCode=0, metaState=0, flags=0x0, repeatCount=0, eventTime=670987282, downTime=670987282, deviceId=-1, source=0x101 }
08-04 02:22:50.882 27281 27281 D AndroidRuntime: Shutting down VM
08-04 02:22:50.888 24721 24828 I art     : Explicit concurrent mark sweep GC freed 9(384B) AllocSpace objects, 0(0B) LOS objects, 23% free, 52MB/68MB, paused 530us total 19.677ms
08-04 02:22:50.896 24721 24828 I art     : Starting a blocking GC Explicit
08-04 02:22:50.915 24721 24828 I art     : Explicit concurrent mark sweep GC freed 138(6KB) AllocSpace objects, 0(0B) LOS objects, 23% free, 52MB/68MB, paused 420us total 18.490ms
08-04 02:22:50.924 24721 24828 I art     : Starting a blocking GC Explicit
08-04 02:22:50.943 24721 24828 I art     : Explicit concurrent mark sweep GC freed 10(320B) AllocSpace objects, 0(0B) LOS objects, 23% free, 52MB/68MB, paused 445us total 18.636ms
08-04 02:22:50.971 13866 13866 I GoogleInputMethodServic: GoogleInputMethodService.onFinishInput():3138 
08-04 02:22:50.971 13866 13866 I GoogleInputMethodServic: GoogleInputMethodService.onStartInput():1808 
08-04 02:22:51.200 24721 24828 I art     : Starting a blocking GC Explicit
08-04 02:22:51.226 24721 24828 I art     : Explicit concurrent mark sweep GC freed 1400(80KB) AllocSpace objects, 1(20KB) LOS objects, 23% free, 52MB/68MB, paused 545us total 25.350ms
08-04 02:22:51.238 24721 24828 I art     : Starting a blocking GC Explicit
08-04 02:22:51.255   380   380 W SurfaceFlinger: couldn't log to binary event log: overflow.
08-04 02:22:51.259 24721 24828 I art     : Explicit concurrent mark sweep GC freed 118(8KB) AllocSpace objects, 0(0B) LOS objects, 23% free, 52MB/68MB, paused 493us total 20.881ms
08-04 02:22:51.268 24721 24828 I art     : Starting a blocking GC Explicit
08-04 02:22:51.288 24721 24828 I art     : Explicit concurrent mark sweep GC freed 27(1264B) AllocSpace objects, 0(0B) LOS objects, 23% free, 52MB/68MB, paused 480us total 19.785ms
08-04 02:22:51.288 24721 24731 I art     : WaitForGcToComplete blocked for 19.881ms for cause HeapTrim
08-04 02:22:51.296 24721 24828 I art     : Starting a blocking GC Explicit
08-04 02:22:51.315 24721 24828 I art     : Explicit concurrent mark sweep GC freed 2079(122KB) AllocSpace objects, 3(340KB) LOS objects, 23% free, 52MB/68MB, paused 446us total 18.996ms
08-04 02:22:51.324 24721 24828 I art     : Starting a blocking GC Explicit
08-04 02:22:51.344 24721 24828 I art     : Explicit concurrent mark sweep GC freed 3(96B) AllocSpace objects, 0(0B) LOS objects, 23% free, 52MB/68MB, paused 478us total 19.813ms
08-04 02:22:51.645 24721 24732 I art     : Starting a blocking GC Explicit
08-04 02:22:51.675 24721 24732 I art     : Explicit concurrent mark sweep GC freed 1343(78KB) AllocSpace objects, 1(20KB) LOS objects, 23% free, 52MB/68MB, paused 566us total 29.693ms
08-04 02:22:51.688 24721 24732 I art     : Starting a blocking GC Explicit
08-04 02:22:51.709 24721 24732 I art     : Explicit concurrent mark sweep GC freed 20(704B) AllocSpace objects, 0(0B) LOS objects, 23% free, 52MB/68MB, paused 466us total 21.214ms
08-04 02:22:51.718 24721 24732 I art     : Starting a blocking GC Explicit
08-04 02:22:51.740 24721 24732 I art     : Explicit concurrent mark sweep GC freed 3(96B) AllocSpace objects, 0(0B) LOS objects, 23% free, 52MB/68MB, paused 461us total 21.061ms
08-04 02:22:51.748 24721 24732 I art     : Starting a blocking GC Explicit
08-04 02:22:51.770 24721 24732 I art     : Explicit concurrent mark sweep GC freed 3(96B) AllocSpace objects, 0(0B) LOS objects, 23% free, 52MB/68MB, paused 452us total 21.104ms
08-04 02:22:51.779 24721 24732 I art     : Starting a blocking GC Explicit
08-04 02:22:51.800 24721 24732 I art     : Explicit concurrent mark sweep GC freed 3(96B) AllocSpace objects, 0(0B) LOS objects, 23% free, 52MB/68MB, paused 461us total 20.670ms
08-04 02:22:52.097 24721 24733 I art     : Starting a blocking GC Explicit
08-04 02:22:52.122 24721 24733 I art     : Explicit concurrent mark sweep GC freed 1341(78KB) AllocSpace objects, 1(20KB) LOS objects, 23% free, 52MB/68MB, paused 447us total 23.939ms
08-04 02:22:52.131 24721 24733 I art     : Starting a blocking GC Explicit
08-04 02:22:52.150 24721 24733 I art     : Explicit concurrent mark sweep GC freed 20(704B) AllocSpace objects, 0(0B) LOS objects, 23% free, 52MB/68MB, paused 470us total 19.233ms
08-04 02:22:52.158 24721 24733 I art     : Starting a blocking GC Explicit
08-04 02:22:52.178 24721 24733 I art     : Explicit concurrent mark sweep GC freed 3(96B) AllocSpace objects, 0(0B) LOS objects, 23% free, 52MB/68MB, paused 466us total 19.406ms
08-04 02:22:52.186 24721 24733 I art     : Starting a blocking GC Explicit
08-04 02:22:52.205 24721 24733 I art     : Explicit concurrent mark sweep GC freed 3(96B) AllocSpace objects, 0(0B) LOS objects, 23% free, 52MB/68MB, paused 469us total 19.023ms
08-04 02:22:52.214 24721 24733 I art     : Starting a blocking GC Explicit
08-04 02:22:52.234 24721 24733 I art     : Explicit concurrent mark sweep GC freed 3(96B) AllocSpace objects, 0(0B) LOS objects, 23% free, 52MB/68MB, paused 461us total 19.944ms
08-04 02:22:52.517 24721 26903 I art     : Starting a blocking GC Explicit
08-04 02:22:52.539 27335 27335 D AndroidRuntime: >>>>>> START com.android.internal.os.RuntimeInit uid 2000 <<<<<<
08-04 02:22:52.544 24721 26903 I art     : Explicit concurrent mark sweep GC freed 1341(78KB) AllocSpace objects, 1(20KB) LOS objects, 23% free, 52MB/68MB, paused 556us total 26.152ms
08-04 02:22:52.546 27335 27335 D AndroidRuntime: CheckJNI is OFF
08-04 02:22:52.553 24721 26903 I art     : Starting a blocking GC Explicit
08-04 02:22:52.574 24721 26903 I art     : Explicit concurrent mark sweep GC freed 20(704B) AllocSpace objects, 0(0B) LOS objects, 23% free, 52MB/68MB, paused 517us total 20.326ms
08-04 02:22:52.582 24721 26903 I art     : Starting a blocking GC Explicit
08-04 02:22:52.583 27335 27335 D ICU     : No timezone override file found: /data/misc/zoneinfo/current/icu/icu_tzdata.dat
08-04 02:22:52.602 24721 26903 I art     : Explicit concurrent mark sweep GC freed 3(96B) AllocSpace objects, 0(0B) LOS objects, 23% free, 52MB/68MB, paused 501us total 19.447ms
08-04 02:22:52.610 24721 26903 I art     : Starting a blocking GC Explicit
08-04 02:22:52.618 27335 27335 I Radio-JNI: register_android_hardware_Radio DONE
08-04 02:22:52.630 24721 26903 I art     : Explicit concurrent mark sweep GC freed 3(96B) AllocSpace objects, 0(0B) LOS objects, 23% free, 52MB/68MB, paused 479us total 19.446ms
08-04 02:22:52.638 24721 26903 I art     : Starting a blocking GC Explicit
08-04 02:22:52.640 27335 27335 D AndroidRuntime: Calling main entry com.android.commands.input.Input
08-04 02:22:52.641 27335 27335 I Input   : injectMotionEvent: MotionEvent { action=ACTION_DOWN, actionButton=0, id[0]=0, x[0]=1053.0, y[0]=1173.0, toolType[0]=TOOL_TYPE_UNKNOWN, buttonState=0, metaState=0, flags=0x0, edgeFlags=0x0, pointerCount=1, historySize=0, eventTime=670989054, downTime=670989054, deviceId=0, source=0x1002 }
08-04 02:22:52.649 27335 27335 I Input   : injectMotionEvent: MotionEvent { action=ACTION_UP, actionButton=0, id[0]=0, x[0]=1053.0, y[0]=1173.0, toolType[0]=TOOL_TYPE_UNKNOWN, buttonState=0, metaState=0, flags=0x0, edgeFlags=0x0, pointerCount=1, historySize=0, eventTime=670989054, downTime=670989054, deviceId=0, source=0x1002 }
08-04 02:22:52.651   918   928 I ActivityManager: START u0 {cmp=baseline.appteam.nith.hillffair/.activities.QuizActivity} from uid 10651 on display 0
08-04 02:22:52.658 24721 26903 I art     : Explicit concurrent mark sweep GC freed 7(224B) AllocSpace objects, 0(0B) LOS objects, 23% free, 52MB/68MB, paused 657us total 19.179ms
08-04 02:22:52.659 27335 27335 D AndroidRuntime: Shutting down VM
08-04 02:22:52.748   918   936 I ActivityManager: Displayed baseline.appteam.nith.hillffair/.activities.QuizActivity: +90ms
08-04 02:22:52.749 13866 13866 I GoogleInputMethodServic: GoogleInputMethodService.onFinishInput():3138 
08-04 02:22:52.749 13866 13866 I GoogleInputMethodServic: GoogleInputMethodService.onStartInput():1808 
08-04 02:22:52.910 24721 26903 I art     : Starting a blocking GC Explicit
08-04 02:22:52.936 24721 26903 I art     : Explicit concurrent mark sweep GC freed 2151(133KB) AllocSpace objects, 1(20KB) LOS objects, 23% free, 52MB/68MB, paused 464us total 25.661ms
08-04 02:22:52.948 24721 26903 I art     : Starting a blocking GC Explicit
08-04 02:22:52.972 24721 26903 I art     : Explicit concurrent mark sweep GC freed 187(8KB) AllocSpace objects, 0(0B) LOS objects, 23% free, 52MB/68MB, paused 463us total 23.894ms
08-04 02:22:52.983 24721 26903 I art     : Starting a blocking GC Explicit
08-04 02:22:53.007 24721 26903 I art     : Explicit concurrent mark sweep GC freed 3(96B) AllocSpace objects, 0(0B) LOS objects, 23% free, 52MB/68MB, paused 499us total 23.985ms
08-04 02:22:53.008   380   380 W SurfaceFlinger: couldn't log to binary event log: overflow.
08-04 02:22:53.019 24721 26903 I art     : Starting a blocking GC Explicit
08-04 02:22:53.038 24721 26903 I art     : Explicit concurrent mark sweep GC freed 3(96B) AllocSpace objects, 0(0B) LOS objects, 23% free, 52MB/68MB, paused 445us total 18.936ms
08-04 02:22:53.046 24721 26903 I art     : Starting a blocking GC Explicit
08-04 02:22:53.065 24721 26903 I art     : Explicit concurrent mark sweep GC freed 3(96B) AllocSpace objects, 0(0B) LOS objects, 23% free, 52MB/68MB, paused 413us total 18.395ms
08-04 02:22:53.350 24721 24733 I art     : Starting a blocking GC Explicit
08-04 02:22:53.377 24721 24733 I art     : Explicit concurrent mark sweep GC freed 1426(83KB) AllocSpace objects, 1(20KB) LOS objects, 23% free, 52MB/68MB, paused 485us total 26.802ms
08-04 02:22:53.389 24721 24733 I art     : Starting a blocking GC Explicit
08-04 02:22:53.411 24721 24733 I art     : Explicit concurrent mark sweep GC freed 34(1136B) AllocSpace objects, 0(0B) LOS objects, 23% free, 52MB/68MB, paused 465us total 21.818ms
08-04 02:22:53.420 24721 24733 I art     : Starting a blocking GC Explicit
08-04 02:22:53.442 24721 24733 I art     : Explicit concurrent mark sweep GC freed 3(96B) AllocSpace objects, 0(0B) LOS objects, 23% free, 52MB/68MB, paused 454us total 21.898ms
08-04 02:22:53.451 24721 24733 I art     : Starting a blocking GC Explicit
08-04 02:22:53.473 24721 24733 I art     : Explicit concurrent mark sweep GC freed 3(96B) AllocSpace objects, 0(0B) LOS objects, 23% free, 52MB/68MB, paused 493us total 21.784ms
08-04 02:22:53.482 24721 24733 I art     : Starting a blocking GC Explicit
08-04 02:22:53.504 24721 24733 I art     : Explicit concurrent mark sweep GC freed 3(96B) AllocSpace objects, 0(0B) LOS objects, 23% free, 52MB/68MB, paused 450us total 21.368ms
08-04 02:22:53.794 24721 26903 I art     : Starting a blocking GC Explicit
08-04 02:22:53.818 24721 26903 I art     : Explicit concurrent mark sweep GC freed 1343(78KB) AllocSpace objects, 1(20KB) LOS objects, 23% free, 52MB/68MB, paused 458us total 24.041ms
08-04 02:22:53.827 24721 26903 I art     : Starting a blocking GC Explicit
08-04 02:22:53.849 24721 26903 I art     : Explicit concurrent mark sweep GC freed 20(704B) AllocSpace objects, 0(0B) LOS objects, 23% free, 52MB/68MB, paused 474us total 21.816ms
08-04 02:22:53.858 24721 26903 I art     : Starting a blocking GC Explicit
08-04 02:22:53.880 24721 26903 I art     : Explicit concurrent mark sweep GC freed 3(96B) AllocSpace objects, 0(0B) LOS objects, 23% free, 52MB/68MB, paused 455us total 21.736ms
08-04 02:22:53.889 24721 26903 I art     : Starting a blocking GC Explicit
08-04 02:22:53.910 24721 26903 I art     : Explicit concurrent mark sweep GC freed 3(96B) AllocSpace objects, 0(0B) LOS objects, 23% free, 52MB/68MB, paused 437us total 20.853ms
08-04 02:22:53.919 24721 26903 I art     : Starting a blocking GC Explicit
08-04 02:22:53.941 24721 26903 I art     : Explicit concurrent mark sweep GC freed 3(96B) AllocSpace objects, 0(0B) LOS objects, 23% free, 52MB/68MB, paused 456us total 21.442ms
08-04 02:22:54.167   918  3261 D WifiStateMachine: starting scan for "H369AA63323"WPA_PSK with 2412,5180
08-04 02:22:54.229 24721 24732 I art     : Starting a blocking GC Explicit
08-04 02:22:54.254 24721 24732 I art     : Explicit concurrent mark sweep GC freed 1343(78KB) AllocSpace objects, 1(20KB) LOS objects, 23% free, 52MB/68MB, paused 503us total 23.989ms
08-04 02:22:54.263 24721 24732 I art     : Starting a blocking GC Explicit
08-04 02:22:54.284 24721 24732 I art     : Explicit concurrent mark sweep GC freed 20(704B) AllocSpace objects, 0(0B) LOS objects, 23% free, 52MB/68MB, paused 454us total 21.331ms
08-04 02:22:54.295 24721 24732 I art     : Starting a blocking GC Explicit
08-04 02:22:54.318 24721 24732 I art     : Explicit concurrent mark sweep GC freed 6(192B) AllocSpace objects, 0(0B) LOS objects, 23% free, 52MB/68MB, paused 436us total 22.544ms
08-04 02:22:54.325 24721 24732 I art     : Starting a blocking GC Explicit
08-04 02:22:54.345 24721 24732 I art     : Explicit concurrent mark sweep GC freed 7(224B) AllocSpace objects, 0(0B) LOS objects, 23% free, 52MB/68MB, paused 395us total 19.328ms
08-04 02:22:54.354 24721 24732 I art     : Starting a blocking GC Explicit
08-04 02:22:54.373 24721 24732 I art     : Explicit concurrent mark sweep GC freed 6(192B) AllocSpace objects, 0(0B) LOS objects, 23% free, 52MB/68MB, paused 437us total 19.089ms
08-04 02:22:54.690 24721 24828 I art     : Starting a blocking GC Explicit
08-04 02:22:54.715 24721 24828 I art     : Explicit concurrent mark sweep GC freed 1363(79KB) AllocSpace objects, 1(20KB) LOS objects, 23% free, 52MB/68MB, paused 490us total 24.604ms
08-04 02:22:54.729 24721 24828 I art     : Starting a blocking GC Explicit
08-04 02:22:54.750 24721 24828 I art     : Explicit concurrent mark sweep GC freed 20(704B) AllocSpace objects, 0(0B) LOS objects, 23% free, 52MB/68MB, paused 441us total 21.041ms
08-04 02:22:54.759 24721 24828 I art     : Starting a blocking GC Explicit
08-04 02:22:54.780 24721 24828 I art     : Explicit concurrent mark sweep GC freed 3(96B) AllocSpace objects, 0(0B) LOS objects, 23% free, 52MB/68MB, paused 454us total 20.902ms
08-04 02:22:54.789 24721 24828 I art     : Starting a blocking GC Explicit
08-04 02:22:54.811 24721 24828 I art     : Explicit concurrent mark sweep GC freed 3(96B) AllocSpace objects, 0(0B) LOS objects, 23% free, 52MB/68MB, paused 444us total 21.735ms
08-04 02:22:54.820 24721 24828 I art     : Starting a blocking GC Explicit
08-04 02:22:54.841 24721 24828 I art     : Explicit concurrent mark sweep GC freed 3(96B) AllocSpace objects, 0(0B) LOS objects, 23% free, 52MB/68MB, paused 441us total 21.219ms
08-04 02:22:55.097 24721 24829 I art     : Starting a blocking GC Explicit
08-04 02:22:55.119 24721 24829 I art     : Explicit concurrent mark sweep GC freed 1343(78KB) AllocSpace objects, 1(20KB) LOS objects, 23% free, 52MB/68MB, paused 519us total 21.072ms
08-04 02:22:55.128 24721 24829 I art     : Starting a blocking GC Explicit
08-04 02:22:55.149 24721 24829 I art     : Explicit concurrent mark sweep GC freed 20(704B) AllocSpace objects, 0(0B) LOS objects, 23% free, 52MB/68MB, paused 450us total 20.942ms
08-04 02:22:55.157 24721 24829 I art     : Starting a blocking GC Explicit
08-04 02:22:55.178 24721 24829 I art     : Explicit concurrent mark sweep GC freed 3(96B) AllocSpace objects, 0(0B) LOS objects, 23% free, 52MB/68MB, paused 495us total 20.433ms
08-04 02:22:55.186 24721 24829 I art     : Starting a blocking GC Explicit
08-04 02:22:55.207 24721 24829 I art     : Explicit concurrent mark sweep GC freed 3(96B) AllocSpace objects, 0(0B) LOS objects, 23% free, 52MB/68MB, paused 473us total 20.959ms
08-04 02:22:55.216 24721 24829 I art     : Starting a blocking GC Explicit
08-04 02:22:55.237 24721 24829 I art     : Explicit concurrent mark sweep GC freed 3(96B) AllocSpace objects, 0(0B) LOS objects, 23% free, 52MB/68MB, paused 440us total 20.408ms
08-04 02:22:55.333 27409 27409 D AndroidRuntime: >>>>>> START com.android.internal.os.RuntimeInit uid 2000 <<<<<<
08-04 02:22:55.339 27409 27409 D AndroidRuntime: CheckJNI is OFF
08-04 02:22:55.379 27409 27409 D ICU     : No timezone override file found: /data/misc/zoneinfo/current/icu/icu_tzdata.dat
08-04 02:22:55.414 27409 27409 I Radio-JNI: register_android_hardware_Radio DONE
08-04 02:22:55.436 27409 27409 D AndroidRuntime: Calling main entry com.android.commands.input.Input
08-04 02:22:55.438 27409 27409 I Input   : injectMotionEvent: MotionEvent { action=ACTION_DOWN, actionButton=0, id[0]=0, x[0]=756.0, y[0]=1530.0, toolType[0]=TOOL_TYPE_UNKNOWN, buttonState=0, metaState=0, flags=0x0, edgeFlags=0x0, pointerCount=1, historySize=0, eventTime=670991850, downTime=670991850, deviceId=0, source=0x1002 }
08-04 02:22:55.443 27409 27409 I Input   : injectMotionEvent: MotionEvent { action=ACTION_UP, actionButton=0, id[0]=0, x[0]=756.0, y[0]=1530.0, toolType[0]=TOOL_TYPE_UNKNOWN, buttonState=0, metaState=0, flags=0x0, edgeFlags=0x0, pointerCount=1, historySize=0, eventTime=670991850, downTime=670991850, deviceId=0, source=0x1002 }
08-04 02:22:55.445 27409 27409 D AndroidRuntime: Shutting down VM
08-04 02:22:55.462   918  6112 I ActivityManager: START u0 {cmp=baseline.appteam.nith.hillffair/.activities.LeaderBoardActivity} from uid 10651 on display 0
08-04 02:22:55.464   512  2967 D audio_hw_primary: out_set_parameters: enter: usecase(1: low-latency-playback) kvpairs: routing=2
08-04 02:22:55.477   512  2967 D audio_hw_primary: select_devices: out_snd_device(2: speaker) in_snd_device(0: none)
08-04 02:22:55.477   512  2967 D msm8974_platform: platform_send_audio_calibration: sending audio calibration for snd_device(2) acdb_id(15)
08-04 02:22:55.477   512  2967 I soundtrigger: audio_extn_sound_trigger_update_device_status: device 0x2 of type 0 for Event 1
08-04 02:22:55.489   512  2967 D audio_hw_primary: enable_snd_device: snd_device(2: speaker)
08-04 02:22:55.491   512  2967 D audio_hw_primary: enable_audio_route: apply and update mixer path: low-latency-playback speaker
08-04 02:22:55.532 24721 26903 I art     : Starting a blocking GC Explicit
08-04 02:22:55.554 24721 24721 E RecyclerView: No adapter attached; skipping layout
08-04 02:22:55.554 24721 26903 I art     : Explicit concurrent mark sweep GC freed 6418(391KB) AllocSpace objects, 1(20KB) LOS objects, 23% free, 52MB/68MB, paused 808us total 22.596ms
08-04 02:22:55.556 24721 24721 E RecyclerView: No adapter attached; skipping layout
08-04 02:22:55.564 24721 26903 I art     : Starting a blocking GC Explicit
08-04 02:22:55.571   918   936 I ActivityManager: Displayed baseline.appteam.nith.hillffair/.activities.LeaderBoardActivity: +100ms
08-04 02:22:55.572 13866 13866 I GoogleInputMethodServic: GoogleInputMethodService.onFinishInput():3138 
08-04 02:22:55.572 13866 13866 I GoogleInputMethodServic: GoogleInputMethodService.onStartInput():1808 
08-04 02:22:55.574 24721 24721 E RecyclerView: No adapter attached; skipping layout
08-04 02:22:55.591 24721 26903 I art     : Explicit concurrent mark sweep GC freed 409(17KB) AllocSpace objects, 0(0B) LOS objects, 23% free, 53MB/69MB, paused 800us total 27.335ms
08-04 02:22:55.599 24721 24751 D OpenGLRenderer: endAllStagingAnimators on 0x7f7d7a5000 (RippleDrawable) with handle 0x7f7dc120a0
08-04 02:22:55.601 24721 26903 I art     : Starting a blocking GC Explicit
08-04 02:22:55.623 24721 26903 I art     : Explicit concurrent mark sweep GC freed 87(5KB) AllocSpace objects, 0(0B) LOS objects, 23% free, 53MB/69MB, paused 556us total 21.609ms
08-04 02:22:55.632 24721 26903 I art     : Starting a blocking GC Explicit
08-04 02:22:55.652 24721 26903 I art     : Explicit concurrent mark sweep GC freed 23(848B) AllocSpace objects, 0(0B) LOS objects, 23% free, 52MB/68MB, paused 468us total 20.375ms
08-04 02:22:55.661 24721 26903 I art     : Starting a blocking GC Explicit
08-04 02:22:55.681 24721 26903 I art     : Explicit concurrent mark sweep GC freed 16(624B) AllocSpace objects, 0(0B) LOS objects, 23% free, 52MB/68MB, paused 451us total 19.209ms
08-04 02:22:55.827   380   380 W SurfaceFlinger: couldn't log to binary event log: overflow.
08-04 02:22:55.932 24721 24732 I art     : Starting a blocking GC Explicit
08-04 02:22:55.953 24721 24732 I art     : Explicit concurrent mark sweep GC freed 1360(78KB) AllocSpace objects, 1(20KB) LOS objects, 23% free, 52MB/68MB, paused 492us total 21.103ms
08-04 02:22:55.962 24721 24732 I art     : Starting a blocking GC Explicit
08-04 02:22:55.986 24721 24732 I art     : Explicit concurrent mark sweep GC freed 167(8KB) AllocSpace objects, 0(0B) LOS objects, 23% free, 52MB/68MB, paused 459us total 24.247ms
08-04 02:22:55.994 24721 24732 I art     : Starting a blocking GC Explicit
08-04 02:22:56.014 24721 24732 I art     : Explicit concurrent mark sweep GC freed 23(784B) AllocSpace objects, 0(0B) LOS objects, 23% free, 52MB/68MB, paused 442us total 19.249ms
08-04 02:22:56.022 24721 24732 I art     : Starting a blocking GC Explicit
08-04 02:22:56.029   512  2967 D audio_hw_primary: disable_audio_route: reset and update mixer path: low-latency-playback speaker
08-04 02:22:56.030   512  2967 D audio_hw_primary: disable_snd_device: snd_device(2: speaker)
08-04 02:22:56.038   512  2967 I soundtrigger: audio_extn_sound_trigger_update_device_status: device 0x2 of type 0 for Event 0
08-04 02:22:56.040 24721 24732 I art     : Explicit concurrent mark sweep GC freed 10(352B) AllocSpace objects, 0(0B) LOS objects, 23% free, 52MB/68MB, paused 482us total 18.617ms
08-04 02:22:56.048 24721 24732 I art     : Starting a blocking GC Explicit
08-04 02:22:56.068 24721 24732 I art     : Explicit concurrent mark sweep GC freed 11(416B) AllocSpace objects, 0(0B) LOS objects, 23% free, 52MB/68MB, paused 503us total 19.241ms
08-04 02:22:56.164 24721 27442 D OkHttp  : --> GET https://api-hillfair-2k16.herokuapp.com/api/app/quiz/leaderboard?from=1 http/1.1
08-04 02:22:56.195 24721 27442 D OkHttp  : <-- 200 OK https://api-hillfair-2k16.herokuapp.com/api/app/quiz/leaderboard?from=1 (30ms, 56744-byte body)
08-04 02:22:56.295 24721 24721 I NAPPA_EXPERIMENTATION: MetricNetworkRequestExecutionTime: REQUEST_DURATION_SYSTEM='795',REQUEST_DURATION_OKHTTP='31',REQUEST_SYNCHRONOUS='FALSE',RESPONSE_CODE='200',RESPONSE_METHOD='GET',RESPONSE_LENGTH_OKHTTP='56744',RESPONSE_LENGTH_HEADER='56744',REQUEST_PROTOCOL='http/1.1',REQUEST_URL='https://api-hillfair-2k16.herokuapp.com/api/app/quiz/leaderboard?from=1',
08-04 02:22:56.324 24721 24829 I art     : Starting a blocking GC Explicit
08-04 02:22:56.352 24721 24829 I art     : Explicit concurrent mark sweep GC freed 30224(1443KB) AllocSpace objects, 4(220KB) LOS objects, 23% free, 53MB/69MB, paused 778us total 27.234ms
08-04 02:22:56.360 24721 24829 I art     : Starting a blocking GC Explicit
08-04 02:22:56.381 24721 24829 I art     : Explicit concurrent mark sweep GC freed 1202(124KB) AllocSpace objects, 0(0B) LOS objects, 23% free, 53MB/69MB, paused 428us total 20.965ms
08-04 02:22:56.389 24721 24829 I art     : Starting a blocking GC Explicit
08-04 02:22:56.409 24721 24829 I art     : Explicit concurrent mark sweep GC freed 5(192B) AllocSpace objects, 0(0B) LOS objects, 23% free, 53MB/69MB, paused 474us total 20.066ms
08-04 02:22:56.418 24721 24829 I art     : Starting a blocking GC Explicit
08-04 02:22:56.439 24721 24829 I art     : Explicit concurrent mark sweep GC freed 3(96B) AllocSpace objects, 0(0B) LOS objects, 23% free, 53MB/69MB, paused 425us total 21.011ms
08-04 02:22:56.447 24721 24829 I art     : Starting a blocking GC Explicit
08-04 02:22:56.469 24721 24829 I art     : Explicit concurrent mark sweep GC freed 3(96B) AllocSpace objects, 0(0B) LOS objects, 23% free, 53MB/69MB, paused 457us total 21.314ms
08-04 02:22:56.752 24721 26903 I art     : Starting a blocking GC Explicit
08-04 02:22:56.776 24721 26903 I art     : Explicit concurrent mark sweep GC freed 1344(78KB) AllocSpace objects, 1(20KB) LOS objects, 23% free, 53MB/69MB, paused 476us total 23.803ms
08-04 02:22:56.785 24721 26903 I art     : Starting a blocking GC Explicit
08-04 02:22:56.809 24721 26903 I art     : Explicit concurrent mark sweep GC freed 20(704B) AllocSpace objects, 0(0B) LOS objects, 23% free, 53MB/69MB, paused 470us total 23.428ms
08-04 02:22:56.818 24721 26903 I art     : Starting a blocking GC Explicit
08-04 02:22:56.842 24721 26903 I art     : Explicit concurrent mark sweep GC freed 3(96B) AllocSpace objects, 0(0B) LOS objects, 23% free, 53MB/69MB, paused 519us total 23.354ms
08-04 02:22:56.851 24721 26903 I art     : Starting a blocking GC Explicit
08-04 02:22:56.875 24721 26903 I art     : Explicit concurrent mark sweep GC freed 3(96B) AllocSpace objects, 0(0B) LOS objects, 23% free, 53MB/69MB, paused 490us total 24.058ms
08-04 02:22:56.885 24721 26903 I art     : Starting a blocking GC Explicit
08-04 02:22:56.908 24721 26903 I art     : Explicit concurrent mark sweep GC freed 3(96B) AllocSpace objects, 0(0B) LOS objects, 23% free, 53MB/69MB, paused 469us total 23.452ms
08-04 02:22:57.227 24721 24828 I art     : Starting a blocking GC Explicit
08-04 02:22:57.261 24721 24828 I art     : Explicit concurrent mark sweep GC freed 1344(78KB) AllocSpace objects, 1(20KB) LOS objects, 23% free, 53MB/69MB, paused 537us total 33.517ms
08-04 02:22:57.275 24721 24828 I art     : Starting a blocking GC Explicit
08-04 02:22:57.298 24721 24828 I art     : Explicit concurrent mark sweep GC freed 20(704B) AllocSpace objects, 0(0B) LOS objects, 23% free, 53MB/69MB, paused 530us total 23.476ms
08-04 02:22:57.308 24721 24828 I art     : Starting a blocking GC Explicit
08-04 02:22:57.331 24721 24828 I art     : Explicit concurrent mark sweep GC freed 3(96B) AllocSpace objects, 0(0B) LOS objects, 23% free, 53MB/69MB, paused 480us total 23.559ms
08-04 02:22:57.341 24721 24828 I art     : Starting a blocking GC Explicit
08-04 02:22:57.364 24721 24828 I art     : Explicit concurrent mark sweep GC freed 3(96B) AllocSpace objects, 0(0B) LOS objects, 23% free, 53MB/69MB, paused 485us total 23.503ms
08-04 02:22:57.374 24721 24828 I art     : Starting a blocking GC Explicit
08-04 02:22:57.397 24721 24828 I art     : Explicit concurrent mark sweep GC freed 3(96B) AllocSpace objects, 0(0B) LOS objects, 23% free, 53MB/69MB, paused 512us total 23.676ms
08-04 02:22:57.711 24721 24732 I art     : Starting a blocking GC Explicit
08-04 02:22:57.741 24721 24732 I art     : Explicit concurrent mark sweep GC freed 1344(78KB) AllocSpace objects, 1(20KB) LOS objects, 23% free, 53MB/69MB, paused 507us total 29.801ms
08-04 02:22:57.754 24721 24732 I art     : Starting a blocking GC Explicit
08-04 02:22:57.778 24721 24732 I art     : Explicit concurrent mark sweep GC freed 20(704B) AllocSpace objects, 0(0B) LOS objects, 23% free, 53MB/69MB, paused 487us total 23.685ms
08-04 02:22:57.787 24721 24732 I art     : Starting a blocking GC Explicit
08-04 02:22:57.810 24721 24732 I art     : Explicit concurrent mark sweep GC freed 3(96B) AllocSpace objects, 0(0B) LOS objects, 23% free, 53MB/69MB, paused 472us total 23.143ms
08-04 02:22:57.819 24721 24732 I art     : Starting a blocking GC Explicit
08-04 02:22:57.843 24721 24732 I art     : Explicit concurrent mark sweep GC freed 3(96B) AllocSpace objects, 0(0B) LOS objects, 23% free, 53MB/69MB, paused 468us total 23.556ms
08-04 02:22:57.852 24721 24732 I art     : Starting a blocking GC Explicit
08-04 02:22:57.876 24721 24732 I art     : Explicit concurrent mark sweep GC freed 3(96B) AllocSpace objects, 0(0B) LOS objects, 23% free, 53MB/69MB, paused 472us total 23.589ms
08-04 02:22:58.070   918  3188 I hubconnection: sensorhub said: 'set_bias 3: -5.9808, 0.0000, 0.0000'
08-04 02:22:58.193 24721 24733 I art     : Starting a blocking GC Explicit
08-04 02:22:58.223 24721 24733 I art     : Explicit concurrent mark sweep GC freed 1344(78KB) AllocSpace objects, 1(20KB) LOS objects, 23% free, 53MB/69MB, paused 532us total 29.507ms
08-04 02:22:58.234 24721 24733 I art     : Starting a blocking GC Explicit
08-04 02:22:58.259 24721 24733 I art     : Explicit concurrent mark sweep GC freed 20(704B) AllocSpace objects, 0(0B) LOS objects, 23% free, 53MB/69MB, paused 493us total 24.087ms
08-04 02:22:58.268 24721 24733 I art     : Starting a blocking GC Explicit
08-04 02:22:58.292 24721 24733 I art     : Explicit concurrent mark sweep GC freed 3(96B) AllocSpace objects, 0(0B) LOS objects, 23% free, 53MB/69MB, paused 474us total 23.922ms
08-04 02:22:58.301 24721 24733 I art     : Starting a blocking GC Explicit
08-04 02:22:58.325 24721 24733 I art     : Explicit concurrent mark sweep GC freed 3(96B) AllocSpace objects, 0(0B) LOS objects, 23% free, 53MB/69MB, paused 476us total 23.221ms
08-04 02:22:58.334 24721 24733 I art     : Starting a blocking GC Explicit
08-04 02:22:58.357 24721 24733 I art     : Explicit concurrent mark sweep GC freed 3(96B) AllocSpace objects, 0(0B) LOS objects, 23% free, 53MB/69MB, paused 487us total 23.395ms
08-04 02:22:58.688 24721 24829 I art     : Starting a blocking GC Explicit
08-04 02:22:58.719 24721 24829 I art     : Explicit concurrent mark sweep GC freed 1344(78KB) AllocSpace objects, 1(20KB) LOS objects, 23% free, 53MB/69MB, paused 551us total 30.603ms
08-04 02:22:58.733 24721 24829 I art     : Starting a blocking GC Explicit
08-04 02:22:58.758 24721 24829 I art     : Explicit concurrent mark sweep GC freed 20(704B) AllocSpace objects, 0(0B) LOS objects, 23% free, 53MB/69MB, paused 486us total 24.180ms
08-04 02:22:58.767 24721 24829 I art     : Starting a blocking GC Explicit
08-04 02:22:58.792 24721 24829 I art     : Explicit concurrent mark sweep GC freed 3(96B) AllocSpace objects, 0(0B) LOS objects, 23% free, 53MB/69MB, paused 479us total 24.128ms
08-04 02:22:58.801 24721 24829 I art     : Starting a blocking GC Explicit
08-04 02:22:58.825 24721 24829 I art     : Explicit concurrent mark sweep GC freed 3(96B) AllocSpace objects, 0(0B) LOS objects, 23% free, 53MB/69MB, paused 464us total 24.083ms
08-04 02:22:58.835 24721 24829 I art     : Starting a blocking GC Explicit
08-04 02:22:58.859 24721 24829 I art     : Explicit concurrent mark sweep GC freed 3(96B) AllocSpace objects, 0(0B) LOS objects, 23% free, 53MB/69MB, paused 484us total 23.892ms
08-04 02:22:59.095 24721 27517 W OneSignal: OneSignalRestClient: POST Error thrown from network stack. 
08-04 02:22:59.095 24721 27517 W OneSignal: java.io.IOException: unexpected end of stream on Connection{api.onesignal.com:443, proxy=HTTP@192.168.2.12:8080 hostAddress=192.168.2.12 cipherSuite=TLS_ECDHE_RSA_WITH_AES_128_GCM_SHA256 protocol=http/1.1} (recycle count=0)
08-04 02:22:59.095 24721 27517 W OneSignal: 	at com.android.okhttp.internal.http.HttpConnection.readResponse(HttpConnection.java:210)
08-04 02:22:59.095 24721 27517 W OneSignal: 	at com.android.okhttp.internal.http.HttpTransport.readResponseHeaders(HttpTransport.java:80)
08-04 02:22:59.095 24721 27517 W OneSignal: 	at com.android.okhttp.internal.http.HttpEngine.readNetworkResponse(HttpEngine.java:904)
08-04 02:22:59.095 24721 27517 W OneSignal: 	at com.android.okhttp.internal.http.HttpEngine.readResponse(HttpEngine.java:788)
08-04 02:22:59.095 24721 27517 W OneSignal: 	at com.android.okhttp.internal.huc.HttpURLConnectionImpl.execute(HttpURLConnectionImpl.java:439)
08-04 02:22:59.095 24721 27517 W OneSignal: 	at com.android.okhttp.internal.huc.HttpURLConnectionImpl.getResponse(HttpURLConnectionImpl.java:384)
08-04 02:22:59.095 24721 27517 W OneSignal: 	at com.android.okhttp.internal.huc.HttpURLConnectionImpl.getResponseCode(HttpURLConnectionImpl.java:497)
08-04 02:22:59.095 24721 27517 W OneSignal: 	at com.android.okhttp.internal.huc.DelegatingHttpsURLConnection.getResponseCode(DelegatingHttpsURLConnection.java:105)
08-04 02:22:59.095 24721 27517 W OneSignal: 	at com.android.okhttp.internal.huc.HttpsURLConnectionImpl.getResponseCode(HttpsURLConnectionImpl.java)
08-04 02:22:59.095 24721 27517 W OneSignal: 	at com.onesignal.OneSignalRestClient.startHTTPConnection(OneSignalRestClient.java:180)
08-04 02:22:59.095 24721 27517 W OneSignal: 	at com.onesignal.OneSignalRestClient.access$100(OneSignalRestClient.java:44)
08-04 02:22:59.095 24721 27517 W OneSignal: 	at com.onesignal.OneSignalRestClient$4.run(OneSignalRestClient.java:110)
08-04 02:22:59.095 24721 27517 W OneSignal: 	at java.lang.Thread.run(Thread.java:818)
08-04 02:22:59.095 24721 27517 W OneSignal: Caused by: java.io.EOFException: \n not found: size=0 content=...
08-04 02:22:59.095 24721 27517 W OneSignal: 	at com.android.okhttp.okio.RealBufferedSource.readUtf8LineStrict(RealBufferedSource.java:200)
08-04 02:22:59.095 24721 27517 W OneSignal: 	at com.android.okhttp.internal.http.HttpConnection.readResponse(HttpConnection.java:191)
08-04 02:22:59.095 24721 27517 W OneSignal: 	... 12 more
08-04 02:22:59.096 24721 27528 W OneSignal: Failed last request. statusCode: -1
08-04 02:22:59.096 24721 27528 W OneSignal: response: null
08-04 02:22:59.161 24721 26903 I art     : Starting a blocking GC Explicit
08-04 02:22:59.192 24721 26903 I art     : Explicit concurrent mark sweep GC freed 3909(242KB) AllocSpace objects, 1(20KB) LOS objects, 23% free, 53MB/69MB, paused 503us total 30.316ms
08-04 02:22:59.205 24721 26903 I art     : Starting a blocking GC Explicit
08-04 02:22:59.230 24721 26903 I art     : Explicit concurrent mark sweep GC freed 105(3KB) AllocSpace objects, 0(0B) LOS objects, 23% free, 53MB/69MB, paused 524us total 24.628ms
08-04 02:22:59.239 24721 26903 I art     : Starting a blocking GC Explicit
08-04 02:22:59.263 24721 26903 I art     : Explicit concurrent mark sweep GC freed 17(528B) AllocSpace objects, 0(0B) LOS objects, 23% free, 53MB/69MB, paused 469us total 23.590ms
08-04 02:22:59.272 24721 26903 I art     : Starting a blocking GC Explicit
08-04 02:22:59.296 24721 26903 I art     : Explicit concurrent mark sweep GC freed 3(96B) AllocSpace objects, 0(0B) LOS objects, 23% free, 53MB/69MB, paused 483us total 24.101ms
08-04 02:22:59.306 24721 26903 I art     : Starting a blocking GC Explicit
08-04 02:22:59.329 24721 26903 I art     : Explicit concurrent mark sweep GC freed 3(96B) AllocSpace objects, 0(0B) LOS objects, 23% free, 53MB/69MB, paused 496us total 23.230ms
08-04 02:22:59.665 24721 24828 I art     : Starting a blocking GC Explicit
08-04 02:22:59.694 24721 24828 I art     : Explicit concurrent mark sweep GC freed 1344(78KB) AllocSpace objects, 1(20KB) LOS objects, 23% free, 53MB/69MB, paused 522us total 28.709ms
08-04 02:22:59.703 24721 24828 I art     : Starting a blocking GC Explicit
08-04 02:22:59.724 24721 24828 I art     : Explicit concurrent mark sweep GC freed 20(704B) AllocSpace objects, 0(0B) LOS objects, 23% free, 53MB/69MB, paused 446us total 20.370ms
08-04 02:22:59.732 24721 24828 I art     : Starting a blocking GC Explicit
08-04 02:22:59.754 24721 24828 I art     : Explicit concurrent mark sweep GC freed 3(96B) AllocSpace objects, 0(0B) LOS objects, 23% free, 53MB/69MB, paused 521us total 21.802ms
08-04 02:22:59.763 24721 24828 I art     : Starting a blocking GC Explicit
08-04 02:22:59.785 24721 24828 I art     : Explicit concurrent mark sweep GC freed 3(96B) AllocSpace objects, 0(0B) LOS objects, 23% free, 53MB/69MB, paused 480us total 22.166ms
08-04 02:22:59.794 24721 24828 I art     : Starting a blocking GC Explicit
08-04 02:22:59.817 24721 24828 I art     : Explicit concurrent mark sweep GC freed 3(96B) AllocSpace objects, 0(0B) LOS objects, 23% free, 53MB/69MB, paused 473us total 22.368ms
08-04 02:23:00.088 27539 27539 D AndroidRuntime: >>>>>> START com.android.internal.os.RuntimeInit uid 2000 <<<<<<
08-04 02:23:00.093 27539 27539 D AndroidRuntime: CheckJNI is OFF
08-04 02:23:00.123 24721 24732 I art     : Starting a blocking GC Explicit
08-04 02:23:00.126 27539 27539 D ICU     : No timezone override file found: /data/misc/zoneinfo/current/icu/icu_tzdata.dat
08-04 02:23:00.146 24721 24732 I art     : Explicit concurrent mark sweep GC freed 1344(78KB) AllocSpace objects, 1(20KB) LOS objects, 23% free, 53MB/69MB, paused 528us total 23.213ms
08-04 02:23:00.155 24721 24732 I art     : Starting a blocking GC Explicit
08-04 02:23:00.159 27539 27539 I Radio-JNI: register_android_hardware_Radio DONE
08-04 02:23:00.177 24721 24732 I art     : Explicit concurrent mark sweep GC freed 20(704B) AllocSpace objects, 0(0B) LOS objects, 23% free, 53MB/69MB, paused 457us total 20.939ms
08-04 02:23:00.181 27539 27539 D AndroidRuntime: Calling main entry com.android.commands.input.Input
08-04 02:23:00.183 27539 27539 I Input   : injectKeyEvent: KeyEvent { action=ACTION_DOWN, keyCode=KEYCODE_BACK, scanCode=0, metaState=0, flags=0x0, repeatCount=0, eventTime=670996596, downTime=670996596, deviceId=-1, source=0x101 }
08-04 02:23:00.185 24721 24732 I art     : Starting a blocking GC Explicit
08-04 02:23:00.188 27539 27539 I Input   : injectKeyEvent: KeyEvent { action=ACTION_UP, keyCode=KEYCODE_BACK, scanCode=0, metaState=0, flags=0x0, repeatCount=0, eventTime=670996596, downTime=670996596, deviceId=-1, source=0x101 }
08-04 02:23:00.193 27539 27539 D AndroidRuntime: Shutting down VM
08-04 02:23:00.206 24721 24732 I art     : Explicit concurrent mark sweep GC freed 97(4KB) AllocSpace objects, 0(0B) LOS objects, 23% free, 53MB/69MB, paused 445us total 20.324ms
08-04 02:23:00.214 24721 24732 I art     : Starting a blocking GC Explicit
08-04 02:23:00.221 13866 13866 I GoogleInputMethodServic: GoogleInputMethodService.onFinishInput():3138 
08-04 02:23:00.221 13866 13866 I GoogleInputMethodServic: GoogleInputMethodService.onStartInput():1808 
08-04 02:23:00.237 24721 24732 I art     : Explicit concurrent mark sweep GC freed 46(1680B) AllocSpace objects, 0(0B) LOS objects, 23% free, 53MB/69MB, paused 785us total 23.178ms
08-04 02:23:00.247 24721 24732 I art     : Starting a blocking GC Explicit
08-04 02:23:00.268 24721 24732 I art     : Explicit concurrent mark sweep GC freed 10(368B) AllocSpace objects, 0(0B) LOS objects, 23% free, 53MB/69MB, paused 442us total 20.500ms
08-04 02:23:00.532   380   380 W SurfaceFlinger: couldn't log to binary event log: overflow.
08-04 02:23:00.536 24721 24732 I art     : Starting a blocking GC Explicit
08-04 02:23:00.559 24721 24732 I art     : Explicit concurrent mark sweep GC freed 1460(87KB) AllocSpace objects, 1(20KB) LOS objects, 23% free, 53MB/69MB, paused 428us total 22.907ms
08-04 02:23:00.567 24721 24732 I art     : Starting a blocking GC Explicit
08-04 02:23:00.589 24721 24732 I art     : Explicit concurrent mark sweep GC freed 134(6KB) AllocSpace objects, 0(0B) LOS objects, 23% free, 53MB/69MB, paused 497us total 21.290ms
08-04 02:23:00.598 24721 24732 I art     : Starting a blocking GC Explicit
08-04 02:23:00.618 24721 24732 I art     : Explicit concurrent mark sweep GC freed 4570(262KB) AllocSpace objects, 2(140KB) LOS objects, 23% free, 52MB/68MB, paused 459us total 20.491ms
08-04 02:23:00.626 24721 24732 I art     : Starting a blocking GC Explicit
08-04 02:23:00.647 24721 24732 I art     : Explicit concurrent mark sweep GC freed 3(96B) AllocSpace objects, 0(0B) LOS objects, 23% free, 52MB/68MB, paused 475us total 20.769ms
08-04 02:23:00.656 24721 24732 I art     : Starting a blocking GC Explicit
08-04 02:23:00.677 24721 24732 I art     : Explicit concurrent mark sweep GC freed 3(96B) AllocSpace objects, 0(0B) LOS objects, 23% free, 52MB/68MB, paused 490us total 21.353ms
08-04 02:23:00.960 24721 26903 I art     : Starting a blocking GC Explicit
08-04 02:23:00.987 24721 26903 I art     : Explicit concurrent mark sweep GC freed 1344(78KB) AllocSpace objects, 1(20KB) LOS objects, 23% free, 52MB/68MB, paused 623us total 27.116ms
08-04 02:23:00.999 24721 26903 I art     : Starting a blocking GC Explicit
08-04 02:23:01.022 24721 26903 I art     : Explicit concurrent mark sweep GC freed 20(704B) AllocSpace objects, 0(0B) LOS objects, 23% free, 52MB/68MB, paused 481us total 22.304ms
08-04 02:23:01.031 24721 26903 I art     : Starting a blocking GC Explicit
08-04 02:23:01.054 24721 26903 I art     : Explicit concurrent mark sweep GC freed 3(96B) AllocSpace objects, 0(0B) LOS objects, 23% free, 52MB/68MB, paused 479us total 22.362ms
08-04 02:23:01.063 24721 26903 I art     : Starting a blocking GC Explicit
08-04 02:23:01.085 24721 26903 I art     : Explicit concurrent mark sweep GC freed 3(96B) AllocSpace objects, 0(0B) LOS objects, 23% free, 52MB/68MB, paused 463us total 22.212ms
08-04 02:23:01.094 24721 26903 I art     : Starting a blocking GC Explicit
08-04 02:23:01.116 24721 26903 I art     : Explicit concurrent mark sweep GC freed 3(96B) AllocSpace objects, 0(0B) LOS objects, 23% free, 52MB/68MB, paused 472us total 22.109ms
08-04 02:23:01.399 24721 24829 I art     : Starting a blocking GC Explicit
08-04 02:23:01.425 24721 24829 I art     : Explicit concurrent mark sweep GC freed 1343(78KB) AllocSpace objects, 1(20KB) LOS objects, 23% free, 52MB/68MB, paused 481us total 25.636ms
08-04 02:23:01.437 24721 24829 I art     : Starting a blocking GC Explicit
08-04 02:23:01.458 24721 24829 I art     : Explicit concurrent mark sweep GC freed 20(704B) AllocSpace objects, 0(0B) LOS objects, 23% free, 52MB/68MB, paused 507us total 21.299ms
08-04 02:23:01.467 24721 24829 I art     : Starting a blocking GC Explicit
08-04 02:23:01.488 24721 24829 I art     : Explicit concurrent mark sweep GC freed 3(96B) AllocSpace objects, 0(0B) LOS objects, 23% free, 52MB/68MB, paused 514us total 20.281ms
08-04 02:23:01.496 24721 24829 I art     : Starting a blocking GC Explicit
08-04 02:23:01.517 24721 24829 I art     : Explicit concurrent mark sweep GC freed 3(96B) AllocSpace objects, 0(0B) LOS objects, 23% free, 52MB/68MB, paused 490us total 20.951ms
08-04 02:23:01.526 24721 24829 I art     : Starting a blocking GC Explicit
08-04 02:23:01.547 24721 24829 I art     : Explicit concurrent mark sweep GC freed 3(96B) AllocSpace objects, 0(0B) LOS objects, 23% free, 52MB/68MB, paused 466us total 20.788ms
08-04 02:23:01.827 24721 24828 I art     : Starting a blocking GC Explicit
08-04 02:23:01.853 24721 24828 I art     : Explicit concurrent mark sweep GC freed 1348(78KB) AllocSpace objects, 1(20KB) LOS objects, 23% free, 52MB/68MB, paused 485us total 25.742ms
08-04 02:23:01.855 27593 27593 D AndroidRuntime: >>>>>> START com.android.internal.os.RuntimeInit uid 2000 <<<<<<
08-04 02:23:01.862 27593 27593 D AndroidRuntime: CheckJNI is OFF
08-04 02:23:01.865 24721 24828 I art     : Starting a blocking GC Explicit
08-04 02:23:01.885 24721 24828 I art     : Explicit concurrent mark sweep GC freed 24(832B) AllocSpace objects, 0(0B) LOS objects, 23% free, 52MB/68MB, paused 456us total 20.069ms
08-04 02:23:01.894 24721 24828 I art     : Starting a blocking GC Explicit
08-04 02:23:01.898 27593 27593 D ICU     : No timezone override file found: /data/misc/zoneinfo/current/icu/icu_tzdata.dat
08-04 02:23:01.913 24721 24828 I art     : Explicit concurrent mark sweep GC freed 6(192B) AllocSpace objects, 0(0B) LOS objects, 23% free, 52MB/68MB, paused 463us total 19.496ms
08-04 02:23:01.922 24721 24828 I art     : Starting a blocking GC Explicit
08-04 02:23:01.931 27593 27593 I Radio-JNI: register_android_hardware_Radio DONE
08-04 02:23:01.942 24721 24828 I art     : Explicit concurrent mark sweep GC freed 6(192B) AllocSpace objects, 0(0B) LOS objects, 23% free, 52MB/68MB, paused 420us total 19.816ms
08-04 02:23:01.950 24721 24828 I art     : Starting a blocking GC Explicit
08-04 02:23:01.953 27593 27593 D AndroidRuntime: Calling main entry com.android.commands.input.Input
08-04 02:23:01.954 27593 27593 I Input   : injectKeyEvent: KeyEvent { action=ACTION_DOWN, keyCode=KEYCODE_BACK, scanCode=0, metaState=0, flags=0x0, repeatCount=0, eventTime=670998367, downTime=670998367, deviceId=-1, source=0x101 }
08-04 02:23:01.960 27593 27593 I Input   : injectKeyEvent: KeyEvent { action=ACTION_UP, keyCode=KEYCODE_BACK, scanCode=0, metaState=0, flags=0x0, repeatCount=0, eventTime=670998367, downTime=670998367, deviceId=-1, source=0x101 }
08-04 02:23:01.964 27593 27593 D AndroidRuntime: Shutting down VM
08-04 02:23:01.970 24721 24828 I art     : Explicit concurrent mark sweep GC freed 25(896B) AllocSpace objects, 0(0B) LOS objects, 23% free, 52MB/68MB, paused 542us total 20.354ms
08-04 02:23:02.046 13866 13866 I GoogleInputMethodServic: GoogleInputMethodService.onFinishInput():3138 
08-04 02:23:02.047 13866 13866 I GoogleInputMethodServic: GoogleInputMethodService.onStartInput():1808 
08-04 02:23:02.241 24721 26903 I art     : Starting a blocking GC Explicit
08-04 02:23:02.267 24721 26903 I art     : Explicit concurrent mark sweep GC freed 1525(86KB) AllocSpace objects, 1(20KB) LOS objects, 23% free, 52MB/68MB, paused 454us total 25.635ms
08-04 02:23:02.279 24721 26903 I art     : Starting a blocking GC Explicit
08-04 02:23:02.304 24721 26903 I art     : Explicit concurrent mark sweep GC freed 24(864B) AllocSpace objects, 0(0B) LOS objects, 23% free, 52MB/68MB, paused 427us total 24.922ms
08-04 02:23:02.314 24721 26903 I art     : Starting a blocking GC Explicit
08-04 02:23:02.317   380   380 W SurfaceFlinger: couldn't log to binary event log: overflow.
08-04 02:23:02.335 24721 26903 I art     : Explicit concurrent mark sweep GC freed 117(8KB) AllocSpace objects, 0(0B) LOS objects, 23% free, 52MB/68MB, paused 518us total 20.532ms
08-04 02:23:02.343 24721 26903 I art     : Starting a blocking GC Explicit
08-04 02:23:02.362 24721 26903 I art     : Explicit concurrent mark sweep GC freed 2062(121KB) AllocSpace objects, 2(180KB) LOS objects, 23% free, 52MB/68MB, paused 454us total 18.915ms
08-04 02:23:02.370 24721 26903 I art     : Starting a blocking GC Explicit
08-04 02:23:02.391 24721 26903 I art     : Explicit concurrent mark sweep GC freed 3(96B) AllocSpace objects, 0(0B) LOS objects, 23% free, 52MB/68MB, paused 486us total 20.008ms
08-04 02:23:02.661 24721 24829 I art     : Starting a blocking GC Explicit
08-04 02:23:02.693 24721 24829 I art     : Explicit concurrent mark sweep GC freed 1343(78KB) AllocSpace objects, 1(20KB) LOS objects, 23% free, 52MB/68MB, paused 545us total 30.884ms
08-04 02:23:02.708 24721 24829 I art     : Starting a blocking GC Explicit
08-04 02:23:02.733 24721 24829 I art     : Explicit concurrent mark sweep GC freed 20(704B) AllocSpace objects, 0(0B) LOS objects, 23% free, 52MB/68MB, paused 476us total 24.709ms
08-04 02:23:02.742 24721 24829 I art     : Starting a blocking GC Explicit
08-04 02:23:02.764 24721 24829 I art     : Explicit concurrent mark sweep GC freed 3(96B) AllocSpace objects, 0(0B) LOS objects, 23% free, 52MB/68MB, paused 468us total 21.739ms
08-04 02:23:02.773 24721 24829 I art     : Starting a blocking GC Explicit
08-04 02:23:02.794 24721 24829 I art     : Explicit concurrent mark sweep GC freed 3(96B) AllocSpace objects, 0(0B) LOS objects, 23% free, 52MB/68MB, paused 521us total 20.930ms
08-04 02:23:02.803 24721 24829 I art     : Starting a blocking GC Explicit
08-04 02:23:02.824 24721 24829 I art     : Explicit concurrent mark sweep GC freed 3(96B) AllocSpace objects, 0(0B) LOS objects, 23% free, 52MB/68MB, paused 461us total 21.032ms
08-04 02:23:03.110 24721 24828 I art     : Starting a blocking GC Explicit
08-04 02:23:03.136 24721 24828 I art     : Explicit concurrent mark sweep GC freed 1341(78KB) AllocSpace objects, 1(20KB) LOS objects, 23% free, 52MB/68MB, paused 504us total 25.360ms
08-04 02:23:03.147 24721 24828 I art     : Starting a blocking GC Explicit
08-04 02:23:03.169 24721 24828 I art     : Explicit concurrent mark sweep GC freed 20(704B) AllocSpace objects, 0(0B) LOS objects, 23% free, 52MB/68MB, paused 508us total 21.861ms
08-04 02:23:03.178 24721 24828 I art     : Starting a blocking GC Explicit
08-04 02:23:03.199 24721 24828 I art     : Explicit concurrent mark sweep GC freed 3(96B) AllocSpace objects, 0(0B) LOS objects, 23% free, 52MB/68MB, paused 449us total 20.331ms
08-04 02:23:03.207 24721 24828 I art     : Starting a blocking GC Explicit
08-04 02:23:03.228 24721 24828 I art     : Explicit concurrent mark sweep GC freed 3(96B) AllocSpace objects, 0(0B) LOS objects, 23% free, 52MB/68MB, paused 523us total 20.451ms
08-04 02:23:03.236 24721 24828 I art     : Starting a blocking GC Explicit
08-04 02:23:03.257 24721 24828 I art     : Explicit concurrent mark sweep GC freed 3(96B) AllocSpace objects, 0(0B) LOS objects, 23% free, 52MB/68MB, paused 508us total 20.042ms
08-04 02:23:03.528 24721 24732 I art     : Starting a blocking GC Explicit
08-04 02:23:03.549 24721 24732 I art     : Explicit concurrent mark sweep GC freed 1362(79KB) AllocSpace objects, 1(20KB) LOS objects, 23% free, 52MB/68MB, paused 484us total 21.444ms
08-04 02:23:03.558 24721 24732 I art     : Starting a blocking GC Explicit
08-04 02:23:03.579 24721 24732 I art     : Explicit concurrent mark sweep GC freed 36(1216B) AllocSpace objects, 0(0B) LOS objects, 23% free, 52MB/68MB, paused 463us total 20.450ms
08-04 02:23:03.588 24721 24732 I art     : Starting a blocking GC Explicit
08-04 02:23:03.608 24721 24732 I art     : Explicit concurrent mark sweep GC freed 3(96B) AllocSpace objects, 0(0B) LOS objects, 23% free, 52MB/68MB, paused 458us total 20.368ms
08-04 02:23:03.617 24721 24732 I art     : Starting a blocking GC Explicit
08-04 02:23:03.622 27646 27646 D AndroidRuntime: >>>>>> START com.android.internal.os.RuntimeInit uid 2000 <<<<<<
08-04 02:23:03.627 27646 27646 D AndroidRuntime: CheckJNI is OFF
08-04 02:23:03.639 24721 24732 I art     : Explicit concurrent mark sweep GC freed 3(96B) AllocSpace objects, 0(0B) LOS objects, 23% free, 52MB/68MB, paused 518us total 21.217ms
08-04 02:23:03.647 24721 24732 I art     : Starting a blocking GC Explicit
08-04 02:23:03.662 27646 27646 D ICU     : No timezone override file found: /data/misc/zoneinfo/current/icu/icu_tzdata.dat
08-04 02:23:03.666 24721 24732 I art     : Explicit concurrent mark sweep GC freed 3(96B) AllocSpace objects, 0(0B) LOS objects, 23% free, 52MB/68MB, paused 446us total 18.342ms
08-04 02:23:03.695 27646 27646 I Radio-JNI: register_android_hardware_Radio DONE
08-04 02:23:03.717 27646 27646 D AndroidRuntime: Calling main entry com.android.commands.input.Input
08-04 02:23:03.719 27646 27646 I Input   : injectMotionEvent: MotionEvent { action=ACTION_DOWN, actionButton=0, id[0]=0, x[0]=1084.0, y[0]=2213.0, toolType[0]=TOOL_TYPE_UNKNOWN, buttonState=0, metaState=0, flags=0x0, edgeFlags=0x0, pointerCount=1, historySize=0, eventTime=671000131, downTime=671000131, deviceId=0, source=0x1002 }
08-04 02:23:03.725 27646 27646 I Input   : injectMotionEvent: MotionEvent { action=ACTION_UP, actionButton=0, id[0]=0, x[0]=1084.0, y[0]=2213.0, toolType[0]=TOOL_TYPE_UNKNOWN, buttonState=0, metaState=0, flags=0x0, edgeFlags=0x0, pointerCount=1, historySize=0, eventTime=671000131, downTime=671000131, deviceId=0, source=0x1002 }
08-04 02:23:03.727   918  5952 I ActivityManager: START u0 {cmp=baseline.appteam.nith.hillffair/.activities.EventActivity} from uid 10651 on display 0
08-04 02:23:03.735 27646 27646 D AndroidRuntime: Shutting down VM
08-04 02:23:03.810 13866 13866 I GoogleInputMethodServic: GoogleInputMethodService.onFinishInput():3138 
08-04 02:23:03.811 13866 13866 I GoogleInputMethodServic: GoogleInputMethodService.onStartInput():1808 
08-04 02:23:03.834   918   936 I ActivityManager: Displayed baseline.appteam.nith.hillffair/.activities.EventActivity: +98ms
08-04 02:23:03.915 24721 24733 I art     : Starting a blocking GC Explicit
08-04 02:23:03.937 24721 24733 I art     : Explicit concurrent mark sweep GC freed 6174(370KB) AllocSpace objects, 1(20KB) LOS objects, 23% free, 52MB/68MB, paused 537us total 21.958ms
08-04 02:23:03.946 24721 24733 I art     : Starting a blocking GC Explicit
08-04 02:23:03.969 24721 24733 I art     : Explicit concurrent mark sweep GC freed 264(11KB) AllocSpace objects, 0(0B) LOS objects, 23% free, 52MB/68MB, paused 519us total 22.582ms
08-04 02:23:03.979 24721 24733 I art     : Starting a blocking GC Explicit
08-04 02:23:04.001 24721 24733 I art     : Explicit concurrent mark sweep GC freed 3(96B) AllocSpace objects, 0(0B) LOS objects, 23% free, 52MB/68MB, paused 570us total 22.587ms
08-04 02:23:04.012 24721 24733 I art     : Starting a blocking GC Explicit
08-04 02:23:04.037 24721 24733 I art     : Explicit concurrent mark sweep GC freed 3(96B) AllocSpace objects, 0(0B) LOS objects, 23% free, 52MB/68MB, paused 689us total 24.750ms
08-04 02:23:04.048 24721 24733 I art     : Starting a blocking GC Explicit
08-04 02:23:04.069   380   380 W SurfaceFlinger: couldn't log to binary event log: overflow.
08-04 02:23:04.074 24721 24733 I art     : Explicit concurrent mark sweep GC freed 3(96B) AllocSpace objects, 0(0B) LOS objects, 23% free, 52MB/68MB, paused 519us total 26.018ms
08-04 02:23:04.382 24721 24732 I art     : Starting a blocking GC Explicit
08-04 02:23:04.404 24721 24732 I art     : Explicit concurrent mark sweep GC freed 1449(84KB) AllocSpace objects, 1(20KB) LOS objects, 23% free, 52MB/68MB, paused 486us total 22.079ms
08-04 02:23:04.413 24721 24732 I art     : Starting a blocking GC Explicit
08-04 02:23:04.434 24721 24732 I art     : Explicit concurrent mark sweep GC freed 50(1728B) AllocSpace objects, 0(0B) LOS objects, 23% free, 52MB/68MB, paused 499us total 20.886ms
08-04 02:23:04.443 24721 24732 I art     : Starting a blocking GC Explicit
08-04 02:23:04.464 24721 24732 I art     : Explicit concurrent mark sweep GC freed 13(480B) AllocSpace objects, 0(0B) LOS objects, 23% free, 52MB/68MB, paused 477us total 20.851ms
08-04 02:23:04.472 24721 24732 I art     : Starting a blocking GC Explicit
08-04 02:23:04.493 24721 24732 I art     : Explicit concurrent mark sweep GC freed 13(480B) AllocSpace objects, 0(0B) LOS objects, 23% free, 52MB/68MB, paused 486us total 20.263ms
08-04 02:23:04.501 24721 24732 I art     : Starting a blocking GC Explicit
08-04 02:23:04.522 24721 24732 I art     : Explicit concurrent mark sweep GC freed 12(432B) AllocSpace objects, 0(0B) LOS objects, 23% free, 52MB/68MB, paused 485us total 20.492ms
08-04 02:23:04.627 24721 27669 D OkHttp  : --> GET https://api-hillfair-2k16.herokuapp.com/api/app/club http/1.1
08-04 02:23:04.658 24721 27669 D OkHttp  : <-- 200 OK https://api-hillfair-2k16.herokuapp.com/api/app/club (31ms, 1870-byte body)
08-04 02:23:04.671 24721 24721 I NAPPA_EXPERIMENTATION: MetricNetworkRequestExecutionTime: REQUEST_DURATION_SYSTEM='907',REQUEST_DURATION_OKHTTP='31',REQUEST_SYNCHRONOUS='FALSE',RESPONSE_CODE='200',RESPONSE_METHOD='GET',RESPONSE_LENGTH_OKHTTP='1870',RESPONSE_LENGTH_HEADER='1870',REQUEST_PROTOCOL='http/1.1',REQUEST_URL='https://api-hillfair-2k16.herokuapp.com/api/app/club',
08-04 02:23:04.788 24721 24732 I art     : Starting a blocking GC Explicit
08-04 02:23:04.813 24721 24732 I art     : Explicit concurrent mark sweep GC freed 6500(409KB) AllocSpace objects, 4(220KB) LOS objects, 23% free, 53MB/69MB, paused 925us total 25.054ms
08-04 02:23:04.822 24721 24732 I art     : Starting a blocking GC Explicit
08-04 02:23:04.847 24721 24732 I art     : Explicit concurrent mark sweep GC freed 1461(242KB) AllocSpace objects, 0(0B) LOS objects, 23% free, 53MB/69MB, paused 1.424ms total 24.962ms
08-04 02:23:04.856 24721 24732 I art     : Starting a blocking GC Explicit
08-04 02:23:04.877 24721 24732 I art     : Explicit concurrent mark sweep GC freed 382(41KB) AllocSpace objects, 0(0B) LOS objects, 23% free, 53MB/69MB, paused 668us total 21.155ms
08-04 02:23:04.885 24721 24732 I art     : Starting a blocking GC Explicit
08-04 02:23:04.905 24721 24732 I art     : Explicit concurrent mark sweep GC freed 19(8KB) AllocSpace objects, 0(0B) LOS objects, 23% free, 53MB/69MB, paused 556us total 19.721ms
08-04 02:23:04.913 24721 24732 I art     : Starting a blocking GC Explicit
08-04 02:23:04.933 24721 24732 I art     : Explicit concurrent mark sweep GC freed 6(192B) AllocSpace objects, 0(0B) LOS objects, 23% free, 53MB/69MB, paused 589us total 19.599ms
08-04 02:23:05.215 24721 24829 I art     : Starting a blocking GC Explicit
08-04 02:23:05.246 24721 24829 I art     : Explicit concurrent mark sweep GC freed 8789(373KB) AllocSpace objects, 1(20KB) LOS objects, 23% free, 53MB/69MB, paused 685us total 30.840ms
08-04 02:23:05.258 24721 24829 I art     : Starting a blocking GC Explicit
08-04 02:23:05.282 24721 24829 I art     : Explicit concurrent mark sweep GC freed 323(15KB) AllocSpace objects, 0(0B) LOS objects, 23% free, 53MB/69MB, paused 725us total 24.036ms
08-04 02:23:05.292 24721 24829 I art     : Starting a blocking GC Explicit
08-04 02:23:05.314 24721 24829 I art     : Explicit concurrent mark sweep GC freed 368(84KB) AllocSpace objects, 0(0B) LOS objects, 23% free, 53MB/69MB, paused 574us total 22.300ms
08-04 02:23:05.324 24721 24829 I art     : Starting a blocking GC Explicit
08-04 02:23:05.344 24721 24829 I art     : Explicit concurrent mark sweep GC freed 240(74KB) AllocSpace objects, 0(0B) LOS objects, 23% free, 53MB/69MB, paused 584us total 20.577ms
08-04 02:23:05.353 24721 24829 I art     : Starting a blocking GC Explicit
08-04 02:23:05.373 24721 24829 I art     : Explicit concurrent mark sweep GC freed 38(13KB) AllocSpace objects, 0(0B) LOS objects, 23% free, 53MB/69MB, paused 462us total 20.485ms
08-04 02:23:05.708 24721 24732 I art     : Starting a blocking GC Explicit
08-04 02:23:05.739 24721 24732 I art     : Explicit concurrent mark sweep GC freed 1347(78KB) AllocSpace objects, 1(20KB) LOS objects, 23% free, 53MB/69MB, paused 558us total 30.650ms
08-04 02:23:05.751 24721 24732 I art     : Starting a blocking GC Explicit
08-04 02:23:05.776 24721 24732 I art     : Explicit concurrent mark sweep GC freed 20(704B) AllocSpace objects, 0(0B) LOS objects, 23% free, 53MB/69MB, paused 528us total 23.864ms
08-04 02:23:05.785 24721 24732 I art     : Starting a blocking GC Explicit
08-04 02:23:05.809 24721 24732 I art     : Explicit concurrent mark sweep GC freed 3(96B) AllocSpace objects, 0(0B) LOS objects, 23% free, 53MB/69MB, paused 530us total 23.712ms
08-04 02:23:05.818 24721 24732 I art     : Starting a blocking GC Explicit
08-04 02:23:05.842 24721 24732 I art     : Explicit concurrent mark sweep GC freed 3(96B) AllocSpace objects, 0(0B) LOS objects, 23% free, 53MB/69MB, paused 579us total 23.911ms
08-04 02:23:05.852 24721 24732 I art     : Starting a blocking GC Explicit
08-04 02:23:05.876 24721 24732 I art     : Explicit concurrent mark sweep GC freed 3(96B) AllocSpace objects, 0(0B) LOS objects, 23% free, 53MB/69MB, paused 526us total 23.811ms
08-04 02:23:06.198 24721 24828 I art     : Starting a blocking GC Explicit
08-04 02:23:06.232 24721 24828 I art     : Explicit concurrent mark sweep GC freed 1344(78KB) AllocSpace objects, 1(20KB) LOS objects, 23% free, 53MB/69MB, paused 599us total 34.232ms
08-04 02:23:06.246 24721 24828 I art     : Starting a blocking GC Explicit
08-04 02:23:06.270 24721 24828 I art     : Explicit concurrent mark sweep GC freed 20(704B) AllocSpace objects, 0(0B) LOS objects, 23% free, 53MB/69MB, paused 518us total 23.825ms
08-04 02:23:06.279 24721 24828 I art     : Starting a blocking GC Explicit
08-04 02:23:06.303 24721 24828 I art     : Explicit concurrent mark sweep GC freed 3(96B) AllocSpace objects, 0(0B) LOS objects, 23% free, 53MB/69MB, paused 511us total 23.627ms
08-04 02:23:06.312 24721 24828 I art     : Starting a blocking GC Explicit
08-04 02:23:06.336 24721 24828 I art     : Explicit concurrent mark sweep GC freed 3(96B) AllocSpace objects, 0(0B) LOS objects, 23% free, 53MB/69MB, paused 505us total 23.409ms
08-04 02:23:06.345 24721 24828 I art     : Starting a blocking GC Explicit
08-04 02:23:06.368 24721 24828 I art     : Explicit concurrent mark sweep GC freed 3(96B) AllocSpace objects, 0(0B) LOS objects, 23% free, 53MB/69MB, paused 543us total 23.183ms
08-04 02:23:06.675 24721 24733 I art     : Starting a blocking GC Explicit
08-04 02:23:06.705 24721 24733 I art     : Explicit concurrent mark sweep GC freed 1344(78KB) AllocSpace objects, 1(20KB) LOS objects, 23% free, 53MB/69MB, paused 552us total 29.268ms
08-04 02:23:06.718 24721 24733 I art     : Starting a blocking GC Explicit
08-04 02:23:06.742 24721 24733 I art     : Explicit concurrent mark sweep GC freed 20(704B) AllocSpace objects, 0(0B) LOS objects, 23% free, 53MB/69MB, paused 574us total 23.837ms
08-04 02:23:06.751 24721 24733 I art     : Starting a blocking GC Explicit
08-04 02:23:06.774 24721 24733 I art     : Explicit concurrent mark sweep GC freed 3(96B) AllocSpace objects, 0(0B) LOS objects, 23% free, 53MB/69MB, paused 509us total 23.155ms
08-04 02:23:06.784 24721 24733 I art     : Starting a blocking GC Explicit
08-04 02:23:06.807 24721 24733 I art     : Explicit concurrent mark sweep GC freed 3(96B) AllocSpace objects, 0(0B) LOS objects, 23% free, 53MB/69MB, paused 576us total 23.408ms
08-04 02:23:06.816 24721 24733 I art     : Starting a blocking GC Explicit
08-04 02:23:06.840 24721 24733 I art     : Explicit concurrent mark sweep GC freed 3(96B) AllocSpace objects, 0(0B) LOS objects, 23% free, 53MB/69MB, paused 513us total 23.757ms
08-04 02:23:07.167 24721 26903 I art     : Starting a blocking GC Explicit
08-04 02:23:07.200 24721 26903 I art     : Explicit concurrent mark sweep GC freed 1344(78KB) AllocSpace objects, 1(20KB) LOS objects, 23% free, 53MB/69MB, paused 567us total 32.706ms
08-04 02:23:07.212 24721 26903 I art     : Starting a blocking GC Explicit
08-04 02:23:07.236 24721 26903 I art     : Explicit concurrent mark sweep GC freed 20(704B) AllocSpace objects, 0(0B) LOS objects, 23% free, 53MB/69MB, paused 507us total 23.568ms
08-04 02:23:07.245 24721 26903 I art     : Starting a blocking GC Explicit
08-04 02:23:07.269 24721 26903 I art     : Explicit concurrent mark sweep GC freed 3(96B) AllocSpace objects, 0(0B) LOS objects, 23% free, 53MB/69MB, paused 474us total 23.376ms
08-04 02:23:07.278 24721 26903 I art     : Starting a blocking GC Explicit
08-04 02:23:07.302 24721 26903 I art     : Explicit concurrent mark sweep GC freed 3(96B) AllocSpace objects, 0(0B) LOS objects, 23% free, 53MB/69MB, paused 558us total 24.073ms
08-04 02:23:07.311 24721 26903 I art     : Starting a blocking GC Explicit
08-04 02:23:07.335 24721 26903 I art     : Explicit concurrent mark sweep GC freed 3(96B) AllocSpace objects, 0(0B) LOS objects, 23% free, 53MB/69MB, paused 524us total 23.497ms
08-04 02:23:07.670 24721 24829 I art     : Starting a blocking GC Explicit
08-04 02:23:07.705 24721 24829 I art     : Explicit concurrent mark sweep GC freed 1344(78KB) AllocSpace objects, 1(20KB) LOS objects, 23% free, 53MB/69MB, paused 617us total 34.253ms
08-04 02:23:07.720 24721 24829 I art     : Starting a blocking GC Explicit
08-04 02:23:07.749 24721 24829 I art     : Explicit concurrent mark sweep GC freed 20(704B) AllocSpace objects, 0(0B) LOS objects, 23% free, 53MB/69MB, paused 568us total 28.958ms
08-04 02:23:07.759 24721 24829 I art     : Starting a blocking GC Explicit
08-04 02:23:07.783 24721 24829 I art     : Explicit concurrent mark sweep GC freed 3(96B) AllocSpace objects, 0(0B) LOS objects, 23% free, 53MB/69MB, paused 519us total 23.772ms
08-04 02:23:07.792 24721 24829 I art     : Starting a blocking GC Explicit
08-04 02:23:07.816 24721 24829 I art     : Explicit concurrent mark sweep GC freed 3(96B) AllocSpace objects, 0(0B) LOS objects, 23% free, 53MB/69MB, paused 522us total 23.426ms
08-04 02:23:07.825 24721 24829 I art     : Starting a blocking GC Explicit
08-04 02:23:07.849 24721 24829 I art     : Explicit concurrent mark sweep GC freed 3(96B) AllocSpace objects, 0(0B) LOS objects, 23% free, 53MB/69MB, paused 524us total 23.239ms
08-04 02:23:08.188 24721 24732 I art     : Starting a blocking GC Explicit
08-04 02:23:08.219 24721 24732 I art     : Explicit concurrent mark sweep GC freed 1344(78KB) AllocSpace objects, 1(20KB) LOS objects, 23% free, 53MB/69MB, paused 597us total 30.530ms
08-04 02:23:08.232 24721 24732 I art     : Starting a blocking GC Explicit
08-04 02:23:08.256 24721 24732 I art     : Explicit concurrent mark sweep GC freed 20(704B) AllocSpace objects, 0(0B) LOS objects, 23% free, 53MB/69MB, paused 520us total 23.860ms
08-04 02:23:08.266 24721 24732 I art     : Starting a blocking GC Explicit
08-04 02:23:08.290 24721 24732 I art     : Explicit concurrent mark sweep GC freed 3(96B) AllocSpace objects, 0(0B) LOS objects, 23% free, 53MB/69MB, paused 529us total 23.895ms
08-04 02:23:08.299 24721 24732 I art     : Starting a blocking GC Explicit
08-04 02:23:08.323 24721 24732 I art     : Explicit concurrent mark sweep GC freed 3(96B) AllocSpace objects, 0(0B) LOS objects, 23% free, 53MB/69MB, paused 590us total 23.738ms
08-04 02:23:08.332 24721 24732 I art     : Starting a blocking GC Explicit
08-04 02:23:08.355 24721 24732 I art     : Explicit concurrent mark sweep GC freed 3(96B) AllocSpace objects, 0(0B) LOS objects, 23% free, 53MB/69MB, paused 525us total 23.204ms
08-04 02:23:08.678 24721 24828 I art     : Starting a blocking GC Explicit
08-04 02:23:08.708 24721 24828 I art     : Explicit concurrent mark sweep GC freed 1365(79KB) AllocSpace objects, 1(20KB) LOS objects, 23% free, 53MB/69MB, paused 636us total 29.262ms
08-04 02:23:08.720 24721 24828 I art     : Starting a blocking GC Explicit
08-04 02:23:08.744 24721 24828 I art     : Explicit concurrent mark sweep GC freed 36(1216B) AllocSpace objects, 0(0B) LOS objects, 23% free, 53MB/69MB, paused 506us total 23.643ms
08-04 02:23:08.753 24721 24828 I art     : Starting a blocking GC Explicit
08-04 02:23:08.777 24721 24828 I art     : Explicit concurrent mark sweep GC freed 3(96B) AllocSpace objects, 0(0B) LOS objects, 23% free, 53MB/69MB, paused 660us total 23.589ms
08-04 02:23:08.786 24721 24828 I art     : Starting a blocking GC Explicit
08-04 02:23:08.810 24721 24828 I art     : Explicit concurrent mark sweep GC freed 3(96B) AllocSpace objects, 0(0B) LOS objects, 23% free, 53MB/69MB, paused 489us total 23.643ms
08-04 02:23:08.819 24721 24828 I art     : Starting a blocking GC Explicit
08-04 02:23:08.842 24721 24828 I art     : Explicit concurrent mark sweep GC freed 3(96B) AllocSpace objects, 0(0B) LOS objects, 23% free, 53MB/69MB, paused 491us total 22.611ms
08-04 02:23:09.156 24721 24733 I art     : Starting a blocking GC Explicit
08-04 02:23:09.186 24721 24733 I art     : Explicit concurrent mark sweep GC freed 1344(78KB) AllocSpace objects, 1(20KB) LOS objects, 23% free, 53MB/69MB, paused 548us total 29.678ms
08-04 02:23:09.198 24721 24733 I art     : Starting a blocking GC Explicit
08-04 02:23:09.221 24721 24733 I art     : Explicit concurrent mark sweep GC freed 20(704B) AllocSpace objects, 0(0B) LOS objects, 23% free, 53MB/69MB, paused 497us total 23.143ms
08-04 02:23:09.230 24721 24733 I art     : Starting a blocking GC Explicit
08-04 02:23:09.254 24721 24733 I art     : Explicit concurrent mark sweep GC freed 3(96B) AllocSpace objects, 0(0B) LOS objects, 23% free, 53MB/69MB, paused 502us total 23.084ms
08-04 02:23:09.263 24721 24733 I art     : Starting a blocking GC Explicit
08-04 02:23:09.286 24721 24733 I art     : Explicit concurrent mark sweep GC freed 3(96B) AllocSpace objects, 0(0B) LOS objects, 23% free, 53MB/69MB, paused 504us total 23.178ms
08-04 02:23:09.295 24721 24733 I art     : Starting a blocking GC Explicit
08-04 02:23:09.319 24721 24733 I art     : Explicit concurrent mark sweep GC freed 3(96B) AllocSpace objects, 0(0B) LOS objects, 23% free, 53MB/69MB, paused 498us total 23.943ms
08-04 02:23:09.636 24721 26903 I art     : Starting a blocking GC Explicit
08-04 02:23:09.665 24721 26903 I art     : Explicit concurrent mark sweep GC freed 1344(78KB) AllocSpace objects, 1(20KB) LOS objects, 23% free, 53MB/69MB, paused 542us total 28.894ms
08-04 02:23:09.678 24721 26903 I art     : Starting a blocking GC Explicit
08-04 02:23:09.704 24721 26903 I art     : Explicit concurrent mark sweep GC freed 20(704B) AllocSpace objects, 0(0B) LOS objects, 23% free, 53MB/69MB, paused 501us total 25.965ms
08-04 02:23:09.713 24721 26903 I art     : Starting a blocking GC Explicit
08-04 02:23:09.737 24721 26903 I art     : Explicit concurrent mark sweep GC freed 3(96B) AllocSpace objects, 0(0B) LOS objects, 23% free, 53MB/69MB, paused 578us total 23.772ms
08-04 02:23:09.746 24721 26903 I art     : Starting a blocking GC Explicit
08-04 02:23:09.770 24721 26903 I art     : Explicit concurrent mark sweep GC freed 3(96B) AllocSpace objects, 0(0B) LOS objects, 23% free, 53MB/69MB, paused 494us total 23.618ms
08-04 02:23:09.779 24721 26903 I art     : Starting a blocking GC Explicit
08-04 02:23:09.803 24721 26903 I art     : Explicit concurrent mark sweep GC freed 3(96B) AllocSpace objects, 0(0B) LOS objects, 23% free, 53MB/69MB, paused 483us total 23.174ms
08-04 02:23:10.138 24721 24829 I art     : Starting a blocking GC Explicit
08-04 02:23:10.173 24721 24829 I art     : Explicit concurrent mark sweep GC freed 1344(78KB) AllocSpace objects, 1(20KB) LOS objects, 23% free, 53MB/69MB, paused 634us total 34.486ms
08-04 02:23:10.188 24721 24829 I art     : Starting a blocking GC Explicit
08-04 02:23:10.216 24721 24829 I art     : Explicit concurrent mark sweep GC freed 20(704B) AllocSpace objects, 0(0B) LOS objects, 23% free, 53MB/69MB, paused 490us total 27.610ms
08-04 02:23:10.225 24721 24829 I art     : Starting a blocking GC Explicit
08-04 02:23:10.249 24721 24829 I art     : Explicit concurrent mark sweep GC freed 3(96B) AllocSpace objects, 0(0B) LOS objects, 23% free, 53MB/69MB, paused 500us total 23.677ms
08-04 02:23:10.258 24721 24829 I art     : Starting a blocking GC Explicit
08-04 02:23:10.282 24721 24829 I art     : Explicit concurrent mark sweep GC freed 3(96B) AllocSpace objects, 0(0B) LOS objects, 23% free, 53MB/69MB, paused 499us total 23.128ms
08-04 02:23:10.291 24721 24829 I art     : Starting a blocking GC Explicit
08-04 02:23:10.313 24721 24829 I art     : Explicit concurrent mark sweep GC freed 3(96B) AllocSpace objects, 0(0B) LOS objects, 23% free, 53MB/69MB, paused 501us total 22.685ms
08-04 02:23:10.651 24721 24732 I art     : Starting a blocking GC Explicit
08-04 02:23:10.687 24721 24732 I art     : Explicit concurrent mark sweep GC freed 1344(78KB) AllocSpace objects, 1(20KB) LOS objects, 23% free, 53MB/69MB, paused 825us total 35.429ms
08-04 02:23:10.701 24721 24732 I art     : Starting a blocking GC Explicit
08-04 02:23:10.728 24721 24732 I art     : Explicit concurrent mark sweep GC freed 20(704B) AllocSpace objects, 0(0B) LOS objects, 23% free, 53MB/69MB, paused 523us total 26.884ms
08-04 02:23:10.738 24721 24732 I art     : Starting a blocking GC Explicit
08-04 02:23:10.761 24721 24732 I art     : Explicit concurrent mark sweep GC freed 3(96B) AllocSpace objects, 0(0B) LOS objects, 23% free, 53MB/69MB, paused 511us total 23.410ms
08-04 02:23:10.770 24721 24732 I art     : Starting a blocking GC Explicit
08-04 02:23:10.794 24721 24732 I art     : Explicit concurrent mark sweep GC freed 3(96B) AllocSpace objects, 0(0B) LOS objects, 23% free, 53MB/69MB, paused 517us total 23.127ms
08-04 02:23:10.803 24721 24732 I art     : Starting a blocking GC Explicit
08-04 02:23:10.826 24721 24732 I art     : Explicit concurrent mark sweep GC freed 3(96B) AllocSpace objects, 0(0B) LOS objects, 23% free, 53MB/69MB, paused 510us total 22.976ms
08-04 02:23:11.143 24721 24828 I art     : Starting a blocking GC Explicit
08-04 02:23:11.172 24721 24828 I art     : Explicit concurrent mark sweep GC freed 1344(78KB) AllocSpace objects, 1(20KB) LOS objects, 23% free, 53MB/69MB, paused 540us total 29.036ms
08-04 02:23:11.184 24721 24828 I art     : Starting a blocking GC Explicit
08-04 02:23:11.209 24721 24828 I art     : Explicit concurrent mark sweep GC freed 20(704B) AllocSpace objects, 0(0B) LOS objects, 23% free, 53MB/69MB, paused 508us total 23.899ms
08-04 02:23:11.218 24721 24828 I art     : Starting a blocking GC Explicit
08-04 02:23:11.241 24721 24828 I art     : Explicit concurrent mark sweep GC freed 3(96B) AllocSpace objects, 0(0B) LOS objects, 23% free, 53MB/69MB, paused 503us total 23.247ms
08-04 02:23:11.251 24721 24828 I art     : Starting a blocking GC Explicit
08-04 02:23:11.267 18002 18002 I Atfwd_Sendcmd: AtCmdFwd service not ready - Exhausted retry attempts - :6
08-04 02:23:11.267 18002 18002 I Atfwd_Daemon: result : -1 	 ,Init step :2 	 ,qmiErrorCode: 0
08-04 02:23:11.274 24721 24828 I art     : Explicit concurrent mark sweep GC freed 3(96B) AllocSpace objects, 0(0B) LOS objects, 23% free, 53MB/69MB, paused 496us total 23.548ms
08-04 02:23:11.283 24721 24828 I art     : Starting a blocking GC Explicit
08-04 02:23:11.308 24721 24828 I art     : Explicit concurrent mark sweep GC freed 3(96B) AllocSpace objects, 0(0B) LOS objects, 23% free, 53MB/69MB, paused 521us total 24.124ms
08-04 02:23:11.406   518   646 I ThermalEngine: ACTION: GPU - Setting GPU[0] to 600000000
08-04 02:23:11.620 24721 24733 I art     : Starting a blocking GC Explicit
08-04 02:23:11.645 24721 24733 I art     : Explicit concurrent mark sweep GC freed 1344(78KB) AllocSpace objects, 1(20KB) LOS objects, 23% free, 53MB/69MB, paused 418us total 24.188ms
08-04 02:23:11.655 24721 24733 I art     : Starting a blocking GC Explicit
08-04 02:23:11.675 24721 24733 I art     : Explicit concurrent mark sweep GC freed 20(704B) AllocSpace objects, 0(0B) LOS objects, 23% free, 53MB/69MB, paused 368us total 19.307ms
08-04 02:23:11.682 24721 24733 I art     : Starting a blocking GC Explicit
08-04 02:23:11.701 24721 24733 I art     : Explicit concurrent mark sweep GC freed 3(96B) AllocSpace objects, 0(0B) LOS objects, 23% free, 53MB/69MB, paused 371us total 18.695ms
08-04 02:23:11.708 24721 24733 I art     : Starting a blocking GC Explicit
08-04 02:23:11.727 24721 24733 I art     : Explicit concurrent mark sweep GC freed 3(96B) AllocSpace objects, 0(0B) LOS objects, 23% free, 53MB/69MB, paused 379us total 18.233ms
08-04 02:23:11.727 24721 24731 I art     : WaitForGcToComplete blocked for 18.777ms for cause HeapTrim
08-04 02:23:11.734 24721 24733 I art     : Starting a blocking GC Explicit
08-04 02:23:11.752 24721 24733 I art     : Explicit concurrent mark sweep GC freed 3(96B) AllocSpace objects, 0(0B) LOS objects, 23% free, 53MB/69MB, paused 367us total 18.033ms
08-04 02:23:12.047 24721 26903 I art     : Starting a blocking GC Explicit
08-04 02:23:12.067 24721 26903 I art     : Explicit concurrent mark sweep GC freed 1344(78KB) AllocSpace objects, 1(20KB) LOS objects, 23% free, 53MB/69MB, paused 403us total 19.637ms
08-04 02:23:12.075 24721 26903 I art     : Starting a blocking GC Explicit
08-04 02:23:12.092 24721 26903 I art     : Explicit concurrent mark sweep GC freed 20(704B) AllocSpace objects, 0(0B) LOS objects, 23% free, 53MB/69MB, paused 435us total 17.284ms
08-04 02:23:12.099 24721 26903 I art     : Starting a blocking GC Explicit
08-04 02:23:12.117 24721 26903 I art     : Explicit concurrent mark sweep GC freed 3(96B) AllocSpace objects, 0(0B) LOS objects, 23% free, 53MB/69MB, paused 397us total 17.850ms
08-04 02:23:12.124 24721 26903 I art     : Starting a blocking GC Explicit
08-04 02:23:12.142 24721 26903 I art     : Explicit concurrent mark sweep GC freed 3(96B) AllocSpace objects, 0(0B) LOS objects, 23% free, 53MB/69MB, paused 396us total 17.576ms
08-04 02:23:12.149 24721 26903 I art     : Starting a blocking GC Explicit
08-04 02:23:12.167 24721 26903 I art     : Explicit concurrent mark sweep GC freed 3(96B) AllocSpace objects, 0(0B) LOS objects, 23% free, 53MB/69MB, paused 429us total 18.076ms
08-04 02:23:12.310 27852 27852 D AndroidRuntime: >>>>>> START com.android.internal.os.RuntimeInit uid 2000 <<<<<<
08-04 02:23:12.315 27852 27852 D AndroidRuntime: CheckJNI is OFF
08-04 02:23:12.341 27852 27852 D ICU     : No timezone override file found: /data/misc/zoneinfo/current/icu/icu_tzdata.dat
08-04 02:23:12.366 27852 27852 I Radio-JNI: register_android_hardware_Radio DONE
08-04 02:23:12.382 27852 27852 D AndroidRuntime: Calling main entry com.android.commands.input.Input
08-04 02:23:12.384 27852 27852 I Input   : injectMotionEvent: MotionEvent { action=ACTION_DOWN, actionButton=0, id[0]=0, x[0]=369.0, y[0]=554.0, toolType[0]=TOOL_TYPE_UNKNOWN, buttonState=0, metaState=0, flags=0x0, edgeFlags=0x0, pointerCount=1, historySize=0, eventTime=671008797, downTime=671008797, deviceId=0, source=0x1002 }
08-04 02:23:12.391 27852 27852 I Input   : injectMotionEvent: MotionEvent { action=ACTION_UP, actionButton=0, id[0]=0, x[0]=369.0, y[0]=554.0, toolType[0]=TOOL_TYPE_UNKNOWN, buttonState=0, metaState=0, flags=0x0, edgeFlags=0x0, pointerCount=1, historySize=0, eventTime=671008797, downTime=671008797, deviceId=0, source=0x1002 }
08-04 02:23:12.392   918  3696 I ActivityManager: START u0 {cmp=baseline.appteam.nith.hillffair/.activities.ClubActivity (has extras)} from uid 10651 on display 0
08-04 02:23:12.399 27852 27852 D AndroidRuntime: Shutting down VM
08-04 02:23:12.445 24721 24829 I art     : Starting a blocking GC Explicit
08-04 02:23:12.462 24721 24829 I art     : Explicit concurrent mark sweep GC freed 4925(299KB) AllocSpace objects, 1(20KB) LOS objects, 23% free, 53MB/69MB, paused 406us total 17.607ms
08-04 02:23:12.469 24721 24829 I art     : Starting a blocking GC Explicit
08-04 02:23:12.482 13866 13866 I GoogleInputMethodServic: GoogleInputMethodService.onFinishInput():3138 
08-04 02:23:12.483 13866 13866 I GoogleInputMethodServic: GoogleInputMethodService.onStartInput():1808 
08-04 02:23:12.484   918   936 I ActivityManager: Displayed baseline.appteam.nith.hillffair/.activities.ClubActivity: +84ms
08-04 02:23:12.491 24721 24829 I art     : Explicit concurrent mark sweep GC freed 447(20KB) AllocSpace objects, 0(0B) LOS objects, 22% free, 53MB/69MB, paused 521us total 21.283ms
08-04 02:23:12.501 24721 24829 I art     : Starting a blocking GC Explicit
08-04 02:23:12.519 24721 24829 I art     : Explicit concurrent mark sweep GC freed 27(2128B) AllocSpace objects, 0(0B) LOS objects, 22% free, 53MB/69MB, paused 393us total 17.640ms
08-04 02:23:12.526 24721 24829 I art     : Starting a blocking GC Explicit
08-04 02:23:12.543 24721 24829 I art     : Explicit concurrent mark sweep GC freed 7(240B) AllocSpace objects, 0(0B) LOS objects, 22% free, 53MB/69MB, paused 389us total 16.718ms
08-04 02:23:12.550 24721 24829 I art     : Starting a blocking GC Explicit
08-04 02:23:12.567 24721 24829 I art     : Explicit concurrent mark sweep GC freed 3(96B) AllocSpace objects, 0(0B) LOS objects, 22% free, 53MB/69MB, paused 373us total 17.103ms
08-04 02:23:12.729   380   380 W SurfaceFlinger: couldn't log to binary event log: overflow.
08-04 02:23:12.821 24721 26903 I art     : Starting a blocking GC Explicit
08-04 02:23:12.839 24721 26903 I art     : Explicit concurrent mark sweep GC freed 1344(78KB) AllocSpace objects, 1(20KB) LOS objects, 22% free, 53MB/69MB, paused 385us total 17.523ms
08-04 02:23:12.846 24721 26903 I art     : Starting a blocking GC Explicit
08-04 02:23:12.866 24721 26903 I art     : Explicit concurrent mark sweep GC freed 130(7KB) AllocSpace objects, 0(0B) LOS objects, 22% free, 53MB/69MB, paused 650us total 19.642ms
08-04 02:23:12.873 24721 26903 I art     : Starting a blocking GC Explicit
08-04 02:23:12.890 24721 26903 I art     : Explicit concurrent mark sweep GC freed 645(54KB) AllocSpace objects, 2(120KB) LOS objects, 22% free, 53MB/69MB, paused 578us total 17.188ms
08-04 02:23:12.898 24721 26903 I art     : Starting a blocking GC Explicit
08-04 02:23:12.907 24721 27879 D OkHttp  : --> GET https://api-hillfair-2k16.herokuapp.com/api/app/club/PR%20Club http/1.1
08-04 02:23:12.918 24721 26903 I art     : Explicit concurrent mark sweep GC freed 2088(92KB) AllocSpace objects, 1(80KB) LOS objects, 22% free, 53MB/69MB, paused 443us total 20.035ms
08-04 02:23:12.925 24721 26903 I art     : Starting a blocking GC Explicit
08-04 02:23:12.938 24721 27879 D OkHttp  : <-- 200 OK https://api-hillfair-2k16.herokuapp.com/api/app/club/PR%20Club (30ms, 979-byte body)
08-04 02:23:12.942 24721 26903 I art     : Explicit concurrent mark sweep GC freed 964(136KB) AllocSpace objects, 0(0B) LOS objects, 22% free, 53MB/69MB, paused 407us total 17.162ms
08-04 02:23:12.995 24721 24721 I NAPPA_EXPERIMENTATION: MetricNetworkRequestExecutionTime: REQUEST_DURATION_SYSTEM='574',REQUEST_DURATION_OKHTTP='30',REQUEST_SYNCHRONOUS='FALSE',RESPONSE_CODE='200',RESPONSE_METHOD='GET',RESPONSE_LENGTH_OKHTTP='979',RESPONSE_LENGTH_HEADER='979',REQUEST_PROTOCOL='http/1.1',REQUEST_URL='https://api-hillfair-2k16.herokuapp.com/api/app/club/PR%20Club',
08-04 02:23:13.208 24721 24829 I art     : Starting a blocking GC Explicit
08-04 02:23:13.230 24721 24829 I art     : Explicit concurrent mark sweep GC freed 2053(179KB) AllocSpace objects, 1(20KB) LOS objects, 22% free, 53MB/69MB, paused 421us total 21.987ms
08-04 02:23:13.239 24721 24829 I art     : Starting a blocking GC Explicit
08-04 02:23:13.258 24721 24829 I art     : Explicit concurrent mark sweep GC freed 83(2960B) AllocSpace objects, 0(0B) LOS objects, 22% free, 53MB/69MB, paused 389us total 19.005ms
08-04 02:23:13.265 24721 24829 I art     : Starting a blocking GC Explicit
08-04 02:23:13.284 24721 24829 I art     : Explicit concurrent mark sweep GC freed 3(96B) AllocSpace objects, 0(0B) LOS objects, 22% free, 53MB/69MB, paused 405us total 18.988ms
08-04 02:23:13.291 24721 24829 I art     : Starting a blocking GC Explicit
08-04 02:23:13.310 24721 24829 I art     : Explicit concurrent mark sweep GC freed 3(96B) AllocSpace objects, 0(0B) LOS objects, 22% free, 53MB/69MB, paused 386us total 18.827ms
08-04 02:23:13.317 24721 24829 I art     : Starting a blocking GC Explicit
08-04 02:23:13.336 24721 24829 I art     : Explicit concurrent mark sweep GC freed 3(96B) AllocSpace objects, 0(0B) LOS objects, 22% free, 53MB/69MB, paused 370us total 18.247ms
08-04 02:23:13.411   518   646 I ThermalEngine: ACTION: GPU - Setting GPU[0] to 510000000
08-04 02:23:13.614 24721 24829 I art     : Starting a blocking GC Explicit
08-04 02:23:13.645 24721 24829 I art     : Explicit concurrent mark sweep GC freed 1344(78KB) AllocSpace objects, 1(20KB) LOS objects, 22% free, 53MB/69MB, paused 565us total 31.068ms
08-04 02:23:13.658 24721 24829 I art     : Starting a blocking GC Explicit
08-04 02:23:13.688 24721 24829 I art     : Explicit concurrent mark sweep GC freed 36(1264B) AllocSpace objects, 0(0B) LOS objects, 22% free, 53MB/69MB, paused 544us total 29.432ms
08-04 02:23:13.698 24721 24829 I art     : Starting a blocking GC Explicit
08-04 02:23:13.723 24721 24829 I art     : Explicit concurrent mark sweep GC freed 3(96B) AllocSpace objects, 0(0B) LOS objects, 22% free, 53MB/69MB, paused 526us total 24.964ms
08-04 02:23:13.732 24721 24829 I art     : Starting a blocking GC Explicit
08-04 02:23:13.757 24721 24829 I art     : Explicit concurrent mark sweep GC freed 3(96B) AllocSpace objects, 0(0B) LOS objects, 22% free, 53MB/69MB, paused 514us total 24.474ms
08-04 02:23:13.766 24721 24829 I art     : Starting a blocking GC Explicit
08-04 02:23:13.790 24721 24829 I art     : Explicit concurrent mark sweep GC freed 3(96B) AllocSpace objects, 0(0B) LOS objects, 22% free, 53MB/69MB, paused 520us total 24.321ms
08-04 02:23:14.071 24721 24828 I art     : Starting a blocking GC Explicit
08-04 02:23:14.095 24721 24828 I art     : Explicit concurrent mark sweep GC freed 1344(78KB) AllocSpace objects, 1(20KB) LOS objects, 22% free, 53MB/69MB, paused 538us total 23.775ms
08-04 02:23:14.105 24721 24828 I art     : Starting a blocking GC Explicit
08-04 02:23:14.130 24721 24828 I art     : Explicit concurrent mark sweep GC freed 35(1264B) AllocSpace objects, 0(0B) LOS objects, 22% free, 53MB/69MB, paused 525us total 24.700ms
08-04 02:23:14.139 24721 24828 I art     : Starting a blocking GC Explicit
08-04 02:23:14.163 24721 24828 I art     : Explicit concurrent mark sweep GC freed 3(96B) AllocSpace objects, 0(0B) LOS objects, 22% free, 53MB/69MB, paused 532us total 23.881ms
08-04 02:23:14.169   918  3261 D WifiStateMachine: starting scan for "H369AA63323"WPA_PSK with 2412,5180
08-04 02:23:14.172 24721 24828 I art     : Starting a blocking GC Explicit
08-04 02:23:14.196 24721 24828 I art     : Explicit concurrent mark sweep GC freed 3(96B) AllocSpace objects, 0(0B) LOS objects, 22% free, 53MB/69MB, paused 526us total 24.013ms
08-04 02:23:14.205 24721 24828 I art     : Starting a blocking GC Explicit
08-04 02:23:14.230 24721 24828 I art     : Explicit concurrent mark sweep GC freed 3(96B) AllocSpace objects, 0(0B) LOS objects, 22% free, 53MB/69MB, paused 514us total 24.577ms
08-04 02:23:14.564 24721 24733 I art     : Starting a blocking GC Explicit
08-04 02:23:14.600 24721 24733 I art     : Explicit concurrent mark sweep GC freed 1344(78KB) AllocSpace objects, 1(20KB) LOS objects, 22% free, 53MB/69MB, paused 630us total 35.140ms
08-04 02:23:14.614 24721 24733 I art     : Starting a blocking GC Explicit
08-04 02:23:14.639 24721 24733 I art     : Explicit concurrent mark sweep GC freed 20(704B) AllocSpace objects, 0(0B) LOS objects, 22% free, 53MB/69MB, paused 532us total 24.694ms
08-04 02:23:14.648 24721 24733 I art     : Starting a blocking GC Explicit
08-04 02:23:14.672 24721 24733 I art     : Explicit concurrent mark sweep GC freed 3(96B) AllocSpace objects, 0(0B) LOS objects, 22% free, 53MB/69MB, paused 512us total 23.518ms
08-04 02:23:14.681 24721 24733 I art     : Starting a blocking GC Explicit
08-04 02:23:14.705 24721 24733 I art     : Explicit concurrent mark sweep GC freed 3(96B) AllocSpace objects, 0(0B) LOS objects, 22% free, 53MB/69MB, paused 512us total 23.802ms
08-04 02:23:14.714 24721 24733 I art     : Starting a blocking GC Explicit
08-04 02:23:14.739 24721 24733 I art     : Explicit concurrent mark sweep GC freed 3(96B) AllocSpace objects, 0(0B) LOS objects, 22% free, 53MB/69MB, paused 536us total 24.626ms
08-04 02:23:15.073 24721 24732 I art     : Starting a blocking GC Explicit
08-04 02:23:15.104 24721 24732 I art     : Explicit concurrent mark sweep GC freed 1344(78KB) AllocSpace objects, 1(20KB) LOS objects, 22% free, 53MB/69MB, paused 564us total 30.632ms
08-04 02:23:15.117 24721 24732 I art     : Starting a blocking GC Explicit
08-04 02:23:15.142 24721 24732 I art     : Explicit concurrent mark sweep GC freed 20(704B) AllocSpace objects, 0(0B) LOS objects, 22% free, 53MB/69MB, paused 514us total 24.998ms
08-04 02:23:15.151 24721 24732 I art     : Starting a blocking GC Explicit
08-04 02:23:15.176 24721 24732 I art     : Explicit concurrent mark sweep GC freed 3(96B) AllocSpace objects, 0(0B) LOS objects, 22% free, 53MB/69MB, paused 523us total 24.752ms
08-04 02:23:15.186 24721 24732 I art     : Starting a blocking GC Explicit
08-04 02:23:15.211 24721 24732 I art     : Explicit concurrent mark sweep GC freed 3(96B) AllocSpace objects, 0(0B) LOS objects, 22% free, 53MB/69MB, paused 586us total 24.834ms
08-04 02:23:15.220 24721 24732 I art     : Starting a blocking GC Explicit
08-04 02:23:15.246 24721 24732 I art     : Explicit concurrent mark sweep GC freed 3(96B) AllocSpace objects, 0(0B) LOS objects, 22% free, 53MB/69MB, paused 516us total 25.161ms
08-04 02:23:15.558 24721 26903 I art     : Starting a blocking GC Explicit
08-04 02:23:15.589 24721 26903 I art     : Explicit concurrent mark sweep GC freed 1344(78KB) AllocSpace objects, 1(20KB) LOS objects, 22% free, 53MB/69MB, paused 577us total 30.622ms
08-04 02:23:15.602 24721 26903 I art     : Starting a blocking GC Explicit
08-04 02:23:15.627 24721 26903 I art     : Explicit concurrent mark sweep GC freed 20(704B) AllocSpace objects, 0(0B) LOS objects, 22% free, 53MB/69MB, paused 635us total 24.941ms
08-04 02:23:15.636 24721 26903 I art     : Starting a blocking GC Explicit
08-04 02:23:15.661 24721 26903 I art     : Explicit concurrent mark sweep GC freed 3(96B) AllocSpace objects, 0(0B) LOS objects, 22% free, 53MB/69MB, paused 544us total 24.640ms
08-04 02:23:15.670 24721 26903 I art     : Starting a blocking GC Explicit
08-04 02:23:15.695 24721 26903 I art     : Explicit concurrent mark sweep GC freed 3(96B) AllocSpace objects, 0(0B) LOS objects, 22% free, 53MB/69MB, paused 532us total 24.769ms
08-04 02:23:15.705 24721 26903 I art     : Starting a blocking GC Explicit
08-04 02:23:15.730 24721 26903 I art     : Explicit concurrent mark sweep GC freed 3(96B) AllocSpace objects, 0(0B) LOS objects, 22% free, 53MB/69MB, paused 536us total 25.055ms
08-04 02:23:16.052 24721 24829 I art     : Starting a blocking GC Explicit
08-04 02:23:16.083 24721 24829 I art     : Explicit concurrent mark sweep GC freed 1344(78KB) AllocSpace objects, 1(20KB) LOS objects, 22% free, 53MB/69MB, paused 561us total 30.400ms
08-04 02:23:16.095 24721 24829 I art     : Starting a blocking GC Explicit
08-04 02:23:16.119 24721 24829 I art     : Explicit concurrent mark sweep GC freed 20(704B) AllocSpace objects, 0(0B) LOS objects, 22% free, 53MB/69MB, paused 534us total 23.673ms
08-04 02:23:16.128 24721 24829 I art     : Starting a blocking GC Explicit
08-04 02:23:16.152 24721 24829 I art     : Explicit concurrent mark sweep GC freed 3(96B) AllocSpace objects, 0(0B) LOS objects, 22% free, 53MB/69MB, paused 514us total 23.992ms
08-04 02:23:16.162 24721 24829 I art     : Starting a blocking GC Explicit
08-04 02:23:16.186 24721 24829 I art     : Explicit concurrent mark sweep GC freed 24(1104B) AllocSpace objects, 0(0B) LOS objects, 22% free, 53MB/69MB, paused 504us total 24.357ms
08-04 02:23:16.196 24721 24829 I art     : Starting a blocking GC Explicit
08-04 02:23:16.220 24721 24829 I art     : Explicit concurrent mark sweep GC freed 19(608B) AllocSpace objects, 0(0B) LOS objects, 22% free, 53MB/69MB, paused 519us total 24.538ms
08-04 02:23:16.560 24721 24828 I art     : Starting a blocking GC Explicit
08-04 02:23:16.590 24721 24828 I art     : Explicit concurrent mark sweep GC freed 1344(78KB) AllocSpace objects, 1(20KB) LOS objects, 22% free, 53MB/69MB, paused 529us total 29.340ms
08-04 02:23:16.600 24721 24828 I art     : Starting a blocking GC Explicit
08-04 02:23:16.624 24721 24828 I art     : Explicit concurrent mark sweep GC freed 20(704B) AllocSpace objects, 0(0B) LOS objects, 22% free, 53MB/69MB, paused 521us total 24.421ms
08-04 02:23:16.634 24721 24828 I art     : Starting a blocking GC Explicit
08-04 02:23:16.658 24721 24828 I art     : Explicit concurrent mark sweep GC freed 3(96B) AllocSpace objects, 0(0B) LOS objects, 22% free, 53MB/69MB, paused 504us total 23.778ms
08-04 02:23:16.667 24721 24828 I art     : Starting a blocking GC Explicit
08-04 02:23:16.690 24721 24828 I art     : Explicit concurrent mark sweep GC freed 3(96B) AllocSpace objects, 0(0B) LOS objects, 22% free, 53MB/69MB, paused 487us total 22.452ms
08-04 02:23:16.699 24721 24828 I art     : Starting a blocking GC Explicit
08-04 02:23:16.721 24721 24828 I art     : Explicit concurrent mark sweep GC freed 3(96B) AllocSpace objects, 0(0B) LOS objects, 22% free, 53MB/69MB, paused 507us total 22.293ms
08-04 02:23:17.029 24721 24733 I art     : Starting a blocking GC Explicit
08-04 02:23:17.059 24721 24733 I art     : Explicit concurrent mark sweep GC freed 1344(78KB) AllocSpace objects, 1(20KB) LOS objects, 22% free, 53MB/69MB, paused 535us total 29.267ms
08-04 02:23:17.068 24721 24733 I art     : Starting a blocking GC Explicit
08-04 02:23:17.092 24721 24733 I art     : Explicit concurrent mark sweep GC freed 20(704B) AllocSpace objects, 0(0B) LOS objects, 22% free, 53MB/69MB, paused 519us total 23.863ms
08-04 02:23:17.096 27971 27971 D AndroidRuntime: >>>>>> START com.android.internal.os.RuntimeInit uid 2000 <<<<<<
08-04 02:23:17.101 27971 27971 D AndroidRuntime: CheckJNI is OFF
08-04 02:23:17.101 24721 24733 I art     : Starting a blocking GC Explicit
08-04 02:23:17.124 24721 24733 I art     : Explicit concurrent mark sweep GC freed 3(96B) AllocSpace objects, 0(0B) LOS objects, 22% free, 53MB/69MB, paused 511us total 22.763ms
08-04 02:23:17.134 24721 24733 I art     : Starting a blocking GC Explicit
08-04 02:23:17.139 27971 27971 D ICU     : No timezone override file found: /data/misc/zoneinfo/current/icu/icu_tzdata.dat
08-04 02:23:17.156 24721 24733 I art     : Explicit concurrent mark sweep GC freed 3(96B) AllocSpace objects, 0(0B) LOS objects, 22% free, 53MB/69MB, paused 523us total 22.339ms
08-04 02:23:17.165 24721 24733 I art     : Starting a blocking GC Explicit
08-04 02:23:17.174 27971 27971 I Radio-JNI: register_android_hardware_Radio DONE
08-04 02:23:17.188 24721 24733 I art     : Explicit concurrent mark sweep GC freed 3(96B) AllocSpace objects, 0(0B) LOS objects, 22% free, 53MB/69MB, paused 524us total 22.583ms
08-04 02:23:17.196 27971 27971 D AndroidRuntime: Calling main entry com.android.commands.input.Input
08-04 02:23:17.198 27971 27971 I Input   : injectKeyEvent: KeyEvent { action=ACTION_DOWN, keyCode=KEYCODE_BACK, scanCode=0, metaState=0, flags=0x0, repeatCount=0, eventTime=671013611, downTime=671013611, deviceId=-1, source=0x101 }
08-04 02:23:17.204 27971 27971 I Input   : injectKeyEvent: KeyEvent { action=ACTION_UP, keyCode=KEYCODE_BACK, scanCode=0, metaState=0, flags=0x0, repeatCount=0, eventTime=671013611, downTime=671013611, deviceId=-1, source=0x101 }
08-04 02:23:17.209 27971 27971 D AndroidRuntime: Shutting down VM
08-04 02:23:17.248 13866 13866 I GoogleInputMethodServic: GoogleInputMethodService.onFinishInput():3138 
08-04 02:23:17.248 13866 13866 I GoogleInputMethodServic: GoogleInputMethodService.onStartInput():1808 
08-04 02:23:17.466 24721 24733 I art     : Starting a blocking GC Explicit
08-04 02:23:17.497 24721 24733 I art     : Explicit concurrent mark sweep GC freed 1526(86KB) AllocSpace objects, 1(20KB) LOS objects, 22% free, 53MB/69MB, paused 561us total 31.276ms
08-04 02:23:17.508 24721 24733 I art     : Starting a blocking GC Explicit
08-04 02:23:17.532 24721 24733 I art     : Explicit concurrent mark sweep GC freed 26(944B) AllocSpace objects, 0(0B) LOS objects, 22% free, 53MB/69MB, paused 501us total 23.688ms
08-04 02:23:17.533   380   380 W SurfaceFlinger: couldn't log to binary event log: overflow.
08-04 02:23:17.544 24721 24733 I art     : Starting a blocking GC Explicit
08-04 02:23:17.566 24721 24733 I art     : Explicit concurrent mark sweep GC freed 112(8KB) AllocSpace objects, 0(0B) LOS objects, 22% free, 53MB/69MB, paused 483us total 21.375ms
08-04 02:23:17.574 24721 24733 I art     : Starting a blocking GC Explicit
08-04 02:23:17.596 24721 24733 I art     : Explicit concurrent mark sweep GC freed 1654(107KB) AllocSpace objects, 3(184KB) LOS objects, 23% free, 53MB/69MB, paused 531us total 21.918ms
08-04 02:23:17.605 24721 24733 I art     : Starting a blocking GC Explicit
08-04 02:23:17.626 24721 24733 I art     : Explicit concurrent mark sweep GC freed 3(96B) AllocSpace objects, 0(0B) LOS objects, 23% free, 53MB/69MB, paused 484us total 21.388ms
08-04 02:23:17.922 24721 26903 I art     : Starting a blocking GC Explicit
08-04 02:23:17.951 24721 26903 I art     : Explicit concurrent mark sweep GC freed 1344(78KB) AllocSpace objects, 1(20KB) LOS objects, 23% free, 53MB/69MB, paused 564us total 28.892ms
08-04 02:23:17.962 24721 26903 I art     : Starting a blocking GC Explicit
08-04 02:23:17.986 24721 26903 I art     : Explicit concurrent mark sweep GC freed 20(704B) AllocSpace objects, 0(0B) LOS objects, 23% free, 53MB/69MB, paused 515us total 24.072ms
08-04 02:23:17.996 24721 26903 I art     : Starting a blocking GC Explicit
08-04 02:23:18.019 24721 26903 I art     : Explicit concurrent mark sweep GC freed 3(96B) AllocSpace objects, 0(0B) LOS objects, 23% free, 53MB/69MB, paused 507us total 23.416ms
08-04 02:23:18.028 24721 26903 I art     : Starting a blocking GC Explicit
08-04 02:23:18.052 24721 26903 I art     : Explicit concurrent mark sweep GC freed 3(96B) AllocSpace objects, 0(0B) LOS objects, 23% free, 53MB/69MB, paused 480us total 23.845ms
08-04 02:23:18.062 24721 26903 I art     : Starting a blocking GC Explicit
08-04 02:23:18.086 24721 26903 I art     : Explicit concurrent mark sweep GC freed 3(96B) AllocSpace objects, 0(0B) LOS objects, 23% free, 53MB/69MB, paused 513us total 23.823ms
08-04 02:23:18.372 24721 24732 I art     : Starting a blocking GC Explicit
08-04 02:23:18.402 24721 24732 I art     : Explicit concurrent mark sweep GC freed 1344(78KB) AllocSpace objects, 1(20KB) LOS objects, 23% free, 53MB/69MB, paused 576us total 29.949ms
08-04 02:23:18.417 24721 24732 I art     : Starting a blocking GC Explicit
08-04 02:23:18.440 24721 24732 I art     : Explicit concurrent mark sweep GC freed 20(704B) AllocSpace objects, 0(0B) LOS objects, 23% free, 53MB/69MB, paused 489us total 23.420ms
08-04 02:23:18.450 24721 24732 I art     : Starting a blocking GC Explicit
08-04 02:23:18.472 24721 24732 I art     : Explicit concurrent mark sweep GC freed 3(96B) AllocSpace objects, 0(0B) LOS objects, 23% free, 53MB/69MB, paused 533us total 22.277ms
08-04 02:23:18.481 24721 24732 I art     : Starting a blocking GC Explicit
08-04 02:23:18.503 24721 24732 I art     : Explicit concurrent mark sweep GC freed 3(96B) AllocSpace objects, 0(0B) LOS objects, 23% free, 53MB/69MB, paused 528us total 22.359ms
08-04 02:23:18.512 24721 24732 I art     : Starting a blocking GC Explicit
08-04 02:23:18.534 24721 24732 I art     : Explicit concurrent mark sweep GC freed 3(96B) AllocSpace objects, 0(0B) LOS objects, 23% free, 53MB/69MB, paused 497us total 22.359ms
08-04 02:23:18.813 24721 24828 I art     : Starting a blocking GC Explicit
08-04 02:23:18.837 24721 24828 I art     : Explicit concurrent mark sweep GC freed 1344(78KB) AllocSpace objects, 1(20KB) LOS objects, 23% free, 53MB/69MB, paused 597us total 23.692ms
08-04 02:23:18.847 24721 24828 I art     : Starting a blocking GC Explicit
08-04 02:23:18.848 28024 28024 D AndroidRuntime: >>>>>> START com.android.internal.os.RuntimeInit uid 2000 <<<<<<
08-04 02:23:18.853 28024 28024 D AndroidRuntime: CheckJNI is OFF
08-04 02:23:18.869 24721 24828 I art     : Explicit concurrent mark sweep GC freed 20(704B) AllocSpace objects, 0(0B) LOS objects, 23% free, 53MB/69MB, paused 497us total 21.982ms
08-04 02:23:18.877 24721 24828 I art     : Starting a blocking GC Explicit
08-04 02:23:18.888 28024 28024 D ICU     : No timezone override file found: /data/misc/zoneinfo/current/icu/icu_tzdata.dat
08-04 02:23:18.899 24721 24828 I art     : Explicit concurrent mark sweep GC freed 3(96B) AllocSpace objects, 0(0B) LOS objects, 23% free, 53MB/69MB, paused 572us total 21.309ms
08-04 02:23:18.907 24721 24828 I art     : Starting a blocking GC Explicit
08-04 02:23:18.923 28024 28024 I Radio-JNI: register_android_hardware_Radio DONE
08-04 02:23:18.929 24721 24828 I art     : Explicit concurrent mark sweep GC freed 3(96B) AllocSpace objects, 0(0B) LOS objects, 23% free, 53MB/69MB, paused 600us total 21.797ms
08-04 02:23:18.938 24721 24828 I art     : Starting a blocking GC Explicit
08-04 02:23:18.945 28024 28024 D AndroidRuntime: Calling main entry com.android.commands.input.Input
08-04 02:23:18.946 28024 28024 I Input   : injectMotionEvent: MotionEvent { action=ACTION_DOWN, actionButton=0, id[0]=0, x[0]=1012.0, y[0]=1152.0, toolType[0]=TOOL_TYPE_UNKNOWN, buttonState=0, metaState=0, flags=0x0, edgeFlags=0x0, pointerCount=1, historySize=0, eventTime=671015359, downTime=671015359, deviceId=0, source=0x1002 }
08-04 02:23:18.951 28024 28024 I Input   : injectMotionEvent: MotionEvent { action=ACTION_UP, actionButton=0, id[0]=0, x[0]=1012.0, y[0]=1152.0, toolType[0]=TOOL_TYPE_UNKNOWN, buttonState=0, metaState=0, flags=0x0, edgeFlags=0x0, pointerCount=1, historySize=0, eventTime=671015359, downTime=671015359, deviceId=0, source=0x1002 }
08-04 02:23:18.953   918   928 I ActivityManager: START u0 {cmp=baseline.appteam.nith.hillffair/.activities.ClubActivity (has extras)} from uid 10651 on display 0
08-04 02:23:18.959 24721 24828 I art     : Explicit concurrent mark sweep GC freed 3(96B) AllocSpace objects, 0(0B) LOS objects, 23% free, 53MB/69MB, paused 627us total 21.198ms
08-04 02:23:18.960 28024 28024 D AndroidRuntime: Shutting down VM
08-04 02:23:19.044 13866 13866 I GoogleInputMethodServic: GoogleInputMethodService.onFinishInput():3138 
08-04 02:23:19.045 13866 13866 I GoogleInputMethodServic: GoogleInputMethodService.onStartInput():1808 
08-04 02:23:19.046   918   936 I ActivityManager: Displayed baseline.appteam.nith.hillffair/.activities.ClubActivity: +83ms
08-04 02:23:19.197 24721 26903 I art     : Starting a blocking GC Explicit
08-04 02:23:19.220 24721 26903 I art     : Explicit concurrent mark sweep GC freed 4954(303KB) AllocSpace objects, 1(20KB) LOS objects, 22% free, 53MB/69MB, paused 503us total 22.732ms
08-04 02:23:19.229 24721 26903 I art     : Starting a blocking GC Explicit
08-04 02:23:19.251 24721 26903 I art     : Explicit concurrent mark sweep GC freed 218(10KB) AllocSpace objects, 0(0B) LOS objects, 22% free, 53MB/69MB, paused 543us total 21.770ms
08-04 02:23:19.260 24721 26903 I art     : Starting a blocking GC Explicit
08-04 02:23:19.281 24721 26903 I art     : Explicit concurrent mark sweep GC freed 3(96B) AllocSpace objects, 0(0B) LOS objects, 22% free, 53MB/69MB, paused 534us total 21.541ms
08-04 02:23:19.290 24721 26903 I art     : Starting a blocking GC Explicit
08-04 02:23:19.302   380   380 W SurfaceFlinger: couldn't log to binary event log: overflow.
08-04 02:23:19.311 24721 26903 I art     : Explicit concurrent mark sweep GC freed 3(96B) AllocSpace objects, 0(0B) LOS objects, 22% free, 53MB/69MB, paused 544us total 21.330ms
08-04 02:23:19.320 24721 26903 I art     : Starting a blocking GC Explicit
08-04 02:23:19.340 24721 26903 I art     : Explicit concurrent mark sweep GC freed 3(96B) AllocSpace objects, 0(0B) LOS objects, 22% free, 53MB/69MB, paused 497us total 20.392ms
08-04 02:23:19.469 24721 28047 D OkHttp  : --> GET https://api-hillfair-2k16.herokuapp.com/api/app/club/Design%20and%20Decoration%20Club http/1.1
08-04 02:23:19.497 24721 28047 D OkHttp  : <-- 200 OK https://api-hillfair-2k16.herokuapp.com/api/app/club/Design%20and%20Decoration%20Club (27ms, 760-byte body)
08-04 02:23:19.554 24721 24721 I NAPPA_EXPERIMENTATION: MetricNetworkRequestExecutionTime: REQUEST_DURATION_SYSTEM='568',REQUEST_DURATION_OKHTTP='28',REQUEST_SYNCHRONOUS='FALSE',RESPONSE_CODE='200',RESPONSE_METHOD='GET',RESPONSE_LENGTH_OKHTTP='760',RESPONSE_LENGTH_HEADER='760',REQUEST_PROTOCOL='http/1.1',REQUEST_URL='https://api-hillfair-2k16.herokuapp.com/api/app/club/Design%20and%20Decoration%20Club',
08-04 02:23:19.613 24721 26903 I art     : Starting a blocking GC Explicit
08-04 02:23:19.637 24721 26903 I art     : Explicit concurrent mark sweep GC freed 4908(344KB) AllocSpace objects, 4(220KB) LOS objects, 22% free, 54MB/70MB, paused 600us total 23.812ms
08-04 02:23:19.646 24721 26903 I art     : Starting a blocking GC Explicit
08-04 02:23:19.668 24721 26903 I art     : Explicit concurrent mark sweep GC freed 1031(119KB) AllocSpace objects, 0(0B) LOS objects, 22% free, 53MB/69MB, paused 531us total 21.466ms
08-04 02:23:19.676 24721 26903 I art     : Starting a blocking GC Explicit
08-04 02:23:19.698 24721 26903 I art     : Explicit concurrent mark sweep GC freed 3(96B) AllocSpace objects, 0(0B) LOS objects, 22% free, 53MB/69MB, paused 502us total 22.075ms
08-04 02:23:19.707 24721 26903 I art     : Starting a blocking GC Explicit
08-04 02:23:19.728 24721 26903 I art     : Explicit concurrent mark sweep GC freed 3(96B) AllocSpace objects, 0(0B) LOS objects, 22% free, 53MB/69MB, paused 508us total 21.553ms
08-04 02:23:19.737 24721 26903 I art     : Starting a blocking GC Explicit
08-04 02:23:19.758 24721 26903 I art     : Explicit concurrent mark sweep GC freed 3(96B) AllocSpace objects, 0(0B) LOS objects, 22% free, 53MB/69MB, paused 491us total 21.133ms
08-04 02:23:20.048 24721 24732 I art     : Starting a blocking GC Explicit
08-04 02:23:20.077 24721 24732 I art     : Explicit concurrent mark sweep GC freed 1344(78KB) AllocSpace objects, 1(20KB) LOS objects, 22% free, 53MB/69MB, paused 581us total 28.135ms
08-04 02:23:20.089 24721 24732 I art     : Starting a blocking GC Explicit
08-04 02:23:20.113 24721 24732 I art     : Explicit concurrent mark sweep GC freed 36(1264B) AllocSpace objects, 0(0B) LOS objects, 22% free, 53MB/69MB, paused 524us total 24.132ms
08-04 02:23:20.122 24721 24732 I art     : Starting a blocking GC Explicit
08-04 02:23:20.146 24721 24732 I art     : Explicit concurrent mark sweep GC freed 3(96B) AllocSpace objects, 0(0B) LOS objects, 22% free, 53MB/69MB, paused 521us total 23.678ms
08-04 02:23:20.156 24721 24732 I art     : Starting a blocking GC Explicit
08-04 02:23:20.180 24721 24732 I art     : Explicit concurrent mark sweep GC freed 3(96B) AllocSpace objects, 0(0B) LOS objects, 22% free, 53MB/69MB, paused 532us total 24.209ms
08-04 02:23:20.190 24721 24732 I art     : Starting a blocking GC Explicit
08-04 02:23:20.215 24721 24732 I art     : Explicit concurrent mark sweep GC freed 3(96B) AllocSpace objects, 0(0B) LOS objects, 22% free, 53MB/69MB, paused 521us total 24.055ms
08-04 02:23:20.510 24721 24733 I art     : Starting a blocking GC Explicit
08-04 02:23:20.543 24721 24733 I art     : Explicit concurrent mark sweep GC freed 1344(78KB) AllocSpace objects, 1(20KB) LOS objects, 22% free, 53MB/69MB, paused 587us total 31.882ms
08-04 02:23:20.556 24721 24733 I art     : Starting a blocking GC Explicit
08-04 02:23:20.581 24721 24733 I art     : Explicit concurrent mark sweep GC freed 20(704B) AllocSpace objects, 0(0B) LOS objects, 22% free, 53MB/69MB, paused 531us total 24.818ms
08-04 02:23:20.590 24721 24733 I art     : Starting a blocking GC Explicit
08-04 02:23:20.616 24721 24733 I art     : Explicit concurrent mark sweep GC freed 3(96B) AllocSpace objects, 0(0B) LOS objects, 22% free, 53MB/69MB, paused 540us total 25.147ms
08-04 02:23:20.625 24721 24733 I art     : Starting a blocking GC Explicit
08-04 02:23:20.651 24721 24733 I art     : Explicit concurrent mark sweep GC freed 3(96B) AllocSpace objects, 0(0B) LOS objects, 22% free, 53MB/69MB, paused 618us total 25.807ms
08-04 02:23:20.661 24721 24733 I art     : Starting a blocking GC Explicit
08-04 02:23:20.685 24721 24733 I art     : Explicit concurrent mark sweep GC freed 3(96B) AllocSpace objects, 0(0B) LOS objects, 22% free, 53MB/69MB, paused 523us total 24.669ms
08-04 02:23:21.008 24721 26903 I art     : Starting a blocking GC Explicit
08-04 02:23:21.039 24721 26903 I art     : Explicit concurrent mark sweep GC freed 1365(79KB) AllocSpace objects, 1(20KB) LOS objects, 22% free, 53MB/69MB, paused 726us total 31.462ms
08-04 02:23:21.051 24721 26903 I art     : Starting a blocking GC Explicit
08-04 02:23:21.076 24721 26903 I art     : Explicit concurrent mark sweep GC freed 36(1216B) AllocSpace objects, 0(0B) LOS objects, 22% free, 53MB/69MB, paused 511us total 24.382ms
08-04 02:23:21.085 24721 26903 I art     : Starting a blocking GC Explicit
08-04 02:23:21.110 24721 26903 I art     : Explicit concurrent mark sweep GC freed 3(96B) AllocSpace objects, 0(0B) LOS objects, 22% free, 53MB/69MB, paused 526us total 24.638ms
08-04 02:23:21.119 24721 26903 I art     : Starting a blocking GC Explicit
08-04 02:23:21.144 24721 26903 I art     : Explicit concurrent mark sweep GC freed 3(96B) AllocSpace objects, 0(0B) LOS objects, 22% free, 53MB/69MB, paused 524us total 24.580ms
08-04 02:23:21.153 24721 26903 I art     : Starting a blocking GC Explicit
08-04 02:23:21.179 24721 26903 I art     : Explicit concurrent mark sweep GC freed 3(96B) AllocSpace objects, 0(0B) LOS objects, 22% free, 53MB/69MB, paused 518us total 25.108ms
08-04 02:23:21.506 24721 24828 I art     : Starting a blocking GC Explicit
08-04 02:23:21.545 24721 24828 I art     : Explicit concurrent mark sweep GC freed 1344(78KB) AllocSpace objects, 1(20KB) LOS objects, 22% free, 53MB/69MB, paused 849us total 38.320ms
08-04 02:23:21.559 24721 24828 I art     : Starting a blocking GC Explicit
08-04 02:23:21.585 24721 24828 I art     : Explicit concurrent mark sweep GC freed 20(704B) AllocSpace objects, 0(0B) LOS objects, 22% free, 53MB/69MB, paused 524us total 25.267ms
08-04 02:23:21.594 24721 24828 I art     : Starting a blocking GC Explicit
08-04 02:23:21.619 24721 24828 I art     : Explicit concurrent mark sweep GC freed 3(96B) AllocSpace objects, 0(0B) LOS objects, 22% free, 53MB/69MB, paused 517us total 24.692ms
08-04 02:23:21.628 24721 24828 I art     : Starting a blocking GC Explicit
08-04 02:23:21.653 24721 24828 I art     : Explicit concurrent mark sweep GC freed 3(96B) AllocSpace objects, 0(0B) LOS objects, 22% free, 53MB/69MB, paused 519us total 24.757ms
08-04 02:23:21.663 24721 24828 I art     : Starting a blocking GC Explicit
08-04 02:23:21.688 24721 24828 I art     : Explicit concurrent mark sweep GC freed 3(96B) AllocSpace objects, 0(0B) LOS objects, 22% free, 53MB/69MB, paused 537us total 25.071ms
08-04 02:23:22.011 24721 24829 I art     : Starting a blocking GC Explicit
08-04 02:23:22.044 24721 24829 I art     : Explicit concurrent mark sweep GC freed 1344(78KB) AllocSpace objects, 1(20KB) LOS objects, 22% free, 53MB/69MB, paused 707us total 32ms
08-04 02:23:22.056 24721 24829 I art     : Starting a blocking GC Explicit
08-04 02:23:22.081 24721 24829 I art     : Explicit concurrent mark sweep GC freed 20(704B) AllocSpace objects, 0(0B) LOS objects, 22% free, 53MB/69MB, paused 526us total 25.131ms
08-04 02:23:22.082 24721 24731 I art     : WaitForGcToComplete blocked for 21.906ms for cause HeapTrim
08-04 02:23:22.091 24721 24829 I art     : Starting a blocking GC Explicit
08-04 02:23:22.116 24721 24829 I art     : Explicit concurrent mark sweep GC freed 3(96B) AllocSpace objects, 0(0B) LOS objects, 22% free, 53MB/69MB, paused 529us total 25.152ms
08-04 02:23:22.126 24721 24829 I art     : Starting a blocking GC Explicit
08-04 02:23:22.152 24721 24829 I art     : Explicit concurrent mark sweep GC freed 3(96B) AllocSpace objects, 0(0B) LOS objects, 22% free, 53MB/69MB, paused 526us total 25.370ms
08-04 02:23:22.161 24721 24829 I art     : Starting a blocking GC Explicit
08-04 02:23:22.187 24721 24829 I art     : Explicit concurrent mark sweep GC freed 3(96B) AllocSpace objects, 0(0B) LOS objects, 22% free, 53MB/69MB, paused 533us total 25.322ms
08-04 02:23:22.521 24721 24732 I art     : Starting a blocking GC Explicit
08-04 02:23:22.557 24721 24732 I art     : Explicit concurrent mark sweep GC freed 1344(78KB) AllocSpace objects, 1(20KB) LOS objects, 22% free, 53MB/69MB, paused 551us total 35.183ms
08-04 02:23:22.570 24721 24732 I art     : Starting a blocking GC Explicit
08-04 02:23:22.595 24721 24732 I art     : Explicit concurrent mark sweep GC freed 20(704B) AllocSpace objects, 0(0B) LOS objects, 22% free, 53MB/69MB, paused 611us total 24.766ms
08-04 02:23:22.604 24721 24732 I art     : Starting a blocking GC Explicit
08-04 02:23:22.630 24721 24732 I art     : Explicit concurrent mark sweep GC freed 3(96B) AllocSpace objects, 0(0B) LOS objects, 22% free, 53MB/69MB, paused 515us total 25.076ms
08-04 02:23:22.639 24721 24732 I art     : Starting a blocking GC Explicit
08-04 02:23:22.664 24721 24732 I art     : Explicit concurrent mark sweep GC freed 3(96B) AllocSpace objects, 0(0B) LOS objects, 22% free, 53MB/69MB, paused 535us total 25.254ms
08-04 02:23:22.674 24721 24732 I art     : Starting a blocking GC Explicit
08-04 02:23:22.699 24721 24732 I art     : Explicit concurrent mark sweep GC freed 3(96B) AllocSpace objects, 0(0B) LOS objects, 22% free, 53MB/69MB, paused 519us total 25.233ms
08-04 02:23:23.037 24721 24733 I art     : Starting a blocking GC Explicit
08-04 02:23:23.069 24721 24733 I art     : Explicit concurrent mark sweep GC freed 1344(78KB) AllocSpace objects, 1(20KB) LOS objects, 22% free, 53MB/69MB, paused 739us total 31.694ms
08-04 02:23:23.083 24721 24733 I art     : Starting a blocking GC Explicit
08-04 02:23:23.108 24721 24733 I art     : Explicit concurrent mark sweep GC freed 20(704B) AllocSpace objects, 0(0B) LOS objects, 22% free, 53MB/69MB, paused 563us total 24.708ms
08-04 02:23:23.117 24721 24733 I art     : Starting a blocking GC Explicit
08-04 02:23:23.142 24721 24733 I art     : Explicit concurrent mark sweep GC freed 3(96B) AllocSpace objects, 0(0B) LOS objects, 22% free, 53MB/69MB, paused 529us total 25.012ms
08-04 02:23:23.152 24721 24733 I art     : Starting a blocking GC Explicit
08-04 02:23:23.177 24721 24733 I art     : Explicit concurrent mark sweep GC freed 3(96B) AllocSpace objects, 0(0B) LOS objects, 22% free, 53MB/69MB, paused 603us total 25.242ms
08-04 02:23:23.187 24721 24733 I art     : Starting a blocking GC Explicit
08-04 02:23:23.212 24721 24733 I art     : Explicit concurrent mark sweep GC freed 3(96B) AllocSpace objects, 0(0B) LOS objects, 22% free, 53MB/69MB, paused 519us total 24.534ms
08-04 02:23:23.472 24721 26903 I art     : Starting a blocking GC Explicit
08-04 02:23:23.498 24721 26903 I art     : Explicit concurrent mark sweep GC freed 1344(78KB) AllocSpace objects, 1(20KB) LOS objects, 22% free, 53MB/69MB, paused 645us total 25.179ms
08-04 02:23:23.507 24721 26903 I art     : Starting a blocking GC Explicit
08-04 02:23:23.531 24721 26903 I art     : Explicit concurrent mark sweep GC freed 20(704B) AllocSpace objects, 0(0B) LOS objects, 22% free, 53MB/69MB, paused 564us total 24.276ms
08-04 02:23:23.540 24721 26903 I art     : Starting a blocking GC Explicit
08-04 02:23:23.565 24721 26903 I art     : Explicit concurrent mark sweep GC freed 3(96B) AllocSpace objects, 0(0B) LOS objects, 22% free, 53MB/69MB, paused 522us total 23.979ms
08-04 02:23:23.573 24721 26903 I art     : Starting a blocking GC Explicit
08-04 02:23:23.597 24721 26903 I art     : Explicit concurrent mark sweep GC freed 3(96B) AllocSpace objects, 0(0B) LOS objects, 22% free, 53MB/69MB, paused 589us total 23.460ms
08-04 02:23:23.606 24721 26903 I art     : Starting a blocking GC Explicit
08-04 02:23:23.630 24721 26903 I art     : Explicit concurrent mark sweep GC freed 3(96B) AllocSpace objects, 0(0B) LOS objects, 22% free, 53MB/69MB, paused 529us total 23.711ms
08-04 02:23:23.659 28140 28140 D AndroidRuntime: >>>>>> START com.android.internal.os.RuntimeInit uid 2000 <<<<<<
08-04 02:23:23.664 28140 28140 D AndroidRuntime: CheckJNI is OFF
08-04 02:23:23.697 28140 28140 D ICU     : No timezone override file found: /data/misc/zoneinfo/current/icu/icu_tzdata.dat
08-04 02:23:23.731 28140 28140 I Radio-JNI: register_android_hardware_Radio DONE
08-04 02:23:23.753 28140 28140 D AndroidRuntime: Calling main entry com.android.commands.input.Input
08-04 02:23:23.755 28140 28140 I Input   : injectKeyEvent: KeyEvent { action=ACTION_DOWN, keyCode=KEYCODE_BACK, scanCode=0, metaState=0, flags=0x0, repeatCount=0, eventTime=671020168, downTime=671020168, deviceId=-1, source=0x101 }
08-04 02:23:23.763 28140 28140 I Input   : injectKeyEvent: KeyEvent { action=ACTION_UP, keyCode=KEYCODE_BACK, scanCode=0, metaState=0, flags=0x0, repeatCount=0, eventTime=671020168, downTime=671020168, deviceId=-1, source=0x101 }
08-04 02:23:23.771 28140 28140 D AndroidRuntime: Shutting down VM
08-04 02:23:23.815 13866 13866 I GoogleInputMethodServic: GoogleInputMethodService.onFinishInput():3138 
08-04 02:23:23.817 13866 13866 I GoogleInputMethodServic: GoogleInputMethodService.onStartInput():1808 
08-04 02:23:23.885 24721 24733 I art     : Starting a blocking GC Explicit
08-04 02:23:23.909 24721 24733 I art     : Explicit concurrent mark sweep GC freed 1526(86KB) AllocSpace objects, 1(20KB) LOS objects, 22% free, 53MB/69MB, paused 474us total 23.214ms
08-04 02:23:23.918 24721 24733 I art     : Starting a blocking GC Explicit
08-04 02:23:23.941 24721 24733 I art     : Explicit concurrent mark sweep GC freed 26(944B) AllocSpace objects, 0(0B) LOS objects, 22% free, 53MB/69MB, paused 458us total 23.523ms
08-04 02:23:23.953 24721 24733 I art     : Starting a blocking GC Explicit
08-04 02:23:23.981 24721 24733 I art     : Explicit concurrent mark sweep GC freed 3(96B) AllocSpace objects, 0(0B) LOS objects, 22% free, 53MB/69MB, paused 721us total 27.830ms
08-04 02:23:23.992 24721 24733 I art     : Starting a blocking GC Explicit
08-04 02:23:24.020 24721 24733 I art     : Explicit concurrent mark sweep GC freed 3(96B) AllocSpace objects, 0(0B) LOS objects, 22% free, 53MB/69MB, paused 521us total 27.628ms
08-04 02:23:24.030 24721 24733 I art     : Starting a blocking GC Explicit
08-04 02:23:24.055 24721 24733 I art     : Explicit concurrent mark sweep GC freed 3(96B) AllocSpace objects, 0(0B) LOS objects, 22% free, 53MB/69MB, paused 509us total 25.582ms
08-04 02:23:24.140   380   380 W SurfaceFlinger: couldn't log to binary event log: overflow.
08-04 02:23:24.304 24721 24733 I art     : Starting a blocking GC Explicit
08-04 02:23:24.336 24721 24733 I art     : Explicit concurrent mark sweep GC freed 1453(86KB) AllocSpace objects, 1(20KB) LOS objects, 22% free, 53MB/69MB, paused 574us total 31.767ms
08-04 02:23:24.347 24721 24733 I art     : Starting a blocking GC Explicit
08-04 02:23:24.372 24721 24733 I art     : Explicit concurrent mark sweep GC freed 1671(107KB) AllocSpace objects, 3(180KB) LOS objects, 22% free, 53MB/69MB, paused 514us total 24.806ms
08-04 02:23:24.381 24721 24733 I art     : Starting a blocking GC Explicit
08-04 02:23:24.405 24721 24733 I art     : Explicit concurrent mark sweep GC freed 3(96B) AllocSpace objects, 0(0B) LOS objects, 22% free, 53MB/69MB, paused 513us total 23.767ms
08-04 02:23:24.414 24721 24733 I art     : Starting a blocking GC Explicit
08-04 02:23:24.438 24721 24733 I art     : Explicit concurrent mark sweep GC freed 3(96B) AllocSpace objects, 0(0B) LOS objects, 22% free, 53MB/69MB, paused 522us total 23.924ms
08-04 02:23:24.448 24721 24733 I art     : Starting a blocking GC Explicit
08-04 02:23:24.472 24721 24733 I art     : Explicit concurrent mark sweep GC freed 3(96B) AllocSpace objects, 0(0B) LOS objects, 22% free, 53MB/69MB, paused 524us total 24.198ms
08-04 02:23:24.752 24721 24829 I art     : Starting a blocking GC Explicit
08-04 02:23:24.784 24721 24829 I art     : Explicit concurrent mark sweep GC freed 1344(78KB) AllocSpace objects, 1(20KB) LOS objects, 22% free, 53MB/69MB, paused 532us total 31.592ms
08-04 02:23:24.796 24721 24829 I art     : Starting a blocking GC Explicit
08-04 02:23:24.820 24721 24829 I art     : Explicit concurrent mark sweep GC freed 20(704B) AllocSpace objects, 0(0B) LOS objects, 22% free, 53MB/69MB, paused 509us total 23.680ms
08-04 02:23:24.829 24721 24829 I art     : Starting a blocking GC Explicit
08-04 02:23:24.854 24721 24829 I art     : Explicit concurrent mark sweep GC freed 3(96B) AllocSpace objects, 0(0B) LOS objects, 22% free, 53MB/69MB, paused 509us total 24.336ms
08-04 02:23:24.863 24721 24829 I art     : Starting a blocking GC Explicit
08-04 02:23:24.888 24721 24829 I art     : Explicit concurrent mark sweep GC freed 3(96B) AllocSpace objects, 0(0B) LOS objects, 22% free, 53MB/69MB, paused 525us total 24.810ms
08-04 02:23:24.898 24721 24829 I art     : Starting a blocking GC Explicit
08-04 02:23:24.922 24721 24829 I art     : Explicit concurrent mark sweep GC freed 3(96B) AllocSpace objects, 0(0B) LOS objects, 22% free, 53MB/69MB, paused 508us total 24.394ms
08-04 02:23:25.181 24721 26903 I art     : Starting a blocking GC Explicit
08-04 02:23:25.211 24721 26903 I art     : Explicit concurrent mark sweep GC freed 1344(78KB) AllocSpace objects, 1(20KB) LOS objects, 22% free, 53MB/69MB, paused 599us total 29.239ms
08-04 02:23:25.222 24721 26903 I art     : Starting a blocking GC Explicit
08-04 02:23:25.245 24721 26903 I art     : Explicit concurrent mark sweep GC freed 20(704B) AllocSpace objects, 0(0B) LOS objects, 22% free, 53MB/69MB, paused 519us total 23.140ms
08-04 02:23:25.254 24721 26903 I art     : Starting a blocking GC Explicit
08-04 02:23:25.277 24721 26903 I art     : Explicit concurrent mark sweep GC freed 3(96B) AllocSpace objects, 0(0B) LOS objects, 22% free, 53MB/69MB, paused 536us total 23.120ms
08-04 02:23:25.286 24721 26903 I art     : Starting a blocking GC Explicit
08-04 02:23:25.309 24721 26903 I art     : Explicit concurrent mark sweep GC freed 3(96B) AllocSpace objects, 0(0B) LOS objects, 22% free, 53MB/69MB, paused 616us total 22.898ms
08-04 02:23:25.318 24721 26903 I art     : Starting a blocking GC Explicit
08-04 02:23:25.342 24721 26903 I art     : Explicit concurrent mark sweep GC freed 3(96B) AllocSpace objects, 0(0B) LOS objects, 22% free, 53MB/69MB, paused 518us total 23.707ms
08-04 02:23:25.455 28195 28195 D AndroidRuntime: >>>>>> START com.android.internal.os.RuntimeInit uid 2000 <<<<<<
08-04 02:23:25.463 28195 28195 D AndroidRuntime: CheckJNI is OFF
08-04 02:23:25.498 28195 28195 D ICU     : No timezone override file found: /data/misc/zoneinfo/current/icu/icu_tzdata.dat
08-04 02:23:25.531 28195 28195 I Radio-JNI: register_android_hardware_Radio DONE
08-04 02:23:25.553 28195 28195 D AndroidRuntime: Calling main entry com.android.commands.input.Input
08-04 02:23:25.555 28195 28195 I Input   : injectMotionEvent: MotionEvent { action=ACTION_DOWN, actionButton=0, id[0]=0, x[0]=255.0, y[0]=1845.0, toolType[0]=TOOL_TYPE_UNKNOWN, buttonState=0, metaState=0, flags=0x0, edgeFlags=0x0, pointerCount=1, historySize=0, eventTime=671021967, downTime=671021967, deviceId=0, source=0x1002 }
08-04 02:23:25.560 28195 28195 I Input   : injectMotionEvent: MotionEvent { action=ACTION_UP, actionButton=0, id[0]=0, x[0]=255.0, y[0]=1845.0, toolType[0]=TOOL_TYPE_UNKNOWN, buttonState=0, metaState=0, flags=0x0, edgeFlags=0x0, pointerCount=1, historySize=0, eventTime=671021967, downTime=671021967, deviceId=0, source=0x1002 }
08-04 02:23:25.561   918   929 I ActivityManager: START u0 {cmp=baseline.appteam.nith.hillffair/.activities.ClubActivity (has extras)} from uid 10651 on display 0
08-04 02:23:25.570 28195 28195 D AndroidRuntime: Shutting down VM
08-04 02:23:25.635 24721 24732 I art     : Starting a blocking GC Explicit
08-04 02:23:25.660 24721 24732 I art     : Explicit concurrent mark sweep GC freed 4852(300KB) AllocSpace objects, 1(20KB) LOS objects, 22% free, 53MB/69MB, paused 671us total 24.617ms
08-04 02:23:25.669   918   936 I ActivityManager: Displayed baseline.appteam.nith.hillffair/.activities.ClubActivity: +98ms
08-04 02:23:25.670 13866 13866 I GoogleInputMethodServic: GoogleInputMethodService.onFinishInput():3138 
08-04 02:23:25.670 24721 24732 I art     : Starting a blocking GC Explicit
08-04 02:23:25.670 13866 13866 I GoogleInputMethodServic: GoogleInputMethodService.onStartInput():1808 
08-04 02:23:25.694 24721 24732 I art     : Explicit concurrent mark sweep GC freed 288(13KB) AllocSpace objects, 0(0B) LOS objects, 22% free, 53MB/69MB, paused 695us total 24.151ms
08-04 02:23:25.704 24721 24732 I art     : Starting a blocking GC Explicit
08-04 02:23:25.726 24721 24732 I art     : Explicit concurrent mark sweep GC freed 77(5KB) AllocSpace objects, 0(0B) LOS objects, 22% free, 53MB/69MB, paused 599us total 21.523ms
08-04 02:23:25.734 24721 24732 I art     : Starting a blocking GC Explicit
08-04 02:23:25.756 24721 24732 I art     : Explicit concurrent mark sweep GC freed 3(96B) AllocSpace objects, 0(0B) LOS objects, 22% free, 53MB/69MB, paused 579us total 22.050ms
08-04 02:23:25.766 24721 24732 I art     : Starting a blocking GC Explicit
08-04 02:23:25.790 24721 24732 I art     : Explicit concurrent mark sweep GC freed 3(96B) AllocSpace objects, 0(0B) LOS objects, 22% free, 53MB/69MB, paused 638us total 23.406ms
08-04 02:23:25.927   380   380 W SurfaceFlinger: couldn't log to binary event log: overflow.
08-04 02:23:26.062 24721 24828 I art     : Starting a blocking GC Explicit
08-04 02:23:26.097 24721 24828 I art     : Explicit concurrent mark sweep GC freed 1921(132KB) AllocSpace objects, 1(20KB) LOS objects, 22% free, 53MB/69MB, paused 1.416ms total 34.665ms
08-04 02:23:26.105 24721 24828 I art     : Starting a blocking GC Explicit
08-04 02:23:26.126 24721 28228 D OkHttp  : --> GET https://api-hillfair-2k16.herokuapp.com/api/app/club/Technical%20Committee http/1.1
08-04 02:23:26.128 24721 24828 I art     : Explicit concurrent mark sweep GC freed 2164(86KB) AllocSpace objects, 2(120KB) LOS objects, 22% free, 54MB/70MB, paused 840us total 22.709ms
08-04 02:23:26.136 24721 24828 I art     : Starting a blocking GC Explicit
08-04 02:23:26.156 24721 28228 D OkHttp  : <-- 200 OK https://api-hillfair-2k16.herokuapp.com/api/app/club/Technical%20Committee (30ms, 1171-byte body)
08-04 02:23:26.159 24721 24828 I art     : Explicit concurrent mark sweep GC freed 1012(120KB) AllocSpace objects, 1(80KB) LOS objects, 22% free, 54MB/70MB, paused 591us total 22.473ms
08-04 02:23:26.167 24721 24828 I art     : Starting a blocking GC Explicit
08-04 02:23:26.190 24721 24828 I art     : Explicit concurrent mark sweep GC freed 150(33KB) AllocSpace objects, 0(0B) LOS objects, 22% free, 54MB/70MB, paused 551us total 21.949ms
08-04 02:23:26.198 24721 24828 I art     : Starting a blocking GC Explicit
08-04 02:23:26.211 24721 24721 I NAPPA_EXPERIMENTATION: MetricNetworkRequestExecutionTime: REQUEST_DURATION_SYSTEM='613',REQUEST_DURATION_OKHTTP='30',REQUEST_SYNCHRONOUS='FALSE',RESPONSE_CODE='200',RESPONSE_METHOD='GET',RESPONSE_LENGTH_OKHTTP='1171',RESPONSE_LENGTH_HEADER='1171',REQUEST_PROTOCOL='http/1.1',REQUEST_URL='https://api-hillfair-2k16.herokuapp.com/api/app/club/Technical%20Committee',
08-04 02:23:26.220 24721 24828 I art     : Explicit concurrent mark sweep GC freed 200(21KB) AllocSpace objects, 0(0B) LOS objects, 22% free, 54MB/70MB, paused 564us total 21.489ms
08-04 02:23:26.483 24721 24829 I art     : Starting a blocking GC Explicit
08-04 02:23:26.507 24721 24829 I art     : Explicit concurrent mark sweep GC freed 1831(151KB) AllocSpace objects, 1(20KB) LOS objects, 22% free, 54MB/70MB, paused 647us total 24.625ms
08-04 02:23:26.516 24721 24829 I art     : Starting a blocking GC Explicit
08-04 02:23:26.540 24721 24829 I art     : Explicit concurrent mark sweep GC freed 53(1760B) AllocSpace objects, 0(0B) LOS objects, 22% free, 54MB/70MB, paused 531us total 23.603ms
08-04 02:23:26.549 24721 24829 I art     : Starting a blocking GC Explicit
08-04 02:23:26.574 24721 24829 I art     : Explicit concurrent mark sweep GC freed 3(96B) AllocSpace objects, 0(0B) LOS objects, 22% free, 54MB/70MB, paused 537us total 24.681ms
08-04 02:23:26.583 24721 24829 I art     : Starting a blocking GC Explicit
08-04 02:23:26.608 24721 24829 I art     : Explicit concurrent mark sweep GC freed 19(656B) AllocSpace objects, 0(0B) LOS objects, 22% free, 54MB/70MB, paused 548us total 24.026ms
08-04 02:23:26.617 24721 24829 I art     : Starting a blocking GC Explicit
08-04 02:23:26.641 24721 24829 I art     : Explicit concurrent mark sweep GC freed 3(96B) AllocSpace objects, 0(0B) LOS objects, 22% free, 54MB/70MB, paused 530us total 23.944ms
08-04 02:23:26.936 24721 26903 I art     : Starting a blocking GC Explicit
08-04 02:23:26.974 24721 26903 I art     : Explicit concurrent mark sweep GC freed 1345(78KB) AllocSpace objects, 1(20KB) LOS objects, 22% free, 54MB/70MB, paused 598us total 37.461ms
08-04 02:23:26.987 24721 26903 I art     : Starting a blocking GC Explicit
08-04 02:23:27.014 24721 26903 I art     : Explicit concurrent mark sweep GC freed 20(704B) AllocSpace objects, 0(0B) LOS objects, 22% free, 54MB/70MB, paused 542us total 26.953ms
08-04 02:23:27.024 24721 26903 I art     : Starting a blocking GC Explicit
08-04 02:23:27.050 24721 26903 I art     : Explicit concurrent mark sweep GC freed 3(96B) AllocSpace objects, 0(0B) LOS objects, 22% free, 54MB/70MB, paused 534us total 25.477ms
08-04 02:23:27.059 24721 26903 I art     : Starting a blocking GC Explicit
08-04 02:23:27.085 24721 26903 I art     : Explicit concurrent mark sweep GC freed 3(96B) AllocSpace objects, 0(0B) LOS objects, 22% free, 54MB/70MB, paused 540us total 25.360ms
08-04 02:23:27.094 24721 26903 I art     : Starting a blocking GC Explicit
08-04 02:23:27.119 24721 26903 I art     : Explicit concurrent mark sweep GC freed 3(96B) AllocSpace objects, 0(0B) LOS objects, 22% free, 54MB/70MB, paused 543us total 24.478ms
08-04 02:23:27.444 24721 24732 I art     : Starting a blocking GC Explicit
08-04 02:23:27.480 24721 24732 I art     : Explicit concurrent mark sweep GC freed 1344(78KB) AllocSpace objects, 1(20KB) LOS objects, 22% free, 54MB/70MB, paused 582us total 36.219ms
08-04 02:23:27.490 24721 24732 I art     : Starting a blocking GC Explicit
08-04 02:23:27.515 24721 24732 I art     : Explicit concurrent mark sweep GC freed 20(704B) AllocSpace objects, 0(0B) LOS objects, 22% free, 54MB/70MB, paused 555us total 25.190ms
08-04 02:23:27.524 24721 24732 I art     : Starting a blocking GC Explicit
08-04 02:23:27.549 24721 24732 I art     : Explicit concurrent mark sweep GC freed 3(96B) AllocSpace objects, 0(0B) LOS objects, 22% free, 54MB/70MB, paused 526us total 24.745ms
08-04 02:23:27.559 24721 24732 I art     : Starting a blocking GC Explicit
08-04 02:23:27.584 24721 24732 I art     : Explicit concurrent mark sweep GC freed 3(96B) AllocSpace objects, 0(0B) LOS objects, 22% free, 54MB/70MB, paused 538us total 25.103ms
08-04 02:23:27.593 24721 24732 I art     : Starting a blocking GC Explicit
08-04 02:23:27.618 24721 24732 I art     : Explicit concurrent mark sweep GC freed 3(96B) AllocSpace objects, 0(0B) LOS objects, 22% free, 54MB/70MB, paused 548us total 24.249ms
08-04 02:23:27.941 24721 24828 I art     : Starting a blocking GC Explicit
08-04 02:23:27.967 24721 24828 I art     : Explicit concurrent mark sweep GC freed 1344(78KB) AllocSpace objects, 1(20KB) LOS objects, 22% free, 54MB/70MB, paused 517us total 25.272ms
08-04 02:23:27.976 24721 24828 I art     : Starting a blocking GC Explicit
08-04 02:23:28.001 24721 24828 I art     : Explicit concurrent mark sweep GC freed 20(704B) AllocSpace objects, 0(0B) LOS objects, 22% free, 54MB/70MB, paused 544us total 24.918ms
08-04 02:23:28.010 24721 24828 I art     : Starting a blocking GC Explicit
08-04 02:23:28.036 24721 24828 I art     : Explicit concurrent mark sweep GC freed 3(96B) AllocSpace objects, 0(0B) LOS objects, 22% free, 54MB/70MB, paused 547us total 24.992ms
08-04 02:23:28.045 24721 24828 I art     : Starting a blocking GC Explicit
08-04 02:23:28.070 24721 24828 I art     : Explicit concurrent mark sweep GC freed 3(96B) AllocSpace objects, 0(0B) LOS objects, 22% free, 54MB/70MB, paused 545us total 25.172ms
08-04 02:23:28.080 24721 24828 I art     : Starting a blocking GC Explicit
08-04 02:23:28.105 24721 24828 I art     : Explicit concurrent mark sweep GC freed 3(96B) AllocSpace objects, 0(0B) LOS objects, 22% free, 54MB/70MB, paused 553us total 24.820ms
08-04 02:23:28.434 24721 24733 I art     : Starting a blocking GC Explicit
08-04 02:23:28.463 24721 24733 I art     : Explicit concurrent mark sweep GC freed 1344(78KB) AllocSpace objects, 1(20KB) LOS objects, 22% free, 54MB/70MB, paused 586us total 29.045ms
08-04 02:23:28.476 24721 24733 I art     : Starting a blocking GC Explicit
08-04 02:23:28.502 24721 24733 I art     : Explicit concurrent mark sweep GC freed 20(704B) AllocSpace objects, 0(0B) LOS objects, 22% free, 54MB/70MB, paused 561us total 25.878ms
08-04 02:23:28.512 24721 24733 I art     : Starting a blocking GC Explicit
08-04 02:23:28.537 24721 24733 I art     : Explicit concurrent mark sweep GC freed 3(96B) AllocSpace objects, 0(0B) LOS objects, 22% free, 54MB/70MB, paused 565us total 25.634ms
08-04 02:23:28.547 24721 24733 I art     : Starting a blocking GC Explicit
08-04 02:23:28.573 24721 24733 I art     : Explicit concurrent mark sweep GC freed 3(96B) AllocSpace objects, 0(0B) LOS objects, 22% free, 54MB/70MB, paused 547us total 25.578ms
08-04 02:23:28.582 24721 24733 I art     : Starting a blocking GC Explicit
08-04 02:23:28.608 24721 24733 I art     : Explicit concurrent mark sweep GC freed 3(96B) AllocSpace objects, 0(0B) LOS objects, 22% free, 54MB/70MB, paused 571us total 25.531ms
08-04 02:23:28.924 24721 24829 I art     : Starting a blocking GC Explicit
08-04 02:23:28.953 24721 24829 I art     : Explicit concurrent mark sweep GC freed 1344(78KB) AllocSpace objects, 1(20KB) LOS objects, 22% free, 54MB/70MB, paused 531us total 28.988ms
08-04 02:23:28.963 24721 24829 I art     : Starting a blocking GC Explicit
08-04 02:23:28.989 24721 24829 I art     : Explicit concurrent mark sweep GC freed 20(704B) AllocSpace objects, 0(0B) LOS objects, 22% free, 54MB/70MB, paused 548us total 25.699ms
08-04 02:23:28.998 24721 24829 I art     : Starting a blocking GC Explicit
08-04 02:23:29.024 24721 24829 I art     : Explicit concurrent mark sweep GC freed 3(96B) AllocSpace objects, 0(0B) LOS objects, 22% free, 54MB/70MB, paused 539us total 25.318ms
08-04 02:23:29.033 24721 24829 I art     : Starting a blocking GC Explicit
08-04 02:23:29.059 24721 24829 I art     : Explicit concurrent mark sweep GC freed 3(96B) AllocSpace objects, 0(0B) LOS objects, 22% free, 54MB/70MB, paused 534us total 25.391ms
08-04 02:23:29.068 24721 24829 I art     : Starting a blocking GC Explicit
08-04 02:23:29.093 24721 24829 I art     : Explicit concurrent mark sweep GC freed 3(96B) AllocSpace objects, 0(0B) LOS objects, 22% free, 54MB/70MB, paused 547us total 24.655ms
08-04 02:23:29.192   918  3188 I hubconnection: sensorhub said: 'set_bias 3: -4.8192, 0.0000, 0.0000'
08-04 02:23:29.407 24721 26903 I art     : Starting a blocking GC Explicit
08-04 02:23:29.439 24721 26903 I art     : Explicit concurrent mark sweep GC freed 1344(78KB) AllocSpace objects, 1(20KB) LOS objects, 22% free, 54MB/70MB, paused 636us total 31.543ms
08-04 02:23:29.450 24721 26903 I art     : Starting a blocking GC Explicit
08-04 02:23:29.475 24721 26903 I art     : Explicit concurrent mark sweep GC freed 20(704B) AllocSpace objects, 0(0B) LOS objects, 22% free, 54MB/70MB, paused 537us total 24.762ms
08-04 02:23:29.484 24721 26903 I art     : Starting a blocking GC Explicit
08-04 02:23:29.510 24721 26903 I art     : Explicit concurrent mark sweep GC freed 3(96B) AllocSpace objects, 0(0B) LOS objects, 22% free, 54MB/70MB, paused 527us total 25.183ms
08-04 02:23:29.519 24721 26903 I art     : Starting a blocking GC Explicit
08-04 02:23:29.544 24721 26903 I art     : Explicit concurrent mark sweep GC freed 3(96B) AllocSpace objects, 0(0B) LOS objects, 22% free, 54MB/70MB, paused 541us total 24.919ms
08-04 02:23:29.554 24721 26903 I art     : Starting a blocking GC Explicit
08-04 02:23:29.579 24721 26903 I art     : Explicit concurrent mark sweep GC freed 3(96B) AllocSpace objects, 0(0B) LOS objects, 22% free, 54MB/70MB, paused 512us total 24.910ms
08-04 02:23:29.891 24721 24732 I art     : Starting a blocking GC Explicit
08-04 02:23:29.917 24721 24732 I art     : Explicit concurrent mark sweep GC freed 1344(78KB) AllocSpace objects, 1(20KB) LOS objects, 22% free, 54MB/70MB, paused 548us total 25.191ms
08-04 02:23:29.926 24721 24732 I art     : Starting a blocking GC Explicit
08-04 02:23:29.950 24721 24732 I art     : Explicit concurrent mark sweep GC freed 20(704B) AllocSpace objects, 0(0B) LOS objects, 22% free, 54MB/70MB, paused 534us total 23.318ms
08-04 02:23:29.958 24721 24732 I art     : Starting a blocking GC Explicit
08-04 02:23:29.982 24721 24732 I art     : Explicit concurrent mark sweep GC freed 3(96B) AllocSpace objects, 0(0B) LOS objects, 22% free, 54MB/70MB, paused 533us total 23.544ms
08-04 02:23:29.991 24721 24732 I art     : Starting a blocking GC Explicit
08-04 02:23:30.015 24721 24732 I art     : Explicit concurrent mark sweep GC freed 3(96B) AllocSpace objects, 0(0B) LOS objects, 22% free, 54MB/70MB, paused 534us total 23.474ms
08-04 02:23:30.024 24721 24732 I art     : Starting a blocking GC Explicit
08-04 02:23:30.048 24721 24732 I art     : Explicit concurrent mark sweep GC freed 3(96B) AllocSpace objects, 0(0B) LOS objects, 22% free, 54MB/70MB, paused 554us total 23.932ms
08-04 02:23:30.237 28326 28326 D AndroidRuntime: >>>>>> START com.android.internal.os.RuntimeInit uid 2000 <<<<<<
08-04 02:23:30.243 28326 28326 D AndroidRuntime: CheckJNI is OFF
08-04 02:23:30.276 28326 28326 D ICU     : No timezone override file found: /data/misc/zoneinfo/current/icu/icu_tzdata.dat
08-04 02:23:30.308 28326 28326 I Radio-JNI: register_android_hardware_Radio DONE
08-04 02:23:30.330 28326 28326 D AndroidRuntime: Calling main entry com.android.commands.input.Input
08-04 02:23:30.332 28326 28326 I Input   : injectKeyEvent: KeyEvent { action=ACTION_DOWN, keyCode=KEYCODE_BACK, scanCode=0, metaState=0, flags=0x0, repeatCount=0, eventTime=671026745, downTime=671026745, deviceId=-1, source=0x101 }
08-04 02:23:30.338 28326 28326 I Input   : injectKeyEvent: KeyEvent { action=ACTION_UP, keyCode=KEYCODE_BACK, scanCode=0, metaState=0, flags=0x0, repeatCount=0, eventTime=671026745, downTime=671026745, deviceId=-1, source=0x101 }
08-04 02:23:30.342 28326 28326 D AndroidRuntime: Shutting down VM
08-04 02:23:30.366 24721 24732 I art     : Starting a blocking GC Explicit
08-04 02:23:30.370 13866 13866 I GoogleInputMethodServic: GoogleInputMethodService.onFinishInput():3138 
08-04 02:23:30.371 13866 13866 I GoogleInputMethodServic: GoogleInputMethodService.onStartInput():1808 
08-04 02:23:30.390 24721 24732 I art     : Explicit concurrent mark sweep GC freed 1515(85KB) AllocSpace objects, 1(20KB) LOS objects, 22% free, 54MB/70MB, paused 544us total 24.001ms
08-04 02:23:30.399 24721 24732 I art     : Starting a blocking GC Explicit
08-04 02:23:30.422 24721 24732 I art     : Explicit concurrent mark sweep GC freed 34(1168B) AllocSpace objects, 0(0B) LOS objects, 22% free, 54MB/70MB, paused 505us total 22.340ms
08-04 02:23:30.431 24721 24732 I art     : Starting a blocking GC Explicit
08-04 02:23:30.452 24721 24732 I art     : Explicit concurrent mark sweep GC freed 6(224B) AllocSpace objects, 0(0B) LOS objects, 22% free, 54MB/70MB, paused 469us total 21.314ms
08-04 02:23:30.461 24721 24732 I art     : Starting a blocking GC Explicit
08-04 02:23:30.483 24721 24732 I art     : Explicit concurrent mark sweep GC freed 3(96B) AllocSpace objects, 0(0B) LOS objects, 22% free, 54MB/70MB, paused 501us total 22.131ms
08-04 02:23:30.492 24721 24732 I art     : Starting a blocking GC Explicit
08-04 02:23:30.515 24721 24732 I art     : Explicit concurrent mark sweep GC freed 3(96B) AllocSpace objects, 0(0B) LOS objects, 22% free, 54MB/70MB, paused 466us total 22.119ms
08-04 02:23:30.680   380   380 W SurfaceFlinger: couldn't log to binary event log: overflow.
08-04 02:23:30.778 24721 26903 I art     : Starting a blocking GC Explicit
08-04 02:23:30.800 24721 26903 I art     : Explicit concurrent mark sweep GC freed 1453(86KB) AllocSpace objects, 1(20KB) LOS objects, 22% free, 54MB/70MB, paused 520us total 22.653ms
08-04 02:23:30.809 24721 26903 I art     : Starting a blocking GC Explicit
08-04 02:23:30.831 24721 26903 I art     : Explicit concurrent mark sweep GC freed 1670(108KB) AllocSpace objects, 3(180KB) LOS objects, 22% free, 53MB/69MB, paused 508us total 21.806ms
08-04 02:23:30.839 24721 26903 I art     : Starting a blocking GC Explicit
08-04 02:23:30.860 24721 26903 I art     : Explicit concurrent mark sweep GC freed 3(96B) AllocSpace objects, 0(0B) LOS objects, 22% free, 53MB/69MB, paused 502us total 21.144ms
08-04 02:23:30.869 24721 26903 I art     : Starting a blocking GC Explicit
08-04 02:23:30.890 24721 26903 I art     : Explicit concurrent mark sweep GC freed 3(96B) AllocSpace objects, 0(0B) LOS objects, 22% free, 53MB/69MB, paused 516us total 20.837ms
08-04 02:23:30.898 24721 26903 I art     : Starting a blocking GC Explicit
08-04 02:23:30.920 24721 26903 I art     : Explicit concurrent mark sweep GC freed 3(96B) AllocSpace objects, 0(0B) LOS objects, 22% free, 53MB/69MB, paused 506us total 21.500ms
08-04 02:23:31.192 24721 24733 I art     : Starting a blocking GC Explicit
08-04 02:23:31.217 24721 24733 I art     : Explicit concurrent mark sweep GC freed 1344(78KB) AllocSpace objects, 1(20KB) LOS objects, 22% free, 53MB/69MB, paused 601us total 25.069ms
08-04 02:23:31.227 24721 24733 I art     : Starting a blocking GC Explicit
08-04 02:23:31.251 24721 24733 I art     : Explicit concurrent mark sweep GC freed 20(704B) AllocSpace objects, 0(0B) LOS objects, 22% free, 53MB/69MB, paused 536us total 23.866ms
08-04 02:23:31.260 24721 24733 I art     : Starting a blocking GC Explicit
08-04 02:23:31.284 24721 24733 I art     : Explicit concurrent mark sweep GC freed 3(96B) AllocSpace objects, 0(0B) LOS objects, 22% free, 53MB/69MB, paused 525us total 24.273ms
08-04 02:23:31.294 24721 24733 I art     : Starting a blocking GC Explicit
08-04 02:23:31.318 24721 24733 I art     : Explicit concurrent mark sweep GC freed 3(96B) AllocSpace objects, 0(0B) LOS objects, 22% free, 53MB/69MB, paused 581us total 24.577ms
08-04 02:23:31.328 24721 24733 I art     : Starting a blocking GC Explicit
08-04 02:23:31.353 24721 24733 I art     : Explicit concurrent mark sweep GC freed 3(96B) AllocSpace objects, 0(0B) LOS objects, 22% free, 53MB/69MB, paused 542us total 24.356ms
08-04 02:23:31.648 24721 24828 I art     : Starting a blocking GC Explicit
08-04 02:23:31.673 24721 24828 I art     : Explicit concurrent mark sweep GC freed 1344(78KB) AllocSpace objects, 1(20KB) LOS objects, 22% free, 53MB/69MB, paused 566us total 24.109ms
08-04 02:23:31.682 24721 24828 I art     : Starting a blocking GC Explicit
08-04 02:23:31.705 24721 24828 I art     : Explicit concurrent mark sweep GC freed 20(704B) AllocSpace objects, 0(0B) LOS objects, 22% free, 53MB/69MB, paused 556us total 22.366ms
08-04 02:23:31.714 24721 24828 I art     : Starting a blocking GC Explicit
08-04 02:23:31.737 24721 24828 I art     : Explicit concurrent mark sweep GC freed 3(96B) AllocSpace objects, 0(0B) LOS objects, 22% free, 53MB/69MB, paused 586us total 23.538ms
08-04 02:23:31.746 24721 24828 I art     : Starting a blocking GC Explicit
08-04 02:23:31.769 24721 24828 I art     : Explicit concurrent mark sweep GC freed 3(96B) AllocSpace objects, 0(0B) LOS objects, 22% free, 53MB/69MB, paused 571us total 22.934ms
08-04 02:23:31.778 24721 24828 I art     : Starting a blocking GC Explicit
08-04 02:23:31.802 24721 24828 I art     : Explicit concurrent mark sweep GC freed 3(96B) AllocSpace objects, 0(0B) LOS objects, 22% free, 53MB/69MB, paused 524us total 23.128ms
08-04 02:23:32.001 28382 28382 D AndroidRuntime: >>>>>> START com.android.internal.os.RuntimeInit uid 2000 <<<<<<
08-04 02:23:32.006 28382 28382 D AndroidRuntime: CheckJNI is OFF
08-04 02:23:32.040 28382 28382 D ICU     : No timezone override file found: /data/misc/zoneinfo/current/icu/icu_tzdata.dat
08-04 02:23:32.071 24721 24829 I art     : Starting a blocking GC Explicit
08-04 02:23:32.076 28382 28382 I Radio-JNI: register_android_hardware_Radio DONE
08-04 02:23:32.096 24721 24829 I art     : Explicit concurrent mark sweep GC freed 1357(78KB) AllocSpace objects, 1(20KB) LOS objects, 22% free, 53MB/69MB, paused 544us total 24.341ms
08-04 02:23:32.099 28382 28382 D AndroidRuntime: Calling main entry com.android.commands.input.Input
08-04 02:23:32.101 28382 28382 I Input   : injectMotionEvent: MotionEvent { action=ACTION_DOWN, actionButton=0, id[0]=0, x[0]=255.0, y[0]=1845.0, toolType[0]=TOOL_TYPE_UNKNOWN, buttonState=0, metaState=0, flags=0x0, edgeFlags=0x0, pointerCount=1, historySize=0, eventTime=671028513, downTime=671028513, deviceId=0, source=0x1002 }
08-04 02:23:32.105 24721 24829 I art     : Starting a blocking GC Explicit
08-04 02:23:32.107 28382 28382 I Input   : injectMotionEvent: MotionEvent { action=ACTION_UP, actionButton=0, id[0]=0, x[0]=255.0, y[0]=1845.0, toolType[0]=TOOL_TYPE_UNKNOWN, buttonState=0, metaState=0, flags=0x0, edgeFlags=0x0, pointerCount=1, historySize=0, eventTime=671028513, downTime=671028513, deviceId=0, source=0x1002 }
08-04 02:23:32.109   918  3359 I ActivityManager: START u0 {cmp=baseline.appteam.nith.hillffair/.activities.ClubActivity (has extras)} from uid 10651 on display 0
08-04 02:23:32.119 28382 28382 D AndroidRuntime: Shutting down VM
08-04 02:23:32.128 24721 24829 I art     : Explicit concurrent mark sweep GC freed 105(5KB) AllocSpace objects, 0(0B) LOS objects, 22% free, 53MB/69MB, paused 691us total 23.197ms
08-04 02:23:32.137 24721 24829 I art     : Starting a blocking GC Explicit
08-04 02:23:32.162 24721 24829 I art     : Explicit concurrent mark sweep GC freed 3607(281KB) AllocSpace objects, 0(0B) LOS objects, 22% free, 53MB/69MB, paused 664us total 25.378ms
08-04 02:23:32.171 24721 24829 I art     : Starting a blocking GC Explicit
08-04 02:23:32.193 24721 24829 I art     : Explicit concurrent mark sweep GC freed 253(10KB) AllocSpace objects, 0(0B) LOS objects, 22% free, 53MB/69MB, paused 705us total 21.011ms
08-04 02:23:32.202 24721 24829 I art     : Starting a blocking GC Explicit
08-04 02:23:32.203 24721 24721 I NAPPA_EXPERIMENTATION: MetricNetworkRequestExecutionTime: REQUEST_DURATION_SYSTEM='57',REQUEST_DURATION_OKHTTP='30',REQUEST_SYNCHRONOUS='FALSE',RESPONSE_CODE='200',RESPONSE_METHOD='GET',RESPONSE_LENGTH_OKHTTP='1171',RESPONSE_LENGTH_HEADER='-2',REQUEST_PROTOCOL='http/1.1',REQUEST_URL='https://api-hillfair-2k16.herokuapp.com/api/app/club/Technical%20Committee',
08-04 02:23:32.208   918   936 I ActivityManager: Displayed baseline.appteam.nith.hillffair/.activities.ClubActivity: +88ms
08-04 02:23:32.208 13866 13866 I GoogleInputMethodServic: GoogleInputMethodService.onFinishInput():3138 
08-04 02:23:32.209 13866 13866 I GoogleInputMethodServic: GoogleInputMethodService.onStartInput():1808 
08-04 02:23:32.224 24721 24829 I art     : Explicit concurrent mark sweep GC freed 265(17KB) AllocSpace objects, 0(0B) LOS objects, 22% free, 54MB/70MB, paused 524us total 22.022ms
08-04 02:23:32.482   380   380 W SurfaceFlinger: couldn't log to binary event log: overflow.
08-04 02:23:32.506 24721 24732 I art     : Starting a blocking GC Explicit
08-04 02:23:32.528 24721 24732 I art     : Explicit concurrent mark sweep GC freed 1792(112KB) AllocSpace objects, 1(20KB) LOS objects, 22% free, 54MB/70MB, paused 481us total 22.521ms
08-04 02:23:32.537 24721 24732 I art     : Starting a blocking GC Explicit
08-04 02:23:32.559 24721 24732 I art     : Explicit concurrent mark sweep GC freed 59(2064B) AllocSpace objects, 0(0B) LOS objects, 22% free, 54MB/70MB, paused 512us total 22.041ms
08-04 02:23:32.569 24721 24732 I art     : Starting a blocking GC Explicit
08-04 02:23:32.595 24721 24732 I art     : Explicit concurrent mark sweep GC freed 94(5KB) AllocSpace objects, 0(0B) LOS objects, 22% free, 54MB/70MB, paused 526us total 26.584ms
08-04 02:23:32.604 24721 24732 I art     : Starting a blocking GC Explicit
08-04 02:23:32.626 24721 24732 I art     : Explicit concurrent mark sweep GC freed 12(464B) AllocSpace objects, 0(0B) LOS objects, 22% free, 54MB/70MB, paused 478us total 21.479ms
08-04 02:23:32.635 24721 24732 I art     : Starting a blocking GC Explicit
08-04 02:23:32.657 24721 24732 I art     : Explicit concurrent mark sweep GC freed 19(656B) AllocSpace objects, 0(0B) LOS objects, 22% free, 54MB/70MB, paused 580us total 22.174ms
08-04 02:23:32.942 24721 26903 I art     : Starting a blocking GC Explicit
08-04 02:23:32.975 24721 26903 I art     : Explicit concurrent mark sweep GC freed 1344(78KB) AllocSpace objects, 1(20KB) LOS objects, 22% free, 54MB/70MB, paused 672us total 32.267ms
08-04 02:23:32.986 24721 26903 I art     : Starting a blocking GC Explicit
08-04 02:23:33.012 24721 26903 I art     : Explicit concurrent mark sweep GC freed 20(704B) AllocSpace objects, 0(0B) LOS objects, 22% free, 54MB/70MB, paused 529us total 25.567ms
08-04 02:23:33.022 24721 26903 I art     : Starting a blocking GC Explicit
08-04 02:23:33.047 24721 26903 I art     : Explicit concurrent mark sweep GC freed 3(96B) AllocSpace objects, 0(0B) LOS objects, 22% free, 54MB/70MB, paused 596us total 24.931ms
08-04 02:23:33.056 24721 26903 I art     : Starting a blocking GC Explicit
08-04 02:23:33.081 24721 26903 I art     : Explicit concurrent mark sweep GC freed 3(96B) AllocSpace objects, 0(0B) LOS objects, 22% free, 54MB/70MB, paused 535us total 24.877ms
08-04 02:23:33.091 24721 26903 I art     : Starting a blocking GC Explicit
08-04 02:23:33.116 24721 26903 I art     : Explicit concurrent mark sweep GC freed 3(96B) AllocSpace objects, 0(0B) LOS objects, 22% free, 54MB/70MB, paused 540us total 25.089ms
08-04 02:23:33.405 24721 24733 I art     : Starting a blocking GC Explicit
08-04 02:23:33.442 24721 24733 I art     : Explicit concurrent mark sweep GC freed 1344(78KB) AllocSpace objects, 1(20KB) LOS objects, 22% free, 54MB/70MB, paused 585us total 37.041ms
08-04 02:23:33.456 24721 24733 I art     : Starting a blocking GC Explicit
08-04 02:23:33.481 24721 24733 I art     : Explicit concurrent mark sweep GC freed 20(704B) AllocSpace objects, 0(0B) LOS objects, 22% free, 54MB/70MB, paused 627us total 24.736ms
08-04 02:23:33.490 24721 24733 I art     : Starting a blocking GC Explicit
08-04 02:23:33.515 24721 24733 I art     : Explicit concurrent mark sweep GC freed 3(96B) AllocSpace objects, 0(0B) LOS objects, 22% free, 54MB/70MB, paused 535us total 24.806ms
08-04 02:23:33.525 24721 24733 I art     : Starting a blocking GC Explicit
08-04 02:23:33.550 24721 24733 I art     : Explicit concurrent mark sweep GC freed 3(96B) AllocSpace objects, 0(0B) LOS objects, 22% free, 54MB/70MB, paused 615us total 25.114ms
08-04 02:23:33.560 24721 24733 I art     : Starting a blocking GC Explicit
08-04 02:23:33.585 24721 24733 I art     : Explicit concurrent mark sweep GC freed 3(96B) AllocSpace objects, 0(0B) LOS objects, 22% free, 54MB/70MB, paused 532us total 25.348ms
08-04 02:23:33.874 24721 24829 I art     : Starting a blocking GC Explicit
08-04 02:23:33.906 24721 24829 I art     : Explicit concurrent mark sweep GC freed 1344(78KB) AllocSpace objects, 1(20KB) LOS objects, 22% free, 54MB/70MB, paused 596us total 31.097ms
08-04 02:23:33.919 24721 24829 I art     : Starting a blocking GC Explicit
08-04 02:23:33.947 24721 24829 I art     : Explicit concurrent mark sweep GC freed 20(704B) AllocSpace objects, 0(0B) LOS objects, 22% free, 54MB/70MB, paused 541us total 27.599ms
08-04 02:23:33.956 24721 24829 I art     : Starting a blocking GC Explicit
08-04 02:23:33.982 24721 24829 I art     : Explicit concurrent mark sweep GC freed 3(96B) AllocSpace objects, 0(0B) LOS objects, 22% free, 54MB/70MB, paused 524us total 25.770ms
08-04 02:23:33.991 24721 24829 I art     : Starting a blocking GC Explicit
08-04 02:23:34.017 24721 24829 I art     : Explicit concurrent mark sweep GC freed 3(96B) AllocSpace objects, 0(0B) LOS objects, 22% free, 54MB/70MB, paused 598us total 25.501ms
08-04 02:23:34.027 24721 24829 I art     : Starting a blocking GC Explicit
08-04 02:23:34.052 24721 24829 I art     : Explicit concurrent mark sweep GC freed 3(96B) AllocSpace objects, 0(0B) LOS objects, 22% free, 54MB/70MB, paused 610us total 25.167ms
08-04 02:23:34.173   918  3261 D WifiStateMachine: starting scan for "H369AA63323"WPA_PSK with 2412,5180
08-04 02:23:34.366 24721 24828 I art     : Starting a blocking GC Explicit
08-04 02:23:34.403 24721 24828 I art     : Explicit concurrent mark sweep GC freed 1344(78KB) AllocSpace objects, 1(20KB) LOS objects, 22% free, 54MB/70MB, paused 596us total 36.622ms
08-04 02:23:34.416 24721 24828 I art     : Starting a blocking GC Explicit
08-04 02:23:34.441 24721 24828 I art     : Explicit concurrent mark sweep GC freed 20(704B) AllocSpace objects, 0(0B) LOS objects, 22% free, 54MB/70MB, paused 526us total 24.673ms
08-04 02:23:34.450 24721 24828 I art     : Starting a blocking GC Explicit
08-04 02:23:34.476 24721 24828 I art     : Explicit concurrent mark sweep GC freed 3(96B) AllocSpace objects, 0(0B) LOS objects, 22% free, 54MB/70MB, paused 539us total 24.965ms
08-04 02:23:34.485 24721 24828 I art     : Starting a blocking GC Explicit
08-04 02:23:34.511 24721 24828 I art     : Explicit concurrent mark sweep GC freed 3(96B) AllocSpace objects, 0(0B) LOS objects, 22% free, 54MB/70MB, paused 538us total 25.527ms
08-04 02:23:34.520 24721 24828 I art     : Starting a blocking GC Explicit
08-04 02:23:34.545 24721 24828 I art     : Explicit concurrent mark sweep GC freed 3(96B) AllocSpace objects, 0(0B) LOS objects, 22% free, 54MB/70MB, paused 551us total 24.781ms
08-04 02:23:34.884 24721 24732 I art     : Starting a blocking GC Explicit
08-04 02:23:34.919 24721 24732 I art     : Explicit concurrent mark sweep GC freed 1344(78KB) AllocSpace objects, 1(20KB) LOS objects, 22% free, 54MB/70MB, paused 605us total 34.818ms
08-04 02:23:34.931 24721 24732 I art     : Starting a blocking GC Explicit
08-04 02:23:34.957 24721 24732 I art     : Explicit concurrent mark sweep GC freed 20(704B) AllocSpace objects, 0(0B) LOS objects, 22% free, 54MB/70MB, paused 601us total 25.052ms
08-04 02:23:34.966 24721 24732 I art     : Starting a blocking GC Explicit
08-04 02:23:34.991 24721 24732 I art     : Explicit concurrent mark sweep GC freed 3(96B) AllocSpace objects, 0(0B) LOS objects, 22% free, 54MB/70MB, paused 534us total 24.985ms
08-04 02:23:35.000 24721 24732 I art     : Starting a blocking GC Explicit
08-04 02:23:35.026 24721 24732 I art     : Explicit concurrent mark sweep GC freed 3(96B) AllocSpace objects, 0(0B) LOS objects, 22% free, 54MB/70MB, paused 553us total 25.235ms
08-04 02:23:35.035 24721 24732 I art     : Starting a blocking GC Explicit
08-04 02:23:35.061 24721 24732 I art     : Explicit concurrent mark sweep GC freed 3(96B) AllocSpace objects, 0(0B) LOS objects, 22% free, 54MB/70MB, paused 548us total 24.986ms
08-04 02:23:35.376 24721 26903 I art     : Starting a blocking GC Explicit
08-04 02:23:35.408 24721 26903 I art     : Explicit concurrent mark sweep GC freed 1344(78KB) AllocSpace objects, 1(20KB) LOS objects, 22% free, 54MB/70MB, paused 776us total 31.762ms
08-04 02:23:35.421 24721 26903 I art     : Starting a blocking GC Explicit
08-04 02:23:35.446 24721 26903 I art     : Explicit concurrent mark sweep GC freed 20(704B) AllocSpace objects, 0(0B) LOS objects, 22% free, 54MB/70MB, paused 540us total 24.722ms
08-04 02:23:35.455 24721 26903 I art     : Starting a blocking GC Explicit
08-04 02:23:35.481 24721 26903 I art     : Explicit concurrent mark sweep GC freed 3(96B) AllocSpace objects, 0(0B) LOS objects, 22% free, 54MB/70MB, paused 531us total 25.315ms
08-04 02:23:35.490 24721 26903 I art     : Starting a blocking GC Explicit
08-04 02:23:35.515 24721 26903 I art     : Explicit concurrent mark sweep GC freed 3(96B) AllocSpace objects, 0(0B) LOS objects, 22% free, 54MB/70MB, paused 534us total 24.796ms
08-04 02:23:35.525 24721 26903 I art     : Starting a blocking GC Explicit
08-04 02:23:35.550 24721 26903 I art     : Explicit concurrent mark sweep GC freed 3(96B) AllocSpace objects, 0(0B) LOS objects, 22% free, 54MB/70MB, paused 543us total 24.916ms
08-04 02:23:35.872 24721 24733 I art     : Starting a blocking GC Explicit
08-04 02:23:35.904 24721 24733 I art     : Explicit concurrent mark sweep GC freed 1344(78KB) AllocSpace objects, 1(20KB) LOS objects, 22% free, 54MB/70MB, paused 585us total 31.720ms
08-04 02:23:35.916 24721 24733 I art     : Starting a blocking GC Explicit
08-04 02:23:35.941 24721 24733 I art     : Explicit concurrent mark sweep GC freed 20(704B) AllocSpace objects, 0(0B) LOS objects, 22% free, 54MB/70MB, paused 541us total 25.155ms
08-04 02:23:35.951 24721 24733 I art     : Starting a blocking GC Explicit
08-04 02:23:35.976 24721 24733 I art     : Explicit concurrent mark sweep GC freed 3(96B) AllocSpace objects, 0(0B) LOS objects, 22% free, 54MB/70MB, paused 546us total 25.131ms
08-04 02:23:35.985 24721 24733 I art     : Starting a blocking GC Explicit
08-04 02:23:36.011 24721 24733 I art     : Explicit concurrent mark sweep GC freed 3(96B) AllocSpace objects, 0(0B) LOS objects, 22% free, 54MB/70MB, paused 522us total 25.475ms
08-04 02:23:36.021 24721 24733 I art     : Starting a blocking GC Explicit
08-04 02:23:36.046 24721 24733 I art     : Explicit concurrent mark sweep GC freed 3(96B) AllocSpace objects, 0(0B) LOS objects, 22% free, 54MB/70MB, paused 555us total 25.207ms
08-04 02:23:36.271 18002 18008 E QC-QMI  : qmi_client [18002] 4a9: failed to locate client data
08-04 02:23:36.272   519   519 E QC-QMI  : qmuxd: RX on fd=18 returned error=0 errno[2:No such file or directory]
08-04 02:23:36.273   519   519 E QC-QMI  : QMUX qmux_client_id=4a9 not found in qmux client list, unable to remove
08-04 02:23:36.275 18002 18002 I Atfwd_Daemon: Stop the daemon....
08-04 02:23:36.289 28500 28500 W ATFWD-daemon: type=1400 audit(0.0:738602): avc: denied { read write } for name="diag" dev="tmpfs" ino=1296 scontext=u:r:atfwd:s0 tcontext=u:object_r:diag_device:s0 tclass=chr_file permissive=0
08-04 02:23:36.300 28500 28500 I libmdmdetect: ESOC framework not supported
08-04 02:23:36.300 28500 28500 I libmdmdetect: Found internal modem: modem
08-04 02:23:36.301 28500 28500 E Diag_Lib:  Diag_LSM_Init: Failed to open handle to diag driver, error = 13
08-04 02:23:36.305 28500 28500 I Atfwd_Daemon: result : 255 	 ,Init step :0 	 ,qmiErrorCode: 0
08-04 02:23:36.305 28500 28500 I Atfwd_Daemon: result : 0 	 ,Init step :1 	 ,qmiErrorCode: 0
08-04 02:23:36.306 28500 28500 I ServiceManager: Waiting for service AtCmdFwd...
08-04 02:23:36.368 24721 24829 I art     : Starting a blocking GC Explicit
08-04 02:23:36.393 24721 24829 I art     : Explicit concurrent mark sweep GC freed 1344(78KB) AllocSpace objects, 1(20KB) LOS objects, 22% free, 54MB/70MB, paused 524us total 24.715ms
08-04 02:23:36.403 24721 24829 I art     : Starting a blocking GC Explicit
08-04 02:23:36.428 24721 24829 I art     : Explicit concurrent mark sweep GC freed 20(704B) AllocSpace objects, 0(0B) LOS objects, 22% free, 54MB/70MB, paused 570us total 24.396ms
08-04 02:23:36.436 24721 24829 I art     : Starting a blocking GC Explicit
08-04 02:23:36.459 24721 24829 I art     : Explicit concurrent mark sweep GC freed 3(96B) AllocSpace objects, 0(0B) LOS objects, 22% free, 54MB/70MB, paused 525us total 22.761ms
08-04 02:23:36.469 24721 24829 I art     : Starting a blocking GC Explicit
08-04 02:23:36.493 24721 24829 I art     : Explicit concurrent mark sweep GC freed 3(96B) AllocSpace objects, 0(0B) LOS objects, 22% free, 54MB/70MB, paused 559us total 23.945ms
08-04 02:23:36.502 24721 24829 I art     : Starting a blocking GC Explicit
08-04 02:23:36.525 24721 24829 I art     : Explicit concurrent mark sweep GC freed 3(96B) AllocSpace objects, 0(0B) LOS objects, 22% free, 54MB/70MB, paused 515us total 23.484ms
08-04 02:23:36.788 28506 28506 D AndroidRuntime: >>>>>> START com.android.internal.os.RuntimeInit uid 2000 <<<<<<
08-04 02:23:36.793 28506 28506 D AndroidRuntime: CheckJNI is OFF
08-04 02:23:36.828 28506 28506 D ICU     : No timezone override file found: /data/misc/zoneinfo/current/icu/icu_tzdata.dat
08-04 02:23:36.838 24721 24828 I art     : Starting a blocking GC Explicit
08-04 02:23:36.861 28506 28506 I Radio-JNI: register_android_hardware_Radio DONE
08-04 02:23:36.863 24721 24828 I art     : Explicit concurrent mark sweep GC freed 1344(78KB) AllocSpace objects, 1(20KB) LOS objects, 22% free, 54MB/70MB, paused 586us total 25.403ms
08-04 02:23:36.873 24721 24828 I art     : Starting a blocking GC Explicit
08-04 02:23:36.885 28506 28506 D AndroidRuntime: Calling main entry com.android.commands.input.Input
08-04 02:23:36.887 28506 28506 I Input   : injectKeyEvent: KeyEvent { action=ACTION_DOWN, keyCode=KEYCODE_BACK, scanCode=0, metaState=0, flags=0x0, repeatCount=0, eventTime=671033300, downTime=671033300, deviceId=-1, source=0x101 }
08-04 02:23:36.893 28506 28506 I Input   : injectKeyEvent: KeyEvent { action=ACTION_UP, keyCode=KEYCODE_BACK, scanCode=0, metaState=0, flags=0x0, repeatCount=0, eventTime=671033300, downTime=671033300, deviceId=-1, source=0x101 }
08-04 02:23:36.896 24721 24828 I art     : Explicit concurrent mark sweep GC freed 22(816B) AllocSpace objects, 0(0B) LOS objects, 22% free, 54MB/70MB, paused 612us total 22.197ms
08-04 02:23:36.898 28506 28506 D AndroidRuntime: Shutting down VM
08-04 02:23:36.904 24721 24828 I art     : Starting a blocking GC Explicit
08-04 02:23:36.926 24721 24828 I art     : Explicit concurrent mark sweep GC freed 146(6KB) AllocSpace objects, 0(0B) LOS objects, 22% free, 54MB/70MB, paused 490us total 21.256ms
08-04 02:23:36.934 24721 24828 I art     : Starting a blocking GC Explicit
08-04 02:23:36.937 13866 13866 I GoogleInputMethodServic: GoogleInputMethodService.onFinishInput():3138 
08-04 02:23:36.937 13866 13866 I GoogleInputMethodServic: GoogleInputMethodService.onStartInput():1808 
08-04 02:23:36.957 24721 24828 I art     : Explicit concurrent mark sweep GC freed 38(1376B) AllocSpace objects, 0(0B) LOS objects, 22% free, 54MB/70MB, paused 602us total 22.535ms
08-04 02:23:36.967 24721 24828 I art     : Starting a blocking GC Explicit
08-04 02:23:36.988 24721 24828 I art     : Explicit concurrent mark sweep GC freed 11(416B) AllocSpace objects, 0(0B) LOS objects, 22% free, 54MB/70MB, paused 518us total 20.998ms
08-04 02:23:37.238   380   380 W SurfaceFlinger: couldn't log to binary event log: overflow.
08-04 02:23:37.258 24721 24829 I art     : Starting a blocking GC Explicit
08-04 02:23:37.280 24721 24829 I art     : Explicit concurrent mark sweep GC freed 1453(86KB) AllocSpace objects, 1(20KB) LOS objects, 22% free, 54MB/70MB, paused 525us total 22.642ms
08-04 02:23:37.289 24721 24829 I art     : Starting a blocking GC Explicit
08-04 02:23:37.307 28500 28500 I ServiceManager: Waiting for service AtCmdFwd...
08-04 02:23:37.313 24721 24829 I art     : Explicit concurrent mark sweep GC freed 1671(108KB) AllocSpace objects, 3(180KB) LOS objects, 22% free, 53MB/69MB, paused 537us total 23.986ms
08-04 02:23:37.322 24721 24829 I art     : Starting a blocking GC Explicit
08-04 02:23:37.346 24721 24829 I art     : Explicit concurrent mark sweep GC freed 3(96B) AllocSpace objects, 0(0B) LOS objects, 22% free, 53MB/69MB, paused 526us total 23.591ms
08-04 02:23:37.355 24721 24829 I art     : Starting a blocking GC Explicit
08-04 02:23:37.381 24721 24829 I art     : Explicit concurrent mark sweep GC freed 3(96B) AllocSpace objects, 0(0B) LOS objects, 22% free, 53MB/69MB, paused 546us total 25.293ms
08-04 02:23:37.390 24721 24829 I art     : Starting a blocking GC Explicit
08-04 02:23:37.414 24721 24829 I art     : Explicit concurrent mark sweep GC freed 3(96B) AllocSpace objects, 0(0B) LOS objects, 22% free, 53MB/69MB, paused 532us total 23.770ms
08-04 02:23:37.711 24721 26903 I art     : Starting a blocking GC Explicit
08-04 02:23:37.742 24721 26903 I art     : Explicit concurrent mark sweep GC freed 1344(78KB) AllocSpace objects, 1(20KB) LOS objects, 22% free, 53MB/69MB, paused 588us total 30.230ms
08-04 02:23:37.755 24721 26903 I art     : Starting a blocking GC Explicit
08-04 02:23:37.782 24721 26903 I art     : Explicit concurrent mark sweep GC freed 20(704B) AllocSpace objects, 0(0B) LOS objects, 22% free, 53MB/69MB, paused 541us total 27.266ms
08-04 02:23:37.792 24721 26903 I art     : Starting a blocking GC Explicit
08-04 02:23:37.818 24721 26903 I art     : Explicit concurrent mark sweep GC freed 3(96B) AllocSpace objects, 0(0B) LOS objects, 22% free, 53MB/69MB, paused 573us total 25.563ms
08-04 02:23:37.827 24721 26903 I art     : Starting a blocking GC Explicit
08-04 02:23:37.852 24721 26903 I art     : Explicit concurrent mark sweep GC freed 3(96B) AllocSpace objects, 0(0B) LOS objects, 22% free, 53MB/69MB, paused 554us total 24.735ms
08-04 02:23:37.862 24721 26903 I art     : Starting a blocking GC Explicit
08-04 02:23:37.886 24721 26903 I art     : Explicit concurrent mark sweep GC freed 3(96B) AllocSpace objects, 0(0B) LOS objects, 22% free, 53MB/69MB, paused 533us total 24.253ms
08-04 02:23:38.188 24721 24732 I art     : Starting a blocking GC Explicit
08-04 02:23:38.213 24721 24732 I art     : Explicit concurrent mark sweep GC freed 1344(78KB) AllocSpace objects, 1(20KB) LOS objects, 22% free, 53MB/69MB, paused 529us total 24.736ms
08-04 02:23:38.222 24721 24732 I art     : Starting a blocking GC Explicit
08-04 02:23:38.246 24721 24732 I art     : Explicit concurrent mark sweep GC freed 20(704B) AllocSpace objects, 0(0B) LOS objects, 22% free, 53MB/69MB, paused 557us total 23.864ms
08-04 02:23:38.255 24721 24732 I art     : Starting a blocking GC Explicit
08-04 02:23:38.278 24721 24732 I art     : Explicit concurrent mark sweep GC freed 3(96B) AllocSpace objects, 0(0B) LOS objects, 22% free, 53MB/69MB, paused 539us total 23.274ms
08-04 02:23:38.287 24721 24732 I art     : Starting a blocking GC Explicit
08-04 02:23:38.307 28500 28500 I ServiceManager: Waiting for service AtCmdFwd...
08-04 02:23:38.311 24721 24732 I art     : Explicit concurrent mark sweep GC freed 3(96B) AllocSpace objects, 0(0B) LOS objects, 22% free, 53MB/69MB, paused 529us total 23.240ms
08-04 02:23:38.320 24721 24732 I art     : Starting a blocking GC Explicit
08-04 02:23:38.343 24721 24732 I art     : Explicit concurrent mark sweep GC freed 3(96B) AllocSpace objects, 0(0B) LOS objects, 22% free, 53MB/69MB, paused 534us total 23.345ms
08-04 02:23:38.558 28562 28562 D AndroidRuntime: >>>>>> START com.android.internal.os.RuntimeInit uid 2000 <<<<<<
08-04 02:23:38.563 28562 28562 D AndroidRuntime: CheckJNI is OFF
08-04 02:23:38.598 28562 28562 D ICU     : No timezone override file found: /data/misc/zoneinfo/current/icu/icu_tzdata.dat
08-04 02:23:38.621 24721 24733 I art     : Starting a blocking GC Explicit
08-04 02:23:38.631 28562 28562 I Radio-JNI: register_android_hardware_Radio DONE
08-04 02:23:38.645 24721 24733 I art     : Explicit concurrent mark sweep GC freed 1344(78KB) AllocSpace objects, 1(20KB) LOS objects, 22% free, 53MB/69MB, paused 572us total 23.879ms
08-04 02:23:38.653 28562 28562 D AndroidRuntime: Calling main entry com.android.commands.input.Input
08-04 02:23:38.654 24721 24733 I art     : Starting a blocking GC Explicit
08-04 02:23:38.655 28562 28562 I Input   : injectMotionEvent: MotionEvent { action=ACTION_DOWN, actionButton=0, id[0]=0, x[0]=369.0, y[0]=554.0, toolType[0]=TOOL_TYPE_UNKNOWN, buttonState=0, metaState=0, flags=0x0, edgeFlags=0x0, pointerCount=1, historySize=0, eventTime=671035068, downTime=671035068, deviceId=0, source=0x1002 }
08-04 02:23:38.661 28562 28562 I Input   : injectMotionEvent: MotionEvent { action=ACTION_UP, actionButton=0, id[0]=0, x[0]=369.0, y[0]=554.0, toolType[0]=TOOL_TYPE_UNKNOWN, buttonState=0, metaState=0, flags=0x0, edgeFlags=0x0, pointerCount=1, historySize=0, eventTime=671035068, downTime=671035068, deviceId=0, source=0x1002 }
08-04 02:23:38.662   918   929 I ActivityManager: START u0 {cmp=baseline.appteam.nith.hillffair/.activities.ClubActivity (has extras)} from uid 10651 on display 0
08-04 02:23:38.668 28562 28562 D AndroidRuntime: Shutting down VM
08-04 02:23:38.679 24721 24733 I art     : Explicit concurrent mark sweep GC freed 125(7KB) AllocSpace objects, 0(0B) LOS objects, 22% free, 53MB/69MB, paused 830us total 24.983ms
08-04 02:23:38.690 24721 24733 I art     : Starting a blocking GC Explicit
08-04 02:23:38.714 24721 24733 I art     : Explicit concurrent mark sweep GC freed 3561(262KB) AllocSpace objects, 0(0B) LOS objects, 22% free, 53MB/69MB, paused 763us total 23.317ms
08-04 02:23:38.724 24721 24733 I art     : Starting a blocking GC Explicit
08-04 02:23:38.746 24721 24721 I NAPPA_EXPERIMENTATION: MetricNetworkRequestExecutionTime: REQUEST_DURATION_SYSTEM='44',REQUEST_DURATION_OKHTTP='30',REQUEST_SYNCHRONOUS='FALSE',RESPONSE_CODE='200',RESPONSE_METHOD='GET',RESPONSE_LENGTH_OKHTTP='979',RESPONSE_LENGTH_HEADER='-2',REQUEST_PROTOCOL='http/1.1',REQUEST_URL='https://api-hillfair-2k16.herokuapp.com/api/app/club/PR%20Club',
08-04 02:23:38.746 24721 24733 I art     : Explicit concurrent mark sweep GC freed 252(22KB) AllocSpace objects, 0(0B) LOS objects, 22% free, 53MB/69MB, paused 728us total 21.366ms
08-04 02:23:38.755 24721 24733 I art     : Starting a blocking GC Explicit
08-04 02:23:38.763   918   936 I ActivityManager: Displayed baseline.appteam.nith.hillffair/.activities.ClubActivity: +94ms
08-04 02:23:38.763 13866 13866 I GoogleInputMethodServic: GoogleInputMethodService.onFinishInput():3138 
08-04 02:23:38.764 13866 13866 I GoogleInputMethodServic: GoogleInputMethodService.onStartInput():1808 
08-04 02:23:38.779 24721 24733 I art     : Explicit concurrent mark sweep GC freed 620(49KB) AllocSpace objects, 0(0B) LOS objects, 22% free, 53MB/69MB, paused 686us total 23.379ms
08-04 02:23:39.024   380   380 W SurfaceFlinger: couldn't log to binary event log: overflow.
08-04 02:23:39.067 24721 24828 I art     : Starting a blocking GC Explicit
08-04 02:23:39.091 24721 24828 I art     : Explicit concurrent mark sweep GC freed 1398(80KB) AllocSpace objects, 1(20KB) LOS objects, 22% free, 53MB/69MB, paused 513us total 23.967ms
08-04 02:23:39.101 24721 24828 I art     : Starting a blocking GC Explicit
08-04 02:23:39.124 24721 24828 I art     : Explicit concurrent mark sweep GC freed 20(704B) AllocSpace objects, 0(0B) LOS objects, 22% free, 53MB/69MB, paused 508us total 23.272ms
08-04 02:23:39.133 24721 24828 I art     : Starting a blocking GC Explicit
08-04 02:23:39.160 24721 24828 I art     : Explicit concurrent mark sweep GC freed 102(5KB) AllocSpace objects, 0(0B) LOS objects, 22% free, 53MB/69MB, paused 608us total 26.743ms
08-04 02:23:39.170 24721 24828 I art     : Starting a blocking GC Explicit
08-04 02:23:39.191 24721 24828 I art     : Explicit concurrent mark sweep GC freed 4(128B) AllocSpace objects, 0(0B) LOS objects, 22% free, 53MB/69MB, paused 494us total 21.538ms
08-04 02:23:39.200 24721 24828 I art     : Starting a blocking GC Explicit
08-04 02:23:39.224 24721 24828 I art     : Explicit concurrent mark sweep GC freed 19(656B) AllocSpace objects, 0(0B) LOS objects, 22% free, 53MB/69MB, paused 502us total 23.332ms
08-04 02:23:39.308 28500 28500 I ServiceManager: Waiting for service AtCmdFwd...
08-04 02:23:39.515 24721 26903 I art     : Starting a blocking GC Explicit
08-04 02:23:39.551 24721 26903 I art     : Explicit concurrent mark sweep GC freed 1344(78KB) AllocSpace objects, 1(20KB) LOS objects, 22% free, 53MB/69MB, paused 602us total 36.023ms
08-04 02:23:39.565 24721 26903 I art     : Starting a blocking GC Explicit
08-04 02:23:39.590 24721 26903 I art     : Explicit concurrent mark sweep GC freed 20(704B) AllocSpace objects, 0(0B) LOS objects, 22% free, 53MB/69MB, paused 581us total 24.815ms
08-04 02:23:39.599 24721 26903 I art     : Starting a blocking GC Explicit
08-04 02:23:39.624 24721 26903 I art     : Explicit concurrent mark sweep GC freed 3(96B) AllocSpace objects, 0(0B) LOS objects, 22% free, 53MB/69MB, paused 555us total 24.891ms
08-04 02:23:39.633 24721 26903 I art     : Starting a blocking GC Explicit
08-04 02:23:39.659 24721 26903 I art     : Explicit concurrent mark sweep GC freed 3(96B) AllocSpace objects, 0(0B) LOS objects, 22% free, 53MB/69MB, paused 562us total 24.838ms
08-04 02:23:39.668 24721 26903 I art     : Starting a blocking GC Explicit
08-04 02:23:39.693 24721 26903 I art     : Explicit concurrent mark sweep GC freed 3(96B) AllocSpace objects, 0(0B) LOS objects, 22% free, 53MB/69MB, paused 609us total 25.158ms
08-04 02:23:39.988 24721 24732 I art     : Starting a blocking GC Explicit
08-04 02:23:40.022 24721 24732 I art     : Explicit concurrent mark sweep GC freed 1344(78KB) AllocSpace objects, 1(20KB) LOS objects, 22% free, 53MB/69MB, paused 619us total 33.393ms
08-04 02:23:40.036 24721 24732 I art     : Starting a blocking GC Explicit
08-04 02:23:40.062 24721 24732 I art     : Explicit concurrent mark sweep GC freed 20(704B) AllocSpace objects, 0(0B) LOS objects, 22% free, 53MB/69MB, paused 555us total 25.748ms
08-04 02:23:40.071 24721 24732 I art     : Starting a blocking GC Explicit
08-04 02:23:40.097 24721 24732 I art     : Explicit concurrent mark sweep GC freed 3(96B) AllocSpace objects, 0(0B) LOS objects, 22% free, 53MB/69MB, paused 636us total 25.670ms
08-04 02:23:40.107 24721 24732 I art     : Starting a blocking GC Explicit
08-04 02:23:40.132 24721 24732 I art     : Explicit concurrent mark sweep GC freed 3(96B) AllocSpace objects, 0(0B) LOS objects, 22% free, 53MB/69MB, paused 591us total 25.478ms
08-04 02:23:40.142 24721 24732 I art     : Starting a blocking GC Explicit
08-04 02:23:40.168 24721 24732 I art     : Explicit concurrent mark sweep GC freed 3(96B) AllocSpace objects, 0(0B) LOS objects, 22% free, 53MB/69MB, paused 588us total 25.534ms
08-04 02:23:40.308 28500 28500 I ServiceManager: Waiting for service AtCmdFwd...
08-04 02:23:40.490 24721 24733 I art     : Starting a blocking GC Explicit
08-04 02:23:40.523 24721 24733 I art     : Explicit concurrent mark sweep GC freed 1344(78KB) AllocSpace objects, 1(20KB) LOS objects, 22% free, 53MB/69MB, paused 606us total 31.779ms
08-04 02:23:40.535 24721 24733 I art     : Starting a blocking GC Explicit
08-04 02:23:40.561 24721 24733 I art     : Explicit concurrent mark sweep GC freed 20(704B) AllocSpace objects, 0(0B) LOS objects, 22% free, 53MB/69MB, paused 545us total 25.797ms
08-04 02:23:40.570 24721 24733 I art     : Starting a blocking GC Explicit
08-04 02:23:40.596 24721 24733 I art     : Explicit concurrent mark sweep GC freed 3(96B) AllocSpace objects, 0(0B) LOS objects, 22% free, 53MB/69MB, paused 579us total 25.445ms
08-04 02:23:40.605 24721 24733 I art     : Starting a blocking GC Explicit
08-04 02:23:40.631 24721 24733 I art     : Explicit concurrent mark sweep GC freed 3(96B) AllocSpace objects, 0(0B) LOS objects, 22% free, 53MB/69MB, paused 550us total 25.102ms
08-04 02:23:40.640 24721 24733 I art     : Starting a blocking GC Explicit
08-04 02:23:40.665 24721 24733 I art     : Explicit concurrent mark sweep GC freed 3(96B) AllocSpace objects, 0(0B) LOS objects, 22% free, 53MB/69MB, paused 551us total 25.177ms
08-04 02:23:40.995 24721 24829 I art     : Starting a blocking GC Explicit
08-04 02:23:41.031 24721 24829 I art     : Explicit concurrent mark sweep GC freed 1344(78KB) AllocSpace objects, 1(20KB) LOS objects, 22% free, 53MB/69MB, paused 591us total 35.930ms
08-04 02:23:41.045 24721 24829 I art     : Starting a blocking GC Explicit
08-04 02:23:41.071 24721 24829 I art     : Explicit concurrent mark sweep GC freed 20(704B) AllocSpace objects, 0(0B) LOS objects, 22% free, 53MB/69MB, paused 538us total 25.451ms
08-04 02:23:41.080 24721 24829 I art     : Starting a blocking GC Explicit
08-04 02:23:41.106 24721 24829 I art     : Explicit concurrent mark sweep GC freed 3(96B) AllocSpace objects, 0(0B) LOS objects, 22% free, 53MB/69MB, paused 549us total 25.227ms
08-04 02:23:41.115 24721 24829 I art     : Starting a blocking GC Explicit
08-04 02:23:41.140 24721 24829 I art     : Explicit concurrent mark sweep GC freed 3(96B) AllocSpace objects, 0(0B) LOS objects, 22% free, 53MB/69MB, paused 564us total 25.115ms
08-04 02:23:41.150 24721 24829 I art     : Starting a blocking GC Explicit
08-04 02:23:41.175 24721 24829 I art     : Explicit concurrent mark sweep GC freed 3(96B) AllocSpace objects, 0(0B) LOS objects, 22% free, 53MB/69MB, paused 546us total 25.241ms
08-04 02:23:41.309 28500 28500 W Atfwd_Sendcmd: AtCmdFwd service not published, waiting... retryCnt : 1
08-04 02:23:41.482 24721 24828 I art     : Starting a blocking GC Explicit
08-04 02:23:41.512 24721 24828 I art     : Explicit concurrent mark sweep GC freed 1344(78KB) AllocSpace objects, 1(20KB) LOS objects, 22% free, 53MB/69MB, paused 577us total 29.508ms
08-04 02:23:41.522 24721 24828 I art     : Starting a blocking GC Explicit
08-04 02:23:41.548 24721 24828 I art     : Explicit concurrent mark sweep GC freed 20(704B) AllocSpace objects, 0(0B) LOS objects, 22% free, 53MB/69MB, paused 585us total 25.818ms
08-04 02:23:41.557 24721 24828 I art     : Starting a blocking GC Explicit
08-04 02:23:41.583 24721 24828 I art     : Explicit concurrent mark sweep GC freed 3(96B) AllocSpace objects, 0(0B) LOS objects, 22% free, 53MB/69MB, paused 558us total 25.072ms
08-04 02:23:41.592 24721 24828 I art     : Starting a blocking GC Explicit
08-04 02:23:41.618 24721 24828 I art     : Explicit concurrent mark sweep GC freed 3(96B) AllocSpace objects, 0(0B) LOS objects, 22% free, 53MB/69MB, paused 593us total 25.249ms
08-04 02:23:41.627 24721 24828 I art     : Starting a blocking GC Explicit
08-04 02:23:41.652 24721 24828 I art     : Explicit concurrent mark sweep GC freed 3(96B) AllocSpace objects, 0(0B) LOS objects, 22% free, 53MB/69MB, paused 554us total 25.414ms
08-04 02:23:41.963 24721 26903 I art     : Starting a blocking GC Explicit
08-04 02:23:41.990 24721 26903 I art     : Explicit concurrent mark sweep GC freed 1344(78KB) AllocSpace objects, 1(20KB) LOS objects, 22% free, 53MB/69MB, paused 614us total 26.602ms
08-04 02:23:42.005 24721 26903 I art     : Starting a blocking GC Explicit
08-04 02:23:42.030 24721 26903 I art     : Explicit concurrent mark sweep GC freed 20(704B) AllocSpace objects, 0(0B) LOS objects, 22% free, 53MB/69MB, paused 598us total 24.621ms
08-04 02:23:42.040 24721 26903 I art     : Starting a blocking GC Explicit
08-04 02:23:42.064 24721 26903 I art     : Explicit concurrent mark sweep GC freed 3(96B) AllocSpace objects, 0(0B) LOS objects, 22% free, 53MB/69MB, paused 580us total 24.445ms
08-04 02:23:42.074 24721 26903 I art     : Starting a blocking GC Explicit
08-04 02:23:42.099 24721 26903 I art     : Explicit concurrent mark sweep GC freed 3(96B) AllocSpace objects, 0(0B) LOS objects, 22% free, 53MB/69MB, paused 562us total 25.448ms
08-04 02:23:42.109 24721 26903 I art     : Starting a blocking GC Explicit
08-04 02:23:42.133 24721 26903 I art     : Explicit concurrent mark sweep GC freed 3(96B) AllocSpace objects, 0(0B) LOS objects, 22% free, 53MB/69MB, paused 548us total 24.698ms
08-04 02:23:42.450 24721 24732 I art     : Starting a blocking GC Explicit
08-04 02:23:42.486 24721 24732 I art     : Explicit concurrent mark sweep GC freed 1344(78KB) AllocSpace objects, 1(20KB) LOS objects, 22% free, 53MB/69MB, paused 602us total 34.839ms
08-04 02:23:42.500 24721 24732 I art     : Starting a blocking GC Explicit
08-04 02:23:42.525 24721 24732 I art     : Explicit concurrent mark sweep GC freed 20(704B) AllocSpace objects, 0(0B) LOS objects, 22% free, 53MB/69MB, paused 576us total 25.068ms
08-04 02:23:42.534 24721 24732 I art     : Starting a blocking GC Explicit
08-04 02:23:42.560 24721 24732 I art     : Explicit concurrent mark sweep GC freed 3(96B) AllocSpace objects, 0(0B) LOS objects, 22% free, 53MB/69MB, paused 550us total 25.522ms
08-04 02:23:42.570 24721 24732 I art     : Starting a blocking GC Explicit
08-04 02:23:42.595 24721 24732 I art     : Explicit concurrent mark sweep GC freed 3(96B) AllocSpace objects, 0(0B) LOS objects, 22% free, 53MB/69MB, paused 614us total 25.390ms
08-04 02:23:42.605 24721 24732 I art     : Starting a blocking GC Explicit
08-04 02:23:42.631 24721 24732 I art     : Explicit concurrent mark sweep GC freed 3(96B) AllocSpace objects, 0(0B) LOS objects, 22% free, 53MB/69MB, paused 564us total 25.846ms
08-04 02:23:42.957 24721 24733 I art     : Starting a blocking GC Explicit
08-04 02:23:42.983 24721 24733 I art     : Explicit concurrent mark sweep GC freed 1344(78KB) AllocSpace objects, 1(20KB) LOS objects, 22% free, 53MB/69MB, paused 633us total 25.368ms
08-04 02:23:42.992 24721 24733 I art     : Starting a blocking GC Explicit
08-04 02:23:43.017 24721 24733 I art     : Explicit concurrent mark sweep GC freed 20(704B) AllocSpace objects, 0(0B) LOS objects, 22% free, 53MB/69MB, paused 620us total 24.307ms
08-04 02:23:43.026 24721 24733 I art     : Starting a blocking GC Explicit
08-04 02:23:43.049 24721 24733 I art     : Explicit concurrent mark sweep GC freed 3(96B) AllocSpace objects, 0(0B) LOS objects, 22% free, 53MB/69MB, paused 549us total 23.022ms
08-04 02:23:43.058 24721 24733 I art     : Starting a blocking GC Explicit
08-04 02:23:43.083 24721 24733 I art     : Explicit concurrent mark sweep GC freed 3(96B) AllocSpace objects, 0(0B) LOS objects, 22% free, 53MB/69MB, paused 565us total 24.271ms
08-04 02:23:43.092 24721 24733 I art     : Starting a blocking GC Explicit
08-04 02:23:43.115 24721 24733 I art     : Explicit concurrent mark sweep GC freed 3(96B) AllocSpace objects, 0(0B) LOS objects, 22% free, 53MB/69MB, paused 566us total 23.524ms
08-04 02:23:43.324 28678 28678 D AndroidRuntime: >>>>>> START com.android.internal.os.RuntimeInit uid 2000 <<<<<<
08-04 02:23:43.329 28678 28678 D AndroidRuntime: CheckJNI is OFF
08-04 02:23:43.362 28678 28678 D ICU     : No timezone override file found: /data/misc/zoneinfo/current/icu/icu_tzdata.dat
08-04 02:23:43.394 28678 28678 I Radio-JNI: register_android_hardware_Radio DONE
08-04 02:23:43.417 28678 28678 D AndroidRuntime: Calling main entry com.android.commands.input.Input
08-04 02:23:43.418 28678 28678 I Input   : injectKeyEvent: KeyEvent { action=ACTION_DOWN, keyCode=KEYCODE_BACK, scanCode=0, metaState=0, flags=0x0, repeatCount=0, eventTime=671039832, downTime=671039832, deviceId=-1, source=0x101 }
08-04 02:23:43.423 28678 28678 I Input   : injectKeyEvent: KeyEvent { action=ACTION_UP, keyCode=KEYCODE_BACK, scanCode=0, metaState=0, flags=0x0, repeatCount=0, eventTime=671039832, downTime=671039832, deviceId=-1, source=0x101 }
08-04 02:23:43.428 28678 28678 D AndroidRuntime: Shutting down VM
08-04 02:23:43.431 24721 24733 I art     : Starting a blocking GC Explicit
08-04 02:23:43.457 24721 24733 I art     : Explicit concurrent mark sweep GC freed 1489(84KB) AllocSpace objects, 1(20KB) LOS objects, 22% free, 53MB/69MB, paused 554us total 25.561ms
08-04 02:23:43.465 24721 24733 I art     : Starting a blocking GC Explicit
08-04 02:23:43.470 13866 13866 I GoogleInputMethodServic: GoogleInputMethodService.onFinishInput():3138 
08-04 02:23:43.470 13866 13866 I GoogleInputMethodServic: GoogleInputMethodService.onStartInput():1808 
08-04 02:23:43.489 24721 24733 I art     : Explicit concurrent mark sweep GC freed 46(1712B) AllocSpace objects, 0(0B) LOS objects, 22% free, 53MB/69MB, paused 619us total 23.919ms
08-04 02:23:43.499 24721 24733 I art     : Starting a blocking GC Explicit
08-04 02:23:43.522 24721 24733 I art     : Explicit concurrent mark sweep GC freed 17(560B) AllocSpace objects, 0(0B) LOS objects, 22% free, 53MB/69MB, paused 630us total 23.137ms
08-04 02:23:43.532 24721 24733 I art     : Starting a blocking GC Explicit
08-04 02:23:43.553 24721 24733 I art     : Explicit concurrent mark sweep GC freed 6(224B) AllocSpace objects, 0(0B) LOS objects, 22% free, 53MB/69MB, paused 485us total 20.607ms
08-04 02:23:43.561 24721 24733 I art     : Starting a blocking GC Explicit
08-04 02:23:43.584 24721 24733 I art     : Explicit concurrent mark sweep GC freed 3(96B) AllocSpace objects, 0(0B) LOS objects, 22% free, 53MB/69MB, paused 518us total 22.743ms
08-04 02:23:43.762   380   380 W SurfaceFlinger: couldn't log to binary event log: overflow.
08-04 02:23:43.813   918   918 I ActivityManager: Start proc 28713:com.google.android.videos/u0a72 for service com.google.android.videos/androidx.work.impl.background.systemjob.SystemJobService
08-04 02:23:43.824 28718 28718 I art     : Late-enabling -Xcheck:jni
08-04 02:23:43.825   918   918 I ActivityManager: Start proc 28718:nappagreedy.com.newsblur/u0a655 for service nappagreedy.com.newsblur/.service.NBSyncService
08-04 02:23:43.841 24721 24828 I art     : Starting a blocking GC Explicit
08-04 02:23:43.850 28718 28718 W System  : ClassLoader referenced unknown path: /data/app/nappagreedy.com.newsblur-1/lib/arm64
08-04 02:23:43.863 24721 24828 I art     : Explicit concurrent mark sweep GC freed 1453(86KB) AllocSpace objects, 1(20KB) LOS objects, 22% free, 53MB/69MB, paused 578us total 22.246ms
08-04 02:23:43.872 24721 24828 I art     : Starting a blocking GC Explicit
08-04 02:23:43.880   918   928 I ActivityManager: Killing 16838:nappatfpr.com.newsblur/u0a658 (adj 15): empty #17
08-04 02:23:43.893 24721 24828 I art     : Explicit concurrent mark sweep GC freed 1569(103KB) AllocSpace objects, 2(72KB) LOS objects, 22% free, 53MB/69MB, paused 544us total 20.456ms
08-04 02:23:43.901 24721 24828 I art     : Starting a blocking GC Explicit
08-04 02:23:43.922 24721 24828 I art     : Explicit concurrent mark sweep GC freed 3(96B) AllocSpace objects, 0(0B) LOS objects, 22% free, 53MB/69MB, paused 509us total 20.698ms
08-04 02:23:43.930 24721 24828 I art     : Starting a blocking GC Explicit
08-04 02:23:43.951 24721 24828 I art     : Explicit concurrent mark sweep GC freed 3(96B) AllocSpace objects, 0(0B) LOS objects, 22% free, 53MB/69MB, paused 545us total 20.557ms
08-04 02:23:43.959 24721 24828 I art     : Starting a blocking GC Explicit
08-04 02:23:43.981 24721 24828 I art     : Explicit concurrent mark sweep GC freed 3(96B) AllocSpace objects, 0(0B) LOS objects, 22% free, 53MB/69MB, paused 543us total 21.194ms
08-04 02:23:44.267 24721 24829 I art     : Starting a blocking GC Explicit
08-04 02:23:44.291 24721 24829 I art     : Explicit concurrent mark sweep GC freed 1344(78KB) AllocSpace objects, 1(20KB) LOS objects, 22% free, 53MB/69MB, paused 510us total 24.264ms
08-04 02:23:44.300 24721 24829 I art     : Starting a blocking GC Explicit
08-04 02:23:44.323 24721 24829 I art     : Explicit concurrent mark sweep GC freed 20(704B) AllocSpace objects, 0(0B) LOS objects, 22% free, 53MB/69MB, paused 522us total 22.893ms
08-04 02:23:44.332 24721 24829 I art     : Starting a blocking GC Explicit
08-04 02:23:44.353 24721 24829 I art     : Explicit concurrent mark sweep GC freed 3(96B) AllocSpace objects, 0(0B) LOS objects, 22% free, 53MB/69MB, paused 519us total 20.707ms
08-04 02:23:44.362 24721 24829 I art     : Starting a blocking GC Explicit
08-04 02:23:44.383 24721 24829 I art     : Explicit concurrent mark sweep GC freed 3(96B) AllocSpace objects, 0(0B) LOS objects, 22% free, 53MB/69MB, paused 530us total 21.040ms
08-04 02:23:44.391 24721 24829 I art     : Starting a blocking GC Explicit
08-04 02:23:44.413 24721 24829 I art     : Explicit concurrent mark sweep GC freed 3(96B) AllocSpace objects, 0(0B) LOS objects, 22% free, 53MB/69MB, paused 561us total 21.388ms
08-04 02:23:44.484   918  6029 I AccountManagerService: getTypesVisibleToCaller: isPermitted? true
08-04 02:23:44.553   918  5481 I AccountManagerService: getTypesVisibleToCaller: isPermitted? true
08-04 02:23:44.681 28713 28778 W PlayMovies: enb.run:2 User config found
08-04 02:23:44.681 28713 28778 W PlayMovies: 
08-04 02:23:44.686 24721 26903 I art     : Starting a blocking GC Explicit
08-04 02:23:44.708 24721 26903 I art     : Explicit concurrent mark sweep GC freed 1344(78KB) AllocSpace objects, 1(20KB) LOS objects, 22% free, 53MB/69MB, paused 636us total 21.830ms
08-04 02:23:44.717 24721 26903 I art     : Starting a blocking GC Explicit
08-04 02:23:44.738 24721 26903 I art     : Explicit concurrent mark sweep GC freed 20(704B) AllocSpace objects, 0(0B) LOS objects, 22% free, 53MB/69MB, paused 557us total 21.004ms
08-04 02:23:44.747 24721 26903 I art     : Starting a blocking GC Explicit
08-04 02:23:44.768 24721 26903 I art     : Explicit concurrent mark sweep GC freed 3(96B) AllocSpace objects, 0(0B) LOS objects, 22% free, 53MB/69MB, paused 561us total 21.388ms
08-04 02:23:44.776 28713 28713 W PlayMovies: bkd.onCreate:75 Installer Package: com.android.vending
08-04 02:23:44.776 28713 28713 W PlayMovies: 
08-04 02:23:44.777 24721 26903 I art     : Starting a blocking GC Explicit
08-04 02:23:44.797 24721 26903 I art     : Explicit concurrent mark sweep GC freed 3(96B) AllocSpace objects, 0(0B) LOS objects, 22% free, 53MB/69MB, paused 659us total 20.189ms
08-04 02:23:44.805 24721 26903 I art     : Starting a blocking GC Explicit
08-04 02:23:44.825 24721 26903 I art     : Explicit concurrent mark sweep GC freed 3(96B) AllocSpace objects, 0(0B) LOS objects, 22% free, 53MB/69MB, paused 512us total 19.922ms
08-04 02:23:44.838 28713 28713 W MediaSessionCompat: Couldn't find a unique registered media button receiver in the given context.
08-04 02:23:44.887 18789 18804 I Finsky  : [5529] box.a(8): Received content filters request from com.google.android.videos
08-04 02:23:44.911 28713 28792 W PlayMovies: MoviesWorkerWrapper.e:2 Worker was stopped for task with tags: [refresh_license_delayed_forced, com.google.android.apps.play.movies.common.service.workmanager.MoviesWorkerWrapper]
08-04 02:23:44.911 28713 28792 W PlayMovies: 
08-04 02:23:44.977 28713 28793 E WM-WorkerWrapper: Didn't find WorkSpec for id 9e5835f2-02e4-4b81-be66-126c5b31048c
08-04 02:23:45.022 28713 28803 W PlayMovies: eqo.a:2 Start clean up task with reason 1
08-04 02:23:45.022 28713 28803 W PlayMovies: 
08-04 02:23:45.022 28713 28803 W PlayMovies: eqo.a:3 Start cleanup unpinned content
08-04 02:23:45.022 28713 28803 W PlayMovies: 
08-04 02:23:45.040 28713 28803 W PlayMovies: eqo.a:31 Done cleanup unpinned content: removed 0 files
08-04 02:23:45.040 28713 28803 W PlayMovies: 
08-04 02:23:45.042 28713 28713 E BACKGROUND_QUIT_SAFELY: pending jobs == 0
08-04 02:23:45.056 28776 28776 D AndroidRuntime: >>>>>> START com.android.internal.os.RuntimeInit uid 2000 <<<<<<
08-04 02:23:45.060 28776 28776 D AndroidRuntime: CheckJNI is OFF
08-04 02:23:45.060   918  5132 I ActivityManager: Killing 10212:com.google.android.apps.gcs/u0a11 (adj 15): empty #17
08-04 02:23:45.090 24721 24732 I art     : Starting a blocking GC Explicit
08-04 02:23:45.090 28776 28776 D ICU     : No timezone override file found: /data/misc/zoneinfo/current/icu/icu_tzdata.dat
08-04 02:23:45.111 24721 24732 I art     : Explicit concurrent mark sweep GC freed 1344(78KB) AllocSpace objects, 1(20KB) LOS objects, 22% free, 53MB/69MB, paused 551us total 21.488ms
08-04 02:23:45.120 24721 24732 I art     : Starting a blocking GC Explicit
08-04 02:23:45.121 28776 28776 I Radio-JNI: register_android_hardware_Radio DONE
08-04 02:23:45.142 24721 24732 I art     : Explicit concurrent mark sweep GC freed 20(704B) AllocSpace objects, 0(0B) LOS objects, 22% free, 53MB/69MB, paused 562us total 22.333ms
08-04 02:23:45.143 28776 28776 D AndroidRuntime: Calling main entry com.android.commands.input.Input
08-04 02:23:45.145 28776 28776 I Input   : injectKeyEvent: KeyEvent { action=ACTION_DOWN, keyCode=KEYCODE_BACK, scanCode=0, metaState=0, flags=0x0, repeatCount=0, eventTime=671041558, downTime=671041558, deviceId=-1, source=0x101 }
08-04 02:23:45.149 28776 28776 I Input   : injectKeyEvent: KeyEvent { action=ACTION_UP, keyCode=KEYCODE_BACK, scanCode=0, metaState=0, flags=0x0, repeatCount=0, eventTime=671041558, downTime=671041558, deviceId=-1, source=0x101 }
08-04 02:23:45.151 24721 24732 I art     : Starting a blocking GC Explicit
08-04 02:23:45.156 28776 28776 D AndroidRuntime: Shutting down VM
08-04 02:23:45.173 24721 24732 I art     : Explicit concurrent mark sweep GC freed 147(6KB) AllocSpace objects, 0(0B) LOS objects, 22% free, 53MB/69MB, paused 533us total 22.018ms
08-04 02:23:45.182 24721 24732 I art     : Starting a blocking GC Explicit
08-04 02:23:45.187 13866 13866 I GoogleInputMethodServic: GoogleInputMethodService.onFinishInput():3138 
08-04 02:23:45.188 13866 13866 I GoogleInputMethodServic: GoogleInputMethodService.onStartInput():1808 
08-04 02:23:45.204 24721 24732 I art     : Explicit concurrent mark sweep GC freed 60(2160B) AllocSpace objects, 0(0B) LOS objects, 22% free, 53MB/69MB, paused 582us total 21.847ms
08-04 02:23:45.214 24721 24732 I art     : Starting a blocking GC Explicit
08-04 02:23:45.235 24721 24732 I art     : Explicit concurrent mark sweep GC freed 15(528B) AllocSpace objects, 0(0B) LOS objects, 22% free, 53MB/69MB, paused 499us total 21.509ms
08-04 02:23:45.500 24721 24829 I art     : Starting a blocking GC Explicit
08-04 02:23:45.524 24721 24829 I art     : Explicit concurrent mark sweep GC freed 2995(154KB) AllocSpace objects, 1(20KB) LOS objects, 22% free, 53MB/69MB, paused 535us total 23.174ms
08-04 02:23:45.532 24721 24829 I art     : Starting a blocking GC Explicit
08-04 02:23:45.554 24721 24829 I art     : Explicit concurrent mark sweep GC freed 276(12KB) AllocSpace objects, 0(0B) LOS objects, 22% free, 53MB/69MB, paused 520us total 21.274ms
08-04 02:23:45.562 24721 24829 I art     : Starting a blocking GC Explicit
08-04 02:23:45.583 24721 24829 I art     : Explicit concurrent mark sweep GC freed 2604(169KB) AllocSpace objects, 2(140KB) LOS objects, 23% free, 53MB/69MB, paused 520us total 20.975ms
08-04 02:23:45.592 24721 24829 I art     : Starting a blocking GC Explicit
08-04 02:23:45.613 24721 24829 I art     : Explicit concurrent mark sweep GC freed 3(96B) AllocSpace objects, 0(0B) LOS objects, 23% free, 53MB/69MB, paused 559us total 21.243ms
08-04 02:23:45.622 24721 24829 I art     : Starting a blocking GC Explicit
08-04 02:23:45.645 24721 24829 I art     : Explicit concurrent mark sweep GC freed 3(96B) AllocSpace objects, 0(0B) LOS objects, 23% free, 53MB/69MB, paused 546us total 22.525ms
08-04 02:23:45.943 24721 26903 I art     : Starting a blocking GC Explicit
08-04 02:23:45.973 24721 26903 I art     : Explicit concurrent mark sweep GC freed 1344(78KB) AllocSpace objects, 1(20KB) LOS objects, 23% free, 53MB/69MB, paused 697us total 29.139ms
08-04 02:23:45.986 24721 26903 I art     : Starting a blocking GC Explicit
08-04 02:23:46.008 24721 26903 I art     : Explicit concurrent mark sweep GC freed 20(704B) AllocSpace objects, 0(0B) LOS objects, 23% free, 53MB/69MB, paused 549us total 22.135ms
08-04 02:23:46.017 24721 26903 I art     : Starting a blocking GC Explicit
08-04 02:23:46.040 24721 26903 I art     : Explicit concurrent mark sweep GC freed 3(96B) AllocSpace objects, 0(0B) LOS objects, 23% free, 53MB/69MB, paused 561us total 22.847ms
08-04 02:23:46.049 24721 26903 I art     : Starting a blocking GC Explicit
08-04 02:23:46.073 24721 26903 I art     : Explicit concurrent mark sweep GC freed 3(96B) AllocSpace objects, 0(0B) LOS objects, 23% free, 53MB/69MB, paused 554us total 22.996ms
08-04 02:23:46.082 24721 26903 I art     : Starting a blocking GC Explicit
08-04 02:23:46.105 24721 26903 I art     : Explicit concurrent mark sweep GC freed 3(96B) AllocSpace objects, 0(0B) LOS objects, 23% free, 53MB/69MB, paused 564us total 22.787ms
08-04 02:23:46.309 28500 28500 I ServiceManager: Waiting for service AtCmdFwd...
08-04 02:23:46.393 24721 24733 I art     : Starting a blocking GC Explicit
08-04 02:23:46.416 24721 24733 I art     : Explicit concurrent mark sweep GC freed 1341(78KB) AllocSpace objects, 1(20KB) LOS objects, 23% free, 53MB/69MB, paused 553us total 23.527ms
08-04 02:23:46.426 24721 24733 I art     : Starting a blocking GC Explicit
08-04 02:23:46.446 24721 24733 I art     : Explicit concurrent mark sweep GC freed 20(704B) AllocSpace objects, 0(0B) LOS objects, 23% free, 53MB/69MB, paused 524us total 20.089ms
08-04 02:23:46.454 24721 24733 I art     : Starting a blocking GC Explicit
08-04 02:23:46.476 24721 24733 I art     : Explicit concurrent mark sweep GC freed 3(96B) AllocSpace objects, 0(0B) LOS objects, 23% free, 53MB/69MB, paused 548us total 21.162ms
08-04 02:23:46.484 24721 24733 I art     : Starting a blocking GC Explicit
08-04 02:23:46.506 24721 24733 I art     : Explicit concurrent mark sweep GC freed 3(96B) AllocSpace objects, 0(0B) LOS objects, 23% free, 53MB/69MB, paused 551us total 21.593ms
08-04 02:23:46.515 24721 24733 I art     : Starting a blocking GC Explicit
08-04 02:23:46.536 24721 24733 I art     : Explicit concurrent mark sweep GC freed 3(96B) AllocSpace objects, 0(0B) LOS objects, 23% free, 53MB/69MB, paused 544us total 21.418ms
08-04 02:23:46.792 28853 28853 D AndroidRuntime: >>>>>> START com.android.internal.os.RuntimeInit uid 2000 <<<<<<
08-04 02:23:46.797 28853 28853 D AndroidRuntime: CheckJNI is OFF
08-04 02:23:46.806 24721 24828 I art     : Starting a blocking GC Explicit
08-04 02:23:46.829 24721 24828 I art     : Explicit concurrent mark sweep GC freed 1341(78KB) AllocSpace objects, 1(20KB) LOS objects, 23% free, 53MB/69MB, paused 597us total 22.690ms
08-04 02:23:46.834 28853 28853 D ICU     : No timezone override file found: /data/misc/zoneinfo/current/icu/icu_tzdata.dat
08-04 02:23:46.838 24721 24828 I art     : Starting a blocking GC Explicit
08-04 02:23:46.861 24721 24828 I art     : Explicit concurrent mark sweep GC freed 20(704B) AllocSpace objects, 0(0B) LOS objects, 23% free, 53MB/69MB, paused 550us total 22.025ms
08-04 02:23:46.869 24721 24828 I art     : Starting a blocking GC Explicit
08-04 02:23:46.870 28853 28853 I Radio-JNI: register_android_hardware_Radio DONE
08-04 02:23:46.891 24721 24828 I art     : Explicit concurrent mark sweep GC freed 3(96B) AllocSpace objects, 0(0B) LOS objects, 23% free, 53MB/69MB, paused 543us total 21.225ms
08-04 02:23:46.892 28853 28853 D AndroidRuntime: Calling main entry com.android.commands.input.Input
08-04 02:23:46.894 28853 28853 I Input   : injectMotionEvent: MotionEvent { action=ACTION_DOWN, actionButton=0, id[0]=0, x[0]=1084.0, y[0]=2213.0, toolType[0]=TOOL_TYPE_UNKNOWN, buttonState=0, metaState=0, flags=0x0, edgeFlags=0x0, pointerCount=1, historySize=0, eventTime=671043307, downTime=671043307, deviceId=0, source=0x1002 }
08-04 02:23:46.900 24721 24828 I art     : Starting a blocking GC Explicit
08-04 02:23:46.900 28853 28853 I Input   : injectMotionEvent: MotionEvent { action=ACTION_UP, actionButton=0, id[0]=0, x[0]=1084.0, y[0]=2213.0, toolType[0]=TOOL_TYPE_UNKNOWN, buttonState=0, metaState=0, flags=0x0, edgeFlags=0x0, pointerCount=1, historySize=0, eventTime=671043307, downTime=671043307, deviceId=0, source=0x1002 }
08-04 02:23:46.901   918  3961 I ActivityManager: START u0 {cmp=baseline.appteam.nith.hillffair/.activities.EventActivity} from uid 10651 on display 0
08-04 02:23:46.908 28853 28853 D AndroidRuntime: Shutting down VM
08-04 02:23:46.921 24721 24828 I art     : Explicit concurrent mark sweep GC freed 126(8KB) AllocSpace objects, 0(0B) LOS objects, 23% free, 53MB/69MB, paused 759us total 21.223ms
08-04 02:23:46.931 24721 24828 I art     : Starting a blocking GC Explicit
08-04 02:23:46.953 24721 24828 I art     : Explicit concurrent mark sweep GC freed 5003(333KB) AllocSpace objects, 0(0B) LOS objects, 23% free, 53MB/69MB, paused 624us total 22.478ms
08-04 02:23:46.988 24721 24721 I NAPPA_EXPERIMENTATION: MetricNetworkRequestExecutionTime: REQUEST_DURATION_SYSTEM='51',REQUEST_DURATION_OKHTTP='31',REQUEST_SYNCHRONOUS='FALSE',RESPONSE_CODE='200',RESPONSE_METHOD='GET',RESPONSE_LENGTH_OKHTTP='1870',RESPONSE_LENGTH_HEADER='-2',REQUEST_PROTOCOL='http/1.1',REQUEST_URL='https://api-hillfair-2k16.herokuapp.com/api/app/club',
08-04 02:23:46.989 13866 13866 I GoogleInputMethodServic: GoogleInputMethodService.onFinishInput():3138 
08-04 02:23:46.990 13866 13866 I GoogleInputMethodServic: GoogleInputMethodService.onStartInput():1808 
08-04 02:23:47.032   918   936 I ActivityManager: Displayed baseline.appteam.nith.hillffair/.activities.EventActivity: +123ms
08-04 02:23:47.212 24721 24733 I art     : Starting a blocking GC Explicit
08-04 02:23:47.241 24721 24733 I art     : Explicit concurrent mark sweep GC freed 2663(164KB) AllocSpace objects, 1(20KB) LOS objects, 22% free, 53MB/69MB, paused 541us total 29.335ms
08-04 02:23:47.252 24721 24733 I art     : Starting a blocking GC Explicit
08-04 02:23:47.266   380   380 W SurfaceFlinger: couldn't log to binary event log: overflow.
08-04 02:23:47.281 24721 24733 I art     : Explicit concurrent mark sweep GC freed 98(3KB) AllocSpace objects, 0(0B) LOS objects, 22% free, 53MB/69MB, paused 528us total 28.529ms
08-04 02:23:47.289 24721 24733 I art     : Starting a blocking GC Explicit
08-04 02:23:47.310 24721 24733 I art     : Explicit concurrent mark sweep GC freed 3(96B) AllocSpace objects, 0(0B) LOS objects, 22% free, 53MB/69MB, paused 503us total 20.514ms
08-04 02:23:47.310 28500 28500 I ServiceManager: Waiting for service AtCmdFwd...
08-04 02:23:47.318 24721 24733 I art     : Starting a blocking GC Explicit
08-04 02:23:47.339 24721 24733 I art     : Explicit concurrent mark sweep GC freed 3(96B) AllocSpace objects, 0(0B) LOS objects, 22% free, 53MB/69MB, paused 565us total 20.161ms
08-04 02:23:47.347 24721 24733 I art     : Starting a blocking GC Explicit
08-04 02:23:47.369 24721 24733 I art     : Explicit concurrent mark sweep GC freed 3(96B) AllocSpace objects, 0(0B) LOS objects, 22% free, 53MB/69MB, paused 517us total 21.313ms
08-04 02:23:47.651 24721 24733 I art     : Starting a blocking GC Explicit
08-04 02:23:47.676 24721 24733 I art     : Explicit concurrent mark sweep GC freed 1414(83KB) AllocSpace objects, 1(20KB) LOS objects, 22% free, 53MB/69MB, paused 578us total 25.174ms
08-04 02:23:47.686 24721 24733 I art     : Starting a blocking GC Explicit
08-04 02:23:47.709 24721 24733 I art     : Explicit concurrent mark sweep GC freed 20(704B) AllocSpace objects, 0(0B) LOS objects, 22% free, 53MB/69MB, paused 547us total 22.838ms
08-04 02:23:47.717 24721 24733 I art     : Starting a blocking GC Explicit
08-04 02:23:47.741 24721 24733 I art     : Explicit concurrent mark sweep GC freed 3(96B) AllocSpace objects, 0(0B) LOS objects, 22% free, 53MB/69MB, paused 567us total 23.709ms
08-04 02:23:47.750 24721 24733 I art     : Starting a blocking GC Explicit
08-04 02:23:47.774 24721 24733 I art     : Explicit concurrent mark sweep GC freed 3(96B) AllocSpace objects, 0(0B) LOS objects, 22% free, 53MB/69MB, paused 570us total 23.615ms
08-04 02:23:47.783 24721 24733 I art     : Starting a blocking GC Explicit
08-04 02:23:47.808 24721 24733 I art     : Explicit concurrent mark sweep GC freed 3(96B) AllocSpace objects, 0(0B) LOS objects, 22% free, 53MB/69MB, paused 597us total 23.875ms
08-04 02:23:48.102 24721 24732 I art     : Starting a blocking GC Explicit
08-04 02:23:48.136 24721 24732 I art     : Explicit concurrent mark sweep GC freed 1344(78KB) AllocSpace objects, 1(20KB) LOS objects, 22% free, 53MB/69MB, paused 600us total 33.469ms
08-04 02:23:48.149 24721 24732 I art     : Starting a blocking GC Explicit
08-04 02:23:48.174 24721 24732 I art     : Explicit concurrent mark sweep GC freed 20(704B) AllocSpace objects, 0(0B) LOS objects, 22% free, 53MB/69MB, paused 570us total 25.359ms
08-04 02:23:48.184 24721 24732 I art     : Starting a blocking GC Explicit
08-04 02:23:48.208 24721 24732 I art     : Explicit concurrent mark sweep GC freed 3(96B) AllocSpace objects, 0(0B) LOS objects, 22% free, 53MB/69MB, paused 562us total 24.493ms
08-04 02:23:48.218 24721 24732 I art     : Starting a blocking GC Explicit
08-04 02:23:48.242 24721 24732 I art     : Explicit concurrent mark sweep GC freed 3(96B) AllocSpace objects, 0(0B) LOS objects, 22% free, 53MB/69MB, paused 561us total 24.127ms
08-04 02:23:48.251 24721 24732 I art     : Starting a blocking GC Explicit
08-04 02:23:48.276 24721 24732 I art     : Explicit concurrent mark sweep GC freed 3(96B) AllocSpace objects, 0(0B) LOS objects, 22% free, 53MB/69MB, paused 565us total 23.852ms
08-04 02:23:48.311 28500 28500 I ServiceManager: Waiting for service AtCmdFwd...
08-04 02:23:48.585 24721 24828 I art     : Starting a blocking GC Explicit
08-04 02:23:48.620 24721 24828 I art     : Explicit concurrent mark sweep GC freed 1344(78KB) AllocSpace objects, 1(20KB) LOS objects, 22% free, 53MB/69MB, paused 585us total 34.577ms
08-04 02:23:48.632 24721 24828 I art     : Starting a blocking GC Explicit
08-04 02:23:48.657 24721 24828 I art     : Explicit concurrent mark sweep GC freed 20(704B) AllocSpace objects, 0(0B) LOS objects, 22% free, 53MB/69MB, paused 581us total 24.633ms
08-04 02:23:48.667 24721 24828 I art     : Starting a blocking GC Explicit
08-04 02:23:48.690 24721 24828 I art     : Explicit concurrent mark sweep GC freed 3(96B) AllocSpace objects, 0(0B) LOS objects, 22% free, 53MB/69MB, paused 553us total 23.392ms
08-04 02:23:48.699 24721 24828 I art     : Starting a blocking GC Explicit
08-04 02:23:48.724 24721 24828 I art     : Explicit concurrent mark sweep GC freed 3(96B) AllocSpace objects, 0(0B) LOS objects, 22% free, 53MB/69MB, paused 571us total 24.079ms
08-04 02:23:48.733 24721 24828 I art     : Starting a blocking GC Explicit
08-04 02:23:48.757 24721 24828 I art     : Explicit concurrent mark sweep GC freed 3(96B) AllocSpace objects, 0(0B) LOS objects, 22% free, 53MB/69MB, paused 674us total 23.949ms
08-04 02:23:49.050 24721 26903 I art     : Starting a blocking GC Explicit
08-04 02:23:49.075 24721 26903 I art     : Explicit concurrent mark sweep GC freed 1344(78KB) AllocSpace objects, 1(20KB) LOS objects, 22% free, 53MB/69MB, paused 646us total 24.178ms
08-04 02:23:49.084 24721 26903 I art     : Starting a blocking GC Explicit
08-04 02:23:49.108 24721 26903 I art     : Explicit concurrent mark sweep GC freed 20(704B) AllocSpace objects, 0(0B) LOS objects, 22% free, 53MB/69MB, paused 580us total 23.989ms
08-04 02:23:49.117 24721 26903 I art     : Starting a blocking GC Explicit
08-04 02:23:49.141 24721 26903 I art     : Explicit concurrent mark sweep GC freed 3(96B) AllocSpace objects, 0(0B) LOS objects, 22% free, 53MB/69MB, paused 569us total 23.690ms
08-04 02:23:49.150 24721 26903 I art     : Starting a blocking GC Explicit
08-04 02:23:49.174 24721 26903 I art     : Explicit concurrent mark sweep GC freed 3(96B) AllocSpace objects, 0(0B) LOS objects, 22% free, 53MB/69MB, paused 621us total 23.872ms
08-04 02:23:49.183 24721 26903 I art     : Starting a blocking GC Explicit
08-04 02:23:49.208 24721 26903 I art     : Explicit concurrent mark sweep GC freed 3(96B) AllocSpace objects, 0(0B) LOS objects, 22% free, 53MB/69MB, paused 586us total 24.425ms
08-04 02:23:49.312 28500 28500 I ServiceManager: Waiting for service AtCmdFwd...
08-04 02:23:49.528 24721 24829 I art     : Starting a blocking GC Explicit
08-04 02:23:49.562 24721 24829 I art     : Explicit concurrent mark sweep GC freed 1344(78KB) AllocSpace objects, 1(20KB) LOS objects, 22% free, 53MB/69MB, paused 648us total 33.106ms
08-04 02:23:49.576 24721 24829 I art     : Starting a blocking GC Explicit
08-04 02:23:49.600 24721 24829 I art     : Explicit concurrent mark sweep GC freed 20(704B) AllocSpace objects, 0(0B) LOS objects, 22% free, 53MB/69MB, paused 632us total 24.131ms
08-04 02:23:49.609 24721 24829 I art     : Starting a blocking GC Explicit
08-04 02:23:49.634 24721 24829 I art     : Explicit concurrent mark sweep GC freed 3(96B) AllocSpace objects, 0(0B) LOS objects, 22% free, 53MB/69MB, paused 556us total 24.026ms
08-04 02:23:49.643 24721 24829 I art     : Starting a blocking GC Explicit
08-04 02:23:49.667 24721 24829 I art     : Explicit concurrent mark sweep GC freed 3(96B) AllocSpace objects, 0(0B) LOS objects, 22% free, 53MB/69MB, paused 583us total 23.849ms
08-04 02:23:49.676 24721 24829 I art     : Starting a blocking GC Explicit
08-04 02:23:49.700 24721 24829 I art     : Explicit concurrent mark sweep GC freed 3(96B) AllocSpace objects, 0(0B) LOS objects, 22% free, 53MB/69MB, paused 549us total 24.083ms
08-04 02:23:50.023 24721 24733 I art     : Starting a blocking GC Explicit
08-04 02:23:50.060 24721 24733 I art     : Explicit concurrent mark sweep GC freed 1344(78KB) AllocSpace objects, 1(20KB) LOS objects, 22% free, 53MB/69MB, paused 603us total 36.180ms
08-04 02:23:50.073 24721 24733 I art     : Starting a blocking GC Explicit
08-04 02:23:50.098 24721 24733 I art     : Explicit concurrent mark sweep GC freed 20(704B) AllocSpace objects, 0(0B) LOS objects, 22% free, 53MB/69MB, paused 568us total 25.455ms
08-04 02:23:50.107 24721 24733 I art     : Starting a blocking GC Explicit
08-04 02:23:50.132 24721 24733 I art     : Explicit concurrent mark sweep GC freed 3(96B) AllocSpace objects, 0(0B) LOS objects, 22% free, 53MB/69MB, paused 564us total 24.120ms
08-04 02:23:50.141 24721 24733 I art     : Starting a blocking GC Explicit
08-04 02:23:50.166 24721 24733 I art     : Explicit concurrent mark sweep GC freed 3(96B) AllocSpace objects, 0(0B) LOS objects, 22% free, 53MB/69MB, paused 586us total 24.227ms
08-04 02:23:50.175 24721 24733 I art     : Starting a blocking GC Explicit
08-04 02:23:50.199 24721 24733 I art     : Explicit concurrent mark sweep GC freed 3(96B) AllocSpace objects, 0(0B) LOS objects, 22% free, 53MB/69MB, paused 566us total 23.952ms
08-04 02:23:50.313 28500 28500 I ServiceManager: Waiting for service AtCmdFwd...
08-04 02:23:50.518 24721 24732 I art     : Starting a blocking GC Explicit
08-04 02:23:50.549 24721 24732 I art     : Explicit concurrent mark sweep GC freed 1344(78KB) AllocSpace objects, 1(20KB) LOS objects, 22% free, 53MB/69MB, paused 617us total 31.282ms
08-04 02:23:50.562 24721 24732 I art     : Starting a blocking GC Explicit
08-04 02:23:50.587 24721 24732 I art     : Explicit concurrent mark sweep GC freed 20(704B) AllocSpace objects, 0(0B) LOS objects, 22% free, 53MB/69MB, paused 575us total 24.710ms
08-04 02:23:50.596 24721 24732 I art     : Starting a blocking GC Explicit
08-04 02:23:50.620 24721 24732 I art     : Explicit concurrent mark sweep GC freed 3(96B) AllocSpace objects, 0(0B) LOS objects, 22% free, 53MB/69MB, paused 559us total 24.424ms
08-04 02:23:50.630 24721 24732 I art     : Starting a blocking GC Explicit
08-04 02:23:50.655 24721 24732 I art     : Explicit concurrent mark sweep GC freed 3(96B) AllocSpace objects, 0(0B) LOS objects, 22% free, 53MB/69MB, paused 572us total 24.526ms
08-04 02:23:50.664 24721 24732 I art     : Starting a blocking GC Explicit
08-04 02:23:50.689 24721 24732 I art     : Explicit concurrent mark sweep GC freed 3(96B) AllocSpace objects, 0(0B) LOS objects, 22% free, 53MB/69MB, paused 559us total 24.471ms
08-04 02:23:51.006 24721 24828 I art     : Starting a blocking GC Explicit
08-04 02:23:51.036 24721 24828 I art     : Explicit concurrent mark sweep GC freed 1344(78KB) AllocSpace objects, 1(20KB) LOS objects, 22% free, 53MB/69MB, paused 629us total 30.114ms
08-04 02:23:51.049 24721 24828 I art     : Starting a blocking GC Explicit
08-04 02:23:51.073 24721 24828 I art     : Explicit concurrent mark sweep GC freed 20(704B) AllocSpace objects, 0(0B) LOS objects, 22% free, 53MB/69MB, paused 562us total 24.101ms
08-04 02:23:51.083 24721 24828 I art     : Starting a blocking GC Explicit
08-04 02:23:51.107 24721 24828 I art     : Explicit concurrent mark sweep GC freed 3(96B) AllocSpace objects, 0(0B) LOS objects, 22% free, 53MB/69MB, paused 544us total 23.781ms
08-04 02:23:51.116 24721 24828 I art     : Starting a blocking GC Explicit
08-04 02:23:51.140 24721 24828 I art     : Explicit concurrent mark sweep GC freed 3(96B) AllocSpace objects, 0(0B) LOS objects, 22% free, 53MB/69MB, paused 554us total 24.283ms
08-04 02:23:51.150 24721 24828 I art     : Starting a blocking GC Explicit
08-04 02:23:51.172 24721 24828 I art     : Explicit concurrent mark sweep GC freed 3(96B) AllocSpace objects, 0(0B) LOS objects, 22% free, 53MB/69MB, paused 528us total 22.637ms
08-04 02:23:51.313 28500 28500 W Atfwd_Sendcmd: AtCmdFwd service not published, waiting... retryCnt : 2
08-04 02:23:51.464 24721 26903 I art     : Starting a blocking GC Explicit
08-04 02:23:51.489 24721 26903 I art     : Explicit concurrent mark sweep GC freed 1344(78KB) AllocSpace objects, 1(20KB) LOS objects, 22% free, 53MB/69MB, paused 585us total 24.380ms
08-04 02:23:51.498 24721 26903 I art     : Starting a blocking GC Explicit
08-04 02:23:51.522 24721 26903 I art     : Explicit concurrent mark sweep GC freed 20(704B) AllocSpace objects, 0(0B) LOS objects, 22% free, 53MB/69MB, paused 584us total 23.717ms
08-04 02:23:51.531 24721 26903 I art     : Starting a blocking GC Explicit
08-04 02:23:51.554 24721 26903 I art     : Explicit concurrent mark sweep GC freed 3(96B) AllocSpace objects, 0(0B) LOS objects, 22% free, 53MB/69MB, paused 587us total 22.829ms
08-04 02:23:51.563 24721 26903 I art     : Starting a blocking GC Explicit
08-04 02:23:51.585 28968 28968 D AndroidRuntime: >>>>>> START com.android.internal.os.RuntimeInit uid 2000 <<<<<<
08-04 02:23:51.586 24721 26903 I art     : Explicit concurrent mark sweep GC freed 3(96B) AllocSpace objects, 0(0B) LOS objects, 22% free, 53MB/69MB, paused 649us total 23.106ms
08-04 02:23:51.591 28968 28968 D AndroidRuntime: CheckJNI is OFF
08-04 02:23:51.595 24721 26903 I art     : Starting a blocking GC Explicit
08-04 02:23:51.618 24721 26903 I art     : Explicit concurrent mark sweep GC freed 3(96B) AllocSpace objects, 0(0B) LOS objects, 22% free, 53MB/69MB, paused 579us total 22.569ms
08-04 02:23:51.627 28968 28968 D ICU     : No timezone override file found: /data/misc/zoneinfo/current/icu/icu_tzdata.dat
08-04 02:23:51.659 28968 28968 I Radio-JNI: register_android_hardware_Radio DONE
08-04 02:23:51.681 28968 28968 D AndroidRuntime: Calling main entry com.android.commands.input.Input
08-04 02:23:51.683 28968 28968 I Input   : injectMotionEvent: MotionEvent { action=ACTION_DOWN, actionButton=0, id[0]=0, x[0]=255.0, y[0]=1845.0, toolType[0]=TOOL_TYPE_UNKNOWN, buttonState=0, metaState=0, flags=0x0, edgeFlags=0x0, pointerCount=1, historySize=0, eventTime=671048095, downTime=671048095, deviceId=0, source=0x1002 }
08-04 02:23:51.689 28968 28968 I Input   : injectMotionEvent: MotionEvent { action=ACTION_UP, actionButton=0, id[0]=0, x[0]=255.0, y[0]=1845.0, toolType[0]=TOOL_TYPE_UNKNOWN, buttonState=0, metaState=0, flags=0x0, edgeFlags=0x0, pointerCount=1, historySize=0, eventTime=671048095, downTime=671048095, deviceId=0, source=0x1002 }
08-04 02:23:51.690   918   928 I ActivityManager: START u0 {cmp=baseline.appteam.nith.hillffair/.activities.ClubActivity (has extras)} from uid 10651 on display 0
08-04 02:23:51.699 28968 28968 D AndroidRuntime: Shutting down VM
08-04 02:23:51.792 24721 24721 I NAPPA_EXPERIMENTATION: MetricNetworkRequestExecutionTime: REQUEST_DURATION_SYSTEM='68',REQUEST_DURATION_OKHTTP='30',REQUEST_SYNCHRONOUS='FALSE',RESPONSE_CODE='200',RESPONSE_METHOD='GET',RESPONSE_LENGTH_OKHTTP='1171',RESPONSE_LENGTH_HEADER='-2',REQUEST_PROTOCOL='http/1.1',REQUEST_URL='https://api-hillfair-2k16.herokuapp.com/api/app/club/Technical%20Committee',
08-04 02:23:51.798   918   936 I ActivityManager: Displayed baseline.appteam.nith.hillffair/.activities.ClubActivity: +100ms
08-04 02:23:51.803 13866 13866 I GoogleInputMethodServic: GoogleInputMethodService.onFinishInput():3138 
08-04 02:23:51.805 13866 13866 I GoogleInputMethodServic: GoogleInputMethodService.onStartInput():1808 
08-04 02:23:51.870 24721 24733 I art     : Starting a blocking GC Explicit
08-04 02:23:51.897 24721 24733 I art     : Explicit concurrent mark sweep GC freed 5747(415KB) AllocSpace objects, 1(20KB) LOS objects, 22% free, 53MB/69MB, paused 572us total 26.681ms
08-04 02:23:51.907 24721 24733 I art     : Starting a blocking GC Explicit
08-04 02:23:51.933 24721 24733 I art     : Explicit concurrent mark sweep GC freed 282(12KB) AllocSpace objects, 0(0B) LOS objects, 22% free, 53MB/69MB, paused 546us total 25.946ms
08-04 02:23:51.943 24721 24733 I art     : Starting a blocking GC Explicit
08-04 02:23:51.969 24721 24733 I art     : Explicit concurrent mark sweep GC freed 3(96B) AllocSpace objects, 0(0B) LOS objects, 22% free, 53MB/69MB, paused 597us total 25.387ms
08-04 02:23:51.982 24721 24733 I art     : Starting a blocking GC Explicit
08-04 02:23:52.013 24721 24733 I art     : Explicit concurrent mark sweep GC freed 3(96B) AllocSpace objects, 0(0B) LOS objects, 22% free, 53MB/69MB, paused 542us total 30.765ms
08-04 02:23:52.023 24721 24733 I art     : Starting a blocking GC Explicit
08-04 02:23:52.038   380   380 W SurfaceFlinger: couldn't log to binary event log: overflow.
08-04 02:23:52.051 24721 24733 I art     : Explicit concurrent mark sweep GC freed 3(96B) AllocSpace objects, 0(0B) LOS objects, 22% free, 53MB/69MB, paused 530us total 27.635ms
08-04 02:23:52.350 24721 26903 I art     : Starting a blocking GC Explicit
08-04 02:23:52.380 24721 26903 I art     : Explicit concurrent mark sweep GC freed 1449(84KB) AllocSpace objects, 1(20KB) LOS objects, 22% free, 53MB/69MB, paused 633us total 30.444ms
08-04 02:23:52.393 24721 26903 I art     : Starting a blocking GC Explicit
08-04 02:23:52.419 24721 26903 I art     : Explicit concurrent mark sweep GC freed 36(1264B) AllocSpace objects, 0(0B) LOS objects, 22% free, 53MB/69MB, paused 590us total 25.463ms
08-04 02:23:52.428 24721 26903 I art     : Starting a blocking GC Explicit
08-04 02:23:52.454 24721 26903 I art     : Explicit concurrent mark sweep GC freed 3(96B) AllocSpace objects, 0(0B) LOS objects, 22% free, 53MB/69MB, paused 571us total 25.701ms
08-04 02:23:52.464 24721 26903 I art     : Starting a blocking GC Explicit
08-04 02:23:52.489 24721 26903 I art     : Explicit concurrent mark sweep GC freed 3(96B) AllocSpace objects, 0(0B) LOS objects, 22% free, 53MB/69MB, paused 590us total 25.476ms
08-04 02:23:52.499 24721 26903 I art     : Starting a blocking GC Explicit
08-04 02:23:52.524 24721 26903 I art     : Explicit concurrent mark sweep GC freed 3(96B) AllocSpace objects, 0(0B) LOS objects, 22% free, 53MB/69MB, paused 585us total 25.241ms
08-04 02:23:52.823 24721 24732 I art     : Starting a blocking GC Explicit
08-04 02:23:52.854 24721 24732 I art     : Explicit concurrent mark sweep GC freed 1344(78KB) AllocSpace objects, 1(20KB) LOS objects, 22% free, 53MB/69MB, paused 622us total 31.189ms
08-04 02:23:52.867 24721 24732 I art     : Starting a blocking GC Explicit
08-04 02:23:52.896 24721 24732 I art     : Explicit concurrent mark sweep GC freed 20(704B) AllocSpace objects, 0(0B) LOS objects, 22% free, 53MB/69MB, paused 603us total 28.597ms
08-04 02:23:52.905 24721 24732 I art     : Starting a blocking GC Explicit
08-04 02:23:52.931 24721 24732 I art     : Explicit concurrent mark sweep GC freed 3(96B) AllocSpace objects, 0(0B) LOS objects, 22% free, 53MB/69MB, paused 580us total 25.234ms
08-04 02:23:52.940 24721 24732 I art     : Starting a blocking GC Explicit
08-04 02:23:52.966 24721 24732 I art     : Explicit concurrent mark sweep GC freed 3(96B) AllocSpace objects, 0(0B) LOS objects, 22% free, 53MB/69MB, paused 561us total 25.040ms
08-04 02:23:52.975 24721 24732 I art     : Starting a blocking GC Explicit
08-04 02:23:53.001 24721 24732 I art     : Explicit concurrent mark sweep GC freed 3(96B) AllocSpace objects, 0(0B) LOS objects, 22% free, 53MB/69MB, paused 593us total 25.304ms
08-04 02:23:53.295 24721 24733 I art     : Starting a blocking GC Explicit
08-04 02:23:53.333 24721 24733 I art     : Explicit concurrent mark sweep GC freed 1344(78KB) AllocSpace objects, 1(20KB) LOS objects, 22% free, 53MB/69MB, paused 755us total 37.740ms
08-04 02:23:53.347 24721 24733 I art     : Starting a blocking GC Explicit
08-04 02:23:53.371 24721 24733 I art     : Explicit concurrent mark sweep GC freed 20(704B) AllocSpace objects, 0(0B) LOS objects, 22% free, 53MB/69MB, paused 577us total 23.602ms
08-04 02:23:53.380 24721 24733 I art     : Starting a blocking GC Explicit
08-04 02:23:53.405 24721 24733 I art     : Explicit concurrent mark sweep GC freed 3(96B) AllocSpace objects, 0(0B) LOS objects, 22% free, 53MB/69MB, paused 593us total 24.408ms
08-04 02:23:53.414 24721 24733 I art     : Starting a blocking GC Explicit
08-04 02:23:53.440 24721 24733 I art     : Explicit concurrent mark sweep GC freed 3(96B) AllocSpace objects, 0(0B) LOS objects, 22% free, 53MB/69MB, paused 591us total 25.212ms
08-04 02:23:53.449 24721 24733 I art     : Starting a blocking GC Explicit
08-04 02:23:53.475 24721 24733 I art     : Explicit concurrent mark sweep GC freed 3(96B) AllocSpace objects, 0(0B) LOS objects, 22% free, 53MB/69MB, paused 584us total 25.184ms
08-04 02:23:53.798 24721 24829 I art     : Starting a blocking GC Explicit
08-04 02:23:53.835 24721 24829 I art     : Explicit concurrent mark sweep GC freed 1344(78KB) AllocSpace objects, 1(20KB) LOS objects, 22% free, 53MB/69MB, paused 618us total 36.736ms
08-04 02:23:53.849 24721 24829 I art     : Starting a blocking GC Explicit
08-04 02:23:53.874 24721 24829 I art     : Explicit concurrent mark sweep GC freed 20(704B) AllocSpace objects, 0(0B) LOS objects, 22% free, 53MB/69MB, paused 572us total 25.013ms
08-04 02:23:53.883 24721 24829 I art     : Starting a blocking GC Explicit
08-04 02:23:53.909 24721 24829 I art     : Explicit concurrent mark sweep GC freed 3(96B) AllocSpace objects, 0(0B) LOS objects, 22% free, 53MB/69MB, paused 587us total 25.080ms
08-04 02:23:53.918 24721 24829 I art     : Starting a blocking GC Explicit
08-04 02:23:53.943 24721 24829 I art     : Explicit concurrent mark sweep GC freed 3(96B) AllocSpace objects, 0(0B) LOS objects, 22% free, 53MB/69MB, paused 566us total 24.511ms
08-04 02:23:53.952 24721 24829 I art     : Starting a blocking GC Explicit
08-04 02:23:53.977 24721 24829 I art     : Explicit concurrent mark sweep GC freed 3(96B) AllocSpace objects, 0(0B) LOS objects, 22% free, 53MB/69MB, paused 628us total 24.926ms
08-04 02:23:54.175   918  3261 D WifiStateMachine: starting scan for "H369AA63323"WPA_PSK with 2412,5180
08-04 02:23:54.287 24721 24828 I art     : Starting a blocking GC Explicit
08-04 02:23:54.310 24721 24828 I art     : Explicit concurrent mark sweep GC freed 1344(78KB) AllocSpace objects, 1(20KB) LOS objects, 22% free, 53MB/69MB, paused 571us total 22.450ms
08-04 02:23:54.319 24721 24828 I art     : Starting a blocking GC Explicit
08-04 02:23:54.342 24721 24828 I art     : Explicit concurrent mark sweep GC freed 20(704B) AllocSpace objects, 0(0B) LOS objects, 22% free, 53MB/69MB, paused 581us total 23.486ms
08-04 02:23:54.351 24721 24828 I art     : Starting a blocking GC Explicit
08-04 02:23:54.375 24721 24828 I art     : Explicit concurrent mark sweep GC freed 18(656B) AllocSpace objects, 0(0B) LOS objects, 22% free, 53MB/69MB, paused 554us total 23.813ms
08-04 02:23:54.384 24721 24828 I art     : Starting a blocking GC Explicit
08-04 02:23:54.409 24721 24828 I art     : Explicit concurrent mark sweep GC freed 3(96B) AllocSpace objects, 0(0B) LOS objects, 22% free, 53MB/69MB, paused 596us total 24.769ms
08-04 02:23:54.419 24721 24828 I art     : Starting a blocking GC Explicit
08-04 02:23:54.444 24721 24828 I art     : Explicit concurrent mark sweep GC freed 3(96B) AllocSpace objects, 0(0B) LOS objects, 22% free, 53MB/69MB, paused 653us total 25.085ms
08-04 02:23:54.778 24721 24732 I art     : Starting a blocking GC Explicit
08-04 02:23:54.810 24721 24732 I art     : Explicit concurrent mark sweep GC freed 1344(78KB) AllocSpace objects, 1(20KB) LOS objects, 22% free, 53MB/69MB, paused 632us total 31.866ms
08-04 02:23:54.822 24721 24732 I art     : Starting a blocking GC Explicit
08-04 02:23:54.848 24721 24732 I art     : Explicit concurrent mark sweep GC freed 20(704B) AllocSpace objects, 0(0B) LOS objects, 22% free, 53MB/69MB, paused 608us total 25.530ms
08-04 02:23:54.857 24721 24732 I art     : Starting a blocking GC Explicit
08-04 02:23:54.883 24721 24732 I art     : Explicit concurrent mark sweep GC freed 3(96B) AllocSpace objects, 0(0B) LOS objects, 22% free, 53MB/69MB, paused 579us total 25.242ms
08-04 02:23:54.893 24721 24732 I art     : Starting a blocking GC Explicit
08-04 02:23:54.918 24721 24732 I art     : Explicit concurrent mark sweep GC freed 3(96B) AllocSpace objects, 0(0B) LOS objects, 22% free, 53MB/69MB, paused 586us total 25.642ms
08-04 02:23:54.928 24721 24732 I art     : Starting a blocking GC Explicit
08-04 02:23:54.953 24721 24732 I art     : Explicit concurrent mark sweep GC freed 3(96B) AllocSpace objects, 0(0B) LOS objects, 22% free, 53MB/69MB, paused 531us total 25.123ms
08-04 02:23:55.280 24721 24733 I art     : Starting a blocking GC Explicit
08-04 02:23:55.318 24721 24733 I art     : Explicit concurrent mark sweep GC freed 1344(78KB) AllocSpace objects, 1(20KB) LOS objects, 22% free, 53MB/69MB, paused 746us total 36.965ms
08-04 02:23:55.331 24721 24733 I art     : Starting a blocking GC Explicit
08-04 02:23:55.357 24721 24733 I art     : Explicit concurrent mark sweep GC freed 20(704B) AllocSpace objects, 0(0B) LOS objects, 22% free, 53MB/69MB, paused 662us total 25.994ms
08-04 02:23:55.366 24721 24733 I art     : Starting a blocking GC Explicit
08-04 02:23:55.391 24721 24733 I art     : Explicit concurrent mark sweep GC freed 3(96B) AllocSpace objects, 0(0B) LOS objects, 22% free, 53MB/69MB, paused 581us total 24.826ms
08-04 02:23:55.401 24721 24733 I art     : Starting a blocking GC Explicit
08-04 02:23:55.426 24721 24733 I art     : Explicit concurrent mark sweep GC freed 3(96B) AllocSpace objects, 0(0B) LOS objects, 22% free, 53MB/69MB, paused 578us total 25.337ms
08-04 02:23:55.435 24721 24733 I art     : Starting a blocking GC Explicit
08-04 02:23:55.460 24721 24733 I art     : Explicit concurrent mark sweep GC freed 3(96B) AllocSpace objects, 0(0B) LOS objects, 22% free, 53MB/69MB, paused 543us total 24.696ms
08-04 02:23:55.817 24721 24829 I art     : Starting a blocking GC Explicit
08-04 02:23:55.855 24721 24829 I art     : Explicit concurrent mark sweep GC freed 1344(78KB) AllocSpace objects, 1(20KB) LOS objects, 22% free, 53MB/69MB, paused 670us total 37.682ms
08-04 02:23:55.869 24721 24829 I art     : Starting a blocking GC Explicit
08-04 02:23:55.895 24721 24829 I art     : Explicit concurrent mark sweep GC freed 20(704B) AllocSpace objects, 0(0B) LOS objects, 22% free, 53MB/69MB, paused 565us total 26.125ms
08-04 02:23:55.904 24721 24829 I art     : Starting a blocking GC Explicit
08-04 02:23:55.929 24721 24829 I art     : Explicit concurrent mark sweep GC freed 3(96B) AllocSpace objects, 0(0B) LOS objects, 22% free, 53MB/69MB, paused 541us total 24.454ms
08-04 02:23:55.938 24721 24829 I art     : Starting a blocking GC Explicit
08-04 02:23:55.962 24721 24829 I art     : Explicit concurrent mark sweep GC freed 3(96B) AllocSpace objects, 0(0B) LOS objects, 22% free, 53MB/69MB, paused 556us total 23.367ms
08-04 02:23:55.971 24721 24829 I art     : Starting a blocking GC Explicit
08-04 02:23:55.994 24721 24829 I art     : Explicit concurrent mark sweep GC freed 3(96B) AllocSpace objects, 0(0B) LOS objects, 22% free, 53MB/69MB, paused 534us total 22.942ms
08-04 02:23:56.320 24721 26903 I art     : Starting a blocking GC Explicit
08-04 02:23:56.350 24721 26903 I art     : Explicit concurrent mark sweep GC freed 1365(79KB) AllocSpace objects, 1(20KB) LOS objects, 22% free, 53MB/69MB, paused 652us total 29.297ms
08-04 02:23:56.364 24721 26903 I art     : Starting a blocking GC Explicit
08-04 02:23:56.376 29084 29084 D AndroidRuntime: >>>>>> START com.android.internal.os.RuntimeInit uid 2000 <<<<<<
08-04 02:23:56.381 29084 29084 D AndroidRuntime: CheckJNI is OFF
08-04 02:23:56.389 24721 26903 I art     : Explicit concurrent mark sweep GC freed 36(1216B) AllocSpace objects, 0(0B) LOS objects, 22% free, 53MB/69MB, paused 598us total 24.860ms
08-04 02:23:56.399 24721 26903 I art     : Starting a blocking GC Explicit
08-04 02:23:56.417 29084 29084 D ICU     : No timezone override file found: /data/misc/zoneinfo/current/icu/icu_tzdata.dat
08-04 02:23:56.422 24721 26903 I art     : Explicit concurrent mark sweep GC freed 3(96B) AllocSpace objects, 0(0B) LOS objects, 22% free, 53MB/69MB, paused 566us total 22.504ms
08-04 02:23:56.430 24721 26903 I art     : Starting a blocking GC Explicit
08-04 02:23:56.452 29084 29084 I Radio-JNI: register_android_hardware_Radio DONE
08-04 02:23:56.454 24721 26903 I art     : Explicit concurrent mark sweep GC freed 3(96B) AllocSpace objects, 0(0B) LOS objects, 22% free, 53MB/69MB, paused 593us total 22.931ms
08-04 02:23:56.462 24721 26903 I art     : Starting a blocking GC Explicit
08-04 02:23:56.475 29084 29084 D AndroidRuntime: Calling main entry com.android.commands.input.Input
08-04 02:23:56.476 29084 29084 I Input   : injectKeyEvent: KeyEvent { action=ACTION_DOWN, keyCode=KEYCODE_BACK, scanCode=0, metaState=0, flags=0x0, repeatCount=0, eventTime=671052889, downTime=671052889, deviceId=-1, source=0x101 }
08-04 02:23:56.482 29084 29084 I Input   : injectKeyEvent: KeyEvent { action=ACTION_UP, keyCode=KEYCODE_BACK, scanCode=0, metaState=0, flags=0x0, repeatCount=0, eventTime=671052889, downTime=671052889, deviceId=-1, source=0x101 }
08-04 02:23:56.485 24721 26903 I art     : Explicit concurrent mark sweep GC freed 5(208B) AllocSpace objects, 0(0B) LOS objects, 22% free, 53MB/69MB, paused 722us total 22.903ms
08-04 02:23:56.488 29084 29084 D AndroidRuntime: Shutting down VM
08-04 02:23:56.531 13866 13866 I GoogleInputMethodServic: GoogleInputMethodService.onFinishInput():3138 
08-04 02:23:56.531 13866 13866 I GoogleInputMethodServic: GoogleInputMethodService.onStartInput():1808 
08-04 02:23:56.743 24721 24828 I art     : Starting a blocking GC Explicit
08-04 02:23:56.774 24721 24828 I art     : Explicit concurrent mark sweep GC freed 1524(85KB) AllocSpace objects, 1(20KB) LOS objects, 22% free, 53MB/69MB, paused 574us total 30.974ms
08-04 02:23:56.786 24721 24828 I art     : Starting a blocking GC Explicit
08-04 02:23:56.814 24721 24828 I art     : Explicit concurrent mark sweep GC freed 26(944B) AllocSpace objects, 0(0B) LOS objects, 22% free, 53MB/69MB, paused 677us total 27.118ms
08-04 02:23:56.824 24721 24828 I art     : Starting a blocking GC Explicit
08-04 02:23:56.827   380   380 W SurfaceFlinger: couldn't log to binary event log: overflow.
08-04 02:23:56.847 24721 24828 I art     : Explicit concurrent mark sweep GC freed 111(8KB) AllocSpace objects, 0(0B) LOS objects, 22% free, 53MB/69MB, paused 641us total 22.852ms
08-04 02:23:56.856 24721 24828 I art     : Starting a blocking GC Explicit
08-04 02:23:56.879 24721 24828 I art     : Explicit concurrent mark sweep GC freed 114(5KB) AllocSpace objects, 0(0B) LOS objects, 22% free, 53MB/69MB, paused 512us total 23.203ms
08-04 02:23:56.888 24721 24828 I art     : Starting a blocking GC Explicit
08-04 02:23:56.910 24721 24828 I art     : Explicit concurrent mark sweep GC freed 1543(102KB) AllocSpace objects, 3(180KB) LOS objects, 22% free, 53MB/69MB, paused 532us total 21.764ms
08-04 02:23:57.185 24721 24732 I art     : Starting a blocking GC Explicit
08-04 02:23:57.214 24721 24732 I art     : Explicit concurrent mark sweep GC freed 1344(78KB) AllocSpace objects, 1(20KB) LOS objects, 22% free, 53MB/69MB, paused 745us total 28.659ms
08-04 02:23:57.226 24721 24732 I art     : Starting a blocking GC Explicit
08-04 02:23:57.251 24721 24732 I art     : Explicit concurrent mark sweep GC freed 20(704B) AllocSpace objects, 0(0B) LOS objects, 22% free, 53MB/69MB, paused 544us total 24.453ms
08-04 02:23:57.260 24721 24732 I art     : Starting a blocking GC Explicit
08-04 02:23:57.284 24721 24732 I art     : Explicit concurrent mark sweep GC freed 3(96B) AllocSpace objects, 0(0B) LOS objects, 22% free, 53MB/69MB, paused 553us total 24.016ms
08-04 02:23:57.293 24721 24732 I art     : Starting a blocking GC Explicit
08-04 02:23:57.317 24721 24732 I art     : Explicit concurrent mark sweep GC freed 3(96B) AllocSpace objects, 0(0B) LOS objects, 22% free, 53MB/69MB, paused 549us total 23.833ms
08-04 02:23:57.327 24721 24732 I art     : Starting a blocking GC Explicit
08-04 02:23:57.352 24721 24732 I art     : Explicit concurrent mark sweep GC freed 3(96B) AllocSpace objects, 0(0B) LOS objects, 22% free, 53MB/69MB, paused 569us total 24.522ms
08-04 02:23:57.641 24721 24733 I art     : Starting a blocking GC Explicit
08-04 02:23:57.671 24721 24733 I art     : Explicit concurrent mark sweep GC freed 1344(78KB) AllocSpace objects, 1(20KB) LOS objects, 22% free, 53MB/69MB, paused 613us total 29.577ms
08-04 02:23:57.684 24721 24733 I art     : Starting a blocking GC Explicit
08-04 02:23:57.709 24721 24733 I art     : Explicit concurrent mark sweep GC freed 20(704B) AllocSpace objects, 0(0B) LOS objects, 22% free, 53MB/69MB, paused 574us total 25.127ms
08-04 02:23:57.718 24721 24733 I art     : Starting a blocking GC Explicit
08-04 02:23:57.740 24721 24733 I art     : Explicit concurrent mark sweep GC freed 3(96B) AllocSpace objects, 0(0B) LOS objects, 22% free, 53MB/69MB, paused 539us total 21.779ms
08-04 02:23:57.749 24721 24733 I art     : Starting a blocking GC Explicit
08-04 02:23:57.770 24721 24733 I art     : Explicit concurrent mark sweep GC freed 3(96B) AllocSpace objects, 0(0B) LOS objects, 22% free, 53MB/69MB, paused 560us total 20.907ms
08-04 02:23:57.778 24721 24733 I art     : Starting a blocking GC Explicit
08-04 02:23:57.799 24721 24733 I art     : Explicit concurrent mark sweep GC freed 3(96B) AllocSpace objects, 0(0B) LOS objects, 22% free, 53MB/69MB, paused 538us total 21.002ms
08-04 02:23:58.073 24721 24829 I art     : Starting a blocking GC Explicit
08-04 02:23:58.102 24721 24829 I art     : Explicit concurrent mark sweep GC freed 1344(78KB) AllocSpace objects, 1(20KB) LOS objects, 22% free, 53MB/69MB, paused 566us total 28.360ms
08-04 02:23:58.111 24721 24829 I art     : Starting a blocking GC Explicit
08-04 02:23:58.135 24721 24829 I art     : Explicit concurrent mark sweep GC freed 20(704B) AllocSpace objects, 0(0B) LOS objects, 22% free, 53MB/69MB, paused 558us total 23.589ms
08-04 02:23:58.144 24721 24829 I art     : Starting a blocking GC Explicit
08-04 02:23:58.153 29138 29138 D AndroidRuntime: >>>>>> START com.android.internal.os.RuntimeInit uid 2000 <<<<<<
08-04 02:23:58.158 29138 29138 D AndroidRuntime: CheckJNI is OFF
08-04 02:23:58.167 24721 24829 I art     : Explicit concurrent mark sweep GC freed 3(96B) AllocSpace objects, 0(0B) LOS objects, 22% free, 53MB/69MB, paused 643us total 23.163ms
08-04 02:23:58.176 24721 24829 I art     : Starting a blocking GC Explicit
08-04 02:23:58.193 29138 29138 D ICU     : No timezone override file found: /data/misc/zoneinfo/current/icu/icu_tzdata.dat
08-04 02:23:58.198 24721 24829 I art     : Explicit concurrent mark sweep GC freed 3(96B) AllocSpace objects, 0(0B) LOS objects, 22% free, 53MB/69MB, paused 571us total 22.004ms
08-04 02:23:58.207 24721 24829 I art     : Starting a blocking GC Explicit
08-04 02:23:58.227 29138 29138 I Radio-JNI: register_android_hardware_Radio DONE
08-04 02:23:58.229 24721 24829 I art     : Explicit concurrent mark sweep GC freed 3(96B) AllocSpace objects, 0(0B) LOS objects, 22% free, 53MB/69MB, paused 567us total 22.248ms
08-04 02:23:58.250 29138 29138 D AndroidRuntime: Calling main entry com.android.commands.input.Input
08-04 02:23:58.252 29138 29138 I Input   : injectKeyEvent: KeyEvent { action=ACTION_DOWN, keyCode=KEYCODE_BACK, scanCode=0, metaState=0, flags=0x0, repeatCount=0, eventTime=671054665, downTime=671054665, deviceId=-1, source=0x101 }
08-04 02:23:58.257 29138 29138 I Input   : injectKeyEvent: KeyEvent { action=ACTION_UP, keyCode=KEYCODE_BACK, scanCode=0, metaState=0, flags=0x0, repeatCount=0, eventTime=671054665, downTime=671054665, deviceId=-1, source=0x101 }
08-04 02:23:58.263 29138 29138 D AndroidRuntime: Shutting down VM
08-04 02:23:58.307 13866 13866 I GoogleInputMethodServic: GoogleInputMethodService.onFinishInput():3138 
08-04 02:23:58.308 13866 13866 I GoogleInputMethodServic: GoogleInputMethodService.onStartInput():1808 
08-04 02:23:58.477 24721 24733 I art     : Starting a blocking GC Explicit
08-04 02:23:58.508 24721 24733 I art     : Explicit concurrent mark sweep GC freed 1553(87KB) AllocSpace objects, 1(20KB) LOS objects, 22% free, 53MB/69MB, paused 556us total 31.195ms
08-04 02:23:58.519 24721 24733 I art     : Starting a blocking GC Explicit
08-04 02:23:58.547 24721 24733 I art     : Explicit concurrent mark sweep GC freed 24(864B) AllocSpace objects, 0(0B) LOS objects, 22% free, 53MB/69MB, paused 516us total 27.459ms
08-04 02:23:58.559 24721 24733 I art     : Starting a blocking GC Explicit
08-04 02:23:58.589 24721 24733 I art     : Explicit concurrent mark sweep GC freed 3(96B) AllocSpace objects, 0(0B) LOS objects, 22% free, 53MB/69MB, paused 651us total 29.521ms
08-04 02:23:58.598 24721 24733 I art     : Starting a blocking GC Explicit
08-04 02:23:58.623 24721 24733 I art     : Explicit concurrent mark sweep GC freed 528(26KB) AllocSpace objects, 0(0B) LOS objects, 22% free, 53MB/69MB, paused 519us total 24.216ms
08-04 02:23:58.632 24721 24733 I art     : Starting a blocking GC Explicit
08-04 02:23:58.653 24721 24733 I art     : Explicit concurrent mark sweep GC freed 261(11KB) AllocSpace objects, 0(0B) LOS objects, 22% free, 53MB/69MB, paused 555us total 21.518ms
08-04 02:23:58.945 24721 24829 I art     : Starting a blocking GC Explicit
08-04 02:23:58.977 24721 24829 I art     : Explicit concurrent mark sweep GC freed 3895(247KB) AllocSpace objects, 2(48KB) LOS objects, 23% free, 53MB/69MB, paused 598us total 31.873ms
08-04 02:23:58.990 24721 24829 I art     : Starting a blocking GC Explicit
08-04 02:23:59.013 24721 24829 I art     : Explicit concurrent mark sweep GC freed 20(704B) AllocSpace objects, 0(0B) LOS objects, 23% free, 53MB/69MB, paused 565us total 23.232ms
08-04 02:23:59.022 24721 24829 I art     : Starting a blocking GC Explicit
08-04 02:23:59.046 24721 24829 I art     : Explicit concurrent mark sweep GC freed 3(96B) AllocSpace objects, 0(0B) LOS objects, 23% free, 53MB/69MB, paused 551us total 23.658ms
08-04 02:23:59.055 24721 24829 I art     : Starting a blocking GC Explicit
08-04 02:23:59.079 24721 24829 I art     : Explicit concurrent mark sweep GC freed 3(96B) AllocSpace objects, 0(0B) LOS objects, 23% free, 53MB/69MB, paused 535us total 23.416ms
08-04 02:23:59.088 24721 24829 I art     : Starting a blocking GC Explicit
08-04 02:23:59.111 24721 24829 I art     : Explicit concurrent mark sweep GC freed 3(96B) AllocSpace objects, 0(0B) LOS objects, 23% free, 53MB/69MB, paused 546us total 22.923ms
08-04 02:23:59.416 24721 26903 I art     : Starting a blocking GC Explicit
08-04 02:23:59.445 24721 26903 I art     : Explicit concurrent mark sweep GC freed 1341(78KB) AllocSpace objects, 1(20KB) LOS objects, 23% free, 53MB/69MB, paused 639us total 28.867ms
08-04 02:23:59.458 24721 26903 I art     : Starting a blocking GC Explicit
08-04 02:23:59.481 24721 26903 I art     : Explicit concurrent mark sweep GC freed 20(704B) AllocSpace objects, 0(0B) LOS objects, 23% free, 53MB/69MB, paused 564us total 23.472ms
08-04 02:23:59.491 24721 26903 I art     : Starting a blocking GC Explicit
08-04 02:23:59.513 24721 26903 I art     : Explicit concurrent mark sweep GC freed 3(96B) AllocSpace objects, 0(0B) LOS objects, 23% free, 53MB/69MB, paused 575us total 21.750ms
08-04 02:23:59.521 24721 26903 I art     : Starting a blocking GC Explicit
08-04 02:23:59.543 24721 26903 I art     : Explicit concurrent mark sweep GC freed 3(96B) AllocSpace objects, 0(0B) LOS objects, 23% free, 53MB/69MB, paused 558us total 21.701ms
08-04 02:23:59.552 24721 26903 I art     : Starting a blocking GC Explicit
08-04 02:23:59.573 24721 26903 I art     : Explicit concurrent mark sweep GC freed 3(96B) AllocSpace objects, 0(0B) LOS objects, 23% free, 53MB/69MB, paused 528us total 20.613ms
08-04 02:23:59.850 24721 24828 I art     : Starting a blocking GC Explicit
08-04 02:23:59.874 24721 24828 I art     : Explicit concurrent mark sweep GC freed 1341(78KB) AllocSpace objects, 1(20KB) LOS objects, 23% free, 53MB/69MB, paused 592us total 23.404ms
08-04 02:23:59.883 24721 24828 I art     : Starting a blocking GC Explicit
08-04 02:23:59.905 24721 24828 I art     : Explicit concurrent mark sweep GC freed 20(704B) AllocSpace objects, 0(0B) LOS objects, 23% free, 53MB/69MB, paused 587us total 22.449ms
08-04 02:23:59.915 24721 24828 I art     : Starting a blocking GC Explicit
08-04 02:23:59.937 24721 24828 I art     : Explicit concurrent mark sweep GC freed 3(96B) AllocSpace objects, 0(0B) LOS objects, 23% free, 53MB/69MB, paused 629us total 21.743ms
08-04 02:23:59.945 24721 24828 I art     : Starting a blocking GC Explicit
08-04 02:23:59.967 24721 24828 I art     : Explicit concurrent mark sweep GC freed 3(96B) AllocSpace objects, 0(0B) LOS objects, 23% free, 53MB/69MB, paused 651us total 21.642ms
08-04 02:23:59.976 24721 24828 I art     : Starting a blocking GC Explicit
08-04 02:23:59.980 29195 29195 D AndroidRuntime: >>>>>> START com.android.internal.os.RuntimeInit uid 2000 <<<<<<
08-04 02:23:59.984 29195 29195 D AndroidRuntime: CheckJNI is OFF
08-04 02:23:59.998 24721 24828 I art     : Explicit concurrent mark sweep GC freed 3(96B) AllocSpace objects, 0(0B) LOS objects, 23% free, 53MB/69MB, paused 582us total 21.893ms
08-04 02:24:00.020 29195 29195 D ICU     : No timezone override file found: /data/misc/zoneinfo/current/icu/icu_tzdata.dat
08-04 02:24:00.052 29195 29195 I Radio-JNI: register_android_hardware_Radio DONE
08-04 02:24:00.073 29195 29195 D AndroidRuntime: Calling main entry com.android.commands.am.Am
08-04 02:24:00.080  8825  8825 I Trepn   : Trepn 6.2s: Received intent: com.quicinc.trepn.stop_profiling
08-04 02:24:00.109  8825  8825 I Trepn   : Trepn 6.2s: Trepn has Stopped Profiling.
08-04 02:24:00.248 29195 29195 D AndroidRuntime: Shutting down VM
08-04 02:24:00.251   918  5481 W AppOps  : Finishing op nesting under-run: uid 10078 pkg com.quicinc.trepn code 24 time=0 duration=0 nesting=0
08-04 02:24:00.274 24721 24732 I art     : Starting a blocking GC Explicit
08-04 02:24:00.294 24721 24732 I art     : Explicit concurrent mark sweep GC freed 1341(78KB) AllocSpace objects, 1(20KB) LOS objects, 23% free, 53MB/69MB, paused 530us total 20.353ms
08-04 02:24:00.303 24721 24732 I art     : Starting a blocking GC Explicit
08-04 02:24:00.317   918  3188 I hubconnection: sensorhub said: 'set_bias 3: -6.2400, 0.0000, 0.0000'
08-04 02:24:00.325 24721 24732 I art     : Explicit concurrent mark sweep GC freed 20(704B) AllocSpace objects, 0(0B) LOS objects, 23% free, 53MB/69MB, paused 544us total 21.590ms
08-04 02:24:00.333 24721 24732 I art     : Starting a blocking GC Explicit
08-04 02:24:00.355 24721 24732 I art     : Explicit concurrent mark sweep GC freed 3(96B) AllocSpace objects, 0(0B) LOS objects, 23% free, 53MB/69MB, paused 545us total 21.943ms
08-04 02:24:00.364 24721 24732 I art     : Starting a blocking GC Explicit
08-04 02:24:00.387 24721 24732 I art     : Explicit concurrent mark sweep GC freed 3(96B) AllocSpace objects, 0(0B) LOS objects, 23% free, 53MB/69MB, paused 625us total 22.387ms
08-04 02:24:00.396 24721 24732 I art     : Starting a blocking GC Explicit
08-04 02:24:00.418 24721 24732 I art     : Explicit concurrent mark sweep GC freed 3(96B) AllocSpace objects, 0(0B) LOS objects, 23% free, 53MB/69MB, paused 543us total 22.549ms
08-04 02:24:00.684 24721 24733 I art     : Starting a blocking GC Explicit
08-04 02:24:00.707 24721 24733 I art     : Explicit concurrent mark sweep GC freed 1341(78KB) AllocSpace objects, 1(20KB) LOS objects, 23% free, 53MB/69MB, paused 545us total 22.902ms
08-04 02:24:00.716 24721 24733 I art     : Starting a blocking GC Explicit
08-04 02:24:00.738 24721 24733 I art     : Explicit concurrent mark sweep GC freed 20(704B) AllocSpace objects, 0(0B) LOS objects, 23% free, 53MB/69MB, paused 536us total 21.856ms
08-04 02:24:00.747 24721 24733 I art     : Starting a blocking GC Explicit
08-04 02:24:00.769 24721 24733 I art     : Explicit concurrent mark sweep GC freed 3(96B) AllocSpace objects, 0(0B) LOS objects, 23% free, 53MB/69MB, paused 581us total 21.611ms
08-04 02:24:00.777 24721 24733 I art     : Starting a blocking GC Explicit
08-04 02:24:00.799 24721 24733 I art     : Explicit concurrent mark sweep GC freed 3(96B) AllocSpace objects, 0(0B) LOS objects, 23% free, 53MB/69MB, paused 533us total 20.938ms
08-04 02:24:00.808 24721 24733 I art     : Starting a blocking GC Explicit
08-04 02:24:00.829 24721 24733 I art     : Explicit concurrent mark sweep GC freed 3(96B) AllocSpace objects, 0(0B) LOS objects, 23% free, 53MB/69MB, paused 527us total 21.070ms
08-04 02:24:01.314 28500 28500 I ServiceManager: Waiting for service AtCmdFwd...
08-04 02:24:02.315 28500 28500 I ServiceManager: Waiting for service AtCmdFwd...
