--------- beginning of main
08-04 14:47:42.465 11960 11960 D AndroidRuntime: >>>>>> START com.android.internal.os.RuntimeInit uid 2000 <<<<<<
08-04 14:47:42.471 11960 11960 D AndroidRuntime: CheckJNI is OFF
08-04 14:47:42.507 11960 11960 D ICU     : No timezone override file found: /data/misc/zoneinfo/current/icu/icu_tzdata.dat
08-04 14:47:42.554 11960 11960 I Radio-JNI: register_android_hardware_Radio DONE
08-04 14:47:42.572 11960 11960 D AndroidRuntime: Calling main entry com.android.commands.monkey.Monkey
--------- beginning of system
08-04 14:47:42.592   918   931 W BroadcastQueue: Skipping deliver [background] BroadcastRecord{4b29cd7 u-1 android.net.conn.CONNECTIVITY_CHANGE} to ReceiverList{12079c4 11960 (unknown name)/2000/u-1 remote:b95ae71}: process crashing
08-04 14:47:42.605   918  5952 I ActivityManager: START u0 {act=android.intent.action.MAIN cat=[android.intent.category.LAUNCHER] flg=0x10200000 cmp=baseline.appteam.nith.hillffair/.activities.SplashActivity} from uid 2000 on display 0
08-04 14:47:42.649 11969 11969 I art     : Late-enabling -Xcheck:jni
08-04 14:47:42.652   918  6029 I ActivityManager: Start proc 11969:baseline.appteam.nith.hillffair/u0a651 for activity baseline.appteam.nith.hillffair/.activities.SplashActivity
08-04 14:47:42.661 11960 11960 I art     : System.exit called, status: 0
08-04 14:47:42.661 11960 11960 I AndroidRuntime: VM exiting with result code 0.
08-04 14:47:42.714  2075 22580 I PBSessionCacheImpl: Deleted sessionId[9127543042550561] from persistence.
08-04 14:47:42.720  2075  2107 W SearchServiceCore: Abort, client detached.
08-04 14:47:42.721  2075  2107 I MicroDetectionState: Should stop hotword detection immediately - true
08-04 14:47:42.726 11969 11969 W System  : ClassLoader referenced unknown path: /data/app/baseline.appteam.nith.hillffair-1/lib/arm64
08-04 14:47:42.758 11969 11969 W OneSignal: GCM Library detected, please upgrade to Firebase FCM library as GCM is deprecated!
08-04 14:47:42.808 11969 11969 W art     : Before Android 4.1, method android.graphics.PorterDuffColorFilter androidx.vectordrawable.graphics.drawable.VectorDrawableCompat.updateTintFilter(android.graphics.PorterDuffColorFilter, android.content.res.ColorStateList, android.graphics.PorterDuff$Mode) would have incorrectly overridden the package-private method in android.graphics.drawable.Drawable
08-04 14:47:42.830 11969 11969 I art     : Rejecting re-init on previously-failed class java.lang.Class<androidx.core.view.ViewCompat$2>
08-04 14:47:42.831 11969 11969 I art     : Rejecting re-init on previously-failed class java.lang.Class<androidx.core.view.ViewCompat$2>
08-04 14:47:42.889 11969 11993 D OpenGLRenderer: Use EGL_SWAP_BEHAVIOR_PRESERVED: true
08-04 14:47:42.959 11969 11993 I Adreno  : QUALCOMM build                   : fcf4852, I1af360237c
08-04 14:47:42.959 11969 11993 I Adreno  : Build Date                       : 09/23/15
08-04 14:47:42.959 11969 11993 I Adreno  : OpenGL ES Shader Compiler Version: XE031.05.13.02
08-04 14:47:42.959 11969 11993 I Adreno  : Local Branch                     : mybranch14465806
08-04 14:47:42.959 11969 11993 I Adreno  : Remote Branch                    : quic/LA.BF64.1.2.9_v2
08-04 14:47:42.959 11969 11993 I Adreno  : Remote Branch                    : NONE
08-04 14:47:42.959 11969 11993 I Adreno  : Reconstruct Branch               : NOTHING
08-04 14:47:42.980 11969 11993 I OpenGLRenderer: Initialized EGL, version 1.4
08-04 14:47:43.048 13866 13866 I GoogleInputMethodServic: GoogleInputMethodService.onFinishInput():3138 
08-04 14:47:43.051 13866 13866 I GoogleInputMethodServic: GoogleInputMethodService.onStartInput():1808 
08-04 14:47:43.105   918   936 I ActivityManager: Displayed baseline.appteam.nith.hillffair/.activities.SplashActivity: +492ms
08-04 14:47:43.173 11969 12003 W GCM     : GCM SDK is deprecated, baseline.appteam.nith.hillffair should update to use FCM
08-04 14:47:43.216 24365 23406 W Conscrypt: Could not set socket write timeout: java.net.SocketException: Socket closed
08-04 14:47:43.216 24365 23406 E art     : invalid stream - problem with parameter iterator in /data/app/com.google.android.gms-2/base.apk:classes3.dex for method void com.google.android.gms.org.conscrypt.ConscryptFileDescriptorSocket.setSoWriteTimeout(int)
08-04 14:47:43.217 24365 23406 W Conscrypt: 	at com.google.android.gms.org.conscrypt.Platform.setSocketWriteTimeout(:com.google.android.gms@202614019@20.26.14 (040400-320008519):2)
08-04 14:47:43.217 24365 23406 W Conscrypt: 	at com.google.android.gms.org.conscrypt.ConscryptFileDescriptorSocket.setSoWriteTimeout(:com.google.android.gms@202614019@20.26.14 (040400-320008519))
08-04 14:47:43.241 24365 23406 W Conscrypt: Could not set socket write timeout: java.net.SocketException: Socket closed
08-04 14:47:43.241 24365 23406 E art     : invalid stream - problem with parameter iterator in /data/app/com.google.android.gms-2/base.apk:classes3.dex for method void com.google.android.gms.org.conscrypt.ConscryptFileDescriptorSocket.setSoWriteTimeout(int)
08-04 14:47:43.242 24365 23406 W Conscrypt: 	at com.google.android.gms.org.conscrypt.Platform.setSocketWriteTimeout(:com.google.android.gms@202614019@20.26.14 (040400-320008519):2)
08-04 14:47:43.242 24365 23406 W Conscrypt: 	at com.google.android.gms.org.conscrypt.ConscryptFileDescriptorSocket.setSoWriteTimeout(:com.google.android.gms@202614019@20.26.14 (040400-320008519))
08-04 14:47:43.315 24365 23406 W Conscrypt: Could not set socket write timeout: java.net.SocketException: Socket closed
08-04 14:47:43.315 24365 23406 E art     : invalid stream - problem with parameter iterator in /data/app/com.google.android.gms-2/base.apk:classes3.dex for method void com.google.android.gms.org.conscrypt.ConscryptFileDescriptorSocket.setSoWriteTimeout(int)
08-04 14:47:43.316 24365 23406 W Conscrypt: 	at com.google.android.gms.org.conscrypt.Platform.setSocketWriteTimeout(:com.google.android.gms@202614019@20.26.14 (040400-320008519):2)
08-04 14:47:43.316 24365 23406 W Conscrypt: 	at com.google.android.gms.org.conscrypt.ConscryptFileDescriptorSocket.setSoWriteTimeout(:com.google.android.gms@202614019@20.26.14 (040400-320008519))
08-04 14:47:43.334 24365 23406 W Conscrypt: Could not set socket write timeout: java.net.SocketException: Socket closed
08-04 14:47:43.334 24365 23406 E art     : invalid stream - problem with parameter iterator in /data/app/com.google.android.gms-2/base.apk:classes3.dex for method void com.google.android.gms.org.conscrypt.ConscryptFileDescriptorSocket.setSoWriteTimeout(int)
08-04 14:47:43.335 24365 23406 W Conscrypt: 	at com.google.android.gms.org.conscrypt.Platform.setSocketWriteTimeout(:com.google.android.gms@202614019@20.26.14 (040400-320008519):2)
08-04 14:47:43.335 24365 23406 W Conscrypt: 	at com.google.android.gms.org.conscrypt.ConscryptFileDescriptorSocket.setSoWriteTimeout(:com.google.android.gms@202614019@20.26.14 (040400-320008519))
08-04 14:47:43.513 11969 12003 E OneSignal: Error Getting GCM Token
08-04 14:47:43.513 11969 12003 E OneSignal: java.io.IOException: INVALID_SENDER
08-04 14:47:43.513 11969 12003 E OneSignal: 	at com.google.android.gms.gcm.GoogleCloudMessaging.zzd(Unknown Source)
08-04 14:47:43.513 11969 12003 E OneSignal: 	at com.google.android.gms.gcm.GoogleCloudMessaging.register(Unknown Source)
08-04 14:47:43.513 11969 12003 E OneSignal: 	at com.onesignal.PushRegistratorGCM.getToken(PushRegistratorGCM.java:42)
08-04 14:47:43.513 11969 12003 E OneSignal: 	at com.onesignal.PushRegistratorAbstractGoogle.attemptRegistration(PushRegistratorAbstractGoogle.java:97)
08-04 14:47:43.513 11969 12003 E OneSignal: 	at com.onesignal.PushRegistratorAbstractGoogle.access$100(PushRegistratorAbstractGoogle.java:37)
08-04 14:47:43.513 11969 12003 E OneSignal: 	at com.onesignal.PushRegistratorAbstractGoogle$1.run(PushRegistratorAbstractGoogle.java:84)
08-04 14:47:43.513 11969 12003 E OneSignal: 	at java.lang.Thread.run(Thread.java:818)
08-04 14:47:43.529 11969 12007 I art     : Rejecting re-init on previously-failed class java.lang.Class<com.onesignal.OneSignalChromeTab$OneSignalCustomTabsServiceConnection>
08-04 14:47:43.530 11969 12007 I art     : Rejecting re-init on previously-failed class java.lang.Class<com.onesignal.OneSignalChromeTab$OneSignalCustomTabsServiceConnection>
08-04 14:47:43.557   918  3261 D WifiStateMachine: starting scan for "H369AA63323"WPA_PSK with 2412,5180
08-04 14:47:43.599   918 13197 D NetworkMonitor/NetworkAgentInfo [WIFI () - 158]: Checking http://connectivitycheck.gstatic.com/generate_204 on "H369AA63323", 192.168.2.12=192.168.2.12
08-04 14:47:43.675   918 13197 D NetworkMonitor/NetworkAgentInfo [WIFI () - 158]: Probably not a portal: exception java.io.IOException: unexpected end of stream on Connection{connectivitycheck.gstatic.com:80, proxy=HTTP@/192.168.2.12:8080 hostAddress=192.168.2.12 cipherSuite=none protocol=http/1.1} (recycle count=0)
08-04 14:47:43.681   918  3263 D ConnectivityService: NetworkAgentInfo [WIFI () - 158] validation failed
08-04 14:47:43.683   918  3261 E WifiConfigStore:  rewrite network history for "H369AA63323"WPA_PSK
08-04 14:47:44.265 12020 12020 D AndroidRuntime: >>>>>> START com.android.internal.os.RuntimeInit uid 2000 <<<<<<
08-04 14:47:44.272 12020 12020 D AndroidRuntime: CheckJNI is OFF
08-04 14:47:44.300 12020 12020 D ICU     : No timezone override file found: /data/misc/zoneinfo/current/icu/icu_tzdata.dat
08-04 14:47:44.330 12020 12020 I Radio-JNI: register_android_hardware_Radio DONE
08-04 14:47:44.345 12020 12020 D AndroidRuntime: Calling main entry com.android.commands.am.Am
08-04 14:47:44.358  2375  2375 I Trepn   : Trepn 6.2s: Received intent: com.quicinc.trepn.start_profiling
08-04 14:47:44.363   918  6029 I ActivityManager: START u0 {cmp=baseline.appteam.nith.hillffair/.activities.WelcomeActivity} from uid 10651 on display 0
08-04 14:47:44.402   918  6112 I ActivityManager: START u0 {cmp=baseline.appteam.nith.hillffair/.activities.HomeActivity} from uid 10651 on display 0
08-04 14:47:44.408   918  4400 W ActivityManager: Duplicate finish request for ActivityRecord{ff30742 u0 baseline.appteam.nith.hillffair/.activities.WelcomeActivity t3924 f}
08-04 14:47:44.470  2375  2375 W FileUtils: Failed to chmod(/storage/emulated/0/trepn/Trepn_2020.08.04_144744.db): android.system.ErrnoException: chmod failed: EPERM (Operation not permitted)
08-04 14:47:44.570  2375  2375 I Trepn   : Trepn 6.2s: Trepn has Started Profiling.
08-04 14:47:44.571 12020 12020 D AndroidRuntime: Shutting down VM
08-04 14:47:44.849   918   936 I ActivityManager: Displayed baseline.appteam.nith.hillffair/.activities.HomeActivity: +411ms (total +466ms)
08-04 14:47:44.849 13866 13866 I GoogleInputMethodServic: GoogleInputMethodService.onFinishInput():3138 
08-04 14:47:44.850 13866 13866 I GoogleInputMethodServic: GoogleInputMethodService.onStartInput():1808 
08-04 14:47:44.985 11969 11982 I art     : Starting a blocking GC Explicit
08-04 14:47:45.000 11969 11982 I art     : Explicit concurrent mark sweep GC freed 2263(449KB) AllocSpace objects, 0(0B) LOS objects, 24% free, 48MB/64MB, paused 143us total 14.257ms
08-04 14:47:45.005 11969 11982 I art     : Starting a blocking GC Explicit
08-04 14:47:45.017 11969 11982 I art     : Explicit concurrent mark sweep GC freed 1318(85KB) AllocSpace objects, 0(0B) LOS objects, 25% free, 47MB/63MB, paused 136us total 10.970ms
08-04 14:47:45.022 11969 11982 I art     : Starting a blocking GC Explicit
08-04 14:47:45.032 11969 11982 I art     : Explicit concurrent mark sweep GC freed 3(96B) AllocSpace objects, 0(0B) LOS objects, 25% free, 47MB/63MB, paused 136us total 10.384ms
08-04 14:47:45.037 11969 11982 I art     : Starting a blocking GC Explicit
08-04 14:47:45.048 11969 11982 I art     : Explicit concurrent mark sweep GC freed 3(96B) AllocSpace objects, 0(0B) LOS objects, 25% free, 47MB/63MB, paused 128us total 10.507ms
08-04 14:47:45.053 11969 11982 I art     : Starting a blocking GC Explicit
08-04 14:47:45.064 11969 11982 I art     : Explicit concurrent mark sweep GC freed 3(96B) AllocSpace objects, 0(0B) LOS objects, 25% free, 47MB/63MB, paused 136us total 10.632ms
08-04 14:47:45.098   380   380 W SurfaceFlinger: couldn't log to binary event log: overflow.
08-04 14:47:45.346 11969 11983 I art     : Starting a blocking GC Explicit
08-04 14:47:45.361 11969 11983 I art     : Explicit concurrent mark sweep GC freed 2030(114KB) AllocSpace objects, 1(20KB) LOS objects, 25% free, 47MB/63MB, paused 208us total 14.612ms
08-04 14:47:45.368 11969 11983 I art     : Starting a blocking GC Explicit
08-04 14:47:45.381 11969 11983 I art     : Explicit concurrent mark sweep GC freed 907(59KB) AllocSpace objects, 0(0B) LOS objects, 25% free, 47MB/63MB, paused 165us total 12.158ms
08-04 14:47:45.387 11969 11983 I art     : Starting a blocking GC Explicit
08-04 14:47:45.398 11969 11983 I art     : Explicit concurrent mark sweep GC freed 3(96B) AllocSpace objects, 0(0B) LOS objects, 25% free, 47MB/63MB, paused 156us total 11.192ms
08-04 14:47:45.404 11969 11983 I art     : Starting a blocking GC Explicit
08-04 14:47:45.416 11969 11983 I art     : Explicit concurrent mark sweep GC freed 3(96B) AllocSpace objects, 0(0B) LOS objects, 25% free, 47MB/63MB, paused 157us total 11.443ms
08-04 14:47:45.422 11969 11983 I art     : Starting a blocking GC Explicit
08-04 14:47:45.434 11969 11983 I art     : Explicit concurrent mark sweep GC freed 3(96B) AllocSpace objects, 0(0B) LOS objects, 25% free, 47MB/63MB, paused 158us total 11.572ms
08-04 14:47:45.720 11969 11982 I art     : Starting a blocking GC Explicit
08-04 14:47:45.732 11969 11982 I art     : Explicit concurrent mark sweep GC freed 1341(78KB) AllocSpace objects, 1(20KB) LOS objects, 25% free, 47MB/63MB, paused 141us total 11.488ms
08-04 14:47:45.738 11969 11982 I art     : Starting a blocking GC Explicit
08-04 14:47:45.749 11969 11982 I art     : Explicit concurrent mark sweep GC freed 20(704B) AllocSpace objects, 0(0B) LOS objects, 25% free, 47MB/63MB, paused 140us total 11.056ms
08-04 14:47:45.755 11969 11982 I art     : Starting a blocking GC Explicit
08-04 14:47:45.766 11969 11982 I art     : Explicit concurrent mark sweep GC freed 3(96B) AllocSpace objects, 0(0B) LOS objects, 25% free, 47MB/63MB, paused 139us total 11.135ms
08-04 14:47:45.772 11969 11982 I art     : Starting a blocking GC Explicit
08-04 14:47:45.784 11969 11982 I art     : Explicit concurrent mark sweep GC freed 3(96B) AllocSpace objects, 0(0B) LOS objects, 25% free, 47MB/63MB, paused 145us total 11.397ms
08-04 14:47:45.790 11969 11982 I art     : Starting a blocking GC Explicit
08-04 14:47:45.800 11969 11982 I art     : Explicit concurrent mark sweep GC freed 3(96B) AllocSpace objects, 0(0B) LOS objects, 25% free, 47MB/63MB, paused 151us total 10.434ms
08-04 14:47:46.065 11969 11983 I art     : Starting a blocking GC Explicit
08-04 14:47:46.083 11969 11983 I art     : Explicit concurrent mark sweep GC freed 1342(78KB) AllocSpace objects, 1(20KB) LOS objects, 25% free, 47MB/63MB, paused 195us total 17.090ms
08-04 14:47:46.092 11969 11983 I art     : Starting a blocking GC Explicit
08-04 14:47:46.105 11969 11983 I art     : Explicit concurrent mark sweep GC freed 20(704B) AllocSpace objects, 0(0B) LOS objects, 25% free, 47MB/63MB, paused 166us total 12.065ms
08-04 14:47:46.111 11969 11983 I art     : Starting a blocking GC Explicit
08-04 14:47:46.122 11969 11983 I art     : Explicit concurrent mark sweep GC freed 3(96B) AllocSpace objects, 0(0B) LOS objects, 25% free, 47MB/63MB, paused 150us total 11.398ms
08-04 14:47:46.129 11969 11983 I art     : Starting a blocking GC Explicit
08-04 14:47:46.140 11969 11983 I art     : Explicit concurrent mark sweep GC freed 3(96B) AllocSpace objects, 0(0B) LOS objects, 25% free, 47MB/63MB, paused 146us total 11.471ms
08-04 14:47:46.146 11969 11983 I art     : Starting a blocking GC Explicit
08-04 14:47:46.157 11969 11983 I art     : Explicit concurrent mark sweep GC freed 3(96B) AllocSpace objects, 0(0B) LOS objects, 25% free, 47MB/63MB, paused 156us total 11.067ms
08-04 14:47:46.450 11969 11982 I art     : Starting a blocking GC Explicit
08-04 14:47:46.467 11969 11982 I art     : Explicit concurrent mark sweep GC freed 1340(78KB) AllocSpace objects, 1(20KB) LOS objects, 25% free, 47MB/63MB, paused 204us total 17.426ms
08-04 14:47:46.476 11969 11982 I art     : Starting a blocking GC Explicit
08-04 14:47:46.489 11969 11982 I art     : Explicit concurrent mark sweep GC freed 20(704B) AllocSpace objects, 0(0B) LOS objects, 25% free, 47MB/63MB, paused 162us total 12.645ms
08-04 14:47:46.495 11969 11982 I art     : Starting a blocking GC Explicit
08-04 14:47:46.507 11969 11982 I art     : Explicit concurrent mark sweep GC freed 3(96B) AllocSpace objects, 0(0B) LOS objects, 25% free, 47MB/63MB, paused 166us total 11.823ms
08-04 14:47:46.513 11969 11982 I art     : Starting a blocking GC Explicit
08-04 14:47:46.524 11969 11982 I art     : Explicit concurrent mark sweep GC freed 3(96B) AllocSpace objects, 0(0B) LOS objects, 25% free, 47MB/63MB, paused 145us total 11.315ms
08-04 14:47:46.530 11969 11982 I art     : Starting a blocking GC Explicit
08-04 14:47:46.542 11969 11982 I art     : Explicit concurrent mark sweep GC freed 3(96B) AllocSpace objects, 0(0B) LOS objects, 25% free, 47MB/63MB, paused 140us total 11.482ms
08-04 14:47:46.860 11969 11983 I art     : Starting a blocking GC Explicit
08-04 14:47:46.879 11969 11983 I art     : Explicit concurrent mark sweep GC freed 1339(78KB) AllocSpace objects, 1(20KB) LOS objects, 25% free, 47MB/63MB, paused 171us total 18.573ms
08-04 14:47:46.885 11969 11983 I art     : Starting a blocking GC Explicit
08-04 14:47:46.898 11969 11983 I art     : Explicit concurrent mark sweep GC freed 20(704B) AllocSpace objects, 0(0B) LOS objects, 25% free, 47MB/63MB, paused 160us total 12.459ms
08-04 14:47:46.904 11969 11983 I art     : Starting a blocking GC Explicit
08-04 14:47:46.916 11969 11983 I art     : Explicit concurrent mark sweep GC freed 3(96B) AllocSpace objects, 0(0B) LOS objects, 25% free, 47MB/63MB, paused 158us total 11.342ms
08-04 14:47:46.922 11969 11983 I art     : Starting a blocking GC Explicit
08-04 14:47:46.934 11969 11983 I art     : Explicit concurrent mark sweep GC freed 3(96B) AllocSpace objects, 0(0B) LOS objects, 25% free, 47MB/63MB, paused 158us total 11.574ms
08-04 14:47:46.940 11969 11983 I art     : Starting a blocking GC Explicit
08-04 14:47:46.951 11969 11983 I art     : Explicit concurrent mark sweep GC freed 3(96B) AllocSpace objects, 0(0B) LOS objects, 25% free, 47MB/63MB, paused 156us total 11.317ms
08-04 14:47:47.240 11969 11982 I art     : Starting a blocking GC Explicit
08-04 14:47:47.257 11969 11982 I art     : Explicit concurrent mark sweep GC freed 1339(78KB) AllocSpace objects, 1(20KB) LOS objects, 25% free, 47MB/63MB, paused 215us total 16.819ms
08-04 14:47:47.267 11969 11982 I art     : Starting a blocking GC Explicit
08-04 14:47:47.279 11969 11982 I art     : Explicit concurrent mark sweep GC freed 20(704B) AllocSpace objects, 0(0B) LOS objects, 25% free, 47MB/63MB, paused 159us total 11.661ms
08-04 14:47:47.285 11969 11982 I art     : Starting a blocking GC Explicit
08-04 14:47:47.298 11969 11982 I art     : Explicit concurrent mark sweep GC freed 3(96B) AllocSpace objects, 0(0B) LOS objects, 25% free, 47MB/63MB, paused 155us total 12.151ms
08-04 14:47:47.304 11969 11982 I art     : Starting a blocking GC Explicit
08-04 14:47:47.316 11969 11982 I art     : Explicit concurrent mark sweep GC freed 3(96B) AllocSpace objects, 0(0B) LOS objects, 25% free, 47MB/63MB, paused 154us total 11.773ms
08-04 14:47:47.322 11969 11982 I art     : Starting a blocking GC Explicit
08-04 14:47:47.334 11969 11982 I art     : Explicit concurrent mark sweep GC freed 3(96B) AllocSpace objects, 0(0B) LOS objects, 25% free, 47MB/63MB, paused 147us total 11.371ms
08-04 14:47:47.643 11969 11983 I art     : Starting a blocking GC Explicit
08-04 14:47:47.658 11969 11983 I art     : Explicit concurrent mark sweep GC freed 1339(78KB) AllocSpace objects, 1(20KB) LOS objects, 25% free, 47MB/63MB, paused 177us total 14.502ms
08-04 14:47:47.664 11969 11983 I art     : Starting a blocking GC Explicit
08-04 14:47:47.677 11969 11983 I art     : Explicit concurrent mark sweep GC freed 20(704B) AllocSpace objects, 0(0B) LOS objects, 25% free, 47MB/63MB, paused 256us total 12.259ms
08-04 14:47:47.683 11969 11983 I art     : Starting a blocking GC Explicit
08-04 14:47:47.695 11969 11983 I art     : Explicit concurrent mark sweep GC freed 3(96B) AllocSpace objects, 0(0B) LOS objects, 25% free, 47MB/63MB, paused 149us total 11.881ms
08-04 14:47:47.701 11969 11983 I art     : Starting a blocking GC Explicit
08-04 14:47:47.713 11969 11983 I art     : Explicit concurrent mark sweep GC freed 3(96B) AllocSpace objects, 0(0B) LOS objects, 25% free, 47MB/63MB, paused 151us total 11.253ms
08-04 14:47:47.719 11969 11983 I art     : Starting a blocking GC Explicit
08-04 14:47:47.730 11969 11983 I art     : Explicit concurrent mark sweep GC freed 3(96B) AllocSpace objects, 0(0B) LOS objects, 25% free, 47MB/63MB, paused 158us total 11.362ms
08-04 14:47:48.019 11969 11982 I art     : Starting a blocking GC Explicit
08-04 14:47:48.036 11969 11982 I art     : Explicit concurrent mark sweep GC freed 1339(78KB) AllocSpace objects, 1(20KB) LOS objects, 25% free, 47MB/63MB, paused 177us total 16.791ms
08-04 14:47:48.045 11969 11982 I art     : Starting a blocking GC Explicit
08-04 14:47:48.057 11969 11982 I art     : Explicit concurrent mark sweep GC freed 20(704B) AllocSpace objects, 0(0B) LOS objects, 25% free, 47MB/63MB, paused 147us total 11.842ms
08-04 14:47:48.064 11969 11982 I art     : Starting a blocking GC Explicit
08-04 14:47:48.076 11969 11982 I art     : Explicit concurrent mark sweep GC freed 3(96B) AllocSpace objects, 0(0B) LOS objects, 25% free, 47MB/63MB, paused 152us total 11.810ms
08-04 14:47:48.082 11969 11982 I art     : Starting a blocking GC Explicit
08-04 14:47:48.093 11969 11982 I art     : Explicit concurrent mark sweep GC freed 3(96B) AllocSpace objects, 0(0B) LOS objects, 25% free, 47MB/63MB, paused 152us total 11.313ms
08-04 14:47:48.099 11969 11982 I art     : Starting a blocking GC Explicit
08-04 14:47:48.111 11969 11982 I art     : Explicit concurrent mark sweep GC freed 3(96B) AllocSpace objects, 0(0B) LOS objects, 25% free, 47MB/63MB, paused 148us total 11.434ms
08-04 14:47:48.401 11969 11983 I art     : Starting a blocking GC Explicit
08-04 14:47:48.418 11969 11983 I art     : Explicit concurrent mark sweep GC freed 1338(78KB) AllocSpace objects, 1(20KB) LOS objects, 25% free, 47MB/63MB, paused 190us total 16.423ms
08-04 14:47:48.426 11969 11983 I art     : Starting a blocking GC Explicit
08-04 14:47:48.438 11969 11983 I art     : Explicit concurrent mark sweep GC freed 20(704B) AllocSpace objects, 0(0B) LOS objects, 25% free, 47MB/63MB, paused 164us total 12.088ms
08-04 14:47:48.445 11969 11983 I art     : Starting a blocking GC Explicit
08-04 14:47:48.457 11969 11983 I art     : Explicit concurrent mark sweep GC freed 3(96B) AllocSpace objects, 0(0B) LOS objects, 25% free, 47MB/63MB, paused 203us total 11.833ms
08-04 14:47:48.462 11969 11983 I art     : Starting a blocking GC Explicit
08-04 14:47:48.473 11969 11983 I art     : Explicit concurrent mark sweep GC freed 3(96B) AllocSpace objects, 0(0B) LOS objects, 25% free, 47MB/63MB, paused 147us total 10.623ms
08-04 14:47:48.479 11969 11983 I art     : Starting a blocking GC Explicit
08-04 14:47:48.490 11969 11983 I art     : Explicit concurrent mark sweep GC freed 3(96B) AllocSpace objects, 0(0B) LOS objects, 25% free, 47MB/63MB, paused 137us total 10.234ms
08-04 14:47:48.688 11969 12154 W OneSignal: OneSignalRestClient: POST Error thrown from network stack. 
08-04 14:47:48.688 11969 12154 W OneSignal: java.io.IOException: unexpected end of stream on Connection{api.onesignal.com:443, proxy=HTTP@192.168.2.12:8080 hostAddress=192.168.2.12 cipherSuite=TLS_ECDHE_RSA_WITH_AES_128_GCM_SHA256 protocol=http/1.1} (recycle count=1)
08-04 14:47:48.688 11969 12154 W OneSignal: 	at com.android.okhttp.internal.http.HttpConnection.readResponse(HttpConnection.java:210)
08-04 14:47:48.688 11969 12154 W OneSignal: 	at com.android.okhttp.internal.http.HttpTransport.readResponseHeaders(HttpTransport.java:80)
08-04 14:47:48.688 11969 12154 W OneSignal: 	at com.android.okhttp.internal.http.HttpEngine.readNetworkResponse(HttpEngine.java:904)
08-04 14:47:48.688 11969 12154 W OneSignal: 	at com.android.okhttp.internal.http.HttpEngine.readResponse(HttpEngine.java:788)
08-04 14:47:48.688 11969 12154 W OneSignal: 	at com.android.okhttp.internal.huc.HttpURLConnectionImpl.execute(HttpURLConnectionImpl.java:439)
08-04 14:47:48.688 11969 12154 W OneSignal: 	at com.android.okhttp.internal.huc.HttpURLConnectionImpl.getResponse(HttpURLConnectionImpl.java:384)
08-04 14:47:48.688 11969 12154 W OneSignal: 	at com.android.okhttp.internal.huc.HttpURLConnectionImpl.getResponseCode(HttpURLConnectionImpl.java:497)
08-04 14:47:48.688 11969 12154 W OneSignal: 	at com.android.okhttp.internal.huc.DelegatingHttpsURLConnection.getResponseCode(DelegatingHttpsURLConnection.java:105)
08-04 14:47:48.688 11969 12154 W OneSignal: 	at com.android.okhttp.internal.huc.HttpsURLConnectionImpl.getResponseCode(HttpsURLConnectionImpl.java)
08-04 14:47:48.688 11969 12154 W OneSignal: 	at com.onesignal.OneSignalRestClient.startHTTPConnection(OneSignalRestClient.java:180)
08-04 14:47:48.688 11969 12154 W OneSignal: 	at com.onesignal.OneSignalRestClient.access$100(OneSignalRestClient.java:44)
08-04 14:47:48.688 11969 12154 W OneSignal: 	at com.onesignal.OneSignalRestClient$4.run(OneSignalRestClient.java:110)
08-04 14:47:48.688 11969 12154 W OneSignal: 	at java.lang.Thread.run(Thread.java:818)
08-04 14:47:48.688 11969 12154 W OneSignal: Caused by: java.io.EOFException: \n not found: size=0 content=...
08-04 14:47:48.688 11969 12154 W OneSignal: 	at com.android.okhttp.okio.RealBufferedSource.readUtf8LineStrict(RealBufferedSource.java:200)
08-04 14:47:48.688 11969 12154 W OneSignal: 	at com.android.okhttp.internal.http.HttpConnection.readResponse(HttpConnection.java:191)
08-04 14:47:48.688 11969 12154 W OneSignal: 	... 12 more
08-04 14:47:48.689 11969 12165 W OneSignal: Failed last request. statusCode: -1
08-04 14:47:48.689 11969 12165 W OneSignal: response: null
08-04 14:47:48.750 11969 11982 I art     : Starting a blocking GC Explicit
08-04 14:47:48.764 11969 11982 I art     : Explicit concurrent mark sweep GC freed 1977(154KB) AllocSpace objects, 1(20KB) LOS objects, 25% free, 47MB/63MB, paused 180us total 13.614ms
08-04 14:47:48.771 11969 11982 I art     : Starting a blocking GC Explicit
08-04 14:47:48.783 11969 11982 I art     : Explicit concurrent mark sweep GC freed 30(1168B) AllocSpace objects, 0(0B) LOS objects, 25% free, 47MB/63MB, paused 164us total 12.102ms
08-04 14:47:48.790 11969 11982 I art     : Starting a blocking GC Explicit
08-04 14:47:48.802 11969 11982 I art     : Explicit concurrent mark sweep GC freed 3(96B) AllocSpace objects, 0(0B) LOS objects, 25% free, 47MB/63MB, paused 150us total 11.742ms
08-04 14:47:48.808 11969 11982 I art     : Starting a blocking GC Explicit
08-04 14:47:48.820 11969 11982 I art     : Explicit concurrent mark sweep GC freed 3(96B) AllocSpace objects, 0(0B) LOS objects, 25% free, 47MB/63MB, paused 145us total 11.635ms
08-04 14:47:48.826 11969 11982 I art     : Starting a blocking GC Explicit
08-04 14:47:48.838 11969 11982 I art     : Explicit concurrent mark sweep GC freed 3(96B) AllocSpace objects, 0(0B) LOS objects, 25% free, 47MB/63MB, paused 151us total 11.811ms
08-04 14:47:49.141 11969 11983 I art     : Starting a blocking GC Explicit
08-04 14:47:49.159 11969 11983 I art     : Explicit concurrent mark sweep GC freed 1339(78KB) AllocSpace objects, 1(20KB) LOS objects, 25% free, 47MB/63MB, paused 189us total 17.464ms
08-04 14:47:49.168 11969 11983 I art     : Starting a blocking GC Explicit
08-04 14:47:49.181 11969 11983 I art     : Explicit concurrent mark sweep GC freed 20(704B) AllocSpace objects, 0(0B) LOS objects, 25% free, 47MB/63MB, paused 142us total 12.526ms
08-04 14:47:49.187 11969 11983 I art     : Starting a blocking GC Explicit
08-04 14:47:49.198 11969 11983 I art     : Explicit concurrent mark sweep GC freed 3(96B) AllocSpace objects, 0(0B) LOS objects, 25% free, 47MB/63MB, paused 170us total 11.314ms
08-04 14:47:49.205 11969 11983 I art     : Starting a blocking GC Explicit
08-04 14:47:49.216 11969 11983 I art     : Explicit concurrent mark sweep GC freed 3(96B) AllocSpace objects, 0(0B) LOS objects, 25% free, 47MB/63MB, paused 141us total 10.886ms
08-04 14:47:49.221 11969 11983 I art     : Starting a blocking GC Explicit
08-04 14:47:49.231 11969 11983 I art     : Explicit concurrent mark sweep GC freed 3(96B) AllocSpace objects, 0(0B) LOS objects, 25% free, 47MB/63MB, paused 149us total 10.085ms
08-04 14:47:49.504 12178 12178 D AndroidRuntime: >>>>>> START com.android.internal.os.RuntimeInit uid 2000 <<<<<<
08-04 14:47:49.509 12178 12178 D AndroidRuntime: CheckJNI is OFF
08-04 14:47:49.517 11969 11982 I art     : Starting a blocking GC Explicit
08-04 14:47:49.529 11969 11982 I art     : Explicit concurrent mark sweep GC freed 1339(78KB) AllocSpace objects, 1(20KB) LOS objects, 25% free, 47MB/63MB, paused 162us total 12.006ms
08-04 14:47:49.535 11969 11982 I art     : Starting a blocking GC Explicit
08-04 14:47:49.539 12178 12178 D ICU     : No timezone override file found: /data/misc/zoneinfo/current/icu/icu_tzdata.dat
08-04 14:47:49.547 11969 11982 I art     : Explicit concurrent mark sweep GC freed 20(704B) AllocSpace objects, 0(0B) LOS objects, 25% free, 47MB/63MB, paused 172us total 12.075ms
08-04 14:47:49.554 11969 11982 I art     : Starting a blocking GC Explicit
08-04 14:47:49.564 11969 11982 I art     : Explicit concurrent mark sweep GC freed 3(96B) AllocSpace objects, 0(0B) LOS objects, 25% free, 47MB/63MB, paused 170us total 10.373ms
08-04 14:47:49.565 12178 12178 I Radio-JNI: register_android_hardware_Radio DONE
08-04 14:47:49.570 11969 11982 I art     : Starting a blocking GC Explicit
08-04 14:47:49.580 11969 11982 I art     : Explicit concurrent mark sweep GC freed 3(96B) AllocSpace objects, 0(0B) LOS objects, 25% free, 47MB/63MB, paused 144us total 10.280ms
08-04 14:47:49.581 12178 12178 D AndroidRuntime: Calling main entry com.android.commands.input.Input
08-04 14:47:49.582 12178 12178 I Input   : injectMotionEvent: MotionEvent { action=ACTION_DOWN, actionButton=0, id[0]=0, x[0]=337.0, y[0]=1104.0, toolType[0]=TOOL_TYPE_UNKNOWN, buttonState=0, metaState=0, flags=0x0, edgeFlags=0x0, pointerCount=1, historySize=0, eventTime=715685995, downTime=715685995, deviceId=0, source=0x1002 }
08-04 14:47:49.586 11969 11982 I art     : Starting a blocking GC Explicit
08-04 14:47:49.589 12178 12178 I Input   : injectMotionEvent: MotionEvent { action=ACTION_UP, actionButton=0, id[0]=0, x[0]=337.0, y[0]=1104.0, toolType[0]=TOOL_TYPE_UNKNOWN, buttonState=0, metaState=0, flags=0x0, edgeFlags=0x0, pointerCount=1, historySize=0, eventTime=715685995, downTime=715685995, deviceId=0, source=0x1002 }
08-04 14:47:49.593   918  5132 I ActivityManager: START u0 {cmp=baseline.appteam.nith.hillffair/.activities.BattleDayActivity} from uid 10651 on display 0
08-04 14:47:49.597 11969 11982 I art     : Explicit concurrent mark sweep GC freed 9(4KB) AllocSpace objects, 0(0B) LOS objects, 25% free, 47MB/63MB, paused 286us total 11.740ms
08-04 14:47:49.599 12178 12178 D AndroidRuntime: Shutting down VM
08-04 14:47:49.675 13866 13866 I GoogleInputMethodServic: GoogleInputMethodService.onFinishInput():3138 
08-04 14:47:49.676 13866 13866 I GoogleInputMethodServic: GoogleInputMethodService.onStartInput():1808 
08-04 14:47:49.711   918   936 I ActivityManager: Displayed baseline.appteam.nith.hillffair/.activities.BattleDayActivity: +113ms
08-04 14:47:49.816 11969 12201 I art     : Starting a blocking GC Explicit
08-04 14:47:49.831 11969 12201 I art     : Explicit concurrent mark sweep GC freed 8944(580KB) AllocSpace objects, 1(20KB) LOS objects, 24% free, 48MB/64MB, paused 195us total 14.967ms
08-04 14:47:49.838 11969 12201 I art     : Starting a blocking GC Explicit
08-04 14:47:49.852 11969 12201 I art     : Explicit concurrent mark sweep GC freed 264(11KB) AllocSpace objects, 0(0B) LOS objects, 24% free, 48MB/64MB, paused 199us total 13.529ms
08-04 14:47:49.860 11969 12201 I art     : Starting a blocking GC Explicit
08-04 14:47:49.876 11969 12201 I art     : Explicit concurrent mark sweep GC freed 3(96B) AllocSpace objects, 0(0B) LOS objects, 24% free, 48MB/64MB, paused 194us total 16.021ms
08-04 14:47:49.884 11969 12201 I art     : Starting a blocking GC Explicit
08-04 14:47:49.900 11969 12201 I art     : Explicit concurrent mark sweep GC freed 3(96B) AllocSpace objects, 0(0B) LOS objects, 24% free, 48MB/64MB, paused 230us total 16.314ms
08-04 14:47:49.909 11969 12201 I art     : Starting a blocking GC Explicit
08-04 14:47:49.926 11969 12201 I art     : Explicit concurrent mark sweep GC freed 3(96B) AllocSpace objects, 0(0B) LOS objects, 24% free, 48MB/64MB, paused 234us total 16.276ms
08-04 14:47:49.969   380   380 W SurfaceFlinger: couldn't log to binary event log: overflow.
08-04 14:47:50.211 11969 12201 I art     : Starting a blocking GC Explicit
08-04 14:47:50.228 11969 12201 I art     : Explicit concurrent mark sweep GC freed 1481(90KB) AllocSpace objects, 1(20KB) LOS objects, 24% free, 48MB/64MB, paused 245us total 16.836ms
08-04 14:47:50.235 11969 12201 I art     : Starting a blocking GC Explicit
08-04 14:47:50.250 11969 12201 I art     : Explicit concurrent mark sweep GC freed 38(1296B) AllocSpace objects, 0(0B) LOS objects, 24% free, 48MB/64MB, paused 220us total 14.152ms
08-04 14:47:50.256 11969 12201 I art     : Starting a blocking GC Explicit
08-04 14:47:50.269 11969 12201 I art     : Explicit concurrent mark sweep GC freed 7(272B) AllocSpace objects, 0(0B) LOS objects, 24% free, 48MB/64MB, paused 275us total 12.821ms
08-04 14:47:50.275 11969 12201 I art     : Starting a blocking GC Explicit
08-04 14:47:50.288 11969 12201 I art     : Explicit concurrent mark sweep GC freed 11(384B) AllocSpace objects, 0(0B) LOS objects, 24% free, 48MB/64MB, paused 279us total 12.025ms
08-04 14:47:50.293 11969 12201 I art     : Starting a blocking GC Explicit
08-04 14:47:50.305 11969 12201 I art     : Explicit concurrent mark sweep GC freed 10(384B) AllocSpace objects, 0(0B) LOS objects, 24% free, 48MB/64MB, paused 174us total 11.326ms
08-04 14:47:50.442 11969 12202 D OkHttp  : --> GET https://api-hillfair-2k16.herokuapp.com/api/app/events/special http/1.1
08-04 14:47:50.473 11969 12202 D OkHttp  : <-- 200 OK https://api-hillfair-2k16.herokuapp.com/api/app/events/special (30ms, 554-byte body)
08-04 14:47:50.538 11969 11969 I NAPPA_EXPERIMENTATION: MetricNetworkRequestExecutionTime: REQUEST_DURATION_SYSTEM='902',REQUEST_DURATION_OKHTTP='30',REQUEST_SYNCHRONOUS='FALSE',RESPONSE_CODE='200',RESPONSE_METHOD='GET',RESPONSE_LENGTH_OKHTTP='554',RESPONSE_LENGTH_HEADER='554',REQUEST_PROTOCOL='http/1.1',REQUEST_URL='https://api-hillfair-2k16.herokuapp.com/api/app/events/special',
08-04 14:47:50.563 11969 11982 I art     : Starting a blocking GC Explicit
08-04 14:47:50.581 11969 11982 I art     : Explicit concurrent mark sweep GC freed 4934(327KB) AllocSpace objects, 4(220KB) LOS objects, 24% free, 48MB/64MB, paused 316us total 17.378ms
08-04 14:47:50.593 11969 11982 I art     : Starting a blocking GC Explicit
08-04 14:47:50.608 11969 11982 I art     : Explicit concurrent mark sweep GC freed 1719(153KB) AllocSpace objects, 0(0B) LOS objects, 24% free, 48MB/64MB, paused 401us total 15.190ms
08-04 14:47:50.614 11969 11982 I art     : Starting a blocking GC Explicit
08-04 14:47:50.626 11969 11982 I art     : Explicit concurrent mark sweep GC freed 248(13KB) AllocSpace objects, 0(0B) LOS objects, 24% free, 48MB/64MB, paused 318us total 11.955ms
08-04 14:47:50.632 11969 11982 I art     : Starting a blocking GC Explicit
08-04 14:47:50.644 11969 11982 I art     : Explicit concurrent mark sweep GC freed 119(6KB) AllocSpace objects, 0(0B) LOS objects, 24% free, 48MB/64MB, paused 257us total 12.005ms
08-04 14:47:50.649 11969 11982 I art     : Starting a blocking GC Explicit
08-04 14:47:50.662 11969 11982 I art     : Explicit concurrent mark sweep GC freed 3(96B) AllocSpace objects, 0(0B) LOS objects, 24% free, 48MB/64MB, paused 268us total 12.114ms
08-04 14:47:50.931 11969 11983 I art     : Starting a blocking GC Explicit
08-04 14:47:50.951 11969 11983 I art     : Explicit concurrent mark sweep GC freed 1342(78KB) AllocSpace objects, 1(20KB) LOS objects, 24% free, 48MB/64MB, paused 327us total 19.169ms
08-04 14:47:50.961 11969 11983 I art     : Starting a blocking GC Explicit
08-04 14:47:50.975 11969 11983 I art     : Explicit concurrent mark sweep GC freed 20(704B) AllocSpace objects, 0(0B) LOS objects, 24% free, 48MB/64MB, paused 285us total 14.331ms
08-04 14:47:50.982 11969 11983 I art     : Starting a blocking GC Explicit
08-04 14:47:50.996 11969 11983 I art     : Explicit concurrent mark sweep GC freed 3(96B) AllocSpace objects, 0(0B) LOS objects, 24% free, 48MB/64MB, paused 295us total 14.525ms
08-04 14:47:51.003 11969 11983 I art     : Starting a blocking GC Explicit
08-04 14:47:51.017 11969 11983 I art     : Explicit concurrent mark sweep GC freed 3(96B) AllocSpace objects, 0(0B) LOS objects, 24% free, 48MB/64MB, paused 262us total 14.111ms
08-04 14:47:51.024 11969 11983 I art     : Starting a blocking GC Explicit
08-04 14:47:51.038 11969 11983 I art     : Explicit concurrent mark sweep GC freed 5344(213KB) AllocSpace objects, 0(0B) LOS objects, 24% free, 48MB/64MB, paused 310us total 14.274ms
08-04 14:47:51.056  8510  8510 I ServiceManager: Waiting for service AtCmdFwd...
08-04 14:47:51.274 11969 11983 I art     : Starting a blocking GC Explicit
08-04 14:47:51.290 11969 11983 I art     : Explicit concurrent mark sweep GC freed 4301(338KB) AllocSpace objects, 1(20KB) LOS objects, 23% free, 52MB/68MB, paused 252us total 15.519ms
08-04 14:47:51.297 11969 11983 I art     : Starting a blocking GC Explicit
08-04 14:47:51.311 11969 11983 I art     : Explicit concurrent mark sweep GC freed 163(5KB) AllocSpace objects, 0(0B) LOS objects, 23% free, 52MB/68MB, paused 226us total 13.693ms
08-04 14:47:51.317 11969 11983 I art     : Starting a blocking GC Explicit
08-04 14:47:51.331 11969 11983 I art     : Explicit concurrent mark sweep GC freed 3(96B) AllocSpace objects, 0(0B) LOS objects, 23% free, 52MB/68MB, paused 216us total 13.307ms
08-04 14:47:51.338 11969 11983 I art     : Starting a blocking GC Explicit
08-04 14:47:51.351 11969 11983 I art     : Explicit concurrent mark sweep GC freed 13(12KB) AllocSpace objects, 0(0B) LOS objects, 23% free, 52MB/68MB, paused 225us total 12.834ms
08-04 14:47:51.357 11969 11983 I art     : Starting a blocking GC Explicit
08-04 14:47:51.371 11969 11983 I art     : Explicit concurrent mark sweep GC freed 10(8KB) AllocSpace objects, 0(0B) LOS objects, 23% free, 52MB/68MB, paused 186us total 13.529ms
08-04 14:47:51.667 11969 11982 I art     : Starting a blocking GC Explicit
08-04 14:47:51.688 11969 11982 I art     : Explicit concurrent mark sweep GC freed 1343(78KB) AllocSpace objects, 1(20KB) LOS objects, 23% free, 52MB/68MB, paused 349us total 20.522ms
08-04 14:47:51.702 11969 11982 I art     : Starting a blocking GC Explicit
08-04 14:47:51.716 11969 11982 I art     : Explicit concurrent mark sweep GC freed 20(704B) AllocSpace objects, 0(0B) LOS objects, 23% free, 52MB/68MB, paused 211us total 13.347ms
08-04 14:47:51.722 11969 11982 I art     : Starting a blocking GC Explicit
08-04 14:47:51.735 11969 11982 I art     : Explicit concurrent mark sweep GC freed 3(96B) AllocSpace objects, 0(0B) LOS objects, 23% free, 52MB/68MB, paused 202us total 13.101ms
08-04 14:47:51.741 11969 11982 I art     : Starting a blocking GC Explicit
08-04 14:47:51.754 11969 11982 I art     : Explicit concurrent mark sweep GC freed 3(96B) AllocSpace objects, 0(0B) LOS objects, 23% free, 52MB/68MB, paused 200us total 13.119ms
08-04 14:47:51.761 11969 11982 I art     : Starting a blocking GC Explicit
08-04 14:47:51.774 11969 11982 I art     : Explicit concurrent mark sweep GC freed 3(96B) AllocSpace objects, 0(0B) LOS objects, 23% free, 52MB/68MB, paused 200us total 13.213ms
08-04 14:47:52.057  8510  8510 I ServiceManager: Waiting for service AtCmdFwd...
08-04 14:47:52.061 11969 12201 I art     : Starting a blocking GC Explicit
08-04 14:47:52.082 11969 12201 I art     : Explicit concurrent mark sweep GC freed 1340(78KB) AllocSpace objects, 1(20KB) LOS objects, 23% free, 52MB/68MB, paused 262us total 20.158ms
08-04 14:47:52.092 11969 12201 I art     : Starting a blocking GC Explicit
08-04 14:47:52.107 11969 12201 I art     : Explicit concurrent mark sweep GC freed 20(704B) AllocSpace objects, 0(0B) LOS objects, 23% free, 52MB/68MB, paused 249us total 14.664ms
08-04 14:47:52.114 11969 12201 I art     : Starting a blocking GC Explicit
08-04 14:47:52.128 11969 12201 I art     : Explicit concurrent mark sweep GC freed 3(96B) AllocSpace objects, 0(0B) LOS objects, 23% free, 52MB/68MB, paused 209us total 14.330ms
08-04 14:47:52.135 11969 12201 I art     : Starting a blocking GC Explicit
08-04 14:47:52.149 11969 12201 I art     : Explicit concurrent mark sweep GC freed 3(96B) AllocSpace objects, 0(0B) LOS objects, 23% free, 52MB/68MB, paused 226us total 13.908ms
08-04 14:47:52.155 11969 12201 I art     : Starting a blocking GC Explicit
08-04 14:47:52.169 11969 12201 I art     : Explicit concurrent mark sweep GC freed 3(96B) AllocSpace objects, 0(0B) LOS objects, 23% free, 52MB/68MB, paused 219us total 14.044ms
08-04 14:47:52.492 11969 11983 I art     : Starting a blocking GC Explicit
08-04 14:47:52.513 11969 11983 I art     : Explicit concurrent mark sweep GC freed 1340(78KB) AllocSpace objects, 1(20KB) LOS objects, 23% free, 52MB/68MB, paused 269us total 20.847ms
08-04 14:47:52.523 11969 11983 I art     : Starting a blocking GC Explicit
08-04 14:47:52.538 11969 11983 I art     : Explicit concurrent mark sweep GC freed 20(704B) AllocSpace objects, 0(0B) LOS objects, 23% free, 52MB/68MB, paused 212us total 14.955ms
08-04 14:47:52.545 11969 11983 I art     : Starting a blocking GC Explicit
08-04 14:47:52.559 11969 11983 I art     : Explicit concurrent mark sweep GC freed 3(96B) AllocSpace objects, 0(0B) LOS objects, 23% free, 52MB/68MB, paused 208us total 14.026ms
08-04 14:47:52.566 11969 11983 I art     : Starting a blocking GC Explicit
08-04 14:47:52.580 11969 11983 I art     : Explicit concurrent mark sweep GC freed 3(96B) AllocSpace objects, 0(0B) LOS objects, 23% free, 52MB/68MB, paused 206us total 13.948ms
08-04 14:47:52.586 11969 11983 I art     : Starting a blocking GC Explicit
08-04 14:47:52.600 11969 11983 I art     : Explicit concurrent mark sweep GC freed 3(96B) AllocSpace objects, 0(0B) LOS objects, 23% free, 52MB/68MB, paused 247us total 13.885ms
08-04 14:47:52.901 11969 11982 I art     : Starting a blocking GC Explicit
08-04 14:47:52.920 11969 11982 I art     : Explicit concurrent mark sweep GC freed 1340(78KB) AllocSpace objects, 1(20KB) LOS objects, 23% free, 52MB/68MB, paused 256us total 18.650ms
08-04 14:47:52.930 11969 11982 I art     : Starting a blocking GC Explicit
08-04 14:47:52.945 11969 11982 I art     : Explicit concurrent mark sweep GC freed 20(704B) AllocSpace objects, 0(0B) LOS objects, 23% free, 52MB/68MB, paused 217us total 14.414ms
08-04 14:47:52.952 11969 11982 I art     : Starting a blocking GC Explicit
08-04 14:47:52.966 11969 11982 I art     : Explicit concurrent mark sweep GC freed 3(96B) AllocSpace objects, 0(0B) LOS objects, 23% free, 52MB/68MB, paused 212us total 14.435ms
08-04 14:47:52.973 11969 11982 I art     : Starting a blocking GC Explicit
08-04 14:47:52.987 11969 11982 I art     : Explicit concurrent mark sweep GC freed 3(96B) AllocSpace objects, 0(0B) LOS objects, 23% free, 52MB/68MB, paused 218us total 13.794ms
08-04 14:47:52.993 11969 11982 I art     : Starting a blocking GC Explicit
08-04 14:47:53.007 11969 11982 I art     : Explicit concurrent mark sweep GC freed 3(96B) AllocSpace objects, 0(0B) LOS objects, 23% free, 52MB/68MB, paused 218us total 13.659ms
08-04 14:47:53.058  8510  8510 I ServiceManager: Waiting for service AtCmdFwd...
08-04 14:47:53.305 11969 12201 I art     : Starting a blocking GC Explicit
08-04 14:47:53.325 11969 12201 I art     : Explicit concurrent mark sweep GC freed 1340(78KB) AllocSpace objects, 1(20KB) LOS objects, 23% free, 52MB/68MB, paused 258us total 19.632ms
08-04 14:47:53.334 11969 12201 I art     : Starting a blocking GC Explicit
08-04 14:47:53.349 11969 12201 I art     : Explicit concurrent mark sweep GC freed 20(704B) AllocSpace objects, 0(0B) LOS objects, 23% free, 52MB/68MB, paused 218us total 14.447ms
08-04 14:47:53.355 11969 12201 I art     : Starting a blocking GC Explicit
08-04 14:47:53.369 11969 12201 I art     : Explicit concurrent mark sweep GC freed 3(96B) AllocSpace objects, 0(0B) LOS objects, 23% free, 52MB/68MB, paused 210us total 14.033ms
08-04 14:47:53.376 11969 12201 I art     : Starting a blocking GC Explicit
08-04 14:47:53.390 11969 12201 I art     : Explicit concurrent mark sweep GC freed 3(96B) AllocSpace objects, 0(0B) LOS objects, 23% free, 52MB/68MB, paused 221us total 14.100ms
08-04 14:47:53.397 11969 12201 I art     : Starting a blocking GC Explicit
08-04 14:47:53.411 11969 12201 I art     : Explicit concurrent mark sweep GC freed 3(96B) AllocSpace objects, 0(0B) LOS objects, 23% free, 52MB/68MB, paused 218us total 14.110ms
08-04 14:47:53.726 11969 11983 I art     : Starting a blocking GC Explicit
08-04 14:47:53.747 11969 11983 I art     : Explicit concurrent mark sweep GC freed 1340(78KB) AllocSpace objects, 1(20KB) LOS objects, 23% free, 52MB/68MB, paused 255us total 20.288ms
08-04 14:47:53.757 11969 11983 I art     : Starting a blocking GC Explicit
08-04 14:47:53.775 11969 11983 I art     : Explicit concurrent mark sweep GC freed 20(704B) AllocSpace objects, 0(0B) LOS objects, 23% free, 52MB/68MB, paused 242us total 17.660ms
08-04 14:47:53.783 11969 11983 I art     : Starting a blocking GC Explicit
08-04 14:47:53.798 11969 11983 I art     : Explicit concurrent mark sweep GC freed 3(96B) AllocSpace objects, 0(0B) LOS objects, 23% free, 52MB/68MB, paused 220us total 14.424ms
08-04 14:47:53.805 11969 11983 I art     : Starting a blocking GC Explicit
08-04 14:47:53.819 11969 11983 I art     : Explicit concurrent mark sweep GC freed 3(96B) AllocSpace objects, 0(0B) LOS objects, 23% free, 52MB/68MB, paused 202us total 14.633ms
08-04 14:47:53.826 11969 11983 I art     : Starting a blocking GC Explicit
08-04 14:47:53.840 11969 11983 I art     : Explicit concurrent mark sweep GC freed 3(96B) AllocSpace objects, 0(0B) LOS objects, 23% free, 52MB/68MB, paused 217us total 14ms
08-04 14:47:54.058  8510  8510 I ServiceManager: Waiting for service AtCmdFwd...
08-04 14:47:54.133 11969 11982 I art     : Starting a blocking GC Explicit
08-04 14:47:54.154 11969 11982 I art     : Explicit concurrent mark sweep GC freed 1340(78KB) AllocSpace objects, 1(20KB) LOS objects, 23% free, 52MB/68MB, paused 249us total 19.808ms
08-04 14:47:54.162 11969 11982 I art     : Starting a blocking GC Explicit
08-04 14:47:54.176 11969 11982 I art     : Explicit concurrent mark sweep GC freed 20(704B) AllocSpace objects, 0(0B) LOS objects, 23% free, 52MB/68MB, paused 220us total 14.276ms
08-04 14:47:54.183 11969 11982 I art     : Starting a blocking GC Explicit
08-04 14:47:54.197 11969 11982 I art     : Explicit concurrent mark sweep GC freed 3(96B) AllocSpace objects, 0(0B) LOS objects, 23% free, 52MB/68MB, paused 211us total 13.705ms
08-04 14:47:54.204 11969 11982 I art     : Starting a blocking GC Explicit
08-04 14:47:54.217 11969 11982 I art     : Explicit concurrent mark sweep GC freed 3(96B) AllocSpace objects, 0(0B) LOS objects, 23% free, 52MB/68MB, paused 206us total 13.698ms
08-04 14:47:54.224 11969 11982 I art     : Starting a blocking GC Explicit
08-04 14:47:54.237 11969 11982 I art     : Explicit concurrent mark sweep GC freed 3(96B) AllocSpace objects, 0(0B) LOS objects, 23% free, 52MB/68MB, paused 208us total 13.575ms
08-04 14:47:54.545 11969 12201 I art     : Starting a blocking GC Explicit
08-04 14:47:54.565 11969 12201 I art     : Explicit concurrent mark sweep GC freed 1340(78KB) AllocSpace objects, 1(20KB) LOS objects, 23% free, 52MB/68MB, paused 250us total 19.893ms
08-04 14:47:54.574 11969 12201 I art     : Starting a blocking GC Explicit
08-04 14:47:54.589 11969 12201 I art     : Explicit concurrent mark sweep GC freed 20(704B) AllocSpace objects, 0(0B) LOS objects, 23% free, 52MB/68MB, paused 210us total 14.435ms
08-04 14:47:54.595 11969 12201 I art     : Starting a blocking GC Explicit
08-04 14:47:54.610 11969 12201 I art     : Explicit concurrent mark sweep GC freed 3(96B) AllocSpace objects, 0(0B) LOS objects, 23% free, 52MB/68MB, paused 221us total 14.335ms
08-04 14:47:54.616 11969 12201 I art     : Starting a blocking GC Explicit
08-04 14:47:54.630 11969 12201 I art     : Explicit concurrent mark sweep GC freed 3(96B) AllocSpace objects, 0(0B) LOS objects, 23% free, 52MB/68MB, paused 222us total 13.853ms
08-04 14:47:54.637 11969 12201 I art     : Starting a blocking GC Explicit
08-04 14:47:54.651 11969 12201 I art     : Explicit concurrent mark sweep GC freed 3(96B) AllocSpace objects, 0(0B) LOS objects, 23% free, 52MB/68MB, paused 206us total 14.055ms
08-04 14:47:54.961 11969 11983 I art     : Starting a blocking GC Explicit
08-04 14:47:54.981 11969 11983 I art     : Explicit concurrent mark sweep GC freed 1340(78KB) AllocSpace objects, 1(20KB) LOS objects, 23% free, 52MB/68MB, paused 246us total 19.838ms
08-04 14:47:54.990 11969 11983 I art     : Starting a blocking GC Explicit
08-04 14:47:55.005 11969 11983 I art     : Explicit concurrent mark sweep GC freed 20(704B) AllocSpace objects, 0(0B) LOS objects, 23% free, 52MB/68MB, paused 213us total 14.427ms
08-04 14:47:55.012 11969 11983 I art     : Starting a blocking GC Explicit
08-04 14:47:55.026 11969 11983 I art     : Explicit concurrent mark sweep GC freed 3(96B) AllocSpace objects, 0(0B) LOS objects, 23% free, 52MB/68MB, paused 214us total 14.136ms
08-04 14:47:55.033 11969 11983 I art     : Starting a blocking GC Explicit
08-04 14:47:55.047 11969 11983 I art     : Explicit concurrent mark sweep GC freed 3(96B) AllocSpace objects, 0(0B) LOS objects, 23% free, 52MB/68MB, paused 245us total 14.230ms
08-04 14:47:55.054 11969 11983 I art     : Starting a blocking GC Explicit
08-04 14:47:55.059  8510  8510 I ServiceManager: Waiting for service AtCmdFwd...
08-04 14:47:55.068 11969 11983 I art     : Explicit concurrent mark sweep GC freed 3(96B) AllocSpace objects, 0(0B) LOS objects, 23% free, 52MB/68MB, paused 213us total 13.990ms
08-04 14:47:55.340 11969 11982 I art     : Starting a blocking GC Explicit
08-04 14:47:55.355 11969 11982 I art     : Explicit concurrent mark sweep GC freed 1340(78KB) AllocSpace objects, 1(20KB) LOS objects, 23% free, 52MB/68MB, paused 215us total 15.005ms
08-04 14:47:55.362 11969 11982 I art     : Starting a blocking GC Explicit
08-04 14:47:55.377 11969 11982 I art     : Explicit concurrent mark sweep GC freed 20(704B) AllocSpace objects, 0(0B) LOS objects, 23% free, 52MB/68MB, paused 226us total 14.454ms
08-04 14:47:55.384 11969 11982 I art     : Starting a blocking GC Explicit
08-04 14:47:55.397 11969 11982 I art     : Explicit concurrent mark sweep GC freed 3(96B) AllocSpace objects, 0(0B) LOS objects, 23% free, 52MB/68MB, paused 213us total 13.766ms
08-04 14:47:55.404 11969 11982 I art     : Starting a blocking GC Explicit
08-04 14:47:55.418 11969 11982 I art     : Explicit concurrent mark sweep GC freed 3(96B) AllocSpace objects, 0(0B) LOS objects, 23% free, 52MB/68MB, paused 219us total 13.665ms
08-04 14:47:55.424 11969 11982 I art     : Starting a blocking GC Explicit
08-04 14:47:55.438 11969 11982 I art     : Explicit concurrent mark sweep GC freed 3(96B) AllocSpace objects, 0(0B) LOS objects, 23% free, 52MB/68MB, paused 196us total 13.732ms
08-04 14:47:55.754 11969 12201 I art     : Starting a blocking GC Explicit
08-04 14:47:55.778 11969 12201 I art     : Explicit concurrent mark sweep GC freed 1340(78KB) AllocSpace objects, 1(20KB) LOS objects, 23% free, 52MB/68MB, paused 262us total 23.169ms
08-04 14:47:55.788 11969 12201 I art     : Starting a blocking GC Explicit
08-04 14:47:55.807 11969 12201 I art     : Explicit concurrent mark sweep GC freed 20(704B) AllocSpace objects, 0(0B) LOS objects, 23% free, 52MB/68MB, paused 237us total 17.958ms
08-04 14:47:55.815 11969 12201 I art     : Starting a blocking GC Explicit
08-04 14:47:55.829 11969 12201 I art     : Explicit concurrent mark sweep GC freed 3(96B) AllocSpace objects, 0(0B) LOS objects, 23% free, 52MB/68MB, paused 216us total 14.587ms
08-04 14:47:55.836 11969 12201 I art     : Starting a blocking GC Explicit
08-04 14:47:55.851 11969 12201 I art     : Explicit concurrent mark sweep GC freed 3(96B) AllocSpace objects, 0(0B) LOS objects, 23% free, 52MB/68MB, paused 200us total 14.342ms
08-04 14:47:55.857 11969 12201 I art     : Starting a blocking GC Explicit
08-04 14:47:55.871 11969 12201 I art     : Explicit concurrent mark sweep GC freed 3(96B) AllocSpace objects, 0(0B) LOS objects, 23% free, 52MB/68MB, paused 212us total 14.055ms
08-04 14:47:56.059  8510  8510 W Atfwd_Sendcmd: AtCmdFwd service not published, waiting... retryCnt : 3
08-04 14:47:56.202 11969 11983 I art     : Starting a blocking GC Explicit
08-04 14:47:56.228 11969 11983 I art     : Explicit concurrent mark sweep GC freed 1340(78KB) AllocSpace objects, 1(20KB) LOS objects, 23% free, 52MB/68MB, paused 297us total 25.105ms
08-04 14:47:56.237 11969 11983 I art     : Starting a blocking GC Explicit
08-04 14:47:56.251 11969 11983 I art     : Explicit concurrent mark sweep GC freed 20(704B) AllocSpace objects, 0(0B) LOS objects, 23% free, 52MB/68MB, paused 216us total 14.158ms
08-04 14:47:56.258 11969 11983 I art     : Starting a blocking GC Explicit
08-04 14:47:56.272 11969 11983 I art     : Explicit concurrent mark sweep GC freed 3(96B) AllocSpace objects, 0(0B) LOS objects, 23% free, 52MB/68MB, paused 205us total 13.755ms
08-04 14:47:56.278 11969 11983 I art     : Starting a blocking GC Explicit
08-04 14:47:56.292 11969 11983 I art     : Explicit concurrent mark sweep GC freed 3(96B) AllocSpace objects, 0(0B) LOS objects, 23% free, 52MB/68MB, paused 204us total 13.454ms
08-04 14:47:56.298 11969 11983 I art     : Starting a blocking GC Explicit
08-04 14:47:56.312 11969 11983 I art     : Explicit concurrent mark sweep GC freed 3(96B) AllocSpace objects, 0(0B) LOS objects, 23% free, 52MB/68MB, paused 208us total 13.581ms
08-04 14:47:56.623 11969 11982 I art     : Starting a blocking GC Explicit
08-04 14:47:56.644 11969 11982 I art     : Explicit concurrent mark sweep GC freed 1340(78KB) AllocSpace objects, 1(20KB) LOS objects, 23% free, 52MB/68MB, paused 230us total 20.274ms
08-04 14:47:56.654 11969 11982 I art     : Starting a blocking GC Explicit
08-04 14:47:56.672 11969 11982 I art     : Explicit concurrent mark sweep GC freed 20(704B) AllocSpace objects, 0(0B) LOS objects, 23% free, 52MB/68MB, paused 236us total 18.056ms
08-04 14:47:56.681 11969 11982 I art     : Starting a blocking GC Explicit
08-04 14:47:56.695 11969 11982 I art     : Explicit concurrent mark sweep GC freed 3(96B) AllocSpace objects, 0(0B) LOS objects, 23% free, 52MB/68MB, paused 201us total 13.878ms
08-04 14:47:56.701 11969 11982 I art     : Starting a blocking GC Explicit
08-04 14:47:56.715 11969 11982 I art     : Explicit concurrent mark sweep GC freed 3(96B) AllocSpace objects, 0(0B) LOS objects, 23% free, 52MB/68MB, paused 252us total 13.903ms
08-04 14:47:56.722 11969 11982 I art     : Starting a blocking GC Explicit
08-04 14:47:56.736 11969 11982 I art     : Explicit concurrent mark sweep GC freed 3(96B) AllocSpace objects, 0(0B) LOS objects, 23% free, 52MB/68MB, paused 207us total 14.041ms
08-04 14:47:57.048 11969 12201 I art     : Starting a blocking GC Explicit
08-04 14:47:57.073 11969 12201 I art     : Explicit concurrent mark sweep GC freed 1340(78KB) AllocSpace objects, 1(20KB) LOS objects, 23% free, 52MB/68MB, paused 255us total 24.437ms
08-04 14:47:57.083 11969 12201 I art     : Starting a blocking GC Explicit
08-04 14:47:57.099 11969 12201 I art     : Explicit concurrent mark sweep GC freed 20(704B) AllocSpace objects, 0(0B) LOS objects, 23% free, 52MB/68MB, paused 215us total 15.755ms
08-04 14:47:57.106 11969 12201 I art     : Starting a blocking GC Explicit
08-04 14:47:57.120 11969 12201 I art     : Explicit concurrent mark sweep GC freed 3(96B) AllocSpace objects, 0(0B) LOS objects, 23% free, 52MB/68MB, paused 210us total 14.116ms
08-04 14:47:57.127 11969 12201 I art     : Starting a blocking GC Explicit
08-04 14:47:57.141 11969 12201 I art     : Explicit concurrent mark sweep GC freed 3(96B) AllocSpace objects, 0(0B) LOS objects, 23% free, 52MB/68MB, paused 210us total 14.173ms
08-04 14:47:57.148 11969 12201 I art     : Starting a blocking GC Explicit
08-04 14:47:57.161 11969 12201 I art     : Explicit concurrent mark sweep GC freed 3(96B) AllocSpace objects, 0(0B) LOS objects, 23% free, 52MB/68MB, paused 219us total 13.562ms
08-04 14:47:57.473 11969 11983 I art     : Starting a blocking GC Explicit
08-04 14:47:57.494 11969 11983 I art     : Explicit concurrent mark sweep GC freed 1340(78KB) AllocSpace objects, 1(20KB) LOS objects, 23% free, 52MB/68MB, paused 240us total 20.448ms
08-04 14:47:57.504 11969 11983 I art     : Starting a blocking GC Explicit
08-04 14:47:57.523 11969 11983 I art     : Explicit concurrent mark sweep GC freed 20(704B) AllocSpace objects, 0(0B) LOS objects, 23% free, 52MB/68MB, paused 238us total 18.093ms
08-04 14:47:57.530 11969 11983 I art     : Starting a blocking GC Explicit
08-04 14:47:57.545 11969 11983 I art     : Explicit concurrent mark sweep GC freed 3(96B) AllocSpace objects, 0(0B) LOS objects, 23% free, 52MB/68MB, paused 209us total 14.575ms
08-04 14:47:57.552 11969 11983 I art     : Starting a blocking GC Explicit
08-04 14:47:57.566 11969 11983 I art     : Explicit concurrent mark sweep GC freed 3(96B) AllocSpace objects, 0(0B) LOS objects, 23% free, 52MB/68MB, paused 229us total 13.986ms
08-04 14:47:57.572 11969 11983 I art     : Starting a blocking GC Explicit
08-04 14:47:57.586 11969 11983 I art     : Explicit concurrent mark sweep GC freed 3(96B) AllocSpace objects, 0(0B) LOS objects, 23% free, 52MB/68MB, paused 207us total 13.621ms
08-04 14:47:57.877 11969 11982 I art     : Starting a blocking GC Explicit
08-04 14:47:57.893 11969 11982 I art     : Explicit concurrent mark sweep GC freed 1340(78KB) AllocSpace objects, 1(20KB) LOS objects, 23% free, 52MB/68MB, paused 229us total 15.665ms
08-04 14:47:57.900 11969 11982 I art     : Starting a blocking GC Explicit
08-04 14:47:57.914 11969 11982 I art     : Explicit concurrent mark sweep GC freed 20(704B) AllocSpace objects, 0(0B) LOS objects, 23% free, 52MB/68MB, paused 207us total 14.128ms
08-04 14:47:57.921 11969 11982 I art     : Starting a blocking GC Explicit
08-04 14:47:57.934 11969 11982 I art     : Explicit concurrent mark sweep GC freed 3(96B) AllocSpace objects, 0(0B) LOS objects, 23% free, 52MB/68MB, paused 205us total 12.819ms
08-04 14:47:57.940 11969 11982 I art     : Starting a blocking GC Explicit
08-04 14:47:57.953 11969 11982 I art     : Explicit concurrent mark sweep GC freed 3(96B) AllocSpace objects, 0(0B) LOS objects, 23% free, 52MB/68MB, paused 200us total 12.861ms
08-04 14:47:57.959 11969 11982 I art     : Starting a blocking GC Explicit
08-04 14:47:57.972 11969 11982 I art     : Explicit concurrent mark sweep GC freed 3(96B) AllocSpace objects, 0(0B) LOS objects, 23% free, 52MB/68MB, paused 195us total 12.387ms
08-04 14:47:58.157 12425 12425 D AndroidRuntime: >>>>>> START com.android.internal.os.RuntimeInit uid 2000 <<<<<<
08-04 14:47:58.161 12425 12425 D AndroidRuntime: CheckJNI is OFF
08-04 14:47:58.186 12425 12425 D ICU     : No timezone override file found: /data/misc/zoneinfo/current/icu/icu_tzdata.dat
08-04 14:47:58.212 12425 12425 I Radio-JNI: register_android_hardware_Radio DONE
08-04 14:47:58.229 12425 12425 D AndroidRuntime: Calling main entry com.android.commands.input.Input
08-04 14:47:58.231 12425 12425 I Input   : injectMotionEvent: MotionEvent { action=ACTION_DOWN, actionButton=0, id[0]=0, x[0]=733.0, y[0]=645.0, toolType[0]=TOOL_TYPE_UNKNOWN, buttonState=0, metaState=0, flags=0x0, edgeFlags=0x0, pointerCount=1, historySize=0, eventTime=715694644, downTime=715694644, deviceId=0, source=0x1002 }
08-04 14:47:58.235 12425 12425 I Input   : injectMotionEvent: MotionEvent { action=ACTION_UP, actionButton=0, id[0]=0, x[0]=733.0, y[0]=645.0, toolType[0]=TOOL_TYPE_UNKNOWN, buttonState=0, metaState=0, flags=0x0, edgeFlags=0x0, pointerCount=1, historySize=0, eventTime=715694644, downTime=715694644, deviceId=0, source=0x1002 }
08-04 14:47:58.238   918  5132 I ActivityManager: START u0 {cmp=baseline.appteam.nith.hillffair/.activities.ClubActivity (has extras)} from uid 10651 on display 0
08-04 14:47:58.240 11969 12201 I art     : Starting a blocking GC Explicit
08-04 14:47:58.245 12425 12425 D AndroidRuntime: Shutting down VM
08-04 14:47:58.259 11969 12201 I art     : Explicit concurrent mark sweep GC freed 1471(94KB) AllocSpace objects, 1(20KB) LOS objects, 23% free, 52MB/68MB, paused 294us total 18.848ms
08-04 14:47:58.266 11969 12201 I art     : Starting a blocking GC Explicit
08-04 14:47:58.282 11969 12201 I art     : Explicit concurrent mark sweep GC freed 3127(176KB) AllocSpace objects, 0(0B) LOS objects, 23% free, 52MB/68MB, paused 608us total 16.374ms
08-04 14:47:58.291 11969 12201 I art     : Starting a blocking GC Explicit
08-04 14:47:58.304 11969 12201 I art     : Explicit concurrent mark sweep GC freed 571(52KB) AllocSpace objects, 0(0B) LOS objects, 23% free, 52MB/68MB, paused 249us total 13.047ms
08-04 14:47:58.310 11969 12201 I art     : Starting a blocking GC Explicit
08-04 14:47:58.323 11969 12201 I art     : Explicit concurrent mark sweep GC freed 189(7KB) AllocSpace objects, 0(0B) LOS objects, 23% free, 52MB/68MB, paused 273us total 13.501ms
08-04 14:47:58.329 11969 12201 I art     : Starting a blocking GC Explicit
08-04 14:47:58.330   918   936 I ActivityManager: Displayed baseline.appteam.nith.hillffair/.activities.ClubActivity: +84ms
08-04 14:47:58.330 13866 13866 I GoogleInputMethodServic: GoogleInputMethodService.onFinishInput():3138 
08-04 14:47:58.331 13866 13866 I GoogleInputMethodServic: GoogleInputMethodService.onStartInput():1808 
08-04 14:47:58.344 11969 12201 I art     : Explicit concurrent mark sweep GC freed 46(1840B) AllocSpace objects, 0(0B) LOS objects, 23% free, 52MB/68MB, paused 259us total 14.016ms
08-04 14:47:58.344 11969 11981 I art     : WaitForGcToComplete blocked for 14.357ms for cause HeapTrim
08-04 14:47:58.579   380   380 W SurfaceFlinger: couldn't log to binary event log: overflow.
08-04 14:47:58.598 11969 12449 I art     : Starting a blocking GC Explicit
08-04 14:47:58.612 11969 12449 I art     : Explicit concurrent mark sweep GC freed 1429(84KB) AllocSpace objects, 1(20KB) LOS objects, 23% free, 52MB/68MB, paused 257us total 13.968ms
08-04 14:47:58.619 11969 12449 I art     : Starting a blocking GC Explicit
08-04 14:47:58.632 11969 12449 I art     : Explicit concurrent mark sweep GC freed 20(704B) AllocSpace objects, 0(0B) LOS objects, 23% free, 52MB/68MB, paused 229us total 13.202ms
08-04 14:47:58.638 11969 12449 I art     : Starting a blocking GC Explicit
08-04 14:47:58.651 11969 12449 I art     : Explicit concurrent mark sweep GC freed 3(96B) AllocSpace objects, 0(0B) LOS objects, 23% free, 52MB/68MB, paused 231us total 12.945ms
08-04 14:47:58.657 11969 12449 I art     : Starting a blocking GC Explicit
08-04 14:47:58.672 11969 12449 I art     : Explicit concurrent mark sweep GC freed 3(96B) AllocSpace objects, 0(0B) LOS objects, 23% free, 52MB/68MB, paused 238us total 14.054ms
08-04 14:47:58.678 11969 12449 I art     : Starting a blocking GC Explicit
08-04 14:47:58.692 11969 12449 I art     : Explicit concurrent mark sweep GC freed 3(96B) AllocSpace objects, 0(0B) LOS objects, 23% free, 52MB/68MB, paused 256us total 13.952ms
08-04 14:47:58.962 11969 12449 I art     : Starting a blocking GC Explicit
08-04 14:47:58.980 11969 12449 I art     : Explicit concurrent mark sweep GC freed 1503(87KB) AllocSpace objects, 1(20KB) LOS objects, 23% free, 52MB/68MB, paused 515us total 17.958ms
08-04 14:47:58.988 11969 12449 I art     : Starting a blocking GC Explicit
08-04 14:47:59.004 11969 12449 I art     : Explicit concurrent mark sweep GC freed 59(2032B) AllocSpace objects, 0(0B) LOS objects, 23% free, 52MB/68MB, paused 255us total 15.798ms
08-04 14:47:59.011 11969 12449 I art     : Starting a blocking GC Explicit
08-04 14:47:59.026 11969 12449 I art     : Explicit concurrent mark sweep GC freed 12(416B) AllocSpace objects, 0(0B) LOS objects, 23% free, 52MB/68MB, paused 246us total 14.647ms
08-04 14:47:59.032 11969 12449 I art     : Starting a blocking GC Explicit
08-04 14:47:59.048 11969 12449 I art     : Explicit concurrent mark sweep GC freed 10(368B) AllocSpace objects, 0(0B) LOS objects, 23% free, 52MB/68MB, paused 367us total 15.082ms
08-04 14:47:59.054 11969 12449 I art     : Starting a blocking GC Explicit
08-04 14:47:59.068 11969 12449 I art     : Explicit concurrent mark sweep GC freed 9(336B) AllocSpace objects, 0(0B) LOS objects, 23% free, 52MB/68MB, paused 248us total 13.687ms
08-04 14:47:59.143 11969 12448 D OkHttp  : --> GET https://api-hillfair-2k16.herokuapp.com/api/app/events/special/event?id=5806551bdcba0f490c70fd1f http/1.1
08-04 14:47:59.172 11969 12448 D OkHttp  : <-- 200 OK https://api-hillfair-2k16.herokuapp.com/api/app/events/special/event?id=5806551bdcba0f490c70fd1f (29ms, 795-byte body)
08-04 14:47:59.231 11969 11969 I NAPPA_EXPERIMENTATION: MetricNetworkRequestExecutionTime: REQUEST_DURATION_SYSTEM='952',REQUEST_DURATION_OKHTTP='29',REQUEST_SYNCHRONOUS='FALSE',RESPONSE_CODE='200',RESPONSE_METHOD='GET',RESPONSE_LENGTH_OKHTTP='795',RESPONSE_LENGTH_HEADER='795',REQUEST_PROTOCOL='http/1.1',REQUEST_URL='https://api-hillfair-2k16.herokuapp.com/api/app/events/special/event?id=5806551bdcba0f490c70fd1f',
08-04 14:47:59.327 11969 11983 I art     : Starting a blocking GC Explicit
08-04 14:47:59.348 11969 11983 I art     : Explicit concurrent mark sweep GC freed 4809(339KB) AllocSpace objects, 4(220KB) LOS objects, 23% free, 52MB/68MB, paused 287us total 20.702ms
08-04 14:47:59.355 11969 11983 I art     : Starting a blocking GC Explicit
08-04 14:47:59.370 11969 11983 I art     : Explicit concurrent mark sweep GC freed 1037(119KB) AllocSpace objects, 0(0B) LOS objects, 23% free, 52MB/68MB, paused 213us total 14.674ms
08-04 14:47:59.377 11969 11983 I art     : Starting a blocking GC Explicit
08-04 14:47:59.393 11969 11983 I art     : Explicit concurrent mark sweep GC freed 3(96B) AllocSpace objects, 0(0B) LOS objects, 23% free, 52MB/68MB, paused 232us total 15.659ms
08-04 14:47:59.399 11969 11983 I art     : Starting a blocking GC Explicit
08-04 14:47:59.414 11969 11983 I art     : Explicit concurrent mark sweep GC freed 3(96B) AllocSpace objects, 0(0B) LOS objects, 23% free, 52MB/68MB, paused 207us total 14.228ms
08-04 14:47:59.420 11969 11983 I art     : Starting a blocking GC Explicit
08-04 14:47:59.433 11969 11983 I art     : Explicit concurrent mark sweep GC freed 3(96B) AllocSpace objects, 0(0B) LOS objects, 23% free, 52MB/68MB, paused 229us total 12.945ms
08-04 14:47:59.695   918 13197 D NetworkMonitor/NetworkAgentInfo [WIFI () - 158]: Checking http://connectivitycheck.gstatic.com/generate_204 on "H369AA63323", 192.168.2.12=192.168.2.12
08-04 14:47:59.722 11969 11983 I art     : Starting a blocking GC Explicit
08-04 14:47:59.740 11969 11983 I art     : Explicit concurrent mark sweep GC freed 1343(78KB) AllocSpace objects, 1(20KB) LOS objects, 23% free, 52MB/68MB, paused 277us total 17.587ms
08-04 14:47:59.746 11969 11983 I art     : Starting a blocking GC Explicit
08-04 14:47:59.750   918 13197 D NetworkMonitor/NetworkAgentInfo [WIFI () - 158]: Probably not a portal: exception java.io.IOException: unexpected end of stream on Connection{connectivitycheck.gstatic.com:80, proxy=HTTP@/192.168.2.12:8080 hostAddress=192.168.2.12 cipherSuite=none protocol=http/1.1} (recycle count=0)
08-04 14:47:59.751   918  3263 D ConnectivityService: NetworkAgentInfo [WIFI () - 158] validation failed
08-04 14:47:59.752   918  3261 E WifiConfigStore:  rewrite network history for "H369AA63323"WPA_PSK
08-04 14:47:59.760 11969 11983 I art     : Explicit concurrent mark sweep GC freed 36(1264B) AllocSpace objects, 0(0B) LOS objects, 23% free, 52MB/68MB, paused 225us total 13.426ms
08-04 14:47:59.766 11969 11983 I art     : Starting a blocking GC Explicit
08-04 14:47:59.778 11969 11983 I art     : Explicit concurrent mark sweep GC freed 3(96B) AllocSpace objects, 0(0B) LOS objects, 23% free, 52MB/68MB, paused 222us total 12.666ms
08-04 14:47:59.784 11969 11983 I art     : Starting a blocking GC Explicit
08-04 14:47:59.797 11969 11983 I art     : Explicit concurrent mark sweep GC freed 3(96B) AllocSpace objects, 0(0B) LOS objects, 23% free, 52MB/68MB, paused 373us total 13.120ms
08-04 14:47:59.803 11969 11983 I art     : Starting a blocking GC Explicit
08-04 14:47:59.817 11969 11983 I art     : Explicit concurrent mark sweep GC freed 3(96B) AllocSpace objects, 0(0B) LOS objects, 23% free, 52MB/68MB, paused 323us total 13.223ms
08-04 14:47:59.987   918 13198 D NetlinkSocketObserver: NeighborEvent{elapsedMs=1699083861, 192.168.2.254, [7C3953A63323], RTM_NEWNEIGH, NUD_STALE}
08-04 14:48:00.120 11969 11982 I art     : Starting a blocking GC Explicit
08-04 14:48:00.137 11969 11982 I art     : Explicit concurrent mark sweep GC freed 1341(78KB) AllocSpace objects, 1(20KB) LOS objects, 23% free, 52MB/68MB, paused 294us total 16.453ms
08-04 14:48:00.144 11969 11982 I art     : Starting a blocking GC Explicit
08-04 14:48:00.158 11969 11982 I art     : Explicit concurrent mark sweep GC freed 20(704B) AllocSpace objects, 0(0B) LOS objects, 23% free, 52MB/68MB, paused 226us total 14.372ms
08-04 14:48:00.165 11969 11982 I art     : Starting a blocking GC Explicit
08-04 14:48:00.171  5179  5194 D QcrilMsgTunnelSocket: readRilMessage: Buffer = [B@671e81d HexData = [010000000404000011000000514f454d484f4f4bef0308000100000003]
08-04 14:48:00.171  5179  5194 D QcrilMsgTunnelSocket: Rcvd UNSOL response with 28 bytes data for SUB0
08-04 14:48:00.172  5179  5194 D QcrilMsgTunnelSocket: Response ID 525295 is not served in this process.
08-04 14:48:00.172  5179  5194 D QcrilMsgTunnelSocket: To broadcast an Intent via the notifier to external apps
08-04 14:48:00.172  5179  5179 D QcrilMsgTunnelIfaceManager: handleMessage what = 0
08-04 14:48:00.172  5179  5179 D QcrilMsgTunnelIfaceManager: Broadcasting intent ACTION_UNSOL_RESPONSE_OEM_HOOK_RAW
08-04 14:48:00.175  5164  5164 D QC_RIL_OEM_HOOK: Received Broadcast Intent ACTION_UNSOL_RESPONSE_OEM_HOOK_RAW
08-04 14:48:00.175  5164  5164 D QC_RIL_OEM_HOOK: Oem ID in QCRILHOOK UNSOL RESP is QOEMHOOK
08-04 14:48:00.179 11969 11982 I art     : Explicit concurrent mark sweep GC freed 3(96B) AllocSpace objects, 0(0B) LOS objects, 23% free, 52MB/68MB, paused 229us total 14.165ms
08-04 14:48:00.186 11969 11982 I art     : Starting a blocking GC Explicit
08-04 14:48:00.199 11969 11982 I art     : Explicit concurrent mark sweep GC freed 3(96B) AllocSpace objects, 0(0B) LOS objects, 23% free, 52MB/68MB, paused 223us total 13.483ms
08-04 14:48:00.205 11969 11982 I art     : Starting a blocking GC Explicit
08-04 14:48:00.219 11969 11982 I art     : Explicit concurrent mark sweep GC freed 3(96B) AllocSpace objects, 0(0B) LOS objects, 23% free, 52MB/68MB, paused 218us total 13.250ms
08-04 14:48:00.535 11969 12449 I art     : Starting a blocking GC Explicit
08-04 14:48:00.562 11969 12449 I art     : Explicit concurrent mark sweep GC freed 1341(78KB) AllocSpace objects, 1(20KB) LOS objects, 23% free, 52MB/68MB, paused 280us total 26ms
08-04 14:48:00.572 11969 12449 I art     : Starting a blocking GC Explicit
08-04 14:48:00.591 11969 12449 I art     : Explicit concurrent mark sweep GC freed 20(704B) AllocSpace objects, 0(0B) LOS objects, 23% free, 52MB/68MB, paused 252us total 18.927ms
08-04 14:48:00.599 11969 12449 I art     : Starting a blocking GC Explicit
08-04 14:48:00.615 11969 12449 I art     : Explicit concurrent mark sweep GC freed 3(96B) AllocSpace objects, 0(0B) LOS objects, 23% free, 52MB/68MB, paused 229us total 15.295ms
08-04 14:48:00.621 11969 12449 I art     : Starting a blocking GC Explicit
08-04 14:48:00.637 11969 12449 I art     : Explicit concurrent mark sweep GC freed 3(96B) AllocSpace objects, 0(0B) LOS objects, 23% free, 52MB/68MB, paused 244us total 15.265ms
08-04 14:48:00.643 11969 12449 I art     : Starting a blocking GC Explicit
08-04 14:48:00.658 11969 12449 I art     : Explicit concurrent mark sweep GC freed 3(96B) AllocSpace objects, 0(0B) LOS objects, 23% free, 52MB/68MB, paused 218us total 14.689ms
08-04 14:48:00.970 11969 12201 I art     : Starting a blocking GC Explicit
08-04 14:48:00.992 11969 12201 I art     : Explicit concurrent mark sweep GC freed 1341(78KB) AllocSpace objects, 1(20KB) LOS objects, 23% free, 52MB/68MB, paused 257us total 21.947ms
08-04 14:48:01.002 11969 12201 I art     : Starting a blocking GC Explicit
08-04 14:48:01.019 11969 12201 I art     : Explicit concurrent mark sweep GC freed 20(704B) AllocSpace objects, 0(0B) LOS objects, 23% free, 52MB/68MB, paused 236us total 15.966ms
08-04 14:48:01.025 11969 12201 I art     : Starting a blocking GC Explicit
08-04 14:48:01.040 11969 12201 I art     : Explicit concurrent mark sweep GC freed 3(96B) AllocSpace objects, 0(0B) LOS objects, 23% free, 52MB/68MB, paused 231us total 15.055ms
08-04 14:48:01.047 11969 12201 I art     : Starting a blocking GC Explicit
08-04 14:48:01.062 11969 12201 I art     : Explicit concurrent mark sweep GC freed 3(96B) AllocSpace objects, 0(0B) LOS objects, 23% free, 52MB/68MB, paused 238us total 15.056ms
08-04 14:48:01.069 11969 12201 I art     : Starting a blocking GC Explicit
08-04 14:48:01.084 11969 12201 I art     : Explicit concurrent mark sweep GC freed 3(96B) AllocSpace objects, 0(0B) LOS objects, 23% free, 52MB/68MB, paused 237us total 14.970ms
08-04 14:48:01.411 11969 11983 I art     : Starting a blocking GC Explicit
08-04 14:48:01.438 11969 11983 I art     : Explicit concurrent mark sweep GC freed 1341(78KB) AllocSpace objects, 1(20KB) LOS objects, 23% free, 52MB/68MB, paused 312us total 26.193ms
08-04 14:48:01.449 11969 11983 I art     : Starting a blocking GC Explicit
08-04 14:48:01.464 11969 11983 I art     : Explicit concurrent mark sweep GC freed 20(704B) AllocSpace objects, 0(0B) LOS objects, 23% free, 52MB/68MB, paused 242us total 15.324ms
08-04 14:48:01.471 11969 11983 I art     : Starting a blocking GC Explicit
08-04 14:48:01.486 11969 11983 I art     : Explicit concurrent mark sweep GC freed 3(96B) AllocSpace objects, 0(0B) LOS objects, 23% free, 52MB/68MB, paused 226us total 14.749ms
08-04 14:48:01.492 11969 11983 I art     : Starting a blocking GC Explicit
08-04 14:48:01.507 11969 11983 I art     : Explicit concurrent mark sweep GC freed 3(96B) AllocSpace objects, 0(0B) LOS objects, 23% free, 52MB/68MB, paused 278us total 14.520ms
08-04 14:48:01.513 11969 11983 I art     : Starting a blocking GC Explicit
08-04 14:48:01.528 11969 11983 I art     : Explicit concurrent mark sweep GC freed 3(96B) AllocSpace objects, 0(0B) LOS objects, 23% free, 52MB/68MB, paused 243us total 14.816ms
08-04 14:48:01.839 11969 11982 I art     : Starting a blocking GC Explicit
08-04 14:48:01.861 11969 11982 I art     : Explicit concurrent mark sweep GC freed 1341(78KB) AllocSpace objects, 1(20KB) LOS objects, 23% free, 52MB/68MB, paused 268us total 21.633ms
08-04 14:48:01.872 11969 11982 I art     : Starting a blocking GC Explicit
08-04 14:48:01.891 11969 11982 I art     : Explicit concurrent mark sweep GC freed 20(704B) AllocSpace objects, 0(0B) LOS objects, 23% free, 52MB/68MB, paused 223us total 19.037ms
08-04 14:48:01.898 11969 11982 I art     : Starting a blocking GC Explicit
08-04 14:48:01.913 11969 11982 I art     : Explicit concurrent mark sweep GC freed 3(96B) AllocSpace objects, 0(0B) LOS objects, 23% free, 52MB/68MB, paused 228us total 15.295ms
08-04 14:48:01.920 11969 11982 I art     : Starting a blocking GC Explicit
08-04 14:48:01.935 11969 11982 I art     : Explicit concurrent mark sweep GC freed 3(96B) AllocSpace objects, 0(0B) LOS objects, 23% free, 52MB/68MB, paused 211us total 15.222ms
08-04 14:48:01.942 11969 11982 I art     : Starting a blocking GC Explicit
08-04 14:48:01.957 11969 11982 I art     : Explicit concurrent mark sweep GC freed 3(96B) AllocSpace objects, 0(0B) LOS objects, 23% free, 52MB/68MB, paused 230us total 14.533ms
08-04 14:48:02.258 11969 12449 I art     : Starting a blocking GC Explicit
08-04 14:48:02.280 11969 12449 I art     : Explicit concurrent mark sweep GC freed 1341(78KB) AllocSpace objects, 1(20KB) LOS objects, 23% free, 52MB/68MB, paused 260us total 21.675ms
08-04 14:48:02.290 11969 12449 I art     : Starting a blocking GC Explicit
08-04 14:48:02.306 11969 12449 I art     : Explicit concurrent mark sweep GC freed 20(704B) AllocSpace objects, 0(0B) LOS objects, 23% free, 52MB/68MB, paused 226us total 15.286ms
08-04 14:48:02.312 11969 12449 I art     : Starting a blocking GC Explicit
08-04 14:48:02.328 11969 12449 I art     : Explicit concurrent mark sweep GC freed 3(96B) AllocSpace objects, 0(0B) LOS objects, 23% free, 52MB/68MB, paused 231us total 15.373ms
08-04 14:48:02.335 11969 12449 I art     : Starting a blocking GC Explicit
08-04 14:48:02.350 11969 12449 I art     : Explicit concurrent mark sweep GC freed 3(96B) AllocSpace objects, 0(0B) LOS objects, 23% free, 52MB/68MB, paused 229us total 15.145ms
08-04 14:48:02.357 11969 12449 I art     : Starting a blocking GC Explicit
08-04 14:48:02.372 11969 12449 I art     : Explicit concurrent mark sweep GC freed 3(96B) AllocSpace objects, 0(0B) LOS objects, 23% free, 52MB/68MB, paused 230us total 15.117ms
08-04 14:48:02.694 11969 12201 I art     : Starting a blocking GC Explicit
08-04 14:48:02.720 11969 12201 I art     : Explicit concurrent mark sweep GC freed 1341(78KB) AllocSpace objects, 1(20KB) LOS objects, 23% free, 52MB/68MB, paused 280us total 24.974ms
08-04 14:48:02.730 11969 12201 I art     : Starting a blocking GC Explicit
08-04 14:48:02.747 11969 12201 I art     : Explicit concurrent mark sweep GC freed 20(704B) AllocSpace objects, 0(0B) LOS objects, 23% free, 52MB/68MB, paused 242us total 16.996ms
08-04 14:48:02.754 11969 12201 I art     : Starting a blocking GC Explicit
08-04 14:48:02.770 11969 12201 I art     : Explicit concurrent mark sweep GC freed 3(96B) AllocSpace objects, 0(0B) LOS objects, 23% free, 52MB/68MB, paused 274us total 15.569ms
08-04 14:48:02.777 11969 12201 I art     : Starting a blocking GC Explicit
08-04 14:48:02.792 11969 12201 I art     : Explicit concurrent mark sweep GC freed 3(96B) AllocSpace objects, 0(0B) LOS objects, 23% free, 52MB/68MB, paused 266us total 15.158ms
08-04 14:48:02.799 11969 12201 I art     : Starting a blocking GC Explicit
08-04 14:48:02.814 11969 12201 I art     : Explicit concurrent mark sweep GC freed 3(96B) AllocSpace objects, 0(0B) LOS objects, 23% free, 52MB/68MB, paused 229us total 15.044ms
08-04 14:48:03.112 11969 11983 I art     : Starting a blocking GC Explicit
08-04 14:48:03.138 11969 11983 I art     : Explicit concurrent mark sweep GC freed 1341(78KB) AllocSpace objects, 1(20KB) LOS objects, 23% free, 52MB/68MB, paused 310us total 25.342ms
08-04 14:48:03.144 11969 11983 I art     : Starting a blocking GC Explicit
08-04 14:48:03.160 11969 11983 I art     : Explicit concurrent mark sweep GC freed 20(704B) AllocSpace objects, 0(0B) LOS objects, 23% free, 52MB/68MB, paused 249us total 15.466ms
08-04 14:48:03.167 11969 11983 I art     : Starting a blocking GC Explicit
08-04 14:48:03.182 11969 11983 I art     : Explicit concurrent mark sweep GC freed 3(96B) AllocSpace objects, 0(0B) LOS objects, 23% free, 52MB/68MB, paused 233us total 14.670ms
08-04 14:48:03.189 11969 11983 I art     : Starting a blocking GC Explicit
08-04 14:48:03.203 11969 11983 I art     : Explicit concurrent mark sweep GC freed 3(96B) AllocSpace objects, 0(0B) LOS objects, 23% free, 52MB/68MB, paused 230us total 14.554ms
08-04 14:48:03.210 11969 11983 I art     : Starting a blocking GC Explicit
08-04 14:48:03.225 11969 11983 I art     : Explicit concurrent mark sweep GC freed 3(96B) AllocSpace objects, 0(0B) LOS objects, 23% free, 52MB/68MB, paused 243us total 14.937ms
08-04 14:48:03.535 11969 11982 I art     : Starting a blocking GC Explicit
08-04 14:48:03.555 11969 11982 I art     : Explicit concurrent mark sweep GC freed 1341(78KB) AllocSpace objects, 1(20KB) LOS objects, 23% free, 52MB/68MB, paused 265us total 19.675ms
08-04 14:48:03.566 11969 11982 I art     : Starting a blocking GC Explicit
08-04 14:48:03.581 11969 11982 I art     : Explicit concurrent mark sweep GC freed 20(704B) AllocSpace objects, 0(0B) LOS objects, 23% free, 52MB/68MB, paused 227us total 14.930ms
08-04 14:48:03.588 11969 11982 I art     : Starting a blocking GC Explicit
08-04 14:48:03.603 11969 11982 I art     : Explicit concurrent mark sweep GC freed 3(96B) AllocSpace objects, 0(0B) LOS objects, 23% free, 52MB/68MB, paused 228us total 15.008ms
08-04 14:48:03.610 11969 11982 I art     : Starting a blocking GC Explicit
08-04 14:48:03.625 11969 11982 I art     : Explicit concurrent mark sweep GC freed 3(96B) AllocSpace objects, 0(0B) LOS objects, 23% free, 52MB/68MB, paused 221us total 14.903ms
08-04 14:48:03.625 11969 11981 I art     : WaitForGcToComplete blocked for 12.482ms for cause HeapTrim
08-04 14:48:03.631 11969 11982 I art     : Starting a blocking GC Explicit
08-04 14:48:03.646 11969 11982 I art     : Explicit concurrent mark sweep GC freed 3(96B) AllocSpace objects, 0(0B) LOS objects, 23% free, 52MB/68MB, paused 213us total 14.663ms
08-04 14:48:03.955 11969 12449 I art     : Starting a blocking GC Explicit
08-04 14:48:03.975 11969 12449 I art     : Explicit concurrent mark sweep GC freed 1630(95KB) AllocSpace objects, 1(20KB) LOS objects, 23% free, 52MB/68MB, paused 305us total 19.695ms
08-04 14:48:03.985 11969 12449 I art     : Starting a blocking GC Explicit
08-04 14:48:04.001 11969 12449 I art     : Explicit concurrent mark sweep GC freed 204(8KB) AllocSpace objects, 0(0B) LOS objects, 23% free, 52MB/68MB, paused 381us total 15.478ms
08-04 14:48:04.008 11969 12449 I art     : Starting a blocking GC Explicit
08-04 14:48:04.023 11969 12449 I art     : Explicit concurrent mark sweep GC freed 1569(62KB) AllocSpace objects, 0(0B) LOS objects, 23% free, 52MB/68MB, paused 254us total 15.206ms
08-04 14:48:04.030 11969 12449 I art     : Starting a blocking GC Explicit
08-04 14:48:04.045 11969 12449 I art     : Explicit concurrent mark sweep GC freed 203(7KB) AllocSpace objects, 0(0B) LOS objects, 23% free, 52MB/68MB, paused 263us total 14.377ms
08-04 14:48:04.051 11969 12449 I art     : Starting a blocking GC Explicit
08-04 14:48:04.066 11969 12449 I art     : Explicit concurrent mark sweep GC freed 12(464B) AllocSpace objects, 0(0B) LOS objects, 23% free, 52MB/68MB, paused 253us total 14.606ms
08-04 14:48:04.163 11969 12592 W OneSignal: OneSignalRestClient: POST Error thrown from network stack. 
08-04 14:48:04.163 11969 12592 W OneSignal: java.io.IOException: unexpected end of stream on Connection{api.onesignal.com:443, proxy=HTTP@192.168.2.12:8080 hostAddress=192.168.2.12 cipherSuite=TLS_ECDHE_RSA_WITH_AES_128_GCM_SHA256 protocol=http/1.1} (recycle count=0)
08-04 14:48:04.163 11969 12592 W OneSignal: 	at com.android.okhttp.internal.http.HttpConnection.readResponse(HttpConnection.java:210)
08-04 14:48:04.163 11969 12592 W OneSignal: 	at com.android.okhttp.internal.http.HttpTransport.readResponseHeaders(HttpTransport.java:80)
08-04 14:48:04.163 11969 12592 W OneSignal: 	at com.android.okhttp.internal.http.HttpEngine.readNetworkResponse(HttpEngine.java:904)
08-04 14:48:04.163 11969 12592 W OneSignal: 	at com.android.okhttp.internal.http.HttpEngine.readResponse(HttpEngine.java:788)
08-04 14:48:04.163 11969 12592 W OneSignal: 	at com.android.okhttp.internal.huc.HttpURLConnectionImpl.execute(HttpURLConnectionImpl.java:439)
08-04 14:48:04.163 11969 12592 W OneSignal: 	at com.android.okhttp.internal.huc.HttpURLConnectionImpl.getResponse(HttpURLConnectionImpl.java:384)
08-04 14:48:04.163 11969 12592 W OneSignal: 	at com.android.okhttp.internal.huc.HttpURLConnectionImpl.getResponseCode(HttpURLConnectionImpl.java:497)
08-04 14:48:04.163 11969 12592 W OneSignal: 	at com.android.okhttp.internal.huc.DelegatingHttpsURLConnection.getResponseCode(DelegatingHttpsURLConnection.java:105)
08-04 14:48:04.163 11969 12592 W OneSignal: 	at com.android.okhttp.internal.huc.HttpsURLConnectionImpl.getResponseCode(HttpsURLConnectionImpl.java)
08-04 14:48:04.163 11969 12592 W OneSignal: 	at com.onesignal.OneSignalRestClient.startHTTPConnection(OneSignalRestClient.java:180)
08-04 14:48:04.163 11969 12592 W OneSignal: 	at com.onesignal.OneSignalRestClient.access$100(OneSignalRestClient.java:44)
08-04 14:48:04.163 11969 12592 W OneSignal: 	at com.onesignal.OneSignalRestClient$4.run(OneSignalRestClient.java:110)
08-04 14:48:04.163 11969 12592 W OneSignal: 	at java.lang.Thread.run(Thread.java:818)
08-04 14:48:04.163 11969 12592 W OneSignal: Caused by: java.io.EOFException: \n not found: size=0 content=...
08-04 14:48:04.163 11969 12592 W OneSignal: 	at com.android.okhttp.okio.RealBufferedSource.readUtf8LineStrict(RealBufferedSource.java:200)
08-04 14:48:04.163 11969 12592 W OneSignal: 	at com.android.okhttp.internal.http.HttpConnection.readResponse(HttpConnection.java:191)
08-04 14:48:04.163 11969 12592 W OneSignal: 	... 12 more
08-04 14:48:04.165 11969 12603 W OneSignal: Failed last request. statusCode: -1
08-04 14:48:04.165 11969 12603 W OneSignal: response: null
08-04 14:48:04.381 11969 12201 I art     : Starting a blocking GC Explicit
08-04 14:48:04.407 11969 12201 I art     : Explicit concurrent mark sweep GC freed 1714(149KB) AllocSpace objects, 1(20KB) LOS objects, 23% free, 52MB/68MB, paused 308us total 25.887ms
08-04 14:48:04.419 11969 12201 I art     : Starting a blocking GC Explicit
08-04 14:48:04.435 11969 12201 I art     : Explicit concurrent mark sweep GC freed 24(896B) AllocSpace objects, 0(0B) LOS objects, 23% free, 52MB/68MB, paused 270us total 15.515ms
08-04 14:48:04.442 11969 12201 I art     : Starting a blocking GC Explicit
08-04 14:48:04.457 11969 12201 I art     : Explicit concurrent mark sweep GC freed 3(96B) AllocSpace objects, 0(0B) LOS objects, 23% free, 52MB/68MB, paused 254us total 14.872ms
08-04 14:48:04.463 11969 12201 I art     : Starting a blocking GC Explicit
08-04 14:48:04.478 11969 12201 I art     : Explicit concurrent mark sweep GC freed 3(96B) AllocSpace objects, 0(0B) LOS objects, 23% free, 52MB/68MB, paused 228us total 14.656ms
08-04 14:48:04.485 11969 12201 I art     : Starting a blocking GC Explicit
08-04 14:48:04.499 11969 12201 I art     : Explicit concurrent mark sweep GC freed 3(96B) AllocSpace objects, 0(0B) LOS objects, 23% free, 52MB/68MB, paused 229us total 14.649ms
08-04 14:48:04.818 11969 11983 I art     : Starting a blocking GC Explicit
08-04 14:48:04.841 11969 11983 I art     : Explicit concurrent mark sweep GC freed 1341(78KB) AllocSpace objects, 1(20KB) LOS objects, 23% free, 52MB/68MB, paused 294us total 23.241ms
08-04 14:48:04.852 11969 11983 I art     : Starting a blocking GC Explicit
08-04 14:48:04.868 11969 11983 I art     : Explicit concurrent mark sweep GC freed 20(704B) AllocSpace objects, 0(0B) LOS objects, 23% free, 52MB/68MB, paused 238us total 15.259ms
08-04 14:48:04.874 11969 11983 I art     : Starting a blocking GC Explicit
08-04 14:48:04.890 11969 11983 I art     : Explicit concurrent mark sweep GC freed 3(96B) AllocSpace objects, 0(0B) LOS objects, 23% free, 52MB/68MB, paused 234us total 15.010ms
08-04 14:48:04.896 11969 11983 I art     : Starting a blocking GC Explicit
08-04 14:48:04.911 11969 11983 I art     : Explicit concurrent mark sweep GC freed 3(96B) AllocSpace objects, 0(0B) LOS objects, 23% free, 52MB/68MB, paused 233us total 14.970ms
08-04 14:48:04.918 11969 11983 I art     : Starting a blocking GC Explicit
08-04 14:48:04.933 11969 11983 I art     : Explicit concurrent mark sweep GC freed 3(96B) AllocSpace objects, 0(0B) LOS objects, 23% free, 52MB/68MB, paused 231us total 15.104ms
08-04 14:48:05.251 11969 11982 I art     : Starting a blocking GC Explicit
08-04 14:48:05.277 11969 11982 I art     : Explicit concurrent mark sweep GC freed 1341(78KB) AllocSpace objects, 1(20KB) LOS objects, 23% free, 52MB/68MB, paused 296us total 25.143ms
08-04 14:48:05.288 11969 11982 I art     : Starting a blocking GC Explicit
08-04 14:48:05.304 11969 11982 I art     : Explicit concurrent mark sweep GC freed 20(704B) AllocSpace objects, 0(0B) LOS objects, 23% free, 52MB/68MB, paused 241us total 15.499ms
08-04 14:48:05.311 11969 11982 I art     : Starting a blocking GC Explicit
08-04 14:48:05.326 11969 11982 I art     : Explicit concurrent mark sweep GC freed 3(96B) AllocSpace objects, 0(0B) LOS objects, 23% free, 52MB/68MB, paused 225us total 14.364ms
08-04 14:48:05.332 11969 11982 I art     : Starting a blocking GC Explicit
08-04 14:48:05.347 11969 11982 I art     : Explicit concurrent mark sweep GC freed 3(96B) AllocSpace objects, 0(0B) LOS objects, 23% free, 52MB/68MB, paused 282us total 14.599ms
08-04 14:48:05.353 11969 11982 I art     : Starting a blocking GC Explicit
08-04 14:48:05.368 11969 11982 I art     : Explicit concurrent mark sweep GC freed 3(96B) AllocSpace objects, 0(0B) LOS objects, 23% free, 52MB/68MB, paused 225us total 14.578ms
08-04 14:48:05.668 11969 12449 I art     : Starting a blocking GC Explicit
08-04 14:48:05.695 11969 12449 I art     : Explicit concurrent mark sweep GC freed 1341(78KB) AllocSpace objects, 1(20KB) LOS objects, 23% free, 52MB/68MB, paused 288us total 26.205ms
08-04 14:48:05.706 11969 12449 I art     : Starting a blocking GC Explicit
08-04 14:48:05.726 11969 12449 I art     : Explicit concurrent mark sweep GC freed 20(704B) AllocSpace objects, 0(0B) LOS objects, 23% free, 52MB/68MB, paused 287us total 19.178ms
08-04 14:48:05.735 11969 12449 I art     : Starting a blocking GC Explicit
08-04 14:48:05.750 11969 12449 I art     : Explicit concurrent mark sweep GC freed 3(96B) AllocSpace objects, 0(0B) LOS objects, 23% free, 52MB/68MB, paused 231us total 15.261ms
08-04 14:48:05.757 11969 12449 I art     : Starting a blocking GC Explicit
08-04 14:48:05.773 11969 12449 I art     : Explicit concurrent mark sweep GC freed 3(96B) AllocSpace objects, 0(0B) LOS objects, 23% free, 52MB/68MB, paused 232us total 15.389ms
08-04 14:48:05.780 11969 12449 I art     : Starting a blocking GC Explicit
08-04 14:48:05.794 11969 12449 I art     : Explicit concurrent mark sweep GC freed 3(96B) AllocSpace objects, 0(0B) LOS objects, 23% free, 52MB/68MB, paused 223us total 14.485ms
08-04 14:48:06.074 11969 12201 I art     : Starting a blocking GC Explicit
08-04 14:48:06.092 11969 12201 I art     : Explicit concurrent mark sweep GC freed 1341(78KB) AllocSpace objects, 1(20KB) LOS objects, 23% free, 52MB/68MB, paused 253us total 17.079ms
08-04 14:48:06.099 11969 12201 I art     : Starting a blocking GC Explicit
08-04 14:48:06.114 11969 12201 I art     : Explicit concurrent mark sweep GC freed 20(704B) AllocSpace objects, 0(0B) LOS objects, 23% free, 52MB/68MB, paused 231us total 15.484ms
08-04 14:48:06.121 11969 12201 I art     : Starting a blocking GC Explicit
08-04 14:48:06.137 11969 12201 I art     : Explicit concurrent mark sweep GC freed 3(96B) AllocSpace objects, 0(0B) LOS objects, 23% free, 52MB/68MB, paused 260us total 15.758ms
08-04 14:48:06.144 11969 12201 I art     : Starting a blocking GC Explicit
08-04 14:48:06.160 11969 12201 I art     : Explicit concurrent mark sweep GC freed 3(96B) AllocSpace objects, 0(0B) LOS objects, 23% free, 52MB/68MB, paused 232us total 15.441ms
08-04 14:48:06.166 11969 12201 I art     : Starting a blocking GC Explicit
08-04 14:48:06.182 11969 12201 I art     : Explicit concurrent mark sweep GC freed 3(96B) AllocSpace objects, 0(0B) LOS objects, 23% free, 52MB/68MB, paused 294us total 15.208ms
08-04 14:48:06.484 11969 11983 I art     : Starting a blocking GC Explicit
08-04 14:48:06.504 11969 11983 I art     : Explicit concurrent mark sweep GC freed 1341(78KB) AllocSpace objects, 1(20KB) LOS objects, 23% free, 52MB/68MB, paused 273us total 20.590ms
08-04 14:48:06.513 11969 11983 I art     : Starting a blocking GC Explicit
08-04 14:48:06.529 11969 11983 I art     : Explicit concurrent mark sweep GC freed 20(704B) AllocSpace objects, 0(0B) LOS objects, 23% free, 52MB/68MB, paused 246us total 15.277ms
08-04 14:48:06.536 11969 11983 I art     : Starting a blocking GC Explicit
08-04 14:48:06.551 11969 11983 I art     : Explicit concurrent mark sweep GC freed 3(96B) AllocSpace objects, 0(0B) LOS objects, 23% free, 52MB/68MB, paused 244us total 15.105ms
08-04 14:48:06.557 11969 11983 I art     : Starting a blocking GC Explicit
08-04 14:48:06.572 11969 11983 I art     : Explicit concurrent mark sweep GC freed 3(96B) AllocSpace objects, 0(0B) LOS objects, 23% free, 52MB/68MB, paused 230us total 14.286ms
08-04 14:48:06.578 11969 11983 I art     : Starting a blocking GC Explicit
08-04 14:48:06.593 11969 11983 I art     : Explicit concurrent mark sweep GC freed 3(96B) AllocSpace objects, 0(0B) LOS objects, 23% free, 52MB/68MB, paused 239us total 14.547ms
08-04 14:48:06.896 11969 11982 I art     : Starting a blocking GC Explicit
08-04 14:48:06.917 11969 11982 I art     : Explicit concurrent mark sweep GC freed 1341(78KB) AllocSpace objects, 1(20KB) LOS objects, 23% free, 52MB/68MB, paused 381us total 21.259ms
08-04 14:48:06.927 11969 11982 I art     : Starting a blocking GC Explicit
08-04 14:48:06.942 11969 11982 I art     : Explicit concurrent mark sweep GC freed 20(704B) AllocSpace objects, 0(0B) LOS objects, 23% free, 52MB/68MB, paused 230us total 15.577ms
08-04 14:48:06.949 11969 11982 I art     : Starting a blocking GC Explicit
08-04 14:48:06.965 11969 11982 I art     : Explicit concurrent mark sweep GC freed 3(96B) AllocSpace objects, 0(0B) LOS objects, 23% free, 52MB/68MB, paused 218us total 15.346ms
08-04 14:48:06.971 11969 11982 I art     : Starting a blocking GC Explicit
08-04 14:48:06.986 11969 11982 I art     : Explicit concurrent mark sweep GC freed 3(96B) AllocSpace objects, 0(0B) LOS objects, 23% free, 52MB/68MB, paused 221us total 14.528ms
08-04 14:48:06.992 11969 11982 I art     : Starting a blocking GC Explicit
08-04 14:48:07.007 11969 11982 I art     : Explicit concurrent mark sweep GC freed 3(96B) AllocSpace objects, 0(0B) LOS objects, 23% free, 52MB/68MB, paused 230us total 14.360ms
08-04 14:48:07.366 11969 12449 I art     : Starting a blocking GC Explicit
08-04 14:48:07.392 11969 12449 I art     : Explicit concurrent mark sweep GC freed 1341(78KB) AllocSpace objects, 1(20KB) LOS objects, 23% free, 52MB/68MB, paused 268us total 25.491ms
08-04 14:48:07.402 11969 12449 I art     : Starting a blocking GC Explicit
08-04 14:48:07.420 11969 12449 I art     : Explicit concurrent mark sweep GC freed 20(704B) AllocSpace objects, 0(0B) LOS objects, 23% free, 52MB/68MB, paused 229us total 17.734ms
08-04 14:48:07.427 11969 12449 I art     : Starting a blocking GC Explicit
08-04 14:48:07.443 11969 12449 I art     : Explicit concurrent mark sweep GC freed 3(96B) AllocSpace objects, 0(0B) LOS objects, 23% free, 52MB/68MB, paused 222us total 15.515ms
08-04 14:48:07.450 11969 12449 I art     : Starting a blocking GC Explicit
08-04 14:48:07.465 11969 12449 I art     : Explicit concurrent mark sweep GC freed 3(96B) AllocSpace objects, 0(0B) LOS objects, 23% free, 52MB/68MB, paused 234us total 15.028ms
08-04 14:48:07.472 11969 12449 I art     : Starting a blocking GC Explicit
08-04 14:48:07.486 11969 12449 I art     : Explicit concurrent mark sweep GC freed 3(96B) AllocSpace objects, 0(0B) LOS objects, 23% free, 52MB/68MB, paused 221us total 14.511ms
08-04 14:48:07.798 11969 12201 I art     : Starting a blocking GC Explicit
08-04 14:48:07.819 11969 12201 I art     : Explicit concurrent mark sweep GC freed 1341(78KB) AllocSpace objects, 1(20KB) LOS objects, 23% free, 52MB/68MB, paused 270us total 20.118ms
08-04 14:48:07.829 11969 12201 I art     : Starting a blocking GC Explicit
08-04 14:48:07.844 11969 12201 I art     : Explicit concurrent mark sweep GC freed 20(704B) AllocSpace objects, 0(0B) LOS objects, 23% free, 52MB/68MB, paused 245us total 15.395ms
08-04 14:48:07.851 11969 12201 I art     : Starting a blocking GC Explicit
08-04 14:48:07.867 11969 12201 I art     : Explicit concurrent mark sweep GC freed 3(96B) AllocSpace objects, 0(0B) LOS objects, 23% free, 52MB/68MB, paused 258us total 15.539ms
08-04 14:48:07.874 11969 12201 I art     : Starting a blocking GC Explicit
08-04 14:48:07.889 11969 12201 I art     : Explicit concurrent mark sweep GC freed 3(96B) AllocSpace objects, 0(0B) LOS objects, 23% free, 52MB/68MB, paused 233us total 14.944ms
08-04 14:48:07.896 11969 12201 I art     : Starting a blocking GC Explicit
08-04 14:48:07.911 11969 12201 I art     : Explicit concurrent mark sweep GC freed 3(96B) AllocSpace objects, 0(0B) LOS objects, 23% free, 52MB/68MB, paused 242us total 14.904ms
08-04 14:48:08.226 11969 11983 I art     : Starting a blocking GC Explicit
08-04 14:48:08.249 11969 11983 I art     : Explicit concurrent mark sweep GC freed 1341(78KB) AllocSpace objects, 1(20KB) LOS objects, 23% free, 52MB/68MB, paused 300us total 22.356ms
08-04 14:48:08.258 11969 11983 I art     : Starting a blocking GC Explicit
08-04 14:48:08.273 11969 11983 I art     : Explicit concurrent mark sweep GC freed 20(704B) AllocSpace objects, 0(0B) LOS objects, 23% free, 52MB/68MB, paused 258us total 14.636ms
08-04 14:48:08.279 11969 11983 I art     : Starting a blocking GC Explicit
08-04 14:48:08.294 11969 11983 I art     : Explicit concurrent mark sweep GC freed 3(96B) AllocSpace objects, 0(0B) LOS objects, 23% free, 52MB/68MB, paused 231us total 14.381ms
08-04 14:48:08.300 11969 11983 I art     : Starting a blocking GC Explicit
08-04 14:48:08.315 11969 11983 I art     : Explicit concurrent mark sweep GC freed 3(96B) AllocSpace objects, 0(0B) LOS objects, 23% free, 52MB/68MB, paused 221us total 14.485ms
08-04 14:48:08.321 11969 11983 I art     : Starting a blocking GC Explicit
08-04 14:48:08.336 11969 11983 I art     : Explicit concurrent mark sweep GC freed 3(96B) AllocSpace objects, 0(0B) LOS objects, 23% free, 52MB/68MB, paused 229us total 14.627ms
08-04 14:48:08.645 11969 11982 I art     : Starting a blocking GC Explicit
08-04 14:48:08.667 11969 11982 I art     : Explicit concurrent mark sweep GC freed 1341(78KB) AllocSpace objects, 1(20KB) LOS objects, 23% free, 52MB/68MB, paused 257us total 21.232ms
08-04 14:48:08.667 11969 11981 I art     : WaitForGcToComplete blocked for 19.983ms for cause HeapTrim
08-04 14:48:08.676 11969 11982 I art     : Starting a blocking GC Explicit
08-04 14:48:08.692 11969 11982 I art     : Explicit concurrent mark sweep GC freed 20(704B) AllocSpace objects, 0(0B) LOS objects, 23% free, 52MB/68MB, paused 235us total 15.221ms
08-04 14:48:08.699 11969 11982 I art     : Starting a blocking GC Explicit
08-04 14:48:08.714 11969 11982 I art     : Explicit concurrent mark sweep GC freed 3(96B) AllocSpace objects, 0(0B) LOS objects, 23% free, 52MB/68MB, paused 219us total 14.624ms
08-04 14:48:08.720 11969 11982 I art     : Starting a blocking GC Explicit
08-04 14:48:08.735 11969 11982 I art     : Explicit concurrent mark sweep GC freed 3(96B) AllocSpace objects, 0(0B) LOS objects, 23% free, 52MB/68MB, paused 223us total 14.572ms
08-04 14:48:08.741 11969 11982 I art     : Starting a blocking GC Explicit
08-04 14:48:08.756 11969 11982 I art     : Explicit concurrent mark sweep GC freed 3(96B) AllocSpace objects, 0(0B) LOS objects, 23% free, 52MB/68MB, paused 219us total 14.843ms
08-04 14:48:09.058 11969 12449 I art     : Starting a blocking GC Explicit
08-04 14:48:09.085 11969 12449 I art     : Explicit concurrent mark sweep GC freed 1341(78KB) AllocSpace objects, 1(20KB) LOS objects, 23% free, 52MB/68MB, paused 306us total 26.002ms
08-04 14:48:09.095 11969 12449 I art     : Starting a blocking GC Explicit
08-04 14:48:09.114 11969 12449 I art     : Explicit concurrent mark sweep GC freed 20(704B) AllocSpace objects, 0(0B) LOS objects, 23% free, 52MB/68MB, paused 245us total 18.702ms
08-04 14:48:09.123 11969 12449 I art     : Starting a blocking GC Explicit
08-04 14:48:09.138 11969 12449 I art     : Explicit concurrent mark sweep GC freed 3(96B) AllocSpace objects, 0(0B) LOS objects, 23% free, 52MB/68MB, paused 234us total 15.284ms
08-04 14:48:09.145 11969 12449 I art     : Starting a blocking GC Explicit
08-04 14:48:09.160 11969 12449 I art     : Explicit concurrent mark sweep GC freed 3(96B) AllocSpace objects, 0(0B) LOS objects, 23% free, 52MB/68MB, paused 225us total 14.558ms
08-04 14:48:09.166 11969 12449 I art     : Starting a blocking GC Explicit
08-04 14:48:09.180 11969 12449 I art     : Explicit concurrent mark sweep GC freed 3(96B) AllocSpace objects, 0(0B) LOS objects, 23% free, 52MB/68MB, paused 215us total 14.156ms
08-04 14:48:09.498 11969 12201 I art     : Starting a blocking GC Explicit
08-04 14:48:09.518 11969 12201 I art     : Explicit concurrent mark sweep GC freed 1341(78KB) AllocSpace objects, 1(20KB) LOS objects, 23% free, 52MB/68MB, paused 282us total 20.092ms
08-04 14:48:09.528 11969 12201 I art     : Starting a blocking GC Explicit
08-04 14:48:09.543 11969 12201 I art     : Explicit concurrent mark sweep GC freed 20(704B) AllocSpace objects, 0(0B) LOS objects, 23% free, 52MB/68MB, paused 237us total 15.190ms
08-04 14:48:09.550 11969 12201 I art     : Starting a blocking GC Explicit
08-04 14:48:09.565 11969 12201 I art     : Explicit concurrent mark sweep GC freed 3(96B) AllocSpace objects, 0(0B) LOS objects, 23% free, 52MB/68MB, paused 227us total 14.991ms
08-04 14:48:09.572 11969 12201 I art     : Starting a blocking GC Explicit
08-04 14:48:09.587 11969 12201 I art     : Explicit concurrent mark sweep GC freed 3(96B) AllocSpace objects, 0(0B) LOS objects, 23% free, 52MB/68MB, paused 278us total 14.999ms
08-04 14:48:09.594 11969 12201 I art     : Starting a blocking GC Explicit
08-04 14:48:09.609 11969 12201 I art     : Explicit concurrent mark sweep GC freed 3(96B) AllocSpace objects, 0(0B) LOS objects, 23% free, 52MB/68MB, paused 239us total 15.028ms
08-04 14:48:09.925 11969 11983 I art     : Starting a blocking GC Explicit
08-04 14:48:09.947 11969 11983 I art     : Explicit concurrent mark sweep GC freed 1341(78KB) AllocSpace objects, 1(20KB) LOS objects, 23% free, 52MB/68MB, paused 275us total 21.948ms
08-04 14:48:09.959 11969 11983 I art     : Starting a blocking GC Explicit
08-04 14:48:09.975 11969 11983 I art     : Explicit concurrent mark sweep GC freed 20(704B) AllocSpace objects, 0(0B) LOS objects, 23% free, 52MB/68MB, paused 229us total 15.054ms
08-04 14:48:09.981 11969 11983 I art     : Starting a blocking GC Explicit
08-04 14:48:09.996 11969 11983 I art     : Explicit concurrent mark sweep GC freed 3(96B) AllocSpace objects, 0(0B) LOS objects, 23% free, 52MB/68MB, paused 231us total 14.460ms
08-04 14:48:10.002 11969 11983 I art     : Starting a blocking GC Explicit
08-04 14:48:10.017 11969 11983 I art     : Explicit concurrent mark sweep GC freed 3(96B) AllocSpace objects, 0(0B) LOS objects, 23% free, 52MB/68MB, paused 229us total 14.739ms
08-04 14:48:10.024 11969 11983 I art     : Starting a blocking GC Explicit
08-04 14:48:10.039 11969 11983 I art     : Explicit concurrent mark sweep GC freed 3(96B) AllocSpace objects, 0(0B) LOS objects, 23% free, 52MB/68MB, paused 228us total 15.090ms
08-04 14:48:10.355 11969 11982 I art     : Starting a blocking GC Explicit
08-04 14:48:10.375 11969 11982 I art     : Explicit concurrent mark sweep GC freed 1341(78KB) AllocSpace objects, 1(20KB) LOS objects, 23% free, 52MB/68MB, paused 245us total 19.805ms
08-04 14:48:10.382 11969 11982 I art     : Starting a blocking GC Explicit
08-04 14:48:10.398 11969 11982 I art     : Explicit concurrent mark sweep GC freed 20(704B) AllocSpace objects, 0(0B) LOS objects, 23% free, 52MB/68MB, paused 232us total 15.576ms
08-04 14:48:10.404 11969 11982 I art     : Starting a blocking GC Explicit
08-04 14:48:10.420 11969 11982 I art     : Explicit concurrent mark sweep GC freed 3(96B) AllocSpace objects, 0(0B) LOS objects, 23% free, 52MB/68MB, paused 224us total 15.146ms
08-04 14:48:10.426 11969 11982 I art     : Starting a blocking GC Explicit
08-04 14:48:10.441 11969 11982 I art     : Explicit concurrent mark sweep GC freed 3(96B) AllocSpace objects, 0(0B) LOS objects, 23% free, 52MB/68MB, paused 230us total 15.094ms
08-04 14:48:10.448 11969 11982 I art     : Starting a blocking GC Explicit
08-04 14:48:10.463 11969 11982 I art     : Explicit concurrent mark sweep GC freed 3(96B) AllocSpace objects, 0(0B) LOS objects, 23% free, 52MB/68MB, paused 222us total 14.843ms
08-04 14:48:10.700 11969 12449 I art     : Starting a blocking GC Explicit
08-04 14:48:10.716 11969 12449 I art     : Explicit concurrent mark sweep GC freed 1341(78KB) AllocSpace objects, 1(20KB) LOS objects, 23% free, 52MB/68MB, paused 235us total 15.245ms
08-04 14:48:10.722 11969 12449 I art     : Starting a blocking GC Explicit
08-04 14:48:10.738 11969 12449 I art     : Explicit concurrent mark sweep GC freed 20(704B) AllocSpace objects, 0(0B) LOS objects, 23% free, 52MB/68MB, paused 238us total 15.078ms
08-04 14:48:10.744 11969 12449 I art     : Starting a blocking GC Explicit
08-04 14:48:10.759 11969 12449 I art     : Explicit concurrent mark sweep GC freed 3(96B) AllocSpace objects, 0(0B) LOS objects, 23% free, 52MB/68MB, paused 226us total 14.588ms
08-04 14:48:10.765 11969 12449 I art     : Starting a blocking GC Explicit
08-04 14:48:10.780 11969 12449 I art     : Explicit concurrent mark sweep GC freed 3(96B) AllocSpace objects, 0(0B) LOS objects, 23% free, 52MB/68MB, paused 225us total 14.400ms
08-04 14:48:10.786 11969 12449 I art     : Starting a blocking GC Explicit
08-04 14:48:10.800 11969 12449 I art     : Explicit concurrent mark sweep GC freed 3(96B) AllocSpace objects, 0(0B) LOS objects, 23% free, 52MB/68MB, paused 224us total 13.843ms
08-04 14:48:10.853 12760 12760 D AndroidRuntime: >>>>>> START com.android.internal.os.RuntimeInit uid 2000 <<<<<<
08-04 14:48:10.858 12760 12760 D AndroidRuntime: CheckJNI is OFF
08-04 14:48:10.884 12760 12760 D ICU     : No timezone override file found: /data/misc/zoneinfo/current/icu/icu_tzdata.dat
08-04 14:48:10.910 12760 12760 I Radio-JNI: register_android_hardware_Radio DONE
08-04 14:48:10.926 12760 12760 D AndroidRuntime: Calling main entry com.android.commands.input.Input
08-04 14:48:10.927 12760 12760 I Input   : injectKeyEvent: KeyEvent { action=ACTION_DOWN, keyCode=KEYCODE_BACK, scanCode=0, metaState=0, flags=0x0, repeatCount=0, eventTime=715707341, downTime=715707341, deviceId=-1, source=0x101 }
08-04 14:48:10.938 12760 12760 I Input   : injectKeyEvent: KeyEvent { action=ACTION_UP, keyCode=KEYCODE_BACK, scanCode=0, metaState=0, flags=0x0, repeatCount=0, eventTime=715707341, downTime=715707341, deviceId=-1, source=0x101 }
08-04 14:48:10.946 12760 12760 D AndroidRuntime: Shutting down VM
08-04 14:48:10.993 13866 13866 I GoogleInputMethodServic: GoogleInputMethodService.onFinishInput():3138 
08-04 14:48:10.994 13866 13866 I GoogleInputMethodServic: GoogleInputMethodService.onStartInput():1808 
08-04 14:48:11.030 11969 12201 I art     : Starting a blocking GC Explicit
08-04 14:48:11.047 11969 12201 I art     : Explicit concurrent mark sweep GC freed 1515(86KB) AllocSpace objects, 1(20KB) LOS objects, 23% free, 52MB/68MB, paused 225us total 15.958ms
08-04 14:48:11.053 11969 12201 I art     : Starting a blocking GC Explicit
08-04 14:48:11.060  8510  8510 I ServiceManager: Waiting for service AtCmdFwd...
08-04 14:48:11.067 11969 12201 I art     : Explicit concurrent mark sweep GC freed 26(944B) AllocSpace objects, 0(0B) LOS objects, 23% free, 52MB/68MB, paused 231us total 13.675ms
08-04 14:48:11.073 11969 12201 I art     : Starting a blocking GC Explicit
08-04 14:48:11.087 11969 12201 I art     : Explicit concurrent mark sweep GC freed 3(96B) AllocSpace objects, 0(0B) LOS objects, 23% free, 52MB/68MB, paused 258us total 13.277ms
08-04 14:48:11.093 11969 12201 I art     : Starting a blocking GC Explicit
08-04 14:48:11.106 11969 12201 I art     : Explicit concurrent mark sweep GC freed 3(96B) AllocSpace objects, 0(0B) LOS objects, 23% free, 52MB/68MB, paused 218us total 13.129ms
08-04 14:48:11.113 11969 12201 I art     : Starting a blocking GC Explicit
08-04 14:48:11.126 11969 12201 I art     : Explicit concurrent mark sweep GC freed 3(96B) AllocSpace objects, 0(0B) LOS objects, 23% free, 52MB/68MB, paused 244us total 13.564ms
08-04 14:48:11.277   380   380 W SurfaceFlinger: couldn't log to binary event log: overflow.
08-04 14:48:11.364 11969 12449 I art     : Starting a blocking GC Explicit
08-04 14:48:11.380 11969 12449 I art     : Explicit concurrent mark sweep GC freed 1450(87KB) AllocSpace objects, 1(20KB) LOS objects, 23% free, 52MB/68MB, paused 440us total 15.500ms
08-04 14:48:11.387 11969 12449 I art     : Starting a blocking GC Explicit
08-04 14:48:11.402 11969 12449 I art     : Explicit concurrent mark sweep GC freed 1672(107KB) AllocSpace objects, 3(400KB) LOS objects, 23% free, 52MB/68MB, paused 231us total 15.182ms
08-04 14:48:11.409 11969 12449 I art     : Starting a blocking GC Explicit
08-04 14:48:11.423 11969 12449 I art     : Explicit concurrent mark sweep GC freed 3(96B) AllocSpace objects, 0(0B) LOS objects, 23% free, 52MB/68MB, paused 229us total 14.146ms
08-04 14:48:11.429 11969 12449 I art     : Starting a blocking GC Explicit
08-04 14:48:11.444 11969 12449 I art     : Explicit concurrent mark sweep GC freed 3(96B) AllocSpace objects, 0(0B) LOS objects, 23% free, 52MB/68MB, paused 226us total 14.079ms
08-04 14:48:11.451 11969 12449 I art     : Starting a blocking GC Explicit
08-04 14:48:11.466 11969 12449 I art     : Explicit concurrent mark sweep GC freed 3(96B) AllocSpace objects, 0(0B) LOS objects, 23% free, 52MB/68MB, paused 238us total 14.756ms
08-04 14:48:11.741 11969 11982 I art     : Starting a blocking GC Explicit
08-04 14:48:11.762 11969 11982 I art     : Explicit concurrent mark sweep GC freed 1341(78KB) AllocSpace objects, 1(20KB) LOS objects, 23% free, 52MB/68MB, paused 280us total 20.907ms
08-04 14:48:11.771 11969 11982 I art     : Starting a blocking GC Explicit
08-04 14:48:11.786 11969 11982 I art     : Explicit concurrent mark sweep GC freed 20(704B) AllocSpace objects, 0(0B) LOS objects, 23% free, 52MB/68MB, paused 231us total 14.831ms
08-04 14:48:11.792 11969 11982 I art     : Starting a blocking GC Explicit
08-04 14:48:11.807 11969 11982 I art     : Explicit concurrent mark sweep GC freed 3(96B) AllocSpace objects, 0(0B) LOS objects, 23% free, 52MB/68MB, paused 234us total 14.429ms
08-04 14:48:11.813 11969 11982 I art     : Starting a blocking GC Explicit
08-04 14:48:11.828 11969 11982 I art     : Explicit concurrent mark sweep GC freed 3(96B) AllocSpace objects, 0(0B) LOS objects, 23% free, 52MB/68MB, paused 221us total 14.095ms
08-04 14:48:11.834 11969 11982 I art     : Starting a blocking GC Explicit
08-04 14:48:11.849 11969 11982 I art     : Explicit concurrent mark sweep GC freed 3(96B) AllocSpace objects, 0(0B) LOS objects, 23% free, 52MB/68MB, paused 222us total 14.199ms
08-04 14:48:12.060  8510  8510 I ServiceManager: Waiting for service AtCmdFwd...
08-04 14:48:12.140 11969 12201 I art     : Starting a blocking GC Explicit
08-04 14:48:12.162 11969 12201 I art     : Explicit concurrent mark sweep GC freed 1340(78KB) AllocSpace objects, 1(20KB) LOS objects, 23% free, 52MB/68MB, paused 277us total 21.644ms
08-04 14:48:12.175 11969 12201 I art     : Starting a blocking GC Explicit
08-04 14:48:12.190 11969 12201 I art     : Explicit concurrent mark sweep GC freed 20(704B) AllocSpace objects, 0(0B) LOS objects, 23% free, 52MB/68MB, paused 210us total 13.932ms
08-04 14:48:12.196 11969 12201 I art     : Starting a blocking GC Explicit
08-04 14:48:12.209 11969 12201 I art     : Explicit concurrent mark sweep GC freed 3(96B) AllocSpace objects, 0(0B) LOS objects, 23% free, 52MB/68MB, paused 230us total 13.130ms
08-04 14:48:12.215 11969 12201 I art     : Starting a blocking GC Explicit
08-04 14:48:12.229 11969 12201 I art     : Explicit concurrent mark sweep GC freed 3(96B) AllocSpace objects, 0(0B) LOS objects, 23% free, 52MB/68MB, paused 224us total 13.497ms
08-04 14:48:12.235 11969 12201 I art     : Starting a blocking GC Explicit
08-04 14:48:12.247 11969 12201 I art     : Explicit concurrent mark sweep GC freed 3(96B) AllocSpace objects, 0(0B) LOS objects, 23% free, 52MB/68MB, paused 218us total 12.504ms
08-04 14:48:12.492 12824 12824 D AndroidRuntime: >>>>>> START com.android.internal.os.RuntimeInit uid 2000 <<<<<<
08-04 14:48:12.496 12824 12824 D AndroidRuntime: CheckJNI is OFF
08-04 14:48:12.504 11969 11983 I art     : Starting a blocking GC Explicit
08-04 14:48:12.519 11969 11983 I art     : Explicit concurrent mark sweep GC freed 1340(78KB) AllocSpace objects, 1(20KB) LOS objects, 23% free, 52MB/68MB, paused 253us total 15.121ms
08-04 14:48:12.526 11969 11983 I art     : Starting a blocking GC Explicit
08-04 14:48:12.526 12824 12824 D ICU     : No timezone override file found: /data/misc/zoneinfo/current/icu/icu_tzdata.dat
08-04 14:48:12.540 11969 11983 I art     : Explicit concurrent mark sweep GC freed 20(704B) AllocSpace objects, 0(0B) LOS objects, 23% free, 52MB/68MB, paused 238us total 13.880ms
08-04 14:48:12.547 11969 11983 I art     : Starting a blocking GC Explicit
08-04 14:48:12.553 12824 12824 I Radio-JNI: register_android_hardware_Radio DONE
08-04 14:48:12.561 11969 11983 I art     : Explicit concurrent mark sweep GC freed 3(96B) AllocSpace objects, 0(0B) LOS objects, 23% free, 52MB/68MB, paused 252us total 14.206ms
08-04 14:48:12.567 11969 11983 I art     : Starting a blocking GC Explicit
08-04 14:48:12.569 12824 12824 D AndroidRuntime: Calling main entry com.android.commands.input.Input
08-04 14:48:12.571 12824 12824 I Input   : injectMotionEvent: MotionEvent { action=ACTION_DOWN, actionButton=0, id[0]=0, x[0]=733.0, y[0]=1370.0, toolType[0]=TOOL_TYPE_UNKNOWN, buttonState=0, metaState=0, flags=0x0, edgeFlags=0x0, pointerCount=1, historySize=0, eventTime=715708984, downTime=715708984, deviceId=0, source=0x1002 }
08-04 14:48:12.576 12824 12824 I Input   : injectMotionEvent: MotionEvent { action=ACTION_UP, actionButton=0, id[0]=0, x[0]=733.0, y[0]=1370.0, toolType[0]=TOOL_TYPE_UNKNOWN, buttonState=0, metaState=0, flags=0x0, edgeFlags=0x0, pointerCount=1, historySize=0, eventTime=715708984, downTime=715708984, deviceId=0, source=0x1002 }
08-04 14:48:12.577   918  5132 I ActivityManager: START u0 {cmp=baseline.appteam.nith.hillffair/.activities.ClubActivity (has extras)} from uid 10651 on display 0
08-04 14:48:12.580 11969 11983 I art     : Explicit concurrent mark sweep GC freed 3(96B) AllocSpace objects, 0(0B) LOS objects, 23% free, 52MB/68MB, paused 361us total 13.070ms
08-04 14:48:12.585 12824 12824 D AndroidRuntime: Shutting down VM
08-04 14:48:12.587 11969 11983 I art     : Starting a blocking GC Explicit
08-04 14:48:12.601 11969 11983 I art     : Explicit concurrent mark sweep GC freed 335(30KB) AllocSpace objects, 0(0B) LOS objects, 23% free, 52MB/68MB, paused 708us total 14.419ms
08-04 14:48:12.669 13866 13866 I GoogleInputMethodServic: GoogleInputMethodService.onFinishInput():3138 
08-04 14:48:12.669 13866 13866 I GoogleInputMethodServic: GoogleInputMethodService.onStartInput():1808 
08-04 14:48:12.670   918   936 I ActivityManager: Displayed baseline.appteam.nith.hillffair/.activities.ClubActivity: +83ms
08-04 14:48:12.838 11969 12449 I art     : Starting a blocking GC Explicit
08-04 14:48:12.864 11969 12449 I art     : Explicit concurrent mark sweep GC freed 4734(263KB) AllocSpace objects, 1(20KB) LOS objects, 23% free, 52MB/68MB, paused 384us total 25.933ms
08-04 14:48:12.877 11969 12449 I art     : Starting a blocking GC Explicit
08-04 14:48:12.896 11969 12449 I art     : Explicit concurrent mark sweep GC freed 123(5KB) AllocSpace objects, 0(0B) LOS objects, 23% free, 52MB/68MB, paused 362us total 18.695ms
08-04 14:48:12.902 11969 12449 I art     : Starting a blocking GC Explicit
08-04 14:48:12.921 11969 12449 I art     : Explicit concurrent mark sweep GC freed 3(96B) AllocSpace objects, 0(0B) LOS objects, 23% free, 52MB/68MB, paused 258us total 18.174ms
08-04 14:48:12.929 11969 12449 I art     : Starting a blocking GC Explicit
08-04 14:48:12.936   380   380 W SurfaceFlinger: couldn't log to binary event log: overflow.
08-04 14:48:12.948 11969 12449 I art     : Explicit concurrent mark sweep GC freed 3(96B) AllocSpace objects, 0(0B) LOS objects, 23% free, 52MB/68MB, paused 304us total 19.095ms
08-04 14:48:12.957 11969 12449 I art     : Starting a blocking GC Explicit
08-04 14:48:12.971 11969 12449 I art     : Explicit concurrent mark sweep GC freed 3(96B) AllocSpace objects, 0(0B) LOS objects, 23% free, 52MB/68MB, paused 255us total 13.275ms
08-04 14:48:13.061  8510  8510 I ServiceManager: Waiting for service AtCmdFwd...
08-04 14:48:13.245 11969 12449 I art     : Starting a blocking GC Explicit
08-04 14:48:13.263 11969 12449 I art     : Explicit concurrent mark sweep GC freed 1473(85KB) AllocSpace objects, 1(20KB) LOS objects, 23% free, 52MB/68MB, paused 416us total 18.498ms
08-04 14:48:13.271 11969 12449 I art     : Starting a blocking GC Explicit
08-04 14:48:13.287 11969 12449 I art     : Explicit concurrent mark sweep GC freed 50(1728B) AllocSpace objects, 0(0B) LOS objects, 23% free, 52MB/68MB, paused 271us total 15.238ms
08-04 14:48:13.293 11969 12449 I art     : Starting a blocking GC Explicit
08-04 14:48:13.307 11969 12449 I art     : Explicit concurrent mark sweep GC freed 10(352B) AllocSpace objects, 0(0B) LOS objects, 23% free, 52MB/68MB, paused 251us total 13.693ms
08-04 14:48:13.313 11969 12449 I art     : Starting a blocking GC Explicit
08-04 14:48:13.327 11969 12449 I art     : Explicit concurrent mark sweep GC freed 8(288B) AllocSpace objects, 0(0B) LOS objects, 23% free, 52MB/68MB, paused 269us total 13.814ms
08-04 14:48:13.333 11969 12449 I art     : Starting a blocking GC Explicit
08-04 14:48:13.347 11969 12449 I art     : Explicit concurrent mark sweep GC freed 8(288B) AllocSpace objects, 0(0B) LOS objects, 23% free, 52MB/68MB, paused 427us total 13.712ms
08-04 14:48:13.478 11969 12849 D OkHttp  : --> GET https://api-hillfair-2k16.herokuapp.com/api/app/events/special/event?id=580655cddcba0f490c70fdd0 http/1.1
08-04 14:48:13.507 11969 12849 D OkHttp  : <-- 200 OK https://api-hillfair-2k16.herokuapp.com/api/app/events/special/event?id=580655cddcba0f490c70fdd0 (29ms, 721-byte body)
08-04 14:48:13.564 11969 11969 I NAPPA_EXPERIMENTATION: MetricNetworkRequestExecutionTime: REQUEST_DURATION_SYSTEM='958',REQUEST_DURATION_OKHTTP='29',REQUEST_SYNCHRONOUS='FALSE',RESPONSE_CODE='200',RESPONSE_METHOD='GET',RESPONSE_LENGTH_OKHTTP='721',RESPONSE_LENGTH_HEADER='721',REQUEST_PROTOCOL='http/1.1',REQUEST_URL='https://api-hillfair-2k16.herokuapp.com/api/app/events/special/event?id=580655cddcba0f490c70fdd0',
08-04 14:48:13.608 11969 11983 I art     : Starting a blocking GC Explicit
08-04 14:48:13.610   518   646 I ThermalEngine: ACTION: GPU - Setting GPU[0] to 510000000
08-04 14:48:13.626 11969 11983 I art     : Explicit concurrent mark sweep GC freed 4800(338KB) AllocSpace objects, 4(220KB) LOS objects, 23% free, 52MB/68MB, paused 341us total 17.864ms
08-04 14:48:13.633 11969 11983 I art     : Starting a blocking GC Explicit
08-04 14:48:13.651 11969 11983 I art     : Explicit concurrent mark sweep GC freed 1041(119KB) AllocSpace objects, 0(0B) LOS objects, 23% free, 52MB/68MB, paused 317us total 17.145ms
08-04 14:48:13.659 11969 11983 I art     : Starting a blocking GC Explicit
08-04 14:48:13.676 11969 11983 I art     : Explicit concurrent mark sweep GC freed 3(96B) AllocSpace objects, 0(0B) LOS objects, 23% free, 52MB/68MB, paused 326us total 16.815ms
08-04 14:48:13.684 11969 11983 I art     : Starting a blocking GC Explicit
08-04 14:48:13.701 11969 11983 I art     : Explicit concurrent mark sweep GC freed 3(96B) AllocSpace objects, 0(0B) LOS objects, 23% free, 52MB/68MB, paused 317us total 16.788ms
08-04 14:48:13.701 11969 11981 I art     : WaitForGcToComplete blocked for 9.294ms for cause HeapTrim
08-04 14:48:13.709 11969 11983 I art     : Starting a blocking GC Explicit
08-04 14:48:13.726 11969 11983 I art     : Explicit concurrent mark sweep GC freed 3(96B) AllocSpace objects, 0(0B) LOS objects, 23% free, 52MB/68MB, paused 323us total 16.880ms
08-04 14:48:14.002 11969 11983 I art     : Starting a blocking GC Explicit
08-04 14:48:14.021 11969 11983 I art     : Explicit concurrent mark sweep GC freed 1341(78KB) AllocSpace objects, 1(20KB) LOS objects, 23% free, 52MB/68MB, paused 333us total 19.486ms
08-04 14:48:14.030 11969 11983 I art     : Starting a blocking GC Explicit
08-04 14:48:14.049 11969 11983 I art     : Explicit concurrent mark sweep GC freed 36(1264B) AllocSpace objects, 0(0B) LOS objects, 23% free, 52MB/68MB, paused 342us total 19.215ms
08-04 14:48:14.058 11969 11983 I art     : Starting a blocking GC Explicit
08-04 14:48:14.061  8510  8510 I ServiceManager: Waiting for service AtCmdFwd...
08-04 14:48:14.077 11969 11983 I art     : Explicit concurrent mark sweep GC freed 3(96B) AllocSpace objects, 0(0B) LOS objects, 23% free, 52MB/68MB, paused 365us total 18.926ms
08-04 14:48:14.085 11969 11983 I art     : Starting a blocking GC Explicit
08-04 14:48:14.105 11969 11983 I art     : Explicit concurrent mark sweep GC freed 3(96B) AllocSpace objects, 0(0B) LOS objects, 23% free, 52MB/68MB, paused 328us total 19.001ms
08-04 14:48:14.113 11969 11983 I art     : Starting a blocking GC Explicit
08-04 14:48:14.133 11969 11983 I art     : Explicit concurrent mark sweep GC freed 3(96B) AllocSpace objects, 0(0B) LOS objects, 23% free, 52MB/68MB, paused 326us total 19.371ms
08-04 14:48:14.405 11969 12201 I art     : Starting a blocking GC Explicit
08-04 14:48:14.428 11969 12201 I art     : Explicit concurrent mark sweep GC freed 1341(78KB) AllocSpace objects, 1(20KB) LOS objects, 23% free, 52MB/68MB, paused 410us total 22.635ms
08-04 14:48:14.439 11969 12201 I art     : Starting a blocking GC Explicit
08-04 14:48:14.460 11969 12201 I art     : Explicit concurrent mark sweep GC freed 20(704B) AllocSpace objects, 0(0B) LOS objects, 23% free, 52MB/68MB, paused 337us total 20.310ms
08-04 14:48:14.468 11969 12201 I art     : Starting a blocking GC Explicit
08-04 14:48:14.489 11969 12201 I art     : Explicit concurrent mark sweep GC freed 3(96B) AllocSpace objects, 0(0B) LOS objects, 23% free, 52MB/68MB, paused 370us total 19.944ms
08-04 14:48:14.497 11969 12201 I art     : Starting a blocking GC Explicit
08-04 14:48:14.517 11969 12201 I art     : Explicit concurrent mark sweep GC freed 3(96B) AllocSpace objects, 0(0B) LOS objects, 23% free, 52MB/68MB, paused 404us total 19.550ms
08-04 14:48:14.526 11969 12201 I art     : Starting a blocking GC Explicit
08-04 14:48:14.545 11969 12201 I art     : Explicit concurrent mark sweep GC freed 3(96B) AllocSpace objects, 0(0B) LOS objects, 23% free, 52MB/68MB, paused 337us total 19.426ms
08-04 14:48:14.878 11969 12449 I art     : Starting a blocking GC Explicit
08-04 14:48:14.903 11969 12449 I art     : Explicit concurrent mark sweep GC freed 1341(78KB) AllocSpace objects, 1(20KB) LOS objects, 23% free, 52MB/68MB, paused 363us total 24.300ms
08-04 14:48:14.914 11969 12449 I art     : Starting a blocking GC Explicit
08-04 14:48:14.934 11969 12449 I art     : Explicit concurrent mark sweep GC freed 20(704B) AllocSpace objects, 0(0B) LOS objects, 23% free, 52MB/68MB, paused 376us total 19.216ms
08-04 14:48:14.942 11969 12449 I art     : Starting a blocking GC Explicit
08-04 14:48:14.962 11969 12449 I art     : Explicit concurrent mark sweep GC freed 3(96B) AllocSpace objects, 0(0B) LOS objects, 23% free, 52MB/68MB, paused 327us total 19.112ms
08-04 14:48:14.970 11969 12449 I art     : Starting a blocking GC Explicit
08-04 14:48:14.989 11969 12449 I art     : Explicit concurrent mark sweep GC freed 3(96B) AllocSpace objects, 0(0B) LOS objects, 23% free, 52MB/68MB, paused 328us total 19.222ms
08-04 14:48:14.998 11969 12449 I art     : Starting a blocking GC Explicit
08-04 14:48:15.017 11969 12449 I art     : Explicit concurrent mark sweep GC freed 3(96B) AllocSpace objects, 0(0B) LOS objects, 23% free, 52MB/68MB, paused 332us total 19.280ms
08-04 14:48:15.041   918  3188 I hubconnection: sensorhub said: 'set_bias 3: -5.2128, 0.0000, 0.0000'
08-04 14:48:15.062  8510  8510 I ServiceManager: Waiting for service AtCmdFwd...
08-04 14:48:15.337 11969 11982 I art     : Starting a blocking GC Explicit
08-04 14:48:15.364 11969 11982 I art     : Explicit concurrent mark sweep GC freed 1341(78KB) AllocSpace objects, 1(20KB) LOS objects, 23% free, 52MB/68MB, paused 369us total 27.229ms
08-04 14:48:15.377 11969 11982 I art     : Starting a blocking GC Explicit
08-04 14:48:15.397 11969 11982 I art     : Explicit concurrent mark sweep GC freed 20(704B) AllocSpace objects, 0(0B) LOS objects, 23% free, 52MB/68MB, paused 471us total 19.779ms
08-04 14:48:15.406 11969 11982 I art     : Starting a blocking GC Explicit
08-04 14:48:15.425 11969 11982 I art     : Explicit concurrent mark sweep GC freed 3(96B) AllocSpace objects, 0(0B) LOS objects, 23% free, 52MB/68MB, paused 320us total 19.326ms
08-04 14:48:15.434 11969 11982 I art     : Starting a blocking GC Explicit
08-04 14:48:15.453 11969 11982 I art     : Explicit concurrent mark sweep GC freed 3(96B) AllocSpace objects, 0(0B) LOS objects, 23% free, 52MB/68MB, paused 328us total 19.439ms
08-04 14:48:15.462 11969 11982 I art     : Starting a blocking GC Explicit
08-04 14:48:15.481 11969 11982 I art     : Explicit concurrent mark sweep GC freed 3(96B) AllocSpace objects, 0(0B) LOS objects, 23% free, 52MB/68MB, paused 334us total 19.426ms
08-04 14:48:15.793 11969 11983 I art     : Starting a blocking GC Explicit
08-04 14:48:15.818 11969 11983 I art     : Explicit concurrent mark sweep GC freed 1341(78KB) AllocSpace objects, 1(20KB) LOS objects, 23% free, 52MB/68MB, paused 413us total 24.295ms
08-04 14:48:15.829 11969 11983 I art     : Starting a blocking GC Explicit
08-04 14:48:15.851 11969 11983 I art     : Explicit concurrent mark sweep GC freed 20(704B) AllocSpace objects, 0(0B) LOS objects, 23% free, 52MB/68MB, paused 355us total 21.247ms
08-04 14:48:15.859 11969 11983 I art     : Starting a blocking GC Explicit
08-04 14:48:15.879 11969 11983 I art     : Explicit concurrent mark sweep GC freed 3(96B) AllocSpace objects, 0(0B) LOS objects, 23% free, 52MB/68MB, paused 371us total 19.602ms
08-04 14:48:15.888 11969 11983 I art     : Starting a blocking GC Explicit
08-04 14:48:15.907 11969 11983 I art     : Explicit concurrent mark sweep GC freed 3(96B) AllocSpace objects, 0(0B) LOS objects, 23% free, 52MB/68MB, paused 332us total 19.047ms
08-04 14:48:15.916 11969 11983 I art     : Starting a blocking GC Explicit
08-04 14:48:15.935 11969 11983 I art     : Explicit concurrent mark sweep GC freed 3(96B) AllocSpace objects, 0(0B) LOS objects, 23% free, 52MB/68MB, paused 339us total 19.174ms
08-04 14:48:16.064  8510  8510 W Atfwd_Sendcmd: AtCmdFwd service not published, waiting... retryCnt : 4
08-04 14:48:16.240 11969 12201 I art     : Starting a blocking GC Explicit
08-04 14:48:16.264 11969 12201 I art     : Explicit concurrent mark sweep GC freed 1341(78KB) AllocSpace objects, 1(20KB) LOS objects, 23% free, 52MB/68MB, paused 364us total 24.193ms
08-04 14:48:16.276 11969 12201 I art     : Starting a blocking GC Explicit
08-04 14:48:16.298 11969 12201 I art     : Explicit concurrent mark sweep GC freed 20(704B) AllocSpace objects, 0(0B) LOS objects, 23% free, 52MB/68MB, paused 329us total 21.810ms
08-04 14:48:16.307 11969 12201 I art     : Starting a blocking GC Explicit
08-04 14:48:16.327 11969 12201 I art     : Explicit concurrent mark sweep GC freed 3(96B) AllocSpace objects, 0(0B) LOS objects, 23% free, 52MB/68MB, paused 349us total 19.671ms
08-04 14:48:16.335 11969 12201 I art     : Starting a blocking GC Explicit
08-04 14:48:16.355 11969 12201 I art     : Explicit concurrent mark sweep GC freed 3(96B) AllocSpace objects, 0(0B) LOS objects, 23% free, 52MB/68MB, paused 343us total 19.306ms
08-04 14:48:16.363 11969 12201 I art     : Starting a blocking GC Explicit
08-04 14:48:16.383 11969 12201 I art     : Explicit concurrent mark sweep GC freed 3(96B) AllocSpace objects, 0(0B) LOS objects, 23% free, 52MB/68MB, paused 363us total 19.401ms
08-04 14:48:16.705 11969 12449 I art     : Starting a blocking GC Explicit
08-04 14:48:16.730 11969 12449 I art     : Explicit concurrent mark sweep GC freed 1341(78KB) AllocSpace objects, 1(20KB) LOS objects, 23% free, 52MB/68MB, paused 384us total 24.274ms
08-04 14:48:16.741 11969 12449 I art     : Starting a blocking GC Explicit
08-04 14:48:16.765 11969 12449 I art     : Explicit concurrent mark sweep GC freed 20(704B) AllocSpace objects, 0(0B) LOS objects, 23% free, 52MB/68MB, paused 344us total 22.931ms
08-04 14:48:16.775 11969 12449 I art     : Starting a blocking GC Explicit
08-04 14:48:16.795 11969 12449 I art     : Explicit concurrent mark sweep GC freed 3(96B) AllocSpace objects, 0(0B) LOS objects, 23% free, 52MB/68MB, paused 331us total 19.756ms
08-04 14:48:16.804 11969 12449 I art     : Starting a blocking GC Explicit
08-04 14:48:16.822 11969 12449 I art     : Explicit concurrent mark sweep GC freed 3(96B) AllocSpace objects, 0(0B) LOS objects, 23% free, 52MB/68MB, paused 308us total 18.235ms
08-04 14:48:16.831 11969 12449 I art     : Starting a blocking GC Explicit
08-04 14:48:16.849 11969 12449 I art     : Explicit concurrent mark sweep GC freed 3(96B) AllocSpace objects, 0(0B) LOS objects, 23% free, 52MB/68MB, paused 313us total 17.720ms
08-04 14:48:17.125 11969 11982 I art     : Starting a blocking GC Explicit
08-04 14:48:17.145 11969 11982 I art     : Explicit concurrent mark sweep GC freed 1341(78KB) AllocSpace objects, 1(20KB) LOS objects, 23% free, 52MB/68MB, paused 338us total 20.052ms
08-04 14:48:17.153 11969 11982 I art     : Starting a blocking GC Explicit
08-04 14:48:17.173 11969 11982 I art     : Explicit concurrent mark sweep GC freed 20(704B) AllocSpace objects, 0(0B) LOS objects, 23% free, 52MB/68MB, paused 328us total 19.216ms
08-04 14:48:17.181 11969 11982 I art     : Starting a blocking GC Explicit
08-04 14:48:17.200 11969 11982 I art     : Explicit concurrent mark sweep GC freed 3(96B) AllocSpace objects, 0(0B) LOS objects, 23% free, 52MB/68MB, paused 319us total 19.059ms
08-04 14:48:17.209 11969 11982 I art     : Starting a blocking GC Explicit
08-04 14:48:17.228 11969 11982 I art     : Explicit concurrent mark sweep GC freed 3(96B) AllocSpace objects, 0(0B) LOS objects, 23% free, 52MB/68MB, paused 330us total 18.530ms
08-04 14:48:17.236 11969 11982 I art     : Starting a blocking GC Explicit
08-04 14:48:17.255 11969 11982 I art     : Explicit concurrent mark sweep GC freed 3(96B) AllocSpace objects, 0(0B) LOS objects, 23% free, 52MB/68MB, paused 325us total 18.806ms
08-04 14:48:17.273 12954 12954 D AndroidRuntime: >>>>>> START com.android.internal.os.RuntimeInit uid 2000 <<<<<<
08-04 14:48:17.278 12954 12954 D AndroidRuntime: CheckJNI is OFF
08-04 14:48:17.311 12954 12954 D ICU     : No timezone override file found: /data/misc/zoneinfo/current/icu/icu_tzdata.dat
08-04 14:48:17.344 12954 12954 I Radio-JNI: register_android_hardware_Radio DONE
08-04 14:48:17.366 12954 12954 D AndroidRuntime: Calling main entry com.android.commands.input.Input
08-04 14:48:17.368 12954 12954 I Input   : injectKeyEvent: KeyEvent { action=ACTION_DOWN, keyCode=KEYCODE_BACK, scanCode=0, metaState=0, flags=0x0, repeatCount=0, eventTime=715713781, downTime=715713781, deviceId=-1, source=0x101 }
08-04 14:48:17.374 12954 12954 I Input   : injectKeyEvent: KeyEvent { action=ACTION_UP, keyCode=KEYCODE_BACK, scanCode=0, metaState=0, flags=0x0, repeatCount=0, eventTime=715713781, downTime=715713781, deviceId=-1, source=0x101 }
08-04 14:48:17.380 12954 12954 D AndroidRuntime: Shutting down VM
08-04 14:48:17.425 13866 13866 I GoogleInputMethodServic: GoogleInputMethodService.onFinishInput():3138 
08-04 14:48:17.426 13866 13866 I GoogleInputMethodServic: GoogleInputMethodService.onStartInput():1808 
08-04 14:48:17.498 11969 11983 I art     : Starting a blocking GC Explicit
08-04 14:48:17.515 11969 11983 I art     : Explicit concurrent mark sweep GC freed 1510(85KB) AllocSpace objects, 1(20KB) LOS objects, 23% free, 52MB/68MB, paused 326us total 17.256ms
08-04 14:48:17.523 11969 11983 I art     : Starting a blocking GC Explicit
08-04 14:48:17.541 11969 11983 I art     : Explicit concurrent mark sweep GC freed 26(944B) AllocSpace objects, 0(0B) LOS objects, 23% free, 52MB/68MB, paused 319us total 17.412ms
08-04 14:48:17.549 11969 11983 I art     : Starting a blocking GC Explicit
08-04 14:48:17.567 11969 11983 I art     : Explicit concurrent mark sweep GC freed 3(96B) AllocSpace objects, 0(0B) LOS objects, 23% free, 52MB/68MB, paused 332us total 18.249ms
08-04 14:48:17.578 11969 11983 I art     : Starting a blocking GC Explicit
08-04 14:48:17.600 11969 11983 I art     : Explicit concurrent mark sweep GC freed 3(96B) AllocSpace objects, 0(0B) LOS objects, 23% free, 52MB/68MB, paused 404us total 22.075ms
08-04 14:48:17.612 11969 11983 I art     : Starting a blocking GC Explicit
08-04 14:48:17.632 11969 11983 I art     : Explicit concurrent mark sweep GC freed 3(96B) AllocSpace objects, 0(0B) LOS objects, 23% free, 52MB/68MB, paused 335us total 19.831ms
08-04 14:48:17.717   380   380 W SurfaceFlinger: couldn't log to binary event log: overflow.
08-04 14:48:17.886 11969 11982 I art     : Starting a blocking GC Explicit
08-04 14:48:17.907 11969 11982 I art     : Explicit concurrent mark sweep GC freed 1450(87KB) AllocSpace objects, 1(20KB) LOS objects, 23% free, 52MB/68MB, paused 339us total 20.738ms
08-04 14:48:17.921 11969 11982 I art     : Starting a blocking GC Explicit
08-04 14:48:17.943 11969 11982 I art     : Explicit concurrent mark sweep GC freed 1672(106KB) AllocSpace objects, 3(400KB) LOS objects, 23% free, 52MB/68MB, paused 321us total 20.962ms
08-04 14:48:17.951 11969 11982 I art     : Starting a blocking GC Explicit
08-04 14:48:17.970 11969 11982 I art     : Explicit concurrent mark sweep GC freed 3(96B) AllocSpace objects, 0(0B) LOS objects, 23% free, 52MB/68MB, paused 318us total 18.811ms
08-04 14:48:17.979 11969 11982 I art     : Starting a blocking GC Explicit
08-04 14:48:17.998 11969 11982 I art     : Explicit concurrent mark sweep GC freed 3(96B) AllocSpace objects, 0(0B) LOS objects, 23% free, 52MB/68MB, paused 327us total 18.865ms
08-04 14:48:18.006 11969 11982 I art     : Starting a blocking GC Explicit
08-04 14:48:18.025 11969 11982 I art     : Explicit concurrent mark sweep GC freed 3(96B) AllocSpace objects, 0(0B) LOS objects, 23% free, 52MB/68MB, paused 331us total 18.554ms
08-04 14:48:18.313 11969 12449 I art     : Starting a blocking GC Explicit
08-04 14:48:18.341 11969 12449 I art     : Explicit concurrent mark sweep GC freed 1341(78KB) AllocSpace objects, 1(20KB) LOS objects, 23% free, 52MB/68MB, paused 353us total 27.806ms
08-04 14:48:18.354 11969 12449 I art     : Starting a blocking GC Explicit
08-04 14:48:18.373 11969 12449 I art     : Explicit concurrent mark sweep GC freed 20(704B) AllocSpace objects, 0(0B) LOS objects, 23% free, 52MB/68MB, paused 292us total 18.802ms
08-04 14:48:18.381 11969 12449 I art     : Starting a blocking GC Explicit
08-04 14:48:18.399 11969 12449 I art     : Explicit concurrent mark sweep GC freed 3(96B) AllocSpace objects, 0(0B) LOS objects, 23% free, 52MB/68MB, paused 324us total 17.772ms
08-04 14:48:18.407 11969 12449 I art     : Starting a blocking GC Explicit
08-04 14:48:18.426 11969 12449 I art     : Explicit concurrent mark sweep GC freed 3(96B) AllocSpace objects, 0(0B) LOS objects, 23% free, 52MB/68MB, paused 324us total 18.332ms
08-04 14:48:18.434 11969 12449 I art     : Starting a blocking GC Explicit
08-04 14:48:18.453 11969 12449 I art     : Explicit concurrent mark sweep GC freed 3(96B) AllocSpace objects, 0(0B) LOS objects, 23% free, 52MB/68MB, paused 324us total 18.255ms
08-04 14:48:18.713 11969 12201 I art     : Starting a blocking GC Explicit
08-04 14:48:18.731 11969 12201 I art     : Explicit concurrent mark sweep GC freed 1340(78KB) AllocSpace objects, 1(20KB) LOS objects, 23% free, 52MB/68MB, paused 334us total 18.289ms
08-04 14:48:18.731 11969 11981 I art     : WaitForGcToComplete blocked for 5.405ms for cause HeapTrim
08-04 14:48:18.739 11969 12201 I art     : Starting a blocking GC Explicit
08-04 14:48:18.758 11969 12201 I art     : Explicit concurrent mark sweep GC freed 20(704B) AllocSpace objects, 0(0B) LOS objects, 23% free, 52MB/68MB, paused 352us total 18.230ms
08-04 14:48:18.766 11969 12201 I art     : Starting a blocking GC Explicit
08-04 14:48:18.785 11969 12201 I art     : Explicit concurrent mark sweep GC freed 3(96B) AllocSpace objects, 0(0B) LOS objects, 23% free, 52MB/68MB, paused 346us total 18.397ms
08-04 14:48:18.793 11969 12201 I art     : Starting a blocking GC Explicit
08-04 14:48:18.811 11969 12201 I art     : Explicit concurrent mark sweep GC freed 3(96B) AllocSpace objects, 0(0B) LOS objects, 23% free, 52MB/68MB, paused 352us total 17.971ms
08-04 14:48:18.820 11969 12201 I art     : Starting a blocking GC Explicit
08-04 14:48:18.837 11969 12201 I art     : Explicit concurrent mark sweep GC freed 3(96B) AllocSpace objects, 0(0B) LOS objects, 23% free, 52MB/68MB, paused 356us total 17.147ms
08-04 14:48:19.035 13009 13009 D AndroidRuntime: >>>>>> START com.android.internal.os.RuntimeInit uid 2000 <<<<<<
08-04 14:48:19.040 13009 13009 D AndroidRuntime: CheckJNI is OFF
08-04 14:48:19.072 13009 13009 D ICU     : No timezone override file found: /data/misc/zoneinfo/current/icu/icu_tzdata.dat
08-04 14:48:19.105 13009 13009 I Radio-JNI: register_android_hardware_Radio DONE
08-04 14:48:19.120 11969 11983 I art     : Starting a blocking GC Explicit
08-04 14:48:19.128 13009 13009 D AndroidRuntime: Calling main entry com.android.commands.input.Input
08-04 14:48:19.130 13009 13009 I Input   : injectMotionEvent: MotionEvent { action=ACTION_DOWN, actionButton=0, id[0]=0, x[0]=733.0, y[0]=1957.0, toolType[0]=TOOL_TYPE_UNKNOWN, buttonState=0, metaState=0, flags=0x0, edgeFlags=0x0, pointerCount=1, historySize=0, eventTime=715715543, downTime=715715543, deviceId=0, source=0x1002 }
08-04 14:48:19.134 13009 13009 I Input   : injectMotionEvent: MotionEvent { action=ACTION_UP, actionButton=0, id[0]=0, x[0]=733.0, y[0]=1957.0, toolType[0]=TOOL_TYPE_UNKNOWN, buttonState=0, metaState=0, flags=0x0, edgeFlags=0x0, pointerCount=1, historySize=0, eventTime=715715543, downTime=715715543, deviceId=0, source=0x1002 }
08-04 14:48:19.136   918  5952 I ActivityManager: START u0 {cmp=baseline.appteam.nith.hillffair/.activities.ClubActivity (has extras)} from uid 10651 on display 0
08-04 14:48:19.139 11969 11983 I art     : Explicit concurrent mark sweep GC freed 1340(78KB) AllocSpace objects, 1(20KB) LOS objects, 23% free, 52MB/68MB, paused 415us total 18.961ms
08-04 14:48:19.146 13009 13009 D AndroidRuntime: Shutting down VM
08-04 14:48:19.148 11969 11983 I art     : Starting a blocking GC Explicit
08-04 14:48:19.165 11969 11983 I art     : Explicit concurrent mark sweep GC freed 349(31KB) AllocSpace objects, 0(0B) LOS objects, 23% free, 52MB/68MB, paused 584us total 16.690ms
08-04 14:48:19.173 11969 11983 I art     : Starting a blocking GC Explicit
08-04 14:48:19.193 11969 11983 I art     : Explicit concurrent mark sweep GC freed 3201(179KB) AllocSpace objects, 0(0B) LOS objects, 23% free, 52MB/68MB, paused 424us total 19.587ms
08-04 14:48:19.200 11969 11983 I art     : Starting a blocking GC Explicit
08-04 14:48:19.218 11969 11983 I art     : Explicit concurrent mark sweep GC freed 233(9KB) AllocSpace objects, 0(0B) LOS objects, 23% free, 52MB/68MB, paused 560us total 17.400ms
08-04 14:48:19.223   918   936 I ActivityManager: Displayed baseline.appteam.nith.hillffair/.activities.ClubActivity: +76ms
08-04 14:48:19.223 13866 13866 I GoogleInputMethodServic: GoogleInputMethodService.onFinishInput():3138 
08-04 14:48:19.224 13866 13866 I GoogleInputMethodServic: GoogleInputMethodService.onStartInput():1808 
08-04 14:48:19.226 11969 11983 I art     : Starting a blocking GC Explicit
08-04 14:48:19.246 11969 11983 I art     : Explicit concurrent mark sweep GC freed 55(2208B) AllocSpace objects, 0(0B) LOS objects, 23% free, 52MB/68MB, paused 464us total 19.499ms
08-04 14:48:19.483   380   380 W SurfaceFlinger: couldn't log to binary event log: overflow.
08-04 14:48:19.514 11969 12201 I art     : Starting a blocking GC Explicit
08-04 14:48:19.532 11969 12201 I art     : Explicit concurrent mark sweep GC freed 1425(84KB) AllocSpace objects, 1(20KB) LOS objects, 23% free, 52MB/68MB, paused 351us total 17.323ms
08-04 14:48:19.540 11969 12201 I art     : Starting a blocking GC Explicit
08-04 14:48:19.557 11969 12201 I art     : Explicit concurrent mark sweep GC freed 20(704B) AllocSpace objects, 0(0B) LOS objects, 23% free, 52MB/68MB, paused 401us total 16.853ms
08-04 14:48:19.564 11969 12201 I art     : Starting a blocking GC Explicit
08-04 14:48:19.583 11969 12201 I art     : Explicit concurrent mark sweep GC freed 3(96B) AllocSpace objects, 0(0B) LOS objects, 23% free, 52MB/68MB, paused 375us total 18.184ms
08-04 14:48:19.591 11969 12201 I art     : Starting a blocking GC Explicit
08-04 14:48:19.610 11969 12201 I art     : Explicit concurrent mark sweep GC freed 92(5KB) AllocSpace objects, 0(0B) LOS objects, 23% free, 52MB/68MB, paused 372us total 18.923ms
08-04 14:48:19.620 11969 12201 I art     : Starting a blocking GC Explicit
08-04 14:48:19.641 11969 12201 I art     : Explicit concurrent mark sweep GC freed 21(816B) AllocSpace objects, 0(0B) LOS objects, 23% free, 52MB/68MB, paused 362us total 20.220ms
08-04 14:48:19.916 11969 11983 I art     : Starting a blocking GC Explicit
08-04 14:48:19.937 11969 11983 I art     : Explicit concurrent mark sweep GC freed 1396(80KB) AllocSpace objects, 1(20KB) LOS objects, 23% free, 52MB/68MB, paused 385us total 20.332ms
08-04 14:48:19.946 11969 11983 I art     : Starting a blocking GC Explicit
08-04 14:48:19.964 11969 11983 I art     : Explicit concurrent mark sweep GC freed 60(2048B) AllocSpace objects, 0(0B) LOS objects, 23% free, 52MB/68MB, paused 366us total 18.405ms
08-04 14:48:19.973 11969 11983 I art     : Starting a blocking GC Explicit
08-04 14:48:19.991 11969 11983 I art     : Explicit concurrent mark sweep GC freed 13(480B) AllocSpace objects, 0(0B) LOS objects, 23% free, 52MB/68MB, paused 348us total 18.619ms
08-04 14:48:20.000 11969 11983 I art     : Starting a blocking GC Explicit
08-04 14:48:20.020 11969 11983 I art     : Explicit concurrent mark sweep GC freed 990(70KB) AllocSpace objects, 2(120KB) LOS objects, 23% free, 52MB/68MB, paused 576us total 19.763ms
08-04 14:48:20.028 11969 11983 I art     : Starting a blocking GC Explicit
08-04 14:48:20.040 11969 13050 D OkHttp  : --> GET https://api-hillfair-2k16.herokuapp.com/api/app/events/special/event?id=58065620dcba0f490c70fe09 http/1.1
08-04 14:48:20.046 11969 11983 I art     : Explicit concurrent mark sweep GC freed 2221(149KB) AllocSpace objects, 1(80KB) LOS objects, 23% free, 52MB/68MB, paused 406us total 18.196ms
08-04 14:48:20.072 11969 13050 D OkHttp  : <-- 200 OK https://api-hillfair-2k16.herokuapp.com/api/app/events/special/event?id=58065620dcba0f490c70fe09 (32ms, 682-byte body)
08-04 14:48:20.139 11969 11969 I NAPPA_EXPERIMENTATION: MetricNetworkRequestExecutionTime: REQUEST_DURATION_SYSTEM='968',REQUEST_DURATION_OKHTTP='32',REQUEST_SYNCHRONOUS='FALSE',RESPONSE_CODE='200',RESPONSE_METHOD='GET',RESPONSE_LENGTH_OKHTTP='682',RESPONSE_LENGTH_HEADER='682',REQUEST_PROTOCOL='http/1.1',REQUEST_URL='https://api-hillfair-2k16.herokuapp.com/api/app/events/special/event?id=58065620dcba0f490c70fe09',
08-04 14:48:20.321 11969 11983 I art     : Starting a blocking GC Explicit
08-04 14:48:20.343 11969 11983 I art     : Explicit concurrent mark sweep GC freed 2525(234KB) AllocSpace objects, 1(20KB) LOS objects, 23% free, 52MB/68MB, paused 329us total 21.238ms
08-04 14:48:20.351 11969 11983 I art     : Starting a blocking GC Explicit
08-04 14:48:20.371 11969 11983 I art     : Explicit concurrent mark sweep GC freed 106(3KB) AllocSpace objects, 0(0B) LOS objects, 23% free, 52MB/68MB, paused 452us total 19.723ms
08-04 14:48:20.381 11969 11983 I art     : Starting a blocking GC Explicit
08-04 14:48:20.400 11969 11983 I art     : Explicit concurrent mark sweep GC freed 3(96B) AllocSpace objects, 0(0B) LOS objects, 23% free, 52MB/68MB, paused 399us total 19.476ms
08-04 14:48:20.409 11969 11983 I art     : Starting a blocking GC Explicit
08-04 14:48:20.428 11969 11983 I art     : Explicit concurrent mark sweep GC freed 3(96B) AllocSpace objects, 0(0B) LOS objects, 23% free, 52MB/68MB, paused 355us total 19.061ms
08-04 14:48:20.436 11969 11983 I art     : Starting a blocking GC Explicit
08-04 14:48:20.456 11969 11983 I art     : Explicit concurrent mark sweep GC freed 3(96B) AllocSpace objects, 0(0B) LOS objects, 23% free, 52MB/68MB, paused 465us total 19.129ms
08-04 14:48:20.746 11969 11983 I art     : Starting a blocking GC Explicit
08-04 14:48:20.771 11969 11983 I art     : Explicit concurrent mark sweep GC freed 1341(78KB) AllocSpace objects, 1(20KB) LOS objects, 23% free, 52MB/68MB, paused 380us total 24.722ms
08-04 14:48:20.783 11969 11983 I art     : Starting a blocking GC Explicit
08-04 14:48:20.804 11969 11983 I art     : Explicit concurrent mark sweep GC freed 36(1264B) AllocSpace objects, 0(0B) LOS objects, 23% free, 52MB/68MB, paused 379us total 20.630ms
08-04 14:48:20.813 11969 11983 I art     : Starting a blocking GC Explicit
08-04 14:48:20.833 11969 11983 I art     : Explicit concurrent mark sweep GC freed 3(96B) AllocSpace objects, 0(0B) LOS objects, 23% free, 52MB/68MB, paused 354us total 20.299ms
08-04 14:48:20.842 11969 11983 I art     : Starting a blocking GC Explicit
08-04 14:48:20.861 11969 11983 I art     : Explicit concurrent mark sweep GC freed 3(96B) AllocSpace objects, 0(0B) LOS objects, 23% free, 52MB/68MB, paused 353us total 19.597ms
08-04 14:48:20.870 11969 11983 I art     : Starting a blocking GC Explicit
08-04 14:48:20.890 11969 11983 I art     : Explicit concurrent mark sweep GC freed 3(96B) AllocSpace objects, 0(0B) LOS objects, 23% free, 52MB/68MB, paused 366us total 19.786ms
08-04 14:48:21.210 11969 12449 I art     : Starting a blocking GC Explicit
08-04 14:48:21.237 11969 12449 I art     : Explicit concurrent mark sweep GC freed 1341(78KB) AllocSpace objects, 1(20KB) LOS objects, 23% free, 52MB/68MB, paused 406us total 26.404ms
08-04 14:48:21.251 11969 12449 I art     : Starting a blocking GC Explicit
08-04 14:48:21.272 11969 12449 I art     : Explicit concurrent mark sweep GC freed 20(704B) AllocSpace objects, 0(0B) LOS objects, 23% free, 52MB/68MB, paused 368us total 20.284ms
08-04 14:48:21.280 11969 12449 I art     : Starting a blocking GC Explicit
08-04 14:48:21.300 11969 12449 I art     : Explicit concurrent mark sweep GC freed 3(96B) AllocSpace objects, 0(0B) LOS objects, 23% free, 52MB/68MB, paused 347us total 19.597ms
08-04 14:48:21.308 11969 12449 I art     : Starting a blocking GC Explicit
08-04 14:48:21.328 11969 12449 I art     : Explicit concurrent mark sweep GC freed 3(96B) AllocSpace objects, 0(0B) LOS objects, 23% free, 52MB/68MB, paused 349us total 19.661ms
08-04 14:48:21.337 11969 12449 I art     : Starting a blocking GC Explicit
08-04 14:48:21.357 11969 12449 I art     : Explicit concurrent mark sweep GC freed 3(96B) AllocSpace objects, 0(0B) LOS objects, 23% free, 52MB/68MB, paused 418us total 19.662ms
08-04 14:48:21.622 11969 12201 I art     : Starting a blocking GC Explicit
08-04 14:48:21.642 11969 12201 I art     : Explicit concurrent mark sweep GC freed 1341(78KB) AllocSpace objects, 1(20KB) LOS objects, 23% free, 52MB/68MB, paused 394us total 19.834ms
08-04 14:48:21.651 11969 12201 I art     : Starting a blocking GC Explicit
08-04 14:48:21.671 11969 12201 I art     : Explicit concurrent mark sweep GC freed 20(704B) AllocSpace objects, 0(0B) LOS objects, 23% free, 52MB/68MB, paused 366us total 19.523ms
08-04 14:48:21.679 11969 12201 I art     : Starting a blocking GC Explicit
08-04 14:48:21.700 11969 12201 I art     : Explicit concurrent mark sweep GC freed 3(96B) AllocSpace objects, 0(0B) LOS objects, 23% free, 52MB/68MB, paused 357us total 20.310ms
08-04 14:48:21.708 11969 12201 I art     : Starting a blocking GC Explicit
08-04 14:48:21.727 11969 12201 I art     : Explicit concurrent mark sweep GC freed 3(96B) AllocSpace objects, 0(0B) LOS objects, 23% free, 52MB/68MB, paused 446us total 18.866ms
08-04 14:48:21.735 11969 12201 I art     : Starting a blocking GC Explicit
08-04 14:48:21.754 11969 12201 I art     : Explicit concurrent mark sweep GC freed 3(96B) AllocSpace objects, 0(0B) LOS objects, 23% free, 52MB/68MB, paused 407us total 18.653ms
08-04 14:48:21.823 13103 13103 D AndroidRuntime: >>>>>> START com.android.internal.os.RuntimeInit uid 2000 <<<<<<
08-04 14:48:21.828 13103 13103 D AndroidRuntime: CheckJNI is OFF
08-04 14:48:21.866 13103 13103 D ICU     : No timezone override file found: /data/misc/zoneinfo/current/icu/icu_tzdata.dat
08-04 14:48:21.902 13103 13103 I Radio-JNI: register_android_hardware_Radio DONE
08-04 14:48:21.923 13103 13103 D AndroidRuntime: Calling main entry com.android.commands.input.Input
08-04 14:48:21.924 13103 13103 I Input   : injectKeyEvent: KeyEvent { action=ACTION_DOWN, keyCode=KEYCODE_BACK, scanCode=0, metaState=0, flags=0x0, repeatCount=0, eventTime=715718337, downTime=715718337, deviceId=-1, source=0x101 }
08-04 14:48:21.938 13103 13103 I Input   : injectKeyEvent: KeyEvent { action=ACTION_UP, keyCode=KEYCODE_BACK, scanCode=0, metaState=0, flags=0x0, repeatCount=0, eventTime=715718337, downTime=715718337, deviceId=-1, source=0x101 }
08-04 14:48:21.944 13103 13103 D AndroidRuntime: Shutting down VM
08-04 14:48:21.980 13866 13866 I GoogleInputMethodServic: GoogleInputMethodService.onFinishInput():3138 
08-04 14:48:21.981 13866 13866 I GoogleInputMethodServic: GoogleInputMethodService.onStartInput():1808 
08-04 14:48:22.018 11969 11982 I art     : Starting a blocking GC Explicit
08-04 14:48:22.035 11969 11982 I art     : Explicit concurrent mark sweep GC freed 1510(85KB) AllocSpace objects, 1(20KB) LOS objects, 23% free, 52MB/68MB, paused 342us total 17.240ms
08-04 14:48:22.043 11969 11982 I art     : Starting a blocking GC Explicit
08-04 14:48:22.060 11969 11982 I art     : Explicit concurrent mark sweep GC freed 26(944B) AllocSpace objects, 0(0B) LOS objects, 23% free, 52MB/68MB, paused 341us total 17.128ms
08-04 14:48:22.068 11969 11982 I art     : Starting a blocking GC Explicit
08-04 14:48:22.086 11969 11982 I art     : Explicit concurrent mark sweep GC freed 3(96B) AllocSpace objects, 0(0B) LOS objects, 23% free, 52MB/68MB, paused 341us total 17.610ms
08-04 14:48:22.094 11969 11982 I art     : Starting a blocking GC Explicit
08-04 14:48:22.112 11969 11982 I art     : Explicit concurrent mark sweep GC freed 3(96B) AllocSpace objects, 0(0B) LOS objects, 23% free, 52MB/68MB, paused 324us total 17.697ms
08-04 14:48:22.120 11969 11982 I art     : Starting a blocking GC Explicit
08-04 14:48:22.138 11969 11982 I art     : Explicit concurrent mark sweep GC freed 3(96B) AllocSpace objects, 0(0B) LOS objects, 23% free, 52MB/68MB, paused 344us total 17.475ms
08-04 14:48:22.290   380   380 W SurfaceFlinger: couldn't log to binary event log: overflow.
08-04 14:48:22.388 11969 12201 I art     : Starting a blocking GC Explicit
08-04 14:48:22.407 11969 12201 I art     : Explicit concurrent mark sweep GC freed 1450(87KB) AllocSpace objects, 1(20KB) LOS objects, 23% free, 52MB/68MB, paused 350us total 18.621ms
08-04 14:48:22.415 11969 12201 I art     : Starting a blocking GC Explicit
08-04 14:48:22.432 11969 12201 I art     : Explicit concurrent mark sweep GC freed 1672(106KB) AllocSpace objects, 3(400KB) LOS objects, 23% free, 51MB/67MB, paused 339us total 16.446ms
08-04 14:48:22.439 11969 12201 I art     : Starting a blocking GC Explicit
08-04 14:48:22.456 11969 12201 I art     : Explicit concurrent mark sweep GC freed 3(96B) AllocSpace objects, 0(0B) LOS objects, 23% free, 51MB/67MB, paused 340us total 16.511ms
08-04 14:48:22.463 11969 12201 I art     : Starting a blocking GC Explicit
08-04 14:48:22.480 11969 12201 I art     : Explicit concurrent mark sweep GC freed 3(96B) AllocSpace objects, 0(0B) LOS objects, 23% free, 51MB/67MB, paused 343us total 16.527ms
08-04 14:48:22.487 11969 12201 I art     : Starting a blocking GC Explicit
08-04 14:48:22.504 11969 12201 I art     : Explicit concurrent mark sweep GC freed 3(96B) AllocSpace objects, 0(0B) LOS objects, 23% free, 51MB/67MB, paused 370us total 16.927ms
08-04 14:48:22.774 11969 11983 I art     : Starting a blocking GC Explicit
08-04 14:48:22.793 11969 11983 I art     : Explicit concurrent mark sweep GC freed 1341(78KB) AllocSpace objects, 1(20KB) LOS objects, 23% free, 51MB/67MB, paused 365us total 18.919ms
08-04 14:48:22.801 11969 11983 I art     : Starting a blocking GC Explicit
08-04 14:48:22.820 11969 11983 I art     : Explicit concurrent mark sweep GC freed 20(704B) AllocSpace objects, 0(0B) LOS objects, 23% free, 51MB/67MB, paused 359us total 18.123ms
08-04 14:48:22.828 11969 11983 I art     : Starting a blocking GC Explicit
08-04 14:48:22.847 11969 11983 I art     : Explicit concurrent mark sweep GC freed 3(96B) AllocSpace objects, 0(0B) LOS objects, 23% free, 51MB/67MB, paused 384us total 18.514ms
08-04 14:48:22.855 11969 11983 I art     : Starting a blocking GC Explicit
08-04 14:48:22.875 11969 11983 I art     : Explicit concurrent mark sweep GC freed 3(96B) AllocSpace objects, 0(0B) LOS objects, 23% free, 51MB/67MB, paused 368us total 19.028ms
08-04 14:48:22.883 11969 11983 I art     : Starting a blocking GC Explicit
08-04 14:48:22.902 11969 11983 I art     : Explicit concurrent mark sweep GC freed 3(96B) AllocSpace objects, 0(0B) LOS objects, 23% free, 51MB/67MB, paused 362us total 19.050ms
08-04 14:48:23.171 11969 11982 I art     : Starting a blocking GC Explicit
08-04 14:48:23.189 11969 11982 I art     : Explicit concurrent mark sweep GC freed 1340(78KB) AllocSpace objects, 1(20KB) LOS objects, 23% free, 51MB/67MB, paused 366us total 17.852ms
08-04 14:48:23.197 11969 11982 I art     : Starting a blocking GC Explicit
08-04 14:48:23.216 11969 11982 I art     : Explicit concurrent mark sweep GC freed 35(1264B) AllocSpace objects, 0(0B) LOS objects, 23% free, 51MB/67MB, paused 345us total 17.942ms
08-04 14:48:23.224 11969 11982 I art     : Starting a blocking GC Explicit
08-04 14:48:23.242 11969 11982 I art     : Explicit concurrent mark sweep GC freed 3(96B) AllocSpace objects, 0(0B) LOS objects, 23% free, 51MB/67MB, paused 363us total 18.221ms
08-04 14:48:23.250 11969 11982 I art     : Starting a blocking GC Explicit
08-04 14:48:23.268 11969 11982 I art     : Explicit concurrent mark sweep GC freed 3(96B) AllocSpace objects, 0(0B) LOS objects, 23% free, 51MB/67MB, paused 346us total 17.813ms
08-04 14:48:23.276 11969 11982 I art     : Starting a blocking GC Explicit
08-04 14:48:23.294 11969 11982 I art     : Explicit concurrent mark sweep GC freed 3(96B) AllocSpace objects, 0(0B) LOS objects, 23% free, 51MB/67MB, paused 357us total 17.856ms
08-04 14:48:23.562   918  3261 D WifiStateMachine: starting scan for "H369AA63323"WPA_PSK with 2412,5180
08-04 14:48:23.565 11969 11983 I art     : Starting a blocking GC Explicit
08-04 14:48:23.588 11969 11983 I art     : Explicit concurrent mark sweep GC freed 1340(78KB) AllocSpace objects, 1(20KB) LOS objects, 23% free, 51MB/67MB, paused 403us total 22.258ms
08-04 14:48:23.590 13166 13166 D AndroidRuntime: >>>>>> START com.android.internal.os.RuntimeInit uid 2000 <<<<<<
08-04 14:48:23.595 13166 13166 D AndroidRuntime: CheckJNI is OFF
08-04 14:48:23.597 11969 11983 I art     : Starting a blocking GC Explicit
08-04 14:48:23.616 11969 11983 I art     : Explicit concurrent mark sweep GC freed 20(704B) AllocSpace objects, 0(0B) LOS objects, 23% free, 51MB/67MB, paused 377us total 18.815ms
08-04 14:48:23.624 11969 11983 I art     : Starting a blocking GC Explicit
08-04 14:48:23.632 13166 13166 D ICU     : No timezone override file found: /data/misc/zoneinfo/current/icu/icu_tzdata.dat
08-04 14:48:23.642 11969 11983 I art     : Explicit concurrent mark sweep GC freed 3(96B) AllocSpace objects, 0(0B) LOS objects, 23% free, 51MB/67MB, paused 397us total 17.634ms
08-04 14:48:23.650 11969 11983 I art     : Starting a blocking GC Explicit
08-04 14:48:23.667 13166 13166 I Radio-JNI: register_android_hardware_Radio DONE
08-04 14:48:23.668 11969 11983 I art     : Explicit concurrent mark sweep GC freed 3(96B) AllocSpace objects, 0(0B) LOS objects, 23% free, 51MB/67MB, paused 368us total 17.713ms
08-04 14:48:23.675 11969 11983 I art     : Starting a blocking GC Explicit
08-04 14:48:23.689 13166 13166 D AndroidRuntime: Calling main entry com.android.commands.input.Input
08-04 14:48:23.691 13166 13166 I Input   : injectMotionEvent: MotionEvent { action=ACTION_DOWN, actionButton=0, id[0]=0, x[0]=733.0, y[0]=1957.0, toolType[0]=TOOL_TYPE_UNKNOWN, buttonState=0, metaState=0, flags=0x0, edgeFlags=0x0, pointerCount=1, historySize=0, eventTime=715720104, downTime=715720104, deviceId=0, source=0x1002 }
08-04 14:48:23.692 11969 11983 I art     : Explicit concurrent mark sweep GC freed 3(96B) AllocSpace objects, 0(0B) LOS objects, 23% free, 51MB/67MB, paused 388us total 16.937ms
08-04 14:48:23.696 13166 13166 I Input   : injectMotionEvent: MotionEvent { action=ACTION_UP, actionButton=0, id[0]=0, x[0]=733.0, y[0]=1957.0, toolType[0]=TOOL_TYPE_UNKNOWN, buttonState=0, metaState=0, flags=0x0, edgeFlags=0x0, pointerCount=1, historySize=0, eventTime=715720104, downTime=715720104, deviceId=0, source=0x1002 }
08-04 14:48:23.697   918   928 I ActivityManager: START u0 {cmp=baseline.appteam.nith.hillffair/.activities.ClubActivity (has extras)} from uid 10651 on display 0
08-04 14:48:23.704 13166 13166 D AndroidRuntime: Shutting down VM
08-04 14:48:23.806   918   936 I ActivityManager: Displayed baseline.appteam.nith.hillffair/.activities.ClubActivity: +101ms
08-04 14:48:23.806 13866 13866 I GoogleInputMethodServic: GoogleInputMethodService.onFinishInput():3138 
08-04 14:48:23.807 13866 13866 I GoogleInputMethodServic: GoogleInputMethodService.onStartInput():1808 
08-04 14:48:23.941 11969 11983 I art     : Starting a blocking GC Explicit
08-04 14:48:23.970 11969 11983 I art     : Explicit concurrent mark sweep GC freed 5298(332KB) AllocSpace objects, 1(20KB) LOS objects, 23% free, 52MB/68MB, paused 450us total 28.504ms
08-04 14:48:23.980 11969 11983 I art     : Starting a blocking GC Explicit
08-04 14:48:24.003 11969 11983 I art     : Explicit concurrent mark sweep GC freed 211(9KB) AllocSpace objects, 0(0B) LOS objects, 23% free, 52MB/68MB, paused 383us total 22.829ms
08-04 14:48:24.014 11969 11983 I art     : Starting a blocking GC Explicit
08-04 14:48:24.036 11969 11983 I art     : Explicit concurrent mark sweep GC freed 3(96B) AllocSpace objects, 0(0B) LOS objects, 23% free, 52MB/68MB, paused 394us total 21.677ms
08-04 14:48:24.046 11969 11983 I art     : Starting a blocking GC Explicit
08-04 14:48:24.059   380   380 W SurfaceFlinger: couldn't log to binary event log: overflow.
08-04 14:48:24.070 11969 11983 I art     : Explicit concurrent mark sweep GC freed 3(96B) AllocSpace objects, 0(0B) LOS objects, 23% free, 52MB/68MB, paused 482us total 23.348ms
08-04 14:48:24.079 11969 11983 I art     : Starting a blocking GC Explicit
08-04 14:48:24.096 11969 11983 I art     : Explicit concurrent mark sweep GC freed 3(96B) AllocSpace objects, 0(0B) LOS objects, 23% free, 52MB/68MB, paused 373us total 16.625ms
08-04 14:48:24.379 11969 11982 I art     : Starting a blocking GC Explicit
08-04 14:48:24.400 11969 11982 I art     : Explicit concurrent mark sweep GC freed 1480(85KB) AllocSpace objects, 1(20KB) LOS objects, 23% free, 52MB/68MB, paused 412us total 20.666ms
08-04 14:48:24.409 11969 11982 I art     : Starting a blocking GC Explicit
08-04 14:48:24.428 11969 11982 I art     : Explicit concurrent mark sweep GC freed 52(1760B) AllocSpace objects, 0(0B) LOS objects, 23% free, 52MB/68MB, paused 509us total 18.744ms
08-04 14:48:24.436 11969 11982 I art     : Starting a blocking GC Explicit
08-04 14:48:24.454 11969 11982 I art     : Explicit concurrent mark sweep GC freed 10(384B) AllocSpace objects, 0(0B) LOS objects, 23% free, 52MB/68MB, paused 395us total 17.544ms
08-04 14:48:24.462 11969 11982 I art     : Starting a blocking GC Explicit
08-04 14:48:24.481 11969 11982 I art     : Explicit concurrent mark sweep GC freed 13(480B) AllocSpace objects, 0(0B) LOS objects, 23% free, 52MB/68MB, paused 400us total 19.084ms
08-04 14:48:24.490 11969 11982 I art     : Starting a blocking GC Explicit
08-04 14:48:24.509 11969 11982 I art     : Explicit concurrent mark sweep GC freed 555(50KB) AllocSpace objects, 0(0B) LOS objects, 23% free, 52MB/68MB, paused 438us total 18.834ms
08-04 14:48:24.543 11969 13192 D OkHttp  : --> GET https://api-hillfair-2k16.herokuapp.com/api/app/events/special/event?id=58065620dcba0f490c70fe09 http/1.1
08-04 14:48:24.578 11969 13192 D OkHttp  : <-- 200 OK https://api-hillfair-2k16.herokuapp.com/api/app/events/special/event?id=58065620dcba0f490c70fe09 (34ms, 682-byte body)
08-04 14:48:24.629 11969 11969 I NAPPA_EXPERIMENTATION: MetricNetworkRequestExecutionTime: REQUEST_DURATION_SYSTEM='898',REQUEST_DURATION_OKHTTP='33',REQUEST_SYNCHRONOUS='FALSE',RESPONSE_CODE='200',RESPONSE_METHOD='GET',RESPONSE_LENGTH_OKHTTP='682',RESPONSE_LENGTH_HEADER='682',REQUEST_PROTOCOL='http/1.1',REQUEST_URL='https://api-hillfair-2k16.herokuapp.com/api/app/events/special/event?id=58065620dcba0f490c70fe09',
08-04 14:48:24.792 11969 12449 I art     : Starting a blocking GC Explicit
08-04 14:48:24.814 11969 12449 I art     : Explicit concurrent mark sweep GC freed 4260(260KB) AllocSpace objects, 4(220KB) LOS objects, 23% free, 52MB/68MB, paused 369us total 21.951ms
08-04 14:48:24.823 11969 12449 I art     : Starting a blocking GC Explicit
08-04 14:48:24.843 11969 12449 I art     : Explicit concurrent mark sweep GC freed 996(118KB) AllocSpace objects, 0(0B) LOS objects, 23% free, 52MB/68MB, paused 350us total 19.488ms
08-04 14:48:24.852 11969 12449 I art     : Starting a blocking GC Explicit
08-04 14:48:24.871 11969 12449 I art     : Explicit concurrent mark sweep GC freed 3(96B) AllocSpace objects, 0(0B) LOS objects, 23% free, 52MB/68MB, paused 376us total 19.457ms
08-04 14:48:24.880 11969 12449 I art     : Starting a blocking GC Explicit
08-04 14:48:24.899 11969 12449 I art     : Explicit concurrent mark sweep GC freed 3(96B) AllocSpace objects, 0(0B) LOS objects, 23% free, 52MB/68MB, paused 379us total 19.210ms
08-04 14:48:24.907 11969 12449 I art     : Starting a blocking GC Explicit
08-04 14:48:24.927 11969 12449 I art     : Explicit concurrent mark sweep GC freed 3(96B) AllocSpace objects, 0(0B) LOS objects, 23% free, 52MB/68MB, paused 629us total 19.705ms
08-04 14:48:25.214 11969 11982 I art     : Starting a blocking GC Explicit
08-04 14:48:25.240 11969 11982 I art     : Explicit concurrent mark sweep GC freed 1341(78KB) AllocSpace objects, 1(20KB) LOS objects, 23% free, 52MB/68MB, paused 411us total 25.462ms
08-04 14:48:25.251 11969 11982 I art     : Starting a blocking GC Explicit
08-04 14:48:25.274 11969 11982 I art     : Explicit concurrent mark sweep GC freed 36(1264B) AllocSpace objects, 0(0B) LOS objects, 23% free, 52MB/68MB, paused 382us total 22.744ms
08-04 14:48:25.283 11969 11982 I art     : Starting a blocking GC Explicit
08-04 14:48:25.303 11969 11982 I art     : Explicit concurrent mark sweep GC freed 3(96B) AllocSpace objects, 0(0B) LOS objects, 23% free, 52MB/68MB, paused 421us total 20.050ms
08-04 14:48:25.312 11969 11982 I art     : Starting a blocking GC Explicit
08-04 14:48:25.332 11969 11982 I art     : Explicit concurrent mark sweep GC freed 3(96B) AllocSpace objects, 0(0B) LOS objects, 23% free, 52MB/68MB, paused 384us total 20.072ms
08-04 14:48:25.341 11969 11982 I art     : Starting a blocking GC Explicit
08-04 14:48:25.361 11969 11982 I art     : Explicit concurrent mark sweep GC freed 3(96B) AllocSpace objects, 0(0B) LOS objects, 23% free, 52MB/68MB, paused 381us total 20.119ms
08-04 14:48:25.684 11969 11983 I art     : Starting a blocking GC Explicit
08-04 14:48:25.709 11969 11983 I art     : Explicit concurrent mark sweep GC freed 1341(78KB) AllocSpace objects, 1(20KB) LOS objects, 23% free, 52MB/68MB, paused 415us total 25.068ms
08-04 14:48:25.720 11969 11983 I art     : Starting a blocking GC Explicit
08-04 14:48:25.741 11969 11983 I art     : Explicit concurrent mark sweep GC freed 20(704B) AllocSpace objects, 0(0B) LOS objects, 23% free, 52MB/68MB, paused 391us total 20.629ms
08-04 14:48:25.750 11969 11983 I art     : Starting a blocking GC Explicit
08-04 14:48:25.770 11969 11983 I art     : Explicit concurrent mark sweep GC freed 3(96B) AllocSpace objects, 0(0B) LOS objects, 23% free, 52MB/68MB, paused 443us total 20.502ms
08-04 14:48:25.779 11969 11983 I art     : Starting a blocking GC Explicit
08-04 14:48:25.800 11969 11983 I art     : Explicit concurrent mark sweep GC freed 3(96B) AllocSpace objects, 0(0B) LOS objects, 23% free, 52MB/68MB, paused 390us total 20.361ms
08-04 14:48:25.809 11969 11983 I art     : Starting a blocking GC Explicit
08-04 14:48:25.829 11969 11983 I art     : Explicit concurrent mark sweep GC freed 3(96B) AllocSpace objects, 0(0B) LOS objects, 23% free, 52MB/68MB, paused 386us total 20.155ms
08-04 14:48:26.098 11969 12449 I art     : Starting a blocking GC Explicit
08-04 14:48:26.119 11969 12449 I art     : Explicit concurrent mark sweep GC freed 1341(78KB) AllocSpace objects, 1(20KB) LOS objects, 23% free, 52MB/68MB, paused 397us total 20.456ms
08-04 14:48:26.127 11969 12449 I art     : Starting a blocking GC Explicit
08-04 14:48:26.147 11969 12449 I art     : Explicit concurrent mark sweep GC freed 20(704B) AllocSpace objects, 0(0B) LOS objects, 23% free, 52MB/68MB, paused 407us total 19.855ms
08-04 14:48:26.156 11969 12449 I art     : Starting a blocking GC Explicit
08-04 14:48:26.176 11969 12449 I art     : Explicit concurrent mark sweep GC freed 3(96B) AllocSpace objects, 0(0B) LOS objects, 23% free, 52MB/68MB, paused 416us total 20.078ms
08-04 14:48:26.185 11969 12449 I art     : Starting a blocking GC Explicit
08-04 14:48:26.204 11969 12449 I art     : Explicit concurrent mark sweep GC freed 3(96B) AllocSpace objects, 0(0B) LOS objects, 23% free, 52MB/68MB, paused 380us total 19.304ms
08-04 14:48:26.212 11969 12449 I art     : Starting a blocking GC Explicit
08-04 14:48:26.232 11969 12449 I art     : Explicit concurrent mark sweep GC freed 3(96B) AllocSpace objects, 0(0B) LOS objects, 23% free, 52MB/68MB, paused 380us total 19.623ms
08-04 14:48:26.399 13249 13249 D AndroidRuntime: >>>>>> START com.android.internal.os.RuntimeInit uid 2000 <<<<<<
08-04 14:48:26.404 13249 13249 D AndroidRuntime: CheckJNI is OFF
08-04 14:48:26.436 13249 13249 D ICU     : No timezone override file found: /data/misc/zoneinfo/current/icu/icu_tzdata.dat
08-04 14:48:26.467 13249 13249 I Radio-JNI: register_android_hardware_Radio DONE
08-04 14:48:26.489 13249 13249 D AndroidRuntime: Calling main entry com.android.commands.input.Input
08-04 14:48:26.490 13249 13249 I Input   : injectKeyEvent: KeyEvent { action=ACTION_DOWN, keyCode=KEYCODE_BACK, scanCode=0, metaState=0, flags=0x0, repeatCount=0, eventTime=715722903, downTime=715722903, deviceId=-1, source=0x101 }
08-04 14:48:26.495 13249 13249 I Input   : injectKeyEvent: KeyEvent { action=ACTION_UP, keyCode=KEYCODE_BACK, scanCode=0, metaState=0, flags=0x0, repeatCount=0, eventTime=715722903, downTime=715722903, deviceId=-1, source=0x101 }
08-04 14:48:26.502 13249 13249 D AndroidRuntime: Shutting down VM
08-04 14:48:26.520 11969 12201 I art     : Starting a blocking GC Explicit
08-04 14:48:26.538 13866 13866 I GoogleInputMethodServic: GoogleInputMethodService.onFinishInput():3138 
08-04 14:48:26.539 13866 13866 I GoogleInputMethodServic: GoogleInputMethodService.onStartInput():1808 
08-04 14:48:26.540 11969 12201 I art     : Explicit concurrent mark sweep GC freed 1483(84KB) AllocSpace objects, 1(20KB) LOS objects, 23% free, 52MB/68MB, paused 354us total 20.035ms
08-04 14:48:26.549 11969 12201 I art     : Starting a blocking GC Explicit
08-04 14:48:26.569 11969 12201 I art     : Explicit concurrent mark sweep GC freed 47(1728B) AllocSpace objects, 0(0B) LOS objects, 23% free, 52MB/68MB, paused 383us total 20.140ms
08-04 14:48:26.578 11969 12201 I art     : Starting a blocking GC Explicit
08-04 14:48:26.595 11969 12201 I art     : Explicit concurrent mark sweep GC freed 10(384B) AllocSpace objects, 0(0B) LOS objects, 23% free, 52MB/68MB, paused 342us total 17.306ms
08-04 14:48:26.602 11969 12201 I art     : Starting a blocking GC Explicit
08-04 14:48:26.619 11969 12201 I art     : Explicit concurrent mark sweep GC freed 3(96B) AllocSpace objects, 0(0B) LOS objects, 23% free, 52MB/68MB, paused 338us total 16.513ms
08-04 14:48:26.627 11969 12201 I art     : Starting a blocking GC Explicit
08-04 14:48:26.647 11969 12201 I art     : Explicit concurrent mark sweep GC freed 3(96B) AllocSpace objects, 0(0B) LOS objects, 23% free, 52MB/68MB, paused 366us total 19.777ms
08-04 14:48:26.845   380   380 W SurfaceFlinger: couldn't log to binary event log: overflow.
08-04 14:48:26.910 11969 11982 I art     : Starting a blocking GC Explicit
08-04 14:48:26.931 11969 11982 I art     : Explicit concurrent mark sweep GC freed 1450(87KB) AllocSpace objects, 1(20KB) LOS objects, 23% free, 52MB/68MB, paused 378us total 20.351ms
08-04 14:48:26.939 11969 11982 I art     : Starting a blocking GC Explicit
08-04 14:48:26.958 11969 11982 I art     : Explicit concurrent mark sweep GC freed 1672(106KB) AllocSpace objects, 3(400KB) LOS objects, 23% free, 52MB/68MB, paused 464us total 19.125ms
08-04 14:48:26.967 11969 11982 I art     : Starting a blocking GC Explicit
08-04 14:48:26.986 11969 11982 I art     : Explicit concurrent mark sweep GC freed 3(96B) AllocSpace objects, 0(0B) LOS objects, 23% free, 52MB/68MB, paused 380us total 18.899ms
08-04 14:48:26.994 11969 11982 I art     : Starting a blocking GC Explicit
08-04 14:48:27.013 11969 11982 I art     : Explicit concurrent mark sweep GC freed 3(96B) AllocSpace objects, 0(0B) LOS objects, 23% free, 52MB/68MB, paused 401us total 19.195ms
08-04 14:48:27.022 11969 11982 I art     : Starting a blocking GC Explicit
08-04 14:48:27.041 11969 11982 I art     : Explicit concurrent mark sweep GC freed 3(96B) AllocSpace objects, 0(0B) LOS objects, 23% free, 52MB/68MB, paused 371us total 19.333ms
08-04 14:48:27.333 11969 11983 I art     : Starting a blocking GC Explicit
08-04 14:48:27.364 11969 11983 I art     : Explicit concurrent mark sweep GC freed 1341(78KB) AllocSpace objects, 1(20KB) LOS objects, 23% free, 52MB/68MB, paused 456us total 30.275ms
08-04 14:48:27.376 11969 11983 I art     : Starting a blocking GC Explicit
08-04 14:48:27.400 11969 11983 I art     : Explicit concurrent mark sweep GC freed 20(704B) AllocSpace objects, 0(0B) LOS objects, 23% free, 52MB/68MB, paused 400us total 23.804ms
08-04 14:48:27.410 11969 11983 I art     : Starting a blocking GC Explicit
08-04 14:48:27.430 11969 11983 I art     : Explicit concurrent mark sweep GC freed 3(96B) AllocSpace objects, 0(0B) LOS objects, 23% free, 52MB/68MB, paused 381us total 19.802ms
08-04 14:48:27.439 11969 11983 I art     : Starting a blocking GC Explicit
08-04 14:48:27.459 11969 11983 I art     : Explicit concurrent mark sweep GC freed 3(96B) AllocSpace objects, 0(0B) LOS objects, 23% free, 52MB/68MB, paused 384us total 20.234ms
08-04 14:48:27.468 11969 11983 I art     : Starting a blocking GC Explicit
08-04 14:48:27.488 11969 11983 I art     : Explicit concurrent mark sweep GC freed 3(96B) AllocSpace objects, 0(0B) LOS objects, 23% free, 52MB/68MB, paused 405us total 19.736ms
08-04 14:48:27.763 11969 12449 I art     : Starting a blocking GC Explicit
08-04 14:48:27.783 11969 12449 I art     : Explicit concurrent mark sweep GC freed 1340(78KB) AllocSpace objects, 1(20KB) LOS objects, 23% free, 52MB/68MB, paused 387us total 19.475ms
08-04 14:48:27.791 11969 12449 I art     : Starting a blocking GC Explicit
08-04 14:48:27.810 11969 12449 I art     : Explicit concurrent mark sweep GC freed 20(704B) AllocSpace objects, 0(0B) LOS objects, 23% free, 52MB/68MB, paused 388us total 18.870ms
08-04 14:48:27.819 11969 12449 I art     : Starting a blocking GC Explicit
08-04 14:48:27.837 11969 12449 I art     : Explicit concurrent mark sweep GC freed 3(96B) AllocSpace objects, 0(0B) LOS objects, 23% free, 52MB/68MB, paused 440us total 17.800ms
08-04 14:48:27.845 11969 12449 I art     : Starting a blocking GC Explicit
08-04 14:48:27.863 11969 12449 I art     : Explicit concurrent mark sweep GC freed 3(96B) AllocSpace objects, 0(0B) LOS objects, 23% free, 52MB/68MB, paused 367us total 18.114ms
08-04 14:48:27.872 11969 12449 I art     : Starting a blocking GC Explicit
08-04 14:48:27.891 11969 12449 I art     : Explicit concurrent mark sweep GC freed 3(96B) AllocSpace objects, 0(0B) LOS objects, 23% free, 52MB/68MB, paused 374us total 18.796ms
08-04 14:48:28.161 13317 13317 D AndroidRuntime: >>>>>> START com.android.internal.os.RuntimeInit uid 2000 <<<<<<
08-04 14:48:28.166 11969 12201 I art     : Starting a blocking GC Explicit
08-04 14:48:28.166 13317 13317 D AndroidRuntime: CheckJNI is OFF
08-04 14:48:28.185 11969 12201 I art     : Explicit concurrent mark sweep GC freed 1340(78KB) AllocSpace objects, 1(20KB) LOS objects, 23% free, 52MB/68MB, paused 401us total 19.578ms
08-04 14:48:28.194 11969 12201 I art     : Starting a blocking GC Explicit
08-04 14:48:28.204 13317 13317 D ICU     : No timezone override file found: /data/misc/zoneinfo/current/icu/icu_tzdata.dat
08-04 14:48:28.213 11969 12201 I art     : Explicit concurrent mark sweep GC freed 20(704B) AllocSpace objects, 0(0B) LOS objects, 23% free, 52MB/68MB, paused 429us total 18.978ms
08-04 14:48:28.221 11969 12201 I art     : Starting a blocking GC Explicit
08-04 14:48:28.238 13317 13317 I Radio-JNI: register_android_hardware_Radio DONE
08-04 14:48:28.239 11969 12201 I art     : Explicit concurrent mark sweep GC freed 3(96B) AllocSpace objects, 0(0B) LOS objects, 23% free, 52MB/68MB, paused 376us total 17.813ms
08-04 14:48:28.247 11969 12201 I art     : Starting a blocking GC Explicit
08-04 14:48:28.261 13317 13317 D AndroidRuntime: Calling main entry com.android.commands.input.Input
08-04 14:48:28.262 13317 13317 I Input   : injectMotionEvent: MotionEvent { action=ACTION_DOWN, actionButton=0, id[0]=0, x[0]=733.0, y[0]=645.0, toolType[0]=TOOL_TYPE_UNKNOWN, buttonState=0, metaState=0, flags=0x0, edgeFlags=0x0, pointerCount=1, historySize=0, eventTime=715724675, downTime=715724675, deviceId=0, source=0x1002 }
08-04 14:48:28.264 11969 12201 I art     : Explicit concurrent mark sweep GC freed 3(96B) AllocSpace objects, 0(0B) LOS objects, 23% free, 52MB/68MB, paused 393us total 17.293ms
08-04 14:48:28.268 13317 13317 I Input   : injectMotionEvent: MotionEvent { action=ACTION_UP, actionButton=0, id[0]=0, x[0]=733.0, y[0]=645.0, toolType[0]=TOOL_TYPE_UNKNOWN, buttonState=0, metaState=0, flags=0x0, edgeFlags=0x0, pointerCount=1, historySize=0, eventTime=715724675, downTime=715724675, deviceId=0, source=0x1002 }
08-04 14:48:28.269   918  3714 I ActivityManager: START u0 {cmp=baseline.appteam.nith.hillffair/.activities.ClubActivity (has extras)} from uid 10651 on display 0
08-04 14:48:28.272 11969 12201 I art     : Starting a blocking GC Explicit
08-04 14:48:28.277 13317 13317 D AndroidRuntime: Shutting down VM
08-04 14:48:28.290 11969 12201 I art     : Explicit concurrent mark sweep GC freed 134(9KB) AllocSpace objects, 0(0B) LOS objects, 23% free, 52MB/68MB, paused 593us total 18.287ms
08-04 14:48:28.376   918   936 I ActivityManager: Displayed baseline.appteam.nith.hillffair/.activities.ClubActivity: +99ms
08-04 14:48:28.376 13866 13866 I GoogleInputMethodServic: GoogleInputMethodService.onFinishInput():3138 
08-04 14:48:28.377 13866 13866 I GoogleInputMethodServic: GoogleInputMethodService.onStartInput():1808 
08-04 14:48:28.539 11969 11982 I art     : Starting a blocking GC Explicit
08-04 14:48:28.567 11969 11982 I art     : Explicit concurrent mark sweep GC freed 5170(322KB) AllocSpace objects, 1(20KB) LOS objects, 23% free, 52MB/68MB, paused 470us total 28.194ms
08-04 14:48:28.578 11969 11982 I art     : Starting a blocking GC Explicit
08-04 14:48:28.603 11969 11982 I art     : Explicit concurrent mark sweep GC freed 198(8KB) AllocSpace objects, 0(0B) LOS objects, 23% free, 52MB/68MB, paused 502us total 24.394ms
08-04 14:48:28.612 11969 11982 I art     : Starting a blocking GC Explicit
08-04 14:48:28.631   380   380 W SurfaceFlinger: couldn't log to binary event log: overflow.
08-04 14:48:28.636 11969 11982 I art     : Explicit concurrent mark sweep GC freed 3(96B) AllocSpace objects, 0(0B) LOS objects, 23% free, 52MB/68MB, paused 433us total 23.637ms
08-04 14:48:28.647 11969 11982 I art     : Starting a blocking GC Explicit
08-04 14:48:28.665 11969 11982 I art     : Explicit concurrent mark sweep GC freed 3(96B) AllocSpace objects, 0(0B) LOS objects, 23% free, 52MB/68MB, paused 416us total 17.869ms
08-04 14:48:28.673 11969 11982 I art     : Starting a blocking GC Explicit
08-04 14:48:28.690 11969 11982 I art     : Explicit concurrent mark sweep GC freed 3(96B) AllocSpace objects, 0(0B) LOS objects, 23% free, 52MB/68MB, paused 382us total 17.547ms
08-04 14:48:28.972 11969 12201 I art     : Starting a blocking GC Explicit
08-04 14:48:28.993 11969 12201 I art     : Explicit concurrent mark sweep GC freed 1479(85KB) AllocSpace objects, 1(20KB) LOS objects, 23% free, 52MB/68MB, paused 444us total 21.431ms
08-04 14:48:29.002 11969 12201 I art     : Starting a blocking GC Explicit
08-04 14:48:29.023 11969 12201 I art     : Explicit concurrent mark sweep GC freed 843(63KB) AllocSpace objects, 2(120KB) LOS objects, 23% free, 52MB/68MB, paused 609us total 19.880ms
08-04 14:48:29.031 11969 12201 I art     : Starting a blocking GC Explicit
08-04 14:48:29.047 11969 13341 D OkHttp  : --> GET https://api-hillfair-2k16.herokuapp.com/api/app/events/special/event?id=5806551bdcba0f490c70fd1f http/1.1
08-04 14:48:29.051 11969 12201 I art     : Explicit concurrent mark sweep GC freed 2152(84KB) AllocSpace objects, 0(0B) LOS objects, 23% free, 52MB/68MB, paused 565us total 19.522ms
08-04 14:48:29.059 11969 12201 I art     : Starting a blocking GC Explicit
08-04 14:48:29.077 11969 12201 I art     : Explicit concurrent mark sweep GC freed 605(103KB) AllocSpace objects, 1(80KB) LOS objects, 23% free, 52MB/68MB, paused 430us total 18.487ms
08-04 14:48:29.078 11969 13341 D OkHttp  : <-- 200 OK https://api-hillfair-2k16.herokuapp.com/api/app/events/special/event?id=5806551bdcba0f490c70fd1f (30ms, 795-byte body)
08-04 14:48:29.085 11969 12201 I art     : Starting a blocking GC Explicit
08-04 14:48:29.104 11969 12201 I art     : Explicit concurrent mark sweep GC freed 226(36KB) AllocSpace objects, 0(0B) LOS objects, 23% free, 52MB/68MB, paused 417us total 18.473ms
08-04 14:48:29.134 11969 11969 I NAPPA_EXPERIMENTATION: MetricNetworkRequestExecutionTime: REQUEST_DURATION_SYSTEM='830',REQUEST_DURATION_OKHTTP='31',REQUEST_SYNCHRONOUS='FALSE',RESPONSE_CODE='200',RESPONSE_METHOD='GET',RESPONSE_LENGTH_OKHTTP='795',RESPONSE_LENGTH_HEADER='795',REQUEST_PROTOCOL='http/1.1',REQUEST_URL='https://api-hillfair-2k16.herokuapp.com/api/app/events/special/event?id=5806551bdcba0f490c70fd1f',
08-04 14:48:29.378 11969 12449 I art     : Starting a blocking GC Explicit
08-04 14:48:29.399 11969 12449 I art     : Explicit concurrent mark sweep GC freed 1970(143KB) AllocSpace objects, 1(20KB) LOS objects, 23% free, 52MB/68MB, paused 491us total 20.915ms
08-04 14:48:29.408 11969 12449 I art     : Starting a blocking GC Explicit
08-04 14:48:29.428 11969 12449 I art     : Explicit concurrent mark sweep GC freed 63(2112B) AllocSpace objects, 0(0B) LOS objects, 23% free, 52MB/68MB, paused 403us total 19.582ms
08-04 14:48:29.437 11969 12449 I art     : Starting a blocking GC Explicit
08-04 14:48:29.457 11969 12449 I art     : Explicit concurrent mark sweep GC freed 3(96B) AllocSpace objects, 0(0B) LOS objects, 23% free, 52MB/68MB, paused 434us total 19.761ms
08-04 14:48:29.466 11969 12449 I art     : Starting a blocking GC Explicit
08-04 14:48:29.486 11969 12449 I art     : Explicit concurrent mark sweep GC freed 3(96B) AllocSpace objects, 0(0B) LOS objects, 23% free, 52MB/68MB, paused 489us total 19.883ms
08-04 14:48:29.494 11969 12449 I art     : Starting a blocking GC Explicit
08-04 14:48:29.515 11969 12449 I art     : Explicit concurrent mark sweep GC freed 3(96B) AllocSpace objects, 0(0B) LOS objects, 23% free, 52MB/68MB, paused 371us total 20.268ms
08-04 14:48:29.817 11969 11983 I art     : Starting a blocking GC Explicit
08-04 14:48:29.848 11969 11983 I art     : Explicit concurrent mark sweep GC freed 1357(78KB) AllocSpace objects, 1(20KB) LOS objects, 23% free, 52MB/68MB, paused 665us total 30.137ms
08-04 14:48:29.860 11969 11983 I art     : Starting a blocking GC Explicit
08-04 14:48:29.881 11969 11983 I art     : Explicit concurrent mark sweep GC freed 20(704B) AllocSpace objects, 0(0B) LOS objects, 23% free, 52MB/68MB, paused 407us total 20.764ms
08-04 14:48:29.890 11969 11983 I art     : Starting a blocking GC Explicit
08-04 14:48:29.911 11969 11983 I art     : Explicit concurrent mark sweep GC freed 3(96B) AllocSpace objects, 0(0B) LOS objects, 23% free, 52MB/68MB, paused 400us total 20.822ms
08-04 14:48:29.920 11969 11983 I art     : Starting a blocking GC Explicit
08-04 14:48:29.941 11969 11983 I art     : Explicit concurrent mark sweep GC freed 3(96B) AllocSpace objects, 0(0B) LOS objects, 23% free, 52MB/68MB, paused 464us total 20.615ms
08-04 14:48:29.949 11969 11983 I art     : Starting a blocking GC Explicit
08-04 14:48:29.971 11969 11983 I art     : Explicit concurrent mark sweep GC freed 3(96B) AllocSpace objects, 0(0B) LOS objects, 23% free, 52MB/68MB, paused 407us total 21.207ms
08-04 14:48:30.297 11969 11982 I art     : Starting a blocking GC Explicit
08-04 14:48:30.327 11969 11982 I art     : Explicit concurrent mark sweep GC freed 1341(78KB) AllocSpace objects, 1(20KB) LOS objects, 23% free, 52MB/68MB, paused 440us total 29.458ms
08-04 14:48:30.339 11969 11982 I art     : Starting a blocking GC Explicit
08-04 14:48:30.360 11969 11982 I art     : Explicit concurrent mark sweep GC freed 20(704B) AllocSpace objects, 0(0B) LOS objects, 23% free, 52MB/68MB, paused 408us total 21.592ms
08-04 14:48:30.369 11969 11982 I art     : Starting a blocking GC Explicit
08-04 14:48:30.390 11969 11982 I art     : Explicit concurrent mark sweep GC freed 3(96B) AllocSpace objects, 0(0B) LOS objects, 23% free, 52MB/68MB, paused 471us total 20.733ms
08-04 14:48:30.399 11969 11982 I art     : Starting a blocking GC Explicit
08-04 14:48:30.420 11969 11982 I art     : Explicit concurrent mark sweep GC freed 3(96B) AllocSpace objects, 0(0B) LOS objects, 23% free, 52MB/68MB, paused 408us total 20.633ms
08-04 14:48:30.428 11969 11982 I art     : Starting a blocking GC Explicit
08-04 14:48:30.449 11969 11982 I art     : Explicit concurrent mark sweep GC freed 3(96B) AllocSpace objects, 0(0B) LOS objects, 23% free, 52MB/68MB, paused 375us total 20.592ms
08-04 14:48:30.756 11969 12201 I art     : Starting a blocking GC Explicit
08-04 14:48:30.778 11969 12201 I art     : Explicit concurrent mark sweep GC freed 1341(78KB) AllocSpace objects, 1(20KB) LOS objects, 23% free, 52MB/68MB, paused 446us total 21.716ms
08-04 14:48:30.787 11969 12201 I art     : Starting a blocking GC Explicit
08-04 14:48:30.808 11969 12201 I art     : Explicit concurrent mark sweep GC freed 20(704B) AllocSpace objects, 0(0B) LOS objects, 23% free, 52MB/68MB, paused 423us total 21.052ms
08-04 14:48:30.817 11969 12201 I art     : Starting a blocking GC Explicit
08-04 14:48:30.838 11969 12201 I art     : Explicit concurrent mark sweep GC freed 3(96B) AllocSpace objects, 0(0B) LOS objects, 23% free, 52MB/68MB, paused 423us total 20.991ms
08-04 14:48:30.846 11969 12201 I art     : Starting a blocking GC Explicit
08-04 14:48:30.868 11969 12201 I art     : Explicit concurrent mark sweep GC freed 3(96B) AllocSpace objects, 0(0B) LOS objects, 23% free, 52MB/68MB, paused 433us total 20.918ms
08-04 14:48:30.877 11969 12201 I art     : Starting a blocking GC Explicit
08-04 14:48:30.897 11969 12201 I art     : Explicit concurrent mark sweep GC freed 3(96B) AllocSpace objects, 0(0B) LOS objects, 23% free, 52MB/68MB, paused 477us total 19.942ms
08-04 14:48:31.215 11969 12449 I art     : Starting a blocking GC Explicit
08-04 14:48:31.241 11969 12449 I art     : Explicit concurrent mark sweep GC freed 1341(78KB) AllocSpace objects, 1(20KB) LOS objects, 23% free, 52MB/68MB, paused 440us total 25.832ms
08-04 14:48:31.253 11969 12449 I art     : Starting a blocking GC Explicit
08-04 14:48:31.276 11969 12449 I art     : Explicit concurrent mark sweep GC freed 20(704B) AllocSpace objects, 0(0B) LOS objects, 23% free, 52MB/68MB, paused 400us total 23.388ms
08-04 14:48:31.285 11969 12449 I art     : Starting a blocking GC Explicit
08-04 14:48:31.306 11969 12449 I art     : Explicit concurrent mark sweep GC freed 3(96B) AllocSpace objects, 0(0B) LOS objects, 23% free, 52MB/68MB, paused 399us total 20.793ms
08-04 14:48:31.315 11969 12449 I art     : Starting a blocking GC Explicit
08-04 14:48:31.335 11969 12449 I art     : Explicit concurrent mark sweep GC freed 3(96B) AllocSpace objects, 0(0B) LOS objects, 23% free, 52MB/68MB, paused 396us total 20.479ms
08-04 14:48:31.344 11969 12449 I art     : Starting a blocking GC Explicit
08-04 14:48:31.365 11969 12449 I art     : Explicit concurrent mark sweep GC freed 3(96B) AllocSpace objects, 0(0B) LOS objects, 23% free, 52MB/68MB, paused 403us total 20.768ms
08-04 14:48:31.694 11969 11983 I art     : Starting a blocking GC Explicit
08-04 14:48:31.720 11969 11983 I art     : Explicit concurrent mark sweep GC freed 1341(78KB) AllocSpace objects, 1(20KB) LOS objects, 23% free, 52MB/68MB, paused 440us total 25.997ms
08-04 14:48:31.732 11969 11983 I art     : Starting a blocking GC Explicit
08-04 14:48:31.753 11969 11983 I art     : Explicit concurrent mark sweep GC freed 20(704B) AllocSpace objects, 0(0B) LOS objects, 23% free, 52MB/68MB, paused 417us total 21.107ms
08-04 14:48:31.762 11969 11983 I art     : Starting a blocking GC Explicit
08-04 14:48:31.783 11969 11983 I art     : Explicit concurrent mark sweep GC freed 3(96B) AllocSpace objects, 0(0B) LOS objects, 23% free, 52MB/68MB, paused 408us total 20.998ms
08-04 14:48:31.784   918 13197 D NetworkMonitor/NetworkAgentInfo [WIFI () - 158]: Checking http://connectivitycheck.gstatic.com/generate_204 on "H369AA63323", 192.168.2.12=192.168.2.12
08-04 14:48:31.792 11969 11983 I art     : Starting a blocking GC Explicit
08-04 14:48:31.813 11969 11983 I art     : Explicit concurrent mark sweep GC freed 3(96B) AllocSpace objects, 0(0B) LOS objects, 23% free, 52MB/68MB, paused 413us total 21.319ms
08-04 14:48:31.822 11969 11983 I art     : Starting a blocking GC Explicit
08-04 14:48:31.843 11969 11983 I art     : Explicit concurrent mark sweep GC freed 3(96B) AllocSpace objects, 0(0B) LOS objects, 23% free, 52MB/68MB, paused 396us total 20.586ms
08-04 14:48:31.905   918 13197 D NetworkMonitor/NetworkAgentInfo [WIFI () - 158]: Probably not a portal: exception java.io.IOException: unexpected end of stream on Connection{connectivitycheck.gstatic.com:80, proxy=HTTP@/192.168.2.12:8080 hostAddress=192.168.2.12 cipherSuite=none protocol=http/1.1} (recycle count=0)
08-04 14:48:31.907   918  3263 D ConnectivityService: NetworkAgentInfo [WIFI () - 158] validation failed
08-04 14:48:31.910   918  3261 E WifiConfigStore:  rewrite network history for "H369AA63323"WPA_PSK
08-04 14:48:32.145 11969 11982 I art     : Starting a blocking GC Explicit
08-04 14:48:32.168 11969 11982 I art     : Explicit concurrent mark sweep GC freed 1341(78KB) AllocSpace objects, 1(20KB) LOS objects, 23% free, 52MB/68MB, paused 438us total 22.194ms
08-04 14:48:32.180 11969 11982 I art     : Starting a blocking GC Explicit
08-04 14:48:32.201 11969 11982 I art     : Explicit concurrent mark sweep GC freed 20(704B) AllocSpace objects, 0(0B) LOS objects, 23% free, 52MB/68MB, paused 445us total 20.164ms
08-04 14:48:32.209 11969 11982 I art     : Starting a blocking GC Explicit
08-04 14:48:32.230 11969 11982 I art     : Explicit concurrent mark sweep GC freed 3(96B) AllocSpace objects, 0(0B) LOS objects, 23% free, 52MB/68MB, paused 410us total 19.888ms
08-04 14:48:32.238 11969 11982 I art     : Starting a blocking GC Explicit
08-04 14:48:32.259 11969 11982 I art     : Explicit concurrent mark sweep GC freed 3(96B) AllocSpace objects, 0(0B) LOS objects, 23% free, 52MB/68MB, paused 404us total 20.897ms
08-04 14:48:32.268 11969 11982 I art     : Starting a blocking GC Explicit
08-04 14:48:32.289 11969 11982 I art     : Explicit concurrent mark sweep GC freed 3(96B) AllocSpace objects, 0(0B) LOS objects, 23% free, 52MB/68MB, paused 411us total 20.861ms
08-04 14:48:32.583 11969 12201 I art     : Starting a blocking GC Explicit
08-04 14:48:32.604 11969 12201 I art     : Explicit concurrent mark sweep GC freed 1341(78KB) AllocSpace objects, 1(20KB) LOS objects, 23% free, 52MB/68MB, paused 431us total 20.830ms
08-04 14:48:32.612 11969 12201 I art     : Starting a blocking GC Explicit
08-04 14:48:32.632 11969 12201 I art     : Explicit concurrent mark sweep GC freed 20(704B) AllocSpace objects, 0(0B) LOS objects, 23% free, 52MB/68MB, paused 420us total 19.814ms
08-04 14:48:32.641 11969 12201 I art     : Starting a blocking GC Explicit
08-04 14:48:32.661 11969 12201 I art     : Explicit concurrent mark sweep GC freed 3(96B) AllocSpace objects, 0(0B) LOS objects, 23% free, 52MB/68MB, paused 421us total 19.775ms
08-04 14:48:32.669 11969 12201 I art     : Starting a blocking GC Explicit
08-04 14:48:32.689 11969 12201 I art     : Explicit concurrent mark sweep GC freed 3(96B) AllocSpace objects, 0(0B) LOS objects, 23% free, 52MB/68MB, paused 418us total 20.029ms
08-04 14:48:32.698 11969 12201 I art     : Starting a blocking GC Explicit
08-04 14:48:32.718 11969 12201 I art     : Explicit concurrent mark sweep GC freed 3(96B) AllocSpace objects, 0(0B) LOS objects, 23% free, 52MB/68MB, paused 415us total 19.976ms
08-04 14:48:32.825   918  3188 I hubconnection: sensorhub said: 'set_bias 3: -6.2400, 0.0000, 0.0000'
08-04 14:48:32.937 13443 13443 D AndroidRuntime: >>>>>> START com.android.internal.os.RuntimeInit uid 2000 <<<<<<
08-04 14:48:32.942 13443 13443 D AndroidRuntime: CheckJNI is OFF
08-04 14:48:32.974 13443 13443 D ICU     : No timezone override file found: /data/misc/zoneinfo/current/icu/icu_tzdata.dat
08-04 14:48:33.007 13443 13443 I Radio-JNI: register_android_hardware_Radio DONE
08-04 14:48:33.012 11969 12449 I art     : Starting a blocking GC Explicit
08-04 14:48:33.029 13443 13443 D AndroidRuntime: Calling main entry com.android.commands.input.Input
08-04 14:48:33.031 13443 13443 I Input   : injectKeyEvent: KeyEvent { action=ACTION_DOWN, keyCode=KEYCODE_BACK, scanCode=0, metaState=0, flags=0x0, repeatCount=0, eventTime=715729444, downTime=715729444, deviceId=-1, source=0x101 }
08-04 14:48:33.033 11969 12449 I art     : Explicit concurrent mark sweep GC freed 1341(78KB) AllocSpace objects, 1(20KB) LOS objects, 23% free, 52MB/68MB, paused 483us total 21.227ms
08-04 14:48:33.040 13443 13443 I Input   : injectKeyEvent: KeyEvent { action=ACTION_UP, keyCode=KEYCODE_BACK, scanCode=0, metaState=0, flags=0x0, repeatCount=0, eventTime=715729444, downTime=715729444, deviceId=-1, source=0x101 }
08-04 14:48:33.042 11969 12449 I art     : Starting a blocking GC Explicit
08-04 14:48:33.047 13443 13443 D AndroidRuntime: Shutting down VM
08-04 14:48:33.062 11969 12449 I art     : Explicit concurrent mark sweep GC freed 157(6KB) AllocSpace objects, 0(0B) LOS objects, 23% free, 52MB/68MB, paused 445us total 19.319ms
08-04 14:48:33.070 11969 12449 I art     : Starting a blocking GC Explicit
08-04 14:48:33.079 13866 13866 I GoogleInputMethodServic: GoogleInputMethodService.onFinishInput():3138 
08-04 14:48:33.080 13866 13866 I GoogleInputMethodServic: GoogleInputMethodService.onStartInput():1808 
08-04 14:48:33.088 11969 12449 I art     : Explicit concurrent mark sweep GC freed 10(528B) AllocSpace objects, 0(0B) LOS objects, 23% free, 52MB/68MB, paused 516us total 17.296ms
08-04 14:48:33.095 11969 12449 I art     : Starting a blocking GC Explicit
08-04 14:48:33.113 11969 12449 I art     : Explicit concurrent mark sweep GC freed 31(1024B) AllocSpace objects, 0(0B) LOS objects, 23% free, 52MB/68MB, paused 372us total 18.060ms
08-04 14:48:33.122 11969 12449 I art     : Starting a blocking GC Explicit
08-04 14:48:33.142 11969 12449 I art     : Explicit concurrent mark sweep GC freed 6(224B) AllocSpace objects, 0(0B) LOS objects, 23% free, 52MB/68MB, paused 371us total 19.242ms
08-04 14:48:33.370   380   380 W SurfaceFlinger: couldn't log to binary event log: overflow.
08-04 14:48:33.405 11969 11982 I art     : Starting a blocking GC Explicit
08-04 14:48:33.425 11969 11982 I art     : Explicit concurrent mark sweep GC freed 1450(87KB) AllocSpace objects, 1(20KB) LOS objects, 23% free, 52MB/68MB, paused 391us total 19.305ms
08-04 14:48:33.433 11969 11982 I art     : Starting a blocking GC Explicit
08-04 14:48:33.453 11969 11982 I art     : Explicit concurrent mark sweep GC freed 1672(107KB) AllocSpace objects, 3(400KB) LOS objects, 23% free, 52MB/68MB, paused 396us total 20.310ms
08-04 14:48:33.461 11969 11982 I art     : Starting a blocking GC Explicit
08-04 14:48:33.481 11969 11982 I art     : Explicit concurrent mark sweep GC freed 3(96B) AllocSpace objects, 0(0B) LOS objects, 23% free, 52MB/68MB, paused 440us total 19.229ms
08-04 14:48:33.489 11969 11982 I art     : Starting a blocking GC Explicit
08-04 14:48:33.509 11969 11982 I art     : Explicit concurrent mark sweep GC freed 3(96B) AllocSpace objects, 0(0B) LOS objects, 23% free, 52MB/68MB, paused 419us total 19.780ms
08-04 14:48:33.518 11969 11982 I art     : Starting a blocking GC Explicit
08-04 14:48:33.538 11969 11982 I art     : Explicit concurrent mark sweep GC freed 3(96B) AllocSpace objects, 0(0B) LOS objects, 23% free, 52MB/68MB, paused 372us total 19.924ms
08-04 14:48:33.830 11969 12201 I art     : Starting a blocking GC Explicit
08-04 14:48:33.855 11969 12201 I art     : Explicit concurrent mark sweep GC freed 1341(78KB) AllocSpace objects, 1(20KB) LOS objects, 23% free, 52MB/68MB, paused 430us total 25.101ms
08-04 14:48:33.867 11969 12201 I art     : Starting a blocking GC Explicit
08-04 14:48:33.888 11969 12201 I art     : Explicit concurrent mark sweep GC freed 20(704B) AllocSpace objects, 0(0B) LOS objects, 23% free, 52MB/68MB, paused 420us total 20.213ms
08-04 14:48:33.896 11969 12201 I art     : Starting a blocking GC Explicit
08-04 14:48:33.917 11969 12201 I art     : Explicit concurrent mark sweep GC freed 3(96B) AllocSpace objects, 0(0B) LOS objects, 23% free, 52MB/68MB, paused 555us total 20.265ms
08-04 14:48:33.925 11969 12201 I art     : Starting a blocking GC Explicit
08-04 14:48:33.946 11969 12201 I art     : Explicit concurrent mark sweep GC freed 3(96B) AllocSpace objects, 0(0B) LOS objects, 23% free, 52MB/68MB, paused 398us total 19.951ms
08-04 14:48:33.955 11969 12201 I art     : Starting a blocking GC Explicit
08-04 14:48:33.974 11969 12201 I art     : Explicit concurrent mark sweep GC freed 3(96B) AllocSpace objects, 0(0B) LOS objects, 23% free, 52MB/68MB, paused 388us total 19.360ms
08-04 14:48:34.246 11969 11983 I art     : Starting a blocking GC Explicit
08-04 14:48:34.269 11969 11983 I art     : Explicit concurrent mark sweep GC freed 1631(95KB) AllocSpace objects, 1(20KB) LOS objects, 23% free, 52MB/68MB, paused 498us total 23.402ms
08-04 14:48:34.283 11969 11983 I art     : Starting a blocking GC Explicit
08-04 14:48:34.302 11969 11983 I art     : Explicit concurrent mark sweep GC freed 48(1648B) AllocSpace objects, 0(0B) LOS objects, 23% free, 52MB/68MB, paused 473us total 19.121ms
08-04 14:48:34.311 11969 11983 I art     : Starting a blocking GC Explicit
08-04 14:48:34.329 11969 11983 I art     : Explicit concurrent mark sweep GC freed 1845(73KB) AllocSpace objects, 0(0B) LOS objects, 23% free, 52MB/68MB, paused 492us total 18.586ms
08-04 14:48:34.337 11969 11983 I art     : Starting a blocking GC Explicit
08-04 14:48:34.351 11969 13501 W OneSignal: OneSignalRestClient: POST Error thrown from network stack. 
08-04 14:48:34.351 11969 13501 W OneSignal: java.io.IOException: unexpected end of stream on Connection{api.onesignal.com:443, proxy=HTTP@192.168.2.12:8080 hostAddress=192.168.2.12 cipherSuite=TLS_ECDHE_RSA_WITH_AES_128_GCM_SHA256 protocol=http/1.1} (recycle count=0)
08-04 14:48:34.351 11969 13501 W OneSignal: 	at com.android.okhttp.internal.http.HttpConnection.readResponse(HttpConnection.java:210)
08-04 14:48:34.351 11969 13501 W OneSignal: 	at com.android.okhttp.internal.http.HttpTransport.readResponseHeaders(HttpTransport.java:80)
08-04 14:48:34.351 11969 13501 W OneSignal: 	at com.android.okhttp.internal.http.HttpEngine.readNetworkResponse(HttpEngine.java:904)
08-04 14:48:34.351 11969 13501 W OneSignal: 	at com.android.okhttp.internal.http.HttpEngine.readResponse(HttpEngine.java:788)
08-04 14:48:34.351 11969 13501 W OneSignal: 	at com.android.okhttp.internal.huc.HttpURLConnectionImpl.execute(HttpURLConnectionImpl.java:439)
08-04 14:48:34.351 11969 13501 W OneSignal: 	at com.android.okhttp.internal.huc.HttpURLConnectionImpl.getResponse(HttpURLConnectionImpl.java:384)
08-04 14:48:34.351 11969 13501 W OneSignal: 	at com.android.okhttp.internal.huc.HttpURLConnectionImpl.getResponseCode(HttpURLConnectionImpl.java:497)
08-04 14:48:34.351 11969 13501 W OneSignal: 	at com.android.okhttp.internal.huc.DelegatingHttpsURLConnection.getResponseCode(DelegatingHttpsURLConnection.java:105)
08-04 14:48:34.351 11969 13501 W OneSignal: 	at com.android.okhttp.internal.huc.HttpsURLConnectionImpl.getResponseCode(HttpsURLConnectionImpl.java)
08-04 14:48:34.351 11969 13501 W OneSignal: 	at com.onesignal.OneSignalRestClient.startHTTPConnection(OneSignalRestClient.java:180)
08-04 14:48:34.351 11969 13501 W OneSignal: 	at com.onesignal.OneSignalRestClient.access$100(OneSignalRestClient.java:44)
08-04 14:48:34.351 11969 13501 W OneSignal: 	at com.onesignal.OneSignalRestClient$4.run(OneSignalRestClient.java:110)
08-04 14:48:34.351 11969 13501 W OneSignal: 	at java.lang.Thread.run(Thread.java:818)
08-04 14:48:34.351 11969 13501 W OneSignal: Caused by: java.io.EOFException: \n not found: size=0 content=...
08-04 14:48:34.351 11969 13501 W OneSignal: 	at com.android.okhttp.okio.RealBufferedSource.readUtf8LineStrict(RealBufferedSource.java:200)
08-04 14:48:34.351 11969 13501 W OneSignal: 	at com.android.okhttp.internal.http.HttpConnection.readResponse(HttpConnection.java:191)
08-04 14:48:34.351 11969 13501 W OneSignal: 	... 12 more
08-04 14:48:34.352 11969 13504 W OneSignal: Failed last request. statusCode: -1
08-04 14:48:34.352 11969 13504 W OneSignal: response: null
08-04 14:48:34.355 11969 11983 I art     : Explicit concurrent mark sweep GC freed 217(49KB) AllocSpace objects, 0(0B) LOS objects, 23% free, 52MB/68MB, paused 389us total 17.607ms
08-04 14:48:34.363 11969 11983 I art     : Starting a blocking GC Explicit
08-04 14:48:34.382 11969 11983 I art     : Explicit concurrent mark sweep GC freed 246(25KB) AllocSpace objects, 0(0B) LOS objects, 23% free, 52MB/68MB, paused 402us total 18.472ms
08-04 14:48:34.646 11969 12449 I art     : Starting a blocking GC Explicit
08-04 14:48:34.666 11969 12449 I art     : Explicit concurrent mark sweep GC freed 1340(78KB) AllocSpace objects, 1(20KB) LOS objects, 23% free, 52MB/68MB, paused 414us total 19.670ms
08-04 14:48:34.674 11969 12449 I art     : Starting a blocking GC Explicit
08-04 14:48:34.694 11969 12449 I art     : Explicit concurrent mark sweep GC freed 20(704B) AllocSpace objects, 0(0B) LOS objects, 23% free, 52MB/68MB, paused 426us total 19.956ms
08-04 14:48:34.703 11969 12449 I art     : Starting a blocking GC Explicit
08-04 14:48:34.722 11969 12449 I art     : Explicit concurrent mark sweep GC freed 3(96B) AllocSpace objects, 0(0B) LOS objects, 23% free, 52MB/68MB, paused 422us total 19.103ms
08-04 14:48:34.724 13502 13502 D AndroidRuntime: >>>>>> START com.android.internal.os.RuntimeInit uid 2000 <<<<<<
08-04 14:48:34.729 13502 13502 D AndroidRuntime: CheckJNI is OFF
08-04 14:48:34.730 11969 12449 I art     : Starting a blocking GC Explicit
08-04 14:48:34.750 11969 12449 I art     : Explicit concurrent mark sweep GC freed 3(96B) AllocSpace objects, 0(0B) LOS objects, 23% free, 52MB/68MB, paused 407us total 19.201ms
08-04 14:48:34.758 11969 12449 I art     : Starting a blocking GC Explicit
08-04 14:48:34.765 13502 13502 D ICU     : No timezone override file found: /data/misc/zoneinfo/current/icu/icu_tzdata.dat
08-04 14:48:34.776 11969 12449 I art     : Explicit concurrent mark sweep GC freed 3(96B) AllocSpace objects, 0(0B) LOS objects, 23% free, 52MB/68MB, paused 397us total 18.568ms
08-04 14:48:34.801 13502 13502 I Radio-JNI: register_android_hardware_Radio DONE
08-04 14:48:34.822 13502 13502 D AndroidRuntime: Calling main entry com.android.commands.input.Input
08-04 14:48:34.824 13502 13502 I Input   : injectKeyEvent: KeyEvent { action=ACTION_DOWN, keyCode=KEYCODE_BACK, scanCode=0, metaState=0, flags=0x0, repeatCount=0, eventTime=715731237, downTime=715731237, deviceId=-1, source=0x101 }
08-04 14:48:34.830 13502 13502 I Input   : injectKeyEvent: KeyEvent { action=ACTION_UP, keyCode=KEYCODE_BACK, scanCode=0, metaState=0, flags=0x0, repeatCount=0, eventTime=715731237, downTime=715731237, deviceId=-1, source=0x101 }
08-04 14:48:34.836 13502 13502 D AndroidRuntime: Shutting down VM
08-04 14:48:34.878 13866 13866 I GoogleInputMethodServic: GoogleInputMethodService.onFinishInput():3138 
08-04 14:48:34.879 13866 13866 I GoogleInputMethodServic: GoogleInputMethodService.onStartInput():1808 
08-04 14:48:35.021 11969 11982 I art     : Starting a blocking GC Explicit
08-04 14:48:35.044 11969 11982 I art     : Explicit concurrent mark sweep GC freed 1550(87KB) AllocSpace objects, 1(20KB) LOS objects, 23% free, 52MB/68MB, paused 605us total 23.529ms
08-04 14:48:35.057 11969 11982 I art     : Starting a blocking GC Explicit
08-04 14:48:35.075 11969 11982 I art     : Explicit concurrent mark sweep GC freed 24(864B) AllocSpace objects, 0(0B) LOS objects, 23% free, 52MB/68MB, paused 410us total 18.584ms
08-04 14:48:35.084 11969 11982 I art     : Starting a blocking GC Explicit
08-04 14:48:35.103 11969 11982 I art     : Explicit concurrent mark sweep GC freed 3(96B) AllocSpace objects, 0(0B) LOS objects, 23% free, 52MB/68MB, paused 382us total 18.487ms
08-04 14:48:35.112 11969 11982 I art     : Starting a blocking GC Explicit
08-04 14:48:35.131 11969 11982 I art     : Explicit concurrent mark sweep GC freed 3(96B) AllocSpace objects, 0(0B) LOS objects, 23% free, 52MB/68MB, paused 361us total 18.894ms
08-04 14:48:35.139 11969 11982 I art     : Starting a blocking GC Explicit
08-04 14:48:35.158 11969 11982 I art     : Explicit concurrent mark sweep GC freed 3(96B) AllocSpace objects, 0(0B) LOS objects, 23% free, 52MB/68MB, paused 456us total 18.272ms
08-04 14:48:35.423 11969 12201 I art     : Starting a blocking GC Explicit
08-04 14:48:35.448 11969 12201 I art     : Explicit concurrent mark sweep GC freed 2404(129KB) AllocSpace objects, 1(20KB) LOS objects, 23% free, 52MB/68MB, paused 442us total 24.763ms
08-04 14:48:35.461 11969 12201 I art     : Starting a blocking GC Explicit
08-04 14:48:35.481 11969 12201 I art     : Explicit concurrent mark sweep GC freed 2100(127KB) AllocSpace objects, 2(140KB) LOS objects, 23% free, 51MB/67MB, paused 404us total 19.720ms
08-04 14:48:35.490 11969 12201 I art     : Starting a blocking GC Explicit
08-04 14:48:35.509 11969 12201 I art     : Explicit concurrent mark sweep GC freed 3(96B) AllocSpace objects, 0(0B) LOS objects, 23% free, 51MB/67MB, paused 408us total 19.361ms
08-04 14:48:35.518 11969 12201 I art     : Starting a blocking GC Explicit
08-04 14:48:35.537 11969 12201 I art     : Explicit concurrent mark sweep GC freed 3(96B) AllocSpace objects, 0(0B) LOS objects, 23% free, 51MB/67MB, paused 495us total 19.006ms
08-04 14:48:35.545 11969 12201 I art     : Starting a blocking GC Explicit
08-04 14:48:35.564 11969 12201 I art     : Explicit concurrent mark sweep GC freed 3(96B) AllocSpace objects, 0(0B) LOS objects, 23% free, 51MB/67MB, paused 400us total 18.848ms
08-04 14:48:35.839 11969 11983 I art     : Starting a blocking GC Explicit
08-04 14:48:35.861 11969 11983 I art     : Explicit concurrent mark sweep GC freed 1340(78KB) AllocSpace objects, 1(20KB) LOS objects, 23% free, 51MB/67MB, paused 452us total 22.115ms
08-04 14:48:35.873 11969 11983 I art     : Starting a blocking GC Explicit
08-04 14:48:35.894 11969 11983 I art     : Explicit concurrent mark sweep GC freed 20(704B) AllocSpace objects, 0(0B) LOS objects, 23% free, 51MB/67MB, paused 418us total 20.771ms
08-04 14:48:35.902 11969 11983 I art     : Starting a blocking GC Explicit
08-04 14:48:35.922 11969 11983 I art     : Explicit concurrent mark sweep GC freed 3(96B) AllocSpace objects, 0(0B) LOS objects, 23% free, 51MB/67MB, paused 417us total 19.246ms
08-04 14:48:35.930 11969 11983 I art     : Starting a blocking GC Explicit
08-04 14:48:35.950 11969 11983 I art     : Explicit concurrent mark sweep GC freed 3(96B) AllocSpace objects, 0(0B) LOS objects, 23% free, 51MB/67MB, paused 423us total 19.323ms
08-04 14:48:35.958 11969 11983 I art     : Starting a blocking GC Explicit
08-04 14:48:35.977 11969 11983 I art     : Explicit concurrent mark sweep GC freed 3(96B) AllocSpace objects, 0(0B) LOS objects, 23% free, 51MB/67MB, paused 440us total 18.843ms
08-04 14:48:36.065  8510  8510 I ServiceManager: Waiting for service AtCmdFwd...
08-04 14:48:36.235 11969 12449 I art     : Starting a blocking GC Explicit
08-04 14:48:36.255 11969 12449 I art     : Explicit concurrent mark sweep GC freed 1338(78KB) AllocSpace objects, 1(20KB) LOS objects, 23% free, 51MB/67MB, paused 472us total 19.458ms
08-04 14:48:36.263 11969 12449 I art     : Starting a blocking GC Explicit
08-04 14:48:36.281 11969 12449 I art     : Explicit concurrent mark sweep GC freed 20(704B) AllocSpace objects, 0(0B) LOS objects, 23% free, 51MB/67MB, paused 407us total 17.992ms
08-04 14:48:36.290 11969 12449 I art     : Starting a blocking GC Explicit
08-04 14:48:36.308 11969 12449 I art     : Explicit concurrent mark sweep GC freed 3(96B) AllocSpace objects, 0(0B) LOS objects, 23% free, 51MB/67MB, paused 412us total 17.890ms
08-04 14:48:36.316 11969 12449 I art     : Starting a blocking GC Explicit
08-04 14:48:36.334 11969 12449 I art     : Explicit concurrent mark sweep GC freed 3(96B) AllocSpace objects, 0(0B) LOS objects, 23% free, 51MB/67MB, paused 418us total 18.362ms
08-04 14:48:36.343 11969 12449 I art     : Starting a blocking GC Explicit
08-04 14:48:36.361 11969 12449 I art     : Explicit concurrent mark sweep GC freed 3(96B) AllocSpace objects, 0(0B) LOS objects, 23% free, 51MB/67MB, paused 405us total 18.643ms
08-04 14:48:36.517 13558 13558 D AndroidRuntime: >>>>>> START com.android.internal.os.RuntimeInit uid 2000 <<<<<<
08-04 14:48:36.522 13558 13558 D AndroidRuntime: CheckJNI is OFF
08-04 14:48:36.553 13558 13558 D ICU     : No timezone override file found: /data/misc/zoneinfo/current/icu/icu_tzdata.dat
08-04 14:48:36.586 13558 13558 I Radio-JNI: register_android_hardware_Radio DONE
08-04 14:48:36.609 13558 13558 D AndroidRuntime: Calling main entry com.android.commands.input.Input
08-04 14:48:36.610 13558 13558 I Input   : injectMotionEvent: MotionEvent { action=ACTION_DOWN, actionButton=0, id[0]=0, x[0]=337.0, y[0]=1104.0, toolType[0]=TOOL_TYPE_UNKNOWN, buttonState=0, metaState=0, flags=0x0, edgeFlags=0x0, pointerCount=1, historySize=0, eventTime=715733023, downTime=715733023, deviceId=0, source=0x1002 }
08-04 14:48:36.615 13558 13558 I Input   : injectMotionEvent: MotionEvent { action=ACTION_UP, actionButton=0, id[0]=0, x[0]=337.0, y[0]=1104.0, toolType[0]=TOOL_TYPE_UNKNOWN, buttonState=0, metaState=0, flags=0x0, edgeFlags=0x0, pointerCount=1, historySize=0, eventTime=715733023, downTime=715733023, deviceId=0, source=0x1002 }
08-04 14:48:36.616   918  4413 I ActivityManager: START u0 {cmp=baseline.appteam.nith.hillffair/.activities.BattleDayActivity} from uid 10651 on display 0
08-04 14:48:36.623 13558 13558 D AndroidRuntime: Shutting down VM
08-04 14:48:36.624 11969 11983 I art     : Starting a blocking GC Explicit
08-04 14:48:36.644 11969 11983 I art     : Explicit concurrent mark sweep GC freed 1790(104KB) AllocSpace objects, 1(20KB) LOS objects, 23% free, 51MB/67MB, paused 711us total 20.548ms
08-04 14:48:36.653 11969 11983 I art     : Starting a blocking GC Explicit
08-04 14:48:36.676 11969 11983 I art     : Explicit concurrent mark sweep GC freed 4514(275KB) AllocSpace objects, 0(0B) LOS objects, 23% free, 52MB/68MB, paused 835us total 22.980ms
08-04 14:48:36.684 11969 11983 I art     : Starting a blocking GC Explicit
08-04 14:48:36.696 13866 13866 I GoogleInputMethodServic: GoogleInputMethodService.onFinishInput():3138 
08-04 14:48:36.697 13866 13866 I GoogleInputMethodServic: GoogleInputMethodService.onStartInput():1808 
08-04 14:48:36.701 11969 11983 I art     : Explicit concurrent mark sweep GC freed 175(7KB) AllocSpace objects, 0(0B) LOS objects, 23% free, 52MB/68MB, paused 596us total 17.406ms
08-04 14:48:36.709 11969 11983 I art     : Starting a blocking GC Explicit
08-04 14:48:36.719   918   936 I ActivityManager: Displayed baseline.appteam.nith.hillffair/.activities.BattleDayActivity: +95ms
08-04 14:48:36.730 11969 11983 I art     : Explicit concurrent mark sweep GC freed 132(7KB) AllocSpace objects, 0(0B) LOS objects, 23% free, 52MB/68MB, paused 455us total 20.520ms
08-04 14:48:36.738 11969 11983 I art     : Starting a blocking GC Explicit
08-04 14:48:36.757 11969 11983 I art     : Explicit concurrent mark sweep GC freed 18(672B) AllocSpace objects, 0(0B) LOS objects, 23% free, 52MB/68MB, paused 522us total 19.407ms
08-04 14:48:36.974   380   380 W SurfaceFlinger: couldn't log to binary event log: overflow.
08-04 14:48:37.019 11969 12449 I art     : Starting a blocking GC Explicit
08-04 14:48:37.037 11969 12449 I art     : Explicit concurrent mark sweep GC freed 1341(78KB) AllocSpace objects, 1(20KB) LOS objects, 23% free, 52MB/68MB, paused 497us total 17.173ms
08-04 14:48:37.044 11969 12449 I art     : Starting a blocking GC Explicit
08-04 14:48:37.062 11969 12449 I art     : Explicit concurrent mark sweep GC freed 20(704B) AllocSpace objects, 0(0B) LOS objects, 23% free, 52MB/68MB, paused 411us total 17.267ms
08-04 14:48:37.065  8510  8510 I ServiceManager: Waiting for service AtCmdFwd...
08-04 14:48:37.070 11969 12449 I art     : Starting a blocking GC Explicit
08-04 14:48:37.088 11969 12449 I art     : Explicit concurrent mark sweep GC freed 3(96B) AllocSpace objects, 0(0B) LOS objects, 23% free, 52MB/68MB, paused 451us total 17.954ms
08-04 14:48:37.096 11969 12449 I art     : Starting a blocking GC Explicit
08-04 14:48:37.115 11969 12449 I art     : Explicit concurrent mark sweep GC freed 73(4KB) AllocSpace objects, 0(0B) LOS objects, 23% free, 52MB/68MB, paused 706us total 18.930ms
08-04 14:48:37.125 11969 12449 I art     : Starting a blocking GC Explicit
08-04 14:48:37.143 11969 12449 I art     : Explicit concurrent mark sweep GC freed 14(512B) AllocSpace objects, 0(0B) LOS objects, 23% free, 52MB/68MB, paused 409us total 18.650ms
08-04 14:48:37.428 11969 11983 I art     : Starting a blocking GC Explicit
08-04 14:48:37.432 11969 13591 D OkHttp  : --> GET https://api-hillfair-2k16.herokuapp.com/api/app/events/special http/1.1
08-04 14:48:37.452 11969 11983 I art     : Explicit concurrent mark sweep GC freed 3993(213KB) AllocSpace objects, 4(220KB) LOS objects, 23% free, 52MB/68MB, paused 488us total 23.573ms
08-04 14:48:37.457 11969 13591 D OkHttp  : <-- 200 OK https://api-hillfair-2k16.herokuapp.com/api/app/events/special (25ms, 554-byte body)
08-04 14:48:37.460 11969 11983 I art     : Starting a blocking GC Explicit
08-04 14:48:37.481 11969 11983 I art     : Explicit concurrent mark sweep GC freed 1129(148KB) AllocSpace objects, 0(0B) LOS objects, 23% free, 52MB/68MB, paused 893us total 20.183ms
08-04 14:48:37.489 11969 11983 I art     : Starting a blocking GC Explicit
08-04 14:48:37.508 11969 11983 I art     : Explicit concurrent mark sweep GC freed 124(4KB) AllocSpace objects, 0(0B) LOS objects, 23% free, 52MB/68MB, paused 482us total 18.995ms
08-04 14:48:37.510 11969 11969 I NAPPA_EXPERIMENTATION: MetricNetworkRequestExecutionTime: REQUEST_DURATION_SYSTEM='859',REQUEST_DURATION_OKHTTP='25',REQUEST_SYNCHRONOUS='FALSE',RESPONSE_CODE='200',RESPONSE_METHOD='GET',RESPONSE_LENGTH_OKHTTP='554',RESPONSE_LENGTH_HEADER='554',REQUEST_PROTOCOL='http/1.1',REQUEST_URL='https://api-hillfair-2k16.herokuapp.com/api/app/events/special',
08-04 14:48:37.516 11969 11983 I art     : Starting a blocking GC Explicit
08-04 14:48:37.535 11969 11983 I art     : Explicit concurrent mark sweep GC freed 548(57KB) AllocSpace objects, 0(0B) LOS objects, 23% free, 52MB/68MB, paused 612us total 18.550ms
08-04 14:48:37.543 11969 11983 I art     : Starting a blocking GC Explicit
08-04 14:48:37.562 11969 11983 I art     : Explicit concurrent mark sweep GC freed 292(10KB) AllocSpace objects, 0(0B) LOS objects, 23% free, 52MB/68MB, paused 431us total 19.339ms
08-04 14:48:37.860 11969 12201 I art     : Starting a blocking GC Explicit
08-04 14:48:37.888 11969 12201 I art     : Explicit concurrent mark sweep GC freed 1365(79KB) AllocSpace objects, 1(20KB) LOS objects, 23% free, 52MB/68MB, paused 551us total 27.918ms
08-04 14:48:37.902 11969 12201 I art     : Starting a blocking GC Explicit
08-04 14:48:37.923 11969 12201 I art     : Explicit concurrent mark sweep GC freed 22(800B) AllocSpace objects, 0(0B) LOS objects, 23% free, 52MB/68MB, paused 483us total 20.649ms
08-04 14:48:37.932 11969 12201 I art     : Starting a blocking GC Explicit
08-04 14:48:37.952 11969 12201 I art     : Explicit concurrent mark sweep GC freed 3(96B) AllocSpace objects, 0(0B) LOS objects, 23% free, 52MB/68MB, paused 427us total 19.704ms
08-04 14:48:37.960 11969 12201 I art     : Starting a blocking GC Explicit
08-04 14:48:37.980 11969 12201 I art     : Explicit concurrent mark sweep GC freed 3(96B) AllocSpace objects, 0(0B) LOS objects, 23% free, 52MB/68MB, paused 448us total 19.806ms
08-04 14:48:37.989 11969 12201 I art     : Starting a blocking GC Explicit
08-04 14:48:38.010 11969 12201 I art     : Explicit concurrent mark sweep GC freed 3(96B) AllocSpace objects, 0(0B) LOS objects, 23% free, 52MB/68MB, paused 436us total 20.404ms
08-04 14:48:38.065  8510  8510 I ServiceManager: Waiting for service AtCmdFwd...
08-04 14:48:38.283 11969 12449 I art     : Starting a blocking GC Explicit
08-04 14:48:38.309 11969 12449 I art     : Explicit concurrent mark sweep GC freed 1340(78KB) AllocSpace objects, 1(20KB) LOS objects, 23% free, 52MB/68MB, paused 454us total 25.783ms
08-04 14:48:38.321 11969 12449 I art     : Starting a blocking GC Explicit
08-04 14:48:38.346 11969 12449 I art     : Explicit concurrent mark sweep GC freed 20(704B) AllocSpace objects, 0(0B) LOS objects, 23% free, 52MB/68MB, paused 453us total 24.492ms
08-04 14:48:38.357 11969 12449 I art     : Starting a blocking GC Explicit
08-04 14:48:38.378 11969 12449 I art     : Explicit concurrent mark sweep GC freed 3(96B) AllocSpace objects, 0(0B) LOS objects, 23% free, 52MB/68MB, paused 440us total 20.482ms
08-04 14:48:38.387 11969 12449 I art     : Starting a blocking GC Explicit
08-04 14:48:38.408 11969 12449 I art     : Explicit concurrent mark sweep GC freed 3(96B) AllocSpace objects, 0(0B) LOS objects, 23% free, 52MB/68MB, paused 437us total 20.596ms
08-04 14:48:38.416 11969 12449 I art     : Starting a blocking GC Explicit
08-04 14:48:38.437 11969 12449 I art     : Explicit concurrent mark sweep GC freed 3(96B) AllocSpace objects, 0(0B) LOS objects, 23% free, 52MB/68MB, paused 488us total 20.208ms
08-04 14:48:38.710   918   930 I UsageStatsService: User[0] Flushing usage stats to disk
08-04 14:48:38.763 11969 11982 I art     : Starting a blocking GC Explicit
08-04 14:48:38.788 11969 11982 I art     : Explicit concurrent mark sweep GC freed 1340(78KB) AllocSpace objects, 1(20KB) LOS objects, 23% free, 52MB/68MB, paused 580us total 24.715ms
08-04 14:48:38.797 11969 11982 I art     : Starting a blocking GC Explicit
08-04 14:48:38.817 11969 11982 I art     : Explicit concurrent mark sweep GC freed 20(704B) AllocSpace objects, 0(0B) LOS objects, 23% free, 52MB/68MB, paused 441us total 19.523ms
08-04 14:48:38.826 11969 11982 I art     : Starting a blocking GC Explicit
08-04 14:48:38.846 11969 11982 I art     : Explicit concurrent mark sweep GC freed 3(96B) AllocSpace objects, 0(0B) LOS objects, 23% free, 52MB/68MB, paused 421us total 19.499ms
08-04 14:48:38.854 11969 11982 I art     : Starting a blocking GC Explicit
08-04 14:48:38.874 11969 11982 I art     : Explicit concurrent mark sweep GC freed 3(96B) AllocSpace objects, 0(0B) LOS objects, 23% free, 52MB/68MB, paused 414us total 19.584ms
08-04 14:48:38.882 11969 11982 I art     : Starting a blocking GC Explicit
08-04 14:48:38.902 11969 11982 I art     : Explicit concurrent mark sweep GC freed 3(96B) AllocSpace objects, 0(0B) LOS objects, 23% free, 52MB/68MB, paused 417us total 19.641ms
08-04 14:48:39.066  8510  8510 I ServiceManager: Waiting for service AtCmdFwd...
08-04 14:48:39.258 11969 11983 I art     : Starting a blocking GC Explicit
08-04 14:48:39.290 11969 11983 I art     : Explicit concurrent mark sweep GC freed 1340(78KB) AllocSpace objects, 1(20KB) LOS objects, 23% free, 52MB/68MB, paused 672us total 31.451ms
08-04 14:48:39.291 11969 11981 I art     : WaitForGcToComplete blocked for 20.408ms for cause HeapTrim
08-04 14:48:39.305 11969 11983 I art     : Starting a blocking GC Explicit
08-04 14:48:39.326 11969 11983 I art     : Explicit concurrent mark sweep GC freed 20(704B) AllocSpace objects, 0(0B) LOS objects, 23% free, 52MB/68MB, paused 427us total 20.696ms
08-04 14:48:39.335 11969 11983 I art     : Starting a blocking GC Explicit
08-04 14:48:39.355 11969 11983 I art     : Explicit concurrent mark sweep GC freed 3(96B) AllocSpace objects, 0(0B) LOS objects, 23% free, 52MB/68MB, paused 423us total 20.282ms
08-04 14:48:39.364 11969 11983 I art     : Starting a blocking GC Explicit
08-04 14:48:39.384 11969 11983 I art     : Explicit concurrent mark sweep GC freed 3(96B) AllocSpace objects, 0(0B) LOS objects, 23% free, 52MB/68MB, paused 424us total 20.173ms
08-04 14:48:39.393 11969 11983 I art     : Starting a blocking GC Explicit
08-04 14:48:39.413 11969 11983 I art     : Explicit concurrent mark sweep GC freed 3(96B) AllocSpace objects, 0(0B) LOS objects, 23% free, 52MB/68MB, paused 432us total 20.045ms
08-04 14:48:39.740 11969 12201 I art     : Starting a blocking GC Explicit
08-04 14:48:39.766 11969 12201 I art     : Explicit concurrent mark sweep GC freed 1340(78KB) AllocSpace objects, 1(20KB) LOS objects, 23% free, 52MB/68MB, paused 475us total 25.381ms
08-04 14:48:39.779 11969 12201 I art     : Starting a blocking GC Explicit
08-04 14:48:39.801 11969 12201 I art     : Explicit concurrent mark sweep GC freed 20(704B) AllocSpace objects, 0(0B) LOS objects, 23% free, 52MB/68MB, paused 420us total 20.457ms
08-04 14:48:39.809 11969 12201 I art     : Starting a blocking GC Explicit
08-04 14:48:39.829 11969 12201 I art     : Explicit concurrent mark sweep GC freed 3(96B) AllocSpace objects, 0(0B) LOS objects, 23% free, 52MB/68MB, paused 439us total 19.725ms
08-04 14:48:39.838 11969 12201 I art     : Starting a blocking GC Explicit
08-04 14:48:39.858 11969 12201 I art     : Explicit concurrent mark sweep GC freed 3(96B) AllocSpace objects, 0(0B) LOS objects, 23% free, 52MB/68MB, paused 429us total 20.500ms
08-04 14:48:39.867 11969 12201 I art     : Starting a blocking GC Explicit
08-04 14:48:39.887 11969 12201 I art     : Explicit concurrent mark sweep GC freed 3(96B) AllocSpace objects, 0(0B) LOS objects, 23% free, 52MB/68MB, paused 446us total 20.104ms
08-04 14:48:40.067  8510  8510 I ServiceManager: Waiting for service AtCmdFwd...
08-04 14:48:40.211 11969 12449 I art     : Starting a blocking GC Explicit
08-04 14:48:40.242 11969 12449 I art     : Explicit concurrent mark sweep GC freed 1340(78KB) AllocSpace objects, 1(20KB) LOS objects, 23% free, 52MB/68MB, paused 741us total 29.742ms
08-04 14:48:40.254 11969 12449 I art     : Starting a blocking GC Explicit
08-04 14:48:40.275 11969 12449 I art     : Explicit concurrent mark sweep GC freed 20(704B) AllocSpace objects, 0(0B) LOS objects, 23% free, 52MB/68MB, paused 459us total 20.152ms
08-04 14:48:40.284 11969 12449 I art     : Starting a blocking GC Explicit
08-04 14:48:40.304 11969 12449 I art     : Explicit concurrent mark sweep GC freed 3(96B) AllocSpace objects, 0(0B) LOS objects, 23% free, 52MB/68MB, paused 418us total 19.950ms
08-04 14:48:40.312 11969 12449 I art     : Starting a blocking GC Explicit
08-04 14:48:40.332 11969 12449 I art     : Explicit concurrent mark sweep GC freed 3(96B) AllocSpace objects, 0(0B) LOS objects, 23% free, 52MB/68MB, paused 417us total 20.044ms
08-04 14:48:40.341 11969 12449 I art     : Starting a blocking GC Explicit
08-04 14:48:40.362 11969 12449 I art     : Explicit concurrent mark sweep GC freed 3(96B) AllocSpace objects, 0(0B) LOS objects, 23% free, 52MB/68MB, paused 418us total 20.248ms
08-04 14:48:40.672 11969 11982 I art     : Starting a blocking GC Explicit
08-04 14:48:40.698 11969 11982 I art     : Explicit concurrent mark sweep GC freed 1340(78KB) AllocSpace objects, 1(20KB) LOS objects, 23% free, 52MB/68MB, paused 503us total 25.688ms
08-04 14:48:40.709 11969 11982 I art     : Starting a blocking GC Explicit
08-04 14:48:40.730 11969 11982 I art     : Explicit concurrent mark sweep GC freed 20(704B) AllocSpace objects, 0(0B) LOS objects, 23% free, 52MB/68MB, paused 433us total 20.548ms
08-04 14:48:40.739 11969 11982 I art     : Starting a blocking GC Explicit
08-04 14:48:40.760 11969 11982 I art     : Explicit concurrent mark sweep GC freed 3(96B) AllocSpace objects, 0(0B) LOS objects, 23% free, 52MB/68MB, paused 413us total 20.808ms
08-04 14:48:40.769 11969 11982 I art     : Starting a blocking GC Explicit
08-04 14:48:40.789 11969 11982 I art     : Explicit concurrent mark sweep GC freed 3(96B) AllocSpace objects, 0(0B) LOS objects, 23% free, 52MB/68MB, paused 418us total 20.301ms
08-04 14:48:40.798 11969 11982 I art     : Starting a blocking GC Explicit
08-04 14:48:40.819 11969 11982 I art     : Explicit concurrent mark sweep GC freed 3(96B) AllocSpace objects, 0(0B) LOS objects, 23% free, 52MB/68MB, paused 420us total 20.489ms
08-04 14:48:41.067  8510  8510 W Atfwd_Sendcmd: AtCmdFwd service not published, waiting... retryCnt : 5
08-04 14:48:41.079 11969 11983 I art     : Starting a blocking GC Explicit
08-04 14:48:41.100 11969 11983 I art     : Explicit concurrent mark sweep GC freed 1340(78KB) AllocSpace objects, 1(20KB) LOS objects, 23% free, 52MB/68MB, paused 477us total 20.438ms
08-04 14:48:41.109 11969 11983 I art     : Starting a blocking GC Explicit
08-04 14:48:41.128 11969 11983 I art     : Explicit concurrent mark sweep GC freed 20(704B) AllocSpace objects, 0(0B) LOS objects, 23% free, 52MB/68MB, paused 432us total 19.264ms
08-04 14:48:41.136 11969 11983 I art     : Starting a blocking GC Explicit
08-04 14:48:41.156 11969 11983 I art     : Explicit concurrent mark sweep GC freed 3(96B) AllocSpace objects, 0(0B) LOS objects, 23% free, 52MB/68MB, paused 419us total 19.712ms
08-04 14:48:41.165 11969 11983 I art     : Starting a blocking GC Explicit
08-04 14:48:41.184 11969 11983 I art     : Explicit concurrent mark sweep GC freed 3(96B) AllocSpace objects, 0(0B) LOS objects, 23% free, 52MB/68MB, paused 441us total 19.227ms
08-04 14:48:41.192 11969 11983 I art     : Starting a blocking GC Explicit
08-04 14:48:41.212 11969 11983 I art     : Explicit concurrent mark sweep GC freed 3(96B) AllocSpace objects, 0(0B) LOS objects, 23% free, 52MB/68MB, paused 421us total 19.502ms
08-04 14:48:41.319 13683 13683 D AndroidRuntime: >>>>>> START com.android.internal.os.RuntimeInit uid 2000 <<<<<<
08-04 14:48:41.324 13683 13683 D AndroidRuntime: CheckJNI is OFF
08-04 14:48:41.363 13683 13683 D ICU     : No timezone override file found: /data/misc/zoneinfo/current/icu/icu_tzdata.dat
08-04 14:48:41.396 13683 13683 I Radio-JNI: register_android_hardware_Radio DONE
08-04 14:48:41.418 13683 13683 D AndroidRuntime: Calling main entry com.android.commands.input.Input
08-04 14:48:41.420 13683 13683 I Input   : injectMotionEvent: MotionEvent { action=ACTION_DOWN, actionButton=0, id[0]=0, x[0]=733.0, y[0]=645.0, toolType[0]=TOOL_TYPE_UNKNOWN, buttonState=0, metaState=0, flags=0x0, edgeFlags=0x0, pointerCount=1, historySize=0, eventTime=715737833, downTime=715737833, deviceId=0, source=0x1002 }
08-04 14:48:41.424 13683 13683 I Input   : injectMotionEvent: MotionEvent { action=ACTION_UP, actionButton=0, id[0]=0, x[0]=733.0, y[0]=645.0, toolType[0]=TOOL_TYPE_UNKNOWN, buttonState=0, metaState=0, flags=0x0, edgeFlags=0x0, pointerCount=1, historySize=0, eventTime=715737833, downTime=715737833, deviceId=0, source=0x1002 }
08-04 14:48:41.425   918  5952 I ActivityManager: START u0 {cmp=baseline.appteam.nith.hillffair/.activities.ClubActivity (has extras)} from uid 10651 on display 0
08-04 14:48:41.434 13683 13683 D AndroidRuntime: Shutting down VM
08-04 14:48:41.495 11969 11982 I art     : Starting a blocking GC Explicit
08-04 14:48:41.516 11969 11982 I art     : Explicit concurrent mark sweep GC freed 5211(326KB) AllocSpace objects, 1(20KB) LOS objects, 23% free, 52MB/68MB, paused 592us total 21.727ms
08-04 14:48:41.519   918   936 I ActivityManager: Displayed baseline.appteam.nith.hillffair/.activities.ClubActivity: +85ms
08-04 14:48:41.519 13866 13866 I GoogleInputMethodServic: GoogleInputMethodService.onFinishInput():3138 
08-04 14:48:41.520 13866 13866 I GoogleInputMethodServic: GoogleInputMethodService.onStartInput():1808 
08-04 14:48:41.524 11969 11982 I art     : Starting a blocking GC Explicit
08-04 14:48:41.547 11969 11982 I art     : Explicit concurrent mark sweep GC freed 299(15KB) AllocSpace objects, 0(0B) LOS objects, 23% free, 52MB/68MB, paused 593us total 22.344ms
08-04 14:48:41.555 11969 11982 I art     : Starting a blocking GC Explicit
08-04 14:48:41.574 11969 11982 I art     : Explicit concurrent mark sweep GC freed 9(304B) AllocSpace objects, 0(0B) LOS objects, 23% free, 52MB/68MB, paused 434us total 18.269ms
08-04 14:48:41.582 11969 11982 I art     : Starting a blocking GC Explicit
08-04 14:48:41.600 11969 11982 I art     : Explicit concurrent mark sweep GC freed 3(96B) AllocSpace objects, 0(0B) LOS objects, 23% free, 52MB/68MB, paused 427us total 17.844ms
08-04 14:48:41.608 11969 11982 I art     : Starting a blocking GC Explicit
08-04 14:48:41.628 11969 11982 I art     : Explicit concurrent mark sweep GC freed 3(96B) AllocSpace objects, 0(0B) LOS objects, 23% free, 52MB/68MB, paused 480us total 20.239ms
08-04 14:48:41.748   380   380 W SurfaceFlinger: couldn't log to binary event log: overflow.
08-04 14:48:41.889 11969 12201 I art     : Starting a blocking GC Explicit
08-04 14:48:41.910 11969 12201 I art     : Explicit concurrent mark sweep GC freed 1441(83KB) AllocSpace objects, 1(20KB) LOS objects, 23% free, 52MB/68MB, paused 486us total 21.158ms
08-04 14:48:41.918 11969 12201 I art     : Starting a blocking GC Explicit
08-04 14:48:41.939 11969 12201 I art     : Explicit concurrent mark sweep GC freed 30(1088B) AllocSpace objects, 0(0B) LOS objects, 23% free, 52MB/68MB, paused 564us total 20.445ms
08-04 14:48:41.947 11969 12201 I art     : Starting a blocking GC Explicit
08-04 14:48:41.967 11969 12201 I art     : Explicit concurrent mark sweep GC freed 13(480B) AllocSpace objects, 0(0B) LOS objects, 23% free, 52MB/68MB, paused 463us total 19.034ms
08-04 14:48:41.974 11969 12201 I art     : Starting a blocking GC Explicit
08-04 14:48:41.994 11969 12201 I art     : Explicit concurrent mark sweep GC freed 10(352B) AllocSpace objects, 0(0B) LOS objects, 23% free, 52MB/68MB, paused 464us total 19.028ms
08-04 14:48:42.002 11969 12201 I art     : Starting a blocking GC Explicit
08-04 14:48:42.021 11969 12201 I art     : Explicit concurrent mark sweep GC freed 603(52KB) AllocSpace objects, 2(120KB) LOS objects, 23% free, 52MB/68MB, paused 547us total 19.132ms
08-04 14:48:42.051 11969 13716 D OkHttp  : --> GET https://api-hillfair-2k16.herokuapp.com/api/app/events/special/event?id=5806551bdcba0f490c70fd1f http/1.1
08-04 14:48:42.080 11969 13716 D OkHttp  : <-- 200 OK https://api-hillfair-2k16.herokuapp.com/api/app/events/special/event?id=5806551bdcba0f490c70fd1f (29ms, 795-byte body)
08-04 14:48:42.131 11969 11969 I NAPPA_EXPERIMENTATION: MetricNetworkRequestExecutionTime: REQUEST_DURATION_SYSTEM='672',REQUEST_DURATION_OKHTTP='29',REQUEST_SYNCHRONOUS='FALSE',RESPONSE_CODE='200',RESPONSE_METHOD='GET',RESPONSE_LENGTH_OKHTTP='795',RESPONSE_LENGTH_HEADER='795',REQUEST_PROTOCOL='http/1.1',REQUEST_URL='https://api-hillfair-2k16.herokuapp.com/api/app/events/special/event?id=5806551bdcba0f490c70fd1f',
08-04 14:48:42.299 11969 12201 I art     : Starting a blocking GC Explicit
08-04 14:48:42.322 11969 12201 I art     : Explicit concurrent mark sweep GC freed 4246(262KB) AllocSpace objects, 2(100KB) LOS objects, 23% free, 52MB/68MB, paused 480us total 23.154ms
08-04 14:48:42.331 11969 12201 I art     : Starting a blocking GC Explicit
08-04 14:48:42.353 11969 12201 I art     : Explicit concurrent mark sweep GC freed 958(115KB) AllocSpace objects, 0(0B) LOS objects, 23% free, 52MB/68MB, paused 477us total 21.567ms
08-04 14:48:42.361 11969 12201 I art     : Starting a blocking GC Explicit
08-04 14:48:42.382 11969 12201 I art     : Explicit concurrent mark sweep GC freed 3(96B) AllocSpace objects, 0(0B) LOS objects, 23% free, 52MB/68MB, paused 546us total 20.408ms
08-04 14:48:42.391 11969 12201 I art     : Starting a blocking GC Explicit
08-04 14:48:42.411 11969 12201 I art     : Explicit concurrent mark sweep GC freed 3(96B) AllocSpace objects, 0(0B) LOS objects, 23% free, 52MB/68MB, paused 455us total 20.682ms
08-04 14:48:42.420 11969 12201 I art     : Starting a blocking GC Explicit
08-04 14:48:42.440 11969 12201 I art     : Explicit concurrent mark sweep GC freed 3(96B) AllocSpace objects, 0(0B) LOS objects, 23% free, 52MB/68MB, paused 418us total 20.031ms
08-04 14:48:42.718 11969 12449 I art     : Starting a blocking GC Explicit
08-04 14:48:42.745 11969 12449 I art     : Explicit concurrent mark sweep GC freed 1341(78KB) AllocSpace objects, 1(20KB) LOS objects, 23% free, 52MB/68MB, paused 491us total 26.666ms
08-04 14:48:42.754 11969 12449 I art     : Starting a blocking GC Explicit
08-04 14:48:42.776 11969 12449 I art     : Explicit concurrent mark sweep GC freed 36(1264B) AllocSpace objects, 0(0B) LOS objects, 23% free, 52MB/68MB, paused 440us total 21.343ms
08-04 14:48:42.784 11969 12449 I art     : Starting a blocking GC Explicit
08-04 14:48:42.806 11969 12449 I art     : Explicit concurrent mark sweep GC freed 3(96B) AllocSpace objects, 0(0B) LOS objects, 23% free, 52MB/68MB, paused 440us total 21.025ms
08-04 14:48:42.814 11969 12449 I art     : Starting a blocking GC Explicit
08-04 14:48:42.836 11969 12449 I art     : Explicit concurrent mark sweep GC freed 3(96B) AllocSpace objects, 0(0B) LOS objects, 23% free, 52MB/68MB, paused 437us total 21.837ms
08-04 14:48:42.845 11969 12449 I art     : Starting a blocking GC Explicit
08-04 14:48:42.867 11969 12449 I art     : Explicit concurrent mark sweep GC freed 3(96B) AllocSpace objects, 0(0B) LOS objects, 23% free, 52MB/68MB, paused 511us total 21.382ms
08-04 14:48:43.162 11969 11982 I art     : Starting a blocking GC Explicit
08-04 14:48:43.193 11969 11982 I art     : Explicit concurrent mark sweep GC freed 1341(78KB) AllocSpace objects, 1(20KB) LOS objects, 23% free, 52MB/68MB, paused 517us total 30.195ms
08-04 14:48:43.205 11969 11982 I art     : Starting a blocking GC Explicit
08-04 14:48:43.226 11969 11982 I art     : Explicit concurrent mark sweep GC freed 20(704B) AllocSpace objects, 0(0B) LOS objects, 23% free, 52MB/68MB, paused 445us total 21.143ms
08-04 14:48:43.235 11969 11982 I art     : Starting a blocking GC Explicit
08-04 14:48:43.256 11969 11982 I art     : Explicit concurrent mark sweep GC freed 3(96B) AllocSpace objects, 0(0B) LOS objects, 23% free, 52MB/68MB, paused 457us total 21.386ms
08-04 14:48:43.265 11969 11982 I art     : Starting a blocking GC Explicit
08-04 14:48:43.287 11969 11982 I art     : Explicit concurrent mark sweep GC freed 3(96B) AllocSpace objects, 0(0B) LOS objects, 23% free, 52MB/68MB, paused 576us total 21.833ms
08-04 14:48:43.296 11969 11982 I art     : Starting a blocking GC Explicit
08-04 14:48:43.317 11969 11982 I art     : Explicit concurrent mark sweep GC freed 3(96B) AllocSpace objects, 0(0B) LOS objects, 23% free, 52MB/68MB, paused 467us total 21.244ms
08-04 14:48:43.563   918  3261 D WifiStateMachine: starting scan for "H369AA63323"WPA_PSK with 2412,5180
08-04 14:48:43.635 11969 11983 I art     : Starting a blocking GC Explicit
08-04 14:48:43.659 11969 11983 I art     : Explicit concurrent mark sweep GC freed 1341(78KB) AllocSpace objects, 1(20KB) LOS objects, 23% free, 52MB/68MB, paused 455us total 23.536ms
08-04 14:48:43.668 11969 11983 I art     : Starting a blocking GC Explicit
08-04 14:48:43.689 11969 11983 I art     : Explicit concurrent mark sweep GC freed 20(704B) AllocSpace objects, 0(0B) LOS objects, 23% free, 52MB/68MB, paused 448us total 21.174ms
08-04 14:48:43.698 11969 11983 I art     : Starting a blocking GC Explicit
08-04 14:48:43.719 11969 11983 I art     : Explicit concurrent mark sweep GC freed 3(96B) AllocSpace objects, 0(0B) LOS objects, 23% free, 52MB/68MB, paused 453us total 21.244ms
08-04 14:48:43.728 11969 11983 I art     : Starting a blocking GC Explicit
08-04 14:48:43.750 11969 11983 I art     : Explicit concurrent mark sweep GC freed 3(96B) AllocSpace objects, 0(0B) LOS objects, 23% free, 52MB/68MB, paused 508us total 21.575ms
08-04 14:48:43.759 11969 11983 I art     : Starting a blocking GC Explicit
08-04 14:48:43.780 11969 11983 I art     : Explicit concurrent mark sweep GC freed 3(96B) AllocSpace objects, 0(0B) LOS objects, 23% free, 52MB/68MB, paused 445us total 20.951ms
08-04 14:48:44.095 11969 12201 I art     : Starting a blocking GC Explicit
08-04 14:48:44.123 11969 12201 I art     : Explicit concurrent mark sweep GC freed 1341(78KB) AllocSpace objects, 1(20KB) LOS objects, 23% free, 52MB/68MB, paused 469us total 27.876ms
08-04 14:48:44.132 11969 12201 I art     : Starting a blocking GC Explicit
08-04 14:48:44.154 11969 12201 I art     : Explicit concurrent mark sweep GC freed 20(704B) AllocSpace objects, 0(0B) LOS objects, 23% free, 52MB/68MB, paused 447us total 21.770ms
08-04 14:48:44.163 11969 12201 I art     : Starting a blocking GC Explicit
08-04 14:48:44.185 11969 12201 I art     : Explicit concurrent mark sweep GC freed 3(96B) AllocSpace objects, 0(0B) LOS objects, 23% free, 52MB/68MB, paused 433us total 21.542ms
08-04 14:48:44.194 11969 12201 I art     : Starting a blocking GC Explicit
08-04 14:48:44.215 11969 12201 I art     : Explicit concurrent mark sweep GC freed 3(96B) AllocSpace objects, 0(0B) LOS objects, 23% free, 52MB/68MB, paused 467us total 21.002ms
08-04 14:48:44.224 11969 12201 I art     : Starting a blocking GC Explicit
08-04 14:48:44.245 11969 12201 I art     : Explicit concurrent mark sweep GC freed 3(96B) AllocSpace objects, 0(0B) LOS objects, 23% free, 52MB/68MB, paused 449us total 21.464ms
08-04 14:48:44.562 11969 12449 I art     : Starting a blocking GC Explicit
08-04 14:48:44.586 11969 12449 I art     : Explicit concurrent mark sweep GC freed 1341(78KB) AllocSpace objects, 1(20KB) LOS objects, 23% free, 52MB/68MB, paused 439us total 23.784ms
08-04 14:48:44.595 11969 12449 I art     : Starting a blocking GC Explicit
08-04 14:48:44.617 11969 12449 I art     : Explicit concurrent mark sweep GC freed 20(704B) AllocSpace objects, 0(0B) LOS objects, 23% free, 52MB/68MB, paused 504us total 21.744ms
08-04 14:48:44.626 11969 12449 I art     : Starting a blocking GC Explicit
08-04 14:48:44.648 11969 12449 I art     : Explicit concurrent mark sweep GC freed 3(96B) AllocSpace objects, 0(0B) LOS objects, 23% free, 52MB/68MB, paused 452us total 21.806ms
08-04 14:48:44.657 11969 12449 I art     : Starting a blocking GC Explicit
08-04 14:48:44.678 11969 12449 I art     : Explicit concurrent mark sweep GC freed 3(96B) AllocSpace objects, 0(0B) LOS objects, 23% free, 52MB/68MB, paused 447us total 21.439ms
08-04 14:48:44.687 11969 12449 I art     : Starting a blocking GC Explicit
08-04 14:48:44.709 11969 12449 I art     : Explicit concurrent mark sweep GC freed 3(96B) AllocSpace objects, 0(0B) LOS objects, 23% free, 52MB/68MB, paused 498us total 21.763ms
08-04 14:48:44.998 11969 11982 I art     : Starting a blocking GC Explicit
08-04 14:48:45.024 11969 11982 I art     : Explicit concurrent mark sweep GC freed 1341(78KB) AllocSpace objects, 1(20KB) LOS objects, 23% free, 52MB/68MB, paused 527us total 25.257ms
08-04 14:48:45.032 11969 11982 I art     : Starting a blocking GC Explicit
08-04 14:48:45.054 11969 11982 I art     : Explicit concurrent mark sweep GC freed 20(704B) AllocSpace objects, 0(0B) LOS objects, 23% free, 52MB/68MB, paused 431us total 21.741ms
08-04 14:48:45.063 11969 11982 I art     : Starting a blocking GC Explicit
08-04 14:48:45.085 11969 11982 I art     : Explicit concurrent mark sweep GC freed 3(96B) AllocSpace objects, 0(0B) LOS objects, 23% free, 52MB/68MB, paused 435us total 21.463ms
08-04 14:48:45.093 11969 11982 I art     : Starting a blocking GC Explicit
08-04 14:48:45.115 11969 11982 I art     : Explicit concurrent mark sweep GC freed 3(96B) AllocSpace objects, 0(0B) LOS objects, 23% free, 52MB/68MB, paused 439us total 21.060ms
08-04 14:48:45.123 11969 11982 I art     : Starting a blocking GC Explicit
08-04 14:48:45.145 11969 11982 I art     : Explicit concurrent mark sweep GC freed 3(96B) AllocSpace objects, 0(0B) LOS objects, 23% free, 52MB/68MB, paused 450us total 21.054ms
08-04 14:48:45.461 11969 11983 I art     : Starting a blocking GC Explicit
08-04 14:48:45.488 11969 11983 I art     : Explicit concurrent mark sweep GC freed 1341(78KB) AllocSpace objects, 1(20KB) LOS objects, 23% free, 52MB/68MB, paused 506us total 26.922ms
08-04 14:48:45.500 11969 11983 I art     : Starting a blocking GC Explicit
08-04 14:48:45.525 11969 11983 I art     : Explicit concurrent mark sweep GC freed 20(704B) AllocSpace objects, 0(0B) LOS objects, 23% free, 52MB/68MB, paused 458us total 23.987ms
08-04 14:48:45.533 11969 11983 I art     : Starting a blocking GC Explicit
08-04 14:48:45.555 11969 11983 I art     : Explicit concurrent mark sweep GC freed 3(96B) AllocSpace objects, 0(0B) LOS objects, 23% free, 52MB/68MB, paused 452us total 21.768ms
08-04 14:48:45.564 11969 11983 I art     : Starting a blocking GC Explicit
08-04 14:48:45.586 11969 11983 I art     : Explicit concurrent mark sweep GC freed 3(96B) AllocSpace objects, 0(0B) LOS objects, 23% free, 52MB/68MB, paused 449us total 21.552ms
08-04 14:48:45.595 11969 11983 I art     : Starting a blocking GC Explicit
08-04 14:48:45.617 11969 11983 I art     : Explicit concurrent mark sweep GC freed 3(96B) AllocSpace objects, 0(0B) LOS objects, 23% free, 52MB/68MB, paused 516us total 21.363ms
08-04 14:48:45.876 11969 12201 I art     : Starting a blocking GC Explicit
08-04 14:48:45.898 11969 12201 I art     : Explicit concurrent mark sweep GC freed 1341(78KB) AllocSpace objects, 1(20KB) LOS objects, 23% free, 52MB/68MB, paused 499us total 21.250ms
08-04 14:48:45.906 11969 12201 I art     : Starting a blocking GC Explicit
08-04 14:48:45.927 11969 12201 I art     : Explicit concurrent mark sweep GC freed 20(704B) AllocSpace objects, 0(0B) LOS objects, 23% free, 52MB/68MB, paused 496us total 20.297ms
08-04 14:48:45.935 11969 12201 I art     : Starting a blocking GC Explicit
08-04 14:48:45.955 11969 12201 I art     : Explicit concurrent mark sweep GC freed 3(96B) AllocSpace objects, 0(0B) LOS objects, 23% free, 52MB/68MB, paused 449us total 19.556ms
08-04 14:48:45.963 11969 12201 I art     : Starting a blocking GC Explicit
08-04 14:48:45.983 11969 12201 I art     : Explicit concurrent mark sweep GC freed 3(96B) AllocSpace objects, 0(0B) LOS objects, 23% free, 52MB/68MB, paused 439us total 20.071ms
08-04 14:48:45.991 11969 12201 I art     : Starting a blocking GC Explicit
08-04 14:48:46.011 11969 12201 I art     : Explicit concurrent mark sweep GC freed 3(96B) AllocSpace objects, 0(0B) LOS objects, 23% free, 52MB/68MB, paused 439us total 19.807ms
08-04 14:48:46.107 13809 13809 D AndroidRuntime: >>>>>> START com.android.internal.os.RuntimeInit uid 2000 <<<<<<
08-04 14:48:46.112 13809 13809 D AndroidRuntime: CheckJNI is OFF
08-04 14:48:46.150 13809 13809 D ICU     : No timezone override file found: /data/misc/zoneinfo/current/icu/icu_tzdata.dat
08-04 14:48:46.183 13809 13809 I Radio-JNI: register_android_hardware_Radio DONE
08-04 14:48:46.205 13809 13809 D AndroidRuntime: Calling main entry com.android.commands.input.Input
08-04 14:48:46.206 13809 13809 I Input   : injectKeyEvent: KeyEvent { action=ACTION_DOWN, keyCode=KEYCODE_BACK, scanCode=0, metaState=0, flags=0x0, repeatCount=0, eventTime=715742620, downTime=715742620, deviceId=-1, source=0x101 }
08-04 14:48:46.212 13809 13809 I Input   : injectKeyEvent: KeyEvent { action=ACTION_UP, keyCode=KEYCODE_BACK, scanCode=0, metaState=0, flags=0x0, repeatCount=0, eventTime=715742620, downTime=715742620, deviceId=-1, source=0x101 }
08-04 14:48:46.217 13809 13809 D AndroidRuntime: Shutting down VM
08-04 14:48:46.261 13866 13866 I GoogleInputMethodServic: GoogleInputMethodService.onFinishInput():3138 
08-04 14:48:46.262 13866 13866 I GoogleInputMethodServic: GoogleInputMethodService.onStartInput():1808 
08-04 14:48:46.289 11969 11982 I art     : Starting a blocking GC Explicit
08-04 14:48:46.311 11969 11982 I art     : Explicit concurrent mark sweep GC freed 1509(85KB) AllocSpace objects, 1(20KB) LOS objects, 23% free, 52MB/68MB, paused 520us total 21.689ms
08-04 14:48:46.319 11969 11982 I art     : Starting a blocking GC Explicit
08-04 14:48:46.338 11969 11982 I art     : Explicit concurrent mark sweep GC freed 27(992B) AllocSpace objects, 0(0B) LOS objects, 23% free, 52MB/68MB, paused 410us total 18.422ms
08-04 14:48:46.345 11969 11982 I art     : Starting a blocking GC Explicit
08-04 14:48:46.366 11969 11982 I art     : Explicit concurrent mark sweep GC freed 3(96B) AllocSpace objects, 0(0B) LOS objects, 23% free, 52MB/68MB, paused 436us total 20.249ms
08-04 14:48:46.375 11969 11982 I art     : Starting a blocking GC Explicit
08-04 14:48:46.396 11969 11982 I art     : Explicit concurrent mark sweep GC freed 3(96B) AllocSpace objects, 0(0B) LOS objects, 23% free, 52MB/68MB, paused 443us total 21.404ms
08-04 14:48:46.405 11969 11982 I art     : Starting a blocking GC Explicit
08-04 14:48:46.431 11969 11982 I art     : Explicit concurrent mark sweep GC freed 3(96B) AllocSpace objects, 0(0B) LOS objects, 23% free, 52MB/68MB, paused 476us total 24.923ms
08-04 14:48:46.552   380   380 W SurfaceFlinger: couldn't log to binary event log: overflow.
08-04 14:48:46.678 11969 12449 I art     : Starting a blocking GC Explicit
08-04 14:48:46.700 11969 12449 I art     : Explicit concurrent mark sweep GC freed 1450(87KB) AllocSpace objects, 1(20KB) LOS objects, 23% free, 52MB/68MB, paused 441us total 21.655ms
08-04 14:48:46.709 11969 12449 I art     : Starting a blocking GC Explicit
08-04 14:48:46.730 11969 12449 I art     : Explicit concurrent mark sweep GC freed 1672(107KB) AllocSpace objects, 3(400KB) LOS objects, 23% free, 52MB/68MB, paused 453us total 20.906ms
08-04 14:48:46.738 11969 12449 I art     : Starting a blocking GC Explicit
08-04 14:48:46.759 11969 12449 I art     : Explicit concurrent mark sweep GC freed 3(96B) AllocSpace objects, 0(0B) LOS objects, 23% free, 52MB/68MB, paused 444us total 20.167ms
08-04 14:48:46.767 11969 12449 I art     : Starting a blocking GC Explicit
08-04 14:48:46.788 11969 12449 I art     : Explicit concurrent mark sweep GC freed 3(96B) AllocSpace objects, 0(0B) LOS objects, 23% free, 52MB/68MB, paused 478us total 20.031ms
08-04 14:48:46.796 11969 12449 I art     : Starting a blocking GC Explicit
08-04 14:48:46.817 11969 12449 I art     : Explicit concurrent mark sweep GC freed 3(96B) AllocSpace objects, 0(0B) LOS objects, 23% free, 52MB/68MB, paused 537us total 20.892ms
08-04 14:48:47.107 11969 11983 I art     : Starting a blocking GC Explicit
08-04 14:48:47.136 11969 11983 I art     : Explicit concurrent mark sweep GC freed 1341(78KB) AllocSpace objects, 1(20KB) LOS objects, 23% free, 52MB/68MB, paused 513us total 28.613ms
08-04 14:48:47.147 11969 11983 I art     : Starting a blocking GC Explicit
08-04 14:48:47.169 11969 11983 I art     : Explicit concurrent mark sweep GC freed 20(704B) AllocSpace objects, 0(0B) LOS objects, 23% free, 52MB/68MB, paused 454us total 21.349ms
08-04 14:48:47.178 11969 11983 I art     : Starting a blocking GC Explicit
08-04 14:48:47.198 11969 11983 I art     : Explicit concurrent mark sweep GC freed 3(96B) AllocSpace objects, 0(0B) LOS objects, 23% free, 52MB/68MB, paused 435us total 20.449ms
08-04 14:48:47.207 11969 11983 I art     : Starting a blocking GC Explicit
08-04 14:48:47.228 11969 11983 I art     : Explicit concurrent mark sweep GC freed 3(96B) AllocSpace objects, 0(0B) LOS objects, 23% free, 52MB/68MB, paused 476us total 20.335ms
08-04 14:48:47.236 11969 11983 I art     : Starting a blocking GC Explicit
08-04 14:48:47.257 11969 11983 I art     : Explicit concurrent mark sweep GC freed 3(96B) AllocSpace objects, 0(0B) LOS objects, 23% free, 52MB/68MB, paused 419us total 20.868ms
08-04 14:48:47.538 11969 12201 I art     : Starting a blocking GC Explicit
08-04 14:48:47.558 11969 12201 I art     : Explicit concurrent mark sweep GC freed 1340(78KB) AllocSpace objects, 1(20KB) LOS objects, 23% free, 52MB/68MB, paused 465us total 20.180ms
08-04 14:48:47.567 11969 12201 I art     : Starting a blocking GC Explicit
08-04 14:48:47.587 11969 12201 I art     : Explicit concurrent mark sweep GC freed 20(704B) AllocSpace objects, 0(0B) LOS objects, 23% free, 52MB/68MB, paused 487us total 20.309ms
08-04 14:48:47.596 11969 12201 I art     : Starting a blocking GC Explicit
08-04 14:48:47.616 11969 12201 I art     : Explicit concurrent mark sweep GC freed 3(96B) AllocSpace objects, 0(0B) LOS objects, 23% free, 52MB/68MB, paused 449us total 19.875ms
08-04 14:48:47.624 11969 12201 I art     : Starting a blocking GC Explicit
08-04 14:48:47.644 11969 12201 I art     : Explicit concurrent mark sweep GC freed 3(96B) AllocSpace objects, 0(0B) LOS objects, 23% free, 52MB/68MB, paused 447us total 19.427ms
08-04 14:48:47.652 11969 12201 I art     : Starting a blocking GC Explicit
08-04 14:48:47.672 11969 12201 I art     : Explicit concurrent mark sweep GC freed 3(96B) AllocSpace objects, 0(0B) LOS objects, 23% free, 52MB/68MB, paused 448us total 19.554ms
08-04 14:48:47.877 13875 13875 D AndroidRuntime: >>>>>> START com.android.internal.os.RuntimeInit uid 2000 <<<<<<
08-04 14:48:47.882 13875 13875 D AndroidRuntime: CheckJNI is OFF
08-04 14:48:47.916 13875 13875 D ICU     : No timezone override file found: /data/misc/zoneinfo/current/icu/icu_tzdata.dat
08-04 14:48:47.940 11969 11982 I art     : Starting a blocking GC Explicit
08-04 14:48:47.951 13875 13875 I Radio-JNI: register_android_hardware_Radio DONE
08-04 14:48:47.961 11969 11982 I art     : Explicit concurrent mark sweep GC freed 1340(78KB) AllocSpace objects, 1(20KB) LOS objects, 23% free, 52MB/68MB, paused 480us total 20.825ms
08-04 14:48:47.970 11969 11982 I art     : Starting a blocking GC Explicit
08-04 14:48:47.974 13875 13875 D AndroidRuntime: Calling main entry com.android.commands.input.Input
08-04 14:48:47.976 13875 13875 I Input   : injectKeyEvent: KeyEvent { action=ACTION_DOWN, keyCode=KEYCODE_BACK, scanCode=0, metaState=0, flags=0x0, repeatCount=0, eventTime=715744389, downTime=715744389, deviceId=-1, source=0x101 }
08-04 14:48:47.982 13875 13875 I Input   : injectKeyEvent: KeyEvent { action=ACTION_UP, keyCode=KEYCODE_BACK, scanCode=0, metaState=0, flags=0x0, repeatCount=0, eventTime=715744389, downTime=715744389, deviceId=-1, source=0x101 }
08-04 14:48:47.988 13875 13875 D AndroidRuntime: Shutting down VM
08-04 14:48:47.990 11969 11982 I art     : Explicit concurrent mark sweep GC freed 42(1488B) AllocSpace objects, 0(0B) LOS objects, 23% free, 52MB/68MB, paused 553us total 19.349ms
08-04 14:48:47.998 11969 11982 I art     : Starting a blocking GC Explicit
08-04 14:48:48.017 11969 11982 I art     : Explicit concurrent mark sweep GC freed 128(6KB) AllocSpace objects, 0(0B) LOS objects, 23% free, 52MB/68MB, paused 531us total 18.602ms
08-04 14:48:48.025 11969 11982 I art     : Starting a blocking GC Explicit
08-04 14:48:48.032 13866 13866 I GoogleInputMethodServic: GoogleInputMethodService.onFinishInput():3138 
08-04 14:48:48.033 13866 13866 I GoogleInputMethodServic: GoogleInputMethodService.onStartInput():1808 
08-04 14:48:48.043 11969 11982 I art     : Explicit concurrent mark sweep GC freed 50(1792B) AllocSpace objects, 0(0B) LOS objects, 23% free, 52MB/68MB, paused 425us total 18.244ms
08-04 14:48:48.051 11969 11982 I art     : Starting a blocking GC Explicit
08-04 14:48:48.070 11969 11982 I art     : Explicit concurrent mark sweep GC freed 23(784B) AllocSpace objects, 0(0B) LOS objects, 23% free, 52MB/68MB, paused 467us total 18.547ms
08-04 14:48:48.344 11969 11982 I art     : Starting a blocking GC Explicit
08-04 14:48:48.364 11969 11982 I art     : Explicit concurrent mark sweep GC freed 1980(109KB) AllocSpace objects, 1(20KB) LOS objects, 23% free, 52MB/68MB, paused 418us total 20.434ms
08-04 14:48:48.373 11969 11982 I art     : Starting a blocking GC Explicit
08-04 14:48:48.392 11969 11982 I art     : Explicit concurrent mark sweep GC freed 2106(128KB) AllocSpace objects, 2(140KB) LOS objects, 23% free, 52MB/68MB, paused 442us total 19.477ms
08-04 14:48:48.401 11969 11982 I art     : Starting a blocking GC Explicit
08-04 14:48:48.420 11969 11982 I art     : Explicit concurrent mark sweep GC freed 3(96B) AllocSpace objects, 0(0B) LOS objects, 23% free, 52MB/68MB, paused 441us total 18.813ms
08-04 14:48:48.428 11969 11982 I art     : Starting a blocking GC Explicit
08-04 14:48:48.447 11969 11982 I art     : Explicit concurrent mark sweep GC freed 3(96B) AllocSpace objects, 0(0B) LOS objects, 23% free, 52MB/68MB, paused 463us total 18.858ms
08-04 14:48:48.456 11969 11982 I art     : Starting a blocking GC Explicit
08-04 14:48:48.476 11969 11982 I art     : Explicit concurrent mark sweep GC freed 3(96B) AllocSpace objects, 0(0B) LOS objects, 23% free, 52MB/68MB, paused 447us total 20.043ms
08-04 14:48:48.766 11969 12449 I art     : Starting a blocking GC Explicit
08-04 14:48:48.792 11969 12449 I art     : Explicit concurrent mark sweep GC freed 1340(78KB) AllocSpace objects, 1(20KB) LOS objects, 23% free, 52MB/68MB, paused 520us total 25.349ms
08-04 14:48:48.808 11969 12449 I art     : Starting a blocking GC Explicit
08-04 14:48:48.829 11969 12449 I art     : Explicit concurrent mark sweep GC freed 20(704B) AllocSpace objects, 0(0B) LOS objects, 23% free, 52MB/68MB, paused 512us total 20.582ms
08-04 14:48:48.838 11969 12449 I art     : Starting a blocking GC Explicit
08-04 14:48:48.858 11969 12449 I art     : Explicit concurrent mark sweep GC freed 3(96B) AllocSpace objects, 0(0B) LOS objects, 23% free, 52MB/68MB, paused 456us total 19.900ms
08-04 14:48:48.866 11969 12449 I art     : Starting a blocking GC Explicit
08-04 14:48:48.886 11969 12449 I art     : Explicit concurrent mark sweep GC freed 3(96B) AllocSpace objects, 0(0B) LOS objects, 23% free, 52MB/68MB, paused 442us total 19.670ms
08-04 14:48:48.895 11969 12449 I art     : Starting a blocking GC Explicit
08-04 14:48:48.915 11969 12449 I art     : Explicit concurrent mark sweep GC freed 3(96B) AllocSpace objects, 0(0B) LOS objects, 23% free, 52MB/68MB, paused 432us total 19.730ms
08-04 14:48:49.196 11969 11983 I art     : Starting a blocking GC Explicit
08-04 14:48:49.220 11969 11983 I art     : Explicit concurrent mark sweep GC freed 1338(78KB) AllocSpace objects, 1(20KB) LOS objects, 23% free, 52MB/68MB, paused 480us total 23.067ms
08-04 14:48:49.232 11969 11983 I art     : Starting a blocking GC Explicit
08-04 14:48:49.251 11969 11983 I art     : Explicit concurrent mark sweep GC freed 20(704B) AllocSpace objects, 0(0B) LOS objects, 23% free, 52MB/68MB, paused 470us total 18.879ms
08-04 14:48:49.259 11969 11983 I art     : Starting a blocking GC Explicit
08-04 14:48:49.278 11969 11983 I art     : Explicit concurrent mark sweep GC freed 3(96B) AllocSpace objects, 0(0B) LOS objects, 23% free, 52MB/68MB, paused 461us total 18.424ms
08-04 14:48:49.286 11969 11983 I art     : Starting a blocking GC Explicit
08-04 14:48:49.304 11969 11983 I art     : Explicit concurrent mark sweep GC freed 3(96B) AllocSpace objects, 0(0B) LOS objects, 23% free, 52MB/68MB, paused 440us total 18.292ms
08-04 14:48:49.313 11969 11983 I art     : Starting a blocking GC Explicit
08-04 14:48:49.332 11969 11983 I art     : Explicit concurrent mark sweep GC freed 3(96B) AllocSpace objects, 0(0B) LOS objects, 23% free, 52MB/68MB, paused 448us total 18.694ms
08-04 14:48:49.610 11969 12201 I art     : Starting a blocking GC Explicit
08-04 14:48:49.631 11969 12201 I art     : Explicit concurrent mark sweep GC freed 1338(78KB) AllocSpace objects, 1(20KB) LOS objects, 23% free, 52MB/68MB, paused 497us total 20.067ms
08-04 14:48:49.633 13945 13945 D AndroidRuntime: >>>>>> START com.android.internal.os.RuntimeInit uid 2000 <<<<<<
08-04 14:48:49.638 13945 13945 D AndroidRuntime: CheckJNI is OFF
08-04 14:48:49.640 11969 12201 I art     : Starting a blocking GC Explicit
08-04 14:48:49.658 11969 12201 I art     : Explicit concurrent mark sweep GC freed 20(704B) AllocSpace objects, 0(0B) LOS objects, 23% free, 52MB/68MB, paused 466us total 18.776ms
08-04 14:48:49.666 11969 12201 I art     : Starting a blocking GC Explicit
08-04 14:48:49.675 13945 13945 D ICU     : No timezone override file found: /data/misc/zoneinfo/current/icu/icu_tzdata.dat
08-04 14:48:49.685 11969 12201 I art     : Explicit concurrent mark sweep GC freed 3(96B) AllocSpace objects, 0(0B) LOS objects, 23% free, 52MB/68MB, paused 520us total 18.836ms
08-04 14:48:49.694 11969 12201 I art     : Starting a blocking GC Explicit
08-04 14:48:49.710 13945 13945 I Radio-JNI: register_android_hardware_Radio DONE
08-04 14:48:49.712 11969 12201 I art     : Explicit concurrent mark sweep GC freed 3(96B) AllocSpace objects, 0(0B) LOS objects, 23% free, 52MB/68MB, paused 506us total 18.547ms
08-04 14:48:49.721 11969 12201 I art     : Starting a blocking GC Explicit
08-04 14:48:49.733 13945 13945 D AndroidRuntime: Calling main entry com.android.commands.input.Input
08-04 14:48:49.735 13945 13945 I Input   : injectMotionEvent: MotionEvent { action=ACTION_DOWN, actionButton=0, id[0]=0, x[0]=1053.0, y[0]=1173.0, toolType[0]=TOOL_TYPE_UNKNOWN, buttonState=0, metaState=0, flags=0x0, edgeFlags=0x0, pointerCount=1, historySize=0, eventTime=715746147, downTime=715746147, deviceId=0, source=0x1002 }
08-04 14:48:49.739 11969 12201 I art     : Explicit concurrent mark sweep GC freed 4(128B) AllocSpace objects, 0(0B) LOS objects, 23% free, 52MB/68MB, paused 492us total 17.564ms
08-04 14:48:49.740 13945 13945 I Input   : injectMotionEvent: MotionEvent { action=ACTION_UP, actionButton=0, id[0]=0, x[0]=1053.0, y[0]=1173.0, toolType[0]=TOOL_TYPE_UNKNOWN, buttonState=0, metaState=0, flags=0x0, edgeFlags=0x0, pointerCount=1, historySize=0, eventTime=715746147, downTime=715746147, deviceId=0, source=0x1002 }
08-04 14:48:49.742   918  3670 I ActivityManager: START u0 {cmp=baseline.appteam.nith.hillffair/.activities.QuizActivity} from uid 10651 on display 0
08-04 14:48:49.749 13945 13945 D AndroidRuntime: Shutting down VM
08-04 14:48:49.869   918   936 I ActivityManager: Displayed baseline.appteam.nith.hillffair/.activities.QuizActivity: +120ms
08-04 14:48:49.873 13866 13866 I GoogleInputMethodServic: GoogleInputMethodService.onFinishInput():3138 
08-04 14:48:49.873 13866 13866 I GoogleInputMethodServic: GoogleInputMethodService.onStartInput():1808 
08-04 14:48:49.982 11969 11983 I art     : Starting a blocking GC Explicit
08-04 14:48:50.009 11969 11983 I art     : Explicit concurrent mark sweep GC freed 2183(143KB) AllocSpace objects, 1(20KB) LOS objects, 23% free, 52MB/68MB, paused 486us total 26.693ms
08-04 14:48:50.021 11969 11983 I art     : Starting a blocking GC Explicit
08-04 14:48:50.047 11969 11983 I art     : Explicit concurrent mark sweep GC freed 180(8KB) AllocSpace objects, 0(0B) LOS objects, 23% free, 52MB/68MB, paused 437us total 25.837ms
08-04 14:48:50.058 11969 11983 I art     : Starting a blocking GC Explicit
08-04 14:48:50.081 11969 11983 I art     : Explicit concurrent mark sweep GC freed 3(96B) AllocSpace objects, 0(0B) LOS objects, 23% free, 52MB/68MB, paused 412us total 23.619ms
08-04 14:48:50.091 11969 11983 I art     : Starting a blocking GC Explicit
08-04 14:48:50.115 11969 11983 I art     : Explicit concurrent mark sweep GC freed 3(96B) AllocSpace objects, 0(0B) LOS objects, 23% free, 52MB/68MB, paused 435us total 22.998ms
08-04 14:48:50.124   380   380 W SurfaceFlinger: couldn't log to binary event log: overflow.
08-04 14:48:50.125 11969 11983 I art     : Starting a blocking GC Explicit
08-04 14:48:50.145 11969 11983 I art     : Explicit concurrent mark sweep GC freed 3(96B) AllocSpace objects, 0(0B) LOS objects, 23% free, 52MB/68MB, paused 405us total 19.817ms
08-04 14:48:50.431 11969 11983 I art     : Starting a blocking GC Explicit
08-04 14:48:50.458 11969 11983 I art     : Explicit concurrent mark sweep GC freed 1410(82KB) AllocSpace objects, 1(20KB) LOS objects, 23% free, 52MB/68MB, paused 683us total 26.195ms
08-04 14:48:50.469 11969 11983 I art     : Starting a blocking GC Explicit
08-04 14:48:50.490 11969 11983 I art     : Explicit concurrent mark sweep GC freed 20(704B) AllocSpace objects, 0(0B) LOS objects, 23% free, 52MB/68MB, paused 451us total 20.761ms
08-04 14:48:50.499 11969 11983 I art     : Starting a blocking GC Explicit
08-04 14:48:50.521 11969 11983 I art     : Explicit concurrent mark sweep GC freed 3(96B) AllocSpace objects, 0(0B) LOS objects, 23% free, 52MB/68MB, paused 444us total 21.395ms
08-04 14:48:50.529 11969 11983 I art     : Starting a blocking GC Explicit
08-04 14:48:50.551 11969 11983 I art     : Explicit concurrent mark sweep GC freed 16(704B) AllocSpace objects, 0(0B) LOS objects, 23% free, 52MB/68MB, paused 448us total 21.280ms
08-04 14:48:50.560 11969 11983 I art     : Starting a blocking GC Explicit
08-04 14:48:50.580 11969 11983 I art     : Explicit concurrent mark sweep GC freed 17(528B) AllocSpace objects, 0(0B) LOS objects, 23% free, 52MB/68MB, paused 412us total 20.103ms
08-04 14:48:50.858 11969 12201 I art     : Starting a blocking GC Explicit
08-04 14:48:50.890 11969 12201 I art     : Explicit concurrent mark sweep GC freed 1340(78KB) AllocSpace objects, 1(20KB) LOS objects, 23% free, 52MB/68MB, paused 508us total 31.238ms
08-04 14:48:50.903 11969 12201 I art     : Starting a blocking GC Explicit
08-04 14:48:50.928 11969 12201 I art     : Explicit concurrent mark sweep GC freed 20(704B) AllocSpace objects, 0(0B) LOS objects, 23% free, 52MB/68MB, paused 447us total 24.524ms
08-04 14:48:50.937 11969 12201 I art     : Starting a blocking GC Explicit
08-04 14:48:50.958 11969 12201 I art     : Explicit concurrent mark sweep GC freed 3(96B) AllocSpace objects, 0(0B) LOS objects, 23% free, 52MB/68MB, paused 449us total 21.016ms
08-04 14:48:50.967 11969 12201 I art     : Starting a blocking GC Explicit
08-04 14:48:50.987 11969 12201 I art     : Explicit concurrent mark sweep GC freed 3(96B) AllocSpace objects, 0(0B) LOS objects, 23% free, 52MB/68MB, paused 447us total 20.135ms
08-04 14:48:50.996 11969 12201 I art     : Starting a blocking GC Explicit
08-04 14:48:51.016 11969 12201 I art     : Explicit concurrent mark sweep GC freed 3(96B) AllocSpace objects, 0(0B) LOS objects, 23% free, 52MB/68MB, paused 404us total 20.119ms
08-04 14:48:51.314 11969 12449 I art     : Starting a blocking GC Explicit
08-04 14:48:51.344 11969 12449 I art     : Explicit concurrent mark sweep GC freed 1340(78KB) AllocSpace objects, 1(20KB) LOS objects, 23% free, 52MB/68MB, paused 475us total 30.290ms
08-04 14:48:51.356 11969 12449 I art     : Starting a blocking GC Explicit
08-04 14:48:51.381 11969 12449 I art     : Explicit concurrent mark sweep GC freed 20(704B) AllocSpace objects, 0(0B) LOS objects, 23% free, 52MB/68MB, paused 463us total 24.101ms
08-04 14:48:51.390 11969 12449 I art     : Starting a blocking GC Explicit
08-04 14:48:51.414 11969 12449 I art     : Explicit concurrent mark sweep GC freed 6(192B) AllocSpace objects, 0(0B) LOS objects, 23% free, 52MB/68MB, paused 455us total 24.255ms
08-04 14:48:51.423 11969 12449 I art     : Starting a blocking GC Explicit
08-04 14:48:51.444 11969 12449 I art     : Explicit concurrent mark sweep GC freed 6(192B) AllocSpace objects, 0(0B) LOS objects, 23% free, 52MB/68MB, paused 510us total 19.915ms
08-04 14:48:51.452 11969 12449 I art     : Starting a blocking GC Explicit
08-04 14:48:51.471 11969 12449 I art     : Explicit concurrent mark sweep GC freed 7(224B) AllocSpace objects, 0(0B) LOS objects, 23% free, 52MB/68MB, paused 392us total 19.120ms
08-04 14:48:51.780 11969 11983 I art     : Starting a blocking GC Explicit
08-04 14:48:51.802 11969 11983 I art     : Explicit concurrent mark sweep GC freed 1360(78KB) AllocSpace objects, 1(20KB) LOS objects, 23% free, 52MB/68MB, paused 445us total 21.968ms
08-04 14:48:51.814 11969 11983 I art     : Starting a blocking GC Explicit
08-04 14:48:51.834 11969 11983 I art     : Explicit concurrent mark sweep GC freed 20(704B) AllocSpace objects, 0(0B) LOS objects, 23% free, 52MB/68MB, paused 437us total 20.113ms
08-04 14:48:51.843 11969 11983 I art     : Starting a blocking GC Explicit
08-04 14:48:51.862 11969 11983 I art     : Explicit concurrent mark sweep GC freed 3(96B) AllocSpace objects, 0(0B) LOS objects, 23% free, 52MB/68MB, paused 431us total 19.440ms
08-04 14:48:51.871 11969 11983 I art     : Starting a blocking GC Explicit
08-04 14:48:51.891 11969 11983 I art     : Explicit concurrent mark sweep GC freed 3(96B) AllocSpace objects, 0(0B) LOS objects, 23% free, 52MB/68MB, paused 421us total 20.378ms
08-04 14:48:51.899 11969 11983 I art     : Starting a blocking GC Explicit
08-04 14:48:51.920 11969 11983 I art     : Explicit concurrent mark sweep GC freed 3(96B) AllocSpace objects, 0(0B) LOS objects, 23% free, 52MB/68MB, paused 447us total 20.072ms
08-04 14:48:52.189 11969 11982 I art     : Starting a blocking GC Explicit
08-04 14:48:52.214 11969 11982 I art     : Explicit concurrent mark sweep GC freed 1340(78KB) AllocSpace objects, 1(20KB) LOS objects, 23% free, 52MB/68MB, paused 478us total 25.084ms
08-04 14:48:52.225 11969 11982 I art     : Starting a blocking GC Explicit
08-04 14:48:52.246 11969 11982 I art     : Explicit concurrent mark sweep GC freed 20(704B) AllocSpace objects, 0(0B) LOS objects, 23% free, 52MB/68MB, paused 454us total 20.332ms
08-04 14:48:52.254 11969 11982 I art     : Starting a blocking GC Explicit
08-04 14:48:52.274 11969 11982 I art     : Explicit concurrent mark sweep GC freed 3(96B) AllocSpace objects, 0(0B) LOS objects, 23% free, 52MB/68MB, paused 419us total 19.689ms
08-04 14:48:52.282 11969 11982 I art     : Starting a blocking GC Explicit
08-04 14:48:52.302 11969 11982 I art     : Explicit concurrent mark sweep GC freed 3(96B) AllocSpace objects, 0(0B) LOS objects, 23% free, 52MB/68MB, paused 435us total 19.501ms
08-04 14:48:52.310 11969 11982 I art     : Starting a blocking GC Explicit
08-04 14:48:52.331 11969 11982 I art     : Explicit concurrent mark sweep GC freed 3(96B) AllocSpace objects, 0(0B) LOS objects, 23% free, 52MB/68MB, paused 434us total 20.049ms
08-04 14:48:52.457 14026 14026 D AndroidRuntime: >>>>>> START com.android.internal.os.RuntimeInit uid 2000 <<<<<<
08-04 14:48:52.463 14026 14026 D AndroidRuntime: CheckJNI is OFF
08-04 14:48:52.497 14026 14026 D ICU     : No timezone override file found: /data/misc/zoneinfo/current/icu/icu_tzdata.dat
08-04 14:48:52.529 14026 14026 I Radio-JNI: register_android_hardware_Radio DONE
08-04 14:48:52.551 14026 14026 D AndroidRuntime: Calling main entry com.android.commands.input.Input
08-04 14:48:52.552 14026 14026 I Input   : injectMotionEvent: MotionEvent { action=ACTION_DOWN, actionButton=0, id[0]=0, x[0]=756.0, y[0]=1530.0, toolType[0]=TOOL_TYPE_UNKNOWN, buttonState=0, metaState=0, flags=0x0, edgeFlags=0x0, pointerCount=1, historySize=0, eventTime=715748965, downTime=715748965, deviceId=0, source=0x1002 }
08-04 14:48:52.557 14026 14026 I Input   : injectMotionEvent: MotionEvent { action=ACTION_UP, actionButton=0, id[0]=0, x[0]=756.0, y[0]=1530.0, toolType[0]=TOOL_TYPE_UNKNOWN, buttonState=0, metaState=0, flags=0x0, edgeFlags=0x0, pointerCount=1, historySize=0, eventTime=715748965, downTime=715748965, deviceId=0, source=0x1002 }
08-04 14:48:52.559 14026 14026 D AndroidRuntime: Shutting down VM
08-04 14:48:52.583   918  5132 I ActivityManager: START u0 {cmp=baseline.appteam.nith.hillffair/.activities.LeaderBoardActivity} from uid 10651 on display 0
08-04 14:48:52.583   512  2967 D audio_hw_primary: out_set_parameters: enter: usecase(1: low-latency-playback) kvpairs: routing=2
08-04 14:48:52.596   512  2967 D audio_hw_primary: select_devices: out_snd_device(2: speaker) in_snd_device(0: none)
08-04 14:48:52.596   512  2967 D msm8974_platform: platform_send_audio_calibration: sending audio calibration for snd_device(2) acdb_id(15)
08-04 14:48:52.597   512  2967 I soundtrigger: audio_extn_sound_trigger_update_device_status: device 0x2 of type 0 for Event 1
08-04 14:48:52.607   512  2967 D audio_hw_primary: enable_snd_device: snd_device(2: speaker)
08-04 14:48:52.609   512  2967 D audio_hw_primary: enable_audio_route: apply and update mixer path: low-latency-playback speaker
08-04 14:48:52.616 11969 12201 I art     : Starting a blocking GC Explicit
08-04 14:48:52.637 11969 12201 I art     : Explicit concurrent mark sweep GC freed 6086(350KB) AllocSpace objects, 1(20KB) LOS objects, 23% free, 52MB/68MB, paused 674us total 20.878ms
08-04 14:48:52.645 11969 12201 I art     : Starting a blocking GC Explicit
08-04 14:48:52.665 11969 12201 I art     : Explicit concurrent mark sweep GC freed 400(29KB) AllocSpace objects, 0(0B) LOS objects, 23% free, 52MB/68MB, paused 532us total 19.533ms
08-04 14:48:52.672 11969 12201 I art     : Starting a blocking GC Explicit
08-04 14:48:52.679 11969 11969 E RecyclerView: No adapter attached; skipping layout
08-04 14:48:52.683 11969 11969 E RecyclerView: No adapter attached; skipping layout
08-04 14:48:52.691 11969 12201 I art     : Explicit concurrent mark sweep GC freed 178(8KB) AllocSpace objects, 0(0B) LOS objects, 23% free, 52MB/68MB, paused 511us total 18.837ms
08-04 14:48:52.700 11969 12201 I art     : Starting a blocking GC Explicit
08-04 14:48:52.700   918   936 I ActivityManager: Displayed baseline.appteam.nith.hillffair/.activities.LeaderBoardActivity: +108ms
08-04 14:48:52.701 13866 13866 I GoogleInputMethodServic: GoogleInputMethodService.onFinishInput():3138 
08-04 14:48:52.701 13866 13866 I GoogleInputMethodServic: GoogleInputMethodService.onStartInput():1808 
08-04 14:48:52.703 11969 11969 E RecyclerView: No adapter attached; skipping layout
08-04 14:48:52.719 11969 12201 I art     : Explicit concurrent mark sweep GC freed 58(2544B) AllocSpace objects, 0(0B) LOS objects, 23% free, 52MB/68MB, paused 478us total 19.466ms
08-04 14:48:52.728 11969 12201 I art     : Starting a blocking GC Explicit
08-04 14:48:52.732 11969 11993 D OpenGLRenderer: endAllStagingAnimators on 0x7f7d6bf800 (RippleDrawable) with handle 0x7f7bc89ee0
08-04 14:48:52.747 11969 12201 I art     : Explicit concurrent mark sweep GC freed 30(1200B) AllocSpace objects, 0(0B) LOS objects, 23% free, 52MB/68MB, paused 640us total 19.289ms
08-04 14:48:52.951   380   380 W SurfaceFlinger: couldn't log to binary event log: overflow.
08-04 14:48:53.006 11969 11983 I art     : Starting a blocking GC Explicit
08-04 14:48:53.024 11969 11983 I art     : Explicit concurrent mark sweep GC freed 1365(79KB) AllocSpace objects, 1(20KB) LOS objects, 23% free, 52MB/68MB, paused 474us total 18.360ms
08-04 14:48:53.032 11969 11983 I art     : Starting a blocking GC Explicit
08-04 14:48:53.050 11969 11983 I art     : Explicit concurrent mark sweep GC freed 21(736B) AllocSpace objects, 0(0B) LOS objects, 23% free, 52MB/68MB, paused 437us total 17.779ms
08-04 14:48:53.057 11969 11983 I art     : Starting a blocking GC Explicit
08-04 14:48:53.075 11969 11983 I art     : Explicit concurrent mark sweep GC freed 5(160B) AllocSpace objects, 0(0B) LOS objects, 23% free, 52MB/68MB, paused 474us total 17.663ms
08-04 14:48:53.083 11969 11983 I art     : Starting a blocking GC Explicit
08-04 14:48:53.103 11969 11983 I art     : Explicit concurrent mark sweep GC freed 151(8KB) AllocSpace objects, 0(0B) LOS objects, 23% free, 52MB/68MB, paused 434us total 19.198ms
08-04 14:48:53.111 11969 11983 I art     : Starting a blocking GC Explicit
08-04 14:48:53.128 11969 11983 I art     : Explicit concurrent mark sweep GC freed 20(688B) AllocSpace objects, 0(0B) LOS objects, 23% free, 52MB/68MB, paused 446us total 17.703ms
08-04 14:48:53.149   512  2967 D audio_hw_primary: disable_audio_route: reset and update mixer path: low-latency-playback speaker
08-04 14:48:53.151   512  2967 D audio_hw_primary: disable_snd_device: snd_device(2: speaker)
08-04 14:48:53.158   512  2967 I soundtrigger: audio_extn_sound_trigger_update_device_status: device 0x2 of type 0 for Event 0
08-04 14:48:53.396 11969 12449 I art     : Starting a blocking GC Explicit
08-04 14:48:53.413 11969 14059 D OkHttp  : --> GET https://api-hillfair-2k16.herokuapp.com/api/app/quiz/leaderboard?from=1 http/1.1
08-04 14:48:53.418 11969 12449 I art     : Explicit concurrent mark sweep GC freed 3979(213KB) AllocSpace objects, 3(140KB) LOS objects, 23% free, 52MB/68MB, paused 805us total 22ms
08-04 14:48:53.426 11969 12449 I art     : Starting a blocking GC Explicit
08-04 14:48:53.447 11969 14059 D OkHttp  : <-- 200 OK https://api-hillfair-2k16.herokuapp.com/api/app/quiz/leaderboard?from=1 (33ms, 56744-byte body)
08-04 14:48:53.447 11969 12449 I art     : Explicit concurrent mark sweep GC freed 1014(116KB) AllocSpace objects, 1(80KB) LOS objects, 23% free, 52MB/68MB, paused 561us total 20.445ms
08-04 14:48:53.455 11969 12449 I art     : Starting a blocking GC Explicit
08-04 14:48:53.475 11969 12449 I art     : Explicit concurrent mark sweep GC freed 5432(267KB) AllocSpace objects, 0(0B) LOS objects, 23% free, 52MB/68MB, paused 525us total 20.236ms
08-04 14:48:53.483 11969 12449 I art     : Starting a blocking GC Explicit
08-04 14:48:53.505 11969 12449 I art     : Explicit concurrent mark sweep GC freed 14963(690KB) AllocSpace objects, 0(0B) LOS objects, 23% free, 52MB/68MB, paused 609us total 20.955ms
08-04 14:48:53.513 11969 12449 I art     : Starting a blocking GC Explicit
08-04 14:48:53.529 11969 11969 I NAPPA_EXPERIMENTATION: MetricNetworkRequestExecutionTime: REQUEST_DURATION_SYSTEM='899',REQUEST_DURATION_OKHTTP='33',REQUEST_SYNCHRONOUS='FALSE',RESPONSE_CODE='200',RESPONSE_METHOD='GET',RESPONSE_LENGTH_OKHTTP='56744',RESPONSE_LENGTH_HEADER='56744',REQUEST_PROTOCOL='http/1.1',REQUEST_URL='https://api-hillfair-2k16.herokuapp.com/api/app/quiz/leaderboard?from=1',
08-04 14:48:53.533 11969 12449 I art     : Explicit concurrent mark sweep GC freed 4884(241KB) AllocSpace objects, 0(0B) LOS objects, 23% free, 52MB/68MB, paused 491us total 20.432ms
08-04 14:48:53.799 11969 12201 I art     : Starting a blocking GC Explicit
08-04 14:48:53.833 11969 12201 I art     : Explicit concurrent mark sweep GC freed 2452(122KB) AllocSpace objects, 1(20KB) LOS objects, 23% free, 52MB/68MB, paused 496us total 33.471ms
08-04 14:48:53.847 11969 12201 I art     : Starting a blocking GC Explicit
08-04 14:48:53.871 11969 12201 I art     : Explicit concurrent mark sweep GC freed 49(2080B) AllocSpace objects, 0(0B) LOS objects, 23% free, 52MB/68MB, paused 550us total 23.628ms
08-04 14:48:53.880 11969 12201 I art     : Starting a blocking GC Explicit
08-04 14:48:53.903 11969 12201 I art     : Explicit concurrent mark sweep GC freed 3(96B) AllocSpace objects, 0(0B) LOS objects, 23% free, 52MB/68MB, paused 470us total 22.992ms
08-04 14:48:53.912 11969 12201 I art     : Starting a blocking GC Explicit
08-04 14:48:53.935 11969 12201 I art     : Explicit concurrent mark sweep GC freed 3(96B) AllocSpace objects, 0(0B) LOS objects, 23% free, 52MB/68MB, paused 445us total 22.653ms
08-04 14:48:53.944 11969 12201 I art     : Starting a blocking GC Explicit
08-04 14:48:53.967 11969 12201 I art     : Explicit concurrent mark sweep GC freed 3(96B) AllocSpace objects, 0(0B) LOS objects, 23% free, 52MB/68MB, paused 502us total 22.862ms
08-04 14:48:54.262 11969 11983 I art     : Starting a blocking GC Explicit
08-04 14:48:54.296 11969 11983 I art     : Explicit concurrent mark sweep GC freed 1344(78KB) AllocSpace objects, 1(20KB) LOS objects, 23% free, 52MB/68MB, paused 487us total 33.122ms
08-04 14:48:54.308 11969 11983 I art     : Starting a blocking GC Explicit
08-04 14:48:54.333 11969 11983 I art     : Explicit concurrent mark sweep GC freed 20(704B) AllocSpace objects, 0(0B) LOS objects, 23% free, 52MB/68MB, paused 459us total 24.428ms
08-04 14:48:54.342 11969 11983 I art     : Starting a blocking GC Explicit
08-04 14:48:54.366 11969 11983 I art     : Explicit concurrent mark sweep GC freed 3(96B) AllocSpace objects, 0(0B) LOS objects, 23% free, 52MB/68MB, paused 463us total 23.602ms
08-04 14:48:54.375 11969 11983 I art     : Starting a blocking GC Explicit
08-04 14:48:54.399 11969 11983 I art     : Explicit concurrent mark sweep GC freed 3(96B) AllocSpace objects, 0(0B) LOS objects, 23% free, 52MB/68MB, paused 459us total 23.400ms
08-04 14:48:54.408 11969 11983 I art     : Starting a blocking GC Explicit
08-04 14:48:54.431 11969 11983 I art     : Explicit concurrent mark sweep GC freed 3(96B) AllocSpace objects, 0(0B) LOS objects, 23% free, 52MB/68MB, paused 570us total 23.126ms
08-04 14:48:54.748 11969 12449 I art     : Starting a blocking GC Explicit
08-04 14:48:54.774 11969 12449 I art     : Explicit concurrent mark sweep GC freed 1344(78KB) AllocSpace objects, 1(20KB) LOS objects, 23% free, 52MB/68MB, paused 504us total 25.556ms
08-04 14:48:54.788 11969 12449 I art     : Starting a blocking GC Explicit
08-04 14:48:54.811 11969 12449 I art     : Explicit concurrent mark sweep GC freed 20(704B) AllocSpace objects, 0(0B) LOS objects, 23% free, 52MB/68MB, paused 449us total 22.911ms
08-04 14:48:54.820 11969 12449 I art     : Starting a blocking GC Explicit
08-04 14:48:54.843 11969 12449 I art     : Explicit concurrent mark sweep GC freed 3(96B) AllocSpace objects, 0(0B) LOS objects, 23% free, 52MB/68MB, paused 450us total 22.493ms
08-04 14:48:54.852 11969 12449 I art     : Starting a blocking GC Explicit
08-04 14:48:54.875 11969 12449 I art     : Explicit concurrent mark sweep GC freed 3(96B) AllocSpace objects, 0(0B) LOS objects, 23% free, 52MB/68MB, paused 457us total 23.376ms
08-04 14:48:54.884 11969 12449 I art     : Starting a blocking GC Explicit
08-04 14:48:54.907 11969 12449 I art     : Explicit concurrent mark sweep GC freed 3(96B) AllocSpace objects, 0(0B) LOS objects, 23% free, 52MB/68MB, paused 535us total 22.431ms
08-04 14:48:55.202 11969 11982 I art     : Starting a blocking GC Explicit
08-04 14:48:55.231 11969 11982 I art     : Explicit concurrent mark sweep GC freed 1344(78KB) AllocSpace objects, 1(20KB) LOS objects, 23% free, 52MB/68MB, paused 550us total 29.470ms
08-04 14:48:55.246 11969 11982 I art     : Starting a blocking GC Explicit
08-04 14:48:55.274 11969 11982 I art     : Explicit concurrent mark sweep GC freed 20(704B) AllocSpace objects, 0(0B) LOS objects, 23% free, 52MB/68MB, paused 447us total 27.560ms
08-04 14:48:55.283 11969 11982 I art     : Starting a blocking GC Explicit
08-04 14:48:55.307 11969 11982 I art     : Explicit concurrent mark sweep GC freed 3(96B) AllocSpace objects, 0(0B) LOS objects, 23% free, 52MB/68MB, paused 446us total 23.387ms
08-04 14:48:55.316 11969 11982 I art     : Starting a blocking GC Explicit
08-04 14:48:55.339 11969 11982 I art     : Explicit concurrent mark sweep GC freed 3(96B) AllocSpace objects, 0(0B) LOS objects, 23% free, 52MB/68MB, paused 456us total 22.943ms
08-04 14:48:55.348 11969 11982 I art     : Starting a blocking GC Explicit
08-04 14:48:55.370 11969 11982 I art     : Explicit concurrent mark sweep GC freed 3(96B) AllocSpace objects, 0(0B) LOS objects, 23% free, 52MB/68MB, paused 439us total 22.102ms
08-04 14:48:55.692 11969 14060 I art     : Starting a blocking GC Explicit
08-04 14:48:55.721 11969 14060 I art     : Explicit concurrent mark sweep GC freed 1344(78KB) AllocSpace objects, 1(20KB) LOS objects, 23% free, 52MB/68MB, paused 492us total 28.330ms
08-04 14:48:55.735 11969 14060 I art     : Starting a blocking GC Explicit
08-04 14:48:55.756 11969 14060 I art     : Explicit concurrent mark sweep GC freed 20(704B) AllocSpace objects, 0(0B) LOS objects, 23% free, 52MB/68MB, paused 455us total 21.665ms
08-04 14:48:55.765 11969 14060 I art     : Starting a blocking GC Explicit
08-04 14:48:55.788 11969 14060 I art     : Explicit concurrent mark sweep GC freed 3(96B) AllocSpace objects, 0(0B) LOS objects, 23% free, 52MB/68MB, paused 458us total 22.816ms
08-04 14:48:55.797 11969 14060 I art     : Starting a blocking GC Explicit
08-04 14:48:55.820 11969 14060 I art     : Explicit concurrent mark sweep GC freed 3(96B) AllocSpace objects, 0(0B) LOS objects, 23% free, 52MB/68MB, paused 461us total 22.663ms
08-04 14:48:55.829 11969 14060 I art     : Starting a blocking GC Explicit
08-04 14:48:55.852 11969 14060 I art     : Explicit concurrent mark sweep GC freed 3(96B) AllocSpace objects, 0(0B) LOS objects, 23% free, 52MB/68MB, paused 444us total 22.803ms
08-04 14:48:56.164 11969 12201 I art     : Starting a blocking GC Explicit
08-04 14:48:56.193 11969 12201 I art     : Explicit concurrent mark sweep GC freed 1344(78KB) AllocSpace objects, 1(20KB) LOS objects, 23% free, 52MB/68MB, paused 483us total 28.772ms
08-04 14:48:56.205 11969 12201 I art     : Starting a blocking GC Explicit
08-04 14:48:56.230 11969 12201 I art     : Explicit concurrent mark sweep GC freed 20(704B) AllocSpace objects, 0(0B) LOS objects, 23% free, 52MB/68MB, paused 474us total 24.282ms
08-04 14:48:56.239 11969 12201 I art     : Starting a blocking GC Explicit
08-04 14:48:56.262 11969 12201 I art     : Explicit concurrent mark sweep GC freed 3(96B) AllocSpace objects, 0(0B) LOS objects, 23% free, 52MB/68MB, paused 459us total 23.220ms
08-04 14:48:56.271 11969 12201 I art     : Starting a blocking GC Explicit
08-04 14:48:56.294 11969 12201 I art     : Explicit concurrent mark sweep GC freed 3(96B) AllocSpace objects, 0(0B) LOS objects, 23% free, 52MB/68MB, paused 450us total 22.772ms
08-04 14:48:56.303 11969 12201 I art     : Starting a blocking GC Explicit
08-04 14:48:56.326 11969 12201 I art     : Explicit concurrent mark sweep GC freed 3(96B) AllocSpace objects, 0(0B) LOS objects, 23% free, 52MB/68MB, paused 453us total 22.899ms
08-04 14:48:56.646 11969 11983 I art     : Starting a blocking GC Explicit
08-04 14:48:56.679 11969 11983 I art     : Explicit concurrent mark sweep GC freed 1344(78KB) AllocSpace objects, 1(20KB) LOS objects, 23% free, 52MB/68MB, paused 565us total 33.154ms
08-04 14:48:56.691 11969 11983 I art     : Starting a blocking GC Explicit
08-04 14:48:56.714 11969 11983 I art     : Explicit concurrent mark sweep GC freed 20(704B) AllocSpace objects, 0(0B) LOS objects, 23% free, 52MB/68MB, paused 436us total 22.884ms
08-04 14:48:56.723 11969 11983 I art     : Starting a blocking GC Explicit
08-04 14:48:56.746 11969 11983 I art     : Explicit concurrent mark sweep GC freed 3(96B) AllocSpace objects, 0(0B) LOS objects, 23% free, 52MB/68MB, paused 456us total 23.010ms
08-04 14:48:56.755 11969 11983 I art     : Starting a blocking GC Explicit
08-04 14:48:56.778 11969 11983 I art     : Explicit concurrent mark sweep GC freed 3(96B) AllocSpace objects, 0(0B) LOS objects, 23% free, 52MB/68MB, paused 452us total 22.842ms
08-04 14:48:56.787 11969 11983 I art     : Starting a blocking GC Explicit
08-04 14:48:56.809 11969 11983 I art     : Explicit concurrent mark sweep GC freed 3(96B) AllocSpace objects, 0(0B) LOS objects, 23% free, 52MB/68MB, paused 436us total 21.835ms
08-04 14:48:57.112 11969 12449 I art     : Starting a blocking GC Explicit
08-04 14:48:57.136 11969 12449 I art     : Explicit concurrent mark sweep GC freed 1344(78KB) AllocSpace objects, 1(20KB) LOS objects, 23% free, 52MB/68MB, paused 460us total 23.208ms
08-04 14:48:57.148 11969 12449 I art     : Starting a blocking GC Explicit
08-04 14:48:57.173 11969 12449 I art     : Explicit concurrent mark sweep GC freed 20(704B) AllocSpace objects, 0(0B) LOS objects, 23% free, 52MB/68MB, paused 474us total 24.403ms
08-04 14:48:57.182 11969 12449 I art     : Starting a blocking GC Explicit
08-04 14:48:57.204 11969 12449 I art     : Explicit concurrent mark sweep GC freed 3(96B) AllocSpace objects, 0(0B) LOS objects, 23% free, 52MB/68MB, paused 466us total 21.941ms
08-04 14:48:57.213 11969 12449 I art     : Starting a blocking GC Explicit
08-04 14:48:57.235 11969 12449 I art     : Explicit concurrent mark sweep GC freed 3(96B) AllocSpace objects, 0(0B) LOS objects, 23% free, 52MB/68MB, paused 469us total 21.927ms
08-04 14:48:57.238 14153 14153 D AndroidRuntime: >>>>>> START com.android.internal.os.RuntimeInit uid 2000 <<<<<<
08-04 14:48:57.243 14153 14153 D AndroidRuntime: CheckJNI is OFF
08-04 14:48:57.244 11969 12449 I art     : Starting a blocking GC Explicit
08-04 14:48:57.265 11969 12449 I art     : Explicit concurrent mark sweep GC freed 3(96B) AllocSpace objects, 0(0B) LOS objects, 23% free, 52MB/68MB, paused 458us total 21.503ms
08-04 14:48:57.281 14153 14153 D ICU     : No timezone override file found: /data/misc/zoneinfo/current/icu/icu_tzdata.dat
08-04 14:48:57.313 14153 14153 I Radio-JNI: register_android_hardware_Radio DONE
08-04 14:48:57.334 14153 14153 D AndroidRuntime: Calling main entry com.android.commands.input.Input
08-04 14:48:57.336 14153 14153 I Input   : injectKeyEvent: KeyEvent { action=ACTION_DOWN, keyCode=KEYCODE_BACK, scanCode=0, metaState=0, flags=0x0, repeatCount=0, eventTime=715753749, downTime=715753749, deviceId=-1, source=0x101 }
08-04 14:48:57.342 14153 14153 I Input   : injectKeyEvent: KeyEvent { action=ACTION_UP, keyCode=KEYCODE_BACK, scanCode=0, metaState=0, flags=0x0, repeatCount=0, eventTime=715753749, downTime=715753749, deviceId=-1, source=0x101 }
08-04 14:48:57.347 14153 14153 D AndroidRuntime: Shutting down VM
08-04 14:48:57.392 13866 13866 I GoogleInputMethodServic: GoogleInputMethodService.onFinishInput():3138 
08-04 14:48:57.393 13866 13866 I GoogleInputMethodServic: GoogleInputMethodService.onStartInput():1808 
08-04 14:48:57.511 11969 12449 I art     : Starting a blocking GC Explicit
08-04 14:48:57.542 11969 12449 I art     : Explicit concurrent mark sweep GC freed 1482(84KB) AllocSpace objects, 1(20KB) LOS objects, 23% free, 52MB/68MB, paused 942us total 30.098ms
08-04 14:48:57.551 11969 12449 I art     : Starting a blocking GC Explicit
08-04 14:48:57.580 11969 12449 I art     : Explicit concurrent mark sweep GC freed 26(944B) AllocSpace objects, 0(0B) LOS objects, 23% free, 52MB/68MB, paused 466us total 27.798ms
08-04 14:48:57.591 11969 12449 I art     : Starting a blocking GC Explicit
08-04 14:48:57.616 11969 12449 I art     : Explicit concurrent mark sweep GC freed 3(96B) AllocSpace objects, 0(0B) LOS objects, 23% free, 52MB/68MB, paused 404us total 25.254ms
08-04 14:48:57.629 11969 12449 I art     : Starting a blocking GC Explicit
08-04 14:48:57.657 11969 12449 I art     : Explicit concurrent mark sweep GC freed 3(96B) AllocSpace objects, 0(0B) LOS objects, 23% free, 52MB/68MB, paused 656us total 27.705ms
08-04 14:48:57.667 11969 12449 I art     : Starting a blocking GC Explicit
08-04 14:48:57.682   380   380 W SurfaceFlinger: couldn't log to binary event log: overflow.
08-04 14:48:57.690 11969 12449 I art     : Explicit concurrent mark sweep GC freed 103(8KB) AllocSpace objects, 0(0B) LOS objects, 23% free, 52MB/68MB, paused 428us total 22.403ms
08-04 14:48:57.983 11969 11982 I art     : Starting a blocking GC Explicit
08-04 14:48:58.015 11969 11982 I art     : Explicit concurrent mark sweep GC freed 1363(79KB) AllocSpace objects, 1(20KB) LOS objects, 23% free, 52MB/68MB, paused 517us total 31.744ms
08-04 14:48:58.029 11969 11982 I art     : Starting a blocking GC Explicit
08-04 14:48:58.051 11969 11982 I art     : Explicit concurrent mark sweep GC freed 4698(269KB) AllocSpace objects, 2(140KB) LOS objects, 23% free, 52MB/68MB, paused 456us total 22.273ms
08-04 14:48:58.060 11969 11982 I art     : Starting a blocking GC Explicit
08-04 14:48:58.082 11969 11982 I art     : Explicit concurrent mark sweep GC freed 3(96B) AllocSpace objects, 0(0B) LOS objects, 23% free, 52MB/68MB, paused 460us total 21.679ms
08-04 14:48:58.091 11969 11982 I art     : Starting a blocking GC Explicit
08-04 14:48:58.113 11969 11982 I art     : Explicit concurrent mark sweep GC freed 3(96B) AllocSpace objects, 0(0B) LOS objects, 23% free, 52MB/68MB, paused 461us total 21.985ms
08-04 14:48:58.122 11969 11982 I art     : Starting a blocking GC Explicit
08-04 14:48:58.143 11969 11982 I art     : Explicit concurrent mark sweep GC freed 3(96B) AllocSpace objects, 0(0B) LOS objects, 23% free, 52MB/68MB, paused 453us total 21.214ms
08-04 14:48:58.431 11969 12201 I art     : Starting a blocking GC Explicit
08-04 14:48:58.460 11969 12201 I art     : Explicit concurrent mark sweep GC freed 1344(78KB) AllocSpace objects, 1(20KB) LOS objects, 23% free, 52MB/68MB, paused 494us total 28.791ms
08-04 14:48:58.473 11969 12201 I art     : Starting a blocking GC Explicit
08-04 14:48:58.495 11969 12201 I art     : Explicit concurrent mark sweep GC freed 20(704B) AllocSpace objects, 0(0B) LOS objects, 23% free, 52MB/68MB, paused 464us total 21.674ms
08-04 14:48:58.504 11969 12201 I art     : Starting a blocking GC Explicit
08-04 14:48:58.526 11969 12201 I art     : Explicit concurrent mark sweep GC freed 3(96B) AllocSpace objects, 0(0B) LOS objects, 23% free, 52MB/68MB, paused 459us total 21.539ms
08-04 14:48:58.535 11969 12201 I art     : Starting a blocking GC Explicit
08-04 14:48:58.557 11969 12201 I art     : Explicit concurrent mark sweep GC freed 3(96B) AllocSpace objects, 0(0B) LOS objects, 23% free, 52MB/68MB, paused 463us total 22.141ms
08-04 14:48:58.566 11969 12201 I art     : Starting a blocking GC Explicit
08-04 14:48:58.586 11969 12201 I art     : Explicit concurrent mark sweep GC freed 3(96B) AllocSpace objects, 0(0B) LOS objects, 23% free, 52MB/68MB, paused 438us total 20.058ms
08-04 14:48:58.866 11969 14060 I art     : Starting a blocking GC Explicit
08-04 14:48:58.888 11969 14060 I art     : Explicit concurrent mark sweep GC freed 1343(78KB) AllocSpace objects, 1(20KB) LOS objects, 23% free, 52MB/68MB, paused 508us total 21.290ms
08-04 14:48:58.897 11969 14060 I art     : Starting a blocking GC Explicit
08-04 14:48:58.917 11969 14060 I art     : Explicit concurrent mark sweep GC freed 20(704B) AllocSpace objects, 0(0B) LOS objects, 23% free, 52MB/68MB, paused 495us total 19.680ms
08-04 14:48:58.925 11969 14060 I art     : Starting a blocking GC Explicit
08-04 14:48:58.945 11969 14060 I art     : Explicit concurrent mark sweep GC freed 3(96B) AllocSpace objects, 0(0B) LOS objects, 23% free, 52MB/68MB, paused 465us total 20.113ms
08-04 14:48:58.954 11969 14060 I art     : Starting a blocking GC Explicit
08-04 14:48:58.974 11969 14060 I art     : Explicit concurrent mark sweep GC freed 3(96B) AllocSpace objects, 0(0B) LOS objects, 23% free, 52MB/68MB, paused 470us total 20.256ms
08-04 14:48:58.983 11969 14060 I art     : Starting a blocking GC Explicit
08-04 14:48:59.003 14207 14207 D AndroidRuntime: >>>>>> START com.android.internal.os.RuntimeInit uid 2000 <<<<<<
08-04 14:48:59.008 14207 14207 D AndroidRuntime: CheckJNI is OFF
08-04 14:48:59.008 11969 14060 I art     : Explicit concurrent mark sweep GC freed 7(224B) AllocSpace objects, 0(0B) LOS objects, 23% free, 52MB/68MB, paused 656us total 25.118ms
08-04 14:48:59.040 14207 14207 D ICU     : No timezone override file found: /data/misc/zoneinfo/current/icu/icu_tzdata.dat
08-04 14:48:59.073 14207 14207 I Radio-JNI: register_android_hardware_Radio DONE
08-04 14:48:59.093 14207 14207 D AndroidRuntime: Calling main entry com.android.commands.input.Input
08-04 14:48:59.094 14207 14207 I Input   : injectMotionEvent: MotionEvent { action=ACTION_DOWN, actionButton=0, id[0]=0, x[0]=648.0, y[0]=1050.0, toolType[0]=TOOL_TYPE_UNKNOWN, buttonState=0, metaState=0, flags=0x0, edgeFlags=0x0, pointerCount=1, historySize=0, eventTime=715755507, downTime=715755507, deviceId=0, source=0x1002 }
08-04 14:48:59.099 14207 14207 I Input   : injectMotionEvent: MotionEvent { action=ACTION_UP, actionButton=0, id[0]=0, x[0]=648.0, y[0]=1050.0, toolType[0]=TOOL_TYPE_UNKNOWN, buttonState=0, metaState=0, flags=0x0, edgeFlags=0x0, pointerCount=1, historySize=0, eventTime=715755507, downTime=715755507, deviceId=0, source=0x1002 }
08-04 14:48:59.102 14207 14207 D AndroidRuntime: Shutting down VM
08-04 14:48:59.119   918  3696 I ActivityManager: START u0 {cmp=baseline.appteam.nith.hillffair/.activities.InformationActivity} from uid 10651 on display 0
08-04 14:48:59.120   512  2967 D audio_hw_primary: out_set_parameters: enter: usecase(1: low-latency-playback) kvpairs: routing=2
08-04 14:48:59.133   512  2967 D audio_hw_primary: select_devices: out_snd_device(2: speaker) in_snd_device(0: none)
08-04 14:48:59.133   512  2967 D msm8974_platform: platform_send_audio_calibration: sending audio calibration for snd_device(2) acdb_id(15)
08-04 14:48:59.133   512  2967 I soundtrigger: audio_extn_sound_trigger_update_device_status: device 0x2 of type 0 for Event 1
08-04 14:48:59.143   512  2967 D audio_hw_primary: enable_snd_device: snd_device(2: speaker)
08-04 14:48:59.145   512  2967 D audio_hw_primary: enable_audio_route: apply and update mixer path: low-latency-playback speaker
08-04 14:48:59.257 11969 12449 I art     : Starting a blocking GC Explicit
08-04 14:48:59.277   918   936 I ActivityManager: Displayed baseline.appteam.nith.hillffair/.activities.InformationActivity: +143ms
08-04 14:48:59.278 11969 12449 I art     : Explicit concurrent mark sweep GC freed 2370(158KB) AllocSpace objects, 1(20KB) LOS objects, 23% free, 52MB/68MB, paused 479us total 21.142ms
08-04 14:48:59.281 13866 13866 I GoogleInputMethodServic: GoogleInputMethodService.onFinishInput():3138 
08-04 14:48:59.282 13866 13866 I GoogleInputMethodServic: GoogleInputMethodService.onStartInput():1808 
08-04 14:48:59.290 11969 12449 I art     : Starting a blocking GC Explicit
08-04 14:48:59.310 11969 12449 I art     : Explicit concurrent mark sweep GC freed 217(9KB) AllocSpace objects, 0(0B) LOS objects, 23% free, 52MB/68MB, paused 425us total 19.955ms
08-04 14:48:59.319 11969 12449 I art     : Starting a blocking GC Explicit
08-04 14:48:59.324 11969 11993 D OpenGLRenderer: endAllStagingAnimators on 0x7f7d6bf000 (RippleDrawable) with handle 0x7f9a1e6a40
08-04 14:48:59.339 11969 12449 I art     : Explicit concurrent mark sweep GC freed 12(512B) AllocSpace objects, 0(0B) LOS objects, 23% free, 52MB/68MB, paused 405us total 20.254ms
08-04 14:48:59.348 11969 12449 I art     : Starting a blocking GC Explicit
08-04 14:48:59.367 11969 12449 I art     : Explicit concurrent mark sweep GC freed 22(800B) AllocSpace objects, 0(0B) LOS objects, 23% free, 52MB/68MB, paused 475us total 18.419ms
08-04 14:48:59.375 11969 12449 I art     : Starting a blocking GC Explicit
08-04 14:48:59.394 11969 12449 I art     : Explicit concurrent mark sweep GC freed 3(96B) AllocSpace objects, 0(0B) LOS objects, 23% free, 52MB/68MB, paused 396us total 18.721ms
08-04 14:48:59.535   380   380 W SurfaceFlinger: couldn't log to binary event log: overflow.
08-04 14:48:59.641 11969 12449 I art     : Starting a blocking GC Explicit
08-04 14:48:59.664 11969 12449 I art     : Explicit concurrent mark sweep GC freed 1485(86KB) AllocSpace objects, 1(20KB) LOS objects, 23% free, 52MB/68MB, paused 422us total 22.854ms
08-04 14:48:59.673 11969 12449 I art     : Starting a blocking GC Explicit
08-04 14:48:59.679   512  2967 D audio_hw_primary: disable_audio_route: reset and update mixer path: low-latency-playback speaker
08-04 14:48:59.680   512  2967 D audio_hw_primary: disable_snd_device: snd_device(2: speaker)
08-04 14:48:59.688   512  2967 I soundtrigger: audio_extn_sound_trigger_update_device_status: device 0x2 of type 0 for Event 0
08-04 14:48:59.694 11969 12449 I art     : Explicit concurrent mark sweep GC freed 37(1248B) AllocSpace objects, 0(0B) LOS objects, 23% free, 52MB/68MB, paused 419us total 20.904ms
08-04 14:48:59.703 11969 12449 I art     : Starting a blocking GC Explicit
08-04 14:48:59.725 11969 12449 I art     : Explicit concurrent mark sweep GC freed 3(96B) AllocSpace objects, 0(0B) LOS objects, 23% free, 52MB/68MB, paused 444us total 21.570ms
08-04 14:48:59.733 11969 12449 I art     : Starting a blocking GC Explicit
08-04 14:48:59.754 11969 12449 I art     : Explicit concurrent mark sweep GC freed 3(96B) AllocSpace objects, 0(0B) LOS objects, 23% free, 52MB/68MB, paused 441us total 21.143ms
08-04 14:48:59.763 11969 12449 I art     : Starting a blocking GC Explicit
08-04 14:48:59.785 11969 12449 I art     : Explicit concurrent mark sweep GC freed 3(96B) AllocSpace objects, 0(0B) LOS objects, 23% free, 52MB/68MB, paused 431us total 21.053ms
08-04 14:48:59.785 11969 11981 I art     : WaitForGcToComplete blocked for 10.339ms for cause HeapTrim
08-04 14:49:00.082 11969 11982 I art     : Starting a blocking GC Explicit
08-04 14:49:00.103 11969 11982 I art     : Explicit concurrent mark sweep GC freed 1344(78KB) AllocSpace objects, 1(20KB) LOS objects, 23% free, 52MB/68MB, paused 448us total 20.828ms
08-04 14:49:00.112 11969 11982 I art     : Starting a blocking GC Explicit
08-04 14:49:00.132 11969 11982 I art     : Explicit concurrent mark sweep GC freed 20(704B) AllocSpace objects, 0(0B) LOS objects, 23% free, 52MB/68MB, paused 440us total 20.525ms
08-04 14:49:00.141 11969 11982 I art     : Starting a blocking GC Explicit
08-04 14:49:00.163 11969 11982 I art     : Explicit concurrent mark sweep GC freed 3(96B) AllocSpace objects, 0(0B) LOS objects, 23% free, 52MB/68MB, paused 440us total 21.660ms
08-04 14:49:00.172 11969 11982 I art     : Starting a blocking GC Explicit
08-04 14:49:00.193 11969 11982 I art     : Explicit concurrent mark sweep GC freed 3(96B) AllocSpace objects, 0(0B) LOS objects, 23% free, 52MB/68MB, paused 440us total 21.415ms
08-04 14:49:00.202 11969 11982 I art     : Starting a blocking GC Explicit
08-04 14:49:00.224 11969 11982 I art     : Explicit concurrent mark sweep GC freed 3(96B) AllocSpace objects, 0(0B) LOS objects, 23% free, 52MB/68MB, paused 442us total 21.519ms
08-04 14:49:00.519 11969 12201 I art     : Starting a blocking GC Explicit
08-04 14:49:00.547 11969 12201 I art     : Explicit concurrent mark sweep GC freed 1344(78KB) AllocSpace objects, 1(20KB) LOS objects, 23% free, 52MB/68MB, paused 487us total 27.438ms
08-04 14:49:00.559 11969 12201 I art     : Starting a blocking GC Explicit
08-04 14:49:00.581 11969 12201 I art     : Explicit concurrent mark sweep GC freed 20(704B) AllocSpace objects, 0(0B) LOS objects, 23% free, 52MB/68MB, paused 443us total 21.525ms
08-04 14:49:00.589 11969 12201 I art     : Starting a blocking GC Explicit
08-04 14:49:00.611 11969 12201 I art     : Explicit concurrent mark sweep GC freed 3(96B) AllocSpace objects, 0(0B) LOS objects, 23% free, 52MB/68MB, paused 456us total 21.304ms
08-04 14:49:00.620 11969 12201 I art     : Starting a blocking GC Explicit
08-04 14:49:00.641 11969 12201 I art     : Explicit concurrent mark sweep GC freed 3(96B) AllocSpace objects, 0(0B) LOS objects, 23% free, 52MB/68MB, paused 445us total 21.563ms
08-04 14:49:00.650 11969 12201 I art     : Starting a blocking GC Explicit
08-04 14:49:00.672 11969 12201 I art     : Explicit concurrent mark sweep GC freed 3(96B) AllocSpace objects, 0(0B) LOS objects, 23% free, 52MB/68MB, paused 453us total 21.865ms
08-04 14:49:00.991 11969 12449 I art     : Starting a blocking GC Explicit
08-04 14:49:01.013 11969 12449 I art     : Explicit concurrent mark sweep GC freed 1371(79KB) AllocSpace objects, 1(20KB) LOS objects, 23% free, 52MB/68MB, paused 411us total 22.475ms
08-04 14:49:01.023 11969 12449 I art     : Starting a blocking GC Explicit
08-04 14:49:01.045 11969 12449 I art     : Explicit concurrent mark sweep GC freed 23(800B) AllocSpace objects, 0(0B) LOS objects, 23% free, 52MB/68MB, paused 400us total 21.774ms
08-04 14:49:01.054 11969 12449 I art     : Starting a blocking GC Explicit
08-04 14:49:01.075 11969 12449 I art     : Explicit concurrent mark sweep GC freed 3(96B) AllocSpace objects, 0(0B) LOS objects, 23% free, 52MB/68MB, paused 404us total 20.751ms
08-04 14:49:01.084 11969 12449 I art     : Starting a blocking GC Explicit
08-04 14:49:01.104 11969 12449 I art     : Explicit concurrent mark sweep GC freed 3(96B) AllocSpace objects, 0(0B) LOS objects, 23% free, 52MB/68MB, paused 406us total 20.027ms
08-04 14:49:01.113 11969 12449 I art     : Starting a blocking GC Explicit
08-04 14:49:01.133 11969 12449 I art     : Explicit concurrent mark sweep GC freed 3(96B) AllocSpace objects, 0(0B) LOS objects, 23% free, 52MB/68MB, paused 430us total 19.789ms
08-04 14:49:01.458 11969 11982 I art     : Starting a blocking GC Explicit
08-04 14:49:01.485 11969 11982 I art     : Explicit concurrent mark sweep GC freed 1344(78KB) AllocSpace objects, 1(20KB) LOS objects, 23% free, 52MB/68MB, paused 502us total 27.196ms
08-04 14:49:01.497 11969 11982 I art     : Starting a blocking GC Explicit
08-04 14:49:01.518 11969 11982 I art     : Explicit concurrent mark sweep GC freed 20(704B) AllocSpace objects, 0(0B) LOS objects, 23% free, 52MB/68MB, paused 429us total 21.371ms
08-04 14:49:01.527 11969 11982 I art     : Starting a blocking GC Explicit
08-04 14:49:01.548 11969 11982 I art     : Explicit concurrent mark sweep GC freed 3(96B) AllocSpace objects, 0(0B) LOS objects, 23% free, 52MB/68MB, paused 432us total 21.060ms
08-04 14:49:01.557 11969 11982 I art     : Starting a blocking GC Explicit
08-04 14:49:01.580 11969 11982 I art     : Explicit concurrent mark sweep GC freed 3(96B) AllocSpace objects, 0(0B) LOS objects, 23% free, 52MB/68MB, paused 444us total 22.310ms
08-04 14:49:01.589 11969 11982 I art     : Starting a blocking GC Explicit
08-04 14:49:01.611 11969 11982 I art     : Explicit concurrent mark sweep GC freed 3(96B) AllocSpace objects, 0(0B) LOS objects, 23% free, 52MB/68MB, paused 441us total 21.890ms
08-04 14:49:01.922 11969 11983 I art     : Starting a blocking GC Explicit
08-04 14:49:01.950 11969 11983 I art     : Explicit concurrent mark sweep GC freed 1344(78KB) AllocSpace objects, 1(20KB) LOS objects, 23% free, 52MB/68MB, paused 495us total 27.673ms
08-04 14:49:01.962 11969 11983 I art     : Starting a blocking GC Explicit
08-04 14:49:01.986 11969 11983 I art     : Explicit concurrent mark sweep GC freed 20(704B) AllocSpace objects, 0(0B) LOS objects, 23% free, 52MB/68MB, paused 458us total 23.973ms
08-04 14:49:01.995 11969 11983 I art     : Starting a blocking GC Explicit
08-04 14:49:02.017 11969 11983 I art     : Explicit concurrent mark sweep GC freed 3(96B) AllocSpace objects, 0(0B) LOS objects, 23% free, 52MB/68MB, paused 489us total 22.239ms
08-04 14:49:02.026 11969 11983 I art     : Starting a blocking GC Explicit
08-04 14:49:02.047 11969 11983 I art     : Explicit concurrent mark sweep GC freed 3(96B) AllocSpace objects, 0(0B) LOS objects, 23% free, 52MB/68MB, paused 586us total 20.654ms
08-04 14:49:02.056 11969 11983 I art     : Starting a blocking GC Explicit
08-04 14:49:02.078 11969 11983 I art     : Explicit concurrent mark sweep GC freed 3(96B) AllocSpace objects, 0(0B) LOS objects, 23% free, 52MB/68MB, paused 479us total 21.495ms
08-04 14:49:02.401 11969 12201 I art     : Starting a blocking GC Explicit
08-04 14:49:02.427 11969 12201 I art     : Explicit concurrent mark sweep GC freed 1344(78KB) AllocSpace objects, 1(20KB) LOS objects, 23% free, 52MB/68MB, paused 491us total 25.987ms
08-04 14:49:02.438 11969 12201 I art     : Starting a blocking GC Explicit
08-04 14:49:02.461 11969 12201 I art     : Explicit concurrent mark sweep GC freed 20(704B) AllocSpace objects, 0(0B) LOS objects, 23% free, 52MB/68MB, paused 448us total 22.287ms
08-04 14:49:02.470 11969 12201 I art     : Starting a blocking GC Explicit
08-04 14:49:02.492 11969 12201 I art     : Explicit concurrent mark sweep GC freed 3(96B) AllocSpace objects, 0(0B) LOS objects, 23% free, 52MB/68MB, paused 458us total 22.121ms
08-04 14:49:02.501 11969 12201 I art     : Starting a blocking GC Explicit
08-04 14:49:02.523 11969 12201 I art     : Explicit concurrent mark sweep GC freed 3(96B) AllocSpace objects, 0(0B) LOS objects, 23% free, 52MB/68MB, paused 436us total 21.565ms
08-04 14:49:02.532 11969 12201 I art     : Starting a blocking GC Explicit
08-04 14:49:02.554 11969 12201 I art     : Explicit concurrent mark sweep GC freed 3(96B) AllocSpace objects, 0(0B) LOS objects, 23% free, 52MB/68MB, paused 443us total 21.632ms
08-04 14:49:02.858 11969 14060 I art     : Starting a blocking GC Explicit
08-04 14:49:02.889 11969 14060 I art     : Explicit concurrent mark sweep GC freed 1344(78KB) AllocSpace objects, 1(20KB) LOS objects, 23% free, 52MB/68MB, paused 626us total 30.415ms
08-04 14:49:02.903 11969 14060 I art     : Starting a blocking GC Explicit
08-04 14:49:02.923 11969 14060 I art     : Explicit concurrent mark sweep GC freed 20(704B) AllocSpace objects, 0(0B) LOS objects, 23% free, 52MB/68MB, paused 430us total 20.348ms
08-04 14:49:02.932 11969 14060 I art     : Starting a blocking GC Explicit
08-04 14:49:02.954 11969 14060 I art     : Explicit concurrent mark sweep GC freed 3(96B) AllocSpace objects, 0(0B) LOS objects, 23% free, 52MB/68MB, paused 439us total 21.247ms
08-04 14:49:02.962 11969 14060 I art     : Starting a blocking GC Explicit
08-04 14:49:02.985 11969 14060 I art     : Explicit concurrent mark sweep GC freed 3(96B) AllocSpace objects, 0(0B) LOS objects, 23% free, 52MB/68MB, paused 439us total 22.164ms
08-04 14:49:02.994 11969 14060 I art     : Starting a blocking GC Explicit
08-04 14:49:03.016 11969 14060 I art     : Explicit concurrent mark sweep GC freed 3(96B) AllocSpace objects, 0(0B) LOS objects, 23% free, 52MB/68MB, paused 437us total 21.767ms
08-04 14:49:03.339 11969 12449 I art     : Starting a blocking GC Explicit
08-04 14:49:03.363 11969 12449 I art     : Explicit concurrent mark sweep GC freed 1344(78KB) AllocSpace objects, 1(20KB) LOS objects, 23% free, 52MB/68MB, paused 464us total 24.016ms
08-04 14:49:03.371 11969 12449 I art     : Starting a blocking GC Explicit
08-04 14:49:03.392 11969 12449 I art     : Explicit concurrent mark sweep GC freed 20(704B) AllocSpace objects, 0(0B) LOS objects, 23% free, 52MB/68MB, paused 493us total 20.145ms
08-04 14:49:03.401 11969 12449 I art     : Starting a blocking GC Explicit
08-04 14:49:03.421 11969 12449 I art     : Explicit concurrent mark sweep GC freed 3(96B) AllocSpace objects, 0(0B) LOS objects, 23% free, 52MB/68MB, paused 454us total 20.008ms
08-04 14:49:03.429 11969 12449 I art     : Starting a blocking GC Explicit
08-04 14:49:03.450 11969 12449 I art     : Explicit concurrent mark sweep GC freed 3(96B) AllocSpace objects, 0(0B) LOS objects, 23% free, 52MB/68MB, paused 447us total 20.680ms
08-04 14:49:03.458 11969 12449 I art     : Starting a blocking GC Explicit
08-04 14:49:03.479 11969 12449 I art     : Explicit concurrent mark sweep GC freed 3(96B) AllocSpace objects, 0(0B) LOS objects, 23% free, 52MB/68MB, paused 442us total 20.609ms
08-04 14:49:03.568   918  3261 D WifiStateMachine: starting scan for "H369AA63323"WPA_PSK with 2412,5180
08-04 14:49:03.762 14332 14332 D AndroidRuntime: >>>>>> START com.android.internal.os.RuntimeInit uid 2000 <<<<<<
08-04 14:49:03.767 14332 14332 D AndroidRuntime: CheckJNI is OFF
08-04 14:49:03.769 11969 11982 I art     : Starting a blocking GC Explicit
08-04 14:49:03.792 11969 11982 I art     : Explicit concurrent mark sweep GC freed 1344(78KB) AllocSpace objects, 1(20KB) LOS objects, 23% free, 52MB/68MB, paused 513us total 22.141ms
08-04 14:49:03.800 11969 11982 I art     : Starting a blocking GC Explicit
08-04 14:49:03.805 14332 14332 D ICU     : No timezone override file found: /data/misc/zoneinfo/current/icu/icu_tzdata.dat
08-04 14:49:03.822 11969 11982 I art     : Explicit concurrent mark sweep GC freed 20(704B) AllocSpace objects, 0(0B) LOS objects, 23% free, 52MB/68MB, paused 492us total 21.400ms
08-04 14:49:03.831 11969 11982 I art     : Starting a blocking GC Explicit
08-04 14:49:03.839 14332 14332 I Radio-JNI: register_android_hardware_Radio DONE
08-04 14:49:03.850 11969 11982 I art     : Explicit concurrent mark sweep GC freed 3(96B) AllocSpace objects, 0(0B) LOS objects, 23% free, 52MB/68MB, paused 437us total 19.109ms
08-04 14:49:03.858 11969 11982 I art     : Starting a blocking GC Explicit
08-04 14:49:03.861 14332 14332 D AndroidRuntime: Calling main entry com.android.commands.input.Input
08-04 14:49:03.863 14332 14332 I Input   : injectKeyEvent: KeyEvent { action=ACTION_DOWN, keyCode=KEYCODE_BACK, scanCode=0, metaState=0, flags=0x0, repeatCount=0, eventTime=715760276, downTime=715760276, deviceId=-1, source=0x101 }
08-04 14:49:03.870 14332 14332 I Input   : injectKeyEvent: KeyEvent { action=ACTION_UP, keyCode=KEYCODE_BACK, scanCode=0, metaState=0, flags=0x0, repeatCount=0, eventTime=715760276, downTime=715760276, deviceId=-1, source=0x101 }
08-04 14:49:03.875 14332 14332 D AndroidRuntime: Shutting down VM
08-04 14:49:03.878 11969 11982 I art     : Explicit concurrent mark sweep GC freed 20(736B) AllocSpace objects, 0(0B) LOS objects, 23% free, 52MB/68MB, paused 519us total 20.036ms
08-04 14:49:03.886 11969 11982 I art     : Starting a blocking GC Explicit
08-04 14:49:03.906 11969 11982 I art     : Explicit concurrent mark sweep GC freed 88(4KB) AllocSpace objects, 0(0B) LOS objects, 23% free, 52MB/68MB, paused 421us total 19.602ms
08-04 14:49:03.917 13866 13866 I GoogleInputMethodServic: GoogleInputMethodService.onFinishInput():3138 
08-04 14:49:03.918 13866 13866 I GoogleInputMethodServic: GoogleInputMethodService.onStartInput():1808 
08-04 14:49:04.178 11969 11983 I art     : Starting a blocking GC Explicit
08-04 14:49:04.201 11969 11983 I art     : Explicit concurrent mark sweep GC freed 1382(79KB) AllocSpace objects, 1(20KB) LOS objects, 23% free, 52MB/68MB, paused 409us total 22.978ms
08-04 14:49:04.207   380   380 W SurfaceFlinger: couldn't log to binary event log: overflow.
08-04 14:49:04.212 11969 11983 I art     : Starting a blocking GC Explicit
08-04 14:49:04.232 11969 11983 I art     : Explicit concurrent mark sweep GC freed 133(9KB) AllocSpace objects, 0(0B) LOS objects, 23% free, 52MB/68MB, paused 437us total 20.611ms
08-04 14:49:04.240 11969 11983 I art     : Starting a blocking GC Explicit
08-04 14:49:04.259 11969 11983 I art     : Explicit concurrent mark sweep GC freed 119(6KB) AllocSpace objects, 0(0B) LOS objects, 23% free, 52MB/68MB, paused 410us total 18.768ms
08-04 14:49:04.267 11969 11983 I art     : Starting a blocking GC Explicit
08-04 14:49:04.287 11969 11983 I art     : Explicit concurrent mark sweep GC freed 1271(83KB) AllocSpace objects, 1(28KB) LOS objects, 23% free, 52MB/68MB, paused 480us total 19.485ms
08-04 14:49:04.295 11969 11983 I art     : Starting a blocking GC Explicit
08-04 14:49:04.314 11969 11983 I art     : Explicit concurrent mark sweep GC freed 3(96B) AllocSpace objects, 0(0B) LOS objects, 23% free, 52MB/68MB, paused 433us total 19.246ms
08-04 14:49:04.598 11969 12201 I art     : Starting a blocking GC Explicit
08-04 14:49:04.624 11969 12201 I art     : Explicit concurrent mark sweep GC freed 1344(78KB) AllocSpace objects, 1(20KB) LOS objects, 23% free, 52MB/68MB, paused 476us total 25.366ms
08-04 14:49:04.635 11969 12201 I art     : Starting a blocking GC Explicit
08-04 14:49:04.657 11969 12201 I art     : Explicit concurrent mark sweep GC freed 20(704B) AllocSpace objects, 0(0B) LOS objects, 23% free, 52MB/68MB, paused 467us total 21.569ms
08-04 14:49:04.666 11969 12201 I art     : Starting a blocking GC Explicit
08-04 14:49:04.688 11969 12201 I art     : Explicit concurrent mark sweep GC freed 3(96B) AllocSpace objects, 0(0B) LOS objects, 23% free, 52MB/68MB, paused 449us total 21.644ms
08-04 14:49:04.697 11969 12201 I art     : Starting a blocking GC Explicit
08-04 14:49:04.719 11969 12201 I art     : Explicit concurrent mark sweep GC freed 3(96B) AllocSpace objects, 0(0B) LOS objects, 23% free, 52MB/68MB, paused 455us total 21.511ms
08-04 14:49:04.728 11969 12201 I art     : Starting a blocking GC Explicit
08-04 14:49:04.749 11969 12201 I art     : Explicit concurrent mark sweep GC freed 3(96B) AllocSpace objects, 0(0B) LOS objects, 23% free, 52MB/68MB, paused 444us total 21.031ms
08-04 14:49:04.807  5179  5194 D QcrilMsgTunnelSocket: readRilMessage: Buffer = [B@671e81d HexData = [010000000404000011000000514f454d484f4f4bef0308000100000003]
08-04 14:49:04.808  5179  5194 D QcrilMsgTunnelSocket: Rcvd UNSOL response with 28 bytes data for SUB0
08-04 14:49:04.808  5179  5194 D QcrilMsgTunnelSocket: Response ID 525295 is not served in this process.
08-04 14:49:04.808  5179  5194 D QcrilMsgTunnelSocket: To broadcast an Intent via the notifier to external apps
08-04 14:49:04.808  5179  5179 D QcrilMsgTunnelIfaceManager: handleMessage what = 0
08-04 14:49:04.808  5179  5179 D QcrilMsgTunnelIfaceManager: Broadcasting intent ACTION_UNSOL_RESPONSE_OEM_HOOK_RAW
08-04 14:49:04.810  5164  5164 D QC_RIL_OEM_HOOK: Received Broadcast Intent ACTION_UNSOL_RESPONSE_OEM_HOOK_RAW
08-04 14:49:04.810  5164  5164 D QC_RIL_OEM_HOOK: Oem ID in QCRILHOOK UNSOL RESP is QOEMHOOK
08-04 14:49:05.052 11969 14060 I art     : Starting a blocking GC Explicit
08-04 14:49:05.083 11969 14060 I art     : Explicit concurrent mark sweep GC freed 1343(78KB) AllocSpace objects, 1(20KB) LOS objects, 23% free, 52MB/68MB, paused 484us total 30.613ms
08-04 14:49:05.095 11969 14060 I art     : Starting a blocking GC Explicit
08-04 14:49:05.116 11969 14060 I art     : Explicit concurrent mark sweep GC freed 20(704B) AllocSpace objects, 0(0B) LOS objects, 23% free, 52MB/68MB, paused 409us total 20.796ms
08-04 14:49:05.117 11969 11981 I art     : WaitForGcToComplete blocked for 13.468ms for cause HeapTrim
08-04 14:49:05.125 11969 14060 I art     : Starting a blocking GC Explicit
08-04 14:49:05.144 11969 14060 I art     : Explicit concurrent mark sweep GC freed 3(96B) AllocSpace objects, 0(0B) LOS objects, 23% free, 52MB/68MB, paused 427us total 19.310ms
08-04 14:49:05.152 11969 14060 I art     : Starting a blocking GC Explicit
08-04 14:49:05.171 11969 14060 I art     : Explicit concurrent mark sweep GC freed 3(96B) AllocSpace objects, 0(0B) LOS objects, 23% free, 52MB/68MB, paused 436us total 18.786ms
08-04 14:49:05.179 11969 14060 I art     : Starting a blocking GC Explicit
08-04 14:49:05.199 11969 14060 I art     : Explicit concurrent mark sweep GC freed 3(96B) AllocSpace objects, 0(0B) LOS objects, 23% free, 52MB/68MB, paused 499us total 19.819ms
08-04 14:49:05.468 11969 12449 I art     : Starting a blocking GC Explicit
08-04 14:49:05.490 11969 12449 I art     : Explicit concurrent mark sweep GC freed 1343(78KB) AllocSpace objects, 1(20KB) LOS objects, 23% free, 52MB/68MB, paused 455us total 21.518ms
08-04 14:49:05.499 11969 12449 I art     : Starting a blocking GC Explicit
08-04 14:49:05.521 11969 12449 I art     : Explicit concurrent mark sweep GC freed 22(768B) AllocSpace objects, 0(0B) LOS objects, 23% free, 52MB/68MB, paused 468us total 22.290ms
08-04 14:49:05.526 14393 14393 D AndroidRuntime: >>>>>> START com.android.internal.os.RuntimeInit uid 2000 <<<<<<
08-04 14:49:05.530 11969 12449 I art     : Starting a blocking GC Explicit
08-04 14:49:05.531 14393 14393 D AndroidRuntime: CheckJNI is OFF
08-04 14:49:05.552 11969 12449 I art     : Explicit concurrent mark sweep GC freed 7(224B) AllocSpace objects, 0(0B) LOS objects, 23% free, 52MB/68MB, paused 502us total 21.645ms
08-04 14:49:05.560 11969 12449 I art     : Starting a blocking GC Explicit
08-04 14:49:05.568 14393 14393 D ICU     : No timezone override file found: /data/misc/zoneinfo/current/icu/icu_tzdata.dat
08-04 14:49:05.580 11969 12449 I art     : Explicit concurrent mark sweep GC freed 6(192B) AllocSpace objects, 0(0B) LOS objects, 23% free, 52MB/68MB, paused 415us total 19.217ms
08-04 14:49:05.588 11969 12449 I art     : Starting a blocking GC Explicit
08-04 14:49:05.602 14393 14393 I Radio-JNI: register_android_hardware_Radio DONE
08-04 14:49:05.607 11969 12449 I art     : Explicit concurrent mark sweep GC freed 6(192B) AllocSpace objects, 0(0B) LOS objects, 23% free, 52MB/68MB, paused 497us total 19.005ms
08-04 14:49:05.623 14393 14393 D AndroidRuntime: Calling main entry com.android.commands.input.Input
08-04 14:49:05.625 14393 14393 I Input   : injectMotionEvent: MotionEvent { action=ACTION_DOWN, actionButton=0, id[0]=0, x[0]=756.0, y[0]=1530.0, toolType[0]=TOOL_TYPE_UNKNOWN, buttonState=0, metaState=0, flags=0x0, edgeFlags=0x0, pointerCount=1, historySize=0, eventTime=715762038, downTime=715762038, deviceId=0, source=0x1002 }
08-04 14:49:05.631 14393 14393 I Input   : injectMotionEvent: MotionEvent { action=ACTION_UP, actionButton=0, id[0]=0, x[0]=756.0, y[0]=1530.0, toolType[0]=TOOL_TYPE_UNKNOWN, buttonState=0, metaState=0, flags=0x0, edgeFlags=0x0, pointerCount=1, historySize=0, eventTime=715762038, downTime=715762038, deviceId=0, source=0x1002 }
08-04 14:49:05.633 14393 14393 D AndroidRuntime: Shutting down VM
08-04 14:49:05.643   918  6029 I ActivityManager: START u0 {cmp=baseline.appteam.nith.hillffair/.activities.LeaderBoardActivity} from uid 10651 on display 0
08-04 14:49:05.645   512  2967 D audio_hw_primary: out_set_parameters: enter: usecase(1: low-latency-playback) kvpairs: routing=2
08-04 14:49:05.658   512  2967 D audio_hw_primary: select_devices: out_snd_device(2: speaker) in_snd_device(0: none)
08-04 14:49:05.658   512  2967 D msm8974_platform: platform_send_audio_calibration: sending audio calibration for snd_device(2) acdb_id(15)
08-04 14:49:05.659   512  2967 I soundtrigger: audio_extn_sound_trigger_update_device_status: device 0x2 of type 0 for Event 1
08-04 14:49:05.669   512  2967 D audio_hw_primary: enable_snd_device: snd_device(2: speaker)
08-04 14:49:05.671   512  2967 D audio_hw_primary: enable_audio_route: apply and update mixer path: low-latency-playback speaker
08-04 14:49:05.733 11969 11969 E RecyclerView: No adapter attached; skipping layout
08-04 14:49:05.735 11969 11969 E RecyclerView: No adapter attached; skipping layout
08-04 14:49:05.750   918   936 I ActivityManager: Displayed baseline.appteam.nith.hillffair/.activities.LeaderBoardActivity: +90ms
08-04 14:49:05.751 13866 13866 I GoogleInputMethodServic: GoogleInputMethodService.onFinishInput():3138 
08-04 14:49:05.751 13866 13866 I GoogleInputMethodServic: GoogleInputMethodService.onStartInput():1808 
08-04 14:49:05.752 11969 11969 E RecyclerView: No adapter attached; skipping layout
08-04 14:49:05.764 11969 11993 D OpenGLRenderer: endAllStagingAnimators on 0x7f7d6bf800 (RippleDrawable) with handle 0x7f9a1e69e0
08-04 14:49:05.844 11969 12449 I art     : Starting a blocking GC Explicit
08-04 14:49:05.866 11969 12449 I art     : Explicit concurrent mark sweep GC freed 6657(403KB) AllocSpace objects, 1(20KB) LOS objects, 23% free, 52MB/68MB, paused 448us total 22.079ms
08-04 14:49:05.875 11969 12449 I art     : Starting a blocking GC Explicit
08-04 14:49:05.899 11969 12449 I art     : Explicit concurrent mark sweep GC freed 278(12KB) AllocSpace objects, 0(0B) LOS objects, 23% free, 52MB/68MB, paused 611us total 23.923ms
08-04 14:49:05.909 11969 12449 I art     : Starting a blocking GC Explicit
08-04 14:49:05.935 11969 12449 I art     : Explicit concurrent mark sweep GC freed 3(96B) AllocSpace objects, 0(0B) LOS objects, 23% free, 52MB/68MB, paused 458us total 25.919ms
08-04 14:49:05.946 11969 12449 I art     : Starting a blocking GC Explicit
08-04 14:49:05.970 11969 12449 I art     : Explicit concurrent mark sweep GC freed 3(96B) AllocSpace objects, 0(0B) LOS objects, 23% free, 52MB/68MB, paused 470us total 23.954ms
08-04 14:49:05.981 11969 12449 I art     : Starting a blocking GC Explicit
08-04 14:49:06.006 11969 12449 I art     : Explicit concurrent mark sweep GC freed 3(96B) AllocSpace objects, 0(0B) LOS objects, 23% free, 52MB/68MB, paused 494us total 24.529ms
08-04 14:49:06.009   380   380 W SurfaceFlinger: couldn't log to binary event log: overflow.
08-04 14:49:06.068  8510  8510 I Atfwd_Sendcmd: AtCmdFwd service not ready - Exhausted retry attempts - :6
08-04 14:49:06.068  8510  8510 I Atfwd_Daemon: result : -1 	 ,Init step :2 	 ,qmiErrorCode: 0
08-04 14:49:06.209   512  2967 D audio_hw_primary: disable_audio_route: reset and update mixer path: low-latency-playback speaker
08-04 14:49:06.210   512  2967 D audio_hw_primary: disable_snd_device: snd_device(2: speaker)
08-04 14:49:06.219   512  2967 I soundtrigger: audio_extn_sound_trigger_update_device_status: device 0x2 of type 0 for Event 0
08-04 14:49:06.299 11969 11983 I art     : Starting a blocking GC Explicit
08-04 14:49:06.321 11969 11983 I art     : Explicit concurrent mark sweep GC freed 1479(85KB) AllocSpace objects, 1(20KB) LOS objects, 23% free, 52MB/68MB, paused 510us total 22.155ms
08-04 14:49:06.330 11969 11983 I art     : Starting a blocking GC Explicit
08-04 14:49:06.352 11969 11983 I art     : Explicit concurrent mark sweep GC freed 66(2240B) AllocSpace objects, 0(0B) LOS objects, 23% free, 52MB/68MB, paused 495us total 20.993ms
08-04 14:49:06.360 11969 11983 I art     : Starting a blocking GC Explicit
08-04 14:49:06.381 11969 11983 I art     : Explicit concurrent mark sweep GC freed 13(480B) AllocSpace objects, 0(0B) LOS objects, 23% free, 52MB/68MB, paused 481us total 20.288ms
08-04 14:49:06.389 11969 11983 I art     : Starting a blocking GC Explicit
08-04 14:49:06.411 11969 11983 I art     : Explicit concurrent mark sweep GC freed 10(352B) AllocSpace objects, 0(0B) LOS objects, 23% free, 52MB/68MB, paused 594us total 21.052ms
08-04 14:49:06.419 11969 11983 I art     : Starting a blocking GC Explicit
08-04 14:49:06.440 11969 11983 I art     : Explicit concurrent mark sweep GC freed 11(416B) AllocSpace objects, 0(0B) LOS objects, 23% free, 52MB/68MB, paused 485us total 21.013ms
08-04 14:49:06.523 11969 14417 D OkHttp  : --> GET https://api-hillfair-2k16.herokuapp.com/api/app/quiz/leaderboard?from=1 http/1.1
08-04 14:49:06.554 11969 14417 D OkHttp  : <-- 200 OK https://api-hillfair-2k16.herokuapp.com/api/app/quiz/leaderboard?from=1 (30ms, 56744-byte body)
08-04 14:49:06.644 11969 11969 I NAPPA_EXPERIMENTATION: MetricNetworkRequestExecutionTime: REQUEST_DURATION_SYSTEM='949',REQUEST_DURATION_OKHTTP='31',REQUEST_SYNCHRONOUS='FALSE',RESPONSE_CODE='200',RESPONSE_METHOD='GET',RESPONSE_LENGTH_OKHTTP='56744',RESPONSE_LENGTH_HEADER='56744',REQUEST_PROTOCOL='http/1.1',REQUEST_URL='https://api-hillfair-2k16.herokuapp.com/api/app/quiz/leaderboard?from=1',
08-04 14:49:06.699 11969 12201 I art     : Starting a blocking GC Explicit
08-04 14:49:06.727 11969 12201 I art     : Explicit concurrent mark sweep GC freed 30314(1446KB) AllocSpace objects, 4(220KB) LOS objects, 23% free, 53MB/69MB, paused 524us total 27.357ms
08-04 14:49:06.736 11969 12201 I art     : Starting a blocking GC Explicit
08-04 14:49:06.758 11969 12201 I art     : Explicit concurrent mark sweep GC freed 1067(121KB) AllocSpace objects, 0(0B) LOS objects, 23% free, 53MB/69MB, paused 499us total 21.919ms
08-04 14:49:06.767 11969 12201 I art     : Starting a blocking GC Explicit
08-04 14:49:06.790 11969 12201 I art     : Explicit concurrent mark sweep GC freed 3(96B) AllocSpace objects, 0(0B) LOS objects, 23% free, 53MB/69MB, paused 463us total 22.819ms
08-04 14:49:06.799 11969 12201 I art     : Starting a blocking GC Explicit
08-04 14:49:06.822 11969 12201 I art     : Explicit concurrent mark sweep GC freed 3(96B) AllocSpace objects, 0(0B) LOS objects, 23% free, 53MB/69MB, paused 466us total 22.893ms
08-04 14:49:06.831 11969 12201 I art     : Starting a blocking GC Explicit
08-04 14:49:06.854 11969 12201 I art     : Explicit concurrent mark sweep GC freed 3(96B) AllocSpace objects, 0(0B) LOS objects, 23% free, 53MB/69MB, paused 463us total 23.079ms
08-04 14:49:07.152 11969 14060 I art     : Starting a blocking GC Explicit
08-04 14:49:07.179 11969 14060 I art     : Explicit concurrent mark sweep GC freed 1344(78KB) AllocSpace objects, 1(20KB) LOS objects, 23% free, 53MB/69MB, paused 516us total 26.964ms
08-04 14:49:07.191 11969 14060 I art     : Starting a blocking GC Explicit
08-04 14:49:07.216 11969 14060 I art     : Explicit concurrent mark sweep GC freed 20(704B) AllocSpace objects, 0(0B) LOS objects, 23% free, 53MB/69MB, paused 436us total 23.911ms
08-04 14:49:07.225 11969 14060 I art     : Starting a blocking GC Explicit
08-04 14:49:07.250 11969 14060 I art     : Explicit concurrent mark sweep GC freed 3(96B) AllocSpace objects, 0(0B) LOS objects, 23% free, 53MB/69MB, paused 473us total 24.310ms
08-04 14:49:07.259 11969 14060 I art     : Starting a blocking GC Explicit
08-04 14:49:07.283 11969 14060 I art     : Explicit concurrent mark sweep GC freed 3(96B) AllocSpace objects, 0(0B) LOS objects, 23% free, 53MB/69MB, paused 465us total 23.958ms
08-04 14:49:07.293 11969 14060 I art     : Starting a blocking GC Explicit
08-04 14:49:07.317 11969 14060 I art     : Explicit concurrent mark sweep GC freed 3(96B) AllocSpace objects, 0(0B) LOS objects, 23% free, 53MB/69MB, paused 466us total 23.774ms
08-04 14:49:07.653 11969 11983 I art     : Starting a blocking GC Explicit
08-04 14:49:07.688 11969 11983 I art     : Explicit concurrent mark sweep GC freed 1344(78KB) AllocSpace objects, 1(20KB) LOS objects, 23% free, 53MB/69MB, paused 768us total 35.115ms
08-04 14:49:07.702 11969 11983 I art     : Starting a blocking GC Explicit
08-04 14:49:07.725 11969 11983 I art     : Explicit concurrent mark sweep GC freed 20(704B) AllocSpace objects, 0(0B) LOS objects, 23% free, 53MB/69MB, paused 451us total 22.916ms
08-04 14:49:07.734 11969 11983 I art     : Starting a blocking GC Explicit
08-04 14:49:07.758 11969 11983 I art     : Explicit concurrent mark sweep GC freed 3(96B) AllocSpace objects, 0(0B) LOS objects, 23% free, 53MB/69MB, paused 477us total 23.259ms
08-04 14:49:07.767 11969 11983 I art     : Starting a blocking GC Explicit
08-04 14:49:07.791 11969 11983 I art     : Explicit concurrent mark sweep GC freed 3(96B) AllocSpace objects, 0(0B) LOS objects, 23% free, 53MB/69MB, paused 454us total 23.296ms
08-04 14:49:07.800 11969 11983 I art     : Starting a blocking GC Explicit
08-04 14:49:07.824 11969 11983 I art     : Explicit concurrent mark sweep GC freed 3(96B) AllocSpace objects, 0(0B) LOS objects, 23% free, 53MB/69MB, paused 519us total 23.730ms
08-04 14:49:08.148 11969 12449 I art     : Starting a blocking GC Explicit
08-04 14:49:08.178 11969 12449 I art     : Explicit concurrent mark sweep GC freed 1344(78KB) AllocSpace objects, 1(20KB) LOS objects, 23% free, 53MB/69MB, paused 534us total 29.693ms
08-04 14:49:08.191 11969 12449 I art     : Starting a blocking GC Explicit
08-04 14:49:08.215 11969 12449 I art     : Explicit concurrent mark sweep GC freed 20(704B) AllocSpace objects, 0(0B) LOS objects, 23% free, 53MB/69MB, paused 485us total 24.360ms
08-04 14:49:08.225 11969 12449 I art     : Starting a blocking GC Explicit
08-04 14:49:08.249 11969 12449 I art     : Explicit concurrent mark sweep GC freed 3(96B) AllocSpace objects, 0(0B) LOS objects, 23% free, 53MB/69MB, paused 495us total 23.961ms
08-04 14:49:08.259 11969 12449 I art     : Starting a blocking GC Explicit
08-04 14:49:08.283 11969 12449 I art     : Explicit concurrent mark sweep GC freed 3(96B) AllocSpace objects, 0(0B) LOS objects, 23% free, 53MB/69MB, paused 456us total 23.867ms
08-04 14:49:08.292 11969 12449 I art     : Starting a blocking GC Explicit
08-04 14:49:08.315 11969 12449 I art     : Explicit concurrent mark sweep GC freed 3(96B) AllocSpace objects, 0(0B) LOS objects, 23% free, 53MB/69MB, paused 482us total 23.172ms
08-04 14:49:08.645 11969 11982 I art     : Starting a blocking GC Explicit
08-04 14:49:08.679 11969 11982 I art     : Explicit concurrent mark sweep GC freed 1344(78KB) AllocSpace objects, 1(20KB) LOS objects, 23% free, 53MB/69MB, paused 528us total 32.761ms
08-04 14:49:08.691 11969 11982 I art     : Starting a blocking GC Explicit
08-04 14:49:08.715 11969 11982 I art     : Explicit concurrent mark sweep GC freed 20(704B) AllocSpace objects, 0(0B) LOS objects, 23% free, 53MB/69MB, paused 471us total 23.630ms
08-04 14:49:08.724 11969 11982 I art     : Starting a blocking GC Explicit
08-04 14:49:08.747 11969 11982 I art     : Explicit concurrent mark sweep GC freed 3(96B) AllocSpace objects, 0(0B) LOS objects, 23% free, 53MB/69MB, paused 495us total 23.480ms
08-04 14:49:08.757 11969 11982 I art     : Starting a blocking GC Explicit
08-04 14:49:08.781 11969 11982 I art     : Explicit concurrent mark sweep GC freed 3(96B) AllocSpace objects, 0(0B) LOS objects, 23% free, 53MB/69MB, paused 462us total 23.714ms
08-04 14:49:08.790 11969 11982 I art     : Starting a blocking GC Explicit
08-04 14:49:08.814 11969 11982 I art     : Explicit concurrent mark sweep GC freed 3(96B) AllocSpace objects, 0(0B) LOS objects, 23% free, 53MB/69MB, paused 518us total 23.482ms
08-04 14:49:09.134 11969 12201 I art     : Starting a blocking GC Explicit
08-04 14:49:09.168 11969 12201 I art     : Explicit concurrent mark sweep GC freed 1344(78KB) AllocSpace objects, 1(20KB) LOS objects, 23% free, 53MB/69MB, paused 576us total 33.203ms
08-04 14:49:09.181 11969 12201 I art     : Starting a blocking GC Explicit
08-04 14:49:09.207 11969 12201 I art     : Explicit concurrent mark sweep GC freed 20(704B) AllocSpace objects, 0(0B) LOS objects, 23% free, 53MB/69MB, paused 503us total 26.084ms
08-04 14:49:09.217 11969 12201 I art     : Starting a blocking GC Explicit
08-04 14:49:09.240 11969 12201 I art     : Explicit concurrent mark sweep GC freed 3(96B) AllocSpace objects, 0(0B) LOS objects, 23% free, 53MB/69MB, paused 466us total 23.706ms
08-04 14:49:09.250 11969 12201 I art     : Starting a blocking GC Explicit
08-04 14:49:09.274 11969 12201 I art     : Explicit concurrent mark sweep GC freed 3(96B) AllocSpace objects, 0(0B) LOS objects, 23% free, 53MB/69MB, paused 514us total 24.266ms
08-04 14:49:09.284 11969 12201 I art     : Starting a blocking GC Explicit
08-04 14:49:09.308 11969 12201 I art     : Explicit concurrent mark sweep GC freed 3(96B) AllocSpace objects, 0(0B) LOS objects, 23% free, 53MB/69MB, paused 473us total 23.726ms
08-04 14:49:09.618 11969 14060 I art     : Starting a blocking GC Explicit
08-04 14:49:09.641 11969 14060 I art     : Explicit concurrent mark sweep GC freed 1344(78KB) AllocSpace objects, 1(20KB) LOS objects, 23% free, 53MB/69MB, paused 460us total 22.914ms
08-04 14:49:09.651 11969 14060 I art     : Starting a blocking GC Explicit
08-04 14:49:09.673 11969 14060 I art     : Explicit concurrent mark sweep GC freed 20(704B) AllocSpace objects, 0(0B) LOS objects, 23% free, 53MB/69MB, paused 462us total 22.027ms
08-04 14:49:09.682 11969 14060 I art     : Starting a blocking GC Explicit
08-04 14:49:09.705 11969 14060 I art     : Explicit concurrent mark sweep GC freed 18(656B) AllocSpace objects, 0(0B) LOS objects, 23% free, 53MB/69MB, paused 451us total 22.783ms
08-04 14:49:09.714 11969 14060 I art     : Starting a blocking GC Explicit
08-04 14:49:09.737 11969 14060 I art     : Explicit concurrent mark sweep GC freed 3(96B) AllocSpace objects, 0(0B) LOS objects, 23% free, 53MB/69MB, paused 595us total 22.862ms
08-04 14:49:09.746 11969 14060 I art     : Starting a blocking GC Explicit
08-04 14:49:09.769 11969 14060 I art     : Explicit concurrent mark sweep GC freed 3(96B) AllocSpace objects, 0(0B) LOS objects, 23% free, 53MB/69MB, paused 481us total 22.945ms
08-04 14:49:10.038 11969 12449 I art     : Starting a blocking GC Explicit
08-04 14:49:10.061 11969 12449 I art     : Explicit concurrent mark sweep GC freed 1344(78KB) AllocSpace objects, 1(20KB) LOS objects, 23% free, 53MB/69MB, paused 474us total 23.350ms
08-04 14:49:10.071 11969 12449 I art     : Starting a blocking GC Explicit
08-04 14:49:10.093 11969 12449 I art     : Explicit concurrent mark sweep GC freed 20(704B) AllocSpace objects, 0(0B) LOS objects, 23% free, 53MB/69MB, paused 441us total 21.717ms
08-04 14:49:10.101 11969 12449 I art     : Starting a blocking GC Explicit
08-04 14:49:10.124 11969 12449 I art     : Explicit concurrent mark sweep GC freed 3(96B) AllocSpace objects, 0(0B) LOS objects, 23% free, 53MB/69MB, paused 438us total 21.880ms
08-04 14:49:10.132 11969 12449 I art     : Starting a blocking GC Explicit
08-04 14:49:10.154 11969 12449 I art     : Explicit concurrent mark sweep GC freed 3(96B) AllocSpace objects, 0(0B) LOS objects, 23% free, 53MB/69MB, paused 456us total 21.830ms
08-04 14:49:10.154 11969 11981 I art     : WaitForGcToComplete blocked for 9.731ms for cause HeapTrim
08-04 14:49:10.163 11969 12449 I art     : Starting a blocking GC Explicit
08-04 14:49:10.185 11969 12449 I art     : Explicit concurrent mark sweep GC freed 3(96B) AllocSpace objects, 0(0B) LOS objects, 23% free, 53MB/69MB, paused 486us total 21.791ms
08-04 14:49:10.332 14509 14509 D AndroidRuntime: >>>>>> START com.android.internal.os.RuntimeInit uid 2000 <<<<<<
08-04 14:49:10.337 14509 14509 D AndroidRuntime: CheckJNI is OFF
08-04 14:49:10.369 14509 14509 D ICU     : No timezone override file found: /data/misc/zoneinfo/current/icu/icu_tzdata.dat
08-04 14:49:10.402 14509 14509 I Radio-JNI: register_android_hardware_Radio DONE
08-04 14:49:10.423 14509 14509 D AndroidRuntime: Calling main entry com.android.commands.input.Input
08-04 14:49:10.425 14509 14509 I Input   : injectKeyEvent: KeyEvent { action=ACTION_DOWN, keyCode=KEYCODE_BACK, scanCode=0, metaState=0, flags=0x0, repeatCount=0, eventTime=715766838, downTime=715766838, deviceId=-1, source=0x101 }
08-04 14:49:10.430 14509 14509 I Input   : injectKeyEvent: KeyEvent { action=ACTION_UP, keyCode=KEYCODE_BACK, scanCode=0, metaState=0, flags=0x0, repeatCount=0, eventTime=715766838, downTime=715766838, deviceId=-1, source=0x101 }
08-04 14:49:10.436 14509 14509 D AndroidRuntime: Shutting down VM
08-04 14:49:10.475 13866 13866 I GoogleInputMethodServic: GoogleInputMethodService.onFinishInput():3138 
08-04 14:49:10.475 11969 12449 I art     : Starting a blocking GC Explicit
08-04 14:49:10.475 13866 13866 I GoogleInputMethodServic: GoogleInputMethodService.onStartInput():1808 
08-04 14:49:10.502 11969 12449 I art     : Explicit concurrent mark sweep GC freed 1482(84KB) AllocSpace objects, 1(20KB) LOS objects, 23% free, 53MB/69MB, paused 462us total 26.720ms
08-04 14:49:10.512 11969 12449 I art     : Starting a blocking GC Explicit
08-04 14:49:10.532 11969 12449 I art     : Explicit concurrent mark sweep GC freed 26(944B) AllocSpace objects, 0(0B) LOS objects, 23% free, 53MB/69MB, paused 424us total 19.979ms
08-04 14:49:10.540 11969 12449 I art     : Starting a blocking GC Explicit
08-04 14:49:10.560 11969 12449 I art     : Explicit concurrent mark sweep GC freed 3(96B) AllocSpace objects, 0(0B) LOS objects, 23% free, 53MB/69MB, paused 482us total 19.642ms
08-04 14:49:10.568 11969 12449 I art     : Starting a blocking GC Explicit
08-04 14:49:10.590 11969 12449 I art     : Explicit concurrent mark sweep GC freed 3(96B) AllocSpace objects, 0(0B) LOS objects, 23% free, 53MB/69MB, paused 405us total 21.461ms
08-04 14:49:10.599 11969 12449 I art     : Starting a blocking GC Explicit
08-04 14:49:10.623 11969 12449 I art     : Explicit concurrent mark sweep GC freed 3(96B) AllocSpace objects, 0(0B) LOS objects, 23% free, 53MB/69MB, paused 414us total 24.283ms
08-04 14:49:10.764   380   380 W SurfaceFlinger: couldn't log to binary event log: overflow.
08-04 14:49:10.880 11969 12201 I art     : Starting a blocking GC Explicit
08-04 14:49:10.905 11969 12201 I art     : Explicit concurrent mark sweep GC freed 1463(87KB) AllocSpace objects, 1(20KB) LOS objects, 23% free, 53MB/69MB, paused 537us total 24.631ms
08-04 14:49:10.914 11969 12201 I art     : Starting a blocking GC Explicit
08-04 14:49:10.937 11969 12201 I art     : Explicit concurrent mark sweep GC freed 4698(269KB) AllocSpace objects, 2(140KB) LOS objects, 23% free, 52MB/68MB, paused 476us total 22.662ms
08-04 14:49:10.946 11969 12201 I art     : Starting a blocking GC Explicit
08-04 14:49:10.968 11969 12201 I art     : Explicit concurrent mark sweep GC freed 3(96B) AllocSpace objects, 0(0B) LOS objects, 23% free, 52MB/68MB, paused 478us total 21.059ms
08-04 14:49:10.976 11969 12201 I art     : Starting a blocking GC Explicit
08-04 14:49:10.998 11969 12201 I art     : Explicit concurrent mark sweep GC freed 3(96B) AllocSpace objects, 0(0B) LOS objects, 23% free, 52MB/68MB, paused 459us total 21.595ms
08-04 14:49:11.007 11969 12201 I art     : Starting a blocking GC Explicit
08-04 14:49:11.029 11969 12201 I art     : Explicit concurrent mark sweep GC freed 3(96B) AllocSpace objects, 0(0B) LOS objects, 23% free, 52MB/68MB, paused 458us total 22.234ms
08-04 14:49:11.327 11969 14060 I art     : Starting a blocking GC Explicit
08-04 14:49:11.355 11969 14060 I art     : Explicit concurrent mark sweep GC freed 1344(78KB) AllocSpace objects, 1(20KB) LOS objects, 23% free, 52MB/68MB, paused 513us total 28.441ms
08-04 14:49:11.367 11969 14060 I art     : Starting a blocking GC Explicit
08-04 14:49:11.391 11969 14060 I art     : Explicit concurrent mark sweep GC freed 20(704B) AllocSpace objects, 0(0B) LOS objects, 23% free, 52MB/68MB, paused 479us total 22.946ms
08-04 14:49:11.400 11969 14060 I art     : Starting a blocking GC Explicit
08-04 14:49:11.422 11969 14060 I art     : Explicit concurrent mark sweep GC freed 3(96B) AllocSpace objects, 0(0B) LOS objects, 23% free, 52MB/68MB, paused 451us total 21.926ms
08-04 14:49:11.431 11969 14060 I art     : Starting a blocking GC Explicit
08-04 14:49:11.453 11969 14060 I art     : Explicit concurrent mark sweep GC freed 3(96B) AllocSpace objects, 0(0B) LOS objects, 23% free, 52MB/68MB, paused 472us total 21.551ms
08-04 14:49:11.462 11969 14060 I art     : Starting a blocking GC Explicit
08-04 14:49:11.484 11969 14060 I art     : Explicit concurrent mark sweep GC freed 3(96B) AllocSpace objects, 0(0B) LOS objects, 23% free, 52MB/68MB, paused 471us total 21.086ms
08-04 14:49:11.764 11969 11983 I art     : Starting a blocking GC Explicit
08-04 14:49:11.786 11969 11983 I art     : Explicit concurrent mark sweep GC freed 1343(78KB) AllocSpace objects, 1(20KB) LOS objects, 23% free, 52MB/68MB, paused 478us total 21.544ms
08-04 14:49:11.795 11969 11983 I art     : Starting a blocking GC Explicit
08-04 14:49:11.817 11969 11983 I art     : Explicit concurrent mark sweep GC freed 20(704B) AllocSpace objects, 0(0B) LOS objects, 23% free, 52MB/68MB, paused 555us total 21.828ms
08-04 14:49:11.826 11969 11983 I art     : Starting a blocking GC Explicit
08-04 14:49:11.847 11969 11983 I art     : Explicit concurrent mark sweep GC freed 3(96B) AllocSpace objects, 0(0B) LOS objects, 23% free, 52MB/68MB, paused 519us total 20.818ms
08-04 14:49:11.855 11969 11983 I art     : Starting a blocking GC Explicit
08-04 14:49:11.876 11969 11983 I art     : Explicit concurrent mark sweep GC freed 3(96B) AllocSpace objects, 0(0B) LOS objects, 23% free, 52MB/68MB, paused 460us total 20.375ms
08-04 14:49:11.884 11969 11983 I art     : Starting a blocking GC Explicit
08-04 14:49:11.906 11969 11983 I art     : Explicit concurrent mark sweep GC freed 3(96B) AllocSpace objects, 0(0B) LOS objects, 23% free, 52MB/68MB, paused 512us total 21.029ms
08-04 14:49:12.083 14569 14569 D AndroidRuntime: >>>>>> START com.android.internal.os.RuntimeInit uid 2000 <<<<<<
08-04 14:49:12.089 14569 14569 D AndroidRuntime: CheckJNI is OFF
08-04 14:49:12.120 14569 14569 D ICU     : No timezone override file found: /data/misc/zoneinfo/current/icu/icu_tzdata.dat
08-04 14:49:12.152 14569 14569 I Radio-JNI: register_android_hardware_Radio DONE
08-04 14:49:12.172 14569 14569 D AndroidRuntime: Calling main entry com.android.commands.input.Input
08-04 14:49:12.174 14569 14569 I Input   : injectKeyEvent: KeyEvent { action=ACTION_DOWN, keyCode=KEYCODE_BACK, scanCode=0, metaState=0, flags=0x0, repeatCount=0, eventTime=715768587, downTime=715768587, deviceId=-1, source=0x101 }
08-04 14:49:12.179 14569 14569 I Input   : injectKeyEvent: KeyEvent { action=ACTION_UP, keyCode=KEYCODE_BACK, scanCode=0, metaState=0, flags=0x0, repeatCount=0, eventTime=715768587, downTime=715768587, deviceId=-1, source=0x101 }
08-04 14:49:12.183 14569 14569 D AndroidRuntime: Shutting down VM
08-04 14:49:12.191 11969 11982 I art     : Starting a blocking GC Explicit
08-04 14:49:12.213 11969 11982 I art     : Explicit concurrent mark sweep GC freed 1497(85KB) AllocSpace objects, 1(20KB) LOS objects, 23% free, 52MB/68MB, paused 459us total 21.219ms
08-04 14:49:12.221 11969 11982 I art     : Starting a blocking GC Explicit
08-04 14:49:12.242 11969 11982 I art     : Explicit concurrent mark sweep GC freed 27(928B) AllocSpace objects, 0(0B) LOS objects, 23% free, 52MB/68MB, paused 458us total 20.473ms
08-04 14:49:12.252 11969 11982 I art     : Starting a blocking GC Explicit
08-04 14:49:12.262 13866 13866 I GoogleInputMethodServic: GoogleInputMethodService.onFinishInput():3138 
08-04 14:49:12.263 13866 13866 I GoogleInputMethodServic: GoogleInputMethodService.onStartInput():1808 
08-04 14:49:12.275 11969 11982 I art     : Explicit concurrent mark sweep GC freed 57(2016B) AllocSpace objects, 0(0B) LOS objects, 23% free, 52MB/68MB, paused 525us total 22.626ms
08-04 14:49:12.283 11969 11982 I art     : Starting a blocking GC Explicit
08-04 14:49:12.302 11969 11982 I art     : Explicit concurrent mark sweep GC freed 10(336B) AllocSpace objects, 0(0B) LOS objects, 23% free, 52MB/68MB, paused 439us total 18.114ms
08-04 14:49:12.310 11969 11982 I art     : Starting a blocking GC Explicit
08-04 14:49:12.328 11969 11982 I art     : Explicit concurrent mark sweep GC freed 3(96B) AllocSpace objects, 0(0B) LOS objects, 23% free, 52MB/68MB, paused 431us total 17.966ms
08-04 14:49:12.533   380   380 W SurfaceFlinger: couldn't log to binary event log: overflow.
08-04 14:49:12.608 11969 11982 I art     : Starting a blocking GC Explicit
08-04 14:49:12.631 11969 11982 I art     : Explicit concurrent mark sweep GC freed 1461(87KB) AllocSpace objects, 1(20KB) LOS objects, 23% free, 52MB/68MB, paused 472us total 22.203ms
08-04 14:49:12.639 11969 11982 I art     : Starting a blocking GC Explicit
08-04 14:49:12.661 11969 11982 I art     : Explicit concurrent mark sweep GC freed 2096(122KB) AllocSpace objects, 3(340KB) LOS objects, 23% free, 52MB/68MB, paused 466us total 21.519ms
08-04 14:49:12.670 11969 11982 I art     : Starting a blocking GC Explicit
08-04 14:49:12.691 11969 11982 I art     : Explicit concurrent mark sweep GC freed 3(96B) AllocSpace objects, 0(0B) LOS objects, 23% free, 52MB/68MB, paused 506us total 20.723ms
08-04 14:49:12.700 11969 11982 I art     : Starting a blocking GC Explicit
08-04 14:49:12.721 11969 11982 I art     : Explicit concurrent mark sweep GC freed 3(96B) AllocSpace objects, 0(0B) LOS objects, 23% free, 52MB/68MB, paused 458us total 20.943ms
08-04 14:49:12.729 11969 11982 I art     : Starting a blocking GC Explicit
08-04 14:49:12.750 11969 11982 I art     : Explicit concurrent mark sweep GC freed 3(96B) AllocSpace objects, 0(0B) LOS objects, 23% free, 52MB/68MB, paused 448us total 20.710ms
08-04 14:49:13.038 11969 12449 I art     : Starting a blocking GC Explicit
08-04 14:49:13.068 11969 12449 I art     : Explicit concurrent mark sweep GC freed 1343(78KB) AllocSpace objects, 1(20KB) LOS objects, 23% free, 52MB/68MB, paused 697us total 29.021ms
08-04 14:49:13.080 11969 12449 I art     : Starting a blocking GC Explicit
08-04 14:49:13.103 11969 12449 I art     : Explicit concurrent mark sweep GC freed 20(704B) AllocSpace objects, 0(0B) LOS objects, 23% free, 52MB/68MB, paused 461us total 23.092ms
08-04 14:49:13.112 11969 12449 I art     : Starting a blocking GC Explicit
08-04 14:49:13.133 11969 12449 I art     : Explicit concurrent mark sweep GC freed 3(96B) AllocSpace objects, 0(0B) LOS objects, 23% free, 52MB/68MB, paused 469us total 21.148ms
08-04 14:49:13.142 11969 12449 I art     : Starting a blocking GC Explicit
08-04 14:49:13.163 11969 12449 I art     : Explicit concurrent mark sweep GC freed 3(96B) AllocSpace objects, 0(0B) LOS objects, 23% free, 52MB/68MB, paused 445us total 20.622ms
08-04 14:49:13.172 11969 12449 I art     : Starting a blocking GC Explicit
08-04 14:49:13.192 11969 12449 I art     : Explicit concurrent mark sweep GC freed 3(96B) AllocSpace objects, 0(0B) LOS objects, 23% free, 52MB/68MB, paused 440us total 20.279ms
08-04 14:49:13.487 11969 12201 I art     : Starting a blocking GC Explicit
08-04 14:49:13.508 11969 12201 I art     : Explicit concurrent mark sweep GC freed 1341(78KB) AllocSpace objects, 1(20KB) LOS objects, 23% free, 52MB/68MB, paused 495us total 21.140ms
08-04 14:49:13.517 11969 12201 I art     : Starting a blocking GC Explicit
08-04 14:49:13.538 11969 12201 I art     : Explicit concurrent mark sweep GC freed 20(704B) AllocSpace objects, 0(0B) LOS objects, 23% free, 52MB/68MB, paused 501us total 21.060ms
08-04 14:49:13.546 11969 12201 I art     : Starting a blocking GC Explicit
08-04 14:49:13.566 11969 12201 I art     : Explicit concurrent mark sweep GC freed 6(192B) AllocSpace objects, 0(0B) LOS objects, 23% free, 52MB/68MB, paused 501us total 19.324ms
08-04 14:49:13.574 11969 12201 I art     : Starting a blocking GC Explicit
08-04 14:49:13.594 11969 12201 I art     : Explicit concurrent mark sweep GC freed 13(608B) AllocSpace objects, 0(0B) LOS objects, 23% free, 52MB/68MB, paused 466us total 19.547ms
08-04 14:49:13.602 11969 12201 I art     : Starting a blocking GC Explicit
08-04 14:49:13.622 11969 12201 I art     : Explicit concurrent mark sweep GC freed 17(528B) AllocSpace objects, 0(0B) LOS objects, 23% free, 52MB/68MB, paused 457us total 19.592ms
08-04 14:49:13.837 14626 14626 D AndroidRuntime: >>>>>> START com.android.internal.os.RuntimeInit uid 2000 <<<<<<
08-04 14:49:13.841 14626 14626 D AndroidRuntime: CheckJNI is OFF
08-04 14:49:13.875 14626 14626 D ICU     : No timezone override file found: /data/misc/zoneinfo/current/icu/icu_tzdata.dat
08-04 14:49:13.898 11969 14060 I art     : Starting a blocking GC Explicit
08-04 14:49:13.908 14626 14626 I Radio-JNI: register_android_hardware_Radio DONE
08-04 14:49:13.919 11969 14060 I art     : Explicit concurrent mark sweep GC freed 1341(78KB) AllocSpace objects, 1(20KB) LOS objects, 23% free, 52MB/68MB, paused 487us total 20.971ms
08-04 14:49:13.928 11969 14060 I art     : Starting a blocking GC Explicit
08-04 14:49:13.932 14626 14626 D AndroidRuntime: Calling main entry com.android.commands.input.Input
08-04 14:49:13.934 14626 14626 I Input   : injectMotionEvent: MotionEvent { action=ACTION_DOWN, actionButton=0, id[0]=0, x[0]=1053.0, y[0]=1173.0, toolType[0]=TOOL_TYPE_UNKNOWN, buttonState=0, metaState=0, flags=0x0, edgeFlags=0x0, pointerCount=1, historySize=0, eventTime=715770346, downTime=715770346, deviceId=0, source=0x1002 }
08-04 14:49:13.938 14626 14626 I Input   : injectMotionEvent: MotionEvent { action=ACTION_UP, actionButton=0, id[0]=0, x[0]=1053.0, y[0]=1173.0, toolType[0]=TOOL_TYPE_UNKNOWN, buttonState=0, metaState=0, flags=0x0, edgeFlags=0x0, pointerCount=1, historySize=0, eventTime=715770346, downTime=715770346, deviceId=0, source=0x1002 }
08-04 14:49:13.940   918  3670 I ActivityManager: START u0 {cmp=baseline.appteam.nith.hillffair/.activities.QuizActivity} from uid 10651 on display 0
08-04 14:49:13.947 14626 14626 D AndroidRuntime: Shutting down VM
08-04 14:49:13.948 11969 14060 I art     : Explicit concurrent mark sweep GC freed 35(1200B) AllocSpace objects, 0(0B) LOS objects, 23% free, 52MB/68MB, paused 613us total 19.671ms
08-04 14:49:13.956 11969 14060 I art     : Starting a blocking GC Explicit
08-04 14:49:13.976 11969 14060 I art     : Explicit concurrent mark sweep GC freed 516(43KB) AllocSpace objects, 0(0B) LOS objects, 23% free, 52MB/68MB, paused 574us total 19.637ms
08-04 14:49:13.984 11969 14060 I art     : Starting a blocking GC Explicit
08-04 14:49:14.004 11969 14060 I art     : Explicit concurrent mark sweep GC freed 269(12KB) AllocSpace objects, 0(0B) LOS objects, 23% free, 52MB/68MB, paused 425us total 19.101ms
08-04 14:49:14.012 11969 14060 I art     : Starting a blocking GC Explicit
08-04 14:49:14.031 11969 14060 I art     : Explicit concurrent mark sweep GC freed 115(4KB) AllocSpace objects, 0(0B) LOS objects, 23% free, 52MB/68MB, paused 439us total 19.367ms
08-04 14:49:14.038   918   936 I ActivityManager: Displayed baseline.appteam.nith.hillffair/.activities.QuizActivity: +92ms
08-04 14:49:14.039 13866 13866 I GoogleInputMethodServic: GoogleInputMethodService.onFinishInput():3138 
08-04 14:49:14.039 13866 13866 I GoogleInputMethodServic: GoogleInputMethodService.onStartInput():1808 
08-04 14:49:14.296   380   380 W SurfaceFlinger: couldn't log to binary event log: overflow.
08-04 14:49:14.310 11969 12201 I art     : Starting a blocking GC Explicit
08-04 14:49:14.332 11969 12201 I art     : Explicit concurrent mark sweep GC freed 1412(81KB) AllocSpace objects, 1(20KB) LOS objects, 23% free, 52MB/68MB, paused 431us total 21.888ms
08-04 14:49:14.339 11969 12201 I art     : Starting a blocking GC Explicit
08-04 14:49:14.357 11969 12201 I art     : Explicit concurrent mark sweep GC freed 24(848B) AllocSpace objects, 0(0B) LOS objects, 23% free, 52MB/68MB, paused 420us total 17.466ms
08-04 14:49:14.365 11969 12201 I art     : Starting a blocking GC Explicit
08-04 14:49:14.383 11969 12201 I art     : Explicit concurrent mark sweep GC freed 3(96B) AllocSpace objects, 0(0B) LOS objects, 23% free, 52MB/68MB, paused 425us total 18.157ms
08-04 14:49:14.391 11969 12201 I art     : Starting a blocking GC Explicit
08-04 14:49:14.409 11969 12201 I art     : Explicit concurrent mark sweep GC freed 73(4KB) AllocSpace objects, 0(0B) LOS objects, 23% free, 52MB/68MB, paused 401us total 18.399ms
08-04 14:49:14.418 11969 12201 I art     : Starting a blocking GC Explicit
08-04 14:49:14.438 11969 12201 I art     : Explicit concurrent mark sweep GC freed 3(96B) AllocSpace objects, 0(0B) LOS objects, 23% free, 52MB/68MB, paused 410us total 19.593ms
08-04 14:49:14.723 11969 11982 I art     : Starting a blocking GC Explicit
08-04 14:49:14.755 11969 11982 I art     : Explicit concurrent mark sweep GC freed 1343(78KB) AllocSpace objects, 1(20KB) LOS objects, 23% free, 52MB/68MB, paused 508us total 31.772ms
08-04 14:49:14.769 11969 11982 I art     : Starting a blocking GC Explicit
08-04 14:49:14.794 11969 11982 I art     : Explicit concurrent mark sweep GC freed 20(704B) AllocSpace objects, 0(0B) LOS objects, 23% free, 52MB/68MB, paused 466us total 25.001ms
08-04 14:49:14.803 11969 11982 I art     : Starting a blocking GC Explicit
08-04 14:49:14.825 11969 11982 I art     : Explicit concurrent mark sweep GC freed 3(96B) AllocSpace objects, 0(0B) LOS objects, 23% free, 52MB/68MB, paused 443us total 21.966ms
08-04 14:49:14.834 11969 11982 I art     : Starting a blocking GC Explicit
08-04 14:49:14.856 11969 11982 I art     : Explicit concurrent mark sweep GC freed 3(96B) AllocSpace objects, 0(0B) LOS objects, 23% free, 52MB/68MB, paused 443us total 21.311ms
08-04 14:49:14.864 11969 11982 I art     : Starting a blocking GC Explicit
08-04 14:49:14.886 11969 11982 I art     : Explicit concurrent mark sweep GC freed 3(96B) AllocSpace objects, 0(0B) LOS objects, 23% free, 52MB/68MB, paused 443us total 21.644ms
08-04 14:49:15.177 11969 11983 I art     : Starting a blocking GC Explicit
08-04 14:49:15.208 11969 11983 I art     : Explicit concurrent mark sweep GC freed 1343(78KB) AllocSpace objects, 1(20KB) LOS objects, 23% free, 52MB/68MB, paused 577us total 29.640ms
08-04 14:49:15.208 11969 11981 I art     : WaitForGcToComplete blocked for 22.288ms for cause HeapTrim
08-04 14:49:15.220 11969 11983 I art     : Starting a blocking GC Explicit
08-04 14:49:15.242 11969 11983 I art     : Explicit concurrent mark sweep GC freed 20(704B) AllocSpace objects, 0(0B) LOS objects, 23% free, 52MB/68MB, paused 442us total 21.644ms
08-04 14:49:15.251 11969 11983 I art     : Starting a blocking GC Explicit
08-04 14:49:15.273 11969 11983 I art     : Explicit concurrent mark sweep GC freed 3(96B) AllocSpace objects, 0(0B) LOS objects, 23% free, 52MB/68MB, paused 443us total 21.918ms
08-04 14:49:15.282 11969 11983 I art     : Starting a blocking GC Explicit
08-04 14:49:15.304 11969 11983 I art     : Explicit concurrent mark sweep GC freed 3(96B) AllocSpace objects, 0(0B) LOS objects, 23% free, 52MB/68MB, paused 450us total 21.991ms
08-04 14:49:15.313 11969 11983 I art     : Starting a blocking GC Explicit
08-04 14:49:15.334 11969 11983 I art     : Explicit concurrent mark sweep GC freed 3(96B) AllocSpace objects, 0(0B) LOS objects, 23% free, 52MB/68MB, paused 453us total 21.188ms
08-04 14:49:15.613 11969 12201 I art     : Starting a blocking GC Explicit
08-04 14:49:15.635 11969 12201 I art     : Explicit concurrent mark sweep GC freed 1349(78KB) AllocSpace objects, 1(20KB) LOS objects, 23% free, 52MB/68MB, paused 430us total 22.378ms
08-04 14:49:15.644 11969 12201 I art     : Starting a blocking GC Explicit
08-04 14:49:15.663 11969 12201 I art     : Explicit concurrent mark sweep GC freed 23(800B) AllocSpace objects, 0(0B) LOS objects, 23% free, 52MB/68MB, paused 422us total 18.975ms
08-04 14:49:15.671 11969 12201 I art     : Starting a blocking GC Explicit
08-04 14:49:15.690 11969 12201 I art     : Explicit concurrent mark sweep GC freed 7(224B) AllocSpace objects, 0(0B) LOS objects, 23% free, 52MB/68MB, paused 424us total 19.183ms
08-04 14:49:15.699 11969 12201 I art     : Starting a blocking GC Explicit
08-04 14:49:15.719 11969 12201 I art     : Explicit concurrent mark sweep GC freed 6(192B) AllocSpace objects, 0(0B) LOS objects, 23% free, 52MB/68MB, paused 439us total 20.345ms
08-04 14:49:15.728 11969 12201 I art     : Starting a blocking GC Explicit
08-04 14:49:15.749 11969 12201 I art     : Explicit concurrent mark sweep GC freed 6(192B) AllocSpace objects, 0(0B) LOS objects, 23% free, 52MB/68MB, paused 442us total 20.484ms
08-04 14:49:16.058 11969 11982 I art     : Starting a blocking GC Explicit
08-04 14:49:16.084 11969 11982 I art     : Explicit concurrent mark sweep GC freed 1354(78KB) AllocSpace objects, 1(20KB) LOS objects, 23% free, 52MB/68MB, paused 458us total 25.925ms
08-04 14:49:16.096 11969 11982 I art     : Starting a blocking GC Explicit
08-04 14:49:16.118 11969 11982 I art     : Explicit concurrent mark sweep GC freed 20(704B) AllocSpace objects, 0(0B) LOS objects, 23% free, 52MB/68MB, paused 447us total 22.192ms
08-04 14:49:16.127 11969 11982 I art     : Starting a blocking GC Explicit
08-04 14:49:16.149 11969 11982 I art     : Explicit concurrent mark sweep GC freed 3(96B) AllocSpace objects, 0(0B) LOS objects, 23% free, 52MB/68MB, paused 442us total 21.634ms
08-04 14:49:16.158 11969 11982 I art     : Starting a blocking GC Explicit
08-04 14:49:16.180 11969 11982 I art     : Explicit concurrent mark sweep GC freed 3(96B) AllocSpace objects, 0(0B) LOS objects, 23% free, 52MB/68MB, paused 427us total 21.813ms
08-04 14:49:16.189 11969 11982 I art     : Starting a blocking GC Explicit
08-04 14:49:16.210 11969 11982 I art     : Explicit concurrent mark sweep GC freed 3(96B) AllocSpace objects, 0(0B) LOS objects, 23% free, 52MB/68MB, paused 424us total 20.786ms
08-04 14:49:16.503 11969 11983 I art     : Starting a blocking GC Explicit
08-04 14:49:16.525 11969 11983 I art     : Explicit concurrent mark sweep GC freed 1343(78KB) AllocSpace objects, 1(20KB) LOS objects, 23% free, 52MB/68MB, paused 462us total 22.124ms
08-04 14:49:16.534 11969 11983 I art     : Starting a blocking GC Explicit
08-04 14:49:16.556 11969 11983 I art     : Explicit concurrent mark sweep GC freed 20(704B) AllocSpace objects, 0(0B) LOS objects, 23% free, 52MB/68MB, paused 459us total 21.372ms
08-04 14:49:16.565 11969 11983 I art     : Starting a blocking GC Explicit
08-04 14:49:16.585 11969 11983 I art     : Explicit concurrent mark sweep GC freed 3(96B) AllocSpace objects, 0(0B) LOS objects, 23% free, 52MB/68MB, paused 444us total 20.232ms
08-04 14:49:16.594 11969 11983 I art     : Starting a blocking GC Explicit
08-04 14:49:16.614 11969 11983 I art     : Explicit concurrent mark sweep GC freed 3(96B) AllocSpace objects, 0(0B) LOS objects, 23% free, 52MB/68MB, paused 452us total 20.112ms
08-04 14:49:16.623 11969 11983 I art     : Starting a blocking GC Explicit
08-04 14:49:16.640 14701 14701 D AndroidRuntime: >>>>>> START com.android.internal.os.RuntimeInit uid 2000 <<<<<<
08-04 14:49:16.643 11969 11983 I art     : Explicit concurrent mark sweep GC freed 3(96B) AllocSpace objects, 0(0B) LOS objects, 23% free, 52MB/68MB, paused 464us total 20.482ms
08-04 14:49:16.645 14701 14701 D AndroidRuntime: CheckJNI is OFF
08-04 14:49:16.678 14701 14701 D ICU     : No timezone override file found: /data/misc/zoneinfo/current/icu/icu_tzdata.dat
08-04 14:49:16.711 14701 14701 I Radio-JNI: register_android_hardware_Radio DONE
08-04 14:49:16.734 14701 14701 D AndroidRuntime: Calling main entry com.android.commands.input.Input
08-04 14:49:16.736 14701 14701 I Input   : injectMotionEvent: MotionEvent { action=ACTION_DOWN, actionButton=0, id[0]=0, x[0]=756.0, y[0]=1530.0, toolType[0]=TOOL_TYPE_UNKNOWN, buttonState=0, metaState=0, flags=0x0, edgeFlags=0x0, pointerCount=1, historySize=0, eventTime=715773148, downTime=715773148, deviceId=0, source=0x1002 }
08-04 14:49:16.741 14701 14701 I Input   : injectMotionEvent: MotionEvent { action=ACTION_UP, actionButton=0, id[0]=0, x[0]=756.0, y[0]=1530.0, toolType[0]=TOOL_TYPE_UNKNOWN, buttonState=0, metaState=0, flags=0x0, edgeFlags=0x0, pointerCount=1, historySize=0, eventTime=715773148, downTime=715773148, deviceId=0, source=0x1002 }
08-04 14:49:16.743 14701 14701 D AndroidRuntime: Shutting down VM
08-04 14:49:16.756   918  5952 I ActivityManager: START u0 {cmp=baseline.appteam.nith.hillffair/.activities.LeaderBoardActivity} from uid 10651 on display 0
08-04 14:49:16.758   512  2967 D audio_hw_primary: out_set_parameters: enter: usecase(1: low-latency-playback) kvpairs: routing=2
08-04 14:49:16.771   512  2967 D audio_hw_primary: select_devices: out_snd_device(2: speaker) in_snd_device(0: none)
08-04 14:49:16.771   512  2967 D msm8974_platform: platform_send_audio_calibration: sending audio calibration for snd_device(2) acdb_id(15)
08-04 14:49:16.771   512  2967 I soundtrigger: audio_extn_sound_trigger_update_device_status: device 0x2 of type 0 for Event 1
08-04 14:49:16.783   512  2967 D audio_hw_primary: enable_snd_device: snd_device(2: speaker)
08-04 14:49:16.785   512  2967 D audio_hw_primary: enable_audio_route: apply and update mixer path: low-latency-playback speaker
08-04 14:49:16.848 11969 11969 E RecyclerView: No adapter attached; skipping layout
08-04 14:49:16.853 11969 11969 E RecyclerView: No adapter attached; skipping layout
08-04 14:49:16.869   918   936 I ActivityManager: Displayed baseline.appteam.nith.hillffair/.activities.LeaderBoardActivity: +101ms
08-04 14:49:16.869 13866 13866 I GoogleInputMethodServic: GoogleInputMethodService.onFinishInput():3138 
08-04 14:49:16.870 13866 13866 I GoogleInputMethodServic: GoogleInputMethodService.onStartInput():1808 
08-04 14:49:16.870 11969 11969 E RecyclerView: No adapter attached; skipping layout
08-04 14:49:16.891 11969 11993 D OpenGLRenderer: endAllStagingAnimators on 0x7f80d39400 (RippleDrawable) with handle 0x7f7ee5b3c0
08-04 14:49:16.906 11969 11983 I art     : Starting a blocking GC Explicit
08-04 14:49:16.930 11969 11983 I art     : Explicit concurrent mark sweep GC freed 6669(403KB) AllocSpace objects, 1(20KB) LOS objects, 23% free, 52MB/68MB, paused 495us total 24.297ms
08-04 14:49:16.939 11969 11983 I art     : Starting a blocking GC Explicit
08-04 14:49:16.960 11969 11983 I art     : Explicit concurrent mark sweep GC freed 275(11KB) AllocSpace objects, 0(0B) LOS objects, 23% free, 52MB/68MB, paused 477us total 20.652ms
08-04 14:49:16.969 11969 11983 I art     : Starting a blocking GC Explicit
08-04 14:49:16.989 11969 11983 I art     : Explicit concurrent mark sweep GC freed 5(160B) AllocSpace objects, 0(0B) LOS objects, 23% free, 52MB/68MB, paused 613us total 20.330ms
08-04 14:49:16.999 11969 11983 I art     : Starting a blocking GC Explicit
08-04 14:49:17.023 11969 11983 I art     : Explicit concurrent mark sweep GC freed 5(160B) AllocSpace objects, 0(0B) LOS objects, 23% free, 52MB/68MB, paused 554us total 23.627ms
08-04 14:49:17.033 11969 11983 I art     : Starting a blocking GC Explicit
08-04 14:49:17.058 11969 11983 I art     : Explicit concurrent mark sweep GC freed 5(160B) AllocSpace objects, 0(0B) LOS objects, 23% free, 52MB/68MB, paused 531us total 24.889ms
08-04 14:49:17.122   380   380 W SurfaceFlinger: couldn't log to binary event log: overflow.
08-04 14:49:17.330   512  2967 D audio_hw_primary: disable_audio_route: reset and update mixer path: low-latency-playback speaker
08-04 14:49:17.331   512  2967 D audio_hw_primary: disable_snd_device: snd_device(2: speaker)
08-04 14:49:17.337 11969 12201 I art     : Starting a blocking GC Explicit
08-04 14:49:17.338   512  2967 I soundtrigger: audio_extn_sound_trigger_update_device_status: device 0x2 of type 0 for Event 0
08-04 14:49:17.359 11969 12201 I art     : Explicit concurrent mark sweep GC freed 1516(87KB) AllocSpace objects, 1(20KB) LOS objects, 23% free, 52MB/68MB, paused 622us total 22.162ms
08-04 14:49:17.368 11969 12201 I art     : Starting a blocking GC Explicit
08-04 14:49:17.390 11969 12201 I art     : Explicit concurrent mark sweep GC freed 48(1680B) AllocSpace objects, 0(0B) LOS objects, 23% free, 52MB/68MB, paused 650us total 22.043ms
08-04 14:49:17.399 11969 12201 I art     : Starting a blocking GC Explicit
08-04 14:49:17.420 11969 12201 I art     : Explicit concurrent mark sweep GC freed 11(400B) AllocSpace objects, 0(0B) LOS objects, 23% free, 52MB/68MB, paused 500us total 21.034ms
08-04 14:49:17.429 11969 12201 I art     : Starting a blocking GC Explicit
08-04 14:49:17.450 11969 12201 I art     : Explicit concurrent mark sweep GC freed 13(480B) AllocSpace objects, 0(0B) LOS objects, 23% free, 52MB/68MB, paused 484us total 21.221ms
08-04 14:49:17.459 11969 12201 I art     : Starting a blocking GC Explicit
08-04 14:49:17.479 11969 12201 I art     : Explicit concurrent mark sweep GC freed 13(480B) AllocSpace objects, 0(0B) LOS objects, 23% free, 52MB/68MB, paused 501us total 20.523ms
08-04 14:49:17.581 11969 14728 D OkHttp  : --> GET https://api-hillfair-2k16.herokuapp.com/api/app/quiz/leaderboard?from=1 http/1.1
08-04 14:49:17.614 11969 14728 D OkHttp  : <-- 200 OK https://api-hillfair-2k16.herokuapp.com/api/app/quiz/leaderboard?from=1 (32ms, 56744-byte body)
08-04 14:49:17.691 11969 11969 I NAPPA_EXPERIMENTATION: MetricNetworkRequestExecutionTime: REQUEST_DURATION_SYSTEM='892',REQUEST_DURATION_OKHTTP='32',REQUEST_SYNCHRONOUS='FALSE',RESPONSE_CODE='200',RESPONSE_METHOD='GET',RESPONSE_LENGTH_OKHTTP='56744',RESPONSE_LENGTH_HEADER='56744',REQUEST_PROTOCOL='http/1.1',REQUEST_URL='https://api-hillfair-2k16.herokuapp.com/api/app/quiz/leaderboard?from=1',
08-04 14:49:17.710   518   646 I ThermalEngine: ACTION: GPU - Setting GPU[0] to 450000000
08-04 14:49:17.769 11969 12201 I art     : Starting a blocking GC Explicit
08-04 14:49:17.804 11969 12201 I art     : Explicit concurrent mark sweep GC freed 30315(1446KB) AllocSpace objects, 4(220KB) LOS objects, 23% free, 53MB/69MB, paused 610us total 34.064ms
08-04 14:49:17.816 11969 12201 I art     : Starting a blocking GC Explicit
08-04 14:49:17.844 11969 12201 I art     : Explicit concurrent mark sweep GC freed 1066(121KB) AllocSpace objects, 0(0B) LOS objects, 23% free, 53MB/69MB, paused 651us total 27.806ms
08-04 14:49:17.855 11969 12201 I art     : Starting a blocking GC Explicit
08-04 14:49:17.885 11969 12201 I art     : Explicit concurrent mark sweep GC freed 3(96B) AllocSpace objects, 0(0B) LOS objects, 23% free, 53MB/69MB, paused 640us total 29.153ms
08-04 14:49:17.896 11969 12201 I art     : Starting a blocking GC Explicit
08-04 14:49:17.926 11969 12201 I art     : Explicit concurrent mark sweep GC freed 3(96B) AllocSpace objects, 0(0B) LOS objects, 23% free, 53MB/69MB, paused 651us total 29.622ms
08-04 14:49:17.938 11969 12201 I art     : Starting a blocking GC Explicit
08-04 14:49:17.967 11969 12201 I art     : Explicit concurrent mark sweep GC freed 3(96B) AllocSpace objects, 0(0B) LOS objects, 23% free, 53MB/69MB, paused 727us total 29.007ms
08-04 14:49:18.265 11969 11982 I art     : Starting a blocking GC Explicit
08-04 14:49:18.303 11969 11982 I art     : Explicit concurrent mark sweep GC freed 1344(78KB) AllocSpace objects, 1(20KB) LOS objects, 23% free, 53MB/69MB, paused 726us total 37.975ms
08-04 14:49:18.318 11969 11982 I art     : Starting a blocking GC Explicit
08-04 14:49:18.349 11969 11982 I art     : Explicit concurrent mark sweep GC freed 20(704B) AllocSpace objects, 0(0B) LOS objects, 23% free, 53MB/69MB, paused 639us total 30.128ms
08-04 14:49:18.360 11969 11982 I art     : Starting a blocking GC Explicit
08-04 14:49:18.390 11969 11982 I art     : Explicit concurrent mark sweep GC freed 3(96B) AllocSpace objects, 0(0B) LOS objects, 23% free, 53MB/69MB, paused 626us total 29.836ms
08-04 14:49:18.402 11969 11982 I art     : Starting a blocking GC Explicit
08-04 14:49:18.432 11969 11982 I art     : Explicit concurrent mark sweep GC freed 3(96B) AllocSpace objects, 0(0B) LOS objects, 23% free, 53MB/69MB, paused 635us total 29.951ms
08-04 14:49:18.444 11969 11982 I art     : Starting a blocking GC Explicit
08-04 14:49:18.477 11969 11982 I art     : Explicit concurrent mark sweep GC freed 3(96B) AllocSpace objects, 0(0B) LOS objects, 23% free, 53MB/69MB, paused 701us total 32.756ms
08-04 14:49:18.820 11969 12449 I art     : Starting a blocking GC Explicit
08-04 14:49:18.859 11969 12449 I art     : Explicit concurrent mark sweep GC freed 1344(78KB) AllocSpace objects, 1(20KB) LOS objects, 23% free, 53MB/69MB, paused 745us total 38.547ms
08-04 14:49:18.873 11969 12449 I art     : Starting a blocking GC Explicit
08-04 14:49:18.903 11969 12449 I art     : Explicit concurrent mark sweep GC freed 20(704B) AllocSpace objects, 0(0B) LOS objects, 23% free, 53MB/69MB, paused 665us total 30.315ms
08-04 14:49:18.915 11969 12449 I art     : Starting a blocking GC Explicit
08-04 14:49:18.948 11969 12449 I art     : Explicit concurrent mark sweep GC freed 3(96B) AllocSpace objects, 0(0B) LOS objects, 23% free, 53MB/69MB, paused 701us total 32.892ms
08-04 14:49:18.960 11969 12449 I art     : Starting a blocking GC Explicit
08-04 14:49:18.993 11969 12449 I art     : Explicit concurrent mark sweep GC freed 3(96B) AllocSpace objects, 0(0B) LOS objects, 23% free, 53MB/69MB, paused 636us total 32.538ms
08-04 14:49:19.005 11969 12449 I art     : Starting a blocking GC Explicit
08-04 14:49:19.036 11969 12449 I art     : Explicit concurrent mark sweep GC freed 3(96B) AllocSpace objects, 0(0B) LOS objects, 23% free, 53MB/69MB, paused 631us total 29.999ms
08-04 14:49:19.387 11969 11983 I art     : Starting a blocking GC Explicit
08-04 14:49:19.424 11969 11983 I art     : Explicit concurrent mark sweep GC freed 1534(90KB) AllocSpace objects, 1(20KB) LOS objects, 23% free, 53MB/69MB, paused 705us total 36.940ms
08-04 14:49:19.436 11969 11983 I art     : Starting a blocking GC Explicit
08-04 14:49:19.467 11969 11983 I art     : Explicit concurrent mark sweep GC freed 26(928B) AllocSpace objects, 0(0B) LOS objects, 23% free, 53MB/69MB, paused 717us total 30.239ms
08-04 14:49:19.478 11969 11983 I art     : Starting a blocking GC Explicit
08-04 14:49:19.509 11969 11983 I art     : Explicit concurrent mark sweep GC freed 95(4KB) AllocSpace objects, 0(0B) LOS objects, 23% free, 53MB/69MB, paused 796us total 30.773ms
08-04 14:49:19.522 11969 11983 I art     : Starting a blocking GC Explicit
08-04 14:49:19.554 11969 11983 I art     : Explicit concurrent mark sweep GC freed 9(688B) AllocSpace objects, 0(0B) LOS objects, 23% free, 53MB/69MB, paused 733us total 32.393ms
08-04 14:49:19.567 11969 11983 I art     : Starting a blocking GC Explicit
08-04 14:49:19.599 11969 11983 I art     : Explicit concurrent mark sweep GC freed 1838(72KB) AllocSpace objects, 0(0B) LOS objects, 23% free, 53MB/69MB, paused 835us total 32.140ms
08-04 14:49:19.628 11969 14786 W OneSignal: OneSignalRestClient: POST Error thrown from network stack. 
08-04 14:49:19.628 11969 14786 W OneSignal: java.io.IOException: unexpected end of stream on Connection{api.onesignal.com:443, proxy=HTTP@192.168.2.12:8080 hostAddress=192.168.2.12 cipherSuite=TLS_ECDHE_RSA_WITH_AES_128_GCM_SHA256 protocol=http/1.1} (recycle count=0)
08-04 14:49:19.628 11969 14786 W OneSignal: 	at com.android.okhttp.internal.http.HttpConnection.readResponse(HttpConnection.java:210)
08-04 14:49:19.628 11969 14786 W OneSignal: 	at com.android.okhttp.internal.http.HttpTransport.readResponseHeaders(HttpTransport.java:80)
08-04 14:49:19.628 11969 14786 W OneSignal: 	at com.android.okhttp.internal.http.HttpEngine.readNetworkResponse(HttpEngine.java:904)
08-04 14:49:19.628 11969 14786 W OneSignal: 	at com.android.okhttp.internal.http.HttpEngine.readResponse(HttpEngine.java:788)
08-04 14:49:19.628 11969 14786 W OneSignal: 	at com.android.okhttp.internal.huc.HttpURLConnectionImpl.execute(HttpURLConnectionImpl.java:439)
08-04 14:49:19.628 11969 14786 W OneSignal: 	at com.android.okhttp.internal.huc.HttpURLConnectionImpl.getResponse(HttpURLConnectionImpl.java:384)
08-04 14:49:19.628 11969 14786 W OneSignal: 	at com.android.okhttp.internal.huc.HttpURLConnectionImpl.getResponseCode(HttpURLConnectionImpl.java:497)
08-04 14:49:19.628 11969 14786 W OneSignal: 	at com.android.okhttp.internal.huc.DelegatingHttpsURLConnection.getResponseCode(DelegatingHttpsURLConnection.java:105)
08-04 14:49:19.628 11969 14786 W OneSignal: 	at com.android.okhttp.internal.huc.HttpsURLConnectionImpl.getResponseCode(HttpsURLConnectionImpl.java)
08-04 14:49:19.628 11969 14786 W OneSignal: 	at com.onesignal.OneSignalRestClient.startHTTPConnection(OneSignalRestClient.java:180)
08-04 14:49:19.628 11969 14786 W OneSignal: 	at com.onesignal.OneSignalRestClient.access$100(OneSignalRestClient.java:44)
08-04 14:49:19.628 11969 14786 W OneSignal: 	at com.onesignal.OneSignalRestClient$4.run(OneSignalRestClient.java:110)
08-04 14:49:19.628 11969 14786 W OneSignal: 	at java.lang.Thread.run(Thread.java:818)
08-04 14:49:19.628 11969 14786 W OneSignal: Caused by: java.io.EOFException: \n not found: size=0 content=...
08-04 14:49:19.628 11969 14786 W OneSignal: 	at com.android.okhttp.okio.RealBufferedSource.readUtf8LineStrict(RealBufferedSource.java:200)
08-04 14:49:19.628 11969 14786 W OneSignal: 	at com.android.okhttp.internal.http.HttpConnection.readResponse(HttpConnection.java:191)
08-04 14:49:19.628 11969 14786 W OneSignal: 	... 12 more
08-04 14:49:19.629 11969 14787 W OneSignal: Failed last request. statusCode: -1
08-04 14:49:19.629 11969 14787 W OneSignal: response: null
08-04 14:49:19.712   518   646 I ThermalEngine: ACTION: GPU - Setting GPU[0] to 510000000
08-04 14:49:19.931 11969 14060 I art     : Starting a blocking GC Explicit
08-04 14:49:19.961 11969 14060 I art     : Explicit concurrent mark sweep GC freed 1847(155KB) AllocSpace objects, 1(20KB) LOS objects, 23% free, 53MB/69MB, paused 514us total 30.214ms
08-04 14:49:19.974 11969 14060 I art     : Starting a blocking GC Explicit
08-04 14:49:19.999 11969 14060 I art     : Explicit concurrent mark sweep GC freed 24(896B) AllocSpace objects, 0(0B) LOS objects, 23% free, 53MB/69MB, paused 453us total 24.354ms
08-04 14:49:20.008 11969 14060 I art     : Starting a blocking GC Explicit
08-04 14:49:20.031 11969 14060 I art     : Explicit concurrent mark sweep GC freed 3(96B) AllocSpace objects, 0(0B) LOS objects, 23% free, 53MB/69MB, paused 436us total 23.361ms
08-04 14:49:20.041 11969 14060 I art     : Starting a blocking GC Explicit
08-04 14:49:20.065 11969 14060 I art     : Explicit concurrent mark sweep GC freed 3(96B) AllocSpace objects, 0(0B) LOS objects, 23% free, 53MB/69MB, paused 474us total 23.735ms
08-04 14:49:20.074 11969 14060 I art     : Starting a blocking GC Explicit
08-04 14:49:20.097 11969 14060 I art     : Explicit concurrent mark sweep GC freed 3(96B) AllocSpace objects, 0(0B) LOS objects, 23% free, 53MB/69MB, paused 521us total 23.482ms
08-04 14:49:20.417 11969 12201 I art     : Starting a blocking GC Explicit
08-04 14:49:20.451 11969 12201 I art     : Explicit concurrent mark sweep GC freed 1357(78KB) AllocSpace objects, 1(20KB) LOS objects, 23% free, 53MB/69MB, paused 550us total 34.086ms
08-04 14:49:20.467 11969 12201 I art     : Starting a blocking GC Explicit
08-04 14:49:20.495 11969 12201 I art     : Explicit concurrent mark sweep GC freed 34(1136B) AllocSpace objects, 0(0B) LOS objects, 23% free, 53MB/69MB, paused 485us total 27.916ms
08-04 14:49:20.507 11969 12201 I art     : Starting a blocking GC Explicit
08-04 14:49:20.531 11969 12201 I art     : Explicit concurrent mark sweep GC freed 3(96B) AllocSpace objects, 0(0B) LOS objects, 23% free, 53MB/69MB, paused 487us total 24.338ms
08-04 14:49:20.540 11969 12201 I art     : Starting a blocking GC Explicit
08-04 14:49:20.564 11969 12201 I art     : Explicit concurrent mark sweep GC freed 3(96B) AllocSpace objects, 0(0B) LOS objects, 23% free, 53MB/69MB, paused 466us total 23.328ms
08-04 14:49:20.573 11969 12201 I art     : Starting a blocking GC Explicit
08-04 14:49:20.597 11969 12201 I art     : Explicit concurrent mark sweep GC freed 3(96B) AllocSpace objects, 0(0B) LOS objects, 23% free, 53MB/69MB, paused 505us total 23.975ms
08-04 14:49:20.911 11969 11982 I art     : Starting a blocking GC Explicit
08-04 14:49:20.942 11969 11982 I art     : Explicit concurrent mark sweep GC freed 1344(78KB) AllocSpace objects, 1(20KB) LOS objects, 23% free, 53MB/69MB, paused 518us total 30.164ms
08-04 14:49:20.955 11969 11982 I art     : Starting a blocking GC Explicit
08-04 14:49:20.981 11969 11982 I art     : Explicit concurrent mark sweep GC freed 20(704B) AllocSpace objects, 0(0B) LOS objects, 23% free, 53MB/69MB, paused 433us total 25.934ms
08-04 14:49:20.990 11969 11982 I art     : Starting a blocking GC Explicit
08-04 14:49:21.013 11969 11982 I art     : Explicit concurrent mark sweep GC freed 3(96B) AllocSpace objects, 0(0B) LOS objects, 23% free, 53MB/69MB, paused 678us total 22.855ms
08-04 14:49:21.022 11969 11982 I art     : Starting a blocking GC Explicit
08-04 14:49:21.044 11969 11982 I art     : Explicit concurrent mark sweep GC freed 3(96B) AllocSpace objects, 0(0B) LOS objects, 23% free, 53MB/69MB, paused 441us total 21.929ms
08-04 14:49:21.053 11969 11982 I art     : Starting a blocking GC Explicit
08-04 14:49:21.075 11969 11982 I art     : Explicit concurrent mark sweep GC freed 3(96B) AllocSpace objects, 0(0B) LOS objects, 23% free, 53MB/69MB, paused 456us total 22.086ms
08-04 14:49:21.371 11969 12449 I art     : Starting a blocking GC Explicit
08-04 14:49:21.395 11969 12449 I art     : Explicit concurrent mark sweep GC freed 1344(78KB) AllocSpace objects, 1(20KB) LOS objects, 23% free, 53MB/69MB, paused 482us total 23.903ms
08-04 14:49:21.404 11969 12449 I art     : Starting a blocking GC Explicit
08-04 14:49:21.427 14818 14818 D AndroidRuntime: >>>>>> START com.android.internal.os.RuntimeInit uid 2000 <<<<<<
08-04 14:49:21.428 11969 12449 I art     : Explicit concurrent mark sweep GC freed 20(704B) AllocSpace objects, 0(0B) LOS objects, 23% free, 53MB/69MB, paused 522us total 23.272ms
08-04 14:49:21.432 14818 14818 D AndroidRuntime: CheckJNI is OFF
08-04 14:49:21.437 11969 12449 I art     : Starting a blocking GC Explicit
08-04 14:49:21.459 11969 12449 I art     : Explicit concurrent mark sweep GC freed 3(96B) AllocSpace objects, 0(0B) LOS objects, 23% free, 53MB/69MB, paused 469us total 22.014ms
08-04 14:49:21.467 14818 14818 D ICU     : No timezone override file found: /data/misc/zoneinfo/current/icu/icu_tzdata.dat
08-04 14:49:21.468 11969 12449 I art     : Starting a blocking GC Explicit
08-04 14:49:21.490 11969 12449 I art     : Explicit concurrent mark sweep GC freed 3(96B) AllocSpace objects, 0(0B) LOS objects, 23% free, 53MB/69MB, paused 466us total 21.550ms
08-04 14:49:21.498 11969 12449 I art     : Starting a blocking GC Explicit
08-04 14:49:21.502 14818 14818 I Radio-JNI: register_android_hardware_Radio DONE
08-04 14:49:21.520 11969 12449 I art     : Explicit concurrent mark sweep GC freed 3(96B) AllocSpace objects, 0(0B) LOS objects, 23% free, 53MB/69MB, paused 517us total 21.962ms
08-04 14:49:21.524 14818 14818 D AndroidRuntime: Calling main entry com.android.commands.input.Input
08-04 14:49:21.526 14818 14818 I Input   : injectKeyEvent: KeyEvent { action=ACTION_DOWN, keyCode=KEYCODE_BACK, scanCode=0, metaState=0, flags=0x0, repeatCount=0, eventTime=715777939, downTime=715777939, deviceId=-1, source=0x101 }
08-04 14:49:21.532 14818 14818 I Input   : injectKeyEvent: KeyEvent { action=ACTION_UP, keyCode=KEYCODE_BACK, scanCode=0, metaState=0, flags=0x0, repeatCount=0, eventTime=715777939, downTime=715777939, deviceId=-1, source=0x101 }
08-04 14:49:21.538 14818 14818 D AndroidRuntime: Shutting down VM
08-04 14:49:21.569 13866 13866 I GoogleInputMethodServic: GoogleInputMethodService.onFinishInput():3138 
08-04 14:49:21.570 13866 13866 I GoogleInputMethodServic: GoogleInputMethodService.onStartInput():1808 
08-04 14:49:21.778 11969 14060 I art     : Starting a blocking GC Explicit
08-04 14:49:21.808 11969 14060 I art     : Explicit concurrent mark sweep GC freed 1482(84KB) AllocSpace objects, 1(20KB) LOS objects, 23% free, 53MB/69MB, paused 477us total 29.912ms
08-04 14:49:21.818 11969 14060 I art     : Starting a blocking GC Explicit
08-04 14:49:21.846 11969 14060 I art     : Explicit concurrent mark sweep GC freed 26(944B) AllocSpace objects, 0(0B) LOS objects, 23% free, 53MB/69MB, paused 434us total 27.004ms
08-04 14:49:21.859 11969 14060 I art     : Starting a blocking GC Explicit
08-04 14:49:21.877   380   380 W SurfaceFlinger: couldn't log to binary event log: overflow.
08-04 14:49:21.882 11969 14060 I art     : Explicit concurrent mark sweep GC freed 98(7KB) AllocSpace objects, 0(0B) LOS objects, 23% free, 53MB/69MB, paused 549us total 22.355ms
08-04 14:49:21.892 11969 14060 I art     : Starting a blocking GC Explicit
08-04 14:49:21.912 11969 14060 I art     : Explicit concurrent mark sweep GC freed 27(1264B) AllocSpace objects, 0(0B) LOS objects, 23% free, 53MB/69MB, paused 452us total 20.291ms
08-04 14:49:21.920 11969 14060 I art     : Starting a blocking GC Explicit
08-04 14:49:21.941 11969 14060 I art     : Explicit concurrent mark sweep GC freed 4681(268KB) AllocSpace objects, 2(140KB) LOS objects, 23% free, 52MB/68MB, paused 470us total 20.470ms
08-04 14:49:22.230 11969 11983 I art     : Starting a blocking GC Explicit
08-04 14:49:22.257 11969 11983 I art     : Explicit concurrent mark sweep GC freed 1344(78KB) AllocSpace objects, 1(20KB) LOS objects, 23% free, 52MB/68MB, paused 496us total 26.621ms
08-04 14:49:22.268 11969 11983 I art     : Starting a blocking GC Explicit
08-04 14:49:22.291 11969 11983 I art     : Explicit concurrent mark sweep GC freed 20(704B) AllocSpace objects, 0(0B) LOS objects, 23% free, 52MB/68MB, paused 453us total 22.496ms
08-04 14:49:22.300 11969 11983 I art     : Starting a blocking GC Explicit
08-04 14:49:22.322 11969 11983 I art     : Explicit concurrent mark sweep GC freed 3(96B) AllocSpace objects, 0(0B) LOS objects, 23% free, 52MB/68MB, paused 504us total 21.719ms
08-04 14:49:22.331 11969 11983 I art     : Starting a blocking GC Explicit
08-04 14:49:22.353 11969 11983 I art     : Explicit concurrent mark sweep GC freed 3(96B) AllocSpace objects, 0(0B) LOS objects, 23% free, 52MB/68MB, paused 446us total 21.748ms
08-04 14:49:22.362 11969 11983 I art     : Starting a blocking GC Explicit
08-04 14:49:22.384 11969 11983 I art     : Explicit concurrent mark sweep GC freed 3(96B) AllocSpace objects, 0(0B) LOS objects, 23% free, 52MB/68MB, paused 456us total 21.640ms
08-04 14:49:22.673 11969 11982 I art     : Starting a blocking GC Explicit
08-04 14:49:22.707 11969 11982 I art     : Explicit concurrent mark sweep GC freed 1343(78KB) AllocSpace objects, 1(20KB) LOS objects, 23% free, 52MB/68MB, paused 873us total 33.503ms
08-04 14:49:22.722 11969 11982 I art     : Starting a blocking GC Explicit
08-04 14:49:22.744 11969 11982 I art     : Explicit concurrent mark sweep GC freed 20(704B) AllocSpace objects, 0(0B) LOS objects, 23% free, 52MB/68MB, paused 460us total 22.281ms
08-04 14:49:22.753 11969 11982 I art     : Starting a blocking GC Explicit
08-04 14:49:22.774 11969 11982 I art     : Explicit concurrent mark sweep GC freed 3(96B) AllocSpace objects, 0(0B) LOS objects, 23% free, 52MB/68MB, paused 436us total 20.458ms
08-04 14:49:22.782 11969 11982 I art     : Starting a blocking GC Explicit
08-04 14:49:22.804 11969 11982 I art     : Explicit concurrent mark sweep GC freed 3(96B) AllocSpace objects, 0(0B) LOS objects, 23% free, 52MB/68MB, paused 470us total 21.635ms
08-04 14:49:22.813 11969 11982 I art     : Starting a blocking GC Explicit
08-04 14:49:22.833 11969 11982 I art     : Explicit concurrent mark sweep GC freed 3(96B) AllocSpace objects, 0(0B) LOS objects, 23% free, 52MB/68MB, paused 472us total 20.434ms
08-04 14:49:23.125 11969 12201 I art     : Starting a blocking GC Explicit
08-04 14:49:23.147 11969 12201 I art     : Explicit concurrent mark sweep GC freed 1343(78KB) AllocSpace objects, 1(20KB) LOS objects, 23% free, 52MB/68MB, paused 483us total 22.098ms
08-04 14:49:23.156 11969 12201 I art     : Starting a blocking GC Explicit
08-04 14:49:23.178 11969 12201 I art     : Explicit concurrent mark sweep GC freed 22(768B) AllocSpace objects, 0(0B) LOS objects, 23% free, 52MB/68MB, paused 465us total 21.798ms
08-04 14:49:23.186 11969 12201 I art     : Starting a blocking GC Explicit
08-04 14:49:23.195 14872 14872 D AndroidRuntime: >>>>>> START com.android.internal.os.RuntimeInit uid 2000 <<<<<<
08-04 14:49:23.199 14872 14872 D AndroidRuntime: CheckJNI is OFF
08-04 14:49:23.206 11969 12201 I art     : Explicit concurrent mark sweep GC freed 6(192B) AllocSpace objects, 0(0B) LOS objects, 23% free, 52MB/68MB, paused 481us total 19.967ms
08-04 14:49:23.214 11969 12201 I art     : Starting a blocking GC Explicit
08-04 14:49:23.231 14872 14872 D ICU     : No timezone override file found: /data/misc/zoneinfo/current/icu/icu_tzdata.dat
08-04 14:49:23.233 11969 12201 I art     : Explicit concurrent mark sweep GC freed 7(224B) AllocSpace objects, 0(0B) LOS objects, 23% free, 52MB/68MB, paused 464us total 18.884ms
08-04 14:49:23.242 11969 12201 I art     : Starting a blocking GC Explicit
08-04 14:49:23.262 11969 12201 I art     : Explicit concurrent mark sweep GC freed 6(192B) AllocSpace objects, 0(0B) LOS objects, 23% free, 52MB/68MB, paused 462us total 19.813ms
08-04 14:49:23.265 14872 14872 I Radio-JNI: register_android_hardware_Radio DONE
08-04 14:49:23.286 14872 14872 D AndroidRuntime: Calling main entry com.android.commands.input.Input
08-04 14:49:23.287 14872 14872 I Input   : injectKeyEvent: KeyEvent { action=ACTION_DOWN, keyCode=KEYCODE_BACK, scanCode=0, metaState=0, flags=0x0, repeatCount=0, eventTime=715779700, downTime=715779700, deviceId=-1, source=0x101 }
08-04 14:49:23.293 14872 14872 I Input   : injectKeyEvent: KeyEvent { action=ACTION_UP, keyCode=KEYCODE_BACK, scanCode=0, metaState=0, flags=0x0, repeatCount=0, eventTime=715779700, downTime=715779700, deviceId=-1, source=0x101 }
08-04 14:49:23.297 14872 14872 D AndroidRuntime: Shutting down VM
08-04 14:49:23.377 13866 13866 I GoogleInputMethodServic: GoogleInputMethodService.onFinishInput():3138 
08-04 14:49:23.378 13866 13866 I GoogleInputMethodServic: GoogleInputMethodService.onStartInput():1808 
08-04 14:49:23.509 11969 12449 I art     : Starting a blocking GC Explicit
08-04 14:49:23.534 11969 12449 I art     : Explicit concurrent mark sweep GC freed 1548(87KB) AllocSpace objects, 1(20KB) LOS objects, 23% free, 52MB/68MB, paused 545us total 24.849ms
08-04 14:49:23.546 11969 12449 I art     : Starting a blocking GC Explicit
08-04 14:49:23.570   918  3261 D WifiStateMachine: starting scan for "H369AA63323"WPA_PSK with 2412,5180
08-04 14:49:23.573 11969 12449 I art     : Explicit concurrent mark sweep GC freed 24(864B) AllocSpace objects, 0(0B) LOS objects, 23% free, 52MB/68MB, paused 734us total 27.386ms
08-04 14:49:23.582 11969 12449 I art     : Starting a blocking GC Explicit
08-04 14:49:23.610 11969 12449 I art     : Explicit concurrent mark sweep GC freed 3(96B) AllocSpace objects, 0(0B) LOS objects, 23% free, 52MB/68MB, paused 496us total 27.381ms
08-04 14:49:23.621 11969 12449 I art     : Starting a blocking GC Explicit
08-04 14:49:23.642 11969 12449 I art     : Explicit concurrent mark sweep GC freed 3(96B) AllocSpace objects, 0(0B) LOS objects, 23% free, 52MB/68MB, paused 478us total 20.806ms
08-04 14:49:23.646   380   380 W SurfaceFlinger: couldn't log to binary event log: overflow.
08-04 14:49:23.650 11969 12449 I art     : Starting a blocking GC Explicit
08-04 14:49:23.671 11969 12449 I art     : Explicit concurrent mark sweep GC freed 115(8KB) AllocSpace objects, 0(0B) LOS objects, 23% free, 52MB/68MB, paused 429us total 19.929ms
08-04 14:49:23.978 11969 14060 I art     : Starting a blocking GC Explicit
08-04 14:49:24.010 11969 14060 I art     : Explicit concurrent mark sweep GC freed 1459(84KB) AllocSpace objects, 1(20KB) LOS objects, 23% free, 52MB/68MB, paused 533us total 31.945ms
08-04 14:49:24.023 11969 14060 I art     : Starting a blocking GC Explicit
08-04 14:49:24.044 11969 14060 I art     : Explicit concurrent mark sweep GC freed 1965(116KB) AllocSpace objects, 2(180KB) LOS objects, 23% free, 52MB/68MB, paused 471us total 21.520ms
08-04 14:49:24.053 11969 14060 I art     : Starting a blocking GC Explicit
08-04 14:49:24.074 11969 14060 I art     : Explicit concurrent mark sweep GC freed 3(96B) AllocSpace objects, 0(0B) LOS objects, 23% free, 52MB/68MB, paused 460us total 20.782ms
08-04 14:49:24.083 11969 14060 I art     : Starting a blocking GC Explicit
08-04 14:49:24.104 11969 14060 I art     : Explicit concurrent mark sweep GC freed 3(96B) AllocSpace objects, 0(0B) LOS objects, 23% free, 52MB/68MB, paused 458us total 21.032ms
08-04 14:49:24.113 11969 14060 I art     : Starting a blocking GC Explicit
08-04 14:49:24.134 11969 14060 I art     : Explicit concurrent mark sweep GC freed 3(96B) AllocSpace objects, 0(0B) LOS objects, 23% free, 52MB/68MB, paused 472us total 20.855ms
08-04 14:49:24.432 11969 12201 I art     : Starting a blocking GC Explicit
08-04 14:49:24.462 11969 12201 I art     : Explicit concurrent mark sweep GC freed 1343(78KB) AllocSpace objects, 1(20KB) LOS objects, 23% free, 52MB/68MB, paused 500us total 29.562ms
08-04 14:49:24.474 11969 12201 I art     : Starting a blocking GC Explicit
08-04 14:49:24.496 11969 12201 I art     : Explicit concurrent mark sweep GC freed 20(704B) AllocSpace objects, 0(0B) LOS objects, 23% free, 52MB/68MB, paused 505us total 21.222ms
08-04 14:49:24.505 11969 12201 I art     : Starting a blocking GC Explicit
08-04 14:49:24.526 11969 12201 I art     : Explicit concurrent mark sweep GC freed 3(96B) AllocSpace objects, 0(0B) LOS objects, 23% free, 52MB/68MB, paused 441us total 21.060ms
08-04 14:49:24.535 11969 12201 I art     : Starting a blocking GC Explicit
08-04 14:49:24.556 11969 12201 I art     : Explicit concurrent mark sweep GC freed 3(96B) AllocSpace objects, 0(0B) LOS objects, 23% free, 52MB/68MB, paused 466us total 20.714ms
08-04 14:49:24.564 11969 12201 I art     : Starting a blocking GC Explicit
08-04 14:49:24.584 11969 12201 I art     : Explicit concurrent mark sweep GC freed 3(96B) AllocSpace objects, 0(0B) LOS objects, 23% free, 52MB/68MB, paused 447us total 19.477ms
08-04 14:49:24.864 11969 11983 I art     : Starting a blocking GC Explicit
08-04 14:49:24.885 11969 11983 I art     : Explicit concurrent mark sweep GC freed 1362(79KB) AllocSpace objects, 1(20KB) LOS objects, 23% free, 52MB/68MB, paused 472us total 21.079ms
08-04 14:49:24.894 11969 11983 I art     : Starting a blocking GC Explicit
08-04 14:49:24.915 11969 11983 I art     : Explicit concurrent mark sweep GC freed 36(1216B) AllocSpace objects, 0(0B) LOS objects, 23% free, 52MB/68MB, paused 464us total 20.701ms
08-04 14:49:24.924 11969 11983 I art     : Starting a blocking GC Explicit
08-04 14:49:24.944 11969 11983 I art     : Explicit concurrent mark sweep GC freed 3(96B) AllocSpace objects, 0(0B) LOS objects, 23% free, 52MB/68MB, paused 453us total 19.783ms
08-04 14:49:24.950 14927 14927 D AndroidRuntime: >>>>>> START com.android.internal.os.RuntimeInit uid 2000 <<<<<<
08-04 14:49:24.952 11969 11983 I art     : Starting a blocking GC Explicit
08-04 14:49:24.955 14927 14927 D AndroidRuntime: CheckJNI is OFF
08-04 14:49:24.973 11969 11983 I art     : Explicit concurrent mark sweep GC freed 3(96B) AllocSpace objects, 0(0B) LOS objects, 23% free, 52MB/68MB, paused 434us total 20.467ms
08-04 14:49:24.981 11969 11983 I art     : Starting a blocking GC Explicit
08-04 14:49:24.991 14927 14927 D ICU     : No timezone override file found: /data/misc/zoneinfo/current/icu/icu_tzdata.dat
08-04 14:49:25.001 11969 11983 I art     : Explicit concurrent mark sweep GC freed 3(96B) AllocSpace objects, 0(0B) LOS objects, 23% free, 52MB/68MB, paused 499us total 19.652ms
08-04 14:49:25.025 14927 14927 I Radio-JNI: register_android_hardware_Radio DONE
08-04 14:49:25.047 14927 14927 D AndroidRuntime: Calling main entry com.android.commands.input.Input
08-04 14:49:25.049 14927 14927 I Input   : injectMotionEvent: MotionEvent { action=ACTION_DOWN, actionButton=0, id[0]=0, x[0]=1084.0, y[0]=2213.0, toolType[0]=TOOL_TYPE_UNKNOWN, buttonState=0, metaState=0, flags=0x0, edgeFlags=0x0, pointerCount=1, historySize=0, eventTime=715781461, downTime=715781461, deviceId=0, source=0x1002 }
08-04 14:49:25.055 14927 14927 I Input   : injectMotionEvent: MotionEvent { action=ACTION_UP, actionButton=0, id[0]=0, x[0]=1084.0, y[0]=2213.0, toolType[0]=TOOL_TYPE_UNKNOWN, buttonState=0, metaState=0, flags=0x0, edgeFlags=0x0, pointerCount=1, historySize=0, eventTime=715781461, downTime=715781461, deviceId=0, source=0x1002 }
08-04 14:49:25.057   918   929 I ActivityManager: START u0 {cmp=baseline.appteam.nith.hillffair/.activities.EventActivity} from uid 10651 on display 0
08-04 14:49:25.064 14927 14927 D AndroidRuntime: Shutting down VM
08-04 14:49:25.143 13866 13866 I GoogleInputMethodServic: GoogleInputMethodService.onFinishInput():3138 
08-04 14:49:25.143 13866 13866 I GoogleInputMethodServic: GoogleInputMethodService.onStartInput():1808 
08-04 14:49:25.164   918   936 I ActivityManager: Displayed baseline.appteam.nith.hillffair/.activities.EventActivity: +99ms
08-04 14:49:25.248 11969 11982 I art     : Starting a blocking GC Explicit
08-04 14:49:25.269 11969 11982 I art     : Explicit concurrent mark sweep GC freed 6174(370KB) AllocSpace objects, 1(20KB) LOS objects, 23% free, 52MB/68MB, paused 461us total 20.633ms
08-04 14:49:25.277 11969 11982 I art     : Starting a blocking GC Explicit
08-04 14:49:25.300 11969 11982 I art     : Explicit concurrent mark sweep GC freed 264(11KB) AllocSpace objects, 0(0B) LOS objects, 23% free, 52MB/68MB, paused 667us total 22.942ms
08-04 14:49:25.311 11969 11982 I art     : Starting a blocking GC Explicit
08-04 14:49:25.337 11969 11982 I art     : Explicit concurrent mark sweep GC freed 3(96B) AllocSpace objects, 0(0B) LOS objects, 23% free, 52MB/68MB, paused 711us total 25.263ms
08-04 14:49:25.347 11969 11982 I art     : Starting a blocking GC Explicit
08-04 14:49:25.372 11969 11982 I art     : Explicit concurrent mark sweep GC freed 3(96B) AllocSpace objects, 0(0B) LOS objects, 23% free, 52MB/68MB, paused 534us total 25.394ms
08-04 14:49:25.382 11969 11982 I art     : Starting a blocking GC Explicit
08-04 14:49:25.407 11969 11982 I art     : Explicit concurrent mark sweep GC freed 3(96B) AllocSpace objects, 0(0B) LOS objects, 23% free, 52MB/68MB, paused 601us total 25.208ms
08-04 14:49:25.416   380   380 W SurfaceFlinger: couldn't log to binary event log: overflow.
08-04 14:49:25.694 11969 12201 I art     : Starting a blocking GC Explicit
08-04 14:49:25.717 11969 12201 I art     : Explicit concurrent mark sweep GC freed 1447(84KB) AllocSpace objects, 1(20KB) LOS objects, 23% free, 52MB/68MB, paused 626us total 22.770ms
08-04 14:49:25.726 11969 12201 I art     : Starting a blocking GC Explicit
08-04 14:49:25.747 11969 12201 I art     : Explicit concurrent mark sweep GC freed 47(1632B) AllocSpace objects, 0(0B) LOS objects, 23% free, 52MB/68MB, paused 592us total 20.702ms
08-04 14:49:25.755 11969 12201 I art     : Starting a blocking GC Explicit
08-04 14:49:25.776 11969 12201 I art     : Explicit concurrent mark sweep GC freed 13(480B) AllocSpace objects, 0(0B) LOS objects, 23% free, 52MB/68MB, paused 498us total 20.102ms
08-04 14:49:25.784 11969 12201 I art     : Starting a blocking GC Explicit
08-04 14:49:25.805 11969 12201 I art     : Explicit concurrent mark sweep GC freed 13(480B) AllocSpace objects, 0(0B) LOS objects, 23% free, 52MB/68MB, paused 492us total 20.152ms
08-04 14:49:25.813 11969 12201 I art     : Starting a blocking GC Explicit
08-04 14:49:25.834 11969 12201 I art     : Explicit concurrent mark sweep GC freed 12(432B) AllocSpace objects, 0(0B) LOS objects, 23% free, 52MB/68MB, paused 565us total 20.677ms
08-04 14:49:25.876 11969 14951 D OkHttp  : --> GET https://api-hillfair-2k16.herokuapp.com/api/app/club http/1.1
08-04 14:49:25.908 11969 14951 D OkHttp  : <-- 200 OK https://api-hillfair-2k16.herokuapp.com/api/app/club (31ms, 1870-byte body)
08-04 14:49:25.918 11969 11969 I NAPPA_EXPERIMENTATION: MetricNetworkRequestExecutionTime: REQUEST_DURATION_SYSTEM='825',REQUEST_DURATION_OKHTTP='31',REQUEST_SYNCHRONOUS='FALSE',RESPONSE_CODE='200',RESPONSE_METHOD='GET',RESPONSE_LENGTH_OKHTTP='1870',RESPONSE_LENGTH_HEADER='1870',REQUEST_PROTOCOL='http/1.1',REQUEST_URL='https://api-hillfair-2k16.herokuapp.com/api/app/club',
08-04 14:49:26.068  8510  8510 I ServiceManager: Waiting for service AtCmdFwd...
08-04 14:49:26.113 11969 11983 I art     : Starting a blocking GC Explicit
08-04 14:49:26.138 11969 11983 I art     : Explicit concurrent mark sweep GC freed 7116(574KB) AllocSpace objects, 4(220KB) LOS objects, 23% free, 53MB/69MB, paused 770us total 24.510ms
08-04 14:49:26.146 11969 11983 I art     : Starting a blocking GC Explicit
08-04 14:49:26.167 11969 11983 I art     : Explicit concurrent mark sweep GC freed 1221(126KB) AllocSpace objects, 0(0B) LOS objects, 23% free, 53MB/69MB, paused 721us total 20.960ms
08-04 14:49:26.175 11969 11983 I art     : Starting a blocking GC Explicit
08-04 14:49:26.196 11969 11983 I art     : Explicit concurrent mark sweep GC freed 3(96B) AllocSpace objects, 0(0B) LOS objects, 23% free, 53MB/69MB, paused 610us total 20.108ms
08-04 14:49:26.204 11969 11983 I art     : Starting a blocking GC Explicit
08-04 14:49:26.227 11969 11983 I art     : Explicit concurrent mark sweep GC freed 3(96B) AllocSpace objects, 0(0B) LOS objects, 23% free, 53MB/69MB, paused 671us total 22.588ms
08-04 14:49:26.235 11969 11983 I art     : Starting a blocking GC Explicit
08-04 14:49:26.259 11969 11983 I art     : Explicit concurrent mark sweep GC freed 3(96B) AllocSpace objects, 0(0B) LOS objects, 23% free, 53MB/69MB, paused 619us total 23.423ms
08-04 14:49:26.550 11969 11982 I art     : Starting a blocking GC Explicit
08-04 14:49:26.574 11969 11982 I art     : Explicit concurrent mark sweep GC freed 7461(426KB) AllocSpace objects, 1(20KB) LOS objects, 23% free, 53MB/69MB, paused 511us total 23.728ms
08-04 14:49:26.583 11969 11982 I art     : Starting a blocking GC Explicit
08-04 14:49:26.603 11969 11982 I art     : Explicit concurrent mark sweep GC freed 198(14KB) AllocSpace objects, 0(0B) LOS objects, 23% free, 53MB/69MB, paused 503us total 20.355ms
08-04 14:49:26.611 11969 11982 I art     : Starting a blocking GC Explicit
08-04 14:49:26.632 11969 11982 I art     : Explicit concurrent mark sweep GC freed 6(192B) AllocSpace objects, 0(0B) LOS objects, 23% free, 53MB/69MB, paused 541us total 20.030ms
08-04 14:49:26.640 11969 11982 I art     : Starting a blocking GC Explicit
08-04 14:49:26.661 11969 11982 I art     : Explicit concurrent mark sweep GC freed 3(96B) AllocSpace objects, 0(0B) LOS objects, 23% free, 53MB/69MB, paused 522us total 21.217ms
08-04 14:49:26.670 11969 11982 I art     : Starting a blocking GC Explicit
08-04 14:49:26.692 11969 11982 I art     : Explicit concurrent mark sweep GC freed 1860(73KB) AllocSpace objects, 0(0B) LOS objects, 23% free, 53MB/69MB, paused 563us total 22.434ms
08-04 14:49:26.723   518   646 I ThermalEngine: ACTION: GPU - Setting GPU[0] to 450000000
08-04 14:49:27.019 11969 11983 I art     : Starting a blocking GC Explicit
08-04 14:49:27.059 11969 11983 I art     : Explicit concurrent mark sweep GC freed 1568(124KB) AllocSpace objects, 1(20KB) LOS objects, 23% free, 53MB/69MB, paused 751us total 40.202ms
08-04 14:49:27.069  8510  8510 I ServiceManager: Waiting for service AtCmdFwd...
08-04 14:49:27.074 11969 11983 I art     : Starting a blocking GC Explicit
08-04 14:49:27.105 11969 11983 I art     : Explicit concurrent mark sweep GC freed 31(1056B) AllocSpace objects, 0(0B) LOS objects, 23% free, 53MB/69MB, paused 712us total 30.722ms
08-04 14:49:27.117 11969 11983 I art     : Starting a blocking GC Explicit
08-04 14:49:27.149 11969 11983 I art     : Explicit concurrent mark sweep GC freed 3(96B) AllocSpace objects, 0(0B) LOS objects, 23% free, 53MB/69MB, paused 726us total 31.760ms
08-04 14:49:27.161 11969 11983 I art     : Starting a blocking GC Explicit
08-04 14:49:27.193 11969 11983 I art     : Explicit concurrent mark sweep GC freed 3(96B) AllocSpace objects, 0(0B) LOS objects, 23% free, 53MB/69MB, paused 698us total 32.324ms
08-04 14:49:27.205 11969 11983 I art     : Starting a blocking GC Explicit
08-04 14:49:27.237 11969 11983 I art     : Explicit concurrent mark sweep GC freed 3(96B) AllocSpace objects, 0(0B) LOS objects, 23% free, 53MB/69MB, paused 789us total 31.996ms
08-04 14:49:27.572 11969 14060 I art     : Starting a blocking GC Explicit
08-04 14:49:27.608 11969 14060 I art     : Explicit concurrent mark sweep GC freed 1344(78KB) AllocSpace objects, 1(20KB) LOS objects, 23% free, 53MB/69MB, paused 845us total 35.571ms
08-04 14:49:27.621 11969 14060 I art     : Starting a blocking GC Explicit
08-04 14:49:27.652 11969 14060 I art     : Explicit concurrent mark sweep GC freed 20(704B) AllocSpace objects, 0(0B) LOS objects, 23% free, 53MB/69MB, paused 722us total 30.570ms
08-04 14:49:27.664 11969 14060 I art     : Starting a blocking GC Explicit
08-04 14:49:27.695 11969 14060 I art     : Explicit concurrent mark sweep GC freed 3(96B) AllocSpace objects, 0(0B) LOS objects, 23% free, 53MB/69MB, paused 712us total 30.935ms
08-04 14:49:27.707 11969 14060 I art     : Starting a blocking GC Explicit
08-04 14:49:27.739 11969 14060 I art     : Explicit concurrent mark sweep GC freed 3(96B) AllocSpace objects, 0(0B) LOS objects, 23% free, 53MB/69MB, paused 719us total 31.870ms
08-04 14:49:27.751 11969 14060 I art     : Starting a blocking GC Explicit
08-04 14:49:27.783 11969 14060 I art     : Explicit concurrent mark sweep GC freed 3(96B) AllocSpace objects, 0(0B) LOS objects, 23% free, 53MB/69MB, paused 690us total 32.278ms
08-04 14:49:28.070  8510  8510 I ServiceManager: Waiting for service AtCmdFwd...
08-04 14:49:28.111 11969 12449 I art     : Starting a blocking GC Explicit
08-04 14:49:28.151 11969 12449 I art     : Explicit concurrent mark sweep GC freed 1344(78KB) AllocSpace objects, 1(20KB) LOS objects, 23% free, 53MB/69MB, paused 987us total 39.561ms
08-04 14:49:28.166 11969 12449 I art     : Starting a blocking GC Explicit
08-04 14:49:28.198 11969 12449 I art     : Explicit concurrent mark sweep GC freed 20(704B) AllocSpace objects, 0(0B) LOS objects, 23% free, 53MB/69MB, paused 737us total 31.627ms
08-04 14:49:28.210 11969 12449 I art     : Starting a blocking GC Explicit
08-04 14:49:28.242 11969 12449 I art     : Explicit concurrent mark sweep GC freed 3(96B) AllocSpace objects, 0(0B) LOS objects, 23% free, 53MB/69MB, paused 706us total 31.650ms
08-04 14:49:28.254 11969 12449 I art     : Starting a blocking GC Explicit
08-04 14:49:28.286 11969 12449 I art     : Explicit concurrent mark sweep GC freed 3(96B) AllocSpace objects, 0(0B) LOS objects, 23% free, 53MB/69MB, paused 679us total 31.724ms
08-04 14:49:28.298 11969 12449 I art     : Starting a blocking GC Explicit
08-04 14:49:28.330 11969 12449 I art     : Explicit concurrent mark sweep GC freed 3(96B) AllocSpace objects, 0(0B) LOS objects, 23% free, 53MB/69MB, paused 693us total 31.959ms
08-04 14:49:28.678 11969 11982 I art     : Starting a blocking GC Explicit
08-04 14:49:28.720 11969 11982 I art     : Explicit concurrent mark sweep GC freed 1344(78KB) AllocSpace objects, 1(20KB) LOS objects, 23% free, 53MB/69MB, paused 764us total 41.097ms
08-04 14:49:28.729   518   646 I ThermalEngine: ACTION: GPU - Setting GPU[0] to 510000000
08-04 14:49:28.738 11969 11982 I art     : Starting a blocking GC Explicit
08-04 14:49:28.768 11969 11982 I art     : Explicit concurrent mark sweep GC freed 20(704B) AllocSpace objects, 0(0B) LOS objects, 23% free, 53MB/69MB, paused 519us total 29.777ms
08-04 14:49:28.778 11969 11982 I art     : Starting a blocking GC Explicit
08-04 14:49:28.801 11969 11982 I art     : Explicit concurrent mark sweep GC freed 3(96B) AllocSpace objects, 0(0B) LOS objects, 23% free, 53MB/69MB, paused 512us total 23.496ms
08-04 14:49:28.810 11969 11982 I art     : Starting a blocking GC Explicit
08-04 14:49:28.834 11969 11982 I art     : Explicit concurrent mark sweep GC freed 3(96B) AllocSpace objects, 0(0B) LOS objects, 23% free, 53MB/69MB, paused 516us total 23.467ms
08-04 14:49:28.843 11969 11982 I art     : Starting a blocking GC Explicit
08-04 14:49:28.868 11969 11982 I art     : Explicit concurrent mark sweep GC freed 3(96B) AllocSpace objects, 0(0B) LOS objects, 23% free, 53MB/69MB, paused 547us total 24.240ms
08-04 14:49:29.070  8510  8510 I ServiceManager: Waiting for service AtCmdFwd...
08-04 14:49:29.182 11969 12201 I art     : Starting a blocking GC Explicit
08-04 14:49:29.212 11969 12201 I art     : Explicit concurrent mark sweep GC freed 1365(79KB) AllocSpace objects, 1(20KB) LOS objects, 23% free, 53MB/69MB, paused 548us total 29.314ms
08-04 14:49:29.223 11969 12201 I art     : Starting a blocking GC Explicit
08-04 14:49:29.248 11969 12201 I art     : Explicit concurrent mark sweep GC freed 36(1216B) AllocSpace objects, 0(0B) LOS objects, 23% free, 53MB/69MB, paused 544us total 23.965ms
08-04 14:49:29.257 11969 12201 I art     : Starting a blocking GC Explicit
08-04 14:49:29.279 11969 12201 I art     : Explicit concurrent mark sweep GC freed 3(96B) AllocSpace objects, 0(0B) LOS objects, 23% free, 53MB/69MB, paused 478us total 22.310ms
08-04 14:49:29.288 11969 12201 I art     : Starting a blocking GC Explicit
08-04 14:49:29.312 11969 12201 I art     : Explicit concurrent mark sweep GC freed 3(96B) AllocSpace objects, 0(0B) LOS objects, 23% free, 53MB/69MB, paused 508us total 23.239ms
08-04 14:49:29.321 11969 12201 I art     : Starting a blocking GC Explicit
08-04 14:49:29.344 11969 12201 I art     : Explicit concurrent mark sweep GC freed 3(96B) AllocSpace objects, 0(0B) LOS objects, 23% free, 53MB/69MB, paused 483us total 23.048ms
08-04 14:49:29.540   918   918 I ActivityManager: Start proc 15054:nappatfpr.com.newsblur/u0a658 for service nappatfpr.com.newsblur/.service.NBSyncService
08-04 14:49:29.541 15054 15054 I art     : Late-enabling -Xcheck:jni
08-04 14:49:29.560 15066 15066 I art     : Late-enabling -Xcheck:jni
08-04 14:49:29.561   918   918 I ActivityManager: Start proc 15066:baseline.com.newsblur/u0a652 for service baseline.com.newsblur/.service.NBSyncService
08-04 14:49:29.575 29666 15091 W Gcs.WfaEliRefreshTask: [24198] afk.b: NULL eligibility response.
08-04 14:49:29.576 24365 25567 I NetworkScheduler.Stats: Task com.google.android.apps.gcs/ started execution. cause:4 exec_start_elapsed_seconds: 1699173 [CONTEXT service_id=218 ]
08-04 14:49:29.586 24365 25567 I NetworkScheduler.Stats: Task com.google.android.apps.gcs/ finished executing. cause:4 result: 3 elapsed_millis: 8 uptime_millis: 9 exec_start_elapsed_seconds: 1699173 [CONTEXT service_id=218 ]
08-04 14:49:29.603 15054 15054 W System  : ClassLoader referenced unknown path: /data/app/nappatfpr.com.newsblur-1/lib/arm64
08-04 14:49:29.616 15066 15066 W System  : ClassLoader referenced unknown path: /data/app/baseline.com.newsblur-1/lib/arm64
08-04 14:49:29.652 11969 11983 I art     : Starting a blocking GC Explicit
08-04 14:49:29.656   918   929 I ActivityManager: Killing 1158:com.google.process.gapps/u0a12 (adj 15): empty #17
08-04 14:49:29.672 11969 11983 I art     : Explicit concurrent mark sweep GC freed 1344(78KB) AllocSpace objects, 1(20KB) LOS objects, 23% free, 53MB/69MB, paused 443us total 18.976ms
08-04 14:49:29.680 11969 11983 I art     : Starting a blocking GC Explicit
08-04 14:49:29.699 11969 11983 I art     : Explicit concurrent mark sweep GC freed 20(704B) AllocSpace objects, 0(0B) LOS objects, 23% free, 53MB/69MB, paused 472us total 19.519ms
08-04 14:49:29.707 11969 11983 I art     : Starting a blocking GC Explicit
08-04 14:49:29.727 11969 11983 I art     : Explicit concurrent mark sweep GC freed 3(96B) AllocSpace objects, 0(0B) LOS objects, 23% free, 53MB/69MB, paused 472us total 19.999ms
08-04 14:49:29.732   918  3714 I ActivityManager: Killing 7878:com.google.android.talk/u0a53 (adj 15): empty #17
08-04 14:49:29.735 11969 11983 I art     : Starting a blocking GC Explicit
08-04 14:49:29.754 11969 11983 I art     : Explicit concurrent mark sweep GC freed 3(96B) AllocSpace objects, 0(0B) LOS objects, 23% free, 53MB/69MB, paused 519us total 18.924ms
08-04 14:49:29.762 11969 11983 I art     : Starting a blocking GC Explicit
08-04 14:49:29.782 11969 11983 I art     : Explicit concurrent mark sweep GC freed 3(96B) AllocSpace objects, 0(0B) LOS objects, 23% free, 53MB/69MB, paused 478us total 19.972ms
08-04 14:49:30.071  8510  8510 I ServiceManager: Waiting for service AtCmdFwd...
08-04 14:49:30.098 11969 14060 I art     : Starting a blocking GC Explicit
08-04 14:49:30.122 11969 14060 I art     : Explicit concurrent mark sweep GC freed 1344(78KB) AllocSpace objects, 1(20KB) LOS objects, 23% free, 53MB/69MB, paused 494us total 23.274ms
08-04 14:49:30.131 11969 14060 I art     : Starting a blocking GC Explicit
08-04 14:49:30.153 11969 14060 I art     : Explicit concurrent mark sweep GC freed 20(704B) AllocSpace objects, 0(0B) LOS objects, 23% free, 53MB/69MB, paused 480us total 21.390ms
08-04 14:49:30.161 11969 14060 I art     : Starting a blocking GC Explicit
08-04 14:49:30.184 11969 14060 I art     : Explicit concurrent mark sweep GC freed 3(96B) AllocSpace objects, 0(0B) LOS objects, 23% free, 53MB/69MB, paused 499us total 22.709ms
08-04 14:49:30.193 11969 14060 I art     : Starting a blocking GC Explicit
08-04 14:49:30.217 11969 14060 I art     : Explicit concurrent mark sweep GC freed 3(96B) AllocSpace objects, 0(0B) LOS objects, 23% free, 53MB/69MB, paused 573us total 23.407ms
08-04 14:49:30.226 11969 14060 I art     : Starting a blocking GC Explicit
08-04 14:49:30.249 11969 14060 I art     : Explicit concurrent mark sweep GC freed 3(96B) AllocSpace objects, 0(0B) LOS objects, 23% free, 53MB/69MB, paused 491us total 23.099ms
08-04 14:49:30.567 11969 12449 I art     : Starting a blocking GC Explicit
08-04 14:49:30.597 11969 12449 I art     : Explicit concurrent mark sweep GC freed 1344(78KB) AllocSpace objects, 1(20KB) LOS objects, 23% free, 53MB/69MB, paused 548us total 29.388ms
08-04 14:49:30.609 11969 12449 I art     : Starting a blocking GC Explicit
08-04 14:49:30.633 11969 12449 I art     : Explicit concurrent mark sweep GC freed 20(704B) AllocSpace objects, 0(0B) LOS objects, 23% free, 53MB/69MB, paused 484us total 23.163ms
08-04 14:49:30.641 11969 12449 I art     : Starting a blocking GC Explicit
08-04 14:49:30.665 11969 12449 I art     : Explicit concurrent mark sweep GC freed 3(96B) AllocSpace objects, 0(0B) LOS objects, 23% free, 53MB/69MB, paused 536us total 23.121ms
08-04 14:49:30.675 11969 12449 I art     : Starting a blocking GC Explicit
08-04 14:49:30.696 11969 12449 I art     : Explicit concurrent mark sweep GC freed 3(96B) AllocSpace objects, 0(0B) LOS objects, 23% free, 53MB/69MB, paused 485us total 20.641ms
08-04 14:49:30.704 11969 12449 I art     : Starting a blocking GC Explicit
08-04 14:49:30.725 11969 12449 I art     : Explicit concurrent mark sweep GC freed 3(96B) AllocSpace objects, 0(0B) LOS objects, 23% free, 53MB/69MB, paused 469us total 20.708ms
08-04 14:49:30.725 11969 11981 I art     : WaitForGcToComplete blocked for 7.876ms for cause HeapTrim
08-04 14:49:31.033 11969 11982 I art     : Starting a blocking GC Explicit
08-04 14:49:31.063 11969 11982 I art     : Explicit concurrent mark sweep GC freed 1344(78KB) AllocSpace objects, 1(20KB) LOS objects, 23% free, 53MB/69MB, paused 660us total 29.826ms
08-04 14:49:31.071  8510  8510 W Atfwd_Sendcmd: AtCmdFwd service not published, waiting... retryCnt : 1
08-04 14:49:31.075 11969 11982 I art     : Starting a blocking GC Explicit
08-04 14:49:31.099 11969 11982 I art     : Explicit concurrent mark sweep GC freed 20(704B) AllocSpace objects, 0(0B) LOS objects, 23% free, 53MB/69MB, paused 504us total 23.749ms
08-04 14:49:31.108 11969 11982 I art     : Starting a blocking GC Explicit
08-04 14:49:31.131 11969 11982 I art     : Explicit concurrent mark sweep GC freed 3(96B) AllocSpace objects, 0(0B) LOS objects, 23% free, 53MB/69MB, paused 489us total 22.857ms
08-04 14:49:31.141 11969 11982 I art     : Starting a blocking GC Explicit
08-04 14:49:31.164 11969 11982 I art     : Explicit concurrent mark sweep GC freed 3(96B) AllocSpace objects, 0(0B) LOS objects, 23% free, 53MB/69MB, paused 507us total 23.693ms
08-04 14:49:31.174 11969 11982 I art     : Starting a blocking GC Explicit
08-04 14:49:31.197 11969 11982 I art     : Explicit concurrent mark sweep GC freed 3(96B) AllocSpace objects, 0(0B) LOS objects, 23% free, 53MB/69MB, paused 525us total 23.428ms
08-04 14:49:31.518 11969 12201 I art     : Starting a blocking GC Explicit
08-04 14:49:31.551 11969 12201 I art     : Explicit concurrent mark sweep GC freed 1344(78KB) AllocSpace objects, 1(20KB) LOS objects, 23% free, 53MB/69MB, paused 552us total 32.595ms
08-04 14:49:31.565 11969 12201 I art     : Starting a blocking GC Explicit
08-04 14:49:31.588 11969 12201 I art     : Explicit concurrent mark sweep GC freed 20(704B) AllocSpace objects, 0(0B) LOS objects, 23% free, 53MB/69MB, paused 511us total 23.162ms
08-04 14:49:31.597 11969 12201 I art     : Starting a blocking GC Explicit
08-04 14:49:31.620 11969 12201 I art     : Explicit concurrent mark sweep GC freed 3(96B) AllocSpace objects, 0(0B) LOS objects, 23% free, 53MB/69MB, paused 508us total 22.409ms
08-04 14:49:31.629 11969 12201 I art     : Starting a blocking GC Explicit
08-04 14:49:31.653 11969 12201 I art     : Explicit concurrent mark sweep GC freed 3(96B) AllocSpace objects, 0(0B) LOS objects, 23% free, 53MB/69MB, paused 492us total 23.587ms
08-04 14:49:31.662 11969 12201 I art     : Starting a blocking GC Explicit
08-04 14:49:31.686 11969 12201 I art     : Explicit concurrent mark sweep GC freed 3(96B) AllocSpace objects, 0(0B) LOS objects, 23% free, 53MB/69MB, paused 508us total 23.939ms
08-04 14:49:31.997 11969 11983 I art     : Starting a blocking GC Explicit
08-04 14:49:32.026 11969 11983 I art     : Explicit concurrent mark sweep GC freed 1344(78KB) AllocSpace objects, 1(20KB) LOS objects, 23% free, 53MB/69MB, paused 543us total 29.106ms
08-04 14:49:32.039 11969 11983 I art     : Starting a blocking GC Explicit
08-04 14:49:32.063 11969 11983 I art     : Explicit concurrent mark sweep GC freed 20(704B) AllocSpace objects, 0(0B) LOS objects, 23% free, 53MB/69MB, paused 497us total 23.784ms
08-04 14:49:32.072 11969 11983 I art     : Starting a blocking GC Explicit
08-04 14:49:32.095 11969 11983 I art     : Explicit concurrent mark sweep GC freed 3(96B) AllocSpace objects, 0(0B) LOS objects, 23% free, 53MB/69MB, paused 493us total 23.283ms
08-04 14:49:32.105 11969 11983 I art     : Starting a blocking GC Explicit
08-04 14:49:32.129 11969 11983 I art     : Explicit concurrent mark sweep GC freed 3(96B) AllocSpace objects, 0(0B) LOS objects, 23% free, 53MB/69MB, paused 507us total 23.797ms
08-04 14:49:32.138 11969 11983 I art     : Starting a blocking GC Explicit
08-04 14:49:32.162 11969 11983 I art     : Explicit concurrent mark sweep GC freed 3(96B) AllocSpace objects, 0(0B) LOS objects, 23% free, 53MB/69MB, paused 471us total 23.581ms
08-04 14:49:32.489 11969 14060 I art     : Starting a blocking GC Explicit
08-04 14:49:32.525 11969 14060 I art     : Explicit concurrent mark sweep GC freed 1344(78KB) AllocSpace objects, 1(20KB) LOS objects, 23% free, 53MB/69MB, paused 592us total 35.573ms
08-04 14:49:32.537 11969 14060 I art     : Starting a blocking GC Explicit
08-04 14:49:32.563 11969 14060 I art     : Explicit concurrent mark sweep GC freed 20(704B) AllocSpace objects, 0(0B) LOS objects, 23% free, 53MB/69MB, paused 470us total 25.181ms
08-04 14:49:32.572 11969 14060 I art     : Starting a blocking GC Explicit
08-04 14:49:32.595 11969 14060 I art     : Explicit concurrent mark sweep GC freed 3(96B) AllocSpace objects, 0(0B) LOS objects, 23% free, 53MB/69MB, paused 491us total 22.720ms
08-04 14:49:32.604 11969 14060 I art     : Starting a blocking GC Explicit
08-04 14:49:32.628 11969 14060 I art     : Explicit concurrent mark sweep GC freed 3(96B) AllocSpace objects, 0(0B) LOS objects, 23% free, 53MB/69MB, paused 554us total 23.454ms
08-04 14:49:32.637 11969 14060 I art     : Starting a blocking GC Explicit
08-04 14:49:32.660 11969 14060 I art     : Explicit concurrent mark sweep GC freed 3(96B) AllocSpace objects, 0(0B) LOS objects, 23% free, 53MB/69MB, paused 498us total 23.333ms
08-04 14:49:32.987 11969 12449 I art     : Starting a blocking GC Explicit
08-04 14:49:33.017 11969 12449 I art     : Explicit concurrent mark sweep GC freed 1344(78KB) AllocSpace objects, 1(20KB) LOS objects, 23% free, 53MB/69MB, paused 543us total 29.681ms
08-04 14:49:33.029 11969 12449 I art     : Starting a blocking GC Explicit
08-04 14:49:33.053 11969 12449 I art     : Explicit concurrent mark sweep GC freed 20(704B) AllocSpace objects, 0(0B) LOS objects, 23% free, 53MB/69MB, paused 506us total 23.833ms
08-04 14:49:33.062 11969 12449 I art     : Starting a blocking GC Explicit
08-04 14:49:33.085 11969 12449 I art     : Explicit concurrent mark sweep GC freed 3(96B) AllocSpace objects, 0(0B) LOS objects, 23% free, 53MB/69MB, paused 489us total 23.048ms
08-04 14:49:33.094 11969 12449 I art     : Starting a blocking GC Explicit
08-04 14:49:33.118 11969 12449 I art     : Explicit concurrent mark sweep GC freed 3(96B) AllocSpace objects, 0(0B) LOS objects, 23% free, 53MB/69MB, paused 501us total 23.501ms
08-04 14:49:33.127 11969 12449 I art     : Starting a blocking GC Explicit
08-04 14:49:33.151 11969 12449 I art     : Explicit concurrent mark sweep GC freed 3(96B) AllocSpace objects, 0(0B) LOS objects, 23% free, 53MB/69MB, paused 496us total 23.221ms
08-04 14:49:33.452 11969 11982 I art     : Starting a blocking GC Explicit
08-04 14:49:33.475 11969 11982 I art     : Explicit concurrent mark sweep GC freed 1344(78KB) AllocSpace objects, 1(20KB) LOS objects, 23% free, 53MB/69MB, paused 525us total 23.170ms
08-04 14:49:33.484 11969 11982 I art     : Starting a blocking GC Explicit
08-04 14:49:33.508 11969 11982 I art     : Explicit concurrent mark sweep GC freed 20(704B) AllocSpace objects, 0(0B) LOS objects, 23% free, 53MB/69MB, paused 539us total 23.225ms
08-04 14:49:33.517 11969 11982 I art     : Starting a blocking GC Explicit
08-04 14:49:33.539 11969 11982 I art     : Explicit concurrent mark sweep GC freed 3(96B) AllocSpace objects, 0(0B) LOS objects, 23% free, 53MB/69MB, paused 505us total 21.854ms
08-04 14:49:33.548 11969 11982 I art     : Starting a blocking GC Explicit
08-04 14:49:33.570 11969 11982 I art     : Explicit concurrent mark sweep GC freed 3(96B) AllocSpace objects, 0(0B) LOS objects, 23% free, 53MB/69MB, paused 531us total 21.740ms
08-04 14:49:33.578 11969 11982 I art     : Starting a blocking GC Explicit
08-04 14:49:33.601 11969 11982 I art     : Explicit concurrent mark sweep GC freed 3(96B) AllocSpace objects, 0(0B) LOS objects, 23% free, 53MB/69MB, paused 495us total 21.970ms
08-04 14:49:33.757 15173 15173 D AndroidRuntime: >>>>>> START com.android.internal.os.RuntimeInit uid 2000 <<<<<<
08-04 14:49:33.763 15173 15173 D AndroidRuntime: CheckJNI is OFF
08-04 14:49:33.796 15173 15173 D ICU     : No timezone override file found: /data/misc/zoneinfo/current/icu/icu_tzdata.dat
08-04 14:49:33.829 15173 15173 I Radio-JNI: register_android_hardware_Radio DONE
08-04 14:49:33.850 15173 15173 D AndroidRuntime: Calling main entry com.android.commands.input.Input
08-04 14:49:33.852 15173 15173 I Input   : injectMotionEvent: MotionEvent { action=ACTION_DOWN, actionButton=0, id[0]=0, x[0]=369.0, y[0]=554.0, toolType[0]=TOOL_TYPE_UNKNOWN, buttonState=0, metaState=0, flags=0x0, edgeFlags=0x0, pointerCount=1, historySize=0, eventTime=715790264, downTime=715790264, deviceId=0, source=0x1002 }
08-04 14:49:33.856 15173 15173 I Input   : injectMotionEvent: MotionEvent { action=ACTION_UP, actionButton=0, id[0]=0, x[0]=369.0, y[0]=554.0, toolType[0]=TOOL_TYPE_UNKNOWN, buttonState=0, metaState=0, flags=0x0, edgeFlags=0x0, pointerCount=1, historySize=0, eventTime=715790264, downTime=715790264, deviceId=0, source=0x1002 }
08-04 14:49:33.857   918  6112 I ActivityManager: START u0 {cmp=baseline.appteam.nith.hillffair/.activities.ClubActivity (has extras)} from uid 10651 on display 0
08-04 14:49:33.866 15173 15173 D AndroidRuntime: Shutting down VM
08-04 14:49:33.898 11969 12449 I art     : Starting a blocking GC Explicit
08-04 14:49:33.924 11969 12449 I art     : Explicit concurrent mark sweep GC freed 4922(299KB) AllocSpace objects, 1(20KB) LOS objects, 23% free, 53MB/69MB, paused 632us total 25.864ms
08-04 14:49:33.933 11969 12449 I art     : Starting a blocking GC Explicit
08-04 14:49:33.956 11969 12449 I art     : Explicit concurrent mark sweep GC freed 394(19KB) AllocSpace objects, 0(0B) LOS objects, 22% free, 53MB/69MB, paused 858us total 22.752ms
08-04 14:49:33.964 11969 12449 I art     : Starting a blocking GC Explicit
08-04 14:49:33.969   918   936 I ActivityManager: Displayed baseline.appteam.nith.hillffair/.activities.ClubActivity: +102ms
08-04 14:49:33.969 13866 13866 I GoogleInputMethodServic: GoogleInputMethodService.onFinishInput():3138 
08-04 14:49:33.970 13866 13866 I GoogleInputMethodServic: GoogleInputMethodService.onStartInput():1808 
08-04 14:49:33.988 11969 12449 I art     : Explicit concurrent mark sweep GC freed 77(3KB) AllocSpace objects, 0(0B) LOS objects, 22% free, 53MB/69MB, paused 1.023ms total 23.560ms
08-04 14:49:33.997 11969 12449 I art     : Starting a blocking GC Explicit
08-04 14:49:34.020 11969 12449 I art     : Explicit concurrent mark sweep GC freed 18(672B) AllocSpace objects, 0(0B) LOS objects, 22% free, 53MB/69MB, paused 499us total 22.400ms
08-04 14:49:34.029 11969 12449 I art     : Starting a blocking GC Explicit
08-04 14:49:34.049 11969 12449 I art     : Explicit concurrent mark sweep GC freed 3(96B) AllocSpace objects, 0(0B) LOS objects, 22% free, 53MB/69MB, paused 508us total 20.381ms
08-04 14:49:34.216   380   380 W SurfaceFlinger: couldn't log to binary event log: overflow.
08-04 14:49:34.309 11969 11982 I art     : Starting a blocking GC Explicit
08-04 14:49:34.329 11969 11982 I art     : Explicit concurrent mark sweep GC freed 1344(78KB) AllocSpace objects, 1(20KB) LOS objects, 22% free, 53MB/69MB, paused 485us total 20.081ms
08-04 14:49:34.337 11969 11982 I art     : Starting a blocking GC Explicit
08-04 14:49:34.359 11969 11982 I art     : Explicit concurrent mark sweep GC freed 116(6KB) AllocSpace objects, 0(0B) LOS objects, 22% free, 53MB/69MB, paused 487us total 21.921ms
08-04 14:49:34.367 11969 11982 I art     : Starting a blocking GC Explicit
08-04 14:49:34.387 11969 11982 I art     : Explicit concurrent mark sweep GC freed 23(1280B) AllocSpace objects, 0(0B) LOS objects, 22% free, 53MB/69MB, paused 527us total 19.754ms
08-04 14:49:34.395 11969 11982 I art     : Starting a blocking GC Explicit
08-04 14:49:34.415 11969 11982 I art     : Explicit concurrent mark sweep GC freed 13(480B) AllocSpace objects, 0(0B) LOS objects, 22% free, 53MB/69MB, paused 527us total 19.943ms
08-04 14:49:34.424 11969 11982 I art     : Starting a blocking GC Explicit
08-04 14:49:34.445 11969 11982 I art     : Explicit concurrent mark sweep GC freed 12(432B) AllocSpace objects, 0(0B) LOS objects, 22% free, 53MB/69MB, paused 641us total 21.311ms
08-04 14:49:34.684 11969 15204 D OkHttp  : --> GET https://api-hillfair-2k16.herokuapp.com/api/app/club/PR%20Club http/1.1
08-04 14:49:34.717 11969 15204 D OkHttp  : <-- 200 OK https://api-hillfair-2k16.herokuapp.com/api/app/club/PR%20Club (33ms, 979-byte body)
08-04 14:49:34.719 11969 14060 I art     : Starting a blocking GC Explicit
08-04 14:49:34.745 11969 14060 I art     : Explicit concurrent mark sweep GC freed 4201(250KB) AllocSpace objects, 4(220KB) LOS objects, 22% free, 53MB/69MB, paused 645us total 25.264ms
08-04 14:49:34.754 11969 14060 I art     : Starting a blocking GC Explicit
08-04 14:49:34.777 11969 14060 I art     : Explicit concurrent mark sweep GC freed 1043(121KB) AllocSpace objects, 0(0B) LOS objects, 22% free, 53MB/69MB, paused 659us total 23.581ms
08-04 14:49:34.779 11969 11969 I NAPPA_EXPERIMENTATION: MetricNetworkRequestExecutionTime: REQUEST_DURATION_SYSTEM='884',REQUEST_DURATION_OKHTTP='33',REQUEST_SYNCHRONOUS='FALSE',RESPONSE_CODE='200',RESPONSE_METHOD='GET',RESPONSE_LENGTH_OKHTTP='979',RESPONSE_LENGTH_HEADER='979',REQUEST_PROTOCOL='http/1.1',REQUEST_URL='https://api-hillfair-2k16.herokuapp.com/api/app/club/PR%20Club',
08-04 14:49:34.786 11969 14060 I art     : Starting a blocking GC Explicit
08-04 14:49:34.808 11969 14060 I art     : Explicit concurrent mark sweep GC freed 573(84KB) AllocSpace objects, 0(0B) LOS objects, 22% free, 53MB/69MB, paused 595us total 21.848ms
08-04 14:49:34.817 11969 14060 I art     : Starting a blocking GC Explicit
08-04 14:49:34.838 11969 14060 I art     : Explicit concurrent mark sweep GC freed 70(11KB) AllocSpace objects, 0(0B) LOS objects, 22% free, 53MB/69MB, paused 490us total 21.313ms
08-04 14:49:34.847 11969 14060 I art     : Starting a blocking GC Explicit
08-04 14:49:34.868 11969 14060 I art     : Explicit concurrent mark sweep GC freed 6(192B) AllocSpace objects, 0(0B) LOS objects, 22% free, 53MB/69MB, paused 463us total 20.752ms
08-04 14:49:35.158 11969 12201 I art     : Starting a blocking GC Explicit
08-04 14:49:35.182 11969 12201 I art     : Explicit concurrent mark sweep GC freed 1344(78KB) AllocSpace objects, 1(20KB) LOS objects, 22% free, 53MB/69MB, paused 479us total 23.997ms
08-04 14:49:35.191 11969 12201 I art     : Starting a blocking GC Explicit
08-04 14:49:35.216 11969 12201 I art     : Explicit concurrent mark sweep GC freed 36(1264B) AllocSpace objects, 0(0B) LOS objects, 22% free, 53MB/69MB, paused 518us total 23.956ms
08-04 14:49:35.225 11969 12201 I art     : Starting a blocking GC Explicit
08-04 14:49:35.249 11969 12201 I art     : Explicit concurrent mark sweep GC freed 3(96B) AllocSpace objects, 0(0B) LOS objects, 22% free, 53MB/69MB, paused 519us total 24.401ms
08-04 14:49:35.259 11969 12201 I art     : Starting a blocking GC Explicit
08-04 14:49:35.283 11969 12201 I art     : Explicit concurrent mark sweep GC freed 3(96B) AllocSpace objects, 0(0B) LOS objects, 22% free, 53MB/69MB, paused 519us total 24.244ms
08-04 14:49:35.293 11969 12201 I art     : Starting a blocking GC Explicit
08-04 14:49:35.317 11969 12201 I art     : Explicit concurrent mark sweep GC freed 3(96B) AllocSpace objects, 0(0B) LOS objects, 22% free, 53MB/69MB, paused 557us total 24.728ms
08-04 14:49:35.613 11969 12449 I art     : Starting a blocking GC Explicit
08-04 14:49:35.644 11969 12449 I art     : Explicit concurrent mark sweep GC freed 1344(78KB) AllocSpace objects, 1(20KB) LOS objects, 22% free, 53MB/69MB, paused 558us total 30.457ms
08-04 14:49:35.656 11969 12449 I art     : Starting a blocking GC Explicit
08-04 14:49:35.681 11969 12449 I art     : Explicit concurrent mark sweep GC freed 20(704B) AllocSpace objects, 0(0B) LOS objects, 22% free, 53MB/69MB, paused 481us total 25.031ms
08-04 14:49:35.690 11969 12449 I art     : Starting a blocking GC Explicit
08-04 14:49:35.715 11969 12449 I art     : Explicit concurrent mark sweep GC freed 3(96B) AllocSpace objects, 0(0B) LOS objects, 22% free, 53MB/69MB, paused 515us total 24.300ms
08-04 14:49:35.724 11969 12449 I art     : Starting a blocking GC Explicit
08-04 14:49:35.749 11969 12449 I art     : Explicit concurrent mark sweep GC freed 3(96B) AllocSpace objects, 0(0B) LOS objects, 22% free, 53MB/69MB, paused 497us total 24.823ms
08-04 14:49:35.758 11969 12449 I art     : Starting a blocking GC Explicit
08-04 14:49:35.784 11969 12449 I art     : Explicit concurrent mark sweep GC freed 3(96B) AllocSpace objects, 0(0B) LOS objects, 22% free, 53MB/69MB, paused 494us total 24.920ms
08-04 14:49:35.970   918 13197 D NetworkMonitor/NetworkAgentInfo [WIFI () - 158]: Checking http://connectivitycheck.gstatic.com/generate_204 on "H369AA63323", 192.168.2.12=192.168.2.12
08-04 14:49:36.072  8510  8510 I ServiceManager: Waiting for service AtCmdFwd...
08-04 14:49:36.109   918 13197 D NetworkMonitor/NetworkAgentInfo [WIFI () - 158]: Probably not a portal: exception java.io.IOException: unexpected end of stream on Connection{connectivitycheck.gstatic.com:80, proxy=HTTP@/192.168.2.12:8080 hostAddress=192.168.2.12 cipherSuite=none protocol=http/1.1} (recycle count=0)
08-04 14:49:36.110   918  3263 D ConnectivityService: NetworkAgentInfo [WIFI () - 158] validation failed
08-04 14:49:36.111   918  3261 E WifiConfigStore:  rewrite network history for "H369AA63323"WPA_PSK
08-04 14:49:36.115 11969 11983 I art     : Starting a blocking GC Explicit
08-04 14:49:36.146 11969 11983 I art     : Explicit concurrent mark sweep GC freed 1344(78KB) AllocSpace objects, 1(20KB) LOS objects, 22% free, 53MB/69MB, paused 601us total 31.219ms
08-04 14:49:36.160 11969 11983 I art     : Starting a blocking GC Explicit
08-04 14:49:36.185 11969 11983 I art     : Explicit concurrent mark sweep GC freed 20(704B) AllocSpace objects, 0(0B) LOS objects, 22% free, 53MB/69MB, paused 502us total 24.917ms
08-04 14:49:36.194 11969 11983 I art     : Starting a blocking GC Explicit
08-04 14:49:36.219 11969 11983 I art     : Explicit concurrent mark sweep GC freed 3(96B) AllocSpace objects, 0(0B) LOS objects, 22% free, 53MB/69MB, paused 509us total 24.413ms
08-04 14:49:36.228 11969 11983 I art     : Starting a blocking GC Explicit
08-04 14:49:36.253 11969 11983 I art     : Explicit concurrent mark sweep GC freed 3(96B) AllocSpace objects, 0(0B) LOS objects, 22% free, 53MB/69MB, paused 524us total 24.681ms
08-04 14:49:36.262 11969 11983 I art     : Starting a blocking GC Explicit
08-04 14:49:36.287 11969 11983 I art     : Explicit concurrent mark sweep GC freed 3(96B) AllocSpace objects, 0(0B) LOS objects, 22% free, 53MB/69MB, paused 556us total 25.061ms
08-04 14:49:36.595 11969 14060 I art     : Starting a blocking GC Explicit
08-04 14:49:36.627 11969 14060 I art     : Explicit concurrent mark sweep GC freed 1344(78KB) AllocSpace objects, 1(20KB) LOS objects, 22% free, 53MB/69MB, paused 625us total 31.233ms
08-04 14:49:36.639 11969 14060 I art     : Starting a blocking GC Explicit
08-04 14:49:36.663 11969 14060 I art     : Explicit concurrent mark sweep GC freed 20(704B) AllocSpace objects, 0(0B) LOS objects, 22% free, 53MB/69MB, paused 491us total 23.462ms
08-04 14:49:36.672 11969 14060 I art     : Starting a blocking GC Explicit
08-04 14:49:36.697 11969 14060 I art     : Explicit concurrent mark sweep GC freed 3(96B) AllocSpace objects, 0(0B) LOS objects, 22% free, 53MB/69MB, paused 514us total 24.209ms
08-04 14:49:36.706 11969 14060 I art     : Starting a blocking GC Explicit
08-04 14:49:36.731 11969 14060 I art     : Explicit concurrent mark sweep GC freed 3(96B) AllocSpace objects, 0(0B) LOS objects, 22% free, 53MB/69MB, paused 517us total 25.110ms
08-04 14:49:36.741 11969 14060 I art     : Starting a blocking GC Explicit
08-04 14:49:36.766 11969 14060 I art     : Explicit concurrent mark sweep GC freed 3(96B) AllocSpace objects, 0(0B) LOS objects, 22% free, 53MB/69MB, paused 518us total 24.812ms
08-04 14:49:37.056 11969 11982 I art     : Starting a blocking GC Explicit
08-04 14:49:37.072  8510  8510 I ServiceManager: Waiting for service AtCmdFwd...
08-04 14:49:37.088 11969 11982 I art     : Explicit concurrent mark sweep GC freed 1344(78KB) AllocSpace objects, 1(20KB) LOS objects, 22% free, 53MB/69MB, paused 650us total 31.275ms
08-04 14:49:37.101 11969 11982 I art     : Starting a blocking GC Explicit
08-04 14:49:37.127 11969 11982 I art     : Explicit concurrent mark sweep GC freed 20(704B) AllocSpace objects, 0(0B) LOS objects, 22% free, 53MB/69MB, paused 527us total 25.754ms
08-04 14:49:37.137 11969 11982 I art     : Starting a blocking GC Explicit
08-04 14:49:37.161 11969 11982 I art     : Explicit concurrent mark sweep GC freed 3(96B) AllocSpace objects, 0(0B) LOS objects, 22% free, 53MB/69MB, paused 514us total 24.385ms
08-04 14:49:37.171 11969 11982 I art     : Starting a blocking GC Explicit
08-04 14:49:37.195 11969 11982 I art     : Explicit concurrent mark sweep GC freed 3(96B) AllocSpace objects, 0(0B) LOS objects, 22% free, 53MB/69MB, paused 535us total 24.220ms
08-04 14:49:37.204 11969 11982 I art     : Starting a blocking GC Explicit
08-04 14:49:37.229 11969 11982 I art     : Explicit concurrent mark sweep GC freed 3(96B) AllocSpace objects, 0(0B) LOS objects, 22% free, 53MB/69MB, paused 516us total 24.481ms
08-04 14:49:37.544 11969 12201 I art     : Starting a blocking GC Explicit
08-04 14:49:37.575 11969 12201 I art     : Explicit concurrent mark sweep GC freed 1365(79KB) AllocSpace objects, 1(20KB) LOS objects, 22% free, 53MB/69MB, paused 565us total 30.705ms
08-04 14:49:37.588 11969 12201 I art     : Starting a blocking GC Explicit
08-04 14:49:37.614 11969 12201 I art     : Explicit concurrent mark sweep GC freed 36(1216B) AllocSpace objects, 0(0B) LOS objects, 22% free, 53MB/69MB, paused 511us total 25.819ms
08-04 14:49:37.623 11969 12201 I art     : Starting a blocking GC Explicit
08-04 14:49:37.648 11969 12201 I art     : Explicit concurrent mark sweep GC freed 3(96B) AllocSpace objects, 0(0B) LOS objects, 22% free, 53MB/69MB, paused 533us total 24.484ms
08-04 14:49:37.658 11969 12201 I art     : Starting a blocking GC Explicit
08-04 14:49:37.683 11969 12201 I art     : Explicit concurrent mark sweep GC freed 3(96B) AllocSpace objects, 0(0B) LOS objects, 22% free, 53MB/69MB, paused 497us total 25.180ms
08-04 14:49:37.692 11969 12201 I art     : Starting a blocking GC Explicit
08-04 14:49:37.717 11969 12201 I art     : Explicit concurrent mark sweep GC freed 3(96B) AllocSpace objects, 0(0B) LOS objects, 22% free, 53MB/69MB, paused 611us total 24.394ms
08-04 14:49:38.042 11969 12449 I art     : Starting a blocking GC Explicit
08-04 14:49:38.073  8510  8510 I ServiceManager: Waiting for service AtCmdFwd...
08-04 14:49:38.078 11969 12449 I art     : Explicit concurrent mark sweep GC freed 1344(78KB) AllocSpace objects, 1(20KB) LOS objects, 22% free, 53MB/69MB, paused 586us total 36.055ms
08-04 14:49:38.091 11969 12449 I art     : Starting a blocking GC Explicit
08-04 14:49:38.115 11969 12449 I art     : Explicit concurrent mark sweep GC freed 20(704B) AllocSpace objects, 0(0B) LOS objects, 22% free, 53MB/69MB, paused 474us total 23.550ms
08-04 14:49:38.124 11969 12449 I art     : Starting a blocking GC Explicit
08-04 14:49:38.147 11969 12449 I art     : Explicit concurrent mark sweep GC freed 3(96B) AllocSpace objects, 0(0B) LOS objects, 22% free, 53MB/69MB, paused 517us total 22.727ms
08-04 14:49:38.155 11969 12449 I art     : Starting a blocking GC Explicit
08-04 14:49:38.178 11969 12449 I art     : Explicit concurrent mark sweep GC freed 3(96B) AllocSpace objects, 0(0B) LOS objects, 22% free, 53MB/69MB, paused 527us total 22.673ms
08-04 14:49:38.187 11969 12449 I art     : Starting a blocking GC Explicit
08-04 14:49:38.210 11969 12449 I art     : Explicit concurrent mark sweep GC freed 3(96B) AllocSpace objects, 0(0B) LOS objects, 22% free, 53MB/69MB, paused 491us total 22.754ms
08-04 14:49:38.500 11969 11983 I art     : Starting a blocking GC Explicit
08-04 14:49:38.529 11969 11983 I art     : Explicit concurrent mark sweep GC freed 1344(78KB) AllocSpace objects, 1(20KB) LOS objects, 22% free, 53MB/69MB, paused 589us total 28.657ms
08-04 14:49:38.541 11969 11983 I art     : Starting a blocking GC Explicit
08-04 14:49:38.555 15297 15297 D AndroidRuntime: >>>>>> START com.android.internal.os.RuntimeInit uid 2000 <<<<<<
08-04 14:49:38.560 15297 15297 D AndroidRuntime: CheckJNI is OFF
08-04 14:49:38.566 11969 11983 I art     : Explicit concurrent mark sweep GC freed 20(704B) AllocSpace objects, 0(0B) LOS objects, 22% free, 53MB/69MB, paused 593us total 24.475ms
08-04 14:49:38.575 11969 11983 I art     : Starting a blocking GC Explicit
08-04 14:49:38.594 15297 15297 D ICU     : No timezone override file found: /data/misc/zoneinfo/current/icu/icu_tzdata.dat
08-04 14:49:38.598 11969 11983 I art     : Explicit concurrent mark sweep GC freed 3(96B) AllocSpace objects, 0(0B) LOS objects, 22% free, 53MB/69MB, paused 524us total 22.019ms
08-04 14:49:38.606 11969 11983 I art     : Starting a blocking GC Explicit
08-04 14:49:38.627 15297 15297 I Radio-JNI: register_android_hardware_Radio DONE
08-04 14:49:38.629 11969 11983 I art     : Explicit concurrent mark sweep GC freed 3(96B) AllocSpace objects, 0(0B) LOS objects, 22% free, 53MB/69MB, paused 532us total 22.789ms
08-04 14:49:38.638 11969 11983 I art     : Starting a blocking GC Explicit
08-04 14:49:38.650 15297 15297 D AndroidRuntime: Calling main entry com.android.commands.input.Input
08-04 14:49:38.652 15297 15297 I Input   : injectKeyEvent: KeyEvent { action=ACTION_DOWN, keyCode=KEYCODE_BACK, scanCode=0, metaState=0, flags=0x0, repeatCount=0, eventTime=715795065, downTime=715795065, deviceId=-1, source=0x101 }
08-04 14:49:38.658 15297 15297 I Input   : injectKeyEvent: KeyEvent { action=ACTION_UP, keyCode=KEYCODE_BACK, scanCode=0, metaState=0, flags=0x0, repeatCount=0, eventTime=715795065, downTime=715795065, deviceId=-1, source=0x101 }
08-04 14:49:38.660 11969 11983 I art     : Explicit concurrent mark sweep GC freed 5(208B) AllocSpace objects, 0(0B) LOS objects, 22% free, 53MB/69MB, paused 572us total 21.991ms
08-04 14:49:38.664 15297 15297 D AndroidRuntime: Shutting down VM
08-04 14:49:38.703 13866 13866 I GoogleInputMethodServic: GoogleInputMethodService.onFinishInput():3138 
08-04 14:49:38.703 13866 13866 I GoogleInputMethodServic: GoogleInputMethodService.onStartInput():1808 
08-04 14:49:38.930 11969 12449 I art     : Starting a blocking GC Explicit
08-04 14:49:38.961 11969 12449 I art     : Explicit concurrent mark sweep GC freed 1524(85KB) AllocSpace objects, 1(20KB) LOS objects, 22% free, 53MB/69MB, paused 491us total 31.200ms
08-04 14:49:38.971 11969 12449 I art     : Starting a blocking GC Explicit
08-04 14:49:38.997 11969 12449 I art     : Explicit concurrent mark sweep GC freed 26(944B) AllocSpace objects, 0(0B) LOS objects, 22% free, 53MB/69MB, paused 551us total 25.535ms
08-04 14:49:39.006 11969 12449 I art     : Starting a blocking GC Explicit
08-04 14:49:39.015   380   380 W SurfaceFlinger: couldn't log to binary event log: overflow.
08-04 14:49:39.032 11969 12449 I art     : Explicit concurrent mark sweep GC freed 110(8KB) AllocSpace objects, 0(0B) LOS objects, 22% free, 53MB/69MB, paused 488us total 25.975ms
08-04 14:49:39.040 11969 12449 I art     : Starting a blocking GC Explicit
08-04 14:49:39.062 11969 12449 I art     : Explicit concurrent mark sweep GC freed 5(160B) AllocSpace objects, 0(0B) LOS objects, 22% free, 53MB/69MB, paused 477us total 21.080ms
08-04 14:49:39.070 11969 12449 I art     : Starting a blocking GC Explicit
08-04 14:49:39.074  8510  8510 I ServiceManager: Waiting for service AtCmdFwd...
08-04 14:49:39.092 11969 12449 I art     : Explicit concurrent mark sweep GC freed 1654(107KB) AllocSpace objects, 3(184KB) LOS objects, 23% free, 53MB/69MB, paused 489us total 21.738ms
08-04 14:49:39.375 11969 11982 I art     : Starting a blocking GC Explicit
08-04 14:49:39.410 11969 11982 I art     : Explicit concurrent mark sweep GC freed 1344(78KB) AllocSpace objects, 1(20KB) LOS objects, 23% free, 53MB/69MB, paused 534us total 35.117ms
08-04 14:49:39.423 11969 11982 I art     : Starting a blocking GC Explicit
08-04 14:49:39.447 11969 11982 I art     : Explicit concurrent mark sweep GC freed 20(704B) AllocSpace objects, 0(0B) LOS objects, 23% free, 53MB/69MB, paused 536us total 23.842ms
08-04 14:49:39.456 11969 11982 I art     : Starting a blocking GC Explicit
08-04 14:49:39.479 11969 11982 I art     : Explicit concurrent mark sweep GC freed 3(96B) AllocSpace objects, 0(0B) LOS objects, 23% free, 53MB/69MB, paused 521us total 23.500ms
08-04 14:49:39.489 11969 11982 I art     : Starting a blocking GC Explicit
08-04 14:49:39.513 11969 11982 I art     : Explicit concurrent mark sweep GC freed 3(96B) AllocSpace objects, 0(0B) LOS objects, 23% free, 53MB/69MB, paused 496us total 24.165ms
08-04 14:49:39.522 11969 11982 I art     : Starting a blocking GC Explicit
08-04 14:49:39.546 11969 11982 I art     : Explicit concurrent mark sweep GC freed 3(96B) AllocSpace objects, 0(0B) LOS objects, 23% free, 53MB/69MB, paused 491us total 23.602ms
08-04 14:49:39.840 11969 14060 I art     : Starting a blocking GC Explicit
08-04 14:49:39.873 11969 14060 I art     : Explicit concurrent mark sweep GC freed 1344(78KB) AllocSpace objects, 1(20KB) LOS objects, 23% free, 53MB/69MB, paused 519us total 32.557ms
08-04 14:49:39.887 11969 14060 I art     : Starting a blocking GC Explicit
08-04 14:49:39.912 11969 14060 I art     : Explicit concurrent mark sweep GC freed 20(704B) AllocSpace objects, 0(0B) LOS objects, 23% free, 53MB/69MB, paused 491us total 24.925ms
08-04 14:49:39.921 11969 14060 I art     : Starting a blocking GC Explicit
08-04 14:49:39.944 11969 14060 I art     : Explicit concurrent mark sweep GC freed 3(96B) AllocSpace objects, 0(0B) LOS objects, 23% free, 53MB/69MB, paused 509us total 23.092ms
08-04 14:49:39.953 11969 14060 I art     : Starting a blocking GC Explicit
08-04 14:49:39.975 11969 14060 I art     : Explicit concurrent mark sweep GC freed 3(96B) AllocSpace objects, 0(0B) LOS objects, 23% free, 53MB/69MB, paused 476us total 21.973ms
08-04 14:49:39.984 11969 14060 I art     : Starting a blocking GC Explicit
08-04 14:49:40.005 11969 14060 I art     : Explicit concurrent mark sweep GC freed 3(96B) AllocSpace objects, 0(0B) LOS objects, 23% free, 53MB/69MB, paused 562us total 21.652ms
08-04 14:49:40.074  8510  8510 I ServiceManager: Waiting for service AtCmdFwd...
08-04 14:49:40.284 11969 12201 I art     : Starting a blocking GC Explicit
08-04 14:49:40.308 11969 12201 I art     : Explicit concurrent mark sweep GC freed 1344(78KB) AllocSpace objects, 1(20KB) LOS objects, 23% free, 53MB/69MB, paused 577us total 23.984ms
08-04 14:49:40.317 11969 12201 I art     : Starting a blocking GC Explicit
08-04 14:49:40.333 15353 15353 D AndroidRuntime: >>>>>> START com.android.internal.os.RuntimeInit uid 2000 <<<<<<
08-04 14:49:40.338 15353 15353 D AndroidRuntime: CheckJNI is OFF
08-04 14:49:40.341 11969 12201 I art     : Explicit concurrent mark sweep GC freed 20(704B) AllocSpace objects, 0(0B) LOS objects, 23% free, 53MB/69MB, paused 545us total 23.550ms
08-04 14:49:40.349 11969 12201 I art     : Starting a blocking GC Explicit
08-04 14:49:40.372 11969 12201 I art     : Explicit concurrent mark sweep GC freed 3(96B) AllocSpace objects, 0(0B) LOS objects, 23% free, 53MB/69MB, paused 519us total 21.937ms
08-04 14:49:40.372 15353 15353 D ICU     : No timezone override file found: /data/misc/zoneinfo/current/icu/icu_tzdata.dat
08-04 14:49:40.380 11969 12201 I art     : Starting a blocking GC Explicit
08-04 14:49:40.401 11969 12201 I art     : Explicit concurrent mark sweep GC freed 3(96B) AllocSpace objects, 0(0B) LOS objects, 23% free, 53MB/69MB, paused 524us total 20.812ms
08-04 14:49:40.406 15353 15353 I Radio-JNI: register_android_hardware_Radio DONE
08-04 14:49:40.410 11969 12201 I art     : Starting a blocking GC Explicit
08-04 14:49:40.428 15353 15353 D AndroidRuntime: Calling main entry com.android.commands.input.Input
08-04 14:49:40.430 15353 15353 I Input   : injectMotionEvent: MotionEvent { action=ACTION_DOWN, actionButton=0, id[0]=0, x[0]=1012.0, y[0]=1152.0, toolType[0]=TOOL_TYPE_UNKNOWN, buttonState=0, metaState=0, flags=0x0, edgeFlags=0x0, pointerCount=1, historySize=0, eventTime=715796842, downTime=715796842, deviceId=0, source=0x1002 }
08-04 14:49:40.431 11969 12201 I art     : Explicit concurrent mark sweep GC freed 3(96B) AllocSpace objects, 0(0B) LOS objects, 23% free, 53MB/69MB, paused 546us total 21.462ms
08-04 14:49:40.435 15353 15353 I Input   : injectMotionEvent: MotionEvent { action=ACTION_UP, actionButton=0, id[0]=0, x[0]=1012.0, y[0]=1152.0, toolType[0]=TOOL_TYPE_UNKNOWN, buttonState=0, metaState=0, flags=0x0, edgeFlags=0x0, pointerCount=1, historySize=0, eventTime=715796842, downTime=715796842, deviceId=0, source=0x1002 }
08-04 14:49:40.436   918  5132 I ActivityManager: START u0 {cmp=baseline.appteam.nith.hillffair/.activities.ClubActivity (has extras)} from uid 10651 on display 0
08-04 14:49:40.443 15353 15353 D AndroidRuntime: Shutting down VM
08-04 14:49:40.543   918   936 I ActivityManager: Displayed baseline.appteam.nith.hillffair/.activities.ClubActivity: +99ms
08-04 14:49:40.543 13866 13866 I GoogleInputMethodServic: GoogleInputMethodService.onFinishInput():3138 
08-04 14:49:40.544 13866 13866 I GoogleInputMethodServic: GoogleInputMethodService.onStartInput():1808 
08-04 14:49:40.680 11969 12449 I art     : Starting a blocking GC Explicit
08-04 14:49:40.715 11969 12449 I art     : Explicit concurrent mark sweep GC freed 4954(303KB) AllocSpace objects, 1(20KB) LOS objects, 22% free, 53MB/69MB, paused 679us total 35.008ms
08-04 14:49:40.727 11969 12449 I art     : Starting a blocking GC Explicit
08-04 14:49:40.757 11969 12449 I art     : Explicit concurrent mark sweep GC freed 218(10KB) AllocSpace objects, 0(0B) LOS objects, 22% free, 53MB/69MB, paused 561us total 29.535ms
08-04 14:49:40.767 11969 12449 I art     : Starting a blocking GC Explicit
08-04 14:49:40.795 11969 12449 I art     : Explicit concurrent mark sweep GC freed 3(96B) AllocSpace objects, 0(0B) LOS objects, 22% free, 53MB/69MB, paused 524us total 28.219ms
08-04 14:49:40.801   380   380 W SurfaceFlinger: couldn't log to binary event log: overflow.
08-04 14:49:40.807 11969 12449 I art     : Starting a blocking GC Explicit
08-04 14:49:40.830 11969 12449 I art     : Explicit concurrent mark sweep GC freed 3(96B) AllocSpace objects, 0(0B) LOS objects, 22% free, 53MB/69MB, paused 547us total 22.755ms
08-04 14:49:40.838 11969 12449 I art     : Starting a blocking GC Explicit
08-04 14:49:40.860 11969 12449 I art     : Explicit concurrent mark sweep GC freed 3(96B) AllocSpace objects, 0(0B) LOS objects, 22% free, 53MB/69MB, paused 574us total 21.157ms
08-04 14:49:41.074  8510  8510 W Atfwd_Sendcmd: AtCmdFwd service not published, waiting... retryCnt : 2
08-04 14:49:41.158 11969 14060 I art     : Starting a blocking GC Explicit
08-04 14:49:41.183 11969 14060 I art     : Explicit concurrent mark sweep GC freed 1492(86KB) AllocSpace objects, 1(20KB) LOS objects, 22% free, 53MB/69MB, paused 544us total 25.129ms
08-04 14:49:41.192 11969 14060 I art     : Starting a blocking GC Explicit
08-04 14:49:41.216 11969 14060 I art     : Explicit concurrent mark sweep GC freed 58(1984B) AllocSpace objects, 0(0B) LOS objects, 22% free, 53MB/69MB, paused 563us total 23.729ms
08-04 14:49:41.225 11969 14060 I art     : Starting a blocking GC Explicit
08-04 14:49:41.249 11969 14060 I art     : Explicit concurrent mark sweep GC freed 13(480B) AllocSpace objects, 0(0B) LOS objects, 22% free, 53MB/69MB, paused 542us total 22.936ms
08-04 14:49:41.257 11969 14060 I art     : Starting a blocking GC Explicit
08-04 14:49:41.281 11969 14060 I art     : Explicit concurrent mark sweep GC freed 13(480B) AllocSpace objects, 0(0B) LOS objects, 22% free, 53MB/69MB, paused 566us total 23.836ms
08-04 14:49:41.290 11969 14060 I art     : Starting a blocking GC Explicit
08-04 14:49:41.314 11969 14060 I art     : Explicit concurrent mark sweep GC freed 13(480B) AllocSpace objects, 0(0B) LOS objects, 22% free, 53MB/69MB, paused 562us total 23.611ms
08-04 14:49:41.441 11969 15376 D OkHttp  : --> GET https://api-hillfair-2k16.herokuapp.com/api/app/club/Design%20and%20Decoration%20Club http/1.1
08-04 14:49:41.472 11969 15376 D OkHttp  : <-- 200 OK https://api-hillfair-2k16.herokuapp.com/api/app/club/Design%20and%20Decoration%20Club (30ms, 760-byte body)
08-04 14:49:41.536 11969 11969 I NAPPA_EXPERIMENTATION: MetricNetworkRequestExecutionTime: REQUEST_DURATION_SYSTEM='1066',REQUEST_DURATION_OKHTTP='30',REQUEST_SYNCHRONOUS='FALSE',RESPONSE_CODE='200',RESPONSE_METHOD='GET',RESPONSE_LENGTH_OKHTTP='760',RESPONSE_LENGTH_HEADER='760',REQUEST_PROTOCOL='http/1.1',REQUEST_URL='https://api-hillfair-2k16.herokuapp.com/api/app/club/Design%20and%20Decoration%20Club',
08-04 14:49:41.593 11969 11983 I art     : Starting a blocking GC Explicit
08-04 14:49:41.621 11969 11983 I art     : Explicit concurrent mark sweep GC freed 4826(340KB) AllocSpace objects, 4(220KB) LOS objects, 22% free, 53MB/69MB, paused 546us total 27.315ms
08-04 14:49:41.630 11969 11983 I art     : Starting a blocking GC Explicit
08-04 14:49:41.655 11969 11983 I art     : Explicit concurrent mark sweep GC freed 1041(119KB) AllocSpace objects, 0(0B) LOS objects, 22% free, 53MB/69MB, paused 483us total 24.419ms
08-04 14:49:41.664 11969 11983 I art     : Starting a blocking GC Explicit
08-04 14:49:41.688 11969 11983 I art     : Explicit concurrent mark sweep GC freed 3(96B) AllocSpace objects, 0(0B) LOS objects, 22% free, 53MB/69MB, paused 517us total 23.899ms
08-04 14:49:41.697 11969 11983 I art     : Starting a blocking GC Explicit
08-04 14:49:41.721 11969 11983 I art     : Explicit concurrent mark sweep GC freed 3(96B) AllocSpace objects, 0(0B) LOS objects, 22% free, 53MB/69MB, paused 487us total 23.327ms
08-04 14:49:41.730 11969 11983 I art     : Starting a blocking GC Explicit
08-04 14:49:41.754 11969 11983 I art     : Explicit concurrent mark sweep GC freed 3(96B) AllocSpace objects, 0(0B) LOS objects, 22% free, 53MB/69MB, paused 485us total 23.835ms
08-04 14:49:42.044 11969 14060 I art     : Starting a blocking GC Explicit
08-04 14:49:42.070 11969 14060 I art     : Explicit concurrent mark sweep GC freed 1344(78KB) AllocSpace objects, 1(20KB) LOS objects, 22% free, 53MB/69MB, paused 549us total 25.403ms
08-04 14:49:42.079 11969 14060 I art     : Starting a blocking GC Explicit
08-04 14:49:42.104 11969 14060 I art     : Explicit concurrent mark sweep GC freed 36(1264B) AllocSpace objects, 0(0B) LOS objects, 22% free, 53MB/69MB, paused 531us total 24.686ms
08-04 14:49:42.113 11969 14060 I art     : Starting a blocking GC Explicit
08-04 14:49:42.138 11969 14060 I art     : Explicit concurrent mark sweep GC freed 7(224B) AllocSpace objects, 0(0B) LOS objects, 22% free, 53MB/69MB, paused 501us total 24.624ms
08-04 14:49:42.147 11969 14060 I art     : Starting a blocking GC Explicit
08-04 14:49:42.173 11969 14060 I art     : Explicit concurrent mark sweep GC freed 20(976B) AllocSpace objects, 0(0B) LOS objects, 22% free, 53MB/69MB, paused 525us total 25.271ms
08-04 14:49:42.183 11969 14060 I art     : Starting a blocking GC Explicit
08-04 14:49:42.207 11969 14060 I art     : Explicit concurrent mark sweep GC freed 19(608B) AllocSpace objects, 0(0B) LOS objects, 22% free, 53MB/69MB, paused 536us total 24.392ms
08-04 14:49:42.553 11969 12201 I art     : Starting a blocking GC Explicit
08-04 14:49:42.585 11969 12201 I art     : Explicit concurrent mark sweep GC freed 1344(78KB) AllocSpace objects, 1(20KB) LOS objects, 22% free, 53MB/69MB, paused 523us total 31.542ms
08-04 14:49:42.597 11969 12201 I art     : Starting a blocking GC Explicit
08-04 14:49:42.622 11969 12201 I art     : Explicit concurrent mark sweep GC freed 20(704B) AllocSpace objects, 0(0B) LOS objects, 22% free, 53MB/69MB, paused 548us total 25.113ms
08-04 14:49:42.631 11969 12201 I art     : Starting a blocking GC Explicit
08-04 14:49:42.657 11969 12201 I art     : Explicit concurrent mark sweep GC freed 3(96B) AllocSpace objects, 0(0B) LOS objects, 22% free, 53MB/69MB, paused 520us total 25.013ms
08-04 14:49:42.666 11969 12201 I art     : Starting a blocking GC Explicit
08-04 14:49:42.691 11969 12201 I art     : Explicit concurrent mark sweep GC freed 3(96B) AllocSpace objects, 0(0B) LOS objects, 22% free, 53MB/69MB, paused 527us total 24.758ms
08-04 14:49:42.700 11969 12201 I art     : Starting a blocking GC Explicit
08-04 14:49:42.726 11969 12201 I art     : Explicit concurrent mark sweep GC freed 3(96B) AllocSpace objects, 0(0B) LOS objects, 22% free, 53MB/69MB, paused 579us total 25.204ms
08-04 14:49:43.057 11969 11982 I art     : Starting a blocking GC Explicit
08-04 14:49:43.088 11969 11982 I art     : Explicit concurrent mark sweep GC freed 1344(78KB) AllocSpace objects, 1(20KB) LOS objects, 22% free, 53MB/69MB, paused 625us total 31.338ms
08-04 14:49:43.100 11969 11982 I art     : Starting a blocking GC Explicit
08-04 14:49:43.125 11969 11982 I art     : Explicit concurrent mark sweep GC freed 20(704B) AllocSpace objects, 0(0B) LOS objects, 22% free, 53MB/69MB, paused 519us total 24.967ms
08-04 14:49:43.135 11969 11982 I art     : Starting a blocking GC Explicit
08-04 14:49:43.160 11969 11982 I art     : Explicit concurrent mark sweep GC freed 3(96B) AllocSpace objects, 0(0B) LOS objects, 22% free, 53MB/69MB, paused 525us total 24.802ms
08-04 14:49:43.169 11969 11982 I art     : Starting a blocking GC Explicit
08-04 14:49:43.193 11969 11982 I art     : Explicit concurrent mark sweep GC freed 3(96B) AllocSpace objects, 0(0B) LOS objects, 22% free, 53MB/69MB, paused 498us total 24.432ms
08-04 14:49:43.203 11969 11982 I art     : Starting a blocking GC Explicit
08-04 14:49:43.228 11969 11982 I art     : Explicit concurrent mark sweep GC freed 3(96B) AllocSpace objects, 0(0B) LOS objects, 22% free, 53MB/69MB, paused 525us total 24.854ms
08-04 14:49:43.549 11969 11983 I art     : Starting a blocking GC Explicit
08-04 14:49:43.573   918  3261 D WifiStateMachine: starting scan for "H369AA63323"WPA_PSK with 2412,5180
08-04 14:49:43.587 11969 11983 I art     : Explicit concurrent mark sweep GC freed 1344(78KB) AllocSpace objects, 1(20KB) LOS objects, 22% free, 53MB/69MB, paused 611us total 38.181ms
08-04 14:49:43.602 11969 11983 I art     : Starting a blocking GC Explicit
08-04 14:49:43.631 11969 11983 I art     : Explicit concurrent mark sweep GC freed 20(704B) AllocSpace objects, 0(0B) LOS objects, 22% free, 53MB/69MB, paused 582us total 29.170ms
08-04 14:49:43.640 11969 11983 I art     : Starting a blocking GC Explicit
08-04 14:49:43.666 11969 11983 I art     : Explicit concurrent mark sweep GC freed 3(96B) AllocSpace objects, 0(0B) LOS objects, 22% free, 53MB/69MB, paused 511us total 24.855ms
08-04 14:49:43.675 11969 11983 I art     : Starting a blocking GC Explicit
08-04 14:49:43.700 11969 11983 I art     : Explicit concurrent mark sweep GC freed 3(96B) AllocSpace objects, 0(0B) LOS objects, 22% free, 53MB/69MB, paused 475us total 24.578ms
08-04 14:49:43.709 11969 11983 I art     : Starting a blocking GC Explicit
08-04 14:49:43.734 11969 11983 I art     : Explicit concurrent mark sweep GC freed 3(96B) AllocSpace objects, 0(0B) LOS objects, 22% free, 53MB/69MB, paused 512us total 24.550ms
08-04 14:49:44.060 11969 12449 I art     : Starting a blocking GC Explicit
08-04 14:49:44.092 11969 12449 I art     : Explicit concurrent mark sweep GC freed 1344(78KB) AllocSpace objects, 1(20KB) LOS objects, 22% free, 53MB/69MB, paused 553us total 31.427ms
08-04 14:49:44.105 11969 12449 I art     : Starting a blocking GC Explicit
08-04 14:49:44.130 11969 12449 I art     : Explicit concurrent mark sweep GC freed 20(704B) AllocSpace objects, 0(0B) LOS objects, 22% free, 53MB/69MB, paused 530us total 25.524ms
08-04 14:49:44.140 11969 12449 I art     : Starting a blocking GC Explicit
08-04 14:49:44.165 11969 12449 I art     : Explicit concurrent mark sweep GC freed 3(96B) AllocSpace objects, 0(0B) LOS objects, 22% free, 53MB/69MB, paused 521us total 24.842ms
08-04 14:49:44.174 11969 12449 I art     : Starting a blocking GC Explicit
08-04 14:49:44.200 11969 12449 I art     : Explicit concurrent mark sweep GC freed 3(96B) AllocSpace objects, 0(0B) LOS objects, 22% free, 53MB/69MB, paused 530us total 25.401ms
08-04 14:49:44.209 11969 12449 I art     : Starting a blocking GC Explicit
08-04 14:49:44.235 11969 12449 I art     : Explicit concurrent mark sweep GC freed 3(96B) AllocSpace objects, 0(0B) LOS objects, 22% free, 53MB/69MB, paused 522us total 25.633ms
08-04 14:49:44.554 11969 14060 I art     : Starting a blocking GC Explicit
08-04 14:49:44.586 11969 14060 I art     : Explicit concurrent mark sweep GC freed 1344(78KB) AllocSpace objects, 1(20KB) LOS objects, 22% free, 53MB/69MB, paused 563us total 31.503ms
08-04 14:49:44.599 11969 14060 I art     : Starting a blocking GC Explicit
08-04 14:49:44.624 11969 14060 I art     : Explicit concurrent mark sweep GC freed 20(704B) AllocSpace objects, 0(0B) LOS objects, 22% free, 53MB/69MB, paused 514us total 24.785ms
08-04 14:49:44.633 11969 14060 I art     : Starting a blocking GC Explicit
08-04 14:49:44.658 11969 14060 I art     : Explicit concurrent mark sweep GC freed 3(96B) AllocSpace objects, 0(0B) LOS objects, 22% free, 53MB/69MB, paused 525us total 24.974ms
08-04 14:49:44.668 11969 14060 I art     : Starting a blocking GC Explicit
08-04 14:49:44.692 11969 14060 I art     : Explicit concurrent mark sweep GC freed 3(96B) AllocSpace objects, 0(0B) LOS objects, 22% free, 53MB/69MB, paused 480us total 24.116ms
08-04 14:49:44.701 11969 14060 I art     : Starting a blocking GC Explicit
08-04 14:49:44.724 11969 14060 I art     : Explicit concurrent mark sweep GC freed 3(96B) AllocSpace objects, 0(0B) LOS objects, 22% free, 53MB/69MB, paused 496us total 22.988ms
08-04 14:49:45.011 11969 12201 I art     : Starting a blocking GC Explicit
08-04 14:49:45.037 11969 12201 I art     : Explicit concurrent mark sweep GC freed 1344(78KB) AllocSpace objects, 1(20KB) LOS objects, 22% free, 53MB/69MB, paused 547us total 25.160ms
08-04 14:49:45.046 11969 12201 I art     : Starting a blocking GC Explicit
08-04 14:49:45.071 11969 12201 I art     : Explicit concurrent mark sweep GC freed 20(704B) AllocSpace objects, 0(0B) LOS objects, 22% free, 53MB/69MB, paused 539us total 24.337ms
08-04 14:49:45.080 11969 12201 I art     : Starting a blocking GC Explicit
08-04 14:49:45.104 11969 12201 I art     : Explicit concurrent mark sweep GC freed 3(96B) AllocSpace objects, 0(0B) LOS objects, 22% free, 53MB/69MB, paused 524us total 23.744ms
08-04 14:49:45.113 11969 12201 I art     : Starting a blocking GC Explicit
08-04 14:49:45.125 15469 15469 D AndroidRuntime: >>>>>> START com.android.internal.os.RuntimeInit uid 2000 <<<<<<
08-04 14:49:45.130 15469 15469 D AndroidRuntime: CheckJNI is OFF
08-04 14:49:45.137 11969 12201 I art     : Explicit concurrent mark sweep GC freed 3(96B) AllocSpace objects, 0(0B) LOS objects, 22% free, 53MB/69MB, paused 555us total 23.768ms
08-04 14:49:45.146 11969 12201 I art     : Starting a blocking GC Explicit
08-04 14:49:45.165 15469 15469 D ICU     : No timezone override file found: /data/misc/zoneinfo/current/icu/icu_tzdata.dat
08-04 14:49:45.169 11969 12201 I art     : Explicit concurrent mark sweep GC freed 3(96B) AllocSpace objects, 0(0B) LOS objects, 22% free, 53MB/69MB, paused 527us total 23.231ms
08-04 14:49:45.199 15469 15469 I Radio-JNI: register_android_hardware_Radio DONE
08-04 14:49:45.220 15469 15469 D AndroidRuntime: Calling main entry com.android.commands.input.Input
08-04 14:49:45.222 15469 15469 I Input   : injectKeyEvent: KeyEvent { action=ACTION_DOWN, keyCode=KEYCODE_BACK, scanCode=0, metaState=0, flags=0x0, repeatCount=0, eventTime=715801635, downTime=715801635, deviceId=-1, source=0x101 }
08-04 14:49:45.227 15469 15469 I Input   : injectKeyEvent: KeyEvent { action=ACTION_UP, keyCode=KEYCODE_BACK, scanCode=0, metaState=0, flags=0x0, repeatCount=0, eventTime=715801635, downTime=715801635, deviceId=-1, source=0x101 }
08-04 14:49:45.234 15469 15469 D AndroidRuntime: Shutting down VM
08-04 14:49:45.281 13866 13866 I GoogleInputMethodServic: GoogleInputMethodService.onFinishInput():3138 
08-04 14:49:45.282 13866 13866 I GoogleInputMethodServic: GoogleInputMethodService.onStartInput():1808 
08-04 14:49:45.423 11969 14060 I art     : Starting a blocking GC Explicit
08-04 14:49:45.450 11969 14060 I art     : Explicit concurrent mark sweep GC freed 1526(86KB) AllocSpace objects, 1(20KB) LOS objects, 22% free, 53MB/69MB, paused 499us total 26.443ms
08-04 14:49:45.459 11969 14060 I art     : Starting a blocking GC Explicit
08-04 14:49:45.483 11969 14060 I art     : Explicit concurrent mark sweep GC freed 26(944B) AllocSpace objects, 0(0B) LOS objects, 22% free, 53MB/69MB, paused 531us total 23.689ms
08-04 14:49:45.492 11969 14060 I art     : Starting a blocking GC Explicit
08-04 14:49:45.516 11969 14060 I art     : Explicit concurrent mark sweep GC freed 3(96B) AllocSpace objects, 0(0B) LOS objects, 22% free, 53MB/69MB, paused 447us total 23.954ms
08-04 14:49:45.525 11969 14060 I art     : Starting a blocking GC Explicit
08-04 14:49:45.549 11969 14060 I art     : Explicit concurrent mark sweep GC freed 3(96B) AllocSpace objects, 0(0B) LOS objects, 22% free, 53MB/69MB, paused 454us total 23.599ms
08-04 14:49:45.558 11969 14060 I art     : Starting a blocking GC Explicit
08-04 14:49:45.583 11969 14060 I art     : Explicit concurrent mark sweep GC freed 3(96B) AllocSpace objects, 0(0B) LOS objects, 22% free, 53MB/69MB, paused 560us total 24.647ms
08-04 14:49:45.591   380   380 W SurfaceFlinger: couldn't log to binary event log: overflow.
08-04 14:49:45.861 11969 12449 I art     : Starting a blocking GC Explicit
08-04 14:49:45.893 11969 12449 I art     : Explicit concurrent mark sweep GC freed 1453(86KB) AllocSpace objects, 1(20KB) LOS objects, 22% free, 53MB/69MB, paused 581us total 31.679ms
08-04 14:49:45.909 11969 12449 I art     : Starting a blocking GC Explicit
08-04 14:49:45.933 11969 12449 I art     : Explicit concurrent mark sweep GC freed 1671(107KB) AllocSpace objects, 3(180KB) LOS objects, 22% free, 53MB/69MB, paused 516us total 23.855ms
08-04 14:49:45.942 11969 12449 I art     : Starting a blocking GC Explicit
08-04 14:49:45.966 11969 12449 I art     : Explicit concurrent mark sweep GC freed 3(96B) AllocSpace objects, 0(0B) LOS objects, 22% free, 53MB/69MB, paused 499us total 23.730ms
08-04 14:49:45.975 11969 12449 I art     : Starting a blocking GC Explicit
08-04 14:49:45.999 11969 12449 I art     : Explicit concurrent mark sweep GC freed 3(96B) AllocSpace objects, 0(0B) LOS objects, 22% free, 53MB/69MB, paused 509us total 24.435ms
08-04 14:49:46.009 11969 12449 I art     : Starting a blocking GC Explicit
08-04 14:49:46.033 11969 12449 I art     : Explicit concurrent mark sweep GC freed 3(96B) AllocSpace objects, 0(0B) LOS objects, 22% free, 53MB/69MB, paused 515us total 23.796ms
08-04 14:49:46.323 11969 12201 I art     : Starting a blocking GC Explicit
08-04 14:49:46.353 11969 12201 I art     : Explicit concurrent mark sweep GC freed 1344(78KB) AllocSpace objects, 1(20KB) LOS objects, 22% free, 53MB/69MB, paused 647us total 30.412ms
08-04 14:49:46.366 11969 12201 I art     : Starting a blocking GC Explicit
08-04 14:49:46.391 11969 12201 I art     : Explicit concurrent mark sweep GC freed 20(704B) AllocSpace objects, 0(0B) LOS objects, 22% free, 53MB/69MB, paused 513us total 23.922ms
08-04 14:49:46.400 11969 12201 I art     : Starting a blocking GC Explicit
08-04 14:49:46.424 11969 12201 I art     : Explicit concurrent mark sweep GC freed 3(96B) AllocSpace objects, 0(0B) LOS objects, 22% free, 53MB/69MB, paused 523us total 23.941ms
08-04 14:49:46.433 11969 12201 I art     : Starting a blocking GC Explicit
08-04 14:49:46.458 11969 12201 I art     : Explicit concurrent mark sweep GC freed 3(96B) AllocSpace objects, 0(0B) LOS objects, 22% free, 53MB/69MB, paused 564us total 24.545ms
08-04 14:49:46.467 11969 12201 I art     : Starting a blocking GC Explicit
08-04 14:49:46.490 11969 12201 I art     : Explicit concurrent mark sweep GC freed 3(96B) AllocSpace objects, 0(0B) LOS objects, 22% free, 53MB/69MB, paused 483us total 22.624ms
08-04 14:49:46.762 11969 11983 I art     : Starting a blocking GC Explicit
08-04 14:49:46.787 11969 11983 I art     : Explicit concurrent mark sweep GC freed 1344(78KB) AllocSpace objects, 1(20KB) LOS objects, 22% free, 53MB/69MB, paused 618us total 24.520ms
08-04 14:49:46.796 11969 11983 I art     : Starting a blocking GC Explicit
08-04 14:49:46.820 11969 11983 I art     : Explicit concurrent mark sweep GC freed 20(704B) AllocSpace objects, 0(0B) LOS objects, 22% free, 53MB/69MB, paused 541us total 23.482ms
08-04 14:49:46.829 11969 11983 I art     : Starting a blocking GC Explicit
08-04 14:49:46.852 11969 11983 I art     : Explicit concurrent mark sweep GC freed 3(96B) AllocSpace objects, 0(0B) LOS objects, 22% free, 53MB/69MB, paused 517us total 22.481ms
08-04 14:49:46.861 11969 11983 I art     : Starting a blocking GC Explicit
08-04 14:49:46.884 11969 11983 I art     : Explicit concurrent mark sweep GC freed 3(96B) AllocSpace objects, 0(0B) LOS objects, 22% free, 53MB/69MB, paused 594us total 22.888ms
08-04 14:49:46.891 15523 15523 D AndroidRuntime: >>>>>> START com.android.internal.os.RuntimeInit uid 2000 <<<<<<
08-04 14:49:46.893 11969 11983 I art     : Starting a blocking GC Explicit
08-04 14:49:46.896 15523 15523 D AndroidRuntime: CheckJNI is OFF
08-04 14:49:46.916 11969 11983 I art     : Explicit concurrent mark sweep GC freed 3(96B) AllocSpace objects, 0(0B) LOS objects, 22% free, 53MB/69MB, paused 529us total 22.908ms
08-04 14:49:46.934 15523 15523 D ICU     : No timezone override file found: /data/misc/zoneinfo/current/icu/icu_tzdata.dat
08-04 14:49:46.966 15523 15523 I Radio-JNI: register_android_hardware_Radio DONE
08-04 14:49:46.987 15523 15523 D AndroidRuntime: Calling main entry com.android.commands.input.Input
08-04 14:49:46.989 15523 15523 I Input   : injectMotionEvent: MotionEvent { action=ACTION_DOWN, actionButton=0, id[0]=0, x[0]=255.0, y[0]=1845.0, toolType[0]=TOOL_TYPE_UNKNOWN, buttonState=0, metaState=0, flags=0x0, edgeFlags=0x0, pointerCount=1, historySize=0, eventTime=715803402, downTime=715803402, deviceId=0, source=0x1002 }
08-04 14:49:46.995 15523 15523 I Input   : injectMotionEvent: MotionEvent { action=ACTION_UP, actionButton=0, id[0]=0, x[0]=255.0, y[0]=1845.0, toolType[0]=TOOL_TYPE_UNKNOWN, buttonState=0, metaState=0, flags=0x0, edgeFlags=0x0, pointerCount=1, historySize=0, eventTime=715803402, downTime=715803402, deviceId=0, source=0x1002 }
08-04 14:49:46.997   918  6029 I ActivityManager: START u0 {cmp=baseline.appteam.nith.hillffair/.activities.ClubActivity (has extras)} from uid 10651 on display 0
08-04 14:49:47.004 15523 15523 D AndroidRuntime: Shutting down VM
08-04 14:49:47.098   918   936 I ActivityManager: Displayed baseline.appteam.nith.hillffair/.activities.ClubActivity: +92ms
08-04 14:49:47.100 13866 13866 I GoogleInputMethodServic: GoogleInputMethodService.onFinishInput():3138 
08-04 14:49:47.100 13866 13866 I GoogleInputMethodServic: GoogleInputMethodService.onStartInput():1808 
08-04 14:49:47.173 11969 12449 I art     : Starting a blocking GC Explicit
08-04 14:49:47.201 11969 12449 I art     : Explicit concurrent mark sweep GC freed 4996(308KB) AllocSpace objects, 1(20KB) LOS objects, 22% free, 53MB/69MB, paused 534us total 27.715ms
08-04 14:49:47.211 11969 12449 I art     : Starting a blocking GC Explicit
08-04 14:49:47.239 11969 12449 I art     : Explicit concurrent mark sweep GC freed 218(10KB) AllocSpace objects, 0(0B) LOS objects, 22% free, 53MB/69MB, paused 596us total 27.686ms
08-04 14:49:47.251 11969 12449 I art     : Starting a blocking GC Explicit
08-04 14:49:47.280 11969 12449 I art     : Explicit concurrent mark sweep GC freed 3(96B) AllocSpace objects, 0(0B) LOS objects, 22% free, 53MB/69MB, paused 574us total 28.717ms
08-04 14:49:47.290 11969 12449 I art     : Starting a blocking GC Explicit
08-04 14:49:47.319 11969 12449 I art     : Explicit concurrent mark sweep GC freed 3(96B) AllocSpace objects, 0(0B) LOS objects, 22% free, 53MB/69MB, paused 530us total 27.997ms
08-04 14:49:47.330 11969 12449 I art     : Starting a blocking GC Explicit
08-04 14:49:47.343   380   380 W SurfaceFlinger: couldn't log to binary event log: overflow.
08-04 14:49:47.358 11969 12449 I art     : Explicit concurrent mark sweep GC freed 3(96B) AllocSpace objects, 0(0B) LOS objects, 22% free, 53MB/69MB, paused 651us total 27.574ms
08-04 14:49:47.656 11969 12449 I art     : Starting a blocking GC Explicit
08-04 14:49:47.681 11969 12449 I art     : Explicit concurrent mark sweep GC freed 1483(85KB) AllocSpace objects, 1(20KB) LOS objects, 22% free, 53MB/69MB, paused 568us total 24.974ms
08-04 14:49:47.690 11969 12449 I art     : Starting a blocking GC Explicit
08-04 14:49:47.716 11969 12449 I art     : Explicit concurrent mark sweep GC freed 52(1792B) AllocSpace objects, 0(0B) LOS objects, 22% free, 53MB/69MB, paused 601us total 25.243ms
08-04 14:49:47.725 11969 12449 I art     : Starting a blocking GC Explicit
08-04 14:49:47.748 11969 12449 I art     : Explicit concurrent mark sweep GC freed 13(480B) AllocSpace objects, 0(0B) LOS objects, 22% free, 53MB/69MB, paused 566us total 23.152ms
08-04 14:49:47.757 11969 12449 I art     : Starting a blocking GC Explicit
08-04 14:49:47.780 11969 12449 I art     : Explicit concurrent mark sweep GC freed 13(480B) AllocSpace objects, 0(0B) LOS objects, 22% free, 53MB/69MB, paused 510us total 22.894ms
08-04 14:49:47.789 11969 12449 I art     : Starting a blocking GC Explicit
08-04 14:49:47.813 11969 12449 I art     : Explicit concurrent mark sweep GC freed 12(432B) AllocSpace objects, 0(0B) LOS objects, 22% free, 53MB/69MB, paused 546us total 23.960ms
08-04 14:49:47.887 11969 15546 D OkHttp  : --> GET https://api-hillfair-2k16.herokuapp.com/api/app/club/Technical%20Committee http/1.1
08-04 14:49:47.916 11969 15546 D OkHttp  : <-- 200 OK https://api-hillfair-2k16.herokuapp.com/api/app/club/Technical%20Committee (29ms, 1171-byte body)
08-04 14:49:47.979 11969 11969 I NAPPA_EXPERIMENTATION: MetricNetworkRequestExecutionTime: REQUEST_DURATION_SYSTEM='944',REQUEST_DURATION_OKHTTP='29',REQUEST_SYNCHRONOUS='FALSE',RESPONSE_CODE='200',RESPONSE_METHOD='GET',RESPONSE_LENGTH_OKHTTP='1171',RESPONSE_LENGTH_HEADER='1171',REQUEST_PROTOCOL='http/1.1',REQUEST_URL='https://api-hillfair-2k16.herokuapp.com/api/app/club/Technical%20Committee',
08-04 14:49:48.100 11969 11983 I art     : Starting a blocking GC Explicit
08-04 14:49:48.127 11969 11983 I art     : Explicit concurrent mark sweep GC freed 4828(342KB) AllocSpace objects, 4(220KB) LOS objects, 22% free, 54MB/70MB, paused 543us total 27.180ms
08-04 14:49:48.138 11969 11983 I art     : Starting a blocking GC Explicit
08-04 14:49:48.162 11969 11983 I art     : Explicit concurrent mark sweep GC freed 1035(119KB) AllocSpace objects, 0(0B) LOS objects, 22% free, 53MB/69MB, paused 646us total 23.857ms
08-04 14:49:48.171 11969 11983 I art     : Starting a blocking GC Explicit
08-04 14:49:48.196 11969 11983 I art     : Explicit concurrent mark sweep GC freed 3(96B) AllocSpace objects, 0(0B) LOS objects, 22% free, 53MB/69MB, paused 546us total 24.158ms
08-04 14:49:48.205 11969 11983 I art     : Starting a blocking GC Explicit
08-04 14:49:48.229 11969 11983 I art     : Explicit concurrent mark sweep GC freed 3(96B) AllocSpace objects, 0(0B) LOS objects, 22% free, 53MB/69MB, paused 523us total 24.119ms
08-04 14:49:48.239 11969 11983 I art     : Starting a blocking GC Explicit
08-04 14:49:48.263 11969 11983 I art     : Explicit concurrent mark sweep GC freed 3(96B) AllocSpace objects, 0(0B) LOS objects, 22% free, 53MB/69MB, paused 486us total 23.996ms
08-04 14:49:48.524 11969 12449 I art     : Starting a blocking GC Explicit
08-04 14:49:48.554 11969 12449 I art     : Explicit concurrent mark sweep GC freed 1346(78KB) AllocSpace objects, 1(20KB) LOS objects, 22% free, 53MB/69MB, paused 577us total 29.259ms
08-04 14:49:48.567 11969 12449 I art     : Starting a blocking GC Explicit
08-04 14:49:48.593 11969 12449 I art     : Explicit concurrent mark sweep GC freed 36(1264B) AllocSpace objects, 0(0B) LOS objects, 22% free, 53MB/69MB, paused 593us total 25.799ms
08-04 14:49:48.602 11969 12449 I art     : Starting a blocking GC Explicit
08-04 14:49:48.627 11969 12449 I art     : Explicit concurrent mark sweep GC freed 3(96B) AllocSpace objects, 0(0B) LOS objects, 22% free, 53MB/69MB, paused 535us total 24.485ms
08-04 14:49:48.636 11969 12449 I art     : Starting a blocking GC Explicit
08-04 14:49:48.661 11969 12449 I art     : Explicit concurrent mark sweep GC freed 3(96B) AllocSpace objects, 0(0B) LOS objects, 22% free, 53MB/69MB, paused 539us total 25.111ms
08-04 14:49:48.671 11969 12449 I art     : Starting a blocking GC Explicit
08-04 14:49:48.696 11969 12449 I art     : Explicit concurrent mark sweep GC freed 3(96B) AllocSpace objects, 0(0B) LOS objects, 22% free, 53MB/69MB, paused 545us total 25.449ms
08-04 14:49:48.764   518   646 I ThermalEngine: ACTION: GPU - Setting GPU[0] to 450000000
08-04 14:49:49.030 11969 14060 I art     : Starting a blocking GC Explicit
08-04 14:49:49.068 11969 14060 I art     : Explicit concurrent mark sweep GC freed 1344(78KB) AllocSpace objects, 1(20KB) LOS objects, 22% free, 53MB/69MB, paused 865us total 37.128ms
08-04 14:49:49.082 11969 14060 I art     : Starting a blocking GC Explicit
08-04 14:49:49.114 11969 14060 I art     : Explicit concurrent mark sweep GC freed 20(704B) AllocSpace objects, 0(0B) LOS objects, 22% free, 53MB/69MB, paused 704us total 31.689ms
08-04 14:49:49.126 11969 14060 I art     : Starting a blocking GC Explicit
08-04 14:49:49.160 11969 14060 I art     : Explicit concurrent mark sweep GC freed 3(96B) AllocSpace objects, 0(0B) LOS objects, 22% free, 53MB/69MB, paused 687us total 33.676ms
08-04 14:49:49.172 11969 14060 I art     : Starting a blocking GC Explicit
08-04 14:49:49.207 11969 14060 I art     : Explicit concurrent mark sweep GC freed 3(96B) AllocSpace objects, 0(0B) LOS objects, 22% free, 53MB/69MB, paused 844us total 34.619ms
08-04 14:49:49.219 11969 14060 I art     : Starting a blocking GC Explicit
08-04 14:49:49.252 11969 14060 I art     : Explicit concurrent mark sweep GC freed 3(96B) AllocSpace objects, 0(0B) LOS objects, 22% free, 53MB/69MB, paused 718us total 32.577ms
08-04 14:49:49.589 11969 11983 I art     : Starting a blocking GC Explicit
08-04 14:49:49.628 11969 11983 I art     : Explicit concurrent mark sweep GC freed 1344(78KB) AllocSpace objects, 1(20KB) LOS objects, 22% free, 53MB/69MB, paused 765us total 38.472ms
08-04 14:49:49.640 11969 11983 I art     : Starting a blocking GC Explicit
08-04 14:49:49.675 11969 11983 I art     : Explicit concurrent mark sweep GC freed 20(704B) AllocSpace objects, 0(0B) LOS objects, 22% free, 53MB/69MB, paused 740us total 34.302ms
08-04 14:49:49.687 11969 11983 I art     : Starting a blocking GC Explicit
08-04 14:49:49.722 11969 11983 I art     : Explicit concurrent mark sweep GC freed 3(96B) AllocSpace objects, 0(0B) LOS objects, 22% free, 53MB/69MB, paused 751us total 34.602ms
08-04 14:49:49.734 11969 11983 I art     : Starting a blocking GC Explicit
08-04 14:49:49.768 11969 11983 I art     : Explicit concurrent mark sweep GC freed 3(96B) AllocSpace objects, 0(0B) LOS objects, 22% free, 53MB/69MB, paused 744us total 33.288ms
08-04 14:49:49.780 11969 11983 I art     : Starting a blocking GC Explicit
08-04 14:49:49.815 11969 11983 I art     : Explicit concurrent mark sweep GC freed 3(96B) AllocSpace objects, 0(0B) LOS objects, 22% free, 53MB/69MB, paused 742us total 34.652ms
08-04 14:49:50.148 11969 11982 I art     : Starting a blocking GC Explicit
08-04 14:49:50.186 11969 11982 I art     : Explicit concurrent mark sweep GC freed 1344(78KB) AllocSpace objects, 1(20KB) LOS objects, 22% free, 53MB/69MB, paused 757us total 37.653ms
08-04 14:49:50.200 11969 11982 I art     : Starting a blocking GC Explicit
08-04 14:49:50.234 11969 11982 I art     : Explicit concurrent mark sweep GC freed 20(704B) AllocSpace objects, 0(0B) LOS objects, 22% free, 53MB/69MB, paused 734us total 32.999ms
08-04 14:49:50.246 11969 11982 I art     : Starting a blocking GC Explicit
08-04 14:49:50.280 11969 11982 I art     : Explicit concurrent mark sweep GC freed 3(96B) AllocSpace objects, 0(0B) LOS objects, 22% free, 53MB/69MB, paused 733us total 34.393ms
08-04 14:49:50.293 11969 11982 I art     : Starting a blocking GC Explicit
08-04 14:49:50.328 11969 11982 I art     : Explicit concurrent mark sweep GC freed 3(96B) AllocSpace objects, 0(0B) LOS objects, 22% free, 53MB/69MB, paused 750us total 34.827ms
08-04 14:49:50.340 11969 11982 I art     : Starting a blocking GC Explicit
08-04 14:49:50.374 11969 11982 I art     : Explicit concurrent mark sweep GC freed 3(96B) AllocSpace objects, 0(0B) LOS objects, 22% free, 53MB/69MB, paused 671us total 33.605ms
08-04 14:49:50.701 11969 12201 I art     : Starting a blocking GC Explicit
08-04 14:49:50.738 11969 12201 I art     : Explicit concurrent mark sweep GC freed 1344(78KB) AllocSpace objects, 1(20KB) LOS objects, 22% free, 53MB/69MB, paused 817us total 36.026ms
08-04 14:49:50.750 11969 12201 I art     : Starting a blocking GC Explicit
08-04 14:49:50.769   518   646 I ThermalEngine: ACTION: GPU - Setting GPU[0] to 510000000
08-04 14:49:50.784 11969 12201 I art     : Explicit concurrent mark sweep GC freed 20(704B) AllocSpace objects, 0(0B) LOS objects, 22% free, 53MB/69MB, paused 741us total 33.397ms
08-04 14:49:50.796 11969 12201 I art     : Starting a blocking GC Explicit
08-04 14:49:50.825 11969 12201 I art     : Explicit concurrent mark sweep GC freed 3(96B) AllocSpace objects, 0(0B) LOS objects, 22% free, 53MB/69MB, paused 591us total 29.377ms
08-04 14:49:50.835 11969 12201 I art     : Starting a blocking GC Explicit
08-04 14:49:50.860 11969 12201 I art     : Explicit concurrent mark sweep GC freed 3(96B) AllocSpace objects, 0(0B) LOS objects, 22% free, 53MB/69MB, paused 555us total 25.193ms
08-04 14:49:50.870 11969 12201 I art     : Starting a blocking GC Explicit
08-04 14:49:50.896 11969 12201 I art     : Explicit concurrent mark sweep GC freed 3(96B) AllocSpace objects, 0(0B) LOS objects, 22% free, 53MB/69MB, paused 554us total 25.451ms
08-04 14:49:51.075  8510  8510 I ServiceManager: Waiting for service AtCmdFwd...
08-04 14:49:51.203 11969 12449 I art     : Starting a blocking GC Explicit
08-04 14:49:51.230 11969 12449 I art     : Explicit concurrent mark sweep GC freed 1344(78KB) AllocSpace objects, 1(20KB) LOS objects, 22% free, 53MB/69MB, paused 508us total 27.185ms
08-04 14:49:51.240 11969 12449 I art     : Starting a blocking GC Explicit
08-04 14:49:51.264 11969 12449 I art     : Explicit concurrent mark sweep GC freed 20(704B) AllocSpace objects, 0(0B) LOS objects, 22% free, 53MB/69MB, paused 521us total 23.888ms
08-04 14:49:51.273 11969 12449 I art     : Starting a blocking GC Explicit
08-04 14:49:51.297 11969 12449 I art     : Explicit concurrent mark sweep GC freed 3(96B) AllocSpace objects, 0(0B) LOS objects, 22% free, 53MB/69MB, paused 611us total 23.654ms
08-04 14:49:51.306 11969 12449 I art     : Starting a blocking GC Explicit
08-04 14:49:51.330 11969 12449 I art     : Explicit concurrent mark sweep GC freed 3(96B) AllocSpace objects, 0(0B) LOS objects, 22% free, 53MB/69MB, paused 531us total 23.296ms
08-04 14:49:51.339 11969 12449 I art     : Starting a blocking GC Explicit
08-04 14:49:51.362 11969 12449 I art     : Explicit concurrent mark sweep GC freed 3(96B) AllocSpace objects, 0(0B) LOS objects, 22% free, 53MB/69MB, paused 530us total 22.993ms
08-04 14:49:51.362 11969 11981 I art     : WaitForGcToComplete blocked for 8.684ms for cause HeapTrim
08-04 14:49:51.670 15640 15640 D AndroidRuntime: >>>>>> START com.android.internal.os.RuntimeInit uid 2000 <<<<<<
08-04 14:49:51.675 15640 15640 D AndroidRuntime: CheckJNI is OFF
08-04 14:49:51.677 11969 14060 I art     : Starting a blocking GC Explicit
08-04 14:49:51.702 11969 14060 I art     : Explicit concurrent mark sweep GC freed 1344(78KB) AllocSpace objects, 1(20KB) LOS objects, 22% free, 53MB/69MB, paused 567us total 24.879ms
08-04 14:49:51.712 11969 14060 I art     : Starting a blocking GC Explicit
08-04 14:49:51.713 15640 15640 D ICU     : No timezone override file found: /data/misc/zoneinfo/current/icu/icu_tzdata.dat
08-04 14:49:51.735 11969 14060 I art     : Explicit concurrent mark sweep GC freed 20(704B) AllocSpace objects, 0(0B) LOS objects, 22% free, 53MB/69MB, paused 560us total 23.611ms
08-04 14:49:51.744 11969 14060 I art     : Starting a blocking GC Explicit
08-04 14:49:51.745 15640 15640 I Radio-JNI: register_android_hardware_Radio DONE
08-04 14:49:51.767 15640 15640 D AndroidRuntime: Calling main entry com.android.commands.input.Input
08-04 14:49:51.768 11969 14060 I art     : Explicit concurrent mark sweep GC freed 3(96B) AllocSpace objects, 0(0B) LOS objects, 22% free, 53MB/69MB, paused 567us total 23.762ms
08-04 14:49:51.769 15640 15640 I Input   : injectKeyEvent: KeyEvent { action=ACTION_DOWN, keyCode=KEYCODE_BACK, scanCode=0, metaState=0, flags=0x0, repeatCount=0, eventTime=715808182, downTime=715808182, deviceId=-1, source=0x101 }
08-04 14:49:51.776 15640 15640 I Input   : injectKeyEvent: KeyEvent { action=ACTION_UP, keyCode=KEYCODE_BACK, scanCode=0, metaState=0, flags=0x0, repeatCount=0, eventTime=715808182, downTime=715808182, deviceId=-1, source=0x101 }
08-04 14:49:51.777 11969 14060 I art     : Starting a blocking GC Explicit
08-04 14:49:51.782 15640 15640 D AndroidRuntime: Shutting down VM
08-04 14:49:51.800 11969 14060 I art     : Explicit concurrent mark sweep GC freed 139(6KB) AllocSpace objects, 0(0B) LOS objects, 22% free, 53MB/69MB, paused 543us total 23.386ms
08-04 14:49:51.809 11969 14060 I art     : Starting a blocking GC Explicit
08-04 14:49:51.824 13866 13866 I GoogleInputMethodServic: GoogleInputMethodService.onFinishInput():3138 
08-04 14:49:51.825 13866 13866 I GoogleInputMethodServic: GoogleInputMethodService.onStartInput():1808 
08-04 14:49:51.831 11969 14060 I art     : Explicit concurrent mark sweep GC freed 13(448B) AllocSpace objects, 0(0B) LOS objects, 22% free, 53MB/69MB, paused 478us total 21.100ms
08-04 14:49:52.076  8510  8510 I ServiceManager: Waiting for service AtCmdFwd...
08-04 14:49:52.101 11969 14060 I art     : Starting a blocking GC Explicit
08-04 14:49:52.131 11969 14060 I art     : Explicit concurrent mark sweep GC freed 1380(79KB) AllocSpace objects, 1(20KB) LOS objects, 22% free, 53MB/69MB, paused 497us total 30.110ms
08-04 14:49:52.141 11969 14060 I art     : Starting a blocking GC Explicit
08-04 14:49:52.147   380   380 W SurfaceFlinger: couldn't log to binary event log: overflow.
08-04 14:49:52.165 11969 14060 I art     : Explicit concurrent mark sweep GC freed 133(9KB) AllocSpace objects, 0(0B) LOS objects, 22% free, 53MB/69MB, paused 503us total 24.351ms
08-04 14:49:52.174 11969 14060 I art     : Starting a blocking GC Explicit
08-04 14:49:52.196 11969 14060 I art     : Explicit concurrent mark sweep GC freed 9(368B) AllocSpace objects, 0(0B) LOS objects, 22% free, 53MB/69MB, paused 518us total 22.148ms
08-04 14:49:52.205 11969 14060 I art     : Starting a blocking GC Explicit
08-04 14:49:52.228 11969 14060 I art     : Explicit concurrent mark sweep GC freed 1649(108KB) AllocSpace objects, 3(180KB) LOS objects, 22% free, 53MB/69MB, paused 534us total 22.487ms
08-04 14:49:52.236 11969 14060 I art     : Starting a blocking GC Explicit
08-04 14:49:52.259 11969 14060 I art     : Explicit concurrent mark sweep GC freed 3(96B) AllocSpace objects, 0(0B) LOS objects, 22% free, 53MB/69MB, paused 513us total 23.076ms
08-04 14:49:52.538 11969 11983 I art     : Starting a blocking GC Explicit
08-04 14:49:52.568 11969 11983 I art     : Explicit concurrent mark sweep GC freed 1344(78KB) AllocSpace objects, 1(20KB) LOS objects, 22% free, 53MB/69MB, paused 750us total 29.874ms
08-04 14:49:52.579 11969 11983 I art     : Starting a blocking GC Explicit
08-04 14:49:52.604 11969 11983 I art     : Explicit concurrent mark sweep GC freed 20(704B) AllocSpace objects, 0(0B) LOS objects, 22% free, 53MB/69MB, paused 537us total 24.807ms
08-04 14:49:52.613 11969 11983 I art     : Starting a blocking GC Explicit
08-04 14:49:52.638 11969 11983 I art     : Explicit concurrent mark sweep GC freed 3(96B) AllocSpace objects, 0(0B) LOS objects, 22% free, 53MB/69MB, paused 543us total 24.739ms
08-04 14:49:52.647 11969 11983 I art     : Starting a blocking GC Explicit
08-04 14:49:52.672 11969 11983 I art     : Explicit concurrent mark sweep GC freed 3(96B) AllocSpace objects, 0(0B) LOS objects, 22% free, 53MB/69MB, paused 569us total 24.176ms
08-04 14:49:52.681 11969 11983 I art     : Starting a blocking GC Explicit
08-04 14:49:52.707 11969 11983 I art     : Explicit concurrent mark sweep GC freed 3(96B) AllocSpace objects, 0(0B) LOS objects, 22% free, 53MB/69MB, paused 542us total 24.988ms
08-04 14:49:53.006 11969 11982 I art     : Starting a blocking GC Explicit
08-04 14:49:53.032 11969 11982 I art     : Explicit concurrent mark sweep GC freed 1344(78KB) AllocSpace objects, 1(20KB) LOS objects, 22% free, 53MB/69MB, paused 544us total 25.738ms
08-04 14:49:53.041 11969 11982 I art     : Starting a blocking GC Explicit
08-04 14:49:53.063 11969 11982 I art     : Explicit concurrent mark sweep GC freed 20(704B) AllocSpace objects, 0(0B) LOS objects, 22% free, 53MB/69MB, paused 540us total 22.278ms
08-04 14:49:53.072 11969 11982 I art     : Starting a blocking GC Explicit
08-04 14:49:53.076  8510  8510 I ServiceManager: Waiting for service AtCmdFwd...
08-04 14:49:53.095 11969 11982 I art     : Explicit concurrent mark sweep GC freed 3(96B) AllocSpace objects, 0(0B) LOS objects, 22% free, 53MB/69MB, paused 524us total 22.554ms
08-04 14:49:53.103 11969 11982 I art     : Starting a blocking GC Explicit
08-04 14:49:53.126 11969 11982 I art     : Explicit concurrent mark sweep GC freed 3(96B) AllocSpace objects, 0(0B) LOS objects, 22% free, 53MB/69MB, paused 534us total 22.333ms
08-04 14:49:53.135 11969 11982 I art     : Starting a blocking GC Explicit
08-04 14:49:53.159 11969 11982 I art     : Explicit concurrent mark sweep GC freed 3(96B) AllocSpace objects, 0(0B) LOS objects, 22% free, 53MB/69MB, paused 541us total 23.100ms
08-04 14:49:53.422 15693 15693 D AndroidRuntime: >>>>>> START com.android.internal.os.RuntimeInit uid 2000 <<<<<<
08-04 14:49:53.428 15693 15693 D AndroidRuntime: CheckJNI is OFF
08-04 14:49:53.435 11969 12201 I art     : Starting a blocking GC Explicit
08-04 14:49:53.459 11969 12201 I art     : Explicit concurrent mark sweep GC freed 1344(78KB) AllocSpace objects, 1(20KB) LOS objects, 22% free, 53MB/69MB, paused 622us total 24.158ms
08-04 14:49:53.464 15693 15693 D ICU     : No timezone override file found: /data/misc/zoneinfo/current/icu/icu_tzdata.dat
08-04 14:49:53.469 11969 12201 I art     : Starting a blocking GC Explicit
08-04 14:49:53.493 11969 12201 I art     : Explicit concurrent mark sweep GC freed 20(704B) AllocSpace objects, 0(0B) LOS objects, 22% free, 53MB/69MB, paused 580us total 23.407ms
08-04 14:49:53.498 15693 15693 I Radio-JNI: register_android_hardware_Radio DONE
08-04 14:49:53.502 11969 12201 I art     : Starting a blocking GC Explicit
08-04 14:49:53.520 15693 15693 D AndroidRuntime: Calling main entry com.android.commands.input.Input
08-04 14:49:53.521 15693 15693 I Input   : injectMotionEvent: MotionEvent { action=ACTION_DOWN, actionButton=0, id[0]=0, x[0]=255.0, y[0]=1845.0, toolType[0]=TOOL_TYPE_UNKNOWN, buttonState=0, metaState=0, flags=0x0, edgeFlags=0x0, pointerCount=1, historySize=0, eventTime=715809934, downTime=715809934, deviceId=0, source=0x1002 }
08-04 14:49:53.524 11969 12201 I art     : Explicit concurrent mark sweep GC freed 7(224B) AllocSpace objects, 0(0B) LOS objects, 22% free, 53MB/69MB, paused 557us total 21.800ms
08-04 14:49:53.527 15693 15693 I Input   : injectMotionEvent: MotionEvent { action=ACTION_UP, actionButton=0, id[0]=0, x[0]=255.0, y[0]=1845.0, toolType[0]=TOOL_TYPE_UNKNOWN, buttonState=0, metaState=0, flags=0x0, edgeFlags=0x0, pointerCount=1, historySize=0, eventTime=715809934, downTime=715809934, deviceId=0, source=0x1002 }
08-04 14:49:53.528   918   928 I ActivityManager: START u0 {cmp=baseline.appteam.nith.hillffair/.activities.ClubActivity (has extras)} from uid 10651 on display 0
08-04 14:49:53.532 11969 12201 I art     : Starting a blocking GC Explicit
08-04 14:49:53.536 15693 15693 D AndroidRuntime: Shutting down VM
08-04 14:49:53.555 11969 12201 I art     : Explicit concurrent mark sweep GC freed 302(19KB) AllocSpace objects, 0(0B) LOS objects, 22% free, 53MB/69MB, paused 834us total 22.776ms
08-04 14:49:53.563 11969 12201 I art     : Starting a blocking GC Explicit
08-04 14:49:53.588 11969 12201 I art     : Explicit concurrent mark sweep GC freed 3483(271KB) AllocSpace objects, 0(0B) LOS objects, 22% free, 53MB/69MB, paused 662us total 24.206ms
08-04 14:49:53.621 11969 11969 I NAPPA_EXPERIMENTATION: MetricNetworkRequestExecutionTime: REQUEST_DURATION_SYSTEM='58',REQUEST_DURATION_OKHTTP='29',REQUEST_SYNCHRONOUS='FALSE',RESPONSE_CODE='200',RESPONSE_METHOD='GET',RESPONSE_LENGTH_OKHTTP='1171',RESPONSE_LENGTH_HEADER='-2',REQUEST_PROTOCOL='http/1.1',REQUEST_URL='https://api-hillfair-2k16.herokuapp.com/api/app/club/Technical%20Committee',
08-04 14:49:53.639   918   936 I ActivityManager: Displayed baseline.appteam.nith.hillffair/.activities.ClubActivity: +102ms
08-04 14:49:53.639 13866 13866 I GoogleInputMethodServic: GoogleInputMethodService.onFinishInput():3138 
08-04 14:49:53.639 13866 13866 I GoogleInputMethodServic: GoogleInputMethodService.onStartInput():1808 
08-04 14:49:53.851 11969 11982 I art     : Starting a blocking GC Explicit
08-04 14:49:53.881 11969 11982 I art     : Explicit concurrent mark sweep GC freed 2125(132KB) AllocSpace objects, 1(20KB) LOS objects, 22% free, 53MB/69MB, paused 577us total 29.630ms
08-04 14:49:53.883   380   380 W SurfaceFlinger: couldn't log to binary event log: overflow.
08-04 14:49:53.893 11969 11982 I art     : Starting a blocking GC Explicit
08-04 14:49:53.915 11969 11982 I art     : Explicit concurrent mark sweep GC freed 72(2512B) AllocSpace objects, 0(0B) LOS objects, 22% free, 53MB/69MB, paused 514us total 21.909ms
08-04 14:49:53.923 11969 11982 I art     : Starting a blocking GC Explicit
08-04 14:49:53.945 11969 11982 I art     : Explicit concurrent mark sweep GC freed 3(96B) AllocSpace objects, 0(0B) LOS objects, 22% free, 53MB/69MB, paused 488us total 20.804ms
08-04 14:49:53.953 11969 11982 I art     : Starting a blocking GC Explicit
08-04 14:49:53.975 11969 11982 I art     : Explicit concurrent mark sweep GC freed 3(96B) AllocSpace objects, 0(0B) LOS objects, 22% free, 53MB/69MB, paused 471us total 21.184ms
08-04 14:49:53.983 11969 11982 I art     : Starting a blocking GC Explicit
08-04 14:49:54.006 11969 11982 I art     : Explicit concurrent mark sweep GC freed 3(96B) AllocSpace objects, 0(0B) LOS objects, 22% free, 53MB/69MB, paused 487us total 22.886ms
08-04 14:49:54.077  8510  8510 I ServiceManager: Waiting for service AtCmdFwd...
08-04 14:49:54.301 11969 11983 I art     : Starting a blocking GC Explicit
08-04 14:49:54.336 11969 11983 I art     : Explicit concurrent mark sweep GC freed 1444(84KB) AllocSpace objects, 1(20KB) LOS objects, 22% free, 53MB/69MB, paused 581us total 34.445ms
08-04 14:49:54.348 11969 11983 I art     : Starting a blocking GC Explicit
08-04 14:49:54.374 11969 11983 I art     : Explicit concurrent mark sweep GC freed 36(1264B) AllocSpace objects, 0(0B) LOS objects, 22% free, 53MB/69MB, paused 533us total 25.453ms
08-04 14:49:54.383 11969 11983 I art     : Starting a blocking GC Explicit
08-04 14:49:54.409 11969 11983 I art     : Explicit concurrent mark sweep GC freed 3(96B) AllocSpace objects, 0(0B) LOS objects, 22% free, 53MB/69MB, paused 534us total 25.209ms
08-04 14:49:54.418 11969 11983 I art     : Starting a blocking GC Explicit
08-04 14:49:54.443 11969 11983 I art     : Explicit concurrent mark sweep GC freed 3(96B) AllocSpace objects, 0(0B) LOS objects, 22% free, 53MB/69MB, paused 536us total 25.347ms
08-04 14:49:54.453 11969 11983 I art     : Starting a blocking GC Explicit
08-04 14:49:54.479 11969 11983 I art     : Explicit concurrent mark sweep GC freed 3(96B) AllocSpace objects, 0(0B) LOS objects, 22% free, 53MB/69MB, paused 554us total 25.511ms
08-04 14:49:54.776 11969 11982 I art     : Starting a blocking GC Explicit
08-04 14:49:54.783   518   646 I ThermalEngine: ACTION: GPU - Setting GPU[0] to 450000000
08-04 14:49:54.816 11969 11982 I art     : Explicit concurrent mark sweep GC freed 1344(78KB) AllocSpace objects, 1(20KB) LOS objects, 22% free, 53MB/69MB, paused 751us total 40.176ms
08-04 14:49:54.832 11969 11982 I art     : Starting a blocking GC Explicit
08-04 14:49:54.864 11969 11982 I art     : Explicit concurrent mark sweep GC freed 20(704B) AllocSpace objects, 0(0B) LOS objects, 22% free, 53MB/69MB, paused 709us total 31.592ms
08-04 14:49:54.876 11969 11982 I art     : Starting a blocking GC Explicit
08-04 14:49:54.907 11969 11982 I art     : Explicit concurrent mark sweep GC freed 3(96B) AllocSpace objects, 0(0B) LOS objects, 22% free, 53MB/69MB, paused 823us total 31.372ms
08-04 14:49:54.919 11969 11982 I art     : Starting a blocking GC Explicit
08-04 14:49:54.951 11969 11982 I art     : Explicit concurrent mark sweep GC freed 3(96B) AllocSpace objects, 0(0B) LOS objects, 22% free, 53MB/69MB, paused 701us total 31.799ms
08-04 14:49:54.963 11969 11982 I art     : Starting a blocking GC Explicit
08-04 14:49:54.995 11969 11982 I art     : Explicit concurrent mark sweep GC freed 3(96B) AllocSpace objects, 0(0B) LOS objects, 22% free, 53MB/69MB, paused 691us total 31.517ms
08-04 14:49:55.077  8510  8510 I ServiceManager: Waiting for service AtCmdFwd...
08-04 14:49:55.308 11969 12201 I art     : Starting a blocking GC Explicit
08-04 14:49:55.352 11969 12201 I art     : Explicit concurrent mark sweep GC freed 1344(78KB) AllocSpace objects, 1(20KB) LOS objects, 22% free, 53MB/69MB, paused 815us total 43.968ms
08-04 14:49:55.371 11969 12201 I art     : Starting a blocking GC Explicit
08-04 14:49:55.409 11969 12201 I art     : Explicit concurrent mark sweep GC freed 20(704B) AllocSpace objects, 0(0B) LOS objects, 22% free, 53MB/69MB, paused 770us total 37.923ms
08-04 14:49:55.421 11969 12201 I art     : Starting a blocking GC Explicit
08-04 14:49:55.456 11969 12201 I art     : Explicit concurrent mark sweep GC freed 3(96B) AllocSpace objects, 0(0B) LOS objects, 22% free, 53MB/69MB, paused 737us total 34.236ms
08-04 14:49:55.468 11969 12201 I art     : Starting a blocking GC Explicit
08-04 14:49:55.502 11969 12201 I art     : Explicit concurrent mark sweep GC freed 3(96B) AllocSpace objects, 0(0B) LOS objects, 22% free, 53MB/69MB, paused 745us total 33.434ms
08-04 14:49:55.514 11969 12201 I art     : Starting a blocking GC Explicit
08-04 14:49:55.548 11969 12201 I art     : Explicit concurrent mark sweep GC freed 3(96B) AllocSpace objects, 0(0B) LOS objects, 22% free, 53MB/69MB, paused 750us total 34.180ms
08-04 14:49:55.780   518   646 I ThermalEngine: ACTION: GPU - Setting GPU[0] to 510000000
08-04 14:49:55.864 11969 14060 I art     : Starting a blocking GC Explicit
08-04 14:49:55.890 11969 14060 I art     : Explicit concurrent mark sweep GC freed 1344(78KB) AllocSpace objects, 1(20KB) LOS objects, 22% free, 53MB/69MB, paused 539us total 26.324ms
08-04 14:49:55.900 11969 14060 I art     : Starting a blocking GC Explicit
08-04 14:49:55.926 11969 14060 I art     : Explicit concurrent mark sweep GC freed 38(1376B) AllocSpace objects, 0(0B) LOS objects, 22% free, 53MB/69MB, paused 621us total 25.552ms
08-04 14:49:55.935 11969 14060 I art     : Starting a blocking GC Explicit
08-04 14:49:55.960 11969 14060 I art     : Explicit concurrent mark sweep GC freed 3(96B) AllocSpace objects, 0(0B) LOS objects, 22% free, 53MB/69MB, paused 508us total 24.524ms
08-04 14:49:55.969 11969 14060 I art     : Starting a blocking GC Explicit
08-04 14:49:55.995 11969 14060 I art     : Explicit concurrent mark sweep GC freed 3(96B) AllocSpace objects, 0(0B) LOS objects, 22% free, 53MB/69MB, paused 535us total 25.739ms
08-04 14:49:56.005 11969 14060 I art     : Starting a blocking GC Explicit
08-04 14:49:56.031 11969 14060 I art     : Explicit concurrent mark sweep GC freed 3(96B) AllocSpace objects, 0(0B) LOS objects, 22% free, 53MB/69MB, paused 540us total 25.645ms
08-04 14:49:56.078  8510  8510 W Atfwd_Sendcmd: AtCmdFwd service not published, waiting... retryCnt : 3
08-04 14:49:56.356 11969 11983 I art     : Starting a blocking GC Explicit
08-04 14:49:56.388 11969 11983 I art     : Explicit concurrent mark sweep GC freed 1344(78KB) AllocSpace objects, 1(20KB) LOS objects, 22% free, 53MB/69MB, paused 660us total 31.527ms
08-04 14:49:56.401 11969 11983 I art     : Starting a blocking GC Explicit
08-04 14:49:56.430 11969 11983 I art     : Explicit concurrent mark sweep GC freed 20(704B) AllocSpace objects, 0(0B) LOS objects, 22% free, 53MB/69MB, paused 521us total 28.203ms
08-04 14:49:56.439 11969 11983 I art     : Starting a blocking GC Explicit
08-04 14:49:56.464 11969 11983 I art     : Explicit concurrent mark sweep GC freed 3(96B) AllocSpace objects, 0(0B) LOS objects, 22% free, 53MB/69MB, paused 541us total 24.303ms
08-04 14:49:56.473 11969 11983 I art     : Starting a blocking GC Explicit
08-04 14:49:56.497 11969 11983 I art     : Explicit concurrent mark sweep GC freed 3(96B) AllocSpace objects, 0(0B) LOS objects, 22% free, 53MB/69MB, paused 558us total 24.567ms
08-04 14:49:56.506 11969 11983 I art     : Starting a blocking GC Explicit
08-04 14:49:56.531 11969 11983 I art     : Explicit concurrent mark sweep GC freed 3(96B) AllocSpace objects, 0(0B) LOS objects, 22% free, 53MB/69MB, paused 544us total 24.857ms
08-04 14:49:56.843 11969 11982 I art     : Starting a blocking GC Explicit
08-04 14:49:56.876 11969 11982 I art     : Explicit concurrent mark sweep GC freed 1344(78KB) AllocSpace objects, 1(20KB) LOS objects, 22% free, 53MB/69MB, paused 570us total 31.992ms
08-04 14:49:56.889 11969 11982 I art     : Starting a blocking GC Explicit
08-04 14:49:56.915 11969 11982 I art     : Explicit concurrent mark sweep GC freed 20(704B) AllocSpace objects, 0(0B) LOS objects, 22% free, 53MB/69MB, paused 511us total 25.736ms
08-04 14:49:56.924 11969 11982 I art     : Starting a blocking GC Explicit
08-04 14:49:56.949 11969 11982 I art     : Explicit concurrent mark sweep GC freed 3(96B) AllocSpace objects, 0(0B) LOS objects, 22% free, 53MB/69MB, paused 499us total 24.462ms
08-04 14:49:56.958 11969 11982 I art     : Starting a blocking GC Explicit
08-04 14:49:56.983 11969 11982 I art     : Explicit concurrent mark sweep GC freed 3(96B) AllocSpace objects, 0(0B) LOS objects, 22% free, 53MB/69MB, paused 526us total 25.168ms
08-04 14:49:56.993 11969 11982 I art     : Starting a blocking GC Explicit
08-04 14:49:57.018 11969 11982 I art     : Explicit concurrent mark sweep GC freed 3(96B) AllocSpace objects, 0(0B) LOS objects, 22% free, 53MB/69MB, paused 549us total 25.206ms
08-04 14:49:57.324 11969 12201 I art     : Starting a blocking GC Explicit
08-04 14:49:57.357 11969 12201 I art     : Explicit concurrent mark sweep GC freed 1344(78KB) AllocSpace objects, 1(20KB) LOS objects, 22% free, 53MB/69MB, paused 555us total 31.899ms
08-04 14:49:57.369 11969 12201 I art     : Starting a blocking GC Explicit
08-04 14:49:57.398 11969 12201 I art     : Explicit concurrent mark sweep GC freed 20(704B) AllocSpace objects, 0(0B) LOS objects, 22% free, 53MB/69MB, paused 572us total 28.495ms
08-04 14:49:57.407 11969 12201 I art     : Starting a blocking GC Explicit
08-04 14:49:57.433 11969 12201 I art     : Explicit concurrent mark sweep GC freed 3(96B) AllocSpace objects, 0(0B) LOS objects, 22% free, 53MB/69MB, paused 625us total 24.949ms
08-04 14:49:57.442 11969 12201 I art     : Starting a blocking GC Explicit
08-04 14:49:57.467 11969 12201 I art     : Explicit concurrent mark sweep GC freed 3(96B) AllocSpace objects, 0(0B) LOS objects, 22% free, 53MB/69MB, paused 624us total 25.023ms
08-04 14:49:57.476 11969 12201 I art     : Starting a blocking GC Explicit
08-04 14:49:57.502 11969 12201 I art     : Explicit concurrent mark sweep GC freed 3(96B) AllocSpace objects, 0(0B) LOS objects, 22% free, 53MB/69MB, paused 540us total 25.161ms
08-04 14:49:57.852 11969 12449 I art     : Starting a blocking GC Explicit
08-04 14:49:57.878 11969 12449 I art     : Explicit concurrent mark sweep GC freed 1344(78KB) AllocSpace objects, 1(20KB) LOS objects, 22% free, 53MB/69MB, paused 556us total 25.711ms
08-04 14:49:57.887 11969 12449 I art     : Starting a blocking GC Explicit
08-04 14:49:57.912 11969 12449 I art     : Explicit concurrent mark sweep GC freed 20(704B) AllocSpace objects, 0(0B) LOS objects, 22% free, 53MB/69MB, paused 540us total 24.115ms
08-04 14:49:57.921 11969 12449 I art     : Starting a blocking GC Explicit
08-04 14:49:57.945 11969 12449 I art     : Explicit concurrent mark sweep GC freed 3(96B) AllocSpace objects, 0(0B) LOS objects, 22% free, 53MB/69MB, paused 541us total 24.117ms
08-04 14:49:57.954 11969 12449 I art     : Starting a blocking GC Explicit
08-04 14:49:57.978 11969 12449 I art     : Explicit concurrent mark sweep GC freed 3(96B) AllocSpace objects, 0(0B) LOS objects, 22% free, 53MB/69MB, paused 557us total 23.604ms
08-04 14:49:57.987 11969 12449 I art     : Starting a blocking GC Explicit
08-04 14:49:58.012 11969 12449 I art     : Explicit concurrent mark sweep GC freed 3(96B) AllocSpace objects, 0(0B) LOS objects, 22% free, 53MB/69MB, paused 543us total 24.359ms
08-04 14:49:58.205 15808 15808 D AndroidRuntime: >>>>>> START com.android.internal.os.RuntimeInit uid 2000 <<<<<<
08-04 14:49:58.209 15808 15808 D AndroidRuntime: CheckJNI is OFF
08-04 14:49:58.242 15808 15808 D ICU     : No timezone override file found: /data/misc/zoneinfo/current/icu/icu_tzdata.dat
08-04 14:49:58.275 15808 15808 I Radio-JNI: register_android_hardware_Radio DONE
08-04 14:49:58.297 15808 15808 D AndroidRuntime: Calling main entry com.android.commands.input.Input
08-04 14:49:58.299 15808 15808 I Input   : injectKeyEvent: KeyEvent { action=ACTION_DOWN, keyCode=KEYCODE_BACK, scanCode=0, metaState=0, flags=0x0, repeatCount=0, eventTime=715814712, downTime=715814712, deviceId=-1, source=0x101 }
08-04 14:49:58.302 11969 14060 I art     : Starting a blocking GC Explicit
08-04 14:49:58.305 15808 15808 I Input   : injectKeyEvent: KeyEvent { action=ACTION_UP, keyCode=KEYCODE_BACK, scanCode=0, metaState=0, flags=0x0, repeatCount=0, eventTime=715814712, downTime=715814712, deviceId=-1, source=0x101 }
08-04 14:49:58.311 15808 15808 D AndroidRuntime: Shutting down VM
08-04 14:49:58.327 11969 14060 I art     : Explicit concurrent mark sweep GC freed 1480(84KB) AllocSpace objects, 1(20KB) LOS objects, 22% free, 53MB/69MB, paused 582us total 25.055ms
08-04 14:49:58.336 11969 14060 I art     : Starting a blocking GC Explicit
08-04 14:49:58.347 13866 13866 I GoogleInputMethodServic: GoogleInputMethodService.onFinishInput():3138 
08-04 14:49:58.347 13866 13866 I GoogleInputMethodServic: GoogleInputMethodService.onStartInput():1808 
08-04 14:49:58.358 11969 14060 I art     : Explicit concurrent mark sweep GC freed 32(1232B) AllocSpace objects, 0(0B) LOS objects, 22% free, 53MB/69MB, paused 791us total 21.924ms
08-04 14:49:58.367 11969 14060 I art     : Starting a blocking GC Explicit
08-04 14:49:58.389 11969 14060 I art     : Explicit concurrent mark sweep GC freed 39(1280B) AllocSpace objects, 0(0B) LOS objects, 22% free, 53MB/69MB, paused 662us total 21.740ms
08-04 14:49:58.397 11969 14060 I art     : Starting a blocking GC Explicit
08-04 14:49:58.419 11969 14060 I art     : Explicit concurrent mark sweep GC freed 6(224B) AllocSpace objects, 0(0B) LOS objects, 22% free, 53MB/69MB, paused 511us total 20.933ms
08-04 14:49:58.427 11969 14060 I art     : Starting a blocking GC Explicit
08-04 14:49:58.447 11969 14060 I art     : Explicit concurrent mark sweep GC freed 3(96B) AllocSpace objects, 0(0B) LOS objects, 22% free, 53MB/69MB, paused 547us total 20.639ms
08-04 14:49:58.655   380   380 W SurfaceFlinger: couldn't log to binary event log: overflow.
08-04 14:49:58.719 11969 12449 I art     : Starting a blocking GC Explicit
08-04 14:49:58.745 11969 12449 I art     : Explicit concurrent mark sweep GC freed 1453(86KB) AllocSpace objects, 1(20KB) LOS objects, 22% free, 53MB/69MB, paused 544us total 25.701ms
08-04 14:49:58.755 11969 12449 I art     : Starting a blocking GC Explicit
08-04 14:49:58.780 11969 12449 I art     : Explicit concurrent mark sweep GC freed 1569(104KB) AllocSpace objects, 2(68KB) LOS objects, 22% free, 53MB/69MB, paused 523us total 25.079ms
08-04 14:49:58.789 11969 12449 I art     : Starting a blocking GC Explicit
08-04 14:49:58.814 11969 12449 I art     : Explicit concurrent mark sweep GC freed 3(96B) AllocSpace objects, 0(0B) LOS objects, 22% free, 53MB/69MB, paused 517us total 24.264ms
08-04 14:49:58.823 11969 12449 I art     : Starting a blocking GC Explicit
08-04 14:49:58.847 11969 12449 I art     : Explicit concurrent mark sweep GC freed 3(96B) AllocSpace objects, 0(0B) LOS objects, 22% free, 53MB/69MB, paused 675us total 24.170ms
08-04 14:49:58.857 11969 12449 I art     : Starting a blocking GC Explicit
08-04 14:49:58.881 11969 12449 I art     : Explicit concurrent mark sweep GC freed 3(96B) AllocSpace objects, 0(0B) LOS objects, 22% free, 53MB/69MB, paused 523us total 23.845ms
08-04 14:49:59.180 11969 11983 I art     : Starting a blocking GC Explicit
08-04 14:49:59.208 11969 11983 I art     : Explicit concurrent mark sweep GC freed 1344(78KB) AllocSpace objects, 1(20KB) LOS objects, 22% free, 53MB/69MB, paused 637us total 27.824ms
08-04 14:49:59.221 11969 11983 I art     : Starting a blocking GC Explicit
08-04 14:49:59.246 11969 11983 I art     : Explicit concurrent mark sweep GC freed 20(704B) AllocSpace objects, 0(0B) LOS objects, 22% free, 53MB/69MB, paused 564us total 24.810ms
08-04 14:49:59.255 11969 11983 I art     : Starting a blocking GC Explicit
08-04 14:49:59.280 11969 11983 I art     : Explicit concurrent mark sweep GC freed 3(96B) AllocSpace objects, 0(0B) LOS objects, 22% free, 53MB/69MB, paused 543us total 24.969ms
08-04 14:49:59.290 11969 11983 I art     : Starting a blocking GC Explicit
08-04 14:49:59.315 11969 11983 I art     : Explicit concurrent mark sweep GC freed 3(96B) AllocSpace objects, 0(0B) LOS objects, 22% free, 53MB/69MB, paused 553us total 24.907ms
08-04 14:49:59.324 11969 11983 I art     : Starting a blocking GC Explicit
08-04 14:49:59.349 11969 11983 I art     : Explicit concurrent mark sweep GC freed 3(96B) AllocSpace objects, 0(0B) LOS objects, 22% free, 53MB/69MB, paused 559us total 24.918ms
08-04 14:49:59.628 11969 11982 I art     : Starting a blocking GC Explicit
08-04 14:49:59.653 11969 11982 I art     : Explicit concurrent mark sweep GC freed 1344(78KB) AllocSpace objects, 1(20KB) LOS objects, 22% free, 53MB/69MB, paused 546us total 24.325ms
08-04 14:49:59.662 11969 11982 I art     : Starting a blocking GC Explicit
08-04 14:49:59.685 11969 11982 I art     : Explicit concurrent mark sweep GC freed 20(704B) AllocSpace objects, 0(0B) LOS objects, 22% free, 53MB/69MB, paused 543us total 23.581ms
08-04 14:49:59.694 11969 11982 I art     : Starting a blocking GC Explicit
08-04 14:49:59.719 11969 11982 I art     : Explicit concurrent mark sweep GC freed 3(96B) AllocSpace objects, 0(0B) LOS objects, 22% free, 53MB/69MB, paused 534us total 23.881ms
08-04 14:49:59.727 11969 11982 I art     : Starting a blocking GC Explicit
08-04 14:49:59.750 11969 11982 I art     : Explicit concurrent mark sweep GC freed 3(96B) AllocSpace objects, 0(0B) LOS objects, 22% free, 53MB/69MB, paused 537us total 22.831ms
08-04 14:49:59.759 11969 11982 I art     : Starting a blocking GC Explicit
08-04 14:49:59.782 11969 11982 I art     : Explicit concurrent mark sweep GC freed 3(96B) AllocSpace objects, 0(0B) LOS objects, 22% free, 53MB/69MB, paused 520us total 22.791ms
08-04 14:49:59.973 15857 15857 D AndroidRuntime: >>>>>> START com.android.internal.os.RuntimeInit uid 2000 <<<<<<
08-04 14:49:59.979 15857 15857 D AndroidRuntime: CheckJNI is OFF
08-04 14:50:00.010 15857 15857 D ICU     : No timezone override file found: /data/misc/zoneinfo/current/icu/icu_tzdata.dat
08-04 14:50:00.042 15857 15857 I Radio-JNI: register_android_hardware_Radio DONE
08-04 14:50:00.060 11969 12201 I art     : Starting a blocking GC Explicit
08-04 14:50:00.064 15857 15857 D AndroidRuntime: Calling main entry com.android.commands.input.Input
08-04 14:50:00.066 15857 15857 I Input   : injectMotionEvent: MotionEvent { action=ACTION_DOWN, actionButton=0, id[0]=0, x[0]=369.0, y[0]=554.0, toolType[0]=TOOL_TYPE_UNKNOWN, buttonState=0, metaState=0, flags=0x0, edgeFlags=0x0, pointerCount=1, historySize=0, eventTime=715816479, downTime=715816479, deviceId=0, source=0x1002 }
08-04 14:50:00.070 15857 15857 I Input   : injectMotionEvent: MotionEvent { action=ACTION_UP, actionButton=0, id[0]=0, x[0]=369.0, y[0]=554.0, toolType[0]=TOOL_TYPE_UNKNOWN, buttonState=0, metaState=0, flags=0x0, edgeFlags=0x0, pointerCount=1, historySize=0, eventTime=715816479, downTime=715816479, deviceId=0, source=0x1002 }
08-04 14:50:00.071   918  6111 I ActivityManager: START u0 {cmp=baseline.appteam.nith.hillffair/.activities.ClubActivity (has extras)} from uid 10651 on display 0
08-04 14:50:00.078 15857 15857 D AndroidRuntime: Shutting down VM
08-04 14:50:00.083 11969 12201 I art     : Explicit concurrent mark sweep GC freed 1369(79KB) AllocSpace objects, 1(20KB) LOS objects, 22% free, 53MB/69MB, paused 621us total 23.191ms
08-04 14:50:00.092 11969 12201 I art     : Starting a blocking GC Explicit
08-04 14:50:00.119 11969 12201 I art     : Explicit concurrent mark sweep GC freed 3539(228KB) AllocSpace objects, 0(0B) LOS objects, 22% free, 53MB/69MB, paused 1.490ms total 26.992ms
08-04 14:50:00.128 11969 12201 I art     : Starting a blocking GC Explicit
08-04 14:50:00.151 11969 12201 I art     : Explicit concurrent mark sweep GC freed 439(66KB) AllocSpace objects, 0(0B) LOS objects, 22% free, 53MB/69MB, paused 590us total 22.784ms
08-04 14:50:00.154 11969 11969 I NAPPA_EXPERIMENTATION: MetricNetworkRequestExecutionTime: REQUEST_DURATION_SYSTEM='50',REQUEST_DURATION_OKHTTP='33',REQUEST_SYNCHRONOUS='FALSE',RESPONSE_CODE='200',RESPONSE_METHOD='GET',RESPONSE_LENGTH_OKHTTP='979',RESPONSE_LENGTH_HEADER='-2',REQUEST_PROTOCOL='http/1.1',REQUEST_URL='https://api-hillfair-2k16.herokuapp.com/api/app/club/PR%20Club',
08-04 14:50:00.159 11969 12201 I art     : Starting a blocking GC Explicit
08-04 14:50:00.159   918   936 I ActivityManager: Displayed baseline.appteam.nith.hillffair/.activities.ClubActivity: +81ms
08-04 14:50:00.162 13866 13866 I GoogleInputMethodServic: GoogleInputMethodService.onFinishInput():3138 
08-04 14:50:00.162 13866 13866 I GoogleInputMethodServic: GoogleInputMethodService.onStartInput():1808 
08-04 14:50:00.182 11969 12201 I art     : Explicit concurrent mark sweep GC freed 625(49KB) AllocSpace objects, 0(0B) LOS objects, 22% free, 53MB/69MB, paused 675us total 22.696ms
08-04 14:50:00.193 11969 12201 I art     : Starting a blocking GC Explicit
08-04 14:50:00.215 11969 12201 I art     : Explicit concurrent mark sweep GC freed 67(2384B) AllocSpace objects, 0(0B) LOS objects, 22% free, 53MB/69MB, paused 504us total 21.909ms
08-04 14:50:00.407   380   380 W SurfaceFlinger: couldn't log to binary event log: overflow.
08-04 14:50:00.481 11969 11982 I art     : Starting a blocking GC Explicit
08-04 14:50:00.504 11969 11982 I art     : Explicit concurrent mark sweep GC freed 1346(78KB) AllocSpace objects, 1(20KB) LOS objects, 22% free, 53MB/69MB, paused 539us total 23.663ms
08-04 14:50:00.514 11969 11982 I art     : Starting a blocking GC Explicit
08-04 14:50:00.539 11969 11982 I art     : Explicit concurrent mark sweep GC freed 111(5KB) AllocSpace objects, 0(0B) LOS objects, 22% free, 53MB/69MB, paused 577us total 25.101ms
08-04 14:50:00.552 11969 11982 I art     : Starting a blocking GC Explicit
08-04 14:50:00.575 11969 11982 I art     : Explicit concurrent mark sweep GC freed 12(464B) AllocSpace objects, 0(0B) LOS objects, 22% free, 53MB/69MB, paused 558us total 22.737ms
08-04 14:50:00.583 11969 11982 I art     : Starting a blocking GC Explicit
08-04 14:50:00.605 11969 11982 I art     : Explicit concurrent mark sweep GC freed 3(96B) AllocSpace objects, 0(0B) LOS objects, 22% free, 53MB/69MB, paused 531us total 22.009ms
08-04 14:50:00.614 11969 11982 I art     : Starting a blocking GC Explicit
08-04 14:50:00.637 11969 11982 I art     : Explicit concurrent mark sweep GC freed 3(96B) AllocSpace objects, 0(0B) LOS objects, 22% free, 53MB/69MB, paused 522us total 22.374ms
08-04 14:50:00.934 11969 12201 I art     : Starting a blocking GC Explicit
08-04 14:50:00.962 11969 12201 I art     : Explicit concurrent mark sweep GC freed 1344(78KB) AllocSpace objects, 1(20KB) LOS objects, 22% free, 53MB/69MB, paused 548us total 27.358ms
08-04 14:50:00.971 11969 12201 I art     : Starting a blocking GC Explicit
08-04 14:50:00.996 11969 12201 I art     : Explicit concurrent mark sweep GC freed 36(1264B) AllocSpace objects, 0(0B) LOS objects, 22% free, 53MB/69MB, paused 557us total 24.206ms
08-04 14:50:01.005 11969 12201 I art     : Starting a blocking GC Explicit
08-04 14:50:01.030 11969 12201 I art     : Explicit concurrent mark sweep GC freed 3(96B) AllocSpace objects, 0(0B) LOS objects, 22% free, 53MB/69MB, paused 555us total 25.153ms
08-04 14:50:01.039 11969 12201 I art     : Starting a blocking GC Explicit
08-04 14:50:01.066 11969 12201 I art     : Explicit concurrent mark sweep GC freed 3(96B) AllocSpace objects, 0(0B) LOS objects, 22% free, 53MB/69MB, paused 553us total 25.851ms
08-04 14:50:01.075 11969 12201 I art     : Starting a blocking GC Explicit
08-04 14:50:01.101 11969 12201 I art     : Explicit concurrent mark sweep GC freed 3(96B) AllocSpace objects, 0(0B) LOS objects, 22% free, 53MB/69MB, paused 573us total 25.538ms
08-04 14:50:01.401 11969 12449 I art     : Starting a blocking GC Explicit
08-04 14:50:01.438 11969 12449 I art     : Explicit concurrent mark sweep GC freed 1344(78KB) AllocSpace objects, 1(20KB) LOS objects, 22% free, 53MB/69MB, paused 779us total 36.527ms
08-04 14:50:01.450 11969 12449 I art     : Starting a blocking GC Explicit
08-04 14:50:01.476 11969 12449 I art     : Explicit concurrent mark sweep GC freed 20(704B) AllocSpace objects, 0(0B) LOS objects, 22% free, 53MB/69MB, paused 559us total 25.698ms
08-04 14:50:01.486 11969 12449 I art     : Starting a blocking GC Explicit
08-04 14:50:01.511 11969 12449 I art     : Explicit concurrent mark sweep GC freed 3(96B) AllocSpace objects, 0(0B) LOS objects, 22% free, 53MB/69MB, paused 547us total 25.623ms
08-04 14:50:01.521 11969 12449 I art     : Starting a blocking GC Explicit
08-04 14:50:01.547 11969 12449 I art     : Explicit concurrent mark sweep GC freed 3(96B) AllocSpace objects, 0(0B) LOS objects, 22% free, 53MB/69MB, paused 745us total 25.916ms
08-04 14:50:01.557 11969 12449 I art     : Starting a blocking GC Explicit
08-04 14:50:01.583 11969 12449 I art     : Explicit concurrent mark sweep GC freed 3(96B) AllocSpace objects, 0(0B) LOS objects, 22% free, 53MB/69MB, paused 545us total 25.788ms
08-04 14:50:01.791   518   646 I ThermalEngine: ACTION: GPU - Setting GPU[0] to 450000000
08-04 14:50:01.896 11969 11983 I art     : Starting a blocking GC Explicit
08-04 14:50:01.939 11969 11983 I art     : Explicit concurrent mark sweep GC freed 1344(78KB) AllocSpace objects, 1(20KB) LOS objects, 22% free, 53MB/69MB, paused 896us total 42.677ms
08-04 14:50:01.957 11969 11983 I art     : Starting a blocking GC Explicit
08-04 14:50:01.994 11969 11983 I art     : Explicit concurrent mark sweep GC freed 20(704B) AllocSpace objects, 0(0B) LOS objects, 22% free, 53MB/69MB, paused 767us total 36.451ms
08-04 14:50:02.006 11969 11983 I art     : Starting a blocking GC Explicit
08-04 14:50:02.041 11969 11983 I art     : Explicit concurrent mark sweep GC freed 3(96B) AllocSpace objects, 0(0B) LOS objects, 22% free, 53MB/69MB, paused 763us total 34.638ms
08-04 14:50:02.053 11969 11983 I art     : Starting a blocking GC Explicit
08-04 14:50:02.089 11969 11983 I art     : Explicit concurrent mark sweep GC freed 3(96B) AllocSpace objects, 0(0B) LOS objects, 22% free, 53MB/69MB, paused 781us total 35.075ms
08-04 14:50:02.101 11969 11983 I art     : Starting a blocking GC Explicit
08-04 14:50:02.134 11969 11983 I art     : Explicit concurrent mark sweep GC freed 3(96B) AllocSpace objects, 0(0B) LOS objects, 22% free, 53MB/69MB, paused 755us total 33.227ms
08-04 14:50:02.468 11969 14060 I art     : Starting a blocking GC Explicit
08-04 14:50:02.508 11969 14060 I art     : Explicit concurrent mark sweep GC freed 1344(78KB) AllocSpace objects, 1(20KB) LOS objects, 22% free, 53MB/69MB, paused 999us total 40.328ms
08-04 14:50:02.523 11969 14060 I art     : Starting a blocking GC Explicit
08-04 14:50:02.558 11969 14060 I art     : Explicit concurrent mark sweep GC freed 20(704B) AllocSpace objects, 0(0B) LOS objects, 22% free, 53MB/69MB, paused 858us total 34.342ms
08-04 14:50:02.570 11969 14060 I art     : Starting a blocking GC Explicit
08-04 14:50:02.604 11969 14060 I art     : Explicit concurrent mark sweep GC freed 3(96B) AllocSpace objects, 0(0B) LOS objects, 22% free, 53MB/69MB, paused 722us total 34.022ms
08-04 14:50:02.616 11969 14060 I art     : Starting a blocking GC Explicit
08-04 14:50:02.651 11969 14060 I art     : Explicit concurrent mark sweep GC freed 3(96B) AllocSpace objects, 0(0B) LOS objects, 22% free, 53MB/69MB, paused 740us total 34.449ms
08-04 14:50:02.663 11969 14060 I art     : Starting a blocking GC Explicit
08-04 14:50:02.698 11969 14060 I art     : Explicit concurrent mark sweep GC freed 3(96B) AllocSpace objects, 0(0B) LOS objects, 22% free, 53MB/69MB, paused 748us total 34.789ms
08-04 14:50:03.033 11969 11982 I art     : Starting a blocking GC Explicit
08-04 14:50:03.074 11969 11982 I art     : Explicit concurrent mark sweep GC freed 1344(78KB) AllocSpace objects, 1(20KB) LOS objects, 22% free, 53MB/69MB, paused 772us total 41.114ms
08-04 14:50:03.089 11969 11982 I art     : Starting a blocking GC Explicit
08-04 14:50:03.122 11969 11982 I art     : Explicit concurrent mark sweep GC freed 20(704B) AllocSpace objects, 0(0B) LOS objects, 22% free, 53MB/69MB, paused 748us total 32.889ms
08-04 14:50:03.134 11969 11982 I art     : Starting a blocking GC Explicit
08-04 14:50:03.169 11969 11982 I art     : Explicit concurrent mark sweep GC freed 3(96B) AllocSpace objects, 0(0B) LOS objects, 22% free, 53MB/69MB, paused 760us total 34.589ms
08-04 14:50:03.182 11969 11982 I art     : Starting a blocking GC Explicit
08-04 14:50:03.216 11969 11982 I art     : Explicit concurrent mark sweep GC freed 3(96B) AllocSpace objects, 0(0B) LOS objects, 22% free, 53MB/69MB, paused 715us total 34.053ms
08-04 14:50:03.228 11969 11982 I art     : Starting a blocking GC Explicit
08-04 14:50:03.262 11969 11982 I art     : Explicit concurrent mark sweep GC freed 3(96B) AllocSpace objects, 0(0B) LOS objects, 22% free, 53MB/69MB, paused 751us total 34.239ms
08-04 14:50:03.578 11969 12201 I art     : Starting a blocking GC Explicit
08-04 14:50:03.579   918  3261 D WifiStateMachine: starting scan for "H369AA63323"WPA_PSK with 2412,5180
08-04 14:50:03.618 11969 12201 I art     : Explicit concurrent mark sweep GC freed 1344(78KB) AllocSpace objects, 1(20KB) LOS objects, 22% free, 53MB/69MB, paused 944us total 39.910ms
08-04 14:50:03.631 11969 12201 I art     : Starting a blocking GC Explicit
08-04 14:50:03.665 11969 12201 I art     : Explicit concurrent mark sweep GC freed 20(704B) AllocSpace objects, 0(0B) LOS objects, 22% free, 53MB/69MB, paused 778us total 33.319ms
08-04 14:50:03.677 11969 12201 I art     : Starting a blocking GC Explicit
08-04 14:50:03.710 11969 12201 I art     : Explicit concurrent mark sweep GC freed 3(96B) AllocSpace objects, 0(0B) LOS objects, 22% free, 53MB/69MB, paused 735us total 32.764ms
08-04 14:50:03.722 11969 12201 I art     : Starting a blocking GC Explicit
08-04 14:50:03.757 11969 12201 I art     : Explicit concurrent mark sweep GC freed 3(96B) AllocSpace objects, 0(0B) LOS objects, 22% free, 53MB/69MB, paused 897us total 34.929ms
08-04 14:50:03.770 11969 12201 I art     : Starting a blocking GC Explicit
08-04 14:50:03.798   518   646 I ThermalEngine: ACTION: GPU - Setting GPU[0] to 510000000
08-04 14:50:03.804 11969 12201 I art     : Explicit concurrent mark sweep GC freed 3(96B) AllocSpace objects, 0(0B) LOS objects, 22% free, 53MB/69MB, paused 771us total 33.602ms
08-04 14:50:04.129 11969 12449 I art     : Starting a blocking GC Explicit
08-04 14:50:04.161 11969 12449 I art     : Explicit concurrent mark sweep GC freed 1344(78KB) AllocSpace objects, 1(20KB) LOS objects, 22% free, 53MB/69MB, paused 765us total 32.077ms
08-04 14:50:04.173 11969 12449 I art     : Starting a blocking GC Explicit
08-04 14:50:04.198 11969 12449 I art     : Explicit concurrent mark sweep GC freed 20(704B) AllocSpace objects, 0(0B) LOS objects, 22% free, 53MB/69MB, paused 533us total 25.437ms
08-04 14:50:04.207 11969 12449 I art     : Starting a blocking GC Explicit
08-04 14:50:04.233 11969 12449 I art     : Explicit concurrent mark sweep GC freed 3(96B) AllocSpace objects, 0(0B) LOS objects, 22% free, 53MB/69MB, paused 547us total 24.901ms
08-04 14:50:04.242 11969 12449 I art     : Starting a blocking GC Explicit
08-04 14:50:04.268 11969 12449 I art     : Explicit concurrent mark sweep GC freed 3(96B) AllocSpace objects, 0(0B) LOS objects, 22% free, 53MB/69MB, paused 563us total 26.020ms
08-04 14:50:04.278 11969 12449 I art     : Starting a blocking GC Explicit
08-04 14:50:04.304 11969 12449 I art     : Explicit concurrent mark sweep GC freed 3(96B) AllocSpace objects, 0(0B) LOS objects, 22% free, 53MB/69MB, paused 544us total 25.885ms
08-04 14:50:04.582 11969 11983 I art     : Starting a blocking GC Explicit
08-04 14:50:04.608 11969 11983 I art     : Explicit concurrent mark sweep GC freed 1344(78KB) AllocSpace objects, 1(20KB) LOS objects, 22% free, 53MB/69MB, paused 618us total 25.660ms
08-04 14:50:04.617 11969 11983 I art     : Starting a blocking GC Explicit
08-04 14:50:04.643 11969 11983 I art     : Explicit concurrent mark sweep GC freed 20(704B) AllocSpace objects, 0(0B) LOS objects, 22% free, 53MB/69MB, paused 565us total 25.060ms
08-04 14:50:04.652 11969 11983 I art     : Starting a blocking GC Explicit
08-04 14:50:04.675 11969 11983 I art     : Explicit concurrent mark sweep GC freed 3(96B) AllocSpace objects, 0(0B) LOS objects, 22% free, 53MB/69MB, paused 551us total 23.600ms
08-04 14:50:04.684 11969 11983 I art     : Starting a blocking GC Explicit
08-04 14:50:04.708 11969 11983 I art     : Explicit concurrent mark sweep GC freed 3(96B) AllocSpace objects, 0(0B) LOS objects, 22% free, 53MB/69MB, paused 588us total 23.634ms
08-04 14:50:04.717 11969 11983 I art     : Starting a blocking GC Explicit
08-04 14:50:04.741 11969 11983 I art     : Explicit concurrent mark sweep GC freed 3(96B) AllocSpace objects, 0(0B) LOS objects, 22% free, 53MB/69MB, paused 545us total 23.639ms
08-04 14:50:04.771 15969 15969 D AndroidRuntime: >>>>>> START com.android.internal.os.RuntimeInit uid 2000 <<<<<<
08-04 14:50:04.776 15969 15969 D AndroidRuntime: CheckJNI is OFF
08-04 14:50:04.808 15969 15969 D ICU     : No timezone override file found: /data/misc/zoneinfo/current/icu/icu_tzdata.dat
08-04 14:50:04.841 15969 15969 I Radio-JNI: register_android_hardware_Radio DONE
08-04 14:50:04.863 15969 15969 D AndroidRuntime: Calling main entry com.android.commands.input.Input
08-04 14:50:04.864 15969 15969 I Input   : injectKeyEvent: KeyEvent { action=ACTION_DOWN, keyCode=KEYCODE_BACK, scanCode=0, metaState=0, flags=0x0, repeatCount=0, eventTime=715821277, downTime=715821277, deviceId=-1, source=0x101 }
08-04 14:50:04.870 15969 15969 I Input   : injectKeyEvent: KeyEvent { action=ACTION_UP, keyCode=KEYCODE_BACK, scanCode=0, metaState=0, flags=0x0, repeatCount=0, eventTime=715821277, downTime=715821277, deviceId=-1, source=0x101 }
08-04 14:50:04.876 15969 15969 D AndroidRuntime: Shutting down VM
08-04 14:50:04.917 13866 13866 I GoogleInputMethodServic: GoogleInputMethodService.onFinishInput():3138 
08-04 14:50:04.918 13866 13866 I GoogleInputMethodServic: GoogleInputMethodService.onStartInput():1808 
08-04 14:50:04.995 11969 12449 I art     : Starting a blocking GC Explicit
08-04 14:50:05.017 11969 12449 I art     : Explicit concurrent mark sweep GC freed 1526(86KB) AllocSpace objects, 1(20KB) LOS objects, 22% free, 53MB/69MB, paused 495us total 21.574ms
08-04 14:50:05.026 11969 12449 I art     : Starting a blocking GC Explicit
08-04 14:50:05.051 11969 12449 I art     : Explicit concurrent mark sweep GC freed 26(944B) AllocSpace objects, 0(0B) LOS objects, 22% free, 53MB/69MB, paused 620us total 24.415ms
08-04 14:50:05.061 11969 12449 I art     : Starting a blocking GC Explicit
08-04 14:50:05.087 11969 12449 I art     : Explicit concurrent mark sweep GC freed 3(96B) AllocSpace objects, 0(0B) LOS objects, 22% free, 53MB/69MB, paused 677us total 25.895ms
08-04 14:50:05.096 11969 12449 I art     : Starting a blocking GC Explicit
08-04 14:50:05.120 11969 12449 I art     : Explicit concurrent mark sweep GC freed 3(96B) AllocSpace objects, 0(0B) LOS objects, 22% free, 53MB/69MB, paused 606us total 24.144ms
08-04 14:50:05.129 11969 12449 I art     : Starting a blocking GC Explicit
08-04 14:50:05.156 11969 12449 I art     : Explicit concurrent mark sweep GC freed 3(96B) AllocSpace objects, 0(0B) LOS objects, 22% free, 53MB/69MB, paused 581us total 27.186ms
08-04 14:50:05.229   380   380 W SurfaceFlinger: couldn't log to binary event log: overflow.
08-04 14:50:05.430 11969 12449 I art     : Starting a blocking GC Explicit
08-04 14:50:05.462 11969 12449 I art     : Explicit concurrent mark sweep GC freed 1453(86KB) AllocSpace objects, 1(20KB) LOS objects, 22% free, 53MB/69MB, paused 574us total 31.446ms
08-04 14:50:05.476 11969 12449 I art     : Starting a blocking GC Explicit
08-04 14:50:05.506 11969 12449 I art     : Explicit concurrent mark sweep GC freed 1671(107KB) AllocSpace objects, 3(184KB) LOS objects, 22% free, 53MB/69MB, paused 551us total 29.808ms
08-04 14:50:05.516 11969 12449 I art     : Starting a blocking GC Explicit
08-04 14:50:05.541 11969 12449 I art     : Explicit concurrent mark sweep GC freed 3(96B) AllocSpace objects, 0(0B) LOS objects, 22% free, 53MB/69MB, paused 545us total 25.281ms
08-04 14:50:05.550 11969 12449 I art     : Starting a blocking GC Explicit
08-04 14:50:05.575 11969 12449 I art     : Explicit concurrent mark sweep GC freed 3(96B) AllocSpace objects, 0(0B) LOS objects, 22% free, 53MB/69MB, paused 545us total 24.530ms
08-04 14:50:05.584 11969 12449 I art     : Starting a blocking GC Explicit
08-04 14:50:05.609 11969 12449 I art     : Explicit concurrent mark sweep GC freed 3(96B) AllocSpace objects, 0(0B) LOS objects, 22% free, 53MB/69MB, paused 551us total 24.593ms
08-04 14:50:05.891 11969 14060 I art     : Starting a blocking GC Explicit
08-04 14:50:05.922 11969 14060 I art     : Explicit concurrent mark sweep GC freed 1344(78KB) AllocSpace objects, 1(20KB) LOS objects, 22% free, 53MB/69MB, paused 597us total 31.050ms
08-04 14:50:05.936 11969 14060 I art     : Starting a blocking GC Explicit
08-04 14:50:05.961 11969 14060 I art     : Explicit concurrent mark sweep GC freed 20(704B) AllocSpace objects, 0(0B) LOS objects, 22% free, 53MB/69MB, paused 558us total 24.474ms
08-04 14:50:05.970 11969 14060 I art     : Starting a blocking GC Explicit
08-04 14:50:05.995 11969 14060 I art     : Explicit concurrent mark sweep GC freed 3(96B) AllocSpace objects, 0(0B) LOS objects, 22% free, 53MB/69MB, paused 545us total 24.531ms
08-04 14:50:06.004 11969 14060 I art     : Starting a blocking GC Explicit
08-04 14:50:06.030 11969 14060 I art     : Explicit concurrent mark sweep GC freed 3(96B) AllocSpace objects, 0(0B) LOS objects, 22% free, 53MB/69MB, paused 566us total 24.995ms
08-04 14:50:06.039 11969 14060 I art     : Starting a blocking GC Explicit
08-04 14:50:06.063 11969 14060 I art     : Explicit concurrent mark sweep GC freed 3(96B) AllocSpace objects, 0(0B) LOS objects, 22% free, 53MB/69MB, paused 557us total 24.220ms
08-04 14:50:06.329 11969 11982 I art     : Starting a blocking GC Explicit
08-04 14:50:06.354 11969 11982 I art     : Explicit concurrent mark sweep GC freed 1344(78KB) AllocSpace objects, 1(20KB) LOS objects, 22% free, 53MB/69MB, paused 560us total 24.765ms
08-04 14:50:06.364 11969 11982 I art     : Starting a blocking GC Explicit
08-04 14:50:06.388 11969 11982 I art     : Explicit concurrent mark sweep GC freed 20(704B) AllocSpace objects, 0(0B) LOS objects, 22% free, 53MB/69MB, paused 628us total 24.307ms
08-04 14:50:06.398 11969 11982 I art     : Starting a blocking GC Explicit
08-04 14:50:06.422 11969 11982 I art     : Explicit concurrent mark sweep GC freed 3(96B) AllocSpace objects, 0(0B) LOS objects, 22% free, 53MB/69MB, paused 556us total 23.500ms
08-04 14:50:06.430 11969 11982 I art     : Starting a blocking GC Explicit
08-04 14:50:06.454 11969 11982 I art     : Explicit concurrent mark sweep GC freed 3(96B) AllocSpace objects, 0(0B) LOS objects, 22% free, 53MB/69MB, paused 548us total 23.093ms
08-04 14:50:06.463 11969 11982 I art     : Starting a blocking GC Explicit
08-04 14:50:06.486 11969 11982 I art     : Explicit concurrent mark sweep GC freed 3(96B) AllocSpace objects, 0(0B) LOS objects, 22% free, 53MB/69MB, paused 557us total 23.027ms
08-04 14:50:06.539 16023 16023 D AndroidRuntime: >>>>>> START com.android.internal.os.RuntimeInit uid 2000 <<<<<<
08-04 14:50:06.544 16023 16023 D AndroidRuntime: CheckJNI is OFF
08-04 14:50:06.578 16023 16023 D ICU     : No timezone override file found: /data/misc/zoneinfo/current/icu/icu_tzdata.dat
08-04 14:50:06.617 16023 16023 I Radio-JNI: register_android_hardware_Radio DONE
08-04 14:50:06.640 16023 16023 D AndroidRuntime: Calling main entry com.android.commands.input.Input
08-04 14:50:06.642 16023 16023 I Input   : injectKeyEvent: KeyEvent { action=ACTION_DOWN, keyCode=KEYCODE_BACK, scanCode=0, metaState=0, flags=0x0, repeatCount=0, eventTime=715823055, downTime=715823055, deviceId=-1, source=0x101 }
08-04 14:50:06.648 16023 16023 I Input   : injectKeyEvent: KeyEvent { action=ACTION_UP, keyCode=KEYCODE_BACK, scanCode=0, metaState=0, flags=0x0, repeatCount=0, eventTime=715823055, downTime=715823055, deviceId=-1, source=0x101 }
08-04 14:50:06.655 16023 16023 D AndroidRuntime: Shutting down VM
08-04 14:50:06.697 13866 13866 I GoogleInputMethodServic: GoogleInputMethodService.onFinishInput():3138 
08-04 14:50:06.700 13866 13866 I GoogleInputMethodServic: GoogleInputMethodService.onStartInput():1808 
08-04 14:50:06.763 11969 14060 I art     : Starting a blocking GC Explicit
08-04 14:50:06.785 11969 14060 I art     : Explicit concurrent mark sweep GC freed 1574(88KB) AllocSpace objects, 1(20KB) LOS objects, 22% free, 53MB/69MB, paused 517us total 21.612ms
08-04 14:50:06.794 11969 14060 I art     : Starting a blocking GC Explicit
08-04 14:50:06.816 11969 14060 I art     : Explicit concurrent mark sweep GC freed 40(1376B) AllocSpace objects, 0(0B) LOS objects, 22% free, 53MB/69MB, paused 465us total 21.952ms
08-04 14:50:06.826 11969 14060 I art     : Starting a blocking GC Explicit
08-04 14:50:06.849 11969 14060 I art     : Explicit concurrent mark sweep GC freed 3(96B) AllocSpace objects, 0(0B) LOS objects, 22% free, 53MB/69MB, paused 472us total 22.458ms
08-04 14:50:06.859 11969 14060 I art     : Starting a blocking GC Explicit
08-04 14:50:06.882 11969 14060 I art     : Explicit concurrent mark sweep GC freed 3(96B) AllocSpace objects, 0(0B) LOS objects, 22% free, 53MB/69MB, paused 471us total 22.993ms
08-04 14:50:06.892 11969 14060 I art     : Starting a blocking GC Explicit
08-04 14:50:06.915 11969 14060 I art     : Explicit concurrent mark sweep GC freed 3(96B) AllocSpace objects, 0(0B) LOS objects, 22% free, 53MB/69MB, paused 466us total 22.222ms
08-04 14:50:07.172 11969 11982 I art     : Starting a blocking GC Explicit
08-04 14:50:07.198 11969 11982 I art     : Explicit concurrent mark sweep GC freed 2977(154KB) AllocSpace objects, 1(20KB) LOS objects, 22% free, 53MB/69MB, paused 549us total 25.701ms
08-04 14:50:07.207 11969 11982 I art     : Starting a blocking GC Explicit
08-04 14:50:07.231 11969 11982 I art     : Explicit concurrent mark sweep GC freed 2858(180KB) AllocSpace objects, 2(140KB) LOS objects, 23% free, 53MB/69MB, paused 545us total 23.699ms
08-04 14:50:07.240 11969 11982 I art     : Starting a blocking GC Explicit
08-04 14:50:07.264 11969 11982 I art     : Explicit concurrent mark sweep GC freed 3(96B) AllocSpace objects, 0(0B) LOS objects, 23% free, 53MB/69MB, paused 522us total 23.044ms
08-04 14:50:07.272 11969 11982 I art     : Starting a blocking GC Explicit
08-04 14:50:07.296 11969 11982 I art     : Explicit concurrent mark sweep GC freed 3(96B) AllocSpace objects, 0(0B) LOS objects, 23% free, 53MB/69MB, paused 523us total 23.311ms
08-04 14:50:07.305 11969 11982 I art     : Starting a blocking GC Explicit
08-04 14:50:07.329 11969 11982 I art     : Explicit concurrent mark sweep GC freed 3(96B) AllocSpace objects, 0(0B) LOS objects, 23% free, 53MB/69MB, paused 534us total 23.441ms
08-04 14:50:07.624 11969 12449 I art     : Starting a blocking GC Explicit
08-04 14:50:07.653 11969 12449 I art     : Explicit concurrent mark sweep GC freed 1344(78KB) AllocSpace objects, 1(20KB) LOS objects, 23% free, 53MB/69MB, paused 583us total 28.999ms
08-04 14:50:07.667 11969 12449 I art     : Starting a blocking GC Explicit
08-04 14:50:07.690 11969 12449 I art     : Explicit concurrent mark sweep GC freed 20(704B) AllocSpace objects, 0(0B) LOS objects, 23% free, 53MB/69MB, paused 535us total 23.249ms
08-04 14:50:07.699 11969 12449 I art     : Starting a blocking GC Explicit
08-04 14:50:07.722 11969 12449 I art     : Explicit concurrent mark sweep GC freed 3(96B) AllocSpace objects, 0(0B) LOS objects, 23% free, 53MB/69MB, paused 542us total 22.568ms
08-04 14:50:07.731 11969 12449 I art     : Starting a blocking GC Explicit
08-04 14:50:07.755 11969 12449 I art     : Explicit concurrent mark sweep GC freed 3(96B) AllocSpace objects, 0(0B) LOS objects, 23% free, 53MB/69MB, paused 533us total 23.332ms
08-04 14:50:07.764 11969 12449 I art     : Starting a blocking GC Explicit
08-04 14:50:07.787 11969 12449 I art     : Explicit concurrent mark sweep GC freed 3(96B) AllocSpace objects, 0(0B) LOS objects, 23% free, 53MB/69MB, paused 620us total 22.938ms
08-04 14:50:08.049 11969 11983 I art     : Starting a blocking GC Explicit
08-04 14:50:08.073 11969 11983 I art     : Explicit concurrent mark sweep GC freed 1341(78KB) AllocSpace objects, 1(20KB) LOS objects, 23% free, 53MB/69MB, paused 582us total 23.250ms
08-04 14:50:08.081 11969 11983 I art     : Starting a blocking GC Explicit
08-04 14:50:08.104 11969 11983 I art     : Explicit concurrent mark sweep GC freed 20(704B) AllocSpace objects, 0(0B) LOS objects, 23% free, 53MB/69MB, paused 564us total 22.027ms
08-04 14:50:08.113 11969 11983 I art     : Starting a blocking GC Explicit
08-04 14:50:08.135 11969 11983 I art     : Explicit concurrent mark sweep GC freed 3(96B) AllocSpace objects, 0(0B) LOS objects, 23% free, 53MB/69MB, paused 549us total 22.177ms
08-04 14:50:08.144 11969 11983 I art     : Starting a blocking GC Explicit
08-04 14:50:08.165 11969 11983 I art     : Explicit concurrent mark sweep GC freed 3(96B) AllocSpace objects, 0(0B) LOS objects, 23% free, 53MB/69MB, paused 573us total 21.615ms
08-04 14:50:08.174 11969 11983 I art     : Starting a blocking GC Explicit
08-04 14:50:08.197 11969 11983 I art     : Explicit concurrent mark sweep GC freed 3(96B) AllocSpace objects, 0(0B) LOS objects, 23% free, 53MB/69MB, paused 553us total 22.285ms
08-04 14:50:08.323 16078 16078 D AndroidRuntime: >>>>>> START com.android.internal.os.RuntimeInit uid 2000 <<<<<<
08-04 14:50:08.333 16078 16078 D AndroidRuntime: CheckJNI is OFF
08-04 14:50:08.366 16078 16078 D ICU     : No timezone override file found: /data/misc/zoneinfo/current/icu/icu_tzdata.dat
08-04 14:50:08.399 16078 16078 I Radio-JNI: register_android_hardware_Radio DONE
08-04 14:50:08.421 16078 16078 D AndroidRuntime: Calling main entry com.android.commands.input.Input
08-04 14:50:08.423 16078 16078 I Input   : injectMotionEvent: MotionEvent { action=ACTION_DOWN, actionButton=0, id[0]=0, x[0]=1084.0, y[0]=2213.0, toolType[0]=TOOL_TYPE_UNKNOWN, buttonState=0, metaState=0, flags=0x0, edgeFlags=0x0, pointerCount=1, historySize=0, eventTime=715824835, downTime=715824835, deviceId=0, source=0x1002 }
08-04 14:50:08.428 16078 16078 I Input   : injectMotionEvent: MotionEvent { action=ACTION_UP, actionButton=0, id[0]=0, x[0]=1084.0, y[0]=2213.0, toolType[0]=TOOL_TYPE_UNKNOWN, buttonState=0, metaState=0, flags=0x0, edgeFlags=0x0, pointerCount=1, historySize=0, eventTime=715824835, downTime=715824835, deviceId=0, source=0x1002 }
08-04 14:50:08.429   918  3961 I ActivityManager: START u0 {cmp=baseline.appteam.nith.hillffair/.activities.EventActivity} from uid 10651 on display 0
08-04 14:50:08.436 16078 16078 D AndroidRuntime: Shutting down VM
08-04 14:50:08.497 11969 12449 I art     : Starting a blocking GC Explicit
08-04 14:50:08.503 11969 11969 I NAPPA_EXPERIMENTATION: MetricNetworkRequestExecutionTime: REQUEST_DURATION_SYSTEM='38',REQUEST_DURATION_OKHTTP='31',REQUEST_SYNCHRONOUS='FALSE',RESPONSE_CODE='200',RESPONSE_METHOD='GET',RESPONSE_LENGTH_OKHTTP='1870',RESPONSE_LENGTH_HEADER='-2',REQUEST_PROTOCOL='http/1.1',REQUEST_URL='https://api-hillfair-2k16.herokuapp.com/api/app/club',
08-04 14:50:08.504 13866 13866 I GoogleInputMethodServic: GoogleInputMethodService.onFinishInput():3138 
08-04 14:50:08.504 13866 13866 I GoogleInputMethodServic: GoogleInputMethodService.onStartInput():1808 
08-04 14:50:08.519 11969 12449 I art     : Explicit concurrent mark sweep GC freed 6974(473KB) AllocSpace objects, 1(20KB) LOS objects, 23% free, 53MB/69MB, paused 697us total 22.078ms
08-04 14:50:08.528 11969 12449 I art     : Starting a blocking GC Explicit
08-04 14:50:08.549 11969 12449 I art     : Explicit concurrent mark sweep GC freed 656(26KB) AllocSpace objects, 0(0B) LOS objects, 23% free, 53MB/69MB, paused 683us total 21.433ms
08-04 14:50:08.556   918   936 I ActivityManager: Displayed baseline.appteam.nith.hillffair/.activities.EventActivity: +118ms
08-04 14:50:08.559 11969 12449 I art     : Starting a blocking GC Explicit
08-04 14:50:08.585 11969 12449 I art     : Explicit concurrent mark sweep GC freed 232(8KB) AllocSpace objects, 0(0B) LOS objects, 23% free, 53MB/69MB, paused 1.522ms total 25.599ms
08-04 14:50:08.593 11969 12449 I art     : Starting a blocking GC Explicit
08-04 14:50:08.613 11969 12449 I art     : Explicit concurrent mark sweep GC freed 3(96B) AllocSpace objects, 0(0B) LOS objects, 23% free, 53MB/69MB, paused 504us total 19.767ms
08-04 14:50:08.622 11969 12449 I art     : Starting a blocking GC Explicit
08-04 14:50:08.644 11969 12449 I art     : Explicit concurrent mark sweep GC freed 3(96B) AllocSpace objects, 0(0B) LOS objects, 23% free, 53MB/69MB, paused 516us total 22.142ms
08-04 14:50:08.801   380   380 W SurfaceFlinger: couldn't log to binary event log: overflow.
08-04 14:50:08.905 11969 11982 I art     : Starting a blocking GC Explicit
08-04 14:50:08.929 11969 11982 I art     : Explicit concurrent mark sweep GC freed 1412(82KB) AllocSpace objects, 1(20KB) LOS objects, 23% free, 53MB/69MB, paused 634us total 24.561ms
08-04 14:50:08.939 11969 11982 I art     : Starting a blocking GC Explicit
08-04 14:50:08.962 11969 11982 I art     : Explicit concurrent mark sweep GC freed 21(736B) AllocSpace objects, 0(0B) LOS objects, 23% free, 53MB/69MB, paused 525us total 22.781ms
08-04 14:50:08.971 11969 11982 I art     : Starting a blocking GC Explicit
08-04 14:50:08.994 11969 11982 I art     : Explicit concurrent mark sweep GC freed 3(96B) AllocSpace objects, 0(0B) LOS objects, 23% free, 53MB/69MB, paused 537us total 23.294ms
08-04 14:50:09.003 11969 11982 I art     : Starting a blocking GC Explicit
08-04 14:50:09.027 11969 11982 I art     : Explicit concurrent mark sweep GC freed 3(96B) AllocSpace objects, 0(0B) LOS objects, 23% free, 53MB/69MB, paused 644us total 24.098ms
08-04 14:50:09.036 11969 11982 I art     : Starting a blocking GC Explicit
08-04 14:50:09.061 11969 11982 I art     : Explicit concurrent mark sweep GC freed 3(96B) AllocSpace objects, 0(0B) LOS objects, 23% free, 53MB/69MB, paused 628us total 24.324ms
08-04 14:50:09.356 11969 11983 I art     : Starting a blocking GC Explicit
08-04 14:50:09.388 11969 11983 I art     : Explicit concurrent mark sweep GC freed 1344(78KB) AllocSpace objects, 1(20KB) LOS objects, 23% free, 53MB/69MB, paused 1.076ms total 31.923ms
08-04 14:50:09.401 11969 11983 I art     : Starting a blocking GC Explicit
08-04 14:50:09.426 11969 11983 I art     : Explicit concurrent mark sweep GC freed 20(704B) AllocSpace objects, 0(0B) LOS objects, 23% free, 53MB/69MB, paused 559us total 24.015ms
08-04 14:50:09.435 11969 11983 I art     : Starting a blocking GC Explicit
08-04 14:50:09.459 11969 11983 I art     : Explicit concurrent mark sweep GC freed 3(96B) AllocSpace objects, 0(0B) LOS objects, 23% free, 53MB/69MB, paused 556us total 23.610ms
08-04 14:50:09.468 11969 11983 I art     : Starting a blocking GC Explicit
08-04 14:50:09.492 11969 11983 I art     : Explicit concurrent mark sweep GC freed 3(96B) AllocSpace objects, 0(0B) LOS objects, 23% free, 53MB/69MB, paused 548us total 24.203ms
08-04 14:50:09.502 11969 11983 I art     : Starting a blocking GC Explicit
08-04 14:50:09.527 11969 11983 I art     : Explicit concurrent mark sweep GC freed 3(96B) AllocSpace objects, 0(0B) LOS objects, 23% free, 53MB/69MB, paused 704us total 25.219ms
08-04 14:50:09.809   518   646 I ThermalEngine: ACTION: GPU - Setting GPU[0] to 450000000
08-04 14:50:09.835 11969 12201 I art     : Starting a blocking GC Explicit
08-04 14:50:09.872 11969 12201 I art     : Explicit concurrent mark sweep GC freed 1344(78KB) AllocSpace objects, 1(20KB) LOS objects, 23% free, 53MB/69MB, paused 780us total 36.176ms
08-04 14:50:09.885 11969 12201 I art     : Starting a blocking GC Explicit
08-04 14:50:09.916 11969 12201 I art     : Explicit concurrent mark sweep GC freed 20(704B) AllocSpace objects, 0(0B) LOS objects, 23% free, 53MB/69MB, paused 721us total 30.092ms
08-04 14:50:09.927 11969 12201 I art     : Starting a blocking GC Explicit
08-04 14:50:09.958 11969 12201 I art     : Explicit concurrent mark sweep GC freed 3(96B) AllocSpace objects, 0(0B) LOS objects, 23% free, 53MB/69MB, paused 760us total 29.976ms
08-04 14:50:09.969 11969 12201 I art     : Starting a blocking GC Explicit
08-04 14:50:10.000 11969 12201 I art     : Explicit concurrent mark sweep GC freed 3(96B) AllocSpace objects, 0(0B) LOS objects, 23% free, 53MB/69MB, paused 748us total 30.393ms
08-04 14:50:10.012 11969 12201 I art     : Starting a blocking GC Explicit
08-04 14:50:10.042 11969 12201 I art     : Explicit concurrent mark sweep GC freed 3(96B) AllocSpace objects, 0(0B) LOS objects, 23% free, 53MB/69MB, paused 750us total 30.315ms
08-04 14:50:10.376 11969 14060 I art     : Starting a blocking GC Explicit
08-04 14:50:10.418 11969 14060 I art     : Explicit concurrent mark sweep GC freed 1344(78KB) AllocSpace objects, 1(20KB) LOS objects, 23% free, 53MB/69MB, paused 879us total 41.408ms
08-04 14:50:10.433 11969 14060 I art     : Starting a blocking GC Explicit
08-04 14:50:10.465 11969 14060 I art     : Explicit concurrent mark sweep GC freed 20(704B) AllocSpace objects, 0(0B) LOS objects, 23% free, 53MB/69MB, paused 742us total 31.502ms
08-04 14:50:10.477 11969 14060 I art     : Starting a blocking GC Explicit
08-04 14:50:10.510 11969 14060 I art     : Explicit concurrent mark sweep GC freed 3(96B) AllocSpace objects, 0(0B) LOS objects, 23% free, 53MB/69MB, paused 758us total 32.749ms
08-04 14:50:10.522 11969 14060 I art     : Starting a blocking GC Explicit
08-04 14:50:10.555 11969 14060 I art     : Explicit concurrent mark sweep GC freed 3(96B) AllocSpace objects, 0(0B) LOS objects, 23% free, 53MB/69MB, paused 773us total 32.664ms
08-04 14:50:10.567 11969 14060 I art     : Starting a blocking GC Explicit
08-04 14:50:10.599 11969 14060 I art     : Explicit concurrent mark sweep GC freed 3(96B) AllocSpace objects, 0(0B) LOS objects, 23% free, 53MB/69MB, paused 765us total 32.267ms
08-04 14:50:10.929 11969 12449 I art     : Starting a blocking GC Explicit
08-04 14:50:10.966 11969 12449 I art     : Explicit concurrent mark sweep GC freed 1344(78KB) AllocSpace objects, 1(20KB) LOS objects, 23% free, 53MB/69MB, paused 770us total 36.255ms
08-04 14:50:10.980 11969 12449 I art     : Starting a blocking GC Explicit
08-04 14:50:11.014 11969 12449 I art     : Explicit concurrent mark sweep GC freed 20(704B) AllocSpace objects, 0(0B) LOS objects, 23% free, 53MB/69MB, paused 736us total 33.260ms
08-04 14:50:11.026 11969 12449 I art     : Starting a blocking GC Explicit
08-04 14:50:11.057 11969 12449 I art     : Explicit concurrent mark sweep GC freed 3(96B) AllocSpace objects, 0(0B) LOS objects, 23% free, 53MB/69MB, paused 831us total 31.016ms
08-04 14:50:11.069 11969 12449 I art     : Starting a blocking GC Explicit
08-04 14:50:11.078  8510  8510 I ServiceManager: Waiting for service AtCmdFwd...
08-04 14:50:11.102 11969 12449 I art     : Explicit concurrent mark sweep GC freed 3(96B) AllocSpace objects, 0(0B) LOS objects, 23% free, 53MB/69MB, paused 745us total 33.012ms
08-04 14:50:11.114 11969 12449 I art     : Starting a blocking GC Explicit
08-04 14:50:11.147 11969 12449 I art     : Explicit concurrent mark sweep GC freed 3(96B) AllocSpace objects, 0(0B) LOS objects, 23% free, 53MB/69MB, paused 849us total 32.925ms
08-04 14:50:11.467 11969 11982 I art     : Starting a blocking GC Explicit
08-04 14:50:11.510 11969 11982 I art     : Explicit concurrent mark sweep GC freed 1344(78KB) AllocSpace objects, 1(20KB) LOS objects, 23% free, 53MB/69MB, paused 866us total 42.239ms
08-04 14:50:11.527 11969 11982 I art     : Starting a blocking GC Explicit
08-04 14:50:11.563 11969 11982 I art     : Explicit concurrent mark sweep GC freed 20(704B) AllocSpace objects, 0(0B) LOS objects, 23% free, 53MB/69MB, paused 767us total 35.545ms
08-04 14:50:11.576 11969 11982 I art     : Starting a blocking GC Explicit
08-04 14:50:11.609 11969 11982 I art     : Explicit concurrent mark sweep GC freed 3(96B) AllocSpace objects, 0(0B) LOS objects, 23% free, 53MB/69MB, paused 753us total 33.074ms
08-04 14:50:11.621 11969 11982 I art     : Starting a blocking GC Explicit
08-04 14:50:11.655 11969 11982 I art     : Explicit concurrent mark sweep GC freed 3(96B) AllocSpace objects, 0(0B) LOS objects, 23% free, 53MB/69MB, paused 753us total 33.102ms
08-04 14:50:11.667 11969 11982 I art     : Starting a blocking GC Explicit
08-04 14:50:11.698 11969 11982 I art     : Explicit concurrent mark sweep GC freed 3(96B) AllocSpace objects, 0(0B) LOS objects, 23% free, 53MB/69MB, paused 773us total 31.319ms
08-04 14:50:11.810   518   646 I ThermalEngine: ACTION: GPU - Setting GPU[0] to 510000000
08-04 14:50:12.010 11969 11983 I art     : Starting a blocking GC Explicit
08-04 14:50:12.045 11969 11983 I art     : Explicit concurrent mark sweep GC freed 1344(78KB) AllocSpace objects, 1(20KB) LOS objects, 23% free, 53MB/69MB, paused 960us total 34.466ms
08-04 14:50:12.058 11969 11983 I art     : Starting a blocking GC Explicit
08-04 14:50:12.079  8510  8510 I ServiceManager: Waiting for service AtCmdFwd...
08-04 14:50:12.082 11969 11983 I art     : Explicit concurrent mark sweep GC freed 20(704B) AllocSpace objects, 0(0B) LOS objects, 23% free, 53MB/69MB, paused 567us total 23.951ms
08-04 14:50:12.091 11969 11983 I art     : Starting a blocking GC Explicit
08-04 14:50:12.115 11969 11983 I art     : Explicit concurrent mark sweep GC freed 3(96B) AllocSpace objects, 0(0B) LOS objects, 23% free, 53MB/69MB, paused 552us total 24.108ms
08-04 14:50:12.125 11969 11983 I art     : Starting a blocking GC Explicit
08-04 14:50:12.149 11969 11983 I art     : Explicit concurrent mark sweep GC freed 3(96B) AllocSpace objects, 0(0B) LOS objects, 23% free, 53MB/69MB, paused 572us total 24.234ms
08-04 14:50:12.158 11969 11983 I art     : Starting a blocking GC Explicit
08-04 14:50:12.182 11969 11983 I art     : Explicit concurrent mark sweep GC freed 3(96B) AllocSpace objects, 0(0B) LOS objects, 23% free, 53MB/69MB, paused 568us total 23.722ms
08-04 14:50:12.515 11969 12201 I art     : Starting a blocking GC Explicit
08-04 14:50:12.551 11969 12201 I art     : Explicit concurrent mark sweep GC freed 1344(78KB) AllocSpace objects, 1(20KB) LOS objects, 23% free, 53MB/69MB, paused 667us total 35.047ms
08-04 14:50:12.560 11969 12201 I art     : Starting a blocking GC Explicit
08-04 14:50:12.584 11969 12201 I art     : Explicit concurrent mark sweep GC freed 20(704B) AllocSpace objects, 0(0B) LOS objects, 23% free, 53MB/69MB, paused 575us total 23.539ms
08-04 14:50:12.593 11969 12201 I art     : Starting a blocking GC Explicit
08-04 14:50:12.617 11969 12201 I art     : Explicit concurrent mark sweep GC freed 3(96B) AllocSpace objects, 0(0B) LOS objects, 23% free, 53MB/69MB, paused 628us total 24.222ms
08-04 14:50:12.626 11969 12201 I art     : Starting a blocking GC Explicit
08-04 14:50:12.650 11969 12201 I art     : Explicit concurrent mark sweep GC freed 3(96B) AllocSpace objects, 0(0B) LOS objects, 23% free, 53MB/69MB, paused 565us total 23.770ms
08-04 14:50:12.659 11969 12201 I art     : Starting a blocking GC Explicit
08-04 14:50:12.683 11969 12201 I art     : Explicit concurrent mark sweep GC freed 3(96B) AllocSpace objects, 0(0B) LOS objects, 23% free, 53MB/69MB, paused 514us total 22.975ms
08-04 14:50:12.975 11969 14060 I art     : Starting a blocking GC Explicit
08-04 14:50:13.005 11969 14060 I art     : Explicit concurrent mark sweep GC freed 1344(78KB) AllocSpace objects, 1(20KB) LOS objects, 23% free, 53MB/69MB, paused 623us total 29.356ms
08-04 14:50:13.017 11969 14060 I art     : Starting a blocking GC Explicit
08-04 14:50:13.041 11969 14060 I art     : Explicit concurrent mark sweep GC freed 20(704B) AllocSpace objects, 0(0B) LOS objects, 23% free, 53MB/69MB, paused 571us total 23.454ms
08-04 14:50:13.050 11969 14060 I art     : Starting a blocking GC Explicit
08-04 14:50:13.073 11969 14060 I art     : Explicit concurrent mark sweep GC freed 3(96B) AllocSpace objects, 0(0B) LOS objects, 23% free, 53MB/69MB, paused 551us total 22.428ms
08-04 14:50:13.080  8510  8510 I ServiceManager: Waiting for service AtCmdFwd...
08-04 14:50:13.082 11969 14060 I art     : Starting a blocking GC Explicit
08-04 14:50:13.104 11969 14060 I art     : Explicit concurrent mark sweep GC freed 3(96B) AllocSpace objects, 0(0B) LOS objects, 23% free, 53MB/69MB, paused 586us total 22.712ms
08-04 14:50:13.110 16195 16195 D AndroidRuntime: >>>>>> START com.android.internal.os.RuntimeInit uid 2000 <<<<<<
08-04 14:50:13.113 11969 14060 I art     : Starting a blocking GC Explicit
08-04 14:50:13.115 16195 16195 D AndroidRuntime: CheckJNI is OFF
08-04 14:50:13.139 11969 14060 I art     : Explicit concurrent mark sweep GC freed 3(96B) AllocSpace objects, 0(0B) LOS objects, 23% free, 53MB/69MB, paused 588us total 25.795ms
08-04 14:50:13.152 16195 16195 D ICU     : No timezone override file found: /data/misc/zoneinfo/current/icu/icu_tzdata.dat
08-04 14:50:13.183 16195 16195 I Radio-JNI: register_android_hardware_Radio DONE
08-04 14:50:13.205 16195 16195 D AndroidRuntime: Calling main entry com.android.commands.input.Input
08-04 14:50:13.207 16195 16195 I Input   : injectMotionEvent: MotionEvent { action=ACTION_DOWN, actionButton=0, id[0]=0, x[0]=255.0, y[0]=1845.0, toolType[0]=TOOL_TYPE_UNKNOWN, buttonState=0, metaState=0, flags=0x0, edgeFlags=0x0, pointerCount=1, historySize=0, eventTime=715829620, downTime=715829620, deviceId=0, source=0x1002 }
08-04 14:50:13.213 16195 16195 I Input   : injectMotionEvent: MotionEvent { action=ACTION_UP, actionButton=0, id[0]=0, x[0]=255.0, y[0]=1845.0, toolType[0]=TOOL_TYPE_UNKNOWN, buttonState=0, metaState=0, flags=0x0, edgeFlags=0x0, pointerCount=1, historySize=0, eventTime=715829620, downTime=715829620, deviceId=0, source=0x1002 }
08-04 14:50:13.214   918  6110 I ActivityManager: START u0 {cmp=baseline.appteam.nith.hillffair/.activities.ClubActivity (has extras)} from uid 10651 on display 0
08-04 14:50:13.220 16195 16195 D AndroidRuntime: Shutting down VM
08-04 14:50:13.309 11969 11969 I NAPPA_EXPERIMENTATION: MetricNetworkRequestExecutionTime: REQUEST_DURATION_SYSTEM='63',REQUEST_DURATION_OKHTTP='29',REQUEST_SYNCHRONOUS='FALSE',RESPONSE_CODE='200',RESPONSE_METHOD='GET',RESPONSE_LENGTH_OKHTTP='1171',RESPONSE_LENGTH_HEADER='-2',REQUEST_PROTOCOL='http/1.1',REQUEST_URL='https://api-hillfair-2k16.herokuapp.com/api/app/club/Technical%20Committee',
08-04 14:50:13.318   918   936 I ActivityManager: Displayed baseline.appteam.nith.hillffair/.activities.ClubActivity: +98ms
08-04 14:50:13.322 13866 13866 I GoogleInputMethodServic: GoogleInputMethodService.onFinishInput():3138 
08-04 14:50:13.323 13866 13866 I GoogleInputMethodServic: GoogleInputMethodService.onStartInput():1808 
08-04 14:50:13.400 11969 11982 I art     : Starting a blocking GC Explicit
08-04 14:50:13.428 11969 11982 I art     : Explicit concurrent mark sweep GC freed 5749(415KB) AllocSpace objects, 1(20KB) LOS objects, 22% free, 53MB/69MB, paused 680us total 28.053ms
08-04 14:50:13.438 11969 11982 I art     : Starting a blocking GC Explicit
08-04 14:50:13.467 11969 11982 I art     : Explicit concurrent mark sweep GC freed 282(12KB) AllocSpace objects, 0(0B) LOS objects, 22% free, 53MB/69MB, paused 532us total 28.707ms
08-04 14:50:13.478 11969 11982 I art     : Starting a blocking GC Explicit
08-04 14:50:13.506 11969 11982 I art     : Explicit concurrent mark sweep GC freed 3(96B) AllocSpace objects, 0(0B) LOS objects, 22% free, 53MB/69MB, paused 571us total 27.477ms
08-04 14:50:13.517 11969 11982 I art     : Starting a blocking GC Explicit
08-04 14:50:13.546 11969 11982 I art     : Explicit concurrent mark sweep GC freed 3(96B) AllocSpace objects, 0(0B) LOS objects, 22% free, 53MB/69MB, paused 585us total 29.099ms
08-04 14:50:13.556   380   380 W SurfaceFlinger: couldn't log to binary event log: overflow.
08-04 14:50:13.556 11969 11982 I art     : Starting a blocking GC Explicit
08-04 14:50:13.580 11969 11982 I art     : Explicit concurrent mark sweep GC freed 3(96B) AllocSpace objects, 0(0B) LOS objects, 22% free, 53MB/69MB, paused 513us total 23.417ms
08-04 14:50:13.867 11969 12201 I art     : Starting a blocking GC Explicit
08-04 14:50:13.897 11969 12201 I art     : Explicit concurrent mark sweep GC freed 1443(83KB) AllocSpace objects, 1(20KB) LOS objects, 22% free, 53MB/69MB, paused 638us total 30.290ms
08-04 14:50:13.910 11969 12201 I art     : Starting a blocking GC Explicit
08-04 14:50:13.936 11969 12201 I art     : Explicit concurrent mark sweep GC freed 36(1264B) AllocSpace objects, 0(0B) LOS objects, 22% free, 53MB/69MB, paused 596us total 25.312ms
08-04 14:50:13.945 11969 12201 I art     : Starting a blocking GC Explicit
08-04 14:50:13.971 11969 12201 I art     : Explicit concurrent mark sweep GC freed 3(96B) AllocSpace objects, 0(0B) LOS objects, 22% free, 53MB/69MB, paused 644us total 25.544ms
08-04 14:50:13.980 11969 12201 I art     : Starting a blocking GC Explicit
08-04 14:50:14.006 11969 12201 I art     : Explicit concurrent mark sweep GC freed 3(96B) AllocSpace objects, 0(0B) LOS objects, 22% free, 53MB/69MB, paused 572us total 25.327ms
08-04 14:50:14.015 11969 12201 I art     : Starting a blocking GC Explicit
08-04 14:50:14.041 11969 12201 I art     : Explicit concurrent mark sweep GC freed 3(96B) AllocSpace objects, 0(0B) LOS objects, 22% free, 53MB/69MB, paused 579us total 25.378ms
08-04 14:50:14.080  8510  8510 I ServiceManager: Waiting for service AtCmdFwd...
08-04 14:50:14.333 11969 12449 I art     : Starting a blocking GC Explicit
08-04 14:50:14.365 11969 12449 I art     : Explicit concurrent mark sweep GC freed 1344(78KB) AllocSpace objects, 1(20KB) LOS objects, 22% free, 53MB/69MB, paused 639us total 31.962ms
08-04 14:50:14.378 11969 12449 I art     : Starting a blocking GC Explicit
08-04 14:50:14.403 11969 12449 I art     : Explicit concurrent mark sweep GC freed 20(704B) AllocSpace objects, 0(0B) LOS objects, 22% free, 53MB/69MB, paused 583us total 24.868ms
08-04 14:50:14.412 11969 12449 I art     : Starting a blocking GC Explicit
08-04 14:50:14.437 11969 12449 I art     : Explicit concurrent mark sweep GC freed 3(96B) AllocSpace objects, 0(0B) LOS objects, 22% free, 53MB/69MB, paused 606us total 24.764ms
08-04 14:50:14.447 11969 12449 I art     : Starting a blocking GC Explicit
08-04 14:50:14.473 11969 12449 I art     : Explicit concurrent mark sweep GC freed 3(96B) AllocSpace objects, 0(0B) LOS objects, 22% free, 53MB/69MB, paused 582us total 25.594ms
08-04 14:50:14.482 11969 12449 I art     : Starting a blocking GC Explicit
08-04 14:50:14.507 11969 12449 I art     : Explicit concurrent mark sweep GC freed 3(96B) AllocSpace objects, 0(0B) LOS objects, 22% free, 53MB/69MB, paused 719us total 24.878ms
08-04 14:50:14.807 11969 11983 I art     : Starting a blocking GC Explicit
08-04 14:50:14.842 11969 11983 I art     : Explicit concurrent mark sweep GC freed 1344(78KB) AllocSpace objects, 1(20KB) LOS objects, 22% free, 53MB/69MB, paused 974us total 35.036ms
08-04 14:50:14.856 11969 11983 I art     : Starting a blocking GC Explicit
08-04 14:50:14.882 11969 11983 I art     : Explicit concurrent mark sweep GC freed 20(704B) AllocSpace objects, 0(0B) LOS objects, 22% free, 53MB/69MB, paused 606us total 25.223ms
08-04 14:50:14.892 11969 11983 I art     : Starting a blocking GC Explicit
08-04 14:50:14.916 11969 11983 I art     : Explicit concurrent mark sweep GC freed 3(96B) AllocSpace objects, 0(0B) LOS objects, 22% free, 53MB/69MB, paused 563us total 24.237ms
08-04 14:50:14.925 11969 11983 I art     : Starting a blocking GC Explicit
08-04 14:50:14.950 11969 11983 I art     : Explicit concurrent mark sweep GC freed 3(96B) AllocSpace objects, 0(0B) LOS objects, 22% free, 53MB/69MB, paused 587us total 24.996ms
08-04 14:50:14.960 11969 11983 I art     : Starting a blocking GC Explicit
08-04 14:50:14.985 11969 11983 I art     : Explicit concurrent mark sweep GC freed 3(96B) AllocSpace objects, 0(0B) LOS objects, 22% free, 53MB/69MB, paused 575us total 25.426ms
08-04 14:50:15.081  8510  8510 I ServiceManager: Waiting for service AtCmdFwd...
08-04 14:50:15.316 11969 11982 I art     : Starting a blocking GC Explicit
08-04 14:50:15.351 11969 11982 I art     : Explicit concurrent mark sweep GC freed 1344(78KB) AllocSpace objects, 1(20KB) LOS objects, 22% free, 53MB/69MB, paused 639us total 34.579ms
08-04 14:50:15.367 11969 11982 I art     : Starting a blocking GC Explicit
08-04 14:50:15.390 11969 11982 I art     : Explicit concurrent mark sweep GC freed 20(704B) AllocSpace objects, 0(0B) LOS objects, 22% free, 53MB/69MB, paused 580us total 23.551ms
08-04 14:50:15.400 11969 11982 I art     : Starting a blocking GC Explicit
08-04 14:50:15.422 11969 11982 I art     : Explicit concurrent mark sweep GC freed 3(96B) AllocSpace objects, 0(0B) LOS objects, 22% free, 53MB/69MB, paused 547us total 22.338ms
08-04 14:50:15.431 11969 11982 I art     : Starting a blocking GC Explicit
08-04 14:50:15.454 11969 11982 I art     : Explicit concurrent mark sweep GC freed 3(96B) AllocSpace objects, 0(0B) LOS objects, 22% free, 53MB/69MB, paused 586us total 23.244ms
08-04 14:50:15.464 11969 11982 I art     : Starting a blocking GC Explicit
08-04 14:50:15.489 11969 11982 I art     : Explicit concurrent mark sweep GC freed 3(96B) AllocSpace objects, 0(0B) LOS objects, 22% free, 53MB/69MB, paused 566us total 24.861ms
08-04 14:50:15.816 11969 14060 I art     : Starting a blocking GC Explicit
08-04 14:50:15.847 11969 14060 I art     : Explicit concurrent mark sweep GC freed 1344(78KB) AllocSpace objects, 1(20KB) LOS objects, 22% free, 53MB/69MB, paused 696us total 31.531ms
08-04 14:50:15.861 11969 14060 I art     : Starting a blocking GC Explicit
08-04 14:50:15.887 11969 14060 I art     : Explicit concurrent mark sweep GC freed 20(704B) AllocSpace objects, 0(0B) LOS objects, 22% free, 53MB/69MB, paused 574us total 25.643ms
08-04 14:50:15.896 11969 14060 I art     : Starting a blocking GC Explicit
08-04 14:50:15.922 11969 14060 I art     : Explicit concurrent mark sweep GC freed 3(96B) AllocSpace objects, 0(0B) LOS objects, 22% free, 53MB/69MB, paused 561us total 25.538ms
08-04 14:50:15.931 11969 14060 I art     : Starting a blocking GC Explicit
08-04 14:50:15.957 11969 14060 I art     : Explicit concurrent mark sweep GC freed 3(96B) AllocSpace objects, 0(0B) LOS objects, 22% free, 53MB/69MB, paused 661us total 25.558ms
08-04 14:50:15.966 11969 14060 I art     : Starting a blocking GC Explicit
08-04 14:50:15.996 11969 14060 I art     : Explicit concurrent mark sweep GC freed 3(96B) AllocSpace objects, 0(0B) LOS objects, 22% free, 53MB/69MB, paused 578us total 28.975ms
08-04 14:50:16.081  8510  8510 W Atfwd_Sendcmd: AtCmdFwd service not published, waiting... retryCnt : 4
08-04 14:50:16.303 11969 12201 I art     : Starting a blocking GC Explicit
08-04 14:50:16.335 11969 12201 I art     : Explicit concurrent mark sweep GC freed 1344(78KB) AllocSpace objects, 1(20KB) LOS objects, 22% free, 53MB/69MB, paused 631us total 31.347ms
08-04 14:50:16.348 11969 12201 I art     : Starting a blocking GC Explicit
08-04 14:50:16.376 11969 12201 I art     : Explicit concurrent mark sweep GC freed 20(704B) AllocSpace objects, 0(0B) LOS objects, 22% free, 53MB/69MB, paused 554us total 27.682ms
08-04 14:50:16.386 11969 12201 I art     : Starting a blocking GC Explicit
08-04 14:50:16.411 11969 12201 I art     : Explicit concurrent mark sweep GC freed 3(96B) AllocSpace objects, 0(0B) LOS objects, 22% free, 53MB/69MB, paused 600us total 25.102ms
08-04 14:50:16.420 11969 12201 I art     : Starting a blocking GC Explicit
08-04 14:50:16.446 11969 12201 I art     : Explicit concurrent mark sweep GC freed 3(96B) AllocSpace objects, 0(0B) LOS objects, 22% free, 53MB/69MB, paused 579us total 25.496ms
08-04 14:50:16.455 11969 12201 I art     : Starting a blocking GC Explicit
08-04 14:50:16.480 11969 12201 I art     : Explicit concurrent mark sweep GC freed 3(96B) AllocSpace objects, 0(0B) LOS objects, 22% free, 53MB/69MB, paused 581us total 24.614ms
08-04 14:50:16.812 11969 12449 I art     : Starting a blocking GC Explicit
08-04 14:50:16.851 11969 12449 I art     : Explicit concurrent mark sweep GC freed 1344(78KB) AllocSpace objects, 1(20KB) LOS objects, 22% free, 53MB/69MB, paused 808us total 38.623ms
08-04 14:50:16.865 11969 12449 I art     : Starting a blocking GC Explicit
08-04 14:50:16.891 11969 12449 I art     : Explicit concurrent mark sweep GC freed 20(704B) AllocSpace objects, 0(0B) LOS objects, 22% free, 53MB/69MB, paused 543us total 25.354ms
08-04 14:50:16.901 11969 12449 I art     : Starting a blocking GC Explicit
08-04 14:50:16.926 11969 12449 I art     : Explicit concurrent mark sweep GC freed 3(96B) AllocSpace objects, 0(0B) LOS objects, 22% free, 53MB/69MB, paused 581us total 24.709ms
08-04 14:50:16.935 11969 12449 I art     : Starting a blocking GC Explicit
08-04 14:50:16.960 11969 12449 I art     : Explicit concurrent mark sweep GC freed 3(96B) AllocSpace objects, 0(0B) LOS objects, 22% free, 53MB/69MB, paused 560us total 24.789ms
08-04 14:50:16.969 11969 12449 I art     : Starting a blocking GC Explicit
08-04 14:50:16.994 11969 12449 I art     : Explicit concurrent mark sweep GC freed 3(96B) AllocSpace objects, 0(0B) LOS objects, 22% free, 53MB/69MB, paused 577us total 24.493ms
08-04 14:50:17.292 11969 11983 I art     : Starting a blocking GC Explicit
08-04 14:50:17.323 11969 11983 I art     : Explicit concurrent mark sweep GC freed 1344(78KB) AllocSpace objects, 1(20KB) LOS objects, 22% free, 53MB/69MB, paused 631us total 30.904ms
08-04 14:50:17.336 11969 11983 I art     : Starting a blocking GC Explicit
08-04 14:50:17.366 11969 11983 I art     : Explicit concurrent mark sweep GC freed 20(704B) AllocSpace objects, 0(0B) LOS objects, 22% free, 53MB/69MB, paused 590us total 28.963ms
08-04 14:50:17.375 11969 11983 I art     : Starting a blocking GC Explicit
08-04 14:50:17.401 11969 11983 I art     : Explicit concurrent mark sweep GC freed 3(96B) AllocSpace objects, 0(0B) LOS objects, 22% free, 53MB/69MB, paused 581us total 25.405ms
08-04 14:50:17.410 11969 11983 I art     : Starting a blocking GC Explicit
08-04 14:50:17.435 11969 11983 I art     : Explicit concurrent mark sweep GC freed 3(96B) AllocSpace objects, 0(0B) LOS objects, 22% free, 53MB/69MB, paused 571us total 24.808ms
08-04 14:50:17.444 11969 11983 I art     : Starting a blocking GC Explicit
08-04 14:50:17.468 11969 11983 I art     : Explicit concurrent mark sweep GC freed 3(96B) AllocSpace objects, 0(0B) LOS objects, 22% free, 53MB/69MB, paused 652us total 23.934ms
08-04 14:50:17.750 11969 11982 I art     : Starting a blocking GC Explicit
08-04 14:50:17.776 11969 11982 I art     : Explicit concurrent mark sweep GC freed 1365(79KB) AllocSpace objects, 1(20KB) LOS objects, 22% free, 53MB/69MB, paused 591us total 25.676ms
08-04 14:50:17.785 11969 11982 I art     : Starting a blocking GC Explicit
08-04 14:50:17.809 11969 11982 I art     : Explicit concurrent mark sweep GC freed 36(1216B) AllocSpace objects, 0(0B) LOS objects, 22% free, 53MB/69MB, paused 569us total 23.890ms
08-04 14:50:17.818 11969 11982 I art     : Starting a blocking GC Explicit
08-04 14:50:17.842 11969 11982 I art     : Explicit concurrent mark sweep GC freed 3(96B) AllocSpace objects, 0(0B) LOS objects, 22% free, 53MB/69MB, paused 544us total 23.542ms
08-04 14:50:17.850 11969 11982 I art     : Starting a blocking GC Explicit
08-04 14:50:17.874 11969 11982 I art     : Explicit concurrent mark sweep GC freed 3(96B) AllocSpace objects, 0(0B) LOS objects, 22% free, 53MB/69MB, paused 629us total 23.419ms
08-04 14:50:17.882 16312 16312 D AndroidRuntime: >>>>>> START com.android.internal.os.RuntimeInit uid 2000 <<<<<<
08-04 14:50:17.883 11969 11982 I art     : Starting a blocking GC Explicit
08-04 14:50:17.887 16312 16312 D AndroidRuntime: CheckJNI is OFF
08-04 14:50:17.907 11969 11982 I art     : Explicit concurrent mark sweep GC freed 3(96B) AllocSpace objects, 0(0B) LOS objects, 22% free, 53MB/69MB, paused 640us total 23.739ms
08-04 14:50:17.925 16312 16312 D ICU     : No timezone override file found: /data/misc/zoneinfo/current/icu/icu_tzdata.dat
08-04 14:50:17.957 16312 16312 I Radio-JNI: register_android_hardware_Radio DONE
08-04 14:50:17.978 16312 16312 D AndroidRuntime: Calling main entry com.android.commands.input.Input
08-04 14:50:17.980 16312 16312 I Input   : injectKeyEvent: KeyEvent { action=ACTION_DOWN, keyCode=KEYCODE_BACK, scanCode=0, metaState=0, flags=0x0, repeatCount=0, eventTime=715834393, downTime=715834393, deviceId=-1, source=0x101 }
08-04 14:50:17.986 16312 16312 I Input   : injectKeyEvent: KeyEvent { action=ACTION_UP, keyCode=KEYCODE_BACK, scanCode=0, metaState=0, flags=0x0, repeatCount=0, eventTime=715834393, downTime=715834393, deviceId=-1, source=0x101 }
08-04 14:50:17.991 16312 16312 D AndroidRuntime: Shutting down VM
08-04 14:50:18.037 13866 13866 I GoogleInputMethodServic: GoogleInputMethodService.onFinishInput():3138 
08-04 14:50:18.038 13866 13866 I GoogleInputMethodServic: GoogleInputMethodService.onStartInput():1808 
08-04 14:50:18.155 11969 11983 I art     : Starting a blocking GC Explicit
08-04 14:50:18.176 11969 11983 I art     : Explicit concurrent mark sweep GC freed 1525(86KB) AllocSpace objects, 1(20KB) LOS objects, 22% free, 53MB/69MB, paused 540us total 20.842ms
08-04 14:50:18.184 11969 11983 I art     : Starting a blocking GC Explicit
08-04 14:50:18.205 11969 11983 I art     : Explicit concurrent mark sweep GC freed 26(944B) AllocSpace objects, 0(0B) LOS objects, 22% free, 53MB/69MB, paused 545us total 20.636ms
08-04 14:50:18.213 11969 11983 I art     : Starting a blocking GC Explicit
08-04 14:50:18.234 11969 11983 I art     : Explicit concurrent mark sweep GC freed 3(96B) AllocSpace objects, 0(0B) LOS objects, 22% free, 53MB/69MB, paused 509us total 20.554ms
08-04 14:50:18.242 11969 11983 I art     : Starting a blocking GC Explicit
08-04 14:50:18.262 11969 11983 I art     : Explicit concurrent mark sweep GC freed 3(96B) AllocSpace objects, 0(0B) LOS objects, 22% free, 53MB/69MB, paused 484us total 20.253ms
08-04 14:50:18.271 11969 11983 I art     : Starting a blocking GC Explicit
08-04 14:50:18.293 11969 11983 I art     : Explicit concurrent mark sweep GC freed 3(96B) AllocSpace objects, 0(0B) LOS objects, 22% free, 53MB/69MB, paused 544us total 21.517ms
08-04 14:50:18.344   380   380 W SurfaceFlinger: couldn't log to binary event log: overflow.
08-04 14:50:18.556 11969 11983 I art     : Starting a blocking GC Explicit
08-04 14:50:18.582 11969 11983 I art     : Explicit concurrent mark sweep GC freed 1453(86KB) AllocSpace objects, 1(20KB) LOS objects, 22% free, 53MB/69MB, paused 592us total 25.199ms
08-04 14:50:18.591 11969 11983 I art     : Starting a blocking GC Explicit
08-04 14:50:18.615 11969 11983 I art     : Explicit concurrent mark sweep GC freed 1670(108KB) AllocSpace objects, 3(180KB) LOS objects, 23% free, 53MB/69MB, paused 569us total 24.097ms
08-04 14:50:18.624 11969 11983 I art     : Starting a blocking GC Explicit
08-04 14:50:18.649 11969 11983 I art     : Explicit concurrent mark sweep GC freed 3(96B) AllocSpace objects, 0(0B) LOS objects, 23% free, 53MB/69MB, paused 565us total 24.124ms
08-04 14:50:18.658 11969 11983 I art     : Starting a blocking GC Explicit
08-04 14:50:18.682 11969 11983 I art     : Explicit concurrent mark sweep GC freed 3(96B) AllocSpace objects, 0(0B) LOS objects, 23% free, 53MB/69MB, paused 564us total 23.978ms
08-04 14:50:18.691 11969 11983 I art     : Starting a blocking GC Explicit
08-04 14:50:18.715 11969 11983 I art     : Explicit concurrent mark sweep GC freed 3(96B) AllocSpace objects, 0(0B) LOS objects, 23% free, 53MB/69MB, paused 557us total 23.913ms
08-04 14:50:19.004 11969 14060 I art     : Starting a blocking GC Explicit
08-04 14:50:19.035 11969 14060 I art     : Explicit concurrent mark sweep GC freed 1344(78KB) AllocSpace objects, 1(20KB) LOS objects, 23% free, 53MB/69MB, paused 574us total 30.530ms
08-04 14:50:19.048 11969 14060 I art     : Starting a blocking GC Explicit
08-04 14:50:19.077 11969 14060 I art     : Explicit concurrent mark sweep GC freed 20(704B) AllocSpace objects, 0(0B) LOS objects, 23% free, 53MB/69MB, paused 685us total 28.497ms
08-04 14:50:19.086 11969 14060 I art     : Starting a blocking GC Explicit
08-04 14:50:19.111 11969 14060 I art     : Explicit concurrent mark sweep GC freed 3(96B) AllocSpace objects, 0(0B) LOS objects, 23% free, 53MB/69MB, paused 559us total 24.603ms
08-04 14:50:19.120 11969 14060 I art     : Starting a blocking GC Explicit
08-04 14:50:19.145 11969 14060 I art     : Explicit concurrent mark sweep GC freed 3(96B) AllocSpace objects, 0(0B) LOS objects, 23% free, 53MB/69MB, paused 553us total 24.258ms
08-04 14:50:19.154 11969 14060 I art     : Starting a blocking GC Explicit
08-04 14:50:19.178 11969 14060 I art     : Explicit concurrent mark sweep GC freed 3(96B) AllocSpace objects, 0(0B) LOS objects, 23% free, 53MB/69MB, paused 567us total 24.086ms
08-04 14:50:19.450 11969 11982 I art     : Starting a blocking GC Explicit
08-04 14:50:19.475 11969 11982 I art     : Explicit concurrent mark sweep GC freed 1344(78KB) AllocSpace objects, 1(20KB) LOS objects, 23% free, 53MB/69MB, paused 577us total 24.422ms
08-04 14:50:19.484 11969 11982 I art     : Starting a blocking GC Explicit
08-04 14:50:19.508 11969 11982 I art     : Explicit concurrent mark sweep GC freed 20(704B) AllocSpace objects, 0(0B) LOS objects, 23% free, 53MB/69MB, paused 582us total 23.999ms
08-04 14:50:19.518 11969 11982 I art     : Starting a blocking GC Explicit
08-04 14:50:19.541 11969 11982 I art     : Explicit concurrent mark sweep GC freed 3(96B) AllocSpace objects, 0(0B) LOS objects, 23% free, 53MB/69MB, paused 538us total 22.855ms
08-04 14:50:19.550 11969 11982 I art     : Starting a blocking GC Explicit
08-04 14:50:19.573 11969 11982 I art     : Explicit concurrent mark sweep GC freed 3(96B) AllocSpace objects, 0(0B) LOS objects, 23% free, 53MB/69MB, paused 559us total 22.847ms
08-04 14:50:19.582 11969 11982 I art     : Starting a blocking GC Explicit
08-04 14:50:19.605 11969 11982 I art     : Explicit concurrent mark sweep GC freed 3(96B) AllocSpace objects, 0(0B) LOS objects, 23% free, 53MB/69MB, paused 551us total 22.771ms
08-04 14:50:19.651 16365 16365 D AndroidRuntime: >>>>>> START com.android.internal.os.RuntimeInit uid 2000 <<<<<<
08-04 14:50:19.656 16365 16365 D AndroidRuntime: CheckJNI is OFF
08-04 14:50:19.691 16365 16365 D ICU     : No timezone override file found: /data/misc/zoneinfo/current/icu/icu_tzdata.dat
08-04 14:50:19.725 16365 16365 I Radio-JNI: register_android_hardware_Radio DONE
08-04 14:50:19.748 16365 16365 D AndroidRuntime: Calling main entry com.android.commands.input.Input
08-04 14:50:19.749 16365 16365 I Input   : injectKeyEvent: KeyEvent { action=ACTION_DOWN, keyCode=KEYCODE_BACK, scanCode=0, metaState=0, flags=0x0, repeatCount=0, eventTime=715836162, downTime=715836162, deviceId=-1, source=0x101 }
08-04 14:50:19.756 16365 16365 I Input   : injectKeyEvent: KeyEvent { action=ACTION_UP, keyCode=KEYCODE_BACK, scanCode=0, metaState=0, flags=0x0, repeatCount=0, eventTime=715836162, downTime=715836162, deviceId=-1, source=0x101 }
08-04 14:50:19.764 16365 16365 D AndroidRuntime: Shutting down VM
08-04 14:50:19.804 13866 13866 I GoogleInputMethodServic: GoogleInputMethodService.onFinishInput():3138 
08-04 14:50:19.804 13866 13866 I GoogleInputMethodServic: GoogleInputMethodService.onStartInput():1808 
08-04 14:50:19.869 11969 11982 I art     : Starting a blocking GC Explicit
08-04 14:50:19.889 11969 11982 I art     : Explicit concurrent mark sweep GC freed 1553(87KB) AllocSpace objects, 1(20KB) LOS objects, 23% free, 53MB/69MB, paused 484us total 20.023ms
08-04 14:50:19.897 11969 11982 I art     : Starting a blocking GC Explicit
08-04 14:50:19.925 11969 11982 I art     : Explicit concurrent mark sweep GC freed 24(864B) AllocSpace objects, 0(0B) LOS objects, 23% free, 53MB/69MB, paused 509us total 27.207ms
08-04 14:50:19.934 11969 11982 I art     : Starting a blocking GC Explicit
08-04 14:50:19.961 11969 11982 I art     : Explicit concurrent mark sweep GC freed 3(96B) AllocSpace objects, 0(0B) LOS objects, 23% free, 53MB/69MB, paused 546us total 26.404ms
08-04 14:50:19.972 11969 11982 I art     : Starting a blocking GC Explicit
08-04 14:50:20.000 11969 11982 I art     : Explicit concurrent mark sweep GC freed 3(96B) AllocSpace objects, 0(0B) LOS objects, 23% free, 53MB/69MB, paused 572us total 27.252ms
08-04 14:50:20.012 11969 11982 I art     : Starting a blocking GC Explicit
08-04 14:50:20.040 11969 11982 I art     : Explicit concurrent mark sweep GC freed 3(96B) AllocSpace objects, 0(0B) LOS objects, 23% free, 53MB/69MB, paused 614us total 27.843ms
08-04 14:50:20.295 11969 11982 I art     : Starting a blocking GC Explicit
08-04 14:50:20.321 11969 11982 I art     : Explicit concurrent mark sweep GC freed 2020(110KB) AllocSpace objects, 1(20KB) LOS objects, 23% free, 53MB/69MB, paused 644us total 25.571ms
08-04 14:50:20.330 11969 11982 I art     : Starting a blocking GC Explicit
08-04 14:50:20.353 11969 11982 I art     : Explicit concurrent mark sweep GC freed 2678(174KB) AllocSpace objects, 1(28KB) LOS objects, 23% free, 53MB/69MB, paused 550us total 23.279ms
08-04 14:50:20.362 11969 11982 I art     : Starting a blocking GC Explicit
08-04 14:50:20.386 11969 11982 I art     : Explicit concurrent mark sweep GC freed 3(96B) AllocSpace objects, 0(0B) LOS objects, 23% free, 53MB/69MB, paused 576us total 22.966ms
08-04 14:50:20.395 11969 11982 I art     : Starting a blocking GC Explicit
08-04 14:50:20.418 11969 11982 I art     : Explicit concurrent mark sweep GC freed 3(96B) AllocSpace objects, 0(0B) LOS objects, 23% free, 53MB/69MB, paused 552us total 23.170ms
08-04 14:50:20.427 11969 11982 I art     : Starting a blocking GC Explicit
08-04 14:50:20.451 11969 11982 I art     : Explicit concurrent mark sweep GC freed 3(96B) AllocSpace objects, 0(0B) LOS objects, 23% free, 53MB/69MB, paused 552us total 23.655ms
08-04 14:50:20.732 11969 12201 I art     : Starting a blocking GC Explicit
08-04 14:50:20.767 11969 12201 I art     : Explicit concurrent mark sweep GC freed 1344(78KB) AllocSpace objects, 1(20KB) LOS objects, 23% free, 53MB/69MB, paused 631us total 34.415ms
08-04 14:50:20.780 11969 12201 I art     : Starting a blocking GC Explicit
08-04 14:50:20.803 11969 12201 I art     : Explicit concurrent mark sweep GC freed 20(704B) AllocSpace objects, 0(0B) LOS objects, 23% free, 53MB/69MB, paused 566us total 22.398ms
08-04 14:50:20.812 11969 12201 I art     : Starting a blocking GC Explicit
08-04 14:50:20.834 11969 12201 I art     : Explicit concurrent mark sweep GC freed 3(96B) AllocSpace objects, 0(0B) LOS objects, 23% free, 53MB/69MB, paused 570us total 22.315ms
08-04 14:50:20.843 11969 12201 I art     : Starting a blocking GC Explicit
08-04 14:50:20.867 11969 12201 I art     : Explicit concurrent mark sweep GC freed 3(96B) AllocSpace objects, 0(0B) LOS objects, 23% free, 53MB/69MB, paused 693us total 23.667ms
08-04 14:50:20.877 11969 12201 I art     : Starting a blocking GC Explicit
08-04 14:50:20.900 11969 12201 I art     : Explicit concurrent mark sweep GC freed 3(96B) AllocSpace objects, 0(0B) LOS objects, 23% free, 53MB/69MB, paused 567us total 23.082ms
08-04 14:50:21.168 11969 14060 I art     : Starting a blocking GC Explicit
08-04 14:50:21.191 11969 14060 I art     : Explicit concurrent mark sweep GC freed 1341(78KB) AllocSpace objects, 1(20KB) LOS objects, 23% free, 53MB/69MB, paused 574us total 22.450ms
08-04 14:50:21.200 11969 14060 I art     : Starting a blocking GC Explicit
08-04 14:50:21.222 11969 14060 I art     : Explicit concurrent mark sweep GC freed 20(704B) AllocSpace objects, 0(0B) LOS objects, 23% free, 53MB/69MB, paused 599us total 22.350ms
08-04 14:50:21.231 11969 14060 I art     : Starting a blocking GC Explicit
08-04 14:50:21.252 11969 14060 I art     : Explicit concurrent mark sweep GC freed 3(96B) AllocSpace objects, 0(0B) LOS objects, 23% free, 53MB/69MB, paused 558us total 21.164ms
08-04 14:50:21.261 11969 14060 I art     : Starting a blocking GC Explicit
08-04 14:50:21.283 11969 14060 I art     : Explicit concurrent mark sweep GC freed 3(96B) AllocSpace objects, 0(0B) LOS objects, 23% free, 53MB/69MB, paused 642us total 21.731ms
08-04 14:50:21.292 11969 14060 I art     : Starting a blocking GC Explicit
08-04 14:50:21.314 11969 14060 I art     : Explicit concurrent mark sweep GC freed 3(96B) AllocSpace objects, 0(0B) LOS objects, 23% free, 53MB/69MB, paused 546us total 21.801ms
08-04 14:50:21.499 16427 16427 D AndroidRuntime: >>>>>> START com.android.internal.os.RuntimeInit uid 2000 <<<<<<
08-04 14:50:21.505 16427 16427 D AndroidRuntime: CheckJNI is OFF
08-04 14:50:21.538 16427 16427 D ICU     : No timezone override file found: /data/misc/zoneinfo/current/icu/icu_tzdata.dat
08-04 14:50:21.572 16427 16427 I Radio-JNI: register_android_hardware_Radio DONE
08-04 14:50:21.594 16427 16427 D AndroidRuntime: Calling main entry com.android.commands.am.Am
08-04 14:50:21.599  2375  2375 I Trepn   : Trepn 6.2s: Received intent: com.quicinc.trepn.stop_profiling
08-04 14:50:21.610 11969 11983 I art     : Starting a blocking GC Explicit
08-04 14:50:21.624  2375  2375 I Trepn   : Trepn 6.2s: Trepn has Stopped Profiling.
08-04 14:50:21.632 11969 11983 I art     : Explicit concurrent mark sweep GC freed 1341(78KB) AllocSpace objects, 1(20KB) LOS objects, 23% free, 53MB/69MB, paused 531us total 21.595ms
08-04 14:50:21.641 11969 11983 I art     : Starting a blocking GC Explicit
08-04 14:50:21.662 11969 11983 I art     : Explicit concurrent mark sweep GC freed 20(704B) AllocSpace objects, 0(0B) LOS objects, 23% free, 53MB/69MB, paused 584us total 21.114ms
08-04 14:50:21.671 11969 11983 I art     : Starting a blocking GC Explicit
08-04 14:50:21.693 11969 11983 I art     : Explicit concurrent mark sweep GC freed 3(96B) AllocSpace objects, 0(0B) LOS objects, 23% free, 53MB/69MB, paused 546us total 22.548ms
08-04 14:50:21.702 11969 11983 I art     : Starting a blocking GC Explicit
08-04 14:50:21.725 11969 11983 I art     : Explicit concurrent mark sweep GC freed 3(96B) AllocSpace objects, 0(0B) LOS objects, 23% free, 53MB/69MB, paused 552us total 22.135ms
08-04 14:50:21.734 11969 11983 I art     : Starting a blocking GC Explicit
08-04 14:50:21.735 16427 16427 D AndroidRuntime: Shutting down VM
08-04 14:50:21.739   918  5952 W AppOps  : Finishing op nesting under-run: uid 10078 pkg com.quicinc.trepn code 24 time=0 duration=0 nesting=0
08-04 14:50:21.756 11969 11983 I art     : Explicit concurrent mark sweep GC freed 3(96B) AllocSpace objects, 0(0B) LOS objects, 23% free, 53MB/69MB, paused 610us total 21.760ms
08-04 14:50:22.060 11969 12449 I art     : Starting a blocking GC Explicit
08-04 14:50:22.084 11969 12449 I art     : Explicit concurrent mark sweep GC freed 1341(78KB) AllocSpace objects, 1(20KB) LOS objects, 23% free, 53MB/69MB, paused 521us total 23.784ms
08-04 14:50:22.093 11969 12449 I art     : Starting a blocking GC Explicit
08-04 14:50:22.116 11969 12449 I art     : Explicit concurrent mark sweep GC freed 20(704B) AllocSpace objects, 0(0B) LOS objects, 23% free, 53MB/69MB, paused 506us total 22.448ms
08-04 14:50:22.125 11969 12449 I art     : Starting a blocking GC Explicit
08-04 14:50:22.147 11969 12449 I art     : Explicit concurrent mark sweep GC freed 3(96B) AllocSpace objects, 0(0B) LOS objects, 23% free, 53MB/69MB, paused 610us total 22.060ms
08-04 14:50:22.156 11969 12449 I art     : Starting a blocking GC Explicit
08-04 14:50:22.177 11969 12449 I art     : Explicit concurrent mark sweep GC freed 3(96B) AllocSpace objects, 0(0B) LOS objects, 23% free, 53MB/69MB, paused 583us total 20.890ms
08-04 14:50:22.185 11969 12449 I art     : Starting a blocking GC Explicit
08-04 14:50:22.206 11969 12449 I art     : Explicit concurrent mark sweep GC freed 3(96B) AllocSpace objects, 0(0B) LOS objects, 23% free, 53MB/69MB, paused 521us total 20.674ms
08-04 14:50:23.581   918  3261 D WifiStateMachine: starting scan for "H369AA63323"WPA_PSK with 2412,5180
