--------- beginning of main
08-04 21:20:14.449 18160 18160 D AndroidRuntime: >>>>>> START com.android.internal.os.RuntimeInit uid 2000 <<<<<<
08-04 21:20:14.456 18160 18160 D AndroidRuntime: CheckJNI is OFF
08-04 21:20:14.493 18160 18160 D ICU     : No timezone override file found: /data/misc/zoneinfo/current/icu/icu_tzdata.dat
08-04 21:20:14.528 18160 18160 I Radio-JNI: register_android_hardware_Radio DONE
08-04 21:20:14.545 18160 18160 D AndroidRuntime: Calling main entry com.android.commands.monkey.Monkey
--------- beginning of system
08-04 21:20:14.560   918   931 W BroadcastQueue: Skipping deliver [background] BroadcastRecord{df224fd u-1 android.net.conn.CONNECTIVITY_CHANGE} to ReceiverList{8877443 18160 (unknown name)/2000/u-1 remote:4b634a7}: process crashing
08-04 21:20:14.571   918  3670 I ActivityManager: START u0 {act=android.intent.action.MAIN cat=[android.intent.category.LAUNCHER] flg=0x10200000 cmp=baseline.appteam.nith.hillffair/.activities.SplashActivity} from uid 2000 on display 0
08-04 21:20:14.610 18171 18171 I art     : Late-enabling -Xcheck:jni
08-04 21:20:14.618   918  5481 I ActivityManager: Start proc 18171:baseline.appteam.nith.hillffair/u0a651 for activity baseline.appteam.nith.hillffair/.activities.SplashActivity
08-04 21:20:14.637 18160 18160 I art     : System.exit called, status: 0
08-04 21:20:14.637 18160 18160 I AndroidRuntime: VM exiting with result code 0.
08-04 21:20:14.669 18171 18171 W System  : ClassLoader referenced unknown path: /data/app/baseline.appteam.nith.hillffair-1/lib/arm64
08-04 21:20:14.679   719  2127 I PBSessionCacheImpl: Deleted sessionId[3163792008073881] from persistence.
08-04 21:20:14.686   719   760 W SearchServiceCore: Abort, client detached.
08-04 21:20:14.687   719   760 I MicroDetectionState: Should stop hotword detection immediately - true
08-04 21:20:14.688 18171 18171 W OneSignal: GCM Library detected, please upgrade to Firebase FCM library as GCM is deprecated!
08-04 21:20:14.724 18171 18171 W art     : Before Android 4.1, method android.graphics.PorterDuffColorFilter androidx.vectordrawable.graphics.drawable.VectorDrawableCompat.updateTintFilter(android.graphics.PorterDuffColorFilter, android.content.res.ColorStateList, android.graphics.PorterDuff$Mode) would have incorrectly overridden the package-private method in android.graphics.drawable.Drawable
08-04 21:20:14.744 18171 18171 I art     : Rejecting re-init on previously-failed class java.lang.Class<androidx.core.view.ViewCompat$2>
08-04 21:20:14.745 18171 18171 I art     : Rejecting re-init on previously-failed class java.lang.Class<androidx.core.view.ViewCompat$2>
08-04 21:20:14.747   918  3261 D WifiStateMachine: starting scan for "H369AA63323"WPA_PSK with 2412,5180
08-04 21:20:14.800 18171 18200 D OpenGLRenderer: Use EGL_SWAP_BEHAVIOR_PRESERVED: true
08-04 21:20:14.861 18171 18200 I Adreno  : QUALCOMM build                   : fcf4852, I1af360237c
08-04 21:20:14.861 18171 18200 I Adreno  : Build Date                       : 09/23/15
08-04 21:20:14.861 18171 18200 I Adreno  : OpenGL ES Shader Compiler Version: XE031.05.13.02
08-04 21:20:14.861 18171 18200 I Adreno  : Local Branch                     : mybranch14465806
08-04 21:20:14.861 18171 18200 I Adreno  : Remote Branch                    : quic/LA.BF64.1.2.9_v2
08-04 21:20:14.861 18171 18200 I Adreno  : Remote Branch                    : NONE
08-04 21:20:14.861 18171 18200 I Adreno  : Reconstruct Branch               : NOTHING
08-04 21:20:14.879 18171 18200 I OpenGLRenderer: Initialized EGL, version 1.4
08-04 21:20:14.949 13866 13866 I GoogleInputMethodServic: GoogleInputMethodService.onFinishInput():3138 
08-04 21:20:14.952 13866 13866 I GoogleInputMethodServic: GoogleInputMethodService.onStartInput():1808 
08-04 21:20:15.015   918   936 I ActivityManager: Displayed baseline.appteam.nith.hillffair/.activities.SplashActivity: +437ms
08-04 21:20:15.075 18171 18221 W GCM     : GCM SDK is deprecated, baseline.appteam.nith.hillffair should update to use FCM
08-04 21:20:15.125 24365 24314 W Conscrypt: Could not set socket write timeout: java.net.SocketException: Socket closed
08-04 21:20:15.125 24365 24314 E art     : invalid stream - problem with parameter iterator in /data/app/com.google.android.gms-2/base.apk:classes3.dex for method void com.google.android.gms.org.conscrypt.ConscryptFileDescriptorSocket.setSoWriteTimeout(int)
08-04 21:20:15.125 24365 24314 W Conscrypt: 	at com.google.android.gms.org.conscrypt.Platform.setSocketWriteTimeout(:com.google.android.gms@202614019@20.26.14 (040400-320008519):2)
08-04 21:20:15.126 24365 24314 W Conscrypt: 	at com.google.android.gms.org.conscrypt.ConscryptFileDescriptorSocket.setSoWriteTimeout(:com.google.android.gms@202614019@20.26.14 (040400-320008519))
08-04 21:20:15.149 24365 24314 W Conscrypt: Could not set socket write timeout: java.net.SocketException: Socket closed
08-04 21:20:15.150 24365 24314 E art     : invalid stream - problem with parameter iterator in /data/app/com.google.android.gms-2/base.apk:classes3.dex for method void com.google.android.gms.org.conscrypt.ConscryptFileDescriptorSocket.setSoWriteTimeout(int)
08-04 21:20:15.150 24365 24314 W Conscrypt: 	at com.google.android.gms.org.conscrypt.Platform.setSocketWriteTimeout(:com.google.android.gms@202614019@20.26.14 (040400-320008519):2)
08-04 21:20:15.150 24365 24314 W Conscrypt: 	at com.google.android.gms.org.conscrypt.ConscryptFileDescriptorSocket.setSoWriteTimeout(:com.google.android.gms@202614019@20.26.14 (040400-320008519))
08-04 21:20:15.220 24365 24314 W Conscrypt: Could not set socket write timeout: java.net.SocketException: Socket closed
08-04 21:20:15.220 24365 24314 E art     : invalid stream - problem with parameter iterator in /data/app/com.google.android.gms-2/base.apk:classes3.dex for method void com.google.android.gms.org.conscrypt.ConscryptFileDescriptorSocket.setSoWriteTimeout(int)
08-04 21:20:15.221 24365 24314 W Conscrypt: 	at com.google.android.gms.org.conscrypt.Platform.setSocketWriteTimeout(:com.google.android.gms@202614019@20.26.14 (040400-320008519):2)
08-04 21:20:15.221 24365 24314 W Conscrypt: 	at com.google.android.gms.org.conscrypt.ConscryptFileDescriptorSocket.setSoWriteTimeout(:com.google.android.gms@202614019@20.26.14 (040400-320008519))
08-04 21:20:15.238 24365 24314 W Conscrypt: Could not set socket write timeout: java.net.SocketException: Socket closed
08-04 21:20:15.238 24365 24314 E art     : invalid stream - problem with parameter iterator in /data/app/com.google.android.gms-2/base.apk:classes3.dex for method void com.google.android.gms.org.conscrypt.ConscryptFileDescriptorSocket.setSoWriteTimeout(int)
08-04 21:20:15.238 24365 24314 W Conscrypt: 	at com.google.android.gms.org.conscrypt.Platform.setSocketWriteTimeout(:com.google.android.gms@202614019@20.26.14 (040400-320008519):2)
08-04 21:20:15.238 24365 24314 W Conscrypt: 	at com.google.android.gms.org.conscrypt.ConscryptFileDescriptorSocket.setSoWriteTimeout(:com.google.android.gms@202614019@20.26.14 (040400-320008519))
08-04 21:20:15.401 18171 18221 E OneSignal: Error Getting GCM Token
08-04 21:20:15.401 18171 18221 E OneSignal: java.io.IOException: INVALID_SENDER
08-04 21:20:15.401 18171 18221 E OneSignal: 	at com.google.android.gms.gcm.GoogleCloudMessaging.zzd(Unknown Source)
08-04 21:20:15.401 18171 18221 E OneSignal: 	at com.google.android.gms.gcm.GoogleCloudMessaging.register(Unknown Source)
08-04 21:20:15.401 18171 18221 E OneSignal: 	at com.onesignal.PushRegistratorGCM.getToken(PushRegistratorGCM.java:42)
08-04 21:20:15.401 18171 18221 E OneSignal: 	at com.onesignal.PushRegistratorAbstractGoogle.attemptRegistration(PushRegistratorAbstractGoogle.java:97)
08-04 21:20:15.401 18171 18221 E OneSignal: 	at com.onesignal.PushRegistratorAbstractGoogle.access$100(PushRegistratorAbstractGoogle.java:37)
08-04 21:20:15.401 18171 18221 E OneSignal: 	at com.onesignal.PushRegistratorAbstractGoogle$1.run(PushRegistratorAbstractGoogle.java:84)
08-04 21:20:15.401 18171 18221 E OneSignal: 	at java.lang.Thread.run(Thread.java:818)
08-04 21:20:15.420 14199 18232 W Gcs.WfaEliRefreshTask: [25068] afk.b: NULL eligibility response.
08-04 21:20:15.421 18171 18226 I art     : Rejecting re-init on previously-failed class java.lang.Class<com.onesignal.OneSignalChromeTab$OneSignalCustomTabsServiceConnection>
08-04 21:20:15.422 18171 18226 I art     : Rejecting re-init on previously-failed class java.lang.Class<com.onesignal.OneSignalChromeTab$OneSignalCustomTabsServiceConnection>
08-04 21:20:15.424 24365 24314 I NetworkScheduler.Stats: Task com.google.android.apps.gcs/ started execution. cause:1 exec_start_elapsed_seconds: 1722619 [CONTEXT service_id=218 ]
08-04 21:20:15.425 24365 24314 I NetworkScheduler.Stats: Task com.google.android.apps.gcs/ finished executing. cause:1 result: 3 elapsed_millis: 11 uptime_millis: 11 exec_start_elapsed_seconds: 1722619 [CONTEXT service_id=218 ]
08-04 21:20:16.197 18246 18246 D AndroidRuntime: >>>>>> START com.android.internal.os.RuntimeInit uid 2000 <<<<<<
08-04 21:20:16.204 18246 18246 D AndroidRuntime: CheckJNI is OFF
08-04 21:20:16.241 18246 18246 D ICU     : No timezone override file found: /data/misc/zoneinfo/current/icu/icu_tzdata.dat
08-04 21:20:16.276 18246 18246 I Radio-JNI: register_android_hardware_Radio DONE
08-04 21:20:16.277 15172 15172 I Atfwd_Sendcmd: AtCmdFwd service not ready - Exhausted retry attempts - :6
08-04 21:20:16.278 15172 15172 I Atfwd_Daemon: result : -1 	 ,Init step :2 	 ,qmiErrorCode: 0
08-04 21:20:16.280   918  5132 I ActivityManager: START u0 {cmp=baseline.appteam.nith.hillffair/.activities.WelcomeActivity} from uid 10651 on display 0
08-04 21:20:16.292 18246 18246 D AndroidRuntime: Calling main entry com.android.commands.am.Am
08-04 21:20:16.315  2246  2246 I Trepn   : Trepn 6.2s: Received intent: com.quicinc.trepn.start_profiling
08-04 21:20:16.324   918   929 I ActivityManager: START u0 {cmp=baseline.appteam.nith.hillffair/.activities.HomeActivity} from uid 10651 on display 0
08-04 21:20:16.333   918  6029 W ActivityManager: Duplicate finish request for ActivityRecord{829849e u0 baseline.appteam.nith.hillffair/.activities.WelcomeActivity t4001 f}
08-04 21:20:16.430  2246  2246 W FileUtils: Failed to chmod(/storage/emulated/0/trepn/Trepn_2020.08.04_212016.db): android.system.ErrnoException: chmod failed: EPERM (Operation not permitted)
08-04 21:20:16.516  2246  2246 I Trepn   : Trepn 6.2s: Trepn has Started Profiling.
08-04 21:20:16.517 18246 18246 D AndroidRuntime: Shutting down VM
08-04 21:20:16.755   918   936 I ActivityManager: Displayed baseline.appteam.nith.hillffair/.activities.HomeActivity: +381ms (total +453ms)
08-04 21:20:16.756 13866 13866 I GoogleInputMethodServic: GoogleInputMethodService.onFinishInput():3138 
08-04 21:20:16.758 13866 13866 I GoogleInputMethodServic: GoogleInputMethodService.onStartInput():1808 
08-04 21:20:16.941 18171 18231 I art     : Starting a blocking GC Explicit
08-04 21:20:16.954 18171 18231 I art     : Explicit concurrent mark sweep GC freed 2258(449KB) AllocSpace objects, 0(0B) LOS objects, 24% free, 48MB/64MB, paused 144us total 12.603ms
08-04 21:20:16.959 18171 18231 I art     : Starting a blocking GC Explicit
08-04 21:20:16.970 18171 18231 I art     : Explicit concurrent mark sweep GC freed 1318(85KB) AllocSpace objects, 0(0B) LOS objects, 25% free, 47MB/63MB, paused 129us total 10.724ms
08-04 21:20:16.975 18171 18231 I art     : Starting a blocking GC Explicit
08-04 21:20:16.986 18171 18231 I art     : Explicit concurrent mark sweep GC freed 3(96B) AllocSpace objects, 0(0B) LOS objects, 25% free, 47MB/63MB, paused 197us total 10.817ms
08-04 21:20:16.991 18171 18231 I art     : Starting a blocking GC Explicit
08-04 21:20:17.002 18171 18231 I art     : Explicit concurrent mark sweep GC freed 3(96B) AllocSpace objects, 0(0B) LOS objects, 25% free, 47MB/63MB, paused 146us total 10.636ms
08-04 21:20:17.002   380   380 W SurfaceFlinger: couldn't log to binary event log: overflow.
08-04 21:20:17.008 18171 18231 I art     : Starting a blocking GC Explicit
08-04 21:20:17.019 18171 18231 I art     : Explicit concurrent mark sweep GC freed 3(96B) AllocSpace objects, 0(0B) LOS objects, 25% free, 47MB/63MB, paused 142us total 10.025ms
08-04 21:20:17.315 18171 18184 I art     : Starting a blocking GC Explicit
08-04 21:20:17.331 18171 18184 I art     : Explicit concurrent mark sweep GC freed 2031(114KB) AllocSpace objects, 1(20KB) LOS objects, 25% free, 47MB/63MB, paused 217us total 15.615ms
08-04 21:20:17.338 18171 18184 I art     : Starting a blocking GC Explicit
08-04 21:20:17.351 18171 18184 I art     : Explicit concurrent mark sweep GC freed 908(59KB) AllocSpace objects, 0(0B) LOS objects, 25% free, 47MB/63MB, paused 186us total 12.545ms
08-04 21:20:17.357 18171 18184 I art     : Starting a blocking GC Explicit
08-04 21:20:17.369 18171 18184 I art     : Explicit concurrent mark sweep GC freed 3(96B) AllocSpace objects, 0(0B) LOS objects, 25% free, 47MB/63MB, paused 163us total 11.721ms
08-04 21:20:17.376 18171 18184 I art     : Starting a blocking GC Explicit
08-04 21:20:17.387 18171 18184 I art     : Explicit concurrent mark sweep GC freed 3(96B) AllocSpace objects, 0(0B) LOS objects, 25% free, 47MB/63MB, paused 163us total 11.083ms
08-04 21:20:17.393 18171 18184 I art     : Starting a blocking GC Explicit
08-04 21:20:17.405 18171 18184 I art     : Explicit concurrent mark sweep GC freed 3(96B) AllocSpace objects, 0(0B) LOS objects, 25% free, 47MB/63MB, paused 160us total 11.436ms
08-04 21:20:17.688 18171 18231 I art     : Starting a blocking GC Explicit
08-04 21:20:17.700 18171 18231 I art     : Explicit concurrent mark sweep GC freed 1341(78KB) AllocSpace objects, 1(20KB) LOS objects, 25% free, 47MB/63MB, paused 149us total 11.395ms
08-04 21:20:17.705 18171 18231 I art     : Starting a blocking GC Explicit
08-04 21:20:17.716 18171 18231 I art     : Explicit concurrent mark sweep GC freed 20(704B) AllocSpace objects, 0(0B) LOS objects, 25% free, 47MB/63MB, paused 154us total 10.217ms
08-04 21:20:17.722 18171 18231 I art     : Starting a blocking GC Explicit
08-04 21:20:17.733 18171 18231 I art     : Explicit concurrent mark sweep GC freed 3(96B) AllocSpace objects, 0(0B) LOS objects, 25% free, 47MB/63MB, paused 137us total 10.724ms
08-04 21:20:17.738 18171 18231 I art     : Starting a blocking GC Explicit
08-04 21:20:17.749 18171 18231 I art     : Explicit concurrent mark sweep GC freed 3(96B) AllocSpace objects, 0(0B) LOS objects, 25% free, 47MB/63MB, paused 160us total 10.544ms
08-04 21:20:17.755 18171 18231 I art     : Starting a blocking GC Explicit
08-04 21:20:17.766 18171 18231 I art     : Explicit concurrent mark sweep GC freed 3(96B) AllocSpace objects, 0(0B) LOS objects, 25% free, 47MB/63MB, paused 144us total 10.940ms
08-04 21:20:18.064 18171 18183 I art     : Starting a blocking GC Explicit
08-04 21:20:18.079 18171 18183 I art     : Explicit concurrent mark sweep GC freed 1342(78KB) AllocSpace objects, 1(20KB) LOS objects, 25% free, 47MB/63MB, paused 183us total 15.077ms
08-04 21:20:18.089 18171 18183 I art     : Starting a blocking GC Explicit
08-04 21:20:18.101 18171 18183 I art     : Explicit concurrent mark sweep GC freed 20(704B) AllocSpace objects, 0(0B) LOS objects, 25% free, 47MB/63MB, paused 152us total 11.853ms
08-04 21:20:18.107 18171 18183 I art     : Starting a blocking GC Explicit
08-04 21:20:18.119 18171 18183 I art     : Explicit concurrent mark sweep GC freed 3(96B) AllocSpace objects, 0(0B) LOS objects, 25% free, 47MB/63MB, paused 142us total 11.221ms
08-04 21:20:18.124 18171 18183 I art     : Starting a blocking GC Explicit
08-04 21:20:18.136 18171 18183 I art     : Explicit concurrent mark sweep GC freed 3(96B) AllocSpace objects, 0(0B) LOS objects, 25% free, 47MB/63MB, paused 151us total 11.211ms
08-04 21:20:18.142 18171 18183 I art     : Starting a blocking GC Explicit
08-04 21:20:18.153 18171 18183 I art     : Explicit concurrent mark sweep GC freed 3(96B) AllocSpace objects, 0(0B) LOS objects, 25% free, 47MB/63MB, paused 153us total 11.503ms
08-04 21:20:18.468 18171 18184 I art     : Starting a blocking GC Explicit
08-04 21:20:18.486 18171 18184 I art     : Explicit concurrent mark sweep GC freed 1340(78KB) AllocSpace objects, 1(20KB) LOS objects, 25% free, 47MB/63MB, paused 230us total 17.545ms
08-04 21:20:18.495 18171 18184 I art     : Starting a blocking GC Explicit
08-04 21:20:18.508 18171 18184 I art     : Explicit concurrent mark sweep GC freed 20(704B) AllocSpace objects, 0(0B) LOS objects, 25% free, 47MB/63MB, paused 163us total 12.653ms
08-04 21:20:18.514 18171 18184 I art     : Starting a blocking GC Explicit
08-04 21:20:18.527 18171 18184 I art     : Explicit concurrent mark sweep GC freed 3(96B) AllocSpace objects, 0(0B) LOS objects, 25% free, 47MB/63MB, paused 161us total 12.062ms
08-04 21:20:18.533 18171 18184 I art     : Starting a blocking GC Explicit
08-04 21:20:18.545 18171 18184 I art     : Explicit concurrent mark sweep GC freed 3(96B) AllocSpace objects, 0(0B) LOS objects, 25% free, 47MB/63MB, paused 163us total 11.659ms
08-04 21:20:18.551 18171 18184 I art     : Starting a blocking GC Explicit
08-04 21:20:18.563 18171 18184 I art     : Explicit concurrent mark sweep GC freed 3(96B) AllocSpace objects, 0(0B) LOS objects, 25% free, 47MB/63MB, paused 160us total 11.739ms
08-04 21:20:18.857 18171 18231 I art     : Starting a blocking GC Explicit
08-04 21:20:18.873 18171 18231 I art     : Explicit concurrent mark sweep GC freed 1339(78KB) AllocSpace objects, 1(20KB) LOS objects, 25% free, 47MB/63MB, paused 205us total 15.651ms
08-04 21:20:18.883 18171 18231 I art     : Starting a blocking GC Explicit
08-04 21:20:18.896 18171 18231 I art     : Explicit concurrent mark sweep GC freed 20(704B) AllocSpace objects, 0(0B) LOS objects, 25% free, 47MB/63MB, paused 161us total 12.185ms
08-04 21:20:18.902 18171 18231 I art     : Starting a blocking GC Explicit
08-04 21:20:18.914 18171 18231 I art     : Explicit concurrent mark sweep GC freed 3(96B) AllocSpace objects, 0(0B) LOS objects, 25% free, 47MB/63MB, paused 173us total 11.679ms
08-04 21:20:18.920 18171 18231 I art     : Starting a blocking GC Explicit
08-04 21:20:18.932 18171 18231 I art     : Explicit concurrent mark sweep GC freed 3(96B) AllocSpace objects, 0(0B) LOS objects, 25% free, 47MB/63MB, paused 161us total 11.714ms
08-04 21:20:18.938 18171 18231 I art     : Starting a blocking GC Explicit
08-04 21:20:18.949 18171 18231 I art     : Explicit concurrent mark sweep GC freed 3(96B) AllocSpace objects, 0(0B) LOS objects, 25% free, 47MB/63MB, paused 160us total 11.139ms
08-04 21:20:19.262 18171 18183 I art     : Starting a blocking GC Explicit
08-04 21:20:19.280 18171 18183 I art     : Explicit concurrent mark sweep GC freed 1339(78KB) AllocSpace objects, 1(20KB) LOS objects, 25% free, 47MB/63MB, paused 185us total 17.610ms
08-04 21:20:19.290 18171 18183 I art     : Starting a blocking GC Explicit
08-04 21:20:19.305 18171 18183 I art     : Explicit concurrent mark sweep GC freed 20(704B) AllocSpace objects, 0(0B) LOS objects, 25% free, 47MB/63MB, paused 157us total 14.874ms
08-04 21:20:19.316 18171 18183 I art     : Starting a blocking GC Explicit
08-04 21:20:19.328 18171 18183 I art     : Explicit concurrent mark sweep GC freed 3(96B) AllocSpace objects, 0(0B) LOS objects, 25% free, 47MB/63MB, paused 156us total 11.897ms
08-04 21:20:19.334 18171 18183 I art     : Starting a blocking GC Explicit
08-04 21:20:19.346 18171 18183 I art     : Explicit concurrent mark sweep GC freed 3(96B) AllocSpace objects, 0(0B) LOS objects, 25% free, 47MB/63MB, paused 150us total 11.427ms
08-04 21:20:19.352 18171 18183 I art     : Starting a blocking GC Explicit
08-04 21:20:19.364 18171 18183 I art     : Explicit concurrent mark sweep GC freed 3(96B) AllocSpace objects, 0(0B) LOS objects, 25% free, 47MB/63MB, paused 153us total 11.528ms
08-04 21:20:19.678 18171 18184 I art     : Starting a blocking GC Explicit
08-04 21:20:19.696 18171 18184 I art     : Explicit concurrent mark sweep GC freed 1339(78KB) AllocSpace objects, 1(20KB) LOS objects, 25% free, 47MB/63MB, paused 204us total 17.657ms
08-04 21:20:19.703 18171 18184 I art     : Starting a blocking GC Explicit
08-04 21:20:19.715 18171 18184 I art     : Explicit concurrent mark sweep GC freed 20(704B) AllocSpace objects, 0(0B) LOS objects, 25% free, 47MB/63MB, paused 213us total 12.370ms
08-04 21:20:19.722 18171 18184 I art     : Starting a blocking GC Explicit
08-04 21:20:19.734 18171 18184 I art     : Explicit concurrent mark sweep GC freed 3(96B) AllocSpace objects, 0(0B) LOS objects, 25% free, 47MB/63MB, paused 157us total 11.420ms
08-04 21:20:19.740 18171 18184 I art     : Starting a blocking GC Explicit
08-04 21:20:19.752 18171 18184 I art     : Explicit concurrent mark sweep GC freed 3(96B) AllocSpace objects, 0(0B) LOS objects, 25% free, 47MB/63MB, paused 154us total 11.495ms
08-04 21:20:19.758 18171 18184 I art     : Starting a blocking GC Explicit
08-04 21:20:19.769 18171 18184 I art     : Explicit concurrent mark sweep GC freed 3(96B) AllocSpace objects, 0(0B) LOS objects, 25% free, 47MB/63MB, paused 157us total 11.583ms
08-04 21:20:20.083 18171 18231 I art     : Starting a blocking GC Explicit
08-04 21:20:20.102 18171 18231 I art     : Explicit concurrent mark sweep GC freed 1339(78KB) AllocSpace objects, 1(20KB) LOS objects, 25% free, 47MB/63MB, paused 225us total 19.268ms
08-04 21:20:20.115 18171 18231 I art     : Starting a blocking GC Explicit
08-04 21:20:20.131 18171 18231 I art     : Explicit concurrent mark sweep GC freed 20(704B) AllocSpace objects, 0(0B) LOS objects, 25% free, 47MB/63MB, paused 183us total 15.441ms
08-04 21:20:20.139 18171 18231 I art     : Starting a blocking GC Explicit
08-04 21:20:20.151 18171 18231 I art     : Explicit concurrent mark sweep GC freed 3(96B) AllocSpace objects, 0(0B) LOS objects, 25% free, 47MB/63MB, paused 153us total 11.742ms
08-04 21:20:20.157 18171 18231 I art     : Starting a blocking GC Explicit
08-04 21:20:20.169 18171 18231 I art     : Explicit concurrent mark sweep GC freed 3(96B) AllocSpace objects, 0(0B) LOS objects, 25% free, 47MB/63MB, paused 155us total 11.403ms
08-04 21:20:20.175 18171 18231 I art     : Starting a blocking GC Explicit
08-04 21:20:20.187 18171 18231 I art     : Explicit concurrent mark sweep GC freed 3(96B) AllocSpace objects, 0(0B) LOS objects, 25% free, 47MB/63MB, paused 207us total 11.845ms
08-04 21:20:20.197   918  1210 D NetlinkSocketObserver: NeighborEvent{elapsedMs=1722624072, 192.168.2.254, [7C3953A63323], RTM_NEWNEIGH, NUD_REACHABLE}
08-04 21:20:20.484 18171 18183 I art     : Starting a blocking GC Explicit
08-04 21:20:20.497 18171 18183 I art     : Explicit concurrent mark sweep GC freed 1618(94KB) AllocSpace objects, 1(20KB) LOS objects, 25% free, 47MB/63MB, paused 199us total 12.523ms
08-04 21:20:20.502 18171 18183 I art     : Starting a blocking GC Explicit
08-04 21:20:20.511 18171 18386 W OneSignal: OneSignalRestClient: POST Error thrown from network stack. 
08-04 21:20:20.511 18171 18386 W OneSignal: java.io.IOException: unexpected end of stream on Connection{api.onesignal.com:443, proxy=HTTP@192.168.2.12:8080 hostAddress=192.168.2.12 cipherSuite=TLS_ECDHE_RSA_WITH_AES_128_GCM_SHA256 protocol=http/1.1} (recycle count=1)
08-04 21:20:20.511 18171 18386 W OneSignal: 	at com.android.okhttp.internal.http.HttpConnection.readResponse(HttpConnection.java:210)
08-04 21:20:20.511 18171 18386 W OneSignal: 	at com.android.okhttp.internal.http.HttpTransport.readResponseHeaders(HttpTransport.java:80)
08-04 21:20:20.511 18171 18386 W OneSignal: 	at com.android.okhttp.internal.http.HttpEngine.readNetworkResponse(HttpEngine.java:904)
08-04 21:20:20.511 18171 18386 W OneSignal: 	at com.android.okhttp.internal.http.HttpEngine.readResponse(HttpEngine.java:788)
08-04 21:20:20.511 18171 18386 W OneSignal: 	at com.android.okhttp.internal.huc.HttpURLConnectionImpl.execute(HttpURLConnectionImpl.java:439)
08-04 21:20:20.511 18171 18386 W OneSignal: 	at com.android.okhttp.internal.huc.HttpURLConnectionImpl.getResponse(HttpURLConnectionImpl.java:384)
08-04 21:20:20.511 18171 18386 W OneSignal: 	at com.android.okhttp.internal.huc.HttpURLConnectionImpl.getResponseCode(HttpURLConnectionImpl.java:497)
08-04 21:20:20.511 18171 18386 W OneSignal: 	at com.android.okhttp.internal.huc.DelegatingHttpsURLConnection.getResponseCode(DelegatingHttpsURLConnection.java:105)
08-04 21:20:20.511 18171 18386 W OneSignal: 	at com.android.okhttp.internal.huc.HttpsURLConnectionImpl.getResponseCode(HttpsURLConnectionImpl.java)
08-04 21:20:20.511 18171 18386 W OneSignal: 	at com.onesignal.OneSignalRestClient.startHTTPConnection(OneSignalRestClient.java:180)
08-04 21:20:20.511 18171 18386 W OneSignal: 	at com.onesignal.OneSignalRestClient.access$100(OneSignalRestClient.java:44)
08-04 21:20:20.511 18171 18386 W OneSignal: 	at com.onesignal.OneSignalRestClient$4.run(OneSignalRestClient.java:110)
08-04 21:20:20.511 18171 18386 W OneSignal: 	at java.lang.Thread.run(Thread.java:818)
08-04 21:20:20.511 18171 18386 W OneSignal: Caused by: java.io.EOFException: \n not found: size=0 content=...
08-04 21:20:20.511 18171 18386 W OneSignal: 	at com.android.okhttp.okio.RealBufferedSource.readUtf8LineStrict(RealBufferedSource.java:200)
08-04 21:20:20.511 18171 18386 W OneSignal: 	at com.android.okhttp.internal.http.HttpConnection.readResponse(HttpConnection.java:191)
08-04 21:20:20.511 18171 18386 W OneSignal: 	... 12 more
08-04 21:20:20.512 18171 18387 W OneSignal: Failed last request. statusCode: -1
08-04 21:20:20.512 18171 18387 W OneSignal: response: null
08-04 21:20:20.514 18171 18183 I art     : Explicit concurrent mark sweep GC freed 171(47KB) AllocSpace objects, 0(0B) LOS objects, 25% free, 47MB/63MB, paused 151us total 11.580ms
08-04 21:20:20.520 18171 18183 I art     : Starting a blocking GC Explicit
08-04 21:20:20.529 18171 18183 I art     : Explicit concurrent mark sweep GC freed 221(13KB) AllocSpace objects, 0(0B) LOS objects, 25% free, 47MB/63MB, paused 136us total 9.437ms
08-04 21:20:20.534 18171 18183 I art     : Starting a blocking GC Explicit
08-04 21:20:20.544 18171 18183 I art     : Explicit concurrent mark sweep GC freed 3(96B) AllocSpace objects, 0(0B) LOS objects, 25% free, 47MB/63MB, paused 132us total 9.297ms
08-04 21:20:20.549 18171 18183 I art     : Starting a blocking GC Explicit
08-04 21:20:20.558 18171 18183 I art     : Explicit concurrent mark sweep GC freed 3(96B) AllocSpace objects, 0(0B) LOS objects, 25% free, 47MB/63MB, paused 135us total 9.378ms
08-04 21:20:20.818 18171 18184 I art     : Starting a blocking GC Explicit
08-04 21:20:20.832 18171 18184 I art     : Explicit concurrent mark sweep GC freed 1339(78KB) AllocSpace objects, 1(20KB) LOS objects, 25% free, 47MB/63MB, paused 184us total 13.008ms
08-04 21:20:20.838 18171 18184 I art     : Starting a blocking GC Explicit
08-04 21:20:20.851 18171 18184 I art     : Explicit concurrent mark sweep GC freed 20(704B) AllocSpace objects, 0(0B) LOS objects, 25% free, 47MB/63MB, paused 173us total 12.108ms
08-04 21:20:20.857 18171 18184 I art     : Starting a blocking GC Explicit
08-04 21:20:20.868 18171 18184 I art     : Explicit concurrent mark sweep GC freed 3(96B) AllocSpace objects, 0(0B) LOS objects, 25% free, 47MB/63MB, paused 151us total 11.009ms
08-04 21:20:20.874 18171 18184 I art     : Starting a blocking GC Explicit
08-04 21:20:20.886 18171 18184 I art     : Explicit concurrent mark sweep GC freed 3(96B) AllocSpace objects, 0(0B) LOS objects, 25% free, 47MB/63MB, paused 164us total 11.471ms
08-04 21:20:20.892 18171 18184 I art     : Starting a blocking GC Explicit
08-04 21:20:20.903 18171 18184 I art     : Explicit concurrent mark sweep GC freed 3(96B) AllocSpace objects, 0(0B) LOS objects, 25% free, 47MB/63MB, paused 168us total 11.415ms
08-04 21:20:21.193 18171 18231 I art     : Starting a blocking GC Explicit
08-04 21:20:21.208 18171 18231 I art     : Explicit concurrent mark sweep GC freed 1339(78KB) AllocSpace objects, 1(20KB) LOS objects, 25% free, 47MB/63MB, paused 187us total 14.219ms
08-04 21:20:21.214 18171 18231 I art     : Starting a blocking GC Explicit
08-04 21:20:21.226 18171 18231 I art     : Explicit concurrent mark sweep GC freed 20(704B) AllocSpace objects, 0(0B) LOS objects, 25% free, 47MB/63MB, paused 167us total 11.299ms
08-04 21:20:21.232 18171 18231 I art     : Starting a blocking GC Explicit
08-04 21:20:21.243 18171 18231 I art     : Explicit concurrent mark sweep GC freed 3(96B) AllocSpace objects, 0(0B) LOS objects, 25% free, 47MB/63MB, paused 164us total 11.040ms
08-04 21:20:21.249 18171 18231 I art     : Starting a blocking GC Explicit
08-04 21:20:21.260 18171 18231 I art     : Explicit concurrent mark sweep GC freed 3(96B) AllocSpace objects, 0(0B) LOS objects, 25% free, 47MB/63MB, paused 153us total 11.050ms
08-04 21:20:21.265 18171 18231 I art     : Starting a blocking GC Explicit
08-04 21:20:21.276 18171 18231 I art     : Explicit concurrent mark sweep GC freed 3(96B) AllocSpace objects, 0(0B) LOS objects, 25% free, 47MB/63MB, paused 154us total 10.283ms
08-04 21:20:21.489 18410 18410 D AndroidRuntime: >>>>>> START com.android.internal.os.RuntimeInit uid 2000 <<<<<<
08-04 21:20:21.493 18410 18410 D AndroidRuntime: CheckJNI is OFF
08-04 21:20:21.518 18410 18410 D ICU     : No timezone override file found: /data/misc/zoneinfo/current/icu/icu_tzdata.dat
08-04 21:20:21.543 18410 18410 I Radio-JNI: register_android_hardware_Radio DONE
08-04 21:20:21.555 18171 18183 I art     : Starting a blocking GC Explicit
08-04 21:20:21.560 18410 18410 D AndroidRuntime: Calling main entry com.android.commands.input.Input
08-04 21:20:21.561 18410 18410 I Input   : injectMotionEvent: MotionEvent { action=ACTION_DOWN, actionButton=0, id[0]=0, x[0]=337.0, y[0]=1104.0, toolType[0]=TOOL_TYPE_UNKNOWN, buttonState=0, metaState=0, flags=0x0, edgeFlags=0x0, pointerCount=1, historySize=0, eventTime=739237974, downTime=739237974, deviceId=0, source=0x1002 }
08-04 21:20:21.566 18410 18410 I Input   : injectMotionEvent: MotionEvent { action=ACTION_UP, actionButton=0, id[0]=0, x[0]=337.0, y[0]=1104.0, toolType[0]=TOOL_TYPE_UNKNOWN, buttonState=0, metaState=0, flags=0x0, edgeFlags=0x0, pointerCount=1, historySize=0, eventTime=739237974, downTime=739237974, deviceId=0, source=0x1002 }
08-04 21:20:21.568 18171 18183 I art     : Explicit concurrent mark sweep GC freed 1340(78KB) AllocSpace objects, 1(20KB) LOS objects, 25% free, 47MB/63MB, paused 433us total 12.478ms
08-04 21:20:21.568   918  4400 I ActivityManager: START u0 {cmp=baseline.appteam.nith.hillffair/.activities.BattleDayActivity} from uid 10651 on display 0
08-04 21:20:21.574 18171 18183 I art     : Starting a blocking GC Explicit
08-04 21:20:21.575 18410 18410 D AndroidRuntime: Shutting down VM
08-04 21:20:21.588 18171 18183 I art     : Explicit concurrent mark sweep GC freed 165(18KB) AllocSpace objects, 0(0B) LOS objects, 24% free, 48MB/64MB, paused 326us total 13.992ms
08-04 21:20:21.595 18171 18183 I art     : Starting a blocking GC Explicit
08-04 21:20:21.607 18171 18183 I art     : Explicit concurrent mark sweep GC freed 974(117KB) AllocSpace objects, 0(0B) LOS objects, 24% free, 48MB/64MB, paused 408us total 12.122ms
08-04 21:20:21.613 18171 18183 I art     : Starting a blocking GC Explicit
08-04 21:20:21.627 18171 18183 I art     : Explicit concurrent mark sweep GC freed 6172(340KB) AllocSpace objects, 0(0B) LOS objects, 24% free, 48MB/64MB, paused 821us total 14.369ms
08-04 21:20:21.634 18171 18183 I art     : Starting a blocking GC Explicit
08-04 21:20:21.646 18171 18183 I art     : Explicit concurrent mark sweep GC freed 303(25KB) AllocSpace objects, 0(0B) LOS objects, 24% free, 48MB/64MB, paused 200us total 11.857ms
08-04 21:20:21.659 13866 13866 I GoogleInputMethodServic: GoogleInputMethodService.onFinishInput():3138 
08-04 21:20:21.660 13866 13866 I GoogleInputMethodServic: GoogleInputMethodService.onStartInput():1808 
08-04 21:20:21.696   918   936 I ActivityManager: Displayed baseline.appteam.nith.hillffair/.activities.BattleDayActivity: +120ms
08-04 21:20:21.893 18171 18231 I art     : Starting a blocking GC Explicit
08-04 21:20:21.916 18171 18231 I art     : Explicit concurrent mark sweep GC freed 1595(94KB) AllocSpace objects, 1(20KB) LOS objects, 24% free, 48MB/64MB, paused 258us total 23.470ms
08-04 21:20:21.927 18171 18231 I art     : Starting a blocking GC Explicit
08-04 21:20:21.946 18171 18231 I art     : Explicit concurrent mark sweep GC freed 34(1168B) AllocSpace objects, 0(0B) LOS objects, 24% free, 48MB/64MB, paused 251us total 19.191ms
08-04 21:20:21.956 18171 18231 I art     : Starting a blocking GC Explicit
08-04 21:20:21.957   380   380 W SurfaceFlinger: couldn't log to binary event log: overflow.
08-04 21:20:21.974 18171 18231 I art     : Explicit concurrent mark sweep GC freed 3(96B) AllocSpace objects, 0(0B) LOS objects, 24% free, 48MB/64MB, paused 368us total 17.829ms
08-04 21:20:21.982 18171 18231 I art     : Starting a blocking GC Explicit
08-04 21:20:21.996 18171 18231 I art     : Explicit concurrent mark sweep GC freed 3(96B) AllocSpace objects, 0(0B) LOS objects, 24% free, 48MB/64MB, paused 193us total 13.162ms
08-04 21:20:22.002 18171 18231 I art     : Starting a blocking GC Explicit
08-04 21:20:22.013 18171 18231 I art     : Explicit concurrent mark sweep GC freed 3(96B) AllocSpace objects, 0(0B) LOS objects, 24% free, 48MB/64MB, paused 184us total 11.048ms
08-04 21:20:22.272 18171 18184 I art     : Starting a blocking GC Explicit
08-04 21:20:22.287 18171 18184 I art     : Explicit concurrent mark sweep GC freed 1492(90KB) AllocSpace objects, 1(20KB) LOS objects, 24% free, 48MB/64MB, paused 261us total 14.777ms
08-04 21:20:22.294 18171 18184 I art     : Starting a blocking GC Explicit
08-04 21:20:22.307 18171 18184 I art     : Explicit concurrent mark sweep GC freed 47(1600B) AllocSpace objects, 0(0B) LOS objects, 24% free, 48MB/64MB, paused 255us total 13.488ms
08-04 21:20:22.314 18171 18184 I art     : Starting a blocking GC Explicit
08-04 21:20:22.326 18171 18184 I art     : Explicit concurrent mark sweep GC freed 11(416B) AllocSpace objects, 0(0B) LOS objects, 24% free, 48MB/64MB, paused 209us total 12.249ms
08-04 21:20:22.332 18171 18184 I art     : Starting a blocking GC Explicit
08-04 21:20:22.344 18171 18184 I art     : Explicit concurrent mark sweep GC freed 10(352B) AllocSpace objects, 0(0B) LOS objects, 24% free, 48MB/64MB, paused 182us total 11.867ms
08-04 21:20:22.350 18171 18184 I art     : Starting a blocking GC Explicit
08-04 21:20:22.363 18171 18184 I art     : Explicit concurrent mark sweep GC freed 8(288B) AllocSpace objects, 0(0B) LOS objects, 24% free, 48MB/64MB, paused 200us total 12.085ms
08-04 21:20:22.466 18171 18433 D OkHttp  : --> GET https://api-hillfair-2k16.herokuapp.com/api/app/events/special http/1.1
08-04 21:20:22.497 18171 18433 D OkHttp  : <-- 200 OK https://api-hillfair-2k16.herokuapp.com/api/app/events/special (31ms, 554-byte body)
08-04 21:20:22.560 18171 18171 I NAPPA_EXPERIMENTATION: MetricNetworkRequestExecutionTime: REQUEST_DURATION_SYSTEM='939',REQUEST_DURATION_OKHTTP='30',REQUEST_SYNCHRONOUS='FALSE',RESPONSE_CODE='200',RESPONSE_METHOD='GET',RESPONSE_LENGTH_OKHTTP='554',RESPONSE_LENGTH_HEADER='554',REQUEST_PROTOCOL='http/1.1',REQUEST_URL='https://api-hillfair-2k16.herokuapp.com/api/app/events/special',
08-04 21:20:22.642 18171 18231 I art     : Starting a blocking GC Explicit
08-04 21:20:22.661 18171 18231 I art     : Explicit concurrent mark sweep GC freed 5823(373KB) AllocSpace objects, 4(220KB) LOS objects, 24% free, 48MB/64MB, paused 404us total 19.695ms
08-04 21:20:22.669 18171 18231 I art     : Starting a blocking GC Explicit
08-04 21:20:22.684 18171 18231 I art     : Explicit concurrent mark sweep GC freed 1171(125KB) AllocSpace objects, 0(0B) LOS objects, 24% free, 48MB/64MB, paused 340us total 14.897ms
08-04 21:20:22.690 18171 18231 I art     : Starting a blocking GC Explicit
08-04 21:20:22.703 18171 18231 I art     : Explicit concurrent mark sweep GC freed 3(96B) AllocSpace objects, 0(0B) LOS objects, 24% free, 48MB/64MB, paused 280us total 12.863ms
08-04 21:20:22.709 18171 18231 I art     : Starting a blocking GC Explicit
08-04 21:20:22.721 18171 18231 I art     : Explicit concurrent mark sweep GC freed 3(96B) AllocSpace objects, 0(0B) LOS objects, 24% free, 48MB/64MB, paused 289us total 12.531ms
08-04 21:20:22.728 18171 18231 I art     : Starting a blocking GC Explicit
08-04 21:20:22.741 18171 18231 I art     : Explicit concurrent mark sweep GC freed 3(96B) AllocSpace objects, 0(0B) LOS objects, 24% free, 48MB/64MB, paused 293us total 13.515ms
08-04 21:20:23.021 18171 18184 I art     : Starting a blocking GC Explicit
08-04 21:20:23.041 18171 18184 I art     : Explicit concurrent mark sweep GC freed 1342(78KB) AllocSpace objects, 1(20KB) LOS objects, 24% free, 48MB/64MB, paused 359us total 19.689ms
08-04 21:20:23.050 18171 18184 I art     : Starting a blocking GC Explicit
08-04 21:20:23.065 18171 18184 I art     : Explicit concurrent mark sweep GC freed 7058(280KB) AllocSpace objects, 0(0B) LOS objects, 24% free, 48MB/64MB, paused 332us total 14.505ms
08-04 21:20:23.071 18171 18184 I art     : Starting a blocking GC Explicit
08-04 21:20:23.084 18171 18184 I art     : Explicit concurrent mark sweep GC freed 529(18KB) AllocSpace objects, 0(0B) LOS objects, 24% free, 48MB/64MB, paused 274us total 12.739ms
08-04 21:20:23.090 18171 18184 I art     : Starting a blocking GC Explicit
08-04 21:20:23.103 18171 18184 I art     : Explicit concurrent mark sweep GC freed 33(1376B) AllocSpace objects, 0(0B) LOS objects, 24% free, 48MB/64MB, paused 280us total 12.668ms
08-04 21:20:23.109 18171 18184 I art     : Starting a blocking GC Explicit
08-04 21:20:23.123 18171 18184 I art     : Explicit concurrent mark sweep GC freed 3(96B) AllocSpace objects, 0(0B) LOS objects, 24% free, 48MB/64MB, paused 294us total 13.823ms
08-04 21:20:23.394 18171 18231 I art     : Starting a blocking GC Explicit
08-04 21:20:23.412 18171 18231 I art     : Explicit concurrent mark sweep GC freed 2069(272KB) AllocSpace objects, 1(20KB) LOS objects, 23% free, 52MB/68MB, paused 232us total 17.359ms
08-04 21:20:23.420 18171 18231 I art     : Starting a blocking GC Explicit
08-04 21:20:23.435 18171 18231 I art     : Explicit concurrent mark sweep GC freed 111(3KB) AllocSpace objects, 0(0B) LOS objects, 23% free, 52MB/68MB, paused 248us total 13.947ms
08-04 21:20:23.441 18171 18231 I art     : Starting a blocking GC Explicit
08-04 21:20:23.455 18171 18231 I art     : Explicit concurrent mark sweep GC freed 3(96B) AllocSpace objects, 0(0B) LOS objects, 23% free, 52MB/68MB, paused 217us total 13.603ms
08-04 21:20:23.461 18171 18231 I art     : Starting a blocking GC Explicit
08-04 21:20:23.475 18171 18231 I art     : Explicit concurrent mark sweep GC freed 3(96B) AllocSpace objects, 0(0B) LOS objects, 23% free, 52MB/68MB, paused 224us total 14.180ms
08-04 21:20:23.482 18171 18231 I art     : Starting a blocking GC Explicit
08-04 21:20:23.496 18171 18231 I art     : Explicit concurrent mark sweep GC freed 3(96B) AllocSpace objects, 0(0B) LOS objects, 23% free, 52MB/68MB, paused 208us total 13.633ms
08-04 21:20:23.808 18171 18184 I art     : Starting a blocking GC Explicit
08-04 21:20:23.831 18171 18184 I art     : Explicit concurrent mark sweep GC freed 1340(78KB) AllocSpace objects, 1(20KB) LOS objects, 23% free, 52MB/68MB, paused 259us total 22.707ms
08-04 21:20:23.843 18171 18184 I art     : Starting a blocking GC Explicit
08-04 21:20:23.857 18171 18184 I art     : Explicit concurrent mark sweep GC freed 20(704B) AllocSpace objects, 0(0B) LOS objects, 23% free, 52MB/68MB, paused 234us total 14.357ms
08-04 21:20:23.864 18171 18184 I art     : Starting a blocking GC Explicit
08-04 21:20:23.878 18171 18184 I art     : Explicit concurrent mark sweep GC freed 3(96B) AllocSpace objects, 0(0B) LOS objects, 23% free, 52MB/68MB, paused 220us total 14.161ms
08-04 21:20:23.885 18171 18184 I art     : Starting a blocking GC Explicit
08-04 21:20:23.899 18171 18184 I art     : Explicit concurrent mark sweep GC freed 3(96B) AllocSpace objects, 0(0B) LOS objects, 23% free, 52MB/68MB, paused 215us total 14.157ms
08-04 21:20:23.905 18171 18184 I art     : Starting a blocking GC Explicit
08-04 21:20:23.920 18171 18184 I art     : Explicit concurrent mark sweep GC freed 3(96B) AllocSpace objects, 0(0B) LOS objects, 23% free, 52MB/68MB, paused 224us total 14.582ms
08-04 21:20:24.221 18171 18434 I art     : Starting a blocking GC Explicit
08-04 21:20:24.241 18171 18434 I art     : Explicit concurrent mark sweep GC freed 1340(78KB) AllocSpace objects, 1(20KB) LOS objects, 23% free, 52MB/68MB, paused 252us total 20.421ms
08-04 21:20:24.248 18171 18434 I art     : Starting a blocking GC Explicit
08-04 21:20:24.263 18171 18434 I art     : Explicit concurrent mark sweep GC freed 20(704B) AllocSpace objects, 0(0B) LOS objects, 23% free, 52MB/68MB, paused 226us total 14.816ms
08-04 21:20:24.270 18171 18434 I art     : Starting a blocking GC Explicit
08-04 21:20:24.284 18171 18434 I art     : Explicit concurrent mark sweep GC freed 3(96B) AllocSpace objects, 0(0B) LOS objects, 23% free, 52MB/68MB, paused 220us total 13.672ms
08-04 21:20:24.291 18171 18434 I art     : Starting a blocking GC Explicit
08-04 21:20:24.304 18171 18434 I art     : Explicit concurrent mark sweep GC freed 3(96B) AllocSpace objects, 0(0B) LOS objects, 23% free, 52MB/68MB, paused 210us total 13.718ms
08-04 21:20:24.311 18171 18434 I art     : Starting a blocking GC Explicit
08-04 21:20:24.325 18171 18434 I art     : Explicit concurrent mark sweep GC freed 3(96B) AllocSpace objects, 0(0B) LOS objects, 23% free, 52MB/68MB, paused 220us total 13.661ms
08-04 21:20:24.634 18171 18183 I art     : Starting a blocking GC Explicit
08-04 21:20:24.652 18171 18183 I art     : Explicit concurrent mark sweep GC freed 1340(78KB) AllocSpace objects, 1(20KB) LOS objects, 23% free, 52MB/68MB, paused 240us total 17.553ms
08-04 21:20:24.662 18171 18183 I art     : Starting a blocking GC Explicit
08-04 21:20:24.679 18171 18183 I art     : Explicit concurrent mark sweep GC freed 20(704B) AllocSpace objects, 0(0B) LOS objects, 23% free, 52MB/68MB, paused 210us total 17.016ms
08-04 21:20:24.686 18171 18183 I art     : Starting a blocking GC Explicit
08-04 21:20:24.699   719   760 I WorkerManager: dispose()
08-04 21:20:24.700 18171 18183 I art     : Explicit concurrent mark sweep GC freed 3(96B) AllocSpace objects, 0(0B) LOS objects, 23% free, 52MB/68MB, paused 216us total 13.970ms
08-04 21:20:24.707 18171 18183 I art     : Starting a blocking GC Explicit
08-04 21:20:24.707   719   760 W ThreadPoolDumper: Queue length for executor EventBus is now 11. Perhaps some tasks are too long, or the pool is too small.
08-04 21:20:24.720 18171 18183 I art     : Explicit concurrent mark sweep GC freed 3(96B) AllocSpace objects, 0(0B) LOS objects, 23% free, 52MB/68MB, paused 206us total 12.718ms
08-04 21:20:24.726 18171 18183 I art     : Starting a blocking GC Explicit
08-04 21:20:24.739 18171 18183 I art     : Explicit concurrent mark sweep GC freed 3(96B) AllocSpace objects, 0(0B) LOS objects, 23% free, 52MB/68MB, paused 207us total 13.123ms
08-04 21:20:25.052 18171 18231 I art     : Starting a blocking GC Explicit
08-04 21:20:25.075 18171 18231 I art     : Explicit concurrent mark sweep GC freed 1340(78KB) AllocSpace objects, 1(20KB) LOS objects, 23% free, 52MB/68MB, paused 262us total 23.420ms
08-04 21:20:25.085 18171 18231 I art     : Starting a blocking GC Explicit
08-04 21:20:25.102 18171 18231 I art     : Explicit concurrent mark sweep GC freed 20(704B) AllocSpace objects, 0(0B) LOS objects, 23% free, 52MB/68MB, paused 227us total 16.220ms
08-04 21:20:25.109 18171 18231 I art     : Starting a blocking GC Explicit
08-04 21:20:25.123 18171 18231 I art     : Explicit concurrent mark sweep GC freed 3(96B) AllocSpace objects, 0(0B) LOS objects, 23% free, 52MB/68MB, paused 218us total 14.058ms
08-04 21:20:25.130 18171 18231 I art     : Starting a blocking GC Explicit
08-04 21:20:25.144 18171 18231 I art     : Explicit concurrent mark sweep GC freed 3(96B) AllocSpace objects, 0(0B) LOS objects, 23% free, 52MB/68MB, paused 268us total 14.299ms
08-04 21:20:25.151 18171 18231 I art     : Starting a blocking GC Explicit
08-04 21:20:25.165 18171 18231 I art     : Explicit concurrent mark sweep GC freed 3(96B) AllocSpace objects, 0(0B) LOS objects, 23% free, 52MB/68MB, paused 229us total 13.977ms
08-04 21:20:25.485 18171 18184 I art     : Starting a blocking GC Explicit
08-04 21:20:25.506 18171 18184 I art     : Explicit concurrent mark sweep GC freed 1340(78KB) AllocSpace objects, 1(20KB) LOS objects, 23% free, 52MB/68MB, paused 255us total 20.379ms
08-04 21:20:25.516 18171 18184 I art     : Starting a blocking GC Explicit
08-04 21:20:25.534 18171 18184 I art     : Explicit concurrent mark sweep GC freed 20(704B) AllocSpace objects, 0(0B) LOS objects, 23% free, 52MB/68MB, paused 234us total 17.518ms
08-04 21:20:25.543 18171 18184 I art     : Starting a blocking GC Explicit
08-04 21:20:25.558 18171 18184 I art     : Explicit concurrent mark sweep GC freed 3(96B) AllocSpace objects, 0(0B) LOS objects, 23% free, 52MB/68MB, paused 227us total 14.584ms
08-04 21:20:25.564 18171 18184 I art     : Starting a blocking GC Explicit
08-04 21:20:25.579 18171 18184 I art     : Explicit concurrent mark sweep GC freed 3(96B) AllocSpace objects, 0(0B) LOS objects, 23% free, 52MB/68MB, paused 218us total 14.400ms
08-04 21:20:25.586 18171 18184 I art     : Starting a blocking GC Explicit
08-04 21:20:25.600 18171 18184 I art     : Explicit concurrent mark sweep GC freed 3(96B) AllocSpace objects, 0(0B) LOS objects, 23% free, 52MB/68MB, paused 228us total 13.658ms
08-04 21:20:25.913 18171 18434 I art     : Starting a blocking GC Explicit
08-04 21:20:25.935 18171 18434 I art     : Explicit concurrent mark sweep GC freed 1340(78KB) AllocSpace objects, 1(20KB) LOS objects, 23% free, 52MB/68MB, paused 303us total 21.416ms
08-04 21:20:25.947 18171 18434 I art     : Starting a blocking GC Explicit
08-04 21:20:25.966 18171 18434 I art     : Explicit concurrent mark sweep GC freed 20(704B) AllocSpace objects, 0(0B) LOS objects, 23% free, 52MB/68MB, paused 248us total 18.013ms
08-04 21:20:25.972 18171 18434 I art     : Starting a blocking GC Explicit
08-04 21:20:25.986 18171 18434 I art     : Explicit concurrent mark sweep GC freed 3(96B) AllocSpace objects, 0(0B) LOS objects, 23% free, 52MB/68MB, paused 217us total 14.030ms
08-04 21:20:25.993 18171 18434 I art     : Starting a blocking GC Explicit
08-04 21:20:26.007 18171 18434 I art     : Explicit concurrent mark sweep GC freed 3(96B) AllocSpace objects, 0(0B) LOS objects, 23% free, 52MB/68MB, paused 217us total 14.178ms
08-04 21:20:26.014 18171 18434 I art     : Starting a blocking GC Explicit
08-04 21:20:26.028 18171 18434 I art     : Explicit concurrent mark sweep GC freed 3(96B) AllocSpace objects, 0(0B) LOS objects, 23% free, 52MB/68MB, paused 214us total 14.037ms
08-04 21:20:26.373 18171 18183 I art     : Starting a blocking GC Explicit
08-04 21:20:26.401 18171 18183 I art     : Explicit concurrent mark sweep GC freed 1340(78KB) AllocSpace objects, 1(20KB) LOS objects, 23% free, 52MB/68MB, paused 355us total 27.188ms
08-04 21:20:26.412 18171 18183 I art     : Starting a blocking GC Explicit
08-04 21:20:26.427 18171 18183 I art     : Explicit concurrent mark sweep GC freed 20(704B) AllocSpace objects, 0(0B) LOS objects, 23% free, 52MB/68MB, paused 261us total 14.479ms
08-04 21:20:26.433 18171 18183 I art     : Starting a blocking GC Explicit
08-04 21:20:26.447 18171 18183 I art     : Explicit concurrent mark sweep GC freed 3(96B) AllocSpace objects, 0(0B) LOS objects, 23% free, 52MB/68MB, paused 216us total 14.098ms
08-04 21:20:26.454 18171 18183 I art     : Starting a blocking GC Explicit
08-04 21:20:26.468 18171 18183 I art     : Explicit concurrent mark sweep GC freed 3(96B) AllocSpace objects, 0(0B) LOS objects, 23% free, 52MB/68MB, paused 214us total 13.961ms
08-04 21:20:26.475 18171 18183 I art     : Starting a blocking GC Explicit
08-04 21:20:26.488 18171 18183 I art     : Explicit concurrent mark sweep GC freed 3(96B) AllocSpace objects, 0(0B) LOS objects, 23% free, 52MB/68MB, paused 214us total 13.635ms
08-04 21:20:26.760 18171 18231 I art     : Starting a blocking GC Explicit
08-04 21:20:26.775 18171 18231 I art     : Explicit concurrent mark sweep GC freed 1340(78KB) AllocSpace objects, 1(20KB) LOS objects, 23% free, 52MB/68MB, paused 233us total 14.942ms
08-04 21:20:26.782 18171 18231 I art     : Starting a blocking GC Explicit
08-04 21:20:26.796 18171 18231 I art     : Explicit concurrent mark sweep GC freed 20(704B) AllocSpace objects, 0(0B) LOS objects, 23% free, 52MB/68MB, paused 222us total 14.001ms
08-04 21:20:26.803 18171 18231 I art     : Starting a blocking GC Explicit
08-04 21:20:26.817 18171 18231 I art     : Explicit concurrent mark sweep GC freed 3(96B) AllocSpace objects, 0(0B) LOS objects, 23% free, 52MB/68MB, paused 230us total 13.825ms
08-04 21:20:26.823 18171 18231 I art     : Starting a blocking GC Explicit
08-04 21:20:26.838 18171 18231 I art     : Explicit concurrent mark sweep GC freed 3(96B) AllocSpace objects, 0(0B) LOS objects, 23% free, 52MB/68MB, paused 214us total 14.040ms
08-04 21:20:26.844 18171 18231 I art     : Starting a blocking GC Explicit
08-04 21:20:26.858 18171 18231 I art     : Explicit concurrent mark sweep GC freed 3(96B) AllocSpace objects, 0(0B) LOS objects, 23% free, 52MB/68MB, paused 224us total 14.013ms
08-04 21:20:27.152 18171 18184 I art     : Starting a blocking GC Explicit
08-04 21:20:27.168 18171 18184 I art     : Explicit concurrent mark sweep GC freed 1340(78KB) AllocSpace objects, 1(20KB) LOS objects, 23% free, 52MB/68MB, paused 227us total 15.913ms
08-04 21:20:27.175 18171 18184 I art     : Starting a blocking GC Explicit
08-04 21:20:27.189 18171 18184 I art     : Explicit concurrent mark sweep GC freed 20(704B) AllocSpace objects, 0(0B) LOS objects, 23% free, 52MB/68MB, paused 220us total 14.495ms
08-04 21:20:27.196 18171 18184 I art     : Starting a blocking GC Explicit
08-04 21:20:27.211 18171 18184 I art     : Explicit concurrent mark sweep GC freed 3(96B) AllocSpace objects, 0(0B) LOS objects, 23% free, 52MB/68MB, paused 219us total 14.519ms
08-04 21:20:27.218 18171 18184 I art     : Starting a blocking GC Explicit
08-04 21:20:27.232 18171 18184 I art     : Explicit concurrent mark sweep GC freed 3(96B) AllocSpace objects, 0(0B) LOS objects, 23% free, 52MB/68MB, paused 216us total 13.730ms
08-04 21:20:27.238 18171 18184 I art     : Starting a blocking GC Explicit
08-04 21:20:27.252 18171 18184 I art     : Explicit concurrent mark sweep GC freed 3(96B) AllocSpace objects, 0(0B) LOS objects, 23% free, 52MB/68MB, paused 214us total 13.489ms
08-04 21:20:27.535 18171 18434 I art     : Starting a blocking GC Explicit
08-04 21:20:27.550 18171 18434 I art     : Explicit concurrent mark sweep GC freed 1340(78KB) AllocSpace objects, 1(20KB) LOS objects, 23% free, 52MB/68MB, paused 209us total 15.102ms
08-04 21:20:27.557 18171 18434 I art     : Starting a blocking GC Explicit
08-04 21:20:27.571 18171 18434 I art     : Explicit concurrent mark sweep GC freed 20(704B) AllocSpace objects, 0(0B) LOS objects, 23% free, 52MB/68MB, paused 219us total 14.448ms
08-04 21:20:27.578 18171 18434 I art     : Starting a blocking GC Explicit
08-04 21:20:27.593 18171 18434 I art     : Explicit concurrent mark sweep GC freed 3(96B) AllocSpace objects, 0(0B) LOS objects, 23% free, 52MB/68MB, paused 221us total 14.376ms
08-04 21:20:27.599 18171 18434 I art     : Starting a blocking GC Explicit
08-04 21:20:27.614 18171 18434 I art     : Explicit concurrent mark sweep GC freed 3(96B) AllocSpace objects, 0(0B) LOS objects, 23% free, 52MB/68MB, paused 217us total 14.015ms
08-04 21:20:27.620 18171 18434 I art     : Starting a blocking GC Explicit
08-04 21:20:27.634 18171 18434 I art     : Explicit concurrent mark sweep GC freed 3(96B) AllocSpace objects, 0(0B) LOS objects, 23% free, 52MB/68MB, paused 210us total 14.077ms
08-04 21:20:27.950 18171 18183 I art     : Starting a blocking GC Explicit
08-04 21:20:27.971 18171 18183 I art     : Explicit concurrent mark sweep GC freed 1340(78KB) AllocSpace objects, 1(20KB) LOS objects, 23% free, 52MB/68MB, paused 243us total 19.922ms
08-04 21:20:27.978 18171 18183 I art     : Starting a blocking GC Explicit
08-04 21:20:27.992 18171 18183 I art     : Explicit concurrent mark sweep GC freed 20(704B) AllocSpace objects, 0(0B) LOS objects, 23% free, 52MB/68MB, paused 212us total 14.345ms
08-04 21:20:27.999 18171 18183 I art     : Starting a blocking GC Explicit
08-04 21:20:28.013 18171 18183 I art     : Explicit concurrent mark sweep GC freed 3(96B) AllocSpace objects, 0(0B) LOS objects, 23% free, 52MB/68MB, paused 201us total 13.711ms
08-04 21:20:28.019 18171 18183 I art     : Starting a blocking GC Explicit
08-04 21:20:28.033 18171 18183 I art     : Explicit concurrent mark sweep GC freed 3(96B) AllocSpace objects, 0(0B) LOS objects, 23% free, 52MB/68MB, paused 210us total 13.550ms
08-04 21:20:28.040 18171 18183 I art     : Starting a blocking GC Explicit
08-04 21:20:28.053 18171 18183 I art     : Explicit concurrent mark sweep GC freed 3(96B) AllocSpace objects, 0(0B) LOS objects, 23% free, 52MB/68MB, paused 206us total 13.649ms
08-04 21:20:28.355 18171 18231 I art     : Starting a blocking GC Explicit
08-04 21:20:28.379 18171 18231 I art     : Explicit concurrent mark sweep GC freed 1340(78KB) AllocSpace objects, 1(20KB) LOS objects, 23% free, 52MB/68MB, paused 254us total 24.011ms
08-04 21:20:28.389 18171 18231 I art     : Starting a blocking GC Explicit
08-04 21:20:28.407 18171 18231 I art     : Explicit concurrent mark sweep GC freed 20(704B) AllocSpace objects, 0(0B) LOS objects, 23% free, 52MB/68MB, paused 328us total 17.681ms
08-04 21:20:28.415 18171 18231 I art     : Starting a blocking GC Explicit
08-04 21:20:28.430 18171 18231 I art     : Explicit concurrent mark sweep GC freed 3(96B) AllocSpace objects, 0(0B) LOS objects, 23% free, 52MB/68MB, paused 214us total 14.363ms
08-04 21:20:28.437 18171 18231 I art     : Starting a blocking GC Explicit
08-04 21:20:28.452 18171 18231 I art     : Explicit concurrent mark sweep GC freed 3(96B) AllocSpace objects, 0(0B) LOS objects, 23% free, 52MB/68MB, paused 458us total 14.787ms
08-04 21:20:28.458 18171 18231 I art     : Starting a blocking GC Explicit
08-04 21:20:28.472 18171 18231 I art     : Explicit concurrent mark sweep GC freed 3(96B) AllocSpace objects, 0(0B) LOS objects, 23% free, 52MB/68MB, paused 216us total 13.649ms
08-04 21:20:28.782 18171 18184 I art     : Starting a blocking GC Explicit
08-04 21:20:28.803 18171 18184 I art     : Explicit concurrent mark sweep GC freed 1340(78KB) AllocSpace objects, 1(20KB) LOS objects, 23% free, 52MB/68MB, paused 266us total 20.589ms
08-04 21:20:28.813 18171 18184 I art     : Starting a blocking GC Explicit
08-04 21:20:28.831 18171 18184 I art     : Explicit concurrent mark sweep GC freed 20(704B) AllocSpace objects, 0(0B) LOS objects, 23% free, 52MB/68MB, paused 218us total 17.148ms
08-04 21:20:28.837 18171 18184 I art     : Starting a blocking GC Explicit
08-04 21:20:28.852 18171 18184 I art     : Explicit concurrent mark sweep GC freed 3(96B) AllocSpace objects, 0(0B) LOS objects, 23% free, 52MB/68MB, paused 218us total 14.235ms
08-04 21:20:28.859 18171 18184 I art     : Starting a blocking GC Explicit
08-04 21:20:28.873 18171 18184 I art     : Explicit concurrent mark sweep GC freed 3(96B) AllocSpace objects, 0(0B) LOS objects, 23% free, 52MB/68MB, paused 220us total 14.495ms
08-04 21:20:28.880 18171 18184 I art     : Starting a blocking GC Explicit
08-04 21:20:28.893 18171 18184 I art     : Explicit concurrent mark sweep GC freed 3(96B) AllocSpace objects, 0(0B) LOS objects, 23% free, 52MB/68MB, paused 211us total 13.614ms
08-04 21:20:29.221 18171 18434 I art     : Starting a blocking GC Explicit
08-04 21:20:29.242 18171 18434 I art     : Explicit concurrent mark sweep GC freed 1340(78KB) AllocSpace objects, 1(20KB) LOS objects, 23% free, 52MB/68MB, paused 258us total 20.761ms
08-04 21:20:29.252 18171 18434 I art     : Starting a blocking GC Explicit
08-04 21:20:29.269 18171 18434 I art     : Explicit concurrent mark sweep GC freed 20(704B) AllocSpace objects, 0(0B) LOS objects, 23% free, 52MB/68MB, paused 228us total 17.179ms
08-04 21:20:29.276 18171 18434 I art     : Starting a blocking GC Explicit
08-04 21:20:29.291 18171 18434 I art     : Explicit concurrent mark sweep GC freed 3(96B) AllocSpace objects, 0(0B) LOS objects, 23% free, 52MB/68MB, paused 224us total 14.394ms
08-04 21:20:29.297 18171 18434 I art     : Starting a blocking GC Explicit
08-04 21:20:29.312 18171 18434 I art     : Explicit concurrent mark sweep GC freed 3(96B) AllocSpace objects, 0(0B) LOS objects, 23% free, 52MB/68MB, paused 216us total 14.397ms
08-04 21:20:29.318 18171 18434 I art     : Starting a blocking GC Explicit
08-04 21:20:29.332 18171 18434 I art     : Explicit concurrent mark sweep GC freed 3(96B) AllocSpace objects, 0(0B) LOS objects, 23% free, 52MB/68MB, paused 208us total 13.720ms
08-04 21:20:29.667 18171 18183 I art     : Starting a blocking GC Explicit
08-04 21:20:29.690 18171 18183 I art     : Explicit concurrent mark sweep GC freed 1340(78KB) AllocSpace objects, 1(20KB) LOS objects, 23% free, 52MB/68MB, paused 304us total 23.033ms
08-04 21:20:29.701 18171 18183 I art     : Starting a blocking GC Explicit
08-04 21:20:29.715 18171 18183 I art     : Explicit concurrent mark sweep GC freed 20(704B) AllocSpace objects, 0(0B) LOS objects, 23% free, 52MB/68MB, paused 214us total 13.471ms
08-04 21:20:29.721 18171 18183 I art     : Starting a blocking GC Explicit
08-04 21:20:29.735 18171 18183 I art     : Explicit concurrent mark sweep GC freed 3(96B) AllocSpace objects, 0(0B) LOS objects, 23% free, 52MB/68MB, paused 206us total 13.556ms
08-04 21:20:29.741 18171 18183 I art     : Starting a blocking GC Explicit
08-04 21:20:29.755 18171 18183 I art     : Explicit concurrent mark sweep GC freed 3(96B) AllocSpace objects, 0(0B) LOS objects, 23% free, 52MB/68MB, paused 202us total 13.592ms
08-04 21:20:29.761 18171 18183 I art     : Starting a blocking GC Explicit
08-04 21:20:29.775 18171 18183 I art     : Explicit concurrent mark sweep GC freed 3(96B) AllocSpace objects, 0(0B) LOS objects, 23% free, 52MB/68MB, paused 207us total 13.867ms
08-04 21:20:30.021 18171 18231 I art     : Starting a blocking GC Explicit
08-04 21:20:30.036 18171 18231 I art     : Explicit concurrent mark sweep GC freed 1340(78KB) AllocSpace objects, 1(20KB) LOS objects, 23% free, 52MB/68MB, paused 224us total 14.120ms
08-04 21:20:30.042 18171 18231 I art     : Starting a blocking GC Explicit
08-04 21:20:30.057 18171 18231 I art     : Explicit concurrent mark sweep GC freed 20(704B) AllocSpace objects, 0(0B) LOS objects, 23% free, 52MB/68MB, paused 821us total 14.496ms
08-04 21:20:30.063 18171 18231 I art     : Starting a blocking GC Explicit
08-04 21:20:30.077 18171 18231 I art     : Explicit concurrent mark sweep GC freed 3(96B) AllocSpace objects, 0(0B) LOS objects, 23% free, 52MB/68MB, paused 273us total 13.421ms
08-04 21:20:30.083 18171 18231 I art     : Starting a blocking GC Explicit
08-04 21:20:30.097 18171 18231 I art     : Explicit concurrent mark sweep GC freed 3(96B) AllocSpace objects, 0(0B) LOS objects, 23% free, 52MB/68MB, paused 748us total 13.856ms
08-04 21:20:30.103 18171 18231 I art     : Starting a blocking GC Explicit
08-04 21:20:30.116 18171 18231 I art     : Explicit concurrent mark sweep GC freed 3(96B) AllocSpace objects, 0(0B) LOS objects, 23% free, 52MB/68MB, paused 272us total 13.089ms
08-04 21:20:30.218 18643 18643 D AndroidRuntime: >>>>>> START com.android.internal.os.RuntimeInit uid 2000 <<<<<<
08-04 21:20:30.224 18643 18643 D AndroidRuntime: CheckJNI is OFF
08-04 21:20:30.255 18643 18643 D ICU     : No timezone override file found: /data/misc/zoneinfo/current/icu/icu_tzdata.dat
08-04 21:20:30.286 18643 18643 I Radio-JNI: register_android_hardware_Radio DONE
08-04 21:20:30.303 18643 18643 D AndroidRuntime: Calling main entry com.android.commands.input.Input
08-04 21:20:30.305 18643 18643 I Input   : injectMotionEvent: MotionEvent { action=ACTION_DOWN, actionButton=0, id[0]=0, x[0]=733.0, y[0]=645.0, toolType[0]=TOOL_TYPE_UNKNOWN, buttonState=0, metaState=0, flags=0x0, edgeFlags=0x0, pointerCount=1, historySize=0, eventTime=739246718, downTime=739246718, deviceId=0, source=0x1002 }
08-04 21:20:30.312 18643 18643 I Input   : injectMotionEvent: MotionEvent { action=ACTION_UP, actionButton=0, id[0]=0, x[0]=733.0, y[0]=645.0, toolType[0]=TOOL_TYPE_UNKNOWN, buttonState=0, metaState=0, flags=0x0, edgeFlags=0x0, pointerCount=1, historySize=0, eventTime=739246718, downTime=739246718, deviceId=0, source=0x1002 }
08-04 21:20:30.314   918  3961 I ActivityManager: START u0 {cmp=baseline.appteam.nith.hillffair/.activities.ClubActivity (has extras)} from uid 10651 on display 0
08-04 21:20:30.321 18643 18643 D AndroidRuntime: Shutting down VM
08-04 21:20:30.382 18171 18183 I art     : Starting a blocking GC Explicit
08-04 21:20:30.399 18171 18183 I art     : Explicit concurrent mark sweep GC freed 5152(321KB) AllocSpace objects, 1(20KB) LOS objects, 23% free, 52MB/68MB, paused 304us total 15.834ms
08-04 21:20:30.406 18171 18183 I art     : Starting a blocking GC Explicit
08-04 21:20:30.407   918   936 I ActivityManager: Displayed baseline.appteam.nith.hillffair/.activities.ClubActivity: +87ms
08-04 21:20:30.408 13866 13866 I GoogleInputMethodServic: GoogleInputMethodService.onFinishInput():3138 
08-04 21:20:30.408 13866 13866 I GoogleInputMethodServic: GoogleInputMethodService.onStartInput():1808 
08-04 21:20:30.423 18171 18183 I art     : Explicit concurrent mark sweep GC freed 258(12KB) AllocSpace objects, 0(0B) LOS objects, 23% free, 52MB/68MB, paused 261us total 16.610ms
08-04 21:20:30.430 18171 18183 I art     : Starting a blocking GC Explicit
08-04 21:20:30.444 18171 18183 I art     : Explicit concurrent mark sweep GC freed 78(5KB) AllocSpace objects, 0(0B) LOS objects, 23% free, 52MB/68MB, paused 267us total 14.768ms
08-04 21:20:30.451 18171 18183 I art     : Starting a blocking GC Explicit
08-04 21:20:30.464 18171 18183 I art     : Explicit concurrent mark sweep GC freed 3(96B) AllocSpace objects, 0(0B) LOS objects, 23% free, 52MB/68MB, paused 249us total 13.164ms
08-04 21:20:30.470 18171 18183 I art     : Starting a blocking GC Explicit
08-04 21:20:30.483 18171 18183 I art     : Explicit concurrent mark sweep GC freed 3(96B) AllocSpace objects, 0(0B) LOS objects, 23% free, 52MB/68MB, paused 228us total 13.262ms
08-04 21:20:30.667   380   380 W SurfaceFlinger: couldn't log to binary event log: overflow.
08-04 21:20:30.730 18171 18231 I art     : Starting a blocking GC Explicit
08-04 21:20:30.744 18171 18231 I art     : Explicit concurrent mark sweep GC freed 1344(78KB) AllocSpace objects, 1(20KB) LOS objects, 23% free, 52MB/68MB, paused 270us total 13.564ms
08-04 21:20:30.750 18171 18231 I art     : Starting a blocking GC Explicit
08-04 21:20:30.765 18171 18231 I art     : Explicit concurrent mark sweep GC freed 20(704B) AllocSpace objects, 0(0B) LOS objects, 23% free, 52MB/68MB, paused 276us total 14.146ms
08-04 21:20:30.772 18171 18231 I art     : Starting a blocking GC Explicit
08-04 21:20:30.789 18171 18231 I art     : Explicit concurrent mark sweep GC freed 69(4KB) AllocSpace objects, 0(0B) LOS objects, 23% free, 52MB/68MB, paused 1.305ms total 16.646ms
08-04 21:20:30.797 18171 18231 I art     : Starting a blocking GC Explicit
08-04 21:20:30.815 18171 18231 I art     : Explicit concurrent mark sweep GC freed 57(3KB) AllocSpace objects, 0(0B) LOS objects, 23% free, 52MB/68MB, paused 276us total 17.638ms
08-04 21:20:30.821 18171 18231 I art     : Starting a blocking GC Explicit
08-04 21:20:30.836 18171 18231 I art     : Explicit concurrent mark sweep GC freed 11(416B) AllocSpace objects, 0(0B) LOS objects, 23% free, 52MB/68MB, paused 239us total 14.660ms
08-04 21:20:31.115 18171 18183 I art     : Starting a blocking GC Explicit
08-04 21:20:31.133 18171 18183 I art     : Explicit concurrent mark sweep GC freed 1396(80KB) AllocSpace objects, 1(20KB) LOS objects, 23% free, 52MB/68MB, paused 248us total 17.892ms
08-04 21:20:31.141 18171 18183 I art     : Starting a blocking GC Explicit
08-04 21:20:31.157 18171 18183 I art     : Explicit concurrent mark sweep GC freed 2553(130KB) AllocSpace objects, 2(120KB) LOS objects, 23% free, 52MB/68MB, paused 408us total 15.728ms
08-04 21:20:31.160 18171 18678 D OkHttp  : --> GET https://api-hillfair-2k16.herokuapp.com/api/app/events/special/event?id=5806551bdcba0f490c70fd1f http/1.1
08-04 21:20:31.164 18171 18183 I art     : Starting a blocking GC Explicit
08-04 21:20:31.178 18171 18183 I art     : Explicit concurrent mark sweep GC freed 1028(118KB) AllocSpace objects, 1(80KB) LOS objects, 23% free, 52MB/68MB, paused 296us total 14.090ms
08-04 21:20:31.184 18171 18183 I art     : Starting a blocking GC Explicit
08-04 21:20:31.193 18171 18678 D OkHttp  : <-- 200 OK https://api-hillfair-2k16.herokuapp.com/api/app/events/special/event?id=5806551bdcba0f490c70fd1f (32ms, 795-byte body)
08-04 21:20:31.197 18171 18183 I art     : Explicit concurrent mark sweep GC freed 174(37KB) AllocSpace objects, 0(0B) LOS objects, 23% free, 52MB/68MB, paused 294us total 13.150ms
08-04 21:20:31.203 18171 18183 I art     : Starting a blocking GC Explicit
08-04 21:20:31.216 18171 18183 I art     : Explicit concurrent mark sweep GC freed 76(3KB) AllocSpace objects, 0(0B) LOS objects, 23% free, 52MB/68MB, paused 219us total 13.296ms
08-04 21:20:31.250 18171 18171 I NAPPA_EXPERIMENTATION: MetricNetworkRequestExecutionTime: REQUEST_DURATION_SYSTEM='900',REQUEST_DURATION_OKHTTP='33',REQUEST_SYNCHRONOUS='FALSE',RESPONSE_CODE='200',RESPONSE_METHOD='GET',RESPONSE_LENGTH_OKHTTP='795',RESPONSE_LENGTH_HEADER='795',REQUEST_PROTOCOL='http/1.1',REQUEST_URL='https://api-hillfair-2k16.herokuapp.com/api/app/events/special/event?id=5806551bdcba0f490c70fd1f',
08-04 21:20:31.278 15172 15172 I ServiceManager: Waiting for service AtCmdFwd...
08-04 21:20:31.448 18171 18183 I art     : Starting a blocking GC Explicit
08-04 21:20:31.461 18171 18183 I art     : Explicit concurrent mark sweep GC freed 1984(167KB) AllocSpace objects, 1(20KB) LOS objects, 23% free, 52MB/68MB, paused 221us total 12.947ms
08-04 21:20:31.466 18171 18183 I art     : Starting a blocking GC Explicit
08-04 21:20:31.480 18171 18183 I art     : Explicit concurrent mark sweep GC freed 72(2400B) AllocSpace objects, 0(0B) LOS objects, 23% free, 52MB/68MB, paused 228us total 13.317ms
08-04 21:20:31.485 18171 18183 I art     : Starting a blocking GC Explicit
08-04 21:20:31.498 18171 18183 I art     : Explicit concurrent mark sweep GC freed 3(96B) AllocSpace objects, 0(0B) LOS objects, 23% free, 52MB/68MB, paused 225us total 12.708ms
08-04 21:20:31.504 18171 18183 I art     : Starting a blocking GC Explicit
08-04 21:20:31.517 18171 18183 I art     : Explicit concurrent mark sweep GC freed 3(96B) AllocSpace objects, 0(0B) LOS objects, 23% free, 52MB/68MB, paused 269us total 13.207ms
08-04 21:20:31.523 18171 18183 I art     : Starting a blocking GC Explicit
08-04 21:20:31.536 18171 18183 I art     : Explicit concurrent mark sweep GC freed 3(96B) AllocSpace objects, 0(0B) LOS objects, 23% free, 52MB/68MB, paused 194us total 12.653ms
08-04 21:20:31.812 18171 18434 I art     : Starting a blocking GC Explicit
08-04 21:20:31.830 18171 18434 I art     : Explicit concurrent mark sweep GC freed 1344(78KB) AllocSpace objects, 1(20KB) LOS objects, 23% free, 52MB/68MB, paused 261us total 17.976ms
08-04 21:20:31.837 18171 18434 I art     : Starting a blocking GC Explicit
08-04 21:20:31.853 18171 18434 I art     : Explicit concurrent mark sweep GC freed 36(1264B) AllocSpace objects, 0(0B) LOS objects, 23% free, 52MB/68MB, paused 226us total 15.741ms
08-04 21:20:31.860 18171 18434 I art     : Starting a blocking GC Explicit
08-04 21:20:31.875 18171 18434 I art     : Explicit concurrent mark sweep GC freed 3(96B) AllocSpace objects, 0(0B) LOS objects, 23% free, 52MB/68MB, paused 227us total 14.809ms
08-04 21:20:31.882 18171 18434 I art     : Starting a blocking GC Explicit
08-04 21:20:31.897 18171 18434 I art     : Explicit concurrent mark sweep GC freed 3(96B) AllocSpace objects, 0(0B) LOS objects, 23% free, 52MB/68MB, paused 253us total 15.073ms
08-04 21:20:31.903 18171 18434 I art     : Starting a blocking GC Explicit
08-04 21:20:31.919 18171 18434 I art     : Explicit concurrent mark sweep GC freed 3(96B) AllocSpace objects, 0(0B) LOS objects, 23% free, 52MB/68MB, paused 232us total 15.013ms
08-04 21:20:32.242 18171 18183 I art     : Starting a blocking GC Explicit
08-04 21:20:32.268 18171 18183 I art     : Explicit concurrent mark sweep GC freed 1341(78KB) AllocSpace objects, 1(20KB) LOS objects, 23% free, 52MB/68MB, paused 471us total 24.992ms
08-04 21:20:32.278 15172 15172 I ServiceManager: Waiting for service AtCmdFwd...
08-04 21:20:32.279 18171 18183 I art     : Starting a blocking GC Explicit
08-04 21:20:32.294 18171 18183 I art     : Explicit concurrent mark sweep GC freed 20(704B) AllocSpace objects, 0(0B) LOS objects, 23% free, 52MB/68MB, paused 231us total 15.515ms
08-04 21:20:32.301 18171 18183 I art     : Starting a blocking GC Explicit
08-04 21:20:32.317 18171 18183 I art     : Explicit concurrent mark sweep GC freed 3(96B) AllocSpace objects, 0(0B) LOS objects, 23% free, 52MB/68MB, paused 327us total 15.242ms
08-04 21:20:32.323 18171 18183 I art     : Starting a blocking GC Explicit
08-04 21:20:32.338 18171 18183 I art     : Explicit concurrent mark sweep GC freed 3(96B) AllocSpace objects, 0(0B) LOS objects, 23% free, 52MB/68MB, paused 229us total 15.037ms
08-04 21:20:32.345 18171 18183 I art     : Starting a blocking GC Explicit
08-04 21:20:32.360 18171 18183 I art     : Explicit concurrent mark sweep GC freed 3(96B) AllocSpace objects, 0(0B) LOS objects, 23% free, 52MB/68MB, paused 226us total 15.100ms
08-04 21:20:32.696 18171 18231 I art     : Starting a blocking GC Explicit
08-04 21:20:32.722 18171 18231 I art     : Explicit concurrent mark sweep GC freed 1341(78KB) AllocSpace objects, 1(20KB) LOS objects, 23% free, 52MB/68MB, paused 283us total 25.408ms
08-04 21:20:32.733 18171 18231 I art     : Starting a blocking GC Explicit
08-04 21:20:32.750 18171 18231 I art     : Explicit concurrent mark sweep GC freed 20(704B) AllocSpace objects, 0(0B) LOS objects, 23% free, 52MB/68MB, paused 234us total 16.040ms
08-04 21:20:32.756 18171 18231 I art     : Starting a blocking GC Explicit
08-04 21:20:32.771 18171 18231 I art     : Explicit concurrent mark sweep GC freed 3(96B) AllocSpace objects, 0(0B) LOS objects, 23% free, 52MB/68MB, paused 226us total 14.686ms
08-04 21:20:32.777 18171 18231 I art     : Starting a blocking GC Explicit
08-04 21:20:32.792 18171 18231 I art     : Explicit concurrent mark sweep GC freed 3(96B) AllocSpace objects, 0(0B) LOS objects, 23% free, 52MB/68MB, paused 231us total 14.950ms
08-04 21:20:32.799 18171 18231 I art     : Starting a blocking GC Explicit
08-04 21:20:32.814 18171 18231 I art     : Explicit concurrent mark sweep GC freed 3(96B) AllocSpace objects, 0(0B) LOS objects, 23% free, 52MB/68MB, paused 211us total 14.875ms
08-04 21:20:33.116 18171 18184 I art     : Starting a blocking GC Explicit
08-04 21:20:33.142 18171 18184 I art     : Explicit concurrent mark sweep GC freed 1341(78KB) AllocSpace objects, 1(20KB) LOS objects, 23% free, 52MB/68MB, paused 285us total 25.006ms
08-04 21:20:33.152 18171 18184 I art     : Starting a blocking GC Explicit
08-04 21:20:33.170 18171 18184 I art     : Explicit concurrent mark sweep GC freed 20(704B) AllocSpace objects, 0(0B) LOS objects, 23% free, 52MB/68MB, paused 239us total 17.337ms
08-04 21:20:33.177 18171 18184 I art     : Starting a blocking GC Explicit
08-04 21:20:33.192 18171 18184 I art     : Explicit concurrent mark sweep GC freed 3(96B) AllocSpace objects, 0(0B) LOS objects, 23% free, 52MB/68MB, paused 244us total 15.414ms
08-04 21:20:33.199 18171 18184 I art     : Starting a blocking GC Explicit
08-04 21:20:33.214 18171 18184 I art     : Explicit concurrent mark sweep GC freed 3(96B) AllocSpace objects, 0(0B) LOS objects, 23% free, 52MB/68MB, paused 216us total 14.029ms
08-04 21:20:33.220 18171 18184 I art     : Starting a blocking GC Explicit
08-04 21:20:33.234 18171 18184 I art     : Explicit concurrent mark sweep GC freed 3(96B) AllocSpace objects, 0(0B) LOS objects, 23% free, 52MB/68MB, paused 228us total 14.253ms
08-04 21:20:33.279 15172 15172 I ServiceManager: Waiting for service AtCmdFwd...
08-04 21:20:33.538 18171 18434 I art     : Starting a blocking GC Explicit
08-04 21:20:33.564 18171 18434 I art     : Explicit concurrent mark sweep GC freed 1341(78KB) AllocSpace objects, 1(20KB) LOS objects, 23% free, 52MB/68MB, paused 281us total 25.102ms
08-04 21:20:33.574 18171 18434 I art     : Starting a blocking GC Explicit
08-04 21:20:33.592 18171 18434 I art     : Explicit concurrent mark sweep GC freed 20(704B) AllocSpace objects, 0(0B) LOS objects, 23% free, 52MB/68MB, paused 243us total 17.562ms
08-04 21:20:33.599 18171 18434 I art     : Starting a blocking GC Explicit
08-04 21:20:33.614 18171 18434 I art     : Explicit concurrent mark sweep GC freed 3(96B) AllocSpace objects, 0(0B) LOS objects, 23% free, 52MB/68MB, paused 227us total 15.262ms
08-04 21:20:33.621 18171 18434 I art     : Starting a blocking GC Explicit
08-04 21:20:33.636 18171 18434 I art     : Explicit concurrent mark sweep GC freed 3(96B) AllocSpace objects, 0(0B) LOS objects, 23% free, 52MB/68MB, paused 238us total 15.154ms
08-04 21:20:33.643 18171 18434 I art     : Starting a blocking GC Explicit
08-04 21:20:33.658 18171 18434 I art     : Explicit concurrent mark sweep GC freed 3(96B) AllocSpace objects, 0(0B) LOS objects, 23% free, 52MB/68MB, paused 238us total 14.763ms
08-04 21:20:33.947 18171 18183 I art     : Starting a blocking GC Explicit
08-04 21:20:33.963 18171 18183 I art     : Explicit concurrent mark sweep GC freed 1341(78KB) AllocSpace objects, 1(20KB) LOS objects, 23% free, 52MB/68MB, paused 229us total 15.889ms
08-04 21:20:33.969 18171 18183 I art     : Starting a blocking GC Explicit
08-04 21:20:33.985 18171 18183 I art     : Explicit concurrent mark sweep GC freed 20(704B) AllocSpace objects, 0(0B) LOS objects, 23% free, 52MB/68MB, paused 233us total 15.479ms
08-04 21:20:33.992 18171 18183 I art     : Starting a blocking GC Explicit
08-04 21:20:34.007 18171 18183 I art     : Explicit concurrent mark sweep GC freed 3(96B) AllocSpace objects, 0(0B) LOS objects, 23% free, 52MB/68MB, paused 240us total 14.690ms
08-04 21:20:34.013 18171 18183 I art     : Starting a blocking GC Explicit
08-04 21:20:34.028 18171 18183 I art     : Explicit concurrent mark sweep GC freed 3(96B) AllocSpace objects, 0(0B) LOS objects, 23% free, 52MB/68MB, paused 225us total 14.788ms
08-04 21:20:34.035 18171 18183 I art     : Starting a blocking GC Explicit
08-04 21:20:34.049 18171 18183 I art     : Explicit concurrent mark sweep GC freed 3(96B) AllocSpace objects, 0(0B) LOS objects, 23% free, 52MB/68MB, paused 231us total 14.542ms
08-04 21:20:34.280 15172 15172 I ServiceManager: Waiting for service AtCmdFwd...
08-04 21:20:34.333 18171 18231 I art     : Starting a blocking GC Explicit
08-04 21:20:34.350 18171 18231 I art     : Explicit concurrent mark sweep GC freed 1341(78KB) AllocSpace objects, 1(20KB) LOS objects, 23% free, 52MB/68MB, paused 234us total 16.605ms
08-04 21:20:34.357 18171 18231 I art     : Starting a blocking GC Explicit
08-04 21:20:34.372 18171 18231 I art     : Explicit concurrent mark sweep GC freed 20(704B) AllocSpace objects, 0(0B) LOS objects, 23% free, 52MB/68MB, paused 225us total 15.112ms
08-04 21:20:34.379 18171 18231 I art     : Starting a blocking GC Explicit
08-04 21:20:34.386   918  1210 D NetlinkSocketObserver: NeighborEvent{elapsedMs=1722638261, 192.168.2.254, [7C3953A63323], RTM_NEWNEIGH, NUD_STALE}
08-04 21:20:34.395 18171 18231 I art     : Explicit concurrent mark sweep GC freed 3(96B) AllocSpace objects, 0(0B) LOS objects, 23% free, 52MB/68MB, paused 233us total 15.260ms
08-04 21:20:34.401 18171 18231 I art     : Starting a blocking GC Explicit
08-04 21:20:34.416 18171 18231 I art     : Explicit concurrent mark sweep GC freed 3(96B) AllocSpace objects, 0(0B) LOS objects, 23% free, 52MB/68MB, paused 235us total 14.742ms
08-04 21:20:34.423 18171 18231 I art     : Starting a blocking GC Explicit
08-04 21:20:34.438 18171 18231 I art     : Explicit concurrent mark sweep GC freed 3(96B) AllocSpace objects, 0(0B) LOS objects, 23% free, 52MB/68MB, paused 231us total 15.087ms
08-04 21:20:34.743 18171 18184 I art     : Starting a blocking GC Explicit
08-04 21:20:34.751   918  3261 D WifiStateMachine: starting scan for "H369AA63323"WPA_PSK with 2412,5180
08-04 21:20:34.768 18171 18184 I art     : Explicit concurrent mark sweep GC freed 1341(78KB) AllocSpace objects, 1(20KB) LOS objects, 23% free, 52MB/68MB, paused 274us total 24.693ms
08-04 21:20:34.774 18171 18184 I art     : Starting a blocking GC Explicit
08-04 21:20:34.790 18171 18184 I art     : Explicit concurrent mark sweep GC freed 20(704B) AllocSpace objects, 0(0B) LOS objects, 23% free, 52MB/68MB, paused 238us total 15.374ms
08-04 21:20:34.797 18171 18184 I art     : Starting a blocking GC Explicit
08-04 21:20:34.812 18171 18184 I art     : Explicit concurrent mark sweep GC freed 3(96B) AllocSpace objects, 0(0B) LOS objects, 23% free, 52MB/68MB, paused 216us total 14.562ms
08-04 21:20:34.818 18171 18184 I art     : Starting a blocking GC Explicit
08-04 21:20:34.833 18171 18184 I art     : Explicit concurrent mark sweep GC freed 3(96B) AllocSpace objects, 0(0B) LOS objects, 23% free, 52MB/68MB, paused 214us total 14.022ms
08-04 21:20:34.839 18171 18184 I art     : Starting a blocking GC Explicit
08-04 21:20:34.854 18171 18184 I art     : Explicit concurrent mark sweep GC freed 3(96B) AllocSpace objects, 0(0B) LOS objects, 23% free, 52MB/68MB, paused 233us total 14.480ms
08-04 21:20:35.152 18171 18434 I art     : Starting a blocking GC Explicit
08-04 21:20:35.173 18171 18434 I art     : Explicit concurrent mark sweep GC freed 1341(78KB) AllocSpace objects, 1(20KB) LOS objects, 23% free, 52MB/68MB, paused 276us total 21.059ms
08-04 21:20:35.181 18171 18434 I art     : Starting a blocking GC Explicit
08-04 21:20:35.197 18171 18434 I art     : Explicit concurrent mark sweep GC freed 20(704B) AllocSpace objects, 0(0B) LOS objects, 23% free, 52MB/68MB, paused 290us total 15.511ms
08-04 21:20:35.204 18171 18434 I art     : Starting a blocking GC Explicit
08-04 21:20:35.219 18171 18434 I art     : Explicit concurrent mark sweep GC freed 3(96B) AllocSpace objects, 0(0B) LOS objects, 23% free, 52MB/68MB, paused 224us total 14.695ms
08-04 21:20:35.226 18171 18434 I art     : Starting a blocking GC Explicit
08-04 21:20:35.241 18171 18434 I art     : Explicit concurrent mark sweep GC freed 3(96B) AllocSpace objects, 0(0B) LOS objects, 23% free, 52MB/68MB, paused 235us total 14.719ms
08-04 21:20:35.247 18171 18434 I art     : Starting a blocking GC Explicit
08-04 21:20:35.262 18171 18434 I art     : Explicit concurrent mark sweep GC freed 3(96B) AllocSpace objects, 0(0B) LOS objects, 23% free, 52MB/68MB, paused 228us total 14.646ms
08-04 21:20:35.280 15172 15172 I ServiceManager: Waiting for service AtCmdFwd...
08-04 21:20:35.563 18171 18183 I art     : Starting a blocking GC Explicit
08-04 21:20:35.585 18171 18183 I art     : Explicit concurrent mark sweep GC freed 1533(90KB) AllocSpace objects, 1(20KB) LOS objects, 23% free, 52MB/68MB, paused 318us total 22.182ms
08-04 21:20:35.596 18171 18183 I art     : Starting a blocking GC Explicit
08-04 21:20:35.616 18171 18183 I art     : Explicit concurrent mark sweep GC freed 25(912B) AllocSpace objects, 0(0B) LOS objects, 23% free, 52MB/68MB, paused 307us total 19.990ms
08-04 21:20:35.625 18171 18183 I art     : Starting a blocking GC Explicit
08-04 21:20:35.641 18171 18183 I art     : Explicit concurrent mark sweep GC freed 20(976B) AllocSpace objects, 0(0B) LOS objects, 23% free, 52MB/68MB, paused 290us total 15.500ms
08-04 21:20:35.648 18171 18183 I art     : Starting a blocking GC Explicit
08-04 21:20:35.663 18171 18183 I art     : Explicit concurrent mark sweep GC freed 64(3KB) AllocSpace objects, 0(0B) LOS objects, 23% free, 52MB/68MB, paused 260us total 15.249ms
08-04 21:20:35.670 18171 18183 I art     : Starting a blocking GC Explicit
08-04 21:20:35.686 18171 18183 I art     : Explicit concurrent mark sweep GC freed 22(832B) AllocSpace objects, 0(0B) LOS objects, 23% free, 52MB/68MB, paused 265us total 15.025ms
08-04 21:20:35.775 18171 18812 W OneSignal: OneSignalRestClient: POST Error thrown from network stack. 
08-04 21:20:35.775 18171 18812 W OneSignal: java.io.IOException: unexpected end of stream on Connection{api.onesignal.com:443, proxy=HTTP@192.168.2.12:8080 hostAddress=192.168.2.12 cipherSuite=TLS_ECDHE_RSA_WITH_AES_128_GCM_SHA256 protocol=http/1.1} (recycle count=0)
08-04 21:20:35.775 18171 18812 W OneSignal: 	at com.android.okhttp.internal.http.HttpConnection.readResponse(HttpConnection.java:210)
08-04 21:20:35.775 18171 18812 W OneSignal: 	at com.android.okhttp.internal.http.HttpTransport.readResponseHeaders(HttpTransport.java:80)
08-04 21:20:35.775 18171 18812 W OneSignal: 	at com.android.okhttp.internal.http.HttpEngine.readNetworkResponse(HttpEngine.java:904)
08-04 21:20:35.775 18171 18812 W OneSignal: 	at com.android.okhttp.internal.http.HttpEngine.readResponse(HttpEngine.java:788)
08-04 21:20:35.775 18171 18812 W OneSignal: 	at com.android.okhttp.internal.huc.HttpURLConnectionImpl.execute(HttpURLConnectionImpl.java:439)
08-04 21:20:35.775 18171 18812 W OneSignal: 	at com.android.okhttp.internal.huc.HttpURLConnectionImpl.getResponse(HttpURLConnectionImpl.java:384)
08-04 21:20:35.775 18171 18812 W OneSignal: 	at com.android.okhttp.internal.huc.HttpURLConnectionImpl.getResponseCode(HttpURLConnectionImpl.java:497)
08-04 21:20:35.775 18171 18812 W OneSignal: 	at com.android.okhttp.internal.huc.DelegatingHttpsURLConnection.getResponseCode(DelegatingHttpsURLConnection.java:105)
08-04 21:20:35.775 18171 18812 W OneSignal: 	at com.android.okhttp.internal.huc.HttpsURLConnectionImpl.getResponseCode(HttpsURLConnectionImpl.java)
08-04 21:20:35.775 18171 18812 W OneSignal: 	at com.onesignal.OneSignalRestClient.startHTTPConnection(OneSignalRestClient.java:180)
08-04 21:20:35.775 18171 18812 W OneSignal: 	at com.onesignal.OneSignalRestClient.access$100(OneSignalRestClient.java:44)
08-04 21:20:35.775 18171 18812 W OneSignal: 	at com.onesignal.OneSignalRestClient$4.run(OneSignalRestClient.java:110)
08-04 21:20:35.775 18171 18812 W OneSignal: 	at java.lang.Thread.run(Thread.java:818)
08-04 21:20:35.775 18171 18812 W OneSignal: Caused by: java.io.EOFException: \n not found: size=0 content=...
08-04 21:20:35.775 18171 18812 W OneSignal: 	at com.android.okhttp.okio.RealBufferedSource.readUtf8LineStrict(RealBufferedSource.java:200)
08-04 21:20:35.775 18171 18812 W OneSignal: 	at com.android.okhttp.internal.http.HttpConnection.readResponse(HttpConnection.java:191)
08-04 21:20:35.775 18171 18812 W OneSignal: 	... 12 more
08-04 21:20:35.776 18171 18813 W OneSignal: Failed last request. statusCode: -1
08-04 21:20:35.776 18171 18813 W OneSignal: response: null
08-04 21:20:35.986 18171 18231 I art     : Starting a blocking GC Explicit
08-04 21:20:36.010 18171 18231 I art     : Explicit concurrent mark sweep GC freed 3618(225KB) AllocSpace objects, 1(20KB) LOS objects, 23% free, 52MB/68MB, paused 354us total 23.619ms
08-04 21:20:36.020 18171 18231 I art     : Starting a blocking GC Explicit
08-04 21:20:36.035 18171 18231 I art     : Explicit concurrent mark sweep GC freed 67(2432B) AllocSpace objects, 0(0B) LOS objects, 23% free, 52MB/68MB, paused 234us total 14.855ms
08-04 21:20:36.041 18171 18231 I art     : Starting a blocking GC Explicit
08-04 21:20:36.056 18171 18231 I art     : Explicit concurrent mark sweep GC freed 3(96B) AllocSpace objects, 0(0B) LOS objects, 23% free, 52MB/68MB, paused 226us total 14.765ms
08-04 21:20:36.063 18171 18231 I art     : Starting a blocking GC Explicit
08-04 21:20:36.077 18171 18231 I art     : Explicit concurrent mark sweep GC freed 3(96B) AllocSpace objects, 0(0B) LOS objects, 23% free, 52MB/68MB, paused 234us total 14.613ms
08-04 21:20:36.084 18171 18231 I art     : Starting a blocking GC Explicit
08-04 21:20:36.099 18171 18231 I art     : Explicit concurrent mark sweep GC freed 3(96B) AllocSpace objects, 0(0B) LOS objects, 23% free, 52MB/68MB, paused 232us total 14.497ms
08-04 21:20:36.281 15172 15172 W Atfwd_Sendcmd: AtCmdFwd service not published, waiting... retryCnt : 1
08-04 21:20:36.404 18171 18184 I art     : Starting a blocking GC Explicit
08-04 21:20:36.423 18171 18184 I art     : Explicit concurrent mark sweep GC freed 1341(78KB) AllocSpace objects, 1(20KB) LOS objects, 23% free, 52MB/68MB, paused 276us total 18.164ms
08-04 21:20:36.433 18171 18184 I art     : Starting a blocking GC Explicit
08-04 21:20:36.449 18171 18184 I art     : Explicit concurrent mark sweep GC freed 20(704B) AllocSpace objects, 0(0B) LOS objects, 23% free, 52MB/68MB, paused 238us total 15.522ms
08-04 21:20:36.456 18171 18184 I art     : Starting a blocking GC Explicit
08-04 21:20:36.471 18171 18184 I art     : Explicit concurrent mark sweep GC freed 3(96B) AllocSpace objects, 0(0B) LOS objects, 23% free, 52MB/68MB, paused 234us total 14.903ms
08-04 21:20:36.477 18171 18184 I art     : Starting a blocking GC Explicit
08-04 21:20:36.493 18171 18184 I art     : Explicit concurrent mark sweep GC freed 3(96B) AllocSpace objects, 0(0B) LOS objects, 23% free, 52MB/68MB, paused 235us total 15.382ms
08-04 21:20:36.499 18171 18184 I art     : Starting a blocking GC Explicit
08-04 21:20:36.514 18171 18184 I art     : Explicit concurrent mark sweep GC freed 3(96B) AllocSpace objects, 0(0B) LOS objects, 23% free, 52MB/68MB, paused 231us total 14.577ms
08-04 21:20:36.826 18171 18434 I art     : Starting a blocking GC Explicit
08-04 21:20:36.851 18171 18434 I art     : Explicit concurrent mark sweep GC freed 1341(78KB) AllocSpace objects, 1(20KB) LOS objects, 23% free, 52MB/68MB, paused 283us total 24.447ms
08-04 21:20:36.852 18171 18181 I art     : WaitForGcToComplete blocked for 20.826ms for cause HeapTrim
08-04 21:20:36.864 18171 18434 I art     : Starting a blocking GC Explicit
08-04 21:20:36.879 18171 18434 I art     : Explicit concurrent mark sweep GC freed 20(704B) AllocSpace objects, 0(0B) LOS objects, 23% free, 52MB/68MB, paused 231us total 14.719ms
08-04 21:20:36.885 18171 18434 I art     : Starting a blocking GC Explicit
08-04 21:20:36.900 18171 18434 I art     : Explicit concurrent mark sweep GC freed 3(96B) AllocSpace objects, 0(0B) LOS objects, 23% free, 52MB/68MB, paused 231us total 14.612ms
08-04 21:20:36.906 18171 18434 I art     : Starting a blocking GC Explicit
08-04 21:20:36.921 18171 18434 I art     : Explicit concurrent mark sweep GC freed 3(96B) AllocSpace objects, 0(0B) LOS objects, 23% free, 52MB/68MB, paused 243us total 14.832ms
08-04 21:20:36.928 18171 18434 I art     : Starting a blocking GC Explicit
08-04 21:20:36.943 18171 18434 I art     : Explicit concurrent mark sweep GC freed 3(96B) AllocSpace objects, 0(0B) LOS objects, 23% free, 52MB/68MB, paused 231us total 14.928ms
08-04 21:20:37.273 18171 18183 I art     : Starting a blocking GC Explicit
08-04 21:20:37.297 18171 18183 I art     : Explicit concurrent mark sweep GC freed 1341(78KB) AllocSpace objects, 1(20KB) LOS objects, 23% free, 52MB/68MB, paused 364us total 23.761ms
08-04 21:20:37.308 18171 18183 I art     : Starting a blocking GC Explicit
08-04 21:20:37.324 18171 18183 I art     : Explicit concurrent mark sweep GC freed 20(704B) AllocSpace objects, 0(0B) LOS objects, 23% free, 52MB/68MB, paused 225us total 15.977ms
08-04 21:20:37.331 18171 18183 I art     : Starting a blocking GC Explicit
08-04 21:20:37.347 18171 18183 I art     : Explicit concurrent mark sweep GC freed 3(96B) AllocSpace objects, 0(0B) LOS objects, 23% free, 52MB/68MB, paused 237us total 15.332ms
08-04 21:20:37.353 18171 18183 I art     : Starting a blocking GC Explicit
08-04 21:20:37.369 18171 18183 I art     : Explicit concurrent mark sweep GC freed 3(96B) AllocSpace objects, 0(0B) LOS objects, 23% free, 52MB/68MB, paused 275us total 15.309ms
08-04 21:20:37.375 18171 18183 I art     : Starting a blocking GC Explicit
08-04 21:20:37.391 18171 18183 I art     : Explicit concurrent mark sweep GC freed 3(96B) AllocSpace objects, 0(0B) LOS objects, 23% free, 52MB/68MB, paused 236us total 14.985ms
08-04 21:20:37.695 18171 18231 I art     : Starting a blocking GC Explicit
08-04 21:20:37.717 18171 18231 I art     : Explicit concurrent mark sweep GC freed 1341(78KB) AllocSpace objects, 1(20KB) LOS objects, 23% free, 52MB/68MB, paused 280us total 21.669ms
08-04 21:20:37.728 18171 18231 I art     : Starting a blocking GC Explicit
08-04 21:20:37.743 18171 18231 I art     : Explicit concurrent mark sweep GC freed 20(704B) AllocSpace objects, 0(0B) LOS objects, 23% free, 52MB/68MB, paused 248us total 15.408ms
08-04 21:20:37.750 18171 18231 I art     : Starting a blocking GC Explicit
08-04 21:20:37.765 18171 18231 I art     : Explicit concurrent mark sweep GC freed 3(96B) AllocSpace objects, 0(0B) LOS objects, 23% free, 52MB/68MB, paused 232us total 14.924ms
08-04 21:20:37.772 18171 18231 I art     : Starting a blocking GC Explicit
08-04 21:20:37.786 18171 18231 I art     : Explicit concurrent mark sweep GC freed 3(96B) AllocSpace objects, 0(0B) LOS objects, 23% free, 52MB/68MB, paused 230us total 14.532ms
08-04 21:20:37.793 18171 18231 I art     : Starting a blocking GC Explicit
08-04 21:20:37.808 18171 18231 I art     : Explicit concurrent mark sweep GC freed 3(96B) AllocSpace objects, 0(0B) LOS objects, 23% free, 52MB/68MB, paused 234us total 14.737ms
08-04 21:20:38.124 18171 18184 I art     : Starting a blocking GC Explicit
08-04 21:20:38.147 18171 18184 I art     : Explicit concurrent mark sweep GC freed 1341(78KB) AllocSpace objects, 1(20KB) LOS objects, 23% free, 52MB/68MB, paused 334us total 22.702ms
08-04 21:20:38.158 18171 18184 I art     : Starting a blocking GC Explicit
08-04 21:20:38.174 18171 18184 I art     : Explicit concurrent mark sweep GC freed 20(704B) AllocSpace objects, 0(0B) LOS objects, 23% free, 52MB/68MB, paused 237us total 16.038ms
08-04 21:20:38.180 18171 18184 I art     : Starting a blocking GC Explicit
08-04 21:20:38.195 18171 18184 I art     : Explicit concurrent mark sweep GC freed 3(96B) AllocSpace objects, 0(0B) LOS objects, 23% free, 52MB/68MB, paused 229us total 14.537ms
08-04 21:20:38.202 18171 18184 I art     : Starting a blocking GC Explicit
08-04 21:20:38.216 18171 18184 I art     : Explicit concurrent mark sweep GC freed 3(96B) AllocSpace objects, 0(0B) LOS objects, 23% free, 52MB/68MB, paused 231us total 14.653ms
08-04 21:20:38.223 18171 18184 I art     : Starting a blocking GC Explicit
08-04 21:20:38.237 18171 18184 I art     : Explicit concurrent mark sweep GC freed 3(96B) AllocSpace objects, 0(0B) LOS objects, 23% free, 52MB/68MB, paused 232us total 14.525ms
08-04 21:20:38.555 18171 18434 I art     : Starting a blocking GC Explicit
08-04 21:20:38.577 18171 18434 I art     : Explicit concurrent mark sweep GC freed 1341(78KB) AllocSpace objects, 1(20KB) LOS objects, 23% free, 52MB/68MB, paused 291us total 21.851ms
08-04 21:20:38.588 18171 18434 I art     : Starting a blocking GC Explicit
08-04 21:20:38.603 18171 18434 I art     : Explicit concurrent mark sweep GC freed 20(704B) AllocSpace objects, 0(0B) LOS objects, 23% free, 52MB/68MB, paused 244us total 14.962ms
08-04 21:20:38.610 18171 18434 I art     : Starting a blocking GC Explicit
08-04 21:20:38.625 18171 18434 I art     : Explicit concurrent mark sweep GC freed 3(96B) AllocSpace objects, 0(0B) LOS objects, 23% free, 52MB/68MB, paused 239us total 14.953ms
08-04 21:20:38.631 18171 18434 I art     : Starting a blocking GC Explicit
08-04 21:20:38.647 18171 18434 I art     : Explicit concurrent mark sweep GC freed 3(96B) AllocSpace objects, 0(0B) LOS objects, 23% free, 52MB/68MB, paused 240us total 15.050ms
08-04 21:20:38.653 18171 18434 I art     : Starting a blocking GC Explicit
08-04 21:20:38.668 18171 18434 I art     : Explicit concurrent mark sweep GC freed 3(96B) AllocSpace objects, 0(0B) LOS objects, 23% free, 52MB/68MB, paused 237us total 14.632ms
08-04 21:20:38.963 18171 18183 I art     : Starting a blocking GC Explicit
08-04 21:20:38.984 18171 18183 I art     : Explicit concurrent mark sweep GC freed 1341(78KB) AllocSpace objects, 1(20KB) LOS objects, 23% free, 52MB/68MB, paused 327us total 20.573ms
08-04 21:20:38.995 18171 18183 I art     : Starting a blocking GC Explicit
08-04 21:20:39.010 18171 18183 I art     : Explicit concurrent mark sweep GC freed 20(704B) AllocSpace objects, 0(0B) LOS objects, 23% free, 52MB/68MB, paused 221us total 15.082ms
08-04 21:20:39.017 18171 18183 I art     : Starting a blocking GC Explicit
08-04 21:20:39.032 18171 18183 I art     : Explicit concurrent mark sweep GC freed 3(96B) AllocSpace objects, 0(0B) LOS objects, 23% free, 52MB/68MB, paused 221us total 14.988ms
08-04 21:20:39.039 18171 18183 I art     : Starting a blocking GC Explicit
08-04 21:20:39.054 18171 18183 I art     : Explicit concurrent mark sweep GC freed 3(96B) AllocSpace objects, 0(0B) LOS objects, 23% free, 52MB/68MB, paused 233us total 14.626ms
08-04 21:20:39.060 18171 18183 I art     : Starting a blocking GC Explicit
08-04 21:20:39.075 18171 18183 I art     : Explicit concurrent mark sweep GC freed 3(96B) AllocSpace objects, 0(0B) LOS objects, 23% free, 52MB/68MB, paused 232us total 14.577ms
08-04 21:20:39.411 18171 18231 I art     : Starting a blocking GC Explicit
08-04 21:20:39.434 18171 18231 I art     : Explicit concurrent mark sweep GC freed 1341(78KB) AllocSpace objects, 1(20KB) LOS objects, 23% free, 52MB/68MB, paused 362us total 22.281ms
08-04 21:20:39.447 18171 18231 I art     : Starting a blocking GC Explicit
08-04 21:20:39.462 18171 18231 I art     : Explicit concurrent mark sweep GC freed 20(704B) AllocSpace objects, 0(0B) LOS objects, 23% free, 52MB/68MB, paused 230us total 14.399ms
08-04 21:20:39.468 18171 18231 I art     : Starting a blocking GC Explicit
08-04 21:20:39.482 18171 18231 I art     : Explicit concurrent mark sweep GC freed 3(96B) AllocSpace objects, 0(0B) LOS objects, 23% free, 52MB/68MB, paused 223us total 14.355ms
08-04 21:20:39.489 18171 18231 I art     : Starting a blocking GC Explicit
08-04 21:20:39.503 18171 18231 I art     : Explicit concurrent mark sweep GC freed 3(96B) AllocSpace objects, 0(0B) LOS objects, 23% free, 52MB/68MB, paused 229us total 14.606ms
08-04 21:20:39.510 18171 18231 I art     : Starting a blocking GC Explicit
08-04 21:20:39.525 18171 18231 I art     : Explicit concurrent mark sweep GC freed 3(96B) AllocSpace objects, 0(0B) LOS objects, 23% free, 52MB/68MB, paused 240us total 14.573ms
08-04 21:20:39.840 18171 18184 I art     : Starting a blocking GC Explicit
08-04 21:20:39.865 18171 18184 I art     : Explicit concurrent mark sweep GC freed 1341(78KB) AllocSpace objects, 1(20KB) LOS objects, 23% free, 52MB/68MB, paused 350us total 24.713ms
08-04 21:20:39.880 18171 18184 I art     : Starting a blocking GC Explicit
08-04 21:20:39.896 18171 18184 I art     : Explicit concurrent mark sweep GC freed 20(704B) AllocSpace objects, 0(0B) LOS objects, 23% free, 52MB/68MB, paused 235us total 15.756ms
08-04 21:20:39.903 18171 18184 I art     : Starting a blocking GC Explicit
08-04 21:20:39.919 18171 18184 I art     : Explicit concurrent mark sweep GC freed 3(96B) AllocSpace objects, 0(0B) LOS objects, 23% free, 52MB/68MB, paused 234us total 15.679ms
08-04 21:20:39.925 18171 18184 I art     : Starting a blocking GC Explicit
08-04 21:20:39.940 18171 18184 I art     : Explicit concurrent mark sweep GC freed 3(96B) AllocSpace objects, 0(0B) LOS objects, 23% free, 52MB/68MB, paused 238us total 14.698ms
08-04 21:20:39.947 18171 18184 I art     : Starting a blocking GC Explicit
08-04 21:20:39.961 18171 18184 I art     : Explicit concurrent mark sweep GC freed 3(96B) AllocSpace objects, 0(0B) LOS objects, 23% free, 52MB/68MB, paused 231us total 14.540ms
08-04 21:20:40.273 18171 18434 I art     : Starting a blocking GC Explicit
08-04 21:20:40.296 18171 18434 I art     : Explicit concurrent mark sweep GC freed 1341(78KB) AllocSpace objects, 1(20KB) LOS objects, 23% free, 52MB/68MB, paused 269us total 21.741ms
08-04 21:20:40.306 18171 18434 I art     : Starting a blocking GC Explicit
08-04 21:20:40.325 18171 18434 I art     : Explicit concurrent mark sweep GC freed 20(704B) AllocSpace objects, 0(0B) LOS objects, 23% free, 52MB/68MB, paused 242us total 18.420ms
08-04 21:20:40.332 18171 18434 I art     : Starting a blocking GC Explicit
08-04 21:20:40.347 18171 18434 I art     : Explicit concurrent mark sweep GC freed 3(96B) AllocSpace objects, 0(0B) LOS objects, 23% free, 52MB/68MB, paused 234us total 15.464ms
08-04 21:20:40.354 18171 18434 I art     : Starting a blocking GC Explicit
08-04 21:20:40.370 18171 18434 I art     : Explicit concurrent mark sweep GC freed 3(96B) AllocSpace objects, 0(0B) LOS objects, 23% free, 52MB/68MB, paused 237us total 15.177ms
08-04 21:20:40.376 18171 18434 I art     : Starting a blocking GC Explicit
08-04 21:20:40.391 18171 18434 I art     : Explicit concurrent mark sweep GC freed 3(96B) AllocSpace objects, 0(0B) LOS objects, 23% free, 52MB/68MB, paused 230us total 14.726ms
08-04 21:20:40.698 18171 18183 I art     : Starting a blocking GC Explicit
08-04 21:20:40.720 18171 18183 I art     : Explicit concurrent mark sweep GC freed 1341(78KB) AllocSpace objects, 1(20KB) LOS objects, 23% free, 52MB/68MB, paused 265us total 21.370ms
08-04 21:20:40.731 18171 18183 I art     : Starting a blocking GC Explicit
08-04 21:20:40.748 18171 18183 I art     : Explicit concurrent mark sweep GC freed 20(704B) AllocSpace objects, 0(0B) LOS objects, 23% free, 52MB/68MB, paused 229us total 16.751ms
08-04 21:20:40.754 18171 18183 I art     : Starting a blocking GC Explicit
08-04 21:20:40.769 18171 18183 I art     : Explicit concurrent mark sweep GC freed 3(96B) AllocSpace objects, 0(0B) LOS objects, 23% free, 52MB/68MB, paused 227us total 14.992ms
08-04 21:20:40.776 18171 18183 I art     : Starting a blocking GC Explicit
08-04 21:20:40.792 18171 18183 I art     : Explicit concurrent mark sweep GC freed 3(96B) AllocSpace objects, 0(0B) LOS objects, 23% free, 52MB/68MB, paused 231us total 15.382ms
08-04 21:20:40.798 18171 18183 I art     : Starting a blocking GC Explicit
08-04 21:20:40.814 18171 18183 I art     : Explicit concurrent mark sweep GC freed 3(96B) AllocSpace objects, 0(0B) LOS objects, 23% free, 52MB/68MB, paused 233us total 14.954ms
08-04 21:20:41.151 18171 18231 I art     : Starting a blocking GC Explicit
08-04 21:20:41.174 18171 18231 I art     : Explicit concurrent mark sweep GC freed 1341(78KB) AllocSpace objects, 1(20KB) LOS objects, 23% free, 52MB/68MB, paused 288us total 23.202ms
08-04 21:20:41.186 18171 18231 I art     : Starting a blocking GC Explicit
08-04 21:20:41.202 18171 18231 I art     : Explicit concurrent mark sweep GC freed 20(704B) AllocSpace objects, 0(0B) LOS objects, 23% free, 52MB/68MB, paused 242us total 15.571ms
08-04 21:20:41.209 18171 18231 I art     : Starting a blocking GC Explicit
08-04 21:20:41.225 18171 18231 I art     : Explicit concurrent mark sweep GC freed 3(96B) AllocSpace objects, 0(0B) LOS objects, 23% free, 52MB/68MB, paused 232us total 15.497ms
08-04 21:20:41.232 18171 18231 I art     : Starting a blocking GC Explicit
08-04 21:20:41.247 18171 18231 I art     : Explicit concurrent mark sweep GC freed 3(96B) AllocSpace objects, 0(0B) LOS objects, 23% free, 52MB/68MB, paused 348us total 15.137ms
08-04 21:20:41.253 18171 18231 I art     : Starting a blocking GC Explicit
08-04 21:20:41.269 18171 18231 I art     : Explicit concurrent mark sweep GC freed 3(96B) AllocSpace objects, 0(0B) LOS objects, 23% free, 52MB/68MB, paused 285us total 15.175ms
08-04 21:20:41.282 15172 15172 I ServiceManager: Waiting for service AtCmdFwd...
08-04 21:20:41.570 18171 18184 I art     : Starting a blocking GC Explicit
08-04 21:20:41.592 18171 18184 I art     : Explicit concurrent mark sweep GC freed 1341(78KB) AllocSpace objects, 1(20KB) LOS objects, 23% free, 52MB/68MB, paused 289us total 21.674ms
08-04 21:20:41.603 18171 18184 I art     : Starting a blocking GC Explicit
08-04 21:20:41.623 18171 18184 I art     : Explicit concurrent mark sweep GC freed 20(704B) AllocSpace objects, 0(0B) LOS objects, 23% free, 52MB/68MB, paused 281us total 19.664ms
08-04 21:20:41.633 18171 18184 I art     : Starting a blocking GC Explicit
08-04 21:20:41.648 18171 18184 I art     : Explicit concurrent mark sweep GC freed 3(96B) AllocSpace objects, 0(0B) LOS objects, 23% free, 52MB/68MB, paused 233us total 14.888ms
08-04 21:20:41.654 18171 18184 I art     : Starting a blocking GC Explicit
08-04 21:20:41.669 18171 18184 I art     : Explicit concurrent mark sweep GC freed 3(96B) AllocSpace objects, 0(0B) LOS objects, 23% free, 52MB/68MB, paused 233us total 14.862ms
08-04 21:20:41.676 18171 18184 I art     : Starting a blocking GC Explicit
08-04 21:20:41.691 18171 18184 I art     : Explicit concurrent mark sweep GC freed 3(96B) AllocSpace objects, 0(0B) LOS objects, 23% free, 52MB/68MB, paused 238us total 15.182ms
08-04 21:20:42.010 18171 18434 I art     : Starting a blocking GC Explicit
08-04 21:20:42.031 18171 18434 I art     : Explicit concurrent mark sweep GC freed 1341(78KB) AllocSpace objects, 1(20KB) LOS objects, 23% free, 52MB/68MB, paused 270us total 21.121ms
08-04 21:20:42.042 18171 18434 I art     : Starting a blocking GC Explicit
08-04 21:20:42.060 18171 18434 I art     : Explicit concurrent mark sweep GC freed 20(704B) AllocSpace objects, 0(0B) LOS objects, 23% free, 52MB/68MB, paused 241us total 18.190ms
08-04 21:20:42.067 18171 18434 I art     : Starting a blocking GC Explicit
08-04 21:20:42.082 18171 18434 I art     : Explicit concurrent mark sweep GC freed 3(96B) AllocSpace objects, 0(0B) LOS objects, 23% free, 52MB/68MB, paused 256us total 14.925ms
08-04 21:20:42.089 18171 18434 I art     : Starting a blocking GC Explicit
08-04 21:20:42.104 18171 18434 I art     : Explicit concurrent mark sweep GC freed 3(96B) AllocSpace objects, 0(0B) LOS objects, 23% free, 52MB/68MB, paused 233us total 15.024ms
08-04 21:20:42.111 18171 18434 I art     : Starting a blocking GC Explicit
08-04 21:20:42.126 18171 18434 I art     : Explicit concurrent mark sweep GC freed 3(96B) AllocSpace objects, 0(0B) LOS objects, 23% free, 52MB/68MB, paused 222us total 14.491ms
08-04 21:20:42.283 15172 15172 I ServiceManager: Waiting for service AtCmdFwd...
08-04 21:20:42.464 18171 18183 I art     : Starting a blocking GC Explicit
08-04 21:20:42.487 18171 18183 I art     : Explicit concurrent mark sweep GC freed 1341(78KB) AllocSpace objects, 1(20KB) LOS objects, 23% free, 52MB/68MB, paused 374us total 22.261ms
08-04 21:20:42.497 18171 18183 I art     : Starting a blocking GC Explicit
08-04 21:20:42.513 18171 18183 I art     : Explicit concurrent mark sweep GC freed 20(704B) AllocSpace objects, 0(0B) LOS objects, 23% free, 52MB/68MB, paused 232us total 15.328ms
08-04 21:20:42.519 18171 18183 I art     : Starting a blocking GC Explicit
08-04 21:20:42.534 18171 18183 I art     : Explicit concurrent mark sweep GC freed 3(96B) AllocSpace objects, 0(0B) LOS objects, 23% free, 52MB/68MB, paused 230us total 14.507ms
08-04 21:20:42.541 18171 18183 I art     : Starting a blocking GC Explicit
08-04 21:20:42.555 18171 18183 I art     : Explicit concurrent mark sweep GC freed 3(96B) AllocSpace objects, 0(0B) LOS objects, 23% free, 52MB/68MB, paused 216us total 14.202ms
08-04 21:20:42.561 18171 18183 I art     : Starting a blocking GC Explicit
08-04 21:20:42.576 18171 18183 I art     : Explicit concurrent mark sweep GC freed 3(96B) AllocSpace objects, 0(0B) LOS objects, 23% free, 52MB/68MB, paused 221us total 14.041ms
08-04 21:20:42.880 18171 18231 I art     : Starting a blocking GC Explicit
08-04 21:20:42.898 18171 18231 I art     : Explicit concurrent mark sweep GC freed 1341(78KB) AllocSpace objects, 1(20KB) LOS objects, 23% free, 52MB/68MB, paused 252us total 18.690ms
08-04 21:20:42.905 18171 18231 I art     : Starting a blocking GC Explicit
08-04 21:20:42.921 18171 18231 I art     : Explicit concurrent mark sweep GC freed 20(704B) AllocSpace objects, 0(0B) LOS objects, 23% free, 52MB/68MB, paused 245us total 15.229ms
08-04 21:20:42.922 18974 18974 D AndroidRuntime: >>>>>> START com.android.internal.os.RuntimeInit uid 2000 <<<<<<
08-04 21:20:42.927 18974 18974 D AndroidRuntime: CheckJNI is OFF
08-04 21:20:42.928 18171 18231 I art     : Starting a blocking GC Explicit
08-04 21:20:42.942 18171 18231 I art     : Explicit concurrent mark sweep GC freed 3(96B) AllocSpace objects, 0(0B) LOS objects, 23% free, 52MB/68MB, paused 290us total 14.013ms
08-04 21:20:42.948 18171 18231 I art     : Starting a blocking GC Explicit
08-04 21:20:42.956 18974 18974 D ICU     : No timezone override file found: /data/misc/zoneinfo/current/icu/icu_tzdata.dat
08-04 21:20:42.962 18171 18231 I art     : Explicit concurrent mark sweep GC freed 3(96B) AllocSpace objects, 0(0B) LOS objects, 23% free, 52MB/68MB, paused 270us total 14.155ms
08-04 21:20:42.969 18171 18231 I art     : Starting a blocking GC Explicit
08-04 21:20:42.981 18974 18974 I Radio-JNI: register_android_hardware_Radio DONE
08-04 21:20:42.982 18171 18231 I art     : Explicit concurrent mark sweep GC freed 3(96B) AllocSpace objects, 0(0B) LOS objects, 23% free, 52MB/68MB, paused 235us total 13.194ms
08-04 21:20:42.998 18974 18974 D AndroidRuntime: Calling main entry com.android.commands.input.Input
08-04 21:20:42.999 18974 18974 I Input   : injectKeyEvent: KeyEvent { action=ACTION_DOWN, keyCode=KEYCODE_BACK, scanCode=0, metaState=0, flags=0x0, repeatCount=0, eventTime=739259412, downTime=739259412, deviceId=-1, source=0x101 }
08-04 21:20:43.007 18974 18974 I Input   : injectKeyEvent: KeyEvent { action=ACTION_UP, keyCode=KEYCODE_BACK, scanCode=0, metaState=0, flags=0x0, repeatCount=0, eventTime=739259412, downTime=739259412, deviceId=-1, source=0x101 }
08-04 21:20:43.011 18974 18974 D AndroidRuntime: Shutting down VM
08-04 21:20:43.050 13866 13866 I GoogleInputMethodServic: GoogleInputMethodService.onFinishInput():3138 
08-04 21:20:43.051 13866 13866 I GoogleInputMethodServic: GoogleInputMethodService.onStartInput():1808 
08-04 21:20:43.210 18171 18184 I art     : Starting a blocking GC Explicit
08-04 21:20:43.230 18171 18184 I art     : Explicit concurrent mark sweep GC freed 1516(86KB) AllocSpace objects, 1(20KB) LOS objects, 23% free, 52MB/68MB, paused 237us total 19.860ms
08-04 21:20:43.241 18171 18184 I art     : Starting a blocking GC Explicit
08-04 21:20:43.260 18171 18184 I art     : Explicit concurrent mark sweep GC freed 26(944B) AllocSpace objects, 0(0B) LOS objects, 23% free, 52MB/68MB, paused 246us total 18.387ms
08-04 21:20:43.268 18171 18184 I art     : Starting a blocking GC Explicit
08-04 21:20:43.283 15172 15172 I ServiceManager: Waiting for service AtCmdFwd...
08-04 21:20:43.289 18171 18184 I art     : Explicit concurrent mark sweep GC freed 3(96B) AllocSpace objects, 0(0B) LOS objects, 23% free, 52MB/68MB, paused 456us total 20.790ms
08-04 21:20:43.296 18171 18184 I art     : Starting a blocking GC Explicit
08-04 21:20:43.315 18171 18184 I art     : Explicit concurrent mark sweep GC freed 3(96B) AllocSpace objects, 0(0B) LOS objects, 23% free, 52MB/68MB, paused 219us total 18.067ms
08-04 21:20:43.326 18171 18184 I art     : Starting a blocking GC Explicit
08-04 21:20:43.345 18171 18184 I art     : Explicit concurrent mark sweep GC freed 3(96B) AllocSpace objects, 0(0B) LOS objects, 23% free, 52MB/68MB, paused 241us total 18.509ms
08-04 21:20:43.363   380   380 W SurfaceFlinger: couldn't log to binary event log: overflow.
08-04 21:20:43.612 18171 18184 I art     : Starting a blocking GC Explicit
08-04 21:20:43.630 18171 18184 I art     : Explicit concurrent mark sweep GC freed 1450(87KB) AllocSpace objects, 1(20KB) LOS objects, 23% free, 52MB/68MB, paused 256us total 17.771ms
08-04 21:20:43.637 18171 18184 I art     : Starting a blocking GC Explicit
08-04 21:20:43.652 18171 18184 I art     : Explicit concurrent mark sweep GC freed 1681(108KB) AllocSpace objects, 3(400KB) LOS objects, 23% free, 52MB/68MB, paused 231us total 14.792ms
08-04 21:20:43.659 18171 18184 I art     : Starting a blocking GC Explicit
08-04 21:20:43.673 18171 18184 I art     : Explicit concurrent mark sweep GC freed 3(96B) AllocSpace objects, 0(0B) LOS objects, 23% free, 52MB/68MB, paused 226us total 14.354ms
08-04 21:20:43.680 18171 18184 I art     : Starting a blocking GC Explicit
08-04 21:20:43.694 18171 18184 I art     : Explicit concurrent mark sweep GC freed 3(96B) AllocSpace objects, 0(0B) LOS objects, 23% free, 52MB/68MB, paused 229us total 14.034ms
08-04 21:20:43.701 18171 18184 I art     : Starting a blocking GC Explicit
08-04 21:20:43.715 18171 18184 I art     : Explicit concurrent mark sweep GC freed 3(96B) AllocSpace objects, 0(0B) LOS objects, 23% free, 52MB/68MB, paused 233us total 13.925ms
08-04 21:20:44.003 18171 18434 I art     : Starting a blocking GC Explicit
08-04 21:20:44.024 18171 18434 I art     : Explicit concurrent mark sweep GC freed 1341(78KB) AllocSpace objects, 1(20KB) LOS objects, 23% free, 52MB/68MB, paused 275us total 20.650ms
08-04 21:20:44.034 18171 18434 I art     : Starting a blocking GC Explicit
08-04 21:20:44.053 18171 18434 I art     : Explicit concurrent mark sweep GC freed 20(704B) AllocSpace objects, 0(0B) LOS objects, 23% free, 52MB/68MB, paused 252us total 18.533ms
08-04 21:20:44.062 18171 18434 I art     : Starting a blocking GC Explicit
08-04 21:20:44.077 18171 18434 I art     : Explicit concurrent mark sweep GC freed 3(96B) AllocSpace objects, 0(0B) LOS objects, 23% free, 52MB/68MB, paused 255us total 15.072ms
08-04 21:20:44.084 18171 18434 I art     : Starting a blocking GC Explicit
08-04 21:20:44.099 18171 18434 I art     : Explicit concurrent mark sweep GC freed 3(96B) AllocSpace objects, 0(0B) LOS objects, 23% free, 52MB/68MB, paused 225us total 14.791ms
08-04 21:20:44.105 18171 18434 I art     : Starting a blocking GC Explicit
08-04 21:20:44.120 18171 18434 I art     : Explicit concurrent mark sweep GC freed 3(96B) AllocSpace objects, 0(0B) LOS objects, 23% free, 52MB/68MB, paused 230us total 14.089ms
08-04 21:20:44.285 15172 15172 I ServiceManager: Waiting for service AtCmdFwd...
08-04 21:20:44.363 18171 18231 I art     : Starting a blocking GC Explicit
08-04 21:20:44.378 18171 18231 I art     : Explicit concurrent mark sweep GC freed 1340(78KB) AllocSpace objects, 1(20KB) LOS objects, 23% free, 52MB/68MB, paused 246us total 14.574ms
08-04 21:20:44.385 18171 18231 I art     : Starting a blocking GC Explicit
08-04 21:20:44.400 18171 18231 I art     : Explicit concurrent mark sweep GC freed 20(704B) AllocSpace objects, 0(0B) LOS objects, 23% free, 52MB/68MB, paused 234us total 14.795ms
08-04 21:20:44.407 18171 18231 I art     : Starting a blocking GC Explicit
08-04 21:20:44.419 18171 18231 I art     : Explicit concurrent mark sweep GC freed 3(96B) AllocSpace objects, 0(0B) LOS objects, 23% free, 52MB/68MB, paused 219us total 12.628ms
08-04 21:20:44.425 18171 18231 I art     : Starting a blocking GC Explicit
08-04 21:20:44.438 18171 18231 I art     : Explicit concurrent mark sweep GC freed 3(96B) AllocSpace objects, 0(0B) LOS objects, 23% free, 52MB/68MB, paused 223us total 12.644ms
08-04 21:20:44.444 18171 18231 I art     : Starting a blocking GC Explicit
08-04 21:20:44.458 18171 18231 I art     : Explicit concurrent mark sweep GC freed 3(96B) AllocSpace objects, 0(0B) LOS objects, 23% free, 52MB/68MB, paused 226us total 13.845ms
08-04 21:20:44.582 19027 19027 D AndroidRuntime: >>>>>> START com.android.internal.os.RuntimeInit uid 2000 <<<<<<
08-04 21:20:44.587 19027 19027 D AndroidRuntime: CheckJNI is OFF
08-04 21:20:44.616 19027 19027 D ICU     : No timezone override file found: /data/misc/zoneinfo/current/icu/icu_tzdata.dat
08-04 21:20:44.642 19027 19027 I Radio-JNI: register_android_hardware_Radio DONE
08-04 21:20:44.657 19027 19027 D AndroidRuntime: Calling main entry com.android.commands.input.Input
08-04 21:20:44.659 19027 19027 I Input   : injectMotionEvent: MotionEvent { action=ACTION_DOWN, actionButton=0, id[0]=0, x[0]=733.0, y[0]=1370.0, toolType[0]=TOOL_TYPE_UNKNOWN, buttonState=0, metaState=0, flags=0x0, edgeFlags=0x0, pointerCount=1, historySize=0, eventTime=739261072, downTime=739261072, deviceId=0, source=0x1002 }
08-04 21:20:44.663 19027 19027 I Input   : injectMotionEvent: MotionEvent { action=ACTION_UP, actionButton=0, id[0]=0, x[0]=733.0, y[0]=1370.0, toolType[0]=TOOL_TYPE_UNKNOWN, buttonState=0, metaState=0, flags=0x0, edgeFlags=0x0, pointerCount=1, historySize=0, eventTime=739261072, downTime=739261072, deviceId=0, source=0x1002 }
08-04 21:20:44.665   918  6111 I ActivityManager: START u0 {cmp=baseline.appteam.nith.hillffair/.activities.ClubActivity (has extras)} from uid 10651 on display 0
08-04 21:20:44.673 19027 19027 D AndroidRuntime: Shutting down VM
08-04 21:20:44.710 18171 18231 I art     : Starting a blocking GC Explicit
08-04 21:20:44.727 18171 18231 I art     : Explicit concurrent mark sweep GC freed 4716(277KB) AllocSpace objects, 1(20KB) LOS objects, 23% free, 52MB/68MB, paused 377us total 16.532ms
08-04 21:20:44.733 18171 18231 I art     : Starting a blocking GC Explicit
08-04 21:20:44.747 18171 18231 I art     : Explicit concurrent mark sweep GC freed 197(9KB) AllocSpace objects, 0(0B) LOS objects, 23% free, 52MB/68MB, paused 364us total 13.584ms
08-04 21:20:44.753 18171 18231 I art     : Starting a blocking GC Explicit
08-04 21:20:44.768   918   936 I ActivityManager: Displayed baseline.appteam.nith.hillffair/.activities.ClubActivity: +95ms
08-04 21:20:44.769 13866 13866 I GoogleInputMethodServic: GoogleInputMethodService.onFinishInput():3138 
08-04 21:20:44.770 18171 18231 I art     : Explicit concurrent mark sweep GC freed 214(9KB) AllocSpace objects, 0(0B) LOS objects, 23% free, 52MB/68MB, paused 417us total 16.567ms
08-04 21:20:44.770 13866 13866 I GoogleInputMethodServic: GoogleInputMethodService.onStartInput():1808 
08-04 21:20:44.776 18171 18231 I art     : Starting a blocking GC Explicit
08-04 21:20:44.793 18171 18231 I art     : Explicit concurrent mark sweep GC freed 53(3KB) AllocSpace objects, 0(0B) LOS objects, 23% free, 52MB/68MB, paused 382us total 16.120ms
08-04 21:20:44.800 18171 18231 I art     : Starting a blocking GC Explicit
08-04 21:20:44.814 18171 18231 I art     : Explicit concurrent mark sweep GC freed 11(368B) AllocSpace objects, 0(0B) LOS objects, 23% free, 52MB/68MB, paused 262us total 13.621ms
08-04 21:20:45.016   380   380 W SurfaceFlinger: couldn't log to binary event log: overflow.
08-04 21:20:45.057 18171 18183 I art     : Starting a blocking GC Explicit
08-04 21:20:45.072 18171 18183 I art     : Explicit concurrent mark sweep GC freed 1342(78KB) AllocSpace objects, 1(20KB) LOS objects, 23% free, 52MB/68MB, paused 250us total 14.102ms
08-04 21:20:45.078 18171 18183 I art     : Starting a blocking GC Explicit
08-04 21:20:45.091 18171 18183 I art     : Explicit concurrent mark sweep GC freed 20(704B) AllocSpace objects, 0(0B) LOS objects, 23% free, 52MB/68MB, paused 267us total 13.240ms
08-04 21:20:45.098 18171 18183 I art     : Starting a blocking GC Explicit
08-04 21:20:45.112 18171 18183 I art     : Explicit concurrent mark sweep GC freed 3(96B) AllocSpace objects, 0(0B) LOS objects, 23% free, 52MB/68MB, paused 268us total 14.179ms
08-04 21:20:45.118 18171 18183 I art     : Starting a blocking GC Explicit
08-04 21:20:45.132 18171 18183 I art     : Explicit concurrent mark sweep GC freed 3(96B) AllocSpace objects, 0(0B) LOS objects, 23% free, 52MB/68MB, paused 358us total 13.708ms
08-04 21:20:45.139 18171 18183 I art     : Starting a blocking GC Explicit
08-04 21:20:45.155 18171 18183 I art     : Explicit concurrent mark sweep GC freed 104(5KB) AllocSpace objects, 0(0B) LOS objects, 23% free, 52MB/68MB, paused 453us total 15.694ms
08-04 21:20:45.285 15172 15172 I ServiceManager: Waiting for service AtCmdFwd...
08-04 21:20:45.404 18171 19061 D OkHttp  : --> GET https://api-hillfair-2k16.herokuapp.com/api/app/events/special/event?id=580655cddcba0f490c70fdd0 http/1.1
08-04 21:20:45.423 18171 18183 I art     : Starting a blocking GC Explicit
08-04 21:20:45.432 18171 19061 D OkHttp  : <-- 200 OK https://api-hillfair-2k16.herokuapp.com/api/app/events/special/event?id=580655cddcba0f490c70fdd0 (28ms, 721-byte body)
08-04 21:20:45.441 18171 18183 I art     : Explicit concurrent mark sweep GC freed 4158(249KB) AllocSpace objects, 4(220KB) LOS objects, 23% free, 52MB/68MB, paused 295us total 18.372ms
08-04 21:20:45.448 18171 18183 I art     : Starting a blocking GC Explicit
08-04 21:20:45.464 18171 18183 I art     : Explicit concurrent mark sweep GC freed 1040(120KB) AllocSpace objects, 0(0B) LOS objects, 23% free, 52MB/68MB, paused 265us total 15.619ms
08-04 21:20:45.471 18171 18183 I art     : Starting a blocking GC Explicit
08-04 21:20:45.485 18171 18183 I art     : Explicit concurrent mark sweep GC freed 82(5KB) AllocSpace objects, 0(0B) LOS objects, 23% free, 52MB/68MB, paused 235us total 14.285ms
08-04 21:20:45.491 18171 18183 I art     : Starting a blocking GC Explicit
08-04 21:20:45.500 18171 18171 I NAPPA_EXPERIMENTATION: MetricNetworkRequestExecutionTime: REQUEST_DURATION_SYSTEM='801',REQUEST_DURATION_OKHTTP='28',REQUEST_SYNCHRONOUS='FALSE',RESPONSE_CODE='200',RESPONSE_METHOD='GET',RESPONSE_LENGTH_OKHTTP='721',RESPONSE_LENGTH_HEADER='721',REQUEST_PROTOCOL='http/1.1',REQUEST_URL='https://api-hillfair-2k16.herokuapp.com/api/app/events/special/event?id=580655cddcba0f490c70fdd0',
08-04 21:20:45.506 18171 18183 I art     : Explicit concurrent mark sweep GC freed 445(57KB) AllocSpace objects, 0(0B) LOS objects, 23% free, 52MB/68MB, paused 254us total 14.790ms
08-04 21:20:45.512 18171 18183 I art     : Starting a blocking GC Explicit
08-04 21:20:45.526 18171 18183 I art     : Explicit concurrent mark sweep GC freed 115(6KB) AllocSpace objects, 0(0B) LOS objects, 23% free, 52MB/68MB, paused 259us total 13.225ms
08-04 21:20:45.790 18171 18434 I art     : Starting a blocking GC Explicit
08-04 21:20:45.807 18171 18434 I art     : Explicit concurrent mark sweep GC freed 1378(99KB) AllocSpace objects, 1(20KB) LOS objects, 23% free, 52MB/68MB, paused 267us total 16.438ms
08-04 21:20:45.814 18171 18434 I art     : Starting a blocking GC Explicit
08-04 21:20:45.829 18171 18434 I art     : Explicit concurrent mark sweep GC freed 23(800B) AllocSpace objects, 0(0B) LOS objects, 23% free, 52MB/68MB, paused 244us total 15.781ms
08-04 21:20:45.836 18171 18434 I art     : Starting a blocking GC Explicit
08-04 21:20:45.851 18171 18434 I art     : Explicit concurrent mark sweep GC freed 3(96B) AllocSpace objects, 0(0B) LOS objects, 23% free, 52MB/68MB, paused 267us total 14.794ms
08-04 21:20:45.859 18171 18434 I art     : Starting a blocking GC Explicit
08-04 21:20:45.873 18171 18434 I art     : Explicit concurrent mark sweep GC freed 3(96B) AllocSpace objects, 0(0B) LOS objects, 23% free, 52MB/68MB, paused 239us total 14.168ms
08-04 21:20:45.879 18171 18434 I art     : Starting a blocking GC Explicit
08-04 21:20:45.894 18171 18434 I art     : Explicit concurrent mark sweep GC freed 19(656B) AllocSpace objects, 0(0B) LOS objects, 23% free, 52MB/68MB, paused 239us total 14.481ms
08-04 21:20:46.168 18171 18231 I art     : Starting a blocking GC Explicit
08-04 21:20:46.186 18171 18231 I art     : Explicit concurrent mark sweep GC freed 1341(78KB) AllocSpace objects, 1(20KB) LOS objects, 23% free, 52MB/68MB, paused 244us total 18.055ms
08-04 21:20:46.197 18171 18231 I art     : Starting a blocking GC Explicit
08-04 21:20:46.217 18171 18231 I art     : Explicit concurrent mark sweep GC freed 20(704B) AllocSpace objects, 0(0B) LOS objects, 23% free, 52MB/68MB, paused 250us total 18.947ms
08-04 21:20:46.223 18171 18231 I art     : Starting a blocking GC Explicit
08-04 21:20:46.239 18171 18231 I art     : Explicit concurrent mark sweep GC freed 3(96B) AllocSpace objects, 0(0B) LOS objects, 23% free, 52MB/68MB, paused 240us total 15.234ms
08-04 21:20:46.245 18171 18231 I art     : Starting a blocking GC Explicit
08-04 21:20:46.261 18171 18231 I art     : Explicit concurrent mark sweep GC freed 3(96B) AllocSpace objects, 0(0B) LOS objects, 23% free, 52MB/68MB, paused 280us total 15.726ms
08-04 21:20:46.268 18171 18231 I art     : Starting a blocking GC Explicit
08-04 21:20:46.283 18171 18231 I art     : Explicit concurrent mark sweep GC freed 3(96B) AllocSpace objects, 0(0B) LOS objects, 23% free, 52MB/68MB, paused 241us total 15.239ms
08-04 21:20:46.285 15172 15172 W Atfwd_Sendcmd: AtCmdFwd service not published, waiting... retryCnt : 2
08-04 21:20:46.584 18171 18184 I art     : Starting a blocking GC Explicit
08-04 21:20:46.609 18171 18184 I art     : Explicit concurrent mark sweep GC freed 1341(78KB) AllocSpace objects, 1(20KB) LOS objects, 23% free, 52MB/68MB, paused 310us total 25.111ms
08-04 21:20:46.616 18171 18184 I art     : Starting a blocking GC Explicit
08-04 21:20:46.633 18171 18184 I art     : Explicit concurrent mark sweep GC freed 20(704B) AllocSpace objects, 0(0B) LOS objects, 23% free, 52MB/68MB, paused 252us total 15.917ms
08-04 21:20:46.639 18171 18184 I art     : Starting a blocking GC Explicit
08-04 21:20:46.654 18171 18184 I art     : Explicit concurrent mark sweep GC freed 3(96B) AllocSpace objects, 0(0B) LOS objects, 23% free, 52MB/68MB, paused 237us total 14.707ms
08-04 21:20:46.661 18171 18184 I art     : Starting a blocking GC Explicit
08-04 21:20:46.676 18171 18184 I art     : Explicit concurrent mark sweep GC freed 3(96B) AllocSpace objects, 0(0B) LOS objects, 23% free, 52MB/68MB, paused 244us total 14.952ms
08-04 21:20:46.682 18171 18184 I art     : Starting a blocking GC Explicit
08-04 21:20:46.698 18171 18184 I art     : Explicit concurrent mark sweep GC freed 3(96B) AllocSpace objects, 0(0B) LOS objects, 23% free, 52MB/68MB, paused 245us total 15.059ms
08-04 21:20:47.027 18171 18434 I art     : Starting a blocking GC Explicit
08-04 21:20:47.053 18171 18434 I art     : Explicit concurrent mark sweep GC freed 1341(78KB) AllocSpace objects, 1(20KB) LOS objects, 23% free, 52MB/68MB, paused 409us total 26.359ms
08-04 21:20:47.055 18171 18181 I art     : WaitForGcToComplete blocked for 23.076ms for cause HeapTrim
08-04 21:20:47.066 18171 18434 I art     : Starting a blocking GC Explicit
08-04 21:20:47.082 18171 18434 I art     : Explicit concurrent mark sweep GC freed 20(704B) AllocSpace objects, 0(0B) LOS objects, 23% free, 52MB/68MB, paused 253us total 15.825ms
08-04 21:20:47.089 18171 18434 I art     : Starting a blocking GC Explicit
08-04 21:20:47.104 18171 18434 I art     : Explicit concurrent mark sweep GC freed 3(96B) AllocSpace objects, 0(0B) LOS objects, 23% free, 52MB/68MB, paused 267us total 14.777ms
08-04 21:20:47.110 18171 18434 I art     : Starting a blocking GC Explicit
08-04 21:20:47.126 18171 18434 I art     : Explicit concurrent mark sweep GC freed 3(96B) AllocSpace objects, 0(0B) LOS objects, 23% free, 52MB/68MB, paused 240us total 14.945ms
08-04 21:20:47.132 18171 18434 I art     : Starting a blocking GC Explicit
08-04 21:20:47.147 18171 18434 I art     : Explicit concurrent mark sweep GC freed 3(96B) AllocSpace objects, 0(0B) LOS objects, 23% free, 52MB/68MB, paused 260us total 14.866ms
08-04 21:20:47.482 18171 18183 I art     : Starting a blocking GC Explicit
08-04 21:20:47.505 18171 18183 I art     : Explicit concurrent mark sweep GC freed 1341(78KB) AllocSpace objects, 1(20KB) LOS objects, 23% free, 52MB/68MB, paused 260us total 22.901ms
08-04 21:20:47.517 18171 18183 I art     : Starting a blocking GC Explicit
08-04 21:20:47.534 18171 18183 I art     : Explicit concurrent mark sweep GC freed 20(704B) AllocSpace objects, 0(0B) LOS objects, 23% free, 52MB/68MB, paused 241us total 15.973ms
08-04 21:20:47.540 18171 18183 I art     : Starting a blocking GC Explicit
08-04 21:20:47.555 18171 18183 I art     : Explicit concurrent mark sweep GC freed 3(96B) AllocSpace objects, 0(0B) LOS objects, 23% free, 52MB/68MB, paused 233us total 14.809ms
08-04 21:20:47.562 18171 18183 I art     : Starting a blocking GC Explicit
08-04 21:20:47.577 18171 18183 I art     : Explicit concurrent mark sweep GC freed 3(96B) AllocSpace objects, 0(0B) LOS objects, 23% free, 52MB/68MB, paused 283us total 14.881ms
08-04 21:20:47.583 18171 18183 I art     : Starting a blocking GC Explicit
08-04 21:20:47.598 18171 18183 I art     : Explicit concurrent mark sweep GC freed 3(96B) AllocSpace objects, 0(0B) LOS objects, 23% free, 52MB/68MB, paused 236us total 14.985ms
08-04 21:20:47.905 18171 18231 I art     : Starting a blocking GC Explicit
08-04 21:20:47.932 18171 18231 I art     : Explicit concurrent mark sweep GC freed 1341(78KB) AllocSpace objects, 1(20KB) LOS objects, 23% free, 52MB/68MB, paused 275us total 26.561ms
08-04 21:20:47.942 18171 18231 I art     : Starting a blocking GC Explicit
08-04 21:20:47.958 18171 18231 I art     : Explicit concurrent mark sweep GC freed 20(704B) AllocSpace objects, 0(0B) LOS objects, 23% free, 52MB/68MB, paused 244us total 15.918ms
08-04 21:20:47.965 18171 18231 I art     : Starting a blocking GC Explicit
08-04 21:20:47.980 18171 18231 I art     : Explicit concurrent mark sweep GC freed 3(96B) AllocSpace objects, 0(0B) LOS objects, 23% free, 52MB/68MB, paused 243us total 14.882ms
08-04 21:20:47.987 18171 18231 I art     : Starting a blocking GC Explicit
08-04 21:20:48.001 18171 18231 I art     : Explicit concurrent mark sweep GC freed 3(96B) AllocSpace objects, 0(0B) LOS objects, 23% free, 52MB/68MB, paused 240us total 14.176ms
08-04 21:20:48.008 18171 18231 I art     : Starting a blocking GC Explicit
08-04 21:20:48.022 18171 18231 I art     : Explicit concurrent mark sweep GC freed 3(96B) AllocSpace objects, 0(0B) LOS objects, 23% free, 52MB/68MB, paused 242us total 14.495ms
08-04 21:20:48.305 18171 18184 I art     : Starting a blocking GC Explicit
08-04 21:20:48.322 18171 18184 I art     : Explicit concurrent mark sweep GC freed 1341(78KB) AllocSpace objects, 1(20KB) LOS objects, 23% free, 52MB/68MB, paused 269us total 17.036ms
08-04 21:20:48.330 18171 18184 I art     : Starting a blocking GC Explicit
08-04 21:20:48.345 18171 18184 I art     : Explicit concurrent mark sweep GC freed 20(704B) AllocSpace objects, 0(0B) LOS objects, 23% free, 52MB/68MB, paused 262us total 15.627ms
08-04 21:20:48.352 18171 18184 I art     : Starting a blocking GC Explicit
08-04 21:20:48.368 18171 18184 I art     : Explicit concurrent mark sweep GC freed 3(96B) AllocSpace objects, 0(0B) LOS objects, 23% free, 52MB/68MB, paused 246us total 15.507ms
08-04 21:20:48.375 18171 18184 I art     : Starting a blocking GC Explicit
08-04 21:20:48.390 18171 18184 I art     : Explicit concurrent mark sweep GC freed 3(96B) AllocSpace objects, 0(0B) LOS objects, 23% free, 52MB/68MB, paused 248us total 15.247ms
08-04 21:20:48.397 18171 18184 I art     : Starting a blocking GC Explicit
08-04 21:20:48.413 18171 18184 I art     : Explicit concurrent mark sweep GC freed 3(96B) AllocSpace objects, 0(0B) LOS objects, 23% free, 52MB/68MB, paused 276us total 15.379ms
08-04 21:20:48.743 18171 18434 I art     : Starting a blocking GC Explicit
08-04 21:20:48.765 18171 18434 I art     : Explicit concurrent mark sweep GC freed 1341(78KB) AllocSpace objects, 1(20KB) LOS objects, 23% free, 52MB/68MB, paused 284us total 22ms
08-04 21:20:48.777 18171 18434 I art     : Starting a blocking GC Explicit
08-04 21:20:48.794 18171 18434 I art     : Explicit concurrent mark sweep GC freed 20(704B) AllocSpace objects, 0(0B) LOS objects, 23% free, 52MB/68MB, paused 245us total 16.070ms
08-04 21:20:48.800 18171 18434 I art     : Starting a blocking GC Explicit
08-04 21:20:48.815 18171 18434 I art     : Explicit concurrent mark sweep GC freed 3(96B) AllocSpace objects, 0(0B) LOS objects, 23% free, 52MB/68MB, paused 246us total 14.822ms
08-04 21:20:48.822 18171 18434 I art     : Starting a blocking GC Explicit
08-04 21:20:48.837 18171 18434 I art     : Explicit concurrent mark sweep GC freed 3(96B) AllocSpace objects, 0(0B) LOS objects, 23% free, 52MB/68MB, paused 279us total 15.027ms
08-04 21:20:48.843 18171 18434 I art     : Starting a blocking GC Explicit
08-04 21:20:48.859 18171 18434 I art     : Explicit concurrent mark sweep GC freed 3(96B) AllocSpace objects, 0(0B) LOS objects, 23% free, 52MB/68MB, paused 242us total 14.984ms
08-04 21:20:49.102 18171 18183 I art     : Starting a blocking GC Explicit
08-04 21:20:49.118 18171 18183 I art     : Explicit concurrent mark sweep GC freed 1341(78KB) AllocSpace objects, 1(20KB) LOS objects, 23% free, 52MB/68MB, paused 258us total 15.903ms
08-04 21:20:49.125 18171 18183 I art     : Starting a blocking GC Explicit
08-04 21:20:49.140 18171 18183 I art     : Explicit concurrent mark sweep GC freed 20(704B) AllocSpace objects, 0(0B) LOS objects, 23% free, 52MB/68MB, paused 247us total 15.420ms
08-04 21:20:49.147 18171 18183 I art     : Starting a blocking GC Explicit
08-04 21:20:49.161 18171 18183 I art     : Explicit concurrent mark sweep GC freed 3(96B) AllocSpace objects, 0(0B) LOS objects, 23% free, 52MB/68MB, paused 236us total 14.381ms
08-04 21:20:49.167 18171 18183 I art     : Starting a blocking GC Explicit
08-04 21:20:49.182 18171 18183 I art     : Explicit concurrent mark sweep GC freed 3(96B) AllocSpace objects, 0(0B) LOS objects, 23% free, 52MB/68MB, paused 240us total 14.472ms
08-04 21:20:49.188 18171 18183 I art     : Starting a blocking GC Explicit
08-04 21:20:49.203 18171 18183 I art     : Explicit concurrent mark sweep GC freed 3(96B) AllocSpace objects, 0(0B) LOS objects, 23% free, 52MB/68MB, paused 231us total 14.358ms
08-04 21:20:49.278 19165 19165 D AndroidRuntime: >>>>>> START com.android.internal.os.RuntimeInit uid 2000 <<<<<<
08-04 21:20:49.282 19165 19165 D AndroidRuntime: CheckJNI is OFF
08-04 21:20:49.313 19165 19165 D ICU     : No timezone override file found: /data/misc/zoneinfo/current/icu/icu_tzdata.dat
08-04 21:20:49.341 19165 19165 I Radio-JNI: register_android_hardware_Radio DONE
08-04 21:20:49.358 19165 19165 D AndroidRuntime: Calling main entry com.android.commands.input.Input
08-04 21:20:49.360 19165 19165 I Input   : injectKeyEvent: KeyEvent { action=ACTION_DOWN, keyCode=KEYCODE_BACK, scanCode=0, metaState=0, flags=0x0, repeatCount=0, eventTime=739265773, downTime=739265773, deviceId=-1, source=0x101 }
08-04 21:20:49.366 19165 19165 I Input   : injectKeyEvent: KeyEvent { action=ACTION_UP, keyCode=KEYCODE_BACK, scanCode=0, metaState=0, flags=0x0, repeatCount=0, eventTime=739265773, downTime=739265773, deviceId=-1, source=0x101 }
08-04 21:20:49.371 19165 19165 D AndroidRuntime: Shutting down VM
08-04 21:20:49.419 13866 13866 I GoogleInputMethodServic: GoogleInputMethodService.onFinishInput():3138 
08-04 21:20:49.421 13866 13866 I GoogleInputMethodServic: GoogleInputMethodService.onStartInput():1808 
08-04 21:20:49.450 18171 18231 I art     : Starting a blocking GC Explicit
08-04 21:20:49.465 18171 18231 I art     : Explicit concurrent mark sweep GC freed 1510(85KB) AllocSpace objects, 1(20KB) LOS objects, 23% free, 52MB/68MB, paused 263us total 14.966ms
08-04 21:20:49.472 18171 18231 I art     : Starting a blocking GC Explicit
08-04 21:20:49.486 18171 18231 I art     : Explicit concurrent mark sweep GC freed 27(992B) AllocSpace objects, 0(0B) LOS objects, 23% free, 52MB/68MB, paused 253us total 13.878ms
08-04 21:20:49.492 18171 18231 I art     : Starting a blocking GC Explicit
08-04 21:20:49.507 18171 18231 I art     : Explicit concurrent mark sweep GC freed 3(96B) AllocSpace objects, 0(0B) LOS objects, 23% free, 52MB/68MB, paused 376us total 14.257ms
08-04 21:20:49.514 18171 18231 I art     : Starting a blocking GC Explicit
08-04 21:20:49.528 18171 18231 I art     : Explicit concurrent mark sweep GC freed 3(96B) AllocSpace objects, 0(0B) LOS objects, 23% free, 52MB/68MB, paused 223us total 14.531ms
08-04 21:20:49.535 18171 18231 I art     : Starting a blocking GC Explicit
08-04 21:20:49.549 18171 18231 I art     : Explicit concurrent mark sweep GC freed 3(96B) AllocSpace objects, 0(0B) LOS objects, 23% free, 52MB/68MB, paused 256us total 14.310ms
08-04 21:20:49.703   380   380 W SurfaceFlinger: couldn't log to binary event log: overflow.
08-04 21:20:49.799 18171 18434 I art     : Starting a blocking GC Explicit
08-04 21:20:49.815 18171 18434 I art     : Explicit concurrent mark sweep GC freed 1450(87KB) AllocSpace objects, 1(20KB) LOS objects, 23% free, 52MB/68MB, paused 273us total 16.043ms
08-04 21:20:49.822 18171 18434 I art     : Starting a blocking GC Explicit
08-04 21:20:49.838 18171 18434 I art     : Explicit concurrent mark sweep GC freed 1672(106KB) AllocSpace objects, 3(400KB) LOS objects, 23% free, 52MB/68MB, paused 255us total 15.389ms
08-04 21:20:49.845 18171 18434 I art     : Starting a blocking GC Explicit
08-04 21:20:49.860 18171 18434 I art     : Explicit concurrent mark sweep GC freed 3(96B) AllocSpace objects, 0(0B) LOS objects, 23% free, 52MB/68MB, paused 257us total 14.933ms
08-04 21:20:49.867 18171 18434 I art     : Starting a blocking GC Explicit
08-04 21:20:49.882 18171 18434 I art     : Explicit concurrent mark sweep GC freed 3(96B) AllocSpace objects, 0(0B) LOS objects, 23% free, 52MB/68MB, paused 258us total 15.413ms
08-04 21:20:49.889 18171 18434 I art     : Starting a blocking GC Explicit
08-04 21:20:49.905 18171 18434 I art     : Explicit concurrent mark sweep GC freed 3(96B) AllocSpace objects, 0(0B) LOS objects, 23% free, 52MB/68MB, paused 249us total 15.311ms
08-04 21:20:50.192 18171 18184 I art     : Starting a blocking GC Explicit
08-04 21:20:50.213 18171 18184 I art     : Explicit concurrent mark sweep GC freed 1341(78KB) AllocSpace objects, 1(20KB) LOS objects, 23% free, 52MB/68MB, paused 280us total 21.245ms
08-04 21:20:50.227 18171 18184 I art     : Starting a blocking GC Explicit
08-04 21:20:50.241 18171 18184 I art     : Explicit concurrent mark sweep GC freed 20(704B) AllocSpace objects, 0(0B) LOS objects, 23% free, 52MB/68MB, paused 240us total 13.677ms
08-04 21:20:50.247 18171 18184 I art     : Starting a blocking GC Explicit
08-04 21:20:50.260 18171 18184 I art     : Explicit concurrent mark sweep GC freed 3(96B) AllocSpace objects, 0(0B) LOS objects, 23% free, 52MB/68MB, paused 236us total 13.187ms
08-04 21:20:50.266 18171 18184 I art     : Starting a blocking GC Explicit
08-04 21:20:50.280 18171 18184 I art     : Explicit concurrent mark sweep GC freed 3(96B) AllocSpace objects, 0(0B) LOS objects, 23% free, 52MB/68MB, paused 248us total 13.752ms
08-04 21:20:50.286 18171 18184 I art     : Starting a blocking GC Explicit
08-04 21:20:50.300 18171 18184 I art     : Explicit concurrent mark sweep GC freed 3(96B) AllocSpace objects, 0(0B) LOS objects, 23% free, 52MB/68MB, paused 238us total 14.100ms
08-04 21:20:50.581 18171 18183 I art     : Starting a blocking GC Explicit
08-04 21:20:50.602 18171 18183 I art     : Explicit concurrent mark sweep GC freed 1340(78KB) AllocSpace objects, 1(20KB) LOS objects, 23% free, 52MB/68MB, paused 274us total 20.044ms
08-04 21:20:50.611 18171 18183 I art     : Starting a blocking GC Explicit
08-04 21:20:50.625 18171 18183 I art     : Explicit concurrent mark sweep GC freed 20(704B) AllocSpace objects, 0(0B) LOS objects, 23% free, 52MB/68MB, paused 243us total 14.301ms
08-04 21:20:50.633 18171 18183 I art     : Starting a blocking GC Explicit
08-04 21:20:50.645 18171 18183 I art     : Explicit concurrent mark sweep GC freed 3(96B) AllocSpace objects, 0(0B) LOS objects, 23% free, 52MB/68MB, paused 235us total 12.693ms
08-04 21:20:50.651 18171 18183 I art     : Starting a blocking GC Explicit
08-04 21:20:50.665 18171 18183 I art     : Explicit concurrent mark sweep GC freed 3(96B) AllocSpace objects, 0(0B) LOS objects, 23% free, 52MB/68MB, paused 286us total 13.193ms
08-04 21:20:50.671 18171 18183 I art     : Starting a blocking GC Explicit
08-04 21:20:50.684 18171 18183 I art     : Explicit concurrent mark sweep GC freed 3(96B) AllocSpace objects, 0(0B) LOS objects, 23% free, 52MB/68MB, paused 231us total 12.837ms
08-04 21:20:50.922 19229 19229 D AndroidRuntime: >>>>>> START com.android.internal.os.RuntimeInit uid 2000 <<<<<<
08-04 21:20:50.926 19229 19229 D AndroidRuntime: CheckJNI is OFF
08-04 21:20:50.932 18171 18231 I art     : Starting a blocking GC Explicit
08-04 21:20:50.947 18171 18231 I art     : Explicit concurrent mark sweep GC freed 1340(78KB) AllocSpace objects, 1(20KB) LOS objects, 23% free, 52MB/68MB, paused 267us total 14.765ms
08-04 21:20:50.953 18171 18231 I art     : Starting a blocking GC Explicit
08-04 21:20:50.955 19229 19229 D ICU     : No timezone override file found: /data/misc/zoneinfo/current/icu/icu_tzdata.dat
08-04 21:20:50.968 18171 18231 I art     : Explicit concurrent mark sweep GC freed 20(704B) AllocSpace objects, 0(0B) LOS objects, 23% free, 52MB/68MB, paused 284us total 14.955ms
08-04 21:20:50.975 18171 18231 I art     : Starting a blocking GC Explicit
08-04 21:20:50.982 19229 19229 I Radio-JNI: register_android_hardware_Radio DONE
08-04 21:20:50.988 18171 18231 I art     : Explicit concurrent mark sweep GC freed 3(96B) AllocSpace objects, 0(0B) LOS objects, 23% free, 52MB/68MB, paused 338us total 13.318ms
08-04 21:20:50.995 18171 18231 I art     : Starting a blocking GC Explicit
08-04 21:20:50.998 19229 19229 D AndroidRuntime: Calling main entry com.android.commands.input.Input
08-04 21:20:51.000 19229 19229 I Input   : injectMotionEvent: MotionEvent { action=ACTION_DOWN, actionButton=0, id[0]=0, x[0]=733.0, y[0]=1957.0, toolType[0]=TOOL_TYPE_UNKNOWN, buttonState=0, metaState=0, flags=0x0, edgeFlags=0x0, pointerCount=1, historySize=0, eventTime=739267412, downTime=739267412, deviceId=0, source=0x1002 }
08-04 21:20:51.006 19229 19229 I Input   : injectMotionEvent: MotionEvent { action=ACTION_UP, actionButton=0, id[0]=0, x[0]=733.0, y[0]=1957.0, toolType[0]=TOOL_TYPE_UNKNOWN, buttonState=0, metaState=0, flags=0x0, edgeFlags=0x0, pointerCount=1, historySize=0, eventTime=739267412, downTime=739267412, deviceId=0, source=0x1002 }
08-04 21:20:51.007   918  3714 I ActivityManager: START u0 {cmp=baseline.appteam.nith.hillffair/.activities.ClubActivity (has extras)} from uid 10651 on display 0
08-04 21:20:51.008 18171 18231 I art     : Explicit concurrent mark sweep GC freed 3(96B) AllocSpace objects, 0(0B) LOS objects, 23% free, 52MB/68MB, paused 300us total 13.370ms
08-04 21:20:51.014 19229 19229 D AndroidRuntime: Shutting down VM
08-04 21:20:51.014 18171 18231 I art     : Starting a blocking GC Explicit
08-04 21:20:51.029 18171 18231 I art     : Explicit concurrent mark sweep GC freed 160(14KB) AllocSpace objects, 0(0B) LOS objects, 23% free, 52MB/68MB, paused 454us total 14.508ms
08-04 21:20:51.091   918   936 I ActivityManager: Displayed baseline.appteam.nith.hillffair/.activities.ClubActivity: +76ms
08-04 21:20:51.092 13866 13866 I GoogleInputMethodServic: GoogleInputMethodService.onFinishInput():3138 
08-04 21:20:51.093 13866 13866 I GoogleInputMethodServic: GoogleInputMethodService.onStartInput():1808 
08-04 21:20:51.277 18171 18183 I art     : Starting a blocking GC Explicit
08-04 21:20:51.297 18171 18183 I art     : Explicit concurrent mark sweep GC freed 4929(284KB) AllocSpace objects, 1(20KB) LOS objects, 23% free, 52MB/68MB, paused 343us total 19.978ms
08-04 21:20:51.306 18171 18183 I art     : Starting a blocking GC Explicit
08-04 21:20:51.326 18171 18183 I art     : Explicit concurrent mark sweep GC freed 166(7KB) AllocSpace objects, 0(0B) LOS objects, 23% free, 52MB/68MB, paused 402us total 20.185ms
08-04 21:20:51.334 18171 18183 I art     : Starting a blocking GC Explicit
08-04 21:20:51.339   380   380 W SurfaceFlinger: couldn't log to binary event log: overflow.
08-04 21:20:51.353 18171 18183 I art     : Explicit concurrent mark sweep GC freed 3(96B) AllocSpace objects, 0(0B) LOS objects, 23% free, 52MB/68MB, paused 279us total 18.367ms
08-04 21:20:51.359 18171 18183 I art     : Starting a blocking GC Explicit
08-04 21:20:51.373 18171 18183 I art     : Explicit concurrent mark sweep GC freed 3(96B) AllocSpace objects, 0(0B) LOS objects, 23% free, 52MB/68MB, paused 256us total 13.945ms
08-04 21:20:51.380 18171 18183 I art     : Starting a blocking GC Explicit
08-04 21:20:51.394 18171 18183 I art     : Explicit concurrent mark sweep GC freed 3(96B) AllocSpace objects, 0(0B) LOS objects, 23% free, 52MB/68MB, paused 260us total 13.901ms
08-04 21:20:51.675 18171 18231 I art     : Starting a blocking GC Explicit
08-04 21:20:51.693 18171 18231 I art     : Explicit concurrent mark sweep GC freed 1482(85KB) AllocSpace objects, 1(20KB) LOS objects, 23% free, 52MB/68MB, paused 280us total 18.283ms
08-04 21:20:51.700 18171 18231 I art     : Starting a blocking GC Explicit
08-04 21:20:51.716 18171 18231 I art     : Explicit concurrent mark sweep GC freed 53(1792B) AllocSpace objects, 0(0B) LOS objects, 23% free, 52MB/68MB, paused 288us total 15.878ms
08-04 21:20:51.723 18171 18231 I art     : Starting a blocking GC Explicit
08-04 21:20:51.738 18171 18231 I art     : Explicit concurrent mark sweep GC freed 6(208B) AllocSpace objects, 0(0B) LOS objects, 23% free, 52MB/68MB, paused 275us total 15.379ms
08-04 21:20:51.745 18171 18231 I art     : Starting a blocking GC Explicit
08-04 21:20:51.760 18171 18231 I art     : Explicit concurrent mark sweep GC freed 11(432B) AllocSpace objects, 0(0B) LOS objects, 23% free, 52MB/68MB, paused 293us total 15.546ms
08-04 21:20:51.767 18171 18231 I art     : Starting a blocking GC Explicit
08-04 21:20:51.781 18171 18231 I art     : Explicit concurrent mark sweep GC freed 12(416B) AllocSpace objects, 0(0B) LOS objects, 23% free, 52MB/68MB, paused 289us total 14.043ms
08-04 21:20:51.851 18171 19253 D OkHttp  : --> GET https://api-hillfair-2k16.herokuapp.com/api/app/events/special/event?id=58065620dcba0f490c70fe09 http/1.1
08-04 21:20:51.879 18171 19253 D OkHttp  : <-- 200 OK https://api-hillfair-2k16.herokuapp.com/api/app/events/special/event?id=58065620dcba0f490c70fe09 (27ms, 682-byte body)
08-04 21:20:51.942 18171 18171 I NAPPA_EXPERIMENTATION: MetricNetworkRequestExecutionTime: REQUEST_DURATION_SYSTEM='905',REQUEST_DURATION_OKHTTP='27',REQUEST_SYNCHRONOUS='FALSE',RESPONSE_CODE='200',RESPONSE_METHOD='GET',RESPONSE_LENGTH_OKHTTP='682',RESPONSE_LENGTH_HEADER='682',REQUEST_PROTOCOL='http/1.1',REQUEST_URL='https://api-hillfair-2k16.herokuapp.com/api/app/events/special/event?id=58065620dcba0f490c70fe09',
08-04 21:20:52.053 18171 18184 I art     : Starting a blocking GC Explicit
08-04 21:20:52.072 18171 18184 I art     : Explicit concurrent mark sweep GC freed 4799(338KB) AllocSpace objects, 4(220KB) LOS objects, 23% free, 52MB/68MB, paused 297us total 19.543ms
08-04 21:20:52.080 18171 18184 I art     : Starting a blocking GC Explicit
08-04 21:20:52.096 18171 18184 I art     : Explicit concurrent mark sweep GC freed 1033(119KB) AllocSpace objects, 0(0B) LOS objects, 23% free, 52MB/68MB, paused 271us total 15.806ms
08-04 21:20:52.096 18171 18181 I art     : WaitForGcToComplete blocked for 13.810ms for cause HeapTrim
08-04 21:20:52.102 18171 18184 I art     : Starting a blocking GC Explicit
08-04 21:20:52.118 18171 18184 I art     : Explicit concurrent mark sweep GC freed 3(96B) AllocSpace objects, 0(0B) LOS objects, 23% free, 52MB/68MB, paused 272us total 15.305ms
08-04 21:20:52.125 18171 18184 I art     : Starting a blocking GC Explicit
08-04 21:20:52.140 18171 18184 I art     : Explicit concurrent mark sweep GC freed 3(96B) AllocSpace objects, 0(0B) LOS objects, 23% free, 52MB/68MB, paused 287us total 14.926ms
08-04 21:20:52.147 18171 18184 I art     : Starting a blocking GC Explicit
08-04 21:20:52.162 18171 18184 I art     : Explicit concurrent mark sweep GC freed 3(96B) AllocSpace objects, 0(0B) LOS objects, 23% free, 52MB/68MB, paused 265us total 14.720ms
08-04 21:20:52.299   518   646 I ThermalEngine: ACTION: GPU - Setting GPU[0] to 510000000
08-04 21:20:52.436 18171 18231 I art     : Starting a blocking GC Explicit
08-04 21:20:52.458 18171 18231 I art     : Explicit concurrent mark sweep GC freed 1341(78KB) AllocSpace objects, 1(20KB) LOS objects, 23% free, 52MB/68MB, paused 395us total 21.187ms
08-04 21:20:52.468 18171 18231 I art     : Starting a blocking GC Explicit
08-04 21:20:52.488 18171 18231 I art     : Explicit concurrent mark sweep GC freed 36(1264B) AllocSpace objects, 0(0B) LOS objects, 23% free, 52MB/68MB, paused 352us total 19.570ms
08-04 21:20:52.497 18171 18231 I art     : Starting a blocking GC Explicit
08-04 21:20:52.517 18171 18231 I art     : Explicit concurrent mark sweep GC freed 3(96B) AllocSpace objects, 0(0B) LOS objects, 23% free, 52MB/68MB, paused 366us total 19.926ms
08-04 21:20:52.526 18171 18231 I art     : Starting a blocking GC Explicit
08-04 21:20:52.546 18171 18231 I art     : Explicit concurrent mark sweep GC freed 3(96B) AllocSpace objects, 0(0B) LOS objects, 23% free, 52MB/68MB, paused 362us total 20.533ms
08-04 21:20:52.555 18171 18231 I art     : Starting a blocking GC Explicit
08-04 21:20:52.575 18171 18231 I art     : Explicit concurrent mark sweep GC freed 3(96B) AllocSpace objects, 0(0B) LOS objects, 23% free, 52MB/68MB, paused 360us total 19.565ms
08-04 21:20:52.876 18171 18434 I art     : Starting a blocking GC Explicit
08-04 21:20:52.901 18171 18434 I art     : Explicit concurrent mark sweep GC freed 1341(78KB) AllocSpace objects, 1(20KB) LOS objects, 23% free, 52MB/68MB, paused 405us total 24.985ms
08-04 21:20:52.913 18171 18434 I art     : Starting a blocking GC Explicit
08-04 21:20:52.937 18171 18434 I art     : Explicit concurrent mark sweep GC freed 20(704B) AllocSpace objects, 0(0B) LOS objects, 23% free, 52MB/68MB, paused 507us total 24.075ms
08-04 21:20:52.947 18171 18434 I art     : Starting a blocking GC Explicit
08-04 21:20:52.967 18171 18434 I art     : Explicit concurrent mark sweep GC freed 3(96B) AllocSpace objects, 0(0B) LOS objects, 23% free, 52MB/68MB, paused 386us total 19.981ms
08-04 21:20:52.977 18171 18434 I art     : Starting a blocking GC Explicit
08-04 21:20:52.996 18171 18434 I art     : Explicit concurrent mark sweep GC freed 3(96B) AllocSpace objects, 0(0B) LOS objects, 23% free, 52MB/68MB, paused 331us total 18.991ms
08-04 21:20:53.004 18171 18434 I art     : Starting a blocking GC Explicit
08-04 21:20:53.024 18171 18434 I art     : Explicit concurrent mark sweep GC freed 3(96B) AllocSpace objects, 0(0B) LOS objects, 23% free, 52MB/68MB, paused 358us total 19.253ms
08-04 21:20:53.335 18171 18183 I art     : Starting a blocking GC Explicit
08-04 21:20:53.355 18171 18183 I art     : Explicit concurrent mark sweep GC freed 1341(78KB) AllocSpace objects, 1(20KB) LOS objects, 23% free, 52MB/68MB, paused 371us total 19.690ms
08-04 21:20:53.363 18171 18183 I art     : Starting a blocking GC Explicit
08-04 21:20:53.383 18171 18183 I art     : Explicit concurrent mark sweep GC freed 20(704B) AllocSpace objects, 0(0B) LOS objects, 23% free, 52MB/68MB, paused 348us total 19.001ms
08-04 21:20:53.391 18171 18183 I art     : Starting a blocking GC Explicit
08-04 21:20:53.410 18171 18183 I art     : Explicit concurrent mark sweep GC freed 3(96B) AllocSpace objects, 0(0B) LOS objects, 23% free, 52MB/68MB, paused 380us total 19.148ms
08-04 21:20:53.419 18171 18183 I art     : Starting a blocking GC Explicit
08-04 21:20:53.438 18171 18183 I art     : Explicit concurrent mark sweep GC freed 3(96B) AllocSpace objects, 0(0B) LOS objects, 23% free, 52MB/68MB, paused 365us total 19.032ms
08-04 21:20:53.446 18171 18183 I art     : Starting a blocking GC Explicit
08-04 21:20:53.465 18171 18183 I art     : Explicit concurrent mark sweep GC freed 3(96B) AllocSpace objects, 0(0B) LOS objects, 23% free, 52MB/68MB, paused 367us total 18.278ms
08-04 21:20:53.680 19311 19311 D AndroidRuntime: >>>>>> START com.android.internal.os.RuntimeInit uid 2000 <<<<<<
08-04 21:20:53.686 19311 19311 D AndroidRuntime: CheckJNI is OFF
08-04 21:20:53.716 19311 19311 D ICU     : No timezone override file found: /data/misc/zoneinfo/current/icu/icu_tzdata.dat
08-04 21:20:53.749 19311 19311 I Radio-JNI: register_android_hardware_Radio DONE
08-04 21:20:53.767 18171 18184 I art     : Starting a blocking GC Explicit
08-04 21:20:53.771 19311 19311 D AndroidRuntime: Calling main entry com.android.commands.input.Input
08-04 21:20:53.773 19311 19311 I Input   : injectKeyEvent: KeyEvent { action=ACTION_DOWN, keyCode=KEYCODE_BACK, scanCode=0, metaState=0, flags=0x0, repeatCount=0, eventTime=739270186, downTime=739270186, deviceId=-1, source=0x101 }
08-04 21:20:53.777 19311 19311 I Input   : injectKeyEvent: KeyEvent { action=ACTION_UP, keyCode=KEYCODE_BACK, scanCode=0, metaState=0, flags=0x0, repeatCount=0, eventTime=739270186, downTime=739270186, deviceId=-1, source=0x101 }
08-04 21:20:53.784 19311 19311 D AndroidRuntime: Shutting down VM
08-04 21:20:53.787 18171 18184 I art     : Explicit concurrent mark sweep GC freed 1357(78KB) AllocSpace objects, 1(20KB) LOS objects, 23% free, 52MB/68MB, paused 540us total 19.711ms
08-04 21:20:53.795 18171 18184 I art     : Starting a blocking GC Explicit
08-04 21:20:53.812 18171 18184 I art     : Explicit concurrent mark sweep GC freed 144(6KB) AllocSpace objects, 0(0B) LOS objects, 23% free, 52MB/68MB, paused 329us total 16.579ms
08-04 21:20:53.816 13866 13866 I GoogleInputMethodServic: GoogleInputMethodService.onFinishInput():3138 
08-04 21:20:53.817 13866 13866 I GoogleInputMethodServic: GoogleInputMethodService.onStartInput():1808 
08-04 21:20:53.820 18171 18184 I art     : Starting a blocking GC Explicit
08-04 21:20:53.836 18171 18184 I art     : Explicit concurrent mark sweep GC freed 30(1136B) AllocSpace objects, 0(0B) LOS objects, 23% free, 52MB/68MB, paused 413us total 15.895ms
08-04 21:20:53.844 18171 18184 I art     : Starting a blocking GC Explicit
08-04 21:20:53.861 18171 18184 I art     : Explicit concurrent mark sweep GC freed 11(400B) AllocSpace objects, 0(0B) LOS objects, 23% free, 52MB/68MB, paused 329us total 16.915ms
08-04 21:20:53.869 18171 18184 I art     : Starting a blocking GC Explicit
08-04 21:20:53.885 18171 18184 I art     : Explicit concurrent mark sweep GC freed 3(96B) AllocSpace objects, 0(0B) LOS objects, 23% free, 52MB/68MB, paused 317us total 15.845ms
08-04 21:20:54.108   380   380 W SurfaceFlinger: couldn't log to binary event log: overflow.
08-04 21:20:54.147 18171 18183 I art     : Starting a blocking GC Explicit
08-04 21:20:54.166 18171 18183 I art     : Explicit concurrent mark sweep GC freed 1451(87KB) AllocSpace objects, 1(20KB) LOS objects, 23% free, 52MB/68MB, paused 347us total 19.358ms
08-04 21:20:54.174 18171 18183 I art     : Starting a blocking GC Explicit
08-04 21:20:54.192 18171 18183 I art     : Explicit concurrent mark sweep GC freed 1672(106KB) AllocSpace objects, 3(400KB) LOS objects, 23% free, 51MB/67MB, paused 343us total 17.610ms
08-04 21:20:54.199 18171 18183 I art     : Starting a blocking GC Explicit
08-04 21:20:54.218 18171 18183 I art     : Explicit concurrent mark sweep GC freed 3(96B) AllocSpace objects, 0(0B) LOS objects, 23% free, 51MB/67MB, paused 337us total 18.200ms
08-04 21:20:54.226 18171 18183 I art     : Starting a blocking GC Explicit
08-04 21:20:54.245 18171 18183 I art     : Explicit concurrent mark sweep GC freed 3(96B) AllocSpace objects, 0(0B) LOS objects, 23% free, 51MB/67MB, paused 348us total 18.699ms
08-04 21:20:54.253 18171 18183 I art     : Starting a blocking GC Explicit
08-04 21:20:54.272 18171 18183 I art     : Explicit concurrent mark sweep GC freed 3(96B) AllocSpace objects, 0(0B) LOS objects, 23% free, 51MB/67MB, paused 349us total 18.919ms
08-04 21:20:54.564 18171 18231 I art     : Starting a blocking GC Explicit
08-04 21:20:54.589 18171 18231 I art     : Explicit concurrent mark sweep GC freed 1341(78KB) AllocSpace objects, 1(20KB) LOS objects, 23% free, 51MB/67MB, paused 384us total 23.956ms
08-04 21:20:54.599 18171 18231 I art     : Starting a blocking GC Explicit
08-04 21:20:54.619 18171 18231 I art     : Explicit concurrent mark sweep GC freed 20(704B) AllocSpace objects, 0(0B) LOS objects, 23% free, 51MB/67MB, paused 362us total 19.299ms
08-04 21:20:54.627 18171 18231 I art     : Starting a blocking GC Explicit
08-04 21:20:54.647 18171 18231 I art     : Explicit concurrent mark sweep GC freed 3(96B) AllocSpace objects, 0(0B) LOS objects, 23% free, 51MB/67MB, paused 359us total 19.325ms
08-04 21:20:54.655 18171 18231 I art     : Starting a blocking GC Explicit
08-04 21:20:54.675 18171 18231 I art     : Explicit concurrent mark sweep GC freed 3(96B) AllocSpace objects, 0(0B) LOS objects, 23% free, 51MB/67MB, paused 425us total 19.478ms
08-04 21:20:54.684 18171 18231 I art     : Starting a blocking GC Explicit
08-04 21:20:54.703 18171 18231 I art     : Explicit concurrent mark sweep GC freed 3(96B) AllocSpace objects, 0(0B) LOS objects, 23% free, 51MB/67MB, paused 364us total 19.241ms
08-04 21:20:54.753   918  3261 D WifiStateMachine: starting scan for "H369AA63323"WPA_PSK with 2412,5180
08-04 21:20:54.984 18171 18434 I art     : Starting a blocking GC Explicit
08-04 21:20:55.004 18171 18434 I art     : Explicit concurrent mark sweep GC freed 1340(78KB) AllocSpace objects, 1(20KB) LOS objects, 23% free, 51MB/67MB, paused 384us total 20.108ms
08-04 21:20:55.017 18171 18434 I art     : Starting a blocking GC Explicit
08-04 21:20:55.038 18171 18434 I art     : Explicit concurrent mark sweep GC freed 20(704B) AllocSpace objects, 0(0B) LOS objects, 23% free, 51MB/67MB, paused 350us total 20.277ms
08-04 21:20:55.046 18171 18434 I art     : Starting a blocking GC Explicit
08-04 21:20:55.064 18171 18434 I art     : Explicit concurrent mark sweep GC freed 3(96B) AllocSpace objects, 0(0B) LOS objects, 23% free, 51MB/67MB, paused 358us total 17.995ms
08-04 21:20:55.072 18171 18434 I art     : Starting a blocking GC Explicit
08-04 21:20:55.090 18171 18434 I art     : Explicit concurrent mark sweep GC freed 3(96B) AllocSpace objects, 0(0B) LOS objects, 23% free, 51MB/67MB, paused 353us total 18.174ms
08-04 21:20:55.098 18171 18434 I art     : Starting a blocking GC Explicit
08-04 21:20:55.116 18171 18434 I art     : Explicit concurrent mark sweep GC freed 3(96B) AllocSpace objects, 0(0B) LOS objects, 23% free, 51MB/67MB, paused 349us total 17.643ms
08-04 21:20:55.385 18171 18184 I art     : Starting a blocking GC Explicit
08-04 21:20:55.404 18171 18184 I art     : Explicit concurrent mark sweep GC freed 1340(78KB) AllocSpace objects, 1(20KB) LOS objects, 23% free, 51MB/67MB, paused 372us total 19.178ms
08-04 21:20:55.413 18171 18184 I art     : Starting a blocking GC Explicit
08-04 21:20:55.431 18171 18184 I art     : Explicit concurrent mark sweep GC freed 20(704B) AllocSpace objects, 0(0B) LOS objects, 23% free, 51MB/67MB, paused 413us total 18.558ms
08-04 21:20:55.440 18171 18184 I art     : Starting a blocking GC Explicit
08-04 21:20:55.440 19368 19368 D AndroidRuntime: >>>>>> START com.android.internal.os.RuntimeInit uid 2000 <<<<<<
08-04 21:20:55.445 19368 19368 D AndroidRuntime: CheckJNI is OFF
08-04 21:20:55.459 18171 18184 I art     : Explicit concurrent mark sweep GC freed 3(96B) AllocSpace objects, 0(0B) LOS objects, 23% free, 51MB/67MB, paused 381us total 19.175ms
08-04 21:20:55.467 18171 18184 I art     : Starting a blocking GC Explicit
08-04 21:20:55.482 19368 19368 D ICU     : No timezone override file found: /data/misc/zoneinfo/current/icu/icu_tzdata.dat
08-04 21:20:55.486 18171 18184 I art     : Explicit concurrent mark sweep GC freed 3(96B) AllocSpace objects, 0(0B) LOS objects, 23% free, 51MB/67MB, paused 362us total 18.204ms
08-04 21:20:55.494 18171 18184 I art     : Starting a blocking GC Explicit
08-04 21:20:55.511 18171 18184 I art     : Explicit concurrent mark sweep GC freed 3(96B) AllocSpace objects, 0(0B) LOS objects, 23% free, 51MB/67MB, paused 363us total 17.110ms
08-04 21:20:55.515 19368 19368 I Radio-JNI: register_android_hardware_Radio DONE
08-04 21:20:55.536 19368 19368 D AndroidRuntime: Calling main entry com.android.commands.input.Input
08-04 21:20:55.538 19368 19368 I Input   : injectMotionEvent: MotionEvent { action=ACTION_DOWN, actionButton=0, id[0]=0, x[0]=733.0, y[0]=1957.0, toolType[0]=TOOL_TYPE_UNKNOWN, buttonState=0, metaState=0, flags=0x0, edgeFlags=0x0, pointerCount=1, historySize=0, eventTime=739271951, downTime=739271951, deviceId=0, source=0x1002 }
08-04 21:20:55.545 19368 19368 I Input   : injectMotionEvent: MotionEvent { action=ACTION_UP, actionButton=0, id[0]=0, x[0]=733.0, y[0]=1957.0, toolType[0]=TOOL_TYPE_UNKNOWN, buttonState=0, metaState=0, flags=0x0, edgeFlags=0x0, pointerCount=1, historySize=0, eventTime=739271951, downTime=739271951, deviceId=0, source=0x1002 }
08-04 21:20:55.546   918  6112 I ActivityManager: START u0 {cmp=baseline.appteam.nith.hillffair/.activities.ClubActivity (has extras)} from uid 10651 on display 0
08-04 21:20:55.555 19368 19368 D AndroidRuntime: Shutting down VM
08-04 21:20:55.654   918   936 I ActivityManager: Displayed baseline.appteam.nith.hillffair/.activities.ClubActivity: +98ms
08-04 21:20:55.654 13866 13866 I GoogleInputMethodServic: GoogleInputMethodService.onFinishInput():3138 
08-04 21:20:55.655 13866 13866 I GoogleInputMethodServic: GoogleInputMethodService.onStartInput():1808 
08-04 21:20:55.762 18171 18183 I art     : Starting a blocking GC Explicit
08-04 21:20:55.783 18171 18183 I art     : Explicit concurrent mark sweep GC freed 5298(332KB) AllocSpace objects, 1(20KB) LOS objects, 23% free, 52MB/68MB, paused 476us total 20.539ms
08-04 21:20:55.791 18171 18183 I art     : Starting a blocking GC Explicit
08-04 21:20:55.815 18171 18183 I art     : Explicit concurrent mark sweep GC freed 211(9KB) AllocSpace objects, 0(0B) LOS objects, 23% free, 52MB/68MB, paused 425us total 23.742ms
08-04 21:20:55.825 18171 18183 I art     : Starting a blocking GC Explicit
08-04 21:20:55.848 18171 18183 I art     : Explicit concurrent mark sweep GC freed 3(96B) AllocSpace objects, 0(0B) LOS objects, 23% free, 52MB/68MB, paused 563us total 23.125ms
08-04 21:20:55.857 18171 18183 I art     : Starting a blocking GC Explicit
08-04 21:20:55.881 18171 18183 I art     : Explicit concurrent mark sweep GC freed 3(96B) AllocSpace objects, 0(0B) LOS objects, 23% free, 52MB/68MB, paused 404us total 22.767ms
08-04 21:20:55.891 18171 18183 I art     : Starting a blocking GC Explicit
08-04 21:20:55.911   380   380 W SurfaceFlinger: couldn't log to binary event log: overflow.
08-04 21:20:55.915 18171 18183 I art     : Explicit concurrent mark sweep GC freed 3(96B) AllocSpace objects, 0(0B) LOS objects, 23% free, 52MB/68MB, paused 566us total 23.625ms
08-04 21:20:56.202 18171 18184 I art     : Starting a blocking GC Explicit
08-04 21:20:56.223 18171 18184 I art     : Explicit concurrent mark sweep GC freed 1473(85KB) AllocSpace objects, 1(20KB) LOS objects, 23% free, 52MB/68MB, paused 419us total 20.544ms
08-04 21:20:56.232 18171 18184 I art     : Starting a blocking GC Explicit
08-04 21:20:56.252 18171 18184 I art     : Explicit concurrent mark sweep GC freed 50(1728B) AllocSpace objects, 0(0B) LOS objects, 23% free, 52MB/68MB, paused 401us total 19.696ms
08-04 21:20:56.260 18171 18184 I art     : Starting a blocking GC Explicit
08-04 21:20:56.279 18171 18184 I art     : Explicit concurrent mark sweep GC freed 12(432B) AllocSpace objects, 0(0B) LOS objects, 23% free, 52MB/68MB, paused 398us total 19.102ms
08-04 21:20:56.286 15172 15172 I ServiceManager: Waiting for service AtCmdFwd...
08-04 21:20:56.288 18171 18184 I art     : Starting a blocking GC Explicit
08-04 21:20:56.306 18171 18184 I art     : Explicit concurrent mark sweep GC freed 9(336B) AllocSpace objects, 0(0B) LOS objects, 23% free, 52MB/68MB, paused 408us total 18.337ms
08-04 21:20:56.314 18171 18184 I art     : Starting a blocking GC Explicit
08-04 21:20:56.334 18171 18184 I art     : Explicit concurrent mark sweep GC freed 13(480B) AllocSpace objects, 0(0B) LOS objects, 23% free, 52MB/68MB, paused 402us total 18.839ms
08-04 21:20:56.468 18171 19391 D OkHttp  : --> GET https://api-hillfair-2k16.herokuapp.com/api/app/events/special/event?id=58065620dcba0f490c70fe09 http/1.1
08-04 21:20:56.499 18171 19391 D OkHttp  : <-- 200 OK https://api-hillfair-2k16.herokuapp.com/api/app/events/special/event?id=58065620dcba0f490c70fe09 (30ms, 682-byte body)
08-04 21:20:56.545 18171 18171 I NAPPA_EXPERIMENTATION: MetricNetworkRequestExecutionTime: REQUEST_DURATION_SYSTEM='962',REQUEST_DURATION_OKHTTP='31',REQUEST_SYNCHRONOUS='FALSE',RESPONSE_CODE='200',RESPONSE_METHOD='GET',RESPONSE_LENGTH_OKHTTP='682',RESPONSE_LENGTH_HEADER='682',REQUEST_PROTOCOL='http/1.1',REQUEST_URL='https://api-hillfair-2k16.herokuapp.com/api/app/events/special/event?id=58065620dcba0f490c70fe09',
08-04 21:20:56.602 18171 18184 I art     : Starting a blocking GC Explicit
08-04 21:20:56.623 18171 18184 I art     : Explicit concurrent mark sweep GC freed 4776(310KB) AllocSpace objects, 4(220KB) LOS objects, 23% free, 52MB/68MB, paused 367us total 20.607ms
08-04 21:20:56.636 18171 18184 I art     : Starting a blocking GC Explicit
08-04 21:20:56.658 18171 18184 I art     : Explicit concurrent mark sweep GC freed 1042(119KB) AllocSpace objects, 0(0B) LOS objects, 23% free, 52MB/68MB, paused 385us total 22.197ms
08-04 21:20:56.668 18171 18184 I art     : Starting a blocking GC Explicit
08-04 21:20:56.687 18171 18184 I art     : Explicit concurrent mark sweep GC freed 3(96B) AllocSpace objects, 0(0B) LOS objects, 23% free, 52MB/68MB, paused 435us total 19.546ms
08-04 21:20:56.696 18171 18184 I art     : Starting a blocking GC Explicit
08-04 21:20:56.715 18171 18184 I art     : Explicit concurrent mark sweep GC freed 3(96B) AllocSpace objects, 0(0B) LOS objects, 23% free, 52MB/68MB, paused 357us total 19.035ms
08-04 21:20:56.724 18171 18184 I art     : Starting a blocking GC Explicit
08-04 21:20:56.743 18171 18184 I art     : Explicit concurrent mark sweep GC freed 3(96B) AllocSpace objects, 0(0B) LOS objects, 23% free, 52MB/68MB, paused 384us total 19.030ms
08-04 21:20:57.035 18171 18184 I art     : Starting a blocking GC Explicit
08-04 21:20:57.058 18171 18184 I art     : Explicit concurrent mark sweep GC freed 1341(78KB) AllocSpace objects, 1(20KB) LOS objects, 23% free, 52MB/68MB, paused 395us total 23.314ms
08-04 21:20:57.069 18171 18184 I art     : Starting a blocking GC Explicit
08-04 21:20:57.089 18171 18184 I art     : Explicit concurrent mark sweep GC freed 36(1264B) AllocSpace objects, 0(0B) LOS objects, 23% free, 52MB/68MB, paused 378us total 19.531ms
08-04 21:20:57.098 18171 18184 I art     : Starting a blocking GC Explicit
08-04 21:20:57.118 18171 18184 I art     : Explicit concurrent mark sweep GC freed 3(96B) AllocSpace objects, 0(0B) LOS objects, 23% free, 52MB/68MB, paused 358us total 19.506ms
08-04 21:20:57.126 18171 18184 I art     : Starting a blocking GC Explicit
08-04 21:20:57.146 18171 18184 I art     : Explicit concurrent mark sweep GC freed 3(96B) AllocSpace objects, 0(0B) LOS objects, 23% free, 52MB/68MB, paused 380us total 19.137ms
08-04 21:20:57.146 18171 18181 I art     : WaitForGcToComplete blocked for 19.537ms for cause HeapTrim
08-04 21:20:57.154 18171 18184 I art     : Starting a blocking GC Explicit
08-04 21:20:57.174 18171 18184 I art     : Explicit concurrent mark sweep GC freed 3(96B) AllocSpace objects, 0(0B) LOS objects, 23% free, 52MB/68MB, paused 373us total 19.954ms
08-04 21:20:57.287 15172 15172 I ServiceManager: Waiting for service AtCmdFwd...
08-04 21:20:57.480 18171 18183 I art     : Starting a blocking GC Explicit
08-04 21:20:57.506 18171 18183 I art     : Explicit concurrent mark sweep GC freed 1341(78KB) AllocSpace objects, 1(20KB) LOS objects, 23% free, 52MB/68MB, paused 399us total 25.960ms
08-04 21:20:57.519 18171 18183 I art     : Starting a blocking GC Explicit
08-04 21:20:57.541 18171 18183 I art     : Explicit concurrent mark sweep GC freed 20(704B) AllocSpace objects, 0(0B) LOS objects, 23% free, 52MB/68MB, paused 354us total 22.479ms
08-04 21:20:57.550 18171 18183 I art     : Starting a blocking GC Explicit
08-04 21:20:57.571 18171 18183 I art     : Explicit concurrent mark sweep GC freed 3(96B) AllocSpace objects, 0(0B) LOS objects, 23% free, 52MB/68MB, paused 375us total 20.715ms
08-04 21:20:57.580 18171 18183 I art     : Starting a blocking GC Explicit
08-04 21:20:57.600 18171 18183 I art     : Explicit concurrent mark sweep GC freed 3(96B) AllocSpace objects, 0(0B) LOS objects, 23% free, 52MB/68MB, paused 471us total 20.420ms
08-04 21:20:57.609 18171 18183 I art     : Starting a blocking GC Explicit
08-04 21:20:57.630 18171 18183 I art     : Explicit concurrent mark sweep GC freed 3(96B) AllocSpace objects, 0(0B) LOS objects, 23% free, 52MB/68MB, paused 351us total 20.045ms
08-04 21:20:57.914 18171 18231 I art     : Starting a blocking GC Explicit
08-04 21:20:57.935 18171 18231 I art     : Explicit concurrent mark sweep GC freed 1341(78KB) AllocSpace objects, 1(20KB) LOS objects, 23% free, 52MB/68MB, paused 409us total 20.564ms
08-04 21:20:57.943 18171 18231 I art     : Starting a blocking GC Explicit
08-04 21:20:57.963 18171 18231 I art     : Explicit concurrent mark sweep GC freed 20(704B) AllocSpace objects, 0(0B) LOS objects, 23% free, 52MB/68MB, paused 397us total 19.653ms
08-04 21:20:57.972 18171 18231 I art     : Starting a blocking GC Explicit
08-04 21:20:57.992 18171 18231 I art     : Explicit concurrent mark sweep GC freed 3(96B) AllocSpace objects, 0(0B) LOS objects, 23% free, 52MB/68MB, paused 386us total 19.872ms
08-04 21:20:58.000 18171 18231 I art     : Starting a blocking GC Explicit
08-04 21:20:58.020 18171 18231 I art     : Explicit concurrent mark sweep GC freed 3(96B) AllocSpace objects, 0(0B) LOS objects, 23% free, 52MB/68MB, paused 417us total 19.401ms
08-04 21:20:58.028 18171 18231 I art     : Starting a blocking GC Explicit
08-04 21:20:58.048 18171 18231 I art     : Explicit concurrent mark sweep GC freed 3(96B) AllocSpace objects, 0(0B) LOS objects, 23% free, 52MB/68MB, paused 384us total 19.606ms
08-04 21:20:58.237 19447 19447 D AndroidRuntime: >>>>>> START com.android.internal.os.RuntimeInit uid 2000 <<<<<<
08-04 21:20:58.242 19447 19447 D AndroidRuntime: CheckJNI is OFF
08-04 21:20:58.275 19447 19447 D ICU     : No timezone override file found: /data/misc/zoneinfo/current/icu/icu_tzdata.dat
08-04 21:20:58.288 15172 15172 I ServiceManager: Waiting for service AtCmdFwd...
08-04 21:20:58.308 19447 19447 I Radio-JNI: register_android_hardware_Radio DONE
08-04 21:20:58.329 19447 19447 D AndroidRuntime: Calling main entry com.android.commands.input.Input
08-04 21:20:58.330 19447 19447 I Input   : injectKeyEvent: KeyEvent { action=ACTION_DOWN, keyCode=KEYCODE_BACK, scanCode=0, metaState=0, flags=0x0, repeatCount=0, eventTime=739274744, downTime=739274744, deviceId=-1, source=0x101 }
08-04 21:20:58.335 19447 19447 I Input   : injectKeyEvent: KeyEvent { action=ACTION_UP, keyCode=KEYCODE_BACK, scanCode=0, metaState=0, flags=0x0, repeatCount=0, eventTime=739274744, downTime=739274744, deviceId=-1, source=0x101 }
08-04 21:20:58.341 19447 19447 D AndroidRuntime: Shutting down VM
08-04 21:20:58.349 18171 18231 I art     : Starting a blocking GC Explicit
08-04 21:20:58.370 18171 18231 I art     : Explicit concurrent mark sweep GC freed 1482(84KB) AllocSpace objects, 1(20KB) LOS objects, 23% free, 52MB/68MB, paused 389us total 20.615ms
08-04 21:20:58.375 13866 13866 I GoogleInputMethodServic: GoogleInputMethodService.onFinishInput():3138 
08-04 21:20:58.375 13866 13866 I GoogleInputMethodServic: GoogleInputMethodService.onStartInput():1808 
08-04 21:20:58.378 18171 18231 I art     : Starting a blocking GC Explicit
08-04 21:20:58.396 18171 18231 I art     : Explicit concurrent mark sweep GC freed 48(1760B) AllocSpace objects, 0(0B) LOS objects, 23% free, 52MB/68MB, paused 378us total 18.229ms
08-04 21:20:58.406 18171 18231 I art     : Starting a blocking GC Explicit
08-04 21:20:58.423 18171 18231 I art     : Explicit concurrent mark sweep GC freed 10(384B) AllocSpace objects, 0(0B) LOS objects, 23% free, 52MB/68MB, paused 355us total 16.490ms
08-04 21:20:58.431 18171 18231 I art     : Starting a blocking GC Explicit
08-04 21:20:58.448 18171 18231 I art     : Explicit concurrent mark sweep GC freed 3(96B) AllocSpace objects, 0(0B) LOS objects, 23% free, 52MB/68MB, paused 344us total 17.137ms
08-04 21:20:58.455 18171 18231 I art     : Starting a blocking GC Explicit
08-04 21:20:58.473 18171 18231 I art     : Explicit concurrent mark sweep GC freed 3(96B) AllocSpace objects, 0(0B) LOS objects, 23% free, 52MB/68MB, paused 342us total 17.430ms
08-04 21:20:58.663   380   380 W SurfaceFlinger: couldn't log to binary event log: overflow.
08-04 21:20:58.732 18171 18183 I art     : Starting a blocking GC Explicit
08-04 21:20:58.753 18171 18183 I art     : Explicit concurrent mark sweep GC freed 1450(87KB) AllocSpace objects, 1(20KB) LOS objects, 23% free, 52MB/68MB, paused 387us total 20.395ms
08-04 21:20:58.761 18171 18183 I art     : Starting a blocking GC Explicit
08-04 21:20:58.781 18171 18183 I art     : Explicit concurrent mark sweep GC freed 1672(106KB) AllocSpace objects, 3(400KB) LOS objects, 23% free, 52MB/68MB, paused 369us total 19.931ms
08-04 21:20:58.790 18171 18183 I art     : Starting a blocking GC Explicit
08-04 21:20:58.810 18171 18183 I art     : Explicit concurrent mark sweep GC freed 3(96B) AllocSpace objects, 0(0B) LOS objects, 23% free, 52MB/68MB, paused 367us total 19.459ms
08-04 21:20:58.818 18171 18183 I art     : Starting a blocking GC Explicit
08-04 21:20:58.838 18171 18183 I art     : Explicit concurrent mark sweep GC freed 3(96B) AllocSpace objects, 0(0B) LOS objects, 23% free, 52MB/68MB, paused 379us total 19.444ms
08-04 21:20:58.847 18171 18183 I art     : Starting a blocking GC Explicit
08-04 21:20:58.866 18171 18183 I art     : Explicit concurrent mark sweep GC freed 3(96B) AllocSpace objects, 0(0B) LOS objects, 23% free, 52MB/68MB, paused 390us total 19.689ms
08-04 21:20:59.148 18171 18184 I art     : Starting a blocking GC Explicit
08-04 21:20:59.178 18171 18184 I art     : Explicit concurrent mark sweep GC freed 1341(78KB) AllocSpace objects, 1(20KB) LOS objects, 23% free, 52MB/68MB, paused 501us total 29.535ms
08-04 21:20:59.190 18171 18184 I art     : Starting a blocking GC Explicit
08-04 21:20:59.211 18171 18184 I art     : Explicit concurrent mark sweep GC freed 20(704B) AllocSpace objects, 0(0B) LOS objects, 23% free, 52MB/68MB, paused 433us total 20.353ms
08-04 21:20:59.219 18171 18184 I art     : Starting a blocking GC Explicit
08-04 21:20:59.238 18171 18184 I art     : Explicit concurrent mark sweep GC freed 3(96B) AllocSpace objects, 0(0B) LOS objects, 23% free, 52MB/68MB, paused 381us total 18.897ms
08-04 21:20:59.247 18171 18184 I art     : Starting a blocking GC Explicit
08-04 21:20:59.267 18171 18184 I art     : Explicit concurrent mark sweep GC freed 3(96B) AllocSpace objects, 0(0B) LOS objects, 23% free, 52MB/68MB, paused 427us total 19.653ms
08-04 21:20:59.275 18171 18184 I art     : Starting a blocking GC Explicit
08-04 21:20:59.288 15172 15172 I ServiceManager: Waiting for service AtCmdFwd...
08-04 21:20:59.295 18171 18184 I art     : Explicit concurrent mark sweep GC freed 3(96B) AllocSpace objects, 0(0B) LOS objects, 23% free, 52MB/68MB, paused 383us total 19.422ms
08-04 21:20:59.578 18171 18434 I art     : Starting a blocking GC Explicit
08-04 21:20:59.598 18171 18434 I art     : Explicit concurrent mark sweep GC freed 1340(78KB) AllocSpace objects, 1(20KB) LOS objects, 23% free, 52MB/68MB, paused 393us total 19.717ms
08-04 21:20:59.606 18171 18434 I art     : Starting a blocking GC Explicit
08-04 21:20:59.626 18171 18434 I art     : Explicit concurrent mark sweep GC freed 20(704B) AllocSpace objects, 0(0B) LOS objects, 23% free, 52MB/68MB, paused 400us total 19.272ms
08-04 21:20:59.635 18171 18434 I art     : Starting a blocking GC Explicit
08-04 21:20:59.653 18171 18434 I art     : Explicit concurrent mark sweep GC freed 3(96B) AllocSpace objects, 0(0B) LOS objects, 23% free, 52MB/68MB, paused 397us total 17.994ms
08-04 21:20:59.661 18171 18434 I art     : Starting a blocking GC Explicit
08-04 21:20:59.679 18171 18434 I art     : Explicit concurrent mark sweep GC freed 3(96B) AllocSpace objects, 0(0B) LOS objects, 23% free, 52MB/68MB, paused 382us total 18.434ms
08-04 21:20:59.688 18171 18434 I art     : Starting a blocking GC Explicit
08-04 21:20:59.706 18171 18434 I art     : Explicit concurrent mark sweep GC freed 3(96B) AllocSpace objects, 0(0B) LOS objects, 23% free, 52MB/68MB, paused 378us total 18.440ms
08-04 21:20:59.971 18171 18231 I art     : Starting a blocking GC Explicit
08-04 21:20:59.991 18171 18231 I art     : Explicit concurrent mark sweep GC freed 1340(78KB) AllocSpace objects, 1(20KB) LOS objects, 23% free, 52MB/68MB, paused 420us total 19.791ms
08-04 21:20:59.997 19508 19508 D AndroidRuntime: >>>>>> START com.android.internal.os.RuntimeInit uid 2000 <<<<<<
08-04 21:21:00.000 18171 18231 I art     : Starting a blocking GC Explicit
08-04 21:21:00.002 19508 19508 D AndroidRuntime: CheckJNI is OFF
08-04 21:21:00.019 18171 18231 I art     : Explicit concurrent mark sweep GC freed 20(704B) AllocSpace objects, 0(0B) LOS objects, 23% free, 52MB/68MB, paused 423us total 18.073ms
08-04 21:21:00.026 18171 18231 I art     : Starting a blocking GC Explicit
08-04 21:21:00.037 19508 19508 D ICU     : No timezone override file found: /data/misc/zoneinfo/current/icu/icu_tzdata.dat
08-04 21:21:00.044 18171 18231 I art     : Explicit concurrent mark sweep GC freed 3(96B) AllocSpace objects, 0(0B) LOS objects, 23% free, 52MB/68MB, paused 365us total 17.736ms
08-04 21:21:00.052 18171 18231 I art     : Starting a blocking GC Explicit
08-04 21:21:00.069 19508 19508 I Radio-JNI: register_android_hardware_Radio DONE
08-04 21:21:00.070 18171 18231 I art     : Explicit concurrent mark sweep GC freed 3(96B) AllocSpace objects, 0(0B) LOS objects, 23% free, 52MB/68MB, paused 381us total 17.280ms
08-04 21:21:00.077 18171 18231 I art     : Starting a blocking GC Explicit
08-04 21:21:00.091 19508 19508 D AndroidRuntime: Calling main entry com.android.commands.input.Input
08-04 21:21:00.093 19508 19508 I Input   : injectMotionEvent: MotionEvent { action=ACTION_DOWN, actionButton=0, id[0]=0, x[0]=733.0, y[0]=645.0, toolType[0]=TOOL_TYPE_UNKNOWN, buttonState=0, metaState=0, flags=0x0, edgeFlags=0x0, pointerCount=1, historySize=0, eventTime=739276505, downTime=739276505, deviceId=0, source=0x1002 }
08-04 21:21:00.094 18171 18231 I art     : Explicit concurrent mark sweep GC freed 3(96B) AllocSpace objects, 0(0B) LOS objects, 23% free, 52MB/68MB, paused 389us total 16.904ms
08-04 21:21:00.098 19508 19508 I Input   : injectMotionEvent: MotionEvent { action=ACTION_UP, actionButton=0, id[0]=0, x[0]=733.0, y[0]=645.0, toolType[0]=TOOL_TYPE_UNKNOWN, buttonState=0, metaState=0, flags=0x0, edgeFlags=0x0, pointerCount=1, historySize=0, eventTime=739276505, downTime=739276505, deviceId=0, source=0x1002 }
08-04 21:21:00.099   918  6110 I ActivityManager: START u0 {cmp=baseline.appteam.nith.hillffair/.activities.ClubActivity (has extras)} from uid 10651 on display 0
08-04 21:21:00.107 19508 19508 D AndroidRuntime: Shutting down VM
08-04 21:21:00.191 13866 13866 I GoogleInputMethodServic: GoogleInputMethodService.onFinishInput():3138 
08-04 21:21:00.191   918   936 I ActivityManager: Displayed baseline.appteam.nith.hillffair/.activities.ClubActivity: +84ms
08-04 21:21:00.192 13866 13866 I GoogleInputMethodServic: GoogleInputMethodService.onStartInput():1808 
08-04 21:21:00.289 15172 15172 I ServiceManager: Waiting for service AtCmdFwd...
08-04 21:21:00.334 18171 18183 I art     : Starting a blocking GC Explicit
08-04 21:21:00.355 18171 18183 I art     : Explicit concurrent mark sweep GC freed 5287(330KB) AllocSpace objects, 1(20KB) LOS objects, 23% free, 52MB/68MB, paused 403us total 20.302ms
08-04 21:21:00.363 18171 18183 I art     : Starting a blocking GC Explicit
08-04 21:21:00.382 18171 18183 I art     : Explicit concurrent mark sweep GC freed 211(9KB) AllocSpace objects, 0(0B) LOS objects, 23% free, 52MB/68MB, paused 435us total 18.983ms
08-04 21:21:00.391 18171 18183 I art     : Starting a blocking GC Explicit
08-04 21:21:00.410 18171 18183 I art     : Explicit concurrent mark sweep GC freed 3(96B) AllocSpace objects, 0(0B) LOS objects, 23% free, 52MB/68MB, paused 392us total 18.826ms
08-04 21:21:00.419 18171 18183 I art     : Starting a blocking GC Explicit
08-04 21:21:00.432   380   380 W SurfaceFlinger: couldn't log to binary event log: overflow.
08-04 21:21:00.441 18171 18183 I art     : Explicit concurrent mark sweep GC freed 3(96B) AllocSpace objects, 0(0B) LOS objects, 23% free, 52MB/68MB, paused 410us total 21.928ms
08-04 21:21:00.450 18171 18183 I art     : Starting a blocking GC Explicit
08-04 21:21:00.468 18171 18183 I art     : Explicit concurrent mark sweep GC freed 3(96B) AllocSpace objects, 0(0B) LOS objects, 23% free, 52MB/68MB, paused 380us total 17.726ms
08-04 21:21:00.746 18171 18231 I art     : Starting a blocking GC Explicit
08-04 21:21:00.767 18171 18231 I art     : Explicit concurrent mark sweep GC freed 1473(85KB) AllocSpace objects, 1(20KB) LOS objects, 23% free, 52MB/68MB, paused 478us total 20.809ms
08-04 21:21:00.776 18171 18231 I art     : Starting a blocking GC Explicit
08-04 21:21:00.796 18171 18231 I art     : Explicit concurrent mark sweep GC freed 50(1728B) AllocSpace objects, 0(0B) LOS objects, 23% free, 52MB/68MB, paused 424us total 19.696ms
08-04 21:21:00.804 18171 18231 I art     : Starting a blocking GC Explicit
08-04 21:21:00.824 18171 18231 I art     : Explicit concurrent mark sweep GC freed 13(480B) AllocSpace objects, 0(0B) LOS objects, 23% free, 52MB/68MB, paused 443us total 19.713ms
08-04 21:21:00.832 18171 18231 I art     : Starting a blocking GC Explicit
08-04 21:21:00.852 18171 18231 I art     : Explicit concurrent mark sweep GC freed 12(432B) AllocSpace objects, 0(0B) LOS objects, 23% free, 52MB/68MB, paused 403us total 19.327ms
08-04 21:21:00.860 18171 18231 I art     : Starting a blocking GC Explicit
08-04 21:21:00.880 18171 18231 I art     : Explicit concurrent mark sweep GC freed 9(336B) AllocSpace objects, 0(0B) LOS objects, 23% free, 52MB/68MB, paused 446us total 19.133ms
08-04 21:21:00.971 18171 19531 D OkHttp  : --> GET https://api-hillfair-2k16.herokuapp.com/api/app/events/special/event?id=5806551bdcba0f490c70fd1f http/1.1
08-04 21:21:01.001 18171 19531 D OkHttp  : <-- 200 OK https://api-hillfair-2k16.herokuapp.com/api/app/events/special/event?id=5806551bdcba0f490c70fd1f (29ms, 795-byte body)
08-04 21:21:01.069 18171 18171 I NAPPA_EXPERIMENTATION: MetricNetworkRequestExecutionTime: REQUEST_DURATION_SYSTEM='938',REQUEST_DURATION_OKHTTP='30',REQUEST_SYNCHRONOUS='FALSE',RESPONSE_CODE='200',RESPONSE_METHOD='GET',RESPONSE_LENGTH_OKHTTP='795',RESPONSE_LENGTH_HEADER='795',REQUEST_PROTOCOL='http/1.1',REQUEST_URL='https://api-hillfair-2k16.herokuapp.com/api/app/events/special/event?id=5806551bdcba0f490c70fd1f',
08-04 21:21:01.157 18171 18183 I art     : Starting a blocking GC Explicit
08-04 21:21:01.182 18171 18183 I art     : Explicit concurrent mark sweep GC freed 4774(311KB) AllocSpace objects, 4(220KB) LOS objects, 23% free, 52MB/68MB, paused 427us total 24.953ms
08-04 21:21:01.191 18171 18183 I art     : Starting a blocking GC Explicit
08-04 21:21:01.213 18171 18183 I art     : Explicit concurrent mark sweep GC freed 1040(119KB) AllocSpace objects, 0(0B) LOS objects, 23% free, 52MB/68MB, paused 450us total 21.219ms
08-04 21:21:01.222 18171 18183 I art     : Starting a blocking GC Explicit
08-04 21:21:01.242 18171 18183 I art     : Explicit concurrent mark sweep GC freed 3(96B) AllocSpace objects, 0(0B) LOS objects, 23% free, 52MB/68MB, paused 396us total 19.317ms
08-04 21:21:01.250 18171 18183 I art     : Starting a blocking GC Explicit
08-04 21:21:01.270 18171 18183 I art     : Explicit concurrent mark sweep GC freed 3(96B) AllocSpace objects, 0(0B) LOS objects, 23% free, 52MB/68MB, paused 382us total 19.743ms
08-04 21:21:01.279 18171 18183 I art     : Starting a blocking GC Explicit
08-04 21:21:01.289 15172 15172 W Atfwd_Sendcmd: AtCmdFwd service not published, waiting... retryCnt : 3
08-04 21:21:01.299 18171 18183 I art     : Explicit concurrent mark sweep GC freed 3(96B) AllocSpace objects, 0(0B) LOS objects, 23% free, 52MB/68MB, paused 375us total 19.905ms
08-04 21:21:01.584 18171 18184 I art     : Starting a blocking GC Explicit
08-04 21:21:01.606 18171 18184 I art     : Explicit concurrent mark sweep GC freed 1341(78KB) AllocSpace objects, 1(20KB) LOS objects, 23% free, 52MB/68MB, paused 425us total 21.592ms
08-04 21:21:01.614 18171 18184 I art     : Starting a blocking GC Explicit
08-04 21:21:01.635 18171 18184 I art     : Explicit concurrent mark sweep GC freed 36(1264B) AllocSpace objects, 0(0B) LOS objects, 23% free, 52MB/68MB, paused 409us total 20.745ms
08-04 21:21:01.644 18171 18184 I art     : Starting a blocking GC Explicit
08-04 21:21:01.665 18171 18184 I art     : Explicit concurrent mark sweep GC freed 3(96B) AllocSpace objects, 0(0B) LOS objects, 23% free, 52MB/68MB, paused 415us total 20.415ms
08-04 21:21:01.673 18171 18184 I art     : Starting a blocking GC Explicit
08-04 21:21:01.694 18171 18184 I art     : Explicit concurrent mark sweep GC freed 3(96B) AllocSpace objects, 0(0B) LOS objects, 23% free, 52MB/68MB, paused 405us total 20.456ms
08-04 21:21:01.703 18171 18184 I art     : Starting a blocking GC Explicit
08-04 21:21:01.723 18171 18184 I art     : Explicit concurrent mark sweep GC freed 3(96B) AllocSpace objects, 0(0B) LOS objects, 23% free, 52MB/68MB, paused 418us total 20.590ms
08-04 21:21:02.065 18171 18183 I art     : Starting a blocking GC Explicit
08-04 21:21:02.095 18171 18183 I art     : Explicit concurrent mark sweep GC freed 1341(78KB) AllocSpace objects, 1(20KB) LOS objects, 23% free, 52MB/68MB, paused 614us total 29.824ms
08-04 21:21:02.109 18171 18183 I art     : Starting a blocking GC Explicit
08-04 21:21:02.129 18171 18183 I art     : Explicit concurrent mark sweep GC freed 20(704B) AllocSpace objects, 0(0B) LOS objects, 23% free, 52MB/68MB, paused 394us total 20.085ms
08-04 21:21:02.137 18171 18183 I art     : Starting a blocking GC Explicit
08-04 21:21:02.158 18171 18183 I art     : Explicit concurrent mark sweep GC freed 3(96B) AllocSpace objects, 0(0B) LOS objects, 23% free, 52MB/68MB, paused 407us total 20.449ms
08-04 21:21:02.167 18171 18183 I art     : Starting a blocking GC Explicit
08-04 21:21:02.187 18171 18183 I art     : Explicit concurrent mark sweep GC freed 3(96B) AllocSpace objects, 0(0B) LOS objects, 23% free, 52MB/68MB, paused 441us total 19.921ms
08-04 21:21:02.187 18171 18181 I art     : WaitForGcToComplete blocked for 12.555ms for cause HeapTrim
08-04 21:21:02.195 18171 18183 I art     : Starting a blocking GC Explicit
08-04 21:21:02.216 18171 18183 I art     : Explicit concurrent mark sweep GC freed 3(96B) AllocSpace objects, 0(0B) LOS objects, 23% free, 52MB/68MB, paused 405us total 20.489ms
08-04 21:21:02.539 18171 18231 I art     : Starting a blocking GC Explicit
08-04 21:21:02.569 18171 18231 I art     : Explicit concurrent mark sweep GC freed 1341(78KB) AllocSpace objects, 1(20KB) LOS objects, 23% free, 52MB/68MB, paused 443us total 29.491ms
08-04 21:21:02.582 18171 18231 I art     : Starting a blocking GC Explicit
08-04 21:21:02.602 18171 18231 I art     : Explicit concurrent mark sweep GC freed 20(704B) AllocSpace objects, 0(0B) LOS objects, 23% free, 52MB/68MB, paused 410us total 20.166ms
08-04 21:21:02.610 18171 18231 I art     : Starting a blocking GC Explicit
08-04 21:21:02.631 18171 18231 I art     : Explicit concurrent mark sweep GC freed 3(96B) AllocSpace objects, 0(0B) LOS objects, 23% free, 52MB/68MB, paused 417us total 20.328ms
08-04 21:21:02.640 18171 18231 I art     : Starting a blocking GC Explicit
08-04 21:21:02.661 18171 18231 I art     : Explicit concurrent mark sweep GC freed 3(96B) AllocSpace objects, 0(0B) LOS objects, 23% free, 52MB/68MB, paused 395us total 20.599ms
08-04 21:21:02.669 18171 18231 I art     : Starting a blocking GC Explicit
08-04 21:21:02.690 18171 18231 I art     : Explicit concurrent mark sweep GC freed 3(96B) AllocSpace objects, 0(0B) LOS objects, 23% free, 52MB/68MB, paused 404us total 20.689ms
08-04 21:21:02.999 18171 18434 I art     : Starting a blocking GC Explicit
08-04 21:21:03.026 18171 18434 I art     : Explicit concurrent mark sweep GC freed 1341(78KB) AllocSpace objects, 1(20KB) LOS objects, 23% free, 52MB/68MB, paused 517us total 26.471ms
08-04 21:21:03.038 18171 18434 I art     : Starting a blocking GC Explicit
08-04 21:21:03.062 18171 18434 I art     : Explicit concurrent mark sweep GC freed 20(704B) AllocSpace objects, 0(0B) LOS objects, 23% free, 52MB/68MB, paused 440us total 23.510ms
08-04 21:21:03.071 18171 18434 I art     : Starting a blocking GC Explicit
08-04 21:21:03.092 18171 18434 I art     : Explicit concurrent mark sweep GC freed 3(96B) AllocSpace objects, 0(0B) LOS objects, 23% free, 52MB/68MB, paused 412us total 20.862ms
08-04 21:21:03.100 18171 18434 I art     : Starting a blocking GC Explicit
08-04 21:21:03.121 18171 18434 I art     : Explicit concurrent mark sweep GC freed 3(96B) AllocSpace objects, 0(0B) LOS objects, 23% free, 52MB/68MB, paused 406us total 20.723ms
08-04 21:21:03.130 18171 18434 I art     : Starting a blocking GC Explicit
08-04 21:21:03.151 18171 18434 I art     : Explicit concurrent mark sweep GC freed 3(96B) AllocSpace objects, 0(0B) LOS objects, 23% free, 52MB/68MB, paused 406us total 20.403ms
08-04 21:21:03.488 18171 18184 I art     : Starting a blocking GC Explicit
08-04 21:21:03.516 18171 18184 I art     : Explicit concurrent mark sweep GC freed 1341(78KB) AllocSpace objects, 1(20KB) LOS objects, 23% free, 52MB/68MB, paused 476us total 27.629ms
08-04 21:21:03.533 18171 18184 I art     : Starting a blocking GC Explicit
08-04 21:21:03.553 18171 18184 I art     : Explicit concurrent mark sweep GC freed 20(704B) AllocSpace objects, 0(0B) LOS objects, 23% free, 52MB/68MB, paused 438us total 20.670ms
08-04 21:21:03.562 18171 18184 I art     : Starting a blocking GC Explicit
08-04 21:21:03.583 18171 18184 I art     : Explicit concurrent mark sweep GC freed 3(96B) AllocSpace objects, 0(0B) LOS objects, 23% free, 52MB/68MB, paused 411us total 20.245ms
08-04 21:21:03.591 18171 18184 I art     : Starting a blocking GC Explicit
08-04 21:21:03.612 18171 18184 I art     : Explicit concurrent mark sweep GC freed 3(96B) AllocSpace objects, 0(0B) LOS objects, 23% free, 52MB/68MB, paused 410us total 20.457ms
08-04 21:21:03.621 18171 18184 I art     : Starting a blocking GC Explicit
08-04 21:21:03.641 18171 18184 I art     : Explicit concurrent mark sweep GC freed 3(96B) AllocSpace objects, 0(0B) LOS objects, 23% free, 52MB/68MB, paused 416us total 20.605ms
08-04 21:21:03.946 18171 18183 I art     : Starting a blocking GC Explicit
08-04 21:21:03.977 18171 18183 I art     : Explicit concurrent mark sweep GC freed 1341(78KB) AllocSpace objects, 1(20KB) LOS objects, 23% free, 52MB/68MB, paused 475us total 30.625ms
08-04 21:21:03.990 18171 18183 I art     : Starting a blocking GC Explicit
08-04 21:21:04.014 18171 18183 I art     : Explicit concurrent mark sweep GC freed 20(704B) AllocSpace objects, 0(0B) LOS objects, 23% free, 52MB/68MB, paused 398us total 23.750ms
08-04 21:21:04.023 18171 18183 I art     : Starting a blocking GC Explicit
08-04 21:21:04.044 18171 18183 I art     : Explicit concurrent mark sweep GC freed 3(96B) AllocSpace objects, 0(0B) LOS objects, 23% free, 52MB/68MB, paused 395us total 21.231ms
08-04 21:21:04.053 18171 18183 I art     : Starting a blocking GC Explicit
08-04 21:21:04.073 18171 18183 I art     : Explicit concurrent mark sweep GC freed 3(96B) AllocSpace objects, 0(0B) LOS objects, 23% free, 52MB/68MB, paused 387us total 19.908ms
08-04 21:21:04.081 18171 18183 I art     : Starting a blocking GC Explicit
08-04 21:21:04.102 18171 18183 I art     : Explicit concurrent mark sweep GC freed 3(96B) AllocSpace objects, 0(0B) LOS objects, 23% free, 52MB/68MB, paused 395us total 20.052ms
08-04 21:21:04.411 18171 18231 I art     : Starting a blocking GC Explicit
08-04 21:21:04.432 18171 18231 I art     : Explicit concurrent mark sweep GC freed 1341(78KB) AllocSpace objects, 1(20KB) LOS objects, 23% free, 52MB/68MB, paused 430us total 20.716ms
08-04 21:21:04.441 18171 18231 I art     : Starting a blocking GC Explicit
08-04 21:21:04.461 18171 18231 I art     : Explicit concurrent mark sweep GC freed 20(704B) AllocSpace objects, 0(0B) LOS objects, 23% free, 52MB/68MB, paused 427us total 20.184ms
08-04 21:21:04.470 18171 18231 I art     : Starting a blocking GC Explicit
08-04 21:21:04.490 18171 18231 I art     : Explicit concurrent mark sweep GC freed 3(96B) AllocSpace objects, 0(0B) LOS objects, 23% free, 52MB/68MB, paused 409us total 19.567ms
08-04 21:21:04.498 18171 18231 I art     : Starting a blocking GC Explicit
08-04 21:21:04.518 18171 18231 I art     : Explicit concurrent mark sweep GC freed 3(96B) AllocSpace objects, 0(0B) LOS objects, 23% free, 52MB/68MB, paused 405us total 19.862ms
08-04 21:21:04.527 18171 18231 I art     : Starting a blocking GC Explicit
08-04 21:21:04.547 18171 18231 I art     : Explicit concurrent mark sweep GC freed 3(96B) AllocSpace objects, 0(0B) LOS objects, 23% free, 52MB/68MB, paused 447us total 20.174ms
08-04 21:21:04.777 19634 19634 D AndroidRuntime: >>>>>> START com.android.internal.os.RuntimeInit uid 2000 <<<<<<
08-04 21:21:04.782 19634 19634 D AndroidRuntime: CheckJNI is OFF
08-04 21:21:04.814 19634 19634 D ICU     : No timezone override file found: /data/misc/zoneinfo/current/icu/icu_tzdata.dat
08-04 21:21:04.848 19634 19634 I Radio-JNI: register_android_hardware_Radio DONE
08-04 21:21:04.861 18171 18434 I art     : Starting a blocking GC Explicit
08-04 21:21:04.871 19634 19634 D AndroidRuntime: Calling main entry com.android.commands.input.Input
08-04 21:21:04.872 19634 19634 I Input   : injectKeyEvent: KeyEvent { action=ACTION_DOWN, keyCode=KEYCODE_BACK, scanCode=0, metaState=0, flags=0x0, repeatCount=0, eventTime=739281285, downTime=739281285, deviceId=-1, source=0x101 }
08-04 21:21:04.877 19634 19634 I Input   : injectKeyEvent: KeyEvent { action=ACTION_UP, keyCode=KEYCODE_BACK, scanCode=0, metaState=0, flags=0x0, repeatCount=0, eventTime=739281285, downTime=739281285, deviceId=-1, source=0x101 }
08-04 21:21:04.882 18171 18434 I art     : Explicit concurrent mark sweep GC freed 1343(78KB) AllocSpace objects, 1(20KB) LOS objects, 23% free, 52MB/68MB, paused 462us total 20.590ms
08-04 21:21:04.884 19634 19634 D AndroidRuntime: Shutting down VM
08-04 21:21:04.891 18171 18434 I art     : Starting a blocking GC Explicit
08-04 21:21:04.909 18171 18434 I art     : Explicit concurrent mark sweep GC freed 158(6KB) AllocSpace objects, 0(0B) LOS objects, 23% free, 52MB/68MB, paused 378us total 18.034ms
08-04 21:21:04.917 18171 18434 I art     : Starting a blocking GC Explicit
08-04 21:21:04.924 13866 13866 I GoogleInputMethodServic: GoogleInputMethodService.onFinishInput():3138 
08-04 21:21:04.925 13866 13866 I GoogleInputMethodServic: GoogleInputMethodService.onStartInput():1808 
08-04 21:21:04.934 18171 18434 I art     : Explicit concurrent mark sweep GC freed 26(1008B) AllocSpace objects, 0(0B) LOS objects, 23% free, 52MB/68MB, paused 399us total 17.682ms
08-04 21:21:04.944 18171 18434 I art     : Starting a blocking GC Explicit
08-04 21:21:04.963 18171 18434 I art     : Explicit concurrent mark sweep GC freed 13(432B) AllocSpace objects, 0(0B) LOS objects, 23% free, 52MB/68MB, paused 407us total 18.831ms
08-04 21:21:04.971 18171 18434 I art     : Starting a blocking GC Explicit
08-04 21:21:04.988 18171 18434 I art     : Explicit concurrent mark sweep GC freed 6(224B) AllocSpace objects, 0(0B) LOS objects, 23% free, 52MB/68MB, paused 354us total 17.219ms
08-04 21:21:05.237   380   380 W SurfaceFlinger: couldn't log to binary event log: overflow.
08-04 21:21:05.253 18171 18434 I art     : Starting a blocking GC Explicit
08-04 21:21:05.272 18171 18434 I art     : Explicit concurrent mark sweep GC freed 1450(87KB) AllocSpace objects, 1(20KB) LOS objects, 23% free, 52MB/68MB, paused 436us total 19.482ms
08-04 21:21:05.281 18171 18434 I art     : Starting a blocking GC Explicit
08-04 21:21:05.300 18171 18434 I art     : Explicit concurrent mark sweep GC freed 1672(107KB) AllocSpace objects, 3(400KB) LOS objects, 23% free, 52MB/68MB, paused 386us total 18.582ms
08-04 21:21:05.307 18171 18434 I art     : Starting a blocking GC Explicit
08-04 21:21:05.325 18171 18434 I art     : Explicit concurrent mark sweep GC freed 3(96B) AllocSpace objects, 0(0B) LOS objects, 23% free, 52MB/68MB, paused 386us total 17.608ms
08-04 21:21:05.334 18171 18434 I art     : Starting a blocking GC Explicit
08-04 21:21:05.354 18171 18434 I art     : Explicit concurrent mark sweep GC freed 3(96B) AllocSpace objects, 0(0B) LOS objects, 23% free, 52MB/68MB, paused 403us total 19.954ms
08-04 21:21:05.363 18171 18434 I art     : Starting a blocking GC Explicit
08-04 21:21:05.382 18171 18434 I art     : Explicit concurrent mark sweep GC freed 3(96B) AllocSpace objects, 0(0B) LOS objects, 23% free, 52MB/68MB, paused 426us total 19.589ms
08-04 21:21:05.657 18171 18231 I art     : Starting a blocking GC Explicit
08-04 21:21:05.681 18171 18231 I art     : Explicit concurrent mark sweep GC freed 1341(78KB) AllocSpace objects, 1(20KB) LOS objects, 23% free, 52MB/68MB, paused 451us total 23.534ms
08-04 21:21:05.692 18171 18231 I art     : Starting a blocking GC Explicit
08-04 21:21:05.712 18171 18231 I art     : Explicit concurrent mark sweep GC freed 20(704B) AllocSpace objects, 0(0B) LOS objects, 23% free, 52MB/68MB, paused 425us total 20.029ms
08-04 21:21:05.721 18171 18231 I art     : Starting a blocking GC Explicit
08-04 21:21:05.741 18171 18231 I art     : Explicit concurrent mark sweep GC freed 3(96B) AllocSpace objects, 0(0B) LOS objects, 23% free, 52MB/68MB, paused 405us total 20.165ms
08-04 21:21:05.750 18171 18231 I art     : Starting a blocking GC Explicit
08-04 21:21:05.770 18171 18231 I art     : Explicit concurrent mark sweep GC freed 3(96B) AllocSpace objects, 0(0B) LOS objects, 23% free, 52MB/68MB, paused 399us total 20.207ms
08-04 21:21:05.779 18171 18231 I art     : Starting a blocking GC Explicit
08-04 21:21:05.799 18171 18231 I art     : Explicit concurrent mark sweep GC freed 236(13KB) AllocSpace objects, 0(0B) LOS objects, 23% free, 52MB/68MB, paused 479us total 19.787ms
08-04 21:21:05.979 18171 19678 W OneSignal: OneSignalRestClient: POST Error thrown from network stack. 
08-04 21:21:05.979 18171 19678 W OneSignal: java.io.IOException: unexpected end of stream on Connection{api.onesignal.com:443, proxy=HTTP@192.168.2.12:8080 hostAddress=192.168.2.12 cipherSuite=TLS_ECDHE_RSA_WITH_AES_128_GCM_SHA256 protocol=http/1.1} (recycle count=0)
08-04 21:21:05.979 18171 19678 W OneSignal: 	at com.android.okhttp.internal.http.HttpConnection.readResponse(HttpConnection.java:210)
08-04 21:21:05.979 18171 19678 W OneSignal: 	at com.android.okhttp.internal.http.HttpTransport.readResponseHeaders(HttpTransport.java:80)
08-04 21:21:05.979 18171 19678 W OneSignal: 	at com.android.okhttp.internal.http.HttpEngine.readNetworkResponse(HttpEngine.java:904)
08-04 21:21:05.979 18171 19678 W OneSignal: 	at com.android.okhttp.internal.http.HttpEngine.readResponse(HttpEngine.java:788)
08-04 21:21:05.979 18171 19678 W OneSignal: 	at com.android.okhttp.internal.huc.HttpURLConnectionImpl.execute(HttpURLConnectionImpl.java:439)
08-04 21:21:05.979 18171 19678 W OneSignal: 	at com.android.okhttp.internal.huc.HttpURLConnectionImpl.getResponse(HttpURLConnectionImpl.java:384)
08-04 21:21:05.979 18171 19678 W OneSignal: 	at com.android.okhttp.internal.huc.HttpURLConnectionImpl.getResponseCode(HttpURLConnectionImpl.java:497)
08-04 21:21:05.979 18171 19678 W OneSignal: 	at com.android.okhttp.internal.huc.DelegatingHttpsURLConnection.getResponseCode(DelegatingHttpsURLConnection.java:105)
08-04 21:21:05.979 18171 19678 W OneSignal: 	at com.android.okhttp.internal.huc.HttpsURLConnectionImpl.getResponseCode(HttpsURLConnectionImpl.java)
08-04 21:21:05.979 18171 19678 W OneSignal: 	at com.onesignal.OneSignalRestClient.startHTTPConnection(OneSignalRestClient.java:180)
08-04 21:21:05.979 18171 19678 W OneSignal: 	at com.onesignal.OneSignalRestClient.access$100(OneSignalRestClient.java:44)
08-04 21:21:05.979 18171 19678 W OneSignal: 	at com.onesignal.OneSignalRestClient$4.run(OneSignalRestClient.java:110)
08-04 21:21:05.979 18171 19678 W OneSignal: 	at java.lang.Thread.run(Thread.java:818)
08-04 21:21:05.979 18171 19678 W OneSignal: Caused by: java.io.EOFException: \n not found: size=0 content=...
08-04 21:21:05.979 18171 19678 W OneSignal: 	at com.android.okhttp.okio.RealBufferedSource.readUtf8LineStrict(RealBufferedSource.java:200)
08-04 21:21:05.979 18171 19678 W OneSignal: 	at com.android.okhttp.internal.http.HttpConnection.readResponse(HttpConnection.java:191)
08-04 21:21:05.979 18171 19678 W OneSignal: 	... 12 more
08-04 21:21:05.980 18171 19685 W OneSignal: Failed last request. statusCode: -1
08-04 21:21:05.980 18171 19685 W OneSignal: response: null
08-04 21:21:06.087 18171 18184 I art     : Starting a blocking GC Explicit
08-04 21:21:06.114 18171 18184 I art     : Explicit concurrent mark sweep GC freed 3723(230KB) AllocSpace objects, 1(20KB) LOS objects, 23% free, 52MB/68MB, paused 438us total 25.831ms
08-04 21:21:06.128 18171 18184 I art     : Starting a blocking GC Explicit
08-04 21:21:06.148 18171 18184 I art     : Explicit concurrent mark sweep GC freed 90(3KB) AllocSpace objects, 0(0B) LOS objects, 23% free, 52MB/68MB, paused 423us total 20.100ms
08-04 21:21:06.156 18171 18184 I art     : Starting a blocking GC Explicit
08-04 21:21:06.175 18171 18184 I art     : Explicit concurrent mark sweep GC freed 3(96B) AllocSpace objects, 0(0B) LOS objects, 23% free, 52MB/68MB, paused 430us total 18.650ms
08-04 21:21:06.184 18171 18184 I art     : Starting a blocking GC Explicit
08-04 21:21:06.203 18171 18184 I art     : Explicit concurrent mark sweep GC freed 3(96B) AllocSpace objects, 0(0B) LOS objects, 23% free, 52MB/68MB, paused 410us total 18.396ms
08-04 21:21:06.211 18171 18184 I art     : Starting a blocking GC Explicit
08-04 21:21:06.230 18171 18184 I art     : Explicit concurrent mark sweep GC freed 3(96B) AllocSpace objects, 0(0B) LOS objects, 23% free, 52MB/68MB, paused 420us total 18.728ms
08-04 21:21:06.496 18171 18183 I art     : Starting a blocking GC Explicit
08-04 21:21:06.517 18171 18183 I art     : Explicit concurrent mark sweep GC freed 1340(78KB) AllocSpace objects, 1(20KB) LOS objects, 23% free, 52MB/68MB, paused 431us total 20.298ms
08-04 21:21:06.525 18171 18183 I art     : Starting a blocking GC Explicit
08-04 21:21:06.545 18171 18183 I art     : Explicit concurrent mark sweep GC freed 20(704B) AllocSpace objects, 0(0B) LOS objects, 23% free, 52MB/68MB, paused 425us total 20.078ms
08-04 21:21:06.552 19690 19690 D AndroidRuntime: >>>>>> START com.android.internal.os.RuntimeInit uid 2000 <<<<<<
08-04 21:21:06.554 18171 18183 I art     : Starting a blocking GC Explicit
08-04 21:21:06.558 19690 19690 D AndroidRuntime: CheckJNI is OFF
08-04 21:21:06.574 18171 18183 I art     : Explicit concurrent mark sweep GC freed 3(96B) AllocSpace objects, 0(0B) LOS objects, 23% free, 52MB/68MB, paused 406us total 19.929ms
08-04 21:21:06.582 18171 18183 I art     : Starting a blocking GC Explicit
08-04 21:21:06.595 19690 19690 D ICU     : No timezone override file found: /data/misc/zoneinfo/current/icu/icu_tzdata.dat
08-04 21:21:06.601 18171 18183 I art     : Explicit concurrent mark sweep GC freed 3(96B) AllocSpace objects, 0(0B) LOS objects, 23% free, 52MB/68MB, paused 395us total 18.742ms
08-04 21:21:06.610 18171 18183 I art     : Starting a blocking GC Explicit
08-04 21:21:06.629 18171 18183 I art     : Explicit concurrent mark sweep GC freed 3(96B) AllocSpace objects, 0(0B) LOS objects, 23% free, 52MB/68MB, paused 434us total 18.854ms
08-04 21:21:06.631 19690 19690 I Radio-JNI: register_android_hardware_Radio DONE
08-04 21:21:06.653 19690 19690 D AndroidRuntime: Calling main entry com.android.commands.input.Input
08-04 21:21:06.654 19690 19690 I Input   : injectKeyEvent: KeyEvent { action=ACTION_DOWN, keyCode=KEYCODE_BACK, scanCode=0, metaState=0, flags=0x0, repeatCount=0, eventTime=739283067, downTime=739283067, deviceId=-1, source=0x101 }
08-04 21:21:06.660 19690 19690 I Input   : injectKeyEvent: KeyEvent { action=ACTION_UP, keyCode=KEYCODE_BACK, scanCode=0, metaState=0, flags=0x0, repeatCount=0, eventTime=739283067, downTime=739283067, deviceId=-1, source=0x101 }
08-04 21:21:06.665 19690 19690 D AndroidRuntime: Shutting down VM
08-04 21:21:06.697 13866 13866 I GoogleInputMethodServic: GoogleInputMethodService.onFinishInput():3138 
08-04 21:21:06.698 13866 13866 I GoogleInputMethodServic: GoogleInputMethodService.onStartInput():1808 
08-04 21:21:06.906 18171 18434 I art     : Starting a blocking GC Explicit
08-04 21:21:06.932 18171 18434 I art     : Explicit concurrent mark sweep GC freed 1550(87KB) AllocSpace objects, 1(20KB) LOS objects, 23% free, 52MB/68MB, paused 463us total 25.430ms
08-04 21:21:06.941 18171 18434 I art     : Starting a blocking GC Explicit
08-04 21:21:06.968 18171 18434 I art     : Explicit concurrent mark sweep GC freed 24(864B) AllocSpace objects, 0(0B) LOS objects, 23% free, 52MB/68MB, paused 452us total 26.347ms
08-04 21:21:06.977 18171 18434 I art     : Starting a blocking GC Explicit
08-04 21:21:06.996 18171 18434 I art     : Explicit concurrent mark sweep GC freed 3(96B) AllocSpace objects, 0(0B) LOS objects, 23% free, 52MB/68MB, paused 370us total 18.963ms
08-04 21:21:07.005 18171 18434 I art     : Starting a blocking GC Explicit
08-04 21:21:07.025 18171 18434 I art     : Explicit concurrent mark sweep GC freed 1066(51KB) AllocSpace objects, 0(0B) LOS objects, 23% free, 52MB/68MB, paused 408us total 19.748ms
08-04 21:21:07.033 18171 18434 I art     : Starting a blocking GC Explicit
08-04 21:21:07.052 18171 18434 I art     : Explicit concurrent mark sweep GC freed 2084(127KB) AllocSpace objects, 2(140KB) LOS objects, 23% free, 51MB/67MB, paused 410us total 18.671ms
08-04 21:21:07.348 18171 18184 I art     : Starting a blocking GC Explicit
08-04 21:21:07.371 18171 18184 I art     : Explicit concurrent mark sweep GC freed 1340(78KB) AllocSpace objects, 1(20KB) LOS objects, 23% free, 51MB/67MB, paused 464us total 22.255ms
08-04 21:21:07.382 18171 18184 I art     : Starting a blocking GC Explicit
08-04 21:21:07.401 18171 18184 I art     : Explicit concurrent mark sweep GC freed 20(704B) AllocSpace objects, 0(0B) LOS objects, 23% free, 51MB/67MB, paused 442us total 19.274ms
08-04 21:21:07.410 18171 18184 I art     : Starting a blocking GC Explicit
08-04 21:21:07.429 18171 18184 I art     : Explicit concurrent mark sweep GC freed 3(96B) AllocSpace objects, 0(0B) LOS objects, 23% free, 51MB/67MB, paused 401us total 19.136ms
08-04 21:21:07.438 18171 18184 I art     : Starting a blocking GC Explicit
08-04 21:21:07.457 18171 18184 I art     : Explicit concurrent mark sweep GC freed 3(96B) AllocSpace objects, 0(0B) LOS objects, 23% free, 51MB/67MB, paused 460us total 19.344ms
08-04 21:21:07.466 18171 18184 I art     : Starting a blocking GC Explicit
08-04 21:21:07.485 18171 18184 I art     : Explicit concurrent mark sweep GC freed 3(96B) AllocSpace objects, 0(0B) LOS objects, 23% free, 51MB/67MB, paused 401us total 19.062ms
08-04 21:21:07.767 18171 18183 I art     : Starting a blocking GC Explicit
08-04 21:21:07.790 18171 18183 I art     : Explicit concurrent mark sweep GC freed 1338(78KB) AllocSpace objects, 1(20KB) LOS objects, 23% free, 51MB/67MB, paused 451us total 22.048ms
08-04 21:21:07.801 18171 18183 I art     : Starting a blocking GC Explicit
08-04 21:21:07.821 18171 18183 I art     : Explicit concurrent mark sweep GC freed 20(704B) AllocSpace objects, 0(0B) LOS objects, 23% free, 51MB/67MB, paused 388us total 19.466ms
08-04 21:21:07.830 18171 18183 I art     : Starting a blocking GC Explicit
08-04 21:21:07.849 18171 18183 I art     : Explicit concurrent mark sweep GC freed 3(96B) AllocSpace objects, 0(0B) LOS objects, 23% free, 51MB/67MB, paused 474us total 19.009ms
08-04 21:21:07.857 18171 18183 I art     : Starting a blocking GC Explicit
08-04 21:21:07.877 18171 18183 I art     : Explicit concurrent mark sweep GC freed 3(96B) AllocSpace objects, 0(0B) LOS objects, 23% free, 51MB/67MB, paused 455us total 19.582ms
08-04 21:21:07.886 18171 18183 I art     : Starting a blocking GC Explicit
08-04 21:21:07.904 18171 18183 I art     : Explicit concurrent mark sweep GC freed 3(96B) AllocSpace objects, 0(0B) LOS objects, 23% free, 51MB/67MB, paused 372us total 18.061ms
08-04 21:21:08.165 18171 18231 I art     : Starting a blocking GC Explicit
08-04 21:21:08.185 18171 18231 I art     : Explicit concurrent mark sweep GC freed 1338(78KB) AllocSpace objects, 1(20KB) LOS objects, 23% free, 51MB/67MB, paused 424us total 19.314ms
08-04 21:21:08.193 18171 18231 I art     : Starting a blocking GC Explicit
08-04 21:21:08.211 18171 18231 I art     : Explicit concurrent mark sweep GC freed 20(704B) AllocSpace objects, 0(0B) LOS objects, 23% free, 51MB/67MB, paused 407us total 17.781ms
08-04 21:21:08.219 18171 18231 I art     : Starting a blocking GC Explicit
08-04 21:21:08.237 18171 18231 I art     : Explicit concurrent mark sweep GC freed 3(96B) AllocSpace objects, 0(0B) LOS objects, 23% free, 51MB/67MB, paused 460us total 17.649ms
08-04 21:21:08.245 18171 18231 I art     : Starting a blocking GC Explicit
08-04 21:21:08.264 18171 18231 I art     : Explicit concurrent mark sweep GC freed 3(96B) AllocSpace objects, 0(0B) LOS objects, 23% free, 51MB/67MB, paused 433us total 18.321ms
08-04 21:21:08.272 18171 18231 I art     : Starting a blocking GC Explicit
08-04 21:21:08.290 18171 18231 I art     : Explicit concurrent mark sweep GC freed 3(96B) AllocSpace objects, 0(0B) LOS objects, 23% free, 51MB/67MB, paused 425us total 17.576ms
08-04 21:21:08.320 19743 19743 D AndroidRuntime: >>>>>> START com.android.internal.os.RuntimeInit uid 2000 <<<<<<
08-04 21:21:08.325 19743 19743 D AndroidRuntime: CheckJNI is OFF
08-04 21:21:08.359 19743 19743 D ICU     : No timezone override file found: /data/misc/zoneinfo/current/icu/icu_tzdata.dat
08-04 21:21:08.393 19743 19743 I Radio-JNI: register_android_hardware_Radio DONE
08-04 21:21:08.415 19743 19743 D AndroidRuntime: Calling main entry com.android.commands.input.Input
08-04 21:21:08.417 19743 19743 I Input   : injectMotionEvent: MotionEvent { action=ACTION_DOWN, actionButton=0, id[0]=0, x[0]=337.0, y[0]=1104.0, toolType[0]=TOOL_TYPE_UNKNOWN, buttonState=0, metaState=0, flags=0x0, edgeFlags=0x0, pointerCount=1, historySize=0, eventTime=739284830, downTime=739284830, deviceId=0, source=0x1002 }
08-04 21:21:08.423 19743 19743 I Input   : injectMotionEvent: MotionEvent { action=ACTION_UP, actionButton=0, id[0]=0, x[0]=337.0, y[0]=1104.0, toolType[0]=TOOL_TYPE_UNKNOWN, buttonState=0, metaState=0, flags=0x0, edgeFlags=0x0, pointerCount=1, historySize=0, eventTime=739284830, downTime=739284830, deviceId=0, source=0x1002 }
08-04 21:21:08.425   918  3961 I ActivityManager: START u0 {cmp=baseline.appteam.nith.hillffair/.activities.BattleDayActivity} from uid 10651 on display 0
08-04 21:21:08.433 19743 19743 D AndroidRuntime: Shutting down VM
08-04 21:21:08.497 13866 13866 I GoogleInputMethodServic: GoogleInputMethodService.onFinishInput():3138 
08-04 21:21:08.498 13866 13866 I GoogleInputMethodServic: GoogleInputMethodService.onStartInput():1808 
08-04 21:21:08.522   918   936 I ActivityManager: Displayed baseline.appteam.nith.hillffair/.activities.BattleDayActivity: +87ms
08-04 21:21:08.540 18171 18184 I art     : Starting a blocking GC Explicit
08-04 21:21:08.563 18171 18184 I art     : Explicit concurrent mark sweep GC freed 6361(383KB) AllocSpace objects, 1(20KB) LOS objects, 23% free, 52MB/68MB, paused 431us total 22.734ms
08-04 21:21:08.571 18171 18184 I art     : Starting a blocking GC Explicit
08-04 21:21:08.587 18171 18184 I art     : Explicit concurrent mark sweep GC freed 258(11KB) AllocSpace objects, 0(0B) LOS objects, 23% free, 52MB/68MB, paused 444us total 16.537ms
08-04 21:21:08.595 18171 18184 I art     : Starting a blocking GC Explicit
08-04 21:21:08.614 18171 18184 I art     : Explicit concurrent mark sweep GC freed 3(96B) AllocSpace objects, 0(0B) LOS objects, 23% free, 52MB/68MB, paused 440us total 18.313ms
08-04 21:21:08.622 18171 18184 I art     : Starting a blocking GC Explicit
08-04 21:21:08.640 18171 18184 I art     : Explicit concurrent mark sweep GC freed 3(96B) AllocSpace objects, 0(0B) LOS objects, 23% free, 52MB/68MB, paused 456us total 18.438ms
08-04 21:21:08.650 18171 18184 I art     : Starting a blocking GC Explicit
08-04 21:21:08.670 18171 18184 I art     : Explicit concurrent mark sweep GC freed 3(96B) AllocSpace objects, 0(0B) LOS objects, 23% free, 52MB/68MB, paused 470us total 20.598ms
08-04 21:21:08.759   380   380 W SurfaceFlinger: couldn't log to binary event log: overflow.
08-04 21:21:08.915 18171 18434 I art     : Starting a blocking GC Explicit
08-04 21:21:08.934 18171 18434 I art     : Explicit concurrent mark sweep GC freed 1420(83KB) AllocSpace objects, 1(20KB) LOS objects, 23% free, 52MB/68MB, paused 427us total 18.922ms
08-04 21:21:08.943 18171 18434 I art     : Starting a blocking GC Explicit
08-04 21:21:08.962 18171 18434 I art     : Explicit concurrent mark sweep GC freed 32(1152B) AllocSpace objects, 0(0B) LOS objects, 23% free, 52MB/68MB, paused 457us total 19.258ms
08-04 21:21:08.971 18171 18434 I art     : Starting a blocking GC Explicit
08-04 21:21:08.990 18171 18434 I art     : Explicit concurrent mark sweep GC freed 10(352B) AllocSpace objects, 0(0B) LOS objects, 23% free, 52MB/68MB, paused 466us total 19.518ms
08-04 21:21:08.999 18171 18434 I art     : Starting a blocking GC Explicit
08-04 21:21:09.018 18171 18434 I art     : Explicit concurrent mark sweep GC freed 11(416B) AllocSpace objects, 0(0B) LOS objects, 23% free, 52MB/68MB, paused 464us total 19.050ms
08-04 21:21:09.026 18171 18434 I art     : Starting a blocking GC Explicit
08-04 21:21:09.045 18171 18434 I art     : Explicit concurrent mark sweep GC freed 13(480B) AllocSpace objects, 0(0B) LOS objects, 23% free, 52MB/68MB, paused 417us total 18.653ms
08-04 21:21:09.264 18171 19772 D OkHttp  : --> GET https://api-hillfair-2k16.herokuapp.com/api/app/events/special http/1.1
08-04 21:21:09.293 18171 19772 D OkHttp  : <-- 200 OK https://api-hillfair-2k16.herokuapp.com/api/app/events/special (29ms, 554-byte body)
08-04 21:21:09.321 18171 18231 I art     : Starting a blocking GC Explicit
08-04 21:21:09.342 18171 18231 I art     : Explicit concurrent mark sweep GC freed 4192(246KB) AllocSpace objects, 4(220KB) LOS objects, 23% free, 52MB/68MB, paused 501us total 21.094ms
08-04 21:21:09.344 18171 18171 I NAPPA_EXPERIMENTATION: MetricNetworkRequestExecutionTime: REQUEST_DURATION_SYSTEM='887',REQUEST_DURATION_OKHTTP='29',REQUEST_SYNCHRONOUS='FALSE',RESPONSE_CODE='200',RESPONSE_METHOD='GET',RESPONSE_LENGTH_OKHTTP='554',RESPONSE_LENGTH_HEADER='554',REQUEST_PROTOCOL='http/1.1',REQUEST_URL='https://api-hillfair-2k16.herokuapp.com/api/app/events/special',
08-04 21:21:09.350 18171 18231 I art     : Starting a blocking GC Explicit
08-04 21:21:09.369 18171 18231 I art     : Explicit concurrent mark sweep GC freed 1573(176KB) AllocSpace objects, 0(0B) LOS objects, 23% free, 52MB/68MB, paused 684us total 18.762ms
08-04 21:21:09.377 18171 18231 I art     : Starting a blocking GC Explicit
08-04 21:21:09.397 18171 18231 I art     : Explicit concurrent mark sweep GC freed 289(10KB) AllocSpace objects, 0(0B) LOS objects, 23% free, 52MB/68MB, paused 509us total 19.708ms
08-04 21:21:09.405 18171 18231 I art     : Starting a blocking GC Explicit
08-04 21:21:09.424 18171 18231 I art     : Explicit concurrent mark sweep GC freed 28(1376B) AllocSpace objects, 0(0B) LOS objects, 23% free, 52MB/68MB, paused 500us total 18.822ms
08-04 21:21:09.432 18171 18231 I art     : Starting a blocking GC Explicit
08-04 21:21:09.451 18171 18231 I art     : Explicit concurrent mark sweep GC freed 3(96B) AllocSpace objects, 0(0B) LOS objects, 23% free, 52MB/68MB, paused 436us total 19.031ms
08-04 21:21:09.734 18171 18183 I art     : Starting a blocking GC Explicit
08-04 21:21:09.764 18171 18183 I art     : Explicit concurrent mark sweep GC freed 1340(78KB) AllocSpace objects, 1(20KB) LOS objects, 23% free, 52MB/68MB, paused 693us total 29.542ms
08-04 21:21:09.773 18171 18183 I art     : Starting a blocking GC Explicit
08-04 21:21:09.794 18171 18183 I art     : Explicit concurrent mark sweep GC freed 20(704B) AllocSpace objects, 0(0B) LOS objects, 23% free, 52MB/68MB, paused 448us total 20.581ms
08-04 21:21:09.802 18171 18183 I art     : Starting a blocking GC Explicit
08-04 21:21:09.823 18171 18183 I art     : Explicit concurrent mark sweep GC freed 3(96B) AllocSpace objects, 0(0B) LOS objects, 23% free, 52MB/68MB, paused 420us total 20.049ms
08-04 21:21:09.831 18171 18183 I art     : Starting a blocking GC Explicit
08-04 21:21:09.851 18171 18183 I art     : Explicit concurrent mark sweep GC freed 3(96B) AllocSpace objects, 0(0B) LOS objects, 23% free, 52MB/68MB, paused 411us total 19.640ms
08-04 21:21:09.859 18171 18183 I art     : Starting a blocking GC Explicit
08-04 21:21:09.880 18171 18183 I art     : Explicit concurrent mark sweep GC freed 3(96B) AllocSpace objects, 0(0B) LOS objects, 23% free, 52MB/68MB, paused 433us total 20.150ms
08-04 21:21:10.179 18171 18434 I art     : Starting a blocking GC Explicit
08-04 21:21:10.205 18171 18434 I art     : Explicit concurrent mark sweep GC freed 1340(78KB) AllocSpace objects, 1(20KB) LOS objects, 23% free, 52MB/68MB, paused 464us total 25.441ms
08-04 21:21:10.218 18171 18434 I art     : Starting a blocking GC Explicit
08-04 21:21:10.238 18171 18434 I art     : Explicit concurrent mark sweep GC freed 20(704B) AllocSpace objects, 0(0B) LOS objects, 23% free, 52MB/68MB, paused 434us total 20.466ms
08-04 21:21:10.247 18171 18434 I art     : Starting a blocking GC Explicit
08-04 21:21:10.267 18171 18434 I art     : Explicit concurrent mark sweep GC freed 3(96B) AllocSpace objects, 0(0B) LOS objects, 23% free, 52MB/68MB, paused 449us total 19.554ms
08-04 21:21:10.275 18171 18434 I art     : Starting a blocking GC Explicit
08-04 21:21:10.296 18171 18434 I art     : Explicit concurrent mark sweep GC freed 3(96B) AllocSpace objects, 0(0B) LOS objects, 23% free, 52MB/68MB, paused 442us total 20.354ms
08-04 21:21:10.305 18171 18434 I art     : Starting a blocking GC Explicit
08-04 21:21:10.325 18171 18434 I art     : Explicit concurrent mark sweep GC freed 3(96B) AllocSpace objects, 0(0B) LOS objects, 23% free, 52MB/68MB, paused 470us total 20.497ms
08-04 21:21:10.654 18171 18184 I art     : Starting a blocking GC Explicit
08-04 21:21:10.682 18171 18184 I art     : Explicit concurrent mark sweep GC freed 1340(78KB) AllocSpace objects, 1(20KB) LOS objects, 23% free, 52MB/68MB, paused 474us total 27.771ms
08-04 21:21:10.694 18171 18184 I art     : Starting a blocking GC Explicit
08-04 21:21:10.716 18171 18184 I art     : Explicit concurrent mark sweep GC freed 20(704B) AllocSpace objects, 0(0B) LOS objects, 23% free, 52MB/68MB, paused 444us total 21.905ms
08-04 21:21:10.725 18171 18184 I art     : Starting a blocking GC Explicit
08-04 21:21:10.746 18171 18184 I art     : Explicit concurrent mark sweep GC freed 3(96B) AllocSpace objects, 0(0B) LOS objects, 23% free, 52MB/68MB, paused 448us total 20.664ms
08-04 21:21:10.755 18171 18184 I art     : Starting a blocking GC Explicit
08-04 21:21:10.775 18171 18184 I art     : Explicit concurrent mark sweep GC freed 3(96B) AllocSpace objects, 0(0B) LOS objects, 23% free, 52MB/68MB, paused 431us total 19.972ms
08-04 21:21:10.783 18171 18184 I art     : Starting a blocking GC Explicit
08-04 21:21:10.804 18171 18184 I art     : Explicit concurrent mark sweep GC freed 3(96B) AllocSpace objects, 0(0B) LOS objects, 23% free, 52MB/68MB, paused 445us total 20.260ms
08-04 21:21:11.113 18171 18231 I art     : Starting a blocking GC Explicit
08-04 21:21:11.138 18171 18231 I art     : Explicit concurrent mark sweep GC freed 1340(78KB) AllocSpace objects, 1(20KB) LOS objects, 23% free, 52MB/68MB, paused 494us total 25.464ms
08-04 21:21:11.150 18171 18231 I art     : Starting a blocking GC Explicit
08-04 21:21:11.171 18171 18231 I art     : Explicit concurrent mark sweep GC freed 20(704B) AllocSpace objects, 0(0B) LOS objects, 23% free, 52MB/68MB, paused 417us total 20.695ms
08-04 21:21:11.180 18171 18231 I art     : Starting a blocking GC Explicit
08-04 21:21:11.200 18171 18231 I art     : Explicit concurrent mark sweep GC freed 3(96B) AllocSpace objects, 0(0B) LOS objects, 23% free, 52MB/68MB, paused 416us total 19.709ms
08-04 21:21:11.208 18171 18231 I art     : Starting a blocking GC Explicit
08-04 21:21:11.229 18171 18231 I art     : Explicit concurrent mark sweep GC freed 3(96B) AllocSpace objects, 0(0B) LOS objects, 23% free, 52MB/68MB, paused 434us total 20.319ms
08-04 21:21:11.237 18171 18231 I art     : Starting a blocking GC Explicit
08-04 21:21:11.258 18171 18231 I art     : Explicit concurrent mark sweep GC freed 3(96B) AllocSpace objects, 0(0B) LOS objects, 23% free, 52MB/68MB, paused 414us total 20.217ms
08-04 21:21:11.576 18171 18183 I art     : Starting a blocking GC Explicit
08-04 21:21:11.601 18171 18183 I art     : Explicit concurrent mark sweep GC freed 1340(78KB) AllocSpace objects, 1(20KB) LOS objects, 23% free, 52MB/68MB, paused 458us total 25.280ms
08-04 21:21:11.613 18171 18183 I art     : Starting a blocking GC Explicit
08-04 21:21:11.634 18171 18183 I art     : Explicit concurrent mark sweep GC freed 20(704B) AllocSpace objects, 0(0B) LOS objects, 23% free, 52MB/68MB, paused 414us total 20.305ms
08-04 21:21:11.642 18171 18183 I art     : Starting a blocking GC Explicit
08-04 21:21:11.663 18171 18183 I art     : Explicit concurrent mark sweep GC freed 3(96B) AllocSpace objects, 0(0B) LOS objects, 23% free, 52MB/68MB, paused 425us total 20.273ms
08-04 21:21:11.672 18171 18183 I art     : Starting a blocking GC Explicit
08-04 21:21:11.692 18171 18183 I art     : Explicit concurrent mark sweep GC freed 3(96B) AllocSpace objects, 0(0B) LOS objects, 23% free, 52MB/68MB, paused 414us total 20.081ms
08-04 21:21:11.701 18171 18183 I art     : Starting a blocking GC Explicit
08-04 21:21:11.721 18171 18183 I art     : Explicit concurrent mark sweep GC freed 3(96B) AllocSpace objects, 0(0B) LOS objects, 23% free, 52MB/68MB, paused 419us total 19.765ms
08-04 21:21:12.031 18171 18434 I art     : Starting a blocking GC Explicit
08-04 21:21:12.054 18171 18434 I art     : Explicit concurrent mark sweep GC freed 1340(78KB) AllocSpace objects, 1(20KB) LOS objects, 23% free, 52MB/68MB, paused 450us total 23.242ms
08-04 21:21:12.063 18171 18434 I art     : Starting a blocking GC Explicit
08-04 21:21:12.084 18171 18434 I art     : Explicit concurrent mark sweep GC freed 20(704B) AllocSpace objects, 0(0B) LOS objects, 23% free, 52MB/68MB, paused 430us total 20.482ms
08-04 21:21:12.092 18171 18434 I art     : Starting a blocking GC Explicit
08-04 21:21:12.113 18171 18434 I art     : Explicit concurrent mark sweep GC freed 3(96B) AllocSpace objects, 0(0B) LOS objects, 23% free, 52MB/68MB, paused 436us total 20.561ms
08-04 21:21:12.122 18171 18434 I art     : Starting a blocking GC Explicit
08-04 21:21:12.142 18171 18434 I art     : Explicit concurrent mark sweep GC freed 3(96B) AllocSpace objects, 0(0B) LOS objects, 23% free, 52MB/68MB, paused 438us total 20.117ms
08-04 21:21:12.151 18171 18434 I art     : Starting a blocking GC Explicit
08-04 21:21:12.171 18171 18434 I art     : Explicit concurrent mark sweep GC freed 3(96B) AllocSpace objects, 0(0B) LOS objects, 23% free, 52MB/68MB, paused 478us total 19.780ms
08-04 21:21:12.483 18171 18434 I art     : Starting a blocking GC Explicit
08-04 21:21:12.504 18171 18434 I art     : Explicit concurrent mark sweep GC freed 1340(78KB) AllocSpace objects, 1(20KB) LOS objects, 23% free, 52MB/68MB, paused 425us total 20.935ms
08-04 21:21:12.513 18171 18434 I art     : Starting a blocking GC Explicit
08-04 21:21:12.533 18171 18434 I art     : Explicit concurrent mark sweep GC freed 29(1040B) AllocSpace objects, 0(0B) LOS objects, 23% free, 52MB/68MB, paused 432us total 20.459ms
08-04 21:21:12.542 18171 18434 I art     : Starting a blocking GC Explicit
08-04 21:21:12.562 18171 18434 I art     : Explicit concurrent mark sweep GC freed 3(96B) AllocSpace objects, 0(0B) LOS objects, 23% free, 52MB/68MB, paused 421us total 20.189ms
08-04 21:21:12.571 18171 18434 I art     : Starting a blocking GC Explicit
08-04 21:21:12.591 18171 18434 I art     : Explicit concurrent mark sweep GC freed 3(96B) AllocSpace objects, 0(0B) LOS objects, 23% free, 52MB/68MB, paused 406us total 20.125ms
08-04 21:21:12.600 18171 18434 I art     : Starting a blocking GC Explicit
08-04 21:21:12.620 18171 18434 I art     : Explicit concurrent mark sweep GC freed 3(96B) AllocSpace objects, 0(0B) LOS objects, 23% free, 52MB/68MB, paused 426us total 20.157ms
08-04 21:21:12.893 18171 18184 I art     : Starting a blocking GC Explicit
08-04 21:21:12.913 18171 18184 I art     : Explicit concurrent mark sweep GC freed 1340(78KB) AllocSpace objects, 1(20KB) LOS objects, 23% free, 52MB/68MB, paused 450us total 19.776ms
08-04 21:21:12.921 18171 18184 I art     : Starting a blocking GC Explicit
08-04 21:21:12.941 18171 18184 I art     : Explicit concurrent mark sweep GC freed 20(704B) AllocSpace objects, 0(0B) LOS objects, 23% free, 52MB/68MB, paused 430us total 19.356ms
08-04 21:21:12.949 18171 18184 I art     : Starting a blocking GC Explicit
08-04 21:21:12.970 18171 18184 I art     : Explicit concurrent mark sweep GC freed 3(96B) AllocSpace objects, 0(0B) LOS objects, 23% free, 52MB/68MB, paused 424us total 19.992ms
08-04 21:21:12.978 18171 18184 I art     : Starting a blocking GC Explicit
08-04 21:21:12.997 18171 18184 I art     : Explicit concurrent mark sweep GC freed 3(96B) AllocSpace objects, 0(0B) LOS objects, 23% free, 52MB/68MB, paused 425us total 19.082ms
08-04 21:21:13.005 18171 18184 I art     : Starting a blocking GC Explicit
08-04 21:21:13.025 18171 18184 I art     : Explicit concurrent mark sweep GC freed 3(96B) AllocSpace objects, 0(0B) LOS objects, 23% free, 52MB/68MB, paused 439us total 18.969ms
08-04 21:21:13.139 19868 19868 D AndroidRuntime: >>>>>> START com.android.internal.os.RuntimeInit uid 2000 <<<<<<
08-04 21:21:13.146 19868 19868 D AndroidRuntime: CheckJNI is OFF
08-04 21:21:13.182 19868 19868 D ICU     : No timezone override file found: /data/misc/zoneinfo/current/icu/icu_tzdata.dat
08-04 21:21:13.215 19868 19868 I Radio-JNI: register_android_hardware_Radio DONE
08-04 21:21:13.236 19868 19868 D AndroidRuntime: Calling main entry com.android.commands.input.Input
08-04 21:21:13.238 19868 19868 I Input   : injectMotionEvent: MotionEvent { action=ACTION_DOWN, actionButton=0, id[0]=0, x[0]=733.0, y[0]=645.0, toolType[0]=TOOL_TYPE_UNKNOWN, buttonState=0, metaState=0, flags=0x0, edgeFlags=0x0, pointerCount=1, historySize=0, eventTime=739289651, downTime=739289651, deviceId=0, source=0x1002 }
08-04 21:21:13.243 19868 19868 I Input   : injectMotionEvent: MotionEvent { action=ACTION_UP, actionButton=0, id[0]=0, x[0]=733.0, y[0]=645.0, toolType[0]=TOOL_TYPE_UNKNOWN, buttonState=0, metaState=0, flags=0x0, edgeFlags=0x0, pointerCount=1, historySize=0, eventTime=739289651, downTime=739289651, deviceId=0, source=0x1002 }
08-04 21:21:13.245   918  6110 I ActivityManager: START u0 {cmp=baseline.appteam.nith.hillffair/.activities.ClubActivity (has extras)} from uid 10651 on display 0
08-04 21:21:13.252 19868 19868 D AndroidRuntime: Shutting down VM
08-04 21:21:13.311 18171 18434 I art     : Starting a blocking GC Explicit
08-04 21:21:13.331 18171 18434 I art     : Explicit concurrent mark sweep GC freed 5212(326KB) AllocSpace objects, 1(20KB) LOS objects, 23% free, 52MB/68MB, paused 542us total 20.228ms
08-04 21:21:13.336 13866 13866 I GoogleInputMethodServic: GoogleInputMethodService.onFinishInput():3138 
08-04 21:21:13.337   918   936 I ActivityManager: Displayed baseline.appteam.nith.hillffair/.activities.ClubActivity: +83ms
08-04 21:21:13.337 13866 13866 I GoogleInputMethodServic: GoogleInputMethodService.onStartInput():1808 
08-04 21:21:13.341 18171 18434 I art     : Starting a blocking GC Explicit
08-04 21:21:13.363 18171 18434 I art     : Explicit concurrent mark sweep GC freed 299(15KB) AllocSpace objects, 0(0B) LOS objects, 23% free, 52MB/68MB, paused 572us total 22.203ms
08-04 21:21:13.371 18171 18434 I art     : Starting a blocking GC Explicit
08-04 21:21:13.389 18171 18434 I art     : Explicit concurrent mark sweep GC freed 9(304B) AllocSpace objects, 0(0B) LOS objects, 23% free, 52MB/68MB, paused 446us total 17.739ms
08-04 21:21:13.397 18171 18434 I art     : Starting a blocking GC Explicit
08-04 21:21:13.416 18171 18434 I art     : Explicit concurrent mark sweep GC freed 3(96B) AllocSpace objects, 0(0B) LOS objects, 23% free, 52MB/68MB, paused 444us total 18.771ms
08-04 21:21:13.424 18171 18434 I art     : Starting a blocking GC Explicit
08-04 21:21:13.443 18171 18434 I art     : Explicit concurrent mark sweep GC freed 3(96B) AllocSpace objects, 0(0B) LOS objects, 23% free, 52MB/68MB, paused 436us total 18.438ms
08-04 21:21:13.564   380   380 W SurfaceFlinger: couldn't log to binary event log: overflow.
08-04 21:21:13.690 18171 18184 I art     : Starting a blocking GC Explicit
08-04 21:21:13.711 18171 18184 I art     : Explicit concurrent mark sweep GC freed 1431(83KB) AllocSpace objects, 1(20KB) LOS objects, 23% free, 52MB/68MB, paused 574us total 21.072ms
08-04 21:21:13.721 18171 18184 I art     : Starting a blocking GC Explicit
08-04 21:21:13.740 18171 18184 I art     : Explicit concurrent mark sweep GC freed 34(1264B) AllocSpace objects, 0(0B) LOS objects, 23% free, 52MB/68MB, paused 436us total 18.423ms
08-04 21:21:13.749 18171 18184 I art     : Starting a blocking GC Explicit
08-04 21:21:13.769 18171 18184 I art     : Explicit concurrent mark sweep GC freed 14(512B) AllocSpace objects, 0(0B) LOS objects, 23% free, 52MB/68MB, paused 477us total 19.547ms
08-04 21:21:13.777 18171 18184 I art     : Starting a blocking GC Explicit
08-04 21:21:13.796 18171 18184 I art     : Explicit concurrent mark sweep GC freed 10(352B) AllocSpace objects, 0(0B) LOS objects, 23% free, 52MB/68MB, paused 455us total 19.323ms
08-04 21:21:13.804 18171 18184 I art     : Starting a blocking GC Explicit
08-04 21:21:13.824 18171 18184 I art     : Explicit concurrent mark sweep GC freed 11(416B) AllocSpace objects, 0(0B) LOS objects, 23% free, 52MB/68MB, paused 476us total 19.710ms
08-04 21:21:14.075 18171 19901 D OkHttp  : --> GET https://api-hillfair-2k16.herokuapp.com/api/app/events/special/event?id=5806551bdcba0f490c70fd1f http/1.1
08-04 21:21:14.105 18171 19901 D OkHttp  : <-- 200 OK https://api-hillfair-2k16.herokuapp.com/api/app/events/special/event?id=5806551bdcba0f490c70fd1f (29ms, 795-byte body)
08-04 21:21:14.115 18171 18183 I art     : Starting a blocking GC Explicit
08-04 21:21:14.138 18171 18183 I art     : Explicit concurrent mark sweep GC freed 4207(248KB) AllocSpace objects, 4(220KB) LOS objects, 23% free, 52MB/68MB, paused 502us total 23.191ms
08-04 21:21:14.147 18171 18183 I art     : Starting a blocking GC Explicit
08-04 21:21:14.164 18171 18171 I NAPPA_EXPERIMENTATION: MetricNetworkRequestExecutionTime: REQUEST_DURATION_SYSTEM='882',REQUEST_DURATION_OKHTTP='30',REQUEST_SYNCHRONOUS='FALSE',RESPONSE_CODE='200',RESPONSE_METHOD='GET',RESPONSE_LENGTH_OKHTTP='795',RESPONSE_LENGTH_HEADER='795',REQUEST_PROTOCOL='http/1.1',REQUEST_URL='https://api-hillfair-2k16.herokuapp.com/api/app/events/special/event?id=5806551bdcba0f490c70fd1f',
08-04 21:21:14.167 18171 18183 I art     : Explicit concurrent mark sweep GC freed 1152(133KB) AllocSpace objects, 0(0B) LOS objects, 23% free, 52MB/68MB, paused 616us total 19.684ms
08-04 21:21:14.175 18171 18183 I art     : Starting a blocking GC Explicit
08-04 21:21:14.194 18171 18183 I art     : Explicit concurrent mark sweep GC freed 450(49KB) AllocSpace objects, 0(0B) LOS objects, 23% free, 52MB/68MB, paused 444us total 19.365ms
08-04 21:21:14.202 18171 18183 I art     : Starting a blocking GC Explicit
08-04 21:21:14.222 18171 18183 I art     : Explicit concurrent mark sweep GC freed 55(1824B) AllocSpace objects, 0(0B) LOS objects, 23% free, 52MB/68MB, paused 418us total 19.637ms
08-04 21:21:14.230 18171 18183 I art     : Starting a blocking GC Explicit
08-04 21:21:14.250 18171 18183 I art     : Explicit concurrent mark sweep GC freed 3(96B) AllocSpace objects, 0(0B) LOS objects, 23% free, 52MB/68MB, paused 400us total 19.596ms
08-04 21:21:14.530 18171 18184 I art     : Starting a blocking GC Explicit
08-04 21:21:14.552 18171 18184 I art     : Explicit concurrent mark sweep GC freed 1341(78KB) AllocSpace objects, 1(20KB) LOS objects, 23% free, 52MB/68MB, paused 453us total 21.125ms
08-04 21:21:14.560 18171 18184 I art     : Starting a blocking GC Explicit
08-04 21:21:14.581 18171 18184 I art     : Explicit concurrent mark sweep GC freed 36(1264B) AllocSpace objects, 0(0B) LOS objects, 23% free, 52MB/68MB, paused 510us total 19.937ms
08-04 21:21:14.589 18171 18184 I art     : Starting a blocking GC Explicit
08-04 21:21:14.610 18171 18184 I art     : Explicit concurrent mark sweep GC freed 3(96B) AllocSpace objects, 0(0B) LOS objects, 23% free, 52MB/68MB, paused 457us total 20.697ms
08-04 21:21:14.619 18171 18184 I art     : Starting a blocking GC Explicit
08-04 21:21:14.641 18171 18184 I art     : Explicit concurrent mark sweep GC freed 3(96B) AllocSpace objects, 0(0B) LOS objects, 23% free, 52MB/68MB, paused 466us total 21.715ms
08-04 21:21:14.650 18171 18184 I art     : Starting a blocking GC Explicit
08-04 21:21:14.670 18171 18184 I art     : Explicit concurrent mark sweep GC freed 3(96B) AllocSpace objects, 0(0B) LOS objects, 23% free, 52MB/68MB, paused 443us total 20.710ms
08-04 21:21:14.757   918  3261 D WifiStateMachine: starting scan for "H369AA63323"WPA_PSK with 2412,5180
08-04 21:21:14.949 18171 18434 I art     : Starting a blocking GC Explicit
08-04 21:21:14.976 18171 18434 I art     : Explicit concurrent mark sweep GC freed 1341(78KB) AllocSpace objects, 1(20KB) LOS objects, 23% free, 52MB/68MB, paused 498us total 27.233ms
08-04 21:21:14.990 18171 18434 I art     : Starting a blocking GC Explicit
08-04 21:21:15.014 18171 18434 I art     : Explicit concurrent mark sweep GC freed 20(704B) AllocSpace objects, 0(0B) LOS objects, 23% free, 52MB/68MB, paused 445us total 24.564ms
08-04 21:21:15.023 18171 18434 I art     : Starting a blocking GC Explicit
08-04 21:21:15.045 18171 18434 I art     : Explicit concurrent mark sweep GC freed 3(96B) AllocSpace objects, 0(0B) LOS objects, 23% free, 52MB/68MB, paused 460us total 21.614ms
08-04 21:21:15.054 18171 18434 I art     : Starting a blocking GC Explicit
08-04 21:21:15.075 18171 18434 I art     : Explicit concurrent mark sweep GC freed 3(96B) AllocSpace objects, 0(0B) LOS objects, 23% free, 52MB/68MB, paused 448us total 21.126ms
08-04 21:21:15.084 18171 18434 I art     : Starting a blocking GC Explicit
08-04 21:21:15.106 18171 18434 I art     : Explicit concurrent mark sweep GC freed 3(96B) AllocSpace objects, 0(0B) LOS objects, 23% free, 52MB/68MB, paused 454us total 21.288ms
08-04 21:21:15.421 18171 18183 I art     : Starting a blocking GC Explicit
08-04 21:21:15.448 18171 18183 I art     : Explicit concurrent mark sweep GC freed 1341(78KB) AllocSpace objects, 1(20KB) LOS objects, 23% free, 52MB/68MB, paused 613us total 26.456ms
08-04 21:21:15.461 18171 18183 I art     : Starting a blocking GC Explicit
08-04 21:21:15.482 18171 18183 I art     : Explicit concurrent mark sweep GC freed 20(704B) AllocSpace objects, 0(0B) LOS objects, 23% free, 52MB/68MB, paused 441us total 21.101ms
08-04 21:21:15.490 18171 18183 I art     : Starting a blocking GC Explicit
08-04 21:21:15.512 18171 18183 I art     : Explicit concurrent mark sweep GC freed 3(96B) AllocSpace objects, 0(0B) LOS objects, 23% free, 52MB/68MB, paused 447us total 21.060ms
08-04 21:21:15.521 18171 18183 I art     : Starting a blocking GC Explicit
08-04 21:21:15.542 18171 18183 I art     : Explicit concurrent mark sweep GC freed 3(96B) AllocSpace objects, 0(0B) LOS objects, 23% free, 52MB/68MB, paused 447us total 21.568ms
08-04 21:21:15.551 18171 18183 I art     : Starting a blocking GC Explicit
08-04 21:21:15.572 18171 18183 I art     : Explicit concurrent mark sweep GC freed 3(96B) AllocSpace objects, 0(0B) LOS objects, 23% free, 52MB/68MB, paused 419us total 20.520ms
08-04 21:21:15.905 18171 18231 I art     : Starting a blocking GC Explicit
08-04 21:21:15.936 18171 18231 I art     : Explicit concurrent mark sweep GC freed 1341(78KB) AllocSpace objects, 1(20KB) LOS objects, 23% free, 52MB/68MB, paused 499us total 30.358ms
08-04 21:21:15.948 18171 18231 I art     : Starting a blocking GC Explicit
08-04 21:21:15.969 18171 18231 I art     : Explicit concurrent mark sweep GC freed 20(704B) AllocSpace objects, 0(0B) LOS objects, 23% free, 52MB/68MB, paused 464us total 20.779ms
08-04 21:21:15.978 18171 18231 I art     : Starting a blocking GC Explicit
08-04 21:21:15.999 18171 18231 I art     : Explicit concurrent mark sweep GC freed 3(96B) AllocSpace objects, 0(0B) LOS objects, 23% free, 52MB/68MB, paused 476us total 21.480ms
08-04 21:21:16.008 18171 18231 I art     : Starting a blocking GC Explicit
08-04 21:21:16.030 18171 18231 I art     : Explicit concurrent mark sweep GC freed 3(96B) AllocSpace objects, 0(0B) LOS objects, 23% free, 52MB/68MB, paused 429us total 21.740ms
08-04 21:21:16.039 18171 18231 I art     : Starting a blocking GC Explicit
08-04 21:21:16.061 18171 18231 I art     : Explicit concurrent mark sweep GC freed 3(96B) AllocSpace objects, 0(0B) LOS objects, 23% free, 52MB/68MB, paused 457us total 21.151ms
08-04 21:21:16.289 15172 15172 I ServiceManager: Waiting for service AtCmdFwd...
08-04 21:21:16.375 18171 18184 I art     : Starting a blocking GC Explicit
08-04 21:21:16.404 18171 18184 I art     : Explicit concurrent mark sweep GC freed 1341(78KB) AllocSpace objects, 1(20KB) LOS objects, 23% free, 52MB/68MB, paused 545us total 28.489ms
08-04 21:21:16.417 18171 18184 I art     : Starting a blocking GC Explicit
08-04 21:21:16.438 18171 18184 I art     : Explicit concurrent mark sweep GC freed 20(704B) AllocSpace objects, 0(0B) LOS objects, 23% free, 52MB/68MB, paused 436us total 21.147ms
08-04 21:21:16.447 18171 18184 I art     : Starting a blocking GC Explicit
08-04 21:21:16.468 18171 18184 I art     : Explicit concurrent mark sweep GC freed 3(96B) AllocSpace objects, 0(0B) LOS objects, 23% free, 52MB/68MB, paused 468us total 21.119ms
08-04 21:21:16.477 18171 18184 I art     : Starting a blocking GC Explicit
08-04 21:21:16.498 18171 18184 I art     : Explicit concurrent mark sweep GC freed 3(96B) AllocSpace objects, 0(0B) LOS objects, 23% free, 52MB/68MB, paused 458us total 21.559ms
08-04 21:21:16.507 18171 18184 I art     : Starting a blocking GC Explicit
08-04 21:21:16.529 18171 18184 I art     : Explicit concurrent mark sweep GC freed 3(96B) AllocSpace objects, 0(0B) LOS objects, 23% free, 52MB/68MB, paused 454us total 21.504ms
08-04 21:21:16.854 18171 18434 I art     : Starting a blocking GC Explicit
08-04 21:21:16.886 18171 18434 I art     : Explicit concurrent mark sweep GC freed 1341(78KB) AllocSpace objects, 1(20KB) LOS objects, 23% free, 52MB/68MB, paused 510us total 30.971ms
08-04 21:21:16.899 18171 18434 I art     : Starting a blocking GC Explicit
08-04 21:21:16.920 18171 18434 I art     : Explicit concurrent mark sweep GC freed 20(704B) AllocSpace objects, 0(0B) LOS objects, 23% free, 52MB/68MB, paused 442us total 20.459ms
08-04 21:21:16.928 18171 18434 I art     : Starting a blocking GC Explicit
08-04 21:21:16.949 18171 18434 I art     : Explicit concurrent mark sweep GC freed 3(96B) AllocSpace objects, 0(0B) LOS objects, 23% free, 52MB/68MB, paused 469us total 20.751ms
08-04 21:21:16.958 18171 18434 I art     : Starting a blocking GC Explicit
08-04 21:21:16.980 18171 18434 I art     : Explicit concurrent mark sweep GC freed 3(96B) AllocSpace objects, 0(0B) LOS objects, 23% free, 52MB/68MB, paused 452us total 21.829ms
08-04 21:21:16.989 18171 18434 I art     : Starting a blocking GC Explicit
08-04 21:21:17.011 18171 18434 I art     : Explicit concurrent mark sweep GC freed 3(96B) AllocSpace objects, 0(0B) LOS objects, 23% free, 52MB/68MB, paused 451us total 21.496ms
08-04 21:21:17.290 15172 15172 I ServiceManager: Waiting for service AtCmdFwd...
08-04 21:21:17.315 18171 18183 I art     : Starting a blocking GC Explicit
08-04 21:21:17.342 18171 18183 I art     : Explicit concurrent mark sweep GC freed 1341(78KB) AllocSpace objects, 1(20KB) LOS objects, 23% free, 52MB/68MB, paused 477us total 26.772ms
08-04 21:21:17.354 18171 18183 I art     : Starting a blocking GC Explicit
08-04 21:21:17.380 18171 18183 I art     : Explicit concurrent mark sweep GC freed 20(704B) AllocSpace objects, 0(0B) LOS objects, 23% free, 52MB/68MB, paused 472us total 25.437ms
08-04 21:21:17.390 18171 18183 I art     : Starting a blocking GC Explicit
08-04 21:21:17.411 18171 18183 I art     : Explicit concurrent mark sweep GC freed 3(96B) AllocSpace objects, 0(0B) LOS objects, 23% free, 52MB/68MB, paused 431us total 20.985ms
08-04 21:21:17.420 18171 18183 I art     : Starting a blocking GC Explicit
08-04 21:21:17.441 18171 18183 I art     : Explicit concurrent mark sweep GC freed 3(96B) AllocSpace objects, 0(0B) LOS objects, 23% free, 52MB/68MB, paused 433us total 20.745ms
08-04 21:21:17.450 18171 18183 I art     : Starting a blocking GC Explicit
08-04 21:21:17.472 18171 18183 I art     : Explicit concurrent mark sweep GC freed 3(96B) AllocSpace objects, 0(0B) LOS objects, 23% free, 52MB/68MB, paused 437us total 21.134ms
08-04 21:21:17.735 18171 18231 I art     : Starting a blocking GC Explicit
08-04 21:21:17.757 18171 18231 I art     : Explicit concurrent mark sweep GC freed 1341(78KB) AllocSpace objects, 1(20KB) LOS objects, 23% free, 52MB/68MB, paused 457us total 21.592ms
08-04 21:21:17.765 18171 18231 I art     : Starting a blocking GC Explicit
08-04 21:21:17.787 18171 18231 I art     : Explicit concurrent mark sweep GC freed 20(704B) AllocSpace objects, 0(0B) LOS objects, 23% free, 52MB/68MB, paused 477us total 21.151ms
08-04 21:21:17.795 18171 18231 I art     : Starting a blocking GC Explicit
08-04 21:21:17.817 18171 18231 I art     : Explicit concurrent mark sweep GC freed 3(96B) AllocSpace objects, 0(0B) LOS objects, 23% free, 52MB/68MB, paused 530us total 21.144ms
08-04 21:21:17.825 18171 18231 I art     : Starting a blocking GC Explicit
08-04 21:21:17.846 18171 18231 I art     : Explicit concurrent mark sweep GC freed 3(96B) AllocSpace objects, 0(0B) LOS objects, 23% free, 52MB/68MB, paused 449us total 20.488ms
08-04 21:21:17.854 18171 18231 I art     : Starting a blocking GC Explicit
08-04 21:21:17.875 18171 18231 I art     : Explicit concurrent mark sweep GC freed 3(96B) AllocSpace objects, 0(0B) LOS objects, 23% free, 52MB/68MB, paused 443us total 20.164ms
08-04 21:21:17.956 19993 19993 D AndroidRuntime: >>>>>> START com.android.internal.os.RuntimeInit uid 2000 <<<<<<
08-04 21:21:17.962 19993 19993 D AndroidRuntime: CheckJNI is OFF
08-04 21:21:18.002 19993 19993 D ICU     : No timezone override file found: /data/misc/zoneinfo/current/icu/icu_tzdata.dat
08-04 21:21:18.036 19993 19993 I Radio-JNI: register_android_hardware_Radio DONE
08-04 21:21:18.058 19993 19993 D AndroidRuntime: Calling main entry com.android.commands.input.Input
08-04 21:21:18.059 19993 19993 I Input   : injectKeyEvent: KeyEvent { action=ACTION_DOWN, keyCode=KEYCODE_BACK, scanCode=0, metaState=0, flags=0x0, repeatCount=0, eventTime=739294472, downTime=739294472, deviceId=-1, source=0x101 }
08-04 21:21:18.065 19993 19993 I Input   : injectKeyEvent: KeyEvent { action=ACTION_UP, keyCode=KEYCODE_BACK, scanCode=0, metaState=0, flags=0x0, repeatCount=0, eventTime=739294472, downTime=739294472, deviceId=-1, source=0x101 }
08-04 21:21:18.070 19993 19993 D AndroidRuntime: Shutting down VM
08-04 21:21:18.111 13866 13866 I GoogleInputMethodServic: GoogleInputMethodService.onFinishInput():3138 
08-04 21:21:18.111 13866 13866 I GoogleInputMethodServic: GoogleInputMethodService.onStartInput():1808 
08-04 21:21:18.153 18171 18184 I art     : Starting a blocking GC Explicit
08-04 21:21:18.171 18171 18184 I art     : Explicit concurrent mark sweep GC freed 1510(85KB) AllocSpace objects, 1(20KB) LOS objects, 23% free, 52MB/68MB, paused 400us total 17.310ms
08-04 21:21:18.178 18171 18184 I art     : Starting a blocking GC Explicit
08-04 21:21:18.195 18171 18184 I art     : Explicit concurrent mark sweep GC freed 26(944B) AllocSpace objects, 0(0B) LOS objects, 23% free, 52MB/68MB, paused 403us total 16.818ms
08-04 21:21:18.203 18171 18184 I art     : Starting a blocking GC Explicit
08-04 21:21:18.220 18171 18184 I art     : Explicit concurrent mark sweep GC freed 3(96B) AllocSpace objects, 0(0B) LOS objects, 23% free, 52MB/68MB, paused 399us total 17.461ms
08-04 21:21:18.228 18171 18184 I art     : Starting a blocking GC Explicit
08-04 21:21:18.246 18171 18184 I art     : Explicit concurrent mark sweep GC freed 3(96B) AllocSpace objects, 0(0B) LOS objects, 23% free, 52MB/68MB, paused 391us total 17.189ms
08-04 21:21:18.253 18171 18184 I art     : Starting a blocking GC Explicit
08-04 21:21:18.271 18171 18184 I art     : Explicit concurrent mark sweep GC freed 3(96B) AllocSpace objects, 0(0B) LOS objects, 23% free, 52MB/68MB, paused 417us total 17.764ms
08-04 21:21:18.290 15172 15172 I ServiceManager: Waiting for service AtCmdFwd...
08-04 21:21:18.403   380   380 W SurfaceFlinger: couldn't log to binary event log: overflow.
08-04 21:21:18.534 18171 18434 I art     : Starting a blocking GC Explicit
08-04 21:21:18.556 18171 18434 I art     : Explicit concurrent mark sweep GC freed 1450(87KB) AllocSpace objects, 1(20KB) LOS objects, 23% free, 52MB/68MB, paused 452us total 21.596ms
08-04 21:21:18.564 18171 18434 I art     : Starting a blocking GC Explicit
08-04 21:21:18.585 18171 18434 I art     : Explicit concurrent mark sweep GC freed 1672(107KB) AllocSpace objects, 3(400KB) LOS objects, 23% free, 52MB/68MB, paused 480us total 20.257ms
08-04 21:21:18.593 18171 18434 I art     : Starting a blocking GC Explicit
08-04 21:21:18.613 18171 18434 I art     : Explicit concurrent mark sweep GC freed 3(96B) AllocSpace objects, 0(0B) LOS objects, 23% free, 52MB/68MB, paused 439us total 19.827ms
08-04 21:21:18.621 18171 18434 I art     : Starting a blocking GC Explicit
08-04 21:21:18.641 18171 18434 I art     : Explicit concurrent mark sweep GC freed 3(96B) AllocSpace objects, 0(0B) LOS objects, 23% free, 52MB/68MB, paused 431us total 19.715ms
08-04 21:21:18.650 18171 18434 I art     : Starting a blocking GC Explicit
08-04 21:21:18.670 18171 18434 I art     : Explicit concurrent mark sweep GC freed 3(96B) AllocSpace objects, 0(0B) LOS objects, 23% free, 52MB/68MB, paused 457us total 19.765ms
08-04 21:21:18.965 18171 18183 I art     : Starting a blocking GC Explicit
08-04 21:21:18.996 18171 18183 I art     : Explicit concurrent mark sweep GC freed 1341(78KB) AllocSpace objects, 1(20KB) LOS objects, 23% free, 52MB/68MB, paused 451us total 30.402ms
08-04 21:21:19.009 18171 18183 I art     : Starting a blocking GC Explicit
08-04 21:21:19.029 18171 18183 I art     : Explicit concurrent mark sweep GC freed 20(704B) AllocSpace objects, 0(0B) LOS objects, 23% free, 52MB/68MB, paused 449us total 19.600ms
08-04 21:21:19.038 18171 18183 I art     : Starting a blocking GC Explicit
08-04 21:21:19.057 18171 18183 I art     : Explicit concurrent mark sweep GC freed 3(96B) AllocSpace objects, 0(0B) LOS objects, 23% free, 52MB/68MB, paused 471us total 19.701ms
08-04 21:21:19.066 18171 18183 I art     : Starting a blocking GC Explicit
08-04 21:21:19.087 18171 18183 I art     : Explicit concurrent mark sweep GC freed 3(96B) AllocSpace objects, 0(0B) LOS objects, 23% free, 52MB/68MB, paused 507us total 20.493ms
08-04 21:21:19.096 18171 18183 I art     : Starting a blocking GC Explicit
08-04 21:21:19.117 18171 18183 I art     : Explicit concurrent mark sweep GC freed 3(96B) AllocSpace objects, 0(0B) LOS objects, 23% free, 52MB/68MB, paused 502us total 20.816ms
08-04 21:21:19.291 15172 15172 I ServiceManager: Waiting for service AtCmdFwd...
08-04 21:21:19.388 18171 18231 I art     : Starting a blocking GC Explicit
08-04 21:21:19.409 18171 18231 I art     : Explicit concurrent mark sweep GC freed 1340(78KB) AllocSpace objects, 1(20KB) LOS objects, 23% free, 52MB/68MB, paused 477us total 20.534ms
08-04 21:21:19.418 18171 18231 I art     : Starting a blocking GC Explicit
08-04 21:21:19.438 18171 18231 I art     : Explicit concurrent mark sweep GC freed 20(704B) AllocSpace objects, 0(0B) LOS objects, 23% free, 52MB/68MB, paused 462us total 19.654ms
08-04 21:21:19.446 18171 18231 I art     : Starting a blocking GC Explicit
08-04 21:21:19.465 18171 18231 I art     : Explicit concurrent mark sweep GC freed 3(96B) AllocSpace objects, 0(0B) LOS objects, 23% free, 52MB/68MB, paused 458us total 19.251ms
08-04 21:21:19.474 18171 18231 I art     : Starting a blocking GC Explicit
08-04 21:21:19.494 18171 18231 I art     : Explicit concurrent mark sweep GC freed 3(96B) AllocSpace objects, 0(0B) LOS objects, 23% free, 52MB/68MB, paused 443us total 19.660ms
08-04 21:21:19.502 18171 18231 I art     : Starting a blocking GC Explicit
08-04 21:21:19.522 18171 18231 I art     : Explicit concurrent mark sweep GC freed 3(96B) AllocSpace objects, 0(0B) LOS objects, 23% free, 52MB/68MB, paused 449us total 19.782ms
08-04 21:21:19.727 20054 20054 D AndroidRuntime: >>>>>> START com.android.internal.os.RuntimeInit uid 2000 <<<<<<
08-04 21:21:19.732 20054 20054 D AndroidRuntime: CheckJNI is OFF
08-04 21:21:19.764 20054 20054 D ICU     : No timezone override file found: /data/misc/zoneinfo/current/icu/icu_tzdata.dat
08-04 21:21:19.796 18171 18184 I art     : Starting a blocking GC Explicit
08-04 21:21:19.798 20054 20054 I Radio-JNI: register_android_hardware_Radio DONE
08-04 21:21:19.817 18171 18184 I art     : Explicit concurrent mark sweep GC freed 1340(78KB) AllocSpace objects, 1(20KB) LOS objects, 23% free, 52MB/68MB, paused 458us total 20.239ms
08-04 21:21:19.821 20054 20054 D AndroidRuntime: Calling main entry com.android.commands.input.Input
08-04 21:21:19.823 20054 20054 I Input   : injectKeyEvent: KeyEvent { action=ACTION_DOWN, keyCode=KEYCODE_BACK, scanCode=0, metaState=0, flags=0x0, repeatCount=0, eventTime=739296236, downTime=739296236, deviceId=-1, source=0x101 }
08-04 21:21:19.825 18171 18184 I art     : Starting a blocking GC Explicit
08-04 21:21:19.828 20054 20054 I Input   : injectKeyEvent: KeyEvent { action=ACTION_UP, keyCode=KEYCODE_BACK, scanCode=0, metaState=0, flags=0x0, repeatCount=0, eventTime=739296236, downTime=739296236, deviceId=-1, source=0x101 }
08-04 21:21:19.834 20054 20054 D AndroidRuntime: Shutting down VM
08-04 21:21:19.845 18171 18184 I art     : Explicit concurrent mark sweep GC freed 158(7KB) AllocSpace objects, 0(0B) LOS objects, 23% free, 52MB/68MB, paused 459us total 19.519ms
08-04 21:21:19.853 18171 18184 I art     : Starting a blocking GC Explicit
08-04 21:21:19.870 18171 18184 I art     : Explicit concurrent mark sweep GC freed 12(448B) AllocSpace objects, 0(0B) LOS objects, 23% free, 52MB/68MB, paused 417us total 17.537ms
08-04 21:21:19.877 13866 13866 I GoogleInputMethodServic: GoogleInputMethodService.onFinishInput():3138 
08-04 21:21:19.877 13866 13866 I GoogleInputMethodServic: GoogleInputMethodService.onStartInput():1808 
08-04 21:21:19.878 18171 18184 I art     : Starting a blocking GC Explicit
08-04 21:21:19.899 18171 18184 I art     : Explicit concurrent mark sweep GC freed 63(2192B) AllocSpace objects, 0(0B) LOS objects, 23% free, 52MB/68MB, paused 473us total 20.476ms
08-04 21:21:19.908 18171 18184 I art     : Starting a blocking GC Explicit
08-04 21:21:19.927 18171 18184 I art     : Explicit concurrent mark sweep GC freed 10(384B) AllocSpace objects, 0(0B) LOS objects, 23% free, 52MB/68MB, paused 445us total 19.063ms
08-04 21:21:20.189 18171 18434 I art     : Starting a blocking GC Explicit
08-04 21:21:20.210 18171 18434 I art     : Explicit concurrent mark sweep GC freed 1978(109KB) AllocSpace objects, 1(20KB) LOS objects, 23% free, 52MB/68MB, paused 417us total 19.885ms
08-04 21:21:20.217 18171 18434 I art     : Starting a blocking GC Explicit
08-04 21:21:20.235 18171 18434 I art     : Explicit concurrent mark sweep GC freed 141(7KB) AllocSpace objects, 0(0B) LOS objects, 23% free, 52MB/68MB, paused 438us total 17.906ms
08-04 21:21:20.243 18171 18434 I art     : Starting a blocking GC Explicit
08-04 21:21:20.261 18171 18434 I art     : Explicit concurrent mark sweep GC freed 1971(121KB) AllocSpace objects, 2(140KB) LOS objects, 23% free, 52MB/68MB, paused 434us total 17.364ms
08-04 21:21:20.268 18171 18434 I art     : Starting a blocking GC Explicit
08-04 21:21:20.286 18171 18434 I art     : Explicit concurrent mark sweep GC freed 3(96B) AllocSpace objects, 0(0B) LOS objects, 23% free, 52MB/68MB, paused 439us total 17.312ms
08-04 21:21:20.291 15172 15172 I ServiceManager: Waiting for service AtCmdFwd...
08-04 21:21:20.293 18171 18434 I art     : Starting a blocking GC Explicit
08-04 21:21:20.310 18171 18434 I art     : Explicit concurrent mark sweep GC freed 3(96B) AllocSpace objects, 0(0B) LOS objects, 23% free, 52MB/68MB, paused 444us total 17.056ms
08-04 21:21:20.579 18171 18231 I art     : Starting a blocking GC Explicit
08-04 21:21:20.597 18171 18231 I art     : Explicit concurrent mark sweep GC freed 1340(78KB) AllocSpace objects, 1(20KB) LOS objects, 23% free, 52MB/68MB, paused 534us total 18.156ms
08-04 21:21:20.605 18171 18231 I art     : Starting a blocking GC Explicit
08-04 21:21:20.623 18171 18231 I art     : Explicit concurrent mark sweep GC freed 20(704B) AllocSpace objects, 0(0B) LOS objects, 23% free, 52MB/68MB, paused 449us total 17.907ms
08-04 21:21:20.631 18171 18231 I art     : Starting a blocking GC Explicit
08-04 21:21:20.650 18171 18231 I art     : Explicit concurrent mark sweep GC freed 3(96B) AllocSpace objects, 0(0B) LOS objects, 23% free, 52MB/68MB, paused 442us total 18.645ms
08-04 21:21:20.658 18171 18231 I art     : Starting a blocking GC Explicit
08-04 21:21:20.677 18171 18231 I art     : Explicit concurrent mark sweep GC freed 3(96B) AllocSpace objects, 0(0B) LOS objects, 23% free, 52MB/68MB, paused 546us total 18.828ms
08-04 21:21:20.685 18171 18231 I art     : Starting a blocking GC Explicit
08-04 21:21:20.704 18171 18231 I art     : Explicit concurrent mark sweep GC freed 3(96B) AllocSpace objects, 0(0B) LOS objects, 23% free, 52MB/68MB, paused 442us total 18.855ms
08-04 21:21:20.977 18171 18183 I art     : Starting a blocking GC Explicit
08-04 21:21:20.998 18171 18183 I art     : Explicit concurrent mark sweep GC freed 1338(78KB) AllocSpace objects, 1(20KB) LOS objects, 23% free, 52MB/68MB, paused 477us total 21.084ms
08-04 21:21:21.011 18171 18183 I art     : Starting a blocking GC Explicit
08-04 21:21:21.031 18171 18183 I art     : Explicit concurrent mark sweep GC freed 20(704B) AllocSpace objects, 0(0B) LOS objects, 23% free, 52MB/68MB, paused 455us total 19.352ms
08-04 21:21:21.039 18171 18183 I art     : Starting a blocking GC Explicit
08-04 21:21:21.059 18171 18183 I art     : Explicit concurrent mark sweep GC freed 3(96B) AllocSpace objects, 0(0B) LOS objects, 23% free, 52MB/68MB, paused 443us total 19.436ms
08-04 21:21:21.068 18171 18183 I art     : Starting a blocking GC Explicit
08-04 21:21:21.087 18171 18183 I art     : Explicit concurrent mark sweep GC freed 3(96B) AllocSpace objects, 0(0B) LOS objects, 23% free, 52MB/68MB, paused 491us total 19.033ms
08-04 21:21:21.096 18171 18183 I art     : Starting a blocking GC Explicit
08-04 21:21:21.114 18171 18183 I art     : Explicit concurrent mark sweep GC freed 3(96B) AllocSpace objects, 0(0B) LOS objects, 23% free, 52MB/68MB, paused 472us total 18.464ms
08-04 21:21:21.292 15172 15172 W Atfwd_Sendcmd: AtCmdFwd service not published, waiting... retryCnt : 4
08-04 21:21:21.377 18171 18184 I art     : Starting a blocking GC Explicit
08-04 21:21:21.397 18171 18184 I art     : Explicit concurrent mark sweep GC freed 1338(78KB) AllocSpace objects, 1(20KB) LOS objects, 23% free, 52MB/68MB, paused 587us total 19.755ms
08-04 21:21:21.406 18171 18184 I art     : Starting a blocking GC Explicit
08-04 21:21:21.425 18171 18184 I art     : Explicit concurrent mark sweep GC freed 20(704B) AllocSpace objects, 0(0B) LOS objects, 23% free, 52MB/68MB, paused 451us total 18.756ms
08-04 21:21:21.432 18171 18184 I art     : Starting a blocking GC Explicit
08-04 21:21:21.450 18171 18184 I art     : Explicit concurrent mark sweep GC freed 3(96B) AllocSpace objects, 0(0B) LOS objects, 23% free, 52MB/68MB, paused 445us total 17.350ms
08-04 21:21:21.458 18171 18184 I art     : Starting a blocking GC Explicit
08-04 21:21:21.477 18171 18184 I art     : Explicit concurrent mark sweep GC freed 3(96B) AllocSpace objects, 0(0B) LOS objects, 23% free, 52MB/68MB, paused 480us total 18.848ms
08-04 21:21:21.481 20112 20112 D AndroidRuntime: >>>>>> START com.android.internal.os.RuntimeInit uid 2000 <<<<<<
08-04 21:21:21.485 18171 18184 I art     : Starting a blocking GC Explicit
08-04 21:21:21.486 20112 20112 D AndroidRuntime: CheckJNI is OFF
08-04 21:21:21.504 18171 18184 I art     : Explicit concurrent mark sweep GC freed 3(96B) AllocSpace objects, 0(0B) LOS objects, 23% free, 52MB/68MB, paused 465us total 18.991ms
08-04 21:21:21.523 20112 20112 D ICU     : No timezone override file found: /data/misc/zoneinfo/current/icu/icu_tzdata.dat
08-04 21:21:21.556 20112 20112 I Radio-JNI: register_android_hardware_Radio DONE
08-04 21:21:21.578 20112 20112 D AndroidRuntime: Calling main entry com.android.commands.input.Input
08-04 21:21:21.580 20112 20112 I Input   : injectMotionEvent: MotionEvent { action=ACTION_DOWN, actionButton=0, id[0]=0, x[0]=1053.0, y[0]=1173.0, toolType[0]=TOOL_TYPE_UNKNOWN, buttonState=0, metaState=0, flags=0x0, edgeFlags=0x0, pointerCount=1, historySize=0, eventTime=739297993, downTime=739297993, deviceId=0, source=0x1002 }
08-04 21:21:21.586 20112 20112 I Input   : injectMotionEvent: MotionEvent { action=ACTION_UP, actionButton=0, id[0]=0, x[0]=1053.0, y[0]=1173.0, toolType[0]=TOOL_TYPE_UNKNOWN, buttonState=0, metaState=0, flags=0x0, edgeFlags=0x0, pointerCount=1, historySize=0, eventTime=739297993, downTime=739297993, deviceId=0, source=0x1002 }
08-04 21:21:21.590   918  5952 I ActivityManager: START u0 {cmp=baseline.appteam.nith.hillffair/.activities.QuizActivity} from uid 10651 on display 0
08-04 21:21:21.600 20112 20112 D AndroidRuntime: Shutting down VM
08-04 21:21:21.738   918   936 I ActivityManager: Displayed baseline.appteam.nith.hillffair/.activities.QuizActivity: +138ms
08-04 21:21:21.738 13866 13866 I GoogleInputMethodServic: GoogleInputMethodService.onFinishInput():3138 
08-04 21:21:21.738 13866 13866 I GoogleInputMethodServic: GoogleInputMethodService.onStartInput():1808 
08-04 21:21:21.763 18171 18183 I art     : Starting a blocking GC Explicit
08-04 21:21:21.783 18171 18183 I art     : Explicit concurrent mark sweep GC freed 2157(142KB) AllocSpace objects, 1(20KB) LOS objects, 23% free, 52MB/68MB, paused 408us total 19.681ms
08-04 21:21:21.791 18171 18183 I art     : Starting a blocking GC Explicit
08-04 21:21:21.810 18171 18183 I art     : Explicit concurrent mark sweep GC freed 195(8KB) AllocSpace objects, 0(0B) LOS objects, 23% free, 52MB/68MB, paused 495us total 18.744ms
08-04 21:21:21.819 18171 18183 I art     : Starting a blocking GC Explicit
08-04 21:21:21.838 18171 18183 I art     : Explicit concurrent mark sweep GC freed 15(576B) AllocSpace objects, 0(0B) LOS objects, 23% free, 52MB/68MB, paused 427us total 19.297ms
08-04 21:21:21.847 18171 18183 I art     : Starting a blocking GC Explicit
08-04 21:21:21.866 18171 18183 I art     : Explicit concurrent mark sweep GC freed 3(96B) AllocSpace objects, 0(0B) LOS objects, 23% free, 52MB/68MB, paused 393us total 18.775ms
08-04 21:21:21.877 18171 18183 I art     : Starting a blocking GC Explicit
08-04 21:21:21.900 18171 18183 I art     : Explicit concurrent mark sweep GC freed 3(96B) AllocSpace objects, 0(0B) LOS objects, 23% free, 52MB/68MB, paused 393us total 22.977ms
08-04 21:21:21.990   380   380 W SurfaceFlinger: couldn't log to binary event log: overflow.
08-04 21:21:22.147 18171 18184 I art     : Starting a blocking GC Explicit
08-04 21:21:22.168 18171 18184 I art     : Explicit concurrent mark sweep GC freed 1410(82KB) AllocSpace objects, 1(20KB) LOS objects, 23% free, 52MB/68MB, paused 467us total 20.674ms
08-04 21:21:22.176 18171 18184 I art     : Starting a blocking GC Explicit
08-04 21:21:22.197 18171 18184 I art     : Explicit concurrent mark sweep GC freed 20(704B) AllocSpace objects, 0(0B) LOS objects, 23% free, 52MB/68MB, paused 575us total 20.281ms
08-04 21:21:22.205 18171 18184 I art     : Starting a blocking GC Explicit
08-04 21:21:22.226 18171 18184 I art     : Explicit concurrent mark sweep GC freed 3(96B) AllocSpace objects, 0(0B) LOS objects, 23% free, 52MB/68MB, paused 453us total 20.825ms
08-04 21:21:22.235 18171 18184 I art     : Starting a blocking GC Explicit
08-04 21:21:22.255 18171 18184 I art     : Explicit concurrent mark sweep GC freed 3(96B) AllocSpace objects, 0(0B) LOS objects, 23% free, 52MB/68MB, paused 473us total 20.330ms
08-04 21:21:22.264 18171 18184 I art     : Starting a blocking GC Explicit
08-04 21:21:22.284 18171 18184 I art     : Explicit concurrent mark sweep GC freed 3(96B) AllocSpace objects, 0(0B) LOS objects, 23% free, 52MB/68MB, paused 465us total 20.572ms
08-04 21:21:22.568 18171 18434 I art     : Starting a blocking GC Explicit
08-04 21:21:22.598 18171 18434 I art     : Explicit concurrent mark sweep GC freed 1353(78KB) AllocSpace objects, 1(20KB) LOS objects, 23% free, 52MB/68MB, paused 598us total 29.302ms
08-04 21:21:22.611 18171 18434 I art     : Starting a blocking GC Explicit
08-04 21:21:22.632 18171 18434 I art     : Explicit concurrent mark sweep GC freed 34(1136B) AllocSpace objects, 0(0B) LOS objects, 23% free, 52MB/68MB, paused 447us total 20.125ms
08-04 21:21:22.640 18171 18434 I art     : Starting a blocking GC Explicit
08-04 21:21:22.661 18171 18434 I art     : Explicit concurrent mark sweep GC freed 3(96B) AllocSpace objects, 0(0B) LOS objects, 23% free, 52MB/68MB, paused 437us total 20.187ms
08-04 21:21:22.669 18171 18434 I art     : Starting a blocking GC Explicit
08-04 21:21:22.691 18171 18434 I art     : Explicit concurrent mark sweep GC freed 3(96B) AllocSpace objects, 0(0B) LOS objects, 23% free, 52MB/68MB, paused 445us total 21.108ms
08-04 21:21:22.700 18171 18434 I art     : Starting a blocking GC Explicit
08-04 21:21:22.720 18171 18434 I art     : Explicit concurrent mark sweep GC freed 3(96B) AllocSpace objects, 0(0B) LOS objects, 23% free, 52MB/68MB, paused 451us total 20.613ms
08-04 21:21:23.011 18171 18231 I art     : Starting a blocking GC Explicit
08-04 21:21:23.041 18171 18231 I art     : Explicit concurrent mark sweep GC freed 1340(78KB) AllocSpace objects, 1(20KB) LOS objects, 23% free, 52MB/68MB, paused 622us total 29.892ms
08-04 21:21:23.052 18171 18231 I art     : Starting a blocking GC Explicit
08-04 21:21:23.073 18171 18231 I art     : Explicit concurrent mark sweep GC freed 20(704B) AllocSpace objects, 0(0B) LOS objects, 23% free, 52MB/68MB, paused 446us total 21.051ms
08-04 21:21:23.082 18171 18231 I art     : Starting a blocking GC Explicit
08-04 21:21:23.102 18171 18231 I art     : Explicit concurrent mark sweep GC freed 3(96B) AllocSpace objects, 0(0B) LOS objects, 23% free, 52MB/68MB, paused 444us total 20.436ms
08-04 21:21:23.111 18171 18231 I art     : Starting a blocking GC Explicit
08-04 21:21:23.131 18171 18231 I art     : Explicit concurrent mark sweep GC freed 3(96B) AllocSpace objects, 0(0B) LOS objects, 23% free, 52MB/68MB, paused 436us total 20.224ms
08-04 21:21:23.140 18171 18231 I art     : Starting a blocking GC Explicit
08-04 21:21:23.161 18171 18231 I art     : Explicit concurrent mark sweep GC freed 3(96B) AllocSpace objects, 0(0B) LOS objects, 23% free, 52MB/68MB, paused 450us total 20.477ms
08-04 21:21:23.460 18171 18183 I art     : Starting a blocking GC Explicit
08-04 21:21:23.488 18171 18183 I art     : Explicit concurrent mark sweep GC freed 1369(79KB) AllocSpace objects, 1(20KB) LOS objects, 23% free, 52MB/68MB, paused 457us total 27.888ms
08-04 21:21:23.497 18171 18183 I art     : Starting a blocking GC Explicit
08-04 21:21:23.518 18171 18183 I art     : Explicit concurrent mark sweep GC freed 21(736B) AllocSpace objects, 0(0B) LOS objects, 23% free, 52MB/68MB, paused 436us total 20.015ms
08-04 21:21:23.526 18171 18183 I art     : Starting a blocking GC Explicit
08-04 21:21:23.545 18171 18183 I art     : Explicit concurrent mark sweep GC freed 3(96B) AllocSpace objects, 0(0B) LOS objects, 23% free, 52MB/68MB, paused 392us total 18.984ms
08-04 21:21:23.554 18171 18183 I art     : Starting a blocking GC Explicit
08-04 21:21:23.574 18171 18183 I art     : Explicit concurrent mark sweep GC freed 3(96B) AllocSpace objects, 0(0B) LOS objects, 23% free, 52MB/68MB, paused 432us total 19.223ms
08-04 21:21:23.582 18171 18183 I art     : Starting a blocking GC Explicit
08-04 21:21:23.603 18171 18183 I art     : Explicit concurrent mark sweep GC freed 3(96B) AllocSpace objects, 0(0B) LOS objects, 23% free, 52MB/68MB, paused 463us total 20.296ms
08-04 21:21:23.920 18171 18184 I art     : Starting a blocking GC Explicit
08-04 21:21:23.940 18171 18184 I art     : Explicit concurrent mark sweep GC freed 1340(78KB) AllocSpace objects, 1(20KB) LOS objects, 23% free, 52MB/68MB, paused 461us total 20.348ms
08-04 21:21:23.949 18171 18184 I art     : Starting a blocking GC Explicit
08-04 21:21:23.968 18171 18184 I art     : Explicit concurrent mark sweep GC freed 20(704B) AllocSpace objects, 0(0B) LOS objects, 23% free, 52MB/68MB, paused 433us total 19.123ms
08-04 21:21:23.976 18171 18184 I art     : Starting a blocking GC Explicit
08-04 21:21:23.994 18171 18184 I art     : Explicit concurrent mark sweep GC freed 3(96B) AllocSpace objects, 0(0B) LOS objects, 23% free, 52MB/68MB, paused 432us total 18.175ms
08-04 21:21:24.003 18171 18184 I art     : Starting a blocking GC Explicit
08-04 21:21:24.022 18171 18184 I art     : Explicit concurrent mark sweep GC freed 3(96B) AllocSpace objects, 0(0B) LOS objects, 23% free, 52MB/68MB, paused 455us total 19.372ms
08-04 21:21:24.031 18171 18184 I art     : Starting a blocking GC Explicit
08-04 21:21:24.051 18171 18184 I art     : Explicit concurrent mark sweep GC freed 3(96B) AllocSpace objects, 0(0B) LOS objects, 23% free, 52MB/68MB, paused 455us total 19.619ms
08-04 21:21:24.261 20192 20192 D AndroidRuntime: >>>>>> START com.android.internal.os.RuntimeInit uid 2000 <<<<<<
08-04 21:21:24.267 20192 20192 D AndroidRuntime: CheckJNI is OFF
08-04 21:21:24.299 20192 20192 D ICU     : No timezone override file found: /data/misc/zoneinfo/current/icu/icu_tzdata.dat
08-04 21:21:24.331 20192 20192 I Radio-JNI: register_android_hardware_Radio DONE
08-04 21:21:24.353 20192 20192 D AndroidRuntime: Calling main entry com.android.commands.input.Input
08-04 21:21:24.355 20192 20192 I Input   : injectMotionEvent: MotionEvent { action=ACTION_DOWN, actionButton=0, id[0]=0, x[0]=756.0, y[0]=1530.0, toolType[0]=TOOL_TYPE_UNKNOWN, buttonState=0, metaState=0, flags=0x0, edgeFlags=0x0, pointerCount=1, historySize=0, eventTime=739300768, downTime=739300768, deviceId=0, source=0x1002 }
08-04 21:21:24.358 18171 18434 I art     : Starting a blocking GC Explicit
08-04 21:21:24.361 20192 20192 I Input   : injectMotionEvent: MotionEvent { action=ACTION_UP, actionButton=0, id[0]=0, x[0]=756.0, y[0]=1530.0, toolType[0]=TOOL_TYPE_UNKNOWN, buttonState=0, metaState=0, flags=0x0, edgeFlags=0x0, pointerCount=1, historySize=0, eventTime=739300768, downTime=739300768, deviceId=0, source=0x1002 }
08-04 21:21:24.364 20192 20192 D AndroidRuntime: Shutting down VM
08-04 21:21:24.383   918  5481 I ActivityManager: START u0 {cmp=baseline.appteam.nith.hillffair/.activities.LeaderBoardActivity} from uid 10651 on display 0
08-04 21:21:24.383 18171 18434 I art     : Explicit concurrent mark sweep GC freed 1378(83KB) AllocSpace objects, 1(20KB) LOS objects, 23% free, 52MB/68MB, paused 786us total 24.790ms
08-04 21:21:24.384   512  2967 D audio_hw_primary: out_set_parameters: enter: usecase(1: low-latency-playback) kvpairs: routing=2
08-04 21:21:24.392 18171 18434 I art     : Starting a blocking GC Explicit
08-04 21:21:24.397   512  2967 D audio_hw_primary: select_devices: out_snd_device(2: speaker) in_snd_device(0: none)
08-04 21:21:24.397   512  2967 D msm8974_platform: platform_send_audio_calibration: sending audio calibration for snd_device(2) acdb_id(15)
08-04 21:21:24.397   512  2967 I soundtrigger: audio_extn_sound_trigger_update_device_status: device 0x2 of type 0 for Event 1
08-04 21:21:24.409   512  2967 D audio_hw_primary: enable_snd_device: snd_device(2: speaker)
08-04 21:21:24.411   512  2967 D audio_hw_primary: enable_audio_route: apply and update mixer path: low-latency-playback speaker
08-04 21:21:24.414 18171 18434 I art     : Explicit concurrent mark sweep GC freed 857(52KB) AllocSpace objects, 0(0B) LOS objects, 23% free, 52MB/68MB, paused 886us total 21.614ms
08-04 21:21:24.422 18171 18434 I art     : Starting a blocking GC Explicit
08-04 21:21:24.442 18171 18434 I art     : Explicit concurrent mark sweep GC freed 4179(240KB) AllocSpace objects, 0(0B) LOS objects, 23% free, 52MB/68MB, paused 528us total 19.663ms
08-04 21:21:24.450 18171 18434 I art     : Starting a blocking GC Explicit
08-04 21:21:24.461 18171 18171 E RecyclerView: No adapter attached; skipping layout
08-04 21:21:24.469 18171 18434 I art     : Explicit concurrent mark sweep GC freed 99(3KB) AllocSpace objects, 0(0B) LOS objects, 23% free, 52MB/68MB, paused 545us total 18.902ms
08-04 21:21:24.477 18171 18171 E RecyclerView: No adapter attached; skipping layout
08-04 21:21:24.478 18171 18434 I art     : Starting a blocking GC Explicit
08-04 21:21:24.500 18171 18434 I art     : Explicit concurrent mark sweep GC freed 127(5KB) AllocSpace objects, 0(0B) LOS objects, 23% free, 52MB/68MB, paused 692us total 22.346ms
08-04 21:21:24.504   918   936 I ActivityManager: Displayed baseline.appteam.nith.hillffair/.activities.LeaderBoardActivity: +113ms
08-04 21:21:24.505 13866 13866 I GoogleInputMethodServic: GoogleInputMethodService.onFinishInput():3138 
08-04 21:21:24.505 18171 18171 E RecyclerView: No adapter attached; skipping layout
08-04 21:21:24.505 13866 13866 I GoogleInputMethodServic: GoogleInputMethodService.onStartInput():1808 
08-04 21:21:24.529 18171 18200 D OpenGLRenderer: endAllStagingAnimators on 0x7f9944a000 (RippleDrawable) with handle 0x7f7f41a020
08-04 21:21:24.744   380   380 W SurfaceFlinger: couldn't log to binary event log: overflow.
08-04 21:21:24.786 18171 18184 I art     : Starting a blocking GC Explicit
08-04 21:21:24.807 18171 18184 I art     : Explicit concurrent mark sweep GC freed 1459(85KB) AllocSpace objects, 1(20KB) LOS objects, 23% free, 52MB/68MB, paused 486us total 20.962ms
08-04 21:21:24.815 18171 18184 I art     : Starting a blocking GC Explicit
08-04 21:21:24.835 18171 18184 I art     : Explicit concurrent mark sweep GC freed 37(1264B) AllocSpace objects, 0(0B) LOS objects, 23% free, 52MB/68MB, paused 442us total 19.750ms
08-04 21:21:24.844 18171 18184 I art     : Starting a blocking GC Explicit
08-04 21:21:24.865 18171 18184 I art     : Explicit concurrent mark sweep GC freed 5(160B) AllocSpace objects, 0(0B) LOS objects, 23% free, 52MB/68MB, paused 453us total 20.358ms
08-04 21:21:24.873 18171 18184 I art     : Starting a blocking GC Explicit
08-04 21:21:24.894 18171 18184 I art     : Explicit concurrent mark sweep GC freed 80(5KB) AllocSpace objects, 0(0B) LOS objects, 23% free, 52MB/68MB, paused 614us total 20.335ms
08-04 21:21:24.904 18171 18184 I art     : Starting a blocking GC Explicit
08-04 21:21:24.923 18171 18184 I art     : Explicit concurrent mark sweep GC freed 80(3KB) AllocSpace objects, 0(0B) LOS objects, 23% free, 52MB/68MB, paused 467us total 19.018ms
08-04 21:21:24.949   512  2967 D audio_hw_primary: disable_audio_route: reset and update mixer path: low-latency-playback speaker
08-04 21:21:24.950   512  2967 D audio_hw_primary: disable_snd_device: snd_device(2: speaker)
08-04 21:21:24.957   512  2967 I soundtrigger: audio_extn_sound_trigger_update_device_status: device 0x2 of type 0 for Event 0
08-04 21:21:25.196 18171 18183 I art     : Starting a blocking GC Explicit
08-04 21:21:25.220 18171 18183 I art     : Explicit concurrent mark sweep GC freed 2352(149KB) AllocSpace objects, 3(140KB) LOS objects, 23% free, 52MB/68MB, paused 732us total 23.729ms
08-04 21:21:25.229 18171 18183 I art     : Starting a blocking GC Explicit
08-04 21:21:25.238 18171 20219 D OkHttp  : --> GET https://api-hillfair-2k16.herokuapp.com/api/app/quiz/leaderboard?from=1 http/1.1
08-04 21:21:25.250 18171 18183 I art     : Explicit concurrent mark sweep GC freed 2322(142KB) AllocSpace objects, 1(80KB) LOS objects, 23% free, 52MB/68MB, paused 514us total 20.392ms
08-04 21:21:25.258 18171 18183 I art     : Starting a blocking GC Explicit
08-04 21:21:25.268 18171 20219 D OkHttp  : <-- 200 OK https://api-hillfair-2k16.herokuapp.com/api/app/quiz/leaderboard?from=1 (29ms, 56744-byte body)
08-04 21:21:25.278 18171 18183 I art     : Explicit concurrent mark sweep GC freed 498(75KB) AllocSpace objects, 0(0B) LOS objects, 23% free, 52MB/68MB, paused 455us total 19.775ms
08-04 21:21:25.286 18171 18183 I art     : Starting a blocking GC Explicit
08-04 21:21:25.307 18171 18183 I art     : Explicit concurrent mark sweep GC freed 6164(268KB) AllocSpace objects, 0(0B) LOS objects, 23% free, 52MB/68MB, paused 717us total 20.356ms
08-04 21:21:25.315 18171 18183 I art     : Starting a blocking GC Explicit
08-04 21:21:25.337 18171 18183 I art     : Explicit concurrent mark sweep GC freed 15066(694KB) AllocSpace objects, 0(0B) LOS objects, 23% free, 52MB/68MB, paused 639us total 21.067ms
08-04 21:21:25.345 18171 18171 I NAPPA_EXPERIMENTATION: MetricNetworkRequestExecutionTime: REQUEST_DURATION_SYSTEM='927',REQUEST_DURATION_OKHTTP='30',REQUEST_SYNCHRONOUS='FALSE',RESPONSE_CODE='200',RESPONSE_METHOD='GET',RESPONSE_LENGTH_OKHTTP='56744',RESPONSE_LENGTH_HEADER='56744',REQUEST_PROTOCOL='http/1.1',REQUEST_URL='https://api-hillfair-2k16.herokuapp.com/api/app/quiz/leaderboard?from=1',
08-04 21:21:25.613 18171 18183 I art     : Starting a blocking GC Explicit
08-04 21:21:25.648 18171 18183 I art     : Explicit concurrent mark sweep GC freed 6299(320KB) AllocSpace objects, 1(20KB) LOS objects, 23% free, 52MB/68MB, paused 473us total 34.120ms
08-04 21:21:25.659 18171 18183 I art     : Starting a blocking GC Explicit
08-04 21:21:25.682 18171 18183 I art     : Explicit concurrent mark sweep GC freed 81(3KB) AllocSpace objects, 0(0B) LOS objects, 23% free, 52MB/68MB, paused 459us total 22.872ms
08-04 21:21:25.691 18171 18183 I art     : Starting a blocking GC Explicit
08-04 21:21:25.714 18171 18183 I art     : Explicit concurrent mark sweep GC freed 3(96B) AllocSpace objects, 0(0B) LOS objects, 23% free, 52MB/68MB, paused 459us total 22.211ms
08-04 21:21:25.723 18171 18183 I art     : Starting a blocking GC Explicit
08-04 21:21:25.746 18171 18183 I art     : Explicit concurrent mark sweep GC freed 3(96B) AllocSpace objects, 0(0B) LOS objects, 23% free, 52MB/68MB, paused 589us total 22.963ms
08-04 21:21:25.755 18171 18183 I art     : Starting a blocking GC Explicit
08-04 21:21:25.779 18171 18183 I art     : Explicit concurrent mark sweep GC freed 3(96B) AllocSpace objects, 0(0B) LOS objects, 23% free, 52MB/68MB, paused 521us total 23.317ms
08-04 21:21:26.061 18171 18231 I art     : Starting a blocking GC Explicit
08-04 21:21:26.093 18171 18231 I art     : Explicit concurrent mark sweep GC freed 1345(78KB) AllocSpace objects, 1(20KB) LOS objects, 23% free, 52MB/68MB, paused 513us total 31.802ms
08-04 21:21:26.104 18171 18231 I art     : Starting a blocking GC Explicit
08-04 21:21:26.128 18171 18231 I art     : Explicit concurrent mark sweep GC freed 20(704B) AllocSpace objects, 0(0B) LOS objects, 23% free, 52MB/68MB, paused 463us total 23.602ms
08-04 21:21:26.137 18171 18231 I art     : Starting a blocking GC Explicit
08-04 21:21:26.161 18171 18231 I art     : Explicit concurrent mark sweep GC freed 3(96B) AllocSpace objects, 0(0B) LOS objects, 23% free, 52MB/68MB, paused 455us total 23.119ms
08-04 21:21:26.170 18171 18231 I art     : Starting a blocking GC Explicit
08-04 21:21:26.194 18171 18231 I art     : Explicit concurrent mark sweep GC freed 3(96B) AllocSpace objects, 0(0B) LOS objects, 23% free, 52MB/68MB, paused 471us total 23.404ms
08-04 21:21:26.203 18171 18231 I art     : Starting a blocking GC Explicit
08-04 21:21:26.226 18171 18231 I art     : Explicit concurrent mark sweep GC freed 3(96B) AllocSpace objects, 0(0B) LOS objects, 23% free, 52MB/68MB, paused 466us total 23.238ms
08-04 21:21:26.548 18171 18184 I art     : Starting a blocking GC Explicit
08-04 21:21:26.554  8429  8466 I Finsky  : [5787] ktr.run(-1): Stats for Executor: BlockingExecutor kvs@358e60e[Running, pool size = 0, active threads = 0, queued tasks = 0, completed tasks = 145]
08-04 21:21:26.554  8429  8466 I Finsky  : [5787] ktr.run(-1): Stats for Executor: LightweightExecutor kvs@fc6682f[Running, pool size = 4, active threads = 0, queued tasks = 0, completed tasks = 77]
08-04 21:21:26.577 18171 18184 I art     : Explicit concurrent mark sweep GC freed 1344(78KB) AllocSpace objects, 1(20KB) LOS objects, 23% free, 52MB/68MB, paused 489us total 28.724ms
08-04 21:21:26.591 18171 18184 I art     : Starting a blocking GC Explicit
08-04 21:21:26.615 18171 18184 I art     : Explicit concurrent mark sweep GC freed 20(704B) AllocSpace objects, 0(0B) LOS objects, 23% free, 52MB/68MB, paused 456us total 23.285ms
08-04 21:21:26.624 18171 18184 I art     : Starting a blocking GC Explicit
08-04 21:21:26.647 18171 18184 I art     : Explicit concurrent mark sweep GC freed 3(96B) AllocSpace objects, 0(0B) LOS objects, 23% free, 52MB/68MB, paused 608us total 23.124ms
08-04 21:21:26.657 18171 18184 I art     : Starting a blocking GC Explicit
08-04 21:21:26.680 18171 18184 I art     : Explicit concurrent mark sweep GC freed 3(96B) AllocSpace objects, 0(0B) LOS objects, 23% free, 52MB/68MB, paused 465us total 23.332ms
08-04 21:21:26.689 18171 18184 I art     : Starting a blocking GC Explicit
08-04 21:21:26.713 18171 18184 I art     : Explicit concurrent mark sweep GC freed 3(96B) AllocSpace objects, 0(0B) LOS objects, 23% free, 52MB/68MB, paused 453us total 23.309ms
08-04 21:21:27.021 18171 18434 I art     : Starting a blocking GC Explicit
08-04 21:21:27.050 18171 18434 I art     : Explicit concurrent mark sweep GC freed 1344(78KB) AllocSpace objects, 1(20KB) LOS objects, 23% free, 52MB/68MB, paused 509us total 29.035ms
08-04 21:21:27.057  8429  8466 I Finsky  : [5787] ktr.run(-1): Stats for Executor: bgExecutor kvs@e92de3c[Running, pool size = 4, active threads = 0, queued tasks = 0, completed tasks = 412]
08-04 21:21:27.063 18171 18434 I art     : Starting a blocking GC Explicit
08-04 21:21:27.092 18171 18434 I art     : Explicit concurrent mark sweep GC freed 20(704B) AllocSpace objects, 0(0B) LOS objects, 23% free, 52MB/68MB, paused 505us total 28.350ms
08-04 21:21:27.103 18171 18434 I art     : Starting a blocking GC Explicit
08-04 21:21:27.128 18171 18434 I art     : Explicit concurrent mark sweep GC freed 3(96B) AllocSpace objects, 0(0B) LOS objects, 23% free, 52MB/68MB, paused 484us total 23.825ms
08-04 21:21:27.137 18171 18434 I art     : Starting a blocking GC Explicit
08-04 21:21:27.160 18171 18434 I art     : Explicit concurrent mark sweep GC freed 3(96B) AllocSpace objects, 0(0B) LOS objects, 23% free, 52MB/68MB, paused 456us total 22.765ms
08-04 21:21:27.169 18171 18434 I art     : Starting a blocking GC Explicit
08-04 21:21:27.192 18171 18434 I art     : Explicit concurrent mark sweep GC freed 3(96B) AllocSpace objects, 0(0B) LOS objects, 23% free, 52MB/68MB, paused 470us total 23.241ms
08-04 21:21:27.509 18171 18183 I art     : Starting a blocking GC Explicit
08-04 21:21:27.534 18171 18183 I art     : Explicit concurrent mark sweep GC freed 1344(78KB) AllocSpace objects, 1(20KB) LOS objects, 23% free, 52MB/68MB, paused 501us total 25.291ms
08-04 21:21:27.546 18171 18183 I art     : Starting a blocking GC Explicit
08-04 21:21:27.570 18171 18183 I art     : Explicit concurrent mark sweep GC freed 20(704B) AllocSpace objects, 0(0B) LOS objects, 23% free, 52MB/68MB, paused 447us total 22.928ms
08-04 21:21:27.578 18171 18183 I art     : Starting a blocking GC Explicit
08-04 21:21:27.601 18171 18183 I art     : Explicit concurrent mark sweep GC freed 3(96B) AllocSpace objects, 0(0B) LOS objects, 23% free, 52MB/68MB, paused 458us total 22.678ms
08-04 21:21:27.610 18171 18183 I art     : Starting a blocking GC Explicit
08-04 21:21:27.633 18171 18183 I art     : Explicit concurrent mark sweep GC freed 3(96B) AllocSpace objects, 0(0B) LOS objects, 23% free, 52MB/68MB, paused 461us total 22.891ms
08-04 21:21:27.642 18171 18183 I art     : Starting a blocking GC Explicit
08-04 21:21:27.666 18171 18183 I art     : Explicit concurrent mark sweep GC freed 3(96B) AllocSpace objects, 0(0B) LOS objects, 23% free, 52MB/68MB, paused 466us total 22.961ms
08-04 21:21:27.989 18171 18231 I art     : Starting a blocking GC Explicit
08-04 21:21:28.018 18171 18231 I art     : Explicit concurrent mark sweep GC freed 1344(78KB) AllocSpace objects, 1(20KB) LOS objects, 23% free, 52MB/68MB, paused 539us total 29.146ms
08-04 21:21:28.031 18171 18231 I art     : Starting a blocking GC Explicit
08-04 21:21:28.054 18171 18231 I art     : Explicit concurrent mark sweep GC freed 20(704B) AllocSpace objects, 0(0B) LOS objects, 23% free, 52MB/68MB, paused 457us total 22.966ms
08-04 21:21:28.054 18171 18181 I art     : WaitForGcToComplete blocked for 12.891ms for cause HeapTrim
08-04 21:21:28.063 18171 18231 I art     : Starting a blocking GC Explicit
08-04 21:21:28.087 18171 18231 I art     : Explicit concurrent mark sweep GC freed 3(96B) AllocSpace objects, 0(0B) LOS objects, 23% free, 52MB/68MB, paused 469us total 23.325ms
08-04 21:21:28.096 18171 18231 I art     : Starting a blocking GC Explicit
08-04 21:21:28.119 18171 18231 I art     : Explicit concurrent mark sweep GC freed 3(96B) AllocSpace objects, 0(0B) LOS objects, 23% free, 52MB/68MB, paused 504us total 23.303ms
08-04 21:21:28.128 18171 18231 I art     : Starting a blocking GC Explicit
08-04 21:21:28.151 18171 18231 I art     : Explicit concurrent mark sweep GC freed 3(96B) AllocSpace objects, 0(0B) LOS objects, 23% free, 52MB/68MB, paused 453us total 22.633ms
08-04 21:21:28.470 18171 18184 I art     : Starting a blocking GC Explicit
08-04 21:21:28.499 18171 18184 I art     : Explicit concurrent mark sweep GC freed 1344(78KB) AllocSpace objects, 1(20KB) LOS objects, 23% free, 52MB/68MB, paused 596us total 28.290ms
08-04 21:21:28.509 18171 18184 I art     : Starting a blocking GC Explicit
08-04 21:21:28.533 18171 18184 I art     : Explicit concurrent mark sweep GC freed 20(704B) AllocSpace objects, 0(0B) LOS objects, 23% free, 52MB/68MB, paused 466us total 23.186ms
08-04 21:21:28.542 18171 18184 I art     : Starting a blocking GC Explicit
08-04 21:21:28.565 18171 18184 I art     : Explicit concurrent mark sweep GC freed 3(96B) AllocSpace objects, 0(0B) LOS objects, 23% free, 52MB/68MB, paused 459us total 22.799ms
08-04 21:21:28.574 18171 18184 I art     : Starting a blocking GC Explicit
08-04 21:21:28.597 18171 18184 I art     : Explicit concurrent mark sweep GC freed 3(96B) AllocSpace objects, 0(0B) LOS objects, 23% free, 52MB/68MB, paused 450us total 22.629ms
08-04 21:21:28.606 18171 18184 I art     : Starting a blocking GC Explicit
08-04 21:21:28.628 18171 18184 I art     : Explicit concurrent mark sweep GC freed 3(96B) AllocSpace objects, 0(0B) LOS objects, 23% free, 52MB/68MB, paused 446us total 22.131ms
08-04 21:21:28.919 18171 18434 I art     : Starting a blocking GC Explicit
08-04 21:21:28.942 18171 18434 I art     : Explicit concurrent mark sweep GC freed 1344(78KB) AllocSpace objects, 1(20KB) LOS objects, 23% free, 52MB/68MB, paused 461us total 23.362ms
08-04 21:21:28.951 18171 18434 I art     : Starting a blocking GC Explicit
08-04 21:21:28.974 18171 18434 I art     : Explicit concurrent mark sweep GC freed 20(704B) AllocSpace objects, 0(0B) LOS objects, 23% free, 52MB/68MB, paused 470us total 22.583ms
08-04 21:21:28.983 18171 18434 I art     : Starting a blocking GC Explicit
08-04 21:21:29.005 18171 18434 I art     : Explicit concurrent mark sweep GC freed 3(96B) AllocSpace objects, 0(0B) LOS objects, 23% free, 52MB/68MB, paused 473us total 22.256ms
08-04 21:21:29.014 18171 18434 I art     : Starting a blocking GC Explicit
08-04 21:21:29.036 18171 18434 I art     : Explicit concurrent mark sweep GC freed 3(96B) AllocSpace objects, 0(0B) LOS objects, 23% free, 52MB/68MB, paused 483us total 21.903ms
08-04 21:21:29.046 18171 18434 I art     : Starting a blocking GC Explicit
08-04 21:21:29.056 20311 20311 D AndroidRuntime: >>>>>> START com.android.internal.os.RuntimeInit uid 2000 <<<<<<
08-04 21:21:29.061 20311 20311 D AndroidRuntime: CheckJNI is OFF
08-04 21:21:29.068 18171 18434 I art     : Explicit concurrent mark sweep GC freed 3(96B) AllocSpace objects, 0(0B) LOS objects, 23% free, 52MB/68MB, paused 495us total 22.067ms
08-04 21:21:29.095 20311 20311 D ICU     : No timezone override file found: /data/misc/zoneinfo/current/icu/icu_tzdata.dat
08-04 21:21:29.128 20311 20311 I Radio-JNI: register_android_hardware_Radio DONE
08-04 21:21:29.150 20311 20311 D AndroidRuntime: Calling main entry com.android.commands.input.Input
08-04 21:21:29.152 20311 20311 I Input   : injectKeyEvent: KeyEvent { action=ACTION_DOWN, keyCode=KEYCODE_BACK, scanCode=0, metaState=0, flags=0x0, repeatCount=0, eventTime=739305565, downTime=739305565, deviceId=-1, source=0x101 }
08-04 21:21:29.158 20311 20311 I Input   : injectKeyEvent: KeyEvent { action=ACTION_UP, keyCode=KEYCODE_BACK, scanCode=0, metaState=0, flags=0x0, repeatCount=0, eventTime=739305565, downTime=739305565, deviceId=-1, source=0x101 }
08-04 21:21:29.163 20311 20311 D AndroidRuntime: Shutting down VM
08-04 21:21:29.207 13866 13866 I GoogleInputMethodServic: GoogleInputMethodService.onFinishInput():3138 
08-04 21:21:29.207 13866 13866 I GoogleInputMethodServic: GoogleInputMethodService.onStartInput():1808 
08-04 21:21:29.318 18171 18183 I art     : Starting a blocking GC Explicit
08-04 21:21:29.341 18171 18183 I art     : Explicit concurrent mark sweep GC freed 1481(84KB) AllocSpace objects, 1(20KB) LOS objects, 23% free, 52MB/68MB, paused 484us total 22.746ms
08-04 21:21:29.350 18171 18183 I art     : Starting a blocking GC Explicit
08-04 21:21:29.374 18171 18183 I art     : Explicit concurrent mark sweep GC freed 26(944B) AllocSpace objects, 0(0B) LOS objects, 23% free, 52MB/68MB, paused 492us total 23.322ms
08-04 21:21:29.382 18171 18183 I art     : Starting a blocking GC Explicit
08-04 21:21:29.404 18171 18183 I art     : Explicit concurrent mark sweep GC freed 3(96B) AllocSpace objects, 0(0B) LOS objects, 23% free, 52MB/68MB, paused 438us total 21.141ms
08-04 21:21:29.412 18171 18183 I art     : Starting a blocking GC Explicit
08-04 21:21:29.433 18171 18183 I art     : Explicit concurrent mark sweep GC freed 3(96B) AllocSpace objects, 0(0B) LOS objects, 23% free, 52MB/68MB, paused 397us total 20.569ms
08-04 21:21:29.443 18171 18183 I art     : Starting a blocking GC Explicit
08-04 21:21:29.465 18171 18183 I art     : Explicit concurrent mark sweep GC freed 3(96B) AllocSpace objects, 0(0B) LOS objects, 23% free, 52MB/68MB, paused 418us total 21.758ms
08-04 21:21:29.515   380   380 W SurfaceFlinger: couldn't log to binary event log: overflow.
08-04 21:21:29.715 18171 18183 I art     : Starting a blocking GC Explicit
08-04 21:21:29.741 18171 18183 I art     : Explicit concurrent mark sweep GC freed 1463(87KB) AllocSpace objects, 1(20KB) LOS objects, 23% free, 52MB/68MB, paused 536us total 24.913ms
08-04 21:21:29.754 18171 18183 I art     : Starting a blocking GC Explicit
08-04 21:21:29.779 18171 18183 I art     : Explicit concurrent mark sweep GC freed 4698(269KB) AllocSpace objects, 2(140KB) LOS objects, 23% free, 52MB/68MB, paused 464us total 24.460ms
08-04 21:21:29.788 18171 18183 I art     : Starting a blocking GC Explicit
08-04 21:21:29.809 18171 18183 I art     : Explicit concurrent mark sweep GC freed 3(96B) AllocSpace objects, 0(0B) LOS objects, 23% free, 52MB/68MB, paused 469us total 21.630ms
08-04 21:21:29.818 18171 18183 I art     : Starting a blocking GC Explicit
08-04 21:21:29.839 18171 18183 I art     : Explicit concurrent mark sweep GC freed 3(96B) AllocSpace objects, 0(0B) LOS objects, 23% free, 52MB/68MB, paused 450us total 21.040ms
08-04 21:21:29.848 18171 18183 I art     : Starting a blocking GC Explicit
08-04 21:21:29.869 18171 18183 I art     : Explicit concurrent mark sweep GC freed 3(96B) AllocSpace objects, 0(0B) LOS objects, 23% free, 52MB/68MB, paused 423us total 20.711ms
08-04 21:21:30.167 18171 18184 I art     : Starting a blocking GC Explicit
08-04 21:21:30.193 18171 18184 I art     : Explicit concurrent mark sweep GC freed 1345(78KB) AllocSpace objects, 1(20KB) LOS objects, 23% free, 52MB/68MB, paused 504us total 26.188ms
08-04 21:21:30.207 18171 18184 I art     : Starting a blocking GC Explicit
08-04 21:21:30.230 18171 18184 I art     : Explicit concurrent mark sweep GC freed 20(704B) AllocSpace objects, 0(0B) LOS objects, 23% free, 52MB/68MB, paused 473us total 22.675ms
08-04 21:21:30.238 18171 18184 I art     : Starting a blocking GC Explicit
08-04 21:21:30.260 18171 18184 I art     : Explicit concurrent mark sweep GC freed 3(96B) AllocSpace objects, 0(0B) LOS objects, 23% free, 52MB/68MB, paused 460us total 21.470ms
08-04 21:21:30.269 18171 18184 I art     : Starting a blocking GC Explicit
08-04 21:21:30.290 18171 18184 I art     : Explicit concurrent mark sweep GC freed 3(96B) AllocSpace objects, 0(0B) LOS objects, 23% free, 52MB/68MB, paused 465us total 21.143ms
08-04 21:21:30.299 18171 18184 I art     : Starting a blocking GC Explicit
08-04 21:21:30.320 18171 18184 I art     : Explicit concurrent mark sweep GC freed 3(96B) AllocSpace objects, 0(0B) LOS objects, 23% free, 52MB/68MB, paused 464us total 21.280ms
08-04 21:21:30.593 18171 18434 I art     : Starting a blocking GC Explicit
08-04 21:21:30.620 18171 18434 I art     : Explicit concurrent mark sweep GC freed 1343(78KB) AllocSpace objects, 1(20KB) LOS objects, 23% free, 52MB/68MB, paused 557us total 25.923ms
08-04 21:21:30.631 18171 18434 I art     : Starting a blocking GC Explicit
08-04 21:21:30.651 18171 18434 I art     : Explicit concurrent mark sweep GC freed 20(704B) AllocSpace objects, 0(0B) LOS objects, 23% free, 52MB/68MB, paused 483us total 20.240ms
08-04 21:21:30.660 18171 18434 I art     : Starting a blocking GC Explicit
08-04 21:21:30.681 18171 18434 I art     : Explicit concurrent mark sweep GC freed 3(96B) AllocSpace objects, 0(0B) LOS objects, 23% free, 52MB/68MB, paused 461us total 20.665ms
08-04 21:21:30.689 18171 18434 I art     : Starting a blocking GC Explicit
08-04 21:21:30.709 18171 18434 I art     : Explicit concurrent mark sweep GC freed 3(96B) AllocSpace objects, 0(0B) LOS objects, 23% free, 52MB/68MB, paused 445us total 19.987ms
08-04 21:21:30.718 18171 18434 I art     : Starting a blocking GC Explicit
08-04 21:21:30.738 18171 18434 I art     : Explicit concurrent mark sweep GC freed 3(96B) AllocSpace objects, 0(0B) LOS objects, 23% free, 52MB/68MB, paused 464us total 19.962ms
08-04 21:21:30.841 20365 20365 D AndroidRuntime: >>>>>> START com.android.internal.os.RuntimeInit uid 2000 <<<<<<
08-04 21:21:30.846 20365 20365 D AndroidRuntime: CheckJNI is OFF
08-04 21:21:30.879 20365 20365 D ICU     : No timezone override file found: /data/misc/zoneinfo/current/icu/icu_tzdata.dat
08-04 21:21:30.911 20365 20365 I Radio-JNI: register_android_hardware_Radio DONE
08-04 21:21:30.932 20365 20365 D AndroidRuntime: Calling main entry com.android.commands.input.Input
08-04 21:21:30.934 20365 20365 I Input   : injectMotionEvent: MotionEvent { action=ACTION_DOWN, actionButton=0, id[0]=0, x[0]=648.0, y[0]=1050.0, toolType[0]=TOOL_TYPE_UNKNOWN, buttonState=0, metaState=0, flags=0x0, edgeFlags=0x0, pointerCount=1, historySize=0, eventTime=739307347, downTime=739307347, deviceId=0, source=0x1002 }
08-04 21:21:30.938 20365 20365 I Input   : injectMotionEvent: MotionEvent { action=ACTION_UP, actionButton=0, id[0]=0, x[0]=648.0, y[0]=1050.0, toolType[0]=TOOL_TYPE_UNKNOWN, buttonState=0, metaState=0, flags=0x0, edgeFlags=0x0, pointerCount=1, historySize=0, eventTime=739307347, downTime=739307347, deviceId=0, source=0x1002 }
08-04 21:21:30.939 20365 20365 D AndroidRuntime: Shutting down VM
08-04 21:21:30.955   918  5952 I ActivityManager: START u0 {cmp=baseline.appteam.nith.hillffair/.activities.InformationActivity} from uid 10651 on display 0
08-04 21:21:30.955   512  2967 D audio_hw_primary: out_set_parameters: enter: usecase(1: low-latency-playback) kvpairs: routing=2
08-04 21:21:30.969   512  2967 D audio_hw_primary: select_devices: out_snd_device(2: speaker) in_snd_device(0: none)
08-04 21:21:30.969   512  2967 D msm8974_platform: platform_send_audio_calibration: sending audio calibration for snd_device(2) acdb_id(15)
08-04 21:21:30.969   512  2967 I soundtrigger: audio_extn_sound_trigger_update_device_status: device 0x2 of type 0 for Event 1
08-04 21:21:30.979   512  2967 D audio_hw_primary: enable_snd_device: snd_device(2: speaker)
08-04 21:21:30.981   512  2967 D audio_hw_primary: enable_audio_route: apply and update mixer path: low-latency-playback speaker
08-04 21:21:31.013 18171 18434 I art     : Starting a blocking GC Explicit
08-04 21:21:31.034 18171 18434 I art     : Explicit concurrent mark sweep GC freed 2265(154KB) AllocSpace objects, 1(20KB) LOS objects, 23% free, 52MB/68MB, paused 468us total 20.828ms
08-04 21:21:31.042 18171 18434 I art     : Starting a blocking GC Explicit
08-04 21:21:31.063 18171 18434 I art     : Explicit concurrent mark sweep GC freed 177(8KB) AllocSpace objects, 0(0B) LOS objects, 23% free, 52MB/68MB, paused 462us total 20.121ms
08-04 21:21:31.071 18171 18434 I art     : Starting a blocking GC Explicit
08-04 21:21:31.090 18171 18434 I art     : Explicit concurrent mark sweep GC freed 84(2608B) AllocSpace objects, 0(0B) LOS objects, 23% free, 52MB/68MB, paused 510us total 19.591ms
08-04 21:21:31.099 18171 18434 I art     : Starting a blocking GC Explicit
08-04 21:21:31.110 13866 13866 I GoogleInputMethodServic: GoogleInputMethodService.onFinishInput():3138 
08-04 21:21:31.110 13866 13866 I GoogleInputMethodServic: GoogleInputMethodService.onStartInput():1808 
08-04 21:21:31.110   918   936 I ActivityManager: Displayed baseline.appteam.nith.hillffair/.activities.InformationActivity: +142ms
08-04 21:21:31.120 18171 18434 I art     : Explicit concurrent mark sweep GC freed 38(1376B) AllocSpace objects, 0(0B) LOS objects, 23% free, 52MB/68MB, paused 570us total 20.219ms
08-04 21:21:31.128 18171 18434 I art     : Starting a blocking GC Explicit
08-04 21:21:31.134 18171 18200 D OpenGLRenderer: endAllStagingAnimators on 0x7f9107bc00 (RippleDrawable) with handle 0x7f99eb2580
08-04 21:21:31.149 18171 18434 I art     : Explicit concurrent mark sweep GC freed 20(800B) AllocSpace objects, 0(0B) LOS objects, 23% free, 52MB/68MB, paused 461us total 20.356ms
08-04 21:21:31.374   380   380 W SurfaceFlinger: couldn't log to binary event log: overflow.
08-04 21:21:31.422 18171 18231 I art     : Starting a blocking GC Explicit
08-04 21:21:31.441 18171 18231 I art     : Explicit concurrent mark sweep GC freed 1380(79KB) AllocSpace objects, 1(20KB) LOS objects, 23% free, 52MB/68MB, paused 404us total 18.979ms
08-04 21:21:31.449 18171 18231 I art     : Starting a blocking GC Explicit
08-04 21:21:31.470 18171 18231 I art     : Explicit concurrent mark sweep GC freed 34(1136B) AllocSpace objects, 0(0B) LOS objects, 23% free, 52MB/68MB, paused 444us total 20.672ms
08-04 21:21:31.480 18171 18231 I art     : Starting a blocking GC Explicit
08-04 21:21:31.500 18171 18231 I art     : Explicit concurrent mark sweep GC freed 101(6KB) AllocSpace objects, 0(0B) LOS objects, 23% free, 52MB/68MB, paused 407us total 19.671ms
08-04 21:21:31.508 18171 18231 I art     : Starting a blocking GC Explicit
08-04 21:21:31.519   512  2967 D audio_hw_primary: disable_audio_route: reset and update mixer path: low-latency-playback speaker
08-04 21:21:31.520   512  2967 D audio_hw_primary: disable_snd_device: snd_device(2: speaker)
08-04 21:21:31.528   512  2967 I soundtrigger: audio_extn_sound_trigger_update_device_status: device 0x2 of type 0 for Event 0
08-04 21:21:31.528 18171 18231 I art     : Explicit concurrent mark sweep GC freed 19(608B) AllocSpace objects, 0(0B) LOS objects, 23% free, 52MB/68MB, paused 424us total 19.443ms
08-04 21:21:31.536 18171 18231 I art     : Starting a blocking GC Explicit
08-04 21:21:31.555 18171 18231 I art     : Explicit concurrent mark sweep GC freed 3(96B) AllocSpace objects, 0(0B) LOS objects, 23% free, 52MB/68MB, paused 418us total 18.855ms
08-04 21:21:31.840 18171 18434 I art     : Starting a blocking GC Explicit
08-04 21:21:31.868 18171 18434 I art     : Explicit concurrent mark sweep GC freed 1344(78KB) AllocSpace objects, 1(20KB) LOS objects, 23% free, 52MB/68MB, paused 480us total 28.093ms
08-04 21:21:31.877 18171 18434 I art     : Starting a blocking GC Explicit
08-04 21:21:31.899 18171 18434 I art     : Explicit concurrent mark sweep GC freed 20(704B) AllocSpace objects, 0(0B) LOS objects, 23% free, 52MB/68MB, paused 449us total 21.971ms
08-04 21:21:31.908 18171 18434 I art     : Starting a blocking GC Explicit
08-04 21:21:31.930 18171 18434 I art     : Explicit concurrent mark sweep GC freed 3(96B) AllocSpace objects, 0(0B) LOS objects, 23% free, 52MB/68MB, paused 462us total 22.043ms
08-04 21:21:31.939 18171 18434 I art     : Starting a blocking GC Explicit
08-04 21:21:31.961 18171 18434 I art     : Explicit concurrent mark sweep GC freed 3(96B) AllocSpace objects, 0(0B) LOS objects, 23% free, 52MB/68MB, paused 541us total 21.738ms
08-04 21:21:31.970 18171 18434 I art     : Starting a blocking GC Explicit
08-04 21:21:31.992 18171 18434 I art     : Explicit concurrent mark sweep GC freed 3(96B) AllocSpace objects, 0(0B) LOS objects, 23% free, 52MB/68MB, paused 452us total 21.413ms
08-04 21:21:32.286 18171 18184 I art     : Starting a blocking GC Explicit
08-04 21:21:32.313 18171 18184 I art     : Explicit concurrent mark sweep GC freed 1344(78KB) AllocSpace objects, 1(20KB) LOS objects, 23% free, 52MB/68MB, paused 473us total 26.820ms
08-04 21:21:32.322 18171 18184 I art     : Starting a blocking GC Explicit
08-04 21:21:32.343 18171 18184 I art     : Explicit concurrent mark sweep GC freed 20(704B) AllocSpace objects, 0(0B) LOS objects, 23% free, 52MB/68MB, paused 446us total 21.388ms
08-04 21:21:32.352 18171 18184 I art     : Starting a blocking GC Explicit
08-04 21:21:32.374 18171 18184 I art     : Explicit concurrent mark sweep GC freed 3(96B) AllocSpace objects, 0(0B) LOS objects, 23% free, 52MB/68MB, paused 447us total 21.361ms
08-04 21:21:32.383 18171 18184 I art     : Starting a blocking GC Explicit
08-04 21:21:32.405 18171 18184 I art     : Explicit concurrent mark sweep GC freed 3(96B) AllocSpace objects, 0(0B) LOS objects, 23% free, 52MB/68MB, paused 447us total 22.103ms
08-04 21:21:32.414 18171 18184 I art     : Starting a blocking GC Explicit
08-04 21:21:32.437 18171 18184 I art     : Explicit concurrent mark sweep GC freed 3(96B) AllocSpace objects, 0(0B) LOS objects, 23% free, 52MB/68MB, paused 477us total 22.096ms
08-04 21:21:32.757 18171 18184 I art     : Starting a blocking GC Explicit
08-04 21:21:32.780 18171 18184 I art     : Explicit concurrent mark sweep GC freed 1363(78KB) AllocSpace objects, 1(20KB) LOS objects, 23% free, 52MB/68MB, paused 498us total 22.936ms
08-04 21:21:32.789 18171 18184 I art     : Starting a blocking GC Explicit
08-04 21:21:32.810 18171 18184 I art     : Explicit concurrent mark sweep GC freed 24(832B) AllocSpace objects, 0(0B) LOS objects, 23% free, 52MB/68MB, paused 447us total 20.694ms
08-04 21:21:32.820 18171 18184 I art     : Starting a blocking GC Explicit
08-04 21:21:32.841 18171 18184 I art     : Explicit concurrent mark sweep GC freed 8(256B) AllocSpace objects, 0(0B) LOS objects, 23% free, 52MB/68MB, paused 408us total 20.762ms
08-04 21:21:32.850 18171 18184 I art     : Starting a blocking GC Explicit
08-04 21:21:32.871 18171 18184 I art     : Explicit concurrent mark sweep GC freed 5(160B) AllocSpace objects, 0(0B) LOS objects, 23% free, 52MB/68MB, paused 525us total 20.567ms
08-04 21:21:32.880 18171 18184 I art     : Starting a blocking GC Explicit
08-04 21:21:32.901 18171 18184 I art     : Explicit concurrent mark sweep GC freed 3(96B) AllocSpace objects, 0(0B) LOS objects, 23% free, 52MB/68MB, paused 441us total 20.636ms
08-04 21:21:33.215 18171 18231 I art     : Starting a blocking GC Explicit
08-04 21:21:33.246 18171 18231 I art     : Explicit concurrent mark sweep GC freed 1344(78KB) AllocSpace objects, 1(20KB) LOS objects, 23% free, 52MB/68MB, paused 486us total 31.067ms
08-04 21:21:33.259 18171 18231 I art     : Starting a blocking GC Explicit
08-04 21:21:33.284 18171 18231 I art     : Explicit concurrent mark sweep GC freed 20(704B) AllocSpace objects, 0(0B) LOS objects, 23% free, 52MB/68MB, paused 458us total 24.609ms
08-04 21:21:33.293 18171 18231 I art     : Starting a blocking GC Explicit
08-04 21:21:33.315 18171 18231 I art     : Explicit concurrent mark sweep GC freed 3(96B) AllocSpace objects, 0(0B) LOS objects, 23% free, 52MB/68MB, paused 524us total 21.957ms
08-04 21:21:33.324 18171 18231 I art     : Starting a blocking GC Explicit
08-04 21:21:33.346 18171 18231 I art     : Explicit concurrent mark sweep GC freed 3(96B) AllocSpace objects, 0(0B) LOS objects, 23% free, 52MB/68MB, paused 454us total 21.678ms
08-04 21:21:33.354 18171 18231 I art     : Starting a blocking GC Explicit
08-04 21:21:33.376 18171 18231 I art     : Explicit concurrent mark sweep GC freed 3(96B) AllocSpace objects, 0(0B) LOS objects, 23% free, 52MB/68MB, paused 444us total 21.142ms
08-04 21:21:33.700 18171 18183 I art     : Starting a blocking GC Explicit
08-04 21:21:33.728 18171 18183 I art     : Explicit concurrent mark sweep GC freed 1344(78KB) AllocSpace objects, 1(20KB) LOS objects, 23% free, 52MB/68MB, paused 529us total 27.658ms
08-04 21:21:33.741 18171 18183 I art     : Starting a blocking GC Explicit
08-04 21:21:33.763 18171 18183 I art     : Explicit concurrent mark sweep GC freed 20(704B) AllocSpace objects, 0(0B) LOS objects, 23% free, 52MB/68MB, paused 435us total 21.192ms
08-04 21:21:33.772 18171 18183 I art     : Starting a blocking GC Explicit
08-04 21:21:33.793 18171 18183 I art     : Explicit concurrent mark sweep GC freed 3(96B) AllocSpace objects, 0(0B) LOS objects, 23% free, 52MB/68MB, paused 446us total 21.222ms
08-04 21:21:33.802 18171 18183 I art     : Starting a blocking GC Explicit
08-04 21:21:33.824 18171 18183 I art     : Explicit concurrent mark sweep GC freed 3(96B) AllocSpace objects, 0(0B) LOS objects, 23% free, 52MB/68MB, paused 447us total 22.149ms
08-04 21:21:33.833 18171 18183 I art     : Starting a blocking GC Explicit
08-04 21:21:33.855 18171 18183 I art     : Explicit concurrent mark sweep GC freed 3(96B) AllocSpace objects, 0(0B) LOS objects, 23% free, 52MB/68MB, paused 444us total 21.416ms
08-04 21:21:34.190 18171 18184 I art     : Starting a blocking GC Explicit
08-04 21:21:34.223 18171 18184 I art     : Explicit concurrent mark sweep GC freed 1344(78KB) AllocSpace objects, 1(20KB) LOS objects, 23% free, 52MB/68MB, paused 744us total 32.567ms
08-04 21:21:34.236 18171 18184 I art     : Starting a blocking GC Explicit
08-04 21:21:34.259 18171 18184 I art     : Explicit concurrent mark sweep GC freed 20(704B) AllocSpace objects, 0(0B) LOS objects, 23% free, 52MB/68MB, paused 455us total 23.241ms
08-04 21:21:34.268 18171 18184 I art     : Starting a blocking GC Explicit
08-04 21:21:34.290 18171 18184 I art     : Explicit concurrent mark sweep GC freed 3(96B) AllocSpace objects, 0(0B) LOS objects, 23% free, 52MB/68MB, paused 449us total 21.720ms
08-04 21:21:34.299 18171 18184 I art     : Starting a blocking GC Explicit
08-04 21:21:34.321 18171 18184 I art     : Explicit concurrent mark sweep GC freed 3(96B) AllocSpace objects, 0(0B) LOS objects, 23% free, 52MB/68MB, paused 507us total 21.543ms
08-04 21:21:34.329 18171 18184 I art     : Starting a blocking GC Explicit
08-04 21:21:34.351 18171 18184 I art     : Explicit concurrent mark sweep GC freed 3(96B) AllocSpace objects, 0(0B) LOS objects, 23% free, 52MB/68MB, paused 474us total 21.773ms
08-04 21:21:34.690 18171 18434 I art     : Starting a blocking GC Explicit
08-04 21:21:34.720 18171 18434 I art     : Explicit concurrent mark sweep GC freed 1344(78KB) AllocSpace objects, 1(20KB) LOS objects, 23% free, 52MB/68MB, paused 504us total 30.025ms
08-04 21:21:34.736 18171 18434 I art     : Starting a blocking GC Explicit
08-04 21:21:34.758 18171 18434 I art     : Explicit concurrent mark sweep GC freed 20(704B) AllocSpace objects, 0(0B) LOS objects, 23% free, 52MB/68MB, paused 437us total 21.467ms
08-04 21:21:34.767 18171 18434 I art     : Starting a blocking GC Explicit
08-04 21:21:34.788 18171 18434 I art     : Explicit concurrent mark sweep GC freed 3(96B) AllocSpace objects, 0(0B) LOS objects, 23% free, 52MB/68MB, paused 443us total 21.169ms
08-04 21:21:34.797 18171 18434 I art     : Starting a blocking GC Explicit
08-04 21:21:34.818 18171 18434 I art     : Explicit concurrent mark sweep GC freed 3(96B) AllocSpace objects, 0(0B) LOS objects, 23% free, 52MB/68MB, paused 445us total 20.952ms
08-04 21:21:34.827 18171 18434 I art     : Starting a blocking GC Explicit
08-04 21:21:34.849 18171 18434 I art     : Explicit concurrent mark sweep GC freed 3(96B) AllocSpace objects, 0(0B) LOS objects, 23% free, 52MB/68MB, paused 443us total 22.064ms
08-04 21:21:35.188 18171 18231 I art     : Starting a blocking GC Explicit
08-04 21:21:35.210 18171 18231 I art     : Explicit concurrent mark sweep GC freed 1344(78KB) AllocSpace objects, 1(20KB) LOS objects, 23% free, 52MB/68MB, paused 465us total 21.809ms
08-04 21:21:35.220 18171 18231 I art     : Starting a blocking GC Explicit
08-04 21:21:35.240 18171 18231 I art     : Explicit concurrent mark sweep GC freed 20(704B) AllocSpace objects, 0(0B) LOS objects, 23% free, 52MB/68MB, paused 451us total 20.159ms
08-04 21:21:35.248 18171 18231 I art     : Starting a blocking GC Explicit
08-04 21:21:35.269 18171 18231 I art     : Explicit concurrent mark sweep GC freed 3(96B) AllocSpace objects, 0(0B) LOS objects, 23% free, 52MB/68MB, paused 448us total 20.269ms
08-04 21:21:35.277 18171 18231 I art     : Starting a blocking GC Explicit
08-04 21:21:35.298 18171 18231 I art     : Explicit concurrent mark sweep GC freed 3(96B) AllocSpace objects, 0(0B) LOS objects, 23% free, 52MB/68MB, paused 459us total 20.390ms
08-04 21:21:35.306 18171 18231 I art     : Starting a blocking GC Explicit
08-04 21:21:35.327 18171 18231 I art     : Explicit concurrent mark sweep GC freed 3(96B) AllocSpace objects, 0(0B) LOS objects, 23% free, 52MB/68MB, paused 502us total 20.584ms
08-04 21:21:35.584 20492 20492 D AndroidRuntime: >>>>>> START com.android.internal.os.RuntimeInit uid 2000 <<<<<<
08-04 21:21:35.589 20492 20492 D AndroidRuntime: CheckJNI is OFF
08-04 21:21:35.616 18171 18183 I art     : Starting a blocking GC Explicit
08-04 21:21:35.624 20492 20492 D ICU     : No timezone override file found: /data/misc/zoneinfo/current/icu/icu_tzdata.dat
08-04 21:21:35.638 18171 18183 I art     : Explicit concurrent mark sweep GC freed 1344(78KB) AllocSpace objects, 1(20KB) LOS objects, 23% free, 52MB/68MB, paused 531us total 21.949ms
08-04 21:21:35.647 18171 18183 I art     : Starting a blocking GC Explicit
08-04 21:21:35.660 20492 20492 I Radio-JNI: register_android_hardware_Radio DONE
08-04 21:21:35.668 18171 18183 I art     : Explicit concurrent mark sweep GC freed 20(704B) AllocSpace objects, 0(0B) LOS objects, 23% free, 52MB/68MB, paused 454us total 21.032ms
08-04 21:21:35.677 18171 18183 I art     : Starting a blocking GC Explicit
08-04 21:21:35.682 20492 20492 D AndroidRuntime: Calling main entry com.android.commands.input.Input
08-04 21:21:35.684 20492 20492 I Input   : injectKeyEvent: KeyEvent { action=ACTION_DOWN, keyCode=KEYCODE_BACK, scanCode=0, metaState=0, flags=0x0, repeatCount=0, eventTime=739312097, downTime=739312097, deviceId=-1, source=0x101 }
08-04 21:21:35.690 20492 20492 I Input   : injectKeyEvent: KeyEvent { action=ACTION_UP, keyCode=KEYCODE_BACK, scanCode=0, metaState=0, flags=0x0, repeatCount=0, eventTime=739312097, downTime=739312097, deviceId=-1, source=0x101 }
08-04 21:21:35.698 18171 18183 I art     : Explicit concurrent mark sweep GC freed 5(208B) AllocSpace objects, 0(0B) LOS objects, 23% free, 52MB/68MB, paused 636us total 20.343ms
08-04 21:21:35.698 20492 20492 D AndroidRuntime: Shutting down VM
08-04 21:21:35.706 18171 18183 I art     : Starting a blocking GC Explicit
08-04 21:21:35.725 18171 18183 I art     : Explicit concurrent mark sweep GC freed 103(5KB) AllocSpace objects, 0(0B) LOS objects, 23% free, 52MB/68MB, paused 442us total 18.791ms
08-04 21:21:35.733 18171 18183 I art     : Starting a blocking GC Explicit
08-04 21:21:35.738 13866 13866 I GoogleInputMethodServic: GoogleInputMethodService.onFinishInput():3138 
08-04 21:21:35.738 13866 13866 I GoogleInputMethodServic: GoogleInputMethodService.onStartInput():1808 
08-04 21:21:35.752 18171 18183 I art     : Explicit concurrent mark sweep GC freed 37(1360B) AllocSpace objects, 0(0B) LOS objects, 23% free, 52MB/68MB, paused 417us total 18.739ms
08-04 21:21:36.011 18171 18434 I art     : Starting a blocking GC Explicit
08-04 21:21:36.031 18171 18434 I art     : Explicit concurrent mark sweep GC freed 1354(78KB) AllocSpace objects, 1(20KB) LOS objects, 23% free, 52MB/68MB, paused 442us total 19.780ms
08-04 21:21:36.039   380   380 W SurfaceFlinger: couldn't log to binary event log: overflow.
08-04 21:21:36.041 18171 18434 I art     : Starting a blocking GC Explicit
08-04 21:21:36.062 18171 18434 I art     : Explicit concurrent mark sweep GC freed 127(9KB) AllocSpace objects, 0(0B) LOS objects, 23% free, 52MB/68MB, paused 407us total 19.713ms
08-04 21:21:36.070 18171 18434 I art     : Starting a blocking GC Explicit
08-04 21:21:36.089 18171 18434 I art     : Explicit concurrent mark sweep GC freed 119(6KB) AllocSpace objects, 0(0B) LOS objects, 23% free, 52MB/68MB, paused 404us total 19.360ms
08-04 21:21:36.097 18171 18434 I art     : Starting a blocking GC Explicit
08-04 21:21:36.116 18171 18434 I art     : Explicit concurrent mark sweep GC freed 1271(83KB) AllocSpace objects, 1(28KB) LOS objects, 23% free, 52MB/68MB, paused 416us total 18.715ms
08-04 21:21:36.124 18171 18434 I art     : Starting a blocking GC Explicit
08-04 21:21:36.143 18171 18434 I art     : Explicit concurrent mark sweep GC freed 3(96B) AllocSpace objects, 0(0B) LOS objects, 23% free, 52MB/68MB, paused 431us total 19.248ms
08-04 21:21:36.435 18171 18184 I art     : Starting a blocking GC Explicit
08-04 21:21:36.457 18171 18184 I art     : Explicit concurrent mark sweep GC freed 1344(78KB) AllocSpace objects, 1(20KB) LOS objects, 23% free, 52MB/68MB, paused 591us total 22.180ms
08-04 21:21:36.466 18171 18184 I art     : Starting a blocking GC Explicit
08-04 21:21:36.488 18171 18184 I art     : Explicit concurrent mark sweep GC freed 20(704B) AllocSpace objects, 0(0B) LOS objects, 23% free, 52MB/68MB, paused 495us total 21.193ms
08-04 21:21:36.496 18171 18184 I art     : Starting a blocking GC Explicit
08-04 21:21:36.518 18171 18184 I art     : Explicit concurrent mark sweep GC freed 3(96B) AllocSpace objects, 0(0B) LOS objects, 23% free, 52MB/68MB, paused 442us total 21.559ms
08-04 21:21:36.527 18171 18184 I art     : Starting a blocking GC Explicit
08-04 21:21:36.549 18171 18184 I art     : Explicit concurrent mark sweep GC freed 3(96B) AllocSpace objects, 0(0B) LOS objects, 23% free, 52MB/68MB, paused 450us total 21.306ms
08-04 21:21:36.557 18171 18184 I art     : Starting a blocking GC Explicit
08-04 21:21:36.578 18171 18184 I art     : Explicit concurrent mark sweep GC freed 3(96B) AllocSpace objects, 0(0B) LOS objects, 23% free, 52MB/68MB, paused 440us total 20.471ms
08-04 21:21:36.860 18171 18231 I art     : Starting a blocking GC Explicit
08-04 21:21:36.886 18171 18231 I art     : Explicit concurrent mark sweep GC freed 1343(78KB) AllocSpace objects, 1(20KB) LOS objects, 23% free, 52MB/68MB, paused 474us total 25.786ms
08-04 21:21:36.897 18171 18231 I art     : Starting a blocking GC Explicit
08-04 21:21:36.919 18171 18231 I art     : Explicit concurrent mark sweep GC freed 20(704B) AllocSpace objects, 0(0B) LOS objects, 23% free, 52MB/68MB, paused 456us total 21.386ms
08-04 21:21:36.928 18171 18231 I art     : Starting a blocking GC Explicit
08-04 21:21:36.949 18171 18231 I art     : Explicit concurrent mark sweep GC freed 3(96B) AllocSpace objects, 0(0B) LOS objects, 23% free, 52MB/68MB, paused 442us total 20.486ms
08-04 21:21:36.957 18171 18231 I art     : Starting a blocking GC Explicit
08-04 21:21:36.978 18171 18231 I art     : Explicit concurrent mark sweep GC freed 3(96B) AllocSpace objects, 0(0B) LOS objects, 23% free, 52MB/68MB, paused 454us total 20.150ms
08-04 21:21:36.986 18171 18231 I art     : Starting a blocking GC Explicit
08-04 21:21:37.006 18171 18231 I art     : Explicit concurrent mark sweep GC freed 3(96B) AllocSpace objects, 0(0B) LOS objects, 23% free, 52MB/68MB, paused 446us total 19.694ms
08-04 21:21:37.278 18171 18183 I art     : Starting a blocking GC Explicit
08-04 21:21:37.300 18171 18183 I art     : Explicit concurrent mark sweep GC freed 1343(78KB) AllocSpace objects, 1(20KB) LOS objects, 23% free, 52MB/68MB, paused 457us total 21.250ms
08-04 21:21:37.308 18171 18183 I art     : Starting a blocking GC Explicit
08-04 21:21:37.332 18171 18183 I art     : Explicit concurrent mark sweep GC freed 22(768B) AllocSpace objects, 0(0B) LOS objects, 23% free, 52MB/68MB, paused 450us total 23.612ms
08-04 21:21:37.341 18171 18183 I art     : Starting a blocking GC Explicit
08-04 21:21:37.354 20552 20552 D AndroidRuntime: >>>>>> START com.android.internal.os.RuntimeInit uid 2000 <<<<<<
08-04 21:21:37.360 20552 20552 D AndroidRuntime: CheckJNI is OFF
08-04 21:21:37.364 18171 18183 I art     : Explicit concurrent mark sweep GC freed 7(224B) AllocSpace objects, 0(0B) LOS objects, 23% free, 52MB/68MB, paused 470us total 23.518ms
08-04 21:21:37.373 18171 18183 I art     : Starting a blocking GC Explicit
08-04 21:21:37.392 18171 18183 I art     : Explicit concurrent mark sweep GC freed 6(192B) AllocSpace objects, 0(0B) LOS objects, 23% free, 52MB/68MB, paused 469us total 18.963ms
08-04 21:21:37.395 20552 20552 D ICU     : No timezone override file found: /data/misc/zoneinfo/current/icu/icu_tzdata.dat
08-04 21:21:37.400 18171 18183 I art     : Starting a blocking GC Explicit
08-04 21:21:37.419 18171 18183 I art     : Explicit concurrent mark sweep GC freed 6(192B) AllocSpace objects, 0(0B) LOS objects, 23% free, 52MB/68MB, paused 445us total 18.674ms
08-04 21:21:37.428 20552 20552 I Radio-JNI: register_android_hardware_Radio DONE
08-04 21:21:37.450 20552 20552 D AndroidRuntime: Calling main entry com.android.commands.input.Input
08-04 21:21:37.451 20552 20552 I Input   : injectMotionEvent: MotionEvent { action=ACTION_DOWN, actionButton=0, id[0]=0, x[0]=756.0, y[0]=1530.0, toolType[0]=TOOL_TYPE_UNKNOWN, buttonState=0, metaState=0, flags=0x0, edgeFlags=0x0, pointerCount=1, historySize=0, eventTime=739313864, downTime=739313864, deviceId=0, source=0x1002 }
08-04 21:21:37.455 20552 20552 I Input   : injectMotionEvent: MotionEvent { action=ACTION_UP, actionButton=0, id[0]=0, x[0]=756.0, y[0]=1530.0, toolType[0]=TOOL_TYPE_UNKNOWN, buttonState=0, metaState=0, flags=0x0, edgeFlags=0x0, pointerCount=1, historySize=0, eventTime=739313864, downTime=739313864, deviceId=0, source=0x1002 }
08-04 21:21:37.459 20552 20552 D AndroidRuntime: Shutting down VM
08-04 21:21:37.463   918  3670 I ActivityManager: START u0 {cmp=baseline.appteam.nith.hillffair/.activities.LeaderBoardActivity} from uid 10651 on display 0
08-04 21:21:37.464   512  2967 D audio_hw_primary: out_set_parameters: enter: usecase(1: low-latency-playback) kvpairs: routing=2
08-04 21:21:37.477   512  2967 D audio_hw_primary: select_devices: out_snd_device(2: speaker) in_snd_device(0: none)
08-04 21:21:37.477   512  2967 D msm8974_platform: platform_send_audio_calibration: sending audio calibration for snd_device(2) acdb_id(15)
08-04 21:21:37.478   512  2967 I soundtrigger: audio_extn_sound_trigger_update_device_status: device 0x2 of type 0 for Event 1
08-04 21:21:37.488   512  2967 D audio_hw_primary: enable_snd_device: snd_device(2: speaker)
08-04 21:21:37.490   512  2967 D audio_hw_primary: enable_audio_route: apply and update mixer path: low-latency-playback speaker
08-04 21:21:37.583 18171 18171 E RecyclerView: No adapter attached; skipping layout
08-04 21:21:37.593 18171 18171 E RecyclerView: No adapter attached; skipping layout
08-04 21:21:37.616 13866 13866 I GoogleInputMethodServic: GoogleInputMethodService.onFinishInput():3138 
08-04 21:21:37.616   918   936 I ActivityManager: Displayed baseline.appteam.nith.hillffair/.activities.LeaderBoardActivity: +142ms
08-04 21:21:37.617 13866 13866 I GoogleInputMethodServic: GoogleInputMethodService.onStartInput():1808 
08-04 21:21:37.622 18171 18171 E RecyclerView: No adapter attached; skipping layout
08-04 21:21:37.671 18171 18200 D OpenGLRenderer: endAllStagingAnimators on 0x7f9944a000 (RippleDrawable) with handle 0x7f9a1f2b80
08-04 21:21:37.673 18171 18231 I art     : Starting a blocking GC Explicit
08-04 21:21:37.697 18171 18231 I art     : Explicit concurrent mark sweep GC freed 6593(398KB) AllocSpace objects, 1(20KB) LOS objects, 23% free, 53MB/69MB, paused 477us total 23.693ms
08-04 21:21:37.705 18171 18231 I art     : Starting a blocking GC Explicit
08-04 21:21:37.724 18171 18231 I art     : Explicit concurrent mark sweep GC freed 283(13KB) AllocSpace objects, 0(0B) LOS objects, 23% free, 52MB/68MB, paused 465us total 18.729ms
08-04 21:21:37.732 18171 18231 I art     : Starting a blocking GC Explicit
08-04 21:21:37.753 18171 18231 I art     : Explicit concurrent mark sweep GC freed 3(96B) AllocSpace objects, 0(0B) LOS objects, 23% free, 52MB/68MB, paused 482us total 20.552ms
08-04 21:21:37.762 18171 18231 I art     : Starting a blocking GC Explicit
08-04 21:21:37.783 18171 18231 I art     : Explicit concurrent mark sweep GC freed 3(96B) AllocSpace objects, 0(0B) LOS objects, 23% free, 52MB/68MB, paused 464us total 20.450ms
08-04 21:21:37.792 18171 18231 I art     : Starting a blocking GC Explicit
08-04 21:21:37.818 18171 18231 I art     : Explicit concurrent mark sweep GC freed 3(96B) AllocSpace objects, 0(0B) LOS objects, 23% free, 52MB/68MB, paused 481us total 25.498ms
08-04 21:21:37.858   380   380 W SurfaceFlinger: couldn't log to binary event log: overflow.
08-04 21:21:38.029   512  2967 D audio_hw_primary: disable_audio_route: reset and update mixer path: low-latency-playback speaker
08-04 21:21:38.030   512  2967 D audio_hw_primary: disable_snd_device: snd_device(2: speaker)
08-04 21:21:38.038   512  2967 I soundtrigger: audio_extn_sound_trigger_update_device_status: device 0x2 of type 0 for Event 0
08-04 21:21:38.098 18171 18184 I art     : Starting a blocking GC Explicit
08-04 21:21:38.121 18171 18184 I art     : Explicit concurrent mark sweep GC freed 1523(89KB) AllocSpace objects, 1(20KB) LOS objects, 23% free, 52MB/68MB, paused 520us total 22.712ms
08-04 21:21:38.130 18171 18184 I art     : Starting a blocking GC Explicit
08-04 21:21:38.152 18171 18184 I art     : Explicit concurrent mark sweep GC freed 58(1984B) AllocSpace objects, 0(0B) LOS objects, 23% free, 52MB/68MB, paused 492us total 21.310ms
08-04 21:21:38.160 18171 18184 I art     : Starting a blocking GC Explicit
08-04 21:21:38.182 18171 18184 I art     : Explicit concurrent mark sweep GC freed 13(480B) AllocSpace objects, 0(0B) LOS objects, 23% free, 52MB/68MB, paused 472us total 21.161ms
08-04 21:21:38.190 18171 18184 I art     : Starting a blocking GC Explicit
08-04 21:21:38.211 18171 18184 I art     : Explicit concurrent mark sweep GC freed 12(432B) AllocSpace objects, 0(0B) LOS objects, 23% free, 52MB/68MB, paused 550us total 20.899ms
08-04 21:21:38.219 18171 18184 I art     : Starting a blocking GC Explicit
08-04 21:21:38.239 18171 18184 I art     : Explicit concurrent mark sweep GC freed 9(336B) AllocSpace objects, 0(0B) LOS objects, 23% free, 52MB/68MB, paused 493us total 19.500ms
08-04 21:21:38.521 18171 18231 I art     : Starting a blocking GC Explicit
08-04 21:21:38.544 18171 20576 D OkHttp  : --> GET https://api-hillfair-2k16.herokuapp.com/api/app/quiz/leaderboard?from=1 http/1.1
08-04 21:21:38.545 18171 18231 I art     : Explicit concurrent mark sweep GC freed 3942(211KB) AllocSpace objects, 3(140KB) LOS objects, 23% free, 53MB/69MB, paused 911us total 23.955ms
08-04 21:21:38.554 18171 18231 I art     : Starting a blocking GC Explicit
08-04 21:21:38.576 18171 18231 I art     : Explicit concurrent mark sweep GC freed 1044(120KB) AllocSpace objects, 1(80KB) LOS objects, 23% free, 53MB/69MB, paused 486us total 22.153ms
08-04 21:21:38.578 18171 20576 D OkHttp  : <-- 200 OK https://api-hillfair-2k16.herokuapp.com/api/app/quiz/leaderboard?from=1 (33ms, 56744-byte body)
08-04 21:21:38.585 18171 18231 I art     : Starting a blocking GC Explicit
08-04 21:21:38.606 18171 18231 I art     : Explicit concurrent mark sweep GC freed 4715(220KB) AllocSpace objects, 0(0B) LOS objects, 23% free, 53MB/69MB, paused 710us total 21.694ms
08-04 21:21:38.615 18171 18231 I art     : Starting a blocking GC Explicit
08-04 21:21:38.636 18171 18231 I art     : Explicit concurrent mark sweep GC freed 5976(275KB) AllocSpace objects, 0(0B) LOS objects, 23% free, 53MB/69MB, paused 560us total 20.613ms
08-04 21:21:38.644 18171 18231 I art     : Starting a blocking GC Explicit
08-04 21:21:38.666 18171 18231 I art     : Explicit concurrent mark sweep GC freed 13512(628KB) AllocSpace objects, 0(0B) LOS objects, 23% free, 53MB/69MB, paused 595us total 21.230ms
08-04 21:21:38.677 18171 18171 I NAPPA_EXPERIMENTATION: MetricNetworkRequestExecutionTime: REQUEST_DURATION_SYSTEM='1166',REQUEST_DURATION_OKHTTP='34',REQUEST_SYNCHRONOUS='FALSE',RESPONSE_CODE='200',RESPONSE_METHOD='GET',RESPONSE_LENGTH_OKHTTP='56744',RESPONSE_LENGTH_HEADER='56744',REQUEST_PROTOCOL='http/1.1',REQUEST_URL='https://api-hillfair-2k16.herokuapp.com/api/app/quiz/leaderboard?from=1',
08-04 21:21:38.928 18171 18231 I art     : Starting a blocking GC Explicit
08-04 21:21:38.958 18171 18231 I art     : Explicit concurrent mark sweep GC freed 3542(189KB) AllocSpace objects, 1(20KB) LOS objects, 23% free, 53MB/69MB, paused 638us total 29.696ms
08-04 21:21:38.969 18171 18231 I art     : Starting a blocking GC Explicit
08-04 21:21:38.993 18171 18231 I art     : Explicit concurrent mark sweep GC freed 85(3KB) AllocSpace objects, 0(0B) LOS objects, 23% free, 53MB/69MB, paused 471us total 23.685ms
08-04 21:21:39.002 18171 18231 I art     : Starting a blocking GC Explicit
08-04 21:21:39.026 18171 18231 I art     : Explicit concurrent mark sweep GC freed 3(96B) AllocSpace objects, 0(0B) LOS objects, 23% free, 53MB/69MB, paused 463us total 23.226ms
08-04 21:21:39.035 18171 18231 I art     : Starting a blocking GC Explicit
08-04 21:21:39.059 18171 18231 I art     : Explicit concurrent mark sweep GC freed 3(96B) AllocSpace objects, 0(0B) LOS objects, 23% free, 53MB/69MB, paused 485us total 23.831ms
08-04 21:21:39.069 18171 18231 I art     : Starting a blocking GC Explicit
08-04 21:21:39.093 18171 18231 I art     : Explicit concurrent mark sweep GC freed 3(96B) AllocSpace objects, 0(0B) LOS objects, 23% free, 53MB/69MB, paused 480us total 24.022ms
08-04 21:21:39.413 18171 18183 I art     : Starting a blocking GC Explicit
08-04 21:21:39.443 18171 18183 I art     : Explicit concurrent mark sweep GC freed 1344(78KB) AllocSpace objects, 1(20KB) LOS objects, 23% free, 53MB/69MB, paused 656us total 29.277ms
08-04 21:21:39.454 18171 18183 I art     : Starting a blocking GC Explicit
08-04 21:21:39.478 18171 18183 I art     : Explicit concurrent mark sweep GC freed 20(704B) AllocSpace objects, 0(0B) LOS objects, 23% free, 53MB/69MB, paused 469us total 23.668ms
08-04 21:21:39.487 18171 18183 I art     : Starting a blocking GC Explicit
08-04 21:21:39.511 18171 18183 I art     : Explicit concurrent mark sweep GC freed 3(96B) AllocSpace objects, 0(0B) LOS objects, 23% free, 53MB/69MB, paused 531us total 23.761ms
08-04 21:21:39.520 18171 18183 I art     : Starting a blocking GC Explicit
08-04 21:21:39.544 18171 18183 I art     : Explicit concurrent mark sweep GC freed 3(96B) AllocSpace objects, 0(0B) LOS objects, 23% free, 53MB/69MB, paused 448us total 23.407ms
08-04 21:21:39.553 18171 18183 I art     : Starting a blocking GC Explicit
08-04 21:21:39.576 18171 18183 I art     : Explicit concurrent mark sweep GC freed 3(96B) AllocSpace objects, 0(0B) LOS objects, 23% free, 53MB/69MB, paused 453us total 22.793ms
08-04 21:21:39.901 18171 18184 I art     : Starting a blocking GC Explicit
08-04 21:21:39.930 18171 18184 I art     : Explicit concurrent mark sweep GC freed 1344(78KB) AllocSpace objects, 1(20KB) LOS objects, 23% free, 53MB/69MB, paused 505us total 28.895ms
08-04 21:21:39.943 18171 18184 I art     : Starting a blocking GC Explicit
08-04 21:21:39.967 18171 18184 I art     : Explicit concurrent mark sweep GC freed 20(704B) AllocSpace objects, 0(0B) LOS objects, 23% free, 53MB/69MB, paused 502us total 23.706ms
08-04 21:21:39.976 18171 18184 I art     : Starting a blocking GC Explicit
08-04 21:21:40.000 18171 18184 I art     : Explicit concurrent mark sweep GC freed 3(96B) AllocSpace objects, 0(0B) LOS objects, 23% free, 53MB/69MB, paused 464us total 23.448ms
08-04 21:21:40.009 18171 18184 I art     : Starting a blocking GC Explicit
08-04 21:21:40.033 18171 18184 I art     : Explicit concurrent mark sweep GC freed 3(96B) AllocSpace objects, 0(0B) LOS objects, 23% free, 53MB/69MB, paused 475us total 23.651ms
08-04 21:21:40.042 18171 18184 I art     : Starting a blocking GC Explicit
08-04 21:21:40.066 18171 18184 I art     : Explicit concurrent mark sweep GC freed 3(96B) AllocSpace objects, 0(0B) LOS objects, 23% free, 53MB/69MB, paused 477us total 23.839ms
08-04 21:21:40.425 18171 18434 I art     : Starting a blocking GC Explicit
08-04 21:21:40.458 18171 18434 I art     : Explicit concurrent mark sweep GC freed 1344(78KB) AllocSpace objects, 1(20KB) LOS objects, 23% free, 53MB/69MB, paused 631us total 31.783ms
08-04 21:21:40.469 18171 18434 I art     : Starting a blocking GC Explicit
08-04 21:21:40.493 18171 18434 I art     : Explicit concurrent mark sweep GC freed 20(704B) AllocSpace objects, 0(0B) LOS objects, 23% free, 53MB/69MB, paused 479us total 23.797ms
08-04 21:21:40.502 18171 18434 I art     : Starting a blocking GC Explicit
08-04 21:21:40.526 18171 18434 I art     : Explicit concurrent mark sweep GC freed 3(96B) AllocSpace objects, 0(0B) LOS objects, 23% free, 53MB/69MB, paused 485us total 23.578ms
08-04 21:21:40.535 18171 18434 I art     : Starting a blocking GC Explicit
08-04 21:21:40.559 18171 18434 I art     : Explicit concurrent mark sweep GC freed 3(96B) AllocSpace objects, 0(0B) LOS objects, 23% free, 53MB/69MB, paused 490us total 23.442ms
08-04 21:21:40.568 18171 18434 I art     : Starting a blocking GC Explicit
08-04 21:21:40.592 18171 18434 I art     : Explicit concurrent mark sweep GC freed 3(96B) AllocSpace objects, 0(0B) LOS objects, 23% free, 53MB/69MB, paused 473us total 23.682ms
08-04 21:21:40.910 18171 18231 I art     : Starting a blocking GC Explicit
08-04 21:21:40.944 18171 18231 I art     : Explicit concurrent mark sweep GC freed 1344(78KB) AllocSpace objects, 1(20KB) LOS objects, 23% free, 53MB/69MB, paused 495us total 34.232ms
08-04 21:21:40.959 18171 18231 I art     : Starting a blocking GC Explicit
08-04 21:21:40.982 18171 18231 I art     : Explicit concurrent mark sweep GC freed 20(704B) AllocSpace objects, 0(0B) LOS objects, 23% free, 53MB/69MB, paused 462us total 23.580ms
08-04 21:21:40.991 18171 18231 I art     : Starting a blocking GC Explicit
08-04 21:21:41.014 18171 18231 I art     : Explicit concurrent mark sweep GC freed 3(96B) AllocSpace objects, 0(0B) LOS objects, 23% free, 53MB/69MB, paused 478us total 22.752ms
08-04 21:21:41.023 18171 18231 I art     : Starting a blocking GC Explicit
08-04 21:21:41.048 18171 18231 I art     : Explicit concurrent mark sweep GC freed 3(96B) AllocSpace objects, 0(0B) LOS objects, 23% free, 53MB/69MB, paused 474us total 23.865ms
08-04 21:21:41.057 18171 18231 I art     : Starting a blocking GC Explicit
08-04 21:21:41.080 18171 18231 I art     : Explicit concurrent mark sweep GC freed 3(96B) AllocSpace objects, 0(0B) LOS objects, 23% free, 53MB/69MB, paused 459us total 23.173ms
08-04 21:21:41.292 15172 15172 I ServiceManager: Waiting for service AtCmdFwd...
08-04 21:21:41.388 18171 18183 I art     : Starting a blocking GC Explicit
08-04 21:21:41.413 18171 18183 I art     : Explicit concurrent mark sweep GC freed 1344(78KB) AllocSpace objects, 1(20KB) LOS objects, 23% free, 53MB/69MB, paused 476us total 24.389ms
08-04 21:21:41.422 18171 18183 I art     : Starting a blocking GC Explicit
08-04 21:21:41.446 18171 18183 I art     : Explicit concurrent mark sweep GC freed 20(704B) AllocSpace objects, 0(0B) LOS objects, 23% free, 53MB/69MB, paused 465us total 23.361ms
08-04 21:21:41.455 18171 18183 I art     : Starting a blocking GC Explicit
08-04 21:21:41.478 18171 18183 I art     : Explicit concurrent mark sweep GC freed 3(96B) AllocSpace objects, 0(0B) LOS objects, 23% free, 53MB/69MB, paused 469us total 23.206ms
08-04 21:21:41.487 18171 18183 I art     : Starting a blocking GC Explicit
08-04 21:21:41.511 18171 18183 I art     : Explicit concurrent mark sweep GC freed 3(96B) AllocSpace objects, 0(0B) LOS objects, 23% free, 53MB/69MB, paused 463us total 23.114ms
08-04 21:21:41.520 18171 18183 I art     : Starting a blocking GC Explicit
08-04 21:21:41.543 18171 18183 I art     : Explicit concurrent mark sweep GC freed 3(96B) AllocSpace objects, 0(0B) LOS objects, 23% free, 53MB/69MB, paused 451us total 23.048ms
08-04 21:21:41.828 18171 18231 I art     : Starting a blocking GC Explicit
08-04 21:21:41.849 18171 18231 I art     : Explicit concurrent mark sweep GC freed 1344(78KB) AllocSpace objects, 1(20KB) LOS objects, 23% free, 53MB/69MB, paused 478us total 20.909ms
08-04 21:21:41.858 18171 18231 I art     : Starting a blocking GC Explicit
08-04 21:21:41.882 18171 18231 I art     : Explicit concurrent mark sweep GC freed 26(928B) AllocSpace objects, 0(0B) LOS objects, 23% free, 53MB/69MB, paused 459us total 23.333ms
08-04 21:21:41.890 18171 18231 I art     : Starting a blocking GC Explicit
08-04 21:21:41.912 18171 18231 I art     : Explicit concurrent mark sweep GC freed 3(96B) AllocSpace objects, 0(0B) LOS objects, 23% free, 53MB/69MB, paused 466us total 21.885ms
08-04 21:21:41.921 18171 18231 I art     : Starting a blocking GC Explicit
08-04 21:21:41.943 18171 18231 I art     : Explicit concurrent mark sweep GC freed 3(96B) AllocSpace objects, 0(0B) LOS objects, 23% free, 53MB/69MB, paused 469us total 21.927ms
08-04 21:21:41.952 18171 18231 I art     : Starting a blocking GC Explicit
08-04 21:21:41.974 18171 18231 I art     : Explicit concurrent mark sweep GC freed 3(96B) AllocSpace objects, 0(0B) LOS objects, 23% free, 53MB/69MB, paused 470us total 22.201ms
08-04 21:21:42.134 20672 20672 D AndroidRuntime: >>>>>> START com.android.internal.os.RuntimeInit uid 2000 <<<<<<
08-04 21:21:42.140 20672 20672 D AndroidRuntime: CheckJNI is OFF
08-04 21:21:42.173 20672 20672 D ICU     : No timezone override file found: /data/misc/zoneinfo/current/icu/icu_tzdata.dat
08-04 21:21:42.204 20672 20672 I Radio-JNI: register_android_hardware_Radio DONE
08-04 21:21:42.226 20672 20672 D AndroidRuntime: Calling main entry com.android.commands.input.Input
08-04 21:21:42.228 20672 20672 I Input   : injectKeyEvent: KeyEvent { action=ACTION_DOWN, keyCode=KEYCODE_BACK, scanCode=0, metaState=0, flags=0x0, repeatCount=0, eventTime=739318641, downTime=739318641, deviceId=-1, source=0x101 }
08-04 21:21:42.232 20672 20672 I Input   : injectKeyEvent: KeyEvent { action=ACTION_UP, keyCode=KEYCODE_BACK, scanCode=0, metaState=0, flags=0x0, repeatCount=0, eventTime=739318641, downTime=739318641, deviceId=-1, source=0x101 }
08-04 21:21:42.237 20672 20672 D AndroidRuntime: Shutting down VM
08-04 21:21:42.267 18171 18183 I art     : Starting a blocking GC Explicit
08-04 21:21:42.274 13866 13866 I GoogleInputMethodServic: GoogleInputMethodService.onFinishInput():3138 
08-04 21:21:42.275 13866 13866 I GoogleInputMethodServic: GoogleInputMethodService.onStartInput():1808 
08-04 21:21:42.292 18171 18183 I art     : Explicit concurrent mark sweep GC freed 1481(84KB) AllocSpace objects, 1(20KB) LOS objects, 23% free, 53MB/69MB, paused 505us total 24.714ms
08-04 21:21:42.292 15172 15172 I ServiceManager: Waiting for service AtCmdFwd...
08-04 21:21:42.302 18171 18183 I art     : Starting a blocking GC Explicit
08-04 21:21:42.323 18171 18183 I art     : Explicit concurrent mark sweep GC freed 27(976B) AllocSpace objects, 0(0B) LOS objects, 23% free, 53MB/69MB, paused 424us total 19.910ms
08-04 21:21:42.331 18171 18183 I art     : Starting a blocking GC Explicit
08-04 21:21:42.351 18171 18183 I art     : Explicit concurrent mark sweep GC freed 3(96B) AllocSpace objects, 0(0B) LOS objects, 23% free, 53MB/69MB, paused 421us total 19.957ms
08-04 21:21:42.359 18171 18183 I art     : Starting a blocking GC Explicit
08-04 21:21:42.380 18171 18183 I art     : Explicit concurrent mark sweep GC freed 3(96B) AllocSpace objects, 0(0B) LOS objects, 23% free, 53MB/69MB, paused 479us total 20.850ms
08-04 21:21:42.389 18171 18183 I art     : Starting a blocking GC Explicit
08-04 21:21:42.413 18171 18183 I art     : Explicit concurrent mark sweep GC freed 3(96B) AllocSpace objects, 0(0B) LOS objects, 23% free, 53MB/69MB, paused 415us total 23.191ms
08-04 21:21:42.580   380   380 W SurfaceFlinger: couldn't log to binary event log: overflow.
08-04 21:21:42.676 18171 18231 I art     : Starting a blocking GC Explicit
08-04 21:21:42.698 18171 18231 I art     : Explicit concurrent mark sweep GC freed 1463(87KB) AllocSpace objects, 1(20KB) LOS objects, 23% free, 53MB/69MB, paused 455us total 21.601ms
08-04 21:21:42.707 18171 18231 I art     : Starting a blocking GC Explicit
08-04 21:21:42.726 18171 18231 I art     : Explicit concurrent mark sweep GC freed 4698(269KB) AllocSpace objects, 2(140KB) LOS objects, 23% free, 52MB/68MB, paused 452us total 19.171ms
08-04 21:21:42.734 18171 18231 I art     : Starting a blocking GC Explicit
08-04 21:21:42.753 18171 18231 I art     : Explicit concurrent mark sweep GC freed 3(96B) AllocSpace objects, 0(0B) LOS objects, 23% free, 52MB/68MB, paused 454us total 18.663ms
08-04 21:21:42.760 18171 18231 I art     : Starting a blocking GC Explicit
08-04 21:21:42.779 18171 18231 I art     : Explicit concurrent mark sweep GC freed 3(96B) AllocSpace objects, 0(0B) LOS objects, 23% free, 52MB/68MB, paused 442us total 18.840ms
08-04 21:21:42.788 18171 18231 I art     : Starting a blocking GC Explicit
08-04 21:21:42.807 18171 18231 I art     : Explicit concurrent mark sweep GC freed 3(96B) AllocSpace objects, 0(0B) LOS objects, 23% free, 52MB/68MB, paused 506us total 19.102ms
08-04 21:21:43.077 18171 18183 I art     : Starting a blocking GC Explicit
08-04 21:21:43.099 18171 18183 I art     : Explicit concurrent mark sweep GC freed 1344(78KB) AllocSpace objects, 1(20KB) LOS objects, 23% free, 52MB/68MB, paused 452us total 21.701ms
08-04 21:21:43.108 18171 18183 I art     : Starting a blocking GC Explicit
08-04 21:21:43.129 18171 18183 I art     : Explicit concurrent mark sweep GC freed 20(704B) AllocSpace objects, 0(0B) LOS objects, 23% free, 52MB/68MB, paused 464us total 21.602ms
08-04 21:21:43.138 18171 18183 I art     : Starting a blocking GC Explicit
08-04 21:21:43.160 18171 18183 I art     : Explicit concurrent mark sweep GC freed 3(96B) AllocSpace objects, 0(0B) LOS objects, 23% free, 52MB/68MB, paused 520us total 21.335ms
08-04 21:21:43.169 18171 18183 I art     : Starting a blocking GC Explicit
08-04 21:21:43.190 18171 18183 I art     : Explicit concurrent mark sweep GC freed 3(96B) AllocSpace objects, 0(0B) LOS objects, 23% free, 52MB/68MB, paused 448us total 20.912ms
08-04 21:21:43.199 18171 18183 I art     : Starting a blocking GC Explicit
08-04 21:21:43.220 18171 18183 I art     : Explicit concurrent mark sweep GC freed 3(96B) AllocSpace objects, 0(0B) LOS objects, 23% free, 52MB/68MB, paused 467us total 21.177ms
08-04 21:21:43.293 15172 15172 I ServiceManager: Waiting for service AtCmdFwd...
08-04 21:21:43.499 18171 18184 I art     : Starting a blocking GC Explicit
08-04 21:21:43.521 18171 18184 I art     : Explicit concurrent mark sweep GC freed 1343(78KB) AllocSpace objects, 1(20KB) LOS objects, 23% free, 52MB/68MB, paused 521us total 21.505ms
08-04 21:21:43.530 18171 18184 I art     : Starting a blocking GC Explicit
08-04 21:21:43.551 18171 18184 I art     : Explicit concurrent mark sweep GC freed 20(704B) AllocSpace objects, 0(0B) LOS objects, 23% free, 52MB/68MB, paused 463us total 20.817ms
08-04 21:21:43.551 18171 18181 I art     : WaitForGcToComplete blocked for 5.546ms for cause HeapTrim
08-04 21:21:43.559 18171 18184 I art     : Starting a blocking GC Explicit
08-04 21:21:43.580 18171 18184 I art     : Explicit concurrent mark sweep GC freed 3(96B) AllocSpace objects, 0(0B) LOS objects, 23% free, 52MB/68MB, paused 479us total 20.556ms
08-04 21:21:43.589 18171 18184 I art     : Starting a blocking GC Explicit
08-04 21:21:43.609 18171 18184 I art     : Explicit concurrent mark sweep GC freed 3(96B) AllocSpace objects, 0(0B) LOS objects, 23% free, 52MB/68MB, paused 473us total 20.333ms
08-04 21:21:43.618 18171 18184 I art     : Starting a blocking GC Explicit
08-04 21:21:43.638 18171 18184 I art     : Explicit concurrent mark sweep GC freed 3(96B) AllocSpace objects, 0(0B) LOS objects, 23% free, 52MB/68MB, paused 470us total 20.500ms
08-04 21:21:43.890 20733 20733 D AndroidRuntime: >>>>>> START com.android.internal.os.RuntimeInit uid 2000 <<<<<<
08-04 21:21:43.895 20733 20733 D AndroidRuntime: CheckJNI is OFF
08-04 21:21:43.928 20733 20733 D ICU     : No timezone override file found: /data/misc/zoneinfo/current/icu/icu_tzdata.dat
08-04 21:21:43.946 18171 18231 I art     : Starting a blocking GC Explicit
08-04 21:21:43.963 20733 20733 I Radio-JNI: register_android_hardware_Radio DONE
08-04 21:21:43.969 18171 18231 I art     : Explicit concurrent mark sweep GC freed 1358(78KB) AllocSpace objects, 1(20KB) LOS objects, 23% free, 52MB/68MB, paused 495us total 22.238ms
08-04 21:21:43.978 18171 18231 I art     : Starting a blocking GC Explicit
08-04 21:21:43.987 20733 20733 D AndroidRuntime: Calling main entry com.android.commands.input.Input
08-04 21:21:43.988 20733 20733 I Input   : injectKeyEvent: KeyEvent { action=ACTION_DOWN, keyCode=KEYCODE_BACK, scanCode=0, metaState=0, flags=0x0, repeatCount=0, eventTime=739320401, downTime=739320401, deviceId=-1, source=0x101 }
08-04 21:21:43.992 20733 20733 I Input   : injectKeyEvent: KeyEvent { action=ACTION_UP, keyCode=KEYCODE_BACK, scanCode=0, metaState=0, flags=0x0, repeatCount=0, eventTime=739320401, downTime=739320401, deviceId=-1, source=0x101 }
08-04 21:21:43.997 20733 20733 D AndroidRuntime: Shutting down VM
08-04 21:21:43.998 18171 18231 I art     : Explicit concurrent mark sweep GC freed 25(912B) AllocSpace objects, 0(0B) LOS objects, 23% free, 52MB/68MB, paused 520us total 19.629ms
08-04 21:21:44.007 18171 18231 I art     : Starting a blocking GC Explicit
08-04 21:21:44.026 18171 18231 I art     : Explicit concurrent mark sweep GC freed 139(6KB) AllocSpace objects, 0(0B) LOS objects, 23% free, 52MB/68MB, paused 453us total 19.180ms
08-04 21:21:44.034 18171 18231 I art     : Starting a blocking GC Explicit
08-04 21:21:44.053 18171 18231 I art     : Explicit concurrent mark sweep GC freed 10(320B) AllocSpace objects, 0(0B) LOS objects, 23% free, 52MB/68MB, paused 442us total 18.789ms
08-04 21:21:44.061 18171 18231 I art     : Starting a blocking GC Explicit
08-04 21:21:44.076 13866 13866 I GoogleInputMethodServic: GoogleInputMethodService.onFinishInput():3138 
08-04 21:21:44.077 13866 13866 I GoogleInputMethodServic: GoogleInputMethodService.onStartInput():1808 
08-04 21:21:44.085 18171 18231 I art     : Explicit concurrent mark sweep GC freed 55(1824B) AllocSpace objects, 0(0B) LOS objects, 23% free, 52MB/68MB, paused 649us total 23.165ms
08-04 21:21:44.293 15172 15172 I ServiceManager: Waiting for service AtCmdFwd...
08-04 21:21:44.350 18171 18183 I art     : Starting a blocking GC Explicit
08-04 21:21:44.365   380   380 W SurfaceFlinger: couldn't log to binary event log: overflow.
08-04 21:21:44.371 18171 18183 I art     : Explicit concurrent mark sweep GC freed 1447(86KB) AllocSpace objects, 1(20KB) LOS objects, 23% free, 52MB/68MB, paused 423us total 21.436ms
08-04 21:21:44.380 18171 18183 I art     : Starting a blocking GC Explicit
08-04 21:21:44.399 18171 18183 I art     : Explicit concurrent mark sweep GC freed 43(1712B) AllocSpace objects, 0(0B) LOS objects, 23% free, 52MB/68MB, paused 443us total 19.065ms
08-04 21:21:44.407 18171 18183 I art     : Starting a blocking GC Explicit
08-04 21:21:44.425 18171 18183 I art     : Explicit concurrent mark sweep GC freed 2079(122KB) AllocSpace objects, 3(340KB) LOS objects, 23% free, 52MB/68MB, paused 428us total 18.139ms
08-04 21:21:44.435 18171 18183 I art     : Starting a blocking GC Explicit
08-04 21:21:44.453 18171 18183 I art     : Explicit concurrent mark sweep GC freed 3(96B) AllocSpace objects, 0(0B) LOS objects, 23% free, 52MB/68MB, paused 445us total 18.069ms
08-04 21:21:44.461 18171 18183 I art     : Starting a blocking GC Explicit
08-04 21:21:44.479 18171 18183 I art     : Explicit concurrent mark sweep GC freed 3(96B) AllocSpace objects, 0(0B) LOS objects, 23% free, 52MB/68MB, paused 447us total 18.105ms
08-04 21:21:44.763 18171 18231 I art     : Starting a blocking GC Explicit
08-04 21:21:44.782 18171 18231 I art     : Explicit concurrent mark sweep GC freed 1344(78KB) AllocSpace objects, 1(20KB) LOS objects, 23% free, 52MB/68MB, paused 469us total 19.159ms
08-04 21:21:44.790 18171 18231 I art     : Starting a blocking GC Explicit
08-04 21:21:44.809 18171 18231 I art     : Explicit concurrent mark sweep GC freed 20(704B) AllocSpace objects, 0(0B) LOS objects, 23% free, 52MB/68MB, paused 467us total 18.712ms
08-04 21:21:44.817 18171 18231 I art     : Starting a blocking GC Explicit
08-04 21:21:44.836 18171 18231 I art     : Explicit concurrent mark sweep GC freed 3(96B) AllocSpace objects, 0(0B) LOS objects, 23% free, 52MB/68MB, paused 456us total 18.866ms
08-04 21:21:44.844 18171 18231 I art     : Starting a blocking GC Explicit
08-04 21:21:44.864 18171 18231 I art     : Explicit concurrent mark sweep GC freed 3(96B) AllocSpace objects, 0(0B) LOS objects, 23% free, 52MB/68MB, paused 460us total 20.030ms
08-04 21:21:44.872 18171 18231 I art     : Starting a blocking GC Explicit
08-04 21:21:44.892 18171 18231 I art     : Explicit concurrent mark sweep GC freed 3(96B) AllocSpace objects, 0(0B) LOS objects, 23% free, 52MB/68MB, paused 456us total 19.696ms
08-04 21:21:45.177 18171 18184 I art     : Starting a blocking GC Explicit
08-04 21:21:45.204 18171 18184 I art     : Explicit concurrent mark sweep GC freed 1341(78KB) AllocSpace objects, 1(20KB) LOS objects, 23% free, 52MB/68MB, paused 534us total 26.266ms
08-04 21:21:45.216 18171 18184 I art     : Starting a blocking GC Explicit
08-04 21:21:45.238 18171 18184 I art     : Explicit concurrent mark sweep GC freed 20(704B) AllocSpace objects, 0(0B) LOS objects, 23% free, 52MB/68MB, paused 461us total 21.721ms
08-04 21:21:45.246 18171 18184 I art     : Starting a blocking GC Explicit
08-04 21:21:45.267 18171 18184 I art     : Explicit concurrent mark sweep GC freed 3(96B) AllocSpace objects, 0(0B) LOS objects, 23% free, 52MB/68MB, paused 546us total 20.733ms
08-04 21:21:45.275 18171 18184 I art     : Starting a blocking GC Explicit
08-04 21:21:45.294 15172 15172 I ServiceManager: Waiting for service AtCmdFwd...
08-04 21:21:45.295 18171 18184 I art     : Explicit concurrent mark sweep GC freed 3(96B) AllocSpace objects, 0(0B) LOS objects, 23% free, 52MB/68MB, paused 456us total 19.234ms
08-04 21:21:45.303 18171 18184 I art     : Starting a blocking GC Explicit
08-04 21:21:45.323 18171 18184 I art     : Explicit concurrent mark sweep GC freed 3(96B) AllocSpace objects, 0(0B) LOS objects, 23% free, 52MB/68MB, paused 488us total 19.631ms
08-04 21:21:45.599 18171 18434 I art     : Starting a blocking GC Explicit
08-04 21:21:45.620 18171 18434 I art     : Explicit concurrent mark sweep GC freed 1354(78KB) AllocSpace objects, 1(20KB) LOS objects, 23% free, 52MB/68MB, paused 488us total 20.885ms
08-04 21:21:45.629 18171 18434 I art     : Starting a blocking GC Explicit
08-04 21:21:45.650 18171 18434 I art     : Explicit concurrent mark sweep GC freed 34(1136B) AllocSpace objects, 0(0B) LOS objects, 23% free, 52MB/68MB, paused 524us total 20.534ms
08-04 21:21:45.658 20786 20786 D AndroidRuntime: >>>>>> START com.android.internal.os.RuntimeInit uid 2000 <<<<<<
08-04 21:21:45.659 18171 18434 I art     : Starting a blocking GC Explicit
08-04 21:21:45.663 20786 20786 D AndroidRuntime: CheckJNI is OFF
08-04 21:21:45.679 18171 18434 I art     : Explicit concurrent mark sweep GC freed 3(96B) AllocSpace objects, 0(0B) LOS objects, 23% free, 52MB/68MB, paused 487us total 19.984ms
08-04 21:21:45.687 18171 18434 I art     : Starting a blocking GC Explicit
08-04 21:21:45.700 20786 20786 D ICU     : No timezone override file found: /data/misc/zoneinfo/current/icu/icu_tzdata.dat
08-04 21:21:45.707 18171 18434 I art     : Explicit concurrent mark sweep GC freed 3(96B) AllocSpace objects, 0(0B) LOS objects, 23% free, 52MB/68MB, paused 518us total 19.565ms
08-04 21:21:45.715 18171 18434 I art     : Starting a blocking GC Explicit
08-04 21:21:45.736 18171 18434 I art     : Explicit concurrent mark sweep GC freed 3(96B) AllocSpace objects, 0(0B) LOS objects, 23% free, 52MB/68MB, paused 493us total 19.992ms
08-04 21:21:45.736 20786 20786 I Radio-JNI: register_android_hardware_Radio DONE
08-04 21:21:45.759 20786 20786 D AndroidRuntime: Calling main entry com.android.commands.input.Input
08-04 21:21:45.760 20786 20786 I Input   : injectMotionEvent: MotionEvent { action=ACTION_DOWN, actionButton=0, id[0]=0, x[0]=1053.0, y[0]=1173.0, toolType[0]=TOOL_TYPE_UNKNOWN, buttonState=0, metaState=0, flags=0x0, edgeFlags=0x0, pointerCount=1, historySize=0, eventTime=739322173, downTime=739322173, deviceId=0, source=0x1002 }
08-04 21:21:45.765 20786 20786 I Input   : injectMotionEvent: MotionEvent { action=ACTION_UP, actionButton=0, id[0]=0, x[0]=1053.0, y[0]=1173.0, toolType[0]=TOOL_TYPE_UNKNOWN, buttonState=0, metaState=0, flags=0x0, edgeFlags=0x0, pointerCount=1, historySize=0, eventTime=739322173, downTime=739322173, deviceId=0, source=0x1002 }
08-04 21:21:45.766   918  3696 I ActivityManager: START u0 {cmp=baseline.appteam.nith.hillffair/.activities.QuizActivity} from uid 10651 on display 0
08-04 21:21:45.774 20786 20786 D AndroidRuntime: Shutting down VM
08-04 21:21:45.862   918   936 I ActivityManager: Displayed baseline.appteam.nith.hillffair/.activities.QuizActivity: +87ms
08-04 21:21:45.862 13866 13866 I GoogleInputMethodServic: GoogleInputMethodService.onFinishInput():3138 
08-04 21:21:45.863 13866 13866 I GoogleInputMethodServic: GoogleInputMethodService.onStartInput():1808 
08-04 21:21:45.993 18171 18434 I art     : Starting a blocking GC Explicit
08-04 21:21:46.023 18171 18434 I art     : Explicit concurrent mark sweep GC freed 2155(133KB) AllocSpace objects, 1(20KB) LOS objects, 23% free, 52MB/68MB, paused 610us total 29.366ms
08-04 21:21:46.035 18171 18434 I art     : Starting a blocking GC Explicit
08-04 21:21:46.064 18171 18434 I art     : Explicit concurrent mark sweep GC freed 187(8KB) AllocSpace objects, 0(0B) LOS objects, 23% free, 52MB/68MB, paused 580us total 28.954ms
08-04 21:21:46.077 18171 18434 I art     : Starting a blocking GC Explicit
08-04 21:21:46.105 18171 18434 I art     : Explicit concurrent mark sweep GC freed 3(96B) AllocSpace objects, 0(0B) LOS objects, 23% free, 52MB/68MB, paused 473us total 27.450ms
08-04 21:21:46.114 18171 18434 I art     : Starting a blocking GC Explicit
08-04 21:21:46.118   380   380 W SurfaceFlinger: couldn't log to binary event log: overflow.
08-04 21:21:46.137 18171 18434 I art     : Explicit concurrent mark sweep GC freed 3(96B) AllocSpace objects, 0(0B) LOS objects, 23% free, 52MB/68MB, paused 496us total 22.338ms
08-04 21:21:46.145 18171 18434 I art     : Starting a blocking GC Explicit
08-04 21:21:46.163 18171 18434 I art     : Explicit concurrent mark sweep GC freed 3(96B) AllocSpace objects, 0(0B) LOS objects, 23% free, 52MB/68MB, paused 439us total 17.790ms
08-04 21:21:46.294 15172 15172 W Atfwd_Sendcmd: AtCmdFwd service not published, waiting... retryCnt : 5
08-04 21:21:46.442 18171 18434 I art     : Starting a blocking GC Explicit
08-04 21:21:46.469 18171 18434 I art     : Explicit concurrent mark sweep GC freed 1413(82KB) AllocSpace objects, 1(20KB) LOS objects, 23% free, 52MB/68MB, paused 496us total 27.254ms
08-04 21:21:46.481 18171 18434 I art     : Starting a blocking GC Explicit
08-04 21:21:46.508 18171 18434 I art     : Explicit concurrent mark sweep GC freed 20(704B) AllocSpace objects, 0(0B) LOS objects, 23% free, 52MB/68MB, paused 522us total 26.630ms
08-04 21:21:46.520 18171 18434 I art     : Starting a blocking GC Explicit
08-04 21:21:46.542 18171 18434 I art     : Explicit concurrent mark sweep GC freed 3(96B) AllocSpace objects, 0(0B) LOS objects, 23% free, 52MB/68MB, paused 453us total 22.077ms
08-04 21:21:46.551 18171 18434 I art     : Starting a blocking GC Explicit
08-04 21:21:46.573 18171 18434 I art     : Explicit concurrent mark sweep GC freed 3(96B) AllocSpace objects, 0(0B) LOS objects, 23% free, 52MB/68MB, paused 449us total 21.842ms
08-04 21:21:46.582 18171 18434 I art     : Starting a blocking GC Explicit
08-04 21:21:46.604 18171 18434 I art     : Explicit concurrent mark sweep GC freed 3(96B) AllocSpace objects, 0(0B) LOS objects, 23% free, 52MB/68MB, paused 501us total 21.488ms
08-04 21:21:46.905 18171 18231 I art     : Starting a blocking GC Explicit
08-04 21:21:46.934 18171 18231 I art     : Explicit concurrent mark sweep GC freed 1343(78KB) AllocSpace objects, 1(20KB) LOS objects, 23% free, 52MB/68MB, paused 505us total 29.558ms
08-04 21:21:46.946 18171 18231 I art     : Starting a blocking GC Explicit
08-04 21:21:46.968 18171 18231 I art     : Explicit concurrent mark sweep GC freed 20(704B) AllocSpace objects, 0(0B) LOS objects, 23% free, 52MB/68MB, paused 494us total 21.867ms
08-04 21:21:46.977 18171 18231 I art     : Starting a blocking GC Explicit
08-04 21:21:46.998 18171 18231 I art     : Explicit concurrent mark sweep GC freed 3(96B) AllocSpace objects, 0(0B) LOS objects, 23% free, 52MB/68MB, paused 463us total 21.349ms
08-04 21:21:47.007 18171 18231 I art     : Starting a blocking GC Explicit
08-04 21:21:47.029 18171 18231 I art     : Explicit concurrent mark sweep GC freed 3(96B) AllocSpace objects, 0(0B) LOS objects, 23% free, 52MB/68MB, paused 459us total 21.415ms
08-04 21:21:47.038 18171 18231 I art     : Starting a blocking GC Explicit
08-04 21:21:47.059 18171 18231 I art     : Explicit concurrent mark sweep GC freed 3(96B) AllocSpace objects, 0(0B) LOS objects, 23% free, 52MB/68MB, paused 461us total 21.193ms
08-04 21:21:47.343 18171 18184 I art     : Starting a blocking GC Explicit
08-04 21:21:47.370 18171 18184 I art     : Explicit concurrent mark sweep GC freed 1343(78KB) AllocSpace objects, 1(20KB) LOS objects, 23% free, 52MB/68MB, paused 497us total 26.878ms
08-04 21:21:47.382 18171 18184 I art     : Starting a blocking GC Explicit
08-04 21:21:47.405 18171 18184 I art     : Explicit concurrent mark sweep GC freed 20(704B) AllocSpace objects, 0(0B) LOS objects, 23% free, 52MB/68MB, paused 476us total 22.299ms
08-04 21:21:47.414 18171 18184 I art     : Starting a blocking GC Explicit
08-04 21:21:47.440 18171 18184 I art     : Explicit concurrent mark sweep GC freed 6(192B) AllocSpace objects, 0(0B) LOS objects, 23% free, 52MB/68MB, paused 548us total 26.629ms
08-04 21:21:47.451 18171 18184 I art     : Starting a blocking GC Explicit
08-04 21:21:47.474 18171 18184 I art     : Explicit concurrent mark sweep GC freed 7(224B) AllocSpace objects, 0(0B) LOS objects, 23% free, 52MB/68MB, paused 440us total 22.702ms
08-04 21:21:47.483 18171 18184 I art     : Starting a blocking GC Explicit
08-04 21:21:47.503 18171 18184 I art     : Explicit concurrent mark sweep GC freed 7(224B) AllocSpace objects, 0(0B) LOS objects, 23% free, 52MB/68MB, paused 532us total 19.998ms
08-04 21:21:47.827 18171 18434 I art     : Starting a blocking GC Explicit
08-04 21:21:47.850 18171 18434 I art     : Explicit concurrent mark sweep GC freed 1362(78KB) AllocSpace objects, 1(20KB) LOS objects, 23% free, 52MB/68MB, paused 461us total 22.633ms
08-04 21:21:47.861 18171 18434 I art     : Starting a blocking GC Explicit
08-04 21:21:47.882 18171 18434 I art     : Explicit concurrent mark sweep GC freed 20(704B) AllocSpace objects, 0(0B) LOS objects, 23% free, 52MB/68MB, paused 444us total 19.854ms
08-04 21:21:47.889 18171 18434 I art     : Starting a blocking GC Explicit
08-04 21:21:47.908 18171 18434 I art     : Explicit concurrent mark sweep GC freed 3(96B) AllocSpace objects, 0(0B) LOS objects, 23% free, 52MB/68MB, paused 422us total 18.607ms
08-04 21:21:47.916 18171 18434 I art     : Starting a blocking GC Explicit
08-04 21:21:47.935 18171 18434 I art     : Explicit concurrent mark sweep GC freed 3(96B) AllocSpace objects, 0(0B) LOS objects, 23% free, 52MB/68MB, paused 438us total 18.479ms
08-04 21:21:47.942 18171 18434 I art     : Starting a blocking GC Explicit
08-04 21:21:47.961 18171 18434 I art     : Explicit concurrent mark sweep GC freed 3(96B) AllocSpace objects, 0(0B) LOS objects, 23% free, 52MB/68MB, paused 428us total 18.584ms
08-04 21:21:48.205 18171 18231 I art     : Starting a blocking GC Explicit
08-04 21:21:48.225 18171 18231 I art     : Explicit concurrent mark sweep GC freed 1343(78KB) AllocSpace objects, 1(20KB) LOS objects, 23% free, 52MB/68MB, paused 450us total 19.481ms
08-04 21:21:48.233 18171 18231 I art     : Starting a blocking GC Explicit
08-04 21:21:48.252 18171 18231 I art     : Explicit concurrent mark sweep GC freed 20(704B) AllocSpace objects, 0(0B) LOS objects, 23% free, 52MB/68MB, paused 447us total 18.802ms
08-04 21:21:48.260 18171 18231 I art     : Starting a blocking GC Explicit
08-04 21:21:48.280 18171 18231 I art     : Explicit concurrent mark sweep GC freed 3(96B) AllocSpace objects, 0(0B) LOS objects, 23% free, 52MB/68MB, paused 453us total 20.216ms
08-04 21:21:48.289 18171 18231 I art     : Starting a blocking GC Explicit
08-04 21:21:48.309 18171 18231 I art     : Explicit concurrent mark sweep GC freed 3(96B) AllocSpace objects, 0(0B) LOS objects, 23% free, 52MB/68MB, paused 464us total 20.323ms
08-04 21:21:48.318 18171 18231 I art     : Starting a blocking GC Explicit
08-04 21:21:48.338 18171 18231 I art     : Explicit concurrent mark sweep GC freed 3(96B) AllocSpace objects, 0(0B) LOS objects, 23% free, 52MB/68MB, paused 470us total 19.886ms
08-04 21:21:48.431 20860 20860 D AndroidRuntime: >>>>>> START com.android.internal.os.RuntimeInit uid 2000 <<<<<<
08-04 21:21:48.436 20860 20860 D AndroidRuntime: CheckJNI is OFF
08-04 21:21:48.470 20860 20860 D ICU     : No timezone override file found: /data/misc/zoneinfo/current/icu/icu_tzdata.dat
08-04 21:21:48.503 20860 20860 I Radio-JNI: register_android_hardware_Radio DONE
08-04 21:21:48.525 20860 20860 D AndroidRuntime: Calling main entry com.android.commands.input.Input
08-04 21:21:48.527 20860 20860 I Input   : injectMotionEvent: MotionEvent { action=ACTION_DOWN, actionButton=0, id[0]=0, x[0]=756.0, y[0]=1530.0, toolType[0]=TOOL_TYPE_UNKNOWN, buttonState=0, metaState=0, flags=0x0, edgeFlags=0x0, pointerCount=1, historySize=0, eventTime=739324940, downTime=739324940, deviceId=0, source=0x1002 }
08-04 21:21:48.533 20860 20860 I Input   : injectMotionEvent: MotionEvent { action=ACTION_UP, actionButton=0, id[0]=0, x[0]=756.0, y[0]=1530.0, toolType[0]=TOOL_TYPE_UNKNOWN, buttonState=0, metaState=0, flags=0x0, edgeFlags=0x0, pointerCount=1, historySize=0, eventTime=739324940, downTime=739324940, deviceId=0, source=0x1002 }
08-04 21:21:48.539 20860 20860 D AndroidRuntime: Shutting down VM
08-04 21:21:48.556   918  3670 I ActivityManager: START u0 {cmp=baseline.appteam.nith.hillffair/.activities.LeaderBoardActivity} from uid 10651 on display 0
08-04 21:21:48.557   512  2967 D audio_hw_primary: out_set_parameters: enter: usecase(1: low-latency-playback) kvpairs: routing=2
08-04 21:21:48.570   512  2967 D audio_hw_primary: select_devices: out_snd_device(2: speaker) in_snd_device(0: none)
08-04 21:21:48.570   512  2967 D msm8974_platform: platform_send_audio_calibration: sending audio calibration for snd_device(2) acdb_id(15)
08-04 21:21:48.570   512  2967 I soundtrigger: audio_extn_sound_trigger_update_device_status: device 0x2 of type 0 for Event 1
08-04 21:21:48.580   512  2967 D audio_hw_primary: enable_snd_device: snd_device(2: speaker)
08-04 21:21:48.582   512  2967 D audio_hw_primary: enable_audio_route: apply and update mixer path: low-latency-playback speaker
08-04 21:21:48.627 18171 18231 I art     : Starting a blocking GC Explicit
08-04 21:21:48.645 18171 18171 E RecyclerView: No adapter attached; skipping layout
08-04 21:21:48.647 18171 18171 E RecyclerView: No adapter attached; skipping layout
08-04 21:21:48.650 18171 18231 I art     : Explicit concurrent mark sweep GC freed 6458(392KB) AllocSpace objects, 1(20KB) LOS objects, 23% free, 52MB/68MB, paused 793us total 23.109ms
08-04 21:21:48.659 18171 18231 I art     : Starting a blocking GC Explicit
08-04 21:21:48.665   918   936 I ActivityManager: Displayed baseline.appteam.nith.hillffair/.activities.LeaderBoardActivity: +99ms
08-04 21:21:48.668 13866 13866 I GoogleInputMethodServic: GoogleInputMethodService.onFinishInput():3138 
08-04 21:21:48.669 18171 18171 E RecyclerView: No adapter attached; skipping layout
08-04 21:21:48.670 13866 13866 I GoogleInputMethodServic: GoogleInputMethodService.onStartInput():1808 
08-04 21:21:48.683 18171 18231 I art     : Explicit concurrent mark sweep GC freed 422(20KB) AllocSpace objects, 0(0B) LOS objects, 23% free, 52MB/68MB, paused 513us total 23.677ms
08-04 21:21:48.688 18171 18200 D OpenGLRenderer: endAllStagingAnimators on 0x7f7d9bac00 (RippleDrawable) with handle 0x7f7f2110c0
08-04 21:21:48.691 18171 18231 I art     : Starting a blocking GC Explicit
08-04 21:21:48.711 18171 18231 I art     : Explicit concurrent mark sweep GC freed 28(1184B) AllocSpace objects, 0(0B) LOS objects, 23% free, 52MB/68MB, paused 504us total 19.796ms
08-04 21:21:48.720 18171 18231 I art     : Starting a blocking GC Explicit
08-04 21:21:48.739 18171 18231 I art     : Explicit concurrent mark sweep GC freed 24(880B) AllocSpace objects, 0(0B) LOS objects, 23% free, 52MB/68MB, paused 458us total 19.325ms
08-04 21:21:48.748 18171 18231 I art     : Starting a blocking GC Explicit
08-04 21:21:48.768 18171 18231 I art     : Explicit concurrent mark sweep GC freed 14(528B) AllocSpace objects, 0(0B) LOS objects, 23% free, 52MB/68MB, paused 477us total 19.319ms
08-04 21:21:48.920   380   380 W SurfaceFlinger: couldn't log to binary event log: overflow.
08-04 21:21:49.019 18171 18184 I art     : Starting a blocking GC Explicit
08-04 21:21:49.040 18171 18184 I art     : Explicit concurrent mark sweep GC freed 1362(78KB) AllocSpace objects, 1(20KB) LOS objects, 23% free, 52MB/68MB, paused 460us total 20.914ms
08-04 21:21:49.048 18171 18184 I art     : Starting a blocking GC Explicit
08-04 21:21:49.071 18171 18184 I art     : Explicit concurrent mark sweep GC freed 97(5KB) AllocSpace objects, 0(0B) LOS objects, 23% free, 52MB/68MB, paused 551us total 22.010ms
08-04 21:21:49.080 18171 18184 I art     : Starting a blocking GC Explicit
08-04 21:21:49.101 18171 18184 I art     : Explicit concurrent mark sweep GC freed 80(3KB) AllocSpace objects, 0(0B) LOS objects, 23% free, 52MB/68MB, paused 485us total 20.842ms
08-04 21:21:49.109 18171 18184 I art     : Starting a blocking GC Explicit
08-04 21:21:49.118   512  2967 D audio_hw_primary: disable_audio_route: reset and update mixer path: low-latency-playback speaker
08-04 21:21:49.120   512  2967 D audio_hw_primary: disable_snd_device: snd_device(2: speaker)
08-04 21:21:49.128   512  2967 I soundtrigger: audio_extn_sound_trigger_update_device_status: device 0x2 of type 0 for Event 0
08-04 21:21:49.128 18171 18184 I art     : Explicit concurrent mark sweep GC freed 21(736B) AllocSpace objects, 0(0B) LOS objects, 23% free, 52MB/68MB, paused 495us total 19.280ms
08-04 21:21:49.136 18171 18184 I art     : Starting a blocking GC Explicit
08-04 21:21:49.157 18171 18184 I art     : Explicit concurrent mark sweep GC freed 12(432B) AllocSpace objects, 0(0B) LOS objects, 23% free, 52MB/68MB, paused 466us total 19.980ms
08-04 21:21:49.410 18171 20893 D OkHttp  : --> GET https://api-hillfair-2k16.herokuapp.com/api/app/quiz/leaderboard?from=1 http/1.1
08-04 21:21:49.439 18171 20893 D OkHttp  : <-- 200 OK https://api-hillfair-2k16.herokuapp.com/api/app/quiz/leaderboard?from=1 (29ms, 56744-byte body)
08-04 21:21:49.445 18171 18183 I art     : Starting a blocking GC Explicit
08-04 21:21:49.468 18171 18183 I art     : Explicit concurrent mark sweep GC freed 5492(300KB) AllocSpace objects, 4(220KB) LOS objects, 23% free, 53MB/69MB, paused 675us total 23.181ms
08-04 21:21:49.477 18171 18183 I art     : Starting a blocking GC Explicit
08-04 21:21:49.500 18171 18183 I art     : Explicit concurrent mark sweep GC freed 13667(698KB) AllocSpace objects, 0(0B) LOS objects, 23% free, 53MB/69MB, paused 604us total 22.971ms
08-04 21:21:49.508 18171 18183 I art     : Starting a blocking GC Explicit
08-04 21:21:49.522 18171 18171 I NAPPA_EXPERIMENTATION: MetricNetworkRequestExecutionTime: REQUEST_DURATION_SYSTEM='926',REQUEST_DURATION_OKHTTP='29',REQUEST_SYNCHRONOUS='FALSE',RESPONSE_CODE='200',RESPONSE_METHOD='GET',RESPONSE_LENGTH_OKHTTP='56744',RESPONSE_LENGTH_HEADER='56744',REQUEST_PROTOCOL='http/1.1',REQUEST_URL='https://api-hillfair-2k16.herokuapp.com/api/app/quiz/leaderboard?from=1',
08-04 21:21:49.529 18171 18183 I art     : Explicit concurrent mark sweep GC freed 10756(492KB) AllocSpace objects, 0(0B) LOS objects, 23% free, 53MB/69MB, paused 489us total 20.656ms
08-04 21:21:49.538 18171 18183 I art     : Starting a blocking GC Explicit
08-04 21:21:49.559 18171 18183 I art     : Explicit concurrent mark sweep GC freed 809(50KB) AllocSpace objects, 0(0B) LOS objects, 23% free, 53MB/69MB, paused 783us total 20.710ms
08-04 21:21:49.567 18171 18183 I art     : Starting a blocking GC Explicit
08-04 21:21:49.588 18171 18183 I art     : Explicit concurrent mark sweep GC freed 631(24KB) AllocSpace objects, 0(0B) LOS objects, 23% free, 53MB/69MB, paused 485us total 21.016ms
08-04 21:21:49.874 18171 18434 I art     : Starting a blocking GC Explicit
08-04 21:21:49.909 18171 18434 I art     : Explicit concurrent mark sweep GC freed 1427(80KB) AllocSpace objects, 1(20KB) LOS objects, 23% free, 53MB/69MB, paused 502us total 35.357ms
08-04 21:21:49.923 18171 18434 I art     : Starting a blocking GC Explicit
08-04 21:21:49.946 18171 18434 I art     : Explicit concurrent mark sweep GC freed 22(800B) AllocSpace objects, 0(0B) LOS objects, 23% free, 53MB/69MB, paused 461us total 22.757ms
08-04 21:21:49.955 18171 18434 I art     : Starting a blocking GC Explicit
08-04 21:21:49.978 18171 18434 I art     : Explicit concurrent mark sweep GC freed 3(96B) AllocSpace objects, 0(0B) LOS objects, 23% free, 53MB/69MB, paused 474us total 23.289ms
08-04 21:21:49.987 18171 18434 I art     : Starting a blocking GC Explicit
08-04 21:21:50.011 18171 18434 I art     : Explicit concurrent mark sweep GC freed 3(96B) AllocSpace objects, 0(0B) LOS objects, 23% free, 53MB/69MB, paused 450us total 23.255ms
08-04 21:21:50.020 18171 18434 I art     : Starting a blocking GC Explicit
08-04 21:21:50.044 18171 18434 I art     : Explicit concurrent mark sweep GC freed 3(96B) AllocSpace objects, 0(0B) LOS objects, 23% free, 53MB/69MB, paused 478us total 23.759ms
08-04 21:21:50.365 18171 18184 I art     : Starting a blocking GC Explicit
08-04 21:21:50.398 18171 18184 I art     : Explicit concurrent mark sweep GC freed 1344(78KB) AllocSpace objects, 1(20KB) LOS objects, 23% free, 53MB/69MB, paused 617us total 32.616ms
08-04 21:21:50.410 18171 18184 I art     : Starting a blocking GC Explicit
08-04 21:21:50.434 18171 18184 I art     : Explicit concurrent mark sweep GC freed 20(704B) AllocSpace objects, 0(0B) LOS objects, 23% free, 53MB/69MB, paused 470us total 23.337ms
08-04 21:21:50.443 18171 18184 I art     : Starting a blocking GC Explicit
08-04 21:21:50.467 18171 18184 I art     : Explicit concurrent mark sweep GC freed 3(96B) AllocSpace objects, 0(0B) LOS objects, 23% free, 53MB/69MB, paused 531us total 23.574ms
08-04 21:21:50.476 18171 18184 I art     : Starting a blocking GC Explicit
08-04 21:21:50.500 18171 18184 I art     : Explicit concurrent mark sweep GC freed 3(96B) AllocSpace objects, 0(0B) LOS objects, 23% free, 53MB/69MB, paused 468us total 23.542ms
08-04 21:21:50.509 18171 18184 I art     : Starting a blocking GC Explicit
08-04 21:21:50.533 18171 18184 I art     : Explicit concurrent mark sweep GC freed 3(96B) AllocSpace objects, 0(0B) LOS objects, 23% free, 53MB/69MB, paused 489us total 23.486ms
08-04 21:21:50.851 18171 18183 I art     : Starting a blocking GC Explicit
08-04 21:21:50.881 18171 18183 I art     : Explicit concurrent mark sweep GC freed 1344(78KB) AllocSpace objects, 1(20KB) LOS objects, 23% free, 53MB/69MB, paused 524us total 29.265ms
08-04 21:21:50.892 18171 18183 I art     : Starting a blocking GC Explicit
08-04 21:21:50.915 18171 18183 I art     : Explicit concurrent mark sweep GC freed 20(704B) AllocSpace objects, 0(0B) LOS objects, 23% free, 53MB/69MB, paused 495us total 23.228ms
08-04 21:21:50.924 18171 18183 I art     : Starting a blocking GC Explicit
08-04 21:21:50.948 18171 18183 I art     : Explicit concurrent mark sweep GC freed 3(96B) AllocSpace objects, 0(0B) LOS objects, 23% free, 53MB/69MB, paused 493us total 23.504ms
08-04 21:21:50.957 18171 18183 I art     : Starting a blocking GC Explicit
08-04 21:21:50.981 18171 18183 I art     : Explicit concurrent mark sweep GC freed 3(96B) AllocSpace objects, 0(0B) LOS objects, 23% free, 53MB/69MB, paused 465us total 23.835ms
08-04 21:21:50.991 18171 18183 I art     : Starting a blocking GC Explicit
08-04 21:21:51.015 18171 18183 I art     : Explicit concurrent mark sweep GC freed 3(96B) AllocSpace objects, 0(0B) LOS objects, 23% free, 53MB/69MB, paused 470us total 24.193ms
08-04 21:21:51.242 18171 20945 W OneSignal: OneSignalRestClient: POST Error thrown from network stack. 
08-04 21:21:51.242 18171 20945 W OneSignal: java.io.IOException: unexpected end of stream on Connection{api.onesignal.com:443, proxy=HTTP@192.168.2.12:8080 hostAddress=192.168.2.12 cipherSuite=TLS_ECDHE_RSA_WITH_AES_128_GCM_SHA256 protocol=http/1.1} (recycle count=0)
08-04 21:21:51.242 18171 20945 W OneSignal: 	at com.android.okhttp.internal.http.HttpConnection.readResponse(HttpConnection.java:210)
08-04 21:21:51.242 18171 20945 W OneSignal: 	at com.android.okhttp.internal.http.HttpTransport.readResponseHeaders(HttpTransport.java:80)
08-04 21:21:51.242 18171 20945 W OneSignal: 	at com.android.okhttp.internal.http.HttpEngine.readNetworkResponse(HttpEngine.java:904)
08-04 21:21:51.242 18171 20945 W OneSignal: 	at com.android.okhttp.internal.http.HttpEngine.readResponse(HttpEngine.java:788)
08-04 21:21:51.242 18171 20945 W OneSignal: 	at com.android.okhttp.internal.huc.HttpURLConnectionImpl.execute(HttpURLConnectionImpl.java:439)
08-04 21:21:51.242 18171 20945 W OneSignal: 	at com.android.okhttp.internal.huc.HttpURLConnectionImpl.getResponse(HttpURLConnectionImpl.java:384)
08-04 21:21:51.242 18171 20945 W OneSignal: 	at com.android.okhttp.internal.huc.HttpURLConnectionImpl.getResponseCode(HttpURLConnectionImpl.java:497)
08-04 21:21:51.242 18171 20945 W OneSignal: 	at com.android.okhttp.internal.huc.DelegatingHttpsURLConnection.getResponseCode(DelegatingHttpsURLConnection.java:105)
08-04 21:21:51.242 18171 20945 W OneSignal: 	at com.android.okhttp.internal.huc.HttpsURLConnectionImpl.getResponseCode(HttpsURLConnectionImpl.java)
08-04 21:21:51.242 18171 20945 W OneSignal: 	at com.onesignal.OneSignalRestClient.startHTTPConnection(OneSignalRestClient.java:180)
08-04 21:21:51.242 18171 20945 W OneSignal: 	at com.onesignal.OneSignalRestClient.access$100(OneSignalRestClient.java:44)
08-04 21:21:51.242 18171 20945 W OneSignal: 	at com.onesignal.OneSignalRestClient$4.run(OneSignalRestClient.java:110)
08-04 21:21:51.242 18171 20945 W OneSignal: 	at java.lang.Thread.run(Thread.java:818)
08-04 21:21:51.242 18171 20945 W OneSignal: Caused by: java.io.EOFException: \n not found: size=0 content=...
08-04 21:21:51.242 18171 20945 W OneSignal: 	at com.android.okhttp.okio.RealBufferedSource.readUtf8LineStrict(RealBufferedSource.java:200)
08-04 21:21:51.242 18171 20945 W OneSignal: 	at com.android.okhttp.internal.http.HttpConnection.readResponse(HttpConnection.java:191)
08-04 21:21:51.242 18171 20945 W OneSignal: 	... 12 more
08-04 21:21:51.243 18171 20956 W OneSignal: Failed last request. statusCode: -1
08-04 21:21:51.243 18171 20956 W OneSignal: response: null
08-04 21:21:51.326 18171 18231 I art     : Starting a blocking GC Explicit
08-04 21:21:51.345   918  1209 D NetworkMonitor/NetworkAgentInfo [WIFI () - 159]: Checking http://connectivitycheck.gstatic.com/generate_204 on "H369AA63323", 192.168.2.12=192.168.2.12
08-04 21:21:51.360 18171 18231 I art     : Explicit concurrent mark sweep GC freed 3899(242KB) AllocSpace objects, 1(20KB) LOS objects, 23% free, 53MB/69MB, paused 519us total 34.585ms
08-04 21:21:51.373 18171 18231 I art     : Starting a blocking GC Explicit
08-04 21:21:51.377   918  1209 D NetworkMonitor/NetworkAgentInfo [WIFI () - 159]: Probably not a portal: exception java.io.IOException: unexpected end of stream on Connection{connectivitycheck.gstatic.com:80, proxy=HTTP@/192.168.2.12:8080 hostAddress=192.168.2.12 cipherSuite=none protocol=http/1.1} (recycle count=0)
08-04 21:21:51.378   918  3263 D ConnectivityService: NetworkAgentInfo [WIFI () - 159] validation failed
08-04 21:21:51.378   918  3261 E WifiConfigStore:  rewrite network history for "H369AA63323"WPA_PSK
08-04 21:21:51.396 18171 18231 I art     : Explicit concurrent mark sweep GC freed 96(3KB) AllocSpace objects, 0(0B) LOS objects, 23% free, 53MB/69MB, paused 487us total 22.972ms
08-04 21:21:51.405 18171 18231 I art     : Starting a blocking GC Explicit
08-04 21:21:51.429 18171 18231 I art     : Explicit concurrent mark sweep GC freed 3(96B) AllocSpace objects, 0(0B) LOS objects, 23% free, 53MB/69MB, paused 461us total 23.277ms
08-04 21:21:51.438 18171 18231 I art     : Starting a blocking GC Explicit
08-04 21:21:51.461 18171 18231 I art     : Explicit concurrent mark sweep GC freed 3(96B) AllocSpace objects, 0(0B) LOS objects, 23% free, 53MB/69MB, paused 472us total 23.382ms
08-04 21:21:51.470 18171 18231 I art     : Starting a blocking GC Explicit
08-04 21:21:51.494 18171 18231 I art     : Explicit concurrent mark sweep GC freed 3(96B) AllocSpace objects, 0(0B) LOS objects, 23% free, 53MB/69MB, paused 430us total 23.299ms
08-04 21:21:51.834 18171 18434 I art     : Starting a blocking GC Explicit
08-04 21:21:51.868 18171 18434 I art     : Explicit concurrent mark sweep GC freed 1344(78KB) AllocSpace objects, 1(20KB) LOS objects, 23% free, 53MB/69MB, paused 542us total 33.766ms
08-04 21:21:51.882 18171 18434 I art     : Starting a blocking GC Explicit
08-04 21:21:51.907 18171 18434 I art     : Explicit concurrent mark sweep GC freed 20(704B) AllocSpace objects, 0(0B) LOS objects, 23% free, 53MB/69MB, paused 480us total 24.563ms
08-04 21:21:51.916 18171 18434 I art     : Starting a blocking GC Explicit
08-04 21:21:51.939 18171 18434 I art     : Explicit concurrent mark sweep GC freed 6(192B) AllocSpace objects, 0(0B) LOS objects, 23% free, 53MB/69MB, paused 437us total 22.971ms
08-04 21:21:51.948 18171 18434 I art     : Starting a blocking GC Explicit
08-04 21:21:51.972 18171 18434 I art     : Explicit concurrent mark sweep GC freed 13(608B) AllocSpace objects, 0(0B) LOS objects, 23% free, 53MB/69MB, paused 457us total 23.411ms
08-04 21:21:51.981 18171 18434 I art     : Starting a blocking GC Explicit
08-04 21:21:52.004 18171 18434 I art     : Explicit concurrent mark sweep GC freed 17(528B) AllocSpace objects, 0(0B) LOS objects, 23% free, 53MB/69MB, paused 463us total 22.804ms
08-04 21:21:52.341 18171 18184 I art     : Starting a blocking GC Explicit
08-04 21:21:52.371 18171 18184 I art     : Explicit concurrent mark sweep GC freed 1344(78KB) AllocSpace objects, 1(20KB) LOS objects, 23% free, 53MB/69MB, paused 491us total 29.422ms
08-04 21:21:52.384 18171 18184 I art     : Starting a blocking GC Explicit
08-04 21:21:52.408 18171 18184 I art     : Explicit concurrent mark sweep GC freed 20(704B) AllocSpace objects, 0(0B) LOS objects, 23% free, 53MB/69MB, paused 481us total 23.973ms
08-04 21:21:52.417 18171 18184 I art     : Starting a blocking GC Explicit
08-04 21:21:52.441 18171 18184 I art     : Explicit concurrent mark sweep GC freed 3(96B) AllocSpace objects, 0(0B) LOS objects, 23% free, 53MB/69MB, paused 465us total 23.825ms
08-04 21:21:52.451 18171 18184 I art     : Starting a blocking GC Explicit
08-04 21:21:52.475 18171 18184 I art     : Explicit concurrent mark sweep GC freed 3(96B) AllocSpace objects, 0(0B) LOS objects, 23% free, 53MB/69MB, paused 467us total 24.013ms
08-04 21:21:52.484 18171 18184 I art     : Starting a blocking GC Explicit
08-04 21:21:52.508 18171 18184 I art     : Explicit concurrent mark sweep GC freed 3(96B) AllocSpace objects, 0(0B) LOS objects, 23% free, 53MB/69MB, paused 490us total 23.506ms
08-04 21:21:52.845 18171 18183 I art     : Starting a blocking GC Explicit
08-04 21:21:52.869 18171 18183 I art     : Explicit concurrent mark sweep GC freed 1344(78KB) AllocSpace objects, 1(20KB) LOS objects, 23% free, 53MB/69MB, paused 474us total 23.689ms
08-04 21:21:52.878 18171 18183 I art     : Starting a blocking GC Explicit
08-04 21:21:52.902 18171 18183 I art     : Explicit concurrent mark sweep GC freed 20(704B) AllocSpace objects, 0(0B) LOS objects, 23% free, 53MB/69MB, paused 485us total 23.293ms
08-04 21:21:52.910 18171 18183 I art     : Starting a blocking GC Explicit
08-04 21:21:52.932 18171 18183 I art     : Explicit concurrent mark sweep GC freed 3(96B) AllocSpace objects, 0(0B) LOS objects, 23% free, 53MB/69MB, paused 448us total 21.672ms
08-04 21:21:52.941 18171 18183 I art     : Starting a blocking GC Explicit
08-04 21:21:52.963 18171 18183 I art     : Explicit concurrent mark sweep GC freed 3(96B) AllocSpace objects, 0(0B) LOS objects, 23% free, 53MB/69MB, paused 437us total 22.408ms
08-04 21:21:52.972 18171 18183 I art     : Starting a blocking GC Explicit
08-04 21:21:52.995 18171 18183 I art     : Explicit concurrent mark sweep GC freed 3(96B) AllocSpace objects, 0(0B) LOS objects, 23% free, 53MB/69MB, paused 472us total 22.166ms
08-04 21:21:53.194 20988 20988 D AndroidRuntime: >>>>>> START com.android.internal.os.RuntimeInit uid 2000 <<<<<<
08-04 21:21:53.200 20988 20988 D AndroidRuntime: CheckJNI is OFF
08-04 21:21:53.234 20988 20988 D ICU     : No timezone override file found: /data/misc/zoneinfo/current/icu/icu_tzdata.dat
08-04 21:21:53.267 20988 20988 I Radio-JNI: register_android_hardware_Radio DONE
08-04 21:21:53.289 20988 20988 D AndroidRuntime: Calling main entry com.android.commands.input.Input
08-04 21:21:53.291 20988 20988 I Input   : injectKeyEvent: KeyEvent { action=ACTION_DOWN, keyCode=KEYCODE_BACK, scanCode=0, metaState=0, flags=0x0, repeatCount=0, eventTime=739329704, downTime=739329704, deviceId=-1, source=0x101 }
08-04 21:21:53.295 20988 20988 I Input   : injectKeyEvent: KeyEvent { action=ACTION_UP, keyCode=KEYCODE_BACK, scanCode=0, metaState=0, flags=0x0, repeatCount=0, eventTime=739329704, downTime=739329704, deviceId=-1, source=0x101 }
08-04 21:21:53.301 20988 20988 D AndroidRuntime: Shutting down VM
08-04 21:21:53.302 18171 18184 I art     : Starting a blocking GC Explicit
08-04 21:21:53.325 18171 18184 I art     : Explicit concurrent mark sweep GC freed 1446(83KB) AllocSpace objects, 1(20KB) LOS objects, 23% free, 53MB/69MB, paused 454us total 22.732ms
08-04 21:21:53.335 18171 18184 I art     : Starting a blocking GC Explicit
08-04 21:21:53.340 13866 13866 I GoogleInputMethodServic: GoogleInputMethodService.onFinishInput():3138 
08-04 21:21:53.340 13866 13866 I GoogleInputMethodServic: GoogleInputMethodService.onStartInput():1808 
08-04 21:21:53.357 18171 18184 I art     : Explicit concurrent mark sweep GC freed 55(1984B) AllocSpace objects, 0(0B) LOS objects, 23% free, 53MB/69MB, paused 587us total 21.816ms
08-04 21:21:53.368 18171 18184 I art     : Starting a blocking GC Explicit
08-04 21:21:53.388 18171 18184 I art     : Explicit concurrent mark sweep GC freed 10(368B) AllocSpace objects, 0(0B) LOS objects, 23% free, 53MB/69MB, paused 455us total 19.078ms
08-04 21:21:53.395 18171 18184 I art     : Starting a blocking GC Explicit
08-04 21:21:53.415 18171 18184 I art     : Explicit concurrent mark sweep GC freed 3(96B) AllocSpace objects, 0(0B) LOS objects, 23% free, 53MB/69MB, paused 409us total 19.813ms
08-04 21:21:53.424 18171 18184 I art     : Starting a blocking GC Explicit
08-04 21:21:53.444 18171 18184 I art     : Explicit concurrent mark sweep GC freed 3(96B) AllocSpace objects, 0(0B) LOS objects, 23% free, 53MB/69MB, paused 430us total 20.012ms
08-04 21:21:53.641   380   380 W SurfaceFlinger: couldn't log to binary event log: overflow.
08-04 21:21:53.701 18171 18231 I art     : Starting a blocking GC Explicit
08-04 21:21:53.724 18171 18231 I art     : Explicit concurrent mark sweep GC freed 1463(87KB) AllocSpace objects, 1(20KB) LOS objects, 23% free, 53MB/69MB, paused 451us total 22.352ms
08-04 21:21:53.732 18171 18231 I art     : Starting a blocking GC Explicit
08-04 21:21:53.752 18171 18231 I art     : Explicit concurrent mark sweep GC freed 4698(269KB) AllocSpace objects, 2(140KB) LOS objects, 23% free, 52MB/68MB, paused 443us total 20.231ms
08-04 21:21:53.761 18171 18231 I art     : Starting a blocking GC Explicit
08-04 21:21:53.782 18171 18231 I art     : Explicit concurrent mark sweep GC freed 3(96B) AllocSpace objects, 0(0B) LOS objects, 23% free, 52MB/68MB, paused 453us total 20.696ms
08-04 21:21:53.791 18171 18231 I art     : Starting a blocking GC Explicit
08-04 21:21:53.811 18171 18231 I art     : Explicit concurrent mark sweep GC freed 3(96B) AllocSpace objects, 0(0B) LOS objects, 23% free, 52MB/68MB, paused 460us total 20.480ms
08-04 21:21:53.820 18171 18231 I art     : Starting a blocking GC Explicit
08-04 21:21:53.841 18171 18231 I art     : Explicit concurrent mark sweep GC freed 3(96B) AllocSpace objects, 0(0B) LOS objects, 23% free, 52MB/68MB, paused 455us total 21.254ms
08-04 21:21:54.129 18171 18434 I art     : Starting a blocking GC Explicit
08-04 21:21:54.152 18171 18434 I art     : Explicit concurrent mark sweep GC freed 1344(78KB) AllocSpace objects, 1(20KB) LOS objects, 23% free, 52MB/68MB, paused 480us total 23.136ms
08-04 21:21:54.161 18171 18434 I art     : Starting a blocking GC Explicit
08-04 21:21:54.184 18171 18434 I art     : Explicit concurrent mark sweep GC freed 20(704B) AllocSpace objects, 0(0B) LOS objects, 23% free, 52MB/68MB, paused 471us total 22.038ms
08-04 21:21:54.193 18171 18434 I art     : Starting a blocking GC Explicit
08-04 21:21:54.215 18171 18434 I art     : Explicit concurrent mark sweep GC freed 3(96B) AllocSpace objects, 0(0B) LOS objects, 23% free, 52MB/68MB, paused 465us total 22.220ms
08-04 21:21:54.224 18171 18434 I art     : Starting a blocking GC Explicit
08-04 21:21:54.246 18171 18434 I art     : Explicit concurrent mark sweep GC freed 3(96B) AllocSpace objects, 0(0B) LOS objects, 23% free, 52MB/68MB, paused 490us total 22.101ms
08-04 21:21:54.255 18171 18434 I art     : Starting a blocking GC Explicit
08-04 21:21:54.278 18171 18434 I art     : Explicit concurrent mark sweep GC freed 3(96B) AllocSpace objects, 0(0B) LOS objects, 23% free, 52MB/68MB, paused 476us total 22.324ms
08-04 21:21:54.582 18171 18183 I art     : Starting a blocking GC Explicit
08-04 21:21:54.604 18171 18183 I art     : Explicit concurrent mark sweep GC freed 1343(78KB) AllocSpace objects, 1(20KB) LOS objects, 23% free, 52MB/68MB, paused 477us total 22.118ms
08-04 21:21:54.613 18171 18183 I art     : Starting a blocking GC Explicit
08-04 21:21:54.634 18171 18183 I art     : Explicit concurrent mark sweep GC freed 20(704B) AllocSpace objects, 0(0B) LOS objects, 23% free, 52MB/68MB, paused 458us total 20.311ms
08-04 21:21:54.642 18171 18183 I art     : Starting a blocking GC Explicit
08-04 21:21:54.663 18171 18183 I art     : Explicit concurrent mark sweep GC freed 3(96B) AllocSpace objects, 0(0B) LOS objects, 23% free, 52MB/68MB, paused 452us total 20.636ms
08-04 21:21:54.672 18171 18183 I art     : Starting a blocking GC Explicit
08-04 21:21:54.693 18171 18183 I art     : Explicit concurrent mark sweep GC freed 3(96B) AllocSpace objects, 0(0B) LOS objects, 23% free, 52MB/68MB, paused 446us total 20.791ms
08-04 21:21:54.701 18171 18183 I art     : Starting a blocking GC Explicit
08-04 21:21:54.722 18171 18183 I art     : Explicit concurrent mark sweep GC freed 3(96B) AllocSpace objects, 0(0B) LOS objects, 23% free, 52MB/68MB, paused 460us total 20.801ms
08-04 21:21:54.762   918  3261 D WifiStateMachine: starting scan for "H369AA63323"WPA_PSK with 2412,5180
08-04 21:21:54.954 21042 21042 D AndroidRuntime: >>>>>> START com.android.internal.os.RuntimeInit uid 2000 <<<<<<
08-04 21:21:54.959 21042 21042 D AndroidRuntime: CheckJNI is OFF
08-04 21:21:54.991 21042 21042 D ICU     : No timezone override file found: /data/misc/zoneinfo/current/icu/icu_tzdata.dat
08-04 21:21:55.016 18171 18231 I art     : Starting a blocking GC Explicit
08-04 21:21:55.024 21042 21042 I Radio-JNI: register_android_hardware_Radio DONE
08-04 21:21:55.039 18171 18231 I art     : Explicit concurrent mark sweep GC freed 1356(78KB) AllocSpace objects, 1(20KB) LOS objects, 23% free, 52MB/68MB, paused 500us total 23.047ms
08-04 21:21:55.049 18171 18231 I art     : Starting a blocking GC Explicit
08-04 21:21:55.049 21042 21042 D AndroidRuntime: Calling main entry com.android.commands.input.Input
08-04 21:21:55.051 21042 21042 I Input   : injectKeyEvent: KeyEvent { action=ACTION_DOWN, keyCode=KEYCODE_BACK, scanCode=0, metaState=0, flags=0x0, repeatCount=0, eventTime=739331464, downTime=739331464, deviceId=-1, source=0x101 }
08-04 21:21:55.056 21042 21042 I Input   : injectKeyEvent: KeyEvent { action=ACTION_UP, keyCode=KEYCODE_BACK, scanCode=0, metaState=0, flags=0x0, repeatCount=0, eventTime=739331464, downTime=739331464, deviceId=-1, source=0x101 }
08-04 21:21:55.063 21042 21042 D AndroidRuntime: Shutting down VM
08-04 21:21:55.068 18171 18231 I art     : Explicit concurrent mark sweep GC freed 39(1360B) AllocSpace objects, 0(0B) LOS objects, 23% free, 52MB/68MB, paused 498us total 19.530ms
08-04 21:21:55.077 18171 18231 I art     : Starting a blocking GC Explicit
08-04 21:21:55.097 18171 18231 I art     : Explicit concurrent mark sweep GC freed 131(6KB) AllocSpace objects, 0(0B) LOS objects, 23% free, 52MB/68MB, paused 648us total 20.119ms
08-04 21:21:55.105 18171 18231 I art     : Starting a blocking GC Explicit
08-04 21:21:55.125 18171 18231 I art     : Explicit concurrent mark sweep GC freed 5(160B) AllocSpace objects, 0(0B) LOS objects, 23% free, 52MB/68MB, paused 506us total 19.498ms
08-04 21:21:55.133 18171 18231 I art     : Starting a blocking GC Explicit
08-04 21:21:55.135 13866 13866 I GoogleInputMethodServic: GoogleInputMethodService.onFinishInput():3138 
08-04 21:21:55.136 13866 13866 I GoogleInputMethodServic: GoogleInputMethodService.onStartInput():1808 
08-04 21:21:55.154 18171 18231 I art     : Explicit concurrent mark sweep GC freed 56(1984B) AllocSpace objects, 0(0B) LOS objects, 23% free, 52MB/68MB, paused 447us total 19.874ms
08-04 21:21:55.420 18171 18184 I art     : Starting a blocking GC Explicit
08-04 21:21:55.426   380   380 W SurfaceFlinger: couldn't log to binary event log: overflow.
08-04 21:21:55.443 18171 18184 I art     : Explicit concurrent mark sweep GC freed 1463(87KB) AllocSpace objects, 1(20KB) LOS objects, 23% free, 52MB/68MB, paused 503us total 22.151ms
08-04 21:21:55.453 18171 18184 I art     : Starting a blocking GC Explicit
08-04 21:21:55.472 18171 18184 I art     : Explicit concurrent mark sweep GC freed 133(6KB) AllocSpace objects, 0(0B) LOS objects, 23% free, 52MB/68MB, paused 461us total 19.148ms
08-04 21:21:55.480 18171 18184 I art     : Starting a blocking GC Explicit
08-04 21:21:55.500 18171 18184 I art     : Explicit concurrent mark sweep GC freed 1950(115KB) AllocSpace objects, 2(180KB) LOS objects, 23% free, 52MB/68MB, paused 473us total 19.245ms
08-04 21:21:55.508 18171 18184 I art     : Starting a blocking GC Explicit
08-04 21:21:55.528 18171 18184 I art     : Explicit concurrent mark sweep GC freed 3(96B) AllocSpace objects, 0(0B) LOS objects, 23% free, 52MB/68MB, paused 477us total 19.867ms
08-04 21:21:55.536 18171 18184 I art     : Starting a blocking GC Explicit
08-04 21:21:55.557 18171 18184 I art     : Explicit concurrent mark sweep GC freed 3(96B) AllocSpace objects, 0(0B) LOS objects, 23% free, 52MB/68MB, paused 521us total 20.230ms
08-04 21:21:55.838 18171 18434 I art     : Starting a blocking GC Explicit
08-04 21:21:55.870 18171 18434 I art     : Explicit concurrent mark sweep GC freed 1343(78KB) AllocSpace objects, 1(20KB) LOS objects, 23% free, 52MB/68MB, paused 530us total 30.776ms
08-04 21:21:55.882 18171 18434 I art     : Starting a blocking GC Explicit
08-04 21:21:55.906 18171 18434 I art     : Explicit concurrent mark sweep GC freed 20(704B) AllocSpace objects, 0(0B) LOS objects, 23% free, 52MB/68MB, paused 481us total 23.530ms
08-04 21:21:55.914 18171 18434 I art     : Starting a blocking GC Explicit
08-04 21:21:55.936 18171 18434 I art     : Explicit concurrent mark sweep GC freed 3(96B) AllocSpace objects, 0(0B) LOS objects, 23% free, 52MB/68MB, paused 486us total 21.725ms
08-04 21:21:55.945 18171 18434 I art     : Starting a blocking GC Explicit
08-04 21:21:55.966 18171 18434 I art     : Explicit concurrent mark sweep GC freed 3(96B) AllocSpace objects, 0(0B) LOS objects, 23% free, 52MB/68MB, paused 477us total 21.010ms
08-04 21:21:55.975 18171 18434 I art     : Starting a blocking GC Explicit
08-04 21:21:55.996 18171 18434 I art     : Explicit concurrent mark sweep GC freed 3(96B) AllocSpace objects, 0(0B) LOS objects, 23% free, 52MB/68MB, paused 469us total 21.145ms
08-04 21:21:56.280 18171 18183 I art     : Starting a blocking GC Explicit
08-04 21:21:56.301 18171 18183 I art     : Explicit concurrent mark sweep GC freed 1341(78KB) AllocSpace objects, 1(20KB) LOS objects, 23% free, 52MB/68MB, paused 447us total 20.749ms
08-04 21:21:56.310 18171 18183 I art     : Starting a blocking GC Explicit
08-04 21:21:56.329 18171 18183 I art     : Explicit concurrent mark sweep GC freed 20(704B) AllocSpace objects, 0(0B) LOS objects, 23% free, 52MB/68MB, paused 465us total 19.464ms
08-04 21:21:56.338 18171 18183 I art     : Starting a blocking GC Explicit
08-04 21:21:56.357 18171 18183 I art     : Explicit concurrent mark sweep GC freed 3(96B) AllocSpace objects, 0(0B) LOS objects, 23% free, 52MB/68MB, paused 481us total 19.544ms
08-04 21:21:56.365 18171 18183 I art     : Starting a blocking GC Explicit
08-04 21:21:56.385 18171 18183 I art     : Explicit concurrent mark sweep GC freed 3(96B) AllocSpace objects, 0(0B) LOS objects, 23% free, 52MB/68MB, paused 463us total 19.533ms
08-04 21:21:56.393 18171 18183 I art     : Starting a blocking GC Explicit
08-04 21:21:56.413 18171 18183 I art     : Explicit concurrent mark sweep GC freed 3(96B) AllocSpace objects, 0(0B) LOS objects, 23% free, 52MB/68MB, paused 443us total 19.558ms
08-04 21:21:56.676 18171 18231 I art     : Starting a blocking GC Explicit
08-04 21:21:56.697 18171 18231 I art     : Explicit concurrent mark sweep GC freed 1362(79KB) AllocSpace objects, 1(20KB) LOS objects, 23% free, 52MB/68MB, paused 514us total 21.202ms
08-04 21:21:56.706 18171 18231 I art     : Starting a blocking GC Explicit
08-04 21:21:56.711 21095 21095 D AndroidRuntime: >>>>>> START com.android.internal.os.RuntimeInit uid 2000 <<<<<<
08-04 21:21:56.715 21095 21095 D AndroidRuntime: CheckJNI is OFF
08-04 21:21:56.728 18171 18231 I art     : Explicit concurrent mark sweep GC freed 36(1216B) AllocSpace objects, 0(0B) LOS objects, 23% free, 52MB/68MB, paused 517us total 21.046ms
08-04 21:21:56.736 18171 18231 I art     : Starting a blocking GC Explicit
08-04 21:21:56.752 21095 21095 D ICU     : No timezone override file found: /data/misc/zoneinfo/current/icu/icu_tzdata.dat
08-04 21:21:56.756 18171 18231 I art     : Explicit concurrent mark sweep GC freed 3(96B) AllocSpace objects, 0(0B) LOS objects, 23% free, 52MB/68MB, paused 461us total 19.455ms
08-04 21:21:56.764 18171 18231 I art     : Starting a blocking GC Explicit
08-04 21:21:56.784 18171 18231 I art     : Explicit concurrent mark sweep GC freed 3(96B) AllocSpace objects, 0(0B) LOS objects, 23% free, 52MB/68MB, paused 477us total 19.801ms
08-04 21:21:56.788 21095 21095 I Radio-JNI: register_android_hardware_Radio DONE
08-04 21:21:56.793 18171 18231 I art     : Starting a blocking GC Explicit
08-04 21:21:56.810 21095 21095 D AndroidRuntime: Calling main entry com.android.commands.input.Input
08-04 21:21:56.811 21095 21095 I Input   : injectMotionEvent: MotionEvent { action=ACTION_DOWN, actionButton=0, id[0]=0, x[0]=1084.0, y[0]=2213.0, toolType[0]=TOOL_TYPE_UNKNOWN, buttonState=0, metaState=0, flags=0x0, edgeFlags=0x0, pointerCount=1, historySize=0, eventTime=739333224, downTime=739333224, deviceId=0, source=0x1002 }
08-04 21:21:56.812 18171 18231 I art     : Explicit concurrent mark sweep GC freed 3(96B) AllocSpace objects, 0(0B) LOS objects, 23% free, 52MB/68MB, paused 510us total 19.521ms
08-04 21:21:56.818 21095 21095 I Input   : injectMotionEvent: MotionEvent { action=ACTION_UP, actionButton=0, id[0]=0, x[0]=1084.0, y[0]=2213.0, toolType[0]=TOOL_TYPE_UNKNOWN, buttonState=0, metaState=0, flags=0x0, edgeFlags=0x0, pointerCount=1, historySize=0, eventTime=739333224, downTime=739333224, deviceId=0, source=0x1002 }
08-04 21:21:56.820   918   929 I ActivityManager: START u0 {cmp=baseline.appteam.nith.hillffair/.activities.EventActivity} from uid 10651 on display 0
08-04 21:21:56.826 21095 21095 D AndroidRuntime: Shutting down VM
08-04 21:21:56.906 13866 13866 I GoogleInputMethodServic: GoogleInputMethodService.onFinishInput():3138 
08-04 21:21:56.907 13866 13866 I GoogleInputMethodServic: GoogleInputMethodService.onStartInput():1808 
08-04 21:21:56.926   918   936 I ActivityManager: Displayed baseline.appteam.nith.hillffair/.activities.EventActivity: +99ms
08-04 21:21:57.062 18171 18183 I art     : Starting a blocking GC Explicit
08-04 21:21:57.093 18171 18183 I art     : Explicit concurrent mark sweep GC freed 6174(370KB) AllocSpace objects, 1(20KB) LOS objects, 23% free, 52MB/68MB, paused 569us total 30.859ms
08-04 21:21:57.104 18171 18183 I art     : Starting a blocking GC Explicit
08-04 21:21:57.127 18171 18183 I art     : Explicit concurrent mark sweep GC freed 264(11KB) AllocSpace objects, 0(0B) LOS objects, 23% free, 52MB/68MB, paused 550us total 23.020ms
08-04 21:21:57.138 18171 18183 I art     : Starting a blocking GC Explicit
08-04 21:21:57.162 18171 18183 I art     : Explicit concurrent mark sweep GC freed 3(96B) AllocSpace objects, 0(0B) LOS objects, 23% free, 52MB/68MB, paused 542us total 23.668ms
08-04 21:21:57.173 18171 18183 I art     : Starting a blocking GC Explicit
08-04 21:21:57.179   380   380 W SurfaceFlinger: couldn't log to binary event log: overflow.
08-04 21:21:57.196 18171 18183 I art     : Explicit concurrent mark sweep GC freed 3(96B) AllocSpace objects, 0(0B) LOS objects, 23% free, 52MB/68MB, paused 456us total 23.207ms
08-04 21:21:57.204 18171 18183 I art     : Starting a blocking GC Explicit
08-04 21:21:57.223 18171 18183 I art     : Explicit concurrent mark sweep GC freed 3(96B) AllocSpace objects, 0(0B) LOS objects, 23% free, 52MB/68MB, paused 436us total 18.656ms
08-04 21:21:57.396 18171 21118 D OkHttp  : --> GET https://api-hillfair-2k16.herokuapp.com/api/app/club http/1.1
08-04 21:21:57.430 18171 21118 D OkHttp  : <-- 200 OK https://api-hillfair-2k16.herokuapp.com/api/app/club (33ms, 1870-byte body)
08-04 21:21:57.447 18171 18171 I NAPPA_EXPERIMENTATION: MetricNetworkRequestExecutionTime: REQUEST_DURATION_SYSTEM='596',REQUEST_DURATION_OKHTTP='34',REQUEST_SYNCHRONOUS='FALSE',RESPONSE_CODE='200',RESPONSE_METHOD='GET',RESPONSE_LENGTH_OKHTTP='1870',RESPONSE_LENGTH_HEADER='1870',REQUEST_PROTOCOL='http/1.1',REQUEST_URL='https://api-hillfair-2k16.herokuapp.com/api/app/club',
08-04 21:21:57.503 18171 18434 I art     : Starting a blocking GC Explicit
08-04 21:21:57.528 18171 18434 I art     : Explicit concurrent mark sweep GC freed 6167(370KB) AllocSpace objects, 4(220KB) LOS objects, 23% free, 53MB/69MB, paused 908us total 24.582ms
08-04 21:21:57.537 18171 18434 I art     : Starting a blocking GC Explicit
08-04 21:21:57.559 18171 18434 I art     : Explicit concurrent mark sweep GC freed 1197(127KB) AllocSpace objects, 0(0B) LOS objects, 23% free, 53MB/69MB, paused 753us total 21.220ms
08-04 21:21:57.566 18171 18434 I art     : Starting a blocking GC Explicit
08-04 21:21:57.590 18171 18434 I art     : Explicit concurrent mark sweep GC freed 84(4KB) AllocSpace objects, 0(0B) LOS objects, 23% free, 53MB/69MB, paused 777us total 22.879ms
08-04 21:21:57.598 18171 18434 I art     : Starting a blocking GC Explicit
08-04 21:21:57.621 18171 18434 I art     : Explicit concurrent mark sweep GC freed 382(60KB) AllocSpace objects, 0(0B) LOS objects, 23% free, 53MB/69MB, paused 1.065ms total 22.774ms
08-04 21:21:57.631 18171 18434 I art     : Starting a blocking GC Explicit
08-04 21:21:57.656 18171 18434 I art     : Explicit concurrent mark sweep GC freed 491(115KB) AllocSpace objects, 0(0B) LOS objects, 23% free, 53MB/69MB, paused 1.235ms total 25.077ms
08-04 21:21:57.933 18171 18434 I art     : Starting a blocking GC Explicit
08-04 21:21:57.964 18171 18434 I art     : Explicit concurrent mark sweep GC freed 1446(106KB) AllocSpace objects, 1(20KB) LOS objects, 23% free, 53MB/69MB, paused 665us total 30.742ms
08-04 21:21:57.977 18171 18434 I art     : Starting a blocking GC Explicit
08-04 21:21:58.001 18171 18434 I art     : Explicit concurrent mark sweep GC freed 29(992B) AllocSpace objects, 0(0B) LOS objects, 23% free, 53MB/69MB, paused 628us total 24.205ms
08-04 21:21:58.010 18171 18434 I art     : Starting a blocking GC Explicit
08-04 21:21:58.035 18171 18434 I art     : Explicit concurrent mark sweep GC freed 3(96B) AllocSpace objects, 0(0B) LOS objects, 23% free, 53MB/69MB, paused 635us total 23.948ms
08-04 21:21:58.044 18171 18434 I art     : Starting a blocking GC Explicit
08-04 21:21:58.068 18171 18434 I art     : Explicit concurrent mark sweep GC freed 3(96B) AllocSpace objects, 0(0B) LOS objects, 23% free, 53MB/69MB, paused 615us total 23.905ms
08-04 21:21:58.077 18171 18434 I art     : Starting a blocking GC Explicit
08-04 21:21:58.101 18171 18434 I art     : Explicit concurrent mark sweep GC freed 3721(147KB) AllocSpace objects, 0(0B) LOS objects, 23% free, 53MB/69MB, paused 618us total 24.138ms
08-04 21:21:58.372 18171 18434 I art     : Starting a blocking GC Explicit
08-04 21:21:58.397 18171 18434 I art     : Explicit concurrent mark sweep GC freed 5840(406KB) AllocSpace objects, 1(20KB) LOS objects, 23% free, 53MB/69MB, paused 506us total 25.082ms
08-04 21:21:58.406 18171 18434 I art     : Starting a blocking GC Explicit
08-04 21:21:58.430 18171 18434 I art     : Explicit concurrent mark sweep GC freed 160(5KB) AllocSpace objects, 0(0B) LOS objects, 23% free, 53MB/69MB, paused 518us total 23.505ms
08-04 21:21:58.439 18171 18434 I art     : Starting a blocking GC Explicit
08-04 21:21:58.463 18171 18434 I art     : Explicit concurrent mark sweep GC freed 3(96B) AllocSpace objects, 0(0B) LOS objects, 23% free, 53MB/69MB, paused 564us total 23.689ms
08-04 21:21:58.472 18171 18434 I art     : Starting a blocking GC Explicit
08-04 21:21:58.496 18171 18434 I art     : Explicit concurrent mark sweep GC freed 3(96B) AllocSpace objects, 0(0B) LOS objects, 23% free, 53MB/69MB, paused 498us total 23.368ms
08-04 21:21:58.505 18171 18434 I art     : Starting a blocking GC Explicit
08-04 21:21:58.528 18171 18434 I art     : Explicit concurrent mark sweep GC freed 3(96B) AllocSpace objects, 0(0B) LOS objects, 23% free, 53MB/69MB, paused 515us total 22.736ms
08-04 21:21:58.834 18171 18183 I art     : Starting a blocking GC Explicit
08-04 21:21:58.863 18171 18183 I art     : Explicit concurrent mark sweep GC freed 1344(78KB) AllocSpace objects, 1(20KB) LOS objects, 23% free, 53MB/69MB, paused 549us total 29.339ms
08-04 21:21:58.876 18171 18183 I art     : Starting a blocking GC Explicit
08-04 21:21:58.904 18171 18183 I art     : Explicit concurrent mark sweep GC freed 20(704B) AllocSpace objects, 0(0B) LOS objects, 23% free, 53MB/69MB, paused 508us total 26.939ms
08-04 21:21:58.913 18171 18183 I art     : Starting a blocking GC Explicit
08-04 21:21:58.937 18171 18183 I art     : Explicit concurrent mark sweep GC freed 3(96B) AllocSpace objects, 0(0B) LOS objects, 23% free, 53MB/69MB, paused 579us total 23.780ms
08-04 21:21:58.946 18171 18183 I art     : Starting a blocking GC Explicit
08-04 21:21:58.969 18171 18183 I art     : Explicit concurrent mark sweep GC freed 3(96B) AllocSpace objects, 0(0B) LOS objects, 23% free, 53MB/69MB, paused 488us total 23.165ms
08-04 21:21:58.978 18171 18183 I art     : Starting a blocking GC Explicit
08-04 21:21:59.002 18171 18183 I art     : Explicit concurrent mark sweep GC freed 3(96B) AllocSpace objects, 0(0B) LOS objects, 23% free, 53MB/69MB, paused 510us total 23.274ms
08-04 21:21:59.344 18171 18231 I art     : Starting a blocking GC Explicit
08-04 21:21:59.374 18171 18231 I art     : Explicit concurrent mark sweep GC freed 1344(78KB) AllocSpace objects, 1(20KB) LOS objects, 23% free, 53MB/69MB, paused 522us total 30.543ms
08-04 21:21:59.384 18171 18231 I art     : Starting a blocking GC Explicit
08-04 21:21:59.407 18171 18231 I art     : Explicit concurrent mark sweep GC freed 20(704B) AllocSpace objects, 0(0B) LOS objects, 23% free, 53MB/69MB, paused 541us total 23.465ms
08-04 21:21:59.416 18171 18231 I art     : Starting a blocking GC Explicit
08-04 21:21:59.439 18171 18231 I art     : Explicit concurrent mark sweep GC freed 3(96B) AllocSpace objects, 0(0B) LOS objects, 23% free, 53MB/69MB, paused 500us total 22.920ms
08-04 21:21:59.448 18171 18231 I art     : Starting a blocking GC Explicit
08-04 21:21:59.472 18171 18231 I art     : Explicit concurrent mark sweep GC freed 3(96B) AllocSpace objects, 0(0B) LOS objects, 23% free, 53MB/69MB, paused 514us total 23.293ms
08-04 21:21:59.481 18171 18231 I art     : Starting a blocking GC Explicit
08-04 21:21:59.505 18171 18231 I art     : Explicit concurrent mark sweep GC freed 3(96B) AllocSpace objects, 0(0B) LOS objects, 23% free, 53MB/69MB, paused 512us total 23.422ms
08-04 21:21:59.820 18171 18184 I art     : Starting a blocking GC Explicit
08-04 21:21:59.849 18171 18184 I art     : Explicit concurrent mark sweep GC freed 1344(78KB) AllocSpace objects, 1(20KB) LOS objects, 23% free, 53MB/69MB, paused 558us total 29.243ms
08-04 21:21:59.862 18171 18184 I art     : Starting a blocking GC Explicit
08-04 21:21:59.887 18171 18184 I art     : Explicit concurrent mark sweep GC freed 20(704B) AllocSpace objects, 0(0B) LOS objects, 23% free, 53MB/69MB, paused 549us total 25.302ms
08-04 21:21:59.897 18171 18184 I art     : Starting a blocking GC Explicit
08-04 21:21:59.920 18171 18184 I art     : Explicit concurrent mark sweep GC freed 3(96B) AllocSpace objects, 0(0B) LOS objects, 23% free, 53MB/69MB, paused 508us total 23.345ms
08-04 21:21:59.929 18171 18184 I art     : Starting a blocking GC Explicit
08-04 21:21:59.953 18171 18184 I art     : Explicit concurrent mark sweep GC freed 3(96B) AllocSpace objects, 0(0B) LOS objects, 23% free, 53MB/69MB, paused 519us total 23.732ms
08-04 21:21:59.962 18171 18184 I art     : Starting a blocking GC Explicit
08-04 21:21:59.985 18171 18184 I art     : Explicit concurrent mark sweep GC freed 3(96B) AllocSpace objects, 0(0B) LOS objects, 23% free, 53MB/69MB, paused 510us total 22.657ms
08-04 21:22:00.303 18171 18434 I art     : Starting a blocking GC Explicit
08-04 21:22:00.333 18171 18434 I art     : Explicit concurrent mark sweep GC freed 1344(78KB) AllocSpace objects, 1(20KB) LOS objects, 23% free, 53MB/69MB, paused 566us total 29.277ms
08-04 21:22:00.344 18171 18434 I art     : Starting a blocking GC Explicit
08-04 21:22:00.368 18171 18434 I art     : Explicit concurrent mark sweep GC freed 20(704B) AllocSpace objects, 0(0B) LOS objects, 23% free, 53MB/69MB, paused 537us total 23.919ms
08-04 21:22:00.377 18171 18434 I art     : Starting a blocking GC Explicit
08-04 21:22:00.400 18171 18434 I art     : Explicit concurrent mark sweep GC freed 3(96B) AllocSpace objects, 0(0B) LOS objects, 23% free, 53MB/69MB, paused 514us total 22.922ms
08-04 21:22:00.409 18171 18434 I art     : Starting a blocking GC Explicit
08-04 21:22:00.433 18171 18434 I art     : Explicit concurrent mark sweep GC freed 3(96B) AllocSpace objects, 0(0B) LOS objects, 23% free, 53MB/69MB, paused 508us total 23.192ms
08-04 21:22:00.441 18171 18434 I art     : Starting a blocking GC Explicit
08-04 21:22:00.464 18171 18434 I art     : Explicit concurrent mark sweep GC freed 3(96B) AllocSpace objects, 0(0B) LOS objects, 23% free, 53MB/69MB, paused 511us total 22.349ms
08-04 21:22:00.795 18171 18183 I art     : Starting a blocking GC Explicit
08-04 21:22:00.829 18171 18183 I art     : Explicit concurrent mark sweep GC freed 1344(78KB) AllocSpace objects, 1(20KB) LOS objects, 23% free, 53MB/69MB, paused 677us total 33.624ms
08-04 21:22:00.843 18171 18183 I art     : Starting a blocking GC Explicit
08-04 21:22:00.866 18171 18183 I art     : Explicit concurrent mark sweep GC freed 20(704B) AllocSpace objects, 0(0B) LOS objects, 23% free, 53MB/69MB, paused 527us total 23.108ms
08-04 21:22:00.875 18171 18183 I art     : Starting a blocking GC Explicit
08-04 21:22:00.898 18171 18183 I art     : Explicit concurrent mark sweep GC freed 3(96B) AllocSpace objects, 0(0B) LOS objects, 23% free, 53MB/69MB, paused 489us total 23.034ms
08-04 21:22:00.907 18171 18183 I art     : Starting a blocking GC Explicit
08-04 21:22:00.931 18171 18183 I art     : Explicit concurrent mark sweep GC freed 3(96B) AllocSpace objects, 0(0B) LOS objects, 23% free, 53MB/69MB, paused 510us total 23.391ms
08-04 21:22:00.940 18171 18183 I art     : Starting a blocking GC Explicit
08-04 21:22:00.963 18171 18183 I art     : Explicit concurrent mark sweep GC freed 3(96B) AllocSpace objects, 0(0B) LOS objects, 23% free, 53MB/69MB, paused 469us total 22.773ms
08-04 21:22:01.304 18171 18231 I art     : Starting a blocking GC Explicit
08-04 21:22:01.340 18171 18231 I art     : Explicit concurrent mark sweep GC freed 1365(79KB) AllocSpace objects, 1(20KB) LOS objects, 23% free, 53MB/69MB, paused 590us total 34.870ms
08-04 21:22:01.355 18171 18231 I art     : Starting a blocking GC Explicit
08-04 21:22:01.379 18171 18231 I art     : Explicit concurrent mark sweep GC freed 36(1216B) AllocSpace objects, 0(0B) LOS objects, 23% free, 53MB/69MB, paused 504us total 24.380ms
08-04 21:22:01.388 18171 18231 I art     : Starting a blocking GC Explicit
08-04 21:22:01.411 18171 18231 I art     : Explicit concurrent mark sweep GC freed 3(96B) AllocSpace objects, 0(0B) LOS objects, 23% free, 53MB/69MB, paused 499us total 22.908ms
08-04 21:22:01.420 18171 18231 I art     : Starting a blocking GC Explicit
08-04 21:22:01.445 18171 18231 I art     : Explicit concurrent mark sweep GC freed 3(96B) AllocSpace objects, 0(0B) LOS objects, 23% free, 53MB/69MB, paused 504us total 23.973ms
08-04 21:22:01.454 18171 18231 I art     : Starting a blocking GC Explicit
08-04 21:22:01.477 18171 18231 I art     : Explicit concurrent mark sweep GC freed 3(96B) AllocSpace objects, 0(0B) LOS objects, 23% free, 53MB/69MB, paused 570us total 22.823ms
08-04 21:22:01.787 18171 18184 I art     : Starting a blocking GC Explicit
08-04 21:22:01.820 18171 18184 I art     : Explicit concurrent mark sweep GC freed 1344(78KB) AllocSpace objects, 1(20KB) LOS objects, 23% free, 53MB/69MB, paused 540us total 32.195ms
08-04 21:22:01.832 18171 18184 I art     : Starting a blocking GC Explicit
08-04 21:22:01.856 18171 18184 I art     : Explicit concurrent mark sweep GC freed 20(704B) AllocSpace objects, 0(0B) LOS objects, 23% free, 53MB/69MB, paused 488us total 23.321ms
08-04 21:22:01.865 18171 18184 I art     : Starting a blocking GC Explicit
08-04 21:22:01.889 18171 18184 I art     : Explicit concurrent mark sweep GC freed 3(96B) AllocSpace objects, 0(0B) LOS objects, 23% free, 53MB/69MB, paused 558us total 23.543ms
08-04 21:22:01.898 18171 18184 I art     : Starting a blocking GC Explicit
08-04 21:22:01.922 18171 18184 I art     : Explicit concurrent mark sweep GC freed 3(96B) AllocSpace objects, 0(0B) LOS objects, 23% free, 53MB/69MB, paused 506us total 23.537ms
08-04 21:22:01.931 18171 18184 I art     : Starting a blocking GC Explicit
08-04 21:22:01.954 18171 18184 I art     : Explicit concurrent mark sweep GC freed 3(96B) AllocSpace objects, 0(0B) LOS objects, 23% free, 53MB/69MB, paused 503us total 23.191ms
08-04 21:22:02.273 18171 18434 I art     : Starting a blocking GC Explicit
08-04 21:22:02.307 18171 18434 I art     : Explicit concurrent mark sweep GC freed 1344(78KB) AllocSpace objects, 1(20KB) LOS objects, 23% free, 53MB/69MB, paused 601us total 33.583ms
08-04 21:22:02.320 18171 18434 I art     : Starting a blocking GC Explicit
08-04 21:22:02.343 18171 18434 I art     : Explicit concurrent mark sweep GC freed 20(704B) AllocSpace objects, 0(0B) LOS objects, 23% free, 53MB/69MB, paused 489us total 23.104ms
08-04 21:22:02.352 18171 18434 I art     : Starting a blocking GC Explicit
08-04 21:22:02.376 18171 18434 I art     : Explicit concurrent mark sweep GC freed 3(96B) AllocSpace objects, 0(0B) LOS objects, 23% free, 53MB/69MB, paused 492us total 23.188ms
08-04 21:22:02.385 18171 18434 I art     : Starting a blocking GC Explicit
08-04 21:22:02.408 18171 18434 I art     : Explicit concurrent mark sweep GC freed 3(96B) AllocSpace objects, 0(0B) LOS objects, 23% free, 53MB/69MB, paused 486us total 23.098ms
08-04 21:22:02.417 18171 18434 I art     : Starting a blocking GC Explicit
08-04 21:22:02.441 18171 18434 I art     : Explicit concurrent mark sweep GC freed 3(96B) AllocSpace objects, 0(0B) LOS objects, 23% free, 53MB/69MB, paused 496us total 23.241ms
08-04 21:22:02.743 18171 18183 I art     : Starting a blocking GC Explicit
08-04 21:22:02.768 18171 18183 I art     : Explicit concurrent mark sweep GC freed 1344(78KB) AllocSpace objects, 1(20KB) LOS objects, 23% free, 53MB/69MB, paused 520us total 25.033ms
08-04 21:22:02.781 18171 18183 I art     : Starting a blocking GC Explicit
08-04 21:22:02.805 18171 18183 I art     : Explicit concurrent mark sweep GC freed 20(704B) AllocSpace objects, 0(0B) LOS objects, 23% free, 53MB/69MB, paused 505us total 23.734ms
08-04 21:22:02.814 18171 18183 I art     : Starting a blocking GC Explicit
08-04 21:22:02.836 18171 18183 I art     : Explicit concurrent mark sweep GC freed 3(96B) AllocSpace objects, 0(0B) LOS objects, 23% free, 53MB/69MB, paused 495us total 22.532ms
08-04 21:22:02.845 18171 18183 I art     : Starting a blocking GC Explicit
08-04 21:22:02.869 18171 18183 I art     : Explicit concurrent mark sweep GC freed 3(96B) AllocSpace objects, 0(0B) LOS objects, 23% free, 53MB/69MB, paused 502us total 23.759ms
08-04 21:22:02.879 18171 18183 I art     : Starting a blocking GC Explicit
08-04 21:22:02.902 18171 18183 I art     : Explicit concurrent mark sweep GC freed 3(96B) AllocSpace objects, 0(0B) LOS objects, 23% free, 53MB/69MB, paused 496us total 23.376ms
08-04 21:22:03.230 18171 18231 I art     : Starting a blocking GC Explicit
08-04 21:22:03.260 18171 18231 I art     : Explicit concurrent mark sweep GC freed 1344(78KB) AllocSpace objects, 1(20KB) LOS objects, 23% free, 53MB/69MB, paused 511us total 29ms
08-04 21:22:03.272 18171 18231 I art     : Starting a blocking GC Explicit
08-04 21:22:03.296 18171 18231 I art     : Explicit concurrent mark sweep GC freed 20(704B) AllocSpace objects, 0(0B) LOS objects, 23% free, 53MB/69MB, paused 544us total 23.347ms
08-04 21:22:03.305 18171 18231 I art     : Starting a blocking GC Explicit
08-04 21:22:03.328 18171 18231 I art     : Explicit concurrent mark sweep GC freed 3(96B) AllocSpace objects, 0(0B) LOS objects, 23% free, 53MB/69MB, paused 515us total 22.609ms
08-04 21:22:03.337 18171 18231 I art     : Starting a blocking GC Explicit
08-04 21:22:03.360 18171 18231 I art     : Explicit concurrent mark sweep GC freed 3(96B) AllocSpace objects, 0(0B) LOS objects, 23% free, 53MB/69MB, paused 512us total 23.199ms
08-04 21:22:03.369 18171 18231 I art     : Starting a blocking GC Explicit
08-04 21:22:03.393 18171 18231 I art     : Explicit concurrent mark sweep GC freed 3(96B) AllocSpace objects, 0(0B) LOS objects, 23% free, 53MB/69MB, paused 499us total 23.236ms
08-04 21:22:03.702 18171 18184 I art     : Starting a blocking GC Explicit
08-04 21:22:03.731 18171 18184 I art     : Explicit concurrent mark sweep GC freed 1344(78KB) AllocSpace objects, 1(20KB) LOS objects, 23% free, 53MB/69MB, paused 546us total 29.451ms
08-04 21:22:03.744 18171 18184 I art     : Starting a blocking GC Explicit
08-04 21:22:03.770 18171 18184 I art     : Explicit concurrent mark sweep GC freed 20(704B) AllocSpace objects, 0(0B) LOS objects, 23% free, 53MB/69MB, paused 487us total 26.058ms
08-04 21:22:03.779 18171 18184 I art     : Starting a blocking GC Explicit
08-04 21:22:03.803 18171 18184 I art     : Explicit concurrent mark sweep GC freed 3(96B) AllocSpace objects, 0(0B) LOS objects, 23% free, 53MB/69MB, paused 510us total 23.192ms
08-04 21:22:03.812 18171 18184 I art     : Starting a blocking GC Explicit
08-04 21:22:03.835 18171 18184 I art     : Explicit concurrent mark sweep GC freed 3(96B) AllocSpace objects, 0(0B) LOS objects, 23% free, 53MB/69MB, paused 484us total 22.956ms
08-04 21:22:03.844 18171 18184 I art     : Starting a blocking GC Explicit
08-04 21:22:03.868 18171 18184 I art     : Explicit concurrent mark sweep GC freed 3(96B) AllocSpace objects, 0(0B) LOS objects, 23% free, 53MB/69MB, paused 516us total 23.159ms
08-04 21:22:04.195 18171 18434 I art     : Starting a blocking GC Explicit
08-04 21:22:04.225 18171 18434 I art     : Explicit concurrent mark sweep GC freed 1344(78KB) AllocSpace objects, 1(20KB) LOS objects, 23% free, 53MB/69MB, paused 546us total 28.824ms
08-04 21:22:04.235 18171 18434 I art     : Starting a blocking GC Explicit
08-04 21:22:04.258 18171 18434 I art     : Explicit concurrent mark sweep GC freed 20(704B) AllocSpace objects, 0(0B) LOS objects, 23% free, 53MB/69MB, paused 494us total 23.611ms
08-04 21:22:04.268 18171 18434 I art     : Starting a blocking GC Explicit
08-04 21:22:04.291 18171 18434 I art     : Explicit concurrent mark sweep GC freed 3(96B) AllocSpace objects, 0(0B) LOS objects, 23% free, 53MB/69MB, paused 522us total 23.394ms
08-04 21:22:04.300 18171 18434 I art     : Starting a blocking GC Explicit
08-04 21:22:04.323 18171 18434 I art     : Explicit concurrent mark sweep GC freed 3(96B) AllocSpace objects, 0(0B) LOS objects, 23% free, 53MB/69MB, paused 503us total 22.544ms
08-04 21:22:04.332 18171 18434 I art     : Starting a blocking GC Explicit
08-04 21:22:04.356 18171 18434 I art     : Explicit concurrent mark sweep GC freed 3(96B) AllocSpace objects, 0(0B) LOS objects, 23% free, 53MB/69MB, paused 498us total 23.204ms
08-04 21:22:04.684 18171 18183 I art     : Starting a blocking GC Explicit
08-04 21:22:04.716 18171 18183 I art     : Explicit concurrent mark sweep GC freed 1344(78KB) AllocSpace objects, 1(20KB) LOS objects, 23% free, 53MB/69MB, paused 534us total 31.336ms
08-04 21:22:04.727 18171 18183 I art     : Starting a blocking GC Explicit
08-04 21:22:04.751 18171 18183 I art     : Explicit concurrent mark sweep GC freed 20(704B) AllocSpace objects, 0(0B) LOS objects, 23% free, 53MB/69MB, paused 508us total 23.378ms
08-04 21:22:04.760 18171 18183 I art     : Starting a blocking GC Explicit
08-04 21:22:04.784 18171 18183 I art     : Explicit concurrent mark sweep GC freed 3(96B) AllocSpace objects, 0(0B) LOS objects, 23% free, 53MB/69MB, paused 511us total 23.561ms
08-04 21:22:04.793 18171 18183 I art     : Starting a blocking GC Explicit
08-04 21:22:04.817 18171 18183 I art     : Explicit concurrent mark sweep GC freed 3(96B) AllocSpace objects, 0(0B) LOS objects, 23% free, 53MB/69MB, paused 664us total 23.937ms
08-04 21:22:04.826 18171 18183 I art     : Starting a blocking GC Explicit
08-04 21:22:04.850 18171 18183 I art     : Explicit concurrent mark sweep GC freed 3(96B) AllocSpace objects, 0(0B) LOS objects, 23% free, 53MB/69MB, paused 494us total 23.859ms
08-04 21:22:05.162 18171 18231 I art     : Starting a blocking GC Explicit
08-04 21:22:05.185 18171 18231 I art     : Explicit concurrent mark sweep GC freed 1344(78KB) AllocSpace objects, 1(20KB) LOS objects, 23% free, 53MB/69MB, paused 506us total 23.043ms
08-04 21:22:05.194 18171 18231 I art     : Starting a blocking GC Explicit
08-04 21:22:05.217 18171 18231 I art     : Explicit concurrent mark sweep GC freed 20(704B) AllocSpace objects, 0(0B) LOS objects, 23% free, 53MB/69MB, paused 562us total 22.405ms
08-04 21:22:05.226 18171 18231 I art     : Starting a blocking GC Explicit
08-04 21:22:05.248 18171 18231 I art     : Explicit concurrent mark sweep GC freed 3(96B) AllocSpace objects, 0(0B) LOS objects, 23% free, 53MB/69MB, paused 498us total 21.892ms
08-04 21:22:05.257 18171 18231 I art     : Starting a blocking GC Explicit
08-04 21:22:05.279 18171 18231 I art     : Explicit concurrent mark sweep GC freed 3(96B) AllocSpace objects, 0(0B) LOS objects, 23% free, 53MB/69MB, paused 528us total 22.047ms
08-04 21:22:05.288 18171 18231 I art     : Starting a blocking GC Explicit
08-04 21:22:05.310 18171 18231 I art     : Explicit concurrent mark sweep GC freed 3(96B) AllocSpace objects, 0(0B) LOS objects, 23% free, 53MB/69MB, paused 507us total 22.273ms
08-04 21:22:05.487 21303 21303 D AndroidRuntime: >>>>>> START com.android.internal.os.RuntimeInit uid 2000 <<<<<<
08-04 21:22:05.492 21303 21303 D AndroidRuntime: CheckJNI is OFF
08-04 21:22:05.526 21303 21303 D ICU     : No timezone override file found: /data/misc/zoneinfo/current/icu/icu_tzdata.dat
08-04 21:22:05.558 21303 21303 I Radio-JNI: register_android_hardware_Radio DONE
08-04 21:22:05.580 21303 21303 D AndroidRuntime: Calling main entry com.android.commands.input.Input
08-04 21:22:05.582 21303 21303 I Input   : injectMotionEvent: MotionEvent { action=ACTION_DOWN, actionButton=0, id[0]=0, x[0]=369.0, y[0]=554.0, toolType[0]=TOOL_TYPE_UNKNOWN, buttonState=0, metaState=0, flags=0x0, edgeFlags=0x0, pointerCount=1, historySize=0, eventTime=739341994, downTime=739341994, deviceId=0, source=0x1002 }
08-04 21:22:05.585 21303 21303 I Input   : injectMotionEvent: MotionEvent { action=ACTION_UP, actionButton=0, id[0]=0, x[0]=369.0, y[0]=554.0, toolType[0]=TOOL_TYPE_UNKNOWN, buttonState=0, metaState=0, flags=0x0, edgeFlags=0x0, pointerCount=1, historySize=0, eventTime=739341994, downTime=739341994, deviceId=0, source=0x1002 }
08-04 21:22:05.587   918  3670 I ActivityManager: START u0 {cmp=baseline.appteam.nith.hillffair/.activities.ClubActivity (has extras)} from uid 10651 on display 0
08-04 21:22:05.596 21303 21303 D AndroidRuntime: Shutting down VM
08-04 21:22:05.622 18171 18231 I art     : Starting a blocking GC Explicit
08-04 21:22:05.649 18171 18231 I art     : Explicit concurrent mark sweep GC freed 4842(296KB) AllocSpace objects, 1(20KB) LOS objects, 23% free, 53MB/69MB, paused 687us total 26.264ms
08-04 21:22:05.658 18171 18231 I art     : Starting a blocking GC Explicit
08-04 21:22:05.680 18171 18231 I art     : Explicit concurrent mark sweep GC freed 428(20KB) AllocSpace objects, 0(0B) LOS objects, 22% free, 53MB/69MB, paused 715us total 22.186ms
08-04 21:22:05.689 18171 18231 I art     : Starting a blocking GC Explicit
08-04 21:22:05.693   918   936 I ActivityManager: Displayed baseline.appteam.nith.hillffair/.activities.ClubActivity: +97ms
08-04 21:22:05.694 13866 13866 I GoogleInputMethodServic: GoogleInputMethodService.onFinishInput():3138 
08-04 21:22:05.694 13866 13866 I GoogleInputMethodServic: GoogleInputMethodService.onStartInput():1808 
08-04 21:22:05.711 18171 18231 I art     : Explicit concurrent mark sweep GC freed 121(4KB) AllocSpace objects, 0(0B) LOS objects, 22% free, 53MB/69MB, paused 686us total 22.221ms
08-04 21:22:05.720 18171 18231 I art     : Starting a blocking GC Explicit
08-04 21:22:05.742 18171 18231 I art     : Explicit concurrent mark sweep GC freed 20(736B) AllocSpace objects, 0(0B) LOS objects, 22% free, 53MB/69MB, paused 507us total 21.942ms
08-04 21:22:05.751 18171 18231 I art     : Starting a blocking GC Explicit
08-04 21:22:05.773 18171 18231 I art     : Explicit concurrent mark sweep GC freed 3(96B) AllocSpace objects, 0(0B) LOS objects, 22% free, 53MB/69MB, paused 529us total 21.437ms
08-04 21:22:05.955   380   380 W SurfaceFlinger: couldn't log to binary event log: overflow.
08-04 21:22:06.036 18171 18184 I art     : Starting a blocking GC Explicit
08-04 21:22:06.058 18171 18184 I art     : Explicit concurrent mark sweep GC freed 1344(78KB) AllocSpace objects, 1(20KB) LOS objects, 22% free, 53MB/69MB, paused 508us total 22.166ms
08-04 21:22:06.067 18171 18184 I art     : Starting a blocking GC Explicit
08-04 21:22:06.092 18171 18184 I art     : Explicit concurrent mark sweep GC freed 130(7KB) AllocSpace objects, 0(0B) LOS objects, 22% free, 53MB/69MB, paused 643us total 24.597ms
08-04 21:22:06.104 18171 18184 I art     : Starting a blocking GC Explicit
08-04 21:22:06.125 18171 18184 I art     : Explicit concurrent mark sweep GC freed 13(464B) AllocSpace objects, 0(0B) LOS objects, 22% free, 53MB/69MB, paused 540us total 21.061ms
08-04 21:22:06.134 18171 18184 I art     : Starting a blocking GC Explicit
08-04 21:22:06.156 18171 18184 I art     : Explicit concurrent mark sweep GC freed 11(416B) AllocSpace objects, 0(0B) LOS objects, 22% free, 53MB/69MB, paused 678us total 22.559ms
08-04 21:22:06.165 18171 18184 I art     : Starting a blocking GC Explicit
08-04 21:22:06.188 18171 18184 I art     : Explicit concurrent mark sweep GC freed 11(400B) AllocSpace objects, 0(0B) LOS objects, 22% free, 53MB/69MB, paused 577us total 22.903ms
08-04 21:22:06.301 18171 21330 D OkHttp  : --> GET https://api-hillfair-2k16.herokuapp.com/api/app/club/PR%20Club http/1.1
08-04 21:22:06.330 18171 21330 D OkHttp  : <-- 200 OK https://api-hillfair-2k16.herokuapp.com/api/app/club/PR%20Club (28ms, 979-byte body)
08-04 21:22:06.390 18171 18171 I NAPPA_EXPERIMENTATION: MetricNetworkRequestExecutionTime: REQUEST_DURATION_SYSTEM='763',REQUEST_DURATION_OKHTTP='29',REQUEST_SYNCHRONOUS='FALSE',RESPONSE_CODE='200',RESPONSE_METHOD='GET',RESPONSE_LENGTH_OKHTTP='979',RESPONSE_LENGTH_HEADER='979',REQUEST_PROTOCOL='http/1.1',REQUEST_URL='https://api-hillfair-2k16.herokuapp.com/api/app/club/PR%20Club',
08-04 21:22:06.463 18171 18184 I art     : Starting a blocking GC Explicit
08-04 21:22:06.492 18171 18184 I art     : Explicit concurrent mark sweep GC freed 4801(346KB) AllocSpace objects, 4(220KB) LOS objects, 22% free, 53MB/69MB, paused 816us total 28.940ms
08-04 21:22:06.501 18171 18184 I art     : Starting a blocking GC Explicit
08-04 21:22:06.527 18171 18184 I art     : Explicit concurrent mark sweep GC freed 1039(119KB) AllocSpace objects, 0(0B) LOS objects, 22% free, 53MB/69MB, paused 553us total 25.263ms
08-04 21:22:06.536 18171 18184 I art     : Starting a blocking GC Explicit
08-04 21:22:06.561 18171 18184 I art     : Explicit concurrent mark sweep GC freed 3(96B) AllocSpace objects, 0(0B) LOS objects, 22% free, 53MB/69MB, paused 517us total 24.545ms
08-04 21:22:06.570 18171 18184 I art     : Starting a blocking GC Explicit
08-04 21:22:06.594 18171 18184 I art     : Explicit concurrent mark sweep GC freed 3(96B) AllocSpace objects, 0(0B) LOS objects, 22% free, 53MB/69MB, paused 513us total 23.139ms
08-04 21:22:06.603 18171 18184 I art     : Starting a blocking GC Explicit
08-04 21:22:06.627 18171 18184 I art     : Explicit concurrent mark sweep GC freed 3(96B) AllocSpace objects, 0(0B) LOS objects, 22% free, 53MB/69MB, paused 534us total 23.657ms
08-04 21:22:06.917 18171 18231 I art     : Starting a blocking GC Explicit
08-04 21:22:06.948 18171 18231 I art     : Explicit concurrent mark sweep GC freed 1344(78KB) AllocSpace objects, 1(20KB) LOS objects, 22% free, 53MB/69MB, paused 743us total 30.270ms
08-04 21:22:06.960 18171 18231 I art     : Starting a blocking GC Explicit
08-04 21:22:06.986 18171 18231 I art     : Explicit concurrent mark sweep GC freed 36(1264B) AllocSpace objects, 0(0B) LOS objects, 22% free, 53MB/69MB, paused 614us total 25.070ms
08-04 21:22:06.995 18171 18231 I art     : Starting a blocking GC Explicit
08-04 21:22:07.021 18171 18231 I art     : Explicit concurrent mark sweep GC freed 3(96B) AllocSpace objects, 0(0B) LOS objects, 22% free, 53MB/69MB, paused 530us total 25.308ms
08-04 21:22:07.030 18171 18231 I art     : Starting a blocking GC Explicit
08-04 21:22:07.055 18171 18231 I art     : Explicit concurrent mark sweep GC freed 3(96B) AllocSpace objects, 0(0B) LOS objects, 22% free, 53MB/69MB, paused 515us total 24.933ms
08-04 21:22:07.064 18171 18231 I art     : Starting a blocking GC Explicit
08-04 21:22:07.090 18171 18231 I art     : Explicit concurrent mark sweep GC freed 3(96B) AllocSpace objects, 0(0B) LOS objects, 22% free, 53MB/69MB, paused 655us total 24.842ms
08-04 21:22:07.385 18171 18184 I art     : Starting a blocking GC Explicit
08-04 21:22:07.420 18171 18184 I art     : Explicit concurrent mark sweep GC freed 1344(78KB) AllocSpace objects, 1(20KB) LOS objects, 22% free, 53MB/69MB, paused 698us total 34.171ms
08-04 21:22:07.432 18171 18184 I art     : Starting a blocking GC Explicit
08-04 21:22:07.457 18171 18184 I art     : Explicit concurrent mark sweep GC freed 20(704B) AllocSpace objects, 0(0B) LOS objects, 22% free, 53MB/69MB, paused 592us total 24.620ms
08-04 21:22:07.466 18171 18184 I art     : Starting a blocking GC Explicit
08-04 21:22:07.491 18171 18184 I art     : Explicit concurrent mark sweep GC freed 3(96B) AllocSpace objects, 0(0B) LOS objects, 22% free, 53MB/69MB, paused 526us total 24.709ms
08-04 21:22:07.500 18171 18184 I art     : Starting a blocking GC Explicit
08-04 21:22:07.525 18171 18184 I art     : Explicit concurrent mark sweep GC freed 3(96B) AllocSpace objects, 0(0B) LOS objects, 22% free, 53MB/69MB, paused 516us total 24.881ms
08-04 21:22:07.535 18171 18184 I art     : Starting a blocking GC Explicit
08-04 21:22:07.560 18171 18184 I art     : Explicit concurrent mark sweep GC freed 3(96B) AllocSpace objects, 0(0B) LOS objects, 22% free, 53MB/69MB, paused 523us total 25.162ms
08-04 21:22:07.891 18171 18183 I art     : Starting a blocking GC Explicit
08-04 21:22:07.927 18171 18183 I art     : Explicit concurrent mark sweep GC freed 1344(78KB) AllocSpace objects, 1(20KB) LOS objects, 22% free, 53MB/69MB, paused 568us total 34.905ms
08-04 21:22:07.939 18171 18183 I art     : Starting a blocking GC Explicit
08-04 21:22:07.965 18171 18183 I art     : Explicit concurrent mark sweep GC freed 20(704B) AllocSpace objects, 0(0B) LOS objects, 22% free, 53MB/69MB, paused 520us total 24.774ms
08-04 21:22:07.974 18171 18183 I art     : Starting a blocking GC Explicit
08-04 21:22:07.999 18171 18183 I art     : Explicit concurrent mark sweep GC freed 3(96B) AllocSpace objects, 0(0B) LOS objects, 22% free, 53MB/69MB, paused 531us total 25.073ms
08-04 21:22:08.008 18171 18183 I art     : Starting a blocking GC Explicit
08-04 21:22:08.033 18171 18183 I art     : Explicit concurrent mark sweep GC freed 3(96B) AllocSpace objects, 0(0B) LOS objects, 22% free, 53MB/69MB, paused 517us total 24.958ms
08-04 21:22:08.043 18171 18183 I art     : Starting a blocking GC Explicit
08-04 21:22:08.068 18171 18183 I art     : Explicit concurrent mark sweep GC freed 3(96B) AllocSpace objects, 0(0B) LOS objects, 22% free, 53MB/69MB, paused 539us total 24.929ms
08-04 21:22:08.394 18171 18434 I art     : Starting a blocking GC Explicit
08-04 21:22:08.425 18171 18434 I art     : Explicit concurrent mark sweep GC freed 1344(78KB) AllocSpace objects, 1(20KB) LOS objects, 22% free, 53MB/69MB, paused 666us total 30.855ms
08-04 21:22:08.437 18171 18434 I art     : Starting a blocking GC Explicit
08-04 21:22:08.461 18171 18434 I art     : Explicit concurrent mark sweep GC freed 20(704B) AllocSpace objects, 0(0B) LOS objects, 22% free, 53MB/69MB, paused 535us total 24.341ms
08-04 21:22:08.470 18171 18434 I art     : Starting a blocking GC Explicit
08-04 21:22:08.495 18171 18434 I art     : Explicit concurrent mark sweep GC freed 3(96B) AllocSpace objects, 0(0B) LOS objects, 22% free, 53MB/69MB, paused 530us total 24.326ms
08-04 21:22:08.504 18171 18434 I art     : Starting a blocking GC Explicit
08-04 21:22:08.529 18171 18434 I art     : Explicit concurrent mark sweep GC freed 3(96B) AllocSpace objects, 0(0B) LOS objects, 22% free, 53MB/69MB, paused 514us total 24.424ms
08-04 21:22:08.538 18171 18434 I art     : Starting a blocking GC Explicit
08-04 21:22:08.563 18171 18434 I art     : Explicit concurrent mark sweep GC freed 3(96B) AllocSpace objects, 0(0B) LOS objects, 22% free, 53MB/69MB, paused 553us total 24.562ms
08-04 21:22:08.894 18171 18231 I art     : Starting a blocking GC Explicit
08-04 21:22:08.928 18171 18231 I art     : Explicit concurrent mark sweep GC freed 1344(78KB) AllocSpace objects, 1(20KB) LOS objects, 22% free, 53MB/69MB, paused 596us total 33.248ms
08-04 21:22:08.941 18171 18231 I art     : Starting a blocking GC Explicit
08-04 21:22:08.966 18171 18231 I art     : Explicit concurrent mark sweep GC freed 20(704B) AllocSpace objects, 0(0B) LOS objects, 22% free, 53MB/69MB, paused 517us total 24.873ms
08-04 21:22:08.976 18171 18231 I art     : Starting a blocking GC Explicit
08-04 21:22:09.001 18171 18231 I art     : Explicit concurrent mark sweep GC freed 3(96B) AllocSpace objects, 0(0B) LOS objects, 22% free, 53MB/69MB, paused 519us total 25.041ms
08-04 21:22:09.010 18171 18231 I art     : Starting a blocking GC Explicit
08-04 21:22:09.036 18171 18231 I art     : Explicit concurrent mark sweep GC freed 3(96B) AllocSpace objects, 0(0B) LOS objects, 22% free, 53MB/69MB, paused 527us total 25.407ms
08-04 21:22:09.045 18171 18231 I art     : Starting a blocking GC Explicit
08-04 21:22:09.070 18171 18231 I art     : Explicit concurrent mark sweep GC freed 3(96B) AllocSpace objects, 0(0B) LOS objects, 22% free, 53MB/69MB, paused 520us total 24.772ms
08-04 21:22:09.384 18171 18184 I art     : Starting a blocking GC Explicit
08-04 21:22:09.414 18171 18184 I art     : Explicit concurrent mark sweep GC freed 1365(79KB) AllocSpace objects, 1(20KB) LOS objects, 22% free, 53MB/69MB, paused 541us total 30.441ms
08-04 21:22:09.426 18171 18184 I art     : Starting a blocking GC Explicit
08-04 21:22:09.451 18171 18184 I art     : Explicit concurrent mark sweep GC freed 36(1216B) AllocSpace objects, 0(0B) LOS objects, 22% free, 53MB/69MB, paused 507us total 24.622ms
08-04 21:22:09.460 18171 18184 I art     : Starting a blocking GC Explicit
08-04 21:22:09.485 18171 18184 I art     : Explicit concurrent mark sweep GC freed 3(96B) AllocSpace objects, 0(0B) LOS objects, 22% free, 53MB/69MB, paused 504us total 24.335ms
08-04 21:22:09.494 18171 18184 I art     : Starting a blocking GC Explicit
08-04 21:22:09.519 18171 18184 I art     : Explicit concurrent mark sweep GC freed 3(96B) AllocSpace objects, 0(0B) LOS objects, 22% free, 53MB/69MB, paused 505us total 24.512ms
08-04 21:22:09.528 18171 18184 I art     : Starting a blocking GC Explicit
08-04 21:22:09.553 18171 18184 I art     : Explicit concurrent mark sweep GC freed 3(96B) AllocSpace objects, 0(0B) LOS objects, 22% free, 53MB/69MB, paused 496us total 24.777ms
08-04 21:22:09.879 18171 18183 I art     : Starting a blocking GC Explicit
08-04 21:22:09.904 18171 18183 I art     : Explicit concurrent mark sweep GC freed 1344(78KB) AllocSpace objects, 1(20KB) LOS objects, 22% free, 53MB/69MB, paused 509us total 24.760ms
08-04 21:22:09.913 18171 18183 I art     : Starting a blocking GC Explicit
08-04 21:22:09.937 18171 18183 I art     : Explicit concurrent mark sweep GC freed 20(704B) AllocSpace objects, 0(0B) LOS objects, 22% free, 53MB/69MB, paused 603us total 23.474ms
08-04 21:22:09.946 18171 18183 I art     : Starting a blocking GC Explicit
08-04 21:22:09.969 18171 18183 I art     : Explicit concurrent mark sweep GC freed 3(96B) AllocSpace objects, 0(0B) LOS objects, 22% free, 53MB/69MB, paused 488us total 22.412ms
08-04 21:22:09.978 18171 18183 I art     : Starting a blocking GC Explicit
08-04 21:22:10.001 18171 18183 I art     : Explicit concurrent mark sweep GC freed 3(96B) AllocSpace objects, 0(0B) LOS objects, 22% free, 53MB/69MB, paused 504us total 23.475ms
08-04 21:22:10.010 18171 18183 I art     : Starting a blocking GC Explicit
08-04 21:22:10.033 18171 18183 I art     : Explicit concurrent mark sweep GC freed 3(96B) AllocSpace objects, 0(0B) LOS objects, 22% free, 53MB/69MB, paused 515us total 22.613ms
08-04 21:22:10.252 21423 21423 D AndroidRuntime: >>>>>> START com.android.internal.os.RuntimeInit uid 2000 <<<<<<
08-04 21:22:10.258 21423 21423 D AndroidRuntime: CheckJNI is OFF
08-04 21:22:10.292 21423 21423 D ICU     : No timezone override file found: /data/misc/zoneinfo/current/icu/icu_tzdata.dat
08-04 21:22:10.325 21423 21423 I Radio-JNI: register_android_hardware_Radio DONE
08-04 21:22:10.347 21423 21423 D AndroidRuntime: Calling main entry com.android.commands.input.Input
08-04 21:22:10.348 21423 21423 I Input   : injectKeyEvent: KeyEvent { action=ACTION_DOWN, keyCode=KEYCODE_BACK, scanCode=0, metaState=0, flags=0x0, repeatCount=0, eventTime=739346761, downTime=739346761, deviceId=-1, source=0x101 }
08-04 21:22:10.353 18171 18434 I art     : Starting a blocking GC Explicit
08-04 21:22:10.355 21423 21423 I Input   : injectKeyEvent: KeyEvent { action=ACTION_UP, keyCode=KEYCODE_BACK, scanCode=0, metaState=0, flags=0x0, repeatCount=0, eventTime=739346761, downTime=739346761, deviceId=-1, source=0x101 }
08-04 21:22:10.362 21423 21423 D AndroidRuntime: Shutting down VM
08-04 21:22:10.377 18171 18434 I art     : Explicit concurrent mark sweep GC freed 1479(84KB) AllocSpace objects, 1(20KB) LOS objects, 22% free, 53MB/69MB, paused 685us total 23.807ms
08-04 21:22:10.386 18171 18434 I art     : Starting a blocking GC Explicit
08-04 21:22:10.409 18171 18434 I art     : Explicit concurrent mark sweep GC freed 30(1072B) AllocSpace objects, 0(0B) LOS objects, 22% free, 53MB/69MB, paused 461us total 22.675ms
08-04 21:22:10.411 13866 13866 I GoogleInputMethodServic: GoogleInputMethodService.onFinishInput():3138 
08-04 21:22:10.411 13866 13866 I GoogleInputMethodServic: GoogleInputMethodService.onStartInput():1808 
08-04 21:22:10.417 18171 18434 I art     : Starting a blocking GC Explicit
08-04 21:22:10.438 18171 18434 I art     : Explicit concurrent mark sweep GC freed 30(1136B) AllocSpace objects, 0(0B) LOS objects, 22% free, 53MB/69MB, paused 542us total 20.466ms
08-04 21:22:10.446 18171 18434 I art     : Starting a blocking GC Explicit
08-04 21:22:10.469 18171 18434 I art     : Explicit concurrent mark sweep GC freed 16(528B) AllocSpace objects, 0(0B) LOS objects, 22% free, 53MB/69MB, paused 510us total 22.315ms
08-04 21:22:10.479 18171 18434 I art     : Starting a blocking GC Explicit
08-04 21:22:10.499 18171 18434 I art     : Explicit concurrent mark sweep GC freed 6(224B) AllocSpace objects, 0(0B) LOS objects, 22% free, 53MB/69MB, paused 435us total 20.119ms
08-04 21:22:10.709   380   380 W SurfaceFlinger: couldn't log to binary event log: overflow.
08-04 21:22:10.760 18171 18184 I art     : Starting a blocking GC Explicit
08-04 21:22:10.784 18171 18184 I art     : Explicit concurrent mark sweep GC freed 1453(86KB) AllocSpace objects, 1(20KB) LOS objects, 22% free, 53MB/69MB, paused 567us total 24.387ms
08-04 21:22:10.793 18171 18184 I art     : Starting a blocking GC Explicit
08-04 21:22:10.817 18171 18184 I art     : Explicit concurrent mark sweep GC freed 1671(107KB) AllocSpace objects, 3(184KB) LOS objects, 23% free, 53MB/69MB, paused 616us total 23.798ms
08-04 21:22:10.827 18171 18184 I art     : Starting a blocking GC Explicit
08-04 21:22:10.851 18171 18184 I art     : Explicit concurrent mark sweep GC freed 3(96B) AllocSpace objects, 0(0B) LOS objects, 23% free, 53MB/69MB, paused 560us total 24.057ms
08-04 21:22:10.860 18171 18184 I art     : Starting a blocking GC Explicit
08-04 21:22:10.884 18171 18184 I art     : Explicit concurrent mark sweep GC freed 3(96B) AllocSpace objects, 0(0B) LOS objects, 23% free, 53MB/69MB, paused 549us total 23.317ms
08-04 21:22:10.893 18171 18184 I art     : Starting a blocking GC Explicit
08-04 21:22:10.917 18171 18184 I art     : Explicit concurrent mark sweep GC freed 3(96B) AllocSpace objects, 0(0B) LOS objects, 23% free, 53MB/69MB, paused 603us total 23.652ms
08-04 21:22:11.218 18171 18231 I art     : Starting a blocking GC Explicit
08-04 21:22:11.247 18171 18231 I art     : Explicit concurrent mark sweep GC freed 1344(78KB) AllocSpace objects, 1(20KB) LOS objects, 23% free, 53MB/69MB, paused 540us total 28.325ms
08-04 21:22:11.259 18171 18231 I art     : Starting a blocking GC Explicit
08-04 21:22:11.283 18171 18231 I art     : Explicit concurrent mark sweep GC freed 20(704B) AllocSpace objects, 0(0B) LOS objects, 23% free, 53MB/69MB, paused 490us total 23.682ms
08-04 21:22:11.292 18171 18231 I art     : Starting a blocking GC Explicit
08-04 21:22:11.294 15172 15172 I Atfwd_Sendcmd: AtCmdFwd service not ready - Exhausted retry attempts - :6
08-04 21:22:11.295 15172 15172 I Atfwd_Daemon: result : -1 	 ,Init step :2 	 ,qmiErrorCode: 0
08-04 21:22:11.317 18171 18231 I art     : Explicit concurrent mark sweep GC freed 3(96B) AllocSpace objects, 0(0B) LOS objects, 23% free, 53MB/69MB, paused 544us total 24.431ms
08-04 21:22:11.326 18171 18231 I art     : Starting a blocking GC Explicit
08-04 21:22:11.349 18171 18231 I art     : Explicit concurrent mark sweep GC freed 3(96B) AllocSpace objects, 0(0B) LOS objects, 23% free, 53MB/69MB, paused 500us total 23.585ms
08-04 21:22:11.359 18171 18231 I art     : Starting a blocking GC Explicit
08-04 21:22:11.382 18171 18231 I art     : Explicit concurrent mark sweep GC freed 3(96B) AllocSpace objects, 0(0B) LOS objects, 23% free, 53MB/69MB, paused 494us total 23.309ms
08-04 21:22:11.674 18171 18183 I art     : Starting a blocking GC Explicit
08-04 21:22:11.695 18171 18183 I art     : Explicit concurrent mark sweep GC freed 1344(78KB) AllocSpace objects, 1(20KB) LOS objects, 23% free, 53MB/69MB, paused 483us total 20.711ms
08-04 21:22:11.703 18171 18183 I art     : Starting a blocking GC Explicit
08-04 21:22:11.726 18171 18183 I art     : Explicit concurrent mark sweep GC freed 32(1152B) AllocSpace objects, 0(0B) LOS objects, 23% free, 53MB/69MB, paused 487us total 22.957ms
08-04 21:22:11.735 18171 18183 I art     : Starting a blocking GC Explicit
08-04 21:22:11.757 18171 18183 I art     : Explicit concurrent mark sweep GC freed 3(96B) AllocSpace objects, 0(0B) LOS objects, 23% free, 53MB/69MB, paused 505us total 22.577ms
08-04 21:22:11.766 18171 18183 I art     : Starting a blocking GC Explicit
08-04 21:22:11.789 18171 18183 I art     : Explicit concurrent mark sweep GC freed 3(96B) AllocSpace objects, 0(0B) LOS objects, 23% free, 53MB/69MB, paused 500us total 22.540ms
08-04 21:22:11.798 18171 18183 I art     : Starting a blocking GC Explicit
08-04 21:22:11.821 18171 18183 I art     : Explicit concurrent mark sweep GC freed 3(96B) AllocSpace objects, 0(0B) LOS objects, 23% free, 53MB/69MB, paused 490us total 22.648ms
08-04 21:22:12.016 21472 21472 D AndroidRuntime: >>>>>> START com.android.internal.os.RuntimeInit uid 2000 <<<<<<
08-04 21:22:12.021 21472 21472 D AndroidRuntime: CheckJNI is OFF
08-04 21:22:12.056 21472 21472 D ICU     : No timezone override file found: /data/misc/zoneinfo/current/icu/icu_tzdata.dat
08-04 21:22:12.088 21472 21472 I Radio-JNI: register_android_hardware_Radio DONE
08-04 21:22:12.089 18171 18434 I art     : Starting a blocking GC Explicit
08-04 21:22:12.111 21472 21472 D AndroidRuntime: Calling main entry com.android.commands.input.Input
08-04 21:22:12.113 21472 21472 I Input   : injectMotionEvent: MotionEvent { action=ACTION_DOWN, actionButton=0, id[0]=0, x[0]=1012.0, y[0]=1152.0, toolType[0]=TOOL_TYPE_UNKNOWN, buttonState=0, metaState=0, flags=0x0, edgeFlags=0x0, pointerCount=1, historySize=0, eventTime=739348525, downTime=739348525, deviceId=0, source=0x1002 }
08-04 21:22:12.113 18171 18434 I art     : Explicit concurrent mark sweep GC freed 1344(78KB) AllocSpace objects, 1(20KB) LOS objects, 23% free, 53MB/69MB, paused 611us total 23.543ms
08-04 21:22:12.117 21472 21472 I Input   : injectMotionEvent: MotionEvent { action=ACTION_UP, actionButton=0, id[0]=0, x[0]=1012.0, y[0]=1152.0, toolType[0]=TOOL_TYPE_UNKNOWN, buttonState=0, metaState=0, flags=0x0, edgeFlags=0x0, pointerCount=1, historySize=0, eventTime=739348525, downTime=739348525, deviceId=0, source=0x1002 }
08-04 21:22:12.118   918  6110 I ActivityManager: START u0 {cmp=baseline.appteam.nith.hillffair/.activities.ClubActivity (has extras)} from uid 10651 on display 0
08-04 21:22:12.122 18171 18434 I art     : Starting a blocking GC Explicit
08-04 21:22:12.124 21472 21472 D AndroidRuntime: Shutting down VM
08-04 21:22:12.145 18171 18434 I art     : Explicit concurrent mark sweep GC freed 334(20KB) AllocSpace objects, 0(0B) LOS objects, 22% free, 53MB/69MB, paused 737us total 23.311ms
08-04 21:22:12.154 18171 18434 I art     : Starting a blocking GC Explicit
08-04 21:22:12.180 18171 18434 I art     : Explicit concurrent mark sweep GC freed 3115(185KB) AllocSpace objects, 0(0B) LOS objects, 22% free, 53MB/69MB, paused 594us total 25.560ms
08-04 21:22:12.188 18171 18434 I art     : Starting a blocking GC Explicit
08-04 21:22:12.210 18171 18434 I art     : Explicit concurrent mark sweep GC freed 239(22KB) AllocSpace objects, 0(0B) LOS objects, 22% free, 53MB/69MB, paused 558us total 21.555ms
08-04 21:22:12.220 18171 18434 I art     : Starting a blocking GC Explicit
08-04 21:22:12.221   918   936 I ActivityManager: Displayed baseline.appteam.nith.hillffair/.activities.ClubActivity: +97ms
08-04 21:22:12.222 13866 13866 I GoogleInputMethodServic: GoogleInputMethodService.onFinishInput():3138 
08-04 21:22:12.222 13866 13866 I GoogleInputMethodServic: GoogleInputMethodService.onStartInput():1808 
08-04 21:22:12.242 18171 18434 I art     : Explicit concurrent mark sweep GC freed 135(7KB) AllocSpace objects, 0(0B) LOS objects, 22% free, 53MB/69MB, paused 525us total 21.757ms
08-04 21:22:12.472   380   380 W SurfaceFlinger: couldn't log to binary event log: overflow.
08-04 21:22:12.527 18171 18184 I art     : Starting a blocking GC Explicit
08-04 21:22:12.549 18171 18184 I art     : Explicit concurrent mark sweep GC freed 1359(78KB) AllocSpace objects, 1(20KB) LOS objects, 22% free, 53MB/69MB, paused 497us total 22.016ms
08-04 21:22:12.558 18171 18184 I art     : Starting a blocking GC Explicit
08-04 21:22:12.580 18171 18184 I art     : Explicit concurrent mark sweep GC freed 20(704B) AllocSpace objects, 0(0B) LOS objects, 22% free, 53MB/69MB, paused 511us total 22.298ms
08-04 21:22:12.590 18171 18184 I art     : Starting a blocking GC Explicit
08-04 21:22:12.618 18171 18184 I art     : Explicit concurrent mark sweep GC freed 106(5KB) AllocSpace objects, 0(0B) LOS objects, 22% free, 53MB/69MB, paused 839us total 28.477ms
08-04 21:22:12.627 18171 18184 I art     : Starting a blocking GC Explicit
08-04 21:22:12.648 18171 18184 I art     : Explicit concurrent mark sweep GC freed 16(608B) AllocSpace objects, 0(0B) LOS objects, 22% free, 53MB/69MB, paused 504us total 21.234ms
08-04 21:22:12.656 18171 18184 I art     : Starting a blocking GC Explicit
08-04 21:22:12.679 18171 18184 I art     : Explicit concurrent mark sweep GC freed 13(480B) AllocSpace objects, 0(0B) LOS objects, 22% free, 53MB/69MB, paused 613us total 22.419ms
08-04 21:22:12.947 18171 21499 D OkHttp  : --> GET https://api-hillfair-2k16.herokuapp.com/api/app/club/Design%20and%20Decoration%20Club http/1.1
08-04 21:22:12.962 18171 18231 I art     : Starting a blocking GC Explicit
08-04 21:22:12.980 18171 21499 D OkHttp  : <-- 200 OK https://api-hillfair-2k16.herokuapp.com/api/app/club/Design%20and%20Decoration%20Club (32ms, 760-byte body)
08-04 21:22:12.987 18171 18231 I art     : Explicit concurrent mark sweep GC freed 4167(249KB) AllocSpace objects, 4(220KB) LOS objects, 22% free, 53MB/69MB, paused 589us total 25.700ms
08-04 21:22:12.996 18171 18231 I art     : Starting a blocking GC Explicit
08-04 21:22:13.020 18171 18231 I art     : Explicit concurrent mark sweep GC freed 1045(120KB) AllocSpace objects, 0(0B) LOS objects, 22% free, 53MB/69MB, paused 520us total 23.876ms
08-04 21:22:13.029 18171 18231 I art     : Starting a blocking GC Explicit
08-04 21:22:13.032 18171 18171 I NAPPA_EXPERIMENTATION: MetricNetworkRequestExecutionTime: REQUEST_DURATION_SYSTEM='881',REQUEST_DURATION_OKHTTP='32',REQUEST_SYNCHRONOUS='FALSE',RESPONSE_CODE='200',RESPONSE_METHOD='GET',RESPONSE_LENGTH_OKHTTP='760',RESPONSE_LENGTH_HEADER='760',REQUEST_PROTOCOL='http/1.1',REQUEST_URL='https://api-hillfair-2k16.herokuapp.com/api/app/club/Design%20and%20Decoration%20Club',
08-04 21:22:13.051 18171 18231 I art     : Explicit concurrent mark sweep GC freed 586(65KB) AllocSpace objects, 0(0B) LOS objects, 22% free, 53MB/69MB, paused 607us total 22.039ms
08-04 21:22:13.059 18171 18231 I art     : Starting a blocking GC Explicit
08-04 21:22:13.081 18171 18231 I art     : Explicit concurrent mark sweep GC freed 97(25KB) AllocSpace objects, 0(0B) LOS objects, 22% free, 53MB/69MB, paused 507us total 21.340ms
08-04 21:22:13.089 18171 18231 I art     : Starting a blocking GC Explicit
08-04 21:22:13.113 18171 18231 I art     : Explicit concurrent mark sweep GC freed 8(256B) AllocSpace objects, 0(0B) LOS objects, 22% free, 53MB/69MB, paused 534us total 22.980ms
08-04 21:22:13.403 18171 18183 I art     : Starting a blocking GC Explicit
08-04 21:22:13.428 18171 18183 I art     : Explicit concurrent mark sweep GC freed 1344(78KB) AllocSpace objects, 1(20KB) LOS objects, 22% free, 53MB/69MB, paused 501us total 25.560ms
08-04 21:22:13.438 18171 18183 I art     : Starting a blocking GC Explicit
08-04 21:22:13.463 18171 18183 I art     : Explicit concurrent mark sweep GC freed 36(1264B) AllocSpace objects, 0(0B) LOS objects, 22% free, 53MB/69MB, paused 498us total 24.283ms
08-04 21:22:13.472 18171 18183 I art     : Starting a blocking GC Explicit
08-04 21:22:13.497 18171 18183 I art     : Explicit concurrent mark sweep GC freed 3(96B) AllocSpace objects, 0(0B) LOS objects, 22% free, 53MB/69MB, paused 649us total 24.496ms
08-04 21:22:13.506 18171 18183 I art     : Starting a blocking GC Explicit
08-04 21:22:13.531 18171 18183 I art     : Explicit concurrent mark sweep GC freed 3(96B) AllocSpace objects, 0(0B) LOS objects, 22% free, 53MB/69MB, paused 544us total 24.771ms
08-04 21:22:13.540 18171 18183 I art     : Starting a blocking GC Explicit
08-04 21:22:13.566 18171 18183 I art     : Explicit concurrent mark sweep GC freed 3(96B) AllocSpace objects, 0(0B) LOS objects, 22% free, 53MB/69MB, paused 529us total 25.097ms
08-04 21:22:13.868 18171 18184 I art     : Starting a blocking GC Explicit
08-04 21:22:13.903 18171 18184 I art     : Explicit concurrent mark sweep GC freed 1344(78KB) AllocSpace objects, 1(20KB) LOS objects, 22% free, 53MB/69MB, paused 593us total 34.543ms
08-04 21:22:13.915 18171 18184 I art     : Starting a blocking GC Explicit
08-04 21:22:13.940 18171 18184 I art     : Explicit concurrent mark sweep GC freed 20(704B) AllocSpace objects, 0(0B) LOS objects, 22% free, 53MB/69MB, paused 548us total 25.307ms
08-04 21:22:13.950 18171 18184 I art     : Starting a blocking GC Explicit
08-04 21:22:13.975 18171 18184 I art     : Explicit concurrent mark sweep GC freed 3(96B) AllocSpace objects, 0(0B) LOS objects, 22% free, 53MB/69MB, paused 543us total 24.931ms
08-04 21:22:13.984 18171 18184 I art     : Starting a blocking GC Explicit
08-04 21:22:14.010 18171 18184 I art     : Explicit concurrent mark sweep GC freed 3(96B) AllocSpace objects, 0(0B) LOS objects, 22% free, 53MB/69MB, paused 527us total 25.243ms
08-04 21:22:14.019 18171 18184 I art     : Starting a blocking GC Explicit
08-04 21:22:14.045 18171 18184 I art     : Explicit concurrent mark sweep GC freed 3(96B) AllocSpace objects, 0(0B) LOS objects, 22% free, 53MB/69MB, paused 529us total 25.365ms
08-04 21:22:14.371 18171 18231 I art     : Starting a blocking GC Explicit
08-04 21:22:14.406 18171 18231 I art     : Explicit concurrent mark sweep GC freed 1365(79KB) AllocSpace objects, 1(20KB) LOS objects, 22% free, 53MB/69MB, paused 616us total 34.981ms
08-04 21:22:14.419 18171 18231 I art     : Starting a blocking GC Explicit
08-04 21:22:14.445 18171 18231 I art     : Explicit concurrent mark sweep GC freed 36(1216B) AllocSpace objects, 0(0B) LOS objects, 22% free, 53MB/69MB, paused 529us total 25.597ms
08-04 21:22:14.445 18171 18181 I art     : WaitForGcToComplete blocked for 24.442ms for cause HeapTrim
08-04 21:22:14.454 18171 18231 I art     : Starting a blocking GC Explicit
08-04 21:22:14.479 18171 18231 I art     : Explicit concurrent mark sweep GC freed 3(96B) AllocSpace objects, 0(0B) LOS objects, 22% free, 53MB/69MB, paused 514us total 24.692ms
08-04 21:22:14.488 18171 18231 I art     : Starting a blocking GC Explicit
08-04 21:22:14.513 18171 18231 I art     : Explicit concurrent mark sweep GC freed 3(96B) AllocSpace objects, 0(0B) LOS objects, 22% free, 53MB/69MB, paused 500us total 24.636ms
08-04 21:22:14.522 18171 18231 I art     : Starting a blocking GC Explicit
08-04 21:22:14.547 18171 18231 I art     : Explicit concurrent mark sweep GC freed 3(96B) AllocSpace objects, 0(0B) LOS objects, 22% free, 53MB/69MB, paused 647us total 24.419ms
08-04 21:22:14.765   918  3261 D WifiStateMachine: starting scan for "H369AA63323"WPA_PSK with 2412,5180
08-04 21:22:14.855 18171 18434 I art     : Starting a blocking GC Explicit
08-04 21:22:14.887 18171 18434 I art     : Explicit concurrent mark sweep GC freed 1344(78KB) AllocSpace objects, 1(20KB) LOS objects, 22% free, 53MB/69MB, paused 578us total 31.212ms
08-04 21:22:14.898 18171 18434 I art     : Starting a blocking GC Explicit
08-04 21:22:14.923 18171 18434 I art     : Explicit concurrent mark sweep GC freed 20(704B) AllocSpace objects, 0(0B) LOS objects, 22% free, 53MB/69MB, paused 530us total 24.793ms
08-04 21:22:14.933 18171 18434 I art     : Starting a blocking GC Explicit
08-04 21:22:14.957 18171 18434 I art     : Explicit concurrent mark sweep GC freed 3(96B) AllocSpace objects, 0(0B) LOS objects, 22% free, 53MB/69MB, paused 552us total 24.550ms
08-04 21:22:14.967 18171 18434 I art     : Starting a blocking GC Explicit
08-04 21:22:14.991 18171 18434 I art     : Explicit concurrent mark sweep GC freed 3(96B) AllocSpace objects, 0(0B) LOS objects, 22% free, 53MB/69MB, paused 526us total 24.268ms
08-04 21:22:15.000 18171 18434 I art     : Starting a blocking GC Explicit
08-04 21:22:15.026 18171 18434 I art     : Explicit concurrent mark sweep GC freed 3(96B) AllocSpace objects, 0(0B) LOS objects, 22% free, 53MB/69MB, paused 511us total 24.997ms
08-04 21:22:15.380 18171 18183 I art     : Starting a blocking GC Explicit
08-04 21:22:15.417 18171 18183 I art     : Explicit concurrent mark sweep GC freed 1344(78KB) AllocSpace objects, 1(20KB) LOS objects, 22% free, 53MB/69MB, paused 610us total 35.489ms
08-04 21:22:15.429 18171 18183 I art     : Starting a blocking GC Explicit
08-04 21:22:15.454 18171 18183 I art     : Explicit concurrent mark sweep GC freed 20(704B) AllocSpace objects, 0(0B) LOS objects, 22% free, 53MB/69MB, paused 516us total 24.905ms
08-04 21:22:15.464 18171 18183 I art     : Starting a blocking GC Explicit
08-04 21:22:15.488 18171 18183 I art     : Explicit concurrent mark sweep GC freed 3(96B) AllocSpace objects, 0(0B) LOS objects, 22% free, 53MB/69MB, paused 518us total 24.427ms
08-04 21:22:15.497 18171 18183 I art     : Starting a blocking GC Explicit
08-04 21:22:15.522 18171 18183 I art     : Explicit concurrent mark sweep GC freed 3(96B) AllocSpace objects, 0(0B) LOS objects, 22% free, 53MB/69MB, paused 507us total 24.814ms
08-04 21:22:15.532 18171 18183 I art     : Starting a blocking GC Explicit
08-04 21:22:15.557 18171 18183 I art     : Explicit concurrent mark sweep GC freed 3(96B) AllocSpace objects, 0(0B) LOS objects, 22% free, 53MB/69MB, paused 603us total 24.975ms
08-04 21:22:15.871 18171 18184 I art     : Starting a blocking GC Explicit
08-04 21:22:15.907 18171 18184 I art     : Explicit concurrent mark sweep GC freed 1344(78KB) AllocSpace objects, 1(20KB) LOS objects, 22% free, 53MB/69MB, paused 661us total 35.329ms
08-04 21:22:15.920 18171 18184 I art     : Starting a blocking GC Explicit
08-04 21:22:15.948 18171 18184 I art     : Explicit concurrent mark sweep GC freed 20(704B) AllocSpace objects, 0(0B) LOS objects, 22% free, 53MB/69MB, paused 570us total 27.297ms
08-04 21:22:15.957 18171 18184 I art     : Starting a blocking GC Explicit
08-04 21:22:15.983 18171 18184 I art     : Explicit concurrent mark sweep GC freed 3(96B) AllocSpace objects, 0(0B) LOS objects, 22% free, 53MB/69MB, paused 516us total 25.124ms
08-04 21:22:15.992 18171 18184 I art     : Starting a blocking GC Explicit
08-04 21:22:16.017 18171 18184 I art     : Explicit concurrent mark sweep GC freed 3(96B) AllocSpace objects, 0(0B) LOS objects, 22% free, 53MB/69MB, paused 543us total 25.042ms
08-04 21:22:16.027 18171 18184 I art     : Starting a blocking GC Explicit
08-04 21:22:16.051 18171 18184 I art     : Explicit concurrent mark sweep GC freed 3(96B) AllocSpace objects, 0(0B) LOS objects, 22% free, 53MB/69MB, paused 512us total 23.984ms
08-04 21:22:16.375 18171 18231 I art     : Starting a blocking GC Explicit
08-04 21:22:16.401 18171 18231 I art     : Explicit concurrent mark sweep GC freed 1344(78KB) AllocSpace objects, 1(20KB) LOS objects, 22% free, 53MB/69MB, paused 533us total 25.524ms
08-04 21:22:16.411 18171 18231 I art     : Starting a blocking GC Explicit
08-04 21:22:16.435 18171 18231 I art     : Explicit concurrent mark sweep GC freed 20(704B) AllocSpace objects, 0(0B) LOS objects, 22% free, 53MB/69MB, paused 532us total 23.788ms
08-04 21:22:16.444 18171 18231 I art     : Starting a blocking GC Explicit
08-04 21:22:16.467 18171 18231 I art     : Explicit concurrent mark sweep GC freed 3(96B) AllocSpace objects, 0(0B) LOS objects, 22% free, 53MB/69MB, paused 598us total 23.072ms
08-04 21:22:16.476 18171 18231 I art     : Starting a blocking GC Explicit
08-04 21:22:16.499 18171 18231 I art     : Explicit concurrent mark sweep GC freed 3(96B) AllocSpace objects, 0(0B) LOS objects, 22% free, 53MB/69MB, paused 516us total 23.403ms
08-04 21:22:16.508 18171 18231 I art     : Starting a blocking GC Explicit
08-04 21:22:16.532 18171 18231 I art     : Explicit concurrent mark sweep GC freed 3(96B) AllocSpace objects, 0(0B) LOS objects, 22% free, 53MB/69MB, paused 521us total 23.774ms
08-04 21:22:16.779 21593 21593 D AndroidRuntime: >>>>>> START com.android.internal.os.RuntimeInit uid 2000 <<<<<<
08-04 21:22:16.784 21593 21593 D AndroidRuntime: CheckJNI is OFF
08-04 21:22:16.820 21593 21593 D ICU     : No timezone override file found: /data/misc/zoneinfo/current/icu/icu_tzdata.dat
08-04 21:22:16.835 18171 18434 I art     : Starting a blocking GC Explicit
08-04 21:22:16.854 21593 21593 I Radio-JNI: register_android_hardware_Radio DONE
08-04 21:22:16.860 18171 18434 I art     : Explicit concurrent mark sweep GC freed 1344(78KB) AllocSpace objects, 1(20KB) LOS objects, 22% free, 53MB/69MB, paused 594us total 24.966ms
08-04 21:22:16.870 18171 18434 I art     : Starting a blocking GC Explicit
08-04 21:22:16.877 21593 21593 D AndroidRuntime: Calling main entry com.android.commands.input.Input
08-04 21:22:16.879 21593 21593 I Input   : injectKeyEvent: KeyEvent { action=ACTION_DOWN, keyCode=KEYCODE_BACK, scanCode=0, metaState=0, flags=0x0, repeatCount=0, eventTime=739353292, downTime=739353292, deviceId=-1, source=0x101 }
08-04 21:22:16.885 21593 21593 I Input   : injectKeyEvent: KeyEvent { action=ACTION_UP, keyCode=KEYCODE_BACK, scanCode=0, metaState=0, flags=0x0, repeatCount=0, eventTime=739353292, downTime=739353292, deviceId=-1, source=0x101 }
08-04 21:22:16.892 21593 21593 D AndroidRuntime: Shutting down VM
08-04 21:22:16.894 18171 18434 I art     : Explicit concurrent mark sweep GC freed 34(1216B) AllocSpace objects, 0(0B) LOS objects, 22% free, 53MB/69MB, paused 626us total 24.277ms
08-04 21:22:16.903 18171 18434 I art     : Starting a blocking GC Explicit
08-04 21:22:16.926 18171 18434 I art     : Explicit concurrent mark sweep GC freed 133(5KB) AllocSpace objects, 0(0B) LOS objects, 22% free, 53MB/69MB, paused 516us total 22.545ms
08-04 21:22:16.933 13866 13866 I GoogleInputMethodServic: GoogleInputMethodService.onFinishInput():3138 
08-04 21:22:16.933 13866 13866 I GoogleInputMethodServic: GoogleInputMethodService.onStartInput():1808 
08-04 21:22:16.934 18171 18434 I art     : Starting a blocking GC Explicit
08-04 21:22:16.955 18171 18434 I art     : Explicit concurrent mark sweep GC freed 30(1136B) AllocSpace objects, 0(0B) LOS objects, 22% free, 53MB/69MB, paused 471us total 20.910ms
08-04 21:22:16.964 18171 18434 I art     : Starting a blocking GC Explicit
08-04 21:22:16.986 18171 18434 I art     : Explicit concurrent mark sweep GC freed 16(528B) AllocSpace objects, 0(0B) LOS objects, 22% free, 53MB/69MB, paused 723us total 21.871ms
08-04 21:22:17.232   380   380 W SurfaceFlinger: couldn't log to binary event log: overflow.
08-04 21:22:17.263 18171 18434 I art     : Starting a blocking GC Explicit
08-04 21:22:17.285 18171 18434 I art     : Explicit concurrent mark sweep GC freed 1456(87KB) AllocSpace objects, 1(20KB) LOS objects, 22% free, 53MB/69MB, paused 490us total 21.873ms
08-04 21:22:17.293 18171 18434 I art     : Starting a blocking GC Explicit
08-04 21:22:17.316 18171 18434 I art     : Explicit concurrent mark sweep GC freed 1671(107KB) AllocSpace objects, 3(180KB) LOS objects, 22% free, 53MB/69MB, paused 497us total 22.828ms
08-04 21:22:17.325 18171 18434 I art     : Starting a blocking GC Explicit
08-04 21:22:17.348 18171 18434 I art     : Explicit concurrent mark sweep GC freed 3(96B) AllocSpace objects, 0(0B) LOS objects, 22% free, 53MB/69MB, paused 510us total 22.912ms
08-04 21:22:17.357 18171 18434 I art     : Starting a blocking GC Explicit
08-04 21:22:17.381 18171 18434 I art     : Explicit concurrent mark sweep GC freed 3(96B) AllocSpace objects, 0(0B) LOS objects, 22% free, 53MB/69MB, paused 507us total 23.626ms
08-04 21:22:17.390 18171 18434 I art     : Starting a blocking GC Explicit
08-04 21:22:17.414 18171 18434 I art     : Explicit concurrent mark sweep GC freed 3(96B) AllocSpace objects, 0(0B) LOS objects, 22% free, 53MB/69MB, paused 582us total 23.738ms
08-04 21:22:17.702 18171 18231 I art     : Starting a blocking GC Explicit
08-04 21:22:17.738 18171 18231 I art     : Explicit concurrent mark sweep GC freed 1344(78KB) AllocSpace objects, 1(20KB) LOS objects, 22% free, 53MB/69MB, paused 819us total 35.542ms
08-04 21:22:17.751 18171 18231 I art     : Starting a blocking GC Explicit
08-04 21:22:17.779 18171 18231 I art     : Explicit concurrent mark sweep GC freed 20(704B) AllocSpace objects, 0(0B) LOS objects, 22% free, 53MB/69MB, paused 522us total 27.616ms
08-04 21:22:17.788 18171 18231 I art     : Starting a blocking GC Explicit
08-04 21:22:17.813 18171 18231 I art     : Explicit concurrent mark sweep GC freed 3(96B) AllocSpace objects, 0(0B) LOS objects, 22% free, 53MB/69MB, paused 512us total 24.285ms
08-04 21:22:17.822 18171 18231 I art     : Starting a blocking GC Explicit
08-04 21:22:17.846 18171 18231 I art     : Explicit concurrent mark sweep GC freed 3(96B) AllocSpace objects, 0(0B) LOS objects, 22% free, 53MB/69MB, paused 512us total 23.950ms
08-04 21:22:17.855 18171 18231 I art     : Starting a blocking GC Explicit
08-04 21:22:17.879 18171 18231 I art     : Explicit concurrent mark sweep GC freed 3(96B) AllocSpace objects, 0(0B) LOS objects, 22% free, 53MB/69MB, paused 501us total 23.765ms
08-04 21:22:18.174 18171 18183 I art     : Starting a blocking GC Explicit
08-04 21:22:18.199 18171 18183 I art     : Explicit concurrent mark sweep GC freed 1344(78KB) AllocSpace objects, 1(20KB) LOS objects, 22% free, 53MB/69MB, paused 537us total 24.449ms
08-04 21:22:18.208 18171 18183 I art     : Starting a blocking GC Explicit
08-04 21:22:18.231 18171 18183 I art     : Explicit concurrent mark sweep GC freed 20(704B) AllocSpace objects, 0(0B) LOS objects, 22% free, 53MB/69MB, paused 534us total 22.896ms
08-04 21:22:18.240 18171 18183 I art     : Starting a blocking GC Explicit
08-04 21:22:18.263 18171 18183 I art     : Explicit concurrent mark sweep GC freed 3(96B) AllocSpace objects, 0(0B) LOS objects, 22% free, 53MB/69MB, paused 505us total 23.063ms
08-04 21:22:18.272 18171 18183 I art     : Starting a blocking GC Explicit
08-04 21:22:18.295 18171 18183 I art     : Explicit concurrent mark sweep GC freed 3(96B) AllocSpace objects, 0(0B) LOS objects, 22% free, 53MB/69MB, paused 504us total 22.975ms
08-04 21:22:18.304 18171 18183 I art     : Starting a blocking GC Explicit
08-04 21:22:18.327 18171 18183 I art     : Explicit concurrent mark sweep GC freed 3(96B) AllocSpace objects, 0(0B) LOS objects, 22% free, 53MB/69MB, paused 515us total 22.537ms
08-04 21:22:18.544 21647 21647 D AndroidRuntime: >>>>>> START com.android.internal.os.RuntimeInit uid 2000 <<<<<<
08-04 21:22:18.549 21647 21647 D AndroidRuntime: CheckJNI is OFF
08-04 21:22:18.584 21647 21647 D ICU     : No timezone override file found: /data/misc/zoneinfo/current/icu/icu_tzdata.dat
08-04 21:22:18.609 18171 18184 I art     : Starting a blocking GC Explicit
08-04 21:22:18.617 21647 21647 I Radio-JNI: register_android_hardware_Radio DONE
08-04 21:22:18.633 18171 18184 I art     : Explicit concurrent mark sweep GC freed 1344(78KB) AllocSpace objects, 1(20KB) LOS objects, 22% free, 53MB/69MB, paused 533us total 23.639ms
08-04 21:22:18.641 21647 21647 D AndroidRuntime: Calling main entry com.android.commands.input.Input
08-04 21:22:18.642 18171 18184 I art     : Starting a blocking GC Explicit
08-04 21:22:18.643 21647 21647 I Input   : injectMotionEvent: MotionEvent { action=ACTION_DOWN, actionButton=0, id[0]=0, x[0]=255.0, y[0]=1845.0, toolType[0]=TOOL_TYPE_UNKNOWN, buttonState=0, metaState=0, flags=0x0, edgeFlags=0x0, pointerCount=1, historySize=0, eventTime=739355055, downTime=739355055, deviceId=0, source=0x1002 }
08-04 21:22:18.648 21647 21647 I Input   : injectMotionEvent: MotionEvent { action=ACTION_UP, actionButton=0, id[0]=0, x[0]=255.0, y[0]=1845.0, toolType[0]=TOOL_TYPE_UNKNOWN, buttonState=0, metaState=0, flags=0x0, edgeFlags=0x0, pointerCount=1, historySize=0, eventTime=739355055, downTime=739355055, deviceId=0, source=0x1002 }
08-04 21:22:18.649   918  5952 I ActivityManager: START u0 {cmp=baseline.appteam.nith.hillffair/.activities.ClubActivity (has extras)} from uid 10651 on display 0
08-04 21:22:18.657 21647 21647 D AndroidRuntime: Shutting down VM
08-04 21:22:18.666 18171 18184 I art     : Explicit concurrent mark sweep GC freed 84(4KB) AllocSpace objects, 0(0B) LOS objects, 22% free, 53MB/69MB, paused 829us total 24.177ms
08-04 21:22:18.676 18171 18184 I art     : Starting a blocking GC Explicit
08-04 21:22:18.699 18171 18184 I art     : Explicit concurrent mark sweep GC freed 3308(213KB) AllocSpace objects, 0(0B) LOS objects, 22% free, 53MB/69MB, paused 855us total 23.034ms
08-04 21:22:18.707 18171 18184 I art     : Starting a blocking GC Explicit
08-04 21:22:18.730 18171 18184 I art     : Explicit concurrent mark sweep GC freed 180(7KB) AllocSpace objects, 0(0B) LOS objects, 22% free, 53MB/69MB, paused 546us total 22.176ms
08-04 21:22:18.738 18171 18184 I art     : Starting a blocking GC Explicit
08-04 21:22:18.759   918   936 I ActivityManager: Displayed baseline.appteam.nith.hillffair/.activities.ClubActivity: +101ms
08-04 21:22:18.759 13866 13866 I GoogleInputMethodServic: GoogleInputMethodService.onFinishInput():3138 
08-04 21:22:18.760 13866 13866 I GoogleInputMethodServic: GoogleInputMethodService.onStartInput():1808 
08-04 21:22:18.762 18171 18184 I art     : Explicit concurrent mark sweep GC freed 208(8KB) AllocSpace objects, 0(0B) LOS objects, 22% free, 53MB/69MB, paused 902us total 23.948ms
08-04 21:22:19.018   380   380 W SurfaceFlinger: couldn't log to binary event log: overflow.
08-04 21:22:19.037 18171 18184 I art     : Starting a blocking GC Explicit
08-04 21:22:19.059 18171 18184 I art     : Explicit concurrent mark sweep GC freed 1435(84KB) AllocSpace objects, 1(20KB) LOS objects, 22% free, 53MB/69MB, paused 513us total 22.021ms
08-04 21:22:19.067 18171 18184 I art     : Starting a blocking GC Explicit
08-04 21:22:19.089 18171 18184 I art     : Explicit concurrent mark sweep GC freed 28(976B) AllocSpace objects, 0(0B) LOS objects, 22% free, 53MB/69MB, paused 512us total 21.420ms
08-04 21:22:19.097 18171 18184 I art     : Starting a blocking GC Explicit
08-04 21:22:19.121 18171 18184 I art     : Explicit concurrent mark sweep GC freed 3(96B) AllocSpace objects, 0(0B) LOS objects, 22% free, 53MB/69MB, paused 586us total 23.238ms
08-04 21:22:19.130 18171 18184 I art     : Starting a blocking GC Explicit
08-04 21:22:19.156 18171 18184 I art     : Explicit concurrent mark sweep GC freed 107(5KB) AllocSpace objects, 0(0B) LOS objects, 22% free, 53MB/69MB, paused 683us total 26.172ms
08-04 21:22:19.167 18171 18184 I art     : Starting a blocking GC Explicit
08-04 21:22:19.189 18171 18184 I art     : Explicit concurrent mark sweep GC freed 15(560B) AllocSpace objects, 0(0B) LOS objects, 22% free, 53MB/69MB, paused 534us total 21.912ms
08-04 21:22:19.478 18171 18183 I art     : Starting a blocking GC Explicit
08-04 21:22:19.505 18171 18183 I art     : Explicit concurrent mark sweep GC freed 3905(209KB) AllocSpace objects, 3(140KB) LOS objects, 22% free, 54MB/70MB, paused 948us total 26.706ms
08-04 21:22:19.505 18171 18181 I art     : WaitForGcToComplete blocked for 25.175ms for cause HeapTrim
08-04 21:22:19.507 18171 21670 D OkHttp  : --> GET https://api-hillfair-2k16.herokuapp.com/api/app/club/Technical%20Committee http/1.1
08-04 21:22:19.514 18171 18183 I art     : Starting a blocking GC Explicit
08-04 21:22:19.537 18171 21670 D OkHttp  : <-- 200 OK https://api-hillfair-2k16.herokuapp.com/api/app/club/Technical%20Committee (30ms, 1171-byte body)
08-04 21:22:19.537 18171 18183 I art     : Explicit concurrent mark sweep GC freed 1070(121KB) AllocSpace objects, 1(80KB) LOS objects, 22% free, 53MB/69MB, paused 586us total 23.344ms
08-04 21:22:19.546 18171 18183 I art     : Starting a blocking GC Explicit
08-04 21:22:19.569 18171 18183 I art     : Explicit concurrent mark sweep GC freed 228(37KB) AllocSpace objects, 0(0B) LOS objects, 22% free, 53MB/69MB, paused 579us total 23.020ms
08-04 21:22:19.578 18171 18183 I art     : Starting a blocking GC Explicit
08-04 21:22:19.601 18171 18183 I art     : Explicit concurrent mark sweep GC freed 75(8KB) AllocSpace objects, 0(0B) LOS objects, 22% free, 53MB/69MB, paused 565us total 23.403ms
08-04 21:22:19.604 18171 18171 I NAPPA_EXPERIMENTATION: MetricNetworkRequestExecutionTime: REQUEST_DURATION_SYSTEM='919',REQUEST_DURATION_OKHTTP='30',REQUEST_SYNCHRONOUS='FALSE',RESPONSE_CODE='200',RESPONSE_METHOD='GET',RESPONSE_LENGTH_OKHTTP='1171',RESPONSE_LENGTH_HEADER='1171',REQUEST_PROTOCOL='http/1.1',REQUEST_URL='https://api-hillfair-2k16.herokuapp.com/api/app/club/Technical%20Committee',
08-04 21:22:19.610 18171 18183 I art     : Starting a blocking GC Explicit
08-04 21:22:19.633 18171 18183 I art     : Explicit concurrent mark sweep GC freed 579(76KB) AllocSpace objects, 0(0B) LOS objects, 22% free, 53MB/69MB, paused 687us total 22.530ms
08-04 21:22:19.912 18171 18183 I art     : Starting a blocking GC Explicit
08-04 21:22:19.938 18171 18183 I art     : Explicit concurrent mark sweep GC freed 1422(88KB) AllocSpace objects, 1(20KB) LOS objects, 22% free, 53MB/69MB, paused 554us total 25.957ms
08-04 21:22:19.948 18171 18183 I art     : Starting a blocking GC Explicit
08-04 21:22:19.973 18171 18183 I art     : Explicit concurrent mark sweep GC freed 23(800B) AllocSpace objects, 0(0B) LOS objects, 22% free, 53MB/69MB, paused 496us total 25.201ms
08-04 21:22:19.983 18171 18183 I art     : Starting a blocking GC Explicit
08-04 21:22:20.007 18171 18183 I art     : Explicit concurrent mark sweep GC freed 19(656B) AllocSpace objects, 0(0B) LOS objects, 22% free, 53MB/69MB, paused 551us total 23.763ms
08-04 21:22:20.016 18171 18183 I art     : Starting a blocking GC Explicit
08-04 21:22:20.040 18171 18183 I art     : Explicit concurrent mark sweep GC freed 3(96B) AllocSpace objects, 0(0B) LOS objects, 22% free, 53MB/69MB, paused 570us total 24.181ms
08-04 21:22:20.049 18171 18183 I art     : Starting a blocking GC Explicit
08-04 21:22:20.074 18171 18183 I art     : Explicit concurrent mark sweep GC freed 3(96B) AllocSpace objects, 0(0B) LOS objects, 22% free, 53MB/69MB, paused 548us total 24.768ms
08-04 21:22:20.376 18171 18231 I art     : Starting a blocking GC Explicit
08-04 21:22:20.409 18171 18231 I art     : Explicit concurrent mark sweep GC freed 1345(78KB) AllocSpace objects, 1(20KB) LOS objects, 22% free, 53MB/69MB, paused 614us total 32.725ms
08-04 21:22:20.421 18171 18231 I art     : Starting a blocking GC Explicit
08-04 21:22:20.447 18171 18231 I art     : Explicit concurrent mark sweep GC freed 20(704B) AllocSpace objects, 0(0B) LOS objects, 22% free, 53MB/69MB, paused 613us total 25.738ms
08-04 21:22:20.456 18171 18231 I art     : Starting a blocking GC Explicit
08-04 21:22:20.482 18171 18231 I art     : Explicit concurrent mark sweep GC freed 3(96B) AllocSpace objects, 0(0B) LOS objects, 22% free, 53MB/69MB, paused 597us total 25.521ms
08-04 21:22:20.492 18171 18231 I art     : Starting a blocking GC Explicit
08-04 21:22:20.517 18171 18231 I art     : Explicit concurrent mark sweep GC freed 3(96B) AllocSpace objects, 0(0B) LOS objects, 22% free, 53MB/69MB, paused 537us total 25.682ms
08-04 21:22:20.527 18171 18231 I art     : Starting a blocking GC Explicit
08-04 21:22:20.553 18171 18231 I art     : Explicit concurrent mark sweep GC freed 3(96B) AllocSpace objects, 0(0B) LOS objects, 22% free, 53MB/69MB, paused 551us total 25.591ms
08-04 21:22:20.867 18171 18184 I art     : Starting a blocking GC Explicit
08-04 21:22:20.902 18171 18184 I art     : Explicit concurrent mark sweep GC freed 1344(78KB) AllocSpace objects, 1(20KB) LOS objects, 22% free, 53MB/69MB, paused 582us total 35.473ms
08-04 21:22:20.915 18171 18184 I art     : Starting a blocking GC Explicit
08-04 21:22:20.941 18171 18184 I art     : Explicit concurrent mark sweep GC freed 20(704B) AllocSpace objects, 0(0B) LOS objects, 22% free, 53MB/69MB, paused 599us total 25.394ms
08-04 21:22:20.950 18171 18184 I art     : Starting a blocking GC Explicit
08-04 21:22:20.976 18171 18184 I art     : Explicit concurrent mark sweep GC freed 3(96B) AllocSpace objects, 0(0B) LOS objects, 22% free, 53MB/69MB, paused 525us total 25.155ms
08-04 21:22:20.985 18171 18184 I art     : Starting a blocking GC Explicit
08-04 21:22:21.010 18171 18184 I art     : Explicit concurrent mark sweep GC freed 3(96B) AllocSpace objects, 0(0B) LOS objects, 22% free, 53MB/69MB, paused 548us total 25.085ms
08-04 21:22:21.020 18171 18184 I art     : Starting a blocking GC Explicit
08-04 21:22:21.046 18171 18184 I art     : Explicit concurrent mark sweep GC freed 3(96B) AllocSpace objects, 0(0B) LOS objects, 22% free, 53MB/69MB, paused 549us total 25.605ms
08-04 21:22:21.355 18171 18434 I art     : Starting a blocking GC Explicit
08-04 21:22:21.390 18171 18434 I art     : Explicit concurrent mark sweep GC freed 1344(78KB) AllocSpace objects, 1(20KB) LOS objects, 22% free, 53MB/69MB, paused 598us total 35.097ms
08-04 21:22:21.405 18171 18434 I art     : Starting a blocking GC Explicit
08-04 21:22:21.430 18171 18434 I art     : Explicit concurrent mark sweep GC freed 20(704B) AllocSpace objects, 0(0B) LOS objects, 22% free, 53MB/69MB, paused 614us total 24.551ms
08-04 21:22:21.439 18171 18434 I art     : Starting a blocking GC Explicit
08-04 21:22:21.464 18171 18434 I art     : Explicit concurrent mark sweep GC freed 3(96B) AllocSpace objects, 0(0B) LOS objects, 22% free, 53MB/69MB, paused 542us total 24.980ms
08-04 21:22:21.474 18171 18434 I art     : Starting a blocking GC Explicit
08-04 21:22:21.499 18171 18434 I art     : Explicit concurrent mark sweep GC freed 3(96B) AllocSpace objects, 0(0B) LOS objects, 22% free, 53MB/69MB, paused 536us total 25.036ms
08-04 21:22:21.508 18171 18434 I art     : Starting a blocking GC Explicit
08-04 21:22:21.534 18171 18434 I art     : Explicit concurrent mark sweep GC freed 3(96B) AllocSpace objects, 0(0B) LOS objects, 22% free, 53MB/69MB, paused 562us total 25.370ms
08-04 21:22:21.869 18171 18183 I art     : Starting a blocking GC Explicit
08-04 21:22:21.901 18171 18183 I art     : Explicit concurrent mark sweep GC freed 1344(78KB) AllocSpace objects, 1(20KB) LOS objects, 22% free, 53MB/69MB, paused 590us total 31.608ms
08-04 21:22:21.913 18171 18183 I art     : Starting a blocking GC Explicit
08-04 21:22:21.939 18171 18183 I art     : Explicit concurrent mark sweep GC freed 20(704B) AllocSpace objects, 0(0B) LOS objects, 22% free, 53MB/69MB, paused 564us total 25.961ms
08-04 21:22:21.948 18171 18183 I art     : Starting a blocking GC Explicit
08-04 21:22:21.973 18171 18183 I art     : Explicit concurrent mark sweep GC freed 3(96B) AllocSpace objects, 0(0B) LOS objects, 22% free, 53MB/69MB, paused 572us total 24.855ms
08-04 21:22:21.983 18171 18183 I art     : Starting a blocking GC Explicit
08-04 21:22:22.008 18171 18183 I art     : Explicit concurrent mark sweep GC freed 3(96B) AllocSpace objects, 0(0B) LOS objects, 22% free, 53MB/69MB, paused 532us total 25.008ms
08-04 21:22:22.017 18171 18183 I art     : Starting a blocking GC Explicit
08-04 21:22:22.042 18171 18183 I art     : Explicit concurrent mark sweep GC freed 3(96B) AllocSpace objects, 0(0B) LOS objects, 22% free, 53MB/69MB, paused 558us total 25.062ms
08-04 21:22:22.365 18171 18231 I art     : Starting a blocking GC Explicit
08-04 21:22:22.397 18171 18231 I art     : Explicit concurrent mark sweep GC freed 1344(78KB) AllocSpace objects, 1(20KB) LOS objects, 22% free, 53MB/69MB, paused 592us total 31.886ms
08-04 21:22:22.410 18171 18231 I art     : Starting a blocking GC Explicit
08-04 21:22:22.437 18171 18231 I art     : Explicit concurrent mark sweep GC freed 20(704B) AllocSpace objects, 0(0B) LOS objects, 22% free, 53MB/69MB, paused 703us total 27.117ms
08-04 21:22:22.446 18171 18231 I art     : Starting a blocking GC Explicit
08-04 21:22:22.472 18171 18231 I art     : Explicit concurrent mark sweep GC freed 3(96B) AllocSpace objects, 0(0B) LOS objects, 22% free, 53MB/69MB, paused 553us total 24.817ms
08-04 21:22:22.481 18171 18231 I art     : Starting a blocking GC Explicit
08-04 21:22:22.507 18171 18231 I art     : Explicit concurrent mark sweep GC freed 3(96B) AllocSpace objects, 0(0B) LOS objects, 22% free, 53MB/69MB, paused 553us total 25.579ms
08-04 21:22:22.516 18171 18231 I art     : Starting a blocking GC Explicit
08-04 21:22:22.541 18171 18231 I art     : Explicit concurrent mark sweep GC freed 3(96B) AllocSpace objects, 0(0B) LOS objects, 22% free, 53MB/69MB, paused 543us total 24.775ms
08-04 21:22:22.881 18171 18184 I art     : Starting a blocking GC Explicit
08-04 21:22:22.916 18171 18184 I art     : Explicit concurrent mark sweep GC freed 1344(78KB) AllocSpace objects, 1(20KB) LOS objects, 22% free, 53MB/69MB, paused 568us total 35.234ms
08-04 21:22:22.925 18171 18184 I art     : Starting a blocking GC Explicit
08-04 21:22:22.949 18171 18184 I art     : Explicit concurrent mark sweep GC freed 20(704B) AllocSpace objects, 0(0B) LOS objects, 22% free, 53MB/69MB, paused 572us total 23.575ms
08-04 21:22:22.959 18171 18184 I art     : Starting a blocking GC Explicit
08-04 21:22:22.982 18171 18184 I art     : Explicit concurrent mark sweep GC freed 3(96B) AllocSpace objects, 0(0B) LOS objects, 22% free, 53MB/69MB, paused 542us total 22.994ms
08-04 21:22:22.990 18171 18184 I art     : Starting a blocking GC Explicit
08-04 21:22:23.015 18171 18184 I art     : Explicit concurrent mark sweep GC freed 3(96B) AllocSpace objects, 0(0B) LOS objects, 22% free, 53MB/69MB, paused 580us total 24.014ms
08-04 21:22:23.024 18171 18184 I art     : Starting a blocking GC Explicit
08-04 21:22:23.048 18171 18184 I art     : Explicit concurrent mark sweep GC freed 3(96B) AllocSpace objects, 0(0B) LOS objects, 22% free, 53MB/69MB, paused 565us total 23.855ms
08-04 21:22:23.310 21762 21762 D AndroidRuntime: >>>>>> START com.android.internal.os.RuntimeInit uid 2000 <<<<<<
08-04 21:22:23.315 21762 21762 D AndroidRuntime: CheckJNI is OFF
08-04 21:22:23.351 21762 21762 D ICU     : No timezone override file found: /data/misc/zoneinfo/current/icu/icu_tzdata.dat
08-04 21:22:23.357 18171 18434 I art     : Starting a blocking GC Explicit
08-04 21:22:23.383 18171 18434 I art     : Explicit concurrent mark sweep GC freed 1344(78KB) AllocSpace objects, 1(20KB) LOS objects, 22% free, 53MB/69MB, paused 617us total 25.233ms
08-04 21:22:23.385 21762 21762 I Radio-JNI: register_android_hardware_Radio DONE
08-04 21:22:23.392 18171 18434 I art     : Starting a blocking GC Explicit
08-04 21:22:23.409 21762 21762 D AndroidRuntime: Calling main entry com.android.commands.input.Input
08-04 21:22:23.411 21762 21762 I Input   : injectKeyEvent: KeyEvent { action=ACTION_DOWN, keyCode=KEYCODE_BACK, scanCode=0, metaState=0, flags=0x0, repeatCount=0, eventTime=739359824, downTime=739359824, deviceId=-1, source=0x101 }
08-04 21:22:23.417 18171 18434 I art     : Explicit concurrent mark sweep GC freed 20(704B) AllocSpace objects, 0(0B) LOS objects, 22% free, 53MB/69MB, paused 574us total 24.923ms
08-04 21:22:23.418 21762 21762 I Input   : injectKeyEvent: KeyEvent { action=ACTION_UP, keyCode=KEYCODE_BACK, scanCode=0, metaState=0, flags=0x0, repeatCount=0, eventTime=739359824, downTime=739359824, deviceId=-1, source=0x101 }
08-04 21:22:23.424 21762 21762 D AndroidRuntime: Shutting down VM
08-04 21:22:23.426 18171 18434 I art     : Starting a blocking GC Explicit
08-04 21:22:23.451 18171 18434 I art     : Explicit concurrent mark sweep GC freed 148(6KB) AllocSpace objects, 0(0B) LOS objects, 22% free, 53MB/69MB, paused 530us total 24.297ms
08-04 21:22:23.459 18171 18434 I art     : Starting a blocking GC Explicit
08-04 21:22:23.469 13866 13866 I GoogleInputMethodServic: GoogleInputMethodService.onFinishInput():3138 
08-04 21:22:23.470 13866 13866 I GoogleInputMethodServic: GoogleInputMethodService.onStartInput():1808 
08-04 21:22:23.481 18171 18434 I art     : Explicit concurrent mark sweep GC freed 7(384B) AllocSpace objects, 0(0B) LOS objects, 22% free, 53MB/69MB, paused 511us total 22.086ms
08-04 21:22:23.490 18171 18434 I art     : Starting a blocking GC Explicit
08-04 21:22:23.512 18171 18434 I art     : Explicit concurrent mark sweep GC freed 39(1280B) AllocSpace objects, 0(0B) LOS objects, 22% free, 53MB/69MB, paused 512us total 21.599ms
08-04 21:22:23.769 18171 18184 I art     : Starting a blocking GC Explicit
08-04 21:22:23.772   380   380 W SurfaceFlinger: couldn't log to binary event log: overflow.
08-04 21:22:23.792 18171 18184 I art     : Explicit concurrent mark sweep GC freed 1455(86KB) AllocSpace objects, 1(20KB) LOS objects, 22% free, 53MB/69MB, paused 502us total 23.272ms
08-04 21:22:23.801 18171 18184 I art     : Starting a blocking GC Explicit
08-04 21:22:23.824 18171 18184 I art     : Explicit concurrent mark sweep GC freed 129(6KB) AllocSpace objects, 0(0B) LOS objects, 22% free, 53MB/69MB, paused 517us total 22.312ms
08-04 21:22:23.833 18171 18184 I art     : Starting a blocking GC Explicit
08-04 21:22:23.855 18171 18184 I art     : Explicit concurrent mark sweep GC freed 1545(102KB) AllocSpace objects, 3(180KB) LOS objects, 22% free, 53MB/69MB, paused 534us total 22.272ms
08-04 21:22:23.863 18171 18184 I art     : Starting a blocking GC Explicit
08-04 21:22:23.887 18171 18184 I art     : Explicit concurrent mark sweep GC freed 3(96B) AllocSpace objects, 0(0B) LOS objects, 22% free, 53MB/69MB, paused 587us total 23.165ms
08-04 21:22:23.896 18171 18184 I art     : Starting a blocking GC Explicit
08-04 21:22:23.919 18171 18184 I art     : Explicit concurrent mark sweep GC freed 3(96B) AllocSpace objects, 0(0B) LOS objects, 22% free, 53MB/69MB, paused 545us total 23.533ms
08-04 21:22:24.209 18171 18231 I art     : Starting a blocking GC Explicit
08-04 21:22:24.243 18171 18231 I art     : Explicit concurrent mark sweep GC freed 1344(78KB) AllocSpace objects, 1(20KB) LOS objects, 22% free, 53MB/69MB, paused 653us total 33.719ms
08-04 21:22:24.256 18171 18231 I art     : Starting a blocking GC Explicit
08-04 21:22:24.280 18171 18231 I art     : Explicit concurrent mark sweep GC freed 20(704B) AllocSpace objects, 0(0B) LOS objects, 22% free, 53MB/69MB, paused 539us total 24.562ms
08-04 21:22:24.290 18171 18231 I art     : Starting a blocking GC Explicit
08-04 21:22:24.315 18171 18231 I art     : Explicit concurrent mark sweep GC freed 3(96B) AllocSpace objects, 0(0B) LOS objects, 22% free, 53MB/69MB, paused 534us total 24.737ms
08-04 21:22:24.324 18171 18231 I art     : Starting a blocking GC Explicit
08-04 21:22:24.349 18171 18231 I art     : Explicit concurrent mark sweep GC freed 3(96B) AllocSpace objects, 0(0B) LOS objects, 22% free, 53MB/69MB, paused 618us total 24.596ms
08-04 21:22:24.358 18171 18231 I art     : Starting a blocking GC Explicit
08-04 21:22:24.383 18171 18231 I art     : Explicit concurrent mark sweep GC freed 3(96B) AllocSpace objects, 0(0B) LOS objects, 22% free, 53MB/69MB, paused 530us total 24.983ms
08-04 21:22:24.694 18171 18183 I art     : Starting a blocking GC Explicit
08-04 21:22:24.718 18171 18183 I art     : Explicit concurrent mark sweep GC freed 1344(78KB) AllocSpace objects, 1(20KB) LOS objects, 22% free, 53MB/69MB, paused 574us total 24.606ms
08-04 21:22:24.728 18171 18183 I art     : Starting a blocking GC Explicit
08-04 21:22:24.752 18171 18183 I art     : Explicit concurrent mark sweep GC freed 20(704B) AllocSpace objects, 0(0B) LOS objects, 22% free, 53MB/69MB, paused 560us total 23.693ms
08-04 21:22:24.761 18171 18183 I art     : Starting a blocking GC Explicit
08-04 21:22:24.785 18171 18183 I art     : Explicit concurrent mark sweep GC freed 3(96B) AllocSpace objects, 0(0B) LOS objects, 22% free, 53MB/69MB, paused 539us total 23.015ms
08-04 21:22:24.793 18171 18183 I art     : Starting a blocking GC Explicit
08-04 21:22:24.818 18171 18183 I art     : Explicit concurrent mark sweep GC freed 3(96B) AllocSpace objects, 0(0B) LOS objects, 22% free, 53MB/69MB, paused 555us total 23.975ms
08-04 21:22:24.827 18171 18183 I art     : Starting a blocking GC Explicit
08-04 21:22:24.850 18171 18183 I art     : Explicit concurrent mark sweep GC freed 3(96B) AllocSpace objects, 0(0B) LOS objects, 22% free, 53MB/69MB, paused 627us total 22.831ms
08-04 21:22:25.068 21815 21815 D AndroidRuntime: >>>>>> START com.android.internal.os.RuntimeInit uid 2000 <<<<<<
08-04 21:22:25.073 21815 21815 D AndroidRuntime: CheckJNI is OFF
08-04 21:22:25.108 21815 21815 D ICU     : No timezone override file found: /data/misc/zoneinfo/current/icu/icu_tzdata.dat
08-04 21:22:25.120 18171 18434 I art     : Starting a blocking GC Explicit
08-04 21:22:25.141 21815 21815 I Radio-JNI: register_android_hardware_Radio DONE
08-04 21:22:25.146 18171 18434 I art     : Explicit concurrent mark sweep GC freed 1344(78KB) AllocSpace objects, 1(20KB) LOS objects, 22% free, 53MB/69MB, paused 578us total 25.189ms
08-04 21:22:25.156 18171 18434 I art     : Starting a blocking GC Explicit
08-04 21:22:25.165 21815 21815 D AndroidRuntime: Calling main entry com.android.commands.input.Input
08-04 21:22:25.167 21815 21815 I Input   : injectMotionEvent: MotionEvent { action=ACTION_DOWN, actionButton=0, id[0]=0, x[0]=255.0, y[0]=1845.0, toolType[0]=TOOL_TYPE_UNKNOWN, buttonState=0, metaState=0, flags=0x0, edgeFlags=0x0, pointerCount=1, historySize=0, eventTime=739361580, downTime=739361580, deviceId=0, source=0x1002 }
08-04 21:22:25.171 21815 21815 I Input   : injectMotionEvent: MotionEvent { action=ACTION_UP, actionButton=0, id[0]=0, x[0]=255.0, y[0]=1845.0, toolType[0]=TOOL_TYPE_UNKNOWN, buttonState=0, metaState=0, flags=0x0, edgeFlags=0x0, pointerCount=1, historySize=0, eventTime=739361580, downTime=739361580, deviceId=0, source=0x1002 }
08-04 21:22:25.173   918  5952 I ActivityManager: START u0 {cmp=baseline.appteam.nith.hillffair/.activities.ClubActivity (has extras)} from uid 10651 on display 0
08-04 21:22:25.178 18171 18434 I art     : Explicit concurrent mark sweep GC freed 20(704B) AllocSpace objects, 0(0B) LOS objects, 22% free, 53MB/69MB, paused 723us total 22.569ms
08-04 21:22:25.181 21815 21815 D AndroidRuntime: Shutting down VM
08-04 21:22:25.188 18171 18434 I art     : Starting a blocking GC Explicit
08-04 21:22:25.212 18171 18434 I art     : Explicit concurrent mark sweep GC freed 2449(137KB) AllocSpace objects, 0(0B) LOS objects, 22% free, 53MB/69MB, paused 830us total 23.349ms
08-04 21:22:25.222 18171 18434 I art     : Starting a blocking GC Explicit
08-04 21:22:25.246 18171 18434 I art     : Explicit concurrent mark sweep GC freed 1387(156KB) AllocSpace objects, 0(0B) LOS objects, 22% free, 53MB/69MB, paused 566us total 23.186ms
08-04 21:22:25.254 18171 18434 I art     : Starting a blocking GC Explicit
08-04 21:22:25.276 18171 18434 I art     : Explicit concurrent mark sweep GC freed 202(7KB) AllocSpace objects, 0(0B) LOS objects, 22% free, 53MB/69MB, paused 523us total 21.307ms
08-04 21:22:25.276 18171 18171 I NAPPA_EXPERIMENTATION: MetricNetworkRequestExecutionTime: REQUEST_DURATION_SYSTEM='67',REQUEST_DURATION_OKHTTP='30',REQUEST_SYNCHRONOUS='FALSE',RESPONSE_CODE='200',RESPONSE_METHOD='GET',RESPONSE_LENGTH_OKHTTP='1171',RESPONSE_LENGTH_HEADER='-2',REQUEST_PROTOCOL='http/1.1',REQUEST_URL='https://api-hillfair-2k16.herokuapp.com/api/app/club/Technical%20Committee',
08-04 21:22:25.284   918   936 I ActivityManager: Displayed baseline.appteam.nith.hillffair/.activities.ClubActivity: +102ms
08-04 21:22:25.285 13866 13866 I GoogleInputMethodServic: GoogleInputMethodService.onFinishInput():3138 
08-04 21:22:25.286 13866 13866 I GoogleInputMethodServic: GoogleInputMethodService.onStartInput():1808 
08-04 21:22:25.528 18171 18183 I art     : Starting a blocking GC Explicit
08-04 21:22:25.542   380   380 W SurfaceFlinger: couldn't log to binary event log: overflow.
08-04 21:22:25.551 18171 18183 I art     : Explicit concurrent mark sweep GC freed 1955(125KB) AllocSpace objects, 1(20KB) LOS objects, 22% free, 53MB/69MB, paused 502us total 22.426ms
08-04 21:22:25.559 18171 18183 I art     : Starting a blocking GC Explicit
08-04 21:22:25.580 18171 18183 I art     : Explicit concurrent mark sweep GC freed 80(2720B) AllocSpace objects, 0(0B) LOS objects, 22% free, 53MB/69MB, paused 481us total 20.860ms
08-04 21:22:25.588 18171 18183 I art     : Starting a blocking GC Explicit
08-04 21:22:25.609 18171 18183 I art     : Explicit concurrent mark sweep GC freed 3(96B) AllocSpace objects, 0(0B) LOS objects, 22% free, 53MB/69MB, paused 468us total 20.870ms
08-04 21:22:25.617 18171 18183 I art     : Starting a blocking GC Explicit
08-04 21:22:25.639 18171 18183 I art     : Explicit concurrent mark sweep GC freed 3(96B) AllocSpace objects, 0(0B) LOS objects, 22% free, 53MB/69MB, paused 522us total 21.647ms
08-04 21:22:25.648 18171 18183 I art     : Starting a blocking GC Explicit
08-04 21:22:25.671 18171 18183 I art     : Explicit concurrent mark sweep GC freed 94(5KB) AllocSpace objects, 0(0B) LOS objects, 22% free, 53MB/69MB, paused 491us total 23.589ms
08-04 21:22:25.954 18171 18434 I art     : Starting a blocking GC Explicit
08-04 21:22:25.982 18171 18434 I art     : Explicit concurrent mark sweep GC freed 1353(78KB) AllocSpace objects, 1(20KB) LOS objects, 22% free, 53MB/69MB, paused 539us total 27.439ms
08-04 21:22:25.991 18171 18434 I art     : Starting a blocking GC Explicit
08-04 21:22:26.017 18171 18434 I art     : Explicit concurrent mark sweep GC freed 36(1264B) AllocSpace objects, 0(0B) LOS objects, 22% free, 53MB/69MB, paused 624us total 25.543ms
08-04 21:22:26.026 18171 18434 I art     : Starting a blocking GC Explicit
08-04 21:22:26.052 18171 18434 I art     : Explicit concurrent mark sweep GC freed 3(96B) AllocSpace objects, 0(0B) LOS objects, 22% free, 53MB/69MB, paused 535us total 25.547ms
08-04 21:22:26.062 18171 18434 I art     : Starting a blocking GC Explicit
08-04 21:22:26.088 18171 18434 I art     : Explicit concurrent mark sweep GC freed 3(96B) AllocSpace objects, 0(0B) LOS objects, 22% free, 53MB/69MB, paused 580us total 25.668ms
08-04 21:22:26.097 18171 18434 I art     : Starting a blocking GC Explicit
08-04 21:22:26.122 18171 18434 I art     : Explicit concurrent mark sweep GC freed 3(96B) AllocSpace objects, 0(0B) LOS objects, 22% free, 53MB/69MB, paused 620us total 25.061ms
08-04 21:22:26.419 18171 18183 I art     : Starting a blocking GC Explicit
08-04 21:22:26.453 18171 18183 I art     : Explicit concurrent mark sweep GC freed 1344(78KB) AllocSpace objects, 1(20KB) LOS objects, 22% free, 53MB/69MB, paused 588us total 34.095ms
08-04 21:22:26.468 18171 18183 I art     : Starting a blocking GC Explicit
08-04 21:22:26.494 18171 18183 I art     : Explicit concurrent mark sweep GC freed 20(704B) AllocSpace objects, 0(0B) LOS objects, 22% free, 53MB/69MB, paused 545us total 25.420ms
08-04 21:22:26.503 18171 18183 I art     : Starting a blocking GC Explicit
08-04 21:22:26.529 18171 18183 I art     : Explicit concurrent mark sweep GC freed 3(96B) AllocSpace objects, 0(0B) LOS objects, 22% free, 53MB/69MB, paused 541us total 25.612ms
08-04 21:22:26.539 18171 18183 I art     : Starting a blocking GC Explicit
08-04 21:22:26.564 18171 18183 I art     : Explicit concurrent mark sweep GC freed 3(96B) AllocSpace objects, 0(0B) LOS objects, 22% free, 53MB/69MB, paused 550us total 25.331ms
08-04 21:22:26.574 18171 18183 I art     : Starting a blocking GC Explicit
08-04 21:22:26.600 18171 18183 I art     : Explicit concurrent mark sweep GC freed 3(96B) AllocSpace objects, 0(0B) LOS objects, 22% free, 53MB/69MB, paused 542us total 25.629ms
08-04 21:22:26.901 18171 18184 I art     : Starting a blocking GC Explicit
08-04 21:22:26.932 18171 18184 I art     : Explicit concurrent mark sweep GC freed 1344(78KB) AllocSpace objects, 1(20KB) LOS objects, 22% free, 53MB/69MB, paused 537us total 30.713ms
08-04 21:22:26.942 18171 18184 I art     : Starting a blocking GC Explicit
08-04 21:22:26.968 18171 18184 I art     : Explicit concurrent mark sweep GC freed 20(704B) AllocSpace objects, 0(0B) LOS objects, 22% free, 53MB/69MB, paused 590us total 25.664ms
08-04 21:22:26.977 18171 18184 I art     : Starting a blocking GC Explicit
08-04 21:22:27.003 18171 18184 I art     : Explicit concurrent mark sweep GC freed 3(96B) AllocSpace objects, 0(0B) LOS objects, 22% free, 53MB/69MB, paused 537us total 25.897ms
08-04 21:22:27.013 18171 18184 I art     : Starting a blocking GC Explicit
08-04 21:22:27.038 18171 18184 I art     : Explicit concurrent mark sweep GC freed 3(96B) AllocSpace objects, 0(0B) LOS objects, 22% free, 53MB/69MB, paused 564us total 25.418ms
08-04 21:22:27.048 18171 18184 I art     : Starting a blocking GC Explicit
08-04 21:22:27.073 18171 18184 I art     : Explicit concurrent mark sweep GC freed 3(96B) AllocSpace objects, 0(0B) LOS objects, 22% free, 53MB/69MB, paused 524us total 25.077ms
08-04 21:22:27.394 18171 18231 I art     : Starting a blocking GC Explicit
08-04 21:22:27.425 18171 18231 I art     : Explicit concurrent mark sweep GC freed 1344(78KB) AllocSpace objects, 1(20KB) LOS objects, 22% free, 53MB/69MB, paused 578us total 31.261ms
08-04 21:22:27.438 18171 18231 I art     : Starting a blocking GC Explicit
08-04 21:22:27.464 18171 18231 I art     : Explicit concurrent mark sweep GC freed 20(704B) AllocSpace objects, 0(0B) LOS objects, 22% free, 53MB/69MB, paused 548us total 25.621ms
08-04 21:22:27.474 18171 18231 I art     : Starting a blocking GC Explicit
08-04 21:22:27.499 18171 18231 I art     : Explicit concurrent mark sweep GC freed 3(96B) AllocSpace objects, 0(0B) LOS objects, 22% free, 53MB/69MB, paused 543us total 25.200ms
08-04 21:22:27.508 18171 18231 I art     : Starting a blocking GC Explicit
08-04 21:22:27.534 18171 18231 I art     : Explicit concurrent mark sweep GC freed 3(96B) AllocSpace objects, 0(0B) LOS objects, 22% free, 53MB/69MB, paused 544us total 25.531ms
08-04 21:22:27.544 18171 18231 I art     : Starting a blocking GC Explicit
08-04 21:22:27.569 18171 18231 I art     : Explicit concurrent mark sweep GC freed 3(96B) AllocSpace objects, 0(0B) LOS objects, 22% free, 53MB/69MB, paused 536us total 25.664ms
08-04 21:22:27.894 18171 18434 I art     : Starting a blocking GC Explicit
08-04 21:22:27.931 18171 18434 I art     : Explicit concurrent mark sweep GC freed 1344(78KB) AllocSpace objects, 1(20KB) LOS objects, 22% free, 53MB/69MB, paused 759us total 36.294ms
08-04 21:22:27.946 18171 18434 I art     : Starting a blocking GC Explicit
08-04 21:22:27.972 18171 18434 I art     : Explicit concurrent mark sweep GC freed 20(704B) AllocSpace objects, 0(0B) LOS objects, 22% free, 53MB/69MB, paused 547us total 25.793ms
08-04 21:22:27.981 18171 18434 I art     : Starting a blocking GC Explicit
08-04 21:22:28.007 18171 18434 I art     : Explicit concurrent mark sweep GC freed 3(96B) AllocSpace objects, 0(0B) LOS objects, 22% free, 53MB/69MB, paused 573us total 25.807ms
08-04 21:22:28.017 18171 18434 I art     : Starting a blocking GC Explicit
08-04 21:22:28.042 18171 18434 I art     : Explicit concurrent mark sweep GC freed 3(96B) AllocSpace objects, 0(0B) LOS objects, 22% free, 53MB/69MB, paused 638us total 25.252ms
08-04 21:22:28.052 18171 18434 I art     : Starting a blocking GC Explicit
08-04 21:22:28.077 18171 18434 I art     : Explicit concurrent mark sweep GC freed 3(96B) AllocSpace objects, 0(0B) LOS objects, 22% free, 53MB/69MB, paused 575us total 25.459ms
08-04 21:22:28.402 18171 18183 I art     : Starting a blocking GC Explicit
08-04 21:22:28.435 18171 18183 I art     : Explicit concurrent mark sweep GC freed 1344(78KB) AllocSpace objects, 1(20KB) LOS objects, 22% free, 53MB/69MB, paused 592us total 31.969ms
08-04 21:22:28.447 18171 18183 I art     : Starting a blocking GC Explicit
08-04 21:22:28.473 18171 18183 I art     : Explicit concurrent mark sweep GC freed 20(704B) AllocSpace objects, 0(0B) LOS objects, 22% free, 53MB/69MB, paused 546us total 25.806ms
08-04 21:22:28.482 18171 18183 I art     : Starting a blocking GC Explicit
08-04 21:22:28.508 18171 18183 I art     : Explicit concurrent mark sweep GC freed 3(96B) AllocSpace objects, 0(0B) LOS objects, 22% free, 53MB/69MB, paused 644us total 25.849ms
08-04 21:22:28.518 18171 18183 I art     : Starting a blocking GC Explicit
08-04 21:22:28.544 18171 18183 I art     : Explicit concurrent mark sweep GC freed 3(96B) AllocSpace objects, 0(0B) LOS objects, 22% free, 53MB/69MB, paused 546us total 25.808ms
08-04 21:22:28.553 18171 18183 I art     : Starting a blocking GC Explicit
08-04 21:22:28.579 18171 18183 I art     : Explicit concurrent mark sweep GC freed 3(96B) AllocSpace objects, 0(0B) LOS objects, 22% free, 53MB/69MB, paused 536us total 25.597ms
08-04 21:22:28.913 18171 18184 I art     : Starting a blocking GC Explicit
08-04 21:22:28.951 18171 18184 I art     : Explicit concurrent mark sweep GC freed 1344(78KB) AllocSpace objects, 1(20KB) LOS objects, 22% free, 53MB/69MB, paused 626us total 37.138ms
08-04 21:22:28.966 18171 18184 I art     : Starting a blocking GC Explicit
08-04 21:22:28.991 18171 18184 I art     : Explicit concurrent mark sweep GC freed 20(704B) AllocSpace objects, 0(0B) LOS objects, 22% free, 53MB/69MB, paused 540us total 24.562ms
08-04 21:22:28.999 18171 18184 I art     : Starting a blocking GC Explicit
08-04 21:22:29.024 18171 18184 I art     : Explicit concurrent mark sweep GC freed 3(96B) AllocSpace objects, 0(0B) LOS objects, 22% free, 53MB/69MB, paused 529us total 24.202ms
08-04 21:22:29.033 18171 18184 I art     : Starting a blocking GC Explicit
08-04 21:22:29.058 18171 18184 I art     : Explicit concurrent mark sweep GC freed 3(96B) AllocSpace objects, 0(0B) LOS objects, 22% free, 53MB/69MB, paused 521us total 24.884ms
08-04 21:22:29.067 18171 18184 I art     : Starting a blocking GC Explicit
08-04 21:22:29.093 18171 18184 I art     : Explicit concurrent mark sweep GC freed 3(96B) AllocSpace objects, 0(0B) LOS objects, 22% free, 53MB/69MB, paused 534us total 24.955ms
08-04 21:22:29.429 18171 18231 I art     : Starting a blocking GC Explicit
08-04 21:22:29.455 18171 18231 I art     : Explicit concurrent mark sweep GC freed 1344(78KB) AllocSpace objects, 1(20KB) LOS objects, 22% free, 53MB/69MB, paused 532us total 25.298ms
08-04 21:22:29.464 18171 18231 I art     : Starting a blocking GC Explicit
08-04 21:22:29.487 18171 18231 I art     : Explicit concurrent mark sweep GC freed 20(704B) AllocSpace objects, 0(0B) LOS objects, 22% free, 53MB/69MB, paused 577us total 23.439ms
08-04 21:22:29.496 18171 18231 I art     : Starting a blocking GC Explicit
08-04 21:22:29.520 18171 18231 I art     : Explicit concurrent mark sweep GC freed 3(96B) AllocSpace objects, 0(0B) LOS objects, 22% free, 53MB/69MB, paused 529us total 23.850ms
08-04 21:22:29.529 18171 18231 I art     : Starting a blocking GC Explicit
08-04 21:22:29.553 18171 18231 I art     : Explicit concurrent mark sweep GC freed 3(96B) AllocSpace objects, 0(0B) LOS objects, 22% free, 53MB/69MB, paused 537us total 23.552ms
08-04 21:22:29.562 18171 18231 I art     : Starting a blocking GC Explicit
08-04 21:22:29.586 18171 18231 I art     : Explicit concurrent mark sweep GC freed 3(96B) AllocSpace objects, 0(0B) LOS objects, 22% free, 53MB/69MB, paused 528us total 24.068ms
08-04 21:22:29.831 21930 21930 D AndroidRuntime: >>>>>> START com.android.internal.os.RuntimeInit uid 2000 <<<<<<
08-04 21:22:29.836 21930 21930 D AndroidRuntime: CheckJNI is OFF
08-04 21:22:29.869 21930 21930 D ICU     : No timezone override file found: /data/misc/zoneinfo/current/icu/icu_tzdata.dat
08-04 21:22:29.902 21930 21930 I Radio-JNI: register_android_hardware_Radio DONE
08-04 21:22:29.907 18171 18434 I art     : Starting a blocking GC Explicit
08-04 21:22:29.924 21930 21930 D AndroidRuntime: Calling main entry com.android.commands.input.Input
08-04 21:22:29.926 21930 21930 I Input   : injectKeyEvent: KeyEvent { action=ACTION_DOWN, keyCode=KEYCODE_BACK, scanCode=0, metaState=0, flags=0x0, repeatCount=0, eventTime=739366339, downTime=739366339, deviceId=-1, source=0x101 }
08-04 21:22:29.930 21930 21930 I Input   : injectKeyEvent: KeyEvent { action=ACTION_UP, keyCode=KEYCODE_BACK, scanCode=0, metaState=0, flags=0x0, repeatCount=0, eventTime=739366339, downTime=739366339, deviceId=-1, source=0x101 }
08-04 21:22:29.933 18171 18434 I art     : Explicit concurrent mark sweep GC freed 1345(78KB) AllocSpace objects, 1(20KB) LOS objects, 22% free, 53MB/69MB, paused 636us total 25.367ms
08-04 21:22:29.936 21930 21930 D AndroidRuntime: Shutting down VM
08-04 21:22:29.942 18171 18434 I art     : Starting a blocking GC Explicit
08-04 21:22:29.964 18171 18434 I art     : Explicit concurrent mark sweep GC freed 163(6KB) AllocSpace objects, 0(0B) LOS objects, 22% free, 53MB/69MB, paused 477us total 21.784ms
08-04 21:22:29.972 18171 18434 I art     : Starting a blocking GC Explicit
08-04 21:22:29.977 13866 13866 I GoogleInputMethodServic: GoogleInputMethodService.onFinishInput():3138 
08-04 21:22:29.977 13866 13866 I GoogleInputMethodServic: GoogleInputMethodService.onStartInput():1808 
08-04 21:22:29.993 18171 18434 I art     : Explicit concurrent mark sweep GC freed 32(1200B) AllocSpace objects, 0(0B) LOS objects, 22% free, 53MB/69MB, paused 565us total 20.924ms
08-04 21:22:30.002 18171 18434 I art     : Starting a blocking GC Explicit
08-04 21:22:30.025 18171 18434 I art     : Explicit concurrent mark sweep GC freed 14(464B) AllocSpace objects, 0(0B) LOS objects, 22% free, 53MB/69MB, paused 612us total 22.495ms
08-04 21:22:30.035 18171 18434 I art     : Starting a blocking GC Explicit
08-04 21:22:30.055 18171 18434 I art     : Explicit concurrent mark sweep GC freed 6(224B) AllocSpace objects, 0(0B) LOS objects, 22% free, 53MB/69MB, paused 465us total 20.373ms
08-04 21:22:30.279   380   380 W SurfaceFlinger: couldn't log to binary event log: overflow.
08-04 21:22:30.314 18171 18434 I art     : Starting a blocking GC Explicit
08-04 21:22:30.338 18171 18434 I art     : Explicit concurrent mark sweep GC freed 1453(86KB) AllocSpace objects, 1(20KB) LOS objects, 22% free, 53MB/69MB, paused 505us total 23.836ms
08-04 21:22:30.347 18171 18434 I art     : Starting a blocking GC Explicit
08-04 21:22:30.372 18171 18434 I art     : Explicit concurrent mark sweep GC freed 1671(108KB) AllocSpace objects, 3(180KB) LOS objects, 22% free, 53MB/69MB, paused 531us total 25.348ms
08-04 21:22:30.381 18171 18434 I art     : Starting a blocking GC Explicit
08-04 21:22:30.405 18171 18434 I art     : Explicit concurrent mark sweep GC freed 3(96B) AllocSpace objects, 0(0B) LOS objects, 22% free, 53MB/69MB, paused 520us total 23.919ms
08-04 21:22:30.414 18171 18434 I art     : Starting a blocking GC Explicit
08-04 21:22:30.439 18171 18434 I art     : Explicit concurrent mark sweep GC freed 3(96B) AllocSpace objects, 0(0B) LOS objects, 22% free, 53MB/69MB, paused 540us total 24.029ms
08-04 21:22:30.448 18171 18434 I art     : Starting a blocking GC Explicit
08-04 21:22:30.472 18171 18434 I art     : Explicit concurrent mark sweep GC freed 3(96B) AllocSpace objects, 0(0B) LOS objects, 22% free, 53MB/69MB, paused 538us total 24.232ms
08-04 21:22:30.766 18171 18231 I art     : Starting a blocking GC Explicit
08-04 21:22:30.802 18171 18231 I art     : Explicit concurrent mark sweep GC freed 1344(78KB) AllocSpace objects, 1(20KB) LOS objects, 22% free, 53MB/69MB, paused 651us total 34.932ms
08-04 21:22:30.813 18171 18231 I art     : Starting a blocking GC Explicit
08-04 21:22:30.838 18171 18231 I art     : Explicit concurrent mark sweep GC freed 20(704B) AllocSpace objects, 0(0B) LOS objects, 22% free, 53MB/69MB, paused 571us total 24.822ms
08-04 21:22:30.847 18171 18231 I art     : Starting a blocking GC Explicit
08-04 21:22:30.872 18171 18231 I art     : Explicit concurrent mark sweep GC freed 3(96B) AllocSpace objects, 0(0B) LOS objects, 22% free, 53MB/69MB, paused 531us total 24.881ms
08-04 21:22:30.881 18171 18231 I art     : Starting a blocking GC Explicit
08-04 21:22:30.906 18171 18231 I art     : Explicit concurrent mark sweep GC freed 3(96B) AllocSpace objects, 0(0B) LOS objects, 22% free, 53MB/69MB, paused 623us total 24.801ms
08-04 21:22:30.916 18171 18231 I art     : Starting a blocking GC Explicit
08-04 21:22:30.940 18171 18231 I art     : Explicit concurrent mark sweep GC freed 3(96B) AllocSpace objects, 0(0B) LOS objects, 22% free, 53MB/69MB, paused 543us total 24.377ms
08-04 21:22:31.238 18171 18184 I art     : Starting a blocking GC Explicit
08-04 21:22:31.263 18171 18184 I art     : Explicit concurrent mark sweep GC freed 1344(78KB) AllocSpace objects, 1(20KB) LOS objects, 22% free, 53MB/69MB, paused 552us total 24.680ms
08-04 21:22:31.273 18171 18184 I art     : Starting a blocking GC Explicit
08-04 21:22:31.295 15172 15172 I ServiceManager: Waiting for service AtCmdFwd...
08-04 21:22:31.296 18171 18184 I art     : Explicit concurrent mark sweep GC freed 20(704B) AllocSpace objects, 0(0B) LOS objects, 22% free, 53MB/69MB, paused 523us total 23.038ms
08-04 21:22:31.305 18171 18184 I art     : Starting a blocking GC Explicit
08-04 21:22:31.328 18171 18184 I art     : Explicit concurrent mark sweep GC freed 3(96B) AllocSpace objects, 0(0B) LOS objects, 22% free, 53MB/69MB, paused 598us total 22.916ms
08-04 21:22:31.337 18171 18184 I art     : Starting a blocking GC Explicit
08-04 21:22:31.361 18171 18184 I art     : Explicit concurrent mark sweep GC freed 3(96B) AllocSpace objects, 0(0B) LOS objects, 22% free, 53MB/69MB, paused 540us total 23.477ms
08-04 21:22:31.370 18171 18184 I art     : Starting a blocking GC Explicit
08-04 21:22:31.393 18171 18184 I art     : Explicit concurrent mark sweep GC freed 3(96B) AllocSpace objects, 0(0B) LOS objects, 22% free, 53MB/69MB, paused 544us total 23.162ms
08-04 21:22:31.606 21982 21982 D AndroidRuntime: >>>>>> START com.android.internal.os.RuntimeInit uid 2000 <<<<<<
08-04 21:22:31.611 21982 21982 D AndroidRuntime: CheckJNI is OFF
08-04 21:22:31.646 21982 21982 D ICU     : No timezone override file found: /data/misc/zoneinfo/current/icu/icu_tzdata.dat
08-04 21:22:31.670 18171 18183 I art     : Starting a blocking GC Explicit
08-04 21:22:31.681 21982 21982 I Radio-JNI: register_android_hardware_Radio DONE
08-04 21:22:31.696 18171 18183 I art     : Explicit concurrent mark sweep GC freed 1344(78KB) AllocSpace objects, 1(20KB) LOS objects, 22% free, 53MB/69MB, paused 562us total 25.638ms
08-04 21:22:31.704 21982 21982 D AndroidRuntime: Calling main entry com.android.commands.input.Input
08-04 21:22:31.706 21982 21982 I Input   : injectMotionEvent: MotionEvent { action=ACTION_DOWN, actionButton=0, id[0]=0, x[0]=369.0, y[0]=554.0, toolType[0]=TOOL_TYPE_UNKNOWN, buttonState=0, metaState=0, flags=0x0, edgeFlags=0x0, pointerCount=1, historySize=0, eventTime=739368118, downTime=739368118, deviceId=0, source=0x1002 }
08-04 21:22:31.706 18171 18183 I art     : Starting a blocking GC Explicit
08-04 21:22:31.711 21982 21982 I Input   : injectMotionEvent: MotionEvent { action=ACTION_UP, actionButton=0, id[0]=0, x[0]=369.0, y[0]=554.0, toolType[0]=TOOL_TYPE_UNKNOWN, buttonState=0, metaState=0, flags=0x0, edgeFlags=0x0, pointerCount=1, historySize=0, eventTime=739368118, downTime=739368118, deviceId=0, source=0x1002 }
08-04 21:22:31.712   918  4400 I ActivityManager: START u0 {cmp=baseline.appteam.nith.hillffair/.activities.ClubActivity (has extras)} from uid 10651 on display 0
08-04 21:22:31.719 21982 21982 D AndroidRuntime: Shutting down VM
08-04 21:22:31.730 18171 18183 I art     : Explicit concurrent mark sweep GC freed 94(5KB) AllocSpace objects, 0(0B) LOS objects, 22% free, 53MB/69MB, paused 654us total 24.264ms
08-04 21:22:31.740 18171 18183 I art     : Starting a blocking GC Explicit
08-04 21:22:31.763 18171 18183 I art     : Explicit concurrent mark sweep GC freed 3341(221KB) AllocSpace objects, 0(0B) LOS objects, 22% free, 53MB/69MB, paused 955us total 23.145ms
08-04 21:22:31.772 18171 18183 I art     : Starting a blocking GC Explicit
08-04 21:22:31.794 18171 18183 I art     : Explicit concurrent mark sweep GC freed 465(65KB) AllocSpace objects, 0(0B) LOS objects, 22% free, 53MB/69MB, paused 505us total 21.190ms
08-04 21:22:31.802 18171 18183 I art     : Starting a blocking GC Explicit
08-04 21:22:31.813 18171 18171 I NAPPA_EXPERIMENTATION: MetricNetworkRequestExecutionTime: REQUEST_DURATION_SYSTEM='60',REQUEST_DURATION_OKHTTP='29',REQUEST_SYNCHRONOUS='FALSE',RESPONSE_CODE='200',RESPONSE_METHOD='GET',RESPONSE_LENGTH_OKHTTP='979',RESPONSE_LENGTH_HEADER='-2',REQUEST_PROTOCOL='http/1.1',REQUEST_URL='https://api-hillfair-2k16.herokuapp.com/api/app/club/PR%20Club',
08-04 21:22:31.819 13866 13866 I GoogleInputMethodServic: GoogleInputMethodService.onFinishInput():3138 
08-04 21:22:31.820   918   936 I ActivityManager: Displayed baseline.appteam.nith.hillffair/.activities.ClubActivity: +100ms
08-04 21:22:31.820 13866 13866 I GoogleInputMethodServic: GoogleInputMethodService.onStartInput():1808 
08-04 21:22:31.825 18171 18183 I art     : Explicit concurrent mark sweep GC freed 720(52KB) AllocSpace objects, 0(0B) LOS objects, 22% free, 53MB/69MB, paused 625us total 23.256ms
08-04 21:22:32.071   380   380 W SurfaceFlinger: couldn't log to binary event log: overflow.
08-04 21:22:32.110 18171 18184 I art     : Starting a blocking GC Explicit
08-04 21:22:32.131 18171 18184 I art     : Explicit concurrent mark sweep GC freed 1416(81KB) AllocSpace objects, 1(20KB) LOS objects, 22% free, 53MB/69MB, paused 518us total 21.289ms
08-04 21:22:32.139 18171 18184 I art     : Starting a blocking GC Explicit
08-04 21:22:32.160 18171 18184 I art     : Explicit concurrent mark sweep GC freed 24(848B) AllocSpace objects, 0(0B) LOS objects, 22% free, 53MB/69MB, paused 489us total 20.601ms
08-04 21:22:32.169 18171 18184 I art     : Starting a blocking GC Explicit
08-04 21:22:32.192 18171 18184 I art     : Explicit concurrent mark sweep GC freed 3(96B) AllocSpace objects, 0(0B) LOS objects, 22% free, 53MB/69MB, paused 505us total 22.440ms
08-04 21:22:32.203 18171 18184 I art     : Starting a blocking GC Explicit
08-04 21:22:32.227 18171 18184 I art     : Explicit concurrent mark sweep GC freed 103(5KB) AllocSpace objects, 0(0B) LOS objects, 22% free, 53MB/69MB, paused 548us total 24.639ms
08-04 21:22:32.236 18171 18184 I art     : Starting a blocking GC Explicit
08-04 21:22:32.257 18171 18184 I art     : Explicit concurrent mark sweep GC freed 3(96B) AllocSpace objects, 0(0B) LOS objects, 22% free, 53MB/69MB, paused 504us total 21.431ms
08-04 21:22:32.295 15172 15172 I ServiceManager: Waiting for service AtCmdFwd...
08-04 21:22:32.549 18171 18231 I art     : Starting a blocking GC Explicit
08-04 21:22:32.575 18171 18231 I art     : Explicit concurrent mark sweep GC freed 1344(78KB) AllocSpace objects, 1(20KB) LOS objects, 22% free, 53MB/69MB, paused 560us total 25.037ms
08-04 21:22:32.584 18171 18231 I art     : Starting a blocking GC Explicit
08-04 21:22:32.609 18171 18231 I art     : Explicit concurrent mark sweep GC freed 36(1264B) AllocSpace objects, 0(0B) LOS objects, 22% free, 53MB/69MB, paused 551us total 24.985ms
08-04 21:22:32.618 18171 18231 I art     : Starting a blocking GC Explicit
08-04 21:22:32.644 18171 18231 I art     : Explicit concurrent mark sweep GC freed 3(96B) AllocSpace objects, 0(0B) LOS objects, 22% free, 53MB/69MB, paused 576us total 25.455ms
08-04 21:22:32.653 18171 18231 I art     : Starting a blocking GC Explicit
08-04 21:22:32.679 18171 18231 I art     : Explicit concurrent mark sweep GC freed 3(96B) AllocSpace objects, 0(0B) LOS objects, 22% free, 53MB/69MB, paused 562us total 25.614ms
08-04 21:22:32.689 18171 18231 I art     : Starting a blocking GC Explicit
08-04 21:22:32.715 18171 18231 I art     : Explicit concurrent mark sweep GC freed 3(96B) AllocSpace objects, 0(0B) LOS objects, 22% free, 53MB/69MB, paused 557us total 25.621ms
08-04 21:22:33.007 18171 18184 I art     : Starting a blocking GC Explicit
08-04 21:22:33.041 18171 18184 I art     : Explicit concurrent mark sweep GC freed 1344(78KB) AllocSpace objects, 1(20KB) LOS objects, 22% free, 53MB/69MB, paused 577us total 33.422ms
08-04 21:22:33.052 18171 18184 I art     : Starting a blocking GC Explicit
08-04 21:22:33.078 18171 18184 I art     : Explicit concurrent mark sweep GC freed 20(704B) AllocSpace objects, 0(0B) LOS objects, 22% free, 53MB/69MB, paused 568us total 25.616ms
08-04 21:22:33.087 18171 18184 I art     : Starting a blocking GC Explicit
08-04 21:22:33.113 18171 18184 I art     : Explicit concurrent mark sweep GC freed 3(96B) AllocSpace objects, 0(0B) LOS objects, 22% free, 53MB/69MB, paused 574us total 25.445ms
08-04 21:22:33.123 18171 18184 I art     : Starting a blocking GC Explicit
08-04 21:22:33.149 18171 18184 I art     : Explicit concurrent mark sweep GC freed 3(96B) AllocSpace objects, 0(0B) LOS objects, 22% free, 53MB/69MB, paused 575us total 25.805ms
08-04 21:22:33.158 18171 18184 I art     : Starting a blocking GC Explicit
08-04 21:22:33.184 18171 18184 I art     : Explicit concurrent mark sweep GC freed 3(96B) AllocSpace objects, 0(0B) LOS objects, 22% free, 53MB/69MB, paused 551us total 25.566ms
08-04 21:22:33.296 15172 15172 I ServiceManager: Waiting for service AtCmdFwd...
08-04 21:22:33.476 18171 18434 I art     : Starting a blocking GC Explicit
08-04 21:22:33.508 18171 18434 I art     : Explicit concurrent mark sweep GC freed 1344(78KB) AllocSpace objects, 1(20KB) LOS objects, 22% free, 53MB/69MB, paused 792us total 32.119ms
08-04 21:22:33.520 18171 18434 I art     : Starting a blocking GC Explicit
08-04 21:22:33.545 18171 18434 I art     : Explicit concurrent mark sweep GC freed 20(704B) AllocSpace objects, 0(0B) LOS objects, 22% free, 53MB/69MB, paused 547us total 25.087ms
08-04 21:22:33.555 18171 18434 I art     : Starting a blocking GC Explicit
08-04 21:22:33.580 18171 18434 I art     : Explicit concurrent mark sweep GC freed 3(96B) AllocSpace objects, 0(0B) LOS objects, 22% free, 53MB/69MB, paused 561us total 25.214ms
08-04 21:22:33.589 18171 18434 I art     : Starting a blocking GC Explicit
08-04 21:22:33.615 18171 18434 I art     : Explicit concurrent mark sweep GC freed 3(96B) AllocSpace objects, 0(0B) LOS objects, 22% free, 53MB/69MB, paused 547us total 25.471ms
08-04 21:22:33.625 18171 18434 I art     : Starting a blocking GC Explicit
08-04 21:22:33.650 18171 18434 I art     : Explicit concurrent mark sweep GC freed 3(96B) AllocSpace objects, 0(0B) LOS objects, 22% free, 53MB/69MB, paused 557us total 25.582ms
08-04 21:22:33.993 18171 18183 I art     : Starting a blocking GC Explicit
08-04 21:22:34.028 18171 18183 I art     : Explicit concurrent mark sweep GC freed 1344(78KB) AllocSpace objects, 1(20KB) LOS objects, 22% free, 53MB/69MB, paused 715us total 34.774ms
08-04 21:22:34.040 18171 18183 I art     : Starting a blocking GC Explicit
08-04 21:22:34.066 18171 18183 I art     : Explicit concurrent mark sweep GC freed 20(704B) AllocSpace objects, 0(0B) LOS objects, 22% free, 53MB/69MB, paused 551us total 25.726ms
08-04 21:22:34.075 18171 18183 I art     : Starting a blocking GC Explicit
08-04 21:22:34.101 18171 18183 I art     : Explicit concurrent mark sweep GC freed 3(96B) AllocSpace objects, 0(0B) LOS objects, 22% free, 53MB/69MB, paused 556us total 25.043ms
08-04 21:22:34.110 18171 18183 I art     : Starting a blocking GC Explicit
08-04 21:22:34.135 18171 18183 I art     : Explicit concurrent mark sweep GC freed 3(96B) AllocSpace objects, 0(0B) LOS objects, 22% free, 53MB/69MB, paused 552us total 25.224ms
08-04 21:22:34.145 18171 18183 I art     : Starting a blocking GC Explicit
08-04 21:22:34.170 18171 18183 I art     : Explicit concurrent mark sweep GC freed 3(96B) AllocSpace objects, 0(0B) LOS objects, 22% free, 53MB/69MB, paused 569us total 25.404ms
08-04 21:22:34.297 15172 15172 I ServiceManager: Waiting for service AtCmdFwd...
08-04 21:22:34.464 18171 18231 I art     : Starting a blocking GC Explicit
08-04 21:22:34.497 18171 18231 I art     : Explicit concurrent mark sweep GC freed 1344(78KB) AllocSpace objects, 1(20KB) LOS objects, 22% free, 53MB/69MB, paused 587us total 32.101ms
08-04 21:22:34.510 18171 18231 I art     : Starting a blocking GC Explicit
08-04 21:22:34.539 18171 18231 I art     : Explicit concurrent mark sweep GC freed 20(704B) AllocSpace objects, 0(0B) LOS objects, 22% free, 53MB/69MB, paused 558us total 29.146ms
08-04 21:22:34.548 18171 18231 I art     : Starting a blocking GC Explicit
08-04 21:22:34.574 18171 18231 I art     : Explicit concurrent mark sweep GC freed 3(96B) AllocSpace objects, 0(0B) LOS objects, 22% free, 53MB/69MB, paused 584us total 25.488ms
08-04 21:22:34.584 18171 18231 I art     : Starting a blocking GC Explicit
08-04 21:22:34.609 18171 18231 I art     : Explicit concurrent mark sweep GC freed 3(96B) AllocSpace objects, 0(0B) LOS objects, 22% free, 53MB/69MB, paused 546us total 25.381ms
08-04 21:22:34.618 18171 18231 I art     : Starting a blocking GC Explicit
08-04 21:22:34.644 18171 18231 I art     : Explicit concurrent mark sweep GC freed 3(96B) AllocSpace objects, 0(0B) LOS objects, 22% free, 53MB/69MB, paused 623us total 25.051ms
08-04 21:22:34.768   918  3261 D WifiStateMachine: starting scan for "H369AA63323"WPA_PSK with 2412,5180
08-04 21:22:34.954 18171 18184 I art     : Starting a blocking GC Explicit
08-04 21:22:34.985 18171 18184 I art     : Explicit concurrent mark sweep GC freed 1344(78KB) AllocSpace objects, 1(20KB) LOS objects, 22% free, 53MB/69MB, paused 594us total 31.339ms
08-04 21:22:34.998 18171 18184 I art     : Starting a blocking GC Explicit
08-04 21:22:35.027 18171 18184 I art     : Explicit concurrent mark sweep GC freed 20(704B) AllocSpace objects, 0(0B) LOS objects, 22% free, 53MB/69MB, paused 688us total 28.636ms
08-04 21:22:35.037 18171 18184 I art     : Starting a blocking GC Explicit
08-04 21:22:35.063 18171 18184 I art     : Explicit concurrent mark sweep GC freed 3(96B) AllocSpace objects, 0(0B) LOS objects, 22% free, 53MB/69MB, paused 565us total 25.552ms
08-04 21:22:35.072 18171 18184 I art     : Starting a blocking GC Explicit
08-04 21:22:35.097 18171 18184 I art     : Explicit concurrent mark sweep GC freed 3(96B) AllocSpace objects, 0(0B) LOS objects, 22% free, 53MB/69MB, paused 561us total 25.391ms
08-04 21:22:35.107 18171 18184 I art     : Starting a blocking GC Explicit
08-04 21:22:35.132 18171 18184 I art     : Explicit concurrent mark sweep GC freed 3(96B) AllocSpace objects, 0(0B) LOS objects, 22% free, 53MB/69MB, paused 552us total 25.143ms
08-04 21:22:35.298 15172 15172 I ServiceManager: Waiting for service AtCmdFwd...
08-04 21:22:35.444 18171 18434 I art     : Starting a blocking GC Explicit
08-04 21:22:35.477 18171 18434 I art     : Explicit concurrent mark sweep GC freed 1344(78KB) AllocSpace objects, 1(20KB) LOS objects, 22% free, 53MB/69MB, paused 615us total 31.829ms
08-04 21:22:35.490 18171 18434 I art     : Starting a blocking GC Explicit
08-04 21:22:35.515 18171 18434 I art     : Explicit concurrent mark sweep GC freed 20(704B) AllocSpace objects, 0(0B) LOS objects, 22% free, 53MB/69MB, paused 557us total 25.405ms
08-04 21:22:35.525 18171 18434 I art     : Starting a blocking GC Explicit
08-04 21:22:35.550 18171 18434 I art     : Explicit concurrent mark sweep GC freed 3(96B) AllocSpace objects, 0(0B) LOS objects, 22% free, 53MB/69MB, paused 629us total 25.488ms
08-04 21:22:35.560 18171 18434 I art     : Starting a blocking GC Explicit
08-04 21:22:35.585 18171 18434 I art     : Explicit concurrent mark sweep GC freed 3(96B) AllocSpace objects, 0(0B) LOS objects, 22% free, 53MB/69MB, paused 571us total 25.299ms
08-04 21:22:35.595 18171 18434 I art     : Starting a blocking GC Explicit
08-04 21:22:35.621 18171 18434 I art     : Explicit concurrent mark sweep GC freed 3(96B) AllocSpace objects, 0(0B) LOS objects, 22% free, 53MB/69MB, paused 564us total 25.763ms
08-04 21:22:35.955 18171 18183 I art     : Starting a blocking GC Explicit
08-04 21:22:35.989 18171 18183 I art     : Explicit concurrent mark sweep GC freed 1344(78KB) AllocSpace objects, 1(20KB) LOS objects, 22% free, 53MB/69MB, paused 709us total 33.898ms
08-04 21:22:36.001 18171 18183 I art     : Starting a blocking GC Explicit
08-04 21:22:36.025 18171 18183 I art     : Explicit concurrent mark sweep GC freed 20(704B) AllocSpace objects, 0(0B) LOS objects, 22% free, 53MB/69MB, paused 590us total 23.853ms
08-04 21:22:36.034 18171 18183 I art     : Starting a blocking GC Explicit
08-04 21:22:36.058 18171 18183 I art     : Explicit concurrent mark sweep GC freed 3(96B) AllocSpace objects, 0(0B) LOS objects, 22% free, 53MB/69MB, paused 582us total 23.886ms
08-04 21:22:36.067 18171 18183 I art     : Starting a blocking GC Explicit
08-04 21:22:36.091 18171 18183 I art     : Explicit concurrent mark sweep GC freed 3(96B) AllocSpace objects, 0(0B) LOS objects, 22% free, 53MB/69MB, paused 546us total 23.613ms
08-04 21:22:36.100 18171 18183 I art     : Starting a blocking GC Explicit
08-04 21:22:36.124 18171 18183 I art     : Explicit concurrent mark sweep GC freed 3(96B) AllocSpace objects, 0(0B) LOS objects, 22% free, 53MB/69MB, paused 553us total 23.789ms
08-04 21:22:36.298 15172 15172 W Atfwd_Sendcmd: AtCmdFwd service not published, waiting... retryCnt : 1
08-04 21:22:36.391 22100 22100 D AndroidRuntime: >>>>>> START com.android.internal.os.RuntimeInit uid 2000 <<<<<<
08-04 21:22:36.397 22100 22100 D AndroidRuntime: CheckJNI is OFF
08-04 21:22:36.432 22100 22100 D ICU     : No timezone override file found: /data/misc/zoneinfo/current/icu/icu_tzdata.dat
08-04 21:22:36.439 18171 18231 I art     : Starting a blocking GC Explicit
08-04 21:22:36.465 18171 18231 I art     : Explicit concurrent mark sweep GC freed 1344(78KB) AllocSpace objects, 1(20KB) LOS objects, 22% free, 53MB/69MB, paused 655us total 25.524ms
08-04 21:22:36.467 22100 22100 I Radio-JNI: register_android_hardware_Radio DONE
08-04 21:22:36.474 18171 18231 I art     : Starting a blocking GC Explicit
08-04 21:22:36.490 22100 22100 D AndroidRuntime: Calling main entry com.android.commands.input.Input
08-04 21:22:36.492 22100 22100 I Input   : injectKeyEvent: KeyEvent { action=ACTION_DOWN, keyCode=KEYCODE_BACK, scanCode=0, metaState=0, flags=0x0, repeatCount=0, eventTime=739372905, downTime=739372905, deviceId=-1, source=0x101 }
08-04 21:22:36.499 18171 18231 I art     : Explicit concurrent mark sweep GC freed 20(704B) AllocSpace objects, 0(0B) LOS objects, 22% free, 53MB/69MB, paused 676us total 24.023ms
08-04 21:22:36.499 22100 22100 I Input   : injectKeyEvent: KeyEvent { action=ACTION_UP, keyCode=KEYCODE_BACK, scanCode=0, metaState=0, flags=0x0, repeatCount=0, eventTime=739372905, downTime=739372905, deviceId=-1, source=0x101 }
08-04 21:22:36.504 22100 22100 D AndroidRuntime: Shutting down VM
08-04 21:22:36.507 18171 18231 I art     : Starting a blocking GC Explicit
08-04 21:22:36.530 18171 18231 I art     : Explicit concurrent mark sweep GC freed 148(6KB) AllocSpace objects, 0(0B) LOS objects, 22% free, 53MB/69MB, paused 522us total 22.126ms
08-04 21:22:36.538 18171 18231 I art     : Starting a blocking GC Explicit
08-04 21:22:36.544 13866 13866 I GoogleInputMethodServic: GoogleInputMethodService.onFinishInput():3138 
08-04 21:22:36.545 13866 13866 I GoogleInputMethodServic: GoogleInputMethodService.onStartInput():1808 
08-04 21:22:36.560 18171 18231 I art     : Explicit concurrent mark sweep GC freed 29(1104B) AllocSpace objects, 0(0B) LOS objects, 22% free, 53MB/69MB, paused 526us total 21.494ms
08-04 21:22:36.568 18171 18231 I art     : Starting a blocking GC Explicit
08-04 21:22:36.591 18171 18231 I art     : Explicit concurrent mark sweep GC freed 17(560B) AllocSpace objects, 0(0B) LOS objects, 22% free, 53MB/69MB, paused 607us total 22.456ms
08-04 21:22:36.836   380   380 W SurfaceFlinger: couldn't log to binary event log: overflow.
08-04 21:22:36.839 18171 18231 I art     : Starting a blocking GC Explicit
08-04 21:22:36.861 18171 18231 I art     : Explicit concurrent mark sweep GC freed 1453(86KB) AllocSpace objects, 1(20KB) LOS objects, 22% free, 53MB/69MB, paused 521us total 21.554ms
08-04 21:22:36.869 18171 18231 I art     : Starting a blocking GC Explicit
08-04 21:22:36.892 18171 18231 I art     : Explicit concurrent mark sweep GC freed 133(6KB) AllocSpace objects, 0(0B) LOS objects, 22% free, 53MB/69MB, paused 543us total 22.858ms
08-04 21:22:36.900 18171 18231 I art     : Starting a blocking GC Explicit
08-04 21:22:36.923 18171 18231 I art     : Explicit concurrent mark sweep GC freed 1544(101KB) AllocSpace objects, 3(184KB) LOS objects, 22% free, 53MB/69MB, paused 519us total 22.262ms
08-04 21:22:36.931 18171 18231 I art     : Starting a blocking GC Explicit
08-04 21:22:36.954 18171 18231 I art     : Explicit concurrent mark sweep GC freed 3(96B) AllocSpace objects, 0(0B) LOS objects, 22% free, 53MB/69MB, paused 528us total 22.158ms
08-04 21:22:36.962 18171 18231 I art     : Starting a blocking GC Explicit
08-04 21:22:36.984 18171 18231 I art     : Explicit concurrent mark sweep GC freed 3(96B) AllocSpace objects, 0(0B) LOS objects, 22% free, 53MB/69MB, paused 529us total 21.827ms
08-04 21:22:37.259 18171 18184 I art     : Starting a blocking GC Explicit
08-04 21:22:37.287 18171 18184 I art     : Explicit concurrent mark sweep GC freed 1344(78KB) AllocSpace objects, 1(20KB) LOS objects, 22% free, 53MB/69MB, paused 598us total 27.717ms
08-04 21:22:37.299 18171 18184 I art     : Starting a blocking GC Explicit
08-04 21:22:37.324 18171 18184 I art     : Explicit concurrent mark sweep GC freed 20(704B) AllocSpace objects, 0(0B) LOS objects, 22% free, 53MB/69MB, paused 561us total 24.307ms
08-04 21:22:37.333 18171 18184 I art     : Starting a blocking GC Explicit
08-04 21:22:37.358 18171 18184 I art     : Explicit concurrent mark sweep GC freed 3(96B) AllocSpace objects, 0(0B) LOS objects, 22% free, 53MB/69MB, paused 642us total 24.564ms
08-04 21:22:37.367 18171 18184 I art     : Starting a blocking GC Explicit
08-04 21:22:37.392 18171 18184 I art     : Explicit concurrent mark sweep GC freed 3(96B) AllocSpace objects, 0(0B) LOS objects, 22% free, 53MB/69MB, paused 554us total 24.366ms
08-04 21:22:37.401 18171 18184 I art     : Starting a blocking GC Explicit
08-04 21:22:37.426 18171 18184 I art     : Explicit concurrent mark sweep GC freed 3(96B) AllocSpace objects, 0(0B) LOS objects, 22% free, 53MB/69MB, paused 568us total 24.342ms
08-04 21:22:37.735 18171 18434 I art     : Starting a blocking GC Explicit
08-04 21:22:37.769 18171 18434 I art     : Explicit concurrent mark sweep GC freed 1344(78KB) AllocSpace objects, 1(20KB) LOS objects, 22% free, 53MB/69MB, paused 676us total 33.363ms
08-04 21:22:37.780 18171 18434 I art     : Starting a blocking GC Explicit
08-04 21:22:37.803 18171 18434 I art     : Explicit concurrent mark sweep GC freed 20(704B) AllocSpace objects, 0(0B) LOS objects, 22% free, 53MB/69MB, paused 539us total 22.544ms
08-04 21:22:37.812 18171 18434 I art     : Starting a blocking GC Explicit
08-04 21:22:37.834 18171 18434 I art     : Explicit concurrent mark sweep GC freed 3(96B) AllocSpace objects, 0(0B) LOS objects, 22% free, 53MB/69MB, paused 546us total 22.472ms
08-04 21:22:37.843 18171 18434 I art     : Starting a blocking GC Explicit
08-04 21:22:37.866 18171 18434 I art     : Explicit concurrent mark sweep GC freed 3(96B) AllocSpace objects, 0(0B) LOS objects, 22% free, 53MB/69MB, paused 554us total 22.428ms
08-04 21:22:37.875 18171 18434 I art     : Starting a blocking GC Explicit
08-04 21:22:37.899 18171 18434 I art     : Explicit concurrent mark sweep GC freed 3(96B) AllocSpace objects, 0(0B) LOS objects, 22% free, 53MB/69MB, paused 558us total 23.464ms
08-04 21:22:38.157 22153 22153 D AndroidRuntime: >>>>>> START com.android.internal.os.RuntimeInit uid 2000 <<<<<<
08-04 21:22:38.161 22153 22153 D AndroidRuntime: CheckJNI is OFF
08-04 21:22:38.172 18171 18183 I art     : Starting a blocking GC Explicit
08-04 21:22:38.197 18171 18183 I art     : Explicit concurrent mark sweep GC freed 1344(78KB) AllocSpace objects, 1(20KB) LOS objects, 22% free, 53MB/69MB, paused 581us total 24.263ms
08-04 21:22:38.197 22153 22153 D ICU     : No timezone override file found: /data/misc/zoneinfo/current/icu/icu_tzdata.dat
08-04 21:22:38.206 18171 18183 I art     : Starting a blocking GC Explicit
08-04 21:22:38.230 18171 18183 I art     : Explicit concurrent mark sweep GC freed 20(704B) AllocSpace objects, 0(0B) LOS objects, 22% free, 53MB/69MB, paused 622us total 23.221ms
08-04 21:22:38.230 22153 22153 I Radio-JNI: register_android_hardware_Radio DONE
08-04 21:22:38.239 18171 18183 I art     : Starting a blocking GC Explicit
08-04 21:22:38.253 22153 22153 D AndroidRuntime: Calling main entry com.android.commands.input.Input
08-04 21:22:38.255 22153 22153 I Input   : injectKeyEvent: KeyEvent { action=ACTION_DOWN, keyCode=KEYCODE_BACK, scanCode=0, metaState=0, flags=0x0, repeatCount=0, eventTime=739374668, downTime=739374668, deviceId=-1, source=0x101 }
08-04 21:22:38.261 22153 22153 I Input   : injectKeyEvent: KeyEvent { action=ACTION_UP, keyCode=KEYCODE_BACK, scanCode=0, metaState=0, flags=0x0, repeatCount=0, eventTime=739374668, downTime=739374668, deviceId=-1, source=0x101 }
08-04 21:22:38.262 18171 18183 I art     : Explicit concurrent mark sweep GC freed 3(96B) AllocSpace objects, 0(0B) LOS objects, 22% free, 53MB/69MB, paused 689us total 23.651ms
08-04 21:22:38.266 22153 22153 D AndroidRuntime: Shutting down VM
08-04 21:22:38.271 18171 18183 I art     : Starting a blocking GC Explicit
08-04 21:22:38.293 18171 18183 I art     : Explicit concurrent mark sweep GC freed 150(6KB) AllocSpace objects, 0(0B) LOS objects, 22% free, 53MB/69MB, paused 504us total 22.061ms
08-04 21:22:38.300 13866 13866 I GoogleInputMethodServic: GoogleInputMethodService.onFinishInput():3138 
08-04 21:22:38.301 13866 13866 I GoogleInputMethodServic: GoogleInputMethodService.onStartInput():1808 
08-04 21:22:38.302 18171 18183 I art     : Starting a blocking GC Explicit
08-04 21:22:38.325 18171 18183 I art     : Explicit concurrent mark sweep GC freed 62(2160B) AllocSpace objects, 0(0B) LOS objects, 22% free, 53MB/69MB, paused 533us total 22.943ms
08-04 21:22:38.598 18171 18434 I art     : Starting a blocking GC Explicit
08-04 21:22:38.622 18171 18434 I art     : Explicit concurrent mark sweep GC freed 2984(154KB) AllocSpace objects, 1(20KB) LOS objects, 22% free, 53MB/69MB, paused 563us total 24.175ms
08-04 21:22:38.631 18171 18434 I art     : Starting a blocking GC Explicit
08-04 21:22:38.654 18171 18434 I art     : Explicit concurrent mark sweep GC freed 2858(181KB) AllocSpace objects, 2(140KB) LOS objects, 23% free, 53MB/69MB, paused 584us total 22.398ms
08-04 21:22:38.662 18171 18434 I art     : Starting a blocking GC Explicit
08-04 21:22:38.685 18171 18434 I art     : Explicit concurrent mark sweep GC freed 7(224B) AllocSpace objects, 0(0B) LOS objects, 23% free, 53MB/69MB, paused 543us total 22.425ms
08-04 21:22:38.694 18171 18434 I art     : Starting a blocking GC Explicit
08-04 21:22:38.716 18171 18434 I art     : Explicit concurrent mark sweep GC freed 20(976B) AllocSpace objects, 0(0B) LOS objects, 23% free, 53MB/69MB, paused 533us total 22.223ms
08-04 21:22:38.725 18171 18434 I art     : Starting a blocking GC Explicit
08-04 21:22:38.747 18171 18434 I art     : Explicit concurrent mark sweep GC freed 19(608B) AllocSpace objects, 0(0B) LOS objects, 23% free, 53MB/69MB, paused 663us total 22.262ms
08-04 21:22:39.040 18171 18231 I art     : Starting a blocking GC Explicit
08-04 21:22:39.074 18171 18231 I art     : Explicit concurrent mark sweep GC freed 1344(78KB) AllocSpace objects, 1(20KB) LOS objects, 23% free, 53MB/69MB, paused 648us total 33.194ms
08-04 21:22:39.087 18171 18231 I art     : Starting a blocking GC Explicit
08-04 21:22:39.114 18171 18231 I art     : Explicit concurrent mark sweep GC freed 20(704B) AllocSpace objects, 0(0B) LOS objects, 23% free, 53MB/69MB, paused 551us total 26.793ms
08-04 21:22:39.124 18171 18231 I art     : Starting a blocking GC Explicit
08-04 21:22:39.147 18171 18231 I art     : Explicit concurrent mark sweep GC freed 3(96B) AllocSpace objects, 0(0B) LOS objects, 23% free, 53MB/69MB, paused 604us total 23.281ms
08-04 21:22:39.156 18171 18231 I art     : Starting a blocking GC Explicit
08-04 21:22:39.179 18171 18231 I art     : Explicit concurrent mark sweep GC freed 3(96B) AllocSpace objects, 0(0B) LOS objects, 23% free, 53MB/69MB, paused 546us total 22.707ms
08-04 21:22:39.188 18171 18231 I art     : Starting a blocking GC Explicit
08-04 21:22:39.211 18171 18231 I art     : Explicit concurrent mark sweep GC freed 3(96B) AllocSpace objects, 0(0B) LOS objects, 23% free, 53MB/69MB, paused 570us total 22.409ms
08-04 21:22:39.525 18171 18184 I art     : Starting a blocking GC Explicit
08-04 21:22:39.548 18171 18184 I art     : Explicit concurrent mark sweep GC freed 1341(78KB) AllocSpace objects, 1(20KB) LOS objects, 23% free, 53MB/69MB, paused 583us total 22.898ms
08-04 21:22:39.558 18171 18184 I art     : Starting a blocking GC Explicit
08-04 21:22:39.579 18171 18184 I art     : Explicit concurrent mark sweep GC freed 20(704B) AllocSpace objects, 0(0B) LOS objects, 23% free, 53MB/69MB, paused 541us total 21.612ms
08-04 21:22:39.588 18171 18184 I art     : Starting a blocking GC Explicit
08-04 21:22:39.610 18171 18184 I art     : Explicit concurrent mark sweep GC freed 3(96B) AllocSpace objects, 0(0B) LOS objects, 23% free, 53MB/69MB, paused 526us total 21.582ms
08-04 21:22:39.618 18171 18184 I art     : Starting a blocking GC Explicit
08-04 21:22:39.640 18171 18184 I art     : Explicit concurrent mark sweep GC freed 3(96B) AllocSpace objects, 0(0B) LOS objects, 23% free, 53MB/69MB, paused 559us total 21.556ms
08-04 21:22:39.649 18171 18184 I art     : Starting a blocking GC Explicit
08-04 21:22:39.671 18171 18184 I art     : Explicit concurrent mark sweep GC freed 3(96B) AllocSpace objects, 0(0B) LOS objects, 23% free, 53MB/69MB, paused 549us total 21.717ms
08-04 21:22:39.912 22206 22206 D AndroidRuntime: >>>>>> START com.android.internal.os.RuntimeInit uid 2000 <<<<<<
08-04 21:22:39.918 22206 22206 D AndroidRuntime: CheckJNI is OFF
08-04 21:22:39.941 18171 18183 I art     : Starting a blocking GC Explicit
08-04 21:22:39.952 22206 22206 D ICU     : No timezone override file found: /data/misc/zoneinfo/current/icu/icu_tzdata.dat
08-04 21:22:39.965 18171 18183 I art     : Explicit concurrent mark sweep GC freed 1341(78KB) AllocSpace objects, 1(20KB) LOS objects, 23% free, 53MB/69MB, paused 558us total 23.333ms
08-04 21:22:39.975 18171 18183 I art     : Starting a blocking GC Explicit
08-04 21:22:39.988 22206 22206 I Radio-JNI: register_android_hardware_Radio DONE
08-04 21:22:39.995 18171 18183 I art     : Explicit concurrent mark sweep GC freed 20(704B) AllocSpace objects, 0(0B) LOS objects, 23% free, 53MB/69MB, paused 561us total 20.106ms
08-04 21:22:39.995 18171 18181 I art     : WaitForGcToComplete blocked for 9.309ms for cause HeapTrim
08-04 21:22:40.003 18171 18183 I art     : Starting a blocking GC Explicit
08-04 21:22:40.010 22206 22206 D AndroidRuntime: Calling main entry com.android.commands.input.Input
08-04 21:22:40.011 22206 22206 I Input   : injectMotionEvent: MotionEvent { action=ACTION_DOWN, actionButton=0, id[0]=0, x[0]=1084.0, y[0]=2213.0, toolType[0]=TOOL_TYPE_UNKNOWN, buttonState=0, metaState=0, flags=0x0, edgeFlags=0x0, pointerCount=1, historySize=0, eventTime=739376424, downTime=739376424, deviceId=0, source=0x1002 }
08-04 21:22:40.016 22206 22206 I Input   : injectMotionEvent: MotionEvent { action=ACTION_UP, actionButton=0, id[0]=0, x[0]=1084.0, y[0]=2213.0, toolType[0]=TOOL_TYPE_UNKNOWN, buttonState=0, metaState=0, flags=0x0, edgeFlags=0x0, pointerCount=1, historySize=0, eventTime=739376424, downTime=739376424, deviceId=0, source=0x1002 }
08-04 21:22:40.017   918  3670 I ActivityManager: START u0 {cmp=baseline.appteam.nith.hillffair/.activities.EventActivity} from uid 10651 on display 0
08-04 21:22:40.023 18171 18183 I art     : Explicit concurrent mark sweep GC freed 6(192B) AllocSpace objects, 0(0B) LOS objects, 23% free, 53MB/69MB, paused 602us total 20.071ms
08-04 21:22:40.025 22206 22206 D AndroidRuntime: Shutting down VM
08-04 21:22:40.032 18171 18183 I art     : Starting a blocking GC Explicit
08-04 21:22:40.054 18171 18183 I art     : Explicit concurrent mark sweep GC freed 3940(208KB) AllocSpace objects, 0(0B) LOS objects, 23% free, 53MB/69MB, paused 965us total 22.441ms
08-04 21:22:40.065 18171 18183 I art     : Starting a blocking GC Explicit
08-04 21:22:40.085 18171 18183 I art     : Explicit concurrent mark sweep GC freed 1376(153KB) AllocSpace objects, 0(0B) LOS objects, 23% free, 53MB/69MB, paused 506us total 20.351ms
08-04 21:22:40.096 18171 18171 I NAPPA_EXPERIMENTATION: MetricNetworkRequestExecutionTime: REQUEST_DURATION_SYSTEM='45',REQUEST_DURATION_OKHTTP='34',REQUEST_SYNCHRONOUS='FALSE',RESPONSE_CODE='200',RESPONSE_METHOD='GET',RESPONSE_LENGTH_OKHTTP='1870',RESPONSE_LENGTH_HEADER='-2',REQUEST_PROTOCOL='http/1.1',REQUEST_URL='https://api-hillfair-2k16.herokuapp.com/api/app/club',
08-04 21:22:40.097 13866 13866 I GoogleInputMethodServic: GoogleInputMethodService.onFinishInput():3138 
08-04 21:22:40.098 13866 13866 I GoogleInputMethodServic: GoogleInputMethodService.onStartInput():1808 
08-04 21:22:40.137   918   936 I ActivityManager: Displayed baseline.appteam.nith.hillffair/.activities.EventActivity: +112ms
08-04 21:22:40.344 18171 18231 I art     : Starting a blocking GC Explicit
08-04 21:22:40.373 18171 18231 I art     : Explicit concurrent mark sweep GC freed 2472(143KB) AllocSpace objects, 1(20KB) LOS objects, 23% free, 53MB/69MB, paused 745us total 28.688ms
08-04 21:22:40.384 18171 18231 I art     : Starting a blocking GC Explicit
08-04 21:22:40.391   380   380 W SurfaceFlinger: couldn't log to binary event log: overflow.
08-04 21:22:40.410 18171 18231 I art     : Explicit concurrent mark sweep GC freed 98(3KB) AllocSpace objects, 0(0B) LOS objects, 23% free, 53MB/69MB, paused 505us total 25.088ms
08-04 21:22:40.418 18171 18231 I art     : Starting a blocking GC Explicit
08-04 21:22:40.439 18171 18231 I art     : Explicit concurrent mark sweep GC freed 3(96B) AllocSpace objects, 0(0B) LOS objects, 23% free, 53MB/69MB, paused 559us total 20.518ms
08-04 21:22:40.447 18171 18231 I art     : Starting a blocking GC Explicit
08-04 21:22:40.468 18171 18231 I art     : Explicit concurrent mark sweep GC freed 3(96B) AllocSpace objects, 0(0B) LOS objects, 23% free, 53MB/69MB, paused 494us total 20.350ms
08-04 21:22:40.476 18171 18231 I art     : Starting a blocking GC Explicit
08-04 21:22:40.499 18171 18231 I art     : Explicit concurrent mark sweep GC freed 64(4KB) AllocSpace objects, 0(0B) LOS objects, 23% free, 53MB/69MB, paused 500us total 22.296ms
08-04 21:22:40.787 18171 18231 I art     : Starting a blocking GC Explicit
08-04 21:22:40.811 18171 18231 I art     : Explicit concurrent mark sweep GC freed 1353(78KB) AllocSpace objects, 1(20KB) LOS objects, 23% free, 53MB/69MB, paused 551us total 23.541ms
08-04 21:22:40.820 18171 18231 I art     : Starting a blocking GC Explicit
08-04 21:22:40.844 18171 18231 I art     : Explicit concurrent mark sweep GC freed 29(1040B) AllocSpace objects, 0(0B) LOS objects, 23% free, 53MB/69MB, paused 558us total 23.742ms
08-04 21:22:40.853 18171 18231 I art     : Starting a blocking GC Explicit
08-04 21:22:40.877 18171 18231 I art     : Explicit concurrent mark sweep GC freed 3(96B) AllocSpace objects, 0(0B) LOS objects, 23% free, 53MB/69MB, paused 604us total 23.648ms
08-04 21:22:40.886 18171 18231 I art     : Starting a blocking GC Explicit
08-04 21:22:40.909 18171 18231 I art     : Explicit concurrent mark sweep GC freed 3(96B) AllocSpace objects, 0(0B) LOS objects, 23% free, 53MB/69MB, paused 547us total 23.413ms
08-04 21:22:40.919 18171 18231 I art     : Starting a blocking GC Explicit
08-04 21:22:40.943 18171 18231 I art     : Explicit concurrent mark sweep GC freed 3(96B) AllocSpace objects, 0(0B) LOS objects, 23% free, 53MB/69MB, paused 547us total 24.476ms
08-04 21:22:41.223 18171 18183 I art     : Starting a blocking GC Explicit
08-04 21:22:41.254 18171 18183 I art     : Explicit concurrent mark sweep GC freed 1344(78KB) AllocSpace objects, 1(20KB) LOS objects, 23% free, 53MB/69MB, paused 592us total 29.849ms
08-04 21:22:41.266 18171 18183 I art     : Starting a blocking GC Explicit
08-04 21:22:41.292 18171 18183 I art     : Explicit concurrent mark sweep GC freed 20(704B) AllocSpace objects, 0(0B) LOS objects, 23% free, 53MB/69MB, paused 557us total 25.682ms
08-04 21:22:41.299 15172 15172 I ServiceManager: Waiting for service AtCmdFwd...
08-04 21:22:41.302 18171 18183 I art     : Starting a blocking GC Explicit
08-04 21:22:41.326 18171 18183 I art     : Explicit concurrent mark sweep GC freed 3(96B) AllocSpace objects, 0(0B) LOS objects, 23% free, 53MB/69MB, paused 555us total 24.433ms
08-04 21:22:41.336 18171 18183 I art     : Starting a blocking GC Explicit
08-04 21:22:41.360 18171 18183 I art     : Explicit concurrent mark sweep GC freed 3(96B) AllocSpace objects, 0(0B) LOS objects, 23% free, 53MB/69MB, paused 572us total 24.300ms
08-04 21:22:41.369 18171 18183 I art     : Starting a blocking GC Explicit
08-04 21:22:41.394 18171 18183 I art     : Explicit concurrent mark sweep GC freed 3(96B) AllocSpace objects, 0(0B) LOS objects, 23% free, 53MB/69MB, paused 547us total 24.218ms
08-04 21:22:41.692 18171 18434 I art     : Starting a blocking GC Explicit
08-04 21:22:41.718 18171 18434 I art     : Explicit concurrent mark sweep GC freed 1344(78KB) AllocSpace objects, 1(20KB) LOS objects, 23% free, 53MB/69MB, paused 582us total 25.530ms
08-04 21:22:41.727 18171 18434 I art     : Starting a blocking GC Explicit
08-04 21:22:41.752 18171 18434 I art     : Explicit concurrent mark sweep GC freed 20(704B) AllocSpace objects, 0(0B) LOS objects, 23% free, 53MB/69MB, paused 548us total 24.412ms
08-04 21:22:41.761 18171 18434 I art     : Starting a blocking GC Explicit
08-04 21:22:41.786 18171 18434 I art     : Explicit concurrent mark sweep GC freed 3(96B) AllocSpace objects, 0(0B) LOS objects, 23% free, 53MB/69MB, paused 552us total 24.750ms
08-04 21:22:41.795 18171 18434 I art     : Starting a blocking GC Explicit
08-04 21:22:41.819 18171 18434 I art     : Explicit concurrent mark sweep GC freed 3(96B) AllocSpace objects, 0(0B) LOS objects, 23% free, 53MB/69MB, paused 549us total 23.851ms
08-04 21:22:41.829 18171 18434 I art     : Starting a blocking GC Explicit
08-04 21:22:41.853 18171 18434 I art     : Explicit concurrent mark sweep GC freed 3(96B) AllocSpace objects, 0(0B) LOS objects, 23% free, 53MB/69MB, paused 540us total 23.708ms
08-04 21:22:42.184 18171 18184 I art     : Starting a blocking GC Explicit
08-04 21:22:42.219 18171 18184 I art     : Explicit concurrent mark sweep GC freed 1344(78KB) AllocSpace objects, 1(20KB) LOS objects, 23% free, 53MB/69MB, paused 612us total 34.547ms
08-04 21:22:42.232 18171 18184 I art     : Starting a blocking GC Explicit
08-04 21:22:42.258 18171 18184 I art     : Explicit concurrent mark sweep GC freed 20(704B) AllocSpace objects, 0(0B) LOS objects, 23% free, 53MB/69MB, paused 586us total 25.477ms
08-04 21:22:42.267 18171 18184 I art     : Starting a blocking GC Explicit
08-04 21:22:42.291 18171 18184 I art     : Explicit concurrent mark sweep GC freed 3(96B) AllocSpace objects, 0(0B) LOS objects, 23% free, 53MB/69MB, paused 535us total 23.586ms
08-04 21:22:42.299 15172 15172 I ServiceManager: Waiting for service AtCmdFwd...
08-04 21:22:42.300 18171 18184 I art     : Starting a blocking GC Explicit
08-04 21:22:42.324 18171 18184 I art     : Explicit concurrent mark sweep GC freed 3(96B) AllocSpace objects, 0(0B) LOS objects, 23% free, 53MB/69MB, paused 551us total 24.343ms
08-04 21:22:42.334 18171 18184 I art     : Starting a blocking GC Explicit
08-04 21:22:42.358 18171 18184 I art     : Explicit concurrent mark sweep GC freed 3(96B) AllocSpace objects, 0(0B) LOS objects, 23% free, 53MB/69MB, paused 565us total 23.675ms
08-04 21:22:42.680 18171 18231 I art     : Starting a blocking GC Explicit
08-04 21:22:42.711 18171 18231 I art     : Explicit concurrent mark sweep GC freed 1344(78KB) AllocSpace objects, 1(20KB) LOS objects, 23% free, 53MB/69MB, paused 601us total 30.324ms
08-04 21:22:42.723 18171 18231 I art     : Starting a blocking GC Explicit
08-04 21:22:42.747 18171 18231 I art     : Explicit concurrent mark sweep GC freed 20(704B) AllocSpace objects, 0(0B) LOS objects, 23% free, 53MB/69MB, paused 598us total 24.510ms
08-04 21:22:42.757 18171 18231 I art     : Starting a blocking GC Explicit
08-04 21:22:42.781 18171 18231 I art     : Explicit concurrent mark sweep GC freed 3(96B) AllocSpace objects, 0(0B) LOS objects, 23% free, 53MB/69MB, paused 568us total 23.954ms
08-04 21:22:42.790 18171 18231 I art     : Starting a blocking GC Explicit
08-04 21:22:42.815 18171 18231 I art     : Explicit concurrent mark sweep GC freed 3(96B) AllocSpace objects, 0(0B) LOS objects, 23% free, 53MB/69MB, paused 545us total 24.525ms
08-04 21:22:42.824 18171 18231 I art     : Starting a blocking GC Explicit
08-04 21:22:42.849 18171 18231 I art     : Explicit concurrent mark sweep GC freed 3(96B) AllocSpace objects, 0(0B) LOS objects, 23% free, 53MB/69MB, paused 550us total 24.674ms
08-04 21:22:43.163 18171 18183 I art     : Starting a blocking GC Explicit
08-04 21:22:43.194 18171 18183 I art     : Explicit concurrent mark sweep GC freed 1344(78KB) AllocSpace objects, 1(20KB) LOS objects, 23% free, 53MB/69MB, paused 605us total 30.420ms
08-04 21:22:43.207 18171 18183 I art     : Starting a blocking GC Explicit
08-04 21:22:43.233 18171 18183 I art     : Explicit concurrent mark sweep GC freed 20(704B) AllocSpace objects, 0(0B) LOS objects, 23% free, 53MB/69MB, paused 537us total 26.368ms
08-04 21:22:43.243 18171 18183 I art     : Starting a blocking GC Explicit
08-04 21:22:43.267 18171 18183 I art     : Explicit concurrent mark sweep GC freed 3(96B) AllocSpace objects, 0(0B) LOS objects, 23% free, 53MB/69MB, paused 559us total 23.767ms
08-04 21:22:43.276 18171 18183 I art     : Starting a blocking GC Explicit
08-04 21:22:43.300 15172 15172 I ServiceManager: Waiting for service AtCmdFwd...
08-04 21:22:43.301 18171 18183 I art     : Explicit concurrent mark sweep GC freed 3(96B) AllocSpace objects, 0(0B) LOS objects, 23% free, 53MB/69MB, paused 544us total 24.742ms
08-04 21:22:43.310 18171 18183 I art     : Starting a blocking GC Explicit
08-04 21:22:43.334 18171 18183 I art     : Explicit concurrent mark sweep GC freed 3(96B) AllocSpace objects, 0(0B) LOS objects, 23% free, 53MB/69MB, paused 545us total 23.798ms
08-04 21:22:43.665 18171 18434 I art     : Starting a blocking GC Explicit
08-04 21:22:43.701 18171 18434 I art     : Explicit concurrent mark sweep GC freed 1344(78KB) AllocSpace objects, 1(20KB) LOS objects, 23% free, 53MB/69MB, paused 658us total 35.456ms
08-04 21:22:43.714 18171 18434 I art     : Starting a blocking GC Explicit
08-04 21:22:43.739 18171 18434 I art     : Explicit concurrent mark sweep GC freed 20(704B) AllocSpace objects, 0(0B) LOS objects, 23% free, 53MB/69MB, paused 521us total 24.312ms
08-04 21:22:43.748 18171 18434 I art     : Starting a blocking GC Explicit
08-04 21:22:43.772 18171 18434 I art     : Explicit concurrent mark sweep GC freed 3(96B) AllocSpace objects, 0(0B) LOS objects, 23% free, 53MB/69MB, paused 547us total 24.249ms
08-04 21:22:43.782 18171 18434 I art     : Starting a blocking GC Explicit
08-04 21:22:43.806 18171 18434 I art     : Explicit concurrent mark sweep GC freed 3(96B) AllocSpace objects, 0(0B) LOS objects, 23% free, 53MB/69MB, paused 545us total 24.143ms
08-04 21:22:43.815 18171 18434 I art     : Starting a blocking GC Explicit
08-04 21:22:43.840 18171 18434 I art     : Explicit concurrent mark sweep GC freed 3(96B) AllocSpace objects, 0(0B) LOS objects, 23% free, 53MB/69MB, paused 562us total 24.120ms
08-04 21:22:44.159 18171 18184 I art     : Starting a blocking GC Explicit
08-04 21:22:44.194 18171 18184 I art     : Explicit concurrent mark sweep GC freed 1344(78KB) AllocSpace objects, 1(20KB) LOS objects, 23% free, 53MB/69MB, paused 677us total 34.769ms
08-04 21:22:44.209 18171 18184 I art     : Starting a blocking GC Explicit
08-04 21:22:44.236 18171 18184 I art     : Explicit concurrent mark sweep GC freed 20(704B) AllocSpace objects, 0(0B) LOS objects, 23% free, 53MB/69MB, paused 541us total 27.500ms
08-04 21:22:44.246 18171 18184 I art     : Starting a blocking GC Explicit
08-04 21:22:44.270 18171 18184 I art     : Explicit concurrent mark sweep GC freed 3(96B) AllocSpace objects, 0(0B) LOS objects, 23% free, 53MB/69MB, paused 555us total 23.805ms
08-04 21:22:44.279 18171 18184 I art     : Starting a blocking GC Explicit
08-04 21:22:44.301 15172 15172 I ServiceManager: Waiting for service AtCmdFwd...
08-04 21:22:44.302 18171 18184 I art     : Explicit concurrent mark sweep GC freed 3(96B) AllocSpace objects, 0(0B) LOS objects, 23% free, 53MB/69MB, paused 505us total 22.958ms
08-04 21:22:44.311 18171 18184 I art     : Starting a blocking GC Explicit
08-04 21:22:44.333 18171 18184 I art     : Explicit concurrent mark sweep GC freed 3(96B) AllocSpace objects, 0(0B) LOS objects, 23% free, 53MB/69MB, paused 558us total 21.683ms
08-04 21:22:44.634 18171 18231 I art     : Starting a blocking GC Explicit
08-04 21:22:44.658 18171 18231 I art     : Explicit concurrent mark sweep GC freed 1344(78KB) AllocSpace objects, 1(20KB) LOS objects, 23% free, 53MB/69MB, paused 591us total 24.292ms
08-04 21:22:44.667 18171 18231 I art     : Starting a blocking GC Explicit
08-04 21:22:44.691 18171 18231 I art     : Explicit concurrent mark sweep GC freed 20(704B) AllocSpace objects, 0(0B) LOS objects, 23% free, 53MB/69MB, paused 669us total 23.652ms
08-04 21:22:44.698 22327 22327 D AndroidRuntime: >>>>>> START com.android.internal.os.RuntimeInit uid 2000 <<<<<<
08-04 21:22:44.701 18171 18231 I art     : Starting a blocking GC Explicit
08-04 21:22:44.703 22327 22327 D AndroidRuntime: CheckJNI is OFF
08-04 21:22:44.724 18171 18231 I art     : Explicit concurrent mark sweep GC freed 3(96B) AllocSpace objects, 0(0B) LOS objects, 23% free, 53MB/69MB, paused 569us total 22.699ms
08-04 21:22:44.733 18171 18231 I art     : Starting a blocking GC Explicit
08-04 21:22:44.740 22327 22327 D ICU     : No timezone override file found: /data/misc/zoneinfo/current/icu/icu_tzdata.dat
08-04 21:22:44.756 18171 18231 I art     : Explicit concurrent mark sweep GC freed 3(96B) AllocSpace objects, 0(0B) LOS objects, 23% free, 53MB/69MB, paused 569us total 22.937ms
08-04 21:22:44.764 18171 18231 I art     : Starting a blocking GC Explicit
08-04 21:22:44.774 22327 22327 I Radio-JNI: register_android_hardware_Radio DONE
08-04 21:22:44.787 18171 18231 I art     : Explicit concurrent mark sweep GC freed 3(96B) AllocSpace objects, 0(0B) LOS objects, 23% free, 53MB/69MB, paused 636us total 22.602ms
08-04 21:22:44.796 22327 22327 D AndroidRuntime: Calling main entry com.android.commands.input.Input
08-04 21:22:44.798 22327 22327 I Input   : injectMotionEvent: MotionEvent { action=ACTION_DOWN, actionButton=0, id[0]=0, x[0]=255.0, y[0]=1845.0, toolType[0]=TOOL_TYPE_UNKNOWN, buttonState=0, metaState=0, flags=0x0, edgeFlags=0x0, pointerCount=1, historySize=0, eventTime=739381211, downTime=739381211, deviceId=0, source=0x1002 }
08-04 21:22:44.804 22327 22327 I Input   : injectMotionEvent: MotionEvent { action=ACTION_UP, actionButton=0, id[0]=0, x[0]=255.0, y[0]=1845.0, toolType[0]=TOOL_TYPE_UNKNOWN, buttonState=0, metaState=0, flags=0x0, edgeFlags=0x0, pointerCount=1, historySize=0, eventTime=739381211, downTime=739381211, deviceId=0, source=0x1002 }
08-04 21:22:44.805   918  6029 I ActivityManager: START u0 {cmp=baseline.appteam.nith.hillffair/.activities.ClubActivity (has extras)} from uid 10651 on display 0
08-04 21:22:44.815 22327 22327 D AndroidRuntime: Shutting down VM
08-04 21:22:44.898 18171 18171 I NAPPA_EXPERIMENTATION: MetricNetworkRequestExecutionTime: REQUEST_DURATION_SYSTEM='56',REQUEST_DURATION_OKHTTP='30',REQUEST_SYNCHRONOUS='FALSE',RESPONSE_CODE='200',RESPONSE_METHOD='GET',RESPONSE_LENGTH_OKHTTP='1171',RESPONSE_LENGTH_HEADER='-2',REQUEST_PROTOCOL='http/1.1',REQUEST_URL='https://api-hillfair-2k16.herokuapp.com/api/app/club/Technical%20Committee',
08-04 21:22:44.906   918   936 I ActivityManager: Displayed baseline.appteam.nith.hillffair/.activities.ClubActivity: +91ms
08-04 21:22:44.906 13866 13866 I GoogleInputMethodServic: GoogleInputMethodService.onFinishInput():3138 
08-04 21:22:44.907 13866 13866 I GoogleInputMethodServic: GoogleInputMethodService.onStartInput():1808 
08-04 21:22:45.039 18171 18183 I art     : Starting a blocking GC Explicit
08-04 21:22:45.074 18171 18183 I art     : Explicit concurrent mark sweep GC freed 5749(415KB) AllocSpace objects, 1(20KB) LOS objects, 22% free, 53MB/69MB, paused 603us total 34.535ms
08-04 21:22:45.085 18171 18183 I art     : Starting a blocking GC Explicit
08-04 21:22:45.115 18171 18183 I art     : Explicit concurrent mark sweep GC freed 282(12KB) AllocSpace objects, 0(0B) LOS objects, 22% free, 53MB/69MB, paused 601us total 29.705ms
08-04 21:22:45.125 18171 18183 I art     : Starting a blocking GC Explicit
08-04 21:22:45.146   380   380 W SurfaceFlinger: couldn't log to binary event log: overflow.
08-04 21:22:45.155 18171 18183 I art     : Explicit concurrent mark sweep GC freed 3(96B) AllocSpace objects, 0(0B) LOS objects, 22% free, 53MB/69MB, paused 693us total 29.723ms
08-04 21:22:45.166 18171 18183 I art     : Starting a blocking GC Explicit
08-04 21:22:45.186 18171 18183 I art     : Explicit concurrent mark sweep GC freed 3(96B) AllocSpace objects, 0(0B) LOS objects, 22% free, 53MB/69MB, paused 498us total 20.711ms
08-04 21:22:45.195 18171 18183 I art     : Starting a blocking GC Explicit
08-04 21:22:45.216 18171 18183 I art     : Explicit concurrent mark sweep GC freed 3(96B) AllocSpace objects, 0(0B) LOS objects, 22% free, 53MB/69MB, paused 507us total 21.048ms
08-04 21:22:45.301 15172 15172 I ServiceManager: Waiting for service AtCmdFwd...
08-04 21:22:45.492 18171 18184 I art     : Starting a blocking GC Explicit
08-04 21:22:45.523 18171 18184 I art     : Explicit concurrent mark sweep GC freed 1449(84KB) AllocSpace objects, 1(20KB) LOS objects, 22% free, 53MB/69MB, paused 587us total 30.913ms
08-04 21:22:45.533 18171 18184 I art     : Starting a blocking GC Explicit
08-04 21:22:45.558 18171 18184 I art     : Explicit concurrent mark sweep GC freed 36(1264B) AllocSpace objects, 0(0B) LOS objects, 22% free, 53MB/69MB, paused 597us total 25.295ms
08-04 21:22:45.567 18171 18184 I art     : Starting a blocking GC Explicit
08-04 21:22:45.592 18171 18184 I art     : Explicit concurrent mark sweep GC freed 3(96B) AllocSpace objects, 0(0B) LOS objects, 22% free, 53MB/69MB, paused 587us total 24.751ms
08-04 21:22:45.602 18171 18184 I art     : Starting a blocking GC Explicit
08-04 21:22:45.627 18171 18184 I art     : Explicit concurrent mark sweep GC freed 3(96B) AllocSpace objects, 0(0B) LOS objects, 22% free, 53MB/69MB, paused 569us total 24.698ms
08-04 21:22:45.636 18171 18184 I art     : Starting a blocking GC Explicit
08-04 21:22:45.661 18171 18184 I art     : Explicit concurrent mark sweep GC freed 3(96B) AllocSpace objects, 0(0B) LOS objects, 22% free, 53MB/69MB, paused 567us total 24.787ms
08-04 21:22:45.951 18171 18183 I art     : Starting a blocking GC Explicit
08-04 21:22:45.988 18171 18183 I art     : Explicit concurrent mark sweep GC freed 1344(78KB) AllocSpace objects, 1(20KB) LOS objects, 22% free, 53MB/69MB, paused 845us total 36.218ms
08-04 21:22:46.003 18171 18183 I art     : Starting a blocking GC Explicit
08-04 21:22:46.027 18171 18183 I art     : Explicit concurrent mark sweep GC freed 20(704B) AllocSpace objects, 0(0B) LOS objects, 22% free, 53MB/69MB, paused 636us total 24.329ms
08-04 21:22:46.036 18171 18183 I art     : Starting a blocking GC Explicit
08-04 21:22:46.061 18171 18183 I art     : Explicit concurrent mark sweep GC freed 3(96B) AllocSpace objects, 0(0B) LOS objects, 22% free, 53MB/69MB, paused 578us total 24.738ms
08-04 21:22:46.070 18171 18183 I art     : Starting a blocking GC Explicit
08-04 21:22:46.095 18171 18183 I art     : Explicit concurrent mark sweep GC freed 3(96B) AllocSpace objects, 0(0B) LOS objects, 22% free, 53MB/69MB, paused 631us total 24.742ms
08-04 21:22:46.105 18171 18183 I art     : Starting a blocking GC Explicit
08-04 21:22:46.130 18171 18183 I art     : Explicit concurrent mark sweep GC freed 3(96B) AllocSpace objects, 0(0B) LOS objects, 22% free, 53MB/69MB, paused 569us total 25.183ms
08-04 21:22:46.302 15172 15172 W Atfwd_Sendcmd: AtCmdFwd service not published, waiting... retryCnt : 2
08-04 21:22:46.413 18171 18231 I art     : Starting a blocking GC Explicit
08-04 21:22:46.444 18171 18231 I art     : Explicit concurrent mark sweep GC freed 1344(78KB) AllocSpace objects, 1(20KB) LOS objects, 22% free, 53MB/69MB, paused 610us total 31.164ms
08-04 21:22:46.457 18171 18231 I art     : Starting a blocking GC Explicit
08-04 21:22:46.485 18171 18231 I art     : Explicit concurrent mark sweep GC freed 20(704B) AllocSpace objects, 0(0B) LOS objects, 22% free, 53MB/69MB, paused 610us total 27.686ms
08-04 21:22:46.494 18171 18231 I art     : Starting a blocking GC Explicit
08-04 21:22:46.520 18171 18231 I art     : Explicit concurrent mark sweep GC freed 3(96B) AllocSpace objects, 0(0B) LOS objects, 22% free, 53MB/69MB, paused 571us total 25.619ms
08-04 21:22:46.530 18171 18231 I art     : Starting a blocking GC Explicit
08-04 21:22:46.555 18171 18231 I art     : Explicit concurrent mark sweep GC freed 3(96B) AllocSpace objects, 0(0B) LOS objects, 22% free, 53MB/69MB, paused 569us total 25.340ms
08-04 21:22:46.565 18171 18231 I art     : Starting a blocking GC Explicit
08-04 21:22:46.589 18171 18231 I art     : Explicit concurrent mark sweep GC freed 3(96B) AllocSpace objects, 0(0B) LOS objects, 22% free, 53MB/69MB, paused 578us total 24.644ms
08-04 21:22:46.901 18171 18434 I art     : Starting a blocking GC Explicit
08-04 21:22:46.929 18171 18434 I art     : Explicit concurrent mark sweep GC freed 1344(78KB) AllocSpace objects, 1(20KB) LOS objects, 22% free, 53MB/69MB, paused 577us total 27.323ms
08-04 21:22:46.938 18171 18434 I art     : Starting a blocking GC Explicit
08-04 21:22:46.964 18171 18434 I art     : Explicit concurrent mark sweep GC freed 20(704B) AllocSpace objects, 0(0B) LOS objects, 22% free, 53MB/69MB, paused 563us total 25.225ms
08-04 21:22:46.973 18171 18434 I art     : Starting a blocking GC Explicit
08-04 21:22:46.999 18171 18434 I art     : Explicit concurrent mark sweep GC freed 3(96B) AllocSpace objects, 0(0B) LOS objects, 22% free, 53MB/69MB, paused 573us total 25.144ms
08-04 21:22:47.008 18171 18434 I art     : Starting a blocking GC Explicit
08-04 21:22:47.033 18171 18434 I art     : Explicit concurrent mark sweep GC freed 3(96B) AllocSpace objects, 0(0B) LOS objects, 22% free, 53MB/69MB, paused 557us total 24.833ms
08-04 21:22:47.042 18171 18434 I art     : Starting a blocking GC Explicit
08-04 21:22:47.068 18171 18434 I art     : Explicit concurrent mark sweep GC freed 3(96B) AllocSpace objects, 0(0B) LOS objects, 22% free, 53MB/69MB, paused 596us total 25.093ms
08-04 21:22:47.390 18171 18184 I art     : Starting a blocking GC Explicit
08-04 21:22:47.427 18171 18184 I art     : Explicit concurrent mark sweep GC freed 1344(78KB) AllocSpace objects, 1(20KB) LOS objects, 22% free, 53MB/69MB, paused 667us total 36.744ms
08-04 21:22:47.441 18171 18184 I art     : Starting a blocking GC Explicit
08-04 21:22:47.472 18171 18184 I art     : Explicit concurrent mark sweep GC freed 20(704B) AllocSpace objects, 0(0B) LOS objects, 22% free, 53MB/69MB, paused 612us total 30.232ms
08-04 21:22:47.483 18171 18184 I art     : Starting a blocking GC Explicit
08-04 21:22:47.508 18171 18184 I art     : Explicit concurrent mark sweep GC freed 3(96B) AllocSpace objects, 0(0B) LOS objects, 22% free, 53MB/69MB, paused 594us total 25.208ms
08-04 21:22:47.518 18171 18184 I art     : Starting a blocking GC Explicit
08-04 21:22:47.543 18171 18184 I art     : Explicit concurrent mark sweep GC freed 3(96B) AllocSpace objects, 0(0B) LOS objects, 22% free, 53MB/69MB, paused 552us total 24.826ms
08-04 21:22:47.552 18171 18184 I art     : Starting a blocking GC Explicit
08-04 21:22:47.577 18171 18184 I art     : Explicit concurrent mark sweep GC freed 3(96B) AllocSpace objects, 0(0B) LOS objects, 22% free, 53MB/69MB, paused 554us total 24.663ms
08-04 21:22:47.906 18171 18183 I art     : Starting a blocking GC Explicit
08-04 21:22:47.942 18171 18183 I art     : Explicit concurrent mark sweep GC freed 1344(78KB) AllocSpace objects, 1(20KB) LOS objects, 22% free, 53MB/69MB, paused 612us total 36.399ms
08-04 21:22:47.957 18171 18183 I art     : Starting a blocking GC Explicit
08-04 21:22:47.983 18171 18183 I art     : Explicit concurrent mark sweep GC freed 20(704B) AllocSpace objects, 0(0B) LOS objects, 22% free, 53MB/69MB, paused 571us total 25.278ms
08-04 21:22:47.992 18171 18183 I art     : Starting a blocking GC Explicit
08-04 21:22:48.017 18171 18183 I art     : Explicit concurrent mark sweep GC freed 3(96B) AllocSpace objects, 0(0B) LOS objects, 22% free, 53MB/69MB, paused 574us total 24.639ms
08-04 21:22:48.026 18171 18183 I art     : Starting a blocking GC Explicit
08-04 21:22:48.052 18171 18183 I art     : Explicit concurrent mark sweep GC freed 3(96B) AllocSpace objects, 0(0B) LOS objects, 22% free, 53MB/69MB, paused 576us total 25.564ms
08-04 21:22:48.061 18171 18183 I art     : Starting a blocking GC Explicit
08-04 21:22:48.087 18171 18183 I art     : Explicit concurrent mark sweep GC freed 3(96B) AllocSpace objects, 0(0B) LOS objects, 22% free, 53MB/69MB, paused 629us total 25.231ms
08-04 21:22:48.412 18171 18231 I art     : Starting a blocking GC Explicit
08-04 21:22:48.441 18171 18231 I art     : Explicit concurrent mark sweep GC freed 1344(78KB) AllocSpace objects, 1(20KB) LOS objects, 22% free, 53MB/69MB, paused 572us total 28.748ms
08-04 21:22:48.450 18171 18231 I art     : Starting a blocking GC Explicit
08-04 21:22:48.476 18171 18231 I art     : Explicit concurrent mark sweep GC freed 20(704B) AllocSpace objects, 0(0B) LOS objects, 22% free, 53MB/69MB, paused 568us total 25.116ms
08-04 21:22:48.485 18171 18231 I art     : Starting a blocking GC Explicit
08-04 21:22:48.511 18171 18231 I art     : Explicit concurrent mark sweep GC freed 3(96B) AllocSpace objects, 0(0B) LOS objects, 22% free, 53MB/69MB, paused 660us total 25.273ms
08-04 21:22:48.520 18171 18231 I art     : Starting a blocking GC Explicit
08-04 21:22:48.544 18171 18231 I art     : Explicit concurrent mark sweep GC freed 3(96B) AllocSpace objects, 0(0B) LOS objects, 22% free, 53MB/69MB, paused 614us total 24.156ms
08-04 21:22:48.554 18171 18231 I art     : Starting a blocking GC Explicit
08-04 21:22:48.579 18171 18231 I art     : Explicit concurrent mark sweep GC freed 3(96B) AllocSpace objects, 0(0B) LOS objects, 22% free, 53MB/69MB, paused 578us total 24.997ms
08-04 21:22:48.886 18171 18434 I art     : Starting a blocking GC Explicit
08-04 21:22:48.921 18171 18434 I art     : Explicit concurrent mark sweep GC freed 1344(78KB) AllocSpace objects, 1(20KB) LOS objects, 22% free, 53MB/69MB, paused 634us total 34.550ms
08-04 21:22:48.934 18171 18434 I art     : Starting a blocking GC Explicit
08-04 21:22:48.962 18171 18434 I art     : Explicit concurrent mark sweep GC freed 20(704B) AllocSpace objects, 0(0B) LOS objects, 22% free, 53MB/69MB, paused 585us total 27.538ms
08-04 21:22:48.971 18171 18434 I art     : Starting a blocking GC Explicit
08-04 21:22:48.996 18171 18434 I art     : Explicit concurrent mark sweep GC freed 3(96B) AllocSpace objects, 0(0B) LOS objects, 22% free, 53MB/69MB, paused 572us total 25.080ms
08-04 21:22:49.006 18171 18434 I art     : Starting a blocking GC Explicit
08-04 21:22:49.031 18171 18434 I art     : Explicit concurrent mark sweep GC freed 3(96B) AllocSpace objects, 0(0B) LOS objects, 22% free, 53MB/69MB, paused 568us total 25.422ms
08-04 21:22:49.041 18171 18434 I art     : Starting a blocking GC Explicit
08-04 21:22:49.065 18171 18434 I art     : Explicit concurrent mark sweep GC freed 3(96B) AllocSpace objects, 0(0B) LOS objects, 22% free, 53MB/69MB, paused 537us total 23.210ms
08-04 21:22:49.359 18171 18184 I art     : Starting a blocking GC Explicit
08-04 21:22:49.384 18171 18184 I art     : Explicit concurrent mark sweep GC freed 1344(78KB) AllocSpace objects, 1(20KB) LOS objects, 22% free, 53MB/69MB, paused 585us total 25.116ms
08-04 21:22:49.394 18171 18184 I art     : Starting a blocking GC Explicit
08-04 21:22:49.418 18171 18184 I art     : Explicit concurrent mark sweep GC freed 20(704B) AllocSpace objects, 0(0B) LOS objects, 22% free, 53MB/69MB, paused 601us total 24.504ms
08-04 21:22:49.428 18171 18184 I art     : Starting a blocking GC Explicit
08-04 21:22:49.451 18171 18184 I art     : Explicit concurrent mark sweep GC freed 3(96B) AllocSpace objects, 0(0B) LOS objects, 22% free, 53MB/69MB, paused 580us total 23.560ms
08-04 21:22:49.460 18171 18184 I art     : Starting a blocking GC Explicit
08-04 21:22:49.484 18171 18184 I art     : Explicit concurrent mark sweep GC freed 3(96B) AllocSpace objects, 0(0B) LOS objects, 22% free, 53MB/69MB, paused 623us total 23.723ms
08-04 21:22:49.485 22442 22442 D AndroidRuntime: >>>>>> START com.android.internal.os.RuntimeInit uid 2000 <<<<<<
08-04 21:22:49.490 22442 22442 D AndroidRuntime: CheckJNI is OFF
08-04 21:22:49.493 18171 18184 I art     : Starting a blocking GC Explicit
08-04 21:22:49.517 18171 18184 I art     : Explicit concurrent mark sweep GC freed 3(96B) AllocSpace objects, 0(0B) LOS objects, 22% free, 53MB/69MB, paused 589us total 23.224ms
08-04 21:22:49.526 22442 22442 D ICU     : No timezone override file found: /data/misc/zoneinfo/current/icu/icu_tzdata.dat
08-04 21:22:49.558 22442 22442 I Radio-JNI: register_android_hardware_Radio DONE
08-04 21:22:49.580 22442 22442 D AndroidRuntime: Calling main entry com.android.commands.input.Input
08-04 21:22:49.581 22442 22442 I Input   : injectKeyEvent: KeyEvent { action=ACTION_DOWN, keyCode=KEYCODE_BACK, scanCode=0, metaState=0, flags=0x0, repeatCount=0, eventTime=739385994, downTime=739385994, deviceId=-1, source=0x101 }
08-04 21:22:49.587 22442 22442 I Input   : injectKeyEvent: KeyEvent { action=ACTION_UP, keyCode=KEYCODE_BACK, scanCode=0, metaState=0, flags=0x0, repeatCount=0, eventTime=739385994, downTime=739385994, deviceId=-1, source=0x101 }
08-04 21:22:49.593 22442 22442 D AndroidRuntime: Shutting down VM
08-04 21:22:49.628 13866 13866 I GoogleInputMethodServic: GoogleInputMethodService.onFinishInput():3138 
08-04 21:22:49.629 13866 13866 I GoogleInputMethodServic: GoogleInputMethodService.onStartInput():1808 
08-04 21:22:49.769 18171 18183 I art     : Starting a blocking GC Explicit
08-04 21:22:49.797 18171 18183 I art     : Explicit concurrent mark sweep GC freed 1547(87KB) AllocSpace objects, 1(20KB) LOS objects, 22% free, 53MB/69MB, paused 634us total 27.490ms
08-04 21:22:49.806 18171 18183 I art     : Starting a blocking GC Explicit
08-04 21:22:49.829 18171 18183 I art     : Explicit concurrent mark sweep GC freed 42(1456B) AllocSpace objects, 0(0B) LOS objects, 22% free, 53MB/69MB, paused 541us total 22.750ms
08-04 21:22:49.838 18171 18183 I art     : Starting a blocking GC Explicit
08-04 21:22:49.861 18171 18183 I art     : Explicit concurrent mark sweep GC freed 3(96B) AllocSpace objects, 0(0B) LOS objects, 22% free, 53MB/69MB, paused 476us total 22.483ms
08-04 21:22:49.870 18171 18183 I art     : Starting a blocking GC Explicit
08-04 21:22:49.895 18171 18183 I art     : Explicit concurrent mark sweep GC freed 3(96B) AllocSpace objects, 0(0B) LOS objects, 22% free, 53MB/69MB, paused 528us total 25.581ms
08-04 21:22:49.905 18171 18183 I art     : Starting a blocking GC Explicit
08-04 21:22:49.930 18171 18183 I art     : Explicit concurrent mark sweep GC freed 3(96B) AllocSpace objects, 0(0B) LOS objects, 22% free, 53MB/69MB, paused 669us total 23.910ms
08-04 21:22:49.933   380   380 W SurfaceFlinger: couldn't log to binary event log: overflow.
08-04 21:22:50.211 18171 18434 I art     : Starting a blocking GC Explicit
08-04 21:22:50.248 18171 18434 I art     : Explicit concurrent mark sweep GC freed 1453(86KB) AllocSpace objects, 1(20KB) LOS objects, 22% free, 53MB/69MB, paused 651us total 36.182ms
08-04 21:22:50.262 18171 18434 I art     : Starting a blocking GC Explicit
08-04 21:22:50.289 18171 18434 I art     : Explicit concurrent mark sweep GC freed 1670(108KB) AllocSpace objects, 3(180KB) LOS objects, 23% free, 53MB/69MB, paused 558us total 26.946ms
08-04 21:22:50.299 18171 18434 I art     : Starting a blocking GC Explicit
08-04 21:22:50.324 18171 18434 I art     : Explicit concurrent mark sweep GC freed 3(96B) AllocSpace objects, 0(0B) LOS objects, 23% free, 53MB/69MB, paused 565us total 24.521ms
08-04 21:22:50.333 18171 18434 I art     : Starting a blocking GC Explicit
08-04 21:22:50.357 18171 18434 I art     : Explicit concurrent mark sweep GC freed 3(96B) AllocSpace objects, 0(0B) LOS objects, 23% free, 53MB/69MB, paused 553us total 23.672ms
08-04 21:22:50.366 18171 18434 I art     : Starting a blocking GC Explicit
08-04 21:22:50.390 18171 18434 I art     : Explicit concurrent mark sweep GC freed 3(96B) AllocSpace objects, 0(0B) LOS objects, 23% free, 53MB/69MB, paused 543us total 23.841ms
08-04 21:22:50.686 18171 18184 I art     : Starting a blocking GC Explicit
08-04 21:22:50.720 18171 18184 I art     : Explicit concurrent mark sweep GC freed 1344(78KB) AllocSpace objects, 1(20KB) LOS objects, 23% free, 53MB/69MB, paused 762us total 33.456ms
08-04 21:22:50.732 18171 18184 I art     : Starting a blocking GC Explicit
08-04 21:22:50.757 18171 18184 I art     : Explicit concurrent mark sweep GC freed 20(704B) AllocSpace objects, 0(0B) LOS objects, 23% free, 53MB/69MB, paused 770us total 24.397ms
08-04 21:22:50.766 18171 18184 I art     : Starting a blocking GC Explicit
08-04 21:22:50.791 18171 18184 I art     : Explicit concurrent mark sweep GC freed 3(96B) AllocSpace objects, 0(0B) LOS objects, 23% free, 53MB/69MB, paused 556us total 24.405ms
08-04 21:22:50.800 18171 18184 I art     : Starting a blocking GC Explicit
08-04 21:22:50.824 18171 18184 I art     : Explicit concurrent mark sweep GC freed 3(96B) AllocSpace objects, 0(0B) LOS objects, 23% free, 53MB/69MB, paused 523us total 23.724ms
08-04 21:22:50.833 18171 18184 I art     : Starting a blocking GC Explicit
08-04 21:22:50.856 18171 18184 I art     : Explicit concurrent mark sweep GC freed 3(96B) AllocSpace objects, 0(0B) LOS objects, 23% free, 53MB/69MB, paused 543us total 22.691ms
08-04 21:22:51.148 18171 22475 I art     : Starting a blocking GC Explicit
08-04 21:22:51.172 18171 22475 I art     : Explicit concurrent mark sweep GC freed 1344(78KB) AllocSpace objects, 1(20KB) LOS objects, 23% free, 53MB/69MB, paused 573us total 24.042ms
08-04 21:22:51.181 18171 22475 I art     : Starting a blocking GC Explicit
08-04 21:22:51.205 18171 22475 I art     : Explicit concurrent mark sweep GC freed 20(704B) AllocSpace objects, 0(0B) LOS objects, 23% free, 53MB/69MB, paused 571us total 23.551ms
08-04 21:22:51.214 18171 22475 I art     : Starting a blocking GC Explicit
08-04 21:22:51.237 18171 22475 I art     : Explicit concurrent mark sweep GC freed 3(96B) AllocSpace objects, 0(0B) LOS objects, 23% free, 53MB/69MB, paused 588us total 22.968ms
08-04 21:22:51.246 18171 22475 I art     : Starting a blocking GC Explicit
08-04 21:22:51.247 22496 22496 D AndroidRuntime: >>>>>> START com.android.internal.os.RuntimeInit uid 2000 <<<<<<
08-04 21:22:51.252 22496 22496 D AndroidRuntime: CheckJNI is OFF
08-04 21:22:51.269 18171 22475 I art     : Explicit concurrent mark sweep GC freed 3(96B) AllocSpace objects, 0(0B) LOS objects, 23% free, 53MB/69MB, paused 542us total 22.781ms
08-04 21:22:51.278 18171 22475 I art     : Starting a blocking GC Explicit
08-04 21:22:51.288 22496 22496 D ICU     : No timezone override file found: /data/misc/zoneinfo/current/icu/icu_tzdata.dat
08-04 21:22:51.301 18171 22475 I art     : Explicit concurrent mark sweep GC freed 3(96B) AllocSpace objects, 0(0B) LOS objects, 23% free, 53MB/69MB, paused 568us total 22.934ms
08-04 21:22:51.323 22496 22496 I Radio-JNI: register_android_hardware_Radio DONE
08-04 21:22:51.345 22496 22496 D AndroidRuntime: Calling main entry com.android.commands.input.Input
08-04 21:22:51.346 22496 22496 I Input   : injectKeyEvent: KeyEvent { action=ACTION_DOWN, keyCode=KEYCODE_BACK, scanCode=0, metaState=0, flags=0x0, repeatCount=0, eventTime=739387759, downTime=739387759, deviceId=-1, source=0x101 }
08-04 21:22:51.352 22496 22496 I Input   : injectKeyEvent: KeyEvent { action=ACTION_UP, keyCode=KEYCODE_BACK, scanCode=0, metaState=0, flags=0x0, repeatCount=0, eventTime=739387759, downTime=739387759, deviceId=-1, source=0x101 }
08-04 21:22:51.358 22496 22496 D AndroidRuntime: Shutting down VM
08-04 21:22:51.397 13866 13866 I GoogleInputMethodServic: GoogleInputMethodService.onFinishInput():3138 
08-04 21:22:51.397 13866 13866 I GoogleInputMethodServic: GoogleInputMethodService.onStartInput():1808 
08-04 21:22:51.553 18171 22475 I art     : Starting a blocking GC Explicit
08-04 21:22:51.585 18171 22475 I art     : Explicit concurrent mark sweep GC freed 1553(87KB) AllocSpace objects, 1(20KB) LOS objects, 23% free, 53MB/69MB, paused 553us total 31.178ms
08-04 21:22:51.598 18171 22475 I art     : Starting a blocking GC Explicit
08-04 21:22:51.627 18171 22475 I art     : Explicit concurrent mark sweep GC freed 24(864B) AllocSpace objects, 0(0B) LOS objects, 23% free, 53MB/69MB, paused 671us total 28.878ms
08-04 21:22:51.637 18171 22475 I art     : Starting a blocking GC Explicit
08-04 21:22:51.666 18171 22475 I art     : Explicit concurrent mark sweep GC freed 3(96B) AllocSpace objects, 0(0B) LOS objects, 23% free, 53MB/69MB, paused 551us total 28.840ms
08-04 21:22:51.678 18171 22475 I art     : Starting a blocking GC Explicit
08-04 21:22:51.702 18171 22475 I art     : Explicit concurrent mark sweep GC freed 3(96B) AllocSpace objects, 0(0B) LOS objects, 23% free, 53MB/69MB, paused 553us total 23.338ms
08-04 21:22:51.712 18171 22475 I art     : Starting a blocking GC Explicit
08-04 21:22:51.735 18171 22475 I art     : Explicit concurrent mark sweep GC freed 679(32KB) AllocSpace objects, 0(0B) LOS objects, 23% free, 53MB/69MB, paused 547us total 22.615ms
08-04 21:22:52.034 18171 18184 I art     : Starting a blocking GC Explicit
08-04 21:22:52.067 18171 18184 I art     : Explicit concurrent mark sweep GC freed 4002(252KB) AllocSpace objects, 2(48KB) LOS objects, 23% free, 53MB/69MB, paused 612us total 32.173ms
08-04 21:22:52.079 18171 18184 I art     : Starting a blocking GC Explicit
08-04 21:22:52.102 18171 18184 I art     : Explicit concurrent mark sweep GC freed 20(704B) AllocSpace objects, 0(0B) LOS objects, 23% free, 53MB/69MB, paused 546us total 23.013ms
08-04 21:22:52.111 18171 18184 I art     : Starting a blocking GC Explicit
08-04 21:22:52.135 18171 18184 I art     : Explicit concurrent mark sweep GC freed 3(96B) AllocSpace objects, 0(0B) LOS objects, 23% free, 53MB/69MB, paused 563us total 22.914ms
08-04 21:22:52.144 18171 18184 I art     : Starting a blocking GC Explicit
08-04 21:22:52.167 18171 18184 I art     : Explicit concurrent mark sweep GC freed 3(96B) AllocSpace objects, 0(0B) LOS objects, 23% free, 53MB/69MB, paused 617us total 22.949ms
08-04 21:22:52.176 18171 18184 I art     : Starting a blocking GC Explicit
08-04 21:22:52.200 18171 18184 I art     : Explicit concurrent mark sweep GC freed 3(96B) AllocSpace objects, 0(0B) LOS objects, 23% free, 53MB/69MB, paused 563us total 23.554ms
08-04 21:22:52.505 18171 18231 I art     : Starting a blocking GC Explicit
08-04 21:22:52.534 18171 18231 I art     : Explicit concurrent mark sweep GC freed 1341(78KB) AllocSpace objects, 1(20KB) LOS objects, 23% free, 53MB/69MB, paused 594us total 28.760ms
08-04 21:22:52.547 18171 18231 I art     : Starting a blocking GC Explicit
08-04 21:22:52.570 18171 18231 I art     : Explicit concurrent mark sweep GC freed 20(704B) AllocSpace objects, 0(0B) LOS objects, 23% free, 53MB/69MB, paused 561us total 23.433ms
08-04 21:22:52.579 18171 18231 I art     : Starting a blocking GC Explicit
08-04 21:22:52.602 18171 18231 I art     : Explicit concurrent mark sweep GC freed 3(96B) AllocSpace objects, 0(0B) LOS objects, 23% free, 53MB/69MB, paused 595us total 22.288ms
08-04 21:22:52.611 18171 18231 I art     : Starting a blocking GC Explicit
08-04 21:22:52.633 18171 18231 I art     : Explicit concurrent mark sweep GC freed 3(96B) AllocSpace objects, 0(0B) LOS objects, 23% free, 53MB/69MB, paused 547us total 21.960ms
08-04 21:22:52.642 18171 18231 I art     : Starting a blocking GC Explicit
08-04 21:22:52.662 18171 18231 I art     : Explicit concurrent mark sweep GC freed 3(96B) AllocSpace objects, 0(0B) LOS objects, 23% free, 53MB/69MB, paused 570us total 20.553ms
08-04 21:22:52.932 18171 18183 I art     : Starting a blocking GC Explicit
08-04 21:22:52.955 18171 18183 I art     : Explicit concurrent mark sweep GC freed 1341(78KB) AllocSpace objects, 1(20KB) LOS objects, 23% free, 53MB/69MB, paused 576us total 23.157ms
08-04 21:22:52.964 18171 18183 I art     : Starting a blocking GC Explicit
08-04 21:22:52.986 18171 18183 I art     : Explicit concurrent mark sweep GC freed 20(704B) AllocSpace objects, 0(0B) LOS objects, 23% free, 53MB/69MB, paused 561us total 21.840ms
08-04 21:22:52.995 18171 18183 I art     : Starting a blocking GC Explicit
08-04 21:22:53.017 18171 18183 I art     : Explicit concurrent mark sweep GC freed 3(96B) AllocSpace objects, 0(0B) LOS objects, 23% free, 53MB/69MB, paused 631us total 21.934ms
08-04 21:22:53.026 18171 18183 I art     : Starting a blocking GC Explicit
08-04 21:22:53.047 18171 18183 I art     : Explicit concurrent mark sweep GC freed 3(96B) AllocSpace objects, 0(0B) LOS objects, 23% free, 53MB/69MB, paused 579us total 21.678ms
08-04 21:22:53.057 18171 18183 I art     : Starting a blocking GC Explicit
08-04 21:22:53.061 22553 22553 D AndroidRuntime: >>>>>> START com.android.internal.os.RuntimeInit uid 2000 <<<<<<
08-04 21:22:53.066 22553 22553 D AndroidRuntime: CheckJNI is OFF
08-04 21:22:53.079 18171 18183 I art     : Explicit concurrent mark sweep GC freed 3(96B) AllocSpace objects, 0(0B) LOS objects, 23% free, 53MB/69MB, paused 609us total 22.235ms
08-04 21:22:53.102 22553 22553 D ICU     : No timezone override file found: /data/misc/zoneinfo/current/icu/icu_tzdata.dat
08-04 21:22:53.136 22553 22553 I Radio-JNI: register_android_hardware_Radio DONE
08-04 21:22:53.157 22553 22553 D AndroidRuntime: Calling main entry com.android.commands.am.Am
08-04 21:22:53.169  2246  2246 I Trepn   : Trepn 6.2s: Received intent: com.quicinc.trepn.stop_profiling
08-04 21:22:53.216  2246  2246 I Trepn   : Trepn 6.2s: Trepn has Stopped Profiling.
08-04 21:22:53.353 18171 18434 I art     : Starting a blocking GC Explicit
08-04 21:22:53.371 22553 22553 D AndroidRuntime: Shutting down VM
08-04 21:22:53.374   918  3696 W AppOps  : Finishing op nesting under-run: uid 10078 pkg com.quicinc.trepn code 24 time=0 duration=0 nesting=0
08-04 21:22:53.375 18171 18434 I art     : Explicit concurrent mark sweep GC freed 1341(78KB) AllocSpace objects, 1(20KB) LOS objects, 23% free, 53MB/69MB, paused 542us total 22.142ms
08-04 21:22:53.384 18171 18434 I art     : Starting a blocking GC Explicit
08-04 21:22:53.404 18171 18434 I art     : Explicit concurrent mark sweep GC freed 20(704B) AllocSpace objects, 0(0B) LOS objects, 23% free, 53MB/69MB, paused 530us total 20.131ms
08-04 21:22:53.413 18171 18434 I art     : Starting a blocking GC Explicit
08-04 21:22:53.433 18171 18434 I art     : Explicit concurrent mark sweep GC freed 3(96B) AllocSpace objects, 0(0B) LOS objects, 23% free, 53MB/69MB, paused 546us total 20.254ms
08-04 21:22:53.441 18171 18434 I art     : Starting a blocking GC Explicit
08-04 21:22:53.462 18171 18434 I art     : Explicit concurrent mark sweep GC freed 3(96B) AllocSpace objects, 0(0B) LOS objects, 23% free, 53MB/69MB, paused 547us total 20.231ms
08-04 21:22:53.470 18171 18434 I art     : Starting a blocking GC Explicit
08-04 21:22:53.492 18171 18434 I art     : Explicit concurrent mark sweep GC freed 3(96B) AllocSpace objects, 0(0B) LOS objects, 23% free, 53MB/69MB, paused 547us total 22.021ms
08-04 21:22:53.754 18171 22475 I art     : Starting a blocking GC Explicit
08-04 21:22:53.777 18171 22475 I art     : Explicit concurrent mark sweep GC freed 1341(78KB) AllocSpace objects, 1(20KB) LOS objects, 23% free, 53MB/69MB, paused 620us total 22.980ms
08-04 21:22:53.786 18171 22475 I art     : Starting a blocking GC Explicit
08-04 21:22:53.808 18171 22475 I art     : Explicit concurrent mark sweep GC freed 20(704B) AllocSpace objects, 0(0B) LOS objects, 23% free, 53MB/69MB, paused 563us total 21.649ms
08-04 21:22:53.817 18171 22475 I art     : Starting a blocking GC Explicit
08-04 21:22:53.838 18171 22475 I art     : Explicit concurrent mark sweep GC freed 3(96B) AllocSpace objects, 0(0B) LOS objects, 23% free, 53MB/69MB, paused 624us total 21.320ms
08-04 21:22:53.847 18171 22475 I art     : Starting a blocking GC Explicit
08-04 21:22:53.869 18171 22475 I art     : Explicit concurrent mark sweep GC freed 3(96B) AllocSpace objects, 0(0B) LOS objects, 23% free, 53MB/69MB, paused 597us total 21.221ms
08-04 21:22:53.877 18171 22475 I art     : Starting a blocking GC Explicit
08-04 21:22:53.899 18171 22475 I art     : Explicit concurrent mark sweep GC freed 3(96B) AllocSpace objects, 0(0B) LOS objects, 23% free, 53MB/69MB, paused 507us total 21.392ms
08-04 21:22:54.770   918  3261 D WifiStateMachine: starting scan for "H369AA63323"WPA_PSK with 2412,5180
