--------- beginning of main
08-04 13:50:36.560 21551 21551 D AndroidRuntime: >>>>>> START com.android.internal.os.RuntimeInit uid 2000 <<<<<<
08-04 13:50:36.568 21551 21551 D AndroidRuntime: CheckJNI is OFF
08-04 13:50:36.599 21551 21551 D ICU     : No timezone override file found: /data/misc/zoneinfo/current/icu/icu_tzdata.dat
08-04 13:50:36.643 21551 21551 I Radio-JNI: register_android_hardware_Radio DONE
08-04 13:50:36.662 21551 21551 D AndroidRuntime: Calling main entry com.android.commands.monkey.Monkey
--------- beginning of system
08-04 13:50:36.679   918   931 W BroadcastQueue: Skipping deliver [background] BroadcastRecord{8d30885 u-1 android.net.conn.CONNECTIVITY_CHANGE} to ReceiverList{3b4970b 21551 (unknown name)/2000/u-1 remote:f253aef}: process crashing
08-04 13:50:36.691   918  3961 I ActivityManager: START u0 {act=android.intent.action.MAIN cat=[android.intent.category.LAUNCHER] flg=0x10200000 cmp=baseline.appteam.nith.hillffair/.activities.SplashActivity} from uid 2000 on display 0
08-04 13:50:36.730 21560 21560 I art     : Late-enabling -Xcheck:jni
08-04 13:50:36.730   918  5481 I ActivityManager: Start proc 21560:baseline.appteam.nith.hillffair/u0a651 for activity baseline.appteam.nith.hillffair/.activities.SplashActivity
08-04 13:50:36.740 21551 21551 I art     : System.exit called, status: 0
08-04 13:50:36.740 21551 21551 I AndroidRuntime: VM exiting with result code 0.
08-04 13:50:36.801  2075  1217 I PBSessionCacheImpl: Deleted sessionId[9127543042550561] from persistence.
08-04 13:50:36.811  2075  2107 W SearchServiceCore: Abort, client detached.
08-04 13:50:36.812  2075  2107 I MicroDetectionState: Should stop hotword detection immediately - true
08-04 13:50:36.861 21560 21560 W System  : ClassLoader referenced unknown path: /data/app/baseline.appteam.nith.hillffair-1/lib/arm64
08-04 13:50:36.983 21560 21560 W OneSignal: GCM Library detected, please upgrade to Firebase FCM library as GCM is deprecated!
08-04 13:50:37.112 21560 21560 W art     : Before Android 4.1, method android.graphics.PorterDuffColorFilter androidx.vectordrawable.graphics.drawable.VectorDrawableCompat.updateTintFilter(android.graphics.PorterDuffColorFilter, android.content.res.ColorStateList, android.graphics.PorterDuff$Mode) would have incorrectly overridden the package-private method in android.graphics.drawable.Drawable
08-04 13:50:37.148 21560 21560 I art     : Rejecting re-init on previously-failed class java.lang.Class<androidx.core.view.ViewCompat$2>
08-04 13:50:37.148 21560 21560 I art     : Rejecting re-init on previously-failed class java.lang.Class<androidx.core.view.ViewCompat$2>
08-04 13:50:37.214 21560 21586 D OpenGLRenderer: Use EGL_SWAP_BEHAVIOR_PRESERVED: true
08-04 13:50:37.270 21560 21586 I Adreno  : QUALCOMM build                   : fcf4852, I1af360237c
08-04 13:50:37.270 21560 21586 I Adreno  : Build Date                       : 09/23/15
08-04 13:50:37.270 21560 21586 I Adreno  : OpenGL ES Shader Compiler Version: XE031.05.13.02
08-04 13:50:37.270 21560 21586 I Adreno  : Local Branch                     : mybranch14465806
08-04 13:50:37.270 21560 21586 I Adreno  : Remote Branch                    : quic/LA.BF64.1.2.9_v2
08-04 13:50:37.270 21560 21586 I Adreno  : Remote Branch                    : NONE
08-04 13:50:37.270 21560 21586 I Adreno  : Reconstruct Branch               : NOTHING
08-04 13:50:37.280 21560 21586 I OpenGLRenderer: Initialized EGL, version 1.4
08-04 13:50:37.327 13866 13866 I GoogleInputMethodServic: GoogleInputMethodService.onFinishInput():3138 
08-04 13:50:37.331 13866 13866 I GoogleInputMethodServic: GoogleInputMethodService.onStartInput():1808 
08-04 13:50:37.397   918   936 I ActivityManager: Displayed baseline.appteam.nith.hillffair/.activities.SplashActivity: +697ms
08-04 13:50:37.446 21560 21595 W GCM     : GCM SDK is deprecated, baseline.appteam.nith.hillffair should update to use FCM
08-04 13:50:37.489 24365 23406 W Conscrypt: Could not set socket write timeout: java.net.SocketException: Socket closed
08-04 13:50:37.489 24365 23406 E art     : invalid stream - problem with parameter iterator in /data/app/com.google.android.gms-2/base.apk:classes3.dex for method void com.google.android.gms.org.conscrypt.ConscryptFileDescriptorSocket.setSoWriteTimeout(int)
08-04 13:50:37.490 24365 23406 W Conscrypt: 	at com.google.android.gms.org.conscrypt.Platform.setSocketWriteTimeout(:com.google.android.gms@202614019@20.26.14 (040400-320008519):2)
08-04 13:50:37.490 24365 23406 W Conscrypt: 	at com.google.android.gms.org.conscrypt.ConscryptFileDescriptorSocket.setSoWriteTimeout(:com.google.android.gms@202614019@20.26.14 (040400-320008519))
08-04 13:50:37.510 24365 23406 W Conscrypt: Could not set socket write timeout: java.net.SocketException: Socket closed
08-04 13:50:37.510 24365 23406 E art     : invalid stream - problem with parameter iterator in /data/app/com.google.android.gms-2/base.apk:classes3.dex for method void com.google.android.gms.org.conscrypt.ConscryptFileDescriptorSocket.setSoWriteTimeout(int)
08-04 13:50:37.510 24365 23406 W Conscrypt: 	at com.google.android.gms.org.conscrypt.Platform.setSocketWriteTimeout(:com.google.android.gms@202614019@20.26.14 (040400-320008519):2)
08-04 13:50:37.510 24365 23406 W Conscrypt: 	at com.google.android.gms.org.conscrypt.ConscryptFileDescriptorSocket.setSoWriteTimeout(:com.google.android.gms@202614019@20.26.14 (040400-320008519))
08-04 13:50:37.565 24365 23406 W Conscrypt: Could not set socket write timeout: java.net.SocketException: Socket closed
08-04 13:50:37.565 24365 23406 E art     : invalid stream - problem with parameter iterator in /data/app/com.google.android.gms-2/base.apk:classes3.dex for method void com.google.android.gms.org.conscrypt.ConscryptFileDescriptorSocket.setSoWriteTimeout(int)
08-04 13:50:37.565 24365 23406 W Conscrypt: 	at com.google.android.gms.org.conscrypt.Platform.setSocketWriteTimeout(:com.google.android.gms@202614019@20.26.14 (040400-320008519):2)
08-04 13:50:37.565 24365 23406 W Conscrypt: 	at com.google.android.gms.org.conscrypt.ConscryptFileDescriptorSocket.setSoWriteTimeout(:com.google.android.gms@202614019@20.26.14 (040400-320008519))
08-04 13:50:37.580 24365 23406 W Conscrypt: Could not set socket write timeout: java.net.SocketException: Socket closed
08-04 13:50:37.581 24365 23406 E art     : invalid stream - problem with parameter iterator in /data/app/com.google.android.gms-2/base.apk:classes3.dex for method void com.google.android.gms.org.conscrypt.ConscryptFileDescriptorSocket.setSoWriteTimeout(int)
08-04 13:50:37.581 24365 23406 W Conscrypt: 	at com.google.android.gms.org.conscrypt.Platform.setSocketWriteTimeout(:com.google.android.gms@202614019@20.26.14 (040400-320008519):2)
08-04 13:50:37.581 24365 23406 W Conscrypt: 	at com.google.android.gms.org.conscrypt.ConscryptFileDescriptorSocket.setSoWriteTimeout(:com.google.android.gms@202614019@20.26.14 (040400-320008519))
08-04 13:50:37.791 24365 23406 I NetworkScheduler.Stats: Task com.google.android.apps.maps/ started execution. cause:1 exec_start_elapsed_seconds: 1695641 [CONTEXT service_id=218 ]
08-04 13:50:37.811 21560 21595 E OneSignal: Error Getting GCM Token
08-04 13:50:37.811 21560 21595 E OneSignal: java.io.IOException: INVALID_SENDER
08-04 13:50:37.811 21560 21595 E OneSignal: 	at com.google.android.gms.gcm.GoogleCloudMessaging.zzd(Unknown Source)
08-04 13:50:37.811 21560 21595 E OneSignal: 	at com.google.android.gms.gcm.GoogleCloudMessaging.register(Unknown Source)
08-04 13:50:37.811 21560 21595 E OneSignal: 	at com.onesignal.PushRegistratorGCM.getToken(PushRegistratorGCM.java:42)
08-04 13:50:37.811 21560 21595 E OneSignal: 	at com.onesignal.PushRegistratorAbstractGoogle.attemptRegistration(PushRegistratorAbstractGoogle.java:97)
08-04 13:50:37.811 21560 21595 E OneSignal: 	at com.onesignal.PushRegistratorAbstractGoogle.access$100(PushRegistratorAbstractGoogle.java:37)
08-04 13:50:37.811 21560 21595 E OneSignal: 	at com.onesignal.PushRegistratorAbstractGoogle$1.run(PushRegistratorAbstractGoogle.java:84)
08-04 13:50:37.811 21560 21595 E OneSignal: 	at java.lang.Thread.run(Thread.java:818)
08-04 13:50:37.826 21560 21602 I art     : Rejecting re-init on previously-failed class java.lang.Class<com.onesignal.OneSignalChromeTab$OneSignalCustomTabsServiceConnection>
08-04 13:50:37.827 21560 21602 I art     : Rejecting re-init on previously-failed class java.lang.Class<com.onesignal.OneSignalChromeTab$OneSignalCustomTabsServiceConnection>
08-04 13:50:38.257 21611 21611 D AndroidRuntime: >>>>>> START com.android.internal.os.RuntimeInit uid 2000 <<<<<<
08-04 13:50:38.261 21611 21611 D AndroidRuntime: CheckJNI is OFF
08-04 13:50:38.285 21611 21611 D ICU     : No timezone override file found: /data/misc/zoneinfo/current/icu/icu_tzdata.dat
08-04 13:50:38.310 21611 21611 I Radio-JNI: register_android_hardware_Radio DONE
08-04 13:50:38.325 21611 21611 D AndroidRuntime: Calling main entry com.android.commands.am.Am
08-04 13:50:38.331  2375  2375 I Trepn   : Trepn 6.2s: Received intent: com.quicinc.trepn.start_profiling
08-04 13:50:38.331   918  5952 I AccountManagerService: getTypesVisibleToCaller: isPermitted? true
08-04 13:50:38.351 24365 24456 W ResourceType: ResTable_typeSpec entry count inconsistent: given 15, previously 23
08-04 13:50:38.398  2375  2375 W FileUtils: Failed to chmod(/storage/emulated/0/trepn/Trepn_2020.08.04_135038.db): android.system.ErrnoException: chmod failed: EPERM (Operation not permitted)
08-04 13:50:38.406 24365 25567 I NetworkScheduler.Stats: Task com.google.android.apps.maps/ finished executing. cause:1 result: 1 elapsed_millis: 624 uptime_millis: 623 exec_start_elapsed_seconds: 1695641 [CONTEXT service_id=218 ]
08-04 13:50:38.471  2375  2375 I Trepn   : Trepn 6.2s: Trepn has Started Profiling.
08-04 13:50:38.471 21611 21611 D AndroidRuntime: Shutting down VM
08-04 13:50:38.693   918  4413 I ActivityManager: START u0 {cmp=baseline.appteam.nith.hillffair/.activities.WelcomeActivity} from uid 10651 on display 0
08-04 13:50:38.742   918  6110 I ActivityManager: START u0 {cmp=baseline.appteam.nith.hillffair/.activities.HomeActivity} from uid 10651 on display 0
08-04 13:50:38.750   918  4400 W ActivityManager: Duplicate finish request for ActivityRecord{30a9e51 u0 baseline.appteam.nith.hillffair/.activities.WelcomeActivity t3910 f}
08-04 13:50:38.908 21560 21573 I art     : Waiting for a blocking GC Explicit
08-04 13:50:38.920 21560 21573 I art     : WaitForGcToComplete blocked for 12.136ms for cause Explicit
08-04 13:50:38.920 21560 21573 I art     : Starting a blocking GC Explicit
08-04 13:50:38.933 21560 21573 I art     : Explicit concurrent mark sweep GC freed 20(12KB) AllocSpace objects, 0(0B) LOS objects, 27% free, 42MB/58MB, paused 229us total 12.149ms
08-04 13:50:38.939 21560 21573 I art     : Starting a blocking GC Explicit
08-04 13:50:38.949 21560 21573 I art     : Explicit concurrent mark sweep GC freed 11(352B) AllocSpace objects, 0(0B) LOS objects, 27% free, 42MB/58MB, paused 223us total 10.295ms
08-04 13:50:38.955 21560 21573 I art     : Starting a blocking GC Explicit
08-04 13:50:38.965 21560 21573 I art     : Explicit concurrent mark sweep GC freed 3(96B) AllocSpace objects, 0(0B) LOS objects, 27% free, 42MB/58MB, paused 222us total 10.138ms
08-04 13:50:38.971 21560 21573 I art     : Starting a blocking GC Explicit
08-04 13:50:38.982 21560 21573 I art     : Explicit concurrent mark sweep GC freed 363(80KB) AllocSpace objects, 0(0B) LOS objects, 27% free, 42MB/58MB, paused 576us total 10.439ms
08-04 13:50:38.988 21560 21573 I art     : Starting a blocking GC Explicit
08-04 13:50:38.998 21560 21573 I art     : Explicit concurrent mark sweep GC freed 245(90KB) AllocSpace objects, 0(0B) LOS objects, 26% free, 45MB/61MB, paused 246us total 10.581ms
08-04 13:50:39.238 13866 13866 I GoogleInputMethodServic: GoogleInputMethodService.onFinishInput():3138 
08-04 13:50:39.238   918   936 I ActivityManager: Displayed baseline.appteam.nith.hillffair/.activities.HomeActivity: +435ms (total +522ms)
08-04 13:50:39.238 13866 13866 I GoogleInputMethodServic: GoogleInputMethodService.onStartInput():1808 
08-04 13:50:39.262 21560 21573 I art     : Starting a blocking GC Explicit
08-04 13:50:39.277 21560 21573 I art     : Explicit concurrent mark sweep GC freed 2937(339KB) AllocSpace objects, 1(20KB) LOS objects, 24% free, 48MB/64MB, paused 258us total 14.550ms
08-04 13:50:39.283 21560 21573 I art     : Starting a blocking GC Explicit
08-04 13:50:39.296 21560 21573 I art     : Explicit concurrent mark sweep GC freed 341(17KB) AllocSpace objects, 0(0B) LOS objects, 24% free, 48MB/64MB, paused 148us total 12.263ms
08-04 13:50:39.303 21560 21573 I art     : Starting a blocking GC Explicit
08-04 13:50:39.313 21560 21573 I art     : Explicit concurrent mark sweep GC freed 11(752B) AllocSpace objects, 0(0B) LOS objects, 24% free, 48MB/64MB, paused 135us total 10.298ms
08-04 13:50:39.319 21560 21573 I art     : Starting a blocking GC Explicit
08-04 13:50:39.329 21560 21573 I art     : Explicit concurrent mark sweep GC freed 988(69KB) AllocSpace objects, 0(0B) LOS objects, 25% free, 47MB/63MB, paused 143us total 9.962ms
08-04 13:50:39.335 21560 21573 I art     : Starting a blocking GC Explicit
08-04 13:50:39.345 21560 21573 I art     : Explicit concurrent mark sweep GC freed 3(96B) AllocSpace objects, 0(0B) LOS objects, 25% free, 47MB/63MB, paused 133us total 9.919ms
08-04 13:50:39.491   380   380 W SurfaceFlinger: couldn't log to binary event log: overflow.
08-04 13:50:39.611 17572 17572 I ServiceManager: Waiting for service AtCmdFwd...
08-04 13:50:39.645 21560 21573 I art     : Starting a blocking GC Explicit
08-04 13:50:39.659 21560 21573 I art     : Explicit concurrent mark sweep GC freed 2022(113KB) AllocSpace objects, 1(20KB) LOS objects, 25% free, 47MB/63MB, paused 157us total 13.827ms
08-04 13:50:39.666 21560 21573 I art     : Starting a blocking GC Explicit
08-04 13:50:39.678 21560 21573 I art     : Explicit concurrent mark sweep GC freed 908(59KB) AllocSpace objects, 0(0B) LOS objects, 25% free, 47MB/63MB, paused 336us total 12.056ms
08-04 13:50:39.684 21560 21573 I art     : Starting a blocking GC Explicit
08-04 13:50:39.695 21560 21573 I art     : Explicit concurrent mark sweep GC freed 3(96B) AllocSpace objects, 0(0B) LOS objects, 25% free, 47MB/63MB, paused 145us total 10.736ms
08-04 13:50:39.701 21560 21573 I art     : Starting a blocking GC Explicit
08-04 13:50:39.712 21560 21573 I art     : Explicit concurrent mark sweep GC freed 3(96B) AllocSpace objects, 0(0B) LOS objects, 25% free, 47MB/63MB, paused 143us total 10.724ms
08-04 13:50:39.718 21560 21573 I art     : Starting a blocking GC Explicit
08-04 13:50:39.729 21560 21573 I art     : Explicit concurrent mark sweep GC freed 3(96B) AllocSpace objects, 0(0B) LOS objects, 25% free, 47MB/63MB, paused 144us total 10.795ms
08-04 13:50:40.020 21560 21599 I art     : Starting a blocking GC Explicit
08-04 13:50:40.037 21560 21599 I art     : Explicit concurrent mark sweep GC freed 1342(78KB) AllocSpace objects, 1(20KB) LOS objects, 25% free, 47MB/63MB, paused 272us total 16.653ms
08-04 13:50:40.045 21560 21599 I art     : Starting a blocking GC Explicit
08-04 13:50:40.057 21560 21599 I art     : Explicit concurrent mark sweep GC freed 20(704B) AllocSpace objects, 0(0B) LOS objects, 25% free, 47MB/63MB, paused 151us total 11.761ms
08-04 13:50:40.064 21560 21599 I art     : Starting a blocking GC Explicit
08-04 13:50:40.075 21560 21599 I art     : Explicit concurrent mark sweep GC freed 3(96B) AllocSpace objects, 0(0B) LOS objects, 25% free, 47MB/63MB, paused 148us total 11.182ms
08-04 13:50:40.081 21560 21599 I art     : Starting a blocking GC Explicit
08-04 13:50:40.092 21560 21599 I art     : Explicit concurrent mark sweep GC freed 3(96B) AllocSpace objects, 0(0B) LOS objects, 25% free, 47MB/63MB, paused 131us total 10.905ms
08-04 13:50:40.098 21560 21599 I art     : Starting a blocking GC Explicit
08-04 13:50:40.109 21560 21599 I art     : Explicit concurrent mark sweep GC freed 3(96B) AllocSpace objects, 0(0B) LOS objects, 25% free, 47MB/63MB, paused 149us total 10.689ms
08-04 13:50:40.398 21560 21572 I art     : Starting a blocking GC Explicit
08-04 13:50:40.412 21560 21572 I art     : Explicit concurrent mark sweep GC freed 1341(78KB) AllocSpace objects, 1(20KB) LOS objects, 25% free, 47MB/63MB, paused 164us total 13.716ms
08-04 13:50:40.418 21560 21572 I art     : Starting a blocking GC Explicit
08-04 13:50:40.431 21560 21572 I art     : Explicit concurrent mark sweep GC freed 20(704B) AllocSpace objects, 0(0B) LOS objects, 25% free, 47MB/63MB, paused 152us total 12.340ms
08-04 13:50:40.437 21560 21572 I art     : Starting a blocking GC Explicit
08-04 13:50:40.449 21560 21572 I art     : Explicit concurrent mark sweep GC freed 3(96B) AllocSpace objects, 0(0B) LOS objects, 25% free, 47MB/63MB, paused 149us total 11.303ms
08-04 13:50:40.455 21560 21572 I art     : Starting a blocking GC Explicit
08-04 13:50:40.466 21560 21572 I art     : Explicit concurrent mark sweep GC freed 3(96B) AllocSpace objects, 0(0B) LOS objects, 25% free, 47MB/63MB, paused 151us total 11.051ms
08-04 13:50:40.472 21560 21572 I art     : Starting a blocking GC Explicit
08-04 13:50:40.483 21560 21572 I art     : Explicit concurrent mark sweep GC freed 3(96B) AllocSpace objects, 0(0B) LOS objects, 25% free, 47MB/63MB, paused 147us total 11.286ms
08-04 13:50:40.612 17572 17572 I ServiceManager: Waiting for service AtCmdFwd...
08-04 13:50:40.817 21560 21573 I art     : Starting a blocking GC Explicit
08-04 13:50:40.838 21560 21573 I art     : Explicit concurrent mark sweep GC freed 1339(78KB) AllocSpace objects, 1(20KB) LOS objects, 25% free, 47MB/63MB, paused 346us total 20.510ms
08-04 13:50:40.849 21560 21573 I art     : Starting a blocking GC Explicit
08-04 13:50:40.863 21560 21573 I art     : Explicit concurrent mark sweep GC freed 20(704B) AllocSpace objects, 0(0B) LOS objects, 25% free, 47MB/63MB, paused 182us total 14.446ms
08-04 13:50:40.872 21560 21573 I art     : Starting a blocking GC Explicit
08-04 13:50:40.884 21560 21573 I art     : Explicit concurrent mark sweep GC freed 3(96B) AllocSpace objects, 0(0B) LOS objects, 25% free, 47MB/63MB, paused 156us total 11.291ms
08-04 13:50:40.890 21560 21573 I art     : Starting a blocking GC Explicit
08-04 13:50:40.902 21560 21573 I art     : Explicit concurrent mark sweep GC freed 3(96B) AllocSpace objects, 0(0B) LOS objects, 25% free, 47MB/63MB, paused 143us total 12.214ms
08-04 13:50:40.908 21560 21573 I art     : Starting a blocking GC Explicit
08-04 13:50:40.920 21560 21573 I art     : Explicit concurrent mark sweep GC freed 3(96B) AllocSpace objects, 0(0B) LOS objects, 25% free, 47MB/63MB, paused 156us total 11.174ms
08-04 13:50:41.222 21560 21599 I art     : Starting a blocking GC Explicit
08-04 13:50:41.239 21560 21599 I art     : Explicit concurrent mark sweep GC freed 1339(78KB) AllocSpace objects, 1(20KB) LOS objects, 25% free, 47MB/63MB, paused 176us total 17.031ms
08-04 13:50:41.249 21560 21599 I art     : Starting a blocking GC Explicit
08-04 13:50:41.261 21560 21599 I art     : Explicit concurrent mark sweep GC freed 20(704B) AllocSpace objects, 0(0B) LOS objects, 25% free, 47MB/63MB, paused 157us total 12.436ms
08-04 13:50:41.268 21560 21599 I art     : Starting a blocking GC Explicit
08-04 13:50:41.280 21560 21599 I art     : Explicit concurrent mark sweep GC freed 3(96B) AllocSpace objects, 0(0B) LOS objects, 25% free, 47MB/63MB, paused 148us total 11.837ms
08-04 13:50:41.286 21560 21599 I art     : Starting a blocking GC Explicit
08-04 13:50:41.298 21560 21599 I art     : Explicit concurrent mark sweep GC freed 3(96B) AllocSpace objects, 0(0B) LOS objects, 25% free, 47MB/63MB, paused 149us total 11.651ms
08-04 13:50:41.304 21560 21599 I art     : Starting a blocking GC Explicit
08-04 13:50:41.316 21560 21599 I art     : Explicit concurrent mark sweep GC freed 3(96B) AllocSpace objects, 0(0B) LOS objects, 25% free, 47MB/63MB, paused 145us total 11.487ms
08-04 13:50:41.613 17572 17572 I ServiceManager: Waiting for service AtCmdFwd...
08-04 13:50:41.628 21560 21572 I art     : Starting a blocking GC Explicit
08-04 13:50:41.643 21560 21572 I art     : Explicit concurrent mark sweep GC freed 1339(78KB) AllocSpace objects, 1(20KB) LOS objects, 25% free, 47MB/63MB, paused 194us total 15.111ms
08-04 13:50:41.654 21560 21572 I art     : Starting a blocking GC Explicit
08-04 13:50:41.666 21560 21572 I art     : Explicit concurrent mark sweep GC freed 20(704B) AllocSpace objects, 0(0B) LOS objects, 25% free, 47MB/63MB, paused 160us total 12.573ms
08-04 13:50:41.673 21560 21572 I art     : Starting a blocking GC Explicit
08-04 13:50:41.684 21560 21572 I art     : Explicit concurrent mark sweep GC freed 3(96B) AllocSpace objects, 0(0B) LOS objects, 25% free, 47MB/63MB, paused 148us total 11.617ms
08-04 13:50:41.691 21560 21572 I art     : Starting a blocking GC Explicit
08-04 13:50:41.702 21560 21572 I art     : Explicit concurrent mark sweep GC freed 3(96B) AllocSpace objects, 0(0B) LOS objects, 25% free, 47MB/63MB, paused 146us total 11.563ms
08-04 13:50:41.709 21560 21572 I art     : Starting a blocking GC Explicit
08-04 13:50:41.720 21560 21572 I art     : Explicit concurrent mark sweep GC freed 3(96B) AllocSpace objects, 0(0B) LOS objects, 25% free, 47MB/63MB, paused 144us total 11.270ms
08-04 13:50:42.020 21560 21573 I art     : Starting a blocking GC Explicit
08-04 13:50:42.038 21560 21573 I art     : Explicit concurrent mark sweep GC freed 1339(78KB) AllocSpace objects, 1(20KB) LOS objects, 25% free, 47MB/63MB, paused 218us total 17.385ms
08-04 13:50:42.048 21560 21573 I art     : Starting a blocking GC Explicit
08-04 13:50:42.063 21560 21573 I art     : Explicit concurrent mark sweep GC freed 20(704B) AllocSpace objects, 0(0B) LOS objects, 25% free, 47MB/63MB, paused 173us total 14.944ms
08-04 13:50:42.072 21560 21573 I art     : Starting a blocking GC Explicit
08-04 13:50:42.087 21560 21573 I art     : Explicit concurrent mark sweep GC freed 3(96B) AllocSpace objects, 0(0B) LOS objects, 25% free, 47MB/63MB, paused 304us total 14.401ms
08-04 13:50:42.095 21560 21573 I art     : Starting a blocking GC Explicit
08-04 13:50:42.106 21560 21573 I art     : Explicit concurrent mark sweep GC freed 3(96B) AllocSpace objects, 0(0B) LOS objects, 25% free, 47MB/63MB, paused 159us total 11.681ms
08-04 13:50:42.113 21560 21573 I art     : Starting a blocking GC Explicit
08-04 13:50:42.125 21560 21573 I art     : Explicit concurrent mark sweep GC freed 3(96B) AllocSpace objects, 0(0B) LOS objects, 25% free, 47MB/63MB, paused 149us total 11.828ms
08-04 13:50:42.125 21560 21571 I art     : WaitForGcToComplete blocked for 12.189ms for cause HeapTrim
08-04 13:50:42.419 21560 21599 I art     : Starting a blocking GC Explicit
08-04 13:50:42.435 21560 21599 I art     : Explicit concurrent mark sweep GC freed 1338(78KB) AllocSpace objects, 1(20KB) LOS objects, 25% free, 47MB/63MB, paused 183us total 15.473ms
08-04 13:50:42.445 21560 21599 I art     : Starting a blocking GC Explicit
08-04 13:50:42.457 21560 21599 I art     : Explicit concurrent mark sweep GC freed 20(704B) AllocSpace objects, 0(0B) LOS objects, 25% free, 47MB/63MB, paused 240us total 11.611ms
08-04 13:50:42.463 21560 21599 I art     : Starting a blocking GC Explicit
08-04 13:50:42.474 21560 21599 I art     : Explicit concurrent mark sweep GC freed 3(96B) AllocSpace objects, 0(0B) LOS objects, 25% free, 47MB/63MB, paused 142us total 11.511ms
08-04 13:50:42.480 21560 21599 I art     : Starting a blocking GC Explicit
08-04 13:50:42.492 21560 21599 I art     : Explicit concurrent mark sweep GC freed 3(96B) AllocSpace objects, 0(0B) LOS objects, 25% free, 47MB/63MB, paused 152us total 11.726ms
08-04 13:50:42.498 21560 21599 I art     : Starting a blocking GC Explicit
08-04 13:50:42.510 21560 21599 I art     : Explicit concurrent mark sweep GC freed 3(96B) AllocSpace objects, 0(0B) LOS objects, 25% free, 47MB/63MB, paused 144us total 11.434ms
08-04 13:50:42.547   918 13198 D NetlinkSocketObserver: NeighborEvent{elapsedMs=1695646422, 192.168.2.254, [7C3953A63323], RTM_NEWNEIGH, NUD_REACHABLE}
08-04 13:50:42.613 17572 17572 I ServiceManager: Waiting for service AtCmdFwd...
08-04 13:50:42.770 21560 21572 I art     : Starting a blocking GC Explicit
08-04 13:50:42.783 21560 21572 I art     : Explicit concurrent mark sweep GC freed 1339(78KB) AllocSpace objects, 1(20KB) LOS objects, 25% free, 47MB/63MB, paused 163us total 12.774ms
08-04 13:50:42.789 21560 21572 I art     : Starting a blocking GC Explicit
08-04 13:50:42.801 21560 21572 I art     : Explicit concurrent mark sweep GC freed 20(704B) AllocSpace objects, 0(0B) LOS objects, 25% free, 47MB/63MB, paused 156us total 11.775ms
08-04 13:50:42.808 21560 21572 I art     : Starting a blocking GC Explicit
08-04 13:50:42.819 21560 21572 I art     : Explicit concurrent mark sweep GC freed 3(96B) AllocSpace objects, 0(0B) LOS objects, 25% free, 47MB/63MB, paused 143us total 11.017ms
08-04 13:50:42.825 21560 21572 I art     : Starting a blocking GC Explicit
08-04 13:50:42.836 21560 21572 I art     : Explicit concurrent mark sweep GC freed 184(12KB) AllocSpace objects, 0(0B) LOS objects, 25% free, 47MB/63MB, paused 203us total 11.720ms
08-04 13:50:42.843 21560 21572 I art     : Starting a blocking GC Explicit
08-04 13:50:42.855 21560 21572 I art     : Explicit concurrent mark sweep GC freed 34(2304B) AllocSpace objects, 0(0B) LOS objects, 25% free, 47MB/63MB, paused 179us total 11.691ms
08-04 13:50:42.900 21560 21756 W OneSignal: OneSignalRestClient: POST Error thrown from network stack. 
08-04 13:50:42.900 21560 21756 W OneSignal: java.io.IOException: unexpected end of stream on Connection{api.onesignal.com:443, proxy=HTTP@192.168.2.12:8080 hostAddress=192.168.2.12 cipherSuite=TLS_ECDHE_RSA_WITH_AES_128_GCM_SHA256 protocol=http/1.1} (recycle count=1)
08-04 13:50:42.900 21560 21756 W OneSignal: 	at com.android.okhttp.internal.http.HttpConnection.readResponse(HttpConnection.java:210)
08-04 13:50:42.900 21560 21756 W OneSignal: 	at com.android.okhttp.internal.http.HttpTransport.readResponseHeaders(HttpTransport.java:80)
08-04 13:50:42.900 21560 21756 W OneSignal: 	at com.android.okhttp.internal.http.HttpEngine.readNetworkResponse(HttpEngine.java:904)
08-04 13:50:42.900 21560 21756 W OneSignal: 	at com.android.okhttp.internal.http.HttpEngine.readResponse(HttpEngine.java:788)
08-04 13:50:42.900 21560 21756 W OneSignal: 	at com.android.okhttp.internal.huc.HttpURLConnectionImpl.execute(HttpURLConnectionImpl.java:439)
08-04 13:50:42.900 21560 21756 W OneSignal: 	at com.android.okhttp.internal.huc.HttpURLConnectionImpl.getResponse(HttpURLConnectionImpl.java:384)
08-04 13:50:42.900 21560 21756 W OneSignal: 	at com.android.okhttp.internal.huc.HttpURLConnectionImpl.getResponseCode(HttpURLConnectionImpl.java:497)
08-04 13:50:42.900 21560 21756 W OneSignal: 	at com.android.okhttp.internal.huc.DelegatingHttpsURLConnection.getResponseCode(DelegatingHttpsURLConnection.java:105)
08-04 13:50:42.900 21560 21756 W OneSignal: 	at com.android.okhttp.internal.huc.HttpsURLConnectionImpl.getResponseCode(HttpsURLConnectionImpl.java)
08-04 13:50:42.900 21560 21756 W OneSignal: 	at com.onesignal.OneSignalRestClient.startHTTPConnection(OneSignalRestClient.java:180)
08-04 13:50:42.900 21560 21756 W OneSignal: 	at com.onesignal.OneSignalRestClient.access$100(OneSignalRestClient.java:44)
08-04 13:50:42.900 21560 21756 W OneSignal: 	at com.onesignal.OneSignalRestClient$4.run(OneSignalRestClient.java:110)
08-04 13:50:42.900 21560 21756 W OneSignal: 	at java.lang.Thread.run(Thread.java:818)
08-04 13:50:42.900 21560 21756 W OneSignal: Caused by: java.io.EOFException: \n not found: size=0 content=...
08-04 13:50:42.900 21560 21756 W OneSignal: 	at com.android.okhttp.okio.RealBufferedSource.readUtf8LineStrict(RealBufferedSource.java:200)
08-04 13:50:42.900 21560 21756 W OneSignal: 	at com.android.okhttp.internal.http.HttpConnection.readResponse(HttpConnection.java:191)
08-04 13:50:42.900 21560 21756 W OneSignal: 	... 12 more
08-04 13:50:42.902 21560 21757 W OneSignal: Failed last request. statusCode: -1
08-04 13:50:42.902 21560 21757 W OneSignal: response: null
08-04 13:50:43.049   918  3261 D WifiStateMachine: starting scan for "H369AA63323"WPA_PSK with 2412,5180
08-04 13:50:43.149 21560 21573 I art     : Starting a blocking GC Explicit
08-04 13:50:43.163 21560 21573 I art     : Explicit concurrent mark sweep GC freed 1699(138KB) AllocSpace objects, 1(20KB) LOS objects, 25% free, 47MB/63MB, paused 205us total 13.588ms
08-04 13:50:43.170 21560 21573 I art     : Starting a blocking GC Explicit
08-04 13:50:43.182 21560 21573 I art     : Explicit concurrent mark sweep GC freed 24(896B) AllocSpace objects, 0(0B) LOS objects, 25% free, 47MB/63MB, paused 181us total 11.736ms
08-04 13:50:43.188 21560 21573 I art     : Starting a blocking GC Explicit
08-04 13:50:43.199 21560 21573 I art     : Explicit concurrent mark sweep GC freed 3(96B) AllocSpace objects, 0(0B) LOS objects, 25% free, 47MB/63MB, paused 167us total 10.232ms
08-04 13:50:43.204 21560 21573 I art     : Starting a blocking GC Explicit
08-04 13:50:43.215 21560 21573 I art     : Explicit concurrent mark sweep GC freed 3(96B) AllocSpace objects, 0(0B) LOS objects, 25% free, 47MB/63MB, paused 147us total 10.114ms
08-04 13:50:43.220 21560 21573 I art     : Starting a blocking GC Explicit
08-04 13:50:43.231 21560 21573 I art     : Explicit concurrent mark sweep GC freed 3(96B) AllocSpace objects, 0(0B) LOS objects, 25% free, 47MB/63MB, paused 156us total 10.738ms
08-04 13:50:43.440 21770 21770 D AndroidRuntime: >>>>>> START com.android.internal.os.RuntimeInit uid 2000 <<<<<<
08-04 13:50:43.445 21770 21770 D AndroidRuntime: CheckJNI is OFF
08-04 13:50:43.474 21770 21770 D ICU     : No timezone override file found: /data/misc/zoneinfo/current/icu/icu_tzdata.dat
08-04 13:50:43.490 21560 21599 I art     : Starting a blocking GC Explicit
08-04 13:50:43.499 21770 21770 I Radio-JNI: register_android_hardware_Radio DONE
08-04 13:50:43.501 21560 21599 I art     : Explicit concurrent mark sweep GC freed 1339(78KB) AllocSpace objects, 1(20KB) LOS objects, 25% free, 47MB/63MB, paused 156us total 11.419ms
08-04 13:50:43.507 21560 21599 I art     : Starting a blocking GC Explicit
08-04 13:50:43.517 21770 21770 D AndroidRuntime: Calling main entry com.android.commands.input.Input
08-04 13:50:43.519 21770 21770 I Input   : injectMotionEvent: MotionEvent { action=ACTION_DOWN, actionButton=0, id[0]=0, x[0]=337.0, y[0]=1104.0, toolType[0]=TOOL_TYPE_UNKNOWN, buttonState=0, metaState=0, flags=0x0, edgeFlags=0x0, pointerCount=1, historySize=0, eventTime=712259931, downTime=712259931, deviceId=0, source=0x1002 }
08-04 13:50:43.519 21560 21599 I art     : Explicit concurrent mark sweep GC freed 20(704B) AllocSpace objects, 0(0B) LOS objects, 25% free, 47MB/63MB, paused 166us total 11.779ms
08-04 13:50:43.525 21770 21770 I Input   : injectMotionEvent: MotionEvent { action=ACTION_UP, actionButton=0, id[0]=0, x[0]=337.0, y[0]=1104.0, toolType[0]=TOOL_TYPE_UNKNOWN, buttonState=0, metaState=0, flags=0x0, edgeFlags=0x0, pointerCount=1, historySize=0, eventTime=712259931, downTime=712259931, deviceId=0, source=0x1002 }
08-04 13:50:43.525 21560 21599 I art     : Starting a blocking GC Explicit
08-04 13:50:43.527   918  4400 I ActivityManager: START u0 {cmp=baseline.appteam.nith.hillffair/.activities.BattleDayActivity} from uid 10651 on display 0
08-04 13:50:43.534 21770 21770 D AndroidRuntime: Shutting down VM
08-04 13:50:43.537 21560 21599 I art     : Explicit concurrent mark sweep GC freed 26(9KB) AllocSpace objects, 0(0B) LOS objects, 25% free, 47MB/63MB, paused 221us total 11.547ms
08-04 13:50:43.544 21560 21599 I art     : Starting a blocking GC Explicit
08-04 13:50:43.557 21560 21599 I art     : Explicit concurrent mark sweep GC freed 643(67KB) AllocSpace objects, 0(0B) LOS objects, 24% free, 48MB/64MB, paused 552us total 12.745ms
08-04 13:50:43.563 21560 21599 I art     : Starting a blocking GC Explicit
08-04 13:50:43.585 21560 21599 I art     : Explicit concurrent mark sweep GC freed 2394(167KB) AllocSpace objects, 0(0B) LOS objects, 24% free, 48MB/64MB, paused 792us total 22.665ms
08-04 13:50:43.614 17572 17572 I ServiceManager: Waiting for service AtCmdFwd...
08-04 13:50:43.646 13866 13866 I GoogleInputMethodServic: GoogleInputMethodService.onFinishInput():3138 
08-04 13:50:43.647 13866 13866 I GoogleInputMethodServic: GoogleInputMethodService.onStartInput():1808 
08-04 13:50:43.684   918   936 I ActivityManager: Displayed baseline.appteam.nith.hillffair/.activities.BattleDayActivity: +149ms
08-04 13:50:43.822 21560 21599 I art     : Starting a blocking GC Explicit
08-04 13:50:43.843 21560 21599 I art     : Explicit concurrent mark sweep GC freed 6105(350KB) AllocSpace objects, 1(20KB) LOS objects, 24% free, 48MB/64MB, paused 227us total 21.037ms
08-04 13:50:43.853 21560 21599 I art     : Starting a blocking GC Explicit
08-04 13:50:43.872 21560 21599 I art     : Explicit concurrent mark sweep GC freed 56(2064B) AllocSpace objects, 0(0B) LOS objects, 24% free, 48MB/64MB, paused 223us total 18.247ms
08-04 13:50:43.882 21560 21599 I art     : Starting a blocking GC Explicit
08-04 13:50:43.901 21560 21599 I art     : Explicit concurrent mark sweep GC freed 3(96B) AllocSpace objects, 0(0B) LOS objects, 24% free, 48MB/64MB, paused 192us total 18.696ms
08-04 13:50:43.911 21560 21599 I art     : Starting a blocking GC Explicit
08-04 13:50:43.928 21560 21599 I art     : Explicit concurrent mark sweep GC freed 3(96B) AllocSpace objects, 0(0B) LOS objects, 24% free, 48MB/64MB, paused 219us total 17.196ms
08-04 13:50:43.935 21560 21599 I art     : Starting a blocking GC Explicit
08-04 13:50:43.939   380   380 W SurfaceFlinger: couldn't log to binary event log: overflow.
08-04 13:50:43.952 21560 21599 I art     : Explicit concurrent mark sweep GC freed 3(96B) AllocSpace objects, 0(0B) LOS objects, 24% free, 48MB/64MB, paused 186us total 16.506ms
08-04 13:50:44.219 21560 21599 I art     : Starting a blocking GC Explicit
08-04 13:50:44.233 21560 21793 D OkHttp  : --> GET https://api-hillfair-2k16.herokuapp.com/api/app/events/special http/1.1
08-04 13:50:44.238 21560 21599 I art     : Explicit concurrent mark sweep GC freed 3996(221KB) AllocSpace objects, 4(220KB) LOS objects, 24% free, 48MB/64MB, paused 296us total 19.004ms
08-04 13:50:44.246 21560 21599 I art     : Starting a blocking GC Explicit
08-04 13:50:44.258 21560 21599 I art     : Explicit concurrent mark sweep GC freed 1075(121KB) AllocSpace objects, 0(0B) LOS objects, 24% free, 48MB/64MB, paused 197us total 12.131ms
08-04 13:50:44.263 21560 21793 D OkHttp  : <-- 200 OK https://api-hillfair-2k16.herokuapp.com/api/app/events/special (29ms, 554-byte body)
08-04 13:50:44.264 21560 21599 I art     : Starting a blocking GC Explicit
08-04 13:50:44.276 21560 21599 I art     : Explicit concurrent mark sweep GC freed 226(40KB) AllocSpace objects, 0(0B) LOS objects, 24% free, 48MB/64MB, paused 207us total 12.160ms
08-04 13:50:44.282 21560 21599 I art     : Starting a blocking GC Explicit
08-04 13:50:44.294 21560 21599 I art     : Explicit concurrent mark sweep GC freed 88(6KB) AllocSpace objects, 0(0B) LOS objects, 24% free, 48MB/64MB, paused 183us total 11.787ms
08-04 13:50:44.300 21560 21599 I art     : Starting a blocking GC Explicit
08-04 13:50:44.312 21560 21599 I art     : Explicit concurrent mark sweep GC freed 40(2464B) AllocSpace objects, 0(0B) LOS objects, 24% free, 48MB/64MB, paused 385us total 11.916ms
08-04 13:50:44.324 21560 21560 I NAPPA_EXPERIMENTATION: MetricNetworkRequestExecutionTime: REQUEST_DURATION_SYSTEM='732',REQUEST_DURATION_OKHTTP='29',REQUEST_SYNCHRONOUS='FALSE',RESPONSE_CODE='200',RESPONSE_METHOD='GET',RESPONSE_LENGTH_OKHTTP='554',RESPONSE_LENGTH_HEADER='554',REQUEST_PROTOCOL='http/1.1',REQUEST_URL='https://api-hillfair-2k16.herokuapp.com/api/app/events/special',
08-04 13:50:44.562 21560 21572 I art     : Starting a blocking GC Explicit
08-04 13:50:44.579 21560 21572 I art     : Explicit concurrent mark sweep GC freed 2940(192KB) AllocSpace objects, 1(20KB) LOS objects, 24% free, 48MB/64MB, paused 312us total 16.785ms
08-04 13:50:44.586 21560 21572 I art     : Starting a blocking GC Explicit
08-04 13:50:44.601 21560 21572 I art     : Explicit concurrent mark sweep GC freed 139(5KB) AllocSpace objects, 0(0B) LOS objects, 24% free, 48MB/64MB, paused 347us total 14.761ms
08-04 13:50:44.608 21560 21572 I art     : Starting a blocking GC Explicit
08-04 13:50:44.614 17572 17572 W Atfwd_Sendcmd: AtCmdFwd service not published, waiting... retryCnt : 4
08-04 13:50:44.622 21560 21572 I art     : Explicit concurrent mark sweep GC freed 3(96B) AllocSpace objects, 0(0B) LOS objects, 24% free, 48MB/64MB, paused 298us total 14.422ms
08-04 13:50:44.629 21560 21572 I art     : Starting a blocking GC Explicit
08-04 13:50:44.643 21560 21572 I art     : Explicit concurrent mark sweep GC freed 3(96B) AllocSpace objects, 0(0B) LOS objects, 24% free, 48MB/64MB, paused 262us total 14.024ms
08-04 13:50:44.650 21560 21572 I art     : Starting a blocking GC Explicit
08-04 13:50:44.664 21560 21572 I art     : Explicit concurrent mark sweep GC freed 3(96B) AllocSpace objects, 0(0B) LOS objects, 24% free, 48MB/64MB, paused 285us total 14.048ms
08-04 13:50:44.920 21560 21573 I art     : Starting a blocking GC Explicit
08-04 13:50:44.937 21560 21573 I art     : Explicit concurrent mark sweep GC freed 9210(418KB) AllocSpace objects, 1(20KB) LOS objects, 24% free, 49MB/65MB, paused 674us total 16.483ms
08-04 13:50:44.944 21560 21573 I art     : Starting a blocking GC Explicit
08-04 13:50:44.956 21560 21573 I art     : Explicit concurrent mark sweep GC freed 429(71KB) AllocSpace objects, 0(0B) LOS objects, 23% free, 52MB/68MB, paused 244us total 12.636ms
08-04 13:50:44.962 21560 21573 I art     : Starting a blocking GC Explicit
08-04 13:50:44.975 21560 21573 I art     : Explicit concurrent mark sweep GC freed 67(2256B) AllocSpace objects, 0(0B) LOS objects, 23% free, 52MB/68MB, paused 219us total 12.088ms
08-04 13:50:44.980 21560 21573 I art     : Starting a blocking GC Explicit
08-04 13:50:44.992 21560 21573 I art     : Explicit concurrent mark sweep GC freed 24(1008B) AllocSpace objects, 0(0B) LOS objects, 23% free, 52MB/68MB, paused 239us total 12.144ms
08-04 13:50:44.998 21560 21573 I art     : Starting a blocking GC Explicit
08-04 13:50:45.010 21560 21573 I art     : Explicit concurrent mark sweep GC freed 3(96B) AllocSpace objects, 0(0B) LOS objects, 23% free, 52MB/68MB, paused 215us total 11.457ms
08-04 13:50:45.272 21560 21573 I art     : Starting a blocking GC Explicit
08-04 13:50:45.293 21560 21573 I art     : Explicit concurrent mark sweep GC freed 1411(162KB) AllocSpace objects, 1(20KB) LOS objects, 23% free, 52MB/68MB, paused 261us total 20.528ms
08-04 13:50:45.302 21560 21573 I art     : Starting a blocking GC Explicit
08-04 13:50:45.317 21560 21573 I art     : Explicit concurrent mark sweep GC freed 32(1088B) AllocSpace objects, 0(0B) LOS objects, 23% free, 52MB/68MB, paused 214us total 14.507ms
08-04 13:50:45.323 21560 21573 I art     : Starting a blocking GC Explicit
08-04 13:50:45.338 21560 21573 I art     : Explicit concurrent mark sweep GC freed 3(96B) AllocSpace objects, 0(0B) LOS objects, 23% free, 52MB/68MB, paused 214us total 14.149ms
08-04 13:50:45.344 21560 21573 I art     : Starting a blocking GC Explicit
08-04 13:50:45.358 21560 21573 I art     : Explicit concurrent mark sweep GC freed 3(96B) AllocSpace objects, 0(0B) LOS objects, 23% free, 52MB/68MB, paused 213us total 13.932ms
08-04 13:50:45.365 21560 21573 I art     : Starting a blocking GC Explicit
08-04 13:50:45.379 21560 21573 I art     : Explicit concurrent mark sweep GC freed 3(96B) AllocSpace objects, 0(0B) LOS objects, 23% free, 52MB/68MB, paused 238us total 14.031ms
08-04 13:50:45.695 21560 21599 I art     : Starting a blocking GC Explicit
08-04 13:50:45.718 21560 21599 I art     : Explicit concurrent mark sweep GC freed 1340(78KB) AllocSpace objects, 1(20KB) LOS objects, 23% free, 52MB/68MB, paused 490us total 22.466ms
08-04 13:50:45.728 21560 21599 I art     : Starting a blocking GC Explicit
08-04 13:50:45.745 21560 21599 I art     : Explicit concurrent mark sweep GC freed 20(704B) AllocSpace objects, 0(0B) LOS objects, 23% free, 52MB/68MB, paused 240us total 17.134ms
08-04 13:50:45.752 21560 21599 I art     : Starting a blocking GC Explicit
08-04 13:50:45.767 21560 21599 I art     : Explicit concurrent mark sweep GC freed 3(96B) AllocSpace objects, 0(0B) LOS objects, 23% free, 52MB/68MB, paused 216us total 14.198ms
08-04 13:50:45.773 21560 21599 I art     : Starting a blocking GC Explicit
08-04 13:50:45.788 21560 21599 I art     : Explicit concurrent mark sweep GC freed 3(96B) AllocSpace objects, 0(0B) LOS objects, 23% free, 52MB/68MB, paused 207us total 14.236ms
08-04 13:50:45.794 21560 21599 I art     : Starting a blocking GC Explicit
08-04 13:50:45.807 21560 21599 I art     : Explicit concurrent mark sweep GC freed 3(96B) AllocSpace objects, 0(0B) LOS objects, 23% free, 52MB/68MB, paused 205us total 13.450ms
08-04 13:50:46.127 21560 21572 I art     : Starting a blocking GC Explicit
08-04 13:50:46.148 21560 21572 I art     : Explicit concurrent mark sweep GC freed 1340(78KB) AllocSpace objects, 1(20KB) LOS objects, 23% free, 52MB/68MB, paused 333us total 21.448ms
08-04 13:50:46.161 21560 21572 I art     : Starting a blocking GC Explicit
08-04 13:50:46.176 21560 21572 I art     : Explicit concurrent mark sweep GC freed 20(704B) AllocSpace objects, 0(0B) LOS objects, 23% free, 52MB/68MB, paused 213us total 14.678ms
08-04 13:50:46.183 21560 21572 I art     : Starting a blocking GC Explicit
08-04 13:50:46.197 21560 21572 I art     : Explicit concurrent mark sweep GC freed 3(96B) AllocSpace objects, 0(0B) LOS objects, 23% free, 52MB/68MB, paused 239us total 14.045ms
08-04 13:50:46.203 21560 21572 I art     : Starting a blocking GC Explicit
08-04 13:50:46.218 21560 21572 I art     : Explicit concurrent mark sweep GC freed 3(96B) AllocSpace objects, 0(0B) LOS objects, 23% free, 52MB/68MB, paused 209us total 14.110ms
08-04 13:50:46.224 21560 21572 I art     : Starting a blocking GC Explicit
08-04 13:50:46.238 21560 21572 I art     : Explicit concurrent mark sweep GC freed 3(96B) AllocSpace objects, 0(0B) LOS objects, 23% free, 52MB/68MB, paused 203us total 13.669ms
08-04 13:50:46.535 21560 21573 I art     : Starting a blocking GC Explicit
08-04 13:50:46.554 21560 21573 I art     : Explicit concurrent mark sweep GC freed 1340(78KB) AllocSpace objects, 1(20KB) LOS objects, 23% free, 52MB/68MB, paused 242us total 18.561ms
08-04 13:50:46.561 21560 21573 I art     : Starting a blocking GC Explicit
08-04 13:50:46.575 21560 21573 I art     : Explicit concurrent mark sweep GC freed 20(704B) AllocSpace objects, 0(0B) LOS objects, 23% free, 52MB/68MB, paused 221us total 13.906ms
08-04 13:50:46.582 21560 21573 I art     : Starting a blocking GC Explicit
08-04 13:50:46.596 21560 21573 I art     : Explicit concurrent mark sweep GC freed 3(96B) AllocSpace objects, 0(0B) LOS objects, 23% free, 52MB/68MB, paused 219us total 13.897ms
08-04 13:50:46.602 21560 21573 I art     : Starting a blocking GC Explicit
08-04 13:50:46.616 21560 21573 I art     : Explicit concurrent mark sweep GC freed 3(96B) AllocSpace objects, 0(0B) LOS objects, 23% free, 52MB/68MB, paused 203us total 13.549ms
08-04 13:50:46.622 21560 21573 I art     : Starting a blocking GC Explicit
08-04 13:50:46.636 21560 21573 I art     : Explicit concurrent mark sweep GC freed 3(96B) AllocSpace objects, 0(0B) LOS objects, 23% free, 52MB/68MB, paused 210us total 13.625ms
08-04 13:50:46.637   918 13198 D NetlinkSocketObserver: NeighborEvent{elapsedMs=1695650512, 192.168.2.254, [7C3953A63323], RTM_NEWNEIGH, NUD_STALE}
08-04 13:50:46.935 21560 21599 I art     : Starting a blocking GC Explicit
08-04 13:50:46.961 21560 21599 I art     : Explicit concurrent mark sweep GC freed 1340(78KB) AllocSpace objects, 1(20KB) LOS objects, 23% free, 52MB/68MB, paused 270us total 24.635ms
08-04 13:50:46.972 21560 21599 I art     : Starting a blocking GC Explicit
08-04 13:50:46.989 21560 21599 I art     : Explicit concurrent mark sweep GC freed 20(704B) AllocSpace objects, 0(0B) LOS objects, 23% free, 52MB/68MB, paused 233us total 17.469ms
08-04 13:50:46.998 21560 21599 I art     : Starting a blocking GC Explicit
08-04 13:50:47.013 21560 21599 I art     : Explicit concurrent mark sweep GC freed 3(96B) AllocSpace objects, 0(0B) LOS objects, 23% free, 52MB/68MB, paused 218us total 14.210ms
08-04 13:50:47.019 21560 21599 I art     : Starting a blocking GC Explicit
08-04 13:50:47.033 21560 21599 I art     : Explicit concurrent mark sweep GC freed 3(96B) AllocSpace objects, 0(0B) LOS objects, 23% free, 52MB/68MB, paused 211us total 13.459ms
08-04 13:50:47.039 21560 21599 I art     : Starting a blocking GC Explicit
08-04 13:50:47.053 21560 21599 I art     : Explicit concurrent mark sweep GC freed 3(96B) AllocSpace objects, 0(0B) LOS objects, 23% free, 52MB/68MB, paused 202us total 13.107ms
08-04 13:50:47.362 21560 21572 I art     : Starting a blocking GC Explicit
08-04 13:50:47.383 21560 21572 I art     : Explicit concurrent mark sweep GC freed 1340(78KB) AllocSpace objects, 1(20KB) LOS objects, 23% free, 52MB/68MB, paused 246us total 20.416ms
08-04 13:50:47.393 21560 21572 I art     : Starting a blocking GC Explicit
08-04 13:50:47.411 21560 21572 I art     : Explicit concurrent mark sweep GC freed 20(704B) AllocSpace objects, 0(0B) LOS objects, 23% free, 52MB/68MB, paused 222us total 17.121ms
08-04 13:50:47.417 21560 21572 I art     : Starting a blocking GC Explicit
08-04 13:50:47.431 21560 21572 I art     : Explicit concurrent mark sweep GC freed 3(96B) AllocSpace objects, 0(0B) LOS objects, 23% free, 52MB/68MB, paused 211us total 13.593ms
08-04 13:50:47.438 21560 21572 I art     : Starting a blocking GC Explicit
08-04 13:50:47.452 21560 21572 I art     : Explicit concurrent mark sweep GC freed 3(96B) AllocSpace objects, 0(0B) LOS objects, 23% free, 52MB/68MB, paused 238us total 13.665ms
08-04 13:50:47.452 21560 21571 I art     : WaitForGcToComplete blocked for 14.078ms for cause HeapTrim
08-04 13:50:47.458 21560 21572 I art     : Starting a blocking GC Explicit
08-04 13:50:47.472 21560 21572 I art     : Explicit concurrent mark sweep GC freed 3(96B) AllocSpace objects, 0(0B) LOS objects, 23% free, 52MB/68MB, paused 207us total 13.466ms
08-04 13:50:47.800 21560 21573 I art     : Starting a blocking GC Explicit
08-04 13:50:47.821 21560 21573 I art     : Explicit concurrent mark sweep GC freed 1340(78KB) AllocSpace objects, 1(20KB) LOS objects, 23% free, 52MB/68MB, paused 250us total 20.660ms
08-04 13:50:47.831 21560 21573 I art     : Starting a blocking GC Explicit
08-04 13:50:47.847 21560 21573 I art     : Explicit concurrent mark sweep GC freed 20(704B) AllocSpace objects, 0(0B) LOS objects, 23% free, 52MB/68MB, paused 231us total 15.926ms
08-04 13:50:47.854 21560 21573 I art     : Starting a blocking GC Explicit
08-04 13:50:47.868 21560 21573 I art     : Explicit concurrent mark sweep GC freed 3(96B) AllocSpace objects, 0(0B) LOS objects, 23% free, 52MB/68MB, paused 207us total 14.397ms
08-04 13:50:47.875 21560 21573 I art     : Starting a blocking GC Explicit
08-04 13:50:47.890 21560 21573 I art     : Explicit concurrent mark sweep GC freed 3(96B) AllocSpace objects, 0(0B) LOS objects, 23% free, 52MB/68MB, paused 225us total 14.387ms
08-04 13:50:47.896 21560 21573 I art     : Starting a blocking GC Explicit
08-04 13:50:47.910 21560 21573 I art     : Explicit concurrent mark sweep GC freed 3(96B) AllocSpace objects, 0(0B) LOS objects, 23% free, 52MB/68MB, paused 214us total 13.970ms
08-04 13:50:48.220 21560 21599 I art     : Starting a blocking GC Explicit
08-04 13:50:48.245 21560 21599 I art     : Explicit concurrent mark sweep GC freed 1340(78KB) AllocSpace objects, 1(20KB) LOS objects, 23% free, 52MB/68MB, paused 338us total 24.326ms
08-04 13:50:48.257 21560 21599 I art     : Starting a blocking GC Explicit
08-04 13:50:48.275 21560 21599 I art     : Explicit concurrent mark sweep GC freed 20(704B) AllocSpace objects, 0(0B) LOS objects, 23% free, 52MB/68MB, paused 216us total 17.257ms
08-04 13:50:48.282 21560 21599 I art     : Starting a blocking GC Explicit
08-04 13:50:48.296 21560 21599 I art     : Explicit concurrent mark sweep GC freed 3(96B) AllocSpace objects, 0(0B) LOS objects, 23% free, 52MB/68MB, paused 217us total 14.443ms
08-04 13:50:48.303 21560 21599 I art     : Starting a blocking GC Explicit
08-04 13:50:48.318 21560 21599 I art     : Explicit concurrent mark sweep GC freed 3(96B) AllocSpace objects, 0(0B) LOS objects, 23% free, 52MB/68MB, paused 205us total 14.541ms
08-04 13:50:48.324 21560 21599 I art     : Starting a blocking GC Explicit
08-04 13:50:48.339 21560 21599 I art     : Explicit concurrent mark sweep GC freed 3(96B) AllocSpace objects, 0(0B) LOS objects, 23% free, 52MB/68MB, paused 219us total 14.013ms
08-04 13:50:48.672 21560 21572 I art     : Starting a blocking GC Explicit
08-04 13:50:48.693 21560 21572 I art     : Explicit concurrent mark sweep GC freed 1340(78KB) AllocSpace objects, 1(20KB) LOS objects, 23% free, 52MB/68MB, paused 264us total 20.491ms
08-04 13:50:48.705 21560 21572 I art     : Starting a blocking GC Explicit
08-04 13:50:48.720 21560 21572 I art     : Explicit concurrent mark sweep GC freed 20(704B) AllocSpace objects, 0(0B) LOS objects, 23% free, 52MB/68MB, paused 214us total 14.955ms
08-04 13:50:48.727 21560 21572 I art     : Starting a blocking GC Explicit
08-04 13:50:48.740 21560 21572 I art     : Explicit concurrent mark sweep GC freed 3(96B) AllocSpace objects, 0(0B) LOS objects, 23% free, 52MB/68MB, paused 204us total 13.187ms
08-04 13:50:48.746 21560 21572 I art     : Starting a blocking GC Explicit
08-04 13:50:48.760 21560 21572 I art     : Explicit concurrent mark sweep GC freed 3(96B) AllocSpace objects, 0(0B) LOS objects, 23% free, 52MB/68MB, paused 212us total 13.660ms
08-04 13:50:48.766 21560 21572 I art     : Starting a blocking GC Explicit
08-04 13:50:48.780 21560 21572 I art     : Explicit concurrent mark sweep GC freed 3(96B) AllocSpace objects, 0(0B) LOS objects, 23% free, 52MB/68MB, paused 214us total 13.565ms
08-04 13:50:49.072 21560 21573 I art     : Starting a blocking GC Explicit
08-04 13:50:49.092 21560 21573 I art     : Explicit concurrent mark sweep GC freed 1340(78KB) AllocSpace objects, 1(20KB) LOS objects, 23% free, 52MB/68MB, paused 258us total 19.730ms
08-04 13:50:49.102 21560 21573 I art     : Starting a blocking GC Explicit
08-04 13:50:49.121 21560 21573 I art     : Explicit concurrent mark sweep GC freed 20(704B) AllocSpace objects, 0(0B) LOS objects, 23% free, 52MB/68MB, paused 237us total 18.302ms
08-04 13:50:49.131 21560 21573 I art     : Starting a blocking GC Explicit
08-04 13:50:49.145 21560 21573 I art     : Explicit concurrent mark sweep GC freed 3(96B) AllocSpace objects, 0(0B) LOS objects, 23% free, 52MB/68MB, paused 214us total 14.103ms
08-04 13:50:49.151 21560 21573 I art     : Starting a blocking GC Explicit
08-04 13:50:49.166 21560 21573 I art     : Explicit concurrent mark sweep GC freed 3(96B) AllocSpace objects, 0(0B) LOS objects, 23% free, 52MB/68MB, paused 217us total 13.983ms
08-04 13:50:49.172 21560 21573 I art     : Starting a blocking GC Explicit
08-04 13:50:49.186 21560 21573 I art     : Explicit concurrent mark sweep GC freed 3(96B) AllocSpace objects, 0(0B) LOS objects, 23% free, 52MB/68MB, paused 210us total 14.119ms
08-04 13:50:49.501 21560 21599 I art     : Starting a blocking GC Explicit
08-04 13:50:49.521 21560 21599 I art     : Explicit concurrent mark sweep GC freed 1340(78KB) AllocSpace objects, 1(20KB) LOS objects, 23% free, 52MB/68MB, paused 205us total 19.067ms
08-04 13:50:49.527 21560 21599 I art     : Starting a blocking GC Explicit
08-04 13:50:49.542 21560 21599 I art     : Explicit concurrent mark sweep GC freed 20(704B) AllocSpace objects, 0(0B) LOS objects, 23% free, 52MB/68MB, paused 209us total 14.334ms
08-04 13:50:49.549 21560 21599 I art     : Starting a blocking GC Explicit
08-04 13:50:49.563 21560 21599 I art     : Explicit concurrent mark sweep GC freed 3(96B) AllocSpace objects, 0(0B) LOS objects, 23% free, 52MB/68MB, paused 211us total 13.536ms
08-04 13:50:49.569 21560 21599 I art     : Starting a blocking GC Explicit
08-04 13:50:49.583 21560 21599 I art     : Explicit concurrent mark sweep GC freed 3(96B) AllocSpace objects, 0(0B) LOS objects, 23% free, 52MB/68MB, paused 206us total 13.631ms
08-04 13:50:49.589 21560 21599 I art     : Starting a blocking GC Explicit
08-04 13:50:49.603 21560 21599 I art     : Explicit concurrent mark sweep GC freed 3(96B) AllocSpace objects, 0(0B) LOS objects, 23% free, 52MB/68MB, paused 248us total 13.675ms
08-04 13:50:49.931 21560 21572 I art     : Starting a blocking GC Explicit
08-04 13:50:49.952 21560 21572 I art     : Explicit concurrent mark sweep GC freed 1340(78KB) AllocSpace objects, 1(20KB) LOS objects, 23% free, 52MB/68MB, paused 378us total 21.017ms
08-04 13:50:49.965 21560 21572 I art     : Starting a blocking GC Explicit
08-04 13:50:49.979 21560 21572 I art     : Explicit concurrent mark sweep GC freed 20(704B) AllocSpace objects, 0(0B) LOS objects, 23% free, 52MB/68MB, paused 217us total 14.041ms
08-04 13:50:49.985 21560 21572 I art     : Starting a blocking GC Explicit
08-04 13:50:49.999 21560 21572 I art     : Explicit concurrent mark sweep GC freed 3(96B) AllocSpace objects, 0(0B) LOS objects, 23% free, 52MB/68MB, paused 206us total 13.636ms
08-04 13:50:50.005 21560 21572 I art     : Starting a blocking GC Explicit
08-04 13:50:50.019 21560 21572 I art     : Explicit concurrent mark sweep GC freed 3(96B) AllocSpace objects, 0(0B) LOS objects, 23% free, 52MB/68MB, paused 218us total 13.707ms
08-04 13:50:50.025 21560 21572 I art     : Starting a blocking GC Explicit
08-04 13:50:50.039 21560 21572 I art     : Explicit concurrent mark sweep GC freed 3(96B) AllocSpace objects, 0(0B) LOS objects, 23% free, 52MB/68MB, paused 211us total 13.713ms
08-04 13:50:50.372 21560 21573 I art     : Starting a blocking GC Explicit
08-04 13:50:50.395 21560 21573 I art     : Explicit concurrent mark sweep GC freed 1340(78KB) AllocSpace objects, 1(20KB) LOS objects, 23% free, 52MB/68MB, paused 252us total 22.391ms
08-04 13:50:50.407 21560 21573 I art     : Starting a blocking GC Explicit
08-04 13:50:50.422 21560 21573 I art     : Explicit concurrent mark sweep GC freed 20(704B) AllocSpace objects, 0(0B) LOS objects, 23% free, 52MB/68MB, paused 249us total 14.481ms
08-04 13:50:50.429 21560 21573 I art     : Starting a blocking GC Explicit
08-04 13:50:50.443 21560 21573 I art     : Explicit concurrent mark sweep GC freed 3(96B) AllocSpace objects, 0(0B) LOS objects, 23% free, 52MB/68MB, paused 214us total 14.012ms
08-04 13:50:50.450 21560 21573 I art     : Starting a blocking GC Explicit
08-04 13:50:50.464 21560 21573 I art     : Explicit concurrent mark sweep GC freed 3(96B) AllocSpace objects, 0(0B) LOS objects, 23% free, 52MB/68MB, paused 203us total 14.076ms
08-04 13:50:50.470 21560 21573 I art     : Starting a blocking GC Explicit
08-04 13:50:50.484 21560 21573 I art     : Explicit concurrent mark sweep GC freed 3(96B) AllocSpace objects, 0(0B) LOS objects, 23% free, 52MB/68MB, paused 203us total 13.629ms
08-04 13:50:50.781 21560 21599 I art     : Starting a blocking GC Explicit
08-04 13:50:50.806 21560 21599 I art     : Explicit concurrent mark sweep GC freed 1340(78KB) AllocSpace objects, 1(20KB) LOS objects, 23% free, 52MB/68MB, paused 273us total 24.315ms
08-04 13:50:50.818 21560 21599 I art     : Starting a blocking GC Explicit
08-04 13:50:50.837 21560 21599 I art     : Explicit concurrent mark sweep GC freed 20(704B) AllocSpace objects, 0(0B) LOS objects, 23% free, 52MB/68MB, paused 247us total 18.093ms
08-04 13:50:50.846 21560 21599 I art     : Starting a blocking GC Explicit
08-04 13:50:50.860 21560 21599 I art     : Explicit concurrent mark sweep GC freed 3(96B) AllocSpace objects, 0(0B) LOS objects, 23% free, 52MB/68MB, paused 215us total 14.353ms
08-04 13:50:50.867 21560 21599 I art     : Starting a blocking GC Explicit
08-04 13:50:50.882 21560 21599 I art     : Explicit concurrent mark sweep GC freed 3(96B) AllocSpace objects, 0(0B) LOS objects, 23% free, 52MB/68MB, paused 218us total 14.553ms
08-04 13:50:50.889 21560 21599 I art     : Starting a blocking GC Explicit
08-04 13:50:50.903 21560 21599 I art     : Explicit concurrent mark sweep GC freed 3(96B) AllocSpace objects, 0(0B) LOS objects, 23% free, 52MB/68MB, paused 203us total 13.699ms
08-04 13:50:51.210 21560 21572 I art     : Starting a blocking GC Explicit
08-04 13:50:51.229 21560 21572 I art     : Explicit concurrent mark sweep GC freed 1340(78KB) AllocSpace objects, 1(20KB) LOS objects, 23% free, 52MB/68MB, paused 266us total 19.076ms
08-04 13:50:51.238 21560 21572 I art     : Starting a blocking GC Explicit
08-04 13:50:51.252 21560 21572 I art     : Explicit concurrent mark sweep GC freed 20(704B) AllocSpace objects, 0(0B) LOS objects, 23% free, 52MB/68MB, paused 216us total 13.768ms
08-04 13:50:51.259 21560 21572 I art     : Starting a blocking GC Explicit
08-04 13:50:51.273 21560 21572 I art     : Explicit concurrent mark sweep GC freed 3(96B) AllocSpace objects, 0(0B) LOS objects, 23% free, 52MB/68MB, paused 211us total 13.946ms
08-04 13:50:51.280 21560 21572 I art     : Starting a blocking GC Explicit
08-04 13:50:51.294 21560 21572 I art     : Explicit concurrent mark sweep GC freed 3(96B) AllocSpace objects, 0(0B) LOS objects, 23% free, 52MB/68MB, paused 215us total 13.914ms
08-04 13:50:51.300 21560 21572 I art     : Starting a blocking GC Explicit
08-04 13:50:51.314 21560 21572 I art     : Explicit concurrent mark sweep GC freed 3(96B) AllocSpace objects, 0(0B) LOS objects, 23% free, 52MB/68MB, paused 214us total 13.857ms
08-04 13:50:51.584   918 13197 D NetworkMonitor/NetworkAgentInfo [WIFI () - 158]: Checking http://connectivitycheck.gstatic.com/generate_204 on "H369AA63323", 192.168.2.12=192.168.2.12
08-04 13:50:51.637 21560 21573 I art     : Starting a blocking GC Explicit
08-04 13:50:51.658 21560 21573 I art     : Explicit concurrent mark sweep GC freed 1340(78KB) AllocSpace objects, 1(20KB) LOS objects, 23% free, 52MB/68MB, paused 318us total 20.540ms
08-04 13:50:51.670 21560 21573 I art     : Starting a blocking GC Explicit
08-04 13:50:51.687 21560 21573 I art     : Explicit concurrent mark sweep GC freed 20(704B) AllocSpace objects, 0(0B) LOS objects, 23% free, 52MB/68MB, paused 231us total 16.712ms
08-04 13:50:51.695 21560 21573 I art     : Starting a blocking GC Explicit
08-04 13:50:51.704   918 13197 D NetworkMonitor/NetworkAgentInfo [WIFI () - 158]: Probably not a portal: exception java.io.IOException: unexpected end of stream on Connection{connectivitycheck.gstatic.com:80, proxy=HTTP@/192.168.2.12:8080 hostAddress=192.168.2.12 cipherSuite=none protocol=http/1.1} (recycle count=0)
08-04 13:50:51.705   918  3263 D ConnectivityService: NetworkAgentInfo [WIFI () - 158] validation failed
08-04 13:50:51.707   918  3261 E WifiConfigStore:  rewrite network history for "H369AA63323"WPA_PSK
08-04 13:50:51.708 21560 21573 I art     : Explicit concurrent mark sweep GC freed 3(96B) AllocSpace objects, 0(0B) LOS objects, 23% free, 52MB/68MB, paused 197us total 13.567ms
08-04 13:50:51.715 21560 21573 I art     : Starting a blocking GC Explicit
08-04 13:50:51.729 21560 21573 I art     : Explicit concurrent mark sweep GC freed 3(96B) AllocSpace objects, 0(0B) LOS objects, 23% free, 52MB/68MB, paused 256us total 13.919ms
08-04 13:50:51.736 21560 21573 I art     : Starting a blocking GC Explicit
08-04 13:50:51.750 21560 21573 I art     : Explicit concurrent mark sweep GC freed 3(96B) AllocSpace objects, 0(0B) LOS objects, 23% free, 52MB/68MB, paused 208us total 13.659ms
08-04 13:50:52.004 21560 21599 I art     : Starting a blocking GC Explicit
08-04 13:50:52.019 21560 21599 I art     : Explicit concurrent mark sweep GC freed 1340(78KB) AllocSpace objects, 1(20KB) LOS objects, 23% free, 52MB/68MB, paused 269us total 14.766ms
08-04 13:50:52.026 21560 21599 I art     : Starting a blocking GC Explicit
08-04 13:50:52.040 21560 21599 I art     : Explicit concurrent mark sweep GC freed 20(704B) AllocSpace objects, 0(0B) LOS objects, 23% free, 52MB/68MB, paused 217us total 13.659ms
08-04 13:50:52.046 21560 21599 I art     : Starting a blocking GC Explicit
08-04 13:50:52.059 21560 21599 I art     : Explicit concurrent mark sweep GC freed 3(96B) AllocSpace objects, 0(0B) LOS objects, 23% free, 52MB/68MB, paused 212us total 13.101ms
08-04 13:50:52.066 21560 21599 I art     : Starting a blocking GC Explicit
08-04 13:50:52.079 21560 21599 I art     : Explicit concurrent mark sweep GC freed 3(96B) AllocSpace objects, 0(0B) LOS objects, 23% free, 52MB/68MB, paused 218us total 13.235ms
08-04 13:50:52.085 21560 21599 I art     : Starting a blocking GC Explicit
08-04 13:50:52.098 21560 21599 I art     : Explicit concurrent mark sweep GC freed 3(96B) AllocSpace objects, 0(0B) LOS objects, 23% free, 52MB/68MB, paused 210us total 12.909ms
08-04 13:50:52.121 22005 22005 D AndroidRuntime: >>>>>> START com.android.internal.os.RuntimeInit uid 2000 <<<<<<
08-04 13:50:52.125 22005 22005 D AndroidRuntime: CheckJNI is OFF
08-04 13:50:52.151 22005 22005 D ICU     : No timezone override file found: /data/misc/zoneinfo/current/icu/icu_tzdata.dat
08-04 13:50:52.177 22005 22005 I Radio-JNI: register_android_hardware_Radio DONE
08-04 13:50:52.193 22005 22005 D AndroidRuntime: Calling main entry com.android.commands.input.Input
08-04 13:50:52.195 22005 22005 I Input   : injectMotionEvent: MotionEvent { action=ACTION_DOWN, actionButton=0, id[0]=0, x[0]=733.0, y[0]=645.0, toolType[0]=TOOL_TYPE_UNKNOWN, buttonState=0, metaState=0, flags=0x0, edgeFlags=0x0, pointerCount=1, historySize=0, eventTime=712268608, downTime=712268608, deviceId=0, source=0x1002 }
08-04 13:50:52.202 22005 22005 I Input   : injectMotionEvent: MotionEvent { action=ACTION_UP, actionButton=0, id[0]=0, x[0]=733.0, y[0]=645.0, toolType[0]=TOOL_TYPE_UNKNOWN, buttonState=0, metaState=0, flags=0x0, edgeFlags=0x0, pointerCount=1, historySize=0, eventTime=712268608, downTime=712268608, deviceId=0, source=0x1002 }
08-04 13:50:52.204   918  5952 I ActivityManager: START u0 {cmp=baseline.appteam.nith.hillffair/.activities.ClubActivity (has extras)} from uid 10651 on display 0
08-04 13:50:52.209 22005 22005 D AndroidRuntime: Shutting down VM
08-04 13:50:52.318 13866 13866 I GoogleInputMethodServic: GoogleInputMethodService.onFinishInput():3138 
08-04 13:50:52.319 13866 13866 I GoogleInputMethodServic: GoogleInputMethodService.onStartInput():1808 
08-04 13:50:52.319   918   936 I ActivityManager: Displayed baseline.appteam.nith.hillffair/.activities.ClubActivity: +109ms
08-04 13:50:52.325 21560 21573 I art     : Starting a blocking GC Explicit
08-04 13:50:52.341 21560 21573 I art     : Explicit concurrent mark sweep GC freed 5269(328KB) AllocSpace objects, 1(20KB) LOS objects, 23% free, 53MB/69MB, paused 326us total 16.482ms
08-04 13:50:52.349 21560 21573 I art     : Starting a blocking GC Explicit
08-04 13:50:52.363 21560 21573 I art     : Explicit concurrent mark sweep GC freed 211(9KB) AllocSpace objects, 0(0B) LOS objects, 23% free, 53MB/69MB, paused 252us total 13.942ms
08-04 13:50:52.369 21560 21573 I art     : Starting a blocking GC Explicit
08-04 13:50:52.382 21560 21573 I art     : Explicit concurrent mark sweep GC freed 3(96B) AllocSpace objects, 0(0B) LOS objects, 23% free, 53MB/69MB, paused 236us total 13.189ms
08-04 13:50:52.388 21560 21573 I art     : Starting a blocking GC Explicit
08-04 13:50:52.402 21560 21573 I art     : Explicit concurrent mark sweep GC freed 3(96B) AllocSpace objects, 0(0B) LOS objects, 23% free, 53MB/69MB, paused 237us total 13.008ms
08-04 13:50:52.407 21560 21573 I art     : Starting a blocking GC Explicit
08-04 13:50:52.421 21560 21573 I art     : Explicit concurrent mark sweep GC freed 3(96B) AllocSpace objects, 0(0B) LOS objects, 23% free, 53MB/69MB, paused 264us total 13.166ms
08-04 13:50:52.571   380   380 W SurfaceFlinger: couldn't log to binary event log: overflow.
08-04 13:50:52.643 21560 21572 I art     : Starting a blocking GC Explicit
08-04 13:50:52.656 21560 21572 I art     : Explicit concurrent mark sweep GC freed 1344(78KB) AllocSpace objects, 1(20KB) LOS objects, 23% free, 53MB/69MB, paused 226us total 13.187ms
08-04 13:50:52.663 21560 21572 I art     : Starting a blocking GC Explicit
08-04 13:50:52.679 21560 21572 I art     : Explicit concurrent mark sweep GC freed 20(704B) AllocSpace objects, 0(0B) LOS objects, 23% free, 53MB/69MB, paused 270us total 15.445ms
08-04 13:50:52.687 21560 21572 I art     : Starting a blocking GC Explicit
08-04 13:50:52.704 21560 21572 I art     : Explicit concurrent mark sweep GC freed 120(7KB) AllocSpace objects, 0(0B) LOS objects, 23% free, 53MB/69MB, paused 354us total 16.256ms
08-04 13:50:52.710 21560 21572 I art     : Starting a blocking GC Explicit
08-04 13:50:52.723 21560 21572 I art     : Explicit concurrent mark sweep GC freed 11(384B) AllocSpace objects, 0(0B) LOS objects, 23% free, 53MB/69MB, paused 230us total 12.738ms
08-04 13:50:52.729 21560 21572 I art     : Starting a blocking GC Explicit
08-04 13:50:52.742 21560 21572 I art     : Explicit concurrent mark sweep GC freed 8(288B) AllocSpace objects, 0(0B) LOS objects, 23% free, 53MB/69MB, paused 215us total 12.765ms
08-04 13:50:53.021 21560 22049 I art     : Starting a blocking GC Explicit
08-04 13:50:53.035 21560 22034 D OkHttp  : --> GET https://api-hillfair-2k16.herokuapp.com/api/app/events/special/event?id=5806551bdcba0f490c70fd1f http/1.1
08-04 13:50:53.040 21560 22049 I art     : Explicit concurrent mark sweep GC freed 3979(213KB) AllocSpace objects, 3(140KB) LOS objects, 23% free, 53MB/69MB, paused 339us total 19.251ms
08-04 13:50:53.047 21560 22049 I art     : Starting a blocking GC Explicit
08-04 13:50:53.061 21560 22049 I art     : Explicit concurrent mark sweep GC freed 1000(116KB) AllocSpace objects, 1(80KB) LOS objects, 23% free, 53MB/69MB, paused 264us total 14.067ms
08-04 13:50:53.068 21560 22049 I art     : Starting a blocking GC Explicit
08-04 13:50:53.070 21560 22034 D OkHttp  : <-- 200 OK https://api-hillfair-2k16.herokuapp.com/api/app/events/special/event?id=5806551bdcba0f490c70fd1f (34ms, 795-byte body)
08-04 13:50:53.081 21560 22049 I art     : Explicit concurrent mark sweep GC freed 184(37KB) AllocSpace objects, 0(0B) LOS objects, 23% free, 53MB/69MB, paused 230us total 13.193ms
08-04 13:50:53.087 21560 22049 I art     : Starting a blocking GC Explicit
08-04 13:50:53.100 21560 22049 I art     : Explicit concurrent mark sweep GC freed 67(2864B) AllocSpace objects, 0(0B) LOS objects, 23% free, 53MB/69MB, paused 246us total 13.175ms
08-04 13:50:53.106 21560 22049 I art     : Starting a blocking GC Explicit
08-04 13:50:53.119 21560 22049 I art     : Explicit concurrent mark sweep GC freed 10(352B) AllocSpace objects, 0(0B) LOS objects, 23% free, 53MB/69MB, paused 241us total 13.014ms
08-04 13:50:53.133 21560 21560 I NAPPA_EXPERIMENTATION: MetricNetworkRequestExecutionTime: REQUEST_DURATION_SYSTEM='882',REQUEST_DURATION_OKHTTP='34',REQUEST_SYNCHRONOUS='FALSE',RESPONSE_CODE='200',RESPONSE_METHOD='GET',RESPONSE_LENGTH_OKHTTP='795',RESPONSE_LENGTH_HEADER='795',REQUEST_PROTOCOL='http/1.1',REQUEST_URL='https://api-hillfair-2k16.herokuapp.com/api/app/events/special/event?id=5806551bdcba0f490c70fd1f',
08-04 13:50:53.382 21560 21572 I art     : Starting a blocking GC Explicit
08-04 13:50:53.400 21560 21572 I art     : Explicit concurrent mark sweep GC freed 1977(167KB) AllocSpace objects, 1(20KB) LOS objects, 23% free, 53MB/69MB, paused 397us total 17.495ms
08-04 13:50:53.408 21560 21572 I art     : Starting a blocking GC Explicit
08-04 13:50:53.423 21560 21572 I art     : Explicit concurrent mark sweep GC freed 68(2272B) AllocSpace objects, 0(0B) LOS objects, 23% free, 53MB/69MB, paused 233us total 13.889ms
08-04 13:50:53.429 21560 21572 I art     : Starting a blocking GC Explicit
08-04 13:50:53.443 21560 21572 I art     : Explicit concurrent mark sweep GC freed 3(96B) AllocSpace objects, 0(0B) LOS objects, 23% free, 53MB/69MB, paused 231us total 13.944ms
08-04 13:50:53.449 21560 21572 I art     : Starting a blocking GC Explicit
08-04 13:50:53.463 21560 21572 I art     : Explicit concurrent mark sweep GC freed 3(96B) AllocSpace objects, 0(0B) LOS objects, 23% free, 53MB/69MB, paused 245us total 13.985ms
08-04 13:50:53.470 21560 21572 I art     : Starting a blocking GC Explicit
08-04 13:50:53.484 21560 21572 I art     : Explicit concurrent mark sweep GC freed 3(96B) AllocSpace objects, 0(0B) LOS objects, 23% free, 53MB/69MB, paused 206us total 13.556ms
08-04 13:50:53.752 21560 21573 I art     : Starting a blocking GC Explicit
08-04 13:50:53.770 21560 21573 I art     : Explicit concurrent mark sweep GC freed 1343(78KB) AllocSpace objects, 1(20KB) LOS objects, 23% free, 53MB/69MB, paused 263us total 17.352ms
08-04 13:50:53.777 21560 21573 I art     : Starting a blocking GC Explicit
08-04 13:50:53.792 21560 21573 I art     : Explicit concurrent mark sweep GC freed 36(1264B) AllocSpace objects, 0(0B) LOS objects, 23% free, 53MB/69MB, paused 261us total 15.349ms
08-04 13:50:53.799 21560 21573 I art     : Starting a blocking GC Explicit
08-04 13:50:53.815 21560 21573 I art     : Explicit concurrent mark sweep GC freed 3(96B) AllocSpace objects, 0(0B) LOS objects, 23% free, 53MB/69MB, paused 225us total 15.178ms
08-04 13:50:53.821 21560 21573 I art     : Starting a blocking GC Explicit
08-04 13:50:53.837 21560 21573 I art     : Explicit concurrent mark sweep GC freed 3(96B) AllocSpace objects, 0(0B) LOS objects, 23% free, 53MB/69MB, paused 238us total 15.016ms
08-04 13:50:53.843 21560 21573 I art     : Starting a blocking GC Explicit
08-04 13:50:53.859 21560 21573 I art     : Explicit concurrent mark sweep GC freed 3(96B) AllocSpace objects, 0(0B) LOS objects, 23% free, 53MB/69MB, paused 229us total 15.411ms
08-04 13:50:54.165 21560 21599 I art     : Starting a blocking GC Explicit
08-04 13:50:54.187 21560 21599 I art     : Explicit concurrent mark sweep GC freed 1341(78KB) AllocSpace objects, 1(20KB) LOS objects, 23% free, 53MB/69MB, paused 285us total 21.672ms
08-04 13:50:54.197 21560 21599 I art     : Starting a blocking GC Explicit
08-04 13:50:54.216 21560 21599 I art     : Explicit concurrent mark sweep GC freed 20(704B) AllocSpace objects, 0(0B) LOS objects, 23% free, 53MB/69MB, paused 252us total 18.894ms
08-04 13:50:54.226 21560 21599 I art     : Starting a blocking GC Explicit
08-04 13:50:54.241 21560 21599 I art     : Explicit concurrent mark sweep GC freed 3(96B) AllocSpace objects, 0(0B) LOS objects, 23% free, 53MB/69MB, paused 272us total 15.361ms
08-04 13:50:54.248 21560 21599 I art     : Starting a blocking GC Explicit
08-04 13:50:54.264 21560 21599 I art     : Explicit concurrent mark sweep GC freed 3(96B) AllocSpace objects, 0(0B) LOS objects, 23% free, 53MB/69MB, paused 225us total 15.036ms
08-04 13:50:54.270 21560 21599 I art     : Starting a blocking GC Explicit
08-04 13:50:54.284 21560 21599 I art     : Explicit concurrent mark sweep GC freed 3(96B) AllocSpace objects, 0(0B) LOS objects, 23% free, 53MB/69MB, paused 265us total 14.158ms
08-04 13:50:54.585 21560 21572 I art     : Starting a blocking GC Explicit
08-04 13:50:54.611 21560 21572 I art     : Explicit concurrent mark sweep GC freed 1341(78KB) AllocSpace objects, 1(20KB) LOS objects, 23% free, 53MB/69MB, paused 309us total 25.733ms
08-04 13:50:54.623 21560 21572 I art     : Starting a blocking GC Explicit
08-04 13:50:54.643 21560 21572 I art     : Explicit concurrent mark sweep GC freed 20(704B) AllocSpace objects, 0(0B) LOS objects, 23% free, 53MB/69MB, paused 270us total 19.455ms
08-04 13:50:54.652 21560 21572 I art     : Starting a blocking GC Explicit
08-04 13:50:54.668 21560 21572 I art     : Explicit concurrent mark sweep GC freed 3(96B) AllocSpace objects, 0(0B) LOS objects, 23% free, 53MB/69MB, paused 239us total 15.521ms
08-04 13:50:54.675 21560 21572 I art     : Starting a blocking GC Explicit
08-04 13:50:54.690 21560 21572 I art     : Explicit concurrent mark sweep GC freed 3(96B) AllocSpace objects, 0(0B) LOS objects, 23% free, 53MB/69MB, paused 239us total 15.360ms
08-04 13:50:54.698 21560 21572 I art     : Starting a blocking GC Explicit
08-04 13:50:54.712 21560 21572 I art     : Explicit concurrent mark sweep GC freed 3(96B) AllocSpace objects, 0(0B) LOS objects, 23% free, 53MB/69MB, paused 230us total 14.508ms
08-04 13:50:55.012 21560 22049 I art     : Starting a blocking GC Explicit
08-04 13:50:55.033 21560 22049 I art     : Explicit concurrent mark sweep GC freed 1341(78KB) AllocSpace objects, 1(20KB) LOS objects, 23% free, 53MB/69MB, paused 258us total 20.572ms
08-04 13:50:55.040 21560 22049 I art     : Starting a blocking GC Explicit
08-04 13:50:55.055 21560 22049 I art     : Explicit concurrent mark sweep GC freed 20(704B) AllocSpace objects, 0(0B) LOS objects, 23% free, 53MB/69MB, paused 239us total 15.430ms
08-04 13:50:55.063 21560 22049 I art     : Starting a blocking GC Explicit
08-04 13:50:55.078 21560 22049 I art     : Explicit concurrent mark sweep GC freed 3(96B) AllocSpace objects, 0(0B) LOS objects, 23% free, 53MB/69MB, paused 226us total 14.737ms
08-04 13:50:55.084 21560 22049 I art     : Starting a blocking GC Explicit
08-04 13:50:55.099 21560 22049 I art     : Explicit concurrent mark sweep GC freed 3(96B) AllocSpace objects, 0(0B) LOS objects, 23% free, 53MB/69MB, paused 227us total 14.400ms
08-04 13:50:55.105 21560 22049 I art     : Starting a blocking GC Explicit
08-04 13:50:55.120 21560 22049 I art     : Explicit concurrent mark sweep GC freed 3(96B) AllocSpace objects, 0(0B) LOS objects, 23% free, 53MB/69MB, paused 229us total 14.749ms
08-04 13:50:55.424 21560 21573 I art     : Starting a blocking GC Explicit
08-04 13:50:55.446 21560 21573 I art     : Explicit concurrent mark sweep GC freed 1341(78KB) AllocSpace objects, 1(20KB) LOS objects, 23% free, 53MB/69MB, paused 284us total 21.306ms
08-04 13:50:55.457 21560 21573 I art     : Starting a blocking GC Explicit
08-04 13:50:55.476 21560 21573 I art     : Explicit concurrent mark sweep GC freed 20(704B) AllocSpace objects, 0(0B) LOS objects, 23% free, 53MB/69MB, paused 261us total 18.944ms
08-04 13:50:55.483 21560 21573 I art     : Starting a blocking GC Explicit
08-04 13:50:55.497 21560 21573 I art     : Explicit concurrent mark sweep GC freed 3(96B) AllocSpace objects, 0(0B) LOS objects, 23% free, 53MB/69MB, paused 215us total 14.454ms
08-04 13:50:55.503 21560 21573 I art     : Starting a blocking GC Explicit
08-04 13:50:55.517 21560 21573 I art     : Explicit concurrent mark sweep GC freed 3(96B) AllocSpace objects, 0(0B) LOS objects, 23% free, 53MB/69MB, paused 276us total 13.186ms
08-04 13:50:55.523 21560 21573 I art     : Starting a blocking GC Explicit
08-04 13:50:55.536 21560 21573 I art     : Explicit concurrent mark sweep GC freed 3(96B) AllocSpace objects, 0(0B) LOS objects, 23% free, 53MB/69MB, paused 221us total 13.295ms
08-04 13:50:55.843 21560 21599 I art     : Starting a blocking GC Explicit
08-04 13:50:55.864 21560 21599 I art     : Explicit concurrent mark sweep GC freed 1341(78KB) AllocSpace objects, 1(20KB) LOS objects, 23% free, 53MB/69MB, paused 279us total 21.015ms
08-04 13:50:55.875 21560 21599 I art     : Starting a blocking GC Explicit
08-04 13:50:55.894 21560 21599 I art     : Explicit concurrent mark sweep GC freed 20(704B) AllocSpace objects, 0(0B) LOS objects, 23% free, 53MB/69MB, paused 252us total 18.918ms
08-04 13:50:55.903 21560 21599 I art     : Starting a blocking GC Explicit
08-04 13:50:55.919 21560 21599 I art     : Explicit concurrent mark sweep GC freed 3(96B) AllocSpace objects, 0(0B) LOS objects, 23% free, 53MB/69MB, paused 254us total 15.428ms
08-04 13:50:55.926 21560 21599 I art     : Starting a blocking GC Explicit
08-04 13:50:55.941 21560 21599 I art     : Explicit concurrent mark sweep GC freed 3(96B) AllocSpace objects, 0(0B) LOS objects, 23% free, 53MB/69MB, paused 240us total 15.547ms
08-04 13:50:55.948 21560 21599 I art     : Starting a blocking GC Explicit
08-04 13:50:55.963 21560 21599 I art     : Explicit concurrent mark sweep GC freed 3(96B) AllocSpace objects, 0(0B) LOS objects, 23% free, 53MB/69MB, paused 229us total 14.852ms
08-04 13:50:56.298 21560 21572 I art     : Starting a blocking GC Explicit
08-04 13:50:56.324 21560 21572 I art     : Explicit concurrent mark sweep GC freed 1341(78KB) AllocSpace objects, 1(20KB) LOS objects, 23% free, 53MB/69MB, paused 332us total 26.199ms
08-04 13:50:56.335 21560 21572 I art     : Starting a blocking GC Explicit
08-04 13:50:56.353 21560 21572 I art     : Explicit concurrent mark sweep GC freed 20(704B) AllocSpace objects, 0(0B) LOS objects, 23% free, 53MB/69MB, paused 239us total 17.742ms
08-04 13:50:56.360 21560 21572 I art     : Starting a blocking GC Explicit
08-04 13:50:56.375 21560 21572 I art     : Explicit concurrent mark sweep GC freed 3(96B) AllocSpace objects, 0(0B) LOS objects, 23% free, 53MB/69MB, paused 229us total 14.854ms
08-04 13:50:56.382 21560 21572 I art     : Starting a blocking GC Explicit
08-04 13:50:56.397 21560 21572 I art     : Explicit concurrent mark sweep GC freed 3(96B) AllocSpace objects, 0(0B) LOS objects, 23% free, 53MB/69MB, paused 259us total 15.140ms
08-04 13:50:56.404 21560 21572 I art     : Starting a blocking GC Explicit
08-04 13:50:56.418 21560 21572 I art     : Explicit concurrent mark sweep GC freed 3(96B) AllocSpace objects, 0(0B) LOS objects, 23% free, 53MB/69MB, paused 229us total 14.497ms
08-04 13:50:56.732 21560 22049 I art     : Starting a blocking GC Explicit
08-04 13:50:56.754 21560 22049 I art     : Explicit concurrent mark sweep GC freed 1341(78KB) AllocSpace objects, 1(20KB) LOS objects, 23% free, 53MB/69MB, paused 274us total 22.016ms
08-04 13:50:56.765 21560 22049 I art     : Starting a blocking GC Explicit
08-04 13:50:56.781 21560 22049 I art     : Explicit concurrent mark sweep GC freed 20(704B) AllocSpace objects, 0(0B) LOS objects, 23% free, 53MB/69MB, paused 242us total 15.787ms
08-04 13:50:56.787 21560 22049 I art     : Starting a blocking GC Explicit
08-04 13:50:56.803 21560 22049 I art     : Explicit concurrent mark sweep GC freed 3(96B) AllocSpace objects, 0(0B) LOS objects, 23% free, 53MB/69MB, paused 242us total 15.215ms
08-04 13:50:56.810 21560 22049 I art     : Starting a blocking GC Explicit
08-04 13:50:56.825 21560 22049 I art     : Explicit concurrent mark sweep GC freed 3(96B) AllocSpace objects, 0(0B) LOS objects, 23% free, 53MB/69MB, paused 235us total 14.936ms
08-04 13:50:56.832 21560 22049 I art     : Starting a blocking GC Explicit
08-04 13:50:56.847 21560 22049 I art     : Explicit concurrent mark sweep GC freed 3(96B) AllocSpace objects, 0(0B) LOS objects, 23% free, 53MB/69MB, paused 307us total 15.031ms
08-04 13:50:57.149 21560 21573 I art     : Starting a blocking GC Explicit
08-04 13:50:57.172 21560 21573 I art     : Explicit concurrent mark sweep GC freed 1341(78KB) AllocSpace objects, 1(20KB) LOS objects, 23% free, 53MB/69MB, paused 312us total 22.430ms
08-04 13:50:57.184 21560 21573 I art     : Starting a blocking GC Explicit
08-04 13:50:57.202 21560 21573 I art     : Explicit concurrent mark sweep GC freed 20(704B) AllocSpace objects, 0(0B) LOS objects, 23% free, 53MB/69MB, paused 236us total 17.073ms
08-04 13:50:57.208 21560 21573 I art     : Starting a blocking GC Explicit
08-04 13:50:57.223 21560 21573 I art     : Explicit concurrent mark sweep GC freed 3(96B) AllocSpace objects, 0(0B) LOS objects, 23% free, 53MB/69MB, paused 239us total 14.813ms
08-04 13:50:57.230 21560 21573 I art     : Starting a blocking GC Explicit
08-04 13:50:57.245 21560 21573 I art     : Explicit concurrent mark sweep GC freed 3(96B) AllocSpace objects, 0(0B) LOS objects, 23% free, 53MB/69MB, paused 232us total 15.042ms
08-04 13:50:57.252 21560 21573 I art     : Starting a blocking GC Explicit
08-04 13:50:57.267 21560 21573 I art     : Explicit concurrent mark sweep GC freed 3(96B) AllocSpace objects, 0(0B) LOS objects, 23% free, 53MB/69MB, paused 270us total 14.627ms
08-04 13:50:57.569 21560 21599 I art     : Starting a blocking GC Explicit
08-04 13:50:57.596 21560 21599 I art     : Explicit concurrent mark sweep GC freed 1341(78KB) AllocSpace objects, 1(20KB) LOS objects, 23% free, 53MB/69MB, paused 314us total 25.879ms
08-04 13:50:57.608 21560 21599 I art     : Starting a blocking GC Explicit
08-04 13:50:57.624 21560 21599 I art     : Explicit concurrent mark sweep GC freed 20(704B) AllocSpace objects, 0(0B) LOS objects, 23% free, 53MB/69MB, paused 232us total 15.926ms
08-04 13:50:57.631 21560 21599 I art     : Starting a blocking GC Explicit
08-04 13:50:57.645 21560 21599 I art     : Explicit concurrent mark sweep GC freed 3(96B) AllocSpace objects, 0(0B) LOS objects, 23% free, 53MB/69MB, paused 231us total 14.411ms
08-04 13:50:57.652 21560 21599 I art     : Starting a blocking GC Explicit
08-04 13:50:57.667 21560 21599 I art     : Explicit concurrent mark sweep GC freed 3(96B) AllocSpace objects, 0(0B) LOS objects, 23% free, 53MB/69MB, paused 227us total 14.526ms
08-04 13:50:57.667 21560 21571 I art     : WaitForGcToComplete blocked for 9.948ms for cause HeapTrim
08-04 13:50:57.673 21560 21599 I art     : Starting a blocking GC Explicit
08-04 13:50:57.688 21560 21599 I art     : Explicit concurrent mark sweep GC freed 3(96B) AllocSpace objects, 0(0B) LOS objects, 23% free, 53MB/69MB, paused 228us total 14.607ms
08-04 13:50:57.990 21560 21572 I art     : Starting a blocking GC Explicit
08-04 13:50:58.012 21560 21572 I art     : Explicit concurrent mark sweep GC freed 1532(90KB) AllocSpace objects, 1(20KB) LOS objects, 23% free, 53MB/69MB, paused 333us total 22.074ms
08-04 13:50:58.020 21560 21572 I art     : Starting a blocking GC Explicit
08-04 13:50:58.036 21560 21572 I art     : Explicit concurrent mark sweep GC freed 42(1792B) AllocSpace objects, 0(0B) LOS objects, 23% free, 53MB/69MB, paused 291us total 15.640ms
08-04 13:50:58.043 21560 21572 I art     : Starting a blocking GC Explicit
08-04 13:50:58.058 21560 21572 I art     : Explicit concurrent mark sweep GC freed 83(4KB) AllocSpace objects, 0(0B) LOS objects, 23% free, 53MB/69MB, paused 264us total 14.905ms
08-04 13:50:58.064 21560 21572 I art     : Starting a blocking GC Explicit
08-04 13:50:58.079 21560 21572 I art     : Explicit concurrent mark sweep GC freed 3(96B) AllocSpace objects, 0(0B) LOS objects, 23% free, 53MB/69MB, paused 272us total 14.693ms
08-04 13:50:58.086 21560 21572 I art     : Starting a blocking GC Explicit
08-04 13:50:58.101 21560 21572 I art     : Explicit concurrent mark sweep GC freed 3(96B) AllocSpace objects, 0(0B) LOS objects, 23% free, 53MB/69MB, paused 264us total 14.909ms
08-04 13:50:58.173 21560 22180 W OneSignal: OneSignalRestClient: POST Error thrown from network stack. 
08-04 13:50:58.173 21560 22180 W OneSignal: java.io.IOException: unexpected end of stream on Connection{api.onesignal.com:443, proxy=HTTP@192.168.2.12:8080 hostAddress=192.168.2.12 cipherSuite=TLS_ECDHE_RSA_WITH_AES_128_GCM_SHA256 protocol=http/1.1} (recycle count=0)
08-04 13:50:58.173 21560 22180 W OneSignal: 	at com.android.okhttp.internal.http.HttpConnection.readResponse(HttpConnection.java:210)
08-04 13:50:58.173 21560 22180 W OneSignal: 	at com.android.okhttp.internal.http.HttpTransport.readResponseHeaders(HttpTransport.java:80)
08-04 13:50:58.173 21560 22180 W OneSignal: 	at com.android.okhttp.internal.http.HttpEngine.readNetworkResponse(HttpEngine.java:904)
08-04 13:50:58.173 21560 22180 W OneSignal: 	at com.android.okhttp.internal.http.HttpEngine.readResponse(HttpEngine.java:788)
08-04 13:50:58.173 21560 22180 W OneSignal: 	at com.android.okhttp.internal.huc.HttpURLConnectionImpl.execute(HttpURLConnectionImpl.java:439)
08-04 13:50:58.173 21560 22180 W OneSignal: 	at com.android.okhttp.internal.huc.HttpURLConnectionImpl.getResponse(HttpURLConnectionImpl.java:384)
08-04 13:50:58.173 21560 22180 W OneSignal: 	at com.android.okhttp.internal.huc.HttpURLConnectionImpl.getResponseCode(HttpURLConnectionImpl.java:497)
08-04 13:50:58.173 21560 22180 W OneSignal: 	at com.android.okhttp.internal.huc.DelegatingHttpsURLConnection.getResponseCode(DelegatingHttpsURLConnection.java:105)
08-04 13:50:58.173 21560 22180 W OneSignal: 	at com.android.okhttp.internal.huc.HttpsURLConnectionImpl.getResponseCode(HttpsURLConnectionImpl.java)
08-04 13:50:58.173 21560 22180 W OneSignal: 	at com.onesignal.OneSignalRestClient.startHTTPConnection(OneSignalRestClient.java:180)
08-04 13:50:58.173 21560 22180 W OneSignal: 	at com.onesignal.OneSignalRestClient.access$100(OneSignalRestClient.java:44)
08-04 13:50:58.173 21560 22180 W OneSignal: 	at com.onesignal.OneSignalRestClient$4.run(OneSignalRestClient.java:110)
08-04 13:50:58.173 21560 22180 W OneSignal: 	at java.lang.Thread.run(Thread.java:818)
08-04 13:50:58.173 21560 22180 W OneSignal: Caused by: java.io.EOFException: \n not found: size=0 content=...
08-04 13:50:58.173 21560 22180 W OneSignal: 	at com.android.okhttp.okio.RealBufferedSource.readUtf8LineStrict(RealBufferedSource.java:200)
08-04 13:50:58.173 21560 22180 W OneSignal: 	at com.android.okhttp.internal.http.HttpConnection.readResponse(HttpConnection.java:191)
08-04 13:50:58.173 21560 22180 W OneSignal: 	... 12 more
08-04 13:50:58.174 21560 22183 W OneSignal: Failed last request. statusCode: -1
08-04 13:50:58.174 21560 22183 W OneSignal: response: null
08-04 13:50:58.392 21560 22049 I art     : Starting a blocking GC Explicit
08-04 13:50:58.418 21560 22049 I art     : Explicit concurrent mark sweep GC freed 3625(225KB) AllocSpace objects, 1(20KB) LOS objects, 23% free, 53MB/69MB, paused 305us total 25.966ms
08-04 13:50:58.431 21560 22049 I art     : Starting a blocking GC Explicit
08-04 13:50:58.447 21560 22049 I art     : Explicit concurrent mark sweep GC freed 67(2432B) AllocSpace objects, 0(0B) LOS objects, 23% free, 53MB/69MB, paused 229us total 16.322ms
08-04 13:50:58.454 21560 22049 I art     : Starting a blocking GC Explicit
08-04 13:50:58.469 21560 22049 I art     : Explicit concurrent mark sweep GC freed 3(96B) AllocSpace objects, 0(0B) LOS objects, 23% free, 53MB/69MB, paused 224us total 14.718ms
08-04 13:50:58.475 21560 22049 I art     : Starting a blocking GC Explicit
08-04 13:50:58.490 21560 22049 I art     : Explicit concurrent mark sweep GC freed 3(96B) AllocSpace objects, 0(0B) LOS objects, 23% free, 53MB/69MB, paused 233us total 14.565ms
08-04 13:50:58.497 21560 22049 I art     : Starting a blocking GC Explicit
08-04 13:50:58.512 21560 22049 I art     : Explicit concurrent mark sweep GC freed 3(96B) AllocSpace objects, 0(0B) LOS objects, 23% free, 53MB/69MB, paused 238us total 14.943ms
08-04 13:50:58.842 21560 21573 I art     : Starting a blocking GC Explicit
08-04 13:50:58.867 21560 21573 I art     : Explicit concurrent mark sweep GC freed 1341(78KB) AllocSpace objects, 1(20KB) LOS objects, 23% free, 53MB/69MB, paused 277us total 24.368ms
08-04 13:50:58.879 21560 21573 I art     : Starting a blocking GC Explicit
08-04 13:50:58.894 21560 21573 I art     : Explicit concurrent mark sweep GC freed 20(704B) AllocSpace objects, 0(0B) LOS objects, 23% free, 53MB/69MB, paused 234us total 15.260ms
08-04 13:50:58.901 21560 21573 I art     : Starting a blocking GC Explicit
08-04 13:50:58.916 21560 21573 I art     : Explicit concurrent mark sweep GC freed 3(96B) AllocSpace objects, 0(0B) LOS objects, 23% free, 53MB/69MB, paused 239us total 15.093ms
08-04 13:50:58.923 21560 21573 I art     : Starting a blocking GC Explicit
08-04 13:50:58.938 21560 21573 I art     : Explicit concurrent mark sweep GC freed 3(96B) AllocSpace objects, 0(0B) LOS objects, 23% free, 53MB/69MB, paused 234us total 14.915ms
08-04 13:50:58.945 21560 21573 I art     : Starting a blocking GC Explicit
08-04 13:50:58.959 21560 21573 I art     : Explicit concurrent mark sweep GC freed 3(96B) AllocSpace objects, 0(0B) LOS objects, 23% free, 53MB/69MB, paused 228us total 14.564ms
08-04 13:50:59.300 21560 21599 I art     : Starting a blocking GC Explicit
08-04 13:50:59.322 21560 21599 I art     : Explicit concurrent mark sweep GC freed 1341(78KB) AllocSpace objects, 1(20KB) LOS objects, 23% free, 53MB/69MB, paused 277us total 22.147ms
08-04 13:50:59.333 21560 21599 I art     : Starting a blocking GC Explicit
08-04 13:50:59.348 21560 21599 I art     : Explicit concurrent mark sweep GC freed 20(704B) AllocSpace objects, 0(0B) LOS objects, 23% free, 53MB/69MB, paused 247us total 15.415ms
08-04 13:50:59.355 21560 21599 I art     : Starting a blocking GC Explicit
08-04 13:50:59.370 21560 21599 I art     : Explicit concurrent mark sweep GC freed 3(96B) AllocSpace objects, 0(0B) LOS objects, 23% free, 53MB/69MB, paused 230us total 15.041ms
08-04 13:50:59.377 21560 21599 I art     : Starting a blocking GC Explicit
08-04 13:50:59.392 21560 21599 I art     : Explicit concurrent mark sweep GC freed 3(96B) AllocSpace objects, 0(0B) LOS objects, 23% free, 53MB/69MB, paused 230us total 15.138ms
08-04 13:50:59.398 21560 21599 I art     : Starting a blocking GC Explicit
08-04 13:50:59.413 21560 21599 I art     : Explicit concurrent mark sweep GC freed 3(96B) AllocSpace objects, 0(0B) LOS objects, 23% free, 53MB/69MB, paused 224us total 14.489ms
08-04 13:50:59.715 21560 21572 I art     : Starting a blocking GC Explicit
08-04 13:50:59.736 21560 21572 I art     : Explicit concurrent mark sweep GC freed 1341(78KB) AllocSpace objects, 1(20KB) LOS objects, 23% free, 53MB/69MB, paused 274us total 20.976ms
08-04 13:50:59.746 21560 21572 I art     : Starting a blocking GC Explicit
08-04 13:50:59.761 21560 21572 I art     : Explicit concurrent mark sweep GC freed 20(704B) AllocSpace objects, 0(0B) LOS objects, 23% free, 53MB/69MB, paused 248us total 15.302ms
08-04 13:50:59.768 21560 21572 I art     : Starting a blocking GC Explicit
08-04 13:50:59.783 21560 21572 I art     : Explicit concurrent mark sweep GC freed 3(96B) AllocSpace objects, 0(0B) LOS objects, 23% free, 53MB/69MB, paused 248us total 15.021ms
08-04 13:50:59.790 21560 21572 I art     : Starting a blocking GC Explicit
08-04 13:50:59.806 21560 21572 I art     : Explicit concurrent mark sweep GC freed 3(96B) AllocSpace objects, 0(0B) LOS objects, 23% free, 53MB/69MB, paused 235us total 15.190ms
08-04 13:50:59.812 21560 21572 I art     : Starting a blocking GC Explicit
08-04 13:50:59.828 21560 21572 I art     : Explicit concurrent mark sweep GC freed 3(96B) AllocSpace objects, 0(0B) LOS objects, 23% free, 53MB/69MB, paused 225us total 15.404ms
08-04 13:51:00.141 21560 22049 I art     : Starting a blocking GC Explicit
08-04 13:51:00.161 21560 22049 I art     : Explicit concurrent mark sweep GC freed 1341(78KB) AllocSpace objects, 1(20KB) LOS objects, 23% free, 53MB/69MB, paused 254us total 18.982ms
08-04 13:51:00.169 21560 22049 I art     : Starting a blocking GC Explicit
08-04 13:51:00.184 21560 22049 I art     : Explicit concurrent mark sweep GC freed 20(704B) AllocSpace objects, 0(0B) LOS objects, 23% free, 53MB/69MB, paused 235us total 15.443ms
08-04 13:51:00.191 21560 22049 I art     : Starting a blocking GC Explicit
08-04 13:51:00.206 21560 22049 I art     : Explicit concurrent mark sweep GC freed 3(96B) AllocSpace objects, 0(0B) LOS objects, 23% free, 53MB/69MB, paused 230us total 14.592ms
08-04 13:51:00.212 21560 22049 I art     : Starting a blocking GC Explicit
08-04 13:51:00.227 21560 22049 I art     : Explicit concurrent mark sweep GC freed 3(96B) AllocSpace objects, 0(0B) LOS objects, 23% free, 53MB/69MB, paused 250us total 14.555ms
08-04 13:51:00.233 21560 22049 I art     : Starting a blocking GC Explicit
08-04 13:51:00.248 21560 22049 I art     : Explicit concurrent mark sweep GC freed 3(96B) AllocSpace objects, 0(0B) LOS objects, 23% free, 53MB/69MB, paused 221us total 14.670ms
08-04 13:51:00.575 21560 21573 I art     : Starting a blocking GC Explicit
08-04 13:51:00.602 21560 21573 I art     : Explicit concurrent mark sweep GC freed 1341(78KB) AllocSpace objects, 1(20KB) LOS objects, 23% free, 53MB/69MB, paused 339us total 26.362ms
08-04 13:51:00.613 21560 21573 I art     : Starting a blocking GC Explicit
08-04 13:51:00.628 21560 21573 I art     : Explicit concurrent mark sweep GC freed 20(704B) AllocSpace objects, 0(0B) LOS objects, 23% free, 53MB/69MB, paused 237us total 14.775ms
08-04 13:51:00.635 21560 21573 I art     : Starting a blocking GC Explicit
08-04 13:51:00.649 21560 21573 I art     : Explicit concurrent mark sweep GC freed 3(96B) AllocSpace objects, 0(0B) LOS objects, 23% free, 53MB/69MB, paused 232us total 14.751ms
08-04 13:51:00.656 21560 21573 I art     : Starting a blocking GC Explicit
08-04 13:51:00.671 21560 21573 I art     : Explicit concurrent mark sweep GC freed 3(96B) AllocSpace objects, 0(0B) LOS objects, 23% free, 53MB/69MB, paused 226us total 14.538ms
08-04 13:51:00.677 21560 21573 I art     : Starting a blocking GC Explicit
08-04 13:51:00.692 21560 21573 I art     : Explicit concurrent mark sweep GC freed 3(96B) AllocSpace objects, 0(0B) LOS objects, 23% free, 53MB/69MB, paused 230us total 14.635ms
08-04 13:51:01.014 21560 21599 I art     : Starting a blocking GC Explicit
08-04 13:51:01.036 21560 21599 I art     : Explicit concurrent mark sweep GC freed 1341(78KB) AllocSpace objects, 1(20KB) LOS objects, 23% free, 53MB/69MB, paused 284us total 21.701ms
08-04 13:51:01.046 21560 21599 I art     : Starting a blocking GC Explicit
08-04 13:51:01.062 21560 21599 I art     : Explicit concurrent mark sweep GC freed 20(704B) AllocSpace objects, 0(0B) LOS objects, 23% free, 53MB/69MB, paused 237us total 15.725ms
08-04 13:51:01.068 21560 21599 I art     : Starting a blocking GC Explicit
08-04 13:51:01.083 21560 21599 I art     : Explicit concurrent mark sweep GC freed 3(96B) AllocSpace objects, 0(0B) LOS objects, 23% free, 53MB/69MB, paused 233us total 14.682ms
08-04 13:51:01.090 21560 21599 I art     : Starting a blocking GC Explicit
08-04 13:51:01.105 21560 21599 I art     : Explicit concurrent mark sweep GC freed 3(96B) AllocSpace objects, 0(0B) LOS objects, 23% free, 53MB/69MB, paused 221us total 14.606ms
08-04 13:51:01.112 21560 21599 I art     : Starting a blocking GC Explicit
08-04 13:51:01.126 21560 21599 I art     : Explicit concurrent mark sweep GC freed 3(96B) AllocSpace objects, 0(0B) LOS objects, 23% free, 53MB/69MB, paused 236us total 14.502ms
08-04 13:51:01.430 21560 21572 I art     : Starting a blocking GC Explicit
08-04 13:51:01.445 21560 21572 I art     : Explicit concurrent mark sweep GC freed 1341(78KB) AllocSpace objects, 1(20KB) LOS objects, 23% free, 53MB/69MB, paused 228us total 15.620ms
08-04 13:51:01.451 21560 21572 I art     : Starting a blocking GC Explicit
08-04 13:51:01.465 21560 21572 I art     : Explicit concurrent mark sweep GC freed 20(704B) AllocSpace objects, 0(0B) LOS objects, 23% free, 53MB/69MB, paused 216us total 12.984ms
08-04 13:51:01.470 21560 21572 I art     : Starting a blocking GC Explicit
08-04 13:51:01.483 21560 21572 I art     : Explicit concurrent mark sweep GC freed 12(432B) AllocSpace objects, 0(0B) LOS objects, 23% free, 53MB/69MB, paused 216us total 12.549ms
08-04 13:51:01.489 21560 21572 I art     : Starting a blocking GC Explicit
08-04 13:51:01.504 21560 21572 I art     : Explicit concurrent mark sweep GC freed 3(96B) AllocSpace objects, 0(0B) LOS objects, 23% free, 53MB/69MB, paused 229us total 14.579ms
08-04 13:51:01.510 21560 21572 I art     : Starting a blocking GC Explicit
08-04 13:51:01.524 21560 21572 I art     : Explicit concurrent mark sweep GC freed 3(96B) AllocSpace objects, 0(0B) LOS objects, 23% free, 53MB/69MB, paused 263us total 14.223ms
08-04 13:51:01.837 21560 22049 I art     : Starting a blocking GC Explicit
08-04 13:51:01.859 21560 22049 I art     : Explicit concurrent mark sweep GC freed 1341(78KB) AllocSpace objects, 1(20KB) LOS objects, 23% free, 53MB/69MB, paused 278us total 21.618ms
08-04 13:51:01.869 21560 22049 I art     : Starting a blocking GC Explicit
08-04 13:51:01.888 21560 22049 I art     : Explicit concurrent mark sweep GC freed 20(704B) AllocSpace objects, 0(0B) LOS objects, 23% free, 53MB/69MB, paused 254us total 18.619ms
08-04 13:51:01.897 21560 22049 I art     : Starting a blocking GC Explicit
08-04 13:51:01.913 21560 22049 I art     : Explicit concurrent mark sweep GC freed 3(96B) AllocSpace objects, 0(0B) LOS objects, 23% free, 53MB/69MB, paused 229us total 15.282ms
08-04 13:51:01.920 21560 22049 I art     : Starting a blocking GC Explicit
08-04 13:51:01.936 21560 22049 I art     : Explicit concurrent mark sweep GC freed 3(96B) AllocSpace objects, 0(0B) LOS objects, 23% free, 53MB/69MB, paused 252us total 15.939ms
08-04 13:51:01.943 21560 22049 I art     : Starting a blocking GC Explicit
08-04 13:51:01.958 21560 22049 I art     : Explicit concurrent mark sweep GC freed 3(96B) AllocSpace objects, 0(0B) LOS objects, 23% free, 53MB/69MB, paused 229us total 14.778ms
08-04 13:51:02.280 21560 21599 I art     : Starting a blocking GC Explicit
08-04 13:51:02.305 21560 21599 I art     : Explicit concurrent mark sweep GC freed 1341(78KB) AllocSpace objects, 1(20KB) LOS objects, 23% free, 53MB/69MB, paused 296us total 24.227ms
08-04 13:51:02.316 21560 21599 I art     : Starting a blocking GC Explicit
08-04 13:51:02.332 21560 21599 I art     : Explicit concurrent mark sweep GC freed 20(704B) AllocSpace objects, 0(0B) LOS objects, 23% free, 53MB/69MB, paused 243us total 15.367ms
08-04 13:51:02.339 21560 21599 I art     : Starting a blocking GC Explicit
08-04 13:51:02.354 21560 21599 I art     : Explicit concurrent mark sweep GC freed 3(96B) AllocSpace objects, 0(0B) LOS objects, 23% free, 53MB/69MB, paused 232us total 14.887ms
08-04 13:51:02.360 21560 21599 I art     : Starting a blocking GC Explicit
08-04 13:51:02.375 21560 21599 I art     : Explicit concurrent mark sweep GC freed 3(96B) AllocSpace objects, 0(0B) LOS objects, 23% free, 53MB/69MB, paused 264us total 14.688ms
08-04 13:51:02.382 21560 21599 I art     : Starting a blocking GC Explicit
08-04 13:51:02.397 21560 21599 I art     : Explicit concurrent mark sweep GC freed 3(96B) AllocSpace objects, 0(0B) LOS objects, 23% free, 53MB/69MB, paused 286us total 14.563ms
08-04 13:51:02.708 21560 21573 I art     : Starting a blocking GC Explicit
08-04 13:51:02.728 21560 21573 I art     : Explicit concurrent mark sweep GC freed 1341(78KB) AllocSpace objects, 1(20KB) LOS objects, 23% free, 53MB/69MB, paused 286us total 20.032ms
08-04 13:51:02.740 21560 21573 I art     : Starting a blocking GC Explicit
08-04 13:51:02.755 21560 21573 I art     : Explicit concurrent mark sweep GC freed 20(704B) AllocSpace objects, 0(0B) LOS objects, 23% free, 53MB/69MB, paused 237us total 15.002ms
08-04 13:51:02.762 21560 21573 I art     : Starting a blocking GC Explicit
08-04 13:51:02.777 21560 21573 I art     : Explicit concurrent mark sweep GC freed 3(96B) AllocSpace objects, 0(0B) LOS objects, 23% free, 53MB/69MB, paused 261us total 14.961ms
08-04 13:51:02.784 21560 21573 I art     : Starting a blocking GC Explicit
08-04 13:51:02.799 21560 21573 I art     : Explicit concurrent mark sweep GC freed 3(96B) AllocSpace objects, 0(0B) LOS objects, 23% free, 53MB/69MB, paused 233us total 14.955ms
08-04 13:51:02.805 21560 21573 I art     : Starting a blocking GC Explicit
08-04 13:51:02.821 21560 21573 I art     : Explicit concurrent mark sweep GC freed 3(96B) AllocSpace objects, 0(0B) LOS objects, 23% free, 53MB/69MB, paused 272us total 15.470ms
08-04 13:51:03.053   918  3261 D WifiStateMachine: starting scan for "H369AA63323"WPA_PSK with 2412,5180
08-04 13:51:03.133 21560 21572 I art     : Starting a blocking GC Explicit
08-04 13:51:03.152 21560 21572 I art     : Explicit concurrent mark sweep GC freed 1341(78KB) AllocSpace objects, 1(20KB) LOS objects, 23% free, 53MB/69MB, paused 252us total 18.136ms
08-04 13:51:03.159 21560 21572 I art     : Starting a blocking GC Explicit
08-04 13:51:03.175 21560 21572 I art     : Explicit concurrent mark sweep GC freed 20(704B) AllocSpace objects, 0(0B) LOS objects, 23% free, 53MB/69MB, paused 272us total 15.969ms
08-04 13:51:03.182 21560 21572 I art     : Starting a blocking GC Explicit
08-04 13:51:03.198 21560 21572 I art     : Explicit concurrent mark sweep GC freed 3(96B) AllocSpace objects, 0(0B) LOS objects, 23% free, 53MB/69MB, paused 237us total 15.180ms
08-04 13:51:03.204 21560 21572 I art     : Starting a blocking GC Explicit
08-04 13:51:03.220 21560 21572 I art     : Explicit concurrent mark sweep GC freed 3(96B) AllocSpace objects, 0(0B) LOS objects, 23% free, 53MB/69MB, paused 231us total 15.061ms
08-04 13:51:03.226 21560 21572 I art     : Starting a blocking GC Explicit
08-04 13:51:03.242 21560 21572 I art     : Explicit concurrent mark sweep GC freed 3(96B) AllocSpace objects, 0(0B) LOS objects, 23% free, 53MB/69MB, paused 236us total 15.226ms
08-04 13:51:03.545 21560 22049 I art     : Starting a blocking GC Explicit
08-04 13:51:03.566 21560 22049 I art     : Explicit concurrent mark sweep GC freed 1341(78KB) AllocSpace objects, 1(20KB) LOS objects, 23% free, 53MB/69MB, paused 269us total 20.529ms
08-04 13:51:03.576 21560 22049 I art     : Starting a blocking GC Explicit
08-04 13:51:03.592 21560 22049 I art     : Explicit concurrent mark sweep GC freed 20(704B) AllocSpace objects, 0(0B) LOS objects, 23% free, 53MB/69MB, paused 238us total 15.449ms
08-04 13:51:03.598 21560 22049 I art     : Starting a blocking GC Explicit
08-04 13:51:03.614 21560 22049 I art     : Explicit concurrent mark sweep GC freed 3(96B) AllocSpace objects, 0(0B) LOS objects, 23% free, 53MB/69MB, paused 260us total 15.342ms
08-04 13:51:03.621 21560 22049 I art     : Starting a blocking GC Explicit
08-04 13:51:03.636 21560 22049 I art     : Explicit concurrent mark sweep GC freed 3(96B) AllocSpace objects, 0(0B) LOS objects, 23% free, 53MB/69MB, paused 256us total 14.915ms
08-04 13:51:03.643 21560 22049 I art     : Starting a blocking GC Explicit
08-04 13:51:03.658 21560 22049 I art     : Explicit concurrent mark sweep GC freed 3(96B) AllocSpace objects, 0(0B) LOS objects, 23% free, 53MB/69MB, paused 229us total 15.012ms
08-04 13:51:03.964 21560 21599 I art     : Starting a blocking GC Explicit
08-04 13:51:03.985 21560 21599 I art     : Explicit concurrent mark sweep GC freed 1341(78KB) AllocSpace objects, 1(20KB) LOS objects, 23% free, 53MB/69MB, paused 264us total 20.734ms
08-04 13:51:03.995 21560 21599 I art     : Starting a blocking GC Explicit
08-04 13:51:04.010 21560 21599 I art     : Explicit concurrent mark sweep GC freed 20(704B) AllocSpace objects, 0(0B) LOS objects, 23% free, 53MB/69MB, paused 243us total 15.376ms
08-04 13:51:04.017 21560 21599 I art     : Starting a blocking GC Explicit
08-04 13:51:04.033 21560 21599 I art     : Explicit concurrent mark sweep GC freed 3(96B) AllocSpace objects, 0(0B) LOS objects, 23% free, 53MB/69MB, paused 233us total 15.335ms
08-04 13:51:04.040 21560 21599 I art     : Starting a blocking GC Explicit
08-04 13:51:04.055 21560 21599 I art     : Explicit concurrent mark sweep GC freed 3(96B) AllocSpace objects, 0(0B) LOS objects, 23% free, 53MB/69MB, paused 232us total 15.197ms
08-04 13:51:04.062 21560 21599 I art     : Starting a blocking GC Explicit
08-04 13:51:04.078 21560 21599 I art     : Explicit concurrent mark sweep GC freed 3(96B) AllocSpace objects, 0(0B) LOS objects, 23% free, 53MB/69MB, paused 372us total 15.715ms
08-04 13:51:04.357 21560 21573 I art     : Starting a blocking GC Explicit
08-04 13:51:04.377 21560 21573 I art     : Explicit concurrent mark sweep GC freed 1341(78KB) AllocSpace objects, 1(20KB) LOS objects, 23% free, 53MB/69MB, paused 270us total 19.983ms
08-04 13:51:04.388 21560 21573 I art     : Starting a blocking GC Explicit
08-04 13:51:04.404 21560 21573 I art     : Explicit concurrent mark sweep GC freed 20(704B) AllocSpace objects, 0(0B) LOS objects, 23% free, 53MB/69MB, paused 244us total 15.711ms
08-04 13:51:04.410 21560 21573 I art     : Starting a blocking GC Explicit
08-04 13:51:04.426 21560 21573 I art     : Explicit concurrent mark sweep GC freed 3(96B) AllocSpace objects, 0(0B) LOS objects, 23% free, 53MB/69MB, paused 237us total 15.183ms
08-04 13:51:04.433 21560 21573 I art     : Starting a blocking GC Explicit
08-04 13:51:04.447 21560 21573 I art     : Explicit concurrent mark sweep GC freed 3(96B) AllocSpace objects, 0(0B) LOS objects, 23% free, 53MB/69MB, paused 244us total 14.540ms
08-04 13:51:04.454 21560 21573 I art     : Starting a blocking GC Explicit
08-04 13:51:04.469 21560 21573 I art     : Explicit concurrent mark sweep GC freed 3(96B) AllocSpace objects, 0(0B) LOS objects, 23% free, 53MB/69MB, paused 213us total 14.571ms
08-04 13:51:04.615 17572 17572 I ServiceManager: Waiting for service AtCmdFwd...
08-04 13:51:04.743 21560 21572 I art     : Starting a blocking GC Explicit
08-04 13:51:04.758 21560 21572 I art     : Explicit concurrent mark sweep GC freed 1341(78KB) AllocSpace objects, 1(20KB) LOS objects, 23% free, 53MB/69MB, paused 253us total 15.235ms
08-04 13:51:04.765 21560 21572 I art     : Starting a blocking GC Explicit
08-04 13:51:04.779 21560 21572 I art     : Explicit concurrent mark sweep GC freed 20(704B) AllocSpace objects, 0(0B) LOS objects, 23% free, 53MB/69MB, paused 236us total 13.997ms
08-04 13:51:04.786 21560 21572 I art     : Starting a blocking GC Explicit
08-04 13:51:04.797 22346 22346 D AndroidRuntime: >>>>>> START com.android.internal.os.RuntimeInit uid 2000 <<<<<<
08-04 13:51:04.800 21560 21572 I art     : Explicit concurrent mark sweep GC freed 3(96B) AllocSpace objects, 0(0B) LOS objects, 23% free, 53MB/69MB, paused 249us total 14.509ms
08-04 13:51:04.801 22346 22346 D AndroidRuntime: CheckJNI is OFF
08-04 13:51:04.807 21560 21572 I art     : Starting a blocking GC Explicit
08-04 13:51:04.821 21560 21572 I art     : Explicit concurrent mark sweep GC freed 3(96B) AllocSpace objects, 0(0B) LOS objects, 23% free, 53MB/69MB, paused 281us total 14.153ms
08-04 13:51:04.828 21560 21572 I art     : Starting a blocking GC Explicit
08-04 13:51:04.830 22346 22346 D ICU     : No timezone override file found: /data/misc/zoneinfo/current/icu/icu_tzdata.dat
08-04 13:51:04.842 21560 21572 I art     : Explicit concurrent mark sweep GC freed 3(96B) AllocSpace objects, 0(0B) LOS objects, 23% free, 53MB/69MB, paused 246us total 14.148ms
08-04 13:51:04.856 22346 22346 I Radio-JNI: register_android_hardware_Radio DONE
08-04 13:51:04.871 22346 22346 D AndroidRuntime: Calling main entry com.android.commands.input.Input
08-04 13:51:04.872 22346 22346 I Input   : injectKeyEvent: KeyEvent { action=ACTION_DOWN, keyCode=KEYCODE_BACK, scanCode=0, metaState=0, flags=0x0, repeatCount=0, eventTime=712281285, downTime=712281285, deviceId=-1, source=0x101 }
08-04 13:51:04.880 22346 22346 I Input   : injectKeyEvent: KeyEvent { action=ACTION_UP, keyCode=KEYCODE_BACK, scanCode=0, metaState=0, flags=0x0, repeatCount=0, eventTime=712281285, downTime=712281285, deviceId=-1, source=0x101 }
08-04 13:51:04.886 22346 22346 D AndroidRuntime: Shutting down VM
08-04 13:51:04.926 13866 13866 I GoogleInputMethodServic: GoogleInputMethodService.onFinishInput():3138 
08-04 13:51:04.927 13866 13866 I GoogleInputMethodServic: GoogleInputMethodService.onStartInput():1808 
08-04 13:51:05.082 21560 22049 I art     : Starting a blocking GC Explicit
08-04 13:51:05.104 21560 22049 I art     : Explicit concurrent mark sweep GC freed 1516(86KB) AllocSpace objects, 1(20KB) LOS objects, 23% free, 53MB/69MB, paused 305us total 21.602ms
08-04 13:51:05.111 21560 22049 I art     : Starting a blocking GC Explicit
08-04 13:51:05.128 21560 22049 I art     : Explicit concurrent mark sweep GC freed 26(944B) AllocSpace objects, 0(0B) LOS objects, 23% free, 53MB/69MB, paused 219us total 16.383ms
08-04 13:51:05.137 21560 22049 I art     : Starting a blocking GC Explicit
08-04 13:51:05.155 21560 22049 I art     : Explicit concurrent mark sweep GC freed 3(96B) AllocSpace objects, 0(0B) LOS objects, 23% free, 53MB/69MB, paused 250us total 17.773ms
08-04 13:51:05.162 21560 22049 I art     : Starting a blocking GC Explicit
08-04 13:51:05.178 21560 22049 I art     : Explicit concurrent mark sweep GC freed 3(96B) AllocSpace objects, 0(0B) LOS objects, 23% free, 53MB/69MB, paused 219us total 16.214ms
08-04 13:51:05.188 21560 22049 I art     : Starting a blocking GC Explicit
08-04 13:51:05.202 21560 22049 I art     : Explicit concurrent mark sweep GC freed 3(96B) AllocSpace objects, 0(0B) LOS objects, 23% free, 53MB/69MB, paused 223us total 14.197ms
08-04 13:51:05.211   380   380 W SurfaceFlinger: couldn't log to binary event log: overflow.
08-04 13:51:05.475 21560 21599 I art     : Starting a blocking GC Explicit
08-04 13:51:05.498 21560 21599 I art     : Explicit concurrent mark sweep GC freed 1450(87KB) AllocSpace objects, 1(20KB) LOS objects, 23% free, 53MB/69MB, paused 318us total 22.375ms
08-04 13:51:05.505 21560 21599 I art     : Starting a blocking GC Explicit
08-04 13:51:05.520 21560 21599 I art     : Explicit concurrent mark sweep GC freed 1672(107KB) AllocSpace objects, 3(400KB) LOS objects, 23% free, 52MB/68MB, paused 227us total 15.340ms
08-04 13:51:05.528 21560 21599 I art     : Starting a blocking GC Explicit
08-04 13:51:05.543 21560 21599 I art     : Explicit concurrent mark sweep GC freed 3(96B) AllocSpace objects, 0(0B) LOS objects, 23% free, 52MB/68MB, paused 229us total 13.999ms
08-04 13:51:05.549 21560 21599 I art     : Starting a blocking GC Explicit
08-04 13:51:05.564 21560 21599 I art     : Explicit concurrent mark sweep GC freed 3(96B) AllocSpace objects, 0(0B) LOS objects, 23% free, 52MB/68MB, paused 223us total 15.079ms
08-04 13:51:05.571 21560 21599 I art     : Starting a blocking GC Explicit
08-04 13:51:05.585 21560 21599 I art     : Explicit concurrent mark sweep GC freed 3(96B) AllocSpace objects, 0(0B) LOS objects, 23% free, 52MB/68MB, paused 228us total 13.996ms
08-04 13:51:05.615 17572 17572 I ServiceManager: Waiting for service AtCmdFwd...
08-04 13:51:05.863 21560 21572 I art     : Starting a blocking GC Explicit
08-04 13:51:05.883 21560 21572 I art     : Explicit concurrent mark sweep GC freed 1341(78KB) AllocSpace objects, 1(20KB) LOS objects, 23% free, 52MB/68MB, paused 281us total 19.895ms
08-04 13:51:05.892 21560 21572 I art     : Starting a blocking GC Explicit
08-04 13:51:05.907 21560 21572 I art     : Explicit concurrent mark sweep GC freed 20(704B) AllocSpace objects, 0(0B) LOS objects, 23% free, 52MB/68MB, paused 275us total 14.871ms
08-04 13:51:05.914 21560 21572 I art     : Starting a blocking GC Explicit
08-04 13:51:05.929 21560 21572 I art     : Explicit concurrent mark sweep GC freed 3(96B) AllocSpace objects, 0(0B) LOS objects, 23% free, 52MB/68MB, paused 238us total 14.993ms
08-04 13:51:05.935 21560 21572 I art     : Starting a blocking GC Explicit
08-04 13:51:05.950 21560 21572 I art     : Explicit concurrent mark sweep GC freed 3(96B) AllocSpace objects, 0(0B) LOS objects, 23% free, 52MB/68MB, paused 234us total 13.973ms
08-04 13:51:05.956 21560 21572 I art     : Starting a blocking GC Explicit
08-04 13:51:05.970 21560 21572 I art     : Explicit concurrent mark sweep GC freed 3(96B) AllocSpace objects, 0(0B) LOS objects, 23% free, 52MB/68MB, paused 221us total 14.109ms
08-04 13:51:06.237 21560 21573 I art     : Starting a blocking GC Explicit
08-04 13:51:06.252 21560 21573 I art     : Explicit concurrent mark sweep GC freed 1340(78KB) AllocSpace objects, 1(20KB) LOS objects, 23% free, 52MB/68MB, paused 274us total 15.058ms
08-04 13:51:06.260 21560 21573 I art     : Starting a blocking GC Explicit
08-04 13:51:06.274 21560 21573 I art     : Explicit concurrent mark sweep GC freed 20(704B) AllocSpace objects, 0(0B) LOS objects, 23% free, 52MB/68MB, paused 245us total 13.659ms
08-04 13:51:06.280 21560 21573 I art     : Starting a blocking GC Explicit
08-04 13:51:06.294 21560 21573 I art     : Explicit concurrent mark sweep GC freed 3(96B) AllocSpace objects, 0(0B) LOS objects, 23% free, 52MB/68MB, paused 224us total 13.582ms
08-04 13:51:06.300 21560 21573 I art     : Starting a blocking GC Explicit
08-04 13:51:06.313 21560 21573 I art     : Explicit concurrent mark sweep GC freed 3(96B) AllocSpace objects, 0(0B) LOS objects, 23% free, 52MB/68MB, paused 236us total 13.264ms
08-04 13:51:06.319 21560 21573 I art     : Starting a blocking GC Explicit
08-04 13:51:06.333 21560 21573 I art     : Explicit concurrent mark sweep GC freed 3(96B) AllocSpace objects, 0(0B) LOS objects, 23% free, 52MB/68MB, paused 236us total 13.274ms
08-04 13:51:06.455 22401 22401 D AndroidRuntime: >>>>>> START com.android.internal.os.RuntimeInit uid 2000 <<<<<<
08-04 13:51:06.463 22401 22401 D AndroidRuntime: CheckJNI is OFF
08-04 13:51:06.490 22401 22401 D ICU     : No timezone override file found: /data/misc/zoneinfo/current/icu/icu_tzdata.dat
08-04 13:51:06.515 22401 22401 I Radio-JNI: register_android_hardware_Radio DONE
08-04 13:51:06.531 22401 22401 D AndroidRuntime: Calling main entry com.android.commands.input.Input
08-04 13:51:06.532 22401 22401 I Input   : injectMotionEvent: MotionEvent { action=ACTION_DOWN, actionButton=0, id[0]=0, x[0]=733.0, y[0]=1370.0, toolType[0]=TOOL_TYPE_UNKNOWN, buttonState=0, metaState=0, flags=0x0, edgeFlags=0x0, pointerCount=1, historySize=0, eventTime=712282945, downTime=712282945, deviceId=0, source=0x1002 }
08-04 13:51:06.536 22401 22401 I Input   : injectMotionEvent: MotionEvent { action=ACTION_UP, actionButton=0, id[0]=0, x[0]=733.0, y[0]=1370.0, toolType[0]=TOOL_TYPE_UNKNOWN, buttonState=0, metaState=0, flags=0x0, edgeFlags=0x0, pointerCount=1, historySize=0, eventTime=712282945, downTime=712282945, deviceId=0, source=0x1002 }
08-04 13:51:06.538   918  6112 I ActivityManager: START u0 {cmp=baseline.appteam.nith.hillffair/.activities.ClubActivity (has extras)} from uid 10651 on display 0
08-04 13:51:06.548 22401 22401 D AndroidRuntime: Shutting down VM
08-04 13:51:06.591 21560 21573 I art     : Starting a blocking GC Explicit
08-04 13:51:06.606 21560 21573 I art     : Explicit concurrent mark sweep GC freed 4716(277KB) AllocSpace objects, 1(20KB) LOS objects, 23% free, 52MB/68MB, paused 278us total 14.740ms
08-04 13:51:06.612 21560 21573 I art     : Starting a blocking GC Explicit
08-04 13:51:06.615 17572 17572 I ServiceManager: Waiting for service AtCmdFwd...
08-04 13:51:06.627 21560 21573 I art     : Explicit concurrent mark sweep GC freed 348(14KB) AllocSpace objects, 0(0B) LOS objects, 23% free, 52MB/68MB, paused 415us total 15.016ms
08-04 13:51:06.634 21560 21573 I art     : Starting a blocking GC Explicit
08-04 13:51:06.637   918   936 I ActivityManager: Displayed baseline.appteam.nith.hillffair/.activities.ClubActivity: +89ms
08-04 13:51:06.638 13866 13866 I GoogleInputMethodServic: GoogleInputMethodService.onFinishInput():3138 
08-04 13:51:06.638 13866 13866 I GoogleInputMethodServic: GoogleInputMethodService.onStartInput():1808 
08-04 13:51:06.648 21560 21573 I art     : Explicit concurrent mark sweep GC freed 102(6KB) AllocSpace objects, 0(0B) LOS objects, 23% free, 52MB/68MB, paused 340us total 13.690ms
08-04 13:51:06.655 21560 21573 I art     : Starting a blocking GC Explicit
08-04 13:51:06.673 21560 21573 I art     : Explicit concurrent mark sweep GC freed 18(784B) AllocSpace objects, 0(0B) LOS objects, 23% free, 52MB/68MB, paused 290us total 17.074ms
08-04 13:51:06.679 21560 21573 I art     : Starting a blocking GC Explicit
08-04 13:51:06.693 21560 21573 I art     : Explicit concurrent mark sweep GC freed 12(480B) AllocSpace objects, 0(0B) LOS objects, 23% free, 52MB/68MB, paused 295us total 13.854ms
08-04 13:51:06.896   380   380 W SurfaceFlinger: couldn't log to binary event log: overflow.
08-04 13:51:06.948 21560 22049 I art     : Starting a blocking GC Explicit
08-04 13:51:06.963 21560 22049 I art     : Explicit concurrent mark sweep GC freed 1341(78KB) AllocSpace objects, 1(20KB) LOS objects, 23% free, 52MB/68MB, paused 243us total 14.230ms
08-04 13:51:06.969 21560 22049 I art     : Starting a blocking GC Explicit
08-04 13:51:06.983 21560 22049 I art     : Explicit concurrent mark sweep GC freed 20(704B) AllocSpace objects, 0(0B) LOS objects, 23% free, 52MB/68MB, paused 246us total 13.410ms
08-04 13:51:06.989 21560 22049 I art     : Starting a blocking GC Explicit
08-04 13:51:07.003 21560 22049 I art     : Explicit concurrent mark sweep GC freed 3(96B) AllocSpace objects, 0(0B) LOS objects, 23% free, 52MB/68MB, paused 245us total 13.503ms
08-04 13:51:07.009 21560 22049 I art     : Starting a blocking GC Explicit
08-04 13:51:07.025 21560 22049 I art     : Explicit concurrent mark sweep GC freed 100(5KB) AllocSpace objects, 0(0B) LOS objects, 23% free, 52MB/68MB, paused 300us total 15.727ms
08-04 13:51:07.031 21560 22049 I art     : Starting a blocking GC Explicit
08-04 13:51:07.046 21560 22049 I art     : Explicit concurrent mark sweep GC freed 10(352B) AllocSpace objects, 0(0B) LOS objects, 23% free, 52MB/68MB, paused 373us total 14.905ms
08-04 13:51:07.172   918   918 I ActivityManager: Start proc 22446:com.google.android.calendar/u0a36 for service com.google.android.calendar/com.google.android.libraries.notifications.entrypoints.scheduled.ScheduledTaskService
08-04 13:51:07.238 22446 22446 W System  : ClassLoader referenced unknown path: /data/app/com.google.android.calendar-2/lib/arm64
08-04 13:51:07.306 21560 22049 I art     : Starting a blocking GC Explicit
08-04 13:51:07.322 21560 22049 I art     : Explicit concurrent mark sweep GC freed 1394(80KB) AllocSpace objects, 1(20KB) LOS objects, 23% free, 52MB/68MB, paused 291us total 14.996ms
08-04 13:51:07.327 21560 22049 I art     : Starting a blocking GC Explicit
08-04 13:51:07.340 21560 22049 I art     : Explicit concurrent mark sweep GC freed 57(1920B) AllocSpace objects, 0(0B) LOS objects, 23% free, 52MB/68MB, paused 235us total 12.357ms
08-04 13:51:07.346 21560 22049 I art     : Starting a blocking GC Explicit
08-04 13:51:07.360 21560 22049 I art     : Explicit concurrent mark sweep GC freed 1005(70KB) AllocSpace objects, 0(0B) LOS objects, 23% free, 53MB/69MB, paused 389us total 13.983ms
08-04 13:51:07.366 21560 22049 I art     : Starting a blocking GC Explicit
08-04 13:51:07.370 21560 22432 D OkHttp  : --> GET https://api-hillfair-2k16.herokuapp.com/api/app/events/special/event?id=580655cddcba0f490c70fdd0 http/1.1
08-04 13:51:07.378 21560 22049 I art     : Explicit concurrent mark sweep GC freed 2301(149KB) AllocSpace objects, 3(200KB) LOS objects, 23% free, 53MB/69MB, paused 240us total 12.733ms
08-04 13:51:07.384 21560 22049 I art     : Starting a blocking GC Explicit
08-04 13:51:07.397 21560 22049 I art     : Explicit concurrent mark sweep GC freed 249(30KB) AllocSpace objects, 0(0B) LOS objects, 23% free, 52MB/68MB, paused 322us total 12.476ms
08-04 13:51:07.401 21560 22432 D OkHttp  : <-- 200 OK https://api-hillfair-2k16.herokuapp.com/api/app/events/special/event?id=580655cddcba0f490c70fdd0 (30ms, 721-byte body)
08-04 13:51:07.465 21560 21560 I NAPPA_EXPERIMENTATION: MetricNetworkRequestExecutionTime: REQUEST_DURATION_SYSTEM='893',REQUEST_DURATION_OKHTTP='31',REQUEST_SYNCHRONOUS='FALSE',RESPONSE_CODE='200',RESPONSE_METHOD='GET',RESPONSE_LENGTH_OKHTTP='721',RESPONSE_LENGTH_HEADER='721',REQUEST_PROTOCOL='http/1.1',REQUEST_URL='https://api-hillfair-2k16.herokuapp.com/api/app/events/special/event?id=580655cddcba0f490c70fdd0',
08-04 13:51:07.544   918  5952 I ActivityManager: Start proc 22480:com.android.providers.calendar/u0a1 for content provider com.android.providers.calendar/.CalendarProvider2
08-04 13:51:07.553   918  5481 I AccountManagerService: getTypesVisibleToCaller: isPermitted? true
08-04 13:51:07.616 17572 17572 I ServiceManager: Waiting for service AtCmdFwd...
08-04 13:51:07.640 22480 22480 W System  : ClassLoader referenced unknown path: /system/priv-app/CalendarProvider/lib/arm64
08-04 13:51:07.644 21560 21573 I art     : Starting a blocking GC Explicit
08-04 13:51:07.657 21560 21573 I art     : Explicit concurrent mark sweep GC freed 2171(203KB) AllocSpace objects, 1(20KB) LOS objects, 23% free, 52MB/68MB, paused 224us total 13.404ms
08-04 13:51:07.663 21560 21573 I art     : Starting a blocking GC Explicit
08-04 13:51:07.676 21560 21573 I art     : Explicit concurrent mark sweep GC freed 96(3KB) AllocSpace objects, 0(0B) LOS objects, 23% free, 52MB/68MB, paused 217us total 12.805ms
08-04 13:51:07.682 21560 21573 I art     : Starting a blocking GC Explicit
08-04 13:51:07.694 21560 21573 I art     : Explicit concurrent mark sweep GC freed 3(96B) AllocSpace objects, 0(0B) LOS objects, 23% free, 52MB/68MB, paused 234us total 12.603ms
08-04 13:51:07.699 22480 22480 I CalendarProvider2: Created com.android.providers.calendar.CalendarAlarmManager@22b9060(com.android.providers.calendar.CalendarProvider2@cc9e919)
08-04 13:51:07.700 21560 21573 I art     : Starting a blocking GC Explicit
08-04 13:51:07.714 21560 21573 I art     : Explicit concurrent mark sweep GC freed 3(96B) AllocSpace objects, 0(0B) LOS objects, 23% free, 52MB/68MB, paused 289us total 12.878ms
08-04 13:51:07.719 21560 21573 I art     : Starting a blocking GC Explicit
08-04 13:51:07.732 21560 21573 I art     : Explicit concurrent mark sweep GC freed 3(96B) AllocSpace objects, 0(0B) LOS objects, 23% free, 52MB/68MB, paused 211us total 12.153ms
08-04 13:51:07.757   918  5952 I AccountManagerService: getTypesVisibleToCaller: isPermitted? true
08-04 13:51:07.779   918   929 I AccountManagerService: getTypesVisibleToCaller: isPermitted? true
08-04 13:51:07.799   918  6110 I AccountManagerService: getTypesVisibleToCaller: isPermitted? true
08-04 13:51:07.818   918  6111 I AccountManagerService: getTypesVisibleToCaller: isPermitted? true
08-04 13:51:07.908 22446 22513 I c.wtp   : Obtained writable database SQLiteDatabase/29121661 instance with path /data/user/0/com.google.android.calendar/databases/cal_v2a
08-04 13:51:07.924 22446 22512 I c.wrv   : The schema version is 15, the database version is 15, and there are 0 migrations
08-04 13:51:07.991 21560 21572 I art     : Starting a blocking GC Explicit
08-04 13:51:08.006 21560 21572 I art     : Explicit concurrent mark sweep GC freed 1341(78KB) AllocSpace objects, 1(20KB) LOS objects, 23% free, 52MB/68MB, paused 243us total 15.189ms
08-04 13:51:08.013 21560 21572 I art     : Starting a blocking GC Explicit
08-04 13:51:08.028 21560 21572 I art     : Explicit concurrent mark sweep GC freed 36(1264B) AllocSpace objects, 0(0B) LOS objects, 23% free, 52MB/68MB, paused 226us total 13.865ms
08-04 13:51:08.034 21560 21572 I art     : Starting a blocking GC Explicit
08-04 13:51:08.047 21560 21572 I art     : Explicit concurrent mark sweep GC freed 3(96B) AllocSpace objects, 0(0B) LOS objects, 23% free, 52MB/68MB, paused 206us total 13.267ms
08-04 13:51:08.053 21560 21572 I art     : Starting a blocking GC Explicit
08-04 13:51:08.066 21560 21572 I art     : Explicit concurrent mark sweep GC freed 3(96B) AllocSpace objects, 0(0B) LOS objects, 23% free, 52MB/68MB, paused 222us total 12.861ms
08-04 13:51:08.072 21560 21572 I art     : Starting a blocking GC Explicit
08-04 13:51:08.085 21560 21572 I art     : Explicit concurrent mark sweep GC freed 3(96B) AllocSpace objects, 0(0B) LOS objects, 23% free, 52MB/68MB, paused 209us total 12.561ms
08-04 13:51:08.213 22446 22446 W GrowthKit: Failed to get phenotypeManager in PhenotypeBroadcastReceiver
08-04 13:51:08.213 22446 22446 W GrowthKit: java.lang.NullPointerException: Unable to get GrowthKit Component from host app: com.google.android.calendar
08-04 13:51:08.213 22446 22446 W GrowthKit: 	at cal.pyf.a(PG:12)
08-04 13:51:08.213 22446 22446 W GrowthKit: 	at com.google.android.libraries.internal.growth.growthkit.internal.experiments.impl.PhenotypeBroadcastReceiver.onReceive(PG:3)
08-04 13:51:08.213 22446 22446 W GrowthKit: 	at android.app.ActivityThread.handleReceiver(ActivityThread.java:2725)
08-04 13:51:08.213 22446 22446 W GrowthKit: 	at android.app.ActivityThread.-wrap14(ActivityThread.java)
08-04 13:51:08.213 22446 22446 W GrowthKit: 	at android.app.ActivityThread$H.handleMessage(ActivityThread.java:1421)
08-04 13:51:08.213 22446 22446 W GrowthKit: 	at android.os.Handler.dispatchMessage(Handler.java:102)
08-04 13:51:08.213 22446 22446 W GrowthKit: 	at android.os.Looper.loop(Looper.java:148)
08-04 13:51:08.213 22446 22446 W GrowthKit: 	at android.app.ActivityThread.main(ActivityThread.java:5417)
08-04 13:51:08.213 22446 22446 W GrowthKit: 	at java.lang.reflect.Method.invoke(Native Method)
08-04 13:51:08.213 22446 22446 W GrowthKit: 	at com.android.internal.os.ZygoteInit$MethodAndArgsCaller.run(ZygoteInit.java:726)
08-04 13:51:08.213 22446 22446 W GrowthKit: 	at com.android.internal.os.ZygoteInit.main(ZygoteInit.java:616)
08-04 13:51:08.234   918  5481 I ActivityManager: Killing 12883:com.google.android.talk/u0a53 (adj 15): empty #17
08-04 13:51:08.343 21560 21599 I art     : Starting a blocking GC Explicit
08-04 13:51:08.366 21560 21599 I art     : Explicit concurrent mark sweep GC freed 1341(78KB) AllocSpace objects, 1(20KB) LOS objects, 23% free, 52MB/68MB, paused 306us total 22.504ms
08-04 13:51:08.376 21560 21599 I art     : Starting a blocking GC Explicit
08-04 13:51:08.396 21560 21599 I art     : Explicit concurrent mark sweep GC freed 20(704B) AllocSpace objects, 0(0B) LOS objects, 23% free, 52MB/68MB, paused 267us total 19.182ms
08-04 13:51:08.404 21560 21599 I art     : Starting a blocking GC Explicit
08-04 13:51:08.420 21560 21599 I art     : Explicit concurrent mark sweep GC freed 3(96B) AllocSpace objects, 0(0B) LOS objects, 23% free, 52MB/68MB, paused 243us total 15.620ms
08-04 13:51:08.427 21560 21599 I art     : Starting a blocking GC Explicit
08-04 13:51:08.443 21560 21599 I art     : Explicit concurrent mark sweep GC freed 3(96B) AllocSpace objects, 0(0B) LOS objects, 23% free, 52MB/68MB, paused 251us total 15.426ms
08-04 13:51:08.449 21560 21599 I art     : Starting a blocking GC Explicit
08-04 13:51:08.465 21560 21599 I art     : Explicit concurrent mark sweep GC freed 3(96B) AllocSpace objects, 0(0B) LOS objects, 23% free, 52MB/68MB, paused 246us total 15.251ms
08-04 13:51:08.616 17572 17572 I ServiceManager: Waiting for service AtCmdFwd...
08-04 13:51:08.781 21560 21573 I art     : Starting a blocking GC Explicit
08-04 13:51:08.803 22480 22480 I CalendarProvider2: Sending notification intent: Intent { act=android.intent.action.PROVIDER_CHANGED dat=content://com.android.calendar }
08-04 13:51:08.803 22480 22480 W ContentResolver: Failed to get type for: content://com.android.calendar (Unknown URL content://com.android.calendar)
08-04 13:51:08.809 21560 21573 I art     : Explicit concurrent mark sweep GC freed 1341(78KB) AllocSpace objects, 1(20KB) LOS objects, 23% free, 52MB/68MB, paused 339us total 27.434ms
08-04 13:51:08.817   918  3696 I ActivityManager: Killing 5886:com.android.keychain/1000 (adj 15): empty #17
08-04 13:51:08.824 21560 21573 I art     : Starting a blocking GC Explicit
08-04 13:51:08.838 21560 21573 I art     : Explicit concurrent mark sweep GC freed 20(704B) AllocSpace objects, 0(0B) LOS objects, 23% free, 52MB/68MB, paused 233us total 14.386ms
08-04 13:51:08.845 21560 21573 I art     : Starting a blocking GC Explicit
08-04 13:51:08.859 21560 21573 I art     : Explicit concurrent mark sweep GC freed 3(96B) AllocSpace objects, 0(0B) LOS objects, 23% free, 52MB/68MB, paused 231us total 14.440ms
08-04 13:51:08.865 21560 21573 I art     : Starting a blocking GC Explicit
08-04 13:51:08.879 21560 21573 I art     : Explicit concurrent mark sweep GC freed 3(96B) AllocSpace objects, 0(0B) LOS objects, 23% free, 52MB/68MB, paused 259us total 13.706ms
08-04 13:51:08.883 24577 22564 I IcingInternalCorpora: Received calendar change notification.
08-04 13:51:08.885 21560 21573 I art     : Starting a blocking GC Explicit
08-04 13:51:08.899 21560 21573 I art     : Explicit concurrent mark sweep GC freed 3(96B) AllocSpace objects, 0(0B) LOS objects, 23% free, 52MB/68MB, paused 220us total 13.141ms
08-04 13:51:09.063   518   646 I ThermalEngine: ACTION: GPU - Setting GPU[0] to 510000000
08-04 13:51:09.088  2075  2092 I WM-GreedyScheduler: Ignoring schedule request in non-main process
08-04 13:51:09.153 21560 22049 I art     : Starting a blocking GC Explicit
08-04 13:51:09.160  2075  2092 I WM-GreedyScheduler: Ignoring schedule request in non-main process
08-04 13:51:09.171 21560 22049 I art     : Explicit concurrent mark sweep GC freed 1341(78KB) AllocSpace objects, 1(20KB) LOS objects, 23% free, 52MB/68MB, paused 330us total 17.986ms
08-04 13:51:09.179 21560 22049 I art     : Starting a blocking GC Explicit
08-04 13:51:09.190  2075  2092 I WM-GreedyScheduler: Ignoring schedule request in non-main process
08-04 13:51:09.197 21560 22049 I art     : Explicit concurrent mark sweep GC freed 20(704B) AllocSpace objects, 0(0B) LOS objects, 23% free, 52MB/68MB, paused 340us total 18.521ms
08-04 13:51:09.206 21560 22049 I art     : Starting a blocking GC Explicit
08-04 13:51:09.225 21560 22049 I art     : Explicit concurrent mark sweep GC freed 3(96B) AllocSpace objects, 0(0B) LOS objects, 23% free, 52MB/68MB, paused 320us total 18.691ms
08-04 13:51:09.233 21560 22049 I art     : Starting a blocking GC Explicit
08-04 13:51:09.252 21560 22049 I art     : Explicit concurrent mark sweep GC freed 3(96B) AllocSpace objects, 0(0B) LOS objects, 23% free, 52MB/68MB, paused 344us total 18.986ms
08-04 13:51:09.260 21560 22049 I art     : Starting a blocking GC Explicit
08-04 13:51:09.280 21560 22049 I art     : Explicit concurrent mark sweep GC freed 3(96B) AllocSpace objects, 0(0B) LOS objects, 23% free, 52MB/68MB, paused 342us total 18.872ms
08-04 13:51:09.590 21560 21572 I art     : Starting a blocking GC Explicit
08-04 13:51:09.615 21560 21572 I art     : Explicit concurrent mark sweep GC freed 1341(78KB) AllocSpace objects, 1(20KB) LOS objects, 23% free, 52MB/68MB, paused 337us total 24.194ms
08-04 13:51:09.617 17572 17572 W Atfwd_Sendcmd: AtCmdFwd service not published, waiting... retryCnt : 5
08-04 13:51:09.627 21560 21572 I art     : Starting a blocking GC Explicit
08-04 13:51:09.647 21560 21572 I art     : Explicit concurrent mark sweep GC freed 20(704B) AllocSpace objects, 0(0B) LOS objects, 23% free, 52MB/68MB, paused 400us total 19.329ms
08-04 13:51:09.655 21560 21572 I art     : Starting a blocking GC Explicit
08-04 13:51:09.674 21560 21572 I art     : Explicit concurrent mark sweep GC freed 3(96B) AllocSpace objects, 0(0B) LOS objects, 23% free, 52MB/68MB, paused 324us total 18.691ms
08-04 13:51:09.683 21560 21572 I art     : Starting a blocking GC Explicit
08-04 13:51:09.703 21560 21572 I art     : Explicit concurrent mark sweep GC freed 3(96B) AllocSpace objects, 0(0B) LOS objects, 23% free, 52MB/68MB, paused 341us total 19.663ms
08-04 13:51:09.711 21560 21572 I art     : Starting a blocking GC Explicit
08-04 13:51:09.730 21560 21572 I art     : Explicit concurrent mark sweep GC freed 3(96B) AllocSpace objects, 0(0B) LOS objects, 23% free, 52MB/68MB, paused 317us total 18.854ms
08-04 13:51:09.959 24577 22341 I IcingInternalCorpora: EventIndexer: starting incremental update
08-04 13:51:09.960 24577 22341 I IcingInternalCorpora: EventIndexer: 0 added, 0 removed, 0 changed, 0 unchanged, 0 errors.
08-04 13:51:09.960 24577 22341 I IcingInternalCorpora: EventIndexer: finished after 1 ms.
08-04 13:51:10.049 21560 21599 I art     : Starting a blocking GC Explicit
08-04 13:51:10.070 21560 21599 I art     : Explicit concurrent mark sweep GC freed 1341(78KB) AllocSpace objects, 1(20KB) LOS objects, 23% free, 52MB/68MB, paused 368us total 20.869ms
08-04 13:51:10.082 21560 21599 I art     : Starting a blocking GC Explicit
08-04 13:51:10.102 21560 21599 I art     : Explicit concurrent mark sweep GC freed 20(704B) AllocSpace objects, 0(0B) LOS objects, 23% free, 52MB/68MB, paused 319us total 20.224ms
08-04 13:51:10.111 21560 21599 I art     : Starting a blocking GC Explicit
08-04 13:51:10.130 21560 21599 I art     : Explicit concurrent mark sweep GC freed 3(96B) AllocSpace objects, 0(0B) LOS objects, 23% free, 52MB/68MB, paused 330us total 19.056ms
08-04 13:51:10.139 21560 21599 I art     : Starting a blocking GC Explicit
08-04 13:51:10.158 21560 21599 I art     : Explicit concurrent mark sweep GC freed 3(96B) AllocSpace objects, 0(0B) LOS objects, 23% free, 52MB/68MB, paused 326us total 19.315ms
08-04 13:51:10.167 21560 21599 I art     : Starting a blocking GC Explicit
08-04 13:51:10.186 21560 21599 I art     : Explicit concurrent mark sweep GC freed 3(96B) AllocSpace objects, 0(0B) LOS objects, 23% free, 52MB/68MB, paused 321us total 19.534ms
08-04 13:51:10.495 21560 21573 I art     : Starting a blocking GC Explicit
08-04 13:51:10.515 21560 21573 I art     : Explicit concurrent mark sweep GC freed 1341(78KB) AllocSpace objects, 1(20KB) LOS objects, 23% free, 52MB/68MB, paused 346us total 18.993ms
08-04 13:51:10.523 21560 21573 I art     : Starting a blocking GC Explicit
08-04 13:51:10.542 21560 21573 I art     : Explicit concurrent mark sweep GC freed 20(704B) AllocSpace objects, 0(0B) LOS objects, 23% free, 52MB/68MB, paused 322us total 18.965ms
08-04 13:51:10.550 21560 21573 I art     : Starting a blocking GC Explicit
08-04 13:51:10.569 21560 21573 I art     : Explicit concurrent mark sweep GC freed 3(96B) AllocSpace objects, 0(0B) LOS objects, 23% free, 52MB/68MB, paused 382us total 18.370ms
08-04 13:51:10.577 21560 21573 I art     : Starting a blocking GC Explicit
08-04 13:51:10.597 21560 21573 I art     : Explicit concurrent mark sweep GC freed 3(96B) AllocSpace objects, 0(0B) LOS objects, 23% free, 52MB/68MB, paused 327us total 19.010ms
08-04 13:51:10.605 21560 21573 I art     : Starting a blocking GC Explicit
08-04 13:51:10.624 21560 21573 I art     : Explicit concurrent mark sweep GC freed 3(96B) AllocSpace objects, 0(0B) LOS objects, 23% free, 52MB/68MB, paused 334us total 18.704ms
08-04 13:51:10.906 21560 22049 I art     : Starting a blocking GC Explicit
08-04 13:51:10.925 21560 22049 I art     : Explicit concurrent mark sweep GC freed 1341(78KB) AllocSpace objects, 1(20KB) LOS objects, 23% free, 52MB/68MB, paused 336us total 19.582ms
08-04 13:51:10.934 21560 22049 I art     : Starting a blocking GC Explicit
08-04 13:51:10.953 21560 22049 I art     : Explicit concurrent mark sweep GC freed 20(704B) AllocSpace objects, 0(0B) LOS objects, 23% free, 52MB/68MB, paused 365us total 18.570ms
08-04 13:51:10.961 21560 22049 I art     : Starting a blocking GC Explicit
08-04 13:51:10.980 21560 22049 I art     : Explicit concurrent mark sweep GC freed 3(96B) AllocSpace objects, 0(0B) LOS objects, 23% free, 52MB/68MB, paused 324us total 18.868ms
08-04 13:51:10.988 21560 22049 I art     : Starting a blocking GC Explicit
08-04 13:51:11.007 21560 22049 I art     : Explicit concurrent mark sweep GC freed 3(96B) AllocSpace objects, 0(0B) LOS objects, 23% free, 52MB/68MB, paused 316us total 18.066ms
08-04 13:51:11.015 21560 22049 I art     : Starting a blocking GC Explicit
08-04 13:51:11.033 21560 22049 I art     : Explicit concurrent mark sweep GC freed 3(96B) AllocSpace objects, 0(0B) LOS objects, 23% free, 52MB/68MB, paused 324us total 18.483ms
08-04 13:51:11.235 22617 22617 D AndroidRuntime: >>>>>> START com.android.internal.os.RuntimeInit uid 2000 <<<<<<
08-04 13:51:11.240 22617 22617 D AndroidRuntime: CheckJNI is OFF
08-04 13:51:11.272 22617 22617 D ICU     : No timezone override file found: /data/misc/zoneinfo/current/icu/icu_tzdata.dat
08-04 13:51:11.304 22617 22617 I Radio-JNI: register_android_hardware_Radio DONE
08-04 13:51:11.326 22617 22617 D AndroidRuntime: Calling main entry com.android.commands.input.Input
08-04 13:51:11.328 22617 22617 I Input   : injectKeyEvent: KeyEvent { action=ACTION_DOWN, keyCode=KEYCODE_BACK, scanCode=0, metaState=0, flags=0x0, repeatCount=0, eventTime=712287741, downTime=712287741, deviceId=-1, source=0x101 }
08-04 13:51:11.332 22617 22617 I Input   : injectKeyEvent: KeyEvent { action=ACTION_UP, keyCode=KEYCODE_BACK, scanCode=0, metaState=0, flags=0x0, repeatCount=0, eventTime=712287741, downTime=712287741, deviceId=-1, source=0x101 }
08-04 13:51:11.339 22617 22617 D AndroidRuntime: Shutting down VM
08-04 13:51:11.339 21560 21599 I art     : Starting a blocking GC Explicit
08-04 13:51:11.359 21560 21599 I art     : Explicit concurrent mark sweep GC freed 1482(84KB) AllocSpace objects, 1(20KB) LOS objects, 23% free, 52MB/68MB, paused 330us total 18.975ms
08-04 13:51:11.367 21560 21599 I art     : Starting a blocking GC Explicit
08-04 13:51:11.377 13866 13866 I GoogleInputMethodServic: GoogleInputMethodService.onFinishInput():3138 
08-04 13:51:11.378 13866 13866 I GoogleInputMethodServic: GoogleInputMethodService.onStartInput():1808 
08-04 13:51:11.384 21560 21599 I art     : Explicit concurrent mark sweep GC freed 24(992B) AllocSpace objects, 0(0B) LOS objects, 23% free, 52MB/68MB, paused 490us total 17.178ms
08-04 13:51:11.392 21560 21599 I art     : Starting a blocking GC Explicit
08-04 13:51:11.410 21560 21599 I art     : Explicit concurrent mark sweep GC freed 31(1024B) AllocSpace objects, 0(0B) LOS objects, 23% free, 52MB/68MB, paused 343us total 17.730ms
08-04 13:51:11.418 21560 21599 I art     : Starting a blocking GC Explicit
08-04 13:51:11.434 21560 21599 I art     : Explicit concurrent mark sweep GC freed 6(224B) AllocSpace objects, 0(0B) LOS objects, 23% free, 52MB/68MB, paused 317us total 16.069ms
08-04 13:51:11.442 21560 21599 I art     : Starting a blocking GC Explicit
08-04 13:51:11.458 21560 21599 I art     : Explicit concurrent mark sweep GC freed 3(96B) AllocSpace objects, 0(0B) LOS objects, 23% free, 52MB/68MB, paused 301us total 16.093ms
08-04 13:51:11.684   380   380 W SurfaceFlinger: couldn't log to binary event log: overflow.
08-04 13:51:11.697 21560 22049 I art     : Starting a blocking GC Explicit
08-04 13:51:11.716 21560 22049 I art     : Explicit concurrent mark sweep GC freed 1450(87KB) AllocSpace objects, 1(20KB) LOS objects, 23% free, 52MB/68MB, paused 318us total 17.976ms
08-04 13:51:11.723 21560 22049 I art     : Starting a blocking GC Explicit
08-04 13:51:11.740 21560 22049 I art     : Explicit concurrent mark sweep GC freed 1672(106KB) AllocSpace objects, 3(400KB) LOS objects, 23% free, 52MB/68MB, paused 314us total 17.065ms
08-04 13:51:11.749 21560 22049 I art     : Starting a blocking GC Explicit
08-04 13:51:11.767 21560 22049 I art     : Explicit concurrent mark sweep GC freed 3(96B) AllocSpace objects, 0(0B) LOS objects, 23% free, 52MB/68MB, paused 384us total 17.866ms
08-04 13:51:11.775 21560 22049 I art     : Starting a blocking GC Explicit
08-04 13:51:11.793 21560 22049 I art     : Explicit concurrent mark sweep GC freed 3(96B) AllocSpace objects, 0(0B) LOS objects, 23% free, 52MB/68MB, paused 342us total 17.664ms
08-04 13:51:11.801 21560 22049 I art     : Starting a blocking GC Explicit
08-04 13:51:11.820 21560 22049 I art     : Explicit concurrent mark sweep GC freed 3(96B) AllocSpace objects, 0(0B) LOS objects, 23% free, 52MB/68MB, paused 324us total 18.127ms
08-04 13:51:12.108 21560 21573 I art     : Starting a blocking GC Explicit
08-04 13:51:12.135 21560 21573 I art     : Explicit concurrent mark sweep GC freed 1341(78KB) AllocSpace objects, 1(20KB) LOS objects, 23% free, 52MB/68MB, paused 378us total 26.482ms
08-04 13:51:12.146 21560 21573 I art     : Starting a blocking GC Explicit
08-04 13:51:12.168 21560 21573 I art     : Explicit concurrent mark sweep GC freed 20(704B) AllocSpace objects, 0(0B) LOS objects, 23% free, 52MB/68MB, paused 345us total 21.725ms
08-04 13:51:12.177 21560 21573 I art     : Starting a blocking GC Explicit
08-04 13:51:12.196 21560 21573 I art     : Explicit concurrent mark sweep GC freed 3(96B) AllocSpace objects, 0(0B) LOS objects, 23% free, 52MB/68MB, paused 337us total 18.952ms
08-04 13:51:12.204 21560 21573 I art     : Starting a blocking GC Explicit
08-04 13:51:12.222 21560 21573 I art     : Explicit concurrent mark sweep GC freed 3(96B) AllocSpace objects, 0(0B) LOS objects, 23% free, 52MB/68MB, paused 318us total 17.414ms
08-04 13:51:12.231 21560 21573 I art     : Starting a blocking GC Explicit
08-04 13:51:12.248 21560 21573 I art     : Explicit concurrent mark sweep GC freed 3(96B) AllocSpace objects, 0(0B) LOS objects, 23% free, 52MB/68MB, paused 308us total 15.940ms
08-04 13:51:12.521 21560 21572 I art     : Starting a blocking GC Explicit
08-04 13:51:12.544 21560 21572 I art     : Explicit concurrent mark sweep GC freed 1340(78KB) AllocSpace objects, 1(20KB) LOS objects, 23% free, 52MB/68MB, paused 357us total 22.575ms
08-04 13:51:12.555 21560 21572 I art     : Starting a blocking GC Explicit
08-04 13:51:12.574 21560 21572 I art     : Explicit concurrent mark sweep GC freed 20(704B) AllocSpace objects, 0(0B) LOS objects, 23% free, 52MB/68MB, paused 314us total 18.406ms
08-04 13:51:12.582 21560 21572 I art     : Starting a blocking GC Explicit
08-04 13:51:12.600 21560 21572 I art     : Explicit concurrent mark sweep GC freed 3(96B) AllocSpace objects, 0(0B) LOS objects, 23% free, 52MB/68MB, paused 301us total 16.933ms
08-04 13:51:12.608 21560 21572 I art     : Starting a blocking GC Explicit
08-04 13:51:12.625 21560 21572 I art     : Explicit concurrent mark sweep GC freed 3(96B) AllocSpace objects, 0(0B) LOS objects, 23% free, 52MB/68MB, paused 330us total 16.818ms
08-04 13:51:12.633 21560 21572 I art     : Starting a blocking GC Explicit
08-04 13:51:12.651 21560 21572 I art     : Explicit concurrent mark sweep GC freed 3(96B) AllocSpace objects, 0(0B) LOS objects, 23% free, 52MB/68MB, paused 333us total 17.674ms
08-04 13:51:12.927 21560 21599 I art     : Starting a blocking GC Explicit
08-04 13:51:12.947 21560 21599 I art     : Explicit concurrent mark sweep GC freed 1340(78KB) AllocSpace objects, 1(20KB) LOS objects, 23% free, 52MB/68MB, paused 349us total 18.820ms
08-04 13:51:12.955 21560 21599 I art     : Starting a blocking GC Explicit
08-04 13:51:12.975 21560 21599 I art     : Explicit concurrent mark sweep GC freed 20(704B) AllocSpace objects, 0(0B) LOS objects, 23% free, 52MB/68MB, paused 350us total 20.309ms
08-04 13:51:12.982 22680 22680 D AndroidRuntime: >>>>>> START com.android.internal.os.RuntimeInit uid 2000 <<<<<<
08-04 13:51:12.983 21560 21599 I art     : Starting a blocking GC Explicit
08-04 13:51:12.987 22680 22680 D AndroidRuntime: CheckJNI is OFF
08-04 13:51:13.002 21560 21599 I art     : Explicit concurrent mark sweep GC freed 3(96B) AllocSpace objects, 0(0B) LOS objects, 23% free, 52MB/68MB, paused 360us total 18.003ms
08-04 13:51:13.010 21560 21599 I art     : Starting a blocking GC Explicit
08-04 13:51:13.023 22680 22680 D ICU     : No timezone override file found: /data/misc/zoneinfo/current/icu/icu_tzdata.dat
08-04 13:51:13.028 21560 21599 I art     : Explicit concurrent mark sweep GC freed 3(96B) AllocSpace objects, 0(0B) LOS objects, 23% free, 52MB/68MB, paused 325us total 17.333ms
08-04 13:51:13.028 21560 21571 I art     : WaitForGcToComplete blocked for 17.739ms for cause HeapTrim
08-04 13:51:13.036 21560 21599 I art     : Starting a blocking GC Explicit
08-04 13:51:13.054 21560 21599 I art     : Explicit concurrent mark sweep GC freed 3(96B) AllocSpace objects, 0(0B) LOS objects, 23% free, 52MB/68MB, paused 331us total 17.468ms
08-04 13:51:13.057 22680 22680 I Radio-JNI: register_android_hardware_Radio DONE
08-04 13:51:13.079 22680 22680 D AndroidRuntime: Calling main entry com.android.commands.input.Input
08-04 13:51:13.081 22680 22680 I Input   : injectMotionEvent: MotionEvent { action=ACTION_DOWN, actionButton=0, id[0]=0, x[0]=733.0, y[0]=1957.0, toolType[0]=TOOL_TYPE_UNKNOWN, buttonState=0, metaState=0, flags=0x0, edgeFlags=0x0, pointerCount=1, historySize=0, eventTime=712289493, downTime=712289493, deviceId=0, source=0x1002 }
08-04 13:51:13.087 22680 22680 I Input   : injectMotionEvent: MotionEvent { action=ACTION_UP, actionButton=0, id[0]=0, x[0]=733.0, y[0]=1957.0, toolType[0]=TOOL_TYPE_UNKNOWN, buttonState=0, metaState=0, flags=0x0, edgeFlags=0x0, pointerCount=1, historySize=0, eventTime=712289493, downTime=712289493, deviceId=0, source=0x1002 }
08-04 13:51:13.089   918  3670 I ActivityManager: START u0 {cmp=baseline.appteam.nith.hillffair/.activities.ClubActivity (has extras)} from uid 10651 on display 0
08-04 13:51:13.097 22680 22680 D AndroidRuntime: Shutting down VM
08-04 13:51:13.198   918   936 I ActivityManager: Displayed baseline.appteam.nith.hillffair/.activities.ClubActivity: +101ms
08-04 13:51:13.199 13866 13866 I GoogleInputMethodServic: GoogleInputMethodService.onFinishInput():3138 
08-04 13:51:13.199 13866 13866 I GoogleInputMethodServic: GoogleInputMethodService.onStartInput():1808 
08-04 13:51:13.298 21560 21599 I art     : Starting a blocking GC Explicit
08-04 13:51:13.318 21560 21599 I art     : Explicit concurrent mark sweep GC freed 5045(296KB) AllocSpace objects, 1(20KB) LOS objects, 23% free, 52MB/68MB, paused 394us total 19.934ms
08-04 13:51:13.330 21560 21599 I art     : Starting a blocking GC Explicit
08-04 13:51:13.356 21560 21599 I art     : Explicit concurrent mark sweep GC freed 211(9KB) AllocSpace objects, 0(0B) LOS objects, 23% free, 52MB/68MB, paused 396us total 25.447ms
08-04 13:51:13.367 21560 21599 I art     : Starting a blocking GC Explicit
08-04 13:51:13.390 21560 21599 I art     : Explicit concurrent mark sweep GC freed 3(96B) AllocSpace objects, 0(0B) LOS objects, 23% free, 52MB/68MB, paused 393us total 22.825ms
08-04 13:51:13.399 21560 21599 I art     : Starting a blocking GC Explicit
08-04 13:51:13.422 21560 21599 I art     : Explicit concurrent mark sweep GC freed 3(96B) AllocSpace objects, 0(0B) LOS objects, 23% free, 52MB/68MB, paused 381us total 22.420ms
08-04 13:51:13.432 21560 21599 I art     : Starting a blocking GC Explicit
08-04 13:51:13.436   380   380 W SurfaceFlinger: couldn't log to binary event log: overflow.
08-04 13:51:13.453 21560 21599 I art     : Explicit concurrent mark sweep GC freed 3(96B) AllocSpace objects, 0(0B) LOS objects, 23% free, 52MB/68MB, paused 434us total 20.907ms
08-04 13:51:13.724 21560 21572 I art     : Starting a blocking GC Explicit
08-04 13:51:13.741 21560 21572 I art     : Explicit concurrent mark sweep GC freed 1470(85KB) AllocSpace objects, 1(20KB) LOS objects, 23% free, 52MB/68MB, paused 365us total 16.982ms
08-04 13:51:13.748 21560 21572 I art     : Starting a blocking GC Explicit
08-04 13:51:13.765 21560 21572 I art     : Explicit concurrent mark sweep GC freed 45(1536B) AllocSpace objects, 0(0B) LOS objects, 23% free, 52MB/68MB, paused 359us total 16.886ms
08-04 13:51:13.773 21560 21572 I art     : Starting a blocking GC Explicit
08-04 13:51:13.790 21560 21572 I art     : Explicit concurrent mark sweep GC freed 11(416B) AllocSpace objects, 0(0B) LOS objects, 23% free, 52MB/68MB, paused 395us total 16.802ms
08-04 13:51:13.797 21560 21572 I art     : Starting a blocking GC Explicit
08-04 13:51:13.814 21560 21572 I art     : Explicit concurrent mark sweep GC freed 10(352B) AllocSpace objects, 0(0B) LOS objects, 23% free, 52MB/68MB, paused 363us total 16.668ms
08-04 13:51:13.822 21560 21572 I art     : Starting a blocking GC Explicit
08-04 13:51:13.840 21560 21572 I art     : Explicit concurrent mark sweep GC freed 11(416B) AllocSpace objects, 0(0B) LOS objects, 23% free, 52MB/68MB, paused 339us total 17.039ms
08-04 13:51:13.933 21560 22703 D OkHttp  : --> GET https://api-hillfair-2k16.herokuapp.com/api/app/events/special/event?id=58065620dcba0f490c70fe09 http/1.1
08-04 13:51:13.965 21560 22703 D OkHttp  : <-- 200 OK https://api-hillfair-2k16.herokuapp.com/api/app/events/special/event?id=58065620dcba0f490c70fe09 (31ms, 682-byte body)
08-04 13:51:14.022 21560 21560 I NAPPA_EXPERIMENTATION: MetricNetworkRequestExecutionTime: REQUEST_DURATION_SYSTEM='892',REQUEST_DURATION_OKHTTP='32',REQUEST_SYNCHRONOUS='FALSE',RESPONSE_CODE='200',RESPONSE_METHOD='GET',RESPONSE_LENGTH_OKHTTP='682',RESPONSE_LENGTH_HEADER='682',REQUEST_PROTOCOL='http/1.1',REQUEST_URL='https://api-hillfair-2k16.herokuapp.com/api/app/events/special/event?id=58065620dcba0f490c70fe09',
08-04 13:51:14.104 21560 21572 I art     : Starting a blocking GC Explicit
08-04 13:51:14.125 21560 21572 I art     : Explicit concurrent mark sweep GC freed 4810(338KB) AllocSpace objects, 4(220KB) LOS objects, 23% free, 52MB/68MB, paused 339us total 20.243ms
08-04 13:51:14.134 21560 21572 I art     : Starting a blocking GC Explicit
08-04 13:51:14.152 21560 21572 I art     : Explicit concurrent mark sweep GC freed 1035(119KB) AllocSpace objects, 0(0B) LOS objects, 23% free, 52MB/68MB, paused 329us total 18.380ms
08-04 13:51:14.160 21560 21572 I art     : Starting a blocking GC Explicit
08-04 13:51:14.177 21560 21572 I art     : Explicit concurrent mark sweep GC freed 3(96B) AllocSpace objects, 0(0B) LOS objects, 23% free, 52MB/68MB, paused 355us total 16.692ms
08-04 13:51:14.185 21560 21572 I art     : Starting a blocking GC Explicit
08-04 13:51:14.203 21560 21572 I art     : Explicit concurrent mark sweep GC freed 3(96B) AllocSpace objects, 0(0B) LOS objects, 23% free, 52MB/68MB, paused 340us total 17.576ms
08-04 13:51:14.210 21560 21572 I art     : Starting a blocking GC Explicit
08-04 13:51:14.228 21560 21572 I art     : Explicit concurrent mark sweep GC freed 3(96B) AllocSpace objects, 0(0B) LOS objects, 23% free, 52MB/68MB, paused 347us total 17.216ms
08-04 13:51:14.507 21560 22049 I art     : Starting a blocking GC Explicit
08-04 13:51:14.528 21560 22049 I art     : Explicit concurrent mark sweep GC freed 1341(78KB) AllocSpace objects, 1(20KB) LOS objects, 23% free, 52MB/68MB, paused 368us total 20.952ms
08-04 13:51:14.539 21560 22049 I art     : Starting a blocking GC Explicit
08-04 13:51:14.558 21560 22049 I art     : Explicit concurrent mark sweep GC freed 36(1264B) AllocSpace objects, 0(0B) LOS objects, 23% free, 52MB/68MB, paused 348us total 18.809ms
08-04 13:51:14.567 21560 22049 I art     : Starting a blocking GC Explicit
08-04 13:51:14.586 21560 22049 I art     : Explicit concurrent mark sweep GC freed 3(96B) AllocSpace objects, 0(0B) LOS objects, 23% free, 52MB/68MB, paused 382us total 19.111ms
08-04 13:51:14.595 21560 22049 I art     : Starting a blocking GC Explicit
08-04 13:51:14.614 21560 22049 I art     : Explicit concurrent mark sweep GC freed 3(96B) AllocSpace objects, 0(0B) LOS objects, 23% free, 52MB/68MB, paused 352us total 18.907ms
08-04 13:51:14.622 21560 22049 I art     : Starting a blocking GC Explicit
08-04 13:51:14.641 21560 22049 I art     : Explicit concurrent mark sweep GC freed 3(96B) AllocSpace objects, 0(0B) LOS objects, 23% free, 52MB/68MB, paused 324us total 19.133ms
08-04 13:51:14.946 21560 21572 I art     : Starting a blocking GC Explicit
08-04 13:51:14.974 21560 21572 I art     : Explicit concurrent mark sweep GC freed 1341(78KB) AllocSpace objects, 1(20KB) LOS objects, 23% free, 52MB/68MB, paused 372us total 27.767ms
08-04 13:51:14.985 21560 21572 I art     : Starting a blocking GC Explicit
08-04 13:51:15.006 21560 21572 I art     : Explicit concurrent mark sweep GC freed 20(704B) AllocSpace objects, 0(0B) LOS objects, 23% free, 52MB/68MB, paused 360us total 20.646ms
08-04 13:51:15.015 21560 21572 I art     : Starting a blocking GC Explicit
08-04 13:51:15.036 21560 21572 I art     : Explicit concurrent mark sweep GC freed 3(96B) AllocSpace objects, 0(0B) LOS objects, 23% free, 52MB/68MB, paused 358us total 20.384ms
08-04 13:51:15.044 21560 21572 I art     : Starting a blocking GC Explicit
08-04 13:51:15.065 21560 21572 I art     : Explicit concurrent mark sweep GC freed 3(96B) AllocSpace objects, 0(0B) LOS objects, 23% free, 52MB/68MB, paused 361us total 20.231ms
08-04 13:51:15.074 21560 21572 I art     : Starting a blocking GC Explicit
08-04 13:51:15.094 21560 21572 I art     : Explicit concurrent mark sweep GC freed 3(96B) AllocSpace objects, 0(0B) LOS objects, 23% free, 52MB/68MB, paused 365us total 20.263ms
08-04 13:51:15.399 21560 21573 I art     : Starting a blocking GC Explicit
08-04 13:51:15.419 21560 21573 I art     : Explicit concurrent mark sweep GC freed 1341(78KB) AllocSpace objects, 1(20KB) LOS objects, 23% free, 52MB/68MB, paused 373us total 20.200ms
08-04 13:51:15.428 21560 21573 I art     : Starting a blocking GC Explicit
08-04 13:51:15.447 21560 21573 I art     : Explicit concurrent mark sweep GC freed 20(704B) AllocSpace objects, 0(0B) LOS objects, 23% free, 52MB/68MB, paused 464us total 19.018ms
08-04 13:51:15.455 21560 21573 I art     : Starting a blocking GC Explicit
08-04 13:51:15.474 21560 21573 I art     : Explicit concurrent mark sweep GC freed 3(96B) AllocSpace objects, 0(0B) LOS objects, 23% free, 52MB/68MB, paused 382us total 18.793ms
08-04 13:51:15.483 21560 21573 I art     : Starting a blocking GC Explicit
08-04 13:51:15.503 21560 21573 I art     : Explicit concurrent mark sweep GC freed 3(96B) AllocSpace objects, 0(0B) LOS objects, 23% free, 52MB/68MB, paused 375us total 19.234ms
08-04 13:51:15.511 21560 21573 I art     : Starting a blocking GC Explicit
08-04 13:51:15.530 21560 21573 I art     : Explicit concurrent mark sweep GC freed 3(96B) AllocSpace objects, 0(0B) LOS objects, 23% free, 52MB/68MB, paused 376us total 18.594ms
08-04 13:51:15.763 22762 22762 D AndroidRuntime: >>>>>> START com.android.internal.os.RuntimeInit uid 2000 <<<<<<
08-04 13:51:15.768 22762 22762 D AndroidRuntime: CheckJNI is OFF
08-04 13:51:15.803 22762 22762 D ICU     : No timezone override file found: /data/misc/zoneinfo/current/icu/icu_tzdata.dat
08-04 13:51:15.826 21560 21599 I art     : Starting a blocking GC Explicit
08-04 13:51:15.836 22762 22762 I Radio-JNI: register_android_hardware_Radio DONE
08-04 13:51:15.845 21560 21599 I art     : Explicit concurrent mark sweep GC freed 1341(78KB) AllocSpace objects, 1(20KB) LOS objects, 23% free, 52MB/68MB, paused 408us total 19.492ms
08-04 13:51:15.854 21560 21599 I art     : Starting a blocking GC Explicit
08-04 13:51:15.860 22762 22762 D AndroidRuntime: Calling main entry com.android.commands.input.Input
08-04 13:51:15.861 22762 22762 I Input   : injectKeyEvent: KeyEvent { action=ACTION_DOWN, keyCode=KEYCODE_BACK, scanCode=0, metaState=0, flags=0x0, repeatCount=0, eventTime=712292274, downTime=712292274, deviceId=-1, source=0x101 }
08-04 13:51:15.866 22762 22762 I Input   : injectKeyEvent: KeyEvent { action=ACTION_UP, keyCode=KEYCODE_BACK, scanCode=0, metaState=0, flags=0x0, repeatCount=0, eventTime=712292274, downTime=712292274, deviceId=-1, source=0x101 }
08-04 13:51:15.871 22762 22762 D AndroidRuntime: Shutting down VM
08-04 13:51:15.873 21560 21599 I art     : Explicit concurrent mark sweep GC freed 37(1344B) AllocSpace objects, 0(0B) LOS objects, 23% free, 52MB/68MB, paused 419us total 18.680ms
08-04 13:51:15.881 21560 21599 I art     : Starting a blocking GC Explicit
08-04 13:51:15.898 21560 21599 I art     : Explicit concurrent mark sweep GC freed 127(5KB) AllocSpace objects, 0(0B) LOS objects, 23% free, 52MB/68MB, paused 328us total 16.974ms
08-04 13:51:15.905 21560 21599 I art     : Starting a blocking GC Explicit
08-04 13:51:15.913 13866 13866 I GoogleInputMethodServic: GoogleInputMethodService.onFinishInput():3138 
08-04 13:51:15.914 13866 13866 I GoogleInputMethodServic: GoogleInputMethodService.onStartInput():1808 
08-04 13:51:15.923 21560 21599 I art     : Explicit concurrent mark sweep GC freed 25(976B) AllocSpace objects, 0(0B) LOS objects, 23% free, 52MB/68MB, paused 526us total 16.994ms
08-04 13:51:15.931 21560 21599 I art     : Starting a blocking GC Explicit
08-04 13:51:15.948 21560 21599 I art     : Explicit concurrent mark sweep GC freed 13(432B) AllocSpace objects, 0(0B) LOS objects, 23% free, 52MB/68MB, paused 354us total 17.036ms
08-04 13:51:16.221 21560 22049 I art     : Starting a blocking GC Explicit
08-04 13:51:16.222   380   380 W SurfaceFlinger: couldn't log to binary event log: overflow.
08-04 13:51:16.243 21560 22049 I art     : Explicit concurrent mark sweep GC freed 1452(87KB) AllocSpace objects, 1(20KB) LOS objects, 23% free, 52MB/68MB, paused 326us total 22.207ms
08-04 13:51:16.251 21560 22049 I art     : Starting a blocking GC Explicit
08-04 13:51:16.269 21560 22049 I art     : Explicit concurrent mark sweep GC freed 1673(106KB) AllocSpace objects, 3(400KB) LOS objects, 23% free, 52MB/68MB, paused 343us total 17.423ms
08-04 13:51:16.276 21560 22049 I art     : Starting a blocking GC Explicit
08-04 13:51:16.295 21560 22049 I art     : Explicit concurrent mark sweep GC freed 3(96B) AllocSpace objects, 0(0B) LOS objects, 23% free, 52MB/68MB, paused 389us total 17.831ms
08-04 13:51:16.303 21560 22049 I art     : Starting a blocking GC Explicit
08-04 13:51:16.321 21560 22049 I art     : Explicit concurrent mark sweep GC freed 3(96B) AllocSpace objects, 0(0B) LOS objects, 23% free, 52MB/68MB, paused 344us total 18.023ms
08-04 13:51:16.329 21560 22049 I art     : Starting a blocking GC Explicit
08-04 13:51:16.348 21560 22049 I art     : Explicit concurrent mark sweep GC freed 3(96B) AllocSpace objects, 0(0B) LOS objects, 23% free, 52MB/68MB, paused 356us total 18.588ms
08-04 13:51:16.618 21560 21573 I art     : Starting a blocking GC Explicit
08-04 13:51:16.642 21560 21573 I art     : Explicit concurrent mark sweep GC freed 1341(78KB) AllocSpace objects, 1(20KB) LOS objects, 23% free, 52MB/68MB, paused 373us total 23.415ms
08-04 13:51:16.650 21560 21573 I art     : Starting a blocking GC Explicit
08-04 13:51:16.670 21560 21573 I art     : Explicit concurrent mark sweep GC freed 20(704B) AllocSpace objects, 0(0B) LOS objects, 23% free, 52MB/68MB, paused 365us total 19.190ms
08-04 13:51:16.678 21560 21573 I art     : Starting a blocking GC Explicit
08-04 13:51:16.697 21560 21573 I art     : Explicit concurrent mark sweep GC freed 3(96B) AllocSpace objects, 0(0B) LOS objects, 23% free, 52MB/68MB, paused 399us total 18.870ms
08-04 13:51:16.706 21560 21573 I art     : Starting a blocking GC Explicit
08-04 13:51:16.725 21560 21573 I art     : Explicit concurrent mark sweep GC freed 3(96B) AllocSpace objects, 0(0B) LOS objects, 23% free, 52MB/68MB, paused 355us total 19.144ms
08-04 13:51:16.734 21560 21573 I art     : Starting a blocking GC Explicit
08-04 13:51:16.754 21560 21573 I art     : Explicit concurrent mark sweep GC freed 3(96B) AllocSpace objects, 0(0B) LOS objects, 23% free, 52MB/68MB, paused 373us total 19.434ms
08-04 13:51:17.035 21560 21572 I art     : Starting a blocking GC Explicit
08-04 13:51:17.060 21560 21572 I art     : Explicit concurrent mark sweep GC freed 1340(78KB) AllocSpace objects, 1(20KB) LOS objects, 23% free, 52MB/68MB, paused 597us total 25.289ms
08-04 13:51:17.073 21560 21572 I art     : Starting a blocking GC Explicit
08-04 13:51:17.093 21560 21572 I art     : Explicit concurrent mark sweep GC freed 20(704B) AllocSpace objects, 0(0B) LOS objects, 23% free, 52MB/68MB, paused 370us total 19.408ms
08-04 13:51:17.101 21560 21572 I art     : Starting a blocking GC Explicit
08-04 13:51:17.119 21560 21572 I art     : Explicit concurrent mark sweep GC freed 3(96B) AllocSpace objects, 0(0B) LOS objects, 23% free, 52MB/68MB, paused 339us total 17.306ms
08-04 13:51:17.127 21560 21572 I art     : Starting a blocking GC Explicit
08-04 13:51:17.145 21560 21572 I art     : Explicit concurrent mark sweep GC freed 3(96B) AllocSpace objects, 0(0B) LOS objects, 23% free, 52MB/68MB, paused 354us total 17.786ms
08-04 13:51:17.154 21560 21572 I art     : Starting a blocking GC Explicit
08-04 13:51:17.172 21560 21572 I art     : Explicit concurrent mark sweep GC freed 3(96B) AllocSpace objects, 0(0B) LOS objects, 23% free, 52MB/68MB, paused 396us total 18.159ms
08-04 13:51:17.451 21560 21599 I art     : Starting a blocking GC Explicit
08-04 13:51:17.472 21560 21599 I art     : Explicit concurrent mark sweep GC freed 1340(78KB) AllocSpace objects, 1(20KB) LOS objects, 23% free, 52MB/68MB, paused 390us total 20.296ms
08-04 13:51:17.485 21560 21599 I art     : Starting a blocking GC Explicit
08-04 13:51:17.505 21560 21599 I art     : Explicit concurrent mark sweep GC freed 20(704B) AllocSpace objects, 0(0B) LOS objects, 23% free, 52MB/68MB, paused 361us total 19.457ms
08-04 13:51:17.513 21560 21599 I art     : Starting a blocking GC Explicit
08-04 13:51:17.528 22820 22820 D AndroidRuntime: >>>>>> START com.android.internal.os.RuntimeInit uid 2000 <<<<<<
08-04 13:51:17.533 21560 21599 I art     : Explicit concurrent mark sweep GC freed 3(96B) AllocSpace objects, 0(0B) LOS objects, 23% free, 52MB/68MB, paused 364us total 19.237ms
08-04 13:51:17.533 22820 22820 D AndroidRuntime: CheckJNI is OFF
08-04 13:51:17.542 21560 21599 I art     : Starting a blocking GC Explicit
08-04 13:51:17.559 21560 21599 I art     : Explicit concurrent mark sweep GC freed 3(96B) AllocSpace objects, 0(0B) LOS objects, 23% free, 52MB/68MB, paused 360us total 17.413ms
08-04 13:51:17.567 21560 21599 I art     : Starting a blocking GC Explicit
08-04 13:51:17.569 22820 22820 D ICU     : No timezone override file found: /data/misc/zoneinfo/current/icu/icu_tzdata.dat
08-04 13:51:17.585 21560 21599 I art     : Explicit concurrent mark sweep GC freed 3(96B) AllocSpace objects, 0(0B) LOS objects, 23% free, 52MB/68MB, paused 366us total 17.832ms
08-04 13:51:17.604 22820 22820 I Radio-JNI: register_android_hardware_Radio DONE
08-04 13:51:17.626 22820 22820 D AndroidRuntime: Calling main entry com.android.commands.input.Input
08-04 13:51:17.628 22820 22820 I Input   : injectMotionEvent: MotionEvent { action=ACTION_DOWN, actionButton=0, id[0]=0, x[0]=733.0, y[0]=1957.0, toolType[0]=TOOL_TYPE_UNKNOWN, buttonState=0, metaState=0, flags=0x0, edgeFlags=0x0, pointerCount=1, historySize=0, eventTime=712294040, downTime=712294040, deviceId=0, source=0x1002 }
08-04 13:51:17.635 22820 22820 I Input   : injectMotionEvent: MotionEvent { action=ACTION_UP, actionButton=0, id[0]=0, x[0]=733.0, y[0]=1957.0, toolType[0]=TOOL_TYPE_UNKNOWN, buttonState=0, metaState=0, flags=0x0, edgeFlags=0x0, pointerCount=1, historySize=0, eventTime=712294040, downTime=712294040, deviceId=0, source=0x1002 }
08-04 13:51:17.636   918  5132 I ActivityManager: START u0 {cmp=baseline.appteam.nith.hillffair/.activities.ClubActivity (has extras)} from uid 10651 on display 0
08-04 13:51:17.645 22820 22820 D AndroidRuntime: Shutting down VM
08-04 13:51:17.757   918   936 I ActivityManager: Displayed baseline.appteam.nith.hillffair/.activities.ClubActivity: +111ms
08-04 13:51:17.759 13866 13866 I GoogleInputMethodServic: GoogleInputMethodService.onFinishInput():3138 
08-04 13:51:17.760 13866 13866 I GoogleInputMethodServic: GoogleInputMethodService.onStartInput():1808 
08-04 13:51:17.832 21560 21573 I art     : Starting a blocking GC Explicit
08-04 13:51:17.855 21560 21573 I art     : Explicit concurrent mark sweep GC freed 5295(332KB) AllocSpace objects, 1(20KB) LOS objects, 23% free, 52MB/68MB, paused 496us total 22.167ms
08-04 13:51:17.865 21560 21573 I art     : Starting a blocking GC Explicit
08-04 13:51:17.885 21560 21573 I art     : Explicit concurrent mark sweep GC freed 209(9KB) AllocSpace objects, 0(0B) LOS objects, 23% free, 52MB/68MB, paused 383us total 19.377ms
08-04 13:51:17.894 21560 21573 I art     : Starting a blocking GC Explicit
08-04 13:51:17.912 21560 21573 I art     : Explicit concurrent mark sweep GC freed 3(96B) AllocSpace objects, 0(0B) LOS objects, 23% free, 52MB/68MB, paused 396us total 18.623ms
08-04 13:51:17.921 21560 21573 I art     : Starting a blocking GC Explicit
08-04 13:51:17.944 21560 21573 I art     : Explicit concurrent mark sweep GC freed 3(96B) AllocSpace objects, 0(0B) LOS objects, 23% free, 52MB/68MB, paused 424us total 22.943ms
08-04 13:51:17.954 21560 21573 I art     : Starting a blocking GC Explicit
08-04 13:51:17.978 21560 21573 I art     : Explicit concurrent mark sweep GC freed 3(96B) AllocSpace objects, 0(0B) LOS objects, 23% free, 52MB/68MB, paused 594us total 23.870ms
08-04 13:51:17.992   380   380 W SurfaceFlinger: couldn't log to binary event log: overflow.
08-04 13:51:18.266 21560 22049 I art     : Starting a blocking GC Explicit
08-04 13:51:18.287 21560 22049 I art     : Explicit concurrent mark sweep GC freed 1467(85KB) AllocSpace objects, 1(20KB) LOS objects, 23% free, 52MB/68MB, paused 474us total 20.445ms
08-04 13:51:18.296 21560 22049 I art     : Starting a blocking GC Explicit
08-04 13:51:18.315 21560 22049 I art     : Explicit concurrent mark sweep GC freed 46(1600B) AllocSpace objects, 0(0B) LOS objects, 23% free, 52MB/68MB, paused 466us total 19.526ms
08-04 13:51:18.324 21560 22049 I art     : Starting a blocking GC Explicit
08-04 13:51:18.344 21560 22049 I art     : Explicit concurrent mark sweep GC freed 12(432B) AllocSpace objects, 0(0B) LOS objects, 23% free, 52MB/68MB, paused 516us total 19.546ms
08-04 13:51:18.352 21560 22049 I art     : Starting a blocking GC Explicit
08-04 13:51:18.371 21560 22049 I art     : Explicit concurrent mark sweep GC freed 9(336B) AllocSpace objects, 0(0B) LOS objects, 23% free, 52MB/68MB, paused 397us total 18.638ms
08-04 13:51:18.379 21560 22049 I art     : Starting a blocking GC Explicit
08-04 13:51:18.398 21560 22049 I art     : Explicit concurrent mark sweep GC freed 13(480B) AllocSpace objects, 0(0B) LOS objects, 23% free, 52MB/68MB, paused 403us total 18.705ms
08-04 13:51:18.545 21560 22845 D OkHttp  : --> GET https://api-hillfair-2k16.herokuapp.com/api/app/events/special/event?id=58065620dcba0f490c70fe09 http/1.1
08-04 13:51:18.579 21560 22845 D OkHttp  : <-- 200 OK https://api-hillfair-2k16.herokuapp.com/api/app/events/special/event?id=58065620dcba0f490c70fe09 (33ms, 682-byte body)
08-04 13:51:18.627 21560 21560 I NAPPA_EXPERIMENTATION: MetricNetworkRequestExecutionTime: REQUEST_DURATION_SYSTEM='953',REQUEST_DURATION_OKHTTP='33',REQUEST_SYNCHRONOUS='FALSE',RESPONSE_CODE='200',RESPONSE_METHOD='GET',RESPONSE_LENGTH_OKHTTP='682',RESPONSE_LENGTH_HEADER='682',REQUEST_PROTOCOL='http/1.1',REQUEST_URL='https://api-hillfair-2k16.herokuapp.com/api/app/events/special/event?id=58065620dcba0f490c70fe09',
08-04 13:51:18.669 21560 21572 I art     : Starting a blocking GC Explicit
08-04 13:51:18.691 21560 21572 I art     : Explicit concurrent mark sweep GC freed 4791(310KB) AllocSpace objects, 4(220KB) LOS objects, 23% free, 52MB/68MB, paused 399us total 21.994ms
08-04 13:51:18.700 21560 21572 I art     : Starting a blocking GC Explicit
08-04 13:51:18.720 21560 21572 I art     : Explicit concurrent mark sweep GC freed 1044(119KB) AllocSpace objects, 0(0B) LOS objects, 23% free, 52MB/68MB, paused 351us total 19.823ms
08-04 13:51:18.731 21560 21572 I art     : Starting a blocking GC Explicit
08-04 13:51:18.749 21560 21572 I art     : Explicit concurrent mark sweep GC freed 3(96B) AllocSpace objects, 0(0B) LOS objects, 23% free, 52MB/68MB, paused 366us total 18.643ms
08-04 13:51:18.758 21560 21572 I art     : Starting a blocking GC Explicit
08-04 13:51:18.778 21560 21572 I art     : Explicit concurrent mark sweep GC freed 3(96B) AllocSpace objects, 0(0B) LOS objects, 23% free, 52MB/68MB, paused 344us total 19.865ms
08-04 13:51:18.787 21560 21572 I art     : Starting a blocking GC Explicit
08-04 13:51:18.806 21560 21572 I art     : Explicit concurrent mark sweep GC freed 3(96B) AllocSpace objects, 0(0B) LOS objects, 23% free, 52MB/68MB, paused 377us total 18.710ms
08-04 13:51:19.083 21560 22049 I art     : Starting a blocking GC Explicit
08-04 13:51:19.104 21560 22049 I art     : Explicit concurrent mark sweep GC freed 1341(78KB) AllocSpace objects, 1(20KB) LOS objects, 23% free, 52MB/68MB, paused 386us total 21.112ms
08-04 13:51:19.113 21560 22049 I art     : Starting a blocking GC Explicit
08-04 13:51:19.133 21560 22049 I art     : Explicit concurrent mark sweep GC freed 36(1264B) AllocSpace objects, 0(0B) LOS objects, 23% free, 52MB/68MB, paused 367us total 19.641ms
08-04 13:51:19.141 21560 22049 I art     : Starting a blocking GC Explicit
08-04 13:51:19.162 21560 22049 I art     : Explicit concurrent mark sweep GC freed 3(96B) AllocSpace objects, 0(0B) LOS objects, 23% free, 52MB/68MB, paused 384us total 20.463ms
08-04 13:51:19.170 21560 22049 I art     : Starting a blocking GC Explicit
08-04 13:51:19.191 21560 22049 I art     : Explicit concurrent mark sweep GC freed 3(96B) AllocSpace objects, 0(0B) LOS objects, 23% free, 52MB/68MB, paused 360us total 19.942ms
08-04 13:51:19.199 21560 22049 I art     : Starting a blocking GC Explicit
08-04 13:51:19.220 21560 22049 I art     : Explicit concurrent mark sweep GC freed 3(96B) AllocSpace objects, 0(0B) LOS objects, 23% free, 52MB/68MB, paused 386us total 20.747ms
08-04 13:51:19.549 21560 21573 I art     : Starting a blocking GC Explicit
08-04 13:51:19.575 21560 21573 I art     : Explicit concurrent mark sweep GC freed 1341(78KB) AllocSpace objects, 1(20KB) LOS objects, 23% free, 52MB/68MB, paused 424us total 25.770ms
08-04 13:51:19.587 21560 21573 I art     : Starting a blocking GC Explicit
08-04 13:51:19.608 21560 21573 I art     : Explicit concurrent mark sweep GC freed 20(704B) AllocSpace objects, 0(0B) LOS objects, 23% free, 52MB/68MB, paused 400us total 21.674ms
08-04 13:51:19.617 21560 21573 I art     : Starting a blocking GC Explicit
08-04 13:51:19.638 21560 21573 I art     : Explicit concurrent mark sweep GC freed 3(96B) AllocSpace objects, 0(0B) LOS objects, 23% free, 52MB/68MB, paused 423us total 20.673ms
08-04 13:51:19.647 21560 21573 I art     : Starting a blocking GC Explicit
08-04 13:51:19.668 21560 21573 I art     : Explicit concurrent mark sweep GC freed 3(96B) AllocSpace objects, 0(0B) LOS objects, 23% free, 52MB/68MB, paused 401us total 20.243ms
08-04 13:51:19.676 21560 21573 I art     : Starting a blocking GC Explicit
08-04 13:51:19.697 21560 21573 I art     : Explicit concurrent mark sweep GC freed 3(96B) AllocSpace objects, 0(0B) LOS objects, 23% free, 52MB/68MB, paused 447us total 20.313ms
08-04 13:51:19.989 21560 21572 I art     : Starting a blocking GC Explicit
08-04 13:51:20.009 21560 21572 I art     : Explicit concurrent mark sweep GC freed 1341(78KB) AllocSpace objects, 1(20KB) LOS objects, 23% free, 52MB/68MB, paused 388us total 20.006ms
08-04 13:51:20.017 21560 21572 I art     : Starting a blocking GC Explicit
08-04 13:51:20.038 21560 21572 I art     : Explicit concurrent mark sweep GC freed 20(704B) AllocSpace objects, 0(0B) LOS objects, 23% free, 52MB/68MB, paused 391us total 19.854ms
08-04 13:51:20.046 21560 21572 I art     : Starting a blocking GC Explicit
08-04 13:51:20.065 21560 21572 I art     : Explicit concurrent mark sweep GC freed 3(96B) AllocSpace objects, 0(0B) LOS objects, 23% free, 52MB/68MB, paused 388us total 18.888ms
08-04 13:51:20.073 21560 21572 I art     : Starting a blocking GC Explicit
08-04 13:51:20.092 21560 21572 I art     : Explicit concurrent mark sweep GC freed 3(96B) AllocSpace objects, 0(0B) LOS objects, 23% free, 52MB/68MB, paused 385us total 18.965ms
08-04 13:51:20.101 21560 21572 I art     : Starting a blocking GC Explicit
08-04 13:51:20.120 21560 21572 I art     : Explicit concurrent mark sweep GC freed 3(96B) AllocSpace objects, 0(0B) LOS objects, 23% free, 52MB/68MB, paused 410us total 19.060ms
08-04 13:51:20.306 22899 22899 D AndroidRuntime: >>>>>> START com.android.internal.os.RuntimeInit uid 2000 <<<<<<
08-04 13:51:20.311 22899 22899 D AndroidRuntime: CheckJNI is OFF
08-04 13:51:20.343 22899 22899 D ICU     : No timezone override file found: /data/misc/zoneinfo/current/icu/icu_tzdata.dat
08-04 13:51:20.375 22899 22899 I Radio-JNI: register_android_hardware_Radio DONE
08-04 13:51:20.397 22899 22899 D AndroidRuntime: Calling main entry com.android.commands.input.Input
08-04 13:51:20.398 22899 22899 I Input   : injectKeyEvent: KeyEvent { action=ACTION_DOWN, keyCode=KEYCODE_BACK, scanCode=0, metaState=0, flags=0x0, repeatCount=0, eventTime=712296811, downTime=712296811, deviceId=-1, source=0x101 }
08-04 13:51:20.403 22899 22899 I Input   : injectKeyEvent: KeyEvent { action=ACTION_UP, keyCode=KEYCODE_BACK, scanCode=0, metaState=0, flags=0x0, repeatCount=0, eventTime=712296811, downTime=712296811, deviceId=-1, source=0x101 }
08-04 13:51:20.408 22899 22899 D AndroidRuntime: Shutting down VM
08-04 13:51:20.411 21560 21572 I art     : Starting a blocking GC Explicit
08-04 13:51:20.431 21560 21572 I art     : Explicit concurrent mark sweep GC freed 1482(84KB) AllocSpace objects, 1(20KB) LOS objects, 23% free, 52MB/68MB, paused 382us total 19.558ms
08-04 13:51:20.439 21560 21572 I art     : Starting a blocking GC Explicit
08-04 13:51:20.451 13866 13866 I GoogleInputMethodServic: GoogleInputMethodService.onFinishInput():3138 
08-04 13:51:20.452 13866 13866 I GoogleInputMethodServic: GoogleInputMethodService.onStartInput():1808 
08-04 13:51:20.458 21560 21572 I art     : Explicit concurrent mark sweep GC freed 22(800B) AllocSpace objects, 0(0B) LOS objects, 23% free, 52MB/68MB, paused 379us total 18.609ms
08-04 13:51:20.467 21560 21572 I art     : Starting a blocking GC Explicit
08-04 13:51:20.486 21560 21572 I art     : Explicit concurrent mark sweep GC freed 29(1056B) AllocSpace objects, 0(0B) LOS objects, 23% free, 52MB/68MB, paused 367us total 18.279ms
08-04 13:51:20.494 21560 21572 I art     : Starting a blocking GC Explicit
08-04 13:51:20.511 21560 21572 I art     : Explicit concurrent mark sweep GC freed 10(384B) AllocSpace objects, 0(0B) LOS objects, 23% free, 52MB/68MB, paused 342us total 16.870ms
08-04 13:51:20.518 21560 21572 I art     : Starting a blocking GC Explicit
08-04 13:51:20.535 21560 21572 I art     : Explicit concurrent mark sweep GC freed 3(96B) AllocSpace objects, 0(0B) LOS objects, 23% free, 52MB/68MB, paused 333us total 16.319ms
08-04 13:51:20.744   380   380 W SurfaceFlinger: couldn't log to binary event log: overflow.
08-04 13:51:20.785 21560 22049 I art     : Starting a blocking GC Explicit
08-04 13:51:20.804 21560 22049 I art     : Explicit concurrent mark sweep GC freed 1450(87KB) AllocSpace objects, 1(20KB) LOS objects, 23% free, 52MB/68MB, paused 385us total 19.238ms
08-04 13:51:20.813 21560 22049 I art     : Starting a blocking GC Explicit
08-04 13:51:20.832 21560 22049 I art     : Explicit concurrent mark sweep GC freed 1672(106KB) AllocSpace objects, 3(400KB) LOS objects, 23% free, 52MB/68MB, paused 371us total 18.929ms
08-04 13:51:20.840 21560 22049 I art     : Starting a blocking GC Explicit
08-04 13:51:20.859 21560 22049 I art     : Explicit concurrent mark sweep GC freed 3(96B) AllocSpace objects, 0(0B) LOS objects, 23% free, 52MB/68MB, paused 376us total 19.062ms
08-04 13:51:20.868 21560 22049 I art     : Starting a blocking GC Explicit
08-04 13:51:20.887 21560 22049 I art     : Explicit concurrent mark sweep GC freed 3(96B) AllocSpace objects, 0(0B) LOS objects, 23% free, 52MB/68MB, paused 393us total 19.487ms
08-04 13:51:20.896 21560 22049 I art     : Starting a blocking GC Explicit
08-04 13:51:20.915 21560 22049 I art     : Explicit concurrent mark sweep GC freed 3(96B) AllocSpace objects, 0(0B) LOS objects, 23% free, 52MB/68MB, paused 366us total 19.428ms
08-04 13:51:21.209 21560 21573 I art     : Starting a blocking GC Explicit
08-04 13:51:21.237 21560 21573 I art     : Explicit concurrent mark sweep GC freed 1341(78KB) AllocSpace objects, 1(20KB) LOS objects, 23% free, 52MB/68MB, paused 455us total 27.643ms
08-04 13:51:21.247 21560 21573 I art     : Starting a blocking GC Explicit
08-04 13:51:21.267 21560 21573 I art     : Explicit concurrent mark sweep GC freed 20(704B) AllocSpace objects, 0(0B) LOS objects, 23% free, 52MB/68MB, paused 469us total 19.940ms
08-04 13:51:21.276 21560 21573 I art     : Starting a blocking GC Explicit
08-04 13:51:21.295 21560 21573 I art     : Explicit concurrent mark sweep GC freed 3(96B) AllocSpace objects, 0(0B) LOS objects, 23% free, 52MB/68MB, paused 383us total 19.237ms
08-04 13:51:21.304 21560 21573 I art     : Starting a blocking GC Explicit
08-04 13:51:21.323 21560 21573 I art     : Explicit concurrent mark sweep GC freed 3(96B) AllocSpace objects, 0(0B) LOS objects, 23% free, 52MB/68MB, paused 390us total 19.563ms
08-04 13:51:21.332 21560 21573 I art     : Starting a blocking GC Explicit
08-04 13:51:21.353 21560 21573 I art     : Explicit concurrent mark sweep GC freed 3(96B) AllocSpace objects, 0(0B) LOS objects, 23% free, 52MB/68MB, paused 398us total 20.188ms
08-04 13:51:21.643 21560 21599 I art     : Starting a blocking GC Explicit
08-04 13:51:21.670 21560 21599 I art     : Explicit concurrent mark sweep GC freed 1340(78KB) AllocSpace objects, 1(20KB) LOS objects, 23% free, 52MB/68MB, paused 399us total 26.017ms
08-04 13:51:21.678 21560 21599 I art     : Starting a blocking GC Explicit
08-04 13:51:21.696 21560 21599 I art     : Explicit concurrent mark sweep GC freed 20(704B) AllocSpace objects, 0(0B) LOS objects, 23% free, 52MB/68MB, paused 384us total 18.282ms
08-04 13:51:21.704 21560 21599 I art     : Starting a blocking GC Explicit
08-04 13:51:21.723 21560 21599 I art     : Explicit concurrent mark sweep GC freed 3(96B) AllocSpace objects, 0(0B) LOS objects, 23% free, 52MB/68MB, paused 366us total 18.359ms
08-04 13:51:21.731 21560 21599 I art     : Starting a blocking GC Explicit
08-04 13:51:21.750 21560 21599 I art     : Explicit concurrent mark sweep GC freed 3(96B) AllocSpace objects, 0(0B) LOS objects, 23% free, 52MB/68MB, paused 385us total 18.307ms
08-04 13:51:21.758 21560 21599 I art     : Starting a blocking GC Explicit
08-04 13:51:21.776 21560 21599 I art     : Explicit concurrent mark sweep GC freed 3(96B) AllocSpace objects, 0(0B) LOS objects, 23% free, 52MB/68MB, paused 381us total 18.222ms
08-04 13:51:22.034 21560 21572 I art     : Starting a blocking GC Explicit
08-04 13:51:22.054 21560 21572 I art     : Explicit concurrent mark sweep GC freed 1340(78KB) AllocSpace objects, 1(20KB) LOS objects, 23% free, 52MB/68MB, paused 413us total 19.902ms
08-04 13:51:22.055 22960 22960 D AndroidRuntime: >>>>>> START com.android.internal.os.RuntimeInit uid 2000 <<<<<<
08-04 13:51:22.061 22960 22960 D AndroidRuntime: CheckJNI is OFF
08-04 13:51:22.063 21560 21572 I art     : Starting a blocking GC Explicit
08-04 13:51:22.082 21560 21572 I art     : Explicit concurrent mark sweep GC freed 20(704B) AllocSpace objects, 0(0B) LOS objects, 23% free, 52MB/68MB, paused 392us total 19.090ms
08-04 13:51:22.090 21560 21572 I art     : Starting a blocking GC Explicit
08-04 13:51:22.098 22960 22960 D ICU     : No timezone override file found: /data/misc/zoneinfo/current/icu/icu_tzdata.dat
08-04 13:51:22.109 21560 21572 I art     : Explicit concurrent mark sweep GC freed 3(96B) AllocSpace objects, 0(0B) LOS objects, 23% free, 52MB/68MB, paused 410us total 18.563ms
08-04 13:51:22.117 21560 21572 I art     : Starting a blocking GC Explicit
08-04 13:51:22.131 22960 22960 I Radio-JNI: register_android_hardware_Radio DONE
08-04 13:51:22.135 21560 21572 I art     : Explicit concurrent mark sweep GC freed 3(96B) AllocSpace objects, 0(0B) LOS objects, 23% free, 52MB/68MB, paused 407us total 18.095ms
08-04 13:51:22.143 21560 21572 I art     : Starting a blocking GC Explicit
08-04 13:51:22.154 22960 22960 D AndroidRuntime: Calling main entry com.android.commands.input.Input
08-04 13:51:22.156 22960 22960 I Input   : injectMotionEvent: MotionEvent { action=ACTION_DOWN, actionButton=0, id[0]=0, x[0]=733.0, y[0]=645.0, toolType[0]=TOOL_TYPE_UNKNOWN, buttonState=0, metaState=0, flags=0x0, edgeFlags=0x0, pointerCount=1, historySize=0, eventTime=712298569, downTime=712298569, deviceId=0, source=0x1002 }
08-04 13:51:22.161 22960 22960 I Input   : injectMotionEvent: MotionEvent { action=ACTION_UP, actionButton=0, id[0]=0, x[0]=733.0, y[0]=645.0, toolType[0]=TOOL_TYPE_UNKNOWN, buttonState=0, metaState=0, flags=0x0, edgeFlags=0x0, pointerCount=1, historySize=0, eventTime=712298569, downTime=712298569, deviceId=0, source=0x1002 }
08-04 13:51:22.161 21560 21572 I art     : Explicit concurrent mark sweep GC freed 3(96B) AllocSpace objects, 0(0B) LOS objects, 23% free, 52MB/68MB, paused 367us total 17.729ms
08-04 13:51:22.162   918  3714 I ActivityManager: START u0 {cmp=baseline.appteam.nith.hillffair/.activities.ClubActivity (has extras)} from uid 10651 on display 0
08-04 13:51:22.171 22960 22960 D AndroidRuntime: Shutting down VM
08-04 13:51:22.277   918   936 I ActivityManager: Displayed baseline.appteam.nith.hillffair/.activities.ClubActivity: +105ms
08-04 13:51:22.278 13866 13866 I GoogleInputMethodServic: GoogleInputMethodService.onFinishInput():3138 
08-04 13:51:22.279 13866 13866 I GoogleInputMethodServic: GoogleInputMethodService.onStartInput():1808 
08-04 13:51:22.412 21560 22049 I art     : Starting a blocking GC Explicit
08-04 13:51:22.441 21560 22049 I art     : Explicit concurrent mark sweep GC freed 5287(330KB) AllocSpace objects, 1(20KB) LOS objects, 23% free, 52MB/68MB, paused 557us total 28.156ms
08-04 13:51:22.452 21560 22049 I art     : Starting a blocking GC Explicit
08-04 13:51:22.481 21560 22049 I art     : Explicit concurrent mark sweep GC freed 211(9KB) AllocSpace objects, 0(0B) LOS objects, 23% free, 52MB/68MB, paused 471us total 27.636ms
08-04 13:51:22.493 21560 22049 I art     : Starting a blocking GC Explicit
08-04 13:51:22.519 21560 22049 I art     : Explicit concurrent mark sweep GC freed 3(96B) AllocSpace objects, 0(0B) LOS objects, 23% free, 52MB/68MB, paused 428us total 26.567ms
08-04 13:51:22.529 21560 22049 I art     : Starting a blocking GC Explicit
08-04 13:51:22.529   380   380 W SurfaceFlinger: couldn't log to binary event log: overflow.
08-04 13:51:22.549 21560 22049 I art     : Explicit concurrent mark sweep GC freed 3(96B) AllocSpace objects, 0(0B) LOS objects, 23% free, 52MB/68MB, paused 398us total 19.941ms
08-04 13:51:22.557 21560 22049 I art     : Starting a blocking GC Explicit
08-04 13:51:22.574 21560 22049 I art     : Explicit concurrent mark sweep GC freed 3(96B) AllocSpace objects, 0(0B) LOS objects, 23% free, 52MB/68MB, paused 385us total 17.425ms
08-04 13:51:22.742 21560 22983 D OkHttp  : --> GET https://api-hillfair-2k16.herokuapp.com/api/app/events/special/event?id=5806551bdcba0f490c70fd1f http/1.1
08-04 13:51:22.776 21560 22983 D OkHttp  : <-- 200 OK https://api-hillfair-2k16.herokuapp.com/api/app/events/special/event?id=5806551bdcba0f490c70fd1f (33ms, 795-byte body)
08-04 13:51:22.832 21560 21560 I NAPPA_EXPERIMENTATION: MetricNetworkRequestExecutionTime: REQUEST_DURATION_SYSTEM='634',REQUEST_DURATION_OKHTTP='34',REQUEST_SYNCHRONOUS='FALSE',RESPONSE_CODE='200',RESPONSE_METHOD='GET',RESPONSE_LENGTH_OKHTTP='795',RESPONSE_LENGTH_HEADER='795',REQUEST_PROTOCOL='http/1.1',REQUEST_URL='https://api-hillfair-2k16.herokuapp.com/api/app/events/special/event?id=5806551bdcba0f490c70fd1f',
08-04 13:51:22.853 21560 22049 I art     : Starting a blocking GC Explicit
08-04 13:51:22.877 21560 22049 I art     : Explicit concurrent mark sweep GC freed 4870(316KB) AllocSpace objects, 4(220KB) LOS objects, 23% free, 52MB/68MB, paused 446us total 23.401ms
08-04 13:51:22.887 21560 22049 I art     : Starting a blocking GC Explicit
08-04 13:51:22.910 21560 22049 I art     : Explicit concurrent mark sweep GC freed 1038(119KB) AllocSpace objects, 0(0B) LOS objects, 23% free, 52MB/68MB, paused 396us total 22.148ms
08-04 13:51:22.919 21560 22049 I art     : Starting a blocking GC Explicit
08-04 13:51:22.939 21560 22049 I art     : Explicit concurrent mark sweep GC freed 3(96B) AllocSpace objects, 0(0B) LOS objects, 23% free, 52MB/68MB, paused 390us total 19.448ms
08-04 13:51:22.948 21560 22049 I art     : Starting a blocking GC Explicit
08-04 13:51:22.969 21560 22049 I art     : Explicit concurrent mark sweep GC freed 3(96B) AllocSpace objects, 0(0B) LOS objects, 23% free, 52MB/68MB, paused 390us total 20.824ms
08-04 13:51:22.978 21560 22049 I art     : Starting a blocking GC Explicit
08-04 13:51:22.998 21560 22049 I art     : Explicit concurrent mark sweep GC freed 3(96B) AllocSpace objects, 0(0B) LOS objects, 23% free, 52MB/68MB, paused 1.542ms total 20.435ms
08-04 13:51:23.278 21560 22049 I art     : Starting a blocking GC Explicit
08-04 13:51:23.300 21560 22049 I art     : Explicit concurrent mark sweep GC freed 1341(78KB) AllocSpace objects, 1(20KB) LOS objects, 23% free, 52MB/68MB, paused 405us total 21.463ms
08-04 13:51:23.300 21560 21571 I art     : WaitForGcToComplete blocked for 12.727ms for cause HeapTrim
08-04 13:51:23.309 21560 22049 I art     : Starting a blocking GC Explicit
08-04 13:51:23.330 21560 22049 I art     : Explicit concurrent mark sweep GC freed 36(1264B) AllocSpace objects, 0(0B) LOS objects, 23% free, 52MB/68MB, paused 372us total 20.999ms
08-04 13:51:23.339 21560 22049 I art     : Starting a blocking GC Explicit
08-04 13:51:23.360 21560 22049 I art     : Explicit concurrent mark sweep GC freed 3(96B) AllocSpace objects, 0(0B) LOS objects, 23% free, 52MB/68MB, paused 400us total 21.100ms
08-04 13:51:23.369 21560 22049 I art     : Starting a blocking GC Explicit
08-04 13:51:23.390 21560 22049 I art     : Explicit concurrent mark sweep GC freed 3(96B) AllocSpace objects, 0(0B) LOS objects, 23% free, 52MB/68MB, paused 451us total 20.671ms
08-04 13:51:23.398 21560 22049 I art     : Starting a blocking GC Explicit
08-04 13:51:23.419 21560 22049 I art     : Explicit concurrent mark sweep GC freed 3(96B) AllocSpace objects, 0(0B) LOS objects, 23% free, 52MB/68MB, paused 392us total 20.675ms
08-04 13:51:23.708 21560 21572 I art     : Starting a blocking GC Explicit
08-04 13:51:23.735 21560 21572 I art     : Explicit concurrent mark sweep GC freed 1341(78KB) AllocSpace objects, 1(20KB) LOS objects, 23% free, 52MB/68MB, paused 374us total 25.876ms
08-04 13:51:23.743 21560 21572 I art     : Starting a blocking GC Explicit
08-04 13:51:23.764 21560 21572 I art     : Explicit concurrent mark sweep GC freed 20(704B) AllocSpace objects, 0(0B) LOS objects, 23% free, 52MB/68MB, paused 400us total 20.760ms
08-04 13:51:23.773 21560 21572 I art     : Starting a blocking GC Explicit
08-04 13:51:23.795 21560 21572 I art     : Explicit concurrent mark sweep GC freed 3(96B) AllocSpace objects, 0(0B) LOS objects, 23% free, 52MB/68MB, paused 393us total 21.154ms
08-04 13:51:23.804 21560 21572 I art     : Starting a blocking GC Explicit
08-04 13:51:23.824 21560 21572 I art     : Explicit concurrent mark sweep GC freed 3(96B) AllocSpace objects, 0(0B) LOS objects, 23% free, 52MB/68MB, paused 389us total 20.462ms
08-04 13:51:23.833 21560 21572 I art     : Starting a blocking GC Explicit
08-04 13:51:23.854 21560 21572 I art     : Explicit concurrent mark sweep GC freed 3(96B) AllocSpace objects, 0(0B) LOS objects, 23% free, 52MB/68MB, paused 405us total 20.865ms
08-04 13:51:24.157 21560 21599 I art     : Starting a blocking GC Explicit
08-04 13:51:24.188 21560 21599 I art     : Explicit concurrent mark sweep GC freed 1341(78KB) AllocSpace objects, 1(20KB) LOS objects, 23% free, 52MB/68MB, paused 461us total 30.925ms
08-04 13:51:24.201 21560 21599 I art     : Starting a blocking GC Explicit
08-04 13:51:24.222 21560 21599 I art     : Explicit concurrent mark sweep GC freed 20(704B) AllocSpace objects, 0(0B) LOS objects, 23% free, 52MB/68MB, paused 399us total 20.673ms
08-04 13:51:24.231 21560 21599 I art     : Starting a blocking GC Explicit
08-04 13:51:24.252 21560 21599 I art     : Explicit concurrent mark sweep GC freed 3(96B) AllocSpace objects, 0(0B) LOS objects, 23% free, 52MB/68MB, paused 398us total 20.454ms
08-04 13:51:24.261 21560 21599 I art     : Starting a blocking GC Explicit
08-04 13:51:24.282 21560 21599 I art     : Explicit concurrent mark sweep GC freed 3(96B) AllocSpace objects, 0(0B) LOS objects, 23% free, 52MB/68MB, paused 410us total 20.989ms
08-04 13:51:24.291 21560 21599 I art     : Starting a blocking GC Explicit
08-04 13:51:24.312 21560 21599 I art     : Explicit concurrent mark sweep GC freed 3(96B) AllocSpace objects, 0(0B) LOS objects, 23% free, 52MB/68MB, paused 409us total 20.848ms
08-04 13:51:24.635 21560 21573 I art     : Starting a blocking GC Explicit
08-04 13:51:24.661 21560 21573 I art     : Explicit concurrent mark sweep GC freed 1341(78KB) AllocSpace objects, 1(20KB) LOS objects, 23% free, 52MB/68MB, paused 431us total 25.925ms
08-04 13:51:24.670 21560 21573 I art     : Starting a blocking GC Explicit
08-04 13:51:24.691 21560 21573 I art     : Explicit concurrent mark sweep GC freed 20(704B) AllocSpace objects, 0(0B) LOS objects, 23% free, 52MB/68MB, paused 406us total 21.134ms
08-04 13:51:24.700 21560 21573 I art     : Starting a blocking GC Explicit
08-04 13:51:24.721 21560 21573 I art     : Explicit concurrent mark sweep GC freed 3(96B) AllocSpace objects, 0(0B) LOS objects, 23% free, 52MB/68MB, paused 403us total 20.589ms
08-04 13:51:24.730 21560 21573 I art     : Starting a blocking GC Explicit
08-04 13:51:24.751 21560 21573 I art     : Explicit concurrent mark sweep GC freed 3(96B) AllocSpace objects, 0(0B) LOS objects, 23% free, 52MB/68MB, paused 411us total 20.847ms
08-04 13:51:24.760 21560 21573 I art     : Starting a blocking GC Explicit
08-04 13:51:24.781 21560 21573 I art     : Explicit concurrent mark sweep GC freed 3(96B) AllocSpace objects, 0(0B) LOS objects, 23% free, 52MB/68MB, paused 430us total 21.019ms
08-04 13:51:25.090 21560 22049 I art     : Starting a blocking GC Explicit
08-04 13:51:25.117 21560 22049 I art     : Explicit concurrent mark sweep GC freed 1341(78KB) AllocSpace objects, 1(20KB) LOS objects, 23% free, 52MB/68MB, paused 461us total 26.651ms
08-04 13:51:25.131 21560 22049 I art     : Starting a blocking GC Explicit
08-04 13:51:25.151 21560 22049 I art     : Explicit concurrent mark sweep GC freed 20(704B) AllocSpace objects, 0(0B) LOS objects, 23% free, 52MB/68MB, paused 386us total 20.406ms
08-04 13:51:25.160 21560 22049 I art     : Starting a blocking GC Explicit
08-04 13:51:25.180 21560 22049 I art     : Explicit concurrent mark sweep GC freed 3(96B) AllocSpace objects, 0(0B) LOS objects, 23% free, 52MB/68MB, paused 440us total 20.303ms
08-04 13:51:25.189 21560 22049 I art     : Starting a blocking GC Explicit
08-04 13:51:25.210 21560 22049 I art     : Explicit concurrent mark sweep GC freed 3(96B) AllocSpace objects, 0(0B) LOS objects, 23% free, 52MB/68MB, paused 392us total 21.042ms
08-04 13:51:25.219 21560 22049 I art     : Starting a blocking GC Explicit
08-04 13:51:25.240 21560 22049 I art     : Explicit concurrent mark sweep GC freed 3(96B) AllocSpace objects, 0(0B) LOS objects, 23% free, 52MB/68MB, paused 399us total 20.785ms
08-04 13:51:25.575 21560 21572 I art     : Starting a blocking GC Explicit
08-04 13:51:25.609 21560 21572 I art     : Explicit concurrent mark sweep GC freed 1341(78KB) AllocSpace objects, 1(20KB) LOS objects, 23% free, 52MB/68MB, paused 486us total 33.237ms
08-04 13:51:25.617 21560 21572 I art     : Starting a blocking GC Explicit
08-04 13:51:25.637 21560 21572 I art     : Explicit concurrent mark sweep GC freed 20(704B) AllocSpace objects, 0(0B) LOS objects, 23% free, 52MB/68MB, paused 403us total 19.379ms
08-04 13:51:25.645 21560 21572 I art     : Starting a blocking GC Explicit
08-04 13:51:25.665 21560 21572 I art     : Explicit concurrent mark sweep GC freed 3(96B) AllocSpace objects, 0(0B) LOS objects, 23% free, 52MB/68MB, paused 390us total 19.492ms
08-04 13:51:25.673 21560 21572 I art     : Starting a blocking GC Explicit
08-04 13:51:25.693 21560 21572 I art     : Explicit concurrent mark sweep GC freed 3(96B) AllocSpace objects, 0(0B) LOS objects, 23% free, 52MB/68MB, paused 385us total 19.661ms
08-04 13:51:25.701 21560 21572 I art     : Starting a blocking GC Explicit
08-04 13:51:25.722 21560 21572 I art     : Explicit concurrent mark sweep GC freed 3(96B) AllocSpace objects, 0(0B) LOS objects, 23% free, 52MB/68MB, paused 401us total 20.738ms
08-04 13:51:26.029 21560 21599 I art     : Starting a blocking GC Explicit
08-04 13:51:26.061 21560 21599 I art     : Explicit concurrent mark sweep GC freed 1341(78KB) AllocSpace objects, 1(20KB) LOS objects, 23% free, 52MB/68MB, paused 524us total 31.658ms
08-04 13:51:26.076 21560 21599 I art     : Starting a blocking GC Explicit
08-04 13:51:26.096 21560 21599 I art     : Explicit concurrent mark sweep GC freed 20(704B) AllocSpace objects, 0(0B) LOS objects, 23% free, 52MB/68MB, paused 391us total 20.095ms
08-04 13:51:26.104 21560 21599 I art     : Starting a blocking GC Explicit
08-04 13:51:26.124 21560 21599 I art     : Explicit concurrent mark sweep GC freed 3(96B) AllocSpace objects, 0(0B) LOS objects, 23% free, 52MB/68MB, paused 383us total 19.808ms
08-04 13:51:26.133 21560 21599 I art     : Starting a blocking GC Explicit
08-04 13:51:26.154 21560 21599 I art     : Explicit concurrent mark sweep GC freed 3(96B) AllocSpace objects, 0(0B) LOS objects, 23% free, 52MB/68MB, paused 405us total 20.901ms
08-04 13:51:26.163 21560 21599 I art     : Starting a blocking GC Explicit
08-04 13:51:26.185 21560 21599 I art     : Explicit concurrent mark sweep GC freed 3(96B) AllocSpace objects, 0(0B) LOS objects, 23% free, 52MB/68MB, paused 477us total 21.272ms
08-04 13:51:26.496 21560 21573 I art     : Starting a blocking GC Explicit
08-04 13:51:26.516 21560 21573 I art     : Explicit concurrent mark sweep GC freed 1341(78KB) AllocSpace objects, 1(20KB) LOS objects, 23% free, 52MB/68MB, paused 412us total 20.394ms
08-04 13:51:26.525 21560 21573 I art     : Starting a blocking GC Explicit
08-04 13:51:26.544 21560 21573 I art     : Explicit concurrent mark sweep GC freed 20(704B) AllocSpace objects, 0(0B) LOS objects, 23% free, 52MB/68MB, paused 408us total 19.494ms
08-04 13:51:26.553 21560 21573 I art     : Starting a blocking GC Explicit
08-04 13:51:26.572 21560 21573 I art     : Explicit concurrent mark sweep GC freed 3(96B) AllocSpace objects, 0(0B) LOS objects, 23% free, 52MB/68MB, paused 409us total 19.425ms
08-04 13:51:26.581 21560 21573 I art     : Starting a blocking GC Explicit
08-04 13:51:26.600 21560 21573 I art     : Explicit concurrent mark sweep GC freed 3(96B) AllocSpace objects, 0(0B) LOS objects, 23% free, 52MB/68MB, paused 403us total 18.924ms
08-04 13:51:26.608 21560 21573 I art     : Starting a blocking GC Explicit
08-04 13:51:26.628 21560 21573 I art     : Explicit concurrent mark sweep GC freed 3(96B) AllocSpace objects, 0(0B) LOS objects, 23% free, 52MB/68MB, paused 407us total 19.445ms
08-04 13:51:26.835 23094 23094 D AndroidRuntime: >>>>>> START com.android.internal.os.RuntimeInit uid 2000 <<<<<<
08-04 13:51:26.840 23094 23094 D AndroidRuntime: CheckJNI is OFF
08-04 13:51:26.873 23094 23094 D ICU     : No timezone override file found: /data/misc/zoneinfo/current/icu/icu_tzdata.dat
08-04 13:51:26.907 23094 23094 I Radio-JNI: register_android_hardware_Radio DONE
08-04 13:51:26.929 23094 23094 D AndroidRuntime: Calling main entry com.android.commands.input.Input
08-04 13:51:26.931 23094 23094 I Input   : injectKeyEvent: KeyEvent { action=ACTION_DOWN, keyCode=KEYCODE_BACK, scanCode=0, metaState=0, flags=0x0, repeatCount=0, eventTime=712303344, downTime=712303344, deviceId=-1, source=0x101 }
08-04 13:51:26.932 21560 22049 I art     : Starting a blocking GC Explicit
08-04 13:51:26.935 23094 23094 I Input   : injectKeyEvent: KeyEvent { action=ACTION_UP, keyCode=KEYCODE_BACK, scanCode=0, metaState=0, flags=0x0, repeatCount=0, eventTime=712303344, downTime=712303344, deviceId=-1, source=0x101 }
08-04 13:51:26.940 23094 23094 D AndroidRuntime: Shutting down VM
08-04 13:51:26.952 21560 22049 I art     : Explicit concurrent mark sweep GC freed 1474(84KB) AllocSpace objects, 1(20KB) LOS objects, 23% free, 52MB/68MB, paused 421us total 19.638ms
08-04 13:51:26.961 21560 22049 I art     : Starting a blocking GC Explicit
08-04 13:51:26.979 13866 13866 I GoogleInputMethodServic: GoogleInputMethodService.onFinishInput():3138 
08-04 13:51:26.980 13866 13866 I GoogleInputMethodServic: GoogleInputMethodService.onStartInput():1808 
08-04 13:51:26.981 21560 22049 I art     : Explicit concurrent mark sweep GC freed 29(976B) AllocSpace objects, 0(0B) LOS objects, 23% free, 52MB/68MB, paused 399us total 19.118ms
08-04 13:51:26.990 21560 22049 I art     : Starting a blocking GC Explicit
08-04 13:51:27.008 21560 22049 I art     : Explicit concurrent mark sweep GC freed 30(1120B) AllocSpace objects, 0(0B) LOS objects, 23% free, 52MB/68MB, paused 363us total 17.419ms
08-04 13:51:27.016 21560 22049 I art     : Starting a blocking GC Explicit
08-04 13:51:27.035 21560 22049 I art     : Explicit concurrent mark sweep GC freed 10(384B) AllocSpace objects, 0(0B) LOS objects, 23% free, 52MB/68MB, paused 429us total 18.634ms
08-04 13:51:27.042 21560 22049 I art     : Starting a blocking GC Explicit
08-04 13:51:27.059 21560 22049 I art     : Explicit concurrent mark sweep GC freed 3(96B) AllocSpace objects, 0(0B) LOS objects, 23% free, 52MB/68MB, paused 342us total 16.786ms
08-04 13:51:27.267   380   380 W SurfaceFlinger: couldn't log to binary event log: overflow.
08-04 13:51:27.322 21560 21572 I art     : Starting a blocking GC Explicit
08-04 13:51:27.343 21560 21572 I art     : Explicit concurrent mark sweep GC freed 1450(87KB) AllocSpace objects, 1(20KB) LOS objects, 23% free, 52MB/68MB, paused 396us total 21.248ms
08-04 13:51:27.352 21560 21572 I art     : Starting a blocking GC Explicit
08-04 13:51:27.372 21560 21572 I art     : Explicit concurrent mark sweep GC freed 1672(107KB) AllocSpace objects, 3(400KB) LOS objects, 23% free, 52MB/68MB, paused 388us total 19.691ms
08-04 13:51:27.380 21560 21572 I art     : Starting a blocking GC Explicit
08-04 13:51:27.400 21560 21572 I art     : Explicit concurrent mark sweep GC freed 3(96B) AllocSpace objects, 0(0B) LOS objects, 23% free, 52MB/68MB, paused 390us total 19.505ms
08-04 13:51:27.408 21560 21572 I art     : Starting a blocking GC Explicit
08-04 13:51:27.428 21560 21572 I art     : Explicit concurrent mark sweep GC freed 3(96B) AllocSpace objects, 0(0B) LOS objects, 23% free, 52MB/68MB, paused 416us total 19.717ms
08-04 13:51:27.437 21560 21572 I art     : Starting a blocking GC Explicit
08-04 13:51:27.457 21560 21572 I art     : Explicit concurrent mark sweep GC freed 3(96B) AllocSpace objects, 0(0B) LOS objects, 23% free, 52MB/68MB, paused 430us total 20.241ms
08-04 13:51:27.735 21560 21599 I art     : Starting a blocking GC Explicit
08-04 13:51:27.763 21560 21599 I art     : Explicit concurrent mark sweep GC freed 1341(78KB) AllocSpace objects, 1(20KB) LOS objects, 23% free, 52MB/68MB, paused 416us total 27.792ms
08-04 13:51:27.771 21560 21599 I art     : Starting a blocking GC Explicit
08-04 13:51:27.792 21560 21599 I art     : Explicit concurrent mark sweep GC freed 20(704B) AllocSpace objects, 0(0B) LOS objects, 23% free, 52MB/68MB, paused 396us total 20.137ms
08-04 13:51:27.800 21560 21599 I art     : Starting a blocking GC Explicit
08-04 13:51:27.820 21560 21599 I art     : Explicit concurrent mark sweep GC freed 3(96B) AllocSpace objects, 0(0B) LOS objects, 23% free, 52MB/68MB, paused 388us total 19.691ms
08-04 13:51:27.829 21560 21599 I art     : Starting a blocking GC Explicit
08-04 13:51:27.849 21560 21599 I art     : Explicit concurrent mark sweep GC freed 3(96B) AllocSpace objects, 0(0B) LOS objects, 23% free, 52MB/68MB, paused 399us total 20.209ms
08-04 13:51:27.858 21560 21599 I art     : Starting a blocking GC Explicit
08-04 13:51:27.879 21560 21599 I art     : Explicit concurrent mark sweep GC freed 3(96B) AllocSpace objects, 0(0B) LOS objects, 23% free, 52MB/68MB, paused 387us total 20.968ms
08-04 13:51:28.165 21560 21573 I art     : Starting a blocking GC Explicit
08-04 13:51:28.189 21560 21573 I art     : Explicit concurrent mark sweep GC freed 1340(78KB) AllocSpace objects, 1(20KB) LOS objects, 23% free, 52MB/68MB, paused 375us total 23.660ms
08-04 13:51:28.198 21560 21573 I art     : Starting a blocking GC Explicit
08-04 13:51:28.216 21560 21573 I art     : Explicit concurrent mark sweep GC freed 211(13KB) AllocSpace objects, 0(0B) LOS objects, 23% free, 52MB/68MB, paused 470us total 18.110ms
08-04 13:51:28.224 21560 21573 I art     : Starting a blocking GC Explicit
08-04 13:51:28.242 21560 21573 I art     : Explicit concurrent mark sweep GC freed 27(1216B) AllocSpace objects, 0(0B) LOS objects, 23% free, 52MB/68MB, paused 477us total 17.896ms
08-04 13:51:28.249 21560 21573 I art     : Starting a blocking GC Explicit
08-04 13:51:28.268 21560 21573 I art     : Explicit concurrent mark sweep GC freed 84(4KB) AllocSpace objects, 0(0B) LOS objects, 23% free, 52MB/68MB, paused 452us total 18.778ms
08-04 13:51:28.276 21560 21573 I art     : Starting a blocking GC Explicit
08-04 13:51:28.295 21560 21573 I art     : Explicit concurrent mark sweep GC freed 26(832B) AllocSpace objects, 0(0B) LOS objects, 23% free, 52MB/68MB, paused 522us total 18.700ms
08-04 13:51:28.364 21560 23155 W OneSignal: OneSignalRestClient: POST Error thrown from network stack. 
08-04 13:51:28.364 21560 23155 W OneSignal: java.io.IOException: unexpected end of stream on Connection{api.onesignal.com:443, proxy=HTTP@192.168.2.12:8080 hostAddress=192.168.2.12 cipherSuite=TLS_ECDHE_RSA_WITH_AES_128_GCM_SHA256 protocol=http/1.1} (recycle count=0)
08-04 13:51:28.364 21560 23155 W OneSignal: 	at com.android.okhttp.internal.http.HttpConnection.readResponse(HttpConnection.java:210)
08-04 13:51:28.364 21560 23155 W OneSignal: 	at com.android.okhttp.internal.http.HttpTransport.readResponseHeaders(HttpTransport.java:80)
08-04 13:51:28.364 21560 23155 W OneSignal: 	at com.android.okhttp.internal.http.HttpEngine.readNetworkResponse(HttpEngine.java:904)
08-04 13:51:28.364 21560 23155 W OneSignal: 	at com.android.okhttp.internal.http.HttpEngine.readResponse(HttpEngine.java:788)
08-04 13:51:28.364 21560 23155 W OneSignal: 	at com.android.okhttp.internal.huc.HttpURLConnectionImpl.execute(HttpURLConnectionImpl.java:439)
08-04 13:51:28.364 21560 23155 W OneSignal: 	at com.android.okhttp.internal.huc.HttpURLConnectionImpl.getResponse(HttpURLConnectionImpl.java:384)
08-04 13:51:28.364 21560 23155 W OneSignal: 	at com.android.okhttp.internal.huc.HttpURLConnectionImpl.getResponseCode(HttpURLConnectionImpl.java:497)
08-04 13:51:28.364 21560 23155 W OneSignal: 	at com.android.okhttp.internal.huc.DelegatingHttpsURLConnection.getResponseCode(DelegatingHttpsURLConnection.java:105)
08-04 13:51:28.364 21560 23155 W OneSignal: 	at com.android.okhttp.internal.huc.HttpsURLConnectionImpl.getResponseCode(HttpsURLConnectionImpl.java)
08-04 13:51:28.364 21560 23155 W OneSignal: 	at com.onesignal.OneSignalRestClient.startHTTPConnection(OneSignalRestClient.java:180)
08-04 13:51:28.364 21560 23155 W OneSignal: 	at com.onesignal.OneSignalRestClient.access$100(OneSignalRestClient.java:44)
08-04 13:51:28.364 21560 23155 W OneSignal: 	at com.onesignal.OneSignalRestClient$4.run(OneSignalRestClient.java:110)
08-04 13:51:28.364 21560 23155 W OneSignal: 	at java.lang.Thread.run(Thread.java:818)
08-04 13:51:28.364 21560 23155 W OneSignal: Caused by: java.io.EOFException: \n not found: size=0 content=...
08-04 13:51:28.364 21560 23155 W OneSignal: 	at com.android.okhttp.okio.RealBufferedSource.readUtf8LineStrict(RealBufferedSource.java:200)
08-04 13:51:28.364 21560 23155 W OneSignal: 	at com.android.okhttp.internal.http.HttpConnection.readResponse(HttpConnection.java:191)
08-04 13:51:28.364 21560 23155 W OneSignal: 	... 12 more
08-04 13:51:28.365 21560 23156 W OneSignal: Failed last request. statusCode: -1
08-04 13:51:28.365 21560 23156 W OneSignal: response: null
08-04 13:51:28.558 21560 22049 I art     : Starting a blocking GC Explicit
08-04 13:51:28.579 21560 22049 I art     : Explicit concurrent mark sweep GC freed 3592(224KB) AllocSpace objects, 1(20KB) LOS objects, 23% free, 52MB/68MB, paused 429us total 20.516ms
08-04 13:51:28.581 23153 23153 D AndroidRuntime: >>>>>> START com.android.internal.os.RuntimeInit uid 2000 <<<<<<
08-04 13:51:28.587 23153 23153 D AndroidRuntime: CheckJNI is OFF
08-04 13:51:28.588 21560 22049 I art     : Starting a blocking GC Explicit
08-04 13:51:28.608 21560 22049 I art     : Explicit concurrent mark sweep GC freed 67(2432B) AllocSpace objects, 0(0B) LOS objects, 23% free, 52MB/68MB, paused 432us total 19.585ms
08-04 13:51:28.616 21560 22049 I art     : Starting a blocking GC Explicit
08-04 13:51:28.626 23153 23153 D ICU     : No timezone override file found: /data/misc/zoneinfo/current/icu/icu_tzdata.dat
08-04 13:51:28.636 21560 22049 I art     : Explicit concurrent mark sweep GC freed 3(96B) AllocSpace objects, 0(0B) LOS objects, 23% free, 52MB/68MB, paused 443us total 19.602ms
08-04 13:51:28.645 21560 22049 I art     : Starting a blocking GC Explicit
08-04 13:51:28.660 23153 23153 I Radio-JNI: register_android_hardware_Radio DONE
08-04 13:51:28.664 21560 22049 I art     : Explicit concurrent mark sweep GC freed 3(96B) AllocSpace objects, 0(0B) LOS objects, 23% free, 52MB/68MB, paused 415us total 19.583ms
08-04 13:51:28.673 21560 22049 I art     : Starting a blocking GC Explicit
08-04 13:51:28.682 23153 23153 D AndroidRuntime: Calling main entry com.android.commands.input.Input
08-04 13:51:28.684 23153 23153 I Input   : injectKeyEvent: KeyEvent { action=ACTION_DOWN, keyCode=KEYCODE_BACK, scanCode=0, metaState=0, flags=0x0, repeatCount=0, eventTime=712305097, downTime=712305097, deviceId=-1, source=0x101 }
08-04 13:51:28.689 23153 23153 I Input   : injectKeyEvent: KeyEvent { action=ACTION_UP, keyCode=KEYCODE_BACK, scanCode=0, metaState=0, flags=0x0, repeatCount=0, eventTime=712305097, downTime=712305097, deviceId=-1, source=0x101 }
08-04 13:51:28.691 21560 22049 I art     : Explicit concurrent mark sweep GC freed 4(176B) AllocSpace objects, 0(0B) LOS objects, 23% free, 52MB/68MB, paused 383us total 17.532ms
08-04 13:51:28.695 23153 23153 D AndroidRuntime: Shutting down VM
08-04 13:51:28.727 13866 13866 I GoogleInputMethodServic: GoogleInputMethodService.onFinishInput():3138 
08-04 13:51:28.728 13866 13866 I GoogleInputMethodServic: GoogleInputMethodService.onStartInput():1808 
08-04 13:51:28.950 21560 21573 I art     : Starting a blocking GC Explicit
08-04 13:51:28.976 21560 21573 I art     : Explicit concurrent mark sweep GC freed 1549(87KB) AllocSpace objects, 1(20KB) LOS objects, 23% free, 52MB/68MB, paused 745us total 25.256ms
08-04 13:51:28.987 21560 21573 I art     : Starting a blocking GC Explicit
08-04 13:51:29.008 21560 21573 I art     : Explicit concurrent mark sweep GC freed 24(864B) AllocSpace objects, 0(0B) LOS objects, 23% free, 52MB/68MB, paused 368us total 21.525ms
08-04 13:51:29.017 21560 21573 I art     : Starting a blocking GC Explicit
08-04 13:51:29.037 21560 21573 I art     : Explicit concurrent mark sweep GC freed 1065(51KB) AllocSpace objects, 0(0B) LOS objects, 23% free, 52MB/68MB, paused 474us total 19.210ms
08-04 13:51:29.045 21560 21573 I art     : Starting a blocking GC Explicit
08-04 13:51:29.064 21560 21573 I art     : Explicit concurrent mark sweep GC freed 121(6KB) AllocSpace objects, 0(0B) LOS objects, 23% free, 52MB/68MB, paused 401us total 18.934ms
08-04 13:51:29.072 21560 21573 I art     : Starting a blocking GC Explicit
08-04 13:51:29.090 21560 21573 I art     : Explicit concurrent mark sweep GC freed 1967(121KB) AllocSpace objects, 2(140KB) LOS objects, 23% free, 52MB/68MB, paused 430us total 17.199ms
08-04 13:51:29.377 21560 21572 I art     : Starting a blocking GC Explicit
08-04 13:51:29.401 21560 21572 I art     : Explicit concurrent mark sweep GC freed 1340(78KB) AllocSpace objects, 1(20KB) LOS objects, 23% free, 52MB/68MB, paused 508us total 24.210ms
08-04 13:51:29.413 21560 21572 I art     : Starting a blocking GC Explicit
08-04 13:51:29.437 21560 21572 I art     : Explicit concurrent mark sweep GC freed 20(704B) AllocSpace objects, 0(0B) LOS objects, 23% free, 52MB/68MB, paused 515us total 23.664ms
08-04 13:51:29.448 21560 21572 I art     : Starting a blocking GC Explicit
08-04 13:51:29.467 21560 21572 I art     : Explicit concurrent mark sweep GC freed 3(96B) AllocSpace objects, 0(0B) LOS objects, 23% free, 52MB/68MB, paused 393us total 19.473ms
08-04 13:51:29.476 21560 21572 I art     : Starting a blocking GC Explicit
08-04 13:51:29.496 21560 21572 I art     : Explicit concurrent mark sweep GC freed 3(96B) AllocSpace objects, 0(0B) LOS objects, 23% free, 52MB/68MB, paused 404us total 19.334ms
08-04 13:51:29.504 21560 21572 I art     : Starting a blocking GC Explicit
08-04 13:51:29.524 21560 21572 I art     : Explicit concurrent mark sweep GC freed 3(96B) AllocSpace objects, 0(0B) LOS objects, 23% free, 52MB/68MB, paused 400us total 19.317ms
08-04 13:51:29.821 21560 22049 I art     : Starting a blocking GC Explicit
08-04 13:51:29.845 21560 22049 I art     : Explicit concurrent mark sweep GC freed 1338(78KB) AllocSpace objects, 1(20KB) LOS objects, 23% free, 52MB/68MB, paused 435us total 23.524ms
08-04 13:51:29.856 21560 22049 I art     : Starting a blocking GC Explicit
08-04 13:51:29.880 21560 22049 I art     : Explicit concurrent mark sweep GC freed 20(704B) AllocSpace objects, 0(0B) LOS objects, 23% free, 52MB/68MB, paused 461us total 23.099ms
08-04 13:51:29.889 21560 22049 I art     : Starting a blocking GC Explicit
08-04 13:51:29.908 21560 22049 I art     : Explicit concurrent mark sweep GC freed 3(96B) AllocSpace objects, 0(0B) LOS objects, 23% free, 52MB/68MB, paused 414us total 19.131ms
08-04 13:51:29.917 21560 22049 I art     : Starting a blocking GC Explicit
08-04 13:51:29.934 21560 22049 I art     : Explicit concurrent mark sweep GC freed 3(96B) AllocSpace objects, 0(0B) LOS objects, 23% free, 52MB/68MB, paused 372us total 17.489ms
08-04 13:51:29.942 21560 22049 I art     : Starting a blocking GC Explicit
08-04 13:51:29.960 21560 22049 I art     : Explicit concurrent mark sweep GC freed 3(96B) AllocSpace objects, 0(0B) LOS objects, 23% free, 52MB/68MB, paused 409us total 17.520ms
08-04 13:51:30.225 21560 21599 I art     : Starting a blocking GC Explicit
08-04 13:51:30.245 21560 21599 I art     : Explicit concurrent mark sweep GC freed 1338(78KB) AllocSpace objects, 1(20KB) LOS objects, 23% free, 52MB/68MB, paused 428us total 19.364ms
08-04 13:51:30.253 21560 21599 I art     : Starting a blocking GC Explicit
08-04 13:51:30.272 21560 21599 I art     : Explicit concurrent mark sweep GC freed 20(704B) AllocSpace objects, 0(0B) LOS objects, 23% free, 52MB/68MB, paused 422us total 18.450ms
08-04 13:51:30.281 21560 21599 I art     : Starting a blocking GC Explicit
08-04 13:51:30.300 21560 21599 I art     : Explicit concurrent mark sweep GC freed 3(96B) AllocSpace objects, 0(0B) LOS objects, 23% free, 52MB/68MB, paused 412us total 18.559ms
08-04 13:51:30.308 21560 21599 I art     : Starting a blocking GC Explicit
08-04 13:51:30.327 21560 21599 I art     : Explicit concurrent mark sweep GC freed 3(96B) AllocSpace objects, 0(0B) LOS objects, 23% free, 52MB/68MB, paused 514us total 18.113ms
08-04 13:51:30.335 21560 21599 I art     : Starting a blocking GC Explicit
08-04 13:51:30.340 23208 23208 D AndroidRuntime: >>>>>> START com.android.internal.os.RuntimeInit uid 2000 <<<<<<
08-04 13:51:30.345 23208 23208 D AndroidRuntime: CheckJNI is OFF
08-04 13:51:30.354 21560 21599 I art     : Explicit concurrent mark sweep GC freed 3(96B) AllocSpace objects, 0(0B) LOS objects, 23% free, 52MB/68MB, paused 403us total 18.426ms
08-04 13:51:30.379 23208 23208 D ICU     : No timezone override file found: /data/misc/zoneinfo/current/icu/icu_tzdata.dat
08-04 13:51:30.411 23208 23208 I Radio-JNI: register_android_hardware_Radio DONE
08-04 13:51:30.433 23208 23208 D AndroidRuntime: Calling main entry com.android.commands.input.Input
08-04 13:51:30.436 23208 23208 I Input   : injectMotionEvent: MotionEvent { action=ACTION_DOWN, actionButton=0, id[0]=0, x[0]=337.0, y[0]=1104.0, toolType[0]=TOOL_TYPE_UNKNOWN, buttonState=0, metaState=0, flags=0x0, edgeFlags=0x0, pointerCount=1, historySize=0, eventTime=712306848, downTime=712306848, deviceId=0, source=0x1002 }
08-04 13:51:30.441 23208 23208 I Input   : injectMotionEvent: MotionEvent { action=ACTION_UP, actionButton=0, id[0]=0, x[0]=337.0, y[0]=1104.0, toolType[0]=TOOL_TYPE_UNKNOWN, buttonState=0, metaState=0, flags=0x0, edgeFlags=0x0, pointerCount=1, historySize=0, eventTime=712306848, downTime=712306848, deviceId=0, source=0x1002 }
08-04 13:51:30.443   918  4400 I ActivityManager: START u0 {cmp=baseline.appteam.nith.hillffair/.activities.BattleDayActivity} from uid 10651 on display 0
08-04 13:51:30.452 23208 23208 D AndroidRuntime: Shutting down VM
08-04 13:51:30.528 13866 13866 I GoogleInputMethodServic: GoogleInputMethodService.onFinishInput():3138 
08-04 13:51:30.529 13866 13866 I GoogleInputMethodServic: GoogleInputMethodService.onStartInput():1808 
08-04 13:51:30.555   918   936 I ActivityManager: Displayed baseline.appteam.nith.hillffair/.activities.BattleDayActivity: +102ms
08-04 13:51:30.598 21560 21573 I art     : Starting a blocking GC Explicit
08-04 13:51:30.615   918   929 I AccountManagerService: getTypesVisibleToCaller: isPermitted? true
08-04 13:51:30.616 21560 21573 I art     : Explicit concurrent mark sweep GC freed 6364(383KB) AllocSpace objects, 1(20KB) LOS objects, 23% free, 52MB/68MB, paused 446us total 17.848ms
08-04 13:51:30.624 21560 21573 I art     : Starting a blocking GC Explicit
08-04 13:51:30.641 21560 21573 I art     : Explicit concurrent mark sweep GC freed 260(11KB) AllocSpace objects, 0(0B) LOS objects, 23% free, 52MB/68MB, paused 410us total 16.847ms
08-04 13:51:30.649 21560 21573 I art     : Starting a blocking GC Explicit
08-04 13:51:30.666 21560 21573 I art     : Explicit concurrent mark sweep GC freed 3(96B) AllocSpace objects, 0(0B) LOS objects, 23% free, 52MB/68MB, paused 475us total 17.233ms
08-04 13:51:30.675 21560 21573 I art     : Starting a blocking GC Explicit
08-04 13:51:30.692 21560 21573 I art     : Explicit concurrent mark sweep GC freed 3(96B) AllocSpace objects, 0(0B) LOS objects, 23% free, 52MB/68MB, paused 416us total 17.330ms
08-04 13:51:30.700 21560 21573 I art     : Starting a blocking GC Explicit
08-04 13:51:30.718 21560 21573 I art     : Explicit concurrent mark sweep GC freed 3(96B) AllocSpace objects, 0(0B) LOS objects, 23% free, 52MB/68MB, paused 467us total 18.203ms
08-04 13:51:30.806   380   380 W SurfaceFlinger: couldn't log to binary event log: overflow.
08-04 13:51:30.853   918  3188 I hubconnection: sensorhub said: 'set_bias 3: -6.7200, 0.0000, 0.0000'
08-04 13:51:30.928 21560 23234 D OkHttp  : --> GET https://api-hillfair-2k16.herokuapp.com/api/app/events/special http/1.1
08-04 13:51:30.961 21560 23234 D OkHttp  : <-- 200 OK https://api-hillfair-2k16.herokuapp.com/api/app/events/special (33ms, 554-byte body)
08-04 13:51:30.967 19867 19998 E GoogleConversionReporter: Error sending ping
08-04 13:51:30.967 19867 19998 E GoogleConversionReporter: bljc: Exception in CronetUrlRequest: net::ERR_CONNECTION_CLOSED, ErrorCode=5, InternalErrorCode=-100, Retryable=true
08-04 13:51:30.967 19867 19998 E GoogleConversionReporter: 	at org.chromium.net.impl.CronetUrlRequest.onError(PG:55)
08-04 13:51:30.983 21560 21572 I art     : Starting a blocking GC Explicit
08-04 13:51:31.005 21560 21572 I art     : Explicit concurrent mark sweep GC freed 4250(251KB) AllocSpace objects, 4(220KB) LOS objects, 23% free, 52MB/68MB, paused 430us total 21.440ms
08-04 13:51:31.007 21560 21560 I NAPPA_EXPERIMENTATION: MetricNetworkRequestExecutionTime: REQUEST_DURATION_SYSTEM='529',REQUEST_DURATION_OKHTTP='33',REQUEST_SYNCHRONOUS='FALSE',RESPONSE_CODE='200',RESPONSE_METHOD='GET',RESPONSE_LENGTH_OKHTTP='554',RESPONSE_LENGTH_HEADER='554',REQUEST_PROTOCOL='http/1.1',REQUEST_URL='https://api-hillfair-2k16.herokuapp.com/api/app/events/special',
08-04 13:51:31.014 21560 21572 I art     : Starting a blocking GC Explicit
08-04 13:51:31.033 21560 21572 I art     : Explicit concurrent mark sweep GC freed 1522(174KB) AllocSpace objects, 0(0B) LOS objects, 23% free, 52MB/68MB, paused 628us total 18.778ms
08-04 13:51:31.041 21560 21572 I art     : Starting a blocking GC Explicit
08-04 13:51:31.059 21560 21572 I art     : Explicit concurrent mark sweep GC freed 289(10KB) AllocSpace objects, 0(0B) LOS objects, 23% free, 52MB/68MB, paused 396us total 17.645ms
08-04 13:51:31.067 21560 21572 I art     : Starting a blocking GC Explicit
08-04 13:51:31.084 21560 21572 I art     : Explicit concurrent mark sweep GC freed 29(1456B) AllocSpace objects, 0(0B) LOS objects, 23% free, 52MB/68MB, paused 409us total 16.982ms
08-04 13:51:31.092 21560 21572 I art     : Starting a blocking GC Explicit
08-04 13:51:31.110 21560 21572 I art     : Explicit concurrent mark sweep GC freed 5(192B) AllocSpace objects, 0(0B) LOS objects, 23% free, 52MB/68MB, paused 517us total 18.031ms
08-04 13:51:31.389 21560 21573 I art     : Starting a blocking GC Explicit
08-04 13:51:31.411 21560 21573 I art     : Explicit concurrent mark sweep GC freed 1340(78KB) AllocSpace objects, 1(20KB) LOS objects, 23% free, 52MB/68MB, paused 454us total 21.294ms
08-04 13:51:31.419 21560 21573 I art     : Starting a blocking GC Explicit
08-04 13:51:31.440 21560 21573 I art     : Explicit concurrent mark sweep GC freed 20(704B) AllocSpace objects, 0(0B) LOS objects, 23% free, 52MB/68MB, paused 428us total 20.433ms
08-04 13:51:31.449 21560 21573 I art     : Starting a blocking GC Explicit
08-04 13:51:31.469 21560 21573 I art     : Explicit concurrent mark sweep GC freed 3(96B) AllocSpace objects, 0(0B) LOS objects, 23% free, 52MB/68MB, paused 431us total 19.841ms
08-04 13:51:31.478 21560 21573 I art     : Starting a blocking GC Explicit
08-04 13:51:31.498 21560 21573 I art     : Explicit concurrent mark sweep GC freed 3(96B) AllocSpace objects, 0(0B) LOS objects, 23% free, 52MB/68MB, paused 426us total 20.116ms
08-04 13:51:31.507 21560 21573 I art     : Starting a blocking GC Explicit
08-04 13:51:31.528 21560 21573 I art     : Explicit concurrent mark sweep GC freed 3(96B) AllocSpace objects, 0(0B) LOS objects, 23% free, 52MB/68MB, paused 467us total 20.736ms
08-04 13:51:31.807 21560 21599 I art     : Starting a blocking GC Explicit
08-04 13:51:31.831 21560 21599 I art     : Explicit concurrent mark sweep GC freed 1340(78KB) AllocSpace objects, 1(20KB) LOS objects, 23% free, 52MB/68MB, paused 464us total 23.693ms
08-04 13:51:31.842 21560 21599 I art     : Starting a blocking GC Explicit
08-04 13:51:31.864 21560 21599 I art     : Explicit concurrent mark sweep GC freed 20(704B) AllocSpace objects, 0(0B) LOS objects, 23% free, 52MB/68MB, paused 440us total 20.885ms
08-04 13:51:31.872 21560 21599 I art     : Starting a blocking GC Explicit
08-04 13:51:31.893 21560 21599 I art     : Explicit concurrent mark sweep GC freed 3(96B) AllocSpace objects, 0(0B) LOS objects, 23% free, 52MB/68MB, paused 469us total 20.535ms
08-04 13:51:31.902 21560 21599 I art     : Starting a blocking GC Explicit
08-04 13:51:31.923 21560 21599 I art     : Explicit concurrent mark sweep GC freed 3(96B) AllocSpace objects, 0(0B) LOS objects, 23% free, 52MB/68MB, paused 431us total 20.591ms
08-04 13:51:31.932 21560 21599 I art     : Starting a blocking GC Explicit
08-04 13:51:31.952 21560 21599 I art     : Explicit concurrent mark sweep GC freed 3(96B) AllocSpace objects, 0(0B) LOS objects, 23% free, 52MB/68MB, paused 425us total 19.897ms
08-04 13:51:32.302 21560 22049 I art     : Starting a blocking GC Explicit
08-04 13:51:32.329 21560 22049 I art     : Explicit concurrent mark sweep GC freed 1340(78KB) AllocSpace objects, 1(20KB) LOS objects, 23% free, 52MB/68MB, paused 472us total 26.971ms
08-04 13:51:32.341 21560 22049 I art     : Starting a blocking GC Explicit
08-04 13:51:32.363 21560 22049 I art     : Explicit concurrent mark sweep GC freed 20(704B) AllocSpace objects, 0(0B) LOS objects, 23% free, 52MB/68MB, paused 430us total 21.216ms
08-04 13:51:32.371 21560 22049 I art     : Starting a blocking GC Explicit
08-04 13:51:32.392 21560 22049 I art     : Explicit concurrent mark sweep GC freed 3(96B) AllocSpace objects, 0(0B) LOS objects, 23% free, 52MB/68MB, paused 426us total 20.629ms
08-04 13:51:32.401 21560 22049 I art     : Starting a blocking GC Explicit
08-04 13:51:32.422 21560 22049 I art     : Explicit concurrent mark sweep GC freed 3(96B) AllocSpace objects, 0(0B) LOS objects, 23% free, 52MB/68MB, paused 423us total 20.437ms
08-04 13:51:32.431 21560 22049 I art     : Starting a blocking GC Explicit
08-04 13:51:32.451 21560 22049 I art     : Explicit concurrent mark sweep GC freed 3(96B) AllocSpace objects, 0(0B) LOS objects, 23% free, 52MB/68MB, paused 485us total 20.421ms
08-04 13:51:32.759 21560 21572 I art     : Starting a blocking GC Explicit
08-04 13:51:32.782 21560 21572 I art     : Explicit concurrent mark sweep GC freed 1340(78KB) AllocSpace objects, 1(20KB) LOS objects, 23% free, 52MB/68MB, paused 461us total 22.098ms
08-04 13:51:32.795 21560 21572 I art     : Starting a blocking GC Explicit
08-04 13:51:32.815 21560 21572 I art     : Explicit concurrent mark sweep GC freed 20(704B) AllocSpace objects, 0(0B) LOS objects, 23% free, 52MB/68MB, paused 466us total 19.833ms
08-04 13:51:32.824 21560 21572 I art     : Starting a blocking GC Explicit
08-04 13:51:32.844 21560 21572 I art     : Explicit concurrent mark sweep GC freed 3(96B) AllocSpace objects, 0(0B) LOS objects, 23% free, 52MB/68MB, paused 417us total 20.053ms
08-04 13:51:32.853 21560 21572 I art     : Starting a blocking GC Explicit
08-04 13:51:32.874 21560 21572 I art     : Explicit concurrent mark sweep GC freed 3(96B) AllocSpace objects, 0(0B) LOS objects, 23% free, 52MB/68MB, paused 428us total 20.806ms
08-04 13:51:32.882 21560 21572 I art     : Starting a blocking GC Explicit
08-04 13:51:32.903 21560 21572 I art     : Explicit concurrent mark sweep GC freed 3(96B) AllocSpace objects, 0(0B) LOS objects, 23% free, 52MB/68MB, paused 437us total 20.350ms
08-04 13:51:33.218 21560 21573 I art     : Starting a blocking GC Explicit
08-04 13:51:33.246 21560 21573 I art     : Explicit concurrent mark sweep GC freed 1340(78KB) AllocSpace objects, 1(20KB) LOS objects, 23% free, 52MB/68MB, paused 467us total 28.519ms
08-04 13:51:33.258 21560 21573 I art     : Starting a blocking GC Explicit
08-04 13:51:33.279 21560 21573 I art     : Explicit concurrent mark sweep GC freed 20(704B) AllocSpace objects, 0(0B) LOS objects, 23% free, 52MB/68MB, paused 441us total 20.493ms
08-04 13:51:33.288 21560 21573 I art     : Starting a blocking GC Explicit
08-04 13:51:33.309 21560 21573 I art     : Explicit concurrent mark sweep GC freed 3(96B) AllocSpace objects, 0(0B) LOS objects, 23% free, 52MB/68MB, paused 447us total 20.614ms
08-04 13:51:33.318 21560 21573 I art     : Starting a blocking GC Explicit
08-04 13:51:33.339 21560 21573 I art     : Explicit concurrent mark sweep GC freed 3(96B) AllocSpace objects, 0(0B) LOS objects, 23% free, 52MB/68MB, paused 439us total 20.845ms
08-04 13:51:33.347 21560 21573 I art     : Starting a blocking GC Explicit
08-04 13:51:33.368 21560 21573 I art     : Explicit concurrent mark sweep GC freed 3(96B) AllocSpace objects, 0(0B) LOS objects, 23% free, 52MB/68MB, paused 444us total 20.012ms
08-04 13:51:33.693 21560 21599 I art     : Starting a blocking GC Explicit
08-04 13:51:33.723 21560 21599 I art     : Explicit concurrent mark sweep GC freed 1340(78KB) AllocSpace objects, 1(20KB) LOS objects, 23% free, 52MB/68MB, paused 473us total 29.718ms
08-04 13:51:33.735 21560 21599 I art     : Starting a blocking GC Explicit
08-04 13:51:33.756 21560 21599 I art     : Explicit concurrent mark sweep GC freed 20(704B) AllocSpace objects, 0(0B) LOS objects, 23% free, 52MB/68MB, paused 416us total 20.863ms
08-04 13:51:33.764 21560 21599 I art     : Starting a blocking GC Explicit
08-04 13:51:33.784 21560 21599 I art     : Explicit concurrent mark sweep GC freed 3(96B) AllocSpace objects, 0(0B) LOS objects, 23% free, 52MB/68MB, paused 413us total 19.750ms
08-04 13:51:33.793 21560 21599 I art     : Starting a blocking GC Explicit
08-04 13:51:33.813 21560 21599 I art     : Explicit concurrent mark sweep GC freed 3(96B) AllocSpace objects, 0(0B) LOS objects, 23% free, 52MB/68MB, paused 425us total 20.049ms
08-04 13:51:33.821 21560 21599 I art     : Starting a blocking GC Explicit
08-04 13:51:33.842 21560 21599 I art     : Explicit concurrent mark sweep GC freed 3(96B) AllocSpace objects, 0(0B) LOS objects, 23% free, 52MB/68MB, paused 418us total 20.198ms
08-04 13:51:34.158 21560 22049 I art     : Starting a blocking GC Explicit
08-04 13:51:34.180 21560 22049 I art     : Explicit concurrent mark sweep GC freed 1340(78KB) AllocSpace objects, 1(20KB) LOS objects, 23% free, 52MB/68MB, paused 441us total 21.249ms
08-04 13:51:34.189 21560 22049 I art     : Starting a blocking GC Explicit
08-04 13:51:34.209 21560 22049 I art     : Explicit concurrent mark sweep GC freed 20(704B) AllocSpace objects, 0(0B) LOS objects, 23% free, 52MB/68MB, paused 422us total 20.641ms
08-04 13:51:34.218 21560 22049 I art     : Starting a blocking GC Explicit
08-04 13:51:34.239 21560 22049 I art     : Explicit concurrent mark sweep GC freed 3(96B) AllocSpace objects, 0(0B) LOS objects, 23% free, 52MB/68MB, paused 431us total 20.768ms
08-04 13:51:34.248 21560 22049 I art     : Starting a blocking GC Explicit
08-04 13:51:34.268 21560 22049 I art     : Explicit concurrent mark sweep GC freed 3(96B) AllocSpace objects, 0(0B) LOS objects, 23% free, 52MB/68MB, paused 408us total 20ms
08-04 13:51:34.277 21560 22049 I art     : Starting a blocking GC Explicit
08-04 13:51:34.297 21560 22049 I art     : Explicit concurrent mark sweep GC freed 3(96B) AllocSpace objects, 0(0B) LOS objects, 23% free, 52MB/68MB, paused 446us total 20.094ms
08-04 13:51:34.607 21560 21572 I art     : Starting a blocking GC Explicit
08-04 13:51:34.617 17572 17572 I Atfwd_Sendcmd: AtCmdFwd service not ready - Exhausted retry attempts - :6
08-04 13:51:34.617 17572 17572 I Atfwd_Daemon: result : -1 	 ,Init step :2 	 ,qmiErrorCode: 0
08-04 13:51:34.633 21560 21572 I art     : Explicit concurrent mark sweep GC freed 1340(78KB) AllocSpace objects, 1(20KB) LOS objects, 23% free, 52MB/68MB, paused 481us total 25.469ms
08-04 13:51:34.645 21560 21572 I art     : Starting a blocking GC Explicit
08-04 13:51:34.669 21560 21572 I art     : Explicit concurrent mark sweep GC freed 20(704B) AllocSpace objects, 0(0B) LOS objects, 23% free, 52MB/68MB, paused 454us total 24.527ms
08-04 13:51:34.679 21560 21572 I art     : Starting a blocking GC Explicit
08-04 13:51:34.699 21560 21572 I art     : Explicit concurrent mark sweep GC freed 3(96B) AllocSpace objects, 0(0B) LOS objects, 23% free, 52MB/68MB, paused 402us total 19.919ms
08-04 13:51:34.708 21560 21572 I art     : Starting a blocking GC Explicit
08-04 13:51:34.727 21560 21572 I art     : Explicit concurrent mark sweep GC freed 3(96B) AllocSpace objects, 0(0B) LOS objects, 23% free, 52MB/68MB, paused 427us total 18.591ms
08-04 13:51:34.735 21560 21572 I art     : Starting a blocking GC Explicit
08-04 13:51:34.754 21560 21572 I art     : Explicit concurrent mark sweep GC freed 3(96B) AllocSpace objects, 0(0B) LOS objects, 23% free, 52MB/68MB, paused 396us total 18.746ms
08-04 13:51:35.015 21560 21573 I art     : Starting a blocking GC Explicit
08-04 13:51:35.036 21560 21573 I art     : Explicit concurrent mark sweep GC freed 1340(78KB) AllocSpace objects, 1(20KB) LOS objects, 23% free, 52MB/68MB, paused 453us total 20.488ms
08-04 13:51:35.044 21560 21573 I art     : Starting a blocking GC Explicit
08-04 13:51:35.064 21560 21573 I art     : Explicit concurrent mark sweep GC freed 20(704B) AllocSpace objects, 0(0B) LOS objects, 23% free, 52MB/68MB, paused 439us total 19.728ms
08-04 13:51:35.073 21560 21573 I art     : Starting a blocking GC Explicit
08-04 13:51:35.093 21560 21573 I art     : Explicit concurrent mark sweep GC freed 3(96B) AllocSpace objects, 0(0B) LOS objects, 23% free, 52MB/68MB, paused 445us total 20.042ms
08-04 13:51:35.102 21560 21573 I art     : Starting a blocking GC Explicit
08-04 13:51:35.121 21560 21573 I art     : Explicit concurrent mark sweep GC freed 3(96B) AllocSpace objects, 0(0B) LOS objects, 23% free, 52MB/68MB, paused 435us total 19.409ms
08-04 13:51:35.124 23340 23340 D AndroidRuntime: >>>>>> START com.android.internal.os.RuntimeInit uid 2000 <<<<<<
08-04 13:51:35.129 23340 23340 D AndroidRuntime: CheckJNI is OFF
08-04 13:51:35.130 21560 21573 I art     : Starting a blocking GC Explicit
08-04 13:51:35.149 21560 21573 I art     : Explicit concurrent mark sweep GC freed 3(96B) AllocSpace objects, 0(0B) LOS objects, 23% free, 52MB/68MB, paused 431us total 19.070ms
08-04 13:51:35.166 23340 23340 D ICU     : No timezone override file found: /data/misc/zoneinfo/current/icu/icu_tzdata.dat
08-04 13:51:35.198 23340 23340 I Radio-JNI: register_android_hardware_Radio DONE
08-04 13:51:35.220 23340 23340 D AndroidRuntime: Calling main entry com.android.commands.input.Input
08-04 13:51:35.222 23340 23340 I Input   : injectMotionEvent: MotionEvent { action=ACTION_DOWN, actionButton=0, id[0]=0, x[0]=733.0, y[0]=645.0, toolType[0]=TOOL_TYPE_UNKNOWN, buttonState=0, metaState=0, flags=0x0, edgeFlags=0x0, pointerCount=1, historySize=0, eventTime=712311634, downTime=712311634, deviceId=0, source=0x1002 }
08-04 13:51:35.228 23340 23340 I Input   : injectMotionEvent: MotionEvent { action=ACTION_UP, actionButton=0, id[0]=0, x[0]=733.0, y[0]=645.0, toolType[0]=TOOL_TYPE_UNKNOWN, buttonState=0, metaState=0, flags=0x0, edgeFlags=0x0, pointerCount=1, historySize=0, eventTime=712311634, downTime=712311634, deviceId=0, source=0x1002 }
08-04 13:51:35.230   918   928 I ActivityManager: START u0 {cmp=baseline.appteam.nith.hillffair/.activities.ClubActivity (has extras)} from uid 10651 on display 0
08-04 13:51:35.238 23340 23340 D AndroidRuntime: Shutting down VM
08-04 13:51:35.316   918   936 I ActivityManager: Displayed baseline.appteam.nith.hillffair/.activities.ClubActivity: +77ms
08-04 13:51:35.316 13866 13866 I GoogleInputMethodServic: GoogleInputMethodService.onFinishInput():3138 
08-04 13:51:35.317 13866 13866 I GoogleInputMethodServic: GoogleInputMethodService.onStartInput():1808 
08-04 13:51:35.388 21560 21572 I art     : Starting a blocking GC Explicit
08-04 13:51:35.408 21560 21572 I art     : Explicit concurrent mark sweep GC freed 5305(332KB) AllocSpace objects, 1(20KB) LOS objects, 23% free, 52MB/68MB, paused 490us total 20.027ms
08-04 13:51:35.417 21560 21572 I art     : Starting a blocking GC Explicit
08-04 13:51:35.439 21560 21572 I art     : Explicit concurrent mark sweep GC freed 212(9KB) AllocSpace objects, 0(0B) LOS objects, 23% free, 52MB/68MB, paused 468us total 21.595ms
08-04 13:51:35.449 21560 21572 I art     : Starting a blocking GC Explicit
08-04 13:51:35.471 21560 21572 I art     : Explicit concurrent mark sweep GC freed 3(96B) AllocSpace objects, 0(0B) LOS objects, 23% free, 52MB/68MB, paused 457us total 22.163ms
08-04 13:51:35.481 21560 21572 I art     : Starting a blocking GC Explicit
08-04 13:51:35.503 21560 21572 I art     : Explicit concurrent mark sweep GC freed 3(96B) AllocSpace objects, 0(0B) LOS objects, 23% free, 52MB/68MB, paused 437us total 21.576ms
08-04 13:51:35.513 21560 21572 I art     : Starting a blocking GC Explicit
08-04 13:51:35.537 21560 21572 I art     : Explicit concurrent mark sweep GC freed 3(96B) AllocSpace objects, 0(0B) LOS objects, 23% free, 52MB/68MB, paused 587us total 23.559ms
08-04 13:51:35.560   380   380 W SurfaceFlinger: couldn't log to binary event log: overflow.
08-04 13:51:35.734 21560 23363 D OkHttp  : --> GET https://api-hillfair-2k16.herokuapp.com/api/app/events/special/event?id=5806551bdcba0f490c70fd1f http/1.1
08-04 13:51:35.766 21560 23363 D OkHttp  : <-- 200 OK https://api-hillfair-2k16.herokuapp.com/api/app/events/special/event?id=5806551bdcba0f490c70fd1f (31ms, 795-byte body)
08-04 13:51:35.795 21560 22049 I art     : Starting a blocking GC Explicit
08-04 13:51:35.811 21560 21560 I NAPPA_EXPERIMENTATION: MetricNetworkRequestExecutionTime: REQUEST_DURATION_SYSTEM='548',REQUEST_DURATION_OKHTTP='32',REQUEST_SYNCHRONOUS='FALSE',RESPONSE_CODE='200',RESPONSE_METHOD='GET',RESPONSE_LENGTH_OKHTTP='795',RESPONSE_LENGTH_HEADER='795',REQUEST_PROTOCOL='http/1.1',REQUEST_URL='https://api-hillfair-2k16.herokuapp.com/api/app/events/special/event?id=5806551bdcba0f490c70fd1f',
08-04 13:51:35.815 21560 22049 I art     : Explicit concurrent mark sweep GC freed 4402(267KB) AllocSpace objects, 4(220KB) LOS objects, 23% free, 53MB/69MB, paused 563us total 20.373ms
08-04 13:51:35.823 21560 22049 I art     : Starting a blocking GC Explicit
08-04 13:51:35.842 21560 22049 I art     : Explicit concurrent mark sweep GC freed 1437(167KB) AllocSpace objects, 0(0B) LOS objects, 23% free, 52MB/68MB, paused 449us total 18.744ms
08-04 13:51:35.850 21560 22049 I art     : Starting a blocking GC Explicit
08-04 13:51:35.869 21560 22049 I art     : Explicit concurrent mark sweep GC freed 55(1824B) AllocSpace objects, 0(0B) LOS objects, 23% free, 52MB/68MB, paused 402us total 19.039ms
08-04 13:51:35.877 21560 22049 I art     : Starting a blocking GC Explicit
08-04 13:51:35.897 21560 22049 I art     : Explicit concurrent mark sweep GC freed 3(96B) AllocSpace objects, 0(0B) LOS objects, 23% free, 52MB/68MB, paused 517us total 19.389ms
08-04 13:51:35.906 21560 22049 I art     : Starting a blocking GC Explicit
08-04 13:51:35.925 21560 22049 I art     : Explicit concurrent mark sweep GC freed 3(96B) AllocSpace objects, 0(0B) LOS objects, 23% free, 52MB/68MB, paused 430us total 19.085ms
08-04 13:51:36.203 21560 21572 I art     : Starting a blocking GC Explicit
08-04 13:51:36.225 21560 21572 I art     : Explicit concurrent mark sweep GC freed 1341(78KB) AllocSpace objects, 1(20KB) LOS objects, 23% free, 52MB/68MB, paused 453us total 20.925ms
08-04 13:51:36.233 21560 21572 I art     : Starting a blocking GC Explicit
08-04 13:51:36.254 21560 21572 I art     : Explicit concurrent mark sweep GC freed 36(1264B) AllocSpace objects, 0(0B) LOS objects, 23% free, 52MB/68MB, paused 456us total 20.625ms
08-04 13:51:36.263 21560 21572 I art     : Starting a blocking GC Explicit
08-04 13:51:36.284 21560 21572 I art     : Explicit concurrent mark sweep GC freed 3(96B) AllocSpace objects, 0(0B) LOS objects, 23% free, 52MB/68MB, paused 458us total 21.419ms
08-04 13:51:36.293 21560 21572 I art     : Starting a blocking GC Explicit
08-04 13:51:36.315 21560 21572 I art     : Explicit concurrent mark sweep GC freed 3(96B) AllocSpace objects, 0(0B) LOS objects, 23% free, 52MB/68MB, paused 453us total 21.788ms
08-04 13:51:36.324 21560 21572 I art     : Starting a blocking GC Explicit
08-04 13:51:36.346 21560 21572 I art     : Explicit concurrent mark sweep GC freed 3(96B) AllocSpace objects, 0(0B) LOS objects, 23% free, 52MB/68MB, paused 450us total 21.394ms
08-04 13:51:36.655 21560 22049 I art     : Starting a blocking GC Explicit
08-04 13:51:36.682 21560 22049 I art     : Explicit concurrent mark sweep GC freed 1341(78KB) AllocSpace objects, 1(20KB) LOS objects, 23% free, 52MB/68MB, paused 496us total 26.676ms
08-04 13:51:36.694 21560 22049 I art     : Starting a blocking GC Explicit
08-04 13:51:36.717 21560 22049 I art     : Explicit concurrent mark sweep GC freed 20(704B) AllocSpace objects, 0(0B) LOS objects, 23% free, 52MB/68MB, paused 543us total 22.050ms
08-04 13:51:36.726 21560 22049 I art     : Starting a blocking GC Explicit
08-04 13:51:36.748 21560 22049 I art     : Explicit concurrent mark sweep GC freed 3(96B) AllocSpace objects, 0(0B) LOS objects, 23% free, 52MB/68MB, paused 472us total 21.891ms
08-04 13:51:36.757 21560 22049 I art     : Starting a blocking GC Explicit
08-04 13:51:36.779 21560 22049 I art     : Explicit concurrent mark sweep GC freed 3(96B) AllocSpace objects, 0(0B) LOS objects, 23% free, 52MB/68MB, paused 452us total 21.732ms
08-04 13:51:36.787 21560 22049 I art     : Starting a blocking GC Explicit
08-04 13:51:36.809 21560 22049 I art     : Explicit concurrent mark sweep GC freed 3(96B) AllocSpace objects, 0(0B) LOS objects, 23% free, 52MB/68MB, paused 451us total 20.990ms
08-04 13:51:37.161 21560 21599 I art     : Starting a blocking GC Explicit
08-04 13:51:37.194 21560 21599 I art     : Explicit concurrent mark sweep GC freed 1341(78KB) AllocSpace objects, 1(20KB) LOS objects, 23% free, 52MB/68MB, paused 878us total 32.331ms
08-04 13:51:37.210 21560 21599 I art     : Starting a blocking GC Explicit
08-04 13:51:37.232 21560 21599 I art     : Explicit concurrent mark sweep GC freed 20(704B) AllocSpace objects, 0(0B) LOS objects, 23% free, 52MB/68MB, paused 444us total 22.012ms
08-04 13:51:37.241 21560 21599 I art     : Starting a blocking GC Explicit
08-04 13:51:37.262 21560 21599 I art     : Explicit concurrent mark sweep GC freed 3(96B) AllocSpace objects, 0(0B) LOS objects, 23% free, 52MB/68MB, paused 435us total 20.953ms
08-04 13:51:37.270 21560 21599 I art     : Starting a blocking GC Explicit
08-04 13:51:37.292 21560 21599 I art     : Explicit concurrent mark sweep GC freed 3(96B) AllocSpace objects, 0(0B) LOS objects, 23% free, 52MB/68MB, paused 446us total 21.106ms
08-04 13:51:37.301 21560 21599 I art     : Starting a blocking GC Explicit
08-04 13:51:37.322 21560 21599 I art     : Explicit concurrent mark sweep GC freed 3(96B) AllocSpace objects, 0(0B) LOS objects, 23% free, 52MB/68MB, paused 481us total 20.967ms
08-04 13:51:37.638 21560 21573 I art     : Starting a blocking GC Explicit
08-04 13:51:37.665 21560 21573 I art     : Explicit concurrent mark sweep GC freed 1341(78KB) AllocSpace objects, 1(20KB) LOS objects, 23% free, 52MB/68MB, paused 581us total 26.894ms
08-04 13:51:37.677 21560 21573 I art     : Starting a blocking GC Explicit
08-04 13:51:37.701 21560 21573 I art     : Explicit concurrent mark sweep GC freed 20(704B) AllocSpace objects, 0(0B) LOS objects, 23% free, 52MB/68MB, paused 454us total 23.595ms
08-04 13:51:37.710 21560 21573 I art     : Starting a blocking GC Explicit
08-04 13:51:37.731 21560 21573 I art     : Explicit concurrent mark sweep GC freed 3(96B) AllocSpace objects, 0(0B) LOS objects, 23% free, 52MB/68MB, paused 461us total 21.695ms
08-04 13:51:37.740 21560 21573 I art     : Starting a blocking GC Explicit
08-04 13:51:37.762 21560 21573 I art     : Explicit concurrent mark sweep GC freed 3(96B) AllocSpace objects, 0(0B) LOS objects, 23% free, 52MB/68MB, paused 459us total 21.641ms
08-04 13:51:37.771 21560 21573 I art     : Starting a blocking GC Explicit
08-04 13:51:37.792 21560 21573 I art     : Explicit concurrent mark sweep GC freed 3(96B) AllocSpace objects, 0(0B) LOS objects, 23% free, 52MB/68MB, paused 486us total 20.806ms
08-04 13:51:38.112 21560 21572 I art     : Starting a blocking GC Explicit
08-04 13:51:38.139 21560 21572 I art     : Explicit concurrent mark sweep GC freed 1341(78KB) AllocSpace objects, 1(20KB) LOS objects, 23% free, 52MB/68MB, paused 496us total 26.581ms
08-04 13:51:38.153 21560 21572 I art     : Starting a blocking GC Explicit
08-04 13:51:38.174 21560 21572 I art     : Explicit concurrent mark sweep GC freed 20(704B) AllocSpace objects, 0(0B) LOS objects, 23% free, 52MB/68MB, paused 448us total 21.205ms
08-04 13:51:38.183 21560 21572 I art     : Starting a blocking GC Explicit
08-04 13:51:38.204 21560 21572 I art     : Explicit concurrent mark sweep GC freed 3(96B) AllocSpace objects, 0(0B) LOS objects, 23% free, 52MB/68MB, paused 451us total 21.386ms
08-04 13:51:38.213 21560 21572 I art     : Starting a blocking GC Explicit
08-04 13:51:38.235 21560 21572 I art     : Explicit concurrent mark sweep GC freed 3(96B) AllocSpace objects, 0(0B) LOS objects, 23% free, 52MB/68MB, paused 430us total 21.467ms
08-04 13:51:38.244 21560 21572 I art     : Starting a blocking GC Explicit
08-04 13:51:38.265 21560 21572 I art     : Explicit concurrent mark sweep GC freed 3(96B) AllocSpace objects, 0(0B) LOS objects, 23% free, 52MB/68MB, paused 459us total 21.506ms
08-04 13:51:38.578 21560 22049 I art     : Starting a blocking GC Explicit
08-04 13:51:38.606 21560 22049 I art     : Explicit concurrent mark sweep GC freed 1341(78KB) AllocSpace objects, 1(20KB) LOS objects, 23% free, 52MB/68MB, paused 489us total 26.764ms
08-04 13:51:38.618 21560 22049 I art     : Starting a blocking GC Explicit
08-04 13:51:38.640 21560 22049 I art     : Explicit concurrent mark sweep GC freed 20(704B) AllocSpace objects, 0(0B) LOS objects, 23% free, 52MB/68MB, paused 460us total 21.808ms
08-04 13:51:38.649 21560 22049 I art     : Starting a blocking GC Explicit
08-04 13:51:38.671 21560 22049 I art     : Explicit concurrent mark sweep GC freed 3(96B) AllocSpace objects, 0(0B) LOS objects, 23% free, 52MB/68MB, paused 448us total 21.904ms
08-04 13:51:38.680 21560 22049 I art     : Starting a blocking GC Explicit
08-04 13:51:38.701 21560 22049 I art     : Explicit concurrent mark sweep GC freed 3(96B) AllocSpace objects, 0(0B) LOS objects, 23% free, 52MB/68MB, paused 455us total 21.453ms
08-04 13:51:38.710 21560 22049 I art     : Starting a blocking GC Explicit
08-04 13:51:38.732 21560 22049 I art     : Explicit concurrent mark sweep GC freed 3(96B) AllocSpace objects, 0(0B) LOS objects, 23% free, 52MB/68MB, paused 447us total 21.270ms
08-04 13:51:38.732 21560 21571 I art     : WaitForGcToComplete blocked for 8.869ms for cause HeapTrim
08-04 13:51:39.054 21560 21599 I art     : Starting a blocking GC Explicit
08-04 13:51:39.081 21560 21599 I art     : Explicit concurrent mark sweep GC freed 1341(78KB) AllocSpace objects, 1(20KB) LOS objects, 23% free, 52MB/68MB, paused 481us total 26.824ms
08-04 13:51:39.093 21560 21599 I art     : Starting a blocking GC Explicit
08-04 13:51:39.116 21560 21599 I art     : Explicit concurrent mark sweep GC freed 20(704B) AllocSpace objects, 0(0B) LOS objects, 23% free, 52MB/68MB, paused 449us total 22.507ms
08-04 13:51:39.125 21560 21599 I art     : Starting a blocking GC Explicit
08-04 13:51:39.146 21560 21599 I art     : Explicit concurrent mark sweep GC freed 3(96B) AllocSpace objects, 0(0B) LOS objects, 23% free, 52MB/68MB, paused 475us total 21.553ms
08-04 13:51:39.155 21560 21599 I art     : Starting a blocking GC Explicit
08-04 13:51:39.177 21560 21599 I art     : Explicit concurrent mark sweep GC freed 3(96B) AllocSpace objects, 0(0B) LOS objects, 23% free, 52MB/68MB, paused 480us total 21.960ms
08-04 13:51:39.186 21560 21599 I art     : Starting a blocking GC Explicit
08-04 13:51:39.208 21560 21599 I art     : Explicit concurrent mark sweep GC freed 3(96B) AllocSpace objects, 0(0B) LOS objects, 23% free, 52MB/68MB, paused 436us total 21.654ms
08-04 13:51:39.507 21560 21573 I art     : Starting a blocking GC Explicit
08-04 13:51:39.529 21560 21573 I art     : Explicit concurrent mark sweep GC freed 1341(78KB) AllocSpace objects, 1(20KB) LOS objects, 23% free, 52MB/68MB, paused 454us total 21.699ms
08-04 13:51:39.538 21560 21573 I art     : Starting a blocking GC Explicit
08-04 13:51:39.558 21560 21573 I art     : Explicit concurrent mark sweep GC freed 20(704B) AllocSpace objects, 0(0B) LOS objects, 23% free, 52MB/68MB, paused 458us total 20.541ms
08-04 13:51:39.567 21560 21573 I art     : Starting a blocking GC Explicit
08-04 13:51:39.587 21560 21573 I art     : Explicit concurrent mark sweep GC freed 3(96B) AllocSpace objects, 0(0B) LOS objects, 23% free, 52MB/68MB, paused 534us total 20.140ms
08-04 13:51:39.595 21560 21573 I art     : Starting a blocking GC Explicit
08-04 13:51:39.616 21560 21573 I art     : Explicit concurrent mark sweep GC freed 3(96B) AllocSpace objects, 0(0B) LOS objects, 23% free, 52MB/68MB, paused 467us total 20.013ms
08-04 13:51:39.624 21560 21573 I art     : Starting a blocking GC Explicit
08-04 13:51:39.644 21560 21573 I art     : Explicit concurrent mark sweep GC freed 3(96B) AllocSpace objects, 0(0B) LOS objects, 23% free, 52MB/68MB, paused 450us total 19.998ms
08-04 13:51:39.883 23492 23492 D AndroidRuntime: >>>>>> START com.android.internal.os.RuntimeInit uid 2000 <<<<<<
08-04 13:51:39.888 23492 23492 D AndroidRuntime: CheckJNI is OFF
08-04 13:51:39.923 23492 23492 D ICU     : No timezone override file found: /data/misc/zoneinfo/current/icu/icu_tzdata.dat
08-04 13:51:39.936 21560 21572 I art     : Starting a blocking GC Explicit
08-04 13:51:39.957 23492 23492 I Radio-JNI: register_android_hardware_Radio DONE
08-04 13:51:39.957 21560 21572 I art     : Explicit concurrent mark sweep GC freed 1341(78KB) AllocSpace objects, 1(20KB) LOS objects, 23% free, 52MB/68MB, paused 492us total 21.005ms
08-04 13:51:39.966 21560 21572 I art     : Starting a blocking GC Explicit
08-04 13:51:39.980 23492 23492 D AndroidRuntime: Calling main entry com.android.commands.input.Input
08-04 13:51:39.982 23492 23492 I Input   : injectKeyEvent: KeyEvent { action=ACTION_DOWN, keyCode=KEYCODE_BACK, scanCode=0, metaState=0, flags=0x0, repeatCount=0, eventTime=712316395, downTime=712316395, deviceId=-1, source=0x101 }
08-04 13:51:39.985 21560 21572 I art     : Explicit concurrent mark sweep GC freed 20(704B) AllocSpace objects, 0(0B) LOS objects, 23% free, 52MB/68MB, paused 409us total 18.798ms
08-04 13:51:39.987 23492 23492 I Input   : injectKeyEvent: KeyEvent { action=ACTION_UP, keyCode=KEYCODE_BACK, scanCode=0, metaState=0, flags=0x0, repeatCount=0, eventTime=712316395, downTime=712316395, deviceId=-1, source=0x101 }
08-04 13:51:39.992 21560 21572 I art     : Starting a blocking GC Explicit
08-04 13:51:39.994 23492 23492 D AndroidRuntime: Shutting down VM
08-04 13:51:40.011 21560 21572 I art     : Explicit concurrent mark sweep GC freed 141(6KB) AllocSpace objects, 0(0B) LOS objects, 23% free, 52MB/68MB, paused 428us total 18.344ms
08-04 13:51:40.019 21560 21572 I art     : Starting a blocking GC Explicit
08-04 13:51:40.036 21560 21572 I art     : Explicit concurrent mark sweep GC freed 5(208B) AllocSpace objects, 0(0B) LOS objects, 23% free, 52MB/68MB, paused 480us total 17.510ms
08-04 13:51:40.038 13866 13866 I GoogleInputMethodServic: GoogleInputMethodService.onFinishInput():3138 
08-04 13:51:40.038 13866 13866 I GoogleInputMethodServic: GoogleInputMethodService.onStartInput():1808 
08-04 13:51:40.044 21560 21572 I art     : Starting a blocking GC Explicit
08-04 13:51:40.064 21560 21572 I art     : Explicit concurrent mark sweep GC freed 31(1152B) AllocSpace objects, 0(0B) LOS objects, 23% free, 52MB/68MB, paused 413us total 19.528ms
08-04 13:51:40.331   380   380 W SurfaceFlinger: couldn't log to binary event log: overflow.
08-04 13:51:40.337 21560 21572 I art     : Starting a blocking GC Explicit
08-04 13:51:40.360 21560 21572 I art     : Explicit concurrent mark sweep GC freed 1457(87KB) AllocSpace objects, 1(20KB) LOS objects, 23% free, 52MB/68MB, paused 409us total 22.948ms
08-04 13:51:40.368 21560 21572 I art     : Starting a blocking GC Explicit
08-04 13:51:40.387 21560 21572 I art     : Explicit concurrent mark sweep GC freed 1672(107KB) AllocSpace objects, 3(400KB) LOS objects, 23% free, 52MB/68MB, paused 483us total 18.704ms
08-04 13:51:40.395 21560 21572 I art     : Starting a blocking GC Explicit
08-04 13:51:40.415 21560 21572 I art     : Explicit concurrent mark sweep GC freed 3(96B) AllocSpace objects, 0(0B) LOS objects, 23% free, 52MB/68MB, paused 500us total 19.898ms
08-04 13:51:40.424 21560 21572 I art     : Starting a blocking GC Explicit
08-04 13:51:40.444 21560 21572 I art     : Explicit concurrent mark sweep GC freed 3(96B) AllocSpace objects, 0(0B) LOS objects, 23% free, 52MB/68MB, paused 445us total 20.148ms
08-04 13:51:40.452 21560 21572 I art     : Starting a blocking GC Explicit
08-04 13:51:40.473 21560 21572 I art     : Explicit concurrent mark sweep GC freed 3(96B) AllocSpace objects, 0(0B) LOS objects, 23% free, 52MB/68MB, paused 446us total 20.687ms
08-04 13:51:40.746 21560 21599 I art     : Starting a blocking GC Explicit
08-04 13:51:40.772 21560 21599 I art     : Explicit concurrent mark sweep GC freed 1341(78KB) AllocSpace objects, 1(20KB) LOS objects, 23% free, 52MB/68MB, paused 492us total 26.051ms
08-04 13:51:40.784 21560 21599 I art     : Starting a blocking GC Explicit
08-04 13:51:40.807 21560 21599 I art     : Explicit concurrent mark sweep GC freed 20(704B) AllocSpace objects, 0(0B) LOS objects, 23% free, 52MB/68MB, paused 526us total 22.548ms
08-04 13:51:40.816 21560 21599 I art     : Starting a blocking GC Explicit
08-04 13:51:40.837 21560 21599 I art     : Explicit concurrent mark sweep GC freed 3(96B) AllocSpace objects, 0(0B) LOS objects, 23% free, 52MB/68MB, paused 485us total 20.929ms
08-04 13:51:40.846 21560 21599 I art     : Starting a blocking GC Explicit
08-04 13:51:40.867 21560 21599 I art     : Explicit concurrent mark sweep GC freed 3(96B) AllocSpace objects, 0(0B) LOS objects, 23% free, 52MB/68MB, paused 581us total 20.866ms
08-04 13:51:40.876 21560 21599 I art     : Starting a blocking GC Explicit
08-04 13:51:40.896 21560 21599 I art     : Explicit concurrent mark sweep GC freed 3(96B) AllocSpace objects, 0(0B) LOS objects, 23% free, 52MB/68MB, paused 445us total 20.726ms
08-04 13:51:41.189 21560 22049 I art     : Starting a blocking GC Explicit
08-04 13:51:41.212 21560 22049 I art     : Explicit concurrent mark sweep GC freed 1340(78KB) AllocSpace objects, 1(20KB) LOS objects, 23% free, 52MB/68MB, paused 490us total 22.514ms
08-04 13:51:41.224 21560 22049 I art     : Starting a blocking GC Explicit
08-04 13:51:41.244 21560 22049 I art     : Explicit concurrent mark sweep GC freed 20(704B) AllocSpace objects, 0(0B) LOS objects, 23% free, 52MB/68MB, paused 421us total 19.695ms
08-04 13:51:41.253 21560 22049 I art     : Starting a blocking GC Explicit
08-04 13:51:41.273 21560 22049 I art     : Explicit concurrent mark sweep GC freed 3(96B) AllocSpace objects, 0(0B) LOS objects, 23% free, 52MB/68MB, paused 449us total 19.483ms
08-04 13:51:41.281 21560 22049 I art     : Starting a blocking GC Explicit
08-04 13:51:41.301 21560 22049 I art     : Explicit concurrent mark sweep GC freed 3(96B) AllocSpace objects, 0(0B) LOS objects, 23% free, 52MB/68MB, paused 454us total 19.991ms
08-04 13:51:41.309 21560 22049 I art     : Starting a blocking GC Explicit
08-04 13:51:41.329 21560 22049 I art     : Explicit concurrent mark sweep GC freed 3(96B) AllocSpace objects, 0(0B) LOS objects, 23% free, 52MB/68MB, paused 439us total 19.196ms
08-04 13:51:41.593 21560 21573 I art     : Starting a blocking GC Explicit
08-04 13:51:41.614 21560 21573 I art     : Explicit concurrent mark sweep GC freed 1340(78KB) AllocSpace objects, 1(20KB) LOS objects, 23% free, 52MB/68MB, paused 517us total 20.527ms
08-04 13:51:41.623 21560 21573 I art     : Starting a blocking GC Explicit
08-04 13:51:41.644 21560 21573 I art     : Explicit concurrent mark sweep GC freed 20(704B) AllocSpace objects, 0(0B) LOS objects, 23% free, 52MB/68MB, paused 490us total 20.603ms
08-04 13:51:41.651 23560 23560 D AndroidRuntime: >>>>>> START com.android.internal.os.RuntimeInit uid 2000 <<<<<<
08-04 13:51:41.653 21560 21573 I art     : Starting a blocking GC Explicit
08-04 13:51:41.656 23560 23560 D AndroidRuntime: CheckJNI is OFF
08-04 13:51:41.673 21560 21573 I art     : Explicit concurrent mark sweep GC freed 3(96B) AllocSpace objects, 0(0B) LOS objects, 23% free, 52MB/68MB, paused 467us total 19.610ms
08-04 13:51:41.681 21560 21573 I art     : Starting a blocking GC Explicit
08-04 13:51:41.693 23560 23560 D ICU     : No timezone override file found: /data/misc/zoneinfo/current/icu/icu_tzdata.dat
08-04 13:51:41.701 21560 21573 I art     : Explicit concurrent mark sweep GC freed 3(96B) AllocSpace objects, 0(0B) LOS objects, 23% free, 52MB/68MB, paused 492us total 19.764ms
08-04 13:51:41.709 21560 21573 I art     : Starting a blocking GC Explicit
08-04 13:51:41.728 23560 23560 I Radio-JNI: register_android_hardware_Radio DONE
08-04 13:51:41.729 21560 21573 I art     : Explicit concurrent mark sweep GC freed 3(96B) AllocSpace objects, 0(0B) LOS objects, 23% free, 52MB/68MB, paused 498us total 19.667ms
08-04 13:51:41.750 23560 23560 D AndroidRuntime: Calling main entry com.android.commands.input.Input
08-04 13:51:41.752 23560 23560 I Input   : injectKeyEvent: KeyEvent { action=ACTION_DOWN, keyCode=KEYCODE_BACK, scanCode=0, metaState=0, flags=0x0, repeatCount=0, eventTime=712318165, downTime=712318165, deviceId=-1, source=0x101 }
08-04 13:51:41.757 23560 23560 I Input   : injectKeyEvent: KeyEvent { action=ACTION_UP, keyCode=KEYCODE_BACK, scanCode=0, metaState=0, flags=0x0, repeatCount=0, eventTime=712318165, downTime=712318165, deviceId=-1, source=0x101 }
08-04 13:51:41.763 23560 23560 D AndroidRuntime: Shutting down VM
08-04 13:51:41.808 13866 13866 I GoogleInputMethodServic: GoogleInputMethodService.onFinishInput():3138 
08-04 13:51:41.808 13866 13866 I GoogleInputMethodServic: GoogleInputMethodService.onStartInput():1808 
08-04 13:51:41.981 21560 21572 I art     : Starting a blocking GC Explicit
08-04 13:51:42.000 21560 21572 I art     : Explicit concurrent mark sweep GC freed 1550(87KB) AllocSpace objects, 1(20KB) LOS objects, 23% free, 52MB/68MB, paused 422us total 18.081ms
08-04 13:51:42.008 21560 21572 I art     : Starting a blocking GC Explicit
08-04 13:51:42.025 21560 21572 I art     : Explicit concurrent mark sweep GC freed 24(864B) AllocSpace objects, 0(0B) LOS objects, 23% free, 52MB/68MB, paused 383us total 17.205ms
08-04 13:51:42.033 21560 21572 I art     : Starting a blocking GC Explicit
08-04 13:51:42.051 21560 21572 I art     : Explicit concurrent mark sweep GC freed 3(96B) AllocSpace objects, 0(0B) LOS objects, 23% free, 52MB/68MB, paused 387us total 17.494ms
08-04 13:51:42.060 21560 21572 I art     : Starting a blocking GC Explicit
08-04 13:51:42.078 21560 21572 I art     : Explicit concurrent mark sweep GC freed 3(96B) AllocSpace objects, 0(0B) LOS objects, 23% free, 52MB/68MB, paused 394us total 17.849ms
08-04 13:51:42.085 21560 21572 I art     : Starting a blocking GC Explicit
08-04 13:51:42.103 21560 21572 I art     : Explicit concurrent mark sweep GC freed 523(26KB) AllocSpace objects, 0(0B) LOS objects, 23% free, 52MB/68MB, paused 490us total 17.518ms
08-04 13:51:42.370 21560 21599 I art     : Starting a blocking GC Explicit
08-04 13:51:42.390 21560 21599 I art     : Explicit concurrent mark sweep GC freed 1460(83KB) AllocSpace objects, 1(20KB) LOS objects, 23% free, 52MB/68MB, paused 501us total 19.308ms
08-04 13:51:42.398 21560 21599 I art     : Starting a blocking GC Explicit
08-04 13:51:42.416 21560 21599 I art     : Explicit concurrent mark sweep GC freed 2106(128KB) AllocSpace objects, 2(140KB) LOS objects, 23% free, 52MB/68MB, paused 426us total 18ms
08-04 13:51:42.425 21560 21599 I art     : Starting a blocking GC Explicit
08-04 13:51:42.444 21560 21599 I art     : Explicit concurrent mark sweep GC freed 3(96B) AllocSpace objects, 0(0B) LOS objects, 23% free, 52MB/68MB, paused 424us total 18.710ms
08-04 13:51:42.452 21560 21599 I art     : Starting a blocking GC Explicit
08-04 13:51:42.471 21560 21599 I art     : Explicit concurrent mark sweep GC freed 3(96B) AllocSpace objects, 0(0B) LOS objects, 23% free, 52MB/68MB, paused 450us total 18.553ms
08-04 13:51:42.479 21560 21599 I art     : Starting a blocking GC Explicit
08-04 13:51:42.498 21560 21599 I art     : Explicit concurrent mark sweep GC freed 3(96B) AllocSpace objects, 0(0B) LOS objects, 23% free, 52MB/68MB, paused 497us total 18.868ms
08-04 13:51:42.791 21560 22049 I art     : Starting a blocking GC Explicit
08-04 13:51:42.816 21560 22049 I art     : Explicit concurrent mark sweep GC freed 1340(78KB) AllocSpace objects, 1(20KB) LOS objects, 23% free, 52MB/68MB, paused 496us total 24.826ms
08-04 13:51:42.828 21560 22049 I art     : Starting a blocking GC Explicit
08-04 13:51:42.852 21560 22049 I art     : Explicit concurrent mark sweep GC freed 20(704B) AllocSpace objects, 0(0B) LOS objects, 23% free, 52MB/68MB, paused 489us total 23.416ms
08-04 13:51:42.861 21560 22049 I art     : Starting a blocking GC Explicit
08-04 13:51:42.881 21560 22049 I art     : Explicit concurrent mark sweep GC freed 3(96B) AllocSpace objects, 0(0B) LOS objects, 23% free, 52MB/68MB, paused 450us total 19.949ms
08-04 13:51:42.890 21560 22049 I art     : Starting a blocking GC Explicit
08-04 13:51:42.909 21560 22049 I art     : Explicit concurrent mark sweep GC freed 3(96B) AllocSpace objects, 0(0B) LOS objects, 23% free, 52MB/68MB, paused 445us total 19.586ms
08-04 13:51:42.918 21560 22049 I art     : Starting a blocking GC Explicit
08-04 13:51:42.938 21560 22049 I art     : Explicit concurrent mark sweep GC freed 3(96B) AllocSpace objects, 0(0B) LOS objects, 23% free, 52MB/68MB, paused 450us total 19.725ms
08-04 13:51:43.058   918  3261 D WifiStateMachine: starting scan for "H369AA63323"WPA_PSK with 2412,5180
08-04 13:51:43.209 21560 21573 I art     : Starting a blocking GC Explicit
08-04 13:51:43.228 21560 21573 I art     : Explicit concurrent mark sweep GC freed 1338(78KB) AllocSpace objects, 1(20KB) LOS objects, 23% free, 52MB/68MB, paused 484us total 19.583ms
08-04 13:51:43.237 21560 21573 I art     : Starting a blocking GC Explicit
08-04 13:51:43.256 21560 21573 I art     : Explicit concurrent mark sweep GC freed 20(704B) AllocSpace objects, 0(0B) LOS objects, 23% free, 52MB/68MB, paused 446us total 19.341ms
08-04 13:51:43.265 21560 21573 I art     : Starting a blocking GC Explicit
08-04 13:51:43.284 21560 21573 I art     : Explicit concurrent mark sweep GC freed 3(96B) AllocSpace objects, 0(0B) LOS objects, 23% free, 52MB/68MB, paused 463us total 18.908ms
08-04 13:51:43.292 21560 21573 I art     : Starting a blocking GC Explicit
08-04 13:51:43.311 21560 21573 I art     : Explicit concurrent mark sweep GC freed 3(96B) AllocSpace objects, 0(0B) LOS objects, 23% free, 52MB/68MB, paused 448us total 18.549ms
08-04 13:51:43.319 21560 21573 I art     : Starting a blocking GC Explicit
08-04 13:51:43.338 21560 21573 I art     : Explicit concurrent mark sweep GC freed 3(96B) AllocSpace objects, 0(0B) LOS objects, 23% free, 52MB/68MB, paused 449us total 18.332ms
08-04 13:51:43.423 23615 23615 D AndroidRuntime: >>>>>> START com.android.internal.os.RuntimeInit uid 2000 <<<<<<
08-04 13:51:43.428 23615 23615 D AndroidRuntime: CheckJNI is OFF
08-04 13:51:43.467 23615 23615 D ICU     : No timezone override file found: /data/misc/zoneinfo/current/icu/icu_tzdata.dat
08-04 13:51:43.502 23615 23615 I Radio-JNI: register_android_hardware_Radio DONE
08-04 13:51:43.525 23615 23615 D AndroidRuntime: Calling main entry com.android.commands.input.Input
08-04 13:51:43.526 23615 23615 I Input   : injectMotionEvent: MotionEvent { action=ACTION_DOWN, actionButton=0, id[0]=0, x[0]=1053.0, y[0]=1173.0, toolType[0]=TOOL_TYPE_UNKNOWN, buttonState=0, metaState=0, flags=0x0, edgeFlags=0x0, pointerCount=1, historySize=0, eventTime=712319939, downTime=712319939, deviceId=0, source=0x1002 }
08-04 13:51:43.530 23615 23615 I Input   : injectMotionEvent: MotionEvent { action=ACTION_UP, actionButton=0, id[0]=0, x[0]=1053.0, y[0]=1173.0, toolType[0]=TOOL_TYPE_UNKNOWN, buttonState=0, metaState=0, flags=0x0, edgeFlags=0x0, pointerCount=1, historySize=0, eventTime=712319939, downTime=712319939, deviceId=0, source=0x1002 }
08-04 13:51:43.532   918  3714 I ActivityManager: START u0 {cmp=baseline.appteam.nith.hillffair/.activities.QuizActivity} from uid 10651 on display 0
08-04 13:51:43.539 23615 23615 D AndroidRuntime: Shutting down VM
08-04 13:51:43.614 21560 21573 I art     : Starting a blocking GC Explicit
08-04 13:51:43.638 21560 21573 I art     : Explicit concurrent mark sweep GC freed 2129(141KB) AllocSpace objects, 1(20KB) LOS objects, 23% free, 52MB/68MB, paused 511us total 23.753ms
08-04 13:51:43.645 21560 21573 I art     : Starting a blocking GC Explicit
08-04 13:51:43.657 13866 13866 I GoogleInputMethodServic: GoogleInputMethodService.onFinishInput():3138 
08-04 13:51:43.658 13866 13866 I GoogleInputMethodServic: GoogleInputMethodService.onStartInput():1808 
08-04 13:51:43.658   918   936 I ActivityManager: Displayed baseline.appteam.nith.hillffair/.activities.QuizActivity: +118ms
08-04 13:51:43.664 21560 21573 I art     : Explicit concurrent mark sweep GC freed 192(8KB) AllocSpace objects, 0(0B) LOS objects, 23% free, 52MB/68MB, paused 441us total 18.397ms
08-04 13:51:43.674 21560 21573 I art     : Starting a blocking GC Explicit
08-04 13:51:43.694 21560 21573 I art     : Explicit concurrent mark sweep GC freed 15(720B) AllocSpace objects, 0(0B) LOS objects, 23% free, 52MB/68MB, paused 420us total 19.467ms
08-04 13:51:43.702 21560 21573 I art     : Starting a blocking GC Explicit
08-04 13:51:43.719 21560 21573 I art     : Explicit concurrent mark sweep GC freed 22(912B) AllocSpace objects, 0(0B) LOS objects, 23% free, 52MB/68MB, paused 439us total 17.494ms
08-04 13:51:43.728 21560 21573 I art     : Starting a blocking GC Explicit
08-04 13:51:43.748 21560 21573 I art     : Explicit concurrent mark sweep GC freed 15(576B) AllocSpace objects, 0(0B) LOS objects, 23% free, 52MB/68MB, paused 525us total 19.414ms
08-04 13:51:43.903   380   380 W SurfaceFlinger: couldn't log to binary event log: overflow.
08-04 13:51:44.007 21560 22049 I art     : Starting a blocking GC Explicit
08-04 13:51:44.024 21560 22049 I art     : Explicit concurrent mark sweep GC freed 1410(82KB) AllocSpace objects, 1(20KB) LOS objects, 23% free, 52MB/68MB, paused 404us total 17.141ms
08-04 13:51:44.032 21560 22049 I art     : Starting a blocking GC Explicit
08-04 13:51:44.049 21560 22049 I art     : Explicit concurrent mark sweep GC freed 20(704B) AllocSpace objects, 0(0B) LOS objects, 23% free, 52MB/68MB, paused 431us total 16.986ms
08-04 13:51:44.057 21560 22049 I art     : Starting a blocking GC Explicit
08-04 13:51:44.074 21560 22049 I art     : Explicit concurrent mark sweep GC freed 21(768B) AllocSpace objects, 0(0B) LOS objects, 23% free, 52MB/68MB, paused 429us total 17.595ms
08-04 13:51:44.082 21560 22049 I art     : Starting a blocking GC Explicit
08-04 13:51:44.100 21560 22049 I art     : Explicit concurrent mark sweep GC freed 3(96B) AllocSpace objects, 0(0B) LOS objects, 23% free, 52MB/68MB, paused 422us total 17.974ms
08-04 13:51:44.100 21560 21571 I art     : WaitForGcToComplete blocked for 18.161ms for cause HeapTrim
08-04 13:51:44.108 21560 22049 I art     : Starting a blocking GC Explicit
08-04 13:51:44.127 21560 22049 I art     : Explicit concurrent mark sweep GC freed 3(96B) AllocSpace objects, 0(0B) LOS objects, 23% free, 52MB/68MB, paused 552us total 18.761ms
08-04 13:51:44.193   918  3188 I hubconnection: sensorhub said: 'set_bias 3: -6.2400, 0.0000, 0.0000'
08-04 13:51:44.398 21560 21599 I art     : Starting a blocking GC Explicit
08-04 13:51:44.419 21560 21599 I art     : Explicit concurrent mark sweep GC freed 1353(78KB) AllocSpace objects, 1(20KB) LOS objects, 23% free, 52MB/68MB, paused 496us total 20.578ms
08-04 13:51:44.427 21560 21599 I art     : Starting a blocking GC Explicit
08-04 13:51:44.447 21560 21599 I art     : Explicit concurrent mark sweep GC freed 34(1136B) AllocSpace objects, 0(0B) LOS objects, 23% free, 52MB/68MB, paused 449us total 20.144ms
08-04 13:51:44.456 21560 21599 I art     : Starting a blocking GC Explicit
08-04 13:51:44.477 21560 21599 I art     : Explicit concurrent mark sweep GC freed 3(96B) AllocSpace objects, 0(0B) LOS objects, 23% free, 52MB/68MB, paused 473us total 20.548ms
08-04 13:51:44.485 21560 21599 I art     : Starting a blocking GC Explicit
08-04 13:51:44.507 21560 21599 I art     : Explicit concurrent mark sweep GC freed 3(96B) AllocSpace objects, 0(0B) LOS objects, 23% free, 52MB/68MB, paused 434us total 21.156ms
08-04 13:51:44.515 21560 21599 I art     : Starting a blocking GC Explicit
08-04 13:51:44.536 21560 21599 I art     : Explicit concurrent mark sweep GC freed 3(96B) AllocSpace objects, 0(0B) LOS objects, 23% free, 52MB/68MB, paused 428us total 20.635ms
08-04 13:51:44.828 21560 21572 I art     : Starting a blocking GC Explicit
08-04 13:51:44.857 21560 21572 I art     : Explicit concurrent mark sweep GC freed 1340(78KB) AllocSpace objects, 1(20KB) LOS objects, 23% free, 52MB/68MB, paused 470us total 28.971ms
08-04 13:51:44.866 21560 21572 I art     : Starting a blocking GC Explicit
08-04 13:51:44.887 21560 21572 I art     : Explicit concurrent mark sweep GC freed 20(704B) AllocSpace objects, 0(0B) LOS objects, 23% free, 52MB/68MB, paused 431us total 20.802ms
08-04 13:51:44.896 21560 21572 I art     : Starting a blocking GC Explicit
08-04 13:51:44.917 21560 21572 I art     : Explicit concurrent mark sweep GC freed 3(96B) AllocSpace objects, 0(0B) LOS objects, 23% free, 52MB/68MB, paused 482us total 21.091ms
08-04 13:51:44.926 21560 21572 I art     : Starting a blocking GC Explicit
08-04 13:51:44.948 21560 21572 I art     : Explicit concurrent mark sweep GC freed 3(96B) AllocSpace objects, 0(0B) LOS objects, 23% free, 52MB/68MB, paused 544us total 21.048ms
08-04 13:51:44.957 21560 21572 I art     : Starting a blocking GC Explicit
08-04 13:51:44.978 21560 21572 I art     : Explicit concurrent mark sweep GC freed 3(96B) AllocSpace objects, 0(0B) LOS objects, 23% free, 52MB/68MB, paused 430us total 21.031ms
08-04 13:51:45.284 21560 22049 I art     : Starting a blocking GC Explicit
08-04 13:51:45.308 21560 22049 I art     : Explicit concurrent mark sweep GC freed 1355(78KB) AllocSpace objects, 1(20KB) LOS objects, 23% free, 52MB/68MB, paused 422us total 23.030ms
08-04 13:51:45.318 21560 22049 I art     : Starting a blocking GC Explicit
08-04 13:51:45.340 21560 22049 I art     : Explicit concurrent mark sweep GC freed 23(800B) AllocSpace objects, 0(0B) LOS objects, 23% free, 52MB/68MB, paused 423us total 22.077ms
08-04 13:51:45.349 21560 22049 I art     : Starting a blocking GC Explicit
08-04 13:51:45.369 21560 22049 I art     : Explicit concurrent mark sweep GC freed 7(224B) AllocSpace objects, 0(0B) LOS objects, 23% free, 52MB/68MB, paused 427us total 19.436ms
08-04 13:51:45.377 21560 22049 I art     : Starting a blocking GC Explicit
08-04 13:51:45.399 21560 22049 I art     : Explicit concurrent mark sweep GC freed 6(192B) AllocSpace objects, 0(0B) LOS objects, 23% free, 52MB/68MB, paused 454us total 21.236ms
08-04 13:51:45.408 21560 22049 I art     : Starting a blocking GC Explicit
08-04 13:51:45.429 21560 22049 I art     : Explicit concurrent mark sweep GC freed 6(192B) AllocSpace objects, 0(0B) LOS objects, 23% free, 52MB/68MB, paused 565us total 21.039ms
08-04 13:51:45.733 21560 21573 I art     : Starting a blocking GC Explicit
08-04 13:51:45.760 21560 21573 I art     : Explicit concurrent mark sweep GC freed 1340(78KB) AllocSpace objects, 1(20KB) LOS objects, 23% free, 52MB/68MB, paused 479us total 26.390ms
08-04 13:51:45.773 21560 21573 I art     : Starting a blocking GC Explicit
08-04 13:51:45.793 21560 21573 I art     : Explicit concurrent mark sweep GC freed 20(704B) AllocSpace objects, 0(0B) LOS objects, 23% free, 52MB/68MB, paused 421us total 19.840ms
08-04 13:51:45.801 21560 21573 I art     : Starting a blocking GC Explicit
08-04 13:51:45.821 21560 21573 I art     : Explicit concurrent mark sweep GC freed 3(96B) AllocSpace objects, 0(0B) LOS objects, 23% free, 52MB/68MB, paused 415us total 19.934ms
08-04 13:51:45.830 21560 21573 I art     : Starting a blocking GC Explicit
08-04 13:51:45.849 21560 21573 I art     : Explicit concurrent mark sweep GC freed 3(96B) AllocSpace objects, 0(0B) LOS objects, 23% free, 52MB/68MB, paused 454us total 19.310ms
08-04 13:51:45.858 21560 21573 I art     : Starting a blocking GC Explicit
08-04 13:51:45.877 21560 21573 I art     : Explicit concurrent mark sweep GC freed 3(96B) AllocSpace objects, 0(0B) LOS objects, 23% free, 52MB/68MB, paused 549us total 19.140ms
08-04 13:51:46.184 21560 21572 I art     : Starting a blocking GC Explicit
08-04 13:51:46.205 21560 21572 I art     : Explicit concurrent mark sweep GC freed 1340(78KB) AllocSpace objects, 1(20KB) LOS objects, 23% free, 52MB/68MB, paused 438us total 20.432ms
08-04 13:51:46.213 21560 21572 I art     : Starting a blocking GC Explicit
08-04 13:51:46.228 23701 23701 D AndroidRuntime: >>>>>> START com.android.internal.os.RuntimeInit uid 2000 <<<<<<
08-04 13:51:46.233 23701 23701 D AndroidRuntime: CheckJNI is OFF
08-04 13:51:46.234 21560 21572 I art     : Explicit concurrent mark sweep GC freed 20(704B) AllocSpace objects, 0(0B) LOS objects, 23% free, 52MB/68MB, paused 460us total 20.791ms
08-04 13:51:46.243 21560 21572 I art     : Starting a blocking GC Explicit
08-04 13:51:46.262 21560 21572 I art     : Explicit concurrent mark sweep GC freed 3(96B) AllocSpace objects, 0(0B) LOS objects, 23% free, 52MB/68MB, paused 430us total 18.874ms
08-04 13:51:46.269 23701 23701 D ICU     : No timezone override file found: /data/misc/zoneinfo/current/icu/icu_tzdata.dat
08-04 13:51:46.270 21560 21572 I art     : Starting a blocking GC Explicit
08-04 13:51:46.290 21560 21572 I art     : Explicit concurrent mark sweep GC freed 3(96B) AllocSpace objects, 0(0B) LOS objects, 23% free, 52MB/68MB, paused 537us total 19.490ms
08-04 13:51:46.298 21560 21572 I art     : Starting a blocking GC Explicit
08-04 13:51:46.303 23701 23701 I Radio-JNI: register_android_hardware_Radio DONE
08-04 13:51:46.318 21560 21572 I art     : Explicit concurrent mark sweep GC freed 3(96B) AllocSpace objects, 0(0B) LOS objects, 23% free, 52MB/68MB, paused 436us total 19.463ms
08-04 13:51:46.325 23701 23701 D AndroidRuntime: Calling main entry com.android.commands.input.Input
08-04 13:51:46.327 23701 23701 I Input   : injectMotionEvent: MotionEvent { action=ACTION_DOWN, actionButton=0, id[0]=0, x[0]=756.0, y[0]=1530.0, toolType[0]=TOOL_TYPE_UNKNOWN, buttonState=0, metaState=0, flags=0x0, edgeFlags=0x0, pointerCount=1, historySize=0, eventTime=712322740, downTime=712322740, deviceId=0, source=0x1002 }
08-04 13:51:46.335 23701 23701 I Input   : injectMotionEvent: MotionEvent { action=ACTION_UP, actionButton=0, id[0]=0, x[0]=756.0, y[0]=1530.0, toolType[0]=TOOL_TYPE_UNKNOWN, buttonState=0, metaState=0, flags=0x0, edgeFlags=0x0, pointerCount=1, historySize=0, eventTime=712322740, downTime=712322740, deviceId=0, source=0x1002 }
08-04 13:51:46.336 23701 23701 D AndroidRuntime: Shutting down VM
08-04 13:51:46.343   512  2967 D audio_hw_primary: out_set_parameters: enter: usecase(1: low-latency-playback) kvpairs: routing=2
08-04 13:51:46.344   918  4413 I ActivityManager: START u0 {cmp=baseline.appteam.nith.hillffair/.activities.LeaderBoardActivity} from uid 10651 on display 0
08-04 13:51:46.356   512  2967 D audio_hw_primary: select_devices: out_snd_device(2: speaker) in_snd_device(0: none)
08-04 13:51:46.356   512  2967 D msm8974_platform: platform_send_audio_calibration: sending audio calibration for snd_device(2) acdb_id(15)
08-04 13:51:46.357   512  2967 I soundtrigger: audio_extn_sound_trigger_update_device_status: device 0x2 of type 0 for Event 1
08-04 13:51:46.367   512  2967 D audio_hw_primary: enable_snd_device: snd_device(2: speaker)
08-04 13:51:46.369   512  2967 D audio_hw_primary: enable_audio_route: apply and update mixer path: low-latency-playback speaker
08-04 13:51:46.440 21560 21560 E RecyclerView: No adapter attached; skipping layout
08-04 13:51:46.442 21560 21560 E RecyclerView: No adapter attached; skipping layout
08-04 13:51:46.462 13866 13866 I GoogleInputMethodServic: GoogleInputMethodService.onFinishInput():3138 
08-04 13:51:46.462   918   936 I ActivityManager: Displayed baseline.appteam.nith.hillffair/.activities.LeaderBoardActivity: +112ms
08-04 13:51:46.463 21560 21560 E RecyclerView: No adapter attached; skipping layout
08-04 13:51:46.463 13866 13866 I GoogleInputMethodServic: GoogleInputMethodService.onStartInput():1808 
08-04 13:51:46.475 21560 21586 D OpenGLRenderer: endAllStagingAnimators on 0x7f82978800 (RippleDrawable) with handle 0x7f9a1ebd00
08-04 13:51:46.571 21560 22049 I art     : Starting a blocking GC Explicit
08-04 13:51:46.593 21560 22049 I art     : Explicit concurrent mark sweep GC freed 6478(380KB) AllocSpace objects, 1(20KB) LOS objects, 23% free, 52MB/68MB, paused 535us total 21.864ms
08-04 13:51:46.602 21560 22049 I art     : Starting a blocking GC Explicit
08-04 13:51:46.625 21560 22049 I art     : Explicit concurrent mark sweep GC freed 273(11KB) AllocSpace objects, 0(0B) LOS objects, 23% free, 52MB/68MB, paused 523us total 23.401ms
08-04 13:51:46.636 21560 22049 I art     : Starting a blocking GC Explicit
08-04 13:51:46.659 21560 22049 I art     : Explicit concurrent mark sweep GC freed 5(160B) AllocSpace objects, 0(0B) LOS objects, 23% free, 52MB/68MB, paused 512us total 23.312ms
08-04 13:51:46.668 21560 22049 I art     : Starting a blocking GC Explicit
08-04 13:51:46.689   380   380 W SurfaceFlinger: couldn't log to binary event log: overflow.
08-04 13:51:46.689 21560 22049 I art     : Explicit concurrent mark sweep GC freed 5(160B) AllocSpace objects, 0(0B) LOS objects, 23% free, 52MB/68MB, paused 588us total 21.428ms
08-04 13:51:46.699 21560 22049 I art     : Starting a blocking GC Explicit
08-04 13:51:46.718 21560 22049 I art     : Explicit concurrent mark sweep GC freed 5(160B) AllocSpace objects, 0(0B) LOS objects, 23% free, 52MB/68MB, paused 499us total 18.255ms
08-04 13:51:46.908   512  2967 D audio_hw_primary: disable_audio_route: reset and update mixer path: low-latency-playback speaker
08-04 13:51:46.910   512  2967 D audio_hw_primary: disable_snd_device: snd_device(2: speaker)
08-04 13:51:46.918   512  2967 I soundtrigger: audio_extn_sound_trigger_update_device_status: device 0x2 of type 0 for Event 0
08-04 13:51:46.986 21560 21599 I art     : Starting a blocking GC Explicit
08-04 13:51:47.005 21560 21599 I art     : Explicit concurrent mark sweep GC freed 1523(87KB) AllocSpace objects, 1(20KB) LOS objects, 23% free, 52MB/68MB, paused 451us total 18.943ms
08-04 13:51:47.013 21560 21599 I art     : Starting a blocking GC Explicit
08-04 13:51:47.032 21560 21599 I art     : Explicit concurrent mark sweep GC freed 56(1920B) AllocSpace objects, 0(0B) LOS objects, 23% free, 52MB/68MB, paused 452us total 18.436ms
08-04 13:51:47.040 21560 21599 I art     : Starting a blocking GC Explicit
08-04 13:51:47.059 21560 21599 I art     : Explicit concurrent mark sweep GC freed 13(480B) AllocSpace objects, 0(0B) LOS objects, 23% free, 52MB/68MB, paused 456us total 18.753ms
08-04 13:51:47.067 21560 21599 I art     : Starting a blocking GC Explicit
08-04 13:51:47.086 21560 21599 I art     : Explicit concurrent mark sweep GC freed 10(352B) AllocSpace objects, 0(0B) LOS objects, 23% free, 52MB/68MB, paused 452us total 18.158ms
08-04 13:51:47.094 21560 21599 I art     : Starting a blocking GC Explicit
08-04 13:51:47.112 21560 21599 I art     : Explicit concurrent mark sweep GC freed 11(416B) AllocSpace objects, 0(0B) LOS objects, 23% free, 52MB/68MB, paused 445us total 17.905ms
08-04 13:51:47.203 21560 23724 D OkHttp  : --> GET https://api-hillfair-2k16.herokuapp.com/api/app/quiz/leaderboard?from=1 http/1.1
08-04 13:51:47.234 21560 23724 D OkHttp  : <-- 200 OK https://api-hillfair-2k16.herokuapp.com/api/app/quiz/leaderboard?from=1 (30ms, 56744-byte body)
08-04 13:51:47.291 21560 21560 I NAPPA_EXPERIMENTATION: MetricNetworkRequestExecutionTime: REQUEST_DURATION_SYSTEM='917',REQUEST_DURATION_OKHTTP='31',REQUEST_SYNCHRONOUS='FALSE',RESPONSE_CODE='200',RESPONSE_METHOD='GET',RESPONSE_LENGTH_OKHTTP='56744',RESPONSE_LENGTH_HEADER='56744',REQUEST_PROTOCOL='http/1.1',REQUEST_URL='https://api-hillfair-2k16.herokuapp.com/api/app/quiz/leaderboard?from=1',
08-04 13:51:47.364 21560 21572 I art     : Starting a blocking GC Explicit
08-04 13:51:47.390 21560 21572 I art     : Explicit concurrent mark sweep GC freed 30284(1451KB) AllocSpace objects, 4(220KB) LOS objects, 23% free, 53MB/69MB, paused 435us total 26.150ms
08-04 13:51:47.399 21560 21572 I art     : Starting a blocking GC Explicit
08-04 13:51:47.419 21560 21572 I art     : Explicit concurrent mark sweep GC freed 1052(120KB) AllocSpace objects, 0(0B) LOS objects, 23% free, 53MB/69MB, paused 454us total 19.893ms
08-04 13:51:47.427 21560 21572 I art     : Starting a blocking GC Explicit
08-04 13:51:47.447 21560 21572 I art     : Explicit concurrent mark sweep GC freed 3(96B) AllocSpace objects, 0(0B) LOS objects, 23% free, 53MB/69MB, paused 451us total 20.170ms
08-04 13:51:47.456 21560 21572 I art     : Starting a blocking GC Explicit
08-04 13:51:47.478 21560 21572 I art     : Explicit concurrent mark sweep GC freed 3(96B) AllocSpace objects, 0(0B) LOS objects, 23% free, 53MB/69MB, paused 459us total 22.190ms
08-04 13:51:47.487 21560 21572 I art     : Starting a blocking GC Explicit
08-04 13:51:47.509 21560 21572 I art     : Explicit concurrent mark sweep GC freed 3(96B) AllocSpace objects, 0(0B) LOS objects, 23% free, 53MB/69MB, paused 458us total 21.874ms
08-04 13:51:47.805 21560 21599 I art     : Starting a blocking GC Explicit
08-04 13:51:47.835 21560 21599 I art     : Explicit concurrent mark sweep GC freed 1344(78KB) AllocSpace objects, 1(20KB) LOS objects, 23% free, 53MB/69MB, paused 632us total 29.125ms
08-04 13:51:47.848 21560 21599 I art     : Starting a blocking GC Explicit
08-04 13:51:47.871 21560 21599 I art     : Explicit concurrent mark sweep GC freed 20(704B) AllocSpace objects, 0(0B) LOS objects, 23% free, 53MB/69MB, paused 446us total 22.554ms
08-04 13:51:47.880 21560 21599 I art     : Starting a blocking GC Explicit
08-04 13:51:47.903 21560 21599 I art     : Explicit concurrent mark sweep GC freed 3(96B) AllocSpace objects, 0(0B) LOS objects, 23% free, 53MB/69MB, paused 484us total 22.463ms
08-04 13:51:47.912 21560 21599 I art     : Starting a blocking GC Explicit
08-04 13:51:47.936 21560 21599 I art     : Explicit concurrent mark sweep GC freed 3(96B) AllocSpace objects, 0(0B) LOS objects, 23% free, 53MB/69MB, paused 472us total 23.344ms
08-04 13:51:47.945 21560 21599 I art     : Starting a blocking GC Explicit
08-04 13:51:47.968 21560 21599 I art     : Explicit concurrent mark sweep GC freed 3(96B) AllocSpace objects, 0(0B) LOS objects, 23% free, 53MB/69MB, paused 461us total 22.992ms
08-04 13:51:48.297 21560 21573 I art     : Starting a blocking GC Explicit
08-04 13:51:48.326 21560 21573 I art     : Explicit concurrent mark sweep GC freed 1344(78KB) AllocSpace objects, 1(20KB) LOS objects, 23% free, 53MB/69MB, paused 510us total 28.691ms
08-04 13:51:48.337 21560 21573 I art     : Starting a blocking GC Explicit
08-04 13:51:48.361 21560 21573 I art     : Explicit concurrent mark sweep GC freed 20(704B) AllocSpace objects, 0(0B) LOS objects, 23% free, 53MB/69MB, paused 469us total 23.589ms
08-04 13:51:48.370 21560 21573 I art     : Starting a blocking GC Explicit
08-04 13:51:48.393 21560 21573 I art     : Explicit concurrent mark sweep GC freed 3(96B) AllocSpace objects, 0(0B) LOS objects, 23% free, 53MB/69MB, paused 467us total 22.423ms
08-04 13:51:48.402 21560 21573 I art     : Starting a blocking GC Explicit
08-04 13:51:48.425 21560 21573 I art     : Explicit concurrent mark sweep GC freed 3(96B) AllocSpace objects, 0(0B) LOS objects, 23% free, 53MB/69MB, paused 442us total 22.937ms
08-04 13:51:48.434 21560 21573 I art     : Starting a blocking GC Explicit
08-04 13:51:48.458 21560 21573 I art     : Explicit concurrent mark sweep GC freed 3(96B) AllocSpace objects, 0(0B) LOS objects, 23% free, 53MB/69MB, paused 465us total 23.802ms
08-04 13:51:48.769 21560 22049 I art     : Starting a blocking GC Explicit
08-04 13:51:48.798 21560 22049 I art     : Explicit concurrent mark sweep GC freed 1344(78KB) AllocSpace objects, 1(20KB) LOS objects, 23% free, 53MB/69MB, paused 534us total 29.076ms
08-04 13:51:48.809 21560 22049 I art     : Starting a blocking GC Explicit
08-04 13:51:48.833 21560 22049 I art     : Explicit concurrent mark sweep GC freed 20(704B) AllocSpace objects, 0(0B) LOS objects, 23% free, 53MB/69MB, paused 479us total 23.478ms
08-04 13:51:48.842 21560 22049 I art     : Starting a blocking GC Explicit
08-04 13:51:48.865 21560 22049 I art     : Explicit concurrent mark sweep GC freed 3(96B) AllocSpace objects, 0(0B) LOS objects, 23% free, 53MB/69MB, paused 470us total 22.328ms
08-04 13:51:48.874 21560 22049 I art     : Starting a blocking GC Explicit
08-04 13:51:48.897 21560 22049 I art     : Explicit concurrent mark sweep GC freed 3(96B) AllocSpace objects, 0(0B) LOS objects, 23% free, 53MB/69MB, paused 549us total 23.180ms
08-04 13:51:48.907 21560 22049 I art     : Starting a blocking GC Explicit
08-04 13:51:48.930 21560 22049 I art     : Explicit concurrent mark sweep GC freed 3(96B) AllocSpace objects, 0(0B) LOS objects, 23% free, 53MB/69MB, paused 422us total 23.491ms
08-04 13:51:49.240 21560 21572 I art     : Starting a blocking GC Explicit
08-04 13:51:49.268 21560 21572 I art     : Explicit concurrent mark sweep GC freed 1344(78KB) AllocSpace objects, 1(20KB) LOS objects, 23% free, 53MB/69MB, paused 543us total 28.043ms
08-04 13:51:49.280 21560 21572 I art     : Starting a blocking GC Explicit
08-04 13:51:49.304 21560 21572 I art     : Explicit concurrent mark sweep GC freed 20(704B) AllocSpace objects, 0(0B) LOS objects, 23% free, 53MB/69MB, paused 464us total 23.226ms
08-04 13:51:49.313 21560 21572 I art     : Starting a blocking GC Explicit
08-04 13:51:49.336 21560 21572 I art     : Explicit concurrent mark sweep GC freed 3(96B) AllocSpace objects, 0(0B) LOS objects, 23% free, 53MB/69MB, paused 474us total 22.877ms
08-04 13:51:49.345 21560 21572 I art     : Starting a blocking GC Explicit
08-04 13:51:49.368 21560 21572 I art     : Explicit concurrent mark sweep GC freed 3(96B) AllocSpace objects, 0(0B) LOS objects, 23% free, 53MB/69MB, paused 460us total 22.542ms
08-04 13:51:49.377 21560 21572 I art     : Starting a blocking GC Explicit
08-04 13:51:49.400 21560 21572 I art     : Explicit concurrent mark sweep GC freed 3(96B) AllocSpace objects, 0(0B) LOS objects, 23% free, 53MB/69MB, paused 454us total 22.305ms
08-04 13:51:49.725 21560 21599 I art     : Starting a blocking GC Explicit
08-04 13:51:49.754 21560 21599 I art     : Explicit concurrent mark sweep GC freed 1344(78KB) AllocSpace objects, 1(20KB) LOS objects, 23% free, 53MB/69MB, paused 508us total 28.973ms
08-04 13:51:49.767 21560 21599 I art     : Starting a blocking GC Explicit
08-04 13:51:49.791 21560 21599 I art     : Explicit concurrent mark sweep GC freed 20(704B) AllocSpace objects, 0(0B) LOS objects, 23% free, 53MB/69MB, paused 463us total 24.172ms
08-04 13:51:49.800 21560 21599 I art     : Starting a blocking GC Explicit
08-04 13:51:49.823 21560 21599 I art     : Explicit concurrent mark sweep GC freed 3(96B) AllocSpace objects, 0(0B) LOS objects, 23% free, 53MB/69MB, paused 467us total 22.485ms
08-04 13:51:49.832 21560 21599 I art     : Starting a blocking GC Explicit
08-04 13:51:49.856 21560 21599 I art     : Explicit concurrent mark sweep GC freed 3(96B) AllocSpace objects, 0(0B) LOS objects, 23% free, 53MB/69MB, paused 468us total 23.166ms
08-04 13:51:49.865 21560 21599 I art     : Starting a blocking GC Explicit
08-04 13:51:49.888 21560 21599 I art     : Explicit concurrent mark sweep GC freed 3(96B) AllocSpace objects, 0(0B) LOS objects, 23% free, 53MB/69MB, paused 468us total 23.204ms
08-04 13:51:50.191 21560 21573 I art     : Starting a blocking GC Explicit
08-04 13:51:50.217 21560 21573 I art     : Explicit concurrent mark sweep GC freed 1344(78KB) AllocSpace objects, 1(20KB) LOS objects, 23% free, 53MB/69MB, paused 587us total 26.395ms
08-04 13:51:50.230 21560 21573 I art     : Starting a blocking GC Explicit
08-04 13:51:50.254 21560 21573 I art     : Explicit concurrent mark sweep GC freed 20(704B) AllocSpace objects, 0(0B) LOS objects, 23% free, 53MB/69MB, paused 485us total 23.384ms
08-04 13:51:50.263 21560 21573 I art     : Starting a blocking GC Explicit
08-04 13:51:50.287 21560 21573 I art     : Explicit concurrent mark sweep GC freed 3(96B) AllocSpace objects, 0(0B) LOS objects, 23% free, 53MB/69MB, paused 538us total 23.551ms
08-04 13:51:50.296 21560 21573 I art     : Starting a blocking GC Explicit
08-04 13:51:50.319 21560 21573 I art     : Explicit concurrent mark sweep GC freed 3(96B) AllocSpace objects, 0(0B) LOS objects, 23% free, 53MB/69MB, paused 474us total 22.916ms
08-04 13:51:50.328 21560 21573 I art     : Starting a blocking GC Explicit
08-04 13:51:50.351 21560 21573 I art     : Explicit concurrent mark sweep GC freed 3(96B) AllocSpace objects, 0(0B) LOS objects, 23% free, 53MB/69MB, paused 477us total 22.701ms
08-04 13:51:50.651 21560 22049 I art     : Starting a blocking GC Explicit
08-04 13:51:50.674 21560 22049 I art     : Explicit concurrent mark sweep GC freed 1344(78KB) AllocSpace objects, 1(20KB) LOS objects, 23% free, 53MB/69MB, paused 484us total 22.448ms
08-04 13:51:50.683 21560 22049 I art     : Starting a blocking GC Explicit
08-04 13:51:50.705 21560 22049 I art     : Explicit concurrent mark sweep GC freed 20(704B) AllocSpace objects, 0(0B) LOS objects, 23% free, 53MB/69MB, paused 467us total 21.972ms
08-04 13:51:50.714 21560 22049 I art     : Starting a blocking GC Explicit
08-04 13:51:50.735 21560 22049 I art     : Explicit concurrent mark sweep GC freed 3(96B) AllocSpace objects, 0(0B) LOS objects, 23% free, 53MB/69MB, paused 455us total 21.283ms
08-04 13:51:50.744 21560 22049 I art     : Starting a blocking GC Explicit
08-04 13:51:50.766 21560 22049 I art     : Explicit concurrent mark sweep GC freed 3(96B) AllocSpace objects, 0(0B) LOS objects, 23% free, 53MB/69MB, paused 458us total 21.784ms
08-04 13:51:50.775 21560 22049 I art     : Starting a blocking GC Explicit
08-04 13:51:50.797 21560 22049 I art     : Explicit concurrent mark sweep GC freed 3(96B) AllocSpace objects, 0(0B) LOS objects, 23% free, 53MB/69MB, paused 550us total 21.848ms
08-04 13:51:51.005 23827 23827 D AndroidRuntime: >>>>>> START com.android.internal.os.RuntimeInit uid 2000 <<<<<<
08-04 13:51:51.011 23827 23827 D AndroidRuntime: CheckJNI is OFF
08-04 13:51:51.043 23827 23827 D ICU     : No timezone override file found: /data/misc/zoneinfo/current/icu/icu_tzdata.dat
08-04 13:51:51.076 23827 23827 I Radio-JNI: register_android_hardware_Radio DONE
08-04 13:51:51.088 21560 21572 I art     : Starting a blocking GC Explicit
08-04 13:51:51.098 23827 23827 D AndroidRuntime: Calling main entry com.android.commands.input.Input
08-04 13:51:51.100 23827 23827 I Input   : injectKeyEvent: KeyEvent { action=ACTION_DOWN, keyCode=KEYCODE_BACK, scanCode=0, metaState=0, flags=0x0, repeatCount=0, eventTime=712327513, downTime=712327513, deviceId=-1, source=0x101 }
08-04 13:51:51.104 23827 23827 I Input   : injectKeyEvent: KeyEvent { action=ACTION_UP, keyCode=KEYCODE_BACK, scanCode=0, metaState=0, flags=0x0, repeatCount=0, eventTime=712327513, downTime=712327513, deviceId=-1, source=0x101 }
08-04 13:51:51.110 21560 21572 I art     : Explicit concurrent mark sweep GC freed 1346(78KB) AllocSpace objects, 1(20KB) LOS objects, 23% free, 53MB/69MB, paused 545us total 22.246ms
08-04 13:51:51.110 23827 23827 D AndroidRuntime: Shutting down VM
08-04 13:51:51.120 21560 21572 I art     : Starting a blocking GC Explicit
08-04 13:51:51.139 21560 21572 I art     : Explicit concurrent mark sweep GC freed 120(5KB) AllocSpace objects, 0(0B) LOS objects, 23% free, 53MB/69MB, paused 417us total 19.059ms
08-04 13:51:51.147 21560 21572 I art     : Starting a blocking GC Explicit
08-04 13:51:51.150 13866 13866 I GoogleInputMethodServic: GoogleInputMethodService.onFinishInput():3138 
08-04 13:51:51.151 13866 13866 I GoogleInputMethodServic: GoogleInputMethodService.onStartInput():1808 
08-04 13:51:51.169 21560 21572 I art     : Explicit concurrent mark sweep GC freed 38(1376B) AllocSpace objects, 0(0B) LOS objects, 23% free, 53MB/69MB, paused 702us total 22.115ms
08-04 13:51:51.179 21560 21572 I art     : Starting a blocking GC Explicit
08-04 13:51:51.199 21560 21572 I art     : Explicit concurrent mark sweep GC freed 10(368B) AllocSpace objects, 0(0B) LOS objects, 23% free, 53MB/69MB, paused 430us total 20.443ms
08-04 13:51:51.208 21560 21572 I art     : Starting a blocking GC Explicit
08-04 13:51:51.228 21560 21572 I art     : Explicit concurrent mark sweep GC freed 3(96B) AllocSpace objects, 0(0B) LOS objects, 23% free, 53MB/69MB, paused 425us total 20.170ms
08-04 13:51:51.460   380   380 W SurfaceFlinger: couldn't log to binary event log: overflow.
08-04 13:51:51.501 21560 21572 I art     : Starting a blocking GC Explicit
08-04 13:51:51.523 21560 21572 I art     : Explicit concurrent mark sweep GC freed 1463(87KB) AllocSpace objects, 1(20KB) LOS objects, 23% free, 53MB/69MB, paused 465us total 21.842ms
08-04 13:51:51.532 21560 21572 I art     : Starting a blocking GC Explicit
08-04 13:51:51.553 21560 21572 I art     : Explicit concurrent mark sweep GC freed 4698(269KB) AllocSpace objects, 2(140KB) LOS objects, 23% free, 52MB/68MB, paused 443us total 20.930ms
08-04 13:51:51.562 21560 21572 I art     : Starting a blocking GC Explicit
08-04 13:51:51.582 21560 21572 I art     : Explicit concurrent mark sweep GC freed 3(96B) AllocSpace objects, 0(0B) LOS objects, 23% free, 52MB/68MB, paused 440us total 20.707ms
08-04 13:51:51.591 21560 21572 I art     : Starting a blocking GC Explicit
08-04 13:51:51.612 21560 21572 I art     : Explicit concurrent mark sweep GC freed 3(96B) AllocSpace objects, 0(0B) LOS objects, 23% free, 52MB/68MB, paused 450us total 20.343ms
08-04 13:51:51.620 21560 21572 I art     : Starting a blocking GC Explicit
08-04 13:51:51.642 21560 21572 I art     : Explicit concurrent mark sweep GC freed 3(96B) AllocSpace objects, 0(0B) LOS objects, 23% free, 52MB/68MB, paused 454us total 21.190ms
08-04 13:51:51.930 21560 21573 I art     : Starting a blocking GC Explicit
08-04 13:51:51.957 21560 21573 I art     : Explicit concurrent mark sweep GC freed 1344(78KB) AllocSpace objects, 1(20KB) LOS objects, 23% free, 52MB/68MB, paused 480us total 26.355ms
08-04 13:51:51.966 21560 21573 I art     : Starting a blocking GC Explicit
08-04 13:51:51.987 21560 21573 I art     : Explicit concurrent mark sweep GC freed 20(704B) AllocSpace objects, 0(0B) LOS objects, 23% free, 52MB/68MB, paused 499us total 21.490ms
08-04 13:51:51.996 21560 21573 I art     : Starting a blocking GC Explicit
08-04 13:51:52.017 21560 21573 I art     : Explicit concurrent mark sweep GC freed 3(96B) AllocSpace objects, 0(0B) LOS objects, 23% free, 52MB/68MB, paused 493us total 21.308ms
08-04 13:51:52.026 21560 21573 I art     : Starting a blocking GC Explicit
08-04 13:51:52.048 21560 21573 I art     : Explicit concurrent mark sweep GC freed 3(96B) AllocSpace objects, 0(0B) LOS objects, 23% free, 52MB/68MB, paused 477us total 21.690ms
08-04 13:51:52.057 21560 21573 I art     : Starting a blocking GC Explicit
08-04 13:51:52.079 21560 21573 I art     : Explicit concurrent mark sweep GC freed 3(96B) AllocSpace objects, 0(0B) LOS objects, 23% free, 52MB/68MB, paused 464us total 21.269ms
08-04 13:51:52.368 21560 22049 I art     : Starting a blocking GC Explicit
08-04 13:51:52.389 21560 22049 I art     : Explicit concurrent mark sweep GC freed 1343(78KB) AllocSpace objects, 1(20KB) LOS objects, 23% free, 52MB/68MB, paused 469us total 21.335ms
08-04 13:51:52.399 21560 22049 I art     : Starting a blocking GC Explicit
08-04 13:51:52.419 21560 22049 I art     : Explicit concurrent mark sweep GC freed 20(704B) AllocSpace objects, 0(0B) LOS objects, 23% free, 52MB/68MB, paused 453us total 20.227ms
08-04 13:51:52.428 21560 22049 I art     : Starting a blocking GC Explicit
08-04 13:51:52.448 21560 22049 I art     : Explicit concurrent mark sweep GC freed 3(96B) AllocSpace objects, 0(0B) LOS objects, 23% free, 52MB/68MB, paused 504us total 19.866ms
08-04 13:51:52.456 21560 22049 I art     : Starting a blocking GC Explicit
08-04 13:51:52.476 21560 22049 I art     : Explicit concurrent mark sweep GC freed 3(96B) AllocSpace objects, 0(0B) LOS objects, 23% free, 52MB/68MB, paused 452us total 20.130ms
08-04 13:51:52.485 21560 22049 I art     : Starting a blocking GC Explicit
08-04 13:51:52.505 21560 22049 I art     : Explicit concurrent mark sweep GC freed 3(96B) AllocSpace objects, 0(0B) LOS objects, 23% free, 52MB/68MB, paused 478us total 20.208ms
08-04 13:51:52.759 23884 23884 D AndroidRuntime: >>>>>> START com.android.internal.os.RuntimeInit uid 2000 <<<<<<
08-04 13:51:52.764 23884 23884 D AndroidRuntime: CheckJNI is OFF
08-04 13:51:52.779 21560 21573 I art     : Starting a blocking GC Explicit
08-04 13:51:52.803 21560 21573 I art     : Explicit concurrent mark sweep GC freed 1350(78KB) AllocSpace objects, 1(20KB) LOS objects, 23% free, 52MB/68MB, paused 614us total 23.702ms
08-04 13:51:52.804 23884 23884 D ICU     : No timezone override file found: /data/misc/zoneinfo/current/icu/icu_tzdata.dat
08-04 13:51:52.812 21560 21573 I art     : Starting a blocking GC Explicit
08-04 13:51:52.834 21560 21573 I art     : Explicit concurrent mark sweep GC freed 25(864B) AllocSpace objects, 0(0B) LOS objects, 23% free, 52MB/68MB, paused 514us total 21.772ms
08-04 13:51:52.839 23884 23884 I Radio-JNI: register_android_hardware_Radio DONE
08-04 13:51:52.843 21560 21573 I art     : Starting a blocking GC Explicit
08-04 13:51:52.861 23884 23884 D AndroidRuntime: Calling main entry com.android.commands.input.Input
08-04 13:51:52.862 21560 21573 I art     : Explicit concurrent mark sweep GC freed 5(160B) AllocSpace objects, 0(0B) LOS objects, 23% free, 52MB/68MB, paused 490us total 19.197ms
08-04 13:51:52.863 23884 23884 I Input   : injectMotionEvent: MotionEvent { action=ACTION_DOWN, actionButton=0, id[0]=0, x[0]=648.0, y[0]=1050.0, toolType[0]=TOOL_TYPE_UNKNOWN, buttonState=0, metaState=0, flags=0x0, edgeFlags=0x0, pointerCount=1, historySize=0, eventTime=712329276, downTime=712329276, deviceId=0, source=0x1002 }
08-04 13:51:52.870 23884 23884 I Input   : injectMotionEvent: MotionEvent { action=ACTION_UP, actionButton=0, id[0]=0, x[0]=648.0, y[0]=1050.0, toolType[0]=TOOL_TYPE_UNKNOWN, buttonState=0, metaState=0, flags=0x0, edgeFlags=0x0, pointerCount=1, historySize=0, eventTime=712329276, downTime=712329276, deviceId=0, source=0x1002 }
08-04 13:51:52.871 21560 21573 I art     : Starting a blocking GC Explicit
08-04 13:51:52.872 23884 23884 D AndroidRuntime: Shutting down VM
08-04 13:51:52.881   918  5132 I ActivityManager: START u0 {cmp=baseline.appteam.nith.hillffair/.activities.InformationActivity} from uid 10651 on display 0
08-04 13:51:52.882   512  2967 D audio_hw_primary: out_set_parameters: enter: usecase(1: low-latency-playback) kvpairs: routing=2
08-04 13:51:52.890 21560 21573 I art     : Explicit concurrent mark sweep GC freed 49(5KB) AllocSpace objects, 0(0B) LOS objects, 23% free, 52MB/68MB, paused 463us total 19.477ms
08-04 13:51:52.895   512  2967 D audio_hw_primary: select_devices: out_snd_device(2: speaker) in_snd_device(0: none)
08-04 13:51:52.895   512  2967 D msm8974_platform: platform_send_audio_calibration: sending audio calibration for snd_device(2) acdb_id(15)
08-04 13:51:52.895   512  2967 I soundtrigger: audio_extn_sound_trigger_update_device_status: device 0x2 of type 0 for Event 1
08-04 13:51:52.899 21560 21573 I art     : Starting a blocking GC Explicit
08-04 13:51:52.904   512  2967 D audio_hw_primary: enable_snd_device: snd_device(2: speaker)
08-04 13:51:52.906   512  2967 D audio_hw_primary: enable_audio_route: apply and update mixer path: low-latency-playback speaker
08-04 13:51:52.918 21560 21573 I art     : Explicit concurrent mark sweep GC freed 402(26KB) AllocSpace objects, 0(0B) LOS objects, 23% free, 52MB/68MB, paused 627us total 19.289ms
08-04 13:51:53.027   918   936 I ActivityManager: Displayed baseline.appteam.nith.hillffair/.activities.InformationActivity: +131ms
08-04 13:51:53.028 13866 13866 I GoogleInputMethodServic: GoogleInputMethodService.onFinishInput():3138 
08-04 13:51:53.032 13866 13866 I GoogleInputMethodServic: GoogleInputMethodService.onStartInput():1808 
08-04 13:51:53.047 21560 21586 D OpenGLRenderer: endAllStagingAnimators on 0x7f82721c00 (RippleDrawable) with handle 0x7f9a1f2380
08-04 13:51:53.167 21560 21572 I art     : Starting a blocking GC Explicit
08-04 13:51:53.191 21560 21572 I art     : Explicit concurrent mark sweep GC freed 1961(128KB) AllocSpace objects, 1(20KB) LOS objects, 23% free, 52MB/68MB, paused 428us total 24.198ms
08-04 13:51:53.203 21560 21572 I art     : Starting a blocking GC Explicit
08-04 13:51:53.232 21560 21572 I art     : Explicit concurrent mark sweep GC freed 199(8KB) AllocSpace objects, 0(0B) LOS objects, 23% free, 52MB/68MB, paused 457us total 28.197ms
08-04 13:51:53.243 21560 21572 I art     : Starting a blocking GC Explicit
08-04 13:51:53.269 21560 21572 I art     : Explicit concurrent mark sweep GC freed 3(96B) AllocSpace objects, 0(0B) LOS objects, 23% free, 52MB/68MB, paused 519us total 25.180ms
08-04 13:51:53.278 21560 21572 I art     : Starting a blocking GC Explicit
08-04 13:51:53.279   380   380 W SurfaceFlinger: couldn't log to binary event log: overflow.
08-04 13:51:53.301 21560 21572 I art     : Explicit concurrent mark sweep GC freed 3(96B) AllocSpace objects, 0(0B) LOS objects, 23% free, 52MB/68MB, paused 399us total 22.480ms
08-04 13:51:53.309 21560 21572 I art     : Starting a blocking GC Explicit
08-04 13:51:53.327 21560 21572 I art     : Explicit concurrent mark sweep GC freed 3(96B) AllocSpace objects, 0(0B) LOS objects, 23% free, 52MB/68MB, paused 431us total 18.243ms
08-04 13:51:53.439   512  2967 D audio_hw_primary: disable_audio_route: reset and update mixer path: low-latency-playback speaker
08-04 13:51:53.440   512  2967 D audio_hw_primary: disable_snd_device: snd_device(2: speaker)
08-04 13:51:53.448   512  2967 I soundtrigger: audio_extn_sound_trigger_update_device_status: device 0x2 of type 0 for Event 0
08-04 13:51:53.615 21560 21572 I art     : Starting a blocking GC Explicit
08-04 13:51:53.645 21560 21572 I art     : Explicit concurrent mark sweep GC freed 1442(84KB) AllocSpace objects, 1(20KB) LOS objects, 23% free, 52MB/68MB, paused 445us total 29.265ms
08-04 13:51:53.658 21560 21572 I art     : Starting a blocking GC Explicit
08-04 13:51:53.684 21560 21572 I art     : Explicit concurrent mark sweep GC freed 36(1216B) AllocSpace objects, 0(0B) LOS objects, 23% free, 52MB/68MB, paused 445us total 25.361ms
08-04 13:51:53.693 21560 21572 I art     : Starting a blocking GC Explicit
08-04 13:51:53.715 21560 21572 I art     : Explicit concurrent mark sweep GC freed 3(96B) AllocSpace objects, 0(0B) LOS objects, 23% free, 52MB/68MB, paused 449us total 22.206ms
08-04 13:51:53.724 21560 21572 I art     : Starting a blocking GC Explicit
08-04 13:51:53.747 21560 21572 I art     : Explicit concurrent mark sweep GC freed 3(96B) AllocSpace objects, 0(0B) LOS objects, 23% free, 52MB/68MB, paused 445us total 22.311ms
08-04 13:51:53.755 21560 21572 I art     : Starting a blocking GC Explicit
08-04 13:51:53.778 21560 21572 I art     : Explicit concurrent mark sweep GC freed 3(96B) AllocSpace objects, 0(0B) LOS objects, 23% free, 52MB/68MB, paused 459us total 22.251ms
08-04 13:51:54.061 21560 22049 I art     : Starting a blocking GC Explicit
08-04 13:51:54.089 21560 22049 I art     : Explicit concurrent mark sweep GC freed 1344(78KB) AllocSpace objects, 1(20KB) LOS objects, 23% free, 52MB/68MB, paused 455us total 27.363ms
08-04 13:51:54.098 21560 22049 I art     : Starting a blocking GC Explicit
08-04 13:51:54.121 21560 22049 I art     : Explicit concurrent mark sweep GC freed 20(704B) AllocSpace objects, 0(0B) LOS objects, 23% free, 52MB/68MB, paused 448us total 22.126ms
08-04 13:51:54.130 21560 22049 I art     : Starting a blocking GC Explicit
08-04 13:51:54.152 21560 22049 I art     : Explicit concurrent mark sweep GC freed 3(96B) AllocSpace objects, 0(0B) LOS objects, 23% free, 52MB/68MB, paused 444us total 22.225ms
08-04 13:51:54.161 21560 22049 I art     : Starting a blocking GC Explicit
08-04 13:51:54.183 21560 22049 I art     : Explicit concurrent mark sweep GC freed 3(96B) AllocSpace objects, 0(0B) LOS objects, 23% free, 52MB/68MB, paused 486us total 21.920ms
08-04 13:51:54.192 21560 22049 I art     : Starting a blocking GC Explicit
08-04 13:51:54.214 21560 22049 I art     : Explicit concurrent mark sweep GC freed 3(96B) AllocSpace objects, 0(0B) LOS objects, 23% free, 52MB/68MB, paused 446us total 22.016ms
08-04 13:51:54.552 21560 21599 I art     : Starting a blocking GC Explicit
08-04 13:51:54.585 21560 21599 I art     : Explicit concurrent mark sweep GC freed 1349(78KB) AllocSpace objects, 1(20KB) LOS objects, 23% free, 52MB/68MB, paused 498us total 32.647ms
08-04 13:51:54.594 21560 21599 I art     : Starting a blocking GC Explicit
08-04 13:51:54.616 21560 21599 I art     : Explicit concurrent mark sweep GC freed 24(832B) AllocSpace objects, 0(0B) LOS objects, 23% free, 52MB/68MB, paused 409us total 21.310ms
08-04 13:51:54.618 17572 17572 I ServiceManager: Waiting for service AtCmdFwd...
08-04 13:51:54.625 21560 21599 I art     : Starting a blocking GC Explicit
08-04 13:51:54.647 21560 21599 I art     : Explicit concurrent mark sweep GC freed 6(192B) AllocSpace objects, 0(0B) LOS objects, 23% free, 52MB/68MB, paused 495us total 21.661ms
08-04 13:51:54.656 21560 21599 I art     : Starting a blocking GC Explicit
08-04 13:51:54.677 21560 21599 I art     : Explicit concurrent mark sweep GC freed 7(224B) AllocSpace objects, 0(0B) LOS objects, 23% free, 52MB/68MB, paused 463us total 21.295ms
08-04 13:51:54.686 21560 21599 I art     : Starting a blocking GC Explicit
08-04 13:51:54.705 21560 21599 I art     : Explicit concurrent mark sweep GC freed 6(192B) AllocSpace objects, 0(0B) LOS objects, 23% free, 52MB/68MB, paused 393us total 19.379ms
08-04 13:51:55.016 21560 21573 I art     : Starting a blocking GC Explicit
08-04 13:51:55.043 21560 21573 I art     : Explicit concurrent mark sweep GC freed 1355(78KB) AllocSpace objects, 1(20KB) LOS objects, 23% free, 52MB/68MB, paused 487us total 27.259ms
08-04 13:51:55.054 21560 21573 I art     : Starting a blocking GC Explicit
08-04 13:51:55.077 21560 21573 I art     : Explicit concurrent mark sweep GC freed 20(704B) AllocSpace objects, 0(0B) LOS objects, 23% free, 52MB/68MB, paused 580us total 22.474ms
08-04 13:51:55.087 21560 21573 I art     : Starting a blocking GC Explicit
08-04 13:51:55.108 21560 21573 I art     : Explicit concurrent mark sweep GC freed 3(96B) AllocSpace objects, 0(0B) LOS objects, 23% free, 52MB/68MB, paused 454us total 21.340ms
08-04 13:51:55.117 21560 21573 I art     : Starting a blocking GC Explicit
08-04 13:51:55.138 21560 21573 I art     : Explicit concurrent mark sweep GC freed 3(96B) AllocSpace objects, 0(0B) LOS objects, 23% free, 52MB/68MB, paused 438us total 21.123ms
08-04 13:51:55.147 21560 21573 I art     : Starting a blocking GC Explicit
08-04 13:51:55.170 21560 21573 I art     : Explicit concurrent mark sweep GC freed 3(96B) AllocSpace objects, 0(0B) LOS objects, 23% free, 52MB/68MB, paused 447us total 22.281ms
08-04 13:51:55.505 21560 22049 I art     : Starting a blocking GC Explicit
08-04 13:51:55.537 21560 22049 I art     : Explicit concurrent mark sweep GC freed 1344(78KB) AllocSpace objects, 1(20KB) LOS objects, 23% free, 52MB/68MB, paused 622us total 32.059ms
08-04 13:51:55.550 21560 22049 I art     : Starting a blocking GC Explicit
08-04 13:51:55.571 21560 22049 I art     : Explicit concurrent mark sweep GC freed 20(704B) AllocSpace objects, 0(0B) LOS objects, 23% free, 52MB/68MB, paused 475us total 21.148ms
08-04 13:51:55.580 21560 22049 I art     : Starting a blocking GC Explicit
08-04 13:51:55.601 21560 22049 I art     : Explicit concurrent mark sweep GC freed 3(96B) AllocSpace objects, 0(0B) LOS objects, 23% free, 52MB/68MB, paused 428us total 19.873ms
08-04 13:51:55.609 21560 22049 I art     : Starting a blocking GC Explicit
08-04 13:51:55.618 17572 17572 I ServiceManager: Waiting for service AtCmdFwd...
08-04 13:51:55.628 21560 22049 I art     : Explicit concurrent mark sweep GC freed 3(96B) AllocSpace objects, 0(0B) LOS objects, 23% free, 52MB/68MB, paused 452us total 19.581ms
08-04 13:51:55.637 21560 22049 I art     : Starting a blocking GC Explicit
08-04 13:51:55.660 21560 22049 I art     : Explicit concurrent mark sweep GC freed 3(96B) AllocSpace objects, 0(0B) LOS objects, 23% free, 52MB/68MB, paused 448us total 22.346ms
08-04 13:51:55.770   918 13197 D NetworkMonitor/NetworkAgentInfo [WIFI () - 158]: Checking http://connectivitycheck.gstatic.com/generate_204 on "H369AA63323", 192.168.2.12=192.168.2.12
08-04 13:51:55.907   918 13197 D NetworkMonitor/NetworkAgentInfo [WIFI () - 158]: Probably not a portal: exception java.io.IOException: unexpected end of stream on Connection{connectivitycheck.gstatic.com:80, proxy=HTTP@/192.168.2.12:8080 hostAddress=192.168.2.12 cipherSuite=none protocol=http/1.1} (recycle count=0)
08-04 13:51:55.908   918  3263 D ConnectivityService: NetworkAgentInfo [WIFI () - 158] validation failed
08-04 13:51:55.909   918  3261 E WifiConfigStore:  rewrite network history for "H369AA63323"WPA_PSK
08-04 13:51:55.968 21560 21599 I art     : Starting a blocking GC Explicit
08-04 13:51:55.995 21560 21599 I art     : Explicit concurrent mark sweep GC freed 1344(78KB) AllocSpace objects, 1(20KB) LOS objects, 23% free, 52MB/68MB, paused 460us total 26.193ms
08-04 13:51:56.004 21560 21599 I art     : Starting a blocking GC Explicit
08-04 13:51:56.026 21560 21599 I art     : Explicit concurrent mark sweep GC freed 20(704B) AllocSpace objects, 0(0B) LOS objects, 23% free, 52MB/68MB, paused 439us total 21.989ms
08-04 13:51:56.035 21560 21599 I art     : Starting a blocking GC Explicit
08-04 13:51:56.057 21560 21599 I art     : Explicit concurrent mark sweep GC freed 3(96B) AllocSpace objects, 0(0B) LOS objects, 23% free, 52MB/68MB, paused 472us total 22.272ms
08-04 13:51:56.066 21560 21599 I art     : Starting a blocking GC Explicit
08-04 13:51:56.089 21560 21599 I art     : Explicit concurrent mark sweep GC freed 3(96B) AllocSpace objects, 0(0B) LOS objects, 23% free, 52MB/68MB, paused 445us total 22.495ms
08-04 13:51:56.098 21560 21599 I art     : Starting a blocking GC Explicit
08-04 13:51:56.120 21560 21599 I art     : Explicit concurrent mark sweep GC freed 3(96B) AllocSpace objects, 0(0B) LOS objects, 23% free, 52MB/68MB, paused 453us total 22.185ms
08-04 13:51:56.433 21560 21572 I art     : Starting a blocking GC Explicit
08-04 13:51:56.461 21560 21572 I art     : Explicit concurrent mark sweep GC freed 1344(78KB) AllocSpace objects, 1(20KB) LOS objects, 23% free, 52MB/68MB, paused 471us total 27.174ms
08-04 13:51:56.474 21560 21572 I art     : Starting a blocking GC Explicit
08-04 13:51:56.496 21560 21572 I art     : Explicit concurrent mark sweep GC freed 20(704B) AllocSpace objects, 0(0B) LOS objects, 23% free, 52MB/68MB, paused 440us total 22.165ms
08-04 13:51:56.505 21560 21572 I art     : Starting a blocking GC Explicit
08-04 13:51:56.528 21560 21572 I art     : Explicit concurrent mark sweep GC freed 3(96B) AllocSpace objects, 0(0B) LOS objects, 23% free, 52MB/68MB, paused 479us total 22.276ms
08-04 13:51:56.537 21560 21572 I art     : Starting a blocking GC Explicit
08-04 13:51:56.560 21560 21572 I art     : Explicit concurrent mark sweep GC freed 3(96B) AllocSpace objects, 0(0B) LOS objects, 23% free, 52MB/68MB, paused 456us total 22.885ms
08-04 13:51:56.569 21560 21572 I art     : Starting a blocking GC Explicit
08-04 13:51:56.591 21560 21572 I art     : Explicit concurrent mark sweep GC freed 3(96B) AllocSpace objects, 0(0B) LOS objects, 23% free, 52MB/68MB, paused 432us total 21.845ms
08-04 13:51:56.619 17572 17572 I ServiceManager: Waiting for service AtCmdFwd...
08-04 13:51:56.904 21560 21573 I art     : Starting a blocking GC Explicit
08-04 13:51:56.931 21560 21573 I art     : Explicit concurrent mark sweep GC freed 1344(78KB) AllocSpace objects, 1(20KB) LOS objects, 23% free, 52MB/68MB, paused 478us total 27.226ms
08-04 13:51:56.943 21560 21573 I art     : Starting a blocking GC Explicit
08-04 13:51:56.971 21560 21573 I art     : Explicit concurrent mark sweep GC freed 20(704B) AllocSpace objects, 0(0B) LOS objects, 23% free, 52MB/68MB, paused 467us total 26.591ms
08-04 13:51:56.981 21560 21573 I art     : Starting a blocking GC Explicit
08-04 13:51:57.004 21560 21573 I art     : Explicit concurrent mark sweep GC freed 3(96B) AllocSpace objects, 0(0B) LOS objects, 23% free, 52MB/68MB, paused 451us total 22.516ms
08-04 13:51:57.013 21560 21573 I art     : Starting a blocking GC Explicit
08-04 13:51:57.035 21560 21573 I art     : Explicit concurrent mark sweep GC freed 3(96B) AllocSpace objects, 0(0B) LOS objects, 23% free, 52MB/68MB, paused 438us total 21.583ms
08-04 13:51:57.044 21560 21573 I art     : Starting a blocking GC Explicit
08-04 13:51:57.066 21560 21573 I art     : Explicit concurrent mark sweep GC freed 3(96B) AllocSpace objects, 0(0B) LOS objects, 23% free, 52MB/68MB, paused 451us total 21.954ms
08-04 13:51:57.337 21560 22049 I art     : Starting a blocking GC Explicit
08-04 13:51:57.359 21560 22049 I art     : Explicit concurrent mark sweep GC freed 1344(78KB) AllocSpace objects, 1(20KB) LOS objects, 23% free, 52MB/68MB, paused 456us total 22.085ms
08-04 13:51:57.368 21560 22049 I art     : Starting a blocking GC Explicit
08-04 13:51:57.390 21560 22049 I art     : Explicit concurrent mark sweep GC freed 20(704B) AllocSpace objects, 0(0B) LOS objects, 23% free, 52MB/68MB, paused 464us total 21.266ms
08-04 13:51:57.399 21560 22049 I art     : Starting a blocking GC Explicit
08-04 13:51:57.419 21560 22049 I art     : Explicit concurrent mark sweep GC freed 3(96B) AllocSpace objects, 0(0B) LOS objects, 23% free, 52MB/68MB, paused 472us total 20.667ms
08-04 13:51:57.428 21560 22049 I art     : Starting a blocking GC Explicit
08-04 13:51:57.449 21560 22049 I art     : Explicit concurrent mark sweep GC freed 3(96B) AllocSpace objects, 0(0B) LOS objects, 23% free, 52MB/68MB, paused 448us total 20.676ms
08-04 13:51:57.457 21560 22049 I art     : Starting a blocking GC Explicit
08-04 13:51:57.478 21560 22049 I art     : Explicit concurrent mark sweep GC freed 3(96B) AllocSpace objects, 0(0B) LOS objects, 23% free, 52MB/68MB, paused 441us total 20.578ms
08-04 13:51:57.573 24003 24003 D AndroidRuntime: >>>>>> START com.android.internal.os.RuntimeInit uid 2000 <<<<<<
08-04 13:51:57.579 24003 24003 D AndroidRuntime: CheckJNI is OFF
08-04 13:51:57.617 24003 24003 D ICU     : No timezone override file found: /data/misc/zoneinfo/current/icu/icu_tzdata.dat
08-04 13:51:57.620 17572 17572 I ServiceManager: Waiting for service AtCmdFwd...
08-04 13:51:57.655 24003 24003 I Radio-JNI: register_android_hardware_Radio DONE
08-04 13:51:57.677 24003 24003 D AndroidRuntime: Calling main entry com.android.commands.input.Input
08-04 13:51:57.679 24003 24003 I Input   : injectKeyEvent: KeyEvent { action=ACTION_DOWN, keyCode=KEYCODE_BACK, scanCode=0, metaState=0, flags=0x0, repeatCount=0, eventTime=712334092, downTime=712334092, deviceId=-1, source=0x101 }
08-04 13:51:57.686 24003 24003 I Input   : injectKeyEvent: KeyEvent { action=ACTION_UP, keyCode=KEYCODE_BACK, scanCode=0, metaState=0, flags=0x0, repeatCount=0, eventTime=712334092, downTime=712334092, deviceId=-1, source=0x101 }
08-04 13:51:57.691 24003 24003 D AndroidRuntime: Shutting down VM
08-04 13:51:57.726 13866 13866 I GoogleInputMethodServic: GoogleInputMethodService.onFinishInput():3138 
08-04 13:51:57.727 13866 13866 I GoogleInputMethodServic: GoogleInputMethodService.onStartInput():1808 
08-04 13:51:57.766 21560 21599 I art     : Starting a blocking GC Explicit
08-04 13:51:57.785 21560 21599 I art     : Explicit concurrent mark sweep GC freed 1484(84KB) AllocSpace objects, 1(20KB) LOS objects, 23% free, 52MB/68MB, paused 396us total 19.387ms
08-04 13:51:57.793 21560 21599 I art     : Starting a blocking GC Explicit
08-04 13:51:57.812 21560 21599 I art     : Explicit concurrent mark sweep GC freed 26(944B) AllocSpace objects, 0(0B) LOS objects, 23% free, 52MB/68MB, paused 416us total 18.438ms
08-04 13:51:57.820 21560 21599 I art     : Starting a blocking GC Explicit
08-04 13:51:57.843 21560 21599 I art     : Explicit concurrent mark sweep GC freed 3(96B) AllocSpace objects, 0(0B) LOS objects, 23% free, 52MB/68MB, paused 447us total 22.365ms
08-04 13:51:57.851 21560 21599 I art     : Starting a blocking GC Explicit
08-04 13:51:57.874 21560 21599 I art     : Explicit concurrent mark sweep GC freed 3(96B) AllocSpace objects, 0(0B) LOS objects, 23% free, 52MB/68MB, paused 434us total 21.821ms
08-04 13:51:57.883 21560 21599 I art     : Starting a blocking GC Explicit
08-04 13:51:57.911 21560 21599 I art     : Explicit concurrent mark sweep GC freed 3(96B) AllocSpace objects, 0(0B) LOS objects, 23% free, 52MB/68MB, paused 741us total 27.376ms
08-04 13:51:58.017   380   380 W SurfaceFlinger: couldn't log to binary event log: overflow.
08-04 13:51:58.160 21560 21572 I art     : Starting a blocking GC Explicit
08-04 13:51:58.183 21560 21572 I art     : Explicit concurrent mark sweep GC freed 1454(87KB) AllocSpace objects, 1(20KB) LOS objects, 23% free, 52MB/68MB, paused 452us total 22.803ms
08-04 13:51:58.192 21560 21572 I art     : Starting a blocking GC Explicit
08-04 13:51:58.214 21560 21572 I art     : Explicit concurrent mark sweep GC freed 1401(90KB) AllocSpace objects, 1(28KB) LOS objects, 23% free, 52MB/68MB, paused 430us total 21.042ms
08-04 13:51:58.222 21560 21572 I art     : Starting a blocking GC Explicit
08-04 13:51:58.243 21560 21572 I art     : Explicit concurrent mark sweep GC freed 3(96B) AllocSpace objects, 0(0B) LOS objects, 23% free, 52MB/68MB, paused 446us total 20.702ms
08-04 13:51:58.252 21560 21572 I art     : Starting a blocking GC Explicit
08-04 13:51:58.273 21560 21572 I art     : Explicit concurrent mark sweep GC freed 3(96B) AllocSpace objects, 0(0B) LOS objects, 23% free, 52MB/68MB, paused 445us total 21.478ms
08-04 13:51:58.283 21560 21572 I art     : Starting a blocking GC Explicit
08-04 13:51:58.304 21560 21572 I art     : Explicit concurrent mark sweep GC freed 3(96B) AllocSpace objects, 0(0B) LOS objects, 23% free, 52MB/68MB, paused 430us total 20.699ms
08-04 13:51:58.600 21560 21573 I art     : Starting a blocking GC Explicit
08-04 13:51:58.620 17572 17572 I ServiceManager: Waiting for service AtCmdFwd...
08-04 13:51:58.627 21560 21573 I art     : Explicit concurrent mark sweep GC freed 1344(78KB) AllocSpace objects, 1(20KB) LOS objects, 23% free, 52MB/68MB, paused 476us total 26.649ms
08-04 13:51:58.639 21560 21573 I art     : Starting a blocking GC Explicit
08-04 13:51:58.661 21560 21573 I art     : Explicit concurrent mark sweep GC freed 20(704B) AllocSpace objects, 0(0B) LOS objects, 23% free, 52MB/68MB, paused 441us total 21.977ms
08-04 13:51:58.670 21560 21573 I art     : Starting a blocking GC Explicit
08-04 13:51:58.692 21560 21573 I art     : Explicit concurrent mark sweep GC freed 3(96B) AllocSpace objects, 0(0B) LOS objects, 23% free, 52MB/68MB, paused 442us total 21.588ms
08-04 13:51:58.701 21560 21573 I art     : Starting a blocking GC Explicit
08-04 13:51:58.723 21560 21573 I art     : Explicit concurrent mark sweep GC freed 3(96B) AllocSpace objects, 0(0B) LOS objects, 23% free, 52MB/68MB, paused 431us total 21.632ms
08-04 13:51:58.732 21560 21573 I art     : Starting a blocking GC Explicit
08-04 13:51:58.753 21560 21573 I art     : Explicit concurrent mark sweep GC freed 3(96B) AllocSpace objects, 0(0B) LOS objects, 23% free, 52MB/68MB, paused 417us total 20.412ms
08-04 13:51:59.031 21560 22049 I art     : Starting a blocking GC Explicit
08-04 13:51:59.052 21560 22049 I art     : Explicit concurrent mark sweep GC freed 1343(78KB) AllocSpace objects, 1(20KB) LOS objects, 23% free, 52MB/68MB, paused 440us total 21.275ms
08-04 13:51:59.061 21560 22049 I art     : Starting a blocking GC Explicit
08-04 13:51:59.081 21560 22049 I art     : Explicit concurrent mark sweep GC freed 20(704B) AllocSpace objects, 0(0B) LOS objects, 23% free, 52MB/68MB, paused 494us total 19.734ms
08-04 13:51:59.089 21560 22049 I art     : Starting a blocking GC Explicit
08-04 13:51:59.109 21560 22049 I art     : Explicit concurrent mark sweep GC freed 3(96B) AllocSpace objects, 0(0B) LOS objects, 23% free, 52MB/68MB, paused 440us total 20.066ms
08-04 13:51:59.118 21560 22049 I art     : Starting a blocking GC Explicit
08-04 13:51:59.138 21560 22049 I art     : Explicit concurrent mark sweep GC freed 3(96B) AllocSpace objects, 0(0B) LOS objects, 23% free, 52MB/68MB, paused 436us total 19.950ms
08-04 13:51:59.146 21560 22049 I art     : Starting a blocking GC Explicit
08-04 13:51:59.167 21560 22049 I art     : Explicit concurrent mark sweep GC freed 3(96B) AllocSpace objects, 0(0B) LOS objects, 23% free, 52MB/68MB, paused 445us total 20.045ms
08-04 13:51:59.372 24058 24058 D AndroidRuntime: >>>>>> START com.android.internal.os.RuntimeInit uid 2000 <<<<<<
08-04 13:51:59.378 24058 24058 D AndroidRuntime: CheckJNI is OFF
08-04 13:51:59.409 24058 24058 D ICU     : No timezone override file found: /data/misc/zoneinfo/current/icu/icu_tzdata.dat
08-04 13:51:59.441 24058 24058 I Radio-JNI: register_android_hardware_Radio DONE
08-04 13:51:59.453 21560 21572 I art     : Starting a blocking GC Explicit
08-04 13:51:59.461 24058 24058 D AndroidRuntime: Calling main entry com.android.commands.input.Input
08-04 13:51:59.463 24058 24058 I Input   : injectMotionEvent: MotionEvent { action=ACTION_DOWN, actionButton=0, id[0]=0, x[0]=756.0, y[0]=1530.0, toolType[0]=TOOL_TYPE_UNKNOWN, buttonState=0, metaState=0, flags=0x0, edgeFlags=0x0, pointerCount=1, historySize=0, eventTime=712335876, downTime=712335876, deviceId=0, source=0x1002 }
08-04 13:51:59.467 24058 24058 I Input   : injectMotionEvent: MotionEvent { action=ACTION_UP, actionButton=0, id[0]=0, x[0]=756.0, y[0]=1530.0, toolType[0]=TOOL_TYPE_UNKNOWN, buttonState=0, metaState=0, flags=0x0, edgeFlags=0x0, pointerCount=1, historySize=0, eventTime=712335876, downTime=712335876, deviceId=0, source=0x1002 }
08-04 13:51:59.470 24058 24058 D AndroidRuntime: Shutting down VM
08-04 13:51:59.472 21560 21572 I art     : Explicit concurrent mark sweep GC freed 1390(79KB) AllocSpace objects, 1(20KB) LOS objects, 23% free, 52MB/68MB, paused 720us total 19.448ms
08-04 13:51:59.472   918  5952 I ActivityManager: START u0 {cmp=baseline.appteam.nith.hillffair/.activities.LeaderBoardActivity} from uid 10651 on display 0
08-04 13:51:59.474   512  2967 D audio_hw_primary: out_set_parameters: enter: usecase(1: low-latency-playback) kvpairs: routing=2
08-04 13:51:59.482 21560 21572 I art     : Starting a blocking GC Explicit
08-04 13:51:59.487   512  2967 D audio_hw_primary: select_devices: out_snd_device(2: speaker) in_snd_device(0: none)
08-04 13:51:59.488   512  2967 D msm8974_platform: platform_send_audio_calibration: sending audio calibration for snd_device(2) acdb_id(15)
08-04 13:51:59.488   512  2967 I soundtrigger: audio_extn_sound_trigger_update_device_status: device 0x2 of type 0 for Event 1
08-04 13:51:59.498   512  2967 D audio_hw_primary: enable_snd_device: snd_device(2: speaker)
08-04 13:51:59.500   512  2967 D audio_hw_primary: enable_audio_route: apply and update mixer path: low-latency-playback speaker
08-04 13:51:59.502 21560 21572 I art     : Explicit concurrent mark sweep GC freed 82(2912B) AllocSpace objects, 0(0B) LOS objects, 23% free, 52MB/68MB, paused 497us total 19.912ms
08-04 13:51:59.512 21560 21572 I art     : Starting a blocking GC Explicit
08-04 13:51:59.533 21560 21572 I art     : Explicit concurrent mark sweep GC freed 4848(289KB) AllocSpace objects, 0(0B) LOS objects, 23% free, 53MB/69MB, paused 975us total 21.341ms
08-04 13:51:59.541 21560 21572 I art     : Starting a blocking GC Explicit
08-04 13:51:59.561 21560 21572 I art     : Explicit concurrent mark sweep GC freed 358(30KB) AllocSpace objects, 0(0B) LOS objects, 23% free, 52MB/68MB, paused 461us total 19.065ms
08-04 13:51:59.569 21560 21572 I art     : Starting a blocking GC Explicit
08-04 13:51:59.578 21560 21560 E RecyclerView: No adapter attached; skipping layout
08-04 13:51:59.581 21560 21560 E RecyclerView: No adapter attached; skipping layout
08-04 13:51:59.589 21560 21572 I art     : Explicit concurrent mark sweep GC freed 176(9KB) AllocSpace objects, 0(0B) LOS objects, 23% free, 53MB/69MB, paused 619us total 19.640ms
08-04 13:51:59.596   918   936 I ActivityManager: Displayed baseline.appteam.nith.hillffair/.activities.LeaderBoardActivity: +109ms
08-04 13:51:59.596 13866 13866 I GoogleInputMethodServic: GoogleInputMethodService.onFinishInput():3138 
08-04 13:51:59.598 13866 13866 I GoogleInputMethodServic: GoogleInputMethodService.onStartInput():1808 
08-04 13:51:59.598 21560 21560 E RecyclerView: No adapter attached; skipping layout
08-04 13:51:59.616 21560 21586 D OpenGLRenderer: endAllStagingAnimators on 0x7f82978800 (RippleDrawable) with handle 0x7f9a1e9f40
08-04 13:51:59.621 17572 17572 W Atfwd_Sendcmd: AtCmdFwd service not published, waiting... retryCnt : 1
08-04 13:51:59.852 21560 22049 I art     : Starting a blocking GC Explicit
08-04 13:51:59.854   380   380 W SurfaceFlinger: couldn't log to binary event log: overflow.
08-04 13:51:59.879 21560 22049 I art     : Explicit concurrent mark sweep GC freed 1425(81KB) AllocSpace objects, 1(20KB) LOS objects, 23% free, 53MB/69MB, paused 461us total 25.986ms
08-04 13:51:59.887 21560 22049 I art     : Starting a blocking GC Explicit
08-04 13:51:59.906 21560 22049 I art     : Explicit concurrent mark sweep GC freed 40(1360B) AllocSpace objects, 0(0B) LOS objects, 23% free, 53MB/69MB, paused 441us total 18.762ms
08-04 13:51:59.914 21560 22049 I art     : Starting a blocking GC Explicit
08-04 13:51:59.933 21560 22049 I art     : Explicit concurrent mark sweep GC freed 3(96B) AllocSpace objects, 0(0B) LOS objects, 23% free, 53MB/69MB, paused 507us total 18.849ms
08-04 13:51:59.941 21560 22049 I art     : Starting a blocking GC Explicit
08-04 13:51:59.960 21560 22049 I art     : Explicit concurrent mark sweep GC freed 3(96B) AllocSpace objects, 0(0B) LOS objects, 23% free, 53MB/69MB, paused 444us total 18.848ms
08-04 13:51:59.968 21560 22049 I art     : Starting a blocking GC Explicit
08-04 13:51:59.990 21560 22049 I art     : Explicit concurrent mark sweep GC freed 106(6KB) AllocSpace objects, 0(0B) LOS objects, 23% free, 53MB/69MB, paused 474us total 21.778ms
08-04 13:52:00.040   512  2967 D audio_hw_primary: disable_audio_route: reset and update mixer path: low-latency-playback speaker
08-04 13:52:00.042   512  2967 D audio_hw_primary: disable_snd_device: snd_device(2: speaker)
08-04 13:52:00.051   512  2967 I soundtrigger: audio_extn_sound_trigger_update_device_status: device 0x2 of type 0 for Event 0
08-04 13:52:00.116 21560 24089 D OkHttp  : --> GET https://api-hillfair-2k16.herokuapp.com/api/app/quiz/leaderboard?from=1 http/1.1
08-04 13:52:00.145 21560 24089 D OkHttp  : <-- 200 OK https://api-hillfair-2k16.herokuapp.com/api/app/quiz/leaderboard?from=1 (28ms, 56744-byte body)
08-04 13:52:00.255 21560 21560 I NAPPA_EXPERIMENTATION: MetricNetworkRequestExecutionTime: REQUEST_DURATION_SYSTEM='730',REQUEST_DURATION_OKHTTP='29',REQUEST_SYNCHRONOUS='FALSE',RESPONSE_CODE='200',RESPONSE_METHOD='GET',RESPONSE_LENGTH_OKHTTP='56744',RESPONSE_LENGTH_HEADER='56744',REQUEST_PROTOCOL='http/1.1',REQUEST_URL='https://api-hillfair-2k16.herokuapp.com/api/app/quiz/leaderboard?from=1',
08-04 13:52:00.257 21560 21599 I art     : Starting a blocking GC Explicit
08-04 13:52:00.283 21560 21599 I art     : Explicit concurrent mark sweep GC freed 29423(1412KB) AllocSpace objects, 4(220KB) LOS objects, 23% free, 53MB/69MB, paused 710us total 25.813ms
08-04 13:52:00.293 21560 21599 I art     : Starting a blocking GC Explicit
08-04 13:52:00.313 21560 21599 I art     : Explicit concurrent mark sweep GC freed 1600(142KB) AllocSpace objects, 0(0B) LOS objects, 23% free, 53MB/69MB, paused 698us total 20.516ms
08-04 13:52:00.322 21560 21599 I art     : Starting a blocking GC Explicit
08-04 13:52:00.343 21560 21599 I art     : Explicit concurrent mark sweep GC freed 329(12KB) AllocSpace objects, 0(0B) LOS objects, 23% free, 53MB/69MB, paused 505us total 21.336ms
08-04 13:52:00.353 21560 21599 I art     : Starting a blocking GC Explicit
08-04 13:52:00.375 21560 21599 I art     : Explicit concurrent mark sweep GC freed 89(2624B) AllocSpace objects, 0(0B) LOS objects, 23% free, 53MB/69MB, paused 490us total 21.944ms
08-04 13:52:00.384 21560 21599 I art     : Starting a blocking GC Explicit
08-04 13:52:00.406 21560 21599 I art     : Explicit concurrent mark sweep GC freed 5(192B) AllocSpace objects, 0(0B) LOS objects, 23% free, 53MB/69MB, paused 456us total 21.801ms
08-04 13:52:00.702 21560 22049 I art     : Starting a blocking GC Explicit
08-04 13:52:00.736 21560 22049 I art     : Explicit concurrent mark sweep GC freed 1344(78KB) AllocSpace objects, 1(20KB) LOS objects, 23% free, 53MB/69MB, paused 501us total 33.260ms
08-04 13:52:00.749 21560 22049 I art     : Starting a blocking GC Explicit
08-04 13:52:00.773 21560 22049 I art     : Explicit concurrent mark sweep GC freed 20(704B) AllocSpace objects, 0(0B) LOS objects, 23% free, 53MB/69MB, paused 480us total 23.766ms
08-04 13:52:00.782 21560 22049 I art     : Starting a blocking GC Explicit
08-04 13:52:00.806 21560 22049 I art     : Explicit concurrent mark sweep GC freed 3(96B) AllocSpace objects, 0(0B) LOS objects, 23% free, 53MB/69MB, paused 456us total 24.134ms
08-04 13:52:00.816 21560 22049 I art     : Starting a blocking GC Explicit
08-04 13:52:00.840 21560 22049 I art     : Explicit concurrent mark sweep GC freed 3(96B) AllocSpace objects, 0(0B) LOS objects, 23% free, 53MB/69MB, paused 466us total 24.303ms
08-04 13:52:00.850 21560 22049 I art     : Starting a blocking GC Explicit
08-04 13:52:00.873 21560 22049 I art     : Explicit concurrent mark sweep GC freed 3(96B) AllocSpace objects, 0(0B) LOS objects, 23% free, 53MB/69MB, paused 460us total 23.094ms
08-04 13:52:01.159 21560 21572 I art     : Starting a blocking GC Explicit
08-04 13:52:01.192 21560 21572 I art     : Explicit concurrent mark sweep GC freed 1344(78KB) AllocSpace objects, 1(20KB) LOS objects, 23% free, 53MB/69MB, paused 643us total 32.273ms
08-04 13:52:01.204 21560 21572 I art     : Starting a blocking GC Explicit
08-04 13:52:01.229 21560 21572 I art     : Explicit concurrent mark sweep GC freed 20(704B) AllocSpace objects, 0(0B) LOS objects, 23% free, 53MB/69MB, paused 462us total 24.029ms
08-04 13:52:01.238 21560 21572 I art     : Starting a blocking GC Explicit
08-04 13:52:01.262 21560 21572 I art     : Explicit concurrent mark sweep GC freed 3(96B) AllocSpace objects, 0(0B) LOS objects, 23% free, 53MB/69MB, paused 477us total 23.836ms
08-04 13:52:01.271 21560 21572 I art     : Starting a blocking GC Explicit
08-04 13:52:01.296 21560 21572 I art     : Explicit concurrent mark sweep GC freed 3(96B) AllocSpace objects, 0(0B) LOS objects, 23% free, 53MB/69MB, paused 493us total 24.681ms
08-04 13:52:01.306 21560 21572 I art     : Starting a blocking GC Explicit
08-04 13:52:01.329 21560 21572 I art     : Explicit concurrent mark sweep GC freed 3(96B) AllocSpace objects, 0(0B) LOS objects, 23% free, 53MB/69MB, paused 470us total 22.862ms
08-04 13:52:01.631 21560 21573 I art     : Starting a blocking GC Explicit
08-04 13:52:01.659 21560 21573 I art     : Explicit concurrent mark sweep GC freed 1344(78KB) AllocSpace objects, 1(20KB) LOS objects, 23% free, 53MB/69MB, paused 574us total 27.130ms
08-04 13:52:01.671 21560 21573 I art     : Starting a blocking GC Explicit
08-04 13:52:01.695 21560 21573 I art     : Explicit concurrent mark sweep GC freed 20(704B) AllocSpace objects, 0(0B) LOS objects, 23% free, 53MB/69MB, paused 480us total 23.655ms
08-04 13:52:01.705 21560 21573 I art     : Starting a blocking GC Explicit
08-04 13:52:01.729 21560 21573 I art     : Explicit concurrent mark sweep GC freed 3(96B) AllocSpace objects, 0(0B) LOS objects, 23% free, 53MB/69MB, paused 494us total 24.258ms
08-04 13:52:01.739 21560 21573 I art     : Starting a blocking GC Explicit
08-04 13:52:01.763 21560 21573 I art     : Explicit concurrent mark sweep GC freed 3(96B) AllocSpace objects, 0(0B) LOS objects, 23% free, 53MB/69MB, paused 470us total 23.954ms
08-04 13:52:01.772 21560 21573 I art     : Starting a blocking GC Explicit
08-04 13:52:01.796 21560 21573 I art     : Explicit concurrent mark sweep GC freed 3(96B) AllocSpace objects, 0(0B) LOS objects, 23% free, 53MB/69MB, paused 475us total 23.191ms
08-04 13:52:01.981   918  3188 I hubconnection: sensorhub said: 'set_bias 3: -6.1440, 0.0000, 0.0000'
08-04 13:52:02.117 21560 21599 I art     : Starting a blocking GC Explicit
08-04 13:52:02.146 21560 21599 I art     : Explicit concurrent mark sweep GC freed 1344(78KB) AllocSpace objects, 1(20KB) LOS objects, 23% free, 53MB/69MB, paused 510us total 29.109ms
08-04 13:52:02.159 21560 21599 I art     : Starting a blocking GC Explicit
08-04 13:52:02.183 21560 21599 I art     : Explicit concurrent mark sweep GC freed 20(704B) AllocSpace objects, 0(0B) LOS objects, 23% free, 53MB/69MB, paused 443us total 24.198ms
08-04 13:52:02.193 21560 21599 I art     : Starting a blocking GC Explicit
08-04 13:52:02.217 21560 21599 I art     : Explicit concurrent mark sweep GC freed 3(96B) AllocSpace objects, 0(0B) LOS objects, 23% free, 53MB/69MB, paused 529us total 24.025ms
08-04 13:52:02.226 21560 21599 I art     : Starting a blocking GC Explicit
08-04 13:52:02.251 21560 21599 I art     : Explicit concurrent mark sweep GC freed 3(96B) AllocSpace objects, 0(0B) LOS objects, 23% free, 53MB/69MB, paused 473us total 24.098ms
08-04 13:52:02.260 21560 21599 I art     : Starting a blocking GC Explicit
08-04 13:52:02.284 21560 21599 I art     : Explicit concurrent mark sweep GC freed 3(96B) AllocSpace objects, 0(0B) LOS objects, 23% free, 53MB/69MB, paused 573us total 24.084ms
08-04 13:52:02.604 21560 22049 I art     : Starting a blocking GC Explicit
08-04 13:52:02.634 21560 22049 I art     : Explicit concurrent mark sweep GC freed 1344(78KB) AllocSpace objects, 1(20KB) LOS objects, 23% free, 53MB/69MB, paused 524us total 29.619ms
08-04 13:52:02.645 21560 22049 I art     : Starting a blocking GC Explicit
08-04 13:52:02.669 21560 22049 I art     : Explicit concurrent mark sweep GC freed 20(704B) AllocSpace objects, 0(0B) LOS objects, 23% free, 53MB/69MB, paused 469us total 23.979ms
08-04 13:52:02.679 21560 22049 I art     : Starting a blocking GC Explicit
08-04 13:52:02.703 21560 22049 I art     : Explicit concurrent mark sweep GC freed 3(96B) AllocSpace objects, 0(0B) LOS objects, 23% free, 53MB/69MB, paused 482us total 23.670ms
08-04 13:52:02.712 21560 22049 I art     : Starting a blocking GC Explicit
08-04 13:52:02.736 21560 22049 I art     : Explicit concurrent mark sweep GC freed 3(96B) AllocSpace objects, 0(0B) LOS objects, 23% free, 53MB/69MB, paused 478us total 23.661ms
08-04 13:52:02.745 21560 22049 I art     : Starting a blocking GC Explicit
08-04 13:52:02.770 21560 22049 I art     : Explicit concurrent mark sweep GC freed 3(96B) AllocSpace objects, 0(0B) LOS objects, 23% free, 53MB/69MB, paused 475us total 24.090ms
08-04 13:52:03.060   918  3261 D WifiStateMachine: starting scan for "H369AA63323"WPA_PSK with 2412,5180
08-04 13:52:03.091 21560 21572 I art     : Starting a blocking GC Explicit
08-04 13:52:03.120 21560 21572 I art     : Explicit concurrent mark sweep GC freed 1344(78KB) AllocSpace objects, 1(20KB) LOS objects, 23% free, 53MB/69MB, paused 498us total 28.868ms
08-04 13:52:03.132 21560 21572 I art     : Starting a blocking GC Explicit
08-04 13:52:03.156 21560 21572 I art     : Explicit concurrent mark sweep GC freed 20(704B) AllocSpace objects, 0(0B) LOS objects, 23% free, 53MB/69MB, paused 461us total 23.184ms
08-04 13:52:03.165 21560 21572 I art     : Starting a blocking GC Explicit
08-04 13:52:03.189 21560 21572 I art     : Explicit concurrent mark sweep GC freed 3(96B) AllocSpace objects, 0(0B) LOS objects, 23% free, 53MB/69MB, paused 480us total 23.722ms
08-04 13:52:03.198 21560 21572 I art     : Starting a blocking GC Explicit
08-04 13:52:03.222 21560 21572 I art     : Explicit concurrent mark sweep GC freed 3(96B) AllocSpace objects, 0(0B) LOS objects, 23% free, 53MB/69MB, paused 484us total 23.501ms
08-04 13:52:03.231 21560 21572 I art     : Starting a blocking GC Explicit
08-04 13:52:03.255 21560 21572 I art     : Explicit concurrent mark sweep GC freed 3(96B) AllocSpace objects, 0(0B) LOS objects, 23% free, 53MB/69MB, paused 480us total 23.490ms
08-04 13:52:03.563 21560 21573 I art     : Starting a blocking GC Explicit
08-04 13:52:03.597 21560 21573 I art     : Explicit concurrent mark sweep GC freed 1344(78KB) AllocSpace objects, 1(20KB) LOS objects, 23% free, 53MB/69MB, paused 501us total 33.459ms
08-04 13:52:03.610 21560 21573 I art     : Starting a blocking GC Explicit
08-04 13:52:03.634 21560 21573 I art     : Explicit concurrent mark sweep GC freed 20(704B) AllocSpace objects, 0(0B) LOS objects, 23% free, 53MB/69MB, paused 570us total 23.760ms
08-04 13:52:03.644 21560 21573 I art     : Starting a blocking GC Explicit
08-04 13:52:03.668 21560 21573 I art     : Explicit concurrent mark sweep GC freed 3(96B) AllocSpace objects, 0(0B) LOS objects, 23% free, 53MB/69MB, paused 496us total 23.747ms
08-04 13:52:03.677 21560 21573 I art     : Starting a blocking GC Explicit
08-04 13:52:03.701 21560 21573 I art     : Explicit concurrent mark sweep GC freed 3(96B) AllocSpace objects, 0(0B) LOS objects, 23% free, 53MB/69MB, paused 541us total 23.823ms
08-04 13:52:03.710 21560 21573 I art     : Starting a blocking GC Explicit
08-04 13:52:03.733 21560 21573 I art     : Explicit concurrent mark sweep GC freed 3(96B) AllocSpace objects, 0(0B) LOS objects, 23% free, 53MB/69MB, paused 433us total 22.118ms
08-04 13:52:04.028 21560 21599 I art     : Starting a blocking GC Explicit
08-04 13:52:04.057 21560 21599 I art     : Explicit concurrent mark sweep GC freed 1344(78KB) AllocSpace objects, 1(20KB) LOS objects, 23% free, 53MB/69MB, paused 519us total 28.835ms
08-04 13:52:04.069 21560 21599 I art     : Starting a blocking GC Explicit
08-04 13:52:04.093 21560 21599 I art     : Explicit concurrent mark sweep GC freed 20(704B) AllocSpace objects, 0(0B) LOS objects, 23% free, 53MB/69MB, paused 494us total 23.725ms
08-04 13:52:04.103 21560 21599 I art     : Starting a blocking GC Explicit
08-04 13:52:04.125 21560 21599 I art     : Explicit concurrent mark sweep GC freed 3(96B) AllocSpace objects, 0(0B) LOS objects, 23% free, 53MB/69MB, paused 474us total 22.219ms
08-04 13:52:04.134 21560 21599 I art     : Starting a blocking GC Explicit
08-04 13:52:04.156 21560 21599 I art     : Explicit concurrent mark sweep GC freed 3(96B) AllocSpace objects, 0(0B) LOS objects, 23% free, 53MB/69MB, paused 501us total 22.261ms
08-04 13:52:04.164 24183 24183 D AndroidRuntime: >>>>>> START com.android.internal.os.RuntimeInit uid 2000 <<<<<<
08-04 13:52:04.165 21560 21599 I art     : Starting a blocking GC Explicit
08-04 13:52:04.169 24183 24183 D AndroidRuntime: CheckJNI is OFF
08-04 13:52:04.188 21560 21599 I art     : Explicit concurrent mark sweep GC freed 3(96B) AllocSpace objects, 0(0B) LOS objects, 23% free, 53MB/69MB, paused 503us total 22.504ms
08-04 13:52:04.206 24183 24183 D ICU     : No timezone override file found: /data/misc/zoneinfo/current/icu/icu_tzdata.dat
08-04 13:52:04.239 24183 24183 I Radio-JNI: register_android_hardware_Radio DONE
08-04 13:52:04.261 24183 24183 D AndroidRuntime: Calling main entry com.android.commands.input.Input
08-04 13:52:04.263 24183 24183 I Input   : injectKeyEvent: KeyEvent { action=ACTION_DOWN, keyCode=KEYCODE_BACK, scanCode=0, metaState=0, flags=0x0, repeatCount=0, eventTime=712340676, downTime=712340676, deviceId=-1, source=0x101 }
08-04 13:52:04.269 24183 24183 I Input   : injectKeyEvent: KeyEvent { action=ACTION_UP, keyCode=KEYCODE_BACK, scanCode=0, metaState=0, flags=0x0, repeatCount=0, eventTime=712340676, downTime=712340676, deviceId=-1, source=0x101 }
08-04 13:52:04.275 24183 24183 D AndroidRuntime: Shutting down VM
08-04 13:52:04.327 13866 13866 I GoogleInputMethodServic: GoogleInputMethodService.onFinishInput():3138 
08-04 13:52:04.328 13866 13866 I GoogleInputMethodServic: GoogleInputMethodService.onStartInput():1808 
08-04 13:52:04.442 21560 22049 I art     : Starting a blocking GC Explicit
08-04 13:52:04.468 21560 22049 I art     : Explicit concurrent mark sweep GC freed 1482(84KB) AllocSpace objects, 1(20KB) LOS objects, 23% free, 53MB/69MB, paused 580us total 25.510ms
08-04 13:52:04.477 21560 22049 I art     : Starting a blocking GC Explicit
08-04 13:52:04.506 21560 22049 I art     : Explicit concurrent mark sweep GC freed 26(944B) AllocSpace objects, 0(0B) LOS objects, 23% free, 53MB/69MB, paused 499us total 28.783ms
08-04 13:52:04.517 21560 22049 I art     : Starting a blocking GC Explicit
08-04 13:52:04.544 21560 22049 I art     : Explicit concurrent mark sweep GC freed 3(96B) AllocSpace objects, 0(0B) LOS objects, 23% free, 53MB/69MB, paused 434us total 26.297ms
08-04 13:52:04.557 21560 22049 I art     : Starting a blocking GC Explicit
08-04 13:52:04.586 21560 22049 I art     : Explicit concurrent mark sweep GC freed 3(96B) AllocSpace objects, 0(0B) LOS objects, 23% free, 53MB/69MB, paused 442us total 28.758ms
08-04 13:52:04.595 21560 22049 I art     : Starting a blocking GC Explicit
08-04 13:52:04.608   380   380 W SurfaceFlinger: couldn't log to binary event log: overflow.
08-04 13:52:04.620 21560 22049 I art     : Explicit concurrent mark sweep GC freed 103(8KB) AllocSpace objects, 0(0B) LOS objects, 23% free, 53MB/69MB, paused 486us total 24.625ms
08-04 13:52:04.621 17572 17572 I ServiceManager: Waiting for service AtCmdFwd...
08-04 13:52:04.875 21560 21573 I art     : Starting a blocking GC Explicit
08-04 13:52:04.900 21560 21573 I art     : Explicit concurrent mark sweep GC freed 1363(79KB) AllocSpace objects, 1(20KB) LOS objects, 23% free, 53MB/69MB, paused 519us total 25.477ms
08-04 13:52:04.901 21560 21571 I art     : WaitForGcToComplete blocked for 21.622ms for cause HeapTrim
08-04 13:52:04.915 21560 21573 I art     : Starting a blocking GC Explicit
08-04 13:52:04.938 21560 21573 I art     : Explicit concurrent mark sweep GC freed 4698(269KB) AllocSpace objects, 2(140KB) LOS objects, 23% free, 52MB/68MB, paused 529us total 22.078ms
08-04 13:52:04.946 21560 21573 I art     : Starting a blocking GC Explicit
08-04 13:52:04.969 21560 21573 I art     : Explicit concurrent mark sweep GC freed 3(96B) AllocSpace objects, 0(0B) LOS objects, 23% free, 52MB/68MB, paused 555us total 21.928ms
08-04 13:52:04.978 21560 21573 I art     : Starting a blocking GC Explicit
08-04 13:52:05.000 21560 21573 I art     : Explicit concurrent mark sweep GC freed 3(96B) AllocSpace objects, 0(0B) LOS objects, 23% free, 52MB/68MB, paused 467us total 21.786ms
08-04 13:52:05.009 21560 21573 I art     : Starting a blocking GC Explicit
08-04 13:52:05.030 21560 21573 I art     : Explicit concurrent mark sweep GC freed 3(96B) AllocSpace objects, 0(0B) LOS objects, 23% free, 52MB/68MB, paused 450us total 21.630ms
08-04 13:52:05.311 21560 21599 I art     : Starting a blocking GC Explicit
08-04 13:52:05.338 21560 21599 I art     : Explicit concurrent mark sweep GC freed 1344(78KB) AllocSpace objects, 1(20KB) LOS objects, 23% free, 52MB/68MB, paused 548us total 27.237ms
08-04 13:52:05.350 21560 21599 I art     : Starting a blocking GC Explicit
08-04 13:52:05.377 21560 21599 I art     : Explicit concurrent mark sweep GC freed 20(704B) AllocSpace objects, 0(0B) LOS objects, 23% free, 52MB/68MB, paused 613us total 26.456ms
08-04 13:52:05.388 21560 21599 I art     : Starting a blocking GC Explicit
08-04 13:52:05.410 21560 21599 I art     : Explicit concurrent mark sweep GC freed 3(96B) AllocSpace objects, 0(0B) LOS objects, 23% free, 52MB/68MB, paused 562us total 22.142ms
08-04 13:52:05.420 21560 21599 I art     : Starting a blocking GC Explicit
08-04 13:52:05.441 21560 21599 I art     : Explicit concurrent mark sweep GC freed 3(96B) AllocSpace objects, 0(0B) LOS objects, 23% free, 52MB/68MB, paused 461us total 21.516ms
08-04 13:52:05.450 21560 21599 I art     : Starting a blocking GC Explicit
08-04 13:52:05.471 21560 21599 I art     : Explicit concurrent mark sweep GC freed 3(96B) AllocSpace objects, 0(0B) LOS objects, 23% free, 52MB/68MB, paused 466us total 21.152ms
08-04 13:52:05.622 17572 17572 I ServiceManager: Waiting for service AtCmdFwd...
08-04 13:52:05.738 21560 21572 I art     : Starting a blocking GC Explicit
08-04 13:52:05.760 21560 21572 I art     : Explicit concurrent mark sweep GC freed 1343(78KB) AllocSpace objects, 1(20KB) LOS objects, 23% free, 52MB/68MB, paused 490us total 22.038ms
08-04 13:52:05.769 21560 21572 I art     : Starting a blocking GC Explicit
08-04 13:52:05.790 21560 21572 I art     : Explicit concurrent mark sweep GC freed 20(704B) AllocSpace objects, 0(0B) LOS objects, 23% free, 52MB/68MB, paused 475us total 20.849ms
08-04 13:52:05.799 21560 21572 I art     : Starting a blocking GC Explicit
08-04 13:52:05.819 21560 21572 I art     : Explicit concurrent mark sweep GC freed 3(96B) AllocSpace objects, 0(0B) LOS objects, 23% free, 52MB/68MB, paused 479us total 20.581ms
08-04 13:52:05.828 21560 21572 I art     : Starting a blocking GC Explicit
08-04 13:52:05.849 21560 21572 I art     : Explicit concurrent mark sweep GC freed 3(96B) AllocSpace objects, 0(0B) LOS objects, 23% free, 52MB/68MB, paused 479us total 20.870ms
08-04 13:52:05.858 21560 21572 I art     : Starting a blocking GC Explicit
08-04 13:52:05.880 21560 21572 I art     : Explicit concurrent mark sweep GC freed 3(96B) AllocSpace objects, 0(0B) LOS objects, 23% free, 52MB/68MB, paused 478us total 21.242ms
08-04 13:52:05.932 24236 24236 D AndroidRuntime: >>>>>> START com.android.internal.os.RuntimeInit uid 2000 <<<<<<
08-04 13:52:05.937 24236 24236 D AndroidRuntime: CheckJNI is OFF
08-04 13:52:05.969 24236 24236 D ICU     : No timezone override file found: /data/misc/zoneinfo/current/icu/icu_tzdata.dat
08-04 13:52:06.004 24236 24236 I Radio-JNI: register_android_hardware_Radio DONE
08-04 13:52:06.027 24236 24236 D AndroidRuntime: Calling main entry com.android.commands.input.Input
08-04 13:52:06.029 24236 24236 I Input   : injectKeyEvent: KeyEvent { action=ACTION_DOWN, keyCode=KEYCODE_BACK, scanCode=0, metaState=0, flags=0x0, repeatCount=0, eventTime=712342442, downTime=712342442, deviceId=-1, source=0x101 }
08-04 13:52:06.035 24236 24236 I Input   : injectKeyEvent: KeyEvent { action=ACTION_UP, keyCode=KEYCODE_BACK, scanCode=0, metaState=0, flags=0x0, repeatCount=0, eventTime=712342442, downTime=712342442, deviceId=-1, source=0x101 }
08-04 13:52:06.044 24236 24236 D AndroidRuntime: Shutting down VM
08-04 13:52:06.134 13866 13866 I GoogleInputMethodServic: GoogleInputMethodService.onFinishInput():3138 
08-04 13:52:06.135 13866 13866 I GoogleInputMethodServic: GoogleInputMethodService.onStartInput():1808 
08-04 13:52:06.149 21560 21573 I art     : Starting a blocking GC Explicit
08-04 13:52:06.169 21560 21573 I art     : Explicit concurrent mark sweep GC freed 1563(87KB) AllocSpace objects, 1(20KB) LOS objects, 23% free, 52MB/68MB, paused 413us total 19.862ms
08-04 13:52:06.177 21560 21573 I art     : Starting a blocking GC Explicit
08-04 13:52:06.197 21560 21573 I art     : Explicit concurrent mark sweep GC freed 24(864B) AllocSpace objects, 0(0B) LOS objects, 23% free, 52MB/68MB, paused 465us total 18.394ms
08-04 13:52:06.205 21560 21573 I art     : Starting a blocking GC Explicit
08-04 13:52:06.224 21560 21573 I art     : Explicit concurrent mark sweep GC freed 3(96B) AllocSpace objects, 0(0B) LOS objects, 23% free, 52MB/68MB, paused 449us total 18.729ms
08-04 13:52:06.232 21560 21573 I art     : Starting a blocking GC Explicit
08-04 13:52:06.251 21560 21573 I art     : Explicit concurrent mark sweep GC freed 3(96B) AllocSpace objects, 0(0B) LOS objects, 23% free, 52MB/68MB, paused 404us total 18.453ms
08-04 13:52:06.259 21560 21573 I art     : Starting a blocking GC Explicit
08-04 13:52:06.278 21560 21573 I art     : Explicit concurrent mark sweep GC freed 3(96B) AllocSpace objects, 0(0B) LOS objects, 23% free, 52MB/68MB, paused 692us total 19.171ms
08-04 13:52:06.427   380   380 W SurfaceFlinger: couldn't log to binary event log: overflow.
08-04 13:52:06.526 21560 21573 I art     : Starting a blocking GC Explicit
08-04 13:52:06.546 21560 21573 I art     : Explicit concurrent mark sweep GC freed 1461(87KB) AllocSpace objects, 1(20KB) LOS objects, 23% free, 52MB/68MB, paused 489us total 19.577ms
08-04 13:52:06.554 21560 21573 I art     : Starting a blocking GC Explicit
08-04 13:52:06.573 21560 21573 I art     : Explicit concurrent mark sweep GC freed 2096(122KB) AllocSpace objects, 3(340KB) LOS objects, 23% free, 52MB/68MB, paused 433us total 18.414ms
08-04 13:52:06.580 21560 21573 I art     : Starting a blocking GC Explicit
08-04 13:52:06.599 21560 21573 I art     : Explicit concurrent mark sweep GC freed 3(96B) AllocSpace objects, 0(0B) LOS objects, 23% free, 52MB/68MB, paused 437us total 18.010ms
08-04 13:52:06.606 21560 21573 I art     : Starting a blocking GC Explicit
08-04 13:52:06.622 17572 17572 I ServiceManager: Waiting for service AtCmdFwd...
08-04 13:52:06.625 21560 21573 I art     : Explicit concurrent mark sweep GC freed 3(96B) AllocSpace objects, 0(0B) LOS objects, 23% free, 52MB/68MB, paused 445us total 18.397ms
08-04 13:52:06.633 21560 21573 I art     : Starting a blocking GC Explicit
08-04 13:52:06.651 21560 21573 I art     : Explicit concurrent mark sweep GC freed 3(96B) AllocSpace objects, 0(0B) LOS objects, 23% free, 52MB/68MB, paused 470us total 18.103ms
08-04 13:52:06.936 21560 21572 I art     : Starting a blocking GC Explicit
08-04 13:52:06.958 21560 21572 I art     : Explicit concurrent mark sweep GC freed 1343(78KB) AllocSpace objects, 1(20KB) LOS objects, 23% free, 52MB/68MB, paused 479us total 21.759ms
08-04 13:52:06.967 21560 21572 I art     : Starting a blocking GC Explicit
08-04 13:52:06.989 21560 21572 I art     : Explicit concurrent mark sweep GC freed 20(704B) AllocSpace objects, 0(0B) LOS objects, 23% free, 52MB/68MB, paused 469us total 21.223ms
08-04 13:52:06.997 21560 21572 I art     : Starting a blocking GC Explicit
08-04 13:52:07.017 21560 21572 I art     : Explicit concurrent mark sweep GC freed 3(96B) AllocSpace objects, 0(0B) LOS objects, 23% free, 52MB/68MB, paused 522us total 20.158ms
08-04 13:52:07.026 21560 21572 I art     : Starting a blocking GC Explicit
08-04 13:52:07.047 21560 21572 I art     : Explicit concurrent mark sweep GC freed 3(96B) AllocSpace objects, 0(0B) LOS objects, 23% free, 52MB/68MB, paused 531us total 20.579ms
08-04 13:52:07.055 21560 21572 I art     : Starting a blocking GC Explicit
08-04 13:52:07.076 21560 21572 I art     : Explicit concurrent mark sweep GC freed 3(96B) AllocSpace objects, 0(0B) LOS objects, 23% free, 52MB/68MB, paused 455us total 20.338ms
08-04 13:52:07.345 21560 22049 I art     : Starting a blocking GC Explicit
08-04 13:52:07.365 21560 22049 I art     : Explicit concurrent mark sweep GC freed 1341(78KB) AllocSpace objects, 1(20KB) LOS objects, 23% free, 52MB/68MB, paused 478us total 20.530ms
08-04 13:52:07.374 21560 22049 I art     : Starting a blocking GC Explicit
08-04 13:52:07.394 21560 22049 I art     : Explicit concurrent mark sweep GC freed 20(704B) AllocSpace objects, 0(0B) LOS objects, 23% free, 52MB/68MB, paused 470us total 19.970ms
08-04 13:52:07.402 21560 22049 I art     : Starting a blocking GC Explicit
08-04 13:52:07.423 21560 22049 I art     : Explicit concurrent mark sweep GC freed 3(96B) AllocSpace objects, 0(0B) LOS objects, 23% free, 52MB/68MB, paused 457us total 20.236ms
08-04 13:52:07.431 21560 22049 I art     : Starting a blocking GC Explicit
08-04 13:52:07.451 21560 22049 I art     : Explicit concurrent mark sweep GC freed 3(96B) AllocSpace objects, 0(0B) LOS objects, 23% free, 52MB/68MB, paused 458us total 19.705ms
08-04 13:52:07.459 21560 22049 I art     : Starting a blocking GC Explicit
08-04 13:52:07.479 21560 22049 I art     : Explicit concurrent mark sweep GC freed 16(704B) AllocSpace objects, 0(0B) LOS objects, 23% free, 52MB/68MB, paused 454us total 19.598ms
08-04 13:52:07.623 17572 17572 I ServiceManager: Waiting for service AtCmdFwd...
08-04 13:52:07.695 24296 24296 D AndroidRuntime: >>>>>> START com.android.internal.os.RuntimeInit uid 2000 <<<<<<
08-04 13:52:07.700 24296 24296 D AndroidRuntime: CheckJNI is OFF
08-04 13:52:07.735 24296 24296 D ICU     : No timezone override file found: /data/misc/zoneinfo/current/icu/icu_tzdata.dat
08-04 13:52:07.753 21560 21599 I art     : Starting a blocking GC Explicit
08-04 13:52:07.768 24296 24296 I Radio-JNI: register_android_hardware_Radio DONE
08-04 13:52:07.773 21560 21599 I art     : Explicit concurrent mark sweep GC freed 1355(78KB) AllocSpace objects, 1(20KB) LOS objects, 23% free, 52MB/68MB, paused 484us total 20.232ms
08-04 13:52:07.782 21560 21599 I art     : Starting a blocking GC Explicit
08-04 13:52:07.791 24296 24296 D AndroidRuntime: Calling main entry com.android.commands.input.Input
08-04 13:52:07.793 24296 24296 I Input   : injectMotionEvent: MotionEvent { action=ACTION_DOWN, actionButton=0, id[0]=0, x[0]=1053.0, y[0]=1173.0, toolType[0]=TOOL_TYPE_UNKNOWN, buttonState=0, metaState=0, flags=0x0, edgeFlags=0x0, pointerCount=1, historySize=0, eventTime=712344206, downTime=712344206, deviceId=0, source=0x1002 }
08-04 13:52:07.798 24296 24296 I Input   : injectMotionEvent: MotionEvent { action=ACTION_UP, actionButton=0, id[0]=0, x[0]=1053.0, y[0]=1173.0, toolType[0]=TOOL_TYPE_UNKNOWN, buttonState=0, metaState=0, flags=0x0, edgeFlags=0x0, pointerCount=1, historySize=0, eventTime=712344206, downTime=712344206, deviceId=0, source=0x1002 }
08-04 13:52:07.799   918  6112 I ActivityManager: START u0 {cmp=baseline.appteam.nith.hillffair/.activities.QuizActivity} from uid 10651 on display 0
08-04 13:52:07.802 21560 21599 I art     : Explicit concurrent mark sweep GC freed 23(800B) AllocSpace objects, 0(0B) LOS objects, 23% free, 52MB/68MB, paused 531us total 19.387ms
08-04 13:52:07.806 24296 24296 D AndroidRuntime: Shutting down VM
08-04 13:52:07.810 21560 21599 I art     : Starting a blocking GC Explicit
08-04 13:52:07.830 21560 21599 I art     : Explicit concurrent mark sweep GC freed 454(30KB) AllocSpace objects, 0(0B) LOS objects, 23% free, 52MB/68MB, paused 724us total 20.122ms
08-04 13:52:07.840 21560 21599 I art     : Starting a blocking GC Explicit
08-04 13:52:07.859 21560 21599 I art     : Explicit concurrent mark sweep GC freed 306(24KB) AllocSpace objects, 0(0B) LOS objects, 23% free, 52MB/68MB, paused 425us total 19.117ms
08-04 13:52:07.867 21560 21599 I art     : Starting a blocking GC Explicit
08-04 13:52:07.884 21560 21599 I art     : Explicit concurrent mark sweep GC freed 101(4KB) AllocSpace objects, 0(0B) LOS objects, 23% free, 52MB/68MB, paused 577us total 17.436ms
08-04 13:52:07.899 13866 13866 I GoogleInputMethodServic: GoogleInputMethodService.onFinishInput():3138 
08-04 13:52:07.899   918   936 I ActivityManager: Displayed baseline.appteam.nith.hillffair/.activities.QuizActivity: +91ms
08-04 13:52:07.900 13866 13866 I GoogleInputMethodServic: GoogleInputMethodService.onStartInput():1808 
08-04 13:52:08.146   380   380 W SurfaceFlinger: couldn't log to binary event log: overflow.
08-04 13:52:08.156 21560 21572 I art     : Starting a blocking GC Explicit
08-04 13:52:08.178 21560 21572 I art     : Explicit concurrent mark sweep GC freed 1462(82KB) AllocSpace objects, 1(20KB) LOS objects, 23% free, 52MB/68MB, paused 465us total 21.168ms
08-04 13:52:08.186 21560 21572 I art     : Starting a blocking GC Explicit
08-04 13:52:08.204 21560 21572 I art     : Explicit concurrent mark sweep GC freed 26(912B) AllocSpace objects, 0(0B) LOS objects, 23% free, 52MB/68MB, paused 462us total 18.281ms
08-04 13:52:08.212 21560 21572 I art     : Starting a blocking GC Explicit
08-04 13:52:08.231 21560 21572 I art     : Explicit concurrent mark sweep GC freed 3(96B) AllocSpace objects, 0(0B) LOS objects, 23% free, 52MB/68MB, paused 408us total 19.005ms
08-04 13:52:08.240 21560 21572 I art     : Starting a blocking GC Explicit
08-04 13:52:08.260 21560 21572 I art     : Explicit concurrent mark sweep GC freed 66(4KB) AllocSpace objects, 0(0B) LOS objects, 23% free, 52MB/68MB, paused 458us total 20.007ms
08-04 13:52:08.269 21560 21572 I art     : Starting a blocking GC Explicit
08-04 13:52:08.289 21560 21572 I art     : Explicit concurrent mark sweep GC freed 10(352B) AllocSpace objects, 0(0B) LOS objects, 23% free, 52MB/68MB, paused 409us total 19.833ms
08-04 13:52:08.569 21560 22049 I art     : Starting a blocking GC Explicit
08-04 13:52:08.593 21560 22049 I art     : Explicit concurrent mark sweep GC freed 1343(78KB) AllocSpace objects, 1(20KB) LOS objects, 23% free, 52MB/68MB, paused 494us total 23.925ms
08-04 13:52:08.605 21560 22049 I art     : Starting a blocking GC Explicit
08-04 13:52:08.623 17572 17572 I ServiceManager: Waiting for service AtCmdFwd...
08-04 13:52:08.629 21560 22049 I art     : Explicit concurrent mark sweep GC freed 20(704B) AllocSpace objects, 0(0B) LOS objects, 23% free, 52MB/68MB, paused 464us total 23.062ms
08-04 13:52:08.638 21560 22049 I art     : Starting a blocking GC Explicit
08-04 13:52:08.659 21560 22049 I art     : Explicit concurrent mark sweep GC freed 3(96B) AllocSpace objects, 0(0B) LOS objects, 23% free, 52MB/68MB, paused 473us total 21.445ms
08-04 13:52:08.668 21560 22049 I art     : Starting a blocking GC Explicit
08-04 13:52:08.690 21560 22049 I art     : Explicit concurrent mark sweep GC freed 3(96B) AllocSpace objects, 0(0B) LOS objects, 23% free, 52MB/68MB, paused 441us total 21.422ms
08-04 13:52:08.698 21560 22049 I art     : Starting a blocking GC Explicit
08-04 13:52:08.720 21560 22049 I art     : Explicit concurrent mark sweep GC freed 3(96B) AllocSpace objects, 0(0B) LOS objects, 23% free, 52MB/68MB, paused 439us total 21.536ms
08-04 13:52:09.011 21560 21573 I art     : Starting a blocking GC Explicit
08-04 13:52:09.039 21560 21573 I art     : Explicit concurrent mark sweep GC freed 1343(78KB) AllocSpace objects, 1(20KB) LOS objects, 23% free, 52MB/68MB, paused 624us total 27.469ms
08-04 13:52:09.051 21560 21573 I art     : Starting a blocking GC Explicit
08-04 13:52:09.074 21560 21573 I art     : Explicit concurrent mark sweep GC freed 20(704B) AllocSpace objects, 0(0B) LOS objects, 23% free, 52MB/68MB, paused 457us total 23.276ms
08-04 13:52:09.083 21560 21573 I art     : Starting a blocking GC Explicit
08-04 13:52:09.106 21560 21573 I art     : Explicit concurrent mark sweep GC freed 3(96B) AllocSpace objects, 0(0B) LOS objects, 23% free, 52MB/68MB, paused 445us total 22.217ms
08-04 13:52:09.115 21560 21573 I art     : Starting a blocking GC Explicit
08-04 13:52:09.137 21560 21573 I art     : Explicit concurrent mark sweep GC freed 3(96B) AllocSpace objects, 0(0B) LOS objects, 23% free, 52MB/68MB, paused 536us total 21.995ms
08-04 13:52:09.146 21560 21573 I art     : Starting a blocking GC Explicit
08-04 13:52:09.168 21560 21573 I art     : Explicit concurrent mark sweep GC freed 3(96B) AllocSpace objects, 0(0B) LOS objects, 23% free, 52MB/68MB, paused 450us total 21.477ms
08-04 13:52:09.452 21560 21599 I art     : Starting a blocking GC Explicit
08-04 13:52:09.480 21560 21599 I art     : Explicit concurrent mark sweep GC freed 1346(78KB) AllocSpace objects, 1(20KB) LOS objects, 23% free, 52MB/68MB, paused 678us total 27.436ms
08-04 13:52:09.491 21560 21599 I art     : Starting a blocking GC Explicit
08-04 13:52:09.511 21560 21599 I art     : Explicit concurrent mark sweep GC freed 25(864B) AllocSpace objects, 0(0B) LOS objects, 23% free, 52MB/68MB, paused 442us total 19.623ms
08-04 13:52:09.520 21560 21599 I art     : Starting a blocking GC Explicit
08-04 13:52:09.538 21560 21599 I art     : Explicit concurrent mark sweep GC freed 6(192B) AllocSpace objects, 0(0B) LOS objects, 23% free, 52MB/68MB, paused 403us total 18.137ms
08-04 13:52:09.546 21560 21599 I art     : Starting a blocking GC Explicit
08-04 13:52:09.566 21560 21599 I art     : Explicit concurrent mark sweep GC freed 6(192B) AllocSpace objects, 0(0B) LOS objects, 23% free, 52MB/68MB, paused 456us total 19.218ms
08-04 13:52:09.574 21560 21599 I art     : Starting a blocking GC Explicit
08-04 13:52:09.593 21560 21599 I art     : Explicit concurrent mark sweep GC freed 6(192B) AllocSpace objects, 0(0B) LOS objects, 23% free, 52MB/68MB, paused 454us total 19.042ms
08-04 13:52:09.623 17572 17572 W Atfwd_Sendcmd: AtCmdFwd service not published, waiting... retryCnt : 2
08-04 13:52:09.904 21560 22049 I art     : Starting a blocking GC Explicit
08-04 13:52:09.937 21560 22049 I art     : Explicit concurrent mark sweep GC freed 1356(78KB) AllocSpace objects, 1(20KB) LOS objects, 23% free, 52MB/68MB, paused 523us total 32.319ms
08-04 13:52:09.949 21560 22049 I art     : Starting a blocking GC Explicit
08-04 13:52:09.975 21560 22049 I art     : Explicit concurrent mark sweep GC freed 20(704B) AllocSpace objects, 0(0B) LOS objects, 23% free, 52MB/68MB, paused 461us total 25.807ms
08-04 13:52:09.976 21560 21571 I art     : WaitForGcToComplete blocked for 26.219ms for cause HeapTrim
08-04 13:52:09.986 21560 22049 I art     : Starting a blocking GC Explicit
08-04 13:52:10.009 21560 22049 I art     : Explicit concurrent mark sweep GC freed 3(96B) AllocSpace objects, 0(0B) LOS objects, 23% free, 52MB/68MB, paused 475us total 22.016ms
08-04 13:52:10.018 21560 22049 I art     : Starting a blocking GC Explicit
08-04 13:52:10.039 21560 22049 I art     : Explicit concurrent mark sweep GC freed 3(96B) AllocSpace objects, 0(0B) LOS objects, 23% free, 52MB/68MB, paused 432us total 20.683ms
08-04 13:52:10.048 21560 22049 I art     : Starting a blocking GC Explicit
08-04 13:52:10.068 21560 22049 I art     : Explicit concurrent mark sweep GC freed 3(96B) AllocSpace objects, 0(0B) LOS objects, 23% free, 52MB/68MB, paused 418us total 20ms
08-04 13:52:10.379 21560 21599 I art     : Starting a blocking GC Explicit
08-04 13:52:10.406 21560 21599 I art     : Explicit concurrent mark sweep GC freed 1343(78KB) AllocSpace objects, 1(20KB) LOS objects, 23% free, 52MB/68MB, paused 511us total 26.825ms
08-04 13:52:10.417 21560 21599 I art     : Starting a blocking GC Explicit
08-04 13:52:10.439 21560 21599 I art     : Explicit concurrent mark sweep GC freed 20(704B) AllocSpace objects, 0(0B) LOS objects, 23% free, 52MB/68MB, paused 466us total 20.899ms
08-04 13:52:10.447 21560 21599 I art     : Starting a blocking GC Explicit
08-04 13:52:10.469 21560 21599 I art     : Explicit concurrent mark sweep GC freed 3(96B) AllocSpace objects, 0(0B) LOS objects, 23% free, 52MB/68MB, paused 463us total 21.175ms
08-04 13:52:10.477 21560 21599 I art     : Starting a blocking GC Explicit
08-04 13:52:10.498 21560 21599 I art     : Explicit concurrent mark sweep GC freed 3(96B) AllocSpace objects, 0(0B) LOS objects, 23% free, 52MB/68MB, paused 492us total 20.373ms
08-04 13:52:10.506 24386 24386 D AndroidRuntime: >>>>>> START com.android.internal.os.RuntimeInit uid 2000 <<<<<<
08-04 13:52:10.506 21560 21599 I art     : Starting a blocking GC Explicit
08-04 13:52:10.511 24386 24386 D AndroidRuntime: CheckJNI is OFF
08-04 13:52:10.526 21560 21599 I art     : Explicit concurrent mark sweep GC freed 3(96B) AllocSpace objects, 0(0B) LOS objects, 23% free, 52MB/68MB, paused 452us total 19.501ms
08-04 13:52:10.546 24386 24386 D ICU     : No timezone override file found: /data/misc/zoneinfo/current/icu/icu_tzdata.dat
08-04 13:52:10.577 24386 24386 I Radio-JNI: register_android_hardware_Radio DONE
08-04 13:52:10.600 24386 24386 D AndroidRuntime: Calling main entry com.android.commands.input.Input
08-04 13:52:10.602 24386 24386 I Input   : injectMotionEvent: MotionEvent { action=ACTION_DOWN, actionButton=0, id[0]=0, x[0]=756.0, y[0]=1530.0, toolType[0]=TOOL_TYPE_UNKNOWN, buttonState=0, metaState=0, flags=0x0, edgeFlags=0x0, pointerCount=1, historySize=0, eventTime=712347015, downTime=712347015, deviceId=0, source=0x1002 }
08-04 13:52:10.607 24386 24386 I Input   : injectMotionEvent: MotionEvent { action=ACTION_UP, actionButton=0, id[0]=0, x[0]=756.0, y[0]=1530.0, toolType[0]=TOOL_TYPE_UNKNOWN, buttonState=0, metaState=0, flags=0x0, edgeFlags=0x0, pointerCount=1, historySize=0, eventTime=712347015, downTime=712347015, deviceId=0, source=0x1002 }
08-04 13:52:10.609 24386 24386 D AndroidRuntime: Shutting down VM
08-04 13:52:10.618   918   929 I ActivityManager: START u0 {cmp=baseline.appteam.nith.hillffair/.activities.LeaderBoardActivity} from uid 10651 on display 0
08-04 13:52:10.620   512  2967 D audio_hw_primary: out_set_parameters: enter: usecase(1: low-latency-playback) kvpairs: routing=2
08-04 13:52:10.633   512  2967 D audio_hw_primary: select_devices: out_snd_device(2: speaker) in_snd_device(0: none)
08-04 13:52:10.633   512  2967 D msm8974_platform: platform_send_audio_calibration: sending audio calibration for snd_device(2) acdb_id(15)
08-04 13:52:10.633   512  2967 I soundtrigger: audio_extn_sound_trigger_update_device_status: device 0x2 of type 0 for Event 1
08-04 13:52:10.646   512  2967 D audio_hw_primary: enable_snd_device: snd_device(2: speaker)
08-04 13:52:10.650   512  2967 D audio_hw_primary: enable_audio_route: apply and update mixer path: low-latency-playback speaker
08-04 13:52:10.704 21560 21560 E RecyclerView: No adapter attached; skipping layout
08-04 13:52:10.709 21560 21560 E RecyclerView: No adapter attached; skipping layout
08-04 13:52:10.723   918   936 I ActivityManager: Displayed baseline.appteam.nith.hillffair/.activities.LeaderBoardActivity: +93ms
08-04 13:52:10.723 13866 13866 I GoogleInputMethodServic: GoogleInputMethodService.onFinishInput():3138 
08-04 13:52:10.723 13866 13866 I GoogleInputMethodServic: GoogleInputMethodService.onStartInput():1808 
08-04 13:52:10.724 21560 21560 E RecyclerView: No adapter attached; skipping layout
08-04 13:52:10.740 21560 21586 D OpenGLRenderer: endAllStagingAnimators on 0x7f82721c00 (RippleDrawable) with handle 0x7f7eda70a0
08-04 13:52:10.767 21560 21599 I art     : Starting a blocking GC Explicit
08-04 13:52:10.787 21560 21599 I art     : Explicit concurrent mark sweep GC freed 6668(403KB) AllocSpace objects, 1(20KB) LOS objects, 23% free, 53MB/69MB, paused 495us total 20.324ms
08-04 13:52:10.796 21560 21599 I art     : Starting a blocking GC Explicit
08-04 13:52:10.817 21560 21599 I art     : Explicit concurrent mark sweep GC freed 275(11KB) AllocSpace objects, 0(0B) LOS objects, 23% free, 53MB/69MB, paused 572us total 20.091ms
08-04 13:52:10.826 21560 21599 I art     : Starting a blocking GC Explicit
08-04 13:52:10.847 21560 21599 I art     : Explicit concurrent mark sweep GC freed 5(160B) AllocSpace objects, 0(0B) LOS objects, 23% free, 53MB/69MB, paused 577us total 20.735ms
08-04 13:52:10.855 21560 21599 I art     : Starting a blocking GC Explicit
08-04 13:52:10.876 21560 21599 I art     : Explicit concurrent mark sweep GC freed 4(128B) AllocSpace objects, 0(0B) LOS objects, 23% free, 53MB/69MB, paused 470us total 20.830ms
08-04 13:52:10.885 21560 21599 I art     : Starting a blocking GC Explicit
08-04 13:52:10.909 21560 21599 I art     : Explicit concurrent mark sweep GC freed 5(160B) AllocSpace objects, 0(0B) LOS objects, 23% free, 53MB/69MB, paused 604us total 24.278ms
08-04 13:52:10.982   380   380 W SurfaceFlinger: couldn't log to binary event log: overflow.
08-04 13:52:11.175 21560 24418 D OkHttp  : --> GET https://api-hillfair-2k16.herokuapp.com/api/app/quiz/leaderboard?from=1 http/1.1
08-04 13:52:11.177 21560 21572 I art     : Starting a blocking GC Explicit
08-04 13:52:11.199   512  2967 D audio_hw_primary: disable_audio_route: reset and update mixer path: low-latency-playback speaker
08-04 13:52:11.200 21560 21572 I art     : Explicit concurrent mark sweep GC freed 4123(221KB) AllocSpace objects, 4(220KB) LOS objects, 23% free, 53MB/69MB, paused 742us total 23.184ms
08-04 13:52:11.201   512  2967 D audio_hw_primary: disable_snd_device: snd_device(2: speaker)
08-04 13:52:11.207 21560 24418 D OkHttp  : <-- 200 OK https://api-hillfair-2k16.herokuapp.com/api/app/quiz/leaderboard?from=1 (31ms, 56744-byte body)
08-04 13:52:11.208   512  2967 I soundtrigger: audio_extn_sound_trigger_update_device_status: device 0x2 of type 0 for Event 0
08-04 13:52:11.209 21560 21572 I art     : Starting a blocking GC Explicit
08-04 13:52:11.230 21560 21572 I art     : Explicit concurrent mark sweep GC freed 1981(184KB) AllocSpace objects, 0(0B) LOS objects, 23% free, 53MB/69MB, paused 631us total 21.150ms
08-04 13:52:11.239 21560 21572 I art     : Starting a blocking GC Explicit
08-04 13:52:11.261 21560 21572 I art     : Explicit concurrent mark sweep GC freed 7815(350KB) AllocSpace objects, 0(0B) LOS objects, 23% free, 53MB/69MB, paused 501us total 21.775ms
08-04 13:52:11.269 21560 21572 I art     : Starting a blocking GC Explicit
08-04 13:52:11.290 21560 21572 I art     : Explicit concurrent mark sweep GC freed 8439(391KB) AllocSpace objects, 0(0B) LOS objects, 23% free, 53MB/69MB, paused 532us total 20.969ms
08-04 13:52:11.298 21560 21572 I art     : Starting a blocking GC Explicit
08-04 13:52:11.318 21560 21560 I NAPPA_EXPERIMENTATION: MetricNetworkRequestExecutionTime: REQUEST_DURATION_SYSTEM='653',REQUEST_DURATION_OKHTTP='31',REQUEST_SYNCHRONOUS='FALSE',RESPONSE_CODE='200',RESPONSE_METHOD='GET',RESPONSE_LENGTH_OKHTTP='56744',RESPONSE_LENGTH_HEADER='56744',REQUEST_PROTOCOL='http/1.1',REQUEST_URL='https://api-hillfair-2k16.herokuapp.com/api/app/quiz/leaderboard?from=1',
08-04 13:52:11.320 21560 21572 I art     : Explicit concurrent mark sweep GC freed 7678(351KB) AllocSpace objects, 0(0B) LOS objects, 23% free, 53MB/69MB, paused 468us total 21.671ms
08-04 13:52:11.604 21560 21573 I art     : Starting a blocking GC Explicit
08-04 13:52:11.634 21560 21573 I art     : Explicit concurrent mark sweep GC freed 2798(153KB) AllocSpace objects, 1(20KB) LOS objects, 23% free, 53MB/69MB, paused 518us total 30.165ms
08-04 13:52:11.647 21560 21573 I art     : Starting a blocking GC Explicit
08-04 13:52:11.672 21560 21573 I art     : Explicit concurrent mark sweep GC freed 83(3KB) AllocSpace objects, 0(0B) LOS objects, 23% free, 53MB/69MB, paused 481us total 24.063ms
08-04 13:52:11.681 21560 21573 I art     : Starting a blocking GC Explicit
08-04 13:52:11.705 21560 21573 I art     : Explicit concurrent mark sweep GC freed 3(96B) AllocSpace objects, 0(0B) LOS objects, 23% free, 53MB/69MB, paused 490us total 23.811ms
08-04 13:52:11.714 21560 21573 I art     : Starting a blocking GC Explicit
08-04 13:52:11.738 21560 21573 I art     : Explicit concurrent mark sweep GC freed 3(96B) AllocSpace objects, 0(0B) LOS objects, 23% free, 53MB/69MB, paused 474us total 23.695ms
08-04 13:52:11.747 21560 21573 I art     : Starting a blocking GC Explicit
08-04 13:52:11.772 21560 21573 I art     : Explicit concurrent mark sweep GC freed 3(96B) AllocSpace objects, 0(0B) LOS objects, 23% free, 53MB/69MB, paused 474us total 24.041ms
08-04 13:52:12.071 21560 22049 I art     : Starting a blocking GC Explicit
08-04 13:52:12.098 21560 22049 I art     : Explicit concurrent mark sweep GC freed 1344(78KB) AllocSpace objects, 1(20KB) LOS objects, 23% free, 53MB/69MB, paused 542us total 27.462ms
08-04 13:52:12.110 21560 22049 I art     : Starting a blocking GC Explicit
08-04 13:52:12.134 21560 22049 I art     : Explicit concurrent mark sweep GC freed 20(704B) AllocSpace objects, 0(0B) LOS objects, 23% free, 53MB/69MB, paused 492us total 23.932ms
08-04 13:52:12.143 21560 22049 I art     : Starting a blocking GC Explicit
08-04 13:52:12.167 21560 22049 I art     : Explicit concurrent mark sweep GC freed 3(96B) AllocSpace objects, 0(0B) LOS objects, 23% free, 53MB/69MB, paused 469us total 23.653ms
08-04 13:52:12.176 21560 22049 I art     : Starting a blocking GC Explicit
08-04 13:52:12.199 21560 22049 I art     : Explicit concurrent mark sweep GC freed 3(96B) AllocSpace objects, 0(0B) LOS objects, 23% free, 53MB/69MB, paused 462us total 23.168ms
08-04 13:52:12.208 21560 22049 I art     : Starting a blocking GC Explicit
08-04 13:52:12.233 21560 22049 I art     : Explicit concurrent mark sweep GC freed 3(96B) AllocSpace objects, 0(0B) LOS objects, 23% free, 53MB/69MB, paused 578us total 24.259ms
08-04 13:52:12.559 21560 21599 I art     : Starting a blocking GC Explicit
08-04 13:52:12.592 21560 21599 I art     : Explicit concurrent mark sweep GC freed 1344(78KB) AllocSpace objects, 1(20KB) LOS objects, 23% free, 53MB/69MB, paused 624us total 32.666ms
08-04 13:52:12.604 21560 21599 I art     : Starting a blocking GC Explicit
08-04 13:52:12.628 21560 21599 I art     : Explicit concurrent mark sweep GC freed 20(704B) AllocSpace objects, 0(0B) LOS objects, 23% free, 53MB/69MB, paused 483us total 24.265ms
08-04 13:52:12.638 21560 21599 I art     : Starting a blocking GC Explicit
08-04 13:52:12.662 21560 21599 I art     : Explicit concurrent mark sweep GC freed 3(96B) AllocSpace objects, 0(0B) LOS objects, 23% free, 53MB/69MB, paused 472us total 24.402ms
08-04 13:52:12.671 21560 21599 I art     : Starting a blocking GC Explicit
08-04 13:52:12.697 21560 21599 I art     : Explicit concurrent mark sweep GC freed 3(96B) AllocSpace objects, 0(0B) LOS objects, 23% free, 53MB/69MB, paused 482us total 24.880ms
08-04 13:52:12.706 21560 21599 I art     : Starting a blocking GC Explicit
08-04 13:52:12.730 21560 21599 I art     : Explicit concurrent mark sweep GC freed 3(96B) AllocSpace objects, 0(0B) LOS objects, 23% free, 53MB/69MB, paused 471us total 24.109ms
08-04 13:52:13.060 21560 21572 I art     : Starting a blocking GC Explicit
08-04 13:52:13.094 21560 21572 I art     : Explicit concurrent mark sweep GC freed 1344(78KB) AllocSpace objects, 1(20KB) LOS objects, 23% free, 53MB/69MB, paused 646us total 33.981ms
08-04 13:52:13.106 21560 21572 I art     : Starting a blocking GC Explicit
08-04 13:52:13.130 21560 21572 I art     : Explicit concurrent mark sweep GC freed 20(704B) AllocSpace objects, 0(0B) LOS objects, 23% free, 53MB/69MB, paused 488us total 23.377ms
08-04 13:52:13.139 21560 21572 I art     : Starting a blocking GC Explicit
08-04 13:52:13.163 21560 21572 I art     : Explicit concurrent mark sweep GC freed 3(96B) AllocSpace objects, 0(0B) LOS objects, 23% free, 53MB/69MB, paused 464us total 23.821ms
08-04 13:52:13.172 21560 21572 I art     : Starting a blocking GC Explicit
08-04 13:52:13.196 21560 21572 I art     : Explicit concurrent mark sweep GC freed 3(96B) AllocSpace objects, 0(0B) LOS objects, 23% free, 53MB/69MB, paused 477us total 23.491ms
08-04 13:52:13.205 21560 21572 I art     : Starting a blocking GC Explicit
08-04 13:52:13.230 21560 21572 I art     : Explicit concurrent mark sweep GC freed 3(96B) AllocSpace objects, 0(0B) LOS objects, 23% free, 53MB/69MB, paused 472us total 24.100ms
08-04 13:52:13.573 21560 21573 I art     : Starting a blocking GC Explicit
08-04 13:52:13.608 21560 21573 I art     : Explicit concurrent mark sweep GC freed 3477(168KB) AllocSpace objects, 1(20KB) LOS objects, 23% free, 53MB/69MB, paused 830us total 34.208ms
08-04 13:52:13.617 21560 21573 I art     : Starting a blocking GC Explicit
08-04 13:52:13.623 21560 24489 W OneSignal: OneSignalRestClient: POST Error thrown from network stack. 
08-04 13:52:13.623 21560 24489 W OneSignal: java.io.IOException: unexpected end of stream on Connection{api.onesignal.com:443, proxy=HTTP@192.168.2.12:8080 hostAddress=192.168.2.12 cipherSuite=TLS_ECDHE_RSA_WITH_AES_128_GCM_SHA256 protocol=http/1.1} (recycle count=0)
08-04 13:52:13.623 21560 24489 W OneSignal: 	at com.android.okhttp.internal.http.HttpConnection.readResponse(HttpConnection.java:210)
08-04 13:52:13.623 21560 24489 W OneSignal: 	at com.android.okhttp.internal.http.HttpTransport.readResponseHeaders(HttpTransport.java:80)
08-04 13:52:13.623 21560 24489 W OneSignal: 	at com.android.okhttp.internal.http.HttpEngine.readNetworkResponse(HttpEngine.java:904)
08-04 13:52:13.623 21560 24489 W OneSignal: 	at com.android.okhttp.internal.http.HttpEngine.readResponse(HttpEngine.java:788)
08-04 13:52:13.623 21560 24489 W OneSignal: 	at com.android.okhttp.internal.huc.HttpURLConnectionImpl.execute(HttpURLConnectionImpl.java:439)
08-04 13:52:13.623 21560 24489 W OneSignal: 	at com.android.okhttp.internal.huc.HttpURLConnectionImpl.getResponse(HttpURLConnectionImpl.java:384)
08-04 13:52:13.623 21560 24489 W OneSignal: 	at com.android.okhttp.internal.huc.HttpURLConnectionImpl.getResponseCode(HttpURLConnectionImpl.java:497)
08-04 13:52:13.623 21560 24489 W OneSignal: 	at com.android.okhttp.internal.huc.DelegatingHttpsURLConnection.getResponseCode(DelegatingHttpsURLConnection.java:105)
08-04 13:52:13.623 21560 24489 W OneSignal: 	at com.android.okhttp.internal.huc.HttpsURLConnectionImpl.getResponseCode(HttpsURLConnectionImpl.java)
08-04 13:52:13.623 21560 24489 W OneSignal: 	at com.onesignal.OneSignalRestClient.startHTTPConnection(OneSignalRestClient.java:180)
08-04 13:52:13.623 21560 24489 W OneSignal: 	at com.onesignal.OneSignalRestClient.access$100(OneSignalRestClient.java:44)
08-04 13:52:13.623 21560 24489 W OneSignal: 	at com.onesignal.OneSignalRestClient$4.run(OneSignalRestClient.java:110)
08-04 13:52:13.623 21560 24489 W OneSignal: 	at java.lang.Thread.run(Thread.java:818)
08-04 13:52:13.623 21560 24489 W OneSignal: Caused by: java.io.EOFException: \n not found: size=0 content=...
08-04 13:52:13.623 21560 24489 W OneSignal: 	at com.android.okhttp.okio.RealBufferedSource.readUtf8LineStrict(RealBufferedSource.java:200)
08-04 13:52:13.623 21560 24489 W OneSignal: 	at com.android.okhttp.internal.http.HttpConnection.readResponse(HttpConnection.java:191)
08-04 13:52:13.623 21560 24489 W OneSignal: 	... 12 more
08-04 13:52:13.624 21560 24498 W OneSignal: Failed last request. statusCode: -1
08-04 13:52:13.624 21560 24498 W OneSignal: response: null
08-04 13:52:13.641 21560 21573 I art     : Explicit concurrent mark sweep GC freed 286(52KB) AllocSpace objects, 0(0B) LOS objects, 23% free, 53MB/69MB, paused 522us total 23.316ms
08-04 13:52:13.650 21560 21573 I art     : Starting a blocking GC Explicit
08-04 13:52:13.673 21560 21573 I art     : Explicit concurrent mark sweep GC freed 241(25KB) AllocSpace objects, 0(0B) LOS objects, 23% free, 53MB/69MB, paused 472us total 23.409ms
08-04 13:52:13.682 21560 21573 I art     : Starting a blocking GC Explicit
08-04 13:52:13.706 21560 21573 I art     : Explicit concurrent mark sweep GC freed 3(96B) AllocSpace objects, 0(0B) LOS objects, 23% free, 53MB/69MB, paused 494us total 23.405ms
08-04 13:52:13.715 21560 21573 I art     : Starting a blocking GC Explicit
08-04 13:52:13.739 21560 21573 I art     : Explicit concurrent mark sweep GC freed 3(96B) AllocSpace objects, 0(0B) LOS objects, 23% free, 53MB/69MB, paused 475us total 24.147ms
08-04 13:52:14.062 21560 22049 I art     : Starting a blocking GC Explicit
08-04 13:52:14.092 21560 22049 I art     : Explicit concurrent mark sweep GC freed 1357(78KB) AllocSpace objects, 1(20KB) LOS objects, 23% free, 53MB/69MB, paused 494us total 29.686ms
08-04 13:52:14.105 21560 22049 I art     : Starting a blocking GC Explicit
08-04 13:52:14.129 21560 22049 I art     : Explicit concurrent mark sweep GC freed 34(1136B) AllocSpace objects, 0(0B) LOS objects, 23% free, 53MB/69MB, paused 457us total 23.505ms
08-04 13:52:14.138 21560 22049 I art     : Starting a blocking GC Explicit
08-04 13:52:14.162 21560 22049 I art     : Explicit concurrent mark sweep GC freed 3(96B) AllocSpace objects, 0(0B) LOS objects, 23% free, 53MB/69MB, paused 447us total 24.067ms
08-04 13:52:14.172 21560 22049 I art     : Starting a blocking GC Explicit
08-04 13:52:14.196 21560 22049 I art     : Explicit concurrent mark sweep GC freed 3(96B) AllocSpace objects, 0(0B) LOS objects, 23% free, 53MB/69MB, paused 458us total 24.123ms
08-04 13:52:14.205 21560 22049 I art     : Starting a blocking GC Explicit
08-04 13:52:14.230 21560 22049 I art     : Explicit concurrent mark sweep GC freed 3(96B) AllocSpace objects, 0(0B) LOS objects, 23% free, 53MB/69MB, paused 456us total 24.024ms
08-04 13:52:14.560 21560 21599 I art     : Starting a blocking GC Explicit
08-04 13:52:14.590 21560 21599 I art     : Explicit concurrent mark sweep GC freed 1344(78KB) AllocSpace objects, 1(20KB) LOS objects, 23% free, 53MB/69MB, paused 496us total 29.638ms
08-04 13:52:14.603 21560 21599 I art     : Starting a blocking GC Explicit
08-04 13:52:14.626 21560 21599 I art     : Explicit concurrent mark sweep GC freed 20(704B) AllocSpace objects, 0(0B) LOS objects, 23% free, 53MB/69MB, paused 442us total 22.802ms
08-04 13:52:14.635 21560 21599 I art     : Starting a blocking GC Explicit
08-04 13:52:14.659 21560 21599 I art     : Explicit concurrent mark sweep GC freed 3(96B) AllocSpace objects, 0(0B) LOS objects, 23% free, 53MB/69MB, paused 453us total 23.280ms
08-04 13:52:14.668 21560 21599 I art     : Starting a blocking GC Explicit
08-04 13:52:14.692 21560 21599 I art     : Explicit concurrent mark sweep GC freed 3(96B) AllocSpace objects, 0(0B) LOS objects, 23% free, 53MB/69MB, paused 449us total 23.648ms
08-04 13:52:14.701 21560 21599 I art     : Starting a blocking GC Explicit
08-04 13:52:14.725 21560 21599 I art     : Explicit concurrent mark sweep GC freed 3(96B) AllocSpace objects, 0(0B) LOS objects, 23% free, 53MB/69MB, paused 454us total 24.089ms
08-04 13:52:15.000 21560 21572 I art     : Starting a blocking GC Explicit
08-04 13:52:15.024 21560 21572 I art     : Explicit concurrent mark sweep GC freed 1344(78KB) AllocSpace objects, 1(20KB) LOS objects, 23% free, 53MB/69MB, paused 462us total 23.839ms
08-04 13:52:15.024 21560 21571 I art     : WaitForGcToComplete blocked for 15.288ms for cause HeapTrim
08-04 13:52:15.033 21560 21572 I art     : Starting a blocking GC Explicit
08-04 13:52:15.057 21560 21572 I art     : Explicit concurrent mark sweep GC freed 20(704B) AllocSpace objects, 0(0B) LOS objects, 23% free, 53MB/69MB, paused 514us total 23.269ms
08-04 13:52:15.066 21560 21572 I art     : Starting a blocking GC Explicit
08-04 13:52:15.088 21560 21572 I art     : Explicit concurrent mark sweep GC freed 3(96B) AllocSpace objects, 0(0B) LOS objects, 23% free, 53MB/69MB, paused 454us total 22.207ms
08-04 13:52:15.097 21560 21572 I art     : Starting a blocking GC Explicit
08-04 13:52:15.119 21560 21572 I art     : Explicit concurrent mark sweep GC freed 3(96B) AllocSpace objects, 0(0B) LOS objects, 23% free, 53MB/69MB, paused 450us total 22.382ms
08-04 13:52:15.128 21560 21572 I art     : Starting a blocking GC Explicit
08-04 13:52:15.151 21560 21572 I art     : Explicit concurrent mark sweep GC freed 3(96B) AllocSpace objects, 0(0B) LOS objects, 23% free, 53MB/69MB, paused 507us total 22.347ms
08-04 13:52:15.297 24521 24521 D AndroidRuntime: >>>>>> START com.android.internal.os.RuntimeInit uid 2000 <<<<<<
08-04 13:52:15.303 24521 24521 D AndroidRuntime: CheckJNI is OFF
08-04 13:52:15.324   918  3188 I hubconnection: sensorhub said: 'set_bias 3: -6.2400, 0.0000, 0.0000'
08-04 13:52:15.338 24521 24521 D ICU     : No timezone override file found: /data/misc/zoneinfo/current/icu/icu_tzdata.dat
08-04 13:52:15.370 24521 24521 I Radio-JNI: register_android_hardware_Radio DONE
08-04 13:52:15.391 24521 24521 D AndroidRuntime: Calling main entry com.android.commands.input.Input
08-04 13:52:15.392 24521 24521 I Input   : injectKeyEvent: KeyEvent { action=ACTION_DOWN, keyCode=KEYCODE_BACK, scanCode=0, metaState=0, flags=0x0, repeatCount=0, eventTime=712351805, downTime=712351805, deviceId=-1, source=0x101 }
08-04 13:52:15.397 24521 24521 I Input   : injectKeyEvent: KeyEvent { action=ACTION_UP, keyCode=KEYCODE_BACK, scanCode=0, metaState=0, flags=0x0, repeatCount=0, eventTime=712351805, downTime=712351805, deviceId=-1, source=0x101 }
08-04 13:52:15.404 24521 24521 D AndroidRuntime: Shutting down VM
08-04 13:52:15.440 21560 21573 I art     : Starting a blocking GC Explicit
08-04 13:52:15.447 13866 13866 I GoogleInputMethodServic: GoogleInputMethodService.onFinishInput():3138 
08-04 13:52:15.448 13866 13866 I GoogleInputMethodServic: GoogleInputMethodService.onStartInput():1808 
08-04 13:52:15.465 21560 21573 I art     : Explicit concurrent mark sweep GC freed 1480(84KB) AllocSpace objects, 1(20KB) LOS objects, 23% free, 53MB/69MB, paused 639us total 24.893ms
08-04 13:52:15.478 21560 21573 I art     : Starting a blocking GC Explicit
08-04 13:52:15.498 21560 21573 I art     : Explicit concurrent mark sweep GC freed 28(992B) AllocSpace objects, 0(0B) LOS objects, 23% free, 53MB/69MB, paused 424us total 19.920ms
08-04 13:52:15.506 21560 21573 I art     : Starting a blocking GC Explicit
08-04 13:52:15.526 21560 21573 I art     : Explicit concurrent mark sweep GC freed 3(96B) AllocSpace objects, 0(0B) LOS objects, 23% free, 53MB/69MB, paused 407us total 19.617ms
08-04 13:52:15.535 21560 21573 I art     : Starting a blocking GC Explicit
08-04 13:52:15.556 21560 21573 I art     : Explicit concurrent mark sweep GC freed 3(96B) AllocSpace objects, 0(0B) LOS objects, 23% free, 53MB/69MB, paused 407us total 20.684ms
08-04 13:52:15.565 21560 21573 I art     : Starting a blocking GC Explicit
08-04 13:52:15.588 21560 21573 I art     : Explicit concurrent mark sweep GC freed 3(96B) AllocSpace objects, 0(0B) LOS objects, 23% free, 53MB/69MB, paused 421us total 21.945ms
08-04 13:52:15.738   380   380 W SurfaceFlinger: couldn't log to binary event log: overflow.
08-04 13:52:15.845 21560 21573 I art     : Starting a blocking GC Explicit
08-04 13:52:15.870 21560 21573 I art     : Explicit concurrent mark sweep GC freed 1463(87KB) AllocSpace objects, 1(20KB) LOS objects, 23% free, 53MB/69MB, paused 489us total 24.992ms
08-04 13:52:15.880 21560 21573 I art     : Starting a blocking GC Explicit
08-04 13:52:15.903 21560 21573 I art     : Explicit concurrent mark sweep GC freed 4698(269KB) AllocSpace objects, 2(140KB) LOS objects, 23% free, 52MB/68MB, paused 449us total 22.742ms
08-04 13:52:15.912 21560 21573 I art     : Starting a blocking GC Explicit
08-04 13:52:15.934 21560 21573 I art     : Explicit concurrent mark sweep GC freed 3(96B) AllocSpace objects, 0(0B) LOS objects, 23% free, 52MB/68MB, paused 439us total 21.509ms
08-04 13:52:15.942 21560 21573 I art     : Starting a blocking GC Explicit
08-04 13:52:15.964 21560 21573 I art     : Explicit concurrent mark sweep GC freed 3(96B) AllocSpace objects, 0(0B) LOS objects, 23% free, 52MB/68MB, paused 452us total 21.702ms
08-04 13:52:15.973 21560 21573 I art     : Starting a blocking GC Explicit
08-04 13:52:15.996 21560 21573 I art     : Explicit concurrent mark sweep GC freed 3(96B) AllocSpace objects, 0(0B) LOS objects, 23% free, 52MB/68MB, paused 485us total 22.128ms
08-04 13:52:16.297 21560 22049 I art     : Starting a blocking GC Explicit
08-04 13:52:16.328 21560 22049 I art     : Explicit concurrent mark sweep GC freed 1344(78KB) AllocSpace objects, 1(20KB) LOS objects, 23% free, 52MB/68MB, paused 543us total 30.242ms
08-04 13:52:16.340 21560 22049 I art     : Starting a blocking GC Explicit
08-04 13:52:16.362 21560 22049 I art     : Explicit concurrent mark sweep GC freed 20(704B) AllocSpace objects, 0(0B) LOS objects, 23% free, 52MB/68MB, paused 457us total 22.191ms
08-04 13:52:16.371 21560 22049 I art     : Starting a blocking GC Explicit
08-04 13:52:16.393 21560 22049 I art     : Explicit concurrent mark sweep GC freed 3(96B) AllocSpace objects, 0(0B) LOS objects, 23% free, 52MB/68MB, paused 454us total 21.884ms
08-04 13:52:16.402 21560 22049 I art     : Starting a blocking GC Explicit
08-04 13:52:16.424 21560 22049 I art     : Explicit concurrent mark sweep GC freed 3(96B) AllocSpace objects, 0(0B) LOS objects, 23% free, 52MB/68MB, paused 454us total 21.454ms
08-04 13:52:16.433 21560 22049 I art     : Starting a blocking GC Explicit
08-04 13:52:16.455 21560 22049 I art     : Explicit concurrent mark sweep GC freed 3(96B) AllocSpace objects, 0(0B) LOS objects, 23% free, 52MB/68MB, paused 501us total 21.581ms
08-04 13:52:16.727 21560 21599 I art     : Starting a blocking GC Explicit
08-04 13:52:16.749 21560 21599 I art     : Explicit concurrent mark sweep GC freed 1343(78KB) AllocSpace objects, 1(20KB) LOS objects, 23% free, 52MB/68MB, paused 468us total 21.570ms
08-04 13:52:16.758 21560 21599 I art     : Starting a blocking GC Explicit
08-04 13:52:16.780 21560 21599 I art     : Explicit concurrent mark sweep GC freed 20(704B) AllocSpace objects, 0(0B) LOS objects, 23% free, 52MB/68MB, paused 454us total 21.962ms
08-04 13:52:16.789 21560 21599 I art     : Starting a blocking GC Explicit
08-04 13:52:16.810 21560 21599 I art     : Explicit concurrent mark sweep GC freed 3(96B) AllocSpace objects, 0(0B) LOS objects, 23% free, 52MB/68MB, paused 507us total 21.091ms
08-04 13:52:16.818 21560 21599 I art     : Starting a blocking GC Explicit
08-04 13:52:16.839 21560 21599 I art     : Explicit concurrent mark sweep GC freed 3(96B) AllocSpace objects, 0(0B) LOS objects, 23% free, 52MB/68MB, paused 446us total 20.380ms
08-04 13:52:16.847 21560 21599 I art     : Starting a blocking GC Explicit
08-04 13:52:16.868 21560 21599 I art     : Explicit concurrent mark sweep GC freed 3(96B) AllocSpace objects, 0(0B) LOS objects, 23% free, 52MB/68MB, paused 443us total 20.563ms
08-04 13:52:17.079 24585 24585 D AndroidRuntime: >>>>>> START com.android.internal.os.RuntimeInit uid 2000 <<<<<<
08-04 13:52:17.084 24585 24585 D AndroidRuntime: CheckJNI is OFF
08-04 13:52:17.119 24585 24585 D ICU     : No timezone override file found: /data/misc/zoneinfo/current/icu/icu_tzdata.dat
08-04 13:52:17.152 24585 24585 I Radio-JNI: register_android_hardware_Radio DONE
08-04 13:52:17.174 24585 24585 D AndroidRuntime: Calling main entry com.android.commands.input.Input
08-04 13:52:17.176 24585 24585 I Input   : injectKeyEvent: KeyEvent { action=ACTION_DOWN, keyCode=KEYCODE_BACK, scanCode=0, metaState=0, flags=0x0, repeatCount=0, eventTime=712353589, downTime=712353589, deviceId=-1, source=0x101 }
08-04 13:52:17.180 24585 24585 I Input   : injectKeyEvent: KeyEvent { action=ACTION_UP, keyCode=KEYCODE_BACK, scanCode=0, metaState=0, flags=0x0, repeatCount=0, eventTime=712353589, downTime=712353589, deviceId=-1, source=0x101 }
08-04 13:52:17.184 24585 24585 D AndroidRuntime: Shutting down VM
08-04 13:52:17.195 21560 21573 I art     : Starting a blocking GC Explicit
08-04 13:52:17.215 21560 21573 I art     : Explicit concurrent mark sweep GC freed 1498(85KB) AllocSpace objects, 1(20KB) LOS objects, 23% free, 52MB/68MB, paused 425us total 20.263ms
08-04 13:52:17.223 21560 21573 I art     : Starting a blocking GC Explicit
08-04 13:52:17.242 21560 21573 I art     : Explicit concurrent mark sweep GC freed 28(960B) AllocSpace objects, 0(0B) LOS objects, 23% free, 52MB/68MB, paused 425us total 18.697ms
08-04 13:52:17.251 21560 21573 I art     : Starting a blocking GC Explicit
08-04 13:52:17.265 13866 13866 I GoogleInputMethodServic: GoogleInputMethodService.onFinishInput():3138 
08-04 13:52:17.266 13866 13866 I GoogleInputMethodServic: GoogleInputMethodService.onStartInput():1808 
08-04 13:52:17.274 21560 21573 I art     : Explicit concurrent mark sweep GC freed 54(1792B) AllocSpace objects, 0(0B) LOS objects, 23% free, 52MB/68MB, paused 589us total 23.528ms
08-04 13:52:17.284 21560 21573 I art     : Starting a blocking GC Explicit
08-04 13:52:17.303 21560 21573 I art     : Explicit concurrent mark sweep GC freed 8(368B) AllocSpace objects, 0(0B) LOS objects, 23% free, 52MB/68MB, paused 422us total 19.160ms
08-04 13:52:17.311 21560 21573 I art     : Starting a blocking GC Explicit
08-04 13:52:17.329 21560 21573 I art     : Explicit concurrent mark sweep GC freed 7(256B) AllocSpace objects, 0(0B) LOS objects, 23% free, 52MB/68MB, paused 417us total 18.385ms
08-04 13:52:17.556   380   380 W SurfaceFlinger: couldn't log to binary event log: overflow.
08-04 13:52:17.591 21560 21599 I art     : Starting a blocking GC Explicit
08-04 13:52:17.615 21560 21599 I art     : Explicit concurrent mark sweep GC freed 1458(87KB) AllocSpace objects, 1(20KB) LOS objects, 23% free, 52MB/68MB, paused 537us total 23.030ms
08-04 13:52:17.623 21560 21599 I art     : Starting a blocking GC Explicit
08-04 13:52:17.644 21560 21599 I art     : Explicit concurrent mark sweep GC freed 2078(121KB) AllocSpace objects, 2(180KB) LOS objects, 23% free, 52MB/68MB, paused 448us total 20.863ms
08-04 13:52:17.653 21560 21599 I art     : Starting a blocking GC Explicit
08-04 13:52:17.674 21560 21599 I art     : Explicit concurrent mark sweep GC freed 3(96B) AllocSpace objects, 0(0B) LOS objects, 23% free, 52MB/68MB, paused 446us total 20.739ms
08-04 13:52:17.682 21560 21599 I art     : Starting a blocking GC Explicit
08-04 13:52:17.703 21560 21599 I art     : Explicit concurrent mark sweep GC freed 3(96B) AllocSpace objects, 0(0B) LOS objects, 23% free, 52MB/68MB, paused 449us total 20.616ms
08-04 13:52:17.712 21560 21599 I art     : Starting a blocking GC Explicit
08-04 13:52:17.733 21560 21599 I art     : Explicit concurrent mark sweep GC freed 3(96B) AllocSpace objects, 0(0B) LOS objects, 23% free, 52MB/68MB, paused 443us total 21.295ms
08-04 13:52:18.024 21560 22049 I art     : Starting a blocking GC Explicit
08-04 13:52:18.051 21560 22049 I art     : Explicit concurrent mark sweep GC freed 1343(78KB) AllocSpace objects, 1(20KB) LOS objects, 23% free, 52MB/68MB, paused 494us total 26.523ms
08-04 13:52:18.063 21560 22049 I art     : Starting a blocking GC Explicit
08-04 13:52:18.087 21560 22049 I art     : Explicit concurrent mark sweep GC freed 20(704B) AllocSpace objects, 0(0B) LOS objects, 23% free, 52MB/68MB, paused 552us total 23.308ms
08-04 13:52:18.096 21560 22049 I art     : Starting a blocking GC Explicit
08-04 13:52:18.117 21560 22049 I art     : Explicit concurrent mark sweep GC freed 3(96B) AllocSpace objects, 0(0B) LOS objects, 23% free, 52MB/68MB, paused 491us total 21.418ms
08-04 13:52:18.126 21560 22049 I art     : Starting a blocking GC Explicit
08-04 13:52:18.148 21560 22049 I art     : Explicit concurrent mark sweep GC freed 3(96B) AllocSpace objects, 0(0B) LOS objects, 23% free, 52MB/68MB, paused 497us total 20.988ms
08-04 13:52:18.156 21560 22049 I art     : Starting a blocking GC Explicit
08-04 13:52:18.178 21560 22049 I art     : Explicit concurrent mark sweep GC freed 3(96B) AllocSpace objects, 0(0B) LOS objects, 23% free, 52MB/68MB, paused 474us total 21.037ms
08-04 13:52:18.478 21560 21572 I art     : Starting a blocking GC Explicit
08-04 13:52:18.500 21560 21572 I art     : Explicit concurrent mark sweep GC freed 1341(78KB) AllocSpace objects, 1(20KB) LOS objects, 23% free, 52MB/68MB, paused 461us total 21.374ms
08-04 13:52:18.509 21560 21572 I art     : Starting a blocking GC Explicit
08-04 13:52:18.529 21560 21572 I art     : Explicit concurrent mark sweep GC freed 20(704B) AllocSpace objects, 0(0B) LOS objects, 23% free, 52MB/68MB, paused 486us total 20.541ms
08-04 13:52:18.538 21560 21572 I art     : Starting a blocking GC Explicit
08-04 13:52:18.559 21560 21572 I art     : Explicit concurrent mark sweep GC freed 3(96B) AllocSpace objects, 0(0B) LOS objects, 23% free, 52MB/68MB, paused 462us total 20.060ms
08-04 13:52:18.567 21560 21572 I art     : Starting a blocking GC Explicit
08-04 13:52:18.587 21560 21572 I art     : Explicit concurrent mark sweep GC freed 3(96B) AllocSpace objects, 0(0B) LOS objects, 23% free, 52MB/68MB, paused 469us total 20.257ms
08-04 13:52:18.596 21560 21572 I art     : Starting a blocking GC Explicit
08-04 13:52:18.616 21560 21572 I art     : Explicit concurrent mark sweep GC freed 3(96B) AllocSpace objects, 0(0B) LOS objects, 23% free, 52MB/68MB, paused 504us total 19.580ms
08-04 13:52:18.841 24649 24649 D AndroidRuntime: >>>>>> START com.android.internal.os.RuntimeInit uid 2000 <<<<<<
08-04 13:52:18.846 24649 24649 D AndroidRuntime: CheckJNI is OFF
08-04 13:52:18.880 24649 24649 D ICU     : No timezone override file found: /data/misc/zoneinfo/current/icu/icu_tzdata.dat
08-04 13:52:18.884 21560 21573 I art     : Starting a blocking GC Explicit
08-04 13:52:18.905 21560 21573 I art     : Explicit concurrent mark sweep GC freed 1362(79KB) AllocSpace objects, 1(20KB) LOS objects, 23% free, 52MB/68MB, paused 472us total 21.074ms
08-04 13:52:18.914 21560 21573 I art     : Starting a blocking GC Explicit
08-04 13:52:18.916 24649 24649 I Radio-JNI: register_android_hardware_Radio DONE
08-04 13:52:18.934 21560 21573 I art     : Explicit concurrent mark sweep GC freed 36(1216B) AllocSpace objects, 0(0B) LOS objects, 23% free, 52MB/68MB, paused 439us total 20.131ms
08-04 13:52:18.938 24649 24649 D AndroidRuntime: Calling main entry com.android.commands.input.Input
08-04 13:52:18.939 24649 24649 I Input   : injectMotionEvent: MotionEvent { action=ACTION_DOWN, actionButton=0, id[0]=0, x[0]=1084.0, y[0]=2213.0, toolType[0]=TOOL_TYPE_UNKNOWN, buttonState=0, metaState=0, flags=0x0, edgeFlags=0x0, pointerCount=1, historySize=0, eventTime=712355352, downTime=712355352, deviceId=0, source=0x1002 }
08-04 13:52:18.943 21560 21573 I art     : Starting a blocking GC Explicit
08-04 13:52:18.945 24649 24649 I Input   : injectMotionEvent: MotionEvent { action=ACTION_UP, actionButton=0, id[0]=0, x[0]=1084.0, y[0]=2213.0, toolType[0]=TOOL_TYPE_UNKNOWN, buttonState=0, metaState=0, flags=0x0, edgeFlags=0x0, pointerCount=1, historySize=0, eventTime=712355352, downTime=712355352, deviceId=0, source=0x1002 }
08-04 13:52:18.948   918  3696 I ActivityManager: START u0 {cmp=baseline.appteam.nith.hillffair/.activities.EventActivity} from uid 10651 on display 0
08-04 13:52:18.954 24649 24649 D AndroidRuntime: Shutting down VM
08-04 13:52:18.962 21560 21573 I art     : Explicit concurrent mark sweep GC freed 23(4KB) AllocSpace objects, 0(0B) LOS objects, 23% free, 52MB/68MB, paused 492us total 18.213ms
08-04 13:52:18.970 21560 21573 I art     : Starting a blocking GC Explicit
08-04 13:52:18.990 21560 21573 I art     : Explicit concurrent mark sweep GC freed 2662(155KB) AllocSpace objects, 0(0B) LOS objects, 23% free, 52MB/68MB, paused 912us total 20.267ms
08-04 13:52:19.000 21560 21573 I art     : Starting a blocking GC Explicit
08-04 13:52:19.021 21560 21573 I art     : Explicit concurrent mark sweep GC freed 2141(130KB) AllocSpace objects, 0(0B) LOS objects, 23% free, 52MB/68MB, paused 535us total 20.324ms
08-04 13:52:19.046 13866 13866 I GoogleInputMethodServic: GoogleInputMethodService.onFinishInput():3138 
08-04 13:52:19.047 13866 13866 I GoogleInputMethodServic: GoogleInputMethodService.onStartInput():1808 
08-04 13:52:19.074   918   936 I ActivityManager: Displayed baseline.appteam.nith.hillffair/.activities.EventActivity: +118ms
08-04 13:52:19.265 21560 22049 I art     : Starting a blocking GC Explicit
08-04 13:52:19.297 21560 22049 I art     : Explicit concurrent mark sweep GC freed 1593(90KB) AllocSpace objects, 1(20KB) LOS objects, 23% free, 52MB/68MB, paused 552us total 31.384ms
08-04 13:52:19.310 21560 22049 I art     : Starting a blocking GC Explicit
08-04 13:52:19.325   380   380 W SurfaceFlinger: couldn't log to binary event log: overflow.
08-04 13:52:19.334 21560 22049 I art     : Explicit concurrent mark sweep GC freed 34(1168B) AllocSpace objects, 0(0B) LOS objects, 23% free, 52MB/68MB, paused 467us total 23.702ms
08-04 13:52:19.346 21560 22049 I art     : Starting a blocking GC Explicit
08-04 13:52:19.369 21560 22049 I art     : Explicit concurrent mark sweep GC freed 3(96B) AllocSpace objects, 0(0B) LOS objects, 23% free, 52MB/68MB, paused 449us total 22.816ms
08-04 13:52:19.377 21560 22049 I art     : Starting a blocking GC Explicit
08-04 13:52:19.395 21560 22049 I art     : Explicit concurrent mark sweep GC freed 3(96B) AllocSpace objects, 0(0B) LOS objects, 23% free, 52MB/68MB, paused 428us total 17.712ms
08-04 13:52:19.403 21560 22049 I art     : Starting a blocking GC Explicit
08-04 13:52:19.421 21560 22049 I art     : Explicit concurrent mark sweep GC freed 3(96B) AllocSpace objects, 0(0B) LOS objects, 23% free, 52MB/68MB, paused 463us total 17.947ms
08-04 13:52:19.624 17572 17572 I ServiceManager: Waiting for service AtCmdFwd...
08-04 13:52:19.695 21560 21573 I art     : Starting a blocking GC Explicit
08-04 13:52:19.715 21560 21573 I art     : Explicit concurrent mark sweep GC freed 1464(85KB) AllocSpace objects, 1(20KB) LOS objects, 23% free, 52MB/68MB, paused 483us total 19.749ms
08-04 13:52:19.723 21560 21573 I art     : Starting a blocking GC Explicit
08-04 13:52:19.743 21560 21573 I art     : Explicit concurrent mark sweep GC freed 487(35KB) AllocSpace objects, 0(0B) LOS objects, 23% free, 52MB/68MB, paused 559us total 19.360ms
08-04 13:52:19.751 21560 21573 I art     : Starting a blocking GC Explicit
08-04 13:52:19.772 21560 21573 I art     : Explicit concurrent mark sweep GC freed 2106(97KB) AllocSpace objects, 2(120KB) LOS objects, 23% free, 53MB/69MB, paused 566us total 20.689ms
08-04 13:52:19.778 21560 24672 D OkHttp  : --> GET https://api-hillfair-2k16.herokuapp.com/api/app/club http/1.1
08-04 13:52:19.780 21560 21573 I art     : Starting a blocking GC Explicit
08-04 13:52:19.801 21560 21573 I art     : Explicit concurrent mark sweep GC freed 1006(119KB) AllocSpace objects, 1(80KB) LOS objects, 23% free, 52MB/68MB, paused 484us total 20.421ms
08-04 13:52:19.806 21560 24672 D OkHttp  : <-- 200 OK https://api-hillfair-2k16.herokuapp.com/api/app/club (28ms, 1870-byte body)
08-04 13:52:19.809 21560 21573 I art     : Starting a blocking GC Explicit
08-04 13:52:19.828 21560 21560 I NAPPA_EXPERIMENTATION: MetricNetworkRequestExecutionTime: REQUEST_DURATION_SYSTEM='837',REQUEST_DURATION_OKHTTP='28',REQUEST_SYNCHRONOUS='FALSE',RESPONSE_CODE='200',RESPONSE_METHOD='GET',RESPONSE_LENGTH_OKHTTP='1870',RESPONSE_LENGTH_HEADER='1870',REQUEST_PROTOCOL='http/1.1',REQUEST_URL='https://api-hillfair-2k16.herokuapp.com/api/app/club',
08-04 13:52:19.830 21560 21573 I art     : Explicit concurrent mark sweep GC freed 415(79KB) AllocSpace objects, 0(0B) LOS objects, 23% free, 52MB/68MB, paused 475us total 20.451ms
08-04 13:52:20.093 21560 21573 I art     : Starting a blocking GC Explicit
08-04 13:52:20.117 21560 21573 I art     : Explicit concurrent mark sweep GC freed 4130(354KB) AllocSpace objects, 1(20KB) LOS objects, 23% free, 53MB/69MB, paused 631us total 23.733ms
08-04 13:52:20.126 21560 21573 I art     : Starting a blocking GC Explicit
08-04 13:52:20.149 21560 21573 I art     : Explicit concurrent mark sweep GC freed 255(8KB) AllocSpace objects, 0(0B) LOS objects, 23% free, 53MB/69MB, paused 604us total 23.044ms
08-04 13:52:20.158 21560 21573 I art     : Starting a blocking GC Explicit
08-04 13:52:20.182 21560 21573 I art     : Explicit concurrent mark sweep GC freed 3(96B) AllocSpace objects, 0(0B) LOS objects, 23% free, 53MB/69MB, paused 626us total 23.611ms
08-04 13:52:20.191 21560 21573 I art     : Starting a blocking GC Explicit
08-04 13:52:20.216 21560 21573 I art     : Explicit concurrent mark sweep GC freed 3(96B) AllocSpace objects, 0(0B) LOS objects, 23% free, 53MB/69MB, paused 623us total 24.251ms
08-04 13:52:20.225 21560 21573 I art     : Starting a blocking GC Explicit
08-04 13:52:20.249 21560 21573 I art     : Explicit concurrent mark sweep GC freed 3(96B) AllocSpace objects, 0(0B) LOS objects, 23% free, 53MB/69MB, paused 631us total 23.456ms
08-04 13:52:20.529 21560 22049 I art     : Starting a blocking GC Explicit
08-04 13:52:20.558 21560 22049 I art     : Explicit concurrent mark sweep GC freed 9514(561KB) AllocSpace objects, 1(20KB) LOS objects, 23% free, 53MB/69MB, paused 609us total 28.458ms
08-04 13:52:20.567 21560 22049 I art     : Starting a blocking GC Explicit
08-04 13:52:20.590 21560 22049 I art     : Explicit concurrent mark sweep GC freed 246(8KB) AllocSpace objects, 0(0B) LOS objects, 23% free, 53MB/69MB, paused 519us total 22.909ms
08-04 13:52:20.599 21560 22049 I art     : Starting a blocking GC Explicit
08-04 13:52:20.623 21560 22049 I art     : Explicit concurrent mark sweep GC freed 3(96B) AllocSpace objects, 0(0B) LOS objects, 23% free, 53MB/69MB, paused 521us total 23.225ms
08-04 13:52:20.624 17572 17572 I ServiceManager: Waiting for service AtCmdFwd...
08-04 13:52:20.632 21560 22049 I art     : Starting a blocking GC Explicit
08-04 13:52:20.655 21560 22049 I art     : Explicit concurrent mark sweep GC freed 3(96B) AllocSpace objects, 0(0B) LOS objects, 23% free, 53MB/69MB, paused 508us total 23.213ms
08-04 13:52:20.664 21560 22049 I art     : Starting a blocking GC Explicit
08-04 13:52:20.688 21560 22049 I art     : Explicit concurrent mark sweep GC freed 3(96B) AllocSpace objects, 0(0B) LOS objects, 23% free, 53MB/69MB, paused 584us total 23.218ms
08-04 13:52:20.999 21560 21572 I art     : Starting a blocking GC Explicit
08-04 13:52:21.032 21560 21572 I art     : Explicit concurrent mark sweep GC freed 1344(78KB) AllocSpace objects, 1(20KB) LOS objects, 23% free, 53MB/69MB, paused 570us total 33.226ms
08-04 13:52:21.044 21560 21572 I art     : Starting a blocking GC Explicit
08-04 13:52:21.067 21560 21572 I art     : Explicit concurrent mark sweep GC freed 20(704B) AllocSpace objects, 0(0B) LOS objects, 23% free, 53MB/69MB, paused 572us total 23.706ms
08-04 13:52:21.076 21560 21572 I art     : Starting a blocking GC Explicit
08-04 13:52:21.100 21560 21572 I art     : Explicit concurrent mark sweep GC freed 3(96B) AllocSpace objects, 0(0B) LOS objects, 23% free, 53MB/69MB, paused 511us total 23.670ms
08-04 13:52:21.110 21560 21572 I art     : Starting a blocking GC Explicit
08-04 13:52:21.134 21560 21572 I art     : Explicit concurrent mark sweep GC freed 3(96B) AllocSpace objects, 0(0B) LOS objects, 23% free, 53MB/69MB, paused 525us total 24.023ms
08-04 13:52:21.143 21560 21572 I art     : Starting a blocking GC Explicit
08-04 13:52:21.167 21560 21572 I art     : Explicit concurrent mark sweep GC freed 3(96B) AllocSpace objects, 0(0B) LOS objects, 23% free, 53MB/69MB, paused 514us total 23.180ms
08-04 13:52:21.173   518   646 I ThermalEngine: ACTION: GPU - Setting GPU[0] to 450000000
08-04 13:52:21.497 21560 21599 I art     : Starting a blocking GC Explicit
08-04 13:52:21.537 21560 21599 I art     : Explicit concurrent mark sweep GC freed 1344(78KB) AllocSpace objects, 1(20KB) LOS objects, 23% free, 53MB/69MB, paused 740us total 40.409ms
08-04 13:52:21.552 21560 21599 I art     : Starting a blocking GC Explicit
08-04 13:52:21.585 21560 21599 I art     : Explicit concurrent mark sweep GC freed 20(704B) AllocSpace objects, 0(0B) LOS objects, 23% free, 53MB/69MB, paused 691us total 32.548ms
08-04 13:52:21.596 21560 21599 I art     : Starting a blocking GC Explicit
08-04 13:52:21.625 17572 17572 I ServiceManager: Waiting for service AtCmdFwd...
08-04 13:52:21.628 21560 21599 I art     : Explicit concurrent mark sweep GC freed 3(96B) AllocSpace objects, 0(0B) LOS objects, 23% free, 53MB/69MB, paused 775us total 31.278ms
08-04 13:52:21.640 21560 21599 I art     : Starting a blocking GC Explicit
08-04 13:52:21.672 21560 21599 I art     : Explicit concurrent mark sweep GC freed 3(96B) AllocSpace objects, 0(0B) LOS objects, 23% free, 53MB/69MB, paused 695us total 32.163ms
08-04 13:52:21.684 21560 21599 I art     : Starting a blocking GC Explicit
08-04 13:52:21.716 21560 21599 I art     : Explicit concurrent mark sweep GC freed 3(96B) AllocSpace objects, 0(0B) LOS objects, 23% free, 53MB/69MB, paused 714us total 31.080ms
08-04 13:52:22.073 21560 21573 I art     : Starting a blocking GC Explicit
08-04 13:52:22.109 21560 21573 I art     : Explicit concurrent mark sweep GC freed 1344(78KB) AllocSpace objects, 1(20KB) LOS objects, 23% free, 53MB/69MB, paused 746us total 36.092ms
08-04 13:52:22.123 21560 21573 I art     : Starting a blocking GC Explicit
08-04 13:52:22.155 21560 21573 I art     : Explicit concurrent mark sweep GC freed 20(704B) AllocSpace objects, 0(0B) LOS objects, 23% free, 53MB/69MB, paused 718us total 32.245ms
08-04 13:52:22.167 21560 21573 I art     : Starting a blocking GC Explicit
08-04 13:52:22.178   518   646 I ThermalEngine: ACTION: GPU - Setting GPU[0] to 510000000
08-04 13:52:22.199 21560 21573 I art     : Explicit concurrent mark sweep GC freed 3(96B) AllocSpace objects, 0(0B) LOS objects, 23% free, 53MB/69MB, paused 754us total 31.278ms
08-04 13:52:22.210 21560 21573 I art     : Starting a blocking GC Explicit
08-04 13:52:22.237 21560 21573 I art     : Explicit concurrent mark sweep GC freed 3(96B) AllocSpace objects, 0(0B) LOS objects, 23% free, 53MB/69MB, paused 760us total 26.688ms
08-04 13:52:22.247 21560 21573 I art     : Starting a blocking GC Explicit
08-04 13:52:22.270 21560 21573 I art     : Explicit concurrent mark sweep GC freed 3(96B) AllocSpace objects, 0(0B) LOS objects, 23% free, 53MB/69MB, paused 521us total 23.548ms
08-04 13:52:22.610 21560 22049 I art     : Starting a blocking GC Explicit
08-04 13:52:22.626 17572 17572 I ServiceManager: Waiting for service AtCmdFwd...
08-04 13:52:22.644 21560 22049 I art     : Explicit concurrent mark sweep GC freed 1344(78KB) AllocSpace objects, 1(20KB) LOS objects, 23% free, 53MB/69MB, paused 540us total 33.713ms
08-04 13:52:22.654 21560 22049 I art     : Starting a blocking GC Explicit
08-04 13:52:22.677 21560 22049 I art     : Explicit concurrent mark sweep GC freed 20(704B) AllocSpace objects, 0(0B) LOS objects, 23% free, 53MB/69MB, paused 541us total 23.657ms
08-04 13:52:22.686 21560 22049 I art     : Starting a blocking GC Explicit
08-04 13:52:22.709 21560 22049 I art     : Explicit concurrent mark sweep GC freed 3(96B) AllocSpace objects, 0(0B) LOS objects, 23% free, 53MB/69MB, paused 471us total 22.781ms
08-04 13:52:22.719 21560 22049 I art     : Starting a blocking GC Explicit
08-04 13:52:22.743 21560 22049 I art     : Explicit concurrent mark sweep GC freed 3(96B) AllocSpace objects, 0(0B) LOS objects, 23% free, 53MB/69MB, paused 521us total 23.877ms
08-04 13:52:22.752 21560 22049 I art     : Starting a blocking GC Explicit
08-04 13:52:22.776 21560 22049 I art     : Explicit concurrent mark sweep GC freed 3(96B) AllocSpace objects, 0(0B) LOS objects, 23% free, 53MB/69MB, paused 593us total 24.056ms
08-04 13:52:23.103 21560 21572 I art     : Starting a blocking GC Explicit
08-04 13:52:23.134 21560 21572 I art     : Explicit concurrent mark sweep GC freed 1365(79KB) AllocSpace objects, 1(20KB) LOS objects, 23% free, 53MB/69MB, paused 495us total 30.668ms
08-04 13:52:23.144 21560 21572 I art     : Starting a blocking GC Explicit
08-04 13:52:23.168 21560 21572 I art     : Explicit concurrent mark sweep GC freed 36(1216B) AllocSpace objects, 0(0B) LOS objects, 23% free, 53MB/69MB, paused 532us total 24.085ms
08-04 13:52:23.177 21560 21572 I art     : Starting a blocking GC Explicit
08-04 13:52:23.201 21560 21572 I art     : Explicit concurrent mark sweep GC freed 3(96B) AllocSpace objects, 0(0B) LOS objects, 23% free, 53MB/69MB, paused 490us total 23.826ms
08-04 13:52:23.210 21560 21572 I art     : Starting a blocking GC Explicit
08-04 13:52:23.234 21560 21572 I art     : Explicit concurrent mark sweep GC freed 3(96B) AllocSpace objects, 0(0B) LOS objects, 23% free, 53MB/69MB, paused 483us total 23.105ms
08-04 13:52:23.243 21560 21572 I art     : Starting a blocking GC Explicit
08-04 13:52:23.267 21560 21572 I art     : Explicit concurrent mark sweep GC freed 3(96B) AllocSpace objects, 0(0B) LOS objects, 23% free, 53MB/69MB, paused 499us total 23.520ms
08-04 13:52:23.553 21560 21599 I art     : Starting a blocking GC Explicit
08-04 13:52:23.583 21560 21599 I art     : Explicit concurrent mark sweep GC freed 1344(78KB) AllocSpace objects, 1(20KB) LOS objects, 23% free, 53MB/69MB, paused 550us total 29.628ms
08-04 13:52:23.596 21560 21599 I art     : Starting a blocking GC Explicit
08-04 13:52:23.620 21560 21599 I art     : Explicit concurrent mark sweep GC freed 20(704B) AllocSpace objects, 0(0B) LOS objects, 23% free, 53MB/69MB, paused 490us total 23.934ms
08-04 13:52:23.626 17572 17572 I ServiceManager: Waiting for service AtCmdFwd...
08-04 13:52:23.629 21560 21599 I art     : Starting a blocking GC Explicit
08-04 13:52:23.653 21560 21599 I art     : Explicit concurrent mark sweep GC freed 3(96B) AllocSpace objects, 0(0B) LOS objects, 23% free, 53MB/69MB, paused 493us total 23.867ms
08-04 13:52:23.662 21560 21599 I art     : Starting a blocking GC Explicit
08-04 13:52:23.686 21560 21599 I art     : Explicit concurrent mark sweep GC freed 3(96B) AllocSpace objects, 0(0B) LOS objects, 23% free, 53MB/69MB, paused 511us total 23.424ms
08-04 13:52:23.695 21560 21599 I art     : Starting a blocking GC Explicit
08-04 13:52:23.719 21560 21599 I art     : Explicit concurrent mark sweep GC freed 3(96B) AllocSpace objects, 0(0B) LOS objects, 23% free, 53MB/69MB, paused 475us total 23.337ms
08-04 13:52:24.026 21560 21573 I art     : Starting a blocking GC Explicit
08-04 13:52:24.055 21560 21573 I art     : Explicit concurrent mark sweep GC freed 1344(78KB) AllocSpace objects, 1(20KB) LOS objects, 23% free, 53MB/69MB, paused 561us total 28.884ms
08-04 13:52:24.066 21560 21573 I art     : Starting a blocking GC Explicit
08-04 13:52:24.089 21560 21573 I art     : Explicit concurrent mark sweep GC freed 20(704B) AllocSpace objects, 0(0B) LOS objects, 23% free, 53MB/69MB, paused 506us total 23.118ms
08-04 13:52:24.098 21560 21573 I art     : Starting a blocking GC Explicit
08-04 13:52:24.122 21560 21573 I art     : Explicit concurrent mark sweep GC freed 3(96B) AllocSpace objects, 0(0B) LOS objects, 23% free, 53MB/69MB, paused 507us total 23.484ms
08-04 13:52:24.131 21560 21573 I art     : Starting a blocking GC Explicit
08-04 13:52:24.155 21560 21573 I art     : Explicit concurrent mark sweep GC freed 3(96B) AllocSpace objects, 0(0B) LOS objects, 23% free, 53MB/69MB, paused 483us total 23.841ms
08-04 13:52:24.164 21560 21573 I art     : Starting a blocking GC Explicit
08-04 13:52:24.188 21560 21573 I art     : Explicit concurrent mark sweep GC freed 3(96B) AllocSpace objects, 0(0B) LOS objects, 23% free, 53MB/69MB, paused 518us total 23.605ms
08-04 13:52:24.508 21560 22049 I art     : Starting a blocking GC Explicit
08-04 13:52:24.538 21560 22049 I art     : Explicit concurrent mark sweep GC freed 1344(78KB) AllocSpace objects, 1(20KB) LOS objects, 23% free, 53MB/69MB, paused 582us total 30.308ms
08-04 13:52:24.551 21560 22049 I art     : Starting a blocking GC Explicit
08-04 13:52:24.575 21560 22049 I art     : Explicit concurrent mark sweep GC freed 20(704B) AllocSpace objects, 0(0B) LOS objects, 23% free, 53MB/69MB, paused 507us total 23.948ms
08-04 13:52:24.585 21560 22049 I art     : Starting a blocking GC Explicit
08-04 13:52:24.609 21560 22049 I art     : Explicit concurrent mark sweep GC freed 3(96B) AllocSpace objects, 0(0B) LOS objects, 23% free, 53MB/69MB, paused 507us total 24.003ms
08-04 13:52:24.618 21560 22049 I art     : Starting a blocking GC Explicit
08-04 13:52:24.627 17572 17572 W Atfwd_Sendcmd: AtCmdFwd service not published, waiting... retryCnt : 3
08-04 13:52:24.641 21560 22049 I art     : Explicit concurrent mark sweep GC freed 3(96B) AllocSpace objects, 0(0B) LOS objects, 23% free, 53MB/69MB, paused 476us total 22.782ms
08-04 13:52:24.650 21560 22049 I art     : Starting a blocking GC Explicit
08-04 13:52:24.674 21560 22049 I art     : Explicit concurrent mark sweep GC freed 3(96B) AllocSpace objects, 0(0B) LOS objects, 23% free, 53MB/69MB, paused 500us total 23.209ms
08-04 13:52:24.986 21560 21572 I art     : Starting a blocking GC Explicit
08-04 13:52:25.017 21560 21572 I art     : Explicit concurrent mark sweep GC freed 1344(78KB) AllocSpace objects, 1(20KB) LOS objects, 23% free, 53MB/69MB, paused 525us total 29.887ms
08-04 13:52:25.030 21560 21572 I art     : Starting a blocking GC Explicit
08-04 13:52:25.054 21560 21572 I art     : Explicit concurrent mark sweep GC freed 20(704B) AllocSpace objects, 0(0B) LOS objects, 23% free, 53MB/69MB, paused 505us total 23.991ms
08-04 13:52:25.063 21560 21572 I art     : Starting a blocking GC Explicit
08-04 13:52:25.087 21560 21572 I art     : Explicit concurrent mark sweep GC freed 3(96B) AllocSpace objects, 0(0B) LOS objects, 23% free, 53MB/69MB, paused 550us total 23.329ms
08-04 13:52:25.096 21560 21572 I art     : Starting a blocking GC Explicit
08-04 13:52:25.120 21560 21572 I art     : Explicit concurrent mark sweep GC freed 3(96B) AllocSpace objects, 0(0B) LOS objects, 23% free, 53MB/69MB, paused 489us total 23.606ms
08-04 13:52:25.129 21560 21572 I art     : Starting a blocking GC Explicit
08-04 13:52:25.151 21560 21572 I art     : Explicit concurrent mark sweep GC freed 3(96B) AllocSpace objects, 0(0B) LOS objects, 23% free, 53MB/69MB, paused 483us total 22.120ms
08-04 13:52:25.467 21560 21599 I art     : Starting a blocking GC Explicit
08-04 13:52:25.497 21560 21599 I art     : Explicit concurrent mark sweep GC freed 1344(78KB) AllocSpace objects, 1(20KB) LOS objects, 23% free, 53MB/69MB, paused 544us total 29.609ms
08-04 13:52:25.510 21560 21599 I art     : Starting a blocking GC Explicit
08-04 13:52:25.534 21560 21599 I art     : Explicit concurrent mark sweep GC freed 20(704B) AllocSpace objects, 0(0B) LOS objects, 23% free, 53MB/69MB, paused 500us total 23.503ms
08-04 13:52:25.543 21560 21599 I art     : Starting a blocking GC Explicit
08-04 13:52:25.565 21560 21599 I art     : Explicit concurrent mark sweep GC freed 3(96B) AllocSpace objects, 0(0B) LOS objects, 23% free, 53MB/69MB, paused 505us total 22.408ms
08-04 13:52:25.574 21560 21599 I art     : Starting a blocking GC Explicit
08-04 13:52:25.597 21560 21599 I art     : Explicit concurrent mark sweep GC freed 3(96B) AllocSpace objects, 0(0B) LOS objects, 23% free, 53MB/69MB, paused 516us total 23.041ms
08-04 13:52:25.607 21560 21599 I art     : Starting a blocking GC Explicit
08-04 13:52:25.629 21560 21599 I art     : Explicit concurrent mark sweep GC freed 3(96B) AllocSpace objects, 0(0B) LOS objects, 23% free, 53MB/69MB, paused 458us total 21.691ms
08-04 13:52:25.956 21560 21573 I art     : Starting a blocking GC Explicit
08-04 13:52:25.992 21560 21573 I art     : Explicit concurrent mark sweep GC freed 1344(78KB) AllocSpace objects, 1(20KB) LOS objects, 23% free, 53MB/69MB, paused 607us total 35.206ms
08-04 13:52:26.005 21560 21573 I art     : Starting a blocking GC Explicit
08-04 13:52:26.029 21560 21573 I art     : Explicit concurrent mark sweep GC freed 20(704B) AllocSpace objects, 0(0B) LOS objects, 23% free, 53MB/69MB, paused 502us total 23.350ms
08-04 13:52:26.037 21560 21573 I art     : Starting a blocking GC Explicit
08-04 13:52:26.060 21560 21573 I art     : Explicit concurrent mark sweep GC freed 3(96B) AllocSpace objects, 0(0B) LOS objects, 23% free, 53MB/69MB, paused 517us total 22.727ms
08-04 13:52:26.070 21560 21573 I art     : Starting a blocking GC Explicit
08-04 13:52:26.094 21560 21573 I art     : Explicit concurrent mark sweep GC freed 3(96B) AllocSpace objects, 0(0B) LOS objects, 23% free, 53MB/69MB, paused 516us total 24.033ms
08-04 13:52:26.103 21560 21573 I art     : Starting a blocking GC Explicit
08-04 13:52:26.127 21560 21573 I art     : Explicit concurrent mark sweep GC freed 3(96B) AllocSpace objects, 0(0B) LOS objects, 23% free, 53MB/69MB, paused 490us total 23.400ms
08-04 13:52:26.438 21560 22049 I art     : Starting a blocking GC Explicit
08-04 13:52:26.471 21560 22049 I art     : Explicit concurrent mark sweep GC freed 1344(78KB) AllocSpace objects, 1(20KB) LOS objects, 23% free, 53MB/69MB, paused 544us total 33.279ms
08-04 13:52:26.484 21560 22049 I art     : Starting a blocking GC Explicit
08-04 13:52:26.507 21560 22049 I art     : Explicit concurrent mark sweep GC freed 20(704B) AllocSpace objects, 0(0B) LOS objects, 23% free, 53MB/69MB, paused 539us total 23.199ms
08-04 13:52:26.517 21560 22049 I art     : Starting a blocking GC Explicit
08-04 13:52:26.541 21560 22049 I art     : Explicit concurrent mark sweep GC freed 3(96B) AllocSpace objects, 0(0B) LOS objects, 23% free, 53MB/69MB, paused 496us total 23.861ms
08-04 13:52:26.550 21560 22049 I art     : Starting a blocking GC Explicit
08-04 13:52:26.574 21560 22049 I art     : Explicit concurrent mark sweep GC freed 3(96B) AllocSpace objects, 0(0B) LOS objects, 23% free, 53MB/69MB, paused 507us total 23.960ms
08-04 13:52:26.583 21560 22049 I art     : Starting a blocking GC Explicit
08-04 13:52:26.608 21560 22049 I art     : Explicit concurrent mark sweep GC freed 3(96B) AllocSpace objects, 0(0B) LOS objects, 23% free, 53MB/69MB, paused 514us total 24.044ms
08-04 13:52:26.921 21560 21572 I art     : Starting a blocking GC Explicit
08-04 13:52:26.955 21560 21572 I art     : Explicit concurrent mark sweep GC freed 1344(78KB) AllocSpace objects, 1(20KB) LOS objects, 23% free, 53MB/69MB, paused 617us total 34.146ms
08-04 13:52:26.969 21560 21572 I art     : Starting a blocking GC Explicit
08-04 13:52:26.992 21560 21572 I art     : Explicit concurrent mark sweep GC freed 20(704B) AllocSpace objects, 0(0B) LOS objects, 23% free, 53MB/69MB, paused 465us total 22.077ms
08-04 13:52:27.001 21560 21572 I art     : Starting a blocking GC Explicit
08-04 13:52:27.024 21560 21572 I art     : Explicit concurrent mark sweep GC freed 3(96B) AllocSpace objects, 0(0B) LOS objects, 23% free, 53MB/69MB, paused 505us total 22.987ms
08-04 13:52:27.033 21560 21572 I art     : Starting a blocking GC Explicit
08-04 13:52:27.057 21560 21572 I art     : Explicit concurrent mark sweep GC freed 3(96B) AllocSpace objects, 0(0B) LOS objects, 23% free, 53MB/69MB, paused 623us total 23.745ms
08-04 13:52:27.066 21560 21572 I art     : Starting a blocking GC Explicit
08-04 13:52:27.090 21560 21572 I art     : Explicit concurrent mark sweep GC freed 3(96B) AllocSpace objects, 0(0B) LOS objects, 23% free, 53MB/69MB, paused 503us total 23.364ms
08-04 13:52:27.362 21560 21599 I art     : Starting a blocking GC Explicit
08-04 13:52:27.385 21560 21599 I art     : Explicit concurrent mark sweep GC freed 1344(78KB) AllocSpace objects, 1(20KB) LOS objects, 23% free, 53MB/69MB, paused 516us total 23.506ms
08-04 13:52:27.394 21560 21599 I art     : Starting a blocking GC Explicit
08-04 13:52:27.417 21560 21599 I art     : Explicit concurrent mark sweep GC freed 20(704B) AllocSpace objects, 0(0B) LOS objects, 23% free, 53MB/69MB, paused 510us total 22.681ms
08-04 13:52:27.426 21560 21599 I art     : Starting a blocking GC Explicit
08-04 13:52:27.448 21560 21599 I art     : Explicit concurrent mark sweep GC freed 3(96B) AllocSpace objects, 0(0B) LOS objects, 23% free, 53MB/69MB, paused 519us total 21.736ms
08-04 13:52:27.457 21560 21599 I art     : Starting a blocking GC Explicit
08-04 13:52:27.478 21560 21599 I art     : Explicit concurrent mark sweep GC freed 3(96B) AllocSpace objects, 0(0B) LOS objects, 23% free, 53MB/69MB, paused 496us total 21.710ms
08-04 13:52:27.487 21560 21599 I art     : Starting a blocking GC Explicit
08-04 13:52:27.510 21560 21599 I art     : Explicit concurrent mark sweep GC freed 3(96B) AllocSpace objects, 0(0B) LOS objects, 23% free, 53MB/69MB, paused 511us total 22.635ms
08-04 13:52:27.630 24860 24860 D AndroidRuntime: >>>>>> START com.android.internal.os.RuntimeInit uid 2000 <<<<<<
08-04 13:52:27.636 24860 24860 D AndroidRuntime: CheckJNI is OFF
08-04 13:52:27.675 24860 24860 D ICU     : No timezone override file found: /data/misc/zoneinfo/current/icu/icu_tzdata.dat
08-04 13:52:27.708 24860 24860 I Radio-JNI: register_android_hardware_Radio DONE
08-04 13:52:27.730 24860 24860 D AndroidRuntime: Calling main entry com.android.commands.input.Input
08-04 13:52:27.732 24860 24860 I Input   : injectMotionEvent: MotionEvent { action=ACTION_DOWN, actionButton=0, id[0]=0, x[0]=369.0, y[0]=554.0, toolType[0]=TOOL_TYPE_UNKNOWN, buttonState=0, metaState=0, flags=0x0, edgeFlags=0x0, pointerCount=1, historySize=0, eventTime=712364145, downTime=712364145, deviceId=0, source=0x1002 }
08-04 13:52:27.736 24860 24860 I Input   : injectMotionEvent: MotionEvent { action=ACTION_UP, actionButton=0, id[0]=0, x[0]=369.0, y[0]=554.0, toolType[0]=TOOL_TYPE_UNKNOWN, buttonState=0, metaState=0, flags=0x0, edgeFlags=0x0, pointerCount=1, historySize=0, eventTime=712364145, downTime=712364145, deviceId=0, source=0x1002 }
08-04 13:52:27.738   918  5132 I ActivityManager: START u0 {cmp=baseline.appteam.nith.hillffair/.activities.ClubActivity (has extras)} from uid 10651 on display 0
08-04 13:52:27.746 24860 24860 D AndroidRuntime: Shutting down VM
08-04 13:52:27.803 21560 22049 I art     : Starting a blocking GC Explicit
08-04 13:52:27.825 21560 22049 I art     : Explicit concurrent mark sweep GC freed 4960(301KB) AllocSpace objects, 1(20KB) LOS objects, 22% free, 53MB/69MB, paused 777us total 21.829ms
08-04 13:52:27.835 21560 22049 I art     : Starting a blocking GC Explicit
08-04 13:52:27.844 13866 13866 I GoogleInputMethodServic: GoogleInputMethodService.onFinishInput():3138 
08-04 13:52:27.844   918   936 I ActivityManager: Displayed baseline.appteam.nith.hillffair/.activities.ClubActivity: +98ms
08-04 13:52:27.845 13866 13866 I GoogleInputMethodServic: GoogleInputMethodService.onStartInput():1808 
08-04 13:52:27.858 21560 22049 I art     : Explicit concurrent mark sweep GC freed 418(20KB) AllocSpace objects, 0(0B) LOS objects, 22% free, 53MB/69MB, paused 660us total 22.330ms
08-04 13:52:27.868 21560 22049 I art     : Starting a blocking GC Explicit
08-04 13:52:27.890 21560 22049 I art     : Explicit concurrent mark sweep GC freed 27(1120B) AllocSpace objects, 0(0B) LOS objects, 22% free, 53MB/69MB, paused 494us total 21.999ms
08-04 13:52:27.899 21560 22049 I art     : Starting a blocking GC Explicit
08-04 13:52:27.921 21560 22049 I art     : Explicit concurrent mark sweep GC freed 5(176B) AllocSpace objects, 0(0B) LOS objects, 22% free, 53MB/69MB, paused 776us total 21.925ms
08-04 13:52:27.930 21560 22049 I art     : Starting a blocking GC Explicit
08-04 13:52:27.950 21560 22049 I art     : Explicit concurrent mark sweep GC freed 3(96B) AllocSpace objects, 0(0B) LOS objects, 22% free, 53MB/69MB, paused 533us total 20.454ms
08-04 13:52:28.101   380   380 W SurfaceFlinger: couldn't log to binary event log: overflow.
08-04 13:52:28.189 21560 21599 I art     : Starting a blocking GC Explicit
08-04 13:52:28.210 21560 21599 I art     : Explicit concurrent mark sweep GC freed 1344(78KB) AllocSpace objects, 1(20KB) LOS objects, 22% free, 53MB/69MB, paused 494us total 20.743ms
08-04 13:52:28.218 21560 21599 I art     : Starting a blocking GC Explicit
08-04 13:52:28.243 21560 21599 I art     : Explicit concurrent mark sweep GC freed 129(7KB) AllocSpace objects, 0(0B) LOS objects, 22% free, 53MB/69MB, paused 589us total 24.574ms
08-04 13:52:28.251 21560 21599 I art     : Starting a blocking GC Explicit
08-04 13:52:28.272 21560 21599 I art     : Explicit concurrent mark sweep GC freed 12(448B) AllocSpace objects, 0(0B) LOS objects, 22% free, 53MB/69MB, paused 563us total 20.885ms
08-04 13:52:28.281 21560 21599 I art     : Starting a blocking GC Explicit
08-04 13:52:28.303 21560 21599 I art     : Explicit concurrent mark sweep GC freed 11(400B) AllocSpace objects, 0(0B) LOS objects, 22% free, 53MB/69MB, paused 640us total 21.675ms
08-04 13:52:28.311 21560 21599 I art     : Starting a blocking GC Explicit
08-04 13:52:28.333 21560 21599 I art     : Explicit concurrent mark sweep GC freed 13(480B) AllocSpace objects, 0(0B) LOS objects, 22% free, 53MB/69MB, paused 545us total 21.985ms
08-04 13:52:28.481 21560 24893 D OkHttp  : --> GET https://api-hillfair-2k16.herokuapp.com/api/app/club/PR%20Club http/1.1
08-04 13:52:28.514 21560 24893 D OkHttp  : <-- 200 OK https://api-hillfair-2k16.herokuapp.com/api/app/club/PR%20Club (32ms, 979-byte body)
08-04 13:52:28.570 21560 21560 I NAPPA_EXPERIMENTATION: MetricNetworkRequestExecutionTime: REQUEST_DURATION_SYSTEM='795',REQUEST_DURATION_OKHTTP='33',REQUEST_SYNCHRONOUS='FALSE',RESPONSE_CODE='200',RESPONSE_METHOD='GET',RESPONSE_LENGTH_OKHTTP='979',RESPONSE_LENGTH_HEADER='979',REQUEST_PROTOCOL='http/1.1',REQUEST_URL='https://api-hillfair-2k16.herokuapp.com/api/app/club/PR%20Club',
08-04 13:52:28.616 21560 21599 I art     : Starting a blocking GC Explicit
08-04 13:52:28.645 21560 21599 I art     : Explicit concurrent mark sweep GC freed 4815(347KB) AllocSpace objects, 4(220KB) LOS objects, 22% free, 54MB/70MB, paused 515us total 29.459ms
08-04 13:52:28.657 21560 21599 I art     : Starting a blocking GC Explicit
08-04 13:52:28.682 21560 21599 I art     : Explicit concurrent mark sweep GC freed 1043(119KB) AllocSpace objects, 0(0B) LOS objects, 22% free, 53MB/69MB, paused 523us total 25.016ms
08-04 13:52:28.692 21560 21599 I art     : Starting a blocking GC Explicit
08-04 13:52:28.715 21560 21599 I art     : Explicit concurrent mark sweep GC freed 3(96B) AllocSpace objects, 0(0B) LOS objects, 22% free, 53MB/69MB, paused 545us total 22.834ms
08-04 13:52:28.724 21560 21599 I art     : Starting a blocking GC Explicit
08-04 13:52:28.747 21560 21599 I art     : Explicit concurrent mark sweep GC freed 3(96B) AllocSpace objects, 0(0B) LOS objects, 22% free, 53MB/69MB, paused 565us total 23.199ms
08-04 13:52:28.756 21560 21599 I art     : Starting a blocking GC Explicit
08-04 13:52:28.780 21560 21599 I art     : Explicit concurrent mark sweep GC freed 3(96B) AllocSpace objects, 0(0B) LOS objects, 22% free, 53MB/69MB, paused 515us total 23.406ms
08-04 13:52:29.081 21560 21572 I art     : Starting a blocking GC Explicit
08-04 13:52:29.109 21560 21572 I art     : Explicit concurrent mark sweep GC freed 1344(78KB) AllocSpace objects, 1(20KB) LOS objects, 22% free, 53MB/69MB, paused 564us total 27.574ms
08-04 13:52:29.122 21560 21572 I art     : Starting a blocking GC Explicit
08-04 13:52:29.149 21560 21572 I art     : Explicit concurrent mark sweep GC freed 36(1264B) AllocSpace objects, 0(0B) LOS objects, 22% free, 53MB/69MB, paused 514us total 26.191ms
08-04 13:52:29.158 21560 21572 I art     : Starting a blocking GC Explicit
08-04 13:52:29.183 21560 21572 I art     : Explicit concurrent mark sweep GC freed 3(96B) AllocSpace objects, 0(0B) LOS objects, 22% free, 53MB/69MB, paused 521us total 25.042ms
08-04 13:52:29.193 21560 21572 I art     : Starting a blocking GC Explicit
08-04 13:52:29.218 21560 21572 I art     : Explicit concurrent mark sweep GC freed 3(96B) AllocSpace objects, 0(0B) LOS objects, 22% free, 53MB/69MB, paused 521us total 25.323ms
08-04 13:52:29.228 21560 21572 I art     : Starting a blocking GC Explicit
08-04 13:52:29.253 21560 21572 I art     : Explicit concurrent mark sweep GC freed 3(96B) AllocSpace objects, 0(0B) LOS objects, 22% free, 53MB/69MB, paused 514us total 24.914ms
08-04 13:52:29.563 21560 21599 I art     : Starting a blocking GC Explicit
08-04 13:52:29.599 21560 21599 I art     : Explicit concurrent mark sweep GC freed 1344(78KB) AllocSpace objects, 1(20KB) LOS objects, 22% free, 53MB/69MB, paused 655us total 34.737ms
08-04 13:52:29.613 21560 21599 I art     : Starting a blocking GC Explicit
08-04 13:52:29.639 21560 21599 I art     : Explicit concurrent mark sweep GC freed 20(720B) AllocSpace objects, 0(0B) LOS objects, 22% free, 53MB/69MB, paused 519us total 25.259ms
08-04 13:52:29.648 21560 21599 I art     : Starting a blocking GC Explicit
08-04 13:52:29.673 21560 21599 I art     : Explicit concurrent mark sweep GC freed 3(96B) AllocSpace objects, 0(0B) LOS objects, 22% free, 53MB/69MB, paused 498us total 25.004ms
08-04 13:52:29.683 21560 21599 I art     : Starting a blocking GC Explicit
08-04 13:52:29.707 21560 21599 I art     : Explicit concurrent mark sweep GC freed 3(96B) AllocSpace objects, 0(0B) LOS objects, 22% free, 53MB/69MB, paused 579us total 24.374ms
08-04 13:52:29.716 21560 21599 I art     : Starting a blocking GC Explicit
08-04 13:52:29.741 21560 21599 I art     : Explicit concurrent mark sweep GC freed 3(96B) AllocSpace objects, 0(0B) LOS objects, 22% free, 53MB/69MB, paused 510us total 24.410ms
08-04 13:52:30.087 21560 22049 I art     : Starting a blocking GC Explicit
08-04 13:52:30.121 21560 22049 I art     : Explicit concurrent mark sweep GC freed 1344(78KB) AllocSpace objects, 1(20KB) LOS objects, 22% free, 53MB/69MB, paused 534us total 33.833ms
08-04 13:52:30.134 21560 22049 I art     : Starting a blocking GC Explicit
08-04 13:52:30.160 21560 22049 I art     : Explicit concurrent mark sweep GC freed 20(704B) AllocSpace objects, 0(0B) LOS objects, 22% free, 53MB/69MB, paused 506us total 25.688ms
08-04 13:52:30.160 21560 21571 I art     : WaitForGcToComplete blocked for 7.797ms for cause HeapTrim
08-04 13:52:30.169 21560 22049 I art     : Starting a blocking GC Explicit
08-04 13:52:30.194 21560 22049 I art     : Explicit concurrent mark sweep GC freed 3(96B) AllocSpace objects, 0(0B) LOS objects, 22% free, 53MB/69MB, paused 527us total 25.244ms
08-04 13:52:30.204 21560 22049 I art     : Starting a blocking GC Explicit
08-04 13:52:30.229 21560 22049 I art     : Explicit concurrent mark sweep GC freed 3(96B) AllocSpace objects, 0(0B) LOS objects, 22% free, 53MB/69MB, paused 514us total 24.905ms
08-04 13:52:30.238 21560 22049 I art     : Starting a blocking GC Explicit
08-04 13:52:30.263 21560 22049 I art     : Explicit concurrent mark sweep GC freed 3(96B) AllocSpace objects, 0(0B) LOS objects, 22% free, 53MB/69MB, paused 517us total 24.416ms
08-04 13:52:30.590 21560 21573 I art     : Starting a blocking GC Explicit
08-04 13:52:30.625 21560 21573 I art     : Explicit concurrent mark sweep GC freed 1344(78KB) AllocSpace objects, 1(20KB) LOS objects, 22% free, 53MB/69MB, paused 551us total 34.342ms
08-04 13:52:30.640 21560 21573 I art     : Starting a blocking GC Explicit
08-04 13:52:30.664 21560 21573 I art     : Explicit concurrent mark sweep GC freed 20(704B) AllocSpace objects, 0(0B) LOS objects, 22% free, 53MB/69MB, paused 530us total 24.398ms
08-04 13:52:30.674 21560 21573 I art     : Starting a blocking GC Explicit
08-04 13:52:30.699 21560 21573 I art     : Explicit concurrent mark sweep GC freed 3(96B) AllocSpace objects, 0(0B) LOS objects, 22% free, 53MB/69MB, paused 509us total 24.569ms
08-04 13:52:30.708 21560 21573 I art     : Starting a blocking GC Explicit
08-04 13:52:30.733 21560 21573 I art     : Explicit concurrent mark sweep GC freed 3(96B) AllocSpace objects, 0(0B) LOS objects, 22% free, 53MB/69MB, paused 589us total 24.786ms
08-04 13:52:30.742 21560 21573 I art     : Starting a blocking GC Explicit
08-04 13:52:30.766 21560 21573 I art     : Explicit concurrent mark sweep GC freed 3(96B) AllocSpace objects, 0(0B) LOS objects, 22% free, 53MB/69MB, paused 504us total 24.106ms
08-04 13:52:31.045   918   928 I AccountManagerService: getTypesVisibleToCaller: isPermitted? true
08-04 13:52:31.096 21560 21572 I art     : Starting a blocking GC Explicit
08-04 13:52:31.123 21560 21572 I art     : Explicit concurrent mark sweep GC freed 1365(79KB) AllocSpace objects, 1(20KB) LOS objects, 22% free, 53MB/69MB, paused 637us total 26.064ms
08-04 13:52:31.137 21560 21572 I art     : Starting a blocking GC Explicit
08-04 13:52:31.161 21560 21572 I art     : Explicit concurrent mark sweep GC freed 36(1216B) AllocSpace objects, 0(0B) LOS objects, 22% free, 53MB/69MB, paused 509us total 23.822ms
08-04 13:52:31.170 21560 21572 I art     : Starting a blocking GC Explicit
08-04 13:52:31.194 21560 21572 I art     : Explicit concurrent mark sweep GC freed 3(96B) AllocSpace objects, 0(0B) LOS objects, 22% free, 53MB/69MB, paused 505us total 24.062ms
08-04 13:52:31.203 21560 21572 I art     : Starting a blocking GC Explicit
08-04 13:52:31.228 21560 21572 I art     : Explicit concurrent mark sweep GC freed 3(96B) AllocSpace objects, 0(0B) LOS objects, 22% free, 53MB/69MB, paused 526us total 24.373ms
08-04 13:52:31.237 21560 21572 I art     : Starting a blocking GC Explicit
08-04 13:52:31.262 21560 21572 I art     : Explicit concurrent mark sweep GC freed 3(96B) AllocSpace objects, 0(0B) LOS objects, 22% free, 53MB/69MB, paused 532us total 24.792ms
08-04 13:52:31.594 21560 21599 I art     : Starting a blocking GC Explicit
08-04 13:52:31.624 21560 21599 I art     : Explicit concurrent mark sweep GC freed 1344(78KB) AllocSpace objects, 1(20KB) LOS objects, 22% free, 53MB/69MB, paused 559us total 30.294ms
08-04 13:52:31.637 21560 21599 I art     : Starting a blocking GC Explicit
08-04 13:52:31.661 21560 21599 I art     : Explicit concurrent mark sweep GC freed 20(704B) AllocSpace objects, 0(0B) LOS objects, 22% free, 53MB/69MB, paused 502us total 24.424ms
08-04 13:52:31.671 21560 21599 I art     : Starting a blocking GC Explicit
08-04 13:52:31.696 21560 21599 I art     : Explicit concurrent mark sweep GC freed 3(96B) AllocSpace objects, 0(0B) LOS objects, 22% free, 53MB/69MB, paused 499us total 24.980ms
08-04 13:52:31.705 21560 21599 I art     : Starting a blocking GC Explicit
08-04 13:52:31.730 21560 21599 I art     : Explicit concurrent mark sweep GC freed 3(96B) AllocSpace objects, 0(0B) LOS objects, 22% free, 53MB/69MB, paused 510us total 24.568ms
08-04 13:52:31.739 21560 21599 I art     : Starting a blocking GC Explicit
08-04 13:52:31.765 21560 21599 I art     : Explicit concurrent mark sweep GC freed 3(96B) AllocSpace objects, 0(0B) LOS objects, 22% free, 53MB/69MB, paused 500us total 25.228ms
08-04 13:52:32.067 21560 22049 I art     : Starting a blocking GC Explicit
08-04 13:52:32.091 21560 22049 I art     : Explicit concurrent mark sweep GC freed 1344(78KB) AllocSpace objects, 1(20KB) LOS objects, 22% free, 53MB/69MB, paused 519us total 23.697ms
08-04 13:52:32.100 21560 22049 I art     : Starting a blocking GC Explicit
08-04 13:52:32.124 21560 22049 I art     : Explicit concurrent mark sweep GC freed 20(704B) AllocSpace objects, 0(0B) LOS objects, 22% free, 53MB/69MB, paused 486us total 24.266ms
08-04 13:52:32.133 21560 22049 I art     : Starting a blocking GC Explicit
08-04 13:52:32.157 21560 22049 I art     : Explicit concurrent mark sweep GC freed 3(96B) AllocSpace objects, 0(0B) LOS objects, 22% free, 53MB/69MB, paused 561us total 23.601ms
08-04 13:52:32.166 21560 22049 I art     : Starting a blocking GC Explicit
08-04 13:52:32.189 21560 22049 I art     : Explicit concurrent mark sweep GC freed 3(96B) AllocSpace objects, 0(0B) LOS objects, 22% free, 53MB/69MB, paused 485us total 23.022ms
08-04 13:52:32.198 21560 22049 I art     : Starting a blocking GC Explicit
08-04 13:52:32.221 21560 22049 I art     : Explicit concurrent mark sweep GC freed 3(96B) AllocSpace objects, 0(0B) LOS objects, 22% free, 53MB/69MB, paused 502us total 23.081ms
08-04 13:52:32.410 24986 24986 D AndroidRuntime: >>>>>> START com.android.internal.os.RuntimeInit uid 2000 <<<<<<
08-04 13:52:32.415 24986 24986 D AndroidRuntime: CheckJNI is OFF
08-04 13:52:32.448 24986 24986 D ICU     : No timezone override file found: /data/misc/zoneinfo/current/icu/icu_tzdata.dat
08-04 13:52:32.480 24986 24986 I Radio-JNI: register_android_hardware_Radio DONE
08-04 13:52:32.502 24986 24986 D AndroidRuntime: Calling main entry com.android.commands.input.Input
08-04 13:52:32.503 24986 24986 I Input   : injectKeyEvent: KeyEvent { action=ACTION_DOWN, keyCode=KEYCODE_BACK, scanCode=0, metaState=0, flags=0x0, repeatCount=0, eventTime=712368916, downTime=712368916, deviceId=-1, source=0x101 }
08-04 13:52:32.508 24986 24986 I Input   : injectKeyEvent: KeyEvent { action=ACTION_UP, keyCode=KEYCODE_BACK, scanCode=0, metaState=0, flags=0x0, repeatCount=0, eventTime=712368916, downTime=712368916, deviceId=-1, source=0x101 }
08-04 13:52:32.510 21560 21573 I art     : Starting a blocking GC Explicit
08-04 13:52:32.515 24986 24986 D AndroidRuntime: Shutting down VM
08-04 13:52:32.533 21560 21573 I art     : Explicit concurrent mark sweep GC freed 1486(84KB) AllocSpace objects, 1(20KB) LOS objects, 22% free, 53MB/69MB, paused 524us total 23.080ms
08-04 13:52:32.542 21560 21573 I art     : Starting a blocking GC Explicit
08-04 13:52:32.550 13866 13866 I GoogleInputMethodServic: GoogleInputMethodService.onFinishInput():3138 
08-04 13:52:32.551 13866 13866 I GoogleInputMethodServic: GoogleInputMethodService.onStartInput():1808 
08-04 13:52:32.565 21560 21573 I art     : Explicit concurrent mark sweep GC freed 49(1856B) AllocSpace objects, 0(0B) LOS objects, 22% free, 53MB/69MB, paused 473us total 22.200ms
08-04 13:52:32.573 21560 21573 I art     : Starting a blocking GC Explicit
08-04 13:52:32.594 21560 21573 I art     : Explicit concurrent mark sweep GC freed 17(560B) AllocSpace objects, 0(0B) LOS objects, 22% free, 53MB/69MB, paused 516us total 20.681ms
08-04 13:52:32.602 21560 21573 I art     : Starting a blocking GC Explicit
08-04 13:52:32.623 21560 21573 I art     : Explicit concurrent mark sweep GC freed 6(224B) AllocSpace objects, 0(0B) LOS objects, 22% free, 53MB/69MB, paused 457us total 20.384ms
08-04 13:52:32.631 21560 21573 I art     : Starting a blocking GC Explicit
08-04 13:52:32.653 21560 21573 I art     : Explicit concurrent mark sweep GC freed 3(96B) AllocSpace objects, 0(0B) LOS objects, 22% free, 53MB/69MB, paused 538us total 21.885ms
08-04 13:52:32.840   380   380 W SurfaceFlinger: couldn't log to binary event log: overflow.
08-04 13:52:32.919 21560 22049 I art     : Starting a blocking GC Explicit
08-04 13:52:32.942 21560 22049 I art     : Explicit concurrent mark sweep GC freed 1453(86KB) AllocSpace objects, 1(20KB) LOS objects, 22% free, 53MB/69MB, paused 490us total 22.630ms
08-04 13:52:32.951 21560 22049 I art     : Starting a blocking GC Explicit
08-04 13:52:32.974 21560 22049 I art     : Explicit concurrent mark sweep GC freed 1671(107KB) AllocSpace objects, 3(184KB) LOS objects, 22% free, 53MB/69MB, paused 495us total 23.401ms
08-04 13:52:32.983 21560 22049 I art     : Starting a blocking GC Explicit
08-04 13:52:33.007 21560 22049 I art     : Explicit concurrent mark sweep GC freed 3(96B) AllocSpace objects, 0(0B) LOS objects, 22% free, 53MB/69MB, paused 500us total 23.728ms
08-04 13:52:33.016 21560 22049 I art     : Starting a blocking GC Explicit
08-04 13:52:33.040 21560 22049 I art     : Explicit concurrent mark sweep GC freed 3(96B) AllocSpace objects, 0(0B) LOS objects, 22% free, 53MB/69MB, paused 493us total 23.438ms
08-04 13:52:33.049 21560 22049 I art     : Starting a blocking GC Explicit
08-04 13:52:33.074 21560 22049 I art     : Explicit concurrent mark sweep GC freed 3(96B) AllocSpace objects, 0(0B) LOS objects, 22% free, 53MB/69MB, paused 498us total 24.102ms
08-04 13:52:33.364 21560 21599 I art     : Starting a blocking GC Explicit
08-04 13:52:33.394 21560 21599 I art     : Explicit concurrent mark sweep GC freed 1344(78KB) AllocSpace objects, 1(20KB) LOS objects, 22% free, 53MB/69MB, paused 543us total 29.691ms
08-04 13:52:33.407 21560 21599 I art     : Starting a blocking GC Explicit
08-04 13:52:33.433 21560 21599 I art     : Explicit concurrent mark sweep GC freed 20(704B) AllocSpace objects, 0(0B) LOS objects, 22% free, 53MB/69MB, paused 502us total 25.313ms
08-04 13:52:33.442 21560 21599 I art     : Starting a blocking GC Explicit
08-04 13:52:33.467 21560 21599 I art     : Explicit concurrent mark sweep GC freed 3(96B) AllocSpace objects, 0(0B) LOS objects, 22% free, 53MB/69MB, paused 581us total 24.689ms
08-04 13:52:33.476 21560 21599 I art     : Starting a blocking GC Explicit
08-04 13:52:33.501 21560 21599 I art     : Explicit concurrent mark sweep GC freed 3(96B) AllocSpace objects, 0(0B) LOS objects, 22% free, 53MB/69MB, paused 492us total 24.316ms
08-04 13:52:33.510 21560 21599 I art     : Starting a blocking GC Explicit
08-04 13:52:33.533 21560 21599 I art     : Explicit concurrent mark sweep GC freed 3(96B) AllocSpace objects, 0(0B) LOS objects, 22% free, 53MB/69MB, paused 512us total 23.018ms
08-04 13:52:33.823 21560 21572 I art     : Starting a blocking GC Explicit
08-04 13:52:33.852 21560 21572 I art     : Explicit concurrent mark sweep GC freed 1344(78KB) AllocSpace objects, 1(20KB) LOS objects, 22% free, 53MB/69MB, paused 570us total 29.081ms
08-04 13:52:33.864 21560 21572 I art     : Starting a blocking GC Explicit
08-04 13:52:33.888 21560 21572 I art     : Explicit concurrent mark sweep GC freed 20(704B) AllocSpace objects, 0(0B) LOS objects, 22% free, 53MB/69MB, paused 573us total 23.630ms
08-04 13:52:33.897 21560 21572 I art     : Starting a blocking GC Explicit
08-04 13:52:33.919 21560 21572 I art     : Explicit concurrent mark sweep GC freed 3(96B) AllocSpace objects, 0(0B) LOS objects, 22% free, 53MB/69MB, paused 499us total 21.971ms
08-04 13:52:33.928 21560 21572 I art     : Starting a blocking GC Explicit
08-04 13:52:33.950 21560 21572 I art     : Explicit concurrent mark sweep GC freed 3(96B) AllocSpace objects, 0(0B) LOS objects, 22% free, 53MB/69MB, paused 494us total 22.439ms
08-04 13:52:33.959 21560 21572 I art     : Starting a blocking GC Explicit
08-04 13:52:33.982 21560 21572 I art     : Explicit concurrent mark sweep GC freed 3(96B) AllocSpace objects, 0(0B) LOS objects, 22% free, 53MB/69MB, paused 512us total 22.442ms
08-04 13:52:34.185 25043 25043 D AndroidRuntime: >>>>>> START com.android.internal.os.RuntimeInit uid 2000 <<<<<<
08-04 13:52:34.191 25043 25043 D AndroidRuntime: CheckJNI is OFF
08-04 13:52:34.224 25043 25043 D ICU     : No timezone override file found: /data/misc/zoneinfo/current/icu/icu_tzdata.dat
08-04 13:52:34.257 25043 25043 I Radio-JNI: register_android_hardware_Radio DONE
08-04 13:52:34.279 25043 25043 D AndroidRuntime: Calling main entry com.android.commands.input.Input
08-04 13:52:34.281 25043 25043 I Input   : injectMotionEvent: MotionEvent { action=ACTION_DOWN, actionButton=0, id[0]=0, x[0]=1012.0, y[0]=1152.0, toolType[0]=TOOL_TYPE_UNKNOWN, buttonState=0, metaState=0, flags=0x0, edgeFlags=0x0, pointerCount=1, historySize=0, eventTime=712370693, downTime=712370693, deviceId=0, source=0x1002 }
08-04 13:52:34.285 25043 25043 I Input   : injectMotionEvent: MotionEvent { action=ACTION_UP, actionButton=0, id[0]=0, x[0]=1012.0, y[0]=1152.0, toolType[0]=TOOL_TYPE_UNKNOWN, buttonState=0, metaState=0, flags=0x0, edgeFlags=0x0, pointerCount=1, historySize=0, eventTime=712370693, downTime=712370693, deviceId=0, source=0x1002 }
08-04 13:52:34.286   918  6029 I ActivityManager: START u0 {cmp=baseline.appteam.nith.hillffair/.activities.ClubActivity (has extras)} from uid 10651 on display 0
08-04 13:52:34.294 25043 25043 D AndroidRuntime: Shutting down VM
08-04 13:52:34.300 21560 21572 I art     : Starting a blocking GC Explicit
08-04 13:52:34.325 21560 21572 I art     : Explicit concurrent mark sweep GC freed 3800(207KB) AllocSpace objects, 1(20KB) LOS objects, 22% free, 53MB/69MB, paused 781us total 24.882ms
08-04 13:52:34.336 21560 21572 I art     : Starting a blocking GC Explicit
08-04 13:52:34.358 21560 21572 I art     : Explicit concurrent mark sweep GC freed 1043(91KB) AllocSpace objects, 0(0B) LOS objects, 22% free, 53MB/69MB, paused 547us total 21.902ms
08-04 13:52:34.366 21560 21572 I art     : Starting a blocking GC Explicit
08-04 13:52:34.382   918   936 I ActivityManager: Displayed baseline.appteam.nith.hillffair/.activities.ClubActivity: +87ms
08-04 13:52:34.382 13866 13866 I GoogleInputMethodServic: GoogleInputMethodService.onFinishInput():3138 
08-04 13:52:34.383 13866 13866 I GoogleInputMethodServic: GoogleInputMethodService.onStartInput():1808 
08-04 13:52:34.390 21560 21572 I art     : Explicit concurrent mark sweep GC freed 245(9KB) AllocSpace objects, 0(0B) LOS objects, 22% free, 53MB/69MB, paused 698us total 23.506ms
08-04 13:52:34.399 21560 21572 I art     : Starting a blocking GC Explicit
08-04 13:52:34.421 21560 21572 I art     : Explicit concurrent mark sweep GC freed 85(5KB) AllocSpace objects, 0(0B) LOS objects, 22% free, 53MB/69MB, paused 513us total 22.229ms
08-04 13:52:34.430 21560 21572 I art     : Starting a blocking GC Explicit
08-04 13:52:34.451 21560 21572 I art     : Explicit concurrent mark sweep GC freed 9(304B) AllocSpace objects, 0(0B) LOS objects, 22% free, 53MB/69MB, paused 592us total 20.952ms
08-04 13:52:34.642   380   380 W SurfaceFlinger: couldn't log to binary event log: overflow.
08-04 13:52:34.726 21560 21573 I art     : Starting a blocking GC Explicit
08-04 13:52:34.750 21560 21573 I art     : Explicit concurrent mark sweep GC freed 1344(78KB) AllocSpace objects, 1(20KB) LOS objects, 22% free, 53MB/69MB, paused 505us total 23.346ms
08-04 13:52:34.759 21560 21573 I art     : Starting a blocking GC Explicit
08-04 13:52:34.784 21560 21573 I art     : Explicit concurrent mark sweep GC freed 113(6KB) AllocSpace objects, 0(0B) LOS objects, 22% free, 53MB/69MB, paused 670us total 25.243ms
08-04 13:52:34.795 21560 21573 I art     : Starting a blocking GC Explicit
08-04 13:52:34.821 21560 21573 I art     : Explicit concurrent mark sweep GC freed 1089(74KB) AllocSpace objects, 2(120KB) LOS objects, 22% free, 54MB/70MB, paused 821us total 25.606ms
08-04 13:52:34.829 21560 21573 I art     : Starting a blocking GC Explicit
08-04 13:52:34.833 21560 25069 D OkHttp  : --> GET https://api-hillfair-2k16.herokuapp.com/api/app/club/Design%20and%20Decoration%20Club http/1.1
08-04 13:52:34.852 21560 21573 I art     : Explicit concurrent mark sweep GC freed 2395(169KB) AllocSpace objects, 1(80KB) LOS objects, 22% free, 53MB/69MB, paused 618us total 23.078ms
08-04 13:52:34.861 21560 21573 I art     : Starting a blocking GC Explicit
08-04 13:52:34.863 21560 25069 D OkHttp  : <-- 200 OK https://api-hillfair-2k16.herokuapp.com/api/app/club/Design%20and%20Decoration%20Club (29ms, 760-byte body)
08-04 13:52:34.883 21560 21573 I art     : Explicit concurrent mark sweep GC freed 265(42KB) AllocSpace objects, 0(0B) LOS objects, 22% free, 53MB/69MB, paused 587us total 22.058ms
08-04 13:52:34.928 21560 21560 I NAPPA_EXPERIMENTATION: MetricNetworkRequestExecutionTime: REQUEST_DURATION_SYSTEM='605',REQUEST_DURATION_OKHTTP='30',REQUEST_SYNCHRONOUS='FALSE',RESPONSE_CODE='200',RESPONSE_METHOD='GET',RESPONSE_LENGTH_OKHTTP='760',RESPONSE_LENGTH_HEADER='760',REQUEST_PROTOCOL='http/1.1',REQUEST_URL='https://api-hillfair-2k16.herokuapp.com/api/app/club/Design%20and%20Decoration%20Club',
08-04 13:52:35.185 21560 21573 I art     : Starting a blocking GC Explicit
08-04 13:52:35.211 21560 21573 I art     : Explicit concurrent mark sweep GC freed 2042(170KB) AllocSpace objects, 1(20KB) LOS objects, 22% free, 53MB/69MB, paused 579us total 25.728ms
08-04 13:52:35.212 21560 21571 I art     : WaitForGcToComplete blocked for 17.313ms for cause HeapTrim
08-04 13:52:35.222 21560 21573 I art     : Starting a blocking GC Explicit
08-04 13:52:35.246 21560 21573 I art     : Explicit concurrent mark sweep GC freed 68(2240B) AllocSpace objects, 0(0B) LOS objects, 22% free, 53MB/69MB, paused 504us total 23.978ms
08-04 13:52:35.256 21560 21573 I art     : Starting a blocking GC Explicit
08-04 13:52:35.279 21560 21573 I art     : Explicit concurrent mark sweep GC freed 3(96B) AllocSpace objects, 0(0B) LOS objects, 22% free, 53MB/69MB, paused 475us total 23.069ms
08-04 13:52:35.288 21560 21573 I art     : Starting a blocking GC Explicit
08-04 13:52:35.312 21560 21573 I art     : Explicit concurrent mark sweep GC freed 3(96B) AllocSpace objects, 0(0B) LOS objects, 22% free, 53MB/69MB, paused 487us total 23.158ms
08-04 13:52:35.321 21560 21573 I art     : Starting a blocking GC Explicit
08-04 13:52:35.344 21560 21573 I art     : Explicit concurrent mark sweep GC freed 19(656B) AllocSpace objects, 0(0B) LOS objects, 22% free, 53MB/69MB, paused 486us total 23.516ms
08-04 13:52:35.642 21560 21572 I art     : Starting a blocking GC Explicit
08-04 13:52:35.677 21560 21572 I art     : Explicit concurrent mark sweep GC freed 1344(78KB) AllocSpace objects, 1(20KB) LOS objects, 22% free, 53MB/69MB, paused 605us total 34.345ms
08-04 13:52:35.689 21560 21572 I art     : Starting a blocking GC Explicit
08-04 13:52:35.715 21560 21572 I art     : Explicit concurrent mark sweep GC freed 20(720B) AllocSpace objects, 0(0B) LOS objects, 22% free, 53MB/69MB, paused 551us total 25.571ms
08-04 13:52:35.725 21560 21572 I art     : Starting a blocking GC Explicit
08-04 13:52:35.750 21560 21572 I art     : Explicit concurrent mark sweep GC freed 3(96B) AllocSpace objects, 0(0B) LOS objects, 22% free, 53MB/69MB, paused 549us total 25.444ms
08-04 13:52:35.760 21560 21572 I art     : Starting a blocking GC Explicit
08-04 13:52:35.785 21560 21572 I art     : Explicit concurrent mark sweep GC freed 3(96B) AllocSpace objects, 0(0B) LOS objects, 22% free, 53MB/69MB, paused 551us total 25.385ms
08-04 13:52:35.795 21560 21572 I art     : Starting a blocking GC Explicit
08-04 13:52:35.820 21560 21572 I art     : Explicit concurrent mark sweep GC freed 7(224B) AllocSpace objects, 0(0B) LOS objects, 22% free, 53MB/69MB, paused 510us total 25.296ms
08-04 13:52:36.147 21560 21599 I art     : Starting a blocking GC Explicit
08-04 13:52:36.179 21560 21599 I art     : Explicit concurrent mark sweep GC freed 1361(79KB) AllocSpace objects, 1(20KB) LOS objects, 22% free, 53MB/69MB, paused 577us total 31.024ms
08-04 13:52:36.190 21560 21599 I art     : Starting a blocking GC Explicit
08-04 13:52:36.216 21560 21599 I art     : Explicit concurrent mark sweep GC freed 36(1216B) AllocSpace objects, 0(0B) LOS objects, 22% free, 53MB/69MB, paused 514us total 25.192ms
08-04 13:52:36.225 21560 21599 I art     : Starting a blocking GC Explicit
08-04 13:52:36.251 21560 21599 I art     : Explicit concurrent mark sweep GC freed 3(96B) AllocSpace objects, 0(0B) LOS objects, 22% free, 53MB/69MB, paused 514us total 25.509ms
08-04 13:52:36.260 21560 21599 I art     : Starting a blocking GC Explicit
08-04 13:52:36.285 21560 21599 I art     : Explicit concurrent mark sweep GC freed 3(96B) AllocSpace objects, 0(0B) LOS objects, 22% free, 53MB/69MB, paused 508us total 24.458ms
08-04 13:52:36.294 21560 21599 I art     : Starting a blocking GC Explicit
08-04 13:52:36.319 21560 21599 I art     : Explicit concurrent mark sweep GC freed 3(96B) AllocSpace objects, 0(0B) LOS objects, 22% free, 53MB/69MB, paused 513us total 25.023ms
08-04 13:52:36.691 21560 22049 I art     : Starting a blocking GC Explicit
08-04 13:52:36.729 21560 22049 I art     : Explicit concurrent mark sweep GC freed 1344(78KB) AllocSpace objects, 1(20KB) LOS objects, 22% free, 53MB/69MB, paused 634us total 38.060ms
08-04 13:52:36.744 21560 22049 I art     : Starting a blocking GC Explicit
08-04 13:52:36.775 21560 22049 I art     : Explicit concurrent mark sweep GC freed 20(720B) AllocSpace objects, 0(0B) LOS objects, 22% free, 53MB/69MB, paused 512us total 30.335ms
08-04 13:52:36.784 21560 22049 I art     : Starting a blocking GC Explicit
08-04 13:52:36.810 21560 22049 I art     : Explicit concurrent mark sweep GC freed 3(96B) AllocSpace objects, 0(0B) LOS objects, 22% free, 53MB/69MB, paused 567us total 25.230ms
08-04 13:52:36.819 21560 22049 I art     : Starting a blocking GC Explicit
08-04 13:52:36.844 21560 22049 I art     : Explicit concurrent mark sweep GC freed 3(96B) AllocSpace objects, 0(0B) LOS objects, 22% free, 53MB/69MB, paused 486us total 24.807ms
08-04 13:52:36.853 21560 22049 I art     : Starting a blocking GC Explicit
08-04 13:52:36.878 21560 22049 I art     : Explicit concurrent mark sweep GC freed 3(96B) AllocSpace objects, 0(0B) LOS objects, 22% free, 53MB/69MB, paused 487us total 24.678ms
08-04 13:52:37.194 21560 21573 I art     : Starting a blocking GC Explicit
08-04 13:52:37.220 21560 21573 I art     : Explicit concurrent mark sweep GC freed 1344(78KB) AllocSpace objects, 1(20KB) LOS objects, 22% free, 53MB/69MB, paused 563us total 26.602ms
08-04 13:52:37.233 21560 21573 I art     : Starting a blocking GC Explicit
08-04 13:52:37.258 21560 21573 I art     : Explicit concurrent mark sweep GC freed 20(704B) AllocSpace objects, 0(0B) LOS objects, 22% free, 53MB/69MB, paused 519us total 24.159ms
08-04 13:52:37.267 21560 21573 I art     : Starting a blocking GC Explicit
08-04 13:52:37.292 21560 21573 I art     : Explicit concurrent mark sweep GC freed 3(96B) AllocSpace objects, 0(0B) LOS objects, 22% free, 53MB/69MB, paused 517us total 24.301ms
08-04 13:52:37.301 21560 21573 I art     : Starting a blocking GC Explicit
08-04 13:52:37.326 21560 21573 I art     : Explicit concurrent mark sweep GC freed 3(96B) AllocSpace objects, 0(0B) LOS objects, 22% free, 53MB/69MB, paused 509us total 24.797ms
08-04 13:52:37.335 21560 21573 I art     : Starting a blocking GC Explicit
08-04 13:52:37.361 21560 21573 I art     : Explicit concurrent mark sweep GC freed 3(96B) AllocSpace objects, 0(0B) LOS objects, 22% free, 53MB/69MB, paused 516us total 25.314ms
08-04 13:52:37.687 21560 22049 I art     : Starting a blocking GC Explicit
08-04 13:52:37.713 21560 22049 I art     : Explicit concurrent mark sweep GC freed 1344(78KB) AllocSpace objects, 1(20KB) LOS objects, 22% free, 53MB/69MB, paused 561us total 25.831ms
08-04 13:52:37.728 21560 22049 I art     : Starting a blocking GC Explicit
08-04 13:52:37.753 21560 22049 I art     : Explicit concurrent mark sweep GC freed 38(1392B) AllocSpace objects, 0(0B) LOS objects, 22% free, 53MB/69MB, paused 504us total 24.587ms
08-04 13:52:37.762 21560 22049 I art     : Starting a blocking GC Explicit
08-04 13:52:37.787 21560 22049 I art     : Explicit concurrent mark sweep GC freed 3(96B) AllocSpace objects, 0(0B) LOS objects, 22% free, 53MB/69MB, paused 606us total 24.781ms
08-04 13:52:37.797 21560 22049 I art     : Starting a blocking GC Explicit
08-04 13:52:37.822 21560 22049 I art     : Explicit concurrent mark sweep GC freed 3(96B) AllocSpace objects, 0(0B) LOS objects, 22% free, 53MB/69MB, paused 514us total 25.057ms
08-04 13:52:37.831 21560 22049 I art     : Starting a blocking GC Explicit
08-04 13:52:37.857 21560 22049 I art     : Explicit concurrent mark sweep GC freed 3(96B) AllocSpace objects, 0(0B) LOS objects, 22% free, 53MB/69MB, paused 623us total 25.231ms
08-04 13:52:38.183 21560 21573 I art     : Starting a blocking GC Explicit
08-04 13:52:38.211 21560 21573 I art     : Explicit concurrent mark sweep GC freed 1344(78KB) AllocSpace objects, 1(20KB) LOS objects, 22% free, 53MB/69MB, paused 524us total 27.072ms
08-04 13:52:38.220 21560 21573 I art     : Starting a blocking GC Explicit
08-04 13:52:38.246 21560 21573 I art     : Explicit concurrent mark sweep GC freed 20(704B) AllocSpace objects, 0(0B) LOS objects, 22% free, 53MB/69MB, paused 508us total 25.172ms
08-04 13:52:38.255 21560 21573 I art     : Starting a blocking GC Explicit
08-04 13:52:38.281 21560 21573 I art     : Explicit concurrent mark sweep GC freed 3(96B) AllocSpace objects, 0(0B) LOS objects, 22% free, 53MB/69MB, paused 528us total 25.504ms
08-04 13:52:38.290 21560 21573 I art     : Starting a blocking GC Explicit
08-04 13:52:38.316 21560 21573 I art     : Explicit concurrent mark sweep GC freed 3(96B) AllocSpace objects, 0(0B) LOS objects, 22% free, 53MB/69MB, paused 519us total 25.247ms
08-04 13:52:38.325 21560 21573 I art     : Starting a blocking GC Explicit
08-04 13:52:38.350 21560 21573 I art     : Explicit concurrent mark sweep GC freed 3(96B) AllocSpace objects, 0(0B) LOS objects, 22% free, 53MB/69MB, paused 506us total 24.801ms
08-04 13:52:38.651 21560 21572 I art     : Starting a blocking GC Explicit
08-04 13:52:38.676 21560 21572 I art     : Explicit concurrent mark sweep GC freed 1344(78KB) AllocSpace objects, 1(20KB) LOS objects, 22% free, 53MB/69MB, paused 530us total 24.882ms
08-04 13:52:38.686 21560 21572 I art     : Starting a blocking GC Explicit
08-04 13:52:38.711 21560 21572 I art     : Explicit concurrent mark sweep GC freed 20(720B) AllocSpace objects, 0(0B) LOS objects, 22% free, 53MB/69MB, paused 517us total 24.773ms
08-04 13:52:38.720 21560 21572 I art     : Starting a blocking GC Explicit
08-04 13:52:38.744 21560 21572 I art     : Explicit concurrent mark sweep GC freed 3(96B) AllocSpace objects, 0(0B) LOS objects, 22% free, 53MB/69MB, paused 538us total 23.173ms
08-04 13:52:38.752 21560 21572 I art     : Starting a blocking GC Explicit
08-04 13:52:38.776 21560 21572 I art     : Explicit concurrent mark sweep GC freed 3(96B) AllocSpace objects, 0(0B) LOS objects, 22% free, 53MB/69MB, paused 507us total 23.394ms
08-04 13:52:38.785 21560 21572 I art     : Starting a blocking GC Explicit
08-04 13:52:38.809 21560 21572 I art     : Explicit concurrent mark sweep GC freed 3(96B) AllocSpace objects, 0(0B) LOS objects, 22% free, 53MB/69MB, paused 509us total 23.352ms
08-04 13:52:38.976 25155 25155 D AndroidRuntime: >>>>>> START com.android.internal.os.RuntimeInit uid 2000 <<<<<<
08-04 13:52:38.982 25155 25155 D AndroidRuntime: CheckJNI is OFF
08-04 13:52:39.014 25155 25155 D ICU     : No timezone override file found: /data/misc/zoneinfo/current/icu/icu_tzdata.dat
08-04 13:52:39.046 25155 25155 I Radio-JNI: register_android_hardware_Radio DONE
08-04 13:52:39.067 25155 25155 D AndroidRuntime: Calling main entry com.android.commands.input.Input
08-04 13:52:39.068 25155 25155 I Input   : injectKeyEvent: KeyEvent { action=ACTION_DOWN, keyCode=KEYCODE_BACK, scanCode=0, metaState=0, flags=0x0, repeatCount=0, eventTime=712375481, downTime=712375481, deviceId=-1, source=0x101 }
08-04 13:52:39.077 25155 25155 I Input   : injectKeyEvent: KeyEvent { action=ACTION_UP, keyCode=KEYCODE_BACK, scanCode=0, metaState=0, flags=0x0, repeatCount=0, eventTime=712375481, downTime=712375481, deviceId=-1, source=0x101 }
08-04 13:52:39.083 25155 25155 D AndroidRuntime: Shutting down VM
08-04 13:52:39.115 21560 21599 I art     : Starting a blocking GC Explicit
08-04 13:52:39.127 13866 13866 I GoogleInputMethodServic: GoogleInputMethodService.onFinishInput():3138 
08-04 13:52:39.127 13866 13866 I GoogleInputMethodServic: GoogleInputMethodService.onStartInput():1808 
08-04 13:52:39.140 21560 21599 I art     : Explicit concurrent mark sweep GC freed 1506(85KB) AllocSpace objects, 1(20KB) LOS objects, 22% free, 53MB/69MB, paused 499us total 24.549ms
08-04 13:52:39.149 21560 21599 I art     : Starting a blocking GC Explicit
08-04 13:52:39.174 21560 21599 I art     : Explicit concurrent mark sweep GC freed 42(1424B) AllocSpace objects, 0(0B) LOS objects, 22% free, 53MB/69MB, paused 518us total 24.544ms
08-04 13:52:39.183 21560 21599 I art     : Starting a blocking GC Explicit
08-04 13:52:39.203 21560 21599 I art     : Explicit concurrent mark sweep GC freed 6(224B) AllocSpace objects, 0(0B) LOS objects, 22% free, 53MB/69MB, paused 455us total 20.521ms
08-04 13:52:39.211 21560 21599 I art     : Starting a blocking GC Explicit
08-04 13:52:39.233 21560 21599 I art     : Explicit concurrent mark sweep GC freed 3(96B) AllocSpace objects, 0(0B) LOS objects, 22% free, 53MB/69MB, paused 454us total 21.172ms
08-04 13:52:39.242 21560 21599 I art     : Starting a blocking GC Explicit
08-04 13:52:39.264 21560 21599 I art     : Explicit concurrent mark sweep GC freed 3(96B) AllocSpace objects, 0(0B) LOS objects, 22% free, 53MB/69MB, paused 445us total 21.738ms
08-04 13:52:39.447   380   380 W SurfaceFlinger: couldn't log to binary event log: overflow.
08-04 13:52:39.524 21560 21573 I art     : Starting a blocking GC Explicit
08-04 13:52:39.548 21560 21573 I art     : Explicit concurrent mark sweep GC freed 1453(86KB) AllocSpace objects, 1(20KB) LOS objects, 22% free, 53MB/69MB, paused 555us total 24.205ms
08-04 13:52:39.558 21560 21573 I art     : Starting a blocking GC Explicit
08-04 13:52:39.581 21560 21573 I art     : Explicit concurrent mark sweep GC freed 1671(107KB) AllocSpace objects, 3(180KB) LOS objects, 22% free, 53MB/69MB, paused 506us total 23.420ms
08-04 13:52:39.590 21560 21573 I art     : Starting a blocking GC Explicit
08-04 13:52:39.614 21560 21573 I art     : Explicit concurrent mark sweep GC freed 3(96B) AllocSpace objects, 0(0B) LOS objects, 22% free, 53MB/69MB, paused 515us total 23.629ms
08-04 13:52:39.623 21560 21573 I art     : Starting a blocking GC Explicit
08-04 13:52:39.627 17572 17572 I ServiceManager: Waiting for service AtCmdFwd...
08-04 13:52:39.648 21560 21573 I art     : Explicit concurrent mark sweep GC freed 3(96B) AllocSpace objects, 0(0B) LOS objects, 22% free, 53MB/69MB, paused 524us total 24.147ms
08-04 13:52:39.657 21560 21573 I art     : Starting a blocking GC Explicit
08-04 13:52:39.681 21560 21573 I art     : Explicit concurrent mark sweep GC freed 3(96B) AllocSpace objects, 0(0B) LOS objects, 22% free, 53MB/69MB, paused 518us total 23.875ms
08-04 13:52:39.960 21560 21572 I art     : Starting a blocking GC Explicit
08-04 13:52:39.996 21560 21572 I art     : Explicit concurrent mark sweep GC freed 1344(78KB) AllocSpace objects, 1(20KB) LOS objects, 22% free, 53MB/69MB, paused 638us total 34.849ms
08-04 13:52:40.008 21560 21572 I art     : Starting a blocking GC Explicit
08-04 13:52:40.032 21560 21572 I art     : Explicit concurrent mark sweep GC freed 20(704B) AllocSpace objects, 0(0B) LOS objects, 22% free, 53MB/69MB, paused 504us total 23.761ms
08-04 13:52:40.041 21560 21572 I art     : Starting a blocking GC Explicit
08-04 13:52:40.066 21560 21572 I art     : Explicit concurrent mark sweep GC freed 3(96B) AllocSpace objects, 0(0B) LOS objects, 22% free, 53MB/69MB, paused 522us total 24.355ms
08-04 13:52:40.075 21560 21572 I art     : Starting a blocking GC Explicit
08-04 13:52:40.100 21560 21572 I art     : Explicit concurrent mark sweep GC freed 3(96B) AllocSpace objects, 0(0B) LOS objects, 22% free, 53MB/69MB, paused 575us total 24.329ms
08-04 13:52:40.109 21560 21572 I art     : Starting a blocking GC Explicit
08-04 13:52:40.134 21560 21572 I art     : Explicit concurrent mark sweep GC freed 3(96B) AllocSpace objects, 0(0B) LOS objects, 22% free, 53MB/69MB, paused 502us total 24.461ms
08-04 13:52:40.425 21560 21599 I art     : Starting a blocking GC Explicit
08-04 13:52:40.449 21560 21599 I art     : Explicit concurrent mark sweep GC freed 1344(78KB) AllocSpace objects, 1(20KB) LOS objects, 22% free, 53MB/69MB, paused 514us total 23.998ms
08-04 13:52:40.459 21560 21599 I art     : Starting a blocking GC Explicit
08-04 13:52:40.482 21560 21599 I art     : Explicit concurrent mark sweep GC freed 20(720B) AllocSpace objects, 0(0B) LOS objects, 22% free, 53MB/69MB, paused 501us total 22.833ms
08-04 13:52:40.491 21560 21599 I art     : Starting a blocking GC Explicit
08-04 13:52:40.513 21560 21599 I art     : Explicit concurrent mark sweep GC freed 3(96B) AllocSpace objects, 0(0B) LOS objects, 22% free, 53MB/69MB, paused 514us total 22.451ms
08-04 13:52:40.522 21560 21599 I art     : Starting a blocking GC Explicit
08-04 13:52:40.544 21560 21599 I art     : Explicit concurrent mark sweep GC freed 3(96B) AllocSpace objects, 0(0B) LOS objects, 22% free, 53MB/69MB, paused 482us total 21.354ms
08-04 13:52:40.552 21560 21599 I art     : Starting a blocking GC Explicit
08-04 13:52:40.573 21560 21599 I art     : Explicit concurrent mark sweep GC freed 3(96B) AllocSpace objects, 0(0B) LOS objects, 22% free, 53MB/69MB, paused 482us total 20.541ms
08-04 13:52:40.628 17572 17572 I ServiceManager: Waiting for service AtCmdFwd...
08-04 13:52:40.744 25210 25210 D AndroidRuntime: >>>>>> START com.android.internal.os.RuntimeInit uid 2000 <<<<<<
08-04 13:52:40.750 25210 25210 D AndroidRuntime: CheckJNI is OFF
08-04 13:52:40.782 25210 25210 D ICU     : No timezone override file found: /data/misc/zoneinfo/current/icu/icu_tzdata.dat
08-04 13:52:40.814 25210 25210 I Radio-JNI: register_android_hardware_Radio DONE
08-04 13:52:40.835 25210 25210 D AndroidRuntime: Calling main entry com.android.commands.input.Input
08-04 13:52:40.837 25210 25210 I Input   : injectMotionEvent: MotionEvent { action=ACTION_DOWN, actionButton=0, id[0]=0, x[0]=255.0, y[0]=1845.0, toolType[0]=TOOL_TYPE_UNKNOWN, buttonState=0, metaState=0, flags=0x0, edgeFlags=0x0, pointerCount=1, historySize=0, eventTime=712377249, downTime=712377249, deviceId=0, source=0x1002 }
08-04 13:52:40.840 25210 25210 I Input   : injectMotionEvent: MotionEvent { action=ACTION_UP, actionButton=0, id[0]=0, x[0]=255.0, y[0]=1845.0, toolType[0]=TOOL_TYPE_UNKNOWN, buttonState=0, metaState=0, flags=0x0, edgeFlags=0x0, pointerCount=1, historySize=0, eventTime=712377249, downTime=712377249, deviceId=0, source=0x1002 }
08-04 13:52:40.841   918   928 I ActivityManager: START u0 {cmp=baseline.appteam.nith.hillffair/.activities.ClubActivity (has extras)} from uid 10651 on display 0
08-04 13:52:40.846 25210 25210 D AndroidRuntime: Shutting down VM
08-04 13:52:40.874 21560 21599 I art     : Starting a blocking GC Explicit
08-04 13:52:40.902 21560 21599 I art     : Explicit concurrent mark sweep GC freed 4729(296KB) AllocSpace objects, 1(20KB) LOS objects, 22% free, 53MB/69MB, paused 574us total 28.467ms
08-04 13:52:40.911 21560 21599 I art     : Starting a blocking GC Explicit
08-04 13:52:40.934 21560 21599 I art     : Explicit concurrent mark sweep GC freed 330(14KB) AllocSpace objects, 0(0B) LOS objects, 22% free, 53MB/69MB, paused 776us total 22.647ms
08-04 13:52:40.940   918   936 I ActivityManager: Displayed baseline.appteam.nith.hillffair/.activities.ClubActivity: +93ms
08-04 13:52:40.940 13866 13866 I GoogleInputMethodServic: GoogleInputMethodService.onFinishInput():3138 
08-04 13:52:40.941 13866 13866 I GoogleInputMethodServic: GoogleInputMethodService.onStartInput():1808 
08-04 13:52:40.943 21560 21599 I art     : Starting a blocking GC Explicit
08-04 13:52:40.969 21560 21599 I art     : Explicit concurrent mark sweep GC freed 142(7KB) AllocSpace objects, 0(0B) LOS objects, 22% free, 53MB/69MB, paused 607us total 25.552ms
08-04 13:52:40.979 21560 21599 I art     : Starting a blocking GC Explicit
08-04 13:52:41.001 21560 21599 I art     : Explicit concurrent mark sweep GC freed 19(800B) AllocSpace objects, 0(0B) LOS objects, 22% free, 53MB/69MB, paused 491us total 22.037ms
08-04 13:52:41.009 21560 21599 I art     : Starting a blocking GC Explicit
08-04 13:52:41.030 21560 21599 I art     : Explicit concurrent mark sweep GC freed 3(96B) AllocSpace objects, 0(0B) LOS objects, 22% free, 53MB/69MB, paused 524us total 20.977ms
08-04 13:52:41.200   380   380 W SurfaceFlinger: couldn't log to binary event log: overflow.
08-04 13:52:41.283 21560 22049 I art     : Starting a blocking GC Explicit
08-04 13:52:41.306 21560 22049 I art     : Explicit concurrent mark sweep GC freed 1344(78KB) AllocSpace objects, 1(20KB) LOS objects, 22% free, 53MB/69MB, paused 513us total 22.986ms
08-04 13:52:41.316 21560 22049 I art     : Starting a blocking GC Explicit
08-04 13:52:41.345 21560 22049 I art     : Explicit concurrent mark sweep GC freed 126(6KB) AllocSpace objects, 0(0B) LOS objects, 22% free, 53MB/69MB, paused 567us total 29.112ms
08-04 13:52:41.354 21560 22049 I art     : Starting a blocking GC Explicit
08-04 13:52:41.376 21560 22049 I art     : Explicit concurrent mark sweep GC freed 13(480B) AllocSpace objects, 0(0B) LOS objects, 22% free, 53MB/69MB, paused 547us total 22.158ms
08-04 13:52:41.385 21560 22049 I art     : Starting a blocking GC Explicit
08-04 13:52:41.410 21560 22049 I art     : Explicit concurrent mark sweep GC freed 13(480B) AllocSpace objects, 0(0B) LOS objects, 22% free, 53MB/69MB, paused 559us total 24.309ms
08-04 13:52:41.419 21560 22049 I art     : Starting a blocking GC Explicit
08-04 13:52:41.442 21560 22049 I art     : Explicit concurrent mark sweep GC freed 13(480B) AllocSpace objects, 0(0B) LOS objects, 22% free, 53MB/69MB, paused 581us total 23.498ms
08-04 13:52:41.628 17572 17572 I ServiceManager: Waiting for service AtCmdFwd...
08-04 13:52:41.691 21560 25240 D OkHttp  : --> GET https://api-hillfair-2k16.herokuapp.com/api/app/club/Technical%20Committee http/1.1
08-04 13:52:41.720 21560 25240 D OkHttp  : <-- 200 OK https://api-hillfair-2k16.herokuapp.com/api/app/club/Technical%20Committee (29ms, 1171-byte body)
08-04 13:52:41.732 21560 21572 I art     : Starting a blocking GC Explicit
08-04 13:52:41.760 21560 21572 I art     : Explicit concurrent mark sweep GC freed 4212(251KB) AllocSpace objects, 4(220KB) LOS objects, 22% free, 54MB/70MB, paused 645us total 27.207ms
08-04 13:52:41.769 21560 21572 I art     : Starting a blocking GC Explicit
08-04 13:52:41.784 21560 21560 I NAPPA_EXPERIMENTATION: MetricNetworkRequestExecutionTime: REQUEST_DURATION_SYSTEM='911',REQUEST_DURATION_OKHTTP='29',REQUEST_SYNCHRONOUS='FALSE',RESPONSE_CODE='200',RESPONSE_METHOD='GET',RESPONSE_LENGTH_OKHTTP='1171',RESPONSE_LENGTH_HEADER='1171',REQUEST_PROTOCOL='http/1.1',REQUEST_URL='https://api-hillfair-2k16.herokuapp.com/api/app/club/Technical%20Committee',
08-04 13:52:41.793 21560 21572 I art     : Explicit concurrent mark sweep GC freed 1185(139KB) AllocSpace objects, 0(0B) LOS objects, 22% free, 54MB/70MB, paused 627us total 23.898ms
08-04 13:52:41.802 21560 21572 I art     : Starting a blocking GC Explicit
08-04 13:52:41.824 21560 21572 I art     : Explicit concurrent mark sweep GC freed 483(72KB) AllocSpace objects, 0(0B) LOS objects, 22% free, 54MB/70MB, paused 518us total 22.011ms
08-04 13:52:41.832 21560 21572 I art     : Starting a blocking GC Explicit
08-04 13:52:41.855 21560 21572 I art     : Explicit concurrent mark sweep GC freed 43(1568B) AllocSpace objects, 0(0B) LOS objects, 22% free, 54MB/70MB, paused 546us total 22.411ms
08-04 13:52:41.864 21560 21572 I art     : Starting a blocking GC Explicit
08-04 13:52:41.886 21560 21572 I art     : Explicit concurrent mark sweep GC freed 3(96B) AllocSpace objects, 0(0B) LOS objects, 22% free, 54MB/70MB, paused 553us total 22.074ms
08-04 13:52:42.171 21560 21572 I art     : Starting a blocking GC Explicit
08-04 13:52:42.197 21560 21572 I art     : Explicit concurrent mark sweep GC freed 1344(78KB) AllocSpace objects, 1(20KB) LOS objects, 22% free, 54MB/70MB, paused 663us total 25.510ms
08-04 13:52:42.206 21560 21572 I art     : Starting a blocking GC Explicit
08-04 13:52:42.231 21560 21572 I art     : Explicit concurrent mark sweep GC freed 36(1264B) AllocSpace objects, 0(0B) LOS objects, 22% free, 54MB/70MB, paused 542us total 24.696ms
08-04 13:52:42.241 21560 21572 I art     : Starting a blocking GC Explicit
08-04 13:52:42.266 21560 21572 I art     : Explicit concurrent mark sweep GC freed 3(96B) AllocSpace objects, 0(0B) LOS objects, 22% free, 54MB/70MB, paused 536us total 24.959ms
08-04 13:52:42.275 21560 21572 I art     : Starting a blocking GC Explicit
08-04 13:52:42.301 21560 21572 I art     : Explicit concurrent mark sweep GC freed 3(96B) AllocSpace objects, 0(0B) LOS objects, 22% free, 54MB/70MB, paused 535us total 25.439ms
08-04 13:52:42.310 21560 21572 I art     : Starting a blocking GC Explicit
08-04 13:52:42.336 21560 21572 I art     : Explicit concurrent mark sweep GC freed 3(96B) AllocSpace objects, 0(0B) LOS objects, 22% free, 54MB/70MB, paused 574us total 24.953ms
08-04 13:52:42.629 17572 17572 I ServiceManager: Waiting for service AtCmdFwd...
08-04 13:52:42.651 21560 21599 I art     : Starting a blocking GC Explicit
08-04 13:52:42.682 21560 21599 I art     : Explicit concurrent mark sweep GC freed 1345(78KB) AllocSpace objects, 1(20KB) LOS objects, 22% free, 54MB/70MB, paused 540us total 29.915ms
08-04 13:52:42.691 21560 21599 I art     : Starting a blocking GC Explicit
08-04 13:52:42.717 21560 21599 I art     : Explicit concurrent mark sweep GC freed 20(704B) AllocSpace objects, 0(0B) LOS objects, 22% free, 54MB/70MB, paused 585us total 25.562ms
08-04 13:52:42.726 21560 21599 I art     : Starting a blocking GC Explicit
08-04 13:52:42.751 21560 21599 I art     : Explicit concurrent mark sweep GC freed 3(96B) AllocSpace objects, 0(0B) LOS objects, 22% free, 54MB/70MB, paused 548us total 24.991ms
08-04 13:52:42.761 21560 21599 I art     : Starting a blocking GC Explicit
08-04 13:52:42.787 21560 21599 I art     : Explicit concurrent mark sweep GC freed 3(96B) AllocSpace objects, 0(0B) LOS objects, 22% free, 54MB/70MB, paused 633us total 25.528ms
08-04 13:52:42.796 21560 21599 I art     : Starting a blocking GC Explicit
08-04 13:52:42.822 21560 21599 I art     : Explicit concurrent mark sweep GC freed 3(96B) AllocSpace objects, 0(0B) LOS objects, 22% free, 54MB/70MB, paused 548us total 25.323ms
08-04 13:52:43.066   918  3261 D WifiStateMachine: starting scan for "H369AA63323"WPA_PSK with 2412,5180
08-04 13:52:43.146 21560 21573 I art     : Starting a blocking GC Explicit
08-04 13:52:43.178 21560 21573 I art     : Explicit concurrent mark sweep GC freed 1344(78KB) AllocSpace objects, 1(20KB) LOS objects, 22% free, 54MB/70MB, paused 755us total 31.775ms
08-04 13:52:43.191 21560 21573 I art     : Starting a blocking GC Explicit
08-04 13:52:43.218 21560 21573 I art     : Explicit concurrent mark sweep GC freed 20(704B) AllocSpace objects, 0(0B) LOS objects, 22% free, 54MB/70MB, paused 546us total 27.038ms
08-04 13:52:43.228 21560 21573 I art     : Starting a blocking GC Explicit
08-04 13:52:43.253 21560 21573 I art     : Explicit concurrent mark sweep GC freed 3(96B) AllocSpace objects, 0(0B) LOS objects, 22% free, 54MB/70MB, paused 552us total 25.427ms
08-04 13:52:43.263 21560 21573 I art     : Starting a blocking GC Explicit
08-04 13:52:43.289 21560 21573 I art     : Explicit concurrent mark sweep GC freed 3(96B) AllocSpace objects, 0(0B) LOS objects, 22% free, 54MB/70MB, paused 527us total 25.865ms
08-04 13:52:43.298 21560 21573 I art     : Starting a blocking GC Explicit
08-04 13:52:43.324 21560 21573 I art     : Explicit concurrent mark sweep GC freed 3(96B) AllocSpace objects, 0(0B) LOS objects, 22% free, 54MB/70MB, paused 537us total 25.328ms
08-04 13:52:43.630 17572 17572 I ServiceManager: Waiting for service AtCmdFwd...
08-04 13:52:43.648 21560 22049 I art     : Starting a blocking GC Explicit
08-04 13:52:43.684 21560 22049 I art     : Explicit concurrent mark sweep GC freed 1344(78KB) AllocSpace objects, 1(20KB) LOS objects, 22% free, 54MB/70MB, paused 683us total 35.867ms
08-04 13:52:43.699 21560 22049 I art     : Starting a blocking GC Explicit
08-04 13:52:43.724 21560 22049 I art     : Explicit concurrent mark sweep GC freed 20(704B) AllocSpace objects, 0(0B) LOS objects, 22% free, 54MB/70MB, paused 532us total 25.428ms
08-04 13:52:43.734 21560 22049 I art     : Starting a blocking GC Explicit
08-04 13:52:43.759 21560 22049 I art     : Explicit concurrent mark sweep GC freed 3(96B) AllocSpace objects, 0(0B) LOS objects, 22% free, 54MB/70MB, paused 523us total 24.419ms
08-04 13:52:43.768 21560 22049 I art     : Starting a blocking GC Explicit
08-04 13:52:43.794 21560 22049 I art     : Explicit concurrent mark sweep GC freed 3(96B) AllocSpace objects, 0(0B) LOS objects, 22% free, 54MB/70MB, paused 526us total 25.418ms
08-04 13:52:43.803 21560 22049 I art     : Starting a blocking GC Explicit
08-04 13:52:43.829 21560 22049 I art     : Explicit concurrent mark sweep GC freed 3(96B) AllocSpace objects, 0(0B) LOS objects, 22% free, 54MB/70MB, paused 545us total 25.231ms
08-04 13:52:44.167 21560 21572 I art     : Starting a blocking GC Explicit
08-04 13:52:44.202 21560 21572 I art     : Explicit concurrent mark sweep GC freed 1344(78KB) AllocSpace objects, 1(20KB) LOS objects, 22% free, 54MB/70MB, paused 551us total 34.409ms
08-04 13:52:44.214 21560 21572 I art     : Starting a blocking GC Explicit
08-04 13:52:44.239 21560 21572 I art     : Explicit concurrent mark sweep GC freed 20(704B) AllocSpace objects, 0(0B) LOS objects, 22% free, 54MB/70MB, paused 555us total 25.153ms
08-04 13:52:44.248 21560 21572 I art     : Starting a blocking GC Explicit
08-04 13:52:44.273 21560 21572 I art     : Explicit concurrent mark sweep GC freed 3(96B) AllocSpace objects, 0(0B) LOS objects, 22% free, 54MB/70MB, paused 530us total 24.917ms
08-04 13:52:44.283 21560 21572 I art     : Starting a blocking GC Explicit
08-04 13:52:44.308 21560 21572 I art     : Explicit concurrent mark sweep GC freed 3(96B) AllocSpace objects, 0(0B) LOS objects, 22% free, 54MB/70MB, paused 533us total 25.313ms
08-04 13:52:44.318 21560 21572 I art     : Starting a blocking GC Explicit
08-04 13:52:44.343 21560 21572 I art     : Explicit concurrent mark sweep GC freed 3(96B) AllocSpace objects, 0(0B) LOS objects, 22% free, 54MB/70MB, paused 555us total 24.755ms
08-04 13:52:44.630 17572 17572 W Atfwd_Sendcmd: AtCmdFwd service not published, waiting... retryCnt : 4
08-04 13:52:44.665 21560 21599 I art     : Starting a blocking GC Explicit
08-04 13:52:44.697 21560 21599 I art     : Explicit concurrent mark sweep GC freed 1344(78KB) AllocSpace objects, 1(20KB) LOS objects, 22% free, 54MB/70MB, paused 598us total 31.504ms
08-04 13:52:44.711 21560 21599 I art     : Starting a blocking GC Explicit
08-04 13:52:44.736 21560 21599 I art     : Explicit concurrent mark sweep GC freed 20(704B) AllocSpace objects, 0(0B) LOS objects, 22% free, 54MB/70MB, paused 543us total 24.845ms
08-04 13:52:44.745 21560 21599 I art     : Starting a blocking GC Explicit
08-04 13:52:44.771 21560 21599 I art     : Explicit concurrent mark sweep GC freed 3(96B) AllocSpace objects, 0(0B) LOS objects, 22% free, 54MB/70MB, paused 540us total 25.124ms
08-04 13:52:44.780 21560 21599 I art     : Starting a blocking GC Explicit
08-04 13:52:44.805 21560 21599 I art     : Explicit concurrent mark sweep GC freed 3(96B) AllocSpace objects, 0(0B) LOS objects, 22% free, 54MB/70MB, paused 554us total 25.046ms
08-04 13:52:44.815 21560 21599 I art     : Starting a blocking GC Explicit
08-04 13:52:44.840 21560 21599 I art     : Explicit concurrent mark sweep GC freed 3(96B) AllocSpace objects, 0(0B) LOS objects, 22% free, 54MB/70MB, paused 541us total 24.889ms
08-04 13:52:45.169 21560 21573 I art     : Starting a blocking GC Explicit
08-04 13:52:45.194 21560 21573 I art     : Explicit concurrent mark sweep GC freed 1344(78KB) AllocSpace objects, 1(20KB) LOS objects, 22% free, 54MB/70MB, paused 562us total 24.756ms
08-04 13:52:45.204 21560 21573 I art     : Starting a blocking GC Explicit
08-04 13:52:45.226 21560 21573 I art     : Explicit concurrent mark sweep GC freed 20(704B) AllocSpace objects, 0(0B) LOS objects, 22% free, 54MB/70MB, paused 524us total 21.954ms
08-04 13:52:45.234 21560 21573 I art     : Starting a blocking GC Explicit
08-04 13:52:45.258 21560 21573 I art     : Explicit concurrent mark sweep GC freed 3(96B) AllocSpace objects, 0(0B) LOS objects, 22% free, 54MB/70MB, paused 544us total 23.436ms
08-04 13:52:45.267 21560 21573 I art     : Starting a blocking GC Explicit
08-04 13:52:45.291 21560 21573 I art     : Explicit concurrent mark sweep GC freed 3(96B) AllocSpace objects, 0(0B) LOS objects, 22% free, 54MB/70MB, paused 534us total 23.605ms
08-04 13:52:45.300 21560 21573 I art     : Starting a blocking GC Explicit
08-04 13:52:45.324 21560 21573 I art     : Explicit concurrent mark sweep GC freed 3(96B) AllocSpace objects, 0(0B) LOS objects, 22% free, 54MB/70MB, paused 543us total 23.787ms
08-04 13:52:45.518 25331 25331 D AndroidRuntime: >>>>>> START com.android.internal.os.RuntimeInit uid 2000 <<<<<<
08-04 13:52:45.522 25331 25331 D AndroidRuntime: CheckJNI is OFF
08-04 13:52:45.555 25331 25331 D ICU     : No timezone override file found: /data/misc/zoneinfo/current/icu/icu_tzdata.dat
08-04 13:52:45.587 25331 25331 I Radio-JNI: register_android_hardware_Radio DONE
08-04 13:52:45.610 25331 25331 D AndroidRuntime: Calling main entry com.android.commands.input.Input
08-04 13:52:45.612 25331 25331 I Input   : injectKeyEvent: KeyEvent { action=ACTION_DOWN, keyCode=KEYCODE_BACK, scanCode=0, metaState=0, flags=0x0, repeatCount=0, eventTime=712382025, downTime=712382025, deviceId=-1, source=0x101 }
08-04 13:52:45.616 25331 25331 I Input   : injectKeyEvent: KeyEvent { action=ACTION_UP, keyCode=KEYCODE_BACK, scanCode=0, metaState=0, flags=0x0, repeatCount=0, eventTime=712382025, downTime=712382025, deviceId=-1, source=0x101 }
08-04 13:52:45.621 25331 25331 D AndroidRuntime: Shutting down VM
08-04 13:52:45.638 21560 21573 I art     : Starting a blocking GC Explicit
08-04 13:52:45.660 13866 13866 I GoogleInputMethodServic: GoogleInputMethodService.onFinishInput():3138 
08-04 13:52:45.660 13866 13866 I GoogleInputMethodServic: GoogleInputMethodService.onStartInput():1808 
08-04 13:52:45.662 21560 21573 I art     : Explicit concurrent mark sweep GC freed 1490(84KB) AllocSpace objects, 1(20KB) LOS objects, 22% free, 54MB/70MB, paused 507us total 23.569ms
08-04 13:52:45.671 21560 21573 I art     : Starting a blocking GC Explicit
08-04 13:52:45.696 21560 21573 I art     : Explicit concurrent mark sweep GC freed 55(1984B) AllocSpace objects, 0(0B) LOS objects, 22% free, 54MB/70MB, paused 501us total 24.833ms
08-04 13:52:45.705 21560 21573 I art     : Starting a blocking GC Explicit
08-04 13:52:45.728 21560 21573 I art     : Explicit concurrent mark sweep GC freed 10(384B) AllocSpace objects, 0(0B) LOS objects, 22% free, 54MB/70MB, paused 486us total 22.907ms
08-04 13:52:45.737 21560 21573 I art     : Starting a blocking GC Explicit
08-04 13:52:45.757 21560 21573 I art     : Explicit concurrent mark sweep GC freed 3(96B) AllocSpace objects, 0(0B) LOS objects, 22% free, 54MB/70MB, paused 487us total 20.405ms
08-04 13:52:45.765 21560 21573 I art     : Starting a blocking GC Explicit
08-04 13:52:45.788 21560 21573 I art     : Explicit concurrent mark sweep GC freed 3(96B) AllocSpace objects, 0(0B) LOS objects, 22% free, 54MB/70MB, paused 465us total 22.671ms
08-04 13:52:45.987   380   380 W SurfaceFlinger: couldn't log to binary event log: overflow.
08-04 13:52:46.054 21560 21599 I art     : Starting a blocking GC Explicit
08-04 13:52:46.079 21560 21599 I art     : Explicit concurrent mark sweep GC freed 1453(86KB) AllocSpace objects, 1(20KB) LOS objects, 22% free, 54MB/70MB, paused 555us total 24.128ms
08-04 13:52:46.087 21560 21599 I art     : Starting a blocking GC Explicit
08-04 13:52:46.111 21560 21599 I art     : Explicit concurrent mark sweep GC freed 1670(108KB) AllocSpace objects, 3(180KB) LOS objects, 22% free, 53MB/69MB, paused 528us total 23.366ms
08-04 13:52:46.119 21560 21599 I art     : Starting a blocking GC Explicit
08-04 13:52:46.142 21560 21599 I art     : Explicit concurrent mark sweep GC freed 3(96B) AllocSpace objects, 0(0B) LOS objects, 22% free, 53MB/69MB, paused 542us total 22.942ms
08-04 13:52:46.151 21560 21599 I art     : Starting a blocking GC Explicit
08-04 13:52:46.174 21560 21599 I art     : Explicit concurrent mark sweep GC freed 3(96B) AllocSpace objects, 0(0B) LOS objects, 22% free, 53MB/69MB, paused 502us total 23.259ms
08-04 13:52:46.184 21560 21599 I art     : Starting a blocking GC Explicit
08-04 13:52:46.208 21560 21599 I art     : Explicit concurrent mark sweep GC freed 3(96B) AllocSpace objects, 0(0B) LOS objects, 22% free, 53MB/69MB, paused 606us total 23.732ms
08-04 13:52:46.494 21560 22049 I art     : Starting a blocking GC Explicit
08-04 13:52:46.529 21560 22049 I art     : Explicit concurrent mark sweep GC freed 1344(78KB) AllocSpace objects, 1(20KB) LOS objects, 22% free, 53MB/69MB, paused 625us total 34.066ms
08-04 13:52:46.542 21560 22049 I art     : Starting a blocking GC Explicit
08-04 13:52:46.567 21560 22049 I art     : Explicit concurrent mark sweep GC freed 20(704B) AllocSpace objects, 0(0B) LOS objects, 22% free, 53MB/69MB, paused 629us total 25.384ms
08-04 13:52:46.577 21560 22049 I art     : Starting a blocking GC Explicit
08-04 13:52:46.602 21560 22049 I art     : Explicit concurrent mark sweep GC freed 3(96B) AllocSpace objects, 0(0B) LOS objects, 22% free, 53MB/69MB, paused 534us total 24.781ms
08-04 13:52:46.611 21560 22049 I art     : Starting a blocking GC Explicit
08-04 13:52:46.636 21560 22049 I art     : Explicit concurrent mark sweep GC freed 3(96B) AllocSpace objects, 0(0B) LOS objects, 22% free, 53MB/69MB, paused 538us total 24.662ms
08-04 13:52:46.645 21560 22049 I art     : Starting a blocking GC Explicit
08-04 13:52:46.670 21560 22049 I art     : Explicit concurrent mark sweep GC freed 3(96B) AllocSpace objects, 0(0B) LOS objects, 22% free, 53MB/69MB, paused 524us total 24.413ms
08-04 13:52:46.944 21560 21572 I art     : Starting a blocking GC Explicit
08-04 13:52:46.969 21560 21572 I art     : Explicit concurrent mark sweep GC freed 1344(78KB) AllocSpace objects, 1(20KB) LOS objects, 22% free, 53MB/69MB, paused 553us total 24.011ms
08-04 13:52:46.978 21560 21572 I art     : Starting a blocking GC Explicit
08-04 13:52:47.001 21560 21572 I art     : Explicit concurrent mark sweep GC freed 20(704B) AllocSpace objects, 0(0B) LOS objects, 22% free, 53MB/69MB, paused 550us total 23.560ms
08-04 13:52:47.010 21560 21572 I art     : Starting a blocking GC Explicit
08-04 13:52:47.034 21560 21572 I art     : Explicit concurrent mark sweep GC freed 3(96B) AllocSpace objects, 0(0B) LOS objects, 22% free, 53MB/69MB, paused 534us total 23.351ms
08-04 13:52:47.043 21560 21572 I art     : Starting a blocking GC Explicit
08-04 13:52:47.066 21560 21572 I art     : Explicit concurrent mark sweep GC freed 3(96B) AllocSpace objects, 0(0B) LOS objects, 22% free, 53MB/69MB, paused 537us total 22.859ms
08-04 13:52:47.075 21560 21572 I art     : Starting a blocking GC Explicit
08-04 13:52:47.098 21560 21572 I art     : Explicit concurrent mark sweep GC freed 3(96B) AllocSpace objects, 0(0B) LOS objects, 22% free, 53MB/69MB, paused 537us total 22.766ms
08-04 13:52:47.282 25380 25380 D AndroidRuntime: >>>>>> START com.android.internal.os.RuntimeInit uid 2000 <<<<<<
08-04 13:52:47.287 25380 25380 D AndroidRuntime: CheckJNI is OFF
08-04 13:52:47.320 25380 25380 D ICU     : No timezone override file found: /data/misc/zoneinfo/current/icu/icu_tzdata.dat
08-04 13:52:47.353 25380 25380 I Radio-JNI: register_android_hardware_Radio DONE
08-04 13:52:47.369 21560 21573 I art     : Starting a blocking GC Explicit
08-04 13:52:47.375 25380 25380 D AndroidRuntime: Calling main entry com.android.commands.input.Input
08-04 13:52:47.377 25380 25380 I Input   : injectMotionEvent: MotionEvent { action=ACTION_DOWN, actionButton=0, id[0]=0, x[0]=255.0, y[0]=1845.0, toolType[0]=TOOL_TYPE_UNKNOWN, buttonState=0, metaState=0, flags=0x0, edgeFlags=0x0, pointerCount=1, historySize=0, eventTime=712383790, downTime=712383790, deviceId=0, source=0x1002 }
08-04 13:52:47.381 25380 25380 I Input   : injectMotionEvent: MotionEvent { action=ACTION_UP, actionButton=0, id[0]=0, x[0]=255.0, y[0]=1845.0, toolType[0]=TOOL_TYPE_UNKNOWN, buttonState=0, metaState=0, flags=0x0, edgeFlags=0x0, pointerCount=1, historySize=0, eventTime=712383790, downTime=712383790, deviceId=0, source=0x1002 }
08-04 13:52:47.383   918  4400 I ActivityManager: START u0 {cmp=baseline.appteam.nith.hillffair/.activities.ClubActivity (has extras)} from uid 10651 on display 0
08-04 13:52:47.390 25380 25380 D AndroidRuntime: Shutting down VM
08-04 13:52:47.393 21560 21573 I art     : Explicit concurrent mark sweep GC freed 1382(79KB) AllocSpace objects, 1(20KB) LOS objects, 22% free, 53MB/69MB, paused 556us total 23.588ms
08-04 13:52:47.403 21560 21573 I art     : Starting a blocking GC Explicit
08-04 13:52:47.429 21560 21573 I art     : Explicit concurrent mark sweep GC freed 3555(233KB) AllocSpace objects, 0(0B) LOS objects, 22% free, 54MB/70MB, paused 1.318ms total 25.758ms
08-04 13:52:47.438 21560 21573 I art     : Starting a blocking GC Explicit
08-04 13:52:47.460 21560 21573 I art     : Explicit concurrent mark sweep GC freed 348(62KB) AllocSpace objects, 0(0B) LOS objects, 22% free, 53MB/69MB, paused 730us total 21.732ms
08-04 13:52:47.469 21560 21560 I NAPPA_EXPERIMENTATION: MetricNetworkRequestExecutionTime: REQUEST_DURATION_SYSTEM='50',REQUEST_DURATION_OKHTTP='29',REQUEST_SYNCHRONOUS='FALSE',RESPONSE_CODE='200',RESPONSE_METHOD='GET',RESPONSE_LENGTH_OKHTTP='1171',RESPONSE_LENGTH_HEADER='-2',REQUEST_PROTOCOL='http/1.1',REQUEST_URL='https://api-hillfair-2k16.herokuapp.com/api/app/club/Technical%20Committee',
08-04 13:52:47.470 21560 21573 I art     : Starting a blocking GC Explicit
08-04 13:52:47.475   918   936 I ActivityManager: Displayed baseline.appteam.nith.hillffair/.activities.ClubActivity: +85ms
08-04 13:52:47.482 13866 13866 I GoogleInputMethodServic: GoogleInputMethodService.onFinishInput():3138 
08-04 13:52:47.482 13866 13866 I GoogleInputMethodServic: GoogleInputMethodService.onStartInput():1808 
08-04 13:52:47.491 21560 21573 I art     : Explicit concurrent mark sweep GC freed 704(51KB) AllocSpace objects, 0(0B) LOS objects, 22% free, 54MB/70MB, paused 527us total 20.880ms
08-04 13:52:47.501 21560 21573 I art     : Starting a blocking GC Explicit
08-04 13:52:47.523 21560 21573 I art     : Explicit concurrent mark sweep GC freed 79(2672B) AllocSpace objects, 0(0B) LOS objects, 22% free, 54MB/70MB, paused 536us total 21.675ms
08-04 13:52:47.739   380   380 W SurfaceFlinger: couldn't log to binary event log: overflow.
08-04 13:52:47.805 21560 22049 I art     : Starting a blocking GC Explicit
08-04 13:52:47.829 21560 22049 I art     : Explicit concurrent mark sweep GC freed 1349(78KB) AllocSpace objects, 1(20KB) LOS objects, 22% free, 54MB/70MB, paused 493us total 23.649ms
08-04 13:52:47.838 21560 22049 I art     : Starting a blocking GC Explicit
08-04 13:52:47.867 21560 22049 I art     : Explicit concurrent mark sweep GC freed 110(5KB) AllocSpace objects, 0(0B) LOS objects, 22% free, 54MB/70MB, paused 568us total 28.831ms
08-04 13:52:47.875 21560 22049 I art     : Starting a blocking GC Explicit
08-04 13:52:47.897 21560 22049 I art     : Explicit concurrent mark sweep GC freed 13(496B) AllocSpace objects, 0(0B) LOS objects, 22% free, 54MB/70MB, paused 507us total 21.584ms
08-04 13:52:47.906 21560 22049 I art     : Starting a blocking GC Explicit
08-04 13:52:47.929 21560 22049 I art     : Explicit concurrent mark sweep GC freed 3(96B) AllocSpace objects, 0(0B) LOS objects, 22% free, 54MB/70MB, paused 501us total 22.303ms
08-04 13:52:47.937 21560 22049 I art     : Starting a blocking GC Explicit
08-04 13:52:47.961 21560 22049 I art     : Explicit concurrent mark sweep GC freed 3(96B) AllocSpace objects, 0(0B) LOS objects, 22% free, 54MB/70MB, paused 529us total 22.927ms
08-04 13:52:48.245 21560 21599 I art     : Starting a blocking GC Explicit
08-04 13:52:48.272 21560 21599 I art     : Explicit concurrent mark sweep GC freed 1344(78KB) AllocSpace objects, 1(20KB) LOS objects, 22% free, 54MB/70MB, paused 543us total 25.972ms
08-04 13:52:48.281 21560 21599 I art     : Starting a blocking GC Explicit
08-04 13:52:48.307 21560 21599 I art     : Explicit concurrent mark sweep GC freed 36(1264B) AllocSpace objects, 0(0B) LOS objects, 22% free, 54MB/70MB, paused 621us total 25.790ms
08-04 13:52:48.317 21560 21599 I art     : Starting a blocking GC Explicit
08-04 13:52:48.343 21560 21599 I art     : Explicit concurrent mark sweep GC freed 3(96B) AllocSpace objects, 0(0B) LOS objects, 22% free, 54MB/70MB, paused 535us total 25.963ms
08-04 13:52:48.352 21560 21599 I art     : Starting a blocking GC Explicit
08-04 13:52:48.378 21560 21599 I art     : Explicit concurrent mark sweep GC freed 3(96B) AllocSpace objects, 0(0B) LOS objects, 22% free, 54MB/70MB, paused 563us total 25.735ms
08-04 13:52:48.388 21560 21599 I art     : Starting a blocking GC Explicit
08-04 13:52:48.413 21560 21599 I art     : Explicit concurrent mark sweep GC freed 3(96B) AllocSpace objects, 0(0B) LOS objects, 22% free, 54MB/70MB, paused 535us total 25.110ms
08-04 13:52:48.715 21560 21573 I art     : Starting a blocking GC Explicit
08-04 13:52:48.751 21560 21573 I art     : Explicit concurrent mark sweep GC freed 1344(78KB) AllocSpace objects, 1(20KB) LOS objects, 22% free, 54MB/70MB, paused 582us total 35.045ms
08-04 13:52:48.764 21560 21573 I art     : Starting a blocking GC Explicit
08-04 13:52:48.790 21560 21573 I art     : Explicit concurrent mark sweep GC freed 20(704B) AllocSpace objects, 0(0B) LOS objects, 22% free, 54MB/70MB, paused 538us total 26.141ms
08-04 13:52:48.800 21560 21573 I art     : Starting a blocking GC Explicit
08-04 13:52:48.826 21560 21573 I art     : Explicit concurrent mark sweep GC freed 3(96B) AllocSpace objects, 0(0B) LOS objects, 22% free, 54MB/70MB, paused 554us total 25.934ms
08-04 13:52:48.835 21560 21573 I art     : Starting a blocking GC Explicit
08-04 13:52:48.861 21560 21573 I art     : Explicit concurrent mark sweep GC freed 3(96B) AllocSpace objects, 0(0B) LOS objects, 22% free, 54MB/70MB, paused 538us total 25.766ms
08-04 13:52:48.871 21560 21573 I art     : Starting a blocking GC Explicit
08-04 13:52:48.897 21560 21573 I art     : Explicit concurrent mark sweep GC freed 3(96B) AllocSpace objects, 0(0B) LOS objects, 22% free, 54MB/70MB, paused 537us total 25.649ms
08-04 13:52:49.224 21560 22049 I art     : Starting a blocking GC Explicit
08-04 13:52:49.256 21560 22049 I art     : Explicit concurrent mark sweep GC freed 1344(78KB) AllocSpace objects, 1(20KB) LOS objects, 22% free, 54MB/70MB, paused 602us total 32.163ms
08-04 13:52:49.270 21560 22049 I art     : Starting a blocking GC Explicit
08-04 13:52:49.294 21560 22049 I art     : Explicit concurrent mark sweep GC freed 20(704B) AllocSpace objects, 0(0B) LOS objects, 22% free, 54MB/70MB, paused 534us total 24.515ms
08-04 13:52:49.304 21560 22049 I art     : Starting a blocking GC Explicit
08-04 13:52:49.329 21560 22049 I art     : Explicit concurrent mark sweep GC freed 3(96B) AllocSpace objects, 0(0B) LOS objects, 22% free, 54MB/70MB, paused 558us total 25.097ms
08-04 13:52:49.338 21560 22049 I art     : Starting a blocking GC Explicit
08-04 13:52:49.364 21560 22049 I art     : Explicit concurrent mark sweep GC freed 3(96B) AllocSpace objects, 0(0B) LOS objects, 22% free, 54MB/70MB, paused 536us total 25.643ms
08-04 13:52:49.374 21560 22049 I art     : Starting a blocking GC Explicit
08-04 13:52:49.399 21560 22049 I art     : Explicit concurrent mark sweep GC freed 3(96B) AllocSpace objects, 0(0B) LOS objects, 22% free, 54MB/70MB, paused 541us total 25.009ms
08-04 13:52:49.719 21560 21572 I art     : Starting a blocking GC Explicit
08-04 13:52:49.749 21560 21572 I art     : Explicit concurrent mark sweep GC freed 1344(78KB) AllocSpace objects, 1(20KB) LOS objects, 22% free, 54MB/70MB, paused 606us total 30.306ms
08-04 13:52:49.761 21560 21572 I art     : Starting a blocking GC Explicit
08-04 13:52:49.786 21560 21572 I art     : Explicit concurrent mark sweep GC freed 20(704B) AllocSpace objects, 0(0B) LOS objects, 22% free, 54MB/70MB, paused 545us total 24.730ms
08-04 13:52:49.795 21560 21572 I art     : Starting a blocking GC Explicit
08-04 13:52:49.821 21560 21572 I art     : Explicit concurrent mark sweep GC freed 3(96B) AllocSpace objects, 0(0B) LOS objects, 22% free, 54MB/70MB, paused 542us total 25.337ms
08-04 13:52:49.830 21560 21572 I art     : Starting a blocking GC Explicit
08-04 13:52:49.856 21560 21572 I art     : Explicit concurrent mark sweep GC freed 3(96B) AllocSpace objects, 0(0B) LOS objects, 22% free, 54MB/70MB, paused 537us total 25.611ms
08-04 13:52:49.865 21560 21572 I art     : Starting a blocking GC Explicit
08-04 13:52:49.891 21560 21572 I art     : Explicit concurrent mark sweep GC freed 3(96B) AllocSpace objects, 0(0B) LOS objects, 22% free, 54MB/70MB, paused 546us total 25.476ms
08-04 13:52:50.213 21560 21599 I art     : Starting a blocking GC Explicit
08-04 13:52:50.250 21560 21599 I art     : Explicit concurrent mark sweep GC freed 1344(78KB) AllocSpace objects, 1(20KB) LOS objects, 22% free, 54MB/70MB, paused 585us total 36.184ms
08-04 13:52:50.263 21560 21599 I art     : Starting a blocking GC Explicit
08-04 13:52:50.290 21560 21599 I art     : Explicit concurrent mark sweep GC freed 20(704B) AllocSpace objects, 0(0B) LOS objects, 22% free, 54MB/70MB, paused 547us total 27.038ms
08-04 13:52:50.299 21560 21599 I art     : Starting a blocking GC Explicit
08-04 13:52:50.325 21560 21599 I art     : Explicit concurrent mark sweep GC freed 3(96B) AllocSpace objects, 0(0B) LOS objects, 22% free, 54MB/70MB, paused 541us total 25.781ms
08-04 13:52:50.335 21560 21599 I art     : Starting a blocking GC Explicit
08-04 13:52:50.361 21560 21599 I art     : Explicit concurrent mark sweep GC freed 3(96B) AllocSpace objects, 0(0B) LOS objects, 22% free, 54MB/70MB, paused 537us total 25.853ms
08-04 13:52:50.371 21560 21599 I art     : Starting a blocking GC Explicit
08-04 13:52:50.396 21560 21599 I art     : Explicit concurrent mark sweep GC freed 3(96B) AllocSpace objects, 0(0B) LOS objects, 22% free, 54MB/70MB, paused 522us total 25.004ms
08-04 13:52:50.711 21560 21573 I art     : Starting a blocking GC Explicit
08-04 13:52:50.743 21560 21573 I art     : Explicit concurrent mark sweep GC freed 1344(78KB) AllocSpace objects, 1(20KB) LOS objects, 22% free, 54MB/70MB, paused 587us total 31.859ms
08-04 13:52:50.756 21560 21573 I art     : Starting a blocking GC Explicit
08-04 13:52:50.781 21560 21573 I art     : Explicit concurrent mark sweep GC freed 20(704B) AllocSpace objects, 0(0B) LOS objects, 22% free, 54MB/70MB, paused 598us total 24.626ms
08-04 13:52:50.790 21560 21573 I art     : Starting a blocking GC Explicit
08-04 13:52:50.815 21560 21573 I art     : Explicit concurrent mark sweep GC freed 3(96B) AllocSpace objects, 0(0B) LOS objects, 22% free, 54MB/70MB, paused 540us total 24.788ms
08-04 13:52:50.825 21560 21573 I art     : Starting a blocking GC Explicit
08-04 13:52:50.850 21560 21573 I art     : Explicit concurrent mark sweep GC freed 3(96B) AllocSpace objects, 0(0B) LOS objects, 22% free, 54MB/70MB, paused 531us total 24.921ms
08-04 13:52:50.859 21560 21573 I art     : Starting a blocking GC Explicit
08-04 13:52:50.885 21560 21573 I art     : Explicit concurrent mark sweep GC freed 3(96B) AllocSpace objects, 0(0B) LOS objects, 22% free, 54MB/70MB, paused 546us total 25.619ms
08-04 13:52:51.214 21560 22049 I art     : Starting a blocking GC Explicit
08-04 13:52:51.245 21560 22049 I art     : Explicit concurrent mark sweep GC freed 1344(78KB) AllocSpace objects, 1(20KB) LOS objects, 22% free, 54MB/70MB, paused 552us total 31.088ms
08-04 13:52:51.258 21560 22049 I art     : Starting a blocking GC Explicit
08-04 13:52:51.283 21560 22049 I art     : Explicit concurrent mark sweep GC freed 20(704B) AllocSpace objects, 0(0B) LOS objects, 22% free, 54MB/70MB, paused 579us total 24.699ms
08-04 13:52:51.292 21560 22049 I art     : Starting a blocking GC Explicit
08-04 13:52:51.317 21560 22049 I art     : Explicit concurrent mark sweep GC freed 3(96B) AllocSpace objects, 0(0B) LOS objects, 22% free, 54MB/70MB, paused 547us total 24.953ms
08-04 13:52:51.327 21560 22049 I art     : Starting a blocking GC Explicit
08-04 13:52:51.352 21560 22049 I art     : Explicit concurrent mark sweep GC freed 3(96B) AllocSpace objects, 0(0B) LOS objects, 22% free, 54MB/70MB, paused 528us total 25.387ms
08-04 13:52:51.362 21560 22049 I art     : Starting a blocking GC Explicit
08-04 13:52:51.387 21560 22049 I art     : Explicit concurrent mark sweep GC freed 3(96B) AllocSpace objects, 0(0B) LOS objects, 22% free, 54MB/70MB, paused 548us total 25.532ms
08-04 13:52:51.730 21560 21572 I art     : Starting a blocking GC Explicit
08-04 13:52:51.755 21560 21572 I art     : Explicit concurrent mark sweep GC freed 1344(78KB) AllocSpace objects, 1(20KB) LOS objects, 22% free, 54MB/70MB, paused 589us total 24.926ms
08-04 13:52:51.764 21560 21572 I art     : Starting a blocking GC Explicit
08-04 13:52:51.788 21560 21572 I art     : Explicit concurrent mark sweep GC freed 20(704B) AllocSpace objects, 0(0B) LOS objects, 22% free, 54MB/70MB, paused 540us total 23.292ms
08-04 13:52:51.796 21560 21572 I art     : Starting a blocking GC Explicit
08-04 13:52:51.821 21560 21572 I art     : Explicit concurrent mark sweep GC freed 3(96B) AllocSpace objects, 0(0B) LOS objects, 22% free, 54MB/70MB, paused 532us total 24.314ms
08-04 13:52:51.830 21560 21572 I art     : Starting a blocking GC Explicit
08-04 13:52:51.854 21560 21572 I art     : Explicit concurrent mark sweep GC freed 3(96B) AllocSpace objects, 0(0B) LOS objects, 22% free, 54MB/70MB, paused 558us total 23.636ms
08-04 13:52:51.863 21560 21572 I art     : Starting a blocking GC Explicit
08-04 13:52:51.887 21560 21572 I art     : Explicit concurrent mark sweep GC freed 3(96B) AllocSpace objects, 0(0B) LOS objects, 22% free, 54MB/70MB, paused 692us total 24.085ms
08-04 13:52:52.074 25496 25496 D AndroidRuntime: >>>>>> START com.android.internal.os.RuntimeInit uid 2000 <<<<<<
08-04 13:52:52.079 25496 25496 D AndroidRuntime: CheckJNI is OFF
08-04 13:52:52.111 25496 25496 D ICU     : No timezone override file found: /data/misc/zoneinfo/current/icu/icu_tzdata.dat
08-04 13:52:52.142 25496 25496 I Radio-JNI: register_android_hardware_Radio DONE
08-04 13:52:52.164 25496 25496 D AndroidRuntime: Calling main entry com.android.commands.input.Input
08-04 13:52:52.165 25496 25496 I Input   : injectKeyEvent: KeyEvent { action=ACTION_DOWN, keyCode=KEYCODE_BACK, scanCode=0, metaState=0, flags=0x0, repeatCount=0, eventTime=712388579, downTime=712388579, deviceId=-1, source=0x101 }
08-04 13:52:52.170 25496 25496 I Input   : injectKeyEvent: KeyEvent { action=ACTION_UP, keyCode=KEYCODE_BACK, scanCode=0, metaState=0, flags=0x0, repeatCount=0, eventTime=712388579, downTime=712388579, deviceId=-1, source=0x101 }
08-04 13:52:52.176 25496 25496 D AndroidRuntime: Shutting down VM
08-04 13:52:52.196 21560 21572 I art     : Starting a blocking GC Explicit
08-04 13:52:52.216 13866 13866 I GoogleInputMethodServic: GoogleInputMethodService.onFinishInput():3138 
08-04 13:52:52.217 13866 13866 I GoogleInputMethodServic: GoogleInputMethodService.onStartInput():1808 
08-04 13:52:52.219 21560 21572 I art     : Explicit concurrent mark sweep GC freed 1490(84KB) AllocSpace objects, 1(20KB) LOS objects, 22% free, 54MB/70MB, paused 522us total 23.343ms
08-04 13:52:52.229 21560 21572 I art     : Starting a blocking GC Explicit
08-04 13:52:52.254 21560 21572 I art     : Explicit concurrent mark sweep GC freed 55(1984B) AllocSpace objects, 0(0B) LOS objects, 22% free, 54MB/70MB, paused 493us total 25.464ms
08-04 13:52:52.264 21560 21572 I art     : Starting a blocking GC Explicit
08-04 13:52:52.287 21560 21572 I art     : Explicit concurrent mark sweep GC freed 10(384B) AllocSpace objects, 0(0B) LOS objects, 22% free, 54MB/70MB, paused 575us total 22.482ms
08-04 13:52:52.296 21560 21572 I art     : Starting a blocking GC Explicit
08-04 13:52:52.317 21560 21572 I art     : Explicit concurrent mark sweep GC freed 3(96B) AllocSpace objects, 0(0B) LOS objects, 22% free, 54MB/70MB, paused 478us total 20.566ms
08-04 13:52:52.325 21560 21572 I art     : Starting a blocking GC Explicit
08-04 13:52:52.346 21560 21572 I art     : Explicit concurrent mark sweep GC freed 3(96B) AllocSpace objects, 0(0B) LOS objects, 22% free, 54MB/70MB, paused 472us total 21.038ms
08-04 13:52:52.527   380   380 W SurfaceFlinger: couldn't log to binary event log: overflow.
08-04 13:52:52.618 21560 21572 I art     : Starting a blocking GC Explicit
08-04 13:52:52.643 21560 21572 I art     : Explicit concurrent mark sweep GC freed 1453(86KB) AllocSpace objects, 1(20KB) LOS objects, 22% free, 54MB/70MB, paused 536us total 25.447ms
08-04 13:52:52.652 21560 21572 I art     : Starting a blocking GC Explicit
08-04 13:52:52.677 21560 21572 I art     : Explicit concurrent mark sweep GC freed 1671(108KB) AllocSpace objects, 3(180KB) LOS objects, 22% free, 53MB/69MB, paused 528us total 24.047ms
08-04 13:52:52.686 21560 21572 I art     : Starting a blocking GC Explicit
08-04 13:52:52.711 21560 21572 I art     : Explicit concurrent mark sweep GC freed 3(96B) AllocSpace objects, 0(0B) LOS objects, 22% free, 53MB/69MB, paused 534us total 24.836ms
08-04 13:52:52.720 21560 21572 I art     : Starting a blocking GC Explicit
08-04 13:52:52.745 21560 21572 I art     : Explicit concurrent mark sweep GC freed 3(96B) AllocSpace objects, 0(0B) LOS objects, 22% free, 53MB/69MB, paused 526us total 24.165ms
08-04 13:52:52.754 21560 21572 I art     : Starting a blocking GC Explicit
08-04 13:52:52.778 21560 21572 I art     : Explicit concurrent mark sweep GC freed 3(96B) AllocSpace objects, 0(0B) LOS objects, 22% free, 53MB/69MB, paused 543us total 24.291ms
08-04 13:52:53.070 21560 21599 I art     : Starting a blocking GC Explicit
08-04 13:52:53.105 21560 21599 I art     : Explicit concurrent mark sweep GC freed 1344(78KB) AllocSpace objects, 1(20KB) LOS objects, 22% free, 53MB/69MB, paused 581us total 34.617ms
08-04 13:52:53.118 21560 21599 I art     : Starting a blocking GC Explicit
08-04 13:52:53.143 21560 21599 I art     : Explicit concurrent mark sweep GC freed 20(704B) AllocSpace objects, 0(0B) LOS objects, 22% free, 53MB/69MB, paused 537us total 25.025ms
08-04 13:52:53.153 21560 21599 I art     : Starting a blocking GC Explicit
08-04 13:52:53.178 21560 21599 I art     : Explicit concurrent mark sweep GC freed 3(96B) AllocSpace objects, 0(0B) LOS objects, 22% free, 53MB/69MB, paused 555us total 25.003ms
08-04 13:52:53.187 21560 21599 I art     : Starting a blocking GC Explicit
08-04 13:52:53.213 21560 21599 I art     : Explicit concurrent mark sweep GC freed 3(96B) AllocSpace objects, 0(0B) LOS objects, 22% free, 53MB/69MB, paused 537us total 25.266ms
08-04 13:52:53.222 21560 21599 I art     : Starting a blocking GC Explicit
08-04 13:52:53.248 21560 21599 I art     : Explicit concurrent mark sweep GC freed 3(96B) AllocSpace objects, 0(0B) LOS objects, 22% free, 53MB/69MB, paused 566us total 25.313ms
08-04 13:52:53.519 21560 21573 I art     : Starting a blocking GC Explicit
08-04 13:52:53.544 21560 21573 I art     : Explicit concurrent mark sweep GC freed 1344(78KB) AllocSpace objects, 1(20KB) LOS objects, 22% free, 53MB/69MB, paused 544us total 24.628ms
08-04 13:52:53.553 21560 21573 I art     : Starting a blocking GC Explicit
08-04 13:52:53.577 21560 21573 I art     : Explicit concurrent mark sweep GC freed 20(704B) AllocSpace objects, 0(0B) LOS objects, 22% free, 53MB/69MB, paused 591us total 23.973ms
08-04 13:52:53.586 21560 21573 I art     : Starting a blocking GC Explicit
08-04 13:52:53.609 21560 21573 I art     : Explicit concurrent mark sweep GC freed 3(96B) AllocSpace objects, 0(0B) LOS objects, 22% free, 53MB/69MB, paused 534us total 22.602ms
08-04 13:52:53.617 21560 21573 I art     : Starting a blocking GC Explicit
08-04 13:52:53.641 21560 21573 I art     : Explicit concurrent mark sweep GC freed 3(96B) AllocSpace objects, 0(0B) LOS objects, 22% free, 53MB/69MB, paused 536us total 23.113ms
08-04 13:52:53.650 21560 21573 I art     : Starting a blocking GC Explicit
08-04 13:52:53.673 21560 21573 I art     : Explicit concurrent mark sweep GC freed 3(96B) AllocSpace objects, 0(0B) LOS objects, 22% free, 53MB/69MB, paused 543us total 23.117ms
08-04 13:52:53.837 25545 25545 D AndroidRuntime: >>>>>> START com.android.internal.os.RuntimeInit uid 2000 <<<<<<
08-04 13:52:53.842 25545 25545 D AndroidRuntime: CheckJNI is OFF
08-04 13:52:53.875 25545 25545 D ICU     : No timezone override file found: /data/misc/zoneinfo/current/icu/icu_tzdata.dat
08-04 13:52:53.906 25545 25545 I Radio-JNI: register_android_hardware_Radio DONE
08-04 13:52:53.929 25545 25545 D AndroidRuntime: Calling main entry com.android.commands.input.Input
08-04 13:52:53.931 25545 25545 I Input   : injectMotionEvent: MotionEvent { action=ACTION_DOWN, actionButton=0, id[0]=0, x[0]=369.0, y[0]=554.0, toolType[0]=TOOL_TYPE_UNKNOWN, buttonState=0, metaState=0, flags=0x0, edgeFlags=0x0, pointerCount=1, historySize=0, eventTime=712390343, downTime=712390343, deviceId=0, source=0x1002 }
08-04 13:52:53.935 25545 25545 I Input   : injectMotionEvent: MotionEvent { action=ACTION_UP, actionButton=0, id[0]=0, x[0]=369.0, y[0]=554.0, toolType[0]=TOOL_TYPE_UNKNOWN, buttonState=0, metaState=0, flags=0x0, edgeFlags=0x0, pointerCount=1, historySize=0, eventTime=712390343, downTime=712390343, deviceId=0, source=0x1002 }
08-04 13:52:53.937   918   928 I ActivityManager: START u0 {cmp=baseline.appteam.nith.hillffair/.activities.ClubActivity (has extras)} from uid 10651 on display 0
08-04 13:52:53.944 25545 25545 D AndroidRuntime: Shutting down VM
08-04 13:52:53.949 21560 21573 I art     : Starting a blocking GC Explicit
08-04 13:52:53.975 21560 21573 I art     : Explicit concurrent mark sweep GC freed 3841(208KB) AllocSpace objects, 1(20KB) LOS objects, 22% free, 53MB/69MB, paused 1.060ms total 25.874ms
08-04 13:52:53.986 21560 21573 I art     : Starting a blocking GC Explicit
08-04 13:52:54.009 21560 21573 I art     : Explicit concurrent mark sweep GC freed 1343(159KB) AllocSpace objects, 0(0B) LOS objects, 22% free, 53MB/69MB, paused 520us total 22.359ms
08-04 13:52:54.017 21560 21573 I art     : Starting a blocking GC Explicit
08-04 13:52:54.028 21560 21560 I NAPPA_EXPERIMENTATION: MetricNetworkRequestExecutionTime: REQUEST_DURATION_SYSTEM='56',REQUEST_DURATION_OKHTTP='33',REQUEST_SYNCHRONOUS='FALSE',RESPONSE_CODE='200',RESPONSE_METHOD='GET',RESPONSE_LENGTH_OKHTTP='979',RESPONSE_LENGTH_HEADER='-2',REQUEST_PROTOCOL='http/1.1',REQUEST_URL='https://api-hillfair-2k16.herokuapp.com/api/app/club/PR%20Club',
08-04 13:52:54.034 13866 13866 I GoogleInputMethodServic: GoogleInputMethodService.onFinishInput():3138 
08-04 13:52:54.035 13866 13866 I GoogleInputMethodServic: GoogleInputMethodService.onStartInput():1808 
08-04 13:52:54.035   918   936 I ActivityManager: Displayed baseline.appteam.nith.hillffair/.activities.ClubActivity: +91ms
08-04 13:52:54.042 21560 21573 I art     : Explicit concurrent mark sweep GC freed 756(53KB) AllocSpace objects, 0(0B) LOS objects, 22% free, 54MB/70MB, paused 645us total 24.841ms
08-04 13:52:54.051 21560 21573 I art     : Starting a blocking GC Explicit
08-04 13:52:54.077 21560 21573 I art     : Explicit concurrent mark sweep GC freed 96(3KB) AllocSpace objects, 0(0B) LOS objects, 22% free, 54MB/70MB, paused 510us total 24.983ms
08-04 13:52:54.085 21560 21573 I art     : Starting a blocking GC Explicit
08-04 13:52:54.106 21560 21573 I art     : Explicit concurrent mark sweep GC freed 5(160B) AllocSpace objects, 0(0B) LOS objects, 22% free, 54MB/70MB, paused 492us total 21.291ms
08-04 13:52:54.280   380   380 W SurfaceFlinger: couldn't log to binary event log: overflow.
08-04 13:52:54.351 21560 21599 I art     : Starting a blocking GC Explicit
08-04 13:52:54.373 21560 21599 I art     : Explicit concurrent mark sweep GC freed 1344(78KB) AllocSpace objects, 1(20KB) LOS objects, 22% free, 54MB/70MB, paused 486us total 22.178ms
08-04 13:52:54.381 21560 21599 I art     : Starting a blocking GC Explicit
08-04 13:52:54.403 21560 21599 I art     : Explicit concurrent mark sweep GC freed 20(704B) AllocSpace objects, 0(0B) LOS objects, 22% free, 54MB/70MB, paused 491us total 21.407ms
08-04 13:52:54.412 21560 21599 I art     : Starting a blocking GC Explicit
08-04 13:52:54.435 21560 21599 I art     : Explicit concurrent mark sweep GC freed 102(5KB) AllocSpace objects, 0(0B) LOS objects, 22% free, 54MB/70MB, paused 584us total 23.709ms
08-04 13:52:54.444 21560 21599 I art     : Starting a blocking GC Explicit
08-04 13:52:54.468 21560 21599 I art     : Explicit concurrent mark sweep GC freed 4(128B) AllocSpace objects, 0(0B) LOS objects, 22% free, 54MB/70MB, paused 584us total 23.651ms
08-04 13:52:54.477 21560 21599 I art     : Starting a blocking GC Explicit
08-04 13:52:54.499 21560 21599 I art     : Explicit concurrent mark sweep GC freed 3(96B) AllocSpace objects, 0(0B) LOS objects, 22% free, 54MB/70MB, paused 569us total 22.107ms
08-04 13:52:54.789 21560 21599 I art     : Starting a blocking GC Explicit
08-04 13:52:54.816 21560 21599 I art     : Explicit concurrent mark sweep GC freed 1344(78KB) AllocSpace objects, 1(20KB) LOS objects, 22% free, 54MB/70MB, paused 547us total 26.307ms
08-04 13:52:54.830 21560 21599 I art     : Starting a blocking GC Explicit
08-04 13:52:54.855 21560 21599 I art     : Explicit concurrent mark sweep GC freed 36(1264B) AllocSpace objects, 0(0B) LOS objects, 22% free, 54MB/70MB, paused 535us total 24.304ms
08-04 13:52:54.864 21560 21599 I art     : Starting a blocking GC Explicit
08-04 13:52:54.888 21560 21599 I art     : Explicit concurrent mark sweep GC freed 3(96B) AllocSpace objects, 0(0B) LOS objects, 22% free, 54MB/70MB, paused 549us total 24.053ms
08-04 13:52:54.897 21560 21599 I art     : Starting a blocking GC Explicit
08-04 13:52:54.922 21560 21599 I art     : Explicit concurrent mark sweep GC freed 3(96B) AllocSpace objects, 0(0B) LOS objects, 22% free, 54MB/70MB, paused 554us total 25.474ms
08-04 13:52:54.932 21560 21599 I art     : Starting a blocking GC Explicit
08-04 13:52:54.957 21560 21599 I art     : Explicit concurrent mark sweep GC freed 3(96B) AllocSpace objects, 0(0B) LOS objects, 22% free, 54MB/70MB, paused 584us total 25.514ms
08-04 13:52:55.243 21560 21572 I art     : Starting a blocking GC Explicit
08-04 13:52:55.282 21560 21572 I art     : Explicit concurrent mark sweep GC freed 1344(78KB) AllocSpace objects, 1(20KB) LOS objects, 22% free, 54MB/70MB, paused 758us total 38.813ms
08-04 13:52:55.295 21560 21572 I art     : Starting a blocking GC Explicit
08-04 13:52:55.321 21560 21572 I art     : Explicit concurrent mark sweep GC freed 20(704B) AllocSpace objects, 0(0B) LOS objects, 22% free, 54MB/70MB, paused 559us total 26.196ms
08-04 13:52:55.331 21560 21572 I art     : Starting a blocking GC Explicit
08-04 13:52:55.356 21560 21572 I art     : Explicit concurrent mark sweep GC freed 3(96B) AllocSpace objects, 0(0B) LOS objects, 22% free, 54MB/70MB, paused 557us total 25.343ms
08-04 13:52:55.366 21560 21572 I art     : Starting a blocking GC Explicit
08-04 13:52:55.392 21560 21572 I art     : Explicit concurrent mark sweep GC freed 3(96B) AllocSpace objects, 0(0B) LOS objects, 22% free, 54MB/70MB, paused 573us total 26.292ms
08-04 13:52:55.402 21560 21572 I art     : Starting a blocking GC Explicit
08-04 13:52:55.428 21560 21572 I art     : Explicit concurrent mark sweep GC freed 3(96B) AllocSpace objects, 0(0B) LOS objects, 22% free, 54MB/70MB, paused 584us total 25.937ms
08-04 13:52:55.709 21560 21573 I art     : Starting a blocking GC Explicit
08-04 13:52:55.740 21560 21573 I art     : Explicit concurrent mark sweep GC freed 1344(78KB) AllocSpace objects, 1(20KB) LOS objects, 22% free, 54MB/70MB, paused 562us total 30.616ms
08-04 13:52:55.750 21560 21573 I art     : Starting a blocking GC Explicit
08-04 13:52:55.775 21560 21573 I art     : Explicit concurrent mark sweep GC freed 20(704B) AllocSpace objects, 0(0B) LOS objects, 22% free, 54MB/70MB, paused 555us total 25.323ms
08-04 13:52:55.775 21560 21571 I art     : WaitForGcToComplete blocked for 25.549ms for cause HeapTrim
08-04 13:52:55.785 21560 21573 I art     : Starting a blocking GC Explicit
08-04 13:52:55.811 21560 21573 I art     : Explicit concurrent mark sweep GC freed 3(96B) AllocSpace objects, 0(0B) LOS objects, 22% free, 54MB/70MB, paused 559us total 25.691ms
08-04 13:52:55.820 21560 21573 I art     : Starting a blocking GC Explicit
08-04 13:52:55.846 21560 21573 I art     : Explicit concurrent mark sweep GC freed 3(96B) AllocSpace objects, 0(0B) LOS objects, 22% free, 54MB/70MB, paused 555us total 25.718ms
08-04 13:52:55.855 21560 21573 I art     : Starting a blocking GC Explicit
08-04 13:52:55.881 21560 21573 I art     : Explicit concurrent mark sweep GC freed 3(96B) AllocSpace objects, 0(0B) LOS objects, 22% free, 54MB/70MB, paused 558us total 25.604ms
08-04 13:52:56.210 21560 22049 I art     : Starting a blocking GC Explicit
08-04 13:52:56.247 21560 22049 I art     : Explicit concurrent mark sweep GC freed 1344(78KB) AllocSpace objects, 1(20KB) LOS objects, 22% free, 54MB/70MB, paused 576us total 36.565ms
08-04 13:52:56.260 21560 22049 I art     : Starting a blocking GC Explicit
08-04 13:52:56.287 21560 22049 I art     : Explicit concurrent mark sweep GC freed 20(704B) AllocSpace objects, 0(0B) LOS objects, 22% free, 54MB/70MB, paused 622us total 26.665ms
08-04 13:52:56.296 21560 22049 I art     : Starting a blocking GC Explicit
08-04 13:52:56.322 21560 22049 I art     : Explicit concurrent mark sweep GC freed 3(96B) AllocSpace objects, 0(0B) LOS objects, 22% free, 54MB/70MB, paused 578us total 25.667ms
08-04 13:52:56.332 21560 22049 I art     : Starting a blocking GC Explicit
08-04 13:52:56.358 21560 22049 I art     : Explicit concurrent mark sweep GC freed 3(96B) AllocSpace objects, 0(0B) LOS objects, 22% free, 54MB/70MB, paused 566us total 25.571ms
08-04 13:52:56.367 21560 22049 I art     : Starting a blocking GC Explicit
08-04 13:52:56.394 21560 22049 I art     : Explicit concurrent mark sweep GC freed 3(96B) AllocSpace objects, 0(0B) LOS objects, 22% free, 54MB/70MB, paused 540us total 26.306ms
08-04 13:52:56.714 21560 21599 I art     : Starting a blocking GC Explicit
08-04 13:52:56.747 21560 21599 I art     : Explicit concurrent mark sweep GC freed 1344(78KB) AllocSpace objects, 1(20KB) LOS objects, 22% free, 54MB/70MB, paused 613us total 32.834ms
08-04 13:52:56.759 21560 21599 I art     : Starting a blocking GC Explicit
08-04 13:52:56.785 21560 21599 I art     : Explicit concurrent mark sweep GC freed 20(704B) AllocSpace objects, 0(0B) LOS objects, 22% free, 54MB/70MB, paused 564us total 25.951ms
08-04 13:52:56.795 21560 21599 I art     : Starting a blocking GC Explicit
08-04 13:52:56.820 21560 21599 I art     : Explicit concurrent mark sweep GC freed 3(96B) AllocSpace objects, 0(0B) LOS objects, 22% free, 54MB/70MB, paused 557us total 25.653ms
08-04 13:52:56.830 21560 21599 I art     : Starting a blocking GC Explicit
08-04 13:52:56.857 21560 21599 I art     : Explicit concurrent mark sweep GC freed 3(96B) AllocSpace objects, 0(0B) LOS objects, 22% free, 54MB/70MB, paused 561us total 26.605ms
08-04 13:52:56.866 21560 21599 I art     : Starting a blocking GC Explicit
08-04 13:52:56.892 21560 21599 I art     : Explicit concurrent mark sweep GC freed 3(96B) AllocSpace objects, 0(0B) LOS objects, 22% free, 54MB/70MB, paused 556us total 25.974ms
08-04 13:52:57.232 21560 21572 I art     : Starting a blocking GC Explicit
08-04 13:52:57.271 21560 21572 I art     : Explicit concurrent mark sweep GC freed 1344(78KB) AllocSpace objects, 1(20KB) LOS objects, 22% free, 54MB/70MB, paused 644us total 38.540ms
08-04 13:52:57.287 21560 21572 I art     : Starting a blocking GC Explicit
08-04 13:52:57.313 21560 21572 I art     : Explicit concurrent mark sweep GC freed 20(704B) AllocSpace objects, 0(0B) LOS objects, 22% free, 54MB/70MB, paused 579us total 26.202ms
08-04 13:52:57.322 21560 21572 I art     : Starting a blocking GC Explicit
08-04 13:52:57.348 21560 21572 I art     : Explicit concurrent mark sweep GC freed 3(96B) AllocSpace objects, 0(0B) LOS objects, 22% free, 54MB/70MB, paused 599us total 25.430ms
08-04 13:52:57.357 21560 21572 I art     : Starting a blocking GC Explicit
08-04 13:52:57.383 21560 21572 I art     : Explicit concurrent mark sweep GC freed 3(96B) AllocSpace objects, 0(0B) LOS objects, 22% free, 54MB/70MB, paused 552us total 25.309ms
08-04 13:52:57.392 21560 21572 I art     : Starting a blocking GC Explicit
08-04 13:52:57.419 21560 21572 I art     : Explicit concurrent mark sweep GC freed 3(96B) AllocSpace objects, 0(0B) LOS objects, 22% free, 54MB/70MB, paused 562us total 26.158ms
08-04 13:52:57.739 21560 21573 I art     : Starting a blocking GC Explicit
08-04 13:52:57.773 21560 21573 I art     : Explicit concurrent mark sweep GC freed 1344(78KB) AllocSpace objects, 1(20KB) LOS objects, 22% free, 54MB/70MB, paused 614us total 34.039ms
08-04 13:52:57.786 21560 21573 I art     : Starting a blocking GC Explicit
08-04 13:52:57.812 21560 21573 I art     : Explicit concurrent mark sweep GC freed 20(704B) AllocSpace objects, 0(0B) LOS objects, 22% free, 54MB/70MB, paused 640us total 25.713ms
08-04 13:52:57.822 21560 21573 I art     : Starting a blocking GC Explicit
08-04 13:52:57.848 21560 21573 I art     : Explicit concurrent mark sweep GC freed 3(96B) AllocSpace objects, 0(0B) LOS objects, 22% free, 54MB/70MB, paused 586us total 25.780ms
08-04 13:52:57.858 21560 21573 I art     : Starting a blocking GC Explicit
08-04 13:52:57.884 21560 21573 I art     : Explicit concurrent mark sweep GC freed 3(96B) AllocSpace objects, 0(0B) LOS objects, 22% free, 54MB/70MB, paused 558us total 26.166ms
08-04 13:52:57.894 21560 21573 I art     : Starting a blocking GC Explicit
08-04 13:52:57.920 21560 21573 I art     : Explicit concurrent mark sweep GC freed 3(96B) AllocSpace objects, 0(0B) LOS objects, 22% free, 54MB/70MB, paused 560us total 25.852ms
08-04 13:52:58.234 21560 22049 I art     : Starting a blocking GC Explicit
08-04 13:52:58.260 21560 22049 I art     : Explicit concurrent mark sweep GC freed 1344(78KB) AllocSpace objects, 1(20KB) LOS objects, 22% free, 54MB/70MB, paused 567us total 25.791ms
08-04 13:52:58.269 21560 22049 I art     : Starting a blocking GC Explicit
08-04 13:52:58.295 21560 22049 I art     : Explicit concurrent mark sweep GC freed 20(704B) AllocSpace objects, 0(0B) LOS objects, 22% free, 54MB/70MB, paused 703us total 24.912ms
08-04 13:52:58.305 21560 22049 I art     : Starting a blocking GC Explicit
08-04 13:52:58.329 21560 22049 I art     : Explicit concurrent mark sweep GC freed 3(96B) AllocSpace objects, 0(0B) LOS objects, 22% free, 54MB/70MB, paused 561us total 24.041ms
08-04 13:52:58.338 21560 22049 I art     : Starting a blocking GC Explicit
08-04 13:52:58.362 21560 22049 I art     : Explicit concurrent mark sweep GC freed 3(96B) AllocSpace objects, 0(0B) LOS objects, 22% free, 54MB/70MB, paused 560us total 23.872ms
08-04 13:52:58.371 21560 22049 I art     : Starting a blocking GC Explicit
08-04 13:52:58.395 21560 22049 I art     : Explicit concurrent mark sweep GC freed 3(96B) AllocSpace objects, 0(0B) LOS objects, 22% free, 54MB/70MB, paused 557us total 23.701ms
08-04 13:52:58.592 25668 25668 D AndroidRuntime: >>>>>> START com.android.internal.os.RuntimeInit uid 2000 <<<<<<
08-04 13:52:58.597 25668 25668 D AndroidRuntime: CheckJNI is OFF
08-04 13:52:58.630 25668 25668 D ICU     : No timezone override file found: /data/misc/zoneinfo/current/icu/icu_tzdata.dat
08-04 13:52:58.664 25668 25668 I Radio-JNI: register_android_hardware_Radio DONE
08-04 13:52:58.686 25668 25668 D AndroidRuntime: Calling main entry com.android.commands.input.Input
08-04 13:52:58.687 25668 25668 I Input   : injectKeyEvent: KeyEvent { action=ACTION_DOWN, keyCode=KEYCODE_BACK, scanCode=0, metaState=0, flags=0x0, repeatCount=0, eventTime=712395100, downTime=712395100, deviceId=-1, source=0x101 }
08-04 13:52:58.692 25668 25668 I Input   : injectKeyEvent: KeyEvent { action=ACTION_UP, keyCode=KEYCODE_BACK, scanCode=0, metaState=0, flags=0x0, repeatCount=0, eventTime=712395100, downTime=712395100, deviceId=-1, source=0x101 }
08-04 13:52:58.697 25668 25668 D AndroidRuntime: Shutting down VM
08-04 13:52:58.708 21560 22049 I art     : Starting a blocking GC Explicit
08-04 13:52:58.733 21560 22049 I art     : Explicit concurrent mark sweep GC freed 1489(84KB) AllocSpace objects, 1(20KB) LOS objects, 22% free, 54MB/70MB, paused 527us total 24.787ms
08-04 13:52:58.740 13866 13866 I GoogleInputMethodServic: GoogleInputMethodService.onFinishInput():3138 
08-04 13:52:58.741 13866 13866 I GoogleInputMethodServic: GoogleInputMethodService.onStartInput():1808 
08-04 13:52:58.742 21560 22049 I art     : Starting a blocking GC Explicit
08-04 13:52:58.769 21560 22049 I art     : Explicit concurrent mark sweep GC freed 51(1856B) AllocSpace objects, 0(0B) LOS objects, 22% free, 54MB/70MB, paused 535us total 26.468ms
08-04 13:52:58.778 21560 22049 I art     : Starting a blocking GC Explicit
08-04 13:52:58.802 21560 22049 I art     : Explicit concurrent mark sweep GC freed 12(416B) AllocSpace objects, 0(0B) LOS objects, 22% free, 54MB/70MB, paused 678us total 23.842ms
08-04 13:52:58.810 21560 22049 I art     : Starting a blocking GC Explicit
08-04 13:52:58.831 21560 22049 I art     : Explicit concurrent mark sweep GC freed 6(224B) AllocSpace objects, 0(0B) LOS objects, 22% free, 54MB/70MB, paused 534us total 20.477ms
08-04 13:52:58.839 21560 22049 I art     : Starting a blocking GC Explicit
08-04 13:52:58.862 21560 22049 I art     : Explicit concurrent mark sweep GC freed 3(96B) AllocSpace objects, 0(0B) LOS objects, 22% free, 54MB/70MB, paused 482us total 22.626ms
08-04 13:52:59.035   380   380 W SurfaceFlinger: couldn't log to binary event log: overflow.
08-04 13:52:59.127 21560 21599 I art     : Starting a blocking GC Explicit
08-04 13:52:59.154 21560 21599 I art     : Explicit concurrent mark sweep GC freed 1453(86KB) AllocSpace objects, 1(20KB) LOS objects, 22% free, 54MB/70MB, paused 552us total 26.588ms
08-04 13:52:59.168 21560 21599 I art     : Starting a blocking GC Explicit
08-04 13:52:59.192 21560 21599 I art     : Explicit concurrent mark sweep GC freed 1671(107KB) AllocSpace objects, 3(184KB) LOS objects, 22% free, 53MB/69MB, paused 517us total 23.625ms
08-04 13:52:59.201 21560 21599 I art     : Starting a blocking GC Explicit
08-04 13:52:59.225 21560 21599 I art     : Explicit concurrent mark sweep GC freed 3(96B) AllocSpace objects, 0(0B) LOS objects, 22% free, 53MB/69MB, paused 554us total 24.357ms
08-04 13:52:59.234 21560 21599 I art     : Starting a blocking GC Explicit
08-04 13:52:59.258 21560 21599 I art     : Explicit concurrent mark sweep GC freed 3(96B) AllocSpace objects, 0(0B) LOS objects, 22% free, 53MB/69MB, paused 554us total 23.894ms
08-04 13:52:59.267 21560 21599 I art     : Starting a blocking GC Explicit
08-04 13:52:59.292 21560 21599 I art     : Explicit concurrent mark sweep GC freed 3(96B) AllocSpace objects, 0(0B) LOS objects, 22% free, 53MB/69MB, paused 551us total 24.580ms
08-04 13:52:59.571 21560 21572 I art     : Starting a blocking GC Explicit
08-04 13:52:59.601 21560 21572 I art     : Explicit concurrent mark sweep GC freed 1344(78KB) AllocSpace objects, 1(20KB) LOS objects, 22% free, 53MB/69MB, paused 606us total 30.441ms
08-04 13:52:59.613 21560 21572 I art     : Starting a blocking GC Explicit
08-04 13:52:59.638 21560 21572 I art     : Explicit concurrent mark sweep GC freed 20(704B) AllocSpace objects, 0(0B) LOS objects, 22% free, 53MB/69MB, paused 573us total 25.176ms
08-04 13:52:59.648 21560 21572 I art     : Starting a blocking GC Explicit
08-04 13:52:59.673 21560 21572 I art     : Explicit concurrent mark sweep GC freed 3(96B) AllocSpace objects, 0(0B) LOS objects, 22% free, 53MB/69MB, paused 551us total 24.718ms
08-04 13:52:59.682 21560 21572 I art     : Starting a blocking GC Explicit
08-04 13:52:59.706 21560 21572 I art     : Explicit concurrent mark sweep GC freed 3(96B) AllocSpace objects, 0(0B) LOS objects, 22% free, 53MB/69MB, paused 519us total 24.064ms
08-04 13:52:59.715 21560 21572 I art     : Starting a blocking GC Explicit
08-04 13:52:59.740 21560 21572 I art     : Explicit concurrent mark sweep GC freed 3(96B) AllocSpace objects, 0(0B) LOS objects, 22% free, 53MB/69MB, paused 553us total 24.751ms
08-04 13:53:00.022 21560 21573 I art     : Starting a blocking GC Explicit
08-04 13:53:00.047 21560 21573 I art     : Explicit concurrent mark sweep GC freed 1344(78KB) AllocSpace objects, 1(20KB) LOS objects, 22% free, 53MB/69MB, paused 619us total 24.257ms
08-04 13:53:00.056 21560 21573 I art     : Starting a blocking GC Explicit
08-04 13:53:00.079 21560 21573 I art     : Explicit concurrent mark sweep GC freed 20(704B) AllocSpace objects, 0(0B) LOS objects, 22% free, 53MB/69MB, paused 550us total 22.845ms
08-04 13:53:00.088 21560 21573 I art     : Starting a blocking GC Explicit
08-04 13:53:00.111 21560 21573 I art     : Explicit concurrent mark sweep GC freed 3(96B) AllocSpace objects, 0(0B) LOS objects, 22% free, 53MB/69MB, paused 532us total 22.220ms
08-04 13:53:00.119 21560 21573 I art     : Starting a blocking GC Explicit
08-04 13:53:00.142 21560 21573 I art     : Explicit concurrent mark sweep GC freed 3(96B) AllocSpace objects, 0(0B) LOS objects, 22% free, 53MB/69MB, paused 569us total 22.587ms
08-04 13:53:00.151 21560 21573 I art     : Starting a blocking GC Explicit
08-04 13:53:00.173 21560 21573 I art     : Explicit concurrent mark sweep GC freed 3(96B) AllocSpace objects, 0(0B) LOS objects, 22% free, 53MB/69MB, paused 543us total 22.217ms
08-04 13:53:00.249 19867 19954 W FirebaseInstanceId: Token retrieval failed: SERVICE_NOT_AVAILABLE. Will retry token retrieval
08-04 13:53:00.359 25719 25719 D AndroidRuntime: >>>>>> START com.android.internal.os.RuntimeInit uid 2000 <<<<<<
08-04 13:53:00.364 25719 25719 D AndroidRuntime: CheckJNI is OFF
08-04 13:53:00.396 25719 25719 D ICU     : No timezone override file found: /data/misc/zoneinfo/current/icu/icu_tzdata.dat
08-04 13:53:00.428 25719 25719 I Radio-JNI: register_android_hardware_Radio DONE
08-04 13:53:00.451 25719 25719 D AndroidRuntime: Calling main entry com.android.commands.input.Input
08-04 13:53:00.452 25719 25719 I Input   : injectKeyEvent: KeyEvent { action=ACTION_DOWN, keyCode=KEYCODE_BACK, scanCode=0, metaState=0, flags=0x0, repeatCount=0, eventTime=712396865, downTime=712396865, deviceId=-1, source=0x101 }
08-04 13:53:00.457 25719 25719 I Input   : injectKeyEvent: KeyEvent { action=ACTION_UP, keyCode=KEYCODE_BACK, scanCode=0, metaState=0, flags=0x0, repeatCount=0, eventTime=712396865, downTime=712396865, deviceId=-1, source=0x101 }
08-04 13:53:00.462 25719 25719 D AndroidRuntime: Shutting down VM
08-04 13:53:00.470 21560 21573 I art     : Starting a blocking GC Explicit
08-04 13:53:00.493 21560 21573 I art     : Explicit concurrent mark sweep GC freed 1512(86KB) AllocSpace objects, 1(20KB) LOS objects, 22% free, 53MB/69MB, paused 510us total 22.576ms
08-04 13:53:00.495 13866 13866 I GoogleInputMethodServic: GoogleInputMethodService.onFinishInput():3138 
08-04 13:53:00.496 13866 13866 I GoogleInputMethodServic: GoogleInputMethodService.onStartInput():1808 
08-04 13:53:00.504 21560 21573 I art     : Starting a blocking GC Explicit
08-04 13:53:00.527 21560 21573 I art     : Explicit concurrent mark sweep GC freed 98(3KB) AllocSpace objects, 0(0B) LOS objects, 22% free, 53MB/69MB, paused 581us total 23.003ms
08-04 13:53:00.537 21560 21573 I art     : Starting a blocking GC Explicit
08-04 13:53:00.558 21560 21573 I art     : Explicit concurrent mark sweep GC freed 7(256B) AllocSpace objects, 0(0B) LOS objects, 22% free, 53MB/69MB, paused 476us total 20.207ms
08-04 13:53:00.566 21560 21573 I art     : Starting a blocking GC Explicit
08-04 13:53:00.587 21560 21573 I art     : Explicit concurrent mark sweep GC freed 3(96B) AllocSpace objects, 0(0B) LOS objects, 22% free, 53MB/69MB, paused 578us total 20.684ms
08-04 13:53:00.596 21560 21573 I art     : Starting a blocking GC Explicit
08-04 13:53:00.617 21560 21573 I art     : Explicit concurrent mark sweep GC freed 3(96B) AllocSpace objects, 0(0B) LOS objects, 22% free, 53MB/69MB, paused 535us total 21.389ms
08-04 13:53:00.883 21560 21599 I art     : Starting a blocking GC Explicit
08-04 13:53:00.906 21560 21599 I art     : Explicit concurrent mark sweep GC freed 2977(154KB) AllocSpace objects, 1(20KB) LOS objects, 22% free, 53MB/69MB, paused 529us total 22.849ms
08-04 13:53:00.914 21560 21599 I art     : Starting a blocking GC Explicit
08-04 13:53:00.937 21560 21599 I art     : Explicit concurrent mark sweep GC freed 2858(180KB) AllocSpace objects, 2(140KB) LOS objects, 23% free, 53MB/69MB, paused 524us total 22.165ms
08-04 13:53:00.945 21560 21599 I art     : Starting a blocking GC Explicit
08-04 13:53:00.967 21560 21599 I art     : Explicit concurrent mark sweep GC freed 3(96B) AllocSpace objects, 0(0B) LOS objects, 23% free, 53MB/69MB, paused 588us total 21.556ms
08-04 13:53:00.976 21560 21599 I art     : Starting a blocking GC Explicit
08-04 13:53:00.998 21560 21599 I art     : Explicit concurrent mark sweep GC freed 3(96B) AllocSpace objects, 0(0B) LOS objects, 23% free, 53MB/69MB, paused 534us total 21.969ms
08-04 13:53:01.007 21560 21599 I art     : Starting a blocking GC Explicit
08-04 13:53:01.029 21560 21599 I art     : Explicit concurrent mark sweep GC freed 3(96B) AllocSpace objects, 0(0B) LOS objects, 23% free, 53MB/69MB, paused 549us total 22.487ms
08-04 13:53:01.313 21560 21572 I art     : Starting a blocking GC Explicit
08-04 13:53:01.345 21560 21572 I art     : Explicit concurrent mark sweep GC freed 1344(78KB) AllocSpace objects, 1(20KB) LOS objects, 23% free, 53MB/69MB, paused 595us total 32.165ms
08-04 13:53:01.358 21560 21572 I art     : Starting a blocking GC Explicit
08-04 13:53:01.383 21560 21572 I art     : Explicit concurrent mark sweep GC freed 20(704B) AllocSpace objects, 0(0B) LOS objects, 23% free, 53MB/69MB, paused 548us total 25.035ms
08-04 13:53:01.393 21560 21572 I art     : Starting a blocking GC Explicit
08-04 13:53:01.417 21560 21572 I art     : Explicit concurrent mark sweep GC freed 3(96B) AllocSpace objects, 0(0B) LOS objects, 23% free, 53MB/69MB, paused 704us total 24.178ms
08-04 13:53:01.426 21560 21572 I art     : Starting a blocking GC Explicit
08-04 13:53:01.450 21560 21572 I art     : Explicit concurrent mark sweep GC freed 3(96B) AllocSpace objects, 0(0B) LOS objects, 23% free, 53MB/69MB, paused 541us total 23.631ms
08-04 13:53:01.459 21560 21572 I art     : Starting a blocking GC Explicit
08-04 13:53:01.482 21560 21572 I art     : Explicit concurrent mark sweep GC freed 3(96B) AllocSpace objects, 0(0B) LOS objects, 23% free, 53MB/69MB, paused 537us total 22.122ms
08-04 13:53:01.761 21560 22049 I art     : Starting a blocking GC Explicit
08-04 13:53:01.785 21560 22049 I art     : Explicit concurrent mark sweep GC freed 1341(78KB) AllocSpace objects, 1(20KB) LOS objects, 23% free, 53MB/69MB, paused 547us total 23.030ms
08-04 13:53:01.794 21560 22049 I art     : Starting a blocking GC Explicit
08-04 13:53:01.816 21560 22049 I art     : Explicit concurrent mark sweep GC freed 20(704B) AllocSpace objects, 0(0B) LOS objects, 23% free, 53MB/69MB, paused 548us total 22.141ms
08-04 13:53:01.825 21560 22049 I art     : Starting a blocking GC Explicit
08-04 13:53:01.846 21560 22049 I art     : Explicit concurrent mark sweep GC freed 3(96B) AllocSpace objects, 0(0B) LOS objects, 23% free, 53MB/69MB, paused 527us total 21.526ms
08-04 13:53:01.855 21560 22049 I art     : Starting a blocking GC Explicit
08-04 13:53:01.877 21560 22049 I art     : Explicit concurrent mark sweep GC freed 3(96B) AllocSpace objects, 0(0B) LOS objects, 23% free, 53MB/69MB, paused 605us total 21.379ms
08-04 13:53:01.885 21560 22049 I art     : Starting a blocking GC Explicit
08-04 13:53:01.907 21560 22049 I art     : Explicit concurrent mark sweep GC freed 3(96B) AllocSpace objects, 0(0B) LOS objects, 23% free, 53MB/69MB, paused 578us total 21.304ms
08-04 13:53:02.120 25774 25774 D AndroidRuntime: >>>>>> START com.android.internal.os.RuntimeInit uid 2000 <<<<<<
08-04 13:53:02.125 25774 25774 D AndroidRuntime: CheckJNI is OFF
08-04 13:53:02.159 25774 25774 D ICU     : No timezone override file found: /data/misc/zoneinfo/current/icu/icu_tzdata.dat
08-04 13:53:02.180 21560 21573 I art     : Starting a blocking GC Explicit
08-04 13:53:02.193 25774 25774 I Radio-JNI: register_android_hardware_Radio DONE
08-04 13:53:02.203 21560 21573 I art     : Explicit concurrent mark sweep GC freed 1341(78KB) AllocSpace objects, 1(20KB) LOS objects, 23% free, 53MB/69MB, paused 579us total 22.732ms
08-04 13:53:02.212 21560 21573 I art     : Starting a blocking GC Explicit
08-04 13:53:02.216 25774 25774 D AndroidRuntime: Calling main entry com.android.commands.input.Input
08-04 13:53:02.218 25774 25774 I Input   : injectMotionEvent: MotionEvent { action=ACTION_DOWN, actionButton=0, id[0]=0, x[0]=1084.0, y[0]=2213.0, toolType[0]=TOOL_TYPE_UNKNOWN, buttonState=0, metaState=0, flags=0x0, edgeFlags=0x0, pointerCount=1, historySize=0, eventTime=712398630, downTime=712398630, deviceId=0, source=0x1002 }
08-04 13:53:02.223 25774 25774 I Input   : injectMotionEvent: MotionEvent { action=ACTION_UP, actionButton=0, id[0]=0, x[0]=1084.0, y[0]=2213.0, toolType[0]=TOOL_TYPE_UNKNOWN, buttonState=0, metaState=0, flags=0x0, edgeFlags=0x0, pointerCount=1, historySize=0, eventTime=712398630, downTime=712398630, deviceId=0, source=0x1002 }
08-04 13:53:02.224   918  6029 I ActivityManager: START u0 {cmp=baseline.appteam.nith.hillffair/.activities.EventActivity} from uid 10651 on display 0
08-04 13:53:02.232 25774 25774 D AndroidRuntime: Shutting down VM
08-04 13:53:02.233 21560 21573 I art     : Explicit concurrent mark sweep GC freed 24(816B) AllocSpace objects, 0(0B) LOS objects, 23% free, 53MB/69MB, paused 608us total 19.899ms
08-04 13:53:02.241 21560 21573 I art     : Starting a blocking GC Explicit
08-04 13:53:02.264 21560 21573 I art     : Explicit concurrent mark sweep GC freed 3888(209KB) AllocSpace objects, 0(0B) LOS objects, 23% free, 53MB/69MB, paused 960us total 23.428ms
08-04 13:53:02.275 21560 21573 I art     : Starting a blocking GC Explicit
08-04 13:53:02.298 21560 21573 I art     : Explicit concurrent mark sweep GC freed 1460(153KB) AllocSpace objects, 0(0B) LOS objects, 22% free, 53MB/69MB, paused 546us total 22.328ms
08-04 13:53:02.306 21560 21573 I art     : Starting a blocking GC Explicit
08-04 13:53:02.316 21560 21560 I NAPPA_EXPERIMENTATION: MetricNetworkRequestExecutionTime: REQUEST_DURATION_SYSTEM='54',REQUEST_DURATION_OKHTTP='28',REQUEST_SYNCHRONOUS='FALSE',RESPONSE_CODE='200',RESPONSE_METHOD='GET',RESPONSE_LENGTH_OKHTTP='1870',RESPONSE_LENGTH_HEADER='-2',REQUEST_PROTOCOL='http/1.1',REQUEST_URL='https://api-hillfair-2k16.herokuapp.com/api/app/club',
08-04 13:53:02.317 13866 13866 I GoogleInputMethodServic: GoogleInputMethodService.onFinishInput():3138 
08-04 13:53:02.318 13866 13866 I GoogleInputMethodServic: GoogleInputMethodService.onStartInput():1808 
08-04 13:53:02.327 21560 21573 I art     : Explicit concurrent mark sweep GC freed 529(42KB) AllocSpace objects, 0(0B) LOS objects, 23% free, 53MB/69MB, paused 818us total 20.696ms
08-04 13:53:02.362   918   936 I ActivityManager: Displayed baseline.appteam.nith.hillffair/.activities.EventActivity: +129ms
08-04 13:53:02.612 21560 22049 I art     : Starting a blocking GC Explicit
08-04 13:53:02.638   380   380 W SurfaceFlinger: couldn't log to binary event log: overflow.
08-04 13:53:02.643 21560 22049 I art     : Explicit concurrent mark sweep GC freed 1950(101KB) AllocSpace objects, 1(20KB) LOS objects, 22% free, 53MB/69MB, paused 552us total 31.441ms
08-04 13:53:02.652 21560 22049 I art     : Starting a blocking GC Explicit
08-04 13:53:02.673 21560 22049 I art     : Explicit concurrent mark sweep GC freed 61(2544B) AllocSpace objects, 0(0B) LOS objects, 22% free, 53MB/69MB, paused 486us total 20.817ms
08-04 13:53:02.681 21560 22049 I art     : Starting a blocking GC Explicit
08-04 13:53:02.700 21560 22049 I art     : Explicit concurrent mark sweep GC freed 3(96B) AllocSpace objects, 0(0B) LOS objects, 22% free, 53MB/69MB, paused 504us total 19.103ms
08-04 13:53:02.709 21560 22049 I art     : Starting a blocking GC Explicit
08-04 13:53:02.731 21560 22049 I art     : Explicit concurrent mark sweep GC freed 64(4KB) AllocSpace objects, 0(0B) LOS objects, 22% free, 53MB/69MB, paused 581us total 21.532ms
08-04 13:53:02.740 21560 22049 I art     : Starting a blocking GC Explicit
08-04 13:53:02.761 21560 22049 I art     : Explicit concurrent mark sweep GC freed 12(432B) AllocSpace objects, 0(0B) LOS objects, 22% free, 53MB/69MB, paused 494us total 21.016ms
08-04 13:53:03.052 21560 21572 I art     : Starting a blocking GC Explicit
08-04 13:53:03.068   918  3261 D WifiStateMachine: starting scan for "H369AA63323"WPA_PSK with 2412,5180
08-04 13:53:03.084 21560 21572 I art     : Explicit concurrent mark sweep GC freed 1344(78KB) AllocSpace objects, 1(20KB) LOS objects, 22% free, 53MB/69MB, paused 552us total 31.523ms
08-04 13:53:03.093 21560 21572 I art     : Starting a blocking GC Explicit
08-04 13:53:03.118 21560 21572 I art     : Explicit concurrent mark sweep GC freed 20(704B) AllocSpace objects, 0(0B) LOS objects, 22% free, 53MB/69MB, paused 552us total 24.816ms
08-04 13:53:03.127 21560 21572 I art     : Starting a blocking GC Explicit
08-04 13:53:03.151 21560 21572 I art     : Explicit concurrent mark sweep GC freed 3(96B) AllocSpace objects, 0(0B) LOS objects, 22% free, 53MB/69MB, paused 552us total 22.965ms
08-04 13:53:03.160 21560 21572 I art     : Starting a blocking GC Explicit
08-04 13:53:03.183 21560 21572 I art     : Explicit concurrent mark sweep GC freed 3(96B) AllocSpace objects, 0(0B) LOS objects, 22% free, 53MB/69MB, paused 556us total 23.276ms
08-04 13:53:03.192 21560 21572 I art     : Starting a blocking GC Explicit
08-04 13:53:03.217 21560 21572 I art     : Explicit concurrent mark sweep GC freed 3(96B) AllocSpace objects, 0(0B) LOS objects, 22% free, 53MB/69MB, paused 655us total 24.684ms
08-04 13:53:03.241   518   646 I ThermalEngine: ACTION: GPU - Setting GPU[0] to 450000000
08-04 13:53:03.509 21560 21573 I art     : Starting a blocking GC Explicit
08-04 13:53:03.545 21560 21573 I art     : Explicit concurrent mark sweep GC freed 1344(78KB) AllocSpace objects, 1(20KB) LOS objects, 22% free, 53MB/69MB, paused 752us total 36.231ms
08-04 13:53:03.557 21560 21573 I art     : Starting a blocking GC Explicit
08-04 13:53:03.588 21560 21573 I art     : Explicit concurrent mark sweep GC freed 20(704B) AllocSpace objects, 0(0B) LOS objects, 22% free, 53MB/69MB, paused 759us total 30.311ms
08-04 13:53:03.600 21560 21573 I art     : Starting a blocking GC Explicit
08-04 13:53:03.630 21560 21573 I art     : Explicit concurrent mark sweep GC freed 3(96B) AllocSpace objects, 0(0B) LOS objects, 22% free, 53MB/69MB, paused 717us total 30.275ms
08-04 13:53:03.642 21560 21573 I art     : Starting a blocking GC Explicit
08-04 13:53:03.672 21560 21573 I art     : Explicit concurrent mark sweep GC freed 3(96B) AllocSpace objects, 0(0B) LOS objects, 22% free, 53MB/69MB, paused 721us total 29.908ms
08-04 13:53:03.684 21560 21573 I art     : Starting a blocking GC Explicit
08-04 13:53:03.714 21560 21573 I art     : Explicit concurrent mark sweep GC freed 3(96B) AllocSpace objects, 0(0B) LOS objects, 22% free, 53MB/69MB, paused 723us total 30.395ms
08-04 13:53:04.033 21560 21599 I art     : Starting a blocking GC Explicit
08-04 13:53:04.070 21560 21599 I art     : Explicit concurrent mark sweep GC freed 1344(78KB) AllocSpace objects, 1(20KB) LOS objects, 22% free, 53MB/69MB, paused 776us total 36.334ms
08-04 13:53:04.085 21560 21599 I art     : Starting a blocking GC Explicit
08-04 13:53:04.119 21560 21599 I art     : Explicit concurrent mark sweep GC freed 20(704B) AllocSpace objects, 0(0B) LOS objects, 22% free, 53MB/69MB, paused 727us total 34.404ms
08-04 13:53:04.131 21560 21599 I art     : Starting a blocking GC Explicit
08-04 13:53:04.164 21560 21599 I art     : Explicit concurrent mark sweep GC freed 3(96B) AllocSpace objects, 0(0B) LOS objects, 22% free, 53MB/69MB, paused 760us total 32.680ms
08-04 13:53:04.176 21560 21599 I art     : Starting a blocking GC Explicit
08-04 13:53:04.209 21560 21599 I art     : Explicit concurrent mark sweep GC freed 3(96B) AllocSpace objects, 0(0B) LOS objects, 22% free, 53MB/69MB, paused 747us total 32.674ms
08-04 13:53:04.221 21560 21599 I art     : Starting a blocking GC Explicit
08-04 13:53:04.242   918  3188 I hubconnection: sensorhub said: 'set_bias 3: -5.9904, 0.0000, 0.0000'
08-04 13:53:04.252 21560 21599 I art     : Explicit concurrent mark sweep GC freed 3(96B) AllocSpace objects, 0(0B) LOS objects, 22% free, 53MB/69MB, paused 690us total 29.894ms
08-04 13:53:04.621 21560 22049 I art     : Starting a blocking GC Explicit
08-04 13:53:04.631 17572 17572 I ServiceManager: Waiting for service AtCmdFwd...
08-04 13:53:04.657 21560 22049 I art     : Explicit concurrent mark sweep GC freed 1344(78KB) AllocSpace objects, 1(20KB) LOS objects, 22% free, 53MB/69MB, paused 766us total 35.909ms
08-04 13:53:04.671 21560 22049 I art     : Starting a blocking GC Explicit
08-04 13:53:04.703 21560 22049 I art     : Explicit concurrent mark sweep GC freed 20(704B) AllocSpace objects, 0(0B) LOS objects, 22% free, 53MB/69MB, paused 734us total 32.262ms
08-04 13:53:04.715 21560 22049 I art     : Starting a blocking GC Explicit
08-04 13:53:04.746 21560 22049 I art     : Explicit concurrent mark sweep GC freed 3(96B) AllocSpace objects, 0(0B) LOS objects, 22% free, 53MB/69MB, paused 697us total 30.891ms
08-04 13:53:04.758 21560 22049 I art     : Starting a blocking GC Explicit
08-04 13:53:04.791 21560 22049 I art     : Explicit concurrent mark sweep GC freed 3(96B) AllocSpace objects, 0(0B) LOS objects, 22% free, 53MB/69MB, paused 742us total 32.847ms
08-04 13:53:04.803 21560 22049 I art     : Starting a blocking GC Explicit
08-04 13:53:04.837 21560 22049 I art     : Explicit concurrent mark sweep GC freed 3(96B) AllocSpace objects, 0(0B) LOS objects, 22% free, 53MB/69MB, paused 755us total 33.158ms
08-04 13:53:05.166 21560 21572 I art     : Starting a blocking GC Explicit
08-04 13:53:05.208 21560 21572 I art     : Explicit concurrent mark sweep GC freed 1344(78KB) AllocSpace objects, 1(20KB) LOS objects, 22% free, 53MB/69MB, paused 928us total 41.594ms
08-04 13:53:05.224 21560 21572 I art     : Starting a blocking GC Explicit
08-04 13:53:05.244   518   646 I ThermalEngine: ACTION: GPU - Setting GPU[0] to 510000000
08-04 13:53:05.256 21560 21572 I art     : Explicit concurrent mark sweep GC freed 20(704B) AllocSpace objects, 0(0B) LOS objects, 22% free, 53MB/69MB, paused 749us total 31.503ms
08-04 13:53:05.268 21560 21572 I art     : Starting a blocking GC Explicit
08-04 13:53:05.296 21560 21572 I art     : Explicit concurrent mark sweep GC freed 3(96B) AllocSpace objects, 0(0B) LOS objects, 22% free, 53MB/69MB, paused 588us total 27.721ms
08-04 13:53:05.305 21560 21572 I art     : Starting a blocking GC Explicit
08-04 13:53:05.330 21560 21572 I art     : Explicit concurrent mark sweep GC freed 3(96B) AllocSpace objects, 0(0B) LOS objects, 22% free, 53MB/69MB, paused 561us total 24.311ms
08-04 13:53:05.339 21560 21572 I art     : Starting a blocking GC Explicit
08-04 13:53:05.363 21560 21572 I art     : Explicit concurrent mark sweep GC freed 3(96B) AllocSpace objects, 0(0B) LOS objects, 22% free, 53MB/69MB, paused 529us total 23.356ms
08-04 13:53:05.631 17572 17572 I ServiceManager: Waiting for service AtCmdFwd...
08-04 13:53:05.695 21560 21573 I art     : Starting a blocking GC Explicit
08-04 13:53:05.730 21560 21573 I art     : Explicit concurrent mark sweep GC freed 1344(78KB) AllocSpace objects, 1(20KB) LOS objects, 22% free, 53MB/69MB, paused 640us total 34.851ms
08-04 13:53:05.745 21560 21573 I art     : Starting a blocking GC Explicit
08-04 13:53:05.771 21560 21573 I art     : Explicit concurrent mark sweep GC freed 20(704B) AllocSpace objects, 0(0B) LOS objects, 22% free, 53MB/69MB, paused 536us total 24.928ms
08-04 13:53:05.780 21560 21573 I art     : Starting a blocking GC Explicit
08-04 13:53:05.804 21560 21573 I art     : Explicit concurrent mark sweep GC freed 3(96B) AllocSpace objects, 0(0B) LOS objects, 22% free, 53MB/69MB, paused 554us total 24.182ms
08-04 13:53:05.813 21560 21573 I art     : Starting a blocking GC Explicit
08-04 13:53:05.838 21560 21573 I art     : Explicit concurrent mark sweep GC freed 3(96B) AllocSpace objects, 0(0B) LOS objects, 22% free, 53MB/69MB, paused 541us total 24.326ms
08-04 13:53:05.847 21560 21573 I art     : Starting a blocking GC Explicit
08-04 13:53:05.872 21560 21573 I art     : Explicit concurrent mark sweep GC freed 3(96B) AllocSpace objects, 0(0B) LOS objects, 22% free, 53MB/69MB, paused 551us total 24.386ms
08-04 13:53:06.192 21560 21599 I art     : Starting a blocking GC Explicit
08-04 13:53:06.226 21560 21599 I art     : Explicit concurrent mark sweep GC freed 1344(78KB) AllocSpace objects, 1(20KB) LOS objects, 22% free, 53MB/69MB, paused 657us total 33.811ms
08-04 13:53:06.241 21560 21599 I art     : Starting a blocking GC Explicit
08-04 13:53:06.268 21560 21599 I art     : Explicit concurrent mark sweep GC freed 20(704B) AllocSpace objects, 0(0B) LOS objects, 22% free, 53MB/69MB, paused 549us total 26.178ms
08-04 13:53:06.277 21560 21599 I art     : Starting a blocking GC Explicit
08-04 13:53:06.302 21560 21599 I art     : Explicit concurrent mark sweep GC freed 3(96B) AllocSpace objects, 0(0B) LOS objects, 22% free, 53MB/69MB, paused 545us total 24.624ms
08-04 13:53:06.311 21560 21599 I art     : Starting a blocking GC Explicit
08-04 13:53:06.335 21560 21599 I art     : Explicit concurrent mark sweep GC freed 3(96B) AllocSpace objects, 0(0B) LOS objects, 22% free, 53MB/69MB, paused 539us total 23.754ms
08-04 13:53:06.344 21560 21599 I art     : Starting a blocking GC Explicit
08-04 13:53:06.368 21560 21599 I art     : Explicit concurrent mark sweep GC freed 3(96B) AllocSpace objects, 0(0B) LOS objects, 22% free, 53MB/69MB, paused 558us total 23.892ms
08-04 13:53:06.632 17572 17572 I ServiceManager: Waiting for service AtCmdFwd...
08-04 13:53:06.652 21560 22049 I art     : Starting a blocking GC Explicit
08-04 13:53:06.677 21560 22049 I art     : Explicit concurrent mark sweep GC freed 1344(78KB) AllocSpace objects, 1(20KB) LOS objects, 22% free, 53MB/69MB, paused 566us total 24.636ms
08-04 13:53:06.686 21560 22049 I art     : Starting a blocking GC Explicit
08-04 13:53:06.709 21560 22049 I art     : Explicit concurrent mark sweep GC freed 20(704B) AllocSpace objects, 0(0B) LOS objects, 22% free, 53MB/69MB, paused 552us total 23.048ms
08-04 13:53:06.718 21560 22049 I art     : Starting a blocking GC Explicit
08-04 13:53:06.741 21560 22049 I art     : Explicit concurrent mark sweep GC freed 3(96B) AllocSpace objects, 0(0B) LOS objects, 22% free, 53MB/69MB, paused 544us total 23.121ms
08-04 13:53:06.750 21560 22049 I art     : Starting a blocking GC Explicit
08-04 13:53:06.773 21560 22049 I art     : Explicit concurrent mark sweep GC freed 3(96B) AllocSpace objects, 0(0B) LOS objects, 22% free, 53MB/69MB, paused 551us total 22.384ms
08-04 13:53:06.782 21560 22049 I art     : Starting a blocking GC Explicit
08-04 13:53:06.805 21560 22049 I art     : Explicit concurrent mark sweep GC freed 3(96B) AllocSpace objects, 0(0B) LOS objects, 22% free, 53MB/69MB, paused 568us total 23.226ms
08-04 13:53:06.935 25881 25881 D AndroidRuntime: >>>>>> START com.android.internal.os.RuntimeInit uid 2000 <<<<<<
08-04 13:53:06.942 25881 25881 D AndroidRuntime: CheckJNI is OFF
08-04 13:53:06.975 25881 25881 D ICU     : No timezone override file found: /data/misc/zoneinfo/current/icu/icu_tzdata.dat
08-04 13:53:07.007 25881 25881 I Radio-JNI: register_android_hardware_Radio DONE
08-04 13:53:07.029 25881 25881 D AndroidRuntime: Calling main entry com.android.commands.input.Input
08-04 13:53:07.031 25881 25881 I Input   : injectMotionEvent: MotionEvent { action=ACTION_DOWN, actionButton=0, id[0]=0, x[0]=255.0, y[0]=1845.0, toolType[0]=TOOL_TYPE_UNKNOWN, buttonState=0, metaState=0, flags=0x0, edgeFlags=0x0, pointerCount=1, historySize=0, eventTime=712403443, downTime=712403443, deviceId=0, source=0x1002 }
08-04 13:53:07.035 25881 25881 I Input   : injectMotionEvent: MotionEvent { action=ACTION_UP, actionButton=0, id[0]=0, x[0]=255.0, y[0]=1845.0, toolType[0]=TOOL_TYPE_UNKNOWN, buttonState=0, metaState=0, flags=0x0, edgeFlags=0x0, pointerCount=1, historySize=0, eventTime=712403443, downTime=712403443, deviceId=0, source=0x1002 }
08-04 13:53:07.036   918   929 I ActivityManager: START u0 {cmp=baseline.appteam.nith.hillffair/.activities.ClubActivity (has extras)} from uid 10651 on display 0
08-04 13:53:07.043 25881 25881 D AndroidRuntime: Shutting down VM
08-04 13:53:07.104 21560 21599 I art     : Starting a blocking GC Explicit
08-04 13:53:07.120 21560 21560 I NAPPA_EXPERIMENTATION: MetricNetworkRequestExecutionTime: REQUEST_DURATION_SYSTEM='49',REQUEST_DURATION_OKHTTP='29',REQUEST_SYNCHRONOUS='FALSE',RESPONSE_CODE='200',RESPONSE_METHOD='GET',RESPONSE_LENGTH_OKHTTP='1171',RESPONSE_LENGTH_HEADER='-2',REQUEST_PROTOCOL='http/1.1',REQUEST_URL='https://api-hillfair-2k16.herokuapp.com/api/app/club/Technical%20Committee',
08-04 13:53:07.128 21560 21599 I art     : Explicit concurrent mark sweep GC freed 5601(410KB) AllocSpace objects, 1(20KB) LOS objects, 22% free, 53MB/69MB, paused 940us total 24.359ms
08-04 13:53:07.138 21560 21599 I art     : Starting a blocking GC Explicit
08-04 13:53:07.144   918   936 I ActivityManager: Displayed baseline.appteam.nith.hillffair/.activities.ClubActivity: +99ms
08-04 13:53:07.144 13866 13866 I GoogleInputMethodServic: GoogleInputMethodService.onFinishInput():3138 
08-04 13:53:07.144 13866 13866 I GoogleInputMethodServic: GoogleInputMethodService.onStartInput():1808 
08-04 13:53:07.162 21560 21599 I art     : Explicit concurrent mark sweep GC freed 336(14KB) AllocSpace objects, 0(0B) LOS objects, 22% free, 53MB/69MB, paused 596us total 24.169ms
08-04 13:53:07.175 21560 21599 I art     : Starting a blocking GC Explicit
08-04 13:53:07.197 21560 21599 I art     : Explicit concurrent mark sweep GC freed 10(400B) AllocSpace objects, 0(0B) LOS objects, 22% free, 53MB/69MB, paused 567us total 20.998ms
08-04 13:53:07.205 21560 21599 I art     : Starting a blocking GC Explicit
08-04 13:53:07.227 21560 21599 I art     : Explicit concurrent mark sweep GC freed 5(176B) AllocSpace objects, 0(0B) LOS objects, 22% free, 53MB/69MB, paused 638us total 21.867ms
08-04 13:53:07.236 21560 21599 I art     : Starting a blocking GC Explicit
08-04 13:53:07.259 21560 21599 I art     : Explicit concurrent mark sweep GC freed 3(96B) AllocSpace objects, 0(0B) LOS objects, 22% free, 53MB/69MB, paused 577us total 22.388ms
08-04 13:53:07.405   380   380 W SurfaceFlinger: couldn't log to binary event log: overflow.
08-04 13:53:07.525 21560 21573 I art     : Starting a blocking GC Explicit
08-04 13:53:07.550 21560 21573 I art     : Explicit concurrent mark sweep GC freed 1493(86KB) AllocSpace objects, 1(20KB) LOS objects, 22% free, 53MB/69MB, paused 525us total 25.131ms
08-04 13:53:07.559 21560 21573 I art     : Starting a blocking GC Explicit
08-04 13:53:07.582 21560 21573 I art     : Explicit concurrent mark sweep GC freed 36(1264B) AllocSpace objects, 0(0B) LOS objects, 22% free, 53MB/69MB, paused 564us total 23.351ms
08-04 13:53:07.591 21560 21573 I art     : Starting a blocking GC Explicit
08-04 13:53:07.615 21560 21573 I art     : Explicit concurrent mark sweep GC freed 3(96B) AllocSpace objects, 0(0B) LOS objects, 22% free, 53MB/69MB, paused 549us total 23.004ms
08-04 13:53:07.624 21560 21573 I art     : Starting a blocking GC Explicit
08-04 13:53:07.632 17572 17572 I ServiceManager: Waiting for service AtCmdFwd...
08-04 13:53:07.648 21560 21573 I art     : Explicit concurrent mark sweep GC freed 3(96B) AllocSpace objects, 0(0B) LOS objects, 22% free, 53MB/69MB, paused 567us total 24.231ms
08-04 13:53:07.658 21560 21573 I art     : Starting a blocking GC Explicit
08-04 13:53:07.682 21560 21573 I art     : Explicit concurrent mark sweep GC freed 3(96B) AllocSpace objects, 0(0B) LOS objects, 22% free, 53MB/69MB, paused 584us total 24.374ms
08-04 13:53:07.978 21560 21572 I art     : Starting a blocking GC Explicit
08-04 13:53:08.009 21560 21572 I art     : Explicit concurrent mark sweep GC freed 1344(78KB) AllocSpace objects, 1(20KB) LOS objects, 22% free, 53MB/69MB, paused 638us total 31.278ms
08-04 13:53:08.025 21560 21572 I art     : Starting a blocking GC Explicit
08-04 13:53:08.048 21560 21572 I art     : Explicit concurrent mark sweep GC freed 20(704B) AllocSpace objects, 0(0B) LOS objects, 22% free, 53MB/69MB, paused 564us total 23.503ms
08-04 13:53:08.057 21560 21572 I art     : Starting a blocking GC Explicit
08-04 13:53:08.081 21560 21572 I art     : Explicit concurrent mark sweep GC freed 3(96B) AllocSpace objects, 0(0B) LOS objects, 22% free, 53MB/69MB, paused 547us total 23.585ms
08-04 13:53:08.090 21560 21572 I art     : Starting a blocking GC Explicit
08-04 13:53:08.114 21560 21572 I art     : Explicit concurrent mark sweep GC freed 3(96B) AllocSpace objects, 0(0B) LOS objects, 22% free, 53MB/69MB, paused 540us total 23.536ms
08-04 13:53:08.123 21560 21572 I art     : Starting a blocking GC Explicit
08-04 13:53:08.148 21560 21572 I art     : Explicit concurrent mark sweep GC freed 3(96B) AllocSpace objects, 0(0B) LOS objects, 22% free, 53MB/69MB, paused 604us total 24.711ms
08-04 13:53:08.446 21560 22049 I art     : Starting a blocking GC Explicit
08-04 13:53:08.479 21560 22049 I art     : Explicit concurrent mark sweep GC freed 1344(78KB) AllocSpace objects, 1(20KB) LOS objects, 22% free, 53MB/69MB, paused 659us total 32.921ms
08-04 13:53:08.490 21560 22049 I art     : Starting a blocking GC Explicit
08-04 13:53:08.516 21560 22049 I art     : Explicit concurrent mark sweep GC freed 20(704B) AllocSpace objects, 0(0B) LOS objects, 22% free, 53MB/69MB, paused 553us total 25.231ms
08-04 13:53:08.525 21560 22049 I art     : Starting a blocking GC Explicit
08-04 13:53:08.550 21560 22049 I art     : Explicit concurrent mark sweep GC freed 3(96B) AllocSpace objects, 0(0B) LOS objects, 22% free, 53MB/69MB, paused 569us total 24.725ms
08-04 13:53:08.559 21560 22049 I art     : Starting a blocking GC Explicit
08-04 13:53:08.584 21560 22049 I art     : Explicit concurrent mark sweep GC freed 3(96B) AllocSpace objects, 0(0B) LOS objects, 22% free, 53MB/69MB, paused 588us total 24.774ms
08-04 13:53:08.594 21560 22049 I art     : Starting a blocking GC Explicit
08-04 13:53:08.619 21560 22049 I art     : Explicit concurrent mark sweep GC freed 3(96B) AllocSpace objects, 0(0B) LOS objects, 22% free, 53MB/69MB, paused 576us total 25.261ms
08-04 13:53:08.633 17572 17572 I ServiceManager: Waiting for service AtCmdFwd...
08-04 13:53:08.939 21560 21599 I art     : Starting a blocking GC Explicit
08-04 13:53:08.971 21560 21599 I art     : Explicit concurrent mark sweep GC freed 1344(78KB) AllocSpace objects, 1(20KB) LOS objects, 22% free, 53MB/69MB, paused 633us total 31.635ms
08-04 13:53:08.982 21560 21599 I art     : Starting a blocking GC Explicit
08-04 13:53:09.008 21560 21599 I art     : Explicit concurrent mark sweep GC freed 20(704B) AllocSpace objects, 0(0B) LOS objects, 22% free, 53MB/69MB, paused 617us total 25.555ms
08-04 13:53:09.017 21560 21599 I art     : Starting a blocking GC Explicit
08-04 13:53:09.042 21560 21599 I art     : Explicit concurrent mark sweep GC freed 3(96B) AllocSpace objects, 0(0B) LOS objects, 22% free, 53MB/69MB, paused 562us total 24.962ms
08-04 13:53:09.052 21560 21599 I art     : Starting a blocking GC Explicit
08-04 13:53:09.077 21560 21599 I art     : Explicit concurrent mark sweep GC freed 3(96B) AllocSpace objects, 0(0B) LOS objects, 22% free, 53MB/69MB, paused 622us total 25.016ms
08-04 13:53:09.086 21560 21599 I art     : Starting a blocking GC Explicit
08-04 13:53:09.111 21560 21599 I art     : Explicit concurrent mark sweep GC freed 3(96B) AllocSpace objects, 0(0B) LOS objects, 22% free, 53MB/69MB, paused 564us total 24.798ms
08-04 13:53:09.431 21560 21573 I art     : Starting a blocking GC Explicit
08-04 13:53:09.463 21560 21573 I art     : Explicit concurrent mark sweep GC freed 1344(78KB) AllocSpace objects, 1(20KB) LOS objects, 22% free, 53MB/69MB, paused 737us total 31.821ms
08-04 13:53:09.476 21560 21573 I art     : Starting a blocking GC Explicit
08-04 13:53:09.500 21560 21573 I art     : Explicit concurrent mark sweep GC freed 20(704B) AllocSpace objects, 0(0B) LOS objects, 22% free, 53MB/69MB, paused 557us total 24.275ms
08-04 13:53:09.509 21560 21573 I art     : Starting a blocking GC Explicit
08-04 13:53:09.534 21560 21573 I art     : Explicit concurrent mark sweep GC freed 3(96B) AllocSpace objects, 0(0B) LOS objects, 22% free, 53MB/69MB, paused 559us total 24.625ms
08-04 13:53:09.543 21560 21573 I art     : Starting a blocking GC Explicit
08-04 13:53:09.568 21560 21573 I art     : Explicit concurrent mark sweep GC freed 3(96B) AllocSpace objects, 0(0B) LOS objects, 22% free, 53MB/69MB, paused 564us total 24.677ms
08-04 13:53:09.578 21560 21573 I art     : Starting a blocking GC Explicit
08-04 13:53:09.603 21560 21573 I art     : Explicit concurrent mark sweep GC freed 3(96B) AllocSpace objects, 0(0B) LOS objects, 22% free, 53MB/69MB, paused 582us total 25.123ms
08-04 13:53:09.633 17572 17572 W Atfwd_Sendcmd: AtCmdFwd service not published, waiting... retryCnt : 5
08-04 13:53:09.932 21560 21572 I art     : Starting a blocking GC Explicit
08-04 13:53:09.964 21560 21572 I art     : Explicit concurrent mark sweep GC freed 1344(78KB) AllocSpace objects, 1(20KB) LOS objects, 22% free, 53MB/69MB, paused 769us total 31.746ms
08-04 13:53:09.976 21560 21572 I art     : Starting a blocking GC Explicit
08-04 13:53:10.002 21560 21572 I art     : Explicit concurrent mark sweep GC freed 20(704B) AllocSpace objects, 0(0B) LOS objects, 22% free, 53MB/69MB, paused 586us total 25.418ms
08-04 13:53:10.012 21560 21572 I art     : Starting a blocking GC Explicit
08-04 13:53:10.037 21560 21572 I art     : Explicit concurrent mark sweep GC freed 3(96B) AllocSpace objects, 0(0B) LOS objects, 22% free, 53MB/69MB, paused 594us total 25.564ms
08-04 13:53:10.047 21560 21572 I art     : Starting a blocking GC Explicit
08-04 13:53:10.072 21560 21572 I art     : Explicit concurrent mark sweep GC freed 3(96B) AllocSpace objects, 0(0B) LOS objects, 22% free, 53MB/69MB, paused 577us total 24.965ms
08-04 13:53:10.081 21560 21572 I art     : Starting a blocking GC Explicit
08-04 13:53:10.106 21560 21572 I art     : Explicit concurrent mark sweep GC freed 3(96B) AllocSpace objects, 0(0B) LOS objects, 22% free, 53MB/69MB, paused 565us total 24.844ms
08-04 13:53:10.413 21560 22049 I art     : Starting a blocking GC Explicit
08-04 13:53:10.438 21560 22049 I art     : Explicit concurrent mark sweep GC freed 1344(78KB) AllocSpace objects, 1(20KB) LOS objects, 22% free, 53MB/69MB, paused 565us total 25.429ms
08-04 13:53:10.448 21560 22049 I art     : Starting a blocking GC Explicit
08-04 13:53:10.473 21560 22049 I art     : Explicit concurrent mark sweep GC freed 20(704B) AllocSpace objects, 0(0B) LOS objects, 22% free, 53MB/69MB, paused 534us total 25.429ms
08-04 13:53:10.483 21560 22049 I art     : Starting a blocking GC Explicit
08-04 13:53:10.508 21560 22049 I art     : Explicit concurrent mark sweep GC freed 3(96B) AllocSpace objects, 0(0B) LOS objects, 22% free, 53MB/69MB, paused 589us total 25.382ms
08-04 13:53:10.518 21560 22049 I art     : Starting a blocking GC Explicit
08-04 13:53:10.543 21560 22049 I art     : Explicit concurrent mark sweep GC freed 3(96B) AllocSpace objects, 0(0B) LOS objects, 22% free, 53MB/69MB, paused 552us total 24.814ms
08-04 13:53:10.552 21560 22049 I art     : Starting a blocking GC Explicit
08-04 13:53:10.578 21560 22049 I art     : Explicit concurrent mark sweep GC freed 3(96B) AllocSpace objects, 0(0B) LOS objects, 22% free, 53MB/69MB, paused 635us total 25.344ms
08-04 13:53:10.903 21560 21599 I art     : Starting a blocking GC Explicit
08-04 13:53:10.942 21560 21599 I art     : Explicit concurrent mark sweep GC freed 1344(78KB) AllocSpace objects, 1(20KB) LOS objects, 22% free, 53MB/69MB, paused 1.021ms total 38.369ms
08-04 13:53:10.957 21560 21599 I art     : Starting a blocking GC Explicit
08-04 13:53:10.982 21560 21599 I art     : Explicit concurrent mark sweep GC freed 20(704B) AllocSpace objects, 0(0B) LOS objects, 22% free, 53MB/69MB, paused 560us total 24.632ms
08-04 13:53:10.991 21560 21599 I art     : Starting a blocking GC Explicit
08-04 13:53:11.016 21560 21599 I art     : Explicit concurrent mark sweep GC freed 3(96B) AllocSpace objects, 0(0B) LOS objects, 22% free, 53MB/69MB, paused 563us total 24.577ms
08-04 13:53:11.025 21560 21599 I art     : Starting a blocking GC Explicit
08-04 13:53:11.051 21560 21599 I art     : Explicit concurrent mark sweep GC freed 3(96B) AllocSpace objects, 0(0B) LOS objects, 22% free, 53MB/69MB, paused 565us total 25.530ms
08-04 13:53:11.061 21560 21599 I art     : Starting a blocking GC Explicit
08-04 13:53:11.085 21560 21599 I art     : Explicit concurrent mark sweep GC freed 3(96B) AllocSpace objects, 0(0B) LOS objects, 22% free, 53MB/69MB, paused 537us total 24.143ms
08-04 13:53:11.384 21560 21573 I art     : Starting a blocking GC Explicit
08-04 13:53:11.409 21560 21573 I art     : Explicit concurrent mark sweep GC freed 1365(79KB) AllocSpace objects, 1(20KB) LOS objects, 22% free, 53MB/69MB, paused 577us total 24.843ms
08-04 13:53:11.419 21560 21573 I art     : Starting a blocking GC Explicit
08-04 13:53:11.443 21560 21573 I art     : Explicit concurrent mark sweep GC freed 36(1216B) AllocSpace objects, 0(0B) LOS objects, 22% free, 53MB/69MB, paused 590us total 24.100ms
08-04 13:53:11.453 21560 21573 I art     : Starting a blocking GC Explicit
08-04 13:53:11.477 21560 21573 I art     : Explicit concurrent mark sweep GC freed 3(96B) AllocSpace objects, 0(0B) LOS objects, 22% free, 53MB/69MB, paused 664us total 23.801ms
08-04 13:53:11.486 21560 21573 I art     : Starting a blocking GC Explicit
08-04 13:53:11.509 21560 21573 I art     : Explicit concurrent mark sweep GC freed 3(96B) AllocSpace objects, 0(0B) LOS objects, 22% free, 53MB/69MB, paused 552us total 23.316ms
08-04 13:53:11.518 21560 21573 I art     : Starting a blocking GC Explicit
08-04 13:53:11.542 21560 21573 I art     : Explicit concurrent mark sweep GC freed 3(96B) AllocSpace objects, 0(0B) LOS objects, 22% free, 53MB/69MB, paused 555us total 23.263ms
08-04 13:53:11.727 26004 26004 D AndroidRuntime: >>>>>> START com.android.internal.os.RuntimeInit uid 2000 <<<<<<
08-04 13:53:11.732 26004 26004 D AndroidRuntime: CheckJNI is OFF
08-04 13:53:11.765 26004 26004 D ICU     : No timezone override file found: /data/misc/zoneinfo/current/icu/icu_tzdata.dat
08-04 13:53:11.799 26004 26004 I Radio-JNI: register_android_hardware_Radio DONE
08-04 13:53:11.821 26004 26004 D AndroidRuntime: Calling main entry com.android.commands.input.Input
08-04 13:53:11.822 26004 26004 I Input   : injectKeyEvent: KeyEvent { action=ACTION_DOWN, keyCode=KEYCODE_BACK, scanCode=0, metaState=0, flags=0x0, repeatCount=0, eventTime=712408236, downTime=712408236, deviceId=-1, source=0x101 }
08-04 13:53:11.828 26004 26004 I Input   : injectKeyEvent: KeyEvent { action=ACTION_UP, keyCode=KEYCODE_BACK, scanCode=0, metaState=0, flags=0x0, repeatCount=0, eventTime=712408236, downTime=712408236, deviceId=-1, source=0x101 }
08-04 13:53:11.831 21560 21572 I art     : Starting a blocking GC Explicit
08-04 13:53:11.835 26004 26004 D AndroidRuntime: Shutting down VM
08-04 13:53:11.855 21560 21572 I art     : Explicit concurrent mark sweep GC freed 1487(84KB) AllocSpace objects, 1(20KB) LOS objects, 22% free, 53MB/69MB, paused 540us total 23.837ms
08-04 13:53:11.864 21560 21572 I art     : Starting a blocking GC Explicit
08-04 13:53:11.874 13866 13866 I GoogleInputMethodServic: GoogleInputMethodService.onFinishInput():3138 
08-04 13:53:11.874 13866 13866 I GoogleInputMethodServic: GoogleInputMethodService.onStartInput():1808 
08-04 13:53:11.885 21560 21572 I art     : Explicit concurrent mark sweep GC freed 40(1568B) AllocSpace objects, 0(0B) LOS objects, 22% free, 53MB/69MB, paused 534us total 21.278ms
08-04 13:53:11.895 21560 21572 I art     : Starting a blocking GC Explicit
08-04 13:53:11.915 21560 21572 I art     : Explicit concurrent mark sweep GC freed 25(816B) AllocSpace objects, 0(0B) LOS objects, 22% free, 53MB/69MB, paused 571us total 19.928ms
08-04 13:53:11.924 21560 21572 I art     : Starting a blocking GC Explicit
08-04 13:53:11.944 21560 21572 I art     : Explicit concurrent mark sweep GC freed 6(224B) AllocSpace objects, 0(0B) LOS objects, 22% free, 53MB/69MB, paused 518us total 19.665ms
08-04 13:53:11.952 21560 21572 I art     : Starting a blocking GC Explicit
08-04 13:53:11.972 21560 21572 I art     : Explicit concurrent mark sweep GC freed 3(96B) AllocSpace objects, 0(0B) LOS objects, 22% free, 53MB/69MB, paused 490us total 19.765ms
08-04 13:53:12.165   380   380 W SurfaceFlinger: couldn't log to binary event log: overflow.
08-04 13:53:12.228 21560 21573 I art     : Starting a blocking GC Explicit
08-04 13:53:12.253 21560 21573 I art     : Explicit concurrent mark sweep GC freed 1453(86KB) AllocSpace objects, 1(20KB) LOS objects, 22% free, 53MB/69MB, paused 565us total 24.276ms
08-04 13:53:12.267 21560 21573 I art     : Starting a blocking GC Explicit
08-04 13:53:12.291 21560 21573 I art     : Explicit concurrent mark sweep GC freed 1566(104KB) AllocSpace objects, 2(68KB) LOS objects, 22% free, 53MB/69MB, paused 528us total 23.228ms
08-04 13:53:12.299 21560 21573 I art     : Starting a blocking GC Explicit
08-04 13:53:12.322 21560 21573 I art     : Explicit concurrent mark sweep GC freed 3(96B) AllocSpace objects, 0(0B) LOS objects, 22% free, 53MB/69MB, paused 535us total 22.829ms
08-04 13:53:12.331 21560 21573 I art     : Starting a blocking GC Explicit
08-04 13:53:12.354 21560 21573 I art     : Explicit concurrent mark sweep GC freed 3(96B) AllocSpace objects, 0(0B) LOS objects, 22% free, 53MB/69MB, paused 546us total 22.890ms
08-04 13:53:12.363 21560 21573 I art     : Starting a blocking GC Explicit
08-04 13:53:12.387 21560 21573 I art     : Explicit concurrent mark sweep GC freed 3(96B) AllocSpace objects, 0(0B) LOS objects, 22% free, 53MB/69MB, paused 676us total 23.899ms
08-04 13:53:12.683 21560 22049 I art     : Starting a blocking GC Explicit
08-04 13:53:12.719 21560 22049 I art     : Explicit concurrent mark sweep GC freed 1344(78KB) AllocSpace objects, 1(20KB) LOS objects, 22% free, 53MB/69MB, paused 684us total 35.101ms
08-04 13:53:12.732 21560 22049 I art     : Starting a blocking GC Explicit
08-04 13:53:12.757 21560 22049 I art     : Explicit concurrent mark sweep GC freed 20(704B) AllocSpace objects, 0(0B) LOS objects, 22% free, 53MB/69MB, paused 618us total 25.221ms
08-04 13:53:12.766 21560 22049 I art     : Starting a blocking GC Explicit
08-04 13:53:12.791 21560 22049 I art     : Explicit concurrent mark sweep GC freed 3(96B) AllocSpace objects, 0(0B) LOS objects, 22% free, 53MB/69MB, paused 551us total 23.980ms
08-04 13:53:12.800 21560 22049 I art     : Starting a blocking GC Explicit
08-04 13:53:12.824 21560 22049 I art     : Explicit concurrent mark sweep GC freed 3(96B) AllocSpace objects, 0(0B) LOS objects, 22% free, 53MB/69MB, paused 580us total 24.347ms
08-04 13:53:12.834 21560 22049 I art     : Starting a blocking GC Explicit
08-04 13:53:12.858 21560 22049 I art     : Explicit concurrent mark sweep GC freed 3(96B) AllocSpace objects, 0(0B) LOS objects, 22% free, 53MB/69MB, paused 578us total 23.686ms
08-04 13:53:13.145 21560 21599 I art     : Starting a blocking GC Explicit
08-04 13:53:13.170 21560 21599 I art     : Explicit concurrent mark sweep GC freed 1344(78KB) AllocSpace objects, 1(20KB) LOS objects, 22% free, 53MB/69MB, paused 572us total 23.892ms
08-04 13:53:13.179 21560 21599 I art     : Starting a blocking GC Explicit
08-04 13:53:13.203 21560 21599 I art     : Explicit concurrent mark sweep GC freed 20(704B) AllocSpace objects, 0(0B) LOS objects, 22% free, 53MB/69MB, paused 553us total 23.856ms
08-04 13:53:13.212 21560 21599 I art     : Starting a blocking GC Explicit
08-04 13:53:13.235 21560 21599 I art     : Explicit concurrent mark sweep GC freed 3(96B) AllocSpace objects, 0(0B) LOS objects, 22% free, 53MB/69MB, paused 548us total 22.956ms
08-04 13:53:13.244 21560 21599 I art     : Starting a blocking GC Explicit
08-04 13:53:13.267 21560 21599 I art     : Explicit concurrent mark sweep GC freed 3(96B) AllocSpace objects, 0(0B) LOS objects, 22% free, 53MB/69MB, paused 666us total 23.018ms
08-04 13:53:13.276 21560 21599 I art     : Starting a blocking GC Explicit
08-04 13:53:13.300 21560 21599 I art     : Explicit concurrent mark sweep GC freed 3(96B) AllocSpace objects, 0(0B) LOS objects, 22% free, 53MB/69MB, paused 558us total 23.299ms
08-04 13:53:13.494 26060 26060 D AndroidRuntime: >>>>>> START com.android.internal.os.RuntimeInit uid 2000 <<<<<<
08-04 13:53:13.499 26060 26060 D AndroidRuntime: CheckJNI is OFF
08-04 13:53:13.534 26060 26060 D ICU     : No timezone override file found: /data/misc/zoneinfo/current/icu/icu_tzdata.dat
08-04 13:53:13.567 26060 26060 I Radio-JNI: register_android_hardware_Radio DONE
08-04 13:53:13.570 21560 21572 I art     : Starting a blocking GC Explicit
08-04 13:53:13.589 26060 26060 D AndroidRuntime: Calling main entry com.android.commands.input.Input
08-04 13:53:13.591 26060 26060 I Input   : injectKeyEvent: KeyEvent { action=ACTION_DOWN, keyCode=KEYCODE_BACK, scanCode=0, metaState=0, flags=0x0, repeatCount=0, eventTime=712410004, downTime=712410004, deviceId=-1, source=0x101 }
08-04 13:53:13.594 21560 21572 I art     : Explicit concurrent mark sweep GC freed 1344(78KB) AllocSpace objects, 1(20KB) LOS objects, 22% free, 53MB/69MB, paused 582us total 23.890ms
08-04 13:53:13.596 26060 26060 I Input   : injectKeyEvent: KeyEvent { action=ACTION_UP, keyCode=KEYCODE_BACK, scanCode=0, metaState=0, flags=0x0, repeatCount=0, eventTime=712410004, downTime=712410004, deviceId=-1, source=0x101 }
08-04 13:53:13.603 21560 21572 I art     : Starting a blocking GC Explicit
08-04 13:53:13.603 26060 26060 D AndroidRuntime: Shutting down VM
08-04 13:53:13.626 21560 21572 I art     : Explicit concurrent mark sweep GC freed 167(7KB) AllocSpace objects, 0(0B) LOS objects, 22% free, 53MB/69MB, paused 574us total 22.739ms
08-04 13:53:13.635 21560 21572 I art     : Starting a blocking GC Explicit
08-04 13:53:13.645 13866 13866 I GoogleInputMethodServic: GoogleInputMethodService.onFinishInput():3138 
08-04 13:53:13.646 13866 13866 I GoogleInputMethodServic: GoogleInputMethodService.onStartInput():1808 
08-04 13:53:13.656 21560 21572 I art     : Explicit concurrent mark sweep GC freed 22(880B) AllocSpace objects, 0(0B) LOS objects, 22% free, 53MB/69MB, paused 517us total 21.087ms
08-04 13:53:13.665 21560 21572 I art     : Starting a blocking GC Explicit
08-04 13:53:13.687 21560 21572 I art     : Explicit concurrent mark sweep GC freed 50(1664B) AllocSpace objects, 0(0B) LOS objects, 22% free, 53MB/69MB, paused 629us total 21.541ms
08-04 13:53:13.696 21560 21572 I art     : Starting a blocking GC Explicit
08-04 13:53:13.721 21560 21572 I art     : Explicit concurrent mark sweep GC freed 3(96B) AllocSpace objects, 0(0B) LOS objects, 22% free, 53MB/69MB, paused 539us total 25.222ms
08-04 13:53:13.985 21560 21573 I art     : Starting a blocking GC Explicit
08-04 13:53:14.010 21560 21573 I art     : Explicit concurrent mark sweep GC freed 2020(110KB) AllocSpace objects, 1(20KB) LOS objects, 22% free, 53MB/69MB, paused 802us total 24.223ms
08-04 13:53:14.018 21560 21573 I art     : Starting a blocking GC Explicit
08-04 13:53:14.041 21560 21573 I art     : Explicit concurrent mark sweep GC freed 2678(174KB) AllocSpace objects, 1(28KB) LOS objects, 23% free, 53MB/69MB, paused 550us total 22.710ms
08-04 13:53:14.050 21560 21573 I art     : Starting a blocking GC Explicit
08-04 13:53:14.073 21560 21573 I art     : Explicit concurrent mark sweep GC freed 3(96B) AllocSpace objects, 0(0B) LOS objects, 23% free, 53MB/69MB, paused 560us total 22.411ms
08-04 13:53:14.082 21560 21573 I art     : Starting a blocking GC Explicit
08-04 13:53:14.105 21560 21573 I art     : Explicit concurrent mark sweep GC freed 3(96B) AllocSpace objects, 0(0B) LOS objects, 23% free, 53MB/69MB, paused 561us total 22.844ms
08-04 13:53:14.114 21560 21573 I art     : Starting a blocking GC Explicit
08-04 13:53:14.137 21560 21573 I art     : Explicit concurrent mark sweep GC freed 3(96B) AllocSpace objects, 0(0B) LOS objects, 23% free, 53MB/69MB, paused 608us total 22.830ms
08-04 13:53:14.420 21560 21599 I art     : Starting a blocking GC Explicit
08-04 13:53:14.449 21560 21599 I art     : Explicit concurrent mark sweep GC freed 1344(78KB) AllocSpace objects, 1(20KB) LOS objects, 23% free, 53MB/69MB, paused 615us total 28.267ms
08-04 13:53:14.461 21560 21599 I art     : Starting a blocking GC Explicit
08-04 13:53:14.484 21560 21599 I art     : Explicit concurrent mark sweep GC freed 20(704B) AllocSpace objects, 0(0B) LOS objects, 23% free, 53MB/69MB, paused 627us total 23.459ms
08-04 13:53:14.493 21560 21599 I art     : Starting a blocking GC Explicit
08-04 13:53:14.517 21560 21599 I art     : Explicit concurrent mark sweep GC freed 3(96B) AllocSpace objects, 0(0B) LOS objects, 23% free, 53MB/69MB, paused 561us total 23.769ms
08-04 13:53:14.527 21560 21599 I art     : Starting a blocking GC Explicit
08-04 13:53:14.550 21560 21599 I art     : Explicit concurrent mark sweep GC freed 3(96B) AllocSpace objects, 0(0B) LOS objects, 23% free, 53MB/69MB, paused 568us total 23.459ms
08-04 13:53:14.560 21560 21599 I art     : Starting a blocking GC Explicit
08-04 13:53:14.583 21560 21599 I art     : Explicit concurrent mark sweep GC freed 3(96B) AllocSpace objects, 0(0B) LOS objects, 23% free, 53MB/69MB, paused 586us total 23.430ms
08-04 13:53:14.872 21560 22049 I art     : Starting a blocking GC Explicit
08-04 13:53:14.895 21560 22049 I art     : Explicit concurrent mark sweep GC freed 1341(78KB) AllocSpace objects, 1(20KB) LOS objects, 23% free, 53MB/69MB, paused 538us total 22.762ms
08-04 13:53:14.904 21560 22049 I art     : Starting a blocking GC Explicit
08-04 13:53:14.926 21560 22049 I art     : Explicit concurrent mark sweep GC freed 20(704B) AllocSpace objects, 0(0B) LOS objects, 23% free, 53MB/69MB, paused 549us total 21.203ms
08-04 13:53:14.934 21560 22049 I art     : Starting a blocking GC Explicit
08-04 13:53:14.957 21560 22049 I art     : Explicit concurrent mark sweep GC freed 3(96B) AllocSpace objects, 0(0B) LOS objects, 23% free, 53MB/69MB, paused 651us total 22.541ms
08-04 13:53:14.966 21560 22049 I art     : Starting a blocking GC Explicit
08-04 13:53:14.988 21560 22049 I art     : Explicit concurrent mark sweep GC freed 3(96B) AllocSpace objects, 0(0B) LOS objects, 23% free, 53MB/69MB, paused 624us total 21.696ms
08-04 13:53:14.996 21560 22049 I art     : Starting a blocking GC Explicit
08-04 13:53:15.018 21560 22049 I art     : Explicit concurrent mark sweep GC freed 3(96B) AllocSpace objects, 0(0B) LOS objects, 23% free, 53MB/69MB, paused 557us total 21.538ms
08-04 13:53:15.291 21560 21572 I art     : Starting a blocking GC Explicit
08-04 13:53:15.304 26122 26122 D AndroidRuntime: >>>>>> START com.android.internal.os.RuntimeInit uid 2000 <<<<<<
08-04 13:53:15.309 26122 26122 D AndroidRuntime: CheckJNI is OFF
08-04 13:53:15.314 21560 21572 I art     : Explicit concurrent mark sweep GC freed 1341(78KB) AllocSpace objects, 1(20KB) LOS objects, 23% free, 53MB/69MB, paused 630us total 23.370ms
08-04 13:53:15.323 21560 21572 I art     : Starting a blocking GC Explicit
08-04 13:53:15.345 26122 26122 D ICU     : No timezone override file found: /data/misc/zoneinfo/current/icu/icu_tzdata.dat
08-04 13:53:15.346 21560 21572 I art     : Explicit concurrent mark sweep GC freed 20(704B) AllocSpace objects, 0(0B) LOS objects, 23% free, 53MB/69MB, paused 614us total 22.531ms
08-04 13:53:15.355 21560 21572 I art     : Starting a blocking GC Explicit
08-04 13:53:15.377 21560 21572 I art     : Explicit concurrent mark sweep GC freed 3(96B) AllocSpace objects, 0(0B) LOS objects, 23% free, 53MB/69MB, paused 666us total 22.085ms
08-04 13:53:15.382 26122 26122 I Radio-JNI: register_android_hardware_Radio DONE
08-04 13:53:15.386 21560 21572 I art     : Starting a blocking GC Explicit
08-04 13:53:15.404 26122 26122 D AndroidRuntime: Calling main entry com.android.commands.am.Am
08-04 13:53:15.408 21560 21572 I art     : Explicit concurrent mark sweep GC freed 3(96B) AllocSpace objects, 0(0B) LOS objects, 23% free, 53MB/69MB, paused 619us total 21.800ms
08-04 13:53:15.416  2375  2375 I Trepn   : Trepn 6.2s: Received intent: com.quicinc.trepn.stop_profiling
08-04 13:53:15.417 21560 21572 I art     : Starting a blocking GC Explicit
08-04 13:53:15.438 21560 21572 I art     : Explicit concurrent mark sweep GC freed 3(96B) AllocSpace objects, 0(0B) LOS objects, 23% free, 53MB/69MB, paused 865us total 21.218ms
08-04 13:53:15.470  2375  2375 I Trepn   : Trepn 6.2s: Trepn has Stopped Profiling.
08-04 13:53:15.692 26122 26122 D AndroidRuntime: Shutting down VM
08-04 13:53:15.695   918  3696 W AppOps  : Finishing op nesting under-run: uid 10078 pkg com.quicinc.trepn code 24 time=0 duration=0 nesting=0
08-04 13:53:15.753 21560 21573 I art     : Starting a blocking GC Explicit
08-04 13:53:15.777 21560 21573 I art     : Explicit concurrent mark sweep GC freed 1341(78KB) AllocSpace objects, 1(20KB) LOS objects, 23% free, 53MB/69MB, paused 645us total 24.081ms
08-04 13:53:15.786 21560 21573 I art     : Starting a blocking GC Explicit
08-04 13:53:15.810 21560 21573 I art     : Explicit concurrent mark sweep GC freed 20(704B) AllocSpace objects, 0(0B) LOS objects, 23% free, 53MB/69MB, paused 564us total 23.510ms
08-04 13:53:15.819 21560 21573 I art     : Starting a blocking GC Explicit
08-04 13:53:15.843 21560 21573 I art     : Explicit concurrent mark sweep GC freed 3(96B) AllocSpace objects, 0(0B) LOS objects, 23% free, 53MB/69MB, paused 558us total 23.352ms
08-04 13:53:15.852 21560 21573 I art     : Starting a blocking GC Explicit
08-04 13:53:15.875 21560 21573 I art     : Explicit concurrent mark sweep GC freed 3(96B) AllocSpace objects, 0(0B) LOS objects, 23% free, 53MB/69MB, paused 549us total 23.091ms
08-04 13:53:15.884 21560 21573 I art     : Starting a blocking GC Explicit
08-04 13:53:15.908 21560 21573 I art     : Explicit concurrent mark sweep GC freed 3(96B) AllocSpace objects, 0(0B) LOS objects, 23% free, 53MB/69MB, paused 599us total 23.328ms
08-04 13:53:16.191 21560 21599 I art     : Starting a blocking GC Explicit
08-04 13:53:16.214 21560 21599 I art     : Explicit concurrent mark sweep GC freed 1341(78KB) AllocSpace objects, 1(20KB) LOS objects, 23% free, 53MB/69MB, paused 523us total 22.407ms
08-04 13:53:16.223 21560 21599 I art     : Starting a blocking GC Explicit
08-04 13:53:16.246 21560 21599 I art     : Explicit concurrent mark sweep GC freed 20(704B) AllocSpace objects, 0(0B) LOS objects, 23% free, 53MB/69MB, paused 540us total 22.255ms
08-04 13:53:16.254 21560 21599 I art     : Starting a blocking GC Explicit
08-04 13:53:16.275 21560 21599 I art     : Explicit concurrent mark sweep GC freed 3(96B) AllocSpace objects, 0(0B) LOS objects, 23% free, 53MB/69MB, paused 516us total 20.801ms
08-04 13:53:16.285 21560 21599 I art     : Starting a blocking GC Explicit
08-04 13:53:16.306 21560 21599 I art     : Explicit concurrent mark sweep GC freed 3(96B) AllocSpace objects, 0(0B) LOS objects, 23% free, 53MB/69MB, paused 503us total 20.856ms
08-04 13:53:16.314 21560 21599 I art     : Starting a blocking GC Explicit
08-04 13:53:16.336 21560 21599 I art     : Explicit concurrent mark sweep GC freed 3(96B) AllocSpace objects, 0(0B) LOS objects, 23% free, 53MB/69MB, paused 521us total 21.229ms
08-04 13:53:17.581   918  3188 I hubconnection: sensorhub said: 'set_bias 3: -6.2400, 0.0000, 0.0000'
